{"code":0,"message":"ok","data":[{"id":"1135c6f1-ddcb-4588-8080-15916678fccc","tenantId":"tenant-1","code":"20260508-0001","projectId":"697346b3-3781-427e-a016-59a40a9f4ecd","ownerId":"0a0b633a-f276-4366-94bc-a421717fd795","creatorId":"0a0b633a-f276-4366-94bc-a421717fd795","content":"这是跟进记录这是跟进记录这是跟进记录这是跟进记录","method":"微信","contactId":"e052cbff-04a4-43c1-8d81-25d8f3d2dc1e","attachment":"[{\"name\":\"ChatGPT Image 2026年5月11日 10_01_23.png\",\"data\":\"data:image/png;base64,iVBORw0KGgoAAAANSUhEUgAABNUAAAT4CAIAAACwhmOtAABnL2NhQlgAAGcvanVtYgAAAB5qdW1kYzJwYQARABCAAACqADibcQNjMnBhAAAAZwlqdW1iAAAAR2p1bWRjMm1hABEAEIAAAKoAOJtxA3VybjpjMnBhOjBmOThkZTcxLTg1YWItNDY3Zi04ZTVkLTMwODdmNDI3MzYzNwAAABblanVtYgAAAClqdW1kYzJhcwARABCAAACqADibcQNjMnBhLmFzc2VydGlvbnMAAAAJ0Wp1bWIAAAA7anVtZEDLDDK7ikidpwsq1vR/Q2kTYzJwYS5pY29uAAAAABhjMnNoP0yFFGPb69FBfLbWmBDilQAAABdiZmRiAGltYWdlL3N2Zyt4bWwAAAAJd2JpZGI8c3ZnIHdpZHRoPSI3MTYiIGhlaWdodD0iNzE2IiB2aWV3Qm94PSIwIDAgNzE2IDcxNiIgZmlsbD0ibm9uZSIgeG1sbnM9Imh0dHA6Ly93d3cudzMub3JnLzIwMDAvc3ZnIj4KPHBhdGggZD0iTTUwOC43NDkgMzE3LjM5OUM1MTYuNzc3IDI4Ny4zMTQgNTA4Ljk5MSAyNTMuODg0IDQ4NS4zODkgMjMwLjI4MkM0NjEuNzg4IDIwNi42ODEgNDI4LjM2IDE5OC44OTUgMzk4LjI3MyAyMDYuOTIzQzM3Ni4yMzEgMTg0LjkyOCAzNDMuMzkgMTc0Ljk1NiAzMTEuMTQ4IDE4My41OTZDMjc4LjkwNiAxOTIuMjM0IDI1NS40NSAyMTcuMjkyIDI0Ny4zNiAyNDcuMzYxQzIxNy4yOTEgMjU1LjQ1MSAxOTIuMjMzIDI3OC45MSAxODMuNTk1IDMxMS4xNDlDMTc0Ljk1NyAzNDMuMzkxIDE4NC45MjcgMzc2LjIzMiAyMDYuOTI0IDM5OC4yNzRDMTk4Ljg5NiA0MjguMzU5IDIwNi42ODMgNDYxLjc4OSAyMzAuMjg0IDQ4NS4zOTFDMjUzLjg4NSA1MDguOTkyIDI4Ny4zMTMgNTE2Ljc3OSAzMTcuNDAxIDUwOC43NUMzMzkuNDQyIDUzMC43NDUgMzcyLjI4NiA1NDAuNzE3IDQwNC41MjUgNTMyLjA3OUM0MzYuNzY3IDUyMy40NDEgNDYwLjIyMyA0OTguMzg0IDQ2OC4zMTMgNDY4LjMxNUM0OTguMzgzIDQ2MC4yMjQgNTIzLjQ0IDQzNi43NjYgNTMyLjA3OCA0MDQuNTI2QzU0MC43MTYgMzcyLjI4NSA1MzAuNzQ3IDMzOS40NDMgNTA4Ljc0OSAzMTcuNDAyVjMxNy4zOTlaTTQ3MC44OTkgMjQ0Ljc3NkM0ODYuODkyIDI2MC43NyA0OTMuNDg4IDI4Mi42MDEgNDkwLjY4NyAzMDMuNDEyTDQxNS41NzcgMjYwLjA0NkM0MTIuNDExIDI1OC4yMTggNDA4LjUwOSAyNTguMjE4IDQwNS4zNDUgMjYwLjA0NkwzMTcuNDAxIDMxMC44MlYyNzcuNTI2QzMxNy40MDEgMjc1LjE5MSAzMTguNjUyIDI3My4wMDUgMzIwLjY3NiAyNzEuODM3TDM4Ny42NDQgMjMzLjE3NEM0MTQuMTc4IDIxOC4zNTMgNDQ4LjM0NiAyMjIuMjIzIDQ3MC45MDEgMjQ0Ljc3Nkg0NzAuODk5Wk0zNTcuODM3IDMxMS4xNDRMMzk4LjI3NSAzMzQuNDkxVjM4MS4xODVMMzU3LjgzNyA0MDQuNTMyTDMxNy4zOTggMzgxLjE4NVYzMzQuNDkxTDM1Ny44MzcgMzExLjE0NFpNMjY0Ljc3NiAyNjkuNjkzQzI2NS4yMDcgMjM5LjMwNSAyODUuNjQ0IDIxMS42NDkgMzE2LjQ1MyAyMDMuMzkzQzMzOC4zIDE5Ny41NCAzNjAuNTA1IDIwMi43NDQgMzc3LjEyNyAyMTUuNTczTDMwMi4wMTQgMjU4LjkzN0MyOTguODQ4IDI2MC43NjQgMjk2Ljg5OCAyNjQuMTQ0IDI5Ni44OTggMjY3Ljc5OFYzNjkuMzQ2TDI2OC4wNjUgMzUyLjY5OUMyNjYuMDQzIDM1MS41MzEgMjY0Ljc3NiAzNDkuMzUzIDI2NC43NzYgMzQ3LjAxN1YyNjkuNjkxVjI2OS42OTNaTTIwMy4zOTEgMzE2LjQ1NEMyMDkuMjQ0IDI5NC42MDggMjI0Ljg1NCAyNzcuOTc4IDI0NC4yNzYgMjY5Ljk5OVYzNTYuNzNDMjQ0LjI3NiAzNjAuMzg0IDI0Ni4yMjYgMzYzLjc2MyAyNDkuMzkyIDM2NS41OTFMMzM3LjMzNyA0MTYuMzY1TDMwOC41MDMgNDMzLjAxM0MzMDYuNDgxIDQzNC4xODEgMzAzLjk2MSA0MzQuMTg4IDMwMS45MzkgNDMzLjAyTDIzNC45NzEgMzk0LjM1N0MyMDguODY4IDM3OC43ODkgMTk1LjEzOCAzNDcuMjYxIDIwMy4zOTEgMzE2LjQ1NFpNMjQ0Ljc3NSA0NzAuOUMyMjguNzgxIDQ1NC45MDYgMjIyLjE4NiA0MzMuMDc1IDIyNC45ODYgNDEyLjI2NEwzMDAuMDk2IDQ1NS42M0MzMDMuMjYzIDQ1Ny40NTcgMzA3LjE2NCA0NTcuNDU3IDMxMC4zMjggNDU1LjYzTDM5OC4yNzMgNDA0Ljg1NlY0MzguMTQ5QzM5OC4yNzMgNDQwLjQ4NSAzOTcuMDIyIDQ0Mi42NzEgMzk0Ljk5NyA0NDMuODM5TDMyOC4wMjkgNDgyLjUwMkMzMDEuNDk1IDQ5Ny4zMjIgMjY3LjMyNyA0OTMuNDUyIDI0NC43NzIgNDcwLjlIMjQ0Ljc3NVpNNDUwLjg5NyA0NDUuOTgyQzQ1MC40NjYgNDc2LjM3MSA0MzAuMDI5IDUwNC4wMjcgMzk5LjIyIDUxMi4yODNDMzc3LjM3MyA1MTguMTM2IDM1NS4xNjggNTEyLjkzMiAzMzguNTQ3IDUwMC4xMDJMNDEzLjY1OSA0NTYuNzM4QzQxNi44MjYgNDU0LjkxMSA0MTguNzc1IDQ1MS41MzIgNDE4Ljc3NSA0NDcuODc3VjM0Ni4zMjlMNDQ3LjYwOSAzNjIuOTc3QzQ0OS42MzEgMzY0LjE0NSA0NTAuODk3IDM2Ni4zMjMgNDUwLjg5NyAzNjguNjU5VjQ0NS45ODVWNDQ1Ljk4MlpNNTEyLjI4MiAzOTkuMjIxQzUwNi40MjkgNDIxLjA2OCA0OTAuODE5IDQzNy42OTcgNDcxLjM5NyA0NDUuNjc2VjM1OC45NDZDNDcxLjM5NyAzNTUuMjkyIDQ2OS40NDggMzUxLjkxMiA0NjYuMjgxIDM1MC4wODVMMzc4LjMzNiAyOTkuMzExTDQwNy4xNyAyODIuNjYzQzQwOS4xOTIgMjgxLjQ5NSA0MTEuNzEyIDI4MS40ODcgNDEzLjczNCAyODIuNjU1TDQ4MC43MDIgMzIxLjMxOEM1MDYuODA1IDMzNi44ODcgNTIwLjUzNiAzNjguNDE1IDUxMi4yODIgMzk5LjIyMVoiIGZpbGw9ImJsYWNrIi8+Cjwvc3ZnPgoAAAFFanVtYgAAAEFqdW1kY2JvcgARABCAAACqADibcRNjMnBhLmFjdGlvbnMudjIAAAAAGGMyc2jZ3UCY3It9VW+ZDIO/O5P/AAAA/GNib3KhZ2FjdGlvbnOCpGZhY3Rpb25sYzJwYS5jcmVhdGVkZHdoZW7AdDIwMjYtMDUtMTFUMDA6MDA6MDBabXNvZnR3YXJlQWdlbnSiZG5hbWVpZ3B0LWltYWdlZ3ZlcnNpb25ncHJlLTIuMHFkaWdpdGFsU291cmNlVHlwZXhGaHR0cDovL2N2LmlwdGMub3JnL25ld3Njb2Rlcy9kaWdpdGFsc291cmNldHlwZS90cmFpbmVkQWxnb3JpdGhtaWNNZWRpYaJmYWN0aW9ubmMycGEuY29udmVydGVkZHdoZW7AdDIwMjYtMDUtMTFUMDA6MDA6MDBaAAAK22p1bWIAAABJanVtZGNib3IAEQAQgAAAqgA4m3ETYzJwYS5jZXJ0aWZpY2F0ZS1zdGF0dXMAAAAAGGMyc2gPrLcoW4AvdVTtIEx/IPt1AAAKimNib3KhaG9jc3BWYWxzgXkKdE1JSUgwd29CQUtDQ0I4d3dnZ2ZJQmdrckJnRUZCUWN3QVFFRWdnZTVNSUlIdFRDQjZhSVdCQlFjKzFlaXdCdEx4cmVlaTFWMWVqMVVmbVJEWFJnUE1qQXlOakExTURrd01USTBNelJhTUlHWU1JR1ZNRWt3Q1FZRkt3NERBaG9GQUFRVTM0STNVMTVUMkRPeDRBUTlKRFh4ZGViaENoa0VGRGs5RUVmY2w0K3ZpSHROY3hnZHplWHVwS1VxQWhBTHBmenBEbkNNOGdXQU1lNUVIR1J6Z0FBWUR6SXdNall3TlRBNU1ERXlORE0wV3FBUkdBOHlNREkyTURVeE5qQXhNalF6TTFxaElqQWdNQjRHQ1NzR0FRVUZCekFCQmdRUkdBOHlNREUyTURVeE1UQXhNalF6TkZxaEl6QWhNQjhHQ1NzR0FRVUZCekFCQWdRU0JCQUZHNGFnbEMxcGM1amxHM2pSejhMVE1BMEdDU3FHU0liM0RRRUJDd1VBQTRJQmdRQ29jNlZTeGJOVU5aWWlGYTMxeWRERThNWjRrblRFRnIyZGpuVUNIeSt2Q3pDZEdLK2FJdjBGenpUOC9CVmdEcWZ0SE9uQ09ic3VuT1lXZ3poV3ZzQUN1am1qalF2TVRKem4wdGtvL0NyYnNQbGI4K21OUDl5Wkw5TDYyUk02Rk0rNTdpem9lZEppMVFNQWRYRlp3Wm9NQWZTelFxUzhvQmNEQnRyTWhnNjBEWUJEOGFydi9HZUlrTUJ1S1g2U1dwWFNSczFZbnpOR2lQUkhBTi9jYXlLTFpDZ1BpN1dacjZGeTJ5TjhZTnNnWFJwZmtRb3VRV0RlNGxITldDYlBRZWR2bVNzQUE3SVpjYTFzK1JnK29VVmx5KzM5RFBaNVBqbWlvUXdHcTNLVFMrck9LNzJqZTBkc3JyS1drdjQyR3g4NDgyOUlaeVJkSUJUcjJRbnA5RXVkRldXcXFPL1Vwc3BOSmJXbEdnVkY5Qm1tWDFXNHdmenFxTU1pZWliZWRzcm1pcGJUaXovOHJlc0hhMWIzY004ejE3S05rblN0NDd1T1lnMjRaR2txb2ZObEpJM080TEZPTjJNOWF3cC96L2RIWGp3TlExSW9GeHViamp3Sjc0Ymxsd0EzdEp5UWtVTy9ERFJJRlhFWnB1MTl5Zm5vU25XMGdPcDZJakx1T1pHZ2dnVXhNSUlGTFRDQ0JTa3dnZ01Sb0FNQ0FRSUNFR055NnZkY0hFMnhKNlZmZDkyZmRoc3dEUVlKS29aSWh2Y05BUUVMQlFBd1NqRWhNQjhHQTFVRUF3d1lVMU5NTG1OdmJTQkRNbEJCSUVsRFFTQlNNU0F5TURJMU1SZ3dGZ1lEVlFRS0RBOVRVMHdnUTI5eWNHOXlZWFJwYjI0eEN6QUpCZ05WQkFZVEFsVlRNQjRYRFRJMk1ERXdNakl4TVRFMU5Wb1hEVEkzTURFd01qSXhNVEUxTkZvd1RURUxNQWtHQTFVRUJoTUNWVk14RVRBUEJnTlZCQW9NQ0ZOVGJDQkRiM0p3TVNzd0tRWURWUVFERENKVFUwd3VZMjl0SUVNeVVFRWdTVU5CSUZJeElFOURVMUFnVW1WemNHOXVaR1Z5TUlJQm9qQU5CZ2txaGtpRzl3MEJBUUVGQUFPQ0FZOEFNSUlCaWdLQ0FZRUF6NEp2aXlOdDJhcVBaRTMyR0Y3LzRLcHhzcXlPSExMY3BhWEllR1FxbjVvMXJGZXJLSGJEMmx3SG5pYXlGTUxoYUVGMFVTQ1JTZUFZRXNnWThNWFYyM1Qwd2RSemZuZ1VQV2ZvSVR0b09pWW5IYVRrNllpbm50dFpZMGUvSnpmcVBnc1BUaUg4c3NMdnNpS0VZZmYzS3VPdDZRa1VJQ1pYWVdUemFvQ3NmbVU2cm5QZFROMm9hUmM3eFhkWTZkU3R5UFVGbnpTU1Q5MFZFcFIra0UySW9BSlBUNVQzMUhZbkdhWVlwdGpUb3lydDYyRGplVllKQVI5SmxLVmdjOHZDYkVIenozcDVsSzBSOVArUmVPZlRzMXR3Mi9LT2dkd0xpc3hINHFKS3ZCSU11cVZTVldWWlBhZUhnL1Y2dzFMOHpuWDA2SG5Fa1ZyMGM1VExkQnIrZllPTm55QWg5VWYrUTF2UERGNHRybnI2WFFMVVdjMnI1NmxMMk5VWmx3d3MwV01ZdmVvNkhOdjRWMThwV3RMTnJtUlFuc1AwZ0NMVGlxMml1NHR4bmVHNEpiUmVVblhsK3B3c0p3aTF3a3hjTzFETnJLMmdHRUtlZUpMZFpEc3RQclphT3BTSGNJMmFNeXZYN2dwUU15ekY0MjZ3a0Fvb2EzRmR4OVo1NE9ZbkFnTUJBQUdqZ1ljd2dZUXdEQVlEVlIwVEFRSC9CQUl3QURBZkJnTlZIU01FR0RBV2dCUTVQUkJIM0plUHI0aDdUWE1ZSGMzbDdxU2xLakFQQmdrckJnRUZCUWN3QVFVRUFnVUFNQk1HQTFVZEpRUU1NQW9HQ0NzR0FRVUZCd01KTUIwR0ExVWREZ1FXQkJRYysxZWl3QnRMeHJlZWkxVjFlajFVZm1SRFhUQU9CZ05WSFE4QkFmOEVCQU1DQjRBd0RRWUpLb1pJaHZjTkFRRUxCUUFEZ2dJQkFESGx0V3QvZGh2WHd0c3FmZWtmajY3Y215L3YzaDdtZ1hqbk5hYWhVbHNNYm10Y2kzUnBHU29BZ00yV2lPR0diYm5YVnFDVHFXOGludFJXVkNtVTJyOHlMTUtNNmlSVVh6UXExMU5td3I5SDl2L3NuWWRSbmpSQkQ4dGtEMEY0ZmpHc05oeUhUSFVieHBNWnhyUk5BZTBhaC9HQU5mdFFCNC9IVDFvViszRUp2cHBqL3N1SGZvWWhsajhLZ2N4WGgvQlVKbmJkcUtYc2NhMGRsd1E2TjVubzBhWFNJY0NUby90djNrbGsvZG0xV3JBc09yOC92bEtpR0NuVTdiQXVpaXdiU2lNeCtxZXdocmFJbGJEYWtEeDcwbVpCTEs1cUZVdks5MU1DUHBpOWZMTEV0ZWtITkw4VUs1WkpLNmxDTWQ4Vndza3RucFc5RG1XNitYc3llMWpCOGF0V0ppbFFlRHMzQ29RcVFvZmhidlBmZkxzTElGSmZnMzFFbmRqRnNrcTE1Um5RZ01NRThkbkhBWmdnWlpyL2tVZnlyY3Q1VDE5SlFXWEN2QXhQcTFkMGpWdkgySWtZaTZZTjRCcStPWkptejdQNG5OdHltOXdJcU9COC95RE5na1hqUzQ3eFFkaitxWVBTZ3B5U2FYMHVWbkJwaThtNDlITHQrUDBlNnp2TXlPcTFVazhJcVNPVFpTNkJXOTZUQWNVZDJGZVBRTWNpR2xEak9YcUgrc1RCL0NGTGh2eCt2NUxjVDRaamlnVzlYa05FaEZjeUFlRHVpTis0UWhoVHAzclg1UGpaV21tVm55L0V6TWR4R0U3WWo2MVhYUnR0bSt4ODBlOUFFSzd3UXVpejA4a3l4Rk1XYVRuSE51N3luRVQ4UGNMbkF2bm4ybmxreHhVVQAAAMNqdW1iAAAAQGp1bWRjYm9yABEAEIAAAKoAOJtxE2MycGEuaGFzaC5kYXRhAAAAABhjMnNoFiOMyvz03S1nxWrIJ8CGXAAAAHtjYm9ypWpleGNsdXNpb25zgaJlc3RhcnQYIWZsZW5ndGgZZztkbmFtZW5qdW1iZiBtYW5pZmVzdGNhbGdmc2hhMjU2ZGhhc2hYINFWmSBjrOywILQAHf1oebOSBhmo6f/Btyfxsr12KfWpY3BhZEgAAAAAAAAAAAAAAxpqdW1iAAAAJ2p1bWRjMmNsABEAEIAAAKoAOJtxA2MycGEuY2xhaW0udjIAAAAC62Nib3Kmamluc3RhbmNlSUR4LHhtcDppaWQ6ZjljNGFmNTgtZTUwMS00MzlkLTgwOTktOGZkNWVkY2I0OTVldGNsYWltX2dlbmVyYXRvcl9pbmZvpGRuYW1leBhPcGVuQUkgTWVkaWEgU2VydmljZSBBUElkaWNvbqJjdXJseCRzZWxmI2p1bWJmPWMycGEuYXNzZXJ0aW9ucy9jMnBhLmljb25kaGFzaFggtyDp95PcRZT8jMhbUqt6sXnagB0Tjpm8J/RUtl1kwsF3b3JnLmNvbnRlbnRhdXRoLmMycGFfcnNmMC43OS4ya3NwZWNWZXJzaW9uZTIuMi4waXNpZ25hdHVyZXhNc2VsZiNqdW1iZj0vYzJwYS91cm46YzJwYTowZjk4ZGU3MS04NWFiLTQ2N2YtOGU1ZC0zMDg3ZjQyNzM2MzcvYzJwYS5zaWduYXR1cmVyY3JlYXRlZF9hc3NlcnRpb25zhKJjdXJseCRzZWxmI2p1bWJmPWMycGEuYXNzZXJ0aW9ucy9jMnBhLmljb25kaGFzaFggtyDp95PcRZT8jMhbUqt6sXnagB0Tjpm8J/RUtl1kwsGiY3VybHgqc2VsZiNqdW1iZj1jMnBhLmFzc2VydGlvbnMvYzJwYS5hY3Rpb25zLnYyZGhhc2hYIBJlqEHMyxrOV5F1AFOuVbJxR2ESTMutakfNb247kDSvomN1cmx4MnNlbGYjanVtYmY9YzJwYS5hc3NlcnRpb25zL2MycGEuY2VydGlmaWNhdGUtc3RhdHVzZGhhc2hYIHpMMyxKnwqt0NwjtwsBDK53pTw4Au94t/+vzRVdTxx4omN1cmx4KXNlbGYjanVtYmY9YzJwYS5hc3NlcnRpb25zL2MycGEuaGFzaC5kYXRhZGhhc2hYIIEd3Ovmp8a2VoAdPGglvf0IEcm2C8aVEAvWGgSOQEW0aGRjOnRpdGxlaWltYWdlLnBuZ2NhbGdmc2hhMjU2AABMu2p1bWIAAAAoanVtZGMyY3MAEQAQgAAAqgA4m3EDYzJwYS5zaWduYXR1cmUAAABMi2Nib3LShFkRg6IBOCQYIYNZBYgwggWEMIIDbKADAgECAhALpfzpDnCM8gWAMe5EHGRzMA0GCSqGSIb3DQEBCwUAMEoxITAfBgNVBAMMGFNTTC5jb20gQzJQQSBJQ0EgUjEgMjAyNTEYMBYGA1UECgwPU1NMIENvcnBvcmF0aW9uMQswCQYDVQQGEwJVUzAeFw0yNjA0MjIxNTUxMDVaFw0yNzA0MjMxNTUxMDRaMEcxCzAJBgNVBAYTAlVTMRkwFwYDVQQKDBBPcGVuQUkgT3BDbywgTExDMR0wGwYDVQQDDBRPcGVuQUkgTWVkaWEgU2VydmljZTCCASIwDQYJKoZIhvcNAQEBBQADggEPADCCAQoCggEBAJ26ahRMTQKX6oGJthbRvl5YThMDcqGZ32kUcXzlISPTgR+iNZxMoxJKPO9uK7/mZK7XhEtpJFpjz+p2CpCyZdt8ATyN4f7BBTN3ryfeOyA6tA9jh5gbzU2cGr+0fzMRRKpUMDdGuAf9mnlEC3NXVaMDYxF8HRLdrFgv5nqu3qWYwxOTTkjwWvjgfKSSS9VsusrCBSrIkr511JRntVcNqmqabTAwLNdVYYxq0lO2AHgdXkVDnk6SowOA8a9b0bLr/osZ7xa61zcJlatkLZnJh5r4HL8u0OdjgJYamnmgN5M2ozXJSMksmGMF6USbNR6suQinU2wdnGhzyAoeOcwGSfMCAwEAAaOCAWcwggFjMAwGA1UdEwEB/wQCMAAwHwYDVR0jBBgwFoAUOT0QR9yXj6+Ie01zGB3N5e6kpSowbwYIKwYBBQUHAQEEYzBhMDkGCCsGAQUFBzAChi1odHRwOi8vY3J0LWMycGEuc3NsLmNvbS9TU0wuY29tLUMyUEEtSS1SMS5jZXIwJAYIKwYBBQUHMAGGGGh0dHA6Ly9vY3NwLWMycGEuc3NsLmNvbTAXBgNVHSAEEDAOMAwGCisGAQQBg+heAQEwKQYDVR0lBCIwIAYIKwYBBQUHAwQGCCsGAQUFBwMkBgorBgEEAYPoXgIBMB0GA1UdDgQWBBTznRBN1A3LnXL4Rgp2GEelG2hPdDAOBgNVHQ8BAf8EBAMCBsAwGQYJKwYBBAGD6F4DBAwGCisGAQQBg+heAwowMwYJKwYBBAGD6F4EBCYMJDAxOWJjNDAzLTVjZDctNzY2OS1hZmU2LWZkYjE3MTc3ZDQyODANBgkqhkiG9w0BAQsFAAOCAgEAgjiXbGUfoTcAG/H57Rp0utWmWx419WdsGs8rZmlAzfX80nJW38qVKOr4ZhjeQkM9+AV4oGgeKBmJrbXuf/z1MtKMuF/nbIBu61t8l1sw5xMPLkK4A8Zwmv7+IAmsNUbVoAiMSUWAw7qSH1XHBFoVnW/S69h5m5Y6vEQSkDQFFTR99EGlM5cvLmxRUgptPUmwFcvHhlgRB8zc7p4u6cYHObgzXCDaEu4AVzNULnAoSiUpT5J8LtL6HN1nLnroUHg5UbqDOtqIfpAjkJL1Ylia5cKoc4aexdhx6e8YXGR7ke4PNy92mHhWZOdvQtEQfZIBvIUWam9tGWSF2P8ilu2577LQXBoFhH1oXTVbS7HFaUgWeQbmaI6gxGGYOkz4wCR55aZo4O8Z/daQ1i4tQQxkdRBWX5OUtqGcigIaPLbA6G3zxUPndixoF6Ty5suLiJUW6BF7FSpyJIEQPSHGY20vJYCjmVuqKaX9R+rh92vlBPtbUCZtK6GCXTH13WKofDID3EzHpSxyMFCAV5MGguLorrOnCH+vWTSuEHLvKp2ueKziM+xTtcmZ0iioKjehTqv8zH5YmydtReG0KgecBL0FMFehMS4gLsniyBBU26GSFk++JDWY/i8FadwbuE3j3gcvGuhs9cGK4tP+cnfTE6gr1FeXrgwLBofYAAQBvpO2EolZBlMwggZPMIIEN6ADAgECAhQnK2PIzB1NLZuEUXJs9JxeMlGu3jANBgkqhkiG9w0BAQsFADBPMSYwJAYDVQQDDB1TU0wuY29tIEMyUEEgUlNBIFJvb3QgQ0EgMjAyNTEYMBYGA1UECgwPU1NMIENvcnBvcmF0aW9uMQswCQYDVQQGEwJVUzAeFw0yNTEyMjIxODE3MzBaFw0zMDEyMjExODE3MzBaMEoxITAfBgNVBAMMGFNTTC5jb20gQzJQQSBJQ0EgUjEgMjAyNTEYMBYGA1UECgwPU1NMIENvcnBvcmF0aW9uMQswCQYDVQQGEwJVUzCCAiIwDQYJKoZIhvcNAQEBBQADggIPADCCAgoCggIBAMs6tM24nMsWKVa4eace+Gv2+diPcsOmmBMarQMqQdphHi5HCFK9HnRRvl0E7HqCtsD7+g/oJ6WL6P5i8wxg8QNfSBrKcwF/c5XkGU5uzE56Nd5YEeHXghfc0hZHQ3eb30gZiHmfozmkWU5e4E4LR5fydULXdj22f6Qi3O0Hxm8f1HJGjNZRx7W3evKT+SMn1YACElB1inCgaOnnvIQofJwq6impwC/+yXYRGUZVsC9j6n2e9BWwRKRA3kA2XESKVGtXSP+7EW+k1eqOwh7XfNi8zmm/oB8ATZNFO5kuedLPAZ6fKbtG2RR4YzCWM1GcXpNt+uU0Slh4sylsXXy4dRuVPJl3IXvYtErr2s3HCArWBMmi3q6Xs7ZRltqSm8Oyu1DE/rakTAOVXS2Sak9i5eAq92mgG5wE1bmTANrRu14OCA5PCMYLr/kpTNDJBOzr87JxUHt2J2iR+VCIuHc12M2h4dfTKedKxodUWSTCZ7JtBwk127rOGLhGpeALi9rhp59qzmAW0hASxPfB3hlzeVXgcLTv6szH/nYciU5mCmmILRDtw0aiKuR/jNQSnFdGLVgYYtXKqPp++MLZYWoWyzVdoJOjsmWoL+3vmOf8frpI9KqhcfyTr3/qp04Yc4hp1ULA+YSShU8Qy1SzPTr43SllEXnKQ56WuIdYliHv0ZF7AgMBAAGjggEmMIIBIjASBgNVHRMBAf8ECDAGAQH/AgEAMA4GA1UdDwEB/wQEAwIBBjApBgNVHSUEIjAgBggrBgEFBQcDBAYIKwYBBQUHAyQGCisGAQQBg+heAgEwHQYDVR0OBBYEFDk9EEfcl4+viHtNcxgdzeXupKUqMBcGA1UdIAQQMA4wDAYKKwYBBAGD6F4BATAfBgNVHSMEGDAWgBT8Kkp1OoD6mWOT8HNX7L6TsH3DezB4BggrBgEFBQcBAQRsMGowJAYIKwYBBQUHMAGGGGh0dHA6Ly9vY3NwLWMycGEuc3NsLmNvbTBCBggrBgEFBQcwAoY2aHR0cDovL2NydC1jMnBhLnNzbC5jb20vU1NMLmNvbS1DMlBBLVJvb3QtMjAyNS1SU0EuY2VyMA0GCSqGSIb3DQEBCwUAA4ICAQDONvo+7w+WNi2OrxFVZv97fwMrDQBrVvXLrR69KoGtpabQTaM+FJPkkxEMadXkjKhu5jdUCBbiJZzsZWYoPDM9ohqaorvNZ2RK5750IQShbsOrJsQ7LNpVuf1HTgTgjXibN4PEdDvFR2HvbUFypNtdQ1PJlk7lHeAEOt+o3S7Rr1iX1uf0XwRyIzxrzwu9OQGrBoyTqI+nD3ZZPuEEkvX32ftGYgWrbm7UiEagsy8qal+lTtr41PzM2aM8qXdFGwrB+Zi5OcvMoXHAKoIScdPk9iXiUSFt1hXf5FONb0p9F45ewLoM1Q53eSGBes7t9xwdm462sopCVp2Pa0EqDv5rnIvuGqMoz1/z6dBkHtbuwolLGOuSz/WvwicFTbiRoTclmeb9gNz0vMc3e760AS1nWPAv58Ozi3HlRAN6MLalsnU+WyN+O9NUpjq5x8wOHDMV1Wo1eoF2fy/+V9pp+Aw+P+9UjwGLe0bDY576H+3Efy9whCv2VoL0p8sk12xeJHs6valYOxgRabOcj9JwdP+Lbia7w6tFx1MFlpxHtcZGq171/IiLGWijNQ/lfGqVZbWr67n/urjgm0pHss7sFS+JAn0V7q+cDE3Eyc4B9TI9j/cmNAv+Iot67fleXmdfURRb2yRW+9FZobfeFppmCbbRhi76B31+lXmbRGZ8NoX29VkFmDCCBZQwggN8oAMCAQICFBMXrIZKvxEq3rFhKt2FnBFE5sb6MA0GCSqGSIb3DQEBCwUAME8xJjAkBgNVBAMMHVNTTC5jb20gQzJQQSBSU0EgUm9vdCBDQSAyMDI1MRgwFgYDVQQKDA9TU0wgQ29ycG9yYXRpb24xCzAJBgNVBAYTAlVTMCAXDTI1MTEwNzE2MjcxM1oYDzIwNTAxMTAxMTYyNzEzWjBPMSYwJAYDVQQDDB1TU0wuY29tIEMyUEEgUlNBIFJvb3QgQ0EgMjAyNTEYMBYGA1UECgwPU1NMIENvcnBvcmF0aW9uMQswCQYDVQQGEwJVUzCCAiIwDQYJKoZIhvcNAQEBBQADggIPADCCAgoCggIBANOy18dOQIH2ZxegjzM6T8APrxsX6otj8N/4L4QHuFHc5mrErrQkSvbCuug2WLWuAG2D0tP9iE6KqNZ993/f165kOtrjN1wMil34PFFlGo9lrMgN3SMWOZfNAdEtBF9FdR6T+soMNSA3yfyipJJ5/9KNeM5jZEcy6akAzjKC+LPpJYvDbZBDhvDPDax+UCQjUS+5TdAxvE70WtdGX8MsZ3eMsPQ09h1iSJ4wvh8MPUGbmv7um08tKRR1dL1QoCkLj7W1/G+tPffLeG+eraxnrFmqVHnyBLuhh9QpELu54bJNUX+ffrj79TUCzpu8G8oIR7UENNG2kf+vO6+/6l8US1dQhTR95wIBXx5A/DdOxlkuQtTjppFD63Nn/bXSljielEgyQjl9Q5E3nqPUYMEiXy7ng7QDqdfXZQaNlFu/QNjBjelSNdfQ6FtOFVI8ZjxyyFrbdPGUUx87zdiNgwN4nOVreKYEi1w2es7ZRV+GOp18FRXVmnvc8C6ZvbbbBeH3qS8jwFE7k/ZtI/6HkLdypssSLpGA/CNT4kkOmAyyIlhWXGAvCzMomJkBF+rKbBPiBd+5cdp2dThfgwDkgmGGpmceh2EoYDeMzdUGEzCXcW8+SYEUyCIqFXSU6nhf+RrEhj+n/RMpvDQ/Yy0M5vDARDH75QIMNKtYnjdkPSDUjd6jAgMBAAGjZjBkMBIGA1UdEwEB/wQIMAYBAf8CAQIwDgYDVR0PAQH/BAQDAgEGMB0GA1UdDgQWBBT8Kkp1OoD6mWOT8HNX7L6TsH3DezAfBgNVHSMEGDAWgBT8Kkp1OoD6mWOT8HNX7L6TsH3DezANBgkqhkiG9w0BAQsFAAOCAgEAQKpEfY+cCrNE+3vYB01FpSwJ5Fi8mSOwLhKF4psieznMtRMGcrt0w2downnCzVxDZ1MI7imhJv/LAsM61aqccyIJEtY1S7lVEZa49vmqU/+8AcPCwijGenA4UCVdwNfvYcgnOaM5BNS4HCX1hC6wVngbo/K1iwH9Aw4LcGhA+50vXPT/FIK8R2EzHtgB1hH3M1wYq8ebm6TWqJEdFtNWknV2ve6IaEvmZitG8b5lgroCOLX7MqbFZZVdog/b/wTywlRz/u6LedtJhNtVnUCg+vTOeFfCgKn5jaBuiN0wdhHCidDaSiNM1p4kl9OTQ67+9CDbvrwCPErKP5kTB6bqNN/9Ik5t8/CeAAo8D9O9VNEd8Ao08TfM9veRMDn9fyUB+YdJ45Gq8RbFrJxybVsBN5BhImzt4rwdlNxcktaLDdGxAOF+QknjBRgyRQl1QdJePynhxzUZNwxFY6+Xc3MLfwtgy4/VbmnlhFrlWwN/zw0fzJ2cw7T49U1S7MBpFisBvgMiWh5C8rGQ9CCsC+EmRhgkb8isPhuRqNL7x1clDDx6lUwQKcWPZabemm7MjD3UZ3/sNLXRZYQndq2rkQNB1+yWecap2I5H5NJuzKaGrgrEEfbnSb7+R6TL+8LyUXIX+tv6T54yyoTf3cfS0fxFagT2zzIanczujm0HalCc1z2jZ3NpZ1RzdDKhaXRzdFRva2Vuc4GhY3ZhbFkUjDCCFIgGCSqGSIb3DQEHAqCCFHkwghR1AgEBMQ8wDQYJYIZIAWUDBAIBBQAwgYgGCyqGSIb3DQEJEAEEoHkEdzB1AgEBBgorBgEEAYO/MAEBMDEwDQYJYIZIAWUDBAIBBQAEIK4N8psWMmw7Is6oJ5ctzX7/1vdRC4aLqNrBcG72ONvGAgkAo80ZdShm5RYYFjIwMjYwNTExMDE1OTQ3LjYzNTM1N1owA4ABAQIJAMk7+RkqLQA7oIIQZjCCBPYwggNeoAMCAQICFGHbRigyioyNSga3v/5g4wJsP3G3MA0GCSqGSIb3DQEBCwUAMHsxCzAJBgNVBAYTAlVTMQswCQYDVQQIDAJDQTEWMBQGA1UEBwwNU2FuIEZyYW5jaXNjbzEZMBcGA1UECgwQT3BlbkFJIE9wQ28sIExMQzEMMAoGA1UECwwDVFNBMR4wHAYDVQQDDBVPcGVuQUkgVFNBIElzc3VpbmcgQ0EwHhcNMjYwNDA4MTc0NjI2WhcNMzcwNzA5MTc0NjI2WjB1MQswCQYDVQQGEwJVUzELMAkGA1UECAwCQ0ExFjAUBgNVBAcMDVNhbiBGcmFuY2lzY28xGTAXBgNVBAoMEE9wZW5BSSBPcENvLCBMTEMxDDAKBgNVBAsMA1RTQTEYMBYGA1UEAwwPT3BlbkFJIFRTQSBMZWFmMIIBojANBgkqhkiG9w0BAQEFAAOCAY8AMIIBigKCAYEA6srFrZT98P0nn8d4p2EEyv8OKWEq+6GIzV+oopedDokvi5HIH7ywlpA9CBxVgsGWjjZqFa2JaeiQ2yxEMoOoCs135TXo7qhkW/644I6d5wIgoSjDNd2nEDfpIvcJTZeatIRzwC58qVBHKKC08Gkf8LCHKXpZ/g8UFDVC+dlpUhdKIDfyaMwP8S23gpYgG0sRDkYSXD2kFIa4S0VmOKJOTSfKlbp1DMxOh2qfdMMgFQUBJF8NxH5crv4d8x8Lle0Akd889YabKhJeDtYPHNDdyfoNyE3DyYRaGEks5DhzGmBSuEzuxvO3ttjdaqnOILpd1sRcNRBk8gMjEVM/Yo5lBRFdcCvUyWsJgUVS6BpX7VpGXdpddpwleRBog1GkmIR1kXKYVf/Y40Nise1pZydBvMWP8moHK4NJ6OEtGDQOuzkHr2e9tJUeyAKyvUVnzXIBiJRfVUsGLK2v7aX0JK93Az6DimRRj5GMDDmWS7A9rvoEmaE+GIw98L4XNqEu9WO1AgMBAAGjeDB2MAwGA1UdEwEB/wQCMAAwDgYDVR0PAQH/BAQDAgbAMBYGA1UdJQEB/wQMMAoGCCsGAQUFBwMIMB0GA1UdDgQWBBSkJ1SCooqAez3Fhs0/cNnCg5lReDAfBgNVHSMEGDAWgBTyFPCwxxdUPSNDhdzKc9BygD24qDANBgkqhkiG9w0BAQsFAAOCAYEAIPskT0HAwLyYsjISIBCNIJlINRJPxEZWfqc+P7alI/kqSD7gUZ0fRUB4wbuDTpNQyZsnlmjfTc7y9hzSeavv6sEf2j/1mFkI5nDNifTuR4uqy+z/jH4U4UbYkeacuB7kNEb/YdJ4+H04OeNS7RtfZuhzwAByO+Soq46GGyqjNyH5O997XFTYTMdqKkt/z0N0YAWAc6PJ0Xevh6n9tbGEam6/iCrOmqGaq6KegkgHDDfFAmNRl9tSfG8eZ8lpCELVz/X7rRtei5Di4Ah5PC4bE4NqnqXoJUGPhRAB7eQYwaA6jf6dUlAa74fe4WTNVfkhIN+2Ke+fJ27RujRGq0oiT+diFXfdRSPdYS3CMSmPxLl+eQIGq7RX1MHszx0G4Vx7ZUmwGetNq6THJ0BOprS1j898w7RDp3bTXjBj7qgXrjUodGSrWjXjWy86Pk4KYdYwTUOb/04uxiG5PjosIBlXMHVqjmRLotAJ0RbXoGcmQW1n+ANwdrglJlb5kSYnw0tJMIIFfjCCA2agAwIBAgIUBI0EysbFC8XaGbC88U4RlaXqvBkwDQYJKoZIhvcNAQELBQAweDELMAkGA1UEBhMCVVMxCzAJBgNVBAgMAkNBMRYwFAYDVQQHDA1TYW4gRnJhbmNpc2NvMRkwFwYDVQQKDBBPcGVuQUkgT3BDbywgTExDMQwwCgYDVQQLDANUU0ExGzAZBgNVBAMMEk9wZW5BSSBUU0EgUm9vdCBDQTAgFw0yNjA0MDgxNzQ2MjZaGA8yMTI2MDQwOTE3NDYyNlowezELMAkGA1UEBhMCVVMxCzAJBgNVBAgMAkNBMRYwFAYDVQQHDA1TYW4gRnJhbmNpc2NvMRkwFwYDVQQKDBBPcGVuQUkgT3BDbywgTExDMQwwCgYDVQQLDANUU0ExHjAcBgNVBAMMFU9wZW5BSSBUU0EgSXNzdWluZyBDQTCCAaIwDQYJKoZIhvcNAQEBBQADggGPADCCAYoCggGBAIm81LniyKELvmG73jxkZn6nvpxtENOpMAcmPAT04GsgOd+VNO2pomUISNs3hjKDjswKSqDA8zRsoMCYzSufpfTLfNkPJt5+yU2i72Nbkeb2WajSAfpO+dk4K1oOzWBamIGYqNdTxuMZ1i5IrENXCemU8kf5bEWKFWC3964vXqI1ToU4hWmfNJ3QTdhDPc00bfxjk/zTcLtK6Hboak5mSaDt/PgYvu+aF7eod6zvtzjMudQqM8R2D9ZAEXfL/sddFy1A096LPMAY1kAUQZnLlD8sfQBrUvyeylC3CUdFFeEFI1X6sU9vVJiV9H26+GjhIhx63IqRQ4sVti4SQ7FiHKC+yiSOLu+/pNFN6Lg/Mc8mPcUAUOry2SQgZO3Vc54ucHiq3lY8BfnUgKLora/2+6ijXMtoq0TbMHfyxDR0a1Vtxof78jI8nnEORRP37FAP+/7WBDEmu9DETWHiQtuvwytuXysZG+bisO+NXETNH8BzfY+i6b1tgrwlZYQIMGntFQIDAQABo3sweTASBgNVHRMBAf8ECDAGAQH/AgEAMA4GA1UdDwEB/wQEAwIBBjATBgNVHSUEDDAKBggrBgEFBQcDCDAdBgNVHQ4EFgQU8hTwsMcXVD0jQ4XcynPQcoA9uKgwHwYDVR0jBBgwFoAUWMJAoDxHdiuo5m6okZaOlsi32eQwDQYJKoZIhvcNAQELBQADggIBAJLsN1zebOtk2q6hEQkwcq7ccgj1O7wPej3WxuEv9oMzfegfV0AYTkyZqmvUmdkUi9tr1kz4ytBZM9OhoDhcI4hEJPuH4faTBie8oe1MX2dd/zWrMdLsexHUQEM3T8KEG5y6ZMgPsKIdfpo2+OHQgrNQQ7LgVb2AlMhZUk5KdN5dx0VYm7f6MKo73Ee81S4suTgYYyx5WrfdVa09Qt+IA8/xaP5zANRat94kApeRwOdn/tymCvOlRhGzURx/Es+Nr1/jGMi4QMa94/nWS3HQZF3lZMJLwF530T3HW54Vz3v9lJTnAUsIUdr7ZPSrEfA1lPH2vn4rDt2ymj1Q3VDDlmSObasMc58oBjsEd9CX7W9FT7EzLl9G64O2qWEfvNeCrviAb8LjaRUw5m18OkSSKwaYLa/cNMG+pSpI54fI3jgMtQQMM8rjhFBw8bIeS96NT/aRGdxfhfrx5tHXyqfutJ/2IXgpgfDjcFh3ARCGpDpLl4NG6NrCanbJqRLLIRwPRb5lsaCGLoC8WUtNm0MfbbTXhOD88NXIYZANQ44Tap3D8SE8hF0G/jvW2CM5RQtfHXEN+jL9oICVRLVPAOXDdP3iTodyhvTwUQGHHgi91LUrNWwGEJKkO2tqnbr9wDsHnHbCDNUYOX9J2uOUHD5QCGrXTOKJYZ3v68/Fw0BucHo4MIIF5jCCA86gAwIBAgIUE1A7bImM8CQDMyyP90+O+32C7BswDQYJKoZIhvcNAQELBQAweDELMAkGA1UEBhMCVVMxCzAJBgNVBAgMAkNBMRYwFAYDVQQHDA1TYW4gRnJhbmNpc2NvMRkwFwYDVQQKDBBPcGVuQUkgT3BDbywgTExDMQwwCgYDVQQLDANUU0ExGzAZBgNVBAMMEk9wZW5BSSBUU0EgUm9vdCBDQTAgFw0yNjA0MDgxNzQ2MjVaGA8yMTI2MDQwOTE3NDYyNVoweDELMAkGA1UEBhMCVVMxCzAJBgNVBAgMAkNBMRYwFAYDVQQHDA1TYW4gRnJhbmNpc2NvMRkwFwYDVQQKDBBPcGVuQUkgT3BDbywgTExDMQwwCgYDVQQLDANUU0ExGzAZBgNVBAMMEk9wZW5BSSBUU0EgUm9vdCBDQTCCAiIwDQYJKoZIhvcNAQEBBQADggIPADCCAgoCggIBAPaS6dIUuq2e4RqsdahWG9iqsbNqkl+WefWStxQtJPi/wBqvYL7Bms15mtxsmv42msGYFqQ/5CyduqWlUHOzCsL5GvPESS94vdLsvOc/9JvRGg/yoGGiLIklylEGERf5JRCc0sYv9InEQRIO/iYe0201zey7NWBAqIVRvvbukJjxKtidehBratku2WPz5RRcKcWGIsGKHGjN6zieqVCWWyND+zj/Qnw7OqFRLyXJSNwx/1By7vB8oXfNGG+BYfM/v27o0huxpgg25Gsy+/53qF6bXN3dMZBMjmX/FoHLQc4oMVPKGEPOSARufdZkFrMpEOS0Ljq3VFpyVlfzqGp9Hu/mYR/dZcgOSAlJmTJ08AqizN2TAFOsI72ChSCx777tHaF3AO46RjOinuyv6QYxZrRmb7KJk6B+lQ4PIc5B+F7wjunNucDVM1140NAnMc9QMHJzHR7aasLAk8+t3A9kh/b7CE6IdvU+7/+SLJl3Lgv2BtyYtp0JAzr99BoJx49fWul+SA0JK7UeioMbBPJbFTwsEAOvkaKdQbdSaNENERoZv7DA2k9gve4pqu2HjXFcKIyNiKMlFGNF2AX8e2GPbEZUOxhcybCCr4PIsSM/HJ8aW+6i11S1KlOuu4XbpvqXnuyEiXLzekDJFraFWEdb8SRhOaJM3tjGqCLynr9bTCzLAgMBAAGjZjBkMBIGA1UdEwEB/wQIMAYBAf8CAQEwDgYDVR0PAQH/BAQDAgEGMB0GA1UdDgQWBBRYwkCgPEd2K6jmbqiRlo6WyLfZ5DAfBgNVHSMEGDAWgBRYwkCgPEd2K6jmbqiRlo6WyLfZ5DANBgkqhkiG9w0BAQsFAAOCAgEAWPiBkQyY8mxh/siGHdZbhB2m1r64pl0MXUnLuKEpzS2duFj58ISJPTz4b9VqH7QqolWS8GeBmV61VAz7mkaA4wJRAFPADgPBiFfe74JVfuP0fRjrDyb8g/8hqMGs3tsbk6sZzdAwdhg6k53OqmcDDTkaLoB0323wfhN2L+nqUEGLOD1s5eA+7i/bZFQ2XhG+YkW20SG0gDyMGOvanNZKqdVUZVtr0Vh+wEmH6+tLX5IMO5TXmob2oVnOR/A4rMOwfwN0ZNHAUjuhsXsoa+EOaZf4AhgMKBc7J/+upBCe92XLoPTqub2UzkTimLEKSGjuVakhpWCP/srWfdF7hiCcDvOoeNDG2kAuyIEFC1xiqCrB+1bnGHkHjhGv7OXb03D+RsxjqGTxPOmvpWS8Xr+FCC0esM7judOkEddSu3CLhp37Lr8K9tJVKyNCK0Nc7KGCYT/Pce2w95fp5MvCPPysd7e23CDBTOmJsg+yL3/DfpJknAi1hN7Mlv2JsEu1Q33S6a2G/RnZLZ+9AO7AtEdWI3xIFZEOTg9niSB7YgjByV5V8fYGxlEjV2/vh74UIEZ5vpQCscggKJ2ViogmVQVmUu8Yf9lLuqhaFOnCLK2fC8NcQvOh9SdkeXGMClqe/bn5RXkHcB7hagO1N5aOWP1Fv1QljIMDPQ/ZJjMj0Fh3prgxggNoMIIDZAIBATCBkzB7MQswCQYDVQQGEwJVUzELMAkGA1UECAwCQ0ExFjAUBgNVBAcMDVNhbiBGcmFuY2lzY28xGTAXBgNVBAoMEE9wZW5BSSBPcENvLCBMTEMxDDAKBgNVBAsMA1RTQTEeMBwGA1UEAwwVT3BlbkFJIFRTQSBJc3N1aW5nIENBAhRh20YoMoqMjUoGt7/+YOMCbD9xtzANBglghkgBZQMEAgEFAKCCASUwGgYJKoZIhvcNAQkDMQ0GCyqGSIb3DQEJEAEEMC8GCSqGSIb3DQEJBDEiBCBwRBbQRiKDViRkeT0hHuWpp0162h3jU63J5H04+vM0qDCB1QYLKoZIhvcNAQkQAi8xgcUwgcIwgb8wgbwEIL1PubKQTIE2Z4hu70Hhbf4E2SIHnb9bkkrQosRgRiJ6MIGXMH+kfTB7MQswCQYDVQQGEwJVUzELMAkGA1UECAwCQ0ExFjAUBgNVBAcMDVNhbiBGcmFuY2lzY28xGTAXBgNVBAoMEE9wZW5BSSBPcENvLCBMTEMxDDAKBgNVBAsMA1RTQTEeMBwGA1UEAwwVT3BlbkFJIFRTQSBJc3N1aW5nIENBAhRh20YoMoqMjUoGt7/+YOMCbD9xtzANBgkqhkiG9w0BAQsFAASCAYBCZtns2CuVAP1hWdxgOtsud4Y84iIBDDakmNZFzpEfI3v3FnwVqcKXmw1FwLh+L0FAe9SAkcsROsLY0uCEeTXFU/sfVGqJ8JECJYo/RQT7VvWa92Wl+A3IAluWvO8kPcmDQXYve4QsyWUkrGjOYaUhfwFeCepLXVUgcXk1wSTWaE0kYLmcirtbQOW6jS5zUdEjnO32x+AvHYxFNhjqFrxcOTrpu+Qb6jEU5ZJxpMVEW3/qo7pIasNib0/7hLom+elQG+9I1o50HYAb9b/Pc6LWPBlDpcm+ZB8ToEta0/9xl1j6+mvU30CqsoH1XFUcNLuskft+Jzscqy4Hx+lA1bgKDA4ed3NlbmD1Ep4u1CfxPG7Q//R+qV492k2bmqAUqrbBFlUkGY71lPGZUsyQAiGLnVtdQSI3Qz46eV7ZJpQTcSevFcqzGv3lQlIPed91ndVrHo6xxfG1grPTwPwGCKPNPjOpLEnJ/HNfil0+raVtD07ACdGnk9xHySQJjMR6PDhlclZhbHOhaG9jc3BWYWxzgVkH1zCCB9MKAQCgggfMMIIHyAYJKwYBBQUHMAEBBIIHuTCCB7UwgemiFgQUHPtXosAbS8a3notVdXo9VH5kQ10YDzIwMjYwNTA5MDEyNDM0WjCBmDCBlTBJMAkGBSsOAwIaBQAEFN+CN1NeU9gzseAEPSQ18XXm4QoZBBQ5PRBH3JePr4h7TXMYHc3l7qSlKgIQC6X86Q5wjPIFgDHuRBxkc4AAGA8yMDI2MDUwOTAxMjQzNFqgERgPMjAyNjA1MTYwMTI0MzNaoSIwIDAeBgkrBgEFBQcwAQYEERgPMjAxNjA1MTEwMTI0MzRaoSMwITAfBgkrBgEFBQcwAQIEEgQQBRuGoJQtaXOY5Rt40c/C0zANBgkqhkiG9w0BAQsFAAOCAYEAqHOlUsWzVDWWIhWt9cnQxPDGeJJ0xBa9nY51Ah8vrwswnRivmiL9Bc80/PwVYA6n7Rzpwjm7LpzmFoM4Vr7AAro5o40LzEyc59LZKPwq27D5W/PpjT/cmS/S+tkTOhTPue4s6HnSYtUDAHVxWcGaDAH0s0KkvKAXAwbazIYOtA2AQ/Gq7/xniJDAbil+klqV0kbNWJ8zRoj0RwDf3Gsii2QoD4u1ma+hctsjfGDbIF0aX5EKLkFg3uJRzVgmz0Hnb5krAAOyGXGtbPkYPqFFZcvt/Qz2eT45oqEMBqtyk0vqziu9o3tHbK6ylpL+NhsfOPNvSGckXSAU69kJ6fRLnRVlqqjv1KbKTSW1pRoFRfQZpl9VuMH86qjDInom3nbK5oqW04s//K3rB2tW93DPM9eyjZJ0reO7jmINuGRpKqHzZSSNzuCxTjdjPWsKf8/3R148DUNSKBcbm448Ce+G5ZcAN7SckJFDvww0SBVxGabtfcn56Ep1tIDqeiIy7jmRoIIFMTCCBS0wggUpMIIDEaADAgECAhBjcur3XBxNsSelX3fdn3YbMA0GCSqGSIb3DQEBCwUAMEoxITAfBgNVBAMMGFNTTC5jb20gQzJQQSBJQ0EgUjEgMjAyNTEYMBYGA1UECgwPU1NMIENvcnBvcmF0aW9uMQswCQYDVQQGEwJVUzAeFw0yNjAxMDIyMTExNTVaFw0yNzAxMDIyMTExNTRaME0xCzAJBgNVBAYTAlVTMREwDwYDVQQKDAhTU2wgQ29ycDErMCkGA1UEAwwiU1NMLmNvbSBDMlBBIElDQSBSMSBPQ1NQIFJlc3BvbmRlcjCCAaIwDQYJKoZIhvcNAQEBBQADggGPADCCAYoCggGBAM+Cb4sjbdmqj2RN9hhe/+CqcbKsjhyy3KWlyHhkKp+aNaxXqyh2w9pcB54mshTC4WhBdFEgkUngGBLIGPDF1dt09MHUc354FD1n6CE7aDomJx2k5OmIp57bWWNHvyc36j4LD04h/LLC77IihGH39yrjrekJFCAmV2Fk82qArH5lOq5z3UzdqGkXO8V3WOnUrcj1BZ80kk/dFRKUfpBNiKACT0+U99R2JxmmGKbY06Mq7etg43lWCQEfSZSlYHPLwmxB8896eZStEfT/kXjn07NbcNvyjoHcC4rMR+KiSrwSDLqlUlVlWT2nh4P1esNS/M519Oh5xJFa9HOUy3Qa/n2DjZ8gIfVH/kNbzwxeLa56+l0C1FnNq+epS9jVGZcMLNFjGL3qOhzb+FdfKVrSza5kUJ7D9IAi04qtoruLcZ3huCW0XlJ15fqcLCcItcJMXDtQzaytoBhCnniS3WQ7LT62WjqUh3CNmjMr1+4KUDMsxeNusJAKKGtxXcfWeeDmJwIDAQABo4GHMIGEMAwGA1UdEwEB/wQCMAAwHwYDVR0jBBgwFoAUOT0QR9yXj6+Ie01zGB3N5e6kpSowDwYJKwYBBQUHMAEFBAIFADATBgNVHSUEDDAKBggrBgEFBQcDCTAdBgNVHQ4EFgQUHPtXosAbS8a3notVdXo9VH5kQ10wDgYDVR0PAQH/BAQDAgeAMA0GCSqGSIb3DQEBCwUAA4ICAQAx5bVrf3Yb18LbKn3pH4+u3Jsv794e5oF45zWmoVJbDG5rXIt0aRkqAIDNlojhhm2511agk6lvIp7UVlQplNq/MizCjOokVF80KtdTZsK/R/b/7J2HUZ40QQ/LZA9BeH4xrDYch0x1G8aTGca0TQHtGofxgDX7UAePx09aFftxCb6aY/7Lh36GIZY/CoHMV4fwVCZ23ail7HGtHZcEOjeZ6NGl0iHAk6P7b95JZP3ZtVqwLDq/P75Sohgp1O2wLoosG0ojMfqnsIa2iJWw2pA8e9JmQSyuahVLyvdTAj6YvXyyxLXpBzS/FCuWSSupQjHfFcLJLZ6VvQ5luvl7MntYwfGrViYpUHg7NwqEKkKH4W7z33y7CyBSX4N9RJ3YxbJKteUZ0IDDBPHZxwGYIGWa/5FH8q3LeU9fSUFlwrwMT6tXdI1bx9iJGIumDeAavjmSZs+z+JzbcpvcCKjgfP8gzYJF40uO8UHY/qmD0oKckml9LlZwaYvJuPRy7fj9Hus7zMjqtVJPCKkjk2UugVvekwHFHdhXj0DHIhpQ4zl6h/rEwfwhS4b8fr+S3E+GY4oFvV5DRIRXMgHg7ojfuEIYU6d61+T42VpplZ8vxMzHcRhO2I+tV10bbZvsfNHvQBCu8ELos9PJMsRTFmk5xzbu8pxE/D3C5wL559p5ZMcVFGNwYWRZHVwAAAAAAAAAAAAAAAAAAAAAAAAAAAAAAAAAAAAAAAAAAAAAAAAAAAAAAAAAAAAAAAAAAAAAAAAAAAAAAAAAAAAAAAAAAAAAAAAAAAAAAAAAAAAAAAAAAAAAAAAAAAAAAAAAAAAAAAAAAAAAAAAAAAAAAAAAAAAAAAAAAAAAAAAAAAAAAAAAAAAAAAAAAAAAAAAAAAAAAAAAAAAAAAAAAAAAAAAAAAAAAAAAAAAAAAAAAAAAAAAAAAAAAAAAAAAAAAAAAAAAAAAAAAAAAAAAAAAAAAAAAAAAAAAAAAAAAAAAAAAAAAAAAAAAAAAAAAAAAAAAAAAAAAAAAAAAAAAAAAAAAAAAAAAAAAAAAAAAAAAAAAAAAAAAAAAAAAAAAAAAAAAAAAAAAAAAAAAAAAAAAAAAAAAAAAAAAAAAAAAAAAAAAAAAAAAAAAAAAAAAAAAAAAAAAAAAAAAAAAAAAAAAAAAAAAAAAAAAAAAAAAAAAAAAAAAAAAAAAAAAAAAAAAAAAAAAAAAAAAAAAAAAAAAAAAAAAAAAAAAAAAAAAAAAAAAAAAAAAAAAAAAAAAAAAAAAAAAAAAAAAAAAAAAAAAAAAAAAAAAAAAAAAAAAAAAAAAAAAAAAAAAAAAAAAAAAAAAAAAAAAAAAAAAAAAAAAAAAAAAAAAAAAAAAAAAAAAAAAAAAAAAAAAAAAAAAAAAAAAAAAAAAAAAAAAAAAAAAAAAAAAAAAAAAAAAAAAAAAAAAAAAAAAAAAAAAAAAAAAAAAAAAAAAAAAAAAAAAAAAAAAAAAAAAAAAAAAAAAAAAAAAAAAAAAAAAAAAAAAAAAAAAAAAAAAAAAAAAAAAAAAAAAAAAAAAAAAAAAAAAAAAAAAAAAAAAAAAAAAAAAAAAAAAAAAAAAAAAAAAAAAAAAAAAAAAAAAAAAAAAAAAAAAAAAAAAAAAAAAAAAAAAAAAAAAAAAAAAAAAAAAAAAAAAAAAAAAAAAAAAAAAAAAAAAAAAAAAAAAAAAAAAAAAAAAAAAAAAAAAAAAAAAAAAAAAAAAAAAAAAAAAAAAAAAAAAAAAAAAAAAAAAAAAAAAAAAAAAAAAAAAAAAAAAAAAAAAAAAAAAAAAAAAAAAAAAAAAAAAAAAAAAAAAAAAAAAAAAAAAAAAAAAAAAAAAAAAAAAAAAAAAAAAAAAAAAAAAAAAAAAAAAAAAAAAAAAAAAAAAAAAAAAAAAAAAAAAAAAAAAAAAAAAAAAAAAAAAAAAAAAAAAAAAAAAAAAAAAAAAAAAAAAAAAAAAAAAAAAAAAAAAAAAAAAAAAAAAAAAAAAAAAAAAAAAAAAAAAAAAAAAAAAAAAAAAAAAAAAAAAAAAAAAAAAAAAAAAAAAAAAAAAAAAAAAAAAAAAAAAAAAAAAAAAAAAAAAAAAAAAAAAAAAAAAAAAAAAAAAAAAAAAAAAAAAAAAAAAAAAAAAAAAAAAAAAAAAAAAAAAAAAAAAAAAAAAAAAAAAAAAAAAAAAAAAAAAAAAAAAAAAAAAAAAAAAAAAAAAAAAAAAAAAAAAAAAAAAAAAAAAAAAAAAAAAAAAAAAAAAAAAAAAAAAAAAAAAAAAAAAAAAAAAAAAAAAAAAAAAAAAAAAAAAAAAAAAAAAAAAAAAAAAAAAAAAAAAAAAAAAAAAAAAAAAAAAAAAAAAAAAAAAAAAAAAAAAAAAAAAAAAAAAAAAAAAAAAAAAAAAAAAAAAAAAAAAAAAAAAAAAAAAAAAAAAAAAAAAAAAAAAAAAAAAAAAAAAAAAAAAAAAAAAAAAAAAAAAAAAAAAAAAAAAAAAAAAAAAAAAAAAAAAAAAAAAAAAAAAAAAAAAAAAAAAAAAAAAAAAAAAAAAAAAAAAAAAAAAAAAAAAAAAAAAAAAAAAAAAAAAAAAAAAAAAAAAAAAAAAAAAAAAAAAAAAAAAAAAAAAAAAAAAAAAAAAAAAAAAAAAAAAAAAAAAAAAAAAAAAAAAAAAAAAAAAAAAAAAAAAAAAAAAAAAAAAAAAAAAAAAAAAAAAAAAAAAAAAAAAAAAAAAAAAAAAAAAAAAAAAAAAAAAAAAAAAAAAAAAAAAAAAAAAAAAAAAAAAAAAAAAAAAAAAAAAAAAAAAAAAAAAAAAAAAAAAAAAAAAAAAAAAAAAAAAAAAAAAAAAAAAAAAAAAAAAAAAAAAAAAAAAAAAAAAAAAAAAAAAAAAAAAAAAAAAAAAAAAAAAAAAAAAAAAAAAAAAAAAAAAAAAAAAAAAAAAAAAAAAAAAAAAAAAAAAAAAAAAAAAAAAAAAAAAAAAAAAAAAAAAAAAAAAAAAAAAAAAAAAAAAAAAAAAAAAAAAAAAAAAAAAAAAAAAAAAAAAAAAAAAAAAAAAAAAAAAAAAAAAAAAAAAAAAAAAAAAAAAAAAAAAAAAAAAAAAAAAAAAAAAAAAAAAAAAAAAAAAAAAAAAAAAAAAAAAAAAAAAAAAAAAAAAAAAAAAAAAAAAAAAAAAAAAAAAAAAAAAAAAAAAAAAAAAAAAAAAAAAAAAAAAAAAAAAAAAAAAAAAAAAAAAAAAAAAAAAAAAAAAAAAAAAAAAAAAAAAAAAAAAAAAAAAAAAAAAAAAAAAAAAAAAAAAAAAAAAAAAAAAAAAAAAAAAAAAAAAAAAAAAAAAAAAAAAAAAAAAAAAAAAAAAAAAAAAAAAAAAAAAAAAAAAAAAAAAAAAAAAAAAAAAAAAAAAAAAAAAAAAAAAAAAAAAAAAAAAAAAAAAAAAAAAAAAAAAAAAAAAAAAAAAAAAAAAAAAAAAAAAAAAAAAAAAAAAAAAAAAAAAAAAAAAAAAAAAAAAAAAAAAAAAAAAAAAAAAAAAAAAAAAAAAAAAAAAAAAAAAAAAAAAAAAAAAAAAAAAAAAAAAAAAAAAAAAAAAAAAAAAAAAAAAAAAAAAAAAAAAAAAAAAAAAAAAAAAAAAAAAAAAAAAAAAAAAAAAAAAAAAAAAAAAAAAAAAAAAAAAAAAAAAAAAAAAAAAAAAAAAAAAAAAAAAAAAAAAAAAAAAAAAAAAAAAAAAAAAAAAAAAAAAAAAAAAAAAAAAAAAAAAAAAAAAAAAAAAAAAAAAAAAAAAAAAAAAAAAAAAAAAAAAAAAAAAAAAAAAAAAAAAAAAAAAAAAAAAAAAAAAAAAAAAAAAAAAAAAAAAAAAAAAAAAAAAAAAAAAAAAAAAAAAAAAAAAAAAAAAAAAAAAAAAAAAAAAAAAAAAAAAAAAAAAAAAAAAAAAAAAAAAAAAAAAAAAAAAAAAAAAAAAAAAAAAAAAAAAAAAAAAAAAAAAAAAAAAAAAAAAAAAAAAAAAAAAAAAAAAAAAAAAAAAAAAAAAAAAAAAAAAAAAAAAAAAAAAAAAAAAAAAAAAAAAAAAAAAAAAAAAAAAAAAAAAAAAAAAAAAAAAAAAAAAAAAAAAAAAAAAAAAAAAAAAAAAAAAAAAAAAAAAAAAAAAAAAAAAAAAAAAAAAAAAAAAAAAAAAAAAAAAAAAAAAAAAAAAAAAAAAAAAAAAAAAAAAAAAAAAAAAAAAAAAAAAAAAAAAAAAAAAAAAAAAAAAAAAAAAAAAAAAAAAAAAAAAAAAAAAAAAAAAAAAAAAAAAAAAAAAAAAAAAAAAAAAAAAAAAAAAAAAAAAAAAAAAAAAAAAAAAAAAAAAAAAAAAAAAAAAAAAAAAAAAAAAAAAAAAAAAAAAAAAAAAAAAAAAAAAAAAAAAAAAAAAAAAAAAAAAAAAAAAAAAAAAAAAAAAAAAAAAAAAAAAAAAAAAAAAAAAAAAAAAAAAAAAAAAAAAAAAAAAAAAAAAAAAAAAAAAAAAAAAAAAAAAAAAAAAAAAAAAAAAAAAAAAAAAAAAAAAAAAAAAAAAAAAAAAAAAAAAAAAAAAAAAAAAAAAAAAAAAAAAAAAAAAAAAAAAAAAAAAAAAAAAAAAAAAAAAAAAAAAAAAAAAAAAAAAAAAAAAAAAAAAAAAAAAAAAAAAAAAAAAAAAAAAAAAAAAAAAAAAAAAAAAAAAAAAAAAAAAAAAAAAAAAAAAAAAAAAAAAAAAAAAAAAAAAAAAAAAAAAAAAAAAAAAAAAAAAAAAAAAAAAAAAAAAAAAAAAAAAAAAAAAAAAAAAAAAAAAAAAAAAAAAAAAAAAAAAAAAAAAAAAAAAAAAAAAAAAAAAAAAAAAAAAAAAAAAAAAAAAAAAAAAAAAAAAAAAAAAAAAAAAAAAAAAAAAAAAAAAAAAAAAAAAAAAAAAAAAAAAAAAAAAAAAAAAAAAAAAAAAAAAAAAAAAAAAAAAAAAAAAAAAAAAAAAAAAAAAAAAAAAAAAAAAAAAAAAAAAAAAAAAAAAAAAAAAAAAAAAAAAAAAAAAAAAAAAAAAAAAAAAAAAAAAAAAAAAAAAAAAAAAAAAAAAAAAAAAAAAAAAAAAAAAAAAAAAAAAAAAAAAAAAAAAAAAAAAAAAAAAAAAAAAAAAAAAAAAAAAAAAAAAAAAAAAAAAAAAAAAAAAAAAAAAAAAAAAAAAAAAAAAAAAAAAAAAAAAAAAAAAAAAAAAAAAAAAAAAAAAAAAAAAAAAAAAAAAAAAAAAAAAAAAAAAAAAAAAAAAAAAAAAAAAAAAAAAAAAAAAAAAAAAAAAAAAAAAAAAAAAAAAAAAAAAAAAAAAAAAAAAAAAAAAAAAAAAAAAAAAAAAAAAAAAAAAAAAAAAAAAAAAAAAAAAAAAAAAAAAAAAAAAAAAAAAAAAAAAAAAAAAAAAAAAAAAAAAAAAAAAAAAAAAAAAAAAAAAAAAAAAAAAAAAAAAAAAAAAAAAAAAAAAAAAAAAAAAAAAAAAAAAAAAAAAAAAAAAAAAAAAAAAAAAAAAAAAAAAAAAAAAAAAAAAAAAAAAAAAAAAAAAAAAAAAAAAAAAAAAAAAAAAAAAAAAAAAAAAAAAAAAAAAAAAAAAAAAAAAAAAAAAAAAAAAAAAAAAAAAAAAAAAAAAAAAAAAAAAAAAAAAAAAAAAAAAAAAAAAAAAAAAAAAAAAAAAAAAAAAAAAAAAAAAAAAAAAAAAAAAAAAAAAAAAAAAAAAAAAAAAAAAAAAAAAAAAAAAAAAAAAAAAAAAAAAAAAAAAAAAAAAAAAAAAAAAAAAAAAAAAAAAAAAAAAAAAAAAAAAAAAAAAAAAAAAAAAAAAAAAAAAAAAAAAAAAAAAAAAAAAAAAAAAAAAAAAAAAAAAAAAAAAAAAAAAAAAAAAAAAAAAAAAAAAAAAAAAAAAAAAAAAAAAAAAAAAAAAAAAAAAAAAAAAAAAAAAAAAAAAAAAAAAAAAAAAAAAAAAAAAAAAAAAAAAAAAAAAAAAAAAAAAAAAAAAAAAAAAAAAAAAAAAAAAAAAAAAAAAAAAAAAAAAAAAAAAAAAAAAAAAAAAAAAAAAAAAAAAAAAAAAAAAAAAAAAAAAAAAAAAAAAAAAAAAAAAAAAAAAAAAAAAAAAAAAAAAAAAAAAAAAAAAAAAAAAAAAAAAAAAAAAAAAAAAAAAAAAAAAAAAAAAAAAAAAAAAAAAAAAAAAAAAAAAAAAAAAAAAAAAAAAAAAAAAAAAAAAAAAAAAAAAAAAAAAAAAAAAAAAAAAAAAAAAAAAAAAAAAAAAAAAAAAAAAAAAAAAAAAAAAAAAAAAAAAAAAAAAAAAAAAAAAAAAAAAAAAAAAAAAAAAAAAAAAAAAAAAAAAAAAAAAAAAAAAAAAAAAAAAAAAAAAAAAAAAAAAAAAAAAAAAAAAAAAAAAAAAAAAAAAAAAAAAAAAAAAAAAAAAAAAAAAAAAAAAAAAAAAAAAAAAAAAAAAAAAAAAAAAAAAAAAAAAAAAAAAAAAAAAAAAAAAAAAAAAAAAAAAAAAAAAAAAAAAAAAAAAAAAAAAAAAAAAAAAAAAAAAAAAAAAAAAAAAAAAAAAAAAAAAAAAAAAAAAAAAAAAAAAAAAAAAAAAAAAAAAAAAAAAAAAAAAAAAAAAAAAAAAAAAAAAAAAAAAAAAAAAAAAAAAAAAAAAAAAAAAAAAAAAAAAAAAAAAAAAAAAAAAAAAAAAAAAAAAAAAAAAAAAAAAAAAAAAAAAAAAAAAAAAAAAAAAAAAAAAAAAAAAAAAAAAAAAAAAAAAAAAAAAAAAAAAAAAAAAAAAAAAAAAAAAAAAAAAAAAAAAAAAAAAAAAAAAAAAAAAAAAAAAAAAAAAAAAAAAAAAAAAAAAAAAAAAAAAAAAAAAAAAAAAAAAAAAAAAAAAAAAAAAAAAAAAAAAAAAAAAAAAAAAAAAAAAAAAAAAAAAAAAAAAAAAAAAAAAAAAAAAAAAAAAAAAAAAAAAAAAAAAAAAAAAAAAAAAAAAAAAAAAAAAAAAAAAAAAAAAAAAAAAAAAAAAAAAAAAAAAAAAAAAAAAAAAAAAAAAAAAAAAAAAAAAAAAAAAAAAAAAAAAAAAAAAAAAAAAAAAAAAAAAAAAAAAAAAAAAAAAAAAAAAAAAAAAAAAAAAAAAAAAAAAAAAAAAAAAAAAAAAAAAAAAAAAAAAAAAAAAAAAAAAAAAAAAAAAAAAAAAAAAAAAAAAAAAAAAAAAAAAAAAAAAAAAAAAAAAAAAAAAAAAAAAAAAAAAAAAAAAAAAAAAAAAAAAAAAAAAAAAAAAAAAAAAAAAAAAAAAAAAAAAAAAAAAAAAAAAAAAAAAAAAAAAAAAAAAAAAAAAAAAAAAAAAAAAAAAAAAAAAAAAAAAAAAAAAAAAAAAAAAAAAAAAAAAAAAAAAAAAAAAAAAAAAAAAAAAAAAAAAAAAAAAAAAAAAAAAAAAAAAAAAAAAAAAAAAAAAAAAAAAAAAAAAAAAAAAAAAAAAAAAAAAAAAAAAAAAAAAAAAAAAAAAAAAAAAAAAAAAAAAAAAAAAAAAAAAAAAAAAAAAAAAAAAAAAAAAAAAAAAAAAAAAAAAAAAAAAAAAAAAAAAAAAAAAAAAAAAAAAAAAAAAAAAAAAAAAAAAAAAAAAAAAAAAAAAAAAAAAAAAAAAAAAAAAAAAAAAAAAAAAAAAAAAAAAAAAAAAAAAAAAAAAAAAAAAAAAAAAAAAAAAAAAAAAAAAAAAAAAAAAAAAAAAAAAAAAAAAAAAAAAAAAAAAAAAAAAAAAAAAAAAAAAAAAAAAAAAAAAAAAAAAAAAAAAAAAAAAAAAAAAAAAAAAAAAAAAAAAAAAAAAAAAAAAAAAAAAAAAAAAAAAAAAAAAAAAAAAAAAAAAAAAAAAAAAAAAAAAAAAAAAAAAAAAAAAAAAAAAAAAAAAAAAAAAAAAAAAAAAAAAAAAAAAAAAAAAAAAAAAAAAAAAAAAAAAAAAAAAAAAAAAAAAAAAAAAAAAAAAAAAAAAAAAAAAAAAAAAAAAAAAAAAAAAAAAAAAAAAAAAAAAAAAAAAAAAAAAAAAAAAAAAAAAAAAAAAAAAAAAAAAAAAAAAAAAAAAAAAAAAAAAAAAAAAAAAAAAAAAAAAAAAAAAAAAAAAAAAAAAAAAAAAAAAAAAAAAAAAAAAAAAAAAAAAAAAAAAAAAAAAAAAAAAAAAAAAAAAAAAAAAAAAAAAAAAAAAAAAAAAAAAAAAAAAAAAAAAAAAAAAAAAAAAAAAAAAAAAAAAAAAAAAAAAAAAAAAAAAAAAAAAAAAAAAAAAAAAAAAAAAAAAAAAAAAAAAAAAAAAAAAAAAAAAAAAAAAAAAAAAAAAAAAAAAAAAAAAAAAAAAAAAAAAAAAAAAAAAAAAAAAAAAAAAAAAAAAAAAAAAAAAAAAAAAAAAAAAAAAAAAAAAAAAAAAAAAAAAAAAAAAAAAAAAAAAAAAAAAAAAAAAAAAAAAAAAAAAAAAAAAAAAAAAAAAAAAAAAAAAAAAAAAAAAAAAAAAAAAAAAAAAAAAAAAAAAAAAAAAAAAAAAAAAAAAAAAAAAAAAAAAAAAAAAAAAAAAAAAAAAAAAAAAAAAAAAAAAAAAAAAAAAAAAAAAAAAAAAAAAAAAAAAAAAAAAAAAAAAAAAAAAAAAAAAAAAAAAAAAAAAAAAAAAAAAAAAAAAAAAAAAAAAAAAAAAAAAAAAAAAAAAAAAAAAAAAAAAAAAAAAAAAAAAAAAAAAAAAAAAAAAAAAAAAAAAAAAAAAAAAAAAAAAAAAAAAAAAAAAAAAAAAAAAAAAAAAAAAAAAAAAAAAAAAAAAAAAAAAAAAAAAAAAAAAAAAAAAAAAAAAAAAAAAAAAAAAAAAAAAAAAAAAAAAAAAAAAAAAAAAAAAAAAAAAAAAAAAAAAAAAAAAAAAAAAAAAAAAAAAAAAAAAAAAAAAAAAAAAAAAAAAAAAAAAAAAAAAAAAAAAAAAAAAAAAAAAAAAAAAAAAAAAAAAAAAAAAAAAAAAAAAAAAAAAAAAAAAAAAAAAAAAAAAAAAAAAAAAAAAAAAAAAAAAAAAAAAAAAAAAAAAAAAAAAAAAAAAAAAAAAAAAAAAAAAAAAAAAAAAAAAAAAAAAAAAAAAAAAAAAAAAAAAAAAAAAAAAAAAAAAAAAAAAAAAAAAAAAAAAAAAAAAAAAAAAAAAAAAAAAAAAAAAAAAAAAAAAAAAAAAAAAAAAAAAAAAAAAAAAAAAAAAAAAAAAAAAAAAAAAAAAAAAAAAAAAAAAAAAAAAAAAAAAAAAAAAAAAAAAAAAAAAAAAAAAAAAAAAAAAAAAAAAAAAAAAAAAAAAAAAAAAAAAAAAAAAAAAAAAAAAAAAAAAAAAAAAAAAAAAAAAAAAAAAAAAAAAAAAAAAAAAAAAAAAAAAAAAAAAAAAAAAAAAAAAAAAAAAAAAAAAAAAAAAAAAAAAAAAAAAAAAAAAAAAAAAAAAAAAAAAAAAAAAAAAAAAAAAAAAAAAAAAAAAAAAAAAAAAAAAAAAAAAAAAAAAAAAAAAAAAAAAAAAAAAAAAAAAAAAAAAAAAAAAAAAAAAAAAAAAAAAAAAAAAAAAAAAAAAAAAAAAAAAAAAAAAAAAAAAAAAAAAAAAAAAAAAAAAAAAAAAAAAAAAAAAAAAAAAAAAAAAAAAAAAAAAAAAAAAAAAAAAAAAAAAAAAAAAAAAAAAAAAAAAAAAAAAAAAAAAAAAAAAAAAAAAAAAAAAAAAAAAAAAAAAAAAAAAAAAAAAAAAAAAAAAAAAAAAAAAAAAAAAAAAAAAAAAAAAAAAAAAAAAAAAAAAAAAAAAAAAAAAAAAAAAAAAAAAAAAAAAAAAAAAAAAAAAAAAAAAAAAAAAAAAAAAAAAAAAAAAAAAAAAAAAAAAAAAAAAAAAAAAAAAAAAAAAAAAAAAAAAAAAAAAAAAAAAAAAAAAAAAAAAAAAAAAAAAAAAAAAAAAAAAAAAAAAAAAAAAAAAAAAAAAAAAAAAAAAAAAAAAAAAAAAAAAAAAAAAAAAAAAAAAAAAAAAAAAAAAAAAAAAAAAAAAAAAAAAAAAAAAAAAAAAAAAAAAAAAAAAAAAAAAAAAAAAAAAAAAAAAAAAAAAAAAAAAAAAAAAAAAAAAAAAAAAAAAAAAAAAAAAAAAAAAAAAAAAAAAAAAAAAAAAAAAAAAAAAAAAAAAAAAAAAAAAAAAAAAAAAAAAAAAAAAAAAAAAAAAAAAAAAAAAAAAAAAAAAAAAAAAAAAAAAAAAAAAAAAAAAAAAAAAAAAAAAAAAAAAAAAAAAAAAAAAAAAAAAAAAAAAAAAAAAAAAAAAAAAAAAAAAAAAAAAAAAAAAAAAAAAAAAAAAAAAAAAAAAAAAAAAAAAAAAAAAAAAAAAAAAAAAAAAAAAAAAAAAAAAAAAAAAAAAAAAAAAAAAAAAAAAAAAAAAAAAAAAAAAAAAAAAAAAAAAAAAAAAAAAAAAAAAAAAAAAAAAAAAAAAAAAAAAAAAAAAAAAAAAAAAAAAAAAAAAAAAAAAAAAAAAAAAAAAAAAAAAAAAAAAAAAAAAAAAAAAAAAAAAAAAAAAAAAAAAAAAAAAAAAAAAAAAAAAAAAAAAAAAAAAAAAAAAAAAAAAAAAAAAAAAAAAAAAAAAAAAAAAAAAAAAAAAAAAAAAAAAAAAAAAAAAAAAAAAAAAAAAAAAAAAAAAAAAAAAAAAAAAAAAAAAAAAAAAAAAAAAAAAAAAAAAAAAAAAAAAAAAAAAAAAAAAAAAAAAAAAAAAAAAAAAAAAAAAAAAAAAAAAAAAAAAAAAAAAAAAA9lkBAJudKqTUdaiaFts/iGBdmO3OUIoLigm2akoWABGjFVvPEjL/aUPGHfciyOSHtW3umfecx8KYJiZ5MoHDNQpoP6QOq3QLYstgRo98xilfoYugGp1mSXDE1v/wzRT6CO8l8mnGlM0OMtQc3XUpqHhGtGHVzujU2snPhj2d4W7vX1hyU2tflHrfae5HUeHhPgf986qiWp/j45Sq5eb+Vl27MdhFp4u8eC/d3VQZ2fzb4Zi80dAnmsgt0JXvTREYNw+i487A+ltMfDBBPTBm2qqs2QxrBuc9psXuuAti8KXiGSUNMI4bSeD+Oc/B7mVu3QOxQt+jNLKlD2tUQZut5264qcuiKMP2AAEAAElEQVR4nNT9ebxtx1Efjlb12nufc+6kebRGS5Yt2bKFPMh4BM/EOBA7JAz+hQBJyAQEHEh+mQgkJICZwi+BQCATQ3hAgg14wMYTlmx5tizJo+bhapbufM7Ze6+u90d3VVdV91p7X9nvfd5ry+fuvVYP1dU1fKu619rYEyEAEBEBAAEAIqa/6VIuCED5fwCAgFITAAgJUut0GUxp9EOEqpZ8Rds0DZbGcr1Jn7kJJtrbo6S/mbomVXpEqrvNdbk3AIAY/RQsPSgUOW64KTQnLtUadRzVWCr76bfnoupEIPCczyOWzv1iyhWZhWGyvwgsV+iYoZlXTUvGJ3WlVFtLJPjWAIfNgEkJuHmmVrNU1KGMoqhwrB4X43Fq9cWig4pYQnLaN9KtXlbDiqZ4tKgdKWwycv1CT0OxMo+SoQgQ1ugeACDG2JwLDK/seJP0tZZYZbzamgiAykIC/0WrEaWJkiKpnLsalklNo1coXYlbVzI5Kvm12WkyQeblDCRfB3vdcK9lLlaYiJZNIMu0k5jmkGwMsLFRJ98CoxRDRZrUXB0y8m4Wza8N/xgQAFCZKbEDzUmtJLie+Ii8QcUr7dyyHSlyC7JktTzXZOjOiYBMP+VDRZihBzHdbcxLhhiR/yHC3EVErNk7wlK3js0Rm701BbiSfwdLBroliBC1y4gxNiszTBIHZ/+15FXjUu2aVVfcs7GQqG219D/uEGsyxBOPWIA2V9lojTdpEtAsQ8KzjoFqzKsq41gRAAgYG+hVs56dr3kd0RaPrAsXs5NHQcIEIggofVMowvhTVEtfgQovHhopilRZ+fPTdKzQVKNtQgQAIQSo1rQuRshD5mdGTPZinkUFpBUD2WvanrUlaV6UCZnpW44BCMdaImF4boz0kB45EDtu2ZqsQ0ABxkwtaXQNyW1hGg0nJT5AAyx8/6zpOdQEs9h5JVBJnrinFp2OyzXTTbcyEQX5E3cGIa/1Q9yb3FPXiXQkhGSXs5hiQt9I2WeqVqvcMSslGK4mjwckUJ0P1qku1SXrzEhR/GSVplqUjdzmz4pjw54MihTVdSgxnlhHuGdT2awNoAzsYycetPb39muKI5I91aOA5mALM7hVbCm8ZaYVYqxmNkAtIKklMMEnz9wMXWlZYmnTq+lFQeVvnFtqYoWhmQLYWUMlinr6SqO1y3FAXF8ZQXtDbngUIiTDWj67W6qfMhPRWWchjZbXBrOouSe+0g7Tqkm+xWSmt6GyDrBuMoEtYpuSZjeO6+T0toozB3ofDcyLR5R7ySzXUxiXAdYy5VARkbJqKTNeLRxYlDZeagVvIowRtG3qFK/rIEijaFyuTaWTgRF2N62Tq6I6alOtPYVSumLOPHrMdLZlTHfL9kEPXzrMC1pNdqTTZhPnQJtGaYilukk91uDcRqPiLKUaAFSeyPkpgW2uH9PExgYpnCAEgpxy0x063TG0g3UbtZe0nY0G55n0SuWrOQ6o5DgskZbrNKnpbKxgExLobsfHslNseL0KmLVRsbBCLwTlK4OwRTqsLvoR9XCEGS6iX1moJixRkE4f2VHErKXwgZ2QNKmnqfkgtk73V7F0pU3QRsAlKYzkW0jmsB8CqkRhscUKpA0KJyVwVqbMISb4UbTWNtBaifxBVEmRTJpdJpZZvzTliWpZVaaeeIwUcAJN9LhNtMd0o89hoF9jocBSwxfTKtKqoGjkpmXzCLXtPpMTJ8M2NwNyi5FWj5yrtArXlCoVKnlKsHGnUJ5HHOaCDE6ekDZJyh2UCAGrhUhy05S/SrLbhQx15o7Fo/K1zLJuMzQ1e2sk948Vh2UsWc864dK6btIcLvRqQ0arAu3PpolGCi3fM2QgCl2NXlFZ76pPFc27Lppy6xu3rtQz9VZIE2YdpOtvdBeiTdTo3Tyu8+CV6tuv0rPpoR7HSZFGp806zVEcpSMTQlwZZjvyhnXEC0hmQhunkpnOADN1bxaCtOgVArhDvaXjJDJfV3h01PaNlCZqH0aQYz0xXlkv2h9buHUEWMBW+uJu6ZxOo4KEa+Rjb11taEZrFKfzYhh154WKZgKibmL7NA0RYWi5ray201hDS7YqidlYKZdHQy/5Zet1nKt1GNyItZTlHImEARRvamtcV2NNNKngoQ41RUO39KDs3CJEqNKj4yNplR8xZS0MDnWT1aUCHobJ7UHMjaFVbkQ7IPCMgMZ40gT6amh1ERUxta0YMs+yWBbYSsgylo+WhjXr8sUaMRjxGMBmliNUqC/ep7Z1ldQ1y9Ahr6E1ak9+WBIsSgTZJfaDKXze6Jaq643IoUWDuZ51ryay3WQ9q49DVdF3bvJHGpoCAEGw8EqS/QKAVAtJ5IyTqB0Q5Q+FpVjHcvwJ3YXWVwBE9PY9qTEBABKR3YfEpAVa2tfhsBsFmUJOGKsbre7c6goB2WciEmIbkakGshll7vCeWF7ltMHKo3F+HUuivR6E+VxzMotKcyHAX3St0xwpES1eiaBp/9UeTmkOCHljUhFQ2wMzpFDiaql1wQarawDhP9i7pNKNjH5sROXrU0MAWEh9/yJXUFaw0c+o2674hHrfURPKyrKG3Goa6kllwlnHdfO0m1Tochpf6/ioTta7RuXiQEPT5CQRSKu3ItVDi8D8qT38yPSavG2rn2OChssVDU3CzN26t3RzrShoXUi3ah9SaymToO/rfgYFQA3nVvrkIygedqWPG2ndIvXJ98OUZF/QZs+whBcNsOaoJSdfi7LucjfNXbPmV1O05MuVlU0UHYMbks0m5YNIPvqGpv/idEgvEGbYPyBITUTkdDmjdQ5C7HB1k0IYy5IBukrAsv8a4cqwNBJRwj3j4qcRTL5SD5GvF188njzyFcj+1+rch1KJLr1kxAcyB6ZSIFjTUXmFJkgbAE9G8EkmqGdK7F/8NAfdkamDXFPvadsh1AJhcn6keyIEAiKE/J8bzgK8Ireito1QS6NDJH2viKiSrjrI4oUrscmIKAJCtSLIYQVkcNsSrXqiGgozCgNiyFz54gHypbtG8WpV+8YB3SwLqkID37lv07DkbbI0ZGaZIshrjX0fRUnAGFOEFKoZmC0PejaHQQNDKS/g2KalX3wEEEibv7pYvblv37QBnp4yBxxqYohs7GkDGCGq/xGi2t0bTK6fWdENlUDkr9jgwxjlflfD71aomm7/odmnEA5OL/Ita7YItIBkQ6I60cqF5XqxmiZ/oEarvvLFZlM3WQEiDdWiMrqllrELD1F0VDaOaG2HIaMMIJL6JEy+VUa3hs6Gpjq04IkUbwkAGAKVCfE81sjNU7UfIgriCC4X656qZXI5yHoU07o+Hddio5sFusWq+qwbOjM4NHrzlp7COuRRayeqUswSfa0ZHEo/9aBDo7jPrgfXm66zstSUN4dutoJKKpr98C3A4YXWsUH6ECA4e2p88PBY9SLWlK8/tZpCU8dgP64j/ppUHUFlrZFXrtoQAUP9rDOj5ugrJUG7m5VDN6nVgrpSSp0R0E2aU5DNjRGbkJsrcarDzpShKwbd+pGm4Rq3QnoQPxEwB3cDBplLQ1qMN1TnPbLUpf5bRFjLnyZnhmj5Si8SMnHV0J/oSxQ2/PhqhSp0gjwv5gAlc69FyYB68T1o3i6YG9j16vVKwzgw4XCcxWArvAAiNtmeIaWG8LxIYM3ImImWo3OyCmoo4U/qSXti6a72UHUZdJTootgMc0TQ1Y1M1ohb13OUFIFZ/VZxOE2U2IkxMXUG+YyEQi3ymixCNOfixesZPjTP+JQJtLoFxo0ALTkelH2NBlNgWUyfkgxND7FGhCaJBff6QiMKaCRe2ZqRtRzTJGGXSDSVZSxFqdZJlkFPLEOgrT2wmVeRNDggksrZtHWvMJiMMIwyXihs9Jd0ft12rT5GFty6nKYJVtfIiogJxFDfkIuWdGzNZJ2FNyDbGTC70MXOq+QaOrnTtK4pd8Nq7QjzwadrM9DeVMmBseoHZQeY6vqri/EklVNZmweGPMji0Ea0VZftwHK8/69dGelTE7ZmSFY3HGm7TrT21Y8y1Lb5uUneOp2sWdYhsq4z0kjj14S3EoR6Ul5jRXmSy1R8W/7uPwxgwfKBfP2TIsnV+RoqUSVFDZ4Pr7hCTScjuk+yiYtqxFBZk7VmMduPLR/rxa/uuV7wgQklxspdvXnY6LAlXSsoeRJFO5whvqH6O0BDvTPsKvhWVT7XVG4yeXy+5q5Ldagbbh+sXTT8a/Vh79aVV9DJ3B6jxKMwTd2qIXIUYeGG/tKEcWPGaXCgJvxpBCRfvQx7eIOrRQIA+KzeCkyndrRPXqs45K5vqC7LaXzVDN0SVxiyNc0Gyzl4MItescdiahYCLYTe0uUgP+9/WmxKNlq1CTBjT60o+m0oZQ3NdSjXVd6xZCnK/ifZ7dbalLeKSXWoRBPxFp8NxGV9FJrWi6fSmDIvPT8RD2L+6K1LxwHDhGqzsk7ZjiRxmxfVEubmshuGtmEFOEAvMD8qayA/mLhG6YWzSAAqA5KrGyFCMy9LT90Xt09LWXFA1oKsAKepOCYNJrfQ1GmhW9F4MtbRdj60haUvqpyWmpC1sgocqydDyiZsYwVLP3YuUImKiLFRhNY2jhOVopzebxk15WrqzLLqs707YVW7vQkJiiUeFFQvtyTVTxXSj+dE10lM1vWp4kvKU/KOgadBk1FfXCvJPWAuXIVxsnXDdbaMmjxsVmvq0QhtrYu+g5WLNWRLPVeVeHiTo9bLmCnjEsl1uGK4UVL9XaULQgYCago4tw8A4J8sWiVvQ+S54g4u6StDMjDk38HaRlWtYe1HtK8m2xuoNdjeLG1TQw1hgJqNajKpWnncS5ZMYacGOtLXHc0GhTlklpPLY57dYQwFimSijgnOEpttsQbH9OyGfHpDjxqTZYehjbaXNCf/wxPXoySCDNnEV/W6eCxbNeGh+OUtDfVRlBDpF8OqLlK9CkKUKQxZTUAF7VrLUSQzWQWb1PImZQ1j5So3LzbpcVqRWq/nRtuIyFRiNrA4Z4oQS9Uhba2B1mAig0VCc9XUUMM1WtvVdlTJtDTfFM8QgHgFvb6AESo1FoFe8hXuxkY0kEWyKYRGSSypZEROjBQaAoytAK6CAEShCj6J0zgEHKcaQnCI57ae8izOfDc5gqgWif+aBlR9WKeYUQ1b5QgyABC15F5bM/m3qJNU46ska8Q9JxTG/5JlJ2YGNxHMai777oRmNrmqtxXBZz3h9Jhu26AUAgZvlUGLMpgrtm+iob50nqc1DqkF1I0S+4qb1Z/KbcPmdZPlBA22W+p52fWYZZh6skk0uEL6U1bMQISBcYum60UcpBOT6a0uemqdDhJLnZdOXS9JJWVYPCTHhidVPcdAS+CQxyg9qylqHW+3WifaNHkYRzlTW4tPUv2Vw9VF24QhspsBxvo9DzVcVwtOfrjq+mq2fzXFKl19e9C+klUifd18HdHxCg7K58EFRfu5SXCLpmHbW7mAGkWNLnXNhNWPf6RqlWSulLo1S7Pt11Zscp8wqHf10OKwTfsCYAtuK6LVdDp5Q4KUoXOOrwLQTKumR7dFX9eAq5E3YRR5ZnqruvmauFMzkD3Y4pSxvY5iqGGgIQzrbKVWegUrNqrOhha5vo6G/WZz21LCHxL9rc5VUsCCgfxWEINZ7ZdysQpIbExCkrEo9JvBndg0dLaJ2FfrBWK2MWbua3k90znLl4+zG1EDsnUdG0XHWtW9tiQgeK4WKUXUxzGHLfHYTdLT8HBIn4seWwjlY2gNNuu5GMWWMSwtaD5YzOw6dNNSBU1AKJqHGEDbu2HMl6VK/du0SIT860DWVmq1rGVY+cjUEkF6yE0aE3ZFui1rw9GAHiUjHwt26+mrGNLQ2cA0aL+TFjlMuQvpFZEjIOSnI9TQFa5VPXhpcaR5ZjDBVqpt+ortTsOmMPPLEqwslmNlz054hpb6MllvVJUw1JWbQ7vA3oxkLAiCEgZzvfWuHia9NboDowypK1Rq7AMiqtnWLhMs11AUwtLF46PqtayXrK+lNkukH9PKaz13IGYOVZX4e3HwjMhSkOr5RsKTwVJHd0MXNQPLZGuxcxVaBDyJoKvZpElnfWuVMH8NoIDIrUYbVvHHipvIyLxGpqCtTWuIdchzWraCIQOTsZ+93bafUUn1aBxVTachn/X1dcSgDvNMxChew3hz094pWkFR7Hf89Woubl3WCcYMCVXAOTBQqbMOk4U8IfJkCVtZzGTXinZIVzSS75ap5V/cQIj2on/wwxMCzMOaewMo0dfhfoppz1CRXaqDENDAY4IMEQvItLuJ65k+IYeIjONrqmqFwpHdbS3W6Ju21qXhBqHMCwAAyb/eQmwFeJFgvnF8btdlhYWUeem0poKRgAD+1Iz1d3aNNNOgMfRgxKt7BF8nAchUtAVF/UVTgZ5O16eZEYcCzbPEWcM0fzBPzw3tbYvIp17sguG912sAMFZMM3KWgNxtBkwSEJLpc2j6bVYQEBVuNJum95mOl9bQhNofmA9ouUG5spFG4lVgKlvOSyoTIUccAJAfkM0/AaxnzvYdrEIBB8DmZK6ekDqIjHx/rULVwUXpXw1vZgNr/AIBDT3EDID1gT3bEByrh4cqJ00N81nuCPgAJULIll1oEAIG6NcUFL8bY3E8g0SNBKdmiOb0TefWzIE340T1xQGOkTiqUdygulvvBQwiJ87PFefEwmxlAMQvNNTGmTNLwIhoOZYOAdOTKJaZooDrcMaNyMQomOBvlWHyWGQFWx9HNyQ2JKGhVgO3hgg2FFkOrywnBU/dyjbHwuqgbHNGbtAhNacBCzZC9pDVGuHMOkwYmkhNcE18s/LQ8q3kcNVmTTPWILu5CuuUEb+guxri2LhIjLcdoR+gbZGGemieKxuyUeuIsaNND3qyiqkbrhPSj7DrpFZ5HfKoOpcoDfUDw/mEbZ1ia45C2WqPbCCP6qDvUszs2pawDcVacIsk7JRag/3mqquRzJiEYOt9kMIxBIhETA/aE92FPsGshrrKGKoD5Al5Dz5cCtD8oUBywGYNFLq+djjzbgjPFdTAFqLyZ+JIGFlITs5XDnklR1Sthnm4tGotN+S6kLPWehXELiH63xlq9ZmaODJV/wUq8d0gkIY7WTHP6vZwafBNIWktrsRXxIdqqfbA0gbhaf/OOF8exa3guMFJpAxGtKsQSF2tnn61asaBJRKDE1DVi4p2recbCgvtMLByM3hYdRWJ+t9CdmO4qgty30HxaxUCqL3KAKWtwpkvKtRJKgeMbK3XX0PxcPCXHU+u2KQIsjEf6RyrD9BYgtaaDOg1Dq0ggAm9rFqO0+bpb6b38r/NwfOh+4qclu6NxxuDOHL94tanzduTFQaPsdZslOVDYtBCwdAIT6acHFUDZdiV/n98aNXd2EAmzXmSo38Na67JKGsrbA9fBQ1jt56EDI2TYiDuk7SfI6GpLicnSKs52LZIT77Dky9fY9X4WvT5NSdpTWn0kkkwBmkROA09Qu1KHcQxByCVBjxvCx02Kg710CwyaReyts7spGon5woJ8lvCSu0W9CSfDOXaAxMc304ohDWDT/t9tRH4arygGqnRsf5Sghy5MtSwUYxgm8SDXsd2HbkiuYh1VpkkPLQEIJbwsPmIr+mkcS5ywEMpyWzcdaR9DcugCIKWQocVZVJtgDr+cilTcVW+o/RD6r8VYLKJAkZEYpg8AALs+35AiyS6TjXzj8kmoknOldo3XukwfWV4XWc1Wgnj9FU+t5tQzgGU5y5tf0LioA8wsx0g2FUeysU2I5AhU9XMnXMTGLGUNWok8gLfJKlOutQ0j5dmZZ8tbv1KQcW37A90SiS/yyYL21AasmmRG0wbIcNPhA1CnfbOmYQ1EGdz0fMoPF1DoN8092/40HRy2JcJ9emuloFu2lOnR1mNRSrESRca2ckP2J3BvSCrbie17aMAALFkrMY0iPlAxxBPdCu7RjY/UqlwzslWdVzHQwrrtv6a+c5mltcNNB6v1vMC5l2THtuP3vrAVq0GKqsttptIswJYDo9oVnOltPzXlDTogQYHGtMbk+d6D6rCBTyU7nylXR3iz8o6hYDa7o8xR4toqWWn0wQ+I9225151u6Kr9XIxDZmE9uxAXVSa63LyrVGsOoydekgUYPU+Gr3ueRODawK2pJpfGFOchO1t3QyjILRVzBzusEwcDCvyWmtIpgfwVyv4N2ABAOSAGAAgRIpQkGRDywaMBiKalc580O7Mt/BM1uOQLAYlUNLw2U0gYT1yrlgeBG4iEHaUDEUG8GurjHgHczGhKTJDZ6q0EqtO0z0cABLrGi65qXY1CjBQktZ+6n6dVx8RAUAIocBJtdwmJJGL5Pydn6hDQWsuhJfwkhnJy2qmNhwf+USCnBEo1xVVvIJjq6+IBMtMHgSlo9o6WQ+TgFALqAjBrfvKYRWqwwhnffztEShayUXDTURTWVEztjXUpkEEPUmeGaTsIRBpcVHKr2fQniw/4VYIW5l90TTyf0KzNzErxbfMQg03wp46+IQKYg2hq6FB1/Vw3HC8N3cXjXQom+R/RNh6D4CWUWoTxYOuYLWzXNomtuuDWb51LFGjGilsYa4I7bbySZYBeNHuiPzLIZIrGh5WuqpqpFEGWWI7JS7r8JAan+rBm7a1GWs0ilVM9Yl7l4Hk3soUxJq3Hf7gD0PrZRZLfR6wZvZYoMZkzbarQiRFSTXQGqU4M9dwfUfgVkoujlDirM86hDK1TSO2Er4by6OsSqvxUKfNOo1KtLLGsJyM6KquMyharW5d/XXsl69TQbd1i+NFu47D1s3YxXZGlQHyRlpqyJNf9q7xraUTI10FxAOBsthPft/Mg5GBWmMah55D+X1zlD5Bve/UvFqPUIuh9YeQUakSpwHJbZk+Jq98JxJoB09SpLCg8wYd4xaMRQBdq9r41+w4CWLJ+0Hu3HxJXDXBpwitxti2j0ZXaww9UFuvqlrf5PhaXtuh09Vj1QaptmQ1EgPgn0Ustes9/FEYjzDwdt/6pRmNxg3vheUv5PRW04b4mVR9CtmOfpeFU3+bnZgBhxZC8HvzvsiavjnJi5+vKzoIIOX7Mef3SkPMtxViYruRqhWrWgLqkbScuzj+FTj+1j5D5XhaIqLzmTJBhpk8XwK2r5gwumwK5dk2fvDAdOisKZqMyFDbobWsYx6dlqhvrazjPjdzSM0R66+mWnN5oGShCt9sJgNsVkVSYinXqH65opDXgoNNsNiYkavjZjRSuTnr8VVrJX8KqYYb3mWzGVTGulQTc9QaceVqghUPnyDgCi4ZyV3ZDLDPjSlBEIuALWmxowwVJ8/Nqo7Hqv5q323QppIpbReEkkI5iQdf2+n6gXOfyCzji6hmRDlLnSZTaK2dwdBkkx4VFrXqSVDtJbZonjSnsunRAk91sb21c3lr8bC9Un4KjXGtJxjDwkXGstVpL/Ggao8Xogz8Rs2yJ2YFk2tI1biOxYy05USTQ4091HZZKX6227amP3nRUg2hpR3j9Ax3ayTMqQOoe3XGtml4jc9l+KjPGRIAMuRgeKV69tQNAL5mwrfhG9uFUVNeAJcLS9ZH7C9qzrPJgkovGjwB5/0Zp1nGKjwGsqDp/xYLFBFE9NvOdnoASOmdj8Tz4E3mTIV+wrBwhe/zr9CVUQvH1Hxry1AzQYaVYEBTKminaRlPxvLkcYyN5S+YfzuttXVhTWz5S4yGK5LG6RlUYW+6eCj2dUknwPGQ6WtDFwWB5FdnSPpHWPXLLwaYEmI9X+k/TdxsrRcF8hSSslamq5qAxE/dUcsYNmW9EL/GkcaTlKVGk6aHahpMNyhoO8C+qTx2nBWJHyAec0j6EInqsk5havF3+il6qE32OnxphhnJJjaeysCBdkrbSh4o3Vjhh4tLFfy9Eqw4tzQSdYcQ3K06sBzS7XHZqqVzhNsuYlmnw/riUETk6XepmKH11XWUcI0Q0MQHWnNWymRdxgOn1oTaDUu0hqaOma8VaffY5cqYmezZFagEEhFNmKLp5C7SpZrygqWCupsf2VGEO0Uro5S7Fdiqp9VWSo0UDH5pi8bJFa/WX/WjPAJxR/ppy93aQ7u5lyms8+CLYabvcCU9biz/dXSlvnrePulSZTHWbrKKZluNp+wvUqMJDNb5mnOsuej/3+l2VLQ8Z8YarvlQF5WargenLCb54rMYbVcyVNousvVekFJTAa91hpCakO35GD/afm0I7zZrVx7BhEzK2uvigk9/Vlnfd2BALZRjEUJbvFwa1PQ+wBgPTojngpbaVhYJqmVyX60MUJMI76CpOu9Y0enGatSxnr1mV3OsUrmq7wsRrUKkwAdHc4ta8Ftn16HuVsnBOKhrRQFF3XVbVF9r/FmYI1ctuq6n7JCqozCkkHWITw3o3haVupVrWCNwLzYS5buzzd5LWdoAgPiMQxX/N9FsNrkVkcx9AIQJV1Rt5ONQLObsNw1KKgJQxcd1knlDZcQcD5+lBjDsZcoqQmF18AmFc2aABpHr5RgakapkWU62K9e2HqW+uE6kNET2ylFMsFecbu2dBl7PNzz2eH3NvRGTnRNmwwal7vYkiDzJ0l6gNUDmCgdQDQNSny2s8fFrdaJBsA0+wRPTXHIdfJqapD67MiogzRzQScnUYM/q04hDWO0rpNroawGat1a9xq7Vg8Nga/RAjU8DJI0sE4DHEo3TQn6ok5rgSFnZSTtsPqkuVM3xujT8T+MZ62r8kTrrjL5mEfX8miiL6/nJdDs+a9V5Kggnw4qBmo5IBwKH3hjhYgwYwG11q4EgsPxrsEUVgg6NlbYQAoZVhK9bWtLZQJ8ZZApJa9rBFRUagQFZV7V+odFH7dZprygoyMFUqc4NpYL6occSy6w99KhfXwELE0nrYMchoD8YABgCx0ag0a8gZqLds/4w/i7csiJjTrqS3haSbLtgqKLD9XNDyueZuSpsZHqT6qPdr7kR0ogIWnpUs81dEUjdHkX7cDRTa9SHcpoOY6QV+44E2iariEJTVxaI+MBVlhtuMDLGmqlE3cmK0J9sZqXVt+uBa+bciH0cfKyHdrZAXRx3Ieu4Lp1ZcXt0NUNWWISB6TeHdttl6e54rm5oymsWQzxvxbueIWdQjP8vFQayOKZ5letdp7Kjs65Z3125RblOKb21ANQ6AiB+KPHNLZy3O8oolzjRaTGpiUA+7+JORZQe5OV4YmDFwmY7xf1oI6kI8FNuXazL1yRboFX/pKDPkBGuL454zCF6vppgYSU97vpXP6KMS9WV5qDNtivrPOmikyFurZ+ECK3ZkOy4Q1SdbLfjVNX9+2hnlbR/zXXq/w9KEVxDeLJmTVgyAgk0UEtmsOzG8NUmZGpCCBhwCmmgUoGbtP2UDYzym3rzfD0ZfmjIG1z+bA7/r+CpKjZThDJhiGCP649YDOL6qhYi81FAndtDa3rzRiY9HzeuCB7IfTvQoqhpbVpC4Xlzi0+NphiKpLcKTyLv7BCa4IRm1ra2+TyNuocytVZioibP4ckh4odAGrSYma8z5fKXd9kU2lBENq1ro0/Sh68bZQztSzq+qIbpRcvMwKTKlk1+Nu0kE26guDe0RyrfwfFB8CFbCdYIRFfT7nI7O5nxIYCzKuniZDXASBMvosbLWvEN1entIuWD/Z50WR+ym7IeBcjvxEpGrfnaVVN/OCypw7aTrTM+6LjRWbfDARTQNA2a5icdW5407qAS2/jSsqcjZc19Tj21Jz/NlSXx4UmA+jUX1u7rpksgvBfBc6uRrofQ3rNI4SsiIsYYfTp5GB0PrXkkSD88HBBCts9oHhkV/18PReNoPN/VJrF6FpWvA7BXx1LJQo8nF/CY5nwkFcHMqx5LJlsgFViItZoexfKWjJF3g6VPySC760+OAysLuckOD7MuAR64ImdGeCKKMc3OqSXXDQqSxA5jofwAr/fD7EurDqkaXItE6VWBK3JfpRpWXdRioBSIoHxeAW2akUEtrzKm7qvFVgR/II1bGQWv4U7+lwzxBTenVBvqDiELfkGkjdl5SqAITyRQz90YBNTMkLpS3L16AtEgYQFPLq86BLhrI7+q6IM/Mnzdf3082A3kpFq3LH8dqBySwCDrlUlMarMKkrb7bIqwe9XqmsVZZdv/GEku+ByisyUiLTIEjCWFRy1FT35Hd+XKoLq7zi7oiKAOVB/rUDbzRVxXbq60uquurdr51LStqVm17pvD3vJbKZoWHSXlZkMTQJ1AeRLBZ5PgmvkDwM1VQqCsmTS8EKBxTnuRUd+bcOcV090eYGlKwGkkNxWfX0CBW4CVzLntu/X3moam454xKG05jdCOQKjMHUHJqEZe1rV7eliDTZCm4UENAWujb9+FPRIEtllUX+KB6tBL0jM12VW/JhHbzh2iOtLZnF2Lh+pWqd2U6eaumgyNVfdgPziym0k10+ew3TmJjKMdzqlVok8Ett7c9g0t04bsr9lOzxIFeklW0D0GzczQLv+9dskkxDzfZM14NvnVCEo4C7asoKuKUyWEETFQL8dQMMmugMALAkCCmFfCIsMa9DqfFQCiqhCAItiC7oustCHPGFgk2zJR6CoVgBbESgvBfPokZRJWL5FeRtR0+nlomgAAqh+PNrAG1Ve1yRMdOlQjukFBsWlE1DIyQ6AcGEjcl38THaWW9KNWGgCwLBz6SQ64gwqfehiHYN/UDimVnv9vm0uinIxYKFOROcO/gAYQqygASX+RfrUgcw3UWmZn2tyr8fDJ1XTiiaWhlknbKek6ataxkVpCqliemVCITSQgahUkpk3WnD1V7Yey8YECJKKYJiKKEAGIMARAlMNjDe++1g6P295UXszPXPeeZ6K6XdP6tlYgX6Bq2Yb8i3bNKiBZ+WilGc+655yhKSRy72jeLSKSWShEuVGJntBoPq1IJbcgkGcC8mFgl4u3U9QS5DsZD2zWRxflJYWrmrv9STHCoFiFrc12UHXEu+gpCUwBUPuoOgA4aYabi2uGoAqK5DkgeHlPUzAqJmkk9sX5roO7WmAde5tWjfy6iIRXalLJgDJIbeZofUUj3iJw2iwMOUzDRqHIykmp25gdqtv6tGm2sfXzE5LPUmCdwR4AxhiHtmh5HpQpGxAp73qfbBEha8ch6sTpiHCbFHLrDIUeRX8dSVsGCDmCxcYzFU3u2WCAhLChqUGL+evUHM/TNBglaQX3k1OjDUc4P7QcLRvBb6aBlrvykKCylMNjKT4XgwitKZj6q2ItLY11DO86HOqtlluvWZbCkQi5Gan62akb0hGbCXlGRdPnt3GcT0gNWxPLtVc6zmK0Y4nXYqQ+AgHOJtDxG4yWkRZLIoqxvG/biIX5HbaMyGsUKPSoVFimFYHfN5n/b9OVPCgQUSTo0+z0rpkBPEU0RafEn6lkj/7FaKHWGA00jKoWhB/7J0ZTIIJOqT4RJROtnJE0zxdRVASL+iNA1K5P8TJPtXgAPv1VuASNguZj0RoNFRAhlOBQO30CQJmN0jkdzCEIoCQAoLSXzhkNOwEsQbJwLQ0YlFmGACFVCRhaGsCsV3O0BEm8iSnERgIIIvDp172U+suisz5Syn+mSeRYWtOMEItIZYpIbqIhJ98jRlcEKLke4uUrjE9vCOVV0NhZsxO5UkZAMUd/+fVjCtwpMohFHXlIFkYmIGtC5j+vOJWWukMCglhyLqlLwqTUIKKlVwlKf6WzhGxFCeW3AJHJCwgBAAMA4aRDAIgEyyURQIfpOoCxHquLOFyFYpUfR5PcajqUBjyDYku8SxLzKaLSTG4CAGfe9S97jlv1J5GKVTTJtywQ7XlVQ0ItErWhVF+UoyjUjkQ+kAXjpF8r1Wyiouv0XU+lgd/q+MojVRVyUAVFV5Lt4Qd4t26IxXqTDkoIoGQVJVkwHCCYbiuq6rtrJXFqgReaLSWDSCndBU5TKgTlqonPX1/gTWwGysGCXUr2xk7VB7c6DRpyTZhyMP21Iw6+pysjtAW2eQTRW75sfwn5F5o0qRLXWzUAkP3PdiH1YZj1TRTyVZaaa1Yg1ni2Xqa8Vr326E/uiIM59g2QHm9ISbiRuHqsQ5UTOmmj74Z7UjMaKisp19SuGBqVfBIDgcoYrUWVXfx61OYzM463K6x5rZAD66gfv1mnh2bOr645QpsaInOwbq8uNg0gV8vdtG5aE1mndTwxBJEgAgBBJAoIm7MQI3zp/t1b7l1++e7FV+7afeJY3F301MdIPQAhBMQQoMsAkyLlwBBUNjwNZtA4+2tkSEqAIV1PPoEjMkREQJRTYDESl7QBQkTpJ4bFpKISZKKYYGtECBJqMsBPrjogYgjME8qoXgUSKrUBDMYlBCCCvF8WcggJALGYGKJAAASBMns4RFf9A4DZVUUJPCm/9j6RzS8yRmKW5v3dDBMT7zlCYDlKE2askn6+BKQKESP7zPAUWWC5BIhYYphcPYmJ7BNimjPm/gMgBqQ0ZYoxyZXGdPICgrS+KeIrBwvzS1p4uyJNNH8LEEK+n3uMgRfcKkTMqL0sHoFkWKh8ED6KXZMASiEmkiiSWEhywcwlZ9jyZUA5aZ6PiuTVRQKKMckoWX0kioKoUkdBhVIW6SNHkWl5cjYlEQtEectSXF0w8pDmm/vPSYXCrqwlyfwg15e5ZVKEeF4DdEwIIS0yKxfqjeS06BSJd95RlEHkJ1fICJobU0Qg6vCsM6YvuHrvsy/evPz8zYvOmgLRfJlj3rwdqvDRkI8yU2iV2nnUDkVfyRCosFOUtFFTaPCRjFBsqfejQFZCwIGnkoYcrZtResKCLMG2Sg3taKDjzPMmw+3FdSAW6DWSRN4wflzZ5whGHWu7HjpLUo0sdmvGzGt1rRoYaR74rBPfJ9f/2Mjm/ZFPBvSuEQyX4dxaqKFzBRYDUoIBxd56ndDUDp5scZptLUcSnuKw+OqYeDwJ/rfiUvIXoKEEA3qnM5QGz5tBzcXB/U/TgClxNYcSP3JXXyz9rUxHtaCt6VaEQBs+wTQ8efKL3Ph5HD2EmbRkL7AAl8FEl+XJ0OzqyRo/MdywzgPVaTNfVh07KSwkL3IInlGmjs4zKQJG+KCpUpZdXlkj9DaWcuTknaYQhnjCfdopFP2pRWJNdzVSTipv5+hxNQHaU2jrbA0m0ozkvm2r4GDJhMlylnWp6YGEPhtED+U4iaCPRBH6CFub+Ojh+J7PbN946+KeB8LuMhDFxQIixj5GpNhTjDniQKASjyEAIUQCl5OjEkZxJAgZhlMmSWyjWpoSqjLxBJCf9aIIESJFku1HAceZrVgiU3FIxKOoiAA5cCSZR6oTA6guuWPKHSmkDCmxSAkzl64BCSAiEmGK2ALHKZG3RJGRI2TUAoz0CfMvUzIPEYCPjIiLTXGK5Y98I6Ytf8BEhkKWbGLE/xIzC6U/DqPSIpUOo3tNH+UAhcMdXk4Oa/JaAGGOP3P4CQghbfFhgBywAak+hRqAAAFFKpKYIKXtQZlshHTwOL0ogOWHk+hA+ZxnzMmDdHAzI8WQRowiGiwzAIR5HzqH+LIQhEApji7Lku8nm5l+9I6r5J1FSmwnYB4RUeQnTwmjhAEAiMRTFo6lgDnTURadEpSSpmBhBsnJeGMZkFgFUF55hiwOwFLH1+VtZgSAJOn0oiTaviCmUwzyU5rAyRXRWSogMNmhYvwkmUIIBBQJkSJGNnyhQ0LoQgCigIs9m/j1z9r8W6/bf/GZ3aInihAChKDXBJQ+5SH4UxGyhvnlKnpe9hbxPGqfjmLWtIiMuTBZLfZT4nUHi6K/fb9yeU20M0SYdVNVv6pSO8RHSdzwBTZAdQzfpME4ZeVF+RtPUN0YxAmOV6Os05BS3GsT8ygH5u+uTFV7OJfUNkNcu3BFFsZ+x258IlBxWMPa+i4MM/Okhm6KcVu2bbekLmZZUiGh2U+yDsMgIjWkYZ0LWaEhlkIm8ROkLlUkyRGX1CgAZj3I6vhYJu44rPvN5pDYoWZ6OHPoG9UianCsVYfG/mcjGNMLMDStEXOHnmWa+7XYaeobQunWAKvrLTLHJXjw7qjNXV1GTY8Pk8QKK+H+qvJA5rRifXeQZic9VXZA4dGBtILuTCXWQX1koZb3v4BZSoVlVhUx32vVZkrUFIZc9ZNJvFV8wOolzA3jm4DXSQa9DcVBLPhK59R8fq3RlzdAZP5x5HKv6wXqaXsqQt9DCDib4kdu3f7t9x67/V5YwmTZxy7Mz9i3PO+8jbPP2tyc0TQk4BkCj0NMR5DRg8G9mYooO0H5OgKGHAECgg19crVsZrMFZ7AtUWf+f0zwNe9EQt6hy4jEAtBKDiWwSjacLyj/RlX7pLkkV6nIB0+RAAgiInGUKD412Bcp6eAhcabsxhFgev8TonmOrxxrTr+LzdejpZwBEeQznCBIg4JSX8o/Cy6hAEdNCBw3ZRGVZySheB1Q8RhjQJCYQ3MOsKwjZMNSUEX6Q7qB6CUCJJlK66m2RyFLncggAFDHXUlwrx47ZJkESEsDUd4QGoAg74UHUCss0gZ65Yo5RBB+2XRTDsbzfwiAARDzpiwFyDudIuBEvBIkj8um9cJsqpgsLEdaqfwp5lw5lxrh2S0FCQmLXOkVMS6HgCDkrfnEY6ZTr5tsgcpqEveCBKB+gyRzkrKBo4wHiQgiZU0H1resUDECYVzSiQUdOrx76DgefGTnyA4di3Tj544/+Oj8Rc/cfNOL9x3YCos+5zwyG1soToDjULGAdqxS850z6KRmDeMsZ+Skr7UczzCYWCdI0DVb1z3rGoSN+BqinONowcXG9KqLJL8hMTBNHciJ19FMRlR7YdTSijbVTbfbKqxsWL0bc4TzLTDf9FBqCKX1wB9UkJyNswzdwCEniWTK6E24sSr4POmBlEcoH/Q6qq/jst3e5bbwsnyW4LMxTyrzdyDZzNGPRfwrO2qUQSGSqbHXG4aFbC/dlERP28Hg+FJobyHX6v1P5Q1UaGCTNHp7UE2M3Xr2WGZFR7JfikLljlidebPCrqufh13U7FRQz3n9TNg4nY5dPqlj2UV5y8GbtjzTASn3JkPx06TlFHN0eqZ0671bGaU5RGWcRFBRf3VJSQc2Cg1q2GZSZ52SzHrRSQM6s4ow3PH+lDRjRle/HTy3FoU9EDZFXddERrtjEASNJLgEihzeKAkg1clohts/TWTmxe1rmhuVFGuH8peqLQM9VWKEZYQ+0qzDYyf6t/3F4f/94eWjx6cUF6ft7V90zd4XP2frkjPDga2wtZHEg1XfGizDmixnWSyL5S50FZNd5XlMR+liBpEyCztcFmZmBVEB0qggoOxRGddt3kNTtkptsed40Gg5qH3Q8v90Ne+XUnnvSj7Nqhpy+JFdjuiFTNsA5zqqMy8GRgCAyHYNIYV5lA6jAotw2doCAIkH8hVKfgy4h+b68OiVjBcesD6U9mJ81NygOBFUs2u6T+GtR/qkucYPeqp19mTKtEqXSmDcGtY2FQCaKqsrtO6U55tZcCGyqIoVKwQr8p1eaCnFMtU6ZlFs0n2UbTgAJkC9DEnbFPuVtcBBYiX/2hvZXKlkQLgi2U4d6emsuonnAUheYUTUE80XtLtLDz/e33z38j0ff/SuB/rJdHMS4OrL9/zYd5xy4Zm4XKbzyMQHHcryyj4xCWlCb8qeKLagaaO510hNiidqYhUsgqd6sXbHNjE8bgMD/sx4Izs/qcCtNAOkaz9o233YPcwxGOYuGgdN8mRxET30TUWCrLFzKkdQyUzxhxZEiac202TsN0A7NfpRSMGFmY6zxUM0VmGstJ24NXjjuFRsml6j0pu2jmh68IEGz7Y5dDLmTUi8gjw2qFIbxPhYIZelHNmB0PUdaNfmsfSt7KsUwb26h0rUNf8cDUrjgdgh18kL0XSE1luspTdleg0lRrbZm/IyNRbCcMM6A2EFT3vgxcU5/lSyontonfdoFFSzrbc3ef+hddJyuIxrVB1/11GN2kk0IivKMJgglOm06HQNh0C5a+J8pZBnU94CD0zngz0zedZ+qXGM5XUnAfSwK0qDV2roMfJ8R4YenVkQ5TQdDgtuk0rpeohyvfowYAhyE3vYaXDR9QLa0LTEn0rgpZ9G7rPunAQ7roEJbA8Nptl6nHEwv/JUBKdI5Vqi7gQ1VYw8wrKnSQiHji1/+92P/skNy+Pz2cbG7ouu2frWlxy44imTjRl2AdPPsVCkGBkgGixmWWC8CaBNyhpXAB6CALjK7W6RL+iKVDdXu1LGbDsi9CDaqqgRW1prrpdq5ZVySqvZZqXlNG0zxU4C7KciAJ5wrCnLb3NVZmfseExVkga0hNuvuZU0Qwg2Phd6VFFmxgSgDRFoHfUZWkdXo6yqsskx24S6uiK+Jhv9LdtOQzH13WTqfOFnfcvrZLUYD8oqZG6YVzvr7ItTRd2S6m9YLMrQ9AzaGVimZkMZS4fJVQ0UwUt3qt6V8wUEDB11AAD46NH+hpuO/58/f/zBI9M9e7cuPnvxlr92+mUXTNObmBAAQ36rlsyvBmcupJA5QqNykVReqby8Q5tOK6FaO1cuT6e3ata35O7Q9dxKT61GZ1TxwWeyT644OWHE5eGO1xciAwlUF+pRVYDqR7NHKRl4Slb1LV5XiDX0tXposEehI4dheJSGRJRduGY8AMULDCDwAX1vl5ZB0ktlURY4LRiIeaAle9AYyYiZhibrz8E5hIYWq+uu1YqeiRQtsI6pI6ryf7wHIzPVfnmoqPw2sStWGuLiIyvz68WfTMpAzVJFx595EnJYqtWLjGRyecMgtag3mOsjna8sTagjR+eMrKAZcf0s0VD92vS3lWfQxXppHo8/pX/JOTVLy69YN15ZIyfHwwWxaaoEcdqXaDWq+f7UdeS/A/Gn4fYIthJCU8VW/OmSbSvjT82u2t02lZDk15/0vozL0Vt6mqLoJzKam6zpGclZNGTVxp8gK2OkkoXWWq2RkuPPCDFCJJp2eGK7/513P/r7H5wfn0/POgP+6qv3v/4Fe/Zt4KJPIF09OEYG7LYYpISIqq8AWlYa3pNc5Woko36NUGRd56sTYEMuSfSdbJOCD+3opExE02IYuVrDpYHh4f9PlRHqDRNaxNcspdayjuQMdU/60vD34dZWhkZd60hx7YaHR1ZZVSEJFBaj1KYXmqrRohXtl4aarNPt+gV9v17rG7DFS5BO5fNuo6dJ2Q5AgNBBB4BI3SRghDsfXPzmnz5+483L0MWLz539q+8546nnTRY9AUAXyqu8UyfjdtJs1zSQnNJpFXwMKcWTiD/T3xACtEjNLqw1h5OOP5t8UDs+q+1U0wu7UUxlMEkIha5Bra+PP1UvLv5c7fPKUCvjT51812uWEyet4NOhLGK6BuNPkgeYDHsNBGwtepZJIHoSm09yCcSdDyCcJiZvQBp/EgV0K90jQPUmITD23TFofVPkoFpT+A2Rre2u0T6btrNNiauKMh2V6GzHn0pVVu6ZZWC/CkNCvWTDvq3JE4wxqhZqvFEnaU57iodr/TxJ3VBvLbaTMU1rxHZah7514X0BH2MMFScfJYSoehvqUF+Uz610VOkTtRTplKlOS4JYPn2pJkPxpdoqFLqd1VbNxNYAIrZURTXlj4YdTONQuiHfaiLEIdEq3qJhpGrijP8YWXE1Yt6PX8OnKMS2rsnKRrxgXMOZNmGVsK0zdFPMRlLXFjIOvo6rbjhURhM6GAn6PoaA/TK+7cOP//d3H3/kCbzovOmbX3/6a5+3iT0tesKAqLYQwfysX0WzuorlNalFlHmFzUrX/RRIPuyLiqg7JDtQ2VlPLZGlq1bitBrPcIN7Jum1gFNG0xarAkDJrtdK5uy662ek1A5hEPzZW3XzAdX3ZQyVNokYpbjA3SHK1qBnzepCFCNAc8/xau0y6pLXajnIeM+PepJtWy1AeJCjZqHWOvlkygjFSoDt0ERNYW6ojFFp2wIBIL2OqoQrsaeNaXj0ePz533n4E1/s58vu65+98c++85QzD4RFT/lV3cpvrxl/GpRsXGUDvotQjXQ+frJmfD/TuFQwsmv0vfYdVY7c6ajCBo2iJyX0jAE55e/VXXf4yMX02eXnKTTtSxWfmPnm03ztX2dwOETTPGQ6PAnqu5m+oD1rq5VXEuvGXIHyQ3TaB2qEWe9xmSOmdp0MNlbzkUCxnvVI/KmrrUidGEQIDraxbqoObV4DlIq5JLsbekg7RsB8m94WHl6jSRZMDezXCWG0uZOZ0gCiG1GocZc4gq5VCNzQKH+pPGGBkF+mMTgoENDweNyb6XZFUc84ra7bTM+MD+P2xwfj+2GZ0Duoumb9oVCpFGkoZ1Ca+ykoXWjTMzZhnRGj5g6npXbIL63uXzX3zHWViv6k3awB8ospq0Yn172xHZbwkwEzrAole7Kq9VDEu2qYXPckCKtEdx2SkMtaFLpq6xK3mhhZoIpdFBA6oI/cfOwPr9998HB36mndX3nVgdc9b7Pf7XfmkdJLZNRTWLEii9RfHhXE+wKoNHf5gP6K6QGF4/kzImC6iMT/8desgcSXtCvUPQ7xk8yHMS/bItVeaGkAAGT6BQdUXlYqCoJEqb9OYXZL32Tn1cRVqO427d0aQ666mefjKyMvnyMR2/2irkWQ36Oq7mIeBPmW+o/Q1S+F9Cf5TxYL0VNUvnlVtdLLnSMvd+EAy7NutY7eSz+WZ2WUVmmlFTV3NPEoY1uxdEwoHyi/LhdNk4T+MVcwYypYDXrueoRRmVcsBeEpsXVKMG97Hk/fi3//r559xYU024QPfWbn7Tcc313QtANM750eYLFhLrRZSlS11sa8CvCaZdAnqiixNW6yCcYdO2qGBGEtjR73m6386UgiFYyCYln32hIYKtehdBCU69uOySN7XO1+ufMq1mm11eEcQO1lm7zNnRdX2MJZ5A+qFyKGfA1YY1M3JicyVS+Vd16B4kYXLYvoSlSmjSR/biCl9dLu42UkrT/axNVEdWuNHlYJ9yBKJIIRQVXbqqvKurU0JcFsuWWkRUSUXmM/tC2eD7vKezHsk9YmDGtzVX0dUnHgoYsHU/YIiSARSfxLApK0Y6dVbVTWeN3bEUAdH0q2QG9spt0819VQ5Cl39ViYXnyQPCxlr8PLQIJOkDDNzw3hxnJfETHbqNSBFTViF4cas0K10OxxpWFOZWHpGTCfX9FVhR2gO1KGxjCcMU56qT8Sys5wM/j0yozQuJgFwfcjoA8o/xwrPxftCXPprjoXWMSgxXxkmaxf36sr5xHR4hIElgc/TXOhivSaxkVypc3QEPlnjfJNopYQy0yzHFFFXqtvNiORui48eji+/6b5bQ/C1lb/qhdsfdPz92KMi0hdh8gZMwIkwmrnEzPot9Y1RRcM1UitR5HezFw2aGJk04USUCFB+pESnqMWyvJ7I0XGLUKXBSqAX0ht9ConurLtAkU4ldUnTXH+RQrkiWWBBUWLqIpejKT5UBav/HiKnqTqR3EUiEAH3GkZMC1Teomv8ehlAOlfuTUTa+X/XJzvOJoWh8C1ymtm+Y8IoE+UIHuNUlFpXRYfEWPKXCWRhPy3ivpSoGkWFIGQxYQ7l7Vgz41gGwmXk4zpQZRRZ7OgmFOnDEwfPLwRiTyidCGrzgtbZMcYcpbn4h/MkMoo2RkLdkgSJPKfhbyoiZuG7kz1zjqk6lLhI/evlN+Jk1YvJSFsvPMS8iqVN06LZmW1TT9oBAQAAU5s01NOD9/zhrPPPrDc3Oj+5Ibj9zw4T4sTSWfQ+HdzIGtPOl7J9lbNKP9LZejsRHjFK4wI4hMVsHF3S4UMCJQiGI6WIjZKY4bmmrkuHHlsrYpYgPIywh2TOFOTqinUpNYXwUhq8sGkl1YstLMwDedldL4qChI4PNmkXJhTWCFEqrvN+VaEkSaJZ8Q4HQT2qTo64ipTqgRJNUzU5J90UvQQiaFhs4aZgbzAqVuzUoRmyWRpuF9HhhaIBp5h+i1PqEBG6ZXNoZdbuQ5qBYUDNdvzJLhaUw5dZU+wmniZI7qFGiwtfa3q1OmIih7Mfl5YZbQ7rYqXQ+XCoBKaYjFaRGoIo7EMZO9bKAn5UzK/HgFkouslAdFlFtt6z1A5eBMGNCnWc5ThivnOtws/SiTkhLVeVu3ftak1My0eq9mPb7JaKvxEwM46eSCtiQgcE6r5ut5qGzewOora+oMug1rUMItyu/CmVnLnUbwJJScqACDGy+ylj85ai5a9Mbg0SlylRkFqtUBixj5tBQNx/4q8tMZin+v6ZiLG3zOkb3rEei4t8ye33Aew76w0/3Gl2nVYqlGLZz1xNWJ6GzgmHBYBEOGuRxZfup92duLTL9r4Sy88cOomHt+ByaTL3kggCrPQ8w0k5hiw/hLeqOMfmbm2G4UMiddX9etGVbIkP+siWEKIxbLW+UO2SEooTLcA2aU524W6kkQfOTHjgTlaCfPRQx6nAazQNSkOJnEwIZrSgn+2wghONsMp/GIsgljaNHSA00vyY5Duv0yDMD1ZCiewIKOLnmECTTk41m80HdARffpE219GcUnasw1MUlOEFDStst4GFeYPRU/yOwuLD6ZsjZSAaaOfGYEFWJlbLDNKqfNCUIqirXYY6ZT5lVveJJWGRsGJVG9KCOWnTfWiCqXgAmwktWJmVtrym/88FNUMGXQAxGximXRenfdQEfViGJ4qOEtioJKXCh0c347Pu3z2+uv279vsDz7S/9kntk/sxhCAeqD0+rQcHrMV4hFENrGyY5bhBgo4YAAD1/VXhdPKd9u46aZUV+pDXdEbf/5P/ERmPSLZZnp8RyqMutr6s2GgakjWGDZHb/Rg+xdz1izjLtjcVaagsYjqosG9LaSnK3sNQWhGXEJT4Ua1kOYbMJy3Q+t4qdKWfLXBEJI8mlyg/Lc2wtJ7q1iWKuL17rehttV8WIlEWYZUciUwyyBfT6DIpg2aSlrYU9lE3U7YVDDFrZgCIdRUyB9bxItEDX9gu9cwVjqg1TPyvCp9eirkF/VUXl0+lElZW9ME62WemYLGbAeLeDcZlLusBAmhbYt9sRTVXswySJPStkf57qih1K00TG9aKwlKi5+oMb2nzvffIMxedR/qu8M+yFf3rFFDNxGP0DrUR90fDaHGgYWwHqhNuOKMs18mRDHjkq0/OPVMWfMyKV1QoK/xlj8LbJsjNNRqyAUWxMPfdT+1YYbscqoR11Ey11+y30gEECNNAh7b7j9z++L+J+j0A+Hlz97zjPOn29ux65SBFMdmjGryKwRQ9iQqYSWq3nMJdh2pLWNqtAJXreeu1IWzjO4GNiiQCWinXTq2q5OnxpeL0bMD+UmZ3TCFlr3+YGlRrsggOWwH8pU0wYZTBjUwJYWH6VOZdXFhg0WWPTUlRUkZwhJHUNiaPufNUixKp6sXpGs6bs4Zi8gV3slOLXEYZyfALlpTavwPmop28fOAGUWiXn3DcRnP7O36ySqBp/Jd9iioIsPw1eQWvdu3S+u+qiYok2rJVWZH+alRJUgZrHKWgofR5qFBtidWV8BiXziiQM+BVmmNxjkPRAwBFsv4quceuPQ8CFuTD968/fgREmvQOPlifY26oRRzyJJo3yEfBmqjc2RMfW3e5XiI4BD5iwwW1wHcI7fbn4eLo3wIMtUVmug8fYGae8OlEfWVD2PhBwvu0F3T1TgBqKy6XBUUroXcQ74W8dKkJe081ti8zOemsdRlCBQ3tjSLH6xGp3aTlaW5QJpRZTVtflgLUuU/G30OoXrE6ncuijGWxWqZApsGHAhPVX+ttAtaW2EcEJQ0yFDRnkv3QyoqptHHWYfSZEwGus1PAJikgfOvyrDZoZbmSu7fZFBJdZ9DvbKR3TCFrodGRzYDwT9/SPJYZnZqZmJDMzbL39I/N6IjbMjeyVcRxKFVqaMaYRRVrxfTHabhpb0Bv6omVDIhD50b68w10JlsmxMizrkTB895t4EloK2LbspO9EsWlij9+LfMo4BIAlBYnpg5CVkq18jtsiSY3mSV9fYT71np7JSVpfaECvfSb7upX+Py0eAQipHZtDCk4Bpe2ZbpHFCf+laDOUowXOJq0EtYWULdpZoOKDNtxLUYRyCCPsJsirffv3v957YfOxK/7rLZNU/dnHZwLMJkIh1xI8WOwtO0YsXYJB+MVJphxT4/X2BxQP4xTEYDoln6XfjFU9kjSA7jKDqLUiteyY0Sx2fBq60VZtNPmHiP/EsZugaWwNLqFADwbh1rubAEFW8ra0PES4zFTvJCE3MCLaNAWYyy5gYwISjyrZC6q2jvAdMjpPqfPS3MyD8emuKpnJLEzN7KRYN270lqc8VEq7x4W7UTNFkWmCWk0Cw/3gnyi01u2ZTUIO/1m/vAZwTzfEX+yNYqk1Dyo7lrZZ4zM8gRp6CtkmcmIasYI66L6qsZyrJME1LbFLEawhhMSSVUzfQEUy1/noyVLau9/3mhsgiKREAE5WZEZQA8A3RrFj+oF4lNTCZ50uHunM4/C5956cZn79q580H48n2L887oAmaKrKZlUykTIkWPqlYG5R8ksI6PtKUqDARmbtM7qHGJRn2WMf7Q+MU4V5zxl7EKekmmTLtLSr+6msdz6VSHx2p4VhPg59icldR3BshCID+XYfaavhEMDlFMY2ssYmUWDt1S1tlkJqw5ffYaBejUlbR+KUgmSGZwDwUl6uBdFO3iUTUe5rsTeOWJqnd8FsSi7Y31vbo3tVdWKsCQHCpZaiExSM6jGbMUKGQDBI1/GjMnIKCAAZQRKlNWDkQEr+msypIpFS4xXk2BFfWkfWJEGnTyfE0rCy1ACQM6wloslXFb0qgtcmZp4HsA+kUeZmndoGKtVb9+WuArG3WuS8NuSuf6HE1zuIHM4sDnuuIq68baai9K2wak9E6sRV37dhXhr7fZq0srZvYg5iR7O7k2dchdf7Z2p50by521TIYm0CN/7pyRv9bWgT5SNZvgRO6HTL/glGQwUTXAtOHY78kVl/rV6tlOAAGdtAxYKFqPPuD+EQAefLy/95Fl6OjpF88uPG82XxIGtbOROwGC8hIXfdGQ7ZySNQt2WEc9yd/q7qrGXMnIdHmUUoGaAabWAuKGbKZLyyf0l6m2Lhyap88ZwDcfn7Rt2bChevRN+uSAXU9QHoHExlOzqwoajlmqGgyQmlCOvAggZcKFtnHt9mpg7GHacxUIpAgrAA4J5AlQZkKjswFuUNY7qlpYItWSOd54CSxzb/N+cDns/rtCbSS+ZnhNcfVCo1kkSfYrJzSsgVreKonNZGPl4GqSB4SKAKg2iNq6o7U6A4Ka+NR1EJCuffrWga04X8AXH1jOlzTp0q9pygpJk6JXJv3atpwkeGkIJah1K9WaBt/QzRabOImAbSLXKs74O4jvlbvVuU9cmuon66QaxYBOA0tGpICr6M86m9Gqp3e3BiupPt1wY6s2XEzoAaugxTr8dD2wNVhBxgBJ7Rojgw8Je9s/jnYlkkn5ievxyhYjN37GxVnEUdhTyK7ydKl76TB9bXeymmdVw6YSjYjW0N0xZdSh8sg2xtCNUiFXmZRNEvbynL2qN+FAkVFsTYkPmbPpis0oZLvH4czg2jXSaSDCVGZGBczYjgpkUJWT929ly3z4rm20CBlmjyDbx6ZVBkZqmy7zEWUEs9tPSIUPyUZSMR+8m6ozE82cDFRqQKw6JIlGVaFsZroMRyswM9CH1VgIKJJRMU0IY6qUsGYc1xbcnJbjRm5/Unk1lIXwJx3Igw9J9aH9SU/kN1CUHGSelE7o6vmUkfQRAu1OtIYUAza8WNIQWs5jUETREKCLUxydC9fpPTAvWs/ahaqhdMfzNrJcpyMaJgzL1B87Eo+doAOb4fLzu9P24tHt2HWGdWrVkKj8wAgq4lgNqp1bcrSwprISZY0weTtUsQoPBwCQXxiVT/2WH8/hiatvpW3eqkwKgplGKFWFdUY2sRgU4B0lMyldV6FR5gm6NmlbSR0KyBOxnBFRpwIOS9e8we8Xk6R6nkIaSc4ZaFvCAUxZp3byS2tzMeh5MMMKRIlJ9BSkE+6HmHGSDhRqmZfKZskpSc1qIpmNh86ZZyY7nysbiJu3Q7hPiZI9T1NKK3NBvYE+KwaaNsRUIxlxpzKN0pm12443eY9Eb881nDBm6FTmp7rkMcVzlbFRX9HDSouyQyyybabECgu6c2DrZcEFe1D2d3pvr5jrYukyoYkkkVm30Lx7rnyVUrwsrdyg62B3ly4/b3b6Jj0WpjffvnvkhZtbp08xVMtd7E8RRKfghY2132xtoEl993VoJ6dwOPlBcaBVkQ1StWtF5pYddMhVCYzJX/QK2Wp5XqqfOstvrvAqNDYD9ESUY03tScOY5BeUgRoLAstqjJ0/LGDDQU9Q9kChtURDvaYFsGlb2XpBjvPXQ7Q3pcKjx2FWGGhhzHfu3C0frFgatRdI1WmHsjsLGQi03hiS/nEs0jNyGJWTL9H3JmYF0bWwxFsujSZTTAU0wwm2LHUU9XW3hbFN69AC9hbt5J6Bt0K1aGnSG9NpSloVO6zME2WBcdLLazex5sM0zMZKyYvCcoMlDTV4t6RZPZFu7IGp5A8rztwqP5GNAvBDNlbf5LMxu4bgtX7AxxROLcpU0lgBgtBDAmCGjV41tbZK6wCj+O6mnJ3MaH4Uo1QIijPGrNuGWn5BL6BzyWASBG6h9UBmWQXr2IEzeBiO6GQEkecSc5KJ/MG1qdhST9t/bWU9RorOkjQAxJDYD6tMiVelM1J/Bwrf1MkNgMr+jJQuwO48Pnq0P7HAS86YXHrWJAD0PUw60ErBLkZl9J1LJUN8PbZFkIZuNt9ZRtgUFMVTjiV/Ij9jsPdlTHXbWBKolsi43jS0Sq+wQxHVHWCviAWIghtDgppEgTxeOdTDdJLswfLFdtG00syf4uUICxna92lRKcKpD8lqh80CVhk5BEAdSGpimnzKky/ATTo2YbGVKL6rQ11VpwQxHGgVGoXW+toggSizySbCCH8h03p9G+5rHurT5Txv8y9BTsVkhy4d+afWLPfy64XKghFn3szrvqoOeCaGO/ZKqU8VIiR91y87ezcAKDmpKrAxTbKDKR0hE4VOpLAcWVYsSn/N0V1EnC/p7FO6i8/bvPvR7rb7dk/s8vyQGYROKryJ01MYMODJmSkN0lzXALH2rSMhaPPQY2N0nrhqDtb9OfTvKHcOowkVhgd36ShzRRDdUDHqzyttbcKYVx7ZO0L1xH4yT1lOLKrJd4XIJui3rMS6miLT7aCMBcx8uxmh2Ztqvtbql3x9df5WD1xZ5ooQL2DKT3j1YzxA/MlCF4f5huTQr6qYc5IvxhY1A/7sk7xU63YKvtrmmQZFhd1FaHOrvZxOg0AFnI7tLlyUjEO5ySrvUg9DpplnnPkgGjQUqfuWBlM0VS0A+xcDXcw0Mn9XiHuTmNKkqTkD6j0wMUwzqm764+CFl8l2F0HghL2jUflxuQjkBNqYAB20N2ltXZXDSABUjdde0aZYlLTicHG3URnfauw1CpHXw3xZscgN6sO/BmGcDx72gNasq8ukPxTi1FLSkEcso9sLEoIq2gwdjoYV+lDqnexigZ2y8zorS9mKbx7/cNTZUVs2paFytQQqZmR1m3QwX9LRE3FnHqcT2LsZAIBiiX/MExHy39ActdMj3aBJoL/qJUyLnPWftaix19K9Ul21aHeBgU6EKO8w1nKTm5C5wDOodFn+6Mnk/xSfipGl8m/qtLxcFcqhT2hxDIdZrA/FauNbsTJzLL9WRl8qFDlWmAvCDGw4ADRtyu0CpgZnwIuhh2wLE1SV6qEa1VHO6SCUw6uizlKXqpag9yDXKCR8per5w5puTb1ID4uGqgpl7fJ/Et0bPokc+Bc0iUHR8xCOkAyvCLSyoKYyaBnWsIoqn4B2uIZrE5KHmM8D9hRDgNP2dxSXh44u+kgAEEFmi8lS6vlAPh3lJGg1/UJb06Qb7XVmnAisdxZYCPpfTWTurWH23Qfe18ztlB5iHlpoYErWlOiSoWs2oOrDKlzU3p7yjsRUsHszZt9Y3pUi5I7MhPusNb9UyUa94vDIpMYnK8a/eVdTgcYoZ3VYZ6Gai9MABqv0iJuZmTbET1+xY5ejczKoapXyBXbvcTAFUcxjZRkQlebKuC1SC5GOHmcB+HbTBVS9Da9IAyHXF6s6kqGt2vqRksBQPrfTHtHpVxtJqo8EADApTskQY/si/uD68z/mQ6baqByr62YsfSiKuKaET8o/Kt/PUYeTIxS3Wi6MkMFfjZAbBO9SYmM2x8m0T31JVI/iyqXfemFBoNRA8SxW6JSqVUDO66yMZ0ouR41SMisAWokbZPDpCrbmdd5FTlNZF5oNPNaU22lCTiiU5iicNORJW5fU1LklscJcw8IQPmCp+7dZ1Trxxp658R4gIal5oqOZtx5q27hL6EVXiX8zLnXbfnnHPgTQV0eL3kwQ+5N+zQMDYEjdYMwUErBjMPQRFNRN6NGiaLuseNlXEULTyhdUlFoS/1ZEMc3Ef0hV1JNVWW7+p9CT0Qiy5aH0i3NFTqAIT5kDygwNBGIGKtVSwokZ2MuM2bBJFIn5YKzyUszQ2uqX+flzeLw1qQCJQkLiv6URyvs3QPNbTU6vn7b5yFzVKywIQVbG5MflnanWH1EWC4UMnJHO/OTKZKogj4yFa1oplYWRqiUlUdC3IZdhV7FvTBfxMqDoC1nlgXwIDc1yNoRJzQ54ZRu7fEKSrgc8IUJeclLvUfE4y3pJ3Uu5rZ2t8sakDGsatDgSs8B2i0DcjZIRNu9Unr/JVIposlaolx6nefFGgDpYas2iKohaQzPZbN4zo3hk6DoApMWyr7pJ584UbDDCzI6j5eCIrYQ16wrtWJuf+1GBRH5qpp0ot+nNev6aQ1gUZ8gr1SSJyTBo1d4dcpoAalHQ0A3F55NANYTBjcpCgBuL2sxQ8XJWgqIQqPY8wUpOEpCKjzoLLId89DBu7uVRkdbLhJoxv0ekAz9i2eRNNfs0LeAE53APA8Cxpmoc25Rd/Sox4QNRN551+AVCWBYx5MvVTLccgRONPjLNNaHIOTYhuxZCl3LyCTZ7RdtAZw2AXaBeCY1gGQG5uUld5wUB1LrYnWdeBRU46Ok3KldljeDInzYHgKCcVVG+qu/miCdVisqN10MDvAZ60QTVHZoYsvLFQ3Oxls7hBu54BfFQUMqaRb1vdr1oEKwBkkHHm9REnlSRgWFgXSpWAbRmVBvp8nSEGanS23HqWhksS0sxTO0+nOMcGsg1aXv3hoo2x21a59ao7UzBmDRW/NRHv6w1WU8YWpXcJm2LRgQAigRAOf5k/5t/zz2hLAMXTeOGNq1iV2pJjPV1qX+p2Ren7yIU6LulirDGE6JamhWW9YeIwM7T2C5xdKhqV+RS2vayb8nID6haKJd4zo8HoO+QW9SSVRiK1VWeVqugWUa/nnpKDXDL9U3KyPxLfiObSr+Vm7BEIgoDeAlqD04ABA00CL434M4MKxTvZeq6UUa5vl97wBTNtu+gCKOdg3qboIiCwS3lbiHLYyXfedu/GbiFUJIlmeeUh2FuVyCnURSpLe77JfFShdai1HkgM0qraDWkIm3AUxLJWy6XMfayzyNZGt1kZBArDg1BN4LW9COFsvyX7DFX752pfZpJaPDcWg8urH08J9dW5Kzi0UlSsrL62sDC6Gd9HnitTmsXXJc6bd1KVT+5srKl2kN6Eu8mBKjI0+FNm3I94kryNOqvkUsNHXlQF9I2CW9cVsEwAi8NaW3MKtnQFAeKmgJjtVEDiTJc5SValFRkrygN0776aN4agcmqwZT9qoiccNa9ZBkIMnM5/WuX2fh006/s8ljyPVZbA3ZLihEbTUrS2Jgwb2RBKMKMPth76GUuqRpla3gzYQCblx0G9HSonqtrKIPkZ6wlA8rz4UqNYdOuY0qoolwpkxp8cgDUMrmAob5I1U6dviK5Q+9ClGKQ+wkZ00kivko4VU4Y0hJkydRL34J8igyqpGskD6d6KdCO1AR1uMKCTU6kZTfO9189PaJZCmr5UO0D+Dpqe9CVunNOqIuQ81emleR1LtInW4ZCvxUVUq9KrxOiyEGnYYLuMbMxysHLXC+yuUirSpXcl6QjvxWHn6XinDQrsigVa0VxWNh4SympyRlOyjwVfETk9QbKALrsjBRY0TYSuYnZaoFypJJHR9BbNYVYldZle5jiMeY1n0Z1Da1xVPlMFihziEbxnVRX1lzn6KfwnKT7MmzukMrTuvzkZqWzmObMQF2xU4uR2f81sIPlmZddU07GcvPU+J1E5S1HxcfI2EYC9I9BuCUmBIpKmiBbniTGNRtVzp37VDl10QCeLmLeVEbuWIm4160sEFrqefuCeSXLkv7Vb2ApJzq0XwBd2qimYcHTP1QmjjKARDtY1qvYbGVASNqqV4SZsxqFccTrJL2w9QZ1rEZJDxtCrSBkmclaxvTxc2jcgGWJZSu1XcYYgYiiF3QxvGnhiW2CRLF6P0YrIYL+KTIhx9t84SKjrwSdtWeXvZHinTXbNXd4mDKKlXEl2R4a1bhiKD9OmZGmvt6tGtyOVn25zWThJymeel+Peteam6FZ0dr55skm0OIWzDFHWWA+XqTsPpXnIppRKDn8Vmx8YVFjUmoSrphVQLMTPgRLiutXa+QVUw/BPVNrxR3BujdkQfUBldZWN03IGuQXommdeEj7rWhjY+5aHJR2sLkoIKQQY5fDCzxaP5+dsYo1yvOt7BGZyZr5NpotOn4SMaHIkkZ3pJazFi8lKmVWAv7t0I39duBjYmJk2LMJQ+T4ykQoHAjWq2XOXtbWzQ4wBx9OkrzgGmtisht5yarIr4l9PamyQroQQfLnWtR4zlCZA7Gt+vcemwCzWPC8K++DrnZBAI6sfdWBGFKZPCN8jbEG5NK5BE1nzVhhb9OCgJVj3RBa1sAGtGiqUJuxjuxiaMSC6/jN9TFkW1tf8zR1hRZp2lW6OmDUs22Mag/hPG6eDuXoJuXRmznXcQGjjLKNjQOvDcXGGaRckV2a8P01kpqZYjVccvoEgnCpKKl5IRLxBbbI3J/7o8S4YNgmDdog6r0gsf5QdaRKcQ1qiSUUS9+aEoz+m1Dk4wSQfSKenmAkFc8nc65HlzjcDaqVX3RG5Q8kLFeQgzWK4xWzNWstZvbG3NgtNp/i5Ft+2eR4MI9muKcFr+Zo20qg7V8TWmRfoKo3UUNqpN+kq4ay1HIkaOumGg2HqVfZFG1CkBFqWSY7WT/51J7Et5f3RuqoRr2WWbq1Nth2K2zC8m+R15rl3rebXuXZ1xzI6ZfnMgEet7mhik5IykSbZzEmlcXW3rtEHiRuRVtCW6jwQXLv1kbwYDnwiYCUTnlULEmK6h9T0rNHFxll64SFhHK9RaqOwA1rFWeNP6rdsNLusVKWxngBi1HHuyj06HDImzIn+GQaaro9SrTCbQgDAH71FrDYYKsmiIOun06wUwDJRlZaQJVBQ2i8Qt102Jq6I28o2mySJ4iUqnVpdyIrYgfVFNajtKv6jovA6JBYKYx8HJzdUMJ9uDgPhfU93Z3Db4ic3SW1E1YMYHnYQxvxNlWNCyIK5d4I5NaTGTnD1UwT1KtfBkbVbIRc7j3fs1FGY76qAjs3x3xxVRBackZF5WyqqZDfkDgscRHmQ37jgp7BnDWasEKYV5TGeKpPomFdUWZcoLy+VTofttT1fNODJ6aBcrFCW1HL0ZJsSkX5IMfa9Yu3Mio3PrRr71et0sNWzx74yHMRUrPg37qw5qtueVxEqHZcySw6K0JlkBwY0rG0mAFoWgSetdZwx3AJ6RvpMWW+GcgwXW206UtjccvJEcXMqgwCWyLw75Gimvi1CgIARID8k3r81A7kz2LO0+eGZ0ZzgTcfAXg9rIHLC1EUtq1yZqqKiFLN/TfUHPT4SRLRD6rJK4fyzLFIlp+0VBLZpeO0CK1JsrynHrxhr0lk2tRuFytdusj9OeJJ/cP2vpqfAXjIZh8Lffwfh0kCbqR9dhaKf+xHNPvQDtSYJ4sGcSdFltXFNH39xl+2+ww15ZVBLRnI+RRtwqUTjYzNJLS9BxDxryRNEZkWCMXjt5htrtWZtdxSMa4t7QApduW3I2XWEMnTmujpNLrpR6bCOrZO2Ua2gby258gEOu2l6nd55IPLuzf6zz3oatVqJe3LxlpLp7OwyDbLdULK/PgGNVHkfGLbR2vRG7TkjFjTwAKa0RvGXFn3yu7TGE7m4hAjW+SZmXn6wHLeAx7bY+OonRJ671gJ6wOQCrM1OKZlyvXWdtADd9V8RlnFNn2syhru1YGZ9UPQ8Z5RFd1snc7NQO3VLKO0vzbitLXmVSzPgFKsKOi9ZoqXGmP7xMqAr22BXjWc+YAjyuXDwDHovlYhcxqCL0JJd1FFM9bg06PiBqkViaayXJbe1Y2JsEPnI+yRF7Mz4+6m6i6PrrJ9Tb0tdxFYIFReBDmCBZUPKLkTMs/g8pTLuMj9VMMq6CYNy8YM1ZWl85FskKtpdhchH75g+MaZ4HzXEYbuuhOd0lBNltLBY52TWMOcNTt0hTceDQZ0sVy5ZaewopCahTInIP4Dy4csWenh/6FRbOQ5lu3DnIik1pq20gcs1Y4bIpYjze2ZcEdYbYgZDZTZc1aiMQSpKw3hrBJpzTqFPIns1EhANMDshhy61lwTImGknOFnxMNI0SGl7PFDlosI6GRZQbWEZxkA6ONODQvpjhqInpQvCiRQru8mgwWl6XVjmUynJgjUSUo3GuNcm9ciD7lkBvy8XFuj1EuO+OynYqoFbtxnmi/xwU75eQlRQz7e6Q5GkRzmTqGlw6qiv9plQGkJRo5ZqgSYUSFCKUe+4yZPoLGyWAqWA9VG5lWb7SJ5vFzu4C2U2DEAACEGSmtlj+gqanNPZB67E/EuK48c7muVqSeJwoIcA0JhlsRLTK+4u5pfJTCBbH/yInI/eb2NBhbLwiEomqGlTsEkemQtg8rysLIYGq1HRjMAXyQli4pO64NYnsRgMX8IgN/gLODEtNRUVw6UExEyn5z0JC25paIvHH4rvJN/lSGdUlHrgt5EFyPQPJTWOpDpEr3CMa5UfIcGppgjUJlmViORdFYRjwn5nLPr1mpGZb1qD1vBHsWvQUQh5qt4AzBrajfu5aLa0jQ2mqXTO+i0Fw1OXDzGkH1+h0P0vJTJcwDdeoi8dg4qJNylBUYP5Kfpfy61zIGcGPBXI35NYKQjkITApXM1IyfGDiG067QAq0wh/Y0xmrBDFDD3oGWTxdcyVydf6uGcgmgycgUBS8ZTk6vpeFsEWN6YpWmocmdGElJU7LZVUjX7GiFvOhCbK8jXyCthUuQK4hY/oEklIluNuzcL4IZmqhrWLFThces3G8jWaJx8kDpNSzxalASbqerPLUfdKNrBtEZRoL/qb3Xv3I8XQ32zHsWtpKktFsoYFPUcY2OI8SujwefQvbWSaqPJNHdLRz7tjFf2G1q11PFO8DXlwwidwsxBOl2U1UpStIsFXCdV1hErrDVstAeBF83SFsJWf2xcGyihHrTpS1aUlKCOGX4SMW4wwxua8o+QiYHBAuOcUFQWtjH+MPOLpXATcoDO4N4S29j66rKAUnR1dBkyCPbmUKEKkWaY7KWmQkiUuYjZ4qQNE90NG2AFLoQB4u4x73TmMVBWCTUVeUjOVwnkSguct9tIQXcECAABIO9X8ijDpUA7dPPnZEcEiPKyq7LUZYkQCimqVxKmYt7PzfwKmmMof8acAvhUAoFMDSE9Gs38LL9O1FYPI2ZqeKK8YWkqMxt5gXhEXq8auGbh0uzgAUmRpUxLAy3w8pKIVNJXxv6GN8VTJHNRlsgufZO3la5ggZ1DgiO3hDx09RG93ldjGaORwXnn6lljQbWT1Ylgh0cHhk2jrYlUNBkr7w9Cg3qJLSCm+uKTpWSkRrE9a1U30ZftqKaTvWCjdnFC46USt1ZIZftsfRls653v+l5YGfIVZWSS+vgAewhF2XCSAFqk0sBYK2jMdqS2N9qHsKXWn1btA5exRzBVIcFczCaxTgYNdWFtayHb0GJWechojIxI1YeBoVIdVcstdLriIrJhLhV66vhXD6T6myBDw+JhePlMPk5QBJttyYvmJxagZMATPlaOxU5YpQGKjGLe8CzyLaE2t0LBnWoRGvkbvuG2YXVQxGSqDUmGS2YrtaH2iCXZaiZV7245khw9Jd9gCWN72H5KE1232Eh918meYiVKchfdHN3OhqmcUZmhn98pZCgc20rlblyk6NNj9ikOvbvlR5FVcOsh68TmkpeYr+slrB5rJFmRhgJUcqtalfXiOmprgV8fpSRWxiI3loOGZDL3deda+J3Naq6LmZashigd18j8ywedPCeaGud7F3rliDEbbIC0u5Sr8NSEyLQ6SYzJvjii0X3+FwGqZ2+UwGkEQGVUFgMVIyDyQ1hs7ljxaxhR/s2TKJYvoXksL59Am7jD8qS7Fqe8KOZJj7K+iT75wq0Vj2RrU1wI8XrVKg7pzKlVuML7VC9Z5hy3lB03HVURlHbpNTcixTaB6z8wWkhBMTQKlWlrz6KSzZXKlHZs2/OaI1uS9K1Y/iK8lGN0BMghm2xXpr+RqLApU8Ie1DAMsjXTUy7oCEB2wx2RwO4uc0jvTjM/tQXmpTLhOjHlOudjjQALNKtHYQRyh+pgeOG9CGPuNI9dBlEOiNjHor6lWpeSPSsVOaikDMr+7QBs4ioAIK8NYeIYw7B+yXVAVk0qp0L4jRgki6jcVYo5jfNx+12Ffkdg6tZtaiU3VMam5gaeeA33lRRd1pvUrs36Al0ns1I9p4j5N3NENIbtsGovNR2iKG5/GEMbhVUkgkiU4Ba+I1KVz4RYGguwtYGSOnuC5cmQtKiCHFR3bMqqJQFeLRsZaX+K4l5Kv2aKyA9qQgt/mjoDWwUjIVYBfgqwWdqztRKnY+wQM8G3tRGC2jxoUGWgLC+f8V52Em4j0TCWDUq6XyoLRrIwTDtOTa4ZRVFco6lCLYuQ4MkiKpUY+/MCigwe1Cqe5rBAvoHXebqxml/dVTAlD0WagRWGRCVtpJebZcZpB2jbUcU1XJPfsAMI6f1DVrS0FaVaDQChaDQbaGBrTqpxGhmq4hfYTd47yfKB9EoP61uZv+4EvTSw2XFyWogEXn53ERi+1O7B0DBCoeGnZ5ETSj8OGbnVFnmoEz+0qE2tM3LFhl4FyAgzicDi2WZpm0vvXQzFNtbRXqvMIN+SWk2RUDrsSdLDVoKh244ULcODjjnxmeqD9qqHMTlhWoQqRbE0G3LnK+GCr+AZldC3gkQjXVmS5FryDGQ1klXYiIFzBWV2TIKTmhY8S/UR1OuOtDFqE2060lYIbSPvuF032ZbwiKkHeRkUSlip+yzapilgOyf6ZdErKPF0x8jS39Q4iIdhfnBGpmgtpWd07TO/EgUzKMjePTVEdfK3VIdi+oPiIQDkA3xkmniqOfhEHbUKO7ihEQltvG2WgfIzx4mr5dEQHXwmejJo1aiM2YAEIUDiCyICRADI773F/Bu2TBtA5IhIYkGZMwIABTXPAJJ5wZDtE6mZlHyi4gOaHKPEw3mE/ObdBFSYLORMQUmHmBdzomABGbCsUFkxlmZmKagiP+Dn/YhhJTvt+jIqe1Y8S+loQMG1LNEQxbZJqyedDGodyEw3EDgmlkHKP8ybxHmFwL3frhGUv7jKwDbrEL8+XUMjBGj8+OcAQih2Wb3AytZTpqlFYSMLSQREIL8drYYrcUP1tsW1pg9WBEV1s9ZQDphzeK9aVVIhS8wik5/KMWO1ZKmiiZmWLYzrhw2XjdZKW7tIOl/cWLLhFxA2Nzw0/WZvg4fWUxATUCZexX51oeEKDpZYH8c1WhilvlZGUfSJ1SR9px6FOwV7d6QM5tYHCK01P3+pLc8IGTmJ6eH9iF40ELuN2/P1BvHsQQDd+pHmv9044jblrial9FuNaJyXjAsAABMOLtIAyGMJDGklXSpVVr1ikwI3B6y0sZ2ZY1tSiKk7tZ0LBhnrtiZILtSi39wfy95zWDLGY1MZaGUUzURAy2Ho7kzn9rNXj9Z0eJyB1ytbslPWIGlLc4cNqvrtKHTgqz6LW/UIAGi13FicQWsorZX5a09Wlqa5Ri3CfH5LMRyqibomTkRr1cCqju6z1Xy1+CnqKlFsGbIGAQ298HOVL2mRoloFxRlVi8y/dnHtU5kC/UsP2b8WO4bqNtsdvowaMchYstFR7LI1EXpzsAyhYBupa5TrV7Mh1VehUe2xSDdEHibwNPR2BwJILJBG7DCmTaeIKFtGqWoACJjiKIhECCFvaqUBOI4kNSTH0IRIHSSH0fE8eboF+qWeM5tI+EVl3WIWMUKECNjJAVQEBAgIkANjIUKjYMy/zcS7U1itFCX+EOXnB4kAMPLDXIEQAn8hINQ78fmfAISUA0QECgEBCGIkooABMfQA6RHlSAAIFIHXK7NDmwCCHHYypTmJH/LK9JHS7UBktJ+Y+QoiEkr2k8UrCUCAGBAozZTSKV8KOf6kCJ2c7tWqwzzOnoFYjkoCohhMpbF8iBdFIqVLI0FlIobFeo7mrfk5ciok2dpk/mFTx7t+9eG8Sn3NIa/SjzJ6Ytnkka+cyEgpGGEDFQYlkTeegVelHTIoJASy4ypQjG3+mvuNqPtTI7tqoN2EEKJujNGpr7VCneLoIT9AFCwIJCjHOJvcBl21WEcjrcU3teFiAzkwm4urWrlV6CIlcYSNBvVFjvxVUknd0k00qBuAqfX1us5Q5Cl3izw7Fy/yxmFw0iRU66hDU2JwUhRuBG5VGLUV1AFoZ9qaIEHFZDRSoB2utpUexXHv0ptAlnZqoFkGQWkywMVZDnYgpNalQn3mekudwaqH5kOtuHyX9AUtqAjDqoH5l7tKYytRJCI0mLNw7oBk/1NmosCdAk46BBVySVCAYUoZpsloUh8cidiUEsGLK7WuOH41jQqau1jLdNgaxel+s59WzKw9QovaAXvRsBT6LjRkEVvMpPIWl0K3/qsxR2O2A7OrOUbWfxCZ1df9NjimBCzTxM08MpcryMgyVWNPy3jAdaOKzbaqd2L46etsi7N9zszVrABlFKQ3139NmolQMmfs9G0zHXjUNIMyMVS/2t6UNqugteJDbs/e8upeXo2TYosM2RiGl5eYK8NRfhoK8nqDVEqg2oZvMtfWDKj8K95Id6kstXSmNCpvDpk5sTxyLTSHctVYaVLWporHRdLNiLmByvCSvKUuexQ5XpZtPb+xVC90Oi4NFCNRvwTsALuck2Bqk5NY9j0RAYYQQkCKssNGGqGrxxEJlssYl/0kUDeZhEB56sDv0M2ohGQmrN1EEaL+LQ7lB5C5EhAQzdsIOoCoT1qSeiq+/GoFIaYvBY5E5EOiSP0yxr4noK7rsOuStYpAgfJCIwCf7ShiQZgfe8sPZ2asEpeLSETYYQgYACJSesVzVIKhRTlRESBHmYEAEQMvMgZEAOoh9tQThS7fYlzOJzyJSOkELyYPxtvRRLTslwgAGDB0AEARlhSJekScTELejiprW4SHSOkBFtEr7E+KW8xU/ovIQs3/J37MMwUclX3hlzihqAELcA5BiWUfnR6QmrI2GsWb6J8PKsLmgiBokqXDJ8UkNOfThHFCQrEzDX9t+7aXtIur0Q7XcLGZD9UYW4sjML2NECRzbDn0qpL6oJ0JYozRTQ8Zp4LzLianYn2xpU1MWVlKtGBaTVMP0Uwl5+sWdzmWikUveyfMHLRza1ArN+2gJgRNFTxULlABW1ChLuPwdaiJDsn0jfIRik/JNVkVEXgjXQgYHr1Nj2hreaDFx4BugpTBAmM0sk95VICKZBDVKWkBEFZAyreagd0jfo0ptIqYC40+yN0WUvTlCk/K2FIpX9DXbQjj4pos0i6Asv1b8cPqA6OVGve67K6N58syVVMfKoL2k97V528LOcowVupB4HWxaj92X1mHdde8VRqxn+1QwYpxchsbts5UFVBL0mKoTz65uJ69GMp+NYiEgYk4h21gRnuwRicq+Gw0bBVdrRmdpm6HehO8mhs0SfKCKSa+XBogDke+DgmeEfV6yVrevQ7a6zIGT8Y20ofXQXk4TfN6O59tClfJ35PqUfQv7UUh5mcruQoA2IfHbXwIRpKGuYzDM+BBGnc5V1QeocvkkNBkPWXBRLoLv0wDlPDlMT7byXLk056O0T7pgIACziaT6eY0Eu0sUiAGAQkCBEQimEynW2Ga6m/vRool7iRenKSXkxADLoEwQre10W1sTAPAou9jT4g9pSchKSDgkij2RJHSfmBMit3TkhAxAMqaC73iztIWZYMtHDEREUTid9pIyINFcrADIIAOgAAjIUIgipE2ZmHP5hQDHjm2XCwJQ17pSICh0IIBAIu0hrwjSoiyGYshhL17NwCgJ1oucdlT3g2LKVbkl9bwWnTpY4S0BYmIgBAwRdqEARIqmEywm80AsSeYLxR3CPp06pUE02cBisBRMQIgYAAgmE27zUlAhGUP2wuiHiLCnq3JJEwBgIjmfeZn2liO4i3SEHngfGTXBgzqP+CYM0+EnQYESq3FS7L2oJLVEjCZahnMueCq/QTkV1GyT9SstEXCJ+P1nfoxUaUaURICpZtfm2I2r/R1idBauKUuGmAUw1uZFbSGjDMbqCO0Jz8XJiVNbKxeDUXRf+JbRMPoQvVpn1UbeSZIB5Cr6BovVIWggzVP0vO26R9AmCdBs7CIQ8ASguo6XMZmRwI/5R8NcrTzz99ZNyUE1cvqJ6vbo6Jcrg8ulhO/SrtHtlvWKlof0xRGMIujahW1Gu+dNGGloP40kDUg83mdxNZqktprMtEdVOAVOc1UIn5FWM0L4myFsZh19sXvKrqM1DoQX71URsbymqxWTn/gHKvCnKqGvtsggPXCBraavEwQKnNOnPNTGROSnvUWVnNcsvkVVH8lX6Qp9lG3DqhUGE2qcr2+qHpwPCm3WkdYM+yQZBeAE9wMcUn64MtQKOEr1pJZ1D8u9FprvUDymvGCtZ/ytd15zwfMt8Sasr51ImO4W+R3UejaZE2zdpxCbYYLtUkSeXPrAuW5wuY0dc7OjaXv6p61zGCei0w3jYalABRkp2QrCwyBPOiHxftz7pM9WPpqwFNRMYDyYxSFGSXRYMWsfC8RZOqdyfHxXf2SJ88/IlFE5pKQl4wG+0ayjkksfCaLCRRZKAJLPD/tZhn3EwEEmHRw8IEnDh964uyzz963fy/znhAACSYTPHZs/ulP33xiHk85sO/aa64IiEAxQiA+KBtBUnl9gD4SIsLxE/0ddzx89NjRp1568RlnbMVlBIgcwXdb0xDQS10kWPawvbPcWQKvMyACUkwnWCHHMIgAAYlfAGLWtswyQiRMx3WVAIou5HohjYMECIcPH/vkZ+5+6MHHr7nmqvPPP2s+7wlCPl1NlOJMzBwMAfPyIxtvxPQrQDjpYHu7v+2+R2Lfn3fOmVt7NpHNEwEQUTpRHGXmBD0ABg7lKAfTrH8kat9TeOChI/fcc/CCp5z1lPPO2JknTwAREHL8CUAUFU9EH8TKd4jz3cVjjxzd2V3u2drae8rerqMIcP/BJx555In9B/afc+Zp+/ZPY5+FKwKkvds+yrOyAAgU42K57AJhUGEYIe+RZoUKAQICBAgpbwFd6PKGOEt7eboyn8KmvNpKnyBt8ekQNGsXFlVQUgCso1AOzRcjXGwPFn3jDmRQ6VE9P1YGKaRxhIZlFLYw2VSg5EeIcCzWWIFjU2JCQwjnixM/sMyHTSXfLg6icuUF5LSCTw4t8g/t8FMHvIWtN+n4tj60UXs07R0ypAEAeUZAUUL6A9Mjs0tEsRVVuEPbVOQHTTlWqTFMmTLb5ZEAw5h3xi3F0DNSaYwi6KuCJQKgDbJCSdsYhyJckmqOn00+D10p3SqoCVXJFCpmluYcgtYE6A4bgJlTFXKI2kY0FrEAW44me1nDNdpX7rB0WiNyTa4ftOJezR+hpCRuLGZusEXdQKt6pmAjlkP2uK5b7eqapfARETVMUQPl9S36r0wxz9GJn5MosrJt2FJ6tcunQLKi1DBsAqq02GJW0uHdSiKzufAd2HeyDTLSSoy5vt6zECdVdEjJTgjd3ZJ9FGFijGmJzo+AZODKZlzPiEFS2bDWk9Uh6DjBTkq8cNd6pa84BbMK7I2xtf1DNGn6TQc8ROGVdgDlWvlQTR1VN8aAmbnUUqvVZljeRifWmhF5ojV/aMDWNAzbgL1LtV0OaAX93teOPZMsbTQ3V6qVTotIrqTdsf2evEqHgIBdQOxyrawl2GwEygqagzdyX+hu8qZy4SBdqBFVLW2rM77ga8TOOfdhAURG7NxUDTdSSE2aDUqlCwhOCMTmu0kW2jNAIsFjH/7wR3/5l3/57LPOfMuP/uMXvuA5CWAEIKLYhe6Bg4/+6D/9Vw89eP/rvumN117zf3chUHpek1/awXCU+mWMEKmn6UZ417s/8Bu//hv3P/ToT/zLf/7t3/aNkTASRQKMEQPubMPjh08cPnp8Z76IsQciBOoXi43NzbPPPWdzc7pY9pCjJ+qwm06mKcgLATqEDqGbQKh2WAhydJR+RgUDLOawO1+GYmPFUIMcYA5Ey2W/d9/GO955wy+89RcOHrzzn/7Ln/n+7/u2ftkvIiGESBTYJ6Y2iJR+XAWZhgCUXkG02/fTyeS22+768R//d1/64he/+3u/729/33fsP7BnZzcdds5sN6sMQJAj3SR6HfRBHA7FngC7MJ1M3vfBT/zkT/zkzs7iR3/sR77tja9Z9gv+BZoU4kEEighEHVGOdwQPI/92y+YMv3jnwX/3079wyy23vPFNb/rhH/7708lyZyf+7//9rl/9lZ+/5NIrf+xHf/jVr3ze8d1+MglJoDjFAFGd15/Nuj37p5FTVaJ/EnymCwGhC4BqsXYWMb2bCdiGFRutNcwtrXhKHUQZWVfiDiDmQT0Ca5mePyKgOrKcRLqtm6JL5ZJ1i2n6yhYIEuA+BSDKqXNlt1b4TxnTuJLmWxWwPV1i5Arqg1Rvw192oGJ+1NH/fMk8VMq33PFm22XbVyYnpXGVkDfUVlUU2DrgBq18iZMyEZeKZFy8N1RMlFI5fZLpCNutb9ATa/ZuBVMLt0pqDyCEOlc+iCWaM9K0Ob8yEFMlAVv5psmxsTzazUNIWDK+HDXiJXtXBnW9rEvxKu41o33dtrkECsi0DinU8V6LpDbWolbup1m7Ca+zwZNM9uoyRIZJjtiICRQHLH+MMEwKSeaQArLrL3ZI74RUWwHFWshTyyacs4JSPriJOX6pfnw4bj/Ui+FDL12aQ1vCXDIMwS1h7qH4Ln+wvJpUHXlW6ZYUgpaFapEkylqLuwwvNwSQarLVmVefvaivu7vNOiOUNMz30GK1i3oNQfquU5LgeWibmjqSYoTqzXuFZq0nnBMCdwLKOm/Xiey2FebU1bIYoCAwSVoIcFvHqfjgUwX2BrXU7JXMwkqnggkcNtIijUDUrlTCyaFDxIAYAqCYEipAEsgaGWmsevRjtM5kC/hLSXeBUoYm61WlRwQOJlGWt3QsFxUMQtH3IoxtESZLgmz86/WR1KRnIEjnur/EPUaCYiIoT4JguaBbP/+5T9z4wdPPvPDQoaPzxXK56EOgDiMQdJPZsZ3de++95+GDXzxy9LUERNRjfqQSIL9QhwCIkPbs3dyaIQAEgEsuu+zQ0cO3f+GT13/kI3/5ja/ZvwHJfRDA7oI+9KEbf/EX/9ODDz8S+77vlwgYOgSI3XT65u/8v978N960ubGxWPQAEHD6ob+44ROfvmnf1tbGxmaMfegwYADESdelaG46m4bQBciC0y+XsV8u4vLosePPvurKr7/umq3NzdhHCPwIJEG/6DnAJYo0Xyw3aBZCeOChgw89cOcf/N7vXvf851x55VNPzJdJR0NPAWHaIUy69BApEmFAirRYLgGwCxCwB6J5T90EP/nZW97//ncdO3L0xPbOdBK2d3Z35xEgRAKIwHvBZWW70MUupB1QhNhRzAmCPi5jJECMk9l0slgubr/tKwfvv/eGj3z9a17z8tms29ne6TAGDJhD6gixi4QE+flQjpghICUGdCHszJe33HLLzZ+54YUvfinkI7X08OOP3vblzxzfjk8cOgQAfYwdhHSeGfghWdGfgHDHnfff+vnPb27M5vN5H2Pa7ooxnapGCGHahUkXJiF0XTeZhOl0AhSns41rrnn2nr2byyUVXcgmE5XOiBK5gpS24FD2W3JDV1n0gytjfvC3WQrmcDdItIpMyCYOnRWLzxBn8++egysmPpD8tSQ3bcL4ftTAVBAA1A/xWCABCpxoXG/Zh+z+0tgNwoYCXLmVRjcGdqxo8wTF8dlbZQaWq6YYa64um7hdX9YbaKn31eSaXoUefvOKhrgKRDkMp3tIg5pQ3NbPkE8RjPbW4AbjsPCMNMlFxC9/a3TrUu1ZbOqcyHBx2wyMkSUvtboHt9FlBKlVZ4iGcb4NhXnlOuad4Tqu0XtUDVbr7RZZfSUYLQ2sdLM1NS02xoK7zlJlq3eN4WCFMq+ZQmvTQLIdpwfljRJMACLJmIZkuWoBX5oOs4Sq94zhbISg0wOuB9KaoLGhmFC7EkOMQK6Jrk8z59KPN3zaLtsq7chK0cHamR/CketOtxt+sAplyx2VS6jJ0IBW+U3DGaFTD+Tm6Io4J8bHTmJ8ZfPZSl6dJtAL1JyXU2Cq16LOPQ+smjc3rrcBt9G0bmU4F8NXD4eAWjIhz5VmniydPUuIpjFrxQ0nkwVbVNICBoSYTErpNp+GHBKI4u9rULAWbEIAoIAQMMWfcqRRy6+8cDalV4U2AGg9DlihKrVbTNoSyVFjI7op41dtLZKdkXCt6qBAvCYXUOXKS3jZevMWiqlgZUuskImhUhnXuTLNGmBRfjNXjN0kPP7Ezq1f/HwXumuuueZZz7l6374ZRMAAAWCxWBLEHnA2m3Xd1mQa+vTUJEWADiHF8QRAGChG+vTNtx184KF+sdx/yv7Y48UXXXTHbbffdMvn/sfvvu2cM06fbW7EPs6m+NwXPO/o9s7HP/HRI48/gtMtiECRgGKYhTg//u4zz/6Wb331/vPOXi57Iuw6/OiNn/4vv/rz/YJixH65g10XQkCMIUw3Znsn040+9vPdI0SEGAgg9nE627OxZ8/RQw999/f9/Rc8/1mTQDuLHrELlF48Shub065jg0ww2dgAhNe+/tUf/9Tf+C//8a2fvPGDN37y5uc/74rNzcnuEtIJ0mkHFGExJwRCihAgUphOcXM2ZcZPAGAD4HgPN3/hyyeOHfq6577km177jacc2NxZwsZmPsZJEUiJSpLlxZzmy0j5a4y0xB7Sm4p6igghxrjs+2dcefnLXvWa3/sfv3HDh66/4SOffuUrn98vFwSEAZO0xBiX1EPo0ilPjjwBgQJS4Adru+lk34H9040De/buBd6U3dzcCOHUvXv3d5MpAESAZQ+I5U3UYhq6EDDABz5w/U/9xD/e2DplMV/GmM5ME1HZEA04AQzTySR03WQymU0my35+/oUX/9ff/M1LD2wsF4QB1anJHKgpLyCBjHoNURbo4vH5KrFelJIQIWUvWbmAHOrKafdiRuSLTFmGN+hA2x20+pz2VFGNk/9iesJ6KLSq96zsbWXFKqQkVdJBdZJpYCMG9EBNnFcIBacqAjMlsUxR01Co019LZNKEtKZUFtKBspbzaV4T96sdkvXIK3rGxrNCQpXntoMiCrqU68OwyoUczWkZMEBUcJciwIPkAe65pVkhbGChnSJPsBkilgiHuyDVs/FoAwM1c9MiwCtLYyfPTaGOPNcQg4YYA6T5uhjBhIgaohepy2Q1HqFSnTAUr+GIX6nmuujawOuiJyKrU6pxV42lQT42YpWXzYsjf7WylMi2wqtDPUCBOwSEk/YuLKq/VSkSVNnAYkCZhKEpDUJfK9zU+qw7adJYXxyzllXg3k5pINY1jVBiNYwWQbkCVg6bMWorl1DPpc0Qa33GlV3T2+SwzKLVuHVkdljmVpidlmnwHSh+DnczrMZfRSInX/Q2qMGZ6rs94L2G2A/cr16pN8CrZiRPLZEbGa2MgvbyiJGs/S2mh/pAPVBXgTMrga0eketZBdOWyxLGT6LmKJJY5wgg8oPZ7ocYeIE08jVG1WIfqNdZDz80H1+NHzMFc5h0paoA6HVBAIAAhBgpUof4pS/fdtNNn59M9p5z3rm333HXPffct9jd3l3s0pLOPefsp191WR9hvtgh6ufzE/xmPEIADBCIMBARdR08cXTxz3/8p7/wyY+EMJtubEwDHj70xIljT3zmxr/48q2fnYTp5tbe5WLezfb8yq//51P2H9i/tdGfetb3/K2/89RLLlnMd2656bPve997Hrhv96wzz96YTTpaTrBfUOgChA5OHDs6nW5edvnT92xthNB1HUIIfezvu+fgo08cvviC888//2ldF/rlkgioC9s7Owfvf+jEkaP9YpmeGwQiiLEHDB0t+3DzZ75438EHO+wiAMQeMSz6eMqBU/efevppZz7l4N133/y5W/7oXRf0i92+h26Ckw53jm9feP65z3n2FVubs8V8gUibm5t33ffALbd+ZTqZzmaznZ3t3d3FdLZx8OHHbvzIDTFs7Tv19E9/7ta77rn7xPYuYgCAgAEiSagTAoZJ13XTK6542uVXXNwv+whIONvY2gCASBAS4MT8+dILzn7Ri1/8B//rd3Ay2bt//6yb7N1/KgZAxKCy29s7/W7f8wPVQJGWMUJH02lAzKEhBox93y+XAaFDgIhEFONysVzEGAmgT8FnT32kEDpQ9iwEAIIQwsbmKXu2Dsy73X45p5jfV0vpheoYQui6LoTQTbrJZNJ1XZjvdrPJNIlhUE99cQIHjMHKhXzoVCWAaj1AsVva/9UqpnUWG3cKyi+4MKuevI63RK2GhrYTS4fWSc5gD2t9DSrMU1hVfb17IBiRDLY0UzvpMmbD8qC+d3QcHGqvXnLqwBXYxEO+qgaiUo2/kpKLimgbSwzlYUdKe/9Kw2tXX4gYxWmln/FBFa8cwetuPQ3VXCdTrIhES4OLK/SWrGu1kkrxt81HhEZg0UBv6pSldFFoWmtRSvV6iVcyM79BYCWhaHvXgtMId2vCzFyG51X6HWWlMYCUogO9abYW01rZsbVkQA8u5ExS65Q6yWInZOjwjoCQX54+YIDInWwsqBuBOd4M7co4reAe1C3zAVHv5/gmKaskNACnslxCq8pj1Rv0DrvLSmt34xbd4HdNhpIhtz+JauyMrpoCgQqVWA47VhRDz01MZsI+lJsr21PpRljSIqpxrR0aDqv49w1w1J7isHYJ5conmU2/tWJOjgNJOC9DuxbcyklIlm3hJJaNUGsNsXSqkwuqgvQ4xI7mXm4RJBaAvLg8hJcGh54qz+HD6aoQA5Gaw429XDLQgvIrOtKeDSlUZ84JOFIJgGEgSoRNBOXxeaOMiAj6bRzI20EMnGgZIfIOVVp+IiCgLmAXeA8mR6z5PmSth7ICnGDKZlKGZ5wmiqXYXdgsE9UbMoZQxWpu7jfSWwnWwicEwhhDQCL4yEc++vADDxJM3vvu99x4w0ciYUwZ2n5x4WVP+5Vf/RXAbrlYEuFidwHEr8ZJTxymKD0CAmCMp5966ubW/iOHjxw/ceK0M844+ykXnXPB+fPd3djH3d2dxw49ccbpp1xyycWbmxvHjh3d3TnRTTde+epXvPSF1wTofuVXT7z97X+wuXf/N77ilaeddqDvFwEBgDDA5uZmN5lccNFT3/qLP3PFJecteiCAySTcdc8jP/Xvf+ahD3z4ta/75r/3/d+1b+805p/GxLvue+zf/czP33/X3RsbU0SMySMh9cs46XA+p//yG7/z3ne+LYRAcRHjErCjSAG7Zb944vFHCHb/8Hd//U/f9tvUEwB00+nm5p7d7Se+9U1vvurKHzuwf2N3e4FIXdh8+5+8/2f+/b+ZAYTpxnIxj33sJhsR4uHDhxHg0x97/62fvT5SACqbBAgpCIlZQwMhbv7Y//0T1179N44ul1tbGx/71Bc/esPHzzj9VEBECF3XYRcoUsCwuWf6xS98cf8pp512+qlf+cod993/0Hz7OHYBI6Ted5fz3Z35Nddc/ZxrrlrMl2m1NjfC1mwCALvLJfUIKT4kjBAB+rSRjcCHCyhGihGg7yEEms0CAh7fWRJh6AIiBPbLr3vtK575zCsnk7Bc9n3sIeZfLIiJbgyhS3vVXRcw5Ih32YXJWWedRj0Ele7MGkQiuOTsqkciwJoo9qHxhBpmJbTnTIoVqSyEFHHWgi0A9AOcVD5lxcwHgA3GyI6PvVEBfSr+rEprb6TgV7YdBKjBS96GAvY1iS+Kfm8RXKpR2IOctGVsVr3ZNZ8LT/XJWzQs9p/45K2ro+foGhINHLIZqF9FA75xcbXN+LYK5DInjSE1xDe22qq37g2Owp8Nlxzh7Ev8rLWXZkBFavS6GMpVD+6Ik/NGPm3tWrG0sLI2gIf+0tj8FFhVvV9TIXlAqPbuBgDhOlG3hTaGHoN0KwGuB5KuNNPLyobgG7quKP9M9PCOGpgNUo750AoDymdNAJbYDPiKNANnhKroyVFhdK20tMzRZkdoGEKkiieOfh6/ROD6lXBSJhnDyJsHy8La4Dhfa4+u6QCngetF1Qzz0JHPt/3yDx3GNdbZ7T263kzMkK1zMpchhKEDANrR5SbqejMcUrtfo0to2wzeEcqVzfJttRBrBVMN5Xqx1OyevcXXU2ipval8Mi8HH5pdcwfP1lM6ZmN1Q0DljfJXGUuqIaIKyA2cqT+3yGa/WJSuSZ6QlfBHs1d0s9NFd2UFQHry83R92pF0hbE1qhRpdV5ZDsHlV2yyO/TdMuxId9MVq8YJ4XtsYlxbmY3wPkYgohBgI+B0gtNJFn+IsOhpZ07zJQWCbpIiZDUvjiqUZ5azt5p8fojV+GftBvNUvDPnS+SayGe2Lr5XVTMRjTzrAAgYZh3e/9CxP3//+3d3ds8557y9e/YdP3Z0vlgslsvdnePznUMLCEAYQorf4MTufNHTJHRdoIAQgQAhIgaE2PenHuh++id++OCD3/fj/+JfPfT44z/5M//+aReeefT4dr+kSJPf+p+/9Z53vuPN3/t9b/or33zpJRe8689vWEaCQBhga7O7++5HPvDBDx878thLX/1XX/SS502ms+XOEgC6EELIv1sy25hdeOGFT730vHkEBJgGOLETF/1ysXt8a3PPxZc8ZWsWklMKADjZs7W1RXGRjrQSYCQIFBEjECBNH3nkoYP3fnlz7+kHTjkwCd1kMgUIhDTB2SWnnjmdhMVivlwu08tflwRPHHr8yGP3Hj50JMZstNMTfGecdsb5510caTGbbZw4fnzZ07EjRx5/7NDuzomtPVsHTjljNkHEQBiWiznFHtNTqhjCJHQYuklYzHcDbJ56YD8iBKSNDv/iA9f/1E/82P79p+ckbugCBEh8pnj8xNHt49s33vDhz376E31PFIko9v2C45M+Qv+d3/0Pn/f8Z8VlRAibG5MTx3Y/+vEv7Nu7cc3VV2IXlYku0pCOvQMA9fmA3yT0IXQPPHR4d2fnoovPDQjbO32HECYYgAjo4gvPvOypZyVhR4LIrx0iEpvFeYqQxsnyuFhSjJHPHRSNbsLYIUyRzC9WlZQmcYMmSrCaRuR0SOmRbeE0EnMOq6jicAdCQRnbWWiTLlOYFfgxTnWhbVFRvVY9s2gg8iz1wUXomnQNsdSN8tKo1kRb4CC1WO0ImmU9PKDscaZirOHArXpT8UnSPDrKWB2Lu1wdDbpRBx5MLSjoOJQI1h2KKz+pmdZDr9FGof3Rrk8qzhyBIoVLLVy0pkgpulqngSXSGxg6sclcNYSYF/BA0Sc+9JHAorcr6vlSaaVnVBBIlZZrz61l+0yFpjFrUFKmsK7OFpLtVMWylIEnIFYS7S27NOndgGKknCWV+GY9shovgCkD1YZ8SEx5fFC8XUGBC4mxbE46PRdS69DFy04VZjNYVB1yBW8sJDNXRxqNCStuqAA4ayPf9XgXeByeYb7Cc9FzTFdEvQu1I9FLZf601mlVqYU4J35sug6YKr0W3sVynwEA+L2fXm0UYY76snOhO6z476bgZkd23bNVodJGnrVP5CE/e4gq694sRuSagtHUC0mAKTrr6ZBzdUqexe6XD+CW09Opm7tKGbshIINYcXAtCyC7mGo8LxdcEQByQlAi/qomEQHNpmEyCUe26aa751++Z37oaI8Bn3LW9KqLZk89d7J/D5zYjbtLCh0BohoaAfiNUKS2bUvfAGYRRFATrkzNuTf9EL22llB9sHAwMg0yKNpmCBwMAAUIMeB0itff8LFbPvXpjc19P/SP3vKN3/C849uLGOmO2+79uZ//6du/dMszr7rq/HP3fuWO4xEJKC76fu9GmHS4XGDoIBCljU9CCkBE8PTLLrjoQti/d/bZm+584K473vi662YAAPDRz95x6y03PfrAXbNu85JLLtyzOZnPdwliXEaIhB382fs+8Ikbr49x8spXver8885YLHrEDgDT0dAQutDNYqT8iyCcM1j2y34RAQJ2tDELRYoA+kjzRQ+AspsOgAixgx4BCCb7922FMLn22ut+6C0/cPFF5y7msZtMsiUBBIC8Xxf76aR76LGjv/TLv/Lnb/8/ezb2JGaGLnRhsujpW17/8utecFUEQgzz3d1ZN/ufv/uOX/rFn9m7Z+/f+YG3vPGvvBqWcRmz8HXdrENYLHcnU5x2XehC6AJSJApnnXPOiTl13XQRYWO25+zzLj79tNOBcLmcI0AXOsB0CCUGvKALk77vd3d3lv1yuewR4nQ6wYDdZNr38diRo/v27u2XgACbm6FfzH/3f73tl37hZ6+66uqfe+tPPe1p5y9Zt4CAIiFA6ELgtwkTEsU+QJyECHH+tre96w/+8I+/8/964+te+ZJzzzurX/a4hIiEADuLZTwWc/ySwvL80t78qLaXU0QkCJMQcBICAnYQOvEZvNsfsxqki8YLFZVKhIJBd/ahZ2MeJNnPHSAAQARrtbztKt+Lqdb+CBghWjzBKlswpC4I/A7hhgOX4NF6f40xms2qYZyvHC/WYylrlSxyotU7RXZM5C+rwL98FrUaKrobzYJCTItixiENVCZz8VumfuAC3kqHlm/NzU/prbn94DpfPwzWRh1EMN0U1PZRvXvhUKiGJcWBtCarQd3K4AFFzolkt63mcDEDzi0TaRoCbxvKgmouNLeg3W5zk2CHIU1Diz9dqZvoK5pRpQ80DRPkIwA5I1h35TpMIJBASXXGiQB16DsacqcKJQ2hmyiEyWwaU8xS1Nn+NiUtPOkWC60cNg1dQ08xC8OkQGYoufp657POsZmuxLip9SD9yw2qIWkOWhKLS6imIUAk+R6qtFTX1ylD6VZWXs9I73rVxUyTe09/Q0tDGjtvMvQwB7VBMVcqUnM1ys7OUO4OG7uZpl11boiVxLixzC3LVS9M9l1zWHUiTCBTxfQAmqTKLoBeJmukij8jf/6phhcwNGtLLrrKLXdiDZXqSGMzeeYB+fxpAQHKItf0OOBkQ9BBu0wlR17kvsIIqAWgFds35qMwh+kKHaucYGQ8iRDNK+f1Apa2apSKCr1UbDLNNdCoCiH2cdrBno3Jl+6Zf/BTJ75y7+6dD+0+9AQtlgQI+/d055wWLj1/eu0Ve77x2n2n7aVj2xSCZA+SvyhgWylSySmAF8ZKaVMLk+VgI4uWYc7aIv+lfKviMmJ6GwkiJvYCpff6HD0W/8/b//D40UNXPOu53/LGb7nyqafNCWYIH5psHDp6hKh/6tOetmezW9IiHSs6cvTxOw8euvSCs6cbtDOnaceHGwMhwHwOh44eP7GLfehOHH38F3/2Zy98ynmvfNlzJ7PpO//0nbd85kYM3cbWvhPHjm92e7sJIMQY+71bs93d8IEPfOjYkYcuufzar3/h82az6XJn3nUhhEAUQ4BJFyaTjePb29d/5OP33HPOfD5fLPoQujvvvuvokUMYJrd+8fO//fvvPGXv1rKHSHHSTe6+976HDt4P3SyfEk6v6AUAigEQIMbYx7gz6SbPvvpZz3jqOUv322KKhwhw8LHtvVtbMUbsMAQIAOlQKUU6cGDr1AMXAUAECAB33vfYzZ/77M6RB6957iv+2pu++YXXXn58l5Y9bW6Gxx878Vv/6+033fS5N7/5r3/Ti69ZEPQRug46AALYWQD1FLDrI33bt73mxS+9Zs+ezS5gT7OdbZovdicdAkLASDFS3xMS9RQJjm/vHHrs8J69WxdceO5shtsnTpw4sTznvLOIesQw7TAu6OADD95x261HDh+9/iMfe/oVbwSACJEgIkQMgAghUP6hFQgBAkEEwM3N6cOPPP6ud//pxz/8e0eOPHbV5ZdfcMHZiwWdsnfadenHXaYQIxHFSGwdeFOTlNjqB+EJALGbdIABALfnFCP7JqMABcZp7UBjEpRJRFTVC3jVaM/lr5SZMicailoRWLrM7QRj2IKr8Az1+LkH7UAzhCvgzw88kLz1r2McL8X7r6qmE6MVdgTgnwl0MbaPkMDc9exCP806tLaHWAaRMVonQHIAxr9czjcZdFujOKqO7pr0tPGk7lazV1OisbvCtGb5xrcxqys6BG3A6ZVYn0oI1KijQLJDpNSkyuVg0OXHPcA2PRgg0RIP3dGaQVQ1oxHxqGPOekTV0CwZmGywobDOlVQAmKpIz8sJIEIsJ1mKYWzxobCPxVWD8EY4Y1d/nXdASYzmYHAzXsDq52Qadbg9CVYnmHBmymraukvPjYSzFYzWxk1AF1USUL5myoafflyXJv/cppmnoXL1YuShrfKvVWiNgwErJ1WFfE2aXVRfk6Hqrc1HGdMNPRBGyucmMSc7rLO5Lvrx9Iyv45BErXP3yRQCFYI66tsHP0bKytnlMc1xKPSOW66v7Ea5NLPzsaKdi7XsJ8xcqL2Vdak58DKgNK219WQFKoIYdwKACJvTAAjv/8yJ3/uzI1+8c3d3GWMADDiZIBEc3Y6Hjixvu3/5yS8ubrq9/65X7b3yosmx7Z6If/Ncj14g6eoZV8Wsug8yx6VVVaz6zB8yiqT0UlWcduGPP/DhG6//WITupS99yQXn7nvi2O58EfdtTd73oQ8+/sjDRJuXXnZ5+s1IIASY3n37l//BD/7z6655zlve8v2nHei2FzABCtRHAIJua2s6m4bT9sN3fOdf/8RHrr/33oNHjp/Y3Lt1Yifcfvtti51jL3rpG97wl15y9tmnAEEgAOhpubuxsXHHXfff+rmbY+xe+cpXXvbU8/u+JyCCDgADhC4AAnTdxuOPPvbvfuLfAsXJZNr3fd/3McYT8xPTzdn73/vnH/3w+yfdDHFKtCTA0HXLSDCdxRjTIgEREsT0WhaKcUkANJ/vHDr0xJGd03e2l9Nph4iYfsMFANMW326/d8/kiSce29neTnwrCVgABFrMeyJaLPvpBI8d3/3pt/7n97zjHRtbZ73iVa952qXnHTl6dGd7vlj24cD+226/87f++6/d8pkPXXLxRa94+bOfePSxGMNsNu0mE4AwmUxm0w4Cxj5ecP6ZF11wVlKAD3/yS7/5X39rz8a+7/2e73resy/c6WEaAAhi7JfLON2YPvDQ0d/4r//rYx/76Etf/MJv+7a//MxnXLpcQk+wu1iGgMv5fM/W7NWvffm73v2yL9z0ife87y/e8Jdfc/bp+5bLPlIP+UFmQAAMGDAAYHpSEwCJJp/53O0fv+H9e7ZOf+61z73yWZfP50sAPPjwkSNHjweAZd+nxAQQpR93TY+GAkIkIqIOu65D5K1VzPEMdF2HIW7t2TpwyikgB+8pWzqtKPlDbW/RCb0gNqsVjBEasHmlicIU3xgAnQ2HooVcE0hmgfxw+l+C/BwtQAXEVtiIlWUlHltnd2u8DFn49vYIJLVJJ1vaUVOCWinQ9VlL94XshzJCCT5dWxPRmd6qE4ymw0zemiCkjqgd4bBS4tpi6guuxIe8xGanDk4CDIOeuM7pV9l5x+FxueI0AX/TdzxYq5/mG/jZklVlpNWKxIRBiw1wmsLl4YEH75D8isFQc738IvC2bxL6LFYfWmW3aXcy0HrMImVK1E7VmgV1/TXxavn9T85ClefQ3SFl4iAeS/2c4dD4UWcP3ClHziyNZ6EaDzdI3KgSDvnWwMumyT103uKmjm2gklqdBpO7zfouCyI5xlp0SIUHRXTUxl29fZqvp2uaNrXAzT1JYXU907IurVSf2WtVZs4r50AUijrytNNpMgp0TZUwc8uabpTlUM1lF9QtVr5nZHhg1nKAgZtUWKPMQohwx33L7rh5j6KwUQ6gSQPusyI7WTIAa651a3W3yIZN5zghSf2avnSmVlHUVChNYc3ntu0jBJIkaP6/noaiHAA0Tk1wj1/VXk7hcTOuCfyDCASl5uYUFoRvv+Ho77zj8ccO02QStjY6CBgTzxACYtgTEGBnHj/w6eMPHerf/Jr9X/+M6e48EmX8KDszaXqSAdFQl1J3JHBZNEXoA5kSiAzkZirFz4zwDe0q6dmjgtAIFIk2Nyb3P3TkV3/t1w4/9vgZ5134sm98KU6mmxPoj+8+fmT58Y9/sp8vzjz3kmdf/cwQoMMQwgRw8sRjj77/T37/Ux/96PbuiX/+z374zFOmR7cXE4gEASbdY4d377zr3kmHk7C1b8/+fQfOms72fvbz991x+51fuvXWyeTA0664YmcX3v6O659y/tmLeUTsKMIkdJ+7+XOPPnzvOec97S9/y+tOOWXPYrGYCGwS94Ewm0737tsf+/w+2z72x09sx56gCxsbs43ZRugmE+y6yVaYdrvLfvfYcVj2Kf70sgYRAwDQvv37zj79wIHN6d7NadcQStizMQWAM884Y2vPXoAloD0mQ7FD6IEmXdzc2Pqd33/3H/z+Hyzm/Rve9G1v/q5v2dqaHD92LECM/RKACON0OkGEDmOMYTlfhvQgKHbTDrsufYEYYXd7e2dnd7Yxxdmed73r/f/jV39q/2lPffZznvV1Vz/l2NHt2QQC9URxsewJDtx2+11v+6O3f+6T7/zC525+xtOvuPSCM44cPj7d3BNwMgnUxwgA115z5Uu+4WU3feLDN3/mUx//5M3f/JoX9n0PjAiToAVML89ADB2FKQE8/sSRP/qjPz125MFLLv/6N7/5288+Y/+R40ui+f/83be//W1/fMaZp/fLJRWGUlxS7JcxQugmXdcBUoAQOkxnmVM8H2MfABbLHaD4ile98u9+/9/qQk9FV9DojFaIpDz8fjPzfJQIfhXjsAkCcU1UAVuVgVMGUHfSqK+gHKgIlQcv23TJPGjkjfLUq6ZfF+JXxWkLbYwnKmed+jCWOydH+EB1slDtWKt6/YF69YttwsbKGRw0T3WOb6/pwHXcHQjgUd65oiR3pINP8XLG+RqC9aTsJkHN1cyWFvLhEVdj7uIFWw5RzkiTGksjnHoC0nwkimiENxZsGxpa/WRU3AqSyqwtnYP0tOah6jfGaOY4GohOr47Jg48M175liXDAq+qBKrugmrnrXjsaJmhYiLA0RDB9uYbmsL0fMSMQLIDIFwG3Uh8KWxrUFoaT2caoYTM0F1iNnDCsDioA1CuUVJnYdk7tAaAYLxc/NPW2XicajuCbBdWH7GqkB8UI3f+gsql6fKnNvvXTMCLW9aA5vJQcRrPwXIbYIuZ2pAwpw5iNq5qsOeXmsqrbw4s7lGJoEqn6aXuvYRoyJ6vpGDnRstSafjMX2J6RkqJ2Dy2g45LuDQdwUssxsNC171wtThbEaH/mEharifOLxNyg9B4TDfBaKMJ6CHlSgtK6DVAPalc09jTrADC891Pbv/nHh48fp717O0Ja9sA/ckeyl4GIsxlGoJtu3znyR3Hz20993qXd4e3YTfKbmDXsSlNz7EWo8taGHJ6utmi+sulucP2aphUA8zYgTCd46InjP/dL/88nP3ZjmE7PO/+8d7/vfR+54aN/6Zte97pXft1dx+b3HzwIAFc981lXXH5J+okQ7Dqg/rIrrt7a2vP5W27+n7/920eOHPvX//KHLzz/tKPbREvcu4l//K4P/Kdf+IXdncPznRMPP3T3ZLbnp//1vwCgo0ceffDgfYvF8s/e8Xuf/uQNjzx67/d93z966hVXdh0S0nK5PHbs+O728Y3N0/fuO2Uyme7szicdIObVjASAIcb5Oedf+nM/91MXnnv68e2duOwn08lnPvfln/+FX7jjS59//V/7jr/xN960d3MDYj+ZdNPN2a1fvOdnfu4XH7//Lup7d7Qiebo+9gCw7Bdfueu+I8e3d3YW0+l01nWTSRdSIJhcWaTZ5ubd9z9w+PFHAUIk6imnRygSAC562J4vTz9lzyc/9eX/8uv/7YkHb3/281/+D//hdz/rmZceP35sYzYDiNR1s83p5uZsOt0gCiHgBJZ7984Qu+ls2nUdQAf8ACYGmEy7TZhhCNNpOOOMM2cbp813tx9+5NEeEENY9DgJgShG7Aimjz566PCRxxC2zrvgwqdeenHAOJmmPjEEBArLvj+wZ+Paa6/bd+o5999/z0du+NhrXvn1ANRHAgiSeE0JqPxvQAS45Qt3/NHb/2gy3fPc66679rlXPnF4e2Nzc7HT33zzLZ+4/o8AToX8y6DEsjiF2SYi0O4CYJ5fOgSiTREAAQJAANgGiOecd06MiMHnrtvWW58syFBJb0SKsR3QF+9hWkWhtLFaVQUEEIeUY0oCSPwk8G+Q5fiiQOlVhFXmdBhGl4izdF6bw7ExB+4NHmnhnEAhTaxQceLcc03wAErMOM37faEEsfnCS13PfmoCPw9X6hC9lVF9cmUdmGUbrJpbUxQVG82uwHBIZnZ93FgrcekwnXaY5Es1qimZ+ZqkFfFKlQofid/cbkqDNPsaCwdRGyn1rOGrDnkpLDWeKVinrBUZtWBtueXoqHsTlFhB8Tr8KfthTVrHqDQlm0lH9gAl0HxGhh9aK9qM+aeXCzFmu0w/xkpqvGoamb5W+FrVNQi7EfKNpuXYnxmFSKplAvvx4KqiZzwXCLpGywrL57G0TWsW9ShNkoTWuttmzJwoiTHKLYTG+6bJdlKIrKKgRJAG0t7NuiacF0kNx+NnPd/mJu2QROlBR2TPpOJ01FDnLBKpMRYm5JqGdnJ9YbmumVMzqoAuFoB6vsRgsDlnFyETL03RQT1t8pSqO6b7FWaowlQJ1gMBEZXTeKxy5fGCbGQIymGtzDI+vSynLwIAFJTKTiP52xhhYzPc/Xh824ePPn5oeeZpXR8jAXQdEqm3p6QfyEDqI2BHWxtw+33bf/QX4cqnnD4JsOyhC7IEaS8cy8MfpN4mpG0H85TIh6VaWYSfUV7KwkxAEZiKyw22Y1kvROi6cOjI7vve+57Djz342tf/1Usvu/TXf+3Xt2azT33i06H7Z/N5fPDgQcDp1dc8+8zT98QsRwGgv+Jpz/ihH/3Bf/aWf/qpj3/iD/5fv3f0+OGf+Fc/euXlF5zYJUQ4eP/BO+6+c757AijONk8FoM9//hZEmkxm+w6cFQIe214cuu3Lk4AH9h+YTjsimG5uHN/effk3vOx51738+g++71f/829cdNFPnnn2gbhYIL93IRL0QEBxY2Pr6qufcfG5py77uLOzu2/vFoVutjGl/viBU0697nnP3rdnI23rTbpuz95TTznlFIBFzM8X5j02Yr1bLJYA05s+/Ym3/NAPYzchwsl0o5uESQhdCIj5l0Yo0mQ229nZvvfeu3G2RUSxj0TQR0LERYT57vL00/bcc/9j/+5nf+lTn/x4N9v3qld/48te/JzjJ3YPH42IcbmMuzvzEzsnHn/iGMUlQJwv59PJpNs4bdnTEjsACAhdxzqB0IWA09l8EacIV1992YWXXn77Fz97/8H750vEEOZzJAx9jGGKu4t49533PnT//bPN0170ohc+4xkXn9jd6SbTdJwBEREDRQoTuPbqpz/nuc/96Afe99mbbn7okWMhhPnObggYilhiCB0AUOynU9yeL//sve879NCXz7vg6je8/nWnHJg99vhOAMJu8sLrXvjoA9954JRTprNuOp1CwD5GWiwee/TxT33207vbx86+8KnPe8ELuxACdGGCy75HoNgvAwZEnMy6FD1cd911kfouKTnn0L3Nd4WDD9Zn1qbyjzhxsy/HgEm9JwwaVkxcv8Cr3BBV/YJfONzjm6jIkz/lZUNsBuRh5KHC3jV1bu3DAGovEyEVchqbYy9lPksrNfUBuKmvVPRoF2ips/TKUQ40Cf8WCHFzlFXOL2zDso5SGRFyyrDRY8HN4h/Th8qOovtg0bZxr+wlx2EqKdSkCdLfMttadahIfJkuApDdYtEfpGv7y2BQU1tC0NHAoT21lnC6nW0LDs2tOojTgY0sSpswtwqjpRWCYn1XDTTcIWfBlNw3ASIkFNNKrBSStdGr8ynNbEI9t9Jd46Zdgubui+qBwDJWzdH3CUaiwCn6qiC0Sa7uIVEiljDZjQnUglhO2ZY+JD3gYjDpuDG23pxUr/khVUF3qMVnJDqtbzlcni4Bpz5EoHX4VxZDTipy54M2pcoiDFEIYAwBVKstByHAMK4slnMXmtpiVrhnme+QsRxPJukKLCLIaDgz0Bmg3FIsNbctKyu9qVaV6VL6mp09gVoLQ6FMc3hGzawY8iyGOFA3dN7WEAAlgQKNZ1wR9bGsVkaNlGNE8EJVqqm7WYwdzYr5BCVkNZmOemnUXaNu0OYSZxDbKqAmNaCtBADpyTEhW2G+RB/m814QIUON1DLxEsRYFSOGqv+0s0oAFGk2hROL+N5PHP387ScO7MG+7yVkzb8vEfM34AWMfUQM3QQ/d/vOZ++YX/f06e42dVgspP6UJoDssAT9iQfLMbZ6G1ux685souEbiwpmFql351KxCCRMy8ud394dFks89+z9f/v7/s6fnHXOj/zID1108bl33Hbbe971Zx+9/oNv+ZGje/ZuHj10aPPAqc9/3rXTCQL1RNT3EQCJwktecNVP/pt//U9+7J9//pab/+Rtf3T8xPxf/pMffPY1V+4u4NWvfOlFFz1lMu36Pu5uz/u4pNiH6YQozKaTfhmns8nGbDqdhOdfe/WNH/9s38duMjmxvfv0y87+wX/0A7fdfvvbfv+3rnz6lX//B/7mns0ZLRch5J/06Jd938fpZILLXQCAuIB+EZcYQghhAoCLxe728aObXb9c9ohhsjXtOkxvuIFIADFFs4gIgIjdcjGf7+wChEOHDz9x6EjXzaazDQyAKUkTc7TadRi6ruu69D73bjZFgD5STwCUHnuNZ5y29ZU7H/rXP/nWd7zznWEyoR7OP+/szenky3fc//t/+O7777l/c2Pj+LGjBHD0+NH7Dz4EsOf9H/jwj8XZ7u7Oxmwy393dt2ffG9/4uq+7+tLFInYdBgDKT2JCJLjogvMuufSpt3/xE1/6/Ofvvvuxiy88dWdnjoQRsIPJfDm//+EHdo4/cN55z/i6a56zNeue2IHZNP9YSxaQiDHCJRef+8IXvfSG9733ztu+dO+9951y2v75cokAACEC9Nm45iTVxnTrzvse++M/+eMQNp9/3Ytf8aqXnDixO+26vqfpZPYd3/bab37di2azbhJCmASi0FOcLxZvfet//tCHP7hva+9f/ba//o9+8Lt3F8tpN+kCLvs4mWCMcZlevEtAIQTEMJmGQH0MYl+QwwuxUynMENPoPJ0xS0rHwdr8OjTQiEV7KwuhVG/6lYlslDhvr98QpoyNKGb1WIMc1lB0m6ITrc7dsMWW3tiiSD9iW0hfyDEJm4JS2/qyYqkUwdoDsa11hcPKhhdrGfu8RSGouELeQw0Lt62jRXbdACUFIABSQzi/maM+jCE29YRF8aE2koAaG/i9tQwmSQirua16K91qylPgzX5FR3RNPKOp0TNzu4h1isGJHxrZpmZlovxkY74OZomxlvVqiR2yalw0nCmoknsjQMDkv22phbYl+QPIRNVHfncO55xJ33UjyqLbOlkFfWpJ/74wZw10Wx2cl8MfAoMNKwhq7ip82GTCyNTtww7po9F0VCFA/qq6rpmvvxe06aPe8m6NJEt2/7N+7FPfGZlNRYGHyy2+uGBPw2U/k6Fxq9dSF/3krABxhLnewiiaXV6hjsGaTdgluFloY+dlK1225qL55eQm0LKGuZ+m/qu7gzNUzbxFsNriX1CcLrshak6eZKxYF58ZWtlP080Msbp63rhOWNiXW8grcCW8sCkD+Qzg+Km/1CtUV6udyvgiNtXN0LNGGU4Ss+mldKSP0uOgg0QAY2tGgPlS2aZw55dVMwKgtPmJt927+94bD88XsG8TIz85LqYWA+fSkyUkpIgEFLruiSPxo7cc+7rLT8N0rFAedV/lYVmGmvKCflEHispZQP0CE+4J2KVmMx7zgdZABLPN6fd+z7d/4ze+6LKnXro1g1/+f37ml375ij/9kz+99abPwiTMAj3tGZc979pnIcWAkTAi9gCwiPHokeOveuW1P/+LP/ezP/3Wv/jg+975v3/7vDPP+tm3/ouN6fTqqy573nOv2AzQA8wBYoR+CTiBfgnYwXKRKZ0vYP8WUEeA3XTSAdLxE8tXvfol3/Gd3/Er/+EX/vt/+42Xv/zFL3nxs5YxQo+QnxrsCcJ0Nn3s8E7ER7dPbPf9cu+efY88/Hhc9gBh0c8fPbJYLLd3dneJYDqbfuHLtx87cgSgS29mDYGmGAMGwgAw2Z0fWy6XAPSyb3zlq1/3+n2bezH9jkKAEAIiEiJC6AICxMls47777vmD3/+9xz/9saOHjyzmS0Ag6gPBdLLnLz5y60+/9T/8+XveOZlOAk52FrsUIxHcd98D/+03/uvBu26CyRmw3AHYBZiGza1uY//HPvTBj33oPQAbk819y50jW/tOf+qlF1579aVEEagjhEgYiSKE3SWcccaZlz/t6e97N95z11233Xn7lZe/4Pix5TRAJNyYTu++56Fbb70ZQ7zkaVdc/exnLvrYhTAJ+QUXACE9p77s+wN7Z6942Yv+8GnPuOee+z7z2c+9+CUv7hD6PhJgJIgxhfoEEDdms/kyvu8DN9zxxVvPueAZb3zTt5x71t4nDp3YmCIgIOIZp+8/58z9QLDslxHibDIDgD+//rPvfs+fwRIue9oz//p3fPtTzj3j6IndEHDv5gwAji8gRtqcQb/oEWgZETAsIy4WkQhCyIk4eXeZJObQyDvLP78c0Ip+jgtqVQClV8lANKCwKgGUgjn1IvNPrW9+4Op+uhzC+lazVch5BP6XGWkHtZZ71ORT/isbimjqDtktkNVYD3SkSDXwysYhcsoIetuoRhNjZSWj2fXXoZpztYJL0TYcGNbHbw1MOzLpapLOWSsUPdYN0y84wrjg5t7ayUJfMNGRUi6LRFdRueZAmpMIQGoVzGNZJzmLRF0StMIivzM0IktJ9arjuy4EtS3URc0rfdmAtwHDpUPQr6KcBMfUZga4REwmdWyU8d24VMlIEX+c5Eih4kOjR8qDmWqVLTdW2obvurmTCRONDHBNS4yD/sI4kL07jbCH3rbMYVJRfu7ckNoixtdpZuNUgFF50UK5tCN7WV67V7C2SbFm3kFQR65csq1FbSt/4/WK3Vx7jmYKLSUhoY53KGTs3MTqtE5Guuyd8ZKjgtEgkoh49LqVyEZZeiLSvelw2l7RbrnOLDITONkP3PGQGbVPOY14QTHGYC3CoP4rO6KTmqaJjcPLFUWevntSbiAqQonlKpOD2XzkM7R8bQ0cl7WAJSrX70J49DDd93A/60KkSFT2EfM/OepM3EtHJJIZoRM78Yt3njh87MD+zbDsaTKpNCif/1tFGimRtVGpAd0tUM3Ig527zo5KdxkSAAFGthCIsDOH6ay76hmXLueL+Tw+/akX/Nsf/5HnPOc5v/Af/uPBe+9Z7G6/7tWvvuD80+a78z0bSc4DQAQkwHD8+PIVL3vmqaf967/7d5548OA91339dZsbk7jsZxO64/YH/uzPP7gz77c2NomoX/aIuFhGwhj7CBEI4WnPePqrv+H5m7NZF0IgnIawM4etzfCmN37Lh973/k9/8saPf/QTL3z+07oAi0WkrusXcPTYCUC848tf/IF/8ENEi566gGHSzbZ3th968AGY7P2zd7zjy7fe1IWNnpAAAtGx7aMHH3wYcCsxJyAEIAwAELCbHD1+4vixYwD986970fd/35s3NqeLRT+dTMIEO4SAgJxNiD1ggIcfOwE9zY8e23/gAAZEouWy37Nvdsc9D/+bn/rF973zd2G6b2NzBssYF/O+j4hwyoFTXv3q1x687+kbezb75RIADh869OUvf+nxRx5+1jXPefZzro0EQNgv5vv27rvk0osg/Qgey16MSETzeb9/3/Sscy4AooP33vbRj3zmm17xggn2FLELYTqlWz73lY9++HqK4dzznnLRJecvFssuhBCQ+GkrIkSIfR+nk+6Kyy965lXPfOdXPvPH//tP9+49dTqZ9P0ixkgRlump6xgBYujCV26/8z3v/ON+ceLa51/36te8dGdndxpCF3JIsrOzAFr2y+VivlgSnXbaKQ8+dOytb/2P99xx9xlnnvfN3/Ktz7nq/CcOH985sb2xMZ3P+/f/xSd///+845pnPv3vfO+3I+zEiAQTwkAwodCxyeOT6oIkfY61CH4yK/zNKC35yqIhxZ/U0MXbKJ9K5lYWIwpIycAVCBgcARWriGDmkohCiT9Vt8Tn6pP5bO6kUf5FhMyJ2kf7QJEUH4zlR10tS4vc04cy0NTM7Vq4Tjap3QtBUv+6Oe8BC40kNctyWD+CziTy459tSFk5Hb16XLfYSqar9IJQLTuLXP2b6RqrDIElmUhhpNTME8o9mN4KsXru6bw6M6CqwIa/wiFrBJ91qXc+23tODjaTaSKxu1rNVtFgJkEsVt7cOcuPOnFdCDVEMhUj8b8iVTLIa4MWBiJkJIiAzUHDbee5K2VRBBswUPEznTaXEFQcf9FHI8GD0Kj5Yz6aPH2lXOc1TORTk0UWS+e/reCijcAF9quu3C6r3f9suoiiEU+2nGQQr0V5UKxtfTNam4TGZWfSabz+yWQjGpZx1CiQrYj8bgZn2ljxcs31yaBVBChKTQh6cis3MDqM9LMeVV9NGTSLa9asyuoYRCeQfFC6XhlYr5PSxVKZRXfNTNXaI4yYdbHIBED5DK6FPe1xLXnpbC7/jmibIelvACSCYzu0jDCbQOTNQaZGzjehboZI6RwqET1xbLm9E0/Zg7HX7rmEhmZI/uCgb8KsJUG0Cgm02YCUYAuZmsVREftKZC4Bws4uYb+YTiIiHDk+P+O0/c993nO7aYiL7QsvuuRN3/am2QRP7PaIU96FTPA6IsVjR7efffUl/+xf/N878+UbvunFEGAZaTbD+x989K0/+4tHHjvY97hc9ImRkRYEFDDs3bs3dNMfeMs/fv0rX7AxmXZdF6kPQBTjoUMnLrzw4uc8+5mf/fSN99xz5+7ufN+eDcJlCDBfwJEjh2OMR44e+fjHPwkA0+lmv1zszndDN5nOutBND95998G7bwKYAKS32C4BDuw768z0FREDYggQEEPA6aQ7dvz4zu42Yrf/lAN790yJeuriJPQdpu3P5L+RCNIW6Dln7vn+v/1dL3vJC2Zbe/efcmB3ThGm8z5s7tk69/yz9p127rOe/Zyrrnr69X9x/Zdv/RRR7AEuv+zCH/9XPxSXc0Dq++XGdPMrd9z74//qJz7ywFde/y1v/JEf/N7lfDv95EkIk737tnqCdPyVGNMEpH6xmIXugqecMd08sLv98D333rvsaTah+XI5mUwD4EOPPnLsiXtPO+OiF73w+fv3dNsnlrNJyB4BQRKmRBCBTtm/dd55F4TZ/s29e4+fOEZpazgSUTpknbAeEuDxI0cfeujRja3TX/eaV5x7xp5Dx3Y3Jh0AIAQI0AEidJOAiGFrOo0Rf+/3/+SjH37/aaedds3XXfOd3/GtE5wj0Mas27t34+77D/3SL/7H69//x5965vOvftbTX/ENzzt8ZGc67QACyRmHyHuO2LJZWHSnvIEIVpiHUomRmrc9Cur5/Z/mx0YxKLPQ7gKX8gC6NMICd8UkrZ7PWCF5z4o+r4xsDb8qz1yNVYVfhBZ/mJvME+ZWyrKuBfEJuCZqA1dxvJQGulsbzNShr9ui0MNLKLUOgFy9HadjwhIGuPl89dh6reBz1S5fCVdGIzr74WThYfHHlpN8ofm80ldRyKcyLIuqncx6hgVsi+ysCPDrA6SjK5ymPLwLWuiWnlqwtaR1VuugLDeK2qfzVKKKZawnX9aOlVL8iRmYeaUsauMiUyfrxYfY9vZuwZcIZZ6FYk1/oz9f9F7NEN9H1oMsx0UqGzVbEkfuOdKaPEWoeMvCMRdEKuZQeY2uPyzeGA6t4de7WG76NimCdl46peQ2yqTbamSz7MZ2qwdf6350RlEmZrjhJqhuDW51VoQVu+8Sjapowoodl7ryVwXkNRmN3gAaPOQbpjL6d4UhlrPiwlijbiM5LenaLVxrcRsNhUaQd3+31712xpacwkqKEAdUM+V8M5psAh2SBy2zCgHKrxsC5F/rTKNQF6CPcORYv1zEzSk/mltkUGiFkJ83zQ+cYo5wadFTH/P0ZRppeRAwugx/wlFlhwFRP1BE5QUnykiiWnSeQL6VmZBvNxYAgfOUqWUsbM6bK4hAAftIsY+TKc57+L0/+KMH7rl7sYxv+OY3XH31JYv5ousCQOJ7BEjvqoldWPYLOnp49xWveOFsA2hBO7vU9xgpAND29vHjRw89/arnnHHGWctlxIAI1E0mO7u7X/riF448/mgA6kLoOgxhAgQYcDbrJmG6Mds685yzIMDx40eWfUTERNihQ0cePHhwfmL7ld/0TX/pDX95o5tR7JfLRaR42+23/cmf/PG9t3/lpa949Ste/dou4M7OLkXopt3jTzz63j9711ceebhP7wvC9LOeoesIkO679+DRw4eJNg/sPRA63Dkxpz720wnFLvDTiMIsIgDozz7rwLlnPXeXYGcHdpeRuunxnXjGGQf+9t/67vPOf8p1z79m7/49n/30ZwCWcRl7go3ZdO/ePbMJQuz7Zb+1tbFYxq3NTYD+lFP2nX36nt0dCKGbTmdJaJb5eWYkyioQMPa0DBSvfMbFl1xx1VduvvGxRx549NEnzjp1cmJnvrW19eBDh2++5SbExWXPeObLX/71HQJR6EJgB5zyLESAIUDf91t79nzrG99w8WVPfc2rX7a9fWyxXACESDFGAKSeKPY9QFwu5pdddvFP/tRP3nP7XW/45lctFzTtuvRGXAEviAChm23ONmbhgzfc/F//22/EPp52xplvfvNfu/ziU48fPToJ0E+6ZQ+nnbLvxS964Y0fef9dt335P/3Kr112+WXnnHPKzg51QUdlbCz1AVzISZQk64wDuL7ylyAhZgGtHHSJvpU3WaRxkqrbXTgxm+pdccptVfscHEvl9C+7bdVAv7RXKy+E8nJgpn80StKbaSN11E5FsQTERpM39ZHpN9aubEJSsZnlRnnbkm4gmVNPp5BKMr3iwbz5DiEIpqHCYFRU140ELPBMsJ1H8C/O0A4R81mqmvihTTMB4+2FaK2iAWMclEg1qh9fKhUIBiafLiuFML4BFZ4RBFnI16K+fhGqVjYTJdBIip2nxs+1G8+/J5xpJSZca6IGK+2I0X4SnOwwoeAjZB2hOnIxO5CNx2ayypD6sUlzS53O8OcIakr5IWpgwvS5AP7TCkHdkXsztzJEQ4Wy6aqe4UHDgqxACjDqD1nNrVSQ3YB1IBlczWJEFSV61TCbn4mBR00YiEyZvakbZpJaMRVjLdvGUu9X0Oq8nnZdGmZouLQVbY2GKw3ZIKYnArWjqJwZ5RdocHeka9rn2msa1qEW1ZdQJ/YGUhTtaIRvNQMY13ylKaxDsrGJVaGO799OZChEl6F8jrOq34i9q9B0vIwwStvoEk9SNvDatoHS7ZWZLSNveqyhGFVq6p7ZeXuNI3Z+zPk2PQ3/k96Eif4eqv8PFN2TWJB6HfIZs0wRzRc5NhGQpYdkk0968zCl+gkgxjJ7UjSqljxLVFpBAuqysRXfVyooM+ee+y8ekNhdmZkWFlBZ4SKf7HkJCNIp/BgJKO7f3PiDt//F7//u72wfPXzZ5c/8ru/66xtT2p5HxBACRopIBPldTEQxhgDQ43KZDpYCpmcIiYBgY9bhxql/7wd+6JXf8PXLZXpUErsuHDq6+5a3/ONPffyTGxtbXcDQIYYOekTEAGHZ03333n/bbbdT30PokjrEGCdd9+CDD9933/0R8YXXvfBvvvlbN2bdctH3EWbT7hOf/PxHbrzxnq984dprX/ADf+/NW1uz7Z05EMxm3W23H7zl5s995ZZPxOUy8qluIphMQh/xc5/7wsEHHz7vkqddfvllkw4DAnbYhbT7CcnXohwFRYiEO9uLZYSIgWIgQoBAGE7sLJ/2tEv/1vd8x5lnn/GxT3xmd94DTHoiIFguaXexO+8I+uVyvuwm3bETJ5Z9BJj1i0WMdOTYCYi4ubk5mU1D6BARAHsOpSgCEUWAxbK/8LynXPn0Z91x6yfv/spXbvrcF179yuvmy93JxuzmW2/6wHveQ0T7959+7nnn9ZEg/WoNIPKru9jphsWSCMNLX/Lcl73keQe2wmc/f3vXTQAQKPZJPvKLv+Jisdx/YP8bv+lFJ+Yv6iawO4/p6C0GBIKAFADTg7UbU3zw4WP/6Vd/86477tx3YP/rXvu6b379yw8fPd7PYxeQAp7YXuzbv/UP/t7ffPCRh//Hr/3HD77vA7/2X/7nP/0nP4ghRvvIP2NNkVoANAqvIK02A6jvZ/2TUE1wIdhGwHhdcJ6FpMqaCX5SCpa9pXKaJVYYeLOtC0IJUzJHujNjrlmUSa3iLjEx5mqbc0JhcZEWvQ8RkDZaq3cc8GCC6Np+0Pnlkj/T7qUefCBMN4BZe0bwnDUYUpKADkM6n276MX03cNFArnkoXmVJUh5Z1bQ0YOtivpbFmFS94WKWjKc0RKQTBrLwAyrxc/Ry2qKaV3MsEd1CWWvWBMCp3mpI8iF9NVbbkuQwSyWtJGbJoCuJZBaOHJYlq0M10xlUFBOl3a9hzhDnm/uc+qKOwhgfNkixE3fk8Fc1U99qYHvS4UOqOKbvjnSUWGubFFskGSyQ9w+1mDUw5/Qgig8+pWMmrgG9lbBWllPBwUr5T8qQJ+w5DtZL38xESx4YH+bIWRGDjO96mem4qSWVGA1Bx4pNwoH1ms0udOcCZpsZx6+q2JzNk+xDEVNnNKipBhq4DLFx2EVhtTR16/oSohgx89JglxFwQ6f+IzR1yZA3NEF/Z1WFdomxrWvZZPBLHYYkk/Q/yqmLqahtigBLqBREowLlwhqEKW+4McNJBwQUgAgxlEcrAFMShgAw5AARAQJgRAKIRF3A0KlJpEMhYi6HjBDjHdCg1LXK9FfHbMjhMQOl/DCUdl8yc9KCUD6UmZgbl8t+NsNT9+5/zwc//W9+6t8+cvDezT37/t7f/f5nP+vixe6iCwQhhC5wJBAIIsnGLeKyR4D0tGTKhkGk2C+XFONZZ555+WUXzxeLCdJuTxuz6aNPnJhtTGjZdyGEAICUdjgJ4L3ved9Hrv/ogw8d/OynP01h4+xzz5tNJ8vlcr7o90L4yp13PXzwvjCdnnvOWZvdEqiHuIjLHqeb01mXfjJkMumo317OF7BcxhjDZDqbwHQyBcAYYySKkWKM1Pd79208+viJWz//+Z3jDz73Na+94umXEkAI3SQgQRchJGQDkQ1H4h8ShYAAGFNqFQEAEWKMk0AHDmxtTKBfzrELAAEDRARE2uxg2kFEop4mHUynOOkCwGRjOgkB0wZg11HAFPyFJHfLnhaLGImIaGeO0MVuuneCXd8vHzh450OPHDu+6I4tJvt26Jabv3Dw7ls3Ns98xpVX7du/eXx73i/g/83aewdaUlT54+dUdd/0wryZN3mYIcOQM0gGCSJiQFDXuLqG1TX8dtew6uK65hx215xWRVQEFSSIIiIioOQ0ZBjC5PjyDd1V5/dH5eru+x7st5U39/atrjp16oTPORW6bYhjDFLOAUEI6uYSgFR8CiSmu+nMTLeW1gC4kLI93WMsI5KZEABMSOi2O1mWTUx26rUGIXDOgCAhSNSLUYkRUb0GmcQLL7rsd9dck/LaiSce995/edOCoUYvz5NWA/U6ZgCAlcvnf+ZjH9iwft21V/7m4p9dtN/qfV/xyhe32131ilWtcWoJLpCnICWyHnz1VJ48e4HISq23w9mFmvQnjEtWVlHt6IJnyVgiH6dZiv1+2qaDY+ZKnIIyC5UUVlzlEWm/fgTPmgVvDjRHmW7UsX94MIy5vC/l6NhBfilLDb9tyf5WRfgsdresmJG48qlLiJ1pAQOUt2fcjFdVST63gv4iOrEYvHztZXjJSj7EglOKohU3sNAFn7CqJnQmXPtQFx1ZxBhA9yJ+KDuJqsC6sobD33w4UEp/6a/uJx/d+aOsTgjX970HGIvG2pgo5YP1zJ66qkcHtJ6RriTu9ZyEW5+e9iwmtyOEaW1QCHfnAsgDmoNU4BxoiHJIZVcCFR0rBeIU2t/SWAsteNGJhJJf+1FvhcMUcwrskVLwZiVGrmrAjESHeligs3SE4jqLk0iFhvygIqjKq9HObhfnzZyjcqEpQNVykTLabEMFjSoULqXfZTSp+DW4o9TND7DBZNc8fvr1FCtBTwAcE0xCxQ/krD1FNLCHKKgwMrgFVsQEV4h08EhIMJZITsx4n1T3eKH+SLaLfDY/l3XQyqEtUwg+i3OkEZPjkNgV1jIaaV1Icnm3AgLir+g37y938cTU6QkQ6e8YGFNl4aUERFy2MB0dYeMzolkrnPhlfD3Z446QmRdoy1pKKxamgw0mhDeTYSEaRUxTH5w0hc243oEObfpBGjRrfMHW6qXvPAZ4dtiQRaDDJwIpZdZsJGk9/dXVN37iE599aM0aQnzF+a963atfzCCXJBgCMRVwKECB+i12pn9qzaGayJIk1aZatdYTCBOGvMYYSULgjHIhtdBxhkwfd6ME/JKLf/nLX1wEmPK0tnr1/qeecmKr2ex0phGpl+M9d9+zfduW0ZEFy5cvQcayTkfkIs9EniQizzkAAMtFTwjqdfJ2uyOkBIDp6WmZZwCM6bwqEcleJoewfu99ax579AGQ8qCDDlqxbD5JYDxhDAWhJKay5whgMttAoF8KpMSALEeJOAMgyHKBBCln6hgqIiJJUgghJSeQ+mQfIiEAAJCRkFmWZ1lOEhljiSQAhrxGyCVRs8aGWkxIkAA9Ua8nMDRUP+q4Ix9/7MFzX/7ys194Qr2GK1bOn54SDz7yEMnuEce/5F3v+of5A0nx7dzdjISgRoM13WpPfS1eNNoaHALI663G0kU1gpokGBkdBcg5wwXzh9I0XTKaRjpIBIIIEBLGOl247Oo/fuc73xbd3pHPO+ZDH/rwqpVLt413OUNJotvpTU3NTExOTE11pjrtbntm8bKlA0Pzxnfs+Pa3v33wYYes3mvZTIfSpCjsHsBWmRLn/9E/1kufpuUD8hIzjK5Go4rowE4Jwgazxl95WG3RDKQ2NUU2Vj8XrpYhq9YWkanbqE/KLL+c2zJBXQV34m6CMf4GNxfgtrGI8ZxJWbWG00oVyN5Vhf2st2vFL+Vt1SVE+0p4otCGhw9GxtF3r0TEygpUzFKWQBQLmYJuImKBVX7r/doCz/aSCxoAykXS4OFgZWwRMhYIMaX0HyXDnnnXJ435+Ef942orRV8+1AHLhP5hhq3HC1HCYXJ9UnIS40CvFYfYDZT1S/qsKVQSL8suYGA3Bmhq9jTYq96sYtJU+fWYpj2A4XUPPHdr3b2jkyx7ojHuA3rsS3HdynaM6XYa5wlQEVyVQGXz1XHDmJgiJb4kxJNM4ea+olKUxEFRhabeovIahGzNfHB5Hq5MSvvBSf1Q6WMIXgiqelChh7rlyt9mjbIinG3E5f8y2wbekMypnqrelYYxpZ/7V1/G5DibMpfaCjGJ+6Wi/FxJNJVUDaVPbalvcBSWPlxFZOgA+hIXmKFShlYSUFWlrrhkzVKffMRcmiiysYSxXq/7//r/5lJWspQy8G/GUmCMq4lxwhAW7NhG1dpBsi41HjdXFWMoBRHRbktr++/euOGeqVYzIYGBBXKU6gcRQB0eneVyoMkP3WdgpMXaGTFWaKSfyJZdJdgHTDTq99PHej5rQvcQ14jeB9UtQkaDrebUVOd/L/zV17/xzccefhiQnXH66e/913eOjDRFlvOEqddcAgHTr4UEJB3HEBGqSUJXs/IcDICBFE+vW3/3/Y/JrM0YIEuTWv3p9ZumxiZAkpBSeT+SOU9TBFx94MEnbtrIeW1waPjF57zo+GMPZ5znEkeGG+u37rj1r7f22pN7HXnsrqtWMEAE4hy4RIbIUB8WJARJglarMTDYBIIkgebAgAQAkDxRJxKBFFSvMUT2hz/d+NQTjwwMLT/owAMGaryXC4ZMEkiyQMUTUvMuUA/C6EwIIqqdCoxzRCAJ6nWxeS7qHJMFg0TAEYQA3hNJwltDC9J6A4garVaaJkuWLNVzfgAA0Muh3c0R+badUzt3TjCQOUkiyDORSbHb7nv//VvffdABez+zcf34Q916I1375Lr77r0TIFm6dFEu8nvWPJHwhDFUE8t5LgYHWsuWLkoSXLdp59qn1gNQLeFE1Ov1QMq1z6zvdtpJvf7MM0/97g83572eJPbIgw8gSzudyTvvumfevIFut8MZB2QJ5wnjCxYMr1q5jCEhY1Mz3W9/91ff+973tmzbPDg80Bxo/PGGP//skku6vSzvZVJkk5PT4+OTY2Nj7fbMxPhUpzPdmZrs9nKOsOa++378o59+9tMfqiUdIsH1ccMO0RQtLyqcX5R1T9FmnRryzYOF/xp+9fPac1Xm0PyAs1GhlpIzLeHDOorx835l7XpqT9EDpQQVmwhsyCxdK+Wq20pqTjyKa4tzoNo8QACnn727sT11OLUAjueAQqOSc39EPxidDF/1dPnw+QIy13VSsxFU2YG++hCGUtFTJtlpSz6HS8/Vl76szmog+MNaSWeBvgKgjYoUqvQUP+7Uc3PathsVBDgJsSLyHPio94RWhIKqxHOpt+qqGGtLQGVsWSgZPP6sydB/IuFJPCKj9+SUwNcYWDvr5AyHA9mkT5eJ4kN/5KJfXRIOwMfW9ibZAfMGMJibMokfLNgC+8WfhQcrcaH22qCiXwhGwemmBPFgq16Q14Qfo/jNordus9BKwBzzaDBTGlsExGD8rH6id7ZNIXURMCdscdaL/N555sDVFu4zdAja40/QXEn+yQiGK+J1oTpP4MYUIJJpNPW4u3PLW8zKGSfkEWOjB63EYtyJks8+Y0GrGEa12XbBQRk/s2WZUJi29UGQ34jXaNTpORkhiQAAMkJJpnYrEoZjXnNGjPUfQLSTiSYW1XABEYBjltOSBcmxBw7d9vAMgF5ZIy0qtU1rkWPKQDEOgLBoPjtq/yGmllAyv7DyukbSFOUGPod37VPqZ58/qM9acieeBKJhnTc5TpgbPgouc1UIAIyyXn7F9X+56rfX/u6aqzc/9SRrtc487cyP/+eH9tp7eZ5LzhkCCiYRBQEwxhnnAMhTjgjIACV4wachTK2rRcSEf/973/nFz36c9bo8SRgQS2qdbnvT+o28XhMyByLGCAEajXotTd/+9teef95ZUsjBVn3J0mW1Om9neZLUeVq/9Je/eGDNGmS1U045ZcXyRVmeSUmIqFYFS5DAGGLSy7Kc2M7x9mNPPC3yfOmi0UeeeHJyYpwzSSAZAmMACEODQzfcct+1v/v9zNS2F7z49UcfcQAAgBTAEimVUdJpD7TcJLBvBSJ7SJTaC0kAgBIQACUASC26HGn95rEbb7pjcqrdaiR5T/S6vaRW27pt+/j45ND8RXfdc+8lvx6d6XR7WZ73MgLIBR5x2IFHHb4vMrzwp9f89EffbQyM5kLkUhCQzClJWL1Zv+SSmZ6QSBwIut3pDevWNgYX3H3Xre95zz/r/bxCkJQoZafbOenU0z7xH/+ScvaHP9786U9+ttGoM8aE6IksEyLv9rqTk5OsXvvzDX+65667gRignBzfyeuNsYntX/va/1x00UUiFyypcYacMZLymONO+PTHP7hgOEWAqanpq6757cNr7l+4YsnUxPhN11/zh2suk10BAGZ9mZIPDpgAS9NaWk8bC0YXtifHMpFd+9urzjnnrFOOP7jd6XHkhBztsjGr3+Y171aqzZ5N9PAimYk1JJcicMpi7YRJKzgDohUxmL0LFRP0jKZuMcQRwSO6IdTarzXWq9qbgZWSiOw/XlVl599VNBRQ2ecKLXnkSgwTIvNuTIddPKm1wGtWox0w/zNN6A/hehOAeC8y+l+s9QO003bOU4fogrwPGMIY8lxAhNws4aUYzxIVCIr5xXfckYct9+lxPcFoxSAKDO4NSfLrj8IYy38Inwnz9VbayIKVAo7Q8BNDGfAxD5qDMItgo4ozXuZfD0cRFVuK/Ho8zqD926dFfQxPPNkcX4GqxFyz0gYlOhf2KMCEYI1L+aMlNGvzZSCMHzeBmbjyjRNifO5DkYEWG2AQoBYBOVWgvgjshb+62qEwvq5aHcFFSJz8R8L6ndExv0Kf4Yt6AcH8Z/wUGXuunynJTgUYK344qNILJj2rRcGHqlpteKl+ilNxlQeURQWey6RoaRQ+9yt+1jfUAOEXG1V6jYcH3MV1a/8cr8Tqc83WnVLuoBey+nPCxSni8gGK+mm+WtdiBcynMEbvfTtFkTL7uczSZ8sojJhT5ZD63PRZUWogZr1KRdR3ulA1RkWVqW73WepAWQsU/lJS2jcAkhVCV11LACJ9XfDmRV2D9o12+swhFVio5hiCkNBgdPT+rQPuaN3x8Pjo/GYvI2M6ND5FQEn2UE7gCWQkGWTHHTBv/1VJtysTjuqtjQoGBxA2OJPOggOL7/QxTYbqMARV6K54toXXbVWcXDRq+4+qgsJDmhxV7TV/+NOPv/1VwNriXXY956Xn/H9vf/P+B+7R7Yg0QUQE85ZBJOCMNZrNpJY2GnXOuQrDCRhTc34m5gbATBJwxATXPv646E4DICAHygA4S9NaWpN5pz01LQTkQkoEEgIZ22XR8C6LhhWtPQG9nsh7NDxUu+Kav37rW98Z27zxkCOPfeHZpw0MDnS7HQSOalErMUHQzXpAPSFFs57ceseDH//4ZyZ3bl24eMXk1M4nHr5fSDk0PK9Rr2U51RrN+x548hOf+PSau/62bMXqN7zx9XvsukQIgcCIgNDfwOOdN+wieo3rNMPNcJM6j0oCMpbWkySBweHhW/9637++55/Hdm5tDQyRzImklFIIIUSWy/xnF33vkl9cKKWQQuR5LqWgTH7wY585/uj9coAHH1xz819+D7gAqAvQAwAADkAAAoADMAAGgMASqNcYgycefeyJBx5SsmBivwwgnzeyIM+lSHDr1q2PPfTQ4PCQkHme9ZDU2T8sbTRSnk5NTu/cvlNJPWdJkjYI5aaNGzesX88Y50nCAIlEr5MtWbaLmrtGgsFWc78D97/xz39u1JvN0VqjwRv1RqMxUK83GGdJWq+ltXnzR0YWzB8ZmddqNOeNDA0OtAYGmjf84Y/f+f53n1r74A+/+4PDD/nsQJ0JCYwFQWNoItAYpmBteugj0GoUlF2x+XGgMDSfkeNR94iwaMVJe9miYfPVs9TWSanCT1nS11LiozWucbfRFutTieuAIVqdy1GJBnQHfQ2oqjqy9M6NBujfnmQcoPkSnnl1hZ7ar1AhgRBOVF0UU2Ia8w+GKO1Zme+ubq4M3ZokvrMtUdhmf+2LtUrhtBP4/rjaCyQC+q3HdIFroRoPcdkbc5hmmANk8OoNch9WIsj8M/dpjWLtNkQMAzjTRh+i+l2l4hRXFTKqKBlzbCYadxsPV4QF/WjQwSTMAWE6Gen3+oPyOZI5XN4AlD+rvEzxR3v+EHjBT0FITe2BdUbnJKIuxd0I4wFHq9nj69C/z8diKFKmKwThFlPzlEkqRLA8XioJVvgiyO7HxhXjEY252syg5cnruyNDb2EjRUeYOCDjfcIQVB9O4L/COOxOKWWWcv+D76CfbRz+3K6yVoKcnE+kLW/Oytcw3zfQfk6hrAk/MC5pWgP5QBchuvlcr6hFWbrdv8xpoS/5GMcoUfCJvmhVGwvjfzAqUEKS35Bv1hG1vJK31T6y8/aD4qxnIKyLZEhcH+Gpq4ya9T6RNUFo+OB2T4D1vUZfVRIDSD3IECTDXkarFvGXnjTv4XUzk1NZs84FMimC/luzwjj2BHV7vaNWN15y/LwUKUNULyhB0wCZKNKmjoyiqkZjuAv6J49F1vQSAALzXrhj7aT1f85Ne5/R/8nnvRlMKaHeSF71ipetfezRjZs2v/Utb/m781+4ZMlIp50xZCTR7PJENQScs4kd43lvqjPdY4wBMCmlGiCmjzFFBFBLWKcnZySxt73lbfvvvx8CpvWEBGAt3bZp04U//slTTz6OmAiJIsOkMcAoISJB1OlKkgIBGGecMYaqNgBMB+bNf8Mb3rDf6r26GWQiVe+AkUIywZClCAyS5rzhkXotARJrn1i7Zd3d+i2gbOh5J774BWeeVqu3ur0sTbkEvnjhkkymp73gJWecehwi5LlgeoMrkH1JKmqZl4Z3evufzQ2buyCV9iEidHtibGI6zzvj45MDqwf23GuPyfHR1sCQyLsMAdUqU2AISCCFlEAkBAkABgIlLF+6TAKInE48+eTNWz8wf6SV55nIpSQJoFgBDBkyYIwhMMaQiBgAZ4wxporpmWHArJsddughOWEm6XnPO+bjn/tCs5FmWSaFJJJAJKTMpZS5AESGKM1xjkJIxlnCOU8Ttf9XqkXXxPbZd89WswGIEmBgoPmSc87O2t399t1r5aplS5bMb9bqaZKktRTUO02RNZqNWqOR1htI0KxjyqiW8F1Xrrzy6t9LmR1w4EFSSMQEjZ4zpS5BqAShLNuMksPVPvzCcDkohCoA/jsSqPBrCUK0b9B1GajgYVNVaMy94y19kG06JAn0fmKffBuK+S9TMpeUsuChPP1+Nufe247YmDYuXwTXGkcEcLFkXsE+aD97MwHeo6Fp6o9dPXimKwTnj6y975/8tawulkCvIyEfghx+6fwPaEBlRwEMYvOId66tBEmqMmYSyeusa8sY9eIUmUcfRtQ6P9Dn6islRKBsgqEkCqUwJDieECsspPKvYGlJxcSdKldNXTAKJWlaj1RdoOxHpigxA2fpCB6JIJCPkcLp4qDFmAwCAJK2ZjL651YlRIPoB59gWEomEWcLgFkq5pSLuVwVEekHzROhAyu9otsUTK33QY/uu9sI75chv+xzDVwTcEzxLav7Sqb2Yt12gi666ReOE1o2ReR3xmSMygfbSmeVSIXY3VkxV7v+WmrS/EqKEQ55n8vhuxdBunvRB8sEBYtcCxpGuyNRohSg2TPmm/hgfq+iXyWcDJkWm+noxRtl/s9vt/jVL+rkyQZ4/uUZNadCEVeLh8tpLFIyhpFGWS211TpnGmUlvAqdk7XmpKIJJxIFex1xLOi04X8/PGHOUrKBNHhSZ3vYx9dUOUX94Jwva0TVYW+606Ej9MiLMY6n/oEIoC8M7hxGJDtQnmxE1Zm1AN7YgQ6VlGtPGJBEEnTKIa1NO5b86Oqt2yZko8lqnINO+CABAFPnclKnI5jIjzmg9cazF+y6OOl0JU/QteHAhmVgNHNgxDzAJeA7v1i2KJgItpmHYAGb329T3jt4y5kR84961R6ddMJh8z718bVPrT/zjBMG6jA12U0STnopKTIVMDNGyBbNH37lK18xPjFx2KFHAHJSWwwhzGYxFIJ2W7nizW95KwK++c2v33+f5aoxAYAA23Z0Fi9ZvGXL9pNOOgER9tpz93e/859FLlauWEaAaYIggQiQgSTiCet05JnPP2bign9/6ukNZ73w1CRNut2cIMlV95nMJC1fuujtb//HZ85+yYknHC0IVq/e+4P//qFHHnkMZcY5W7pk+aknH7t6v72ynCTxdg/23mflBf/xb6t23+uEE44dnd/MBOlV16EB9hTGTS4rbVBHPqsgB13XUUiaP3/+mWecvceq3Vau3PWwww/41je/muWyXktJCjBButp1zDkDZJJI5jKXEpCQcHThgqmOkIJOOenYY486XMiciPRbIlWoj4whMo7mDyjqlf4KKYlAEgkChohAjHNJ1OnBYYesPuLQ1YAghVQSQJIEkSTtRVViTWsWAiIDIsbUcdAogTgyzhjjwBioTcHI4MRjDjjigN2GhocbNV/IgQAEQC5ASsgymUsioKzbzWSvzZJdd13xvg98cGh48CUvPrWWppKA8VBPwQOndlScTw7+LV7O6qLvW0Jj5nvL4GFwwaSCBvpsF2Nu0DyswGNsV9HpOAQSRMENoLKHPSJLVjw6Q22BsffFdTV0AY6sKuRYxUmvdNX8k+9uggONgpG0/XJHGFm/GWMj6tdcAGPKQFRVh0rT7nFMFRJiJCDgQ3EGEpTKWKgWllZt689+orZ86PUxnBbVFUc/Bs+lvTU065jH5bUBrPQaZ1jumL2G3SSQL0vV8bztS0BRWInfi2I87+6H6wuqgJ/jKjhpcjAthHOWvkDuPGoDsOeVjHtkqC0nxutLOXjTGoPB+gJ/KXsZb8OqnMyFPYuVMZydKtZjvipkrUGCF30XNu6VERN81TREKNTUq4THba3QhJmGTdtWmWIJkdLb9wNeFc9lO7luIJqzshGOu1W60rrEdlUYr6r40xAAxc6Hql0yAEV6ClfkBspLR2GeedLluuy6vEBNgvH2409XAl0B200gdYRKLDElelIRhPiWyBUo9GIW1vhN9B+7kEq/fFxVIf6saLPMoEReLRJ6L072y1iRKFG/2eLPKPj03ZO1Ezq4KutmZE9t/OknRJwh8MmzNZm2i2wPRrbKhpYXJrPt2to1wJhYv1r9lBDEOUx18BuXb//OlTuOXD34n29YuO/KdPukbKSMzJns7gHFFc+dhSLn+7nQQxj2M7OojSTVa2yqR1f/deaqv04/9Ey328lqDeTAOEMCzAUJAcBo0XB64iGtc09s7b2ilvWkOvvGujkCkGQ4bb2D8bx++3rmVnUo6I/y7ggV+7rJm8y2xWMc6nkgIkAAaQJpFZ8YkEMIstGoCQlS9ISAhKnTfJAzdbQPAEoEQoZIODY5LaRMOa83G1mOUh3qSihBRU+AAJwRT0DmPc6gVqsjSFIn6AhCIAmcM+TAiCGB5MhISiFEkqTIAEiCnuhDIpCEmaBajQlBnU7GOROEUiICkwB6Xy9KzqBWS4BACJlLwRlHkCLPpCSesHq9AQCddiYAGHJAVuNiYIB32hkgS1NGqjFEKZEAzfBpzEI2avD2KxE5WyAV1SYczXq9LOsJKdK0Pm+wNdhEPmePmBO0u7LdESoUTxMEkgoP2sWfahcrAwT9oiCzHhiACIQkSSTUOb0SCJAIshwQoZayWgIMXVRDAEJQrgdR9clZV0TdBgIwBgwBEBkgmf3jDBAYJAwYgpSylwspURIoqRCCJIAQmgZlsFImOEol8YR8oJkylN1MqsXPTn19v1V2BTtBtcSXOQ7viFerKvaHoKpCAy7MM0Gns6kYICUX4OkS3sIjO59p6SXIcjk6zP/jBxsu/3MXee/Xn9x992U1/XJavTzDmrEYvEYIhAJzqIuqtuOcuHnMrwqMpQbGqjgxx6sUZ5dYXncZb9+vjCa0Cn5UzX3NFXhUwACvHicv4HOsxFeWrfqOsJMHXaDALjRdcLnv/lRZAcESwopxtR5/G1MTKWxZ6ffJLXsu4ZIhEvxIJYroSokvOQvGxLGV/Q3iT9C2LowXTO0+YeQF/OQVC8TDA2NQIcDQd4enelAFRGibs0rX51kdd1qnbUxfUSkquep3KySJZtHnIlhVnwI9ihPfs8SfAQ22wmIXdPypEYMXb5P/YLFyNAFRQmQPv7GW2hJLdoiDTnrq7HJFFKtuFK31v2k8Zvj2Xi9SB1+wPLvuVWootkG5Pxheo0U3oOuMdN4ik4Kd8oWFvKocRX3MU6BUUVYoaE4VUG24mf0wsiXPsfo1QOGyfbAOD8oEF0O191lv2VcVCvqiVmqD7OhHOzbtzz61UcLCFY4zlkG/wBtTz1h7lo7cmVh+wFmeNCnwJ0qmBEYqtO9WTez6KN86e2kqd1kK/Ub1nSDoif2H+2DOcihmYSzbS42Os7c6V2XBkFP/0jH1WOeVBzCRFCERMrNNOXYKgV4YdOfmioNTuazge+prluAhMiOkiN0e1Ri97LjW6lX1K/7avv2h9thM3p6SvYwAqFFP5o2wVUuS4w8aOPXI5oIWdHukzktBCGY2vO6gasv6E8XcokMN349mBoQ8w+gvzvBNeqTe5OowzNVyysC8qcINByIAEbbbXYYkgSHwXCLTb5gBYEprmJJrhrRw/qB6cqYrNfYBAgaMQAWg6hBgRnKwlTKgPM+ElUpAtdoUERBRCATgxEQtJZayXEopkZAppklQ8SchYqeTcyYbNezmqF++AMTAxoMopex2e5yBIJCSAQkdkYIEom53ppcxQM44J0BEmQuYmuy2GhyI8owYAwkMpA7hQoEjZvYLexbbE0IlbEwDfkmU1hoDrQZnkAvq9PJuN68xmTBTKQYDpGsmIJBSQk5MYo0hJ4JuT3a7OWfSKAYiA4bAELiaCGXae+okBhIQChX7EQCpPAgiMsY4IOaCSAiORsEICEBIkJKEBCnBAFIzWgqmqp2mDBjTBlVNwCoRYYRZJkkKAEKG5sUzTBAIAUIC46COdNLJI2B6kInqCeS9riTkXC2T1tuISSuEr0aR9/JslP7kbKMzzp4yOEdvbFqgg8a0mg+6Pr8FcqpDLjgwR4q5mEFT7St8+UUSIDo6uqKwb/ljW2o2w2LMD9/y6eVdZDyCX4V1HHp1+WzxQ0RJgDr8ah2BjnF+SfIP9/KeM8m1kH7vQyFRa6Q5RGuqvXKQHfbC5JLCaq1EoftaWo+uzYqbV60biOIjBT471BS04rCPKYMUDrfPP+dVPXEKDiMImBQRRuBX60VuFheBlS7Vrwo8U+wahKNvPjjEVB7YkFMuMDFVBNs8v6j12vZQYaf4J/OwBqsVUa9Wec9cuNisbFLa7yr6fPRyCp5psgepG7Dn8BioQxN1Ga+zZeytOoYzVCv05LmgQT7ijWChxRdkq/GFDW0k4rpA9m116B4ETxd8DoNpw7/jHin0WtOJwRvGrILal9aUxq5lV8Qir53ZHgyDGS/HEJnxqpxK6YUeWJ/18jUkqmV2+udKkGrJfXNeGQs/m+EJLI8/vpEtnguRhd7Zyp8VY6uuIGDzaiwGcgFRz60x6wVjQzsLSUQE3p3n1ngJOT5hFd4RZussVXye/YoC9dLHI6f+nPreR06CWNrAROclMe6dv0nCiwb0HYxvWajv3KglirzAVnkLQiAGvRwQae9d2BteMHjiYa2NO8TWHdl0ByCXo/OTlUuSVQv5sgWsWZO9HnCONsJFc+RLgY2OihAJQ9i+f6eSYZY1QVxqfRAFiu81hoiB+WDe4aSIjNQWR0S7zJy0RdXuRAIyICkpy3qSAAAJOQNQhwF7PhBAr1OGTidnCJwzzhR2Z4QAjKSkXk4IxBhjDCRBr6s2kXJSCEPPfKpuIAJxzkhQpmhFvRASQUdQAADAhJRCgnpNKRLLhRSCgCQBInDOGQGXhAjA9NtO2ExbcM44BzUfF7HOcNrjY2w19F0084FKjISg6UwSCc5YkmDC0oRRwuwe0tA92YGQUgIyyTLJ1NIirqI8LvUBRwgMdPypp0DRq0UJGAEi5NJEttpuMbudVQWQaDIgajepuqUOVZBery38ZCoWZYCo8Zhamw1MLUTWb741IFX/1QzTKM9IucJWgIyRkJIhTxOr2mjOfiqoQyGVa+wAxZIeXUVlKpj+ooEKDbEtFjjM+FSMuJK4Gdut52BEi4lsn9Tn7gJcLdivjWdzOWirBUX2K1xiDX0WVy6PnOVmGVVV7hXApiv/T1fp/GcfmFF6GVme80NY+OqwYmSqSlxM5VLFEBvMAhT/71LTX/CKgXrfyqJfA0RRbLYCZVbSE2bwLW6L4jcfc5RX46g1Owx81O5J5FxgajG0KzTX99fncMCquqrkO6qtsvLiJJq623eICVz8iYGjihxrUImf3vBGyycE4lErhnZedbZaAjf5pu4yxkozLkEvzPq2iFzXHvofK3aN26r8rXfVouDLqGuxFOJjyIporL1ShbE2IaimhACidJmr0G9XDQ/5p/igOUjGf6q/tw6IdwUoLFxiZ6N0n+kLROoRb/DD4jOl6YCIyT5JQfqnQANYGQv74lJZs0maX2ccNGnHD15g5erxqYo+BA0RgX9wkV/eQeP4Ks4eW/6TqdPVZmiuNmNWXh18BSgMheodlFfuLqa246nJGATzx3CNdDveMZiuD6jBOgAY5bCz8SrpDgQ2EQEAINVKQiAA4BzzHHo5jbTo6L1RUtoTaZ4jSaolUEsJJGSZ6HQwTcw0lJEMtQA1zPJ4fSNfyPUdcl8jTdZnjnmqHnTT7P0MBCqyv8G/Hm8VV9V6O6bz9kxLip1LQyAACaiOnWEEUp0nw5VtASEBmXkRqJ0hBwAEplZtMkS0bywBFaVKQEAzg6kVGYFxAFATnkReilsNppJIxhkDIHv+GuhmzTfOORoCEIkhRyAiTkAgQahTdcz7GiQBIOecq32QKNUgYsRFosB1YzmH9QgyBCmRATEGxJkKzYnUbCQjaWaGQ1cnAVSwLYhLciu3zXGkSBIJteTIAPyo3IGTCyKSUh/XRJrrnliRJIkSmRpy635VeWlHyds77CkIIQBKAB2+qhw0CAKpkhZqcp1AEgKRWTutOaZfUcPI5qgR9BJvJSEIoF7lUyKxnrqC0y1NPoKaBwew8w5+Hb6NNHcRiKQZan94nZK6Z3TLtqi1weAX9haeBB0gW2X8k+eugORcEsF95vE8q6j1Vxtws6wfAYC5I89i82RrllIWKy+7fGdUBV4Nb5wJ9CesDJsp5Hfs5hy+KXWvGIqF2pPtdy0iqZ93BmP1LJfImpdSnviOuAgY/ALBHF/YowJ6A4AIwJB60ZSj35ekiB8VgQYDZqdnJcmqMQ6gE2L4PegemEHsCwk8j81YUcgNSi8nBv1jO+wHq24+4qt4HLzDD+Ie+Uip7PHQB3ifQ8CNxdbLhjUq48mh1QNARDVG0byuT0a5rtmZxtBEIOgz2HxIaX+NqWbMB4rkdUSWBT72lLvSHFKRyRGpYdv6b4zaQuWy9EuQSPq0OkdtgcWuq0U4W7wQ0dtmU1JRgDLNuPUJG6q0gsLP0XpXQwpFfehPPJTFA0UaZmWBwis2OkL7jBq2ost0Rt4jFqJhtiY6oCogxjoJ86Az62bw+9Me/YweAcHoG4EKKCvW5lBG5WtFwNQTeKBSP+GRN8dZXz/dEJgwCHgdiV9EavQ1KBmRHV7+oRslZPh9tFi9YBbBjKZTQI+rqky8I9S317bR6nyK5/0LvUArps8utWZcGqI+H9LeDgt5FGFQAKOfUXW9rKhdP8oApF4uSIKIMRxqMDVPwxGaCUAdGKB6UwtxaKTAADIBWU6MATE3ttKnNAKexU6gJg98QQj9V8h63TvyjXSxY64BF3irXw1YdzXbb0YzCd3EmiadJEkERJRq5lH6PSOG9qwjh51IxZNS5RHQ3FE/oZqytfPVQh9hpqUNiMKpBLTyxPTsmq5S71lTKy1VXASg50cB1IwhqelDVN+tw0QCFJIYAjBgABJDhqDVQZOj9U2x4a/uNukW7ImD6NZVMlJRGQKok12darj2VAQoCdSGTRaMpzkYKdB7O8KK7VpbNZmBsFmVIlAyLxmiC6vcH4snGOrlAaouFVpa2AyAkhABGaG0PNesVZyQQGoMLTGM6fFmRuw9ATM8cWavzFfauVkAPx/oBiN0VP56Nusk/UdAmU89Xt6aRvucx0avvbJjESuvImzxvxpRMPa68Hg/4GFX72G40hjs+JvWypjp3GXBMvVpEuyWEIgk0idJ/UqaBCwW0FS61p1OR9X1RXR9fCgUfiqp39YTn9LmSLVeuKzu8nYx5Cr6OEH1yEpijLODCLxP5eCJru4bmMaqLr//ZUIbg5lClVEYQN7NPm36lPdFAo5D9rsbjqiVqkaD9EEZZvOyIYFs+DkC9TWszbXoFfLvlKK7qPvupwL/Y1WigDg341KR7Ii6A8XRrJJVj2b/QUe/YkKpgAUM8MLmiLxQYAydXiPW7Id7TSsvAgjX34Z9JzftZmk2PrBvCspH176nsAAtQN4u6A8mxPSP3irwvujZlqTwNzDWE4zERGa6nzpFKa6QsuizzooXZ/o8Sy1BS6GHV10diCU9iGmj4AHwTW3h+VKGRD2x8o3muLa4pxAqcMHPlYhpIYsDHksqLZ0/WKVkRBOAYfRbZUYLOWaVAvDmm1SjFbtfyqiIh97VRk76ydP2wGaVV+R6FBDsn91VzTf0S5p7fRJskSsqr9V0qPQq2Q5l+ug/jggIDJCR/06SoJCeB/MMqJFqral6RWXAQrLPk5TqIBZ1BCgwhIRho4aMs4kOrduR75yWY9NyaoamZmSWE0McbOLIAA4PJMMtvmCAzWvB0AAQUZZDLlzVUk1pqak/ILTYw4ewBh9ibGy8PobaEhQqwiWAMkOmGGNgLhADe4STIg+d8FmpM/8gggp1FZ06D6p6ZQoz+z4Ze3w9aHMv1TpP254/fN6AeOKNZl4KvQkq86iKgxiCJHU0LqgT5m3cojbiMvciQ70wmYEA+wYVjdNR1egEGuwrNjB6XHUTTXAIihGRMLpiRu2QkcGZFLnAUBijdb/kyHIbn43VZ9oDRDko35gHHgIZqGlrv7ekavbK6FPUzbNo22Zgh58sa9RJS6CnVNSKbfS6RqASCKC+oNkiCeZNY9rNo4Y3rg9KylU9EgBdNscctOBzxMgKBNIVfVUdLxjMsg9Fy2T/QypU4V1EvnoilKIoCgffNNBvYVzlLyUeoNgTa3Rc+3G9drc8gJ48rGrSzqoG9GJMDPqnJ2hpITvMfugS8Tv2cRaYeSjfCj0RqVcl6a9GavQo+KDR73uBa/4spS2JetF6sLFt1iuC+2CJMQ34IWiQd/TZYtxVdJUj+wqBVFTHqfAAjZsuhvGJ14qlxuDLWddnKsAfFfGlS9cTDQsFFcRP0xwajmgIOkI+8IuCyTD4jNr16VfS5aQNgyWBnnppmSRjB3yRDhhtYQAYZKo1Ndg/7GjoG+F7dMVnTxoEqMI61PP5LnMU8tVDF74xtjWXLOcu0BUMVzTY8eWzQd/QE7ZFyTZqZDNuAJD4zZlElclgOr3z3WtJGGGNmn/Uit95y5QiuHKMtm1V5CQ0s8vG0peMIteMJrrgE0EvQHWBa1itJQkqWgRDDBYUxhJAxmap6jRD1KOxeTXgSw+AlkFwj+gW0asfii1G5EVc8k1n1JeyYSqMR0m1RZPtZ6GqprX7XdZe+JREhIEbYgqpDVNOBVENe+QXmKOFdBmGMrINnRTSCmDGNJCrIpFWOgrup4o8LV0VvbZmFKBkAMozAp54WH2ZlTnGV7iHtFnSoBmCbjv745HtVQPqtAJjg3xD7rVmGC5JSmIMUw6Ms5kc1m/Ntk/Lxzb0brt/5pntYnJadDLqdokIGaNaylp1GGix4VayYpQfvm/j4D2bC1o4MshqKXR71OmpiS4GgFJ6K5EBIDw71XaeHKW+YBTmLFyGxRa0R2MH4M05FgyF3FCh1tlYK+HMieKqmY+JNtPa1434WWlQb2I2LZMEs4DTBJEMJJnze7TL0tGInioDtSQX7HY6GVpTFdaiA5mkgjwbm9ljOxGAMUIAZOpVKqRmFJnUC0GRUIIZFAREade4am4qGBX0L7JQagUskj7AVQ+N2pmpS2swoU+XIXPYDwCYlC+BOi7YMFydnAt2CMgIixF1tDUjMaMaDgBIkmj9LupBsY5Arff1d+FZQUMdBhJDbhTerDg0PdayiqR3kZJqERhKo3haWkxs7K/I0LGffr+eWgRKamaVhby1a2JJw3+QBHqRFyPpKLLhJBleqml+zwxYFBL6JBcHWzPgFSjBS0XM4V++Nyyzch5gAC1f5E36m4sVn3z2F9mUirncTgfFC9+2+1YCTOa3NI3t1/OsSTJ6ZfB6yRxRtELS/6lYoRXbEDhZYVO/uSEt4JzA2blqyd4iALuLc5aZPe+kyQoYEC5c8oFNhXeuahHRrXzzqTX9LKEt6FB4XpESdnMQnR0ZZ6QiqgoAtSzY1hX7/lYz0Y6CiRHKr9I6DZOhIJVhw9V8dueJhZGCrh8ACu26qCY8QaoE+np99kMvLJAbUWhvQ5wHNb32qu3TcU1Vwfg4IK3hoBl1HxRry+kDkIJ6FnjikxolByqkopJu15JN/fZ9QHUHSC/MSQq/m3qL7K9QUTPMcT2aFX78XSQ/3BOoo6+K5ZpoZSKMS1VFuoY+lyLA7C4o6V9k6Sp23FWW98gooR6cZJC/WscWiWTF+zWIJdzBaG5hvbFJJiTrs8dVFbQ6Vkp/SIN7dg6CORf/Fo3vrB4ioCQ0Ih6EKa/c3Z87keGw9gm9Qsq9BH1AUGjbPHfroIOL9zCmNai9IFZzxBOl2ZNSLTZfNL6L97AAgMbNFIlQaAUU7tSgXb8X2oPwfm2mQftoiMDsvge/Owbeq4NpQNYSSGt8yyTd91RvzeOdR55sb9nRm+rKnZOUC+RICdfHjTKivCvG23JsAp+RnUefgjVPtheMTC0cYnuvGjhw13T/XWuDTdnrUTs3u6jIrJmPO2CIeZaXMWKOef7cjl12ir4BMncizkVLahA83un3PZr/M9STGB4haOALWhkhHUYJU4jIuQwwjl7PEKKOU5U9lqB2moJnpDW16P4l+9HacJWjICR1hjECICIzQalafSz1tCSZRb+6mwh65S2yyEpoogOd0oE+ApE0wRCpfVlaSPXKUhvf6LOPyPSAO8NshVZ31AaHpP2Mqs3ibdVrhqDmEu2LSsnUIKVGkj6K0AufEYBAesEFM04cDRNIApm0jb3cS+cVG3wtB9O2GUdkgFKv7kamlE/ZX516V29q0V4d3JZpXbNTZl29BHRT1nafq8Xc/uE/Buiaj4HG2ycA45/Amk1rZhW+d8Gc5rGPu3y3G2XcXKMKahutR38owVQJwLSsxusjIsLBs/NEFNlPCtCbDxCqr4Jjmv34nUj/TUfMOg4vvHExuYOEmjhLOWNhbXr8/INofTcXHxbiOx0bKlggHiWXA5rCRquvkpBgNggT00ix0Q8BhutfJeKaM6And9B7CMPQuf5oCgsByGQSQyzikecx0cX8Wrfd8je/Pd1x/2vQkcDnu5Cmby+9gQ0ZUkTRtteF0MCnx6+hlMMuR2DiZ89EBfehQpCsMpTUXHWFOlL4Rf/qdMc6+bL4uR9IK9YblnHYIQrsgZSm9+lFHN7PwRiptoOCaKrSPt8RanFP4nkop3tGohU8KZi5OEqJaZNS+sktLKbHPBG3hwyBxyP0gqvAVfg9LmTjXM32s5Uz31Qox2Ia1ctizU9+6ggNkSVXtGfVljQmuEph0Ot7dN+AGrBciIphxA1Pf6Agqb6RiBIHTg8j8gohtwGd1FfnCr0D8JcxlBYo+Yqouep13GIR9L46R2u9FLrkMITGSxNvC4Stx2bO+6k8jrUddAk2u7bNm8TxC9txCAdUNYF2txm40Y1W81lN9qM8R56UxZyk9BZiBZ6pkEKKu2nFSSkNBeRU2SGK/nWYVF0svA/WZcYoQ60G1FjGW4uqVnVo4k3wKSRj0KjxHW15+wOdm9d07n2svWlzTwhCKesN3mqmnCv7R0DEzLExjHMD+2BsTGzc2haEN6/JVi5OjzmgdcjutQN3TQdq1O1SJoFzNGeCWJKJnNkLFuFaDlk99lnkMJ3P7zCzQOBWoroS+heyzCQAdUqNWiRpgkQ9YAoTI+pATgdXTB0NpAMwj1iPQEaMSEiTyZIAgCTVXBywiCYl8Rh0yAa5Wi3clkPQFaI67UZzyXp/tP9nKlngEsgMQKrZNoZCkn5rJgACoUP/+lUuarEu00fvas0hIJBAan8mAEkTLYMOpdQrZ5DpANMNomeNnI/w4BYREiARSbVXFkhKsyhabR818xZMCz4yNWOpDssixxjQwafjMvPX3CowKV0BdYIuMjOiDIjMFkgCQHJ2wWma0R3l5+3pyUpa1DpbqedaPaiL4AXMqh4WgI2STBWRPuDCIllmRtxsEXLVq0XA6J72f1OOyRgDi2I9q2Fsillx6dVTAA7G1fpXBQi20QcBoDvGJqiRqblsZMHz5BqOKi7FlIhIMuh2XBhVW4FXDaBLmJMtdMS3MPEyPPdD9Wss9IJPzfkATAflwPhxY7CcDbeoP/KPZWGGYZ0ZKZ0rK+mc7/Y1BWau0JpM+4JCrz/eUZSFPvuSX4VhTAgXVxCBXntHf/WZAnrLAxQqiVsEawfIchG8anTKzAbL2kF5aU1DnftCIRP0Y6FkoEmgFYmj6FsYGKPxMq5i15zDpDbXUHYApB2dGC17nC0lzV2MAQAzgTIgSgPs7aRo2F+fFwRmV526Y18N6j8hibTbcbs7HVWsP9yqCrBDdpn7qqT66G/L96akPY8SXX7qwU9nRGWUeFUz1BYN1cmaXz/IBEdwcJHRR4AkMrxGhim4AVEBV7vFGn7tUGHPqzB9n6syC1Is6dMDBavvWb/KkNLU4wvLnCi00mwfqaAzKBNWogFf4SimEo5FXejLluiai2yhXbHg37StPIdR9Gou/TyXqz/l1ppEeQH7M4RhbR8SIdqyMvvlNVf2ULm/n0P3bZ4ywIGeAdK1z8Ve6DZjaxi1552viGG9Hgosy5cX6zLkqiDFwwKegpma9BrTeFFbQaU9Sokk1RJEzh5Yn199W/uGu6a37OglnGp1bNS4mgCRJKS0gQ0Roj7MUwAAIQNEVq+xep0DQC+Xa9d11m7MrltQP3x166TVyRF71eogeznxBE0M4OMa9Kl7dtKsHrHP+Hz0eKBF2uQu1K8SiICpgEfxkIwoIAD6L/YAQCBkiCEX0QSroHGlpcGWkkBMHVBExqkpQ6dfKGrTbMYBKL9FgHaRpV1bS6an+ixVsw/e44RGkDo7gMAYgZn6kzra0e6do9qMC6qziMQQ7OQTAjC12dW4aC2j0hwnKy3e002rB9U6Ug5q0tiu+SSJyE20pMubfJO7ow+eJalfv6m4YWJrRQ6ZYUYABM685k0+BRQmJCVmgGgOOdazmwaEmulfNeeGgMiMUOrjYkiJPTNn7SqxlaFrNxSQXsnN9EihmVy14uciSH3bjGfh8gGIHWHVNbt+2wizx0T7scKXYSzCQdtG+MMHPesRojss1tCnaRMXl/3qI6GCAehvltED3LO700or+1z8cNFo27WdbrKzP1XGkWgqnqP1s4DYu6rQc996CjEwupDAgcdgCb1fs7Y+AaaaW5fKiK3CeN5D0RxmycqmMgEtv4/awOqEHsSeCa0Jn7Vun0RXGO0RVFVFdLH45xIUZqWrwB5rFArR+yxXNIEBHuejUS6LoJ0HNvMTbg7MlClrM8RRs4mK7Y4LTSutjba6s3bfE5tnr3yk8FBJEyW5OSgdMJ/c2RqrdBeQOPNp03pOPAv+Kki6qCJaqy3XDFOMAy9E2EDkd73IhTBXZwbPy5TENHgj6lCVR4TPuyjAc5NjhlzwEgBGWPzC2iPH0mNSOhoHEEFxDjCUWrR/MeKo25Pg0+Z6ah8x/jyanwzqVPajyGS/ksJlZ4fAVxg/BA0pjokvG9bSm+Vq5tJbwa8F8XTC4NI2VefIewGqJdL+DXKKoQbG0lL8HE1WeqxxeTrPr8c/9rczGISagJ6eejW73rnnPP54SDB2G5YEk03TBY0ca8irhRXdY2Ra70e/grIWa4NzvhSWMr8bW+KQjWvLGweQspEyiezP93d++seJNU9mJEWzgUnCpIReJhVG1v83yxQBzWpGW42atiIVlUBaQynExq3d32zJ732Yv+zEobMOqw/UqCMg4YZSK3FuqTB5zHadCudnbHSHobKaEXQzQibrYEiVBEQks1wSMGSMcwIgAkmk4jg7OC74RGIMmNnkrqY1QVVtp+Gd3VZEIAAJIXMhc6FCHAYAUk9+Ikc7RIQIgIASBOoXTxAASf2GDz1ritoukcoWECEiY9yYFPeSCDSaxwDVEjxEQCJBBNKcNEloX9EBRhLdKOuDb00yhsCco4QkUb0Zg7SRIATgAIBS5ejVyVLqLaYIdr8tACAyTACBQDgZJQD1DhI9oEigT60KkLSaStRLE1C9RsYIMhFkuWQM1fSmXaguiRAkAjC9XRbsEgB0B9lq4dCWj1BoMUDO1QFL6igpffaPolS/n4YBCXdeFRFJIUhIQsZ4gko2mGI+qPMAkdQrVtTNaEGFpkIxXZKWIiULeSakJAnIOQNSR1JDmnDjPjUvPWsIegGQMw0O3ZgtcM4KFNIXYNdNBHjeaJ2vnr7pDq5Ih734yjfr0UNmV2zhMsF66SQDeGbZqoG+77sQLHnQ70WMH0Kk6HyxMydWhyxXnVVHcLSFzQUeOYa9bj5Lf/V65fWjgLldbcX9e16/ijx0nfW6GXxGq9y6j2SNg9e0awsM66xbNjYgpMqNVJlPd5lCJ4ARUDSqF030kQdLdCMGTtvJT70sJmCr8UiGYoMG3FDrCRJTwNRmRj9Aa4H0u0oRfZpN015aqhQjhTA+vKwlMebA66kNQV09/smxvmT63fcQr2vU8AQ9WbIUKJ77h2D5yLM4jREPk2vNjkCg19Gdkl/9ykOOobcC1K9Nz7pbm2RFGoPqbCtzCeNjaSz0GkC5gwh3eqA0ti9B72I+eo8nsZFQ4xUaNLDbnH0Njr4UsGm/foKRDCyZsHKqYowpmpIRX+aaI+l7BS7Vql3RsoP3g+1jRRbBK08x14K2Y89hRRxs90tooPhBn2aA+HQRv0HL8zIvYiNkLI6m5X9F5kb/FKpZ5GvL4zfvDnoE9GdslDctT9tEjxgKqy5FcUnGJPQT9qZfsf43ZIyyF8ExnUZXvdnLiiVPLkoJ1D6WVDNAsRf39aXgFP2uWbjgSpJn3RxrwpJgwEoIlih4IGSG9YD2a1Q0DK1dp6x1U4eXSqqnTCD+/q72D67Y8czmrNlkaQNFDiKXqCsk4zatg2CWm7aroM+5BUI1c0WAUEsIKH9mc/aDq+SOnQOvOW1wsE69nBiDQB1MEGctoz86Wv6dowj6FDFJ4zA0/jUqRsQQB4frHKArYKZNElTUR0Jk6BbAogk+gTMiAMnUXCJDnqj3mxLTfGeOTYhAiGp6kDUbTK0HH5sWmdAn8mihAFDZD2ZyIEpLEUA4d+SUQYFSKYkh1Go85SwTspc7WXQqi3p4mAp+OCCBBKpxJEZZLtRiVUFAUqB6VQw5QZN60S2iP7iEEhCAi12aFAABAABJREFUA+OSEAiEFFLoF2QiEENptqsiSv2SU9LBpFbyNE0Zd71SAkwASEgyFyInAJIgCCSRIJCEJEFIEITIEiUBCCglMI56pAgZh0bKJclckpp2RPvKHwSG0sSCRjIkkPUKZrE/AiJHxnmznqpgs9uTid7nC6hmPo23YqBft5N75owzatWSNGGdjKbbApExplfkSubv59RJHBVIow8PKBB+pdEkAQGGB2ucQ6cHM50eATVqHAG6ueDEWLxS1eRbSxwL+TjXN34RYIpNZOT/St2h1kxz2qJrpXwqtWh67fYAptTJhw6RI4DAOEfeDdGLjiKbaGNCr8IohQ0eVvEGzSMmvKIJN7ID6tUa+Tu/UfUFTItgqCbvJwfzwq5qkYzAQP/YsuS3qGAMLUp/jfK2oGXLRM5hfiL4PNtF1SNbRdKzA66xmwTz3eGxwjA5WNE/Qxy0YnXeFxB9v9ALO/sWBv9z7RoCkKeoaLeE6F6UIxkwLtLuVjO/qtEEcAdGhc0hlkk1GBUhg12DyA0xeButI8Grp9S2lJUHj1flkM9/ZJYqAUJFjhYvePUoC2k566EOz9CVwdq+5PnlY6NTQS26pXP2SuwqdtL4whpXCzoKmNrWGMaiNr9CTrUDI6ueLumiQV2+CfNrLj4Sc8qKIDiCy02nV0V56AsmY2RPbjAEmHpNBAGuu9HkfklnbXaq0K9CQqX8QKogIWQcAJnuBckJRF/fXLV+gbIrpkSNPsb+xtJv+2U/aCRRYEWfq3R05qQPEc8jeszNYu1zUrMQDZXmnsGpQF8j5Lvf4k2f7aggXSj/WJAb7/Kn2QIz59HvW1i/R4XKnAahCUHDoSynwa/Q539o+/wOlzzu3deaVXCcmju1BDjH6+9uf/+KnRu3ZiNDXBJJYShXh5WWAEhHHCnRNusRlaHSyzXVjg6CNIGZ6eyXf5pIUv6605oJM9Gmv5PHkQWgBN968Nho9VE+48z0Z12FOeZJImK73X3owbXbxyYXji7aZ+9d1WxiLeXD83hgmiquLFMvOrEblF30Znw2ECEynJ7uPvrY2h1jEwcfekiSJEII1GtikasQUe2hZUAShVpaAQCkNqO6A44sJGQIjKfT7c705GSr1azV6pLcflqGegcUZ4hqGa1aLYzUSLggSJAlSTLT6QoJ9ZTXa2kVHHMjjEBEEoAh62Wy3ZUSkAQxzho1TiQJgCMxkIjEmG5PxxCohg5RrzuAXBCi3qUFBOqIWklUb6QMUr9lod78SQAEQsBMl6TEegMkQa8jpZQ8YaAmIYlmOiKtJY0adHMgKVVUpxYmCynUW28YWuSHnGOScIYMGaq9vbbdnVO9TZs3LV60cHS41cskEmNI5thmFVzYIYYEgVBKgQDAGU7PTD+zfuPg4PDowkV5LpT/1wuxFUBEfcKtOxqK+TquPZy0K8AlAaAU+cOPPDU5ObNgwYLFSxa16rWeFEg00Exn2j2GXM05RObbBt0mhaD+OEdQCW3Rm9DXgawHBUJ50UDTRp+uwYJ1RgCn0KBTTkSFwuqBInEmrozseTS9E/IgqtNWZIkK7ng964P9HKT2gk3vIZuYC4x9aZUW9wfMms1NG29SCv3CPHLhWbCJlwJBwYMF1GfKlDeq/nF3IOyUiUsdnqTC42V1osWxxv/GCDMEpVUzY+4m+AMd9IbIlgmBribBuaKygTUoNg41AxKMKkKRvKjeqm5Gk4ExlA1n62M+VIhNBFOr0Cwi2pNoSok0IxsMZzCOVk6KcWPQPkZUlcbhUfAZFzCpNP9rhELBqnB1HBtN/Gi77I+UketiNGiaKDEpniJQSVHbNBkgVJSmsiuJrW7xK2mji+EOAb9XpHeQ6F4ZyY4xp6rbvgbT9aoQM0AotVS4CX28kdV/Y90sN8ttqvmVvEWMPtC0kZtrXsbEVNVsiSefu0aq3K/RQU2llqiPlY9aiRU0pNZnPvjc8TKEkUlC64pDGsgXANDBquFXZHoCakoUHyLtdYrkNWQvFk14Wu0tC6ucGvvCVhoHeDPDUfSOxfPT7K/6j7ltKmbIyDtWw6yc8HEE2CVPhgYHj7S30dMDtlueXwFfqgwDiz0lM7lAwcDYnJ/PuoA5YXLBt8KxHbQM9HjpDu8kWaoebkEleipkZM2jSi8hIgKOUK+xex/PLr52csu2bHRekuWABFyfP6PlWJ3qZPNp1ipadADq7ZR6O6VZoYRkUAiSoHqDyQwuv2F816XsxUfUJzveEhAKuoG2ZTNOFCVGYwsS3FSyhR78RkQAySCXJGtJ8szWnR/6t48+9sRT577iNZ/+2DuYkJTwTVt2Xn7z34bnDSW1FAE4Z5wxBEKkhAMQkaTJ6c7C0dEjjzjIDSxIIolA6uAiIJJSAjJJjCO78KeXff/b3xmb2PmRj33i/Fec1WsLpIwxxpHr3YZITAcpiuOoQ1ukBPW2RWbMiRAy5XzNA4/+7KcXP/7EI6eeetorX3XugpHBLBNa9BE4B0DGGTEEQKmygozDlh3jP/3Zlb1e9upXnrNyxcI8l9Od3pbtY1kvY8y8AFVppSABkqQEdRSXeb1mntP8ecPNgZbIJSDOtNvbZ9pAEhWJYDaOMmQMkempYqsvBDQwMNBs1pVFVaOlpmETzjZsGXv66Q1MkpQilyr7IRNiyJgAStNkxbLl05386quvRWTnv/wFI/OH2h3BGRtq4SOPr//+Dy9t1msvO/esg/bfI0EhJDHGSWK9ljTTwqH0AADQ7kGv1xNCzMx0JianxicmNm8bGxsbv/ue++66/fYjjzziPe96y/Llo6KnXlqq8woM9btmFNTjUgoiYCzhyeOPr/vGN7519z13nXDCqR/56PuReigl50CQkNpmq484QkTGkBDVRlPvRCH/eA4dKeSc8els5nOf/9rdd9190qln/cdH3v3wmgcv/vVvB+rNN/7DK/fcben4lCLBzjyiYa0BTM4OoMUVSuYI9fp1k9029ocxY3+tqzI7kP2QILQ+3gZBr6pgZSGUfQRUB18FYMkEdiUAtQTSlDhHv3bPEZv5YUdbjD6NHY+IjIkwTZBjsbuNUSEvklIXU8ofYqSQao8kAOtxyAbbdm4uGogisAmTpwUKbSnn1KrQkRe7kqHT81khWnA4swgS0NZSAlpsoELkvDWU0VygD/wBjStUd/wTCv0nXR9dT01VaCctsSSTa6uGYD2n6V38SAjRbZSLxYhx7pd26BRhopKqymYg3VFANs6HQCzBk8MIV5PJaJTGjU721IOaT45qW7lTWwS/Nui7Fi8SGP+HoImimsx6+QjK2goVi/lWzBUvnzL1aXBEloBzNW9poJXDn7YKDcY8sxNfSaTYcZcrQuTiVQjUwyuMf8prKFrP8ppi/XQ/+SA7rLacYv1v+WrPCmJMZUVyTc6siu7y+/+Xq4+AhsET+H7CmVS7vLnaQkE1B8NMXtzBanl+tldxIKxp0e2W8sHeL3q7WYT1WVDy7B6u+sX32SXNFAagmg7ndp4tIf9H+dRWzsWR1g+q1zn62zfByYsND0sos/bYVgVEzRSn23Td7Z0n1skFQ7VcCtQv6lAGz3kjtG2SCQ4RpPQqV19NLjBsXyJjAFSr85mu+OOdU6cfUk8Y5QZdxJDFq9P4APtLwJbCc5XDpWVXEiJ1up2HHrx/w/r1U1M7SUqGspaytWufecfb/rE12Gx3e71uB5ExxkGdxwNEUrSaAznQCcefcfHF30wSTlJP0ugF4URApA8oJZASE5RjYzvX3H9ntzf2xS98/oD9995/n5UyFwwlADGdTXDrDEnXh0REUnZyyRDVVk/l4YWQtVSu27D+Vxf/bOOmB6emJk9+/snzhockICIDZMBIEib6NGLJGIHeQZr8+KLf/McH/7PdHrvzrtve+PevP/Xk5615+OlvfON7O3fuHBgayrMuACQMiVBIIqamrRGk5AwZohRiYnz7eee96rWvfglj1Gymd9z56EU/u6LdmWo0UiGkyDIg4glL0yRhambRAnrZ7nQmpmZe97rXvPycE3Mhgcg4XCJJacqu+f1NX/jMV2opp5T12u0sazNk9aSZpkkv7w7NG7nggg9nee+jH/4AUN5ofPUf3/KqbjdnDFLO/3LzrV/9wseazdHFSxcffuCeWZ4zYsglT5Jt2yfWrdsghJQgu71envdEls+0uzvHprZs3tZuz8zMzGxYv3HDxk1jY9s3b1w3Pr4zm5kA6Nxxy60LR5e8+91vSpiQUkVoilrJ0J+g0qcAs4RNTU/dctMN991z885tY+e+9KxDDtuvNzONxNQOUlJHPQFIdVqSOzEJzEZNLcUmN0REahkyCCEeeHDN/ff8bXTJrtM98ddb7/rq578AQE+vf/xf3/NPe+y9dy4lgo9WQrWn+FOcyJmLFa5wW15qyzM71jqZ2zriK6mkxDozvXa7oikosa4W9ZYmYWN37MPUQu+p4vMcLptlLA/u7Mf+3qGkb+HX8qRwFS0VNVWgxiraSpZRm9vkAiePnxrQGXgwF3dYVap0jKqoLFbYL/AwFUWjU/ZIH8DhCXzswEpqUKHdsw6H+lzVAYlXJuSMe27OjXjb2fpMOcaXlyvRMS3Z1aHlxBSne6ACo5WrfAXxfbpWeYWtFoF9vLecHFXPuZVyESpfeBD3NtERZmFyCz1YZusqMMViTTfMem4EHIl+tEDeHdean/6xXwvJiahk6RXTZ1bSlv5q70RZnKp5SA8SxzWVe5HQkNlVKDatYuepK4OoiiYwNLu+WPcLgIOY1AyCB6VDGbAqGKhaKVVuQlUZfb1f3eEIXUkYZ4WURMS6ougMoTWavvl152gTOIfkS52r1q8nHDMyA2S9kU+ZmySsILtiJQMFX9C5xFKbVaxcdSXil+qJWybnU+aJu03EWnmz9WpGlXXE76/9UhCLElID+YztTHlPY3ChiTNL8cImSQIipAk8sTa794lewpEzEoLUhjelEkzPvIOCySzAVoX98+YAWb9vRojViasEIBPOntos73tSHrUnTHSBG+Nr0qNKAMlHBQZCapkxooPgMBGZdJWpDb0nAdXbI4mYIKJc9oQYWbhw21i7Uat3cwABLEUA2Z7ZnnXYPvuuXrBwQS2tc54AgpqZ4Zw//cz6B9fcvW37lkxAkuqXtTDkwBI1Ic2ZfscmIDCCWgKv//vX3nPvfVdd9us1d99+/R//sv/qv+f1FAmRm/gDgTNABr2eFEKSRHVA0cxMdvlvfrtx85Y0SQlQiByIpJBpnWe9zsiS0Z1jA1u2bLz0l5ctXLhIH70jCJBSnghJK5YvOfG4I5csGhJScAaSYNH8kbNe9MI7bv/rxRdeeOOfb/zof36y3hq47trfb3rmKTYwKKenABkwBoTAkNcbwJlodyCbMmIkAaZ3Wbn3K19xDiaQJHDPmkd+/J3vAGwDqAPkAHVIGpBLgCmAHPSrsAUAQTrCExTt9gknnIgAKIUktVSYIYCUBAAzMzOPPfqAlD3gCfS6ScqEIJLAG1x0pleuOqBW5yPD85cvX/7YI7f+7w9+fOwxR++/3yrG2BPPbL/88qson9z/oFMOO/QgzqAr9dvg6ineff+jF1zwsakdW4BBe3qi3ZmRUiZJAxhKgizP2jMzJIgTHxwZbKZ8nz332nX3PVau2mPByLw9dt81y4DXQEhAAEnAEHmSqMk69AaaSwSEgw/e+z3//C/vf++6dc88dsnFv9p39QfraULIGTICxhGRgHFkOruDHBHACDvqTe1K64WaLyYUpCdThkbmp83FA0NNAnb88ce89V3v/vF3v3nhD77z5ONP/Pf//M9ee++SZeZIKwrxLRq8QU47HeCxGSbzDa33c8odoZUwiDHggozHc08EFwb/eDoKjjpVpQSgaFOrj7TsQh6fpuhzBQ3uJzJTDVhhcm1jGmiFWXXdabfR1HOR1odE73vwmmDmi9f/6Ahr129HiX87prQUnxv641y2krwyeKNiAwfY3G308DdR4Hn9Rd1Bnjqa851DGFAOZUw9vp8tB2zemtqq4DMqVnCMACFn7LgHMhBx1VUWJFMJKo/eiO+HGKyMASU1hN/tv2allx0pDCFK36qsYPQhu4jwoUKiVLu+lhnp0iptJ/Pd3wJnELGcBT7bwuigSPqsPCzEsQZ7WwkHREAfdvavEDy7VeSn+6o6RwCIbnWsX4Utpznk1gDaRlVtwfxnGOTbGvpdio4+UutVHVSpSfPn4mwsUUbonC5rSsKAdi7PzykHYMG7sy6zsAi9UnMorq9ZIklTCCC08lg+xvYBcwfdSqfq2udApulR6Mwcf9wNG/bMeSjDVrBwJ/hQyqj+YhOplq2nkCUpKRYF//1nj02v44UQxj30I7KcivDHsOVwebwLQf2yz24MAvAWfEaHQ5xOR9V7mBLBzJSUlFOloltoTkNRH4nqnGa6cPej7Y3b81oN1d5IiI74CmEPWHmMue1j2oCTDIDMuw6RgAHunIC/3N85cs8GAnibHEvkxJyI63jlkeCXRQ1nyRxPRRbWolQ+UCIAT+tpqwZDg8OZkHm3m4tsaKjJAfJcACJP0qXLdvvi1394wIGrOVCSpABC1d7pZl/96lcefeTRWq2uzraREpMEtmyduuyK3+VZBgAcGaYcpASOKBnwhKOsNwebQyPEa7fcfnvjZwsoE2nCE54mCZN5roBBkrDjjj1qydKFCPpg216eX/TTn955281EkLenAXIABpADpMjrJNoAM4+suf2LDzwImACrMY4kZcJx3vBgr9c99tiT9t9v72VLhklKxhIG8PrXvfj0M06+/Orrf/yDH/ztL7+/5nfXvvTcc5cuW7Zty7aTTn3+nrvvKSnrdHuM17qdzp133r7+6fVL9l6xet/Vg0PDBIxznNgxccJJJxBnQlA3g4WLlpz8wrNEb6bWbLSnZ55a9/S2TZuGhgb33Ou4BaOjtTThPCFBnLFn1m+4/747hxYs3nP3lQAgQK1kIkRC5Mgxl3Taqcf/64c+fPmvfvHM2odPOv0lL3npi8fGx6+77o933XHzwl33euOb33rA/vvOH6y/4U3/8LlPPXbv7ddfdNEln/70BxjJy6/6/Y3XXTk4uMvLzn3ZsUeuJil5whGACBnAwECDSE5MbG8NNOs1WDh/oSTcsGl7JoQQNDJv4YvPeemqlSuHh0YWLV2waMHobnusXLpowbzh4VYdBECnC3muzzsngnavl4uMcYaAScKQMSB1xLEQWd4cbBx19FGHHnbon//0p54U0zOdGRW0csYYJowjATJAho1GnTEQRJxjXZ0E7akAAaRqC6iEXNTrKQhiUlDW7UxOjA+2mnsesfrQwz86Mtj6769+abIjpnuiXkt6vZ56h6jVGw9fR/6JPNuilMZXWnIHUQdXYBXA6KQx1xVrGMgQ4Os2BfWgLWXtKYF+749Xmx/O9E81xjgvQHAY2Iwyb+hXBT7XYounHo19ht/RgBgvqohtdRjRQ0RSHOcUN1hh4V7fHvWBQ3Z6KkxC9GN4tIkszpLPfvZhRNizutDfT2S3H/dJKOgfyjGQ7Uv/wG8uyLM02LAS1efZMIKYO0O8kmi7E7lL9etcIHO/K0jEzD7DbPJhFXWpMgDBdMUcryD4rCpjaSgQPDtcjAwe9Ys8q5JN4MkSOc0KAH1lraXdIgMX/Z0FCECQWKOkIJoCrZoIL+iPLi8HgNFNdxojYvHhAjgsq1ZTojnueERk2VCSBptNFIpKXjTGfdWYjGvUuqJlQjG2OleBBenxw4CqyKp4BRYB9U4zSy4VRNZ70EyzYFybatImTlyO0Do7KkhAuCHTtxMEpBOPMUInI2GmUp8/ZRYhyNuBp/YFPkdcLaZOS1S9wgqQJ/lFzcSgcs0Vowi6X762P4v0dpm8mRQmREIRJlyth4ibRptI9s4uRyg/R7ofZR7tZATXqkBEcqRSCufp8z2DmiqeQfuYrcTKHwJRwmFsUj6+oTfdESPDPBfWSEgwXPCzaEVnpnPJ5LCib+/tQZAqcair5NTtiSc29nrUQiQp9HQAIpmzXUzdhp3GQKgek2OA65bWSSJ/6NyMjSoniR5+bH2vPbNlx05giAy3bt9y3wNrkWjvvfcgZCBhenrs6ssv/9O1v82yjDPkKQdEIcTE2PRNN9/Q6830epmUUkouJLQ4PPTwM+//l3/qtGcQOamZMuQsYTIjIAEgABKADIBf8atLLvvVxdATSaMBJIBASqH2ugpJF/7kZ+eed2aWAeRAEqSgdreTzexYuGiXfY44DBlKyQAROVcnGxEJBClFTsSAuLLsaY2vf2rtE4/dPzkxqWe67FhJuWLJ8Jtf99Jdli387e+OPv2ME5sDw3nWzbszZ7/oRW//h1emHDrdjHG+efv0W972zsfuveOMv3/dB977TwtGRzJBCWeU5TpBC2ymK0895aijjtgfOdVSnmf5p77wtYu++dWV++310Y9fcNiBq0XWS9IEGR8aaH76S9+57eZr9t5j75UrlgKAIJYwJQuMEDjDdiffb+/lb3rDK/920x8fvf+Wk045+Z1vO7+dwdBA66YbrhtY1TrppGNGFw41OLzxH169Zs09V1x+6dZtO6basPaxtb/85a+nJidPO+sF5778HMah05X1lEtJhCgJDj1ory9/6TMTEzsajVqzliwYXXjNtTd87etf2/DMk/NHlr7tbW9/+z++dnCgVUuxxmF8On/4kUea9YXNOsz0MklMSgQiKQg4EtAtt9177R//tGjhAgTgCAxBEOVZLkSe5yKtNxnLIa0PL1iSM7zsyqu3bd6ODBE5EjEGDLGXZTzhZ55x2pGHr+7lctuW8bvue4CkREChlnMT5FJIkiSkFCLLBSDkIhsfH+P1dOPmDZf88rJdli9stVrL99pr8Yo9DzrsiHvuu59zOnD17llOjNmY0um99po2R2NV1VoQo9MmjnFhh36MrGoHgQnaCrydpWCBjHkGXW2emwSIzJe6Jc1OcnLV+5fFStpUFbFvYIFtYOJ6W4gN9Ekc4HGiL7Amu2ZaewTfkxozpCvByL+X+UGC2M+WLopxy+ZcV+ztuP7yyauSznhhtndYQ7HP4MWZNszzl+ZF+NvsE0b0hslnBRS4USSMnBOI0UVZ72b3vI48vd6mLKKoqCag1uOzA4OFCUnfcVZWWOCMj8lLWBRu4nMYOwCPPr4N1Bl8IS/0xTVSoMqnJJ4jKRQIarNmxOtd8fGyJyvUELWzt+XdTShIS3FiabZmzYE7bmG5oxvBw/UWVVaA7bByL/QqkwiD1jAQLYv1w6Otwt7YcDQJRTSAU0HRiqvEmHpqxyok2ZkwawcrmO7biKgqCjvlzOtsFAaPPIsrPtGXoXm9J1XKJoUqCrOEIaZMIbqmwl0q06j+tRpiCrtLynI9xiM7c4Beo/YlLu6n0jYVUp9tF3G/dJT1l+oKN6NX+oPSsNM0FhQDG314+uz7ZvPBtYvBWeFBsI3hYwUii6m40l54DJH9Brla8NRPZJPwdgXJs2VgeSJmloSr/skPKfp2AgzPIofg8KjOcTNgUoJa3i19s6+ptQqqraD7ggig3ithkSkAkOEveTRqBAKETCpGEEghQdqKbauWdDfknqf1pSeMQfVBtGqlsaFFKv0iJAlADKHbyX7wg5/87eabWYoT4+Npo3brLTe//R/fDlL86799enSkyZN0anLsa1/9ArIm41xKAZyRkMABBDWbKUmQuciFlBIIpJCMpemq3XZDEPOGh5MkAYCs2+tlIq3VahxzQYQ8z3Ii7HanAQVHlmVZq9VstZqAjCVpCqzdzYbnzQcCIpX5kkLmCWeI8oRTT//85z4+NDTYy3I1W6iyY1II9TpkVGMnZJ5n9Xrt81/672/+zxOcc67flqzeREIA0MsEgnzh6cee+LxD5o8M3nDbmlwQIEtraZrA2I6xicnper22ddtkt9tljO26y8pFoyN5r521szZRPeW1WkMSlwgkaN5gfcm8ei6BQA40a4OtQaDpZn1gt+WLlo22xnb2kIl5w7WZdmf9M+tITO++116LlywR6m2oDACAg9oULGSek2QAPcAEgDUGagDQTGGPvXYdmLeg080yIR57bN0VV/4BUNTqrWWrDurJ7Ac//Nmdt9/+4P13N4cXQUJXXfO7X2fi6CMPPuP4QwlyhiiJ5g/WTz/BHRZ1zfW3XPmby9Y98sDI6LJ/eMtb3/WON8wfTqTMUl574pnNn/j456/7wx/P/7vXvve9b58/3Mp6Up2ZLEGmnGe9/Ma/3PL1L3y0NriUMUYkSMicZJo2BltNYpDlNNNui94M9LLvf/sHQIIyAiTkSEIgAwYksk59YHj+yPzjjlotBNx2x91vf8c7GBDHWq5eASQhJ0kkpRAkAQh7WS9NU+RJfaCx/qmn/vXd72UpT2vNrDuNMr/ylz/91UXff8Nb3v7lL/xHL8uIePnykSCNiaDjrejMOQCEYm61LFxATwErXLEEN+3aD3ZFWXd1x6x4A6f1QVBpLFV0IGfQShifqU/R8kiL+cJlyHErRbxAPtAic0xGKdzScVrwvGk2oKL4E8SMKfdQ5nTm2a8qYOD4GcdRWI4Ei3GWhT12vKI2rMhUL0uOgLsbXIoXJ5eH2YY5c5zdIh91uHZiwor1RDjcD9o8cfXfjwDB4TQxva5X/VIAUdRYDBR8MkJ6i+jNVxEqeSSolyDGJ/7MXv9JWhepqhqkdHcjkvzIxUhKVbVRIKBqM9iDyJNXZCx48W74SphiUO0HnBKlsx6Vo155od1QpGqWen3Z7E+6Rkz/fBFC/yePGIQEHAgHW9QTPr3zoBRuRnSZn0J8XzXZ4qUr5jID0/8q5VB/MdX0zGlcZq0DnHubS3XK3JSRgaVewWsmJnguk1f9i5gRtyko06S2H5G8h77S/6yeMSIXZEC9XwtXaeoUCsZdFdU/BZFHlRzGBfy7Grqoz6GUxtFFuQj5nS5QUPZETJX+2k/2jVsquRk9WcwQGYjiv5lAP+w62Cd0LLDFmgnH+fjxogIg+CvrEAIXZsfAwUzzM5kW9coN/TuRev+HwlAgJelDXL1XSep0kLf6wggxYdCGmyQhfa6m4yS6zaIKkiJJBHXGjY1qPeBCBqyYXFTAZkWX/uOSMQTg51aUL9GEqcmZXMhHH37ozjv/xhir1+vI5cYNT6974mGA3oP333/mGadKkTWHhv/9kx8/5oj9RC5yIbJc9HoCE0SJF/3kZ1f9+sdZr5fnUpIEgJ6Egw5Y9V///bXmQH3h/BFkrJ4mj67d+ItLL1u5YvmLzj5reKCOTPY6mZSy3emxOt+4ccfFP7tkt1Ur3/y2f6hjL5NS7TEdGB7OcpIS9EoVRoCMCIQUJHKZ53mvw9Q7JRF5ktQSxhgTapckEEtYo9ao1Woqttdn96oDbIGShAFijUGnI7u9SZFlJFsi6wEgEE8SfvNtD//o+99b++RTjYGBse1bH3jgESlrv/nNb9Y+8djMzIwg6HYmDj746Ne/7vzRRQt63Zwz7HTEtJS5oFqdT3Tl9h3bAVgvy7uCBMD41AwRDA0N3fPw4/fffRdAsv/BB69cNgwAw033gvJOJklKICEFSUJkdQD58EOP3HzHmqmp9g033NSZmZGSMV770w1/u+B9bwXIARZgwjZveOzqKy5rT0/m3R7I/LorL7vuyp8D4Ls+8Kkzjj9UeXqGkPUEybxer49N9n5x2dUfu+A/Njzz2JkvPO+Nb33zy19yap0DAHAOdz/w5Be/+rWLvvctAPG3v94+tn160fyBmZwgUVKEUpIk3Gv33Y878YWNVovxhKWMI+MJ37Fj/IH77mtPTqzcbbcDDzql257JspxEJkXOWEISJIpcCELggFJk9cbAokVLOzlkuez2suHhefUkQUwBgHP9SlyFjEkicpYwzniydfuObWPbm63WyOBQkvA860qZSkDRm5k32GBS9jLgnFG4tQ09bVd7hizkNjjXaqmP9YKlVgpZWNV3kMZNkUQ42qu5H2KrwOHGQpTscaww3eZXDR/L8/u+NXVoNCbe0VQRfGpcbMLO0t7HV9HsRxHXbKjDNKOspb/1JDT+QZva2fkziHG16JyDfQQ8wODT7mC0/VA8DrSs8xZqIcbMLCUpmoWzIWjUetyGP7IYPNsvQKJQMMroKqnHn38LZ/m0xysgUvNDeZ91B0GLFtpgrIrmMvL6Vl45kVj5oFalWa4+GY1ourhoLbx0lgEQJVjPqIfCWmVpCwiH0QJ7V1sIvYrTvHG1lgpPrdwCriATZhqL+WptEVCZ7pRNE9r+eTNbnsl1lYPjZ3hXH7qAuk6KfldCafaYopuP1WSFj5Qj4yr99EqUVAHxPQwfIyhbfm1SF252LkoBFsgD4z9tIVUidhVeVc4Qg7dN2c+0FruiPjP9Sj/wzKhDqWa8++snmcr9QS1Lqfouq7o2J16aBmPTochgExQ4zfQGxUiLMR8+E+yijmA3S7VVKhmpcF9K8JvVVSIwIhoXtg0qejylKk5Q++UDxOHrtrEZnomP7XVVxtQRVuEMS3M9gWMuM6G+vEVMiJYh2c/9E4Fgu+tBmSqTimASqL7U66eJghM4QdoDLTy2kfefJVtvoDfiKSXUUz4ykGR5N88RmVoEqCJJsmdreOQjQyeaqlLFPzshbHkkAZmhTW/NRABCIVi3ywZaCWPqoCMzFmahYBSTgpYcT4/A1Gj75zLZRO4fBAmkcDwyImBpcs6LzznkiMOmpycv+/Wl2zdvPfyIY17x6r8TvezFL35hL4c0SRBglxWrVu+3d55LQiRCIUiCQAlXXTHEGGUyE5KEBETIBQ22+FnPP8oyOSf4ySVX/e6qqwZbrSOOOPToM49RIaQ6bicn9rGrvv7HP/xudGRkt733+Pu/O6eeKGpFuyc7PZL6uFTiLGGMAbTuvuP293/gglxQJggIOefIWaPVTNMGQ9aemZF5RjJDxFq9joB33327zHKWcGRAQHku6o1050T76t/f2Ehr55x94tDg0E4xBYzlUqgXnbSarb/+9bafX/TjzswOAAbQaM1fNji66Nabbr31xt8CSIA6wNTUeOdVrzoHUb1DHJDxlHNkspGydo/yXg+gtX7Duj9c9+cVS182b3iw0+4wxh57Yu2GzZvrzeVZt/fX2+/L8x5KFES1Wm3Vql0WjI6QlJIEAKizgwGSS3964RWXX9rpdLJ21p6cBEDR6y3fZdmRx7wwSYgn9W57esOGJzdv2dJsNHbb78BFixd3piYkdfOc77XbbqCVUU+fsLR275qn/veiX/7qVxdveObJPVcfdPrZZ+2+56qrf3vtdLubJOmWLVt+ftHPbrnxt/XB5aeecfbrXv2q0UUjMx1JiIKACIEwywFY8pKXnvH8M05IU6YW3zLOG43G9Tfe8a63vz2byZ9/8glf+tKnpyYniGTCEyISIheCpMxzITKJEhkigoSBgYGptkSEo485/Ac//A4QpglDQs60Mqg90UIIIlGvNSTif339e7++9LJd9tjtPe96x567r+z0OkJSlvWkFJyxxYuXSCHRvnPVKr2xUGh1s7jA1kBlpZ4EsQUPVuaEFsleqJTW6GCI/qyPpuCuMZdxVOme9xuIHlIPYrl/x/KSUQF0uSvyAHIcDRawqWEWFXxQ6RVMR0RWytAGAOqNLCURgldce02V3vPgIiqfRAwYFGK8EuoCT+yGowjwquC+o80z0/pYFoUdPBfpg5ZoIErRrH+zlIDirwanxh0sgcq+GBblJCQyCBu8FgLOFNCvulneTfLPdgqeDGbGyrMFIbVUdrNIifHLUFbG9gsApP+KPk+EYlaEjxfrLL1fCkFLi4aNelwKZuo0MwMR962ULxieRkciHUbIWlYreI+B1hRgZh9NCbpsjZ53xxv3YKQ04X1fqBMRXP6qMZ0TCUPQ8pJzvkpC6pA6hNna8CW+GjoXd7jNfuFzfCdHOMT/h8vbOQAFF1WaSJtb06EPm50r1PdrTLP/IYhnMKAv2HPs0zObaBWTUmECxjbtRy1RxNnvmpUfxQL+ooJS4mfr0ZxoiPFHVPGchlI1FzHQNPmsRL1MNQohLmApXcZdlAmWgSbgbRqPSPU+Moa5oEaNPe/AofvW0mPrO8QoUTs/ERiqzQfq1Y7AAJAhonFXar0rATAFZ80r9Twzh163lBbmOeU5SxK+/56N04+oEQEQIjMAmEo6bJBo8IOrv4g5NECwvg2JQAKqlTRJmpx33oubrcbmbWN//evNOzZuP+TAI97/zjeoCm655/F2t9vuTL/v3W8bGV0k81wnCkkCAme4acMmIfLJiYlcUk8QR0yY7HXzybEJonx0/rwc0y9/7Udf+NQnpycnlyzdbfOGjdPdTmemJ7JcEjWafPsY/eY312xe9+Tmdfm/vOufnnxm3fvf+cbhgfrYxDQQYtoAQEAOkHPGOWcAbPv28d/86mcAXYAGAANIATKABGoDA62WzEWeiUz0GAISMuSNZo0w7fa6lOciF0Jkglrf/eFlH/33Dy1ZurTe+tLzTzyq2RpEgE4ny3pdAELGE54ODY8OL1j8slecf9jBBwwPz5N5Nj051cnamYCrf3P1jdf/dt78YZ5wAMmAEEAqj0+QMJZ1ZqYnpgAaWzdv+dLnv7LXqpUvPefkGpeZoNtuu2vTumdaAyM/vfDCiy/+uZCCSUZICRP/37+8911vf1UvkyKXpM20AACinOUzKUmBDIBLSd1u+wWnHbPHrl9nKOq1GgJeeNHPPvepT86bv/Bd73n32WefNjk2IYlAwtKlowCAyISUWSYazWT7WOcL//2/P/nuxwFbwJO1Tz395S9+8YufyycnxwmQJHUntwD09t7/2PNe9bo3v+n8vVYuHp8RvQyAoZCoMRABEg0MNBbOb3IGCELmOWPIeCpzMT4xljI+b2CglQpsUK1WQwUcICUgRiQJc0xy4oQcADJJeSYZ4tIlo3vuMgr9Lh1zrNp1pRSyXmsccvCBRx6ya8fz24ggBOQ9CQTMqgv4qKZP5QE+KlucatFLyWXnemb3nmTQlbtRbXaDvaT+MwVzWExtz9UUu96VUl/mMgwV/oN9+z37/JtfbWWxAPb6ObkoApyFcvQcg/peyEEXSOpPsTX43kbQZwngiiGo/5P/oTSq8WciZ/PjNiZx1CLG6KIK38cOd27nKvlth1FFdcm+r7v8f36Vjli/rs3W5TkmZXAOVT3Hq9/skZOoEnGaA8At9qsoP/2kYlbr5DTSjEyEiPpOpyW6ry5aNTWoQTFHdeipGpsIcfG6t27TF42K7AWEHdbex5/C0vDYN2GFFxwhYpUlMhmRqnZLbQSG5UrNXDRI0cxhsUBEv7I6fv1VY1KZJfUaxWihdoE2XZX640J8jMoUmwjSOWVERmNH4MbaTn6WRmUeGSVlipOftj0IQbttGqIRrBh0n0j0KokqL5l9da2YJVJkehJWZE+49v/aKiqcayDhzt6YBS1YKBa06xStxI1ZUfcFSUVc5owe18niBm+yG2J9BkI80H5y1yg1Fqkh0LnvssvrnWtHT1BiiE0RKc8BQB62T/K2l8679Hq6+5GJbi+XEiVJYgwAk4QzBP0mRwmMqYEhkMZ9kM7fCdAfiIAAJNmsHUkpGSEDaDbYqsXpAXs3X3BMa/+VrNsjizNNMKm/xtpqB8gZk2By2IeqYYJYs1MCIkgSVE+gkeScUY2nyLDT7oy1uzITw4N1KWn//Q9btGgxY9huTyChFHkuRZ51BUEustX77zczvWzPPfdr1XjCQAhJSAxh3lCrVq9v2Lz1J7+48suf+0xnZuqUF5z1L//0thNPPDrlCSUCOBAgT9ji0eRTH3n/7/50/C033nTPHX/7ymc/KXud977zTYsWDk9MtTNSK5fVridM0wQg33ff/Z5/5rvybg+B0qSW1Gq9LMc0ffyRh9evXzcwMHDYYYcvXbIEgVASS1mn096wbtPy5UsazUYuSALvZiQFrVy5/NEH7/63D3zo5JNOOOXU0897yalCSpHnAJBwVmukeSYWzB991SteefQR+0xNToJAYkxKwZLkmccevf73v5QyTzm3CqlSEkDIOet0O91uF1AODw9vXvf0nXffe/YLTmgNDGze2X36qfUprzVaQzMzXZiZbg4MsFpt64YnZya3zkxPcYQslwAgSSLnTBBA/orXvP5lL33x5MTMjX/5y/e++c3uzGSvl9VrfK/dlzQbNSBKOa5atQvJPGHpskULVi4azhcMJuaNNkK/Sh0JQEjMJDSa9cHhhUltYGTe/PnzRnPADeueEt0Z5Gl3enpkZPnJZ5zz9ve85cTnHbJj27YHHlu/auUKyLIsR86UXwAESBCznsxyShEQhBS9WpKwmty8eaPMRWtwaM+99mA8qTWH0vBIWwAASRwxy2B6JstyShgyzoSAmek8S2CgmTAOrNyFIQD0cjHYavKEt9szm7ZsmentMjXVYxylVB4JOceEcavg7hBP0gtZPfMWhE0Gh4Dvu7SXtrZC66QONfQd+7EEDSn3DH4YSWQdt1XWcv+ugn3mcAD4H0vLl9bjX5UxKhVKVEyPVEyO6q9VNPj5RNAWznszlPmpYty9QyEsaKT4gWCmMWRqJVa2Q+tIcCRRkLL3+WbwSOR/tVwY4ErGA0bgoHqU5hLIOU4WnKal07ZrWRHKmEPzCN7JQ8pPlL1Uw3l8sFCefDgdTWBo/1fgu5s+9cDwrF1WqLxCPKDYTSxCfQ+qRajMUlb8icg7VatidBwCNApgaytpJXTo/pSya9Hc97GWzwq/0SAaCqfHoslGqL4suraC6ktLDD9K+m8e8gBqZDEcUKwY7hj8h7Ixl0xaxOokIjcKZEplyR+b8pNliqSXcna2zErlReRGi7Gg8rLEmBUOxphlWXwSQCiR+mIMKjZYzyltaYgJaggPgCkloHTCM2pRWYf+2YXqE6CqxP3ZvO2mcJE5om0OeRlyH0r560oGDaDHTKfevqR6/SpyrIruPjx0KAbUxvhSyuy9QL2hJCIre6wwFtb9z0FHCMye86IwFIw7gX+ikTLFZW7MZ6yqOqiHyPWrX+/IMA/B35Hl0eaPX3jwhjtSyMJPYtDLIeF0+D7J6PC8W9bwZ7bkE1Nyui1mcjYzQxMzotMhAGSA3EsPmJXOBlaqDZYSOKhpUkBknLGEU6OJwy0+r4VDDbZqWe2gPZp77ZIMN6ibQcmZH6jp89XMvMMHPS6TjgkgFkj/UBTyt7QhIEiOucyzLGPddlfkRJIhZ8PN+gQAMthv7z0/+ekv7rnv7rV6I5fEQMqceiLPslzIPM8yQjG5czphxBigBKahFtu6c/zue+/68U9/8auLfyK67cOPf/5HPvzvJx+/Hwfo9ESSciLGGQJjdc7PPP2kw4868qbnHf2JT352zb13/PdXvzI9OfPP73zjshWLqUeS1LEzDIAYcgBaunT5e979j6PzB7NuhgwRUQI06vzHP7nsM5/6nMiyt7/1ba94+ckAkEkAhCwDEiRJkjLJSYOA3vmO1xxw0D7f/sa3r7nq1w/cfeNMh1724lOISBIAZ2mSEAlA3LZ543986IO5pE63DRIREDBr1Gs7tmwCgDRJ1eprBEAEhqCmBdME2u12t9cBYIh1RLzjjrvWb9y+x66LAbLXvPq84094XrPZYsgYZwMDQ7f87faffPe/9t7n8KOPOUoCiBzQjjcBADv4wAPPPv1YAFi+YsGlv/gZUJ4mXErKcpnkMmUIAJmQyGsILMszItnLJDDGEBgAZ5ALJGScQ6cnBwZbb3zTq3dZubTV4PvsuUej2bzv3jU///kv7rp9Jwp54CFHvfLVrzv/vHN223PxFb+5/ptf/+7gYOMtb3v76acdPT7VlUSMMSlBRQCcY8pZwgEBRJ6kaZKJfGpqCoh42tiyY+ymv921fWwqSWtASFISEQFxpvjF5g3N23333Rr1ROZSnQrFEty4efuDDz4kKEcAhogEPE04T1CnflktTQ84YK8VS5cDYKfb63Z79ZT3Us4YE1LHmQwRERlGYaWNNMrwo4Ob5l/P+EQ7O8iMjTYs5Ktn4YogbhTvuCaq4knVfomZjuz6s5qA6nMFzq74q2vCcMDDSD5W7occLI4qxUWFC83AQeQBK2krQZd9wYwaSLPbAf26SmgLkZ1zK+6DcbFBNVj017Nflp/F+YD+IL7IASyb0tejaDPFls0Y1uYTM5eoxptlKQ1Y+shYRX0F8FNazPlzYHbu1BczxAjpucsWK8al3s2SaRUA8NLxJoIrKUyhpkTzMX2uqnriK4pFow+F0maYC7dDaSnOIvgl/cr8YqWTav7NINYrw6j2vh+uF0Pxqish+yKAKBo2uKlPNBzR4j2uVMYJU5Hu4PUhpekKi79BC1xsNI3NgzmYdd/mRhIWt+vnNkL6i4wuNlRahsKfXb8KVWB4+nmxTl8atCHq40ucV/CHJtbr0vSPY0ipz/a0vSA77oFYeEotJnhT6IU6CoXLqjWNVXXKd0ZarG0vqi4dMWkpdT30TZf3wWbw43rUmhldU3iqY5lvUM4DgzSKJzJ6glUpRWiYKLAsfa1AIDGOmUrAqk1tkMqNQE7lpiazfZMA1PJHvffTBJeqqF0oq4kJZdQcZ4GgQ9AsF7ss4q88bf5MF2ba0O7CdI+27xQbtnQnpkROiEpxQZpZEDX/QaSDGFKH6DKEhGOSQMqxWeP1FAZbuHRRfdF8NljHZgM4UC+j6Q4x5kbDTpcgxZT6fffYY2TOzI8Hw25lw7vFkBhAAlJwaNR4WkspSQBYp5fd+/DTTzyxPstle3Jq44ZN67aun5npzrRnGCOZy1wKkQnAXGSSJVivN3rd7h//8peznn/aEYfvK6WsJclPfvGHL33hs9vWP15rDR9/1tmvOP+lax5c86vfXPGGV7/y8IN3E0KqviLDmRn66te+c8+9dx1x2OH/+t5//t73/ve22279xtf/e/PGTZ/4xL/vusvCbi9jqnPqnEBIkAHJfKAGUEt9lhx5xKHLli+7/dbbpyYmFHtqDACgVlMs4DnwbgdAv2A1O/v0Iw9cvdf3Dj347nvuOf20k2ucZXkOgIiMAWeScUYTE2OPPvpQqzFIRJ1ON89ygExg0mlPA2DCayr1wBDU8DEEkpAwmJicntg5kbaGV+66B2P5rTffdPNt9+++6/NH5jVf+ZKTFcE5QAKwdYp++/vrJsc2nHnmi/fZZ/duJgUhAkoCjowlKQBu2bpz87aZXt558KG1nXZeHxpK03qD46Sg6ek2EnHOO+0OScbSetIYAGRZ1hWSpJQkKa0lvJaQAAJGJEH0Djlg1yMP/YexifzOu+6+4ca/XP2bax944L4FI/NPPOn573z3O4478RCRw/iE2Lxl5x23/nVy/Jm1a5+GT3/89NOPGx9vS0qRYWAajAgyxnrtzrbtO5An09Mz//21b/3PN78vpCTkCEi5ICBJlHKecMYYHXXMcZ/79H8uXjzQlQSInHNEuOHGW//lX/5FZIJAMoRGYyCt10lC1uskjDHko4tGv/LVLy1btixJar1OZ2JsEhEYQ0BU6TtCZIhMDUcY3ZBnGqwL9oBC+YW2gNHQotsqhoK6PTRPeDGJB+9mvxDV2m4so3IOIafvDsrCiaqHMCpDodlxPrcAwKrDvOK0j3b0fiUh+u+PD0NIGQ5zSGrQCyodcWVAC3tw9PE3Lhdf2cGAa167nryFE7KlfarsoN90KYqLppuCegwKCkJQzQ2jwJY8ZXKrVvPNOWIsdiSIPQo3y+v38F/ccOAxfYZXAOni4M7hiiblSlkxK2eqZaZEsItZ/oL8e8pSctdRS4XuWyH2SlXV7QQjkm33NcRp5TEqGphq4vOg/gLlQa1lsYljiFYpkwaGmLAEfOULSfK7HxGncZeuRzkIbxGNpc7QBSEjqUrIvJK2jPMLVQkGYx9L4smyQK60R667oY3A0Pj2Dz4LvTGWKL7luq+75veljPKqHkUEF0uDQd7+Xf2gkcZIgX1K49oKliK0lOVkO3F0fp2ihE1JvFQQEie3pI8ailI1IdmhE7Pe1NfDyI/apThewivSNP1w32088d4S1yK6bvSHGv7nWDRcPiR4qgA+gtRdEVh4n83okKPa3o8eLGI422SJ9il+IwAjtKfde/1ChfGMQIbCpQck6BQCAOcgJM50gDOZchgZgPmDAAB7LmGwX0svVWLISLfgc5GkrojMsKhOo3pBIlNnU0GSkJCU9aAtEBB44lkA9VePMNrK0XaD/Ab1kFM4oOgGETCI+BGVaDLJCJKk1qilQDAxOYMISa123333v+sdHxqf2oEM1z25aefmJ82TGUACCEA5wDQEVwIwuHzh0qOP3CfrEUupVqsj4YIle77opef+27+9Y+3ada95zesnt6xPgB164Hs5T0DKLKdmym+/697/+fp3t667ffvmv7vsip/usduK977/3++5/c4HHnhwYmIacZGinDGQUqgQtNWoP/7Y2oce6ogsB0SecCRea9SmZrLlK3dd8swz966574rfj9ZrCSDjSUJScsTJyekkrR15xIEDA808k1LCtp0zK5bO++D737ll+0S9xiSAyAUgInKeJryWCNlbumTpZ774heOPO7rd7nRmuu1uj2SW1pMvfPZLv/rF/3KGjDNAYggcgTNiSMCJAWzeum18fKI1OHjuq15+6003XP3rn/36sqtPOuHIVUuHd0y0GZAQIhP56Mi831x5zbVX/abeXHT08cctXjw0NdEBxvKcS1KkJADs2muv37xl+9jExNrHH58Yn1q8eNWO8emLfvmHP/3hT7zRyHOZIjz00L2tgYFur3fl7/708GNPbVy/sdaodzsdyuFFZ5922smHTHcFEXLGGSbdXv7oY+suvOjSS3/xs/XrnkpY89DDDjvrBWe84IwzlixbcO89D05My/nzB4855vB3ve+93/vu99fcfceHPvjhxpe+dMKJR4xPdZBqyIEBMiTlvhCQM+Scd7v59m07AWFgaGD+gvkAwFia5yRISpEpFet0u5s2rM/bM1P7H1yvJUCSmUhMkqzVkuXLltdrDWTY67S3bt08ObZ9aGh4xdKlacJnZmZajbRWSxYsGBoYGOj2epu2bJESGEciQKazZMzMq6GBJxZtWVUy0ymB0SiFeWTewR0UIat7Fj/4MRT5NXjV6Q12CM4/lZ9m5EEjGXwPKfTMZKlz9NejOhZEzYV1FlEKVBjnQoa20kdHtOqHwwesGyh90NjnyIl7fdROJlh0WphUMH+pyEn9rHnQYaWIFWD8HRZmJgN+Ygl7bZa5dBmXpbYU/qGHQmcBZtF4oXNIEM5Q2R1wpXipKlqwhaBQAEM1AEMnQUFcwragDBOW37WdAjfoGv5YVXQ/Bkg+Ssqj2mhm1ipi9fHL/QF5aR6oCCBLRtbiRq+VoKoyLOq6GkWqZbTFhHkd9LBspc76sh0UI0+WQjm3qlcMpG1hsmkDS1UII4NHCn2xjPINgCXMoBzv/Fu/w55exI0FmoyuMwW2OCaUX3PJcHjDEIxtKKOgl30+6yvW4VL3MMsC1+rK1eMVDRfbQu8DVQQJxcxTHzaGwLvy95Ikx3Pq8qyiWWj+uXDVtxYuN0EETtHI+/1ZV49+DdoNF8xGeGf21calLflBZBnDnwt3qlsB6wMqfGpwxycD3V8HMMiE6+69J1HNRQYhFA0FESAwHY4helktHYIGtVpMSAyBJQCEuXCghyFwDgzVXCVxAES3sUebQq73eKnYWKrZNtK75iQBIgoB3VwBd+RuFa+HF2ygGSq5kpZ4vX6IC22/S7htJJYhIZMM2c7xmVtvu+mRR9Y+8OAD2zduTlK2/umntm/Ztsuuqw445MCDV+e5mGGQCBK9PO91s9v+duPYts27rFq9696rUcp6rcGTJJciAX7AgQcIQgDMcvm617641qyPbd/5ute8bLdlAzIT++651wNTOy6/7JI3vfH8Q/bbrd2jJMFOW3znfy+cGd+c1ped98rzUt477rhDPvqRD/7hD3855rijdtt9eSeTRIxQMoaShCAAyBaMLrzop5f+5Mc/lETAUpYmg0mtNTCQU2/ztjGamfyvL37hv774RaylSZpynshcpLXa9MT2ffY9+JJLf7R6/907HckZJmkyPd1jjEYXDE1NtXOgbjcTWcY5TxLO0yThNSLWaXdnJnd0M9HLcp7whCcDrfrAQIsx5ClPkkRNfnJGnAEDggQI4KFHn9ixY3yg0Tr+uCPqmF939dV/+t3Vlz//2H9647mtOua5kHk+MtR8euPYlVddv239E4ccfeqxxx5BUma5TDjLiQvgQkhJAJD+9eZb/vrn3wMIqI2AyGu12sMPP3HpL35+/53XAFsMsgeAA/NGhgaHO53p733rmzAzDazG6g3ZngZIFi0eOfPkQ7pdUW+k28cn/3j97Rs3bHp87cM//8mFnanx4dGR+cOjSxcv3rZt+7e+8+2nn15PJMd37kBGowtGGa8nwIE1H7z3vg9++MNf+tIXn/e8g8anckTOEBia47iYfkHC1Exn44b1MsuOPOrwd7377eq1ppJAksizjKSs1fiDDz/1xS/91/jY5AGr92m26lJKhkBIRFISHHfsEd/81lfTNG3Uatu2bf/Mpz9zx21/O+boM/75ve9spmxqpk1SHnrQnlu3bh8aGNiydedTT63rdihNMcuRMTVVotSCwL2QKDYi9hM55ahAb9a6VNlhdOkexH4OPY6fXAUm9AnyYeZX5vY52jYKtc716o+mnvVlLGtpv7xiBUCiQhdyr2yBvjWYfG0xBAoe82dsXOA9l5w+uafcTs1+b6avrKEPeXF5j+y5IqIyaDfLE0H4G1MX04NOQvyYpzz47H/5YV51Df3F1/8Jg7cgFZsDRKTglZBlJGFJp0Oi+s06RPFhMGE221U6xFEiwxadZZRDUzKL9pU1ap+snphVf+ZMhhd8Fj9QmdWpsLfl94uBaB+Vsarrzr+NpwEVYusbkjlNMIzA4BBU1FX1oaw0PaAyacXsVvVVmp6Zo8zpENR8LbYYxfSzJlqCeryZJfv+Fd+zosdtKAxtUZ3i5rxeBE8paOTPBhrTjza556kFFU4z9582z0bWMX6ZmD8KVhLKcmZadaIgJSDW/1rGGUuz6YR1UK5XJQQgAnlVuQ5CgIKMclKBloAhVuxDdbBD6VhuqlVBIAaSXpJr0DVbQbEvRi9epjgamARGxcqkBUOexwFqdQbBSIeHA2yFob7GFwFhMP9nTgIhMANAxoIEsZr1Z2Z+kGxrzBDFUN3SgyUkSACQgAAqxWYjZ7IMtHPc4G5a2ItSnSVibJeBr94NL+qsNMYAASZVNwmqh9HyAhDU4ttaytat2/6Bf7vgsQceAA7zhucDY6v33/8Nb/r75UsWH3Dg6uHhkfXrt2zbOb5i2eiKFYu3bRk777zztm9Z97LzXvXu97xNClFL03q9lmW9mZnOyMIFmSSW8ExSI6W3vuFsIBCZ3DbW22evZW/7xze/730PP/XE49/4xve/8Jl/HxpsIMBPL/79tdf+YXpy8pAjjnvBC07kSX18vHfGmSecdtoJgkDk6iWRDJE4sl4v6/Z6ADgyMtwannf4YYfVG43mwLDIeg8/eP+G9Y8uGl1y5imn1JuNbnc673WIQOQ5kARExtLOzMSqXffjaaOXg94fL4EnTAi4/oY75w23dll8ACDmuUhSPjDQnJlu79gxLrLxd77nPYPNVq3ZyDKZ93IhMo5sempSSoGYJDzhjHGm3kIqpRD1en3HRO+BNQ93pib22/egFQuHlp19wqWXHH7HX2/60Q8uPObQ/Y8+fL8dM+MIkLDa5Vf88s/X/o6njZNOPWX/fXefmckBGAEwkAwIpJRZBiDPOPvMQw49ZPv2nQ8/8PDNf7ou68wMDw2c+6pX7L7HnsMDdYREiOzBB9c8/czTnCcHH7B63wMOTjBhBDPtrpSwx667tQUIKWs19vS6TZ/45BfXrrkR+ACICQA+tnnL2OZta59YC2IaQAKkABIYjIyMrn3ssSQZ3nXv1QsXL37koQfuvvue//zPT37us59Yvf8euZBo9pcyRgCALAGAdeu3PPb4Iynnq1fvf/pJR+YE6OA8qGOIhoYWCClTzhctWlSv10TeUafrCAApcNGiBbusWARE9Tpu2zaZNuu99tSChUtPO+kw5gnz5NTU6Ojoxo3bnnzyqa1bd65aNT/PJWMARBKQa80kWQmg3EECzg8AgL8FzodfPjj07K13kTViTgsDSGlcMZEuE4Ay1G3Hsxz6WZc7K3HR/Y5EKJm/Mj4aSE/t+n21broMpag+WM/jwQ+DS4oWKwAehUS8589iLFGWMw0j9OgNIuX9d3wIgJbnhSEcaAVdCi7Zq7LA0mCyUXcwAjOmkgjTeC61SKd9NCY+/BBdThqw5GuhT841eS2iDzyKVwSw4/k629qsj4dn0gS0FdPWxk/HBHvMdhjJhHBFvvmVQChp0eRnADjDQa8S0T5d8Oc/iyFu9NkBx4orwlpRYd9UREFyyAfyCzi7Z2Ckn/oyGKfAMWWgIOZbTG3YaDWmdWivNODqH/OTefWAqjZ+/0oVoOpDt13mRkTlD1dNRXkRps+b6vajPpSXnHvCw5b346u5PjaXq2CnovpLmFJwAHNuKhQ7e1/VKa0jD+TYlCErTWVerfKKyltO+n6oSiri9SRxxY6CqEdhJYChdPV3dtUl/I3cTjIRirGnTxqVmBmLEmxTzg5bO+FZorLsTMj22fsEczk4qtiNSD7jQL2yQn9wS7KDqggAgFqZRp5jd4R4sX9EZWm7GCAw+6/7o04Z0uNhJN1zxFomCVAfH2P0EdWA622pFR7ZCAZACAcd+eTe8Vn2vB510wNn89CXOLVYWe2RlbB0yYKRkZE999lzj732ffqpJzds2HTwQYf+01terkhdv3X661/7r7vuvv11b3jLe971qslmDUGSzIeHWksXz5tpt0We5/lMrZYMDM8XUkriQgIDyjKZ9dqcAQJPE+x08nNedMavrjzl2t/8+sILL9xv//3f9LqX337fY1/9xtfHt20ZGB5997v/afmyhd2e5AynJtrIUEhA5CqfxgA5Z2Nj41OTk8CarcGB17z2Feefd3ar0Zg3NDg50Xnfhy+4/JJ157/6DV/50gW8Qpe27exlObFGOtWWSvhELpuNZO2G7V/98pdHhod3XfGx8Z3jMzMzQ/PmtZq1hYvmnXTKyUCi0+1s27Jpw4aN05OT8xcsXLV8xcIly5u1xjPPPLrH7nvUaykAMM4ZEgLkuUxa/N6HHnzw/gcR6KjnHTkyMrxs0S6vee2rHnviiTtu+st/f/2HX/zcBUsXzgOA6264+8c/uWTH5qf2OuB5Z591amugvn1HhycMSSSQJygEgsh6AMlLX/aSd77p3KkufP9/L77tbzd2up299tnjRacfvmXna7u9bGSg9eTaJ9//bx954KE180ZGz3/lq973/715pp0nnDHAXi6AQadHjPGsR8PDw0ccfnA+vXHeyMKBVn1o3lBreIjztN5oTU1M3X/vHRvWrR1dvPzl573itOefXKs1knpj/vDg9rEdP/rxzy/+4c9v+esd1/7xz4ccug90cobA1XpyICJIOO/2xK133PfU2mdGR0YWL16SCbFz5xTnoE5aIsKEsVo93bh5cyfLBgYGFi4ardWwIxARJSBKJIBeR8xMd6WkWiPdOTHdzQRgPZNiy1hOvSkp8jThwyPDg0OtXffc6557HnrqyXVr1z69664LECUCIEOOqN7dZxXSVzKnGia5ZdW3amawGAbZchjqaOH3+NJuMvZZ1nECOJKsPberZsjWERH07KY0Q7zuUeZ+rKiOjHXyGw9CkYAXRQtP3m5P/0GiShQXg5xgaZ/2/obiwFP43egXJoQFKjpfnE2NL6bf9VV+RcCXPDBTdiRH9Gjx18rg89lDO1Oj+jO7LJXP4wFAlF+OTu6sqKukqurpx7BFkxP3kJ57tj8/oTpqMOd3znFS2qcwPnPUuzBaC9m3a/5jFfdDGsDHCQQGVUaDUqQBvDWwZk6LLMauJqqaKg98BgjcxzQYP1LyNdaXYDhLhqYCT7r4M3rGY5dVwqK1UiSFwYbpfgSrIeSyH3wGxcA9awCeCQ5DgSiNM/vfLP6qkWApMYVrLuJeQoC3vjcIC0NfQs818oTi2EGoGBQdYq/KGNir/XsYe8z5wvirWZZJwc8+WypMcMHh+5fBJZpJ7r6fyYxdtfnmlrKbPKjVwBIlMomfqAdhF5yqov1rm47015Ext8uz0eB/iDJbZekC92xpahAio+PTGcltObFKkMof94Yi1Gm/WBR7gUZtJqzD+LFYKCj+CfVzUSvgS32xF+Gwh3odNIwBntOd9yamg6IlRIJOtXvg1aLZ4Af1k8pnquliIeWSpYPveuc7MpHvsdee/3HBR9Zv2Mw573Y6ea/baLYeeOCJCy/8X9mdmHj5q0HiVLvLOSJj199wXSfLdu7YngnRnpkaXbTiPe/5p9EFLTLHojJEBA4kGSNgmAmYP7/x4ff/85OPrX3ovr998fOfe/rp9bfdfvvD9z+IrPaWf3zHy15+hiTIsxyAgLFcECJXTFNvu+EcN2zaPDM+wRpDS5Yt33X5vJTNyyTVmNy2PVu/YWPW60xOTtx8y631WmK7rTi5Zcdkq9k88IDVraGBmS4RAWckBUmSnCVX//6Pt9/8F+T86t+efvfd97anxw889LBmIz3rtJP33n2PZr0xf6ixdeeOCz7y6d9feemLXnLeBf/+AYly8+btKNjSZfNZwomIqeyoBJYwQXDDDTevffSRgflLjjzq4JHR4emZ7mtedc7tt919yU8v/PWlF48uXPjB975t+/j057/6zXtu/Vu9MfrK819yzOEHTE31ADkAqEN0kSRPEDkAJPVGDQAG67Dv/nsODg0Dx0xmvSyv11mj0ZjXZE9vfOahRx9Jk3R6ZmbDpo2UtxcM8kwiQ6oDdnPs5hKQd7pi1bKl//aBdz107tl777acJ8n6jVt3WbF86dLFAwPp5s07P3rBf1z8yB2rVhz31je94ZADVt3/2Lonn940PLz46EN2X7Fi6bYtk7UkOfPMUxgQQ0gYMCQASRIAgSFs2LTzuuv+mGe9xctXHnXUYQljtZQnHBAwSbmQmPAkTfjUdLs305m/aGT+gnlJAkj6tS5KGRiDhPOcoF6vpWnC1GtVCdSZQiKTeU5Ztzd/uHXM8Udf+/vrp8YmHn/y6VPhUPW+FoaYJAwAejkZaO80L3bMTjnJ3qQA2Vot8023N6VrT7YjZzECLTdxkd+y0pOCF0OjzZ7/MO0jSCi5guK6lrm418j6RRM1XtVlz5U5WYMuiiYRIZjTKL2034ymDb2svT9RGe8uM9u9YtwcYqCSiVOvVxZ8x1T5ALXPZFQ4fWTOYrdnTHj0FHod7ajwE8SlHIso17O1zvIHt0unMb3KCcJ1ZEUUETnuyvjKVB3MH/pRQRghhI2WSRqVjJfFKeEyuwKam8OQKSEu5UzctWq5jTG/W1FV3a7HyTgitS2agVHlzD3wWOXSZt43N4sIfg1hX1SjriWvj5HUaSPo1lVVyqRdwhdOs7ifgw9hox5xoX0GJ04U9o5CFfZkwyuGCABJScwZNer3FgPSy5csGiNlWV4+p1cWauo7fhLOlok0J6ywdOrcFz77a3SV2OJCW3HTFToQ+DBEIJLgLL6KA/znI2pKdSgIlfu6hyjiLS0DdoxCt+6sU1nrlo2l9qIknlFbFNTyKZ3njk0nFvkZOsYoXRK2ou02eWuGrd+1OU7PeUSLTitm6SOqop8gEC3w8lJgR9XZ6cgYea2HzOzDWDDDZBmjljSHwtwXMZR1Bvu+ICeUsULlsQYXa4mNGoKafiEgcr9GOq9OxSVQbCVPVwpATBkaAoiVwTDenWUCWuQwcAjmefclyLw4U2qMmHMY2jYUe+ELAgJE0u4IsvYT0FtQTVaWXDNMAgERE/LlLzm9OVh/euNEr5cBSQIJnDOeJgmu3/h0PeGt+XuceNLxNYaIMst7DNmf//D7P//h1wAAUAfoLl112Lve8ZZaMtSVEu1Mhu6lQCIgtmNMHHHY6i9/6RMXXPCR+++8+Wv/9RmEtNYcec0b3vzef3lrijLrZghMquOZkKsx45wYEDGSEp544ompifHR+fN2WbY4Aerl1OnmSTN5+LGHt2zawmrzfvbzn/3qsl+rEERKCQgceL1e37Jp41FHnfi1b35lr72GKM8ZxwRELvJWHdc9M/a7a37XnZk8/NiTFsyf99QTT8p8cvfddlu2aHjHjp0X/eTHU+OT73znW488bL/R+aNSTg0NNnfbY9Hnv/j1311zzWte/YZDDju3lrBeT3AUhNTL5Mhwc82j66+/9s+TO8cOP/rYffZYWQfaOD61cPHIu9711scef+K2m679zje/sX7Dxp07tv75j39EEme95JzXv/7ceh26E52E1wEYAZPA03pzqNmpcQRob1i//oFHn5qYmr7lb3dmOXXz/Kc/vXTTpk0vPOOUpQuHtk10r/7tn9ete3rXVXtMT03/+ucXH3n4wf/wmpdMt7sylwggMCXghBII2t3Oql0WHnngLlt3zHztWz/85aU/23fvA9734Q8fsN8Kkc1IKQE4sqTX6z25aefnv/zdS37y47POfvHb/vENxxy63/e+9blup7f3not6nayWMh0zIkkhGEskwU1/u/vWW24ZaA0cduhBhxy4T7snOE84kokNEBGzXGzbsrk9PVPfpTZvqMUBEIAxRKE0U3ImAEhIFLnMMylFDiCF7EkhUs7SVrPVqDWadQA4YJ89B4cGdm7Zeue99wv5Eo6McZye6d54090HH7DvypUL2j0bgoAF+cHhG+QjOgAMdMhXGAzUpwxaIcZ3fC0uvWI/HaMv6zYZEJWk5RTQLXjM/hja9qzEuPaDJRGR/YC7fdAGpT5AJN/iGfcqpV+nPo9Kp2LBG6EAChb76BZDGYhQhWr6zROi18HQtcVtVVToUswRMIBQ3kLii32pmoIrh22+n7E+wkMnPs0mXjXwAKh8tFVbGH6toDme8iF9cI59sthfh6V9BFtauVeJHzL4ixYMnnRfi5VE4Z/1jp4el4PV6CpVoFJR82OE0p8iwtydoKR55a35ycXfFRVW6G9FAFmqDqhMnz6hys/7WFkqnXWLBC/qj8LMxae0fod4qVTeMBzHItm26Xj9bSloLj4eBOLRE323+M9+FeLVYkXo74kPJT6a/4lCUPd4MfHgfYjslv21n00s9sPTWF+K516D91DQx+gy4HUuG99LXaSiVktwadN+W36SQ5fxNh9G0mmjwWjF5mx0BkNg63cgPUQVoWKZcyIKzHDjPruMm0a8lfeRaNk6Z6/IVtjfp9qApWSHSXzkwHNXsVI79myr0va171ogI5XKezhlRtBTBSY7Cqb3/q7LEloxHGmA2UaRAmExPh9A5y0KMNVkEPy/ISHUT3IqD7xyMbH5awXaB3smQ46kpkJJCCFE3mtPibEdYyRFlvWQARLWakk7oxtu+EuvO91qDT699vH2UfuRICmJJY3jjj9+3wMPxLyX8oTxdK+9dl8wr8URUg5S5UkkEgGSlDInwQj4UKsOEg45ZP+999nzsQf+hiRyyeoD9TNfcNqSxcNCCOpmJARJLjEB0q8z4YwYEDKcmRYPP/hwu9Nevfseu+yyhDHkJJp1xhi76+77x7Zvnz9vZO9990w4Skm1Rp2E5Gma5+KRhx7ieXfx4qXz5g1wBEDJkRjlnHrDAyOXXfanNffeT9B50dlnLVm2eOvWpwFw9QH7Ll4w70tf/+HXvvw5gOy4k08+6KB9BfUAYHxyfGxGPvn0ppuuv/L+e+4dXTT6qpc9XwoSeU5S8iSVEi/55eX33HM3qzePet6Re++9qtvLEia3bd5x1OH7fupTH/zQv9Odt/7llxd9J63VRCZPOP3F//nR9++x27Lt27amvC5BEAEhS9PGXfc//purr33y6WdYUv/+939wyS8v3bxx844t2wAgJ/rlj/7ryUceO/3EY5rpvGv/ePvvr76CyezIo44eHBz64be/+pUvff2gAw88+uA9duzcwVidkAQBAORSAsl6Wlu/ZfLTX/zaN77wCYB2qzGAgATY6WbTU5OgYhrkA63GisVLOMnLLv7Rffff+49v/Yd3vPkVgyvmTUzO1OppyrQ0CiGlFI1G45HHN/3oRz/euW373qtXn3vuOYODfGo6S9X8JpE6wxUZy3udrTu3E2TD8wYXLpzPEBhzHgZAIuRSSpKMZApAwBAApMhaA7VE8F6Wbdw2tmPn+B67rtpn9xV77bXqpi2bbrv11oceXX/AvssBcP2mbe97/wVHHX3Ul7/woaHh4SxXYEVHmhZSWXXUWmPulINeqNK8KkUtWC3TBAY3nMnQN32r40VSiHNyKP1IKsx4uMvaPXTLYrUXeHYn8OiW5kpNhVfwQxD7QJ/KSqux64bIWt1ZSArjNy/4nHVJah9kFD9rrfQcmBqGi3aInsVwBKtf+j5oQouqqC/42KeiEnA7Z4JtzVXpcjC/WprBD0E9EGyL9m8R41mI8F0VfR9/Ljh7NmLiaDwuUWi1NAj+f0RM2I49iCfYrqmuyErEyxCc7DqF8ktCmc1ABHP4ZIRUZ1cEP+FSjD9NdhwjgxxSH00alNXuk9ZXUmJxrFIh9IqVakBphFD8FSpUiKCM0yUVOWrmspAgfMJ8iNILhcnbkvRDxX2iOPNqGRVHSl5Ypr4CmOl7TWLM+34ZIJUyLwlaIbLpJcvKi1cca5QqUlDOzRoV5EynSMLkol+7/tfPcRR66rMvXGFeku+AIhqIsEHMPG8KuiwbZVsxs6Dxmp9Z8ujqi9cBv+M+AX2kNxA2HUmW+784k426X0DqlSd6giCOqjX4VMCyb4IRvFlLJbpImhr9H4IvMA4auQgvGKrwIBMn+OaNhHE6vJgcNQbSsJbCHhhuBZz3Zt/J1kJefaSkkgDUOlxBOgSQIs97GWeYCUpSfOTRjddceZWUOLZt2+c+8TFea51y8gkDg4PI2Gtf+/dve+u5E9OyVWdJAgjQy0gIydQpMjlJKaWUyChJeC2tYZLuHJv4y833/fAnP/3zdVdNjE/Wa61uDtOd9V/5/Kd37njb6ScfvsuyxTxh09NZLinLBBFTai0lNevJI4+sf/iRx7udzooVK+bPnycIsl7ebDbuuPeJX//qN9s3b375K17xsY99YPGShb1elqRMSqyltY0btv/zB/7t+vUbWs2BlDMA4iAYQJZRPWFTU+J31123dcMzzdaSo4447M4773nqiQdq9eETjjnsgUc2X/HLKwH4889+xZGHH0iEWZYDIAmsY/6m17/yzr/edvcd11/0k4tOeN5hK5bOH5/sEdFIq37DzWt++csrxneO7b7X6tNOPW5k3tDOnWMc2fBwE6R83lGHHH/iCfffd3eCacJwcnrmkEP2X7JopNfNRuaNdLvdTka5FEmCA8PNH/7kkq9/4d8BmgDJ0w/dDiABB5sDI5A0Wo3a7oed+LLzXrTHqqUbtoz/7w9/8sQj9y/eZdXLX/6SlStW3nD9tWvuvOFzn/3y1//7k0sWDG3ZPgNpAoykpFrKBoZaT6zd8PVv/fCHP/g2AFt96Okf+PAFu+26ZHKixxMUCABscGiIJ0mr1fz7N746rdV/+L/ff3zN3R/92H9u2LTxX9/z1pXLFvRyobRRSikFtFqtsfH2N7/3kz/98Y+NRu34E4498fhjpqZzBkgSCEBKYgyEJM5kL8u3b9sORIsXLVw0ulBI4gwYQ85BCmCIjVqdM8gpSessywYZ54C4ecuWK6/60/T42PrNm++6494NG9Z//rOfOPbI1QcdsPr6P1z3yIOP/OqK3x6w71vyXGzdsv3pjeufuWztK85/0YtfeGKvJ9UJvRSuSyGriqjXT2ht897J7DJIodvSM0IWVhQX6Ng7rliY6PfMCgHoJSOerwjsAcmKvNSzylcXroK/Co0LmiY8Mw4E0jCqwk341qicvsjhluA99B0zRg8aYmyRWcBYOQnhfiK3c98zo75rw1K8VEDWbuI3rMF/IqDDgwplmXdvbtMTh0KC2E8uOK/RP4QjV9hPPcdeO5I7AigmaQqvGIzQY9T7Igwu9iXCS8Vi6C2zcqvhrL76nTVVmbkBAgBkzJOQWdSodKrNTul7zEcWdRBRgWSs0Bf/ZiDt1dO25meMfkVvqpk8TYnLAFbJRrlEFa7yifoIeXnDVHg+7pFp14BVfVN3smiUigLmg9toFrAYfxoQ5NPiKiv2t3D5SguxgpRcXlbPfg2PywzsrxJV72ktu+VptqoZicIpL33Gs89oY99lGMVWi1i/EDqVt+J/eBZuLRSQ6mWX6o8vI7M0QqU7SfzX85Q10aeMiR7KGdE30RsQEqxm8YNtr/WqLsVmBRHLRGvWsa7KyGL44tO45mpVUQoxa5qj0Jx3oGw0WsHnudVJ4EyOtkW+Wy3TQTSRpz6EwjyM/tMmmLSGpz85IXAk47wAEBTb/Z666XfvaYywSyTsXoRNYPpZMjBmpj2ydvo3mxsJobDBzuXBp2tWrXcD4kktSWtJkiZEkkhIIYCBBP6LX1y6ad1jw/MXLRpd+OjD93zlc58YGvqMJKQ8EyJLAAYGWA00HG2mCCl2JWQ5pTVE5EQJcuz2sq3jk3fd9chvrr7u8l//auszDwN0RxbtceZZ5zz59JN33HLjX2+88vY7bnvBmWed+vzTTj7pqD333H1oqC4lIIAkkHnWy/NBxh985KGNGzYQ8v0O2G/h/AGG0Gw21q7f+olPffHh++4bWbj8/Fedd8B+uwFJhQF6QtY4bt4Gk5PTRO3WQLNWSzjKlAkkyCQNDs+74rc33XLLzXk+dtrZr12ydMn3vv/dqcnthx/zgiVLFn77+99/9ME75y3a/XWvfsU+u+/SzQAZAGCzNdjrdE445qBXv+b8Z9Y9/qfrfnv5FWe+6fXn1mu1Rj1Zv3XsC1/+2iMPPVxvNM8//yVnnX5MqwZswQhy2Ll9/Lo/33nxpb/50/V/6E5PdJXUSnHpxRdt2rjx9DPOPPGYQ1auWjYymOQ5dNtdxmHRogULFu3ZbM0bXjB/8dIlS3dZuXTJ8o3r1199xeVLFi391Mc/8tJzTtq6Y/w/P/1f11x1dZIOnXDKmSedcOji0fnn/d1rv/qZB6+58hcXLJj/sY+8b/GSeVNt6mWSMRJC/OnPd33hK9+4/spfAeSrD3neRz/64XPPOWHbjulWo9lpNRutFkCSNhr1Wpr3eqOjQ//8njftt89uX//Wd2++8fqvf/1/NmzY9m/v+6dDDtgtl0pZWbOZTE73/vubF37n29/Ie92Djjj6rW9+Y2uAtWeyGmeE2KingHoGMmUw3eGbt2xu1GvLli9ZtHhECMETzgz2JoljEzNTM1Nj4+2x8elNmzeNjY+lzcE1Dz7wlre8rTM5BTIHMTE4f+Xk5EySJqeddvJPf/HzyW0Tv7r8qleef+6+u41u2LxFdKZ2WbnL6OhCUsvF3EucShRdKwfFIZ6yGZWXp+ClO0SKxYvuTP8S6XBJC9rEBZZ2dtwTUtTftodHJPo/zA2ThQ09a+qCxwGMyzAk+fAMLFp7Viil/1WsiUp+KrQYAGh/rrK8zmrC/MdlNb3lYUOIwKKg2DpNG6L4+VO9f8Q/Cak/V5nnUkqR87MVl4pgdVb5KaGzj6h6oSZAIOR+Q0EEaCPhIpIsnZeOGrQ3VbJAIb1CRRXkzno9a/XyMxRVKJ35Mflslx8pYHEiKvzQh2r1fGmxAO+V9tgg6kiMfZKSvrGTUQXS/4HfHoDL0BC5mwWAWeSI63ypCStmF3S1jqhItVzN1RP0xTRJnyxdFHAE/fIWW/uVVzXnGgK9fQrK1NjPkdiYNmJa0RZ4EuB137EToYSdYSfJdc1VSEohyYRgfut+qsAibTfcJkMWBRklzDH5EtO0TnMHXXaP6ODEe9Bmg0zexRYt7+b/z95/htuWXYWB6Bhr73PPDZWTVKVSlXLOKKKEAggQAoNtkrFxG7Dd3aZxoMHg95luP7efUzftZ3/GbgcyxhiDMQYssBAIRBSSLBEtIaEcSlWqeO895+y9xvsx58hjrr3PLd7n7u/zUunctdeac8wxxhx5zrUWKvpoJj3zKGivhVnPslgv0Yv8skbkO0QLz71kBHggCClolNii8AyIwxQ0qPIpDobjSSgIavElsoQBry2qULB9I3lSU+ukWivmdha0JUIddvA2RrnabyJAkM8r2HsY57DTpCZQiWR98IvWxC9nQgOjUcU6hB2gzkSfnibXTH+7SwQzTnd/+oHtfPzJu+6+dHQESEfbzWp98PNv/Y3v+hf/DGD7ytd8zue+7jV//+99+7ve+Z+/7a99y9133T1NZz704Q9+8tMP0rwlAgKaAOd5RoTDc1et1qujo6Oj48tHR5v3vP9jv/zL73jP+97zxh/7yU99/PcA8Kprbnnqs579J//kV3zRF/+Rj3zo/d/1PT/8M2/8yT94z2/+xL/77p/4d//2hS9/zee87nXPec4z77zz1uuuuXDtVVedO3/24Mz64qXN2//zuy9fvHT+3IVnPevpF84dbmb4L7//4b/+bX/vp37sP6zW66/6k1/xmle9eLudj46OpvWZ9ZnVZp5WK3jv+z9476fuBjh7w803nT08AKIVwmZLh2cO7rr38vf8qx/66Ic+cHj26i98wxe8+3d+79d+5W0Aq1e88pU/9wtv/zc/8MOb43u+5I/8uTd8/mvPnj+878HtZrMFmFcTEOF2nr/sy7/o537hrT/17777+773B1/+ipc888l3vPf9H/5bf++fvfUtb9kcbz7zZS/8yq/4onOH67vuuf+BBy+98zff8+9+7Kd+6id/6lMffh/A5etvuvNz3/CGk5OT//TGn/n4B3//h7/v93/kh//9y17+si/84tc/65lPeeRN1153w43ro8NXf9bLrrr6+ttuv+WJj7vjputvuOaaq264sPr3b3r7z//sm4FWt9x8w4c/8olv+1v/8Pu/8zuPj46e98IX/8W/8GcfccuN83b+M1/9x972a7/xc//x+7/7n/3jBx88+vr/6etuvfmG9bnz11517mff/M6/9Je/6QO/+6uH52584Ute/C3f+k2vePkLPvLRe2aig/Xq3nsfoBmm9SGuptXBwWqaTi6e4OHqy/7Yax7/+Dv+2rf9f37uZ/7jD33PP73v3nu+85//w5tvOntyMp07gx//1L3/4B9//z/8P7/94qfvvvNxT/qLf/Hrn/O8Jz/00MUzqzUAPvDQ5Q999N6Dg4Ozh4cTwoTzb7zr99797t+cJrzhuuvPH06Xjub1BAgwTXB2Pb3/A5/6R9/xL3//fe/7xCfu+siH/uChBy9evPQgwXzfp++5cObghlsfccOtt1137TVPf/JTH33noy5t4fnPe+brXv3q7/2X3/Oe3/ztv/l3vv0bv+Fr3vjmnz85vvzIRz7yiU983PF2bm+fbupPvC/e+rLmYvpFinsgxKr0KjuI7Wja1QtSRLrDRO25N0YavNhTtRApQJX1HOpxbDcynKDkeqYYFQZbB9D+IICYdRTuCZhN7fV/g0HF3xGbI0t7irpcG4Ch9+E4Q4G4mMqaSbWLxso6I1q4Ix2X+gdpbONBUT5MFiGo0yWOIatwwgRnzZEn9Mh0yehGTHILBBs2DFNQ7e9SULlsQ1DsHwByk8IxkyvpSrQT4l5LSylvkUzrXkHZ5l1kC0EqFnSnaiDbXCBLF3C6WC0bRug5UecIvO5LpL7etFfqDKIazFfBuUllnOLY4RY6Zv0Ksa7vIlwpomLLhyA/pk2UDCFdY+N+s6s3ka66q9WtXi3t9Iv6w8ZhvvT9Qz4tCgKgIota2E8HR9hCPfglY7SB+mlS+YCQjo8uIbF9bHeLeVnO0WZeakKu2y8TEmjR1g4d5tgKk8BfKvZw94FJLdMS4m8heg4Yl2kCbA3tA1Ekq/8EgOadWqS1IfUjyE6XsWl9sy3Ie5+gmCw2lKq7kW++tWOXozgd2J/dJ9tCYaJb+7LOKQHyqhpeU5YfzJDHI8n/7Mzv9QWHWIpwlDDRdtbh5djFhzgDciS5G2uiojeOkUayyoNg38xAbYOqj45YtNgTA9iP7vkc3hj2uFNPt66yZMo9qSdaL5IXNfSVRthm09IgtMggrVH2wSDC2wfSlFJbBZvfNam9mo9JnmCeEXCe3/TmX/q5N/+no8uXPvnxj8/b7Zmz53/1bb/7V//qN37sw7/7yNuf+bVf97Wvfe2Lzp696v/4P7/9t971zvXhARC98ad/+lP33Xdy6XIDP03rS5cuPeaxj/tTX/WVt912/bt+6yPf+X3fe88nP/HOt7/zI+9/J8AG4Opbbn/ao+94zGd/9su/6kv/yFOfdseDDz10yzMe97S/+a2/+PpX/9CP/MTb3vH2D/7++37tF97ya7/w44fXPubJT33yDdfd8MIXvPB/+PNf/ahbr/3BH37Tj//YTz300AOPeeydz3zG03/hl3/rF976Sz/+H37qV37+56+/4RF/7Cu+7C99w9fddMOFk5OTc2fPvvO33/vrb/+t9Wq92U5v/rk3ffITH8eDa+549KPPHZ4hmHFazdvNNVed/bEf+Zk3vfFnjy9+/IUv+yNPftIT//f/49s/9pH3nL/2jle+8hUf++QnL5w/84SnvfKP//Ev/p3f/f13vPs3TzbzBz7wBwCAKzw4s9rgdPttN7/+cz/ng3/woWc95zlXXzi7Bfjf/8F3f/c//78ODs89/glP/HNf9zXPeeqd7/nAJ//Zv/hXv/5rv/Kud//2PR/9PYBzZ6+55enPeMbX/Omv+oqv+pLjk833fc8Pf8/3/cB73vN7F++79y0/82/f8pafvf6Ga57+9Od+y1/7q5/5kmc/5clPfNkLnoYAm83JyXaz3V7ebs4cX37o4MzB/Q/c870//OMf/chHfuJHfog2myc/5dnf/D//lZe/6BmXjo6PN/TUx932N/6Xb/mG++97xy/99L/+nu/45be+5Wv/7P/41X/6jwPNa8Q7brvt8r1Pee3nvfpbv+nrn/qUOz9+1/3/8U2//Kaf/ulHPOLWj33io//5N942T+vNyfbc2fMEdHiwmgDuuffSC5/7xL//t//GX96cvOd3fudZz3jKdnNMeP7S0ebn3/quf/ld3/Nj//ZHjx+6/47HPembv/mv/rE/+rkXH3pwNR0QzKv14d2fvusf/KN//sEPfuDWW29Fws325Ld++93ve+/v33H7Y1/ykucD0ES0QpwJphUeruGee+/759/5L48+/THA8+szBzfecutttz/6mmuvftKTn/Cs5zzj9kfe9uhH33rLzTddf+2167Nnjo/n6645+7Vf+6d/5e3vfM+7f+uHfuAH3/GOd3/qY38wrVaPvfOx11x1eHJygjjNhGDXMtVpaulMbUUPIqwWiS63e1pJ0kdLbJRrDM6Og2Tc0YH6T9vKXPYPO62C26osecpA+sVRNgjGs4Pz+rjUpfZ01ne4QU08Iw0NcFd40yuO/2huhQdzsncOcTPZECTyLZEGFvnSwaJkoUNu9GqoHSW0WBAOixjxLsTl1M7d9XJbT7dWEHKMvJBD7cYZBpKpbcL5oNbSbwfW9ngG7I1yoBC9t4PM2owFGeJ5z8wifQi2IailwPFhtJOEmEHEWNIhnEnTJDNNTd5Dl7MVe70u4qDXoAE0bevx80zTQNbBaS8r8lqZkYSBOBXPf/oh9xJZP9mk0Vra4zoE5wsbYXbRy6njy2IAPTJPUE1A7LuHh+KGAFAwtyjDJPzytSystoZRaB0ACrbeJXS82oVeC8ahKZLiIqXLSRkCcwaluz2OxIGwjnqFx9Cu+HGpfvBwgKQaC/tIBoxtNHeXf933UePGsAX14FtWAEqLtoMQbqZPZkBU0mLogAdZkd+BcAXEhwMeZX2JXP8AgsvykujmuCJwwJiNCl+xmr7vsuoT9Ay4+08cd0Ln+HTFxCOKfQFYHjsjAiCcYb2CT9/18R/8zu+G1dG0PnPNDTe+4Pmf8cu/8PNv/+WfO3fVTX/mz/65V770BQ89ePSlX/YFdzz6tu/6/n/9trf96sc++KHf+a3ffNev/zoAwTQBIKwQNtuv+Oqvuf7684cH003XX/XO33jbu3/tJwGuvvVRj7v2ukc++ZnP+tzPf9WLn/v8Jz75USs4uu+eewFX918+Xh+cvO61L3npZ7747e/6nZ/4yTe9453v/tD7fu+Td33iXb/ySwB4+623rlYwIXz603dvTi4/dP/9L3vpZz7uzlv/t7/7Q3/3//23cZqf9uzn/smv+hN/5s985S03HJ5s5nm7nQ4O3vSzv/BN3/TX4eghWB3AhOuDM6941Wte+IJnrdarzfEWcIUIMwDOmyc95Ynv/d17XvPZr7nu+muPjo5gope+/BXPfPoTXvaK599y8y3XXX3uqc986l/8n77x33zfdwBcgDPnAdaHB4cHq9VEcLyhL/mjr3/pS15yx2Nuv+GaNQC85CXPf8ubn3p06egb/8r/+EVveOVmu10D/fa7fvPn3vijq8MbHvWYZz3y1ttf+eqXffWf/PKnPPG2T9370Gqa/vs//+UvfdmLf+RHf/yX3vorv//+93zyEx/79Mf+Czz5addfd816TSeXtvfdf0TbudXfpvW0On9wfHJy7/13H8zzu9/xzvf83u9sjy49/8Wf9a3f+s1/5A0vOzo+RqSzK7r/gYde/qKnfMc/+vZv+pZve8sbf/TuT3z0qnPTjdedvXjx8us+5/m3P/rvvOOdv/mqV3zGHbffeO89915/zdUf+uAf/ND3/X8B1gBnAM+cu3DNU574xGuvObfZHCPCwQpX08H9FzfPeNrtf/fv/M13/9bvvv7zXnnztWePZ5im7Vt+4Vf/zQ/84AqnZz//hX/pG77+y778Cy4+9BDQGgA2W1it6abrr4aZ3vjvfhAOrgGaYZpWq9Xtt97+ZV/+x1/1WS/ebDarFQHShDgTbgluv/XGP/rFX/TRT9792Mc85obrrn3q0x5/2yMf8Yibb7ntttuuvvYACeYtbbbbeSaaaZrw+ARe8Lxn/L2/+W1/+a/+9Q+8772/9eu/CAA33fKI13/e569X8+XLhCuQ1xcsGC+Np6J+2ewCtQnuYRsUtIYZ2t5aOXWulIJ82PYVgXKT/jD8iFhUz+aEBsXV3THKviHcKQ8Th+z0BePxXYk23MqRW4ITXCGiyyhz/uwpcLHlMo/K2dnT2yqQPV4WpW2yAx09gOP5n0fZM4oqYssYau79GduQBudUag+h3Dv8BhBUl1WMwe5z2MpFj64tN0Y191OKRO80QMrwLX+opYSAkWkuNxAcx1HmgqaIrhWzmb4xQeBMxPhYW3zsJDJz/fe3dr2qBKRpOT1mURlsa7/U2xuaCkesf8igoDJXrsOMlhBtg4W6Sz/3ubHGkIwdIkL9RiSDldYkMJ4YVHfO2UKBATtydhnbdjTN+Ldy0pSao5XJ/ts9QKdPM3Ir1CbYgQ89q60xgEparm5CKVEjYLlkKxjxE+d67NSTwubHFNQNKu83tR/49W+Bc/UqvpWLS5Y2a/VCkRh6ZBQxkb7kr8tOrZHUkRcXg5ixLe3NIAZCqGgKEVH2bKJnejQR4I3WIFtR9T0jtmEkEeKhMWi3a5i4R2zaVSDMePbV8fwHAWVekdeX7dqD7QBAbjWWPKv7ik1727nv2bFEfM6zn/u5X/iG1SHcfN2Nj3vckz73dZ/1iY99+IMf/H9dddU1X/s1X7U+oJN5unzp6GUvf96Lnv+cX37bO9761l/95Cc+RYgnx8cANG+3iIQwfdEXf9FNN5y/fDQ//amP/Bt/49v+9t++7glPfOxrXv3Sx9/56Kc86UnXX3/m8vHm/vsvItDZgzMEeLBabWe4+97Lh2fwlS956kte8LRP33Px9977vl9729vf9o53X3vVVX/lG/7cbY+4Fgj++6/50ptvuuGNP/OWL/uKP3rNhdXX/Hdf+eDFzdGli1/5pV/46lc8b0vzg5e3hwcT4kQAT3vq0778K7/yvns/jRNM0/pRtz/qq778S577nMdvZ4JptUI6g6uj480Xvf51T3nyU3717b/5nOc8+bFPuOMv/qVvuO2OJ7z6VS+/5rprz6xWn/c5L6Xt5gRWL3jJy9/z3g9dvvjA2asuPOrWR3/e61975uzhlmDewi03XHPrTdfMRMeb+WA9/akve93111z9wP33v+ELPuvChYOLl7ePvfMR3/hNf+nSZjp3/syX/9HPf9Hzn3vHnY882W4+8amHVuuDkw186t5Lz3rq7c9/ztd/8CNf/R9/+s0/+R9/eoWrr/8LX/ec5zz2gfs2Z9YHB9M0HczzPM8AhBMB3HTt9c982jNuvuHar/iKr/yNd77jHb/+jr/2rd/4qlc8+6FLR4DTwQppIlxNd9178UXPfex3/KO//83fcu1jHnvn137tn6B5S7B68KHjJz/pUc9++u0XL53cd9+lw8PDM4erV73y5b/4eX/68sV7L5w/d3hw5jOe97wv+4o/tlrRyTGup2kGmlaIiJcub5/9zDs/45l3boGOt4QI1104/At//k996lOfeN973/u//vX/+aUvfvbd9z0008FqhTPBluDS8Xz2/PkveP3rf+9975+IDtbTarW+6YbrXvXKl37JF33+2TO4OcH1eiLqOzs3M9x883V/63/9Zpjw5ptvPDiAAwAC2MzzpcubB++/vNlAc9urCddrBMSZaDPPr//8lx8e/t1//C++98Mf/tDZ9frzXvuaz37dKy4dbWXDIEFb6hRl4ZiDt+XrvoYqXeg3SdVHoi63Z8cYQlU2BCn8E/n3VFuFRF7KIbCIglieaOPUQoXi7DAjio7S0VmseCDaJbWeI3nU85fPwnCKIQD0jWaO/jJeMhcx1rNJ7Fe77HeJGIMfVvDCYX1ZGT9khsAgadHyfYDAZtbXCGukZAHTXPCsHtSFvX+MDjottISIznq8hA9ikdOa6XBgR69cqqgNDHdhA49e8lzCSAfTDOrCMsR4xZDXQLQvlJaJsY8dYt8Iz+PE+k523ctRLW3zwunCfkwei22mQ3gQeg8OF3cl4QcUDEyCpqqnRoa/vgvCYyvt3AsTUdb0CF1iMB0JjCMHbEukBRXAeaYgfmLOlFS77WEMfecKb7taLHmVFtlmtFYsvGKUa+4LJr5YygeAaWoclYfLpaBCjHN3Z1B5mmRH8qBQRs0DxHamW4EKGzybRh5Df7e01KcocQ0wcXAYgf1cb6cjt1zmRri7MMTOuzlrTf0NRUYVklc27TtoVs8UPFV4pFhKV8dSiYsxLx2GtTiS/Lit/L6Lxc7d5S5yPU+KvbKdaYXw4BH+kx/79D/58Xte8NQL/8tX3/TER63vfmA+d2ai/qQkokx3+KI8AZhPzHW0xeTKT3MYTIx2q6cRbkLxuc3cEU3zeBh3zMjzYA6pPNWl8QNxpkTAlp0/Zk/bebp86dL5q85fdR7WAMcntD5AAticANF8vG0r6fPJyeb8WTo8e25LMM8w8dfj+nzPMCNsT+hkQwTzFtYf+cinrr/hppuuB9huN0cXj45oCwe4PmBXhoDTaoLVNCPN87xdT/O5w/VqfQgAl4/heAPnzwESzQQrpGmajrYAABPQwQovHQMBnD8DRyfH83a1WuHcwtAVAsBMncNIcH4NAHB0Ms8zAMBMOHffPR8crHDCi5foeLM5PHuw3cJ2BqDN9mSz3c5bmg4PD7bzdNcnP77ZXL76/FU33XzzhXNwspmBcD0RwDxvaT1Nq3VbONiuVmsA2MzbeYbNFqcJj7f4wQ996sLVV93xyLObo4cefGhzMp+B1QHgRIQr3MLmaLXeXDh3Bg/O3Xs/0EznzuE8bwFwBTBNhEB93/SEq4PV0cXN3Xffd3ju7M03X7jv3iM6gRtvPjw+Pp7n1TTBdotbAgTYbOftdnPu3JkHLuLx0aXrrz93dDSvVxPADPMW5816PU2r9ZYQcDrZbB964HimzfpgdeH8hfMXYLuBS0czIiDBhP1bOIgI82aC7TStp/VqJgSg9Qo/8vEHLj74wJOfcNu9918kWM+AW5rM3nHabjZHR0cTIq6mNU4Xrjp37TnYbk6ONzitJtGMXnchWk3zBPPJ9uRkA/OWZpoAcab2WVRkR9ff2rxuC/ATnTtc3f8gfeqee86eOXPDjVfTvD06QfQhqHyty0ZdNj70SmVcKqm9VPOF/qGksM2lK3h4uq+DNa5aS+P2IcbW8ORke9N167/+zz/242+9THDpR/63xz3utrPbmakY2PnaY1bZ1PIRjLyUCVwba1Q9/GLEEMgmxAoUWm8zMHsc384F4+rd7ENMCxHCPvGDwLaD7yrWF4xOVjxikiFnPBcOmzHu0340qGNFTwkkHOkXFUIlBsvDEZGW0RfK0wNUTVPQoUNOuBiosZf3L60xQGJAi1qJgUqbcsA8NyzMdAxJYwUZtakj8HSYkMcC9yB2HSHGKA8pl9TBnu84iOETTHvXmNMgxsNVkAAfEQDWYuVTB4NkiqS0pORsWYufFm1ElVTU7UkXfJytZAQK7U36uVO9XZ6Z40XQ4FAG18UO0yfUOOMo6QS8HI/Mmb1LvJYStE5AyF8TUBvzwZMottxiohw20MOubveeQtVHRwinMc7WjaTTzb6XsVHyabs4g7LnVliB4LB1wUa/7jZLJpVlnxqSMcXWtDcFKhNrVU4lVnDEeMuXloissgWi8mFbButbeiNvHRuTWaLImv4qrAk/EIBgJnJTjvp0VuWpsAcGFiIqOBMl2RtWukRsupJyFwKprSBYQ9GaoiEHwZRh2nsrRBHsyyOJPH9Fljoqlo2gTVruDRaCfE+GOa1d1qv5xuvOImxPLtMxANC02cwAMyAQTSvAGQAID9bT8fF88fLlaYWrCdcrXE24mjpdBLidcbudEGG7xXk+fvSjrj8+Ofnk3XAwbc6tpjNnYAPTZkZqT3MATkAIMAGuV4jrad7i5SOaj47XazyzxjNr3GwRESegky1uTzbrFcyEG5qOTubVRCucH7o0r6bVagXzDISwJYQNIMzTNCNAy2wuH9M8I+KECKTrwERbfPDBky0R4gQ4PfjgSXuT1mrCg/X6YA1bmGbCg/X28XfefLCatjMdb44fujhN03SwIiCaJlyvAeWNyITHx8cAhDgRTKsJjjewpe1j77zhZLO96+6H1rBdH6yQpuPGBABEODy7mhAfugTbS0fnDlcTwsmMCLiaANoebASc2icwYT6h8+fW195x40y0Odlef/WZCeej42OiCSfczkgAM7VyPqxW64uXNodnpsPDs5cvw3q1QqAJYb2epmkNgFtAxIkIDtbTzTcd4nSWZtpuNw8+QACr1RrbY2miIu0xa6QJEWhL0wRbgMvH9Iibr4Jbrr7v4jGuziDQvEUA7AaFAIDOHEwXzp9bIxLQhLilzX0PbFerab0GImg+uKnshIRAx8cbmmfEaSJarSeckAA3W9zMSHOzwwCIE9IEgADtpVAPXDw5e4iPuf3G7UyXj0822xVHky15NiZKDIAseLJyswoZk9vaibGl/hy3rX7m4LC7QfMOBOSFVme5u+8PMQaEo4V6JAEZFvGSPYJrg66hpLbD7ST2SfVyPGMeVlQT3XlkWDqMuNotM3Q0YuLSNP4RI8i9jWuwjLdebMCHTGMO93N4KbEbv8QNEXTdrIxUowM1ibeGagupJl/IoXYu1IajzugkNjP05pUSd2LfqkUA2IMWveXCxMQu8cLsk8LartKSjoVagIZAKhw++HHhZUcgrHgFlDUfbsBt6mMiArLvlyH+gsZA2EwQqAlLsYogPA/c83j2mMAHFW7csvTlco7ik1AAeQJcX8FVJEP6oKIVCWht7JMLgS5B3dKSCC9LDc1haEpCuam3jWsAO5v8qjlvhvJR2g7JfYpJComZ6b5gUotFrUHjnm2yaOJ+8EtAGkcyPRzFpsOwp6yLmGyEDZI5t4P2eMf0EroCtD5sSlwJHMzsRZCZIyaTZOgAStqLLrDHFpLr7MVYYfvumGD9ZTZRHs3viwgJZuLqsNYCuLB4a2+lHK8DkiAIOltE/SCeWBZV5Bu4Dkk3buVTHZc0C2NnoMw3J+4t2GGjeGXS3Cg0A28vL5BkmXKWilHaEQiZ/b3iC53jSyA60SY+MG+7NBh0IlVcfbiG5v9mctstFTM7VWKxbdwrDDAosHV0E5D8NOm/3ti68Wxjc8XWVAAAgeDyUVtNmlartlkQ5xmIcEJeSwScaQU4TSskgu0WaaYNwmYyVhNb/tPgri5fJoLp8GBa4QS43RLNwNABEGFCbCkfwQSA0xqwvwIeN1sggNUKgGjbQk5cnWw6s4jw5AQQV9O02hJtN53KbSOKs7sGf7VaTVO3iyLuCIgrOAPrGWAm2M5wZr3azI2XfdoJYALYbvCB4w3AFmGapmm9ngBgO3cuzgjt9c8c9646JgTzlohw3k4PHG0BcLU+M000E2xpmprrRkScZlgBrA7O4DTj8QYmgPVqwsnJGADNbFqOj+nydkuI0zRtjwmA1qsVIM5bIGizJlOL69W03RAgrdeTGKcZAGBF9svERJePYIYZCCaE1Wo1cY7Xh5d9FTiJSuMWAHACODqatzSvpjURbFv1qj3jz/BPNtPRyTxNBATTBCuAg4M1IGy3PASvlbY1+fVqTavu5Ylw7gk+IOI0gbxCYELECYAfyVtN0+UjmucTIsBpJWkA5iB3EIbyTVKR5lkwtl16eR0TJbbuzLbAXkpEvSX7Q72RbxagNetfLm0zwGvF+oEOZKi7DvJnBNEMjPqNa5dgrbRZBlGQzKN5Ju0BtsJpYTbEmr0LDGG2Oivmvw5QvgiKzfIyFW4sfptgKD0zgmjlgjzAUUV7eJgWGlhrKFVjq3mXOuV6Cn08LNQVIW4Z8ITRff6g+y254puH145SbR9xZh8ZDjGMGYcMPkvCDEZvdowu4UoZy0GIlaOoKMA0iZqXpizUWA6PMGL7Wlq0QXK+g3sSpLTJIomOTMBnvufGYu2yCY2cjMKqAIZIsgd1eS6GsbFcWfjMh2FmNh+jY+1DVmP7TpW22d58blOFJQmuYl/2rF7IfNmDQrM06OjKGHsVvlGXuqY1Tj47/kJI7h5oHFe8MEi2Ez7wJzvnnbknEEZjdW+bHiwZp142c7NbOErbWsyX0WSsGN6tf4z5/WvZTbqmdcEAB/zlym5aqjMTaL81dkPNUBECzkXymXAWfgZm5Lm3fnTgjepd8TDmXjiSzSDoX1YgaosDLdz0GFqbLl3jvHBbsyZpYiR0fZvnV6xcUw8OlNdGUAfTg/akPT/MMWp6xXMy7n5+8lRRIMBIAgIirlYwNY3vYUp/XGCeATi7J0JOA3r2OE0wYY/vZ4IZgOZWbqIVIh4gv7ATN7RGhgwAE0L7Rs3USUTgqjABTQgwAVEfeubgExHnhgwBIMyA81aJtT4KJ5yg7Rrt/lbrhpzQEyBOgAQTECDMAOsJgZD40bu2srueAFcra35mAiBsGEryiWzpCKAlgTPgTIBA69U0U0tKGwv6IuzUJ3q9RZiI1hO0raScF3bbBFZiiBBgWvekZLUCgmkLAHNXfOK1tfbO8gnhYNVY1HgMjZfbWWwFAhIirtdG/2enKRYnIAScCNqOg/6x9dUKgVZEMCMSTcDv0VhxwEATrHCFSMgCMFNbyYQJaOpvSleAoK+f7htARH67/LQTlhpi3kwTTFPLV7u9MQbBfJYIHbRsCwpbVfnkaN0BbJBtrxe21TLYqi8vkyJ4o9xIid8goG4+TWSmBdOdnnfx2J2niVwOGvYFkF3OS7By6Ik11yBsjIz5LLNZSACFk3GuKGrIIBQpqHHOaLvsjOKsA9J+niCj326hbDnOFB/hXDmBIz8RqKlOty3j55Wi0ymEx0Vx1aCZrrpF1WUBzlLHcawSew7CP7nbnVnCasixKvkcRsplpOppVIAGMpr2JZw9D8UrABhlEwSABTut9GrDCrDraYBr+wVaunAP7yuS/lgzl7xxCQ0tXHMHbWeLX1E/i2jYxkF1rc3WLjb51NKvF7gxh6y5r3NI3wjsyTRlcyD2ZSH5VPT0HW6OIhfWAgCL+IAIhpxadD0MJnn5ZetVMpz46fbcSgy6Az3uCwMn12skwaUZfDhcLIAzGxVb4o8P6Z4fBMPRHqS58syuVNBXiztApxaVEgfu5VAD0qS4BmwQjaUg50R8IUbDTiIfI3FUV1QyNQIL5pL4QWgR9YD5iMBpmgK9ljIiIJqbaUKOPEnjBQ41UQWLI3wWHgHlKWlAmFrRgAauA+G/4RkyVrQIkKLkOfOmMQ5YLVB2d7smnQUv5yX0vryRWnyFGd5EDhZVf9kgqhe6nJJbdU7NxWn2Far+yOiEnY28dCqbFDuzZ2hJZ8/igNqaKs0tOdTVbgITkZNiQEAwM+UTs958qUYDXARom0yRf026U5OYC6LhyuCeBnudIGbLrHhiG1htCsIKGlo+wOPthiyppKQJ0j0bd3PFr9hp+RWLkii8rqTYmQV50sJuEW2mzrVjglX0jQUljn8QYGbBbJOOss+AgBNzbJI+dSPfZX3WLZu0JZhkIIDZsBQUDOexaM0Vb7ET1rTk0+i34KUxuj+sjfMKrbIiHGiKREDCniLcJPuvUQ9RJW/kpURlhlXT7EEXh3UHEoQE15Abh1tqe4WsxTeiW6TiXRWc2tUK8AJVKN9mo+qrzcDws6tOfFvmEMOAqniClIKypTIRcIgnLTAbefor3UnZodjIQPoQ6BBsQBwg86pL+ujll+C8kJKDGNuLPFrhCWN1UxkHKnZ4GVrQhuV+WhfWYHIDNCvhlXd1IPRizBVNzckPHyPt6jpkGQACgIlLasROU3PahExOSSL6/qdDkwZGbVE4Ba5CIn4tKyOTCQyRgRgvp3R5Bg0e5Bss2TU1ocOnml1gYjdiEADy91d6H3GkeZgRFsFQLuDqm2k3yvXM8ZEa71Mv3KummNvsErhlSEZ3Bo+GmhexksYkS7rtzOU+hO94nxAH8dVYpYtxS1DLjE16UDSx+rOjrfaJLCIn/aVNT36y4DOKpvaf/u2naGfUdqmI3IP2nb2Yw3J3ZF80RQmWLIAvMbJZaIBgw5r9K6OMkkTYAPxoFMkOZ33XpeDee+VhBoLhfGfzFT7lqA8ReBNY7hgO5btHxb3K2FdBYB2bREGlHgJxJCe3eZnRrLuSSmTb7hg4QH23rXuKThjVA2bCCYGmbvXbgifINlzBhmBue7QF0Kyx3tyRAWofRvapQs2fXtbCuWho63JdJhBhBX3ddeKZ63Eh6HQKO/ScMQReB+63uCUqNv3ZEwRAdMZ1QkSzzs0hCvHTwNy54zWRxaNflCihzxfwQN6Ok32kuPtoAuiKgw5WpfGSVwpD+1Ze8+o8ZD1rqjkpLLU1nTjSyWrd5xCHevPXqEEh0/j4Ppg7nOWplSSHSRBHNA9sokhe9wjkWuoFz7Zg9gTbJMVoG+lvbEF2aXt2GM5yJW3nEdqHdbmOVH4FqHtS4wrHqlqkk3zwFHWsuhbYR3QWh0iygXaWuyrGPSeWhFwUXjgGTiEFFYtg95zWcu6Ko1ot2AkZNKocBCrjjn1Yu7l9EExmSu0Vp10LyecCGiGRS80y38ahNDeItqij1OMoKWMLlBTvIt9CRJpnhZLTmZxSKp51SBEtD5rdjpyCCkapENPxFWtcGD0WaHIXdhxxoo3D1nAsejO0jfIoa7UJLb5wVfPA83w4EZHqYPQzg2KebWCLpSGnV1E24VXguwOVLIhdcMv1vLqcY3M8j08Yuld2GWa5tlY6BhH3fm66KLT2U65DlG8dzq6jMEqIiGkZrHdpilYxyrcxVLD9qUVfurCnAUxzxwwMV8hMusCKpR0i4AfQA8+VNWbubT4fw7wQxIhxN5OusVWfA7I9U7VIUS3Pddwqb3dLuF3xLLsAhJXGD3W8uFDXOCgSAOZE2jTrytdUmMlPCviZcoxKPweOkwciwrYBka8S9CibABA1g7AIG7OlpLqJBumn9dUugBZDdSdOugIB7Ydb6veqFNVBrL3hOBjExU4hJ5l2AUgUj7uy2WR2GgzMt52QnTl1VTSXrHQT8KJlm2eJ8VlQGs+A393KAsYNDXsAeL2CmE0aVvC/vLrV9m6oTQPJhpRqa+LsMPK7r4qz82QKGj0IGjjwlDBBydkx0fyalJY7iZkARMMmhLbK2k+ROcTTw3MIwdCIuphXwxk3ZUyQEVHNk0X2u9SQAuBsX16gZYmi3iclup0LfJmY83JbtUamB3SOGEMHlrNaGZT/IZB5Z8hGFOVdPiynggbyxJgdrMSXzaEmmRfAKTYRanQFQ55A9RbbJp9+5kD0qj0p4BA1rtqZkXZV2DcxB/zhvV+0sUoCtmfwSe1E8H0MJfzMt3KEM8iCnAxGniQHrdfVsQRjyEJMgTXMOkwAWyGkXSQ2v9aoqfUWrJld6iZNCqqdLHp5WpQcl2up6Kv8h/CpzMHClezclT+kVwWB3SmoDUvCtCqVbq5thJZRsshIoTHHVNRfRrd7sdqGgoldGnOYqTdPY4VoHPxoPtoJF2Vyq6jecKfAHgB63bHbbh1HRRzYE1gE5IRMM8kXvPAJmsX8xsi5Q3Bps5OX9J6kQHKXfo4TpSf2Pw6k5WeU2AC2tAYGM7vyCeEwrBC/AEYp9P1DUfoDD5crKC50gjBhGSWbvC3o3kJZZYzI3u+8rbpQ2QZPU3yyDUM+s4ikY53RRvBzn4oQBnV0FyAxEMDYkj0IQt4Qpfh59PJJ8E9OSajFzHvUBX2OHcoTNhCwzqwHVegxAHNfIOQByx+lBI9tcRlYWCoqcGz3oT141ncW+b7phW8Z58LtqfjZqWs3zc7VwmoMHWF1ODw979qNCRCh+TEenA2QrMNBNS1I/ZUnw7nTtQ8mN2AdN/EaLRMWsDTZmihFp5OgFshKFz9H7AmbhBJwSpHhdnRIfzTkG3Zu6lv0D3bHsMkSuseXZBgVr5YO00QYnqEVJ6yeihRnCHvryHQAoYl5oWQqqX0olgtllkb4RmqI1FOqaSF+BNFFBcjq05BxnrfLhFAQmN3jOd5bKxzvz5CCBdXQMo7CJDgkw7qHYHTKONMzU2wDO00pgTRqk25m7jXldFJmEgNlLGsZxcwNjebwHKGAtaEgQ6Oe2HrvJqoX+aQ8h44A2KYUNzr0bLt8Op3AcTVQ7snmixGOWQr1JNhILXomUQ7TyqgMEzGtoFeKJ/AHM6Ey/FUJe5gr2bwiW+YyfJTGg4jIBsIxuCtdVeHL0N2a7SqQuQsgIhbXT/L2KhCZMWMVHsx1sk9aNm3ubzQksjZ9HHVEnu7r+2qfHkWb41uj7zYuCimoQ8dmUcQLX5YWdPwqcpJCpJzZz4ebaCf7xiQ7I0fhhJtrDCDJM7B3CNNhnYuDwxU76at6UtriCpPlw23sBrB8KeF05wrg1NWfo5m45SAwho5UlbEgTuQosHdV8NZyEF0tMCjmPnwxRiDehQlWRSlhxAGCydQgSlzEKKQWElBYDMZUNTXLSLiLPs6mLNNVrLyzzc5bYgXKeyNoHaBVZgkLIdHC8OuB+KLO9i4q0E6OwNCYIp44bJcPrE9GlbBd0DCeeO8C5nzZcNR2rnPL4LpQ+wrlNM9njvpiXyymQ+Bku8BzUk1ypMC7Y7NPr/Ifi8xB7Lsm0Tau4CzP4j62u2JIbtTDxtVEUe5GjDYNJEnLrz9yhoKhEMcz1dyrg1G+G+flHuwxswC8/GhpwvBvOnrN2M1sV1XSNgYe/yFoJRp198g8lEGJH1+c3b5PY4P4UVudedCxG24TIKLdbev+i4wjpPb6on70vLdPAjsiocyFHY4lTWh67ODcoqyauifihY7WzwZv/S6iJI1iEvu9nnTxQjFZEhlznUhsb13qw6DZCC7zT9qLeEGO0QCs9d1KHrOzXyXQiMwwinHo/4mWkHMp2BFoHLPZnfH9jT4idi49NkDxAjqYDOiMNPOAMAcJKgOAzN5gWTpzOqFk2VEFxcolO4pqoumf5dRgbDNrqGpSfoSIRTWJKpSof4GldYWAAKvlQCGjWjXfx/YS0ZgB+wKJLn5nD2O/yuRzOUsMO0dYw2I4ewq0/WEtdsNpNyTnEBP4LM7GhLqhPeK8bWX30MHFL81a8HeD3CPRUAzqGyCKk87NzHgBrAno6jCAzOcDcrBh3bfNu+LJ6PDxZHRYPo7umOMeEq6tG+w9ZCjOfYFPCWY49SE6bdcA6qTUjK7JJyl/MIh40DZm0/5Wq0i+qvkNDRyEpB3y/Cco6xtcfnxfVDFmMpb8cnpDNXGfCRVpEYR29Vqe4IRFKsKVcGzRRWSCMdph34kjGrsdZA88XeOUn7taKfYin6BH8lo/DlhkeBdbk5vB8FPx94VJnwIJtizxAyRVxwAA9QlARcJSlAaKTG7wiShxTIZD8zytKRAWOpNLaBYBXpBU1ll7KiRZtNGQLDiYOhAp2GrBX9BpjLLmSaZY2JiFD2Usk+Ba2svybir2xUnUK4Blg6WqDQ806WtUZRXGx4Sac4vwQ5PgPg0Gmw7H2BvZE85LS5yIaJBEErTK0mubQJcEhekls49REPSrLX2g8Awzhj4amxeCa9eCjUJ4dUTmWQiybFzQ8CGyw3SpEq8UqFTTjsxQ3TrQI82WWBFlHjlE/J40WXE2BgAYOifaSo1qqnuFJdMrPkABBvvRmxr7Z/bOhjGg54xopt8okG+mWmUgBUfuUehs40zQg7Sa1ad9Uih+B6SBToyzYCESprWRTGd1tGVpFyaRqfSkQ0YUCbHjdPS6TQCyciAzKQihEbiMGDhHxekuWVRZJkm4ZwgXAuWWUUkDWCDVjDIunrcPGysu8ky+6oM0TYDTNCVXg321ZimGWYhG4oKDgKKijXXoLUfV3a3J1TIlDjFpXK6hxXSRuCxk2Il5kYQAORKONXFWFktUzGMrtN2n3VjJdNHbIBoIRwFeLcF1xSAVbicozjjLi3k6GFYqtShkPCwFn56mbIHksNQWZ1BrT8pSLxjZ+ZOxqgVMQcxY0Wr5aYSzSUp1C0yH4x2Qj4hMGKQXkR8OlD4RD5BZEE66n5FFjhVRsJ1J7463mCB5YbuqjDAlv9IFABHb7oCgU2CY34NYQcJ7fAOebF7mSBOFEiMmeII4XwiPPJWW0EQoRozys41dwNFOpYqTHUd55DCfohSh6TJK/iIWBd7jJkwMn8SpHfeCgbG+smNXGhnvDiSfpfdh40VO9oN3dyxyIUcJCNwcD1qdEmMP0C8T8cV99m0iYqLoCg7yHCgKaaAm1hT/oiFb4EJ0pXbsQTM4DWm6WGoC4QinqrG5CxmNlHwSPSzFcaGetXpLMMUVsY1vW1rncQ/uRW13ICU+2wsc2pscJHHGXIgueHygP/dRlzOPZP4/ICU436wwsMt+sDRVLzhJZPR8JNsH1L9oL3JjibYCk1lAoxsUMBhvRltuUIpaExRYg1NFuK+sEXDxghsg6B2HkTwXGzFtp1YkxsLLMSrjGUi3lb4+h0q56l4SYAekdpF2At1sukPH4wyU4wBPeKS+lzusm0ngdRYkM022U5opJFJh1uXQxIIeFrXTRPwul+Ri17KFmCgn5fnqaZwPi5vW/ppGWJFDxPW0whUC6GdqahoWaqyLB1rmDQBKyN6WB0J1uD6MVZdgLGe/Q3xSGICo6/Y8QuU6yf1SPD0m8a4HaxbZAkl1rFb+dGAHJOc0tBal7HGCxa5e1VNh6tzGFQRLfuNAgWrpG/OM73NFAbnKVrdLFR5jcjR12TuIshZzoV12istguXIiw/AGkeU+i8Fn0aMQwoJj6ZDAKgIEJ6wmJjQ5l/lnNERxvSyTLbRy7PMprznWYL6IxTYBUaqx6nyc95aQ1F5UhgdcvFHL8xE8cWhRThKwMjtbyQjb6oJZSoiPsNjsrpaSvfVBKhNcYINezqfYxv5Mo4m49BP0QxfmoMsi0wKeFtRecZlxWRWNWxKirDQbqhwbR/U8G82VSeq4RgvaEfokEndxw8l7RXgUAR0qu/2K2emY1iqWxDUjGcjvbfxjSCLkjl3YQxnplAMU4qdZFo6gI6nMpnDAsIv/tJaD2MgL8AIC/i42fgMCIcyIsyOgaavhOTLaxMgiT6ERbsVVZTOnPDy+WFpSMWJB1OWkLkv8BqjWWBeHyUDl2qpZypOx+KdDQBKRJpPmlZqCNHU+aYDjjbYpxxtSyALxK/HdBPJOAQnpJBZQP8TYSA4cNK+/UUhGCkKYHjeVBR/IT+ClfK+FyOSeYPUWmnnXGCC89+5FFsmIURE4DESqwCIQqILAL2GS6nOfMo8989tGMWZeSN4n64M8nn41NcacCywDNNoVo79mcZpNB/bp5XQDlBGGAWhYJ8bcWgkjA4pl/0aLsSOsMjFzNKu+yANLdOBp72rM6mRseXFg5pSooDCW8WZSXO1ddLv/aUTIRVLnBZ0pqFMKbirZbTQGOg5MK5yQcMJJ+MnALRVqIXUQY5Mrhxzrzv5ZwXCQvEHAmu6Rwbb+fTEjylvmKDhwpbRB6wbbqwxYILo2JUjIRX53VEtB69iPDGSVEZFDRsrNH1l+hIhIhkDfuKmWa2ZsPCoX0TYQm6aGNXFVVoqETNVW6/fNsLLmVgJk82HrJH6sQIO5G06YAZ3AuKjlwQomMfDoSPnatQk8AiyhPaOI6WVFsTd3cRYZzVT5GW/GTOJz3drpV/LBxZYsk93oOopy0Bv2b5Y6W8ZsQp7A9/PSpdLwibRBj1vcGyWVHMNai6ltQ4bJoiwOMfGs4nOs7CO/idDi2bAyrO8KQgDy/RWlpjqHisWMvrULPkn10mbZPQpkiZeMyU9tZJABmE3V6FAhXhg6tKmUvDWb5zmon5vvZLVLEgIG8YQRsJFK6Fxleg7hojy5E5MApAiLduAQ6gLJVo7ftJAOsQe2ownmoiYF9eq9EhVcL7BRjol8Y/5m7hrkR2TqFghwUym3x0f0gKc6Cju4R/6M41vF7cFRjdLWrLab7XazBZpxnmFAlk5dt1sEPdBFDovJbpjtzU286GMmMldsl0afbW00ug3i0wJkjDpYUphFXGVGsHFRNxPNMgNwvmk9GHqcAdwmM2GA8eVghMSRo4FMf9mpkToeskM0LConJSz+SvasCmXgNYCy+dxgnp2E4S6XHPwEWsR4MIk3yWLvdkNyPpOpQaXRZqPOxTmsvd1E6VFB7CFMDqugx6lBGPvdBJJ/u7Vez0AjgHop4KoBFzbE1SlThUgav5MUwhylymidJt4AIS9DwbwIKvw/A5wshTLjGJkZ86WYHpCfgjie0Xe0WmIEovOQIRLvfG5LnRNORCeAs8DzGqopgYRlkjQTkE0PhtVbRbkztVj96LkxassRGLWfVr8JoOije2i7jBNYEQHzwr9kagNwEBor5DRhkGaJV9KSqwZQ+FklEnlS3Tu1ikF9H7EQWs0XiwdqdjXSMC6FxEYXL8otECQLmYFb/CyizlqJqLgexoiZpM5n72IlvfahK95Y78R3YyxhAygNqAwqggDr0dL+uJEt9vm/OqDg+I01te1L2WDxs/a7o18n9sk9hWi/pgKMwIAhf7niEy4Wd4klP74QrqOywGRLjwlp/bKH8HFptvpcl7RwEscP8EiUIprIppk3ixBAq0aT/kIc7sANB4qq82/3L4uLcWFKRkVXcW7JK5uJOcCqfUDANqtrbKmdW/5dVKQgZDsT49YonkD0rHb0IZyoO43zXrVQT8YQMNAb5cz2dj/U1y7hKSIRanUArZow7JjxTS4ECivpToqOyyMiOhKN+RuR6ZKHAUVhR0dl9lzgkklwHUYVIi7QFLiRjZprDtTbTgqjnBEC2ZG33dJm7kGb46O+PEWhyolTWIyXfGMyV0gjlaC2BrK0qx1JC3fb4lpE2za0L7bhUfy7h9Ql5hlIYxfGxk94NKGlUUN9v6gAtDMtsRu3QN+Yp81esPGbsA/6oiE6MBFhsj+Sh7YH2nY1kCbklJXechiLgcni7fQ98DBzloCAP5DUAexh0i1bu2OKy6raTt54q4zkZ4ONzqPdU5s4UAIXrKEbfp2vyqC3aXdq51hNnXoRsR5NmGGirjgUjYgCjYyut7ZtRLcWFGFqpKH/OY3D3LTE0BcMO546ksDujrVVeCYEXkV30EYyYnaa5H03MDLy0Q64+MekMZyaBjKtxe5mUQ079bwyRQ8GrE1EBYiQMDryBl3gpDG7xQJU4lU/56odmATDnnCv9vGkIExMco1wHwB0XBtYUmwJwur664j1cIO8yDeRM4nJlmSXRTREVNYz7ohFbYyQ1W0wOrl/7Ihp5uWuO0kGeM/jFDGi0REJzqNsj0Kd3qfOEYGTb6jsXmeCHa4ivw4PO/A69CrLLiZllUvAa7YF+MEPGYRPLPW99DOcLrQ8IRNghuiDD17/dNsGONjzOV6xYobhtP/pk8lpoZo+LskU65iWeD9WucK5AENmXXJxSVDJgxhWJjhNlzyNyChTxXwrEFwaQJ6+/gg1ekKL7BpYFLQSFbGSqckyayvDpg4nBp9vkl3IEQ/kCGPii+fj3TIej4LgypNCYC02oO8VDZaxrA+B4WHGIcmkSH/Ex3gyF//3UMI3q+UB+BVKaSotmb1iahCOBMmU2Bif2+mVNMuj9LK8Zdu4BsQdoTA95XA5NIEmjKjww7ElWCOeP1wdnl2fnNB9D2422zUgzqQPnVsj2s6TBe2zRQDp8wzY5ZsJksBGtuH59RmmQn7aQfzrjroF4096tCbyhUpmQBtUdjSiMXDKKBv4iTqn1SUzLkHYMRyyI7KaY6aQ7Ncd1RxDk8XkGmXTrQ5glzZMC2Ry0UySe4sByipknB8SJKMrbXokAAjAFiM8yfIvF08VlGRpvPmIywoAIHvyZEQLDsPcWIA5rEIAdr2BH40d8YvmxmB2b4AMj9GPqmdcmGa7bk44xIzN1aCgQ5mFBW1zREc3zxJbHhSkzbDqj4wyuRaNHAZEkbNd1hByV9Buehk9wnoHzUh+hpkutunagmvwfW8w2gRbiHGFX6kH9ClAhJZt6pIPzb3vpSNYIZ4/KFLQPgKFnyYq6CTw2YI1RseiYJA7H4Khg6Rz6VVhwoEC7fKGmgFjG9N6ZluX46RWHSuZN/mFcE4Njl/ILVAwmYMahy7EJD990KLZECvfAD5HDtYUBW+kwHswIDJXohtnAQqGDcvHALV7db3EEpFTFSsyO8vTeSUgnJQdA3oytdLXOQQJojwqZKtLdjeyTGsOdy0o8+YeGdzMUfuzqFnQ3CcBwISTEiXSzg8kopaceifBxxKbxM+Mrj7RNea4Urdh2v7BAoMR/swZl6p0BxDmt2V7rJjN+aaAOdNCTIHiYGgRzAs4Gmk7ZKcoIeYc9juWC2AO6jjPHh2FcGewpvVgfLWAJgrfOXjGpkKMXZ1f8srRhYsXdowd+vtkBsCJSxtahQmW5jB4oOiHI8KV7Rx0Ge6oiVCdcS8MX5V8jlE4/SQ2mBViWfECHvFkaQCZDrAVIyLyY6dg0jTda6ArOogTpSvsjwty0ZZGaLOhs2en2x557vrrz953cfOBj58cbWC9wu0cRc1GQaPpVCfS/3PvngH7b5MvYjUrq7Du6LG+e3OtxhNkm7HTI0FEswn+G+KKOBhALLNaV+/GzPYNEMxSmbvTgyupmhqsDFJkubSIaI5giyc4TeeGmU6Qb4mVSVT02MF7fDKh+tqXYk77gjufNkbIqEF5K6lAjmjKW2DZKpUO9C0iMBCna4PfXQLZexg5KWy6hgR6VliTytSJehg9kWlAK+lef4qp7dfROoss0KG1FFEsxR5FR2f4zzQzka7NbSrILDa14RqpnAzU/uvbu4lgO9NqDfcd0Ufu2q5W6zsfefZwPQFATwL22DoWNoztjqM6opFMv4lmTzBgN9zmRCKkK31pSKfXT3Qlz2FD75ITB1ffD5rp1qmu1N2LLC+jMUSvwxh2LhA75UAednc/Q2r9vXI/dgRn7a8Jg+sgbTDm7sNHd6NeuPjTghpAwOJscAxXNXMD6kIGLTcL0V/avGJquHHVWXsl9nIOEuyYPS8Ij6Hp8mzspyW5Kj1sKd+dyAuQasOiDQkNS0+w7t6uB2195c4+60zpRIycM1vGPvkUKMmKL3w5j0D8AHWojXXvomavZwucvZhs0NlNuRWXT8E8IpyQyrPN/7YaaqWxhjkWjNpxQ5SM3jv6hXOZD4D49m2DPz/n5BdV3TIsT0RY+NJIqLVyYSQ/zeEwAjt1TFGH07w+AT+cLUMZsclr1yX3ypXSatW9kCMLdqGUKKV+CTWBha6d9pUcL/8oDz9IcVSqdNWggXcltuAZK1W73tHY8ap4pnonhVi2D1VgHvb3B/50aFD6Wa2wVlavYnJvMxNMADdcvb72qtUffPDov3zw8gOXrrr6PFw66t+dmBCFnlbsIGNYeMkTzCdWqFsZeWsTNQMS3tOgfDVrfCbCMxE7C4C+pMc+3Raq6SRv3BHEGSSK0vmiAcmuh8ZkUTrppjx2fIW2zqJa2pcEROuZH3ZjLWMnQmiY0FeBJMlW6demuiFSarRkX5qkdMhUq+LobepgmU2cAPb9zB1cqMc2hhMpxdDrrLIg2V9NYmYZJVKzLx+xb83rL0TwD3Ci8VG6fGH9MSqnsGPGo2b9klcgqY4wVzhntwaYk7UGi1sLWGtdrU8R+sg0zAcJcTy91q+BcFUk2aDrgKL5rZ+24FtFXVifcrTBgBsZuERggru0FilDB9ESdjmowmCLG5NpaOiRBf9m/qCORfoqLF788KwmAkDZ/zJv4epz+HPvvvS+Dx1dvgRPfcy1585O0o2NMrHgRpFvflNtTcoHqpRmGN5JR1mRQCdzMvXdmLiU1T/aFzPPgI/VAGcYXEcGqA5FV0MZEoEbiEG6iza6K1NrGTT4rLKUHIgaxQ91JJ19LoANBuygLmrSeQh92zaHCiwIq8kh0/ye5FOe/7JfR/W6RzLgXOQgfLVXw/dFAhNsLzN681c+jeZ4sbskoaUJhwnGhE+CiXinnNqFeLakaHSxDER9KNVnRhRKV/nY89rEzUX11eghflN1dMjIigDLEhOIsvWvO1AMRl2GIDeC4SeibChQC8BxEmKPsKRNaYIseuaCBmyQpIWXQxWV/rcnCggAkwHNIynwRChAKCeYxM804fFDXwoNXWtPKBPgzIrvTuOWGb3AGpLYJR3BkjnpX94hAwOIDLdsaIfr2ir/LRz8CgQI09G0pWR0Hr5YpNWuZNvl8UVA8tCWYTwvy/W2BTSHHnfRExejGJaiD2WsN2EdIb2kAGJZhAZWxvHA+CJn4hmaAysWfJlLqSqBDGipl0HVYBtcZsfNQMbC7VsqoCgMimzdePXqlutWMNEH7jr56N1HZ9bde04yDptBMKGoCJKuM2JHVexmXELpPQfraAZwCMyMsvAYAaw36NjNAKLqHhk7qSEXQ9T8fqCYyMsLffESjWrKQpuXnsYHbCfa00gZiTzbdTRhKHfn89AHgKdDFjUNXzCouXClDyFT0/nkyEZyOVrkc3Y4Mr5zNYaKxf8Cb6MiorFMhDqRbsFWM5PGYQ5KyLhhh25E34ApTCppQMPqNvrPQEV3lc9ZWlRtvUYwj00QkUYhBEIipDF7ayRZEmuLQTbVlOmzl5DtEAKhCLajnQR7tKjLv9Zge1mKcUdYvEaPttXBDoxgJppn2sywmYGApgnf9tsPPnR5RfPxE247OHOA83beziL6HGWo2oRp5+qMuUyLZjy7NiKVKtm/au524XJg9/ISzIVwUH03BFoo1kvOO2ocvfpkbBiv61CVRI2w9rloGRaXLn4BIC2EImleOLGyLUS1uU37X8w8zUGePw1CdysYPAJbJLOJJ0QyiptjSIkAMoz9j2AG5WIuDQgScikAEQ8KrJhpMIr+xyKfRgzCWXLAIZ1Bx4tqQZflMo6VTjICiMHw9EamIhDHJB/cBh/UYjQNOO3w6E64hr60vNrYa2Onrt8j7bDGR+Jc6Cycim7mUqH23dhjq6zsOHxUayG3CTyFUeFeAdNR5hma7alLqvCCm8E4VA35cpguwaeFfgY9ESwb/iscY8SNKmYd5vgrmTNP8phGOQN2+q7BqGdhMghAojHyvEqupfSdtvAWEzwZq5kbO3ouyw2KHac6LNwUs/HQdljfHbO3Exu60CYAsdIS8XORBQp8U/1KPdpYmG1KCEZ2aIi3v8SJZ8cUonwiAiKdbOiOm888+/Hnzp1dv/9jl3/nDy4DwcGkRY7g9UgQIZL9LlytN2piHZV5W0qx8Y1YgUByC2sCDWWo5yiggVMDVBufBNTQncWyXed1kE51YTRMJxNOQs/A0dBLHYQym2MI0CDc2w/NlsJ2CbNW3IkUQgh69mHWBFsJVkjzzGghkvVLFsPEFuq5hj6ga6ZH50ieMiOdVxSMVRxCYO+sXDTkzTqhZjoMhbyRN+aauwleYA0eOmajmsSQWogn4hTP5G6klRNZU0cjzc4Cuo2zZE7b/hy+q/rEcsHjkU3d/QTlcKD/1Vb65iFnitH94w0+2wvhIKmmi9ez8sbioWh4UgUdNHNlXIRqTPuNwhBv540PHUYRRDD3/BPmGYjo5ITWK/jYPfNvv+fSpYdObrwWn/jow/WEx1tbGyxip+jHRXPTUadhZTSf0Q92yNFSmJ0Q8upYZfjXRKbTgpVbj1TodBj7sGdJOhRDFTfj+yIcdN1D1djBtNrhR4zoJdfv3HrJBGmx6ClyBlhGCJb2SK90tBAMr3nSFlc1UuCxNCtFb3abI1mqZtk5I2sKfJcyBS1MlQ6nwzJA53BH5Qw09S6tRsahgs3idH0xrls+YgqaG5g2RJW8eWkM3VGb8QaUGg9O0VlDd+ZWACGx6xgMwtdo7tbyU0GgeRZ8sOJH/Sn+5kHi5g2HicWJYxyiehtraOyRd898h1vcyVkKvV7C4S6i/z0dstE8Fe8KF8IdDp2zgoKgxP/wJQknCiT3KAcS0QSThOa9Db+Fw4FOR05B+jyr5amlbRRYcwe0cDTODrbeUCSayvW8eGSxKYxapM45CbRyogWbrrsg9Rhj9v1PS2DhJIoj3M51IVEBL6IidaWEZzFWWnyD/VGzx6h7dtt2ePUN6dmTtmNzhbCd6boL0/OeePbN7zx8/4ePfuM9Jy9+xvzYm+GhyzRNOLPKmD0lbEY4z3GRP6Kd49bZhKCgM6r7XFsfov6KLN/QsIc4GeaAwW7Y1JTQoNNCfUd4TsLBfHK2dw/y3g2yme6owCoSaAM3FiW+DZ2LRi4YK0u0GLfWt/pcCT/9ovYKmQn9n05RFcQDAHRxVi1DYPRR509HFi1lzjIlyDbKhl+Gwk6zMdg+6AL3EgdzZtlkt8DlIMwNq8a7DP2c90HzP9JoKeUf5q1q7B2tJKuwuoeS3LShuWDDLGdb7SRLGUEQRt9AddHQ7K8FiRWNYw0Kxl/dKAo2iGwBOiDsAAx4lgjnA8zYEoQY3MmVisl7GYKAqX0ZGMqMkJVVZhOx0m+BDs+sfuyt933gk2tYb5//tDOPvG4V7Ogo00Ozh61xr9XvypwkAMnRS+iiAYzWpGIb7WV0sKWgIZSy09csNbN0eX9WY7n1nGY0ssIgRBUURXqp8wpMfCpdeIpVbbPLDkSRqeGKDFWZZKTUhRaDNp5y39c2wOZr3EuAdiTk8nIm/95HO9JyaoqjiU6ZdpCf0KYI+z2Hy7wgxhVmflUo0LXkGrQnVVx2vauWRA4pPRkuAD1lKkILlR3rjVoPggirUuc4J8uqHXFzNHfBiUbbzJcgQP7BMbbn7B/F+tlwnYz6ePSy5GQSorkxTIHEqKkkWS+OjUzjgeHN7jgYB+c7DwoqIeflRyzVn8crqSFWP529BNFw5BAAXKvBgQ5TM5c7+u1xuPK2GxIhq0LRv7iyT53Dj+UprMbNCpag7B40t9hDNtMxribaJsHzZJuy/4BxXHLJSi23D3OsYnB1OqfquNP/uZapLQJMQNMEE8I805NuO/Psxx2cOcDffN/Rm9/x4AlMh4dARFNLUkSQjO/pP13AaCKeQvgIQJZMSYNMAEC/GzEyIyydMdxAlAkkSJIjCVyKyojJ68a8DIlicUSfG6E1J2Qx1jnH2HjgUfUnlz/c5RhDlfYvvppIwusOsEEaMLXZH5UBBL+32oQogpEVAeMjtZX1/olYu1JmQFjo44PA5pMCsokZ9eC4P1Rjh07zwZcpzxry1KMFXhGUDVs8KW6Sv8BcD//1q5ZU8nDSYVcwyIaPg/aYEUY0d0S+/awYcSggW0NbYM6gZL09oKeFNS9CHATAZkNXn8Pf/+jmJ3/x4uWT6dqrtq95wbVXnV/N87yaECdwAuaPENUJ9NKMQGWKl+NUGWLnEaKRHZkPq0neuBHqNgkZB4CHLp1v7usp7epJERxkYmpkwKY0Bu+y+Q42jjue7tAAQeRrR0vIy02LBybG7Nu9mpVgW/tF/42J/XFLoPuJhcO+ZAGsD0jSLMc4v9lTWoYZUEM0RmPHbvCYggnX05NKA3bVPPTVgbBaMtLcnZEkp6AaA1TbAHfnFWG+YD/tWCPn07oIA71uYPVfKlY+FcSykGCNLGlYo5JRVLk6QJCWYDJ428Xl3zHB9gtHRvXkDA2jLXo8CpC858OgKcV/gFpuFb1ezoTaNWr4UnRHL2FQNdaI38R4iL4MZqM+AWUF17Ydl6yiA2B7hPz9YmG4JV+wcoPm4q5HICCq6wLCE8QAKHcMLSEfTGwzKLJsSyYPcRXTscR6qEZ72bGJVEuZOYYdvmoYrrsctXKWsdRdF55QwbMOZEsRSJA2KgBG5JxNYHEKtbF2d5pos6FHXL/67Odd+K0/OPnQJ7ZvfvulOx95+NrnHdI8b2Z+2xMQIUzU3yvExZo27vAjgUyqTBuHSFyORCXRxKvcTd5gw5at/d96sjSWyLgAYVFzU0sWLTsBio6DpBdZUHrioUYx782Unh50QtuJjN8fq9aRXHMQ3gSRNS6vcGscfwgOIt3kpkUrsW6iOpk6dANmkODFTrQIQn+1CbKGEU9tswSSZfCHO5L1bk2MrTfWw1bd0fAG9Y+Q6u0STyrJO4uDQVbHZP6xdz0TLU9yK20aaFMgaSD3kjMI71ay/M1gdWoTOUYdxfQLo9oEkt7OqirT6EdxRoi5avGxDDPLmU4N+792aiwH5a0rKLPcFi4cdUSHh3h0gt/1U/d8+C7E6eS1L7r62Y+/sJpgu8VpcvwKltz6dwxMTO9TlACsLFba8IzY8QmuestLlkRivVvIHUUefEjg5sVe4BfGkezGhdhAWyIvwgwNeosmioChWk2KRGkAw0FpiBgXFmYskjm9t93jamGV56Cf/YBnuNLKNAI2eFvZYAgGrp90dmERdKCN/3DjQCaZWK7/NBiTkdsqqEpYWQJtDB9QE5ZmoOIIqZntuAfRGXGHeyW3hkkuCWzcS945GVFt4IJDDYRsFwooGJFHdnKGJ6U6+BDUXtd5Z6p6uXMx7Q/hPeqVwvj0DpbsFH2LOuykRfNKE3sz0P79T8/ylFQA64JVaTdt6MCYkfg+ZyyemSqy3XQal55bFoTlq4OjkHAtOFUmusRDWykfm/7MMAOvjvIGiSKmWDoWsqaEenfJySWMjMtgwCVxKX+Cn8qh0Gd7mN4RN3JFEWLIweQkJMahi+bD6lB9Ym/3F1YWfIG6qmW0v96gLxyjzFbcYWvUw4XS/I1XUx1siXeCww7GjvTdVtkS1zxM4QIQzO1kgu2Wnv+k81/44pPvf9MDH/rE9l+98f7zZ6572TMOTk7o6IRM2OtMeHeXZFON1MY6xM4nEtQ85pESjtRCLijkePkSH+OEznCOfMvc03gNyOlq9KjAjkEIMy0tsgEQhr4BO38lj0d6nvjHs8I7gDQlsDQjhzl9FLtjr82miDcjiXJf+3Q5NMO3Vk0uxYmytQMCmDsuEs4Q6BKWjiGGPU1dwRvLB8wqZphIlnfmH3aBZkhyDQZHbRi9FMd8to1B7loMxbxQx7HCvBtD6/Exum6taH2gId/tm4TkWzps99JgCirOePH/o/1GK3aum9eKtlINbOnIcUZYif3dkdR25NM8rfB4hn/6H+755Xed0Ly98/bpS19747UX1icn8zSx3UR+n66Wp7DvWZUa4lImZlDJtUjvI7Qp89J7a8hSUFn2YtDd11sUpK+SNmY6Y0v8Ds/qCC5pAQFEjJtO04JA2Nxr+5rhhu59lETFu8HlLQIJ17UkYZDNpV57fcdinTNVC60sBxYPE0E5U7x3UBSwK4HXRzb8BUD/HUGd5QyM+Sza7qgRR4bScshq09dtNgwBTKGUOp6DN1KHcGLjLiskMbA4zSGfGOApdum0Q2zHcm/osiRaJK65/7vuReKIWw8VKM+WHwMBzZvq495pnaCqgBeuu9CtirMtDlIr63CMaVG3SanL0pGCrjoKixc9CcVq8GLv6mD87VxhoIJfwx1mZLE0uJRPWeChndYRTPkB9uWqQ0ZTUFMPW0BpZNbrQQdFJw2gjCMJcJA/k7FT00Z1WZsujnhCY/Al590Q7SQ60cK/XpGDAND4bCFtjm/xhvSiKSnrTADzDBPCTHB4AG/4zKvuunfzE796/L5P0nf86H33X7zqNc85PHuIxyc0zzTDRDy4y4L44bCAkDYkbSm09zjMxptk7UGIsgEA+iPVHCkBV+pNuAoI6ppsTCXYaGnSRUD8x4VMHj0IEbN7/JV5rT8tcALACWBmjggfDCdrwuVIYIkApw7Skg/dEAGiJjrBR+g4aeIIekGBPGhvs0wgINeIJWFq+Wf/K2Dn1kamn2TvS3+Sr+EjHm0KDG88FHwC3xiYtvF3hYc9TjRCq2EDVMzPLgEdQLkbfMHC4WajnBd/FmyVkwHeG1xmiZGEiYeeDaptRbvdqNLCJqh20AprHYvIMQTTEycq+ZaTMpaCMuE1gA11RIhwEjWnCQEnwNX0sXu23/umB3/2rZdpohuvo//hS25+zC0H280MiJpeNV3tKxNIfGIUkiwm4tw9pdlDkT2BRW/ISYu6bzBNtazJHBKs9Nt7PgYrfBPozOYU1GFoR0nzG9YhFhyYBP0xW7DjLkW/1n8VZmvkxHfGIa0oj4YE78daj9zFVGNCvVPoFQOpRqnn/EqOeYpv4eBlKLCYQpY9H5NnYoGFaqf4Qcll06gPEn0hT3ElCc4/UDfwzgjHlQC9BSlsluFsm/pozcRK5FCfxMrbWERxUpYH7RvFfgNEgFVv2Q6wZSM7CrOadcfmUCHFlS4m2pe7cX4t8NFB7I9tnjf3XXDRJshYO1eByljLYry8nubw87S5WN8ow441NGGbYOOjdmKGIgLA5G2wEGJMA2mOvaAYe0UHsUuacoiS6H2oz/ydoTKKaKa4rN6NVj5hPFkpcnDzKz6rrFAOvBdDw4WEJ6JYFyaq7p0Hu560LPDZo2Mp28uHjQPyHJRmOs/d8nA7sl+zESJnrXVwUBlKJ2aCfWFGcWYN3M5wsMa7Htj80x/79JveBZvN+sx8+VWfceZLXnn1Yx6xWk0IgNtZ7DMS9Q+0MGpmeQx5QOLgGEz+CTDpDBotkPaCnKVz6kRKDYJdSbA/RlJNQihuCUVCg0M3XRSfILzFJY4VjH9VF4kwGWDMCbUX1LijpKOEDWiNtkBJ5ot445UA4d3Q5HwxZ3fx8IllhzQhAeBMc2zdP/6Jpr3yuD9/00N8nljxsETtDaUzzu0TozhjI5SwVbwIQPJpVE72aQvpqJUEg4KJAIUiRJgBgMSNWHutIXXtFlx4acnuJw1FYsEjD0eEHgj6RlKVV/EABnaI8nQ4HtOYZGYQKTeE6o40GaAoLRmTzh7ZQ+gZ0MPmGXEy6gFMw2hDIbI775NiJo10hzf5fjqb4GbH2AmNoJT3CIBIQOupv5zs/ovzb7zv5Pt/+v73fhjOrDfXnKdv+LKbX/rUg7YdaJpgwpSzuN3fjIEajjQT0ijlKrbpsmMSIw8S/FTaaQcuQKehfTDmBVdEIcszFEGOG73MFmBpcdjqrvFFhnC+UncfhPuley1DF0eX74IMyIK14+6DCfcEMJl2db9Z36WQoCTBJfyCnrmtJxk3T/XOmASCJ7WNK9EKxtAnF0ZInLmO0WYGa0VTyLdaFrb4hmWGJmdKaSux2RfwKYLBwBq/rrtnlRtor3shiTiYIy35ax8ZFLrhIcGh6EFixmvh1CYh9rahlENseAQ96ZgO8k9g0yxvmFs6zCY2th8l73YFyDH/BOCk2fwMvasU1OXtBj2n8J0Bg/wzGkRtUFiNcYixA9Vd+WcBmOsYblbQv5vOH2WBdYCgm5/oBT1Ww/wTUMpyHbdIlsNNZlmvLFj8lH92HRsde+efYMSsn4wT44eZfzbg8rM0DYEz+xj65dEF28hhco812CBIUBGUWots/poaeVZ3LraPFswEh2u87+Lmu954/7//1e3lS9Plhy7ecj195jPPv+ip5x/zqINrz+LhWTgzTTgBmVkwcZzmaBJAOk+EtpfzUsgElUZT4cZ73jezPKiXQcuegfXdaT6VIgmBbU5qn8rgsaxRs9Yx8ILhtHtE1MeYwFbLC/EzW1UVevwlamK6cP7g0LKY26/s2DXbOkjmAKulnRMbawLzT88/iYBmaN4Mps0EQLhqLwISIWRUenLHprTVH8LI1pHHe0o+ytJqmg01umYyHYiUEDrqtHV/4pHCZftDBNzfsRGRVSTTyUiP/oghhZV2Bmw5ZBF38+/VRUfuPizVrs1Qjg02hCIaMdQNpGmKRgL93dy9pW3r2Dp19cBLx3TpmO69d/u+T21+5tce+s+/e7zF1blz8Njbpq/7whuedceaZkKkCbsTNGhbhHkyOoqLO2/Ztu6z/lZejPknjOrlBtEMeZR/qiEwLr5dbMpZDpVcSVkMdVIy5pBMrKBkObYz/wyDLsUbu+7WwSe5LYVXECoARI1LxScH/AoCA7sMAzoUOHJG8Y+nendk4lfg44kV5iQAObOIhFg57IDZGC5FhQgA8zzL+UL+Ge+BbPEQQ2nsXxjV5p9q47jNNKEfq0yeIU3x/jK5Y3Y4ntmdf9pb2Z4LvOFIMYvpojvPs7DI6LPyrUQ+csd0dzUGGAhf0pzo8IRIk9lYIFl/LLo2/1TwIRHqZjZ67rC0DSW7McIxJCtWeYGuEAXBMjVWlDTqBFeoB5DHL7RerVGHSB7mEsPIsBJ5ekxYAi5YIcc/7e97px3CtqGzE6n6oKyosAeDFQXZqCgqK8q+EtEvBRMp3bMJOF19mhEonawslbjoIXiIapSRcckQMraWfBuvOPS4s0dYZZUgcdzjMBPMcx9qvYLtjD/61gd+4E0XP33x7OVL88nF7VXn5uuuPbnlOrztloPrrsLDFQLCjMDLMH3LAQDgxLmDYktm4c7gksvCVXVSvgEj36F0DII2mLRhMEYlLDzJEdxaouw1bQrh0TJpi18iMeaHokkg1IUvA8rlDRZXBdJXjlChqcnW2mH/Y9yu5QDHd6g6bmmaOKmwORMJyh03HaO/K4TI2GrzuVQApJ58tkCf64VzazEDbomQsGeYM0x4+WBz1wqP4cz12+k62K4IYAaatzATzAC8CQsQ9es1MBFPNcsSKckAQIJVfymS7Ctlimwey8CQ6076SjvdjCkGYWYRMNGITvlE0DJsM699CIsi2glkYbWCiAj8UTvzogW0Pqsjrx5PZE8UkcM1tlhclJpbSx7RCI7NUUB4Ua7biBA0NDiWAMVf74eNG7LOauwYtxbhms07CfsahtAktQYiRFgRHhF84tMnH//E9q67t/c/NJ9sVldftb76KnzW0y78mc+98KhrabMBAGgv+rbZoj3z9qbyC75lF7DST+VeYyNv8ZBCanAldgLId2mN3N2UJLgq85gu04M13ubJVtSsGKMOAYkDS94NPMcWfVOGDJ6HctgoBT0/pb+ds+AXdmaIRGTsLdjtnVFTsEY7Z9SlFIVIZpTnRMGT6Mg0zfzH6iKYSTCzYqIOCaTTeu/yRlMNYjvvVE7DyOWCYTcvHGZIwBxJ4N2FsXtZFCByAuAQZtLGEZcjykyWmVOAVFBiG1zMjvyEPC+eUxENvqWhqVxX2r2t44ttJFMPMkZdaQBAwJnLwikhQfP/4igKSP1PeoGNsKCCUMpoEV6lAH2hfoPWkYPb8eKwZamNZEcdWDSx6eAYJXlYFWid/jyR4/zTQFbCxI4bZ1BNhDuEQSMRHJtM9ZRFZaXFMD2uGZemOo5oKc35Z1anYFpKF1LiVGNrLFaZuHogRb02jVkECkbzMXmmYJeJX3hoYZX5Z0lOmZGGgKbANljMhF4QUTSIL9eYhbR55oneAiGs1/i7Hzz+sbfe95/fT5++eEhbOLq0vfjQCRHRdoMw0zyTplM9Z+fcc0JE4m+tAFCPLmWnH79F16Q/HSO3gceHDoaHNuYWdQoPe1BLYNrGfOouwcfs3FxdF4LuUuBsU5M1NviiwE6L+HrLgcC6IJI9yWQIwv4BEBlaY3GN+yTUI9DY3L1LG8W8tJmAbjd5U2K7yJoujBFeChglyfzL8HnBgIdSCMyX1pJ6ntDfxtUZPRPNWwKg7WY70+bM6tPrS+89mB+cLjzuBO6YN2cJpy0CzAgwzYgEq/YoJyIBzIA0tUdE0fJaRAXndnEL1JIWmtFRY4oILqIwlabWjYVB8k/iCQSAlrmLxEm8g7Kj1dkWMt07S5FVpjkYVVfJrHhS5CVQ0p2Y2+7AOHMSjPU+CPaXVSmEXnlR+DMAEsnTocTegZHhoRBE2WXsiaE6jyEP5nbKRFLZnjXTYd2nMlA9JZchuvFFmCacJlyvp2k1nVuvDg/g7OF0/Y2Hj7oRXv0ZV7/s6Qcwz8dbXE8qMv65JmMjozOvj2W3AqVn8R1HDs6OvVD0tzGJ/jSHri5wbMNhuU0YaydSmFno64TRIRLOYFalFrNEG8jxWBLiJ3eeEbOBPqM6Cply/tkjh+zQd+aatvUOuWit0P4YSQJ4GZC5DlfK/FMR8YGCtTkhkYAcgSOOpDHEOcvEjoIKRtUGIBYdO0gxBaOMXeLnMG6vCEwA1m/bBtbWJTGYzS2xnjsjroxhr43tehAypqDpm6jFvCzWRQLOsSNUcl4BVLEhY7+R0/7tdhvKCS0I6ebbR17eUhAx2VkQDUrhoouua4No02gxDRJKqTc1ECy1zBpJfYscT9q3QAA4FxJdZSxRWgUyU37Z+NFRRtUTrPa/hBwjHKOiFBPFntuyrpiI7n3B8zmI0SJzlJMVmnvg7E2BzUlaHwed8bPoufYDQhbYNUReiOb8zOBMMJZq9Ntil8cKk5IhjOyylVu5lV1LObRVpqJeaAcdT2swZzEFTVJhqbNIGUxgbk/9EQDBNMFqhfdcnP/T2+5/5+8dP/gQ3PfAyckGmmGmmbYIZHlOyItLiIiEkzrNnn8Krv1VkzY+J5sfdnxJ7inVFnF13M0i8jKVkVOJvcSqEvgnS1tzw4bkGb0VcalCByyZeA+wexzY0i+zxBnyz06yCEAzdCaBaIBm7iauUbhjMSLGFAVnRJTsxqdgengJI7vg3OjS9tg5pVagw2+oIgEQTj0VYT4TAc4zbbY0zzNtN9PBGi5/5MEP/eLl+z95850vvvqGZ2xODo9nOKFpJgSAGXGGCbGtqHZbOsGMk2Dach1CREGX+LpP+txUOduGFhTLWZe2Sfpb2ZE4iP0d8vI8J4dxi3Kbqj49nWfyjxUrNyUdLK+3Ewle6jldR512Qybzvp+TICQxKnFhiEtFPbRQIW1eV0XdIIxo+Yla4/Bmut3Veq7IpnRHs9ZKOgtg4njSQIOD9WmFE/SCwFXnDq47j0+488KrXnDhcTdOALDZ0rwlmHCaYMVhZLa0KXKpD1+T1b0VdgLJ2GGxvaNMSfqA+JqMXkLC9ooXMw4GO+sLhu7Mr8iRMTX9Co+nvEIFLl0SFa0vuZ8cngV2VEQPFusqxpYExplFtC/2sQ4xyUAru0UDqYmg0XXDaxERD0hZmqmseQg5pTHp5Ui0yvihjEby6OBFCDzDQ24pZQ6ZTdeAueHh1PPWm0acgX28AHMvslL96q4SC2AGT/CCFyy1DbnT9CaMx9/VCwBH0SZ7d1ponDsKfSoG5qJEgBjVVu+isdAmS2LT3v0VaQwR1j/Bg3OAMtLQ4oVUrah0wISnvQ1Vdy3ZjjwAGOTqlnLrwLSb8Q9DJUkjxtvpRl1G0nGNF9G9Sm6sEocFGWnDMJ5OG9mYOb429+6670XZ8GDB2f26IEmSBdsqOXHGYIRkZ0s1aDaseX5xUAcS4C728vatNJejpHd0RA3yQiMXaxLICX1pbioNJaKhqMNo0ptBmWcOg32bXYJUar3FEwDmmWY20TTTlgAQz6wQJzje0v2X6OiYtoQ0wzzTFvrcsDHt56xQMlzHlE0f+KDekFyVVVNQwCcUpEH37bn4yPh9xwYy+JjW/R80pwg97nXtRM3RDWqWWHsRIyLknkhRq8PwA/KtDfGSrxBDPOFJndz8i4NGERrA0SSYmNMAkV1TjJbAARZiY1JJEGibSIGICGeizQzzluhkc+7a829+y9v/w7/53ns+8Qdf9Mf/xBve8PrDg9XxZoZpgv6kKM0u45KyhiO322rSn+hPbHsXlAGAbG9NO2DUHzv3rTft94CcMU8C7Vepmat9I5li5cIgmZdeclN3om3Qd+Brfi5BhYv9kvx0QAMDAzbuXvbfIFqvUWDfd8BMANAcq3DSKTapbbbZzo6IsqV2gvUKr74wXbUGAKAZtkQIgAjNjk0I04RSCSq8j8TTeWCl+hRvKIAQaaTDQfPKRionqIBMT+1SgbU93O5QnqteXGS3NMptAjEKAusXKIIIO2kgYW9BmGey93a/B3GfQ3O15JGjvzZS5LpXAcOOCsLgKOFwhDn+/sLOsG3s4l3pfBmIH2Vn5gOeCZp3WCuYu9hnDRbVIXVsMF0SXoINwwX0lMcmD7Ppq9ADiW/W7OU2y0ISqvxLKWWwtYthcBypcAtL8HeWb2xxxERtCPz9z9h8PK5plT2KRS2bYnVWkQAYmG/X2cU9g2cXQxTRu7EVHifVBb77HDTIiduYKQdAAFpMgyGxRRAWPPVaunsFB1Uj1iptX5S6hx0nDbKGLeONIT9PQ+AuO2sFQfYkqt2uROGK/RawYF9J9xE3dh+lEC12CFFL+CLTTuSZizu1SN4SiiuEGTYzXDqeAWCa8NpDnM5JQpDykqWhh7cjRnuys/RBNRB0SGZ1MnF0DX4Q78UfAY41c87hOYD+hctxhHIj0zKHdmoyOUzV1+g/5ZyWcMtMiBublx4R9dVuOt6sL5yjX1lfPtpsLp1srr6wfvQtZw8P8ORkCwATcuWiAUIdxX9XJWInCJYX8/W9D/WGSw3sAMt42CtY3EzgdiAeRFuuohW/3WAexjFiDhq/olg6fgYc94dt+80E25kuHxMQ4gSrqSX5OPGW3TDgEkQX7sjlU7uG0puEdVFZrHDJwDLcRTSIHwwxJap934e35P4Yw8JQl94kXYkZV2AygrJe9H2EzKLDLZRs3D4qaOCevw4DWvc/jO+uhudGeywcOKvbGVclUSOErY3fJ/n0CO5INeWKvS5p22nCYJM6mZyIquH2cInOEmZMsrXWKykpXVCWIjUd71XOh1lk7r+H0rAzhB4nn0sha3VnDWYKi/u7rBIYE4BVBasB1zUVw3A0kupkyC8GOK6lvMj5VJV4ZorhpN+RlHZ7h+zf1Q7li0NmXPtEosHKbiGQRyXKzeWMISPNV3L2QH4UCm9SNVx1W3MDx6r9+vIPGaq1phMqpIyMNaZlScYSYbfOj6oGYVLLsuLOQ8q6C20YeQ8YeetiiMUtRQmOPenuMmXsKslVkQ/yPX+XPabZvJSLlAvr8CyNqqdarYsTV+HiHEmnyGSnQcD8co17EEUK3A4ywjS1BYRO0EwA8j5RGYOSPqjhcIiWTtF1tc9klC2K+CYeaXstd5zNX2lTjricdJTH7IH4MCtbjN3DiBxZ9l5xEGTijmi7BGqYstlPWGH1KjjsbPj7La2eRwA0z0TbmQC32+PtvJ1n2G5Ottt5M03b7YwTL2k3YFKqJkSQjdUFTRbxEsEh8xeOSlJHQLrGWu4FGcOq+yi02A+7nS2imXiYETQwhD1jvzLsypdoCUYc3IzO/CYiwPZub1Q+T91ltRaMqcYsRPKGMBY3DkXYY0LcIm3t9s6FsrAYtbAgBsmeoxjkvdIR03f0vj3R+h7T9cihzAeK0nZYgQITQzJ8ecBUF7wN5uVSWHiqgVv1bepx6Vfo8OtiAtAsfBWfylBDYQozIUAi/106Vy8wTNidraEXkqR3vLfBMErbaBwqE8mxgUTwHqoJfkLMoxOHuus4zG8Mk5L85LyjaQeJielqpDbOCgNHX+1NBzFotIGU23DiwxobspoPWkkkLTIhcsQoID/0bdyfAkxDKGoKTK+4UtEgJDSRWAfhAjwrmd6Wiso39Ye+P9FnJU5/Bq84Mo3LW3b/+eCQySQgWJ/Ob0i9yj2NqjDIszQBRxNIWFoWFz87LzrAaBSk6ondttq+pmDDqeCowNAiGVn5SVkuJTyRtx+7DfqRtu7bml/KGph7WMz3KuqIdGZ/UnVH/wRjTocEsZEY1WlkvGh4MpbHMrvLlv3hH87iY8INIb99Q5Dx3q7SvSzAqbK1hNnojvETWhDJZddxIZacGhZOV7qVehGBlvPCtXBbZGm+Qd2MGFyDTn9ppLHg8pKRqHv5yHblv/qB6e/pDzsD3gf934PG5aPCsAqDB433IdBEEO2UuHwxTe31yDDRdpo3MJ9MsEWYJ5ymCacJUCtPWcIkpNgDh/92/N/vGCrOqY4Yyutbn9iNawRj4/bYP122C0ftiu4+SMElVknOziMGJ8bc67kEOYvpbj7Klsv7m8qgzpE2iAs4rvPYO8qGSFYPgxUD2Ny7VXVtu3IiAgnlvCxGOnUSAqc37ZWb3msdrJjoSm1I/o7DvOXlAVYQFbqyxr2P4JnwrP0ivW72V6MpC1uuBlz7rTb7VKzrxvQlY7L/YWr9JVltbIsJ1FqT6RgMaPSxmmq/UNHeO58xpP0WyrlNuWKRD7dPwUj82vbysoXu4RGMuBKrMdorBg3Oc5m5eyQtCzUzzjxdEU4rZdWzNrEgUdvQyLJs/a0K6Cy2P4arNqvxoxSKZkfRRLpVg7iKRr5/MHzNlbTT1sMkSd57+aSX5IPUITa0ta6Ib7xom1lz4xPsXj8WhkgVINClXWyWZWnBuotw01ItF4NA5BS0mQCC8OnylN1ZksvSqSkc5i7lsU99QWhutasle22MqUGS3JNNIW1kjQ6OXod2r+7QiB/DKMgjtRSUL/oUtAkr+3rqLzINdcn/dgzF4f/ZedG4QHLaw4TSrRLDI5h78wnCFmEL85YtKmlxY+hhKt3/b8f/Uw7OCPdP2HZCRFdahv7MLC/Ay8uXnO0PyVP0JA3DDq0MyvfDrMobBxDy1aKMXoVho1J+A9oWKgH20puwnCg+XSJrBoREFSh5Zwm3HGXOzsd1H9bnpQ+gQRpK1djSkTHPnnpYH+egJwbl6bW0crYQ8YYuXOm27RLJERAgoHyiT3cmwnhog4QQmAPRjG4I3kKXdkjMlem1E9pyFRe0S/ZihK2tlJoUtBBEjW0WA0gbWlOgOpbw/7BjFd5HGdQwqoynAkiWtdv/dX5DY+L6mctK+jX5IoO26cDNr6FpshpktKzfcnmTCF6c/7WPmV2G3DAoB9dRE3IEfkdBhOC/f+jtyEKEHeWG2AiacYNsmG2pYxWtcn3JbHl1jjcDor5jUhQjYggogXbYfKfhO7hkqUmezg71d/rZxCCMQn1Lc7/vf2o+tuAa7By5XLZsnxI8hSyFEANQqFDhQ4BkKwub7tdmg1COam+OP/vQywTwCxnBKhyWjq0UIUN7cODu4kCqF8TS6aEX0cL6y+zEafKPxlB4VMa95rcEPjI8YXyogpg2fBwUOKzr59bG2LXwAGrEKBo3GEGgdLEOPBK0rMcL+FjgC6OMjn26RKE7DWR7LAApmZYb2Fm4Yve8THK6ixA3LLARpXmDsJn7xmIiIiDA9qmMOm4MUmTHylgFY3Nl5Ox5LE/WqTRln+O0ShealdcXlGsZzulkCcHmc1fGhCAGZH4hKFCOynojlxBE7+NsoouLwIdPozWiAGzkMkINVynxEZo0KrArQXGz2NI+ZsVwc07oU1Z0PgJjudyAkyaNgtkExtKgitl8hlwecdCB7xNaUsBRQMuO3s5USCRGwBwmfkMpmsfTEIpFl+EStOYZ9lUAUQ4hG0S/d0mbjcsWUsMLoPxCCwAUMpyTfAqcJE5BQ+wzNhEY3mGx6/AJMERR4LF0Ua3d9NhCEBY05Y9pksCyEUWmi8yvoY2iypiDyunrqDGcHncXa+OWmUMecgDfTlxY7lpZu1tgtayVk8M/3aZ0I4qXnLjMcBCsjx3D0tpOmXhEPK/E00vOU0K0J3GHrZiccRTKRScSmQYiHJO5FLCge1qjzCsLBo58VT435YohDiZRcH19zcMdLfQ77RHI9K/8DvXLIZCx0wXQgsJumnceezA5H0Fpl+sjO0CBmQKizJOF7qEeBkGKaMSWECXsiPYIuwqxvRu1R92T5q+PabAJg0KRC9QfwrbNPSxjtHKUNcAhYbNk2AAQgluh3kH+C2xGxCRW+TcKqUjRNUj/ftcchBhjPx/5OMQGo0vjfsITzDCZIjJ/yNyy/+04nNdw5oeYTchIiEWakYhmoi3XABkNTD7SegDlGXgOlDxxuAXN86hZII451vxUPCHMwuNHUQRsGA8R2Z1HMcNY/QeZKPm30osCiXo2/QUnS/YgyQrGcIvDCiiGG4Hr3g9XFtWPidb6uhsB+TIuGmVrmYIF2xRSnQr4FR+LOLVR7e+xdRdOEu32GWzgpDC+zJylSu4ImV2HjLgT1WG85D37ztqBBVdX6u2txeTT7VPNSIrV8+tNMaJbJC23kbgNgm67B+iGAEe80ud7+5bRwZQCD1u4z1MfVeJjhjasG0rmrgzft60acwCcQORQv8S+PjiuhoVt24bnBpMxwD0UulYkef9tlCgJ+l2Ay3zXtb7UOWTDWM4Q6XZB4qXnMslUKxCNrLLOKqeS6vx0kb5bxITSuthA3qrKOQHyIwd28RMWhNKTFFpiyKk6XfKJN/YuxWw3asIOb6ZrtP5mz6tyETOWbGiDAGHtVWmxJBpUZPvEzmQqlVldOKAy4O9a+cQgsZachmeL1GzoZhTSImEFMoQnjmSeNVuwtATZokNAC8ufVek0QKjVStpETPSdBHse2YFlbPW6N8UI0D7bTGZ7unOWxfsAlCybDMsKukiiw6brXHiK3iJmERc41ucaCxADUzNS20KuMH1V0o8uzr2bBGOqmjj4T9WDrMLbXMiVBjCMxwmksSPkJr1B1Q1yBOAeFegb8DHEi2xnbI1dRowMsjiicJjhEJO64IbJmA424VVj97F3RoclTirEnNUreT7nnYADCPdJn+xfOggKImDwtrSGqyjcGD6Kpm8c6UShcRztCo12GDqTTdZjsAwE2Ui9EjrssGR0fTZh6DiYV0Z9jIYwJCaTG0ObJN+nC6IGqAZ4gXsUQ17iiYZXIbD3ts8iGCMeSTNDh/DArgjpAyVssRBMpdTOgKRQ3pcVC56kuOXZ38d65/mKbotNjIYsPugK46LKVYw7nNM023HbhMs6T+ilqr6TFsYN2MQT7dnVAJFcqFwNk6kxwmMxh4HqYNB+EwDwheHrW/waF9hexoS0f70xxPY0smNp2H+XgWca0N6P8ZbXQNPSCrAMF4fyHTvbNZqCpqfZ5JZ2xi1o8djdMNJCvx1HnuVas/yyR91fDufI9L5Vb9ulFirpLoqJ/mUfBGwiJaREc9XBUdRYfXIDHzZVpzJnck7F4nkkyk8rBiqseGN88zypLAWg1RFdrJO+3abCN6/bR79Stcqq7h8D4Gd8Qy9/PpTkRTp0bXOAmhRKXIAG+1nhCm0cDrS4jJYhC9U+8AKItSgoBDqaRqgYaIFLlr6YNbmfdQRmW9tKxzLtZLVUTIOGu1Fm2Jqn2qSZkXbuk3OJXMoEGCzfAhxtUYcCgXFUdYmQfe5nwcZzTFcS+sTHeF6UYUlqkWwX/heJkLqOILoaCHksgj2XexzG7zzc/AhFAcvYhzuFRydO6fXInjiZdQO7SEJOxq/3cJiXFSk5iQqsIoH5LkfUDvE824sGVRRqSSuzwUL/XwZrR1erCm4o5LKE0Bisb/+NOUW0mGD42QFSvOhwbEapP+Rc4t38LhqY4OcKoiUyA2Jomm9DxTDSsUoqbFPOUE63e81aJxtxugwKAO3IpNcHWjkSHow/6oa1piIgkrCiFLld4ztq7XwZ6664ZeXzg1gjbNpeSXCdQO+4X3oZn1dkSw5mt6R/AMpEyCxFSzGJ90SFq9VT8vezoS54pUQtjmt/Pkye77B3go3xbTmEDkt8SdbVcKUSoR8czd8IqCFQWPDlGFLlocwYF3rucQyZH+ViAYU/tCNMpS6PtZ/mb5ZLkiAQbABsoS/FqyRteOwBdsuhj8AfhhB18w7ahPQpv4IolvVWRGPZksIy7LVtkMZJfAw1qIKJzeQS5ylmSJsNW71gC5hLRK4+EXZ/F2rLQQnjIepUhplkk3uPpMWhddCVHegfFCHdwqnPmQJ40+AXnTKl4RB35dJa+dxF9dq6fSxvqgqTvdgnLBGORqpK+RVVrBnIvwEA+7NZmXCybYsh0s74GGIFwTWyKqBdLYrnkUA1rORPcdhRFrrw3R20cbcy1c9hQf/HTE8wcFaquZVODiImrGVMHisuzEXSyswzCC0HhD3Q7tPP2FjAzdCF7xQA19mQAx0acAP91MvFVidHi3AcO1Op5iWpFdpBuuiwA1LJQrkVuxCBkGVnz3CvGS4noQ66lZNiCqLDkv7Wi+SkxqEiHtU4tW7Z8mM3+YiuEMEXdxzOrkScPFMX6jYLQTetSlFz49RSJpsh4wSAAPzEJxaz7UesbP5Ol00GETkwvnoudrHezVsIO1mdeIXaRzIyX7gVHb8LTvkqxRorA6HSNdbNhfDUrvhUPq5SuuQ9PF2sOYahLfiRJ9ry0r4nlvW0Y2hsTZg8FR4rA1GsHers2rif4RvDUM1Uq5KXp8VqgQDMJfURGjsaBzdROf3sZAWugvEX/QjeBXcvgmL0qjbusCFHdHmDlpC4tCN1ROySVHFyyb8I2jnsThcpnMRAKzpl10fb9DUmsQJOUlW0lujljR7cu/9h18WhLxglsZy1itzIZA1yIYcbMUXv5RF5m+4GOMQfK+Jwnc3RAvVVNPiHdQQxI9BHrDE1oPzmSGtjPeQdq0chCwPjtdHdNXBsTOJGqZUl+wp5yVGI6hlQqVA6iRTHBhmbO60hHsTWqTn1OIVlqO2pc2mLMy5dnoCtcC1HkTs+BiKuOJKXV83ZfJwTsLVpVZ7zYLvF+yF/SUncn45i/s9Ex8NaEKzdsxDah5aWZWZeIhzy2+jbmZAi4SH1tFk0WRpSgMyD7gzVAp6V9KvpR9aibKp42kXVnRUu3SeFofOQaiYGc+e/9ONjxuol1K1U5sUMQCU2elEeQ1AJLFKFdazwu6BtnOFkJuqr61L4fp/Z7PIWMiIazWpvJgWOtUQ+mudDAMCJ00+zObmpmyqTvJ4tHhIwTUn4lU5vFtzF+Bqm/l6HNApEk5ze32SsEgBYYyhiYsXHBCIuwS2i5xwDUcSGbWmSJsag4B0iFxVz5J1QgGrqa+PsrzZBsOauAGUVRIGRMikS5Ic0uBC1ue0R/CTL6YAIMGUSWy8GrmaeNPhyT1WwYOp4wA5SMfXM5yYxLSGDvpDM4u7ZUzkI+XJjOgqDSdlBF+ERF0z9EAkNVD7HCWU4DpMAx3iYXtdgm2fZEQTYRBIs6mxg0PYgecmZVStHRQQOBri0CEfPddWAOBw7mQaZUQqUTXeQgA4N+H+KYPXeVGO669KJQS+QpszRsoLYZBdjSGQZQhfBl2mx7Gh3+z+t8JP0qDgKvhlx2RU51EfMEwQBP+ka8yByjMe79+V5yEH80HoW141P1WutFddLTJ3JyILcFxmxyNpdlJiNbifE+jKzp99h1zVLAmYLwf8sjLaFk8RvNFmjtGdUOuFEgqlmI2HKPTA6xGTYdrvKGf66+TsDBJlBgNnkY0k1+nAuGpeozDfreBrmFFGIdf0cH0IIbBPbmU38cXAXR0hT5qr/KhL0DGePsnNQKAlufRQpZpr7tKsEFPffKuYkbNrbasRc26MEmbk7j77r34/SJTMNs/PYUWFIzftfF6e4e4qIBSyxBoRGCmf8LY0MbozfqdmZrUmSlRol160KHHvLQTVhT7cxMkb+0MijkLf9eOJna2cgPsDE528Rh0BLdV6b0uA4U/cCJno4zhhVPfc7loKGHkLGxuLRoz3u1/pXj2u0NGZv/XFhSqTCkjEcIOw8eQGqQCnMCwD0l97oTyh4zkCdd3DJZySM0PZTuxsJ0fCRG1ChNWCNt0OyImt0UFh7lBK4xaaaH/FJna02/8+j1BWh3f7CGyEnCD3zxAnaB0ExyqKGeFGFOBxNQTOF1zi5nL9EU15K7ZUoxilVz8XXOQyKd9VkLALR8HqvIRo8bF2LZl4dKvwNzRS6u7c5qnap4PRAeWnNJwXToSTC/0hkv7dlxMjdndH2CMzSMdCmvRDMyWcJbFDSaLekjV40qNkTozS7I9SlYx+OnT7IWRpwFzIyYuW+Hv4Q1cVl+qqIEzgz8IV1VsyFpNJGzslhubRtjE4OWkaVsgU4oU0sV6G1AXvtHs2gA5ILR+1nTUHSNea/0bslNbHUYWozRNzib4aziJlfYxPOTeRxj9GhJlEunPIYSY4iOhaG9XA89un5skQ/erEKVSnu2l9Ct4bmlj2dgQi9wpSHGp4bOtRsCgKdg2zRjFlqIIGCFhu3Y0yfn7JrFNaotRQUAWCaAjeaIqIX3BAlY2KFpHlad/F0Oa/ZXborhlvcFCWJ6YxaIlPaGzCwPRP8VDZzylbi3GaFixFigD3fxhA04ScIaetOnBsng0cvBMlaHP6to3N7t54gzWyvfFQJv4YCPkmAShNlKsljBV4E5KdtEGkEghlsSVLLW00s5WNCbW3TmRFfkM2e0lZMudeILR3/hORo0UAHgSIFhIobbtrtBl3UnwFbYQUV++z6TR2ELamcyqDRlsrmrbbWxHjlOeJCACAW5Dfkm4mSxrr+ZogKQbYuQAWIHZYrMZK9KUMLjRJYgOOhbKQNXIs2kN8fZAxSBypyO004TdgPnm0/Wzw6T4lU3Hlsv7Zss2ieL9KJq1VpULdy51rgD9ywJGcDa3goLd1oTblUEUy3bpFahGVs78ASWhz8GGjZLgRRuGhYL7I5INQ2I3uT8ZQ5qmTVL1ME0N7csUW3EQJR6AJd7K3V4pmqtucAOHjyO9ff94yqR3Zsn+A+OCzp1Sd6iH8EvfBTLJLDltxFKwxuQWxMy9TQA/WMZb1+Z5mmCj2X+EZefhoDF8o0uZuRUQWigxY+Wd/L6BZaTJyHsk3AONwsPU5KCfrLyTpSaFvJ2KavE1yNe+XVbv5DqRkCDGQ1zULh2ko4cVUAY4PysFEt+pC7lPYMqARuxc/JsPdugkS7lxFTHvr0MoQ9lDpmgDqsJdMxTT/Lh0bfrWRxW36rcFujdYZXHWRAw0vVklkocZe7xe6k5WOHNoKFV1vPfcYYCdlOQBj8MPkXxuw6qpA4yFNQpxqLBLceWp2hwBeblVxOwcYyvF6uYJlvjY4ayFk9HPXPk9o2CyB3JniGtbZU48l3Z4QxRhUEQ0DmAqMdaIxvOeNSxvTO43qwOTYqgwPTYS+sYow2PowAu+i1nLWB6ml1gwsAWjYTeTEwIGURcRiDRo31zhYGOUFyIVsVBIPwiA6GmIlvekfCgX+JLUPiBEcNT9ruisOpXXCvAm3UJLrtEsX4VhgMJ0U/+2p+NPPN4VVwpzVyCwq2y6lEm0tU3yMAgGmacFq1LBSnqZI1zVnjdC5b97GVC6pkjU9tut04CHYixrtjTnFEKxL1MVZPxscImVg2EVg2WOSMUYDtt2QWrSV2m2PQJaAILdKckys5szSkAUc4DQNrG3DYNmNxSVc8V/as5O4PHpLJyRZoX2N7GuHUmt3eB4nZDaXVAHmXmuzisbSLkZYTtJ0T4SNyZ52a4g/LOkOQFM+uzBqIZzvd8TBlLwzvQftFTl/i1I7j5BP2k6XTkbA3wN1Dc4ln7N73nY99p7xEycecp/YmNlQYDFFQEbLxWHfo/5K3i2sZh+eaLYb5gKUfpQdXOCKMg+sQeHMNoGMhcZqlOZROXfU3uhfXvy7m5eDENmP8yIwVQnNJBlv4SmXwaYtcWq3qnOh4itWWhUSTmZCJV8iiXbJXuLFkwHhJzSfPrmCzIyRS0hK5xoIMOF900eGsbha876LFUQb2LqT/MoO0LCdVOtNWJUTdiSw16Od/hB36NxQCOx69A5lbAmGhPJb57CYXMfTJfYWgomwph7Aulg/d7JA7r8yTzm2XRjcoi7DNRS18gSyFVpuu6I5phKAl2tdVCpX0fKQFKzNKQDtUlwWqnW0/g31VT4TICqxhUSiZQwpMO0CnjYKEnyxRAf/QoNintjDIwN1iA2p/Py4YDqlZ1pZCJuNUTyj4aSgEm190oXLBWKu0kbyzDSE9wudS/oZzV90WwqERBSSzY9lWbvpsTW39c8IJcfAUizgAYvNrKKoMmoirWGnlXYAf6KnHBuZ2bT9Lc+qTJVMa95iKOFmNKzEVqEYAy5IimfVheQzNOfQ+CKkAE8+5TXRFrRrt9h1+PCkRvTaeGkYg9hB9LOiV+6GE1wct/vQccpGCu0HAT7A7A4JWioJNMGLmKLYqbfsWqJch2cAlWUsoSyIt+rc46ckeWzH7O1d8nhAsMYnPVJzVpyuufric1VM3oYrw4gqbiXmMatuoVUkLsakfV87zepqhsVMRVynCT/t0tBmwEFRj8/tWOmvGqwlxBIruG32PqjWIIqzZyrJXCj/4xkvhpac3x5C2WmdPlgPLso0yxDAzDk1EVlSyN/d4kvlIZJmeCI37HyL5aP4KHHkvhstWPOWqOIUM8MPMlRnJIZyDbfMwFT83FgT0DCczF6xnCZisu4r58ZvZX5iPDMhQnsjJfXMdtGtIIcrNlMTpyQ47xIKyecMq4xh/at+BaEtrNO8ktr6VXiLBl0EA1oDSvLYONgVyMI2aQsUNjxXlud9R0cFiz2dQ0bIvssPAoNU2gnS5aLvCfwgkZDI5iuoAW0k1UtEcAEu0gLJUB/57ehSKmC3hRmJF5kCwdFGMZRaCKAqrhZCEWEA7S2Z4nM2yvQVq1ZJZDJJAkRv4ePFRhTGsDhX49kJcK9sAMwKQpC6QGJipPlUlL6FppcstZgA/3eckAF1HFbnxGo5mjHUE3OgdWBXSEyo2KcVvu5HpZnUkH8bZ24usFrIF1JDWonmzRScDsHj33XIKzQSmZEM3nRKPkptmhmTsN/nJrJJD9aU972wpKNZzxWF2Ed3YmMBh5dhnGvv4Aye01/oIc/CM1iPF13jQri1/9jUkC41aA7uYT+F97NpfTG8iynbmtmhehWKFvU+ZENctD+lPxjnsI8jRpx7RZIt8AMjrIQK3vaNxdoOJRHm3NkBsEw8pAUUl4zyh6AJZSiMJnmRRt+W5Z2wh8aocLqdncqP1UXRBJ128Xs2T0CvhHHZHi7sbcdg6WSLC9ESS/GxsDcEJ8dvvYjZSMqSYxoRJa4P9nTEWZmkJ40Rw36IBB28BhxpzFc8GtllQw/WhK+nyakqfyYJV/dH8yrlxKUtVqTReF4rUwiwGVxm7fOwZCYRGJcwmnSW4wFUbtnUrbwTPhrhF7FGZ+igG4MV+zIFofMsQt6K2KAEIOIxtOg48u0WGkqKdMBi3YO+fjvj+oYXnEmIwPTqGX7rHvYzrYOwd9xfCk1195dD02RQHw5bQPaSeuuHYY1yLNrGxswMtZYmkO2GsECz5G25QS2FErtLVRaJwELvsOEyApD9Kx9cjUXc32kpGlKRxHKhBcD5ANNYMpjzyOCwddS02HZQk1tk1S1+ICUbgIr/s1y+q+z4Z9D13T5/uvz3NkVEAAH5rKXG1WvVuCQEX25ghvPgQhDk1bO8WkYQ77f82BrDPSDB8/3zESI/KsO9KjV8C83ABIQ5Msd2aa8lcsN0UnF8N1p0LrCjrZrzw249ioJEYDYmvEIGfAJ0k2Rjig9FQpwuCE+YfGrbYcJP/NkODDQEb6+XAKBFdXilnB4w9Hx3iKuJGcLSoxjzEgL9ixy3/eiD7udLAA2R8vPyk6N+DyEwze85NR1emcfwIvaCHkm6MiPewsjG4O+DGFTOf9o7R7WBd9PlkGK8vjEucfo6RD94Wg8qRPpdbEDBm9R5qECs7VgyjS/GpwgLMfM2CCtH6gkPvUVzMCl3As8cWFZf7RKsEVSOAzO19hCdEp7u7mBDX47tXtCyDnir5LC1N8EjE8zI0S75eoxDSdW1vc2w/X0W8mo+QBI6OXCjk0XdE6vzXPt0eCxRegIdsJxoFFAK57onm+ysk34vr37JLlnzAaxGIsBiVNgz0F+sMa3IG4MLd0kcyOZ2Q7N1JtCVRRGbQ4q0YCT4wl/KOiBbfElD8JNnAmJoYoCMZK2HMXl1R5Ki6cVxdstLkAuRcbLNg5Twi5vNVMkZToOXVKu3gBwowkwVhkK5fKbEIPgVFKSim4giiSbEqfSMvz0H7kG+JQJMDU5QDnfAP3n9g5bD5y7iIyvhLKGCnb+TYiDgWpn63Z09dwvrrm9BGFeRXxTFxZnSga5NXfQFgmgyrxNHoNruOgfybRtC3rpsdtcaZSn6NQd76LHG1GKzogmWvYNFhR+tLwKoM+l3UoGgyuOVGWS22wqbrjaTWJhS2R7qJNg3pAykH9wxVC+DBISuz2tsJ2HyJW/ViKfUvp8B2VxXPphurHLQmJNrD8qcYwwkRAHEahzWWIu7FoFAbzDOfR5eCwGG2m1kDUGnsERZwfCMGxFIPpi+wkbeUOww8o4sG5HZI2okgfacOireMVlom9JQSBd575v23vGbYjVX2DrZxIIt56QyiLb8beaYwtFCNgHbei9GpXgyBzKWkSlFqvScU6zyKXU6VMWZFsCgFTJwxmueU5MRQRK8Y+6Y+0Ru9AMr6kVapJAVGrCXmpaAVFe0HcGBp76Lav2RgK1bY6yE6cspVhpRMrwtxjWZlDSHjlASs+gXGzHl2UinOetD+mKeHqkONbQt82E04T0Fit63K2PBSaTJVgBDPlAF/4ITrgsVmOkWhhcohIhybBUNxvbnUQlEzSARmhRz5O+EFTjkeY8k3kYtxuiGcqLRvgJ3fTmiBCITx7nSLwIKVrtP1ZofkE8pkpcw3LJ2LuatSBwDy9Wln9lx01ofga2790794o8DZqniFj7uVsziJdPc8XLy591GAz66Mr0v78VIV1UpPEZypqsaAcvkg87fG0x/iJHLSVVpQ/VtC2y/CsKj24arq5ghW9gS7+5jGu5EMWbeFXHUlcDxplmWB7XQKsd1xCKY+oQrCVEnx6GchNNivYG49uFL75foYJZ+mBZoPLBb92zCmgafBhJjLepQM1pCqEkqBooXYQ/GhfQ8eyCoyhDkdQBBzjLh7XRP7qr6gzFL8hyWaYsQs4nJWOeYBFGdz0suX0nHa63YgLJJMAkCEaaqZjia6MV2MnT+NSVSwPDRDtG9qSd7iNDD157Ic6sjDsewmTxuDhv6nwnEpttxPNBfzLg8BKaAXzaD8mxMEFW01X9XQQY+XsF0gb8mKJthu1/rexw7PaFWj5RgeYRqIa1sOwkqztDFENXG1+2y9e3hicpgxh82UXYlkSna0T+M+TjL8O5zg4t0dAuSbWYtuUsY2iIaUS86lplTdqmnonw3JfRLnlxW4ZHKqmQ5v9fsVkIFuLkZNlW5iF7Y9gpaFY5/GVYxbz9diP7hify7pzILmhqFzeOXEygQ2xtQMWbeUPraesYGuf3KizJUpBOxV3jTHAMCfnC5ki+Je0DgvoPWOMi0p3WGMAkO9hBGLCxRShkllAEGR+DPcvWKa4aKzqmJnzcNNFL9Syi0XpNypgZSImtRyHV6QFD6IkJEHZSMqLUpwdwfHjK6E+oKTrThqS5/ionS0143DAzMFYaw4m5Yo4qia9FaZnjWjYgalZstaRC5i3G+Fx2ssM/lbOJ3tWc2IlqODLLGW4a7A3MuNhWoQybNMppJpeNJBNj/F4iG+q1WeioeIuNGywS3utseh22hB1ccdbfFFtSn1TX4wLlZwflWNamBir2vKZc9Dr4bEwJ2dYTUs66m2qKRwKtm2amLsArdpGaY30DnZAxOJ1saw9Q7bK4iZWFZJycSF6NqEErC0QWpLvl1wnVE1A1ncw5BtKHdZiqOWWGSs2M/4sfT7BDx0siR2RJZ9928+fPTcsSRXAuBSaX+LQ0SY/PtXgp3kBiorgllSJVnLAXUC5EYx/APDDe3qzTKBuEPzGJ7DRQiv4jBb31Cw8p0j/nALI2zwUESLi+URZdsRSMnNpYYyHQZXTGRGpaB8Uf2O2ldoMmGauZkzE2dwtMPwzqOm+OrNlDPWCjmwY+TdUEvRf7BL3tZ5EjQtIbtMxzFegInmLpilMEOTwdw8KpwkzaWg1twR8beNjHEWuCGeUffqLNte4ucVKTqrorxuFdOGB3ZQMu9wCky2oNpfb4tsyxiHsCGRm91W2DY++lIueRmwg2UBU24n/tSEeMkpYTpCjIKD/uNj3dSxSNJk5ZZ/5ykPHUPYGe6G/AJy/CENzIzYUFl4W8b9C2y0iAUBXmBLcYzfomT1lC0SZy32b0KvlsZ03tpqcmd4ZwXYblwDzj+7SUFOAwzuXT7IP+QNaS5L1Kt7kI3OsH15HVFskOs4niE1wXbKWyfuqKEHRrlDLw3IW4s1fNR8DwEgG9ydNlEcQE1y2TJctyEMmcXJEBVBzah9akJRGwf4lZBhLDAytA/gYndzrUAMAOQlKM6bCNKy+XPMYbG2Ol/LHNl5hAhSXGyzmzYk0kgRuPjglEXfDWMU0iE/xtQLvqI25qgmBqIgUAlwmbWaIeI7tI2Dl/BEHGdGcSBwCMCvHmHvq7MtDBMPPFjXVmfsYiwWxbCNUCka8DlXcHxQAoT8ztQQ5lCEsOdiiJ1WNBfIwRY2mGBaWyVLBxKCA5HsVTSPE1dUx9SL/+WgyGXUzmHryHkTlgWp8qMxALC3kvK25Amy23XhEDRkOjozglcZ+jgejH9a6kzKYvuwhYnwTU3EQQPDeTc0orVltgkaBqlT4FsjDqP5fjWkWXZ89zqGfjciePYZQhwz2Hubj6kaOlzKlDFhuxjkSu6O01Y7EkbBN2/JxtEz8/ZH5dONyXAA3OuaAMh6Bj9KkLcsfiNPna9bX6hXKptqZMaqpDOP/a7xO/vleO2PyUL1fEnZyYlZ+Ti9wZn0uYAFmAVqVSplu4xUJoSULvvaJ0zKVBhoJSYZyd48kLwrJOZgKcYPxVi+jdooLxIhwNsZ7y1YoYBDIdJEADBNk7tlrVaV9C5HnjrRduLEELdfC+hmsFCEZ3bUgGQ00WAm0TcurQ1Vd6M/4qs6luzojh59KG+wc+4QnQUmrWr1fIRsNIag+2/TrEEtvaNx92q6Ywv7wmGrFD5SFAz0xE+YKyRkq13KFuoJotlJqBYcbRuDWYLEeeCIaFrWRY9q3d0H9zFbwNHHMgsI+48eJNTxfDCK73EqjR6DrbzsYs/k7at4y+rxzorAjqPyKGBMQ2N/jIb8mE1r4jQF3IqwojrbW1VxoEdLXRYNdaPBptQjJNuQUKsUt5WwNg2TWkk4Y6kgZ+U1Xa2QSU5RzvfTnR41K267JmGfaSpjKr98A+pfovg5sffDSS7gHsgQU7YXTnvrOy5IjfOFKjW6Tssu2GOP6KkLcuQmQbIR1bKI38gRRrtqsiaNDCRCOsXBXbhywQigyJtzaovmPcGuaClzzuowWgD2xOS8qXGwuPVpIVpMs2tlT4zjI9sHB/KGpaidxhGRR2Nny+oyDRvtgUm5ZF1aoSWPD7v8mpd5DLdSTrtbuhFUZU93RNLKNAKWJ73KSdzFK/by3hfk81NkLz7Kj6PYRUusKM11oMUjy0DBE1ACyf9M8feuI0fsXXJiPGbGL0RdkMzR1P5HTsyKpZorPVzoWNz2DOThHw4aKVrUkmgxtPKq2fzKcI+P3dFOSIuin4jN1x0mbw+T5uD5UFb7bKOygUesIFWKE0tZhBdESq/b1kF31Q6b5OoCBQBMk8coFAzYdHZPSlK9i4/qouvrFkO4WA0aQ+kYjWvBdoyMYzZnpW+Io0uVTgBW1dNR5ZV8aB5lPe2wRXNL4OTCiaiNhaBoWIakKpSk1oU/M2pGAPoKGYs9sTv0aOvn0ZpOZHOsXUFGsZQ6MaZi+dTwoTdHKRpBL9DoAhRnD/m58MLmhn2SVOx1JDObyA6gLg3uUSdKbpIvEswwA7SvGaUYkWFzPcyZBhGDiUNiZikGgeQeFlWZZV16A7uLzJWNzIvFHQUMFRD795hY/ccvoAcv4VGVJAvWdAcBeAMa+ma+AMnWuTOCr/p6BfbJ9HF465Tdk8PeGgbuOahxWrvoP7AU6e1ILwzrBLXpcQXHKiDnFmQ0nInkf4yVrZewek+ToLMpAPfGbLVdlYML1Xcyuo82dmdM+y1jfqR7zcBQzjNRS159SsIm2sAIa3e0HjDTpYMy0L4oUJS9SZSMiZYPZLMhUD6IaJKQbakm4RvRMjd0vm287r8SDc7aqFy5BxQl2DEbpRUfDhXkZ3TBdroN94qYz3l2szmYRbVYgqgIlyRzOeaPbYxHs2LpGpmoV8ho06HCsyvczx4qPk9hyF3C3wTPLW7yI/uXjfnqVMmX0miXac+ou29YvK0n/CzChvGcLcyoEmtMHXh5y3GmxYfYx0mjNqKzURlnvlQ3ILOyl9yEVQS1bN6dYSJHxlBu25W6PF+CUuW7S3wsDTTAB8SoGTsWJzqNlSNbaVDpiUoapvY+9YgfTXTWyQScLoYR+IMJFZWPyxnlo1uGuuXgJziUHjT59kS8y0/dpqx/apS1FK64scGF74VKO9naDW3xdqIkGNl2ZeCSe68Ec8d7eHmsHTKuNwe3xzn5wz8aI9p5tNYLo58KpV1cGhUdlvqdEgHYLUGxvXSp0aDydA/YaRQPlsLJGLjxmBwBy18/0r7H7upUwqq0niXY3bqCxrJSRTmebhZhj1nyD2zT/oKCO+ZdRMidhFfp7JN8LoxgQ7Rs/X1wJX/b9TwWCsfCWrp0G+BBC79sbuze0FNTNPyKWohLcoMIKWtB6sQXUXOSDq3fbw6PG7uYwQEJmYleHzodxJ5daURY0uIN0WndgBVR8iHmwmFd8rBFgOIfCXN9B+Nx3jUYKqCps+AxdAOmy1UQt0Q/hX/buTchBHk7vsmOHMNti9zFIjJwMRWhNWfykA4xrSsZg+OhRlnd1wotjd9BL/eKRt16gaWxlrUBy2A3ZvdysujCdnJjT07tZOlCgL50nDI+HBLLGcvQZPrj9PFF63bKrG+UOqZLZVGgny6jZD3lAjNDia0qdeWhI4y9zfho6nMAWQBMUwkVaRrFeYA7URuM2oFegelIIwwCsTTomlwNj2MsAvXoZbnL1MzidS4eOO6Eb7Ybu5qrjwHVfr16khj5zTEWyRguD0SSJ5/Ax465HoxevqWYGgsngQ/WsdnnKCrZksVc6Q/g0nvNsSvHY4erM4q0whzi74AwVsqPvEV+QclDRaSu8YewZQTW4JyV1tFikdfKckbMxJnUd9vZIHLpwHqB2sU6ZrohzVTA2lQBuznghVo0hU9uwE3yem85FzUmwf769jmCcUhmMQO38ihYyqNZFo2+NZeYUKPUipgVuTqTaeKAS269PbFoZ6ey405zDYHgRKS/5ke3PPBbynLyWSBS8VOQhMRh4WpdnR2LltX3oNFiduKrISoDlS+CTBGpxwprtgEZMn/RX4xM8Eedgnq+qrjZAJfa2o65TTPRPM8z0awIGVCeXaxTvNDd/aCX72UN6qsiyZeJYZHVAEhwyikIpnKk47GxBwjWc7kpocxbxWqP4EPseSssME31q1B6+dwUCCyQjIApK0dybF8D2zy3aUMrs53La03xpDFrXy83d+ies9k5Wn0JdQdxe2AFg+96YgIPChcctt2WzjrzU5sFCTGAwFjVNjx44MThXK61GfiWGvfDzz5KdlqujoLyyJEASkJntSPWhz27uZFChR4cLOaBIcQqkEzn2YdaLSzTCWunjR0eu7scFUNUPTR+0M6j1SIrSwWNXipI4Fgx4J+uO8Y9EcDTF2NC8R1iRsJFyQK8SCPjAz5mIB60dG0LEZoN0XLH+khwci4jtlHUTac7yKSNeH3YKSRbVDFcH8RUJYkay0HPaCS4cQPVxifNoF30VghLzFtHGxsQBd6BEwlgLEl3aIzGcW6ef3diyvbLk22aiRwzuOHD0BGuaBQAijT4VnWoZ5RcLa9GWEOqRB9g4BICbSAoLYa5mbhG+Ez8zMDoDWBYJ7Ql6GBWlxvvnrz8Vsl+OamxGKCgDAwkxdW9MdgfqkqoN70XDDjXPBHruTTPyetE4NnrONXwLwXsIEwYuVT1yBezfYcke1ByvvKpnsmEiJIvdROWXD6LPZlr3rHtOkwOxglsn9Wge8XRd5cmjomTi6RaW2wTEHR3RyGjw3YXUbZ9jPY4qjOrrzFPtt2RFaocOEZLrWPlXQbIo/1XNoeXWTSU84F9X2VGxozh5D4tSMaJiEe7SQAA8wzzTPN2nrczV1JVxWxG5oNgQbazopFoLXDOHg2JKF2gYov9mZlQBKP7OcHhEdQcAcyC8GAOdstt6uFS0D5yBd+5zo5gIpCRLA1OPsxM5rFcXOV6xQsZBRMM2PCuyvML5ap0IQ8YgpMiqWNs0nMUOvrCIdCKTCxg4tHKeMaWA6czTVNxXQLaoerqfGkvedmeqQuMumtdIVEqTMipYOi9T/L5MA9neXw2q+H0Qs8qFbFNpMaRQg6Df3CFY8KM2yX9O4LWEngAoLQaZLoFgtwoGYHRRY8PGcgIQFjmKy6ILZljM3DI8iDJISIAzD7xs8leZr60dI6+91vkqoJ3T7sIgWEsDUpNfrls1dXvW1PZg6Yq9XUqRrZvQNjSsxCkiclAdt9gXtHYBqEF5RRpGwhR6jiCtJxlScoUwatZOYWNEFGzI4whE9txaUYiOmn+W1DuaeoAiVvhOI7SxpyCZtzsIYjF6+zyM1G2TTgpUYkNSheVdI+gtjJWzaynjwAzIks4Gn3zycC4d2mjKFiETlqqZslJ4H9OPjNWccr6S0/IQpDuC1Kdk73sgCFAMJKvAdZoiEo+LIsC2qWVSKIeEZDMRKsh1p4YLSOyhrVGGaB6W0zK7kA82XheluO73UxTGOyc2GnsfAmHTekFpI2YqsYFFsGlOSMakN8AAQAASURBVHEazFcWKgPT8AeHM66g0pWBpUI076UrwRL5RVcjIF1eEIAz2HmmeabtPG+J5pmI5gGZtNsQQ3RMuVIQ4Vb4L/umgl5zss802S4hKrLzNyJ2ZIfL8Ei8rcgYAg8kHkcSSNCgzcLPnojBmHaq64UZJy4kOVBMY+0UI4xIrcAAPwWnCC3GKUSO4HN5Ig6Uks/mkErL3wHGOGaE5hKHcusQyoS4rpgLmYg+/fxjUP9AH3Uu7PaXsSKGTJe/jDAQ41GDfMQu/mT/2Cx6n/HotZEZTHoJX65kc+Qupj6Fi8yjh5KEjXaMqDj8YgS1xHEhvhg6cyZbEg8N/Uw1osQVZi1wOYWij5HqkfsbBeT7qFtos5wTCSanPsQq22iHA63xxIToqHq1B1jRkksLOfCadYBzeNiTVQxaxK4s4Xj1s9GPuihfeAALzQPpHo4N0M6AILRUNMxgkuUHoXc8aOdh0Vwh6lj6/piwkGXKQk6mLdoN7DwLpb0rcnzFx9zaSOlioEKtzcj4ZmvooCG/CoIxscxFM0FdUb05sOY1jB7xqcpOI38gQRIO3qndN4FU9QUxK5bh6PCNCGcZazBDuBYkMCSfQ0oCRJF9G0Aa/pTILFw3BEZVEqsGZjmiAZnnWe2yNfu6L8MGIgXV4SeYn0VcbpqSb9wZY8ZDBLvTi6FFjKyVaHYG83uhgD3lYEEmIIwG0yCiQQ59AIgE/QsmOr1WdPy4ZMqcFhOi/voQNQvmImSeh9CBz0P8AoMjoxGeerW4WRKcAU+YGPT9jgytufb5s69rsuui7ScbqIBz+9tlmGie5+28nYlonkliITd3nhbZ/R5ICxYhjGeld9ncjaw0lct9Ml+VcpXQ3F1GiUT+w1gmsUFWEEr0RsXJOBin3+QazUvOBNER2s7dyKDgpa67XfVR1oYPfZ+zefbFiuMDURQKmXvZyWbz634GgTHQLD4GfwDzWmNtk6t2qW7l0PPbB4yndCNGJyjuwEcmZcxAhoqhbNtHZhCVcj5xyl6EQDUH1EJ6XXBmKu3zkiEae7EqzoYuMVDMbqsKqGyfEPHm4bKVEPQKK+3J1JYJuCPTX4TqCA46Ikb+vVnG3LUTZJUnKnJJ9VPV6Bwq184reLH4yG/CP1ut3sAzEwMylToHNQHvRtG3F4Y7nHdRHS71vyJFBno2vKCsA2Fdc2y7jZs7YlRoSaBqPTOTwPPiDF4279y4YHhrPBljcGXJdD04VjJBaYcY+bsL4JdtR41R+ikyvtyxHH4wRBUH9EDI31qMGCBwbI/ocJT2RAz3Jtb5yJ39g7UKJ7sipAAHR3dPeZxuXlWFFpoUd2UUa9+Jr9g2YgLdNDfXvxNZjPsfTqsChZkZsGiHkIxs/NLIrV+vNMowAENV0tGo2iG8/+Cum/OyeoKIYsdPI3ULDE/2r3UooRRXyLxW0MJ0FrJCaB/w+Sjt8/4HVVu3UgxdYrI0bHjC2a2L+i15pgsH50BtqXOm7TzP2+08z1uaZxsgEYewuB/96i98NBYnBXGnmd3HuEUgO2PHZHBkrOFgNg0IYEuWLFuYkmrv1AoTdHpXtY+sLkTb0KPlHaP4NBggOdkR/Cv2XFXGATCYoHbDp5m0o/3icYVGIEopezSOS/pl8m0rc8DxdGR7edDy3HmYHt8r6TVqZ/GJx+JAmKQr9MocypjvlVLufdEZjRJoOLw6FMbBCrQxu5Gu0MCEtUUzd6lgSJ48aWQLYaE0UNK7ICpe82ItRsZdsr0DsMV5ldUvdN8ncRhCiJmoPd8Jbb/hqsioob7mYM+shAAAIOlLzQssTbJsYJtyWrPWdakGlLBYl2299tBtF/rnilRVWQkZgi0hNCj2J46F1aCqf2XHCL/FVO+DpW45sQTDQ+jPrY0ShlAMw7LOPT6sZspkBL2VKpdiiNjGFgYoHME/raoVlGLkUkynzS1Lmow7Cn+R3/PRbmsAVIliLiLm65ZAbVnhPLzrhmx/2O8246nS0UWRDOcb3lZrMsLgp2xkR50+kuIQu2c8BQAA2LdKkLttiGxAowj1OJ6IDKqQGAjg1n5BonxDqUEoFtUiKD+DghKKyzcQbbE5SV093eD7tgbUOYNWCDq2YSKA+WiARLvkCRNb0crPxEXQYMoCYsS3IFkVqzujLMi18TBKs2n7ChrOsBg8GaxhAukkLTyzh4RAMJsPSxNR23u7ned5nldAbVcKEeDUuY0Idsmovx+rW/pu5CzpoG/SZfzZTHUbOHBPSa26HCxLbBS/cbTkjJ4MYbQCwWuHcFV0NDw5lsSGoZrn3r3TqVDTXto9ScjIfMXo1g7RVSs6+gxqYawcxPd5jNHX0oqTHc7OrwszfMcSTl3W4CVbDifS5mRBL36LSQOSDtOv6luKFP92YmCoCJX7jBIT4uvomKAmIM5fGPx5dFQ35J8X7c9ve19Qmyk/cHaXQqaQ5vAf+1Ynb6zvpbwFDDNiWSDJRE3Rq1VoKC2jLWDB4Bhj5QBKFCcGxLNIRYJ8rZEoSLUEbE5CQ9Tkt1voLW85LVFeHRgvzxxr/UR5rTAHw0sQpQKsAazy4dIhjqxx7h56LIiNemdv7paSQLHbMsVmpN59nHyBl5bggkleI2TDCRNXA1h9ZjMFGh+mg6D5a9H09P4hbiWxJd/MCYAgYXoWohnhY73gkJ1fOPLdAHlnxpVHVM6GKbdP0ovftc28TjGGLgW1mDng3p4KJzE0AF7jHkQ2gd4l1oUcINz1zUaHEzR/paOdHv4RrKzw+GCIJyAb3KSxIcaiZFxCeGQo3GuNC8FPcdECRQhjpNKwEKrNLWvSWmSrSzoYRSVmSpaEnfhbHgLUWlbyoYrubWhuyOtZlZoqlJh9B0r2qrWzanZ34+kmnfiNFwuSb+1PcJOQJrHE03M1vxtqhKYMQC1gEeMMXuOyLmdNaT+iafVhYrgLViaN867dQgrodVCPADLaRuMGUBfFTzS+HloZJP92SSskql2Yhdr2+tvm6qiVOmgmmgiRm02dYWlCh84QcnyA/e2mzUkHaocymV69FkS0dGqjZLUWlWamYGD3DNUh8Cpj2WBUMTWwHRc0scTf5sA6okBbtLFdu2zH8aAu6fJhploh83OI8B5EOX2IqWah0TJNiGgtsX8Qo2as9YkoHytuVAogb97L1MjpQLpIvrpd9myJriVzIWmPYuwiTb3YqkA0A0C13cKgZ2EuTJiLGax2LM5yObJkgAso7XMokP2iFKsgJWJ1ncX7XAjaJKm11hadxIRRA0LWWocQyHkoM65CNudiYK0u05j/kWofUReo2vahbwJeMNm4WrQIVM53ecRRg2IH1H7HKF4atZa5qrXKmuUq86/CXUJ+D3nIYE2Uzl1VOMC9siwX+IPlclz06SiF/Jt8Rz5z3XMBYHw3H0JbULnsD8q+Mboy98DKVmrgyfZggXm0jLsfGsPosIP8fRSyeVyPWxGe2p8iNXU+YIMVjJsZAhz0cKhquXA9xZ9LdBWHtx0o073AUjMADDicHKTrAoP4fug3WYmtxFJgRRLmHTD5duORUXPBNEcetLC4ZPEMQPYv9yw4aVqcFGkH1aQvuP99Rg93MzF4GhpH4PtfHMp0rcvZGI6hc5NBhDrwtSF1QcmpaockroMpyLHGAOEgfgZP5AEbPO+oTBS+/yx0Ino/4T4L0NyETV90FOei56QudBaciTkFwlVhLovxXvJccyPOcnZkS6B8x2CcfU4jvrjfXcDPzfvDiI1CogvJURIoK9zbLJbAxjajxi5SDM0QUYJdP935QD7yjZi1AmQo1tSgb2xyp1Mz2VZtXPcUnCwcSrUIcKiSMKrcOsKmNCH752C9F0YPyvtkdGgb8uVazIh3he8YtMQ0lWBnh8tMOxVzpxSV8IEfwx5NnQu0PJwwYhEbG9LQ1lxs8NxAjemKyLN9GBv50H8MlqF1EMASWOFfAnZBVLi1qA2FIA0GRS8MMlw4aCxgFsMy5LA4LQTkESAlpTNXiunANDx7zZi/EIW2QUjMSRGh+SYBaYD2/U+5EMQIcbjzqWm75OtN0sPg0lJQiSpSnMbuALUhi/4sJaLAESr5LpkSJ2EaA4X315s25LjSio4TTGDmoDWwcAn43UKtfBJGNJRAkOxdiahwOHAj8EEjJGmTk+p2xRrccYBuE3VVJ3Sr7/16Ne0m4OChZRLlMfoUk4GXB9eGeLuPBP5VIp3FAFFXYjtRiEI78UPeSjUPSuyxUDDxEg4mb3dUexQCkwXJoUP1U5znnXxjS6kvFrhgtGgwKOyRqYgPvanvoNBCNONNRP4pYkZVydnOkQzkHS1ZwYDArsGgpc0Z6Ve8zb8B5M2gPY7qZqHInK0MGkwWtC90NlggdynrqUVjb/TQMLwcjiTWTfE8kXklj39zBoz41mGSXeRwGQuPYI288bhAbcVTIuf2Cn6aJFckohloMqu2fUEVTL2WoC+5gF+GUlnSiMhZLucl9PNuYLAt6M3yZpoWEbMVaSIKwaigmIJUBt6a2b0M7B93bWUUi1fanHzuJj1JkEtB7YdSlPguWKiMdolJNDgGtF7xPj3aB+Ow5PV+ZOS2HAjKeYm/MQlFMmglFaIjEv85EJ1H9UomFnDksWk7XA615XYM900jQUH+QSNOxTMaQ+9mp1Hv+g7IuxSKqGxklrslt9aMw24q53EQz+SQo8KwozQIZuvpplSCKQix8H1nUJVwAEdR38Io0X76sYTRwGrR+gh6Ud1MCqA6FeTKtrMiave4WrpAe4gvayjleA+s70x8sNGaw9YwYWTKwmxF0sJAnhs1V7mZ9ShKeITYh6Dg0yuBjD69zGj4HiPgHrxyGFfeANmyufhWgpviE+OWYnktlj5p1IaffDsRph2q8nAPMQ1X1HunJl8Z0HilNMcArJPtLBjf3QerY1XOMcq8D8TAgTKMMA6pQqPqkKFh2WAwLpkTt7Q7eJKkIHY/S9pux5PFuBkSH2y+qnBybLfHsa84MkREfv4zI8TImDjb1FLGwZ+MMBIhk9dFfEKDbnAHROzMKIC75xYLkEdgl5FpPd35QHjzMYybLOxlEKkNUXJAu+TYoVTp4E4kpcWOBovtF3SnuKHe1hbk9uFWEQ3b0UdkBuWY53me5+12u91st9u5vRh8Wk3TNAEi4jThCgBpprm1bVE20dxiXIK+yCK4W7KKwXVZtV0oGu16VHuUjS9M28jA7uxYdl++tSMXrRBYHJv7Gqdpr+xwnXtrMcBgOnqqhLZNcARx0vfWIA3Wd/UqYuL9xyrZjQnswzgK61pCJgLY8UXBArhJmiK8agwOrfaSMqmPlEpH1cXR0GXyqaOk41RqNQISWvTuA5jhugO4c1L2CJAC+ZjVMzi2oZlOoWnvDoG4oINWlUoO5niviy7yy6sro9rFIAQ2g0IDmtGtqaedfEuBcU1F6Bow2GNqcGyBh5nnaPQYfFYAd2VGiLvHGiG8bikxBcmwxTb1zZ5Xu0K3MjKmpGNojEiQvFCfyPVvW23Ng5YHlwwxzGK3X5x+aDU0KYNxw+pB27N8qE+kdGvmUmVfHXEwA5a+hldWtkKQutNEol/M1OqggbwMM7NYy1eJ/zGj81jlylO0rdwUTIUe/YJbEKpY2OOL4lfE7lAlSzJoYZ6qIq1jnadrRDiAPvNZc5hfnmTBOhlg5CktR9Qhji/XOYa3Vz3w0kPEBwHSh+aSWW64DJdMbV3Tg3ERxoLyWv+Bfu6KLswphRpKcRUfSFv7loO+jkY+U0wCcDS7DHhmozFk0hw3ELGSHzCSYC8JwOx/CisXhEqwlddaBLCg9Uip16CHSEkIpWKqdlDHMeq5dxnRygkREdBmO9M8zzRvtzMCzrRlB47TtGojtwQVZ6SJV9twmmCiqXxnEpeDDX88kvG9CBQSzhQBFLauKK/EiQAj/CoSA8aAyQo85l6Kqe/vwEoGZLKs0jXUR2lqJi2QAExG+VgKAfWc3mMQQpE8rlitYjgjomBSfZ0/nw+huYheg0i24fDv/pdDAvHxNvbNwjQqJ6mR6XPl51HXLkHf7oP8y1ZNoM9UYUaqo7TYFisXgqO+Ma6gxT3wZeXWr674wVyEFHDjfwkostrAjzZNjA9LPDloycWYNgokxagFf8Sojs1XNqpysYQsDUIb9CsHyH+9QnNj0yVFKzH+MdcIrEbIpAKSkTfqs9F2RDIoo2Xtik7EYPYVfP9pIv/MPePm1NVWTUN0XfI/dHJWXrhqcpBg2kpdUkdsA5KEg07ZALHSF0c3HSQ2BbElHOFITECq6JE1yNhq2T9qHIn1TZkhzbVDmivt7l96suZbhbmS1xk1bPLrNwpBNyjuc8R2nk11FypwYDbV7YsAd4QixlwcE5JovVqh7Wj9WlYwxWpAYMnSkOnJuAtxJBiJDEawpL1wk91CDKs4WQDQ73m+gmPJ+o/aV42UHHBpQI4P7HnhjB2sGk4YdIkBhpvDZqQbSyJW3hCURgSK8Kw+wow7fOqN90H1oDkvRLTfpBVQmDoj51rGRi4qu29j5jTZIq+zCjyFGjAWKtUyUOEvsLJmxKdcAbhYjzxi7XUyCafpZdHQ80AEue3lUEVRxPGEel+iIFXOc5uIxF92g/oRlJw9jx4QqALiejXNiBNM6xUAIMGMiBfOn58ODnBaHZ49tz6zXk0IQIQIiBNLoGHPbj3xEVuOE+pwc7cpcKTFV5FlYR4jGg2mGZQnQvhv7XmQDSHTtPfTWofdwTeFY9kSOXnmMHChvaGrvMz2h6HbUXLPQJg1X9nhRswTJeAhuFvLYtZNFC7QTrocwJ8mCKPvUcqxKwoLlsTmck0A5uiGBG3Xy5OULB5f0ggpvZgwugyiydnXLsPJNPEcmfwWPLYOPZPbKG7V27l3HmUKmtssXFwuB+x1jEMgyR/K0Lg3k/b2X+Wjfl2WTEXG3O9DjPhgM9KEYLxge2V07eQmH+M6LvE8WwMfSEn9Jbx4uUbVt3FYmWzCPqs4Qlu8BogRzsMBDMlLAPtwFQmluQ7WWPtdkXzuoxprbgcA8jCG6c9FEFuNq/m361iKtm3MtwhhyVzmsZiwK8ByAQ92VD7x6Qa1F1JtvaFAO6TZVYCY8UITNQ5S39hefu4UBbW5CWDJcYt/wAp2yUitfgOeB2cQfgan5dyiTFKKOSTAUks6SOMtmbVw7lExUeFI6W5JprBiVGoqo0Cwk66eRNZ8Ehglq2LpHs/sZfxB+RENvcUQzTKvnTKbXBfQAvJJjCSCVFnq/ZPEWvuek9uFdxIyaFX+ke8xKGlAn5gcaQCoiweYugi0nRNk5kIEUVLQLPPKQ6NBMllZeRGA8g1EjqoTZNIrSlErtBP7GYzAmlFtxzzTer2+61N3feLjn5oBgGhL8wQTzdtrr7vu45+8G+b53PmzH//kp37tbW9fTTgDTjitpv69ikc98tZHPOJm8eOl/Mss6CO7To8QdUbKNCcrVC3MtpbR/cXAduYcla9HhpkhHEIxPcvYo9GV3oDnJY2442BNQcSWM9m1ktoZEYDIkv0bUMUKB25pe5A+7qQmwSeWC1FJlXm2c52poe9w7UfhRPQvYFQG5bcxR8IisZKk/QuH4goRCCnZM6yI3mScVFgtNnLmtLqpRzBNtWFZZCAKeoYvhqaIrQkUArYjnXJwdmeeLBYjpxnahosjr7qXkxUDzmy010f93bRWTtl6PeMuEYBE0dCAWog5B1h7QXEhmkcVnLyFaoJ8DAKFCfvF9rXPYmamGyqizWvbiXa8Sr0iPqUVHsRFYCSqjJ1iGJzQoNSmC0yliXyfwrkHWMt2qSOjeA9zgSlIflu46AOWT5GT3s805EOGrO0ao7K/EI/Sywwhr4qcdqzKbw9apmngORAItIBqw8wGxPuMW1q90VcoLOEjw3o6a+ItQsAqw5eaQmkCwAYFDQ5fHB1idGwbMvWq3CFglfncJgm8gg09EMaKhmaMY1EHzyKn5H6OBJkAoRO492bF0PLh62AA3rovuNJgKOfahM38y3TJj4WxlAwD9wJF7si/yN10gZ5FyQYk1ojlcV1UYdFML1cYILWEe25DBJC+1lP0TRPqjDqRhOTjQzNrhXjK9GNkECxxI4/uuoQVV04+t9vt4eGZX/ylX/8n//Q7P3X3vWcOz9KKJsAZAGE62WwAkYDmmTabYzjZ4GrCCdar1TzPCPAX/tzXfMHnf/ZmewI4raZp8kOr6Jr4YalcMIxEiwnfabHByT7DlKwX9Inx2J3DYr5b1yWE3VnUdUDTMc5LMNncJszaUERCmCJY2mhyZJUcvf5NPAJZiKhKAtmKDi1qxT6XCEmWZW5B9lCSGzQhMWSO3Gh+99Uwd/KCWtLiYpIkOWV4sCTr0tiCsXFi2Lq/d5KgwIU6JtJRUm3wqw1mf8eY46mZJiCSiHa8qmFo6crMAqxJ4OLslEGF3MKxs0jk6KDWrAiSaDeKLxyomf8VBwBLh3HWQ2ncCcNnUDrXPO/BKEVCjAMTDFCSMQvZYAbesIUIU/E3DrFguMHQyoZTioFGl9OxHB/mMG8EfyHsNI3KGFoBjqdP0k+/MWPBsbJnN+8fGo5+uuOKxW4ErcgzRwDLy6d5xAhw6S3PATGHSdmJmgkcAzyldV4ow5RcWq49wC6zNaBpCbcAPDey7Qv4e/PfjTJi45i96E9KltYAFxuU3Zenyc4RnirLGiKRS0U7IpgrO8aBojO7NGpJ2F+5TW7jBVaCt6BCBWJg3hKTpHIBnv9SysBM4/hXmtv8Y1m4F8g81UvOFKA6Su/UF1GgZDhorPj7YmLKUAt2zKNSW4hpNW02m+c+55nPfPYzLm2391+8ePno5OLlo5Ojk+Pj42ma1qv1alohwmpaw3q92c5Hx5vLR8d3333vM57+zGc/65kNl2lfz9QCj70CzX2OlkhXohVkX2JcWJRnK7HVqQWn/2K8ALukszokDi+wKRHwwSWGi677gsQVmlVBKCsy7hwDz2kp+bRwH2a0NKTN3JAanz0WBq6EkNzp8vQMgeRG5i+5a2Sa9FTvVEdwf17wK24URysOaLdwAiCfekBt7yEs82kXUaV921FrWzxy3LZnx4yZgfGHEu9b4Mu3r8i4BKXbb+QgijGPPc1x5V7v4QVXMnSID+XYp+Jg1T24dAFSDJluLYvKw5GjdcOSDBRNZt0YUZ93pjdSVGuVHrkecnrbResZFVm2SucgEACqsQ7qjWy5lgd1VySlsYIr9b49+F2705iyetVi+FUBPh7CfHtS2jUhvJwIRxeABFk9JghlJC5q7qRfZSOEJwAQ3nES4Jmpz+VYrfZxT1sqKxd20ImuBuPgWRfRtgzJNTaWB0sveLZbnpfAPUviHJWl6FzEMqhiljQDtuiepSW4yc6rcYFNxNV2dDSa0gC63Z5NNnQUMZTO5rQrqG3aeOCYUEilkQppw701OPFyzNJKpLpYRgzCakS3j7C0foKMUpd4pQwMyPeWDn+LrVnHja8AMSxE8B+CkhC7sdbaWp2jZksbAqQfZWnoolFqZpRYSiFUNDW6hh1Kl6XIHQgIE8B2u71w/uznf+5n/+57fv+DH/7YubNn53lGRASECWmeEWg1TSvE1QTzNCHi8ebklkfc8nmf86o7Hv3IzWaDOFnJMkUT9N/OEk7WsxbODaXyUhvIzTxYvmuYQDq1naNh/bvh2WaXGF+/c5w4vwI7ZeDOGGc0QqWoAVF//MbuRta8VakOAKVpNODCCxgc7P29tcb+hyAvfco/9cohFz6cFzDniLaA6Sc/eGSAdrNpdGesm9ZAoBgUa0spLuPsf/Sgk3XN2kJGA908E6AKEpqOO2LXHITU2DarwAaqGxfL8SoksyIRgzGl0fsRzwXPDfKK2fFiGWItt1aSPSbxw42W3sAa2fm5wK5RABBu5ZAjNO5MqCLAMm4U2RWPXMYPtQ52PhSJvUxMZAXiyDZ3z8hMtl5MDEkcpYpXNUa1canHhOw7X/iSSgUY4WHHRn6kEOTY7bgIfZmUxO/6OFN6geG5wK6lZI/pthShNKvCyIBAgCMQyGDugGdtIn3EN5t361GUS1XIZ7wMAYEzT4H29rUzxAn81Gr7aBfIFaPMqDmxCYdkhgtHbOPYrQNR2ixBFGOF/nnOUqZ3Gf2OhviJ1KE0K21UezjpTkdmV8mgnUwrMK962ZlaAsEuJMYU6KpQe/rMzGeyoMpZqKKTwGeqOEqp10J8Y5rEelIBdicczxwL3LcSqxEBBmEYdSzvmnYGaYJQIzc23bUdIRDs4OhAPztZzYn6e1+4vSxLooONQChaBzLJPNceZroC/rY3IxJ+LM6j2FWmI94fWDC1x+OjBYWhFfsqJ4AKzDAtfEkGw5lxRlCElS1rCUqDTf2QJxAdKEYaoz4KCAFnwhp0UiQ1A2O6HexB8hmOfAuZZYh4dHT8tKc84cXPf+7BNB0fHU8TAsAM1L6zMreHldoXWmjGCS9fOnr+857zjKc9uV1G5KmJrqdRvyj7ae8GReGNdz0HgNN5ivIWNYN/ixAJj0VHfERUObooQkxeR6DAWcOA9j8koOIbKqVeeGh1bCChVWWTmCg7krFwBjcBxrg2VIvIOSKggAMJiA4xQwK5btWBvJ8jRjKncOQelYitNZPJi7JEORDEeyBahiBpM8inO3flTiPkekaBppmfbBt4jHxEPiyNC4GlTVOTcqFRR+oVhWhr7S+08TSCEyDrwiIOntIR30YB2HIsWjdbCLNTF+FeGXDWYzljUYWpVb8l96pFgdMpQcmykpMxgOG+wQKiP7G3LCz7oiDLCgmPwUSGmedXcASxieF3CZkIx28wFcRCjpZHFl1THcmmWv4GDvghiuEhxs9ZnKbo/EZCoqFIDDEd+ByLpGNnppqw7JmnoFElbwaN9OpOZ1YKIy24O9cK4oscdQqwZr2dQgQw65qho+YkC0Z5rGYlk62VtzAXslMBp6QlNVCCTjOtMa3y5RkJqxYAWq+QI7gYD1h+ZnBiL6S4YGKcnEfpnAFAhmcyNHSXA5qqCzv9rgUi3Xc0RQ4QCyh6nQMF7O7YUB3mqHAkgzpC1AWfrZtwXNfXWLQ4IULUWF8ZTTZY8FLTMK9spLYYqKQEIqCwTYNkfEuj2l8L2QOWHI4rQ7gNX1HshcnKbaXVoKsuz702xquAtkPQb+06IfSEkO3o2NNsP5m7KLAsdtR1OVbnwtpc5kwvHbpQaod4l/dFaLfzdjXBZ7/2lY9/3GMun1zezNvtvKV5nuctzTPNRDTPNAPRarV66OLFG2647lWvfPkjbrnh+OjYqGayWj79tMwkIctWVVxrA2QopYWfp7560OyiPLnm28CiuTTAmagszd7XKyKmgR92KCv56CbeeeoOYo+J1jZe320W6AQCBTZmbaVWdZF0uxSkTnrI6IY7rWVB13FOpLrJARUMsm64VQgWTJjexP7TYB/dejbg4ZYYHk94F7Nemxqg0Xu3E1l3deGeF/6y+37X9SiNWJqsPHFUbe9ST+rs2oi9CRd7UmWhIcQCL2oNeE7C7bj5pDz2QRLE0SRMIHGm/QM2IsrjJTh+UjTcssFGNjaBA/sHQq6/ZEpVWFscgrYEYPaiN8HYxDtkniZrkMaqAbJVcJAo7g7eHLIYT2wcEE5sR3OuQT6jKtftQEbeXMcsnOAlXyyp5cYySg16IM0ea0NmmySpqxaHzWGEDMW7hyROnsnvUyrBxlHCw04BcZNekmyHW4gXPYyRUBDHUxJYjdDDqmbPClvggbxFJ4OUW2C4Gi3F6O2+40MAllM+Ql7uOtlaKDcYEsJPYieBbODsFHEYx0bBi4uovr2FiOK8tWXA3+SEPcHJCAsEbynCWJSgRT76zRLo9zlQ3h8i/TykrERFF78HWLWPeaoKoYFKgME+u7MRcp2+EBW+HfS302iaCRJZ3QAVPdFr+e3dAbWNLzSScA3RHXMUt4F+FaBSw/KCct5YJHvSXKINDwNWzjyiOLUwVCDJQBBThN6qamJaypg7VJFZTTIeSF0mrPLxKB446pe4w3Sjkz9vUhBVQvbwy6XLMHYSEXE1TcfHJ4+94/bXvPplH/joRy5eunzu8HCet13gWtWS2meBYHNy8rKXvOi5z3wqABDiahoj0fjfvno3+1uiEYyQdiHXNyNvqBiOigDUv3zIcE4dkpK1taXmJghdgZt2heJtPUodd6gV5oDUzDWyifCePQDIWlx0sW2kvGtxZs/CAg3sQLwvMybReuFR4MjkIKtQh4KOdMaxGz5jdQUOa2Id+vexup1uvRkAIjKDIWJrfUQGmDfX6S02ccK64rbl2GC1q0h7BpCKXCg1tQEDBus3Dk9B/HVIvZtqyTK+ISkasbRblZWEfWhCIAiP9dcWu5CLJtxj4/pWFY9lvtss0Wl5d5RJ8YQoTk3tm5ZCUGd5wMHyYNLJ+/hdu10C88FOJWc+FeLxKjh77KQADOQaFCIBYAiDPfCdOULWheU4RJnsaXQECgSznTiztwxC7Ek2FDvyC1YMMghIW0VMU6cY4zrrJy4GAez7hxgOVjyvKVGYbgADENRVnLLsYTjsRtKnPzhRDnq7ZAF3HmWEGAbIZCwknwrktFWf0x8hd92HD6W7+sNCNOREmJgwGIh9XFIDvb3raPOREKoG9KHD8hB1xNfB1Mpcth6tWeaBlkxDpqagr9Dlar9dbORhqEXL+CRH5wG5Ens06dGgoTaqsFpCuQE+re5niSghLM1WFVIsl3jqo7yP+4k7jxHPw3wJqlXnaEYLTJwCjgW+ksJx4HVl5hpxWq/XTSBf+tIXP/nxj9seHW9PNrTZztvtvN22fbdEhNN0/3333/GoW1/32ldef91Vm81mvWpvvd01bhWsGwyW8ds9cQ4BE6iYs1NbYpTawWk6nXaUfaCVTgXTp1yGUPaQimE4iwC802L50HzRiyimzjYxVi2SgJxKU8KaMsB+lHxGJHtiqPGxHe7K44rgnrNPKBPDP7zwoDx8sHeasepUZHBuDv9IV09BLdhlHEKquWzf9qmHhpBsSREGUXdo5Fr6HDKmc976CD4UskxHQuBesGn9/4i8hrao1wvcW+hmk654VNEdLMvVoCDSWWf3c3FMOxp9f93UOsI+Ueu4HsGF4B0DSddTO1+b8YYTlbFkJaShWEs+1h4zG7f3WnWOvUJ1v7s8rQIlUl0I5ANwclLv8HPagJjCAYXhGDl+0HawL9e34cJbqGgKFhDFKiSfZRVwITkpy65lQlv+RKPVoW63jGGJD6WqDw1Mhq35ZawI9JFuyzpkMUP7glJWPYcQuVG6jIl8xVIcD8EsABGfQVnRiWpVp0Qz12JxAsBRgDpyM7LxCSAqliuV9cb8swIVsp04R0hGs/S2E+NGinmgTkc3stLLgRWZUMlGmTDLtARKdDlUXnCCBOBYU5AfSqTjMrM0G1WXMa2KLJAWqaqaLS+klDgb0+UgxWsOWudSeOeWm18swDkQxj5zeOt00SPnXgxWllT5JwY9GanDwFAPxU2WFzjowWk1bbfbR9xw3ate+Zn/5b3ve/CBBw/PHMw000yISAgT4XZ7slrhqz/r5U9+0uOJaMIprH7u54M7SWI3/K6bWJcpD25TMANBVqcLqgdw9OZo9MD5bKv1aUC9uoR8qJ1bI5nRI+KF3IGO7FCH8idFwYahIEViShJGB5rv1/oV4bosoKIAIXTx7Om3BxmLVyfrfNEoRjlF6A11XVlG8Zsa2pGZJ4MzI1tBGy3vjOauFBuXuaUUkIyLHwVCUYpA/hV3p0xGNEsXnNO3JnY9NGqbD2NoTHWIiBaMZMB/RM5IayximLduOYfLiPkubrhEeX99FFGo5zrnoovzAVuOKbq/IQDz+euKrow85Gkw3inzvzxqmUHn6MDKng/4adBM3KjV9yESfnSnI8bTumlCfc2PU3Z11sb6GxzkQIaAHn7miQsBrOiCm/pgoDwWPAgW+7N6X6GaVNUEuFn/DMbKUimaPV60dTEdXyhDK0TU+DLMHhrTAWCqfmT+xgMN8YW3hgIHaRzFNMx36aKsTqbo1lG9z8E4GDYXiFVYYKmKO9OVgPzOUU51XcbT06KjDwt4jjzjanEsyVApMecBRGYXWeMyOrA9JoP10OPYboE/+ojUaEw3wm7Rqi5q/d/6JwraVq7ryYgcgpxGmgMoMPqcwLTFUWaGWPbYKoP1swxECxNR42W6jKhzcHy9Iw9gObmsiXsfmP7Ld+OlHRCthY4OftDHZJEVwNYkkZkLDYvmIuQvCw3UhbdWM8w0b7fbz3zJi575tKdsT443mxOY23t9Z5i3MMGlixef/IQnvPylL7lw7vD45ARKmd99YNgYyoWpJf3w9mcH/NwHx8URxsEiE28uj8eN4n7XUzmvbkV39bAR8P7+ceB4Bo1rsAsaFKH5+EWTMmjGVPNA8TW7Z74Ko50rsY4APQbh0CDB75+3hGPVJWHWcbCPQlQPNsQLO2P9U0hO8pVX7mIK4MUZWBuiJF8J1EaqXN8zHcpHzANPyQORASsMFrhDzCZgBtvKdHNi4WIxTCepjbYYEFIyZzFqIuOjgwsQ5PeRPRda+GhBsRZk5NwkZ4EtsWZkFNDhgZHJ6DmJnkw7HMDQgqtLXowIM8cG8CIOuJ9GUvhrSGt8IN/Y2lM5pmFSl0fzPHdIY5dHaEW4nHlWct5yYm4VJs7IMZFGqX1VFiGM0pEhO99GbKRBP4kyIdJApJLnyx4+cHdwC7oqYvm6S+jlRBYMR3nOSJTzcKN6oWdOVPWcBjuf7G3uSEADkjSgSN37SDB8dS3jEK/s+f3lhEc1dEGguh9v+OTieAzrBqrMs55yB9Zx1SuUiz+SQZJWYepDpl/MJo3R2nHwnHP6CvxOk5hL5winld3Qa+5OU2jFYDARSxOqw3fdLxLIRX/QSCE9t5Tqg9+1Q18i7PTHONj25sIri/PPAEHeItn6xXMYbKfMtZjKWJ1OumIKCoiIbanz+Pjkhmuueu2rX37TTTceHR1hf5iVJsDNZnPhqguvefWrH/uYR5+cnKAl7ZSsl1jhFPWFoGa9l1KUQenTxUY/iA8PfXn0Ij8ZHBGOtF7o55GvWxRjmBBlwYNEPPawATvBxpYOraQdY9bamLiDMOqWkwEyhx/TBDV5lBC9GaEJ6DqispULmmilC/0VrxDxp4csVk7oCj6opgpMWJ9YHIfwCJD5b/kghh0f9ex3u/UIF8uZiHEUsCOogihr+XdbBn8sxHLLfbopHiCsB8/RTuhh0m33BUTGgDHLv3YJquTh7MPDIHtycblvlyLLE5ttVgmqBCUAEFpWzpap8QZcb1kbawgZEag4p0Q3j47WCu3iYfBBJlbBsg3w3BFjBfIRd49hHD2qUnfBaz95NnMItq39UYY2VIZROOfAoxeuuPbUQPOeJqxSE35pSpebdmLmw9JIPd5lII4PxZRYK+IHdeY+993nSmogOPahEfoXR+0Hc4JqBSlhZGu1x9H+T28iuyQNMlIA8+m/ZHMzPn3qfKQ+NEsmAMf+IbsoJ9H6L7K6Gwgi8ttUMvJk2mTyU3jRZQnYXJ7KVXCb2qo6ivaIeFxLLO4yXc22k7ZCyFOBXP2hMg5q/AnCKiZ7PzdpK15hioPYmOsWVXdzL4fEfyuF1Zgz322ECbWU+aXoaRdMFwGaqIT2KGpXIHzKYKXAKrFRYBeNDRpibyIrfNGkhEREA5bmi+2Ct/lFx4XD2XtyIoKAeHx88vznf8bznvdrP/0zb95s5mmaCAjX66OHHnrm0573whc8++zZM0eXj1Yr6x0HBbBi6OaAUYzb3mib0YqWMWwa/kT39Ek5JnM+A7FTGWN69PKQYNa3sCr2LcuAdF2AvMDVBSTBeUmBtOMY7L5dyjwLakAvOHhUXDR5dXQlBR6xjNUhaGQpvsx2sbUNAACYpsmGauT3iLqxNCAxDbBwoOCDEEigotn1HjOGyyF58GkJmvdAWNrdwUGassViEOUP7bmko63uKCBK3HYe5axBxe2F7jnkcx0lYqEYocM48LMtRRIaxDKFq+HIiC1Y9VVV5Z4dzr8fi8z2BxP8u22+ZUSqvtO/2RETXfG6jyeKqfGRHiQb2qZE3DTmiKVdFGUkgomf7xgYE+0iI6bAVahSW0H8Ak65SMVH70tlCTIjvMpmwaaguY3qslInu60JKg4nigRPAjL7b+O6eQjlRtBG6tQ4U92NNkr/tZEPuYsLCCzf/sM4Hm54uAfwTAX6i/unPaeqIe0VP/n6h+2lYs047wPMWY06PvHX9nAD1vwVRO2ZL5U29zRoOHwWm+8Zueb67R/GsRcUF9NRtWslwhw2KDNcDnFiBOL/u5JjZJIW7qL9b/F1QxUch2oye1dOyJ7HKW2gFekaGuK+GlMhMOJPwYe9LAaYuemXiIjmeQYAnHC1muZ5vub84Ws/6xWPetSjjk82iAA4bbfzubMXXvHyl95x+62bk+NpQsTw2qFh3kXEVk9jZhMW74H2zmNvJmeZHEnU6GIt+Q+HisyEXTKQsSpgPuxjX10bm4i9eLvDei96sYHO1V2iq9W67QJruaXPZ0bZUQUBAKh/TCYa/hSwiBxzYJfQGQTWC8jLSJjHG+FsVyNSYrYLwBXuyt/j2NPRn6acXYwBnkV5UBECFSTTKGZcABDE1QZCUEyf93jFpyk1mQzJp0egzC2Bk5sENQLPN4ZIGsjkWzrj5qXaSaOkgnYUSU9L5vpr0i0SG4qP/sQlzMY+hCJySkydTR6ZhbJWolWDghRLUH3geILWkO41BrqLSGHlU87tGhrnAMOnO/NYVfWFgixSg+iXdLrE8PK3h0IiE1I3sdY/SFvvE4pzOjSXGQZlrWWKRoJlYpv+2gBbTyIpVAix1WF1dVQ2o7TWV4pCqL118kNLIrAecYAVgBP9womadlpnlZKKUuVrsekI5JQVnfYTx13CLbkYreB4rgH6QnEltwaGfH9iTAL4OTU86N2BtQtNHZSMS+h1TVPKNQABwCmFQKuZY/pYReZmwhWGxJ06EO6TqRZKvE4tC7ttVrjLqm82P3sONGowAngFQ/z/9VjAs2TXAg//6x8Y/u3VDH2XwQRISJcvX37Os5/1ohe+8OOf/MntZnt49uw99973ss98xQs+4znrFR4dzavVSvdK0s6QM5jffcLTctKvTBJcjHH647+i+O2vI/8Vj5o/o1RHTa/0N7EGFAHqjiqwsbF1gT07awcQguUEcFeM0/ARWsaqrRZis9eGBI33YuINwG//iuSJJ5J2KboFYZD1tnUZjHczFfdAloDcNdDlU0S0bq6xhIMuG6CawDLBDEqotPiUI5bUd73ktmwQriDnNhpFJChk3DkkqbAhkMAXICIeC1lNGNFOboiTNfjxnHGxROgiMBcTb7EmfW+gVAVDvJoDJ5NgS5htwYaDTOjYoChdPluO6UOcTRRWyYdG5FlrizwlkSvXP0QSBB+bOwjyTl8YeaxgdooKidUZ7sFq4pKLHYF72BEM6SZzBhi80Mh9f8UgJGeVpXP4lO4WAJRTy0eQIZ/5S1ql+hAgUhYIgwZm3bW52k7cBEpFSJOMbo8Yf0uRK/lUkDvmUkEE1ec4mLfXIxtXWLGkmblB7riAgCXB5szg5HJJqdSlEYQTDMKd/J8DMzBedaF3lMTWiHRAqXVFF+uuRcAhlqbfmy/0t6JhZRiJXtTBHG7B2SOKktjLBkwR4vihizmgoi5uxyX9PFKGigAI8+z+2zFe7B9OdrZ0V1CQOEXfOgyoII3AhnY7Ebiyo/u2PB8PG+yVIL9rMh0cVGuI5kUpzdQ4MwkEM+mBCDPRwcHq1a/4zNtvv30Dq6Pj4+uuv+XzP/+1t9928+ZkM03TTEgE88ysIOgP52IPv2UYuRCEnEj/q2adxnLlHIH+1//pY1e86rOZWRqnuOJ21RL1P/S7Ef/QhBNL3MpjV0usMAkX3c8EsKKrv53NrylzT+lOMuMzzjPOM8wmDxWZ3EGgOu7qFt/cAeVUh0fJVmNdK+MlDSbQHQLKeeE1Yj6Z9eSKcfeucdguD+Ejsdw7182LpqE6HJoJhMHLJspiQeHK9+CPJt6WqECgxTkFfmVuFlNl25GTIu3lIe47HdXUuF9WdUdimeH4PJl835qlkkNK6X3BrlF/mNNhGwR737yhYUiKLvcP2O4jCaOMgKowyJ5oLt0vmTwWCoFRu8Ym0GgKZfVx48UrTlpoVGaz319xHgqw776Q+WJyndliOmVMMER0Cn3HMFbQ2HI+VA+h5yckmmMKA6YxCsppXAMWDaetWKd2ZUdgG9HxIXc3ECvlSB7F6HwQL3OiFTxnVevi2TKZ0gbdgli0ktRfUw5ocQNlvsU2sDe6WWqf4BaRYG1sPh5J65FiQK3IetFilDoYGuhkQbWZ2TCEYmtJMAUeNH/DQVmNC5SS5DQCTEklIDysX9QP/fYYuU2Wr8tqAVwQKYVEit9aDjeEyIyjmfHMjIJYtSUL1h5mcbSI203TJmerGhIyJSIoJjZQe5M8lr9oGho0Sr9lsNSLpOOnlvq+ebL4gmEOAbZi36x5Smsw9EE7ndNI/hsC5oHbVkc33pWYEgQAmMzF2YFN/HIX9ws0hXGNCzqUD20H6ja3q6wgQERz+7ulubNonhBwxksXLz/xCY997Stf8a//zb+96+57vvTzvuC5z3zKvN1utluCaaZ5bi/InmDCXlaecEK0ScekKcHwydeG5dSjUPGEqPf0sTXkCi/NSiof3AOxO5DWBs1SFPJFQPfWKCNX4Uy5qD46jIlqkaXTpEh21UfzM6EehgKLiOLsUFnoNDoS9/zFII0zOMGypAshkwkN9KQZOSL1V93ytO9C8YNaE5ik1Tmr+kiBZqGwxboN/+TVL4mf7ZYX2xKMa0TGPGI1iteboSB5YEQiUcOadmN5rbJwr7VvKHDIeKaCuFpKDBzYJwxwwBqeJB8pawUJcXxxrViuW1y6RY3BGFZLzTHV93eFF7JkZ70tet4iY4LaT71/GH0YE1qRtdGXhHw+KZVeMcjJMY/BBMS2eQjtoog1eIa4dVrih1S9GbHBKiRRWUgl1CIwWB+vKj4WOFYEQmKyW9skH58w+dbuGC8aRN2HGYgyO7mliIFAs0qu0My4YznxEY5POHk6Oc6BpkbdRMmmPIZCwCFltgrIoQD4/BMCs+yZ9cWSxkTp7i29x1GjRoalMhcijYZH8gFo9GJhyhhmUN2lgOgWKoN1KDO3eDCowDNE7I8bmZlDjBa5iLZVm+x0Ymha5DNWPUrCE+JWE6ZpcmDNKCOrZKlL0c2wS9ZP7UgAuvcSAUwAZeRJkl4otcj8lA94lSTU3tGrcWhD1qs3sN6aSMcAFflxc1E7MlagC4aos0R6bC0snAzWUjQiFowlzYYmvs2pOoKF7UMb/ipFPvUVRQiILBx9oLlHkcjmbJ7/f8S9Z7glR3EwXNUzJ9y0OWiDVlla5YRyJAhEFNmYYMxrv04vNgZsMNgYG+OcEzbRssGYICFERoByTiiv4kralbRJm/eGc85M1/ejU1V3z7l3hZ/nG8Tdc2a6q6uqK3dPHyIgRNUqsFBzhdbcbO43f5anc8Sw6Sr+V6Flr58FZjH0aVYvf/ZrCJwsPgSEWmunLIVS1sOAUm+55OJ77rxnwfiCN73qgkXzR4HqUrWAUANqAkRUAICA8kdA9welubRJHw1n7JA2c+n4v3UVQ7++YDg/+5UFiHNok33UMHEs/+RXVUGlCYBAoVIAFNVwRZThIOXTEvNQhFdJ8BM9cuEusaiJ9XIIi3AxRBMiKmigWv4r/2m64iVQjwTzoRHqvKPxOE0AGXXWg/KYOMVsDutIcVJhYJuV+qjMhG6XIw9SQXI5O24+54mLBbmEJBIjIhF1uNCFN/OOOhSOh8Z7PvEAn+AlOTBnlm8QsUb0YEgGTKJmPP9wkTz5GAAA+K7XhrFkRiHnMUn/RDwjofnjxXyfANBDExGsEBtIZhMYz1NFI/fr6cj5n3AmhpZLk4TgJVRHHIsSB35xOclRQVHLwCv72dVcTWGOnEDyDCBmixuCp5Au/wn5Z1aFCTKmOj/BEX6C5mb4mZJZeCjqUrnLTk+U/1jWy5Zsbl5AyEmuZtBYApwFgpSeXKL6s1/Z1GVW05yt2IWnTY6ImZ4kCZ+1czqIQzuxNXPEZ9g5VTxDYzPoFa4hvcsKlUwX4ztB1dgt/rPX3BQ3nlGct8WzzqPkjHMh4W4uN5d2HJFIB0+ZqDEJuFGpT8xcVuXJyT4AkAalqFUioOr19Lqne+u3VtMDqrUGTZq5CUS7GqSQUAGAXf5Evo3O1wHB3mc+NN5toAKadghv8oN7wvgWI4LdJnAtU1vt1iMAABTEO7aCfxc/G+/7yjfOxRowATivZqpuro7ix/Vrd4bXaL870xyhjOAcgnUploOGqUwcuJtyX/2gbseM0ET3hbEi+FQ7bxFtfDz0QAgBSBMB1JrILoECEGoCBN0qERRWGhCg0ykGi09tdwdXP0y3btw86IMqFBGQVgRIAAoUIBQKlSKlzHganJgJc+RLY8AkIbDRhlHWmjtOuvkJCsGdIjm2aCKz2GyoRs9VhwRBo70hImG6Yumz08/DdfLL7g4xi7tyU2KdN7owDUOswTDBMIYnmjSFehyRs67EIj7fnktdhHVCL0tkuIdyWg5mdihAswhbxQ/6YuSHuxYfxaNBynyz8WChQCGVJaJSC8fU2pXdJfNtBltrUggEoGtAhCLJeZuinVnDBn9xezDcfQ+HmcYDDU8jIHPy2RGs4c+TKY6mGQDiwqsvSYsB5hpRZHEkcLEy04CG6CZ9MDRUncuVevbYJfAGMkoRqUVDr+G8cf3nQAULdSi5GXeO0uks/NxCZWPcleLs2vMPIebMAp+9HpHgmOCTlwHIBVKiCYkPAe5+otQ0ik/ys8KQCEwGsDWgzs825wgRB1DcGM4ECadBwQHALOtFPiXA9wcPee2NCjlx6Y/fdKznLZvyt3w2mwyRPnZj8dAe3Mv0HgMhFuirDlIfwpDJFUkVj9GBz4lEGCU3MGDCdsaB89jZkgaDMws3cle2y1ySUoMHH9ujOhyIt+35ISzpSMKyybjPTCvKbSfyK0i6UgKBzRFHO7YgrieyjjBcsVN6chcvMIiVXjf6kOovv4ksu2psx5D0H/mPFTGc9luEbNdIrw20iAQQmZ4cHAFAE5EGTaAQyhL3TFX3PDHzyIbBc9vrJzbppzfTdK+q60FtIfjzvo0ua5c3kiav4IBECARy7Zbrlg1FbVpg4mFuHjDMLbnUyOwb95FPECBufDMRURwGu6n3uApu+n8geHoyHpzCDb6zJWGqIgAyG0EJ3UAmNWGvlpGB6qKUyMZz0Tepp73pJAhZY0AHGMGRJ0s/Pg/xqhGcizBw1pC6SbInyREiogL0c4+mnyEKiaCuURPVRKDRbKdE0FDoQqEiKlTd6gyQ9umaKmjVVNaVQipIgyYFZiOmLgARlFIKC9Ro9p157QAF6Ld4ml8YNfOBprNjqo4YKS6p44rx2uwZRtPdfXFiqywKZE2kxwPkq0nk2elTp9AwZJ3o+BxkMWDsTaGfcZYauOKOpw6DQIDzuIBsJ6NRFMXk092kKK/2WR+GIblZDsbZCQiTSRaqOPn0mgJOmXx+gZ6ZaKbBYuTsBSEgaEAgJEACZdwMKioQW23slrhgAg9d3V25iA5e3bnwuPHFEyUBVAMiBIVgdm14w551f5Gv5OtR4o6zMRSEcZYL/U+XITfONtRoWuVIXI/tJhdnxEAsgsk4wrj6zFNH5nDzfGiKfbNPif8Zmn1HiVAuc/DxNCuhhmWVdF2r6WaKp1ieaUj5kD/iR3jK2DI8klZGxLFBeIQt8H6Gxz9e0fn2V/EhwZb8r1z6YpyDybGSzMUImQCtKWaKyE+lCOKF9OwsBKo5UQ3DBWwbsBIwUylysRAk4s3b8BllPdyF3pk2YmsSe+9A8+mlXy+VgRc1d4m0bLbVNRbskLyR7+T9WkIdAhISUJnt59vwOCJCUeDqySMSLiIX72aIbEg+ZwmUxVgScT684K/oHvUJlDZNsMOKr6GhmJYmVBleNpWSGjK0puKQmmWQFFWO837DyZkYDmSIvmWZQjSXbaEWQMAhAQxSx2YnR+RgMQIcTaFKJoyeZV4an/q379hZunHJA2a1xdEYcxcAtvYSDTYnELyyExnfIRd7ztsS2JTRxOxlgTMDuv7BmR/dOfXw+v6W7dV0vyrb2OkU80agVZSoAKgGREBS/oUUs+cXSBNoAtImo/KDBkl1nhLAfUD2YrpgJ3iziF5mXRPHfpf8uC4207Na69rLsNflrLy0QuQ3fJoNoCxPttYYAQiULbPYxIRc7zA3Pp5HJMCCvIOTgQQ58oD96z5ZfviAny972vTXVWYyAaA0lgGsWyE3fZWLgyGkOOSmzG/MC7ihfTmPAEGx7Af82i0REWgNNVFNCJqASAEhakRdKCgRldKqpJZqKdA1FBrLqi6BlNaktREeQqrJppiIoI1amqQXEAFqQoMCgFlzZSmeNomYBiClBVstVxUQISCi8vvJhdVzKZl2cABImdnk7DUyYd/KRCdaJttmYR2SfUkTnTYQEZJb/ET2i6ksdk/mFdHjSUw4kKe48WyHmXPWODhELyFWuSjQpsBtXbD5ZxiTBHxAUODfJLCS6fdMGyG2mus9qFu4d2Ulx0wMwmfY5KwHAAJoRwWBNjKszAniCP2q2rwLNu+oVYnzJgbX/bR3zrHdV582Pj5aVDWR7eu2MPi/c7Cywu/YOqO3YO7EOGzuE/jk+cFn0/w7t0KzBOrcVhQMU9LQjzbURYpsKu7fnHwOd+vE/orRMdtzjiHWHGKwF3A1ufgU+1mifyKeHvNeIfFwVxzHIis3cW7MOTTiOIuOLEwKlA7nZHNkNXxRLuVkxDEfnINV4by8pUPPdeIxec+ZGafmdbKAOgskmH2aNbDiySc0s9cxNsREQyci5fZs4W6C6DAdZVXHXDMbiNS1ZqOyMMcn28x2QzKFmNwkedPAYlg5zykrxGlhDBpmdAgCfiy+9cmTGg/NIAYkeUbtQUh84vU6hneKbXoJZoauom92QW/uVxMDebWDU0G5vk0dm1rKpcRQjghPfXzbwM8IrJ9C8ZTd9CUVM53e7+dFK6dgAT3TRZpjS0+4GWQpgyD7Jte3wmDim3zqkSQ2I9xAeAiR8CD74Ft64EKtwM+KQSCMLTBJaoEuamMxK7oYJehak/0lTaC1XXdsl7jh+cFl1++9/u7e89t1pavuCB58QOuwA7sHrWitXNLuFlQoROXCHQQ0S07kLJo9+NQkeS7jYRkmojABLPkJV8pOYurrZlI6CGkjiU+7+OUCznCjNSLnQ3BLlY5r5ktwG25q0A9EpJNQwYs4JYbey7vm0uvBk2OAlE4EBSzrczg3mR636uQhZp2rY4lfxtN+MrQGAC1LUspl3miSHwXgslm3hmurDxrcj28hAGBZUFGgAlQKCgSFVChCVDWi1kCEtYZBrU0WKsUWTEXBbsR1WiRUxaQZFCYa46kW+mrSK7PoLtIn05SQSGtnuIL4SVOCGDBAKyH+Yai8cBS0tx/kcDb7SJzl4u3Ne0CuOOMMTLTFanjhyWa5IdoBJwroKXdW19a7TROfRvpKSqDMMoK4JPp/WKDiDFyS7vmsFHxSzGXfJ6FozYmjgXwq694Cqwi276ie3jZ4dstg865q0/ZBuywWTBRHrCzecsH8U4/s1jXVGhSQ8sm0D4H4y1OBocLW5B1f8AMBQNZt+XquN/aci3zTTTxE4tB5TCWrJX55Gdh+fq/flPo68ufhQZAcZlEzshSPLiMHByEgTJ63VsKHecmIcGHPpOzyiJc/3N/1z+GxnCNHNI5aNAbSObA8mm2iOhPeZGciQY+i1J0SbRv6Q0EeQja9acoFsh2HQMiHrHIe00n00kINELIwQTBZoM0LNlHwiYlWQvDByapns27mScghaRrxuy48Rz50lMrwoJ3NjsEchZoEqxx8hlVM63N8LOpfzAFg0aUloWn/7fD80zdIGcA84ux7zdNUpKkE4r/GNY903PDIOre8CUD280rECkWSTI5nRpci/Wy42HIny1OG9jUNXDgkjFQ2GwTGmSGFzywbMxYkuOmgY1HHBmcSpsT34sknJPOSZXU8+5wtDVRHhIbgLlgBCOR4Allkw4L1BKAU5sZaV+gduJmESGIIDqqBFk8SeEBRSYzYD35Cs1rlgSdOJYVgbzITFhDKccM00XavImhNmrBd4oMbZv7j+7vuvL8/3cf5Y3jGSWNnnTh22HK1cEx1ShzpIAGQdiMY48ayOyNcmn0WzEEgd8BlKjDE/hF9OScb2ROehnf5EGyYnDM9/l/P3DigDsDJoS+SV466Xyf0Npfhn6NWEpJsvUyGSMASASAprrfyomRA8iNRBnzoJVQznowgeqyZqzxASEFdVmpSBaXQbIZUCgoFSrLEZO+1+aUfWw/gNIXpCcKDYL5aMt3BWUFVhNIIjQiTzm9z9lLgg//loVgBPSDHR8X8R8g/JTMpNGGg2PeAMYmvyv3jqxkkj0VOL527LwQKA2sRMj8n56kI7aM2kq7MpPF54PrVGA2Ip0EGyU6KkTGFoBQhAmno96lX62e36uvumbrrkd6m7XXZqpfMb73tZROvPm201qQJSrNcrhD9KqZwFjxxhrA1RoZb4v0F+YoKBiMo/KbIP2N1DlY5uD9gmMVhrr0nooucPGVzsPA59ibcZ8REzSlKUWgWhD1/KP1B6RQCuBAriVUyri0XiTXln2kOn3N/sou7a+8AwPAgyoEYEmakcTin1z7yjTngBn/lrRq6AMmOImcWmjmJ6GtmYgROb5aQrCAND7HSa0i+AMmMRHf40FFOljHL5rUJ/9a5q30PwzcKVmK8HVZNbVgc7hcqhicdsaWMBGMOOyOGxKLefJH5IYswkAhKLQOlwHlTZn3g0PzTu/hc/gn5OWR2IpO9JM2FtKWJkC/ApNqIclqbPU66mYQHg9It7m/+6SE0/CSU298HLAhxEzPn/BN8YVUanSh18fdfgHjFKcrw/BOYfGTwZoGX3K4chbLRujQnTWgal5PhVDEQqcSCE1rBBdcljOW/IjMq+5V/MkIgPSk65+ey3o438g+4n8jRIfTSRekSpRz8RD9SJ805M7y37a6JtAYEqgg6pXrgqal/u2LbnQ8OStU6+sjxV58/70VHlIvHEYiQwERywQabdRm/ORMt1S4sit5jlO9Y+E+uVxxxeiklAPa2VS7cgtBzlpgnam2xdhMQVvoaDAUbmuRZKbNe2PiNndQJ5EkIdiWw03KcWRR/P3DSPfWyOEcEo8jFx7ZhsiNIIqhiugxAFP76Y34U2syzVOCjINuFwP7ypzu1yMFCJkZmt6v9TRUM+hJQ9dAkSX5+JcGBP57V4TZa9+2eWkfAsg/GMr8vNlIE2ZS7g1jw3U+OsBPj3Cupmnh7Px4fqvEiCRTdayV2YplK+S2lXMxJQpKURfbF0SijKpKNpcZQyqngsEMII6SOHBvN8rVCKAtol+Zobtw7pR99Vn/7ppmb798zo2EU6ne+bsGbzhkrETWQQlQK/P5gbq2Dp7Us8K9muP07iTcXCSpjXyDd4RnG4vQnpPLoOHiBXGAW0iqBOhs9CdKixwApsnZFnIVDccqdvYhI2UPnsl4yMlhBQFJm8HFihieRGOXYlU0+IWEgRDxhOAfjMZdjLBuiuOx8hbE8hlEXdj/29Rysjx9Y5EDAW+SHJndWxX4ln5DMqYj0EvKHJUVsRrIZx7AY3jXggwaTyNuwOwLIkHqBNNYZzL31ni3AwPhn9mZp7JEUgiGj4yxaTSm6R9i/YQRkU0qr55H4SZbaBs4MAgBqrT2iadCJ1ihzB5xZfgyHNdp9NnEwgTl5MuI221JS8NCp2gjmNWS5mQK+V61sF3eX33H9uIdwwHIGjg/GIxUurClRPtjLDiQwkVYj1eFo4Wu4PDVdWQ10t2KT7Zo5bzPksrFEWhXINeQGZTi2nNKsjWgcxuliiLQDQMgJFZFomzWL6ZCzUDtkXJ5/ShOfupMAocFhWK8sJTxjJhzSGjSGmoO551q62Mjf8WgSgNagNWmATqmeeGb6X698/to7J8fK4twzFr/j4gWHr1C6grqi2rk+ByH8Jes54/SbfbLTnbLb3RTnl0aqDlKKZfDG4LinyIQ81za+yP62XpAUCNohRvN7dM0QjLj0ypIqBvW3+Y/WsfzT3fNfEQWdhlZmXtkPJJHtOKfkk5Ed/7F+rEGCBTGsBuJQ0+AEAxBBISiEEkEV/rCf0F2HVVMLyv9SZDwihilQjjGMa/5sn7AS6m8IWPzoWMtAPoj9ZOlygiAwChpmEbKiioKLYlWP0t6AXpX49DmwRKIlt9zJDKf2LVlWp4CczbA8MmyHPLhzkiMXEktx+OjiB7mplTHPnY9iw5WAAIgeji7nIsJ0gIMeAhknV4qQoFRQlogKt+6ib93S+/qPdkxPqVY5eO/PLXzl6WNlQQRYYKh9SHMV7eWxRjhQLgrJXBSDGWfi46hKjRDP8aKrsYw7NHhJr5zfd5BkVOM8Md/pbpBPc1e2ZjF7Yhb15TGQgJy4vxeYQObiq2yv/JXLP5Mm+cUA/jlrJrNX8PIyFmpsTJRdC8lKRmzqGi5iEYtPfvaPbyCmoalMv98wG4aIQu5gTyNp9PmIqx868UZnUX24Ye1IHAzn2Ir+1zKFmQ/Ns1cUCsaUZf1qc0w7TLUZngFJgHzExGxfjreiceb8oVRt+aM4wTUYswAhY/yIspyaiyin9igJokLTLO98uTEzKO/iPw+pLjTM91DZlxtBZyWZ3JayfCklwW24CDIt5ar7wtV16LhoCYxJlDz3/za9D8J7BnobG1II6HhVx3ZPfMksYMTgcXdEdrjk7LmHZ8gLvJCt/4dbnLom0kQoOodq2TCZdz8mn33eVMH2RSiCdoHbdlZfu2bXzfdMjpT6vDMWvOd1Cw5ZijMzVDnl9O8H+hDLWxkkkhZNBmNDpkIGov5zJkp3IoTikR/UjuH6eh+R8CITo4eWLFzkMkS+JYunh8pMtJDKgnIfi8cYMDQy0NGBcY4XzHtfnieBk1yxUrxmu+QsZH94xrfk0TUrb7ouCjTY9z8R0aQK/lhTl/3xmbf5kRla/gaPa8CQUZ4iVjgmmwlZ8QvsR04/+8J/+ydiA/EeyJ/El4OHxL+lwICZBu6d/b+ZOBZjWQo90smJSYC4BXrk/GOb0/Fu6N0Ez7gT4JyYSNxEiBbmGAHEzEpFZ+bC5cIIwF8dt0eN+QQSHa6EONDQ7wEAzR/Ht764W9K8//7Bjh178fPf2nbI0vK4w7sIOmdDG3UiTHm2bABmXOKT7nvGJX6Sc5aLv6DRD+5nJDDEleRCl2wlOqwAy1MM2bIHQiZ/zI0oUAtesqknr8gPX0kTd7xxzv3aRxOQaPORmFueYSYYpkjP7sFnBdKAZEAgHzwnXYYDBJe5JUzE/UHMDT874XMvWMxxiFlDJbBylx6UAcBdVWOYnSneZtfb/XhNYiq/xWL5QkL8OXAysTzDusSRf/QFXf7ZJPMUvsoWOR0OjljWlpCZpKiAES3TiZseW74KFKiOJ8k0yIL1jXhoFgEn2V3UkDwCJtIhokQsoqiRW3xMnnpL7WU54ipIAuONBPz3WlxjIXk5uU/yKAmTWdjQ2E/ckFKQnLV4h22UEEpMvJvxO+mBzZ2A4/7Gws7iCUrkRIwV6aeZGkcXsS2yGeZgPNUJJ9DTw/1N1hxkgXNv1FSO9UIOTHpJEhiPkZUE+TUIZ5pRNQUuUqAjIwC2Xm9+TRT6fbrmrr0/vrs3PVDnnDDxtpcvPXQp7t1H/nWpELeSUQ0DxxVu7FcfXnvhsTPB547jxpygi3h5/GuBsvgd2MxBABKUA/0aYqzQ4av3SSTaCDngdpV18/fIR9WJ4HkT6/4wnQj8EdrW7IkEtRwQXzZiykmCXVFhL5hPsBPn7zvE3Msikd/m+47YNk0P34ycyGBhGGXyBDcSIdSsnw78J4pCWsEYvq7IlAvAekFhPAHI1GT4YZK+q+BqGqOwIYi8wUSeHRteOSSkV2WXlWppWj1NxNp4HLgiSNFihXyGKXIEArYxcDEI3wEhxgolhERGowoNOUmLdSzSzwDeuGQUP/fuT4rGANYBcXU8dM7Yfg6uCQDQnfzrXg2tNcxM63YBb7hgbPtUdcW1008+V33xRzv/YMXShfOKWuf9ZHzlntqJNEhRTCiTU3Lq4zfvgim6RA4u78JQsEK2sUNm4wQnlJl9KNxHEN+EmcirWflE+xNNPsSiDBxzMpa17W6HDTD7z0sSuddbIj7YKY9+vGBoLiQiQBcINXUM5DMcGOEWlQhJ+9E/lZGAIzecuepnKKaaRZKpsyaJdjbYjkWWTXrmqUM7lR7fV5gSH9tQZq4hQY/fbLooNx3Dsrgc2Gyqb5XKGyQeydvhAFnplL2vYJ8hWjgxgeb/7hGLVwOzkKKJsC4xmFTnDMDpY0DcpSeSlAyTY1a4fFrMl2saKabDRr7syUG5jgiRZzT8cVYLAMCd1JCb62HKCW7JnvzavRDBob0Nm4Y+t7gmD2JR5jYCrPtJpcoimeRG6aBclDMUWDjWwpI3EC4GMhtw4k4GOEPeDxQbaMZMkUSZ/8x5jxzDBmcTXSgnJOpIDknPh8gCesVtgi9GzyLCukb679xb9N5fjIbP5DOQpUM0E21lrFn3vJ4E6hoIDEhyvuWpFEg6kYi1Ad0lRszNO8ch8zSVKP+fD8pRsF6iG0KtlHIhiozC4FgaxMGERRqIiLSGssDHN1c/uXewZTusWta96MwFR60uJqcJABR6MGT/C8dW2kH4SCQeApNbdPvvnApasUCHEVD4yxojkx5iiLivUgXZLDDhJESHvbVDxHWbdbFw/I+REpr/4vTZ3AT0B3Iy7lgkyU6PiTzdf0HDMfzH+UOBdnJAuHQS3+waoFmZMjgj4zMCHygy6ug4H0Ahn03wYPkUk3tDk8xvizgTFf0XZsFNoWGaORsZzY/01J5RQpaRCMku7/r/GI2eFejjEEsnDLmC8nEbzv8L7MZApQ8uvPmyz71hsibf89EPBE4CYuY0el9ZdKeAIdfnYEb8jDs8CTjaRFZWDaeITWJk8NzMBp21H4gNCp4PFjGjAB4daVk9a+xH7i/IUSbpkl8li8jznCsjWW7zndsKcaoPhPCWl8w/4bByZHz06rt7dzw8rTUgQnROddNEBCw5SWgpYaYV2ROwE0h+GkSXhhhAcGbo5ewFBU4JvyPtrzNvBInmZzBwObO/A2AFX1DbEBvYqNepCOODR91W872eieAhYUcGQ3YJBIiGdBRxFDFTl41dh18NOZ514o5j3scAxBIcYRLj2RQVz+WaS7M0FYlgiLbCnwrrnPA5i2fTPEYf0vazkMxEgJoHSnqBdekwjAnOBwvNImf6+BpMegWz6LpxfST32aYnHAdvOlnGlIUvWNMwIxZNM/hcrAqRNxWOPc7nEgGRYm0jcA2IzmpfMX3MuJbAzWsLlyFnXLJDefPAh3BBICa+kHdmwpoWhIDNsXOf6f0MQt4lcIrYKBGZ0Z3hGU72kqixz3z03HhBanNgkfN8NlEj/wvFEIxjCpYbiEatxoz5gISlAjMfMlNYYEkxHIJ/CG2YJGQvF/MNx0pg13QzhEtRapUfV0id0ZAog5URzSz+IGozu7yJqhCDmZgNEwjUmgBwpk93P9Zbt1EDwClrR848brQa6H6NWNqJ8oUFx1cKtwW1IfP1Xw3X0P5l8h6qiOj/z6oDcejpPvDR8lrubKfkievGTUfUF6FpIqLz4YCrjk9DRQDKG1pyY80WLGNJRsOVPsGGm5Cjg8Qz5GuY0SuC3JNZ1L3FsJDDc8lpKxUhHkNbPXVcsISGX7/k/0XY8n8BQhrtotuQu5MrF7g+VkYR+G1ua30743t8EcFVRojTRbZgw6w+MTRcYuQGyWspBvYE7+4xdZ2ZFNlqqCETA7F+YiQ5KL8HE8DbIoaJJLvcnL0E3yMPy8Ks4QYJPVtMybl5DAuVkOXKcVM2cmJGrSxpS5QmKAqcnNFLxvDVZ0/MGx1M9enbN+/ava9SCHVF2WOBYzfBBhlmnvPkuH+FDZ4ltJi16J+OS7mbBjo47cY01EmyhaznNdhwbUlCpvyLHdElAu7cFT+bMxNmHXeWTCZ6OsdMr+GKfEQaOMbtsza6qfts0HhHZ9UTmw8y5EjDlRyGPA2bY4afwhEJ0pzlPD99Q3INdDad+WNgbsN+lUYzVRBg3PDJp0c+044ryRwvH1SJmC2OabK5BkGjAIizAZLh+EBxTT3qxZ6VfCKG6EhmUn2/pOrANkvMAmUu9TPflQ3oQ8bAQeQYgXtdhjA1UBnDyiCn9bPQxtaCERjQKCgbZpUiRrutg00dMqBy7BqitJxyxFAjjbMsh0/keNBJPR/AMyfFnMuD0dawj4E7y9x0pzUwPgvePMW5n4wV+AtXlJWT3Iv+3F40Th8X9pxymSFn9ZleWiiy4EzzBQ7NukGpkhP5zTk24HCxQhDydNc3AGTtBZ9r5i0wm0054AYWadA1tFuwZR+te4a27KSVi4vTjh5ZMoF795JSYOJx8NacvKwByH/IWHUCPrYZz2ijv2NOo5HWVAS7bnk1jtYcKhCytli5w7YWSzvZ/6UWLZgCBsFzmGPncyeE4PPcJkzm5Pg3BM4es93Qkh1smLGFQRhDX+fS5AwKrQkciGSEEZBEdXY2QrIU2MjUi08H+dmVTlvSzcfidhcdpzz6gtrgubm5sAYCQeRGPEf2sIPFcmmfp5swiJmzQAYdFi845Y7L244kthMZvEsB5ktjDhBnphEJYbh8P78kKHABkraRzSJXNgz/Iu8dhR6Z4ornUeQEXBMubE7bw2/IujcogHU2pisSQ4+yMGKOlxYeN628SfBLkZVwth8hrDQ5LpH/j0ibjQlEhcLJmfpFa7tHrym3T9K9T/Sf2zZYNL9Uys+VmbCGd8AQsbGOyaaJIkElxxtvfKQhcw2Y43PwecabKDeHE/eUaGduuu5aaw6Kh3ZmM4FjrYAc0chdvIgfXOOm4MerEMl3SnkjkkOk0KKnHH5Kl23E/YIfJee1o6my88TVXqZkPDYI9EusKGOnGSHQMI/ZxtYgW6nKw5TqDSDVFoAiimJvnNndnb2ZnZcs2gCQVbHso2ggj1X4KgpDYuo5WczwCJFmXjzYtsis+f4kMSK259y2QcX9ujXE3rg1J03CnQ2dCMFq2VIqpcdR3kqAB0Xz/IqqUdY1omEdX/8U+DHL3UBnlMNkkwoZz+RGyWg4fzqXq6HdsIN5hgyUldEhkz0XmICJH0os/iypuCwmzZU1Dj6yz7kW4baHzO3g7HORKxpho22c5coONwwHZPTJU855x2xaHuDPHdcQi8nXbuewiGjwEDiEgGfIUA2QZIgntD2N9dPPc8FTIpMRFD66Q9kwUyncurN66rn+vplq9QHtI1d36oqqWX5WqvlqHNtNXZPqsEYUdScpDEIppfsJT7jLEZkbAfBNsxFKclTgtRNJTzJByP5LnxKFJMhtQ4teNiD2l1ORIRvBJbTuPkZNPCj7lEJ7ELQnqEYqFrs7/qJLtmUeKrKtF0BNdsImuU2lIwDrER3JPoFIG1JUAedo+hlKQ20yUxWMIq95NF3E+MM/2rmW+FEy0fJNYzaSMJhMupwWhp3ajqiwBzuwinMeiNmAoeYUh3wTT4gL4KxgY4HJA04qhH79l7HEE0qO8Gj1pVA4qGHBKJx+7GinoO17i0eereoaWiW68s9shnZ2P5/r1BAsNYMmNzlDb82CFKQQAMzSeWOPKDSPzeVsl4nFM6M2ts9cfHXUBwEgAuqhMIdyO29A54Ss65WsjQwJcoJ4ytBxyEBNGO5fLNsMM/+0QSSGZInDAA4RsP2MyX9GON64iWDKPGryFM0XOZjiZswiEyegHz/M9pDkk5meuQhhNttPmmQ9VRxhxLEoiOdsnTP0LtPhScbHWZGK26DZ9RQdRyRUHVxZnkPIrK7MZmF9F1GmCjMaXA8js1ljZYKeVl98XUTGqd7NksfA/sIfWk/MGoqfgvaDxn6Q0UyMRf7RMP449CJuRPAFi5JiTLS2yBEAJ6bciHtAwHBORMVLUZiHUAKRo8hClKxgEQA7qYjcmyqem2YCOOOGAhd0CVYmBTCMm3kEEvmkFEYMRyCTcC/UVocXIxwUYI1C6Jmcr4Csse84rM7q2sSWIU+tA8IRcfRt3lFv2lV3O3DYqvayha1e375BCPYsGhPM2gm1azSCwWTzgBCLutjfNPXLhU5sGFYy3g7kuoNJAiRu211wZRcXEShswrQHUlqVIeESLHingPY0zTA+/0C2OJ3094LBl/P8r3SC4xZDPoJvqyDMqjkBBkB+oiY6dEmAIbKHuZhTFgjcBufAP7fIabQMzHIicQ9k+OIO1AjVXr5rxJ3hwGuUgWPk5oDbb7tbxIalYe5CR/SLH1wpBH+YVAvK3UyEjmKVkDVzcxzNHWelYTaEZXuMHgXIVlUdVV5UOWjLPLds6FaFiMtAUAp5y1nThORYfCL9d/+Qe7k3RsggRU5cwTk/Z2M8QwVwEpNiu9pZjw5ENjzx3d1QliKuB74EY6FaPjnawWEaU+oXzplpZ+M7x8hUEXxtp1RY1/rUtaPL5u/e2G/f/cT0RS8amzdWqIINSewf5pJSwx5vzBETKQIndjd1tRTR4FI4/+YVn390+h4YBz4wQWRTKINAF8gFNjJnwYnF6Kgh9quBjNI4IIlXrgTKomXTlfIqyADfRgc+ss6MG7x27v6QRHHIuboQRCjoY6Y5c9Y+8GgM/2T4GnEgjhKzfBbH6SAnoWn13v7lgQSPkx2lafSVBjYx+UbqHMnZQGjI8nUKfMjykscv0i/JIoMD5idWJKNzDTudJ4+JEtg6lTEFwiETES+JRy2jOD+LWE6qExUKWmM6kBAz/yxQSqyXR1XYQIQy5enc6wrcXrrhRFweB/Zo15dTqeJ8iYQmBOtZHLy7S9FG8U90cZUj9yOoc7mCRRbCx/4yA2ImIlDkFTtNhBgVLs4QP7/RqLTOy1l1SRpIRwZxxwj3oSpt4c+ZV57NNlgXPMjlaSyK4NGc7c5+/oR5Wh5pC35GDhJyNiuedxQ/scI/+EFIpB/yGTg7a7ysnLNYh/kjEDI8FxcbXCNHNelplMeHepzQDFiPXoMYEJD50foomIkCHwIoFNQ1PbNtsG1XvWhcHbmiGOvAnmlyFoepCgKg+5UXYL/XGaJmZICdOKH/YU20Z08Qp7GB1Sww9c/kwpv5P7r8V0qDDJ4yLCKvrUBOXiMuCZcV4ejjfOb/UXAAwCWGrBlHzhmAOD8SsytveQl0jxAEoxgYZPrvW4koNsiwHcKHss4+SQU0fxw9Iu/mNLr+GbsW/8wJBgPM6hg+MeE2JvwjFT7iXcxmzgF3k2J4GE78dQRYtmBEhd2MG3joTZybF80oFP7QMZlPFxuRzeesFyfcW40QRDBLRtEsioTeUdkcocsrFA5zohEmAsVXZPzwre34JmGWboJVT8XQDm+LQKaJBY3ot38jIEBRYG+gD11Zrl5UbtqGD66fnu7V88YKn2QN8TM8TKKkXAjOYPPIBxHzpseRbdjjDUbCRUaOeOIOTkHjn7mq88n38uZclUc4F8VBMAJBUBFQgwZ+1CA3rPmKp2PUnCQ4jCgcPcvf4sa5O3E7oojGNGYYIuwofbRt34wAMMVnnjAePa2bQy67S8Npj5VYFMFEMDg+w5fI0L3tiWwHltS2uQQ2Qtob5mtI2h/DSXQKEs5EDxpSMtscHB/i9ITBiBidAsyk36m8MavFfSB5hc2SwNDIZE9plifxzAoJR0W8I+TNpYCXmG8+Be4g6wgxJSlKiAm2OXogFlg1aOITBc6ixcR4V4K+lNVUw0gsUSZVaEJdE2mms5jb2cenMZvazTUjzTEoPQ+AW0PvSsF19ZFhvCrF0MoTKwswoXHaLFfgAadYkJ1l1j6X3vtKc76N37FlHPscbIf3NVxOI4QTyZdyN9fLW0yPPNg8yKECwkC7MSLTg1K2mL2Qbt+6E8wIy34k8x6d4Pi5Z+JpgLwpkBl+IfvrEJTTYQ4aaZhNf1sV0K9ox956z0y1YH554PJWqwDSgApACA5YFUJAE62b6BGQMVNE8TLb8D7awWEKFHNDdAYXSdrAy7/uZduSk17egYHyIKIhQDSPjZgOHz3sCJhH02TmRADhuNbcQawUUybNAh8vM7r/Sk4rYroF9Rjmg8ULPKVn0MzyB/gkgTIAs4hi0kjINoI7c1fKKzmrA9Z3Be101gjNtsGwURqjN0IxoGs7JhtBQ/bJ7ofXWEmyC2Luc1pTEYuAG9RRRCosEnCyI06odVOY2W2M7D+S/wWcreA1GVWHtpRbeVIWAP8YGelULwOl4SNbEJ79CmJg0k+K+qKvc6WozTIAgd2vYDecKgREKAoggrESli0qixJ37K2rWnazcRdB1iFzqr2pSYgS1fxkGQQR0TpeHs4I45yYqNwoPlIc6kVNhB3Zlix871aDh7UGGVkdwAKKEG7C0f8Zgl4eZ3DWI0kU4w6Z9J1jOvslTBebFzaLs4tzHEex6jlwdjlsnfGbK5L5yDYqMcgrn8glMW1orzVpDbNdFM39nEl4AVdj8skaRLki57xnPjQxEISAZbPZfEenU+SD8bydzExNJBsppfZpHt1w6cxk+f0/3s8h7wDxSWtcxnPZSo70EnKTLsL97NvArp0rWgQ7iW7LkaRFbBBlt/N7UWZtI7IpgCgWt7VKZwycusYwIjjR0GxxWdZyIghZUUTrLTzmQRzZGBnzROTWpjG679sHxfBsSSpYWaJcrJjsB55NQLPC7SlKlZnVQbNReGY6kGFDQfR92EVB2kxAlu40Y/Plv5I0K6yHYC95mWHT7UbOGAM3s2QZH0qA4Mv5zkYH3TBjeksGKNAGyUz/OZL/2AI2F1/93j/7VbaMC4SOIfyOl7aEeYlUOy56XhUAfYBaQ62h06aJLqrEmJDf5AmB5+w4EBTpAwtHmbaTH9cbb3cKE3omBEsqwiFGkbdZ6CjJRVp+WGdz2C7DfPTjKXVoB6QwShB4xIz8dJkwMDuOJV18j8yUm3wHx/AhAOCjB4sEXu7F/WBL3VTFY4kSHq9lm6eZVCiaNkY9+5IIXzCZZJngNheSw8odgZFZTUWPHmcsgQfhxvOPSawKOdGMCihewAKKYTmeBdzuD2Mh9+yO+ybORy8o/J32hI1IYnDHE6MZ0Q9auo/RDPot3n4+HNLItTqiNhgWx0TGN9MrFrCAGTgWMcSIL7cyQhI43uMLnOyw7mSn6HnkHSQX/KZ/PwJathOAMZuuhGhmRKFyI42OYlFQVataO+ulw5jp6kd6odMsb+oRwsq9/+pgijPhPEcwd3CLCDBiRbLQIExeuINKeQKiR5yfIg9JVlHkj3QmtGM6Sbmo3RWRMChqHiYyJg9LNrhDx6DH5H50i5g/o4QDwkd7+EkbOxBiPO9JdBuzxT/xdMkcRpDsgpwsetkBm1IgPlXxKNHX6ChQHqXEWpbvEn/2ab8P43Mk8Kgju2KURu+8Y1OYmg1mhjCN0lXQKJDzPiSn+7Kab2MH8GkUd3D5NDnGv+mrwDbYNca3XCbCejq2sDAyPV+qaXSTwmQtEm855Pyh0CPbZsiVq/Y18jKb8vE73to2QmB/hyHx/8f1wjhJwSXEFaIIOvPMQ0W1CSU3HGSCjLlBy9/G5IO8kevmYqYEeBTqNY35s1zO9kS3h/CEVZ4YWgQg9+XmAu+5YpQ1rIDcWLB3k0yazXnjl3+CmcmT0ISBgTukSZNl95gWRdEqilahysJi6FN1F/2hm+AQYqXzzbjoPnK8fF0CIgaAg4+ZkDRtxQCmJBFlNIVNPqWYMwIBXHw9TAdSTCBAxQx1Er8IjggsU3xyo3LJBXnD+qFoCPbBAZAabOKL8HsZaW+OHmIyZEb7QyHKpw4Ov4ZUza0RW06il4phFiw7nZRinpd/I3LZQ8koZqbBirGIcRTSr8Mv4iBmRRMACOxPooLZqCItBgYjwLUUOAvzTPddxIdZL6YwAUGOflwZcr0icREjDjVjGR+YzLHhK/ofLnZ2uCgQEWqtQkMPQwLJBs1+MOSIiGc5LxCNNasLz0thk922fxvhkd1smTqWbLWXo0lhI8MQ8Hw/gnx3ZLgMyVRwSNCY783xnHs3dvmpgujDCwY12xWJwM+EduNjto4tJzctSeR6D30Jk48y9NqvqZz1+pmCXsrsNYuupsJTnoqY9pwhSHFo4iRrNKR48QKuBhBDl6B4u6R/5vwh399XcZo4gaLqbxliX79wFbuwSpaDlDFVc0hTM0/NuiJ7f9JAd+U9OxafM+/huKuL1vSGhNfkovMofPYH63tkIk6mghZgApsii3ioEHE5DmbWHclhQzy2ChBdWcPB1/r8A3Bo8CW4wDe53hbWJLMCFw0tbGQSJkn8Y9lgFSRgb+wZHABAlvrDpHPyoyqU/Wq46XwqsIkLhPASl6t+sZmFwBlPFn+R0d5AnmNBAj9b0LJjuWjBV41FFuoam2a2co+Sk+RYZ8md3ZozeRPGbnjayZFSCAqxLLAoEBBQJW2MTqBcgSQRnefCQ3uLCMWvfSavpkGSMDhmuFfmfKiAwDhms00XimFoAw49V+UMITgiAHGbEwgM8XHQr4Ah908mQ/fHM0Vk+19BIYstn4NgiwNMx0m0OuNrs55M0woFa8JNruseoCMW/IqVEEmu4EhoWRWsshuF12XJiTG6+ZepDiMN3bgA/u21oMqW4+wHTsRRVsrIf3SMkZu6LMtBXMqPbc0O84IMKUOFGcGSyUjzE+IsOPC/4PaKUpgTCxDdwHGIK60fBJkLpKDnAmdrQBRkSwCPfpBodPkAcGvKS27RO8+Bv42lWIqckKOSzY/dPsAECyUciubS+k7/yD+UZX0rIGb60f5wnT86LLRwgm0RUFzXEAhBh5w40khy1Adh5kVJXl7n5ULkLy/LsCR7hZxNrCuSM3JObT2HnL3ju43Ik2piFTZrcQrBkM8ES9mQCRkrffierbF6IqxKyspfFLJyjTJUMCceAQ+xn8xUOZLibvIrJiR9k4cpvlJ4u4ekono8xKApelyMhBgLqSYpc979iDBY0sJX7ZCTxtHzDaIkp9nve6qRzXI2uYjWD+P0LAWdHYtBi+6nIWs8vKeFyZ6vm2SivsBygac3+ynOs2d9LMyGfHAVIZsRGD/LlLBCIMMngq1pAJtWp1jBSqA/xMQ9MuKA4bQq8iLWhK0zIOhilbhyWEIECIJ6O6SbRSIYf9/GC3E8i8bKNjF0jlcs0A1GhGHYfGws94js86yIxSWfoOr5jsPhkXszIcvlJiXyU+anx80UogwxmvoHhswBXZluRSLh3ZbQ3iR7jD/4qZOxh0zTMAgTd1fC+ochEmGQdirSYEiE27uWxnJdo5x4p8sskv3jCZbz4sYWcBq0DfnhE5j0krPB3vaMX0N2YZyJuOZcG+a2sllBUlgEQKRBiVcLgqaEfZlyy35gmHs9nfhZufFILrwPGgEOnDVGOXy5GBHkwKb7muXs+DG8IrHIRIRLAOFo7EhzMpdwgA4AyjsWqmBbBlPGUf97ZFnB4VEPHz3DwEhdhS+yCuC44vJX+TIIuUNcmL4wiHIHX/SqI59cJkW2sXfmCCBi/NDEhWuWI+i7+UYipkCITghGjwa5I9EYb0AOiYzzgU63g4kcRvYYZVkVspx0OSoHbx65ndQuufDph8DGEhgCC25s4jVpjJq4Fw5DhpzAt7Sl4gmJpABAolESDtMXy6m4SSTX3jTxz5KY1N8A+OTHaiaF/EyG+u4zM//mr/uPAAC0Nq9Falf8SDVM0E2xK4iZ4VvxD87sDzPaTscpFATyxpoLVZhDBMi9EWDxQkw9LM0agLnOICUhn0BmOxLjBFgwPA70Nic0chnIsFjOFSnyKPH7eZ9suzDrYxHLAudCxMUpSgZ930QE+Tf7flaafA6DkwNrsq6gOGnqxQjBJBWHSCDlnFJzshpNzQvLBSLgcwWCwk/PCt/H1bmoowF+8jnOsT0CJA9tYoOyackMxP2WuJnIqv+NH18YohRmejNn0B0JQcISBKxjZH1YM65ITmRVBMhZ8lD1gv26SDBgLgHuCxY+0xkE9q7yJOH7IZTy6y95O85bssYZUOlF0dyHhr5aipBELLajRBu9dCZQ+eQ4Sty5sg27qWfFP73pW6KrEiG64qx8Lw+GqGI6IqPGBDfCgiiFqATASJIZ3CFuTwPonF+M37DmZihrJbM+LLLvvjs55w+pDGYgJ3YCDKeaRCxOJUPZkqPLmwVRt38QYnGK6nv+cxIc2IkBaCqU5BAGANBg9to60+WARppArBc3fdzhZdSAPDne9hoZlb/CmYVuv/gjUxysCANJk3sYFmsDSUJWwzKRjOdmtXWSvTb4N79uxTjg6wi8pfyK8Q0ggnBKDSNTSlAMMZEzh6ijj7RowcULwvuHLuYNfzEO7TDgxGbPMtH143MJ1tkR1yh09RdM5g8RWMoVmQO/gM07UAj+uZQQCyid2CCHhGSPwUktsied7C70sAzrZpncUOSVhMWzUb4cmJTQa09oEkOTPbjJIShpZaKAbAzNMZ/blbUSJHdHk5joIVc6lVLftBswNp06bexfmaP4h3MzfizUQdmuf/8fz9W01m7hJcJRKnQuYuaxPhjP6DlPOixsyl4BG4drxuIllxW6hgZKhhDxETI8IiIyi8Wgtc/3hqzAZFHOO3FZNQ6Ig7Ni4XvuSgL9/CVHieYFJZ5Doj4/hfn7DI3gXwLMXNzVABC4oWYIS8eawZj3irvLks3wEnMs3K5ZY2MmPFEcSERaPp1TFSMdpVnkmobmd/wERPEPSmMOBFprDRHCDCBz22JSE6EK99lkYMJDRlbesoNSnGPpWRW8S8g8eZuE58Qq6SlbkosPR3xXTNIkSJ35RhT8eDlUdIXsRgLkc3o+sN80FmHDA41osptqGFxbYsJcz4CkwaSh+JTCBLfPIvbY8t3xHIykZYStj0ocORH+MTk+nCACIuXf+4em+XcVGTeb4LjtJzWLmMc5hcpZneLs1yDEa41uROMdvctElGdHBjXyYVR8WVkC8TxDutQ3angULXdH923UmNgjyrVM4figMziJyIIDgN9ORhnEIB9MAdtumdiR3JkKgVJgsTfrwmIML8k2pORbc4mB4uhxnbSTbCrkTOrCWKEr+wdcpEMa3KmtQjSMFQ+lN+Qhr4jx2UBC0kI4hZ7X/n3AAM0quhVVKTmCzkC6OwCGcS8KhpDirXyWZDOX5ETN8NotPedNCrMZwi4FyybCTAkk7MhlRsAP5ieaOFZyCqUIBSHHsLzh38Hy+1aZkUIJyMfADn2hM/aT56XvzqTZE0xcXVLKbbswb2GPkBsJk17hzA6HFwKQRr/S4h0AREOzaQK7psiYw8hDI4Zo3Qgj0AH2tS+UXDKFDWc5hJnxbCbiD11Kzy2sXQGz//LNi+Ldu/iECf+R05nzkoHS+H7qNjjVkHh8CdNMqF1n4Q8lZEk5LzjEV9Y+c7YCmwpg5QliLR0jgvNw2811oJp0k2OPXRKLMUQD3sY/NeaO3C7vdBUlUB7pRhamaSzlOCBD3nVJPD0romWJKG3mkUMu8sHcS1iZSSNy2sUbMaUk975MOm4D8jEfkl8HiRnrK7PJ9AEzy94s8NAeuf1whjdbikjzPRdNgZkYn9gHZBJCOJEenOCzXLeMySGxBIdsp1usqrnkM05p/B2PeS7aj+vdIF7jSsNXpVSUJlCC7ZDAjwe9YqIhfyUoBuOSFTZTSZCcyAwnOzAEGLdjufWzlFDFsbWdeeQgZVjg1IQVCNvvlLtpw4X3uwDS0memgLsV8XbAbCtmQ9Dl+0PC9PghGlBJJW/Wq7FZNs902dkLvzyxUQo6xwoNc5VJeYYy+GZNcM7rzzZsnugmp9V0J9OA/XRn04jE35vg7i2LUkJZMI3Nv4Xj70bzG1eKGmwQGz4zkVlWZxoSCfHIFylysU7ahhmHWSdahCUN9oCiGWn4ubhZZ6dp+AaT5Zt4bQxiQCb3BFbwkjUjgkCbS1DddsWcFXbfmhhGzg6SmR7jGHisZ1djXRugaKk0jGd7WdEfxkoSX+1gCO5nLNwjZqMF/qFsFBHT8DmlGsDbPRKA9seCcC7YaXT4i2B5KEqMrQ3oY9SWj0wE9sRIFakVF56IeeBm0Pt0GcMzEjx/+E9xWBD+3W1rhtxDFIwJ49tRLbVE4TB6AiRQFjAimB/tYPGkB0SmhsqdN3MdHhOKLK1EA4DLs9yuTMB+OJSzKNVmDnXIhpbsvIsg1RHXDAFjRrDYhLXKgZWaMhePnGsTz+WcrrCUH9A1iqGJaq39L77FKo4gHRlDYxZfbHojW22ZY8g0lyuuREu/kGaJUgfs5uPUEc+CYURgrjrA0RiGfzp7MsVqGhTdiRqZm014JkMzpcpdDd2R4UZu3KQv8Mmg1C8M98RZBBqST+RPc8kwyu6MkkwaFjXbjxCDx1Tidkgdm6oJc9GIKHedtTHOdrZQ3KXZG84VAgsikpRhbtfPbBrmZk3TRtzqsegvn9jEl1j/lGGuBdpoVogpIl8By2GccrGhkMBEXx5+k4xO1rGzckvDHCAnhKFEqQ2wrtHlFUbwoyFSVHPouZGbL1nsjA8rImPk4xO2Q3XMlMoCDmzEBLfG4hAbXzTwzMEwoJ/fOBuIKSKTTFCQEBkQuxKpifucGERpZz61SyxmUs1qKoBBzFshfsbIEeN1Pon1pU0ei3DMk3Igx9yR7ZjoUi5KVA/FPJJjCYsOOAGYGA8ZqdvSmA/e3GcuQmzPM5MEjMUvvXy5N2+CNSFoQK1FahRUCf1NuzCLblHUShE5IbRLcCTW291siQpxxIaIgODbDYnEPrCeXP4QgNwvMIeFXBkMB5abbMDC9HPrgZFbOuVZjn3HlTUSF0suDYTQ1jAlaKvDJVEeNEWiIHKWCd5sU1iSDvzmrPRK5yfNLQQFJhhL69TerQGCPQ8rzK2kVcZD8ekhjngr88gJZAva5PXP2m0Av5RIbJkYIFphM3tgZXqR87NB+03dgtCsmZMzRW5lzOPOXQZqDYAambG3em0472bQkeqUPMy2MeMseozWOCydtlzox3a027HCjHLjF2bDrbp4AWEjgAxJxUJs8I/OC9ipsy05R9G3T69YgdGN45wiv3y52c8NMwLiESI3ziS/Op+VgBbei/x3YtsAaq0JKF3/ZONLRyC/RmGJ6xnedgnoyVUpIrHmPTwgEWukDLLb1EJhiDDhQSujVSMu43zcGEPGCNOCYyicMo+yRIrOUYYAk4EgFy34fCnEnAlvRf6frJFGiDHu2c4xH+LgLAihHx2djjDn7RsmEyplIGyxYdhHq2RzzzvSINBqNDqDm12fTGiBZqaFKY5wS4QyX9xPhM339oloKmYcB65NnFFeNojNb4Yh2SDfTWi0zTB0TxXOtSZJfZRLC3Fy+mg3FZr2bDiudE3xvGnTJB5BI3xiIPERFNhtieJXGOKp4ackAnDLQUTB6rNOkWUr/dACB+akOH7RBAcOid+K4AY/+EeQOjaXKk6cJMinCS/yisiTFJnyNQDKhvLsKzYuSbPQNo9JhvCssrGRrfvx4ZsPJoClFI4g65/jKleIXQL8jOxGts+6WQc8fe8vHr+J7PAhevOEe7hABYWslOtb7FS8KcxNhsjOGnwPb+99SdwuR0c2MY6GF59Ta+ISAIAo8Wa2joFoKtO4DujQa0SMz6RviDl/k6bNOoLrpFx464gBblCbtoTcijkww4loOxiF7UDC1YOTHze4N8sYiKMGiXQRAHLOc+4A2KyKhBcVIh6YTHZZTILBjEKERg4uy3IQmBRw4xHZNUdXFMdIrXG88P/6TCQ08RMVEhG35Y4jgOx4Tyab5PjHpEUQk6FbbgomIszbEefbPaa8FYVW5jux2+4DE3A3n45jLqwB8OGco4URwAl14wVCWSRIliBrhzW5qAGMRrlIXqiVDUKVl3nyI3ke+fkNisEjUDSrqeEbAKIC0gCKB6pCwiNhcYcWiUvMXiz5LFgWnbI2MBNT+g/pZqLcUi4bGfw8ellE3g4kc8n6RBfFms+uR2Y3SOTX+c9mMWVltyyfXE7sjQ2Z90y5t83oa1PYMJdwyCMXp0xSEYeVwhOAHLKTX1aOxFQkGFkAQARKpUIwjBA/O0lukDqdEAPxMkAiiiRZnAUyPOeMugy5eAQVt5SyHVoKQwTOVGRgypEkNpJqdNtrRQIfhmu80vZ8tFhDI4kVkXMIwAKmFEUy7HNOBjMTMVQRovZzTB+EmHFQQ/pEg5oP9q8MX6WTzNgXIRQx8nFZCjCE+U5D4yJgA2m5AeOxCGIbjkmbQHVQzARiSqYkncduDpTgGr/sAZOhTsGhWay8YU3ECy1EAjKv52YDZUwmNfpg2zSIb3RhymWfsaSNh8CkGAEXJARPQgxXiBpnx4reK/CGxw0IjCfQoEW5MgPYkNFlJ2R3dnHhs7YumvtI7hszZzbLfG455i4uSnBruvjm7pyOhjRKHmwAOj4qCDyvnK5wKBFdTcIzRKjM6/A03K45JIdQHHeOJEra4vhYWJ+oNuCZnz6unhjELaMjoQfK6XZIJkYOfHSMEi7FcOLRAMCccUKg+cId2Rjaipjb2O02EHpUWbIUYBIDHo3lCTD/NyP4HWJhddQGav48EZJQyP6HGMl/ZMIiS57xEE2XO2/G9+K7IgHkqxQcRYL4ATTckYhGrdDJYLASRqoERWjZaRhp/9rO+d2ZWshzxC1rPglAu/HCTfOV3LwDgXud10m0BgzmjtyhVmaitJsxX0BmSPBjmmSCRiAnXF5GdpzQGClXJrtBQwWaw2u0+68mIDInn4GReSa/VjULNLuLQTGu2mzGMcycNkOAGsgAlB7JKp1nDiIqVEEPgzwzyXIwBKWJ3ER8iPzsXMK9hq7uZhBFP1RkGmN83F+M23o4yLccs7A9jrC5JGD0NJiFvGXJRnUhIiBC0kDgTgTx7l6Y3ASEjYtwSAM5YiZq4vilMQNiTlUTR8y5xk81Sd2NCHAR+akn5FYXhicGUTAZGvvdH4lH4bkcn2khq0ZDc6OkHkoUNrMpZYiy4uGGRwhxuOVuM7QQQKTtoqKaENbkYTFBXo7EuIjWIWaTN+4VAOITgzgeKQ6+Y0btueTLOxljC97TZC5yF0jpmmPk3BRma/6U3VeeiqgLE/XATDXk/UXhxodFpD4SAnFku7nL/wGHG3o0Ijztmx4NwzlrZT6ohC7ZNoRs0R3B5EwdJmMsmTTG01+msxPURkhgrnrH+Uvx8CHzTnKDECr4+lZSEsDs4kxkPmRU7FNv/9WILe/uwdoCAy8hOLtj43hmksJGX9cslWwi8Sa3Rc9Bd0GPyAk5c8ytbOIFzjQ38QHsTt0Mu/woQzJecJy0fV1sHnPevQhqqXAFmxQfB0cgkKUsg5WZRGo8YyBwz/tO+dI8B5h+zWKCKIo2gtVEwKaMkQWIchNXEgTyygiyM5YoGkUGENE0CyTTizExjG4Y5d7aJ3LbPX2CSslKiLVcMiaQ8jzXHIs1NNE5+IVQENxJ8qyAIRmMJIom2OMwXBPyKuJOtTRag26Y4A84QR6Unwm3P5PcS8/BRQXhQbcz2IwfhRM+DDXDsiP6XfZrMbSCEWIf8hh4ElFywUePTYFl/FWc1mRHITtsMBpM8m2S6UNRYWVyIbnBlv8omM8XILDcjmtFwO3tCTOFoMnWD0zeGJRJWThhMZVQg+c+hLqNXd9DRAplFUsrhB9YdMe58uVhL0jo9sYDgGI4uGzQGHUw5yH6qp8Fot2is+UAeSFGFx5oQiVEw/HJnX9kPJjxQJ7Fihkaxmb/7jKK9dygWFKFCMGfgxV8m23uAiFvRphQBguQMQESMddDhk9i27cDHsuX5wJ4FJ28yIZevpyxYpRbomMjbybfiTSLm5gR5ruWibz6e6Z5NYktGVmD2sgbQ0DGgAcSYy8A3NPlljtCzSHr0dweekLyO1hSh25bSlxEG+8FmNIzXudo9kZS+kfvoCm56fCR3xsIj+xZk0OPONnEwMagIkea1R2GPUhrHKV2mFUijl5QVLF/JlpqAzduiIolJtlgm2MYUR2eA9te1VAd4M41QJM2AaObDL5AMcVcstqpqLcCOYPTEMTmc3W5PsHdAnmioshNphjAEXbo+cDCtYngpvPHUo/k9Fa/AV68WMT4Ba6jED8MbwumbEzH8vOIDjBHMWIRe8AsexPnIy4JsMBNXyTYZRZcPDimcpVDYdY2svnsbeb+E4Wyj/kAECQpMj0pHnHhJB03ktSGI8Ji00zya2LvOBbeSDXVS4ZfUagaPSLOlvSyQkx+zSACFKXrjfxkHaK+DcNmvbJ4CzciJAsnW96LvsZjSQmJ8xLXJ/osprJJjDnmMpG2Q4n4DDHC2XefVfhTQ+lvykEbUXUINTUIkrD/IumXlGu3/OX/a/Tu/IoiThNCElvNHCJYtnv2OUZdMfzfOhT5WgPPp1wb5zUQ3J8QxMuRGbUmkvUgKK0fJqhmPuVaNMIhllJ4fPxEmCwaCUCbxJPIODuqCRQCKlRONnxaxIIkxhFGI/+Enk4C0lTVRACqUEoDaULUgGhWkDDke7YubEtcqIlMMcX8HgqCea2YSGutNSmEolCIQKQNzhaGTbXcZlkiZUj2GBPVhhsEiFAoQASFoOy7mKRspQAJwW6QAEAgDUjGoBIA2KNzNQJq1KQBoCiwVKAUFJw3CATK6752QodQm3obARIqIkDQCrQCjS5AQftf4L/5gwAAClCZl1BDSGPzJ7eLd0hQHYej/sP+KvyQLpGMyOGMVtgILIMAl94X4hdF/NToADmeSejPMGVQyQmPVyZwxiUdelYcIfc6Iq/CpxlUMxlOToa3lULBI4Tgj2YdjkLZXYRDOY82BP/YsTYTPisH0jyTg8oW6IcDjIO6JrRDwhY2UqazEIKoHEhbE8w7yHxs9oIv77cQwkTHyWc4rjkTyWQw9FqRJLowVB5njfbFas3+RMjDIPu8zsMcHifzrnMb3SSNKrnpZMD9yVg7MVZT4OsL4R708CBf9J4jFdQQHs9ZEpsUvxT1JzYNrB5kxqEMFMcV5OdLhCUUglweB5H0yPmetZolgp6ESFGGCCok20jYEoQPtdg39tCGps3S6Si3gYBbMyQACCxi0ESmIYFbKhpkJJosr5jA2Jt6EWTdM8VUVtbhU+mKoBkEUqykE8pMVVoBzcBxz3y9ihhdKJ9mfUATcFZ6DNyO7FqY6MQc+3ADkwQv63Fj4LKw51v4lsgIJAYqQtWqVqLTnAyPDfJf0khGcWEruQ8N3GvIlbgcyvbOuGq+BTfQ6wRXoOKJsL9OyLaj8rTBN7YApKY7auRhoGJwcJWWoI2IXBmtFUCnhMGW+TKwTz5de4Mkci1z5HkKEIAdp5Lz0OiORKL4ETh8Iq6FBQw7FwCA6AeRYYOZFgpbXrWu6qqqAVVRFGVRaAClqKVAKQQFoA2jiZTN/TzhAWywMxYhESihOQYZyhLaLaWB+gPqVxVSrRQhFqiASIX2Lg80Ya0CXdW6pgKhBGaEtCaloFNipXWtNZFWWCGqoijsVnkFCgCVEx0F2iwFUWCfQiIgZfVJFQUU6HoBKNsLTa6IJu8EkzuiSTkRw1ZXRGwXWBYhOTEHDhUEpBBcIqgBiEDZonVNVaV1rbF0ryEggEbQCiplVqItq52wewkBAoAa3PEhxJUDpdzJGCW6WBfxzhc4ac+cBejNVxBFUdNB3y6IrNt8Llbc3Ko0IriU2QZkFEZAtu9BnDsoiQr2I9gNYBbUk8AWv1267gYk57U8Ud61ooTpI23S+VwCEj8rGcYQx/CGarwi53YKRJkYRpPiQgu/hOJebghj5Z2+t7G+mX8m/UG8CJlNNeXF/Sklrj/bQfDEs4ItYUVeL1r6E3xrDlHsWClD+EK2Qz4sOfqbhvNN+RiTNz8dqaNkGyWC+nBBEjEe8I4Bt4g00dHiIsiJg0On4IEDCRxxJSTztM1pSrLVy30VHxySzLuhwCodJfnse6W1G2gWhqh/1C2tdAR/z3gjAuXgs3kGFCaC2yO5c9BLtTFzzshBGIUjKcP+MHcOQ4z4AE7giQHhMpyqiQ0enUXkuGd0SmzhJAZBpIHyQyBEnn/b7KGiy0W0EaHiyAvmPeyAafLNHsefBWCi4Q3CowbNycmo4zKLFjlijqJZcMuZuZAzckdroaDQWAE8yiODH2bmL6aO3Eu8Qw27aG+BNSR+fk8Z7bc8xGM69WzCKUmguDEyQIHPj/QcKbhoFZSb2kxO7r4PqSbEVj4d1KENzW1448xIQ9LvpG++uhxdzCo1+uCAiY8jG0Oo4egHfBDTeSH2nxsNZHYibK3c9O/uIwMRG2hGgESVxFdw5jE4u8gesu4BN2bkZI4bIRm5e+FUwbPOjZ8aSXkxrxdhRnLnomjILBVnoqgbOCtkYx0kIhgZaY10O1UF071KVxoBFCosFBHoShfKbOIz2Q8BoUnXQmDujKjZJ4vIx7THgiIoIKgqVVOlAJTC+fPa7QJqgj17pvt9KoqWUqARFIBim9YJoGi1yxYAwMwAtKYCzc5XIoC6gp4edNrtdgtbrXKkbA+qemp6AKAK44iV3XJKmkCD9kvxBAD25KDuSFkWoDUMBrquNBZojJYyi8KOTL9uTUYgNRBRVVWkayNYtYaiwE6nHNRAda0KQEQFoEzxW0GhClSGFwCKzJuLpGF0rKMQp3vVvpnK5L3VoKr0oEANCIDKRDjKlAClB0MCjVSoll0BBb+DlYuteZnVnbGbd3rRx9kXmaSwkZD/zBWrBADwjQMORNOogflzQituOoQYSvDiIDB6xDF2+aeRpib4Q/k4NyRDSjlsJcfPhOenuSWcKmX3bTUh7e0584NzjQkcUi/gyoa5It2dTTqBB4088ZBvPMVxW+rK2bjOiLNsDfKBlxTjWXggdmDOiaBZ4FKE8CyjwyzMHPr2VjAThg/NU2MHYmnqcNyyedTQHrZXNN2+o83WOIZZgFn8g+z5O3n+51lE/oVLNGbP14ZYqLGfqsUH5Xg2z2ZDBpGHZmxJqiN8YrABjrzpA28DUBwFV9qgEQL9hkPSJls0oiKEH8ZsOuK7g/jAwS8lhRZXuJWWQhYhBF9YdWqoS4nGCnxBjiM6tvDKAPekKBBDjjm7kL9o6mgx5W0yoA1M/5oXzzy19iYAAUgpR6PlQmhJbPlU+hTjZhCHSgMiAvNNorxqGBvYkRLIP4hR4pgIyGyTdL8nkGAryef7atyt8NUv4qRJ4xyueDE2UlSIbY3AhJe+Al3hTlRgg+E3zS2tPbXE6Y3qyg2yHS9B+FQcnB45uoT2IxKRUgpiNrpBzGtt6N/KzwwqKOL2iYjZUtGEzCk/YfmAKZ3VQgW2RUSo+9GM0MutwCBgYl/daUFmQh2JDdbB8y40cZsU7QMEn6h6sZXVSmEqwB8gix6HzLjo6OJWxcMPy1TZqMKHkcDdXjqMJz3hkF9LirhNVJbw9FPPPPHEUwccsHTNmtVl2el2i/vufeTLX7lipj/95je+4YLzTwZAAK3IvhxJ7Ewpsjur7SZPhaQQlHLvsBBBXdU1ACqA9te+dvlV37/22BOO/eVf/vl1j2z60VU3HnPUYa989UvGS9i9Z1BrNIuJBpyuod2BvXurz3z1m5PTk6+7+CWHH74GEEnXBUCt9Ui79dXLvve1L19x+NrDfvVX37Vnct/dd99/4blnH3fUqumBrioCRP8Cp7Y+DRUCkSbCuq7brWLjxk3f+f4P77r7vtNfdOqb3viqJYvnVxWVZWEWN0lbpiIWBhoLP3SBMDLaapUdhVBV9Wi3uHfd0//+b1/YvWvPm95yyStedl7ZLhCgKOxbLhqgqkATKNSAxhhAd6R4csO2B9etP+fME5bOH9m6a0oVrcWLRkoYyYhRw1UDTE27d0TJbWRg4iR8hguiITxnT5nMiOeyme0cuyFgYil6MhsQ2b9k3HDDKxoTaFa7EiNheArERwGXO9kwB2xwYYfx9SVR5UVW6HEmgGtVIB+cLiCp1DOjwIvha1AKzEcwk5bsYg0trOedtTAQNUtq3Y0pKNpfrQ2uxJpqH7UnsRKA+w2SnD+NCXBBVNZ5B//VlMDwTXDMK3nXFlWfhyCSj2eIApQUDU5glI+l0HIU5FxwHFD5KkPMEz8RUUFcXpk1AAYns2wIUjIkVhGQ4c2ioZUXV4DsakEGeQDSuimg0lqniHk0hq91i2XVpsuxd4h2mR95TpZMvB2DVLqV34QVsk6+R8VohKtwQjOvvdGLEEzVOyYLAybJ5k0iypgUcwxVAydU1qcEHC3gRjIkCWUIxRioYZGUw5vPqxBE6T2irIjY6+yNaBrnkPKULy7novbwCIRRSJFEh2m04RVFrBm8DiZj8TkEzjznIIF/xYxBM7CyOQ/DJsNfcP6KoSB5lWUdo5CTBnYnYnD2EVgvoNxWspIS81hsKJ6WYi7JAJ+REwBKOfHLH4HijO2Jl7MdkhEYYZtkjYBkgTN/Idv8Iyc3WpaP5ioa1wUdrgQCrkqSqNnw+KLJQHNf4tvkasAGE7ZHyw/JA6yG07/AK7h7x4U/GIZ2HL4hQzdOmdg7+C5OjI7AIHd0izgIwHWVZtaDN27cIyoXW1mA6V7diSsXYrY9WI+gf04QVoK5RXZ77NgmG24HpQH2/YxNijkE4ps5D0m4z4A7gijbIYD5IRCEfl+PjbSuufbWf/i7v+x2Fn7kDz78yovPK8rWI0888YXPf2Fyevr4Y0988fkn2SOAVHiT04yg7UmwYOZDKyfPBMj8pUJdg65quu66a79x+ee27njtm97ymv/4whc/96lPHbjmkIce+aU3v/ENK1avGFS60tBWBp6ua12q4vEnN37m3z//0EP3VL2//uD73tluY29QawICXbbad9511w++9/mV9x5/4UsvuPrqa//rc//60otf/bsf/MCpJ60tWkB1DYSkqWwV7VJpgFqDJtC12Yhbtkewr+GKK6685brvbN3085dc8uqxbtu++Cr4CwTQG4BCICLltv4OZgYbN2zbtn1XVfXnjXfbLbj0v776mU99SteDzkh58JpVrVY5qKjVKhWiQpyYN75k0fyidNt1Sbdbxeatu/7iL//5+9/9xhve/HPv/Y3/c8Shq7btmrriylsfe+zR8fGO1lS0VFmURFCYjcRIZaulsCgUKcCpmZm6pheff87hhx04NVMXSmlh2iMqrLyapYogHUyonKHzt6zF5FVv8k6QnITywYyB8TZfGHH+ySd8aXGr4Xtw/gFlboPMKwnO3QJXExKVqbCvKQBAAJ6Uo0tZg20Mntq7UPNXZ4M1H1jFz5hndD98YsyLS0Obd+twzrBHUXtWTTOygM7bOGfhz+ojHvFIL+kEiSICvJ1JcRueHif5j+jqAXKvKiunQxKebAaSJqVpAT00cJm2GIlXe00YwPwQ0508VsD23ETTmmJiNCYfP9jwbdj7q7PWJrKy5AdL2zCXIeIoKzxZiE0TFKVJxNxpNBzZTaRDorhorrlUZ2UgfAYnom4SOZQoVYEkP/dD8BQmRy277cyA1zNEBK71zip7KczU4yUCw8fMz7LnIaOoUYOYqKfyxOKknALkhpZTIOhrPH8oK8hcN5uqaBZHCAEaydspFQb0sOJEM0pzuZqqIwYREafO+fIEBKeWGddXOhpAsKZCMmSTTO+5742VYhQHAzBL9hXxLf7KfpfMghsyiY5lIbdpxErejPQkAstNW5IGh8+MD7OpDLNTTMWypEVGP65czjKMxVkIAv8Qye3wVHkOJUbbKueSxZWPpmzgZjvy9DXxL5wIMHtPFPLXvqB5FhAj1YjbW6sdYmxiBicMqgmYqTXLFEQaAYjIHf6CAObIGYWK/zBGGI9YcOni6cCDhun2op7cNb0j85dYw9xFEB0klFxZmRO6ju5NELMlVSkY9Om222974rEHJxYcMtOvq7ru9+te1euOdSogTfWg1kYPlOOhrkFrAkQNqG1IAoRUAGmjZXxPg0KiGokGgwEhFq35ZVn2+tXxx51w3InHP3Dv3X/xyU9c9f2r/+BjHz37nJP7NdREBVBdaYVU69ZVP7n2uU3PLJhYuPyAZe0SqK601kSaNBDAyNhIUS6Yv2DByOj4WLczM92/8qv/9chDj3/k9z92yWsvKJTuzVRjo53H1m+66tqbt27ZCgQAtfHx/UG/UGp6enrf5NTY/AN27tv52Uu/vHDewn5/pigKEw2qErXWLVTnn3/WKScfXVUaSRdIRHW71dnw5Oa/+ZtP3XXnLZrKVoH93vT6xx/RNAXY/eEPvv/II0/Ug7rWg063M9odmZnpnX/Bhe997/9Ztnhs0NeFMlIH23fsfXbzpo3PPfvZz37+/oce/aX/8+6jjznyc1+49Effv6woRquZLQAE0AKoAcrWyMJud4yo6k1PDgZ9BUrrSVBjf/N3//TB9/2C1nW7BCB/iFSzHAkdtHF3RgZd2jJMqITFMqINGAZxfiFBh8S/AUik3QxphHg/GGVWmmwgkYuMcFYjKYI/k7vZTmn9hy18EKD77QbwC7j2abNi2/hI0JM/OEfSF5/BMdTXND6aNV3hIFIkhn3df4ANYSTLdvbzKMrhC2LpHR55i6cSaJ5SF7s2RsJsLPYkieGoIX7IIZxB43/7IqHAueCnoeP+Ttawqzmim7U0k63U+y95zZx1NYK3hUzYmUEm8vX+XX0JKcDJCVFKyVxkIBUVz7WmNDVSBMqxek7hStS6gaklz6TCYjnlO4gCgCHP3IckVg5ARU4VYjtOgds7zksdYgWGlZ2y+iDgDckB2KpE7Pe4BUEhwVFxMav/5Jln4DjgaOPjkPqEpR3wLihQka6hBdx5wM3uAjv8QFT7AKIlGLZ3V1SNgwPxJYPm2irnwJBXFjDSJellZUt5M0dCfNPhDTn1bkIJ/CKkA2jgu0QkNIt6ZehifivNvZuKgzHmiRgZUc/cjLqnpdOGUha7z1IC/ua8d4TGKFI8SgDC2N0spV6OgEwIjwpIKaUUsA3ZPqhlehhEz7cIe+ZA/oPsRX32wjJgraHWRAAFUqvAsoACoSywKIGLiR1DEwFoTbWGQU2kqdYI2pyDighgTt8Bc3oOhZATAeLf6uLbYqU8p1Vgw3sCkU4aEjx4KStuun2p1DOQ/4SHU4VgeDGwFigcq2PEZ6BhrKseeeKZO++6U6mJV73u4hdfcIYqu2WrQDCCXQ90ryzLogDtXmAxIxNBfwDVQJufu0QADaCoaLVLpQBNtQHMWbJA0EKAzgiMz5+PgL3+THdk7Fd+/W3nXnD+n37ij6687OsPPfLgQ489dvRxR49NjBAgQV3Vg/nzRm+54/FvXfn9XTt3v+yi15x/zolEdX/QrzXVla5qrXWNZVFrpYpi2aLRX/u1XzjxpJM+9+lP33DLrdt37uy01aDX7/d78yZGfnr//Z/4w09s3/QkwAjAjOPsAKACaHfHF5TtiUceevTeO35K1QCgBFRAA4C+a0Yf++O/O/3UozVoTXUBuoZBobq7du656847HnnoJiiXt0fGFy+af9jaI4FAk67q+qknn6r7g0E1M9PrD/rTVW/vxILFvaoGBK2pUAAKKw0HHbj0Tz/xu+ece+6n/+0z13z/S4+uu/9XfuODJWga7Dn4iGNOOO7iXr/X7/e77fb09PTDDz++ZfuORQvGTzjhmJWrVnU7HaWpaI8cdsQRGqBVIBqGa5dQInjd4NoTmVMUPsC582wsFASYA3DP/IHDwNTBZW9pxdR9j1YtMKiAe43D4RneHkIOIsLSn7cBoYOFGI7o4nXZEFPIXbcsK+dRlCyrIyBpJPfr0FwJs34gXdth3fKV3Die5rwIsatbHCOGo7EysUMjPrsh5okiC+ci0W4cDEIkTV/G4Tr4zE5Zs4e8SzaOSuH4FDTPjVzHbBvO+WzhmHhaglLEhsQhDVTIMoFIeNAnAl5Dk4grUb2wN5tYqDycIWJNj5HgQ/cwI1EAL+nloAVMtnASRcsp1dbUON0MMPgQkYRA48WDnKaZzYbxHpMo27QQogQsF+rEAVji45NFP3H5mq2gMcloUsHiyWE2RG8i2bMIky4R30QKyhr7WeZkenIdzhSMTwgJ3StauQkqoynGhFnDr3xjbrKj9vwFON5jeDbPjAKmFh2EoBPFJcFZizEOI4pvJVd2cTyyfEKSPLE8DsgOkWNIvobHkofMjPmO1oUCP2glUevcJAkcPeeZxw0EBrUckpyHwZrOBGru4ClqvJkazRd0cakUwjO81/9KqY/bXM6TSOEbksz9HSqXGEd7UTPVQQJCQgRz/Evq7bJDGanxv8boFCHL1eBzpZASb+FDSRtdWUyJag0aqEAaKbFVAiKShpqgV+GOSdq2t9q+txoM9KAis2qpCmgXqttWI+1i4XixeJ4aH1FKARHN9KlfmaU8UIg2u2LyQQEH61IdYkMWKJF1zF9Dd4DQbB+bWluQJi10A9QmQSnL9vd+ePXT659E1Vq+dMmOXTs3PLOp2yk2b9oCWldVvXnLloef2Eg1aIKyUAioCiyKloJ6bHy8MzJCbp253Va33Hr3LbfeUZZFp93SmohqIFKKiKhG6HRH1z/5ZKtTbnpu06c/+4WVBy6fN7GgX6t5i5auPujAa6695sknn3nnL/zcMUcdWPcGrVJNT8GXvvqV+++/t93qnHfBOYcfurxALMtyMOgVqlBFAYDj4+OosNebeua5zRMLFp5w0omHH3n0+o3PtLswOd1vF6gUktYrli2/6JWv2rd372h3pBrMmN9PIaqRYPee3evWrdu8acuKlSsPP+20eQvmKSyUKlWBuq6I6rrul9g58cTjK+3fIsWakIA0YrfbVsXIeRdd/PZ3vg1078brb922dfPyZUvXHn300UcfUaKua9j4zKYv/ed/3n7rdSOjYwqLGqDWZt+R0gSjY90Tjz1y7ZFHrFq++Iv/9aWJhfMPWLlkwYJFiK0zz7vwzz/5B6ruDwbV+NjI1u07PvLxP/vuNy4785zXfuxjHznkwCWtVlmAqmsqWq1+BUVZgIvwwLyoQ0LuqMHKZcWSSXaTVHIAoifbkdsQCgg3gVLJWS8f4GH4C0OUKBiunGaYXMrYoPh9AHLjIL8VMEPWm3UD8IUZ592FKZzFQlNyIMesV7J44m42jpBvnAYYESael7lgXTI58U1iODkZP7OzzFw8tIUcN8RihrszF8go4UfQ5giBxFf55suQywZUUW38hfJvto4pZIF5LiTINBsC37ZuplqEzX7jvwjss1lTAmZOM5vpy8KwyIg0Ou5myc8Wkn6WS0jRC90OkPbxdatGAs2/jbP8M1HH1z/tbxaLqhjD0nzg2/EJ7NvnGiKPAmCX5cSxKPbi3i9xFkM4y21HKn9RFSS9iCgUkBjb8iZGpGjEeRKvMfJglNz7hL526Aqq5CJvlEcHe2MUOYq4GtFkeqyTtEhFlTPmEE1JOAfB+BZfG4maKOas0ZbNiD/MnT8UYAsPZjjUfCaQBEIcggQuKpcJHM+vrE7xQ3bswcHsKSZw0Eu7pIuXZuMh5LvykadHDyGaUwyLn3EJqoEJqcDvh3/1y5h5DQBxk8Qk5mvPJt/0lgFYwGhB2Ev73y0EcEeR212D7rcs2K/Qog9oXeBlDlp1vxlY1QREqoCRFhKq3dPw/Ha9cWu9fuPM7smqJpjsw859+vldg0FVVwMz/4QFlojtthrt4tIF5bIF5cJxNa+LBx/QOWpVZ+EoIGJvoKd6RIBKmdly667uqHQrLezsISY1bKnF3xYuIGVOGhJHkxii5xAdu2NVANhXFzOaXgoB0WFJGnRNmlpFsXHjjm9/+we1hs746LXXXX///Q8Oen1VllNTewmoVMX119z49FPP6loDgEKs60opUKqs6/473vGOCy88E6Ag0rXWo0Vx4813/MPffLLq9fo1wqAXZtv8EKwa7YxNqLK16bmNn/qbPwGYAmgZB7Rz29b777gGYGTt2rXHH7Wmp3FibOS6G+6/5pprpndtPvfll7zpDS/Z8Nzz11x/+1FHHHTaScdt2Lz70cfXg64eeWhda7S7Zdvzf/JHn2ypanpm6pkNG3ds3/rXf/4XCycWv+m15xdQ1bq68JwTzzzrxJqg9BkVQq2hXcCG5/a87/0f/vbX/uPs8972yU/8/poDl84MqFNiWVp2VhWUCloKejUMtKo1DAZ1b0Z3RnSfBjODnq6rU0447p1vvfi6G25/4MHH1q9/9MBVK2tdnHTyyWeeceK8Edy5u3/PT+++9ebv96am6n4fq06lNdZFqwTQNDOoBr2ZsdHOO9/26rPPOrXVbrVGujdcdw1R1VZqYmxU91WrRapVPP7kU08+8QTUtGzx0mOPPogGdb8iKLDTVarAXk+jUsb6Z7SOZaJOLILuW+VG543sK9RSx+2b1s5tR94SCPy7GC5ETKUcorPcs+kcMBrsmM5x8nYGkDspgzwM8ppnbAr7nRVPKjTGwd5fWX3CcDtoWaiA+W+ObSACdbZAErstTyggILkTEtwiZGTYYx8b3II3BLH5jl6UMJ88HBcnxBZfjusq+R4nbsuCeYkJArBHmKSRUhSsN7IlwYq3j+43hYJR37mE7CLcykWGc81aZTMToAGbN6YdCGh/NmK2WoXrkixt+Q/xTbNK5nMkuaLlP0Xw7W2l+E0j2YHhLMqFHG+d+oZ4AILUJZTxjrGWW40aEp2kgVYam6Xs0uysI2R8cCeUyh2XJmWQnI+uJslIQ8S5pI4C8ySVbUp2siQPAS6WcBHjk4f8hDmjMWs5TXxuGJ+nkCVDwvufHGS5BSKmh9Pgb7owEqT8MQfkwsoGRF20xXIMKXC8xpCrNzSyywtc8C8uxxhuYkReapy68012cw+l7xmiDxn5mDyLCPBzo7ujXjy34gBDdCI2rHHN5hTS6F38+LcuBIyQcDLv5RbXOZTZFcli4roSkZhEwxAK6IVSJZNnEaig/THGmPKGAg9Eapmoif9g4xTMrGLFutdcDmwcOpnaJt5R7is22BrPUoxYMRf0YubNcpm6ydzreYgmD3OxiuwndYSHdwDRrjkKv26gWOyqCbSmTgndbrG3D/durO95fObRp2ee31M9v1vv2lfVA122UAGVLYWkAJC0AntkJVY1adKA9MjTvQpAFdBSsHJp+9g142sWqQOXtk44rLN0AqqKpvukCQp3mqoKvxTIInF/uhCIKeTuFPkdIH5GSqzSgUHCrNnAPBQOgrKjxyWOlD3rQsDQ13qk0772xpsfeeDeuqb+5OR9d15v9poCAMCi0fkTSsEdN910x03fAygBCgAA6LkB6pNPOe3CF58JBFoDaNIEg6oaTO8tyu4rXnbRxPh4XVVYKPNrJgqVKrqPPb5+3boHik7n/PNfu2DRgsm9U0SoVFkoHPSn+j1atnTJdK9ulbhrX/3lb3zriYd+uvSAVR/4zfccfdjK3/69v7z0c/968Wve/JrXXHLlFd+87ZZb6oqmZvYWrfbk5L67b7sWoCpaY0uXLD3qmFMm5q8gUhqg1Sp6Fd5w852PrX96dKzbaXeKElEhaT0z3Settz6/+9mNG1XZmdq776677n3gPtw72SsUENVaV8Zmz8zUa9ceeeopx0ChWkotGG/VNFogLFm8oOy0AVqrVi0fLeHk44743d/59etvvOUH3/3Jly79Ghbto9cevGBkwcREe3xiAgC63fbS5QtbJUxMlLqGfq1H29hptaDbIl1V1eDwQ1YAwK6906pQAIiqePCRp778pa9s2Lih2+08cO/9Tzz6GLTGbr/9rvf/zp/u2bO7P+h3uiNvfuOrXnPReVVVt8pSC7fGXkVEAve7oVJAvaW1uhofkBz/JYCw99yZJoh7UAjcYpF2oQDvE/m06H1u39WF0SEB8sNF8S47cCzxdLmLUr/qkGV0kKAMgnaZn+ppBJ5LukKUDISAKH4SMDHgWeDCerMkJG1NokuUtrnIRNxMq6MWJbGXTkZQpk3qSFgADYx7RKSUmnWxAXIMTGNRHlSkoeDwuDxtb2KAbGqX4pNini0rOyUi8NPdTDKAn5dhbXhlnAdO9inXGgE1f3mXES9jZF9L9skYy82GXOljkc1KHHwh3mlfJuzPJp8wB0zCWM3T6gdNtEW2TBL7FPJcJLzp8qHjcAizJrSzSiy4sByYRgcux4F/yhJz14cs0cqDmCl+lZSTjLR1lgAjgLyRtJvMEiJ7YYrtccmPzjN+CJlTWuiCROzYV4EXMBZk9FxSGpdPQoSZIut/cL6JP6YVIMg5iaDEhT1wGUccS0bHwMwCB8AvUu7XJh/f2btwYje4gXPJ8Wy6hEGIWaoJcfRiG1twGEtUsAZNcpvAaKTM4c8siHeisllIjIFFBj5Jljaosdw1XKFkoTHmJwn+89vZkljqdTLjznJwhbnc+Rt+7Aa+54TShSiokVx4hu58mqSVB8s1Rvtjbt1DjaAIkKgmXSCOjapt++jGh6YeeLL/0yf66zf3pycHSkFZYHdUlW0sFSow571qE+kRWTq0RiLQGmpdFEQEUNf66ef6Tz+7q1OoBRPqhMNGzlo78qKju0tGoT+gvtatFjoiHIMFJTk7IJpR8gzFw8SRZXgdjcerWsZOsl7ehSAAolZIiFjpYqSrdu/t/89l35zeu+eAFSvf+NY3tlH1B/1+v98qWxueefaaq6+uKnrxRS855uijUBVl0VZKEVUIqBQOqsHpp59ak6q1Q5qgLFVRtJatWPPB3/vwkYcfNDPTb5eqKM1xRDjSaX3hv77+l598gIqR93/4904/6aip6R4BdLtjRbs1vW/v9N59I/MntO63OiPf+v6137/yMiT9vg988LWveck3f3DD5V/94u7tG7vdsXvvfeCm634y6PcPWHHQ2KCzefMzrdGxt/3y/znl1BeNjHQXzJsYGx9ftmjxihVLB1UNSmldfvpz/3PZ179Qlp1BryLQqAqtCQE67Q4SElVE8OMfXHb1j66cmelR3XeHzPcA2t3RMU30jl/4zWOP+fDCeaObnt9z/4Obtm3dPjLWuu/BRyb37oGidcdP7/mfKw+YPza6dNGCo4866vFHNuyb6m3bue0HP7r+8EMP2rV790Pr1gF0duza9Z0f3rhj5/bFC+a99Pwz5k+MPL978q77Ht66bccZJx679rCVe/ZOj4x0qrquqwqgaHVHd+za850rr3z68fuhXABaTyxYVBTFhmeefeayb3RHOtuefabq9U86dm35ivMGA10oQBXJEDL5IxCZGD+8Nu4io4cIlGiakVEbaIeHsW+z66vOnszqPlxthZlI8YHRzI+rtSGHU3fzPKNQlKSflgUsBuEURyAUIiizlUZBqsGW6Izxt+U8wmyG3OTgcqFtwhEIlQTxBg00zJnKjTTcPwT8An94WNbYMUpH55wt2CF4kiADwmwGkg0a5wLcU5UtH2QvHg9nVjLIH30feBe9c9t4yVnLr31FAjMrvZRfGvXI8g/O1+QSCTmhHpnwNJHkyJTMBe0h5QZomPFs32AQ3aEzPtFKhww3c4takf/3/IqLawnm+yvzHvPg7JuXInn+0gQq8yg3iY1Z9xwuytrKBE5pJ4C5Cc+cdFEx0s8Ib8J4IcuPFzZ+uIjWhp1kQ1px7pwjIEYiYUFuIkPtxjUWMmojNHDnIpjgmsRowyU4QsPWb1BsSPBpW8QtRlhSvfDlFsnqSOXNWUbR6Se+IhnSj6D2jguRVkiU8lYweG22VOPMlrfOiDEDU0jRK8hyCEEh+eOtvX2keEk5F+bnzThPd7MYUjq5CfS4ssj6o+N26qvE0KmB5pqV+EiULYOusbvA5CS/CupVqdnlR9yQOuvuoKvNI/is1asJIlppSkJNAEDQ/uxx5djliSS3z9Z09TsH0ZEItnNk64lIt0tFqO54rPftm/fc+8jMzn16UFPZwXnjqigQ0G2aBSCFQEBE/jchCMAc3ErmZVaFJSEAqEKR2SpQ0/O7q5/cve/ex/snPFKdc3TrwhO64y09XUGp/CZEU9i2uoi2DMysSzaCzMquv6wNYGKedQyM265RNg3gsQUBkAICVKpQrRZ+/ov/fcdNN/Rm9r3kZS//5Md/Z2SkNehXVaXbrda3vnv19dddU9X129/1rl/4+dcWCtCtO1tjjTA5DVN9rXWw5XWtdY1Fq7Vk8aIDl8+rAAoX2fYG0G3BqgNXtlrFnsnJbrtcPH9k8fyRHXv7V197w9MbN5x/9pknHn/UdG9QKHhw3frPfubftz7zxJID1uzYuesP/vgfvnXF5c9tePywoy54x7veNm+0s2b18pUrl605cPlXv3rlFz7zGYDyza9/w0UvPZ1Tv3tS9wekS1WWqFDXM7sXLV1z/JknTcyfT4Cj3e7WTVsefPDBvVNTQOWihUtXrFwxPtEd63a63dG61r3+AEDv3Lnzyaee2L1zF6GmmgoF969b/2d/8tePr7tHle3+zNTU9KQqWl//0he+ddkX581b1C67/X49tW+qAn3bDXvuuP7qTqdT6Xrv7j3tzuK7br3lvffcvX3rllWHHP63f/uXP3fJBbfc+eDvfOjj2597+tWve9NHf+83jjhkRQlQaxpUtdlaWqqybLUXLl3z1re/4+STjq9rQiwI69GRznS/vvTTn77v7rvLogUAWpMGjWZPGbpyFQG4jeJBdfzRNGaRx6mf9xNmmnlM4B0b2xcDkF9XdP0tBv7Hpe3oIUCHYBWl2gdUk0IxsgZMtqX/QuurfFBhVNMi5M0mzzhZNsDoM7plXXkm2eLYoQLlzUKccefMgPh1LqfJDm0isaxk/prXOsKVZlZ+cwoFUMAgR+3NU5M7R5FeYAqFm9JTALi8ndk7QSq5dsF05FxPdDPlVTbZaEosG1e0mKOcS5vs0NnYJgDM+noeW5PjGIopiLa2mUQ1t9Et9igcvZQdaQIcmvk7spgewfBhDzFpzES/DVeaC3CVz8alvM0QPwkN8pBCi5+ypSwrDJKEbDgk0hw+v2Hew3krPGSfVVbTchL/mkm4ZN8MqnO7+FjoVZXb52CdQlCCIB9G8udtpLTkUTQLTDDKJqyH0yODXKZ1MgVt6ulnw9PThMTsqDRciZAIZ+FQheBrQuMkg3oBw0dXMwQbu4aYHGA2xZvLhiIxZkR6BL1psCYeZANiaVDyeWZqZwAguzbLLULzcNG4/wuXl2H7aW4bt4aWu/xdm0X/DOcVDa+czRHyfiuTrQI4Njf0Du6L5E1AZRM0Yi6UeIuoF4DNFgHAvmppb4FzHdRpqakKr7576us/2vHEczNFUZRtVXbML1SCNj9YqQkRUZk30cGRYB2CclsSiQjcrjFtzSlgiR1AANi9b3Dd3bsffbq1dQ+88azueId6FagCtSZlc7FgviNvD17qkSek7M2N2eWLuTd/gwUiBj6D4djG+gtNMVm4Ul+94rp/+5d/7k3uWXPoUe9+11vnjbZ6/UGrQCLqtrHXnyG7MkxlQQBoDwsmIIBBrQeVruqC7I9/WlI1aQCs9GD37l1bty+YmpkhDWVRAEJd0wHLF4yNz293J2aef277889P19QCfe31d/7BRz/2yIP3fPxP/ubwQw9SCN2RkVvv+Omt115V15NbNm/+x7/967qeQaw6I/P+76//3/PPOLos1bFrDx0dUQrggYeOGpmYv/357Zu3Pb93avD88zt27Nnz/PZdP/7RDSMjEz//82848MDFuoaFixaWrdEzznvpH/3R769euXRstD0+0vnvy37y55/85LZ1D5540mnv/oV3nHXGiUuXLZmYv2j7jn2Tk5MjnbJT4hNPb/iTT/zprTdev3jJ4lar0ADzxidA1/1+f9m8xbvrup7pj46ppYsWjk2Mb39++7ZtW0dGJw5YtRKL1sz0dF1NFa0CB0WraFVKdzvtA1avPOTQgxcuPECpVq+ChfMXrF616vG7b/7Spf/xzLNPv+lNb3rHm15e62pmegpAo1JFq6i0HhkZP/X0My666IJdu3YXqqirSlP13HPPdUY7vbqqQAOAJqg1oIkTbOjDtIqYFIW4gh0ijUIZc1JJ8lOIZTPn4cjQGXlkM7uNagjxU6RSLIlZIYyaetvegCt71USS6vYt+/bJUQ0NHEsGkhlXkylGblX2z2J7pymdhbcYwlI4IvKLn/t5IbJwTj6Zbcb3yyEOWQl4Adf/lsckf+SyK8eLFBdC7peVP/dv80CU75oDE/D2971TCBmm18rmi9fc0fnvDBL7PwWzEzNr8hmjEBK8NBBqmuVZZp9FodmwHMWHuW4wjHLOuWs3DzWjrPWFLahynFjoa8dyo+6/fiWZlhxKzE4JqKL33WZdveUXryv4vJ8n7uhi7hisM67sC0u1GTvQZd5ctprMULTSk9DMvBMxIy8VYtZQntNCRKLg4aJlDhYj+LyNCVCtppNlgiDf/utiVtPTl9wkYgy9wJaoUJTVExHUxm96KqWIUeFSgnjWWGwcy509ZIbXgRBQo2stEHNRe0hBiVfQE3qHXJHgyVW7IJw5XgQ+a2+Ik8qcFc4GA8AXP7kMc/yGR2Yka5YyqognF7niMIGXq3Ehk2Eb4Z2LcshE2gWAPMJI6sTurZa4GkBAxM/fyRDo/iKEHWNO0i0m2jIKNCEStdu4t4ffvW3yqz/YvXN3b3xUaYCaNGlUisyqp7K/x0egEYBQWSQw/F6JFbcCQIOLxO3yqDb0IkK3hUrBrj39r1+zp6rgPS/vlgXUAMqkte7oS/RcQYxp9We8WN6x36ExWCCgC9KCgub8PMjpDHedJRPnx/EEBD0SQESFgi3Pb9+0eQth+30f+O2zzjhmcqY/6M0UCmcGuqXU9MyMwhIJ9+zZMzPT14BgzsAFIFCVhhqU1l7EEAg0QFX1Cct9e/b90z99emJstF/1SyzanU5/UJ191hk/99bXLFm8uNud0INqct+kIirL4rY77tjw5JPz5i064ojDxkY7vZkZXQ2OOPyQCy961ZYtz6xYvmrTc88+tWH93h3bz3v5xW950ys6pQKA8REFAL0B9GcGrU6nKIov/Od//+BHP9nx/Ladu7dv27Zj/UO3rj749Je85OzDD12yd0Zv276tGkz2ZgarVyxavnji0ae33H7nPZdd/o2nNzx53LHHf+z3P/SG110AAE9t3HbVj6++7vrrO+3xd7/7HUcfsaY7MYJlZzDY+fi6dbv2To2Odw8/bM0Hfvf9g+l9q1av+tdP/+dl/3Pp4WtPev/733vsMUfefvd9//j3/7pw4eL3vu83Dz1k5eSe3bsnZxYumJjZN/N3//DPP/n+ZWe8+nUf+ugHx0dbHdVauHjBnun6uGMO+6u/+vgXjz/+ysu+ce13v/7wg4+dcszhhx6xZnpqEgAK8/M1CnZu3/JPf/XnX/jUv0zP9ItWqVFX/V5ZtjY8+WirBVVVA0ClqdQICArMoXfhTEPv3tG9KUFBLAmZY7ECyv2hNwYyooPwNLbXEhozOnEMHZLeYKqkvbM9+JFxkFMNrnPeSXG7inYVuMl5pEEFsYMD0S/yWawFIQRA7p1wAEAalozG7sby2py6FpwgOmyi1Rs2VeI0IYeIAWnhGCfrV9jk+6WsZVOoQ8zd5JtIR+YIFDAT/5VpIzvGwRV7Onw1KVoOysIffu1X6Bu1JJZ+ozuiAoLkh+lhIzHRtQd1YAjtbAOyP/1lvjec2hEwZ2Smq458QNMiqshEOPNnJnqhlJPZm+wpR9erJGex1DspAGxoQa9SvEs0Jk8TojmKPnAGiiEoXhTNxJ+iipTKDAFg9ihKT2ZMlBwRmoJG12AI4fxORDJE0TWAD39iSri2IioA4EaECABs9ogojzflMU5GMDxWZfpsyDXHVJtzgYYeXOR7QIx7/Hj2bsltEqto0S8isr+xU4pdkchHeNyeDs8nMMHMOw++t4JtvRlyDXkuDXy2Ra5/0PPYm87V+M6KmR8o7jKHlbrIkmYgNNyfDZ05XEF30KbMyIQpN0QThzlK+XqVTxRzVRXfMbIIouNcCBI2s+HwYVY+CPcD1TFdEVESlhg8esLwpiYFjiJK1JYDtaaWAiK45aHpr/9kz/Y9g/GxYkC61tq+5gmIoFAqIgKEs+6Cf+VEWC107ZVDAgFQAZYl9HvVVbfvWrtq4QUndPbO6JZCUjbUDL7d/hM4hk1vTrOQ2yLFQw6wkQZAJp8V3El83xCZIEs4aoKff/Mr9u7ZuW/P1K//8ltHOiUAQLcNABMAALBk6VIsSkJaunTJ6EgnBTWjYe/eGkkrF9ciwKA/0IC9mf4VX/4KwCRAAVAU7bG6pgXz5uvqFUsWLhibPx8Itm59HqHesHnPbbfcPj01feHr3njGmacUpSoVVlV19mnHL/6LT1aDKaT23/3Tpx5ed/fKFYf/yv/95RVL5k/3q5/e88hjTz615bmtm7ds/eldP+1NTY+Mjl77k2tgsBmAAMqJ+QcefsQpx59y+sjISFXBTFUtWbryuJMvOOu8C3bv7V99008+/4Wv3nfv3ZN7d42Nzj/9zHNbnfI//vvyx5/YcNstd954/fW9qefOOO+tb3/bW/qDighf+erX9Kf3LVl6QL9fUUWtQr/0glPnjZbX3PTThx64ZzA9echhR7/q4pctWdA54IAV3/n21bfdeuM1V/+4c/HLXnXRuaNtBQBPb5sk1Egz8xbMP/G4wzot6Peo1jTTrzXR2kMP/P0P/cY5Z53yrSu/pwfVyGi3qsz7n1QUCgBID/r9qWefeWZs/qICsDs6Yo65HQz6u/fsain0R9Br84/JWxQoG7f6lxfQbjVxQgfuRWap45HhbXJPs1laJ9JBUCn8y2Jk1sbdQtkFhnmlOI5M8mRBDCuR2hhMlHKsZY6i7vyIcRvlTidrNmqij7XqkcWVwyH7QKyXDN55qVH0JfaZf+D167ldDTXrYWSGBCD3aL9GzzaO3Oscl7zSpx6ZIWHJ8IglzYrjEjM4McwCSevvIlVwJyM7TZzrK6NZKgLYFItMe//ISphknGkUhwoRBB6fUuOZE5lVpSTLzfXL3M8mnHO6TAgUzRcXMJ9wNkPNlzCIQKmwCNaQFaeP5kJANn1turKRatQggm7/jdtR+pTnMhhmxs1sjpYSQPN9E3PZ2MmR4HUcbs7jVF5uZpchuEfSx17e7YSTlyPmMlfB/In7ENxWqPDlVrq43bYueMiEM1fhT22QdMWHA6G7GakST3GDfrLJ82+A+aiZWQ7x2kpAKrIM8WaYJsXn4XKYF/cVIpWwjJQvu2bC4MCNLA5+lGHHKaV5jjzG1jyIWsZXFGJILkQVL2Ky4ERDlo2bVFyWALmSh0qbmCsKxs5j2JB8AnAJixQ+mMismsg58TJl3rw3eQPyIdABTKbSdk3Vg42bGDe/8RbCmgBJYUEQT8WYRADoFlBRA2lNRYtm+njPozPPbuvPH4d+re0b0T7hC4gZowR2FcBpHQAgkRZhbng3KpZp97nT1pNT1W3377vwxE7hDI+b08AVA4yVMIZdlmdJ3BGF41FsSp5MPyha1FHcC+YfNWkERAVmGbvWSxeOffj9v1QNaMNzzz20br3W1aBfAcCgX01MjFx/0211TUXRvv6GWzptKIsCoGwXCpBarVZ/oA877NBVqw9AoFoTEdagSUNdAdTTixasePNb39bptIlo7+69N9900zPPbJoYnwcA8+bNX7BkCUD9zMZnKmhddc3N6+67Z2R03msvuWTVyoV1pVVRIAAinn78wQDwn9+49tabb2yXIx/66Ife/PrzAeA7V932od/58LoH7wc9AKgBuguWHqAQDznkwNPPevPqAw9qq+7hhx+6cuWqA1YuXr5i8WSvLkr17ne//W0/94YDVq7+/Ocv/dTf//2+3VtbY4vGJ+aNTyy46847b7nlumc2rt+9fScALl9xyAkXvOx1r3/d0uVLaiyXLJz4pXe/+eUvubDVUksWz6/rqqP02Gjnngee+sSf/cO9t9+yaOmhF5x/1thoa6bXWzS/+/9+/V3P73z+8//yj5d+/ot/8Vd//Cvvecf9j67/7Oe//NC9D6Aa3b5t27Ztk+Pj5fR0PdJtAyqtadfe3min9YqXnnfSccfsm9x72CGrn9m0ud/vAYBSqBCmJvetPPDQT/zZJ88563jSxcjIKGndauGGZ577nd/93Zuv/nGrVQCYRXwCQK0BERRAgXWBBKCsMCKYXed+P6STNv/2mfgKTnHBZqTcgPEW4UNiGrhvMXoRfBy5BmiDB2D6Kcfhh/RwxxSPYxsHbfHIE9u/KzwCC+8lAegU3OMgaMWEWmeB0giPRzv5CCSYnbwjsy+Ze6qlT8jEXcxgMLrtB2MM4hFyoze5u+Y1n3z8lAbl6WpMdlWTIzDrkuZwbLOIpShF2SNfKMtW0rOfyW/HBemy0a2d+6iCiYtblsjmuk5KGYmpx8eGYyBCA/YXmjmWTSajDn62siACu3ic4yCHpT9GiP/ghZdyqEbSEoDkKdmPK0tIZGqScjw3VRm55UG+D5LAL36m4VqzjKWTFT0aLuHE0AgOwJKDnPMRwpa6qOzh7XRu7PgF0IYLEctI0jyW6MbI2oVItczjaJJkHi9Kbmky6e+LHIDC7kQBLclbpMOSNkUeeQSRieHK7/II52JQCtV+XE5qrbBGk+vVLrS32wLDwSMcVNYa5HM2736YkHklz/lFB8z2jg065xp4L8iCBLaO6kYmNkE8cfWyyl+BayIkmiaGK0S6npQ88lY1n55Z2C7ACvfYMHI0Lp8cOEePCS1KFvPu4Wp2nFEJAJml8BoaV+kkVs0GjoxocvZZmyg1F4ZWZdgIEQPR93b6JAqHxP8EEeKhkzl9yiwionlZExFmKto9pTVoAtRgYylzqK5CdKfrujNSjOUB0OT5bIghHe9mClaNCM3ykfIyBVoB7p7UAFAWUIe6gZtScge5uVWlmCvMdfvddsGdBYNBnBFxyOUgBEWPZgMsvUwfSSMikCYkVIp0gfXk1AAVjnbbn/6Pr3/p0s/XFSEhqoJ0rYrWYNAbDHSrVX7ly1+9/LKvFaqtVFFggVS3Ou3pyb1/+IefeM97LtEIWFFdkwYgokFdEfUXL1n62+//jUPWHFD1ett27P3VX/vAxg2bOu02AI2Nl6tXrQKkZ5979va7HvvWt7+//fmtZ13w8gvPP7NbFjO9WgESYKGoX8P3rv3pP/7zp555euMrL379ay55zfW33r19285nN+9cvWrVvInxpcsPWHnACizL2+68Y909D6098vDf+s1fPfnEY/ftg+9f9ZPvfO87Z599+gEHnFOUigb6yCMPGu3Ahmd2Pbt5y6GHH7rqwBe3uu0NTz294akNTz7yANAegM6Jp55x5tnnnn/+OYsXLv7BD6767fd9/9WvfdVb3vDy+RPdkSNWKlXUtR7U/YnRctuOvX/xt5++9nvfGZ1Y+q5ffPtbXv+SDg561aDVpotfctqSxX/8ta+/aN2jD2/avftP/upT3778q488+FMzDwsXLB4fa5cFtdslIJqNQUWhpqYrJL1s8eLlyxZ3R2Hf5MzU1AxAUSjUQLqGoqDeYOr5LVs2btq6a8cuLNSSxQtnqgqByrLQbqJJAwJos3xPmnRVAylVIJZGzs2pvuSE00irt+ZNKu5NPjnR5Ccakd9A7n//MxhPs7bqfbTdARtbpPArmz4dTNwuupbk3bI/jdxj6dsyusBZ/uDYrffx0SAbNUVMLBn5YJS7aQJz8C3rF+GeM87JKocsjILdLhxMZ7roEpxwBAlcwuotkwjhWPDDqoZ8cy4vQ2elQtTDxX1RDG3oOssyV66cms0J+TXH5LOhSjvLxXv5NDVCL8Jq2MKVF0VkX4cODRBUQGYBGbYMuZlJ23wDYF44TXUcptEdkVX6NuwIydBMBkXMGYoP4TQgH5Ako8ugFHw4mhFghm30NJqebDYIjG+ZR6w3AErxkImqrxAFo+NkRoZwIcCbrVzS9GiuGWwuaJSZUbCP6MxDLE7MKjo2mEQhMfINWJUJy4W4Rx2a6J9LMN0IpFlPzbRF6inqPbFKoBPJBH7wl1x9UzSakfceoNleRAFtGtoC2DM4h1vAVNNkJkNxOxCSLdBoHih2A7ObdRFqmw+pAwS/GMWoEGzh9nHu+X1W9oZY+fRiJTSbm/iJoJCdxIdBpWN6eE3CKx0AcssSZarJIWbDS7y8jRcIyhncWa9sUSO6Zbg0pz0RqYOKx8tLrTNaeZDkI0ACQvMimAKguqaq0koh1QDK/sgkurUUYy6VWfk0KZgYGQFIm8BVS29u3aehRplfDjHRmULUGgpsAYSgN9DmdYMHFpATIf6WM7Cfv+Bmg4XDQecxvuM/xybSE+kjbiDQoBWgBgAkRKVUv9Za066du/qTk6rVJg0KNRBQPQOAqLAsFYKGalB0WoqoUEBEVA0G05NAtSoQNWgFWpNCRIJ60NeaOiOdsZGyVUCrW7TKklBDTWWrJMKRDqw5eE3Z7j607pG//4d/uvu2W2pov/QlL16zelFVa6CaAFDpdrtz2Xdv/eu//cf1D90/f+HiPZN7//TP/urO26575tkdf/9Pf/9v//4Pvf7M2Ghn/tgYFOUffvJvH7z7p9OTkyPtcqTUdz7+yF/+9V8/dOcPH3v0V8887YQF87q7pqpBv1a6XLl83p//ye/unhxsfHrzLbfc9MyzG4Gq815y4dHHHnPImkNe/tLzjj3uiE4Jdz2w/qofX/PQPTfcfc+99aD3nl94qybat29mpFUgECJOTQ0OXnPwCSe96JTTz/zDj39g0VgJACMtu0v59JPXnn7yWgDY1Rt89A/+YduOPa96088tmb9oxYqV73zX25bNb23b01cIZN5pJjQnOSPg7Xff/+BDj7zqlRdogn179wLQSKdTz8zs2PTcDtj1a+959+jYaL9fVzMDgAoAoTUC/a0AI1Z8FCKABjDHYmlNUECnXQxqGmhtToEKYsOPw2KSyyTLPw1ihtGyu2/jpJUbc1aTjIBIMfYfZ/OJaDezmxQUMxljcIAA+VUZ3jYTYacJHnPbRm9kdCVYlvWewUHxyNJld3wahmUhpgiXYBhimqi1NYIRkGwlS3QTzXg1wadbIo1h0X8A0eCR09wbedpATFSaA+j9vZrWhWKn7Bpn8pY5hk/7gZNx2I3PZwlohLt6gWyB4DiGB8txPBD3YrlKFE/Y0EoqQGAvrzI0CYyRYoyFPG0daU4+SWHZLKclpY4DYgQGK4mA8Rvpjeint5PobmgEiwH3OSWfs4LKosERYpiJDki5Gl2Mv6S6MT4OFJUmzBqCf7aAFCMZF/NSXOwTb8LAnkfDwigAQFujZeRgJDVi9ykI+tmmBvJxKLgjLv1A3vTE1STuRdBlccPlNOJbZm++O2U3BL/+1yxCRGDPQOeJZ6CQqz2vO8TlCs+KOP1zgxGDLdJ483DIDhNyT73L8RYkmmXks+PDnWhTuydyWNakzCvmvBqUNmZMkfcSDWJ1LC5z4Z1eF+OHvVANUQUnwgUiISARDEle3YxRlf6kQQ95vU80IKcQ6C0+c+F+BjKizhTLxwHgpIojDMAW0vfH4SEAAimnpR5hYPNvW2HI6AjkHgBpwhBhUMN4Rx21snNLt+xXVatV1DWAAoWIykfIaNYt0WDt+GSjJgdSJ+6WGS7DCUUaigJbJfb7aqSlTjl6FIBqTUqhDuJhBqPwZcgRJD7WZArCY3Ov+RnPL4BwdjHjHKpU1sxqBNQICFoDAmmEAhQRKVX0Nf78W99w1umnFe2i6g+KAqmq2t2Ru3/60y996asz04M3vPENZ59zRrfTUthqtUvSuiyLwXT/hJOOQaVqrQFRKSKoiaiuayAcGelq0pNT/VYBm7dunZqchKLsjI4AKgRYvXr1xPxFjz/y6LPPPLtvz55jTjzxwgvPGumUg94M6LrSMDbaefzp7f/4d39z+zU/6o6N65puuvZHN13db3Va3ZHFVONhBy0FgLrqT0/NjE+MHXH4QfMXjG/etnXv3ul+rb5+xbeefPjB7ugBp59x2uKFE3qm1y502e3ufH735i3bduzY+cRTT996y+333XfvE48/NjY6cdxJJ572olMLLNZvfPreh+4bVPXd9z64devm7tjy7du2/N3f/8vefft+/q1vXLJkYT3oF4j9Xr1k0fjvffCXDj5k9XU33nLpf311pFvOzPQ7nXZRKKp1r6qKgkZHR+fPm4+qOOTYUw859uQVC+fPG+386MdXP/jQgS972dmqgEFfm93QWlcjY63NW3Z+5jOf/fEPf9jt/vWqVcs2bXym1Zk3PjG+9rCVv/U7H6z7UzMzk+ufWH//fffv0lOj4xNrjzz6RaedqYqyX/VPOuGEvoZWWZgKKSIo0KMjrbJsTU0PxkZbLYJery4QldK1q+IMcxeZ7ySEmp2n5358yFt6J43EdnlxAW4OSuIKlV/9C9YVeQNn66RecAPGEbAEGDtA3E1F52ZgGD8y2lzr2AAagDSAtnslVCOBdkTmLJzNR5HrWqxNxonAVqwZjpkr2HPWpGm9TtDBgntR5vY4ccY3+8XI0UeI5pd0PEDns9JGTXHCXBYzs6tJc1ws5Z+j7DSCoMMBA2Js0zQ7ilvFB85c+w5FqInP9ZqVwGjNMCgATybDMXzujmuDOULiISKAPDZjAUl46qow8Wo5kY9OmDSyR4xOc5P/MFEI74dETrNebiBXhYmI9F+Y544BeNc+bDG2OeXLQovvZENfMVZ2tSPOLok3dqwDZ+7MRAAARFlo5n1gNneASdKfoFqmt7J88Oo3xL7s7yU229h40dpDHp3x5QC/82eOobArNAo7wjGwMEEIVrwvL74cumF2AmSxuOfiTKu95IBj8DYhxeUIRHZfxPC+DZMDh0Hs7M1tk+o3sCwroKJSwB4LZ50TZUdKzED7Ck9yNbmWuawPz9WgcAsYVaRl8JF0pJg8mS8A2ISWDxHDmAt6cg9z9ooMbxQCgZ07MSQPLxDRv1ji1HwoVswUpL7NBw1mOLl3nVlXdP+xb5EU+8fa33AksHgEQRFqLJSqauq24FVnju2d0t+6eedMT0+MlqjMgqYVWvS8IiB/fK7z+NbDkh+BM8LuGLSRJFJRFgrV5LQeacHLz5h46WntutZK6KK1MEDA1E/GqZJa6X5ixhtI7rTObDwmIcZAnOoFPbUhBWk772YBSQEMBvrcs0586XknBlcJoACWLJr3la9eNtg3+eLzL/jFd74iwh8ABgT9nkaAQgFpKhRW/WrvvimAst0a6bbKbhsUgq7rXq8CxG6ngwiDgV6z4oAFi5bs3r2zmp5ctnzlr/3KL59y0pGDQd3pdAFgamoaVblh47OPP7G+aHWWLl+5cP6iQ444eMWKFUuWLjt4zerzzjyuquq66k/1+vv2zYyOjy9fvnRi3oLnNm76yteu/OHVN3/rsm9M79t18SW/+La3vnJ8tDM1Nd1S1G2pz337mks//7mtzz215blngPYCAMDY1J7Jy7/ylR98+8q9e/dNzwwmp2agKNutTt3rKVUhtNY/vv4v/vSv7rn7od9836+dcsKh9aCuagKEBfPa/d7kV//7P77y+SkABTAD0FGjo61Wuzc5A9UugLK9YFmh9Uxv+q6ffBOgaI92+5NbXvrKX7jgvNNHR4o+1SUWpHWpdLtV3HPvgz/63ndmpqa2bHl+5/Pb9+7etGzVUStXLl+zatlb3vXuQhWnHrtyw9Nbf++jf3zF5V8689xLPvKRj6pCT830TznhqJE27ZnU7VahCUxRpNNWW7ft+spXv3nvPfedeupJb3nrqw9YtnjQq4oSFYGW++uTK3od3Za0pPsRaUUShAlThvHp79x6ZoanpgfRaBl4zhFbnY5eEjM/dpp6dgp5QORjZ3UwCABgfkIYSHuLxVsMMbNDyq/pRhiLUEbfA7QGUPlERoQYUXHZP2CnBPhh4g8J5uGpTx7mFvw7gZvFZ+IcwM49qGgarpmfwSeS9JJ5UDzBA1cdiNu4JuxvVI+ONolnFhITmMNim6aCPnecwy/0TUPHjLuKAxc2boQzl7Gol+8NAMnadZNhAsjI7ZDF8Ezy1gCW58qO6FnCKdstYbvn4bB8I0E+E5x7gCIByWU9vLHEb8g1i0D4xQ82d7OmGwBQ+i45yUnEPSJvKMZelwigUU9spCRipvSdLCZGydgkIWCAQMQqtg0FIbmamiGMbzZguun5NdvEEfuha6+dqa0IbDFYh/ljCYZvjq54lCh2DgE7sldpNxFmgZEPPaxs5mPsZCrCc2zWc+XyfN4hMdzRZ94UwpSF0Ye7d943HjWYhFAtthmyzaNibjRVXpq9CR/FzXw8TYgoY4TMim5k1TE3giPUR1IARMRta0IOG4X5g7RCxlTK3yFyLc3SfWpsyOJiwjJyb4FyqAi2shoSQ+fE+NQ7S6LMj0VgVdOKRepdr5jXbsO3b929d1/dacPYqCqUIlcLJRtuAgEQmVMZgkcmpxbEUEdAJFIKEVEpy4GpPhV6sGpZ8cozxi9+UXeiQ70BgElAiYi/HuaZD+RjX+TBOJk3WCGaXi5VIZaneAuh5xO6lrYTswPKTHUIZ5x5DUYekAAUKAJUWpGu+nV/qtZ2jpBIzRvv9Ht9qiqtq17V71dVXVF/0AOtARCUAoCiKBSqUgEg6lqrstyyZduWzc8BtpYsWjg+MjYxNgIAu7bvmpycKQo1MtLWmgqFh65ZtXz50mc3PjEg/ca3vP7Nb7i4221NTdU/vuaGbrt1xhmnAsDhh6x+/+98YHLfvqOPPGT1iuVrDlq1bMmSbtuZBYCy7BDAzMxA14ND1qxZtHTZ5i3Pf/3rlz2/bRsMdp961is/+uFfP+rQAyan+4AtoqqFsGf3jvvvugP03nmLlo6Pr+yOjI2OzivL9pZNz218ekPVH4yMzz//ggtPOfW03vRUv99btHD+Uxs2XHfDbVufevCrX/rimWefccYpR9S9mhAVKK3puU1baGbqgJUrTzn9nFUrVz65/ol7fnrH1MzMRa+8+Nijj3n4oQfuuP2WnTt3H3PccSedcOKuXTsfuP/BjU/uaLWLutKlwgIHLUU16dFOObVv5uabbtu765njTnnJoYeuueX6axH7q1atOvbY4+5+4PEPvO9D7bL8+Mc+8rLzT166dLHu71m5cuXy5ct+9/3vfeihu3/rgx/5rV95WzUYABStUlcVlaUi0ld+60cf/4MP96d3fPMbS7dt2/zxP/hAoWqqFWDh69RM7EzRRgYBoWAH3m3EGuy1iHks7wG8EEq7w6Q5OhvOWaB8R9c7soyA7EkmuAimDNk9IqumEOwl+HghRJQCBYo/xra8GVH+JPVxjCcBGHp8vcflk5OJLNPQs2lxhTSRt7bsWdgLg87MNIQVGeK442B7lyL0Yg84NESOpzt5XWUYZNZlLssVwxPOJgzTjvEqE1sIs+25oacgdqY4HhrHcUvi9jFu4/PhYQm/n+KGOrTzY+Scc9wmqFB0X0YRvqSOzCKgx5NlhpwyE3j5xvk18yHbpGUyEy+fMhAglSVda3FYsaDIoSgWRSljC+TGSfYzddEIXvjZGBRgzp7XctyySWkmu3YLBbF18Aj4BgE5K7VJ8c4xiYEif+LMHKoY7PyhVL5zV6wk7q6d0UgVHcGzYAFcNu0bHskrUNC0hga+X2zCBdpzX4HPp0Ah52Oc8oyYC+xsG9k3ibtjsWb7RQMAjjrn9hC8hlvk/azLRkzJI8w8bXylS+v2fup+ZLdGAoZe1nR7bNCG9dE8zDqrWesw3GTMRQ4byrTyK3M27g4CgFAQo6pNK8zhQ6pUQnMyeETWPe0lqgT+FJ9GfpHjtjy6B8BGMiartD+MUhDqGlYsUe959fxDV7WvvnvykWd7e6drquuRDnZKhS1EULWGWhNpk32htpmZycSUdbOIaE8tQndILmmN/YpqDQr1ogl60ZEjLzl1/OQjR0Zb0NOARDUJlgnfmdCXuVKuBaEhYPbYxSYUd2X3wvS7PZAynkXrCNwqKII5K1UrqglqorquSVNdVTUCYFGCGiUFiJpqquuKQPUHg0G/AtKIqAqFqAhBgy5QKSyQqNMuHn9i/aZnNgLhcccfe90Nd6xb91BZtm67864dmzfXUHVHOwvmj+zase+a62/cvm1riWqmqg88cPW8ea1+Vc8M6k9/+guPPvzE3/3DX77ipWesWbXoQ+99J2fRxme3bnzmmVvvfGDJkqWXvOqCifFuXeuJ0U7Z6hy8ZvXylSvWP/2kBr148cJTz7jkIx/6zXPPOgYB2p1ur68JVK3h9a9+ydS+j5VFecThh2zc9NygN/OiU45fsXzxM8/u/M8v/tf3vnXlgavXfPD9/++1F5/z5St+dM3VN5x73oXvPfHYH/7oxz+86tqF8+effNLRvZmKALUGKEADttsKUa888PAPfvi3zj/zuOtuuPd3fudD6x544NWvetX7fu3Nt977+Ac/8KGbr7/+be9454c/+EsbN27/6Mc+seHJBxCLWleFKgqkQmmt67Hu6IOPPPrjq68BGBxz7NqDDj7o85+7nwhOOPG4I49a9W//cukd114xf+mRW57f3hvUe/fuBcCZmUnE/po1B3/3m5f+/d//7RmnnXrWyUfs3NsvEbGoO+1y956pn9790/701qUrDtuxbft119yw6Zf/z0Gr503P1KpVaCcl4EyzvPLmnbs8sT0phjC7EjRZSJLim3YjWROkxDjlL2TbxuRRuCwgZqAwbESM8BFRpH9zjezvM4Y4JZMoRJT6AzCdK/fhbjIwy2eGeTy3KCTaULACYcLjy1eoZTkys1QQbvg36wUGKfHDr6xvmjsE7kyHr4XOMfabY6Y6C5DciEJqm8ciRv7sGKcZYHR813BSfIqVxO2ZgSAoWz745y3tR7LJQqSz7rFPUMVQcf8hSMU4BxlmUjGX5XS+audBpbCHw3H0xmaKgYveFhQpqEX7BYhf8/Q1BtVx5Y+lb/uHQN5OJg8DPlGT0iMgk5pcLtGcW5vHfs5F1SFXHIrEgq+M2VUKdx5sLAjMoHI9CIcT2MQeuZuJ8JcLWdEP+oINV7PTIMqzbmT2xfPEexdOlhiFdwmVFJleZTBwJkbOlD80zLogCGxHNi8JNbHoSwTygUm+Btlc64h3A6YNnEgAlzFfpUfnnp2bDMhhmOsm4E3mx6egHJ59EtWlGmquDk2LZ37bA5+RHASbbHHSMmW5jIluLNY6qSS3MdirW7Zk7uOvoExBoxP1Qx+tsa7iIKSE2SxN0rHmCYIsfEoyK48yAhC0SxxU9MhmPX8cD16mXnf26KlHja57pnf/+pmH1k9v2l7t2acr0qSrsrQ/52FfkUQEQLTFBlfiI9JENWFNpDUgqVJhu0PzRnHRWHnMoa2TDmmdetTY8oVKa7j/qWrrbjjv2ELX5o2syBJFEwHk5JcFvJS0EszC+Js585e5/siQcEsSIli7cdyX2WU4TEiklAYFCEohqhKAylZLIwJgSyEWiKS11jWCLhA6nUJh2/xsg1KoUKkCS4VQqHpgU+RHH3ts987drZHR444/9q477/nExz4OsAegC9A68riTjj/60Kl9U3/5N5/68v/8z+YNT2LRorr/g+997+KLX3rC2gN37+7t2zv9yEP3XPOTm84/99TRbnvL9j27d+/ZtHnzunWPrX/8yYfWrXtq/fp1Dz/y0otedeHZJ82fGB0bG+v1q/sefOy7P7j6sXX3V9P7+oPq5a+65E/+8PfWHn3gl776nQceeuKtb37t8ccc2u/DdK86+qiD/+KPfmvH3urm2+669Zabn9qw8cwzXnT6Kceedgrcc/dd3/nG5VW/arWLyaq+/BvfueJL/3zPHbe9+e3vvPiil7/2Va8sW3WhYLrXL8uiqmuAul9Vk5PTRNNAVYlQ1P1FiybKohz0Z2YGg6rfW7xwbLTbgWqwaMGEqvqjHey2W0S9alBVgwqgBahqUu2WqgFvvOXudQ/cPjq++swzTxv0pu6+/bbRsfkXvPjc6X2T3/7mt1vtiVe89s0XnHf61ud3TE5PArQRy1WrFv7m+35t3cMP33Dtd/713z9zzN/86WhH9ft1oYhIt9utw484av6iQ3s96nbHNOldu3YftGaBhgo1ASBoJmpkzQXTNAoK6pXRJUe+E0tIuaOT2ivlPfjE2Dmz1MvvyxCDySvonLVYdtEFjJ0IMUnSMwEiHU6ghxV+RM2No8PBU6y+uUYGWvB3vokh2KLjParsYtuReJkm3VAj+MWdqvTtMuwRR5XysM2ltcaMkAs2EpIAhHELayAJO1xym3dhROaXVEn6xBQl2SnvDX1QkfXa1OC1m67UgTYuVPCwRI7ttErMvsCKY8a7pkGpcTDc+tv3m0WrLLu8MMecsfeJf/Xd0pYMfcGEEOdHY/MAj2wBOBc3yE4RJkMCKify8aM045IUefuhJHWsORMVmSanCCcZRM4iOTnx4hiaMi6lq+v8M1Gc5EUymZF8F1EPt6/p1fROogxnKQJM0lhF+JQmInML7k3AM+zO8L3JCkRYsu7R9leeWaUvRg5fzU2zTRHtZlbYAYG1yfE2mktie2lDL4oDb5GCBgr8MUDNKIlL+/ZsCdHEouHmLIUrSYyhIbFiuVlnCswW7gF8sTcKLLIQIqlpphXZJpmc1mZi/DShSuq1w22aiD2Y37fHE0M8qzm0h4dG0U2eSnLTwIQkJWR4WZcTY0s26cR5EYUMPdFbJd5x+gBQxAERSSaXM9ClJRcNtXxC4f/JS8I2/vShnGmHCKgAEKmmTgm9AX331skN2+r/++r5px6uVi2GVYs7FxzfeWrL+OPP9B96qr9152DHPr11V//5HfWghkqD1kA6zLZRLIVQFtBCPTpejI8V3Y4aa+Ghq7qHri4XjOGS8eKwVZ1F4wAAO/ZV964f/M9V052yPP/4iWoACq1HUxgYTIn0Uk4YfIDrGexmDVP2oYs6s/Fc2PLOx7Z3k/KjI55IAyhAVfvAEjQoAoW6on4FrXZHqULX9XRvZroPqFSN7UKhUkopLAooFACC1qCBVIuqATy+fv3Uvr2rDz502QFLX/u6Vz247tFHHrp/fGLByS86+efe/Nr58yb++E///jOf+cLUrudWrDli7dpj77nnjptvvPE/Lv3Kxz76vqrW/UG/O770gNUrW2Vx37onP/XpLz+x/rGNTz/x+LoHqZoC6K5YteK4Y4698LxzFi1atnPP9E/vffi6G2+++kdX3Xj99VBPjUws7O3dO7Vvz8hYq4Pwne/9+Gv/9Y+lKo496tdbJXRaJQA88fRzX/ivr1/6+c8/9/QT0F16yRsuqYkKxIVLF7S7XShheqYCUKecdMpN1xx5121X3XXb1d9/2Rt/472/ce65L+q2Rwio0tAZGRnrKgWwYPEiAEVUgepg0R6oNikgwna3W7Y7E4uWjIx2Aaq+KoqyvWzZovHxUQAoOmr+koWdjqICejO9sbHOxs3P/+AHP9K9XWtPPvfsc8+++frrJndvOeyoM1qdsX//1BdvuOZ7B6xe+/a3XnLg0nlbdu1dvHgRABBBb0YfftDi17/hkhuv+e5V3/7WZee/9JfecXGv1wMstNZlu/Xmt75y+QHzr/nxtV//2td6/UG71SICINTg3rQ26hefauizLnmfmFYaieOm2qdG/FhIdIc1+JDWi6iQ/yDVjcbWNU7NRfwlayx50SYceO5w5EudicvAWLHYTV8VQkUEwx1cDDbjm0Q8L1Dmx94AuEN4ZWfnULwxEepPEG0cQ+bmYKin81x3nsikoMHspDkRR7tpWoyXUWxDk3c0ZI2ehNkQ5TPEAmT+FCQDsxDSvk2N85FGBM5bcz8RrJenJRtiNXpb+9h0COhytghrj7JlKOTH8BrfBY8ytBAnuzAygx6Fjp6uKFf0f4dW+UnyRyAgoUnjFdo3FuibpxiZNEYMG77IISC7tIJvVMyixM2hBxHBbBrSu22fvafo2UXOLP+bUgBsxDZ7kUfZRZrAqglzUcCSYeU/ZuY7XytKaCN20ycHXFiDhspSPs+pyP7uVvg9sfwaGrKODUmUX/zJEg8s/hYvoDa3d7ixl96cSqVLgKG24fAVotaAG3eQ9gOX0xxqGf+RSFjEpoxGxXNK7mec4tNrEYNPco3Ap8MBALrQBMSjXFicq9MMbcBbDptfqYHETZ4n1h3IgQkjmzxfA27RDMdrtvG4Q+U2Bz90mYundJkkM6NcYqlhJnxDAkBRmOKnZsUURR/dd/Mmpdn+yvDz4CjsfRCAuKCQsoEXoAIEUoj79vWuu3NfVdHLTumccFj3wGXFRBeOWFEcsWLkxaeM7JmiXVP05Kb+U5v6u6dhcop6fer3oSbStS06KgXtlpoYgfldWrKwXLmsNdGFbgmrl7UWjIaf89uwo37o6d6dD8/c9tDg8af1ucfqqiZdEyhEu4fXhXZSazOTzujycaF/isCPEg1pgJusbOzNXvZllisUt0k2BrOKpQe1vuzybz/77GZ7bpMCIDKJtK6rVqe76blna12VCq760dWbt20vlULEEhS5VbBWWe7bt+/4Y4557WteMjbWfvDBp+6796H+oH/+OWevWLZw2fJFn/yT39u0ZfP46MiBaw5+6snH/+CP/vJrX/laf9/uZSuO+N0Pf+hlLz77I3/459+74sqvfPlLRdHqjJYbn35iYsG8o449qtMqbrn17s/+yz+C3qZayw5ec/BRx52w9ujjTzjhqIMPXjO5b+9n//NLDz7w8M033bLuvrsB9s5bfMhb3/Hb+/bs+MZX//v6H33zE3++4i1vfh2qsmxNDAZ9raHVUg8++tRtd9x3+eWXf++KbxVl6/yLXvu2n3/LG1//yl17+oPBYOeeScJyZGREFWWrwPf8wptWrVrx3e9+76Zrf3D9j7/25NNPnnP+S1/6khe//CVnLVk4uv7pzTfc/NNev3/PPfcUrdFdu3de9o0r7rn30Icfe2zrludarfZNN9w4b15r6/PbN2x4uux0b7zxttVLF0xNzzz86COFam986olPf+6/Vi5fevwxa48/5pDJqenLvvH9O++4c2zhQaefdsqenbu++KWvt0YWnHLamaUqLrvsm52RBT/39ncec9Sh963bWHRKqLVSA0SqAYqiPPVFJx970tkPr3vwkcceI7i4KBABCwX1YLD24GVrD379w488Xmm9+pDDVqxc1u9XAMpoYi6+BxF9cU03B2txE+QfEJPQ8GuZkReMM9zwMed/oiwzckLWQKcdfeAU3q3zbb22UQweI3wolNSYQjvn4KMR20qg0RwyeCeQDexEjtbsanhWCTlfyeAwgx9vlQ7YitcuZq14CnFI8hzDN5YnZBa+ciRB5OwchMgN78erU8OpmAWdxgCjqXGaUfBebgkzF4l5pyeLyP4ucP8sl2r4kkkUKjD/bnWJwC+gNZ9UxMK0ELtj9Dj57DHPVQEy1KUxXpRhxtTluAcMSfc4P7SH5qYqA4EtyTh+CUOXIE+myZykKwnX08oIpPS6D6yiRCmEBvTmcEkzPqc+nJAGull8mASBQ7OwEmwFJDYpriBBWUZAQ0wcrUkNi5XZgTQy3DT2X+wYJP+/2D1JLuxPNQtEnNekljHAoM/yN6c5WNbB+2+LuHAech9O4JWV89gwWQfvF7UcEI7orPLEeeJC3AyEUOwUp9Q4MqSYSX9huxARoPPT4NL8pGyRSjXJD00U5XUYmDWRjOV3orFCnEHAfm0kFt1s0Tqu0oE87YAHF5xNDZ4gGjSvtDJmCjddF3K7baOJa+qSw8H/5qaInhJLZCkyx5dEO86HDoSODkqnPkQxMqhSQBoIFALQRBeWLaANm/Z+5jt71xwwdtKRoycc1j54cbFmOXYL6E7gsgk8eHFn5thOv8KZHtWEgxq02wGsEAoFRQHdFoy0cKwDhcRvXx82bdfrt1TX3Dd1zyPT23ZopKLbKTSC1khANVAhPZXb+uRNVkQqd+/uhrRnvlzhnGHQKXC73hABwstsGPZUCPBsbOLfNAEp1KTh3z/zuftvvwagcI2Us1aurSLQ9MNvfv2H3/yya2YwMflLC2D3Wee+8RUvP7PbLj5z6X/ee+fNrc7IRa942cpl86emptYcMO+QVQvaLXX3g8+8+//+1qN3/xhg/uFHn/yB337v29/1xvkj6td/5ZeffPzJh+65+x/+6k87I62ZvbvOPPeVa1YsB4Dlyw+48GUXgcYXnXnaWWeecuxRhy1dtnRiXqsF8NVv/uQTf/bXu559EHD+gYceceTaE1752ovf/vY3b9/2/I6du6668sv//em//vF3v03Uo/bS4048YbRbaA2fu/Syf/iLPwXae8TRZ73j3e+85LUXnXTMoZddedXlV/ywLFsPPfRAb3IXQmvBvHkIMN6Fd7z55Re99KzrbrrkPz536U++e9lXHrtj+47dF5572min+OGPb/id938U+lsBEKD/5KMP/PNf3AMwAECAEqB1+Rf/9fIv/hNABaAARi//wmcvv/Q/QPcApgHowbtv+/27bweofuvDf/SPf/Ghjc/s/PZ3f7Jz86NrT37ZK1/zyjvvuPOnt31vyaqT3/Sm119w/qnPPfsuqN/9iovPu+Lyb1z+zcsXLVpy3103aa3LsjvRVTP9+sgjDv7YH/7Bk+s3nHPuiyoNZdkigqIoxltq37T+7KVfvfRzn52Yt+D1r7tk3rzuvn3TRVGYM6SCZFr5ssqMXsf9jyMIyfWWEnzuiWBrsawSAwBhZdU2IO4LIjGF/NuJFGJwWRTlsbgswKN/OYUCQOHfHAA3BEIAZxct8j6J+QbDC7/+SaTQ7FaipGfwQr5nQ0CGjlmWIaIE4BtJx+GdGqILNQSlYKMGiA2z1tpDA0RfKk0vClxE8vMBSVyXrrS4JAosz42pisMPlO2BDyCoy3MgRoNjngSujbV+eacpu/D5ZPS4CZV8CgHBsDfS4kRSYMK9gf/AbiYvkkXGX+oAm31e2HG94qNlA2WyAhL0kN1MqY6uKKrOxmahsc9vvaMTUaloBmnRn8Vd2iPPaiUeLPGOSiVFGQwC0JBo+HU1FMx0mQtHGRtOIZ+DiIJTqGwkKHEGwQ1HhjAgsn1EneMJD1wYbnLeQqCdkNAkDOb8IQ6jMTCNIDY+2P/KE0Bu0LlhMjvgORYGWOOmlBvsTDh3FO4SQOZYbfIuOqwgZa5gHwMawhtH7jk2NbMyPC1ZOdMT983hZ/OZKDxIv2d6GlX3wUFoFfse3j/xZFmUwgjyQzMdzdBmbZAro7ibceNUbIQ2Zwun+4VruiLdjHa0vTbmS8ZWuAfp7WRejFuwMStmJxMBXGqTjm6buqkz/zK/YAZRDIztQqgJiKjbwX6l1z+774nnZn5yV+eQFeVJh3VWL8HxkaJdwsolrUUT2CphpERUoGtABcrEDxoQEBUBgNY0GEAPsAZ47nm94bnBnul6447q0aeqjdsGO3bXCmHeSNHXsGeKBlQQggZEDYSkAVSBCUXDrtSqEVMHZ9DzsUbGIpoZDNEnVwgAcEWDoHcEAEWB555z7sTIWKssQ9DMJJPML4YSaF3r2rwIiqoolFKFUkoVZbuselNHrT0eVTHQNDoyPm/+xOo1R5x60jGoigJh0O9N9utWRy1ZOHbqSSfueu6p404643c/8JsvveiMfp92TfZfcdEZez/2sc9+5nPrHrpn0Nu3Yumx73n3Lxx2yPJBTeecc+qag/60U7ZWHXjAvLECAapKz0wPtILzzj3tbT/39ttvvu3sc88+7/wzjz/mqDUHHzAz3T/owOUf+chHqr6+6drvbHnmYYDWG3/+N846/cRBpVulOvqIQ045/Ywj1h7znl/8hZddeFIBMDXd/8rXrrz8y58C6EI53ul0zjj9jMMPWa10RZXeu2/f2Gj751//4mPXHvVPq1Y98dhDb3rDqxYvHB9UtHjxgrPOO4MGPVRUVzWAJqpBE2LhapkD0jVQQapEhUQA9QABsOhiq90qy5aCfm9qzUGrNcCihfPe/ObX9fftPe2Ms1983mntoj79rJcdeuTJp51+6vyJsV989zvmjUGvrzdt2Xb7jVcBAIBaddCJZ53xopESdu+rJ8Y6b3rNuWZmZypQqMoCezODW++8/+tXfO+//uPSqd073/PLv3rJqy+c6Q0IShuPsNgTInEJYpzclkVG3453Gf6CTNpl1ktsQmV3mSrEeRxiRgUz363pkedQhBSrGSNGhPPp5P4Sv2uwm4XCWa/h7JKOSfoWj8ccwgO0rxM0Nh36MNM88YseJxzazI3WgPT+xHJ23J99CuzIsw89PLqLk7QoEPjZw90EAj9iQR5GAvHn1OGEFsHvI0BmeTDlcJpEJakOT2KjpQIJW9zB5MPPeGWtH0iEZYACkKQJc8SJ5JJ446Bu4/qsgUTmaqrFyM+Y2s1Zxhr+g5TpaIzMIWuQAFjXFBV0XAqZITBdDia5+AXJgni06BzmAGQOlYS8smiEvll2V0PWyjQtXqeQNWkhGc35p+nPusalW1ef9dVe/6qEEw5ZjfNLoLLIBzyhjXYQcYYAImgdHdmQBBMObZ92+maxcUwSUs5tvwiNc402MokrU2IvEzHa2SKQjEDATxO7I8yDbBxdGa3g7bCxsZeKJr1COcsOMLn1K8Z8mJPXCYsSDLcmtxphhW47JyDw+9IxWdGJyrSpK/A+g/NfmeRHzk9VQ1nA3mn4129u/+x3dpyyduyPf3HJ2gPb2/fobluR9pGvxTe84Zys/ZlfQkEFCkBrGuvirkn41BU7f3j77vExpQmKErWGfgW9Cmutum3VauG8seLUo7oHL1UE0G4X3W5RFthuKSRtprHWVNVUa5qcqvdN1/umqumqeHpzveHZaro3mBnUUFOnhWULBzUOBnqGcGbQOvmQzj/+v3m9ioCgUIBo/iJbGo4UKdpNCDzLDGE8+rb8d2r8O3e2kBVPCNq9K76AK8dBcnsOtBECTQREQJpg5449vZmpogAEUEqhtava7E8mbQ6LQkIiDZrMT30qpZRZaSlLRIJWp7106cLRTrFzx9S3fnDtxMTERS89s10W1WAApAGw0jQxb2TDs7t+9OObzjnj+OPWrpnsV7pGRChL3S1b9z+88Y6779+7e88Rhx543rlntkeLXq8uFHbaijTM9Ktev9aklFKtAgBxZEStX//8tu3PH7v28EUT5UDTnqnBYICA1fjYyH33Pfr9q67evv35ZUuWvf61F689ak2/X3U7ZX9QPfn05qVLFx+waKQ/qCpNo53W1dff/d2rbpyanuyUxZrVK17x8hcfdtjqXq8HmjTgzAAQ6oULRnfu3Ldn9+SKAxaXhaqJ9kzObHl+px5Uxu4SoDlf2dhxhQgFgjkml7R5/0YpVaBRfWy1ylapikItXjgxPjHSRiCAx5/aWpZ40KoltaZ1jz030NVBB62p+oO6JiAaH+888eTGy6/44cxget5498hDj7jg/DMWLBjTtS4U6rpGJKUKhQqoarfKHbsmf+n//eE3v/x3Bx506uve9Jb3/8Y7Vx+8Yt9kXSil7enSiIgKIivrQ8BIbJl7k0ZW/OMv9PYueMig4UHcRXkVvEG15VrhqWMba1cYvCWE0MYvHIV8h1VfPbJ8Uc+FSm7BJ44NuFIhil79gV48r/j4FzZdeWMfWv1vfmLNwcs7tSYUg4m4M1PRzsVU/nPgQnrlFp1CczJruyqXH8QXD4g52nnI0V2JSSOyrpl3Ivkc1foDl0O7hV1wX/crpR8e+3oiotDU9x2SHpuejbklMMfK73hs0qgYWADXjKroIoHEEFj0GIdD6eKhP7kTotVIRldTQExsNXJ4dipjpwwaud9BSWJUFOFik0iwHEZAlLLH3LYIfvwjL0LDFw7i5IIbt6QNa5dLSomt9ErCbT8pWiylAphtMTkMwaPE2dYzeAzPE7d8R49/NuGSN0u0ZyVCWCNuQqVZN4KeU+P+aU6NhcaD73TMTAgsXMgLqIGkuVA6NN+kkJU5KVohogwtUbQIM9cwyRlDTADoVpaixiwwsNtx0f4aoYGVGaBpQr2jSmkDCYzip2abE3KaXKwsR0jcLQMtjZzjlqz9IORKbhE0NwFCsqI8cA6uywYcGC8bZkME5NunxZawED0xqgLVURliuCQ37b5IbrHahLOVoiUlGmex4uEL41Cqfeaxt328hDkEf0ATUspQziAivYMpe0kp9omZ/WvvayJtXHZdQ93T5m3XkTYOaur1qj179ZZt9Oj6KYVUlthqle1O0f7/WPvuQEmO4u5fdc/s7kuXk053J+nuJJ1yzhmEkJAIBmRkkwzYJhs+cjQ5mhyNjcEkY7LJQSCEUEQBgSRQPuXL8YXdnZnu+v7oMN0zs/uesMf4tG+mp7u6urrqV1XdPQnabUHMQpJZXFMo1sx5pvNcZZlipjSRrZaUkuelAsRamzJgAaEgjZeh2Rwfanipte3hULXnlKvnevWx5ZXXxfamg7w06DVXo5+P5q7wY8uAWUsLmK+nmiFevmJxK11MhFQgaYptMlCwWbEM/+0bQfZ/fij6BVTBixeNPu9vn5ABWcZKM4vUUCsFpmfUiqUL/v65FxIwNdMnIdOEBLFmyorsiA2rj9iw2rTYK7jf19DIcjU9nRFAJISURAJEiiGA6Wm9cuWSA/ZfovPu3j0zOScs0iQRitOp6d7hRxx02JEHqQLtDnSBmUylJLJct1N5xMGrmIvpbjcRMpVJwfyYM499zJnHKpeeZ2CyqxSnDNbMrZYgJFNT3QUTrRWLR2Z6rDSToIXzx5YuGmO32pIB7c6SNUjfTcKSj0QQgJRICMKNGQOF0jkD0AfuvwzATL8QhCM3rOpr7J0uhEiIWIO6fT7ggP3e9uZ/ZEACDPT66GecCgIjleROdtbMpJknxkee8uTz+/3+C57zt084/9ROC3sn+2kqtQZYcDmNLCVNZtbbM7OkthIZ9ecylMbYC3ClkvJHud2QrGA7MYObHv4VD0dcKLxKHAWGxqqlptMiqri7Yi0o+N3ECMsrChW5NXIOcxNgjmsNx37gVU3mNKuMGhFNFfkqqvVTxHX3YyBlFbtpKyc/YpH5qMYN6i4WBtpZGvonIlPV+H5sNGsvehsdx/EfHUYM/Z9BljeI4TZxlaNsYUl5jHbqXPP1Ozmb3e5XHWYj+dXaufYrMqrsO0K+TA3tWZ1VukzwKCjo4HAT6IpUueFvVrpT+mPh0FecTwAVlN4kfhWWNFPpXozqD+8MR49xG369YzkJa87n4DkZExi63z4QEBBZumzU9AGV2sSJ4HGDnJOrqdwCWd8O0JB3QVxibleCAPGEYbAyIuKFo1avT0B5gaW4q6hLVXVyhB/jCmMwpQ/gk2/1qxbHbCAvLG1pCCuMl2sPz6NG7iU7iQsfucpLWB68gdgUNFojrXU5DC4X0jgE0e9BychK8CkkoxbLtOVdKKXOCvaYxA1TlXpLVzkXG/tYemi22lLkG+qL6yE/0+Ym5mGXMTjME+wBqt5pjKGGLqh5y+GlQRSUQue0vxUR5iA/WfN7EfOQBgYxoleaL7byF2YzqMIiUAgyggBEU6OPwrqTO0XIwJ3aoUMNC/5KSXQlS9TJBA2hmTWbg6KZoRmKgSShREJr6AKKQcQqz6b60Io1IAgkSAiWgkhACGqlIpXUGUtIgJmZCwYKZea3wZgEggQLVqw9IrbZxUi3AQg/pxxcdjYbFgfj6exbZE8rbHA1sH+Xqfo04rU33OwkVUBoqLIq9HpFr6elgCQkApJgcqHGLmoNpVFoKA3N8F+MlAKCIJ2/LaRIpGBQ1tOAAohglqGWQEgARaGLXAnoJJFWPTInBM2ylykj0UXBGgIg1gBRmkjbZ5fCJQITC6DI86KvBEHKVLIoWJgQAJBMTfVJsBTU6zJBtlqSJQQhL3S/rwRxIqRJ9rKiGaUEaSGor7gomCHMIctWyzJLAZkmWab7WS6ThIQgQBU662uttWGLNi56OZbw52w5DUVCICFIwZIgBQsCiIQUUggiaE0z3T6D0kRojZ2TmWIiIUhAa5KAYjHdVTMzhSBWmohEK5VJIrRmAgthwgEMJkGkNCdSPP3Jj3vMWaetXj6qlJ6aVmkqCxefCOSxlEETT6jGId3/O1EqoZh3xapItQmDuB8BQItga/mytxlGgkoFFWhgCs/RtX+bf7h0QeMosIcTCC+KfrNvtLwVTlSqvlK5bb9M3HzVbVklz+Z6XUVP1VBmoArDaj0+NT0JaTPrxbzVYDCx+cREyahI3TjrUumrX5+CaNx8+LUEQib8WamnYjyim/WsI0ow4EvObmnqeCYGPyFOCzNOtWpig+2xfuwel/A9aML3aFZiG9qNmVTPBA7Lx1qNzwMToX7M6hGDgM+utDPQLmY0pD/l0DgZaAbQ9XuD64yKuYRWIHnD6CkRwuAClfptYSe38KId0N9cVQ2e1S6PbR3uDTwsoEFUKJj1Ddn+uYhWBXLHXaig2bAL7nfUu+Gp0YoCqU2J2S/7/U8j/VprP8x1l8x8/62xluFxpqgDpTkqgXsQUoqot6ozHC9vSKi52uGXX+AWO281782xc8D6jTl7P4i1e1MMr6EJp+CaPUCGMEcfVcQs5ltkGKq1lPWGuXuO2e9crKAXhvHhx1qbMMsgcxFOVh2uufUEBPPfT4U4pjtQFyDWUFXaqn82zygD0qyVdgi6MhCNE7hhLDzZNXtuHM7QYR+oLMN8vXU8vI2L13TZNd8D1gZTrTZ3P5paMZ3urQD6BDp67lFPW0EDQHNmkt2hNnFlFE5TdpgQAFFWyL6iCbDSYAjt4okM45KCNUGwFCAgSZwQE5FdIEkE60QZh1tp68U6jpBpj00CiJkIrEkKSZJYMaEi40OYECh3AO48kEjJ+hr8JIoP/fZj4H7E0KCyyDc6nKDEo+E2CyGFIGGTmQQSIAFy9RABxCAyXpD/rAaRybWZ3wCglJ++CbulGJ4OU6MwXCfJZf9s74UgpcEMKdjUpo0HGANue2lSYCIJkpq0ZmYmDQGAWRORFMTMSkEIkpIEYKoiQWmaGAXnR1iSUExFAWgmQUTErp9UjpeQiSTBbLYhEwQRSEotlGYNUhpk9gPDIzkHHtyQ2sOurP9pJY9gtk0AREmaag3FAKGdSuv2G4vMIEAKAU4AJImhFMzQBGIqNCQxkXBnsnNWqFRg9fJOP8uUFkkiNKPx8z1mSnltTQ6plrwnuENf4VLr7DpqJ6OHVwFwN5U6LV4dSFtZSEqMmCnyMCuXQw0hzbDSXVdvthbhj25urJBDAxfrTHiLBPcpX9dJzwjbbpOCmw29Deyoe8CuHgA6wIZN75R2HAFSKsPWwaj5lv0gstMbAcqvgqJSviPNUu2VVawhtRVUG4pRzVLDOX5xrQPZ2Jw9Q0XAbIsVkNBYD+IX/dMQLNVfRoxhEIl81WrXLj933FO7gqUqQo1pXkcqMdXiLAEnqBy8YOgHrdi0o+DFCd70ex5GtM3BNWpuKOa5nxHet4kwYcDVkJmBk1I9eDmcsBXZiyqMovxuHF0DFdmwfHRx2cY8QUwsogyWJ0yIcql56ARWSKogrhKXV/mAQNTtKz4QNECjctM0ZG4QvHBShY+0O/JzCAZqbBHm/NuacfjfXo1ql4KtgHWvEp5D1jw1nKZZf+VRXEM7FtAT5GZm40UleDBARcbeiFdkroWSwLiextlV/unX2plpVXfF4wjirNfs3AxMfQNV9TiN11DB00or1iQ0upePcnijd/+Cq6rbYMMiHLl88HqfI3mu1xQa3QYXNSpvj4qshC3DOVKJmNSzyo2yx/HBUX5Olas1m96xcVxfH9VIr4fl4ioQSx0D7FeRRmPtHzfUQg29BgDFGG2JVUtaQsiZTAsSSrMyZy0zs8e1hnmq3FgjrEWxn9A1E4cdHUSAtmrFzRs7u5lAgro9dDrJiYem0i1yqXhbsb6Ip0qdQQ0l2H0jCeWaW8f8CuZj1A8jckbTaQNff2BDWDBps8fWemLEJmXHgIYQgHNtfbNeEBmAfdUQYD9EYRb7CvNFUNuwBkM494UIYOtKGZ3FTEJYVVvOPE1eUzD8sVMM24K1qG4vq4zZR8wgYb6JEw2MkT1nhUt1xGAiCMsxm+n1Ay9s+6ZlmzEiK75aE0BkvyhLnrhwPCgcI0MAk+m70R7w4mdi8Bpgs1M3Ajlex7vz1m1FDJCyPRE2dmBmAWld6G6hEymEhLJDEfhfRpAIBPMdWC+4gRIMhC2WMd+bumyTqymeCFaPhvfL113nQuF2EyusL6Id4d/kNI7L8pVWM4iRBchpgCauulcMlMokfD3ouYkDm4lKohzs2KB5HBtCvTji7AhGzQI+GptWvmmJL9ckB4VK9GF+hXssG1kTGD4uT+kNyYsRy0DcVHq2qBdrdPwqYfQ5ZJxcMRsjiXaLsK+qAhWCaMKwkEHN8A2aA9E1yM2ew1V3MjlcdTXsTT8dqpcZq3CkLM21DwfA98XDuZCHjsTGBhA6JOFMjMuEUsf1FysVRxU0dW3o0yES3ng1ePgDIF+D5Q/apJiwiq848KozzdcwC+HBCJaVNDP1UclkxWv7C2qol0+CByhtXjkPnbFqGo+SssahqvlR0SrZUAl5kqwtDycAo+Fly4tBTlq0osN9Y9A6tM5386g8utjyYBBTKxqTXKivkj1qGJXSGwmSSAGp1Rw9M9fLeOICvyisyqmPmgaJk+sN5BGFrmAY7auUHxTDs/bISXypyFx/7Z0gEEW11xtuEJVNevICVVX2wJXn0vagNsDmSTTC1RxmBAzKuARqcuUkqBRMu2AwIsvA7wC/uCaqS27CsQoatVnZhqGo/h0EI10THHydtQRjwUwaJOvBKyXJVfsUDLKdkggfVWFtKZgUVeM+xUQhVfWpyQBRv8BIiiecPLJ9r/rRdXtUwZ02K7BSmsHGt/QQo4wmu12LBiiS+5N92sIs4dVgkGJrAk0VhaKpvh5JcdGpI085rdXPtAdtEXXs8WrJqir51QVQpWcXMC3ofziPA2GuZYj8fCr5SJ7DZJ0h0ytiCOOEx4aMAc0QJJwqE0TsvqyBSMGZ5BvIpIOIWQDR4piGyUwwRxKxXQ2pNSBKJBXMdjCMWwgY0fBcJccG7ySU2rraH0Glv4iYkbYb5lQl54f7cSBiIyMo4xT+1dJkkFucQwQZLLuNoD6BjOwBJAgE/+1N25qGFRrzlo4kQJQjGtUJgBnaHA1tuq0BIghmhiAicxwRwMYnNfwI2rGUaoYAexcumM7WL3F2zVEUlAskzY6LU1AoBTDieOSycpUYL1tV0xV/L9ENv+tNOFG8cXNM9m37hS1hBRECMQLEfsYg+q+vhKM79r9WmppwaZPD2QBAySlPjqPusfRWnVhXJGJ0EGixa5IDJ9yqwKAeDukJ3LCaBYu7ZZuLF/L4bg7K0AVk22pigBGb1wiuREwbfGJT2buwR4jgja/Z61Crrz3lqHaq2oWKb9DkKlQUdKWD9Qhy5XU7x5rEpg7AKnbf570HVE4IkHO9vyFd3RfqAAEAAElEQVQkDWMiZUKyaqhqhR125UDYIiLMcMQvUiB+MRtQZW8lUe/wXmn7AmVUhnVhw4qevIbhsGjNvlvOrEYvq5yeVTWJePQjrTbgFNxqZGGAk9/oapWVw0pjrVD0V8N+hGAeNcY4qktWHOkxmLRDP8RVrFyJ47M3G66iuOlmkOronmNjzVcdSg1ua1CLw73wRnYPqnsIHfUqonapsUjTK7EL2kxHo1b1YL+srvHnIEL9QNfFK5hBsw6oU3O1JTrc8Du0Z/WaqWnPtL8fv1Wqg9jXiemKahncgVluRL2LV4lX/NXZpKs2zI2sC+jl2l7rOfiLQ5p/FOrAtlGa5aECFoC1yjQosV5JL7v/NRFj7UINZwZNkUnuMM/09Kql9MKLxluJ/t7V0zsnVSpVkjIJAmBOJjJog5iEFS8yQ0qCSLA1MsEqGQO0FcBskqaCiZTifq5S4vUr2+ceO3rRSaMTbZ7uwyfvOAC2s6p8Alw+2jxuHpTSZXIH21DAjZKdTQutKuJh55abL2UMxzqzLEITSiDXIpdNkgA0mMgmMAGH9cvZaE9j8s6qI4MBcr2wXoGGOYOndB8YfnOh2VwAswlE+IZCnUewZFYXcLpG69EHBrx/WMakGBAW7TOXezjBAEQpfLYR4zn73pnKheMSswU25RuuOgGbyeWgp8Zj9FkoAOQdUXhhBdtSEUxB2I4niVy6lU2i36apNYKFt8EPhq1a6CAHHTXjpSzQc/4/jqYAFgWsGWDOPR9cp8tnjig/dDEVFXtXaicK/g4vCthT6dAwE9FsVRqYY29bQgLMWpavtTOnzBUFC6IH6OxqaLihYDlXypim/x2q5yGjNeBqfup0BUJzUzPrlYh2xaV8dC0GLz6qDMzAoj77FxDzKOzmgGxVSOFfhpMbxaYxN1D+mNuHkEKSB1jlGIYNuSpda3qL68Zpjq3UnM+Gm4NeDTAHV/BI1EL1G62BXmq42C6iGsboUHX5CikIS/8F+fAhl1N5g0ieRThnrRwGBQ+p8i8Sb5//rEfBykQhAJ+3qkdu6h0YolnC+F6QNvJJM0bYT45qqAelakmIBm1qM6X+cDBEMhhksSpcgOt2ja1NIYoqGqwHF4Numh/lvuq4RwNWTZgzPoODBOoiFWuiuuIzDQ5qyBXz6yDI/xFEZWCzc2yxYDBYA/VCpT8+8FNu/g7eLb27IB7mKfO5QQ+G/bLVAVJIAbRpZrLx98r1VzHgqPj8lSC0Z0v9Fd9+BEkrouLWwkbgudKP+q2gL7XCcaNUPggbtUUNtYPQTigH4Z2yaasSPBhEbayNzq9khMs6XIc9YoonI+LZ6bA6c97jxfPFC584b9mS1k+vm974yMxktyDoVkdIIkmAsD4HG0+GQGRyQyAPkgnufE8BgO3iUWJNvQKZ0lLq5Qvo9ENHzzth4pA1HbBWTKngonlQGlQ/la4VfN8IcDHZCkqmaiV+flREw8+g0g8rgxYeD/tsBFlNxoA779zlMEpXQvvVtfZtCgyAdz7DdwPDRPDImYOz42xk2oi4VX92ATCVi5nYHuZkkVagngkI4/QuMMKA3yHlj1UtA+BscphUzlYgaMyOMmzQgf1yRc898mtm3DITz9xwfNw2HKqnfp1YE4i8l+9mTRmCQMhv0xtiQBAZj9hv9A9nQaDqKLjPzBBgbVc82BU+rNl8LJeNFeRw0kcMsTw0mXGfFjaFg4MQHQHkOOcoMEPvQa1nmFtiGyuIUDpANqMfkBJYYDvOpY6o0O0shFNCcdfKf7w+DqutXqEVYzu/2BuHsGCpR4XNNTbUFAiV+xG5XrE4uXuznz3TkDAMbLSvPAIo4cENQd/ZJ0y4tnUzbCI21lFv467PGvEclr301jKganjOp/FOFXex31cSdy2wZGF+z9dQ9+48nWFjZnY5iz/swIhKbWEqzN/3kMPrlVn9hLm4uHFyl5iDkfLzJk4hUNAdDlz0uPcUPa0Mrq/Hq3LHds9ZBPmYwKjYKip9CLvpRSUwfM44VhFadLORUfbLC74M7N4NZ0LcfDfci0/2qtvtCuCqW49I1MOOBCLROJXqOVK7HpC92QaXzLfvhN5GuE3Ya6RBQhum07kcQ7ePKzLS9q1oZIeKZdJ001ESmmWEcLG8tNaDGNTYJXiOBJ3x1q+iyMgbGzs14qOWB1/WeS7thnNBaZaghWuYvIoOHebQIwrKEmD3IrvuRBM9rraJ2rjO4bqGiLTWgOXJoMKmaSFELKxVysPhMbdCK1Px/Mu8HAFcfjS1fBQyKtBZXuPY1bmBfMGJb4VF4fpiV9bTgHJ44ucV/jqUVLOXdXuA6p6ZSsmqwW5qaGD9FGkgjegcr2rIo2FMyd2s9yMuNOxvR2jwO6zPP6FgECOz6t+rab+4hvK/ZMrEejmmx8pNifoC1gQHnpWwRwpoSZv3Mu/lVYvFc84ZPf7A1nV3dG66o3/bfd3tk0U300JQIqiVQAoIiUQQCSSC7GGhFIyH0QuKFVOhKCs4K7QQlLRo8UJ51LrRUw/vnHrw2NJxZAVv2s0P7tSHrRRkvvRIZnOjE96q4Hjp9v/1J3oF+sU94yYRDi0xM+A3AZa2O9zd4Oty6xL955nsv85MA+w+DMiALEeQEJzs4icPmZnh7BlZMCvIcoDKehHG+TxGJ+dM2XEW5PdGWnoZYDZeqA8w+W55QFAig4hB0QQy+sFqnXIUvDoPrSl7G1pKtemwgKXQ1c3aj3PgtcK0JYw+5JIWw+N4aBiCnZPue2h+++W7oUyEiCFWB2R1lZtcDDYZVE12xS3Bnlej3Ed0HNneNlkUEq4/iQWgpgY9wRzznatuFJXj67Nhvh5rWXy0Iuydv0eOhxQ2FDMpNCLmchn42My5quqcrFzM1aZYu/XidftZmnkM9GZjQxABzcAbDrW9EKKMiQ8y7nFH6iVM1W4bQdmEi0pwdJMI5ntW5BapErG2gMYDAwp+G61QhzNzTOkMd5MqZWYtPAQ6m78RQ6xK9rjyo7yCSisO8xBqzSUC1TOI5sEPI3CPuXE1rHA2iBtMLzdNHdJuADb1m1G7ALRVjY35DCpNW8l637ESUQccC+mr9zP6HbcYgKwqGQOod9MvDj34S/iqvPmMpzMREZE9iCjiPAMCHuo2+pGOfoqZ4Cv3bmFzmAmBSIfdCZjtywHN6LExvBLysCKK0bslZi5xQq3QwHUB5qr6n5UxLX+7kRrkAUaWo6xtzqsjhisZRl1T+yZsAQSMcqRELmjVoTHsq0ts7YbLHVQ9z7isqyiuKo6pBBT/pZezE2F9FTFqaCFUT4GqofJXM1HhcDf4VOF4lz+o8nr0vCKR4Z9B6eCHyYzAs7kyVN5jrHYgHBXbUhVUsQ8LNQlp1PfYkEedqhmzUvMGzkGZR2V4ANnQaEShx4rWFFTLlsW8GEdTcJCszRqirjUR3KotlmkKy7hZZxnkXJRKPUA4C4nDXY7V6oigNHdS6mX80xu6f3qInnhC+5h14tA1yYbVE+cdN3bTPdkf7+4+si3fMc1bt2WTXd3vMwkiQCYQgBAkhQ8oEIEFQRAnBElI2rx4gVixOF26QKxanh6wonX4/iNL56HIeNNutX1S/+K6/t1b5Ade0FEF7FJeZppt7XUIW+0Y+vigv8d275mb25438Sh5F6eSQ3crNv1VXQ1qV8+yLeoaJsd/eCHzsybS5uX8c4NlYCoJG9Tz0llmL7Wrz/bEj7slkRDi9sBWhkLs5myFcwEhkYNqO0LhCuKwbtc/m871ylr7cbLqgNmmUL1dC/V72VuOdZbJtvu++nAdWdm2fWWCW+VrXhPwh+9avple212cnlNu/QfZWVPSxE5VOuzBDGINDSgG2C7ntkl+MvF7CHagqSbGJXUuXOI3bAWwI34nJCoEReyDPmanqs9YgGGOfWICme2vLNiri5iU6E4DroixSlg4FrX4jTJrXu1I/adTfT6KYQr4EPUAcBLWGyCo4cH0JlPVYOKaeGMeBZAgiA2XS8yG4jKuYGLvcZZI3U8WN5NmBXrDLY53dOt8jEo1p0PniDNnLcQoz7Cov1KPyFffD60ju5id/7NJJCKM5KulAaPrWxl6Vcgbls+IyWu8PPSt4MBGoa9jRTM69d7Y2dfESR5Q+SCCo/KzgmHPHzQNihP4uWSPrAtqNCiXttWpzKho6Qu41s2E8gZw0KDOPfEGwKzWiF3WAGKHs9VRMaCiaovNXuij394VXgnKcUI8uP5cNKuwmhcHxrJY6qlBzLKmLIr/UXx4eiXjRLWjhuqt+z9tRDtIKHvPs2S9KcwunF/pOKpTMQzkwAuYnxuBBJeVe8IcQ4L0r5uKAwQ6YFXTeVOugXp5+KkeGjk4Q+Jet4yv7XWud3xQZrXMb9dksl5J2HoU5QoXGwCwx1Q6I+SPv2KYtZNR6qBSvRnfgRjKDUwJI0KPHQgkLex1aAgHTrPYwW6Qm8YxctndMJ9s/y8c89L2E+qiFVVu5Jh8TXBpqYZQ0VAt1lTeda8JGgT0cFMhMqNp4DTHgu8UNjseULm2uywV4UoiaI2Ht3R/dX1/0/bRMw5rnXFEe9UisWw+XXhc+7FHtHdN884ZfdeDvfseLnZNqp7C9LTq57rX0+z8CQJLSVLQaFuMd7DvsnT+uAD0koXpketGF46J8TYAaK0f3K7ueKi46c78zk3qT3frA1a2QZACbI6HoSjrX7/IJ9GsXNvbPkpqnAQiLaCZoFnYD4pYMsHCTBAWYLM1UkNo8xXJaE8yhN2GGTZUqixy5/sKDrB4YITKUfb33IJc1q4kg4gFsSA2/if8ak+30ko7V8m8bQ50dfY53HwRLAd02KE0xcE/5cpfNK1QD3GOu0GBQx4HRywAQDAAVmidghACDJLOB6JAYr37ausI7YGr3P329YLKhY/WzpYQm0DQxAzB0KR83IAAQICIWJB1GbVbYsIwH1ooT6411NmOkzaghllokGbAHKtrkQ8TM0OAwUzafbiSglnn/tVl3c52ul4YFppfxOXrXOY9YdEDwZBkx4KYdMB8zX5pN7sxp4CgYCWxNVuhnxKYBCsuIVryUa1II3H833J0qTKU5ePwFnkhDmxaAJaCq2Zu5gIfubKSyNXE3mJGPY46U79v7laCp86mRm2UYYPSw4ytmws7eQBdb75cjhhWVWo9hhAU86FCral8CICcIxCv53Pq79RDyVXSfYsOtwzxBML7sf0r62t0X+fqObvUdPMoB3X6tiKoNtgZi2gIBzecaUN8DO9EmTlQ8zwr7Vbw1SBk1Tz24bjEHR/Yo9rNGME2t1tq6Nh+oDb6VmJDjWFFIOhyaXjq9ivKglZ0RT1chcEcC3vAcZ21Np2j5Mo3lalUynVNEt7x0uJ7FHphg66krkzqnbH/DYuFYZ5KxwL/p+Fpk1yF7ZSFayM1jO+h8vDwxxrCcjtSpTlbMDQws7GjQtDcC889RBdS+BdcVRc0DhxUhIq92pqVnPgottK3H/wq1ydbjdYaOe5H+civIiKDABsAf4hCBjYZeD0Dr6rWcOQExiwYx7848FPtwvDo8aNuxMg1g0Rd5Kr2oALPh0ipxafwq03mcrFFolSZoHh0Am7RnfeoO5LntYrN22a++qvuNXeOnLqhvX51snRM7LdM7jOf9l2cHLF6PFfIFArmXpdnukUv51xBK2ZAChICiRTthEZSWr5ImoWtRV/LFLnmHVPYtCO/Z5O67s/9P9yTbd/BUiRa00iqCJQKVgbKu5EMUEcpt1EX7V8VK2VWnIKgCTlrEFpuKaY7DIPBgGBoFAJKEAGpnXuBZAhok8uNWOyIYucxsAaz3RjLRkacTxPODw7eNiNovBdrR6EFF8REIiEiJvtxTCZAs52lsGzR7D/wEthssmIB2xH72HyDhGuTwZUkxEGoeojCfiiF3NP6Z/Rcqtk611y+Ltyw+OwxxT/Y84RdFhI+lORYzVW4RkGN3tOhYGMLkTIDQcF+TgKEAIGJNYMJIiHhPXgKBwmwDoUwIqWJtQZpFmw+KsNQNn3JxMplLgXYONtBH4Vt3x4WHTDCGQnbyfJrMQjUl5PIYCscCCygARYEEoIYrIkiCWECBGs2yVFBRMIKZl3T80DsEVzx1As1uf2HyruVAOJsRot97XaU4ASOSvmgkhWVLlDFCnEjtU2nU1Z7UdbRUIUvWd89Aac8/uIr5j/HZ7G4HI9HFgP9qwqn7Z/D3/mLrrpti838XFGcVVOD/KUKybVqBwSOB9BcOjyxGXHV1m1ohTDnr5aFZocrMc2zIsMQFaFywu3crhpsn2thWJPVcIjJ3GWn0UGKUhN+/2fU6iAFUwGY5BRK+R5qYm+IHqLQKi7oECxaZ0WtnUDvDS1ZodSj/UFERr3g6igNecmff2tlLxKpwSSG8KaiNbz/U3k37Hy1w9Uxiv70ei10q2xctNZKpKQD9ewjc2WiHITQp/KEeD/ez0CO1sGRX04QxlGGYuowpEFBLb4hr7ZjhgyWoUqd1dExUe7SA/cP4LGEteTlOxYDVkamaWtyY2gtDPyVgSWOx9trtFBXDtPmrrOOcg5c0Mj7NRGHKKnrbvs+1/kZqHLX6CwnPZg/yt6GgbFHbzQrUKMEcqEhQTVCFhJWv8L52FiSYtkuy9erqkT7HG11efAtR1SYLtnMVzlUOsD6KH+UocaovnLZnwmvAiClSWmMtwiF/tPGyT/eM7NgIlm7Ij3uwPYBS2i0I5bNlwesTBNCO6H5CwgLWo0dNJdSyPpaa9q6F/dvzbfuVpv36Jvv6t/9sO511USbFo6T5qKbE5EQkoRm1u6EVgoALQOxwbJ9Ybc0h5yacD2355bqQgpOJHULzRx/2ZINx7gtKRWUFVprm3PyBt8oQs0uU1gfTLOyUTNraA3Nmt2nJq0eIhJEQpi0KpEVOobdk2mAl2kJ7YRaQpAgpa3zwG7XJQjCnE/LJt1q/1+xJm0TdAaos4AOWMUuFaad/xnMSoBIGleJDG3kxYJ8StsNAhGEMIzVXqo0B+qC7YIaO3KBHjb5YYPbhBspc6IsGExaAFqTglnLSp5AMGwCUlgx94foCpe3tbtgCWZrEBlVxtokwBULzQwiwZrJfE+VAJ2mMpEyLzhXhlBNlkKn232AhwhgKYhAWpVZQ235CxC3Upkkoig4K5gBDjel2I8g2THy1qIUKIJWIOPSMrT5aKouPz3jYt8khJCSyDLScJo1CQEi+2UYDrWKZpDgVpoQUGjmcmcrjKtai0ZWTwRi9681o4FyYS+GIYQqQ35WGZZvOeELcT4HS9aqV7k3uvZkAIhyejVqpUmpRrAiqm3QclyvYfyKhqhAZMsaLV09cxLetzej9Vxu/VFZuAomSusfAjbXakR/0N9qo7WbwwF3ZLip3ARvnwVjUG006Exk952cNHt6dZqbaKuY1AomjJgWA1rvDYaiQwHZdYaA/VtDjrGJel/CpBhbI+BGJTXX1MGyfxXi6y5KBTRUhr5RVsN5SJHYV6uqzCs/mUMQFeKZCqYt51JZMRs9F2f6AxhX4s0IdzOiQ3osK5zf7glqdKc55nwj2yuvUCxFlaltW4mlJ8Z1fqo6KXEKocHnCqquEGN1qtXhDcozaZw5aFa0UXvlW+5PohIoN6zM5DJO5oNwkWPNzfPEVzA8gMQefjWNUIShnU3lsHyg6vy75elKcWPhrAh1Bjf7g/FV0WiVmRqVjP5ibnBym1siCAgIazYH0RHURI3tIxA7REo7Hv3op1P4ZRdKLkeNMdflFVVnv8qE4TEYf7RPqFlD2uzk9xRVGh4wn+M2dNmXSAOVKmzo8JcEeZkplUXQv5LVDThi4KD6jjeWqMV9/DasoTFgAynKoYzPFCE39ah5T1goDhU6KzT7385ykDvENlhPWdpjaK2h9YIRKKW73f5Nd/ZvuH0mTdBp0cGrk5MPHk1Ik6DRlliyMJ03JgQB0IJIM4oCzNzPsX13tmtvMVNwpsSmPbzxkXzbjlwpJILmdeTEhFYayiRmpJQJJGkSEF4EYNdXWFaUPHN7+EpD5nwlPxUYgjQzRkZHBCHLC4A1ayLBfocZMRGTYKVJK3RGxnq5Ugpg8y0T2xQSIUUwRI7plu/CfGyDpYbWrJhZQ3n7QtZLURycu8Mwa4MLZR1b901MZmZOWlKANYoCpAvWBZE5Xdgwxlaj7TxnghbWbWJhwnUWNXiJMQt8WACaHAb0/yECU7zXMohfBaaeAQEWYGG+ruKyBUSk2S5sZlj3iaxssfWIBKT9VCwLQNgvoRpn0XVdM0hod4qsOQ0t9GXMlmDhPjXnjq5xQmD1qZcJrTXLJElTIRn9DEWeS6Ht+b0MEkkvU1l/Jm2PCCm1LoTWRBAkQQIgd9otE7EmYhZMQiZIE+g+KzPBtY1XgHlyqpf1u61Wp91qCyGYhc28AkQkCETayQTBOYkEkCBBlCbEIM3MDGKQsKshNMoVR1IIZlIaJA2rqd1KJQFAL1daQZAmQBAzQwHGBirNU1NTQggh0zRJbDLffak2mPhDD+crdWp40wpZaZmsPmtavFNVnYzqiQN15UrVsyVmu6xyqBtTLhe5sYtd+UYqbbr/Nq7HETCThsHm40DcsMl3DmCletVpbnbJq3U2WaTY6DSS4ZszerPR4WyE7AjgaGPznn2VFym8GT71dkqIMnLQJIr1oMMgia05n+FfzYPiO8WI9qk2og4bnGoaoShM7+Z4/K4tF3azoSOeHpuWQIz8PdbzfkHQ2bg2HdBQl8vY23NbKJtAVzlSYUfi33XnmV1EzNwPT+6sTDzvP4ZMoFp3KgXCo4zCCY9gKCOv3dH3qKZnSA6Mkqt5Ys0OpPu7nJVcdunR0RDOO2NZYlgbetQJrDAEw8nWx3cWc6DCLymsacNQuZfeZpy5CpbIWpYjuBkKUuhdhyFMRCvPIwLC/jcHzMieTlTGZoKOlH2M151WK6neJ4dwYkUfx4Fc++WPRsxevwY5FU16ofzhMcTAemFj3+Xmw0BcEDKwzB5bz8kUpqog1OiIlckgMpyVGejCVcfXnzBl0zVRxJjjZkv07x6E0a+GqFKT4MfsqT0dbJAiXRmiIJQuaAljBkhapbF608NjNJ6eilKuGEyEVXG5KzP0OuGkJdp2X1aCsijD5cJqxFPMT0MK+Z82tF5GvcjKs9aGjRpAUTAzOglGEiKgYM60+v1d2TV/nBQEkkkrEYvmd0ZHiDUTtBRCa1YMzZRr3juZTU3lipmBViLnjybjHUolSEArpcAQkIJASAhSCiIIAeko0oasMqRIZY+4PNg54LDLORq2EWmtbv/zfb+55iZN7ef+7UWFLrRThsaVAkDM//2tn99+++1nnXnKCccfPTI2yo458D6OMK5SOaAUjywJIg1S5muTLF3cQEghCFnBec5M9mAgP35pKgVBKS4UA3qkLW65ZeOV1/yuO733ggvOO/yQAxRr1gUATcQQJCQJYZAzAVpzItHptIwrIdxnM8mRx9ZNhVZWdXoBISOMBFWgnxXeMpIzT+TsBrHxwYjBQrAUbJwnzcxMQjBI2E2oDBfSYc0Q0KV5dpleI+oUKHLPT7u3khiawIIZ4YA757s82qf8SKgXYy/MrLRSo6PtO+/b+vNfXr1uzb4nnnBkmsq8KFIBzWi305lu/zv/c9nV1177uMc95oILziGtiyKXUgAQgpxfDEFaM1Ippmb6v/jl9Rs3bjziyINPOP6okXbSzyDBzJykotft/+D7v7r815eedNJJT/mrixYunCgKzaY2d7RyO5WtxkPxgUxBSuRMQkMBrEAMIvPBXaHBrFlpZqUSmQDQrKEpTWj3ZP+PN/9p3fo1a1YuZqCXadd7pbVgiFTQrh17Pv+FL09P9//6kqcddcQ6Zg0yMQ3AnQ9MTioYXvodqKh4k34OOEku8YwzV179IhwXdlM3ugUnFAgkFB65sBOeQVcDcqiq3SYw3Yg0wiRFk/8WguFShXtbWbsqfmnFtDVE+QdczgMZjEbCue1/DHG0wuaGR0hr7zp1TJWWw8oRdrbJmaSmmxF5g9qdM52hqXUwrQEMWoNQxx1x8KIBNbGX+FJCh0ZwgHCgADR6tuG4RK3NsgqsiUW1yhvvxk9DUkIs52scREQZ0ahnU+IZFP6IHTOuVxjRE1TVDIvdTc/eUBkM92jiRmMlUh88QuiFzbrq3hjVyA12bYU+bV3VlXREgDvmXp1XQNIw0ATYpVkhAfARgrhw9fVGQB86ML4bfsb5xeM1BjWPQejSR10KdQ5H7VZ+m79BFmYM0TKhpDZeXobInZVsFndFTn/p+9h6PTWVqdLo4jbyMxSLuozGTrijoiS50qyBUW55mrfIMTFOS5ZjRY5zNUWMQIZpUJwSTZcB5408r0VrLB2VZUX2kQ3LmfvV+VoJUjTHhJoicI1kDwspwVLiOe7jrNGABqyvRK3qCq6UWK+HYtoqAKUmG2ERUPzAAftg3KNCAcOtA1rnB8L+OjxXmaeRqWBUFUQooJ59rJmZNFBoMJEmeyIswyyIZQIJQSNCjrWkmGibfZ6smVXe3QsjWVqTUpoFqQIgaidibHHHJqw0QKyZM2ahyEJ82CWfAiwtdyy3XYDZhdzcclo2vCw1nNX9RhoNPwVrCDLN/vAnl731DW9csGLtoRv2P+3kI/dO9qWAAAsB1pBSbNk2+f73vfeBu6+97JeP/dJ/fnHt2rTQwm6TY6Qp7rln8/e+/xOZGinSAIQQfvMjzOpc1kprzRo2gUXMLIWQSUtrfeJJJx133KFsxtTsjSRAc55387xIZZqkida6k8p7H7j/nW972+TO7atWrT7+yHVIWxotv1VQAf0+iFiSJmaSvHey/6MfXb1t+1bjvFvlZxKUzFopVeQAEWkQkTCcBmsmsJCkdLZy9drTTj1p3rxxrUsX1EQ+7Cmy9hubTGBiLjQkQQiTqAZrLhQrbbvs4lTaKBqbnPQorxRM6yVrsGAiQUbM2Mic2xxpNb3J+cKczMTC5hRF1T6ST5xyUaj5Y+2de7sf/ui//vsn3n/08ef/6+c+dOzRa/s91WlJzdxK0917Jn/28599++tfzLL+eY89Y2JE9CCTRBrIojVg8qTQrDkRcu+ePZ/97Ocu/8WP/+bvnn/44YeOtiUrzYDW3BaJ0vm111z53W98Zsu2Leed/5jFi8dtAAIsiIUgImzasuv+Bx8mKaChioIEgVkIWrhgwejY+A9/9Ksdu7YL5kIVWilAMIQm5kJpnQsCUdLP+ueee9455xzb6+mRjmStPvnJL37mox98zPnnP/s5f3fsUeuXLV/Uz1R7JB0RyBVmegURJicnv/rFLz78yObjTzzu2KPW9nsZJUJCkpQmFcrxCkowlZ+rNfYrBBR2ApaaLlBAoW6t36iAFi9tTXrOVU3EOgqeBEWGwPH4Sairq+YvhIDBgzq8EUKE90vMHHbQmRf7CkTYN27qbNW+xG1ZNWhHiSpmE+GwDLKhFb867l0VhziGhIUrpEbNw4OBKL0Zmcuao+u57bIykfvBwXbHxihA3LnBuD+EgpUAlaO+xAaosihEWo1eoo2MUnwzwsxunrgGKcYqjcQMwmbBvu6ms2ccZmEHQRxStxDDm/5KtdEif0Sjb7vQFA4Ia/B958HsKt3CIBJUr6jqjITYz6KCQFpqkKz83TSnEMiVfzoI3jvuucZDYUAwZTxOjmGqB3IcRND9GtVG9Fs2NQj2xdwoO9jkSmDA9z/Djgy7PKZveFDTrcyN/rcX+Oaa6mXjjRsDitXvhf3xtigyaM0XDRLHWv2lCxpnd6MWA6rDH9xUzxCq/vLLY+EaYcFV3m0Ivfh/fH3hm/GxyUPqce836mtECspWFEnwHK9mQkP/+H/B8PpbwyxNpVi9uUhCB0saSkU5qOna/JudoLiNiLhBMhI6n9XIIDsiGNKJgwimOjmgAzdbqjsnXTH3tz9MlZXifs5KQZvsB5WnzpTxPg2Q1sxakyCQoJYggDUIipQkxZDEDGjmovCwSSfmGy12HabxNRkgAU1EBJ1IgvYMI7eNO+J4Xf9VbphDWQrNmkUixemnH3fAug3333f/B977yc/96wcWL2z3e4VMAIYQyUgqf/SzXz54312CJg475IiVK8Z13ickLFKSghmJoNvuvPdtb3wpwEABs6qxSgAGC0UHKF735o+cdPzBBSfQmiGURpLQjp2TX/naf9238d7zznvChU84XRC0xvi8eQvmzZNJe2pm+pY7HtBKsYaQMDv7xsYnlixZKAgJqZz1SIs27px8zRvesu2B6+NGE6AFaKA3gKryOuTo877ytf9YvHii19MkiMgbdxbGkMKIoEahhKBWO63U0AZ6Gbr9QjEZ5C0FjY6lSQKtQc5PFMGZO81XCgAZY3q6MAhcMwE2WADmNElG27asArLcLCyxrFdmZ6xmsJoYa++a7H3wI5/7j3/9yOJF+zz+/LOXLRkXBCHTfsHMyAvdK8T8RQukHJuemZ6cnhoZma/ABJkICaBQmhgQGlozswY2bd+7bce25ctXH3f00fsuH1eKE5koRq9XgMCATGWSpp1WW4rEgRM2M0OKRCb0y8uuectb3zY6OiZlAmZA96dmsrx/9jlnP/v5z3vTG98ys+degIA84AgDCkj8zdGxeY9/3HFdzZJo157+72+6aaa/5xtf++xPf/y9iy58+t/87TNPOPnovXu2Tc302u1k0aLF7U5KEiMTE/MWqk5njDVrVSiGpEQIhkjMinQ2x/lGxmXAPIvT10Bo9KPAVpgRnGuKoPzDmqTYNQiuOaGoRgQS6pfZK/H+YR0ZV7Q3x8cFBU2VJcKbhqN1gxW1ZQVpVts3rCOV2ptzPv8LUOSRb1lb+YzDYnMy4YGJ+99eZCMrw/MczS+WP+f+YgMIjyXEqdMKtwmIzkCt1xs9mMtsqlPGlT891Ck9rrhw8KguM4MchSHJj4HE8ewZ+CHuQaMjOvdRm5seiH1UNy3nUkmwFnUOo1abJE34sMquxqaTENCGJFZOfqr4YC4VFikF5vKk86pb7zvpgwiuE2w45VDEIEKJqCqbnuABcD1MutaTSFXIXNFBgyUj4oD73Vi6dLn9rDXcimMJ8FPXBiUjCzGQG57U0usrgyjhKDSmDZ1h8V12YKTiqDe1PYQe3/HGP8P4R6g77K04RmKsp8OWDc6n7XVda9s3Kwq0zEBViPcuqPldUXnB+819h5s1noxGasnVUNZfYVG5TqYGAvxSDfekogHKpm11PuztnloLZ8qUiok9JUGU1zmMUQO2Xg4qKBt1ZNt6XTNO5BuOwrCv2xxDpTn2LHDRM3bx+qxAmtDi8UQpKM1gaHtWizbfqzDRfMdtWD3D5lOIpLU5hYe1dnF7dpFb504zzAcuHPOYSBAYrPTqJTIR6Bd+6QSDQ9rLraCeW+SzDQDM8TTGkAvqCKGYhJRnn3bs29752pe86LW//dWVX/rSt9/x5hdM6uk0ESBKWslttz/wmc98BqpYv/6YV7/mZSuWjM50FZPoK9bMYFIaMhEjE0ugi0OOPGbNmnVZdxoMpXKlCiM1rDURMbEqCtasVF7oot1qa5n+6U9/ntoxNW/eKMN8DUYTM2sIEpNTe//t3/5164O3zJtYcOEFpwqSGpiZmclynWfZF7/wpa986asCQiYSghKZ9qcnz37sE173uudPjI0UfU4kAFq0YOxpT3vSnX9a307k1ORMe7QjhPzjrbdOTk0COOjAg1euWCGAvCiKPE/TREohEtHPCwgaTdPtW3accPpZY+PjhQol3243MutbBQFgrbnTSUF0/0Pb7rjrvm3b9yhdJDIZHx9fvWrJgQeuHR9P9kypQulWKmZmeldfd/P2HdsEkVLKx9VIkIAQgqQQQlC7lWqmRYsWrlix7KEHN23avJlarQ0HHXjwulWFUswkCCASRKx1JxW79kxdcevdu3bvStP08EPXr1+7PM/tRl0zhTWzEDTSTh94eMeHP/bv//qp90vw8174ine9659S4PKrb/nZj3+WK86zgkmRTO+86y6k7VtuvfVfPvzJibExpSFlOjY2duKJx5x40jGsFZgZLCQKhXvvfWjT5m0LxhYtXrZoau9Mt58nQigiIVvtJAE4L4oiZwbMdmECC9KhLmIoKrptGu3OTE32+okUbXDCnPV6Y6OdffZZtruVnv3481YfsHrrlp23XH/zHX+6eWzB/IuefOHBh2146MHN3/7SF/u93Qvnz9MMIbgo1Ggnfcc733D66cf/8Ls/uuaaX//X1z61efuu/zj2c//5pW//8Kc/Wbtuw+tf94rDNuyrWeWqKLRm1kQspBgdSdrtEQDMnOVet5mQMcEFwIxqC/zO8idz4Ha4ZKlXU+6PCP+EWpXdP1Q+JK4nCNnpuJqSs7o6jvp7JFPq+MgMVm1UmS+K0xeNkKxs2h3EHFOAMA3i7VQcu6x4EcEPZ3Ar3SztHQUa1/cusGNugYjjuCOxUmOA3GDP1q40GrMiMBhxZCLkTOUAf5TGrtKo/zNisic1cITsIVGuI3X6SyLjPlbh8SC0GaRb/I8woVQrHoNG/3qIN4l8UQQwKRwvdt968f1BvAkbsQTCSXUExTkaeNOFShYuhjlhT6Lu1SUkkqsm5peDXquvwU2tQfpGchoT8o2zr0oSSomNGBvTEALzOqkhQK12h8hDeJ8Aq9BfVuVxZkXgo11g5KQ76iYGc9ILdAU5N0ZVPD1JwJmytEWFtTZQY3StDxj0tHGPQUgm4jFuoNv5cOE2Bq11PSRT4b4gUbkDv4k8ILQuFEMkMixgfjWXpPrviiYNHjnRczqjSSvVoLo3cuS1YX0+1K9AqUXmp3KELFcnWFX6Gz67OaDBOnN0BH3qhi0gNkb1HA3NwOb9iQIIsEdTKxVjg0ajiGjHf60pCn882mxquN/dNh+TZx1IpxgaJdYhmxBmlc8QwLTS+UQDQ2YnvTbdKLBolYocbCz/h1C4A5F1rzTobq/8uhmPdsTZx4/fcE9+58O98TEBCAYTSfN5TLMHz+tjMxpGJTLYuMJsvkpRnUoguwLXLKcTChBEUhARZjK97xJ50Wkj2rgQxpkPuVnV+KVHD5SOqQZI2QklhUyJNCMv+Jyzzzzm1BP//KeNGx+8P1dCyEQxSRLTU9l/fPG/N95519jCFc9/0XPXrtt3645uu52QEFKaD2ywOTa2AHFOF1/yzOf/3TOnJ2daLamKQrOy3poAgTRr4zWx1iIR7ZbcsnX33z77+Tu37iryghhCaIIiIkUCzLlS4xOju9KJTrvNmpOEJEBac4KCszv/dKsQSNMREiSSdpqme7Y+sv7AwwVzKqCFIOI+y0ULJ97+1jdAgoFet9tpjfzi55fe94EPbX7woWNPPfOjH3r3kYev73e7Qoi9ffXII1sffuiBNfuvPfjA/fu9PisNJhZt2aZ+zsK5EfZoGjLhARBBF9xpJ5NTvR/85Ddf+PJ3rrz62mzXdkADkkbH1x+0/mlPe9Jz/ubJa1av2JXpiVQ+uGvvG9/8gVuvvwzteej3AAUQSEIAkNAaXABAu43+9IZjT339G1751S98+Vc/+waw6DkvedmnP/z60Ra6PSWSxPiXinmkTT+//o8vf9U7Hrrz1n32X/eJj79rw7oV3TyXSUub9aNQhv7r/3DP+z7wqe9//fNExVOe8Y8v/6dnp9B9Tb+58toPvPd1sPETDaQ0tqwz0r77T7fdfetvA/lq/8MLX33SicdqrRUIAp0knZ7p3vz7P+6dnBzpjH37O/9z7bU3FkUO1gAdf+KJf/uMCyVxoRUArTiRQhATaUHELCCk0oCm00854YMf/sDo+OjVV93wxa/+1+JlS57x9Kes3W/10mXL5o2PFnmWpOIfn/vs8849JtP42Me+9PpXX7bfsvVveNWrDz142dY9/dv+cP11v/4RKQ2zD5aLdoqjD9v/6MP+8cILLvjYJ//9it9cds5jz160sH3fQ/fd8ruf9nr9QuUGQ7VSqbRKpB4baSdpe3Lv3ltueyDP+ocdelB7pK01m0V4bBydcr5VlVEwCd28pvrd2DKLwMbETlqlbhsPDRqzeoVqmi3SBo3egu1OQ9kaHKpSMuDkguYW3SqNQaiibnrKZbq+n4GFgwPBVWPn42yhz17vdFk+OnYFMXlc3xpXg44VhxBu5rA3LLFdRuh8ujZq/GhgS1k/uc8fhK8PdyPndtXHsYqf3YlgZa/rqQUO32rMGLNlEgHu8NVGlyzA1eHmrCa8Z023l5YqbZVHDS+HxjgE1bXIiyOObBOVyM3AaRW01+QODSo8l2vW1z0+mEtDJSqrObF1uh8tzkTdWTL8DlPgDHtExIAjjh2BUdOWPKNJ/aQIZ0fTlTQqsjCf0+h/RrG32CM2hZyNKAl1ijty2CqOcuOPCNkzgNoXQcIp0QAFQ+qbpCAItg1w7mrVeOkP/LF6kLLadNy1QcPJto+eopiowfLGwcE2IZ31rgXK2u1WHSxnFGyCZY+py5hi9FZ1EMucXgMuYFtD1dlyZSoG3d836nfAAfRoEC3/emhFEA9WPfxZ+VGxhY1XIxMqQYrI/kUvx5CqHuGOG7KmqGZfnRXyFZn/Brs1ybEjJrL01Zv4E1Na2aNqJaIeHA/Bmr+cBY0FEZ5q9yBQIAywO1K129OH7Jc883HzP/M93rI7Hx0hKc1xL0RWPgJ2lW6m2/tnvXmEE86fSMowp92CGIKIBGmFbpcXjuNvzl1w6OqknynzDrMlqRZrhJuLXHbThJTsEa8sE7r3/s0//NGlqZQAF6rYsWtP3s8Xr1ic6+L9H/2Pfr8vpYSmLO/9+leXjoy101by5zvufMe7PlRoaqXp/IULn3HxU/dZNj9XDCYphFZMEJ1Worn/4KZH0iRppUmrlaRSCmnnhBCCGcyaElJF3h5rL5y3yG0ltJ9lFNBaMyviNM36/UKpPM+VzhVrLoq2kjrLWRUqyy+46KIzzzqt3WlDs5CJEDy5Z3rDIYclrVauWAihNCSoIN0ZoUIppfSKZRO//vUNH/vEp+78wy3LVq561T+96NQTNrDOiHliNL33Dw+//lVvuvF3vzvy6CPf/b63nnX2SVNTOQPMSjGx/XIHACJR2hICVMGppJ27pz74oc9+7OP/1p+aFOMTo0uWj7Q7RZ5NTk3dddsf33/z73539XXvee9bDj5wrZGoBQsnJhYsG1m0oOj3NbhQBWtFAoKkJJkmqfkkzfTOHePt1vr160866birfnu1At952y333vvgkYfu3+v1pWDBYKZ2W2jGrX++a9v2Rzrz55991umnnXyMZi2cumIGa93ppL+/ZePrXv+231763dF5Ky688Elvf/trVi1fuHuqt2C8c+5jTr/vhW/ppFiwaAKQ99//wOW/uWzLIw8fsG7d2ec8r91pE1GRcZEVJ592Up5rAptzzoWUm7Zsv+aqa3S/v3PX9h//4CdQOaQEaWTd+x540l896TxJZqA5ywohRJqmWb9LJEuNoPmA/fc5eP1FGti+dWpq5672vquecP4Fxx99AAO33Xk/EbQqdu3ZqTWmJmcUaaAQghT0VE/3pqb7WQ5KKDX7epgYRVbMTHcLjbXr9nn/B99x082XrF+3ivM8bScyWbJixeKRThvMUghAIM927dp57/2bbv7DXVdff/NlP7909+5tX/j8508/4/CsyyTMpLP6xk5pgzyD+R4rHO8YznYFSxf8aiByMz1QUU6flKrPfM9nYDsNKroEpIhVXvQkaKTZ4aQaAI3Dx/5gjcCwDPaUKpba2fpAvzU5SMYLbbIUsQWa7eLK2bODinkQh8idLn8E1r8eWKc6NhgS9R6wpoli0zzIqWhwEevx67rJHHo12n0fka+SN8h6e0oGbSy06JMjkagsjvMNuYCJraHmfNYvV084hnU41FDDQJGiEmjMys1Gca1Mrga2eP920HEhlQrdm3Wym6FyXXUF0RnraQ90GWwmPsSJPgsaZ/6CGsi/EK1Ac+LEqK2VaCS+nLZ2coV1cWCnI1E3bHR2IibMu1J1V6Tef7eqL6DA9QP1gQx66YsO8X+85+OnhLlbMjeK8yG6nDxWSnKgUkN3hZrqqPe6kgkcJM2VO41Td4DsRuLaqNu9aqi54iDfekAnSomoMammo+s0Nzk59m+HBKIayhc5eDFwJ0Iyq415KoMhCh0K/yQwJ2GAbWDv/rJreNRnWP1zOMw9DF7EMRQvjFwxY+U4BnGBZnexbNkkP91ZwaGii9VH6IIGjXojUQbFq5uIKq0H0M32hur2IfKHQyBgSGKUgmTmrAaBqK9Ya33mUS2NBV/52e6Ht+dFwe0WtSQLGX6qxTOMfE0McHQIqj323aowu0mVmARDFwVUzpKx7xK6+DELzzt2pJeztwVc0yRsDVUweCVjyB+hwIRUirvvfehNr36T420OpOno+Nj8sW/+/kYU2wECWkABSKRjrbac2bv3S//2MSADRoEMI8tOPeGklcvnGQqEIJAAc6vd2rmn9+73fDDr9cZGR8xuRiEkCRJCkBCstdbM0Hv27H3Na1994AH7qawwH3Y0PVKMdtqSqUgSkY60Cs0ASyk7rZRJyBaphFSuCi2e9vSLn/XXj0PtMl0qWBBpAU4FcqW54PnzOnfcte3jH//sbTfftmL16ve+5x2X/PW5zJxnnMhUyGRsNF21csVd8yZuuO6KN73hnR/52PtOPOHIXXtzzZwkgtyyEAZYMUlzBo3WGiCCkB/95Jc//KFPJqMTC1buf9iRh5128rFLFy/qZ727Nj5y2a8v37n1wct++v3Prtn/A+9+bXvByOjo2LOec8nZjz19pJ1kWb/dad1598af/einO7Y8MjK24KInP+HkE47OMkWSer3++Ni8tasWn3726V//9g823n33n2+788qrfn/kofsLSVprKaCY2q1k07apP9zy536/v3TZiuNPOmafZfO6va4goV28QzGBqChUr5tPzF/+189+3jvf+vLlSxZ87buX3njDDY8/77wLzjnutOPf5Tk5neHFL33VVz7/0YMPO/JjH//QvI7/6A4yxvRUprRggCEU4457H77tT7e2W8kxRx52xOGHkYDK1c03//4PN988MTaRJEmuzMvJjp1br7z2usc99szxkbbKiyQBCZaCJZEq9ExOudLd3hQRFVr1+jO9LNcQzEg7rf6O4ie//M3WHbsfevChy3/za5ITmzY98tnPfH71mtVT01Mb77ybZAeClEauICSNjIy1x0kpPTndI5mcccqh/VxnWS9jVkWR58X42NjEaEskopfnTPjW93769W989/c3XL9n71SaSi76m7dtZ4YCC105v7VUDqUSClRQqOsqOL8K+42S8LtGTZmorgafsJzPrkzjFRr6qor2bUWEBBY8RmLDjVGlrTLAFjwOOzI4TluexF7qtyYCfIsNyIGaKaxcoefBA16ohIBLbgSWqexmUw0l8Y/G2UOMMUCBlxKSHbi14U0E7BoU3fbGN0RNUckmpFepNgRXUYHYY6nJXmBw5waTaqkCVGCHsehl2jQ+v7MGlRv66yXfCMPs5AVrG6qFBsHr2PHz8KlSoOHt+p3B0RxPui/GMYWNA1q/QqFtJix0PSuuig8fcPWNMlThaCW3sLTirzrIWB4tVvWcQ2k0i4sZ4X1XVYOoJwGd9p1IRAK/v5k77q1BBcqa6p+fCoH4AP1dCTXN2sqsRIT/iRqqlpzTed8crnodKLaDrmg5p3nPnPQ1ex0BvyjuzyBOVtselLt/9Dr6/+TyPISHDXO+mhZ1DG8s8AkfffTxL2xowFW6oA0rW2ZRT82zo1ECSqXQoAgrRSoERE5irJ4GXRxVRex3W1lNVyIGhj14KLbqFWvtnT1ohiDKNETO5xzbXrVs8U+u2nvzvfmuqbyfc8JIBBJhJpFwrUM7rWfdTpOsYOdQu+8MEsAKGlQwa0anzUvmiyPXtS88bfzYte1+ps35tWwyn6F/DHvMTMRu44ITYJOlpmMMRq708qWLT7/gonZLToymWaH37Nl92x9uKbJs/zWrVq4+VWtFJqUpsHfvro333jMyMXHQgScsXbZCClHket68iYl5Y9p9NE0IElKy5HZnpNft3XTT73dt2To6Ng/QJATYnCtrzgjVEEiImBWx6nTamhlCGjuntQClM91sutsfHWkXWS4AgPp5f3J6hoiKIrXLYsH9vLd113QizSplYaRESsmMNElApEgIKEBDYGSsvXHjlg996BPXXnXtqv32f/s73/Lsi89lBohGR9oACo3DNxzwzf/+1Cte/6EvffE/b/rdVW9887s+8qF3HXP0ht2ThdJsGjDjZjLLrFmTzgs1MTbym6tu+dp/fZPb88Cts885+wPvfcNBaxb48fjU5494+zvfPi3y3/ziR1decMbjLzhnYmLkkovPSxOAkeeY38FlV992zRXXbb73jkULl/3105540eNPUbAf2mEgZ5x6wuGnnnryxrs27tm+/drf3fzc5zyp3ZK9TJn9iIKTG2+85YYb/0iax1oj+63cB8yqgJQ25KFBmuVMVx9z5EFveONrb7n1T8+4+PErly268sY73vH2995z6+XbNk+fcdqxoui1Wm0SAsDevXtlKwWkEOjOdCWkUiylZNZESJJEFSrTPNKS3Z6+5Y+379x83wEHHvGGN7zqiY8/JWPs2j71sn967fXXXDExf/7oiNzVZbAA2pseeuC973jPQ/c/9MJ/fE6nk+SZHklgN1GTIJJpS1KaFgyZtDqd0aSVFgWEkEIk/az41rf/58tf+Tr6vUTIdHxi7569n/3Ex5G2QEDR7bTbCREYmkiTvOPeh+6775ENG9but2bpVA/b9mRCYDQRI6OjkJ1+N3v4kS27dm654ooru70ZkbYu/dnPkW0em7d45fKVM1mvNyMgSCvWLmzp1GE82ciG2iOPpHJ5jzQC5U67NYECn/nxWilSnIGqYqfVhijHRtth5l2DBZ8VAszNEg0tVPagRJYBK+qGdZC3OSgQP/z6C6LDlYGao9s09wrj94iN4vZ8ivYXD3zRwe+mduvAcjDUdPg+rLn5ayh/ASdnHaow69CUA6maaje3yrceFT2RPzYH8Z57/Y3R+UFofU7MDN37//U0nFNzs/kjtUqcTxi2bAWY7PNYuDjwNqNqogrCJW9NDHTZiWqHBxCfBAU8xRWC4XVSQ/LHRYPCNpiDwoRoh2Awnb0IG2ljVGU37GEErxHxsYK8yylqE8kIXywLU7WzIS+tLzQg5gez77QSDChrrXbB/PABAGdGdfjGYO81HkyKTtwpHeBKdBeOu2HJ8KmrKmzJEzmXLF8UwysdB9uLeNlONBmqGqocvtLxJMRp1Xg6hR9uLelB9G3gSry2NCLMvsV6JAloFPJ678tGo5i7i8uWtQGD5h4co9jsooUTV66MecPrFHezGtJDxGHfd8uBkB6f4mySK2/+OOhkuPi2Oe/qPUz7n8DvjGa/LcpgKu2WtWLWxajMXpeikIKUxswMH7JaHnLJotsfLK65rffHu7ubduWTk0UBIYglMQhCQJP5IglYl84nM5hJa+MZMmsC7CpcSTqRtHxx69QjO6cc2jp6XWesg25fQ8AcAOsyqMxOACy5gTzZo0ri43HNbwbnOa9fu/LfPvHOVku0Wq2RTvuW2zc+8zn/0N2192+e+Zx/fPEzZ/bsgZBCyE679YtfXvHq176u3R59yYtfdt75Z85MTqUyISk7Y6OFDsNQJIi0wuKF429+42u60zPzFo7aDZvMWhVkx5tIUEJotVpHHb6+l2eKFYQ0ClgTWkn6wY//259uvXXJ0iXbt22a3rUdSK74za/6/WmV95NW6/577+9nM8iLL3/pi9ddd3UrbbXSdpokgkSSJjJJpqemVq3a75JLnrxwwaguwIXqjKTX3Xjnu9/z4auuuYpRHHjQujzL//3L38/6XWZWgM6V1jrLsnkT4w/df0/Wn05GJq759Y9e8zp8+IPvPuKIgydnCgKbr5z4SISEyX5qAD/52aXbduxGke136GFvffMrD1qzYGqmSySynhodoWddcuGvfvHLn/1440MPP3TlNbedcdbpaSJ37uoJYsE6zzMsmti5a7fSBSBJyj17p2byYueuGUESQhCR1nrfJaOHHb4hnRgr9uz+w81//uNt951y7LrpmYw0i4RAuPW2+x5+5KF0tH300Uccf+yhGjA5Z2gbsCCIQmvuZxece/wFjz8xFbx7uv+t7/z4nttuO+XMpx934uGf/uxXutOTixbMT9OUCHfcfc/lv/w1aPyhhx/88te+2W63lEYiqcjzXi9fu3btmWeeRIKIWtu2b//djTcS+vMXLd5/9QqlCkm0ecum2/58e2d0YtXq/UdS7NQQIoFMWPPdf77lIx/6cKcz8rKXPJOYFXMiBUAkqSWp0EiTVAjZbndabSkYnQSJTFihldB55z72+JOP6k71rrz8yt9edfnSpYuf/rSnHLjhwK2bd3z5i1/aseVhAoRAmsq77938kpe+8u7b/nj+RU9+4cteeOB+qzpjI+0WWgLjoxOUyk2bN73jHe/YsunBRx7axBBS0pp9lx15/BNOO/XEhQsWve8979m7c4txAliBBLgCxsgeluFOtglMXhz2D/VXDOYoVo+lCalDK6u/qkczQlDDkdNwWroR40b1h4bY1B3r1UZMX9P5ga33HfZlvGEaYstKVVUS0wBJZ70C7vEg3FizXN4Pr/exmtVxr1cxD3O1wqBaBKaZ4ldK0NK44o89sIxsvasoRr2xXY7Iq3KJ4W1xU4rF5uUqcB81mST31OfxAgn2pcr+euF3BFCNmYPMetwd9qOLmliF3acqh4bUaoYg7CADoPirQpXaIoGpNdoMkCrQsYn/lXcHeYncJLf1jiFeWdbQFqqiFMLjij/CXm599qtKtpcM355pxdZJBNTgf9RtC6g9yI9qC5G8J8CPXWWXZX3i+ImW1LkW9odmFRoq/T+qPnGDV5mJtabqDTj66rytNtOEfZsdhsAfqj+ac7AqIK8il3WZDoOC5CY/EUV+0oBeDLrqHGkO2Pho8YCaG5Rp8O4scZ2a2FLtfrmm3IOBSkdK3er65OZbAKkHXJU1Hv6tpnk+W11BRxq7zAN+w0GZhsaiM+UqgYAaYVTSFyuL4I8Gi9s0N/yJswAFAsk8CwOatBiz9y9r5QOj2Bj5Zi9gzuUid3gvB6RHnfbAKyA2gJrkemc/tycJTNgzhXaij1krj107/tCOsT/c17/93v62Pbx9l9qys5flhdLCnHmrFBXann/L7BAFEQlOJaUpS0GtVKxeMXLAvumSMT587cjRB6Yd4n6u905DphBM5vQYm0MNlBfXkQEcJq5KECkAmjstecCqeVlW5EqNtmmk3SKlpJSLlixatWx8Z0t10iRNW51OsmjBAqU0a3RGRpYt7uxJtWCVJEnhZjkDSmkP9hbOa7/iRc+Y5Tsi7vrjnQ9rbfxPEFEi0e+qL37xS5vuu9EVSQBxy41X3HLjFf4t2VkqUrri0u9dcWm9yhTIF6844tzHnbV80WhXKeZCipGv/fc3f/r973TGJ5Ik/dWlv/j5D74HZADcR08KgIECyIC2aC3sdDoS86/61bdf/ZrsAx94/xFHHJxnBYM1pCJ3mBaBGSPtdKqfbdm2FaRUpp70xAsO2m+JUqqdJkIgEZTnRSfll738+cccd7RGcdwxxxRKsUiSNE2IE+hEotNO0pYUaWJyye1OOpImY50kkUITsRa9PmvNRx66YdWKZRt3bb/nnntuufXPpxy7Tqu8X/BY0smV3rJtUz41uc/++130pMfst3pRt1+kaaqNBdSsGWYBLLPeu3v36GinSNJP//t3P/+ZT45PjD//xf8Irf/hmRcABLSA3H1HZwxI/njdla+77teABCQwYxh92jmXHH/cUYvmd8D4w613Xn31FZBjqsgKpaSU3QJ/uPXuu+/euGKf/Q875EAACmBWJMTK1WtGDjr45huu//C/fGif5Yue9YwnTPXygqmVyr3TM1f89qZHNm26/oYbx0ZGdm/f+d//9c1FS+adeMIpK1cu7/WmR0fa//j3f3feY48C8Okliy/75Q9W7nP4+9/3rnkjKIA/3/7nH3/na0orE6TZvn3XfXfeuWv7g1//z09e/7urnnHJ8/7hRX/z8M49d977wO233ioF7d6157e/+AmkWLBgaUGSM774b//m9a99+dL5rYc27Xn/+94HhhBSszurjowCCOddOL/8Jk2ESiSYfW5LiPMVKCxA9o7VUfHZ1oGKrM1088naBqzSbEajOFVgdjjYhRElGP1OvMH+mFW2lXPsXK9Loqu9aEDePnxs8SWX35Mb5JlEviu56FslDBqeL9BYSxO7BjkSYe+oVr6BUQOwXGNb8d2aE94IJAPih7giAftjb9C9WItNxO9zCX6qmIrr1qbadMSBodyYBZGy2SA4V9Q6l8vHi5xNezT02BoAoMJP1GS78qPSxBDHtXFYyYQ/gz8DjVGuIqYBqiCSXo6O42J3/pavbvi7HNAcKBi/5du84pRBg98U6YI6qIsLR2tmg9oiN3VWVyKBbcnCTQTqLPK/wxARZpNjA2er/r2dM/ZH0yEslYSncUGDuFJEXtTV4eh6gLoLG3Uo1wkfB6fmxTpi+Eyod6EcyDK8UVI1vKpmia9NKl+S50Chf6dKcMVNGu6CIhq8hrG0lZinA43KgDfsD4ZzSAzo4Oai9iuQ7jC30gw0kFxX2fVCcC5hg4B50Q7ju03dGMY9jgqWoxla/UZ6h7mgZhxL/EVBR+I33ObMGsn1WcvgKhMqXW52QX15u1/U9o7MGUU6qi7w1AA7iuwp9DuM2dYHBbPVkQRYpGDQzkluSV61GGuWdp54QicvcOcj+e33p1M99PrYO60nZ/TktMpy5IqNBhMSaSLaLTE+SssXyEXzRLuF0bZYt2pk38WUEBUFT8/oaaCVQkp/FqTxXanCpAqLfbdCx9SkamzPiVVR9Gb6vX5fFUop6s5METQzFXm2Z6q/e9fkWLvVHikgRrOiL9OEmbpZbybj3kxXQmeylbSSpCVN40prMGuGINaKt+6auf6GW7ds2TQ2OkJgIUQrlUmaSklg6vXzJG2ffuqx88ZaWiuCjbVLKViT0vlznvmMBx48kwSyvD890++0WxNjE6MjnZneXiHprrs2/v6m32f93glnPGm/A9aoQqlCMQmtMTY2MX9ee8eOPSuXL184byzXzIAGMfMBB6xds27d5N7JsfHxVrp0dN68VtppjaQtIcfHRqRI8iLP84KE6LRGVu2/eu0B+15/w80/+cF3rvr1D371yycddcTBaYIsN4IEDVKAJFKakyS9/dY77rrzDpX1xPj42rX7jo9KVfSVIs0EcJII1vljzjjqsWccbcZox2QxkykSdsOfidUQCXMYD9lACCRYsAaEAgshu5k68fgjjjzqmI133Z0VkzfdeMvUxY9vteXMdK/Tbl127W1XXfM70mrlkpWHrtvfBhsFWDv7Y3duMut8YqLTao988nPfev973ted3H3iaeeecMwR92+895gznrpi+dJOInq9PhOrQmmt8yxrtZPdu/bedcftWucrV65euHCZIPH4887udJKx0fbOvdM//skvtj/8UNIZm9y7e+MDDx91+Pqpyanb77gzz7IVq/c75OC1AIQQQghmueGwIy6++Gmf+PjHf/fbK9717g8sWbbk/HNO7OU6Edj0yI5X/b83bLzzj2iPz5+YePih+973rn8G9Bvf/O4XvPB5BCUE9k7v3LJtV7fXm5zeI2Ta7Xcf3rSlWDT2yOZtvawgSjWhUNwv1DFHHvSlL33+C1/+2g3XXnX3n274+Me37rNyyX9+4Us33XQjBCRISjr0mBPPOueshQsWfuXLX9m9c+9hh2xYOi+ZzvLNW7fnRU6i5T7+aSaXt9BmTnmlVqq3UqN49eEMr3+zYiHKSF1wn+19CrVZ6aCWCtDO6EZ77uxA5Ow5L5r86yhxSFgu8utqRpO8yjQthW1w0Gqlo/4DMsOyPRXfylmTISAqOsXEq74mp7HccDGbT0hUG6HKfd+1+BjIusdrylTJjkFCPEhxWwFcCoQrrn5ITwKI5aGKdTYGn34SAVeKbhr5Cc3kEBIa+xU+GnRVXLLm5OHgtxEHLGbzacPfDvbFk6TJQRh4NctezatEAKtC53N2FF0hI5iG3v8zHksF/0d1BC+WlQxoC1XxaPBNPMNc2J7h5Q1VNBvjsIoLwGEhqwkBe4ZIOdOHS1BQTcxqcyUIR8iC4Gpn/GsVPlYUcdBk4A6Xuj8YYA/EqiGqgafCVmcKUYWVaFAHHP1oYtSgnD6cuXE1lBVUOFihudJInemzKKmwOaJaF6vNMbOox3iqlUZLK2sPqfYLftQrvai/PLQ3ZcXVEJSdC97UhS5RGVshN4cc3IjY5+Oypi54cxLCjeHBgrCz5c342DdftDIrwxODyn5V2wvHqzEOFy1UHhoo8S/amWjCM6F2s4ErYyDdZLbc4+B30ISPwvo/Y+/YI4nKFVkCz/YGGbfTyDmyZTcR8hLwHp7pFYLAmSFduFO1pX3BAiwhIQQJYKrHxDqVSFMctiY9bE3qiZic5pmuzhQV2hDCZl1kK6VOwmMj5gtNpDRm+rxrt2ZiIpEmJAUY0Ow8Ei6HmCN9zVUBITtYxn025oAAk55goN0Z6Yx20n6uCzU6Ptpud7K80FqPj48vnj8miNJUtNJWKxET8+cDCSe0YN74kvF2KpYI1iAJkWS5+aAGtGYbCBCCmSXJT3zys7/84X8CHUeNAACZJp2Rotc/8tjjL/35dyW1BQkwCYYUUgiCpvGJ5F3vfK3SUBoAxlp4ZEdx1W+uFKk846xTl82TX/rmL/7pJS+d6fWe9bfPetGLLs409u7NO6MpAxvv37bPkrHlC0d7OVgV/b5iSAWRFfpZf/PUJUuW7Nm7Z+nShROjE/PnTTCLsYlOd6p3zz0bizw77IjD1qzaJ01lmqQj47IjsWnbVHd6+pGHN5911kkyEXnPHABirAdrQGkqFADasX3nts1bsywbnbdwwbxRBmV5kaskTZNUUqEKrfXeyZ42i66ZlRaSJMzXemAHl0jYiCeRlBKAkEIYBxIiSdDt5UsXjBx91GE/+8nPi/6ea6763S233XfiMeuyfg6in//kiptu+sPI/PH9Vi87YP/VzJrAmgWsqEKYQLnm0dERSfiPL377A+9+T39qqxxfvuGII/Y/YMVB65affsa3O21ICa2gAaWgmFWuF0zIy359w3Oe83ylkle88uV/93cX9/q60xEqy3ft7X37f37y4x99n2TCuX7w/ge++tXvnHL8SXumdl97zQ1C88oVy5csWQJAayiliQEWZ5552vwFoy990faNd931lre8c/zD7z3h2EMYYnys87jzzt548Lod23dsvHvjyHh69NHnb9hw6F899aK8KApWe/bs/uynPvfD76/cNbn3/rvv64wt3Prw5re84S2r9tv3T7fefs3VVzHLrF+AwYpbKZ19zoknnnL8ZZf/9nOf+889e3Zu3vTI3XfctmheO6ekP5OvWLHy7W//54ufdObD26a+863v7ObdeT/LmWSSttspNAtBaSIB84lXpz68G2WnnDcTper0J+hEAMHGsur4ktBoKthOdF8pgqlutRMzwAIsau0FBMV1ly8GFMQowkOkMCMaOyoVMoMtE2Ft0anmAOzHNEKYF5YPDMoAAxkTHMSvh6EpX57CRzX8MCTgHlY4q+9Ricj7vjUDPGcEo6WfDsLHYM/3Ijo8hmtsr0WKycczfIOD+ltW5annMs5bklQfHVNtxatv+rMkjxk1X6venbBT1vsInIUKTvZ/BIgjqm0IwnEDV5+8nhPV2EotZB7LWFP9kTszoGRYxoQnZ8WT8AxxVr76bLDMshuXIU00Sot5sf4snNeu1lLm6n1xexX9GPlWgYDfATofRJ4bPi5PxYiJKd9MqnU0ddqFbYYc2fqXXnFl4exFk1jM0vosD8sFA/VdDQ2ubwVQDo5hhJUMIpJcrMv8Udo1ilphpxabNP9Q+R10hbM5vj9E0P+iloa0P2uhR3EXmBN9s+iJemUBQ2YLy5avloJEszQ6UOfOndCwnqrjF9FQleNKe+GdOlVDBSOkoZyttYasHiKipiw/1YpXCDa+GjsXlOx2U2M2nCvoipLZPipISmuyMw0utNLstR1JjIyLDqC0WetB0Fap9jV6U+YP1oAUSNpkv5eJ0uGcbRJRtG44FCAiMAuCBqSBB8RKqU2bd/UKlRdKK5UmO+/eeH/ezwhisjv1542bJ/fOSEkJidHR9JHN24QQxLRjx4677n9kcqpPJKC53WktW7ZMCMtlgo1Y5Yo1Y+mSxa32vGX7HHDSqadzkecqz/N8bGxi470b77z1pvmjo+XZ1AJSSCETIkolQetsZjLLsm4/X7hw/s5d/be8+X1f/NxH5y0/8Ic//O68ow/YvnOX1gTWeyand+2aKiDyohhj8V/f/eUHP/D+iZEFn/rUh448dD9oBZKaCFL2C543nv7dJeexA9YC6Ct0JC79zQ0f/NAH79t430c+9rGTjlkvJBdFv9ud7imxbOn4xz7yLlBrxT6LcgVmafA1uQ/baHOiLKBZUyK1LlqtdGKsTUCWFWmn8/s/3nPzH2+f6c70e30Wqp22e92ZJUtXPuYxpy5ZPD/LChICIAgSBCkTc96QIJLOUhKBhCRNiUCmhNZ84RPO+PkvL73+yqse2rLlrnvuOuX4A+dNjG/ZNX3PxnsSqHnzl5xy+jErlk9MT88ImWpm7wkRgbROJKan+1/48rff945379mzbWzR4m53eqSTtAQnpIXOupOFnccMhtaaC6W2zfCOPdvyosj6+SObN+/esX3P3umxsYllyxZtvH/jFz7/lc0bb19/2LHLl6+89sprbrju+j/fcfuCBeN33HH7yLwFB63db+HCcWYIAjELKbVSpPMLzjrun1750re96U2/v/aqV7/mrV//ry+uXbNw2bKFH3j/P4PE93/86//3/1637+q1737X208/7QgJXP/Hezuj4+3WnuuuvubymUnNSFoT4/NH83723W99BeiTGGml7c5oS+cW2xYF79g1kyT0xPPPPvbYY++//75lyxYfccyhu3dNfesb377yst8uXrT4iEMPVkW+fft2JhYigaBEIAGSJGFmkYgkTUBEBCFsbGoA4B2gSyMHdKBarzqjwXv1d0J07AaXXLQ01J+PUrm7qvzrczzszf1q3g827N3BiKWMDodINH7XQ3n7lKNH9TpLzf9/ASOH97RKQ2OLgSM4F6sX1zcQD3uczZEkRCbi0V0BpA//rDcKBFazqQuVt41zMHdUT+6bKyFpDVeEMVzYcFa5dPjLLHBqJiCcm7VuzkXyh3u/CEY2GsHZxGPWZgHMOvx2ajS2VYtPPforVieRV2rjcvWnlabtYSUe6dS7RECZl7evYICSSRqmEHtI5SZYPT3tCpY6d1CPGxPZFP23IT8WSImXsbpTauBBsHC8WonFrY630YpK9vciHkaJnbC/oQM5t2tQ8rOslB2uLgkuTVvdcTAPKt1k866PZhmZ8MG/WijL9raJ4RVD419vDFyF8cVZmVCphELXuyI7TiYqzVXL+FGvnIUTc7KeLjby7NgF780Ec424zouwq+UJPLCHa1HUUw4GMZwyw3jFZdPh2vpAP1SLR/DIypgf4gZcxkPRjCfdOrT2HrveNgjA7JdJVQXuJgHuPDLHf9j0oOOAvRVCMBepqRg+03n7zVsvi8bjZeGNB2mGUqwYWoPNnHOdkALm3FYB59YAWrsvKrigp6fU3C7lDmY9oJ8odW3MVksxS0ATAKSpeGTr3te94R07tu8QQqqir3Q+NT2d93uCky994T+//a3vCOhUJgBrrSenu8SssuxTn/r057/wH6wKEmnW7+93wPrPfvoj88ZapkmtWRIJl0PX4KxfHHvS6d/42qe0NrkvjLbxzvf/2/tvualQpDUAKKellLK0SwmG0KDR0dGi0O//6L9/+QtfGB9f+upX/r+DDthXJi1WSogU1O6MtpJWmveLxQvGb739gfe+930P3HrF0n2OzjNFIikKTcSQMBtkCkWbdsxorUZHOgBJKYuiaI2nm7dum9qzqzu5N8972owop+OjKQmpGav3XQpwphgaMoFWlt1uy43ZVoysn+uiYKXAWggAKPJi/vzkJ7/45Xve8k5gyqZ/qQPedtwpF5900pGrVizs9zRJIuc6OE9ekpBCOpNDEIAUxECSUK+fHX7IukMOOujaS3+zc/Mjv73yhouffO5Ip/WbK6644srr8jxbvnTF8ccczcxKaSmdZgLcpyvV6Fj7y1+59C1vfEvR2710+aq8KKZnsiwrWgn97oa7Pv/Fb/X6vYSE1rkgFCor8jzL8kxljzz0kCoUKPned3980w2/z/q9JzzpqS9/0dPXrFpx3vmP275t2yte/NKjjznsuX//km2bdvzq8ivHOqOP3HfP4uVr1qxZ02kj1yCCYmZmMjIv5SWXPOmmG2/45c9+fNppp8yfN8JaSej5I1KDgGRqz1SeFQAVebFjRi1bsvDNr331lq1bWGOml+3YueeG3914+523z5s//6KLzl9/8LpW2s4yrVRx+hnHZbkChCZKWy2teOuu3sKJkVUnHDmdqUPW7auAO++654rLrmSmXEEkaZqmSSLB9iNLmtHv9ZWCEHKk3UokpGRJTs2TB+NOO3AzyCkjzm71RHk/KGkeOX/L6QcuP8NdqgD2AKt82eoBIzIeXQz2aIIlNgEV5KxaaT6CFa1V8FhTxURw62KaW/XteWdmQNYrrtY9KjGbs2i1bEE1gl9Po83tjFxfVfli6MkFp2/EZA6sp4J57BhWwEDwbZV6o2E7FOPhSjfDm+GQhQu1rLg0dK6sp1xxzeXNiiM6KGETAj8Ev0N++jsmy9cAk0JgOeBwWo8WqMH4OYFG4zMqeVLerWKpsnvGvlK5lG8goIq5GQ5K5esS0UjVZk0Y6B9cffVqmAAmJMTVujxvK1n3EG9yPIhRvyovVmTA6YHGEEmoFX3llXrg6Y2XS5Tg193iGvcc1vMZ8CrP/RWdfxsPuoGOUfKzJKs2UYGmk6ErRA17HJeNHDavPQawskkeTLCqGRPaXvgGqqPIHssPjg42XrMwIKjNj0ZzyQG1h600TgMOuzWIyCbCmikfOtMqtiuksLl8qTgqwtrsF81iqAKFR3GVs9hgVPtFtbaagyZl+aolCFfjRC/G8Yu/IIRWf4l8HGTOYlmrczYQwH656MAa5tJO8KNhzQY539LM0kqJUtk47zOK1YX1EOCOpKQw8BZMbRIkNYQAs3UCg2exJw9I7xxHJrmRHeW+NGtuywEv56IVemJiaCCVNN3tXfrrX/d2PsI0At0FS9Fqt9rtopi645brAAK1SAjDHSHaI/MWALjrT7/XWslkhJjzbHpq7xRrlSQkBIgYrMktUmS7Dk93p3u790wSVDsVWUGJaPfzrmblyAKbT7gQKeN2C0BDCDExMR/gD3/yC5/+2KfSJP37F/3Ti1/0nE5LEkMKLRKBVLbSlDTPnxjpdnvvfd8HNt1+c2d01Vv/+Z+PPmJdlmmtpZRaKgXWSUts3tb72n//sNefWrXPMtYspMyKYnxs9Korf9NXhRyf+O3VV4+MjUop+/08TVJoLaS88+67Tjz+hMc95qR2SipXWgqlSbH9LAqRNcFCkpSStFI6J1iQoZmXLV22+oD9VZ6no+N7p3ZD51M7acnShYkQmlkQ2/W3NqluIgUkyGTarHNDxILAYAFkeb6g09pw0Pr2/IV5v3vlVTf87qbbzjr1mOtvvGX79m1IO4cdtuGoow4BOElNOt6lpgVIgUlqhmy3xsZGF+677Nl//8I/33rLt7/2RS5UrnH5VX/4wmc+3u50GKIo+rooAI00ISYu+pDJxMKlaaf14P0bb/v978DYb+0h/Qxj46PPe/azTjnh5JNPPBTITzn9zK99/j++/MWvmFWrK1avOv6EowisQUTQStmP8SQCwOL5I69+1Sse+9hzn/zEcxfPS/tZDs1ZAQ3as3sXUBS66OVFwSKhYvXKhc97zl+F0v+RT33tNa978z777PumN7zuyCP28/d7BSanMwipmJiJBLVTZFn+819evmPXzsMPP2T/A9ZM7Z0GUZomnZE2AakQBAnmQqnb7t56/e9+f+utt2SZSlrt8bFOQpwKJiLFEUI1A+TmXqyx7LOKxqmYm9KENExoH4cLwQiVb4YgvHZS97CrdOHCu0ODraj1r6mkXX+JIcTELuiwyjyf2P5bdy8rlnfQVarCxkD8YB8grKHyw78JwEQKq/Q3UFur1r9eR7nNZDR/d7252sHYpk7qHAO70SK+EF3M4f1B7KXQ8a5tLkMjQBoujY0Y1Lsr4ba+6CSFoUIZeMIDy8xBrusxglmuOTQ6a3MomTzbDJ5zzRx3tkGEmlzQgVC/7tOVDTX6V7NSZ6o1/wzsVul/htverOpmjna9B7GHUn3Ew1Nx0Mv0gX9cwXpxl2uZz+hHxGIGqFbATc6GuFFEBROFh9kQ3PnkYUPera9ITWOwqvI0cjIRWKpBclwNOTBqfpSD5xWBrs4Nrrc7OBAyqFOPrkw5KLXlEEPsitdhNgdcwj00yYB9qamqBm0ygNRQ8aF0ehoK18IxtpirwSOfiMhGFpVTxk7yYe4bBScHOmGOCgxkaSA5XjHFnIknmqvIPnPeXVzU/WWm2yxapzpRHFAMsVrVRJCtvkyIOq1illraeQ2T8nLccV3wFNry2kxlvyTCnBXEnhgGyrMjfDfjuRr9jkKT9gkbR9O7uk6XROkKf8KEbcLkaQkEKI0VSxZ+8N1vfWDz1lYiijxXubrhhpuuvuqq+YsWnff4ZyxYMF9CSElaaxA9smX3Ly79xejIyHnnPm6//VdKIQXJosiXLFogExu61lwwWGvF0JpZKRY2DpoJ2SHdKwoAMk1bucpZGYcKALRS0Gw+AyRgvk1DUsqp6emvfOMnH/qXj/V7M8989gte+/qXj3ZEr5eNjowkRIIkBI2Pj8+f6ExNTb/vg5/6+fe+lxfZU//2kic9+TFCiqyviIRiIaC4yNsjnVv+dNe73v7OfPohYATIrKcLBWp35o11Wu1v/fe3vvWlLwIpICEJWlOScL75hS97x+POPj6VCecspBs8bQdKEgPodEYECRDNTO7du3caAEnZ7RfnP+7MRUuWJolYsmj+5/7tCz/+wffzrC9IJMK4hkzQ5JZauwE0aNYrCgYJAgSDBCsIBh5/3uk/+PHxV112+e23/unee+879sRjrrn2evR7owuWHLx+3cKJ1kwvEySJoMFsoyIgEszcy/jcx578xrf9cydNn/K0J7/9be8GlEySyWmcduqx7/zIxxOSMzPd7tR0p6WnezMEkpIY9NDDmy//9eUzM70zzzrjxBOOZSVOPu34bs5Zv1i8ZOIx5xyf5ZmUI0950kW/uezXmx96QKSt1sjYuY8544jD1810s9GRltLMWtl9y1prIFc44rA1xx6+ptB6JtOSudAQAmCdqSwvChKYPz421hKttLN3ur9501atNJg1SOt805bNrSSZ7nav/t3vKFXdbi6k7GVq/sT48hXLNAzvCMydltz48PbXv/6NO7Zuf+krX/SaV79CJClpTUSJm2JSAKyKovjCv335s5/5987EaC9XSxcsWLRwgfmcEpu931apOA3pgURpQj0a4UClwPtdTsGyHd9AlVujxJUqwz/dtC/fadbmHCyGDdGFbyZUzuz71ARaAsVb0VNc/bNMzdmbbplO8PZspr4hlTzAYHHNhDYje1suIKIpfGoBz5z8utIpas6+1qwmHMjzFUX+W+U7BVHPQ6RYttWQg630vWp1aze9RRkE8Uv7FNqrsq2ypqCDg8HFwKuEKDXIjdnkJZoF4VlfAQhvAPCV1+tzJAS3bLc4hkNTjqAbzVkjApVpRfEK6tBJq/xo7visTmzZHAG6QU+UUc4YRQeyWhWikC02sxpLfgUG192fWpfnGPt41FdFITu0Hwpo8P0Vp5cNfItUuFPdqAh9AHmBaHIMIoldHqGy9rI+9nDBy+bJGbcQBVRKLR/LKzuU6EMgAap2El6GgtgPVUVbzcGdcz1wlAZ6wSo7AGYBXDjBEEtP/U8g9LrDjjczptEbdC/OLnau9kpILGyUm5ZDEMWefOUV72oghOhu4g1wOCvn9HjkUYkwcbB0pGyXyuYi7yKotvKiL+DBRtiFRitpZJuqI1Cf4QOssyOvIvYh8+pDVpLaJI1hyG1QJeVcDsSjQrD5h2hQJGu4IDXIcFmrlzFXtlQ9cWs2G0hOF7lZFS+RZQA6kC/7qFxBEghUWQmC32Gbfgg8lyzK86cfuf+Pdzz4+syAOucTgABp5gXzR1/2wkvCoi989bsu/8WlKw8/5sMf/pflC6KPp1zz+wcvveyysfH5//APLzj/sUeHj3pKZ31tgv/GFikFzdCaAQbk5NTkrX++J+91lQaRWLBo/kMPPsICQtoNNkpr1koQiBUBYCGl6PX1O9776c999l9Vnl9w4dPe8tbXToyKfr9PBEEQaZpnWSttLV2+bMu27e//4Kc+/enPFb2ZI0849/+98sUL54/nWS5IsI0ICIbsFbRgYvSEE07Y/NDSdicFWEgiRtJK90zu3bptmy7y1fusnL9gvkwEaSGkYFaplDu2P7JyxVIwCyIpwMRSCmibpCbSWkCz2n+/NcuWLb1747359OTNf/jzRY8/s90ZmZruL18y76kXndbr54smRq697tCf/fTHAKdJS0oJ+/UWI1UAzFpedorfCwDBHX5DEEmKQqnDDtrvhBOOu/bam3Vv+t6Hdvz2uj9v272Hk+TA9WtPP/1YBnIlWgkUk4a1HwxoQAjKMzXWTv/+2U9rd9LN23ft2jMFtGSSEIrjjlxz5gkH3vfw7u9856crVyx87rOeNNoqJeHm2++/8Yab+lO9i57whBe94Kka6OWY6uaJTIpCZ1lOQKetzzj1yKc9/a8+/tGPpYxV+615ykWPH2thW5fHR40VJyEpTYQJkJDmopvlzEImQpIGGedSChAYWkHne/fs+sPt981086xQ73rXe3ds3UqaZmZmkND01NToaHtycvfb3/PhhfNGpRRCyDzvP/7xF77pza9JuE+CBQAhEuAHP7r04fvvW7F8xZpV+7YSEoJJMFiR62KhC61yIUR7pL3vvkvb4+PzJsafc8kl++23rFDaLpQ309G5bI1XFWt6K1+d8Q2m01oJ98vp43C5bgAP3FvNarEKa6sgx2TkSkgWmKpK3qwxJkvlYUMlYZXwZoOin+1qQAU1o1Zx/AbRGcNie8s9iooNcx1DQjxGavIn4sSaLe9lpe57DOx1gGcikIryVqV9P6ARMfBWvTRu8Bg1MHsVw+r927LRqrUse1EPu9c7O+tVR7NVl2YwzowdpIgHvkzdxxvUdJRWCed5SAMzKu8MorzWFmqjVn9amd3Da2tsj2OSiaB1OcXrTcOFMyrud4VchFXECmFgQiIuWWdb+IgDEFUp35jJ9+06z6LhkzzhBsnoXwD184esCwp3yG7tOzxR3+bgNwfIvzylbtBVDR2F7w9gQRNpTdI8nDjXuhc+/zBk8fBowbBcX0yfKd3sxLi6Zqnk/+QaQMCsE3igtxxWEuSi/0/iK6UcR8qmoVzw2x54SBydEmR/hMqtNm24Wnd5w7mplUiTnYF1Yv6C7gfOZ9nunOppGJcwIVhvaZZ1vLNq4QFvGeaaEIDB3s6KztqL0uzH8zM6ZSm8Aj2LkneBKvE6NPTkSwkgX4tv2oKDsgzDZUXIFwn3RMXubixoVngJRrVKQKl8x45uphRAE2NjV1/3h69/9WuUthYtXVxkvUe29IQuKJEsWmOj7fvu25j1e0XR37pl01TvsJmpKSglpOx0WjJtwYM5BsBaF1pDM5TSoPYDDzz4ipe/riiyJE1VoUhg29ZNeV9180yxBsBKMWsrIQAYmqEVd7szixZMrF1/2Dve+aaVy8anZ7pSkGIweMWy5YsWzu/l+sYbf/+vn/3kj7/3fQIddPQp73vvOw7ZsJ/WmgT5GadYkqCpHh940LpPf+YDU9PdVABgKYVSesG8ed//0c8+/OEPbX140wXPuvAFL3jW2GhbFUomUoMlUW+6t3jp4nSkVSgmEmbyJcKf38ZI0O3116zZ57Cjjrr2+htI5N/97v+cffYpjznzmFZWsMp27+pmCq2xkcnpvllhLJOUhESZGwczNMBasyrMlljNsSG2mI7SJMlyPdbhow4/eMniRVu35r/69dW//8Of9uydgtYHrd//iCMOVpoBUiDWMAtfAbB2UkQgLvrdKfAImCQxoLUuEi5Ud2ZXhv/+9o/f+Mq/A/iKK/7pXz741qUT7amZbGLe2NZt2/t5L2m3NKs8L/bsnYbsQKQgThJAC6VZEBUZZwWTFEoVRZ49snkT4+h5Yy0wa9ZZnrNSRV4orTVzUWRCshBCCK00NGSnk0qByZlcFSpticnJ3R/66Mfuv+++Ffusev4LXnDrzbfs2nx/a2SBpAKUUqtt1iVMbt+xd8sDIMmsmdX9G44kpSXphBQRJWnngYe3fvVrX0mT1oYjDrvw/HMlcZqmWmltln8DuS6mZ2aSVGiln/u8S04+5dgiy1atWXPEoftJAW0+uOSAodfadvDI+nEh6A+nY/mJhAEQopy/pd0qp3RldgfzusSp0c+gQP3MmVAR16xM+WYjpmzEGHHJARgp1keDnfe//Joll9LIxP9Nc003ufzQxNwqGeDY+yYaqmoes4EkRnZ3bpQNx5BhcL9C1/BrUMqkdNFdPdViA+ipSXYDiBp0RW7JoDKVJX61cMtcxqGSep2TZz4YmQ/SA3WynFA1+OlcVwBNzVWh1xB/IR6+uV+zQsogE0P+30qBISy1Sb7BjSR1reGON7JrBQfRSn5+NvnZpkD4yElA8xeWURdyH4VoMin1xFpDRwZ/mdAHoirVliHJwf4VxVn7xqshLTmASzbOQYRwf0KciKl0qt5cJbxRqad0Gt1Ni60qcUdXVZT9G96vATlB58lX53zIt3KVKZfrjhr6EsZXBmvPkorq/Hf7WJz7ExjqMvOJGrdDqWKAakNAQba84nwOlA1u/m9VwD21ttrqNBxcf+x3xhst4MS+lh9wfzZKS0DbIG1VSWFWaPKKtAztVAqWoxMqO452uCPOQPvjQppimdHXQ4P2yNHBbnN4KL3GHLoyVlb8keROF7IVsdB0BkvQGGV3geqo+jC3TKgz0paFStNWUah//9J/T26fGpmYd9YZZy+Y35mc0i1KSAoWaauVgiiRCYFkkrRbqW63iQsp7Ym1ZbVERKSVWe6MQilKk+mZqfvu3ajBaSsp8oIEtdJ03rwFjKTIFANaaRf3JAaEhCpodCz9wPv++ZyzH7t+3er1a1dM9/pSIE3EaLsjQCefeMJjHn/eFVdc8eEP/svkri2jI+PHnHj6P7/9zaefckSRKwDui1Bg83lNELPWWq9YsQQEk3kVQK+XLVo4sWzZIkEEzvddveqQg/drd9K80EkiiEgCkqA0cs0FQwpJYGEmNFs1nSail/FoRz/lyRf97Cc/vff++++4888f//Tnly5+1RGH7C9Yd0bRz9WeXXvvv//BItdEKQQJ4Y43hl0AY5PGrAHlP93BjjFs1IjbFspEZ5529NFHH/bLX2296647iqyndTYyb/SUU45bunB0z1QGIdmctBxUA2P9ACKRpq12qyVFbrqhtQKRkEIk4tyzT7724pde+rP/+flPf3jgwfu96VUvGR2lVpoKIikkSCqNNE3SNGEpcw3WrBSzUuPj7Tznz37+65//109DFVqIB+/b+J73fEhI+YTzzmiPj0hClueCijwv8rwwqU5FKKATECBIYtfuqXvvf+SKa276zje+QVpt27rlkQfv4zxbsmTl2jWr//lNr3t4y/aFiybG2p2Zbu+b3/j2bX/+0/j4xBOecv6Gww7pzfRIJlzgkEPWayhJ5ts+gkh/9evfu+vPdyyev/CvL37afquWTPfydishkWhAs2JgtNN51iUXM6cnnnjkgfsvPXD/pQJ4YPPul778DSeecNIzLn7i2ESHlbYBxRjV+aikm4YREoj1HFxAqCzuLEOpCuwtazdCc4DykwLh1WApw6Y5OtbNX44eiouWz+O1RUNSds0pR4/h/M269a7pbGtwwcYue9XiW4lyd0PBfGnXAi+itCsVUkN43QifQgAzFIib/xLKV8jnoZpsn/sZ1Rn+UZrAoZtQhlFVz7xxSVgFAsWxj4GDXkGnQzBn3cEOUXEDN2qeLYVEmWU9ceS6kgH2Qdpy4lRqLMsNIDuW74ikgOD6vGi8GjOfw9OhFDzjsLAX48qXjdhBLAYosv81zFbal7IrVDu1uOJM+Y6HB5p6qsJMRcCiivszCEKTOUqhiS1RmdhvCiCd73lJrpt0A4AhgObvr1ggRmhgXFiqJlT16RczlGqMq5QtfZhQ2AYJqKuHaqRWblbGIFwOEayQiI9KqzU0PE0UFm4E4/X0aWANaxOsVnPF2XYPokGvv+bpCU1xRePOKSBUr9tUEFFYe1yTfgTdJwRu/IAu+KeVzH7smURXg1iCg5UgVXQSjUJMaLPKG/S8hCiD+elGIvxvY8p0wF9Dhnq2w404+NGk9AeS/JdIR9kWGWvFXKLw8qlXnWbi6/hdKgensqyjqpZtsTg5HkGk0rA6qrxN9cSUAtGkMSMEVyJZ9j0JZllYUZUjjp+Cwa2WbKfpV7576Y9++MNkpL3/urV//fSLepkCtTQxMaAlm09wgDRrwycpJYGEFIISs9JYmC9XCiIGK80MzdzLmLNth24440Uv/cesn8skLfJCpiRITO2eHJsYk4lUiplZSAEoYUARIU0py1SnRZc87WzFmOnlE2OjIBCr7Tt23n7PI7fcftddd9256cH7GbRy7frHn/uE17zm5RvWLe12i4RYQyiAQNJ+hJYFEYsEUHlR5LmWgpTWgqmfF6Pj6GeFYZxGUWjOZpRSOklAICkEBFKBVkoAisJ62s4JMbwWUorJnjrnjGP++pnP+uAHPig5/8n3vzOza/sTn3Thvqv3mZnJNm/edv31N/z6l5eRVsx5u91ut1tK2Uo0wMysDeLWRBps8nLQDM3usF1hHGkQkOfZmlVLjzrqiMsuuyylbns82fTgtuOPO/ExZ5/ArLUqEiHMu8KJAjvTzUwFywIpUwICSANaaa0hWKa9fn70Ueve/vbXFqr34//57je/9v3HnnHmWacfw2BSCqwEiCAAMBJTvXGWx0bbBPrq17/3kQ+/N5/eNbpw+f7rN2zZvPlPf7jxRS9+xd+/4B9e/k/PnWiPPvUpTzl43QEnnXTcwoUTLSF5fEQa6EIkCZPT/S9/5fsf++gnHn74PhSTIhmbmL/oyNPO3HDQhtNOO+ngQ9YdceSBRAJEYyNi967pG278/Y1/uHlh2nnKk578pAtP3b63GB1NpAAIvZ5WOSno0U7797fc+x///m8t4uNPOfFpf3XBdE8lRILA0Hm/b3Tz6n2XvvttrzZzYybTRZ6PjrQeeOCRL37hC1/8/H+sWfWz888/KcuVIAZLc76WnXt+ukXQqGHueozoJ6NjXqkcy21BscJxesQ+pXh6s/En3Mb0AarYvlGqs5jUepQ8eGlOV1M0eTb7bnrSZDUx3JZhboTFmnKY/ZqlnvjVubgcFa8JESVhmTlUNaeVd8OvIdDfklLSSCFGHUxVVPtfQE8VhLssSCTb4fMYLw1p0sPpqJYathkCWZofxZNrKOIB4jk1F6A7pETkdCB2PgE0TOo5NEdRaa49LemPOx6mc7nCkL8UsYUEhFm9CjLyvlI1wUtVGZ5Lowm7fY+oasDICa463DUyo9fDcFe8z35QDK9M3EUdrnvb0YsVx6waETTueeCClgm3sg+lQ1DWE/PIUhXeqbOr1rWwL553lV77R55Tvi5PYGNPh9PgU1hRd4ZmqaqXH8Fg1Mqv0TB7VeWpHaTXG+kMCrqDCSri68MHXuZrtXnfuzJq7D/LydVOD4smIhiCUMjjgeCmTg13Pm2UyI20ZVvsU1W2Q4ftWvLtQRkMRFOpqlVNgQoG4uiHW0oxpytkX6ANjRc3UMmQXWvKBrL5QFg45yLNZYbKpyCDbed+rvqAa9C3MvPhVvy6BXgl3GG48AgFvSkpqWG2gKZoJlqBKys17fpK7T0OyUFELxlZJ4BppNMigR/86Ldv/Od3sNZpkjzv+X+3etXCqek8kdJwV4ABaM1QOZg1a80gQVJIlIe2MoEkQRARk2YmQiLo4PUH3nHQqU996jP++innsjlLl1gQwNSSANAvkEjINDGTTLYSIrAAQKMjaa6wa7KvVcGs9vbzzdt2Xf/7W779ze9de8010zu3g2jhokWHHH38s575jGde8lfjI9ztFokEMQrNZlUpg1kDgrrd/q49U4UGANZMbJe3ZlneaiUMkaQJCZnnenJ6BpC9TKVSmC/iCAEhRJblE+MjE+MjZaDLniZIzEImyPvcz9QrXvi8e++65ztf/wry7PJLv3P5pd8ExoEc6AMAxkGtlfsddPY5p82fP1bkOZG0+U+GZmRK5Vmfua+KzERDlGJpPhAKENtjsoTgrJ+PJ+npZxz7zW8s3fLQnWPjo3qme8KJJx9y8Lo87yXSdJTZujfOojFgHF2QhjSGVxqviEBCgBIpaO9Ufsgh+774RS/YeM+dCxYukmkKgEBpmhaqkAkYGgALIkAAMhWdNNm9d/o//+t/3vvOd3Z3b5EjC5/+jEte+dIX/eAnP/r4pz43uWPXJz/18RtvuuGSZzzzqCMPP/vs0xbMH8vz3vbdPSISgqQQeV60WmmhefOmBzc99MC+K1avWrfvhg0bTjn1jGOPO3rFPktTQrfb3bUrI0GF4pFO0p2eSdJ2KhJKxI49u7bv3Lt7Ouv1UqMpRkdHQCmEnJ7pfu4LX9r84L0rVx7wkpf8/cKJ1lS3oFQIIhJ6qjczNTVDWESEQoHBQtBIS3CrbSbzxPz5iUwUwOx8eGYbKfFzKd6gWZ3LPkrP5bSOFVsJCSrm32nacsLDKaVQrc0Nbbkirn23yiN6OzZJzhg1Aa0QWbheVikf9DQwSSZNWN3YUoEZlQrDDwA21RwmY8reDsQqgc311A+B0aU1iyClG2T2oNGG18lBF6pQ4jnYFDLwJig6uimwPwP9GY9kAlQzi4A4wxcBVG9sKYJALmvgybMWP4SpVOtOSV0lMeO7FctTiKT9QFKY8JqTvFXtaxXSo3neNpAdVD0kz4yqVFToaaA2QHH278p0szcrxHhsbAvE1DbNmvI+x/94CaYATtR7QVGCdJALWp+5ZYFg6OtUVX2xungHlbhq/dyt8Icqfw4KoySl7i157aBi0ytBMWaOw2t+GhP5p07DRJWHvEOTKCCYb2W7Tcm+Ri1QUW1BW5Yf1tusbW8dkC+tKfv4FQBCCNSGISxk2TKY5pCfNFjOQmc7XMkc6v0GTxiBTq86J8Hv2AEGYk8mCIQEkHqAOiixN5d36v0OMs++cBxqiiqPPHC34IHdqmmQX0TaUD7oZcNmgNJqhK/UTWPj8JUuSGQ5BlyhAi/RS3MquwRP8RKuplhGqRYrE7Op8mAqlBVWOh5htIgiA9orUeFqcbZJAYZz+ermLZpXpgRXfvqSRBzwqzRe0VnWzgwz4Ke3xRhW+ZTaMDAHHNViWgslyXeg5FupfX3L3rj6pXtM7lX/HgEiEb1u73s/ufL1r3/77p27lKazzn3Msy55Sr+fpVISSIfGyGx7pMQHDiggiQCySVEpZCIgmJmI/+mlf/eiFz+33Uo37+gVSicCxDpNdCLF5FT24MOb5o2PLZg/8odbbs3yHIBirQHOUWh9+50b77nn/kc2b9u6fcf27ds3b3rk1j/ect89d0Gpsfnzl69as3r/Ay44/7xnP/PiA/dfmuVFr4c0EWDtHCmAGKwLqE6r/fNf3fS97/6AVZaQVLowtgEgrVSr3dq2bcv09BQn6a9+8YtHHnpQsy7yQoJYa6UUs0pb6ebNDz/pyRc/77l/NdJJVcHCBnGMPiTNSCVmumpivP0vH3jHwmXLf/Wzn+3avWPX7r2cFwQNIZcuXbZgwbyjjjzyxS/+hxOPP6yf5YqJhNv/CdIaWuu0lY6MTYyPjkshGVBMhRYkiEDCqmcWAkJIJjri0PUnnHDCr3ZsGWklaw889OSTT2xJ3jMNIRPNVnD0oElk/jV1Q7RTSQAxSQEIyjJ9+qlHfuoT/9LPi1WrVt18yz2g1h9vu7PXyyWSPMsAQGsWDKKpqe6Vt9zx39/87je+9pViZptIFj7pr/76bW981f6rFqw74HlLFi399Gc/v/Xh+397+aWXX/6bNfuvWbx4wZIlS+ePL2yPjErC6NgIgXvd/oUXXfDEi854zLln79w7fewxx5xx1vH7Lls6MZ7mSt/y50e+853vTk/uzvtZroo8K4QUWb9/6x9vYajJyd1f/vJXr/ztb7VSJBPWKut1Tzv9rL955tOVKv77uz//1tf/qzMy9tgLHv/Yc07ZO53JRAIYHRvNimLXzt3/9dVv3HPKCUkihZBKK9a6yAul1Ew3+8Uvf9Gdnpy/ZJ81+63RbkIzvCNa6pAB+N5OTwaoOr05zoW6u1T+juoJJrDTBPaHsKvBB8PoRpQWaORKsqgWUmx20mz8KwYmpWmrH90RBfVKBUxwgMdhs5BUbygbjWa1U5X2Ki535bGD7xxUUbFHlRfqAKYEAxVj4fof1lbHjmVDQa/iHpW9COPdBolVaPBvxG5Dves1HnrYUDenYYFyOMrH5bJJlG7nQB6GjTYCP/csQgJBtSGX6lC50jUHudkJHlXSCQGxA6ZPfeYEkhnKauMMmouj1dCmJ2tuh4za0WgQ2NoUrN2h+G7FWHA9tdY0pjFgLhFCtVEu99wN9eGNKA0DvYF+qCrHEl/FLTRyMil7aCkPDtUY4PL5x6Xc1256F9RXHjnBHDvlzLDLi0sG1Id0yFKEQVfV/QjthjVBhAbJGfB6UwEMluOwzOy1BZ6DKd3ggrolbX4amzuG2YNiTsOuii8a3Cm5H8ddHtVVXyhbj4VQJD6zt+Id79KL8PJS7UTYSugYDXabo3eqJr+8GSriiLg58T4sVYY8qyYgOs2PK5wJBsXXFo5XWX850WwJF6RoIiw88Dmo05vvQZq9uYdUVYXVOR26b4GVCh5GzikqrCttZMMcrquPWCtjyNu1ss39i8txQ4lA/D3nhKCZbv7Bj37hQx/9tCBAtE4+/pgPvuetE2OkcpCwyzbJGTaz6TBXhVIKZiwY5p+SOUQkSCutwVIKrfToWGdcUKEJLFuAJJaUERejo+KBh6df+IrXcV60O+m2rZv7/Z4GL120uCWom+skkV/9xnc+86nP5P0e8j64C0hKxpYsW758xcqjjz30hONOfNzjHrth/XLWamZ6RiSylSbM0CyMYJElXmuoNMHV117/jS/9G3gSIEC5nnnRkKAOhLjut7+57re/AAQgQInpJ5FOW2nW37Vk6apLLr5grJMWWrMAszlf12QvWQPtREx21fhY+8Pved3u17/y29/+wY9+eqmQ3EkTxfKvnnLh4x931vIlI1pjajqzuxIBJkCDpOxnev0Bq17y0hfu2L5j+aJF+x+weqrPDFmwEOzOv2Xz7UzRSoVivWLJ/Fe85B8uOP8xRFg0b8EJJxyaM0Gm9lzdIF7ELl4BDTLn7pLdgay4AJRiFgKCwIw0BZjRSs458zjFeMf7P/XRD31i4ZKlRZFPTk6OtsckAYAgMKGdimuv2/jyV77xvtuuFunE+Lx9H//kJ7/37a9fvnRi07a988dbL/37p591+qk/u/RXf7z1lmuv+d2OLQ9vfXBjobhQGiSgQank3vaFS1Y/+ckXas1HH3fMyaecnKagYqbf6+/d2xsZG9uy6ZEPv//dKHbV5kEKMdKfmbr859++HAVAQGoO+t2+Y88zn/30Istvv+VW1Z1esnTf5z73manQPUgwNInDDz9s3sKFO3fv/MgnPyU+m6RJCgFVFMysi4I0sryAzknx+nUbli1bXLj10mxS0RzOYa76lwNnM1emtps/VVzcXFm88tt6QwJuNJuB6KOxx2FbEZSatZRti0Ns4EFd6ZE42hu6NuQa5GzM4aIGjvxfXKHTXkKICrIobw3FXXNpztvQWYFohDcHZn4aX+T4AK2KVFbQZtm9/wVCe7TXXDxbcwUIYS4SUJ0l5I8pQTBGsRs2F/hdoWdOiL35boObaykRYlDxuVx1dTGMjNmI8u/SXMmIQcxgcDiwiYpzF5M3vK5g/yc799VV6loJKvIuTiwWPpSF8J2wYTt5zZoZLtdG+nhOg39PIR/qATlfdwP340BjYyQpnueojUFTVU3XoHhhA3kDQhdlE85pr1Raqn4zkSPP2YP2WWiO1FZAUkX6ole8+9FkAslPv8r9UIScw0OgkuOu3gqXolRexdQZWxqHMwhkvsJoGoPPfbkhCDsXUumXeSJgRQPTKtFER4i/WRW7IFxTGfQmGSJbLArxlLVWApB1WzpELhu9xEjyAwdq0Pul9necHdLW8GlSCjjbr16UM85sOInQY2Dqh+guamItxx9CKUNroXvPYW+odA4jDVAOZVm3+zPWbJVzvUOoG674NQe7mb53e9ntt99ORW980bLHnHXG297ymvVrl01O52lCrKFh9g1aoMta92ZmRlojeZ7bIJVPBLlirNGbnk6EzLM8bYmsn6iCc0Cag3asvyoEyW6P1x2wz2GHHPLj7/9AsG6PjCRCnnPOuY8/7ywhBEgnCS4479wffvf727dsnpi/z9j4xH4H7L/PipUbDl534onHnXr6cSMCOfP0TEbgVpoQkbb1kzNedtG1lFIxTj3hqO1/9w9K9QQ4ywpmzayFEEIISgRIChJSyFY7FUaPKQjBrJTWDIF2Srt27jz+uKORCM02qsmmRYY2Q8VQjDSVmeLpPb1Oys991lP//gVPH00tE/s5+lm2Z08PJBIpASgQsRVIQTIr9Op993nec/4qlSgK9Pqq2y1Agq3L4kRNgwVIgDUJ8GknHXjaSQea4c4U+hmEIK3N7AomkJEQAgS4/FwOMesiK4A87xcMElJozQQiAa10lnPBkCSymW6vlxf97kh75NRTTz715OM0sxBCMbTitQeseOw5Z3xr08NrN6x/9jMv+eunXTh/wcjkTD5vvKMU79rTPfTgFYdvePZ0jl/+4sq77r5n67Ztu3bu3LF958zMzEy3V+h8cvfe44477pTTTt47XRAoL/ozXZ2AWjJNJTOLdWv3e+HLX7F3xw6ZCmjNmkkStCAhwQwBYRZ/Q6RpQmDWOO74Y4kwPtZ56Yufv3DBfBI46ogN3RwAqYJ7zCedeNwrX/byr3/7u3m/r1SulTbfYWW7lpaEkAAOXHvAm9/8xvnz0qJg89HWYFLGKj6YvDEkqCoot9aBAW82g5lqLW3VcIRSAJT6glyUzXyUtq4Hq7YsEInYVNnCJdHh/p2aKvaYr+4WBhDK3/EIrQaWDP0xfmyoc4CGb8xQ2F7ETfk1sY2kVv8sA/FlpeWjAGZYG+qMho/nehsQENLgCDXY8UYAzgN+B5xpTsF5QYrhTf1mQG9ZZhCwrKJKj6URm6daE4395fjwy4oti2LfrrnIEahxLIa1wewKzieuvNuQ6wvJG+DG1DlJRIi5N4Tb5SOEIscNhYmIbciXwtWOTUGZavIQpKERJ8Y5PquZY+m0hrSJIRXgWu1RExkVBnqtQnYqscUSVOVVXd5cnY1y5J2CRtIapCWJyIogWDXu4utorjskIgbK1btBCxQE+crJYwem6YMztS8gYW7SWevFrJ1oqi141f8OW589uFILU1VnHcVZ0Lldjbwa0IdIlTQLka0zhtRzjn1WwiFh4NDV9miCgqETEfQ07rI1bX4XBOYW5TJ8D7tWt9y118qhaYAaLsISUo9Y0dSqC9ubheCS8oCMkguxtqp2P+rbHKRluEvp9FXz42i4HVBrZAIRnAdXgi1Prp8T7v0ASfiyAcpqpKIZS3BoFivKLwqINXdr4MWuhoAsAkMDQoMF+oVeumjs3//1o6+Zv3D//fd79f97fkpqejrrtARr0oLInlvDYILG0qWLnvr0p6zaZ9lBB+3PDJAwLqh2GFYxLVmy8IInXrRk4fx169YIIhKChBCG4+64WI2EIbTS4y167iUXL180f2S0lcpkzb6rLrrogjWrFuQFtwQVBZ9xynGve91r7n/w/kMP3bB+7bp16w4Ym0jbEqooZmamuwppmiZSEplTkcicB0Mevdu+J0JSnvFTn3LOM55yDgMaUDEnjWyIuTE2Y2SKSUgN6+sa59Oc9MMgzZCCZDthVeiil2u1a5rBLIQgSkjITjslIqXAgAC0gABYG2de9PpqZqbHrARJmbTI8Q9sVTK7/CVrFgJE6PbzIlfMTELIJBEk3KBY5RIhbiPMgpgFi0QDrSQ9/azTW+3ksWedQmAiIRK7r1EKQYJHZfLEi56wfdd0KvT4WGe/VavPP/9x+6yY6PaVlFJrKpRev3bJa1/1ovXr151y0pFnnXzYjj3d6SnVbiWFhpBICTPTuWadtsSTLzwdOB2ABqa6mJ7uTnf7RZGrLGu12iShFYFIayRSCiIFrRl5n1ev2ecTH3lbOrdh8le/ADM2rFv5zre8fLIHzVprww/KMp0k4mUv+8fzzj1n06bNRVEYfa60JmG+Xgut1fyJiWOOPWbFsjFzZBED7M4mtqLd1G4jkc0RVJcfjDb5VWBnoBosRjSqNzA+QgCkB5iFJnKa78Vn7A3YORL81eDPoLbNsqHhUHci8MVrbc3F4luTN1ds0EBQw5sh/gkHoPaKQwZVjBEWnpUoDgzZQDAZAxg4C/h/eXE0joj9B6D6tEZhvD/wUYHcADLVIRDFojaHymrAo04UN4j6rOmyYDHXMBBTd90HVVs+MoVdmm0WeQ6x+mzXXJA5D/0zik+5W/VHNRob3Lfhrlx132YNYUYPg7citB/OlEH+ly+gtfusVuzdDYy7hD30A2Dd6OB+1LbbgTGACC+fVCG0KZDTKEllWoyH7nT37fl6SptRFdmGtmoRkfC+w51R3+3N0L3xsYc4WtYoGWGdMWG+tqiPYZlK90s+NPalzvxaL2aplp3DEPBsWFDKSXtji5WrOi7WIwaaLEFj4DCMbPnONnbQ66PQTHNwv6xt6FVOKzPiwTQLGBKNQ13eQgFwHI5YGgphI4aos8I2XfmGyNCg6bBYrGNTyBilOElo7wx95vs7vvTTnYevH3nbc5Yctl976x7daQv7ScSgWb9hwCYq2VsjW4i55J8hP8h0WgoCdRNrHwZFqwOAYI4G8KtEn0H3rZCFuiOaR8FNU5FzlmMNQCCCsP9jDZJCM2RLIiuKPEOrBdbQEJqF1j58T0wY7VDiOjPVY3Ix5HDepC1qSwDoFpiaKTST3S9cmnvLBeM/dTpibFRK18NMcd5XaUIgoZhA3EkJgAZypYtCzXQ1a06kbqUiEWQ+xckQhm+BnFpW+PHVjEKpPC+UZs2stQufmv/YPC8BJMlzicgc6muOSwKBIKUQwhzWwwwwmy1Y0GBmaE1my6VmEHQiNEELKClISDN7BZMAC2ZiJgZrQGsT+CUN48FqSZrMGUlm0y0AAUEsyBwybP8FIASE+XSn0qwZgkBSs1AaWsOwzseZzdpMbaWazCOwbrdp/ogZBHRzsybIuEMwk4SFiSJAupEutO7lEESsWTGYKS+0ENxpJUXB091MSpEmMAt8BVEqVEpMBM2sFGsmbU4ukiBBWsOEgLVGLzPm3+6Q9kJrx1IXbooxzCd27Egxub8N8eZMZpkIKQTARaGLQjEJhtRM2nxuxRxBxcXISJJKoWufJxECpuUsy7OcW6kUJl1dwkV2Um0/7+wBqQ/3OUUX2Havb0s1gyCqFaZnbF7NVhiccEQuS6CUXjAu3/nlLT+4qk+i96237bf/irYyLrIdxxhNsZP2UOnZ1pxX45V8k0H3qhvB1ewIuSnpehjaX1S4HZtgBApv4AcL5mIv5lKm+rQaPA2VehUwDPEDG4FHBeZ51Bao9wbiI+Y0cd6HwoOcZDNVdpCDkSnFuNb08Mynf9iYM2xwwHz/43owGBBWaqu30limsWSEnSJEBKp1cEgN0eQfSsmsXlmd7HDCVArb1iszpxFnxtVGkzquvZ4nCAeikRs+XVdBIFGnKjGqWisNNxsdLm5QGp7MuU/tMmMUOwimTOKrrlgA7xENCUiEuhpD5NgjDqJmf53tIbwhY8K+MPNQkQuEAC6kydFTaxvNGs6GkEQ5J4f0ukJByKzKW1VqQz/D/WZ3okxleG2Z+s26Jhpke7yijDsxCw8rMmB4HjDCq7BGqlwlUSY2YmN9N3FNTTdGqppNoIcb8VjXmVlXMeZurR+1SVUv4SF2ILGDyC4po5LWEoYEZRrS19zEFmra5lFKfsNV1wuhY0Ugk5Io5XNAOK2hHk92k+7yFAWiEP328CZ6I5iZDm5YAw/ncCKAixyIpEdNpVIOm4ufRhqA64NS1jBI5hHJXWhjYltSakX7DwMMEgKqACjvKWKWaeoVXDkF2YHfqak8LwoASZIkSWKbC3Qdg2dmit39DIBIEohEgDSZlkoZdGfhEIh6vaI70yOwMDtQ22kqSTEIEATNmJrJtFKKCSAhkjQV5M7jVVweuBLvWrbRT3aHmpj+JEJQmiqGcUHZ5RLLWUEgIkmQ5iXjhcbxDdNpe64PG0VunfBQ/ZBb3EokiYQRz0Bfwp5YbHgiQP6AIG36UnpepkXh3zdkC2iGENAaEKa7gv8/df/+fNty3Idh3bP293vOuRf34uICIEAQJPiQ+JQoii+JskxJoU1JLjuJJUsuJz+kUkmlUnZVquL8B/ldlfyQV8WuipOKUhVVHi7HlmPJihS9RVEvPiUSfAAkQJAACOC+z/nuvTo/zHT3p3t61t5fAKk46557zt5rzfR09/R7Zs22vN74QAyKMQSjv945XhpgZm7n8/753313l/3J/XZ/fz8yHvODTCLy8GLf930X2S87MW+n09YaiaUUdH/iyy7vvft8p/b0yYlAH0ToIo0sNzsxC7Nw/8nQy3mXnUj6qco93R9nXo1ZILaiCW8ny41NTJmoseaOTOycFtVb3k6NuF12uojvDJHBjtM771xkfzFmp0usiQQRM59Op9OpFzuGnoIz15nhoHGKmn0BPRysGS/fWp9gqtzqsCap8O6C9vModODtv9WJ1+Sz3Ikz4bJGPkkIr8kxiY4bB2Jq1NzI9bZ9LiNSpOGYjb7Trn363sLRsrfpP0eE+ZUaaAZOLaORI5+SaIMEw0w6kDN6iMkX8MRjnhnwYAljxJGsyxyKhO7qRMSNV35qM7vkA2y6yWntIswqk0+U3RB7aIydxsWIsSSQmcsZKsMkpF4kJMB1eE8xSpnmfRXylfdDuFJdIRz1LXFMiVdxdEvRj65F0IjYWkEBskpz7EXf8HVocZ1xqTsMonA9RzvMxinYiv6pV/OgRU5tws2QeZVGqYs9mEt8dFrImKISFcl5XTRe6FxEZ05B/fPMJN1WSQeSPWx3mON5T4h5rREilTR8Xa8wbSMgyfjLjXzz5vQovLlIeFKD/AwMfj5f6iqeFn7WyjadqeWr9uv9w+vkEz6smNjd2Fo5idzhIew+c8epXeIJGuLCrBxhkJXW0cfP8YCur/pKxbFB5oEVyOh4yNJTiYNKzQgTNaLPZ0uy4uBoOVPngICiZBWCNgxgEFoIDnJjLSIK9A+RLGtoy5XoLS4pPnXQMsK2nYlF2njZcdQE+qqJ9AjH4lghEtpau3t6J8I7Nashdgo0DpFt45dfut93OkvbhYmp9QDRo1xuHkW3tlE7cWNp4wxW3i13I2KW+7vGJ96ZRXi/8PgBDC0BN5q5j0zEyG/oYF+68kfajm2RbXwhplAidBuhCWen3WDrvOhLewMc9UVOjuGdSiazFiJ3IhZqjYRI9kYE9aLRXUNVHj/puQsR0yjdaAJC+lKuSrO97AzQmERPMyIi5nb39P7UpEkXRB5ywizUePzMCvUlUNm2nuLtaqCMBVtj4hMR2ULi4IuQCJ/JvjP3XzQlJqaNN2GRnbiR/5aWOk8ibr0QMP4e/hP1nZUBIK/OZZ0v/a1OZYSrFPN24kYn3fXQFzPHiNzGe8REFIJDWOxUQxL8Sq2hYIV9EWr8KhvOj8OcOrP5awaXJYol55GODD+6Cf3ggdD4G4OH42vwlvXlF5qHPoigrr6/c8WHfj2uGb2Fgbl2KSsG2ARDpg8VgDoBSDMMrmhRgH4EwgdIVslngTAGuwcCcyVjQak7AAH9cwKcrgQtuPuvBkNk/JWWByQ4dqUPG3Cv9UZnUs9KWmHpBrNIdOYdthkXLp8eXNcyz6pLsuI3S3VY4OXpZgyPseMJ5JavYzsFwYXkJYzN94wicUxBy/GgLFehoPPUg5V0+kdsM9/EGt4c4B5UR8qnVzval/F3z+iYLFgKnpnYhisXVA1MKcRhaFESI/neZgR6wXeLYiCVmWB2BxymO0y9jE2UUHZKl9h+JtKJE5ozmVJ8QwMSjWK9png8UykisDABpVprNkB2BUrIt1UvrFhQLY91yBmbPa5af3tMOil0YOiT6sW5WzLEa8yMN7GJV5rFTG14Cl9G1IrVd1akeCRVHb0YbGk7tHw6mHOCINK1JrqMxQBOdAhITcRxRZCi+3v7E+s5kjYiz7ccTTJu8ICaTxvHf10AdL1lZ26ixGpBrG8s7I1tB6AAHwRAyYh4+02nsr8Vae3HEbojVUFJU0PDDY8YFPUdDc9nkvFA32tQKgYggX7jVt+tgtIu3p6G5YNXNCzJaIjFZN0s2e5i66UrVZEQcqr1CTOSRISJRHYeWO2KPY5p+I8pEGokexvbjrvwNUeDiOK+cKYYCTJp8qkiGV8XGZiJpREutERW3hMiEbe64Fu48WAUK1dcCtXfQjJojwaMwYDxRSztbFojCOGJ6Zh7Bae0S4aIy4yNlxNYClYRAltT+sDCwSL95uZmiibY5y/cA8dDmq2hrRhrhuqhBPgfkxN7TaD/bi5egi46dJrjsyzsGNxjJ7DGYZENxX9YBx6pvJG5dMTFzYOvY51Ta2lj0YOH7S9XP9Jlrl+6vJoGg5vL/hH5Z0THkCAPHZdks+T2KBQahDYxMtT4IqydViYqU50WGMsGWjFzF2hDsO6UcDRCSKT/qHEfEkIxPMvCN7BBTOIqlkvMKgVFaAw/RTPXxzlbYPfXqYGRltOtiGqyNDZ6Kd749DixyXzQGDiDDV+H2cjRYpBEdXeJ2AnP+bMv9U1PU+qUWVRleusU3cmaNIhoZsJKJDTj6D3RFKSFmTRlcP5tdiEVuiHWmOgoMR7AIVIayu+eI5t1IykMXSEnNsWPPNKmIqK8BLc+fs2XVSgP0UH/OAFYP6OgQgu22mBm7OK8o5Ssqaj9Ii/lcw0ooV1dV4oileh4aAZVpVreIOW7Wiua8byuNGLv3YXhjtrP91x14MguQCuAjQ2uGt8VztgdyiK1LYuuc8IeRN74T0Jhra/oh047xH09hSkGVEe31J7YQ2BfQvAV1cwaCpxvT6M4CgET0ZWX8Ybh0BrNPBUl0V2m/dqp/06lbQ0djSUESs1jwZH4BDxl/GoFJErCQr0UFGdH+pJgQ53gyA7pAZhSi3MoWoUKrNFYnlnGYtsImnuuKJreWLySSseafEb2a8ySZYgJcxlFJaDESkXnmrROtbrRafZRucZO5t5gz8igVOPe7uDkY3i1haxQrEDZKWCVBrYgX2ApmIgYzktmI5JH5mVypbx12kTjpT6hJj19LPavpKLBAZYCtIPIra3GSGw7pQcJ2gw8CKMHVAhDPjCERdKcUdOVPazOBRkfYi9ExoJcyU9IlSBi0CEK0yhKeCCdCqo8qHp8FGEJxqLKOZvPPvY80uwLLKI7RuuoqntrJJVRnD9fX2+BltdHODh1BiSobBDiSa5bhjWrKW2YHw2wKTtNCF6LdA6aVYIA2FonQCjJQ5ax47n46q4U1ad45kDMem/7O//MwWq0ApR1zHnalKkGEcqg7Gv2i9jiFm0v8D8Isb6GNOSrCQXxOu6bI4SCjfbBosqTG/asGN1sY0WAAsT+QWP3JX7m4UkI8QCER06so+hYYTI1cxuSl0y7l7vWyo+ggMxgWxMTAtfWRSPjgPvUXNcpohqo9qVerJEqpWlbURQYBSmoef4e3Ukwqm6FjAlWKypTUP+B0eqVg0dJ9rxZfBYw/JDIdx8fglGXWwcbP/s0gLwlcZozzAJDiAk0TKQEykJugxtaTu1XV8KWUsHN8EGLCCqERA1kPfgWUhU2jZ5rSSujDDsPjd4imBHSc02IqC/T6cqGZZjIffvupV8N4/W7ZRNHvioxR+NZ3DkQYERhGv1K60exuVrCADSjYJv3huCjCbTQlDVw99nr/wuN9zi7aQCjSn1CBAaBuQlhsuE35FBoB/PNCorIIHfBACKdHME8SwZJKlHk/TrGprBsA+qgvTgzZNDO6h1riEyWrCI/2DiJ7CIizWYtWwONUVg26+7S4wzphDmtZBUZ40aSocr3SVAQNsRTDsO7TizMlRWUmeDpANdNtUufzf7wsmxuW0kRnBI3Vqqv+i+z18qYyFJQbT/QsPpBH0g3CyjOHUfjT1w0Iq2Vq7wZJ9imQAVKK6VQXmN/G1PGV1VeUyW/QaotSX3d5Y4tEJyzUgU1Uk4TG18SJz1pqQuHyj48ZpwCmAvbMBFkRjPzZGrAqWFzZXt2o2B94yb2GBHhEop5sWQVU0d9JunDCMyYsQJRum+TabWuQbZtBMTQ0Z4d/eGlISW8FArEjSGiqbaWSXcC+esXCCnOXVGqZgYWRxLSnIcojZO09M3qrrUoIeqxZha5Dk74h8YxkOgdQX+9TRrAmQDDTYF64axT4HEt0NWWMSzJYjZJYLpy5tlbWmpERBHzKj6cEDQrTOo0yExNQcuKQBXOUHpLtBTpCSKCArwWzqn6EIxpyhfQn3cQQiN5cRHNnq2T30uQxaqsiJyUwJrXlT00NVC0UoXgMHNIF9vB59MEO1SzsxUoVEtsUBtclQ+spJe5U3etTp3HH7VYI1PD1/x4+ooV96/lLYIKLcYX7nUfiZsz1tvAhFkuCeZapnnsfYCaQJ8X+dYuoxhuIULkLGIU2gOHlMIKNy7dsMaCiLUhJGqaemuHiNJCwlP74vMC7dg1GHERje9iFcD7JjYlxDhOm1pzEimwEj9pyXgltgHMFlB04JnoHt3ZHw96HBvtmHXHWuGG2iG5nX5twaG9qTjbF3L4Lo2s7nWaOBsgqr9zmDxiG8ZWRt6jA2SwHgKVuYoF1WNrW81OjIUdqp/NxAxTwthIo3hOXdk5JGEywjAuuZrxcaQiEuVfbMbJ4pYQ4nRgEm/YuqHonbDZcArfjJqJ6+CshGi8dWgsGdqhwgIr/T22U7/joNH5JasW7QwgwEVLl5ywJIaGD3IORmCRNJdMQaxM8cVqkASM75EB+w5Xa6ABSJgkLzw6LzXqEJaxT1CNvfQZtaJmYJl66H4PypgqjQzsM9n0HSRhr0BkiiBwJhxesPUs5NF6GEasKHCY/HwJ7xIfYjY3jREPNJqb6Je1g7CCWb2NK7B4QnZKNrpBB5GtO6pJMXcZBi+L+I5qjeH4qBrdAw8KYpH6zWsP66toVnHUlxOGbLg7cwh5PutRioTTXfGU1k7cq1JD1QGVDkk2HFohmmV+ZYON5I2IKtwo+rXRJVG64IDHchg1VVFK0YVA8RdTrIGHYz63Py5PlJAFlmHLznMgSpp8geHLfca/5DF+mWhg4G02f3LUo7WnvxSZvLhK8TP4WUSN+uElcJVqClnVOwuP0mNXIrFd5d23xZq/0dtHbIbligDE2DPybrMMD2aKEjDZoJtMxkydwVg3Q+8thiSiagB85TP6GoZd7Hg34DE3WCFdiLhxgN2mIG0L4JXc1wN7jEWJcRC8jH9F3FeHgRLE+o5ON2c6YlSwYNZBOYrXNa0EgTnEKOlxPZaKqMU3MQrJ04KvBlIUZnBLkAqCGq8ILK9ZWZKhr219/kWRqTHaqYAKFXM7OYCQi8aVWzN94+HhoUgyLtYPJEMBY8wz8IeNyuF+CBbBHYdcYphL1drSJ/ToL9n2GMzqaBzuQvPpJnzNBFW0DPQgR9P/hyhMwakpm0TMkxEZfq5XJmf8Bgye/ihD6nAWcEYwqY2FSSiEIgUPmPx9Qodj5y9Bb59i8c5sym/A/Q0+5kkacS5N/40C9nGIUDCGjRz1EwIgiS32xTysxxvkWPJ8/JaxDADom8ChZKO6KMZRATizMtvwbktVXWzyfOrHe57UYkiMCjZgiaEQKdHNwP0PnFEcSk46bt8JnkRRWBVTsaKwA1tsxiigtQoSOJlcbz+b/V5mdumwDlIAAHZAeUTJtbac8J304kokAcKkCDhfji9mLSOU9qeKNCqbo4b65uso51l1SSySLLdXu8+O1amPiHmH4F5nTZHUixFiqDkvXzvMNfrk3830zL2nOxC+1gFP5SomIMWtrm5Oow0noVUsSTPTbGEXQ2OC4LRWWZADX5NQgF2M+6jL1OFRcuvdNb8amKjeB+d+tZCE2Hi3IxNhnLoNyakjqamdR8YIzOQ0DZRWjJJ7DFN6ZU5PGvoXfRJyqG+zqDGHRZKCMOulvpRJo3wrQcWBMpGMc52tVU44C/Q081xcCfPV3GIqj3dLmovCTJqniM8NKW74JwyxyH6hAYKB8/smm0sV+fO8cvrMzJBCeIbhhqg6RqjyOmlOeVoj7cOZ8XCqsY41F6wsUMbg1xAYsa0dijjaHBuCOjgFTGglM9e+zq6l0KYKgTEFEg7YgWdDkWaGD7SBuvB5lJ+J+uG3vRBB+egNu3aSnUYsfRHaLTY1iGD0cEj30H0mUc9MWm2NT0UAYeL0sk9EdoI8/haFZ8cJ+KovKatHcqMjmtSJYT1IgY1o8MC6ikofal7QpcgSGjwAWM462ADDAc4gyknnaBrQzwBzK6MEXQa2fa8tdAs9cnFrdBLkwyCB7VuXS8soh2zBbCIGakj1QB7WRTccwcXCUj0ehw3HVeTAKA4AGKAubfNkcAdBtrlnykSsk21pDQCkrx56q464zY2WYFgRhIVaHCxoWFjmzDFJGUgDPorjkPy4pBuEhr2Tu3qYR1O1PJYaZ0bQjnMWMnjMYdZsfL+lrCzWjvQIafFvygynpH+1wlcUhP2yj6hlwm6yqVEkPZTJtLFVNqcSnVKVvbft/wo+YqBRC66KICuuuFSVHZ/ujY+xFq1IVyQRgi6MlBQRMsTkYfHqhwokbouAo3rM0vAR+XWBO5I9ZQjFozk4wZtFwAMakRDqPeeY0PlSRdcHoS8+4tQfs53w3tBobCHLCngaJczUqim534xTiYZjScUC/fHosfWLGeZ8/yqoSLVofKXvZwFhbkUrxVxlHwU3YGyKrB6mfCF4AQgiEw+RQny08il4s7w8xIVQJi0pzeQsY8dVh4NmR+ROoNzpVfCXJmMS7JAyHZwwfoWKdV6Eic3jYCKWRbCHEHLNTB1ipQPiIpf8UyxplNf8zsPVUmwGi2mV3QkwvWWqINxYqZoM92GvUn5it2CbDiEe84KrdfIQ81y1VgfAr41+gNWjBjq6HlkFvKJUY0mE950v+zjiFYoAXZSlBMOwLjc960Mf4ApWP53XHZEODtMRYb0jYXrjeEzEWNmlQQxIXaH3HD6nQHeO+sZtDViEZtEN/PNtuDSV4Q2WqrwksifzIIvPoX+ibTkp3aDF8garKEyFQT8B5uhiaDNwUs/uNlQx5SviXY4lSOQUqXqcy7g/0TqXAO0lWVx4zb2mHN5nqniwjgrs+drQxyKVNjLtAxGR3CjjPj5CpSmOKV0slVvhCi8H5tm/0TgGuYSEpMtAbU1W6oaza38gxdenF5FdeBfdMHvFJho+cB1IuUmsBIOnu/UFv95ycRV0dWsh057f1YaIxw66goYQ0DIwLF+nEKj0sGFdQaZHByjNxXp7G3FB3dey2sbVDkx42gcuj/ovZmKV3zrAw+BwwTAreWmvG65ElCUehsbs43MCNoVV6VqRWaZwj4ozb7yOYAaWRfvBHur400dGWV+vi6dJxwiZJgYe8SdI1mHaBTMc7hNRP/82FBX8IcdjO/1kmjwA9GX2811tMRNJGimTJU7aBmkoo/yicqk8mss/ttKIKurLj+An4rsxMEOQfEocHNfHjEFaLQjzOuOzpmbc2aX/DLS6ubrq6xja6Cm3L5xqj100pOCxAgDhhisM+QRRmOPSMuJ9f+3QlhAnVNJ8xYl2gqBxahKnO5YhE6qzuLIeeNJlojcti6wJp0j2KgIr2gQ/EYt/2GCl6zO7kLTSCbk8pKzbm/XVSxcwKF95y8DhqEpYAh+ngIDYMZMG/LuMH7kfOi06paS1Qlw+YfIBHVYvx6p0gmyKxDjdvg6QjnkQ7WgCmGA5D2JObTFiTkm79s2u4hqZLWiZPRlZWSgjOvLOTAOHfxl3dGRHLx7QCBSaeHT1RrumxglP5bDTVRXWsNBki6Gkk0nxq0D+HI2pYctuCHXJrP/wiVIXlmfRSTsmZmQFs3Mbsy9p2tFHbD2CHk8plvkC7oa2K0znmeuFTubQsixrBLOC4muj2PwTkf5mhWd22gov8FGJi5OMchAoyIycSNMd7AdCYUiSLtoHWSRjstsP9I+Ms5b0wE6yKs0nuQi79Ooj7Mj6Yp5gT/9rqBUYSdLXjsI5VeZR1CYM0UNDgXJBRKLHuQxdBhT1zCUSItlp36U1VWegxeUPtLoM8uqwSldB9SlY2KBtwb+gqZ/XiDwAM08EdiGKdL5UjRmPdZa4Jskghz76ABm4MZQ61kXAv7gXs4CwzEVNTiqMAz+Zwyp6TldcGhzbFAzMGU5aOMLAFWffVqeNadhmyCk4thDRmQSTisSh2PiEapxQLw4JmIgqfgBN1Mg2THGwXWWBIKOXDCR0KQLLOd5I4Uscy5LeEoGZXemOC5uiOszKlFzU8ZhurnRjHQl3JBdcgoBK376YsCXog6ME7s0qjxw2nIcH5iQt2CUMrYE4B58S5830GhWcwhxRvE4UZyLQAWY/3V1o+wDflW2ZFsfIuLxWYkQUaKsv3WokVIh173uQ2jHRHncjUGnHF1hw1azAcUW+W+xBQoQOYrcGPuHE1NNaQFtCEKqDM3sJ1BxVifYKh5kw1khD1HHHYG5OaRRHt8Yh1oJMKVhAQPsqa4KlBkE367AyiLdfiN6NkgDu70ovQ3LWlJzuTsgcuAqcXzQbR4NqpgIh2bh2oX3fhfchyihZQG+hhRDEmRzYshEwhYvO0VbgqgrmL0IoAPDCVGR5ksgYK43/0Wuh1Ib+mDCOg39d6mRihZ2ROdjq6ewAIAOM4WGws7/EhyKC+2DDjligXeB/RIqIbA9yeJRYwwETAvQ9kKZplsPcDJpHOhEzmwHDdgFHh0cq+HCskQVThpmyENfIRMgyEQgGFH8ObGEYSThJnfjvr1ofGycJmbgUWWOPCqjylD4RFGGtGqOaWMgxIpxhLigwKPWmISugKOyRSaXBXHxSYs0jJLEfgm746JO13TVLolbfRFWzzdRXW6ukxBwMAlDoHQKOIQ3ZMe9EsuOtlHZzYRxKA25oKB3jnEmkLpX/aO04rT2ZR7AUdLpm9NNagt3Hm/UaKSd2KKpU2NhyoBR8Ipeyj1vhANBNz1lP9Qx9wwx7L9XvIj07Gq4YXwwO63HBSGxeFp3CzRnmnBVjjlGqJOCjMqapT4IT4Ot5PyRB/AQ+U5yUlBb6oB1e/EoLfpaptcRHifAybFtdJXxEDOU0JZ9Xk+2a/zL52zlvnCNwbY+4HWdP07AufvnRur1dHN8FqCQ1enGaVEnhzMCbTJRI+TG/9VBDR7xuj9d5QosmISOictsOQ4kiobwebtjW+dGw9Qtgeayv4Ur8YVvyZbV6vaqPMwAcodVcq5lw3rHVeWfhi/TdQFpmSHbYg7SAM4N0AkkatR0PamHI4bw6md5nNVmls3dzUlmW1H9Gho2/k9BSJcmPSGVLKzyVpgL85Cxj9+sDl2WnCYdJ36eRmaWvfl7ofJbzLr1A2JXMxHwMxX4wyHB3iGneOhSEWdITb8JxSx/ZWHZmEjrFNALjLZmtxVhj8T8g9cPG+Mn5Mn5YwmCKypGoXqhYZdoUU7YFRJghHQSjQ2EJ1e4o7uyBmIJL3jJ4vERyV+BKOGaVEEiQxh/0U0JGSvRfcHwOKKYPw/4sGH52UgBo9GZQZ+gSPIsVDNq7eJKPGJkk21BzXGVPZHoCVmToQRxgsS1d7cf0IN2s1Zyd8zqioZ+1KByhxCo34+Qgx9xthXCNchia2Cz+tFO5u5JhHHrb7JKilCaGJ+OGRCm+HXmdudkaQvFGWRhMh2Ku3CAiocuD7OcL7bsaZ/KWqPKcaabJlqIXC5QuXPNYcskd4ppEZa5nQIRnN0L44NOGzU2BirBitFC5niRiap/2EifMS7IyObWxgn8Z20IkVfXM67S0TGxSolV615yMcTEXo0k1+0Q58FvGaZAxUmQJqyq5eC/gVMsHRAsRyqFUFfx4S0jw8OsRRQsI8xDXw7bpwvjQ5u5RacucqGcmiySTuKLzgP6Vhj0KyeKz3iq7lKq35kzYbp06HsfhJ2BX4KZ+dXyvVyliHBNQJ/KoyWubLpEESs7VwimzrlhOAROSNIqr9mt6RFZqtXKjZ0FaFjOwTP4bSrdcuTBWoWR/t9YIZjEkZjSISrZv7AJbTH8tl1gymSoonb+iG56dSzpNLpfIh5jaIfbqaBdbWCWdIxL3drGw+lz0wZnSWHhz9kghlMc5XiHDk7GeqYi5kNKFLfuT1D0Kksk2rdlVTDFkg6EygoeBQUQ1Rkrvu1Y0JjnkeXf92kuV6heQ13rZXaO7rT1c2jsviJm3jZiJhXi8eG7AOQ2n0awPz7reNSJBiA/FmhD0dk0CsbVmHCZR+o46MHeA26jfQJhAc5TC9luEcLEFHGqDHOU+BBfRlwfpSISnQaw0xUUkwllm4xAbj6bQ32wzIi5ENJHie4/Z2kDzCMI3fHnaHQ8f6rEWIozlo35LRMakg7/orGEz2Z23MBe2ysxMWsowvWcFLwIU+WiOjphc9WOEuo0KLJv/6ZzefbxBtuplZADKX1qwYAmLpEHQEMEhQqxPs/3I73yqHCvfUWCwZiH2/1Sj9BvBwJAzJ2AaocPPbHYmpYWsQQ8MgKd8k8oTjj6Ag1cg/W0oA6OLnMqz0tSCUo9fe4JfQh0j8kgeuuxIY9qJnl9Od9vlfkNEoYsBRaWJNp+7nC98lmNYnbCSc1eUT+hlHh+7WHTS2yFAcQUgvJ9RApuAFxo1jMR22lMkKWnSI+Y1I2axhMBJhwvk2EAlnvYF6cKgMX1I05T8ZohSpsJZqs5HZEaf1MD9vrj+9McBH63CJzpz1jFNNwpVwXOphSCXTrTBrXGXPUooVtBSnb0zoZDn9YgYfQWYsfEqrZ3vHGRozmT84MWdGC6yL3jmjhzenpjxk1hodngUZ20xsyhvqbhjFkMxrQUjeLpJ1GeYEwXUEliHUtVpDFZ9f5EQETA92KqlUNZWuLQgxUgrMO4cc8gVQxGi6oxpm5WA0s2Z6kEv39PiEQqHjS4rhtwy+rrNgVG4cgX/kaF55lkikOQtsr6wyBUcSW2qvlcvzrgU1+PmFxJO9Bm3dF0NBDTfjMlXJZN4pWiy23rwWIeDyED6fJG7xh985f61l+/efXf/7S9czhe6OxEJtdZhjj8E4zTW4SEkdcjhE8a3pBoTMZkP+nQ4SQc9kNfHgv/qvoKlkRMnXUYvDRGJ8LdEEOcCzkT2TAAOBLxzclNMMI9VmDdXiEoxfPHV166XF9RMqGfe4QAKTv86RuIfaUhGMX+Ab2/OgL7zXKa12hBgwjprKcwCfzLF+l1WE5VQnMl1sZ/W6MlvF78VFJ4P2Rp3IoSapIQc+9fiRf1gXAt3vaZdvVdoCyUY6848oRGHCAWxUiKuGvFZZdH/R6HodkCcH0wwzYI/xSN01/i95/TGO3J/2j72oaf3py5VYTw3IhO3QomQlib1YE2mjJvL0AWH+ypafn0unk6d0NuPgnGtQXHdFDpi+1gdnm+WLSMeR0cNxYbRXJf4LLCcv8pBA7uzSLeOh0jZDt+G+S3XTN2sEbywg//VuWSKVBF7WkwiBloIyz+mxjdcXzt/Yuq4gD9VkfqnR10nyosxOoa5XQGE+tLitZQmlRbQzuZ013pBn3L7OmTXY0kwlQDnpE76Atsat/SIcNSY3Kf6VrgZa7oWR0WF4aKjMkf6Iokwp4I1ajcYjlFICMzRXiroyEH87AynXKjLPmxS/t7Hp9CXkSw4hyKHCNYMdcgOHP0/kRTsFX3R2e4mlhqZiO2qvuV9pwIeIZBe3P5qSwx1xwWHsU2aDp+vEMhrMSpKJiViq5JqEuKAJzQPWgC/QBMtYKHgfscR5n2nZ0/aJz727PUPPP+t35Xf/MLl+YWfPqEXL2iDU7ddVvWA0jZC3X0kcfF9Odv/YGzpjlGZ0/8KJ9YP6CS+8CNEPE7R6LAk2buu1IwhKHKBFWcNL7UZ6yeQzDwdpPWtPpMDCbaUxvWLlWIPw9UM6xuS3j6hKTpbJi7eVM9gta5KhvgX3UliBs0HnyiaBHu8aKruVYAwHs97ShOyfJ6KqSIwHAODItmjKQ1xIH/HkoFYxVcUaenEKHF6n4jGG5iOcPzBJkM3JhaxjRs7X9ziQRINcTdjZYxT0UDz7TadSCyGdz44BOG+rKz2A985JoGyap8XsIXAF6BhHNiSX1geRAFeglt3FLkxKurvoFmtseipRchqG8RRG/zqrByrqDYHgxEwkUgVMUdukq42u3ap1TTSR08Vb82abBW8o/f0CX/yt89ffGt72Pfv/70vv/JSQ/W1Sxxa3y7LxJRsfkoVOK781BFOjCL8ziL6QnyCwsYgJ6VeqxAo7CCT3H2ENPOrgBpAjn3DwRGhttk8RJLR+yA/++ykEIOtT1lbyRfEA2ElANeCUi6Kq2qOZK6/E37wXRvY+BClwBJj6dVYJdvSiN5CqFZ4GBoz/DLmnz9juGXnAtozMlcywZ9x9uAc46XjdGBCYyXbNM1yemxTvy5SWLZU4GH0Ws9+P0DAlUcAEm4iryDU5OqY2JQuuabE85DKiRuA05ao1N7ctcUN5sP0Z5vmIJ+ZG+Dg/CGnkAMedfKZ4SqEQrJz7qS8QOyCbSzEnldqDwG0zNvakuYflMTEflYhCWIcDnsMhrFVSIsZPYIgjrOjqv6QYyYDdpZWpVFUyOTIaVFPtTSSIjMT0vlDhMCpgYhkZIbzCMhq/FPWaA2nAp9I2kGpmKAFTRMq8encYKBQWuGEGLBxHryAOYURgcmqHasRnT/V1W10sFaOQ3+WCTIxSJ5Nb87VjzDeiAW5H+JFr7+/feDV9t6Lyyd/870vvPHw9MRE1Fr/vXvR98l4xGOsFAmJMCxsmfNWTVHk1OKO7bpCJKy7NLXvgOz3BpL9u2kakyFDgIoNxCOOUVGNljLLhjYseZRbg9lg+2f8UiWYc1zh8r20PuI4NdIoGaz0LoZBtDwirPPL0HS8gk66ljsmZaanEAY0H4qFhYQkalxFGyhDjoMh6w7xYUEd3BGdbqIxe8DnPtG1xQGcqNJpFyVFO5sBF5+hUhg9qC5Ba4esFpIB0GhuQse6fqsGNohU0BoiYhZzs0UVDFjCeGdA0s5VUADGy7swGG2e54jzmm9lTYJhS+EXKxoZUwBlXSRMKEi4DEF0A6zjJvaJzv8utIuMv3c5nfgf/uI7X/7KheThO7/1pZefnS7+lnu8DOMyVyHK0gMN5vlKN0ufdewK66fd7IJ/Oc6Oji9W27zEf4WdyYYEydCwx+MH5yeDcEzQLDVdIVregZcUfBTMbcoodB58loarac8ERD/okMRpwQa0TT+VoHIR4ZbkkyiIRAXwKpzcIMUYySWizCyiUE5drkm+3VzWUyA8dpx17hmYgAnIQrbjHSRzERzmusYENDVzi+XpTH0lex6yOZ0CWdDi2Nsh/AnujCcWb4YJLubCPoTzh9j+Sk3VdeF9KDiqG0ykZtqnKw2tImVw3ATEnyibrVJEWMPUAWeBwCrbmVXFIYfxh/SjSAWnCWkkcKL2T5L5FN6LCPF5pnqZTFY3U5nqqm9Lz46SwBlCfKdltsWcxVgQSeM7SXiLFS3O0mSvDVB+Giomyy6EzD+wtpMVu4oYXmbN66lZONmEJBuoOdMR9e2CK2ohRswI6xDo71QeoVGcSx7GVj74yumjH9iebPKZL7741G8/v9vobhNmao2IexZKI30M8WOMT1U/0EvAUEqSB9KeXHIG4fZUA9NY+RksgW4ilt9mUIAAjfzGBlXN1eyBRCb90QhmmqmADtk5nSNTxdScEQFKaKL5dv11Noy1H45xeOA8EJyckBBhCZmmi4n68pegGZZAqHFnJYECiAeEQhf9bhu6QVtDm8UVLTq55V0jZj3R4PlUTrMRh1LxExiOiZgkE4pTFYjtnAsYWpyUDEXH0CeLKksukQkxBJTxKdzEQaZzcFTFgE/zlJnGhUIYB1JlQGfFEgcCbockAVGNVGayFbuep+AiMfCpG4ldaN9pF7oInU705nv0T/75e5fL/tqr8h3feLo78WUnDIyKYcq7iwrOLU9p4dowSsavcxeapPxY4qP3nKwioOeepdKDWy/TrCmWC0umlJxY9hUrNq58n67exJaRwAS2RyRQai+CuoNpPUhlhSoLW4VAM/yDdPdqNHgQ8qXAQKgQwqrbFJipF7x96AnkrbKVCgeZ3hDJx9PtriX2/midqwfgICSuQIjeSh6UWnyW6Mf8+DjctPaL56gdQx3UvC1mJ9yEgMG9XsDoBGN5KRVxEt3dloTV4atrGo+yOLB6WG+U83gIQEQhqmPR3wuQMCjxCNMVju40Yoea6l5LKhDXKHZcmU3njBKl9e3ZQEAaybTLbpNoK8m2h6SDHS/oj+BFD+yG5QNDiVdS7oMrqzqGo8MIJWulLYxAcFoAfSnYSw7bbQ43TCZqLOB3mVRGh3Xg9XArtC21E4Bjz9J0B01irTgmcdenYvdjA4adVJZe0uLCNo4nyBupiCLYhAxqkETg0AI1Tohs1yVqPUlrFKuGiWrglR/80gdozOezfOMHTz/4HU//6b9497d/58VP/9zzH/2e973vGT9/Tq3R1n+4kYc+WGqcaGFw5LZ1kXwkIYr7au15OnbUpS5okqgCpz2ANPa2BuZH3MyIuQVI4i6Aqyo1cnD4bXZ0jVT7ZYiOhf6mYSIGKJH4uoFZHnV0QRwiMkb54CMIuvcwgZ51v694WaQOKMp8lBFMpXiYxwLrWcrYIPlFVN87pLwmTCH1EAkqgLP3Hqyw8BKdUsDEoYDp3c27Oe3hZwbBUjnMGESY4EUlTMSq4Grkp108kuGEB240jR7DPRNBj4i3Fy84/rTykEqTaSLTHnsOJ26BY/cGaHvUvPthXM6BwCjbeezKa+eG+WK6A827CggmyuoELq8qrBzY5pgoLjsJyUtP23/+0+/88m9czueH3/9777/jo1vjQVksCaUa2FQbKD1C9Fn2IaWUmG1mCBmMNhPZ4anFBCBKkrq4oymHADMYBxuPWX/ypOAptvSpc2imk0n60tA06wy4UfvAcc9kYlphn9F+AXIpzMBwwjRUjanrB4JeRQLLebQPan4FRg8tA6N8mTQqf0h1rCNP5B/hlkJl4Z6CImlVQgvyTBr1Zl65iXSnA2NeKeIrkIwtEeneVETSUDXx7M4seBFExvCJaJiWknvk0ThzIYQJzo0YUYXUMUYWEtbjmBnnXcUD2YTHWBJI7IxaMjJzpjbYQ2rsory5Rx8Qanm2K58/VBqJdT1v4JCA2ITldoeXzEJz24ULvr5kGnzOksvpbgR7/Qq6fa0MgwtNeSEnqXbJiZvLPAOluRQxjzRhePsQ5XV7LWrRv8AghqHLp7dcq6TdzN+Bf1wRpmURtu/4DFvewpxURCyMvn5K6BHEphnmlZEO215nb1ZcYWKWjYWIn93zj37v0+/8+B3t2z/95MNP/+I7J+atCfdF1DZUgnv4t/fNtSR9qUFIRPadZNeKoQ7FYOKF/JPHm0J9KUOBx3UwQDn+nqU9ZbJTc/yObnqc/nBSHRmWuJ9kwpVU97E0ZkbOR2mft74UCDAR/K6ns0ip0BBKsfWRGP8NW3yD9YhxAIfehuckCA7Wm0YFtN/aGN073zgtlvWbQkMMBBYFHT4Ts23tBlOruIi4IIlPaBYhHzF2LyrJNsW161LnIHgrtjUpHXeHHkAUjnwz7uNEM0xHhwZTKMyZlihOHYIMBYk8CHTUJjiiGv6Vqc2sgAtzOAsZ62bj4AQt2AFQwSbkWzCEouStdIp99CjMQ96E9l3uG3/uK/t/8VPvvvFeu78//+SPvvTaKycaG/+PPdLEXUw1D9odgAtR67IlhPqFE1nDXxmviIREe5CNWeVZr8Y8K3+Whk6doou/ZVEubRGf20F1tRhoxuim0PFR4dwNnOAkS2VdHttXof/Bpa6V53sKnPk6XZws0KOuq8FIV8ArhLgPmKA/Jpic4RZ31tEg3hyuwu9pRfvmsWxtZm1WHx3cx6kckQLb59sQc4dQkXMiUqmZvRTERViYIkwJpmUriUjY4tX4ynpKuC1AdY2tKiXL09LErG5VHrOWnhKQrSKuGuM6T/+0qk6l+6aWXWJKq2Rrs15rgc0POqgopn02BHEGzM2PhBpGMje6qDJ6aSmiTw7jLEENzwortdMo57p3XjGnlpPpF7etUdER8Ujl3qqcmUYsWST2fi97OLgy8dmNIT6g9hz2bS3MPWBAhgB85vBr41OVRCfM8ZioJqU6kAO1PQMxRjCFKsFaVCFGlECzOcqAL42ZZL/Qt3/j/Y///ie/+tnnn/38i//sb73xrR958ns+1p4/76kGjyygSzxQCXMhwFAmPWNF42yljNlxCwfe4Me0zAoUAfZiZiVcKnvm6BmYYkaOaShuQH88dRKFYYLEOG1N8Nd14vgKKYHvLZN0DnJ4jElj8XwYEQE4HP/CWVaT2MusgTFg8WlkOshebeWSY/znNLRRM34Ix0kefBM1XMMEiq+rdduWgoeOq852X7IKLJwCyri8HM3PmC2JsfgqzkFJoWn25znKHa0UJqPvUHwYF4xmABh/d2kRJ0yEd/Q4zR0cbpWTJDH0wAV06mBas5XQBypQ0ID9u0S02TU642+uKskdc5zN8WjIP0JG+gM7uo6EInEfbd/l/sRnob/4V7/yi79+fvHeuz/8PU/+5T/w6qnxvgsIYXIREf9p/aEOKjQU4amBdQnDEKnlcC3DVvpFG4zjpQa9KVLk6BEI/FG9fJR4ayhgIDeMWzbx8xDz9NnNtCRb72tzO5EX5QIDjRMhw1SNIFtZz8bK6Z3ihrQ6akiiwSmrzGk1coIwHiDwdXkavqpzRwgoNrZ4izREOGZekrEm8qWwfquLXAhgMIxRxymRNp3XYV3UVdkjica54hKyyxaEdoXjZgzyvRSBD0ZFXgn0SuxdGFdAOyIWOoJRkNgmL0rjRCvBmGsEAYTcyjXGrBL4BlzvLTOjbHBwfP0uUbRUKwmRJUURt6/b1RjmY74gLJzuJ5PaHTTlSfLHTkX/NBcbQuWwXMlUWEzEuhvHMZw3SOCQxqO5OI742FQUVGSqIwBi9YR1m9LWlPmq7RCoMBxK4sZyjRJVbVRgGKe+KxoRSYjSasi8/jDN6U2XTZv/ocjHQxpndtXFP1TsFQ7z/VQFGmMJPpXFLGSBsR0Js9JB2DL7of4Jm62s3+qaVMgitWAoi+kTFxFDEKCCMk0BEjc+73Ta6Cd+5LU//L0vPbmXX/i1h//Df/7lz32FnjwZmXaXNxEW4Z14F7oQXcb6J+ufvhaq3A7sdmPIcMMxBW9SuGe11L7YqcPovA4TA/zQsINASpFtYcHLVu3El2okzb47O0nmA1ZbfTZ8BS+hZ6uG4492dCm0fTvBsAN7gsSmaBrQy4zMnsJZb0wyTDNH4Q1G8JukY4mrGNEuLNQrZTxOqNI3B7sYNqbWpLX+Jh8xkzDtJCJ0Eb7sdNlp738L7RTZa/g5g9kJWCx+ByboHCKX9HQnlDQe+OsRT4QA2VnkMo9/dLrFuWR12Cw6ggtY1iGRAIuyuhSa527wx4wBYYHT8SCfwPiSsoIVAtpcWnTGxWXFYeuxHdYgXw7JJNblH8HukXCxlsI0lqKB+WQSxdv4Q/cbC/Nf/Btv/OW/+/y9987vf+Xh3/pjr7/+8tbJ6WvvtVNHfCHgO2grEBIl51Wmoz3VMvKz2RABrbQ4ewRRCColThgszeMy+2brfHHRUtFZEQ0oI4TJYYqE59Mjd/pHs+Fi5jIeIk8cE8CAX4bncayQQ5ZiG9OnCaki4DyWrOOns8lKndOHBIzNG9mNaQBZMGHGsxgjCKhMT8FELSbX2CX4qT8yf1Ahg4RHDxBMahUdLdZRcyvJUwmpIN3AsYSJxu6xJbNlFwlE4rbZiITVgbKoI1KcD68s7abLE+yTLNMMy3UFdTLbhdG0mtkuT4VYu3Wb0ORULymImQmr2rCV2s29GRboJrUKgBGQzR9f8xCIAxmzKkFVrG5KG8pynT0z3xVuR2YOOw9JCxASfopadJoE6kZAXVX7Ybbw40AWD4jl4kdyuQamJLDq6nrAKFqLhDAgAPcnchwfFG9lLI1QLeU2awMn+AvgK75BCdCwZRVlC0V0RP92LKW8/jxCjPEPKQmjKA50rWDny9ggRLQTkTyc5SOvb/+tn3zty2998ZOfPf/0z7/9vxL5H/yZ1z/+entx2S9n2feeV5AI7RgyIcZC1IhcX4tMHNYQgRSncymr5XTw/Ci+1xXJ1qesw/cRGVd2wnjgRRdDV9NmzAj20YZGjAWQZ5VWaBaPRfbPApDSWCqctGQEh74zUStn43wLFESKKovDRE3jfj13CjObERrvZOm9EFETljaYhurEBDup43CFf0tzpEhKYqxujBabEQ7tBxrgZZmzuU2DGGBhCfPI0I7h9kLGsGM6qCnYNgXICecMNQzA8ev4S446cilcQm6dYehSDIPCqg6WWYSTkCTStyAQMzUmIWosIrQ1/tKbl7/4t97+T//mOw9yd+K3/txPfPBHv/clJnpxpm2j1sq5YsUYfnAiR/dh1eLK5ckP2BoGHgVS3dNyaMtK5vhBlLANlYMtGOIJ1SsLVWOB1TQu7RSg3DI+CgAEEGdU/yhQeaZBD2TshFY3lve+Fb5yzXyhossgERhSgl345e4S/BfOrK8Y/tA95LGrvVHOluJ3QUR8vTE0xqGjTMLamnmyijvmf3yV+IpVMEmbdwV2EzmYkKkbIReoryR6D/J5V4kqtGZKPzSswnA1tywMa5zQVTKp8CtKq14lJr1+ad4iTp9MN69eNXOOCZE84R2dfqBDnRhi433fw/dumKIy2iYNVfl+oIMFxiGsN6woaoivtkVKhNCyLSgkb2TbLVJhCS2C/4+qGD8xREKdkoHbtQnrDVtrgXBcjNUYJqVDXInmPLto1JJGHes3xh6GayhrwbS69VYB6mimSgzOn8OMqBbO/fjHl5mzhNVNYCADS5P8LF6YLq/r1YSyF5kwq6RMWlcONpiGtRA8jkhvWY9iBt2qu/SoEor36YlrSbuiwWmnjXKNpo7M6k7AghWg+63mKklRivadduov43Fj+plfe/4f/Cdf/PXPXB4u8u3f1P7tf+WDP/idz57d7y9eyIsLXURfzyPqR2RY9tiDELbQU9+xcnNQ4KVn6kCYYmF0xeV8mfs1MBjQ1xf41cFp8gl09pi++ZyiNprUoEf0T/rR4k3RoSNqAk8RAqf/8+WhHA0LyvGpNjJKAgcc/xmyLQFrYxT9JLzaWJR7epi2ymQXqtbf+WzcSNpQDmGy9XO67HLe6eKvEEvHjRtzG3LVR2huRazm5rIy0ZSDnZAUOF2J/0n4oKaUzGiqUNRWDepgZS7l0zQvdM2TFOx9xDXgEmEH8hJYjs9y2/mC7MNUz1Up4atD5VEkfJU4A6mSaM9Cmjp2qRMzbRttrZ02frjIz/3Gw1/6G2/89C+8uJz5xA//9T/2yn/vT77/lWft4bIzc2t4nIbhC3wCExlQWTimK6ujlQehZDfGaLtKvc8ipooYZgQ3qo4iL5BSzDjggfdKAgePMNeV6dQ0jiJ07Qr1fuVJFMLo41YrcjeOt8QD4pA5n0+YZnU/jpdirHj1CjHG1KUw5msI2kUPJmP9nIGLgBUa4hEDRUE9TIZjDrpTfDWgo7+ER7N7jGmI3WmKzRxGIvRZVspCAzivIogK1JQvUsXuQGlhFpKGTzlU7mi4Hi9LqG89Mj4HSWm+zCIY/6Bx4uGAc7nsCAqqJJFC/fGAAd6CV6uvFIbvpvxz1R2p6qTV+SfYRtFygtvlOv8c8+I+09UjCX7gTNJqmBiXaP1R+1AdTARm9Y4TnObJFyr7U/h75mNHy5QHk09OE29DRHGnOFNsCAfujbtUBU790YE2MsxLarQS+gOwye6vBv0aLzQEtbZPHYiU7XA7J4EUrE/tGzyI1P8HACEadabZJBEF+0JErbWQ+hrTEBntOY4sLIK+iB9DbLswBSK070RMp43/xadf/Af/jzd+8TcvL16cT3T+g9/70h/5fe/7vm+9+4YPbGP1srtuPVGmqxFjCmpf58yTifAIz1mVpztIdyXG/gDLONM13wpLAKIxnsZ0eNaeOz3711MgTYMqKxatAK7czbpaiAaVtSNHQubGBtFrIoqxYx5aR6TFoLrldTrGfWW9FUAwr0O/xEyNadvWaigkQheRy06XXbDQ2nNXZmptEifWMEVnPmA4RxHc33lK+AdU7XOqmULRQGbQksYGdxWJDIBQqNn/DVUEfFUdcaQoEDhCJN0wi4CmqdBEJYCWmMyP9SUfzYSiQgmRcShulaEh/AOBcsw/dT9wly7BwEf6TloReuPty6/89vm//Nl3/ukvvvitL/Lp1O5PD//NH3//f/tPvPTKPV120kJGcN3z5GbLD4itUs35PsYhyofcAGNubIw+hEwad8ElvlE6lJ2on1+13l4bOJwTzmJnL/fToidKo9FxSc62OnsWe5BD9mxWrqSgX3vySVUcMmUdZFgFy30te0nwr1435p+r8YoVEcg/V/gg21P+mQOzaE2KSCqbG0/cc/658m8IDGNIxTif1Q6Ehz49uIeBc6WmUrQ5D6IkY6a5NBQvPUKAeSxrPwUFYWjgTJgm4KsZzVmv5oIUJZFYiOJs4uQYzuVycVhq83GaoW6R7SYD5SucAkeKFC6HvinlwKokVD/skJDpzfKYrQVQMIaDs4AgorFyBlMb9TT2lPHpdUtnvbCiGGy3amP/wpEbgSjTrjgEpyg2Sr+m8YRZTUKWKdgEzFpTQuVCFhFYpb5JhEoWubDBLBdY6pMyg00ahXIYnMGE/PHlZQyeNGUxHaHNZB2qvsP6jjNrBFsXMR/CXHk1AWmBWzmaSSPUwhzzz6mB7Dudd2Kh1mjb+LNf3P+j/+ebf+/n3ns4X/bzA8vlGz58993f9vSbP3L3gVdP9xud2si8GhPxQKcxb0zUqK9x9VnzzIGDyqtAOgm7vc2BFCeTBvRiDMVGKP4dgfS/2b5qtGeT6IY+2WcTbbW2eB/CZrgv2LFQnCnkCRdGrRxbB+UVESLfMAggLaEYwSnjTt8brrA9JErU4CKRJwP9ciEzu9OYt621jZiobY33xsJNaDs9yPYObXS+PL08nC4PdD7vD7RfLiS7PIxTlqmxtKZwVNjsamaXbHq6DXaz5xOhjtw4RPsuO/XKi091f5OQxxxKY2ojcVGpphw5q20knGfSm+JFU4H7415T5RkHTlEM9FQdhNgTL4bpcTSGxLDm6MMeO72Spdp5BCCwPTmh4j+fdCRHPH8d6m9apojEssVozrFNBCvwhvlOxCS804Xp818+//oXz7/8a89/64v7V97jE9/f8f6xj979+T/+yr/6/ae7jR4uwo03Zo75d+cnlsjM/GD5DywFClbttuqn4KUhIvCpm1LHyW1Y1LFIC0cTUFsBRnKs+YegBVm8vApfpA8cUPJozDyVm9nYS7DndsU6x9DZR8mizuPaqmaZYxSEYcsgIFE7FlFK+TRdtySlGVsFhzBj1ERhCkfcEVd0ZZpZIfUH6D9dAqvadCV4pEAKyVRd79hittOaaxMRpTLN7BynyrsJijO8N1ixuMrZbrogAicKW39BiMMIy4iO41qOaUdlSDXXcFgDQtlSm+GEkvF2tiuK+zBC7ISkqDv0SftvK7oCXv548hZ1uSVm5BJbljhJ3AYkLnIwT9PPUOfENTyMd4DvRW0GRD0tscyG6VjmrE1v1rfspgvQDrrq+JCj1GfURLIYMfZzNNCiqPSb4aGJD7Je3uMJ+JxbEucF3oJRksuWjm0xaiGOpbytyoTH+acZGiNw6RXry7nicwSBAWabPrQ9ncKKoF+GybqOmHC+mn8WjIqZz6qLNrHocSG30cr1KLyHr63xm2/vf+vnzv/FT73zyV/7ypvPL89f8PMHOhPf3UljYdl3i0m5sQ9E3ISpB+ut8WD0aEhC3Nh+WEH0j5tlEbI4WPM9j2Mz9kagthG1vfAkCuVoJ7rcySOnGImLZfgDX6H+hmwHFBaFcDXLxmElKI6Zg4XRiwmKVcE2jiFifAFyCL9MbClHbOqMMHwg5TZ8UOzJlsKCapDuqo2UxlxFOinMxCyNZCOSjZhoY2ptb3SRbWMivtClnenJr75z+an9xCf+wdOb305vPjnv+wPLRXhvbecmPV9owo0at415Y+nLofYmtJASttO+B5bvSjYRD4Pesh7xmAEi6vnMoKRpW4Hf+mDSt+lGLsXGv5ADwByy8ssE2/g1/kaM/NdVBzdpeKUwrUGErKymOmRrEMxkmS2ZFBBzmDKFikvyAk/FO4+ohRN5Q4IRQ4z8VW+Dteqj7NZbbEINnci+PssistNO4yyo/oOuTbg1osu+89YudHfil56dfu+3vfQv/b6nP/kHn3zkVb7IsNPd3rK9582u5zZ4WPifF44WfqZMhK4GHiHhqSzzapSybutAMP9M+ZJNM0ZaMXQ5GH3tZh2LmWO3BGAJh4K0wvCzmyP2ZNs6puQwI3oTXQt8qqcJ/qLIuw6kMWZeRwVTrg42pQdIIp57V8uho23OVRgkXx3KAkkkgVV9y1EcsZh/3hKfo4SSfU7bXMt3SrVgNGOBLQ8uEC3zEeMBoucWPd5PiK0umdZUwrNgH4428dnDNKeK1xITPIaDFvNr18nAG9lYRptg61EoMZO2xijxtfpV82e9NEGvh7fK1mzgxmY3SWJnfiCITm0YJX7gSvQ1uFJ4aVayxIP5jPjPDSwiAdJs4i3EZw0gbKTA7VIg8P5t2TKB5DPn9zwEWtaCFeedFc7Qc5xlj0uQ6YE5vFD7+TrOtcr7RgaZXYhHT8lKjB10bw1GVm97iE3DcMxlSDNdPbh2uyMqZyi0s9enIEwzosceLla5bBTqipRbzsAN/Uld0TAw87Zxz0IvQrvIS8/4T/+huz/03a/+/X/G/+yX3/mdN/hzX7n87pcfXpx32S3/bMzcWHpQziP4HVlScymLBwdYSCtERBeh/tIHxNBJ+1U89eOQaKVPv+EsYB+9OYDpx90NENnpooIWapzpKQbOg24Y2iZDmuPvIXVwmfBLKyPVhoUmX6JkGMiHyzG8e8agf178t/ntFIAs+8jOG/SIQx2MZIkWoTfp/HF69w6hH3reE0X2Xws979tz2ZjO54e7090H3hT+7JvvvfMaf/TZ5Zu2h9PDZX/nsu+0cWv7ibjRRltr1NreuDXiRntrdtitp5M9rqGddp3CXR/soLs6dyoFTrFQgzkaHZCjA2Dv0qhLq5ctjKEK2iVSYQSH0eFrzmCzaV08qsPlBRq+xmVFCxFOlrYc9+GLqczIviicFmQsmW2+ejcTnLy84hwDYFpiowDdVLhrlJrzoWKmsK7dHVmm0cLqHKJ2Wog3OlF77ZW7b/zQSx95v3zXt9z9+B946cPv34jkcqGLEDNtzMQhSzZ5QKUYQl1YyjqTmb05xkg9++qOi1a+0UMPdiNjAVSoGU0dGXw6B3djOBuemJmQVqx6qANcATdlEjWFT5iiaBK/CGkiHzLrbNB4WMPcZS6eiohxzEPNCfiEkfvZqxkCjjXD6YVpiQMlhq9wmNPUY7QpsjhF7yBgkwDgey6mhgyvtMVHKflcJofhFEw2eZ1WUIlgag6SKATd+xup2HGoGyRm/Y4g6/rN2/hfPk13VjGT8326cKYosWtqyVo4cG5zlioc2hrEAo0xX+1BPLylw/c8ZWibeQBAKWrHcDHL9U8vcoAZBWCOelzIXqUlIcBxDpizxNvdNTjdM4vrsvzwbfXMljrZEdhpH6/RERPJPp9OFxUKzJU2aMshKjRTb0DSDgBNq6/Re6lFUF2s9Bk1p2QLEjkpj096nV4uxnKbYCGA+4MAvcvwrDtJQBfoLa9SWkqYDjxNBOBs81gjkIxsagCpnbOFojabHAK8rG+xTJV8p32SqWUGO7/CWmE7jAQTETVuaDViLcA24wXZMzBg4buPp72/g8fCIruQrR69/a588tPPP/XZ9967CBHJTvsu1BqPLYud/xrhQggrAzklmhlleggg2VojoC7zysroPLJcmBaN+eO0GAc9ckX9VJ2jURYQ+78PISy7BC6xzyhrumZ7u22TpAC6rD7Gp65DJtmF9l0lwkVAaVGq0Uj5CdAYc4zkP/wYmzbwDFoHKA/bQdkPl/gc2bAKQ+eLRHj8zAr1rJSZ2thRyiyys+wsexMSag/nuw+8+rc//R//zV/9S7/7zld+4jv/3E9+/M+e3n72zvPzWWinJtSo9crGxiStSWvcmFvTH4Hpa+uKYOfRbvLWb+/DSO/dc2hDnT4Zh/FyGyc2G7GkeexOlsead6dc1CXIYNAUehtjvssXYwI42Cpk2wl0JBtcYcYMgYYg+dKPdmRiQIZhk7wZIZg+Eh/NWYFNo9WhkA0adcH7DEUxVe1gscDhnVQ3WWToixsTVgaPax8roaqTIqf77W6j11+9+45vuv/oB9oGrwXvO11o5J9oceIEupWxbD/F907WzSsb0CMOC3djBJlDidQF7zA7PaE47jvgHZpHO0NkGsoVls5zJFNRasHMnKVnnw5uLsVjGHwa0zvMZQwJ2bhKBcyafUj77xYZVEEXh98grSmK7WfIc35bkKNtDhrcGERdbWl5u01FEhux10HHNUUmtzEwzRFF8jHswSgLuvexx5CkRha8NyW0EgSNdfTvG9FGBiqpjgkIcI7KIuZkjQA35MDV+kKN3nC+4VU1mpEMTiEvnq1HV1Oc102L67TAD2d3jhzCJdcKA45VVqpKZIab+2qvwyyr7kGCjJWB6fTe/xpCqqJFDYFHGr4H11sybfYY4y7GDOHDAfNd/W6r3Cj+Y+IFDgHvw5Xea1WGMWVLcuQB0bXrsdpVQlhWrRY3bY4wswpA1DL5MvViFFl8Xo1rp1arGsfinINyuZURMdYtiRZiNuFpwRFKzS5HcyAiExMx+XTSdHmHSKgx7SL7Tq3R+57xH/iup3/gu56qJI++TCMhZEZ+XL9EUzUYPH6CkHHqzekjRtsDe7JsjaKHMpuNhjt/MDeS4I5Whb0N7iHFXlO8BmUPqgUOkwrsgU0AW10Gg1NxlzMRSYHBJhQITYDSMLEvBTeLS4hESB7O5/vTk8+9c/rLn3z78+985ps/9OxP/eiHn1J7eNh5vDrcw2Q9fIioNeL2OPsihruz0DXE6odeIsQrFY3IXGwUHU5Hvgj8ZVFQwADghuEOLI4F1weKFdQOZBMEKHUu3DemIoRBzjQuJzL6MK4pk3LG57nnAQHkCSrOYgCklkd6wnkRbnzqFqzRNmCbl9ROcLZY4D/49LoMejXoD2EJWuvCfSM9vj55MNY8FyGGjhlFH1wjCn0FdIzlQ2OMchwbGurMc0vkaboGIuCv4ZGkD+uBpztCV5PPWy7WLaIEMVJKdzNFhwX0ozDvcO/h1yP57CZqBLRxJ8YEBHpR1e4gA19CFEdPRBpuuI2KEVE20cy7zG5kyATkujwX3SdQbG5jFbOVwKgDCLr/KGbm8KNqoJxR4xYNuAIQOtCFTuK1FPQUUO8GU+tGw8IQzK5OXuJCKfqzmll8zN7Ad24Q0UB3WG+1blUMkoIu1kwpMyF0cqkBXxjFFYDOVrvnBjAzXlosyzNjTFfafKEGa8weMYEMA0MOjslkObpIOlK+ZksSIJyfiGoMDGdKRQphjJUVS0Rjk8BAjpsKeCKKDq+VHHaO4Sj9n1Cz7hK5QK/XhgMCVZmAjcbDUgjPgd812koXa6uQZPt2RGSa1ozIRKbEmyjVHkUElooeV+I/PuSpkdpq/ypCTG2YlyFLbWOtmY98Dn//s69DyYhBvarWlUFEGogTeiLxIKiUZCLNqkL4CVM3xyzrkIACrXbWC8bH2HA5AN40U8CWl2DkjJ0mmYGlrtwKxhDjEJMt06hQBlthI7t4lqXjytFM9hjuCs5CsOdgM4l6JaIvgU5VCJ9ouez75bLTiR7Ozx8avcf87vN3LvuD0B3tO7cugMxC1FSqmWQsRHNTWSgdJtreeMN0xLQh9Jf+XkUv6AgRm9jBTMP/5k8IFMzkxmYuWWj/hvcnpCNJHB7hkbgB/3xJ8Vm9ttHECM8RU/kzL6wC7kjFAeFo4aTObnpzxhMhBGKk2xFDU2KNn/IqGdtzGUaHLns/RMp2CYroyd1g9K44qfkqbb8pgJWsu3mbXeG8aGnhRPBQk3hDqAAQ2J+qeGsuzc5vZrNPfeXa8e5LH+GQDt/HFynMfkhIvW1mkBXW0mn8iyzOKJ6Zo4YeBMd42O9h3BzkE9wiOmK403kFs5Mb40KlLUDh12Uwec2tp/YzhqSMtJm1r0SFEMr0Uo/zM6YWhQBHM06VVuSEHFinoxiwwNW0wGiqXbAD+RJT0CLPV8SH/Y3QyASQyJDJ1a+reaBJY4WqoC4rDm5q4hAWKpcpqBMNiUzwD2tUIRIasYirHlCdJK2bDsO+kJJp0JNR3f8N3gU2XBj3OfIoUUul7YBG4+9wxhQuP46x8M03fZBAzbAlPIIpw9w5lPEWVyIhOagpngzXMXCpO0UhTtGD3cme1fyfxaXFG4Y4RuhYDh0eBr9VEjA7iXVBTNO/qmZR6DA4/rL944pngENGGDA/jhqyha12I4S02RsuP3tfQC/EWUSoepmgWgQ5zLVl/liwqEk8vDCnHPF0twToy+e1UCUIEOjBfs8uG+tGupTrJgph+9f4H1iN2OE4Zq0qxdOpCL8YZ41yFDm54XBHTSTg50OwsWBmTW8m2F6ShjL8HWTHj4jp4W+Nab7pY6XAK9IXpZRxaiN10KcamOqF4hhEhmbRwtiHUt+hYCp+mNPpcmn7TsK70N5OtDE1y125tbFfVKfEnqzkF8ZTm5TNLDJfpicuYUlqSEP6kK8R568jFEm2GSdVWEkIsqJykjJEFNIxeKBocj4MwjY3KywTQAdB67fQOE2zjQN1mgQkp9MtgQGpSlaSAXbF5qSHS0BPIWPKyk1XKbqpgnXaIRFdiK5VR8e18oOr1vZp1cXC0KnvJHHJAVI/mSq+zueRVHZ5QYmLgGs2pGqFBW6knlVclBE/iCvW7uwG3pb35EAqUqALqY2vneQqQI34I04MOr7mNLVscIzPiq5+q8JnzGMd9B0EouG2ewdX7wVnVph7n4RKTNsGeMkSjLLM2DKluJT6+Q1RFHJjxMQDp5suUBc7mY0xwk9yklJQTQXdyyFYpvyC8cG1jCcwDSZlLLiZ5c4ngHga0KBOq9hHWQNB5DCKtge5Ka0hfp2FqSzAQFZt21z8EK7g51PyOdHpbaxjkrgKMacayE+oS/EpX6UX8EABNV+ppHk1URFGFXDVAic8z0sgqsJwubo4hwSxywog6s9Ab9joPptHwjAAhEgnDzKL6IwYfs3SCOYzFx1J5XxRTyIi0+04DUuVRoVPMUA5mzbkCmBBF2possIT7TiW8SGb0WmsOEqvrJnLjQFIGKpE3psH8cIQRw3akTlbDoAfFllFx/kg3optD67UsQyv1sCrIG+S9/mr1F+nUVbBHdu3I+JsEiZUbpsO3NICvRbamMXHjFppJXrcLCK70GWXfurTLnLp3Xhn7r/8I9xPgGVmzzmVaZVVX1wyfVA8ub7fsZR8K3yehy7EqRCJGNLDHbStY3SO9/GbGSCenyEgeIAiWiG2sFxeF1qNQplBk0UMH4CEGo25nzULxx2ld3Dw8giuyww7WkxWFEB2EE2eVzT2lRhKWeO4q+VgToL3wFFCjrFgRbGwJhRS0KvX2IhLBBtINJ4RZ5WFMUHyUM8tHstedgBUpsQlhMG6MeGroGVlLhjOJk58gDDdA8UbwDIemySFKUtIliuoGD/LnGN0A6V+vFwjpShFpRMvpWWWRqDLWZ0ezYD15jSrFfwIQZkF29XnIWZiySdOB9Lwcu7pUUv47WFm1Wj9q4NZKIKVH/s3VQBk0VGhxI9WKlzPzOeDKy2BUhQeLci5ymQXN2nWPAL5bzKausPZnJWI9stX+ASAeUtrR0R0Cnv6IxiaVoRSVjmLy9XiTVmRmt9gSoPGGsYwFrW5HNK1zHBw307AJ1YXcseD10G7nu4+5QS2OGQ1nRbf/5PFHDI6jA0nj1wyGdIMjpMpsMUCO45fZL9ebzMv0rdAFI/hS7RrFGSK1g4jYA6NBwFTReNqte+4dhjS9UoGDqonRMThtGJmjifaRAw7+9RJDzJzoQ59A0A4Mknd6h9qWY8V0FvP6JH6+/R0VTDqsjQcuammAausaek28pX2iMQPh3xAGMrrslVawnP47Caaw5Mbr6jkU/fHgnts+xINhVMwO95Jvim3lIqi2CNHE6mL2Vt0NdhRp0PwZoRbxZhqG8dGyvFVZCfaifY2fomDSBc82VY+DwkxhnBCIM6vVdLNsV6Zd0in8WHBMWuZ3N4C85XVvvIUBz2k1K9KN5dDr4AcYusg045s5iQFgYTxf4oTJLSM2BrhQsQ37KeBfbtkwtcD2GkjDEUHmF3JHCbVri32VM/P9nBVK5zNbIA09kdLhsDaEnLx0mKPhGgeO4zRc1qbRpktSaec0OvFonbJOsvEjgKJOdoJYbontFDALYRkBpvdIkO0CQxcdVzU0Yq8i3FZCdrkZa6K3pWfnfOWxFIEgaiQxhJpXIoySSNaD8/mK6LH6N7ZYtdFrFgHPKSMiplIlnARfEvInT6AGeFcl5IwXDj31RwEw+6RhDF6hHE7qGG2ZlVmZGbKQ9M5Ek6oRpKHh9Lx86I9ilCwEUaRGjwC1vXtIBSlAjrHmDA+go1sVPwiZSQfwrk8kashltAEOMhzIJCuMoEJDVa3s+lZIhTl/pialHiTcUaq0OMoXqZRpwEMr3u/Y4AKZ072Vi27AN62Cm/xAETwN15rD0GTcWGTteRpJ9t6nV1f1aVRTh/z6uvpaGeuRFly+JUo0Jg9dOqIwrPGMBc+DpB75LXOId1U+KjRZjB7zZKLJsuL6z/MwDn2hhM+dF10mTRLKbsXiJA10AAK8wu6jbKr1y0cGm1Af6LpPoSQNsKGZ4IURbuqVKengS+BV/586uhiwzPuEZDOuzkQ6aGwTgFd6HLhnXiUhaDqo82i6MUZRYGi1Kzgwvp+cbHSWOl4EhuQqHIKoI2HCplji468fvpIihaXzQWhVZ8vmGgTCZggRDIxjPGL3lFG6ZuYsY2O2O0n+slpymtkpTS3lR3kI4AYJkLFOT9dwL4C079e61qVYvQSxE2ldvxTsCDliPXD/G/dZSUrYZWvRvrKFdn+uL5HhW+pbq4al22omOh5WWmFz+1XnZ8oDmEl4/CKtYw59l2oxCFmV0bROyXmigbAOeTerVdwn9GkrIOqEBTGsntsty6dLCboCNOV+FHAOiFzixStWkj8XA5fmpd08zTqBDx+9Sjbeql/i0aILInOA8xJvOBcKFQKdY+wno7SAwba2OYDTWvl4TUxCeiNfSZ+5Ex3eNbADuFgw4dE1SsVLOeqTCj1KSbKKzIr3pcip/k7uHwxve8VUDcYrAlWZmIKuhTcEFneJItKD2ulpOoiXiPB1eNQRzo2RnMRps/VVOrjCgNZLGCWV56I6STnPv+WNdkMj5UWfRdflCkHQ0pCL0YeXcZyubc7S9cg1YhrpFllayDNPU+rF5Bd9aYlUIpDr9YtDV8oLDJRXyWGuCEoY/jwyIhAwDboz+V4jsE0lMX2fzEWPWPEZ8ZzZg5WxsvTM8ZwZgiT5uErVXHXvKETD2OxT+o3gt3EsmFmhRgraJpKnPdYq9YxYAv0BB+j4bEqp+bZzb/JcvAJ9uJXPLMVfLjfzvEDoEsL3KS/9tlL2pb9jx83EaLtxK31ONoZO/RsWBQKLJX+05lpi0lvPE69CnEHRDs3SW/wpTrJC8IHd3C8lKrYcWOGZ6BlwDUmC5JJMOiUAaEJJw4kr8OuSKa10qbmaIdbVpEgCpKqnJHYQUsMhi4I1eBTt3BAtc/KGE7f96QQdwQZ012jtY71B6LTIgYzg8rXKIMcx9PrDCaxp4SPADxgmElIVkSqKeXQ3ogl3aY74zGpJVpkQGlOkmcnPmUOSFfy7OYGZs4UWWIcvG45eDM5vkOZl3SiD7weXCYeaPg0figwx/XJ+etVfOKAGX6KplJKmQ0uF3sDPQ63NoQOrWsLTFBccS0wQ7DggEt6A4QpUyDFINEo7v/qsCRwxo2xmzGyEHAYKo/QbNocyYk0pweygKB8Uf5n4Z8vFVFCJpgojiASJqvmeTiRhzw7SF7b7uvJcMOQxCk2+sOenr70GktYLYh+D93CBQjfWk6om6mKeiOBFYmVcAdnmIappNNrmzLhDHoxDRpS4YQ0fnWnrbV16kwTDXspOmvKPBVdBnKYtOQtvlPh8U8Ab6JWXCtDhdL8VdTSLOCb4Y5xURBBrI9NpyA7iwx/QH4strdciZlxYFm07V+iLyxAT2GH3YdHPV0sPxcwb2ACq4jOUBx+xOEALCdFsCHipdaJVScOqVgI0dULJAscj6qZRqbgB8tRovcsBrkFtxj/RIYIWgDyj+wxb3hJIIKVCfOKkKRkWOMxlB733ux8Sf4gMj8d7z7FXbecjbFTrKfjaWCAAwK7koNGNS2IGuf0UBPaaGvbtm39sCEeJSR1qBiphNFkZpYYwSFm/SoMEXbh9AHdoo3c/dssouVCHN6ED7onGeJpCU3WKmBPufp85WI75NqitqiP9s1QZe0IcRASMvqJC5HPloApG+lnoX3mQ6PftwqGTO0nGJNwIskYI2aRLh3uV+F859QC/cVBLyuVduyMj1nAJM7K4/HrmDmKkt4TuZ4+pQ/zIx0KdhYew1xYjFsuBhVcsvp22MCKA45cFZLba143Alxe10ZyeVlDlTToOmTtI5Yjc14YAAhTcQ5vrgKeRXAFAbwsHsXLkFGDbVnuTNn1aVtJ6vGseVRZtNRM6yhcASTt0Srz0oaYzV4VqXK4E5Ht1K8CFV1am8sk4pYr1KEgYexTzrHvqP9oXdXLj0dTA0YN085UeQJOZFn3LhxOeR5EpstoqAKjWSb7P+j+YRm2WKSlUQkY3ZNSWVQ03jG0SU7Dr0s3qUd6XqUNFkUGmRPlgOXKRBAgjHhB38NOQjBDpvHcXGAlVNk6HARtElmS2bgmMxCoUyBU4EPgnoF4GZF2Xy9hfzMglDNjDcWkkGCsAwzl6kJurry44TBBEsQqKsItMBVf/9ipFlX+AwyPU+hYZTQzsjTcZJzO+tfVOfwuEgwdyGKNNscofdImikNPjdb0m6vkZIJ8ICdQhmVglNTC3sADfHENbQKsYUnFpSEw7N4XZDFiAvECjuWojWEGPujsgZBuo8aAoJupXmz4Fuo5i0YUThc+3EGhsQRY3OT0G1HjrbWNW2Pahfqv+Wh1eQQK8IOmExqKt0pLcFduen3JbPaehSAja/DAYj/lAzpx4Cm5PbAxwf6J2rG850pIJvctMJdRJCIKx7FSFS3gwzlzHr5/AqBMju25+Ix5Dd7CyTRDwcG7zmDBVOo66vg7CgYoBZwaPcTAtU0V3pC6smQx4MRw0HSN8al0CSsCwjkKuOI1gDwV3vCLADHKt/v+Q1+DQczjHTC1DT5u/1kIcnYEWiqtn9EuvH/1OxPDx0Hjr7EwtHp0GBvgzBfIB/T6HYx7J78/fSpupIdfhQueG7sRSqsjdnUSyuxRpg+a7szRYP+SgScPmjBBPNNcTPk8AkxzESUqDOQxSf89OYaNNclERnwCwv3m1Ix1PLEPqWMlhKtRMweAdVM2oYR3IVW35f+Tx/l1wpkrSv7Ef+0PEBMMq0KIVQA/QW4RXGhK6sQOiMPhwVLjBEf5VGNFseXaSnitAsSdAnxBKbQU1G8qoMDQ/lW5FdYqTUdk4JqUAEh2JAMhYnkYReoG+cHlUHCkhdqPZv5eu7uK0AaK2czqG5bmBrlUZiMCDocmzhNGOhEF067kDxdKlX97qkQ4951mwQQilwkiRXazQMZkbB4ehyD1tooGi8q+Or0wGCDMII3uzI2LsUvNruo8CZoOJ3BuJGMaFQdID1qGDGFsAMZO1fpoC5ChWqOt9E9bMzoVppyhxiFiLl63cJg2R1coeSoFZqBPx0hy1TBGUba/fbodPKy21DJGEzshboYQLSkQ+gmGjsHSUpqUUsNFsJiov6c2UNeztYMhisJvlTIcBEaaAkj3/JhvZ+QkbPAtLzMFiCFzji3miErUv3lCtxFtTK1xa0234DpuFLm/1Pzoywn/DaGMdOk0Oz2BLaM1bISRG7v4QTvBBuzzYvyB/B+X3VNGZ/YfjSmv/UXQ0yALC3LUE9DUDNyCKnswZm4S4Sc/h2UVgambrAqawYx+VEzUsR44CTS00GCczpMS0ZkixUBjMJ+9RPWBJTR3nCU/4N0HVqMXxW8mNjv0adB8RxRPXYQYby/AoUyiVYzJ6olDlEx8IMQaTI44qaMFMMeYY/iH5BfCDHngijkrFSjNJj7t/6RMBofId2DsNHCeLPhyC0NWV5kMzxemx3YrxBhTZoiARjQUfgWsQO4IYchzuLWbYkJ8hKbAIoPDDBwNUZYNnSgLvG8kIUVleUQcGKCpWQ7TlDh8QAhFvRARrJizWjVAic368TSVicw8IrgDDBcjLt2rmD/AECOcfHZ8/hAOWjHdqMnVhSlKmLjGt4QBAsvlENktLc6Uijjwwiotx14pqCg+B/WkMs8RRD4OESKaR19Fv2NQuXByFS6gfaWPXbEikoau2i5d6fXrBvv7qAvDmiwgdS7tH2YxWwa3dPNPxUWs/ELVuKGjpskp8hD/O8f02EqOZ2Sx0HGTd8yQHKQlR4UoDWanQXPTYSM5fO3VJel/DoTakUfjmR4lBDBnKKV9NdaUfGabvsKyQgLz5LXVq7oePprrcmSFr3AHweTfHpk2Vw6l0RQxStoqLfJKCI40DG9jpq3xNvJPrnzcjUaSC4oefS2VQELkiqRg5J4tTAYiRjiCnZuG2F1bXperK8NTZg7Oniza5KcBPAPHChWkzNASqWywJLSMYJ3ZAGqKxefEMmBUm/OUI60aGMz8tOqSlisniMsnx1fai7vatF9uUb+OxW3eioDNj/Udqyr2GH0KpoOZudkXF9GdwN/eztvX+FBWAKvIl6g83pMWufpju9dhM4WY8BFXjIGP+rJWiekRknN41QM+gi03oDBzDLPMg0i1WBWYPtMhtk6ec3iOVSarCkgev+FMFQcFLOd03TplJ9D4Qh9WYC1ciKlKzG2ueUGHF1cNQhXwBsNtXUaOFAr8dfuMJ8ANAKsia1moSPkZ8Ae+xopXwFnzgz4QBECHekrxZ2Q1/WbF+fY8cH4UmI/kzCEoR02LEIx1U0hQU4fsdacyic081yuKJMkD0CIJW+wYhxsiCoGGALuYdWtjN5cV36y+mPBJBM6CfewdxdbPsfZTWC4bp/pV5fnrDUb/KmJExGHxBv7lwlzoq5saL06sUOQ5dDH0e17vgZRxP25KND4VE+KDESxcEBt2uMSlK7EWv2Z2RgIxzIW7LkUHPrLMyo5dRhcLxb/WNSuODiJF4cOOYWa/6T1t40B6byPaQSVAJwWhSGws2QMhEitJ073XF/L8kzfmjXlrbWtAtM6S4ZvPQuAocUmD+j1foc9IKQuJqP/YsQ5Ci0YBSGTgvMOtFAwDEe5jIhH2QidnNOTQuJFxmuvfasASRRZ0hV84jpzsBmg8w8OQRmucp0PDM9aNOFA1r8yErxQ8jYlU2ZiULY5ab37Da9RB02+O/lcV4WneOq+5I4MVq4OSzYozYVCwpl2J5oR5FT552UjvWgeaZIWuuexpGcPHwvqppWqZkImNHJXkuPh+sAQ6owRjlB9zIn3kdhOqCA0QTnASTxD/q2Smqocl1QeJ0Dq9t0CseDsGQVDQ+ToWskeUBNncTbnA2LtMvyZIFXMy9iDtELF087vsgjCdnzHzhEAG8IyR8FHRZLrAEGRBskPRYu6DVi/8U1TnKr+tzsk9GSIM7xjOfq67gM6WgkbjYQOc1qQnuqj4XAQKi6BHUbyljMbh87Wpumkuj4O2Neir4z66yFRG/yaguDmQ+zt3OVSRaTISBl8drTWejzn33PTtyN+EaDb4j2NOHvuwAhmOpxRUCa2jc3C+nGQFLQej6S35GiDmqFOX6xfGiws8owvBkbPazp+PRj50b0V7wNHL5zIxBw32lesm4xHGz/3nTGDqFcUkL1EeD3DtmrE/WkRM3/jKqHl2gxFdxRCVLYLOtQjXuOW+5UBB8LRXsbwwXVidHAiAJhERt8Yb80atNS366NxNGecEPD8MKAGfsvir/wtvYVCaSoYpiQ5/ctCyelJcc8wN0zxCiDm9YSI4YiBDqIYpjgIsxENnM4hB5Gt2U6spD4nVlOMcdl1cNn3lcEf9CmG5rSvRDday2EIy/g4rJ25GLRiQSo6vXb2sOavbca7FisuBX3uUaZ6xul39r15rKr6msGilSrHN1zJCBnQlHIopDd68AXydcD7mKnrJNWBXaupU6zWXsZ8V/R9zoeTPSWCh7DeIzNdlzhGro3lnjiyaBn+sWTguynAV/ICBrzrfNPypexVIaYc/h2oNEdnPsg3vYifQqT+BLkq5pr8Bn5zED8L8oM6KkEoWU2HDlkUg54G4wV1gFXPcmj0emd2pCk08Xs/l+JTZVykFsBKoefdIyUWsz4hVZQQ4AKteEuOaFT1lyTAUxX1elW+KcIg4R+gCv2czMwdHyW8YZ9alOt8t2Noasrespslae5K/Tkolnp0QyoqGBoTMxtZEr2E+TEkq2k1X6jJTjQyBE0sGqmidD7xRCjtmUVmUkIMau8+Dh2w8Idp7U9EAd7SC8Kkvi6UXgFkrLzqViVe++OnxbWesvWFoE+qE+duHbpDgLJ/kzjxc7q+d9akLYTqc2zF4FLFUZCOiRDJTpACiyZ1ugnoOC62MLyfL7Ynj7IIaZYOA0SrW6A4moUKTDTItrra2d8rxopnAFPgSyoPeCwzLBf5BjQAEJiI78vbUWqv5HcCBThdjAbq+tI4FcltpHIujSfNGCzN2Tro5Lu5BFFKaKiQut10YkO4xOcHc6bRFe+3cDOtIXNx0z6NeiQF4OlBCRRR4NbaDMFHWL8dQRasbCZWgDpBDG2PLbCGB2uISl0ZWrs7rvYhXMB9uiILc6j07QdDJn2LjKOSVgmfVHrrW+WzYKI396LewDq/ylV2Zkr1GwNCAqMxtZrX+k350z8XLjEOYC3cIy9HJ5UdtPgpn5chuWT66JZyrm0w9D5I0EI+uk70NmUec6Rpwevc8tuiPCom3EfjV7AqxmQlXa9lVOBG6JI0qVxFTeMWsuz7MfE+jpFAK2eoQV1UDbGmBHDgCrGIiyINU11jH48QsUHYeKhCMfHUCFi2YtpjienSiKxKLga59kPhUH6VQYZy+EM4FUFbNCkVxslIO5ZC71AQjAWMM+IX79lVTZiI6EWEvN9UhsvQnE4/Q6+gPd5UNshyw4+itoncJeB+aclRvnrVdIKTN7iQmKsxEtO/7gTRcqdL1ISwCQKE8cMgAXVuCasG/aVF55sPVa7anRSlI/P14A90zAweEPNADTkptH8mn6XR5gE0k7WDS8RbmdR7yRNOI5imbPACET4/ZmBws4hYQw0eYgsbcL0D2uCpuavQuImkSKlFclkj6DIinf4ZJcmNTqIcHzCLQzoUwJ0REtHegYfQKtzBoFII4YWTuAfJcbHg4aVx8K2SVPUqdG7EEQl20TFYBnkS2ZPceL8/kveekkuNhmDIS6FJFCXnv8Yr/OjlIO+txxCEWAQQMorHDMzTDgTNKKYWAVrklBQlCpInsTNfBBP9Nq9YaswjJ5IpWl7mg6PbIyYGijzdF19WPayHSrCS9TjdIG33wdiwZAC/wACw3G8bNyE9NSNwcsoK4xmS8acWgzDgJ8wiiHkQNZXj6acyMhj+N7wTbb3QS3KQp+CtDrinYEFIxJtZjLSfCnQF22MyE2kSFqYbmDBlawiR1n5rlt1GE8tdBBKAObQKrV4PU4U2cJ5Vc5sKbaw25320Dk7GDMeS9Bs6wWxjbgbHNbKpRTXN9cK3Y20fHQmcK+QL85F9LsFJJGgcTYrUdsIRsXWdEUWLRHhnrEgtKzkiq505d3OouQhGU7xlEyUBDP4WGfTLNJ834IFwsYORHtDwsIwRDol4hzGZKBzpHlQpiryoymw1HesvPS6XGuY6msQR7UEBJlwmDkcFxOvK8wBYJL5QbNknCYwRV1pLKoMLjFAyTCKW4ZpR9bsdxG1rBLHOZrCA7N9WfrrYIw9VZnxBI+cHoUShrfBbljQqXAkTvq/GlBC9WDnlV8kzoxi6cxzHsxguVAe+GRqIkpOhwcvwZ+HHLVNcrJi2zqBjnBkk7xHE8elSsqp8l3ZYpsNbnmZAgHNFF1bZ/4Mk67JV3g71LsI9mlZayZ/hgGbUQeLNRIegchoxlEleGvxWxbNMXpztyPy0ow3r0dUXf2L3R3Fpg7eQW6Jl8CcJSxzTh23okQzC9Hz5PUR90YX6WoNfiVwxyqL8lVgG9r+rC7VY8woj+uRFR45ZqAYgheugu6wFVcXVMAhlaKbDxvd8HIe18z8EdOHi3EqBBXmu2v5HUWjChA0WH3R+I0j33mq5F1W/8vbIBMBj7XoMaUWIm4oKo3AaepQjk8WJzY/uKQ6hrV1g4B0OHiuQj9Lw3N7W60EKQ+z+i+eDcSuBPukkjQiwN+xi9CIREraBFtigwHJ1oHZcb9twDaP12sxNPSFafoxCSh44yDfTVDGu+OuXnPfJTUzQWnTJ7xX5wNiLo8cPXdl2j5yDGozm6KwFwNVmPjeUnwZth8qHRwlWH9ISyBUKaRZDbOZr194MyLtny1BGjLWNcs1HLrMown0THMk+CDxi9zwna0mWADIcqOVQ2eVp0l2xM6msy7UfzeEIuwt5OYrJKkHqDgxRON87RNScxKjRENP1ExGqFxAZkSPTN8KnlGx3ncc0jj3BNwt2vvcBmK0krdY51a/BLlS2EQKIXLkYMJHo2gD8lAxnxIWdIwCCyLlFUkwZT4gBNLBLrcugz7lWEDrfTpwNrurPyoxfE0l0tQuGLxk1jOCch9eLErhukAWgFBhhiCjwXVgMXyPwT0CVEjKvnDHIRFh/Ef8k24BEFOwzI6vtUHwJFSjsDGzPViC2DgUs2hPymUZY3X+cYd3hvZx1CYja0w9oRwcaStH5ODtC3i1BXwJUWZyriOpWSpJz33/7DXm5u5kHyiLWgxQk1v5K8Zthm8xjvP2fRXs6EjdABiQl162k4hI04amcOrKuaTZW1yDAuLUx8OtDs6nJxrBt3Sbd9lxHX2RI20DaubYArF4LMrF+KdwKVSkIdT2WEDIcdJFXgf3fH3Nh7sqHk3PSotjpc0Jic4vi0hKKSv6jn++7DwnoDQ8awhUUEy+0/Y+Y8lN57sfCiAq1eRIQoo+GuhaeaecSxMAJmDeEftqe6qjoPKkQ0C74R5SXHADk1W4iX8SgQi8/7DTvwyxjNNG0+WjI2DB2LgyFmHZmCjEO3gnFIZqFxg0cB7W7krTUKZ4Gbql4V/4jNOMIfuEIQ5fdgRIfjX9HFm5S4xQND15PwwYtqW5AyEFVhjiQsYpmM0RpJB7UKpAeeHLZFDC+mgaIbF8rX7LDQPrNii97Pbqbg9qYLx0rqwEwi+/RzNYFUwHB1uddLpsvDEEq86FqdtCi065SmfAAeOZzbr5SJJSrSEZv9a2rKeciZZC+nBqbmn0WNgjzhOYBH803gAEZD/f2VsOAAana0eamyLBGNmr2LetVRl4NrnQ1Oo6bQjQP7kClHFZc1DmBIagkJ6My3DjpXredlt3qksgU2fiSxvQ8ONMvTwRCYP9OI9RKqS7GZDU0yhFmY5jCnF3QXuHUTDIHl1csID3czhFVNokRDFdDeZLQHGYjKypxJwDgVM3Xaikep1TSdK7ldXleUYh7Ug5tkHFfWKCS0x6MIMucmU5OSBERUh45ClwOqODqwoSz6LOrKASHv5fFIRqyAjzNQvtW14AeqRK2bV/C9urkIC2oLHI4heOEGUGk9KdiX2EVRDgIqNE3s13qt0EiLHo7OFXWBxOZ46ycRkQzqkpmKwjbHqSUDPB6Pdxc+Dx4ELzkD0XSkW78F85fasVDTqmEcc/6zhFGpWUX3VUunhY9r7RbwFkrISYpJqEq0g6ANGUC/Chl4B5dDz/oSk0kpVvy0UXF/0rTjbMFjDw5RawEU/QVzir7Fhsby1/LCArvnjy4uYULnyN+QSDciPhAvpHI5jamiGwK2G8UvQC4/3wYkVy5UzeeZfjRi5cWwkrZAfBl3lQhfG41C8Cj2vc8HJjM4KCf0DslfEX4tGhi9rzepoUPXa/EAzO/t8LFpkJZ0nWyAWWwwrQ+dRxRbu55jA1RzdSqrFGt0C6bg4lWq3WKNUfRH0MXO9Skjnwp5IS3OxSIEGDBlIY3nSmzNAQOI+PtTWUwYh5swBAQYaAhzgJyZnD6ky7TI6cVzIUrBwLBDyPbnDHDmnDSCPwi1OK8tFcWoXMKo4Hh5L9XqKpg8KluDyDGd1bZLkMgitGJDT8uNwZcDupNqF/sGLf12Pa3DkL56owvnoXLsZfeOT58YlNosHtoNZ/m4xBD0FJSy3Do+JsSlg8MHNfpHRri3SeGqVG20WGmcP15mD0T1ToMdQeT6lJgYu2xDWOW7WTCpx3q29ZH4iy8Tfr10XUyErQEbM3u8AlPsJKjnWYwSIBtF3fKlEjlSLfZ7G5WSmvTGQX36mfyl3lLBS2y99pceDqG2P3OEOsQChS5paLcDgxiOYiA2bX6zXBkYjSu0ERtSEWUiOz5X5TWYl7gkyfRuUgABAABJREFUMB71cuoQjEjuKFXwihMDc54FL6iDaFiNZ3wJRFaiuIFwMnE45Su6rbAWENgoYA3601hmCm51iB/rsmnRUHREZ4qRhf8oTaGh4DlA+vromKbBd50VPUkYDqGhUvIX+o2mEMl3FIcrc2IGa2ClwS/TLjRLJrJoh4aQuEnqbf0c5yEh5C/I9S664Q3D7/679um9R9LFU07rqI5rvgpTfNh+cuWpXTS4Ua2Uu5NegncME2rAfMkLQgwaLARvg4jVwXYdliBR5sqTlOssC35N+eqcdjoVMHmurXP4tbDq2XqYjE4QupHnCuDV5DM6svolXoQbaI9DYEQ0PCRRmg3B35tJuWXRfEwwOmik2j/os8CrW646VpcIFZvDRgQxkQgUGqUIFhdBpdsAM/Pi9PR4xUxhIZeAdn53N7qhEy0EqyCpt0RnnFxa5eFwa5bLhLJ+zHSB+4RJdZJViJa0V4E8hPduN9HRgXXB/jknjLII0jNmSTQainHmiL9nPsxkpsQ7xgTdb/vL05FGwlmkiaMrSV+lFiZ42EwqOYuzICOKzawEmwuiTNEWY8rUQ4fZhpqUpRFYDUE2rwc5TGB4HiArJcyIRP7rdCNFPIHEyASxJo1x6tqpLxQPrMZbCnX2npxoV9jIAYnSGYmmY3bR5OnDWCk0GZAlzbgPmO0aGJb16JbztMkZpI2gASx8L+1+afo8vXSz4SeGRuD6dKRSfpZP3K4msT1QAL48IAMlgBlnD+ziEFdmsbpceSmwVaOZcKeyMTQSlehZFz5lkB4CpcoQPfbqxof9yPZrl0kgCp6qL2ZKGpxdx+DKcPicCeRqDIoPsU0JOLhvoiz+aCujBwlBJHHWHYdvoEHuh/LigPlgMJlEJEtC5DbNLq/0YvGNjEovUFzZf25UiOx8HVRKDeTi77uSCaMFciYA2BU/sGresc8h1FxPmXi26hgNOFjP9aMTKljhP8QKLQPoHACMlN5BBP/OYtvwoJTg4U3W32yByVoGnJQV2VUtghOKU7+KXoBUTnaYBsMk97CnEoId85lcciYz1/lTXjwtsazqbimU8o9i6u0suprILdukqImmmAaRt6cAMKSgCiHEb9oUM0laz29G7JC04mkRcmCGX3c9DD2Oro4iAuXWHPwUhaplWQYGt4yJ9nVOl+zDpHtB8KhuCIHJFCZKeOR487QPkWiyaHFGWmxfSRsfYDldKRhkSP3AIczRxjWPUlyrtO3q5Y1jDs+xzeMFYhqoTwGuBKoVy/UwDQimSpUCCvfqKbiqPJKClZsJzCHO+HDEIkgXF21EY741PoVfkfAKkdq2g5Ow6msq+Qu43PlDjQwN7fBv7hvWI+s/qhuMtykwZR1BFzIQrQcKeUQXmwV8Y0OOWg9oupRyzelJyMvrILZAQoj09wbmcEtRtShnKWzVIODm/U4inKIAiyxHmBD3sHL8A9Wtg63mBSTHsgwdQnecdXe2i9/9DB1TqWt9VestR6fOpEp5xPb6Kw83mKnBWAmKk4TzqklYwx7/sit4wG+2zwcPsR0n3ZcU7y1ZGkhbS0zEhovHV610FKgYqRVjghOHODmDeszl0gEiWn0oQ2UKeQWHu/qHhUepQliKUnjoddXAZ75onFmkVYWmXJPSci8JT3b91kvCvPWypj1LgV81OhN5tdHdWfZoC1pC8nbUelEWKYNVSH40n1JTqMWBR3KKo4U6FuMoYtaFqsmG0NfWhENkOobLibPNmvvEr9a44XVDxDtnb+GpL6NNsB+PTqIKDSkDJjfUK0XTXtYejP5uVndOs8zMQ8u4pH0OUsffE0NF/SAAXiA9I7aq4T4qkp991QT1KGJ3ZPSeWl4PxhZX+ejU5Vso55lKk5c5KUgYhM5ATKjcS0FbaSfHQSplhYAopewZQWiZSkozwF50JBAChh2Xs8zNYEffGZnwLyebypRuFGANwxCoiQZXkjYiFR3HB8QgIoz6MxM1gy0ID8nWEqE5PqgtZBUJ3Y5er5/xQQNy/78KTzoaegiIT5Ku49U4pMiRi93Z8yBjKK8fe4qCjIJTsmzcKXb0SjloB3PuaFIU0yHzyrwKFUohTxeGVvWMx/gmUBSF1h8B02fknXsG1NQE7nUyQ2zdDVyMA6pq6CA8RaHIvbCMz/B3daHBDKRVv1SEnASbRhpHMbYsC0lY2UOS9GsYco6JBfYdhQUx3JdDMRVJMUIcp64fwYfkiZNgIF0CP1OdL590ISIW6ceCBtmbnRHbD3L0XoyTCxFLIAT5YHIw4nIbDrYm6qpCDNCdXdydZsYtYjuxMQa0queiT2DNQacvHcakYMekdxErzzOLWPl29xyLBOF0RoQHKDXL+AG9eazoz2Whyes6Ph0CwfQD1foMuily8A4GABdrkZYoGRgCEEEitWxUrteZrjnbo5XIJHXJYCIJjK0sgDgSkRh/yHGU1LwPNQcM/hst3lJIqA1QQ3nJ98pZxcpNERIoCmN1xV45DiniRt0OywggTns5ShClrrnBuPN4mye8EYMgrEgIGhmkc1YrlYHgI4KChA1lEVpkGi+2paRFjo46GTs0LOQAZ5IoCLf615F7uLWh9GF2MQzLpJVcRs5ot4HbnMAANwW0nUJjC0SqiEZMBHuWGU5zS5iwouHMsac4epkp3rC4EoYzVqukJQjZhiwC+3pEmLVgevLbTGnIyVZQmJRSwdSnxkBCYbdxd8mKZWhVX3FLSSirz+JJROVs5/EFv8z4uD06gJOcXzxrjdRF2CClAGHJJGHBbrMma85EUDgvS5g3XRPfypX020HfUDqCAUHlQLM9ulp1MWIZA7rZ7S0gzFpXBLVzRwqKwZUptMCLlKg0eag45fVVzaIjALimUcU/xkfet8KquDvJSRXdLDAcrfLNJT/gWdjkdo1NYYpn6GV37AF5ZgwNfT98b3ejLTtqxJpQIHpRMbO9IjWJEW6Vmy3wUW4+6orUagVqPRJHwhIVgP+SjXLzlrO0VS+VMKjQ1hVUfQw/7SgishPtsl/2hY7ZMAt48SEG5BXjtEUBrR7AF5qOwq7lhRGm2HnyhkWSq3XoRT7pC4MTmk6ivgZI1YBl9HJ8zfbfgOFKHdHjfCof/ln06P8k5fdHQ/YOrGNV0csxYOZwhibDyjmivIg4DyZKJgmnifYRWC9dezEAC4U1NOnBPUPEWUb1j4ov44jLOcc4WuY5y1hEns98CKAP0gapv9wSaOmMTMrb/xnOq7sTPhDWvIxUXphSFg8hDI5BVAEBMb15FY5i45usYMxzbhgp89/S77DAc2S9C1RvHXLCuY5iFpBTY64qr1jLuTGSj4GWhoYH0RfXEbuuBxeorkb2f+MQpzScYVn7LKgZM4VfrcJiOUGJCPEWEUnLOzzu1xUXIcMnSEla89E2hkOoTkFab41x7Ui52akufGxaavC4xNbWIko2hOHjCFjF3X7KWasXRa1Iy+q9tS7idDSPDs3P4gt/K1OLfIzm+0VI2Iv1zGQlVD1yINZpvCpjITiFO8aE8Vi3bGEBj2FBGIHjXHgYwuEE8N4huYGiCkWpGFHX2Q09P4ABog0uTYCqkNeDKc6Nih/Wa4w/3iS6pZS46hkUfscpXdkG9WKGvCMbFwckhp0WtVg926FBnSvgDEfa6PyWxypE0pAKY4JbHjbc8oRqkAssDcQm+AHgsMhq/XKiCWOMf2MUZ3zoVs7Kl3HuZjlhj5ZEpp8GtXlRcDL+n3I2Ssw04n0yB8u8ZViY8E8o3glnNcYDUakAhJI5YbHVmx4kn/456K+YJGYWcqRRhHahnUX2LowixPCiSSgVa1+xH63V41ICejCaWWEGC0ARBbVq9iwoG667ejshtPb9QUhTMTBMLJtIMwJhLtBeBQUcBlxvFiKKmij+dV4FWpX5vRaJShNfFWdNpQs7QETkkYO5iKmQQTJIUEIdWhRjW/AZMsA4XaONPuVh83rEx86s7GGGdytMSlQ355Up4LQchGcLTTuNDHvH1GB2HMyxJm+B9jzHBHOQQF17Ov1EZGIQGpOSMIhF0TLZjUiLR1KJJ0Qwp8AVc3KEIm2rHcnI2GClaQ3LjKrzFokENcEIQ5/WJjpxwxHJKok3MQoStnOenE0ksFbtXldnIEU41RsoiTPJ73s9FaYnhZFBK8F6MoDDGIZg+jAazOTHR+osyp/b4YxtCjIjYsCgxIr4Szmq+aaePmuu/vPcTvizT0RICmxchAnIlCRm5utA2AUDsFsieQ+h9ZkIrF0zeFdThPIU2CAMkKiJzwk0ZsVR7JsDJCaiE8KNez/6zWheI1sGC4ZlyzzKiqkcw0XeFIwuLo/QhoKlmXRwi8nQ+V9UCjGlJDOyqysw3sVAYVE46m20KSKF2BGhk01c2BCVmM84N3lP0dEIOKkpkkiEF9JnAWyAt1ZRUicWory8EoIEpspCCVyQOrAl2VikGltK8+LouHomWejZ0BtTY9kduKqMIkXuw1wei3GZJ1uvzJDS+y34ZoAo8bB/AFtg0UEUiMkce7bp1KgdkzShK8SuWgDnu47JB742tA3DIb/DNo00T2oy1xzUliI5djMTZKZ5fgM/lVGiwPtnq3B6MKKolZWU1YzbRJpNxyfqGmRSwANogmeBRmVxykNhBW5TiDMO5918V/8gRXGfnbQOaL/s+4VoF+l/tEwgpDHvMaMmz61IawUqzEe0hyuJOZAkqT7rZCTWBlb1/H+y5OnzERYpZrLBQS84Ca8ZQ4hgMI8t6JNxBFo90UnzZpyjs1BTbLXvXOsY4qLlkRof6DaC+6ptT+NGUKXD0oH4hLIEztw1QzImF+Qoh07TsWpQdawJdF+j9+MHoUCySG49akwCPyMKzZWuOsqYnJSGqx6O1TxZB2BLHg63qJ97mOfES4GPF51DSBW6VNIfXQh2PTSZoXGNiVnewRuBeGGiPJoJdFWc5rQwv+pOPQiERouwep6O+Q6Pt+8qAMsryGTpEVIdQUzw+r+Jqgh6CgNsMcPT/wKnJR88/rE2E6orAgdGU5s63zZoj2Xo6Oq+NlNi846DHlSVprAk5XcxR4X+aeiF+jYFCw48DZy4w0TdIoHGLkIWQAXb2L/LmU4BK3yadVEEi8S4nlahpOCDXGiFz8c5SkGjxzs6eKMaedmo05EmYtwkLmm3CccoUCqzUnYk8+BA0fXAhcf5qxVUJuBPXRcH5g84i7Dj6I5aumTwvBKWCic9VAJMpky7jlQE9+gio/Rp7LD4IET4491xKmWauOV1LNW37W/zNlL80k+NAbOVBmOgqiZL2WtKxB4jdfLRSHFoVHGSlVKwIGFsUdUAukCFC+eYNCjRkZvb/TTpASAlpjEt+J+qelcnejK8MwbLwDoYN4YIxlXc5BCaC+O+s1omg4mcMBFbKVmgTNmKXZF8y6YiW6OgQTCrKi670E5y4f0s+77vu1gDKhk3YzlZ27HrQTj/EOIxuJVryDBMkESuS9MS0pFxqLG6xgzJOAQV4pHST1DFVs6lNIDXCDMTEW0+Og4FFAQyH/Wfeq70zmN3L3Mnztq/yRNGnKF9smnZdwBUXpC5jqxz2zI0mC80zr2nrOQ32voE3MNXIRagYqblGO/xTz8xu9v8G8iYwRTZ75EZulqZTZ9X7Y+4ztec9XTl4DjgsJwoHvMfWlMKt/QDCGGfPHfrC5z8oeDNpEdfxcylcQ6fFqHg4SQ6s4q4gjERDe2toHYDSjqSaULGuMRqRqO88tPKS0qKfuA+ht9zEYooH1PODFbvUOYfJc+x5/RBr1NKs9HjpJVcnzOLdKeCa8HZWNKwdCrQo4loUA/JcxbTBOhNnid4yMtZiHz+ePKsEs/VPqTIjHMQbr3LuqvW0wHYkAMeYFiEwikyhuxNFARRLDCk/AppxNmc3B7pTxXNcBiBUJY4dreVk8w6qUOGg26Us8jIWBzUMknxxTc2XqSp0ZbBXEZlhtqXb30pU+U0OykWD+5HpzXuIGCc7nLBB+84YqswyiNyZ2Ov0Vrp3Sq2yHxc60P+9rED+XNZlAYPa5PUn3NcCaQkqf1hJh9X9uN46xLkygAylT+LwVlI9KPA3zogq1+blxZ42osiUWtEAzJC6Yr+wEgOW7xKXwWplwNUnFn7G3CgKuqIDOw6KppxzqZe1AuxlfzTKgrwIs6M0jlTEbb+aa+w781aTkzQ0TXCWvzW9ISPENFl32WX/SyXXXbZpUGdc/GjRYhDMNQTWVnBCQQvlGg4NY7K4fv66kWY3FlbQjseCzgmb0VYNjGWcVKza6hs+DR0BFfFSWX9cQwxpFHw1sFAufwhyi6e+Bl7RQ11diUjPCynrzv59uAhe+g92J8ovZxI4LAa7DpWeXkOuhmNISzzDrWMNIq+AwphBxGJ7CCGsJw2/TYOyDjeiZ9Z8SRk91wYJJAfZ9FEuBfISHWbKB0UxvEMKoTAxlX9ipt7afwGZ1CariBJClNYO/CkkY7D7gb/FdNgwzWGwRRg3iEVGq99BzDRU8YxmXoe2CAyRTKhj0KAcYZMhYKfcUeSeZljEhwgzT3ZdJvjmTKFhF/qjmATfxMoL8WCdWJIm2dh+6rTJJsawbN/lCSnGkmbbF3tDQEIxaggRX2Zgev40I6Us3DiwHhKEpFkDSpkiyuHRR72T4HWaK4aFRWNFHGiNoG87hXqyHBZJQrJrfreumUxhFQ3KSyalQC7o9IQ4XiwIby5yQpTKJMExNwma/Dh3xk/ME119NzLDWt0OysS5scDQBk4JNEszWEaAa0YpCsZ2uryHClgh46OTEVTNFGBu83E5GkKX29aLbz514B0iEe0xVFWIfhiEA/gig1ChyjBgnOwcXVvrVMESSiZfzgjdRfVo8XiPqB8ja2sjQ7azQNUCzI3SHL9FjEl2bIrlKKTobgmxrXywsxNWHBoZ/+uAPUZ1rRkRULdFYLJqoVQnFaGH0S9coXMgZ2uEGw5WKvzaYC7s9Ausu/7LiL7LrRr6HvL5uKKLo6PZ+xqT3E01oCxdoiPumrvac9UaEpMD+Y9uN/J792K263W+hr0CY6UQpgsotZaq1KyeBsaAdbKHC5EYokzc1kTW+G5gGPaLvhn0ISWUzA+nAJBhjEeN4dCJD3YnXUAoWIPmBXOz+abK7td+cTQa6V2AUiJGzx2u7S+Csk8jsRWyNSaIBDnIUsZxyllqTD38Bn5wzPtVc+AITsCEU7oUHhD5hstRSkjN12eU6yF7XHwRnYyJTuesF25GRFbDWPDrbx/bQZTYbEO0o9Hvk3vCxvrrA7V0ptAhUxhvk5prag3Hf8Cl31hbSoFEUwe3M6BRkriLdFnCucY2c2A0HSTeYIPggjAOdgXXixl6OK75fFY/ufIhOHNB3PcYMSKfmRzlBYRfdE8LcdpYMcOOWtXn4FR+Wb9DdqoD2H9xJB3fjoOyPRBWqxRIRydQWed44bzC8WtW2pRBpxJK1siaXZNa4kKLuPqa21A8RdoAGBa/KwNtFZkEX6mq4yqYzA7C9580+EtfonbOs61rlh6V7Fhyo2n0cqQBR95NhCHnmt1ebmvOiULPYXLlYaGYSqHKnSRChuhA5YjfpG+eqGawPjchTmaGtYXcdHVM00/sh45gOQY69j0NrbvdXI8tqoKgZQPE3ttrEAvcQhIRq3ePuKhCkMM9JSV/L43s4dgPGLaYTlnNAx5hNwb+Yt3k/kdaOW4BcwZOjk/0FXQkERMXN9EdPpVf3u+SSK77EK7MNHeZ5KYiFpWLpvELO3Bot9wrRdXj3y/8xBoLZtrSxOiaQGTVBDDT6CZLsXFjNHWbLo6fXuenHs3zmFJyT29KIdXHIC/bXLnYCCO2GU1uql4fuGYumlgBTXUIBI+nsT9F8X7BSWHoX5P44UZ9gbitCAeeTrRMJqvU4+QOjATDoqvUBYJ7ICl0F0SdL4Vc6KpPj9PnVldlC4iXyUOVIy5UMOp7LFmEDKheRrwk44kd8B1Jd3PDXIOTGGAyWfVn7Ej7kxJ3ANYBZvsJlgjGIMVT5UfIHZshdAyFKy96d+iJ0WovEUXY+MWdkb5LN4oERXYNZmpJBhBO5j5imUL4U6AD0HmLSHiIuSQcbax2QSmGVryqghnZXYGqpDe0MQxctdX4J8QNjPXswwX/VnIK36iCg8LI6pHs2UzHNRs9LWfsStznnpyE0kwxTlyU11hco2mUgAyKPihRrC6/VY6/zYK3DyXausnJXefiWZFO4XvPpC5hZmE8NT2bfoAXfTmCSsKnAvjOvaRrsIsJ5hIszxEPzgn29E0jOlAqrUhXnNxpS4aEYnscxRrCHdbZb7NcDS2lBMn2HiOPpFQQyYCyXbEPkho4eH4oVnJaYl9gHjkIJYRfZQer0ZkaEGzrA06liGCKx7zLKhKQh17zsK5std1TDxdGLGlHZ4hgrfzjW64SpdqlhfRnZPeA/RSA57sAmFIIVVhy8+aHkGYuWgE6C7avk20FNI2vsU4wO70hbppwkVmrpbemSyUUaXQQKGUoZierUoPNogfuIG9baM69YAmhA/2F8czpSEFnaSgjNj8B9wimXFvpyGmXrJY+dTgPNjG0qfMtgnIVttmzfedSEh2kj3Nt3HGo7wDUidUj0Ml8Sn20GS2/IoH/mVVOyJar6gp0GJoaNA9E2mE4rQxNo0dBX0J9vERPXI0cHFSDpLPAVAMmsR5Bi3vxRq0cqW9zuHs1CZoR/wU1NHzYPbqVeirrBxyZ8FUMgSrSSsvT6gwDykIARxcqpLXpeDVcrzDQtRqTX4EwkzjFCLstLu5IZUAU01FR/x00KA+WPKojHY0epY/Agpsfwe85lGssZotdDtBA5aAjnOkMGIHB6PI+IFgAuMPBsFqh24zMvj4EZH0uY4c1pmBn3nNpKtgl+zyG0HRkvs/Yssioa3hVwIA4yxCpiGVvd5mBK+rgI+6OLC6jGQQvdk15NKVTdMt1/CwB+wlCAVWTRh/HCGUU4EeicyfS3VePTF3H1QzubY6vMkf9Go5RA4Dh++molXcmUaT9DAxUkQJ1dysumD+ija8uJ8GEgzEg0nRwyRyPWmuePk/RhoCCi6tD9i/Y+aZESNJEac2Bm6xMm+y0GFC10zgXi2bkt5VGhyHh9mJ08ShHqB2/dCQlRNd4FPRkIpPtSiUF0Y2U2VCI7Sit1atvK6AI924cfdR9wklJ7UfEZcWPtlvOi3zQMQsVUjlc8FxAq1jJG/yQEt1jaXZOff28kSaUKhQcnw6Yz7fIjI2KV/iLvaV+1p/m4cDuZukePqqcU7gJWO+PagW69BNa6hQdo5N9pl1U8bMpvrGXGIr674hcOSMPRrjNATGEFy0zmKd5ATvpw/Fhf6os22UlIVoRFv7fpb9TCS77MWsyXjRyysJHKwA6x8Zzm4kZRzkIcwmopZEziywBBTEsRYVLm1x4NKQcYlHA2cBPK45R7vWxjcOBBzjyLHOIpOnI5fU/2LYQOrwjdNAU9AafaaLbcdUDYF03VK255Yq9dUfUsYaR83QoJxU2IAsVEa4wqQmJJmzjCHYcR4hz7iY+nEUGVgy8kHgI0CJbRIN/Q+LniLsVR0BtMWDGGb0xQXM6ioCMoYRXNSVJSpaPn0Qt5XBWACuLBo9NNhx8Q7IMSq+UiRzl3WwKtZlFEJU7JEyFDnkjHMyuE5RsLFmGjpnTqwM70y7TuxB9D71LS91NNp6cq6rKMLtXOTtrTavAL5q0QdA3FTvHvdCghy7thmfeUT/HrdsLdiMYSLU62/RObQ2nD7kUQqAt1k2O39ogQGrmlMuX1mTojCg8Yw2x6FlUoGD4cuqwvBSCdAiujpaU2JKzSwOjqlUMsJkxmVovv6Y28EKRrojsL0N0Rh02TjmZMU7EtoNMAdYqZK0uBFxKMm8IpKhWu1ARkfAECNmJqJqBQAbFCZgrpXqTaoYS1HAEh+QumjJ+l9ePjKGOHdh5nsRyPKEHIRPoXNVoykWP7EgmqBJJAEQj/zXVFkGXnETUTWvOJki4KWwh+EQlZmTbpMFZcVOhNq+6/FXc3VmfI3U0oi4pNfzQG5lKF9ciRjhXkxBkUD32D5ACLoM/0TiZBmWc12Z28lFeqhQ22YE6xpt4VccbFalg3LPQF6cmXGsRIPUBBnMhUamTQHpZCPEfCZWcRw7MLVx1rsRaGvk3B/uOwnv1PYYVlod0q0V/sRQ5B2Nhh1B3x1HagUEei2mr5bKQaE9GAvP4+0D6pX8ZaQie2a3aCxu4cjYk8YzY+PQ/sFc0WAi1zSpJ7TpmPGwIHoeC47M51D6mm0ikQLrvwKid20AMq3PnnBwEmaGNSXTxyOqAbpwMQrJTZQNFnsGkwQygBgWRRy3hZjo3oNxlGmlHNNserqlRNqo6tvJppHNeTrYhTYjIWycKeyW7bcwNo8ZphjYTPKebQqT/w/jS2wdnjOz2p3BBhf9MMpsLVAro2KY6xmU2Q6TcB4fm3hbmIEZ2GQwx4jK/2yhXdRFOWc/ymY8xdkPnHH/YSzC5SmM2JA5VYji1NijVP0sekULxXFbDet7bX2uirCht0ECprGuXl5aJVidR+VIFFJx08jsf7fWCCa2/0BIOp00zPj0cpai5C09cri231g0OupiAH5/wJzsXdAhK2Hn7VeIA1G2CGUE4vYvnxtqnE4xHpgDIl97lwRN5ZOJ6FSHqNa0+8Rjc7XqPUEexrhzIbLgxisGDGX8V5PjrK/GXIVuKYS6fkXRn2M7RfEAZqU92DdFwIsazpyCLoTsygE7RR5YMByDInWQ0xu6zMURblwKCnZRrbtRVoTybmlAKw0NyecxePHg6whda14mnxoaXOlcQhC3AvPT4PIfr6o5rTq+utrOE3kIc6kIi2rCMNXWzLUCt5swUd9iEphTK3gIZSq7dEzC7fy54WKisvZzYBaOJ+irQA5j96/1WopcsAD1RoOrwNeUi11EYu/4CVH/yU/mXddlevO2a4hHQo2oNRIi2iP+ICdioW3TV2Px+U77PoU56KEakRsNQLDnMRYciNcchYga910LXn1VnHsWNXN7wO0lMl0dnxtZGrSarxFz41Zg642BYvjlxEEvE/F0lqGPK5rXDmi2PXyEuWPRB2L90ctUf7KH3DrBsRbWn+1I1cA4wYKgyKjyUQRuE5G+8CEoBZYoSB8RaR99WYMobD581PBrEgfyzzzqHkw5XTTmkBlLpS14PvgsA974dlmGSY2Imu9sJEXctrLHjNsFhJikddFoEDEPzuSd8Bqaks++TxQx0Q4ERgxHpqHSXnMmOWk/KhR+MqZzy4IFMe4x7uEc4zMzSZRwjbb3XGcJRKrGs9VArM3Iytz8awM228N9LhBumn1kpgk1Wx9GVJdX54PO2GHjMmC8Ej9UoX6GU8VsjxuF+tzlNtci3JuuryKwUiPnRs2it0d53keFZ74Owfll5seCMog0DDGa2XDMvtA1otZPThYaisRytVbmCIOVVAZwt8T4wcwJtDGTDH6Lx1sj88pJoAcXIhLNEWz3EVpqCQjgEEernfEaj3R/luCIRiAFvU1LYWlcRQ7E2ay6VYUfIyPeYxpoTkEL0pJmTgWqRAsX5imJOJu7RmT8uR2PQkFQ0sADt8kq4bTWZsXLteqf477H7tGtojgTkdklGnGNbzZXYbppEgBTC2X1zA2VLFHvIxNA3cW/TD6nvGss9IjCJ81+94iPUqq67xAReKE4jvy4K5qRauGdy+6JUfU1KbWxaS4x9g6eGhyBXT655Sr18ZGG/OvW9/9frq8LjSWQ4WLFTa8nFkJt308iWiYhJmHZdfMamYkiXwjbixHG/xu37H38E5OmOhBqjhaNaB9IeTQspAEv0T7yBpPx8Xkn6tVrM0Qjs7Rl3gWrRKiZLsQHQiQMKQQklmT2h4SImq1sjQBfTR+uQxqvwY8pm4I1stxMBoLeSJlDjTUXNexGhE3CPjUx3AFwM7UD8JgjgZs9xRaSJhardX81EtTgajocHti0saoARRVmLHVmVMedsU6X3QQZPz3bsL774IwFNTRdAhCMQB3LH4iwsDTy17t99FKQGhET2vk+VyKzmqg62fchsLoCYzheIluMM7riNyTQRF0snZ7iE5vXTaOHWTA6WjuOKUQ0jEBzQRSPIrlnvAQr/EoCEwnvQ8Lxlz/cu6ER2JUZqCpM0sQmyTfcjr0Ko8OgwqShIV0KbbqhAhD3pM/yli/0pyn5TDfTOmEaABuXRWeeuizyCO+FH3JinN6ZQkiClbFxZwYVUp51lTwsPHZhyJgMKTKwoa9X8RxuiKCOD2uEm46ngR1Sy9MINKpyolHTMAPhqBfS6mZKglLci+mrnSGUkGSTSNHfsExvmmoUKthHr3D+0CDGdEe1ZM6HYukiCX2WG+QRgkjNrmbnKZVV3JIoe+M6/M2G6ut2TZjkYfxOfKI2j4MBuQZ/3KRqepICLDQ845IS/qSHMY2X7uqKtDa4jIkJj+P+3PQRJZwpwQaDkNGZ5w7UVVKtwZK61CV9cG1IPnTGf3jy2N1aJoMbr0VW9oiL9XfkuZK9o/KhcXjyGVTJf8K2xtwECKSxXvahYMtWRVnRzpOTcDvnIUVNJz7OQjVhpBu4KImHoXt9vgypx22++P/V1Umb4p6D1sfNfH6K+yP20tBx1E4GCrqhlpm2xjuz7EJ0pv0iW9uZNdXZSQ9l0X0JzV5viRPMI6lDre4bGvchW2R1HcgrhM5EjbiNKHgkVNRISC60XxQYG0wh5kZELHIaJ9ehE2fmnkpzUzwyT4lpnCVFaqAHx3RQlFu1OSqxXenuxoJbCstkt7Sdfd2paZzT14w0BQ3asZNcRmSCBmaI+N4ZbEZSRu1eiITl7LgqO8TszViMykEbk8h+8exHld+mgIil3RnH2O9fZN89zqPWh5GxBY90562ggWJm/Y1umHwSon0M2uHzJryJWSHaR5C47wPUmLeNmIk2Yp1Cs2JDCPry3d6xGMjwLkK6EKdz0jaijWi8t0BC0qiJosCtOpZINM2mYFC5b2rfs0lzhyVCJ2pNhtiKpwEyPrPDsonZmVnaNu7LMI/qR/cwa3aGD9HIzFNSQV1/9hBmddnnXU0FCRO1e5snnzbZWS7q68cfIdYVyP4LrJoQqstjlxDV8fH3LrbTgejC9zImeOdewejFDrkIEXPTLZM9o2ii2sjcWMRfQhjZi8blpjNshoiGyeqTK56izMXxOp6cfPot11HlV+GS8g0zzOCUI0LLwMa9aHYjgkl/BJUiE2a21E6nW5YjTgRyPjxsSXL4GkyVOGIa81TELsLdOZliiG2GgCzQswx2gqyqlHmVGqzwOUTUQu3w+KSRpxUhFW8P/8y9V/BV+a9eDCJoHcXy+ETYHIb6gALUOHGIT1lfmRLgBXrHMTdA17Re4IEDOUwMXHt0ndm72yRbzwmsllH044wrG1e14qKGv/5hD1hrYuxeUjTExG1Z4Hk2Kz6KY4oEMshDgslRQlKBiqJ6dCFOGm5tFKXxhDX8mjls/dMoobyktSWYCe3EIBjl5FcTVhi4KRG9buXXFwsL5+5YoRRDH1NEaFZcis/g5YTlXCyYNatQEywPhGkyL6z2dTqzdYRX43jJ4SPGYpmIitHQNgnS6G/BORZpVXioG8u+l8ZQPFoiDxiScMBo8w6ZSErHAKqH69ar62uXnGPwEAPpeK7by7cDXLKI4u5Cf8vajJunUcBhNUgy1kFHXiAX3lm4tcaN+NTa6W47PaPLhWS/yIjmG3Fj6SEl8R1SEhQBcGVfHGtjTtomtGkLbb7vQrsyfd9lN/aoMAlzo23rMtm5xT15443aSEAhLOox5UZExE1wNbaaDEVH/F1NTUuEt545s/Cwk0zkvznRSC4kO+1CbQOIndi7YLFhCtOkWmispnuj7U4jD547MvXltd3va5pgeQIzE280rU4Kyt2QFxK+o+1uQO5slJ30JKphl3UTC4152YmEuNF2T63ZFujyEiGmXdOJPjYTb1VTYtppl57ZjvB2/C/UV1bbXWMeQXnboOvEVRFiGakON9riQH3uutQws5xlvwgRcSO1/CwsfGKobOCcosATdY/b16iZiGi7H0YzsmIwQHaRyy6jEOGMYqbTHcpMIpCJaD8Hh941njfaNqaQfmIKG3HemWhUAbgRt8LBCpHsxI33C+0PoiUDh81MfMe0MzVqxO1EWujJaEdnJNxI81IjXPZ9bDfoM3fhszCzbGOP284d1XZHxMItDRWYTMRAIBMxNyGiJHFdwqUn0ru6F0p5JvrMOXwlFIwpqJtZMRpPocv8dRmzVW9OltcUps52ZLLa16Dlpuzb4S1+wOaI5CxjCUNfAZqziZkbKVT2qpON53A9fsUGpvq6dQXL7iXh8+ckKoSFI2PLKlOLlwflQpS0H775+qdIFAF1gBZPebiZgkVjnLbRyGvApSSC04tVoT1AdjVI82qkwdB5wgK98Os3GMjFZQqUgDJJs3HhnzhnU84wkCMY1Pr2osWMgPnpGN8ndBhalgmzulcLjsrEJypV4vmCIiYvGRwrYerrHisxTctRYbrBAvYRy2KM3zRZmjUko4SsRSDOoVn30fbhxgaAqn+ztspefTQwozxbhyTnmPlHmhjJl6gmB1Ur3EkeAOo/Y2HbRgFejF5mVZFqlRWfOEWyzKUd1Q5Qba6xsGXEiYLIk9hbNRRob0n29FuPAIeIMDeJ2SVGZLFjcW1VuPl1vkrR+a/MlbD7OiLrcY3BVBkhDaRFk4chEdwlQdq2Xdr5xfNt31863V2+8OvvfPofPHn+nOR8+qbvp5c/pr9uNeRN9gf53b9Hb//ueX+/yM58Ibp0rWpCRPu2EX/DD9LLHxXZSfcLSiMi3r/0K5ev/JLIE9k32h9ELn1Bg+TU+GHjt+n175HXvo/2F9QNyy7UGl3evnzhZ+krn5XtmXSSWrdsW9vuW9tpe9E+8N382nfR5aybeJl4J2ry1m/uX/iFvX1A5DK8Ne/CQnJqzBu/RU9eog/8AJ2e0a5LVer+5fmX98/9lLz3XPie9jPRLrJTz/uYed+JvtLunm7f8q/y09dEdl2KJeJG++XhjU/KVz5D3GgXoiayM8tOzHRqfG7tXX7yfvqGHxvx7kgmG5Hsb3/28pt/R+ieqFE7kf4egOwnFqL2brtr7Zt+op2eObIkRLS/+DL9zj+Uy92+t745dky77EwXkuft5Q+3j/0R4s1mk4SE2+Urn7587qeYnxHdCxPRWXZiurBcGgnTO/zKx+SDP0TtiaUHfSHu8sWfly9/eueT0MbM1Bq1JnTX6MSbkLzVPvQH28sfIeWaWnneH768f+Fn9uci0kgunbfMF7pcWO42fo/vT/KhH6H79+uLl0K70Nb2tz51+e2fk4tQe8LcaLujjYkb8z231s6fp9e+iz/wncyN3DMKM1/e/PTli78kwiIbnc9MD7KfRXbeeWvE/CV++Rvo9R+iu1dJdisJ7bzRl35BvvRrRE+lPekEUmPiRnTfWDb6Ar367fS+7yB/RZmZed9fnH/nZ+grn6HTS2qQd5ILCRE1Or8l8t72kR/hD383XS6msNRO+4u3Ll/4BXr3d6U9o52IziQvZJfukht9WV7+UPvwH6btmYzoU4iY2ra/+/n98z8jz0kuD3J+TnSWviQvd63dbdtb/P5vpo/8GO+7xyFMRHR581P8ub9/kSey8xCM/bnImWWTC7fLl9pLH2zf+W/x+V1qJ1HWsOyXL/3q5Xf+Md+9QvudcGvbLiM/vGtM7fRue/pB+vAPq6SJGYPLG5/aP/9zRM+GSbqcSR5Idt4vvF/a9gY9eV0+/q+T7NwXOHudhPfLF3/h8tv/TLb3kRC1xmOhnWW/Z2q8vbe99JH28T/SU0rzW8K0v/lr9Man98tpv+y0X4TOTBcSao2JT9vrn6CXv8krfzzCzJC50Ugv7PUfCxhG1A9bomiVHFoWBFeKLXJH890YCJaLPTFryFGlhRzrK+W9GrocddTwUZkSnuT4ah6ruJPS7CmnwAUAHNKOa7L+eVDLs8jJwjjNMp2rif1Rm+p2aDzn5YpAkIFpeu11qpPfIU9ULFOydgl6CEwx1UyYLS6T7PqpBx55motlojlcwQbh5+ngQ85Qbn1HOaemYS4WEOa071h/KsWuwHL4EOsQYkJc4XIE/TY+JDhdGBjsi+VsNzFWcvWDaFDEwC2Z+X8NLN0cGGumVNzMeB2CzGmnFAJQ8uT2Raq5OHKdJ+aNHnGkFnfohtuNnE/58DF6PH2gm6S0ngUmevuddz/1W7/53ov3mPWAGFGDKGOLDmv6LKMTs7piBh5pdcgmdPgwnKeYhMv4tQOVIxVaJZB1POKxiazHBmqbtC2WdoB50en0fN2OmVNDz/qUHWnN0iWkd4mGxGDkqo4xnqTdBGB2FHF/pW0suGHFdsS1vuo12UMmryZZnUZGQEliXLK3uTcS2fm9829//lM/+4v/8MmLF9+y00c+/bfk8z9z+fKL7ckD/2v//vY9f1YuxLK3JnQ50/bs/Pan3/1//6/bb3xye/ZxkefMQnLpmxRp3y677O3tux//n/D3/Tf65lVpjUS43Z2fv/H8p/+P+8//1Xb/usiZ5EFImC5NLkT3O5/l9ObpR/9d+uD308OZWl/JEW4neeNzL/7BX7z88j+g+1eF9o2EG0lrwpts95fGzG/e/ch/p/3Qd9F+Jm5ddvn0dN9fvPsL/6n83b/I7/uEnF9w28eWYRbi087tcvnK6QMf3v6lf58+8gOyn4mZ+0KQ7Lyd9q/8xnt/6z+kL32R+Z72h4374UnSz9M9743Pb2wf/Mj26nfTN36QLucRrwpR4/N7X3rvn/zF9iv/iOmp7MJtH1PJxLxd9l3ojdPHfs/2kz/UtjvZd39pU/aHT/3D5//l/6y1p91PNxobB4Q33k+yvTg9u2v/5g/wqx/T2lV3I/LwuZ979z/7n97JM9o33nYhpiZC/WVe2vd3nn78e+//jR+h+63nZl3wRfb3fu4/vvzN//22vZ9PIrz3/arMF2Y500b0xpNP/AD98e/il56wCI2F4p3a/flf/NWHf/R/afKEthM34rbR1mi7u9DTfTvx+cunH/vvt9/3Z0Q22nfyU3O29z79t/e//b/l5xvzRvsDyXmnS6MLny8sd8Jvba++zD/5P6cPv87nBw1gL8T3D//ir5z/zv+pnYXu72UjanfbqdHGvD3b2932/Avb9/877Yc/IXfPZL+0Lve08+n+xa/+7ed/9z+ic6PTXbu8aHIROROdifjc7vj55+6+9QdOP/4J+sDrcn7OWz91h2Wjh1/6a/KP/lKj12S7pyZ02mjbqBHzk50bXT7dvv/f4R/4DmEm2lmE5CLb/eXdLz3/x/93+ed/nZ+8r+eBjYlbt3Wn/eGhtYfTH5b24e+GquzO7XT+8qff+hv/y/2z//zu5Q9vlwfmB+Kd9p2ZhU/y/Av33/Sd7Sc+Th/4Lrq8oKFc20703q/+nctf/wvb6UPy4gXJC6azMDMLy53wSdoX7r7rJ/gjP8ZyFtp4vOp5ksvzF7/4Vy5//X/D9093IeYz0877Q9+2vj9s+/mtJ9/xw/zdf572S19RJyLiRpeH9375//XOX/tf3L/60Y1OzJd2txE33hq1JxfZWnvz7uPf2/7kD5NciE99KVWIZT+/+KW/Qn//L3F7ab8ItfdYdt7PxDuL0Jkf6Iv33/L7+eP/OtNDo43HRg0movOv/4MXf/s/5Lv3M+3E0lp/95ZJ7kSettPD6WPfQx//MRFh2fvRYELE3N75Z/9n+oW/tm2v8sNZ+EyXM219QVWkMb/+Tfx9/2b7tp+gdtd3G9fBZFdhCqYbU1Ay+37tSjHe1SAmREO49rC4REe5BZmjC70MT3csI3ZP//+VC8mfnfEqM7o9OPSBvrqDl6bo4Op1FOCNekYECLHdiTRzsSiIPKSZ6gcmB2mBRUcZLT12ILKFGiMwrlap73Bx7yuVKRES3bTt3+FDyTQR0Rd+Oj2wuUvxuymUF38a7k/hlz+JpZpRtwc0IX4LwDM+2nR54QYGE7hREdQZUA4HjsVlqExgnLK0hGgjprlOJECzBKwS1nm6R7zNnEZcXDh3wOJIZu6v7EqVKspttVJFPfVJbVjzCCIVsZg/6ehHaM9sSYuf5UyVPEnJvyMZ+7rqxfygE6kcGflCZoXnR6IdQpvVTM0a1w0Q1ERtRFXWhfghkP714fzwN//R3/vLf+9vvO+lVzaih4ezNOGddpHLvu+wjECaA/UXyUYqSN3y9FjZGWnjIB3FLW8ooomVyT7ud2JlRQfP0sz27s5X9tzSGe2D93TTfpGDocH0/ilpfqrk167Xr93WikcyqOdLjdWoSC9cLpnwex6s2IoS1NDiK7ZqpwwCjZrT2EJNJMI9EO+cE+Zto/FS5L7t9KW3fuuLX/6dD93Rt2zb9734yqtvfvHuja3dv9Xe/jK11l+8ZGJpzMRtP7/4zU/RL/7j+9d+h/hFa70uQMKb7JucZZOvtB/4nc4vZrFppedflt/4efmVn7289H7enxNdLvuF5EwkIie6PH/y9HL/3V/a3RY0ZiFu/OJN+szPXz75M/zK60Jn4Qu3TRozn4SeStu29gZ/22d0toVGri3MQl/6rcuv/lN+9cssD0QX4V1ao/HiJdN7b9CHv+X0B74sHyHq2wiVn8JE770pn/7n8vnfotNTkgfhXcvjwvuJ9m1/eKe98w6//aUh+Fp3ESa+vJDf+qXzr/5Me/I+lp343Leb7o14p/1yEXp+//TlNtK5kXwKEdPOb/8O/8YvSnsiRNz2Cwtxf+3wROcn3KS9+nI7P6Sgl5npxVuX3/qVdmnMG/GFto2IpZ1ITrKzyHvbqx9luZDJMxH1dxe/8hn6jU/K9mznB26XC7OwMO9EdJaN6a27Jx9q5wcU+H4se/vCr8ov/5PL9oROp9aET5tsd7RtJO/bt2en/W3+zs/yfhnbMkX8dOd3fvfFr/z89uLSTne0X3h/IXI5y4V34ktr+xunb/gmfjgLNYuaRnDzxV+nX/s52S/y9LQ3ou20nzY63RE9la3xw3unb/ki7XvXHbDVRF/+rPzmL+4X4vs7Pr93pgvJhYWYTnJ6eX/7M9uzD/P5hbTGbGZhZ2Z598v7b/5z2l+i0zPiy35q1DbeNuETXaRdPrd98xdMj4fuMdHD2/Q7n5JP/fz+0kt9pWbbmFsT3lj48tDuubW3vtggnh8K/PDu/lu/sv/az15e/aDszxtf+pYV3pn4yf7u7+7nxu+8Qa83fYl6HPMjb37x8sv/iF76RhrlERFq1JjpSRNh+V3+yBccTZU22p/T5z91+fVf5pfudhHiF0zEdCFuLEwP7fT8ob32bUBd07d6dnrz8/K5X7u8/SYJtXbZTxu3xrzR6RmdWeituycfiGauG62dvvLZ82/8Yttekv1C9A6LyOUiTdou8nAheodf/eaNdqJd3/Htrpa3d79In/3k/vQVImLepVE/ikvoRA8vMe/0yrcwUd+ejqHj/sYXXvzqz96fnpFcqF1Y5MTnnZpIY+LzZ37h9KE/SN8q6sr67oBu9jyUCoSov8YU1IVtiornmrIFV/63reyl2CYGqAyBPQafjIqNYRj40OMcqQCLEATejYq17PIl0hR7zI86kR5ZRbS9HbJIwaEn9HhVv6dBgx2IK0+rmHAVjJnNZRxF5x5csgGCPjqiyUEMeLWNiQoHUIbPCWJvyv8eXygukRFGd5iPEgZ+QJku+WUNYppEE/GgSHlpmyjTV+YbCxQj8Kn9apkovug1PJB+ixRFuq5eiLzVrEmRKKEUCcAso4bVlPOgVjOsPyOQ4yyuvFhlQCDDMRySfTziBjaYkY+MmJPe+LxgVGgmY2bNQ9i+bsJJ73tduDJsC57ciMkBBHsEWlM/lSGNuHpGljiw/ixDAZwc6gqDQqd0jpJxcGj61syKKIqZz3jLjomJf/etN3/+87/+G29/8e6NL5/ffUEizI0ul32Xy/msr8jocNyLw8zcmiZZMuJ2SL6ENVAZmZR6VJBSJooLyzJ/suLQEA8NDfV/ZYTYEI6KEo3+zUAWhn1OQN1PipemiHCbBOryWMeNzGZ8v1rHGY9tznpoF8VdHGOrP45fQmDN/dkPWzdiiEQs/0Sm9YpeoyZb27jxNpI8ovOT0+sfOL3vE8/otW/5yJOPfGK7nOjpRp/4I3qybId9J0z80je+/Ef+bfmOP8RPPsTt3NpGtGk0wrzvG7+QT/wwEY2lSOI+Pe3JB578wJ+ij3zTfvda1+5t34l22YX21s5v3t3t8s0/yHLW18MakdB+oZc/+uQP/fm7b/vR/e59RGfmJrztXfguxG1rp4f2iT9KRMSnMWITIWG+f/o9/8rl8vZ+eo3ozCQifYOoiGwktF3e3N73Or3+bdz7sgi3kUGKtPd/9Nkf/rPy1tuy3ROdSUy6Gu3cZGvyXntyovd/M40U0c5yotOz15/9wT8jH/1eun9lZLbtrk+I7LvsLxq9t33427ndEbEyiliY2un0rT/a/tS/S+19XRGpdYHfZWe+XJgu29OX6dlr/WXcIQrMRHz3Dd/9yp/+H/G5ERE1oXYvwrrbtjU6n17/Vjrdq0SMmJ6Zn37PnxR5vssTIRbeRGTnRkKy00ay0dvtG7+fnr7SRa6bjb7vZfvWH3nyExfhl/nE3Bqd7mS7E75juiO+O7UX/G0/RnxnY9nvzTz52A/yn/jv0vMLMzNdpO/z388iwhfe9i+3931IXno/yZm49W3JxMxyufuOHz/9qRf7ZdvvX6bWaLun071sdywbs2zyvH3zj9PpKRFRa+NMXGpCdP+JHzr95P/wIo0b8+XSz7phItmJtqd8/sLp9U/QSx/m/SK8dbNFe2Oh+2//Y/tPPMiZeLsjFjk94XYSakKnJpft/AX61h/SahGPo3dE2tPXnn7/f01e/9Dl/hVqjXjj7U62rU/n/b5v7Y6//V82G0PdshJt7/vIq3/4z+7f9aNy/z4tFrDswvtF5NT2d7bXPiovf5TkLG1jHiMy0dNv+9HTn/z3aHsfbRs3pnZHp3uivh36cpI36CO/n4mobRrf9ULi0yff/eOndr60l/tO1THL3eo/nE8v3pWPfCfvZ2qty9t49257+vT3/tH7f+Pfk/vXiJgb7+3U2omo7XLXWFp7j9//HUz9J1iIdeq5nZ5850+c2knkjvYXJBehRvsuJLTvdDlv9C5/7Pt3JuGNuIlmoMSn0+/58Wf/2nM5vdYNGXNfAxWRjS/c6AV/4w90MYOdlMxEz779j57kwvSEWHi8zP2wn2V7eJu+9Ku0X7Zv/hHikxZ2yWO0g+I9JCE5CJ/vp5ADmoUP5GPmEGVUMT0SCFE6BGbdEufa9PrC4TK5TKOKyYcpzg2hdyKK4eZBH5q8pyKmgQZgmsaCtv4LH9cRjRDyXEC0XFQlEquvjTY/F+RM1V1EeO/bITQ8YAseMLEZMaFjD1EqkJSkaqIfiS9FZJXXlXRi7GXhGnb2sXqoZr05PA1rRKkOYYnGKNiMMHFeiUraG/VtJFU9DIMpWacNJYGzPChM0mjTmoX2oMyGa44jD3fhZ/RgmjBmRQ4A5SEvXRGb6a26lMATVssLp4lU521Esw5X97KaLxiy4GJ1fFlBZGXgstIBk0uqUdKKIp8ZmSF12mxCVTPz5CEA55jjmK7pfPVwE4zAhCqAJErdJUL2ZQVi2ymfdArEcpe9X/enuwfZ/28/9Vf/wv/1f/fi4fmf+J4f/aFv/77twqfT6cTbftkvctmlpwhkuRUT9RNhNICF9A3+HVHHCAC012AvhX8nWpEbPZPydEp6huVuV1MfnS+lm+0vG63Lb4+xhEaYZdIFRrqP16sIzQMRq/SYwAejrdkiWXuttsAM98eNAPHgtyDlRdZAhEvKWBx3mN7xQrieJWnGuxHR3kSE+kFD29a2bWOhU+N2YiG6v2tPib/1w9/w0dc/TCzUGm1PpW26ndoUgvj8DslFaCP9mRPSRHigvT0h3uzHS4R4EHx5ly4vhDcipl2Edtp3kZ2pHz2y0/ZM2hNh3ke8I42kyZn2d2m/9B+QIGbijfpmTtbiRrsbR+/YMUJ9r6Cc6fyOSCMyj0xdGYiIaWdudHqJuPXUcJzI0k+muTynF2+w6J5DvxqNtaedaOe799PpTqhnelpdZKb9BV8e9PSjAEJIiM7EG7dnhauSC13e5vGaD48AcJyUs7MIMcndy0Jb/3FFrw/ITvs7JK1H0EOKbAaIiDdqTzpMlTIWIt4f6OHtHrMI6R7vYeKEaaf2dN+e7HqSE9NOcmERenijb8vkPinbiZr/OjqT0PaU2klEExuyPSMXOr+r2xC0bCf7vl9Idt4fiEnuXtn5zpwN095EaH+PLu8SbdRO1DZudyiiRDu1J9I2pXwfxHOj/TnvZyLu9o+kNxD9NaCdeJPt6RBOj5KZLs95f6/vnOa29UJD12wmIbpQu6ftiYyQad9JZCeiS3t4iy7Ppd3TOChrC5EBM7X7fn5S2Oy0n/n8lsiZxsm79tsk3RGJtEbby9RO0jYV/y7qOz28rcdjdDVp6miFaGc+UbvvHpjVmAsRX96Ty7si+lawFb76Ac6yUzvJqa/ijlLCsKzygi/vEp06n+x8KTe0dKLtfkQISrUQkZzp8lx2YjnTvhOLXPYxuhDzRdr9+fTKmU6Nub9v2/qw+5n250RbDN9Ef9Vop/aE2iZELOMHbIZ+nd+Wh/ekn26lErVfLk0e5M1P00XoG75ftifE3B0bcesJs8TQHdZU4Sg+izfQd0NU7MkPpojWZiouW0f8Gly/ph9h1SGaEQgJAvCDgLBIp8vL/T2chn8lkIwBWLqPqVAVv9GCOSHe0wdzYySqTGHm4fK4ndiQuAHfZb7pIa74eYiCmCQul/jMc0dEJ7P34x8PJSKKUezsQZdUA0nqtRyVkhMTX1JxZYRqUbhCWqtf1QmLjZ55HyZwuIf5yZGIeOgz+986AQhfcY2AXSTRWxtdPIFzPazFKiQOqJcJS4RGaEoAYZRsy5Dn1DRzlB3rGUdeAMEJRX1bYegMUIG8YlnyxSMUh6TKH8CdKzaLpw8ZkH1je/FwSUsCYJI/WS7k8GySWFcyyY5+FXhmOloKELOtCrZ4Iivg4CqDvKJJKdAUJN44xBUfbKVVzBPkZIc0QEBadhIROcvlN9763L/4wi+91O4//k3f9Of++J++XC6n04mISWTfd91AKQO04sWsEqymqzos2NFQM2SRFmu4w6lxlgmxv/BZbkBm5AdLomI4Eo1gKXP2U248xAgGczLCt4LIyHOc8Uig/aIsec4W6QgjxnsC81ggoR2COvgsiA/cmJodQakB5b4LcdtZD84UP+TdJkqI6PRSwtkYhwRbPKrGh/btGW3PQofLzuOnEnkEu0TCm7FMaBc+0fZ+UVAjth4ruoF8XSjp7zwSEwmf6O7VSXjGB7zP/TchxtaFJiLU7unZh50HvaHuy6B+os7I8cfKntttImn30u4JRCpxjIT6UTdh/piET9LeHz0ryfg1FxmEy06tYz3QEyFpm7RXOI6IEtZjfx4ffevB3u7oyWsUWo450Ve/ZYRR45SdJkwiO91/YKxDMRG3fhZxpGYImIhvHhci4Y3u3pfQU9Ow70IsF5ELEUOM23beaXtGp5c1T6jPv4XRdV+0kPATOT0ZLXaffBlpKht7rXI2bMD2RE5P+xGv6Yryo+alH2S1t/3uVbqnkcZUIcciMjld7l4b4ql4iohGOCxdJzA66lLBje5fEeD8OoxUY0xEJHu7l/ZUDWd3v3pytfiLHsJNjb6aC35C7QkbRPhNzxT6cPRLwic5nQZ42Un2/bSz+y/aR52PR7FPR9hbL3DcwslmT0Vk316i9hL1BNeM/k7Cwi9/Qz/BWplyESFu5CGacc0JUzVP2QvzzPZUFg/8MUxiVBnSqpjWOkaQRFibqOxQ7ghGJ4RJq+AT8ck3zY0QKrn3TWzJwWFKjgBhDJNk/JZrtQwT87FA4hSI8uFpGnMmkhKckGRVMQ4g4GGgM8cCHX+EfeyuOph1iGtPT3ndQ8IEzJFuGmN8llAO+7pdK7ArrMor1XKWkfAKhxXUPNnafDrfJTntsrYUi0nzmCVz68ZTrlhKwYzJAUNWkrAqRJUAD5THFD+NMXcpY5HrV7CWsmBn1Q9HD+wqgGAJzfPGmNE96uKFJq+mo/bTczGi6BgNU/a55kWqzmh7dbuTPeFHWoa1ScTxHF/wf7TLhRtvd23f5cyXJ3f3ctpFmsiZmLftpPmc1ZgJvK0TMYiOkXa1g0SI8LfH0X2hgqcelqotPOqSaMU5KTTfItEpoHUocUTOjcp/M0UERKVr1lcY1qAdnEbXGRsCEoUgOm0KhTQkIZFGu+zn/ksazCzNpkYLqkPYdE1GR+qxwu68iG+qqhv2DLOP6Ej2RQkm0tUVvzahC/cVGybSIz/jeQmth6rIAQuL1Zh7MaB/0FfvtA5o7omFdu6/Ksn7TrQT00j3LMzeYXDeZCzPjAhFHwWToBLXJ3Gsy43jO5U9PaRk2kmkYUgpg1FsvORmp1Z7VC9Eso85U5rDQYrcYDVe0R8TIXprt6qF7MZJXXenEbcIbbQ13neSM/fCMDct+zSwwR6Hof3pRS222RiTIyQyBEyoH06qPYx/F+4HEPcA9SLcf4DH9oC4GBityj3bFFDkCL3FFvzGmM0L7cR8oZ2FqLH9culgouhyc4fE43zYxnQhEdgdAkZTb41JHXU80f0SF1v2VCnaY+LQwEp4qQ3jljk2QOag9WQS2s96u1caxeZFiIS2fTtRX+bWhQFWeYNSawg5fDr0qJTxaADXJeie24qmhcMXtv5+AI+VTxoHCYlQP8Jd0VU1GbbBDaWyeRfZiVl2ulz64idmav0sMRpFFm4kzI3bndA4lJg7hxJhgdYp0qjEix5zhQjqoO+cUACMBegZuyuYENmMu1/Bz4+JDZdXCWAEB3Pkdpg9PZbbGZOjDG6cC6gfdScf6/Hyq8tDYIdsux66PZxmcHmdavysGpFmeJg2t8mh7KHOD2GYpThOb+Kw46aAPLBuj5TY5RaArswiWcQU7ZRPeswNMoptJL7f7B8A+Fwu6i1HWmUI9PuJA6AtZSJHZj0mrAIEUt3WRFfio7DaVo4y59iKfPSRGROapikQrmiIVtowWEtVnLlitJIrcA3KkDAnbB6aUjcs0VXCGmB4tOEqMsbSh+oIfHgkZLWSSVRYjStFuNggCVt/TERFZQToGHCov0VsB1lp8KfhmMBwzGwi6GoSBZiQXgpTxpXeDZTSpz4QmkVQYh6xxmjYsdr3ixBdLvt5P++ya7mbiDC30K9EjjhT6YQqc4MyGf45vG73KCsTJ9Dga/JPB0CmyCR9k+rm6vp6ePVi6DKgGcaBx14T5jbWGCMG41fgLTw1ejs7+sZgIeqbLaGCY45WXObZF4WYGo1lfNaN7xAoy0akR/DolRDzv+yQ1UFp/yV6sbvGVpGBhx4CoMcfi6aQQrT1ZTEvFRFxx3Y0ERLaLNjVmz2TdkYpztpmBNDF/Lrj9leeu31RBlF/oU4TXgxBx3boYblA1wPJw28A7+CzEDmjm3JMMxxLPpU/jXmcTtq0BauEsDv8/tadRVod1cEcVArm/g6tIogWW2VoU8I5Ger+uK+6ywh+LPu23egwCcrq/rz/9OQs9LpX3ibDfPEu1kBh9RSJhahJo63IdYPR1lfZYdYHStxE1KUw8Thg2tIhnlRTiKSvVM55wnAD4X18bdFhtS425ogtLurzvOkq99DpPkBXA18sDe5FB+7ZMhuaamp0IUm4jxfDd/0tIx2umwbpoiV2ri1hhaW/10kWmw66R6eetBOUPTpndzVMTCS0bfT2Zx6+9KntG35fe/JaDzcYlq9DnXi6oIC+CN1dfZwhZbyX7otl8FX8Jlb1sK82DaRqr4/n4So03aL6vMBcWBsTM4xJ7HOKwZwJejeMp8EPQxu1paN9GVfPtBxnOtgmhlWOQgk2JZm26mB5uECeN4LZifBEQJT6FC3YOy3qLoSYOWwAcMygX00rTbZtERCn0COlbcfXivFXpyQlPy51xwtHi+m/BdU5+ey9dfEpqB+jVqfiEOTw6FgI1LvU2IQ2djQaU7gmhIePTNHl1XqBCMJP6rqaI46lEQE4M4EhS684U+aJWTXU1sC7cVMvsXjG3c9sHhxptiYCd6Dt4Slqa+RDyzLPnB+V5YmC/1UC6nYnQua0iRe/YFA9eGAvP3lIHAOuKOqRG45/lNbwUaOV9NzCDh9I5CIynLBIa8Qy3rjJPw3q2IktIQ2KXMKI4glMbLdHkpKBIYnWnzQ6IbGaN1CNpVz9OprFzKejq3Dhkb+gP2HhN72JqAcAMdZIBgBw6O80Ze1wEyeBDgdmUSZwWaAZguXYOyFQXGHPuHXgIWN5ZVacbqaElFoke8vQso8JBvV1RyUCRNHXt4NZZhyn0E6ypAqFTZAATFPwy8CclResqmjOh3sHRUB0r70utmnYFRdjoeakoZROo5PsqAzWoPPt4+bkBRe8Z6Vk+MsMDPZlUHmwOEJqnKokwqlRCjQh7wOJros694PSK4wgmsobHtuPJbUl6kdjOW0jkhMifx3buuhfKlR+M5pi0xQmYIXxh1TAJz84JpGmboz3xoiCvSqtXF44KlOT/qL6eOQchLCF8buJTcQVZwA9EJlpk8hBNJIaQTttxldm4BpKtcPPSGB8qwYCdSZeWl9AO8CkXrS7iLBwAV85BGNWJh/vuA5x6Men95fp9l67uXzlN977G3/h4Vf+2bMf+FNP/9j/mE4vkUg/bCujFy6Lg6zKddOMG3UHN+eAKutRvh3Q0gZLfMo1D8Ujq8nBdUvA39sp8IpRDPIwha9hnSnmGrcknDcg7InLLSnMsgG+XulHJMwB7/EFikP+j4ic5uwFEvhRDyzgRY4zMPeImDjEfOW8EUPt4HNzlwMIdqdMSmOBucZzFehHwswUdVa4d9AUFD1lj42ONImIZkM2Zx1Fngy8CsRUwKOp9Q+YATqJKZ+PEPBaJp8dpiEy0VWO62hH0pK8waBSQBjrA6O7FS8TJgZ8jHjlglABKJwTwkEjMepzJK42nQLLpKVMHiOJs9mtnoAXLGtGwwgS464MiAbJfkwovSmqKFlcJyb/paiEOpfGOrjRYJCmahOQneyfWMgh+058uexEtAu1trVGbFFrdbWW4s7MQfHdOeNhmw5rrZ2e4kYWZPX38fRpY+cmkb4exP0dHmmZ7N6vifT1HNG1q+EnPMFm2kVajKDgHDkh2H3HkYz+wlJzzMc0NVi3QqFrrG8OqlDtknnTVAAcvzFWj0+7QSQRaiAq7DLDVHHY8IediP1HL8emCquLeGpAZqBhvp1P/S8JSiqT7JHGher5ok0LqfZ8iQajPc9lU2Kzr2wDEDNJV8RB0thJKcSWPBKQ2tFh6G788yJbf3NYLFFm4zYnSQeTH0pKSOEwJZMlguSVAp4+sbAQolOoGy0EJVPXUH0eFDswHbannEW/hD4q/9QXhmU4gqZRn+1fMXulpswAKDt093efESEax+FWBgFMtZissmaIYpyPib/9j6bTDTk8dJWehjbWjgX5MRu+HG3NBrGk0hlNLIQuE4XR13mHcbUujTtqc0ZRbT7YgfEJTskwPzA4ZhkFlIytbzYgIAtsmgSRrwkYYrZgKVyudbr1R701iL4OjSmoTmDvAvDVHQBnRiw+vHMfd6yKw5k5rZ9z1ujCfGmt7c+/uH/qZ9rv/Bp95md4vwiR7Ds30lPEjAKTRtH11+KMDJwpsgI/BGOpLL4KgUb7QMzaTo6/sSzA4IQHZ5fvNyUhUM0PYg3AOjtTxHtTLjpFMlOWQZhnSmpcgVwtNV1Hxkdn9mgzDVKDlbjjYGoY64Bgft0xJBp1jXy1w9jXP1Psa2qSXAVinOwUw+kpmCYdlSWgI0JISzEDoUoyDsDOUTsFMehwpBSAx9YhYLdOMNFBmuNd8LPkeMJnirM/TZDzahaCGD/5l24qBoEVIRLxnJmQnI6rqIiNm3jqzOz+vO+slhDPJIZnYkEKA67TKGXCrH6qejTPNZS1ZhYJtJkfh5xKl1dCAYmKSVyNVhQXKCtCaZDAo7uHIA9ACG+Wo0PChY06kGihVCBQW82l9ji/Hzqb6koRMBekqLNNJpSLttJv7f20VLrsQw51+1w/cCIPEMgK5Bjcwb85YrO9fcm0pv5+YGzni9gWSYdDFnGYcjX36XrLLarPZyOhENE6jDbmwOF2U6cxng491SBwlThR3TrRokKQ7vdBAEJieGOGeywyfo+DLZnWlT5rCTaR5su0i4FYU2f2JDpGHCqh9iWAl3yDKOg10RjP84ookClZRcFC1lroCU7WpjhJo24WJueK4+2BWZ9gt8AoGGBuO1M7AvbKAMAcOChtoJwQDvj06KilWjLiObxD5ATjFIxtwOD+mMhnWIcElKbSAKQj844XZ4FpDamldB8FTPB1k+Gzgl8d6HOfZ+QO6RZohFWsb5hJTMyIUptZCxx04xIhqswKctiTo4GhMs3bm2dOzjTuoST0AMaEdKFGT/I1XzB5KB2phUJOaUeKBdHzp2iEQ6dZDIuLDbmUD5BaZnWzktRMpyr5Hq+HwXSXlM5osCntmNruEAzWME3t7v700kv7s5e2u6e9K9OF9O0AYNQ4k8m/JqrVohbxZ8JZ82SGO0VJHcyciYWnphO9amF8RofUOspMRP2HPBIyBKKpoSlGLowt58bllUJrIuqvbacs1OJ5Nl7F3CMFwMk4YEJ0EyYAZ37qrqpCUr+rVSy1GUwyDpNkwkCPJmbTFzUCPwetjoPTpGec0BHCcu+jMrdJrBmQCSx+DFi8IrQYNxMGHFz2QudVkDbbNu23zpBnIF8NaVNqPc3xdCeb7OqSAr8JSJlXV8Dn0O2441XhSR57fkJRtZjZVz5vu2RmQoXVVMsozN+N1+0qw49pfCPA+lpTsKw4lkDkBoSz8qVnEzaTXRIS2YV3Um/a/++/xidz6HCMMHmwISrvkubUgM6PHBR8OFA34yfa6ZB8Fv2VxvAguZNwb3YCshDUNUGSBrH7t9QZJc5C2VBrWaLRzEC7wAf5LpRP8h3eP6Gb45sbFYmXUDjRMaVD2MPwYZeJ2jcL/MlPMs4LMkCoevwWAobiS4IKO6ZFdJDSn7impAcJsPvFwKQYx2apqCrnPH3IQxSorsQo+JMiWoZ8trrwHIcIHGTTAEzaITDoWLSWtbx5WqW5RlB4EJgQJJO/eFYZ0+qGTaAi5N0LiZ1r2QUah8PFlvimHFw8EMo3idIrDYSsYPzD9udqjCPBrJTB1YRljxBtiNaYW06Lh65wVqg86QV4aAlU9eE2/TNy0dNTuX8m28Z3T2k7ZfAY32RPM5MZ4swCn1SqsI5Ts9AAQ8FHZA1qPBEYkLN0x4+5EJ81bkNHythCpg8DWvXZFwwSkK+ZkONrhn91l7JIKDFAz7pjNhaxWToA2gKMrhph6wlNclaOijwtl6Rs1Q5pwlQq27ZFqlOvWQ1C6u4RLIAEJzeinqpIGYyF1g5zfQU2UMwLepqiu8LYXxLgDoAY0uUVqnWBxKMy9rWyUoXEgCNxo66r+8QIZrmIwjWe4rzYD5G02fCw2R3hYJupWhh9kw/hdkxf98vQMgBjO0xHyZlisW7MuEQkofi5IEdv0ZwGH9sX4/zME5v3ssToUwY4Z3JwgorAUnCZwmqOIXgWIdu8OvUm9Yy2CJNQDbJNRL6XUHUwoDy2NxERVj7jm38imq+I7EK0064Lc1kTAdeAj06T3+NByeQbzFpanE6s8hGBVyXJcV901Qq8djKNpBkEoGpQldNEHPYWsR+SYh7awx7GZTIrxEZRtc9FVJLEuxJCv4EcsZllaARmg9FIiM74zDyrvvc2KFZJ9bFG2gkNVUiYhBp74J7ZfAh3Dnwr9A9m/Fjrk+0MiuC3JN7K2yrA0SgGw+ewoUOKjsOc5/qomuBtcEqJebBorlJBUSAAdwmZwh93kmNMwD+iEbuI4uGTG11rQVHaDCUxLMH7ZNyLDZJDEX+/VPdnzqKlOIvFDiRU0aVI2ocw9E3hO86Tj4FVnAEq82eazRiZUMlS7udW1T62mDdsOul1pkIo5ZyiczKg5YFEzaRKbDRinIQzSUL6oBgP61CtGFVxjqmtyi6OgQ4fcmcDp78zxNreTTRjIyJibsJ3vN3TNn5ddsJg/Nc1JEfp7siiwHQQ66gyRA0LfWMigXMoVzanjm9DmB4S3TQBsybS5LLLMvocUcvyzBrdO+I2KeCPUhVsrXPC29eXOeqVFgHDV8ZqGXSV4yZRVosI5BcG3OilmlLvluyFFWeYmUFVo9LeYtrW11w/wLksixWrKVn6bQhYjnz7XMkQDXumRL0afQ5UAK3hKrksIUxVGfXSmHwSivGtl2dK0yg8i9oNU5ksMSJkjrdmFtp/FbU5mbyKQGDUsnyAgWYYZJl8TjdXYvYIdnlmu6CrCDYyVkcVu8fIg4gc4SP5wDpex3DEDCsmkwddc0WC5AjhyT2wP7/qJR3paMxtyHoS2ZqM/u4w2dGs0NW9uQ6CNQwc9xZBaiIyPiHirDmgTOn9sBmtQHa1rOS9g/MazpXJkBMZrxKFGE0jW8k8GTXBSMoKs4DHDGb2Uou+2gPHYCYKGZqU7A5iDEIwo1lGL0c0ZPTU6CNzFiZtltrUIwqkWVNHD0wvE3GRGEeKJCIwmvQwNVaarKVYM0NHSHeLlhPvvQ8NvyCF6y0SE/ucDlJGA8M8FyplYDV3xu8pYlun/zfaWo3zrFcS4Oh9EFd8IoLoRZ0pWZRBxqFrJPVzcDGY3GjwR5qbjdCQmcZbMgvVx1AK3U5uNuV1HRH8Y+NCIc8oTXCD4ZLVAyqbGEq0kEApxeaAyasYScpfoxILIJ0HeLaYurGlXC/WpsZ657AeFgy2xlvjTd9CgOblN05UK1WV8V3EC/ppgX4cdL2zNMVmeZ0pFiWxl2/PCT3AxTxGwe3zQdxSdv7/8PbfcbclV2Egulbtc77vhs45SK1WVkstuoUSEkIiCmQkSxgsMxjG2J4Zh9+zx+k3Hj/bzx5nMPb42eYBxtgzgA0mG8sYjEESICQklFoJ5dhSSx3U6d773e+cXev9UbViVe1zvhae3bfvPWfvqlVrrVq5atexQFxpJ0y1x3A5CESIhiWgWk1Sr1Jmv3YyIAdu+MSO2E2D9fNuGHqtQEMYP0nmJ2EABtSPUGQwbUYePu8DlUu57IhMuCFjSWkRfJslgNrdSSsaO6QV4RBNFORB+YZyvon4kLYyaqhdDnn2Yjan3Ha4BdOA3KUvH1jLxc3psQ6x+iGQYIYOeIevy1nf0sW1Ff+qW7/k00Fbizr6G1tWGyuEUDMbI9p/okeHy3nzgA3OFrFQiHGlBI1dVHKskxzBKe3dhwb7Hu5OkBxb2qjAMaEoes9hc8FW5APlXQDk06QIwLw5NRYNq6TlBgFgNrkBW/ACvcoxAgQHTHz8KRLI4Z8qGIy2HdK8biOBIi7//pjykyM7IbGiVQ+hQODfC5DqLJmOgkFpw1yybIo6h5JzGrrMpMg7oeaIY7V3FpqRKG5ExsiNrEltY9+BsetuBZ92vYFHrMI/2AfB79upFDri9d99HY0z0R099QZHbD7roRRBirxVyeHDjhklLwM6jw5x0s+kOmMwYSNvuKFbAMwJS0Z40NLI3R0cvboscog1WIlXKfJZ7J7r07fYvZGAUWVpsSVxcewiiy5osXMXFj2aAfqD2tHljjWtISrtQuhUt6v8q5l0c7FwsSOp3qT6lL26Cpqg6//eCMhzMYSFCLX8Foa6TBfv9mx+jw8FROu4+jgzBIMiD8JfEarxJWuOagfFnwQaKP4VCnaXs+KIZmy1geIyoAgg2yvgip9751Xadd+p6x3Nh/ZfGUxeVyYTo/JRyibGE2CIkCZMiUB6eoqqbmsci+aR/bAwbUFfbBaKi1JhVbS1CRSWHEeBfXUqyGa1a9bKPWtcjShZSSDfcnCxVeKVRxt3NVaCamFX3s5ntKv4dj0O2Ju2RVdeR8wJNs1lPQ7eoBDACmvfHrdgwXGxh5i2AiN/rtMqQHS9QzBi0g8+g8z1jHFQ1wGoAfYlk4Y71u5r7NJIcEwmudZnnVAAaIeW6AGCAqj6N+GLuvtqbgDMD2sxfYF2Hl1n1BAU7Ebfz5mItnORSTaIqOyK1LQKZTWLLWhX6HtWIIweEmklA/WY6QCnRRU53bWUWpffYCbIe4/iIQDEga1lAf4kzsDNkZkPazXtZAQSbEuJwhDRqTTFCe1mepEQG9R6RNtpi3BKGtYGsOUOut0iYfT2a93UyrS0GLh9ulyDyMUxd+wmQkk6SW6rCw+XSkINGQwCxELt0KFMRDNikkCtiGUK7RSpxoJW2SD38o19P1MaGs2t2Fo4ftL5sQzXOa6kYNtCqw4TnS9wV0NZrIW1KHVdDjU8iR6Oe5o4WiHrgCx+wTiThdbTc7X50IQaRlwkpSco6Y4VAd14CQvhUe/yTxVZj0OwJzY1tbDKX9Fb6QfmgY5i9CzgaakYRXh12toZDyauWi0TZVEHWyDnTQz5ncuhwFGsJMbFYktA6QGiw4MAlMzKIqWltjK8MeZoQbbbpLl7BU/XdXyjtLMFxequx25L1BRjwVoGssdjkpkU5ipKdLM0dLgfGC4+i2N2+6sjtVFlvsopGMRgMI+O9i5WBUBxjqNeYegemfGz5l1x0o02QVTamN4ELBdExUyK5V71UmK6pClYpegcYkdOu0JeIMh70phCAVh7GbPHWp0gTYRTGcnG/+KOzHj2Y3V/6L2IQ3awO90+7YbchhIrZ/H87E5gb541EOJrffWDeFvL+5GEBlO/pF9YvYyxDgESMRpVayoicbQdVskjFSTW6rk07tbLwldvIriL4ZzNJngsL4YUf40CrEiAnSPxLKhIM+y0Q9UYJZN81m1rw34NkUUywjMrKF2DBK1rt/lqd8TmaVAYGHgR6NHT3unsrfXchLHUcvPqluprajxLSza75d646WBQj9g4u2t7CQ72Q6+1NxZNxy58jckGKbfgFpQwwsLBZ3O3ZjnLiDVZ8cJlBUv/DpDbcHDPyxuUMRLd0zlivBXrjo1SuGaIDqY4rUW+EHnxIyHBmdkIox+NWLj+g0oM2HVFEFeQK65ldRJTdYLIyltip2FIM7rlPePesyiX2Y7V+vw2yAYnAO3DIW4+mHf3T4R0iySG3ySJPMIoNnF86FFHJ1KKBUTdd43QYZdBtlcQRja8jYzuNNlDRK0Wxf7LWIYsCBtXSM2cD02hHaxljhe4vZnH8HqwNJcL8XYb+JpwzqW1XbdzkimgGnN3BCYEW8sluR7ooYyZepKMFUiR/ALtFw8l4nOCkKCPlRrrviwPLFzJpTtxEfaDODhR9NIDuxQ/hGPtmloWGN9l8bEf9jU+MbyxdSP7JEIzETfQUkMZaBELsNysxHUpIADCRGXxM/6q7d4hjnRooj4amNY23q4gBnwOkn0CpIjAn4IzSoZHL8TVBFsSjd6kjMXDv4rnJUzAm3F2X0sx8MJlDGWhBBaHW56ycqMjH1ZmRAZHUtSUEhRwc61qbGICFE5h3ZK1gLCvp4oMGgfTdAm4+fboV2N6tHROPKJmjmtWyZTHKogHOBpL8N/HA5HsW2hOXpOv5LdwtuV+blTUG9kzjOuskiBpOaADPFZYR5UP0Fyl0doOzcFkm9C/+KVByTz+fpO7WzIeV4zroSrj9muuIpOkcivb0nTwWuPx9sik5S3TFUB7hXyeNMrXSkdFjX+fsJmUdnEmOuwmpic7cQZnx58iAL7Kw1ZjECp1CsnRbqtlkAaKvEvIKxxzPhDpURxwMr8jpol8PwQEyMa8I0DSF2qw+hfF1HUvwIgPbLCKVOLU7uaP5pwX8c6mNFM52fN6Ymij1YvRgcXU+hS/L5P3NztDCLHWajBXUeyYcr6JyDE5WjDlLu2KCxWeNzUEbqa11m83WehcuqFFxkxEpwF0YLPaIaaksahh86bctrz1TwABIEMu45ndrWgbCao8uOdH+b9XMwr8HBVJ9Skg78k0mC9T2LFvJf+PN9W8MOYdBEwdR81XmRc0RpZf4kHrA8xAKuu7an8usvIHLMmEuCydbyL/oLHoSyDGomBNcfgqljkwss0YKWp2CbHk507QLiyRgIEgMIbgoInhNf5FUQHfkksqJPAkjJeD9Ijq7hULv6yQBNMio4QUdKAFDcKyE8a1jxwNprWEeY1rE+9bKDFWNMyXXbgzaLc6qLQjb7NUp6+SpPZQpJEhmCkz0k6NI5GpACMI0TqFTm41Vayp9CeAjKvttFpPE3dAXrZr6cUA2jnMvaPoVmXaNsHgy12pYNrkVsMSY5wd3iAuW+GXBwgmKOnh6/ankItVLAmtYKP9eWyWV0FVvGRgDYPgsV3WBXbEhdQdGxaBmaYFvVsS7+huOtsQGhSgZuAm20QzR/WDiQvdyz58M8mu0YVLcq1OS4u3oFWUwNqvBTPUz5Urf5cDHVVbgT+2xXsWFYbNymFuwYXuunbuJlcwlns9wtsaYwt6gcY2arRGbzeOwfWKsbAS4bWi56wVG4MGRVKww7ee7w9uqk0+AVrgXUwGflIz6vah6T7UVgzIdK5QkW0fGxvJPO+Zh2D1nNG0oyyg0oxdBy2DNeZ0P31qB93VrQ+XeozseeSaQ2HzOPZ1vzduzFuthvbHIeVFrTyZ+ZEm5Z9egimxnjFZYKA38+MdFJh6Zyf34vt2ulgG4yR0mSOBB/aOaV3g5k5b3XawfQN8q7QDoPva+U4JsjXkzaDS0YUCwd0vSnII78AGQ4PzJCwPQw6zlPMMkk9/y1gD7N3f7T9bi2PB9KKIZXHYqaC25c5m5NSh73VavW5/52N/o6Y9+jmMFwBzDFsHBDfqsZD4Q6/HXvwbX8jBIOm3nuR3uy3BXWSjcUZdl9d8MDFkO19qPFzHGk51J1RJG9DYLTS4YXfOQEySCrJLPU4ylTZkDHjWXT5E6fg4H1+4uH3kYSQCnIrP7viksRruCp4e47WPpwgVjbgYMA7MVKjdkIM7VPHpJp9jbAkGK8/Sl/ytiN7Jrx0sO2F2UxRqEHwGFAfh2/KI+wUDfP5QmQZbMegEQvqYM0c3VWSf1Y/VkCGoAKHJTslXfDz+/bi8u4wjGAS2WjQgDNqtc/da6tdSqxPWeDEr9Vw+Ql35ZVdBYxhBuil0pJP91YbxEkTbvjNomBow/CxW3pMfJlpnnNsF4E0XdA44ROxk+QkGJEGLbbWtdRCowkMgrxL1F/+RX7dz9qu/U952gv7ENM6n+kaW5w7UIEvdMbvcc/VaHqpoEAbsuKAbyfLuVmq6YWxgjmtfqm8Oi6SboqseFEFaoSJsIjohu6LHX7lY4JZqOra7XnpykQt2602o9cRiSnQQyxjFCM1vvQiSjslkJ7HKFWpjtQFt7iQ6b+8jIJmSeU+jfUzBN8gaE0XXD8qV1EomFybZurBdtlrSy2diHFP8MmIoB+0MziwMM51RBfsVJV+U9OIt2mab+AF7BjxKesSRQ/ycpaMKEImZAbNkLGJhD285QahmTBkFQqO+t+Ghs5ciYdEbAbrXK6UNGoFgX8wiI72rOePGdn9Jo6RuBlXlPJKKF/Lb1VWq5c0IQcC8KUEGlFo/gVvOeiGDurF+DIIsBSzKXoMqgHJQR3EwPT8IrBXyqOUxmTZOZdE1kaNnNKKSAIkDFKE3Suxifth92u9Sya6b0OxYnYgFMfQTH0Fdi43mDWCQhgyh+dxbjXAeM3yQtey4ixtd19CR+CwWq2ULAZLbZVABGmGoHWtBWNZy7fq2yjY3KjetfvDKM6itMQzwAYOXbr1b+VzenCaE6cw1p5//7fSkFxxc8QSa1ogEmMzAaJBS5AULkUrzj1goz+JFaRSWYrPVsbtYF+XWQynRSMhFO1Kt4uSDdmG6ieetde2u+oy/1ipt3xWSTqVymRGUGS082cuZLl+h3LUHzDL6QBGiczMBNEqga+aCrVrtRgCDBN3fW9m7gbVWS3VI18GfG9SYoTidxsAFmy4jNoyoj3qUOLmx9kuUs001R6lgH06vDQa555hEPKr8MwrUJLbqEMXmyar4EALLscW/Q8uYBHurdjF9O5kM+2kLJYY4XMW3nqsTSmF/dwSTYDyN9xZe0Fxaa+ySRBsOcVUvYx0CCShmTjBwiNX26DzdkvEt+J7IxLQeMXjQgI9tCkaVWrgWKdsltCH/1FKuOyaQ7Xu18Gg2QleuOHG2AtO6oaaWERVNMLAw+Z6kvXWaOXpQQXKgSDNp1saYpgTmoBsOAGw+KQ0aRV1wpwyTFHOyOoiIgmDhMvqOjn6TPxhPz9ZQWOnHB2x9sNX6CgfdDl+ZGJHDjsWWsMt2IIe542iTxoNjHnKIZajw+2BjGuCEDO1dS4g0ClmKpsGVjjK5ZB9CNhGGDmEGFO+tyaV96pQsBGGtuVClFr0zY6D6I78LK5IMEZca3ZZig1erJiroX77sxbGm11OjaMZgoiAghBvUIgPsA37rxVlu7J1OV7hFxKETWjk03KtgeU77UwDVbznBhC4VLlkiM1kCvTW8rEqs9Taz1st5ojDFfeeuj1jO9X6VbKrYBZ8+yis838f+COok+WpLpEVNPRvBArfb2ODuilm2RudeB2FGNi69R6M7T88QiiInyvCQQfkt53HmHOcFqgTSkg2pTHX3OaHlfSsbCEiYADBNp8484xshbyCtCVIxn0H1GDEZS27VafAjiMTy7FRV7kx8t/wh+tA0H1/FB+VsDHJfkMJYzd3yV8dhheyg8SNePuvX1PbdgxR9k1YcNPIBRUPkjScj32ZZ7/bBzYt628WpoRVGYYeJkzV0CVh21IGlmH+aQAXzJMJh8ORQj+c5/CAE7QjARxahn0TxLGJzcw9MB5mnDHoSkQKAfTmGxihSsx2uxaahzz1UsIM2e1LR5PmW8xB4tRPtHmAb45kAeld3Ewk1apZ9w/D34rWb8xQ/tE3M6PuwY79NZjuuUfF4PGp/0JOiQoNg0NkUG6eSSm+JZ0ySoP0AcgvYGdkT4okAiKn8nLEdcmwiSKVsPBhT00RC9e/dE3EiaxKDvwZWt3IUxIFdmQlymiHkYyuc1uR2GVPn3JULlky7aon7IZxdjOlEWTampDDJDSEZxhdqNFC8O3kISG5y3bSoORpxBwfENdOk7qBta+2wxsC8CzGEsdZu5RxeQpBYp/zfhtbxszZYmiP0SHhgvuOCed5Tz3vw6n1nF52EsM9txKYRb3UtezpOq0WLRWrvQHeZbvQ7JLG3CT5cXeEZReEL/MYhtMd8WRPfhhPE89XlFbVS5C9y/5T+42YMkmt64wt9RN4FXwsF3j4YURw6ze5wcRw7VrVsaKKocFWlZidci4UElAkICQ+JpDCfFDCxGnSAnsz3tgCWIv2Uho+6wGvuEAOzXlLQ68/vWrg4JMSTfrbs0pFt76AiNefxneAiE4W2QNxw8tkHrqWaI5/3xMQLrc8ed/YNFd3ly0f/nec8FyuBblJQC0cS3eLF/IE6tiQtpVkLDjgn9mtlsW7kBUIg9mnryV+zJumrOU09uFOt7E2GeO7+KAZbRwKTylZDOOvimNI4iRFgG1H7mPjGAdfjAvpT2y2ltOqEQUR8eoPNTQeq7eJnrV3ochmKj4BqY3G1toPWa60XDxnNYjHMTGsIJ/s2xtrkMSfRF8ENNWBbdhcx2sHbpwttdl7EMXBXntuFJrJfrb0DFrYQQtVqE5ZX9mWTOcd2XXTYrDcDGhkBQSz6b6s3C64NoJ53i4aRLHk2EhKRs2OQv9HSYhagzBGSXkkN3eov23DQarR/t77ZDNaQ2REq09LqpJu7esa63002vvqqN7DYLaNKR5vXyTpYp7DllUUWcyUUaKNGdNsZRaR1a5C15nEZsFkstfGe2ahpRgBe/zApRHebvfRs4xgBXn+dSHGMIJyTHVgM1B9pcjS1+7SdP0UtS9Qzeep0SJ3AMnN3KAY63bUd1tCsvAvTwRx4Tu0+9vDIfQXjRgOBTEDYRMf+ywzQk/rW5aNJ/wbZkYo09ZjjyjeegY5Wb4cDGzotMU4rS6SJqXhdpozqNWToSjyLUP17g6rzpMY5xqDWtC5ha19svLll7qKNnCAiYk9Fs3bcWw9Jx2wUiu6Yw3btCFGDtBgqAIDbPtojyLz+4Qz6Th8uhiXscldDJL8oau0it3SGje0JZYJMcyYgxASQ6i8asROtxoMQTThWmEk6z1aCIiULz/qLRqXXOItZ6CWzaFUMzYYLxYkasRnf7HoiaF2/6eurrtC/O2BUMINdekcouZrIICwX1xzYEs0RaFzXNT7Di4XfaDhW3Lo+3brdXmgIXJHeC4G4z57sgz4E0dbQo+A6SpDshb4XGcvbbdwmG/0rDNeVmHFtAFkml9RFPKB50P5Am2mrH8KZuqHN8hXSy+XqbES8UaHFee2N3n4jONEvVrh9hhbSCWB0els/I3ppG4QPDqW+QaF9FecxF5VHcr5YtVp6tjcmS6IPqvJhDSq+bsbTVqPQLsdONK3NPOl+9/oHEROltFTYqzZTDYVPJJcQ82WKHRMRuuzRcs+G/Z7YMjckn1Cdj82wFgJTtykXMHqXXtC5g1jqt3G+c09vGGBU4vYUbxtPs3zusjDUWmGCrk/dbayMWxT1ONGluUtrwxpotug9YlA0DCe3WBy6A1g1oY7N2XeJ0WUUfLPFD9FKflwCbYDWWtnCuLuxRepZsrZAYHlfc6c2tPfIt76m1RaBHm+22PevXQFFIHlQ8Bo2xtB2HOYFmaWmq7MxRsSMHPRMDpm/h/E6N9Vw2nb2eC7/TIPkVNWgVJpPsF3MDN+bmBLdNza401tVEGrQT0REmYiFy1FCcbRO4sPeu/boefC9XdcyP/qVGoOW06bu1awLFK4RRM2SwGEZYalkneAyocUIekiF4tPHHDE2EEbV6m5SVto3Xby5MM7LdosY7CcSK6vlunxnf6iCHD0eMWc/iKRuDTA42yWUP2IG7rv0Zc3k3MoYGcWud8V+7gVBAe5GDHU3LiR0VsAEbHcweRbyXNMevZhyLYHkVuUng+lGNV05HdVfuzdDrd2s8PiopZHLvkiMaipym1z9pKWktzYlTTVRoMG8SFvsVpKWM7dQrjYQ4rJhNGUV551rBSOc3c1yZ/FE8oCYWdMTVQy+vGPj3FoWABBZ9XGPSpBn7IPOVz0ExJ1gHsdqZELWGWSBWhhRkHO4F2+OOqThlRWmlBBLqVfdRmsYqa6Syetg0JxZ1TAZajRhyq6xxGOZY03KrpMA7DNJSWCgtk0aVO0p2ggpSL5d0sF6gq5ZOShQik3zCm4WtP3iWk/pAp6Mmw5P7BPYksTqtVPhCqpdTRLAcR0SXDMfMPpli66pFlERes0oTRDmmFN7RVPPltyQA1UePMPAmA7TsmWLs0hqUgFKZbM1LBXPqq9WnbVR2G5NRgQVjl8T85ZWCC7RN/tHo9SKOpjtr2TTDYQoS0JsXU210yOct96qUb0QONlVCvKpjtIx9pg6Q8xxlZLWGhgSDPXcwCXJvnHvt9NUuKw0Chznp6ynhJDRiUQuxAAykBu669YFCvHMVu44T9Ryo/YWpwkUXme2S3/OQHmUWkQM9FZ/bYCguNnFRFZ+E2YYO96SLt2KnvERLX3Xb3AoilLsocVZIj3RkMCx0kg9pzBDJNPPPhLNLALVBtSDgMTeIZgPRWBEaKInsmKsltmL61K0KdG/iVXQzZGlVD6KZrtxO66n2hzqph61iwUdGnhbbZ1RCcUlN+uHeT1uyMA6Qs9QtHxThIvDtN+DIxibTXvfNh4FJMZDeWvPlguI6nSQUcBR0Gt9B6mAyQoTIq6sSUH+6ScAbk89uA5l99mVzNFNdVETdrYWSXLNotdQ7QlIkPmAJrGMV+CmRGPNfBN4Qdl5ObDcjY2DHaFuesMEhd5u5tYBb3WAhdsEmjgQ3AUVHd1so2p1b36SbZc6lsWwxzo0x2iZu+IP9+FGDVxtRANeVZZSTe/yrTlzEtVzlgv5g+iUQmQXYUbm7RCd357TNnZQl0kOWsJgHu0DstQtWjdLQdvScthGyW1BEQdVp3Z1lCju8hrYFzA8RhvT6w5/eYw18cTkw4PoZcyOvl3nQhEbWvL2IWDXnYkOXBMuG3zUz5duC0ldkUWJOByewRHaCcU6KAIAv7kyJNsgQPWsYMt2N3Z33Ts8hUKuzog/KqS5uskwBKers98M3bEqzDPxzUCQNdQAgEzZ71yNIwJIXMY+MrgoRcj/tqq/osW2pmOg0B3jzCgGcxiNhmYFPbDdATWo6Imova/pbKdLHFKib7M5sdekL/zNTW/bnNuSf1ErVoUTPk6T6bdRTiEDelep3RAJQ1kzwqw0SV07d2pJbBtjZ4e2vWus2mqFtftNRNiwAoDKTjgE4BqRRZVpKPE3AZ8ULaMXhUiofXqqoZaktuqreaCMVGwsUJJRijkZmiD0vdo4YREfZIX2NzE04Z3/DMpOAVXfxI3tkE4F0aZ+TVvQudB/ENHWwYgnCkqQSRkIgGbACSCX+FPMgbULpmJD7UiKUSNpIYlabhN0BX1HT6ovr3meL5d0tSpClFJq2w/9ixePEm3W33xu6WISukWc8r2BrzxqiUU+aBP6Fk/tkrMVPfJ95a6mCdAJ2KrItvmC4xgCSMiEiMT5I5FAMDg2Bx23ZpDUvfL7Ar0gfmwER7fHpqSyIbYfDtHrYeWVjK4P82+IvgRTso9p8NkDGGLoMUM5URMRwSzyERFS3WavJnusPwPv59yVS9Rb97Mn2vtfizF6bRLDMIvD7u7SreyjXB4mZDLLKUTtxzwXbdizCqAFC4dEa5vLX957OWs7jEfDndHcDR2nbb9I1D7T0DFSe+AQGogQWmns62Y/otoD0QqEVaoqFQKmMtlLnYhGetYjkIbZjo3v2V1ix9R5cAE27JDGFiWNbVw/92J0CLbRwMF9FOYk14jbwuXIkGXNM0lKF9Ol5HO/y+4bFymNc+HlU2rfERQLWxE/eXXC7xrdZdPCh3ANqMzydH9rj24u9jQINiZwaJ2Q/XvKnc7IsGNMEuqV5A7CWCxNJ9Ogm3y65K0/uDFAHUcc8EeJ2JpAa5k1jQlA+burIYsXGdVk6FQl33rWTreupSqml0TXBwPuDBElpWQzaliO9gPyTz2XK/vDxmL1s8mRymTZVNi192N1mDm0xz047Bf2vxZeWsb2DMc2RKZMJfNMOaXjNCWsGdc+5YuTXb1q0UKbDsoLnRd9qEnGdqHXVsNrCYZ6LU12JFa8Ta1rlDNOkQLyY92Q4ZdSIVvbWI4uwPh3tTY+txRQAb0v6do7CrVXPX+ocHdhcbbeFMytc8WmnDYI44w5WYwOg06VXVgeMvoqPkkuzoUEEMcpKwbABRhXp/KWyKIx8AqONOJoA0ss0+QSbHehUZV+qk8qPs7x++6WcAwkD+pPtk1AIN4ZIdpDuNslADDLDswSnhKzvc+fM+GnpK7DjCrTvZI5VAtSW8Q+qMtByBpuxNOE6JysoOkopQbFDxxDOlUA4jC8adyWu/xKQi/AMMJpk41q5rh8GMm3ujA4gtw96pXNDG+ZikHWHSRcBFXkIbhm7SggVWIsflqqlHdKK+GpQNXpE1mTN91HYaJnUiUQeZeudXjOG5XBSxJibSRPkCiIMsEPGY/Iarit/I8RsieFLONEpvfaCuErer4RS0wQmG4o6T2ImQLUSSL+CT4GH9HT3XfhRzIJIKzNGiV1FAkp2LEb/aDECwyCOwlq1LjV3O7CJ5ljuuIz7mZclOtZg9jG9nqpcMaqRRgMZ4wd6kPu9LLyaaniuNbITnQ3oUfLndZKwPgahCjMpiY+Ue2L08Twyjc03/x4Bn4Z2g6qQ9ua/4iKeLNnJ7uXTFlAzFusno735ZbkWcXamCA0LcmNYjIfYwBdbOba92TJhk5ACZKal+BNunubpb+3yR2h8hY7wIFi2TlwpXoSVlxHtZvwQwayqz4Sqa9SIoFDw5llk1hACPGi8UYFWQqJiAiJ6Pih7ft/ET//Qbzu9un2V8H6jLHEIgYlIOgYjZZpgfYg5MFYesGRB9GcdSI3Q6IhvdoNtL/7ak0BQVnw7e6aQRsPNFxtSbAbBMbmkVp8lWkeEQLnGFq3BQBA6nNi6Wohjh3HM/ZpSD6DkwHWXDABkgiFo5enMOLjylbjAKZ5uvdpyGSmauBDF4bp92pKhsNr3Kw1cqFja7W78fGJBm3HQqKQxaLMWHQc1ElOuuMv+EUP0KC85N13dpexVKt6/fuY7655UPuR2nfMdoLZ46Ixc1WrBtFAe7UiBMbnRadF1JKg2dpCDDq6qKlqtFjtzbYaQ42DTs2+9pPSva9YcbSjnBSSkUoj/FDzPeQ6kMhTGzwuXCYTswFPHTkMah72UV0YJt5oe7fn8Qz8dWxjVW0/Dks0thM89AK+QbMmbg5XGzC75mOz39j5vv3xS3fOQ401JjjevvbZxHjXFXYpL4l9jAvGGOjtnjLYi/oyEA3IIPncJzvqYthNxP97XDSezQGfgyWqScZ4BJd7+G79rwuwHhsPFnt1xGnX2q/LNsnetd5hz/Cs5Dy78XQ9+ptm+S27zqOOKemjt5dW7lTyx+CXDBCMMimJom/kHy9C938KguV/ykCZaIacgTLkGSjTI3fP7/zZ/Nafobt+AS6eRwKkGSmr8GsMxh+aSDKEyt2ooM1/yG/6tmm/NOrT6CsU5v6AJSqo9q5hs8RcLZyG+bXi7G31AE0ic5pYKXnHKqcFbquSO4y5p6s7+mO2Ia3T7KHRS7P1ac+qUwgpG5jDR/z7KyzLlVG68AwlJ5fqqasHNKtSrcciU1pzVHHFwFXabPIDYNdwulk+ymRw/NHGBNFJ+Jo6+lVfX+DXa6dSoG+khJBpqlZ9SbzKekhhN79XQLbcRHYIs7qiEHrFnt0VO6aaSjoNehqTqbg12NbfdShvDhsTi/VHsmQ0kTHiVas69aATQaFwJJWa4q2Y0L4whAX8XvrEIxokQYUncMb5Zv/a8HCLTv02HNrUjvxYvTKVMa9apiS/IiHDEk9c+9RjBxCAeyRdXbOHzyhfDRpkARCRqvxY/qlZrJPqZkOrNWqIgIlVDBHIlDuD2KKp/y6EKUyvGRPqFDSLGMY2+pHs+FYPGWX3InfLBEt7vUmhTbk5eveJioqVwrCA2pFO2DaeS66jXczDpqOhBayihfuITh0sHDAI+Pd1wViM2M/hyk2NZkOYwTIIr0k4eTAWTyxbZNXY8akYN5Jmd8RUvJs3fltFsGANiSo8UcfFcIVYoiOjbqLZvLgJ3SvTbt9bLotU1rN7xxRMh/p0tyrjLuKVIscKML/4YvjpHEF9VxNkA7L4Jm2zuPpK3VgF3QR7Pz+w1eiWhwJPIqMEIBFZVfIZQGlrkSEg27i0C+fqO3wEnh+6ywGLIQAfxaQYmegFlCM0qMwGZHq5dMWqK2BdUF1P2i7FBBPktlQAWGuz+6K60BazLC9Qov4xKCczutVhr7MWFWTO15347GuRZoSE8zm8eB7yhPkYaAuQgTIgup1Aqp4SCqk0jtZp2iC/P2uNnhbNLM/MDAV7HgJAfiTiyQcdYqtWDY/iiijberFydWj2ofEMRYRW5cO8xRCFtdp6pMYvaGfbt+JmEDDhqn5Xa9CLHoO/FukmUyGSOTbjSlylcbvP4+qTkmzHyBA6l5p30IRLhi9PV55tnFIajbTsgnZG21H7FqE1PGBnyDce9elgpInB3hfxFup+xyYK8Z5q0J5/V9etb1FoSCLQUBhFEQ+NeHbRICN0l7AXILQutpW2iPsgq4nBjB10AYHBaQE93x+jKZGZbo6989IYojubwZ8JtlHETA5jo0mHYx/qiPb6tP0ttUEo1uWUda3QYeaJrxGiXHTwjZtJwfKajUErBsvtiCEQtykHAR8nUJAofyF76Xqvxq843tnhA+UQhTj7xmzcQx+XyZKRyz8a9utvZAX12cUoQX5hLBFgxtH48N5udjK/0133Ho/GHVu5XmMAPZ3UCTmamFhzTt1VFiMM4hjWuUaJUL1DHeITT6SLj5Wm6mz7sXi40wnXhj7GGKDecVMdJDnsKAOEDx30Qs+oMvq1e9n8fxmrAH+UDwyDxaZl9e+IbkKX31Bofggn7kOHnsUfz44bzu2XD3nvjmtYaLOfF21LlE2+2RNIKJZPIzkNg9XgAECW3Yys6S4fYNQrUCwvqnBLA8dEYjbr6l3VSZodsw1nECNZGnSMfBlBOcd1xMOddjuIaH/R1aQ63UhJ4XAO6XKrYMc45CMwG2q9uskotXRIRiBtQQERS0ZFqfpWygBElAEzIswIlGeEKSEi1JVPUzncYxcLddxl4AD13sXoqgx1DsLvj6iXt13dLXLL1bHKbw5I6r3G2+pCgh+xC7Gb+MGAFWDesIl4kuBUq2NhS7lwrAHpjzDcMwZGfulMAku5z4DGcTuxC+LfZTBSOhqwpsRNLCEMTK01c9uE+Jb39x3KVS5LtmuVMGdy74cXIM0tgx2IuzWJVvBJ8rTQEEVBSOgxh2BRB/ZwLcPLhWXj6JCzIIDy7qhdv/YrFoiYEmB5ta1yxqJnFSviYuhH7t62cViVuWNW04iDnpYCuutUusOmlLrILI9jqQjVYilwjnFwHcFKlA7g+1JVOuTDARFAO3jzJYV1C6QO6qEuE75ASBF4RExdCHUsXljrXlys6mKgQzePUkol97OlLMlVRkRV42PRqRWYhkWjS4xEUQciAF+XNQlo9amAaRyxePSMbBu11UIdDLV4pyoBKGKgPI/bVKwbj7eo+WDHggbzCNSuEHucyX+tROvRSQV4hp7hLmS2cZrXsu5l9TRQ4avUgRpdsmINbMIdHsAAb8V8LyftXMPY/LknCJg6VKsxYK62jNs3dDDtnKVFzGMTrfNvU+IKcEhcbZz81x7COt0s3N0u+18q8vatwtCmjeHAzDa2fWRjTo1OQCTEsFH/NiQsSDPa9uVU2B62v28XKubq8THakwGi9QMRkpzcE2bekBD69ZEBNVn1ZxlMvwSYeoVxhH6cwJd2sVLWFsqkDjUov9RGYFxwKfdbn9VpzDGGRUfChn4ZYjwFw7jcGHbNPJfkTGUezR+Q8AQTYEKcMK0AJ0wTYMrTmRm2gBeBjgEmwAQ4IU6AEzcelmhd/twz9eGOPf+pdQGxulT/VSebcCEa9NC8jJaxbABsfJx86Dj5WhaARh5wDzUeJ5+1o/G2Jup08aKhSEnKHUSHqCxEIBqQL7TnUHBpjB5w8MYZoIbHATf0ZTuVEO++VzC+dIFu4CbtBGhQCPGgBRduAnLpxy4zkJVakmK5ZVmn0lAA6khozCIum+blgpmUB3hQtE9DF2+LDcLANQxzww6EfHA5tgLHZX7AKN+G1BFiNufsFAh8s3DH4kI6VOeS2fI0KoaxA1eBqlzpfQ0aKsca/JE7xq13PmLYJ1UujkREdylUQvePvY/8pr+EX1XkfVJqmhcGkCVnd25fmmFniUyIJROPmoAYPRhrwXkWxksKyNLVPmq3P2ihridaLEK+8d6lOy3VqnHwVsHEm+Z26lpW8rtYhVgwoqXo1ll2Thgb1lmrBVaivHZp+ABuPloJ1EKsjIzuZmCN0QUdNlAn0EIKaqG1y6SulmLswoLKBBvlRwD0MtZ2DzIZUp1im2ySQwCQczdt8Ipmm5CVCRPY4fLehH7eJSB7Sm0Xk4PL2+dqnZ18tw4ekfdPSrBTRwdQMTHoyR0WqtZZ2/WuVkOd/RxH8/YayUzHuzWz2QIstRKJ3d2KrnFFrJLGQkLlXrGlKgoDS9ilvcUzEDhygq1s70zUrWF3gtsAb9Djr2hZVIMKF3Ijh2RYaiQU1LB6A0NZlz+7aamx3yCc4KIAc8aQMWpbcaiYsOj24payBFNacgsuj0ZjaPUXmoVhaYPepjR3/Pz6Ufpmv7vSyPfDvLBZL+ZOPhOmOedjAgQ4JgRMNG/PrdcIq1MAOe6W49htaeZ8iGlDL3F50qzNPLFR52KBWl41SDD5LtqpniwGPCPc2f5TeSWVF53l/+hirJhzzSIs+1vq/GAxDlYTHSTES6x0sXasKIu8jtYq104dlMdRl1hcyDyytqXvmkPE2zXODCXOO/jPhqUr/iFask1VIKg1e0uX677QakeDtocLiO2800nQ60KGEDgKZPt5kKickAw/Mo/eiXpsaroAobPDvt8GjPIvtyf7wRuPpqk/ZHWfSwS024ndoL0RfeEJ9u46tK1bCimoMrlheJDnsRjY5Sj/k4ni953L3Os3YwQDu3mxSQEraM8l809jJM2X/qkt1LwYE5Hyx9h6ZFv0nTPe6TMiugF//9tLzPfy60YcgLB7KU9AjjkE1pcxCr15iUh4+zOMziFKEyzc5M7cYvAeFLUfzfM+b5t7Hal28UwX530MexjXNV4oD0mk1ca+tg0iEtbf7azSSTxQmDWp7tWhPSlVGlNnIOE/4wwnldjRtYe6d4fjkKgX2PUqU6PROjanZx/k0VLqZW/uIRL72jqLdlPM2qvzqKH3Uzbwqnk7aKq9P7a78PlS4URMHht6XqRHQ4EJ+Wqw3jHmEbT6JfU5fUNhnUSrr/sQtSAEsew1MoNmodY1qbYkFlO66dPoaTucSz6HrWqcUFKNkfXr3qdMAES4PXrXT06ffi9O63m7AbiQNxfmNMHRQ/joI/N0en7oge1//VtpddmKZlxN+RgyJpzPrx//nNWd3wHr0/xeqB2uBsUjAkPusVBX65kd97s6PuJsebU7vvd6L6U6m5VJgc706YKS3aSmXhWxacW3guywwShIA0gQ2b1w0jBlT5NIDfJ71o55WJsudmNvl3xCTEEpeqVoHFalA1dZtCGQ3PSJkJGSkP/YWq+0AaGZoO7yMjdlsj2WDoCsJ1iCXSFfBALRCUeveor2vBwL3zNUemoXrkGGK6qiWG6MPjzOh+WdhBFMbCElpI4Kf9fCZrdeEktutvjhoZFvoFMQIBgmNoyJwwPyuQTQ8JFAF2cciwCQ67JFeOpEgwQU5PkDfrptiIZQ1xJDCmrgOVF3teeoyY0Q+g+avxmF9Pww2DaBp8xyaVGgydSgadtaW2C/wZPoRgVzkFIJYbWyaAwveHPTyqElBCu1xpFbzpwkXgpFa6WwZzojbERIiXeDoOtsootoZ8lH29WQgEybxmZooI3xD9UNm+5W+a32R9qDiX4bMvnM+vq/pGqGJ1Ll5VHcZOmWE1NTkEKvrT0jmXNcwnRbleK5bqUikLBU82owCTwEM1NOEbTgYpx3Y8z38+sgpIUl7u4Hh/6uNxL5X47PRqFPoyAj295z52zQAIpeqzFpURpFLT4yaoqw1D7V2pPQ5XkInnsxJDBGsishyLR0WWFD3lBDVL3wowD0NVadrxV4uelpab2GA2W1wEPoBhgWbLg/uvZBIOe8GAmILTO2sFoGdyIjtasmfjgtiwT9tfLgjlIrMoPSu8J3gaDLe20GYHx4xKE1m4EDwDNsLCTDJ/1hqODmQzQy0sF20JCSLUyW+a7sWhiioZQ3lm/OX3jHTx9spxmB4HieN5RSTlNanYa0xuOL8zv/U5rzFgER84xE62kF65vuJExg9lKSeiiDlmDMsxfCAC/GzmcHia35AkRh6kawZmRjnMX1gP5LNXWpKYwVq4aBEl/3Cp0UfGT9X5xrQb0KqpdJb0QZPriDZoIZGklshwO98My0qSPwI/WslX1KDisVIgchTKBRPOfq6z+ojqx7aTDThtDCdIMzz+kKQOcMvAux1Hc+j649PP7o6oInu9u4Smq/z4A3i1eTU4EZQEUH+0U1joMGNno4Jp8T0OY2pEcvdMckovomniT/JhWJzTndsoA69rqlC5uSEbFM70w1h1e3PmS8j8F5iNmAqf3kEyBw0JhWyzds7vUQGxi1Horu6L+dSwQjoCInYvoreAgKMOCK8wXmnjHD1sQsoNJ1iuyhOc7oURri1+UYq+OVe/I/bEEmieDHyGQt7X3cZbJicGyCTMuZgc9reaJiGZJGYOGR0+LayVb/NyCj8yjoxEiqF8x7cE0GJ9ot4ACLU78YMduBiiJExUTELD6iZ6AoyrWNn7ySBLoAoDloMQJnc+oSLQthgERnxF666JhTehDV4+66LC1h/vjUnD58G8nYtoOAqQNtQQio+TC+bNzfteq7jHC0el3Gx3hxN167r72KHbs6dqNwjMnhHttnfPokIGMr4xEGRh4AINeg0d6v4XRTsPAfJHxQlncCm+W9Xq1URhz3DUk4UoeaS9iTesd+dHwtNNe4iYblp8be7kxBZVTmJyGtTt3x7ccf+e35w+/CaaKaUtOUgPIMkGGaVqurKdVzpwgnurg6uONr0nP+CKwOIc8ANqSWlKSXCLiW5Vtn9tnlRvMlI0i5p1aOxPUBmnjfWfQgTo29RgHg4oOQKpvESAWVAlnEbKi5qJE9k5s7t6neURq7UlQUXimUVe0bSjBqK/7Uxj9jn63JNAp6w0tDfXX3cS1x2Ndj5ABZzhpDBwgAqYY52qEc1FxwpRoMjQ5XiN6R6nkVbtBaLtW1FBDgmb8qEzVwhFoxE/RY/hm60tyE4+Cp1oZjG8e1WCnJgtQGzCi9kfhrSuYUXKCcXdanrxerZ9WbyCufMkqDasczSRcOisszh2FpkxIM/IRQGqnwcUAruCSnw3S5GhI/OTMHS1bAa+4O1/ovoplfYjUg/83Irby3PSjwo/5hkFhnPJpTliwEAMoyVM+SUnEChfuoOCNoJrbHz+umpAd9GNhMUa46YkmT9YfuVQJh4NNkrG6L/In4uVTZYJtzztmdPbN8ZFTlkkcqtPcAVeEslJYWfSirLiJK/qx7UhKlv/mkHrZwsxCu90lCsTLhof7isOoTWC45q6lz7XNWd4iLycxaoMk2tPKQ0CKQixyzTOqCJ9a2QktpZmHarDgacMkQSFqQs6Jmk3aQJUumoCp9ia8Wk6L3BhO+dkWgDlojaKhmx8DJ1cC1ukBEHYoAELwdiEj4P2MM5atlZoeo5oN55EzigsWwFgDlcJqWNIsA9j4YpbCNc86j1LSd6BAvWloCWKJixjjkYG9UEbH8b4bwtKD4XHYKiJ7zNiWwUm2vKCEjZ9Rjwogz9o7VrNKiedTmpdSTwvqEiN2Xx7bBh+XVR3F16B7qWqo296p1ZrJsvmMEBAOkHh7Dq3hi010v0I71TBNz0lGMJO2kg5EW/acJBEo8M7p461YX59gx+DhQYagSyn4qM/AZDq849ZzXbtcIdJHylmgLMEOeMSGmBFPKiSjVgASntLpkvX7Ot+DhpUCECieiBoQ+NhTrBmEODbbl98CEU57SZqDWvkmqaIeu+8EHFzpx6owYmrPQk4pTsfyiC8DBJoOmciQnAAAkxNQ9Xd8EEM0DQbUKabvTe0he4YP8bmsGyBXXrsArTXwIBvI5WkMvaaamamp0sBqDOMtqYTCBCybHNQUAPn+osA1jO4BWNzhvMJGd+WkX+wR3VHEUOvKvO8pde6gP8aE4DV1YA1CzmOAiWkneezVFGAqoodd72O5bEaqQfkMjNFU+q67k4iibeNSZ4Dimo8MSUtT8qfEcNq63ai1C1GGH4R0K8vFdO0+UtTrhfHAwfshE61VKTMRjhM10RDuD3Km5urK1PKcUagrmpsOh/Sbc3CuoKOixI6nueFjaxGYNTdK5lpgAATFucRnho7hjPdDAZNsoBAqLSGRsEaxuzGAywScVgbQGKSWkOGp3Z2BGWlBVvptfYth5ud3CEOe36oKPz1zzhrqQOHm0jbHy5ASKuGMVH5ITaEpwTCVtcI11srgnT6X+gFDLyWjtR8t9xgyEGdlZdwjoRcCLlRTXplgG/xKK3YA6hAM1WdEbQGoGTUcEczyJsTytUGlU6pGsASWZr4qrATuAvOCeRAaq/srNhfna21hxVgM1UO7Y+F57e2f57SButIBSh14N/RcmV/xLoUAs7tLVZnfl7gI+O6/OjC/e36ejeHz7FMWAu8Amdu6CagaIaDD8GiiQSCkuCScA5FwDhNqgfOnMRNU8936HxFHxdCIj8kwUW0YdhP8maEXODCs1R7aQjv7C1AUhZIRstKZrm0H+xUg6CCE8p3pHKnr7i5yN4mi7WT/ppdPjn0UfexumwxLEUeKddAjFY2BCnCY6Pj797BenG59NBGiXi+qvuHbibLKv2JDhP7k2ULtKmDe2kJaf6k1cxMqzyRT4Li070B97akNl+WqKzWamQESd9JFXtx0RiH3YMFDY5UrgPYPWjSXsm02MLphPFNhrwKmbi0FjvyLIY/BLl65kgCXzNHfARwtErpRZpG4c+5U7Lo+nRkQ6uxJ6ChJ8QNtMxbfxJRL5toBDUEYBbt+0tR+tjbZBZDQ09mk3XsOG+tZjgA9NevwoRlPeVAnSyhZ2n+qpiwIFPOqHUL8yXdB2DxGzL3mNRtxtFHw/G3e7pRhPgUaKFJ7UQTux4E4cmBXhccMewUF1Cb0BtL4E+DcVwvqkhddq+iDTCBSZSeReZmJxR1o4ZgOwPeq3kEcynpQDyNHYpkwnvIT3fnZ3XaOipv+aRMAlDrflt2KOwnopSjiDkfkt6vxhzwD/sTIK5a+oDVGSwxenwos5uaFl39TdmYcvRQY8VGM8g3RZw4swruM218Ad8Yjmg5hF58tYFVp3tjho4w09wOE1YCzRwLzscck2pSWcJYTAqJELMBVPL6Btajd0/fvNo91GxiPUOszOvtTQ3jITOXeh1v0NukCPTI/zXnZ+N/42Jhn4ZRe6xMnTPlIA9c8D0uPyE8EeEtyLQyx4Lyoa+Zn9WyMAre+OQ1OHyUyyqLi8INiBGwqLkkA60qLT2Mto9rk66Bnm2pPAVWkEgkSQABIAwcElp57/HXTmLCKlNOGUACeACUoDTAhTSisgms5cOt357XBwaV1BTYmzgBCMyQ+nGfI5BI8uKbob8M+bNuNL3C96M7+v8pzEg7HHBxsJUG+s1oB0yBF/0bH7jX8Og4wPfueQFw38IZI24TASTyr2w/nRR+N4YTHC17F6T4O1ZFArqLm/cklLBRx2yuKGC75lPPlVJa/SOqSlHDUot37aYi9cFCkpXoQL0hKmjEWa7YY3KH1ehJtV1+X9TKlBCvk+yXRGiu+ieb0TzB10Y0WbJNmKkBwkNxR1CMC9i2ZASn4L3EabGHYIkvJOhuApR/UIKwNDuiUNYrAoyBDU9xfbpJ6FRor5QosJvC3SPAHW7GvhDWoNs+GYgtV1JAD+dQ0ZRtejLRsLfOIYCHv1sBq2uQie/NkzwsliJmxxNFaJsGDlthLY0awSctTukKk+Sv0Dt0ZUDnnZYgrYilGpnDkhb7nawQ0tVkhNC7HdbVAJg6ura4345QyZIBORgWukidUv6lTXqorKk+4CGGE4CjRRgznWbFtuF3Pn4YglkZsiJFbf0RCi4zV9RfusvPVQxfChbSNiE4qjujYycE/I7/mEDLOdTZtXMDXOhALUiq6jwmIrrGAmV2UCfuUewJp0MgZNoiq286A3Aez6hsuIvLOTND6wlHwlW21FmEUEaJag22ly963rMXuROgGHv5RMBJkdWfUNRr6reg4fxpyKfATuDVJNC39kZKqPqFzzC/bWEQA/J9VfCy1osSUwCvkAyXAtcMNaddq1rmWdNZPMMY9HzA8RkAH2TxBMQtjiEfxXN9xsa1EE7o6Rkzq6cJIUN2/5RbZJQwRAcVbW8vkAqrdsKNApni1EbQ/k7VwipsBhhL/UPyo2lvNBt2L4ZaD0PkMQsGYjYYNPgMnDE9TtlYiUMwLAdrN+8tdub/uq7bt+bUpTrgfBqK9LCQERNseHd/4huOn5kAnzDAkBJzF8GvPblWlFkngKAaAvmUFIAsnkQ8dqJYwxL0agZJ7WlQUGCzgo0+mMkKYtgX3Vb8nX0tc6NdvY429jNjMdJpRitFqzKSZKV8sjatFYhUeVMKETwxJR0XgzSzy0kELd0wc95qycaFf1DYN5fo3X8M7BmVZVDI27PFeBIKx/YttoEHjV/YE6hGNHe2n7QQMYTEChhgld0s+FBkQReCeFCI9laI9hXxMGV2gfkNtJzD6XqqJySURExEoxibGaD1j10QJzRpjYLpz6O7jYGUgfLfADw7+L16IRPxFVFKOCFhqF77uvZfQ0MYvwqVOX72pdK+zauDurUZfbNr1unXhR8mEbCpxckJavgWQW1BEA62t7Go8U3DpBVs20RwPxYLGONbhCINtp0LuzvxFARGji1C6oxkw1g5zc9JDlZ687Vv9WmlAQj+XQavfQxrhVgd2jmyCtJzd63EukUBvXgnHfTw2KFEvOTkuJrMgERPKDsqa1H2ZJJjsosEgMBW8PISOinR48tAc7pxwDtHXJfVfUd160x3QoLqr++wxvZPv301gtmJdlyyNtoFGcPn4mRm3v1QhzTBrZT6MYrS9FWDIwjTM6PccI+4ihg1gIVtoIpgDbLywICWw7573V0walCsuA3XXJ3trWY+4TMKAzfcWPocT2YGI+WJ85/Ir/CS+/GjFjSgCYEgJAQsQMCJTyvL76+tWX/w84nQKaAzVdnbJ+EznvMeWlyLKTmfnBhHauANbMn2FFr6W5vaBx/ci8m8cKCu1sLl099+PB7RFhLEIYQo6P3UYwQKmrDrft2EFaHg7jzb2uxKzB+q0crVpELWtUitVkGpcTVUndbcQwkz3QyNgrMgxtkzsNuuUXFXBkuz12CkpEJLu2/HCJc2iktqKZM4RjJ3pVYfCRt+Tw1gbV6KiWAkVG0EaZmSgbDG2d1Y4V2mB7QEIxYT54DcmnUBqcsQWF/myVVgO7RhZTNWLFjiIipkqmrbE4E2u+1/UQWSmVOi+XXGRgABWYhStrSgJYzkViPOoyvuBBZu7MG3RalLGKzE/Dh+ULa/DnmGkSOFsA0qSKpJmRRp567pq79lEYVfq7ZFF6ZpdtdBRTBN6tUXDDsOm479ZApgH7nu9ENRERiwxUTospJ8cQD2YkiqgjuhCnwIU/XYOM/mo8sQ5pEjPL7ohA9qfaCHsNkxk3PRzHoeemSqajEtb3l5aE8EhF3aO6nCMhDl6/k8O6ZMarPXDHNeVcT1oQtWgIqriNsC1fzP2SvKROAYL9X50qqjwlWwZiTfGkNFYurka5xgbv+gd90R6ALZGhRQ0vz06QW3VkAlv2WC6GM7WNYygjBpggpbq64k3E8uVUXuV2n1wruMjwNBPrMxaLnYCRj7rsPNyOkM6YVu29FODtEVxb7zCyV33LFjypaeyMgHEwoKLLrdTJYzknpXxsRxTjJJJPFMVBFQPZTNdDDKlYWjVA1acSECXAxLZP7JW8OqZGETGDWEE/rFn+CuxAckgJJ6yMohwPY+hBgMSxrltHbEMivpVSKocmmikwwSrWCKGrHEEm2/ldvqzKkBFjb3j5fipTPQHldM0dB8/62pm2xaoCQQKkTAkACPL26PDZ35yufnIFlhC65+iAsU588mgd16uHbldUEWWb2ce5wtBHgCF2IoKcSdxg5b9NwYcORoGA8bkFAnlNF7GvCMgHJgwkpCluweIUVJgIzAlryOrmZACZOSQkuGRB+AiRxxVoldUqR4hGFll52TA4o1CJBZ4sTdPCGK1eqVcxjCXTvrkQEVOKp9Wik+dwJcGwsMTOtEOud+0ZZPcwVQite+vHvIsIVJtmPBhBoCTCE4Ne/5ggbLefWQgFmpQsjOrxoWpTvUtYqCP1eb7sGl1BerkhuiH2m9+laMzn5MEExMb6BDVh7aDeizZGMuNjmtDAFhZRFSDa0J2XLSBpNaE7KSEuCabZD23iyzbadrODDHsZSwdmpNTAkInjsT1YITEAVv/u6y8SJ5qwiQfrXNaCj6LSFu0MQFT8BGcSMBBLd3MAzrLd5Nsc33vj0qQKCr8PuztoO8s9zbJ/dl9OWUYCpm3sHz/uKE0tz3tfPeY1At0D5dJ5hKQ22C0VDh21ScFBek7y1A9XKQd3bKSFgBLD9fJetF/CYumQiIXp3lcY3KXl4JFZYEkIni6oZxc9bBTkBPPlO0asPAmK6WLtr0tCQC80CM2Cji+qg+uy3EZgLn2VcYEjFr5t0rei2mj7qEBy4giNctevJncwzWTaol3gaJRGshMGik2hRtVW0yQqr6kI9C5UZeZJj3C73TS4ipcwoNXTForvs4dr9DHMyZTUmNE+9rXAAAkwASQgWj/3O/HqGyHPCQmBEkIiSgmQtunqG9IzXlNiftTXPjsX6Vg2YBWLbD2I78iK1LX0kXveLJ+AOV1vI3Jr1nNOelm0u7mJQHWWoXn+2DMjhuAYaJWnbhVuimvynMgy2GWqYRjJOKpx4CJ1N8Pg4LZcSGRf61tw7NGz+nZBBH1jIx9h6bKDYoOCtX0CyWf+ZqCu8LFbpcZnNNwfVJhMItTKhInvjRYYmKJLAR8/cuftDottywdFqbKNRVqUnhncAjF4+dF7ZU5HoyukyVx0MAdjR0KEMcq6u4SDzWY1kie1EwMjpa9OyyExvFysQLoyYMbtAq8NXR8NwPz+JeVb6KM3hRwS5aqHuC7HN9BIhRMY34w7BiUhobTMYwsffTGlWZR01ccYnYdE0cAcEaLmguOY5Uv2fnxJGzhUgSRMJsz8i3UNIsX+eOfRcRhqFwZRRulTW40NC6KRZQNRIjy+TWRPvfZgyR8c4tkcsYoSwtq0Y2NnG8U5sBi+Bu1ArnGKLYJOuGlAIXCLamO0leeAU5NBloWsBa1wEpH78Vz0vdpq49iRUvkpMpaWjtBi53M37C3e24KGQQpkP4TP0nVhXmWBon41EqVjGUdfWGyT0rj0faIAmmdkz2hslNGhDxqIf7uxN6uda8HwxoF6eoDjTe8tTBlxJ8nOLxvVjsFRASWSr6EUSpBQgkIE84Jyud3qIEeAyCpbXAhyaUgYXaMuY0SlUM8E1B+arK0TYkJIsokdxFsXxLC8SEg8Li+RE5ZVuIJMgtQ9iKjiV07lqD9w2UnR1WwX+gRDYk2p5LLT0OC8cVslyLeXDuKreKw5UhNUawhYWUO8doymjY1OFZ6VT68OUqbSfYMICAlTIiCgTDnj5U89vOOb5xlgOyckyvOUADLkzcXDZ74SLr+V6iyWbWgm/kf9o3aRI29rLWQKEBAgCbFWNsQlmNgWy68AuokL4q58U8bGR3pf+GO45ywvix5xuGvIsyQX0YWEUH59MFlFrBEDuaENUZisifCJCOsZMEPRPmG14NmUSJNYlhhn1VsZReSwJdxHGUqDfJWQMiZjvSCorcuEHrZSjHZrjy8dkv19+Lq6hEnpEo9T/kbAKEQyYMQVTdJiP1gvKpQ3C1vQxl4tTzQLqhwmIDkTxicUBi8wQ7fRCY4/KBzTJ3jHWglo/FnI2SrO2DmNVlYEsHoTUg1TzmHfBYbRQafAuBMUWqyTA2ZZlfpe6tL1hV0svCSYcJC7KENkz6dJIGPIqPRguK1qY8JcEAlgbXTyBr4N2H62jgykHhPQ/GRFVyzVJ5Xfu1IbYoRE0av8F7HgqN2phjG9BhyY8AuVdPFeaKdT8dNZ8OYycJTbiqb7XoSuzhYEXm7ab6JyiCATHS+qyNQw19ovr2J2XCWu16ZYBYTy88W8VYZMeB1ao06PfmVzolPms6NAhCtDBLD+viVP4hphvPiblvAWjjUL8tRiyRbSH1MgXtBc8tWElz1qK2/QiXSJMdE4TpK8TAW+lUyts1bk/XPjMYJppd7vrIgq2ZaeV+iDYdezpKdFztHograSqI+UwMo0W3sSMRbFRcMTT1qLPzRMCIS3EBgZ96hHvuveSY3QNJYQgRzhgRCL/EKihV5u2y7Gp+/WevfIegkotsY5GuILDDP3MyM9a9F0tB9aIIHtXYpai9EJQkxPD52VzvzhgCtg0iONyPZur+j3TcRnQz+Mwt6BMwKFgwZoWkLvcyf6jENQGEUFukG+HREVSQqEN+wyItEjAQZzigMyW17Zb8RiHznDNpHylvIW8jzd/ofgmpuBcoKElIASHW/SZdetbnsVAMK8obwlgLL4RM0fM6BjAniuBtI6Vqyxi92r26YrNiND26DBXRoZQdOsJTkGXuObwGGFRdgoIoXuXfypIwlRtgMFdvot2nxLnzuvgtY1lxvqtdU88mOCaHmr6xfQ+lASNwR2HgRcb8KYH5uFgorQaigX9rKT1j6sSU68TxTP7bAsa22zy1ER20b1vuFM/xcDqJR3tOhg6ZAAekEfgvMfNNQm9oPHwkALHYdfRmjZX8XUPKwdsd9RZM3K6PLIyD+sN3w+PMOp69cNSt2P0tn8g3viqp62TplIfoNhIxAWmTE5AylAfyrmEoQ6hhy+xz/f2lykCufwM7VpCuLQ1YMds7DzOnF34YNgzvhLQEaaoD62Zc9dRBEBIFF9kQ8oA0zsr7riKgYF0XBb5sDcs4HsSdHunoDZj1QGx+22mX8zRhcrqrkXiRsxgwaAYy2zLd1GrD4m2otkxqtKBqJACB3lA9yyeFQ9xrboQOLzgUcdu4iBGocdHUtyXqVYDuvc4xJfWwZTDNG//FmRGf74zai0sXDzRNdwaFoyaF1MXJIGTiC7+VsLoW0cgIfYgIw8dNEYDdG9qFFJsQwlILNKujzEMhr9XuLWu9198NNX9Z3CgMzcDICZAXtwLpAfuDN5ol6X+aPxxWDdmIDEtxC3Q9cAJLFi4OFRvW/G4lYGLYLCErLt1RZ6Gs2vKVuTvyj+MpZDq9JIjIfNMBraO3T1Yy6luuxaxgyQyqm+UF0eZQTKecazt5x67iuP/usP4HY7YaKc5+25s8/5Y3jlE4BmyFuYJqBM5YdbqDME2a9kCWCvqP6RS1aBhE6I3437R5f47HETiSGMwKiz64PjL9R52sMBlRmkv3vTxbZHHJrnHeQbMJ6B2jeKaBwTzaMAdin9iO7P25zdznGpATafelxe9XtG3eDYxcZwZuihqSX+3Q5uhIiUjZ20qlgSa2yjoiY1JdJoHCSg9V0cRShw/Bz2USUoP4sEQAQpqdEv6yo2fwhXSI8NWLetJPhpbu3UXtsS2V/p4CHC6OXkklgLIBZSQSwlW4K1P15rebjLUFh36T2C2IJeJb7IELGv6igg33eGGzpyHuGH8EWK3779ckwgiVyGDLlfU+hUuw2y5d3rsKZRjkOQUEmq8qGe4maDiars5HQarY3ScMUcmM43eZdaawYMNQ0VXaZoG8NDFJ1yzVC8F3GfFmS851WeGvHeL8iW+l7hWQaCDDlBKtZ8nKU4SQxbFhOkhWOQdQEEUTQIm99e2pkg+eiLRl2s9Fp9lzqjE2851s6rW9zMsoslxNEG71Qn1PPYhQ/WGGROvQCgM7MAQHnIkK6G5py1lqorATt6qXfWoIEVM5hdIXJwMSuRsx0K9+twYEXJB3da90TqoMEoezPlrDrf7yydeSbLciIFRiEkTGLldKkTCQEzZcurWnSTJMCsnap2pCTYWFIBNBeK4VBbM209/vgaFbtrtbTndLpV2h1pqv9A0r7nRPpOAdEOEWw7WuC+KAxeLtTpm/s8qW72ndyxP1dMBQIiZAKQs+vCjgcJuBWFwA13kWvkyFi8SDjbwqFmLLR5BcnNkCp2OgKArxfp3sBFVL1BDvA6l9slZP5xIYjc9MENQcSm4YpBSaJfqO+YkMoki0qe18/8lqP3/fr8sXevD07PR4+mG2+dnvUHASeYt4WbQDNgDiaK/xkqo1ekesvSqw+b8I59UQTQgly+44ZoGi2j3mHxrrGcoJJr1jFCy93D/WgZ7V1TohyaKWNIsOyiSjXkIzuHaqDb4mnOWYvEraCrspB8RZNBFEzN77Ow4zdht6cwDsHrnx1e+BvNeX0Mf6fn6MhnyQQVTxdW9xx5MPGSgw2GbJMTjwrbZrsAVbNflP5q431WCd4DuUC5ccOj6A5M1baiE9v4QMdywMfmPQEtiMQAp+c/HJdjChoL0pxFBn8HZsoWxEE8BKdhoS0xaHsHtXNFoR2kG+PKs7alE2W/LMY5oetSgiSvdYqKJWRhHcP1W0iDUTXaJJggzDCBkM6eaoyvkS/ORn8xJ0TAHgVyw/nk062uhS+GdofYAL8Tr+oUiAiAkJKpL1cVYvQGQxgh8IUVBrRz6SkoPjrtdlv0w1dojEkI8Vu/MLqqwrauDqCZijGI2iMWsJ2OGI6gYXZpB1DzmdHqmacXrNFZ0ItGFTAIYeSbTRS9ZVu6vM6wa66yQ1RJ986g0huXdqsANgbBritS/EHL/ddy1ZTtn7w1mEBlFLMqGlbXZVTCa/IfIzu25usrSq582aPADre80Ubgt6WrbpduWugdD4fy/hrNzvIadWwjo/c4s9el4Yn+KzmaoA/enCEAaWW0JJ+5hj0OUfBTsp/52dNI7WzfTwLA44Nq1Bs+PMZxv8RrAWz7qB8YSrtuRC6tEMLqmKQ4lAEQaaY8w6mrD5/3hy7c/Xt44VHCfPDcb8dLb4K8BcpAAHN9IdKP2GLSDSz9oxPP4+/fdSJoj3noLxHn/fnj7oS0HhvxMI/4JV4EkoUm08g5cpacXs4wqghXP+Fbdg1y15Kr8+XHptkKJG8lsZHViBd3y8+jf+2gy+F4vAmMPwosdhsurKiGdaH2b+OzkDZ02GFZ4HCM/K+hm3UwklSQWcKtxrnLeup+DT/3XjC3/obk72ZSRXA0YcO6lRs8/xuOcUGVMyTozVdcwrJM9ggYZH2ADhKs1mRGMBlVhWVZkvxNm8VhI6aBLdCb8XAnjt6GFDYNKIvzUN/3W843TCFAvxIvy7Qx9yhi6z4qYBsXRAD8Hn3NDciTWOaAALRqUOGbsZq6jCOkvbpKFflP+hPV1OsUBbNTvejzYXmJTFaTZIgECVIqPyFRcApBy1Jwb7TP7KxAcJOl5alYs3DhnVF/Gu6J01FCi0brilCFTMNmQd66Sy80kY6hyKBuH/kRQxsV8roLZrm4QfWsHs7+dC0mTEGrsd1svECxLcf4MtJ8rDjH1+SeguFzbVfEkmWAa7rtQhmVJSsg/f0Jq/UCs4ySa3uLZE3O+Wy1ES2RV90kZ3AeWN+wVBPopZcXtJ01COy0m5BDwuarMBaJyonW+rV49Xx69xrFBq3SBOAOgZartgwtoHplC6JBOcqj14YrXUyI71qPIL3E+1tco8nm/Y+2EuRsRbEUORMA0kxVMzIWYGkNKTVEyuABYYyfecxmSTZAa3r7wG+Q73dacuux8Wmvxpt28alATwJ40UGyHlkf1Eknegh1NKTfsDyqdoRjPiCAPB8+9RWb235z+6afmp79Devb/iBMh0AAaaqyUc9D6r8BJGOiJaTcs14lTK2jtIPnCP9IWtt9ySrwsxEhrYEtcSwszjW1n3reMggn+dnvAhwKeatxqH8vONucgWbIRClz4I42Mqo5qdPdmkfIgtL+Ul8NYE0PDc5dg1F9r3PidSEWEQBWyqmoFNHpMuoRYSnx2lVa2zZYF/cyK1asTC60xAzjfrjsw0F58EwdLwUgSxPWQLdpWD/DHOMUvyLvxxv18PRAPcIGwbh5qjHMrjdwes5VfCrV3IBH1cihA1NuqRONkGXAgiKa2xajGG/JADV0G3HGZBT1RhPUyRB9CCe4ogAjdNBrsQ31hMoTg9hC6cRCWM6WmV5hNmsQiVK52bFqF3HulboYYPnrBG95WfQM8JM4bY3qjFvbY+FiGRc2pIAJu15VpqZKGYUycsdzLOSrTRDvRgJnUrAlDdEtVMYV2iqMgGJ4iyi0+MQQmbdNOCvsBc/2DgFjzOJi6WosKl4euxZ1YBLRfjBRe6d65T9YpeuhxLGYmVBb/6qPqVA1eGGJe7HPtMigzBA0MygOsX5Qi+pXSruD7hFdj1i019UIniLTDuTscUSiBxKCGwZODrHptc81KrP2/YiXWLt2GmKD5Yx3OANYDxFcCFPaOCTWLxDbnLyHRN8kcvTSxB1VmtBuVvVOZaY8lzfi8eCwPMoww/Z8no+JCIF3U9OMufw858xhpb55ZNkB9R3MHCoAtsjO+xDqnLjaTap2uB5Xrj+By8FdZQ2ZdIHquohYfstCKZJYk471pJ2Yt1Yksb5Dyfeay0cFzjdDCd4amGUysP5tbFUvp0L5i0HbH6bgwn7pUoEnjpUIci6+ASFT3iJkyHPOmzwdrm+54+KH33L4+OfQxS/S9kEEIJoyHABOhOWg1xWmieoCmmo65cIs2aFdpqL+SSYkYdwTI+4jQ/0FTfuaAz8r0MMmasMZDq4IsuOPnSKtGKp3888dq7ULxz7gLydNAFVSS+PBqwJ2tsZxlJn3ZlNML5GTDxU2FebV5A8AEwEhHJzBg0sr/4loewQAkCYY/b4O9r/sU/sz+PZWNYi3caIQqUpbW0rqx3dXIBLTBDYWQ12kMgP3SLLEdR6oLzdtxDMvXCFqD/n8UuMY2jvdCaFMW5sPslwD2GauTG2b74QVSYi2TSkBkHhY9jmTl2U03YcrmZ1H9p17MotFGiCSkCOZ/ZIgxkcoYSMjEOSki7C92VnONVFjK0WknFtaH+iuMQqbyGENdY3CystikZuhsZ83bDlRXDgigbFipK3vs5LGmk+mJw7CWr9w4bfH+mXbRoYCr9yH5LOaAifJL5NxtAa8gifIIuJy6hsmtLv+I74RIAFCApzSRCmllBAg1de4O5D7K4Hm/E9WEV3dtXqPUgJsmLMgNlh9B2M+8oudMA8JzdTruT7ANSzTttwutSzNuh29UUMbbEVTpL0FrqPwck01HVWWnAQiR+3QaJWVQTcdPXdYUjfwO/Cb9SUycZC4deoYTwlU6zcXX9rc0lTwKhOID2wn0IgqUMXeh3tacpIOFNtbJg9yra55WTY7XV+sol5bVCXgkq5ppkpg79fgsSBkHdaC8RFU2zLcsI4wuI++osES2OeCU4QGT00IB9XDQEMrqN2EtrMKyoqglpwZ0QxitCOoA1rxbxXZb/4XYS6JysGZBJAv3Ds/8In5i5+hBz9L5x+A7XmYCQChrKVALgkn5kyUi+URV8eoa6DC/1rWIfplVd23XuNoxZT5kQzx9WlV3Oqc68YfAsJsY0iz7YjD1iAxqOz0bEQASGyuuJV36MYi1A92DwgqfJDkk8xtNIMzDH7HJlrTIh6lvdtcUfhNuZycPnEOAgAZ8hYyIsyYNzRvkLYwH2fYZkrp6MIa8/yB/7b5xJunaUIgoonoAFeYpwNYTZgOKU2IZQ8nQoK60a5ywGzPplwxMy7PvUFXCKxmgp0YSltibTByLuwEB4eVUec31kU1i9W5QgSAxF5KYpIZCGIJQBfrJf8wA/Az/sGQLIKDmIqcCnVs4nmSiX83gUwLIwWg9oTp5/CrPEQEs62GmFZkH8Y5MBGmDGmFh5els9fClTfhlY+bbrgNDy6Beaa8KVgiz6VFUlgWTF3f5473fMWWUKwEus5mFuVva69WEh0Cc0lSvMq5mL5RyDFiQbfx8c38GsdsZ6Wx823EmczLr1mZiBIOdrOO2ogI7Ku2zFp7qpCMRYELBk790HosdiexQe8ynYXProGVSuAWUrwXrHTySohKwOpfFIafVfpZPS3mtW5halaMfLX2iM3qAAJIFBXp7KagzKH+fXtlO7FuPB3NlCH2SPZsA41EDRzeP2x1bATUKaHRFh4qntLRYljf+Ta07C4+pRSHbsIOta98WEv34mKVEkmOFUvcbHxyI7XUfQPRd1XVKDEJEuyoVuwxy9UKpJSmlGjCNCUoJz8ltCcVsLmLEl0VimKwgaqgO1DClieou+X9MMslnmA6qpqJnbPdOdpSn2b1O+LMmHceGcMCjT0SQaVeeE9Z7LkEcM53lKIttLsqyB8IxxK4NN2avXe8A+tRfUcKzLqGtZZgjSLwZMcSjCHfBKQBLalZJZkEBADIegiTtw/yn30UBMz7e2eUvHfbYTQ8QDIvskYV9b4Y3TacsPggV/SPzgRJVQJR6gVisvdDuVOZ6mSt4sI8KW26PgqeunKWmi7Ss0BMMnSLee9+dzYVptUC75QVQ3SvSkte0BBCGgRS1jmZM6wOASjf98F8z135U++kz70/P/ApOHc/zBchpUSJSsqRi2xljslEK3kmvUSXLBNLuY/ZQgBAUpksQRfbfDJhsZdGRASJWQAAKSECQUplYPFcjAdCTTky8aMgNWrXWd1zNR4+LADG0uAjpqbmmoUvXJ4G3YqaJBHjLfUheBHbCByCkX0vL8scazynlpIwl7EJSGpBNcirC9oZMG+BtpQJcs40p1pIWE8Jc35XCakKexJCmgBWiGkF0xpTIkyQVnX/HaF4x8ppTjg7QSBByeGN4/M/KGpMm9oLWWrqxRMCFbjGwWsD2YBQVioAY9OtokhjSUrLb9RaQXMw5ZfDsbC8lj2pvmdpxDCZBZ3aHeXkfbXyCGWNHGsDqj96KS3M1EtNjarYoSzFJEylTFB834wJCSfK25To4BRedfP8pBdNT3xResIL05lrabsFnKt/SqmZhni1qZPJYARLbPtrRoZ2l6/WEYSztvwnK0zu/NuBd7I4dVIL4wyabi6i0cbNAvTSZcMLixFDblx38Bze1Lilg/FY/ae+qcIfg3KZkse2g3dzRUZh3LqD4Yu3D1qPgWAKmgEHyQzTUO2BbWt3L8Z0aJyCDrGVayk+cVGFzd8W+jSjDqaM9Z+kwtervABITq5wLEOLBSHuMqAjuL/2/d2qbgZpQ7yAbeXc2IxqRQA62a3XpAY7s17UQ4A1D8H3rixUN4v2eJWWF8W1IHVizZ0Xz35lPgJgwjThakJKaUoJoL7ZhJF9Dp0Tys+Oq9Wr7tgyNACH+6JQyJGCJgQLMEoDe+gUGQ9pMhbXvE+v1a7xYAXz4gcFY3Ckd4sQXZhSBPQSas2mApB/OsCX7YaHEHtQ72Z5wLGQdWOuhhWJstV1hunnF/qaUBvvIYonSjtPrlilqzmUSAf2k8zPAxe6ZTLiWkys2qDbDyWj69BoWkLns+3WImBHsk+r7djj0tRxV2nSItKyrV2tVfoGNmiopy4Q923EdFCtjhIC5AyrNVz4wuY9/2n73v8C97w3P/h5Sut02bXTjU/HKx+PZ67C6RAQActG2wSUAHKcBkkwnCJJWJmcONTMhQ86KiQ3BXSwvEKsW3LZeXFBTa0YSx3Hw3X3bAYwa2HawjG8Vn0rkmAfAcm/0s9bTqrJAyOl6KPppxwwxhsRiRIjTp7ounsWFGZxiZWfWNHKkDPRTHYjdCndlsSMMlCmTOUvpOMV5UwZc55wQpgBE+AahaVlsTlNlCbCCdIEgIAJcWIfDgiQgRJl8yKIoCrzkkTWeKHCsN8HknZq9DuFiSLTPLHciSQSzyDwfhjg5NxOqbHaLCTR/GqyBGaSoW41F+upqzbRigPWShQLdIJSrmM8WS6ywQ1ZEJM4EecoKizi/DNx4RYljwUgoExEsHkUH/70/IXP4CP3wqfekT/1tvzen8enf/3qzteunvASmmfKW8CklBqp7pZHe5e1uiCxpLVYklLJsr9XxaVrZWJc9Og4e22Q6KcWdnJc9LwcGRjfoyUKCvMMCk36lRH0K0dyJjQnFVylwdsOLbrHO8buBo6HDJaMM6uNsVYLK+SePzRMFz5Xdug95OMrePddLSebuoJyl4DQ7lOxBl63jNQxmimxnEQTurDXHE8hY9BNQfVzIa1IJjHhfkNjW+ZnbINJ96UUs8TUlkUwZOzCd3ZwFuHwIchSuFO9GZg4RqBVR0fSOw5EBL21elEuMFeMQlhijcUm9I9sR0unAld7tDRKUBaHVf9uPJ0Y+UinMkQzSvHPVgv6s2m/Uvn9gCLqhvcJUsKUUqIpTRMXGbkii1xcJN0GMSQsGJ9BxC9+bGjkbBY/jiaFBgc3QLDL1MgbyLu1uT62Pa667lQJgWZ3umusKlD/MvkZD8H/t4sRASJYaW/4o5LgvSYUa+dKZtWYuJIN/x9SokARWRDq9lxMAnWKXeppoKmvqcU6cl7M4U/ujTETWhnZM4axrUzbSwa1JhH8LHNE54tBDSif6lesqlPmdRcBxbj2/YJ1lN0GCxGCSz4BgDqyPYIcQwTGo6PtQerYpSJX8bwOahud/YW4yNt/G4qIEiq2XO6koF/KAL3pXFk02CSI1Hys8DJnnNb5ix/ZvPH7t+9+3fzFz+fVKl37xOkJz0s33ZlufCZe9fh0cBYxlT2WqWouVhctlgZ42c3vCFHjVQWFlzqJSPlaw/8M6v1l7okjb/FMJQdlgsBOrG7ONI+FBapIXk2ZMwFn81UW+bWybHy9a1wZJPu/bKvgsoClG7VcY1CwOHLszkzGkn0hAG/1I8ozlaJAFZVUVusSZSDKlCHPSOWXdTJn/giQoHIXAVIR0IpamqBsESozjgkBy+b4glTZdsUKSYbtDukyyzyrPOXqKKjhTH2iWZCDWj9qOOXETTffWm30wYx3SAxMjBqYMNlcxhQgesKBszizbZbzT16xkEd+c4I6DcEMVT0r+kFciV1rdR9WHFmTCOZz9MjdeM/H8gOfmO++C+/9IHzxs/C2f7f5zF30sj+3uu1VgCugLSBiJpAdCpZch6aaRFYFQcQcfmkBtOIutm1w0KCzrMTrn9YJ7ryW/Mp+C5uaC4Wj7I1bcvsheyB793zI4MECO4BomXwe30W4m4SPhhcf1tU57PF5xPkavvvMfNixgTLc4lXuDVZ+YlvcsZcYgvc1Ny0hFR+hv6ohQpQZH0UA5+TVj0UyF2ZthOzy4x6rxiBMtWKhV2R1YOk+qx6GdBfK8OgK2Q/c5oS+Q3ekzotVAZMRhsDEnnBSTnYRQHkbxsUcAJAQEsDKZp2aKBk0ZdbMvCBY8YwjdnIbsAYHTct9Z3TpClpw8v6SDu3fQUzWTn23cecAR8tJqpGmmncZlNqNIcvCw/Gry9v3UVpwdPUFIpKAVrpK3ch1b6LOfl25jS4WlGpvycGdnis6wh0A93LfBnmjeB2s3GefN0b1iC5536uE5ZrD96CGO6NBojntue9lNNGUhrEZa6HOIoOiN9ehuxaJJFfpolNfMKKyMIjTir74oYu//PeP3/lrkGe45tb0xBce3PHKw1tfQKtLAYBohvkY5lzW0EpfrIgicD4q4bIJmj1flBBDurbhUM/E0dy5AJN1MTTv63UCHj/ZGrm6/fNNrMytumGj68ikSZjiMxVNqQEhVjb4hx1QvvEmUs8MRYSpqBk4x/sEiDMjwr2JEIl04mcAwEyEGXLGMn3FROEEOBmENWtCO3M517w0FaYjIfCZCa11pIKDkkKosyYFFGCvGw6l7swI8UlZg8nmnkPT1lEEtcre4HpfiGi6KzjQ+bA5ZEcI2ekwZAT+QV3urogBWJ1GgLqk7ImMFYqqxYK99Zp1GRxOw2VPX11xG20vTA9/Jn/2ndu7/kv63HvSPR/a/tLfy48+ePD87wScIOeyR7ysLBmmY4j0OjUUwcI72cX4puPeqvcvC1DGyawYll11EV8bpgyD/6hZh8sQKFSm4xVlUpdH+s2Hyy/eBwrGbc8A3HtENWOWIh+mNPDIssLnzNzCh+A1wCLSCK+BL2xcThqXLzu3IT7rZ5seH7Gm4eiqvjn3V1zwdGJNUsgp+MirDIBc3NK+BkLj4cxSmdIYIh6ZF0VDOVnH0tI7AwmTHqJkS3t1CX6dzomemURNA4iPLrNaHtbShRzPvUBh/dsHNA5DkynFkKtIPQJiCnrnZk3rf26IYBAKfgrYEyIwuws4WmiGOImBG2SGQKhZJ1F5lZYy5UyUMAPCBAkTYpKFViKimTJW1svShMEXFRlRVHZjI4doaanT1d3KYpPAdl23X/3xdqm7UNuZBXvT+4luY6hWytpiDCmrQxjRvc4RK5++YBEWGhy7O4iJr26gmqWWqsdiUdE0Dp7KpT1FhmB8ibpVtwf1OFy3g89YD2KKwhW1Sa2dGi9gO68rloDukdmO2rXYZZTE52qJjrSeqwr7SIQXeSL7G03O0RPvsZqwAXf7gKIpopqqdJDhSS8erW/VDRwVXaNdYCdrUA62tekRR7oA28BAP0uWaHAegY3yKeqPjfGO5rr+Gya9Ck8moA2uDumRu8//6vds3vlrtJ3xusef+qrvPLzj1bC+Km8u4sWHatCMhBnqARLO2CYX97rPZsRsuASiRJxIKThM9lvJi1gwqllGNvHGBIsIRv6hgLKk623PPTR+t1KDykGNW0u7XG1COdFA3Yl0r++kBtm39gpD2mERA+QlasOy+iYGESQEylo9rQEcEJqcVhmSqR4ZRbxftNoF3S3NaaLlIgIgZICEMBfGIADijDUqq6Njxbku65FhbdWGmtOWDaco9QOe0trbEsNGT17RJ+WOzpZG1ezj5ItRHjfRcp+9cxVCBBVslFqIgIVUlsBl+6FmiJxV1pqMyjYgYC4kZz00qGybruyvKWWFiZr7J37r18g2YhE6jUWYKSx8+jcQ5kxAsKUMCaf1dOVT05VPnW541uadP5Hf8wZ85Ivb1/9LhLx+wR+DnHlyLS9BXjkdBTrsvuwm1cbwGjZWhbfWMSy0NNeK1bz3cKkjqId299pXuUYOsHcvrt4UrQxBwCJOrUg27qHNN3bD9YhlLnXYRFQRRN5XFsIp1deFJSkSweBeGCMYjpasWzPBXI8uNI+YNUlCBAA5N4a1NtjqJW4Mq9omPNL9t50WEiV1pjkknMtXgG8cv0CO7LFhDWgjdobGzhqUDKLcK8lNpsZinnauBwZpsakdosgMCDHEp0stQK3KA5YFjhCrDlAP4upnRxpHNoBU50oz9isGTqmNan7kAjKxbH1KYqwJkHOmGmvTnPNMc54zIlCCmXJOlBIQZgLIRHPOm7ydAFNKKaVpmrqjBJJYAPSq79kj+/KOxnNnl+NBj/GO8yOSRZyMu1c1K18lvXe1sLHCDIJwGdWO02nXWlR1ssHTeADVl3rRMshHzFx0YW8xcIkWa3wzunb5P0tXBoJc1JeK1W03+UVfNLJ4gXtdKP5m3V+daVk2wkDyuWda2RHqsDuskEXbxnQ1UBT3AdSVMucF/DjIMWHr4tvGjssNvsFWQzgSwRhGMl0AoJqhwaWBYD3WuCM51HyAQLW9nzOE6o+0N6msiHoC3fVn+nCVjr1AYr9P4IM/YGlEgkyQN5BWdHz/0W//fzfv/tV8cZMe/7Sz3/j/Wj/95fNmhvNfREw4rSBNZc2TkNjpaxwgLzs6+EKMYIlelPkQfxYbQ4oVIpYiQgRJbUkdZydiIGmiA3q37Z85GUX0E4cWCUFLRYtF0+BgKlWGDwFDbY0JdJJIO2DdvhspsVJtHX75XiZIzQsp3AKoHl/bIUV4Fy8EeU+lpCjub6EJOdQhO38M1vBda/GG/9GuM2idcglVZJK8Tum/rf5iaFH/rqfiGWNUX9Bg+TLnD3MnnisEKGEC+Sngh21X9HkPh4BGeS09rKa+8AT2BK8OUexFASAB0YRIBERIRPmYzh8RTnjNMw9e9hcurq/M7/jF9YVH5jd8/3T5Nem2b4HNEU0TqxRUC0oqKKFOSXLYfGmRHHVahamoZlbMAtpgThJJ6dsQqm319VmbebDPkugHzAcyJ6frFNgEqS8iw0vrGeaqQ1j9c3YP2yFqB8G+qlBssxufgS9p27TtLQrlb5uXMuu7kEm2nshXsxLVMKhzo3lMMAo17NLBPjwp7cZxa9s2tgyLQ8MKBelHNbPCTV6e2X9c8wyoQQN4gkg+czbu7LaCxzAEmWcgMmA9gAXDGkSIhEgAxKkF22En79GvNbOJjkG2X4cPHnSvTSiu2/tceAueZ9dF4BQEmQ4SiupnM+8tkw0iBESZE605z9s8Z5rnPGfIlPMEOCU8zvMMhJggExCV1/wzUCbe3NT7XazI3hA9G8dhZHCJFYEQuzYVy1VGfjqY9C4x6v0ujeVr73ZmgQH3PnfGMOYu6IkbuBU1WxKSmEOEw+ON1toTX9C9SE2eKcbtvrwQ0mJFR4myXxVQi79UbTwXFozVMgKh4mkHN1jsQ/d/34ttoAtETmA9fAzWLni6ttiKsYme3dBqaLqjLbi5rpIMGy/XuO1SRlN2sdg6Set5VtsNi6OjshCGOOHF9//i5ndfB488Mt3ylLOv+IurZ3zT9vwFOjqHq1VarSsICiRxSF1Z7113VBCzXloVkEgAEmD549BVHnCcQ+5Z/abnUETtGZtq40zruKj7X6lGRerpiQxFxgsrR6IX9pT3ZUFvDyVFxmAkqCJXXyIkKt6rYlt+jjMTR4Ys7eaPSoK4EmN9EbD+zEwvtOngRuZgJPtn1IXM2mivCxl6PTdJtMFDtLGenSzXiviRnUvTVLuYf5UDTUDjnlqG6EAkNSMQAY4CSXZ0ApbyseHg2W+GZrlAIrfeF+wfIqxSSpnOPYx46eGL/8T03FdtgdL5L27e8EP00CcoTUAzEKE/DKk7r5YigrjWvrsw2mmm+lWjVoa30tFbkazBQUdWS8LcWe00bUOx3mHXAdfSEV6Zq26FvyH16t6ibdYfYy+2a9fKWowWeC0NSpuyIUqPyEN2m6Sr/UX7bX1A0x+XuoIqDr+CTkZ7FLcwyWZPl9sQ0PChAjH+z/7fkKq4dnkFgwl0j9QFxXlp5tgOG2NX49w0xLfOvq2Y2P522cSYN8OZYr3kpHljkFrhcRkFNjfNkd8FdV9SiQGpDB2CoTBxArb4VJQ81AIb48xA2lgfDBwWuZiVqRVt11IQ5Efd6sKRJBXIaxRkBNj19EYCTEeAcuwgYNkKkwkTHKzXAOuWJ9P6AFKaM9C0woTrdAAAB3AQiCDmjGWclZ8OOsS/fqbGxOdafTvpWCgUtfMiIw5sYTkQRMbuB8q+b50BXxPrGTrrdXWCBsZPwOnWKamVGnZaqDyJDQ7ESyKWq45fHqi3CSF6MBrkIIyvNl1Uha+yW1lS7urPcjjDVUypHEjWMzjmno7SmMQCq0Q0OyuD3SwUggy0JbdgB6LDUixN1zhM3czQDO7XK/xLBLVBfeqsBzKeajIMTG/agvqwwLbK2kUMAagMHGqZ1liB2s+wmYwbGA5Sb+WZTK9RyZLMa89kcMCwN6qZY3F14gWqEnHcS5mAZlgd0oMf2L7rdfD5e9NVjzv9sv95/dSvmR99JMEWDw4gJ0iy9FrYwrwCAF7BRHDhZw8VJzeSLsv0OHsUDxw11izYIEJe3VWJEN1XLxpDXLBSR/JZ/TyDKBvsTWJM1ly24Y3Hz2Y02JFZQdu9a2ltV7SWA3Isf6hpE+MYFXJAlDU3SU21ylduIoBu24o2w2y/JYd03f9r9jNZOBSBSTczQfxPFbwoJaaL8IEcreor/V/uQtvKnDFLYnDqpSdPWRagaIf1XCox3mdHgmsbPvAtGrG6DGkkU4Vb4cVUvZqJXAOiYmSqb0kFt7Qimo/x4NKDr/hjF+79+Py+N6bPf3z75v/r4Jv+Nh1fgDRBqkVdtjYM3w+FzCiz9VIPC2wsHnZnwjgXc7+avfre5Uo52+Pg8FKlajfcjruo2S4TPHCxIYY42eX8056V4JEv76E2POU1tpRgwvzwHba8rkhj9ytackSR90DVrlfvQ9cyMBZPGgW+o4Ecr4yoOBI4VwcrptHknwRd8/t1Y3zEj/sBrPvZpRMcd6q6BsGzL+MKKd2AicH1hN+8QknOhwtiNhwa1gLInGDRPqvIMSKdzLMJpFqra6YYnR9Tvo7nUmac/E0AIMBy2FDOAHD+4sX3fvpDH/rcx/IEm+1xsYoJ4dz2+K2ffA+kKW/zmz749oNpnY4prVeHabXCtMlbTHDbzU//8sfflmeyPGtF2hHfJJHaiqApsNUe46vhnLjE38fLhQxgPfG4sUYXsbEmVxbnFkZ11uhJCvNJ3tdJIBKxUi1sBKJSwzUOjQP22m3buRSPnhETXPqOqQiB/DhzVAs5lrwBW5xCw8m4abNzVl/IIfu2d5fddBNB3h2fhI1dJ1gTiK6r82807w4hgmuAKkZmLtxIsoOVglnjlmLe7MyOHFhbeF1ma7fk15QmGbjnUDANLf9GjUt4igD1ACGcEDabj/xa+sxdhOngy1+9ftrX5qMjzBdxtZbfm2S2E1MKwKEwOAmUuNuYPhdttk3qlJFvLj5B+9ZeaLqjQUsddKt74muc1xNdc7GK9/TNFA4sI/FmbkFOhMj8+gfyYSkAsmVZdnqTBvLGdvWFiJRjihlp8kEikO51GLMYg5wJJv4hG16HQHGl5aBjoxYm2OTRM1Di+/L7zvrYGG07cT16TAf/1k2XA1hzKxOBeNVnlamJnat4jQavSAobFQX74qptBmF8cJ4R0PRxFNb/42DWtqo4KWGE+r9np3sVr8oY1jdVA9V10JQwby/CwdWnXvzHz3/qA+nR++n9v053vBqvu522G4BVXQhvrA2offOWlp/VG+gJ7s98cArBUCv8FbSXs2r9R3Y5znXpXA4KSu2FVCDbpUhs3XDvZwKlSiOzFX8es1frbR+Fa2CMBo2biizY7hzxs6DV1twmJuG9NENseCmbRF61KFHjMkdPZZ3WfR1d1PssItErjRC/SQX+XI3OWG3sqB7LtOGx0B9sY6nDKmYAQFEAiqcahKkSLICNikqXQTClEURYbISGujCKKKKfAr0PHZ40MSW/rEMGHXa13cmUwqWbBWtUnO0Nb/boLfJqp2e8Wyz1d2FsxBVVRnp0wlBjZoj3wCDihz7/yb/7iz/0iS9+7nBKtM0pQQLIGdcHB4dnT02QfuPdb/7Vt78REdOUUsY04aMXzj3hmlu+74/9DSDIVH8cXXGSAWtkig2r44VmwU3nkdEOtDSToeZPAmlXJvTogM6PuC43UdqGfYLOkuuIytOynqqo8jENY7NeyXQyx4t5Mrh1OxYllgVhgOBvjKI8AHNmoIemkZQdvtHO1rsuXrXELgEz/wyV267CWNrplpudsbERbFUQF7d1Nqe0lywGGysq2JZe1dISR2g6rOUzBbB7M8o1tQlgRLhGYW4jEljpNan+yFt1kapmv8qptA5yIullcEa2EVvfSKKR5vjEua2RA9p9BT33ous2ayl96mcMJfoaFt8vx7HNuD6dH/jA/KHfzA/ev37Cs9a3fQ1Nl8CFB2CaKENKXM+rsEWFxX7LVh1CKqF2NiJdBIFCIum0A5z8Gex18V+aNYah95NpVJ8YToXZjTkyaRvGXCe9rTyzolvXRxCQq68Gq8XkoR1KZOFEKTT2G5oAjMz7wHyTjxoxjNPuHE6jNZfGs9mTH03gYfO2OmBMmjAT8eooMQbO9JHlDTdxs8KvOLL50ZAHHbUWcea6cES+hLaRh0KcUGYMZQFTfZcxY5yAansjwUIjkfBf5UYZFuQOEUVq2RAxTYQK33K78sWMwB2d1VLXLRizDxf/TgCQaaZ0052rO7958/ofPnjknu27fnH9iufQ5tgZnmYxwmwD5H8bo9drDeq/jYsJttFbi3qteq67d+tLv/Y31CObTvGDWSd393fi/5hXBTV32RPCUiG584j84bq2TWIn1A8jHvO1P5iW5J08qLpCYH7UN1jQLwW9fvotAwdk5XdywegucH3AmBSAKEP7LvLrYCPMqxLK7MbAzdVxqwF1ZT5iDgaHwS2NLwsj2xNHOwZiAd3u/QhenK9S6YA4dgJ6L+MDjgBa/AKmOc+XnDrzqhd83Ts+/6F/8/qfu+r0WdzMGXICQppmpO2cIcH61PrU6hRNSIQJ00ybK0+d+taX/sGXP+Mrcs5TmjhW6tOHbuhxiI4IbWFil6QU0fMRKLQjDGS7CC/qF4dtvLHz0kQVRwZleTcK+vlynzAyZqCt7lwYOckr8aQDGDuKhm4EuxGsgU+Ag0pTS4THXb/1nkBFqKkcgbre0Lg3nL0x5rBWaclMu48PQvvOnc5uv4CRn8c+45JGWx0qKCp8b5hlVN0emSbU1NTMAxsa58fg5NFJs2GC42HQefRR13LN1+GFiAF/rlabyHTgdol5VEWRpTFnAJjv/QB9/pNwPE9Pen667sl5cx7qoTfO7pAHyVFzqRmbvCrgjUYQXERqYLfBPMbmPFojF7FNDc+jIfbpaLjMbnkAgkRAch5QV14kCqhfEwDFETvRgRR0E/RAs9IyaMcj1MVFC6oaYw+qbl7Sglgp6svhMCic5BakwyVdu/SSqLKXNUVgbpAQ65lQOKV7pI2sOjPgmUfmx3GZXHdVVqAu2FB4PJw7i0YBg+rZjIuzKSizxNs6BP713MIVnh+jKfVZ9lzhp2kJxeXLBMlCSRgCq5GsLqEMlQAtcQgIcEzTJevbX37hrT+dtpvpvo+s5mOY1jU5pmWfHg1c2VbXejoUWVRTMYCsWbITis5RHOEiW4drPHRZkeiTgGgqAV0AOoQ8HoYLJqyW3es6Vm+eKgYNO0Y7RR26NESlGIaFbbfETAuLopaKiLOxNhpVVuXGHn39qw5Kxjk14YJFjLyZGxElzk1vVHbtWCaqWzpMtGSXdgsEYzWMg+ohYiPksIqLwRVRVVT0T2VBphCg5OmIrMJuoppRmMnKAUOmLPm6fgiAsl/fg25vdEXUcdv6Lacdrou9tK3bR13rHeWoiHr8gRkIzR/wfLNYE3jJKzSECpiD5VyRvSh+pnpOMwHAlNLF7fFVB5e86pkvfeo1Tzg6dzzlRJu83dJm3szzBoiA8nbOm+324mazyfMW89Fm84zHPeW1L/wmyrkG9HW1CBr2dNHB4R8EPmUDvC45QkRd0HAF7QgnvTr2zlhpUhF1mGh1v9Fc07Jv/CrmldxG+VG0Zgc9xMruWGStr/tQTxJhvumiCrqAid1CDyzaqAzNI2+Ce0kaNVJsWWP4SoZpfVlSz0UdS+v8bPeK00XBBgKAbBESS+sKFmEsZpQuxZpdXYE7yKNIYtLZUhwFrpqSBn+KPRyVXa/oczyFgjEUEDzFPTFGVOXanyta5U6luePRRLQEE78OYDG0H2IYYD2Bkbah/WllzyJV0Ko1SuYJ44nn7qcLj+bDS+Ha2+jUFQAbwKnA4x7EEx40mXWY2EzbJ8ZwFmaBMxfeFXKAKPS0AR4BQjldpZgwRMvS4IWYpyDcq60Jg+LrXKidKJYa7UZ2o0RlDupqL5sKJCM+xFFF3Z5nuWB2TlZ3GCKCioslx86sxmHI31R2DLqafBaKncQaW+cMaWlZ75C5afWbxIWLbSDGQ1ir0mtn2F7IbGUbb4hgDTYRH5nG9Q4pFFFc/QttzIXMawoIYPfQK0GqEbCSTavMkNDOhoNEytXAsWorczikcMgAlB9eDA6ZXYZ5YPy2fMfamX8bps50OcNCqGAy6nbDCYhgJrzylnTD0/L2CB75AjzwQZgONHVqCxyNIQouqWOm+hVlKTOYeTKD8D8IaPLPke9jl6NDGkjxfDZgDzG++k9ZTIltQnTG/IWaCooYOUI7tQqUZAg3VnNlq+wcLC7HpgF/ywrmvxNGtGi0vGAtpEpOCb+AxbLocEQGm4uNLaElA9wPxI2mSe2FvcQYyCwIpi0RlhVYPZY1dlrhFhWkYveJm+94I6jwNpCA1qYo0zvhDxg1BuMJxMY4umwbEw1ZugKBPo4RDrITIKJyoJmRUdcxZm0Ovapl4Asxvktncr1vFpl2LtE2FLkB88dzuK8dGjNpWELsOmv67yTL9g2QiuHhIjRCApgAkWCm/IInPvs1z/uaDHmbCCbMiWaEzMAz0Vz+B7pw4ejSg8u+9SXffNtVt2zzDAQEGU0AKJiQ8YTeIolsEHGsFOY8MLnqoFU3qurfzk7XHEVWMF6KHfJeiVI+IJkY6PxRvJrM00woS6AYDiONEohVa4BaGgsSG6jzd5XFkX3gpU3yTfMHVPBMCKS3BaZMFmncoDFbNZBmKDVwAavRfAEo5LppRUSib7tUnpurDNEmMAaFjkY7m883w1hd/2XdhOGVUKNWX+CTIkKN9FSo5OYK3aQhto7d5hByyxoWi3xgQnUBxsOpgCkBrM9W203oXW1pDfpIjjmR+dXIkmdV50gkxfDLzmD57EiQiBZqGmQwjTMU5styCBgyuKN4qMry6oC2j+YHvwAXHllfc+N09ROBAChjmvgHHqo54gxWHR7xEMShL+8XRHnAE8oTZyNDNYDEQYKxifLItvF2DoI1YY23hodTTawu1WDOzdg5SiYHREoXA5XRfX9nxvVrsobVZw0iw9b6B7kuzDCSAFwBKKuYxGGfSeWTBVzLBtVvUzWgSWImM159ytlQnSupNrAHUBUoH8x7+ExZHZRJYxErnswTLwGSKqSJGZzRMGa5clHKt5b3piOyfQcUNqMZt3KjwEotKA1FOJqQB5JVsu+seV49XoC1nu0gv3RDpCg0l7UwyCqLidN33gzM9ARpsYeBKetl6UJdD6tLsdQARRuqz0ba4uHlB0990QxA5+/Pn34XJhA2yF+Kc0jf0NmuwcXHIFmzWRyiTi4zmenVEgf5HyHqMlL/tjrZNNl5NR40AN0LhhvQsibqf3/0PQdb5EjEZn+wsWWdmk4c9v/M1YlpzLP+HU2eO327wtoJdqn52ALrMYQ4Jh48X7qw/7mJxY16mkaolnmfa6GlPnIOyY0Vxl0cyKWFYtn3x2fYZqnPLrS6MJy6dPBE/WANnx0rsUs73m4uO332lc952W23PPHCfLQ6WKs5IaItwUy0JchA85w32+c96VmvefbXzPOcgWaaicQxmz3Jgk8gfcFyGJy5QNTwUY2wKg0BWUO/fDm18lD6yHTQ3D1f+5rx/ZpZiC1kZz2wbzd2YLDTYrQNtB7iWmlI2mDaN8xcRGGo0Vi0UUmYQRfjsWEZJZ+P+dpXSU9k2ex1kl59578/kr0rzI7VZTOwN/euHunjLdvF34/JRG3Wd5H96SsGzXfp8M+pxeBCRadpgwiI02r7yH2b+z4JF89N196KV9wMOdd0JPBMvw1jGbIsk6yk9q4V1VChWiJQM7HYmuJc7bhkTC0xNCObVK5FSj4Y8qw4Uon5Y6OuTahTQtFZWM71QlT+OUqoTCSJsoiH6ohTmPzgKM1kdPsZOuzQ5l9HKdqUz1RoQUgOKDUs61c8DY4o6Pj7FngDwYSBtRIKJFA0NcWOSy5Nu3rPqAxjcrT0LQXujB7yHMoNUwcz8Ihbuse6B1rim9FlV3yREGneEh5Oj/vyLR5uzz8633t3hSmLLAqWo6eFjGDhanoprrvgyflDpkhHlStGQZVLzlGjZL+K/YL7DPVLW0i1fccOUUWrZtfakpz8LiyOadjHutezUqEjyfJIryUyHCJ3QBDKcIqqWXAy5X15i7XDQ5Q58fgbIC3Pyf5Id/eQ3sbWdHmuJLdDcCJhS9RhdJUcaoCMQpL6tGuy/IHmOqVsrb0Jq0TZgQjAHLnSXwhqrk6qIDEKGrpYN+wGCmkva5U9wuz0NvMbXhMfqwf0pgnA4GM0GageLgG6q6fIb3mK2rFFFsASPjJbNJjFIdqizME5KN+qUCXEnPMzbnjiq5//dR+++xNIuEqrbZ4BqPyaOvvudHzu4vWXX/Pq53/9tevLN9vNJD87EFANoWFgeEO4poFojSVqPDSii8DeiYNiFI/OhBLIMnhtU8XH/XwIgp4C7UM0g6DRSrPYY0d0+NunJkQCCCe+iIjpaQvYQrDk+KeiDouehY/W8PyqbLRQ7QJUAeeDeFJgloSFkqUX+5HLa/UiTK6s7bdq4vwOkCRXxn90WkYg9QwgtLaaBVYq4QasIalLUZ+qys9wm1pBBbUvegqt9hRB8QU1+wnBUSQcEOYEUSGVEnaCOl40b0ZNrP+t53L1YzQfTpA/vsF5Z+eGPJ+pQQUWpKq6ugIntKqbprbn4fyDOG/TZdfjmcuonkKThASwvw3BgsAqZ+I+Y+bZk3LUVL+q3eshGphEduY4QHAvZDrmokOUMQJ0GHrVRnUeiHYa0cKmul9WtjCqfzRdqurZlxyZEfK0DGgrC/XdOpYaVjI0vbmr8SeOaxrXLGgh/49YEUBzl/tXGtVqIIgGongSIBswcywA7EfZwYjy2lgO+dCcEgCzOMoYEiMJQipGqIxhWfJ7R5L8EJCAMNPjjab1yNKOtGtreMv+kHruXLEdlUMy5yCsEyU2L+AqswS7cGCjOMlg5M08qU756TNBJLFL7KqZeLDagPMazASI6aqbcX02b45hvgjQ6R+dYwTN6FRLSuyiSwbm8p2dp7HZgKRwY/D+p3DNhi/dy7ut/S9S4wUQjO2YitaS1+9sclTRXDbqAfZK1O65waxLGi3O1hIvmmExxEoLyDym4kSbHLqh+0h1up/4IvehV8Uz8iePl4cjw4Q66c5f2W8dQA3/dIPWnhf1595NYLeNODZs7gNAt3JfgO2a9P6C50J7MOvthpeqE8s87KE3EpIF4YlbO1qOGX7ygqgWCBHTTPnM6tTLn/mS2296ytHRhWk1QSYAwkxAAFvCTHne0pZe8OQv+7qnfcV2uyWAlHBKqeyj2esS32G+9mSm4yDbh9rIku8Y7rrvq31tq1Y55GsrvScUoWZs7FMd5nT/EexOozqGWQ+Xwvcib7qOoD8am6i98QsDBXCdVVY3WJn98Y+OdFfk2lTJRoHtVoIddR8Lzp2GGaK93tWNV7p21K4V+IpSDW61YUAv7kXkTNU3NGwxvixqkLZBo4ejJe8GJYyNBj1M7RVaqYsT5PnMwryPMwq7Hs394h5LPEs4z5BnmNaUVoRIKVE5o5xNv4QFADkmLguXD+7B7fwPSumzg4A9aHmHFBtP0SjMWriaGKc1smpU6t8iCN2N836Vi/wj7VUntLwaqilBV8xKmwrWZsUsNxLGdgOJAVNyExbXACeIFZkn9YaGJmhZAiCyYWhoM5gGFceugDGRmW2sJ2JYOm0UgoAJMAGU3wyyStlGVF3pI97F3DEd5TUcq3vF7qgyoCJvw7oEPIng/8hrzD7+jdpFrHa53HY60VVF5J2uI+sjDVH8CwJlAjzMaQWZcJ6h6b87wGubRrujhi+ujZnGtSRXqVWBXJm2TkxHu+Pk0Chtw0t/3R1Eo3XIZi20cwB9t29YigyPwp66DgXB1/r6pUtv+OYCGmCmg2xHP6qcqm0DUAGC/JvjLc6VKPPF4qFwZAwBiwhS3DGjGLzEYVfkW1msdbVmWpspKC7P6BKy2iG3r4qJYnKNxrDGSgLkN8JYjCwfamxhC0jlkaFMbGnYXRmTH2xuNmR2pVp3E3WR7fDU3bQzYgeyQYyohsUn6pElIWzR7OIAZrpQ4aCfOOFfWHvhVVOjdHv/gm5/hZbF3y4YctnepBxVODBBAkAietp1t37bV7z8937+w/N2gwlzruAAEDNsLh7ffM0Nr/6Kl197ePn5i+fX0wHWPNsf8W94zkt2/OKHt4z2a50X4RX2JMEvOIOemdozUHa1BGpa2GXXXnlpNyBWBepItTyKjZ1jaCgrdDmxNm2MsNk0nrroNYSqPWmdgveIxeyj/P6eNVxmATCMhSLsojcih0UkamV8UbbFoHEVh60c6mNZEugRupCO8hBASHYtiM1m7GepbqINZxz6IwZrz5T79VhHuO1CHCHoYiMPhqalmLLKf0Q11NKJx0I3a6HIyHMNmtIHWdI2xkwVsDL0OOUmcV5ashKRRpFpfivMm0SFAsqMGDdom6EADIrgJNZeuSdgE2JCwBmQABPWyUcgSE7Yyjp0UU/LvirOLuIAnh6HUD17J+v4fEKVOjLBGIAntLxbqr/YYVAAxIEdBgQ9wVa8kekJ4AWN9Tdykmeka3yUOFVMXQVVmxH4ospQiwCKZF02M2cvVvkh/R+xrjHKSr1GQrKWGtbfKnCDOAqGRk6xukRwwZFlG1qqw6VeHwF4fLeax37QuA00PRlFW6io5HGoWPWrHOCP7CmRFxQZPSo/6WK4yNxG1SBdddT/jW7KnJhQAzRuqguiJk32/qLcQQBCXr1TrqKwqfzhHU0uRbJYsijp3gtis2iwrEJQtALVtRDVSIbRRYstAQCkBJiQ1BODe6xcBGw8rDHvgRfihGzaGeqYomqdyJlvrEw7cJzg1g4n9mmjrNJ+Xmiz4/LarZ7D4KpYebijiA28DwBwZAdsq3418V+fzA40j0ApaiDGcMAZ6Abndlk0utUIS9mG4rwdhH7oz0jWMzQ8HxZiIqtLpbW4DABe2RQMMteSJLArzyWsCAmMc5FEAXn9jGwzNFj05KnWteSjUeWFq9fR3ylmx+w6JrYfGvF4WepOjUJAtOnH7tSuWnunv6HeL2RKlDYIQJvPUckik21sV1BNKUHUqSUui9zVjRnYnkWucBIiQSaE7TwfrtZf/+yX/Mq73vibv/f2S85ecvF8LqYYE8zbeZrTS5/1gpc97QUXN8cpTSmhOk4N08XMWu6RtFQu8ZleC4SooyQTHUr+TJ2pbFP3tirR1oDc5ZIKCArl061OjB72ZzpaBGik0q5tdTDqtA937I6vQJ2FbP1lYF1jcfd0MTXi5eBBe3XIZIYW2ci5P0oTEdabJi/t2G4VtBbDgesUhgymhndIRYDctiu9XpcFOw4Wqzcc96nlTtQ9miWUsblqdL4RMQ/ODkd28ytDGYErQVkgU4M1+Wk+jbkl/OuSRzJHYVyJhuSGDxhc1Zjnz/sakXmgWs9TgH2DzzF0xxYrqxFANhCwE/Enx8sgIoFKGUu8d+7RWXuuyBGJHq1G8A2O7qbZL8vu3MZ1vgBEUHbkstm288nkW1Zx9aBmAzw2aXc22OaXGS2+8a59cZBnrGx85Ny7jp/F4ov4MV+qP6aaFViI1lWXqoqTQW8XFPn6DV3bkquRsMMEiOqmYpGhTrPWnZQb4qTNllrkU5wQIcoAd6yrIZVuplwTEWYej4iQIRU87AtORX3MyESCEmQr1/IPAQBlc5ATJ5rC4NpYF4/J8p+DdlM3YL2olgSKBhiDhLXAI+oB+oxM+ss0KZ+rHApSVtk1HrGTUrr5IjcZdgEBzAlyMhTUdm7mvT/X21E0oDVN2Jn4Jp7Rn6oJEXoKaVcLxZe64L/T5ZAauqk2QOhEHMvB+gkoGGSeI8So6qhv2oR7WhnlDr2RUSp/jwV/Mh9sh2hdDf6+dLF8heJuFz5Wz6SokP/XjbUwqK+XGK/k7nRSKRujYGcGUS2Igxyb6QfsEo7YzBTqsC0ch974YiHpt+uvX/k3RbUN9Oerm0qhsXP7X5J58nfjMPcQ2WqVq1q44mPByWGI9bfdMuXj7fEtV9/02hd98yWHpzYXj1erRICYEBEvXjx+wnU3vupF33DF6pJM5Tc/u3Q5MWCEm0CQCdlnj1zoazgT++4yLEstTQmMYvNuRgSN+e/cWLyck/79uXak1nW8XcNFB2jgG9fMd/a4rNyWEm+sXvdGRl3/RPM02sUe8n1l7NUldxNgtKmR7qEows4Ho0uRpPAv+EPXh2OFinszAI/SCxKw4UnYAGLxMoEiuQ+m68LlnYF85JtohrCAem6+ngepPz+2Qw9DSOefyFeUA1IBEBJCQkwkuUmXvUoHSj4Ayp/IokAFQ6ilI2JiehOjnYYA+bdUDE9HbBncFz9S6v7CHmr61OVA7E87+n+9iwAsqCXeIFo+TICJjYD0p+IdgTKU31igLKtG5MeupFfIk5f5JSNoVjYZRfPaKv8Pdqrka88imChCY9WyVZa5ytmB2dSXACfECSsfwh9LCHOAMotDJp4sAgBIABNBkjMHARMKb5Hr/KI8jBVTLvMewt9E9aV44TMoJmTg1BNcuR8iQar4gMw4kOy4RgREcmQyf5uJsRqAgFou6vdy3/xdmSrrmIUKAJBSjROeaHWbyKKNt5edggvWRn68p/YrfdYOhEzcaI3ODGmDrbDeKks6cicgXde3FAN+09XQ05aEXYmxN7R0dMG61HbID6B4aDnKYh7Id4FpE8W5lRNXLTLBkI1QBpflvEQ/bllJi2rRtIRNg4ol8VMKzRomB9XpGUBZddWNSNrWypIRL7ZcvNzRkyuphzWRNDagRuuKKN7FksR4LSw6eQp5uMF6IRlBCndsF1M8ttGRL9UHVsgKChk6BnsQ3LiLC6cMjBw3GBOy5eyRcDZsNEs0RvJBZ67dKNhgxYokGNr8ykxj1eJMADDP+fTq4CXPesELn37nf3nbb15x5ZU0X8xp2s4bnNJLbn/+i299zoXNhYR1PZZwTJRFpiwa8NH+sjmmO1l9yaksJmcKmByjLJEtqjmmAk0U65ftuFq4bTV50AWCVC9SZMsZozaP/cIhQLZT/acY7AOBBBfcWUrMgDUI543Tu/Pa3nAi8Ma/WDR6frb2pTr7oP7OClRvF25wpqPGUgWz0Xb5YDN8iqFIc1kfKkuR1Jyr5zUUIO5Rtt5VWEThcSe7bkKhjsckrfh7p2uplp0UyBmAX71jkMEJWpvD9i36lw56RioMjbJV0g1pQEmcM4wu5Jlp0QklmRdc/kYAohIlq3azLQsGp2qMWA+Z3k5UoQzmGVT+ld6yCqgFVKHRjQi16mjnVcngwXyw6F1Ts4OndBUoZX6rQ1GLUHVHx0T7DMyaD+puVj6lDBkSAqbCb+I1IKqdESADpJpclX6SEtQ5R5A/iOIPyNBfhs0g6UQWNlgummDIPJKIkDf5CpdrYIBmBpxUo2E6I2z1ilmImCqHqEytpF5hPZwACTMxVELKpO5eecx5XUESahKuQWvR5AyA/K6X+AViDteB+VP5cZpUB5G5I7ILlAR1fQ55zxVvVEeciSqVgIl/Mk9EgK/ybipWTmXduhXU3iyt+jmzk1dnjkNj99anTXjIzZifnbAOUf4smP0YhfD6F/UG6fSufcZN0PzFkQ8RQF1IkM1IQZvtYp61TR72nq9+kbN8nWhKRj9RUNBNiposVD50409xPnuP6VH1/ULyyUiysYVOl3aAk4dGBoESixTL6sMX4moPoy8EPObhrM3UOx2sBgoXYDl/8yVerWunExPaDR12N/bfadhoSKfjg/y9B1vKfCxw2H1pNXIfFtk2i1jtz+/i1GutmMgZRA9FniZM02qaiW667LrXvOCbLr300uPNJq2mjHRhe3TTDTd80wu+9mw6RVlPZw+GtotHHYVfPAm+ec+rrpYPuNq4yi4IX9PazUcz1v7X/o1DXf/349qpXMtlC5SQQssfTXd/X+LY308yDDLLrpCXpwaDBz+yUEh+TLhBiJt2gkMTi3f9bAe3Tn67VLkejhy2bGh+oIqxcwqDMOztUkdS19vRMBgMwMdO/aFj/bEF2uNd1yfwB4QaAKCuphXLqplMzxhFJ0n6sYu49iHbTT77Z0MQQlIsfS/NFZm/TRd3s2YwFBt3Q1gP3Bo51NvlH143Qyq/csELX4QI9W/zp3YigAyUIWeguSyEQlkDtAhjSEoT4ZTTKqeJylt8Elr2OeC/og3NUHZ7kWWC4sneqjXwRFSwLUuUlKku5Oaq6mhBCQdkNTix8AmShJSRCHMGIsiZU0cCyLotN8nysqwq85pw8EQc1RLjVr8CSWKMaaomBVN5JbLmukQZkDARAdRfZS9YUTkwp/7sJgmNE6U1pTWlFeCEmAAnwhXhitKKeF20I1id5FM1ETXOCK6pNiDT2E91z1JRhsJhrlmEIq3OPkBbxYG+sd9xPbZ69AqMRjLpCFDr4mg4X/GKxbhdl/iwrnvmYj/n+wAA/O45Lx00K5+lo9qbrjfw74uaATX2qy17DdySoy6fAthXKcjgA0a7LUZYyasdBmXOSIHPmQN+Da2KDs+SfxMSoS3JyLpHaUje5Qrh3Wm2Zsd+AIwU6bKA1tuWJNUNhwjxTR4X3PBq9nBorh3uL6w8jkdpT8VaThZaOGJBqfcV+sHiECMvz/FnrzqT1QB9bFdAEuPTE4Hq42wvEj1DSAkAMOftKq1f8oznveT2L3/dW19/zVXXPHL+kbTClz37BV/xxDsvHB8lTKVALa5Nj+rahYWRti+JNN9xd1cM/+4F9ku9liF86fD/O8CspWzgN6kU8lLO4+rDshTQ2+fS/EYCGRs+XrMiklciybcqtdqeRUHGjT9HW+cGAzHfAUKNYtRn1bP90LwPHD44LAJRADBoTMZkCdlKfguqHcsPGhnILXgJi1w3z8WF6a4rLf6NehPzaPznyW72F/ScdQMQu236ZLNsoRHJrnO0K9LgQ9Q2wHGfap7AMToPwPugmrBE1nGFLYwlCcgq2yB1bO+22OPbKQy0u8UZWRfXsXhdjiQCZZspkmDI1ucKh2FRwbwuUALn4swKA1kdg8uqoK6VlndCsOSckAASygJdQiCEVGAK8rlSUA9mshJrbA9AfRvS8MrtC8vEy5fFp6M/s4LQhkgka7HCPatlZR5DLEBsEWUGKtdRZorzQwQ07/IVdEr3kriG3acIQGWbUqWv/DQaIVBmsKSn7yICYUZESAATQIJUF/BZzkrLXE0ozsxVgrpWl5m/CICQCKhsmMXyWy5ssQpRFRsiojknLFueJFDmNXIiwqmEoqXEUFkEAPWoJARKPLslMZ4yEAAlKKm7i6xFAEiPVxRmaBNOc1Qo6szwrGBxWTzfJLqrs+jySlQFquyWu9yKzBmmfUNEYWMdNwrm1+7VcLlI9KawAiGeG4g4iOF2zDPJ5OhyqDf53u6rLsmrNnZ4YdNaXqWOmarQK9mUpUUSVCJIRqo8IeTjEr8xBoCYwai8MWYmMrBuQ+p5/eCzvU33hJdTPi1YAz82V5PtxtI9JxTEtBN/qEFsAwvjls09AEwoAARIDciWhMePHuW6k36LRiGKcyWgmTJvNmLs9x3YFg96Y/lSFrsd7EyW6WjlK7QcdSQ/qMGIzOPeQM3T6lEp3MPBV3KjhY/jy/rFTi/DvR7KXlCpxZBDAYLiaag4NMLNdnPTpdd9+1e88i0fvuvC8fkNbJ9x85O+46tec8nq9LmLF1Y45UyAGTHxKxpliwB2sFHbWosfVYvb7ddhXlQN9BYCQA1MWnaMrhM27/R9DB13wvx9AGundp8kvLYehO8l6tB4AQHrwci1lyZd6tLQzo4rC7Nt6OZOJ7kYgAfr8O9qrp+6YfLjj5voQKjDoo0/xElFL7Nr79JonI57GidOMWoRyCTx1AAHVsRwp9NwkQqLTLzpIrJdpxD3BjIsjbQE+xW5aeOHnepAFKEtHMuciYjKEeEABJQh65E9Xejmp/g0WBzwHTlYVm+EbknaFHdU2VsHZpuAOfLGNiEDFRrTYZ7a+dX2CPXFF7HOPkR0sVl5HiaCmCU1Us8SU6Sp5J9YD11HjnIIINekMQNRhpzFtxURSSVhkbdlEQiQIOlxjACAlADxYAIioETzhjJmzqwRAGVtjsCwQqMXTWFMLlOmyekhyy/JdyLEXI/CKXNd9syys84ZC75QcudUJCAkvBylFJeYiTIhAS//QkJmAk0ZKAMCJoSpJp+UKEtCmxAA6ibeBERAMxBgeXs0A1BOSLwDtiSGE6QJcCrqlQEBEkJiMBmQJgJEWK3XeJjy9hg2F6lQSgRY3p3m84qo7mfCRDitARLBluaSAELClFYryFvaHgNgLokvwpwzAgJlLD9jEwoyzHGS6RsbAZFoaeuCQ5ZOH9AQByE06cI2jjwQkR2+b+XqB6NRJTVyLZs4Und5NPStGhu5V5jRdtLe5sDPHd0Rh4328f4lmRm6JEbGu+GQThPDWRyJhrZ+GU86iaf3uTEsMNAddVssFVeovIF2RRQxpHsgY0gIwV/Dq3IHRUGaFQOF5F8BshhyF+/w9g7Xjb9BVnQCmvOciRAwYZoSImCyqjICP2IMmg8BO2radG8uC2toHPjYBjIhBuwFNxHsEAEbf+yBVTscLZpQ9J9NaGFulu/JJ/KmcmZ9Wx0LCQgTzFtKlL7hGV/1p7/2O/7eL/7zqy674ru/5ltf/Pg7NsfHp1cHdcjyng6mqdatPXxLiGUsDijqTi6wf6haaMr3cgU2U9vds8XRO0Zj+VrQJJmL7vwvwJdHLUVd3bUELktmLwKM7QFyhkxzprkkoZjSCpJfDDBHemtoalNQvrkjCyqmE+vfWqx1nti01W0fY30j6x2aAQe9ektKowt5NztIdGlSUFtM7KfcjEMlkAjMliKSWLetV3qE7dKrwc2M8thT/XiFkv+JSgkSgIPEcIvmeifwGgUt55b7eITdV2sdSNNVXuNxjrsnmxJ/6m+itCOFJZaOf7IaXnVb9MeLVLwMVBGLutBKdkXC9OD3LRUXXuXjoZpONRrqCZ5yiPnjLFn5lCZKhyWmgLKzxjgmTggz5JnmLdBMM8KUqGY1JV3JMG8NAzNRIsRMhfFYl+sAIAGuyj6fhEd5S5ShpKqZiBKnHf61rg5njU9z/qyioH3R/HwLAmTABLOcFUR1W9U04XRQXtfElAATb0ad+MwkZTMAUc5AW5onSHPOW6AZcZ3mDeQtDzrRtCJcAU4wya7dFI/zIXauREAJMmbMSDMhJkxEW8xzWfkQHNLpA4DVfHFDAID1AELChAg4HxPMCHTh/KPHeT5cHxykBDOlacKUKGcqW1ewTGqC8ntGCWBCWK2QEI42OdNqWsHhBPMWcMbVlOdMvBTOcUeZePlpuPJq6XC6QqC34EVsvSWqcrlBtp6CgpQAdHGZGMCBl9HsiUgH7RhAcQ7U6+sgr2Jf0NUIs+uj/EWitPKAfVnHXLnaEgD4ypK4tBhs7EpIO0t84hER20bI+5vbNWIC2vk79CMHE0KW8KEInl3Cbbu4sMZ/LVKztH8pWE8JJqD+lGin3lwOn/AeeplGh55F0kQtTpzIWuyeHWx89s7qeyBBesViJ4C8BABllwjRCqbVSg1ieffCIOcZyn4JqvdGMK/eYyVV1U+MiJ5N0CLEmhPZUNuJobfeCyxHjcdmhthntmTMobdKPgmIgr4cd4GAHlt24na13BgPkFiZtGWykpF5C4/Fm/1PZTmaW6ZuxAvlgpBSgdb8Uoa680qLLQQIM0FOdDRfPHXq8NUv+4af+MAvXoKnX/GV33AxH2/TdsKUs4ZfqTiRckJuQmaAYS+LmGWP1wFhUZwsIgo6jeDgC31GNPoSwhxBbU1+9m0XYxx1OJ7o8o+IGoXeLIBdtxSNBTEFFJnSICNWztxngXVnHslfVDWMjzBheUEg3sVqQ/mUcAXTCqby9ThviYgwE1TblDCR7k0xCPqiZLiCwUHGxIfvzvZaM2W3HrWgWdn9kfnWKlL1vKGGaz2IUuEdfL1fjUEvvzVkm5JlQNvQaNy9CkbPK9W9LT2hqL7MOGgvET0mDMx+A7rRzGaTgq3/toiNvobtuAuLZl0I3lODuGO5URZTbDWhJz8ONJQpQ99a8A3ChoRk0KnGimRCVeuJMbBbeFBv8WhYHJ2KrVk8wEZBWFrI2FTUO6IEhRnSBV13AkBr0QwL/W+gEPu2ikVrsyuDKiUMLNSP9Jjg6n0cPgSABJimg4Pp4DQg+iFUxsurkkAJaII8Q14BZMgZgErdk7ZHOWcghAxY9/POAIirKWECKC9GAkzTuS/e/1u/9t8eeuCBy6+84qWveOXBJZem7QxAmBPxXlMmSsy9+lFBSNAH5IVZLSPxtjDdEafqSvKzJnJ6AiGuV7RalfSbIKUpYVlsBH77sTK07krFiYAmSAirCWAFiJC3dESUS1lhwoP16uA0TCtI/J5nPWnWMpnMh7L+OVXGEgDMdPFovkgZJoIJiA7X0/vf+Y67P/OpZz3/xTc87gk0Z6KcgNL6YDo4BNpuHtmsEj768Llf+Omfede77nrVq175sq//uhnmC0cXMKXTpw4RYM5Zj7qljAenvvjZz/7qL//y0fkLL/3ar37C05+JCS888uB73vA773jb2576tNu++tWvgdUBHF2ElKD4IpjrKnH1mlCzz/oTn7IJUUTWn95ktQLYMKHdTUch8GIdJ/PHMlBUXL6I+JvirRGiquX9jQHcNtgl07Sz+cU4pph/dowfNR9c84Eb3wm2uX+CRTl/BTcUcKKyrzsa6D0RPyEmzmvuauzRbiK/IdOGK7FFiAsbF/p7UINdSSFArK37OGi43R4jsMTmDiGKdtcNm797VybKNBPBOq3ThJnyPefuv//8F+87f/+nHvjsQxcfmecMAFROYEOg8i5BhgyEmrkCUX2HveBY9/CFlF/8ExpdhuqAijrm5rU0E8YB2KCaP5UozLtQXU5Rh1j/y0RqP0wYz99MgMABLMo/yufao/okT4+cDle71m7JrSUzFhr0xIkSbgHHD8ycVNy++TFnaxyJoJCZZyLKlGVmyrD1SIcZ8mq9fpAurC8/eHQz/9jv/Px6Q5TzijBv84ZmyIQlMENEhGmacKp5KLIPRiivclANi6qr5gKWEFVPXiCQcIrjGZ4nBInmgg6UJzUjzpziKAcrG6u/MjvXNGqwboVsKMuiUiQZdcolxIjzxdBspGW2kts8DbmbACMvRIy4imcJWDh45XvZab5JWwrFCThAR0wijiq9CICAE55ZHV5xcNnNl9xw/aXXXnvp1VecvhwA5pwzzQXFTCS/Ijcwhqwlg2W6kXl8rBfLWLgbLHaDbS85tFh2qeuYXjvp1pQPaeR0cYEF+3jtBQiCZYDTWzI1i1rAp1N0AC6tfXVwG5F/kgjhsYUuj6VXqDsbYMxmhGIvazGWk8diSJqubKK807UTRiq1trrF7akodhPJoMTOPBkEwMdvOUHvcsAFsPGOMbvNzQ5cth/ke/XemBHHbG5pSI0J1qtPvO+ut7z5LdPhKaJMZQdGlsIjoe7fqSal+LM5Z8oEmI6PN7fedP1XvfwbKee6uxUJiSDRhBOsE2xngJwz4DQ9+MAD/+Rf/tCb3vruF97xzBe99GtOX3XNtNoAQM1mAWC7yZvZxB7CAwwc4wN4ETDnyqOygJrN0bXq3wkAcAWJIM8IE8xznjd5zqtTZz5w13t++01v3mJOqynPlDBNU5qA/WgqJxMBIpY3jyHXlCklXB+sARBp+5KXvORxT37qdnO8Ojz87Kc//e63v/P8haP14WEx8eKTEZAQM3E9BYEIcs6QZ4C62gB5Tnl753Of97inPuN4O22288HhGo/P/eRP/uSP/thP/Nk/+6f+3F/9f5++8hrYbGBK89G59771Tfd85jPPetbtj3vGbffd/7Gf+YX/9EtvfOvjbnnCV33DN67OnHnnW9/25je+4SlPf+oLv/IlV1x345wJk5yBi2/6jTf++b/8186ePv3911556+3PnKYz5z778X/zIz/yQz/9y6/8yuc987nPvfHJzwbIMJVd0wTpEOYNXDyi7TZojhV8Ezi3xpKcHFZnCu2v1JnGWV4nr3qr0AlkJQC88kkZx6iIu4yQLCwTtg9aoyXdVxYymQhH+IDsoR0GipJ5ahE1a7Xk21frMK4phtxGBui0QUT5YKeuUKLFT13vsX6r8JonSkIv5wVblCzJZhmQgBSgmoHBGqZIh/A7gEVPZp85wEF6oRUdVsg17gqZKeuKjuIpiPEDNf9ckndEeX3hyEDfzm3lPFwGZwD5vYpeWFBJQAhtZApyzjPl0+tTOdNH7v/Ub3/mHW/65Ds/ct9HP/XA3Z984J7N8UWYeXMuSEEPysoaaykCZH7JQ1FUSp1bcymZ44ntuER90TEEKO84MED5W6NvC7xOJKAgbx6LOAvCEt6HrxamsCULYgRQVzbrlUB3rludRdgAAQAASURBVOryJ0EyKPpIxg2k3ButPrHvLCRkPqWACIqTzQQzwJwhl/c0yntNGRJCSrBCWJ+arryM1tNdH3obAMBMkDPMpfycIRMA1pdVpgRpgoSACAnNbLJs6NSV4Itf4aD6BgnkcuZEEaTkYjlhNRkfoYqUWNhMRERmZpE5TMC8JQekQgawugZeZqDQkjgU6YatApt0Ulz6384LGJnnKKceLyFADDT3VVZi7FNmGgnyxLpQ9KLQxZpS3uJJAFM6vT77+Euvf+LlN99xyzNf8sQXPvfG22+69PoJ0sV8jAipvPJr4k4yxDHbzE+MmIvsXiPZocpuRVZOOuz0P0UmNxmu+ImKippoUdiBibZwSm6huxWsEa4TYkSC+WzAqoTHYKdreBtHH7xVJNOSbx1B+NU0KfoYOG0iahSrOjLLRY8n9SFYfJoGZA5l4DpUtbphUbSNDQK7uqu4AUvx7Lbk0Q0YJDwgezBIM8roIiPUIjcse9abOdNtJU8jXHtXaOqc/Qfsw8Qp2Zw1bOEAEG0SkEZTjN30lFa4bsNPkSJSgbGvffod5rw+JG/E2g0X1SBIBCf1PCJMCVbrN7/pt777z/+NswmOM2yg7r5wTOM7NlLYAswAE8AW4Ltf8/KX/oFX5s3FAjhBBsDt8fy7v/HGj3z0YzfceNNLv/plB2cuzRcvrlbT9ddfc+Xll9xw402f/MRH15/99Fx27WSEBPN2e+111117/Q01PIYsoQObEbMozGJDQNPhAUxrSBMQwdHFeTvjJIgXqhMiYUpwOEFKsN3MR0eU5828PTg8/fZ33vW//42/92AGkAN/oL61Wf4Q36e6FgwI1YGfAtgCXHUKfvzf/uDjb/+yebs5OHvJ+973gb/61/7ap+9+8NSptNlklOBCwhU2JDMBzTADbJmlCJABDgD+9T/7O9/17DvnR7cz4ZkzZ976+je+/jfecm6z2h4fHz36EB4eHD366NnLr/zcpz/xPf/g733gPe/7e3//7z7uy27PmA8PVledXq9OH2YEJHrL77zt//OP/uWXP+uWf3zT4577+CddPH9+AgSiw0vO3vfxj/zcL/zcvJm/+htffObyyz77e+8DSJvN0VOedOvjrrjk05+/77ff8N++cgWbcxemlIAgE2TICfLVV191eOYsbWcOmoJIo9Jq38KtDxF5Ap3F4ykW72X76IxTLfNT36moYCD/OpcJhow86xoIqsCbAqX4iHAhmqHNq+6l8aqj2qQ6hPZw3h3mzg2oVFW4MQUeJWbyiKyPH+S98ogYvpjsxpCXf21QJbDEAKKH7IbLObeezK4pSxe0R+3x5FAdwG0G7gQogrJLDzre1FEE4locfMUk7Zi8OFkggQtT2lsf8AP7fc62kLbrYmxroOpKHnugXbWLMgKcXp/61EOfe8OH3/Lj73nd2+5+18NH5w7S+orTl9567RPOnD2zgmma0qoUtJC37oCUiqvcanXAMgct72vkh/xZmWGQ00CmPtTChMZTzACEJHd0uytK28Ih5By8pi/AhW4e3AT6jE6pytYT+yAl1NlJQkuFAzzlUtPFJCam/uYXgv5wkyPAGCcW7Iq9ZVwVNf0tLQSwB/ZSOSGPiGjOOec85/Kz3VDyFqJ6Bl7Z2JcA00RTmnA1IaZ5S5DwYDWlDDPNc55zpply5kUBrBkNIiacpnIue0rIhdfKaJBSoeWw/l1NBpmpAYKqf5J/OjEy7OLD7I2CAXrtFlRcCCErDpDJrk4ClDMTAFVOEYy1l9kIqHhFN7ZfBUhfV+FfH4AaYKl5VqdUp4h4innSeWdBncRiKziwAImbyq+MI4pRqOJa7RkiJsJ8cd5sNsfnjs49cu6ht37h3W/43Nv+3bt//uuf+JWvffarvvKJz7/88JKLeZshJ6IZ0pTkFdXqJxRvqno6cm+qEPFBfyUqOLJgxEgD/mjGxRiYDQ3qZTTbMR0NNBnSfmLmhsKTWHr9Gi/FXBxrk5+3XRyjvIMeXW0eCBxBSLZgibU3lWmia9ae7jeoTZ5dFmUBasXAxQbWJrQAoZmZqh+yB5bfsrE5ua0gO5xbyxAB29Y6WF1kk0gD6i5QZEHAarBqv8aboQVXx6+WrsSWIDsC20vljDw7jHMNI6Loh/UhllhUAQAwMY8MBOyfpaGDjuxYySIIxPt6FViJ4JKOC3jJ5ZffcOXh1VdedfPNjwPKOWNCnCGXX20gLHuqMlDOOc8l+EoZIRFO99x337333Hfd9TeAxOQIMwEibrabH/2J//Aj/+E/f8s3ffXzXviC6fAMAs3z9nhzjHn+8Cc+9tf/j394fHQhpWm1ngAwTdO5c4/8yT/+3X/4u76bthuiPFUXreaN6SreAgCAck6H67s/+pF7Pv2Z88ebCfGZz77zkiuvygRIkOq2pJRnWJ85e/eH3//eu94xrQ4euP/eO7/8eU++7Vm0zUR05TVX3XLrDYdfuP9JT3nipWfPTNOqyi8BpLqoCgQ5E9G2npWZcN7MkNJDj5z7+Cc+fc3Vl5+57LJaZAQ4e+ll1153/YVjuuH6a06tVgSYKAGUPWkZeTIy0EwcDWScMxzP2xXi0SavUr78yiuBtml77szZyy48dN/P/NTP3PWBjzz+5uvOb/LP//TPfv4LX7jn3nuffdttz/6y20+dufKeex/65V/5r3d8xYsODk+l1XRxu71w4cJ6vfrERz/ypje/+fxquuPO5z/haU/N85YobTMeHh7kzeY//6fX/fpvvPnMJWc/+clP/cAP/DACJYKbrr/m/IWjSy85/cAD9/+rH/nRn/rpn5szJITtDNt5Pn/u4afc+oT/9a/85due85yLDz24Xq1UU4KNYsuOIrhobhaV8Mpi3YjvixJnsdxn6GoompVCH5JWybFjtTibAVxLZ9X7KVW5eucPGU/goSrGjTlZvHoG2tpuzvCDWRWmAKgtQuw5Pzeadyqm8/BCBLOUjSbiEgqWNmLtVY9Ul7Z03FFYh+zCd85JWsUIQ+jgfW8D7CT46z9lSKN4y7arSSjj0zkydBeX0Ly/6pwKsqM0YRmIFBU/AJSm9Tvu+b3v+80f/qX3vf48Xbjs8JKn3fjkx19y84tu/bJbrnjclWcuOzUdHB4cHOAKUk3DJJCoOSiIX7CxHPsie6avoYy5qyG8zFijRbUtmlg+1TtJTY8EvknhYck/AQiIsDIqU8lEygslyPiQAhJEEDGlhFAPgAUUDKtLL7uOWbSy9f8sB5rQkFv0xGRkzvh8FGpBbob416wzceWDypwSUc6ZymEOVLba1gtrFoMA05QmnCZMU6p7ahOUbJIy5S3Oec55novbqtxiHOR3wVJKiMh7phBF4uz+CBMK15t6+H2dmrIDSuIaY+ksV+rcEiDUNVkJjbRQhOb/mn6DvGsM5ACruNnudbpQMKx/u5gM2iqK+DrpBQDmZWgO1TLfLmNw6MN4BU9W2kvZRGFRru1ZTAGxnuyREHWLdGVUpkx0YXPhwubCPQ994SP3f/x9n/u9jz/w6Xse/MLP3vVLv/Wpt3/Hc17z3c/9w7de/vjNvJmBJrSWkU82kQIDcnTdOArN+oQpQouKbHQTzIzORcKTIrrd9JVR8LUF0KqctX7h1xc8LhYtVxDhlhUX9r1VKIV2IVyeDrz+0KSPMlJGQUVQbK5QunASrTEljvZ+fNVjsg25bHbt4w81n9GKuyDEVQcGrAh3rWhhcOhNSzCca6jE/ueqRWpaSwrqkhMwVt0Iv/hdbeTDNxhwujQWUGjtpXGKwIduWAPBauG3ytujvoyvkWjDkkuK+jjW4ans4i9dra9j7qDSTrjZHJ8+ffrP/YU//6QnP/n46AIAzPMWCDLQPNdCJ+Q8bzcz0LydEQCJjo4vft8/+Wef+dRnaXMRyuH8lZT6muWps5ecXq+vuOq6g/V63lycphXlebvNM9GDX7z/wfvuTzilKU2riXJeraYLRxePzh9RWhFmokQwl2RWpZ7E6xT3SYQ4Af7g/+9f/czP/sL5i8eJ6J//4+95xR/9Ttoc5zyXjaYEsNls1uuz73rXXX/pL/yl8+ePHzi3/dc/8H1Pu+PLcXUeEItbPn9+84e/9Vu/6Q+8Yrs5RkCi7eZ4K5VIBADIeZ6LXQfEo4sXz5y99Gd/5md/8F/92GZ7sQokIAAmTJDh+ML5b3r5N7z85d+4ybSaptMHq4vHm+Pji4i8swZpzhkxAcwPfv6enOHqm24+dfrM+UfOZ5qfftvTt+ceOZjo8AB+7qd+/hde9yszwfnzRz/2Yz9x7tELRPAAwR2Pv/nf/ti//qPf+dq3vvUt/+E//tcnP+NZX/3VL90e0/GGMK3yfPybv/arv/LGN9924zWv/aPfds0tjz//xUcyrqdpvTp1+u1v+NV//1M/9cgj55986y2XXXb24oWjzXZOmD768c/c+8D9D3zxEUR88N77Ljx6LmckwJwgb+nhBx+69orrpmlNvLHKns9ZHa8NmVn5NHyzthokBY1OSQVc5Up1h0ME14Vslw4c9pBiHNC7UjfkQOUWMzWo+289LdY1qpHld3ICwiEZcEVQ8Vvoae7XC9X0BOcjEMiW8TyGBSz6R4qScefqyPlkDsZDhmbk+3aqzZw7Ti5m/ObvgaN0wAPALnyJPlN5qV2iSqxVO1KJQ4BmfdIOagMOXT5hZMAF0iPcIgI2lur/tp6D4KqYPBdgRMIw0O+eAqrIp+n1n/rdv/3L//hd977v4ODUk6966otvvvMVt730jhuedsslNx7WKiaMD3qVGSclXlSX6ukL8tw4T3RfDWILM43hf7bc9rn5l4wmutjdxkhSWqsE5GrjawOOlvkv5jvUN+50NNQhNRpxVqJmxA19YcIixbnU4TgRYeEqRdMCLFl2Us5l12wGypTZERmaASfACVPJPOOYAAQ5U86Su9pTMwATlj8JDW8C7rpE7m2dioqlkCfT/cM9VaaYjW4pRns4g25XZYCdlohXxyjb9zcV34CuHVdGxvhUJ4nRUMFEMxFUwWjlQ/8OA/cuIrLsAzZDqcrG+DqCo08+cPddn//Af3nvr7/pE2+//8Ij/+ebf/TDD33mr7/0z9x+9VM38xZqXYnjMtFlb4nL0qLYOnspU2JNtmf2i5MKBVBHZ8+eG+8L4oKX6NbqQ1ias47LnlgjfsE6eukAXdsuNHItwj62eVfATDJP4YIRFduSb1rAITnHGGN4AK0WOphtXifuu23g1pZd5myfEhBZOha8s31M9mnxWZqr6ailhYsxjE6AZ2CtwfWiPz3AUKMABPEBYR6M36DKltLKcq+z/U8eMX52tgSx0jQD+xMj3LWuRLL9gQGJtbG8MUwH2QtgxYPLSn7ai2GzK55F9XUDbymfQWMX+DgfNgxEsN3O85amND3xibc+5Zm3Xzj30Go6ACDElFJKmKAck4pYTzzMMwACbR++/8HDw8NMgDhhdVUEkOc5E8G83c7zTPOG8nHO8+biEawPaJ4pzznTk55w62v/yLceHp5KqylNSJQTps3R8fOf9wI8PiIqBVfkH7u0DqNYZCTEnLd4+tSD997z1re/8/MPXrjsissefuDB3/7dt331t7zmzOF6O88lnIRUD8FIq3T20itwOtrSI2macp6pcokAcJvh6iuvfsrtzzn/0AMPP/hFPUghJUh1tijnVN7HSnj6ksvPXnXdr/3qrxPReppWq1W1R6W2SDhvtrc95SkvfPmrAZC25x595IuXXnkNwCmo+20RACBfhHTp5sHP/N8/8C/e86GPf9sfetWdL3pxWp3C7dHm/KPHRxdOX3LJu3/z13/4B3/4C/c+8JXPveOpT3v8Zs7rtL7s0ksunN/ceMO11z3u5mc8587XvPoV/+cP/vjHPvqJF73guds5HwMcTOtP/94H/uN//I/njjd/8JWveOadz83nLyLlg8PV4anDD9/1jh/4gR9673s/fNnZsy9+wZ3/43e+9swll2znvEqr9frgda/7pe/5Zz945RVX/Ok//d0vfulLjo+2iAlSgoznzp0/dbC++cZr84VHp0mPM3BWw0RdGgb7ojCBnuImoVNQelZCLC20whUtkLvQ/yUNvemp0i8hsUv0egkFMJ4SnsSwigjc+UNdZ8BNfYUPW2KCvlNTG26v6BuqeWQ/CmAsxG5oarragTQuNz6bom/rkbI4YjdSMYVk+3wH9gPgyyu9wM7MTW2PruVYplpjCXD9I4AO/weRh35Yyr3CwAHCHpxSx8PrYDmlN3zibX/tv3zPx+776OlLL7njutv+pxd8xzc87UWXweHx9uLDRw/l+hNOqfxuF4diuqbKfwIDgJfZ2Jrr6JGUcO0sxvIipCMqfA74aAGGbxQW5hr/a+wpa3QQ5o2NTdLQII1W5GMW0VDgBMaQKrEacbrPrp0xZLaDnD9kLR6vMJRsNQOVwx7MK5h1lOLqJ0gJpxWkCSeOF6oVzpAzzVvIM59cxN0RAVd1nUDzTzTzQliSbArj1jgNPMZiqaCeW1QX89Rou/5B25h5IzMXVaXrIwb3dBJl5S7EvHxohgtuq9DzbwWzleA8zWJvXKJZF60kF4NEA4/JMWntIy0QECGlGsqlqYaIwHkvEUGGGVO65fLHPfmqJ7301hf93Pv+8799609+8pF7fuH9v3o8z//w6/7S0668dZO3M2VIOJXdC7x9Z5c/OdmlKYdPQZdWRPlRKHUuW87FlUEGEEZp5xyiQNEISW3fOLuycTTc7xqSPdx304MaaTnx1Uk+d3RgEe5QEXwjtSrZMqTrUsFPYm+TkHZpPTu4mbQvlzvlBZSxM4K8DambVnq2Y0QsCGvqmOx+BU0CMrsDMwBCSphWAPx2PWXImbZbyDPQTOWHOlzNy43Nw9pSTq2SMzr2Z2LEDjUERcEjN3NUG4QgqjSoRyYJKxEAKNNc97LO87vf/Ns/+uM/cflll223xznnhLCaVmlaTVNK01ScRtmG8/znP//pz7hte7xJCDitSgAyYcZpWh8czJkSnVqtD3OGnLcH6xWuDqZptTo4LD/k8ribbvyTf/EvAF7azNQWthfS5hhyJkJ+HbWa6mooK+OQUpoyvP13f/fue+9dnz1F6/WZS06/+S2/+/F3vfNZX/HCCQjyDAj1rQXA7XaDMJ8+XD1EG5r5xQUERJhWOAEcb44B8c2/8YZ/+f0/iDOdPXMq05xzIRmBIOd8uF5v583jbrz+T/2vf/EpZ648f+5cAlqvVtNqVauLgFOC1TQhpkcfeXhz4dzRuQd/9Pv/xdt/53e+5Q9/2zd/x3fNsH74gYdotZoQ87y5+rpTv/SfXvc9//QHP3Lfwxfuf+BJT3/25Vdfvz33aEI6vPzKhx984N/8mx99/Vvf87XPv+N7v+dv3/41L4O8hVR+g20FsJrPPzSdueJ//rN/5t7P3f3Sl73kiU9+8jbPBwkvv+zs0fHFm2688S9812v/5J/4Hy+/6oqLj15YH6xXh6sPvut3v+8ffe+v/NfXT9N6Wk3nj47f94EPz3NeH5w6debMJWdPP/jIuQzpwmZz730PfuiDH7v/iw+vpmkz5+Ojo6c88dZnv+RFp86ezsfHmCZUgWwE1aZMXXchYc1Aa4PSZhN4dNQMfOsAKEQDy9Z7wbwrQX1D1d9/64EPjbZdHa3omlVejvLQNg7QeO0LlHvEK5P81qzZRDK8xETZOaiGRpCsZ+bVIp2koHZtTdEzIWJ0Kv31285T+eWJ0L7db+OqsC7Vd3fa0RlZWvha3QUx8YJUILkNURBN+OKK+qTBE7PXRFp25bODrRESyQABwP0WDno3yyKmUqLRKyGmt372rr/6y//g4w986vR05iU3fcXfeMWfedrlTzh/8dx9+VzCaZVW64QAdaVrkvprdTAcBPs1roosYwqcPjEaKEIZIxHQ9MCy1Ddjc+7vtJ9JZVEy5GYo44GBg/7KHe5s/+ViKS4HhsRn5O+M28yMVvhKSSSKFC0AwPoOqkTv9TbVvdy5RC7l1NSaOyhHECjllCAlTBNMCRPmWoeFinmeARHyVE8rypkx4tzG/gFbFKAagwCPa2dVaZNavjzigN/MYaOV4SqykTpLygvte0mdn29zW6QR7fO8GIgWJqohMpSLarKxrcEOK4n+ugKzrnZhGkVQOxSz9tfVBKxHRTkqiQAJtzCf257fXHxklVZ/4nn/w63XPeEf/vI//9CDn/mlj7zxxsuv+zsv+/NXHVx2PG/stmhZuUV26qrjxOcGoyHOHBIjrIs2HGutweo4uzHdvCCmvIIFkRLZO6hWVD8EB1/R9buE2s1HFTZ1bJC3Oq33Ackl2KoLQhB9HNmOJOm3stfJm53ssCzaqUfXf83TyjnDLuaGSGdZYAuOSUEyCd2Vz64iyCxwRCGcMGGVdX+RJ8Hud/J2At4ZDsY4srdjCQF+iuDORooahED19waR+D17E2RJD5QqfHGjpWvdrV3fyK/y2qRxDBSNZyYAyBlSwtUBQYb5Ilx4cH7487Q5wvUBnrk6nb2S1qeAAOdtSVP5DPiwMs8j6FN1cyhhXF1lqxZIpKJOgQgeqwLJgQyGVmAjLyeGuxjQeBoAAJjLtiIExLT66Ec/+k9/+P8+AwB8yg5yClh6rSaADDDBX/8rf+45X/5cgnJuPCIgThMCbPPm/IUL85y3eUoJMOHDDz9y3/33rU4dzjM89MADR8dzQrywPX7gs19Ynz0imgFS2RhCAIAZIZ9ZpzRNMBea68ECRmEJJqDjGabVfPTIz/3Mf/zCvQ8Qrc8dPXr6MH30wx95wxt/42nPe94BwnaepykBzEBz4cd8nAm2lIsJSIAJUprWU8JpQlitV9NqdXTuwgc/8OEHH3z47OFqtZ4gE6RUNh0RwME0nT9//s5nPYNgnk4dYoJVgtVqSgn5BzkTIk6pMDevT5/+6F1v//f//qfe/qFPfPq+e89cfunL/sC3nrniygvnL1DOl1x9/T2f+PDP/+zPfeG+h597yzWv+IOvvPr66+aZVqdO4bxJ0yoTbI7n1cHqSbc+YXX6zMc/+pHNufPrU5eu14fH58+l1XTtNVdfuO/ej374Yy988Vddf+1V73j3uy9evHjlpac+9omPPeOpT/oj3/ba06fO3H335x4+9+hTn/2cw8Mz7/2d3/7e7/2+X/lvv3mwPr2eVtvN/OtvfPNv/fZbi2NardLh4eqhRy9cON4cbR/+V//mx1YpXTyeN9t5m/ODj154+Yuf/4Qn3PKUZz5tO8/TNPGcoDXEuk5AXOuF+kq1fQRgVQRU8NV2sU6SUZmExeJIHub12MAkUwtjA2B023eUZGShbFmUTDIC9bIoj835Q9jiNsy17BZj8kWnFgy12ENAGw12+nMpbs3WOtfmosZHSvJnEFNo0Ry32PeYupCFjvFqbgWWAk+PH2JHNdpA67QMomLDFBMhhmZ+7UFXiaoT7NHeC1zq5+j1m/Zyy0SbLXlhIvR73ZBJgIj3nXvgH7/xhz764Kfx1MHzbn7O33/FX7rx9JUPHz2EmA7WawlMEAAoQ/11YDO+RueWLz19iMjJJ+o/2HUZTxfk20ZmEvb0ps11oYXHcpkgxBq1wOg61gK03u5KDI+wocQ9L0YWOnSTPjCxLKAN59DGnSWCowyA9bRIQKg5JwcoAARuk66fuBKJlPU9rAueo4ntabZjp2sUJq4Ty9UISLsH0bfjoZ2XmL/tmv7ujo+4h8KNxbE1BGZpRGh9QRAKCh8rYzvIWLKJ5yJDTpAA5hlySUdlNnknN+EKDlZpO2/uPXf/V9/yosNvXv8f//mf/t5Dn/iFD/7q829+9nc+85VTSubIeaFKxnaWy5GotzEYr86mU9PY+pCOiZSkFN1UgrgD+6petVCdFEAFn1HqeIK4Pmn+5hnlNVh7BWukcLqOb8Fbjd2p3l52pu1WWKtYzpVHjpd7dbYH8h3tnt+2AFKnrmzq1Xx2XR1XIhqHcsqs1t7coSBg33Uo22odTyTVIAOiVFOzWmGtNBp2iQLY0YFFzqlLQSHxc8kAURlUpHVap2kF5++bP/Ou7efen+//yPEXPkIXLuD6cHXtLetb7phuvH114zPh4ArazOz1TImCLFKChtIROL8QFCorpGGMdUsYWxP/uKwkMm+yhXKGHSaYKR9dOHfHnc/6a3/mO6fp4MzZM4iIaUqIKWGqeodpPR0fbRPC17386zFNaTUV41AyUDg4+543/caP/+i/O97SZrt53wc/dOZUev/73/83/84/SETznI8228985nOr9erDH/vE9/7Df3TqYE1EZX/rep1yztucL5w/+tbXvPq5X/dyonkmRJonmEvWaZc/CGg9Te/+vfe/74O/lyjfeOM1T33q095317vOzxfueu97H3nwgWuuuipvtogzJn2PNiFkwFTXqqfyacIVYjn3D/NmfsnLv/H7Lzn7yLlzq9V6nRIS5ZrJECAkSEfnj6674YabnnIbABGWc58T4gQw8TnnCWolFPPxhcc95cnf9Ue/bfXTP3/X+z/4l//KX//zH/nEq77jj1521VWUpqP7PvUD/+Jf/Mqvv/nyM6f/lz/1J17xmlevYYZ5k1YrmFZ08fwVV1/1J/7UH3/w4S/+t995y7v/1AfPHE6b7Xx4cPrw1MHdn//CU26+4X//6//br73+zd/7T/7Z1VddvT6YPn/vfZvjnAl/+Ed+7Kd/6ueuvOyyw4PT99xz9yu/6ev/5vfdeXo1/cYbf+O3fustV19x6R3Puv3cuaN3vf89z3rWl73m1a+8/PJLjs4fJ8Qrr7jsne98z7/8kR8/OFx/17e/5o7n3JFnTGkigPOPXrjh+mtvvPn67fFFSGhqoFUTW0NldJ5VoWe/u5/sOUIAgHyqv9kBuys6sAGLtu6F7eFzqc0NvECzGx6A7c3K3NHW2Cp6HwFTqUNonZhA7BMhPUGtBCPXVJf3vBh1wo5p2mPzkoW09PNcu/NDT5FGeGIPIb4o3F3whIZ14d2V7kppZ2UyGOQW1YpXsfeVVWqxXW1d3ioyXtIfYb/jIuJUwnoVDqUwcq9hVS1gI2FG+sUPvuE3P/b2g1OHN5++/n/7mj9509mrzm/OTbIZs6gg6RpX8aVSQrUxnGeKYFY+kLw7iq4ZmLIVgLErHLdoiCjnhaA7qaYzNRxNECq8wrIan9uMgX2rHJjP08gih2g5i9JCAlRRG5P06UxUcFjby3K041xb1CEbPaCg2B54gwoBHWwgBEwEVN8pAWdzDG7lSddOIgfZQFDOma8xpLwwzriSKaIbQ8ErZIGFbjATsKIMR0x8nTiNXc1Ch3nz2lAFhiUmeObpF/VkfQ+GhJT7XrKVqPKtvhZMZPyXhsSGIEtqBNTdESTTUx+rsdAAGkHH5FwoekFrsWeYJZ0goIy1KDNDxgnXON177r6X3PzCP/vVf/zvvv5ffPKBu3/yva97wU2333blk+c5Y+K4medz4I/NhtV6g4rxQF41a02c7gepFHZ8B5q/gX/zk1jH+zz2hj/YykqCcQDUzA6Phu3dqm2kste/equdrdMRvEMM8xiuZQ9iTW1YtwwRW6jtgn02jgUkBXUzSK6r/1AkwrlsTwjpUTMeYWnHK8Z7xSdhe5HLHOU1x6IZJNNn3rcwws8eCgD414Vk+UzPVguSYzf9cjUPExDAtJpWOH/uAxff/lObD78pP/oo0oyrCRDo4qPbhz63/djbpsuuObz9a9df/u142ZPz8UWA8msbJKaazbPwl5TJ1XejR0rjElBC5D5CN0n13trLKq9wE/8Wi77BX3vN8/bC+XNPve2pf/Nv/a3TBwdw5hRggjQBZFhNleFEgBNQhgsXAafPf/bu/z9p7x1gx1Hkj1d198wLG7SrVQ6WZEuyLVvOOWdjGwM2cBg40hGPIxzcHTmHOziOI3PHkW1MNGAMBtuAc5AcZMuWg2zZyrLSarXphZnprt8fHaZ73ryV+f4Gs3pvXk93dXd11adC96DdGwqAyDhFlQ0bNl3zs99pn2gkWKVW2Tc88rvf3pRJYAhMYF9/Hxdix44d3/6f7ykFnAFjQASCA+PIBR8dz2ZM6z/u/Et02jjmygpz7UcZQxSgfn/9H7fv3AkqO+7IZW95+9s+9anPrn9q/PFH1z2z7onBs89GxqTUOzbJDCciKssEjJt3lyEDZEqCytoybVXr/We96CWREERKb0Q1h0jaNCRkqLK02UxUmqlMkVL2nWCIZDWjAlKkM2x7h2a948MfXbRs2Ze+/PUHHn78k5/74jNPPfnGd755yWHLf/rj711z7U/Hm433vunVr3rjm+JaJZuciKKIQCFyAJUBnXD++W8fHfnwx7/w5NOb+nvrUmVJknLOxxI1NG16MtncvGXr7qZMh0eqcdRT7an1x5yzdpq1s2zn8GiaDI+NjjcmE9lsAB88+fTTr9i4sRZVzj//vJtv+cvd9z/QW+9bvGBhb3+13VYMWa0aTxsc4AikYO68+UsOWTI52arWalEcNyebVSF0/jkis4utgxUtQ6JjvaIcKKx3X9g7jGWBIrrVBGbTqJ/g07kKwFvdHszxFoPfaHAXQ0XgVWtSgUr0SnhDuAZ8sWokkU1jK5DiN2ORREeooOORPJXIxy4+tCM3iAQ2rmuzbggRSyfEr5zsHUN391daB5FVr0YfQhcpL6unZEy8m3mk0a/E045kg1qF4GG3aoNfO2YHQl7xDULSKCVXmFTor/PFOhptYDCnuszCzCPwpYyoZ63omHf85ulv97nwG3hf/Q0fGoIiw83jO69d93sSVJPRW0+/auXs5c2sxUXk9L0zO92yRWtsuIEIoGHQdPC5cwWjU4zBFSBF73d/gEsxe4h4CMDLKXJav1NKOJnjjFXHx86xa+Ub+g+j/81bmp1kEtmqLZgKKgroziFKkPzl/LFYGGpvVYbVoAEV6Pbi+J0uPKUcvArxiZEdBSFL/hCF5Dubx0aowMAx8Lrmrwz9L3rznos195Rn0gUdKR/G3MwpQGr7N9gJZcV9UFVxasF5IYLe2l8sGvUrNzVYTVecHr+PYYDBrj6rAsEFOTCn2SfXm51clXpV+V8tA+polBahqEAxhpUoGmnse/Hy8x59/skfrP31/VvX3Lb5vmUDiwQTihTkTgfXbX/sfRZBQvsaOycNcwqKqiEQfd50uNnx23DPuNElsu82ysF32B76m7utNPYHsECZrd8vkruW3EJEKFVneaKTcW2UNFIQ+EXtYBV9iZSboq1QlZTY8J73K79ZaKRwUE5wRIIn7wNBGahI8l7OWQjoO6VLAVcUHb7d6C/FSd7LWp300mS5TcW2oOsC2q4FnBUUxVzW65sM3cojT21Z/6h/ZpQDSKFT0a36opIhIOAxCpZtvq9xx/eybU8wXsVaD5AkkEAZcoGRIOCyMdlc/Ws5urd23ntx2sHUbqEOzqKGeZ3LHaxRbZcGFUp4/SczF06wO0IDdgwdFcb9Zqt342VrJSu6CYAYMkQg836wbGJiYuPOHfv37QdkemdHJDgyjgiIrJ1kyHHZoSv6+/ozqZAhY4gM9H4RpuSyZUve+MaXV6o9gmPaThWRlBTX43aznSTp8zt3rXty/eRk46D584+9bCVDZMABQCmqRHFUERJhZM/ew1ccgSpVpDB3lWpRjoqYQgSleLXSHNv/1NNPZURc4Pz5C5cdsnTOrNnPPfvs8P7R226/88gTT+6p8rSVEkl94oF+XxmQfaeBBpzIEFFwrt/DveovN97wh5tJZX31OigScSQVppBxgFq1xrlI0kzKtkozpeBVr7lKJm0O9vQl81IQgjylGZlAShrNRF3y6tdNHxr8/Of+c/VDj3736uv27Bs56aSVv7nhlr3DIy85/7R/ePub+/oH2pOTcVRhoLPzEHiEmZQTjaNOOPHjH3735s3b73/o0TvvWjV/4czLLjlv7uy5Cw9aNG/RQqXSCOj800+68hWX9w8MVqO4t7eWtBJFWZqmN/z2jz/75fXAkUgC4VHHnbJg8bJqtUKq/bs/3phIuPWuVQ8+9DCLuEylSjMlk5aUky1SpD71uS9GDGRGyDghG9s/edxRy/776/993Kknt0f28djfnevHK+wSQqtoQ7DiFSxgDy9LTFdh1DAiIim3NrXOPdDWnoI68WSSu3IpF1pnUCbuCLw9BaXNoX/+kEMZ3UuXXlh4qfT/84XFVg6Q4zr1r6WVu0e75pt1bTrXtRSUKTECIQfdFs690FGd2vgMSh6whI8JrLlV1NThrglXdYniLGMkFxLoNEG9pgOo7oBb573u3SgW0SuAAVNAf95477rhZxiy0xYffeWRF5GU3IDM3PKE/AgVG0/ywXKh/nyjDYIPXHKxYUnoOgklLBFiolxb+oHJIgwhj0P8cJqnYhwllKO+AilT8nnJsgMPm7jvzkevGynIQZ8evwoL2QwpAc4JaDSP5AjA4ne0o2R3iQbWZQ6SHBi3VFhaARBA+3Dd24H8mS/SkQ+p3ymfYG8KNIlO6ee7+IqXhTuBXgGwE+YBpuDXrle+pNx6oxw9emaK960QMoegjDeknVdYhvxehEHbMj1BneON0PGvbzd1qCKrVx3dxUEmK+IYQ8kUz9hrjn3Zmu3rbnn67lueu/uSg89e0r9QKoPPGGPYaa17g4Jepda8faFiuTx4h+GhRBbj2ubMuwO93ntPlV1dtbF7JLCHy54Hi1XcPZfF8QJ7+gKujpZLqi1Yv1N7M33E1V2J2+HBTk4pwLsiYeUEdA43YqHaDuxVoK3LeCLmdg9YLdvV9VwGS0r4Rq9js5jROOYwT/gt0FMAXU5WFe4ET7rt+goIgTFSyOKa2rWmccd3sq1PsVofEYHMiFIACaSA9H5URBEjxtnTq1vi/6oXvB8rsylrml0RaHVLAFXIjIxHbFlM2yGLcpYIeKEEyZRatU7k6P/MCysRkSFjgolK1Jhsfv8HP77t9rt76jUpM1IgBEcEYAwR01Zr0eKF//6f/zV9cBAIwORRGH84ZMmRxx77yRUrRMwBkIt4fM/uJx5/olqrzps7t9bTd++qVR/79Od37x1ZesiSj330w3EsVCpFpRJF8d6du5IsXbR4EYuqAgHTBIk4MK+XRICEjJCrLBO88tSGp3fufr450ZoxOHTK6WdOn7dgxYrD777nvjRJb7/9riuvfNnhx6xMkhSVniyVn7tn4Ig+vREBiXMBAILHf/r9jV/7/i9SgMieZdoGQIAIgAFIAAUQA6QACHDc8cdGyDhDs1NGv1sNJAApUKlURICkJAiVJPuGx0++6KLP1yr/8fn/vv3eh26+e/V9ax8bGx87avlB73jHWw8+dHmjlTBe0alAWqwDEwgKFA3Om3/J378JQLY+9alfXH/TMUet+Ps3/v2iw5Zmk8n+ffvGxscTosMOWfjKV76MT58FmQJRBUgBGFC64akNSUatNCMkkmoigfrAjN5p1b1bN7cbDURYtGjBcceu7OvtVVkWcd7X0/PkMxv+cMvtVVE57eTjD1o0f3K80W4lEmB8vLFo4fxatcccn6e3Agf6sMumq4C3CcLVHeqIgpokHwPpiaN8J+eBroAwMEwEBW2S+6m6qiGfoinvCiNnc7Jth3MFjQA2Ly9P10H9l0L6zOp2ZrH3k4+TsFM75nisw3dIVIhk5pVbjV6a7wRuc6xVV9ChGDqqLU61pdqz38IChRBr3qmAX9ARUCTVE4h/g/EZ+t2nisH6bmmy8BEDvkCHzMPQWnc3P0E+vYEJ6g916aTo2XLdCAn2elRiFGsWNcsCAZBhK0vv2/pYprI+Xn/FsZcNsp6mbCLjbu7ROXm1APWZmdwJcZ2DF9ClnzYKXbtjw+VBRuFbYBS6G3zTyHXQDajfQ7ukKecKcokOjhpvmbqV7G0cz8FRvoGFKJheBCL/3ZV2qgnywdIDhWASRylvxVkLOe15yMPyV06xN/4euLFwwsXbXGTM60IuavKnfMAVXAj57164CAEAmH05uCOjQGFesTVzQsd/x2yZ7GlPDeRDaSn3CMg7TU4+gsVyhret8erEppl6L68mx2HgCVcsClVvKVoFp9mWwvAf2Sx05+G2POVYlHJPjRe19Qaq8/JINAEYFw23/wThQf3XHluUT4XB296cd7aoxxlNFjEgIMQiambNw/uXnLLwmAd2PP7E7uc2j+1c0r9QrySGvnrO5VPeZYSOGQKwAbGg+54cc6NKBWlsBbRZhHpK7R4wt/C8hQydNhX5NZRI46An/uIox+JOifvC0DxbYtFZ2ZZL/oJgLxpsXcJThcKlPxW8mX61NhnAcXXuBCuQ3YkuDIN7hCEGE2h3FpQQYFtwBASgwh8k/YE6BtNb2V2nL6jLC2J1m0E7XHoWXb/IHD7tRgnIijIn6j0Uk0tJhwksGixu6ADyF7zNzyVCZERKQtyPyf7kkRuybU+w+oBSEpRC03ddAQdUhEhKiUiAqGQbHpRz/sRPfhNI7p9ilK98PfsAFj/bXHU7OjZUbDsUMKUZmJxrXXgpl1DWl2k1MgVCTvefDFZwI6V3PgqBiAw5A9q2fdezzz0/b85AvVJFzkgRIFWiOEnTHTt2Th8a0rF1IFDK7sgFBEQlgUX1alRJ0xaPK1Lhb2/4/Xe//+OZAwMf+Lf3nXLO+dMHBhjjBFipVPpnDAnOs1Yr7pu2a8vWz37pK888u+ENr77qNa9/vahVVKbf3ikLfKLFEatUIGnd+Lubhvfsq0R46qknHnfiMVDpPe3UE2743fW79uzfvn372kcfOeTIIxiAkhKkAshApwQYkaVJZqBfV4YYIzDAl1z1qqinL0sSLsSaBx7avGPHiScdd8zRR2/esv2vf/5rprLzzjl7yaKD9uwZJpkdc+wxT69/Sk+A3kqtRSIQSElZpudIAUngPFKwf9fIylNO+cQn/o0+98XbVj8y1kjabXXayScec+LxEMXQaqJOc9MshowIkDEANTG8h0QNkvaWrdsTgrgSJVKND4+Mj4xFUTQ0MJ0B3PfY0//zre9yxgmwVq3q45QYZw+ve6pa4QIRAAmZIkhaWcYakKUEkBIecfih//Led86aOTQxOkFEg0PT//LX2/58132CVd7wmldd/qqXju7dryQpIpXIdpKmrcnhjc8NzpppcRH64Mllx+RONXPfrQg0rG5xF9ol7VJctTAk8lCBhTZ6wzi5G1bBl1wOf3qIJbfsnJDXxOU2BRkt1iHYPb2Q9ze3KQABQDgJDWVUOVHrTJSuRkX4wT0f1kP+zfIRKPw4pTHWbSRzagLEFDxTmgnTtaEiHgHoUKVeRlk+mg6Ou8a6mZcvxJKcijAfAfi6098LitDZ5Twpy/XPizSUOpgLNAYwCAJ6ik/6/h4s4xofx0Hw2c21z+Bj7cbGke0g5bz+WcfPP4pICRAASqGnWMJeBANhFQ66ejFXQCHcyBdlOCY5xcHhYW4M/E/o30MCLJBlkKnfTcwVX6F9n0w3sf5WUe+DMedyQRDwEtlaCnPtOk7mr0mDso/kJHo98NstA4I+i+QT6vl2vAXUuRtKG8QexxqUhH6F4LAJBIxUkqdnixQckR1s70nQ4I6bCWc+I7jUPNc9G3R3tAUDYF3+EHbfUwiABckeEOhDJs8/FLQJ6MCwNyhIns7xtaLH7mjn3Z+6QDO5+uw42EFBfwS8lQbBPwT+4KI9AsqqCipozCJDAJDe3GZbYcglSAR+2IzlM+KBvZP7149uPnP+8RwxJcWQkbW7S/QY+gLwBYcBrVUJ3rNTeI5feOWFiUVrxObOCN+XR8ZZ0C3lATssWH075wdPhXUsva7UliTLeB8Kq6YEPKC3obwLNuiKTCz5vseuWCBsFDsq8B8sulMBoPOs2qkmzjnzy7vR6fvGkCv0ivCUwFQAp7wNyHFqoMz8ll3RfIGVTiL5Hzp+NauOCDCK1fOPyQ33gGRK6pxb1xME4IAEwBA4IVOKUMSUJumG+/jys2FwKbTHAUVQtdUJNv3WcwjmCKIgZIM9Wr6+6wA+vrIiZ6HbmDF5ZQBAaXcRACEQA+OIEkwH8gA5xFV+1jnnXnbphTJJgBFnrFbreeihNd///o8UikxKIqUok1LbJUbGEApFSiYJ45Uort/0619+/dvfeX773nmnzJo5e66o1aIoEpxzoDiOQFHSbiJymWY/+9Wvfv27P7XbycrlD19x5cvjWp0o40ohKtAWC7rOE2Qpr1d3bd36yMNr2q2EEZ583DE9vQNycvzQI446euXKP/35zvFWY/WqNRdcdPFAX68mEYAkkTRWYgAJEZFAxVUQFXHK+Zcff+aFUYVvfnj1fXfduX9475UvfvGL3/gPt17/q5tu/CPn4s1vfvPRZ5/T2Ps8SdXTU8uyhACIQOlT7aUEpRRRRkoCZERSSQTgKpNK1SpRa7I52WhlCprNtoyAc/HIk8+uffiRM190SVyrUZYB54oQESUwlaWVvurGJx6/7tpfEkgucO3aJ/sj/syzW6695mdxVJkcG730wvPqlVoN4IE1j95334OSoMKAIwrBGSOG2NczLY4qHJFAIVKERIy4QAJst7M20KoHHv7Up/+zGkdJs8k5q9crm7Zt279/PBata3/2q7vvu7/ZaEaRAAQiHJ8Y37Zt6wVnn/nef3kvq1QpU2Eepc+VGjWQW6EBZxdMkEICAAYHNuT1uQiD850GcsCuAQwWuQZ4JUok8N+F7xvzDD1ti2LxuXKzL8+/7Vii+kn7rmAq1V7OtvHscU8DOJrA3fGOyihRNoUbvi7PVaNtIkz6xWCOwMHlrlded8nrVYoqxwVqDpS4282MRH+3p4e2Al39gq8C1i+0WK7jwfMZl5AaSOTC0jhgl3Mz2xq6JXFsW9qbzQPrV386/AWo/2zav23HxG5UePjMJTPr00kSy8839RIj0cJc06Zd3rmj2bViScqLuKe6ZkZ5gJ/spFpA45fxq3QAMn/ery3kdt3j/LmSUcKcCPeoe8I/vimnzY1TWK9HkVlDWPKU9wU7bnp4wWhufwW5h8LqHIgn6BgVzVqGdwD1G0/tIHqr0ltgAW/ZXGo3LEVQ5Ykl98GrwQZhvGH29QF6I+a16dfnRt8QWBxKo0GClW2m3ecjtA3qSQt3oVk8aP0NXi3+WID3TDDtnTdD+mwTLhCR95FCM9IZSI4GE6LMJVAe3bWN2vVjN3Q49Epo5X3AHeQ9aFgHARkgYwKIjphzyMGDC7dt2vng5scuP+jseb0z21mLDO2FHemaRAynzxvXbqEqTVbHr75pQe5xImclhhqnbMi7XMZc6TRBw9EIElXAOmiwuIh9uVqMy5WLOgQNSAvd9Pve8eFA3TEfOiOffp0d6t/HQK42AOh4CWfBI9BJgK1OFw5MUK/6vF9Br4tSsaNyf1mVz3JgswadnuoiyJe5I8KuTbv5M5fiVgYZbsCguTK6iljFE9t+YhkqBayC7fFs08OwbwdGPUpJ61Oz3pA8lsMAuSaZiYhGttLmh3DoUDIepy77lJyn09KAJsWFQiENdo4L8EJrDp+QXAiZTtnHiqIa/bwmAkT9umpmwoAghOYbXLpk0Uv+7uXt8TGOjBB5td5uTqaZTJNUKSBQUiop9etbdGNMARJApV4Tgt97+63//qX/fn7n8MoVh7z9HW859MgjEVEILiIuOBOcMyBRieNK7Q+/u/GH1/xcKXnKcUe87nWv6R8aVFkGBMSkPiCDgDnBikDIFFfZXXfctWfPboE476AFZ5xxSm9vtdFozJg37+KLz7//4Uf3DO9b/8yGPbufH5xxGEipiHRyrFL24BXHYXpXKAGiiCv1VqM5Oj4yfdrgfavuWf/c9sHpM6YNDWVZMj4yoqSMoyghSNtJW0W1njrEAFwAQyklEYFUSimQStcqNUqQSilJMq1GMWF225/+8qX/+tqdDz42Y6B36aL5u4ZH7nv40Y9//HOfU3jGS16qkpTSlBjX/C4JgUer77n3a9/+38nx9uC0OqtU+gf7tu7c+fVvfX+kreb1RIcevESSygCOP2zpCcet5JyDIgGMA3BGiPjk08/du+pBpk14kAz1LBHjWKvW+nvrE+OTt995DwJEIuIcGChg4uCF85HUw2sfvee+VQTC8AfjkYiajdaS+QsbjVZ/vV+mTYci7Sk7AfvmRgzlJ14Uz1Vwd3OZ6OVzIdiNtYalA6bupmc6YahW52RxUGBa2S2m3morYpfiRaW/CHe34O/09JreGmy0WmhOuEwqvVK9X0NlNkVYD6CowLxW0EFJRxA5NVpivhYDLuTEc6jh/GHJraa8waA+pZQ/PtrSYsAAPODroSrU3gYCBQqcBHPVdxsNyJUuWn+F+0oegs+716XrnTHqbhapVwCMLkPMGcqn2Q6AQzaWCR0uD8jKjdIDQIEQ5HWwcKdD2mmZTGXPDG8aHtvHJB0x99A6xk1oIQIgswegB40QWD+eWcMFhG4RcZnfwpvlAtii4BvY5Wr1o/d8vlDyoQqdJu6An6CRAG0X46Nm4fnwLCfSfdL62r3p3ki6gmmjn/DIIfSWA7kVFD5CkC/WfKDIxtZ8BGYTpYjIX76hEMvHlXIc4SC1RfBe3AfskgTHYOTLY18U58OszaEAU3rj5oQMuEf9ijUhOeGUyxn0O5v7F/JeWaotP1HeaCDGc9ItywZ3gyXivuuOofdc8SqMRcgrZRqi/OyZkCQqfA+UGVlZ7U2uhceOcstoGAySkyEmPzLskeFs9B9myBkgITTT9uKBhUunL771mXuf3b1pf2t8Xt9MRYqAQ2GqvD/ubuD2svKnoMuchvNHxlHujW+e/On/BGErfpV+eb+J/KsJddrpK9WkOUtaBUQdZTquTl0MVql5RJaAiaKi7/TgdjAkAha4qTCGvh80GCsMCncm/pSEZENvdWePwvEOZLRHDxVqLrgkcwnZ0Wunvo0n2hpxvooPxQNCx7AFzOOrU/Af9FuHPHvBSLFOv3wgc3w/OxVFaDAbCIBISkqoDmQjm1rPPETNFvT3AEl7Xg8VE2u1qtIik0fZxHjy3JrKEZeCqJJsIzKjnorwwG0Q89iYnJCjji7kj7qAUolwI/J/cJzldZmCJr0nEcxGRsE4ZwIZZlmajDUbjZQLQYgVkO1GU5FSUpGSJDMiJZVS+v2hZlce5wxSmTx8z50f/8Rn1j+9af6cWW9805suvvQy4hEoQC6YzkglJqKIxfGa+1Z/8ctf27xl+8zB/re96fUnnXkyyQwUICIoyk+BQEbEABGk5ILJ1uSdd927a88+kCquxPeueuCxRx4bHW8Ihlu3bUcFiLh1x/bHH39i0cEHEzAFCDpbWJOqzxqiDChzr+JGQEbEMeup92Nz7P7Va8bGm6eccNy8eQuEiBlnMeecc0Qu4lqrsWPr008uXjCXMSCATBESAilSEkgysDvgCUEBQx5XIE3aN/z6N9/81nfWPfH0jJ7am1/7sle/6pU3/P7G71973QNrn/7Xf/3kF5U6+6VXADCZZoQAChgCtJsLFsy//NLzZNKu1fsee+rZpzc8N9Dfs3jh8mazXeG8p69/stFsA5x72gmf+uSHoF6TjRZnnFSGlRik+tp/feO2O+5TSgEhKEBSgKDa7ZjTJRefc8jSxUMzZ/X09vT21OrVWhxFDChNpSJSUgISMQaEUhLjPIqqIhZJY3JwcLBSrZEi4NzxGFnRnasT8pYw+ncDGWigmC8JijUEyhlIedrXAzWepuu8ch3k71MIN1nkYMesIAygWdmFwUoFYTFLATSY1nL42Fln0ZDLtcELMT6nunTXbKQDXD87TVCvlfD5DnQHfkXG1PHNwqK3z41m2eWSxFAnXXaMxNQBwxdyOcTjeM43jV947blRV7j5NxFTgmUDPVfedKgNsWtBKBYi73M4EVYpgI6AjcuJVDVrLFoyawFHhggMERAU5brDaqewcX99Wnsiv+9/tpqvsNi60m8+YIgmuj/kdc+C4JzJ/WKeNdOBrjyStR+50KLlWAgioflHDP+4ai3+svjIhl+8+FHpGinrrnbOFteqHdOioPGQn/c8YrE9JwdzyzAfkzLmzzkpkAxdJ8i5zc0IB2MbaAlj13o0HHCZBfl4OcuXLpR8xDv4wwutFwCjD+TKqMmH2ZjshUo7Gn+Bl1WE2qXjxDh4ZyFgoXzgp3XNIjnZHDxm1rQL5SAAIuf2s6S0D/tm1AYQaTwZa8tWodOuks4VHwZRSlxgf8MVBic7fgxM6r+hen8dUMeQgc/2xUqn7kgRy3dpvvzZ7uqy+82pmjLCpnuEGboO7d96HajT/mHyRiPn9r8VooFOLNiKnqFjZJOV5xYuFto/8PCU9sK2SPqFiuTglPOX+SKw8PQLaNNfLgoIiIhxTs2xdM8WVBkQQaaQ64Ytm2r3EwJZf7XWJQwVjG6Hsd0wfTmkDeQISpmX+vpmMvmxUYsPrLDy8St1YbYQC5YoBYD8d4sWPDNYW+KE+uXhRMA4Y0wAIkNRiSIESDIJkUCOShEhpoRJlilFjCMyUlICKEVKKSJQoE1Ghsj4Xb+76Utf/tLjTzw7Y3DgTW983VV//3qq9UKSoBCCRwgohEilTDFae9+DH/vkvz/2+JMDterbX3/VFS+/QmaAWcrNuyWZJZJAASECIwIpRO3RB9ase+JxhYoA1m/Y+OlPfkGpDBlPE0kAPI6jWnXXnpHf/e6mk086dc5BC5tJRgRZJgklECoFRBmQBCIgpYhAvzkFZFSNIhbf8Yc/3bvqgRjx9NNOmDl/DhCKKKrWIkLkqBDjHc89/V+f/4/jjz927969kRA6ggpEpBSQIpKApADaSVsBAaMdGzf+9Oqf//Dan+3aOTxv1vS3v/mNb3vP23pmHbR4+WEc2Q9++usnNj33rx/4+H+0W+de+QrGuZIpQ86QZLt1yplnHHP8MYgsaTe/9J9fXvPIuuOPPuLDH/ngjFnTR4b3Tx/ov/2eeznA8OjYhs2b6n29MgXBY6UkCkybjX37R1AgcO2rMUyGjKlMCRHNmjN72rRppAgI0kxKQIGMC8EZMBKcCUTGBGOMM+Tj442Iq2PPOL46OEdOthQBogDU7E3kDlP0GDT/UgI2u8t0/avZ6FeEBlqGli+LKRST91MQVjyQhdnlwuJHBMjzbx3682wcIoLwOLhAwYSuubz6LsZnh3vYt6U7JaH1oHlWiB1HBLDZ7TqSUqg539ZlrBUXdcyDOcZ8z1MyTP8DCvPPXXW2RT/F6DHY+j0Ciu5zz2Xr6p8qRQdK2iqESV1tjrBO2vy0pQL8BccbDjZ1dM6j3z3njZWzJIqTYnW2RUd260jH7hodk3NbzoohArBLCgBIASEhJ+zhNU0pMmZlMJkGPQoLJwOR1Wze6uzwHaDrbE6Ebw53rizPEPF+wo6NQY42dHkEToOQJQX9A0KgsAItS+hgJhZugj9JhLlOR8eVFg34kQavK/ZFr9aYM9LHglQLyDwOcSxqGvBqzo1BnZ4dNqf0u+SMeYL2/64TrnQHEkV31zblVqXhtzBRn/J/nXHgr3bDnB6WMfE3ClI0KR8806e8Liu0CiOjQzp5cMVQHhxQ5Sbfs8zzVJwchHkhWdtczp5B06aG/CtYCey6jt7/rFgFR52tLm8h5xY0MUNw0sIVzpcJ5rXl9rsZMH/JOB3sfMBaaNsDw1w9Xvu2ckTGnPpCc9wmECNimcwkSX+AwPGGHbtgaXQ4jEoin1YTO5p9SVWe9FFWW66LMbgDnoIs9YQWZIlffTFCW/g5JAwLw+Lm0dPNJckyORcdoJuGSy0TBYrMidFwt2mn8vWwQkBuodHOiGghrNk5CP6D/oCbfk59+drLPpJzTp4yBK7Lrtp8yWB+M6/YZou6790mG0JnYGE2tRlVuJw6NnxrFC4URsczjslbmm7dg1UCRASUtSltkJSoJJGEDEGflUpg3+9pPoBb8wRKQdZqVVoNZIyUApDWTcqMGjEbGr0OBWvOVObYPT/+wLKUZ+Pbnyk/cjPQehYK2I6Zsk4K6cEkIKXfloQMUDCBUSS4EI+te/Jr//21yYlRjkxJiDh76LFH25Im22nalkqRkoqU0jtBSSlSiIwT8j3De4f3DM8YHHzD61/zjn98p6j1UCsDRFQqiuJ6rS54tG3b89f+8Oqf/uKXDz+8blpfzxuvuuK973k3q9cxSRhD+6Idd/SUSZcjRZRJSNq33nb3hme3gMoQIBJRpbfGACPBMqkyRY0kSdNMKXrwoYef3rBh9pLFiBwIs0wqSUSQKe0WsOaiUggsEqLRak7sH3lq7Zpvf/1rGzdtX7bsoONOPKkqYpBJHFcrtdrwyPgzT29YcsSmrZueXffM5slWOjR9gHG36Y+ACBQhSQRQAK0027X1uVX3rvrxT3616qG1SSs9dMniD/zbe1/+htcowsldOyrTZv7rJz/VN63/W9+9euP2nR/8+Oc+OT55yauuYlGMaUagSEoAimtVFdX6arW+ek1K6K33zllw0OJDD1XNyX17npdZ1ivYnasefmrDh5ng1agikGWpTCiJEBoTrUolllJKmQEREEiVslp1YrL5o6t/9ps/3zPUV1VSxnHEOUcCJKWkBACGxBCJgBC54KJS3bF3/9wZQ1/9yhcufsVVadYQUYworWShDmyqVT+Cc6s45e40qg8U7VeyKWmdPny30srEgL+ocskMHdLevyypAbgnsI7UMqnrmTmQU2GlofDbKjRbEP0dCsYBMZvJ5jllD2R8TtnNPAc6B1wFsxsBiqkwHlGhwZRDHptVQvkvttN58CRXu67lA3i+8wotBCmYhYXg6pQpWFD4Kb8wtyKAiiNcMg5Y8qtRJ16Z8qedjjyQCg4waTh0VGLLofdMCNSKzOf+LTmEBrRsNcsTEZEzDoD6dHDXuiXLPBQ4GjyN7dsf+Rq2BHrl/GIeTR5rU2Ak5G15jg8HOPISgXPKrg6vbuwyDT4mCI0aZ1ZQoXBu0Dvaiu6J8Eu+BDXpaCzDcAhB5WuHqLMeA/GDrheQI+jDE5yYRSBC6xlwx/37SINcz3PUUeLnK+ywKP9UmJcg0aI4HMWBwnyawEOdQQdzIzOAq1AcJwv7POoCLrRji97PCE7RFFrMKfLIBP8mINhguRdD1d8tJYX0A1uXNfXyevyH8sKmEs1rvpkLCDkU7YqvTVPhMa1eYdJZ4gydTQTkUnWR2fw1U9ajyO9POG7lP5Re5Dw0nbdLNGCJnHceVU84/f+6KOS7zqu7GQYFboOiTvcSNQI5WdpN5/AtSZ9xjxhGMK6qUj1YtDynYJbCIwHNeQfJK1YOIkJHgL5l4JB/33eMhbzlu51cB8M2Su8WaYC8gS4gIV+3XllEBJ2chUZdauMJ3Ox3DKmn9DBQKG7IfN0N7pZ1g0lSKSoiKUFKYADEMbckiziAABgQodQam4BIATEAECC4tW4RlH4NY+rECFrgng9iII5sWxh2N7wwfDAfTB+mesoVkEABMbKFCJDpl5EwxqJIRALXrnvs9jvvBIKI81YrywiEwCyjkeH9zcY4AjGdyanJN/qOCcbPv/iinTt3CBG98S1vi/umqSwDITgQxNHCBfMuufjciVZj89atn//ClxqNxsJ5M1915Uv/+X3vjqZNM8an0a2Qd4UIABQwkhlGYnzPrkefWBdVolYzOfbolRdecM5A3wBHXqmKNM0QYNv2bb+6/sbh4f2pbK155OHjTzqxUqkgSEUkldk6rBQpRaAPDSKlVBbH8SMPP7J5/VN//svtG7dtH+jvecVVrzrqhBMzBRHh4OC0nlpt67bhb3792zf8+td79u3dPzYxOGNGrVYzI4AEKiMlQWWa8gygVq8+vOaRT3z6ixu3753WWzvrlKM/9qF/PeWCF00mqZQgema2mu2o1vP2D35ostn8wdW/enrTjp/+4jfHnXr6gsMPbzdbnDMEwEzKLKE0Qy5qtXpVQCozRKlajb179zBJ0/p66/VocnzimZGRTKkKFxyZIsqAEKHCo0xKkhlJCUoqJQkAFCXtNo/EtLqYOXNo+rSBWlzJpBIMOZGSkkAhQyE4IONCZAR7940PjzZ7evviSi/DiJAr5ACKeQzmWBjBzSKB1aK+zg1SE9AxuMeh5crMBAKQgBn7NiyFLs/UU4q+7ROu3APo6c76gyuAH7oi4WgwYgrARSfBCuiSIJXxivpKRC/o4ikChf4UjOyibii0YmRc8Gq7Mko6RLPTi1ay+iaoZ12As/udgxbyMSheeUlPEbpHOilxA1Rw93brsoNZ9nhGb3BzYEROWwdN+KqUAkzg1Z/TCWXjb3sX2Md5x7tT7tp1US2f+NyvPCV7QqGNcCDzpzFfcMrNWoEY7ADdlhE0UvZDTg5x5os8BCnmV19R5bSGHaL8EYetPZsWMSzvcWMn50/l87CwsFjEh9aeTwsdT1jB1YEMwwBXDvkCeGOUtn1PeD5GTG8yoFydh6LKSidfjFp3tClgHyjtNfpniANA0AGPGOds66inSI/P0Wb9IoINxWDQY/uIQXEuZofWXNYC03rcg52lQS8chtM9NV51H0M4uI8h03XoFytX8lkr+nsCZ4gXe9Y7bYrDQflM63+sp6HIsaa0W4Uaw5Hnl/XWj1sInuL0wmLF+h1/uJlAJ//tzFo9VWBLn9E1swGAQkXmRerlgseMnm88oButA8gqsKfR+lnhJdI4VIWeUnDLoCyjqfN0PaekOjEEQCcB9ldvKgjA2yzstwUA3Zys2n9aOLApmN4ORZ9jgIL0zRs80Nj6BOR+va7pQZ5Oc/CsSyuF5KsC5Xm3zA+uxm7qr8uTwVdfTds63c+O4UKJnIsWi15KZq4QDPQaRgz1eP4POcFhpJBZLVY2FbuDAGTjhT4ucRkfjBQoIIkgFdPbHZExbVDafECjd72VSopInwfLGJAEJOAIzWE5upOSMZApsYqYvhD75iOvkswAVOhfdEd3uHQXBM+cNGlrbnlb1RXOUynP+3xjcIsRr9oGdYnFiAjQTJJmq71kyeKLLjhXsCiO4zRtp1matJPWRGPGjMFaT6zfcgn5QtCTgCqVM+cveNe7383iatTTC4pYtQKCg8qaE6N7du/smzYQR/HE5DDj0crDD33da1712tddhbUqtEzk0yfTtmBsXCVTwfGpZzasfWRdu91mAC99yaVve9e7odoPIAE4AAJEkAwPDw9f97s/jU+077jt3gsvuPCwFUcCEICS9qheACCSoCSQ0htZOWdC8M3bt042Gwvmzbviipe+8a3/MG3GjMmJSQQ4eOnS8889I6o+tHdkbO1TT8VxdfFB819x5Us2PLvhd7fcWpUKpAIlSSlSCogUKQYQV2tHH3/CZZdccPNfbj/jtFM/9G//vGjFYY2xMYVVFtUIOK/0QtJQlf5/eOc/PfHUc5VHn3jJyy4fmjMLkgQZV0oyImDEBAOGPOZ9PdVqTSRpe//endu3bLrjtrvOPPWU3lpPa7J97mknv+zyS7FSIQDBhJIpEyKV6o833nz9b/+UZjpGrUhJAABFWZZmWZpl2bHHHvX2t7519owZE5NjkWAMUW/xRWRMcESo1nskwa+v++1Xv/29iGEUEYDUit4IezITBJaFwhWKHd/CVVw0xxByo8QT8YFeLZERFhAgeFqpcHXKM/IkxBQAFXwd5CGFwmPC0eD902Ex5uslzO0pwtByBXnA4J6vDKYwVksfLBbzMt7IHd6rV6TeUQkYZP750rYLwearhUo5qb5LPuwyURBoLb06LfCg/lJ9Fj5e6hqATiCa388f7kYPGCRtGRjB447g9P/QWWh1J3V0BCxQ62ioQFluqyNYMG9/9xGaE7mIDIAhMHDhpTyrwZS1s2/RvU3ZzvGs/l/OBxoi5DXkQBBdRxFcLR5Z3oEgOboIQHJeHt005bU75W7FTNhfW8yqcy+Qn3O0oaBg/5AFnx74IKuwfKxte+QDMn14EQAwIJMkC0Cg8igWgPKP73Eaywobz/lAdhiMPA5kThDVZ5jXaCnIGcd4zdElghls4a+moow0UtC2bFminAZwP7piEK4qdzwKmkF1oid3lKCj34c8HocEO0CQchlru+X1xr/cxPlDEnTcfvM4zqzSkEmNiHTg3jNQAgFncaPGcwFv+o4Ee8sbK+vSCqVqUXNY8OgGJhicoN9m3EzJHNRa+n0mQEAwbxRw5cjtL7OyHQNhZjlWnzxX0E1+eov/oZuozp2nRR+T/RCmKBmTosOmzekrbQpNLlZQAO3fUKiQJYbCRoM7xQq8kF53hV7uCNa97JxMJwq8wcwxhmYbz2WXx/pKV4OtMdQA5XRCOKo52Tmgz8U1eT8V59GbJo/hc4J1ek7QBObclotfp+Bc7/LlTO6v3y2XV+WEpKvACiuTrmIryJVoCIECb0spaAlkLyIon0MIZYvVpvHB+TS6TXt7GJE+Dsf855anWa46LiMZR+zrV3GdyRRZSrsezR65vr3lUWo3IMuARWzmIWLFJZUV51N1ADIJCKi04iXKp9m4vXNRC7md6YsCw+g55XlyHbiZL2pbr0K9vogAQSkFMtPxT4Esiuunn3zyRz7+oahaYwhZmkmZKJlyEIBEDBGYEJyMxcEAAZnkTArGGAjePwCcAWSSQ2t0fHxk+Oknnly1avXtd9+/edOmyUZrYLD3mCOOfutb3nT6eWe3AbHdYFwgKQdFfKFpvEmUIiOQya2337FneF8ryebNHDzs4KVZO6PGHkWAPFKESqq4v37iSSffcOOtUUzPbHruwYceOviwFVUmEEGRIkClRb7SjjZlJYU84bijVxz16vvvXT3QP3Tx5ZdiLWo1xiImkuZk7+D0d/zTOy+59LnRiYlmq5W20956zxnnn/U///uDVGbEUIFxDILxEAIHACUXLVv+rx96/2UXn3fkMUfNmL+wOTYiuOBMAjQBI8aEqDBKJwZmz/74h97dnphcfsIJ0NNLrZQLUJkihYSCgBjjMk3aabveW9+zb99XvvrNJ558dnx0ZMm8WUrKhoSD5s952WteGw3MA5gEqAIQQATQ2LVl809/+6dMKQAiveUVCEBpvScTmD19+uFHruifOTdrNTjnWn4jIiIxxkhmKDhwdsjq+9M0I+XOeNTYk3LtGWCFnBF9KUlFl5tTjLZGtxPRQl+3DMxfUzvaVrGjLsM0WETpgRum+FRBm2vZoldLqTVnj6P0ICJBfv6tXmIdqKDYZn6jm7b9m6+/yRXa+WAxoNpFjPpovWgZUvChO5DopKDLzWJeTTGm6O5aVEYdFeRi2u9d4ZrKsKdiDfo3/VgJJWG1zgTN2cyCZnvueUcl4ch3zEv3ywcPhfXX2a+cGguHCYCZLBGdbRAMmYeb0I1KycrK15RxJZmFZH5DuzEloM9TZfm0FX9z30Ovajjt+tEXvhIsfDbUhcPWEXxDB+WtzEGfUQDcfJUtRl1MH/gcdsD9HEhJ8vbkOCszb5xysoNGECDfko/MA3EFUnwajMii/J3trigVBsWSHOK4DhPHk88IxtAPf+ggjAo4p1BP2EvMt7V29qogfjvGqFN7hJXn90M/v1v3fr99GigoqRe450wKfDAUdNzrA0Fhjl0DnuYx0b6Q+wIGsU105BSXBZXJo9vtcPbCLIDA9NvOXSvOlO5qEpkxKLyKIxdrgdevu9uYnJIq/NrhvzN9x8LXcknbWVXp9wPosUAaeUL+b1XHhu5A5oe/QuAPLazKqXtnniis7K46YgoSoTBrB3iiqxLSv2JezAGszgYPQFGHyOgsZVIAunU5hIyemEIEhsb5blRL144X0aS3hLwCFj46CGE2WAMypOa4mDa/uvL8yV2Ps6QFvEKZtgLIgG3tIUZjEutlSmmqWBQvWMn65pBMcPy55I7/yZ59hPVMUxiBiAkx27Ux3fW/cveT9TPfQvU51G4Bc+EjfzQNnR2dtEDdfvYY3TxpBddUgwOmG+bFmAZpKAVSVvv6rnrNVcefcNKJp58S1WppRkRMSWS8wkAQogKFKlNIMk1b7baGFKQIFSG0m41muznZbjSGd+8Z3r17555djz3+zONPrX/yyafHJxpKqsFpvUcffujfvfaKSy66dPqSZc3xSSaJiQqqTKMg5/O0dOo+KaYkVuItTz/7u9/dONmYzFI6fPny5YcdJhhkinPBJQrCGDgRi0475eSjj1z+wGOPj+wb+fNfbj3tzLNXTJ8lELNUJWnSJstqikCRUhkBSGD3rHpw1969rUZ71559z37zm5xFlUpMyAAoSxOlFCninAnGkWGr1Xhs/fp7719DAMCYIgAFpAiUAoIo4lHENmzc+uffX9+cnJSZuvvu+wV/SEScAeM84kJonEpEHBUnyaNIEm394y2VSqXRmBwamH7oscdW6v1JO0UGdcHWrH7gznsekCT2j07ccfeD7Xb64ovPPfq4Y5/asAUBJGGz2WS18bTRQDaRtMd5pYcmJ/bs3UsAjDPQHda7gEihVBxZpcr3jY0/sOq+aszbzSSKY8E4YwSkjA2qoFKrVCuV57ZsjQRnESC34M66TWwCUpFnCzzt4QzH4YQez6ITEYUngHmvYCGHekvWSBj9yuVJBxZ1jxdayqvU6rLbWqLwMftZ+J0phn1sLMW135H5A+BJqoJnsej282ouVFUwl31XqN9j5wg0nu8uNUOnxvJacTldJQPk6uwoQIUqseO3cCjCeQ2GIg8gm5sAfl6qieu4fpvvXtgZO+fC8Y2fjeLK+xlrnaNmjM/wNoYJhNYOC0bVodxcTXqNdhbzW7RaUVfuHLclALPcrW4HAtEoS8feuWoiDTudfgkPWHAugdKKzf3c3W4WJ+TolXw2s036nNnJYx5UthNlbhAZdE2BOsn/5KTa3ebeUtZdREd2semSbhpcq4WhHST0el0YDY9ytFt6/L4HIQFChcoBz6BZS2NofPhkmUbNgHhhtCIlnr8sAGpOjAQ2ic168JeRPy7hGWMFCZPbTkBmC7Y3jk71O5bIZZQh1jzuM4ZNgfM0ArlF7UuPEAfagoEusgPiFy1IDD2xRqL6Q2qiruC6ChZhGYog75ejwkko483xGDUfNyN69By6AKFd9OgtWh89YdDTfPlCTnZOfHiF4SD9iTFgGFjXWFieHdagWwzmV7IyvNAedrxr21XlRJDpv2+FdliM4IEJMILF75VdFKFHzzTUYcR6ZBMUhKeVY50EFAgj8KL7vvAPdbovKQrj6Qj33e5Ff2gJovACWSGdHaGAoC2f8PyjUfcYPhi0We7Ytb+5JwoFvGFFf7pySxsBrITv4mEPWT9ckrYu3wVU9H0UHWzFalCPGAIqLzTqYy9HqA1NOHpype0rKbDucqv2FRIxxmSaYq1aWXFO++m70vV38t7Yphswq1SYCcYyBC3zGKmkKeYcGh92DsU11tqXPPtge+sTvNabEQAlgByQsygmJbLH7m6Lnsr57yRkIBN70KshyPYt13/5inGUm+85c9lDDPwhNLNqpBmFvxhBqEgfs6+PUpJKxPVzXvyScziDdlM2WsS4AmTEQWYM2eT+kZtu+uOekdGentqW7Tv3Du9nStXiGIVgaUYyufFXv7zhT39OZbrz+Z27d+9NMtlotLjg1aiyeP6cxQcddM65Z1503rmLVh5OLEpGxxivsIiAUmQMFIDz/YR4Qc8kI7V75/OHLztkwYI57Vbz0ovO658+AEoiMKUUMAWgEFFlyZy5Cy675OJaTx0RB4amN8aGqT0xY7DvtJOOmGym7fHxhfNmAyidJp1laaZkW6rrb/hDu9VCzqVUKARDLph5e6geb0WkSCqlEBEQ69UoqtSkUgSEqMAcSIVKqSRLkeMvr7v+N7/5rZISkQsh4qrgyCLOhBCcISlCBKVIKpWkaZqmaZYRsjgSe3bvet0rXvaRI1fWRIVabYxjIHnXnfetfugxSYwLedjSg88+8/RXv/7v580emJwcqyDU6z3VWg8Aq1Rro8O7bvztr3bu2hVH0QOPrGMAjAFjgogYKtC7SziLY1GtVR9eu+7RRx4FkFzzISJlkkgBYwyZXktxJDIUTAgERPtGepuK4DSpYTTjxfJsDycVwAkAy655QbNEfb2dc6up05ctLkOw2+X/0unPD69c0VgSnMgoBj99kWz3+DipIuxTU1BlhE0xwNUh+3LiXoCX0ZlMhcLlwtpXGF3a/RviqOVqeMomqLykLY1Q9ntXW9evuAggEHy9biVo19Y7rmJzHkgtmZfuLuHCrASfHXIvyxovElA+LzmayZ+z68t7NOcQT8/n7KfzszzMSnaJGz3r2Z8uWFbYTlMCx3zzH2zbJiakFTBCbtK74SIfyU89T+iER0nEvmPAOlGGr3Icj+hh0Brec4VgXipPsvRMHY8Cj3XBzrEVZOH+I98uJEAGuQ2iCqAMoJQJ/ENN855hPhQINrfIZCwVa8knxzntUG8J9hGhLqS1cn5YDli1bRA1OfyVdxADYW+f8NnT/LXs5kjPeQ3RJIdZPnXsbIYf3aQ4poJgbh3J3s9FjI1+j6wZS1bnEDrO9KS/z6odMsqtIw297OS6heiGtTCvaEgwkQ4b9QDHdm50XU354g3AI9jhcSPhM5XV2f7EFELZBADCpnH7q7ykq3nFOeNTl/L2qQ65V7BjPYPtQLFIS273+z4bdnXJATi3mt+nUldvaQzWr8dJx1xMdhYu1dUeeV3d4d0un9Twl6nVaJeHAKHzlXQ6mF2ccXDMWFKrF/cLh9UHW8UuH4BeJy/LSzq5XJrnFVTi1RHoNCqWMaIAiuDSLVgAIFS+py7Ux7YpS4uWXpwBNcZ5fV79qIvHtq+j1iSr9QIhkX5NBydgiAx0KioDYEq1m6zWXz/6IhhcqibGWHOr3LKGWin1xEDKtqmUTJEhkUqfWhUfciIuOYcmG8gjOxRgBGOwuE0Yx5c1VLIEw7MIvFHsFC25bCdIZZJlQKSUykBEaUuqsTaRFByZiCIdK2BMSs44RhVxz6r7f/Hb3/fUe1ppO5NqoK969MoVhJxUG0XUbrbuW3VfklKtWo3jaEb/tBkHDxx38rHLlhxy1JErlh16aM+8eYpEMtFgJHkcAykghQ4+IYJ2s6MVgO7UCWSQypUrV37hPz6rlGonrYH+/lhwJRMEzoAzPUbIWEbY2/uq177mksteFEUcAONKnE2OnHrK8SsOPZgzBooNzpytmg3KMsiytJ3ILJMyW3Ho4XNmzUCEJEkQmcwysw4ABWeMc84ZQwaIyEFJ6uvr27R1665d97fGJ2SSAIKO0sss5QxqPGaUMcAo4pxxRZIyIsYzYkpJvc0KERAZAlUiXo0ipTL9jtI46uubNhCJKiiJSmEmoSIGBgbqtbivp/9ll1965ctfunzlEVAb3LPpicnx0ZQgFkJEkdJnZSE8sOqBa355w8BAPcuoNxLz58zun9ZHMuWgiIAxRMaTLB0fmxyY1uypVQQXApkxJThHZMhMnJYLTBUlzWaaJFmS2mOJFZBCUp7KtHLa92EWj2sI2TWUZN4yzddDsGKZqcvJhA7rAD1M4TsHO5FWl6Pa0JeJXS/M4xwB5BS51z9HvyWCL8eoXoyxE7VY6Wd02xRZo+GvbiZCzUreX/DxZlBP8UFvMKZS1a4MFg9XcBEVLyrQEVm2pmUXD7RzTVgYXyL/ilcZnS9If3sevnz8PQxSjjlKc8OmKFl05IO7p296TYfz0qVrjnr3Uzmk83pEHT8jYb79k2wMiijf4uKMSbtZ0NfZaP+xMMtGsnNYbAFgsAJsum8B+QbGpzPUtQUYxHusPMk5nYIl6g0M+vQ6gryb7gB9V8QZGPbgDj/nUxdUXqU2qcgEHXPY4uKKjJg2uhFZJ6B27K2M21s5i1RB52UNX/8fu0mCgCEAAtkYq/7q2VfgD7GLbppB0alZZCfETawdeQLHB4QuROmxQeD1R28J20E3EdCgB9pGs58sfNE1WJFoYgfoRSCdULHID8z4OwYDL47qIqtuGHVVZCnJqfSWrYZjdo6M1PKikX5aeeBgCFURuQEggzmD4KsbDQw6C2iOibSQyJRE88XMDOSxCE9u6h66MUYT7iADJfUMmx7ajaOefDAja7IQc/4x3NthzoV62xSy1duv+ZwXtRuGnriizQAl1xQWoJPM5JUslulsyxfOpW5NJ0oOZA9j51mv/lOFHyj8gH4XCrtxpzybMBef3nRpx5BXzQEsZ6+qUsstfBCtVxFspK6kWi3fXFStG6gIEii6KFCfR212gL8sICjfyUh+tVZblHGZXX8FCt0fU0bPEXUWcj97C8ssbUAAUE5gEyAgA0iJ0njF+b2juxp3XwutBOIK6jPpjXxDZAhIBApTKeqDtaMvFssvkMA4TKTP3pttWssEB0kMgdzBbgSkMmQKmnvlxkf4ojMAkEghIrjgai7aNOcV5ZI3RFaSGlHlLDZvIsiWcsMDBPbVMUqp3lrPkUsXL1+ySHAOAIQMBGcoEBSAQpKIpAgYY6RUbcbs1772qmee3TC2v1GJhahULj73zAtedKHKWkASWXzZ5S/eumPbc5ueP+ywZQvnz5s+ODg4MHj0sSujWTMBYpW22xMpqBR5RKgQFEMF5sWumNPphG8+t8ZFXe3rq0zrN8IrS5EUKmbeakMIlAEiAIdMRr39Q719QCkpBWkKSvYODPYODBIRIINUkcwYEqhs9oyhow9dum37rtddddVlL7tMMMgSyQRXiuzZBUb2asmOgMghS7NKNbrxhj9Suz2tv7d/cBCUjGIhs2ThQYs+/qH37xtrMiYEAhExxhljjHNkgiFjDBgiYywX5C79G1AwTFWyaNEh1YpQWTsSjEgBw7POP5cEW7Lo4DMvvJDV68n+0YiNVyvx4oUHnXjoQQsWHoRcMACVJX29PSeccNxjjz3BBJ8xffCwZctf8cqXVytRkrQER0kKkGq16vxZsw5eMOPyyy998UsunzatX0mIokgIrsMgjDFkHJRCjq20feutt17741/MmznU01MHyhgpJIlEJp3RX6s+aLdg0gdh3lINVnQOvH3R4ZU2XxCxmE3iLXTtwgD0btn7+taB5G2eeFbeAASVezoY8vd/5n0MZLdHTInYJbu93hobVgJ0aJeCei5LmyneDx4p03ZTiPsXEoDtyE/zlGvpOHjKtVttLtOnIyxQMoUuwamTJNdYRzUd9eTs1lGPU+JQoi+7za/7FRGDSSfKJxjA2aJWlGO3auFAl0XHMAUsMq66jknQA45GlQOB3jHvVLPfBgBQDrW9QTM4wMc/4JSTJcDrnt6EoFMTLab3jrpygxJodmsB5tNh6835zps1rx5tLrmJD3zxfsGwLgRkxBD0ofZetaZXDIiUdsqR0rMLBIQKABQZ54puiKHZmMnAqBNm9576tAIAANdHUyhQyhifukIoufyFlacP6y4iKgQwPk8zuwq4LeQad8iUgXYEIxFIMGJcEZHdom+gihGCyHQzZIwxtOve2TYmYmjVvAKpa1PWy2EYAMBk0Og5sK5pu+a0+EcGwPUbwqykJHdqkR0KBiBz756FStYxEURZDWc4rgS0/hET8rdILN8YSzkGNHDQDiFz4s60QZZVtTcHLKIw7RKYtp2wyxvQ9q1mP+TMlHHT5i4rycxtMsdo+E4rw+g5Z3sYM8fcVvcU/E25hwA9Y1MjNJcA4V+e0zMXy4HbS+9v8SwIXwHl4S/PdHQL0v9ghVAos51oRStL9FMdWp9sTm9uDznh3LkmC0ayswY9MV0Q0b7MdyZogQib+4juq7byjQwxqMCJKSx52JJXUqBEDwYUlEaei+iiTFl3103uxC/DZR6z54XdgLja/HYDFFjWLoacG+jojkfKiOzQ4GVq3X80kKyaocisOgSr9jomt0C0m00wLK0jpcxm9WoFzIhHJDMQ9erJV2FUm7j3OmrsE0IAMUDzal5SRKgAWDRjWf24S9ghZyqqo8pg5LnkidtpcpJXaiQlMA5IgMqKPQWIkLVp9HlMJoAxUIoYN73KnWtOdefD4lg3jyVoiUCe1AIoOF71g8bh5fuESaGkE0486Qv/9YVatTp73lzKEm5+RwAdliRtY+gdeEwmx51wzMc+8oEsUbPnzZ4+fWjuggVSKWg2EBm1JgfmzXnPe949PtGYs2AB9vUDVAAy2W5lYy2ENiDjTBAHAImktBYM3gbh5k/7Ih3St+49zCQBgSIiQobIglxQBH1GsSQASCVJCSSBpMkiSjItk419zjgyLqU67qST/mP5YeOTybz583tmzDASienTCVnOnE4MKwlEJCVDdeGll55z3gVRJKrVOMsyzjkpNXfJkrmHHQGMIyIyrqcVEQE5IAONO5wGMJcCkEBSvxYGgVSzSe0mqVRH2GU7WXTIIW88/AhiIm2lODopeIyE9d7Bt7zr3X/3hjcNTJ+BUoFSJDOO6pKXXHbMscdElXhoaGhgxkwWiawxyQAAGQOmkmRwYNrb//Gtf/fqVx+08KCZBy2UUYwEjAniApAhAwSO5owMhihnz55z1unnxILPnD0D2hOMIZJCcg55t/+qICx857gf7szLhuKu5IQiw/nFZI4SQRFo0TKZaZ1zXYQEOMEAYEVioC+sWOzMCtFd8OxPH9v+v17dYp6FaqlDZ/z/aa6blfu3VFSuAPJR65ybbmK/Q6oXv4fWQ6d27yjSjWTKedi/5ak6f9i7dDG/pjZBA94ImawI5QrVdtFwL8Q09a8AXerHcx1DeeTTmcXo0WY67wGmDqoRIHedotFsNujkPKuuNUVIym0NA2TFkSDw7U8L5zHnh0BBduiTws38bjiY4eg6TA/ASNsVDMm+uMzaGDYoqYmXZFUvWYuDjHWhXx+OCoCBQuvJZoQMGQMgBQrsSUHWzkFiDDEzAU1JQArsOU7KIiA91goQ0Zymx1wPEHWTwNAAH0QClIBoD9UAL5LjUDWRPuGeAQEpiaRIkXWSIGhTkwDAHqTEOHFzvBBaX5OTxwBmTgmRUIECYARS59AQ6sPxXH8ACUghMbD8YGvRVAMwYvo/Mim5QM4bYsdeWd6jHFzqeVI5VNIAB8xwejxuiygTD7ceGUI9RdrPbbgkNwj1B2YUnlJm161Fx87I0V0EB9oQrGfDUA+k7RCmGBDjwBi5d3IWLkQzJTnHmvWBru68v8GTHXecYKYcH5tB07+60wn9oQstqHwRFZQlhfKz9HN+0xeYHQ67qcRvQWdZSduts3nBnO4DKW7MtcMBr4IJmnchNBfLvb3oVxN6by1DltbW2foBr65gA0x/C9FX/8EpatUlCpzr2vIFrg/4p9KBncrGEfn/75rS+ESz65LlMLPYtFNr7qPv/+qgMWzMaAdCRGLAiCFTqk1RPT711dPmHtx+5IZs2waZtAAACRBRIov65lWXnx6vOAcHFoKSqCQiZTvX0+4NGMUEAIoI7VIGAFKohbhKIWuTktrTaI1PS5WvPI1wsbLRCkYXe8+9w/kDYZ/tXbT7P8wtIgY0Z97suQctBACSGSVthsLuODHNuVMlERCUElH1rAsu0A5VKVW73RZKMYZafqvJRqV/WmVwRisj2jcB2ERAHnHGY2tDKCSJ+YBQydRYp5U1IhyrAjAt/G23jJ8oEMxG1iICQ1AIyLQPH5EZPxgiKEJGpAiIKvX6nMEZc6OqbCfJZAsYB2R21cq8NT3xQKQUIpFMkVS9pw/6iFTCUqnHk4hUo5WMNRRqpkICY8ciMrDmqJ1nRTqECIRKEZhEK0bEOXKhixIwBcBlBu00AVSCMyYEIoIizuOBBQsHOEKqVJKCIgSlpBocGpo+e4YiyFKVJglvt4UxewkQSKmoEi1dcThyIdvt9tgYMQHIEZkGRIwxE5BnWtmqat/gocfPAZVAq0VJypGIsnLV0eFY8ma4WL645K34MYOtmaGQdkbmpOFC7WWUlN0MvIEen9u6jdL0GkD91dJaFMImtkFQjH+W9tjQUPK+LPQ+g9UcpXrFU+NWN/u2jSPBkyXF4GcgScBvInRS+bV1VFXslacUO4bI3XSBqcJA6yYwPLnEQvmc8OARp9gcsGMM3bdOQsMNpD6d/n20eZJ+CkYRkYQ6tVTNu5vOsDfQzZqgneNYnOjO2e/ARto/XYzidql26mL+DzYelfs1NZf7QYwCTjDBJetCyn2pFgR7cV1AffKAVghKEWSgFCGAMU5so25lYNgY+u1aejq0QKGf2EG03cJtSXW/m2TMvLcEyFx+GZpoHjlNBm6ojL4nMHm4SoMK1GYPYwCKiAEjAAXEESImABE4SFJSKbCJAgQQCc4wioCaqiVJGWWhx8+YBMgIGDD9jDbGdBk0epRxIRgxUmRhksnHIVDaCcwcd+tKzIwh17uMmAKSREB5aDcPiRCQDuQqUAKs9Qza2HXjaqaeAXDGgQkFqpm1dPCTSOriggskSLIMFHJkGUhPQmvzGRkgA8YAAZDpOADpoUa0tigAcc4ZMalS60wJeN1+NWvTTSEB2VRxZIwJxlFwKVVmVJ3n9AdtIHoyw2osBIiEQEBFipS0nA965yoDJEKOCAwUUKJSUtZdwAwNnswBIEDrB81hTodiQ/C6ZN1GFNwLC1vTMF+SYHjGPeU97AlKAj0L/vjlAsrHl76APYAm1mWMb9gXVoFWctoQLK1eXfqW5sZcMlsp3U3Uoa8+/NH1onOuFU982QOfwH+6RHSDlVsWzAQqo9uztiteo50d8Ia6ELt7gb7IbhZ0cbEQgY3ZOaDjX92bK5qdxWpLa/B7PWU/ygcwn/mgfqKSvLYiAOjeknbVharDUxQFNeizto1ggzF68q5a7rK5MYgEDACI6VVFyIhkKqXgy87uWXB4tuEhueMZOTGs0jar9rBZS6pLToBZy0HE1G4BpMAYME7AlSQkCYpZU44AlU68AUICpaQEUSVRhazh+dtsZyEcKAR3wkOXhWQlTKBf7YEEWo3nM+rvkiFqJZLaiAw5IjJgErWkRCSr/NHpW0COmDWapBQAEiLnHJndtKndqUkqSTJRIc4BOTIGJpap45PmL9j/OzgMHZzvJgcI9ClNLsfY0WXD2daoy8coRAWOvyySQARgDBBVolQyAdhEEbMoAhDk2vUGymp1QM6QFHIGSqk0BSkZSH2Iod7MSQLjKCKw0U5EYNzMrNk2TDlhJM3hrsqmZwAxBKYk5h1hoHdkggAmrI7SWhVVKyMlAZAjmUOVgChJZVMCETIuGGfa3eqYEYEkqHYDiIiLqBIDi4BxYAKAA2N5ipW5FCRp2mggEHJgCEDBtuoO3FZY1U6Qh+LLEyCgpYQnq3PWzhG3RxWFJdyD+f/dZp9S0eIFtJ09YJowxPilMXjM70FQTHjfO5JuC+13f0upX/tUXklvVEpNULIwtLwVZxJ0ofRvDn7aeFZJVf5N6qqxjHt4Svcz+YrHs4XyX3193ykwPeHXFZWUFC+ryvdqvzCtb2az0MEuA90JWbqVfYGe+MLVzdEARkj6Cjz/ECJMD5ZqPQWeoskRs0ujBABgoM82Y4mSE2mjJduCsZqoCCaUIkWSkBQAomI21JhDK2/+8nteWCDfaOoRpj90Qxgedi4CdhPvIoYcIxQZKJlJpnT0CwEBOQDXDIBIDIFMUE4pGxhEhiRJKtDoIkPFGHG0Zmyq0q07d+zeMzxtWv+CufOqcZVsJhZDHGmMbd2+I82SOXNn9/X1Qf7+Kx1KJATiJLRJpkAlStrzdDXeUZmiJEsRsFKJXQytlbSlknEl5oIjAeQvJCVQQJIUShbxNEs379iKgPPnLACQhMBAcCM6zWJnBhto2KBtQlCkEJABYu7CJQJoZcnwyO7946OVmM+aPZdxzFTKgRGloxMTO3fvJqKliw6piDopigVPlUQA7agw/5GOBEIGspW0BIviSEgLWIAhQ2pl7W27nqeMolo8c2iGO7fZTHbA9CYIafZMGqQCglh7Mtk+vGd0YmL2rNlD04ckSC+mi6RQmQA0ceQAwKxrQIHcvmfP6Ph4b0/P7BmzBXFJkikiAE5MBwqzdrKvOSqV7O/r5xhxSYCoOBEjxUivP0YsAsE4Q4NWtFvAZXyZf31RopRSoJzJXcDF3pJA48Hw9La3HEITlMIRo45tDIW11Onh6iYXO6R3l1JdtaRHuhU3nbnA3ev3bcFOJeJuWtEVwhJPfU8t+QsqqUjDFBggfCYPdUJJo3+r8QnBRHeh3D/M4gBw5v/xKoE3pkEH8Q/weOezJcVyiR7eLOlQl4ki61xyk9DRaBcl7i0cpzhDBtX7IjxXDQMiYO4rZc0WYzP5ypfwI9rQbpAiXu2BWi8QUGMCkobNzMwIOJ99SDRnefrcQywWikhn5CACKC37GWQp8iqbuQRFldoTwKNQN5JjDZ/SELe/AB4z3tl8PI3icpFUYAgKGGrbCKxgBUD3vjC0T9s1yJBxHkVgfLukFaIpRsAAFNN5KSmQBBQgERgzqhKMw9PmFnkT6O8DQHvPSEe/s9oNYzya5gua46Bsv7UeIN/sMerS4FsHlxAAkTPOGSC3vJcBoOdKz7EYOeOZSJvcyJl9SZZtDo3nN7fg0HqDQWt3AlKWQmXc7EYnKK0EkfS5FBgEyQA4ElIGaE4K0ssBEZBzIAWKnLZAzjlCrjDB5ioTgDnfCZgQ2iei05+ACJXSGWaY5/OQYzkWC1DKvn06OP7A+3cKGUV+IbMWC7EcvyZX1sX/UQ9JcakELVjc2KVlrylbv+P0qS7UmvUApQSAiUcFwDywCXPlkcdYrfu1U58V9Epem/MEO/qtCdrVoAkrBPCUSqFfpspy1VggPqjWTcCULuGwqc4sBwD/DSgeUY5pXKTUFXazWZhrG8PsaLqguRB9rVeIfDq+LB/XKQ1mR5cbNy0fSgeQXtgAmrEqm4hC4VJV4aOr8D6aVW9SDIzlgEYogdUnZk1SOOlgg15u+Rm7RMspAI5McEFADdnaMbH77u0P3fXMfXsmhgfj/rMOPfnU+SfO6ZkpeKSUUkoBIwVKS3a7uQ8tHVaLWQb2/M3OivA1n10srvvmfj7R3j4QtPBcd1LFojLZbmzYs2nu9DkD9f60nTBGCBwAKAWpzBHpFvSTUvpNV4AISklC4hEDrjIlAYEDi1nMURCoGKM2JT/95c+++bXvLF2+9DOf+8QFJ52TqgwZCBKAcN+Dqz/z6X8HwI98/IMvPveSVtqSqARyAGpQO8M0xjhptFY/9MDzz+8+7aSTlyxe2kwbOpWTSNUr1fXPbPi/7/0gabXf9JY3nbjyOCDa+vz2n/78Z1u3bL38ypdcfNbFSklUJt0IQG82JUKqYvTkxqc/8YnPjO4fffM73nj+BecKFgMRJ/3ib51ahExv/WRMZxdJlREHXhGMUOtGwVCAkCgVUDtLrv31r779rW8vXXbIN77+5UMXHjKZyZqoNNvZrbfe+u+f+6/BoZlf++p/MYa337v6lBNPOuHIowhIETGGAhEQOTFOKDgfnRz57o9/uGPr8+dfeM5F514gpHHxcsaHR4Y/8+nPbduy6xVXXfGG17+WlLGZrB4ha4EBQ84YSQCwaV6k06aUvOPeu7/zje88+dSGV7zq5Z/4+EeqlVi5jbdmP7DBToqUdToAATGBV19z9S9+8ZuLLrn4A//2gRm1PpJSKUCFDJGUzDD75R+u//V1v+Es/pcPvueEFccDSVAEiKlmRJ0TR7h/YrzdajOubU5CMnEYrQm0DBRCIJHOGeip1VkklPFMu2Vp4KSRrzkkxNwOtWssx2UE+d+CPZCLDcxvdlyh/ClkYNjwoV1zuWwPpVwXleGtYiffPEXmAQ0970Y5Bg+G8jMnxulZr6jBxk6wYV6Db9vYxIFgFAw9WsEEOmAqEQ0muc/UnEMF6HjEOtiDKDR4AxpeQdjQIuHSkh6lJVomwGEhkunWYjDg5ervAGrU0Il+WwSF7k/xqD/gucpwH/Q8lz2JuSvVR3d+2dwLajUKBKvD+G495jR0e4eZ2C0aevsfCIhQMNCviYSsQSiwd4gzAYqo3YAsBciAFEgCxkBKoDZOX1A56hIY3S1HdyIwIOUsP0AGIFXWEvOW82WnqbRtRgMRILfjAAqeCU+TerIid9A44VrE4lC4af3Q7nVGlsM94J/no5h8XTNkxkVqoLg1YqxZADZjgAERSiD9JkwFyEAxCy2dmrZ7VJ1PQLeJBj3kndYWuzMCjWywCMEgEka5WeIxE+Vy2FRnzhAyI2g5ymJXBkzvzvU5i2zTGnURaSsaiYik3dhh8CT5yBC5sUXRCgjKEYo14Qisx54A9EYdLSr1NlH3jllNK4JEYGADSIrIYmMCUIQKlDIDq7yN0vpWIFiNIjK0mtwCE/O2CVjB+kQTQVXGhAYf4xkS/J6YxijHd+HsmNkuaITOy5Ww9gCaw6fJiv1A4oeSraz2oukXFLE85FSw56L1fKGeuAufF65qq2Dt6NnRBsMGxeP+ArrtTcMunop1a8jRkX/1P+jPevKd78T7Wrj8sFJxsPK6rY614j6oipwc8EsZMl3BzmB0MQBbTp6HM8qGq1P3oEMeFj0EvfA+d9TmEp/y8TCD7CZeKVe5s079MgVgUaqASy8n0gE6RuqFqdjOrvk3CzCwE3QQBfkxaKfVKflcEzlxgm7ZkZNYmn7USTMEDLngAgAmsuZjI+tv3XzP3c+uWj+yaXxiAnlEaXrnxtWHDx1y4RFnn7Lw2EOmL6px82IrIrKJlWCNT7SMVgirO2KMePJQgt1aGsh1wxeFxQ9gcgYQkEBx4I20cc1Pf/ajH13zmtdc9a43vq1WqU20J3sw3jb8/DU/+8Uzz2xQSqZJIpVUSpJSUurNkhhXo/Hx8b6+vve/933HrjxqeGJfNao0kvbqRx/a/fwuwUQ1rlTr0dqH1w1v2T6t1vv04xuqrLp3eA8TXHBRq1VWrVq9deOmVqN9952r61F93/7hTGWIOHPWzOXLl/X29MRxfNdD97znHe/dsv7ZV7/19Z/91GfnzJo5kTUBIZOSQ7Tz+T2/+dlvWpONM84467SVJ2Uot+/c9ZtfXv/w6vunTR940VkXEymJimvfGQChQkbVSn3zzu1f+fo3//CL66p9fUcff/SlF7+o2Wjcetddq+97IE2yLGkrUiT1UQygFDAE5KwxMXHYisM//MF/rVElTTMu2Mj46PpNzw4PjzQmm+20fe+d9+188lloqZtvvv25QzaNjOwTET/80MOyhG187NnJua3H1j393HPP/tfHP33oCSd9/RtfPuP4EyUaux21nmeADHftHf7pj697Zt1amaoXnXchSQmIxFACJUn6+Nqnnnr08TNOP5URKpUxd8AGeICIIMsymeozJYzg0YchZmmWpmrTxm27N269+y93bnztq+fPm5+RQiCGHAg4YsQEAQrBeCWSpFAxlVGmUo5s6+bnn3xk3cLFS5rtZlqvKyDkiBwZMpUBIu3dvfeB+9aM7Hj+1FNOOuHwY0XMpZRMMIGUESmlOHEF8PPrfnv7X++O44ghEEkiYkyf828d2oCCMyFEs9ms9dTe/vZ/OOmY41Kl7ElRYVzDbaXSXO9BAe+fPGZBTqfnv+k9QrkqcxK9qIitgtB6p2gagQ0fWHnna5NumrGIIEynCgE0Q0VBN/gHHRVawdIkI+vZymVCqc3h5IeDzqHrmzyyc+EzpRwnc0RNDi98hRQohbBTzosN7lmdyRhSHGifYKw9og9EZuEnN30FTedatBizmBnXmU5m3QGEgKVarEMtWqVMhXte0zab2eNJLBR2IT+iTjzkFkGwarwOkIM+AfpEo0GZqyvP3LY7OQp0MARiwMw7OSGdVJO71L6NNLYL2i0iBUyA0s6LNkrJeA0H58LAQtY/HYCDyggZP+TUGmL7oT9kzz+NMiPQGwMJGVGWiL6h6nEvpqFDoK1fvqItjQBmdSwqhHCmwglw0NgMOnR+NsPkVh0gaP8keSk9NvZItsG8WW0sovuciygzyxSGmt1bWsmhqQC5GNqCKXAQzyxnM8VorSjKvQdG6KGVxej1VQtOArdNBdEZr+DUkJtxt6XY7RXwhlKTpRUUUv4X8qMf0IAZdLanhmA6M4lDvjo0YRLMa0soEJNuYJkbArPNxWYy5SSRs74g/2ATzI1r2m2bdGxlV4KTWvZUfk0wcxto/LkDU4/W0ETmqF7PosgHz8ynW8TgIhGB7M+Xfy41nI4oajEIv9sGkXlfgh+LqqQz+cIIQ6vVnLCxEQDMdUpudNpf8k4EslF/EL61aFaPW0he8/7nqayR0kVvjc/g17Bhr4K871QcybKyne0VorJlteR+8cLKyjvbtY95Mc+onqKc/rdorxbUqH/zBbVffpU/RHbPrbM2AxFWwha+e/gF2pAlQ/pCnuoC47peYQ9d4N453h375/BdP1eU2+C0CBJwMCk/DDHmESKXQONZc+3OJ/747B03P3X7zmRPhllcq9YHpmGKFKkslQ9ufWrttvULBmdfdNQ5Fx5y5orpy2tRRfvsUKG1PBw00+TnmAEsgW5d+AskgGp5uByoDLvoA4OQIFNQqcTrn3zm+t/+bt39j/7nc1tHR0b/8c1vnT44HYFt3brj5z+6Zt2atdWeHiUzsv5FRUhKb35gSsqov+fvrvy7k1ceLxLWG9d3De/9whe/dPcf/9LTP6iU6husUyqjan3v8L5//48vNluNpJVEUayUiuOoVqkgch7FV//w6h/+4EetpKmkbO0bPuWcs7/8lS8ft/KoZtasVyuLFi7cuXHrL374E8HYJz/xiZkzZrUoQc4iiKr1uqjE/aI2NGMuAHDg1Z6ear0nrvb11AY4oGLMiDpCQGScxxHfuGvb57/05Wu+d221d+CVr3vNP7/rvYO13qSZ3n/fA//7n19hTCiV5SPGEBEZMs5Z0k5OPPO0D//bv5EipZSg6C933fXBD31scl8jyTICxYDi/qGRfeOf+cTnm62GHJ2Meno+8tkPH73yKGRcSZjWP+OSCw/+881/XXv3vf/4tvd+6rMfvvySi2OI9fQTEnFIKFv94JqNT2+YN/egyy97aQWjBBLGGCBjwCVQBopHdQlIwBhxpl88Y/ZRglKSMTbZav3iN7+5+87VgJCoJGmmSFIRAwVxHKlMpu2UifrmTc9/5KOf7+2tA4O0nRKlWTuNuejtq09MTJ557plvfstbBGNSKo0yGDBW40xUU4mpAgJgkSAp22kKRK12UomiS150yT33rv7zDX9+9NFHd+zZ0T9tGklCZIRYqcSAjCGmMr3nrlW3/OZ6kopHAgBRRIwzvfXFoABFCMBEnLabvTOHXvvaV3PkbZUoUjp1HS3CCgzOA4gEF4Do+Ek7vDtTcL0lGZgZoY6yy6v4bC6uO1Qh5Vq5hBjn5fZu+kgp1IkFa627ZPWkaIC6yqjPK+rU4y6yikHBbq12DJXBLaVpohYAdAxa3mmDPrrFp//fr1LNMjWSoXDHbMEKLXsAqBgttiYidAKq7qSCdVxCboIaLeffnKICTb5DvMaFE+76LDCL+1JEZZZ4F8YDB2Etj7AYECGZVCOb5fa16ZY1avczcmJMtVJgiMD0oaBISmYJZRkCYL03mj4/nncon3MIm7cEqzMp6sNDL4ymLaBVv0mfWUVpQ3COpJSUvHegctLl7NBzKUkQARkD5ICQW0EBtY4pQxzsELPXe/f0C8MsLplJOYtGL2b08qdMszodN29Ti0rtwyIwtieZfYx6rkzgS+kVYlO49PNFA48s9XpFedQ7AInWaCHvpvfHTaWWnWT/g46qLKvYjwb5OiBpk8osfaY71qDVXn6L08iAFWsG5Wan99eQZ403LcPzXB5z3i6icwP4qtLuIHVwFCiYdQKwAUljfDrtYQ+RdA4dTSIB2JAvWpyodz4zY3467Kubs4sPc+MzZCMAlTMfesPsc5E/nj4rBfOj71BxUpVX2CJkf+79SS4i6jyTgJxDw9vXUCZLc43i030AywgAAIR7uBCE1XdLZbTvOyxE59CT9R5mDh7WlJEj1zN9OtV5sZvg+Naxl16shl9KIpzgqUQLa8hNmruds08+Sbnoh7zpIlFlXuqc4X1/QO4CQSs8gLznMW/Bo2fqMXGjWIA1nfRiwCKGJbFTdnTtoPNWlZXHTlYuFPbFPnUULhjA7vML6j7lgrTA9xhMqp/0nFeMgKQQkQkuBOcpyb3pvns2r7lz4/2r1t+/M90DVV7tq5NClWWQEkgFkiKJlXqPItq2f/d3bvvZ9atvueyYc89dcsrRc48YqPQJFEph/qIub3TsNJH7nE96zp15/oEJL3hDBZ5qMlVZuCMYpmm6ZPGiT33sY9+d84M/3vCHz3/8M6tX3f/JT3zs1GNPHpwx+NZ3v2Pfvn3IhEwVkSSl9EZ9JRWRQob7h/eLWCxaslgBxaIChFFFzJs7e9Fhy+bOmJ00kzRr79m7N02TqqxM7++rzJ0lpYpEBYia7dbo+Pjk+KRgOK1vWk9fXUSCg9g3vG/x4iW99R4JoFI46biT/uM/P//lL33597+64aff/wnj4mMf+8iMoZntJGmzBABEHFGimFDtJJFECpAiplBBRaRpoqQUcUwEiiQHxgDve/TB//zy1/5w3R8Ew/Mvv/SjH/zXxXNmN5O0p14766zTG5MNxhmSPtDPGH1IgMgEZ/v2jcxbMC9pJ7VKBREAZKUilhy0kOZhXIlTJXds3b5l29bBaX0rjzoKONu9a08c1+bNmYucUYSEsq+3cs7Jp/375z/xofd9aN3Da3/0g2vOOvuMef09aZoCIDCIWLx1386rr702bUwcc+lFp591LBIJIfQ+UVKynSTEGcVRM2ly5KghHRACMOCEoE+BR0ar7lrzmx9ejRgh6IOCrCIlAgAW1SIeN8dH7rzxD6QUMEZKAQGBVIq4iGWWDAwMgVKcc8YgYoIrqPDKwIxBhbR37/OZzCoont658Ts/vPrZpzaoiMb3Tvb21Xur8e7nd8f1yt133fuu932op6/CELJEypSu+vsrL77gEhahwOiKKy6bO2smZ4JHbN26xx9+8LEojk877dTFBy1AoCzLUpJSqbVrHnn0/ocPWXLQvNmzAUApScwuSAsdwkQ3uzwgEGoUiE8A7evx9TV68tEUAYfXPOmFeUmnDa0k9+/6ksfJ8MIVKNQyATtFfM9HSlAQgL4qcV7SIkm2cb+6AhXoKcSQzE5sUZqzU7DN0OtuTn0JSnFwsSjVwxHAwtdCNYGBSsXfXG1luTNhJf5X233/2SJr+fnM5bqyRDPmMr14Bbxd8ns39OWjXQOUqWS4NWoucpqpw6RZ5kEo8vSSS/ymfJwIrAuHWXMCiBBYhJCpPRva625qPX2HGtmJkhiLMIowrtjHNbmKc6CYUZZRe6y9ZaSxaW1UrdbnHcIPP5MvP4Oqc9jsI6rnz+CDc9prbpHJGKtW4qGF0dEX41EXAlaBMuTMGB6IuYEAnmJ3XF0GJjsdQ/md3BzA8IY/onrlMESVx1fJWqJ2daI2AMzhTF7SLbmXiuvxN+/KBr1sycI9RGuTmGPoHankNL0lkLT3zBd3xoRwY+EgucMK4G8dzbd46Gm1/O9hYnc8ozfEJk6n975aNguWreYo769FQuB3AbkNfnIwRz2g94j+T+lE1rxfBKjPv0L7iLGGdRzed/ir3LoEAPMOG9BHLaL53QZ6w3iVJ6kxX0rmhCRAQGLmvqbYZC8rcptUKTcePB3iRqCw29iMNngM2KlAfCFsv1sY4PtYLft3yOIOkVNiT/ok20fyXBWvGvLFQ/543kXoEGIFgSbMA0UiuoB+T5+Vppr4dHjAwWd9IxqcHiqUDwcsAB/kR4A9Gjtf5paXAas2PAoOoAzIuWcs25aK9wDV/A3XgR/Jk6lfWIW5OMmZOWBrXxaHY/6CmyiDWZ0KGEOqu/k/vGIlmv4ApJQNjD2oDAqc46Qs2G9GvJqXVAIAAmPIKyICwEnV3Lh/+93PPbBqx5oHNj7WhjYTvDrQK4lkKk0gBQm0gkBSShFBpRLFGI02Rn9wx3XX333T2StOPHvZaWcsPWFuz5waixUpqd8ZCaiskicIjh3y9lYZQRjIpLIxcMOn5a/dEYeICJKqWDvjhDMWLTqop6/+8x//4i83//m8889becSRM2fMvupVr43jCIg4IGmvqzLqQiESEWdMKYVKNdMWr/IMVV9//7ve+e53vR1q9dr4+IRS6u577/q/b/3vooOWfOhDH1i69OBG0hKR0Hs01jz6yFe/8tV2I/n4xz5+ymmnJEmrEsdplog4GhqarmQmGMMMTjzq5A9//KPNVvOWG25edcc9j135eK1eu+76G2v13l1bt+0fHuNc/PAH1/zxpr+0Wu3x8dFdO3bH9d5bb/nL+Oh+zmHFEYedc8ZZswdmjrVGb7jxxq985VuPrX28Wqmc/aILP/GRDx960JJ22q6KqC3hrLPOOvb44xAx4oJzzpEjMs45M+cVUJqmWZJW4yoyiGLBmDjvrLOOOubIpJGwSpSk8gffv/obX/n6osWLP/Pvn1m6dMm+yf1VXhnqH/jznbeKKEbGU5kqKU876dR/+dgHv/7Vb1/ykksG+6cppaTMMkki5gB0+1333HPbPYNDs04889TH161/fmQ4YiJJ02arnSTN7Vu3Jq2MCfb00xt+e9OfqjHnnGcyA0VJls6ePfvEY45nLIoFDM0ZqgwMLVyw4JJLL+rv62+2GlmaZUq1262WbGZNUkrNmTMzrkRJO4srFSLiAFIl+4b33b/6wWeeemZwaIABSZWRgrVPrXvq6Q3TBvt27tjFkPbs3vP4E+t6BN52913/96VvNCYaUa2mkiZBxKqREAIytX/3vtt+/wcgCQSc8SzL5s6dcfG5F4laxCW+/GUve/lLrxDIahh//hv/vXbVgywS//DWN7/4nLOzLGtnSaVa3Tcx/q5//McH77x77ry5vT29GWXmlb3oCVsCAmIG9uR/p5CeOcbSE2uMIn3YMXo74ssu3WhBtnhS1X14QXLqQI7UQo5JQEhHvkkh3JDT5olNh4C1eCuK6xKA4SnELuL9hVy5SeYq6AA8ZdeUMj8c5U5lbfxzzp9fhpNcySliqV2itN2ICmF/0a7rmiVkvYfB/kQrtjv4qQxpeO12WwJl2jnnX2YttQCTBnira5MeliSXk6APRmcsiqAx3F53c/uR32V7tjEFQlQhQrP5UyNzpZeDIlKoFCkJSiEQxhyJk0omNz7Ktz9V2/owP+5KnH009M+LTnmlGJgtd2+GGfPZQcfg9EWAnPR+CWKATJ8gY04c1R0qHcnOkQ3XZY7XEcsZF73/A+RxMWBm36XbTOibV3rMgWGwh8bzG+i286CgMrv+tCkUGJ0O1Vg3OxlTB4zRxYwXwZCL9ln0u0fOTvOMTM2FSGZrlv7FbQG1mxC1oYTeMLmwqu6mngtz/r81O6U2wgl0ABNsJD+3BNHYjWCPh9cZsM5ScPFhZUxQ8AbTmKyQ/7WUKPPKUABzaBNHbwcmEhiqQFueFpGhnd6AAdwQoAKmyWNmPFwyKwMEtBm2aLvs+/c6OMr/irkcCiJiXXWIKeNcpQ4zej/6koWc/e0Yo1ulHdfflNL4wkoVLwGg1bNu0LcGy3RksDRC/efU6oHoMLgvNF8DHR+OfS7ZKfgcNB3YGxayBDgezK7iPABoY6Lo23tkScC8cNgfLx4YtOlODAGf6cL87FyQTYVRXM6Ol43kQrthnNDdC/wTnVR3BD+nSLh1NRbI6maFFp3rxWrNhHuPFCspjal20eieqiFbnY7j5rLaCMWgX34DioAQARnjgkWJzLbs27p+z3Nrh9ffueHeJ7dvgDr09PVErIdAJVKCe9OndpygkTwEWrESAkaVqFKvpJn809N33/zMfccetOKMRSeeffgphw4e3Ct6gUhKqfWV1QBW2rlFEypRb8IsC+iT42yH0G0f0J13KgiRiPaPj8wZmvv+971vdGKcUXzxhS9CEclWm1TWSFMwJ1+782EQCPXrrGQmOUMuOEemKJOUVaP4iGXLSAEQpVJGIh6YPrBx08a+3t6lyw6ZPjDQJ7NKFANivVKbNr3/jzfdODk2efIJxy4amtlUCUNGQMi4TsWMmJCkGs3mYcsOe9f73y2BDj/iyJVHrfzJT37y/a9/C1RcqdUQgSD54+9vlIpIEeMiimMhxIP3rr7vr7emafuCK1583NHHLhpa8MS29d/70dWPrbq/d+accy+58LMf/+jsGTNuuPWmWbNmrFi6nPG4VqlVK1WOyIxkAae7CAhRIa/E9Ui/Q0ZBtvrxh9euXVuJYsokj/lks/nss09z4PtHR2+5+eZH1s6UpGq1Kuf45BNPVeMoTdt33XPv9m3bkjRhXBx34nFjk6Or1z50ytEnSiKSSQX7do7s+/G1P6OJifnHHjVr1oy3vuMde/dN9PX1plmWJhkSqCxrNltEtObhRx9/4iNAwEBxLpRS7Ubz+FNP+va3vjZ/cHaSZY1msz0xNjo69vKrXnH6sSemlGlJJUkqld12++3X33Dj0hXLX/+a10aC6wONGaAA9uzzz1x2yZVpsyElAGHExNZd29/5nn9ee/8j9YFpHFACbN+8/Z/e9p6Zs4eWLD34PR96PwLv6+sZ3rn7lpv+vGnb1qEZQ2efddb0gWmplL3TekipifGJ0f1jL3npy6rVCgNUSEySUlkqFcbZZKOhiBrt9v7RPUm7LdOk3W5VRbRj25ZNW7cD0cJFB/X39ColAYEBIyBCnW3FnTh3JigZGRIICrO32ntvqKdlzboCDdL8kEDhsmrBrAMHzsCKzYIwtNYgugK+ovQ8fflCtsKwm+XpR+rKjZkAOJeqZnR2nauhMwDYJXvF+ylHY1R4MIjpkfuEuUjydLobMz9/jJxSNpk3FJSZcnBs0UCxOZTnl8npJM/qc4qpAGywOCxeX6yRW1SROR05w5Q87hCRzg10O0WNYWcMKI9a16niJlj3i+Y7Z1j7eWQdFHRye45D0RltlL+qxLWlR9ocXZCfrGKpQATEiNHeDZP3XN18/K+YSRZXSCDp0z6BQCN1rf2VAiAkZfLw0QJ17QCOhQI5+eS9bNP6+LjLK8dfSfUhPPIywRXwCBQHksAAGAe0m8XQ6HtC24YHuc1K9vqb9z4fYTBj4AbDsjGCFSfhGrcJEQTOm6CtDhNLtuLF8Sc66eOkkf+Dz2/kTko01p8zZ03wMR9+jSDMwJpzhlyf0UsaxQBRICO7kdEDumTfXKqDrpDfz+2bnGPsCLhzbcwhugR5qjDZo3rtc8rlpDqyLGBBu1HTbde0Y0KWe8mLnbqGmZsZnfuqE3HNyzp1bdY7pxAUoHH8m6MSbB4v6rd6u0AAczhMd8SJBKuCGHNji8CsFY75eOoDh4jQ2p85F6LlrJAPcn5w3OtxRuh5tA4Lz4YvXK4C3VIuAMycoCtUeCqXO2YJYFjA9zBiuHe6zL/nmRZgBF2ZcEYE9/4VT4xiOGod5HqCuzO06kxQyAVCyeOuYidI/ba1Ig0ewbJBgaCBwJ3padDg9xDkl2kdCO6V9aHon7ZEOhnoVpLy7T39wXUwJ8uvxGk8L9Lr+NRrt5DVlfN6rugL/fKEgueXAzdrmgN8p0AZBipTdF61BZSWdxHN8rO8V6BwChXe2QRagYRekkeQh2FHLdfQ7uQxYkTEGGPIpKTdjbGNw9s2jG666dFb12x7ImFJpSfqHeoHxmSWEUsRPQcnAZHdLo5O3BnFqoCUlMgorsfI4MFdj6/e8dgv1v/xqNkrLl553pnzT5gVTWPAQGWSFBkIYfSeN6/gPBg+VvB+d3am6ahxAAbMQUxghVVbWXvO7Dkf+eBHq/XKnKHZLJMVAOIRmkPtGGP2dFICaXWQZEoRQSb1WbFIVInjex9Y/Ycbb5oYb05OTkxOTiLizh3Pyyxb98jjnLNKHFWqFWS8XqtW6rXh5/dJUl/+5jdkkraaE0QkIvGyV7zi8vMvSZM2AQnGQaBS6pTjT1n2nUMZi2ZMHzr6uONefNUrgHPZSFffcY+U6ZHHHDV7wXzB2L7h0SfWrds/vG/5EYctOWRxMtk647yzhmZMT6DZ399z+MrDN2/ecd555773H99+9NJDf/WnG971T+/hHP71A+9/2z+8VUieQQaAUik9WNxKPAQEFJwhIYJCjnx4fOzHP/nJz6/9ZU+9f3J0nIsoYkLJjEncuH7jpz/2WSAFPGKRYKAEF6otieT/fvPbrckmZBmv1CCVisnzXnLRL3/84xoTKo44wz/dfusdN/9VxJX5Cw46ZMliyrDdbBFilmTAOCjZnpjgQJjKxn7ZIGIMQEoAxhBIZjt37J6cbOCgIsoWLJh77FmnLZg9t9VuNdrNTKXaVxAxkUj6/Z9uvvq71zz86GMXnX/uovnzpVKZUgyAkIkoXrzkoPGxyVNOP5FHLIN0stlUAEMHzauJ6ujIPpWpuBJPjIzt3zt6wQWXvu/d740iMU1Untmx8b577mo2Glde+faPffhf+uK6dqEQKAXQggwJpJJAKBgDneOMChhQppiIJyYa65/ekF6QVuK4naaR4BuefXbnlu2sr3fZ4cviqCJTQCUQgDGUlCnMShNaMNCCufwn55wPT+ZwBbVUo7CuQLx4Rpr2xQSSx/1qC+V3fBMqvEL01t1I8ACuLRsKA1ubr9ELvxYr9OV2J9ootTkN1inRquU2oVUyheBeqJUMCoJAgHnDaMqbD10N70I/yzBJSb9y5Iw2YtNRbY5GOrzhxiPvYbOS6Ssa+XlHwOpugiKz+eCndFTNbwGeyUfGcFLuiinX9xrC536TYBBzKO/mqKBsLMbUto+vWQCAlIJKRHuenPzz/zSfvFdUasRjlaaMo7FlAMCcOhYQ5P5ahjGQAxmAiNKJffK2H2MyUb3w3YpXcP8m2rZGNSaxpxcHZ0L/QuyfB7wHGDMxVY8LO7ikkBDrDSqAW0W+gQCeiRS4myyGLuE8rUfJbuXzTVBzII2GCyErGcqtxQNkjU60WMYAOgDEPO6nMToa+KPPOPRmxRKndzBaEw3tnOmHHUoCMGSb2sC6IzQzuPiqZTU7bERAiPmLOvUHNGcfgvF/AekIuX7fmhkAO0Ho7C1ubEXUr3IxRBokTSbHzMIs+z4aQ7+2tY3tSoCATKHN3zWuQwJ0+bZgx5YASL+VHJU93zSQQ548tHCSENEceZVvT9WDhzp4DASkkOzLWrW3BRyWszR4Kx/cWPiMFsBncp9sIM24WhDtTmIqPmV6WrCVmF3RU18FI6sgjtwJ6N6PVCgerJyyeoo6Qsc/fQICwi2vQtEf5/8a3HvBx9XYKjqq8QY0ELvY6YYMaSqlx783RS6Oq7bDtjzQtE01/110Q6BYdKN2UqmEWUva7BDsxcLBKQUlhhyAb2v6UKy02W60hMHdnP+mnoewKy/ojbKGtNChoHNViJyGRGYieVb3e8QbDiIAxtsqXbPjkbXPP3X/xkce3fTkpJrIgCq1ag/rQUKVZPot0OY4NE/NaQ+XkdWoj/4jK1NRb8WXIAGoUuUsqozI/X/edMcd2+5bOWPZi1ZccPiMJYdPX16Pq5nMctq8LLGyYSoZt9y6NlrKCGNdAzElmOCATKVZJhfMndfO0kSqG373u1X3r6pW6nElAqA4igSPkAFJqZR+/YoiIlKESO2kNX/RvCtffOXCOQsiEM/v3P2zH/9k346dURQjEiIDFiHnRBIIGGNMn7+PRIiVnt6oXlv38GNZY4IJ0Wq16n09x590SgSYSUIGKFC/xpMwmjUwMyOZptnxRx83/6MLBgYH1z6y9rH7729Nqle84pUXXHgeQ3zs8XX//unP7t6y9YILL/ynd79jcnysp6caRWJ/e3xgaPDtb3vLlZe/dOnSg5fPOXj9pud+/OOf7dm4uXdocPeekSqvtLNmzDkiA+Cg31/itnsASqIMMqYUQ07AqlF12dJly5Yt7e8ZjCsxolj/6OOjo/sXL1180CGLCYA4kgTORBSx9mRjzao1zebE8mXLDz3isL07d4s4FixqNRvHH3GMEBXOeY2LZ7dt/vY3v60mm6xSrVfio4467qvf/MrGzRsFjytR3Gy3fvmzX9x56x2R4MgwS+X8JQvf8pY3zl+wIMmSOBJAbO7s2XNmz2pRFsfRP77lzW947asfe/zJ3XuHr7/lT0mSqlRVa5VqpTIyOvLomkdjIVqN9JlnN+8bG0uTLMtSLjgQZFn6hje+cWhg6OjjjmxBqpSaMXfW5z/zWQLYt2/4v770pcfvX7vk8MP++QPvmTVj1pErV1QYcFJjWfs73/vhmocenj173qknn1LlIlXZtp07f/br63iEr3zZi+fOnKMUMP0SVTKmiFZTabuNTDDA2/965yuvuHzlIYdWqxUJ8on168fGxqcPTH/umU3f+8VPZNKOK3HSTDjn55x9+iEHLzFrzSJ/J01NUpYvVTFfEu6PRijKExOUu4JLpVAI9Ito3cLYUEF0C9Z1rFV0lbigmKGjTOPkz4UEuJsFW8yT/gcGGP7la2oXpjM/daStBkI4JLGzcFgMp0Y+fs2+CfpCgUSJ4VVCfLFRz2DW5mKn5elrm9JZLqnW9WUq5R0QW7bxqQNOOMOmrFryPmDHbcO3lFsxObWW/7zyHlZy2UN51AkAgBRBpcZauydXXZusv1vENSKgLEEkMq8eYwSASjkbmayaM4CeGLktH8gQkEiBAl6p0mSz/citfOFx4vhXwPCT8pE/ZlvWQ08fVGOcNpMvXCmWnYWLTgCsklTI8h6RJdjo5uLYhOPjo3wXXCwAGe/fPIiAxgACv2NoPdwEQAqUIkBggEoSAzKvMAWTZWqBgq2GIRGhfYWJmw9//607LIcUAGOMAyGB1FOLjKH2nyIBSUDQas7AJW1SIAIRcg7IARRI/UpuBvrNpUTIEBgnBZQQIjIUJCWZ0KjeaKn5CAlBOYsROSHXTM+BGEfgHJSEDKQ0e5ty3yAQAnBjSSCAtWMZ14c/OqgKbmemJ3oRuclYy41PRDOkDBAVMtLHvIOEiAEykBKkJERS+RQrQCAFpBhjGEVECpQkAO3yNRFiZ4chAwDDZwyZiIBxkJIkAShkiBxBAWRSkdSJcIzs2z4dj2HOOkVOzOe8nFUdS1LHz+CNFwZcCgEfu0dyf03ZhR1fqeTOFDK5YJBgl586L2F8AIXXqxgAb/9XuLyByR/pjCXqvx1uMK93aPrlHg8VIeQqu/wYpEIx7zdrcOQlXGm0PN2hpUrUjLV/w/ihd4fcTdKd9XWKgxqOyGK2am7+FUCA58H1MIoNYVM4AgWlWzJlXTS6j9+0+QDhqPoB7VwedLsK5qFPeUCIkeQY3v1bPBdGs1qnlgKbLGSFVJHxdTcQgLHopmdv+frN392yf3cmVIyVOKoJQFAASiFH4KAlCLqjyezM5B5TJzt0e6Qrd5KBKQKSGTJWrVeAxJodTz286Qmu4JJjzn73GW+a2zM3k1mHsyP3cgX3Qy9TPtFmD7W1QQmBgAFKlI+sf2xk/2hvvSZEPDoxvmDOvEq993+/+a0H7r43XxsiErUYEWSaMoYMORNaG7FqtTK2f/9hRx526jGnHDxnMQH0Vqu1WmXe0oP//g2vO/LIFdU45oxnaTrZnGw226nMOGeCCx7xOI57evrqlWprsjHZbjyxbt31v7mhpeTg9OmGWsY4MknEgAFCJjOBHJCxan3Z3EX99b7nqs8QIuds/vy5yxcdDEB79uxBZApUFEczB2ZMq1RTzJQ+WgfV0oMWHzx/YSWKNu/e9pVv/8+Nv/1dz8DgK1//91e96lU333rLhs0bORcykY5bAECSlFJ/VyTTJE0OPmTRSy+5rF7tecNVf3fOmScj4tDQjEfXPvmxj3x6ZP/IcScf+/dvee2smbOqtSok0NfX21OvrHl03dte+5bJ8X3HnXT8177yX41Wq9lK9u7ZXa9Xh4amVRhjwPeMDn/x61976PZ7eaWStVpSyqrgZxx7whknnqxAxVxs2bXjmmt/mrXTjAiAZQqarWTl8Ue/6NRzMlCRmV5oQiZVRkRz+2buVHt+cvVP/vrX2yP9OuwMKpVYESBg0myKamXnlu3/+I5384hHIlYyBSSmEBksW770c5//ZH992oScVEDVuHr6qSfVWOXeR+6fbLaAKFPZEUcdeczSwzKZEQBj4ppf/Pyaq3+WKrrs8ktOO+NExgVTcONNf/3ipz8/d8nCi885Z+HsSJK07g+0QBdJqYmxZmuiHYv4gdUP3HXnvcvnL4qjypYdO277620TjYZC/uMfXtNWGSPs6elpTTYnW5Pf/PZ/HnbwsgyVRT9gAIFbwy41LF+anpzMP5iwDVndrMxDJVvfbTad+eJQZS5nOhalrwAKlxPmOY7sZqP62qFT9Nl0pc6ooqaKclldxM5OeRdThzxtno9bp1JwJ6YVOuU9Ysw2K2ndT5532NZhu0mQi7dSUe90bTgOXrd8qqbSQ4YkH7zYNCvKf+2ghCwSKZ2xqazQ0gcsDXnaj2EKP5M5BKMvxNAt4LupLj+DsUQveiDOR0c5ZZBDZzutCpGB2vGQ2rAKJWEESkozt/qVwt7EBHPlVp72EAMjrbFMqBBBEatV1ORw65Ebe5aciDMPYyvOo707KElVmtLEOO7czJ9eHR99MT/uFdgzn9ot4HqvDRq3VIDIwi/GJ2a8U36uhLbtcrPSt8rtxFos6aIhhp0RiBiS4AAIUpFSlGW2u8zgPcGQMUCGjOcv8ABHM8NUv9ySAREIAQwlRkwpmWVI+vWVCpGAsJ20xycagmG9t48zRIay1Wq1EhaJSr2Xc6Fny3KkDdYhkqLd23dwzgdmzxJcgFKE5rwHQLZv186n1j9VqUSHH76CATUbo7We3jiuEElLpWMmfWaE2UVkA6KYtdubn928Z+/zs2bOnLdgMRORIvvaFVImUIQgCRnTpiMHRC4YcE6IgNyAKQCdoQbEQDEgTiQcZiapUGUaxAEyMiaj3oqp30DNSNLGJ54cGdm3ZMni6TNmKlKg9J4OBUAa11Gmnt+8edeunXPnL5izYIG2QoiZICegfmOo/UzERDQ+sm/bls39g9PnzJ2PIkJgE6Njw3t3Cc5mzJwdVSpE4PlDNHeRvaGz3SjPfrTjaVnBW3TkiayOZe6ErPndvROlaGq41eDWPvq/FuosETtOWuTEhCkqpr2cWt9AMiSF0alcpXrNiU4PHPj2DPoVh51zjRdV5Au83EJ0mQSBWj+wa7mkMgDbz6INlrcGuZQpVhL0Ygo5X64nQK9IKlhx3er3qzrAAHap0IvRvyCd1OnzLr10R5y1+QKntsMFgEb5eb7wgEu7td7lvKyCIwMAbHKLQ6R5GBAgOMPJZavGPHpo7/rv3n3NjnRvpb9eRwap3g5qwoiacZB0AIV8brHLEU3ftM1HpltIiO6taYhmXzqAkgopqcQMBFPIfrv2llY68bHz/m2oNpSplNCHdba7rveF0Q8TJJzbHgHNVhhFHLlE9vWvfu131984ODTU19Ozd8++lUcf9bnPf/aVr75KCZw9a978+fPH9u9bvWr17t17ZgwNHXb4oTPnzNZ7crI0aSQtgWzvnj1HHrFizqy5GUgBHBCTVgsgOuH4Y4866sh7V60eHx0TnEVRPK2vL65UheBKqTTLknZreM/u3VItWHTQ+eef1d/fd8N1v96/e7g52SCAKI72jY389e671j3+VK0W1WrRyP7RRYsPuvSiS/vqfS3ZYogMUfsYSSqd5ClErAD0+XgZqZTMKxqBkULVSlsCuJJ03fW/v/q7P2KZPPGssz/18Y+sf2rdO9/7rvGJthBRu5USKME5AgAyRIEMiSQoxRDa7eZZ555+0QXn16JaParW4njHrl3tZuOeO+7Y8sxzihjjwNJkYs9wu1JpNbN9VTF//pyBvt5KvaZAjY6PxYqpDH/405/+7NprL7v8RR/54AcZ4ER78ts/+tF3v/kdzjlJSZgxBpipVqulUKYsE7xy56r7H1y1plLriaqVLEunT5s2vHf3z3/6q5OOPxGlojRDQC5EXI2YAqVAoRwdn9y7Z18y1qjPGOod6FOpEpxLKaWirJlQ2oorlb6eHkASTICIpJJ7du6e2LdXKZklKQHpzZaS0lS2EGnjls2jI2NQqW7ZsvVjH/j4u9719gvOPredqh//4kff+tb/je7Zt3DRkmOOPXbbjq0PbN27cetz3/3O9xqT45de9KIl8xcJ/YZy8JINiRhiQjQ2OS5B1av15mjjrrvveflll86bPfeJp54a3je6YMnCwen97VaWZEq2ZXNiLGtM1ivx0PQZTDDIJBoTzipVJznQbuojq+UdagxibjkMIyKlj6AotVnKFFy+7LpbFwdUTtT5LHoLPfzQtf4SDBKeiJuboPmTHf5yX+pi6Kws1VM5bvGa7VQcxWcDWe0OlQj7S10eKblegO7prNB10Jmanhc1IK8c2/yNuEM/4T7kyisAb1OQ75F9oIZ90d85MjmsBX3GigICNNEzsie4dO9EyJ3dLHCs9sK+zcmjt8DEMMZVJa2Jgvp8PTvr6G3Wdp56AqOXmf9OJu2HBCJAxnjEaedT6TN3xie9Gg8/XWx7MHnqQajUECNAISfHW/f+mu/aXr3gH2FgEaQJ5MYnGRPJDULAHq4/hYEzJ310jGw555mNN0brEjHcv3fPI2sf1iFIBSRTKaWMKyKOKvMXzkfk27fvyKRUipAzjshsEJVzzgSv1atLFi2u1XuJUgDMCJ567PE1a9aee/ZZC5YekjWahICkOClk8Mjax7/9fz+qVivvfufbD11xOBf8gfvv+Z/vfH9gWt+b3vD6lSeeQsQ5ALdbe0AjFQCVyu/96Mer77v39X//mpde+YqoWk8lIBJSJkR06133fPqTn+4fGPzfb35l89bnvvfdH1x62aVXve4NfT111W4oGyQBBshQICjUBjUBI1ISo+rIyNjX/+cbN95w4xUvufwD7//noblzFCgDSsyIITKGSikJwDgyBpKGd+9oNScVkSKFiDqlmKRSSgGRlBJRfzd+lLlz5w1OHyJlTGuHfcyMZCmr1Xfs2PrZz/7HIw899IF/e9/fvfYqLiIpUwITWaEs43F17/Dwj358ze9+f+Orr3rFO97z7nrvNJWmiJwIgOndpGgiq0CKJIvEgw88+InPfr6nXvuXf37PhZdfkbZa1133q2/873ePXnHYhz70geVHHtGemBAMkUCZzGGb9Kp9EXrPM3oMVuAvq6zyOTvwRdYELbc2TLU5iu/QFAeou1jWF+nuXll4sjwtuPQSxsMaxPQ0AWX2m19tB4kFAzfXRmjTFCGfE1sUIfeMmSdKTDKDMfL7pcZ08SnXjAtgaesCEToCqp2Tg2HlzsFQsJADehwveGS4Z6w0DkPNBXXuaS/Mv+aH1vq5sn63fSdrt3CxdmAU2s3znfw6bdfI5YwFQ1GkpXCZznbgLZ/w7uNg2i3jyUIjLG9MWySknVi2Fbv2bJoNVnh8y/o7n96zuT7QTy0CqQisQxZsZgwRKFs35dyZqx5rmluErJ8ychpy+EOgiADNy7cJQCni0c1r7/2H43fP6ZmdqcRm8howZByrFlSj2SdKTuNBDg4tiOzAIlmWZQQsiqVUe/eM7N26/aFWe+uW7W9521tfdPmlPBKL5yy49c9/fuTBhxrD+1accean//2zR61YOd6akEpVK1GaJa0kUWlWiysDPdOSNBUR50xou61S7Xnokcc+8P4P7N2yvT5tQColIi4iwTlXShEpkKCAGs2J+fMP+thnPtWaHN27ezjmsT5ShjPx3KYtX/qPL61Z9cDgnDnAaWT7jrMvPueME0+d0TO4v9FqRG3BeSWOxyfGsyyhJG1JOdmczNJUpVIpRZmERKJAjDElUkrVWVSv1P5y5z3f+84PW6Mj02bPv/RFL1o4MOfB8XsOXXZY0pZcoPGBAgBgo9XctXtvs9Hq6e3r7+sHlaksWbRgcaVWR4YTzcaPfvrrX//8+p64smfnromxJgJffc/DO3eOjI+MIVf79uzLSL3osove8LrXVis1IqYUAWM79uz60f/9YPP69Sced6JAJqWcnGyuWrUamo36zNmVuLp3++a0LUEBVww5cRZNtFp/+NNfW3t2n3rRi0aG9z37xJNnXnbGAw+t+d1vb3jxZRe99MIXTyRjQp9Mr7O+JSGDaiSqlQqAOuPM0971znemMk0zSQoazcaPvv/Dv9x406IjV3zxK18YmNanlBJCZFJ+61v/8/Orf9JT7WFCAAAoYIgSFHJsydbDD68dHx7hXNTj+h033xrF7NQTT7h71QMf/eePN7JWHFfHRia+/Y3/TWUyPjo2NjbRHhs74oRj3/LmNw32DWRZBsQAc8RDpIixxkRj9+7hpN3u6empiPjeu+5/7Jn1AzOmH7x08de//AUeRXEtGh2fSNNsZM++//n2d1ffuunolacsPeQQYChJMca8VWcWiTNBC/DSHEBkbqFZqLnMB0Uh+CaDiCC3sxCc79mIglzBBLLLeuWsiPFqLQbuKP9bJgkD+UY25ugDkbBkwQtJ1sE3hSfRSQk/+uf5u6yGQU/h2kHWo1GAAT7NHa2WaBxvMMoNmqC8fcwqI/DpzU+Fz8eSCiNb6szNU7nCkk56uwdLVFKH+6CACorpXcVu5mo0ICkPtwVdKhQIK9LBxTyPq+OxAsq0R92h8n73hys/yoC8oc7fzkh5RaZvSrGomu5+pr3+AUgUVBAyBQDIlD48QGeT6qPFAdAFoM28GMBsMm8pJ48BmneaKC6oMSl3bqBkAnrmwawlasNDOhOSSCLnBIyeujdJJisvfj/1HgLpJDCGXsKjVc6WhdA7MMVT5VZVd4xlvsrQPmZ6Y4fXOKoRAYR45umNH/jIZzKpKpXKxGQjS6WUJDiLI/He97ydM/zCF77a09/L0AjwSAhzjgxjlMlFBy/8zKc+tmzlUaopMYqfe/yJ9/3rR+9b/ehrr7riy1/6dG1getrOABVSxpA9t3HLn265O4rEFS+9cvnRxxJjW7bvvPm21T1CnHfehYefxEEBIjCmzK5IQJKSV+MdOzf+5dY77l+9ZunS5ZdcdnlU7VGAAEqfWrtz1+5d+1uj48P7xsaffOKZW1c/ce+DTz6y9sn3vecfD1m2TEqFRIhKpdnkxL7JRiI1GlcKEVrtVBCONCc2b39+eLS9beeep599bmDv3iTLBOMAxBEVgVISQM2Zv2Bg+mxJnDMh25M/veYn999/P2dMISmyyQeESkmlSCqVKpkpSYTNVivN2h//0AcvfukVlKR23dtjjwgYNycdrVv78EOPPblneDJJEi4iiitAhDIjIIkoFYu42LJl86qH1m7YPDw+mQGrYFxFZCg4ZRIUEGOATAEDYJSlUa02Prznjzfd/MCaJ488bHkqAeJqMj72zIaNa554dqB3WqPZAmRKAiEz3MMRFJHKfNFk5IazlnNllksBb/1bqZfH5opg2LG7daDoEET+jh9zPpZj8jI1ESowqyByi6BDd3RTNc7rFNTnZJHtU4f1JHyrp6zaIIEHfXtXC6syA7icOCvPpnCguqvUjCw1qxyd+agVDFfvn7xTnc0dyP3om5YE+g2ygcIuf8ZrOxj6Dg2jvyvKVW5usvp96MZGubQ3PfJNza5RVszLF6jN79tPHSPUNVUJCqNSaNcp3vAVbQWDs/RXrw59egFYTGgwpeVVC5Hs0eOOnJF0v6pwJIaolI5ZKruBXm+IwDAkX1Dr1t1qb+ZBGmsaWl7SZiIg6PdLEAAh5zyTrcks0a9kIVQaMVsHRbC4CsOlPwcwCgCsQ0cBAIMMJAr8h39404UXXlyJxJ133Pnza37R09NTr1arwGf0TCNGY43xm27787NPP41x5eSzT1u2eBEp9fNf//K3v7zuJVe87I2v/vtpvX0ySyMuQB8bC7Bo8eKLXnrZ9MGhY4866oGHHuCAg3Pm/t1rX71w/rxGq4WcRZxFUaW3tx5XK7ffdvuNv/19Y6Ixtn/soosujP+z2mg0TjjhxBZkNRC99fqigxfvGhmuV+oToxOMRfXq4GQr/dp3/vfnP79uYPq0NGmNDY9ONtpf+uKXf3LNT6VMhveObNm4RcSV6376q4fvf5AJnDVn1kte/tKzzzo9SZIklbf89eYvf+nrzz79rOgd7Ompz54zBAinnHj6EYcdk0qZgUkQVaSiSmXv8L6vff3bv73ut0cecfaHPvihoRl9kxPjvf09ClQL2i3Z3r1v187n91SQJ+2GqEQD04cGZ88cGRvbtH7DtKH+rJ0povZku6+/t3dajyIda2Dbnt/xzDNPDw1NP/Gkk2pQbVGrv95z6ikn3v6Xv57/oov667Wrv/N/gECgJEkgqvLKbY88cONvbpg2d86rrnrFz3/2C1DZoYcfNm16//e/+rWvf/M7J51wwqzeoUymyIBIMWIcGAJwzpExUiqKolNOPIZDnJAEgslW8/rf36CU5BVx5GGHDvT0p6SQIGJ88cGLQQEyJphggEJxBaBIVUVl/dbn7rztbmDAAQ5bsXT/2Ky/3vyXa3/+i4lWCzDFjHiFA6otm7dnSbvWV0OCgXlzP/+5zxxx8LKx1niFxVEUZ5AC6N0+2onM94+PjewfoTQ5+cxT9g7vW/PQQ7+54fcrDjtswfx582fP4SRkqpqqOa23//e33LRzx1YAOOO80+bOmZ2pLDxswJpHdn0VMn606LOA18Bqt161PDBh9GCBlV0dlkTBlxeqUyfbQr0ztRrRv1qE3mmu+CI4l/+OAN8J6NEAVjV3ysmwfwVt7USt1z2nCY1Iy3VcAUAE9nB38zJsryT/2Y1dTkUgsL0PThH68hCLNqF5winEYNrIGa1TKnxLjqfhclpCd0CxBY8Z3NMdnKV1p2Pm4rCUu+ChOJ7Q0bQpoxci6a10pMxCQPRr0gHKDixGxdiFMSG1BUyI2J5k7UkCBgqQFHAw5yFZxy+ZHuWMEnbDxKxMcjpoBaztV4VCMEUiHQeZgqhhtY/FEQEScAAiqZAx4JBteVg8cTs782hojwEi2Rdg+O26blpElVORRwPAWqqO+zyLwJbyV5ndSqdBAkKjnewY3pemaslBC2bPmpFKnJxsbNu6g0g2G61Kvb57ZN80JauRiDlyxrMsJQBJmCTZ/tGRajXKMgnIgAtigkfR7Dmzo1rl59f9dlpf30c++i+1wSHMJBIA5z39PQMz+2RKGDEmBCLyiNf6qr09vT29fSKugEyZUkBKASpCQM6AIFO3/PW2ZzdtOXT5IVdc8bKegUGVZTpgqzvdN9TX11fpnzZQ6+k57YxT/27j1rVr133/2l/PnzXrfR/6t2pUTbKUCzE5NvG1b3/ngQcfBcUYZ1JmgCpN0yzLGBPDY+P1vp6HHn70/R/4qOY+hgxIMUD9Hq3RvcMf+uD7X/kPbwEQIKKJ5r5VD9x/z+pV03qnJUmWkmRccGaCJICYSaWkzCTFcTwyORkxhhhBXKd00uwE1dNNinNc/9ij6x9/sl6v3nLrrftGhufMnzmRJffec/eePXt6+/uOOvLIXTu2rV59Pyiq9dRXPfjQhs1bpw32tjN53113j0+MZyTnzhg66qhjBubMk6kk4Aq5IgQGkRD33X3PjX+5vVqLLrrwrNNOOwWyNpHiDBGBjOXMMhQMgQNHVGmaMmSCcVKp7x9zhqLz7LjfShZ2qOus6VEA4eR/MI4jX6bnoguhIGI6rmJ6iL2DVseSRqylFbnonKPViVAP7ftd0E2IkrocQZ4t5B6w7bl/X4gBWnp5doKZgjIDsvDMFL7e8ohZl/HqqPNv6QMa8d3F8uwk48A1drrSfQ1mVV2HsgnUWChjSyKKJQ37urzUmjwAZANnuXedmvw+lTLlFCzUGa0toZ8CCj3k4iYJzQHhGgo4Uw8RmD1+VjkZgGYslbfxIa/PhFV0EaOGnBTR46fMGUVAhASg/EACccR2qpTK9GK2x+Tpql0+bWEAvc6GA+vLGA2XFRIDduZJp8JxVBGVyVbzl9f+Ik0zwYQg/P9oe88AOYqjYbiqe2bT5XzKOWcBioCERM45gwFjbDAPONs4YD8YcLaxjY3BxsYmiihyzggBCiiggIRyTne6tGFmuuv70dMzPbN7J/l932+MT7uzPdXV1dWVu8dzCrU1dYtXLFu44GOv4E6be9wJJ56YzpR1OO3LV6x8+8VX1q74rG/vXuedeEbB8YjJpJ3gzCqQM3LE0D/+4ffCEzWZGokEjNU31F5y0YWzjpraUcgxzjlniIBCJrhdW1W94J33Ozuzdjo5ctDQEQOHCCQpvYJbkEz0Gzzgttt/1tLaBkRPPfXMn359l5S0dfeuV196edmHC7hlCWI8mZaus/zjj1b4Swl5KgMMN65evWn1SiLAZLKqvv7k2cft2bvr3w89+uh/nti9fU8ikczlsgzBtm0CqEyUNzQ3oOXXd4EED0UCrJbyutqqatmVT2UyRx4xtsbOOOg50stRVnheMp286SvXjR88et5jT65ds/b4ucdfcOnFQnqvvPziuFHDv3LtNYxAIPRuaq6pqhgyfODC197MduUd8D7+ZBFlc41jx06ddpTnuXnH4Xby1DNOTyRTgwcNeeOV19VSICkAKGkl2to6/v7AQ+7+3TMvuXjKERPvvvuvIJ2C4846bvY///mfJe999NiTz3z7azd4rophoNQHFDPGLMtGZm3duu3xZ14sOE5bR3t7W3tbR9vq5auYlWg50PbU088xxhzpEaCVwGVLlwEi2hbjFiPOiXMJkqRl2R+8/8n61Z8js52ufGV13eRpMzas+mzeo0/e+Zvf1v+2ft++fc29muoa6leuWPPsM8/t2LGTpPjqNVefevScj5d9/Jd7/zFi2JCrrrmyd3VvT7qKEz3PS9qpbTt2Hdi7D4Rz4klz2js6N675/PGHnzl6xrTTTjvJJRfzjigIi/Mtu3Y88ODDW9ZtrKhvnjXr2IrKTMFzwdjyHLfLi74FAiyox4otHURm1n10t7aglC4jf5UXiScjKhd+iKY6e7ji+7wjjlx4D7TlXiQQQiMmgjnFhx+7wieQdD6xqE2PaivifEIp3AIMi+BE1FZRYzIUcZTggaoohoXm71GQmhlMd/oQQ4tgpBVFN2oxeKbIeIgQkCJjMRVltFnEAy+6ffi2hG7oj1gf/6KJUcJ2RfNDNNsQGQUCEEgV4pBEAvzCewLC4CRXYCyATGbXsckLc4mqAUMkQEJSSVGPHEd6HiYzgDYil34pEQERCgICKRzZsoN5DgGBEAZ/BH9Du59KWt8UnlTkf4xGlPRlGlGgpxuDkiUphfREXXXl//74h2NHD3c9uXvX7p//4pdLl65gwF3X8zyvtrb25hu+MrBfH8bQ4hZD5Jb13sJP7vrjn61kUs08IQOCQSNG/unPfxjwmz/8+d5///Uf/+lsb//ZT75XUVt9sPUgIuvsyqUsO+cWsrl858H94HnZzk5whZfPt7a17t+yjhFW1dQk0xkiEMhIyGQq+cWqlU/Pf7GrM3viMVPHjh0DlgVCMpIMADiDZKosmZZSMnLTNps4YdoRR0x76pmnb7315+nKcpYqExJdkAjcSpbt2bXv87VfZDJlVsKWkjhHxriFmM13dmaz5HpZIaQQKTuhctokhRQSkRK2nc27jFsMmSQEokx52YVXXD7rxBNSdsri/NXXX3v/vQ+J8RnTpwwdPIgnOQGipK6u7MrlKz/6dEW/Pn2a+/QF4ERIzCKlDYXHGQPXnffwY489/WxdfV1nV9ZOJPKOc//9D7mOu3f3vnFjh//sp7d8/PGi239xl2RQWVHBOEeGPGHPf/6lJ+c/67iis6OrX6+GP/z2F3PPGyqcLkBLoiU8UVZevm/Hpqefef7zDduOGjfixJNOqG5qKuTyCEBSEgEJT0oSYAnigmSyIrX+s8+efOr5SRPHn3jyXJHzGAFyFmMkn02NCjaDdQMjvxuF1eOBnWF0LcbqQEF86HCuuBd26PRcESKRcE/EQTCHYPXgXUQcmNJer1qLMQejNITSKEac0J4QCIbRbUsqoYoCtH313H0+7fCv0C0PbYaIfdOtrWNGiw1jJVLUZGDoq2TDBVV3iv2T2O6RYh4tzoWaAfuA8cMsqHoVgQ7/9eBhxnkrGoaP2FlhsSooizASZflvp4PUGeQI+tQTUFpBsxT6esUPVwZdqBdEgF/ej6ATkAFcCKfAwDu6oNQx2BCqUV8xIdN1P54fMA6QIw2bGFAYu/BlQ3BEmx+nNrjJ7Nqnp5FpCbWu9kYJwHULnudxbpNH6r3JyAAYJe0ks9jb77+39tMVaFtnn3f2yGHDDuY6OGcXnHHW2uWfffjam/f99W8Th40eOmhIZ1en70IDAVGSWXmUAjwhZCKZatm//4F//euN117xhJtIpThnJEkSMZCff76+kMvl8l2dnW1ZcHNdnQQykbAZokMuAz6kz6BR/SzG2JLPPgXGsrncoH4DfvjTn0yaPpUx6/MVq155+ZXmfn1OPvWk2vp6i/GtW7e+/MLLrS0HjpwxbeqMaa7nlZWXn3TSCRzYilVr/vOfx/Zu2VVZU11ZVb17+w5AYhwAgCQ5wvXnjgAkSPAwkXaIpCAQlM/m8vls1mbZQl6dAC9JJm171KCRn/VavX3rNgusU0896dxTTvzfX//68YefOv+i88aNG5uSXCAxxkHKsePHA1hdHV3LVq196eWX0bKOnD5zxLARhVwWER3h9uvV+9prvrR7f8uj8x4HAMYRGXHL4ph49tVXX336pfL6Pmefc051ZbkjXCLmkZx21JEzjj1mwcuv/fvfD59+6okj+g/PeVkGEV3FbQaW/dlnq6+/8UZ0iTGW78oTEENGnG9at/6mr98MAOnKCimIWQgEwG1uWdzigKiiLmme3new9fnnXyx0dVU2NHqO5wn3rHNO2rxh9ZBho0cPGzTjqDEplmpzcy++8vqHHy7YtnWrZVmXX33V12/8SqvX9us/3PXy08/X922ePmN632m9LUChVj5JDmzl6lXtBw5AKllbUzXlqEnPPjN/6cJP/nn/vydOHNt/QL9CIUcgaypqH3/h+U8++ASkN+eEuUeMHQ+IkogzRoGTFvJ9uF5COVLyMldrsMyisiNYUYFzo83lqLmvY1WhWDb7iehHLQK6T1FC2MZApVRK0ABSQiwqSaPx8ddnST1eVEZkmjpGGD5ucIdxbl0t2S3oUMJHj6YodttMasRVZMTWMSZEi94wU1tkGBm6N4jSYjFFCCIPltJocQqGahQNvjMCDSXVfAlFFhlsKXoGCfxiJEpeoR3RjaUB/tHwWpvHV0DE1AWECEaGugIz5a68TUnkSZAckKm0ozJRfBgIUVim4gq7i31gelUQMQAGEm2LWQlgACgAfFITSQw0Jzmy0AHSBSIgjzCwrQmj/ZckkMlFCnEVJI4ZRKGxFZJE6dPgUUQGQnjplD1qxNDm/gOkU6iuqerV3FRwJSIJIV1HlpelT547t7pfHwTBGEdkYKUPtrc7nvCE4Jz5JoAEIllVU3vLLd/du2f/w08+9+GHC9esWr11y5ZHn3weLN7WmT3YkSs47l/+dt9DDz/kCq+1pcMj1lFw/3T3PY8++khNVfmlF14055TTABBIgGVDvjD/uWdXfra2qbbm+BOOT5eXFw628FTKti0C5goHCg4HSKUS7V3ZF19/Z/nKNe0dXR9/ssj1vBWfLf98+dKR447gdpKkV1Fd/eVrr5117CzLtjJlaekKy0IpRMJOHOxsv/9fjyz+dMXkcaOuvOqKAQP7ewUhpSjkc4V8vuDmGfLKsrLxkyeDlMg5EKUyZWdfdCkw2xPS4sm8V3jjnQXMcW7+xk1HzD5FiBx4eZ4sc1r33fKtb77wwaJTR4/oNWAAgASUqCMiCAQkgFEylXTyzr69BxzX9YQnEF2SiUSyvq6u42Dn+s8/L08nJ48bDmgh57v27Mvmc5ZtZ5J2RUVtRXWt64qqsmQqmQIpiHFCDhKYZQGJ11966YU33q6rSB137Myx48bnunJESIhqhwgiQ6ZSQDKVKW9v2fefBx7849/uHzd6lCjkTzv9FNd1GJFfRuZLDIT4kgu8UZPdSjBtwJVRa19bgr6IMraa6iUQwi6xNkNmN9ShUUoTeSSyoH0z2GhCWuZEXceI4DWrinrKfxYRoJQeivwc+XAYHoUmGIQIo7H377+7AkOz1KOx2LbZS0+evaFEY7N+OJnVQ19EyBgUMZy2mgw0DgnJfEQn3EwHT3cYH6w5JOMwcvNmCcUYKUszM4D69xL0IQMOKqfmEBMd85YNVpEUokqm1gmdcXPHmK9kQmoQqKgrqvo8c4d40HlIuVhmA8EPgKI6Kg0AQQJxQM91wBXIk8AYeKSNAGUSIQExYEJKQSr/EESrCXy1RgHplMrDCDbBigms60DwqJ2iAIBMokUcADgy1S9yYBw9RlWVlStWr33l5VeyHR1nnn/+eaeeUZVIZfMEAk46eva+r+3fsn7D68++9Pjc2d+78duWnXCEy8EiBhyZAGLALLDshF1eWd6yr2X+M/PznVmOXJ0CDwBEUgrJGXrCtRMJlMwCblnMlSRIKlOCC/KcgsMY2uB2FcCyrUwmk0lPGDLj2CkzHLdw623/W5h3cPRJx9/ywx811tUkrOSCRR998N67+3dun3L0zJ/87CccJTD0hJeX7uhRoyYcMfbd/Qe+dsNX+vbv/92bvy09Tx0ERX7ttd6b6MtgsjjYSRsIAQRjaIPFmTLYJEhIJJLbd++eN+/pPdt2N/Xus23rjnnPPfv6K6+jI5cvW/273/25oqq8vaNt2pFTTps1Z9iQkZnmhu0bNv/pd79f8smnlbW1xxw70yLo8FyLc0meJE8KQvKABChjjoOdtD5ds/Luu+/GbNvRZ59y2klzdu7argp5sl3Z+tqaiy+54KN3P9i0YtXdf7nn97/8LaLlSc9CRkSCJCICMul5tbVNzb172XaiLFMmpSg4zrpVa/ft29/Q1DBm0njLti3bAsRkOrl945aVS5dagIxxQpJcSkkI8pkXX/743QXJispBw4asWrwsV8j26t3317//dTqdLMuknIKz4NPF9/3tX+9/uKB9f2tT/75fvfaa6776pbJExQ//99Z3Xn/LKs9cfdWXx44aK0EKQUDgeB5K7PC6Fi78pK21tblvn6rqygljx1544Vmbv9j07ktvPDL9se/ceJNtW2krvWXfjkcem3dg+067tuGcC85saKx3Cy5HrqYJorILg/VdMkkTqsXwNAEw1n93sjqm72PaMQB0WIK+pE9FpgiK+ESmC2RIliKfLY5x6ErESpHB0Eolw+SHVayEoZA55HVYztJhXEXurzEuQwXraEAQJvAfCEcV2E/F7lbRLMZUT8+JhSDPGXFBDzGqYi4yVXrE9giwMzngUGo/xi2hsagcR1D1NUSo/aeA2319aDyncoDGu0SKLj/KIAEtQATpMJbW5+4xAJ0F9TcT655AglTfg7eZKSYNaocQlPGNEhFQuixRjrWDwa5CtxXybWr3tgprAwkCAAHMc8DNgfSAyHjXkhb0IS1LjqPUIdglzlaJPqUJR0EXOnSMwIQnXc9hjKTw3Gy+UHC4pepPBWNsf8vBF994s6Iy09nWRpIY46lUYvHi5RYyVIfxAJAkQiaJS1ckqhq+8a3/sUEOHT58yMgRDz/25IeLlyHjqvSFgJYvXw0gEVjCTgKi57lr1m5YzyBp4YihI2edeHLCBukV7ER6+ScLnn3hhXwue/VVl5555pnLliye99ijM6ZNmzl9xocLP1r66XLPc7du3+4K6OjM/f6uv7iuiwCuR5ZlvfbiO0eMmzxszKRkMo3A2lpb+vbqNWzIYGSENnp5D7l0c4VEJp3rzM1/7uVc3u3dp8/UoyZV19QUCm4qk+KMM86kJOF45Lo8YUspOE9IQiHRzbok867nlddUdbW1E4ErRFt7K0m3rS3r5XINvSq++Hz18lVrkojTp05paGwE4XJgiEgoSXoAAoQHSevMc8/uM3DAlk2b5j31HOf8Wzd+dfLkiRK8fC7nedR/0OB0JnP8qadXVpUvW7Lo53f8/sCGg5eefcZFF59XWVllJxPJZAqFqK2ugYIDaBMwkG66omz5x+/988FH9u1rPXr6pBNPPr6mprqtPZvIlJE/9aDWKJNOOsmlyM575NFHn3neTqT2t7Ts3rsPLBs8ByShTvNhtwERIzkVsm5p1wOiVRVhcMS0/8NFgIEJhN2sbB++ISGLhWF45/DUIUVfYRUdbDhaK5CLsZYxepT47LcLuoPwsIOIpwcmviVFfLEm6A7dEpeSurpQqZiOQafFQIotgLjjF7pYUGLwGBlRoB3BCLXqHKNur7wpNE6tKkmQaJcYRYwiiCEYP/mYYNEWqiKHOZpkC8aCWqQafEb67UHB1makCBwfgLawyPhU1AyMbGokylJqgmKPF1FKSwGd/DZVT4AJBtQM8UT9Q/CBtFWBfm1aYALpgQc+DOhH/VQnEqG0gEtHDizr35iuX7Xn804qcGTqJc9+EXDgABOot7sAIgRvQlN0VbhSQNIoWXzmCaSYYgQKSKpQZRJBMBBa1SNy5JJhGhM7snv/9eiDSz74uKqx8eIvXVLTULXqi7UtBw7u3b+vre3gF19sqKirhU2bn3rsqRNnn3jkuAkd2U7GmNrkjYCZRIpJMXH0mJ/9/KddXdlkwlbRaiIAkFJ4rhSFgpPL53PZXFk6PWXKUR1d7UCCWVzqPAUScQAOjHOesDm3WDKRsDl3QLpE8194/rGH/sOSqXHjJ1TV1rZ0dWQqqDOfF0IAQMFxhPAEuAXyLM7Rlf369P7et795zqlnnnPWGStWrJIyOP3CtGT96ZT+EkWGzJ8/UkxPBICESJwxvr+lZc2qDQiwf9+Bu373ZwLhuV6munLbps2//Nlt0vPsZPLKr3/5tFlzBg3oN3LUkM9Xrn//jbfczs7Bx8447ugZ+ULOE656iw8iMcYszjhnikaWlWo9uO+v9/5t9aJlzcOHfuXqL9WUle1CfS4kY8jZySfOnXPSca/Pf+Ghfz145MTJV19yRU56goj7/IiIKD135jHH3Prj7zHLJkIpRTaXvfVHtz4/76nxc+b8899/T1iMJHhS2OnUvHlPfHfRYuEJAEAGxDFhJRcuXfr3++532tqOP/vMYaNGrv5ksedJJGpqqAcp12784qmnnn3+6ec2fb4hXVZx3Ilzr/vatafMmeWR/MXvf//QPx9sP9hxzfVf/Z//uaEhU+V6LhGRBEEik0p/uHzpksVLyXPGTxw/dMhAz8mfd+7ZSz75dP7jz/z1j38fNKD/hWecl6go+8MvfvXpx0uB4KILz5s9YyYylB5wVcKHAcNHjjPVizt0QgznBAAJKRJCC7RTxPKOShBtW/YYTywpZmMlJ7F+yS9m8I0VXVBSUgOGzokvz+LRUtAoajkX2gfk7y4ofciN4YbHvDKl9Yt0ayx6DYHaQtD1rCFBdObTHIgJJwAQPEJG1UasQQ/1NcGHIEOFqIp1/PWNxtQGHfjVaEgBA4Q9RpVOSQshFqGmQKIoky5kUioB16RGPF+hYQZaFeNwjH4pUFCBIUBR8BDYEgEtfe+OQt+MwnBvRPOr1Gi4dzvURgEDG7loCcJhNf148wjavhLQYxYDQIkALLAagmJcAFTHTutzUHzlj4AEwZuJGCJTh8ISeR5Q0hoylY8+EdCmgzugZScRQ44kPZSeOtQXpARRUOlCIC80TQCMaQ5q6wLLgcKqc51vjiU8S01BJAoQ8oFv8QIQIGO5LmflZ6sL+eyWTTscz2tpaU3YvKws3Z7LJxLJXXv3f/uWH6MUjJjFLQXcshMgwWLAkIE6IIKIAAQhFdxhI0f89q7fSM/licSJpx3fu1/vsvKKxZ+ueG/BJ4mENXfWzNEjhnJuL12+8p33Psqkk7NPOb5vn965rq5RY8dLIUh4lm137d7670ce+mzNF9OnTL72y5cz8P5x/z8feuTp/Xv2Hdiz77577999oDWdSDLb8qRIWYn+Q3r3aW6uq6mpqqzq169fc2PTyHFjLdsWUqQqMq899eR9f7uvobHe4ixfyOVzDiF5Ba+8ooyAVq3+IpVJf7R42de+/h1ucSBKl2WYel+LlBbnra0ts4+e9vVvf7euucopuARcvS3WQo7IJREDAJu/8crrw0eOq2jok5OEDDdt3bp9z/7eDTWTJoyWLC2owNNJAguRmOiSeQGIIl8YMmb0qCOPmP/gv3b+bd9REyaPHD7c4qy6rqmhT3/JbEAQbj5ZVZXOpMXij9o622w7MXPqpCnHzRWFAngOs5OUz5PnCimJofC88kxi/+Y1995996crVmXSKQ5YUVbGGBPKdCMIxSARJm3bzT3z+NN33/fPgwfbayrLr7nikosvulC4LhIiZxSUXuoawECxgTbrNFcZxh4Wy2ZS4szwWchUGaHEi18IcRFYQlabUdJiYRg2IApOg4usDp2HDYLFxb/GPluxMLPpG5gAfPJ0Fz81g87xwUd1WdTVNl3k4mykKRe6dU5CTRN4B6XH3PMVU90xt7AEmGiNj6kdwyHHPUxtjpiu6n+FW/cuaxS1ksciF3Egxsw0Y9wxAyTUeFptxAkWKp1gYKbZ4T/eDXfFPv/Xl68plD9Lvo2kXETAYKDh5CAAQ5ThV/SzkUrRkzb1MBxoQCvwK2/9CBMCMcmQkyNH1wz82Qk/GF838mev/WreypfJkmgheKjeDEU+u7DQE/OJRCF2xhyZ4ioQD3p9B7ldJQkJwiVIUhUVSwLwdykAoXrP70MPPfzUI/PAYuny8j/97s+//83vW9sOtrW2t7d1OLksuC5aiURZxdKPF7301quTxo7nFiuQa0mLASQT9gdLPnnljTdTyVT/fv2QMNdVAETP8TzpEUhERgSO6zmux22r5WDLH/7wuy1bN593wflXX/VlAHJlgTOmXuzogQBUaUeBJBlgEtibC9/5411/3rF516RjjjlhzvFp2+5CSrIEMmCMA6BtIWPApIUSOaLLPCnEpFHjjhw2IVOeae9q889Ml+qIPqZMLSL19keQJAUIieqdBFIKEurQXvVWOyRgIKRbVp489Yy5OyePSafK3LwDKL5Yt2XDhg39+veeeORExqxsvjB62HAAqCmvrKqqKXR1kedW1VRfcdmVzfV1hXyOWZYnJSFJJATgjCNyAOZ5Mu/kH3vm6SfnPZNMZ0468aRjps/syGbTiTI7mQAgxnkulxOu95WvfmXxkk8Pbt9+++23NfdunjvzWE9I1xOck+e6nueSlLV1db1qG6UUgsBCzGbKwLIASDKZJEizBDEgRBvsZDoJyASAkMQAQRLauHbd+q3r1mFZ5pxzz9y2aycIz3MKgIIxJGT//s/D9//5HwBs0NAhl1562WXXXDyssd++rpZf/Pr3jz30eGdn5zkXXPT9736zOpnJOwWGDBAdcl3plfH0/Pkv7t60DTA9fca02rKq9rbOmnT11VdfvvKz1WsXL/3JD+7MZ739B1sef+iR/MEDE2ccff1Xr62rrXVyOW4xM4zlW41GMQUFK0N/Mc569xeHWlgqawKIOgselxcQ0w7k+4ilVYbpdB2eWilSZ0rohwZ9XMGbgyveyUkGGtHGYTljtxm8iDog3TUCGG/FjmoW8gWnaXYYeEQSdwbWESQjPULElu+u8ohMBACgSEF0U7VUFDpAfwgYPNpdnDeqkmJ4RAwPI2RMwbiKLUR1s2QsICRIwLD+t+6C46BNKjLUMOox6/qXwBgNOwj2fkZHC3rzpRkHQIiR3XgAw2VFwIAKWd4wInPcdYWPHnK3rgLpIbOQMdOIUzPHtEIGACDpu46AiAykJPDfw4EgSQgBDC20K5vs/kdZ40/BmgHoHhC7ljrbv5CSCD2SgpEkIRkQijyrbGQDZ4B0QHrgbzAwLRAtOYpUf6hQ4/o2nI/wp8CW0E31L0FLxi3OGc9nc/+4919lFam2g13IYPv23QkrIQWQI13XqauuGTp4QNKyklYinUwAEXLctnPfFxs2uJ50PZekAOkxJM45QwKU5LjJsgwgkueecdaZZ559hpWufPKxRxctWlxRUXbe2Wcef+JsBuyp+c99sPDjikz6ovPPmzn3uHy2kEwkmI0CpCXpuZdefOWVNzngrGNmlaXT993/r+dfes3m2NDU3NDYMGPmkZny8tra+s1bt739znuM8MZrrznp1FMyZZlkOompMkALwBL5Lsd1AHDv7r3LVq0Ty1aVZ5K2bSGAZVueR/lcwfU8QvQ8cWDfgT2799lJixEjRM91hRCM8Uwq09Z2sH/vPq6QwDiRx5hiLVXIJj3XK7heOpV64snnJk6YcNZlV0J1BXnZ1WvWdnV2WVbib//4z2tvvuMRceBSUK+mulNPP6nf0GFeQbgSGfD8gZYF7398oD1fW1f30LwnXnjxxa9++cpv/fAn2a6O156bv3LlZxa3LNtauWp1e1sulUi+9tbCPS3tnusBs9KZ9MGW1l51VSefdXZdcz8LZVfrnnv+/Jcnn33JtlM5L5fLu07BJcXGIIlI+IEd4skUCffhhx7641/+vmPHroqyzOUXXXj99ddnKsu8bJ5Z3PCOwFzSflF8sCvNXz+GZFNeajfxSv3XLAsMIaHBo5pfizyaIqlIOrpd0gvzWwTAAqEf2+5Q7Gh0f1nhGg17itSmBhJFCz/jpJaY++LjgrGhRn81FWf33lc3Ad1DKn6FrelO9yDZu7tCAmotSABQlKkrCs1GOyrhX4ZSumcE4s8EL0eJhePicA3gBlNGM5FFuj/QZkrf9HDIcJHPWarEqxQyRRdiHKvuroizaiCtovcm55Hy7EGagE1bNRKnDv/xWcYvAgj0fGj/YDj0YN8BACCSynwy23HcyX3H3nH0t8dVDSOgm6Z9qdNpf3vToiy5wJD8F1iB/o+kGaMxZBJoIeKTMVqYYGb2FRyj/lZzvar5BUkIEoCQuG1LoFQifSDb9tyT8/du2Zaqrtu3c9eerVsBiNkWtxNlFWUNTXXV1dW1dbW79uz/YsWKZx578rijZ0094iin0EkkkTgD/v7CD+/+w93keQDSyeYBACSpk/ZAhm4wSUlEPJnkBE42N6D/wMsuuixVlpYkEYAhCQYMUUiRFx5aXJDkyHcd2P/gvx5aufyzmj5958ydPfXICcJ10rZlA7MZ4xYD206lkgyRC7IEkwjASRC5rksuA/LUoKWUJIOENWlCAfg4qlP1PF+LCCFBSiKmrDiUrlcY2Kf/b267QxJ5IF0pLWAPPPTg97/5o6Ejhv/hrt/VZCq2HdjHkQNAKpFKpMs810tlUudfeukVl11UyOVbu9q4ZaczGSEFAwYMGbe4xcGyHc994dU3fvXL36Anxkw9sqWl5bwLLq6sKiNP7tq2g9mpl597/pOPP8p1ddTV1tqWbaXSW9Zv+vY3v3XPffdOH3eER4KkLDiO53hSwisvv7Zx01Yn25lIJW3bltJbunARS5ctX7by6uu/ofK5yDiz+Y7NmwmZOoqJAXLGiGjk8CEzZx9bWVN93JxjH3x0nkTGGWPALMY5suFDBo2eMHbosGFfufaq2UcfnUJ7077tP/3fX8x//DlCPGrWMT+49TvNNQ25bN62LLKQkAQTZZmyT1evfv2N13MdnYPHjp513DGZVDrXnuvo6pg4Ydz/3PjlO+5o2/nFph9890dIUHCcARPH/fAn3xs7bLjIu5xxVSmkizf8KJ3vFuqj5Yv0m16x4T0ic90rw7cHUXMoSfRfCOsY3BChUIJhmBSN/uT3pd3vsPeohaw9oPB+KV0Zxz70L0K5Fg8ExpwQ8g2gUgOK3MBubpb49TAP1Im4wSXUd8wX9UcUZiT8O8VP+g1KXkFcINAWRUU3Jc2JEnHz7nkmIs8pWkkeGUIJxdodPIPXAxeV/KwjMmO/Ytgu+oVKsRiAH/rRVioBQ5TkEbPYoJmpinq2+rXs+iVe+16UDpdk2cQ4U1FINTyV1gMhiAj8vaKqXAiJSHqeJLIsi6Wref2Q1JAjrP7jobo/pKuga7/c8olY+TY5LkvYJArCyQFJ6XmEXqL3+NTsr+GAaZTtAFX6axKIwqkjwzo3aVbCYy8ma+AmqDuhe6s8DwaMAWMMZCZhVVVUdGWzW7Zt9VyZStk2g7qKyoqKqoLrCiGGDxn8qztvq6muBKJMOlFwHCuRePbZF3/40zty+bwnPCIB5IJw2w60H2hpcYULRNJ1yyvK+/TpixIIGQnh5gsAxC0rmUwgsxEhU5ZJJJIuCUmAVpldluEcgQo8mVi2aMkD/35o554DyVTy1TffXPjxwk9XftbS1j575tRLL7to9Ijh06YfmcpkqupqF7737mefLduza19NZaa2Tz9CoHw217J/+44dViLZ3Ks/QwSQiZSVSLDy6tqvX3fN+DGjBImKyvLW1vYnn5z/4SdLWg+0TZ8+9eST5tTV1lfX17rZXK6zkxhzncL+1tYPP/z4o4UfJlMJRJUwR47+ORjq3WJCCgSZSSXa2w5u2rZRkldV0bjswzeeeuqFfa0d5eWZJ597RUrJEDljrivKE9BUV91v5GjhSE/IJLd37t69dOXaFMKsGUeuWrNu497OPftbGbf27917398feOvjZY2ZFGc8kbKJIOvmn37uhfnPv4DALJtbFm9r7Rw5pH//fn2OPXuYbN/377///b4HH3cllNtWtkswjsxiAIAgNfsQAKTKylIJ6/GHHv3pHb/p7MxVlGcuv+Dcm266oaK6ys3lmGUhgDItlGQJNFPofcaYM77wS6gJg6O1pPMldSC4DT72YVIJHWiKsxBivEzSiAlGFWUgKcx7h5fwC8BaJkwj1BfV6DrtWqyqzVRYaNMXIaTqPsKmoc0QFp8EqGPMnvBJaypKio0zSEyD9idiP5XCJ/wabxzkJ82EZjy5CSUhRHKwYbQg8CaMB6NwulPMoSg0vKh4GNgYYUCaeIVtSZyN5EEws3HimFo7alPEpyNaJmtyMRlom2MsnpqSV8myJp8k6HujRFIqzy7QFRHN7A9QShmQyG+r39gQ3jXf6QIqgwLAACUB17cJAIGjJbLOrJFTvzfzhnHJISCAgHpV9r5w6lnL965v69hjM8uHKX1+V/l/P9NKpF5YGmGbWMxVM7Y//TpeEMyb5jA1BUSIAgjVm2UkJTJpIbyObGc6UzZ52pEHOzv6D+hXV1tXV19XW1dXXVVVXVlVWVNdVVFeXl0xeOiQRx58/Lbv/2jZx4uWrVo25YjJkqQnBYKUYGVSKTuZsMrS06ZPaaht6OrqktKTRFKojCKq6JnNrXS6bOeOHSuWLduzfTsCdx03XZ5RcyWJmJTJTHrdpi2fLPxUOrBj2/aNW7Y0NTZuWLfOaW+de8Lxl190USaRbMu2q1FwIvIESMmRW4wRCJ1mQEIBjCEnRCIplIOpX9Ko/idD55+kkFJIz/NcACE8IaU6NUmqmnWbczdfWLdlCzmADAsFx3XcLi+3fv0XqURq1Werf/6/d9ZUV639Ym1dXf3P7/g5EuScHEioqqs/88zTa5Pp91d8+sMf/WDo8JHf+953mht65Z0sTzCO6h2h6En5wYKFezdtHTFp8v/+/H/ff+fd39x+RyKR8DzgyRRLJ7dv3rj1i8+lFIzhkbOOP/Hk4x++976uXN51PEDpSMfiHC0CixHn61Z9tn7pIgAAzkEIAmTpMrKsPdt3PP/Yw4CAyQySBIbcTpOUSMxC7q8C4U0aO+b3v7tTAvRvbGIgkAMicmQckEm47OKLjz/++KbGhrpMFQK8/cmCX/7it++/816ivFpISiaT5XYyxexOcAVJIpAggUhy+McDD25e+wVIOPm04wf27Zcr5CVJBOISrvvSl/fsP/i7X9+V6+hK2ra0+VdvuO70OcdL4TlC2MwKXE0AkqEZbiqNyBXES819NVoTG0KmO7Hit49olvApBH3IZ+y+jhCX8mcMOQzmI7FOi2PMhiUQkcOBYEYdjoqVk5rOZ1FHZMToIuhFBmWgEmwM8aVKcD559EkAg76xoekGodKMKl1D0ftIR7AwqUoUU98lPwdqESBK96CZ4ceaPwdaFaPmRkTJRmlLRV8xGk0w7QfTFAptGvMddua+oWKco1fMBuj5IrXxU0H3bSy/FpUZ4XljzJGOguFApCUyBCIBgmHDqOTMgYkxO7yWbTLXAu073V1rnJZd4BRIOEiCVGRPCBCCpDpfHlWmFBm3Khvs6mZhpezaAcmRx2Kv0ZCuApYgT6Jz0F37prP4BdmxT3ImIcGqqqxe1VZZA1bU8frBVt8jWU1fyuWAESIHIACGQXgKTEvUtNQjhRJqSKbciKydYOWFqWlTovgVNOTJ5qbmn9/6o5qaGp6wHn7ksTffeOeIyVMvu/hiT8gpM6a88sbrAFBZXTVmzAhKZcjpUsYKS1UPHzLY82S+kJeeJCEY57t27vzzn/+6dOkKYphMJnNduckTR936kx9kqmuISL26WRAkLCuZStmpBGOYTqUYgsW4nbDtZJIJwRmCJ1DKjV+sb9nXUl2WlMiXL/ss5xakoOqysksvPG/MhHHMkw19eiOzebKsvqaxsrxih9y3esOm5oUf7Nl/YN26LzZ88cWHH3w0ZszI226/o3ffPiBBkPCEyCSSxxw9beKUI3NdXV0dbQsfeWLFqlX7DuwfOWTot26+YeYJJwmSjNy3X3ntwO6Ds0+c23voyHx7a1fHwQ8WfOh5AhHUgYigBJokhgReIZfNOZ7I513How/eW3zB5dsHj2zMZjtHDB3Yf0DfsvJMIZv3XEdI2rP/4Lp165vra5t69QYpRT5HAAnhLV30yfI1nx85fuys6Udt2rIFgFKpNBA2NDSdeerJvZubkonE5s3bNmzZxkgO6tOnqaGeWVxPN8t2ZPv2biqvqYbcgUf++c+77vn73v0tNVUVCdvyXE96giFKSV5QOyV8Gfi3f/zrxRde2bPvQH1tzeUXnPOtb91c09jgdmUZY9o9C/lS+4+GtRem6wjM2lGMcFz3hTlxj6zoSS0LKJYY1MEZNY5o7WjpasSYDV7UpDgP152pH1zdnD+EcZFUSuRRUbuof9Xj+xv/u0uPtnQyWpubyiswy6iwaJMhdEfceFclhmd22VMOs9TcQHBoVzHDHOpC//y3uCNdIsJb1GnoMZYwNkpfkeB6iDzoMlUfXsknQyHfDRlK9PVfM0a4YhGZOs8WAVRhBJLUpprPDMwnuv+Uyo8Zhi0hqhJZGWRYlYOqChfMHCsRgQTUq5mhBXn35FFHf2/mDYMSfQtuAYiSieSmg5v+/s68bV37WIKRIP+gXQSQQP6ZR/ofUDWoGK7/KDEiNPRdYQgSnuS7o759KEAgoERgjFdkyl9+7+2HH368K5sFpH8+9OCA/n3/+Ivfbf/BrpRtp5NpjhYiYyplSCBI5NyCJfmc2cduvfFrnuMeM22GSzkiQUiCuAQpgZxstqap+frrrz9h5uwDuQOg/Xn1BnBJRFJKSRXVNR+8+8EPv/N9lWUl34JlKhRRVlaxdv2GX/3mD6+//FpNbfXOXbvuvu/eL115xWlnnj5h8sSvX/fViSNHHXQ6LNsmIgaQTKerm+sGWjh0yCDLsoQluc0ECo6IxJCB5FKoGi8hSaqspl9ErdKbUoIU0hUeMu560vFcAEmMfEuCEAiQIG2ndrfs+/mdv1u39ouKskyuUMjl8q7r5Nq6uM0P7N/3r7/dg4COFP0HD5l93Ny9+/d+tvhTnrEPtuxftnL5mXPmHmg58OHrH6xf+fnlF10yqLG/KzABloueZTHGsCyTOu20E7xCdtK4CXOPntHYUFXbWJ22U9t27nriyaf3bNt+7EknnH7WmU4+l6nITJ82LZO2kzY7+YSTj55yZN4ryAQJLolRrr0L8p2TZs265trLGVgd7e2u4+xraX3u2ee3btgybPyYSy+7JJ1KCSE6OztcEksXL3n/tTeyXZ1CSgZoM0sKmQQY2NjXBce2GDDgtg3IGDKb206hUJ4qq+xfwZi1Yv26+c+/+PCDj+7cvDVRXj5i+JBNm7e8+/Y73/72Lbfdcev4IaPyoiCZ9ISoSJU/8OTjzz4zP9veMXTCqAsvOKuisiyfz/EUr03WbN+746Enn3zp5VcL2ZyU0nU9lrBffOFlLsRJx88dNXAY5ywvXQKVHSGmdtlo90+XAkS9qTBlFRUqenH7ZfKodvwGS757yVJ8cnjRM0SEPaiGoP//VqwFWkd/LdITphvaLcKH6kX55j3qrwhO/6WuMnsplZyMYNt9KtLvWEnk/zPj4XDHGDrMYDqfPox41yU4xHA+I/cPhU63+42L83Yqc15qMigaGcCwPifo5BBm42FMcJAIVRABEEgCWBXYPM7ucwQwRrlW3rYj5TpIgtxOcHPkFUAKEi4IobAkteGCcbTSkGnkNX0gmQGWACsJJMl1kLmoXk7SbwxLl0vyMJlkyQosq4VkLaZqwEoAIuWzlM9r5xPUiyX0nKF5ameoK9XbA4wkZkiOnuy8gMRBVZ1vMgAgIZN5p1f/fheOG81QOoK/8977XXln1OjRp176JfC6PLfQ1dWZSCQ2bd72hz/d63r5ro4u27YYWNVVZes3bLa4hcCA+cHu1oMH33rrnc3b9pSVZVxBrQfbevdqFsi2bthwoLWturp6246dAORJsWnr9solSwFg3RcbhOdCKtHS2rpm6Uf79u9vqK8fMWYMt5IzZx93V1Oj4zoE7KOFH//n0Xn79++/+IKzTzzhOAbSI9G5v7O9o2P/vv2LFy1qae8ixu//13/+eu8/s9lcNuckbCtbcMvKygq5HGMIUnR1dnJknDMktmv7jmeeffG9Dz9cumRZS0vr5Inj/vf73xk7YdyWjWsWLFi88KMPXn7pLa+Q/UXCPq93X9fJHzzQms3lXU/48hoJgCkDBhGg0JXNdkjhDh7Qp7W9bflnq9as+HTwyJHTjj5mypSpaHEk4eSznGjThk13/vaPC5csP/P4Y4eNGgGeg24uXV65d9/O115/u70jN3rk0D2tB7bs2A4AjsCd29YDskuv+tL13/xGrqPjrt/+buXa1f369PnON244bs6sgptHAoaM2bYQaCfsqsaGtv0HPvpo8fpte/vVV59/zhk5x/nXv+dZnDNmSQACJGJEJEGkGaxYuXrpshVdXZ211TXXXnnpzTfdUF5d7XZ1qTN+MZQkahl249SVdK0g3jziwhxq2ZpCFnzRFH1C44PBiX7/lxdFkCy9B7DoskwJ6wu9YCt6EfxQUpdM1vkaNLxZSnMgxIKpJhyD7oEXFC841i0p2IYbZOGiB/8YLuihnS7zKQro6EcIom+8KPkS7SjyRVHWMIQWpLPMzHDg+aCu9Q3wCXo0XdB4AVI0TkkabcSwgrMbFR7oXSrdLCKsyXdBQzFcpMwO7dyCOVgTeM8PlsIJdV6dgdrpTlIC6nylf0kdA1H/k0KC9CfV/wGBkPxdmogEgoAQGahK2WC4EgCIKYtIEjLudnadOnHuLTNvGmj1Kji5gvBsy96e3XPnu/e9v2uJTAIiAwn+/jU1h0wd3a2cT4W98p/DaQ2oEZbFBbZ3sVUaWj+AiJIEB26n+ENPPf3r3971+eq1/Qb0y2TSLzz97Ia16266+cbj58yuTFciMURGatEgI5BAmLJTADCkz4Cff/8WhliQhXzOQcY84Se4pBDCkxa3LcYZQNpKJ6yEb9dLIpIEUggquG6GJ5KJBKr4IlMnXDAEsIDZCf7uBwt+eftvF7z9TkOv5lFjRu/bvXv+E09tWL9p7pw5Z5x+Rk199YF8p2XZQARInV5u4ICBv7j9zq5cvm+fPhs2bHIcx/EKdoL379cnmUgIFMCBgKSUQggCUAk5NToC8kgwwIydlNxOJBJZ6JKeGxBNtQFQFhYWCs6OzTu2rNlU0VBjJSzGuSQEzqWA6vqayUfN7du3T3Nzb/Bo3iOPvf3O27KQz5RXdOze+Y/7/nnszJmFfBYA7MqKyuoa8ohLDoSS/KrodCJ13NHHHjd1umVxADFhxJjJIyZwgF0d+9575/09m7dOOmr616+4UgiXADySDjk/v+3WMjtT8BwPhGCSUNoJ65hZM6pqK6fOOPqUk09qKK8RRBbyllzXyhWfbV6zfuCAQV//6rUVybQAcklIoA8//mjE8BED+/erqigTIBkwhswDFMJTp2OqF7lJCQLIhoSdtATRxh3bnnzhhflPzP9i3cZCwa1ubLjoogsuuei8px9/8t77H3jxhZf2Hzhwx69/evQRUx3PyyTS737y4W9++bsDuw9YFWVXX3P52GGjbM4hmd61Z8/TC158/LGnFy9amuvoANseNXEc43zLhs1LFixe/vGyJx57+pyzTj/j7FMGDRiSZklXOgKEBFBncwXGeEkdqU1Kszg9XEHKg2UYWuElAoNRiWreDIwHfx+Y8VopDPqORvnUwxT18dDEkkL0ogvZuF9KVBf7HyXDkWYpjA7CaHkYvA7Z0IihotRA/b+hSxbG6vwHilVJJE8UIU5AUIgoet1jmGsNFWvUoYpEkGOKL+b7hUMwjZCYUjNzmwGeJmLG2UKmr17S1Q9uxlAqUqNRp6foKplWjdmfwTTo9CoF9kJJviZCv/4WUb2P0TcifDB6KzICAGFskgOs9YYQXePn44hAJIV0CTyByMHKWM1jgSdDC0aFBKUHqiyF/MwRKl9OCCIBACAIvDxxHUOWjHgZ63MkGzATkAERkQDPAydPXgEKWQKBoN63wnyeRkTwX+OtTUtzF0sYsPGDyhiOkUKxEZJbKwR/PnzDS/8ULmkJLJlYt3TpXX/5x+QJY2+44TrPFQzQtlMAhY7WllQykU6k0+nktq3bbvvFb4WUmUSCccspOFIKBCx4Xldnp3BcIJIk65uarrz68h3b9pRVlL33wcIPFy5JlZV/sXHHbT+9beeuPdU11S2tBwsu7dnbfs8991dUpD3pHWztzBU8T3b95a/3AsnW1pZJE8fddvsd/YePbuzTt6lPX0mU3b/z3Xff3be/5chxY66+8tLa5l7M4m+/8vo999zfcrD1YFt7Z3sXco7IWw922gleV1s9tKJy3MSxzdX1w0aPqm9sEFJwATNmHpPJVA4fMTLnebf8+NZXX3vfFTKZtMsy5W6eHn32pU1/vGfb9m1bN+5IpRLV5ZWNzb3q6+q5ZZVX1J5/2UUNTY0jRoyoqKgEz2G+JYNSkm2x1gMt+/Ye6HRhzpxjcx1d9z7wyL/+8eCY0aMHjh0vXQmEwnVZImUnUkuXPvX+wo/LbZxz3LH1TQ0i1wUkbdtat+qzRUuWIcC7CxYuWb78wMHOqnTqtTfe/OC9dyrKUt//wXfmnv2lbGvbjl272judpsbmYSOHVfVqzLd3AjEk4KkES6SIwMk6VfWN51109rLPlh8xYfI3brz+P4/MK4A6Il9KIUgIZJzZSSICBgKgvSvXUFv3zRu+ct1Xrk5l0l42jxbXqwq0NYoIupINIQjOUWTRBUs44FdTFEUFmubekCf1vutonAuBggqwSC8m0KgDWOR5xeWn8XygkqgEnPCniPSNFIxYRTosOtboRYHsMmBGnMxodBOLnvXXc+xmAEeTPsjwAIQOmw9VlwPFzJHu0r7gq5hDxIljKdM4oKLQJoJ21kt5v6GDBhG+KsYthm8PSBZrfSPYAKHXaiJx2KHxInJGcA4RNe08IwRQEt3QxInehh4n67AR9i0hFmZAyVxnFNqmoDKPRCT9Q/MACJBAqnUM+ihCBmr7KAiZK2QtYFYyAwAkCdCXBYQEQMi5zLknTZzzvZlf72c1OV5BAiXsRKts/9V797279SOWUmW3EoLjPKV/Fi1yZIxxZBy4IgYLKKSL62IU09pPoxquQn856KJKyYADx9//+Z6//Okfe3btHTRk0Le+/Y3hwwf98e6733zl9ZtuvHnosOHDhw+rqqpOJVOphM0YYwyJSAIIQZ50PdeRQrYeOLB7356rr7virJPPKLTnGTACEFIy22ppabn7r/c+9sQzwnU4QyQkQSQ9hUAhn8/m80KKAy0H9u7aAwCCiKkDZ4mlk5n3Plhwyw9u/eyjT9I1taeefea3v3XTiuXLf/P7P65ft27D+i/+858He/Vu6tOrubqy2k5YnFtCCNdzC04hly84jiMct6uzq6299aRTT/zhD79ngyX9t8b5b4AB8r09CQQoBUhusZ279ix47+PWAwc5Zzt37V657DOApOM4jDFSATeGQOiSV11ddeXVl+09dX9NfW0mnamoqLST9jtvvTPvkSfrezV+/wffPmrUpHXbN9977z3vf/CeyBVmzj1u/Oix//jb33Z8/vnll15uWwwAmpqb+vTtJYS0OFdvp+GcMYtn0qkEMlcSSlDBHJccj5P0PIkSGBPodJHjOTmUiAyIi2TCKsgc+NsgQRClMqkbbvxygicBQErqKuSZBIeBlF4ikUTLEig7Czm0QUrigBzZsUdNPX7qMcQIgmO2EBhjwLkFFmO2bdkMuUfCdZ0D2ZYXXnp16bJlCz9atOaztZ7j2GVl444Yf/WVl51/xukZKzns+9+prqm46+77Fi1adMNXv/HDH3zv1FNPeueD93/ww59t2rQVGF5y0bmXXXhJl5Od//SLyz5dsWTxsjUrV7lZxy4vq2xsOP3Uk2644aupdOKxR+Y9/uT8vbv2rl3z+S/WrHnyqadHjhh52hmnnnbSiZl0quA5DEGGCiO6Gdq4wnJCQ2uEUkDJiWC5HFKwRASaL+lMh8oAHGlHpqqNNTYqSmKeZ2n5SQAMgsJaIpU6MqDF4o/Rvnxp7p/cbW5mwYAiqmng1HUnhGO2TywGbw7DbBahQxFkKn42aGMOR98vqSwo+qaccAhKE0QdztBRi0fMS3uJ2F2DbmhuImkSM2TYyLgiqjNMFER1sNlRSZ4J/GIDLhjzG6waFoYuTNIHS0IlR6J7IiMDiMRutE5lDPy9bRKAQIAULlCnAqjikUiSpEApiCQoxeqjhDqK4e+iBGJ67BIESS8HmCdAVdSCIJEEAiEPig+CgAoCgO+CmsQgiN0wp0MPhNAws8PECkZZOfJFueREKqyM9qYNWx557Ok9u3ZddcUVnhSMs7fefmfLl7a0th645vJLUILnuo0NDeceO33f3gNrPl/v5AsDxwwfMWJEOp0SJAb17dW/fy8iQSRr6+q+csP1qh7p4I9++v6CxQXHbTnQsnHTll17D1jb93KbSwmOzO/as6ulxQJk+YLreQKIvli/gSEKIXbv2lfIFwBBOg5abN/2nff+7d4HHnq8qjxz1VVfGjpi+LpVq8sqMk/Pe+Lt9xZWlyebGuv7Dx/U0tG1Z8++Ps0NP/j+dyaMG2vbiaRtd3Z2JCvSmfI0MBRSTpk+84ip05Mp665f/fKll952XVFbV+O6HiEuX7NuwZJPJcnairL+vXrNmX309GlH7Ni+dfv2HQd27mjuP2Dy1BkTjzgSkHErKVyHAyMCCSgJIGFv37Zt9979ANB/QL8jJ45/7+NF777/4QvPPnttv76pdLmTy3lOPl1ZuX3jxmeef3Xjjv0nTj9i8oyZYCfdziwwDgxynZ0cqLE6A9LtaO8kgoSd6OzoEhavqagGSAHAti0bt+zYWVlZ0ZnLPf3MC+++/UFXrqvgeo7jSSn69Wo6+bRT+g8Y6BZyU6dN/+Ovbq/r3buxd3NXZwcHYJwDIAdZlrGZyL391lsLPl5qcZs8d3C/Xt++8forvnQpIIh8Di0rtNMQ/VPPURua/uoplp06zWCsUr26zbXv/3Qom5lMr9YPQ0afCbpTUhGNqGLJrFK3dn5M2xY7EqFrSLEPUFx/e0hfIPZ7aUKUDAEGyChXISoPtfJQN+MwAxmtHetuLBHV+L8tSSp+UGs+KlY/4UmMflz5EIk7QzuYG3W6w7DYYesZYwgCcqH4NKBFJyII3oftSyMcaiFzgKFzZGBpVjuXQC9+o8SdOCsc5gyqda3IqgNMpNOD5JfMqMUgVXEoEKriW5BaTYP2P3UsFZCoy6kvr7pg9lVrtq19e/kCzCQAkaQ+9lYSMhTtXSdPmvv9aTf0t5rzbl4KkeCJDl74zTv3v7juTUigUlLKp/VHp7xMjsiRK9sf9V7SIPoQSg09s6VZwadYXDgR2czq7Ox89/2FezZu6T106I9/esvF55yT4XbvpoZ7+/d/5bW31qxavXLJpySEn/fTZyOBBE0aYMCkW2jq09f66rUWWDmPLM7AA8d1AaC9o+2Nl19yHQcIpBBSSpISZDAGxTKSWXYinQHLZqjekqoOugMnX/CEC6n0RZdf+tMf3zKgsdfwQYOHDBn4+BNPf/DRok0bt25cv2HdytUgJREgZ4CAjKmcMQmBxAr5bCadaqhtqklVd+Y7LGahBAQmBRHpPCyAR4IDc6VXjmVuzrv//gc/+WBRXVODU3ActwAJe2D/vtXVla7rIEdixAA9Ieqra6+/+ipECwEQuAXME+7B/bsf+VfBdQrgCQ7yk4Uf3vfXe2VeHHnszFtu+f7IwUMJ3bvu/M3ujZuEEMlU6qQTTq6urCm0523OwH/VMAMizi0LrLxLSGRxZBwZoAWcgUqCYzqVSiJnaAGAJOGBFCCQ6SMPNIGBYwEKCIwDT6LFEJFDXnqJlIVEjAG3GTI/yKL+k+QhoXojrDrpFxkwYIwYArO4xRgjQAtZV2fbX+65Z/lHnwKiVV42aszo088+7fQzTx4/aITrutlCliO/+cabyssrbv/1XetWff7RR5/MnnVMV1culbRdxznp+Lnf+/63Guprtu/e8dIrr746/zWQwNN2Ta+GyZMnnHXmmWeddUpddbVF1o++/92jj5729JPPLl66bPfuvRs3bF2xbNXA/gPPOuFk7i9NZOG+6ZhRGDe8u5EYFFHGRXa8lpAKQuzHHsBGRGvcoSrl7YRStBvlaPiNAADGbrZixEskACOQw3uxIwAihTwRZ7LIUYx5nj1c3VIqmrE0kYwNphhiia8mBD/cGHdBiwBH72tnPgIz+pQ/cUUM0VPwt8gHDomJpiMYjCs2JSWczwD/SCbhsK6gPRLqZB/T+X8MHSrD34xhq/Z46DNkMcDLLxNF5p/LiX5E1gcWZG38F96oATMGDFAiUHAMUpBj8I1ydYgdIAZnyvsxBNBOMpF22lXONmDOqAgwSBoIDNSKvcir9BEJdS9ESR2xEFQIibQRRCCJgMBzGUI6bZVVVJA6Oo3R5k0bP1+1Ghg75ojJmerafM4ZMXTQb35xZ84pfP/7t7z44uvHzDj3+z+6SaK1Z8vu51965bM1a6dOnyoJhechSQ6e57mtB1o8IEEwcuzYH936g9bWAyDYiy+8/NHS5UcdOf7ii85rbGgETyxYuHDeE8+m06kLLzxn2NDBuZzTq7m5T79+4GS5zd1c29NPP/HQvKeyWWfo4AG7du+98xe/fuONd46eMnnqjGmjJoxvamocPmRwr6bGBx5++IEHHvOEGDZq2NBJM9r2bP3lHbc/9cxzU46a+Ovf/b53/8HZjiyoExY8d9q0KT+65eaUnawsL3/z3Q9efet9hnJw/969GxuOmzVzxpSjRo8bWVVR8Y/7H7jn7//58MOPv/HN68ccMU0ISwIjhjYDUDraZzVcvmzF5q3bqxgmrMSYmbNnTDlyzerVj8x7evLkSTNOOgHBYRyRwSuvvfrhkmUM4OQT5gweOiTflZfEGKLM5iZOnvSrO37acvBgOpNElnj48flPP/vScUcfefUVlw4cNKDfqHEi3/LGqy8vW7EKJF+jhvqMAAEAAElEQVS3ftOnn61BgKTF1fsB2rO5Qb0bhw4ZOGDkcHdfazqRnDRtqmXbnZ1ZIGEBMGRgcbuqrG3H5w88/Pgjjz3V3taRSqdrayq/e/P1V33psoLjoecxiyu7BRgj0JVtAYsGrKW5OmK/deO1+f9ofzGa0zPDW1E/MHpReJBW5GFCfSReSSezWLGZd0ubpmi0wWAVxXyfoCMrTN/FtuiH0A2VUSSGTVdBOxLdeqShXxc8Hqs7MWAaFTJKXiqNU8pGOLyr57ClCTk2z6Ya0yJK5SP0acVFlah6UMZ9PRG+Iw3ha3xiCETcRYrcibcJiBl1PgMCxqFpKJGR6p99YKFuCoZsnMIfwvBPqUQ/NxA/VajYMDJ/heILI78ecmY1gojKSoUI8ynGV68DJKDgHdikyRUk231NJ/1yHnRlU1nNd0++4cSBc/aPaavAzPOr3qKExdBPMzJEL5efNWbm92Z+fWCit/A8khKRdWLhjjf/On/5i5ixgmo9fXygei0IASBwYFwdNIqIwJERBMrVP0YlKHD272mUg1CN+senlh4YAVnMznv5hqrGa664dM3aL7567TWXn3uOBGpzO0cOGv6rn99+/XWb3nr7nQ8WfLhn1z4pJBEBkbInSAKBRCC0LGZZTt45bs4xkyaMz3sFskGCFCCdQiHb3tq/38DzL71o4KABruuQ8vaQEJAhWrbNLKY82s/Xfv78/Oe3rF0nPQ8kcc4ZR+GJObNmfefbN3/0yZLrrvrywMZerfmOlJ04atyR40aPXbth/ccLF23ZtDWXzUnhCSGQM9uyecJKWLadsDm3EFG4XmNTw9y5xxEQ51xngKGrkCW3ACCllADgMQHIJZIDXn1N7eQjxq1Zs662tiKbzbqudeopx3/vuzdzhDwKxtQRUAwQJYCUAkBwYCQdYXHHdXId2VQqVVdTn8mUcbDGjBp75JFTDxxs++53vzV14sQu1/nG/9xE0n30kSeEoBkzZ1x86bmu64JNhGhxJkl0dnRYtpVKJgCAMWSBpYcIgAyAA1gJnrK4sv3QD60EtqxexYDgJ2sRCZlqxohzTgW3q6sDmFTnD/tePwCBVJttwFgaAAAMEZARY4DZXA4ttC30hNe/cegZJ56wdcvOEcOHX3HlZbOPmda3ua+HIu85jNCyuEue58orrrrMFe7KteuvvPayupqqc049vaGxZt6T8y86/9zB/Qfk3FyfXn2+fu2XD+w74OS8Y2cffcz0aZOOmtC7rplIep4nUVjcOn3OycfOOGbTti1LFi+d9+jjfXr3v+66q8vKynJujjEMWdxwE8KFEOjf0mrSH67/9mKzgekuGS5fVG/7RI+6Eod2R0NnI5CnpSqHycg9KnYFCE+j0eWyWmtgqa+xcXYjMM1XGftjjI4gFnX17QBf4Psjio0c45QqtSGl2K+LkkhjUzSEQGEFHZo2g7/hPTjhNOKC6iHHDw2C4omLQvDhl1SR0XkvbTDEfOwoP6I+viGqeaP06S7QaGyiiRmIgUFCvvw3QahoKcZwQeP/qpW/flC/pQFDZgvTh+RnO0PzMJKNl4DMt3AxBKq7QiXOAh8wFGUIEFYHmfTUVlPoriv3lXQBuSEQA6TCeYnb6KC1aYy0+nnUCjXiD6BJKHPspChFKEmS9KQEQOl5nANnzHG8CUdPvPj8czqy+cmTJi7+5JNEgqOFEqi2T5+Ro0Y8/tSLK1at7jzY4RTcH//s9vkvvH7K3GkPHHEkTySQpG/qCuEJYSFPJhI1NVXnXHi+lSjbv3XTCy+/LIU3d9Zxl1/9FZ5IMo6ZivSzzz5flkycc8YZ42YeIz0HEMl1PQldba2PPvbIfx6c15XNZ8rS27ftuvvu+zq7Ol3HHTtiyFlnnVbfp48gRoyn0hVHrVs7f/6Lew4c2Lptx/ij2OerV7342ttbtu876cTmTFmNf84GCOCEJMeNGdtQVbth/frFKz5d+flaku4Zp8w++7STB/ft32dAb88VdjpxsL1z87Zdu/e37n3vo/Zc57dvuvmoOScykOAKYJY6+lYIYaeS3sHWRYuW7Nm3f8TwYcOHDwdInXTKqW++896qNesffeypwSOHNTfV2+mylZ+ufPLpF7fvbZ05ceyck+YmMslsa7sKS0vHq6lvPPbkkzwny5O2mxevv/VenqCqrPyoY2fW1deKguN05ctS6VGDBzY1N9bU1RQckUxncl0dy1au3r57HxAcM+2I8eMnULaLA4CU5LlgWZwBR67YWDri47ff/8Ndf/7wo6WuK8rKy9rb2+urKocNGwapjOg8YFuWsvrQssCydNwUfZY0xKh/WK1vfkbFp6GNwLS9fZ6OSgks5mqtLkOBqW6VqEPxhY65WvS6CveJFDulxWE+Q2YHd0CHsUyw4SMarFXsO5mR0MPJRJXUfMpkjv0UiJMACwhchSJooaCHElQ+JEqHQLsowFmiSUQYYfS25iYw3Xz9Oxh7NXqEXjy7GJtJ4yJjVrQQLu189tBtHCaYLPjfUNlfNxF1GKE5luJ49eT/owsD5LWCDwwWs3uKfCCOnExjXAUQEAmICSpPV/zk1O8c12u654k6XvHj075ZXlHx8ML5ZNkswQjBzeaOHXPUj467qX+6l+M6yofoYs4db97z7LKXMM1IIDEV0CUg0Kcf+aFbQGLcYowzAA5M6PeDa+eTYjOBxWs3HD0Za9//wywr7xWOO/7Y+xr+MGbISGLkuI6NluM5jHBU/5FDrhp8zvlndXR1OY4rpZRSBgGRwPhAjpzx8kxZeVmmIAtkS5ckIpsxffrXvn3z4IGDLjz77Ob6poIoYGARSNKHKyER2dzetXfXmHGjNm/cesSRkzJlaQSZtm0ASnD7rNNOmzt3dl1lfUF6KW5zAtctJNCaNHTc+KFjCuS45ICWH4whVwF89Q1Q1Wx5KDxyLW6RJLKkI50Z06f+84mHObcmThrTJTrRRsEEITiemyhLXPOVLx1/4omAKIRTUV42YuiQuqrqLplFyzwCioG/ZYpzlS0kYMnEaWecMmzkyJqa6oF9e+UpP2LYkLvv+V02nxsxbFiX1yWJ0hWp73zvu+dccE4+5/Tt17ehrt6BAreZIEJwM5nk9ddfd8lllwwdNFCCsBK2Mr0IlWfoVVRU/ugnPzjQ0jZp4niPPGLqHC1CREa+6UZRUannm8iWAhCZzKSTN9309QvOv6B/v36ZRAKkBPXqH2UcIynqKR70Q0cMOXAXvLPPOnP0qFG1dTUNjXUCvMuuuvyomdMHDRk4tHmIkJ4rXA8FIXhcqMiTREcSv+KqSx0pyxMpR7qO8CZPmjRi9IiyZFkBCpKRJ7wjph7x85//JJUpGz10eCaVElI4osCQc845MpKQL+STzJ4wZPTYoaNmzJiaSCaam5oK0tEGrmZvPJRoKvo9tC5RK+DDfVAvh1CvKilbwtXpHh/TuqViJVt8BT5n6Hz+n1499RX6dCXOSvClZuCbRbVbkd1BFLheoelx6FN//s9GFre1unFBA3xK1oyVnDsfQjQyfsinemrQY463p5opNI74M4HraSg1qJIVzr65i0EqFgGYOgsh5neZzmLxRGMI0vD4MByTVq1g/usD1lYsCwYdQonGGoxeSIdMVAVQxArTtmC3HHQo7gsxNlzb7loWGUUUYEiqDopIEkmpSodUVlTSqBHDz73qK04+j8J55723EIAEuUIwbo8cNqimMrNq1br7H5i3c+e+5196HQlGjZ1scYuEYCjVIYhSyELedUkCgOvk7CR6heyjTzz1yZIVQwYNnHnssS5Zna1tZSk735UnCY5byOdynityXS7jjAPZSXvnjh1PPvnUylWf23aitrpiwNBe5ZnyAQP7D+w/ZNYx0yqr64Qjcx4UHMEg17d3v8ba2m3bd7333of9ejU/9sQTW7fvOnb6Uddce3VlQ1M+V5CCUmWpzes+f/yxxzdv3rxh0+bVn29yye3oyNdUlCHhuvUbPv54cXtndu++g4xL13PWrvlCCo8nE+8uWJzN/eaHbn7m8XPRTglBxDghkpS2nV66csXylWudnDtlyuS+Q0YCwLSjjz1hzqx9B/Y/89wr9bW1N33/2zb37rnnvoWffFpm8YvPO2PsmNGio9OSHlocAYAzQAAhQRADmyG6ngsA7bn8tg1fvPXqpn27d5134YVf/ur1p5x6WnVVZbo8k89nK8tS7y5YtObnv97Xtun4KZO+/j9fa+jb7LR3cosjCmCA3HcPJUCmLL3u8zVPPv38a28t6N+nvu/gAdl8obVlv2VZiByAE1pEiCSRs3xXl+MUKurqeCIpXY/U1muVCgEK1iuGERkKxVtRZKVnjaMFtlGpabb1Y0jKdooB6UYnBq6nGUnq8epmBUU7NIZojsgKXBADd19oYZF73V2aK04gLSND1z4aIYy4Pd3HEUPUwWxIZssIYY30avG0mTnDwGeLJW/j3m/spv4N1BsbfJ0AgeGusAsqakzkA8ZCfYRPkdtv9OK/HjPcEGtQo4SqC5SSScDYWLorUgLjV4OPgwPfECCu80LPU4f3takScdPBYI+irGY4ZyWB97xLShnURrSFwqRhdEkr008NRMGoSGcsxhH1uBBCX5qQWaypoU+C257rSaBqq+x7c25Axh/94Blm23mncOSQsbfM/p8h6T5SeEJ6HK0cd29/4y9PLH3ezthMMlTln0zXIKmqHbXEkAjJ5naKJxWmzN89U8QwgQY3FHDM4Q8iHcE+IOVde8JN28ljpkwhgJxXYIiSJAMGEgvksAT2qmxqrgyNAQmkUmaSSJIgkgQASB4JAR4AIUcJ4Er3mGnTZk2diQwEiJzIAqIkVdCsjpGVAbe6nltbU3Pp+RdbaEmQgkkispmteC2TzpSnMwBI5DFkBMAASZIrXWJkcWZhSu+JLWlOkCABUjJFZbUJiWT/5j5DzhkoiQpUKEiXOBJIXw4wHNpv0Kh+wxQvEUiXnBwVGGcEgKSqezmhSqVrl95PneGwvoNG9R0qQeSl5woPOQ3s25+QHBJq4ymBtBPW6BFjEFGiECT8hDmiBEonUrOnzLSAS5AueSqiqpe3JALbsk4+ei4AFiDvSsc/Ll3JsWAPeSixAs2BgEAMEEEApROpU46eg8AFeHmZFyAUS0gEAknI1FlYqLIV5AsiZEggJw4dPXnoOAAogCNADmjqP6hpgAvC8QrogTo91kMpGRFIQgmIJAWzeAYSHnl+HhagIl3mkUBExphHbtK2px1xJAPmgJsVOYbMYspYQPJXPgKhIxywcMSAoQTkSM+UtoGNHHpBYVxSyRbwM2oxaRqIAYr85j9TzFJRbRvbVhBTJSYmQTlogGeAfqTUM/6w/hatsYyIPq2tA7hFuUtlz5hFNhQfiTn6UJOGDWL+G2mLJu5Y6tag9Wvo/kVgG2Cj90so92iMMqKgDaLFHgnBFuUwzfbFagWidyP+avQkPzPbafJAhFBFGdF41yW8UPWAnrKIpRh+8GtHzccNuy0WOAiAFHlyyEgdwWCwUyngMW0biSkDUIx7leI0TTEA/92e8dFKCAtlg9/DmIVP+YAHjP0mRiA5FHYBHPKzQgqVwGwPOC5cixhOuxG8j3qxgXjQx0JqmautNdPP9ittwi5BCCGIXCEkACADICk8L5t3XM9mkgCTNk+kktxCxuSYseOGDOizbeeeBx98rGV/67Ahgy+68NyrvnQJckae659zgkxIiTbjaEmkRNIGQfMef+w//3kUEc4698zxkyYVHNcRmAZE27JtjoiCQBITwBAYEUkh6hvq5s6dVV9bX19bO3rEqGNmT82Ul9U1N6YzNZbNZbbdkxIwwSwQBM1Nzb37NK/duOmVF1589/W3tu/Z26+h9ps33zj+qGme4wiSwIHbiS2btzz62GPrN+5IpxPt2UI6yZknnXzujXfefeWNdwoFF0F6nuSI1dUVmWR61JABgsT2PftWrlj1wx/99FcgZ55+pgQmhCQgxhHcwmuvvbF52/bGxrrjjju2sU/fzmwuVVN/3fVf3bR54+tvf/jAw08AtzoLudfeeqcrXzj7pDmnnHk6T1heexdjHAiAc5Ryz66dHdm863hCult37tq4ZVtlOrFy1ec33fy9Ldt3Tjti0ilnnNU0pF+/dKp9/76cI2qbem9ct+7RR5/4eOlnw/r3/cbN10+YPNHp6OCcBVyJjANjzOIIgIC9+/YfNXrEoiVLTjnxxKu+dNk///PgohVrk6kEsyxAVIe2C6BkOvXpgoW//sNdEyZM+trXvtZn0IBCrsC4zUH6hZI+4wD5Kji6vNSfSGluiaBnxKSH+IsaYkEb3zxE/zyAYBmE/5TQhxAXUGqxdJNSimwQii1irR79SqOocLZA92/I5fiHUldcMcUw13iZ5xdG9Y2PU6RaJqIXQyMr0Pe+gCgh8Yt0LJnDCJ3DCPxYv8VgI4OKaUdfDhnOTjh8I9YXYh+lDkXAxrUyBAfdFOuVIkMruNN9pCRiSBkExxIjRSiiU+krZl/ouQm6LEbboDN2x0IldHPxcIqfJBPvaBGDaqygItVnamy0wd9bKPw5QiAiZrPWrvbfvPHHX5x0a/9kvZCeJ700s2485iqy5BMfvjBl8JjvnXDjiIrBJKQggcDaoOuOl+95atmLmEmAsAgEcQCpZ1/VEKLObiJKKTNWIm0nASBIzegRaOHkkzJGQIqQG/3nYxNFAMhAkhRSkv/aCR0n4cgBpQSXCbO96lFt4pQo/A/KFlWHAmtL1JMCULKgat737pWxrpen6g5JErnkCvIYcpW09M9QIfWr3hiL0pc+UgenpHIRSW1hJC1hITLpIRtr2ww9KR2ZIyDpH8JvLHGkAjgOOehHI4j86lVAHYoHXf8MoE6pkr5XReCQdJRnjqAsEAEkSKKuylYPu+QSqTSjgSyiAMq7ebXSufoR0D/pSslICR4V1CwghjwQTLGSCMZCBz1ofzUhMCLIi4L/Ph70eSl01gLDidB3fXXMBQAd8gC8wJNxyNUCjCQH6e+gDsw4JJIq+kDg++wqniMJGDJleKpRCHAVogpZApXX9evd1dFbyiHOS8efBiDfcjaESPfyoEdJ4WMbWSWxByj4c3iX4qqYcxORw8FNiCqVGJTYD/7IIzY7QNy56gFIpP4jjk0EMS08fASj3khUTRurqBiqb9dEqREgFadzD/ZEVCvF7xThY+q7mALtMVcQ05wRd64nOv83Vwik+GjakjPefW6cQG9yMc+/MB6hIEIdrb9F9N+x6BdOUCDmw0KCEDcFwl/hEDBgTIea6Afzi2qitPUZN20iH+NnRgYTZtBNizo9oDhdAmkWmM3asjStvLCpv0dVfUc9/hJRfaNF5OeIFg7WRqj3pBTC9US+4EhX2NxyhXQcz8qkU7kOUXBtywICBsABKd81cNjwM04/9a6//F1ku8aNG3XbbT8ef9RRSOS5LkOG4IGUhMxOJm0r6ZHo7Oxilr19y7a//eWvW7ZuHz921DlnnpapqGprzzFgDNGyLIszdc4eA8GBmPQsTkiypr725m/clO3otDMpO5m2EpUoC+Tldmze0LJn18AhQyrrmtyCSKBkJBubavr17Z1M2gWn0NnV1VhXd/WXLp990vHcsoRwOHme64pCV2Nj5eCBfb2CM3hY/5rK6urK8qbm5oa6+kxl5aLlK1544bXO9o5LLz7z+OOO69Wrac/OnbWVVXYq/fzzz7/x5rt79uzfvmOncAUAIylAiFRlxcrFC99564ODB9tnzZg2YdIkZCBcL+cWBo8b9+Of/KBQuOODjxb949+PcNvu7Oo8avywG7569eCBA93OTkQktIQkO5POtbf95a/3v/n+R3Yy0dnRli3k8nm3vKKivaMt23mwprxqxpQpzX36drXs/OMf//D88y+efvLJN91w3YrFS1547Z2GyvJbv3fjKafMdXNZ5mdfZPCGUgBAZBzBdfP9Bg788c9vP/OscwcMHdHUWFP55BMWgO+uSgC1kYokSGht61j86dqNW1uOOW5On+HDRVeBKR/WvMjkL63OjRUREYVFuiDujvpLIlgQSOjvr1ViAHU8trSi03Zkz1mf7kVrYHrGRqeBgxImRigsqL8NOy8GauipUM4Vd3yoK6acSj5vRpEhIES4H8YUl6UmMnYv8HOIin4MLYN445IQFHhDqcRd0B6UFkHEBY2NuYc7AKVFZAwT07YKLO6ixiWYFY2DiwIseow39AC228wqGAakUaxlIGK2DDn18JAI/sXgPCHjJzRUNShiIUMAGlTXr6aisgNzDNWxQxQgKUjamcTHm5f/6IM7b599y3C7T5eTczy3xiq7YeYV/ap7D+s1aGL1CCKSUiJgB8v99OW7Xlz2hpWy0eMEHjG/6h1R7/lkCMwvtUAgELIqU1lmpUDrd9OwChwPIyOql6Gh131yaYPBcE20Cg9PrCECICSJKlsITGlk8r0TZddIX1AFnapXqpnzoU68lyq8GiDM/JdkIIKU/pFvGksk5teyAiPUqUq1VVcLTAAC6aPDAkOB6SyEenUOBjOkLfqIEeUPnJAzhgQC1XZe3Rq01xvk3UhbIOrla4Dgv50A/Qag7BSSvmWFTL3SBQCIiFRRa0DrUGgx5osDJGSEDJGp0KhvEaKKiyjgQUCByJ8RlW/VMiOyq9xIfSNq4xwVziorQ4wBKp+eQB0bqw06DHlGeaf+K4G0hRogpvIKZLzKXXGOJBnIYqbSY/7eUo0DoE/nUJMBoArvklaPPmuo8jrC8PwR1YD5RCEdvvMdn1AeGCyuWRshGF1Md/rEQp9dQl8gNNXjcszgf6C4sg/7KLUNL7hK6qmScpiKLHJQhRhUFCc2VTuU/imSpgO/u5j+ChFAY/xFl0JeaeRi7RrFJX6TdDfdkaVbZRE4nOZPhraNz4JBjVjguBh4xME257TIBS0aGUAU58PXkuaFkfOo4iQkfU5EzBcNc/hB3lKvJvOR0v2xIAir/wQxLX8JGFZQZJmF6PntMQQbLr5Yj0HYJKLh9Rdl3YWkQ716IeQx8k2TIr2onwhu+lTAoDe9bk29oENlxvMBbbVaieAfUiAyOeGmmMhNvwaEiCQyRCZTCZ5KpizOd+7e/dbzT69fv7aqPJ3vzEoJgCyVsInIylR96cpL3nr37U+Wf04Me/duYJzlurq4ZXMEJgFStpv1Pv1szY5de9LJ5IbNW1avWocyv2v37obqiq9ce9XoCeM9N0uI3GLIwMkXDrR1kud2dbWjLNhMciQEiVIQiWQ6nUwlgbHW/Qf37t+yYMHHH3/88aqVn6VT7I+/+21tU680uWjbFuNrVqz6/IuNDJBxPnBA74suvOSs00/ZvX1b+5rP+g8cVFlVxRIgnFz/AQN//JMfONl8XXXlshUrN6z/Ys6saROOPjZV2TjknTcWLVjY3nLgxDnHnnHZtQe2rpv/zNNA7Nprrrz1pz+44KLz2lrbR4wbAwRCeOC5VtKm9pZH/v2fdRu/qKmsOPmE4/oPGeIWCiQ9RHIKNG768eec8+maL9a1deY5S1oWn3vs0ROnHoEJRgUpkRMwAcSBCUlbt25buXJVU3N9XWXZ+GHDdre0rVm3bu6sGVdfcVHf5t6NvZrTFcntX2z8YsWqRZ9+vn37vk2bNx840JpK8OuuverMs88A6aJ0GbeBIHxlEXJAzrllcbAti4SXqaodPWVaKpV2OlsZos2AMSalJM+TkgQQEoHn5go5D7zm5rq+ffoAqZdZc5IiMFdIW3ZR2R+5iuRkEPMHfeyXISvi+TcKl4oPBU1NabQM10ZpNwR8AFFr3zeu0RhNT1d88YY9WUHnRWDMIFD8Ma30UNPUXOYh0qE6QV/xRwWx0TJ6EyP/GD3p0WqKBCZIJGgQcxe1gItqX+hBGR5aM2EAvDh2axCktHowrpgVojoNkIqbLFFq6+KSqBFThEOpHo2cfjzcEoyPIo9E4EYldA9hkuK0QNAZxkdXjPAhY9IKda2Jiy7fAPYpjICeFEPqBlZYmYP5TsvmUr8cVOt5ECSSycSiFZ/+OP/L2+d+Z5DVVwIRUR2vvnDs6Rx4oMQ7Mffzl//8/LLXuGWDRAABTCIASERGAKByPCQB1Z4eAsaZ54nGitokt0xKBNhCZAUEO4FI57h8ovhz4IeIA1sXg59iKlN/JQkARMwnmk9/ZfGjFo4IwEoUiKMBKirrAFEFAM0ACDLzKTU01JXnxsP6YH6d7EJAAOH7v9H9P0EwKvQXAonuo+FHHaJ2RvwjGqaIlstaOPt9BHZiWAquEnfkv8aOKNazL+j8HB/6bi0a/VJAcnXIsDH1mtxAFCzG0PDXRplxqUlnft8Gc0TMbPQJWGRbUrSpVK6vdj61WFBpUvLZgyJkDMgCfjGDpqaZpY0SPmijyaHR0piHFrKp6gL5oR1CQ6/6jxGGo4p0GHQcz+SQoQPA587YKUExRWbe7l4ikcma0R9i0DSRtS0cOZ7HJK3fa0+i0uQkw+hWExp2ZzijJRAOtkiYIINMaUkxXjyi7oU1Go1L5yoVENNmKDISKCRYvPcAmuly+6vJ9MOL+o0p+viIinCOPViSFLFLe87hQiEig11N1i3a/ok+58eHrRg/iEHEu1T/Rc1QIzYYCLzgD2n9o0FGOT2qZFErGz1AX0hFuQdMngMgv1IiMIoNi04jYwqJqKag+OyYvBBRM+F9ky7koxwqqeL5KzaktFw2eiJipLKtRIVctrUzm0omWg4c/P1f71u0dFllTc2yFau/fuM38/nClRecVVlV5RFZlp0oz+zb27J08Vttba1HTj5y5Zotnyxddeev/vSLX/wkVdsbvAIXgictKeRTL7z4m9/cvXHr1urKih1bt//0pz//8uUX/fX3v21sbJp89FSeTDAhK22bSNoWDezTcOZJsxi3Bg3sx1MZZjtIEkgKR8i8s27l6g3bdqzbsPnjRUvWrf18y5YdhJBANmfWzF69mzGVsXl25/adTz753BOPP7F+3cZUOiNkPp2umD1nRl3vhn/84rf/uv8/V11xyde/eWN5eYWQmCqvnDTtmC9Wffa3e//+/Euvbdt1YPuOPbeOmpCuapD5vM0ZkNi39yCi2LJp4ztvLVz++YYlKz6bO3v2pZeeO+HoY4WQsuCQBEwlbM7u/9s/X3z1DSfvTD1y0tw5s62yKreQTaYS6XRq2/pVjz3yyOuvvyEFJSwr35UlZM+//n7B8y4+/8wJU6bxRNJxBBeEUmQymfMuPPeIKUf1H9Bv8MABvRobf3vXnz5Zsnxgr+ZjZ8/OVFUVWg86Bw/W19V94zvfaOrX78FHn37k8efS6fTIkUNnHD2jsqE237rfQqZKl9A/YoKAcaVGGTKQhEjgevlOl2GSISJn6lAKAok2s9IJJgVPpD0hWw7sz3YWUkmWTCR80wakMr4CFQ9FphRRECk3mdxYL1EtpK2EkhIXNdsGXNuT2gofCqQFRhEo0l8QCi5jxZraL9QdClNj1AZkqxgp05nC6CKOYhuYEt0Mpqh9aLRpNROBX+TFlbgMgmMoFXt08oqjqtGfelCrhw52YuTAhqJfNc49XyW5qORTihNZRDt2y4QhjkUDiSJc3FWUB0qfl1DifhEReuCfYnCH0Sam9fxgDATsHSSJQGk//Rj5cgQBB1f3aSqv2ZHbo60zQv24giYA7HRiybrlP3F//bOTvjs8OSAvCtKTKbSYBpnnzm0v/OXZZa/ayYRy6PyNnH7XGiT5q1TVlDKB0oOZQ6fUpaqk/1Zg/Z/e72fQrPtjKvSUY3TyUS2oaCgptAqQgFCCNO3E0OgP2pubX3qYCo0hA1C5KzRJDuAXWGrPjQFIEJGTE33LShlKFLh5DJBAAPnSOGo5amcqdHPCNabNGtSZNAxJqm0n31sLWgdxwfg+J99E1N6bMuXISLQbWYHot8DMDIDr3nwg/g7b4svvT4WgDNsstL+CP5FeQgBaMCBANARhIENg5AYoFkYNkfWpF7H5VWQDtTWp2qpUi5E3Dq3saDSA1Eo09Ab5iRyNioGDgXgwgKKjWWIChsA/cMF/7ZoJgSIfzYWDppn5/89FRRZB8RW6oCq2XeRH+aBiITkTaJGdEmkfi5OaVQRGaB3+L8hQwpYI8TJuGnWzJoakf+5On/rCrchR7Plz7GbPTmN3St/EORIs6NFHNS8KUns9a7oSyrj7m1FowQ1Dxun/qKh1DFqkq6hI80dnIKeWrMmWur0RACnqgyi6md1chiZuJrf3YDabC9yYBQ0gapqppG8MmCGYIiMp7iiwM9TmAQYIwvMWfPTJQ/OeQSuxbde+P/zxPhuRc04kaqorRgybdMpppz7/8ivA+Yat22796R2bN21evGh5V1fXdVdecu4Zp/ztgUeeePoFIejGG67rN7CvzVg+l5335NN/+NM/N2/fNWnMiOuv+9Krb779wstv7ty27eTjjxs9atiBjtZMOlNdUw3IGSITnuOKiy4435Fi286tGzd/0ZV32g8ebGhsOO6kk7Zv2fKdW368ePmarpxTcNzKTGri6JFz5hwzZMjgEcMHH9jX+v4Hjy5evuKjhQvXrFmfy+UmjBnNOF+zbsOiFavmPfniJZecX3CdLbv2b9m623MFEHW1Hty4ZduyVWv+9c9/L1mysqo8dfIxR11y8UV19fUAory8rKqyoramPJNKegVvwpTpP/3Rd//54IMfLVn+yeLlb32w4Lyzzph9zMw+AwbYqbKugy0PPPbY3+//94GDHXXV1RddfMGwSZORPBvk7p2bXn7p1eefe3bDFxuzXV1JO3H2qSd6nvPa2+/v2Llj3tPPf/D+R+ecfcrMo2f07tWnsbHZyqQZt0496wyWTAMiszgrFOyERQiOkE4+lynPMMtmjCHQqPFjfzx00PBB/X911z0btu76bNXnf7nnH+gWJk8Yg6m0OusQAdWrydTbbZXilBKlUFYCEkNu2bZlcwty2a41n63KpFNCCiBgiNt3bH//48XJFLftJLdtUKFoqWJI0uCywHULDTB/URS5QSVXgI4vhwADYYvh8vKbkvYHD30OXtF1WBUfZC4mCFegBhEgGXvOCrKDYVvD8wgWczy4qHWBeTO8MHgEg+f9ltEq4PjDRaBC+zhKBTJO4QBt/JoaImhm9uWPRiui0shHdYlBjYj6YoyRIZIxwAoDMWXYPaCTOaa2iCLg15yZUfCiZsUa1M8J6DN7uktF9qAd1RKLuzIxK0HzgJpBrTG0Ca/NYipmVrOAILLoDout47PT0xMqSh8G8dWjCmFEAGAcGElIWamGTAPKtaFeMdQ0EEmAgpR2wl68/rOfur+644xbBlp9cpRHAoZoodVpuXe8es/8lS/yhIWSA5I6ekehESJLEEvWgASRFWOahlfwMiGltgtIu2GR9akHQlrbR3V2JDcUtC9S/5rlo/8PWZHCu2q5qkMStWVuyJSIe0DR3/UPxkYg/SQCAwQiqbr036Makki9mpXCHlBvRJI6GRkxMDQvmlwbDs3vOrpktUjE8JamnaZCEFLXxRQaIV134Qc7SKMQyHIzaxREBNEgQpD30EWlfimvwcvxjz4/RGZUsXGEuTH0zREMQoRCzgBs4Kklip7SwKmPoqNRCR6PuaohD2DQV0gLLSXCkYOBLYbQ/elF48EozgZCft2gTs7EZF3I9xShSXxo0dCy2aQoxBwQP+C87itiSgaJ/UcUSlqIB0LbfBYRTccmBqe4x5Kysci6UGra0AvmU8UI99BHkdNVMmcYfIgoxyJ1HPPcQtz0U4pGQHGNBt3QuRjrEvCjQLpL1vbggha3Ke27xsK7QfF8jMYRgV4Sl6BhZI0G8kXbPGCIf387A6ol6rudwZPBvxhIlphcD2WtsYB9cRQxSUzEfElsrCaf0yO6CNGAqkdvLAL1f2YEI0xDLBikT2m1pKLdKnXuS0e9yAzK+fjEIh4AoPKZviQLB+FXI4TPI+pjkhAYbz3YtWL1WptbVWXlZZnM2FHDZ0ydOnLU0Kbm5kGDBu7dtv2TpZ+WVVbu23vggfsfchy3orxs6IB+06YeNXbSxD379rz02tuPPTn/0yVLb/jKNWefe8a6lav+dt+DW3ftmTJp7B/uvG3i7Nkzp08pt+13Fix88un5iWSqqVeTbfGydAqBGOOFgiOldFxXknQcV0jhOW5bW+vlF184+8RTEHlXZ5dFbOL4UeNGjz559tETJ4zvNWhgIlO2dd2a2+/8zYKFi9s6upBBfW3dMUfP+Op1V3V2tP38jt988PGSP91972uvv9HS2lZfWzlh/GgrWYaeeG7+c3/+2/0bNm8vFArTp0w85/QzTj5hVnl52SvPvXigrfXzz9d1dOYtK11dV2clkyD5SRdfMmHqlNdeefWBRx5dtGTpwgWLZ02dfPuvbpswfeaCN1/9x733b96yo7Gh9orLLjzl3PO9gvPo/f9c8umKjZs2rVq1RgJk0ukhgwZffPYZF111uZ2wnnl03r8eenTN+k2rv9iy9W//fPTxp9Pcvvi8c66+6X8qqmsom0NHCM8FC9W+Kg6QSNiMWyBRMTADSflswrYvu/Ly/v37//Gvf39nwaLnXnh99aef/uDm6y/+0hWSWVJK5JwhogRViKt4QpL0hAtEFkfy3GR5pk+//pmyzJ59Bx6d9+S8p+YjkQQQkpxCvrMrW1ZWPmDgwMamRuHkOBKS0PaVqTW71T0RIR35R8nIkEENxWosXLUuUO3SYWBYuD2Z0EE2TwfBQwMpgqdhU2G4puKXuebUvzq6asKxjFYYxy4iuAzTwxTQMbMEACJCJwIwEMThku4xwNUDrUBrqR4eD5uF3Zc0wA59FevIbruLnmcQUVTU7WT14Ix1pybjEHqklulOR80vMJVS2KMW6iWixYBFbKLLFLtHwYBD0FNm73Av8jWGb9UFDoBaQAhhDkSdMoP+KZ5ggzVj+OQPdyzOSYEcSKoTQlWyR9ViAQB4UiTLUp9uXH3L/NtuO/0Hw9KDCiLP0cpzefsbf3pi6bMsaYHkPgWZNi0NkvgxhMBpYUQg68ur+lb0QmBSClWpGbigJkHjhrD/ISJAiuyy8KZp9hl0J59uEJazB1MRCLJIkZT/r/KhDIPSwBQiiTaMPeUzhv5g2D0hwvrth749paWaD4Li4w6EUdg0/IOaeoGAMdqY7huGNMYojSnIxJJh3Rg2TmCXqeEo9tOgwegjuB9QRVe3hm5/DHg4RtPf9zlYfzCZQyuD6ByEWs6YMQwJFExCSOruLoJgUUXiqhHQJhUDs9+4XSp5SZqKpUViDDHDjCwtEMP+CBFQ6D5ITWToyup5iRW1qsURcXlDzRmmEHuU1SUQkrLkb+DHPIiI0KgJKO2YHVZ3CsG4Li4d7w4DKdGOot1HnyhyPrrDoqhFsb8ddFXsGJPGJ7Jy/surJJKHM3HdZUeLJ6U4gnBYwE3LyBQ7pa7IbJRuYQhu/3vAqIZPVhwrKfpudmP2ZaiQoodCoVoKOitCNDqQiLkZmlV+eMlgzhD9SPBHS77YFWP4UAkGIlAjH9MQ0aVCAGiKqED9IgAggSSb4ZjRo045ce4RkydNPXJcRSLRb8DA6ube3E5wktxObl+/dvOmLdLxGht79R03ctiQwdOPmjRy5PBegwfamco//uFXTXf88unnX7ET9tAhQ6oamybPmD5j2sR9+w7efusPJ885TmS7Bo+dcNeffvfJgg/e+3DB+wsW7dy2ta29i1mWFCLIBEgSyIAj4xYHiUMGDjh+zlybQd/+/e+89YcHWttHjBnWu3+/ZGUdEx54JB2vvqa2qryM3MKxM6aedtLxE8ZNHDRqaFl1BWPWnQn753f++t0PF3+6ZDlDPHH2jLmzjk4nGFl2nz69maTa6vLLLrjqiqsv6z1kZELm//Dr3/z97w935grpdKKQK/Rqru/Ttx8AcwsCERsHDbv86yNnHDPzr3/846uvvjlgQN/a6mrKZSdNnnzRJec+Pu+Zk2bPuvor11TUVlNH+67tO5+b/yIB1TfUNjU2zZ59zDlnnTFo9ChGIAAvueHG6bOOfWbe44uXrdy0ZcuGjVsG9+07cvSo8vIK4XmELFSsiOQKBxClZIp7pGT+gRYoPSEBj55z3MjRox5++OG/3PfvXTv2dnR0cG4rIYXIABky/1wLz3WFK4AIhAQE27ZAeoD27BOOP+Hdd1974+2OtnbH9dQeEPVmd5Jy2pSjrrry8kwm5XZ1WZYF5BmnWARc+l/YwMEaL5IzseVH2hw27D4squ4qeRVjVMqmj7gz3QIo0V3oFhlawgqSWkY4HMDY+OTXR/nLuJuoYWS8cZVnRgpL2DqmDxmo+SJ9b8ptMPScafSUjobG+tK9qFEdIqjc/VXSSsBSR+rFFFVA2OL5Jm0fRnOeAIajXWwHqNhkdJgQFaXalI/bW6YyiMxvtyYphScfxDGPPnH4lAy67rYBxiZff1FKVkV5MHAq1PpjgRGjym4BEAlV6mlq30n1idpt7j60ANQGUXXAijoxzFfY6EgnkbKWrl/1o2fu/OFpN0+sHVMA+cu3/vr0oucY54AWoD5GJcASIxT2lxIhEXALO9q7po2ePLCij5DSIwlhzW2cjtpvQW20xJVtkdGulXcR0cKFbDBYsMQwQnll+4V9+SIdQzihCxBMeczBCVU9htyijXoKUNSWUkRO+vMJEGzENARR0Npw9gIkwdje7WOCOomiHtEd+l4xgkHV0MQJZKBaxkBaBukx+rT16zwRUf81SWFkPvWy9QGGCz/caRksZXNGCQDVNtHATmdomuZmrkHdM2wyDEyuiOyMdEBmoMmfGMOODebWqBkMw0xFdqph14X0MbuNptzDuFwAyphjLWHIt/0oRn+TpQPmIvVDEB/z7U6CSIAEAlY1CKHNSvSlCQSMEGmkPx4iKRd5pBQ0LdJJL3GNVtGqjj7VTQ2LqfaDNlFoh5DGGslYo7jqLDqOKJ6tDW4aPtvhKALTx8NSN6EkhSPYUQ+PxNXjIY8VKJrubolf1GmEVXSTqOYKHRv/R/28iVM0zNT9FbcEDVELAP6xthF8/CUVCieItGCgYzM6RGKOKxxKKH6MvrtjvwAKGp6fYQsFdRZAAIyUtg7XkFH9S3qdUmSsxSTSrczMbalhG8gU3yVdvkJaqqI6ZgaBQI4YPviuX97e0FxnJSwmPSB0nYIoeJI8TOaaejd/7drLbSt95BHjBvbvX9u72U6nUUqvQG4239i3309/esvMGdN69ekzY/YxgJSqqfvuN2+aMXnKzGOnket6ZEHBq6iumnvm6bNOO2nb2vVbNm8+2JaVACQEgpSSCICkYEAkCSwGxAYN7D/2iAngFiwOM+YeS9JlSNJlIpcTYDHGQHgV9Y03f/364445duLESX3GjGSAnitlXgDkJk2f/svbfvLgw4+s37ilT0PTxeeePXDoYHQKnqRp06b97Cc/SCYSk2dOyVRUuY5L3D7iiCNXrV6/c8/+2ob6gU29Tj/5+NETx5GbJ5KSQOQkB2fo6DHf/953zzvt1AHDh/Tq18fNd1U2NHzl6msmDB8+eMiQ+oZ60X6QV9ReePklew8cYDx5xunHDxs6pLZ332RZuZd1ChKJgDvOwGHD/+f73wKSH73/4cMPPX7aSccff/45JJAcgQxJSiBPHehRUZYa1FRRX18DUoIUDABBks/SwCR6uUJz3z7XfOXqsoSVzzpnnn8u2gwcwbjlv5QPOZC0LKupqXHM6BFjRg7PZDIgpWUhA0vk8gOGDr3lh7fMmD6ts6PTk8J1BRDYFiOCqoqKmbOPGT1pkteV5ZzpNRjG6k0LK2C20ByLrUetl5WdYmh33wyLmnD6segN/9RJgIiBGrsC+6GUT1RC+mFs2UKpVVgCgplZRRkEaCmwTA+hM+KyuChL21M2L5Ioi5UQGsgaUHrWFqYRG7SMYxh8LvIVuwMbG0gxAt3OSmDQ6KEF1SlhA8O6LxniDQxSMzANUEKzQkA+PfDiBodUtz0yT1Ez8IcUJEgjCdX//hT7kjiXvgkgAfztcyQJ8B/LnrjlzbvKGP/XJb+b3fvITreL+VY6BtY/A4aoQkCIhBy5ZPTj93//7KrXXS6kJPXyLJBEvpcARMQQGSKBtJDJrBjea+D5085eu2fTEx8/QxYHoQ4V0gfJoDYDGJn6FRCZ0mAMuMXdvPOLc79/weCTyQMPJGC47ZOMUIs5fMNUjUwThZIEQ5kSzV0gYgDXILdqGfgEkakwwsUBTA3aaKe3GkSZv2iJQPFCgAgXqUtqIyme6oy5LJoyYbTB9+KUkWEK3YhvA/7xtlrkqb+BJvDPNVFRHyKSQnOB6pmidA3+p/5jBmuBLps3hqz1DPlzHflP495zBtLvC1Fxsu6BTKJqr4sCVRCyiE/bqCcUKDDQbjBGGCzSKpzD2A/hl4jRrekTG4iRSQ4FoumAGrwaxN6CRwx6RBZBgIqv4NVcuK5bm67+3zfvvvPde0c0DvznuXce2XtcZyGbtBL69b+lF11JwW5qmZ6vmNOlOgjhljp+D2LKCA07vhT8mIDtQRNFDPPYGALTPoaSjmbGKB5QqjvxHpM2ESp0g3yorwG6iwXHbvagbmLa/9DapHu1dfhEjkGmolfRFPUVxhMx2GWDwfoNHjBa+4CMs9AQAYCVMmBIeshtb88K57lb2doP7Knn8xO+R3YlFA6ilfBFhg/SX3cMjGCiGSwEADP2F1nhhzYZFPSAHP5Xs0GJAoRiEH5dUqxO15SvgTmluihp1oUTEVTg+VZZVDMWTa9hu5l1ML7QJkRgHIQAKZAEIRPECDkDyVCChZ6QYNuWZaHrIqH0PAAm/cPR0bJQqkPSiZEAZIC25eULnNuuACKG5FkgACSzELhNyYzODQOog+gDrUUOkQThMelgoUAy2NDgETACJpkNaCNjyJAxxmxODFECuCQIJSIIwZmL5BGHjpaWrraOdDpTXl2Fyv4gIs4lEGMMJEiyCJFzJoWXbW8vCJFOp9IV5YlMGbgoJQqV75MSSTBZYExKdQCFECgEAQFjQgjOOGMcCTGVAmR7d+1OZsqqGmsAEfJSSPUidXWIo2AgLJBgMbKSXR2dSY520hau8GdECpAeoESiPdt37tuzr76xrrF3M2McpAwYhQClstuQIVLBcRnjdioBBAwRGPdfWQcMOEOkfTv37Nu7r7q6orGp2UqXeYQIyEgASmTgamFH2jBBAETgUkDBJfXubQgyn6GyNpRgREDHFgUGK8iXLzGHKW4L6mUp/fbJCura0/GPqxKdLYkZV/LTbiXXQc61JsJAMJVeM3pFBQvAlLFmO9OEiRkaxYLdvKzwo45RlVYwpu0bLacpXeHT02VaOsXDjh6TcCgXUWEMRVrqUE/8N85nyR4PhQ4FkfQgZRgx4UPQ3ScAtaSNKz+TQaHkZ3MUh3YIS81D8BOa+inEgLp76v/ABT3MKzTQ/PmWPlVInZntn1wGAP7hN5E1AkCACK500yx19MCjXlrylpMQCABCH8OqjBa92CRHYOghYZqtadl856t/KpCLSc4EAqgorTGPao93lCB+uosALcznnQF1vY5qGAvA8lRgPdIoSAEFXFSSGnGvIFwIkTNgYzNn3veTUf7TFEqBogshcDtNkWeSuBhBNYaiAFUAUXEL6RpdbQRFwmkUdqNkPCPG1CG+fg7JVwExQymgIfPro33PBAH1C1rRKBLThAtCEMrz1KYfaNMaEXRpN6qjdxggk/57XIjpdWHQHaUqviGJBBhudg16hOiHYOw6y6dcWwYokRga0xzkJgNl4Yc/Ai4wzEcKp4y0/QXaUe9u/ReryQCGb4j6QE2lo1dGCdYNzNrA48QQXrFE0Vl3LQAxBBMyRwC76JRQAAIpSwvXQ1wRXP6Lp2Nj7j7IaDwRe6SI2Ib8DxPHWGpGiq8Amj8fpsEdejnhhx5Q7V5khWEr3RX06JxAcQO9S9Yc/SF1dA/YlSTU4ej9ktfhKzWT3iXRDNdAwK/qmR60cDc/RIdTbF50g5lWhUQlmK0I3RI7aw71UPBo2DqUUxA8HBPY6mPkgDLVWgsrUxZFnlUDCv6UvmJMGav7jz6o10EoNEPa+cPwz3qTngdAyk1A5SAp7wZAesTRIheE64KUDAhBIhIjCcgIuOdxDEKXjBERFYhhQgjiQIgCSKoJ9gSSK8DJqpPmQ9UB0g/Hq7d3A4HyV1HraPINIQYSwAO0gBgRCceMkktOEkCA9KQU0qVMeVWmvBIkoRAIUr1zS3jqFWYECJwJpTO4laysbwbOARkQeQVgSIDS8m0pSSAISHikXlaDUjCUJKUkYsCAAIUAzmUhD9yqbW4GsNwuiSgRGQJxdWysprkEFC6S56VTGRCecAQiAAkkCSSApIoeN/Xr2zigHwgPhUAS2qBAQEIirk65ACGJJVNpBAShvH/UVbpMS1xW16dfXf8BjCQJQUIyn3MIJHkeqt1dpF6hplmcAAQRArHQAohYMmY43eC/UpfhN2BoURU/oq2zmPnmR6+ksQBi4Lu5imTJIYLksZ8OW8ZaOsESRynMPQQefihRAAzZ17NAN21P34EGNHxiZX1EyRYEUA39Uaw5ustJRi6KckB3zSJPFB1iFMMEwjHHiGCkrdAEpVxQ0hIyhpJf6OJb99KMApQIcBYbH2T+P+K9H05EWf+mYrdBAieEH+SSgtCfmciKa30lJ3oOJwdGZ/cTcRj6XittP4yDiKgOzzZyXVFVqTKUjHnkHdt36qSBoz7YspQQfJUhA5Ma/HSmlACMGAEHxtEjwZCrWGyoAkJlWrTuteSQkixkjpOdO3xaY7rBFR6AJNTvagxBmEuFQvM9Ol1I4Yk8wbkWQdgMUR/PEkFJCeAgHYbGGjMSaCZv6KMKI6emhfDIZHb/p5iNElhUqOFhiBJqMQwGoRTrhp5MwCc+fuhPNBmE8UtkJQWw0YQLTDmtwJiKXCIioafKny3//Z8EUugXNktf55Pmdv9P8I6UkGL+ThHU7/hBv6uAJNpWkVICEHGdfw2sP/+jkcSLiEXQozRZWf/uqzofTmg+hUIKIJx0jbmZIwbAMF2DELhvvrRSKz1obEY0MCCILv/RJYURhzh0hcP0DupWVLxgwITv30UMhZJvspumJwbSLl48GqFeid/MtGc0D6NyDBhbf1jq2QDC4fxk+ugxLVOc5QOD5nSoElCNIJkf/cghRSoVTRxRDzdOEGMpk/HOG3NQEUyigjrQjMUjio00nDzDfcXoIzFFEDMGSuoIc2aLfy35U89fSw7BVPFFcUdjCXbbtTbrMNgpYER6S+lW0wDEKFeYUwYQLrZAfKp/DeEEFArhsBxOWWhGJ+AvcTSYxxfGAf9EsILIWgiGGc4vxRgvPuuaAlrKkmkzBR2QL0QhosQiNAp0sE/XSDTa78ggSKicoqYpmFfYjxZs6MskJS4IkdQrsQkQgEnSikFhokQuAqij1JERMtCKEf0YthqjZCABpb9SCQmZ+ikcl5SA0o+vSVOfq9d/k1bfCgE1Mgk+iv6WLgRiJJAkgiBlnhNIj0AqbxlRzQEiA0ZKJCEwHZKViIJQClTcypCIiIFAIgQBKpirjmdUpcu+6mSgTk337RIBaBERuZ4E5dMhIxm6cH4WXJ9uDuh5kqE62kMiEKrXovkmMJHrBlJImSqG7iLw3yvOAJnCjyEConbaQy1NAFISCCGBkFQEwWRrkP5Eki/JmKI2MVOLBdUNAbv6Q4rkCKKWe2DI+6Fucz2DLxniK8/4iIAAUhsMZATnI8xsrumQ84PqjEhrivC/OZLYGtFA/DEU6ywM1i2a+c84bobADVS98XzPbqf2MzWikf1ipRIiaM6MD6JkLDZ06sz3enW7N6YnRWK0OrxTH8KwWPegzCGY2JoGGgBENK8plXvuv5TSjSmfIk1vUqxb0L41EBi2Ref3Qk9EA2PtxNDpDtNDps0P5YL6PhAiQ2TKkfBlYwAhBtDnPXA8p9JOnzPh9MVfLM9yj0lGgnzRT+FyQon+3k0iYoSmiatWaFymAACEe/yUXCTEBMt3uf3qm84ZfWrKShXcAjDslr99+IdwvqGYtTVxEYNRBCylfw6MDtDKKiQORUx4Pfu++I70UCRwwq7M26FNoHtAE2ujsiui7yOzpqvEWFDgAogAkoRU9OOgj3w0EigaHaUVGaB6OQ7zoxSQSiSQUID/Mk8UyIgIQaIkCN300BIMsVRWImLg5iEwxizkgiShPiDa515QoaVMIiGIPBAueL708xeaUod+3AdD88IXmQhAhFKqolIE9M0XDIiLEtTLbch/IVlkZrTRE50Z38DRlmQRM5jebIRDgknWu6JCdgiXTajojUiAyXlqQktGUyl2CEix2CkanzbGSp9jFIQFIj8VNfNFGYUmbcRtBIgK6xJoQ6hWI3okKpj9mIws5W2WguvzDxQJw5guhpjUjepZIjLKDiEmVg0fUBfidjfMIsr5WPnBsohxVPIydZ0va4va9uBY/j+5enZKSwZ8i51eZbYWa9We0I6xR+BZBUpEh96Kr1KsHeIW2qdaevphKQpWG/qiysDGB3o4ZO5xCUZ/82c4JvuL12WJG4HI9jNevjowDy4zBhoKsChUcy5Mqzu2/mNKBnS8tecrov+DJWXsN2fB8lFOGgAQCQDQdZSBc6N+lQExwh9CNabDUABIkvlpYP/N2ACEKFVGkEi9AS3ws4yh+NX0ykFWPSISMhDB5noVdCVSjhkxZTAwQl9e6SMc0AcFQYQfiYFA/6gpAiL0K05VyQmBdguZEtAUDFEF8IMiYUCQIJXjKTA48EK7UHosCAAMCYEDEiMCkL7nibpcyQ9OUzElQs1EDACU9+ovbNAeuj+jQdmTRJKgtLLOxKJ/aD8wlUZFUFQF9JmIAehshkZboxHo2pDBS3su4bipeFt+iUdipjeG5pcE6E6/QPGSiZzvYIL0LZXiVETsc3Cv+06DWBsAWIa6MVyDwAor0gcxmWt6zD66Sm/qRUTGiRAGwoY+1JpIWVfFqJdUUSW1cuyRQ7tbwRLvxkcvCaGk3RR+KLISor5cuBseAzkDappLADZV3WFNhGHea/mLAERBhKYbHRksVzPoUBztiJmDOvqnjbbSrAih160GrcWeNru1ZC6ieXyiI79pDHxvQDsnITebJQMUjEmZdHkvP7f/9FfHTHvp03d4IiH1Gxk1MoZOiI+ClNjRGJqWtmbnUKwiISFnkouvzr5qeM0AITx/4hE140fi2qiJbK4oYx+ff8tUrIENE4TBlfDE8Gm9NwYolGf6sZBjDBbCkGp6ejT7UAAqaOMLa72iI5YW+nOh7dtoLDyQHnEBEVLSJycyQFBV1hzJQg4cgDzpEJHUUXwDb9QzgEgMCVAAMeIWy7vOjr27coV8c11DXVUdCQCSKoNHjCRJklIqzYkUUEsdNMWZpTiNgX9MHiJ0FbL5glOWKSuz0h4IBHVykAqIouN567Zv4IxV11RVVVShlKAHEky8kFIIoYarSoMlEQLZnHHGE9wiIlWwhMjUtmQElEBSCgJEYhwRSEqUDLgmmEqU6xVK2kiKml7aQdGE07+i1qahKou4GeTbIFGwoTvrOzPGbGpT6L8q5vNRo3BKdbYgiNQFmGpuM4ao5u9wfBklXmIRxgBasQWg6RFBFTSSoIV2BJ/ANi1+qmjUUQrE5BAa/8QfKfbfMBQ1oVlitgllrL+UI1qMtAoJRhexPYrR634sJszIZUiMmHcXG1HP6q+7cfUAJxZ37gGs+WvPSBbDUS20BAxCFSGJVOcxUsXUXThxscBEsPjCvwbK/kYR/T3UnMGcBiBjdqcS6xQsbV8aUyDSDbQUX5mOZ6A3zDEY/xpLluIA4xiHtzAIZYHWbCVXNyoBYZgdqmsK/0LUpAotpAgULX5Qb0/RFEA9SK0hmJpjvzsE8N8Mrq0dRND2iSIT0+8MV1nHqHBQr+ny0fW3YAAABKcThHsLw9yGAuD7mv60aaGNFIyFBKIM9+aq2DspB1KVklLITXoXi29hhdQMOhPq/ea+gvCHHOabfDxRz6z/Zm+T11T+nxA8BGm4pZojfMroVD3oglIKk3uqLk1XhwWkY8SCNenPBDI//quLaXXtrH/yP5CfIAUEYCDjTBMuVOIBt4MMFJvPAdFoP4TMFTJ+lHfJMCbDpQ0YFpvFYoNaPpj3wiXqV92GFqHxFbr7GkXK7KuoZeSpUH5D5FM3cdtAcsbynxgsbCN2hrEnI1DiRro/BkO0RVAPfd+IdxDIIGM00R6L0Thk9LGb0ELJAcevCNiiaYdA8MZMgcDs0LHkCBxAiPpQMVQC4GCaPqVsHVPPKfuyeBIM7Rg0jqhbkuEclfAdDSUXNIvkNErNi5bSUVQgcss8QDcESJFxhVh0Fw4PA6RhgkPtxwsP7wiUaEh3P04miWxmXzPtoiXrlh/ItgFjqiDGDwpifEGFilbJEX9WfKsVKOQKX9Qq2YPEuNV+sO2s6cefNehEJi1XOMAjtCAwHDD91SiYCNU/Bo9QhBu1yo6RyOSYsIIxNhYwKROFEMyKDpT62kNPnmFD+TShQAcGvwdsDOQLed+gIaOVUnKhyAndlqAnlSzwPFGRzOw7sO/eh/790cdLJx01/suXX9qroaGzkOWMS00DxYQMUL38WXUhQQpPWpa1cevmr3/zBzt27Lv5G9ddc9ll4HiKisQlAksgp6DQKSySVacHSQkSCTmqwinGAS2w3lm64M5f/H7w4IHfvfl/Rg0e6cgCIwQACTKB9u7WvV+/8eY9+/Z/+ctXfeNrNziuYIwBgEQCJAmSAFKJlI2WBEDgmviCEXO8XGtne1tHJxHpM5pUEpn5kgWJBAkSCNBYW1NZXumLDPSnCsz1HrGGDVUTKmgAQ9iYt0P7MDCjdXDLb6NFeigVKSLLzJmFYuWrkYzfASwWoUGiPmDRKHB1xxfAYVGH/q1IAgerD32JrS1RU7XEcQ0AagEVkRkmqNACiVPWBBL3GLvpqPvv4bOBa2SEE+JjNTGPPR6Owvg50sz02bTT3p1eiwEk82tUsRbHWIvRK3bzKKpkIUrM7jzJYmxNzWhi0vO4gr5MssdUdklkSjj/UVsUDkWE0AQqhR1o3wmC2tMAJJUiQChzQ00RrF/fV1ESJ7bsyO/NV7QBryvKmdmHSOW8VnxGtYkhkSJYRfwy9PffaSWrNU+MsmZprbEoNT19mR6MOWwUEjDEIOjTWMk+TgSAwAycIoBCYeijjoGK0qSMyGQMPoHWqgEcIm0tEerNQqadHjrlIb0MIebbSH4dbNgLBLygjHnSFU8BKwT5T8OTQ+1QGnNMRqeBugi43KcLamNCLwX90ScdktTcG8wNGvQMqrQiQzC+BInkYMpDDlSMTGT2AKDMRt0ZkIS4s2XOUaD6zBcMkaGLAuJBMDMBDcKHIWIG6wYm08Ztb03F4kv7qwEDmb0HSPteVmnNYgq9WKemEukm2AMBp3en4ALgMQcw9D8NiVda4MaRLj2WsL9iMKGwNqVYsRVy+Eh0A98E5U95SS17eEBLANRQ4thqfaDYW8aUaTS7CBCbzlAcgOa+oLsYcxSP9DCv6FOmMRJBoacr5pcaoOPhw+idw0E3CC130zNGUVSrRh1UG5pJoSQIZa0OWAERkgQJAK7Ija4aev3x19zx/J8JAP29Fr6DRbrIRIsq7fYZcjNAR4cgtSD1i1yIcfQKXp/65q9MvLzKLnfcAnLUAwloFA7PkN/GTY154PgdkoxYYiZL3YvLCUOrFyESwwgPg2X00ggrijBYGxQ+jppm5teYYCB1TCBJBOrqyn/wzoevPzu/vbP9ivPP5wJJqM0lYftYETYyTKVSqjbbI7ZuzdpcW1YQL2cJL2WpF8O60j3Q1dra1p7PObl8VgqhtkEiA8YYT7Cq8sqm+nrGGBLj0kIgzpkQtGLV5wteeGP7mFFXXnHp8EFuwSlYjEsgZCiBHWw/uHrluoN7936xfjMBkCSmznFQBgTDnJP/ZOmyDRu2CCGk9DzHY4wxokTCHjF6ZMuB1t/87ne2lUraHAiQMwbMlZ5l2ySEEB4C5lwvYeMNN3z1tDknSEmApDaghOuoWFwUfaPuvoUTDrFp0WsAQs4PWlAEjtLDocSnmO4IwsQluMkUCKFijZhtuovwvnbX1fnSVDwcc7BRRLRDVYxJCKJUNLC0Ftd9UIh8HHLMnfi/v3xfKJobCnUuHrovjM66iavqwOwsQt5u7I//n66SmuKQzuchYcZc0GL43fV7+D2aCUyz38PHM/aINlpDdAAxYsvrjsO/GLurx1F0q8RV3Ki7BVzKxtMYHvLhEEIpGDEkzMxA6Utza1BFcSh0A3FWoj7X99R9Yeb7Gjo67A8I48Q3HAMj4xzKNzC6D37zy6UMK8NEwJ9kDL5g9OkSIwQjhq0w1Q4E07tQDUsAfWPIqCE2JLbhRVMUeQqag3Y+zT59+FErVPuyBOa9HgR48GzU8/T/Gu9WDt0483HmN/GpFfDhISVG6KkrOKpuCXSe2cz/B2TB+Ox1w6lmu568Pv+iwEc3K0tZACvkdewBVs8jxuhnYxiHZdnHgfnKKPQ/46IvmCzfp4oajBDhtdI5UvR/CvRrvIEil1FcETgRQTsoksslAcYRAIgLF21SBOHYHqhdOiTcQ5tYzDiQI1Ewce+MYj8H9sFh2UBgDMKUNLG4bIhtPNgWeLgmEiagkLNMTWkGeiFGyCKIgWoF4xALHxdQYrVb2paaogjXB7G1IKgG2s5T6TSC6JABCEj6R8URAOVE/owRx2/av+O+tx9Op9KEwh80I2Bqg7q/USOQoRigTFoEK+dT+aBhzbNEjtIjQPb9E2+YUDfKcV1D+0T0TfCpuJyo+G2rFGVuI1DtxzTUH03BCJuGlb3hv0F2CH3iGesxqDtSmCMaysCHoAO5UdUS8E3IdEGFl4qW+kUmqMkXRF1KCGh/yEhEkkCiX0jAEokEMhRETAJKHS/QAVsfDUmWZRecwsvvv/7Jx8sbGuvXff5FV1sX5/aKlaueePWVXLYjmUpb3B42dIAU8rY7f/X5uo0k3VwuDwhSyEQiIaRn2fyqKy+98frrpeMyhowQJLAEa8+1r1i+Cized+CAgf36J8BiiTQDJoFc8gBYvlBwPYcjk9I/gx6lOnwBCIAjy+cLTz0+f96j8zi3AS1mMfJkoaOTMXn+pRcfcdSRH7+zEEjvLELLTqestOUVHNcpWMkkuNJznETKPv+8c4WqGoZgj1BgN0WziEFKRLsL4E9rPE9OEHzXoRwic4bjQl6pwjCeri0tQwPG9UjAs3o7knFh2D/4kX9SO4HRXAShO6v5M2LCUVzBmPDjFwXi1xDyJVNqmpghkNgPphhHA42IhKSw6MpMpkGsTclLA49l4YIPgZOjtV4EZkTMBvnbAGxMvXaXbtUykFSzCFtpaQcAQc5cy8dI5K3YY+/GxysZoOxuaoobBG16Tqv2EEro2bGMay7yM8NYHJyNhnGDTGY4Twav+OTScGMsF2X4/4+3/46bpCgex/GqnpkNT7jnuZwJd8CRM0fOGUQQQYIoIBhRQDEgGN4qqCgKKooJMyomQAEl5yg5c8Add1yOzz1xd2e66/fHdKjumX3u8PN9/Ua5Z3emQ3V15arptZSOobFpSkyseaZ5l3g3A4RvAxgtQ+Y5el3yflrQOOvQ+igBaEbecIuEZ7mYvcxMd+NceqaERVUOkOYyo0r4eBCahHZ/0WvlQ2HRnwOTCx8mNJ0kNSC6qLQB0EskeIKI9LrRQ7pVqv52B+jOJaKe23G5BQ2Mi4huPo0FDqKlVG9mDZsTHc7wsTxi9EEAVHi5lC+7Z8rM9Dq8+mofFRB+88HObRAwb5ogsnpab1Y0MHsjaHYFIRx+zLtYjo6LU6M1hSwa3XiaCXwtaVBli6AxGD3IzHG5zSopnIlpn1qcWhR64KKW7R4i/Ks87FVcOWsc5O3N0EziIMdiobtZQrvzh9jgVp9x2rYaogzE0stxkVVzRbLyJwVf8QfK1Rs2+BxEZDdSnZc2cBtXfD1ALwi4vuFdCg3dqMbf5JKdT4p+n4LGDe/wlkV6osLBHqZTKYmBBUzD4k9W6uLm07T3mX211mZdo1/BDgS1OghAIPOzNsiYyWAZX3/JnVIgIEJFQBGIs+eevGr96pufuz2p1YGUZlYBKPKf0yghXFbwo0tvtNhUKAAJCWMBCgZbrUuO/dhxmx9KUiqU1sJuw+/mNQSnSYHvWlEBlWMJwCqvDRFi0KYg6dFrakW9AbAN/Vgbpcz4sMts09FoQCsA3CMy22o0mkAEEEqgzE+hMnoyP0BBW5AQQ7RuuHHrLbf/+ie/6B03qZWmmaQso39c/+eb/nhDJFCBSpC+cOkXTzz+3fPnvfnyU8+NnTIxazajGGu1+tDA0JpVq6pJPDjQqIgkVVIAKlIIIECsHlj/8iuvVju7Jk6d0mxlLyyYB1ISQFyJx/ZOGNvTk2UyzTIQmJ9Mn3sFlg8IVKVSmTZj6qyttwSMVi5Zua6vv2dM56zNtmkMjYwfO7YSJ1Esttlxpw9/6Oyxvb2r16z59a9+O2/BW/vvvdfpp5wyZvyYp5955ntX/kBECECKlCnRAvvDAQR8J9DzCri56yfLGIxg/BjPfrSbYvuV0mfJNrajGSbzjeHLrTVmLOZ6x4kDGwnyZgJjT/oEj/5zCODJ1X6p47Hh9FSgd6BMFzAhaaZH+2/pFThC7qvvvdjH1nn2VmHL90oNjqLoNmI/0EShMi1CC96rdO3MkJJ1euC8A71QerULYpbGsqGAk3Zq9B1AYEMPbSyH4oCeKiuOVnYFpr2p2iEtSl1AmFcBIJSl88Kp0AoGN0VgBHqQEBDw0F8gLkZHHQWrtlTsw+RNaNnZskGbeUqnpnBnyPwzKm1yjkDmOoVyo6A6vbsERg5TGXrMiG3X4m87QxtourPPUKsC9JqYXu2RZVyp/B9duwvgF1QXIeez8AJj5BixyVbdHQtR7wBYtlwuv8iZeFZh5E8Ug6+wNi8g6IUykfRPhbJgSNHKMQUkFGDQpySfPkO1NAqN+fseypzRRRBzltyiANBhrL3JZz+WCH13c+NkoLXxRluqq79FrzTZ0U64tI0BIkCXX2eSEySaxIhzcnybRn8gTgVtQ5JQqlBZdyxrUwx5grd9vvYy4UlvUj5LG1MgKMjxlJ9+zY8AWC24J/rDhbA7hljIHvVRAoZJRACAsUcty1geDH1Ivory0BsHjAcF2rSyeLAa3Ve6JqASWGCWSAo6iMxCnQA2OTT9zp7zP23WDUAb/yadRwCEkKlWb9L56UPP7ZeDdzz/QHdXVy6wUSCI/DeJyUhPLhVQ06l1iMjumYriCAiHm83PHH7m+7c9XijIVMa9WLKROrBg5nui09R5Itlume5rF+RhyYKUC0a9L3q80t0I0Fn60MBDzo4ySCcwBUdk6IkDaLVbYMAZ7UCcpqwGoYAyvFfC9ZqVIqVAkT5VT8pMIuZeXX6mX25XoVOWAAJQkaxU4x133G7fg/eHqLpi2fK3Fy2p16vb77R9b++4xUsWP/3YE/VYRCIGAa1ms5pU3/e+9x59xKHDQ0OTpk555eWXL7vsWyP9w0klFiAECFSogEAgAbzxxoI35r1VHzPuhWeeP+tDn2g2R0DJkZFGpV751Hkf//BpH2i1sizNIFNDwyP5j45FQmF+WAWBlLJarZ526klHHXsERvFlX/r2bf+4cetddvraZf+nZHPMuLHPPf8CEs6aPetjH/oQKmqmrTvuuevVl+cdccQRHzz1FEW05RZb/PAHP8tazSSJmWlBFqUu0GyELxkEB4KGtIti1K/ZkqIt6aiB7ThqbrBvYBkCt2VirDWr9kBO0zqmSUX6YfRi0w5c9JXpOrMCz6BBRJek1XBzs67t1U71+J5zziNOJI4iPG0bD1zXogSgwLzwlEYhUBtYqKXGcck0lpt9q8U9CpZQphkDlUS2e2kMd1QNwlO17fR1u15o04+F7SuPXLe/AlW+AeDLwn+hiBvd5GBd3ICas/QGGd5pR2IIwGUhufocRPBcUDRMYKUE6BNdgPEqGDM/EA1mrXnEgtOTv2T9zb9ZaG64SIPEVIvPKlqXYjgPeRwwqtUHIUXnVgebIXgIRDbVr1u5WLEO1+RqKzgWSvcujovAcWdsVQDe1mtvClWMwHVjmOi2jyXDwsj3yck8XyYYEhfaCTCKn/cm9x8ar4DfMR8cNvTgBYxaeijNyJIezha6GolEfAT3Tp95c4oI9Bu54IxKL/hiUADepA5SF4CxyPF0JuQS3hgyRvya8dF2CCc322V32XKLnouC1LB/hWIWLbBk57dlefpnASAPyZd0N/A5HHozoW2CepVlOtJjqDIrwRBDKN/yD6z+1n/pCwMH1M7PN7/I22gg5k8K69YR7lKn0fFF2K2oUbwB3ULKwQubYW5bl5wf4LXRfjNTJ0ZCOZ3KOtiZ9FfkEt9BRcTMr2D5AEVPzD41fppjmLzMOzi9zU/h5v8Yx8GKHcscOZeXWAZa1hbuBy3KH5QuwYJdNCaKehSRYYI8rBvpa94tJMqRY39snhOr8U7dAEYzAyJKSifVx375iAsrWLn7xXujWkVUI6Ukivy0b1N76Op9tRYI7VpCBRKrUavVQsJPH3H2OTud0oG1VDufVqRYYEymJ8Cxz2s63mgkP8Miuo8GLp6e9BtDOIsNQPJ2tqMDNL9v6EsXOyMfTgsxBnkxmePiBajpGFnU0ygZj7KtDZG7+Co/8RWUUvkZsQLyPc8PCkI0p70bxYJCoIgEZkpWk8p73n3cIYcd0t/X/5Nrfvb6a/N22HmHr3zlK3O23uLBhx7+4mc/v2bZ8u6eLkWUKSli3Hz2ZscfdlTf8Prejp6e7u7u7jHD/YMRgsidTkQhIEniVpr+99lnhvr6x44fu3L5sgXz31RKVkQss1YUi/Xr1gsAqTIBICFCUDWRjChFEZGQgEBIihQRTJk4cdqUKa1WFtdi1Wp193Zvv8N2tQhTSY8/9QRgtGTJsoeeeKJ7TPfbSxfPX7CI4ui5V1566qUXeyf2Pv/CCyrLRBJDJADYT7CEkoJhxv4h9uqS2U8MtxBB+5J8v5mSBm5rBXqIhRh95aRrqD2zgJzLo2WkJ5wLMh/QI2Kfno1RIBhZgpEVEAzURmtYWT2KtzN6ZtKE1wnMYYa8V1vBOqq29WW788A9LxHz3IxTHHxsm3HlAb5gIRycdglYq0PBbw3srFd+szgyn66dKinxqzfuKsasOUWVTrTB8TccbDVjgeM0LqCdpc1NDm1IMrLxu3p8Cmw5jIi4RshJ1higFijTzkpYAGB+qHuO/A6alybcUM78wECsuHG0He5YD0nw/roNwyRZLeuhzAkavbgQkeDoqwwxxrwp7F2w1+ivnYotAMueErl/821AC6Ft7ZI3yCEjD5Nkm4OuKS3sGZjb7pwgjkwK0OkmdEZQmFqy22XmsklscmPan3DS/i8ZeUveLpGHE06T4Eto3pnAmSz5qxpFr9gi2Roi+RgW1WacIAOkB0UMSMIXio6qlJHMLjXNtEcewTHuFhlFqWEw6zPvk0B4+aTniYWA5TlKGJB6WicwER0NML2sTX00usAAxSma2NQFGV6EvJCQtGtu04tpI/B1vesY+7c8LYnGsBilNCiEAAw9UckafBFVpsvLVpgTnxcBbRNGte0RwoHK9U2hTWlok7fI7xYHKYcmZ5YiNPohVwyaIaxOKge5KIn5ebPtlWJQxuko3cYtRtnhUc8E+t8uCnVFm2bF6j4qAEsApBWuyo8pzS8jlzQ/GzPQ4AIFoAICJEDKZGtGfcL/HXXBpO7evz35r5aUSb3i4hFW1hHZyg4r6HOJAwiIFCeVgZH+ib3jPnXoOSdteUwVKy2VCmdSW2d/VOzghnakDbltoANPdfNYrD8XcX3FJCTZQ9awoPZKeQDdI+J0a/hT+w/M38kNpmD1+qe1AZFAkiIgqQ+DVUgQgYijpFatYhQTKnNWuT5gFgFRRChBKTWu3jtj/LTX1OsrViyDZmubOVvvtP224zs6N5k+vVKtCoB6tQYKSEoglbbkUNZIR1qqrlrNlEChEFIqymW+ABGJOIpXrlt517/vSRC322m7j5xzlojj/vX9d99+5y3/vKV34tixY8cSQP4T5Argyceeuv3hew/ee/+h4f4kjoEgP1BXASkFqESjkTWyFiESkZJquJXGcdwaSTGpvDF/wUc+eT4iDQ82BtYPJvXa7Xfc+9iTT3V11tav6ZOZrFZrSEIAGn1D7s3hkjhDgTr8VF0YfPx/vdrKSBPUzp8HgrKN3GSXMUMMkyP/1Rc38SjKogCP0ev/89VOCAcBOEQMdA0AFGpAwMR82s0WCFKuJXlQgPmzofIy1k44hXMyyxbCn/5/qRje4VUMYtoHwEy0kgbmGsW1Lp0leLRB+PIO7Z7r6ZwiplC2AhS0fjhH+bxkfhfZTWZ+WnPUkWwNROk0peRI2tBlDwtVpeS31/BwFWI+czfcWs1YRmeWh0pWhGA0UNiluDTtOYxKxzZ+YheBXEVyt8tI0gCPJSoYIGRH9L+W2rLGIsNwd43BWQJ+AGV7vjVOiqF4XogKjkyJrdXzZNyw5O9LyYS+rOZ3kQMSujUaemcihz6Q4xe7FcTPOWI2yWhmL2gPrpwwtE3oKyxHz+1GDrl7VENPx2NZMMbIqlBi5Cttqyv8eAxbgXtqoNHAb7SI+3+7YgO5h8cwQFzQXjyIaPsaG8aWTHA7AM0fj+tYZs8NTwzfxYvsyV3+7FxZUkHKFCOgpZf3qE2Xohjk22XB4ysq9d8CrgnQWGxJtt6m0DIY2qSNmOoN7ElrbQa1ST6V8oXzZjbGz1W0+8i+8p2CgCT8ZZZGR7gPlLcxUkmPrEi/f6mIqI2F4USSjhq6NxiEqR0RiJlqTaj2fO6Aj242YeavnvzLkr5lHV2dFKNSymaB3R975Fj+GSGKEknZ0NDALlvueMHB5+47eRchUSopwt3MA5BWXHsfWJaGLBG7aiiHS882MhgpVcJMqwPvWMbhiG5w56e7Ft6QtlbYvZiXQ8lrabgU99aIpvgcCdGMhUbyoOupB1L6SCmlKP+BTgJApahvZHDpwIqRkVZSqSCCiFAAoIgqlUpHtSYgpvzcooyUlK1G65lnnn/0kccnTJqw8+47d1Qrg63GyEhj/chItd4xpncMgkKBIo7rHfXOuFbtRIGiUqs30iYKfYAQEREoIRIAfPLF55567vmO3jHbbDfn5OOOB6RWs7Fo4ZutvzUq9Y5xEycggBAiiiKsircXvH3h+Rd9+zuXHXXIIYMjAyKOAIBAERFJIlKtVqvZbABBFMVpJlWWVisVEcVCiObQyLJ0eRJHsahEUQSIadpat2bt4GAlG2lFcYxCgKmBQH2wk91mP47qa0y/PimU2IbRmNC2ksqjDiY4LOOyKTX9cnOJHf6hJYardiiRhOYzUw5kygnRmYfBRQCAwjfK3OBWmnFtBoYN+GTBNUpeNMA0lnX0QPUTIKZjiXFUjI2O7gh5nFhQuOByTb7ILmgr+9CturCoYqDW6k67jhJLs3he/YZcu3yjyqCGYNeKuqmdxindzVKnlA9SOlqpqVC0RRAR+Lu4+dRO+LrSANcGHJET36uSCfKZjQ3A7gXRQOaO5DzkvyfopLAhJJPMD1565D0s6bKxzYShuc4MJ6JyXOU3HYvk32xNqV5/QAmgNQc/gTTkU78xmdU7EEIqN+sJErbebgSEZxKGJq7KpRn4PfPBiCHOqUm+eGLrwfx5kPJkWrNE/uS3WfBZo4RtotMXvlQrSDk0xgyBLRm1aCo9bwTsflnaNmlQ56xrsIx8d2AwGvG8r4J4MVTJakhQQ2vxTgCen8PgLoE6/8cZPqaTJTCb+syNIHS7Z0BAH52kT15FN6evmDXjm7EtcuwBSzzayAiDHYarMe7yBoWrSCHBollLT6WXslJQEZgDZySF396wflxYeQHAUa/RQsXM4GgTTeeMM+pMgazXZktuMQcn/rlHo8Bc6uN5OqbUmmkHJNtGQ+jFFZQc2+um0/KvHE8m5+RlijYqCuvCJG4JToOCNurLian9jgQqs2TS9h0Di23DnnnwyMpWbX0aj8DMDUZ6+XLYJXS4+DBfEREFCJKqK6p9cIcT50zZ/LpH/vrk2881srTaWVNCSVKG7600yn0tJaKIlBoaGapVKh889KRzdjp9RtdkSpVCJYzTyhfga1NDsP76fOvfQfs/XxgEkMPBfMXpWniQ51ZNQZK0gSxXLky0EjEyZpoV2Uje3hh2JCB9sjkSASlSqZQgam+/9fbXvvFtjBGkikVMmL+uS1kqx08Ye+pp79tvj32yVioIFcmuru63li35/fV/Glq1evbe++2z5x4dUTJC6oUXn1+98O0ZM2Z2dXURkYhjyuDJp569fvyNspV2dHW8+ua8VjMFxJZUkpSUEgQIgYPDw/+58+7GmsHKpAkkZQqZUtn6wf7X33yTUPSOHzt1ylTIj0GKoiihSqU2//W3vvC5S7PL/+9dRx+5frg/igUQKKVqUTWqVISIJ0+eAiRRiFpnFaQAQAGKMrn1TttceMH5U6eMX7l67VXf/cFrb8zfbY+dPnTu2WPHjnnhuZev+t7VrVaLdCEfIgjFzZ32Sia0lNldI3NG01CjjhjSglHEDjDUVbWW1KiUmspCgnYcbp0h5L9o7Nu45BUlaxAD44hsVRebbpRgmX36DlJhG7oKCsnMXNa4XSpvA6MXLJx3JFNG1wglT5l/8/8Nmkp8jLbwvJNRfaexzAY1tOpId2PGLWnJVRWnufLoCauWCSW47ue3dx8ME+f/twLemv4AjuNKLk4vueJDH3bbZhRbCwGUY862uxUkPzzrmYqpBL7AUH3qAXizUlPMn5S8icg6MDaqxgVNGcq8Ocj38726RRdHaM98bpu1PKTwvt1d5q2WXuXbmwtA6ysztygoeQL0JWUJKvn2u9kI2IkmtjN6oAcAub8cWZ4RUqB/057ccQXazSoIU0P0nPidSdNmdUxtGXTwhTImEvwxpzlGzaNYX6Uzt+UpsgMb3Pt8yb4QQP5DDmVzlqkQ+6hN/OAdXIH1Gohu/cirvy0o4HyZvohkVFCuBYOjdOx9xpSmSYhlKkwBrIWhEwblKC7oqJefm3UQhusJAlr+hY5+2Rt6jLvD6Rg3tUmoGvfDjzQjQdEFLV+RlpzcJjN1kwDFEIimYqtZraDFcuvKxYbZMzsnFEnCC04xJqYQCaWFT3bANvpeJz1zbzj3dhAgfznBro7l3g0SLIHlFA651a6DWFWID5q851bHbHHHmw/8/cnbX1vzegPSakcNBIAg1cqjTUrk4VsRDQwNdtU6DtlpnxN2OPygmXt2x52tNAMAwX+gmDGNQZivBMltKoK2O8AQMzF0BfaxHcG+tM4sjPBUqxCZBmnA9rOwYUDsmyYl9PUUWDUUpuRdQ0NXecIzD/25SLwe2Rw0oHOhFKgIhkYFcbRqxYpb/vqaklIkFcCYSKEAQZilra7OzslTpuy1x1xKpQTo6Oxaumbl96750Z233tHVO+7QIw5rNZrf//m1q1avuvM/d6jGSOfY3vHjemUqozhqNVv/ufX2O/91G0SRELFSNDg0HIPMZIYAklSkRIT42tvzb7/7gWpPF8Q4ODLcyoarUWXp8qVvzptf7+mePWuzmTOmAUCcJFEsSKrpm84YagzOf3PBl778tWpSPeyQA9aODFZEVI3qTz/37I9++IsRJRe9/gZW6s8989wnzzt/TFfH+99/igCQrXTipAkfOOmECKKWbP3m97+nefNmbznrA8efIDDaatbs637xy9Wr1yDkiTshAHOxaFMoNl5lxZBJ9pkf19Fs7csfQ5K6l0cggVi2YWz71AgKQz+h9ZCPjuZndX2ycVP4joH5y4YPKmoYX1uS1V45AAAIzfHBPEwGenOF8mfD6S8GRdEryxvwNoXctKeDg1xcqUvM29hbjmlzPBgmN9PwfbGhIDSTlBS1liKnLEHtGhXxAz4+MUiTjorboA2xlk7pBePwlgBltNTmK5RcG+l8suxgCElgYOUgkX/TAOBpecuPPjzsMyN8+xdzclLO09F1CLlGsRU27mVd9qINE86mY/6VO8UEOWlZfctWkOvbEkxx3ixg2pl1bjkIzPbM25ANBDMFygneDW8EnB7QODXYzgkk29WkLzksvlq1MAfWtaFD99z1QqPoeJdAONq4H4vUEt9aW10O7KAbrrO5sYwOb2B+dMGObgb1onyM1PV67dB2OiNwcjfI4ggN5kzWnC0tdAw8yNFTIegJd91GI5rQOlRo7VsAHULgxAH+xGQMI7tAxze+Scv2lGfFHcHx7RN+d0cixmg3DrJ5qoWxD6SdjpGJpUZyUjwHzQj7HEvmV2c0uAHTYahlvMsxxygxEYA2T+zdMm62cttIe68NESDGrLFZq9FTZo9ctteXpoaGgwSa/6apexrUUuZtC8JXb3HBPbM5STL2gpVV6LugJVOzr+W6jS+o4FUXd9RNxE6V1TY1uqdKKQ8khjeODCeVHAYo6MHnDaqg2cIZpM6sMKzjKwnmyobKz1tgjoH2qQC+L8XLx6UDWxtAZF6StiqBL7PUHXXNyd4hRMXn5+c4gPtATO85p1Tzn9k7AgUKJMysTjpjm+P3nr7r3fMfu/HZ/7y2dr5UWa1ajaOKiEAq2ZStdGioHtX2n73LqXu9e49pu0yujydJrTRDYL977Alft0Euyq4FjaYItzpf/GrT1Nca+pEb0t4pFTdWJ9lwQ+E3ae1eaNTwHXK77ClkW0Wi37Hl6wW2uxa2PGoAYJwCTj3It0XPiramQOvhfOAsnbbJjN12OaZWrUQihtxhRYijGABqldpuu+wMSkYCkqTWPzDwk59d+5sf/SSK4veccfqFF3z03nvu+9pl3xpZvSZtpWOmTDnpfcdvt9lWy1ct32rOFmtW9/WOHdNqplEck6JKUulNu/sH+tKRRitrIVJUEcPN1t//ectbL7zaPX5iY3Do2aefX7hg8fZbzVmydOniJcuqcW3WrNmTesYrgDgSgKBkNmubLefuNfebX/3G228t/uo3Lps09eptt5oz2ByuYPLiS/Nu+sMfAATEdYzjt157ff6LL/RMm3bEEYcKFCIWS5cuvf2++2fP2vSNtxauXLFKVCorVq558fU3IIb//vfJVrMl4siwi4kak0O+YbYcwyFDMdnf5vIyEsCtL1NfZNwcxpVs0x2lOz+kTNkxW8UShqM4Y3e6+b0YGJUNAYa1R1lcgaeAyZ/gGiUHSO3FIPjQca0XQsZs2yBRHHworIJJAU//sjb2j7efpmSSySMrIkplcikAloIC7V8chPVxgsgbqiw63EamlfUJOhrwoP3evaNrA5VBhdmtisy/2A/l7s9GU51npzFbAnOitzLaWRZczHIWtmd5OnVQIhD0LCwPmwe2nTPK1HIoDxjYNpnEo6+uToscdCHUDhS/nt5aDzrTSxY4MOFVsxy7Qu7OGboNVDbliORmGnHbjW016nU5luU75g2cOwy5arM7yM8NMpLCKjp//UyJ8621sofh3xjInhloArshQvk3fc86AMFDg+9c4GnDxhOjFnBkuDcwF4UBesN7hGfncsTnLBTWiPVDboaEWscqQ5+6fQ/GsJVen7emfJwcvcRaBFg1Fb65eYTWvjOTca5kk9q6ZbdrOUMggausdfRfxKChKFd6tuFSSTKCw1gD6HGYe5pb7EUSMhgrU5pcMXlDIpT+/mcRWCwTJM4RarO44Gk4QpnFswE0tblCB7jNxeOX7VQIeQJYgxmMUOafjgZVAF5xEIsJu1G2nWXnIMrvr6vEXbUDlvbwAA/tUQKfuVlL3cCLkv6vu2ZHNjKFSQzHQxszgD0Yh0mmQO868IHfRZMVQnSiTYECoGamKlFlu55ZW+60ycGb7/nE0ueeWPrsU2++sHD1UqmymMQ2M7fcf5+5u0/eesdJW0/rnCxApJkkIiEiLXjJLM9apu8EU2HzHM6iMuL5C98QaYe80jgfmS6+VnUTWRIwlgVHJNj6LHTtNXLRkU+40aXQ2T8KCPMfUMkTeuaZQBQCQbU233KLSy69eNqESalKhRBgGEUAIIpKHMUoVAxJEvWtXPvcCy8ODQ7utO++p53y3qljx+20w7YXfea85555ZmSoudfeex191BGPP//fRUvfPmD/fU84/vixvWOiOK7WqoAiijFrttb3D3V111tZo15PRJzc9+jDv/317ypCZGlDtlrLFyx4+vmXdtpi23lvvrW2f2CTzTfdbZddaogEEEeREFGLsFatn3PWWf19K6+58qevvzLvsiuuvOrbl/f0jGnI5tQZk4859b1RUn/tpdfmvfzqtE1nHHjAflOnTdtyzrZ9fY+gEIsXLPrYJz7V2dk50syGBoeiuPLUf5877cwPRREM9A0Oj7QQRX5IEkpnOGyIf0Kl1aZ1wEQFOm43SamENzW3xWcm6BCGrNBvUqaKwiEsVDnBYZlSMz2tQt8IWfMOLw94bawhYwdnRDg3u42IKPc8N0bthQNtXKsSI2C0nsRWF4xD5CVUN06oe6hzGPNVXUAn3rwbMUXbq4wYcqN1FHznsBWXVmLY2g9FU82WQLZfQHEKnhs0T6Nci5swqO2k8mK8nP+0ggKtOd8h0qw2GqVfaGoFLqdrN+o8/vts+bjO4WLtCuIDjEwoDMk/aC3q6U6j5Zifoo1zphttYBS4HgYNYXEu9opBsC9memd+MoZyDwKfQDcdfeccIBsQ8p4RahaAZrWhBWAH9d6bcIQFNgfIOdibH8s+mrJnS1w51KGVy9aCAeR8H/WIKkAIuaof//JNLruafDaT1aYyU4zjxLOww1fgRr0wzBMxqnE0g84cLJ+c7RdQ/qMQGyjV5jAUx+XUMbqkMPvkN+GMYgYEAO/3V8K8ljHhmdoLfCevvrEIiS2aZuzmRY4sCXhBWgcHkw7e81wZgK+PvQAwu1O0/0fJ5vFpzBodeMXIrjZ4ySwOSshsdOfTjuZWzabOF0BlXew4WIjgt5sFLBkTn0f3ISIeZAKrDtnSEH37M9cNbBPJT0dbeIqo86q8wNuydkVfBR2PCICM/syOG/3hE45dOgIYW9eKB7MuJABUBAjUki0EjKJ4h97ZW/XOPGr2fm/uuGjR+mVNmVYwmj1h0y3GbDIm6UCCTKoMsnzDzJaRjc/wY6AC8a21SyjTTY2Mk6CMlQqXd8+08YyzEnTa+KUXPtd2lhvMPGRINolIK/3LJTmAi5Yxecr5WbOj2z6mSAhIoMh3W1hW0MOJKIoBgITqGdM9rnNMC1oRJAokl9AEJEmJKEopmzxp8je+/uUzzjhl3PgJc3fZFZTcevYWW378vPUD61tSIuFv/3D9NVdfO23GlIsv+dzRRxw+0hxJ4kpHraYIYoFKKcRIymwka6CATGYPPvLY0ldemTp7ztkfP/u/Dz5+zy3/vPPOu4857thnXnhZDQ2PHz9+x223zTc+RhGhQCClZG+t44IPfzwbaVz93R/fd+sd/9hr7kfPPWc4Hd577m677bTLcKN58Ze/NO+ZZ3faacdvf/ebEaqOjo7/Rqqjt6teqTRGhtcPDjRbsrPWEUXR4ED/ymVLkkpcqdbjKEaEWrUWISqR2/tl+1HcHygSVoHIkG2fftfGGhN2T9jmcnaGMq1hAufe8DykC64+jZdw6MyB02TWMGBzF5TRaH6TlhZh8RWHtvSrBbv4NLjvFlnmhxhpFbJ1UZeVwN5eyBchtzE+L/tQZmmUTNQGFC8dytq4lGZZqpb8z1hcCx/E1/5chThZb3rpSVlLaxlY3RTAz8ZjvmWx/DgvqS1QUkl2187I1FzQyxkw/CaE5DdabKF853wCQ0Q3bC4/eVKzqIQKRMgAC8u1APjxKeYJ24IyY8ja7/a77cMtbpfqYlrTVTB6RTYBvGbbHXbMyWf5kBSSn57FiBvX01q/phDHn3GUb6VK2pQio9cj3GKjSH0+ZbqZrEBkgTZ+bpI3nhaV+rdH0NghzKBz0AWUoRvagllyE/jmnq/ZkWypKSK4dBk5f56hMl+CVdlmECvN9diGSswP4XFzyEefyypaR4MxtYca1FYMusE8jmALZtuvhzcg28w/4x5i/xpEWhHFD/tEJi306GaWEn1mxRsbb4MXaS8pX2sbcRLobn3LZ3h0GHHkHUg/Vl+FVva5xA6fxcqk0vxnETCvO3PG0Dr2vG2AG7PJ2qYO8ED+y+tFmcsauBhwGYsH4JU+Gz2I+79clpA2liIcewdURKUYL2tZGLPkddq2CV5PzlgKc3KxVO1x+2CU7DGfpRhFbod+ryp7FHtLD+sJ5FApQkGYWLYh+8wbDwCAlZZriYm5VFBEoEi1JEWIE6u9kyaN33vSzooIEBQoJbMsk2YCI/us2Wn3hKdjS5nFv4leZ40it64SDBX6c0oowaULbjohR/7wDuJSliGTVWqzX1ar5M+F/6hMQVtVb/ZZMwoREIocEIFCAAoUiYgBIJMyyzIps0azmSQKInu+Xb6HejClVJxEm266SVKvrF+7/sVXX4rjuFarV+OkUhUdXWNWrl334KOPrVqyKK5U+oeH316+fH3fQBTFcSyUUpFAEWMcR0mSjB3Xm6osTqJDDjngwWOP2mSzWZ/75Pl/mPiHO/9102OPPPKd7//gmaefrVZrO26/zdYzNlFKiUgQApEEkkksJKRdPV2f+eQn16xcc8tt/x47cYIQiAhxNa7XE+jPmkPDQAqF6Oiqy6zZzBoH7LvfDX/5TUe1NjTSyJSc98aCH131s7Vr+/bdZ+5HPnK2iIBAoACVZXPmzFagQKAixbzEjbnIUpjbu3Y71WarC7vpTxCq/1FEWgkzcKVf6lqXGolsDCwn49xuQGcCbaRTF46/IZFYnNuoNE/Rb9RlXC/PlBsVNghMn43QgbwKhgKh6xsARta94wSya+3jnHy73COlUTSmv0x+OSHXLvhbHK3sKtlEvu8bClhY/bfhHfc0c6HUzYclNN91rwhRaAktELQ4FMy4d6ZLG9L1NWgwWTtMedAUDUFnAHjbqpeknSTewRiM9oXvUfaIOQEMILc69NbkjHujqwl8vNqaZCjFPxUf8VXbKg+0yYU2oGucWToqwS/pfxACzBUG8jua15zyzzw4w2woz3rk/cOZyPXHIrINF3ElDs4yslvryy7naBP716zGvwMEaI72YIt16sokNdFQinkTwUondKtHbZ7ot0ktsOUXgn1b2n9Qysvo/S3nr3CXc6eUG8kGQo4KS8RlhMdNWjuEtgRGlTil+slDPLHSDKO7nGjiMopRxkZ4WzGna+5528naBBsAch5je2YLbtGtPuzoYGeL4+I2mADcJpYk1ka/iqqoGKhuG2nWskeTr82g8u33Q9pGSpDR3OhmccIOANhLL6H2spEQREt5nr4HU9LghCoChK+z8y7emtgnbYgEP6XrAvOa13hxbKn+DlBsh0PEYDeD3Ri9dswaN4789N5bRBvrjTEll8DameIukhacaPP23r4Ak6HIi1UUISkglRJbEkmDoAgjizUra8yuaCnIhzfBXnvT3xYOke7s/cqr06Ea0+ZbyFIcM14Jktvx3DIJ33sx3Yxqsli1UUA/2WC1uNUz5A0Fdqj8j02AuX10MsO8Yg9GkJhtJwAUIBAFmqi1UgoQlFJKKikIcz2iCAEVqDwBQCRrUa1/aOCHv/zZX/9847ixva1WK4qiSrUKiFEUo0KK8JXnX03q3ev7Br512ZWdY7qJIIoEIpCUlWqlVqkSyjiOPvyRs08+7vj+xvDcnXf52c9/PNwc6azWDjhg/1k77bLkjTf/+Nvrh4ZG6p2dB+y9VyyiRpbWQBCRlAQESRQJkEOt4TFjey790uff9Z5jd99t14wkxiiVApm20jQSAkAIgWkrzVLZUatsPmmTWZM2t3u3354Df/3TjSuWrthmm61OOvJY8C41rIYBo/yU4II8s9QZPjGPjYjjmtGeUKt1H3qHUTjiHa26h9hG81l9g4+YDxPQhKHnsvPh7JFJAfP7Zs0ol2bGXMBZaImxDzkqNn3ayK7RZZoN1+ZmkRWVdsVtR7B6nv0LvpC3BkNppRIYiZrP5el0BD6Ozj5CXrBl3yHyXvIPK3qYlnSEA57E97VYgBCz62GQwkFW8pS1C7DhOgYf+AgmCYnaxik5B8iCGtCQh9vS4P7o+pcfyWI1ePufGG2faYeCtGV9nJEhHMuGCsYOVDyj0IpsffitlvL5zwqzpVudKQBsUtTQpEt8kUa5CGZ3+llHVexbhQZkyvuTxaw1driasGhAdKkOhndWVFQkY3Smjs3e6F2241gDST+0CGMywqhkMtvq8GsMEjIyADlSGdItXPYHPhkPc8ns/tVGDVtRDgF5MDOEu0xQfs6fB2VxHiNftf1kQEL+CrNDqUt9O4fXhOBNKyfnNahsDNNQ49KBRVauc9SSkWeklZRetTO2fA5xqW5PGjjy8VmEJW4BQBnYyb78bPfHCgRN9gLI6SdO8k6uFKS9/mUmOz+CzmaU6hVWfsK9sKIy5l+RfyK3BwZ2qwhcCRKynpxQLb1504X+mXOpDdExQGOvg81gmztM8gXf7W0XwXAFt5aSEJi40EsMhrEcXoLlYuzWPSlolOKafQ1RqkuCAQOH0C3as43aqoTgEfpTg+1v5AKaA3vBkBoIYbsQV9vgmAJDlIJXoAIuMjG6NQMlat0C6YAqeezryzZWjleowa8wiFA6g2MnI/0CeBzpE5NcYE4BQKcPXHLSelSa4Arsw7SbJQQt2AiQFCjleFUgoPuFFXbiQDCqea3NyU8ndfPuxrw3y2Dns7GtDu2MEG+mIISstjON/LieH6viex0Id26nItfpmHs4AAglJI4AynCeowBys3n4BiPMvVqxvKtWCwooAgFAAoQAAUIjRaAgQiIAhURKKYUCvIgDgEKpUDWazddenvfyY090Tp0qpVREKKJWpuqVajVJmiMjSBBXqrLVWLzgrUxmQAJaLUgiEBHESRLHmZQihn333xPf/R4gyijbfNqMVGatrDF72qannH7yt772rZGhoazZmrvvnkccdigplaNGyYxAIWIcIwIIorTVnDx54pGTD0xJtaCViwEEEIhJEmMUJdVkbFdvKluS5LxF8+978GFQlGWyVq2tWb923bq1URI99czzf775X7V6AkpJlQ0NDW6y6czdd91V8J3W+6FFCzI94LYKPergOoYrbS6BiH0PPUK0f0s1JuPEYllOoGPIn9/+NdzJhJglXGL/mmYIIKwpVgoUGO+csXDgGgX3/audsC2JlvqikjVtM2jZrIFoLtcy7bVSyeXpZ00jJbqYWHCo8Mj7YIAIhrdhXGyDrtGAbNPMR6Onfd1HHww/cIwlN82tUtVWmmUttY9Yztl1yJHkBrHVam1tE2+ZoZlUmoRDkUdr8nfh3W3XgZx4tkOG0PNWWrd6qoP/F4Y42Wt8dmoCa8wGasm4c9YVRnBjGl63foYHrBUXzrLMlTErorSLsbq7QBvcogO7a1ZDGeRrFrC7bUqGctcetfJ2+l173hbLnFUd6qwtElSBgoduDxIPfHToQu+2fcc3r4a10t4LQaFZMlin2mZvOQpzPBmhY+dHMD9NpOeym8C6kQU9N+fcekxtp7OrvBUbggDWzYxvV8A0kyewXeQ/t7OUkWBuayB/R5r/iCpyWvEIhcBYQc4mMws08JI9MNG0tFtgx3dDEJjwjhmOkQu0f7nRXU5deprPu7y8ZfCES39P52iaLntNO6eaNs6XVQIFOc/umismCgHjo7oElBvdMCdb3KhYCqHkG02BiipCY8HYOOXE+7Tzfzaud8GkCCMjvDWU39+4CzndcZ85iHD7ni21AyZo4E8Exf1od1mdWJiijc9K4SYWmzHrhrndHEIXvCyjK3/A/P1NV5Tt7YPlESb0tZeuoxN6aiQw9STo3mf2PXwi0p6OFdlce5ci1UZ/DY/bGqJA7VtNz7DoC2HtPfjKqWQT3mEpn+vHhEwxuqFbMLDMpxJO0ElVsxXtkOOgDQKRAAKEKRfT3QUAEhJShHEEEYI9UYD0hURECiQVSIBANWQj6UjOOPP0Pfac29XdhUSIIjdk3nrjrT/f8LfF69blzofKMiLV2dU5d9+9Dj/s4Hpnh5RZrV5FgUAgRLTjLtsOZSMQoVKq0WyiEqRUV0ftxGOO+uP1f162ZEW9Uj/iyEOndo0daA3V4yoAkFSKpCKKoogASREISlupElJhnrMVJIlIdcTVWkcnKVi3bv3Lr7305LNPdXT3rFm15utf+kZcqSpFCJgpJeIoqlReevX1T1/8xUhQFAkhxEh///4HH/jra3c1O0AgLCUZFWitJeAIZzvvP3FI9AWc/wr4Bq4ggrIBReGrKrCUaS0rX65ovnEhFxd9t3F5Fz9qA58/YfB0w2Wlo+sm9JuCY3CDzPYVPYW98sYxZsyGLz8laPC88TrLNfa0YWAWQLuXJAsfwqFK52zTgOc20dM5FDy1kxbImgndjTMq3BLKQuEbY5wYredpcA55oALCAf1lGj9htFm9BB0HxGi9DZgx3L4rF/u+5QZG2wHbgoKz5HoyMxvRO16ONbdn1xaXwdao8VduyGpLJKC+4ohswPBiSQlugLvBbS9nzSOU0Z6x8fyXCLDQsMRbIGaMaWMFmCjmtkXIaLY56aovPrYpbbDF4YFQKVEY/uCa78hbRHmo3KLJXzAjB53MdM3tIkMAPFOINyC7LHbQvha9luVA10oVSYuTernxYu1icDAzag8ETzsx6yibTKokV9vEkOHL6pIL7VBBO4S8bsnDXQFzpRgomaH0NpUyuFs+tPPm+BXr1pZwneK3h28xi7wUWjTPfGQ5+4V5MZ74dnYEjz5psWGnKhUKOsAWBEuKwWYXFNNjloxFAcSFSRmii2Kb2j8yiR8zTPAwWI7/ua1RUmavFDcmwB4zfBxayEDoqWQ3U+n8RRhMp2ATzRTeMGWrKsNb26nDhq4exIuIaI7mVBdWxfAynrwDujEL0pMsUJ78ZatiRESmDyv5ASTtDJvqu3xksr3MkAUtnI/IeIWImLYt6mi+hz763Z77KynYQgZeTSUmkQkIAALYizoUrDukhfyv+3mcgjjUVcpkksn2dSVhtsT9k7/VhAZfSIQggYiACJUk5dlWRkWnkMVxdODcvQ+bux8hEmWUUUeta8HKhRf+89bFixZEHfXxvWMXL1pcqVSrnfX+5UtefebZfQ7Y58wPfaA36RhqDVEEtbiKACpSLZWhyI8vIFIygiii6K1Fi9asXlOJ4laaPv38SyOYdSYdw2kzFnEqVRwnop5ESQXtizNI+idkCSMQPbXeWOCikWVxHI+dOXX9wPrPfPaL815+bZ+DDth5+y3X9K0bP3ZcXEmiSNQrnSPDwwgKSGUZYRJHqSJBmaJWo5nKrBrFpPMrWvEiOipwqPQuND8DyqicKU5v7wyFjJI8CSpidORESzUbardDa5rEElJGP39gKc1xg6dUS8SLTja1UYTlCsGCF3gCOtYRel4lEs7pYa6ALPj+OKNV09gu7KnZWJZVC5wZvr4yUFmFxWjC1qMbPnL7I/HsSmyRmQULUacsnMbcmIPo28Hme4B86nwO97ndT+mEI4YbacnMChwqkAQGN61FzmaxaBzFaw2KblgzT4ij34TKurhL+G0I7JEvRJSfJI2AlhP1b0PmT9gCgnI4dEoNGUjEXuDPGddhwTA98W0xyhfzyozSHXLRJLZgux1mECvmwEYl0K45LBHNV0DsMBL7X044zp6x22JrLu2aXLbJ4CCoag8vThBsRZ62ZCFmy19u6zUm/PcfbLUZOpns0TFpEQglCMn1rLNG9IK1K48OLAY4I310VgiXr147ntr3zI5gux1Wc8Xu49Ije0dUDj9uzLxeytC+T1XW4BNaeFqeZQTJJmSY1vFuBJ3vYGoqKBPj07kgmbcn6A6BD1FgBC2xbfSqawseHxhm0ysx24kM4SVxZ+8qU4PIX38zuPO4DjEQrUFgmjkyvsRkH+LwroOIfxktwxkmTPxnxWt01WJdhXdwaR5wLB1OW+Kpl138QIXSedojoXy80q9+/Ducosz5LLVUyuYLHUuwes5JcI+vqDDm6IRaBAnKzAj+bAOY3xjrZxToyEg432oFj2EC4cKHybHBJQdTO4Hg1NLHTQFa64aCBLWu4tAyEWTVNR8ogK1MIpRdGPyFjSL0Arj+eJ654Xsf+hMBmJfOmSXAzZFifzubRSl7rt+XAGFEjVQyI2nb541T2cpkNc0yqSQAKKVUJluq2VLNSEYERCo4ORBJQCJiAmqpVkspVNhb78Y4efCpxy771nfvu+XWrqnTP/aJ85YtfvvXP/rh+M22PPfjH37uuWduvv76n37nqgXzF17w8Y/sssMOI82RRisFVBGICEW+s5mSlUh01Trvfuyhz33+0tb69XFXT5q2bv/7zWfJ9PIvX7rljM2VonV9ff2LlwJGzUYzlTJVGUQREIBCUiSiqBpV5y2af9vtdzxw/yMvvTwPEOa9PG9wXR9Wq1vMnn3CicdttuXsalKN47hWr61atebyr1+xaNHiTTadecnFX+gd35O2WhhhJuXYsT0SVQsyQEOmVp8znNiss7/nTOeS2xPWvUBXeqeR3zFBZ/OtSMiBgjYwGQ4MGRxtA0ssVk/zGCWXmYy28q/kcbR/sRjlBhlnY2pwsPCLI///uHJzZqNZPyzzg3Jdlb/r52SkM3LaiplyueXD9j9ghgJ1VpzhnY5YNgcT0VR6PxBuVLj5v1yM40rB0raoMRuQrAo37y1Yw9twHIHS7AsKdFSufA5n2vH1sD9B69InpRig3B61zOgRDAHLBhgRz+W2pzndB+PNIADonBsWILcemuF74kNYUWaKoHJtrT2FUdZGLsHFqZzQevUIAan7K+L/shBMAWm8LZGr08p7caILPE0tyIgzuHUSyZ54Qb6FnduHXtbRgz1gd8+VCKtxcwval7VkIjLEBivlV98QcU5UEJuw+oULfKZLOKn7GSBzqbw3Csj/4yaiqTtlc+WAKzIkSD6h2FLzNkLI17TtG7W1+dp0sftpTE73xNd/OpRABEWjc1TpNbpoK43qlusFjaCinxgzYI0gM/vAQ7mOptjNAvMYcePiCvoJM39GHcdlXMiOUKpvyD71l11gLO9zMBD57fW1QfVo8QO6XAAc+OViRUNoDR2TvQH0qJaKNOgbByWZT4Mw5M39ZgWcawi9GLxtwPbOxjNG8cm1ArPj5ADxYZm9Yjc9LJeCcOUuhYJczjDJoo1dph6AbFzfuoVGr5A3iXcChKY0Ah12C9BFVlHZQ8DMyvL4kCH7fGPDo8AYV+ibxpI20WZwRG7zBNpkRgsdwwBx6DlnOT4NqC+U92iUr08mHG92OsNjZCdDR25mcI9Kye2YTQZYNHGRYDAjLEiml0CsxpViAKIj6QCAzs56taMCAJVapbO7q6OjAypxJCIEEMJFDQUAATUpa8kWkEJFMcQdHZ1vrVz629/dcP3vr3/jxZcrkyZeeMGnzz37jK9983IghXG04047feCMU7rGdV//8z/86brfPff0M6d/8NQT3nXMrE02R0UpZKnKQFGatWpRravaffM9t1986Vffen3BmHHdhx1z1ILXXnvmwYdvvelfby9866wPfvA9J7xrp+23uegrX0iq1aOOOjIm7K50gtAblcRxPa6/tOCV8y+85PVX31ixdEWWNpNadcddtttlt52322rrU04+aerYCXM23YoIJalYxMvXLP9+vZY2WuPGjzvu6CNqSTUDCYARIKKQkLag5fuN/q5blaIRbq0dTd75Bhsa5uaFi6JbY4bdcwSAEDCsE9QFcsvpx6nEQMpwOieX7StK7JJhvRvULkDK9Q7atRpLkyUM22euOMuTOc8mT8kz9cnZOKikLxvUl8PFi8tl9AWsVqnGqeAxbCtjg1ImZEa8rWNC4qeA5Eaa2YAybcvRBQVVO3o9LTHtUDqCreLxUGSfce3Dft1klEqiUshZzZebwkmsNmssqGwHgJZp5pwWG/rxsG9MJst0+U0jyZke9NnAG4GJaUNvZApYyFC0FxK1nqdJxSBYh8Jh0E1hZgj1MsvHkZXi+Uv5TBMSP5cGQOhkeF5Ko51INIfhWKFkwr9Gt1kHjNh8Fn0Wm56dwNpbTzcQROiEj31i/CiNRaXxx0UF2LpAy3O5cVGUQQh2LXoXWb0J0+6ItqyRnLdJucdIwOspnbp38kSbYi5D7WeOGJORlg3EAsK2n16OLV6xvX2lEWLSnHORtyNtP+ZkTLog1jwKmMbZFMYEzalRWJmkaY9AHy6RW0E5ThwdOBQFoQRvc/WLAmhqbvIVsZ/KZcpIH6pGBJCnQJWxY5QR0GTgZKxNxunnPMPPymGuifHO9F4iuhHMJ4Awi2TAdBvgmMHUHngiPiRw95GXwgQS2NnDFJykZJUOU3CceSyQTgF5iWJ9P2aVQlYUGrQXBR3TdxwRxVkt3kINirogCouPArmwkZdvGYTgBjUE7ft6d/yFsLIlJ3nA6mgie/5Y0N5DiFXezkIOgfLpyUxpyCIwWoo2TPkaeYMgTBLOw7+X7V2oacEA5ygZNvhTBMWYArYZ2TZDbxIjFxi+iEyg0IBposbhgN4YfBW6E7NvdAc0whHtDXAAM8CLsdPCtP7k6I7147+ISN7eGs2FYe/iVys5eVf7zGuo1+IQ1gZUJ4m9NugNaNKhfIeMdCobWPMBmbFYGA2JSERRJluvLHxj+fLVcSyUkkSUppmSKkuzOIqXLF+6atVa6O5atmT53/75r0mTxqs0jZNKHCUiFgKFQEIhBGKtXps4cdykiROqmKhIrVy75oFb/nX97//y2D33Dg0Ozth2x49c8OFPfODMLJMZIgAoJEnZ5lNnfOULX5w1e9a1P/r5S48/ecX8N2/6+7/effy799prz23mbN7d3RWLaFyldxCGfv7nP3z7yh8ufnNhVIkPPuKo73z7iiefeuQrl3xl3vOvPHbfI6+9+Mr1f/vbfvvsO2fHHcePG1er1xctX9TR0RFHcRzHSRz1DQwMwGCtVkvlyLrG4J777zl3n9133XHHPXbdbVLP+GE13L9+IMtSBAAUAFGcxCvXrhYCAYAUSEWZUI1GSqQQMW21Mmh1dnehEfWoDTuD55ynGSk7wgqoypMT5JO2YTxuLnuPmclTtFQKnO7sCj6EJgz/tjvlwlCQsRw9Lex1KVmca5sXtjPL1ZElB7ugYkpdUGIyE+3xqoW5iyLYmIQl4eSSOB1TK97W+fEkpzK8LTCYKuhJBh4jD45aMlakr/GLEP4vSrxsXfyBgc0CadRoEELjunVUPeT8TH9Dw05lItIb3981n1oIXCWhhbyg/gKQfEvOjVy6GiRSpWqOiBQ7t9bjC0s2ZE/UZ0QfcCL/iMEHNzppGWWRoYAgDwAq9PBkeyMhEkaQN9M5OGCqkLSVbzS8hpDsd/OzGVpScIJAYv6dWwp/nxQhrz4GwNzSdzqIzaNX54kIcHYyAeRvhJhxAJCMN6IX65wuZf6v71mwc0SivwE6vaWdVeeC+mAiM0Rywa/RqxBdOIEUoMpLbiyOjB2FxpAyW4BIIAAFQH6mfJt3qTiudMd8IgA2CwBqGrARGPvOVGhtaYQa9zOf3RKZAu2k5SpAmtAAESkDmrRjKXTlMVQ4Jg8QEQWAQBQE+tBCswM5pQhNSDkNm9WhsuwpIH8VKd8r08LsnVMDPPhfikPfpTPL1VFgntyyKAI/q2Jg5rjU4yC40QNlaradK2uP38uDtp64d3GfkstqB0skQVfI629twAVKU6Q+NEzCl8hQtjgokYs+dOGHYpPR+pdMajfHhQcKJpYzLEZ1k8K9tbc5RRQgDIwSvy8UvxYm1WPawBrvRp4fFA7ZHonuVT3bsBhB8FLQJY6xgaeMgXRmC7G0rw+LVYbk33EzsTVBkI6D0N5gojSwqAwT+y2LPrtrDyYlaJ10l0plGtqrLjEar2Rcuy1+OUqx7D/XUWw80AFVLkYMCYBtAFi6F55BUIDGfuKWiQ+Jdxv9Xu6TMSHaU58PnO7l7S6fxpI7kYohHm40/vL3m274y42dnV2ZzKSUSikglaUZEclMDg4OJ7WuN1+b/83LvxMnMSBEUQK5Wsl1C0KWZmMnjv3IR88++8RTn3nl2Wt/+quXX3nt7dfeWPH2YujuOvYDp33o3A/ts9tOUY2G+1q1Wh0giqpJJY5aI82JY3ouOOec7XbY8rrf/PGu2+787/0PvPHSixOnTP7oBeddcPaHl6xZdtudd/7nrnuffPi/S95aJIQ49uQTvnX5V2aMHzv+8IM3nfGLP/zxz/++4575L8978N93P/XAE+MmjKt21LrG9tQ7arVqJQKBApXMRgYHLrzw/PccedxFn7tg4ZLlB+yzz1ZTNq/X6hEgAd30j1t++P1ru3q6EEAIoEyJKBoZHl68aHGlnrz55punnXl2EmPWaiklEQUhHHnMUR87+0OSMrORzLCx2svTcuUqEYDxaBm/lzESi+K2uwqPqCD+KazNcjTGAsqB9HbVYwHsWjQgFC2QQkujIMP5DdP5PwBWjM+2TfEZOBiq0ZooYWbVNS6Tw75bxbfO2m6hb9z+7RjiHUvBLjmovMSQG12TbsyFQdJygxFM22AUdTP6IfB5E2/3fSTYfS8FoHA/uMlLjexkhTc19G3gur78KkE72FxRAfw8/e6qg6zWDWYGasPLQTNge08I2jR3WtNO4IDJrQIFUpH5gUUtIBCUUgSEUU1hAoQCFMv5GEWHoF21fBwgkoqUEpFAzDGr8t98AQD2smnuaWFBzBnAyIoCi5TcgzRHFLCfIzNoVFo1SQWIEOX+rjBj8D1AJWLCiIVQjL7NPU/K/5VIpMzW5D6MMHRqbRm0HYm0F+qZogBgXG9iZXQIud9IIBQIkyVVRIQkASWQIlRo9zMfRR/IY8xmBAWCMCaIcvdcmxvaYTamlEZn3osQlID8t+qQSBEgKUKlUBC5EyBMyhZRUQb6Bx8iG01AncwRgEiIigRlqRAoIkEAJElJiSgwEqAIgUApwz0W1UggCFCFksRgVAjt3GIMJEjknqQSNqgFKDEiiIAAUIGSIl8mKeMq6VRufmAlGvxYKw0NWovysY2+LYiftu25Yg4ekt1AMtnrnONMjhXCxlantpcBFLiqvuPWznwwHc1HO4ffIbZjkg0AlMZcfRBLtU5R+RUv9mND4H3wB7Lgo1XGbJY2QxtvoABDoIdK9GUQPLafTUdjP7eHtnD5QWUnPELasU6nVQgQbqn2Rixdg58QtMOaVegd9eMpwF7N4jFWL3SNyBHYrnLJlpuQjsmFuG0bTmbzmNWHYIQRY39qvl7UYjnXE7mQZAae/cD8ePZanAcYgtVhZXkdW7fkoqp+ijIkUhvE8wYxYznsmUN+8i68LVk3uMjhLCFPwTba5RoTwe20nhXAlO740JHWzNyOch0Z7bIwBAIPgvNurgJbmwVlIjO/J+wi0EpEqdb1rV+2ZHlPz5hWmiolCSgCUBKkkgoIAJM4liTXrFlDCqIoEQIQhYiEAIEAcSSyViYgUi2oYqUjqS16++0n77qvNnbcQccec9IZpx120P6TJ4xrqWar1UKBlSSpJInIJCEIpFaz0d3TfcIhR+2x4y53v/fB3//y9w/ecsfYKVN22mEHAUCEd977wM3X/R46e3onTXj/6ad+5qLzZ06YMpgOiEjsvO12W1588emnn/KXf95y7+33LV7w9tr+/uGlSwAF5BaMIhAIrcaMrbbafsedMqQj9j88oSiKEgCSKstIChRDwwPPPvM0xBVoNSFLIZMan7UaCBzuH7hrwXxDEBqX06fNEIhKmSwLeKSD4L7rTIAumQJnXyIbkIutgFqs1eWi+4YlvBm1LjTjtCv1cV4SekVHhrg1taAtNfGLcLS6RzOy4RtfjY96OdmC/lcHoy7F4rKO68FAEnqq2ga18v9spL0wC2mbQWdJAimqqxaZVnIua+DHotsLBF9ZG2pBYxWgJ9U1GIzFS3CFOrtSYipYUEtW5x0Tw5bc7pc2/RGtcgnRFRyDwX7VrJ12LoIXtuMmit/SRyYjBgZWuQ6z6hscYoueZ9FQ0QRdhj09X3hpzWxoyRrIbp2GPu1W+zYPGwgA/BogQyQebWjQFFhlmKf8KCKLDwSSGEVRVw8AypGRVLYwipJI2FGtftavtuZqFAEkQZyIJILmCCmASKAXdLIpFCAgmQFxw8rZQmSbuTfhCIhIJBFYYaiLSMmiEYAAiaoRAGEmIaf93D/JD6Rhe09SkXOAiZTN1Kn8d8Qhd2jtT4EiRpFghzcZeUlkfuaMOOS+UWAZULNCngjIpYYiqcFQBCQVSVASlMrdUUd/BAAQIQiBURKZnSAiUsJYEzla8t/bNvJJT690elaAEpE0FCUBQApExIhU/pUUECkUEQIqyuJaFwCp5giRVAoUqSiKMEJCAQh5USsJjLrHCNWiZhOBIImxo5uyFraajj80oYExO4RUSlKeigXGvDbAKAEFYAQRIAqlBBDFCBgLU+BLSmZK14MrUEplaSRUpKN/pJRIiZL8nR8Asj965kdfyVeINvfAzW+vuaNm0OaskySGDNHJLk+KBjf800fK1R/Xxe1ElhaV+hO/6yk+Xy4F0rh02LyNe/+TlyaPHtHcmJCnb33qCUeLVpZNA1aUbbDthg2MDXQPY712Xq3I38HpDu2m8JRJGPY3/3CN4D8tJQ+v4cZCSOVjvcM2oevzTvqTTjaWAVzsVrK7Wr/osjdb/FaYR5ch2jBvzqX/b9RCoGOABjqjCdC7g2W2RXF1jFNYY+JHS/jI5ELAFBrbG8UZ29NO2AaA9LlxRYwji++Ztrl4ZNOjXTLa7wB+BUoRsPyvDn8KxJbKKh3JOWe+/6gjD0uSWCpJuTJVpKRSSmUkpZSkQESIAKS0XY5CRLGI88KYSJCiOIpmbbZ5UzW22Hz2Vy75wjbbbL3ZrC3eddRh0yZOEQk2Ws0U0npSaVE2ODzUShvrhocbjYaoRtjCTCnMxCYTpp9z/Kn7bL/bXw6/eavZcw7abe/hrDFt7JRPfvTcVctXRpX6x879wBH7HtLVVWu0RgSilNlg2qrUkp223XqT6TPPOOnEFWvWjDSaby1c+MpL81atWC1lqpoKBERxdOCB+8+ZPmtENqoijhDTrKXpVAgUuP8++37j25fFcYVURpSbNUoqUvoACVIKhABQgAIFokzTbbfbhgD0r8vwjdUEhfZDwbVowxNFgsLCV23ntRECfOA2Ci6YPgDFk2/lEUDtBeeNnXGUg2XssdEv6021ywgVBfPGxFvL5xotNmcMSTA2aHF8P87IQWqrlz39xRDsaRlXaGdHQ3acSJBKJe99eK+LXWbgFZeDxhZuP6D/obQ7bcCiKDGpNma/nF3/Di8qctHGaFqvfVDXvcFIbikUAGR+ghmAE2z+qBQoG00qFwVaSCO3pgH5QEwHERICyYyUqiYVIGplkkAAUaVSabQaC599plrr2HzbrTuiDmo1spFhiCLA/ETe3G/KSBEBkZJERFIiwEjabI4M9vT2Iplz5hABUQAKRBFbk1tgkgggjGJjyHMqUrljlftflPtrIoKsAaQAorwVAspUUpZGSUyEqGTaag02Rur1WqVaB1CIQKBy4aIdSSEQQQiERCAgSSAlAQkSAfmZwkQkM5La/cyjkCgiEAhSgg4YoJFjBPb/uYVjNsKIJzJWQj6WcXVMOxEjRjGq3NKKQKICASpG49fqQRDBRLIEScgkaAdQIFJEClCAMIVhEepjFXIskQmAE4AQSAhSgVIECkAqqRBjEcWgYgAAkhALBYJkikpVKsnr816TBJtMn57ESBGKpAJKAikikBADYAQqUmpo5YqkWqlV6kCZbLXSdeuSWgWFoCwv81EEgEozOyEAKVGpUpQIykkk//VnMpltxHxFIhIiQhQEBFGEUkLaAABQEMdJHFdsWa9SKYoOzFqqMYKAoKhSrVeqFRoZJkloD+xnAsDqI/bJWoVQwl8FbkPrDjAGIz1kyTmpgVTDnJf1jAiAplhAKzHkJeeGstzc/pTINGz+/f+95iW/9Pm3XkIMsGx5o8nR4lNn9fJxuMIok6qjiVpf2biy4/ZdivqvWNujVbiNKNunLJ5g9Bzmr6q1BQ8cFZD56gHHFLPrwnbc0pxJ6PntwVfLjrz0PYcWD+yiDgYACgYnX/PweDSfvai/AxVPAd68lgbIsqfO1uHmbHuiMyFCBaRIqSJLa2coDzqhe5kM8zgUc8uMktKwE1lhbmJOgA56tmwKttJtJIGXc7CTOeWv5baJ4aLuRhYV3ETM3WuT1bI7ztbgzAI3HwAFWDRnMtlG7iUSQPTWQA5XPqGx9VCIFYMY3pL4R/uOBdhqNDtWrgyFkKCiKN5lq+1322pHfyigPHibb71VfAAIAkAIEN6vrQMQUAvSVKZRJObuvutWW25ZqdY66tVmq9VspBCREJBRmlThpJOO2XrL2ePGj91hpznDNIK1SCCAhFSmcRJtN3vOJZ/4DAlSqBAECdpz192v+sG3SMHOs7aTIEcaTUAgVIAKBDXSJqbQ0VnbsmfWlltsEZNotpoDg4MjrSYBkCIQkIhk7JgxktIEkKRKFSEKzNUlkiS55eazz//o5gIjAoUESuWWE5ljPVDnoFABgRAoABUqhcpwPeX/8PMZPFKxCQwjTJBRaokCDDaDDVkqTMAAwdjMEp17ZsZy5Wf2jxbX+mywQHeY/EVOVn4+jYz1rdXwKAsJL9TvhBru51nBUm+HZ6VykWTkSemU5bFvp3qMdAazA6HIZePbLowgSlQe+bopXI71osmIS7+9P3ve3clP7wWDwtR29mLAHooainf3dZ3XBXxCLVMl4AkiNEYhBW0cQrjPDGD9QCP6PKrmawk3Lr/t5SXIJBd03RIzBxzFu5scYiP7zUY5XY++YQWG3ymQ3hBGUzRR6focYri0+g8N8jSzkuO13NrON840YtycaxdJilBUOjpuu+X2x5546oOnn7zF1nOGB4dBqWq9a9WKtd/+3jUzN9n0I+ec9uSzr+65xx7TZs2Sg/1IMn/FTsSItTogQtoEFcssjZK6BPzltb94+Innf/njq5IEVdZK4ggEIEYoQEkJWQtAIIGSmZINSOLmYANInyqjlMq3IcJYRDoiJRAigaCyZlPGPV3mJIZ8TSrurEO1V65dq0jFlcr8eW9+/htXnXjCu09/75GNRiMRIpcUcZzElSpgjID5L0sLRZS1MBKQCCAJIy2Zvw8pJZASoBARQIBSEiBtppUkhigiCRAFdGMcPMqVBmXNVAHGURQnERjxnheGElGapiKOoyTOS2ExUyMDgyLCVEkgIinTTKZpK02zTEolFZHKXTdQmFTialLrrFdqnfUIAYgiQVEsjBWVmfrc3Bk25IG596eICKWCPGQAiqTMmo1k/IRvX/693jFjTjv5hEoFKZNRHBEKIUSjMVSdMPHKH31jaKRxxbe+MnXi2P41qxtpY0zXmI5aVwqoALNGWuud8PD9t/72578998Mf3n2fvUhUF7z44hc+//XjT3zvmee+Px0cUFkLlSSAKMZI/+QKCRE1hof6B5uSSIHMfzebiIQwyoKQcj2rSBKAEErKjlpt4oTxcRwjyZHBxsBIQ0QRZVLJlEA2GmnPmM7e7q5Utiq9vXffcfcNN956zgdOn7vv7mlff5wkgAAg0B4+5cxJcIxhqnaZ6rMMiDYfwytoyL6hrSUGY2REOwRXxVxCaMXXxndjnK+/ey8IGNMwhKoQo3Szht4BAWBQORvovpjJNNek6GGV6g+zjraqnXhhgrXUsS1G+NxOr5cBZ5GhxcXGXQ4etp5gxkBbM0KBkrkcFRjzqGh5+E5vYCqVfg71dGlI3hl1+gO1ATvAthdhhdLdtkQcQtIuts03qW38m9sZbSy5Eij8WzYNp9sSkCISlKt5U+dnTAfDg2i7aj/UsY/VOIav7DKAFRgZFcxARWNrFxdYIhJMxXRh3Xa/SmmYG1pkoN1YaocCCjkh5dzI6QptK+aLlDKqow/3t2xDfSSUwK0HQqA8uK69SkWQQorm5V+llAJFQCqPiucuqH7fG6P8dRBEAUKAyPfFnDRBCkkgZlmmkHp6u1OphhoNQMJYEEgAVAQixt132H7fnXZHhKZqtlQWRRERkEAETFWWgUziigSZqgwRMpUS4HabzUGAhmpmMhNRRCQJtKUpYkGKWrJFCgSJCFGIaPy4sQIxAq3VAQSBzKSMchteuKMKtImKolKJiEACkSISGjtmywzuUCCgQIxQCCBJhIxN8ibcZjenFBIfxe6epylMcMRjCvA3kqkXpycZBYANDReIwzYgPq8fr+RxMgcE0wAB1FoI8BMnFLFzaYrQeeB4ir79L6lYN7sQjGPCVuu7PBdrY8/lfFAc3TEVV/w8PNrOquCOE1eX7bt4APMPG3eh0YyB6tP4QYQyHDq3LcSYM4rQ/2CngzJTpBCI0K1zsQJtCsxKXGIGPPotc3oond3FO0N1ywQlNwM4yxXNrQJ4vl3nhTaNIUBe1zy/QXY2XbfHkWrNTi9iBMCYx2Nwz5KxhS55+SmpvGgSACRRJY6Hm/Ifdz74zNPPf/DMDwAgKaUAQMQDQ8PPv/w61nvW9a2/6gc/HR7+8de/+pmjjzlKNluAJFAMDQwuX7O6v38QlEJBoKBeq67tH7ztnkcXLF4yf8Gb3Z21oaFBAYCRiKK4Wq30dHV0d3akkqpjOl9/6ukPnvv5Sm/v8OBwlIhIRCJCjBCJSCFk+cuXCpHSLFUEQuH2s2f/7pffyUQEJn4ghHh7waIXX3vzwH13i5IqiHjtUOOux1449r3vq07asgr9AAIgBogBhtTadbm4xlr1iQcePP/SK6WKIhFJmVUrort3TCMdagwOZalMSamMSMkoiqJKtZrErcbIuN6xP7j881ttuyVl5ohRa2xq4kUiEpVKbeIkIICRhhweBIFg37MgiqpxNK4XlJSDQ5lUyZie2/75z+//8LqWpJQkKQJAIUgpqTKZSUUKskySSgGVVFSJko5qfa89dvnyVy4a01WDWtdvfvXbm2/9T7PZGB5uEoDMcp2qlMqUUqRIEkoFaaOZZVmtnshWY7NNN73ymxfP2W6b5vr1Kq6MDDd/f8M/Dz/0wO5JU+MaAuGatxd+9pKvHnTAQSefciKI2msLFqdQHcli7Jj67z//5Ve//f2ln//sQUceQcMtkFlUq0Y08vOf/X44jXfYY25SHwcA0zbd/K0Vax9/9oUPNNNaVyekMSACSpAya2VSgcyy+sTJjz12+5VXXrtm3WBcjZqtVCmQSiECRgAKOqu1uBJnKlN57hqj9X39hx+4zyWfu2DixLFYq705f+HXv/W9RW8v7+js6F8/EAFUkui8cz9w6hmnZCOrK0n95dff+uM/bj366KMwrhOtRxHpIJszqHzjiDRTWSXmzHVyZrvnGjgxGFp8fjNDKix84s2MugSI2XTeWKan4353UXjH6REHORJrWHTfghECXyYOHhZNiFJ4iglSb24GK5Vq0w15IOWpM9uLf7AzjmoouAlYdIFPzNW81TFFbHoWvIHBNgpiAxwON2l5BtVQbdHC0zfaFw5ZUih/DHbftAJi2g2Ycen7WAHJezc8SHyAN6bULVCq3qaH0ZLiNIbONchAEgBBGdPAZgXRYx/rU3HFrSdlcejQ5XJ9Cn5f7guYnkWYKUAvu+vDFXYjf0jOPVSYy5ofjjXLx/WWrReVA48MTssnCCzB1NZotlSH3i373QMWC8jgAyAYAUoAmAfRQf9IuiKlQEnKvVD9O1z5kgUgQRQBAOUeoEIhdKLBCGcCACFIqVaaKVAiBjKbihARkALIVEZqBEkoVLkZLVERSIEgABRRI2vkhKs0+ihNTTQYkUC688PzMGKUm2OkcuUPSqUqIhGDjCjKXzRBgShAQm4oKo0HQwBEkCpJQBkoBUqRIlLKY9JcrYjc95YoIhCReRdFgT0rId9MNKlQf8P4YMQIAvw9tzZqKBgw+OB2NiDMkEssg5QBw1Qq6dnBsYD2jDWLo6OjsuCM08BOvo56oYMXdVbQRRWDYwRHG8MvVtX3AUwxHc+a8o5ONnoBvhDwAIxQO+QVE3aQUXRHca7CRL64Z+rDGgzGrAokhQ7pFkD1NGCgzRkwnHbs9PyDk+YmHkkUqJdcsKCv5tD2Kk3JjkIkPDthwhRWi6FxHQpFs8SqTozVUDpPYMnYtIhnjVjS96QtgJF5ALloFLY1Wrwad7MkKkM2NuXxs90bbqOYRI6FSBgtKUFmomfiy/999Jmnnzns4INnzt50aKAPRZQ101ajkWVpXKsklXj2dnMvv/zLf/rT357575OH7L9fUqu2mmm1Wl2yZPnPrrvuoceeViIWAhVBnMQCYNGSlSON1lkfu4iSCIBigVEkSAESHHnQvhd/7pOUJFDtWLt+6KVX3/z0pZ+fPXns28tXV5MEkYTIUwugVJ70A5lmAKJaT+69/6FHn3pOxLHMCAiVEHEUp0Jc/7d//ukf/3709j8TEqKqVKtRvX7tr/94/yMPgxweHhwCkYzr7jr5hHcdfdgBaaYiQpBq0uSpJ5/4rkZKpFIh4qVLl9zwzztnTh139EH7jJ8wAQEIolo1zlLZ1zeYVLCjVu3uqIzrHUOZQuV8CNRnL4HKXy+Nk5XLV/7uJ78earZOOPqwHbbZGrJmLv5JqaheXbJ4yc9+feUO22//nve8CwFB1Be+vfS1N944//xPjqnXBwaHKJMEMj9VVSkppcp/AycSUKnE1Y7693/46xdemSdJKEKIOt9cvPTRp54/7JCD95gxJVMKSIg4iRMRR1EkhCRIU5m2slqE9Xq11WxkmZw6bXLPuLFZs9FS1D1p4q9+ef3yVQNvLFx64423xVFz8dKVB+y9s4iir377ms6eCSedcmK9nnRU6vWuLqChv//z9hVrmr0TpwMiUKogq3dO+OXPr/nrv+7dfrvtv/GtK998fUGtGo3p6RxqZH/9280PP/hQpVqrVkR3LclaI1vO3uS8T35i+512bvSvr0ddy1f2v/jqvBPfc/xBB+y5es36OEqICJCyNO3q7lmzdv2KlSs23WR6R1fH8PCIJPjpL3/78quvp1mWpWklqTSa6Ruvv7nVnG1OPum4xW8vufOehx579IlMIcTVjBAAozjp7OhMoggA8gJwIABQ+jBnz2Czn5gc9Z0Xw+wuBWr5rSggyn1Uyut1WKTPHf6rDR1WyOOP2kb4kzvk0oM2/5wHFl2K13fogkqTwF/gEjj2pmbaI5ehRVXhNTfqOVA5Dk0FMVp0HTfyQp7qLLh55oxvKt0ePkrwIch2Omj97k4f5PrFNAgFOORGZzi+c2jZ5vuIMvMwjRLAbzbbnPrgWQVhpjFYdujPO4/LmbvgzLOAMUC/meFDYuby4hn512J4wi/iYqfAMg29Qd/V5xSDBON45qlQ1FuQv/KZW6r21CFbiRgiFrHoX6KlNgtnsZbANbDquXQfyDUj1siRiglz6dog1tudllR2fCIb38KC2m02NgNi7t8o5E6g2wFjGJV4AkhGptrlepaJdhcdHIjcgPcWC2wQt3r2xXKvBtWdwQT5KkzZlJXmiIAC8zOHjMTRQQy9dtOSECHPApgkIiEJa8tJVJIoQkSMRN4eBAhFkJ+4rjdJWYPb7IxGoUUOsTNyAABBmHmFEgj5/xGNNlCkdJVV7v65o+TzpaLUuTMERAUiYkSlkxqgE79C4weN8nLyxe4CO3DISkK7z3yHvK2x+NeVhAU6dCEMYkziLNaAAtCyqLW3ClzpIiDsm7WtOWHpPJUvbkz0hDCnGIECCpfhcE0eOWbQ22Lvcmgse+ppDXcsENcGrpkbsxCKtTZFoMuYYRKKwvKSE18FB7Dy5TAp5Pe1stFfdEnW1/y1jVhcr7CQ9pHrYBVlSU4nHdG2LP05N67jLPWCk7TBEshqWLYjRfHlj194zvMfaMblcPlqkC/Z3szJqBicNURO7jUGDKZ3ggUQ9JtpxiRhpiRbMzAxzDMkgV1k0hxGVVhPW09lsIZSZZVaLW0O/ePmm8aN7TnvIx+s1XogEVkr7Rw3AUTn7K1o4vhxjcZwZ1e87ZxZ7zrq4PvueeCJxx/f/7BD04H1qGjylCnvf//7DzrwIKWUiJNmmnWP6e5bv+7qa37aaKpPnH0qxKgURCKq1WIgASg2nzmdCBAEQIQCZ82ccfrpp++wzRyAFkAFoAUQmXc7HfoBALLG9Cnjv/K1q0FEBBmRUiSISGbZ2vXr+5otyvODSRJFUYKgGsN1KUlgV3ePVJkcGli/dg0KgagQEKTcbMstLvrc9jJrSZlUqsmXL714fCd+78uf3e/QgxLIIKr3rVj2z9v+fcgxB8/YdPZg/7paLREiU40GyBQQgQTpH5Z0e6sIRFJ7+oXXrrz65ymKSpJsv9POkKYQxaRQQRYl1cXLVv3gx7849l3HvvvEdycoASCJxIwpkz7y4bN7esYXaDcDaAEQQBUAZGN9VO25/6EnB1avEUrliepKkkydNPHLF5+/+aztKtUKALQa/UAqTip55COTCrH68rOPDfet227HbTrH9IDKVNZqDg9290y49aZbv/yN73V2dTSGh3/7hz8tW7V6zuabHH74Qd+84qq99j74mmt/+a4TjoxF0rd2jRxaecW3r7n3kSf/79LPbrvtVlljRKbNZOxmr772wk9/8fvucb0nnHDU7BlT1q1cO2v2puPGjbnv/if32nfuYQfuRSBGhgZXL1+OQDtsN6d33AQpCSECEJLUmK6uIw8/8Ojjj2usXVFJqoikMJJSVcZMu/53v3r5pWfOPeuUTTebOdDXV+/ufezx/y6avxCVkjIlmSGpMd1dB+2/13tPPA1ocMXypatXrNhvv70gTVEIgDiKk1q1EscRQIQYAUaAyqpcQ1yUh74okAFoWBERPOHvSUH3OpRpXdKIsb3HyMYiGf1i3G/FnWdnOnvPF+v5B2QixALmgqq+j8DlMIfBz396PY06YaouVPPFJbVRG8A7FjRu8Qr1aFFj+bOOPtoGrlJoR9E6LCLOtcyoM4THJJa08aYfbdx2qQbgWp9NXRyhXfDVDDfqdP8fXgEqCvNY5xbRcQMH0HoYACCJCCRRlN9FZ9va2UZJf/hmgmMx7x3HsBDaPNLmC/Kb7BlwNjU9rcPrjGrPBx41J+EDWr6WYuKBWy4bvpCD1o7AtVFksVf0TJhbnCsuDaEHK+T+ng8qIEjSpxyYSACygXMWEYJym1F7bhJAoDmdD/OjCJ3J65uHDmTMC3dZCaHLqOTUZ3/Lym6u8eNYlCL/ro0z/8cBtI9G+Y+IuYScXZ0e3a4wz/9Sbl87l9GZtMa0ZC6/T64MJgTrkVlf17byUlisW+HSJIo+PZuFeDyEDncUDrJBuclMbcb6wSijcQdZskMkQFXuUJbHJwnAKCjVXp2Vztnutjk/oP3ZATwex5yfQHiUdWWSvNwtHK1z+WcGhrEnNiSL/E0ydkyhXmnDY5jPvgGATG9ytATHQASjbdACK4XB+1DmKrelBybJPUDZzbIEfTkAbS+yQxuhasWqGQBBn96q4136vVDNi8oh2vGiGdqwJdtyI25stgOcJtSmok6nSqVkppLe3ntv/de9d977qQs+tekW2913102rVq887ICDnn324X/fed+qtWtfevWN5guvHnTg0QPrh2SWVQB23H4nJEVKgpJdHfXttt16661mVaIo6ewAUlDtXr7w9ev/+NdJU6ad8/Ezs4EhAswyUrIFhJ0dNUBKFSoggAgApUwJmiNDK2+68Z8DQy2BmSREAhQIBEIIFDgyPDxu4pTTTn03tWTWSgEBBMR5GaeEVIhYqEhUsjQFibHKVDpcTyrnnf2hE957dCabSRQTUZZl1US0mg2BCUYCUBABNRpRBFE1uubqK3/6s+u/d/mX9j/4wGx4KAWZ1Gj9YN8N//jnd3/6x+9f/qXDjz5wcO3qWFBEaH4sRzJRoPcRVSZIzXvjTawk9aj24BPPfrrZqFcrzUyQiPJDdmSaSaVSQiJJlAFkadpqyRQA0sFll37xawuXrEyqFUnQGmlkUpGUSbUi4ujgvfc4/Yx3904e35FEQ0AYR6hf1yCZtQSklWrzbzfcQFA57j1HRSIZGWnGcUVmI7FAFcn/u+KqSqtx9VWXjxnT3Ww0ZdaKK7VVSxdfceUv9t5r/ws/ddbE8WOGhgcHhoYnj588deqEnnGbnPre41f1ra1Vu2MRD/YPrli6pNE/+NFzzjzpfSdVaklzYLA+aTMgedW3vvfWW8t23nOfvffZY9ft5lQ76ttus0XfQD8KMXbsxN122X3suJ5Gs7F86YotNpu6xZwtVEZZq2mVEQFlMgVIar29IKoAGIHI3xH975NPPfrUs8OZgkq9YwxFlXrWaqWqBZSfciiFAKVoeGQEAB645+577n3w5PeeuOkWWzXWr4mTCkCiCLJUIkQAEdmouP5ExvkLnKZSA2mDroOhhY2SoGEnCwZpagpkEmsYGr8ApbqegVI2lLuB/HC+9kuMPUXj2b96Mptp9SRyEC7VwXWnsfgHb6WI2q5v7y5rC8sPGgP4gUkrH8tSiwYoQwE+YPypM5xH3V7k69Wywklnh5BRhwhUF/uMDloyN8ilwkqtFuJBXwru645BIpfjXDcz82vLkkFogxa8cskH27kFwaI45ksUdmEjTDDXvQJnzUcLBvo5yvwRO28ml7ygQAkQwM679UrQDFzaWHa2jMlBOSvfzGPCMb5zaHMC2jnJB+Eo9ZfMF+xsUgLPSWTFXcxZYFYWx13ArJZwHPqcEUUWY2R8HMd0Wt94U3PiDojPnhTvC1bb3p+aYStPlfoIcgfUWNeLTOrL1g5QLj/JnoxhdwSFvYHaU0VC6ZuoLnzmbaCBjaxjluPfKBJNIwj5b7Wh4Xm7PuRIM3JIYwgJ0b6gQ/aAdkEKJOVpCk92OjQrN4H1PO0PoJulWiszl87IVstDsGyXAvFoiQcdAGAS5mTLzs1OuJPBNOJ4ktMD34FJvnlr3yZ1Mg0tdDbfBa6noc1QJblOAF51Z0inObQi/30/zv1++3z55nSKHFINoRWwxOV/MA1L9NlBg98D0ct3usITkvxzTvFuwKKeLYrfsjEDlZcP68FfUHgOHU4Mll+2TtNIKSMybYQGDZ2Majc5EWQkdA50EMXGQheuUdwemQ+GD3xRgxCSKBR2jT8s05tBpRdvY4WqVpx6TqcQcoI3AoH4sCWYsW2CFrwLWvRSYXkaoCBaqvWO5aq8k/3IR83bl2U7NK7QEJXmciKgLM3q3Z3LFs6//s//OOjQ/d9/xtkL5j375a98c+ttt9lxy61+ce3PX359wSazNm210jHdXQcfsN+kieOTONls883mbDV7ZHAwTpJqZ8cD9z7w1Su+10izno6qBGy2shkzJkwYN2HBW0tfePH1o49436q1g5MmjavWqkTZur6h4cGRfXfb+gufOW/CprMBUsCIQFWjxtoVb/7rpn+LOI4SVAqVyhSRknlJC7WGmnvttQdQNNxsZjIDjADSKMbqhLEQJZ2QzZg0efq4es+MGQBVgMr0GWuSWM3dY+sp02cWtosAhtVwAxCVJExiSCq//uVPf/Cj677+f1/84Ec/AZDFnTFAAhBtuk33j3985dcv+975n734N91X77r7zs11KzGpRAj5Se5mM93eRFG0funS/9z/+H577j5j5vQbbrrtzdfnb7/D9qikxASUQhQgIEqSKAIiUkpFIKVUspW1mgMd3ZWp0yau7xuoVKpJPaG0S0TUalIkktXr1suRhmo1iGSqVJLEQkS5xhEilpL61q4jaq1ZvuxbV/3sqWefvuzrlwLB+r6+LGtMmz71j3/+08OP/Pdrnz+/d9y4xnADpAJFcUdHY+niRtY69piDd9thzsjw8JwtZkClCwBl1gSg8z75kZVrVi5ZvKDVaO29715Tps+88IJPVmKUCMMjaa1n4otPPvi1b175+BMvz9ps1vJlK277z50L5r3xnzvvP2T/uQMjg+vWrnnk4cfmv/FGUq/WkmjJohVHHjj3c1/4+KSJExutDEECgAJMpSTAwb4VL77wMiAmUdxqpl1jurt6exYtWZZJ7F/Xv3DevIULF82evQUJAQR5qRKAiqI4a6pMEgD89R+3CFE95b3HIbQUqSiOc0sqTkRSqQCg/vlYsumE/A0hxekjd65czYDdY0SrK0LRbXnYFKBwDe6LDpNJzc1Jx6OW613dQvHiatoU3Nqufruc7cHpETOgkUFG6BU9hXZXzNuUB+dI20uhAuOXRVlBOxZ9Sx5Y3fgrsJ+8m6NqOG8hozYum9Urg3H6CfUBi8j+Mz3KUd8eztAW2dgLkWdLzFg+zfjDhh64nw0L82+6hBVHGYG7hEH3dl28vj54HpcUOjF7wnXQI2nnFPKfbNJl+ES5fe6cLGOO263LB3HSnk1mNitESGF6G3rxRg0xwcnQWSS2XjJYmOcogbHCudHnj8cEVulRVeESiBv2aP8xU6O1VRz6bFuforzh3YEX7OAL7TyhWzhnI2YD2YCS0bv5EEp/LRqPNj7jVSy3kbUEYK15LXAt4RtxaUZGr0LV1MOBdasCXDglYJ+YI/n9dYb6I0AhQxmQ/gFIhypznAh6QtQpD7enGjD0RvUnsYoD2lyBguGuklFUQetA8ORQGAXpjFxjrfqgWfyD3k3ie8lnBtYo4GjgsihvKfLnAgND3C7J848QjBoH1CjP77MO+gZTCr6bVGBlJ2dGEfFYcLpMLwraASe8woHtba/iU/JyXCE8bYexR3P7spp98GJw5J6MdhUDlL5zjv6qSwCzi/K+G0ESiMxSoatNqJBt2gXKyWvE/MwyNUiOnsPfpwnis2SxaAOfHtzuG8NRASGcJ4zEAEaiJfwLbhO1kZmbo9qutQux7GPjRyZNkqXVWnVgeOjaa3958613HXHk/tf97Mf33v/AurWDp5x80sytdvzkZz/bM26iEPS5L1w8ODD46Qs+Ve3uSASIpAdgaHj1WkUShXj+1dfmv7Xw0588b8Ym0waHGwLE+vWr777n/mb/wCnve/e06ZOFwqmTeglFFEVppv5y423/uuuBMz942pQttwXIgCgWKEhMmLrZZy78OBJEkXk9C0FJUCBkliK1ps+YRhBTREQSRIRJBWT2+H9u/e2/7kyx8uprb81buuqD515Qq9c7xnSuWrZyhCrf/NGvZt54Sy1RtbiCEUagEEVHXD3qyEPn7LSrajWFAIyjf91y6/e/d91RRx5+8L5zH7n/7sHhvuZIY3hgZN36/maWJkidCbw2/60LLvzin6//yYyZU+RQg7Q2IycfCQiQVCYqtVvvuP/J59+47OKPHbTP3F//8e+33XHXtjvuBEiK8ncLhPZksvxgvrzih5qtlpJZUp95/uc+PzIyAgQo4kgQglAEQNhsZUkS1esxYCQVRXEFEXXsV4EQcQSArex9Z5xRqXV+/dtXthqNKy77UtSVENQWvfXWFd/4/rEHHXDK+99XTZLWyHAcCwKhRkYmTZ560Uff/8877/jhD39Wr1UmTBizrm/9sUcd9J7jjrzuNzfc/8Dj/QP9gyPNxYtWTHt1/oMPPjqmuxNBHbjnLp/67Oc7eqasX7tutx13vejTX7jltruvv/GfEyeM33rrrZavWrXDTtsPDg1PmTD+gIP2P/39pxCAQFzy5lvUGiTVklmKIIgkADTTtNHKYhHd8e/bvn75D7u6OmuVZGS4FSVR0t2xYsXawcGhT11wUZq2avXqFz/76VqlqmQGiIACVP7zZSp/ZWPxslXTpk+dMWOaagwJ1B5qo5FlaaaNCh0izuPjBEBk4vyOZ53q8gVT+2IKx5JW23tiQFdGcdVkOTWwlgDMD76OMhNXgu4RE5Nc8LjfiHBDBBK8TL6WXDEUF2cNdL4+1PkB661DWc+NucrLkEp1YbvxTWO3NUGJjg9ewTQazeyyFhMYGuFIAF/3F0V5AdLSxTJZT57GMhbkxu0mok/P4Up0KJYpPOC2L1OH7awjMieX2O6l4+i1FF1QNNQaAh7oP50e4Oq5DBjPBUBtJoIw/ieAzTPYrTGdwJV/hmlW+zdU+AWwmQfhL8fY11Y/B321tZI7DDqxwvHlFu3OVgGeirRiJUj0F0ncuqAWFo5Q5oKGYzAZ6eb0jX5rdOYBuWIKhQrWpyebuK2fr00H3cgmpJkthNr0dM4f61oS8uJI4MSJYEwkKjR0sCJg6Yos2dgl6Fu5ULRyyCwkh8m6WDbTaunCVK5pyrSSj/MaGNQTgImCgk5p2Mms8AthZlRvbGOeiDGox6AhHyGw1i0OmAeEAGFMiCk/zgghs9sPNh1UEAh2OIY7p9GZ3GV5cz5Pbj0QIgmy3mcgR4n8jQkuY4aXXuTTUr6LAfOXVtxwV7Pct+HaLVBk9hHvG/TS9XMlYrTExS10BwN/OylM9pR4P3hZEJ5m/DZXsGpk7TUHMdda2x5aLHDPy6jm0gWOZqVgSAxln4sYK1EOVppbctmQWRTQgKV/XpPFSSjALoGN/La1DAAgLwhiuRNPS3FSZdUHVk2RG8kC5cjClRe5GiiViUrHyLrBBW/N7+jqqFWq/7nz9qeee+NDZ5xy6GFHgcB9Djw077zTdlvfec8DY8aPA6w2Blc9cu+Ng33r99t3v86uTpnJvvX9M6fPOPuD7++duhkArFw676LPfj7L5Ncvu+S4E97dNWZyo2/h/ffes+NOO0+dMQMqtTE9Y859+LEVqwcxTgCAAKVSrZaq1nt2n7szVLoAYv0rXW7Vg7JvaVTrJMjfv9d2h1S0bsmaBa8vGRTYbLbmbDpz6aKVooZ96/vW97cijBYuWDi8elmGSgCSJJVREiVd9WiPnXfCKCFoYLW6YuH8Cz93yfxX3+rurn/oqScHhxsooqoQXR31WrVaqSUg066OzmMO2ufuux469ZSP3/T3X46f0Atp6m0zmQOIRJwND//nvser9c5dd9px6x132mrLWf++9/4LPv5hrPXIFCIUgPogHB1SIgClJNBwK2uMtNavXtG/fn13V10IUe/oGBocFJVKq5lWK0mE1GqkfasHp286q9VKhYlnAiiFGEUijiugoKcmzjzr1Injuz996eULFy39+pcumjhpwnmf+gJGyYWf/ui4zqQ5PBQLEKAgikhmUTV59wlHjZ0w6fc3/vuOu+7v7dlhhy3n7LDtnCmTpvznjnvTFD585mmQYN+aYSllppo9vV033nrP8y/Pa7ZSANpp93132ffojs6uO+65a+3A+rRF1Up9fG/vwoVvr16zbrjVWrx86eIli3q6xwAAiGzcxLG1jm4FEQEBCgBSmRQCiWjP/Q744sVxJYmTSFTqHYjJzf++57U3/j1t/Pjjjz5k5ibTOjo65+6+6z9u+Q9RfpK8AEACSqpxvhlztpx187/ueOap53fcY65qrkmSGgAMDY+MpFISASBJMN4maS9U/0Ranq4TYCw9diYFZz+ffz0bhhtOnrIwQlizJXvNpXAkmRmsrVRqJ0KKzazkCC1DNCfE5PVnnnDWpbNaEocwxFAQssT/sAoMCOBk7UsVrVNUzMJomw0DT69ws4oCZVN2kf9rY+AjmzG1bu1pdH8aDxeoj7fhdm5ReQCiMMcjlfhauq/3xFav2eQ4mLodLC6cm4/8r1OBfDLrY5gP2lrDkAi1fUUIqB3hAoaN/ivZX92AvayMNkBhJsKyaHCbAHbbtQOjH0cKhpwQTQkER4ZhRvZbn04OANtMay2blz1JK2AePy661oaljOnLTCht2Xv74/sUrGbQx6zh3QLxGn7I9T3zn+0Q1lZ22EX0bEo2jqU98EnHlylm+3LCZoY1H4UDqoWupWfUksmt3j/Zg8HlCjzNUGxnzHTcCvT5l3e28FjDKFyntXHZygFAnxfpry7vq7fbbnrehkspZnqSN4Cja8atHtIZYJZ0bcLEwWxL7czcTHYFo4bylPzBrWy3CNTMas74YVvGNRfq1bhls7CJx3butluGM1ndAtsnBZlzzJZk/3jUomdmigIgz30qA6+Fg5yR71n/PqC5JHATWGrjQj4Mw/mxRq7vRnE2+IfwfhvFmi/Q81d5fyYoPMQVACh3zyyDciFfUJdFGU7255LMrJ4MNzoYC+N7qy7ATJ7k0bfC2ZnvXbqW4sihmt4Id9143X5D99K/+WtUKjC1VbxKrQir4/TXwkK4Tw5opFgxwK1BCUD1mI1nsZk2NB69gc++r49akFFhZN0iioQaGenuqF/w6fPOv5AqCX3jOz/YZcetP/yRs0AgYgog+tatfeGlF16Y9/rbi5eefvpZaau5bPmyV19+feK4Cb/46Xf3O+TgRn9fZ706obenXq80h1bcfMu/f/WL36xeve6K71526OFHNYdWPfLArZddcc2KJWuv/u7FvRPHwtAASrnjlltMmDCWZIoRAqIizKQCoHVr191021+feOaFgeFhmbbiRAiJUSQ6avW9d9v+tA9+QGWpwCh3GyiTINXcY46+5qADm+lwc7jR09UJg4Prsqxr3LRHH3joq1f86NJPnb3zXnumrT6iGKPquK6qUo3+ETV50hRKmyhikKqzs/uLF50vEDsSkcksqdTG9PQsen3ByhVL33fWB5ASoEwgiAifvP+hv/39lr41qydOHkupyiOVJhiLBEhKYbW6ZP7C5155fatNZ26y2eaQdB598P6/+PX1zzzz1G77HiYgFUgAoCSBeU8nz4VmSrUyWL5kyXe+dcX9jz7V2zVmyqRJDdVYtmJVrVbtqHejlI3GoFLUbKZXfPPLw4NDYzo7MYop96hQEUAkIgAxPDQkoPmu44/r7e0995Of/cRnLp4yecqrbyz85tc+u8MOc1pDg2h+XRMAUSCpLAI89Kijd5i7x7JlHznpxCNOPvnUWkc1qSTVjtr7jn/vZ754cUCsk6Zf+/AddynVAlCd1ZoUUlFzcH1//+q+Bx98fM3ypbff88C4njFJR2XxihXDjw73re2r1WuxiN5YsOD4I/bZfpcdRVzLWgOEAPmhfkJIiqbPnHPKieNAZVDpgErv/Xff8szLL/UNDO6/+87nfOSjU2bMgMZ6qNUJQcRJblRiBAgYJXF+BPHZ7z/pnnsevfaXv//53nvEcYwYNZsDS5ct7V+7dvGSFUQKEEkREaEiAmXelCEyFZLmRH9umBqeYsapuWvjSp7kcLqAaT4jxbVe5oZuMCi1kRHgREi7547BAc3PRBflZb5WY124iLCeoVzTAUAcKPmNvbyI4DvrPtpSfXNsI0fjIYGNB8JzVktPhOeBYabjOaBBZLR0YQa//vOw9WihWgCn0rxx219e0pK3JH+xub7EkkrQ4jZtEMMBkO0qckeBuXzQskEQEVCb4SBYR/azsaWQobUZ8gfex8KStc2J/nLMSGXBDv6FuyDu5VB/Tgwah5ZMeNPvajxGKyJCFLajSvt4Y1nG2h32fFd/Ic4KN74OtyLtB1cLZ9N97fbdicXAqgxwVrY+6w36vp57Tv44RQ4N3KWSOUa/PLFqZnNIKsbzGAT8HS0PZpsDKhMpfBQ7j5ndUWobjLCvYWqoLclu6PLtXX6jUEvvjUvhFpeREpilGMeF8YLT9gT6/+VzMZdMONS8c32odQQiKXP2lVExQWB01DE2lsw2IIrLkpl6ZebA2FGCuW2G3MASSri4vezhQ5UO6++ydubeKcz/L1fR+eRPc63KK3H8zuAKizbaBeUU7zNZ4UZ7S8N+yPWjf89jBE2wTCb5w5SoHD48+FUdQEAQ5T8Rtesuu4mK+PKXv/rs06/88HvfmTx1UwD5wB3/+fGPf7142Yq+wf6V6/oEiiWLFm+15awdtpn9iXPOmTJ9yqzNN1MjwyjEu445et+95j7/4tOXf+fqW+94pFJJttxii+//4OeXfvXrq1auHmnImTM2O+usk6dP6qChgcZItu2sTa+++uvTN900G+lPusZiHuMgBRAPNVp//Nu/X31jyZknH6mIOjtqtUrt7aVL/3rjf9JW9v4PfSxrjgDoiDkBgMSu7jG93XUlO+NxvY/d9+jVP//dVy/89Jw5O6yY/3qW0WabTNls1mwaXoO1ztbgyHXXXz9t8tjjTzwdspZsSRKCUtk1Zty5HzqbKEPIQCAQgej99U+vufeJpy76/Gc7enuBJBCBzGae9r59D91/TEcEWYoInGcVoEKhkASKR559YdHbS9//vhM7u7tbQwNHHLDvT3/9h7/ecuduu+9bi5K8k9I5XIEYISoAUFJWY9Hb23XMMUdut8P2AwPNX/7m+r32nXvskUcMjaS//sOfDz9o/wP2nZtlhCi33mE3UjJCRBGTkgCQ/+YXKKUkEcZKyb4Vq/Y74KDf/eKHH7rg4gfue/RLF1/47uOPyRqDaZZVkpgozz0KAIC4UqnVIOmK1Lr+NQMyirp7x+ZUMm7M+KeefPrvN/xpJGsMDg0pmTYbaZJU77jn3g7EKIoAsrTVJKC43tFZq86YOe2jH//QAXvNPeCg/adOnZbUxcWf/cq+B+z90Y+eK5tKRPjaqy91VLIxnTWUmSIkBQBIiqRURIpU/6rli6sdvT1Tpvz9hj984qKL5+4xd7fttxnoX99sNbNWc6BvqHdCrVqpRiJBFCKKBGAcxUK/DDoyZ8cdTn7vcX+4/vrnn/rvDrvMxSxb39+/bs06ao0sXrwEUYpIKCXzzAsSAUigfDMEe//EZDU0T5mTP4r2n1ZiwW+WIDgxHrA+Z9sSEWEMoXIj6x16bkDQ9q0N4iLDS92WSCsr8+35Q8WIIDNqC92sVLYPnEVkB/AdvGCEMJtshWxgJZqgoDd7ISocRI61m+4nTu3E4CY1krr0Kvj67mV8RICCy2q6AVAAqk0CG9hMJ0MexjgotDd5S/O3UHRTMPHsB6/w1TmZGqogOK2fsnx1Ec/AicRVAPrF4LnpbOcKdBlTyQxFJRFtDrAzAthy85xtJCIQzl7W69YFdzbCi8z18+LVnEXR9g7sVcv86B6bFetM5ChuNnNxmKJ322dP+0AAcKULBgl6Es+VcbyWO+BkIPazbMCwT2btbvXGaneMgQBuiZoZPXhy2ROeYIuA+q0Vu+MmmMJTkBZkS10m5e4KMoMcM3lg81ybHcryHYu1Gd8N3Qgc6WjeRzVf848C2G3WgREMAvObDJUE2GBoMfIMi5qjXG769M1X64QxMQgNdgPyM+fBWLFox0VAFgbhGlGPiXZdjuUMbr1CB5czAQCeuyYobms+k3O5La/yHGO4XnDQIUePIXgtZHnlk2MnN5bN6TKs5vvin/SuJ3S8xgKCPBDZ/ipPihpxZ31RIqLCOKPpIAtAQSxzzeiWGEamyd4lK2q5C0oUHBxYVAFFJ8pm6vTkhQoR1IEovQdaYhqOGAWBAB63c1IrKnoPpLxNe+xpAjTRScbtYYq1mB21t8zCmX431B+o13bQOlQwRVyK3uJ9MHAy8eBJFXvsCQkIu+ZOGVgBYZaW49iLZIaTuk3T8UN9ApUZIZcKqIhARKJS/+ff//LXv9528ec/c8y7T1y2cN68eS91d3cff/yxjUxusunMhx569NZ/33nRRZ856JADu7pqAuGx++9Z37d26vSp0Eq32GIrmTVefOG5/ffe+13HHNfZ1fHzX//+7rvv2nevPQ86Yd8dd95x7332mzy+5+a//kHCC2eccUalu9FREQCYZi0NqyBQCiCSWYpZ4+hD9vnypV9SNFARkYjrK1f39/f19ff3AyCiIEVaShISRs3h5khjfW1s7dmHnzz9Y5fstceeU7eYnQ6vGh5pgsCB4RHV6h/oG+ocX//xr37/jW9fc83ll5JqyKEGJB16byMEUWMYBgB4/pX5z7y6OKMMRAeABECI06QaT++qUt9qJTN35IBRYUoBIFIrvfX2B2fOnHHex0/vHjsZAPY//F0HHPC7f9/z6GfOWz5jxqZpK7PSjIBQCJIAACCpkojOru5jjzkcMF7+9rLf//mP7z7qsJNPPW143dp/3nbb3N12PPGUMwAyAAlQBVBRJBBASplDAEoppSQohVHWaia1KiTioUefWL5i7YTJU//2rzsO3H+vww7fT8omSQlRRBgRgQKsVJIfff/qm+58qK8/XbR46Xe+e83Pr/31+GlTvvqZj0VC3H/fQwNrlw7LLALR2VnLMimVeua5N/ffa66IIgCFkVAyBUgIYfFbi/59+10rli197sUXd95hq5HBoeefe3H1urVpK+vorFWq0cIFy5rD/T/68c933mbbD5x5Vs+YbgDCKEJFIKWiRtLR1TNl1s1/+8M5H/7U0Ucd8Z0rv/ujq65+5KEH0yyTGEuIMIqSOBYRIIoIIwCMREQq/8Htpmxke+2925//csNDjz6z4277g1ArFi9bunyliiuL3lrQv3J5d3d3OtzEOCZSQBIIgBSAUERZJhExSSJnP1o9bjmIW4WI/LhEMApJqzhrnDv+1LxoZJMz8Zwp4SyMgtJxbcr0GhXFgC8auHDj5oI1iYx6MZOUCLq4fBIAjhc+eZnyoNKPYMQr9x/yJgwmJ77Ayj9r6LTRytyBCWuK2NylEdMiVm2tS5lOK9gcRjcjOuUKAPrHtrRfEoaKS4wSj+5KgLM2et6G2iPZjTPK5UwsYMYiU5y+g8o3uhj5LqCaQe4Z/SFUAS0WxzMxW1aLW9hAbjOiEAoJBBFABIiE6GJO7h9OtMT+NR/Q3WZawOIrR1Dwrpt1C9hKSkwg/t2h1BQma9p3Z60yq90Nma/CTIbhWrQHW6AKX06NYjqHPGGo3nocBuUIhlhYV3JHP2rJw2IPaO0t4DDy6YyAdd8Z/QRgAlu+s4D8paIGPZ+efHT6QwSUjHw/tT2GOU9zqZRLJuQN9Zr8ZQDbcfPNH5zDzg0Wby+tUej/RY14EzDlM3updgI0ERoCuwdYatl6y7C77u9W7mqgu2Hp2QMw0ATF4UepG6Swi7d4/zPqcLNxQQHdL98AgST9s+BsEa4KdBS+4P61tx/tYnNhb+7jjdayVKX6ILBIaO5qejtS1FC5FGQetJnKkxgbgssXNQUnytZiAbQ1VqBICSY32M4JJx9p7QcunSv47qGC/FWHhlQpJPazN6rPbI5fyBuBfIVuVS0bLgjFBhdi2UezMFHceqDg4E0zM1n2z0fTxlV+34iyYvZfixdA++u5WkQSedpMS3hSAB3d3U8//vC3v/+T4ZZcsPCtC88//+nnnnrfCcd9/PxP77r3wQASoDJ2/KQ77r5rbd+KMb3jmiPD3/jal2+7+fbf/OonGFebzUGpGrVassvcPbfYeus35r918823ZU15yRc+c/FFH63UqxBH69f1/fOfN1/xvd9RBSZM3eSoY45s9g9ilkKSAAjAmAAV5S/yQRyJnt7OSh3WLV2fVaqVJBszpjJ96uRnXpqXrwYRhYggD8KQipA6Jk2Yv2DhB8//WkdX9w+/e+mYGqi0JQQholJCoeiZtslzzz393e///D1HHvqeU96tGhKjqi4hS0TWGrnvnodXrelDlY00h5vNZqM18NxLL3V3dFx1zS+mTpwURXEry0jK4f6+fffYce4+e1ArRYHI9g6JIpQUx888+cIjT786bZOZ/7j1PoweBsjiKE5EZc3a9Y8/++y0zWdLqRLAfLFSeUSekUgzGujri+tdS5cvHx5ujh83UTYH0rSZZnL16nVp2syGV1Y6x0ZxlRBEkiCpLJMAIKJIk36WNYcbY8ZPztKhz1zwuWuv+9P5Hzvz+Hcf8a3v/uSsD1/40x9cduy7jswGB4hkLsowijBtdFZqO2259cqBoRUrl289e7PNN5vZPXbs1KkTWs2hT33kA0ed8F7CRiVOkgTTTCHVf/rTHy9csGykmQJEgCKKIoDWoYcc1DcwknRUVyx5ux5Ha1euQiXed9IJgEqONCpdHTMmTqxTlLaaleoWm8+YXokoazUACIWAmDLEKJo8dmLtB9//9hcvufz4Y4/58Q+/M27KJkmCtVoVRSRELEQEKFBE5nB9BBAYx4QgpULsiuswZdLkOK4uW7EKgCCuvPTi843m8GmnnDQ0NPDYk88cfuS70oHlSRyTIgIFpBCAlFQgqt2dACgbDYGOg62VVOR2w24FnjY9tE9DnollfA7XuqRvmT1l2oSaOnxpjilJX+YHZ/dt4CrVmLEQYN8P3WBYkfsk3m3fqi8N+zGDyL2PaqwoLIg+O2DbhQXJtBKzIIjuBxrUKlHQqMRSmPmRd0q5KWw8l0PeLkbOjFFiv4/ipjGDlOZ4y5Oobmwq7It/BUTClJ8bwd+yDQzIH7HlF4sG0bhu7QaxjTyv1ULrkZ3eKWdK63NuQcoskxIQEVBoKYLBsn0zoGhzeOYp2y8KGmimM79AoBkc/X6FFfARuJNvd8Dl/y2U/A0gDa3JkvJZnD3qERW5ZqMi3zRHH13awyA2jsMiebsOkP90p7X+A4oJvhJ4SwgNKHREDtYY1W5UbuPwsyYDcWntKrCiOb+vIxqBpPVMc5OIJv0aJLl7XJJgXo3gUaeWYOQkPdnNIEMrDokWeH68nN78oifnuIwJG2PyeUV7Bgb0ZYJ/OR+bYy4IBwU3OBfmhighA4VBqzfX81s81ev9LfKX8bOsdjXZJo5OM7KjS9IuaP77rbroVgFBppQiZRjWzhRiJgfYvN3pS8kydcZVT1tlx13Q9gLQyjZeGmCnsHCgBa6dQObeZq4TNzBv+yvvKARXiM4tHDUJ2f4ygXJLDIXUX/mArD131Vz0OVRr+rFbCPfGvYHzM0GcwKFSfdduneT90WMakwbsey65ovCdu9I8tkdghhzYeritV5SppTreqkrNEoE2IAtP+yE43xmN4MB0ohZBSVnp6BwcHPrxNb989JFHd9p155defHFi77jj33Xc0ce8SyhqDg+NZFm11jF9+vRJ4yfcefcDZ33oYzf944YfXXXthZ/+9Na7zB0a6Icoqtaqz734wtU/+cXLr72xes36NavWd3f33nHnY08//xIS9Q8M1uvxjImTZs3a5Knnnj/tjI996hMfvvBTH+sdU0tTAIhFlAjUL+REUQQYpYSIHeOmTwWIAeoAUO+sJtUKgMhtBaY+Va2erFi26qMXXb5i+doH/n7NhO7a0Jp19d6xmMlmKoeGGnHS++QT9330/K/N2Wzmt/7v/HpHRzqcYRwDECIhUjrYf+Pfbnzpjbc6Kwggmw2JMfUNDCNkr77w2qPrHklTmSmlWlmrOdIhxJ777RnKXwRBhCQhqvz1X3euXD/UP2/+RZd+q1YXVSESEcs4bqWtG/56y3GHHWG6IBCoXIPlaW7E/GglSap7TO8d9z7Q3dU7Y+a0bGREEUUYZVnWao5ElbHz33hzcGCg2WxVKxVQmVISgIQQUgEoiRFNmjnl9dfmf/Zzl95z76NXfef/PnDysZ0dyS+uveIT53/+Y5/8wnVx5fAjDqTGECkJIo4ASOIpZ37gg52TX37x6cefeeq0U9578imnSpXWalnWaOy084577zXXJ2A47OC9fr3oxmZzBPTGCYB0y1mbf/jcD0yZOrW7WpdKZlIKFFkrkyRTSVJm3WO6lyxatH7N8m2232FMd8fIQH+z2QAgApVJGUfRww/cfcmlX3nqqRfP/uBpX/vaxZ3VuDG8FgUACJlmAqRAlXOesfgEAKCIshYi4cjAmseffPrWW25/7dUFp72vh4iaQwP3P/RIvVK58CMf/Ob3r7nrrvuPOOZ4SRTJDCURKkTIpIoriQJ88dU369XqlptNzZqpC5vrui+rQoN31ooeJNrb5Gw6Da8XjSTXwY1E+S+JU7kuGD2xpHncGAzlzkUQPzNmojACzQJUFmiLjeANp/drk8POvjI2vphvP3OA3BwGX8jG0fYFmp5O8lEpbKVI8D4bX41lZZyUDxbCw66ls/C1oxmWJTCZSimDx6GDGfIcHq+9EfcbFWUvzDWKTRAqOfuOGfeGffLfmNmBJUPs3jnHnlGe07++NaA9GxOFdZCAYTCrxA0rYj6mUoIihChVakgO5TcFRJj/4IKnwC2/ondDgx0Gp/ycgb9cvUFmcKarfZLgRwk59BrzxGh0F/TIvQvLjb5QckyKvOLLLUHn6IDBYTbFQOCmtoO6VduBmPOW44u1M0gj3gvtHfuPw4sDyJAfhJdBXYkRac1uPbl5Y4k3sP8zHfSSC7RUzA/rh4SsGZMWufQh1xfBbSkCO7iWjR3snZer8hvnBOS5bxrjJpOHZj0MLjLCxmMX4pCTkVJs9HwHjDj18vAewRuRa3bQfHFQWtx6KsfnaN+SBjOO99Xg2N9OMrf1c0tcOmvm7SLxP4j6oM/c8AdElCiH5AgBCYxszIDtBtcsRl0YZgtjl/kdpQIi4nU3+YBCCDc4IhCh5ztAiY3h1udcrNDd3aCzZ+bi5wWGasgXem50bgQYEAPPzcHAg2JtNt2uyJuO8WmpCg6qpfQkBnuj1OCQf0CgBdKZHLlm91FahmXvCjKfYa7SCT5v1eCreOJLJ8uL5ahgw4R1MExYaIYsMFnxQp/kQb92po1WJ9d5pDVEgr4vtIwO+dVglRQiEklS6tTTTz78mCM23WxmV1fP+HETp02fCYCgBgGUVDA4sL53bNdB++930623/d9XvnjHbbef8+GzPn/pF5QckVkrqtYk0FPPPHXPfffPnD5zm602G7/XxF123qlvsP++R5968skXDtpr1w+edtyEMbWBvuGPfeT0P1z/l8u/+R1Q6uvfvIyaq/Nzr5GIVAYAkYBqtfrgo09968rvq7QVVTCmeHB46Iab7tx000008vW734CIcb3SJPGrX/76ocef/OsvvrPdLtv2L1khoopsNqoCENXSNev+fctfPnvR16ZM2+yXP/rSpJmbpENNiCsGNwpkVq3Xzrvww0MjjVhQFMUECKr6x+t/feO/7rzs25cODAyrrAkoVJqSkhN6OlVjCIULRZgTRBUA9C1fccd9/50xdeInznlvd1dHR2etGlUjEfcPDfz0d3+8++4HX3ju+Z132REwwkgAIaIAY48jAgjISPVOmf3YQ3dc+9Nfn3XmWdOnTFBKxQl2dlZ6xo7t7OoFgMu/dcX2c+ZUK/UoQlAZIgBIEQkpFcQY1zseuOuuz1/yzVdeffOaH3z7zA+emA70r1nTP3nCuJ9edfkhJ5x53hcu++dmm2y71WbZcAOBgBSIpJpgXIF6JRICh0dGohgS0d0YXqri5IKL/u8Xv/1DXE2qSVyrJFmWjh3f+9ILb2ClM04SAIkkZaYE1P5z9wO/u/5vcSWJBUoFUSLiRGStNI4QkIaGR1DEa1b2jevp+vY3L9lj7s6gpBACAKNIJHGl1Rhav3pkxrRJ557z/fcef1THmDoQQjyWQEAE1WqCJAVI8+MkHjvJLIsjWPj6ixec/8X5CxcddfB+B++/JwDMm/f6I489vd8+e+4yd8/u+nX33v/g4gWvTBw/IRseiZKYlCBSolJtEv3tptuv/PHvd9lhm29+6ZOTp01uDY4kSUykz6M2RVoFhit4DgwoZkyY98BG94qcECietxDMYmqCuFq08xV8B6fd7GNj4RM6j5VBUbY4yM+/3fC1YT/EV142SOmbqiV6l3UCD+qSxqUO9CjlK++oDYDRuBt1UUg3/9NVshwo8S7CNhsLpJ6iJMDsG4/2UwjJO7lY4eKGtmM0OoB2qRuybGSsUgSY3DmhGnfIdHD+moXZFgoBBQkh0MKfs4SLj5RBgcVbBZB9fqINtfc0OhuFGTTO89ABEw8MY9yEaUlnx2Owi2xm8n5ixZUXGEu97XI978B4T1hoh0G74kJLvhJ7oHcwF7+mDpnZzcFFbfA5yhW4SO27I/Pt7Dc0BjN/EJxIVBgR3RrJExDmI6LbUTKsDgUd5A3qqZz2eA59B/vB1wIFtiKPnLlljaxXsPs+K4VjlksTf0JezxwsoMz55BOHWNDWvU9AUsmOqL5keMXb65YiYUfSJfQvjeHogq2dWM/Vr7KhRubwlBamjqpxyjSz6dsONu6uhQog8AzfgRZrexmK9/OonoOnebZNzZQXJzDBv3cCFXcXR12R4VV0n/l9C0IxpsjGf2fCpWz+d9jnf9ogLph9X5QBYxg31FFWIej93EgyMerGGXKh8NffMUKlGo16tX740UcDVO1zNbL2xReeHzdh0pTp05K0WevprVTru++20zU//eVvf/On9x5/3CWXfrazewzIEUxTJWUrbe01d88b//6XyeN6b735HxLwIx8/DURywINPXvbNq0477cT3nX7KdT/67mP/feUX1/10n4MPO/zQA8b09ACo/OcqAZBI5YfoRAKq1dqy5Qtff/GFxvBgR2dHVSSViOZutdnOu+4EoIRAUhkIAUCQ/4ZB1tp3r51vmrvrYQfvt37pKhAg6tVkQu+Ou2y9xaxNf/Pnm5cuenvuzrt859sXbTJrdnNIRlGMJPWRfEqpTBLgttvMMcG1HP/1W27ubKZq9hbbACiADAAha4FMaWSwNTwSxUleWKKPvQVBKoPO7heefOHN+W+fc+ZJ5338nApkkNQAYlAZxGJtX9+XnvrWo089vet++wKIOE6IKD81RxEAiSiKGqkEwj/+4Xefufgbu++421lnnzYyMjIyMjJ+fE+SRNf+8vcrVq957fXX/vDX227/63sfeujJoUZTEaGIQCokSNMMRfyHX/3+c1++Qojqz35y5fvec8zQmrVpq5EkyaplyydOnvL9r372hDM/ffU1v/vO5V8YU4lUJjGJMhW1Wo2o1pKplE1VrXUJUVuy5PUqYlKp7LnXrvvvs8fA4CBkaRzDSKbG9o5ZtHDVUMuId5KkCCB6fd68F15/88wzzth02sTBkeHu7q5qNSaZ5W9TKKJxY8f+4ro/Pv3M833r+4GEUnn0D2MRRYlQGO170BE77Dp3wrjeJMY3Xnnt1tvvfPnVN/7+z9uPPuSgib1jRvrXq1ZDpSOpknktHRABCKWUQGo2mlM32+rzF328s7Njx+23mzR5ksyaf7/xlmx46NT3HJPUeo875rA77rn/97/7yxe//LnmQD8JoihSkiqVaqN/4KFHn3z2qSdbLfnSvLemzNo06x8RIBCUYIElXw6EykeLtEC3MwFndbozpIq8y/MSjl1LR2xnunuAOUuVS6FC8DG42vksMfNPbC2q1ul6qNyMKXMuQrfYs5Bzqx+NuWJUkEYq+4GQDZ6qqiuYyNRVAllnu7y9tfCZyjFJ0WJI2Ms0FiLB/DLAAxApsFFbEwFk47SrKSpWELGpwf1bxC2HQZObMym9l9YgnDGERBN+ePRo4PratCOGXFHYLK6RqKSNoajyQYLsPau9C+fhCyMiEUVbTtxsRlfvosGB55a8sj4dHBPVARBzUWLQo8hMgkW7WfNkaLPnIFg3BPkXY5t5X0uHRv41KKhibTUMFt22MXisw92+QrKTEYY9zAv5lvD1ORfBme0AQMTDZHmILtgDxik56C417RpzOitjbM2HPoKLYlFzlmVLnlFn7QJKA99dyvfebUEuOhzHoZ3Kc4GcSOOykCdgdT0LK0rTOUY3Ai/DteAaOegeenttaYQzgn6KWlw6tDo3If/qoUhD6Ff7k6M4jnm91YZPra1qxrM0byZzgxAAP1orSFCiGRV8aWOHtNLMULme13GgyyEHPJwTOQunCOPBSaJ6XJu39IVF65ZGAHMmbTK+c4xSqtTuz/dEWX6xgtdKeybBRilL4ZIWWd1NmSSzjQvj2e1mD2xG1JCxIetgNKZaRvctyldhe/nujZuFfSQ2SKjjHMsa5BoyczgJAGBDhFAZ4tK05xJFWDKOrScx6U23HN/JdBCzEH7gThdz0TzuwOB0fGrFj1f9wuuDSmSdFyMe9eK8RWzgssv5PwZIsvrFwuZebfDUk011kkkU83FMJ6YBtZBFBSAlpOn6gfXPPPvc448/tmjBoreWLN1skxlfuOiCuNo7pto71L/mpz/7yQ03/Gn5qv5j33X0F770+THjel9+/onhgYFtt9oyieI0U9vvtjtA8v3vfvv6P/3r/I+fmw41qNGfyLQ5PCwICNLe8VPuf+R3J73/Q7//xU8+8NFPUzoIzeE4qQIgRLFEVIQAMDQ4uHjBgkP32u3r3/h0Y3igVu+MoigRCWIliiDNhkGhlBlGEZDCSKhWJkjuc8C+SS1JJfVMnQa1Kg0O3Hf7Xffc+/Czz7w8edKEc99//Ec/ceaECeNHBqWIY0ASpBByCUJYrxGBHG4SCsQo92wpSjGKSQjZAqlauXqmTAEQinrcU8esBVmaW2QKkQCJIpHJf9z+cKuZHXLAnhFQY2BIxSqDCEnVO+sH7blHT2/PvQ8/ffoH1o2bMEUpqFZiUY1B6J/BJMBKtePxJ5+84c//OO2k933m0x+ZOWXc4OBIR0dnR2/XhR859457H3/llVcXL1l2yUWfOuzYE79z9bXxSFWRQiQgJQRVqpU4iTedNvWSCz+++7777LH7Dq3hQaXSpFIhglqtPtC37sAD9v3zz76/frCRiQpVIlDDoEhGkYoSTCoYY5Ik8xe8/cOrrnjs2Ze+dsE5MeCpJ59w0qmnAaRAGUg1PNKq1jqiWsfNt9ydpRkAgoL8pCyZNmfNmfPx8z4+e+b0dmS+aPHyN+a/FSU1EDFiDCgBUKBAgR1jenvGTe3prrdarbheQ1F5+YXX57+99JNnn3nqqSd1jJsErQHq7sCkK0aRSgV6E0FlmQLIMuoZN/X9pxwPUg0NNzrHTbjnzrt/f/0Np5103D777zm4dum73n30HXfce9VPrjvqqEN22XOPgWVLa3ECcUWmsqNe//i5pzZk9sR/X1y7dh1gTAR5/JKs/LBcZdISzHhAsALeHvVlpb9jVK4QuNnFx9P3CpanNdqswC4zTnXT0I3hE3jikf2es5XUVDZ4LvHy3//09I5Rb8FSwWGEQ128jJgv81OQfw6riv28LVNsFqPtXmoa9eLmZPlz34R9x2Oa/FX+g7DtVX+5jsnfgB09Px5cVl8UMqVa3zmf5J2MWool8g5lHU1Nat5yuxzmcjcm4mqortRo0xrRpsyIxneMm9Y16e3BxW+uXLRiYPWEcbMypZDcL7IQkPkhM2vf25k8w9oSn6s7cNrYLk8rW+O/GPosWhTgFkDOLrcjAuh0GFuawSBjAx9cjiZnTDk7In+ExkcgKCLRDktuRcZC9ObhFpdwyzCrNsKTGS2BUCQPqqI4MTai/hIc3EZe52AdZLqgjqHoHXJvJZKVVWTFOD+R1b3ATw4RblODfSn9zNgfbCqXZdq5tWssV8914051MGNoHbNnvofnTElD4fnuo25blPoFLre0Hew8ONMynDPEBvMQQ4Jls9lttRLeUY9PqlpsWFIwTzGPO3qC137UvIMEBApUhPG8FfNX96+OVLT1pNmTu8bJTKKuwywVLjlEFOCeL7zUbSsNFLYNj4YjtBWoo2RQSy0JJg82LPTLC3o9RewBXAZEWz1paMZ7cTycqqRLCZSej80A414oC3+XnUgfEKD58I7QVQSbI4jdMLGeYKZi///tCi2z9uMh5JYcIiEKhbaYLpd82mLhYpBJ41D1sAqpnNR1M2P2IoICRCUzUasPre+/9qprr7/tvs4KTOiub7bpzH333nPvPXfbZPrUpQte/9Nfb7z+hpsGBtcef+SBW2629eLlqyGO46T73vsfvv0/d/7mJ1dXerrHdHeuWvL257709X/ffv8HTj1jr332rHXURc+41/9935I1/dVEYKtx+OGH9Y6fdPXVP9jroCPP/fAnPvHRD0YCqNEAAECBQIARQNZZ7Tj/rNO322XHGTOmgJwMUQIKgCKIEkCRH4ZUSaoAlKn8vQeqjO2FKAEYGVm29rF5rzz6+LP33P/k08+8PLan47wzjn33e47ca889kqSj0d+KkgqS1FX/QIBEKlMjWYoRZBJERCgVIZFCbKwfHu6sd0aVCo4MEmB+PDFBLBKgrCWiiIAoUwSEIJRSWOt46cn//via306aMmWXHbZRrRFEEUGWvzoom0Nzttx82y23uPGm/2w2fdoV3/9u2hhYu27V+vV9gJi/uF2tVjGOAJPzP3neNltsXonojflvZYREIJbRZrNnv3/aJuv61iVxMnPaxIVvvLJqdf/kaTOjJJFpCwA7Ojoq9S4Vd+7/rmP3P+pIAMqGG7V6R62rU9MIAcgWiMq7TzsZgECmkGVQrcoMAUASQHNk8YoV1Xrn7/74p00mT3j3iSdMmTZxJE0HBhsAUqVKSkhqlY7uTgDo7q4b5SisdIpF3Bhqrh8YbKXDa1atIRQAJAyHCSEmThy3rq8P4yiOYxACojgPnNQ66y2Ji95etvCt+UsWL6x1dNXrVSXpfaedLqWaNqEXkJ5/+slKknT3dNY7xwyMtCq1uhBRXoirSCohIIqIWn2r1kWgxkya8OxTT17wua9OnzbtYx8+E0jIofVdkydecvFFL7z8+gc++pm//OYn2247uzU4LOIKSQUAO8499KyhkXmvvjllwngAKUAhKnMmPXkcZhjJ8qInOPKPvgY2xhqxAG/h0nF3oQ+31uN6noaFpbTi0j+IwnYpFz5Fs8I3EMoHyauSTKRcH/ZoLGBj00ComdsoFRs0NYDzPCcTYixfUgBMZxyCs0bJRP9Dn8A20+stBkTbwVmI2upRuCxG8GKT5TFX84jKqrFtl2BSLwnj1un3MhZ2aWbVwBf2LaypcFdoMvdA8pWOnxP2oCqu3fVlfk1pyfg70r+WhmxHYofI5FUaHZX61lO3fGLl84OtgdfXL9hh/JaglIjQFJ2a/BwSmP9BCcHr6cwH4xOwqfOfsrcNzYr563OOOM0vD+f/2FpaZzePihFi7qxCyJ1dzg/oluHQ5HuC+iQ9zh3eZHmRrp9zMq/IEVsncFngAVlYJp/MW5nLGNoG3JbMb5gqC8aGIV7Y4n2RQuxfH0gyaUiyNEkMFfk/dtf5MKWxkhLjT2PdDozmOH97l4s6NEuwItmRKIeLH+vBN8mTzuZ7fglD02wW7QyjZk23CH9NaER9QT1ZzrcDuvfxHI4dfODakxvUtdUoQzYtk+guLMx9B+LT2GiCaWhlIpH5EUVSVIHKoBp5YeXra4f6O0XHlI7JMcZNaJlCXQckAtjsMSGwWIuPJTNtuefT5nJZU3tn9A7+hfZnIZ334O+jldLtFXxw10LmbWLpWvhOmMU4qa5pnEgVcnfm+BO9cDMOwzqAEPymkUSerhzlKrYxGtOCoHL0cVQUDam2O1gGARY+2GG14GSKwbGz0nocOPb8qZBnaz0AzP5b8RQsQs9C4LE4gBYT6IGCXF7kFh1Z2FTRIOEFOXZZlhwYXet3yxEQVCSop7t+wNwdDj903y223HLalCm948ZBq/GrX1733Z/+ViAcuOceJ5363v32P3jRgtcu+twl7//gh/fec88b/vLXvXbZqXv8+ChSTzz++AWXfENQ9PNrvnfQgftkI/133X3fqwvX/Okvt1GaztpkGkmoKHXoYQfP2Xar637x66u/d+XCN+df+b3LMhqOAIBIAKIQAGlvT8/7zj4VlMzW9SuICdOMIiJR64JVq5b/5rrfbLbt1n/59/2SYlGpSJCQJE88/NjvbvrP+r71L704f+XaNQN9Q7NmTD3vrOMOOWyf3XbeuqNnrBymxmAaVWKk1AhjJCQRwXD/uou+cuWTLy+MBQGQQKzEMYLI0uZrb761dqBxwGHHZc1BEQEqkUkJSFEUZyMj7z/5PZ/69Efk+j4UApUSAhDUxKmTr/3epbNmbTp18jiQKo4AMANQgAIIos7ald/4wn+ffH7K9OmohrbbcZtrr7pik802j1QzAwQACbh8ydtX/fC63u6ugaH+LJWACoFUSoAUoahVatVqIuJIyWyoMfzSSy/P2Hy2okigAABqtl58/vmTT/tET3fn/4+9/463pCj+x+Gq7pk54abN7C5sIi6ScwYlmhDFjwJiFjNmxYSiAqaPAbMiKioqIopKEJUgCKJIDkvOLLDp7t54wkx3PX907plz9ur3+3qe1+95/Ubce86c6e7q6uqqd1V19+QgCyrSLKtnCTL1hk0mJBGgLCTjmCUMJG1ct+kTH3znK171cpSEBYOk9vfrbrz/wftPOO6l7zn1lN33PDDBqYmJqdZ0C0h0Wm3J0+l1z/79xn+MteUvf31F0Wo36jUARogSEEDytHbfbbeddMLrh4ebrfYUYxljCQeZcEg545wPDw7ccuutgtUEJIA1TFKQCIC1RrPbEV/92jcuvPDCyfHpLE2JiCEjZJ1Ot9XuFJRnPKnX61kKw8Oz7lj1yJ677tTJu4ANkhKQ5d1O3s0RgWdJPcsuvvjyj3/ua7OGhr905seXLFk4NT6VNQdb4+Nbr9z+B9/5ylve+f5jXnzCl886/YTXvEJ0BQNKZg9NbVz9+0uvet5OO+954F75+FiWcgABdguO58y4CVcyrQacUBQ1dQUDTehhWE8VBKg0eCwCKU4zxM8FuMecF+BnCK2l81VuqE+iFT06/2k0o08AUfjJeyaoMdLgduEuWshDGum6vpWWuLjCFpAjRojXe8xyyKpy9DBFKSDq9caxsooAhztB20Vy2Cc4JjeKy/5HK4Fdeto7a8Fbw2dRrcPWGLpB5HcntC+uU9VuTXguZdQLFRclL14AoQCW+qXJxqAXBsxCJBhWgIIR6Y0zvF/CT5pVBEBCUpYkR2174C/uubyTwCW3XX30iudniM6LUSFgDebJlrS8lMa6mxVaaM24FzHSAm2iKg4/G6J8D97jEoJVGn1wp5U/7xm7TAsBzBJQQ1SPytAfK5frI/8r+fWghfiWQC87pSBRZXNGg5jQG4a0lySGStWg52YaZexuuOy9rcpXyj4I0t+DGsi6nfZDBMw8rBaHlqwasOsFfZUTMCSyBVqROy1p8+0ulatX0liJ0uUJnNgBeIshrEKI54keOrscRE1EdB0go/zAiLD1wUNFYXgGntB55q1C7NCoo0AuPJPhSoZUk3FujTmwT1oF58dWVRd8ITS62QRKjKpk3tAwgLbozE5nXfPMzTc/dWcrn9x7+YHbzlmuqmVocLnHCESPCo8p/uUedb3pM6c9llS5Sb4fUqlifSvmQIb16Mz6XvBexxKbqkoSQ52vQgnOHoEbRm+Gm2oNMahseqDew14qREOkXCvLCvIexYg0X92XEEIY+a42GX7HTUQ15H+V1S67pmEVjgaISnr1W3ZXow2/aJXq7rHsKAo7AfiqxUi+hklGhsggAm330Jta3oS0iiGyv2aNhtGE4Ry3outwGpjqCACRsUR28yytnfy6V9Wa9XRoFhQA3S7k3XZ7emh48NgXHfXCFx912MH78mwIWu1td9zhjDM+cfYX/vfbP/zO/rvu8fEPvytJQba7jWbzhFccd8QLDtllj53l9OT4lLj1H3f84k83DNWSVx5+wPbLtxJFzmSRj67fatGiMz53+l577LHmkaeAcsYSACi6+eToaEKaNFEI6ubIOCID5BwTCSypJRvXrjnn3F+MzJ89Z2jo/W99PWvUxeR4kmVPPvTwd759wQ47bn3kgbtvt+2yLRdtufOuO2y/YjHLGjTdyUcnAVOW1kAKZt+zrGRLUJplRx1+8Iptt+YkGRBD1kizJGFCYrMxgI10dMNGbZaEzAtJUhCRKMTKldtSIYElyAgAOXAqxJZbLXnbqW+CvCimplRMB4kQJAAnZLLId9tv790O2heA0dTknHkL3vH+UyFvU7uFsgOMJUVrhyVbvPplR6UJMs7qtXqScMYYEvI04ZwDZySlBAnAGln9O9/9ftGaLAoxlCZievLAXXf8zAfeMjrdLgrJkgQRBBHlOYEgQAbAABhDYJyIECnLsunJ7pYL5yEVDFjCE0A49MD9Zg3POv7Vr1y6fBsgQZ18dqM+VE8BGecI9VRubF/62yuuvfVOJvHUN75qqwWzKe8AcKQuAEModtxmy5e+6NAlWy4UQmRZypMUERgDJMq7IuHJ7JHG7aseQkKADFiCIAFQCJFise+eex59xPOLVpcBFUU3z0UuBCDwJOG1lBFCXjAkQmxNjUM+XeQdjgRScqDBDLMUAYpaluRFfs1frlk4Z+63vn7G7ruvbI9PcsYRAYEXmzbtvv++3/32l7/6lW9PdAtWb3bbm5LB5r133P2ps78uO+x/z/7oQCPtjrZ5xiMt4yLe4dIvsJZRqzUz/zS6qVAV1h6WrImv/SrUTFiRJYy8r84iWyUQaCIbYffdMEOYocsrG/0qpf/CKHQVGmXay0lQYMVtkDDgJTDkEaAsxf8iY2kprcgTVl2x5YsojCxZD+Qe1+h/C+nU8hIFhoPS2qpFPa1kfZxH9WBtZaA0ugwxIaE9u+XacqFin8ne2EXrD22kJso5O/8TKnpX2XTchT7yYErHBtwcWyhIkiTGcLw79bpLP37bs3fXRP3MF7/3dTscO9md5JgQEDBARAFCkJAgpfJGKFi8iuCmFKL7atnjz21NkSPXo92DpmYog6mrHdkel1cRgZ1LvjcAUC1ztnn0v9ihLQsrBo9bBpemh+90+B+RGawFXoqrAkdHedDNkG6q9DkaaDQylXpwKoieEQABEemBVtF935s146txmfoKXg+89skyyo47lnlkSKu+6zoS/PW0JBoeVgHcuBrzHZ3aDeoqeRultnxijHDZ7vo3ezQNnmgCef/z63Scsx0K+FZWBU75aG0DCGCHzw4iAakJDNobQwbIgDFiDPQJlkLkXGJRY+///Vm/ueuKhMkzjvzQ2/c+MUVOQMgYIPLSZgfLTNW+Nf9gZ0+VM9n/mqHeKz3mMl/gyUIvI6ge8lW6U/L9/c9403A82OVJgQg23ONbhGrqTKzWeo9kb5aUQqBTyxHqkv/ptE5vK2zJshqi0i+NEqflo4ArLh92eF6v180yDHRg6f/kssxA50VqejRDpECeiHX3di8/gz1wU7rv8ezw0ygdhNYoJlkQOC53y+uQi0k5RjH3pOqkfpD04ySJSBIg44QsLyQSccZYwoijJMzqdUgHKM+70y1Ggmec1bNnn119/yOPLl84f8WSpaLVJRKYJHygCXk+vWmCMWKMHn/y6SfXjM6bPTR/ZHjxooVSkpr6eSGT5hAfGIL2OLCUBGFWX/P06uuu+NMxL3/p8KxhMTWFQACEDAgZIQdMJLIkxdbExE233dHp5kuWbbndksX12oAoCsZo/fp1N9+5asnieTutXJE0GiBTIGhPt6hbJAgsYcg4IVdowdg3RCSQEhFheAhAAkgABEB9qg0kRiCY+c9OLwmAINtyagokqL2PREQSJEkpJZBkejuRZHrkEZARskIy4AkiMhAAIJEjAsoCqMsHZ91/y63PPLv28Fe8FCAFIAAOkBqqKlDWqpuv27B27T6HHJiRpDxHRsSQZQyQEJEEkSRJ0hhSQCD9lgHtjQIgA0FSkMQMGOcMsZZAkgGwfKrFmOQMbvnnnVstW7Jwy4VCSEKG3el77rnnmTVr58ybu9OO2w8ODcmcQBIVLT48664bb2h3Ovu+4CBIGiC7wMCwjhlLTs5TfQABAABJREFUUx9d+9Tdd961csedtli4Vd5uAxVpc+jRRx+6+/bb991v70XLtgVoA0igwgmqHrUECIATAN57652bNo7vvstOjVoGkqbz7l13rpozd2T7HbYVrY6Q+UMPP9EcGdlm26Xd8QlAhjxBQmQJkcQk5Y3GptH1QDg8e7bodNPB+j+v/vtvL7vm5Nccv/t+e+Tr1mPCmQ4UkQ5/G11KTgEHVtJTz96sDCLvPtD0t6WBTnRLgNoQTa+bOO+16cT67IDXJ8d+jvIOcq7iU2QAlOfxhXrfNB1pVF+9WTvVL5lUcTaS+UlK6TXgzFaF+TTKz8OuRuda4+33wTzkAK7tGHl9A6e7I0MYeU2hMxme+NLHYYuc1NBfj2+bDFjgDYSRTio118uDqgQtrmzIK39VoUtDeM+4NXeAYL2+qo5HkWBrUsvRd/uhV5TCp63Xk1UxGSiPTvkqe8J9LmfC0fifRCiBcbzkkWve8ftP1kaGF8tZ57/m7JVD2010phPGGWOIoPxPAYKAzCJaxRIVFFKeJ9N63fgkISZSIuGWRfpdrei853FYHqkOO5cDrINAFSxAr7SvlKInyj6OxczmR+cshGUxpNPRDhA2S16vQ+Es991iy5mETqq/2vlp3RJHn4n2AwIjIGaMv0VUkiSBlCQlAOn3XumLaQiFzLig2pAG4JMi0o1iNg5SzEYrThWImrzPJulqEIsf0SL//A/yUh/VPDQaNHaKquaY59b0cIXIja/Padvx8kTwxqIyHquqQsMuMq1ok2tbcRMhivvYma5G0A6lNHbS8A45cPUvB8aBFSRIiIHa4Hdu+dWXrvnhcxtXH/28g7/60k/tMHt5nuecc8Xm4DwYx7rSbhfViicOkWGC3pqtz1VO01FcT8+h738F5jIiNbBK5MyAX9x7whIadNmyzukU8n3aftwwRsiS5xMWGs3Nqw74Txjkx7ihxJBqGGBpCMkjz6CiN+8i1rlu9og7hwlVM0n6RidRB0jdKDsFXPY/19/bvewz7MGbkn1eyQ//sPU/DQVgbEuABcq4iOxULkMsqw3JnhImQIIgkgRAHBKOCEy9ixMZskQi5jkRcUwYMmAiR5nzZhOSDLqTYmpKHwErSZIQucA0AUQkkTQySFIggKIQ7Q4DBJYQcpkkUnLivJalVAgECQjAa5AlMD1BeZeIUEogqTQ0IUfkxBkQsiyFxoDGWK0p2S0AgGTOsxTqCXS7spMXuRCCABAY45xxkEp/IGNA6qBa38QTgJQ6PCb1LgtgJJGQCULGGGOIyBAZMtRxXP2cRFnoc1pIKt0uiVR9DABBIhmfVqklZBK4AERAzglUR5ExlJwVgIA8A5aQKEiCeli9HJ2IARozQ4AgORWAkNQTkLlsT0MukSRwNL2SRmcrf5ORlQhNvHvPLUhCRGIp8oSAEU+AJaIQgDzBgjGA2gjINrTbgAxUK7VMv4ajaMl2F0Ad4CsQCXgCDGWnXeQdIDJvv0RAjowzhsB50mhCkkC3SwJMNkZiwiGrQdER7TZICSBBFiAlSQHSGBHGkScExBBZcwA4wuSkyCWQZDzBgSZ0O6LdBpKIxAYGQEJncpIhYykHQAQGLCHGiQAZ41kNpJBCICKgaLXajPP60EAx3gIJwICRdKvo7V5rveDA0xXOpwJj7NysLHkcPkxUpsoebCilBKgN0/Ta8R++JpsazQ54ffrSz8migyxBTQMaGwd+m3GeqRTKNMU9NR6qDqdQDIGGqlCHmPOHeiDcGRtX92Qf01m6b4BsT1Oifc7IgexVfR+7FdaAWusEiM36QgQeVAR/EHp2JfKNSw/GRkijTQ0zDe4EADKbM6M2jNFXUCWq0zXdg1EGR1Xzx0q2T0mU0vQICUBqn8sGCPzQfqVw9IyNhJfDugTKi1CEkoSjlh1w0k4v+fU9lz9d63z6T986539OX1JfNN6eAADOOQJDkKoG859EAACm1L+dvwDGKQsIMmc4VpHpuQr2Aea5HiEjI5mraCv4yWCF//AKq6XSL/599L5Q1XPk9R0Bwnx3TD3pglWjXP2NwOVSTGsVvfEJV5MHGTD3hEeLBBAacZD1VwFBEnIQCNz6ioZSZvC0P/Ud7ysHLbxYzIfS84oY6ye7zigCYvU+Mw8EWSQilWXcjNXaw3gPEC7yNJ8wEpGwYzM9KE31lixn1AdmIKvrouOIq9qKvoJo/ls3VYTAAA2QDJlCUrnMOfF6bfD3D1z93Rt+tr69dsHI8Ml7vGKbWUvyogtMH1VVOemokunkdluUvbj/m9f/pWqrzZDa6GFcFDLooZoG203rR5kIBYbbBZ06nkHosBe5ULJcPY34DDBAvxi0qsNv2iuymWp7Vmdo3mwVm2sAIcgwVH6OJ6xxYmU/Cq3NI9CHkFR0wqCwyFgr0syHEmutySR3mwGanBgws1BbWVWSRU7IEpYQA3XCCwAgMDE2LqVUnqpGH5IQMElTqSWVFZNdSR0AZAicM42EkFCSKiXaHcYZASAhyYLyDgiBaE53IAuABQCgBABO3UK2NhECgkREZAhSAoGYbhUTBRIxRKaSt4hqe70mpwTMgABAKs2EWleRBg0a3puFN6SRHwokg0lCDUkqtKB0HzCt3FCxNLCbhCAZMtSNImMMlJuqDnElAiZQSEQOwDiiokQbIcbU7EViSAxlIVotkAUKCcrhFIKkcGoYEEiScTF1rB4sclCiBsg4cESSICUiozyXTCBLtBIqpMw3otqcqyyNIDE5DaaPWgJIgo5CdEkKFCJBAGSaoXrVCyIwlCin2pBw9FIJQCALSfkUUoHSGBAJYPeygTn5QwhUa7THxwGQISlhkEVOGzfaKDUA5mMTQJAkCXA9VFYQkHMgEO02MoaMKYe92RwAJDE2hcCQmTUCaOeS6WnZDoWuR7wI3s5Zv4wOYgR+hMNvQOA2kc8MVngaxVu/EpBpYETf6jTycHvBvGSvvvT7VyrMazl05wJv1ghV4SQvRKdRq842ke4buU7G1sLYNmMNyVTiFK5XBAHKN8Orh29m9WalwlX3sVe1hhVBhcFZ7cGiHsNhp9+Vs2ff0uhnPoMco296lGLyIxFRx42jELLTPVOytWiZbBrxmnaMsAQ4uYy9U6PJguLedjLwhQGo5JQ5RpnabcLENB0MnaqDIZBEKUkOpQMfPfhtqzeu+fuaW29Yfdtpl33xE4e8bZc5O4GUk/k0AelNqooINJUgISEyRGCMEBEZoLEQPr/QDIBHgLkptbwzNHra5wqzB1KgvRfxzygZV79Ffl5rBgsGt8KLIPi57CeQ+9WNlJU0A0yB3OJa+zuBPlBY6U39um5Vqy9/0Sh5F4Z9dmUpRFAI1bUgAKqgIwAjpg7mssLpdRkNCpBqdpE3bgTaZDJkaheJG25TESk51DsPdVyXeVRgWf5VdD1gNVmWWxNi55XlpLFuaE71AwB79Lp/SJv+5s1F/cGPBqCRRu8ZRONeo+usZT7pPaPeHLSjYyYrxD1zF5bX3odcQQBQYQJvRyvq/2vqwKaj48EHroZAAgIggUQks4TeMJNIkiCSCMlgNggAF95z5Reu+u4zU2uJFW848ISX7nA4J9YFoWP+1nJFrLQUUqgtS/p/BuYbbPFey1L8eqIUvIabhhOb9amiZ9A6daFtAhvGJW+eaiulK1ftUQkmWMOkbJbFO1YHWvxQaWgqiSfvZ01J705SlWmLutnXkwyFeObOZxR09kNxlgZfs/eMQZdpr7TIXrsRXKl60tPnVbeJQONuaeadoUQxmxBRvXMiiBQH2jCEIH5rFH1RPzKVYvOFyggTU9ULUk4gEZFEkpgAklqcKEDliJiejZyUfmOSYYLgPDO1/1mtiIBC+SQkBSISMABBUiJypTURGaEEbaCBSIJUcs70Klp1cpssUCkbBikm9gwtM1aSMVSro0j/BwAW8ykngJThQPC0tQZFEpEBSWQq4M0CE0JacsgYDV97a5uOPACLgECEIJk91gsBFc3KajGml4ywRHvXgABkBMuTZJMcRgFgU4jKODB1krBqgWkjDIio3jOqjxDTSlqbSiBJ6g0ygBIZ4wyJ1EsvEUATYk0OEiImoM+aICBiJAGJlCQIgUTagBHpPpizFQmJEIExkPbMBALkmmCJgBwTACkBOaCaDajNpla6EgCRMa1LdBekgjdkFsgCEOdcK0I98MweJqDxPuduIgCTnUKSRMY15ajdwHCGhZcLBYVKpnR5gbvgKYs50KtMmzVpcpz/SazTLqoAT42XPSYNqSuMm4X9FdWqChO0aCi6yg5b8COV7vk/eWSElj7Ks1VeJUcp+oZVtysuu9CouhU98asXLpN5jbjiA4VMrXwe4rFxDl7ZgupgvOtKJElV+zqD8GOwbtkmBHxiLBFRXLxXpLMMtSgaJS3QWFHG9zWhbPE9swdG9fRKGns6FmJme8CJwCpSIcVWw4s/c/QHPvyXL9z05C1/vv/vGybGTtr5xS/d6fnzawsAoJ1Pt/K2gLwgIVWESlPFOCodpnQqs3PWb9xYhxIvtOYmvY7C9dmxyLpJIUAh00pwOhd4XLeFzH1NTBggcEbOtmE/huRaBwf8P3aCuAkKgOHvhHqLOLqN7h6TwIDPoIMQCgEzxAOECohAastjhc00YHEuaNOnQgjK+MeqXMMEkAKKAoQEKUmSMSmgzskCxoBx5BwYR8aA2eUtllrjtQIhSYq4aLuN4DNA+59ucC2iAN01AC9Wx5QVN10wkubreo9/dtZEWsfOJFsvmjuOabZ3askFqqgNgDtV219yYyaV62koheQUjlGfgZULyUO/a2gZ65+M5RZU6ZEFV6UdDgVtJBTSBkGBFBsTSBppbSAbAMB7Njx64R2XX3zPn5+bfq4j2m/Y78T37fuWobSZiy5n3FPAZqAj59AxVQ0hBeRUuaOVjla0BikKO1aUMlWFQdu4lN+orRktQNisn4xeFjd+zljC+DdVMJAuNAfzodVGVa37dNqvVZVXICnyYBqVnvQxRUBj1JZHUUkvVZBn67FF0JACpeKuL3Zncw9w5mjoHUFA7yRCR0b8LplAKdtKbRWlTlgKPYWPXoDKEKX0Anj7PDWH7dFpQVMRW3XrpE7HAQBSyQmDgDUlDqYAqjSWcVf0mnq7AsZ1CcBBGsbMTktyvVWpUpRACIBSnZuKKtfIzJOMARFicHY9kCRQTg4CorESEkhofeOxkrSfYbUU8zlMqAKVetOm1ZCqGTCgAFXyGaUJ0pPJ9unjkb3OOqnXmVLGdF/RxMbMoKLOspKj1AyMtuIutEV27BHIgg5UOoEkkckPWnVrbR951knTZf5T/fR0iHqYUIJdLUxknU/1FJE+xEMJGBlCVdPadurEpS/4BHaFKZiMIkiS6IX5wQwf6hCDjl4ylfV2/hRJ0zcGUloxBzCBa4fKFGPVSDNTAdrHASUQNw+bzSIMETgQEQmbcFOd0T4sEQSY3dlzJwiaZR7rw+PizACA/0x8OZkIbHnwu0EOUTS5j4Y0TxiPvKyBe9QQXUlcp6f1ycdXzkzZxJar2rfWAZUWSaBzOyk4GTTqT2gEKi+/Zc9Bj2vy4qPYo7IQQ1XUgC7EEZSKmuwfzkR7jD5A6NWT1bObGaVSjbqqEiWVvQBPGspE+qDsPyMjqqLXjzOOuER4K9LIhjwzXAhAwJCpRUl5ke86f/v/PeajX/nbD//4+NU3PHP7o5PPXPH4P1604sC9ttxlu7nLZqdz/puu/b/X/19cveb4/3v9P/yidcXYDU/865Yn77nuwX/e9ewDkzRRT2tvO+hNHzrwLQvqs7siVzF3s8ba+guhqtPJUfXR2KkZvAgEeniJMZXl94U4v4DUy0icR4SWigrnM6ykqmlrHSLie+QYK9W+K+kcArtP4j8zFP156LjnR8HMV43ZoriEuRmDjZ5XCUXNPAlQZmPvenp8rYB09sl+ywd0gajFXnGC6gIWXJrwqYn/u4oULzGqwEO3ZGBzXLk3WMb1ANK7WlTiUbkNHkgzxzspGEjGcbV90ifsKMfJ4ADduI7keusnCABAIjDS3p3NyGkvyZz2wolJNPsqAQBJ6L2cygFEAHVigOf/Iql0LiN9wDYzldpFVGSxG3pJX3QuGWj/njEgnTBEUhtkUbsiPmrXripDMCtvgIN1NPRNiaZxbzqrv77nTKR7xrSPjbZXqB/UDrM0vrdEKvwJrzsDfiCRAXB9VgaYAzSsf6ULEgDqvnqT2HrCaIs4JAeB/KFaECSJMe0PB5db+QRq76k0q9uUN6jOhnAOpGkamZZVK1tGr6AZe7v0WbvXNualY97q/14MQv9uPFg98GrJnYoteL6K9ZtsKncG6ivW4oZ3zLrB6AJl4CizoBm9e6XKN9e66VM1qXYgqhe5bE5Vgcl/Bi5V4FZq6TAJp4j6cFkpmIdVWRdQQwRCiiQ7rMc1SBX3DT3qn0jD2jY9YxzmA21FzhkLgotej8MS1S5oqYYgeOl99lwpBLOqyneMzdQzzrkhHtyAG60fe2VBE4FhhtJFwZBWUlgqYWIhZCZoaTh6hbeJbNi0HzizN+Pob2zF/f55ZlDrNH0aqyDoFt3d5q384jGn7Xj3dhes+sN9Gx95ZP3jNz9527LBRUtHtpyfzZ1dG67zWqqOYmcq4aJPA+CMc+TA7FoPAJJSOjug4oQ2ZWRiRVYxa1pNdEbTrM4b0EbARc3V/4nM+sUwFBbIs0HCQKBCe05C/YSh0oR6g4ZthrSpR638EJwoemw2AywhzPhZOVU2FBDMoQT6oB9re8FgCqdICAnUimbPggUxEx16BVI6Uno/KfQChDKIRiMicmQMOGOgdwyhIRuBgASJvMglaGMjpVDnwClqVd+ZOrtADzpTYWMbstca21pnreTVN9T90uw0fFUHM4BeL2EJlkRSxXT1IBC5rYx2gK3mRNLr4hwA9J5VAsRsQN2ImTF5aIgz3UD7kg4wJtGtaNCI3uTeiazu9egLjjizU8BoI1QvOtdzScupJCnU0WBGqBFBbaTiaqoZ8iVI9Zja60Oo8R0omMaQIWeIHBkocKhQkpRCFIUouiJvF53R7vjjE8/dv/bRp8efmWiPAU92X7zzKXu98jW7v2woqReiIACkUNohyB+C1VFuLYG1aBqTePtSA91E3sYK/8c+2swva5+wX8yCGTBWLlabQXIbPZNarh+MZPiaudfTYeUBW4x3AVrIAuDWp4/VnnOVJSC/gB0q64JGr6LphZk8q0reDNKR7hIlPiEUQAew9ZS7gzZJT+HwWF+zr22NwZIZ7mjxkOuO6a0f7i+7oFUMMVuX/ZVbSpbJhP6rvGVj4wJFhhoP2KbI6EW0FsBrgzRAJ0BAqfZDaJ1Dlg7lSqm1v0aBqqwcmtbR040WTIMZTwIHuZV6Q0DlcWk1TMpfcnCEEJjedUlSZ/JVSsvZUjKvcTeLotSmHGXA9WB45wWgfrsrSGv6jEpVNlNt+QRmNpASOquNYGEhAeiMls7hAoDxtBXv9PpelBBkaG3Eylp7M0+Z3l+qV/CBqQzBTWkiQJJEEqUEEqD2jWrO+7AMARkhR2CGLf50NqLjYJ/20FAdEWj3r5BVboZPzo6B4an6rnZ7SlC7Z01HrQyo9bVEZI8FViDLX1ZovEPVHaaqBAmEAsjmwBA8twAAgRn5tBLoxFBJgtm44+aQS7CbU0kAQDJlV53sV8w4A4UgUs/OvFdqbYweN9pONyJLPrv94GsDZyYg1LQhnQELwJCl+u8fbu8j+YrcqbOzjg+l/Of/pSuMqFGPH/6vtbY521ou4bR4JT0uo+vJpv9rr4orc6EEVNFxbcRj29ePak17UCS2XCE77GeNljbXBYt7ydXUz+7b2ir619v59JrbTMdDfprBKBlgxhgQ5UWx5dAWHznglL0X73zFw9df+cgNDz734JPPPKyOyWQ8SzBhyBnX2z4RkTGGjKnDBtCYBFLRQzIrQvQ/EtQqFmONmbLUVhWZiWq1lw6a6eUq5uX20sRN3dJbFxQks+UC7Q9kAkEWk0it0RwksViAdBHTDUOX0U/KSOjXv2ty9VyQqPuo20ITe0DtZYHTx96oEphQq3aeDCM0fGROcsymCuMAkClil/gq9cSMGSVyAqmoYMgYqEHjnGmPGNWOT5CCqCuFBOKSQPmiCMo/Vf6VroEzhgzV6zjUwDiLrFwntVFI+u9jsPMt7CDoNxOgOaPC/CTBOXzGsdTrnzxOArhVfPpQirA9j5VqE5Wy2YZkz56AXlBlpceZCxUtsAEKNIu5PLtn/xgHG1CtO7LRR+98YFSIEZnpPpI+n0bz2jrS6in7uLH3tippCoFZmazaZKgmJBpJJilJSiGIClkIIQuR57IDsgu5wNrQ1nO2efluR75q5TH7bbkzAAgpkDEmyT+1o8/lrfSOEn2RxQyust7bjNIL903EtRmBmAG9/a7/0/KqEg/aehcGMjODSry4W0UhCj+EVrNf7tEvGKCiAHh4KlbVPwOTFJNRbnoGxrrK+XQE+B+ixpwCLZNTmfz0V1eVqkMC1OfReEPpHnHfDc6xJsLCAEdYGQe5P5pmu1jUGbBQnal/pSlkWvc7ieg8FhMMMf4KolopCoQu3aeCetL6bYAAwImYRGWEBWqCJCo7jmDOhFCpKivqmnQCLhlDYKCOjVUuB0GAPvSmOkOJHRvNAEY6XsEImcsCq3P7lWnTWygturdaG0l7oXqTI4FEIgRBiASMJCm/y6xKl3bANKMkIUrkSpsxAJT60By9r1WozbE64CxV8BmtydKyY7iJAMgIODH1+hmbZ7ZWW/FXuZUMkKujhq3PbtiCBKgdXc06MPE9M3qqJnW8vQkkSTBSoIZeKkMhUVtc3bhmDjAAYiADgWYMSB1lq9CFG0awM0OTykCCVPSY8BUCSsbAvCDeNRrOEjORCOx/xpz4oTAzjxH8+eFTs9nLx81+rIq8vijmodp6XWEGEXoZople/k7vIKLXp14KCLHnDymUX2rA3vVTiPEjEVAy3fKCI/ZrOfhHmzE0EGtNNzsqFvEGo9nXI9os550x65sz7OPxu/serPCdwKBHUBYHdH+MkxDDncomPZqiarFkg20G1S5NoNA6zmQ6eF2xoLOqlcgtr/q1D0SIpqqXeWAMCBAFyVberiXp0csPPmDxnsdtd9QtT9z+0KanHhp9/KFnHp4U0+2im8tCCAGoD0TnPOHEOTIVqjXul97TofxPe2Q3GD3iLQCSOvlFKjeldzOqIKMK6CKqbJSX5VQzw427r8WscCqErvEq2pATgDkX1HsxEAIASB33Ik2PmgHOjHgIRvHY/OcNnibYEmQFI8p+gDUcuqRxqo2qU0FXgxFMXNCqZ+W16roZASEj63vpHZJqQ4/Vrsr/BJ4iTxhHjgyJCkJETlJIOY2ECUqOQuRAuZzuQiElZyqu64aWcU7Ikesdv2hAC+k+2VyopMJnjlZWvvepqFeeISAASZD6TCvSUUg9lO4VV6oNvUdJvX4ZjS0iNxomlq1+ZSo7gCqd57n0un7NbwCbF1Chf9UnHSUx1IDTgU6Bakkwi8MQkZGJ+tuklClqhNmZOz150MRUTU+0LwlagxFzONdu/5ThchWdZWLEiAhJ2ugyqSwCIk+TGmumswbqzW3mLdt1wXY7DC7Zdmj5QVvv0eSZlFKAQGAMIGHM769ThVWq2uhnixnAutxWC/raSdlN3+epDK6iYU8PA+pTQNEHEzM2t6WnRcvABcwUNrBr87pbD4MZXb1L1GvFa4IM/qq0gFaVVyvwMFrqWTzfXFfYuwp6/Qpt08ZSa3CvH1bBPDsvKghDGxHxRzakpzKuT+EYVQ595MP3edJwxQ6EWUvjccQ8o3tnD4Gz0xrj2uwH+5lZeOrQp2fxvSZNjYbNJmZkO23aJHAipA7WIRuyIR18NS2Z/zt6yFpFRLN1lBkNhEbPMgBGgCQlAGOMUO/VJEs+oFQvugBAkEAMJTApAYgSZjdgkl3lQ8AkAQNgVi06Tc8lSwk5sESdOaTFXh8Da7qAAk1KUylz/YoUxsxmVB141sQDqYUcas2HcnxBr8rVf62akchV1IAx0FlikIAMSBAwARIIgSQioN2rqd9HihJMClXqQ9wIQPmfHEEtCJKgdiUI1DFWE2I3lpyUz8eZsudSedEsQXWWj+ITAYI0fpVUM4yQSWAEiUqVKmykPE81HAa9EFCBANz3UcHwwcAEVG6xKBCAIZikrsqsGryADEBKZKqAJKY4YV4lIdWpR1IwCfolppwxIt1xj+3Go0ckQqHORWYSESUwAg6MmAIIxADdXmDy6jB5aHtLPeE581ol2eyAmfboS2DoE3kBUd1jt9LOp9+bY+hq0oiG2Z+9uqzkY6zZQqOmiSXQoDNSYZXw3g2pNSWllR7++1eq7Uq/GrUCjB/zFSJF5BJZNONqC61COahMWsdFnhQY4p1qRmu9guKBqSh3z41rVan/6KoMA5SdOAQL6x2IAwO3fTXv6qkMAaCtxPFCd6SqKvCkykINALM4WNdviwSjNzO3vcIhL8tVwJmqfUn6mXhIIufbfWXAzEoVVgjBEYay5guW7fOCpfusmdqwemzNmo1ruzIvqBBSCpCgF8cCw0QvDjS77/U6Ge1EqreZOfvJwCy3NFLOFLomBANbyVcKataVRc3+BrHkaU/GPuNxh6ws2SEH911pPnDD57a+6/+jX5EyOF4BD9MZOOcJqhEc2wEHW4NBMejN76g3FbT7adtVLrpOYVqVigz0on00CIXpmBMmyDmql6kBAUgSggRHmAS67KkbLrn5UkRxwIr93rrLK0W7g5xJBHInrQFjKu2pXk0XKiMLxHSeSkYutlsm7Hx0xS40ckzqFQS6NmkGxVonzVBleIyT5mN98tGQBl/gef8QCIs/fGgYbD0UM329EIV90Li65GFRpxBUiyY2bYfF+pVRzsXk7+08wZL/aUTJboHQ5Poi6zetXxng+GKPllTbmhjjGc8WDs1dPmfxCG8CAEjKi5zpJXMEJl3sOGKZVqGR3UvZKixaaY9ALxe0pxU3d6HvVWmALTKJNGfMt6CQf8vVWxlI7W3n3ZPWiwPrUQQQKUYPWDpWR6sr71bgfPr0a3tvXCJboakBzH2y5j4YDosDYrb0sum6YI++VxepsoWxpQNLafBMyc4HXDETGc209FztkOhKwgAA1CmvJhETGZ8wpmEMSalaz7xQ1F+zBtbKtmeS0Hwgb+uZqxGswgGnbu1aa1WnCrQxQKaitsRQH9WdJkgShFAeHaAwh75KpZhJAgISMpAEnIAnBBJETkgokaRdo8MkUU5Fxg0qN5JEoN4OIwgReYHAgamtAKT3ihhNCSSlEEgFSgFMqjelSADRLRAZzzIARsCMUqQiLwALzpRvB4WQkoqEp+p1JiafwhAZIEOV/5PqDSv6daOGb0RSFqIARhzJDaYEACxEQch4kmr/RO2KRZIiB0SeqNAuiW4XSGYc3NG1BJIYEREDkiAYMvVuK71gh4E2l5pLmm1k93B4skFQdHOecJYmzvcmJCallExK0e0gSc4TxtWeTGZwDGNaxWljIQGklDKrc0lQtMlZMlKer9p4pN7pCpoNAhG4tVL6LWUIDAkkJBlJJvMcABhIksQAiDvhJAAiKJCJhCWKNoBcSGKYJonRP6gHiywzSMMla0stT4yIWxkz86Skfj1jYWGf/dXgDQCTeHAsd+3F4Mt+Zx6iiK5ohY/GjYEZ7OMLbuaJXgks9XxS0uEAZTXad9VQn6v8cirbqcBPsx+ogkd2eZpbRhJfQVUVarqECSjaIFp1lRla6SZtrpr4GSdWbgMSOPPtD4OtocrUQQkVqbI2nW10fCDFfch1cm4wpwEDjmlRv8qOvZW2mXjvfohlJs+rCITn9hgsYqYbB7PSD1AIKUggwIKB2VsMzoUtn7fZ+v/f6//p1xPjqy9qdXjCVtS2OmnXF///mpz/9/r/wkXdvDst2gjAGU8YB0TuAGW19gy8Hf9u4PyH5XRcXCvDShe0rMR0Ym0G5iZqqNePjuBKfYnhZ+UtVnmq/s2ydw1Gk9vggOoI+o5hRLP7WM0i93PZk4o+VBlBr0PmGb9U2FYl6Kk0MWGyl/o8H8f4XV6g4mGTv7RoncDysKdxrBx0K480EyPulTJehX8x93vk+xqoXFmbde99rFaN7IgAdIA2iHtYzO2Mt/uZuZVsTO/bJDD/MU6IHAqGxOsJ5ESAQnIiQgmolr9KaYLvJIEBBwDCArIU1BJamUuplqaog21kkdYHs9kjMDEm2i1UYUWpFttylmb1rA4sgTQFBBJS5l2GxJIMANTOBRJEsgAAIpSCoJB6ZSuw2qxhIYTotDljUp8vIJgsanNGgPJ80xiAAAm1WbOAQb5pQgJHmyokVHk8xmStMQQAYnITMCZZAsSQBKIE2U0bWW1gBFrTxfSUdGoOCCCbNTsXhZhuAVeJSgYgmZS1kXkAgqanCYiRrM+aA5DTxEYjJzopSggkBCHUm00AKjodiSSFJJkjV4u5tcdOZmEwgNSbYAgRGEiRpJTOmg+QQ7tFAAQJkWSYZ40BQATZBjYHqJOPjUoiYFxtalIuHQmhIpJSSgRJRSetNxCp3WkLkswEgZU7y4CxNEH1Yi51GoEs6sOzARi0N4EkCVxKRoDAOIicoeQ8gYQLACi6hVRHPUmzyEqSXuNLtTSFZhMKQa0pTFI+dw4A0eS4mTvoZgMRktDBf4hWuntzLHBzfC/R3uyt9WPv0Cgqfz5Z3A3WfVRf/UCdPxmDq+RKgHNBPZ+swr1yRAUEBy309Hwh8eKJsZMG1jGFaufThUUrf7VlPWKM8xmRH5AbJCSM7oZw51Q58Gzpie1AidroR6oyHn6nKp3MKODtm9tyWV2hlEENlipTXnfYd5jDUSP/A4UsM6mOkjPvuZIQd9X2FN1XHypsPjTuaIvMc0RD75vlSLl7BqOvAfYyNIMVCbT5DpPdKaTo5rmqIUKW6DdQohH0rwG3wl+h6qc+tfWqIRrhKrw804Z6NTeThysb6qVwZlLPf0dqteT3qplAFkIWshhIGx3I10+sFwyQsYnO5LQsim5bkgQght4BEn3UYZVm7k18b7z431w+B/4Db6VEc6xr/7taSlRFTfSgsLKa/hLdRwIreuD3DgEI1RFiTG/oJb2ISr12VEd27UIAW9TXn37K1zVTVv5exq+srwL6PE1IJU3ef1SCwbPBP7KLhnwXt+eCUldR2JgzRp4hUcnhzRg7MMtBPHsRp3xDFV3JIpqBK67dNi9FGExaGxw19s625bm7ISv6NgYeDx3aiejxv3rjSH2b8BK5+lElQpWlLAExgOlNSXTT34xEREryowJkJtUMlLVeye3WK7jnyLApEC/tAPrSFyJf+1ypSbvxAxx3EQGQgAngQDKtNdesfuJnPzl/++13PO7VrxLTE4jqMDypT39RDgACkRB5gUkyOTF58e8vHxtvvfedJxd5TsRJSpKCU5FwfPjh+/909T+PPnS/bbdeUnS6GU8Z5yAJUMo8n2h3iWHe7TKCWbOHebMJnQ5124IlQAUHYMiBCdHpoMgzzghRbTfMu/lT659eMG9ec2CgPTWNCQNgCRJx/rc/X7V27bpXHvdikReigD/86ne5pFe+7MVSnbZqlshIAkAmZPerZ5615177HfWi59P0NDAg4gBEkiitbVq37ptnX3DEIQcdcNCe0O0ACM1CRo89+vgWC+Y3Bwe7Uy1ihAAoiTVr1/758lqS7XvAQQxlPjV5/XU3DjayvffYI+FIsmMEleV5IRgbHsh+9IMLut38pNe+fGhgIJs9DEkGAACpGSCbWmKQj8upSRAqdSxYmkxPjF1xyRVbb71ij333YJyLHKSEen3wur/+5Y7b7zz4wH2ncrFo4YLtdlgOnW6eq1XECEDIEGs1RAYkuJBEXazNWf3ww+ef/8tDDz34kCMOy1vTTEqms+NMkqBcAhUksdOVhRCNkeaVF/92w+imY489emBkliy6jNVyIfOiW0+5EN1zvvndNG2c8sYTEWXRydOEJQl6YRkspKgNDv37xtsuvfzqI4889NCjjmqNr//7H/7AeXbYwfsltZooJGjPm5w2U3lisLtZI+2l7/lWPkLXVjlXAmkwa/8C1O/+H09opDDm6JZgVfsyRC5iqw1EUKszJ6H7sHl84dbig6HIK6LW33rAvhTkszf/o8uG+qqvMMBpY7G+D2aNr+sIesV7t7sZF2hmqbYZXv9lVcaIuuGwZCP649ETrFRlYqt5HnGjmpwyPxXGiMPWfrNBBjuiZwZc6YPhIBYQV62/iRtMwNVnlh/XR8SEcQL+HyL6kMyYg+6GDrT3qLrKC/RM9P/R5eJfSk+Q+VaxJbqaKF0QzH5BpJ6rC6qatm1FRdxCphm0DlVf7d6JGXGJgDgTTLCUJx0qCg6ESMBZljDGEp4o9cfVNh6rB3VHEOzWW0e2f9LjZpo2aGuGrPtPL9+CYWnQLRWWjjJLq+dhBfr8j0JNFW2RodZniPcj/geMtcUMXyuLOIuF2hnCeGbNYNoHiqu/1jL+g2rKeXCRxaz0Bv+jy4+oVt00d/pX0rc74a/VvqKyyOZgqfJ4G61bnasEj7dBcrgvQ5yLghjX7H215PsR8P+G1WFXNjMF/Dxh+Udf4fvwyet1jGlKrFOk9O+G31M/GBHTReX0J1o1t9nL2X2n561IlOktCYDLG4Be9E+oX/vpqIGQevOPPqVPAElkxEBKKaDZXDO66fs/vfCYY4457qSTZJ7zBIAkCa0l1NhIKYCxrDEAg8PYXvurP1yxfuPUh097V1ZrguwAU+AqAUgf+vsNH/nEZ3b+4692OvCwWr4RWp18aponWUHsssuu/Nll1/CEY14kgMDTvffd6zUvO+LnP/3Vv+55pN1pMZAMOZBstzspsO23Xfb2N7xqux23l92uBHbRhb+59rp/f+6zH99n/z1aY+MIQoIosuwXF/7ugUefesXLXthp5YLXfnjBRdMteNmLjpGim9bqoLxfpvalSCJ22933/fR3f75iu62Xr1hC7Q6A6q9Ims3vnnvB577wrd123o0kgNBzU0hZawz+8ufn3nrbqjM+d/quu2wjWh1RCCGL+kjj+z84f96sBbvuuReTxDn/wY9/MpQN7Pj1nYcSlII4Q0CkbiEZDi+Y85ffX/qxz5/zkqMPfxWewBvNSy++5PY7V/E05SxhiLKQ6r2rXSGoECe+4sUrd9lRyAKARN5Nhxr33H7fRz755VPedOLue+0OHImoyAUM1G67467zfvTLnXZ+3l1333bhRZe94aST3vymE7NmQ3ZzBABi2GB5d7rT7iJIErkoupill1/51+9ccDEfHNp1r92llCgkgSiKHIFGmvU0zWQhRXd6YGQuNIcBsl/+5nePP/nM/5z0P1lzLkAb2p1saESJ2SOr7vjqd39ywH4HvvcjHwDkAC1ot4rJTQAgkUvgJATPatNdcd7Pf/OLiy7bY589oDa4aeLxc77+g5G5c59/2IEFcCEpSQCkECS5ChfpE62IWTGOnb1o0gd6Lro2txiw90/KEOl2zTvb9X1ZrblsIC8K0ULVw5uzKpuhsepmon8KtCKCp0P75Qb7enp2BEKPOdb1OiZo6vWKunpNhWgLVgYJbFI0oiFuuopgv8LywhtbNkq3Vn4uX0HA2E8vVrbimyXfwngR34r6bQa1NDrR/R7xlaC1wHy4h4NClQnzymtzM8rF7MvrxExBz/irCsEeAG3sooG5AID6ZU8MrdVE5SpWE1npGJlEqma7poPpWsjzO6JqFfNIm1J7YA1VFZnBpI9JVYOo+GC5BE6P9Oum28luchqmg8w6MVWCAdax6NmWW7pop3jMlqD1ylZgc8/ERUgyxoCAISOSsltAlyABKLREccYY40ydI2F4bgZIramgsDXTrT6Nmq6gx7ryyR3/h1d5sOygBzz3UgczaVTXE+lq5g+lA9L/KbWa4ogQVM0h4oyH1fere0qLkRe93tJGiCkoasGzIaxKcZVtV2C4rGgEi0Psr15//XGwuSyf+s1owqCHTt9VFQzUe0WnFPTQoAQBtBOpDQ3qqYr60OS+0uM5fAA68Uphx3uBgZg5fq2Gn5pGv4hxQTEq28OIhyamkhL0GeU8atV+Veftwhzf8nqpEkOP7xVvNtob9aiXZSRDVtXglj5XQksAdcqL1sju5YcQyoxTgFqleVOYzPzRBk8T7R6wjRMzuoMApH07g3mAdP5cE0pgJ6Y130o7qIshcI56nzxBIQshAaA5NFRr1gsh1BHmgADAiYD0fldiCZ/q5v++/h+PP7N+7ejks2vH0nr2q4v/2MjqomhJIJJUCEAG115zg0jrl/z170+sWcOou/8uu267fJkg6BR0/S13XPuvW99zyhu2WryQ8/Ti3136v9/58UuOPuzGf992y4PPvOnE4zdtXN/tdIlIEN2+6sErzr/o5S8+fPud0zxv8ay+14EHnvebP77nY2dcfvGPZw3WSchkZFYqU0xZDiwdGkwSJpLB5nAD6klzwSzICzndIpETT4CYELmQBc+an/vcGa875a0f+/Tnf/Str6Q1ztQ+ysbA00889u3zf3ni604+5AWHyLwQRZFxQAQkEELsd9AB3/rpRe9836d//bOvbbVodpLUIUkBR2pZI2dJ1hjKUgl8mAA3CZnUh9hwHTetl0VbSgm1+hDHKy654kOf++bOe+37jlPf0RgckEk2NjF9x72PYlLLGHIOhIwAhCAhadP69fvtvvN2O+8ELJV5Xgio1Qf+ct2No1OtFdttKxlAXkjJu51ukefzF8ydv2jB4q2332Hn3TdsnP7BeT/ZeuniFx3/MujmIu9mg8OX/ObiX//qkvGpNqQMEEQumzX+6DOjU9PFd3/w099ecnljZEQWotNuF4Wopdm8ocG3nHzci154RDI8eOddt1//r1tnz53z+FPPPP7E09/61vfTJF26eOGRh+//zHN3P712fGh4+A9/+GMhEmLpT3/6qxqHjLPdd95uxdL5spBETGDaFXJkZO51V/zlqhv/+Z73vvWol76I8ikE6kgJacrr9XYXJTBeFEnKeHMQijZNta2aJu8kyQDSYoX2coDQc7ic5Sr5X54SijWG0+VqyrqnUGksKaWphxzOsqA+1B86V+pbv14mOHRTeroAHtWRXUgCv693FZGHs9nrvw1GxuRCAGgdNX3a3UxOcrOOYl/HLL4TMq4akoAVxipwFrVuHojaq3BTSvY+vqMe69NW6EuHxbGizYqR6HGZ0r7fXhnIqCTMa7BisKLNPTZw43kTigSzE7QfiPVxabkTCrSZLth/lb4gfSJKuTAaOm3VCGAXnwWU9MkJ+V331ZY6kSf0F/TxBJbsXnqA0L6QABFRnaHrd7DHoDjcErXlg8tQ01bBIQNdejSErpqZKxCGINUhtlJKISUURCCpUBEfQGAcEYExV6GaqmSiGOiUtxce60u/MRVeNM2fMOgXgfLd3pc3aTHw2yBeJGKodHYE+ukWv4gv1Y40Byh7y2Tfaj1QWf657xysro0C5lY9oyTfRscAjDsBZrCs7f7PVh30TqaVjkLA8EOfzY19zZKqG51Zierpb9TcUzNKA0buprf+qmRpvegM+lavykhtpkWo6FdlwLdXFXFtM2x0Zk/2i5/2uOnX3iMt2b9VzVnfzFVGAmysEKoVk1cjOgpohgNkdA4G39TAExHYZYM9dKIpYG6Qf79nexGPEBAlMEDGCAAIOQfOgCESMkqBZQ2OE1PTjPOE15OBJnAGSGrnJ3TbcrolSHKedkX+t7//8/d/ub4jcN3oGE/5t35wforQ6nRkQSiJgHLRWr12U31g+Nqrrrvysj/NXTB3i/fP2267HYq8IMB6vX7AXruf9akPAzYBcIelC9/4/k8ynmy5dMtlex909tmf8em+/babnv/CV9aaA4AoAHlRHHHYoRf86NsnvvZtb3/3x3/yvc+lwJ586OlukT373Oh0nj+zdt1zTz0NyLvTnWnZvfX221ghtl601UCzSVICiNqcRcpn2GF43hkfee8nPvs1ApENbQEAAB0AdsVfrxKMnfHx981ftAjEJHAO4+vzVgcZ705PH3nMoRee/413vOdTZ/7v9//3rPcy1n1u3dicuVsg8MnO9Oq1a7uTG4FlU5Od2uz6mtFnB8ZkA6hRrxNyBuIH5130lfMunjt/wdmf+dj+Bx4I0JKdqVeecOKRL3wJqWMa1TlEKs8j5eRUa7CGottFnuZFns2a8/jDD/78wkteePTBRx55YFqfDTBVp0ZjcAgAttpyUV6IqcnJ5+248uwv/S8WrUv/8Ie9991r/sL53XZb5Pnw8Ow99t2PWCYZElCnKGYND825974nfn/psmXLDznskLTRaE1OTo9PE1FzeKjZqA3Pmd3Nu/WBgav/evUPf/Lr4QULnl2zZmT20NVXXfvAQ48ddeThu+287cW/vvD6m25fvHTZnaseHBwZXL9h7S8u/E3e6hRTrTe/9uUr3vgqYESSSSGygeGpVvf8X148e9bsD773LYNDdeq2kzQZaNbrzYaS0rzbrQ8Pbhpd+8sf/mSbLRcdc9xLivEpE703uwTJHFOkRJ30ofiBbrAGPpwclaA31Dex7tHzD22QyCJ1f8J6r3brf8U4vyL4Ff30X18JlH2lHgfrlSnopQid16H+Nd6xq8E84YeTLdIqZwg1liiFnH1nuvJzRDzagiGh/jKezVfiowTbzZByD+r2xDEAEDMBTKwwahQAKF4BVUlbuR67araSEr+bYZoX7Ljp6jCmzQWGN1ezveN/qHDpe0szhrOJ7KHS+rYeU73dy5cbWyqGc8FkNhGgGUC3sKZgsvcso0BxULuNypdIC8hDvYdHeYoGC1rC/6tLTTXjyEe6rESC8c+96Wkow+DRanIqc9oAoN/BZrri1+ye6lElGZaYQQcAIhBqS4ZUb1hVUTym9IZ9dalHQXUzzm2JT+90sKp6Uke9LOsPC9UQwJ/NdkGOJcWuo5+ZFx6lgDZTqM80M9FaQ9dM2nbPuYnnlHkJ2G92svRqxZ/N6N8On/HF2bTl3SDvUE6fMpVyi4fQmd4+tNluG5XumosCjv0zn4Gw6RXRrrY4S+s9XJUcc4/5xQLQYs5KsMaZoMLvLbdn2sLQsvTCBm7USuYyKNJHh/i0b84LtQIXGSB/fHvMy7iG8hUZ+gBL9LDd1Zd19Sofl9KMgpFgIwfoC7SjEb1HVTl1JA8YaEqg36FodwzoGeUtqUWbF1c/efo5oEHfIb/rXqITfBWEqiLwNiiQv6pD62gGgAKYBCYl1QYHnnzyqfN+8ou16zYV3S4hQZbMHmisXbN+ql1c/89/f/gjH5yemGKIBKLb7mb17JAD9z3x+Jfk0+1CUCOtH/vio/faZ8/1462vf/PcqYmJU9/2VpU3Q0AkSrIUqbjqL38974Lfvu+db1u01RZplu25cjsSlKQ1KYmnKQIBstbkxvrgrAXzZjcHGwmIVqsYf/a5jeuebXfaaZIQAuTd+++9J0uTNKsRADBODKY2rN9n552/9NnTf/qri8cmWw+vuvftHzpreO6chx97rlt0T3r9u5995jkCObphMofi5De8T7Y63/nqWS84/BDqdgDET8/77r0PPi6krDcG2u120qh/4LNnz6rXO518utPuTk/9+457sd740tfPoW4nL4qlS7d61xtevXD+PFkUnPGp9eue//z9v/+1M357+XXtTn79tVd/8ZxfjMwZePKptQUVp7zjPRNjk5KKJ59aW2+krzvprVyKL37u4/vst0dSr/3sh+ed/oUfHHDYYR9531sPPHDX66/6g5By7733ataaC+fPgYQBJEQIIBHV65iLBfNmUbudF4WUOTFIG/xjnzwbBHz4A+/eYsHcS/9w4Tbbbr3llkvuuuPBtevX3/Kvm55a/dwZZ5zdzNj8hVs89eBjJLobNo7NX7QFEIlu54jjXnHEca+OZsMVl/7mz1df++oTjn/Pqe8rz5V87Om83RIT7UOPOGLvAw4+90c/Gxxovv/Udy5ZstW6scl5s+fNnjfroOcfufO+Bz304KN33fdII6u/6PDD9tp3j4mJ6fbE1HYrFhUCeZpiITiD+vDIRRf95vdXXv/Bd755/lZbttevq8+eDTwRBEVeABCIbppyrGXn/uxXH/vY57521sePSbO8GE9TzszRTGYCKW1g4/1lKKTVSeBT2OIlTaJe2RaqTGP37exUnq/y4Dy7rN7La6eym36hzvKW9oVtb85q94McfdFIEj3rWdzSmbw+PZZlpZZ7thas6wgNs1dtZYXlvbe+mfEp9BzImBb0Cjr9b76SV4mtsNI3iyXDtuvhj3i8ephK1UqlB1DB1SDvUX2FPqQOU5WNfbkvlf6244buEkUds2sGbAei9HofImcCrdV8iBYaGVmgYMzIvthCiwthgKZJ37Ajb6uU4C1AKKGoysFxv/YE82iEwFhmIoMqQskAT66x1KA0J8qTNzHtB/PukqBPNpGh4IC/S9OjtmI4++AndZfUThuvqjjk4VHhL4euqtC+bQVsPT7aAZteBjBHugEAet1U+/9dryVJt9UIgseVKNi1HugE3vpMwQI00qnh6kNNDZHeOz0DHtgDL809p18CHpjdkpX8IVREeGbGeunV6wKir1S+ZyXMWiv7hD+mEk28odxcyBA7LlWei/OqTc8922atS8heZ5L9XgRvh7KBB11lNAfJ9NGHx5Hwu7qwnM/EaDQdIRZlx7rLaFoEUC86h76Xb6oqvR3t2pV46untWFOV2zTery+dBKBPmgQzZL7u2bz7VDLE1V0g7xS9ctQYAEpFwqy+R793x2+uHGoJzUQVtPDJs30J6694rFyPT7k3zcpNetXbiIw3iKZIZOaoRA960yf2q33F76lHILJ7wMB/unSZqVXBNAjEx9YM5gUQ/i33oRIQenMxfPeMs4lMYiLyHNKBp9Zu/OEFv16x1dKV22797LrRNEvGGI6Oj/NaNjEx+fAjjwOwWlav1fh0a/LPl13/4KOPnXjy/1ArF6JIGNt71+fByMDE+rFf/uKiUQ6vec2rgGUg2sCZ6WZG3ckf/fyi5x+6z8pd94N8E7U63dZ0Uku4JJ6ko6ObNo6ODo8MT2xcf/XfrscinzdrqMjFny6/9KRnnhSikzGei7w7OXXPI0/wpJHWEpIEiAVhIYp8dOOxxxy51147DQ8NN4ZGDjrk4LmzZ68bvXL9+umdV26/zx47j09MXf7nv81tDL3ypcdMjE/NmTuLZAGMYcKffmr1g/fdD4xvGBt/8NGnBwabTzz8xONYpJgRERXdrhCdduv2O+4ZrGVpmuZd2Zpq0zwgtS0yLzY9s/bQ/ffZdrttBuq1LRYteMEL9ms2apeO/73dae+z284js4a63eInv7ikXk+232abuQvmz1u4GABQFF3J3vPO173s5cfuvtf+/7j+yje/4wPHH/uS/Q44jNe46HQBEFAiciIkWUghGAMQkqV1Bp3O1PjQomWXXPSrf/379q9/9Uv77n/w737z81Pe+ZFvfv1zt/z9hnO++fOhWY01GzYKkQ80GiuWLU7SZMkhB+66+y6LFi8S7TYkLGvWf3neDy+85LLpdnfWrGFkfGhkYNvttr7pH7etfvqZc8753qV/uKIxNIxJSiQR5Ozhkc70xEuOPvR/Xnl8IYq9Dzy4Nbbh9M+decSRRy9eMBtk+6gjXgAgAdIjttoaAG647uqf//K3R7zgkI98+L1JY8gJaHd9Pt2SQPU58++985Yvf+27HJOddlpJxAAZMA7AAbkgkEXOEeqzZl1yySVnffHrr3rZ0SecdHwxNsasedEOKJIPysrB9Sr95Eywb6aChJBRqHpaus0LRgl4uAd9M0RYOq7aEBTO41iL/0drOjD8Rxer9PVstcH7Pw1ZPVvqicaq6Tes8Zjnu3/VFwXsV3eCQXAP9lkz07cFD+b4JPXqWrXzaI2HNUhefJfCshXUlD3bWKW7YUP/QxVerXAd9R+1PzJebVUmxzxbHTyuDor0vfrLSd+xc0RGAZ5+l+VRfNMU3Tyy6sGWeErpyozdNIiq5GVY58uJhSu8+akUNqbbilxqn8jytEXQDhp6301XA8QAMxiRoAu6yAyI9xRl/9r8520DFEiet5uvXJEDdYq7yBAEOHjVq2nDHA/FQQ8wRgF5Cg26etDEQAxBXlQmrKa8RrNElfX4Y+GpLDejLKlrxeeXf0SmCSmWqOoz0DEU9wgi8gubjK5vX3qTrYe9NHnDJbz6jeugF+KCb/nB0wdW7N18rEDwPdjolYn0fFXez7Uzw9ltmwkPcQ28cIBIh1cagR71ej3UXfHQkY33GlVbWUdsoUqcCikNsE4wQ3oUKTufFTSUrepmcMRMrTmGP2E5dG1/jvhQxio9aKm8Wy1t/fWwmkPo6ZYwc+9pwc1DRnIdNXMjIDqwuz5TPE856Hh51XhEuE23+hOREFEhd2Tq+GopxJJ5sz763rcc94rjn1u3niNvNJu3333P2059/6H77/PFM89sd6dSXhsZqHdAfPijp99z+92ACTAEYkQwPTmRdKY3jk01mrXH7n7qjW966/im8al2RxKknEkpOE9XP7emnjU2jG5oT66Z3jA6UB9AnhAAz2rNLLv1ttvf9u4PL95yiw3Prrn8ir8t326HdrszPT2xcpulBxy479imcSZJCsETzgfn/vNft02NtxQ7mwMDfHgYUALB1vNmd0fX77bTLj/+4YEAtTvuvpOIzvnSp9NmUnTguFe9Vko8+4ufhImJPJdUCOQpUPq+938gFzmDYuNE+9T3nTa+aepH3/1q2myixARFVmt+6Zyv/eo3f/zxd760aPGiJEm5pDorZKcLCPXh4YGBQSAJAFvNndPesP6Avfc99OADoLl49VOvWzs6/fnPfphlQwC16278x1ZbLPzut7/cGBqQ4xNFt1MUxcknn4xUZENzn33m8dM+cVYu8Mijj4C8PdXJAUCwBIETIAPgGSImnbzbnp5ComaW1JoDDz/84Be+8qMkbSLDf/7r+rO/9I1m1thpxx3H1q096eTjd9lj77///W8X/ubS97/3LQcddgyA1O5aZ+PkhtGsmU1NTn/73B+v3zh22IEHCyiaA0NT7db3f3jBU4+t3vV5O6583sq580c4YrtdSIDBRvLQo0/86fLLlyye95oTX9WenpZ5++KL/3D3qgff9IY3nPfjCzaObfzWOQvqw4M333Ln/fc8sGzZ1v+86d/r1o9u2Lj+N7/7XTfviqKDQM0022+v3ZYsW5zOmv/cM89+/PQv3HHnql132pGT1PFeRHXYbqfTznNZG97iqj//8T3v/+S+e+zy9a+fuWjx4vbGTUmWIEk7UchIdQRMgmnrX8YR6TVP49SaQZ/uvq8/mcYlukoCAMlAvau0r1WK0V3VnhVyCUK/on7ZppKi8zNkiYkmaiagr27MQxSpIktfaCNtrb6xjHAumj6oKvq717qfJkNYtveesg7Isx20mrjMFCjVYzO6MRm9DKehpzdsCT2FHuaKzJmKfhuO4zY7V8WjCLU479E254fSyUVhK69y+hftu1J96B/xPPZlAMBkkAzaLDdqx67X8oMAjVk3Hh2ANZv3FK/suvvAvbKZQ/QWQrgDQ5H0fIVAtBQKtxkweye2pwD++iXrjNoN3NFyKZuRUMqowgXVYMDUVM4S+KlQ76xb8sTNe/uTqcz0z2sErctakUnwUImnySBilDoguZdAkWVLjJHK/XL0ufXGaPR35G2j0aqk4vvkexUquYekXsJhDwsJdZenygJQCyYd5C3CiHJ4flgzcNSUwATwVE9FUznpsXPjFp9+GW2P7AkfAzn0bpecAr/pgBNGRNFXXW7AQnUXNhYnG02KtoJANw09YXZ6POiI0VUEKrfixsf9cYrQa0O3YyYFeUJD5tlAeZkpatqtZrLn+GvkbJlCpWe8nqOdTn58E6DHfPfqsfrWJg4jjR3oIs0xX3MGYhG5rgGNYN6QabZUKOsTpqVshyoUUSxnHv2WbOutYaheqIp1DpHY4lETesI48YkK+kbEciauJORz1EGAeAb5ddmOOG6YoYksL3gP2YHsEdM3i3YqehSOJvg6X+0x8cN05ZollYYpvBB84637R9ZM+DBIzW/SCstvVwENi4DUkVFaOWuj61tOD4KzkrgZnY2gdvKLIq1lkA4k6STydHBkzuLFW9ZSnqR89rwFG0bXCsFyifUsmzsyWwhlOpgkYAiMJ1mapjWRpFm73R0dHR8aHEjrTRKSM0zSJE35M2vWIcNGfTBLM1GvJWlCQADEpDj0wP0//PZN0+3OpX+6clZz5AOnnrJk+VYFiY7oHHX0C8749Gd8Pv77X38/+IiXdQrB601eiPHJifvuuXvdug2TY+PLly3df989BcnW+PSUKHjKkLFWa7Ld5cSHao362vXj05vG84nxWlZPkowICkm8NsAREmqPzNtieHhgup0v3HKLgup5VyQ43Rycs8W8EWCw1ZYLZs+Z1+4WCUhsTwCTjCdrRzc+dNs9UkqGbM6soW2WLRFAran2QKNbiLwQxcZNk8NDImnMQYQsYblk2dRE3mmpF6czkgVmRPCl//3qHfc88KPvfHHZopFPfvxjz63ZiCxRgywISRSDs0eQJe3p6fHR0SVbLvroJz60fLsdv3/G52677c4tFm7x1a9+Iwd64JGnv/iZ03bdfVee1J7/opcC1PbcdYff/uFPjz61+iAAAHju2Ucee+C+5UtXjAwOJFn26BNPbxob/+Cp73jH+94NIAAGrrj0V7feftvWB+/3vlPf+LLjj+N8pDu1mvM6r88FgNE1Txx85OMb14+JbiHyLktnbRpvL120eOX2y3/328vWrFvHa4Mil+ef99Nbb121x+473nr7qg3r111//T/vuuMuZDjQbDBiswZH5o4MLd9xu/Vr1p/+qbP+ffu9x77wiLXr13WKHCBV80GCzEU+XBuoDW9x7TV/esMp712yZMm53/7i4i0XT6zfWEs5gnqRKBIwI/MmE+oZwzBsY1S82Sgaa+lQnxjN5qFNcArRy1WBmYOqOhabczvdvDJu2Z2PkuJQkjGIvnq1TgoZRKTpIq9L/mdHjqogWn9bCrP2uqqMhO1PdUUuKN47yOe7dqaJanLi+mdCdMVjkRc0s0qiKnu+sKvyskZss81Z/Bo9Vxl3LzkqbozIAoIZsymu2QxEv54aB8AtEC1RSD1Gv4dxjtYSK9Nb8bC1ZO4n7Pml6gr42RP3e7d7yGTfRv4jKamuQCGP0APwwh9V/of1l3oeDeMXjGIr4SM2NzajnpgYha8aPbwbPktErHrhoi+zBKXue88p/EAMAZhSwvqFkJujU2nrsn8RCk6PmeMF05wmMK6QX1O5fAz1+01Ossamov+b0SRq4sxAuTlnu4oZ/p0gh1amG33bU/rRuxc7t/Zcm9ilcq1Ee1QxJEGpCd+hsj8A2F1ofRVCEEQIryovxZXyFWwUk+4T8itPZ0/G43deVVBk7HqFoaiwwqhZgGFUwrzvRHshVdbQRDADyr07lal6a8JmclUiHsvSmUhw6J8bjBS+kauioYp6QHEhvutI62d89U0w2ICqn6Aen3s+VKXoIxoNuwhBVlgssvHWEGuG9Rhr0Wf3CbkqfJ0HhBp5V88fjY7RlCbmUDNTyx0BgAHyrpBjE+PdbndqYgx5rVlLJycn2qJotTqd7tT02CYJGStSEKzTaUkpABkBkkSwQS6C1lRnxYrlv73ogrQxHJFyycUXvO4t7x9oNBCAAQPGEEgSMCkPPOywAw8/vDu2ceoD71+2fOWnP/0ZgPbYxtHm4NCd9zxwx223d/Ox+fMX12q1dnv6uhtu7LZbBTKsDRSTUzfceON3zv3ZutFNq9esP/Sg/fbed9ekVk8HGw1oSkzrjcbQ8CxMMiDIO7KQ0Jw1F2YNQS6L8QlAklK2JiZEUSTQqbUmp1qtTl6MrX9OsmbRZSnvJinIQuRSjq7dkPFapytRFo0UEqSkll31+8u/e+4vu4VsdfJXHf+Sj572toxnGW8yKZ95dn19cHhweIQz1pmebk9MFxI4EmeMzx6RYxPdvMtqjaHBkXPPPf+nF/z2kAP3f+FLXjS1Yd3SrXcYnDfJGE8SBJKErFav/fj8X2wY3fiON792+HkrBwYHmo06FN3dd37eJz781n0OOOgvV//1+z/81QmvfMXxr3gJTxKAOoCYnBhd9cB9tZT/5Ge/fuiBh9at3/js00/fcuudn//MJ1/z6pcxnoIU9TQRRUGtsSfXrLnnrlU/Of+C5cuXf+TD7zrkoIM3rH3yb9f+7oJfXbrPXru9851vGJy1xaxZw/vsuHL+yGwhZK3WmN703K23/FsSY+kAS5N6vT4xPjVnVuPEE15x8uvemOed2+781Mrttj/ttPcNzxkBgIHmAEeepcnWKxYBr/3xkgsu/M3vP/2JD63cfptPf/YrhAxAnxhU5G3g2AX26wt/8dGPf2rr5Ut+9L0vb731ion1G7M0QbR79RHsfzY+5DRgOMOMKZ8JJo9zM04T6fnppqlTEQgAyMy0LL0KOJ7/M7usyZ/ZgwBQOh4l0F2U+Bo5tHXWkiptDgY9xhsvbWW2GPUOmlLYhyrE7FFgw8kAACCr3NEocqnRpKcTfeTmEeOHJMl4IFLzoK/HFbl/fYYkkr3qZ6o8MS8GDq54VWygwq75d2w9No0ZXlUZNiAAktKVKjcROBXkSgb1IAAQViTxjcHx2Li5LIQphuANSrCzyfxBm35Ud5A8veCT6qTa/mAdPBsWIvV6F9tGr6gBlrw7A9P7TNY+IMb9FOIPjRpZUK30hTD0IFw4KMAiNsZuxhf9AJX717Zr3QnNIptS7YHkzDQ0E9B1p6/uQju+3pmLjgi/ywRAFkoFjzFkDJGximKahvIP6kQ/TyPogTYZTcNWCXo7LugxVzl3G8NyAf7ItNibADppBaaA53T5MzcUAE9GAbxc0wyuKJceiBaCR2zIomjftVFMcX8Qtb/Xm56oaZslDia3UZN696n+Zn4z+s/Na2mYpoNrfmzY03sWJkdou6TaKzNgrggBqHR7P1fSqBWvRv/hwCz55ZTKdflCApeMitWCzaNah3PmkhA26hJ3gWazUctwWYpVl4oODwLZ0YrneGjYfJNRHUK1j1H4W4QZNHdCS199hTMdWUUMTspgVE1uPh6pADyE8KYylRqVMk9AbA21GvD42SMUNhPn05Yh5XuSXwOzhUkfCqB0LLP9pQABYlAjEGhDowUB0emoqgP/0L1yMBxVOxkRkPTaIwbITI3KAWV5IdIkybJsyy3mJvUm8MbckaFung/Nml3LBpYs2wqQA9YABDeBSyMkRMiAcUmIDDsdedM//zndlYUUBFBPk1qtRlL+7YZ/N+oDPE2BIbBEYgJSAGOYpffdc9/d99xx8EEHTU6Kx1ave/qJR6emNs6bM4vL9Lq//e2t7zx1YnJsh2237+bd6dbEY4+tftHRR++07TI5PcUYX7ZixZve/EZBdP7Pf/3s2nUTE5t+cf7FDzzx9Mjw4P33PbZ23fq3vOu0GmcS4e57H2q12u885b21hB2w377Hv/yFiNgcGmgmQwASQABwKaiWNeYt3hKgDoAAAqAmCQHY8qVb1edsCSAAJEBHbtgEQu644/ZvecvrEPnXvnnu06ufGRtd+5PzLnpi7Ya8273ngccSlr7zPR/uTLenO537H3x8w8bxN7/pnSjlIQfse/IJxw4ND463O98595tf/86PJePLl24FlCzeZocPfHQXAO4JWA6QPvLQ46uffe6zZ57BkyGAaTGxUUyO/s8rjqvPXtie3PSDH/7gBYfse9qHT128dLvO1DMX/+ZnN9x0xzNrnrv3vgfHxyY2jU1Njo4PDjX232fP+fPnIRWdPE9qfOG8ue9/99t3233nP/z+91/+xrl3rXp8cGhkr733uvuu++65566LLrxicrw9MDx71X2Pbli3Yfa8xd2p1oc+9L7h4SFEkY7MufHy3//1yiuf2dQ9/Ywv37dqFSK96S3vOvyw/d/57lPmLtjusUdu67TzN7zpNa9/4xvj+SInodvdZtttvnzWp9/wxpNv+sffp6amOSIAFN2cF5TVBubPmXPlVVf+64brDt53zy+d9Ylly7YcX7+xlnCGwALIpWQ4MC6hMfPukvd3ZigxQtyeQjShIHKBRdazVout0Oo721bPKLi12mEtzuD27INBf5HmkwSo858OP/jKrWRB4lShs0/GukRqutJ7ob5G3O+qnwV1d0xfQn8sptbdJ3+fQwRqwSzg7E1LD74GXSh5vQEfrFoug7Cq5vpdGrAa3BA5MNU1BqcUVlVZ7YKWH+hh7GMOOd/emNvYUTGfe3Gssg3/yQh7KMOpVjiCmYmWGFdDEFtwNWoH1MwvR2m0d7EH1gl2JZZ7EpJu6ZlJBN38VArEb/bco/Aqq76I1EhE+3mJvirp7XXEt43cRpJgQW20jC1sz1e6fbjEQO37BARkzL7GvPyk/yFKkllF4Wn2oCR5ouIq8ScRBQ+X++E/Ax7ujy6rkxDKWf/A1+pxuZXTaL8asnymluhE3SK4TCP5ps8kL4IjsXrpHiftM0nAolu5ibYLJpzksS/wREPyTfYQwwGyPYOg/6Ev4dkyZ5d98ejdx2rdGC7R9O+DNwKxOnOPVYR3fBfUEuAHQ8l7NEIsJT1fEcXwpiFZF9S5WKH5jiovT3CvsQpd0VPbeM6qnXPg8b/SPHn9stPS6ymQFVm7mqaCTn8gnDqo6EXkdva6DEM2EyRwi3uD1mI9X9mWN5vJr8BMeQZod1faXrjCviqJ+OyLE7l/0eyBQUS1hNjUaDfH2P0T5JXz+mH+RVDvzkLvNhBPsSvoN3+88snVz65dM1prNkaGBp9bs3Zyon3DzbecefZn29OdJOEIRV4Uf772hjlDQyByo5qkRCBCAcCy7Lm1o5//33M2bdowOjadcsYIm43a8Ej9ocfWDQwMSimUtiNAAuSMCWB//svVl1x22ZGHHdjuyn9c8/fnHn20Mdj40unvGd20afGiea989ctvufGfV1x19f8c99IV2+55/HFzjjzogFmzBgllxtNd99hz130PAcAnHnn4pltubzQGnnt27Y03/lNKWLN2/Yqli9Y/tzaXopDQFsR48vCDjwmgbbfbEbMaY8kN11z9z9vuSeuNyVarnrJHnljTzelzX/zmYL0BgiQSw+JPV90wMdX97Ne/N9Js1gcGONBgs/6KFx41PDS49/77733w8wFq/7zx7xIkML5pcmr16tUTU522xMEMn3zsiaGhIQLOatmGjRtbU9PI2JNPPtMFRgSf/eznv3HeRSed8D8PPvpYqzVNSNRtd1sbkXO9dYQob09ms5d12m0guWbt+vmzWvl0K0kYdVqUNYnk+97z8bVrJy644Hvbb7/Hfff8a+2ap++89bZnn3mmNjh4/LEv/NOV1+66684f+uD7ttpy9oJF2976jz89+MDDHUnNQjQbjZNPehUhrHrgvhVLlw0MbcEytmHdc9/4xg+npiZXLFv+lreccPhRR0xPtu66+/40qy9bstWue+wGRN3JcZnL+YuXnf6pj2+aanUFPPHE4xtG19Wyhiho01gb8amvfvVrjz3x6L//fds3vvX1Z1Y/xlm9njVnj9Rf+KKjttl6pejkhx1x+GFHHg5QG5+YSmuJlIUQsj57hCeDzz17z6r7H4Zu963vescH3/PGoVoyvn5jmibqtd+IqKMnyIAxA/OCmIg3C+zmRLITzKg5NOa1j6pQBfwqwH5EHURHg4bVvXBuk7Z+ng4oYdYQyAS3N6vrAm/Kdq+HE2Xf/1n+3YaszFfP2oUke3ChpGaqXFD/S9n+BY/6v1ZuszSGKqI2pjlsQSnIoE3/wRIWiABENZ4wrjL5d4xdqXIKYiItkCkR5xpWzzPGoIp1pRpN8cj2+00omiPIBSU58+s0XavGlAbsVmQ3bAUeGbruzWFTf1GakT0vO25qKuEFX1KVqJQRt8P3ek+UO2ZCn5SqQHEQvHYKxCB1CO5s5qqac564WpVhNgcEp8RQOJjuJSZ6tvt5YV+aLJ/LiRiKXZxojBzdNlFoQlB+feUKwLHf6teK4Q5iW3EVFXSh/cfDRQwYQ1RnWCBjdjLHpFUIW6kHWH0/EHj3m3ZeYoxdOkFGCzJFsywwAIGedcSER09VX+WfY156k8htz0Zri5y8+bWG5PlK1bqXVe5xQEfJEChpCFaBek+Sm25xfNAoK9ux2B+IKCCwIxWtedEPuoLV4L56zX/Fk4ow5rwNLDfR+3KjgABVC2/LaeRAuiJVH3IpaMhTWZEnGeoBZQjjieyLFHpFqoOhvofpnWgAVULiYtmh4xfxHyHY9hq1WEWE6XVcC0AkNr164ePI3ksPPOPvJ5P9J3o6vaHuqJYWKyFeJfGyOg/uURB8QwaACFKv9dBP+ecYgT3Ai4DUJmzS08/RZOyJWUUbk2z7KyPuA+h5HMkTAgD40UIJIJAoF/LWO+5d/fQzeV7Ua2nK+abJVlfg6idX//bSyxGwWavXMp6L4rEnn1y4+x7QzQEkkiQpRdGVlImimGy3t1i04PWvPbFbdFtTU7VaPZ+eBoaDs+fdefttP/357zqTrULmosgZJsiAIXaKot1uDY/MHpk70qjBUDNdvNWioZFm2mwIhvvss9fHPvSRZ1/54DMnvf7kk195zAtfAQBf/eJZExOtz5z9yXzjRL5poqANUGu02+0iLwaag+/7wNvf/I43rV+77sWvfvMHTn376197Ure7qZ2nrz3lPSDhkl+e25XFYKMJsgtJ8tQTT/3ud5c3h4empiY7hVw/ns+fPXz1VTcUVNQAASiX+TPrNiWcXXPNTXUm6/UaY8nKldsd+8JjIG1MjbW73dHBwfrU9PTQ8LyROQs/+rH3MVZ79NFHj3nFW9791je85U2vG2iyrD544BHHzhuZ9fOffn+oiZNjk1kj67baKUvefcprP/aJj73ngx/Ju11Ahsg5S0AdO4QAIHmSpmmiVgIlHFOe5ShIFpikWb1+/o9++uvfX33k0Yf/5c/XnfPV769+9ql3vuttp33qUwP1NGtkPJ07Nv7mR594Zv7C2QsWbfvoI/ee+qEzj33xMQPNZrfTzruC8nZjcPikN771pDe+8ZILL1n1yEOTY2P1RmP/vXY+/IgXpAOLAFh7av3pn/zc3266+Rtf/yJKObVufS3JismpnVbuvNNOzwMGkM299fY71q0b+en55y5YvASg+9A9N617dsPOO++4Zs2a31x0ycjI0OR0+/q//XvP3XY65phjWNbotlow1el0pgbmLGg0BoCxQkrO2fhk+9Jf/eC7P/j5Hbfdc/LrTzr9o+9GgE1rnm3U6+o4H4EIyBhnBAyRA6idzWZCaZ3gg6kw16UjqXYmoJlj4aQ2q13QTV0PcXrTz1aBVksg6LB8XKfv6egpbdYNa3oiRVeBPsq+hlUBujtGbTgbGyCZxGONM39lxDETC9rrKoO46Ccb53MWzrNYlQXNHaNpXf7LvVA+fC6gKPpbUasXgq14oHzCYRWqxvAnzVgHsDyTHF22dc+zraYVtP/mRi2kxJp8mzOprAi9esAMd0Xm04Eb66qF5Jv+GO+boCy4Xu9829bvsrT542JEhinTFq7Z9NMzzniWJhUYoQlbM+CMPAhh6tbuqY93PD1A5t2kJqniQWTfb7IlqtBYHCOx/fWcFyeiajRK6q2cJvUwhFo4ajK8UfwozEZWi2h4VQFC12iwT8zeDJ1eTxXEV1nHmSrc7wrCMGSMI3B39FDvi6IPRvSDH52H5pf0mBPcLqkAKn0sZ5OcngjsDwZSVWmU+qplsj0K+2frs2vj+wVcjVrxSK1GyUEIplcGrOquivL4XmhJlqIJEzwctlCxJKTMRD+WGrTgBsMcguXMi3f1i5dFI2tLxAfe6Ho8GUB7KywYlggEz5ohO2sIIvktdd4OqHFAoXQAu1OW/onocYUhvaYvroYKY40+64LB8mKaQVtGb0R1BcPqkeePKzkiTSMG9/g55Ej9hgERy5iSoQ/iSgGzy/alPMF6KJCqy7NcYRXgxx2DHwD8ta/hz75arBogU4NFUaR7oH8Kpl4g5SW5U2JWIdbubWeuZ+H4tdptTuItr3nVq044YWJsfT3NGoPDt92x6kOf/NRRhx360Y98YHJ6tJFmg0ODE9Od0z5x+oan1gFDkIKBrI0MQX0egEhGxzPOtlmx5Wte8/q4pwDzhtNf/OqSZSuWJLX5QwsHATDftIEIEXjKCImm2+3xqckD9t/3R9/90vq1T7EkHRxsgBTdvJ0NNLdZsewr3zp32x12vu76v374U18885MfhbwAIZFxzuvEk24hhZRQ5LOHGguXb//gAxfnne4h++2TZixltWZzcLhRK7picNZgnkvRlVQgUvvY4166x377Igop+XPPbXjLR8580eEHve2NJ0x3x1gBgFRvjHz7vB9fc8M/zz3ns4NDs4oi57w2b/6skYGBrmCQ1tME03pGBGmjnufUqNWJpVdee33Gk2MOP2zu7KHpqY2IVHQ6s5pNKQXl2KzVZbeTZLUzzzyDUDTmLJeAjKFexsk4cQ6kz7TijAHo3ZESOSAH5EXRac6d+/MLfvH+j38BU7rvvjseuO/2WjZwzIuP3HfPvefMmd2dGp/cuGlo3tAuO21/0W8vv/Oue+bPW/CRD3/s3lWPn/W5g2tpNjk+QVRkzcbDjz1+5dXXPPLoI7fefM9UV0hR7LTTdlstXfz3f942OT398KMPX//32/901Q3pTTcPDQ6/9U2vWTp/jmx3gKEkWXQkz1IOSEWXJ1lHFg/df1ea0oLFK8486wtjrQ6AqGfp8qXLvveDH9x5+31vf8vrt1+5QzE9BjwjRoxxRK52+YGkf/3jus9+5sw7771//tz5cxcurGcJ5d3JVocnNYbIQPB6A+o16OaykHoNuZJrIjNTPC2hJ5gXhIlxp7U2EJby51dwGT0UWOjYLKu7Ohwf/kRmKxBWqxJfN1I03TeLCfXEto6dBx80CkZASAwOLEVbg3KOID9B4VMJFRDJFYke7o1WlbauAM0ej7QZ0yE6hWQDvaehV2XTjlBtA8pANSasgtRKCOJZypgn4fPo3zeWvpeH6RY1VYa9K0v51ZoRr27CdyCJKvsVhHUdAUa+yu0raKvNT9W0ib5Gzo9305ldCsZYndfsYxwMKnYhGH1Gq+1XjA28qQDmDaGRcHpbVsC0qVOjfiXeM/6uVxti9ryOnqu/VNrHTj0TRA+sfhneVHx1GS3w/4SNBQ1XJ39sY77L1DdjYO9gWAosog1JcDOlVz6kRDWiN0YuIoioFgYgAtNv4wgvvyEvzhf0z4lEmFrXz4RyUXFGi+uRVlNmME1jRH7BID9iFsqajpYQJ3jREwx/AUO0IxahPO6RcSOTjw11rN2J6N909Vbpw/hGQESlC+Gt7S0bTrufpaJgGW+ja6uaLlJnQ/WgslxnVU8sJQGw97W60TDKQUHjAmkDFWnasOawCgBzEDt53KnU/HZChcLttRNoOGVcdcFAhDxXEMudijpugosRJb4F9A2c30EyN5UHqIeGqDzb++OKgBIbyvSik4YMPdtjjeuzCYL7VHl2Ljglad8HANGw9jLHxrZV/uqrxEB7lElzu7NCScRKHklrRsAETE2nmXpFhxcYtVLmoS+rohwLzL/MaQx0oNnTOOT1us/cYpZ6K34AAHm3myV8l51XbrvdytbGp5M0SwfnTE93mgnbYv7sbbbdvrXpqYxzniZdAQvmzX36kdWAhJzxlD/19BM3374qb7Uff3rNhvVjgvAfN13b6opnVj+VcERJSaOWMP7Hy/48VRQXXX7lvDlzRD49d9bc/ffeDYATQV7k7bybS2y18yyrF1AbHJ41Mdlp1hICmaWs2Wy84PCD3/fxsz/22c/cd+eqd73lzR/5yKl5uyUBiUgUQjJGJKenW3k3zwWsf/KRT57xtZUrd1m69ZadsVEAYPWkUUtbMhfT460pibyWcZR5MTg4uHLHWZC3IBsQxb0TE2O7rtx+++dtD0UbkAN0gc/adumi6zjbceU22dBiw8cOtVoqBC+LQkhABq2iU8icI1x66RVf+85PX3rkUUuWLJocXVOIgkMtTRCBqOjmgkhQkiVAmA0MdLptKbvWAijxIfW2bkAARkQAEgGIAZAEkkACGUOibqvz+le/eIcdttlyyZbzFyxcvnTrrZatAJhurXtOSOi0Wo326O477Thv7uzfX3rln/58xb9vuevsMz+6/367tCfHiQQwqjXT7/zgh9/+7rmA2Zz58+bNnr9wi7mQZJ8/52dNLrdfseVYqztYH/zkR0+9+867P3/WWffdfc/3vvGFBXNnUXtyzbrxNRsnN46Prxtd/+TqNc+uW3/qez64atWqd7/zlPe//7SROYvBhKXXr1995VXXvexlL339m18vcilywbIEzY5yISUiiDy/5/Zbnnz6yU9/8qMHH7DXuz74sdH160gQTxJZCCEhaTZWr35u1QMP7rjjDlsuWy7bHWQIgCABWbQQ3mpI84+ZLv2UhSkJgSZ0v6L66hJYaKeaB1wkyPIOpOAip00oWrdYjd69kFIJH5qbXr7EL0VEkR5OPAvnMJLtpe19mZTNeZLup6isXzAA5bZF0x8Me1tuwPnT5uhfbWnsSh975EClEuyjGRHL1iVABCXLimUDYyO+yn3yXGhmKtHa14thA+hwhReU1cYvuFmO4tvv5je/CV/+oUQ/2hEJa4+bc9bRMifEtKjnnm7aDl/kZKr7KirjNep+MlSZar11Zb5wu46iK0TuVtiqrVJpUy0/RlbA+X4VE0933A692j9t5C1+muz8xKAOtwzM6qAIwRgCAoDk0KFXmT81yLwkoAcKR+8Dmo5YDAFENgvqV+48ByN+ATtKaDjAx+AG1Bc8N05VagGqVEqVQJA6WVwggAT18i2mh5qIOS/NZpLDNesUioSv8dU9TyWiR7w3XkFuv3J3gKOX0PPmYi3h5Z+j7oY1VRgGOzlLBcmzb3oNqQTXTinz6W3WqhIhWzuZASJfJNC8oMRpOI8MR2QgQRhIZvVBZS6tGuFgz9K6PldbIueZYDRHPLfMPR18D0fGGERDQMVqirCHCBHHwt55IY3Ic9LDESlYDO2CKudPbataPIQTSoV5wuS+lSqTYN5ihACyasGwBE+f24JhvwOxrIp1+iGcQO9Z37UU0Ana8ixg9GRkBuys1NwgGa09ISB9nI5Wceg+ABn2lASq7wQxXfHVdrU1qc58IlYxzXzwF7Si02w9LwIgadph5tWa0pw35+17d7RIdQKjGUV/ojg7WabP+wHNHbLpUwMGwFSNvlLV4+X0sgQghogM2+3pbmvNxrXP1dJsqMgnpyYF4xsnJzrd9eueeSrjSb2eCo7ddlcSQVFgwpHx2/9925e+em69OdjtFoRJY2Dg3J//5umnn1y7drSGKIXkjcbQYB0Jt1ux7BvfPC9vTwvkRx5y4H577JqDJOjyhEmgZn1gzvDwFgtmJ7yGPBkcYPVa2uqSEJBl7Igjj9jvd5dd8dfrzjzt/e8+5c0c8q5gwAC6nayZZEP1DRvGukWRjoy012/4yOln3nnXqp/8+Pv1xkCnELWMQaNJyKZbXc7SNBGS9FunupPTnXa7K7rDs4sf/fqPjebg/vvs2tq4odMBlqRArYERAEldIdauG9+CDbS7giOlHDnnCUoocikLXhvoFrhpzaY0YYMZ/96PfiHb+PoTXz7YrLdbXc5ZLU063bydF5hkjBWEgnEukXUmp7qiaIwkkoRQb/AhklLvQpKAQEJKAihyKQGAhADRZbJgCGJs7M2vPZm9YwBgwArH4w+vksXUoi3mp8BYt8OT5h577LX11ksv/PVFO263/ZlnfuLVr3xZY7DR3dhCJOS8OzW94zYrvvLlLy5fvMU111z7/MMPPPSoFw/V2Ovf8cF2a/p9p54ye86wbMNuO+0ggT7/lV2mJjd1OlPEZ3MU537n+xf87s+1ZjI0Mvj0hg2NetrIsiNecPjzdtwBqHjm0VW/vPA3S7bd6cUveuEPvvcdFOyjp703qzfamzZkjYyhIEkMSB1yKkkSype/6qTnH37INjvuOj66tpbVeC1FIMWAXMhaVr/t7vu/9M3zPvy+t2+1/U5yqsV4CuCQA4EK5UjPXlltjsYsBFPJRNS1aQEwbo2bO/6UxWj2xrOSDBQXEiXo1fjM1qOzQxQuA/EnubRq08eKfhuhNbZfjZ4EkBRVANYBRQBS+c/eftjmoVAlXuzhN5cfo9CGU9Sdat5S6dfQSJeLVXcj0pml2hCBQjNZ1QtXld2KH9UP1aYFvcEjzx73Gozyff/xStQe3tn8NkvrMAfesvNDAnAFzgU1FESg3DUcEu+5IiWm9KAwhFxVjxnA7Yy0g+A+7tbPBv0IYUu1XfcSWD1+885kCPCsDbX0PvGi8raquopi7F+mTF4JmemGEZn2I1QKosxYp+Rs1N+nvFxn1aUe6BOrcs1tRkT1RNMfERiBBAIEhsBAJXUQ1BuXK6gIyUXzBb19FVF3MJYIvxdULYpgiQzk0daDRlBnAGf7XbGs9uCtr2V6PVg9nzxuR4+HiyB6EBe0FAqeM6GGJ7ELaofImTQTky+tKte2s5qQqtuBKMYPeIPrCWTUTzPlezQZmWVTT0AklmuomoDh8UJxS/bkpCjABxUlQmvQ79S9iquSvVUC3G9SlC9rGT0TWRF0DnVHrwwthGIWxny9yqoO+UDzauXKX2NBn5n6dbuse1zl2DH1iGT1b6ZcsfvEXMyzNCt7WjuwMxLiECp4M9U4llVKrFo3KDtgCjkT7XApAPAkQQDOMGvM2WJBm2cZDMyfO2djvZ5mtbSWzV2y1SKSwIbqIKGepd1OG0hKISAvdtp559M+/K7m4NDg4PDQ8OADDz7856v+cvC+u+65295UdJBYDvKue1dNbJw4dL89ttxy3tNrN46NT++wYhkyCdDNsrQraGhggISQsrj55lt+8pPvr7r3vt122rbT6c6aPY/zDPj0suXbfODtb37go59iHBIuilwUkiUA2WAjqSc//O4Pr7/x5lx077n7Ht7tPPHIE5/+9EdeefwLi04XGWdpKgAYiWZzUPKM14oEELoFgASUiDB38aJ/3XbvLy/6wxtPOH7rrRcXnYLX6sQSDsSzgTRNUMosSzGrA0lgCEwACUZFmrL6rHm3/uPvDz76ZKsLV1/3rwN32XrnbZed+IqX77/friS6DBkCsISPDDaHR5osqSVZAqIgQQDAshovmB5NHY8ikBK4BOIkJFAhAQR1O90uEgAVIAWQAESSwNO0Nd154vGHn3zqydVPPD4+NnntDTe99KhDT3rtaxojw7XZczeNjv3il7968OGH84K98fUnnvjqYzesW7Nq1QNbLpgzu9mUBK12/q4Pvhtg8JJfnbt+/YblS5dsMWtkcnQtktxxhx0OPeLgx++//+s/OP/Z59a89OUvOf2j74aBZmfj2u7ExixNtt5266OOOmzJ0q322eeA7/zo3PbU1HnfPWdw7mJqrSlaG4dnzx2f6n7zGz+48tIrVj+37tR3vXmnnbaf2LQpyepq2zDqPc8CSEpJnPG5CxYP1qRob9qw9rluIeqNGiaccqljN0lSiHy61eI8AeJECKiWFRARoDmB2jiR4bwIJl4EjYNFuWULj9YpDWaZZyfdD8rpJFltwZ2T47yPvqq7ci2M3wEP3pT1Z7UWTMjH3KhBB8XOhjPGGN6Bkg51QdAe5y74Bat8KufPmBCC/0Oo1Yz+M55bYOODkGevFY/xDlMDe3R/gTwX1F8q7XoXZop0a+Z5x9rIHQUAL+epPDcisu+NqHTpeyXH++SivbSSrjfmQAjyqPRMhMM824VkXFCfFCh7MtFCaK9qn4agSO+suguHBxJoYjcGVznY2AtfAhnvI1idVR3jL0U1gm3GWPmITzV6TUJpC1v1VIKQ5+jfs3wwXr+Tyx40kG/vfTny3WYLZMsnh5kEDjLmywl5dPbzHkviSuH6Al9vQDRoir16FZAvKnaQCZAxxhgAMiAGFYIeYi8Ln8z2WSw16fHIOFuGTqMjra0wiape8JG0ckCyKidIPhpqekk9uHYivvVqzOWurSKMpctVG2jH0qIPsmmoeBDN8kavEjO4Adl+6+R1PjJoFtiGCkVzRvc6RMOVk85qQiL7RqXgV9uo67Y/x7yLzF5BXdZxCdRuhJJXZxEGQjDIYdOmcr8Vv464FIUFKivRTwbqOuqFLzxOaTgOIYSrT61U+3XqryXiHW1VdFrawO08IlC89eovJ0XB2FkE/2+FtlH2lMKN5aE8abHV3mZQ2LtpFXUIuawcUFBd2Ef/CoxrIK7BinyvvIrxRcdCkFl56y0H8G2K34j6y0wcHPWeT/XXvUHFfzhoXyk6tZHBD3xgKMyGQCs5YczVzFm0Cqg8aGTy4YhAUrdJACBrtQwYv/qGm2u1xvj4NE/TwUbjkceemJjqPPjwU5df9rupiUkGLK0nQhQPPfYkz9K8W0gCKvJtdtx+m10OAKCNG5+86Z+3XHvtP6bH8jedcOKy7XZVLzUBmJhat/b8v/270+68+EWHHHH4ocOzlgK02xuf4ym/9e57r7rh1ufWjL791I/98/ZVQHLtM8/MGhnZesmi+fPnrp/o3nnXbbf++6b25OQh++/3uuOO/cBHzpTj7Q9+4n1JezpvCwHsp+f+7LTTv/zak17x1BNPv/6UDz7/gAM+/dEPH3P0QZA0AQpgTWCMSfnWk16e1RssrWUpk62OpFyKnCEMLpx7590Pve29n1q6cME73vA/otsFSZwLksRIgqSUI2PICLRjQygJgIABIce/XvnXj3z87BUrluaFOO30L7/0iENOedMb99x3F9HuAk+zWl0ICcg+9K631Ru1wYE6w7wzJTgCYgLA1CLVJE1rWR2R2Yw4StFoZJCm0GWAXIqC1zJkKIkkgBSiPmv4qquuufD3f3nokaeEmB6sJcuXLFm+9bbP23WPgaHhp59cfdU1N1z8+z/ec9fd+++/18233HvjP297/WuOFZK+8JVvn/w/x778RYd3Jlsj8+asfXr1Od/78R8u+/MhBxw2f+FSyKjeaEpM8m4+NTqWDczeZc+9nrv6mk+f/eVLLr3iU6e9d/fnbV10i1wmr3vLm1+XNgAkQP0vf7nsvlUPbJyYzoYnulMF52xgcPhjHz9t4YLzP/+Fb3aTGiQJAK/XGBUFA2akmQAIpGRJAshITo5vGJ27YIssa6CUeVfwZnO4QdDOIUXgyTPPrs3SbOEWCwBBIjezUGrhl2SiN8a0hFqxPP/NlLUYwYIUPc/LBrzCqSECkoQSpVTuJ5B0U96CghI0VmoztK7O6PdashEaamv4jZ70TK3XbVco8eiweiwibDMXmVPaN/uY/dd6DLZpn2xrMKpTTa7G6oYcMVFvPITh7H1PqtFA6zDSX+W/+Z8rYrc9O+A1Y2xnT8td/UvQcpmk0Pn0lrAGLVdV1N+sOuKrg7uxVe7BZj8+HT2gsbixT9bqK9rIxyVBIz4fPMzhrLNvQb2jqjxY6WNmQFvEN7gVs8Rb0VY9TFRquk9c3NIf4hAfZpA34Y0n4B1DAuYYJAv0IyFWcEtHDwigdKikk0xVZymsFSC8Pt0IYWt0laGtHvqADT5FgZKMcBQiU/H+XscPKYipBtKusrOqCKH0vtq+rp4X9uo1lG43rxqxQNn6Emp77c9OT9gsAHXDRJ5m6KF2yD9Ay682tAdVazriGwZQVk86bwKpaeVmqJEvzyVDN8NLHKNqgXKBp83llPrLIzpBdMEg+9VbU8wYk303z3g1GdIpXIXcoze+Po87Yis0DPS9/gq9V5qVvWyxL8gVHmNV73xKolBUVNbvZY/xK9Fj8A0Z976PgStPsErHL/I8rePaxxzP8IpMxGYvE/0J4Zf55jPfqjNn8qCKg9GdHlzWHWWoDrwFPT/tm1c8A1JNuDUYARlKA6EWV3e3UklUU27EOdAVqrs2cKzCh0BJwgrCv/791jtXPVnk7TThIhdSymZz1hNPrD397G+nCWMInYJygkcff3THFVt18pwlKUvSydGNN999w4033X79jbdNbRrbZrttjn3ZcbPnLpgYW5fnPEuRQ2e3vQ44ARv/uOGGj336a7Pm/PyFRz//uBe/4HnbbfPIww995gtfv//BxxcumL3qngdOesVL9t5n12VLlm+9dGkiJt/18c9ff9NdTzz86OjaDYsWLjj84ENO/+Rp69Zt/NL3z1+3qf2aV79w++23/sm553/w9K+//9RTTj/9nQ8+9Oi3v/ujm2+9a3Sy8/s//23W8PDQYAMZzwuBUtSzOs/gzzfdOTUxNTg4/P5TXt2opZPTk1f86brPf+WHNZDnfPusJUu2KKY6LEmYzIExAAGAUuLkdA7IGEqmnCcCUQg+0PjbNdee+LoPHnTAfmd99v1TrYmvfuUHl/3lumfXTcy7cLCWZY16AizpdAoQRVZLi0Jcf+t9UxNj22615I1veFWzlgmp9/UiYzzNjAxwQZBlfO2aZ++6934pxLzBxoMPP7H1disZrxExAiRZsAQfe/yJ++9/bKedtjv0kH2et3LbbZYtHZ41rz0x+r3v/PDCS6548vEnt9xq0Rmnf/Ilxx7xlf/95nfP++V22y4fHGzc+K87/+e4l+HAiJya+un5v/n1766ANHn3O99z7IuOarDWHXfc15pqP/X0syuXb9lozhqYM3jK27Y95a2vu+zyy07/9Odf/6YPfP+cMw8+9MDWVGdi07SASSraQ/PmTYxPdgsioITxNsuyWtZtd5qN7F3vfcdOe+xxxmfOOuMzX6nz9OhjDkUiEELqCAgBCFHITi6EEMh4vVaXopg9PLRi+bI/XvOvT3zqf0cG6oWEZr02MT5+8eV/3WbJsq2XLhdFTshJLaIm0FlQUIuqyM2CAC5WmAX3Y49jSc00MjlSFzaP4TNJQiBQLqikEBlE2tonocI76Ql+vPL+57h8r+KIRJRUVuybcBdIDvcH6n6EwUgySRKA2EIEl9Gz1cRVqlpXJGC4TXLqkxVIDYqFZRZ/eyC4GtEHTaosh8kw6Rx1OYdjWQEhMrCo1t30rWC0lMiLMnoc2syp/caF99kUP+KTGmM9hLK4gakzwJieE0vkYrFB5eD424fmiEvqjncYi8PQEawrUxp0hBx90So+nRTVPpbzwH1EXgEiNYZDr/txv/xZ0j/L0YvsMu6vDl6QYzIYTRLriSqMRSr8jIjl1854HAJ9iBeoZ8ne9XvuDVwZJmrPqurXSufTVxF+CihkDxh32iBVA1jdhDLUqeeZOYSu0mkIFo0ZifbEkbzR9PRbRFnw3sWA1siRtg0Eo0VaPVknGzWuK5MbDFekDfrEg1RPocRLiE67xT71BJal50IE7yGjg736N1vG4FvzzVen5H6G4MQar5+9oa/HuSDdZBqNcp59Imh+siaaQApHayXq8UhVieUDb3pxu9L8xBrJSH5Ym79SAE1BP1sbVWVF1JpptPPW1h9aq0qpthSAaZr8hmwQ2etibHp0AW3EoAfBvSosPxnne007EBg61WoPm19S89Uubu9u9azTfUP7b3RR8HiJYdYbLDXfY3IyZOqdhG6yWw1nz8Y1xf0+21lsdaAxPyFqsss4ovU0XntWbZuGIkvqGWQgAJRIBYIAYK12Fxi+4iVHHXDA3hvXrmnU6sBYkmacYVGIbtElkHknl8imWt2f/PSCohD15kC7Pd0cHHhs1cMf+eiZfGDO0c8/5IWHH3zwoXsBDlBnst2hpJlxyrOksdve++y2975vf8Mrr//Xrb/81cU//clFIHHnj+9CorP/zitPPO6FOzxvuy1mz12+5RZYawLnQPLemx5YteqhHZZtddSh+y7fbpsdV+643crtWZp875wzF3/+q5f/+bpDD9hn+x2WEhWnvuMNp3/8nUhy151W/vA7X/zztf/461V/f+CRp+574KGi2+UJokSJvCiEAJBERbe77957Ya3GGo1H7rrrw2d8Y8+VKz5/1mm7Pm9Fa9NkkiSoDRoRCSDZabWgyIGAkVDrPpGElAWD2tjo2N67Pe+cr3xq660Xgsi/fc7nrv7bdVdfc/O9d9871W53223OGUhIkEmSLOVplolOZ/4Lh5GngAwR1VtW2tPTRa0GwAAJGQghWFa75977vv7tH01Od5qN2qax6T133L6RMZKCg2Sc0/jY8S856qgXHb186UJIhgEktKZE0Z0eG73hxn81m0Nnfe4TL37hwbNHZolu/r73vLXT6fziokuefHr1iw49dO+9dpOCeMJvu/XOwcbA5z//iW2ftztA6y+//tW3f/qb8a5sjW543vJlLKsVExu7k5NYb7z0pcfttGLLL335u2Oj48A5Y8gRGSVYqyVpMy/ydrvNOGPIOCIi8jTLp9rAk8MOO+L73xp67RtP/cUvfnfwQfsNzWqKiRYmCZlUYd7tFJ2OJAkgOYLsdprNxptOfuVTa9b/6uLfpzxhCAlLO7JYsXTp29504txF87pTbZ4mADKIHgZmSMm/zfxoWIE+5vINoJ1o3n55/ZMPAyqmP/kFEAgkEKksdc8LXSxeNeowW4DffJBZdluqkhNYiobGSlUIgWYzujG6lhEhNKwya5Gd7mcS/A709yhst5xuchWWcKpWzaFP4T0ZthO5xwHgV1pWp5FQQVYPogSZ6KAe63WjRygASZ2Lt6NQWp+jJMpVaN/tuVk33vnGEEhDZMqs8xnJqhM4ywKXYdAN+IBPcTUgLLKklgPWdXOG051P6EuYBThR3hustKhqy8jGx3w2cWwK2trKsugn4YPl2SHfKmcjeDVEHIid3ugwFYrl09FQHlz35kPfYCtLHiwS7psP101YGa981OeJD/Io+hoJj58V9joSZHXsKMyAzurL6QpDqxIVpYINbJYkhZSFKBppfaKYPPua733zxguKOp6ww0t+9sqzpRA6IgXM0Od1wTqe/lj5HfPjEI5ldr4YPYNl9oANk5lGwP2xvomqoRQ7sGl531OiUmq2xDFzCJCns/QHQ2rkIprUty9Y4DSCDyr9BGzEqMiiOIZY8XW98AbBvA+2yoiSa1FlXKImqtzPSFoMLeVSWoqsrPrc8Kekd1KC25gSadmSSbSqKFYvloyofsP/OMEYdJkA0B27WqXNqrvg0VPJrsD/tE/6Bq6vpXbqomRYKx/3Tx+CSh5WMCzoWkR/5VUZAqsOhNn13hZEGaPUJ4bYB+RUU24FrxxBAPverMj8lSYhGrVg4lbuDQ/kXvdHskCeFWvv6vzhDP7gP7L9Xs2O+QSlg9AeZTxTbJckwRroMl0BJDITEcBGA9EsmSEjJghgw0SuNAL4iw9NzegExtyTQEiECMSkkOnI0EMPP3bFZVcef+wxS3bYEYpJ4CkAATCQAoD07JUSEoR2+5KLL1u9dvzUd76uNT5eb9SeXb36D1fffOihB+y06z4AVHQmZLvLMAWORMQAEWTRzQuJ6UAjbQwDrL/5xn+3OvLQA/akzjSr14ABsLrsFu1WR7RzhKJWYxNTU9fffM/WK1bsuve+ABkAiPZY0Wplgw2cHrv30Se32nJRM6U0rUMt6U5Od1sFICT1Wn32XIB8et26tZvGO12JDBggw0TKgkByxpBlW8yb3ahlJMWTTzx6zS0PvvIlh46MzJoe3ZQmnGlIyggZAPF649+33Hr3g4+95pUvq9cahSBAQClBCmBFpytGxyYWL5jTme4ISbWhobSZQmtyzdr1oxvHpttdzpAhq6UZIgBjPOGcZQsXzK81GiS5RBRS1AYGzjvvx7MGB459xfE1FKKQQlKWsSdXP3PLnXeNjm4ASQPDwwfusfNWW8yHQhBJBkgk+eAAZPXOdKdoFwyAM+IMhCxWr9u4xfy5zbmzi6nJ1qYJkmJo9uxWe+raf/373vseOvzA/fbYZWfKBeM02W4PD8+GxmBrfDyrp48//Pi1/7qt020vnTfngL33mLdwC5F3SaLMu3mRD8weBiiokyMxQUjIgYAgTwcG/vC7SycmJ497xcsGm0N5p+ApR0nEEpHnAlljeNY9t9+4fnT8wP33yzinvKte3iOLLs/Su+5edc11/zjsoP1333v3fGyCMUQElvBn1m98cs2olIIEEAPkbKuFC5cvWUwElKsdsAKlRJD6PbQG96m4D3nHfzg75M/6ElCqVFmgJ77WWmStvYUVRAgSSBAR1Ibk2LPj3z+xXrSyA17LX3Y2dbvIOaJqFMlaWENZ1C7a1jHcHdrXlXNqPDxXtWwue/qfFXkJPxoce3EIMZuqQ5KxLQyNeviTORCAAr5UtlLplPq6O6DEg/7qH3PH+kcWZYS4v0xGCLrB1ljC4pX+hnGEvGhBWLBcBBy0VVJtUI5W6o4FhhFun44PGLytVt5L5MJBt02HTmxFOAL87v9H/qeRcr8xTYARRDsH3MTz/U9T0qLJSpgeMBYoOq7TUYOGwxTIttfLfkJuaqr2P/tw2G/A3e7j+vY5JBa0xrMs9GGie9qEw4PQSYiPfXkpYS7y5CpqP/A/1df+kK58uQ6S7ZD6iIhQ6X+OF5Of1/4nO2Hli396/Nnk/E90yyKMHKF3CLD74DVqDAQ5D95pQIcrI+0VsSdgPnn/D2dHUIPHTOdG+oGJvnpvpv6nQbTBDjJ09ZjKNdI0rmPof6IrA45f4PzP8Hw5rZEAfK5aRtnOeLPD21Pq8VOxIOCw739atRZJfRAM2Jz/CRZc+wcjRDo2NqiG45r+8tQL5pevkfr4n8ZMzND/rOhFn+u/8j+DUQjJ8OrzhlRTH2g/8n7R90t6pEIv+TX0tqpx/0KmgRl3PS/c2ohgrEqT26/Bs799r//c/yRzGgjFtRi9tBn/c909nT+cwR+8sbbfq9jRn6B0EFqjyFLzMjCHZyrp0jSA5r8dAD1tzYEPZJ6xijD2P8G9ZglM7yxPiQhsgB9V3B8AEBlBmgFLZHu6226pXYgghHrerJMEBiRJSobNwWGopcXkBEJCIJJ6E4a2ADnVGZuiHFiWYZoiAJNC04ZMIpfERSGgmMpqjA+OALTF6EaUUpAUXWU1Ukwy5JyhRJRJLYPmbKCimOqKXADjLMmACWhPsYTxZhOmx0S7S0CSJBKDJAVEKUjmBaultWYd6jVAbo5pV8t0SP/XnpKtDlDOBppQGyo2re9Od9NahgAcAEkCMomIjBEBGxqGpA7TY1RIw04JBFIWLE2QJ2JqEhgXxIpuTlJkjSStp5BkwBnobYpq7NXSG4ROh3JJyBGRgBgC1OogpcqySrWISuQw2ASsAQhNeXtCTLWYGg5CQCyELIAjr7EkQQaMBIouMsBaTbTanVabMc7TFDnLWy2WstqcOcATaE0WUx2GCIyxxoCUUnQLTOrAWNIcAkgABABBPiFbUyqgIQGRhCxynjGGCAIIE9QvBRJEgtWHgCO1piQhIkdkAEwCkzwhKUF0s8EGMIR2C3IJiEQCpAQqSOQszSDNoNOWRQ7ACICkJGTp4DA0mgAEkABwAAlQUKuFQr+KhqQEterV+J9KzMH5n2CUPrptQNawlvaUVPmfaHSWtubk2SSriFGfOiQgHZITz2767okN0c4OPDl52eer/E8P3AWa0uoAMjM0QO+WNn92mz6byowCobBiW23iu2EWdmFUUZkRod4lc6o39AeaJUPooR2v/gAOlX71W+x/hcbfdwI9I+TtjvKMnTF9alyBbG0lmxfGU23hGBNUUqso8Zlc6Z+EDrN7u4rL0ZFaomGAtUWEQL7sBk2TMz62JxFt7osvE+Evjh4vNBLIRlhzbNVAO5MWalifPKDHmjVrMMt+kp4hpelhqlXePZEnVFrcgnNNypjGg1ZeNzzTjeGGtNgB9mZ1ZSTCFjeuuM+3EOSWSHI8DBsMcKOZ3hG4qphQoVR7AN/rus5IWQ7acTc3SrMjjgRVa5G4X5pXIYjtfzokks4BIiDThssfNH+M7G+e1kG/L+ZYFDvLICpfgsuuFWXYzSPoJE0X9kQEo2EJjv1ANC+EAGPnfZIqL3+FbfCw3Z8QVWDXkYIWu0hVKBI9hzaSiHCy2Patd+/30MZ+guOgvTCaU9EuMuUe8tnox9V8brqPGtn7SiAgJzI/qrbISBntbAtEKqbCuwvjBPqhkulRDyIGa5/8UoFqjeZq1KA33aKeBvWQPu8nqKDcgejNKGWyPXfRjkJkv8xgqXmm5oSOwOkKrTIgAmODMJqGkaH34IdthQxvA4aEj7mykX4D2xGjk0ObE/qGZdVtDi8Lp3B0RSuxY+hisReRx0z7oyPYr4XCWu2ENxocEc2rzcl236wPNJ0KDmBymglsn8mL+4AJxoO3LgMNDxw/CCK+ezVAoNq8hlD7lgSMkwTq5BILIMzqDV0jEZAkdUgpEYBUNUlJ3XYHum0GCBwYZKJd5JNPMp6mWQYNBECSheGZngWIxECyBFnaoG6nu34dAnCeIBNcAKtx0AdZAYIEQAZMtIVorWcsYWnGahkgEBUgBCQJdLvdqXWMMWSIkjgw5OoVkMA4QlIDwHw6h1YOpBe4KmiJRCQFkUCGnAMAK8Ym8+5GxtOslnhbB635JkBWjI9LOZYkHLU5JGUiGDLRzqmYTrIEgAAkqyVADArRGW8DdoiUTCAyNM4+ICLyhCcMSZiQIMpWGwAYECLosxQYlxNTRb6JAEgKEIJz5DxIb/M0QcaJCCBHAcqOkBD52DgCq9UyYAhSQiHTWiZzOfXMWkJIOEvTBBGJsJiYUltPCSQJyDdukDIHAgTJOUfOUAcsCADSJKFCEIB2qPTFADGfniJJnJNaTghKupBQEDIExrpjEwyIJwwRQUogCVLNDpZ3ctluc5AMdZAHOSfk3clJOTHBmIkgIPCEI0+BgYsPAunzhxBB2iCM3a1pDRYBABkX1NwNja6nfIzWNHjQTkjnI9n5B8ZrUdJOJCWo/9QSXG/OV4E77/KMc7/Hqo7s9pGB/7esqBOvSEyZKVnRagXqCgBv1eV5Vr0643A8he16sDXMK8zg8kBG4IK6KkJcFTRZ/a3ftVk+RObcjm5QR2jnIjTgP26MoxGvgOAyNDIQnryy4Eu1DXYEJcBkACpq7H0/EKkI1flxEVPD5lhnHRKEcDGAshQ+dPAcQh/5IbpfIqcxaihoMWhms+cG/beXh3SpdBeiKdqnAvex76MRRqj8oXRPyY0JcFDEc7A6sXShJ7rRM5WxpPimr5w2O78AWXACkYXxhgYnOIHap+goNZNE68NODbcoGjFre9RoREPXc3V3nMnpkcyvJmmz8uHmfWkLN1WNu18hlsWggp4AIofhPP3XPBtKeUXrhqh+Y+0MPJWVkLXSajxCizIzG+LcuRnNvorBsni/soJ+4+t3AXryoTx34p6Cp3ur1FqvflUEFquaL5cqU+iaQTdZfOXvvYwyZIc/qKWIW6VLv5krdP696uJqAQPGRIIc1gl6Ds3MLswkZRo9GcYLnM2Pn3eiJgFBv/BTSkmEJNXCWwSqLqy6AWa9VGU3Mfyknqtwv8kD294QRkoSIZxXaq5IAg7IkEg70IxACtvBqMeMM3WoL1PRZwTgLE1SQARUrz0Unq1CDYBQqNdHEyBynvAMpAApCRA5AxcQEQgMgBEw5JxzDsgBAUGgJCIJkkhKZIC1VEF8/bYb0scCAQCgJJbwJNGnEyBTXSYkIEIpGQkQ6kUmyDivNRJJEomYxmEKeSECU/UxppxYIgl6a6hWf5JzBnqVNTGQGq6kKUMk9QJYVLuCUbNBM17tCJYqjSkRSICJCiCCJAAJjJKU8VSdrcNAIBVAwpQFAAKSTACgvqODZghJlijBQyFNgwgJ1pI6ACAQ01k94gkDZESSSZCMMOMIKQAgSSSJJJAIEJjZzYhJAqDMqS9vwJABJxO5lfoRkqiGBYFnXAc4pd72CUCKI+r4QvRUAgEgwyStAUskcACurBcCIAjFbXUGsRpTNSImZFxlMysUQGABY0BRmowq34Q2gRlUbZI06o+UIAWC9Gr32qoySpEB6W/4lFs1gyertXQCVs2FCWDUmaKwjv66PvSa+jzpqbJI16FGhyqoibpbZSMd6XAMX6Fh7nogBGxawv0IJa6QhjzxCKAh23+yGs+EUdIoKuy1YjwiCJBaqZtqaCgoGXQRow+2b6Vn7dvMUYmu9visGTEh4mAmmH+MzQvpjGLPJdPq5ZnBR3KqIBoeKQ74kMj1usyZGKxaDlSi2MiBNKlODxNG0uU7n3HTupDpgT3z1oqGVyISx14uB5ATLJMG0uddGUVgsToaOfTnqdVv4UC42xX5AQDwpoZXD3lDHjgIoWbQ5knRboALed30EjY2BWoEHi3TKudF9VdPdntdqPrtPVetgMyUQr+Tvk5Gc/CYPy6er0BhGSvD5KkFtGyzrClJowGtFWrTpgkte8mw2+9FHyzrkqW+Cork04mtH8m25guDcQR/JW/UdMDxQNEqTpbUYHmsXYTI05CWU7pH6LUS64dQRKzbqdkMAX/BH7qQ89WTxX+VlucYm8HyuOc4bp7RQ+jGzqOcQusWtm7VP5V/1SHU0KUMBKyHWdFqpeTaOckK372ElmCfGZv1+ogAMH5C6XntKjhHtM8VG1kbafASuRHBrqwtBTE3otiWmiylmJcTHNu0khr11WAV25ybL0EeWLcf36nue28woGuxE8SCFE2DseymZgQAkGAgMujDnBHUwKAaIY9JfrvGT7Us8qTBTE/DJVODPwd0T/3lt5Y1oeIlYzT8w4gInQtgGWIz6lIdjaM1DTdrXhABzFJkAt1rSwuAPpwOESUCA5SKE0EsjtTKWJX4QgaAhD7+M+e4SO3Sm6wy6fo1IxEAjBdjFQURETBpfAHlGkmwSzUVrwgYMKNE1Tqe4BwYiz+8sbLS5Q2BWwUXWHb3lPJgkfSprWpZKyAQImMlBupIranLOFqoSCWrGkstmXWbHmGKOnTH3qAycXrolXMliZhGqCoiYGXMhIVVrfrMXrLvTiL1gHRl1ZFbDBGElnlCfZMkSLVoigCNyw7MThIAhoyZRDjpyI5ebWioVb2XpPboQ+gIEZHeNeFx085YIxvO8GIwPSJVQHYmkibAupNWNaGLqRMACAARDAgFtZrS1nSHZs4Q4XpEjssQWYGZhNZCwJNApMu8ygJ2mYvZ0148xWohV1+L5Ij0HwuLGJQUWGsPKAXDExLcp237rJT9lLtHg7XqpUHwn3Na2z8mnzHmI4ZK02j7Qv5wevd9wsuMpdJC0+ihSnDgm40wk2dwE1QylaxuCH6vCMv0iq26HjEjypZEv9vBVxaHlE2iv6p+S6pljLlVzg8Ed3pI7Qyj1M4rsY/72gO8z5utz1PSVZPCNlYl9lYBGauuYVPFGMXEsHA+ugd6TqhAQUI4Jp7B99caxHWVZ3QEsgODO7OxAGOLjLa3dGm3VEf37cv0tLEJyDOHc6h6PJfTk80K3vRgsxoIgkAayfuxnAp2X0K4gH580HGbLLUVBSurrWzZ75L7TOrtb+piwDx94Vy6MIXseg2lMQ1/3DyRhp6eytP/7HwoCougIt6SHi2dqKg28rTBY4mT/LBHaHihUIZdIWzQFRkRAgAAxmAGDAl7p3My5PWdAZRZFjntrsvgWZnIKkVRTtCP2A++JBpDKvvPSgdkInVlqpUUoCS/YIXxrWggdkGj33sqMK9aPffRtSpJmqGskm/lsvXSxzPTUn3wQK/L4QSLLXr4/zaMRISAUmWoUK++M8sl1YkKRsX5LCf1q496rDF1wk/eT72ypYGyDE1iKbOhK2eEEtwEcpEu422CnkQ6oWXhFwEyABNfN2EoMF0ip63MLNCDitoRIdDZLGRAEpBrnqBan4oIKAGQJHl6z3KCwOgKYg57uKOH0XIOtdQjADDtF0ktXwxB6twr2IIMjTZDaflkXU2D5jz9a8cJjenR4C0OFxKAO1nD2iPSYE9KTZLNAgXnahOANPFm7X8qpamtHVpCPPIQSXrxMj12AJpt7nVBhoUEJM2CW92AiaA4lrqB9XxZ91ElPxXBis2AACCJNOcVuWZFLKpBJ9JpajWmTL9SHCQxRiY7rHgnjboncMyCILqn8+HRFesnMiCujL/KSN3esgOi90+7p9A8okYKJREPlVk0TZyxK2knacx5+OB/dVkQRoSISagN0V+e4VAaBG2iNcAWuRpVECgaE3wuWwjXmTA6GDkG0c1yEN1e8c3I5oF2sBXZ4RyAgObypXtrZaOk98OvmzUtLsZv56mBF/1QkZHuWNtboQEd/+m7oMsronkLFeixqogeskoz7/nhvRoLKio5npuBGk7ywZfMmZBdOa5O5u2vPkUOdYSteF1xWSkgl5bxR79H0z3pNB98OOPJqbUQZgL31AMVN908coYmQp9lD9HoiaiGEn5Co/0dmba+aFgjkh3PPTXosJ0nWsZaxXcq+0/ISC+R8SliyKyxCnK2lp8heQaY+lLnIGnw3aKa3pIZ5RINDnSNxq4aOhkLKul/VekyqlJQFVq0JLE9ZyR5Df0ntsgtFthcQXTosuq5kNTI7JQ+u4cqWRF9VeEJPa8BI2NRrr8UCqwiuJQ3joW4iiGemvKTr56m3ZzaBP9hz2rPcNAqiJqB8+QGw7cLXjYAysgr+Ovach+8GJmfJEfPBQ1o8D3qaNDBnqUR9MOzy/5Pph5zI1CUVVajggzzeTMZY/OcqdpAI6N9HDSLqvEAmtFINuKgkjMSSAAkutcac/vDa+6oWaLNdGlaqVEw+bp4JEvcML2JO17SeeZhnZNV0XxPNRuXgECaQL9F5KTyjAQIXlpML6KN2ERWh5LzFcGe3au+OE/BkwMrGoSEOhBHZGCbgYgMDMBn3u5N22kCYGjfhKHdYDA5Q0O4b0RNnaYKb7wibWc3lDlnRXGDOelAQJBAzFvvLr16SJs0kMz235lA7RlYMTdUqqiBog5Bepsu3DNoXVA/EGiI1W2rWwgqvS0BkVHcyYih1v3QVWldHCBa44VIIAZIQAx0AlonJtFKmPLWCYDZGAbTSWw9qaTphlQio8fOlx89r1yaMgxwV1loM7d1nSHsi5Gq0voOwAT63MkcMkA1UZRMoeOWf5UZXFb6lfD+P4igkTlaxAEPNPv2EyNzJrSnaYoVQ0Skn14gYwUp8k8MX3pgCM8uRn6mnZr+zTiL5SK5vfptB76yEmsOEbyAtNcFiqTfLRetMCS9orDlm+4reRag13CWVDRCLB9BUsLXDV6L6kXqPc2hMWsRliqlCr1DI0IqvK9RZytvmnNlbOGIOKuTjPar6HappzZaGgD3gNnxpV2yeL6Zv5E/7z/peqtOkHJQNeAqBTz0aYizppVd0kR6ThDpMIR1Jl0MttSFaq/Yb90nxsCaIKhrkkFWX1R5Lx5xzsctcSrksw2XQIgPvdlhgGA4gj2VCZEkEurYcWI8jqo4radodIFdvQ48DN/4a9s8osM8nrZ1FRFL+xWD7qNZgexqxrI/H3DY6J0gSWuJ99folhlYmjEVxsyn3L5tKvgp+GZQmEcABmf5uccqmvbF22NI+WFLU8WUseJqrgr3I8zRxM8YNR50NjavFdOzcvWFZ7Yq1G95Okd90agyFNfIulkzGo9MleTEV8DA8A7ZpZDuV7K88mGNBeeeSql2RW0t5q8mPsQGDgArB9IvGvkqdouKV3GkiAIyyj5n5ANpPOpNk2gQHfFG04aNmt/IAQyjNAJOhLyK6ewLXaJnKPwa169GzU4+UBNAgijMuSNqqaEC0Pj/Ye/PY27bkvswrGqd79773n1TN3vuJpvNqZtssptkczKbNCdJZJsaI1uiJFtOYsOOB0BJEBtxkD+CIEiAOAFi2EHgwLABwVMU27JsyYoGSopJURNFSSQlUpwncWp2s8f33r33+86q/LFWVf2qVq19zn3dNBLEu19/d5+916pVVavmtfbeZlbVzbJDnI7WPCnB5lfw1GMrr3GGBvAqjIn6EN14nDcCt6aALaG0RWpjt1IwFqzMJrDxQ6XK0iDWdGuy6HJopa5gsN4uYNqjRGUPK6sFmTOpXHcgrgsipCuKNDc40pyIKDpzRLHRIQ1BWzITvqDmMLTEn4QnUaxISxO+kmf0wcMpGGAENNRdkooX60yJAp+Dg+2wayChPrTCNHwZLZWlzWrSdF+L8t9ZIcpJVhzt2dsm+uITNSNdOWDRkmgpJ0BnH11Nt3t+Bsa6TOEUCyqXsVHnwOzgFBoVBhDiJizEJ26NuQkJtxb4HA4BFo7fgrdwrQKf1V+rn5tNGcWtAbOFRmvfKohJ1xj7XVPhKyOGNVMRRgt+DZCnPiCzRzvBq3EiCtxJ2JYVgitRQDjxeuBqyu1nr7yzscpeNoHCBLw843t41K9j4WvXIw8OKc4G7KtBHze8BGYXKeZGSxUprSsWdze3BsBrjjWBFLo8cTG8vAS5wg1iq5wX2RjTF65ggjW9gEaF2QJkDrjAmm5HRHoX6Z3oLCxNKQBnGwNNdX2J0Is4KTz1QH6ZowOmeI7+Pfrn4yLaCjBAi8eBBGJuUK/tXwMfwvPQ2D1rdXDsCx1fo22/cP+SSSrz8EsHV3zSW8N/asxz2CyEVvO/1ZGnkTfHZ+AEj3teVoZy4THoAHscSDSryleMdVViVl/dd2TABDOiY8O1hTagqG1Rp6D7hPKOmKfwYk95aMZo6dcwSjxf6fnkEd091np+ct4xP5iZNq8xoehOaTSnRMptGR/v5MRK6BJGzUNncIbG0ml05Imrv85n/kTkrc3oYpZ6oiSkMdWgyGJf5vBf1vjRvovIXARmgmasvyETzmyZHLMX3gCHQkytb8IZL5hp+tUWc4o4Fjtb4D8xoYDcjoiIutjQni6FE02thlOVsYou4vmbTHwVH5syZqtikGM8MRRDcrClNWhvaM9nM4dPnxHGWMYXAGn0iF6zmdweiViVb+S7T8RcQtS33YZJnOveYx4nI0U5jsAkTorEoUK4sNiu6F85X1RpVmFGbk9VOFFr3G9ZiNqNzD3APujOFruVnGkH2vMtioZLCXN33IAYGVBcLtaCQ/WkKV7Bl9ukvohcUXRyY826BK3irX82QdWYeS+tHsT6a4l0WFWtTJhCQRhhmJRlS+Yw95uh16jdOalwZDTDEm985GZ2XAmhIAJl8kn1sdS4x4MwyYV4udcc7bwxsw69m6K9YmMNqbxMk8iG/Fw8lPQCrExdQYvZE7vj+od2Xb1QEAHzH95A56WCgxfxLsz+kptlfMP1iLM6JsUZohbcsRDarzatOHaLIu6MbfRicUy0CJuE3BDHRZLkaAHDsLa9xGqOq/I26t0lIlWZukjvQl3kTP79rfIwydWqrBVwYyunF12VrMqy4OgxaFr0W6ZkZMLW3gpGYcGT53ubXAYkWduFxFDzttpvYZ1WWUL+F0vajpYrhUMGTfPJxaFBJMbl3bqQEWtz5BAoy1WGwGRr2iYM1ZKeUmG0BE8ROKahvqSKJU5KqmX4T/ZZMD6h6MM00HwgAy8vbBWsSF5K2LiqkIoCW5mITnwaAXfKip91x1xLnFM06l/iS/xe7ZxbYJQ+CCcYPqnCGsuufnY6E7WQ3gy5gWbHbq0eefxBOzwGZOGwlK4hiWrxiEPRgGjowtil9v7L9XAS68Lack6Dr1LG/dfDjrAI33/Izz5PpxN9+iP06GP03JswVFcn7v8H82RG3SIENa8MqLB1Mg015DW7AZWdBtNdp1kuIV8LZ5UYcpgwHRp2wLRGE+enOrz21Shv5nOWiAvluco+bjFFQDUKM3RRDJRYE1HsuWyTmC0NogEinTrS6ZrewbyXYy0EqTZMCuiFM1u5oOpvQkZ4sJMs5EEvsehrxFLwnPbQMOsO6mTxZqUA3j5hdM44kQKPZmbKc3AXFBNap4gIl0yVHeIDYOhi+EIAw+Pn9LmOgxsiMBKZe6pUQ1UHDsPc2ctP3Fih3UO+e4AGFeioDgoADKkzkpjbiZj6x3+Z5Sz3HtL9hxRkzAgd/2aXXSSTbobcJofQLvbdhJ7Bz7bK97BFHrvwRhbr6TYN0bnoF/HcpXcZrD4aiP2Fo1o2yRW7ZES0ldunUQ8yiP53g0GZlkiaGEWDlRs8peQCVXKJvfvg7GK4snQxmALKULessJqcNYvhjzyQiT4fTDRROYM64hZpqWCGi0kdn+JY+X9c5A7LUFePWcYoes+VGYahos0eJjYolxbLCa0pEHiZoOnSUpK08vIKAGMXb3+BV9PCd6YzyV3v/dx7l9vzbZx/dTYLLTkVT/iUQybTCDijVMzylBG1QHGF341yICg4B4csmoXrcOmCrjHrd+oqrAIOdhK934Vjysji6iRPEJvDRHQOJHaDrWUy89CHsAK2svws8SaeFgwQHsXwyBuYvu0UB1tkSMyyz6bvKsE19DDSZYeiDUM7CPC3EFDgrZ6FmYE3UiDz3CAcG7r9sa+4L9hq9FlYAPhnzuPx4aFtrGnGjmt9jSKvAFlOJ5sB5yuX7KpoN7WCIiRyd3d6+Ob2hs+Ve/fOH//V/olfGwk6MRE3mQuGzYV5mjMWe4FoMPkQ5yf6xn+sDt3klTUxNuMrrsekS0ck5HqkQTOOqQYcRy09D8N/K6Z+d4ZZSe30MAQkigQ20Qv9MIZiVSOVdhUtmh41Ap6xeqYCLGo36RyGSz8/4iyfnlZb8cz1OWoZwB8/ksUqz5kWnpdmzZ95DMSJxX3wQqZFzmEQ1qlK95u5GRAZKdgVgEocTvQNKoNlAk1NHWzRmMXeHTgaXPKbQDasA0+sAb6RMdfRy3CH9TeDx0lmFVdVcD2fiVjaDdH5/Ms/3qi351+6ecsXCmnCBxkHOteL/hSbHdjoej0G8dYiY9wTzIUF5HhxOnJ0ObBok938FUdY6slxkk1TOVZFWTzqJM0N0dLFJlN8RcLQm2KDISbRbo9jmgPvNSDDnJPmtas2vOajmgVXQvirszYVj7kcHXNWZ6dCmAo63I71KDlf4npE7RrQu0CoKFfdtgCDt7rSmlyCb2LPbGa/yB2eVjWQgUclJdRf9A3TcD0FkcexV6HdMHcgz7mbmsXs34mQUegNh5m+pjggWmKVLv2un+967+e7J3e3ZxLRz5RbW8VRsWSfMmuA2h0ROOSkwiNaLG9M4z1R2QbPC9nXzyF6FZgvQ2DSXgYb4IWLnwcjHmI7VdiCUWKuXomMoGaXCNlyg1QTCWTCYLP9ukxqyw/HxspogWYXqBaLXyCTgQAhE8vesWID5UrH/kgkXKhOQno2lkfsP1ggmaK8dqxSOM88oa1FYErqrly7Vriiqdn6jSuYY6wQuLLgnDICFSFZJG26SeWePv+fEtdkB/J0oKVbks81uFsMashCYURhIupP6P5z7Q2fJw+eOX/qI/3DP0NyS/eemcsx3IibUBP7GuSaEsR4ZHh3UBgLcyU8kCNIrzUbCKssOViNe9nFAyK9hfQZV8Nz5ryLSgRFDYzhas2AZHOdGsSL2YjpegVpiNmLQWINLtmoVk722Xf8tO4yQkgPxjwhcLuhhAkZxSOCDPaFROC5amUSSlKwwvnQRMfAJ/u/MC+ErKRvVTYeKMomHSYHZCywy5giwhhBCDV1BNKJLSkc7yAAetUcq+lxapiYZbwiGgUfFXimCFPM5ntxkrixP35qW7hR4O06gmVfUGUbEKZRwjBwBHPEbAio6ojJ6vjLdHOPz6/2D/9U43vt+ZfaO79yTiOHmSzGGhgURrpw2niBwTQdxIp4/QZli3xnxlrArG09L94Iba7dTUZ2Dayja2dFYrZQtCDZPwjHMyYcfwZibP+AtllaLjjDT/RDRFHOEjLpSug8Ggz4rTkelidvMPHrSQ7qVwKunSJW4KRZb8+L+IZeq2MKDCs5zwmQ4/ylfba2bakkqZhi8Lh1FIsdlxUVxwTmusCWKOtWOVAUyNl2TFyxnxiDDN3ctUjlLnAcVoU5vHkorQ55X51Id4KHh+iLeQK28fU2h0onkx0j20zD8cBBYntyIUwSTG6ZhaQe0aHNpmfpvZ/prhOT3N1KP4t0ljbk1pygaGSCROHIq93k4hRG1nuTAZWsWMGvNIAXzYVHQYsZod2YKxGL9Q+gDI1UosfHH0D1DK9CBcvpgtcvzL+XZFIFiilyCakt/UuAMPoS23Nta2a7AtxilGYBqUg+gLbC4I13ZipECDoF0R6m9wFMc20/KzmZBpxy0IGZj2BtdHOsbh3GUPYm6+1GdSv5O0WwsQw9Wogt4gf8oPTiSQn9zrDWIMmryM2LYHgdZ/LrJuSpTeZVfm9l4QSPS4FQzFLceKyL8Vxwev4t/f5Lp498nH/jp/nuFbn/Ij36lPCNWsJG6u15GmePiRw0ayP0btHjEOHyJ7xKNrF7toDp1sKkEoDs0fazxZSoIVmjepX10OTa8SCy97p4SDn6rcxkJdaMjMx5UorC/AXyeeWLcVWHmAg6cJ6jiemyJT3IpAlYZlsUGTJtnufK4GnoHYROyNQgsFqia+oYLWsAg5uukwaZOVJsQHgmNqLfqjW4wK7JDVZcohwoPnPJFD9ewkSiD5Iqf0gLjtnMGKFbr2cMQ3uaGw+h9poSyJowcbfXCKsLcOV1D623vY2T66O4fPpFoILMdigymK0OrrBQE2Li0/mTv3r+jZ9v956RF95Mr/sCOt+Szk4wHxTmwIeedIIpi48p6T6HHd/0mmQe2BE+S6O3Lu9A2R2YfKafpQRcjosr/J7mGLNUDLzrUKJU5TDZt4KFRkt1HdKWcELmWbSqYrbYtKiXB3lZyxI7jNj2HlBACaUxX9nFW2orBNofzrwVOl/LwYh21cD5WJBw4VgFoX5b1bG4Fk8bFgDWmdrhKRvhuAR2KwyCk8TxjvNu/W93bF4NALEN618+AmR2UrSzgFwN3BpxO1M/9/FtteF0Z+1Qv9mww/hQOz4DmYSgNpBzpQHU/QkrQp8RTgt6itamkavL0ytOGu5qxK9h0c6/eHcOMnrt6IX418cobGMechV87394FYABNyQ2unRsiuqhcLY2uNJ/aefEWLlsYdK14uKuyJvuXrxYH9M1XZqvyiiVG25zmysK5WtHOfgVLTCRZmuD18zcTtLPN2//Snr7V8i9h/IrPyUf+fl28wzd3CNuwifiEzNza8TjQxMpLmSegQis7BaEoTbpfwyX1DiZECcy2f/W3nquOPoSq5BplnDcO6rQYL3T9cRj661TW8RRAkf8RzGm5gjRGCe24curJQR4jCSm/NJhsopJQpsHLGjcIqKyYkwmM+mK/UCfmtBK0KI59QdwCGk0zyVEc90xcAETHw9QXeuTFcLwGim/ZoOsjYivC4r8n4HvnLG+QDCyZS7iuigOSVvsVLbjOlyylUGdvevq5HlwRAVblbR36p3kzP1M7R73J7c/+VflUx/j5168964P0M1Dubulbl/cSWCjTbnyyAsWRYNjB3VDlqwPSbqcJQ558FjKq6eQc65wsPZf3rVefhfKTrzIaurlxU4X3CGbbKgRgirWM7VXxG5dDvUqLDTSsQp+rZivP8MQsaNDdibHfNCql1B/BIn22pRvO6T4OKvBGhTYLoG5NgXULccozZkluKbkj0sQisMcO65yCG2gicnG1Rm+B0PB1+rgQTA4X4yDzAQGjfcanRzFzU5j2LW1vKy4XhE1TotyKAtZ4FtZPCmv+KKB1SHJ5z+JQXSVk2MSvy9ii37AIQG1Jg4SG4SnXg9B0kRcsWdpvJ2oSW/UT0zcRUiknaSba2TyFHR/BGsTDUXCBk5rwS9N5TpQDX8zVjicd1xiW69WPf0xS7OHlZOnSgYO8DlgVLmGvPaS/aztFkvrXRiXDkCMpnMMMVhG9ZpZ8M2AIfWM8pbgwEpErmYi0wzR6AQD2Lg6jyOLfhy1QFjPFO+xnwIeWbSlJLUtOaqK38HeydJqVY9LxgfTHUrIsuWwsi7sWJleL0fG8L4iylSUpgBEFn7r3B0XX/C1UmoHm7QT3T1pr/+S0/t+x90v/H35pZ/uP/H99z/3/fzgJXn8Ct/4FyZZeL4NVdhj9zmk72eKQYRJzsQ24IckbN9rFUXFnaeBFRA44vCIqAqS5VzmiyGkmIEQ7q7WNcrotmm8jSjGluKejxQQQSw6/j83g+IUL4bR+wGfJnfJwzWFGfIunsghuBzgWuITrc0YDQJaffWRYRJ3ipOLGU/KnXGKQ/iAkgBFFlyqZ3WE9FNnJjlxj9xcml6/bTwCsPFeTtH4Y+qOIcCT+swlI8vM4ETTKFIuBBnD759A3UMUTzZjLKGrIoNbrNg5t5gH+FHaN7N+w95YDOpMnm88E2Ki7uUhNQUs0rm1+/fOH/4Hj//e9960B/K6t96857tJ+txcSSLj47eGqllK0Hy2/dTbsH+NOrPJ1Q3nsRtwIKx/EitYGHGxgNMsHlnGHcb7iOHAKwu59JRDbjeuuI3aJim8nh2HB9Vd2d7xu0dHnqGl4jjdn4BNL7gvqetQm5JyCf8UR0frfYEns/b/NEcV/lsY5+6myJBT6+vHgpSjwNY1CcZr8Dr3Awx0bWr+h+4Zmxyh5x3Tz2Wo6ogqbQ0BEyYqwB4iUKVGs9XVvJ/2n8GKMlFjbmzD5C4enOFfxJcY/dB88qGTNG7P8P2TNObTbeu3dB4KcR7vkNcHIxIwmLr5s+T8Z3hsqJ33JjGHsebFAY5+DvifAXQiwgVYPwG66kwPJOca4TFhnL0G5rE46xF8BVZKTjKnosNxLeA1HIYLGoNE1NPqztbnwajJ968nmGhpMHbodg+R9N34gJlgzmDDWAAuwULl0bBfKbdxNtvmLsYk+4y04ibny2umqnUuoB3KDKtqFFsVuCr46ggTDcDIeh0JqmsKjThauBGdhJucz/e+6LfRO76U+JH89H97/oW/QQ+epXvPUifiRnwiYviohwgJdSHRj3PM4FvIHpyTuWA0TSlTIhGaEmF/bABAFwHvVua02H/qssSKBzLEI0MGYJrkKTdnulr8F6YDxXbSzA7E8xN8StL8reUrhgd7V+DBvGRcxivQ0Gi2LjqY6KOolA62wWXlLlXkz6swRayTi8GjZ2tRkdmXZO2BUSFWtvBgvY8z5AfhSH5uK6Jr2FkfnWp7LTOJZDqNFpiykHRvjEC8J442w7W172KyLGNZFEn711aXiaJ5VNJ0SkBrGNrMEIi4E5+7CN97QK9++Mnf+s/44x+Wh8/d+/LvoDe+m0TodMOn5gFZGl+o0rQS1atiCUnAqgY3ok9pci3TAGtiVCDEqQ20PK5S07TLsl7ftT9Gz0Nemu9Pp5WouIxj1gafZyyRtzpuoDf5KoU2zhNncuPwVu5lqhX+ZM8QZSuzS6hrpQ98e7luQ3hy1aNSFRyx80VtR6KNKHRgoGgOQfY0CraZEFkL7cn+MJN0YlaPR/oToEgf5SVh4nx3PWAspy3ouf07owzc/nsAOyLlzDCrQ8bwQ0Xkw58DpCD34F9JNnp8YXxQ3M0rTsnd0VIgEKYWVRvXriOKiieNT00JTW8mavImj2DSs+CPjxgQ8svm1yW6E1FXwyyKYWunhzcPnqF7rwr/8id//ac//ktf8YYvevXJo9YaiLkFyjyrs3lqBHEaq7dKeGduQZA4/HP5UG+NF0wJmEh6j8X4S4eVS3unxtQV296lTechvY8shXsXIm5NHTnCiQShfk8fz6SqzZ2EOrXm9kSjwKosNkxXmO9rDvMLxplhAuc7H3ofgTkqAcEC2jRaiticTWPFgNDsI7EaNBghxg3IWhDgctS+9ohezJkdRSAHOwv81X6IzGA+G3Wr66HQKyC5+t/CKSdVnZaSaCp3ejTIm2CylBJRWCJzc3NozNmVEbzhNRTN6wieiTSQDV5tDrSrBznVgNK4ot453IL8P4YTBXmZ0m35NTzdOkFr08Z8Q/2uvfCOB1/3u5985MfufuPn6W/+ifbiW9o7vqa//ArLLbVpiuSsOM/57GoVFV8TMfalQkGvrjOCk6trqIBfotfdGYPl8HfY6F5201+ZLJFFTsLuR7JXlrpJQ4eZREIcsSCt4G7xiyJzbVR0WTYE4lqQCA9Z+xt+x+OUyQXP0bSIkMxkXmoDURWdJp7MCIYO7YjQXNxTypghqYZqle+dDdYolvbCIJGFqv/IOlpa5lZsaOhPcfblZeMcAuGv5eUV/mfiPZFEtNRrEI6JWOuDr4n9C3EcZosXNqXG9mwlMjf6naUXgp7g/e1Lo3wj0vjBw3b+xKMf/M/vfvwH2r129/p3Pvf+P0ByFm6kASHzRGH1MLujNkdCKOubI3AiJZI31SJDsKHeehliGlaX2Ti32jGvT1Ye8WKbY+44PoA4S1jwL0OHkXOOiVVNECNtdOkQFBoEDnoMewwWMtalD2CYomSRlk2zCjsTlVPvIN0Qi/9cPd7aPzlpDA+iIZnpGCo/bLeNYGe1WKiLEPW0a8PO3MznA2s7jkscAwz1UbSCxGTissCHs6vAHh1Rmj9TaGTe8WAwNQTgheHmNfoTDvDg0x66LzzGk4noHEZPmB/hsjw9kXyF3RQNTTqJUO9E99rp+QfPttaefXD/537zF/7Lv/MXv+jb3nlqrfd+4iYk3Em4EZOciahbSSfRPMbokQvjemcJPqNS+j1luxsedDA8b/JUMtNHf5h0FuqDZSoSE74/flMgl552EZSDwa2uuIlohAVcKO02JB7XEGUOKnGG0lxAl/kzOpIUPFHFCiNrtO4rfhhVl0beRhP8ccWh7pJbo1xpDny06jDgXiRXlpuZN7k0ft7tT8BC1vf9jMvRnJC5tFEyRycyrq6F81yENSRjGZfLLvsrFJ312iZFF0YdzLs3PejonFk/ClqUsWysvICpUZOHGgSllKlx0TUXEMJF2IzmMWqj8/nee3/v3Ud+4fw3/5P+i3/nyV/+v93/tn+xveNr5Zbp7lGXzr1rFNqJ9L2AYgtgGihbaZV5SuJcg57b+cjk1V9TwzTMz/z6qyJF+PYURZcaUVcWpARNaAiffg5KUjjhu0vJ8TTYQtSonpvJWMOBRnqtSPkLWhi8gqZJbME/wNJmHC7OHn39SLr28swwwQoNFTGyiJCi1pllU0cNjzgBCVgFCpiO/MS6TEBVrOQbUuMx06q48TWabrKNrjxxFH2nFBArM5uIlW5LuHMBGAeYsAS74UwZp5xR2CC6Rp/M0TpIi2Hi72R2ZM1jcSOoWkDv+U1cxSWMHxk72DT2qjIJyVzCFDXDY48XE9/je/fo1V9/9Yf/9N3f+rMnubt94YWH3/LP8ovvkPPd+AjSxA7LKwO6ipwtvqCV0y7KWtzucnHX1vrADiRpN0Zg6BI/PeLDqUtfnkvJIHYbe65yzK/pkCj0gFtEAe8UyhU4vtp9POOCc/URNbC4K0VLgQvHAKzz4vIPUUrv/t0dS2HbVRJtBjYRkS69i4R6c47PZM+/1KeSpcyzLYg44u7+guIFeMfHZyLmFeLXNHYZSUxbdOBqJPKM1RiWbWiZXN63vIwLmxW37iMyYelD2Hq/19rnv/T21908/M0nr94y/1d/+6+873Pf+09++be9evfkfO5NpAtx64gJR+781lmny0eMwl/zcZ2luO7IgnOgjL+VR+CMFeb+O0fjKY9gGwkDHyaaCVNrzb7i7rFU8sUU9qVcpcyHhn31a0tvS7QC+kLx2gxxIUzZCl8cLibXcIIR63b5EQk5buDDr4uZ6RdfqNDZrtq0+FmAmu3xQsXtuHyZAj0tTEuB+TLKGq4S6VohP/fgG//FJ3e35x/8k7c/9df77csPvv572ru+ke6/SGeh8y3JE5IzyRk+aTm2NxgQi85PGnRzFO6uWjk2U2raOaXdI3TmETE1zSvGk6iWxGoULgDcSOvjF4RDLmzsCAT2YNRahxqYUsQ0wq2N8MjSZ84wY13GwIw1puaI/AjVRcg2AqVZgoQWLq5kh4MHDsg9CmXbuWMjUmz5gnGmYIhQZj4kJtzwOkTbKoyOPvvFYLoiB0xG1LujBZRZBxGAmHceZNp8EEDMdkwgK/SKAO/C7XnWJjQZZdeoy7MCy4lAxW5IxfjujuIDYhMrpT4jWrIwBgpRIybpbYqZkBDrNjGmdqJ2j4jk/Pj8qz/+5Ef+zN0/+P57JHcPX3zwwT96/93/hNw9VtaeBEecszM0VHav/Cws3vIz3KqcS6jZYQA2F/dAKrWoHUPbyjqbJwMhvYATbpvZ4boAV7RwEbJwokE4GJhrYwnN/YkZJYGZvXTYFlNUPhOWsgo72q8rkM7utBRJoWu0IxKwTy8d0YsBByt3QLnvAp1WokBztTYh3eSsSGhz6UJdOqmCCgEGOlPr/F1xTOU83C6ejO/lgO0zO1b/8FmE/NmFRsv8l/A/u+M+3VHqgBQ6oDI3UtDeT9Q+8con/4O/9P/4t7/vP+SH95+79+xXvPPL/9g//s9+w7u+4tlnHkjv+jCK+4BqN9bmSAyT6urq5Vayki29XgdWvqRZiluULnSkpfGVE56cYxh6M+pTiZKsUhqIPOy8BnDXHAcWsbx1rB2sEU3t26a9790dHIPf0MQDnXGq+OKWpYO1voP07BhCuOjrn+L4TTrj+0RC/O1TJ/5j8dphemuullVg23xjqHKMDfBKTWbSwrj84glW7pWDipWW4I5hUXc3GZlsyD8pxm35sP2eHkKMIEaNJTeSzu3UX/2Nx9/379z+nT9Fr3z89MKb7r3vd5y++Fv5de/iZ18ivj8z1d5nkE3ssx4436jxiHEwARCS2XFucJR5p4840rBV+WZ/sYuSIB47QEaiI8A7gywejLEVMFOYLNULS+pbpQ2aVYLdRrbqmMbie85OyB6pUyAJ1wnCF2/Cs9wokQuhTI0rJmgebpTbdAjBcuJBnMuOgV1im6+EDVYi5hZpk3WzQ/OBCQkcYG6CwHmSz8puXJSDh4XRaKC1T/Pl9gFo0N/F9pBldgKZhJPo7TqgZA1xbF+ftrVc2C46W9tTJorDXBMekqUJsH6qV+bDVePBti5yJ08eyaNP9E/88vkf/b0nP/q9/Os/e69Rf+Pn3nzTP//g6/+Hcr6bkPkkfBrKrWt1VxRxXZeS/BWSFCytT93cQlEnEb13mExIyS9VSYfNw4CO8qTCMHHLTdrW4jAlrBE/Zf65DLrskynGNVc/BWZbdrX88Tj/LIdD8hGi+Q2qPmt2SJo3xlhBC5bRffp+i3Ixcj9KLEwsOAxlse1UIiQjOGAe2X4XGTlo1w5z5w3rvu25+8GwDA+OOJ0EvHXsIiFo+nWjxtrcmnWzHgc8j0NABWeiDtMOZtEsMGHqjTyPEZLDx5Hj3i1jiz2vhIFOJNNGnBwW19YVF0c+qBeA1NIcdAzWftAMNj24A5wmfVgTSv4QsrAatXU6pmiNSMckTU/HXha5O59ffPDchz/xkX/tT/ybf/KH/tw73vim208/+ZKHX/g//84/+jXvff/5fHvvdI+5cWvExNxAUJNlsjBAYzqagxARN0c5UhYkd9Ewhn/n/5kX2RM8RbkQ5Cvy2TW6yj+DPAI3FeONDdvtrrcYRF8cqQA7ELlsK/Gvog9jnqKleQPkmlVGonthnZLiUObP3hFnyJOsAAYyj7UsG0v8RveUDoaDYdqIB4mY4PUOoLvQb0z66d79Z597OIH2TiIzwjC3EuqSkVXKmvJJFnJJ2Kag1wQeivAkxVZEwSgPSt1Wjy8eV9sMxdCxgjW63cPxpaA3dkzBQNq9RXs+GKA0VTn/hOHqQGrBRxtvnYuRE5AXXJC7dBT5J2gu0VjJJOl8ukePP/LKX/v37v7en+GP/SrfPWqvf+vNO9/Hb/oSfsMX80tvp/sv0uk+NXvqQL8OmpAfy27ZmdkPIemuWmYmJkYnIqI2XqDNCFG1WvNYx988GIPoMZHA5vs0F0Ia8kLYk/8BYxFCDhBdGBQhF8OBGS7XDyTgaqsQ/kxT6AWxxDgr+AwzPBlir0lUwo38ydghuLjvkiNM2vyMjTN9xiU1eMxDeGC1V9x7O8pBoxSAaQGxIb36JogWPKhg8p8UoYGsuWl1tkd/oFRFLignIThQA9HxV+AGmXSjK9Q2BkVIJ0Y5JiKzj7ByeNox1tkVod7p7tH5lY+eP/yz51/50dtf/lH68M/cPPrUvRdfT2/+0ptv/1fufdnvoievyOnehNDaiCjHXFzrAsRfo4OHmZmUUhWW1qZ61R4iPp9t/dNe0Q7mbPVVrkOqsZ7Sm8SBoMQgwl1jBdwqlwMD7wgTn3aNYpyC8HfA17tll4OqcIxT6pY5tVjfRW6GVxsUd+MQnIhakk+/C/5MEDjmn7GwXS+aR264h4MEXICU8WhZa+3lJy9/38//rX6S28fnc+8iZ9aUkFujNhWCuQ3dUoMl8//KtuB2IKxlxQ65ZnZ14iqUxB0iodnCbVvkf5piGwFevdiUC2Q7iHCCALgmJm4szYYShWhGLAdTF80eY+g8uBaLvY57NIEnK8akqIczZZ2gA7e0h1MLQqMiJiTd+Gmv8DG/o/xx7jl9c/LCRZRi/yOnCaFN3GWydry/tp+lk/QhaJ6Ejuf+qPd+J3JzPt073f+BX/jh//QH/qtn7rVn7k6v+9TNB+699ctf/DzufO/eDXNrfKLGjU+Gm9kXkS4yE12bJns3wZB1buzcm293kC7aIJi3cKiXtHlAwwytMPjwKxCuh5hEc0C1mKRbIoHPyfC7Ngfr46bEikK2xOUrHtxmSMOgf+i+WdYAHfJPc7KOCYjflHdmHu9Ibu46WGlEDpvxc0blxJU1NBltx3NkVnticGB6IU/DyBBHPwkjtTlE48ZMTV/rPAcZ1Q0SIe7UmUTO1Pv9e/f45vTMG97ynq/9ms995zvvP7h/0xpJl1nhnriLa7wZWCakcPl0E4GvlzSl8di5XYpXR1t15i4HHo6MW/Hh0PiygDqcmAovNPP8w7Q5rtbiyBByVE78cIGXaOGeAUz5Z+JPie0FlmrQHMbyDIHUlpg+xzKETnWMLtQexLlmImqNiaSfSfqwoXw6UX98+9N/7vEP/sn+iz/aPv3xdn65NZKHL/TnPkcevJ7uPzfH7GbqexMiFlcWYvLH2ZDaMbAaFLElDRGi4e5lvGx3PMQGdRbluggJPCEnaoXM2C7eGIIEAsuri2Zjr5tiMnrr490yauOjGY8o2oShqU1oPvpAbDrYTl4lEBh7ZEQyl+etXGtN+tQUKBQwMwtbQu46MwcV627j2AuFLFhwxk7GWT5DokDiCogHMuzoD0GbQ9pHaNQIWCObh5kXNcVmMIB9RcF5M50kT+XyubO2iokt8vgsm8lle8mmzOGdm9MaE0nvpHMuUZ7sxwzHuSnyzPMBaDJ30OFZWLa5sI9nzq+fRMeqcqYu3pkn6pON2NjPSfRuc4p5PO45+crztYJCdD7L7WN68on+6Y/S40+11k/PPuQX33T6gg/efM0/zW/5qv7o03y6IT5xOwk3tS/TVpgTIZVum1ysau2OsEwYqFgO0VckltZ4rn8OWRmeb+4aKLJeofDa8WVYL5jVLg2wScSstUA5XFxd02OcOhzFli8WsJPZ2XVBhDFutNJhLJnqtqLgGYmZKTQG2mqhsTjGZM/XNgIEyDDnXyTKPOUOw2UUR5tMkdHDedSWrAUTP+m3f/5nf+Df+FP/Z7l/evL4LP1M537qM2NoJ5bGrTG1xo2NuZZPiAjPiiEKVqBv4pAzVdemMXlzutjKpTqnEiEzzgRajsG9+Zthgmca6OxkjcohdlGlUpy6Gln9Rwl3oKD/nnDrNOTlV0K/MFwlC1NTdPx/xpQl3YQL7jOBGSSkzpmtOj79Z3cnop+MUpREFN35pA9yygICC7UmDmqlWNM8oLIT9S69Sxdi6X3GK0LCbUrjmeWun+nRmYVv5Xx7d/vw5v4Xnl9670dOz/7a7e2j2y69d2FiaafGbXhPLTHOuTAh1Klx3zzduLFYqcA5jNm9KbVM/k4/pGZEbFx9KsAKDGw+096TY+8GJrVfwbKFmfVFaQyDlBS7ZAjYtMLTLJqU2yyOxT0ejWzbfYRIrpVKhTkYxHIwOppbk4apR6pwwFIrm03o5G14ejAm3Zzm7sOMOWvDqTWqQWb4rVAihLwTuLE4ZhkBPzdufGrNIkJmauP1J106UT/f0d3tPe5EfHru4Zu+4Ave/gXvece7v+wrv+mDL73w8Hx3bjwWh5oNS1oGYhQNdee9d4KfyRPtAghZVguxl7eJBOJdLlcvtS4JRYV16OD8UwpdY6uThHVuBHEcJwWKOMC5vlQdDncz0ScusyBk8XICEGk2swwXbCjL3tGwWDKxvKwthizSdS4ajS+JnFr/9K/c/dxfffIzf51/7Sfap39VPv2b58ePoFrbWObb5ckiQZqbaVtrTo7nwLhaJHFyCDyMwAXwQKMXT6WclTNRd8cSV4Tnv52EZ+F1zgb7eOoWTUYN0w7ecqqz4useagAQ9UjVU3FjICFqJEPqhXW12czx9J3GlWnELdcVY6M41tZ/1h1Up9yOeX6tVIk1MFsxkfTsXacAiquKgN13PotmZMCKQLvZUxkeQVEQzT6xz1hNV/9ujhNFF17Ia34VfIkyQ5VBOlsfrdAJDauvQqALpDCMiSx4TNKiAbCNtMINKA2Sug3gsaf6R5Vb5tY0kRSargVMK8GWW4AvYQFBZ5KZrO5ITCfm000bGQQztfvtwQN58Nzphdfx699Bb3//zRd8E73lq4ga3z2WdjPLPe0GSlaLgpqWRK+RFjPnT1PiJf1RgNAmugmOz4YMCDfY0XmyP9akVPvGd1WVqU5l1oNjuzJBqg43GNm8Sz7PigdXvGIytTCgSt6bVBm2+LjwyRSXKzxldk75NgBZT2Ds+jwORIdjxZdSV51piNhwXWPbLQvJ3/ilH/k//JV/9yP9k3evnF999XFjlidyEpbehfpc3D4xnUbtzNM6obFjd5qcTrMsihiYryEzRmqJOKDHxJp3DrsvAgkrxsNjj5Cq/izBdLMSMRxwtknTqqiz2V0K4izwf5rvDXDNh/KR78FmSk9gExN3CzzmLihIEMhtrQcnRCKWjkLI0iaTRkALiSdWXXws14ppepmalVMC681tCI93zIIGTZ/CQtIiUyFImMnHXPhiI4aodx67ue9EbCusIi5Na84iJ269s5D08+1jevZ173zf+7/gPf1XPiHCZ+okwnyiE7fWmJnGPyMXnZTGNVDp6lhEfS2oA8/nMyRKKAQBGM1MlL2iqyxkDyOUqerMUICIEuOCC2djF1SOHFUX+Kz8q/nQi/4HaiFjvYBmEBhkZkS5EkbwEnrwwerwtSOFHI+5cgbDgU1MWlQPJiIWGuaF04vutDDSjXqbxmjcfHMNTqrbgU4418ieRtxaa63x/MGN2YjsvQv12zt59RE9fvn2Yx9+8tFfv/3xH/mxH/qhX3jrO5/td1/1Hd9+eubB+cktn9rU5GTTqqPwxRPfo+1V1zhZjCAl3+Ki0bWHiFyFQOwEqKxdL7jM0U+n6gDOZ+lg2Ksc1L5EdmHHMSlhxh0WQA32ZixPzexS6My3vT37lvvv+4M37/ld54/82N0v/x3+2C/dyFw9U++IpWULfudWG3WXPo4Lqi+URiJEyPbhqlknT6yIIDyS+SwFqaUhaWbXmg1mCQnyl3m04cDRoYDD7naJUSpY0yST0ziQ+ZrpKIc31ZVHGsZbd8GM6uXYKuTBBvpOCwUwAqC5zhmNlj1nY0QOgJ2Du5n40Iy+BjP1OxC+UVHUtHYVB6CTcaHHwxGyQCE4eL2d4huIBnjOsocNEBjpYKzcE5MKA+drElN6uioUj9UEYcKn15h4PgRhqke+RFK8WQx82kC0k5Bu7TmTyImE+nxES987O0FZ+Wks5YtpwalNklqDUWbrMX361iAGtjLN+gtB4Q4RdNbziVnXM4lv5HS/PXi2PfsSv/R2fsO76fm3kZA8eUx8R6d7CuHQ0iX3F396xhhh7PwOGjcr9NpPTD5JndSNM8rMQRwR0wN7RVIuIs7AgAPSkYa0IrpJoL0LjBtQkQ3LgmWftITway7eYpVXHVM26tl+SgCOgxy40rXGbFciQ7DwgPskpgGIZYnipbXMWxeMdRaiUH+GgcL6MwGfo3fMNtpkAUY4k/y9X//xv/HTP/i573pX+8T5c55/XZMbfsB0HjF9nxrbiJuMJdDGc8clDVzFMJ8X/R5w3FsRvDbcERyhspDJJlYiw4qnTPMwLZdYHx2GzSaGBXldi5ordRakhiVQ5bulg+BRXHADR2fZi2ElSqnGrW1sUKaZE2ORjQrM0GKxXvH3gqvvGGe49IycdmznVVuMA7BDbAal5y4AKUidWl/NlsIAInNVMr6PTWS+oVHGGxbn7qj5MBETc2vcTsytnZhv5NTu+t2bn3njH/jgH/7Qez746d/4DZrP7usTeCP5pKmBqkRuAKdXpSAo6xkb74k4GmYmAMvkdROz6VDcTf7cYVCIANjsmuoCVPnDRMwRy3qhunenlBfyVBM43XVt1Nm3xVsFLoA3wRwbKLBKVjwX1f3pq/U5M2ioktJUJTLKbjASC6MMww+tBYC6i+9x7/NBKrAM0DqRN5Ytm7rB0YXUvkjv1M9PXnlMd09uP/JLv/gX//ynf/Tvnu7fPH75N37tP/r3f+FjH/mif/L38819mY/D+DL4FLCsagQle8fJ/KbEnUSB7mse/jGfUrkAm77pVCu/kNy9dR9uQFXf1xBEC24ZbWsAj3cZJ44XP3NIbNcXF7/pDihhezhf8pYhmPGpFvMaG2xBFcwIjq+7JaPrBoottTBlY0t5VIsswB4qxSx8kn6mfsft5uZtHzi9/Wspa0sKm+or9RHMAvhpdCOTlbDJIlgIp0nJvmpkPNZYKLixSMtiasNRzlbZLA3xFAdIefIeqvFpeFcYR0gf/Vmx9HKmCLHMb5AGXCVKcfRgBHjJhncQhSRYsp+OA465iTNSl6qBJyAL0iW0i1PjofEks5vF8VXUUdwUaKX2kCsBC7gJmLvF/NosjTPMAgKC0RvnCTk/EWE63bDtsSJWnN2XFNyZA5iXFEwXjZJZ0Rhxg4BVS+5/WrpgY/EHSsgNXTq8Jmao4Dypy+eMyUJpZPrqn9AvpiQWW1xEeACAM9b4z6lIUyEhSsmXiztPhUF13YV1rfJTmCu65GUPkYhyHE0DervUZcyNO/A16XXuzGqagX722WcePv/c7auPv+SFz/tf/LZ/qd+dW2siMvdLjhyCiYhamw+BtsY8Nq1Jt7hrZAVNA0/gmKrf2HwlQABMO6gE/JsXNQeAHnAbMt/nbwsz2UoFM9QcKe5cqgsRCkyqAhUNsnx4pGiA80e90RqS7w4KMRhaIzMdiMTcEjTtpKVDExHCDNcuQ5rux+DRQEvxZRQU53NnIpJzl/EgRqdut7TzLGjz/DYWFjvBTqn0CZG93kb9EI/bA05rrXFrrZ3a6UQ3rZ1Op3un+/fa6fRce/AFz73xuZvT829/s9IxE3F7lb75byh1GwuvD75Cj8i59P4Bk0TVn6cAvxtuB0uKaxsgCclk5hEgNpsXBw9X4uMZrzcK7kZEMozdIWQCFq9ydb4cR4HuTPT8QdilIIk23NZeGTRYz7oItXbid7/zi7/8Y3/9L3/kR/7Gb/zIP6Rf+oWP/Ef/3nPP8Nt+/x+563d0PjOzpGoGKGuBPbiJlIIe+I7yLl5kUE+qeBTj1igAm+RhpqDpNUXY+BqNuxh1zrGI5s4X7BrjqqfRbh/6QosN0Kp27JGvx38rxOWtThKVY1y0J03UpNowcy2rka4anen2sVpri02z+iRuKcL4cyERV3GsTQ5lQ/vx7yHU6kAZgNhdbEQN9yWxzmXNa2groSvm3izFcCFgA7Lq4DGb2+NAsb56tc8ogTytyF9/RB1e02Ky+z5NC4gkP2t3zucxnKLAJcEOJd/cJ2fwB0Pjk7EcrpARdlg9CY05vJGpPlSkhupzXIxoQsytNW4SqHSQ1fdVCnaIk3XhkBVjLqbi+LiBYqR1Fl8ZASa6gwmR2ohjURdjDHKhQilrs0FXWjil4e1WaGn7ii8xeYI+JRqSW2sp5OtYAFOp8CjMI7l1CbegNEbVmWoigihhB4Qvcc9pUQynbYslZJT0RP4Kr/w5GAmLpzpgiEzFvnB7e350pmff9vDNv+/Lvu1MvdkDcxom/tZZwP/++P+TQ+x/85fu2U2yJSLnM483C6kz6hatXHwCDYTc3GUVlnwWDgxM8OQpjjomu4Txrv1B93XEg/av4VgNxFUAn37UyhKtdEQRKDlFy/WE1ggARJiltWff/taH/+QfedO3f8fpT/zHH/3L/+2TX/3VX/uzf/ZzPvAN9971xf3Rqzc3N6QlEoMFi9kCwwV7nhYYS/fqWEGXQD4C3F1cnMgcVBlwEHu53/SXZ1mf/GYOhjSCjANrJIV+c1l0XUmAHBtCtJjmhZSYfMGZ47tEpmPTgGHONQOejlzYf+XeOSI/p9y2FgqHhMkXnJkgt7JF+WHnfN8Fz0/MIj3MTHSaT0IcFDaIi4k88t5CeReIs+i1HpvInJfz9FbVy+PihqBtkwuDbmH7PC8gdsbUjtWGxCCOy+u7eSwdy4rYbsTXcFzi/kW2b2/sje3a45orr/04hn5wd51cjr+PsQzG3/qCwdEtzcMeyNz2VRYwSzdhRjgsPdZyKvkOOKi0gpq2t4zjxq2zM4YppjEBlSyiIcPBO6wUrs7Pd7ZAUhdcGVK0f9H8Mmr+vFjYPlemfLke6QiFa5r6ls4sIT7yZFmuj+1+fmfNey8exbp8Tt03/ZAtA8nxNq/q7fbm9Tl3sfsyxFzlNg7FwkQ3N6+cb+/6+ZOPXm5Mp3aiUX5VeWFYUISI5JAWHC7xLdrneenAINs8i52HHa/sb9OBcRf7zBhEpRGEYPPDvArPfcTIZ2t1uKDsMz4KjMWR3nTKdjP8HtNqjweZJi3o7/ytvyUL2uF+Q4vi1RgFLRsr0kOe9NsqzCSnNt525WsPFtrpOL4tZhOKLf47VJoSTckvLj8vxh5H8cHVx26UxWvnllKQW0Qva0xVIrCQsvre4sBe6fxpWYLY7pBcWxKYF/dvtv/IsLHNCuanXcQKZGwXNjfp/Xx3d+/1b33PP/ev/MPH5w//Z//F41//9V/7az/w+V/wxecuZxF4d1SyVlaGVc1bsscy2zzYc3tUSMWLcbeSsWi36ffyLt+kD7bTLs6LbQY7zmlD8LTIfLquQU4IvDI+yv4i/ABAIcpYg7UYCMzQMGJOK3uTNOHVnZ+AUGpFJmwHkkY0v78o1BdR3evoRQW8OOFr98Wlbi+WHY+7XGMxFnlDCIUZOMAh3sqDlzb54sWD66nNyooD+5ZalsBXDh9P3wEobRxgfAb+LY/+VFMT+lwh5xfnZYdDeRwjtvq+yhiPpn5/VN79OaCw3zZbpM2RCo4U7e2ovvmTCHJ5FSnZs3K4G4LILLR+DcKhLJs5xuLVipyNmYHyndMKm4L0weNjXLJszPbBNdVrgOUqKwV2Hi4h5qN8EgZvbycyJqhFuHi4vQqblZdJ3zOL1+YYc3emvnrlUH414pjIcu/SeyNup3bTTjenRkSn8YvdXWux/Bj2f5dHCE8mPRYwZN284qiVSKp7/1/CgWuOZBfhfNomQQq5EFuCjglOBlmKnmciORibD875ZjJq8JIKgsAMR4WC/dak2vUWM5K1C8f2+Sc83HQwnDVZZeg60+w2Q4rr4a4EWgZ9LW6jS9SQGmv7tRKSLszXNGGQ7A+xRZMLOEdnGBHYvs7NHQXphtyq8ltxRsppjRcZZNICfESrpN+v6RM0wiJ3r7x87+HDF9/73l+5/199+jc/+dEf+btv+9DvbC+81M/ndmobKKpVmDLF5KV4puO6KufqUILzygwXbLb6xOMUlPHtiIstuRJ/TCM9NlpxBKMVuqSVzM24uZB5AWG0MoeqGmWwinsWC+eIAfDhqa6cYaLxakENO9owM5NOs23zc7a51DbfnGLPQ4y+3ZT6aGyJJ+wI4V1BstPFAAXDjoMuTsPaRleJ2Yy6CdHsEoUjwzFM4j4zMlbkZpQv4tCO3hHOR+oxxdxYWtBFCbS7YRwU4My3BbK/OdDx0dptoIiCQVw3DoKdQtUqAsGVXU6jIq+gzStHUWwZiEjEqcQ97THP/Cx6KkAP2V0pRyG8K+65MBHjQLu7mfcgFtpCFndYrb4v1ioR4H6yCLrmDfgImI9UrA5uUqgFbHj+09yMLLbEH4iP84NBiIHXpc3QIOWQJXkgJe72OL6OaNwu0c4ZL7mo7dLadGW7XXbfDDbXcNr4eu0GXawlExE+r5LCoG3IFRibnnjxW2gmxyQnCGoEcGVzcD+PPh3z7ClE+jkkISE6C0mXu2nJmYgbn1jTzxnLMZF+GIls7p9qOfize9Qh42eEVxlTHAz3/wNHiT+EXMT2ettIIatdk7pvPU5xF77CipmKWX6/xSG4BFDBFC+RwmKoo9W2yGyNr6twEeyDOQo2QylIAdNqbHbr/OuxiujaeIXGC+XZLW0FNZupHBrS7iKvYMvk4fhYsyyQsDRY0V3WiV7iSqaZoSTTN37ZNxsCqD0Zk0s83kLJbXy1hc8PHj567vnn7z72iZ/4sV/+ge971+/5/bevPCG5QRXIL/QdlxZ/mrexLD8JnMWQ39Iz7razml4fE5p61ZjMvaEDUopaL4O1VUdmtgVSmlBgU32VwuVHQNN1K2CljDoqSlj2NAEIjtLEQ7kVqu08I6lqXxVNJ54vEtUhSiLTE3Ii0qfnUZoS1s4G/96J+vdyTsIbTfUlbHT1B97giJGKmsYAx+wl29BgefQfs0BC/u7+ZNyilSIjELrMT7OsjBcY2oKfaG3Q1AltxTk7lhpbg8XQJZAOP5w95tMSLPtuSP6eDfBN59Gz2XFfYJbjkNogoiKlHabiAUQumoW7Rmn6yQtAgyOVKC7WsxgEtrfFqgMM7M9cbvwV3Pdrou05/sy40DQg0S+NyWHO7TnOdXoDyaQJYpz08soVc7Z/3GBRfCvGklm63Ioc+Br/Kf6TRv65LH5uS8tEYw78xQYwzOXwIWWS2b5DGnawsnewm7cg4coVwostKPuJFZkdEE4v/VtuJ0xMey/mPAekCTYCjueZrZWgGGmNXEUxkDn9wiRdpN/d0RORTk/kjogaN/0cwYh1utsJ9Sv6rUczKNKoONZQti9X1oOrUHOxzsp5WKKxE3XIcfFqg9UkzoIWDqBitKt237rPWReAs9rn0cgf0cax7KL5BV/HYkdMKSJ7dQw+TAmYO5zywMUECa9Mca5LqIcMjzND9w3rZLnGUNJaXYmzWO27FCsbcc4CvHVfUJIPV5zjx0VlVVrUxMMsa92wRQRfqFQaj4bniPvunRoT4GL3xw1eNhyuyqVCJI54ijVGMwjNmM19T7rQ8rMnWJfNtXWhZa6MA1hYv7LOSJnSAYn1/aFwl8O/Jmf1e9KLYZha406duoi84Qu/+HO+/L0f+0t/iT/16JWPfYqJuoy3sc2264HIXJO2eUdIPjeoFSnrEcD4oain2hkEo15NxRqd4fxehBFle138vLgVGR4VWWGDhaVFJah2oyFbzu0XifTpA3vBoTVuKvZtBnMjj8QHQRFTWS/V828OSyfCgxYNuiojY6uRIbaPsLaHpPg6HE5/RYk24PWSNw9WGhC2wGA7qv2IHxXVSjujtAYXtAyNPtLef82ZjY77KvSKqphaiv4/BR72b2IYR2jgeEJAozTAuOBSV84YaB+uCtm3riYzp+Dw0u/YBKWK6QLZx9xpZ1T2dD2dOxHlRBBMnRCRbSYJvUMnUcT2Fjo9mLfhL6HNL9Zm2Q0U3pXlcYw0eHrALDawn/7+IVFDNfIEi0aTx2KVk9XTpHLduJXyrqPkswo5aTk3sAHOYGLQxSkfecSJamKWms56yjPChufO3a7VXzwTG8I/ryUGcOarM/a5yp2bAIU93Bo0q6kd74fQSDoywuoSBFyIRVATUbCKwDAREhIR6XdCt52E7sQ+j87M3JiZWF/9gvZESzuQZICJLGi3zmWaWjbm6iKciuGQI2mTnyL+DBhCQueqFJurB55cnIvBES7HehOThAAFqvNzHhk4yqEZk0jEhLJWiY+iHkKw2Zi+nTXXErtDZjsTP+EJ16u8vmfBsZruO0bA0HhjPImI1Ng5CvazeCHjHA/zXDND8370EWIqgxM/P0c5Q9pyF0bW3MhbMpsDhaFyk0jyHTk/hKF5aZO3UCLnxYq+7NOVplq7oG3hWf+wfDrOFxVHxYnip5UNje7V/0fOWLhl3eeMIkUhaio4I4s/BUO6dEzM5HiXQNgJmM9xLoSZW+uPn7zw1re+8Uu/7Nf+4p+/30jGOwKIyY2bTB1USk2g1aMNVEuuF0RRQiM6aLt1TXETXIKPdZDZxt/Az6DmGdu6e8AnR2hWF9uxBRdI7VIOYHJ4OpcrE7vU1Oxph/BuouQJAqGD81DPzDKN+S4IWUYyVQC6NI4IzYs4VNIdPZl6EWI/MwIT0xA4TVNmAg9D2ALL/I1G1SVB0Y767EXJ6WXF5su4CCVx11DmvJERKl1swZcaMyePgRHsWpbQ0+bgJD10jqyYfFJBQSYkTYx2JdtKj0dAVMh44D/slS/Kafc+i9Wyt0TPL1zGiAMjeXF3bqOyeQIUIENVEQ7aMSUThNEiefAmhe9WyzF9rht3dyFJNdCvsccgZEP5gwB+4gQN4p2U6CaTU2D7ejO2Mm64nq2pkN3CIplEtF0ADY7OM664m7i5SCTtI7wr6Z4yXaa9KkpWhkmIS4BUTyDjoPpz0HIDxjS/bxaxT8d2NW/vJ9AYFY4K6EmElQuPBsG0wnTLzG80fw4Kh7OL2HKlGWVFzBZGAVoH2uEcWmKDZbj1YObxXVyTyGTCBswJIQdqVqQKr/IjWuUrXUG9k4inEiQyPojSz53OQkJ3cqckYg4XbFKEXm48NpVDsUTPEwgMbkp7ahfHN0GYnmzq24rDGDT6SOdIJCNNQWgBoeToHzdgOrpuxiEuFvUNRAZnQlDBB/WZhiMtUATSrcf8VAMSLcbRaYAiExSjRVdQyKOCc2gSDaZdx5rmQK9gY55fnVAssQo5fQxERTbFwzjvUgRXLApMSjfjspinJS4lbU2DLrY9W6cDg1ATAqNMIRtuaoFjUlejsuAMZ4vZFBo7GPCGC7PecH85f2iAR5gouidlurCHxZbfCxz1szCbvCBbXEsJDgfMvmkHOWiy3liR53Yj9+6fmeR8lvnN882wwXoI3pEwM0cPXq4SVVJxjVODDKqW/C0OgO+aXJVwjhRBipbzHJ7gK2vl9lM2y5AmoliRr7LBLf9FFrzZWYA+AJPPdGWTSzORfn13hHzdmhNDJRNzXYuSAptT3dHC3r2c+A4EiIsiikfxF+NDcdBiDZPcmFcBacgMo7nnqn6lmmtMEIxKLA+Dak3WWuYkS4QxjsQOqUaT0NnVXDDtt1srZ2z7LG6SdImN1jUywQ2sIbLa7N2Byef4s24bXYg10oQt2tIbDI3XLsvBaQoOLE8QBs0X3JiAs08WxnVHO08oHgk7Kt4SPvGXLXX8h+pn5nNUm2QPpNIlM6QAJKjYaYhsRWHKLXFGnrj+XGHaeTxUkVqqZiWxGpi02CoeIXz0bmuamrpdwBKGx4tJS1gkFFmgzLBUDnxGHT6MxXs9x0tRjJ7iQJSMP+VxwUNfijItiq2CgE17nrGfYnANeRxc3Zrmrac0ZXd856Kf+5mCnKAjHOizTvoKqTpgikEdPH6kwNwQDeBFwZ/rGBNVsWGOUBlD5tjHz2uiVk9QApDoVskQK8bZh5qacwO6a3BjzAQ4qHwHrEDIB4q/5KG2pXE5UJV0T0IBcDe/waKaOqMr4eVNHW6LOX6PJfCntKp+NjwqPiqST4zAACBqx/UR/MFRFwU42IDQnLYKyItMzOubuVZegHvzBVZnFPaG0kaA87QpN5Wsu0Z2bVCvaV4e61IjkA/wKqvwkRC3xjc3LEL9zBrkcNgGAa0vXbsuFLuKt8H4xAgmjljz/uhwc/40M3QAbwfoqYDPzGMJAJckJoT76VYW5PjPRcZX9ll/+BKiVnDcnYOxCiFmUfEoUElJ0vZgdCgafy+1bmjuEpcCMI+eF1R2c5bZV7BaUnCISRV4VhQ/ilA1D0PQs2Sm0VfogCljQGVF/pqjNixY9L/QX7Hfpw2Y6wXUQmiHoRWn2y5pwuIWXUcuNheE4Ws1ONbUazzjcexNRb5wESSRMQB86FzxtSubGs1rM2w7KrAeISrET1HyO2ZOEgcGmdh0CkKRdTi7c0YLADbkxiq1nuC5YbAFCQdX1sNyte+A8yL2LZPZGrOplada9uE4opNWmr3YWBQywFtAaZ4mAAGx2k9ErEgdrF2k8mFlsCBswVNeu0Tc7e3zSxox/iWy0kpqc1B7ThU4tg2H2tZws9qp0ExBpUvvvVeJ3Cy1sXpKJTdNO+ImeDHts0ZsYH7xIvzcBalIZmg3Kt/qqEB0MEIUIdy4q68yUK0Sm8OgHbaVNmFhXFHjpl5yJEdCZChaOKLcA/EVf5UE+4YlF0YUCqfdxsqc1SHBHOT0hGNegno3eEA2Qe7ms5tUdbcNwWE2jF8Ca7aAgw3nDMQbrFK6kkwWZypxCT1Mq0YFxQhc9a40F2ItDU/Wp8OpTrpyvTZwKZIcf0q1CAZGfkIBRZwomrBmOznQWNheegEDBnIsFrA6FRRfiqaNg+QsJK9Dj9th5KVPoB3Xg0poa5diFL8l2dpLvE/kJk83sJGWV4YASGeR8Ui7phk4xUNu2fkS8yIbvXSIOw9Fq8EUDeHHH1OclfAr3q2AwHfsDdWKsOwkI2qpisVZOMdqTzLvxfKCmcHkqaHsNJlqZrOMMaJ8BbA5toa4ayo5ifjiiFVp11mwmEPwXUSbTGYu4OatcmO3jK3JjY0aLioYleY8uwqThpFPlZohdBLCxtSxnMM5Crrzta/tvlFZQTPrnC+nPsSZQ6LiVMafK4qCfFjluEwLOUaSYttWY2/UMiJIDzZWTmh5jbc9ngpLiUmbaGW9e8gg20sZJfwhDMaWKzgnbGihG0xOXAIk95V7W5F8X2lYSgdR+kEnWWYeuTZbo7x8b+8XVsEA4MUo1qY0s+v4Jt4CpkPmVjXCizWQymxjQDkkUwWycB+ZVwATJIry7C8beZu2hACknqzXclz0Tquy2cE6UR4qXfJ2V5Z1D+BcGOAzOySKXpEmBVe5DYbogIQQ2wE5m+aXi8/gGdDwpkGn4oD+SJ/RAIRwi00JqFSYLN4hVx+f9khdd9QjIaqWfglMiTrGeBmIYRLmjZiDDVs3CXGUfrscw3XVcQl9w7/VrQWJo2OnViFxBW1FQxuNkQ15NGi2Ck5OxgPDuLV1EF0cugKOv4/ESyJXsb4TwNRwDqTAeoVbS3q9dgepjPXRp7Bm2y/QJwR8LA0K7WJUjjS6eKc88sGv0Dn3u+AOotpE5EX/Xm/t5aD9xiB5OhOSa40bBJkkLGciIRHq6qeLkCFb9DX5vJqgS409Z7oK5sVWRfJpCQVcSQJ8xbhoHS6pT4XA6FvIxJTZ68gHdUg38mmOWyMm2CYy58gq7d+1CqkbBPujE2SeNmyw0iv3gifbB1EL5KPDkqswjtsZv1gNmqvnwepoPG0nl0UCXkZLrq12FzEIJektxAvDFaGUnhx0JNJEIZAseCvBlp2rwktx+i8gcHysslOhxfj7aczXlUfK6Eo7KXq16h7aFTH5UYenxrW8fFA6pMTA6UL8/GlGt14lalu6VqmqTzcXbqBqFbN6DgtSuzKkth1qXjiP7PUVLEbXufagg8XZz8BT3JOs3pA7Wbrkqon+1kLmvDd+H5iYolAH+LigK1as5IcggnnWiKwKqCNamyLmXg4cIt0gmh8hqqmAZ6sq/02jNkQEzDGo00zzdIAyUsNZBRYvj07ccEKFieZ7lB1oYKkQMdR9NSoztElf4qD0hWgYCFwfxhgiG5Y4Y4jIgLghnAunVtRZHRVZCRCnRSUfjeBS5za9mAyanAGMdclIJwXUi200DquLMzxyE+NowBHjALBHDoT1k7CrDDJ0WMxFIHZiEN4zFIVQhqZmDJP/UtuxyO0FH6AF6XE+B5vXF3KsRDovi3/ZufQ9M4IBHFdW2YhkFdaNUidjEuxGArhYyNF+ojEmfCgsFvUjkBWBiWSoavnbU9YFooAwdhkXMRrAeAh8xChEY4P1SCHFaniPDzcooOVZhsyxJ38BOJi7FJhHhSbTLOpXlHF0mdCsbacuJE26sL/S2572nADSrjYbPgVVyIfVh67V68WwBVUNRhsZVUAIkHYpsdXU510w7DmdpoAJRRdvSxY7RxyQthGVk0pdCjxIxPU9GWejOkpC8uebx58wGLTdE4s7cIQZeIV3N7bNKnFsvNTWF8vW2f5UykUoV+xxijfL5BYjmuwp4bMhvjV3MaqTKBQJt94e/S50mfxrfEVqJFctcEMXBX40kukklC4071FHmKKOqKuwXjxoCdbXLXdidTKA6IOUxyicgYeDRbZLHATepwQjKycJGZKFM4r6ZM4ik5GDjLbLZhjYpDsXAhjGrXb7QCJZuTAd0Tzu4kMjmOM658AIwbOLvZmgCRGFwUcB/PPMwiimDox9jTRtwPZhJ3DiNq5MA8DGZHVGFqUH25UMiy1OpqMwrYg8ebEmcVMJJ+SYxX4EC6r+/U/1+zk+QN7tUmrzBNN8m6QuyLlKa8fVpk9mgQDVQnN4BJtYRXirKISWGi0JStxyuPTsMIyxknF53qTJIpRcdBfr0FkmgLDgqgmElQrZWo/U3Tygi1Jqb5BVD9r0f6y0CYYUHL8/JGqaXY3LKDxZLrgcHBZo8kVCnaA9W8RfqcpSfLlKCecNpPQkd+BT+B5P9NBAHiWuCzAhitAYbl/vmn2U12bRYiOfnao3qROe1m0zFCKbVcODM5OtXe+NJPj3eVQAogxde1hdI4m7HcBoFp6TxRbdxTYI1yGwJX2FDdwnM+Hi7i6n6+AGkOdBSmzllufLkpBkSwCusRPk2YKnoDh62WfeBjfu1CkuM0d1PI/cTXn9GPXcS0eFHwFlvLHkbEYT6ZRiGMEGJCM5NIiYYNlZmPq4YCEEw73Q3d9TSRhMAmLGhlXSFGfw15sjKa+jugEb05YMbesoObfBTCMikMPQQrNWqWAK2s1EEpqtmog/U2iYFM3EQOxhAUpyBIY8mL492iY4cM0z4ZU0GIpcbDIfYhCeh9qOXBY1KuERHUPM+88RIbw20MxWDTPWZO9ueHNbCSp9XZ47sigQHOeB58rKwyvXhvNbJVlj8UgoGGGxZrBp1cwoQAm506QAbXnYyApzpcG9wwi5oouFlIqTzQywRESD4cUeXxWZD14ZrgMFUwbZOR2ouRSOAAPgMUZrzVMGxJBgBjnwIY2FQh5js8MvGFYpDI4VBl1yaT8BOAwYZnsLlUED7l7YUq+0JwI+aBKQx2ccdIZyKhSxdapB6xe4MgV9mgTUlIBG+oBFHmNF2S8aewSQtvTDT4oDiw2JyLJUcCGsACBBCJgN4JUZbDCpUiy4HxxmlHcUEfMuy6paXxhsO/GbDtdARTie/l8JkYmZ2wid2FjvYZRQxx1Ws1MhYVm0EmIHk7LkVLuGa0eHsNiRYL453or/Ks5q8yBjCUK4ZJ6VYdhgGrFg/ZXxYr1jJxlMItEup9ZGESs0mNJYNoohUlkaSyGPgoFOBStmRwlttLBcAFyPrFhmBdFaxBP2Ey5wSwzUCId3uPCRPSQVvMU4XKu2WNdMBicP5A5vj8wiBfGKsk5t/gbL6Uet5UA0j3u1zYtgUtiMLoCMNhE6sreAhP5VDZDxLj+QilgOiLG3KB2XCWH4awAmV3j56ucGdwn/BsndkZsq3xfKplX/g5sxo7MRsis8gg8WuH7WUfA0I1OkZwvk+qcNWqK3Up2SLrMlpfk4NFDDG6Jchd3IwMdjhZ3iw6FX0YrCXDDsj0gUWaMphkt4XSVgM1ebXYkjXXp1/ot9heNEZxxIYgIQngMqJAEsgl6Af6pjKzzZyMcueIhM62SzdskgVJ7QPmmDUCMe7NZi/FrHkKggjFMQ6YnbmzeoWldLKsJgYIqSPF0gfTliaBfCiYh+CEBMmFfRH5Ny6A31olQEXDiyIYjSyFHywHXWJlFQ5RfLnsjS6YfpQ27FyQwL3YDj3Adn0VTGLh9FfUdPighzUc05oXF0X/8EKwG8EGOff89d1NQcFL93BjOYj5EZan0lUbUSTObnF7CIQKqOw2Rx7r2x1hJrDAlgGr/Mb8sSwkAuAQooAB8IyzBxLC/qQb2HVbtE+wafOMOqTLShLev6IWDiq/g2dQBtXGvkSDAzt907Mg3C/kahfGCYI5mO1DqZA+lDNJJ4QFcTyGniRMXLJsU0wnsFHfI8WsG4SPAoCUrsprsmiGBxhMGA5egHy17LAZNOkxOu1E6veAiVv0KQJoIDCkk7QkaXvKtumCbSlyUIoF5mhoGOsHAadhKL4EVBvlEBCgnJPFHwdXQLvRDHVErwl5jr3SCcS9RC6jvJZn8uL8zxtF9WBjQdqa6xIjbMhUqj67LY/nZkLEQ9vOCsvjo/MUHqL8CfqZ7GF4Ypw7fbq4wVlKzO1L/IjQh8GNgRlQCpgPrkHxE3tLE5Al7mK5nNTbRDbXzA07Q4hr+gIUFTpgtnpqZ2NEYTM+icE7+G9qTSErGqyrJS7bxwGx93Z/jssFc8k5tHbsS0IiCzcsy9z6qpFl1E+ya6eX6/22OxbAkqwc0KvTVE8btshaapgOp5lwHdnsAsxMAwbu1VnVr0fZMYe/RlXgMCzSOf52YlEu63LDAzXTC6TS+S7cpyV6yRqgeLV2KEozhEezutSTQOiTVRq4YJCDeN+bL0GZEx50gP+gTMi2SYg4dK7a1LgCAuLWPqIR60KSwmPwa3M97SkE+SUBmRrG2Ca2GVBdavtcUQ2uiEf9SSKYNj0DiGZwrP6YhOteGJ3AghSqbR+EPrVGc1EZRYs6ixpQUtkyALldli81V3QnySsjts5lvMtI0Ktxl+Z2HKEaaGSTF3RKE93l0Rcb9jO/yBeyCx0aiOEFeFcpUEihNt3ln7B7kv8nxDA92arn/GWVz6YYeIeXUIEYTWeNRWNcfsR6bzAOD6kyqflzAtu5fhxbi+T35jy3q8+KSioQeFH7AQRbUmi+Biu3fHjg/l9elVIymSBCD1GJdlqDw34saNi5ap3xxAUjRQdtI9l0cArxkMRrlm66D3XX9IKa7RAagmTEtAC2sNpXJ/u9O73Y7oKIXgx++VF5f7l4756kTw79cfydEEj5Mn9ILMxKaf3UNrdtmFL+2wSyi8PhVXcOr138yjWt4vDaO5A1gV6CygC0eznzLMbbP69xETD6XHwpTZtuq/3oyaXUThHORP46E96N2RZrw01GO4aDCHd58uLk+MkDDTiVszxNB8gv4c2YCnk74LR1HOK8mMQdKRmzgYy/4VqyjF+6+FtHWPww5OmYqPg9Up24XKjF15FMkE1vNSILc9ipmx1yFUalcWv65AFNUsYsYHTnp7LDcLx5Qw8OFjn+P2m9GX7rwlZJXAffXk+iMmD8lpK3ag5a8x2Elmg6bNKsCJiXZ9K4GtBwu9Jryxtn7RwyCWrz2yM1SUkrRsc52icpQznPEYmh5DS52UuLpNzt14bQV2h3MrXM3MWIjtiRg/U27PeSxP8y7aWtEdwo72pu6Zfq0LNjfTZRBmRgNLLSHN5MA/Z4/j4oqoV3eqKVprrrQGWZaPaWF1JXuFdm1OuEAjcDZl7lpCzlW9iIm7q1FF1kYSfUBaPRAR0vd0+3xUR6osJhmNNnZWMA3DWDlLi7pGAsHf8MGVpbiOTEFqGrXGzZL17ezIeLJS39KNnDQ5VUcYYgDPgXg8MhXFL5IJJBLRXMhPAXqkiXFQWs7NZvgSgdm7WTkG4AqLrag8AtYwc+GlDhZDME5GRDGUBQBBmyoaa5nkSsrRLGR5GLOhUGayr6qclLcoxSXdF4VpF/QRJn8MOBmSTMasBxo0ZmeljZgtmtjAydU7wlgKdTcVFcl0K3QR2ssyeBqYd3vdmoF1RfNG84M0yFWYnSCrVdG0Rk9nJFCZjrxyolfxPGl5Mjgu3nMU4blxFVOswvCmqmomVm/FTCDXRoOlmOjxlJDFREMvGcVhwiWaZEMrZ4GgFpi1g1vQ9XnBNXQZotKarn/Gjk4YXJs6HXYlZXeWvG1lyZM78+kQ35dkk+6hosC8alKtzo98NYnyiAcuO7FO1KrjEj25+rDJnlCenQxH8t2R5aJ1Sp0YH5IH322xV1aESEJpJ4KIK1hxi7Hez9OXNqdonK0MmXGaajxEnbicNdjKEyDxouMEzSgJEtsTm5z0ZvyYIXH1GIstmQVDlxwBx+f5HRuPdkYDDkQGjxDYOJRu+FSVJXcrSalsWNgHdBwEWswGVohNdHfdoTIIrDD62CcXO6nS66toKHEfKndsrwp0Z6hOFarIyARe4Jj6By1AjHapEwDHe+73wP54wMBM851JcwmEY5uAXxxnBNtgz5OhTtm3rdDWRxo+iplPFgYz5JwcLhVFizVfCxYLeKeWU0i/bYaCAe2MjY7Z4rlKimhEX6VMyny/UfYCAxqes71OLwQJNHwPxKvJv0CcBtsQhOUGBnODEsz1YuVDvJJsR3TVcB6oEsQVLYuC5NjMWVClQ+tJOuSKl9McVUBhRPPuvffCsqSgB/xKmf2uQ8y76XpMldOyxlaLKHMbA4Ll8OS3yHeKVxNtBz61xjeNRwKK8JURAbhnSepXRmQIozNNTd+Uh9GWZbyLW+4aKPsfe4jGL8hUXZiS3C2+q03NkzdeMAsjqy+UADZOQpAWxt42FdNjmm6Cvq5RElnUVcgDWgmZjctcOnbS/flgIllz4EatlBaLnNbCmNoesO+RVxU4DGYCP4tUed3FoeZ1veshL4io4YlOdv+KNgy94MLoWfU5Lq6tFBl6Hp1QbSOYPOzLQe060GJwMjgBamC62L49uMec1E1o9ODkrFgsA9t8uWnCP/lYLhblp0MfsUs+y8OzApNbouVfImJq49VtTO1Ec/2TmEnGq3Ab6SQE3AadTLrpizdUL8ivxdPoqXOpFIxhBc6VQXxvbKVeqd8OGVlVK5hC8rtg99JxNI98YZZJ/a2TlKpIx50rZJeKAuGd8pN3NZKSfiFWavndJ5heJoUVopmUWBMpfb+6tug99aYBFm0pG0otjJlBH6Q313HTDRDjiSWS4fuofg37JykCP1UOmNLIfBtD2XQvB9DVwRZbgJ64Uy90xyPfY+m1+GlMz866u47PCGepF2RF1ZPy6sLhIVOU5CE0SkVPjIYMONsm/Bzb1SoznIinFFPwKHleOkg+qZg5DIbEwlOhNW7Rbxbk/oYh/sxtgrlzHHx2cqF48euA8JRe3JbPG1NfEOuqla6XwhnLxGS2QaOvguYxrU18rsDum0YsKlSKc9hrtGRuw9Bts8QYSE19luluY6lGDLsVievTy3RRRI77YpsLoxCRhVGkccQ8DenYhfxzg1KqWxHaPp3HuqMb8EWqEsJwdZ5GAnmRAdx/xsTcGrfG811Eeo8DN4CGqdbuYCg3w8GAOjGqB10p1xOSQCqrx4LeEC0XNkEDqcnnrR2NbF/5z3UkVgwZ33gymbaAoxE4zPCBQ51QkwE4yV3NIjuNdu5FX8Ralu5OmsoJJxsEEpH0lYkYXK8myojJhmES/kmsxhKVN9vyvjZj9flsH0WUwi/LuxePEJsKMjmY2oq9T3EgesHTsqvCGIXnl5JAwY/emobcHjFqwNbkJRHE00/NNtHgJNzDcJVN5q1IIAPwZJld0b8xzLnW8iuGgKrYjJJWl2E0jZmSmQCK5gkTc5sz39p822cmNgZ9JkKi+PuiT92tLKeWF+18iEjQtTgjxXipUMa8EJLuHl6/MDOjyQWnf1xiKEt0xeJAuqiskDwxwTvjLWdXKsnmJku4JQmqIZ68YjahqYtZ4VRcgLJwHbcQ2Zvck2MKlkAyOUeHhwVgtBHe7pAQD8ZYQNx+WgAwrqrNKuRKFs0CeOFmjt/K+QXdyTcSnBl+hLAZkQ9mA6JicqMTaGEMNZGg3TH2XOytHxsiUHxZ2QWbOFYTHaJCjGR44RAGJSJu37AxetLo+QXPLewLKoqWf5TdQewhT5nI8FSCebMWzgQ8qohTsT+S1yg1KNtJFfX67sSRvaUsr2nkoqMsErWg4fgUg/L2B2K03rnRmjOJjwEvzUDJ4xwheSZdvsc0lIhCeMGxDWrv0IqUq9lt0okmyAaT9KwI4F1L+qX8NEL5aYoKbAqYVjgks36diE34JPxzkXvThdZHSW2sDfI4C6uxmITbTzL19btGCxOthR8EZa/BpSpwNAZOknHJbozJnGozGl2xEjINNgqBQPYWXaV7pMAKISLb+ugMLIM2Ny8qhLNxMITRjvLCTu3jlxm2JcW7AgDtJ9uSIiFzvJCsfBuTZSIa2idsV2JJJ4Xttd0SWWPNci2JMKUkgvfxQNVNKfX2TshyGJpjLyvGT2mCgFQwOM54r2dHYnlY9MzuGAIQsde6Y1wigQ3lB1d00qJyIm40GQU2szIIPGR13Uu/TI+IjBwQV1dCeASvMKHEzJhGBLCuTLrcLfF2ASI7ZhwsRQ8J1Uw7idmx0lZbPLCSYzaP85btYneMm5rFUA8ZUrqFKFfuo38I2oARwEBllpFaEyJuLRqNTkTkooPSLpl2mUPHBGf7IoOD0FPMXqSyBekWKVA39N3kMzi3abFtJ9PdcWkUxLmMItRchB2/UraJFUBJBifRGN7WQylrMBRp0cHFD6545KMIvWJIQ2axOXEdWWS8d0LVkoKwxS0t9gNcDN6dFYKswWHeAyau/NEIzgmKIYoQNXCXbrSH+qA3Rw+TZndjE5L8YoAaJtc1bo6AJUJOXxZNO3GW6XTFSZOkpJmqun2rnU4GiycuXcmULKFFUOSZ2aYPtmCkSsjcrcFXSzsDpBi6awuwp/MC699QfMu2EQQJEkukzb2htZ+WX3tDHhDHwSN9T45dGCrXaVEAe26bZJFtm6nCQQYkw8Sa+OlcYiblvBKPDRSNYOgsOwt91VpiwBBIpzhTChy1FgWSbQvShFrsR7OWtEgLgUtds27GcRdkm8ItqEixxEEFOgxZ+bW4uLHezfN4fIRt55eqbonRBy2vAXXcIEBg3WRyBeQCzrrwtTR6KphksxDt71OghD8paBQRKbHCjanN2tE6RCG7peM/xiTxGXKYXSc3GRhBqXPMXnY/9n6AzS3LDPU/PzQzyD0FEFnXHGo8l+fLU6azR3uHuS7/eggjlxnkHS8fBzov8K8XuTTIuFryC0wOUYP215FwddtDRZsuYqk9bVpHSHPlP4H3NGA7u3h+FBvtez71RGf08EII8XPWt8POA8XLIlH61F2Sv14sxmXVH4h/0vLStr/3YqKReVJvISTjFNPk/gWF1x9lCnrBP9Z2J5g1TZNSFqONa5bWeCcfHzGrnCPzseOA8Uo6yqbVOJvz13IsKh8Xdi72r8ZPMOGEXzPyq4W5dNMCTvSv2sETpOSlOP535LmwnKH/rrFFHKLgKEf74kWQKzhVQPvMReI1H2IhDloR0tNSfYsj5zzwrBwvDHXw9m8IrGIGF7A9wOBSAycx4xMS/wTiIFsDe749RG0aJJkrwmXx4lpHGdHKfJA8aMj1ErmSxy1xyJnRFbK7DeBfC5F0MxydVfpo/uHpROITq+b2SkeCy6F4BZ0lM9PcWw/WQO2ReJtYahoLYgrUGif2pUWD46gihemiSysrhFwvgY5rwR5xQOAJWomnmVRZ6sqDCaM1xCZ+4go/zwLOxk8PwkadQ8biGWwK9y6e5/lO1FG+dMg6KiaATMTcWuNWfDk6c1IxNUiGemLR8BO57ApriQyUG7o22mzkUzBWrZy3pHJbRGassWIUHqw8BmvL3sa4R/mtKESURdRciM0LUX7ETXy5BYSzfL6c5/PxOoomJUqm4wbXoVS1PFtl6FGaBxNCVVIUR/EPcxuLZtnPMLSB0H0QEQUlCoGCEm4FZtodLHT0PokhesuDHFCGNHJMSkmNVjEurPci/7b1ZntThJEzc+xQ2g4j6G4FI2kiCfPMyUSgqclMDmCddugYSSaCPQujOD3fxLC4PYOTlTeYqIUn0NFxlsCKcgGwPEIJ0pxRTPhLw74Y+Yk0rCohvbiy6w0KrjIxNRnLm2rsiLk1MOxEKj7h7fkOJwnswpy1S7FcvHFJ6VbBUCRy1SjV+N0iZHbQWWycGDVGqoxz0XuGXsZteyvODFoqd59nAWiYbwtxZzL7iMTNDZjzKCz0VpE9SAzMLBqW66ZmvY63ssQivmO7oXsENMSO2/HUO0wOOpNCnSJwMjRo7l5hVRLzhfaGNgs8bNKtWFzqJkY15IPBE5WrLXLmLNZHl32sly5SmXAt0JCBeGWJCcktBo7m7ctIFS3arjBUeT3wdMlQRVw9AJCaw2kUi9VyFmreDlBmd/pTURGap7isCovyr1do+pU1Dom2xa7BKFPBXT+VIStduo8muYPMVtOdNOWc2/u2IJhiQuFJE7FEVA4BSQ4+PVARFwkKR4j7qghmeahtNjW6tDqZDMKaQA8m+0JFMiCOKoNKBc60FVmxttNk8Ur2Th/SYXFwZAQotv6VffyAQkGQkYY2qsNJmQ35Uq9SX/u5di9/7uAcee7NoNsjxY6e8Dkg5YldoWRbs2MzExvFxXqrdiRv7IBNo6NLHV2lUWOe32ChRecj7rJoS6wA192WK8sYrP9N5NA6okfwAOhAAMmlLiIfujiXtnDgxipy0WGHBLcYBWBuh8vWFoFw0VeUU1M2F8A240y1IkiYPqZpkhjxDlYYjRe0QuOTh8BZkOUkIbx6/50FOxa6OTkcEasEW2PWAkY0UKi00EG5MQdx27WMM60or7h74UjHzWUObIyOQj16qq+M82i2VzMSoV1xHOqcI7/ivN7dDJ2X9/e4XXQTpPyIbtWjGwiHONEmxFg29CDGIMwnFpq/vjSOPBorAnjf0+mSuqu8jLYsPQIeixqVrXln81k3eh2hQWICbNgEbWH3PApKxM5jxHGgOxhXbe1oVCUkn9Nd884HrIuaeCz+HIeuSZgjSwjf4Z5cClqmsOKkrA8ZBHPh0C4GgcE8Y+iCfMiZC4FxzOxZhWfltlQWyeQkjqkQcoAaMRrCBWEEZZ+2xccVajPVR7ogR81KPbocVS4ywrrSAa6/3ipcSO6cxyXipKmkaq50iATWbWclSxv2VuVm/bR1In+Zo5wdUFCiiH6O/Euw2V9s5DYfiFjhvwFCtjgLMtCM9X9aOmHY7lfTVUw3KL9oZpFSfUqCnaiGx1PJw6QiBqOw/zYRpdRkzDLlR9Ztd4AI1HHchbjTR2a7K8moLFWoYwlL3veC1a5M8Kr84e7VdNHeza/GOoKvjzwE+D3MFcwCEay+1qEQOiEYxAdiHu+/XZHZcZX93w3bhSirdtYKhpf/pVtzdgLsC4/gR5EosKlwlIM2JeRcwXcAAQAASURBVDRTcsKiEXlwU6k1EriV0iyNm5bivlVIE2M2I+a0lK9pjKAGoGA0llUayYGXp6BqNKGCu3cSS5xQHbF2pq6uFsLo0gBfC3dpYriT4XBDPHAuhhLNzHGsQhYP9KVIoXmunEa7VAJIhTaa+0ss6h35GFRe4uJzcEsHAdm8q5HIpsWFo46rjuN3d53JAxdtd8lnHeRRrlbZLO7IY0xVGJVC5Xy+5Hb3tsq8qXWZ+Pm0ts/7rrx4KcM8OFIHD5zUSg31Dz4PubT3lfbyGSRfNo2jc4TQk1xPD/wseK6Qflq7ncIEp29P+m26GM47hq/UFfEDDI2jH9gfO1tvXY7TgBAm/ITjMlDyo9dALq7lmG3Xuboi6K3qY1XIxe0GIdTQZhkIf4ulQHkDQpzrY/26KrU+6L8cV82vJQIhLlWDsqz05yLmRGq1w1p2Dv4zVk/GoLJyGMBg0hUcI8EdZlm7h5CiYAUrEDsZ3oE9prw4ZZmixV+YYIRBj49V1gRuLSZRb2w9n++UQdDRCB+H5b7pYA3UqvZIxcx4Z2WcgzVmwAoU82ZiGIsbrFfClrxlbbeWpDz1KeT3zREhnImi754WggON1IU2r4tQ58zZikQHbHLDlTyVvcpbGLX03rHZkvINZoYb2L3u5bMwO1hX8kmxd8/I6nZKwkkDGYxWIKzByEgw68HmXtOCOMRiEiZqPC0FM/cUAR6+/UJnsphfcZ9P/jN0VB5L6OhMsNfq6AwOjzLlPL7Zh+eOZU3EJr/HVo2KorGHB2YYxVhgnxrKe5gE0TdthjKerSLmzuXGPIK5jvFcQposKxAS08xNLcwhMLcxFMMLYGLWuj8mRLf7jie4BGZ8H08dwGGvGEumRuFVMQlOLiSBzZnFilgEPZTbZCKmmVUH70MvxqEAwuFyHnpIiKQ+AJmNakEZDO0nkxXb5NgC7QUTJgpB0qJI53BKFUSZUu2mXhiSIGS3JwAWrm9/ApYWx3AwHIeHGonJpukhneyIfTDeAQYqH2ApvM1AaBpsvxNLIpKc88wDJW8UygIfD9PirSOLajKp1XUN3Jg3rIqZ1igSSxjq0UbGCl0tEGx6r+a5yriSyizxfeFtXZXicCkW53RuhcJCKYtII+FZXlx9d2l/gltfct1yHoPFpjnfXQ26W6qwi9B28hZHPUeX0qEDCZwNVFcWaxfUwq5jfEiVRVo5gBJnfhXjTxVLQEmRwU2CKwlQCyCSPBEH8eRrO6YYJLehLjVlI6vkJ0IgOtKfS16OEUyMRtm7THMRBjXLv9i6ShFUQjFCVf5DfLJ0zczUUGfnGUrlChftU0wlE8rpi9YkJFPrPCR8U/pDLj9r8OkQZMa0SOO0wzuTHq8AvQGrWkQTpIEA2YdnVR7j02GYU7QQ6ixljLDr4DM/yrir1LoyvSxgLMcVOrya6TTEav0vwrxwDOAmvksp5fiIkkBMYjUKuE8m5gWEfVizXuDI/hQpGkQclCl6BVardM3xVNx1LrhmUE300Vih3uPmcxmt9pFXDuZNFxGq8A2x9YYgRQgnJVnzQlx3wAKEwoTnK2Yc1NnMv3KI84ILa4RK5XtErjuKPSp5JE5yvM6cpJ0OWKBJMehhnWh/GMAruvDBr3xk44lUHKrUEuDXna6h8DhphGqXBKd7Ge74c4U4mQ2IHnfTNn5i2wOYa4+9xBbqI+VVuBv669eqCgXjlP5EoKbBKOlY5Ax9X0tKsDvCGAlONRAYqKIPV+ipXVkEO8S+FW7BfVvbyqCtWCyw1lECGpZ8VkdZi7lwWEGEKHmQgwl6bVGKTyKpFklFzGvPjF4jqDobqaoMJWDNHfPIGWwMfCDECmyQteOG2UXyed3xmSSfNnRZwLnKzl2SncSZ8r4lq0E7xJAAjK6UVWhVR2IJuf2xFLBq6ZIlveNFrgrLcnn4MHRJ/tNvDrrwnY7ZKLn1qzlf11bo2jBvZBGWWKaNSIbVTYau6cdrUActic8S8UzcMR3XBSJfC0qluIlskXyWCaF55jn0spoh0N7wIY07J2eWsdaBDo5dGxwU1z3WCnSdD/t0zCVxKEqTYT7+77nY/mPcawk5HGy7I0JHXRgkJhb7ikTox7p/kmzLpngZpBws4qE6vfIqoS0cqumO+eRDoZAIx6Q6lZPHLYJbBNFqigOgNhEwyXIFXZL4rdLoeJbBigQ0XCrgBEVoV/P2jQfWEooE5UpCufrhF3l65imEC85WZylWglhlxIqhS3HSF0V9mpYpNhELuPmq1Pwt/vouiJuXKVsD3AL4RCkYn0S44iXOJg8DvIYwfyq3jP/DC6qIUOjlDFkABhymMjP78KDdtlQl4gFKii2kspCJG8cuEHQBsZO5UYfUugXkixzVWLQOultHXSu1Lk6ES/3KnpVHFSGLbyLzQliRg13ooCzx12qnc/VXmzJxF4LMV1VZ83pdFFIB1xnKg1bKItW6arkagOSzC7Hv4NPYwWcw8U2idiSumDCnxqkLSViNkYWiBVUyMpEuNUpIO6mEwFgRSSF7DDdvsyJgZtYRkWxnYst86Lii9B6QsHQtFDP6wU139pnDVAxVTEU7r2DxstqcVnsQpXWfUUJmE4tn1V4Nsml14guGTp4AJN+tUo3uJlpMn4VrOM/s77hK7UulozhrSVoCBK6ZQMvy17BMRBAZjr0n+oUVjdlgfhcas6BWdiOoJEosRB3rDucLsqoiJDLfyaeOz1yfBSAatW2UIh1JLEvtMPhEtTgatq21CHpNYoG94PIC+atSwRC7wbMrLN6dSZRXr5e5sxkfEySAj6/2a5imQV0mDYMWi3tEBBVBETViG4QxNL3Y0y3OxUNj96O4JAdLV4hLWTBQRjjJYFhNBKZh2mcm1x/D+tsPOQQSGiPOJSF2Ymo05yH4gdjNJgtgruhIwORoYoLhTtGTVKugIYpgR4hIiKR7RHbAaXFCMnErA82Eqqwn8MdzGtMEEdtGhV7mCtHXaO86NdmIX8LkCkCWpxsepLbdxf4y/gyTCgyDkyU6id46jL8ZzlDlZXr1FtMIqP3DmAeCyckFRtUYbgNnf2yR9NgRJ5gW0Vr5v6ISw6PQwGewmEd3pQvMit4YPCVw4q3cSsxxMRRboTrsiQze803Oax57JJlcnO6aR5YdrIJuVkoPHYq2qM4zNJuPGduQ6MVayI9GpOBxVhIsJyMClQgsVXSki+w2G/HstZ8K8dIroa0vGb2G+3j9aQ+GtHgnLtFtRtU7dA5U2I16jjzQ2R/J0lqOFIaJ0ZXpIyY6a+ZZjJsC6z1mhf3XgE90rNQYkC1kfnJ4qaDleV+s+rTn6ty0mecNZKEdI4BaNy2TWajLs74L1rGHDWJUFGE6WsgKsiGEbSh2CVdixEBJeKpdcjlpHN3MSuC5CFSpoEtB16IiWV4yGokOidaDcSoPB7rKJBxGudOoqf1PI8YMNp4wheWOA+tHISONqNSXQ/enyPcuwyuWaFJ//LUkgWv2+BR5CoRAaw5/3NVEgkLxtEIcFWEJGhO6Na9gou39Q5xuBUuzx9jOi1xriSk512aS2w7W3+LEoLEbrylqC1Mbu56Q3BnN6w8LPnDE7N6qspZdCeYyumgbQmMXXWMSiTeysTZkptrP5jzLDWmWQZLUXlv4a7G7m64ZzwPmIQ4OWFlUVwXlpUala5EwDPGDDHAO7GXz7qh8UWnHD4YACTxREmi5jLjSkSsI6OMZlxvXGCYcg0j01CszpwuE5LNAJp2YSs451kDHXLONHtxk0CA7nFNREdAT23lBLFiYnbLsDIsP7e2RD2L9I/P1Ih6LVeHl07tbE1RlaCzizwdzCMpXchjyaosQVyRnMOpxTIVAtqU+SBiR8sFaTyEQYCNWasMLLmqqThCtRO+8K947n2yOI0MtuTsyc9NDaNm25IytOk4E1rEiCAOlHkdbFWKPV+y8k3TuveDISDlW1Ap9d4ytkUcTS8S/TutFBiak9acgNrESNLHaBVEJh4LK1IbBASU9XRKAS2Nh+hlcWSTP32idXE/NLhOnKFTMbKyRYWSqeKZU5xW4K19KQZGMw8h1653r1sLiPHJ7teG2WYM1CPTEtgqccjyjadq8W2muHdbIBSMZW+h4lGPsPIXeRTRWl4fYows3QpwiKZLA4vDAp0bbIOQ0g0NUNjDhKSV5UmQGjGkIRsUoWcaLEF42ILs2nE/CExObKWMi3mxqRbu9415pA1MkX45rd2NI4GPNCDywM8P0uVvQsOhoRf6YydhyxzQEmKIvkP95yaxKiMl33ltyyy1k3H+78nFdLkd6ttKwjJGWm0uYKVr1SNZaVhp+UVaSpeCFTPv8VElUxjPiXA4hl96dSxCyG0z3ZBa+6O7PsAQKnxbcQtaAT0HrLeEUCosxfCNJvg4/uzjCRjdX72wUFn1EdfjaEHHugnvNlnVsduCXbXSUItTqVUgkfgzBv3XrzUSWDaWwHZERfkJjDkdBYu0nRmkQA1SvwtpbDqrITN1Xj5jOJoW2D9LJzs41jeKmioiI+jrQcp6c9DojiHbQrBhgzjmyCokSkjCMRBBFHR+32TfzeMdB1DodFNuYOS4MQmxTlttWnmT4TpxfLcQ4hgVmPUy1PSxBMSTFa6NSjACVFlBSY5T4v7jSFl2sMtlDLifrIKgB0nVFZlHkaJ1Kx7SqlWj8j3RGu5hgFETlAzgfiCWh8UpufGcjI0BNbLqM/8Y3QQOrBqZRpIHYGeYvkjUhRF8j20BNxX4lcJ9jpMgq+BJXImDHLpbwK4BtORMCSd1BBLIL06P6pB097n6TcrCmoIkREKTkaNJpUVPjEqZmZ01jELSRSarR1Hu+uLcednE7fTurHodGnKzoVNvzDv6baUhypCm5D40nULBBM8jvJO8MOERaKInQZuj1yA6ULDzQ75Rqu9DM5BDiNJUWBzTB106FSHeW1ipDkV2VEUB8hv/UUAURmwhllzRsAlwMaCp6K+Ll0LTMkYWJBE/kYRcHDj1dNwchPW5XjnzQ6TpC0l0J8HYlAXFe7eHO4NAiYIsMzBObjXLuwktMKwe9hrgQt9ShYLqLlKIvZoiIrE/4VyNSoGa4tmU4XuKeOUysJpCQzPcP5XYHMcG1R8W7suEqtem2gzwOCq84hiHBuOop4PCsXx412QZ1GY3XyODYE4P18Tu7jUvYxOgkljfEHw8gZZWFBuTppTtWR5KImHpMlvtE9yLpHKT0aY6D0HMZpPCvF2QAzeNBqzjKlXNdjHxdyq1tr4waAzrr7gYGIb/ss68lbZmUbYizDLD9tR1iPVLMe9CFq1FY638rwlcoe93kKqu1RFEZQoSCEQ6GiXozNn3Kw2PzGlVrB+0vknkdGkJQJ0GUhhm68giIgf3X9XdtNV3EdXhd8k1jDnUTJesGCPDsM/Lr/UznOzqfWQso05jPEgzjQClKgOiYCCzJwt195OV9i6iobGlZRoZYjHr5eC3esIh7ApfKTpoKxr6VK1g7ph5B9STHxzlPeqpjST7XixdCF0iZJDa7qpJ79d3s8rFRCCYQtQvxMbY9xnOBwhfM1Oao6yAA9vLIMUyCqzFrKnuVigrnM9gKdgsLgqS5uuEgEq1AzlwNeCru1G+aXPsVR7EIgX7/kkVFlUGDlh+0CWhdDrfzvhs6SqcLMXh6WcqlKEzXFrA5gOc9I6q+FLTmMvKFxxRvLFe80KiS8tSCMwV7DInoBqnUZzm2TF9rzLFYMvOfpQwcim0VkTw4cBC1GLPLggTWKrTUYbDXqmddKxCd/SQzonkaOhXHBHHe1HdrisRTYTvnWWZIldmBQ5gc6w3NXfaNDKFZ4ApMJE2nl8ohyFgKemYLJnt6fdqVRBt36b0Tn2dB1GGKFUzKSXRz7Xer93B5hBYcKhYRy8LwKl1zxosnTsxsH9o4t/JqDNjXLZOgJ8lfRMIkaClEmXoy0/iuRlFODazw7oN7ouyqDIdqa4haKPJ2gzNR5P96d6fLFl6zOlD2xiowrDLpzlQWQFFQl8gnYbPiyfaeiQpXDP6S8R1TAGiTwRk/2Mhw2IzjrMYwo2AWdbmbly+0McPS98hRFWGx1swkFJbMjhdJIJpxuZLx/8ux2TbwnRWuGgQTjToID1aC3WJvomTRwrpV2bFCz2wPuszlxaAFUPY+CkEwMQD4u/WESKmej2Wi3vtdp96ln0mjgejEDB+kd1p9t7AFN9yUTV3bhFmpsh4J3Xz+ZzaurEpCV8VYcEQwkmZ/dssjwYyjQNpkbaaqMHvuHN2lrk+yUJwyM78ON7Irx0KGHqCO0pKwNJOOAzN+iy4mn0ZsHMEDgUR0pmWvmIGuYeJ6Dx4HKVJOeA0nGmoLFvyKm3exLtrYXW+MA3zQabBWKV2oSCp/MZ1IDDlISKLTiQIAr9JbVv7Dpg90bJHcORYrMwMf4PNvomNxCFFnjOAarbpGIpplBrNfPPmJ8+i+CxpkAQaUVolKkSaYBcfbhHwJ3pKLJ2SmIlhMjXgOolMzdd9lEhBDV2hURAQLF4NyNaajNKR1xoQcQi/ntn9SCFSHLt7RHeT4Y5KjhA9+mLAIkW26ZqhxLAiXuMJQIWegOLnkZoQWESMiahOa6Gy5uxoQKqGZ6r8JWbzDVcQMSAcAExCrGZTZnV/Uv4vQBMQwrOGEPxk7/ASghGYrqkckr+55nEu9vuok4VNXOEcz7FkIII2vKN6qOM3LG44MfkhMqBwHLnWRLnddpHdy0zaWazTDKJlTYpV+Z0rqoLykwk6CVEOLwFP14NtZjEH5GuEco5Eu7wapR6wA1pB1+/JF2NOUXMfMDXZZ5kt7jbdNkNga59AbdfUIn0PRBgjIrj3rJCmmnSwhwhUcW5Zb9uOGK1Egd/bEwnHe4gPmcV4c/w9KVFcKaj1VA7YwvbTJmS4pLqbz/ARuER9xfFQJqoppmOOjNLmX4tTd4TNLeYovaNO58/mOzp26uraoSQd4+ee4rPUe/WtU+mKYPhFCrxCHWMV6uTDnOEkQMPApjw3OIhLlfz5yV7S8RmB4xmlXykdpr/1vvgOisrM/drIJha/DK+q7QrOJ4zgvrmMQDq3DKae11WyUGQu9lndEzx5X2fkLRL2m42ldno1MgBhQJWuzID35fkY+NPRN/VEAMduCawwAxRrOsGZDZjDSi8X1k8XQVl+J3yWo8WK0ISbG5UTwgvjhbPsrf+vAkllWiFcdFkPugq7lQpGhIJzQsjCgB8FPyNdmW09e94YOg3i3BK9FfULGdBzyLUcrhpwWMobph5gxCPdFCq43E4gD1iESNHI6FwMNlhqkOhqC0IZxUEFcJYY4WCRDrCLjSmLFA8G6AcR38+FEi8esaZ2xr6GhAgx+V4IX9Ose7mqcuoSwaIdKTyxEvcu597N0Mhs4qARebWUA3KCMp1Hs/zZEjM+SnMCU1SPQynZLNxnI01vh7R+J7VAKClvw1zndZJ4IT0ViizZRtqhYFA7NjEA7OXxxv7Upsb2YW15/RJVaTpSYnH9ML8cqH1WUu/9Zvb+FuIp3Vz7Ov6r+EGcUbNnAcRNENCujS8a1iwlqZxxkPuLp1JEWp6ryLRGNpwGfbipBWDWYDvfXOc2kRWWK5/6wkoJWq5HcNhlTR9kuQ4boupB5geMyyRuhzW20CshubqdFGSW80lrO2LJ3ujtT77Nm1yXakBzoiwxWFSBTJ22h9m0fExzRWOq+C0CxsYutxhFVDDVoF5uMXlLpBco8hBzZ75vPMZRJvca6zrkQW991z6ryeFF4TE6PFHxJ/xJ6hoZAY4N/oYa1uW7SJRo/eTM4YWu5SwmQCtfDYmjzKwba2UpERdjNqkzRO8LJjvwyN0BO4sWtOoMu7EI4JTwgzhTnUrA1WqsAbIOGWKgKz5QXrkcI5EQiANCIgGfwIKxQMHraGAFbbotTZmuqMUA6CsPCEYUwUaJAoxy6Eq5bo7SMfSi2hvnOzlRoLjHSOoqxSnh+zgT4sOZWJpwQ35u5iWPn9KSgpR5lFTy1yBeCvSoUyyWwYbGX5NM0tZ4G3r9/6CrHnOYMEd5036WReMjmoflsQPUvzMeCGJQSY4ir1i+rWHjHQEBjQ6wFleG6jcuwBl1SBOkxkT3Er1GYhKGDERHfbocSicDDFuggfbPOgvmGxG1uJOp+oFOKHTgA1kcVziLn85l6b44zWZwACKfp02EFp4iVvWwp6GpKlUmiodZQIOYcFvG6VSlJvrLURWkJxfA349SIaFBUTbcILaNnTZ+cyRga0ZO6GjZN46NAVyS45DkN9pJhXyAfcb548WIbWTbM04obTIr+tC03mQ1hUtBKmvGL5iOhGAQA8PbwAsOgIV3g1xFQABDDFNsPY+SbHVsysQUxJHDluWYCgghrojAVdfNxsDQWGpOkGtOLjcxi490PPPd6pCeOWDeI+U9InBBPrReJyfwAl4ZP7E3WMmKSh6AZ7OxfMb2EkRJfm6G9SEW2NAtERDTyz7OIrn9OwoQovgAldMyBHqFVS2hYiy0HgFdJu/LYHBfosrcXcwocr06fZRAgT8hebOBQmZFwZXZQfFlt/5KB2IQupHgWb4sP9Uw51baFrX554V4FRieXXcV5djbOoLjuiE/KjEnXwfzayRqkrdAk9i0ib+hASdw43CLwyxMEj83n4RGDofOOjsU/Fk0B61aHgvinWGjF/MC0Hl8hjApQWUrfCgECRQnEr7Xvx01Bnw5xFEgvMoaA1FPYKKtqlCZiFRjCz41O8R0h9DSbGryR4GwmsBsSphM/fCgPY+/kSuqkN9vDSTjGyRE8734GrFaLoax3JjBJ3GGLnsXVNippxh20IKOXJjtFK0yz1nzwCjozojT3FpVmEPQULC0tsmHtdzkUExG1bdNLxzaHXJyTJu0Bj133q/JeaLlN7a4Yqxw3qHsEKDbFYVWVSmHnPajNAdFcRni+undF2lEoDylPFwgrIutl2Z+kn2eRJ13uZLwaNeg2113nzZEuHs/VAU/F54IPHQma1zUTq89fy7GGjK8dIG/OaYru9Mi5DlJZMaSdF21dj+PgY3XzpbrtLu6Sz61MBzV9mgNGuqY5l5alioAxCEq3Ciw2ycz19CCTc6kyoh1FwXCsMotrrbG+K3qDdBW1bCkTOdzzKELhvbH5JqNJ1HD5srF9ChdHa83YHBlvLL/FNOAtatBq72WSKtLOZ9t/KyIylkElgAJTupGvQwovusKdbgejge3ZHeOo6mxHAA97eRJiapED4rg/WwLiSyLkNzbDXiMSlmUA9tjvIBfCmG3rrBcBzrHvFTgeHMnMHrQzZNJFVjR2mITYPNbgigpKgUaGnRQvjxKAfYae+rUexxHz5XA6u1QPlRnledW4z/zYGHG3M9extHQmqdxWxpMJSlXa4wK/y1hceVxLYAU9xzmpmh1VX5Y3DEMWQbSm+jtfjA2KOCTn1usxam2bVDtACNC2Co/ZfsEjRwVlLTb09U8rnGNj1vwhFeRWhS+CMLWmRrJXOmFExXaTD1wR7yJieD25BL0+DL24cHutaBZAxbyswynezCRK3Ba9hRAB/tR0YX2OQBAwPF9SZYlAVvXI2FS5O6ehF9I8f6NCmzqNAks/907nLmdpDfPpUDui13RAnYodH91noXMarF0K1hMhkVGivlL8h6K/WmurI/qcRh+pBW13MpWSLvE6zExYEFi6HTtdIWrLdyzXNqCteTmCFo4dpJccP51SUoGgMiZL8imK0tI6XFrdX3Z2CppWQ2pRUaqOxa5k3WGuk2uUIJFaDGAOyi6UNNGYzKllMmigPWkCFp2tkIdjsTkT6EiA0rjZqCpRs/E+OkhuIlV5Q0swb4EWWJA3OzzgYUWcNWonsjWwoLiJhFDTjbNQGMlIUboiROwGBwziCDjGGkAw6jp1w9OL7scdbBduRKf5vMF0m7Mv9blpVO3TOI0vnZjc0PUAHS862l0hKYsKCtjCCnPfS1t7F5HYQFk9gY+Ga+2zDsMD0+gx45xwir0C1aqDti4x9yNM1yL4XhaNiMzLzNlWRfC4KDCnCGDq6DTYCrzuHwqtyaegXMnMmgUuRiQqJJkgvS9NKD684CoZhZuwS7SQPjmpvTocwNh1ckoS0GsEuJfZyWe1rySZl9SlbLN6veh7xEDTIrec5zeIFgFbAqsXo422bM1V6iJFCLUWl81h9srBfK1sH/arwIDdE9/fPl9pY3RhwzVoV/NEqtoWupTzmwhfHZ89D7BWDx0Cms8Y0Ubg4RWYVeIDe14kQPLtTtlaB5z8lIjAZhbO15S9drwZs4nXas1WX0BgDBPTFo9p3Q82dlYXo2cRJl3/BOWJ7R2nS8HuQGq5FM4TkI2vv3gUBiXdD7vY8ySOsyI0jwqjJ56cLBb9sgisQ9RHCYkvsWhODMSpXLJlBXQ5A6wwWq7JfGCgdxGRcx8nnalTvzuT3+0i1JnG894JHUxasoRU2cdEHt24KzxYsQX+AikIdnL5c6xxa8+uERGHTsSUpMu6XyHxR9VNTEgudTE7lWEsgUICWJUmEhZFFHswceu0WhtsFtxSRHihoD6uNYU+HWZ8i6MWm1j6KYcu2IuN4mBhr/nuiL72qazOVY33jbgcemP9iuBpk9g78MWlRYhDElDVQ0uBmHU8w1OWeGLBIglX3ABMAadD/C+wdlg5tucgWeWhi/QuJNQ79T5tKDM15tYat8Fn6WpbtDYgIK0cxw9uHY0huSO8qNcHVPFVe4h8mlIulK6Wwx3Ar8oWlm+u4WDslR74XDGYzmRZP3BN37iPBZbUM3JBUEym7d8DTluyvmlSX5aK7rJPbcyPTetlwYAsNKXrB7iYo08tqngu6SmmjqkkeuWR6iB1X/242k6Go6vdjnWskJ4b58FRqjfndDA7jAiaHcWnB4s+VTKf7voGn+VkC0HnWgCzHVsuWrA04pVH8Qj7CnaJVHVhbZMRlouNPk69ZolSnW7Nk2rLmiS7v57rmAj8Gu3wTUAyW9ZjRWwARaQ3c1jXP8W/JTrJNh+y/8z9giiR1XeTy8fXHE8Ei6M0f5VYxtmGd6whhDT7ReHP8akH82Rmdd5a74m4G5SCPhF9YhP1azHiw3CavQ7ckOVNADGFmOQn9ng0AOxVhY+OfONorMCTmwxhlJmIknSROzkTEdGd0HlkYjIHSvJn5iqUwJmLTQKiYZdhAlvjohpvQqXjrMkCWcGHNMEmRrDB1+GFbbGG2SLd41QtXVnJMIFJddmqNmlxr3mCGiZKBu9XwEoeUmRjUMCKUo4F7MyFaHMZ6N3yJFEzwBw3MZjA6yASm0qEAlCzAGM5JKA91Rf1NeeeG8ybI78w5SXLu0CpS7C1wUTgypDjLmoxsibSzolqyyUnLEapgDtPrE0EYqZJouIwfqt95m4x7imUKD7j5HAXTVM7VZjFMS9h5qOcCVyLT7HZgNC4T8cyWd34dGrRbepq+4humtfhg8EIQuKBZMQpTdawCsrjOHGkq7qAubcZ9CsS89fWqPrdWQ3zuRaqHkNahVM72xWZrBzvJwJOGJb+iPWUqhAZC7JLx0gyEwIsjiekPJPgqhKHE1mmAESUjMnSEabMBBFtjSOXvmuysZA6KJMvJxahRe4UptX5g1MD0VEq0XJkGOKQEPV5rYageNfwwZMUQxc6veyYKI9dlFuYxNQmukhzviXy3mycwN/EHFMwxHBwO/jlaOh21O0O90EKwJ4PXKvDxwwkM86bRzHXyAHDk+Snwr04186Z2ZgJdfAwc7Z9DIYbEwuG5NkxHtK73hWi+BITWSzksB1ul5LXA8JTsKTtCektSI5Tilf0SyszI3NPCn7WaJs4+C4f9AM2ERODLY9EzCSvN28026ScYmkwuoU7QKcGbBKhFj8WIF3cgah0Nyr5MPITOlAKDwqiqYPzuAUgH0G7lP7NAnTgbzDHFWAnDB2xPWsrYZQ10pkmxkfmPuVg+UphDHkxC0ISLOHE1QEI7KckgREIpHgXbcLssYTeGJLchXqnW+Kz9LtTEyZq1E7cTtyI2baRRdYvbLSnpU3BbO/tsg/avkLIrguLvOnT3sEV4YCcfwX7jqnnGAesZOymXNIQzXFIeCcM47Wqr2IiTi+VwcFKvp4bUAJzlviV8Lj+KEOEdKuYmnE96wo0jrELmeGjGcNaNL0ebN/2HINAXHkQphAyB26J8U3xOeBPMhriYm/GJiS/0BFclEbSO1TniQpGGTHQAdtjFG4twijq3I1ud40k5cwurHCfF4aGSzmy4eEPtyUbc5zJeiQ0BvYdeSAzsidjNXhlEd/NDzAHhnDVnK57s6Xkutg25uYWX43E5Omp8c2p8ek0MJI77kxmanjU7rRGH9SfYObQhjOybRWM6WmYsFrJbkjdxInB1VfWqUQANxYzvliAeVHEOubHomqvyvp1sUCj/mbLuCMjZktxAIDYqF0e7KmD1n7CaNizVAbM3VZolYSAexSEy1EtwiTwOiRLm2jEMEyNJIDXAA4nzU0JRghMLV+Ng8UIqjiKQEXxwbEMDRw0NQ6BePVOmnR3Z5dSXl3e2lnLkkBOLhh6UjnRaZ48ZqN0QhSlpcpy82FGAUdPJFRFkG3IAVdWBU+uJDSb8pvf9L4OEQhHDQLM80xlgwZgREZoWy+BQlwdlmdFsWJMgHUwokWlXPxEpOFrdMyzOEbgqjAxJSLJpFFkTtbxRdEKm5MKsmp4MeMywxslNic+gQNx7DFBpbb6RQi3IIUL7L30/qFF0DErWHvxcgXCmgAlD7Q/os+/ouOmiYhkYOFgcGqHX9vbH0PXMKoMn2ZTYwJrd5R8YUmEY5bQsrKjBiUDCR1rf2yMIxJy2H8M0Ic4dBHpvXc5yxDhTifpahTutZsbvmnU2ni6qVMWoGuOUorCheUF7kvLVFyQxaSGxj5iDH8sVoujBZ3HIS9zMh9H3LkIbdPgSobzYVE8tUyQS0+zPeRon1nUoiV8QSCXEfVuwQJVCGfLFtv7oAuZBeEFKyx+vSwVZeCyi7cspCjnbnHeF5lWvoUvRIp6qaACQ6bA4UJzp0nHhanQ+CAvwMSTF23UNsoa4dQ4N8UTUfOoiK1p0VWzx7opZP4ncFu40emG7j2g030iohOf7t1Qa8MTcBfuZ+p3dL6j8x3d3VG/4/Fgw7XH1arh8QBMsZWqDNzwnqUmjmDD0pOtbC+TWplHCQXrdVIJbUP93Gc1aoIBw11j7mQF47HVTO48EISBnGgMrxNyBxjstDUv4yA4RQMiaUaM1xBuPYoqgEKYvNg/ofcUR/St66BMNWOvBl+QKcvnr177AQnSZwNccVwL9nD8Qny3LbcNQ5ha5WNzpKc/5m62NNGVs1s6rpcwZ4roqQmjPZkcrOES9B0btgQhjx7Cfu+6l8Zi4xFo7kG5/7Uf1whKKQJolFP5Y9N9HDfEzNX8zjLSTG08cT/I1yEkBdZoxUHsf4DGWsfynzYrsQe+tNqT8ipHX4/BlirZE/vIo40Wk/sZviZia8zhQK8Dla+MOSyaLZh56cC9roBYsyrVbDMhMaV53cfW1k7okrnXUJGZOtOTfteodelCItSF6D7fvPD866jdCJ9uHtyISG/CpzbcVSfqLCeeX4aZu8l2urcieDC5Hv6EKHaMYnJkqzkVH9j+iFySJJ0/LG875E2OkYqvVj/bjlHViVfM3F4vOaFdXKOf5PUPFwHgvTtMRA17JHt/TLUEHbjKuYYoShmSLc6uC/gD1ySOqJQQIHQknaxFt7FGcTH4jjgc+Aw1fgdlvjmkFezRnGy+NcL6/aJQB0XDPpVD1/m082rihr/U61kYVRUOuDXhHN0C97+b7bxXBYOA1HKBHxUqomocg31HqKpzsZPni4ZwaNXEORUjfB4VAttEjI/uNSKhTtKefebhvc4P7t08uNdIhB894pubycNTIyK+f1+IiRqdplIfF87zgeUimzmXHTJK8zkzKP5iXsLwYEEXfd9gOBxOEnWx6gJm7QpbQMYMLKnIV4MwQXyrU3O4NyooEZBs9Yx9mJZ2aCsdSyhLKHiHq8douFwXTI/DwuC4UlHE86VGq9gg19L5fp1N53ekiNH6AZKhcTmutRS8CKFO2X21jRcqiWmrYRXFMcgQVQwpwa4X7R6BGqWcn7FKZ6HtAg1JUuMDTK7sM7Yxdxk4Q67UFGdBby8WUvz1ORZYYjqwSwHihn/lg2USRDQ3YYRIf2fHqlEi1XbRNpiSjkFzRMnS6bFIuWfYCXGzlJGZzHCbqWofEbZNfJ4ErZFbmP1FVeFKCtQzc0yjJNgNa5Pm1wZYOZCuY2YBdYdaaNc5S5jA9z8dOSrw4YjQ8bE6gD2Q6wqQh2PtHclT9IAFf1+R92T1M0PyAIM9Y7e1KJghCL7ivNPyhqUwr7ze2lLose0MCIYs/f3f+Kl/6/v/+P2bB7dP7u7ubs8iLPSAb37q4z93/8WX2iflZ+9+6Y/+2f/140++/MKzD585PcOt3fETesLf8UXf9D3v+67bu9vGp9Za5ZqZ88Mth8cmJrCsXggzz+DaOfFO6m8+rOxB+xqC0BK1MXCV219K/55O8FK4d5wOraOn/R5qMuIAjUKIRdCoGm5NpShyoGifR40RSbpCG4ca5kaWyX+6o6RCMYLrHl0C8yuLs4/trkVoyfEKJkc/UbgZ3IiBpkhoKz+KeWm5Zm3saeS2DogvX/Mx90YUbsQZlLD3p+w8+sLcoVGaW8sOzBQ6+C7Ue2unl3/oBz79F/7izYNn7xpJv6PW+3PP3d179hN/+wff+Nxzzzx58ur/+8//o1/8h/zRj7ebe9JOJJ0evXz/uedf/D3/1M03fJs8eZVbu6jUxYElS69F0O7jS6m0oexYQSorsMoDkdalA1T1cmDA4e+SCBbGakIO0Au92Y+71v7imAPgyG2K6t+xLlskl8L0HCwuMrbbCZlsVM5kNAdrra2jIL0rQE8LccUZkhz7WYBV1hxFajGVirmETvRnGCgqkDXyPuAbYPfZOXZlo3LqE8fWnhdMwUVZT81rQyj6eIEmNleBwm+bJng1mANED5wvBh4HLXYrtwdHuS1RIabgJHoKKVI+bJyeISuinQNEr4tOr4yfr9KpEpFKtBjChnnOxUub8bgxrpksY3XUFQBerEw6nccBmbU/qDQe0b/TLtGb4yek1a4fM6sQx594VKzJvoOAAatrnrlPYwsMAlWVsH2cJqlERNliZ0a5BfTiR+AY662DYhuP6V9TqqjyqcxmIyJbJfQLhxBxNIFCJCRd6MR8c3rmh/7RT/zyr/x8P91/LE9I7kikS+eb082DZ4Xow48/9V/8rT/DzCzEdEMnEnr0ptOL3/hFHyCiO+k3zI0YBjB/JnO+NkzIKEcapoiyP+FNk7n4VXT3nWyx9wi5xIIzw8oenjHTETk7Co3KYM2gyMcK4dmEXiRaQ21lCn+5xLT6r3BDxP9az7K6Fi/WNTAF59aEwmsnQoclUOPQLPh+rlDy68ZPFYUBZ6oGalP06Bl+sPHZkqYaXnpwZe1y5AUBqv9j8BXI7L4sd9QIhSNcXRpO07YWT1hf0pji9GTEFGyggfFrIHpZ52dMzhrJBUBhYSERHfHJLDLkUWYCc5HIfMHTJ+NHnEeFEoUE7obA1NY5lfYQil2MHESoC53PdO/m/Oj2N7//+04f/5Q8+8xdv2WWs9Adk7T24rPP0m1/9R/+5KMf/vs3tyLchYTO1B+98tIHPvDCgxdIuk4kEwfDPCdjMZg5SIA7fiG+CECCrBDFWYi2YtKvbsv/EqV9SqOxu2NUTzGHWx0eBaiIB3/kAlpkvOD+7FTGS9h3BSkDiCSbK5p+Hjq6gdJd2ygUJmlhaiIJq0mslyawI3oWcyXRJpSWKlC0G0VbrnkRc3wsIh0B1cn1AHMhuRg0EpowxHiGVwO+r+SiOq/LaAcoJQi79qVjLSzJHjEEAlLtTw7ktaayC8yvtbSh/WM2aJYTWAVuPl6HIqG8eryyBevX7k/N0HrsGikCr5Fm53heFqkAMhWibmNZZUopQ3viQaQpGAuL23xcv0R49vkZMxVhGLOKiuUqQsiKFdfMscp4pbFIXbyFNJf4eaBBOcXgqa4z5Ihug6t+s7eHpkxh/TM3XIQGhkdLL7hZZVYCwQ9FV53jwgoC3hidaOnDYP2JtpOZmQ24mEd0YsUtoGqEIOEYQg2x9hqJdysiRTwHWfQ5Y3gpQggsUgjrznEIlzsb9zvkc8f2psLIAXODZqeyXJqJY2cOkXJAiIS+5PWf+z/99n/mf/Wf/B/biaif5vuTGwsTnc90Yml07+YZEqZO1PiW7+7Jc9/1/u/+g1/xO+/OT07cyijcDQBkj8FlBgFeu4vdW5WN11iVKO3dHRS6szR2+ujgudVAC4VyB2xJInsIOIQSyUIB8WbyS1vmbdHnhX8WwU9B25j6JdJEnRVOAwRfPYaPoxRYIXA5LINZVT5A0CEkqqnl/qakOdBJiT2SP8oQw1VEEUIDncqHZmcYIvpdhJevF/Lm+JTLBbIIN1ZdimdIBrIS5r1CL88AJwGwbcbaMMYmgJMZBPNxHHhszBweAZPw13xkcVdPVJuRYhYWn14Z5yjAamtwL64Z6svFCECYSbq8+PXf9Op3/66P/od//MHpeTrNbW2NW+9dznd0okYnpvty07ucmen20e3pbZ/3+t/3PQ++6mvOr7xM9++Ph+i5y7Q5OYJKFLKqu1JJIbSauKUYMogbsajZhGGw9mG8wl3rCaU5yKLRNorBFMV3SJE5eu2fFerYqqy4lMsya/7GYLKwOpzhqUFIRZIQLXHIjUuJTYKXly9sjoIL8T/DOV4vkIk0p9Hs20g1sxIhSos2xRMNUyr5rGZ/hZa8v4/sKMSZvfR21rWLdSwvlo3X9HLN/FOev6srrvlz8p7B/V/KHNzSLhSFWsMBFB1ljQ0Q4URm+lnUMlZTWQQO8GvxYiFJ3lQN4JVTRPixH4yN1HHYOoS52rCeVK1blBs66s2oVKqOY2dZBt5e+CEB58gxnZ4L/ouJWV/FlGehkoOsaKXIuUH2OC2GkUWqNooO4CNmVtd0oCVgLQLfC4eo5crJp50Hn8X1MsBKM3vnRVbLuIYPPPLSEhE89OWcm7+GiKrKiHx40uddsEo3DyFUkJxSQKsLx6IVqKMbpL0XMzdiof7k/OQ+3XzXF3zzN3/F1zz+9KdvWuO7TiJyPot0YSERFpG7c+/n3vu5n+VJf/P9N/yhD3zoId8j4hO364uOqfxxfByFuqttlM1d8SYX8VxGqfzZQfM5UD3K6m49FU+tpASitxZULKTBkEjrKTHkyjjUMUMwsvFG1X7pDGJ/uQvqSH5U26cgwEkW51Kssrm83dRUBzcpjrzyYLCjjFOWHbmVk/drSIhMQgOCaoigC5ELF6flNZBmjFghpi2FBSZcs2XdW3hIjoSWl8zJAbQUhZQtxpBMXO5uisGQz8YMQk8nOd/Svfsv/PbffvPuL3z0sd+kLv18FunU7xr11rg1bkzciBrJqZ1P7Y76w6/+6td/53f1J4/odCJmEcanCaE0U6RV44YReKV8oCIdf4q3PFRU4KUEsN54cVeYS1oUhKLsckW+QTQzKeh2FJ2vQ3jjvT0IP8t2MVS7HoHUfYfJLsM5AhlXzGiJKXl992QpApG/ostrTxk81hg+VVJNlde42P36jBQbp1xrzYTxJOVp5a3PPMY4WLx6auCjFwx2PJ/HSr25u42EKwjB5MVuGrRjjkpBLdftKvU6hA52zK6R1OVcIGB05MJSqmbTX6MSx93c2R5pzbNcj0n2qpCfOgB2OS6QvmTfbNCbWmJ9nQugRiA73YuoxFB3JcCkwUfespbhL+n7fwHbNCpn0FAyYA2AfGfkXm8td7ehivyQIiJVtaQ0UiOTkHj9glXKqXyup+Jjq8EVRL1ANBywoU950lWNmTqL0O357q3Pv+Gf/sDv+f5/8Lf7udOp9X62l5cQEfWxFkpE0s/95la+9Ys/8I3v+Kp+PjM3JcMGkBXFxJPdyhLal7CId6CmulUxJ1Q6calKnUdfWIoW0NimzJepTShFgdbB7fCSxDGvWDRK3Ai0aLTHlKKBeRu12Ut2F4/Kjqjc0iJC7Cno3gTvisoIfJeFYuFQBc32GlWQ09fnQSu9XB3FZCczc2YGeuwMPEppKnwIph2Jjby1d9lrr4PtQ0ArCCMaKDViMPZm2XWesMmgmw8JcGCSsSTtKQbajRSrjalT31tsm9RUUGS+EL9eGlrM/ggLjkXb8O/DPAU7GoxQUFXSDaXO4v3bWYjC/ihmakydmJr0/ux73v/wW77zN37s37k332XbkY/CjblTo9ZOt4+fPPuWt77lO76D3vhGeeVlvrkx8Rlyk2SGbO7YZqISQpeBwvIzXTbLpXsa8zWtFhUVMhyFYN5zGTp8+4pmWdaEZPVH6yjVlzzc/sWxcFkAl7BowzqJMYPq6ZTYSrHCNZ0m17Ky9J+jiMijibAxyaY+mHkEk9AJRuYgd11Cy/FlCwr6HA/GZyUSwhGrNU9I6NHO78fh9rg4wJXVu0y1nJTjtHaXwSIJKxWrTywjao/m013N82kJIBMCK7YOk2AWxszqT/foE1RBeDTpLq61SGtTp3dSEdqqnyo2QhqZPqH7qU+TLjJXNdeJSHs5IzYL3KhRIzZLYXOax8Kx6gxO+4wKiN50WlTw6vtjnWtlcmmQzD3g1c0Q7tSPxl3HGLdpMWPo8Vvd+YojKSoHCb0quF1BhqjJriI8vOsqBHcXngaA0ONitRyPsDp/RbOnOXid9lKnUjxUAYqSepDKU2Wxds1CHEtExI1aa8RyQ6cPfv7X/uPv/ZpXXn2ZT6cx89KJzkR38z+5FTrT+cn5bc+/8Y987e++19ttPw8taxjlQLztFJXCLZeRL5JPiXKyRFiJxt1xsZhXilZRErkYSC3El6b/Es4LtjEKA7/kEn6NGF/IXwuh/uwfV6nNJRBPZQcgxduFKR46744Vy129Cea7ALfKh1spbJZbXqE/3tR8Z4VWpbPXHfHrzcugYbfi9dN62DDwlouJSsVgXBEthSSFMu73ogrN/autEbPcPmHmz/nmb3n43q948rGPn6jJ3ZnuuvSzSJfemYSJWuPWqNH5dV/9ta/7tu88397S6YbGJ5RZmBYL4uQfTcflSvEmodtCDPJuRQtejEuhZ2mdfAsfTW5qG+PuIznJUSXbyWdlvehKmwnw9wiWlvMQtge412Nw8WAWXjZ6MHvac9D1GqOwST7pKZl/zfLmCvDi8uZngtJ6HCerxyn0VQNX5d2DvJ03FJVjpeznYC1r16Bof1FSJe6zBUuzRKPhYoRRbDIXW5F5bXM6y6Jod44yNPdyee3EUQqYYF2fMvJPh+maHx3gdwzqqYxb+CeMsqZRNzJfreIpOBQnhoWOKSzOqAdjQQFERKBInXZJ+dpa9ASGtkDjQLuhsJuMuMMozWzuMQvFeckFKdpVttIJdkFZXJ3uWgsp6z9DTdKi0GjMiva8MLurSsMc5Vnn+cMcv6qiB1hiW9SYEEKiolEj7uPq2x6+8X/09X/gv/3Jv/u4P+Gbe3I+e84/6gm9ne/u7lP70Pu/9YOf93WPnzxp3MaIXvIZeJlIrFyPIhoKKooeVED8r1CSgRyJKKYgCZeUTWAj39QO1qwz5HN5LBpLNFHybTs1XrQyOW2EENoUgeOyMjNKbYG3OuJUc3uZ1bKzJEbYl45pPxfMYbgCSu0OoUqKHijgx3g1vFgOyzFzZnkWQSlNInCyVuqwuBQLlvEIKzfQpqhAa+sFDs/C6KDFrYTG6/YsXnLSHPy6R49OAVGWbTctDC3NcvCC/OpLsKAuJrJW3PV+gk9R1tt+0jpP+kST6TVTaBxNbhrUz6oFw5UjcB1e67rZS8HpGxUTsWCTZ6wjMvh5fvXRwy/7ijf8nv/Br/7UT9CTx+106tTlDCiztEZ3j1557q3vfON3/T563Yv86iO6ufFXKc1pmlzH0ZUdvsbs+AN1SdR1MYENa9hPETjE8ULw7IYZiURXbDoBFlqnIBrD9cC10ASCwBGsixjZHVgJ5yAJR6eMUiokWho3Mo2H6IOsjaDcpo3fi2rQMFGIibnsvQtAARbyZ/bcbDpwVZ1NBXNNWtz9LKOSBvE2eonhoB/ljDlSmWp5gBXmTnPNSvGZYOMUr1Kdsq+jykvUgoXcXGNabQhvVpJDxFK6lQWHcDdezWBjyx0JAgvI+S6uUKkrcZYuJKRgIEXy2ivMiEIGMRaEJN6GvKcjgAIzPXgWlUDCwq5LWb3bKxLdkrP2iK+K2EZB6IaWvDc0TKgmSiMVI2cOTm2yC/zUQuwaeOS9J4RcgPSBnYR5Et/hF+NwVYE5rTKeO+HpAURnjTDuQvSaOjMkb5Ry3cAXK9Ss6OrFlGQizUkosf6BCbEHNGC8hPRxF0FJXKZKpp+33kQjT+PBHJ8abxYOnoaOY4JXHGj18IjQyBVlOQ7Kb2ZWdhbTSjgwDrQsKCMjKhX4Bzy2CQp91f1C3xjdNma+Pd8R0T/2eV/1e9//2159+eXT6Yb10Sch6l2kC/H57vb27a9/xx/+mt/LXb9ch+44TV1FtyMyfqABOZgrqMmXJeqKIZQmNDI8TM18SRzsjZwWTDYiGnEWCwtik43prEldnAq4YbPqINWqFEb74FFV6p7CsYhiwjtIBYtwpidiX4q+6GFwsiPcsGDk1cGfSBhjzvuU8kCLxCOhVMrA2tLA1T4+tjOYU9JrNZd5md0ZIxyUNrPTRDDbHpysc5cAmh8h0iHxrGDFHBMsuCJhHJgOdZ3rAJTWGc9bA1YNiHdRz5IuT+AS5GH15YZV8GsJVRxwpamYQR672YR8exYzEzdqJ24kRC99y7e+8MFvuv3YJ05EdHtH507nTuez9E6NhYTb6flv/tbnvu1b+5PHdGrUkEFZxP2awD20qHZ35bka1RCf+CDzza4oaa6T1dASz1Oqknm4GMOLh/jUErsNA1FfLSKBLGjvUusdU2UXWY6r0IuOoCq0vlwkIVSaU5lcyCK/iQTwohr0yYXrOXkAE0NnSVNYHQtDOJGpYsa83hWdjE28TiEw4RXV1UfTnnW7YysMCpMB7R1kcxi0vGQ4jbW6nsRz17boiRAnqhQnyMYlVuDwQVdXT8d4jiFENDUlBLulYo4exHmr0uuqqicEMUCidrmwn3ebwUmsx55GTuorlJ64n1dDOBfnYERvYdhrpNE9bDQ3m1hU1y082LNabRIA9xsJLGYEMDt2cZ5k61UEUWouWW0tyTTOPP/Z0O77byEDr+JHONAgO0ckYJYX5RMGKKYxgC1HjFFJAb/uYWcLQRx+ZZQO4Lm33jXjfBYbTCtMyCjWHGA9BAYN110hZ7MVAHuyEQlh4B8Dd+d1+3x6jlY1UGDmxixEXfqrTx69+dnP+ee+7ve/8cU3d5J2umFiFuZOrTML9bvzw9OD3/M13/6Vb/myu/PdTTu1zZtv62NnSVAEKua5KEb1K7PQis/RDAnVcwTM2xh4MtNAhEbPbmY9UxVGWugorgCrEUpFBOtNCaHLxz4yo6TMUUrmdnmIK1/Tscr8yt6QMaTJQR6a1vM+P9xkF3QlGTMPHu2rePEKgZ+2tCTIfVMNKLm/nSgKkRUIYjhxAb0DrhnytGoQeMvoVI/H2t+OU1xMiyw/pWgMuQr7LfPB4B5cKg6FxweEKA5ncM7cqfHNPbm9vfeWd7zud3zo5sVn6dFjFpK7OzqfuXcSEubzo8fPvOuL3/Ch76bGcu5qRFKKjaY7HAdYHgfZpMVv6HCRYP83q+CigJsxVWJlM6fWcgkNoxsIANcuGhcB5ldQd7AdJtYspk/nnTqVwwV+sY4YmyzR3oXkZ4+uQSwDraOE3Btduq9AQjqIxcSnyQlzKhV/rtgeMOcanPEKDnSxBJDAHQ1zyOF8t0gCwXBVRwyz68ZXTPMR2CLIj6a1nJoYMqSTInqDwuq1yecFhR7qKcWjLHWvK+RoDfZLvTqQeWdLWF8rcqKV17Kcb12nd5Z159flI5nZzPXl7OrjZmAgED9NQDOeCK2nersdO8LeaiRpl44s5IQhtB1D6ELj7Q+x0TK6jsN5xgCnObCQb7HJnA2c0LiKJi/05wb/VUsC1kHbApqrQbDhLLEvzW0pczL5ThYDYqDie7HCeP4HQ4nogBlYoVSQUH//29/zz3ztd/9b3/vHX3r968+3d8REnZmoU7+7O3/p537hH/qa7253/czERPYBdVFvvfIK2AD0gagj4WtRcDKb17uBXbJ8yo+HBDDXUFXyJgoGaZ0DlQQ01gKp2sAP3TKOlWdamOqYwSGvm2GIKHyBZye5Q0Cyqo/eAx/2Mptr9OxhW2KCaojtp8b0L8WCFS1ar11vWIOy71KA94u+kTLGRSu9RJFDzGqF6nCN3V6p2NU6mvAKFFkDNK0TI698Qug2uS9qrfTGqg3AR/EGE5gJDEQpW3tuHsFaCqhY7ms6hAMZKcqpNERRcVgFZoSCcU6UDBgDMUknAxQWlTl8IzvrEbCcoqJvolJASf8o1kOHp2q88FUfeOXrv+Hjf/YvtDe9me7upJ2oETeSuzs53Tz3wW955n0f6He3fDrNceOLQ0St58SPRY3lcUjBFg6B6yecyLhkGYwngUNI5ENknB202TpQmAqCnzCpyE3lNcetwShY+QJYjsKlylR37YEEtcxuRkw8hH3rsymuNY3QJjuUdSB7BK2ZJ64DxGoJ0xfgotcwjs3zsfESCVVrluQ/HdWqF68/LSm4YDTWKwKkHXqBIodxOp4u1t1lcVXV7LCjsg6vuwGvIAyRSAOV6RlSPc8rFhWyvUGYESvEGfNSTXFX3GR9hU9CIwa37mTNMuOHFbOrnMh5bELQG5OxGGAE2hXgFOmEXvKtCHYjYNhdzPhEM2g6KNMY2sZ+/4cpKKNeLfaEu19DfQlaf0HULYj1FAlR1DZ2Pe1mdTQq8QVzg0Omc+C+kOe3cUZKHWzxUhgLs+QDzcEBnr6wEsbHiulkmOeHMb4pz7VvagCLfYu9PnDWwfLjP9Erpy4bgKnLEiXEjQepr8robMpMoPyWSVMSF1Yvnqi4iPTCpPxjGqx2aqdTu5FOL957/g995e9615s/93z3+PTgxEzchFvvfPf8c8/83q//bV/+unffyu2J4qeL0oITV/+ViPClKCtTgZcTeRInWsBbEONgaCNxAF4AXouVrJd8EwVcP4Z5pJLexszlitJlbnLB8Uua/plYAiTKvv9OORqKs7LDwud31Sw8bM8JXLmEJGBV3ai7oBIVaXPQ2CxzjpiQpSChfewu0CVrVWDHNh6dWCzFmGJvBRKZqYrKcrGCwFpuGdFeQAUZDtFLheT2WCKDgHxmdkXpMfw8WojwmLg/enR62+e9+KHvvnnT6+5efrWN+IpJGvUnj5995+e//pu+dTCBTyc+ncbriwpUnQY6EjvlJ7MGSAchfkkaM+sDBzBYYQNXwYgV3tps7g/3/oWhy5Kx65+9LeHFAhMXMF7bk77j15tMqUb+OCwxjweWSCGuRgkDe4+pkq+odNiTzwhQFvrXw2K8xQ7sutb83qWOr+HIeaatBMxfxbLSa0hNrxoaEIgXLntehHkwHJ6nBZTtKGt5botNDCBdfHIIvIODSalf9LgYt9MWWUBqkMgAOBXa1u7ismq8mPPtKxK5AKSMMoNtA1MooYmNW/vvdUSZr+GhSqoNApoyNLPrppWC4ZAjFNWTp/Bm8VADKepYrus0291oBowPsYWYPFVlhkHUBDe4FtGIKlRNzP2kKpG9pztoUYGrP+mBASfuFLKgbU5eCsLgFB+ZtiezMearOkp8CfhrMXCihGglt8wEsFpjzMSfKwKCVPhowsKrdZiOzemF6I3yqTVLFTUhr1w2bjLrRPRlb/miP/g1v/P/8hf/vYcvPk+3Z2pMpy6vnt/7BV/8h7/6992db+c3V5CEdbLKw+c3sqtw9XnbBtwx/bsgAyJWdlT7jwLmXIgXK8QYdUnSLQXEaQYWY3LFZ9C2y4kW+Uzl4FLwYusAcForR5eg0ileU9elF5nXM1acZ48oOo9VwlNdGeyJQ/PkpKpk+6aUwQF4/5A3NnsC7zr3at5cZwzRXzCGHpzmVWIkAS56KJAN5swrJY42ZISX6iZae5kEhLGCOhhzU7ShQ29KE9ZRYIGxkjY0JZJ2wWkALVE90+wPfiY54SgV1iaCdvRWCDv0DI4sdw/6egy3UbngTBZ7Pi+KkPTz7fnZ933dw2/45kd/+s/cPPOGLp1a63edOr/wVV/37Fd+XT8L84lYZ1OFLZCspmxMzjXkjxdE2HTPyQI5CfSKrT9AQDPnzhl4USRYAyzE/8AO+bl2TLOT+nIl6uEQhBuHPsJEds2sFBb2LFuuiLLtdcwR9sw01UqNhjWbh0kxKKo+Ta0w26PRdTI1a9Uj25W0KLRdnIGLSaSzLZ1ZoUaJFPmQIsDJjRiyqrwFctTLMMBZhg5dDNWDrM+x2OApuIaM0JJRAnIMOWt24LaP3bpxOITce4oCtoAzEWzx2IyYIMpGP8oo1OLzESfUO0TimKV4u4t0GVdORvtp88VxS4gpEkppuCKpcGRv24o5TzrQd1r8Ydd1MNTymKUHufXr689FHTIhw+xaihrjkBACSYSwkLYYB7YIwm/BYqZEsx0XsVUBabk1rrKTYOwYcG5WYR5M3nFtoGXxN24mBtrAZWCYBFCSkieMxxyr0MxzS3qjUwh/aBjlY0nK6sRA7kLJuLfmGCYFwSltRnRxsBy42LLjFyTmkxpdrbg5JtEF6sUEdkWO4ZwCKyKvIjWgcSKdpJ+fPHf/2e/5qg/9Nz/2vT/3sV+5/+z92/P5Cd+9+OLr/vA3/O4vevbtr949utduBgMA0+qzEgYZRy0wrw5nRTVfRM6okns+3TPim8hI5ENgOBinNYarpgZO410jbfl6a7DFnp9kX1jyA21lMEZ1pJquzTbzS4lpQ4U6BzT/HDjCBLcC3Kp0fUCIkqMMMd9jsMs6qEky60/D6NDwoZFVspaWG5x5hpjw9tTgmF2wSgQYtir59dRnYZ65DkKdGtc4dANLNLMaKNPmMURb6k37Elzg/QasciniQzYhbkLFusR6TCwuZGwdQUNvpXeP3lKcxvib8sHYprYxRCsHrZfFJWOOuPXbx+0dn/fS7/wnXv67f+v8ycf3Htzr3M6PHz/8kve84bt+lzSmx4/pdKIRNaoCU7TkAc+KgRkrgb8M3CASTo09QyXbhx4mIoVsG5EwXOMoR9xaO6rQbW1EAXwZZ+PkDw6010uUY4FUaGMiPmJFCFfnoSY148Phdjx3wy9WTasRhjwNSq5HzywEwc4d3RuFRQVLFZwJ0W1YZXlGzJIhV9jkk0jCvLmhYu2yZsvbkYloiULTIuSKQBJ3JHN1yoU9AX4eHxN50a2/AD8g6d5KsUgkGITDQHB3bEVIXVtaxYVyQ/UxvIrMgMnGt45BV5+ygRraFI6UpwwXaTNoouHf1i9WQpjtUV86SfOyfJo1CVta8ws9M9FGBYaIUeAh5ik1cadBgwMpGVkLIvtj+sq4/yW0uAmNoz3djgGBWtVsamIOVo/wHNGAP18Rlgh3sYBObhchE4Fx40CfJPwDp8tWdL/NEaLOtKXHRwPtjtgXsIIA5wqIEuMRbCgSVegQS9GAc6CAtEbVsT5MNHzT3fnu3M9nkXe/4fP/ha//A//6n/43n33u/u1Z6LZ99Rd++fd86e++u7u94ZPB6aIBFSZxMZKq0b3A0siKtXFilMR59F6YpSVklHSRPECEY5p3nB9u7koUjGmHMmlhfsEbJsmX5dy7rGJjOjDVoSlCjRqDjkCYc+i67MGty5MXDO5BuKD4hVCtbrRDSr2Os83WGI8smzjNFXQ0XyIyanMeq/nQoQRzQMHFY6IPyacKiYFFS7KzAU+jbLLKU9m3HDfGQ+vQQhFmafHWixH+RXq3cCJu9RDj11PmMTQzT9XmTkTCfNfPz37lNzz8pu/46H/5nz/34ptuHz8+nW5e+pZvv/+VX3t++dPcmhDxqa3DpVg4pm7XTFB180AUy1t5rOMR0XJeg81T3IRml9p9Rtp21XCaCSi9c7lZb2V/mnXCfAbrr7AzQSi8CKMYnmOx0sP6jDksm2rArfGfGnnWNwvksNuSZ7WWHrb5EExbZA9jV/HcfaHsivmLGS9evywehwOlFAKv1NQsCwDWOSVXKSFZU2i/S1nqJqMwUT9WZABVB7wB9v6a5EnPzg6msEhBF5DHcxMLHwp+R6nV+9JFIrjuqDoC5USyf4MEy8rOae2Fs4O4rVBTaLGub+9Ikyh1MIZfztlYcfXC4SowopWYzV1MQbUSUhm7eO3Gk+TaTAliz7pck+0KcCtXYeZ4myh1BpIxtYvTjAjoAojYUEzciPoMwsShZiVNRyESVAsMhyuDFtmoy8K/YiAMlixfWAKzI+wKgOvNFIptkWTAxJwKgAyKIJbqE/FcqmFhYuY7OT9388zvfd/v+JM/+Vd+6Jf+dnvuwevp5g9+xXe+6f5Lrzx5+XS6EdHvZJIM5fW1802pQghYaD8u5lfAgDADmRu+HRJa8BHrgqmMeJTW6zMOd1jlbZMjGCbBLZQjc/wX9BSXtIZXMQ/i/moEInbPJDcXz4g5fvwvJdNT4pIDJvUZ+0p53q8yBltmoVMn3+cOdz3cUlDTH8VKbf6GcLTwYpCKclW0ILYfp3iKCYAX3mJ9qAF+hAR2+OAZfxggcS0LzLksjqWq7IzSATQ+/HnQ/YqWIESHvaB1pa9Pc/C28wW7rZZUiLqMtNNsKzPLo0ftTW9+6UPf9akf/P7zp15td+d773n3677tO0VkvkZauq0/LYM6fVkUrwnoPjtHkpPdkHyI00FH2tC2orGK7hL6XD6uF2ltL2srsz1MRNI1VmD7SHTcx7KMyWY0LPfgvApBc3GRaI10IfobdxNrGoZ6ZQSpRl70m735+7fsJbyQHqNvmVEY2s/C8tcWSt1O2O+6rNLYpkoNB5kovCIoBM1ArEQjzNX1FH3muwlyRdFBtry+x2jX+MB9WC9AZbqchKoxqqiSX7PEhHBsz+PifGG5L0hLXkDD3f82mp1axBGXQ8OUxfLEyjoOrtCvuk5VYSPr00ka5UwVSMBXMegeFRQ4HKGn55bOXVV89zceTSXxpHcZcM2koF94yg+v77DdkZBjs1DdCnfGH6P0hp7mEA/CfAaPvYcGqbniU7UDa2V1PlABmTVk6dKFqHG74dO400iEpI9pJNL9gjo8/otokRnilU1lZDG3G5Spqj30FrsBz+Io7KNTuFkmY8CYjCJi5w4Atv8dUUTqFE3PaUTxYywxls4lP0tC5jjNMkihJ7d3b3/hLX/sG/7Iv/xL/0Be7t/93m/7ve/+7Y/vHnFrfSxTy4xEmJm5Nab5iUnlkRi28zyyTcgShOQNEfdJpCEpbNoQKA+rmDNmr1QNGWwQ/ZboMqR5XbKFydlheaZ8E03xckn3O07KeOIZ6YVXoQZzEkYaoIfes40Wz0V04U7TGiHi1ngs6I3ErlFrzEK87ERZCRSfDqJwrheQWgwRrjqwfxEI5sYX12BxC0Z1LIp5sA4WCGNzA46ySGHaC61ekJwGRlQjiYioNbitVtDQkFBS2oxXO+V5sppPSOKzFOdJBXjqIuv4gzn+JiVQ8TTrKoyvLKjD2KTvZlliwFP1XC4aK6NrxlOUceoiI5aSLr1TF6FOXXBORiGhv/roufd97es+9KFP/PH/4MFLb332277j3pe85/zKK9za3Px4FmpjH4I5wtHfeTiTBCcScMF5Zw6zsB6lq1iNVVRqNX1gpsXdSvJyxeC++xvgOnBJfdI0eESDl3BQ4wBq22qX3BMMCYm7V0J9R8meXkqljZmYuTXqzbepi1A/ExO1E3G7qN20sGfJo3TbtORb0KYCqNmsebosBDEz8TYXLRJNyBfaFajhHdhDuMm4Es4M0yjKqOEBeczXYRy/UPHa715/MMFj8E+F3n656QqncYTPU3d5Kh99MHDhjiQNUbhxTFArBl6Jnuln2HmLbwdZlWRhdAhAdsp4BT5YLkkliTVGKt6KjDXpiB6EG6r+V0jd027LWjFSci7AufHZdK+dhAD4MFrj+jp6+riCPG6Mv4ofq6uYEcQMoyQ+3+ioBHrGhRF29X4WEj4Rc2utMTUiOqk3pCrp/++P13BoMDuj2nnRS6rcGmmSMuXiu77sW37fV/+O7/1rf/WPfehfeePDN9z2uwftdGdxI0kjgizovz9+Sw5QINGg/rUwXDp1OnfpZ+kkwq0Jy0g+cRUR8iuPISww9Yft6r0hLlsYmk84PtDBq+FmyCgSFZ8Dbpr7BPtmJUDdhDYZhaVBa6n+iYnQU7nfshUD3famVk/gPJIPe6sA+cLVwbevRITGm7+Eep/ATifmmYjyZxaUXHn8dzPKZ/f4rcZ5QoZEg7tI79w7SSci6jS/nUx8Yhai9rqX3vBdv/vTf/G/OX3+l77t9/+Bfjq1Bw+4nUhkvPb2SnQ/W0Q9LZyy/WeXwwfQPusTykeWZjlklmTJ1jwxIO0kvbOoZscHyw/Bzj+WIEMyb9l0fknhxD8toZSrdrD7JdBio7MWOqHc6xuWLDqnnPu7pcWaLyNiBCYwBMTJ7CNKotcZ72IKGvcEhlXNIqalAHbcgvhm4gAxe2LVun+Ht2s++UgkGBWXJRmdkeKvbsuJ9VEijULOzzTKIku0fTUHdEH4cekYHDuUxdAn2gnHFxe59FYiGtZ7nyZHcqalVEXdOi0TpxkHroaSXSEVV1RSubSNtlT8MjN0gZ9xVJD51B2rLcginhlTGHrdGpBw87guqG0Ik6ruVlSRsouxj+BtPtxn+FIw5VJpTbeFUGGwi8p+soNu6/QMQzPsSMbWWZI89zMx3T/dJ6JP0af/1q//8A/8/N/+6KufoDs5P7nTEFCYielETMxt9hQRkk7SqY9lHi5i4zF/zf3J5Gan8e1Kfx+NsFCHKF909x4P+EStcaPGrWlH1Kop1eNXV0FvrZm5F5r7CTWUdmvuaq1cGqseY+BGbPGqbjMdy4xzBcyLDkwuOJZqUr8jW/ucaiuDPJnbMJrwKDe2G6Z2r53aWIbmE/+Dj/3kL330177zPd/88O7eHRGz0Fl670J9GPNGjVm48am1xszgt4RIep/bIGzkQZ/G+pPdRPP1GdSZaPyZWjMXD2RM2SAdFnIF6hkyNhfpy1GJ4I+NRtaZaOypIpqvmxhCwrDnSqdkXmxzrwEPqbLcewLpcked5zNhi+yriVR+zBkZ06LCNmQ9e3YbRISYhKmxzv/gCdvSMBthOucszPLCzfPvfcu7v/ytX/p5L779cx681Hu/k/MNN+YmrhHNlDQ6nmgSBJBy9kbvWHlfdI2l0QwmPsVJzglwBlWb0nNkk+WETajl5hzzo3ETklsJB5NMecWC7BSJqPepE0TcO51OdHNDt4/kox++/emffPwzP3H34Y+029vz7R3zaZaKhhXw8K96qa/JAcRbMxjRVmyWeMpfMkIaWzEH9WE2lpHJmt1dTrExgaC7MXALCP9ncV5akUAhzPuiRsQ+WztUfiDUFIXWCN57LFBwxumj1qg1bm2eDF41lrnRlmhUB3qnu0793ORMvVOX1sd2EGEiueHb557tr7wqP/VTN6//nPYlX9KfPL45N+kiZ+HOxCStU2t0atSYWiNuxuDBnkHapE6E7H1OIDhDH00YLMTQj1Mapz18wWwn/JpMFGWpwIdZbFBQLuSaR2zqzBh7MMgM7FiwvA6URZE0gNpnnJhVdo0VmG2eDy2qcSHzdDriFGNmYW7Kp4lUF+pn6n0kPdOZtdYe3PD9+/yGNz3z/q+8eee7+MU3uMKO7T6WQuiLw3eB1npYCnqwk+Oq9Y3NeDlWNgVCT7PAKIfzvhCxXHW4qoV+c45w4LStFIZLq2cVfrBlEb9ROcQgOPGiFFHwT31KuFblHowEXvH+W4SmYQSpKc/CE5J5xytiCvkJ+qCUf65zdjCWt0kLP+LXkQkHB0ecazGLk4KTnpBM+RIy55KSZOC77bi0SB0ib2EmVy3K+b0GJZOEEpvwC5DZonf0JKebaln4eQ0hx3Rx1+cTJErcFfnnZf2pUBQV7yAQChzeP0TqH0ZOJX3EUCxyc7r51O0n/uuf/0vf+5M/8PMf/9XffPyJjz1+5a7fti5yd3fuMh3/wKIJNY0mRPMWHj9l1qTV9XmsSuyKPmuAHT2xmb7Qm5RE6p3EPS+kWEzEjbEjM/W5YYtobGtsc2hrNtgxcZUwXxpfmRFku+OzMPITHnmIQpRZ8wv+zGdJ7ZF0EpIzyXgYyVoP68WttZO0s7DQiejUiIUe3JMH9+5LO1FrvXHvckdy7iJdpHfqxCe2lMiw6GpTR+jfnSRR789hRny2kPfTzfP4RLhJlkYeJlldgxWXTNJIx7wTOH3Vk5kNsoWyVt12xGZaPwyT1tCIiefXjnj+Y8Iz/7KBWDeeqTaEGVDy4JHs4IA83FJZ4ykNTMS2TUzmzM7cvHMXIrnh+w9vHj7/4JkXHr7w3jd/0R94/+/89nd8kKmNotWdnJn4xA0zMUitZ/EGEfbpin7F7cCYJjDoi2tEAIwQVg+RUkqPEmzeknuDKmxADOSsMIyqil4rxRmAeUpLoBm9Eqa9VNM8wfk8I1omuvdAfuFnXv0Lf/rlH/+H/OmX+8c/2V7+dH/509JF7m5JiHof+9xH1YFAHpfxQGQoypbakCnhGqmrWpDBJcVT5j1434DXkPR97OPy0Es2zVPvgMiQ21gRE2PyWFy1c+qn1qUGJDXVc5I2L69FpEahyIcXIU0q53BNJ9MeIJCx8NxO0prNHfUu507nzucz9TOdOxG1oX43Jzo1urk539ycb7id7nGjfr7jTnTb5XzLd2funYmoNbppdGrSmnCb9SOiWQGTTl1IhPusUKnhwUmbZOnkzP/znAC94l4I4hvd5wxLADklYdGKHspNaGEuBSQiSKLq5LjdUJdh5GkeRuVzPmfD4e4cZY7lek/GCCYhaqk8xNIt3lACLAVVtWa2l4pyV3kRosbCjVrj0+l07wE/eMAvvdCfe+70Be988I3f/OCD387M0vtMe2Q8/9Smi6BYsZoP+FCWUChdS7ZzinAdUy2w9vGgIPVTAAAXkyLKAMpcy6dWJPXYhpdAAt5WMxNcgF9M2QibGoMTvWZtSi+xAw9ugnbMCy57Gr4UGofAvcqg1iGC4yPVSkBeIk8Yc3IAFzDdZMWlk9UupC6IaUEv88G9H6wox2LsUbYTgYa5tjtaiZiTZT8tvUQpWpi2uOWjwwW1FBptUxPFnCYitYgxhgrtklUxoLodizTuTUMsgwsEtccsSMnngH6cf5oCjYxrNwU+xAgm9lnkgpHyjDYyVFqW41T7IKvuJDJWZYik91O7uTvf/j9/5M/8xz/8p37u1V/89O0jute6SKP2PN9/5uY+i9xRb9Jab9Nk8zzGQpgMf8sNX5IyGjYNmNXxEGkS2Ef8IZ2Eujn8HpzA3AbceDz8IW0uoWL8xaqhzHQmIqJTI5pfqB66MRzM1JM2ViVmuMGdiLrGT66NGm9oACAzH7AFOiFm4VGmZmb/ps/w3Z1kLGYOVNTfEpGMt9aeReQsMtc/NQ0m5rF22ZgaC1Njbo2F6e7Ue+830lprJ2rSiYTHXDJJp96JhUXajIA6iZw7iYycUM0Ey8yT3OWxXpeZ/c0IhjVbZ5Uc0tU9ZrYPENlsjEUKUYAalU1h0cdr2KERDQkQEelDIOd/87rx32V4FuAbcRsPSzKNtVD/TgAEZGxff9J9nuDPBlf0r5Kq9E768ssi5r6RyUAm4ta48cj6x83mJIqMJ6s7nfv5fL6T2/5Ebl+5fXTmuwfP3H/mmQfP3X/hG976Vf/S1/6R93/Oe8/n863cNj7N9+Ka9E5CUZGDVm9L95l7dQOzgNcfJjweIRv7wfC5hBVDO+ZFyWMTPQDkIzt/5M7TXZUBOt9xu6FXX3n8F/7rT/65P9t+7defvPKI7+7k7txefEjPPtcePOjnMwn13qf1c1PETkwg3osog9EarKlmNG2jrxyLsb/FPUOZho0k0JKBu5YFhxFk1b/50zAZe1bmQJqOwjIbKRFjL0vvNFI1ca0hsfxB7SmpnKqgBZ6H2JuIiOeKqBoQIqKuFsnH0UKZCLG02UeYxuKnnDv1zudO5/PocRpLpqebkYJ2JmkjPeNGneRMZ5Fz5/NZznPXLo/k89Sknfh0GuwftA3jQB0NkoY9Nq2T6WHGkwSARIChnFyHgN6HyFv0ZoChzA+Z8MANR9fEGKx2mpEZmzjqtv1crwxjZlU1DEoYvIMyY2I+naz0ya7Jtz5dqXkCIpcfxpI4EVGboIio0/i0NbN0kn5Ht09u+tiQ2eS5Z9p73vPgt3/3s9/0rUQkvZPbY2RdDM5keo9wxeYkxbURDga1rR0+pF8anNUMJo07QBsgpPQ+XcFUMBhhsCdTpWDdWOGveGXCAwWVQV4h2LgzmAAsDDFFLyVJ+gC2RerrsCrkRXax8HBNw3aNN+mirLSXHcu+SOzViQEMbYyCSReR1W+q7XIz5aVhXOxFQgz/BeeVljBWSqWWW0XmVmZ6KZiIjQ5AHeCW7pYt64kYcqIfNV2EIIVdmZAFmBUvNHQNFimEZ2legBlbQnUKoh3o0rFQUR4GN9RX9vknLViE/BPIIHXcZf7ZRbr0Ll1EztIf3nvmx371p/63f+Xf+cEP/907lsenu4f87Je+6Yu/+PWf/8Ev/Oovf/MXPWzPjERzBALMpA+ZGngPeYKhFRkOWFVENP8kIpJuzrqT0BltP+PuZR47t+xHCPioVh4KExotqrGHoKN/Y8xeQhDYr/EfRlncWIjbzNQS68eZBSwR2OBbnxszSSNg6jPRIM3tx/ajsZlWiJikM92MFZfp3mfw3LvHD0RtZsuioQCEscYazd5A/tfKuRizzQGx/mMVZp0IXYyBMnly8BZl2wAUOtu8hJto8IlGGX/6HbGoI4dtgQQNa+xdmRM9Qi2HILvQw8VGzMjNKitzs6ANLjK3ko8Sy7nf3Z3vROQTdx/7B7/2Ez/2az/3Ex/+mZ/48E88ao9eeO75B/de+IPv/Z3/k/d9zws3Lz65e3LTTkPY54pRzj8zMoldfvzW5Z8pwZPAGohX9OoKXpWkzFHLeIKLNeFtyFjCyXdHMiNCQnxzI//w73zi3/93+0//rHz68Zn67RvecO9Lvujm877wufd/4PTmt/DNSYRMb5jbLGKNyDXZIc48sdsod0xke1JlLsFxnFeMOLuFYwa+axsI66kJvNx+UEwgBgNnzT8B62n7VBtmCchdqM2CR5Ma9Ee6/QdFJswnAwbJ9nSLMqB7fOVhU+NGbPt4Rcb+W6HeufdRt5qDcKObE59OdGp0YrKNEcTSz9Q73Z3pPLzfeci8jL2+NydqJ9KiKrvx7NzNijpipvNq+te1K56NpbuNKP0RuwsDK2gwobIJfbWh2PMP7IWziAWROVTfIOx2LmqR2ZXGGryOyfVAV3DdhdnqhOybU3wO2T2PtVeXE2Mm58aUKCFuJMQn7v1Mj189/8Y/Ov/sz73693/8/DM/zR/7zZsHN/3hw2e+49uf+6P/Aj18SboupJtATtYGf6bqFVPQS5bvty7/XM3XtcnnAgGTzwRhsdUy1Z98aqyz4MUl/6QYMUQkEa94SHgXyZJ/jluvMf/kcsQVvX3ih7fq5JMmTxLtHNl1xPM4QdenoENLQiTvlnGAA0IwhFP74Qz8rOefjuRyqxLjgUgBUFtbF2y0AVVME951btM2/llnwSa0yNVpKg764zX/tCmwenKSCkw+mQgT2jQvntxt8Ee3EPPP3uusnePzrJWUY1HBqMWQpezob1jWrM+aWfKiVPdz72fp53737P2Hf+eXfvh/9uf+9z/56V+6eXD/5gn/41/4jf/UV37X173lvS+ennnm3oNGN0TShc7Sz3SeVeFpT4ZH5VnTBMPvxkQxdiocjUmf5WrjXpuGx2V7vp1JYWmwYz5gmjZB+BJmxDQyhbjgGMMkERHU5sN1DdkGzRjQKU0jdpt/MZvKhxBpAjnXotn3U3Fjbswn5sZN/xt8aEQOfC4ezhBJgzQh4jYXmIn00coQyY4IFMQkUDJOx2Q3Y4VoOGIJZIq7ZGxZm4qpyau+Xsa2gVs0LB4TsT8yG5CMrFebjqZ3DoNTPMs6SS09FPKaAdryfUiirXVI1lVVExNW7GBpgGhwY4zQqVMn4hGSigh/8smnfuKjP/OnfvT/9Zd+9vtu74m09qF3ffP/8hv/1c99/h2v3r164tN4Bm4816u0sQkVA8HJA66m0+Y51968gftxLyOpEUt1VjRfMTTx0BQKT/qbzKZjR1XcAc2WmeMD98kBqxXAZZUVvcGuED9FOHOJj4ionZ789b/ysf/7v33zmx+jO3n8/AvPfsfveP5bf/vp7W+jmxviJuczSadz9yCiMbEu2LAWW0zdYyxlgZKLkvPJtCDkMgjN7ct8ZGII36jo2FzNjZPewMyPbZNV5E2Q4YqzL/91RF3PkkuCxmNIJWVW1NRcW/6pDUWYR4lmoNTHwuesp4lCGfW42a93mzse7YeFG09ynk5kj4+OVEFIxmOi57GA3Gei1Mb2khO3kyrxnCYmmUt5c4uKPSOh1Fndldn1zQISmUbaGeb2wiMYYzoHPge2syWBPlGsjIaHIZbZAOj4UmOQAioOEX0xiImpAA12SWhygFxhAUO3SMUoAlCWAGFIiIzKW2s8n85lEuEu8uRx/9Vf/tT3/jevfP/3P/vkiZyYv+J9L/2r/9rpLW8bUjEwGPMu2SxaTB5MfyY/uJMC/QGiCF6JCOJXHxFsFH6AANPg43AfDabA/OH1tNiw5kJ1tL1PhEIvTFF0DFDkwsYKouGGe/LJiiY7nIFqQqohxPTDnc5hWkLgVrDNheQzYbWkkcgod1vJ/y4bld2LHWQE8WJR8wVhTkKygkIjYhAVDJF7mQKflV1suQypAFiAYuFHFLzE/FzUQNIik3kDh6rZWdVhUxIyFgauhBrNIuQUek1zv6Rjkqc/HmIG3wowoF8r3wA7R8wb8NikB4Zh5J8l36+tfMAw4eo1z9Oqxqb8U4y1Qnf9fJ9PP/rxn/pjf+Z/86Mv/2I78xc99/n/4j/2Pd/9hd/8uvvPjufWmJowjScIz7Y/dghyF6Lx7JNmoYNHI7yy2CdY+Mkso4+c82LxGUZgk5vzXSyzDwMUiTDJnN/4P0RM6ECzvuEPIrJqU2i1DoKnNpJMLLuM8d1OEAcRnndlLL5M6nxIZuITt0btxKeZf3qSMxg4Os70s9vQQG/6CWZKKbLyy2BrVhtkdlTWqSfAHyMDKgNuYSPrZz8BCB6rCbTSMEB3fYd+FVak4sNNn70k0hhAuSFEQtREJs88sa2VEy3qHEN98CSd/N8OlJBQU4M+YxEm4htqNzxmll85v/qXf/b7/q9//T/86Zd/8abzd7/7O/71D/7L73jubY/Oj27azXj1atMXsWhwM1CoUTW07N8jiyOSGuACdyiqlRY/TWtl7g3ONF7DXILKYFJK1Sap4LdAe9cYa0IEnQ5hEGllwlRnXGr85If/9sf+T/+7+y+/evvJV+irv+p1f+R/fPPF7xY5i5y5CwnxeMJ6JDpMnn7MZ95MMk3QEpda/Kl6qfKpN9LiJ01DRmrX4NH60FFRilNJMQsSb0zNxHrwBQa1rNW/QEJIGiIAiJI/e6jv32FljA8U1o7UPAzswu4EFKrpFlqTaUb7ZEU/k6ark4rxVCczcaN2girlXDKFF03JfM8Xn8ZLxMxy8JSb8UI9MR6ywAPhzPPFeXNmwH/pkIWvd3OXbsTfaAKR2xOxivlBjwMqDO/VTmMmG+KSwvZpGpdCsLsDiULjMl7Dx4wz6C3uKsHkD+a0Np+uYKbGMqamkTBLO7XTqVHrd09u/97f/PR/+ifoF3+eGt182Zc8/6/+66d3vGusgg7FPDIjx6YmXVrs7DadIzTRYi0jN2o4B/mn1zU9xsgtU1zIB6suT3Nck6CO4ck96zBEUR6dFrim8lDnzBQuWnkvkJniwCuONf/cEXiQupSNL7bM4jd75sT1isFCeEdVpxpacEnsHIhgDvCpeZLCkSWBJCJ8ISvr0HX+qX+v48UmBqgOJio+srKHW+afEpoIOAy4vhr3hZkCW1Ytk/ekb+VPwvxYMcdLZSzqchSh8raK7GsrUzl6NOrctuAeiw2aqAxPwEwfvXv5X/7T/8b3/6MfetL469721f/aN//z/9hbv6zdyV2/Y+JTO7X5iKSlUh61+QqM1RSnwPB0fTZb0+XkiJAW66SuecKe4Ay8+1bUl2O+hIq1g3FbTxRKz+CyCbO9JNbgWonUNgb3oFok/x/e3jLQjupaAF5r75kjV+MKCSQhJATX4laktIUWqFLX174qdXc32tJXoaWUClLcobgHQiBBkgAJcber55yZ2Xt9P7bPzLkJ733fN1xuzp2zZe21l681e0I8oKFivUHS0R0F45rnG10kX4eCA0D1noL2P3VizSwvz9zkPppJzD8li7QSAF0Rlv4mjw0PS8569dR2iXniqeW8LeUboaaxIy3wUk2FvoaCrAGZG9rfFvNn2MxsUKGuwkkFzwALp6dwU7x5dS0kQ028jAEgIadIDRhFfMGGRT++57fPbl2GsvKWA8763IkfHsV6MhIR54ioHwd1BpPiY9SEV3AjrNcdYCBnEvkt3frRfbD5Yzd6iYAK4q+Ut+pKY8O5qUODoETUlWvuUNBbaV4qKkv8TylISmKcMSY2bdj27c9Vtm1LGiI++cTud36E9/bKtAlCaPlHAOSdRUUACKidlpwMcnLKw1H4JRba+heGX/lyLrDd/K+1/xmycmmXMrouAq/52KsCKfUxSi4tbMGJ7jYCJn/P+JDWvM4ZOQDB/pMSn+EJ1yoioOSl/dPvYp1PMoSNJodZAhK6xjlAbDvEXJdAJuQDRd4WFIwZ0AK0vQmVs/B8aMm7iV7rUGFQXjOMZK6FX+cECgXf5lkuGBbDGkU3HhnLImxt/E+1lehtopJ3RACEjFdisXxJ398upZdfwmaDH3FEz6e+iKPGkSRkWEqpeXsRyZROkbXnrP+JRsbbD+DJT99pxNxXHkpKXUQqywLlgnqBHLZtcmqxTJJbO9NHeImpabtgIeZcgDAPXnFuv01ouBd9DKe9C4N5ahls3libRs7acl0snnKugbHrjMEyUilNsDAfUbt0UIuj6Tvh+tAnrV1pseJVonMxqEy2CncE3eqg8iRSboG7XG85MP63ue5lRO7gCYfKzV5qq5SCUbpSMLQNEJiYBdIDMGgJ5sqxkt84NykEmHQTeFbQCHZXDmZ/hVDEZEiqpWSjutgH6yA/sXYBgzWM7FvmBEEbWrWjmi5YsnmkbAqQiESM/eyxP8zfvCgDOHLyIV878ePHTpqXJq2mTIgBcRCMJOZ0r1HXKjIJDFG9IxR9a8EIIeuumJ7h9pesw+2FFTb2wb1cO0dRWNw8vyUGA1r1q+QEgcvX+r1QIxy9KYJJzYBahaqnsqTxJz0lj+CO4nejgT4bCe3goaa1qRUNKoE+GNa4rMbt9JcDqkTM/pC34hyS0OEmMAAh3wasWe//5JFsOlolENpzoRFURHU4lDXo3E+owYI99YY1G+YZAW2XZhZnOcYbEMM7xSUbLvCaaVq1G2MOOvLGV+cJMUTOEBGRISMmM5QpZUNJ85DJB37q+A/t27P3UDp8w4q771z+YBRFiMavM3AZptYhRAKyp+2qhRrL2i21neCzgsVedrnoswTm++Y/24iUCYXYwXUzXy75eLTzemMaGyZQKiPHNY1xpk1Ti4jc5TZStXNhLhr855/5ho0SOD/2mN73f4KNHi2TBiPJkAEwl7q0O2+ZteQqu+lJhF1cObQHcq69pBsJPX6jAm+VXh75+CUZu3Vp/eDJ5RE7YgBWeC9HLQoyAsdYnrwMfsA3vr3AKXgtmT6KCYwZqn8HP7KMjJxwdjB7XmPezFeKpEgs7clkhAuDf8q+K2+x24S6i6sMwLwdhMFHm5APaMJITZ9I/O3L0ScRSEJS5dMSpWQiFUPDbPrs7g98FGftA5V6uuCJ1sP3QJYSQ5LSPphSsmh/04ig2CigJROmMPKKvGGd+PKpKPeVdyf3ITeUVcv20W3f+dzllZ/Pu0qdTws2hpD4Xchc9q77unD5YwIYveCtzpkjGHCsV65iWdpoE0MkSICESIHKsDkVY5VaxEKOVnWzUJVYoHOeqnVv/HWV+Dn+FvstHXax1KEd4SqlGbcXuZCiFnXmWbiwo3/HyQZPEtkF+oSdJ5WCW1ikf3tH7a8Tj14XO6CPTzt1bnYq+MMjwJazItA3/0gTUW5riuwQAEAE3oBUBkDeZFItbVUVeDO29zMDUgx/wGDSrg3tt3rogMSdRYuIiCwnMXD36h+KKPaRZv4obeO3bqMOCJBIEolMIOI9ax65+4UHMqApnRM/efQFh47fp5k0BQhg6iRVUi87sT/kDYbGKPPlBdiaJrfXnitU0HZY+Ck00PLYCqfy5ea+DGAodCPj9gWrQfBgwPK5CEPEEnjyj3KWS34hvrPiQ2ZxyOxznoAMGCNmIsBayIA+4ZbI7gsRkTpe0OHeW7JbpVOfAEY+OAOq4H6bUQryEskn+wDLgUgs2A/2foj3fEOj6fW7PUvGKVgKAEXg81AR5GSC39+IEU+TlFKjsU91g7AF2ViBIffg9b92E91yECVqS0qgyCDrTwYPn3bou48+f2r3pDUbN1y96OZntyyt8Io6J8VKZfLKw8jAMrK3XXqVypA2hLCLjqXVJhTsQvAgaNEyg1BC5qdA+y+W3vdhoLyoyZOwUxCIxDkCJU/Nbz1wP0sonTxl9Ec+CdVOajUYQyBWJGELbjuHMADKRbrCTTEiyKdw/UOe3mt7Fb5z7pMy1IpCyMHnSwcEF7MyL5Fqh77CpoQyrVSSOJSZtfkD+hLVFNj7LJ/PBRpJaMEGABPYsQgF0KftEKnTg5A8w0CNo3Q0Y75TiFZ7kXoRJZknRaWPh1C26hSxdzMwJJxqyXXO49NpMXR3wkBSuHFgnSNfDOf3r0RlWYIslXIll99IA0Xen4b1DLBuH/xlYmFK3yB0llyosPTGSSBCfWaieYhXSCQhhoei6bO63vLWZNQokULj2qvFypcYoj4Yuc072O26gpWViDW/sd2Wtmzpuwr/98s6Zk6yFcVsUQ74cnU3vB2vLY7w5//iwmJ+hsIPnlJvmw905PCqLz866g2mP2D7nfpf7OAI8BVHy7NGyXBGZBYoyqEiLxjbgIC7XW4aXv9HMlYWDhXGKa5odybafWoMnM/wKrUuAhe9OIvS8q8KFWVtfd+YCjfLp96lcDaRo9IrcvM56G0ug3L0n5ueys+tRaM52idebTmCV79hvD+yUEskQnbHyvv7uoarfex9rzn3mCkHQZYSSPSOmpGEHKR/bBkaD8HhRw9tJIiykNFYDmSbq0cq7Zsw7JpCURRIWrMGd56DWZRbvzM2CcAr+fUZDw3Y5KZAyOlmIxDMU4bOtEfMY9vBY/w+CMSd7oIFRFmMoAevjUDaVsZLdH8QuGIS+7tgFzjEE9oRITy8Qq08FGhoSyx9eMya7H4p3JrhzK3wMDAzoJWvoXvk17QGiDDJCTOA62ontvAaokJNeBbFQXsPkwYXwYM9YejJrDaXafUv8iEOWjiq8xCDbuGoDW/9oxaoAwckSUqUxKUQMsnS0/Y9ddnWVesWXrFw8+KH1z623/jZMYvAvphPn/6NbmvCVRDYaLHBZRsd4N8v0Qrq6QDH1yW2Doac4dS8t3TfMtbrNmGAkZWKFw0ARPu4aMCxfsxP+eberjphUwaVwiUhMkqaQzdeESdJq6tz9FsvYD2jZWOIIYBkZHPYhuQIvPR8KbHYMB0VM2Lk0amldx+rHhWHsHtiy+NvPYwTNXpVer0WXLJsraUJusYezKF9qLrYIiLHnxS2c9xARYfcuCQGvHwEKAxLaAb1Hjm1pwqHxfCuLNyRgP3fAG/4IYdjsJIVHJbJx5xRabYNosd4Si8bitD99MtWvXV7EOVA118qxBiaLuMjtXseIaDuojicPBJSL5ayjGza2j0D7y/j1QTPUVvh7m8W6DMtfOVkVIW/9eQW6zGFT+rm9DJCXfJK9vhmM53dPEeieiZXvGuwbfmRIYiB/vjAwzvOPH34yqvEqlXp7TfguEnQOxrSFNwptQbtnk529B9eeWNMq6fyFxPkJGfIzAG3+BaZ7VLIjXj6xW48aale4mOQRZjFuBtfRVWLqR7wluPDXxTIJYrDV5ue+vBHMHrBLB1LhqKg3DE4JhDL1hNgxi09P2DBmTE05wsQCo4wLc1TjeyrUFmtpmHHkhOJciMYVQVWt5ZgpqCjS2PnRrx69ON960LVWgMghYDlF1LASfFzzjGxi1UpGD24VrXBjth5cx/azV7ukpWFrW23HLi0O700ueb3CSzjF/BQ5prlpywlG5v9gbJvc/AVJgVPD5SQFoSbwsrgsASCpn2wkt318gupdtu9faBI5SOUZsVqXL1v4/z5W57LpDh4yn5nzzq1C+tSUsQ4M5knIC34TMETgGdqBKZSYCn5bm/4rxfJM21CGVK+oUYGBy3sNAg2J6cbIyCSq24F4yDmRtC3yP83+CbXWI8J1oZWK8ovksxKoTBmsEqd2HTpdf1jH3yxv1UM3RF24OgSgHl5KHgY8abCAFfFNeatlSKwZctA92Pi7x4yXSfM9cJwDPBjC+XQFS+y/TDwJ8sg1B+tK2C8VbSwWwovdM9faIws+13ZLusovsU5BlsA1ojTWWty9QWMU0KNKsRnzzvtiEkHbdq2/e6XHl6+cyXjTEpJ+r2q4LEj6PIkN7TaS+3h2gXqb9uL9Zznmb9Z3AvPcmgntYJIbWAZlU0a1n34Y2qnxZIVBV8UunjtSH8ohU9jI8taC59KFz0nhIgOPLhy2NGivw+kBAlA5t2Pmg10ws3WDKK3MtTJQ+uCFUI+io1dSl8Hh33c6gY2SU52Li0CAllgmB4NkUEIku98BFRfzLiW/iCgWbKPNbDLt1UkTtRq+gyR4/QBkr8ouwpPLThWQTMLYq6+3A4FBpPaMDYfjQIzs5AlAzRK1+yXh97gt49M9JaD4H+tkVnCABY/4T03YPCFS4aT97WGhBmwLUgWY6pLDmyfDOwCjZRHI8QQcwRpUtMhZzvn2JFfjgXIIcTgNk8AaMWu4Q4zqeeC2GCvGkoD7BLXSISgnwdCIiSJKvMshBxudh3zWjl1eppCcv+DtGk9MiYDzs9vBvmK1G2Pa5S3ayHUvaYNBXLSaDM/RKMlm9MVpXU4xZIQtXL1wVCe/7U2kHOsQTmA/YU4pgsFb9hm9y/ffC1ztwJ6Qje50y/t8iht4dHU3LZjW1AD0h7BuAgH8UsbcruTc6f1NAYVOU+41J2z9zD/FVnvMFRwYQCjZBntMBNMuNveXdF5HoFO/G8t0oyCagNPEUWKu8smcqKvzVhQQEk7gAProojkXISlzbe5jg7KcF3Fuf43nNZ+3WUtCdQLnH1DzpgxmkCLPuduiQDLzGUOfWD0Up6+TcwQ1VMv96x8bMPwVpnJs/c/Y8/uCSQER84wYsiYenckgE65WW6wQtwoXXRmgp49YBGyr2q1drODyK3Au+nf8XwEpz5MGkmvBAChnN/IDoj+HCZu2qZTW0Pb1VGF5GSMCm9S7U1aX9iixpqJGAxu1K7/w1ywwmBU7Z+lKFMqZ6IDjrycGaFtMmuZGflo1upLQk9yBFanb1gaVARHO5D9n8gNbXAG/i5YA8NC7mLlToCb7XFBkGA2J2g8+zoEUYVNQmSTD0t+m40n4y/dAAR+pZ/CnwrdU5nIc4tA1C+L0LzqMtK2J5G0790B5YIybKWNOWNmHbvHoaO6OpfsXLFs2yoAQAbStLQzBpE+Y6zkV2Z0fOB8egqvJLxKUO7vufW53+0DXgAAwVNMgQGwi8vjGEcDVrm2VRjoyk4D3RC00avVpX1CpIueYkMNGcc9x59MmZBSQCZJCJISiVT1prUsgxUguEIPQ9w+f2t+LF02eg20VxbKJQzpNNwOf1gPFxAQK1ju9QDAYJwCIxgxoh+LJ3BOmhHzQVvVwHjdxrXT/GkUhiU3Yx2bzXEyKAcImQSZIRvHlKSlq48aJ/WcaCWjA1C7Luq2QTJZrncs5SKV5BYe7B46UnKzocUGKJbKyz2vvzn+pkgb5Ithp0ogRCx6u+klTu0GebhUO6+0g7cOz5NxDAUUlGz77GV0AjhRb7BL/q0c7dt1uJpuW1LkRRisSjL6yg5k8qN2MagDrdYvAwQCIRlDOTSM4yfUjzwcunvE1o20bhVlqUQmPXAwIN6C+YgYwFNmiJfHyDy72QpLxUEKvUaIuV2zvOzL5Lx8DljWWVUY0F/wlQXDQWU+BMsJvyptU2pb+5ZqqdXq3fe8fV9NeJI8Nzg5cspP548zghJp70igJWO/ce6D2nUDjBFU3nDls5r2ucsoGbLjBGJshKG8Tck1DggYvZtFjKDh/hy2fO2oPuxe3IEg8MTK/UNz064dvO0qJZ5cf/0bSzYr2Nm2JOArlNIZSojWqaOyvmQdIKKRUEXBB59b20GChQa73Alq55ljCQ1EekjL2k6DBqRF3oaVIihEvRE9AOg99Ysl4RYlAH2doEkIARLI1gyuH2oMjpZd+43ZpwaVhmwiIgMiYIQSPAInAGUNoFFlWoWRVwlUMIa0Gjb75vON6W5KCh1aNOxurFCHo/2agvsl/I8acYE+B2vPAtl/wwYQ0gEFUoPypVxqX90cqCqb/KG8EzNNHZM5vNXby/y8HgG4RDSami0Ni3VBrTDVW6SBzs1smYJyXKLngGCjyFu1Gq+ATSe5XRVQUKTkSL7N2+esVZPLoqHrZ9vae45TlP+P6B/RY9Zok+LBfpmV+fFphTn10UeTBsx0RWuU6qae1+PZbZrXDcJd4N8/yg8NL1p7V9qGGWQ1qO4zdu9x1dEbd25eObQOABiwlARDBCJE9S4iL0hsRHfuMjpA6VZf0mka2OVNcOWX3iZR4VuwXB3YFu5NnqHJEexg4TI8CpZQwd/rgHLzwFs8ICJQ2zZKpyAitZrJ8uWimYqJk/iMuaLZQCGIASIzjGrIgEzpuaFlXeBphLtePqIVep6A8awcMOIJ0VEcgTvbzre81VwWx0YCGLloRbLpGZI1hHrBt6fykJl5C8oJwQ3m+luVndN9HgHZ5sG05t0x5LOQJ87NL0d06iXeWgT6Azqh5qHVW5ou9fZbGJ1gcYbujluaZhiDEwwEgRrNr/K1wscK0XDZbSwiU3prtJ4RsvlmRhIF0oxcN9PME3dkQAcwsQFbguhFlsw/pjjWqeFQm9t/qHDH2IrWpcwRIOj3eKMdQa/JVx7O37TyM48NXx5olvBECyNBWVrbZ05/vRbtSOVDD+K8w3DiZMwS9wwN6OE9kRUQtIfEvFzCNk6pJz0Lwtd95dqHOh4QgqrFMgjd4i0AnsuUl7c+GGhN5rxl6Jr5U7d1rXPDlsntgH/AwezsVQra5QR4fr258bHwwQMevXpXH5lq9Vbme/IXgyGdlCIXZAGnMj3RlDez88rL6Ka8GkU0Wj9/lZCZttELCg6DEuXit6H9b+EJtjv3PSidMwIBePetSMwRgI989NforKK27szuXDluxeL93AoLnO684tDDIusgGH3lQodhX0Bl1mNAUX51ca48IfzTNgu6lGHDR1MOCQFVa1vUoxNtUbou+fOH/P3ITenbRG0lUZurnYcN6FsOanQgIAmCIW5sbNsyvEOIbO/Re46rjQYA0HWfSp9orZIXE+EMXkQvmMlqQMp3yXF/QE/+FBSObxp7iixP6SW8bRdtc4MekOhm8Cux/OnQW0EeDUGoxOhsvaDwCUfSg/iQ+1aE+7EoM7g3fcjoYzOH7mJp2gPU+52rvbQgeZrf5748RJDr543rf4EGj2FHf4C8RVK4crrIUgcWv9VfebZJmVAegR5KLioCDRpzZP81KLXRAE+DBWaFcVLR0jdZMWPtJfKz1m7hhEjIkAkp5k6cNWvSjGbafGnzik2NnchUCW5IS7tYVqgFR7402xfUXihV7SJKuhe65BPUZeCVjVQwqkqByY1m6XHk9VpRYdAvNq5PNmxAJjtn7sO6uyFNkMC+JRKlRMvvofozIIX/2j8DDvLUfdgm4LyCuPTbBrNaxKJekanSDaBzcql04FI8BQIpaItWJ5T01NTjiYcRZsLifV/W+kMClbY3EsLF8ULxatdSDgDlRyuBuwTIksia+jxyDYDf2wmFcIQ2PdwHq6iC74zWsHA4zNhxfVLEMmsnVKUjLKCgI/2hcgOTvyeWHM1P2FjX/PhaHAFdOYCN1JE/mJG6pFUGNYerk6dGUyeLOE6ffQ529jEElOVMZdKSuZslTUc2wOhVKRosm2BEYZ7LbhXTku0ckhHBKJlvN72CvO/hi7YQrLYAYu4vdMq0vQ03wlVM23iuUU5n7d52hSok7LB7WCrOYki1Lf94s9s7+XiHE+u7TXllgHib47SY70+W+tX+eDk57QP1qq5yZR1CUL7KEt4FyOUESscv0vnuGUiueM3bBSo1Hf8PV/kwnp0PkFfp7aDX5w9ZtxNNssfnSN+cKQaW3OqIfI86T3vG0dTnsvi0HOoFAhKSogiXb1+zZXBnkoi5k/bprXQJUM9KkDTnGKDNaZrHlEJTiUzOlwygiDm6RCJfM4f9Ud1Cc7iBx1k6WkHunIXApqASxLtnRL1ot1foFCDNGiwqU2GjVepLV0ACGBocOp3rvtSLNCF0dVADgkn6WHo1QtYzBUrFkYvJO3lM5h+NG7d6NV7OC/bGAh2q8SdGUHAG24JQsnm7kpXoornkg+63MXDkJbjFiu3o7xN6azffuXlIrd2IO5sNc14LaRI2fGcDVCEUFrGmnsExpyYHV/GdE9q+YRgmcEoYDnT6woutBjRsxRnarUDKZDa1d9LM0Xvdkdz38saVmwe3TayPElIwpkt6/anNgswQpQ55Qbbkw95u4Q6RNg9pNySUXbsS3OgwmoM2FxB1BgSEcPq0gGULbyP3TSrSbKHJnRrSNcMiJZs3pdv74jiu7TsXgEEmMIqASL9vxZV2qF9GWGHAIUaaaRrVpkMYoDXWmiEQHydG1BqDzshTfw0amWjJXuFC/UXgyAudJMjbDbkrWIFBuhpIybGA8EMhj/7ZVECA5mWbdjK7JsOsYbTFboHdek/LqOnN2aWKPkyoniweCA2eSL0fR39U4OfDvdZZ9bbT4As9/DkITR7aiiDvMgrSM+G0oIcczlxnqxRQ93fKJE9RpoMNg3owkBvVKn1SYp0sDsKgItmdI/dn7tLQmJOUnAZTSPJlNGjJpSkTg+/QKhQtfl3RsBXFBP4OFJFr0OXh0IlMl4Qwy5UAQMNN3juKT5qcCNncuKXaSjiYmI5XfONKQlDDbrbBk3SGkc2CAsnjUhlqQLQLtpjML8pz2JwwLMpPKwmL+aJcZsKNVtrR8nBI1YEaC5fmj5NLexiNABC+xNWlxTTB+Xho43aSG9AZtB66/ExRKYTtgB8hC6oG95MQ+TF1G/T3LdDsbskWwfa2U5o6RWkVsZPuAS6KVOQSdCUbpLjVA9hjGc+O8GW1PXhNSxp0eCgcRjWi94VeStBBmCOAkFg10B75k9a/jjKLOAGvsZq14CgG4qXYB3IdrJAM5wULjEe9/nptm5IMMAbmUFhOtVvhfp+zRjDJ7IhGn+bMc2N6W8YsEw7McGIoPsOL2tz3vjdE5lF0Hmv2d8ni3R0JRv6R3JH2tZIWk2xq78R6XMtI+BuuFw0mpB1G5t16/B1ErRnUB3ULPZiJrIazvQPcgw2Emj+cWecvB/M37HheryLtIkLAEgAuGqwJwey373c68VqOAwJwda4YfJu7GVxBNw9CC4w/AqD1a8j+hKTvC3xyKHa7gXq5XhIHDW4DhPkdyiB3K0R/odZKzuMi3DHn4Fn4yh7HRh82J2m9FZZdtq44J2E1qEVeI03lFvsOeGOwWOg8wRTSgT9mIHe9Xmha5kYDj7wVntSrdyTITtY1rjoqAuhv7WimTTBI0MHBcGI/veoJak3XpRVTQcfiHafBSuwk+21p9D0/ZsH5zF15867N9tryklyAdkT5aedoP3WaMil4rc4nTrRynOz/IZMZmRUKEgeZIdf8dJbInBnkmTf+WS7+gsMPTuyGmlizSugDFBecl31l2DDrwXwHZVVpHvI52/xrX3Yd0KHHKkZZhzYCGEomZx5aEWdgQnRYKluctbPclyajWSKQQ93hdivo7Y2tfofi2UgL9SvwPPSziT74wViaYJwnBgVlA2YGF2UAS44mwloQZgSE9iiy8ARaO33JRFa/+T1COWsJL6dY7eZ7MxR32ABHxgKw/EM2Eml+LA84hmp/eTtFgEQoMqhW47FjGGPUHNZ13qHmHynLZ43mHCPlzNBSKVr6hxWSoYlZTGoVrVj7OeeM5eDxZ/JH9g9o2B3x2E4+q3HdIP7yc8WW+a1vL4jyE+SbWF9uNyt3inHJ0r4Fw1EBUL6h+TZ5iCEkEI9CPIrPD9Nu/BE3ywaFCoWahTLOUpWYY6PcYv04ZgGNZiJDBoVQRela8s38qT3nM7dHJUlXrTOCB/TKryBM2saeKdwtjFFsYnBHQTs/srB7hS/hRGGAqYTI/U0ph1CxZCCObTbIXsx/isdKLiqhYHv5Atzv6FlmoUZ1xmsJv5dFdDVaiRBIZFFKFYqJwHvDp3GpwmGKcJIHLaIxNuw97UH4W1U2mordeoaAVfJWuxnNVaZyTRTJguRxslFmaF8c7+kiI/XR4DBQOuoPcyDDSIKE/MURoQ+kpxxt+2CV9pZvDtgNLkhGX/iDE1vOX9DuSVuJ6scv7Hq1IVUW2/CCAaZdUAykka4xak66cCA6G03TgqV+n0YcnjxA1VDonfvjht0NjWroUg8FoJPs5NS9t+3BggJ8FXjUuas+xC6m5ZOQDuBYvJqDHH3its+KGOcTERgiAnAABhwIRJYJSkHzimfWlCHCiotXpcWNV+vJHINEly7wpgiyoL7dk9MieWU3EjClzqeWIKQbBMacgrGdENXdjXQpDq0IlDHOERmyiEPMARA5DwW/51Dkl6ZNAzO4ta+11iR7wG2BMZ3Ass8WGo+maMwggHsvpQMLA0/YEbNnGPni1NcqOQmV61hmamgqNd6iT+V6mUagBL2N/CQgkBBEtfXn3P7pofTpao6ODdJ0btcAXLL9zhPXULkAZYAde89IqRy3e1tkcaC/8KSocUrN3jhUOHi82YOLCP2xbAcnc8Gfyu9o/tXyxEniYDL0/wg+k+sL4WYZfR62NtaOkWrBAsnpOLTgYdjbjK/BdvccqJaAwMq5cmER6mwzCoJ6OiGukgRMM/QpTVmoBXFk0wueevMsqaK8cvLNPXEy0hW20APqhWpppp65GMExLrHL84Y72KSfW7KZv3TAdg5tLlJZzI4GHdttkP7a8kQIuVm+GRRsm5GM8tzY7RqYcUr8z4DHy7HterVx8ot/Wgpyqa2RQNvVbd9JK2y9w96udbqvqgLHz99cdPTvSzP3wZG7BcncL1lJEe252I35MJIZELL1SDTmZEZoNWtdHZoivlrKhVHMc79lc5XRiaudeHVRkt1sqaHdxQhYBE4XeBndGPm7hGif3vO89fz2BGYPGAMkZ/yBmdmMYYkmJIvw2B8AYAAC9KgcGZBEmQEJAikBJUhbd6KUAGoDoUzHu1kcJB6mPILNEaRpTmTVXP6hFt8VsrFke/AEGXVjRzIAoLtndbcftNbIsbU4rggJvQIdu7E2lgxOJ5q2vgHmtdIAO8Q7f9S0MpAGBxn5GqCA8JLnlcPF+83NEtF7vIW8B5Sc4g4NH6N+vXue7tQbFZ7nYovTEIKjXcGYKgiQG9GYARpRRPk5HRDoupDbfO2EhGcZ6QWSowSHqTyJuFMwHWm7OgrfRTZdvFplv7xN0wy5sy4LmtWZAWpYtLSRYxjbV5VMMEBdTcgYIQKyVxdmKwrRYghFCVyP/ttyOWn0OlfZryEJDjQpMV+orI6l2BI0JvMUS8YLsQArvaLIALwqFMNOIWXYg4LAurG5NTLgHDlDjsAYMObzBoAnAsASTYBHLXc1bQTGFFgkO4edLBOQg9k8Z2AkuNMV5OPFNg83yMzgyxND8kqS22NIwPEfUW4Uw8154nQ2FTkEk0G7wb6TdmBYw9sLAqlI3yvCBGvCEzJA8N7TmAMDCaUaR3rciVDmfWosWMrz0ax2iKzY1zD6mNMCAANaIbNDzmYxizPRKC3SnBpyggXMfoYpvYIa93SW6e8keAhN8AntBGbtbiTb0ko7I6IdibgLjfbP2yKuzIxyWNeU7jmfTnCH8R7rtlGgOEJ20l1J8bvlAXR6LoDXetGSAjNCB0QMcKqaL+zthTUMvv3dCS/VWErpSB3yHq2TqN5BIMgQIfQMbXug3GTUplBlBP9wF33bGPpK/PhdfH+j2CUnVnQbNAh1DOXwkFtocTlkhJM/R841ygGWX4UBfgR0QYgZa1uEXOgtwWtcoAQs/pn3tmxMwbk6+VHyCsoyjSc8yi9rXRREtF3TyK5dbk2eEg+x4Y+qVJ6UOcCKOh1DMzUf7PGNjfDDCJEXpxjzhB2uy6MlbTa0MXiguG1++X2R8o2I9C0TIvtAzq5P5ylfltaZ4RFHuak9Yi25jOlcRgjGmAyNhXYjjQgoGH+2/TL9uIJuSe3ao/+9FOp8DZJSCplJkhLIM+111BALpqknNHTINMfyvmbP8Ztz3FQ8KqzeyS+tKKG1KZdfIYJFk3cf0btBQWNtkKIFDs1PG+RpSwO9QcBHqBvHm9RZCIYxLKQhPD4AJumoYPTQU7oNBQkIAPkDMTQhohdXV2Cjw2VbmtEqxtPgubASALgYuFlmMLX5HUBsNBiZL7SgMcC4DJ9xHdA4z+gP78/gg2xGCQgiBCt3MxzBNPED+UUTJQjE54EoQ2goRgn0c9QMmHrvEQOOwNSkXJ/ha2OQhIDKpsE8X2Lu33YrC0EcSV3l4AQP8zaaBkUmDef1lU07/RfMU/hsnV5/QO9bN1MZ4LlPBR2GCJwTZxRFGEfAGCED5vFfuKpAe5GlNPAeAjBcrOvTEAyfWVFovdGQMlWeVYkltOPm2oXCNFwtFgiRDL1RbsIcw5taHi0ZkYx9qUBuRyJG8mHux7KOsshQ+3NEvnjT4pcK7qYZ2s2K0EaoesznvjavWkGw4aYcbeQUZagZrC/tFIMjn5Cpyetn/kCDkICz/J02Y/jYN50RGFIJJdtXYHo8Eh6g4/QqGEkZEgM6uWpliq/NLLXa05j8wcsKesFvZrAWfGX/yZ0GXSwnKF6hpsUcRLZ7GFVCICkUVQVwAcCIkwUt87eNA4kYtrFEUeat7PIKe9hw24gAKunhSbUR5h0RpPxQuzNmSDGwGxhtM0zBkikMNLJLWdpmFzPmuxQGpFe1m/nNKx+1OEyehv2vPEOi5NuRhg3SYs6gCrv6W1w2g38zl+XOdf//+vKNLwfGCIbKqwGNRkDybva3H8tw8v8jmkJ+LKibyKwVnfxGJfpLgAwMLFKEpAUsaAVg/ivr5d0KwchFRJw21WSK2oMkCcRUCtQPDqqmRemIxnr2dC9pm0Kf0RF4CzkDwDYHDy+mnRfxR2UV+URTYrUGI3iWiTPhjAVjPoIjxMDCcgLZfU/5oUHZA6632Wd99Iuzzr1NDKrAKJ+LV9/be963+bCPntDkpsML3clH5pfxcBQVej0scZpZjGGEZs9tG338h2cxkY9GN5T5wyg3m1dWSLAWiXVFELxkZuDLeXCqZC55J3ugPfvEM3LIt2nI+9/NatECjjN99AHYsJJNlBYksTNojGh25znZ5RIY6rVA2XNn9LnwHuU5mJg11Ayi1RtCpUag6sa8RebYwYoIs982GF8idw0yC1/Y6U3yQRG2Cefn5zKDY3jmWC7bmR8518aHLydeCqeCa09gpLi7uutlYdo9hqqchYhjFAHTh4CHGjDHaQ4rmu2JNPPbaD2ADmmjrv81QQTTUkOHZq0+waA9E9/ykOHPvI4pfDTDUrAvCmrw7+dNGsdXTiQ4PKA/iTedES0A1l3XcskxuDR/EOb6O99A6lcKeUkAm3JU7wKzj5tpTGgBFbwzNSAgvQpGSEhaJusihGIsxBPg4KlgPYbeCnv2iJkwOEwiRKr6SutBi2JPBXgo9H/nUrpBSZMJItgt0tUH5Hub4LaD/OlsKN+KoxLo3UbbbIATTfZYK4dsK+68MCRCaClAbl9cKMRTu84Y0I67dwc8eWIjlFr2EVE4OKCUiAyRAWPmHrgZjSwin0GclPKQZgRa2SosFvMShUK+G8GTIV13j9a20plST/LkIz/hYMXkiWUfo9tyDEeqwqYs8OegJk/eop8dsm0wJLCw5QhLzicz26CumChrt+TcjMV0LhhTwV+qVYe50ERhf4NhQ2ACCaLQ0U7ZueozBLu/6A0RkmNJlAEMp+tBrBhBM72FBMF+ZQSa+86pAtvbN5fCDxYJaNRCAI8HpCtKskAUlpNHmRk818YihPz1FQoAXU5O/Rucp5lbazCRXSN6QFqS8qkrVJW2o5I8wXQ+s9joBRYwWQpZu8AKevAUu5OHc/CYMbfIyLkTANaichI+f8xDASD0cP2qL0uJeYZ0E5EpFwASRLa2iUFebjlToGwOt7zCcvTlDtSzd7xxlYliDXGDHDMaWsOFvEUVhir705C3W7IHhkOspwWDfgXmDB+FJu+GVW7O+QajPO1VSpQmxxxoeg8u9HV+wHfoQezD5UlV9ASRoVM3sQeMbz558s2B5eYnK9NDgiC3XKtecqrUdqHgO/+fYCX+DgXBl1B9IeQ3iiw8tiX6Ng7ksGb7e6WOJZuVL2OG/B+o1YOe0Bs8PGoqpy+8b7SdZ/oyApBt6mNGikhq11N/DAJHvtkZyvERRjMrKSmR9ffBQBb+aUXqbrxNqt2V7+jph0A5hShtqwbM1wRAasMYBx4BY8CZkrzaxQWwm2dXbvV+YLhZwOzUhtoov/no9cm5lejvR0EJaUFcNAjyKy7lKi9wkPsSofQYT80xOQjdPqM3kRZ/TvyQbePYMZzeDowheDkYrYbVfEUF8BVWbVSG+YsyjjeYQn7CMr2uu/qC2KAb1ReuiT351G9fhuoczXoiyXXScSKnB8JxwFcjoekZqKNcvLfUegp2gQoL1VAaWR3e9LSvIm1/cnS3wS8MQ1/3oxeoMSrU2ptWTZkJtYpBuxKr8gwmSANp3rBiKFGd4Gb9T2YW48d0PeR4ZGmjPRaKAH/W0LQoG1lshtOVRJzbX+WGaeE5iBE72r0z1fkEjAWSqBSGcpmJnmL3bxbIrF1RZbso56tVCgXvLn+zOH0YdS9ngN2qA2p/lS/BR2XOQfBWnetZaq47bVvQBlYvO5t5V0sJlr0r7JOWUuHMpW9etWg0hDFCKKEcsMLbqs0h9EZmaBwEBuD/wkUK4lYGuF0iA22Cp337kU0OJzpGaDMCrmzAAkLuKwM7Um0syVupbG8QkdX7wcRWfruAuodxKl+l4XwrK8i1Dihf6VRNKZKkEvPSex26gQIBnBKwksUb0Wk78i0prWZ0BVqJuW9jZ6qfDWAYfeOrdLvdRs24JwAJCMzBsM7D8knV6kwTurbJSf1NYG9Z2El6ZoYHtyMcrT/NR62ZPJPTezJO6+ZCxAHR66iL78g3IlxT536ZzUVE343LZb1Al9AZ1tLq3ShxJ/owJ5G9ODk6Q1c30TtlRY3S2F7/nKkKecGIXrLYZAisIrQ6ToPtCyLHO9568qJHM5TvT5oFOrgM/QSU4eFDIw+B7JYZm9Ph0EGtprQGLNnjQDQCAciGuj08g12vcRQdbdhaQwTSEbURxaIyLizh+wF1CFWj3gzLSSVDEYCJtmJoTBhVl2/so4XAT7paYY3mYR5fZO9C8eVtP7Cz5IQ45Ud7ldoI1WE3qPxP5BzMwWP6RDZDFJY9HNeYhTn5A3pfDY/4yLPSmRACBzJci8lCeqodwQoP81WJlkJNieSgsOMYA8hXWlp+eq0REd0wirLJ8DUageHEMwKAkfJG2AMASILgDH275QBeTtpxHvM51BgHCOZ9YmQJC4AYoJR6TCzZdFTMEJSMapWBJInsS10MDD5f2uC3lbM+Qu2IQajSyX8wCsU4VlYVkfcfWFxrIG29t95DNEs3+s76WtYXczyvn3JVv8AUb4P/wjbSYsmToE4Qa6Ikq0mtELKBFguYv5O+SWFHtR2dOLBYBfNiF4da29PfPQ2dNgwA9EFbQG54p319LlI4ZBy573+iR+a7KRk8KH3FYR250O9q53H5iDJ2uSHmAOwCMosjaNa31Uy5h2sDSNyHvDK2x6zk9JGephQEf3Xkf2ueArVJyBHwMILzmb8T/plfQe7bcC7MfbbwGOy5Lhh2D/HmBbjaaqggglFo5Vvypd6RrwSNxHFSuwCJltXFzKpV99YcMWQbxJbLc6p27d7m5iA0ORsoZuSKLmhxmXYtuY6eqaeHbQehlnPWkfIIwuaTinaOhaacKy2qC5D74RtrAjqSz4n63ODmT59uijlePZyVJB7dlmIyfzMwyZwpruHTZ4wggMl/OnETIk59VMblyCLMB6WYtfPIWw+Q440yHkdAfUKN5wcQmWpc3y0LfAPLIDYS626BfRubNWGY/qyxTE6FufJVY+KbGssAeFOpGDAIeRAYQ84jb/D31NQmGWZjZlp9R9rNkKBCqYYdJPiM6afe0Lup1aVXUudako8nBZjrrR4n8XwQNLYPKrA9C8AgR1kSViTl/GN3qSP1EJAZgx2BGadLWT1ehlYDaZbuLdNlKIwba5du21qATN7PjWjsK59SzWtjy8wBK/d9/5C0eiYyZpTLFOi3/Hk5FmPx6UNLzVIg5xiTNQWsvQNWtWtAzaYogBwZ+0j3haqlcnc/YGf7h91x/64JQ+h7hpPVxkhwVlqpPAWAEjXgglaeFjO7ClSmZ7Uot4ZoOwqDvGZ1s3uyLnc6UV4JeQv3RzVAAlmnP9fKmN32cxlKAhtLx2ucZawbGWbU0AMiMAQyRaP2iGkFGpExPQNUqy/yqDL62so9CwrYDAaY4ANYiRtGudA4U9bzJfXRFMpSmLJxNI1gegYoItLba/fenvsDYGqPDRUAEUnLHSakpufwKNe4T5odjSBABGkceLKCwo93Gf0riRwY1nEicyKeNdEMQzAECfZvjQcpgSkAEIHZ14GCtOATEOm3kKGlcaZgsgxm0nRa26G/d2oiZTlYF9SxpXW/ja+CaOSWCUSSN5Tt4n6McAAfwwZj7jlRbXxgaPpbiWIlNjrYFKXYHfCIEI1gNcOCJTH0VgSGZhT9ByrZi6v6JcSocvXgBjT77iSkMwRYrkzKKIAAB9o8Ae8yOwUIqn6BuEmB+m2cJADIdQcgaeUJGCum7DIb6jN/yaBmJ6WU4AsvMhLYLi8/vFcB7gmxMClUpgLCy/dbfFlibuW/sjTjqYLduBQe2pjjxfU5OURt8JaXk77tAQZA588E31qXJhwn7xcZYZD3B4KWCHnXYNfGebCKXblk+RWBb3Hnu1uzP9h6X/8SOGvQ5yyzO0pMFOf2nd4crCOEFXLgqX+kcaSLa9aDWHPDysbCkn3QghECS4uMmaattJyBgUYw+hAEI5b6um3KgzXqRrCDQr5C61SXtrZ+YxnOy53wAkb9rxHAPzzbJ4ooN74CbJfLbne1kzul8ZURuxACGUNDwbCLKl90BpNVhe637/dbpa3VqaMya1pL2874Fd7UNNJy9IIcm+VZxoBhTQ9b4AuEwACB1G/7tjrgAV9yAOklGlxNkfGCrIzLkarV86g8WgKSdplgDEJPmSNZFEH4W/1CRgDEJEgyAiq3VC1u0INFw61tGYaMKWa0r6AhXdxJaAPsyhagYEP1YBZwNKLKFKOBiU/rM+9JautGJdJRJf6kwZeiAQZgQ/0OXOsMebXMSDbSDMZs1LLAOYSoqAsQlaFBBCSVq4Z6XeRtEwJYmefpGWNKIyAwn54cDSiSJgwpUxvj1iJDuyPB5ad6DIpLCdzSM4Ek0i/rlXoIcn5QO+7YXYVX6q2NfBXD7Tn9nWud0woAntVlW5XXrmh6o0Ck5If/311WC4bKjUBa14SQISDTZbkq5FMIrrp8kzOV2oFl3UvDZJ5x4IQCQwpJMpCJqplRhQHkFARRwA2pAYXgT01CSD4wJlzKGDBGDJyoICW+jeTPhQbR+1FAI7NqFQiBJAnFyEZ25W10MjITAEidzA6gNIYCnTlx7wSG4noCph1Lzy4jkAjMRIrMQpAjqfMbNWwSgFBah0tF19WZX9aoMdJCi3Z0qNOYJwBAaeZVksM5n3oUJx6sKHJxMLVErSGJKWQzPT4YrKojfxFQ2nEcSpTMyPkzWs9YNxoBCFXG2GJbbxJZbrWS3sCmRvBpS0c6lA8vTe5Fu37AzFM7YTm59kDJIoccGeuP2p0D5tf0ukGQvD98ZzTQVZ6toUJI3CoZzA0IQb9CNtJhNsfeVsm6aE552sBEldoZbDa+5rbMHwcVSoI8J5rEQK7jbvk5ObMzb0qAEUfY9vuRBi/Jb5R4lTZLb/XCSKqsLGcS6gtD/CEGw/bBkD4Behgube/t8P+bVztT39lx4f1c0MEq0DInQgeFRkKpN+Zu2QltR/JG8D000PlZo9kCJDrl64M0EhiWGj0Bbz/YrfQB87uVwV06XSit9CglO1UYvQyE3TWu/o/ElSOVonmmrihIsjvl5BZh9zKfDTCrzXOd02xa5biwsn+1kbYe/CoI4QWvRmjtg+QNYPNRGlRw7oFpZBUCQHAfbAxZSkKUEAThnWvhL8n/qPwbh3TyyEEbNSy3SwgMjMvHjJqXjl10zEKqajytkLWBQwTKHwDjDtn8oeE55ZISI6af3mP2tge11vEuwopg66UsFl1+kMwDVqig8nRa/nR7z2QBZdqprAQCAHKLf/Qi6CqKZNZmHTxvWLV6BBWgUDVyypoBIgRJXjhfIx8lWJcWAIEYhiRhYnL+1hnn02omJLdCQjuiQ5pJFtjCNVdTqgxl3+LzEYTe337KEV3u07sMnJogCU3Sw1iogEDSYs+iORzEZhFDu8Y3v81Na6KSNc5MeWNhXDfZbojx/OXqN8pa2emsSaRtKhMTbTeb5zfmjadcgzyYaMQC5W+C1WdhBztirrEJjQd6KwQyf0O5oHomu1eW/skkstCWODuStoE5K819aAyQNl5rvBKDUCcdQ1FsVIaiMR9isk/ZGcPRIyMzuyfWcmvXTOGnQAmsWMCwgzc72aUGyoW0o2KZEgEAGIIAQKm/taeikX3Q30OOVR5g1qIlpCRAIARkIYFyAvUmDLsasxA0SHC7gMa/CQqe9XLsthEBMURJzNY62GMQfH3tQW12SYtE5i/HviSKtKYlZ66B9z4dAgbAABjqzHNOjhAAB5RAwhoQ9mEYDY2pjLG+iYEA9dN+KijHmPIbNRiFlVhtBohW6iPa5wX1Btp4BOkKaEM7kpDpMl61FeDJU7u33tYjEAEDF/8kUmXbZgtt9DIE1bCpbuVwDmBJkSFwXib7AhLw1VBe4rnmaneNYWHEZnFMLwvdXvKACfcU5/JXoswMa+jrwK5Ph/qrtuYbGQWfW7cXqyDteocweH5Fu8u3fUoa+7ZuoPAcCORZIaUC37eYyZvCd9QDMVLm8hbXNaITDrlhPOo1dsQIetaAV1rj4zfIz2KJQQFlNGzON9ZmpyP8sHweHGxaKJiJdmHgF94oVho7yIFaOo6laQBjFOdCAG1W7X/rjNZcBJrC5npDKPiMJRAWdI0HT/5vcm6HLwOKJOHlV5Vl4tFVCQCBoaJFRMngEGLYyRO0IbiAs7xBg6cLbJuosOT8ZSMCGL7syEHtxa4C4nNgthlX9S3zjPWaGHppyhEIK+B/b1JPMQXPIZoZVPZfuy6gnFX1W6IUQCpDaB5sUmUqDICQGAtrYYxzQZ7kKpUfeZrW+kvXVdoicmiJBAg4Z4xxphPmTIBIRUYgkHFmnkeyFVR2rSp9oHUjASNgivIZQ0ASUhBFTGMApMYDsQBchRlGTBXKeqqNAAAYZiSkEAjA9GkoOl9qc5Wl24ra7UYhBQfOK4whQ0L94jIGQJBRRpIY5yq6zQglIABJ/8FPy0fK8dKlqIY7kYSkVGSEECECoRQKfJSMgCERkSAJFDHGpTEKEBmqw11R+6Rk4vBEpE7ZIWKESCiJpBBEEhkiZ+oNwQAK1drnZM7cABONIJ25InMkhTXQlc1PIE0iHPTMmjw4qlSx9YWZETVOdUsp0yxDhjyKGGIqkiRLGecR4wQgjZCwRitq88rHqHtAOCBZbdQbnrf+s060BYlZj4oAdmEq5I0hZQvbPzwAdnEVE5i7bF/at10MGHxZXLRZAIrxS4S8+B4BYE9m5hQMAUkiAiFRlywA+G6Ytba0uxg8VhhoRLR3TAALzWZKAilJCpAEJJVXQgyRRwCoy+StI6oGMDXXRvxoIwPtjhuE+AaEu2diMmC7GUToRUmpgXQxBQIClSpk+jEFBFLhHJPxU/MRAFNVNEiIyLjgTK9CShDqSAEJnAFjJAiE5i3P6QXlOUnGzDMBFqcISh+A9ihAvZpV+UJm8UgEIkOBKElXcig3lTHi3Dx/YIZjjIRU2VFkqF93bcEgQJIAEoChBGCoM52oATDSypPE+kkNg1uOhBw4N6642QwpFZ6RSZAIILU+s7lpVBUhIIVEhsC5ORkdiQiJUEgAIilBSq1LiUjzsRZsRssxtS9Gn6twGQByAAkZkZRoiVaVVav4sSV27Skz4uotRIws45BUpCu1mAqYwOh5G4bQesOZTMbQQYZaPKszvQkoFYwzBAK1UsaAc6UTmA7CaStM84AzAfzwDQMgYNrzRIyQZ8YbBBPyCQSI73zu6vKNjcDwsHah/bNcvml6CIymVzHnq720BPJs2UBMoUFKvqZBNxlZo+xi6hKzpMxQCx9AKMGY2e5wTN8WLYsFtL1yyqJo847gqvlWNJYlzHft5u2qpRXB+anDA37CDp6izBvfzpvIdS/Sp6c7coSdh8SBZJVO0QTBoEB9ZEry57OjYe4rsFaVFgXteGcX9knoueU20ClzA7Qj0cIDrhj0aT+d56P+HzjK0Xv7FuVMENmqg0J7svgoW15gMqpbBilgi1Q8BoURRgh3xWoNxlC/aNDo19C2Q9fBFcCQFmxOkJokJFlVoELWiECgnBCOLEKuo5IAACRJZiAEiUQkGaSEwBQ8INGrjNWqzGIYpXJ1ycBlcFk0w40Rp+ON+m2KiqQQsbPSoYZIIQViDEASxSyqsgoApJBmJDkxSUzok3mRiKlVks6EEhIyQi4Yl5wjSilZzOr1LgBoQAMECCEZIZMkAQRIjPSmM62oGSeubBly+UcCDojYwWsqfJGBSEUWAWb2MCcT+SKz7wRSCEGSkBhDqPDq6GovALRIpFlGmQQJcYUxQM6imMUKR0IKAiAhBIJkRZ/WUgDaxyzVbQkQR9XOqE4Aw2kDBWEmGTECklxKIh7HvBojkWhkKAFNIIIxdTA+80QKAYSJQFK2MXXUOioQJSAaaYOUH28fXgX1ikZzUDNClgmSEpGRRGmzpXo9ksAzsZTtiAiAAoERcGQYISjrlZDZVLzWbjo+I0h2xHWI9aa0RFKLO7pjPpy1hlpDEefIkFBXBCAxZmxfZQr6jGWi4GYSJak9W4aAAKRxPtUgQYFA8XLKxkmHfDgQfaWO7qYiPMtOgXL2BsjppPKwaGin7drMKoxWlPWBVhwxBuu3baONrDwxCkdKEARCABEID3tGf5BBkWY7tScm7OhvoLUJCI3uzwQRIWNQq3pIJZIEUiIRCQkkQSJGkY6raIawERWjLcBQkXmKT1nVxow2uVknHCxgGASbEUECAQoElJIhQ3t+mwAJkuKYcSQhgciQhjti1IRLSbtNwIhHgnNgDBhwSYxziiMWVRBBNhqZEBApwSuYyRV6uwkEIJlOlgXPDaq5lNbgDFik1Icr+ZQSABhlTGao69QlAMukFAQQceMzIxgNAVI5UURSgDAerpAcJGcMgeknBrSKQTQigYzcAAZEjIgEcOUfAoAKJII988agW/mJStChRAKJhCi8B13tvjCkiAMAIiclhJRGlQIkEWcQVUBklGZEyrg0I5BEIpIq/SqBMZD2vePomABBVjhAJJMWF6azejTRvtiJqUgsIwAhpOQoJYEKKIDhLeUGZ+ql4ZoktM2IjJBQCAbAKzGzRIegZRgzQTRGgIRSIK8IQKxVKUkgyyRJKSWIDKGKMUdBJITmGtRsaFjXFfUS6IeBgTGQpA6vRgTk3Of5QLHlpCJZtlS8p6sLwGLRG0PHY00QpGhbOhEVSsLSqcnxth4sSBjoYUxljpVZoVWZSxdZ61mvhbxvve7W68s5JLvpe/rGt1uoJ7pd7ot8RDiz1Q+6lyKn9PIPr/PH91NtzpMwX3nSOa9fgkWFOPQOxQTlq6td8LGXWwKE29Euu2XbOIFn0FgEr+gg2KUYbDro/EnzmnQ3Dgoqwrw7l53AjwhQOKk/stE4bkp3swCbR7lhFVXeTQpw6yJTYZDCSWaH8zA4ZXwd0OwYGB2BJrWrBmct2JtuLh+4V3U5VOyuBRREVSjIfwYyTn8sjG7+tvtB1oTDgJ+N4QMeWn0cGZyTpnJbkWigBODAGaByCmy43gFPHkv4YKJROT41GMdMNyMUJCJgVVbjUQQAAiiFJIOMVDwYkHPGkXdDBwAlMh3OWhllEcbMvnvP2P3oCTtVg6onVgW2+gkoYyF4+PaJVRl0kmTE46HG8CPPzh8aaBx+yIHjx0xMsxSlrFTigebg088tbjUbhxxwyNjuMYlM0WXBmHKBtD0IBERSUJZKJlDFioHLBYuevurf/96yeev+B8274G3vnDx2EmWygpG26IlryQyIgAxAkiD9MKy2i5AIGWMIS1YtveOOOwTQ6898/aw9Zg6lgwhMUCaIhIrcqyQdZwgUsai71hlBxIEzYP1p35+vuUw0s7ec99Yx9R5FhgoJO4d23nb3nVu2bz38sCMPn3eISDOQUpBMmZARMGOJEiJDAgIkJKmym6pEjBFAxPmy1S/dee/de02bdsyhr6lhTJkkAEkSK8iQbrjplocefnjWzH3OP/u8ST1jJUlgiMgAOM/rc02ifqZFpFlHvfuBx+5/8smnjjvumAP2P5gBykydp2R8WWVe6WgF64gqatjM2pgAAggAORAASpWMAPDOV1GGDEMQUuq6L51ptMwKQJnMpGTIo0p0039ufuSxJ6dO3+NNbzhn2tiJj7+wYPGi50468cTZU/YeaAy2soTFzFQaOglngztGYBoO9XW4aWy5y7mniEbItfGoQq3jtLzxHkyzQN+TejzO8BVYo4DaP7mUt7VyMdHQljLmVBnARvv6ktRqg+CmrlwkT51QOE7YtgywwMSxItVJXyIiKUi5oOStAm2OyfzSfqh9lEW7oeSeoAMiUFKORRXs6cEogkzIRgOSlmwOQ9oCKSHiyKtQiwEj7OwCxqjVAilRuwGgX8OsUaqf2PTMN1Ouro/GNTWZCjaNd1f0rRUkQx2KAcmJ8WoNGINWS6SpZOr5T4xrNZAppKnECACFefxVlcA7ww4AVDW6cqGVWSiACZm1mlmr0ervi6r1+phxyJiQEoRgmSApHVMY9Issy1IixsEajFqsEyADzpExEhIj0m/GNbwrpYA0QylRZd6IQAIIYvVYVmtEEgGBc2b8EBf4yTKZZiQyvRiGIDJqNiARph2YeDwAcuVBARBIBiSBZCakyt1JE+kHROACGUfmldGSEUWKHohICEYEiCziShQRIidEIRlJiCIBRJmUKJWbi0SMc5BSNodkJokxkWb6fCxUpTdKvhCABGIuioRoIlcAQpKESArRakadHQKFzDJAZCSYFMrPNW85QADAKOKVGkaRiRtaPSpJZJQJEJKIQApEPZOiCIYMY844x8YQZcIIaSBTWqyfaCdiAAwZJMOVajUdbFBcRR7FtZry4Yd39svhZkUfnaeEvJKYzGw/WEdAM54qtuUMgKtIhmdGtpFmgewwH8gK6Ly0tYITEY1UKRNuYBxFR6z+KACgz0Akcu6ND2ROUAdZLDLKxLjfOZfDrsWEQdG/6a3Fa095QTryFZjgFkjznWtGxk4Ne3lmeiEdbT4Y501RUJivs1I+J/zz7hbaNh64hbUYI7ZEGYERF/YyYte6oL7ZW3rtwsstmACljS29uZSmoRj3HJeuq/I1HebGsTellCPs+G5GAVRTu0km2Bc2A49t7J0QLD2OP3UJfgI687nGMVhu8nygJ/8hpI1As3noLTdg/PGLAZQcXyi/2sYarE8CHqpLvcp8YbRdglGSDnLPB/fhCepv2422KwrcxaXNNgs9urv5bfR3SLtE2hovlbemT7DZ7h9rQehkjX5GgqQEgo6ojpxtSfo29G1Ztn31wnXPrtj0ymAynGUZSWKEMbKeqOug6fvNnLj33mP2mD1m7zpUh5PhTIiIxxEy/zAY1AlCplWYT0XmTz+l7K1EG4iSABFTkdVYbdOmLb/4+S+efPSJL37ji5/88CeyVpokzWp19GML5n/ly18f6Bu88Euf+fi7PswzlslUH2KBwBCJMZ2Dk0SS4ijurHUy4AKAA3DAVavXX/qbSyCjJEk+8qEPVTuqSdKMooizWAJllIHUzo+yE6txhRMzFGMeRwIkoOeXPv+db3+3t6tn3Jgxc6fPrkd1RCZAklRPqkkEJEZNahFAq5WsWLFyy9btIs0izuY/9tjvLv5DR7W+dfP2/fabB0xMnTx13n7zOlh17aYN3/7a1xqN5Ke/u+i4A48EHhMBIQkpW7KVQiZAZxnJPBsVUcQYQwRJUggJiBzp6mv+/asf/vzIE4459K+HTe4dL5RVCyBJbh7Y+u8rr7ntuptPeO1J55xzdr23R0DGABlwABCQSSmNm0Xm2U4ACVwykjKltMbr6zet/vrXvvXcgmdOPOuUH/3oRzMm76VL+CqqiFfJPCQJEeNDydCfr7hi/foNGGGWCYnaq5eCGIsYRyEFRy6kbLYSXonsw36VOE7SJGu1zj/vTUcechQSI6GkvAGPQIislSQxiyGCf1197bV/v3L2gfNOPubEjZx980vfWDD/yWNPPPqCd1xw5plndnV09TcGkRNjCCAJmDVl3NMuJrriSYq84CGfX9uI0V1foSgvCcoaPZ2zRYLPvkZGzJlxefcvV831qqSaJ7XaXkR5bJAzR0pFeRvl4T0sQECSQAgSQmaCRGYEhgeYkS96QHWIhhd911oWQd+WBHGMXT2YZXLD2nTVS7T6leGFi7JNG9Kd2ylpgpDIGcbV6uQJHXPnxHPnwYz9+LSZWO+kVouaTdCHAJEPqbI53Rrcv4EJGwTOjbEMYIpRGUmR8p7uFx597I6rr5iyx/Qz3vjGURMnJ0Ai4h0Rv/e6a2+8+m8TJk3+wGe+OHnW7EaziQCcIwOmfBUAHb8BBGSM4ljVDTDELMtEveOhW2786x//OLBxy7vf+fY3/PcneGcvDg0i5xDHKASkqXLydcUHQbWjXq1WSNXDWtgZqjJ57TbzCHgUnA6mbVuCxrAcHgRVT0DIBCU7dhCk1c5OKSRkqZQSgEiouCepqk9EnewDRjJpNgErHd1xVJUk0aQP1XYTAwBGRJkQHIABcM55rQZSQmYqfhVcjOn6T2MQAqhHLgGEUGExIgIkmSVSSMkjRGARz4S8/V//uvLyv5588mnv+fznsbsnEql+hSmywQ0b/vTrXy5c8OSJp572wU98MuuusaSleFYQEMlITaFIUUrgjIAIUSpJKTJC4Ah/+OmPn3/yiTe9/R3HvvEcWa2AlBVJkAmU6mg9BARCZAiUJq2BnQgURRykJCFQkpCk8IAkKU1JCCHVQXuMRAYykwyFlFmWilY6dvqecb1TEiEy4ty+dFJKKQGYBJSy2tlx2Y9/eO+999VY/M2LL54+b85Vv/vN4kcfP+bUM15/wQXQ051s30qtBDgDEigRGDMeixNMhIionskAzZqglVeY7zIxAnA05kbxhUSZCMoJ6JyxmHeQzIAlVWzg7hcvrzrCuRyFoKEX8y/cyl+eAG8HTMFqz/kwBSBz4sV8+D9exfySAQ7Bx3CYN0OvHZRtRH4z2+FKCc/dqaF1/hD9v7DsESeywjzMThey6/9nD8JdfgR3l209mDRz2Si2+bZIXEEXO6nZZv1VcHmZpeJCsc3noE1h2IIhEY5gqMYBmH/+0Xmzu0LXyHuzu6nmUmwG1O0JNe8K8582YrZLaiGt4Hdtb+asEp80UQuTAr3arpq3EZFpZ1vRke5ntt53sVHVYhKAV5sgyRzPmcmsk9UrUX11Y8Nty+67e+mjG4Y2DIqhhCWJzDKVmpIgBUIqI2BP7XgBGXZXuo+dfshZ+55w6NT9R/PeZpJIkDFnOuipynlJWiIy9RSmbExHgQIu9T8qQKVUFWW4cPFTD9x7fz2qxLwiRAqZpIxkIqaOm7THlMm3PHLjDf++7tSjT5i550wmEFW5KYsoAgGZOo0QCeOo9tIrr9x++53DA8OtpFmv1ceNGf3Yo49x5BBj/+YdN193cyNppa0mQ2wlyahRo04/9Yx99pqdpk3GGAOGDPqHBvoHBmv1msrBoDY6oVqJRJp21DoG+oefWvDMCceeEjHicSQkiCzLRMp5RADAoLu3u1qtrV6z4lOfvnDJk4skIjA+tGOnSBMA+M5Xv1WtVSVl4yaM/8q3v/5fF3zwxZdeWrNqfUe9e3DH4Iq1q4eGB6DCKIOOem30mFE8jplJRur4uWQSpUAppWQCQGDMo43bN//ntruGB1qvLF3xsx/8pKuzR2SCUDDGTj7xlHpHZcnzS3hU2bxxyy9/dhGLOJGod9TiuIIk9z/ooHPOfGNHtRNI6AOVFA0TgCCRie5q18a+jV/+0lcXPDifMb5h3abhVhpB1MqayBmXETJkwFSaTpJgFA8MDf7+j3969slnkHPKUv1kFo9qtRoBtBoNEAIAeK2DIyZJU/3pX5MnjTv8wMM4j9TxU0zFXYFJKYVAmUrBMpHCjp07s1ar2WglSbJu47ot27bs2Lb91utve/zBx0993Wu/8JUvz9tnbiMZEiCRoYsleOofDZuSqZd0PF+Q1uhM/YCng06mKChvDISjBVE686VyRmE3rqIMKatI8UphCrHkXJgw7yUa96kwpusDRNYKsaM7E4TyfXcZe7a3QBAJSUKAEC6Om98Otwm2xJXMA3h6ZAGEDLu6edaQzzzUd8+drSVLk207mMyw0YAkxSSBLNWOEGK2ZfPA8pfp7nto7NjavP2qBx9VO/wYNm6SbDSo2UIOpjhA5WtDw9NUBNvjaYNggYl4aNGtHrPnCBIEw4jx+Y8+ctFf/3bQjFmHHHFU17iJDZGmklfi7iXPLf7nLfd0Ruzwo44dN32vTAiZyQgkzwQnEXGu9AMiA8YQkacpr9WgUgEhYpKQNZY+u+ihRx4b3zlq0t4zqt11GNgeEQCybLiZkeCVOvIYpCCUiBGm2QuPPbr2lVdqcSVLEykzdY42ISJjURzxKAKMWSViHDkAqdA90xogzVqTpkybMXd/xjklqWQ86u5+5PJ///h3v4tqNSKR2BPSVKBBKSup+IoRQMRgKE0P3Wuvr33725P3nZsNDHDOiaThXiRAQpDVShx3oSRoNAa3bF7y3OLh/oGIYdJoplkqszSTGRFGjDHOAVWhbYQIqsqaIUPAShzxmNXr1akz9x29xzTJGDKMGBvoH7j5jttufHxBR73n3B1bexEJRBRFAAjV2sZNm2++/bZXli8fO3HKti2b40ocVzkHxngUMc7iSGQZmAAIOROAiAFkkgCjztqtf77kd7//Y3Ogv17vOuTEk6PJkzBJhTkgWDuHinTiyvaXX/7Cxz+6ppEwhomUABQRoZBMEgCkkppSEIAEjBAzgpSECf4SZ6yVZT/55JdOe9/bJQgSmZQSGCqUq6f6QRJmWaWne8myF+578qlxUUcCOLxp/a9+8NP5O3fue88DDz/y8Blnvu7w44+rdtRBCGb8A0vQjtXVU74qMMGZlvyaOkAScIsaz8YlUxbtJzo8RsdQepTKjLJ8RS7speU/ullMm8CcRfAb7OZVlgLU45OHKN3Y2oih02otQPBQEaSFTAqzEGr0XD4DTR6WEMS8Z0jkSVS/U6Am8h3DQSwMaFGa3zsDqpahYBNatioQzF1jgwVi1Bb1OPFqqcVsqK/4LBhu8MJVVFUlbcp6F5xzsMrVHzxAQoF4/TUW3fXc6P68NnjtVm8dOT+ubXfBaxbCVIKXEj9NY1KP5Cs5n7+KnFO0any/l3J3ylevxiEEtMEgcETk4cSMGmxNGyrNfxvGsPwe/gL1EGg9yBBmj3eDTwDQ5vwhJaktfRXR3vYB5V36rbqdP49DmBcSNC0QEbnJJxnnU++4cT7dOg11uf/Nq9QYQUZEQvZUe9YObbxu0V3/efmRFf2rBpJhFiPnrFaJa1GVKdIVRAKIA0lK0rRF6fbmwMbntj6y8qkDJ8w696DTTtvrxJiqjbQRsUiDg4DqkFxdORfIAEWYihC9EAWZ34gSOWCaZfVqbeOOLXfcddfQtr6jzzrjjNNO64jrA/WBeq2W8uyAOQd89vOfWrly1bNPL37q2af3nbkvViSDGAElUAItEMApQqJMpJ1xx6qVq370g5+I/uGWyHgl7u7uTIaGhZAg4cknnlr07OJWmkEmK1GMUu65156z9p6z395zWmmGMYcIY4ieeOrJL33pK9UoliQpM2oSWRzzof6h1mArTZNr/3X1Q/c8ACAJQQqiTL8/nRAPOOqQn/3iZ9WoPqZnzKknnhQJHDt+fE93z87t2x6874FJkyceceRhDFEI1mimY8dMXLdj85/+548cuRTiZ9/94W/jX2SUYS2iRNbqlfd84H0f//B/N5MmMgCBBLKCfFvfjp/+/GeLn3/uiMMP++ynP91T7UHGbrnjzkULnq511Hds3fG3P12WtFpZs6XQvvOT/ZWO2qa1G0SWLV2y7OVlywVKmaWgjD5Bp5x1+oknnNpZ65YyI008SEBCCpmJ3o6epauWfe3b37npymulELzasXHdppuuu2WPj0ye2jt+OG0QESeGEq1+yyCL4ujMM888/JBDx/T0NBrN7dt31mrx1i3b7r33wSxpnXP22TNmzGg0m3fcddfKl1466NBD5s7br6OrEwhqtVqaNIWQ8+bNS0RDUsSjKIpiCQAkEBkHFkGt2l2JIAaA7s5OAOju6uzo6Zi758y/Xn756pWvXHrJpTdefd1Vf7vyiCOPmDxhPI+iuBrbaI1HjVjkYKsHctwbNDWJyqCbddg8fa3MhcCeKL2swh453Jtz8jwYyxVnuwl9ybV7UswpLA8EfehyzrP1Yq7lwLeBCED7tKCKbyWRlCSkesKN0BywrZs5HFgrVkXFDMAAJCGOeRSJBffvuPeOdNnSbPMWkiiBUxSzSpVVaiglZhmRCoQBIROZxKEhaA63tm5uPbUwefyB2jGnVI87lXp6oX+Htv9koN0DZIIv8wqUYnCIAEJnBwWLK8mObS8+/8JgszVr3v5j95nNR/fWRFphUcLYeZ/85Np16y765xX3Pvz4a84+r9bb0xoc4iyOOiIECUmTpJRKLDOMK5W/X/SLW2+9VbJ4OMlSmXGC1evW7yRopc1v/fznHf9zcX+jGTE2qlbbMjj4tjNe95EvfAFrtbTRAEQW86jZuvyyyy+9665aHGVpKrXQ1tYpEnQwrPM44pw4piQzKSURQ+QIEY8ardbrjzrmWz/6yZiZ07PmDuAR1Krb+nc+tGRpB0APgAAg0EcOaZvbGCwpgABoAfQB9JJoJAnpogVNgcBQMgaMccZgcGDT5k1RZ9e4yXusX7Xy29/85pJ1m2ochtNUgaTMsgiREcUAnEfAIAPIJElDozFjwFlXxN9/9ps+84MfJEQoAZGvX778uUWLpo7q3bpjyw++/KX+wQYhZY1mzCvnvfW8BtCmbdsq3T1PPvPMp//7Ezv7tnd11IlIiAyEPO3YEz70+c9hFCEAAAPGBGPEGQJAo4W1iPP41ssu+/EPfrh1YHB8vXswyXb0902bMbMxsJVkJlEd20ugXAIhgUgCNYcGNyx9OY6jhGGSErUSgchRJBLq1Upvd3d/s7ltsCFBVjmO6ewiITMCENRsNSRQIpsAUqYJj6usowNYpM4pJ1Lvw5RMEvF475kzRnd2jB0zoWf8mHjipG/97AcPPfrEHTfc8qcrrrjh9tt/9aMfn3H+uciRWi0rKL2qcq0sARGAAXfGC2jbMZctc7Jnt+wo26uNWAsiaP77C0qHL7P1qM2JbgVzfyRnpuQK3bpS5zZXVxgOXu6ctJtkJGS20y+7nWTbnWuXeUsPVM+H9L823xZd0HLMh1pMITPX8VXsV+m1y6Logvde6s3/byfPDVPAcHmusnyQXej/nB2Sz8EaFrORnHZ0GzrDOUhy5BoMQxDcs01zc5UttgTnbW6WXsqW2K0s6MiGU4H81OX8TzeLlpuWGcgYjgCFRaIuabUYIlfvra0vsshFh3knCktiSCHcyrVDndcM+NM90Wx8PCO+/W2RCEzIJIY4rlUfXLPgDw/+/cn1i1oyrVaqPbU6ixgwAiJKM33igwSdy5RQQV6JYkBMRbphYNvW4R3PbV3++D6LP3rEu6bVpzbSYQLkxInZ07TMg1au/g0RgbQxqOwAVI+nWGwjAGSAGVY6qg88+uD1114/Y99Zhx15xI033fSb1auTpCXSNEtkz6gejtjd07Nt645LL/3b408uUEcXZkk6MDDwmmOOev8F762KuClbHJEBS5N0aOPWrs7uN5x/zsGHH4wc+nfu2Lmtr1qrtpqtZtLiyDo6aoueXvzQPQ8ODQ4LISSAkOqpGwaA27ZvX/T4UxAxHnESUhIhMBICGCKLuro7o0rcN9i/cesmEgSphPCK61UAlEKM7ul9x9vfss9+c+odHXvsOenZpxY9s3DhhCkTX/v6MyMWTZ+5z+zZczmT//jH3x9/dH4UV4UUjeHhITm4YeNmkBlIwFql1UgZslgCA04EgBhjtHbdussuu3xg6/YTjz6hs95ViasvrVrx299c3OgbnDl3rhTZK8u3VarVgw47+NDDDuvq6d24adODt946NDg0Z/8Dpu+915IXntu2dXutPuqAAw+eMHF80hg64NBD4kolo0znzCWSJCllBXi1p/vhhY9997vfv/fWuxiPznrzucM7+h647+4//uo369as+eLnP7v/zLlCiCRNGUqm5BGSoLSz1vmFT1+IFcxExhAEQcSiv//rHw899HBHreur3/r6kQcd2pDZpne8fdXLL735/PM/+dlPY4RZljDEVqvBJK9XqlImlUp1/tMLbr/zzoHBAQZcmYeITApAHtU76itWvBLXO7dt3f6HP16255QpjdawEGkryUZPmNDf13/vPQ88/ezz5557zumnnJJlmUTSR7R4PAtogyIuTK0C9Ej+uymsMWVaYVshRR6/q8Iz+9iP54vmrQU0YsGEJg0wAa+HM+SMGAtgqBJQV5J7brBehO8pucXlpXVuVD9j0C63Gcbai0IvF/HNrY1IghQgCFUKVApkzBZYIZqnzvWSfG8PQT0bICVUY5Y2+v/9z6E770g2b2VRjNU61qtMOadZJoSALEOR6YcJkEEEGHNWrUEcAQA0GskzC1vPL6s9+Xj3uW/H2fvLnTt0rl7YbIUOCqItznUKGsA4yhr/RiUr7Cj/s1qvP/P4QwsWLphSq7321BN7a2x47SpBpLyXSeNGnXrMof+++eYn5z++7OEHDjjkECZARnxgqI9HrD56HKtUBY+JiJGEavXF5ctvfGT+GI57TphQq9aSNBlbq+49b06aJTs3rd/aTBmPgLP1zdbygf6j58wjAuBccM44AAAxnDBm9J71erWjTpkQQpIkIkkIccRrlUr/0PCWLZsJqF6vTuwZPWrsOIzjDEBmgoQY6NtZi1gmBQKHiAMACFmp1TsZmzZm3MfedcFRJx7X3z8QV2OTEiOSSFIKmQkpk0zccsftl157Y++oXsaRCCRjZFArCQRAJa5sX7vm97/8+QP3P3DB29/23q99Q0hCkWJzgMXVmpARj9QRRSIldV53kibbhvskAAfortQrEedxRJwBQXOgMUwyZRFyDpmsRFGjv//f/75qxbqNE2vVl1esenbpsphSxuPWcDpp4qTHJk58+oXF27fvjBh7pW/wpeXLuypRmmVSQgRAANN6x4MEyRgnBGSCMRlxAmBCVLq6YHjw6ssu+e2vfvXC6rV7jR4zqnvUE4uf/t23v/3u//7UIccd28qStH+Qq3y2YU5qpaMmT/npZX8XaRaPGS0yIQUCwvP33vPdb32dR/jjX/x6xpFHSSn+9O1v/fXa6//73e+74MJP8yhW1QlJkjS2bZ6017Ss2UAJlDWyHTshSwkJgXOGyDkw1hhqdI3qgmYTCUBmA2vXjY7YqaeefNzhh03pql30t3+mFK3etP7BO++Yu99+4ydNUq/6MuynOdGc7quy1MyKTAJAcA92+BV8pZfNNflJmt0JlBXrYwMPxJko7it3eKIRPrkxVTFI+OyUOX/Ic0rViHZSgxsCc44oWTlKDpg2iY1dm79e2SeR+TNnZ1uM5XBBATawcKyTt658Vzc7hOogt6JcTs+193UHeWPq5yjymg7DxyzRHFfpg6psfecfhgcR5eihSBi7WXKJeV3mIAf3tz4cQY/sfW/buChziKiAkPIKMRywoEzdRhtfsZxTDMEYRBkRbD20sgh4KUigjzkosTfarqJwE5UVhf7XqDRmQBtmoe3qp8IoQ2nLktxzfixzhnCuu6Hq3CI0/IZ5fIDawgbW//QIoHiVvd4zhMYjLDSeoP7aKFUysT7zq7B+1csXGfaDkdzW/yRjIYMR9GoaYwEZKQlAHHgmkw5WH8TmpY9d9/cF164Z2lit1LorNYZAJIXIHJPYhIF5el+iIJIggXPWUYmI0aZk55WLb1++Ze2nj3//0RMOTdJEADFCdZJDcRv9x1BdBMunIgAESLK0s965at3qq/5x5cDG7W9645sOOPDAb3/1my8vXWqeKlW4iOKOTgK659a777n5DgAEzoEhpGnf4MD73/5edWQERwYA6jj7zq6OAw464LTTX9vft32gf2D8uPFTpk0e2N5f7eioxPXe7s5f/+bXjz70SL1Wq0QxAJAA4voMYwRkEZ8wafK73vue408+du3qtXEcCyElkZAZIIlMSpIiSyVJkRGQrHfWK/XaHdffdtsNN/f0jIo4BwQQcvHi5371k1+KRMbdlU0r1m/bsmnH1u1fe3F1raM+dvSoAw49mEDcf9d9JIgxdvBhB3/vxz+JEL73ne888uDDJ59xxrved8HhBx0sspRzjvoMGkhl+sj8xwa27pi7/wFvfNMb46i6dvO6n/7iZ8ueWTxzzuzv/vg769asu/hXv9m4bsNxJ5z42S99bs2aNZ+78HPbNmw88YzTv/e970ybOPVHP//JpX/8y5w5c7/67S/tu/fsLBXVaq2zUktFxoBIEEnixLorXYNp45obrv7Fj3/5zBNPAOE73vOeL3/lC1u3bvnuN+V9//nPFZf9fc2qVR/96EfPfv2ZHbWOVitpyoRHDBElERKN6x3zs9/84o477xrVOwrjSJB8eemLg30DUVz94Q9/PHpU7/Bwa/7jC4jg6quufvKphY3mMBDxOGokw1/83OfOPOW0gUZSZZVVq9Zd+sdLN2/cCIyDyIxZw0ESAKt3dlW6urZu2nLxT34mSSVXgKmjUADuuvm2LM32mTnrzNeeSSDIvlTVamrrDJBlY6OoCnIBtMTRVpUnGawYL+tgXVDDzmREPThBhCQl5KSBkTQF1w6c8DRSxTcaAAri2zN8/PhxEO8v8zl1o5yILysushaYM0o8u6GIm5Fj5Aig348iiKTQB36ak9bQOnHGEtQ7iqjfpoEEHR2sf/P2Sy8evOcezAgqNahWCJBE6u06GsOYAUpDWiCJQApkHKuRFCSHBocefGho6fJx73lXfNwpYnAY0tRlqZxZFa4HvX/I4V8hRz3hJ5OEx1Hat/2mK69cuXzlBz/0oS2vrD77jeesHxysqbeRIAJnQ0MDaxvNdS+99MHPfHZyT08HIgD2kagmybe+9Z3XvOX8LE3NoeDY1dHJGXvTWW/82ve/NXr6HtlwixBYVAEgkaai2WIRRxIXf+s7v7r8n51dHahOJ2UcETBJKYrec+Fnz/7Qh5AxUGf6IJMMQWbIop4Ir//jH374l8tAyk+85/1v+sQnOGcckTgHIhIiTdJarTZ69FjZanHOpdRaS0jJGZt90IEHvfGcdPOWuBIDZ+YloggIkGXAMUuzZ19clkhJiEwd+2SsdfXDAFDK5xY+c/nf/tFR65w+c1/I5B6z973osr9laYoRp0wiMpBEJLNWVo2iHatW/PZXv7jt6UV79o759Kc/feRpp2ZJwisxMgAWkxQgxNhxE5JMVBCjCB66765rrrxiXO/Y97zj/FUrV15/y62dPd2vO+3UN7zlrYxF1/77iqcXPXfQ3P3e9d4LJOG111y7ctnSsZPHvvmt5x1xwknJcGvipAmso67CZNoVk0QRq3T2bH7++X9c+ud/X3PdyvXrD5o24wvf/OqW9eu+9s1vXX7rbSteXvGeD3zwrLecWxk9pjUwwDLBK9w6MHGtY9rceasWPT20em3v6LGi1RRZkvRtAMoiino66rXm8NDgjlbfdiYEpY10+7aBRpNIJK0sjmD6vP07esc2B3d0dPc89597f/qTn2xvNQAxZeqIZJREaSY6apWd6zYgQF9/339/5KNpzBKAqFLp27Z1e7PZweDKv181ODzw9S997Q3vOA+leTAbHOVr1Q7gPRhs2Ey6qH3RYs09BmjzVzl+KroKNs9Z9DT0yEU5E7qa+YK5sA3Yh4rCSXMTFUVZ0YovzauUikEcOQPjGZNFyztskpe75Fniof7Kd0T0Qpaez2adSQdrW6MfoGw7vLms/Zp/r4Z/jaAmPIla8m27jrn7mHvPYtFK977K6TcFhAeQNfvNnyGt53Bhp/MB8utCizrZOhcs79+6efK+V/gh5zg7IBFzJBrM344ere3DgmYYTFvSOQTe3bZBBA1AcQ/bkkN5KKE4kd5uu4VlPl6bwLpZC0FRQBnOsaZlCaC5+lvbdhdrMMMVeMOfx0XXjMpszzlQhkZSZ7cjACJD/QY1zaFl0Q571ha614FHmUw6eH172vfTey+5etHtLUg7al0xMhJCgDoA2AUsnXlkLHMiYAyAgWQSkJBBNY6koMfWP7Pprp9+8aSPvm6Pk9MszaQADiqeaYWTgkhCAKqaz2GLgAPLQGCMLIYbb7/pjtvvQoB6vXrkEYf/16c+tuTZZydNmFiv1REAOAgiAiSiNE2TJEHCWme9Fle3btk299D9eMwpA44sI6H2jgAG+wcu//Pf/nX5FcMDQyIV+xyw76SpY198/uUx40d3d3UhwqKnn1VvBSAgpnZQFfcBIOfIoF6vHHHEoWefelYCVAmlcwZSQNbMEklpmhJJGce8v79//oOPAkKtVuExV4J13Yb1zzw6f+yUKWe+4cwx9e6773ilWqu95W1vqXXWfvSN7zzx2GMkBAB0jO4dHm4KkAcdeoiQyfDAThLyda87622ve1MzbZIQjHNlwzFkm7dvu+OW21HC3Hn7TZw6pZW07rjr9sv//BcQ9NqzzjzztNOzVjYw0Pfzn/y8b3CQOF/w1FPPLV4cdVTPesMbjj/sKAA4+5w3Llq4EKpRvV6bPH5iJqRI00wIgZgBRcA7ajWB9OSSp/91+T//ffXV615ZE0XxOW99y4Wf+8xe0/fce9oe3/vxD/66z4wbrr/p/jv/s+KVFY8/+egF77jgsHkHxRANpy0CIpBM0lA6dNttdz5w538CEueRaAzfePW/vVvshUWLXli0yG91xhmvPfWkkyTKlNK999rzkMMPaTSTPSdPydK01UoxYsSQMomIixY9t2712tGjew977cn1en3rti2NRrPVbJHMejq74yjevG3LlGmTAAXZ8k0dqrH5BZ9UA3b0lBtZywqY+ujzNrWTvzmzpm1gm9xL6tAomJFkR8kAI7lzI3+bi4Hli9BylWHhsPa3l3r13z6Sr88pn12LIismTAcpQUgQBOp8LCvk/KgjmY4MgRhFDITAegW3b9v6h18N3nd3xCvY0QkIIASgeSUmgjoASJ3kA1IiMFDHXDGuX7QiidIMAKHCICWx6pUtv/7ZmG07q2e8XqaChFDvAglqUMjghQUGuHmgjEASMSQCYogEmCbVWu2e226/6657OquV4197shgcYDfd0Fy7IWWUpRkSpGkiAad3dFQQWxs2rV6zvhZHcRQ3kmTKxPG1jrq1F5FxBUss5caNa2++/vqos4sRRpWIcZQZSSFklgCJmJK1a1ZEUqoXQClXiSm3mNi4CZPG7bGHOksHAEQcZ4giSzq6e1+6755HHn90IE0Pnj791LPfOH2/ea2hIVapcMYZdy8xkYOD2GohY6YYCBBAgOgb6G9s2T7Y1xfHMWPmbcGMIWdCyCiKkmazMdxCgIjpt2GjRxuYCR5D1moseWFxszH4zreed+xpp2RZVhszatbUKQFRSSIpMIpAiusfeODJl5ZXgZ/4muPOfc+7uvbaC4RgnGOWAanXPXFqtdJGi4F89qFHL7n4d0MDw+eddcpHv3jhzv7+0WN7rrnq36NG9R53xukL7n/goQcfbAEee+Qx7/rMp1tDzWxw+DfPL+2IKvvMmHn0G96YNZqMgUwSRgCqtBWx1t0NzeaC226+5Le/feSx+euHhueMn3jhpz/52nPfNLBt89Y1a351yaV3Ll2y6kffX7jgsfMvePfBJ5yYSpkODTApo2oF1YHDzeE//PQn/3lyYY2xoVYLZQZpwoRopNnnPvWpJJNCZI1mY1QtuvamW26/8z9Zq8EJ0yhmMfvm175z6gVvRWAyk3Gtsnnd6iWbthBACyAGiAGrURUYyiypVKqdFY6AL7/wfJ+piO4CHNXRXa/Whoeb/Tv6WlmLAAgYGJ0ZcC2ikZDOOtcK1sq/8irXV32NLPFsg2JVbVBRUhRQ7V0/N+buJM1y7kchBeems/4kWHof8c0cXpdgOj+T1kbuKl1gE2V6UWZtwUoLla4uzZvL9+4CZ+VglM61i4UXocq5FyH2ijPurl4tRx+GLfITlA7j9baHTBTO7bMj+PeNg1TmAOU/F+ErAV3ZFeaEdiilH3Qp3AKZ5ka0ZNB2+wMLyxvIuR67unKmi06SF7qW7LjhJXQOSBE+1+3VEnB7BhsJIVHpvufj0yNMCSWOZT6zXCTxnK2qE4OFjSEyB7Qr+w1NMlEfjWKX7HLfHmgMuCRRj6qDcviX9/71yqdvljH2VHsoE0SZ1hb2XD6GTv5qmEkTi8oHMCBGhJBRxhirdsavbF/7/Tt+K08Rr5/xWpnITEjjguaDl5LyhamGBpAjAgEj7K33PLDgkT/+/i+NgX4A2Lply9jeUZ/48H/1Dw+00iRpZVHMIs4IQUIGxADVQfuZlFm9Wuuqdke8yhiTSMiZV9sLnEcTJo0bN3niwM6Bvp19Xd0dzcFhREobSRanjLM0zZBzkCb8psxRswciEcODQzt37li3ef0tt9/V2dVVq1YihggYVSJJlIlMSJWdIc6j8RPGZllr67Zt6n3lEcNMZDHnURwBwKTJE995wdt3Dmx74vHHah31w448oK9/oNrdMWr06H3nzJkycY/Djjv0xcUvXH311R9493s6OmoL5i/ca+7sU157SpZmoiUiVcOm3/bAXl7+yvxH52PEDz/qyI5qPRHZXvvM/OwXv9DR1XvGmaehlIlIhhrNelfXgQcd0lPr2v/A/b/5rW909Y467eTXDgwNZll6/FHH/PBnP/zDny95afmKfffeF1JJUka1KlHUW+0cylpPL3vuzrv+c/PNNy1+YmFzYGjW/vu9/6Mfecfb3zVp3Njh5nA1jl5z6BH77z/vqGNe87vfXvzCkiWX/emv8+c/ef55bzr7Da+fusceBDxNJRBFLOrsrCHiuee/9cQzTuGVymMPPHjNFVd1dlY/9LGP7T1zFpC47JLLHn/k0ded/cbXn3vO6LFjNq1d95tfXrT65VeqcUWAwCgazIb3mzv35z/7Ra1ekUSjenqpJZMsRcYoFXEcf/ZLX7hyybJmLf7Qxz967CFHDA4PJCITqchk+vySJZMmTxg3ekzvmN5W2jL+J1mesgdReDI+py/sXQRAIBduai/Q7G4pukLfqgAqFzVqfgTwz/n1g3AlUWHNalpQQGi+hC1LbC8n1o31aBV50ewIuo8Y9QftZo3QoC14JapUqldxChASuL0dqmB/BsYAAOsxbtu8/ZKLBh+4L6rUKYokCSQ0il+9wxUQABkKIUBIlmXIGEbuXFBSgTVCIAGZBCmjOst29G354+8mxFHllNNkQ4KQwE1VsMKbJ1Dt6+/0PZPBAwkAEhBkM+O12qblL1/2t8vWrd8wadToZLh53Dlv+tNhhzUHhni9gxhDVWuhTogFBH2KtIziuLVjW7VambrPPiJJ0B36ShIoYvDM0iXPLlzUFBkDFxthhgC763H3qN6KWafK6tsdzIaHsyFJpF4LACmPW1nWOWbUlqUv/PZHP7nzmef37Ki9570X7H3s8c2hgeG+Acl4VKvF+tgCxggiIpU+Bf3qR4YAhKxeq9e7u9LmcIzIAJExHkeIjBAylHFHvV6t8jgWAJyQY0S6EgjM220kAm5euea++x+IKrW5++4bjx7THBoGxrJGU+qju0ECyTRFxGqt+uQtd/7gl7/c3Ne/38SJrz//nHjPqdv7+1iSRYyhII6ARBhHwLBSq7Ak2bx65fKXl+89deob3vC6rrFju8aMO+qYY2655hrE6lDf0CvPP9+V4bH77nv4aw5HHkfUOutN5wxs37JuzcooqggSQ61WhbMKIDJGnEXVKqRi27Klt1777yuv+NeLy15klejsU0788Ic/ftiZpxODUVOmfeT73z/0hOP+5+Lf3z1//hXX3/Di0hff/PbzT3vjm8bNmEUik0kCgIAMBW3asvGVtWsPmz17n5l7ZwK2bt64ffO6iEUzZ80YNXr8YP/A0heX9vft6OzumL7H3uNGjalU4keefHTdps1Dw8NAgJJlQ4299p/3k4sv3rJ69aQ99qBKrTk0jISVjiqLMAK6/JK/3Hbv/V0s+ulPfrz3nH37hwZFIjp7OuOo1lmpVsd0rH159d6zZoIUUhKaIItvrWJgDtiC2yJ/h8w+YuKrPGkW+oG2PlO3yYcHvYc2fVFsNEJQSGc41p99F8Ua4fJ2x5YtTXuWrDfwEhFAv9ipvOzQG4cgn1jzqlEKvpm3lpIK5JxfGuomGFEhls5SitKcC0pkTgr3zdTcgOTFEYxpvTtXDtWlRY5WsXqUNmLYwUdIziPwhqXC/RKwcnfIqnrXtySK4S2+gFvbJHQ4wwHQSwyWABLSJXjlp/4TRhDuiP3sq2ptgKlzzb04v2VtvxrXJ/V2xGlB02QDQc18rgirvGKrgBA7YPFm6f7lqLEIGwBEu+l2l47e1r20bXZjdMNmQVuDbADQ55YbSwvNC+/yTr/dcn1aKSCR5MiIwR8fvurqZ2/DjqizUqdEkH7HCJr6NdDPYqB3eAAYu44BMQKGwAAZEiMAklIAYb2jtq5/04/v/X097jxlz6NbrSEAAHUG3wh48xCDgACMEdSqHS+sWvbzn/9qycJFnaNGDe3c2UpTKWQ1qvznvnt+c9FvuOC8GjHldTMC/W5tYhwbSfPQww/5yhe+NH3itIYY5oxLqXdYKcS4Wjn62GNef94bG82htavWz9xnxoTx4/p39nd2d4/tHVPh0Q9/8MOLL/pdFOlgBBo5BwA9o3rmHLj/7Ln7zp4354677vjCJz/b0dlJAEiCADlnpI6v0BtGjLFDjjnk05+78Njjjn55ybJZs2ZxHoksIZT77DvruDNP2bB+8ze//u2YYWO40Rgc/v43f9BoDE2YOOHz3/jGUa85vM4rs/acvmrdmiefePKmf19Xq9VGTxj/lW9+Y69JU4azRqUSITL1Hk4AIElLli4Z2L5jr9n7HHfSMRwhZXDYIUccesBhjHEe4cvLV/z+f/548zXXH3jogee++ezuWu3Ew4854ZCjOIs456nIEKGj1vHisuWP3fdomogTjj1hcve4NEsFkBTpA08+dN+99977wIPPPfb0wM6dwNm4PabsuffeQmQ3Xn/t8PBQkiRSCiDZ09W9s2/HqNFjxo0bv2HV2sfvfvCl55befscd++2/7zvefsGBsw+U+k10koiOP/XYD77n3R1xvVJnN117bVSpvud9791v79kA8NB99zz+CO07b58L3vqWUfWeZWte+fOf/iRJch4rq7WZJF2sPmfGrB/8/If33Hb3PvvP/dpXvzZj0rRGkiBArVKpVKpRNe7buu35Rc+86dQzJowdOyhaXbx63R23XHzRb2pd1e//8Adzx83ta/Wr8zYU5YMVm45ELXth/gaY9xl7Nrr1JD3maatT8jVIZUoyJzr8Xm2UXsl0xUh/advd1dL50Xcd8y/TXGU+8W6Mg54Sc7/t1umBzVLswxuc43B//z/+0P/AA1GlgyJGQj+pqXldNSfigEwIWY0ZVbgEIdIsaVWjinolCAgAlMrkAJIgs0wSq1bEYP/WP148rrs7Puw10BJA0tVbmbF9WgiXoF1QRKJmJiNWRfzHny95YsGCer2SoRwcHIqrHVPnzu1fvWrdilXNwSGhTytlwBQzEeNcphlSNn3f2ZNmzxUEQgjGuXowHiQwgCbByQcd/O53vr134oRWJogICUECj1iaZbxSrSFc+ddLX7z1DgAk4ccKEYEYQgwoEIhHwBi20q7uLhpuXv7b3995/wP1iDPCafvs09nd1Vr9yujxE4YTKYTkHRWUwICQgIEEjvrlnIg8iquck6Bnn3omEVn/jh0RZ4wxyqQA4lHEEbIkias1xmH1S0vGcl6rV1gUq3d+EaJQr/NgHIR4dsHChU88NW/urHkHHwQEkTKclGJBlAAgJQB11Gqbnl/624suennbli6GY8aOnjtvdmWgXww362PHDe/s4wC8VgVJjDP12ABWKgcff/yXvvL1mPEjXnd6o5X8+49//tuf/zxn3wPf9J53Y732mtPPmDXvgHp317i9pw1s2YapGDttz6lTpyxdvGjn9p0w3IBWghHHagU5YpZuX7H8oTtv+89ddz/97HPDzeEx48ce/5pj/vuzn5kxa+a2NavSJMkAO3q7Tzj15I5KZe2XvrRq/caHFz/77KpXHrzn/tNed/prjjtx0t57Q7UKiCCySjXurVU/+tGPHf/mc6SkFx667ztf+2JPvfvTX/nanvP2T9PkV1+68IZb7nzzKae957MX8iiusmjwkx/atmULr0aqupyE5FH10ONPXPz4AxtWrphz0JF7vf71IDJIWsAQOmrT7vlP/ABuGRqaNGnioWe/CWQCA/3Q2zu4as3Vl/5lr5mzjjr+xFpnF4kMGfO51Fi/RKDekGM9UPUN6WcjDPv9r80wX1CWCKSiL+j6ORcUVRSKzFHl2uzePcdxNyYsv+ll9v4X8jfwp0O7vNQ/Ll8NhQWiZd/aSXJbZOGnktl2bwn+oVAjjuDmIidWS0O3u69cXJTWz6cVtfPuOyHtJlJd2n29Oy+VaT/yLo3tdkNT4U/cjQHtvADmNRvkVuifR9MeJO9YYwDryhT8yLzn5pilEG3JtcnNZT/n4GgD364OfXy1l7e2ItiRClPrUlPrAPuRk5ytFgZIMMB/Ce7zzGkS6P5RUEGwLZjL0oV/pJyek0zkCwzXkfUnAdT7JyNe/fui6/6x8Lq0mlVrdSkEcKmDOAo4AhCg35etp3CHrCACMCBdj8WIgTG1SQpKKKl31F7evPK3D/1l4uvGzh41qz8ZRAT9vgGVQSXmkKJ3Qh2aDIjAAElIHsVbdmz5018vvfvm2yu1alyvwU6QmTpihF5c/vJTC5/q6uiU6iESdf4FEQJjnEdRvKN/oHPU2GYzlSAykoRI6klUAM44i6PhoeFr/nXtvXfcW+2Id27dudesvcaOH71l87au0V2jO7s58EcffzJiqN5YbiBFIspAHHnIEf+84u89Xd2TJ01ZuXL52CkTe0eNIilEJjKZCfVLPZYGILJMCNnZ2TtpwuS3nP+WI496Te+oXhKywjkCHH/YMbN+/4fLrvjnz3/+q3TnUFyJhMiWPvcCABxz+ulnvP6s6WPHJ5B2QLXe093V21OJY8b4nnvtdeIJJ9WiuBbFGUghMpBAQjLOWiJZ+MzTALDvvnP32HNaIjNCCchZxIhEs5HcfMut/7r0b0mavONd75w5ZU9NjbFeI+dcVKopyPnz569Z/sr4KZP6+vvqcUUSddQ6EemZZxb/5je/G1i/lVfi6bP3aSWtTevWPfKfe+bf/0CaJMgjQEBkih9ixrIsnTp1jw997KOr16y8757777nxruVLXz73vLfyiKUJMSAex5zz1SvXbtq2vVqvrt+4kXHe39//8ooVs/eevfi5hS+vWME537x5e9/QEMTxPffft2PzNsZYpV6ViEIIBNZMW3GFb920/aH7Hnrovoe6Ro3+zhe+goSNZnP8+HEAgDzivHLtNdedddZZs2fMrsXx488t/P73f/D0I49Xu7vXr98EB6rwCzpmIW2CGHcmLOlwGS1XYAIAHmUr7W+MroCFFXqA1PvW1RliVsKYghob1VST28CWr7owVLx5za3DSMb+8yWd/ZfQ/5PCcYpgu8HDJqUlZ22UaEkbG61BKMlylF0m9GbrL33Z7LLVZJEDatMYMCaHbv73zrvuiqOKjJiUUj2oabqrLSFEFK2UTZky9r8+w3p7MEkJcfDO65r33c+FlrAqAUjK/yQJQkqZ8Vo127h+x59+N+7rE/meM6iVaNFuYhRg7EtTcWgeezO/lToFkVWj2u3X/OsfV1/daCadMR8abkkpRdpCiv71699f9OdLtjcbHCEjQl0nCRyAI0+RMdH61le/+Y7PzYJalQiRc6aoCYEEEUFvT/fMmTNHjR2XpEnEGSOUxDKRNVstXon7tm8QlEoAoV+PoTS3RjRKgSQBWcYi0UqqnZ08S6747a8vu/yyYSnqMRtoNp9+9JGdq1fdesNt577rbW/8+H9nEDWGBuNKhSEyEgAAyIAJkAiIadICIZrbt1z7r8vTfzL1vixCYDzmMZdJIrMMAAViRjIRYlCIHTsGkDFg6hlRBgwkURxFgwN9Tz79xNBg//77zJl9yEGy1WIEyFBtKiGQBBKi3lFPNm35y8UX3zf/4Y7ODtEY7m82Fzzy6Lp/XrVxzboLPvrhuUcfPZgkstlklSpDYhKQJAAfu/fMN330w7LZijqrS+Y/8fv/uXjJmvXf+fSF+x5/XNJo7HnIwXsecQQAyizJWgmLY8pE32Dj6eeXHH3qIO/s6u3sgiylNJOMPXLD9X+++NcbNq5ftXZdKqG7u7q9QY8tfHr5V7/eaDXS4WaFsUxKxlBUaxXG1m3fKYWYOn5c3/a+2++574mnF5542L3fvOii3r1HU5YhQ+Q8lXLs+PET9t4bALa89CxnSBwmTt+rd89pANA7tpcDTJk2ddqhBwPAjpeXDQz2CUmk0uNEyFiaZbxWeXbB4m/8z8VTe0d/7avfPP3t54tW0my1OodbQ40EiVpS/PPKq+eddmpvT09DyurA4MU//+lFl/7tqNn7Xbz/wXuMHpO1JDLmCj61P2QZ1BmYQRpDOtGWFxllT2/aYJZvibpeZeJImcS+VPTmMEZOeBgbejCj/+okyg8eiijnBNvfOdvPS9qACTwZF6jNyKUxR6M+ArRZuzw3jo/GfBIM9eniAUrCelcHgNJX4bAjzWWXgGg1lmsTmsqlI9jpbBZUNbEIQXXqeUgSZlYDsyE8NG9hKUGCUZfFhY9EaSHBlWKm6N5be8PAWAKJtfJ9VFha9XBgbRK9whwSLOkEsxdW5+ZCRH/jPG0VFu/4qwMishj2nAht4ehFFR+ZtkxH1m2xMsKt1HdCR3ZBlQlnd9mtTqsxG5h2jX2uh4Jz6DtJxcugzhhfbdgW8mQCOQqM7PR6EAtlweQqT817v0vtr2Bh5JGEcsGsTDXfk99P0wA4C8zz5gv5a3CUhSik6I46n9j07CXzr9iabu/o6pZSIBJyANSPd4IJPliRoFOoZiol45S1bjaYg5RCEBCRoASy7s7Ox1cs/MfC6y484aP1qN4QTabey02EyJRNz9A+2quNYG5sMgnEGCOGq1eubg4Pn3r262r1+q1XXRezKI4riPjx933kgje/lRBSIiEpzbJMCAJVPSaBRJo2Ozu6Jk4cO0wtQBAgCFXCQpmWIElW6nHHqO5WoznYzNZt3Lpxy9Ztm7ayiFUrlQmTxmcyA8ZI6nekqsoKdezruO7R4/YbrZB8zunnHHnAa+I4ZghCSiHUG22EEEIKMh4Idfb2jB8/Lo7j6XvuJbIklYQcI2CNpPHyyuXPL1osm1m9qwMIIh7N2nffjHilq7tvYOsmLl5ctmLn9u2PPPjQgkefyCTJLFv2/Auf//Snjz/+uBOOO27mzJk1XstERiAjZEtfWnbvnffFteqxJxwzqqOnJVsMUcismSSdUXXt+vXXX3Ndq9E47tRTDjrwkL9fdcWqDWuajQaPedJKopi3GikhiUw8/9yzXb09WzZs/O43vpWSmDVn9ic+9smJo8e9/szXL3zyybtuvuOd73/v+eeet3DRU/f+5+4sE5VqlWMURRHnPIorDJEQhBCbNm6YNm3ahRd+piOu/uGvl9x9253v/MAFB+yzfzNLW1Iwkhs3bxZCXHLxH+668y7iuH7t+sH+YWTwlQs//6tJP1u9cuXK5SulkLdef9NLy5ZEPFq5YuWWzVuklIP9Q1mWIWLEGaFMEvHlL3y5b2f/v/56+eW/v2TOrH0vOPct9WqFA3Z01qWU9a6u5xc/e9eddxz6mQNfWvnKd7/zg8XzF/SMGf3pL154wtHHpKJlXlDoC03Hyk7kk8dbxp/IB1xJBVrChwpyAsS8qxfAGGmeXvT6+COUi5PSjGL5CP6Vl4G+TsLcHU8tmfdoFuThbl9Bz9Kw5W6NoVURgnW2rUkJWhGqzIUpQQYi4nEsXli04+YbUTKoRlIKJVCdqUjaWySGBETjx1dfcxxUKiQyxqP68JbG/Q8JKfTukSSpnU+SqnRWCpC8uztZ9kJy49X1D30KKjUSArSj7KD1TaeC4EaZpbxWXfPSS7+7+PfL162fMW5C1hwWUkQMuSQSNO+wA8/f/MbBJEEpMyEY45wzBsQlAEfJOGVi9tw5HCAjQG4FNwBBCrLG4KFHn3jmmY8lIpUiy6SQkgCAEzFECVRl2FGvdSJISkkKHSxxvoT26EQrrY7uFUNDV//hD3++5M/bBgcnjRnDSG5r7ty2fsPq55fe9uQTazat37Jx0zsu/FzXuAnDO3ZGlQiUZ8IQWIRcgkzHjBt3ykEH93R1pGk60EhSRBIyldnGLZt2bt82ffree0ycmmZpIgSxiHF+YJIccfgh1e5OJIoYQ8YlkZSiUq2sX7Zu/qOP7zll4qHHHh2Pndja2R/FsaYHAsgkZKLe3ZVs3XLpby769/XXImJPvTYwPDw01Jj/yGMP3P/A89u2vbL8pXd9+P2vPf/tsqtbDA8BqwJjwFEigZTAo6i3kmzb9u9//mPZmvUHzph24mtPSnfsGNy6kWEks5RFschEtasjjivNVvOFl5dtHm6sWrNm6SMPpc3hiZP2nDB7FiDvGDN6y/YdK1avO/iAA4454biVa1bdd9+j2zZvW71mLQIyYLE5TLCpzlIDmDd9r0996fOi0bzyn/965umnO8dMqPX2EElChLhS7erO4viaq69au2FtK2k9/dhDLSHlUOOKP/956owZ61atePTRBTyuPPDQA80vfyHqqK99+aU1azfGUQTAgHPGGUjJGZOCjjj++BlXXP3Q8pd+8v1vTRjXe+gpJwkpGCPkSAjd9c477rvv/PvuPu5N53bUalf89qKrr75maLh54kmnjp0yVfmxaKndMC0haX6UUq8MAaQ5LDqwwB1LWEcFoGC6GWHi2/o5j0u9fbakL4HyJ3WbYEZrNbuIWDEJkTN/AfKmoPU5FTQjRda8BRblYSB+c3hwdRvWpsZyeCz/mrcjlmeNfIPbej65vJaZWVk4OgrYfmnF7yxOvNFKLqduXEdjjjrHxoshlDhxgS2eq77OOTPQxk/wsRR+KDpRvufgjWNGhwIdUpu1B/N6p/QV7AjrquUxUKTInOoF702wfgM/l6YWo2Ewbi34vUqZqxRCD91BwtPjOFODEAiCvLPqb6g7FKPEL7XxhfJ6rhyzav/YeK27MqpyGxdgejcsGic6wiBIRDLkSVYks4DnAwjaAF1cjw1xGQpwiwpkaInh6uwldHgvq2xHPS4BSUkxRA1qXv7E9ct2rqx21SQCkASGIAPzN5AKZMxo+8PAiAUCBCmlTDJkDADVO0JBZMgjxuMbF99zyLSD37jPqSSkIP3WbGsj5lami6dUSS+LSIiJPePPOvN1m9Zvestbz1uzbu2tV11X7+ioxBUAGBoefGHpUiFIUJYJKUQqRJYJmQkhRSaydDhpzJwxY4/Jk3klTmXGkHlPmRBlWaWj/rZ3vvW/PvXxjZu29A0M9HR3VlglbSXIWS2u9PZ0//2qf3z9019hDNVZSUQkCRCBI2vJZGhwmMdcSlGpxTNm7qVeQ6hOiSQhSUogYoyhOSFDSNlKWkKkWYos4jHDmEUbtqz/1ne//5877kpaybHHHTt37tx7774LAb/9w+/2Dw1ec80111519dhRvbdcffOLS5f1D/XtM3ff4084eaB/512333HN36+465Zbjz7pNX/84yVTRk1J0xZnPJHp/fc88MrSF7vHjT700EM4QxLACYWk3mpnmqWX/+0fyxY/xzk/6eRTVq5c9bGPf2y4f4AYIhJlEjhAore91tXB4+qWDZtuvPI6AJg8e/o7L7hgwthx0/ac/rVvfP2Nbz7nmMOPmTZ+0gHz5p1z1tnAWJVHDBgiMGVzaM+bhoaGBMgpkyZ1VOqf/PgnznnTuXvNmM6qUTNtEWWDg4NzDthv+/btnbVaKrKuzq4DD9z/heeX7di27aUXX9rev2P8hAmHH/2aRrM11Oh/acXLMsmqtY49Zu7dGG50d3WTAMZRgoSIDaetMRPGfvO7X9+yfdsd1930g298e/KEcScdd4IkqlarotXEWj1Lsquvum7cuEl3/eee/9x0C3L+4U997LP//Yneru7BZDhiEbkjlZ3LAvZFkl5UyGdG/cGGxQHU2Q3mGc/dunybwEBghH7IkXkW323nzQ0+co+i+vZSBKYczWPfUOruzoJzwtAaiCOp4rJRgBmPzoTEwMVbVRDVewOBAIwRhocHbr0227y1Uq8LKdEPzBM4IQGASCyCiMVyeJBaTA4PVyZMImQAhIgSEaUESSCJSFVXEKk3VRIRA97V3XffPdGRx1WOPklgps9PNM+OmtOt3JMTZk5pHVMhslHjxzOMx1TrF1zwjkfuv+fZZ18AASAoSxrHnXXG8WecAZnM0pSkBM4hihhjAGqPKBsYgmpFAqGUwLUARHJwTt9z6sy990LGeBSxOGLIGGDEeZalEa9012pPP/P0knUbRKbfsEo6UUyEgDwSWZZkWce4cUPbt/71l7+64ZprVm/eOmuPqacecejjz7+wZsfO2QcdesIpx+/84lcef/KZP/3hklWr1nz8K1+euP+Brf4BzFJWrRBJ4IiAlCYHn3DCD/fbb9S4sRhFAwNDwwMDcaWy6ZVXfvnTHz/41M7Xv+Gct37iE0ljmDGGPCKSIGW9u6uzt4eE4FEEiFIRg5SvvPjS088+u+9ee82ZO48QhZTqmQtEwKQpBVV7e4fWrf/Tr3/5r3/+Y2h46Mzjjx87qvcf117PGe5/yCGz9z/gZ7/81e2LF6/44U+XLn353Z/873F77z08OFzhDHgkASAjliUM4/tvufWKq6/urdfffOZZ9c6O97zhdX2Z6EZopCLmmKTUWY+bBJyx5StersTRdbfeesfDD4osnTdjxq/++rfePfY8+NSTvvfLi+67884TTjt1/2OP3rp+7XnPLhWpcviRBDHOCYiQpJAs5kN9ffV65/GvPzPuqk+ePGX50mWnnPum2qjRQmSASDEfHmwMDg3ffcetD91xCwOSyKu93QTJX/90yVCjwaQgYtVq/MTjT85/9DEhoBqxNJMtgCRpCSEIKGKIhDJJZx184I++/+0vfvWrC15Z9ZNvfefb9c6Zhx1CIm210h3NpLPW3RjY+Y+/Xn7Ya4695957fv3bP7y4edv73vDm93zi4x1dnVmzwdUZ7wTmIH5rsBKQJACURoZI9T5y6VkFoUgxLO0EhREj7cSLkwGQz2IFly9w0PQoG7BojJZI7Fyv3SvkKF6BLZj/yjmiOcdD3bX9yk1RPy3msGTtYDUI5lwLKN4HIyStF+EPWNqltIH5yh5qYCBR1qUfgQhmdstHLGnhADA08Cr0SgCXN0UpGaDxLQMXrmSlheUrs39E6AH86Il7ftIEwcvVpfOZHfBoTfb8q19GWG8e/tJ1FecOHPj2ex5gLO+L5irdcw3KJza4Kdnrdhxaek6V50qNLDF8STRCBsDOBf5bf0J/G7xYg//+TyuTyDX1nXizm15ULA+KH42zOe6SEFfIJCP73yrBrcVPGKpQVoYHEkkABpjKpKfS9eTWxfPXLRQxRHEEUuh6QZXY1AViPmB6Brtwde6ucjAYIknJEqxiLcsyAYQSleuVZkmtVtk4uOXuVx45fNqBY6LupkhUTgxAoj0GFNGW/zEgAFQ2ECIjkgzZ6884c85++02aOPbyv/8dAJBztajb7r77Ex/5aC2uSZJCCCJBACS8U3UJjjzxmIP+dVB3R09DNqIosthkjEf1upD0wpJl/7nz7qHhRkd3bcyoUUBsuNGM47gWVyKOLz6/NOKMxzFjERokcORIeNt/7vrLJX8eM26sEFmSpWkrY4wlrRYyBGRSZCQlQ64SI4zzOOKVSsQ4jyJeqVbiKHrbW95+0rEncWTVSqVaq7/jXe987wfemzQaK1cta7XSM854nUhaY8aMHWwOyqyZiubQ0MD7P/jh933kg3tMnhIjW/SB9/3+4l/fcdsdHfWeer0jEYkEQpAiEy8uXwqMTjrppH3nzsmEjJEBQE+loymS//ndH6+49HIpKa7WJ08aP2fO7AvefUHfzr6Ic5IySwWvRJW4Uq3EBPTEE089t3jx9L32Ov7E4xjA+IkTR/f0pkSt5tDUqdNm7DmDAfaLBDiOmziuwirMHVyiYhTmbM+x4wAgAdmXDvWMGrXfmNFJ2mpmiQQY3dNbx8pPv/P9Ldt3VGtVAaK31rVxx6b3XvDBLRvWnX3em7/57W9OnzQ1zcRwmmSUtNIUiAQRB5a0WlP2mFqv1VppQyIhIOfR9oEde0ze4zs/+OaWTZufeuTx5a+89IbTX4cM1q1dC0Luu9+cpJkuXbLs61//xs6t27Mk+a/Pf+aLn/3cqK7e4dZwxDggiJyAyD2FTSacZmNPmoztCWCObUgzYHupVNA8tr7LMLhOEISiWTe1RR7FIYOrTUUQlFlaVsOhd7C+P5JfGxOs1s7dRhAXRZkvDIstfQlpS4nyq1PRDmZe0YFGL2uv2GT81BiIJIExlj77zPCC+XHMpczAhH/B1PuoLSACBEkq0sY4Q1QGs6rNMMdgG12rnE/lhapyB0QCyauVpNloPXJPdMiR0NFFWaJethH62RSQEhhjnSTjUZq0uvfY870f/sDLLyx529vOX7pkcfqMBEDJkNc7H7npxptvuKF/cBCrFZQUc4wizllEnCFnIGTav/Occ992/HnnUcSkIIyASAIRSODAUsDjjjnqPe98eyYl53FcqZIUJCWLolSInt7evm2bV61ZMYzqGQRJRCTVs5sARFmSilqlY8K4Tc89f8lvfnv3nXdt2LJ5wvgxX/3al8d2Vu9fuJABdPeOmnXiaV/6XnbJT35518MPX3ndDZs2bPzYZz910Fmvz5qJaCZYrQCXAExmYtTUqdV6/b5bbtq+dctxp56xz34HQL3G0zRJ06FMdPZ0TZ41o4SupKTBISSSCEhUrVX7dm5/asFjQNmBB82bOWufZGgIGBckQUgSMq7EcU/nuoVP/89vf3vzbbf37dx20nEnfPPb33v47lv/fu319Wpl2qzZx7zh9ePGj7/4Nxc/9uLSTX+5dM2alR/85KfnHX/CcNLiqSDGGIOo3rno7nt+/ZuLBgYG95o06Yhjj63Wa4sXLlzZTGOABkAnQBWgu1JJMsk5j+txRyWSIh3c0d8YGNrRO45LkGnGgB12xmvnHH1kZ28vEEwbNWravnNAKiXLgAg4c8QccyCANAMkqMRHve7Mw08/PapXhZQIABGnKD7/7W87/OBDeseNag23KpXqmDHjrrvqXwuefnr69KmHH338HhMnVCr1SpUnWUJIaUtWq5XmcCMT4uhTjo8rUZpxJEIOSJAk2WFnnfUdkX3+Mxdev3jx0dde/745s0ePG8MYtrJsfFcNqevBRx773pe+9MT8p5as3XDO8Sd/7rvfGjdlYtZooj4Sz4lCy+cIACTRuKIA6ggxIs9OAtcZbLsRPMCiADHdPBPWT1tRvqUbJBTLVhrn7LFirswbIZ9T+t9dDkOlEjWU3jqZGbwNxUOMdTuDITxnww/DgXFQQTsQJvFrJzaPwqq2OvsRDuitAi2ibDYVSnBHhQ022dzgjrO9MZjX65AfYoQQra9lfO8r92cZvI6iPRE+4oOCRrfpQWxXH542c/mr0zYCYSl+NG0X8BCme9zI0tv6kYI7YUqsuCz1yV+UKiWyqV/j/+oh8l5iYd+sy5yrPlA6OtfFuug+DVgrgryFeyvUgOTsEGPdhe8TCeLU9lTKAgB2kLAFhiQfULpHoup+FFS0+rUDPsa8JRUXnIO7ZFYDtYsrFE00jQi1j+FXBN7dvMcYzk8EIIg4RkPUuPWZezYNbanUqirOjswISyVQrHUE4ZCoc9KKbkgS4wwkpUPJa+eceMKcI+5+/oH7Fj/GGY9jLkiQBI6yFkVPLH960b5LT59+TFO0pB6eCNThAyooraUX6fMZSdMmslaWdNc7j9j/oGY2nKUZAKgzIQHg8IMO/uCHPjQ8NMjjiAMHJCmkyi1IkkAwODAwe95+9VotkykhSRCAKElIKZI0yRqNTML1V1x9/RX/jmu18ePGdXR3NoYbg/19aZYiIGNsoL8fCLZv3y49lDBAkuLpZ5659dobIWLAJEgAAVCpVCoVIaUYHnaxeDnGAAEAAElEQVTYYxHGjNIEcgf9Iuy154yTjj1pdO+YL3/hC7P22Wftmg2PPvzojq1bNq7bwjm/87Zb4jjCalxllb5W/6gxY+cddNDkSVOXPb/k2YVPj58wqaen++jjT0iE/MCHP9zdOarVakiGjOG2HduXLllSqddOPPm4saPHUJpxAB7HfQN9f7zkL7/75W92bN3G4yqRkFl24Kw5P/vhT1NOAwM7k1bS3dUDiWAIHBnj0Te+943FC56aPGH8p79w4cRRYyVApbOaURohZs1WhJIi9qe//mnBwgUdcYWzmHEmhAQiAOLIGeOMY5oKxrGjWt/Rt3PuQfu95x3v4tVKIlIAWY2qCxcvXPL8S/VKRRClWQqAo0b1PrN40daNmytxdWhwaNmyl9ev3QAxgAQi2WylLMJmo8UYpa305ptuPOzIw0445rhqVM3SjGPEOR/sGzh43/2/8s0vr121+tyz37xp67ZfX/ybB+9/GADmzNrnoEMP+/XPf7527erxk6e8+UPv/cJnLxzbPXpgcCCKo4gxgcSAkWYZchyu4laQF98Bl2oJa+SA1CfBOAmhfKPw/SvFS58WVmyh3KTdTnWC0fH5YUrfdIfeZ9e9pDyGzOMZ/6tocntQ26/L1225YDwaieTlPzWsGj5mPihzLOaQJoMP3Su272SVijUGVErQrFLtPJFEJCYlyAiBMQCOUQqAwBgxNL64VuqoAnOhppAkoVYbeGpBddlz8VHHS0SUAgwpaXRCSAyG6BRoHLkYHDzppJOOP/GkmGh4uAUAykvkwJ594onrrryqzxyXVwGIASJgyJBVqhxwuDl00IFHncAryJBEQkCo/E+RDTeGU2RPL36uOXTZYLMZx5FIqdVqJs1mkqVCyp6eTpG0lixZ1iLatnMga7SqRCQFMQZEGMXV0aOh2Xjshhv+8Ze/PrFgQd+OnTOmTfvIFz9/5vs/OP/aq1vDjRqAyDJJsP9xJ3yhq3Pc//zpiptuv/X+hzdt3PDBV155w3vfC13dotkAzjMASRDx6Ml77//CF764fWf/Nz61/YNf+zrLxGDfAAkZA/QN9DU3bBweHMCoEsU84lzVyvNqhcVVffhaJlgUr1+x6j933tdV7Tzi4MPrU6cMbN8ZVSqYZSzicVc37Oy/68YbLr/00kfmPwWt5NQTTvzc17894/BD777lWgYQxTwl4J2dp73zHXvM2ufS3/3umltuvfymW1ev23Dhl754zDnnpIKQKKrXVyx48mff+/7zL708qrsrJiYAp+4794//uHLnps2VaoUJxHqEwHlHtRZV06T5pz9c/NTjT5x83HHv+q//iqJq79hxXaNHy2Yzk5I4r3X1CElbXlq+fdu2KOLVSkxSIDKS2uqTIlPkzxDiSkxSxh0d46ftxSv1VtJCxiLOGAEMDp9+/luhmUGVQYaAsGnFi//8x2WNJDvk4MO+/u3vQhyLxjCvctnKWFzJMhFVGDVTybDRHG7t3FHp6ARJJCUikmBJIznx7LM/9cLSP//rqmlzZo4eN2bb6lWvvLKiQTBh7JjpBxx404P3X3vdDfVq/c0nn/LlH/1w73lz0uEGcMb8rJTJ8Gsp4pxKMoJRHWEtkfz3f746QVGUG77nkHcv207goLbTvaosZmmXdk5s0XqzUFiDshBh3EUiyFusN/yu8jM6W2p90bLsSO7D7gAD7fDdXp2WNTZSvLR5DtUWpPajj7yhPrW0ozelTwB24dzme+X+fjXafPfGb+N8qm+Vja8IoXTq3agsKL0cte2ilwdXwYQo0pIzNmxnu6dlFsiIpIiKUPJzjtxBDVtSoF5CWruQEvgqxEgEnsNqCQ38XSkLOVhTB700YmnCMywUtsYtemMCWnOT0GQgva+1iawOwnUwKVcRvG1SzTIpeuPuF3a+/MiKJ5pZq4ZdKKV9R7uDyItOgd1l1D+E+sVEjCFK2WokJ+xzzCeOfs8BvTMnRaNbA83Fa5akaQbIAEhKWY0rG7dteGj5/MMn79/Fai1qcfOGBP8iMKW5ZiqNVkFZK0VBwIBHEQBEPIp5DABz5uz79e9+o97ZyXjEBEkhhcykhEyKTCQkaXBwKJUpcpYBgX6hjOSMMQb7zZ7z7o9+oNE3NHPGDORs6bJlD9334M4NA+MnjD3g4IOmTJ+GyBlSb29vR0e9GsczZkwjKRlniEzIDBg77vhjP/yZ/67EURRHHbUaCXz88fmPPvbIuLGjDzjlpD2mTpNZtn7dusWLFqdZc++99p49Z46EjHHOkWVpVq1WDznsUADgUbTXpGkTJ034znd+0OobSlstkBkAfPR9H+QRj+MortSBw+Z1m5qtxqInn86yFIjiaq1er/KoMn3ffaZPm6ZeYMAZQ+KPPDL/6ccW1jo65syZEwPLiDjyGON77n3gop/9cnh4+OgTjt25o2/Fyy+lWQoA1Y7qXbffeuNNN7TSxgfe+5HTjz+50WxmSVqr1eKoAggtkVWrla7erizLMiQGxBA5IEqKOLvxppsevvPuar2WSoHIEBlnaANVRJQJWa/V0uEkGW4c/7qT33reW3q669hKKaFqjf/jX1f9/Q+XSSaEkGmSxFjpHdU10DfYajQA4L47757/6OMSiCLkEHd1dQJJIjnY199KEyCWNRuvOfmY2Zdeus/0fYabQ4jIiDWEaA4Mn3f6OZsGN990wx1X/v2f995zN/AYAPq273zLeW9+bvGiyy+7jGJ25DFH7jVl6sDgoMhEHFcAGAd9NIlESeSYyIRNlKfhh/Htv+aXsa5I82i50rf2gYvrWV81DCU5uWCOQKJ8Ez1SGVuZ8ShYR6FZW7ltVYIFVPln+bKonDBsf5lxwATVFFBtA3alK3IzaucTvCpcZeuqAJZ+mBzslNVYrFw99MxCRJBIJAGlSuZZaLywg/x/WPvvuMuq6nAcXmvtc+69T3+mVwZmKAPDAENnGIqhCKiIoEZjL0SjiRpRk2hMUxNLNGpi/cbYo8aKCIoFG2ClN+kwMH2Y8pTbzjl7r/eP3c8595lJfu/5wDz3nrvL2muvvfreW0c1FQGjIAYBgkxLmhqsshwKI2uEIgAoAGyk2cxUcctNjdM2cdrgrI/Gm6GcphDwbGTUSYgIAKCYEFW/10rTZHx8//adsigAQLJSRQH97nNe8eLTn/60bl8iNbXJzKyQkRBEmiYCURWrjjwCQcmCEbWjm5WUUuYTw0MjSt5++52PP/xYa2io1WoC8/BwkvfyrGASyc4tRW+202w0jhoaWbl0STI2XOQ5KKVYJQiy17n/llt+dN21P//JT+5/6GFkvuDcc19x1V+ectFF0Bzq9bMUCQEoFYTQ62UrTzrlDf+wdNnKVf/vS1/6/YMPtj/y4S2bH7vsZa9euvbIXCoJzIkA5j07d23ZP71oYnLF4asbo0NFntNQOjLUGAL45c9+/sSjj+a9DBCZVJKmCCiUOvucp1326j/l4SHOMiESkPLJB+59/LFHTjnphBNOPJ6zQp8rJZSC2e69v//tt7/2jWt/9JMnnnxydHjoj1/4/Ff/2Z+tOf307tRULgEBkDFpprmUmcKTzjlnxepD1x6z7iOf/vQNt96Wv+s9r9+956xnX9qanLjnpzd88kMf/N0tvx9vNQmh3c/as7Pp+MRZl1w0s3P7rTfdPJKkpz77Mhgagl4Gwy2Ynr3ue9+5RfHo8OjpZ5+NCxdBkUO3jyxZkFRKZn0m8aXP/NcPfnR9Q1A7LwBYaLNcpxwppQCYlQCYHB1OEE857eS/fM+/EgkQggVCs3nn9T/68TXfHZmc2L93qpPNtNs5Cdyy9fE/PPCQQvG7225737v+qZ/3ZmZnJSmV8/DQUKG42Ug5LxqJ2L199+o1q1/1trdNzJ9f9DNEEAR5Lmen2s+68sqzrrhifCj52qc+de13rrn/wQdagHmWv/yVL73vwT/cs/nJI5cvf/s737b25A2dqTallAgB1o1j1ShVThHxS9rnrnPow6nwqlrHWUmzKgU/y1GIwDisJun5EErcWmg9OnYZGpMHNFcGjQKthln6KdTSoWoOWV00lAZWergNmQBu82YcTfOlgyeUI1HmbmxOG4kUqMEIc6XphcOe2wCOgPG922HGHoFSSR8lMv8EVSpxttKUlXs8iDKheV+mokoVdBq1a8Er/PVVoEJR9RgOjTFHtwihgK4EdUPHhMVQCR4ADq4ZByOf/LHG7n2NHhLaokEtC0zNIDzkdq6qETu39FwfTlz7oXkStrpKHGMMAfZrprQYQ6hiMKLJCpdDyTAs/QD2ApHSCioRToyZBIIFVmM2gzMQ2X2OfqxzIFn465Yr2l1ArrrpGqxDPlh/Jmge6bgRvGVIGRgky4TS2zbfs3n/FiISDKAUEgIw2BxYEAgKMEhiBZdrZ0xQVMAiQZSc9/vnHLHxzRv/9PjxIzu9mXOXnpY+Lf3Qjz5192MPpK2GQlCKUyGkzG957PbNx245acmx3axHwGRDRYQM4O7kdKs0WiFEApGQlCABACQSfXv6177xra99+UuLli3J+5lSCs1OS0IixaqZNjrtjmT1ile8/NJLntnNuoJAiKTf6965+b6x8fGPfuhD01Oz+9ozk+Pjw6Lxqc995pMf/TgSnXfpJX/5pr/k6X5BsikSFHDTb25++OGH1h56BBJJlFIis9p02pmnHXcKKwkAaZrmRf7vn/zYz3/847GVh7zqVa8658xNuSzuvOeet1/1li1PTp9//vlvftNf9vIeCUFEAJQgjk9OFqAIMJf56sMOe/azn9FptydHJmenZ/Y8tXN6pt3t9bIsf/ShR5TM5i1cePJppw4NN5NEIAgAKPIckvSUM06fGJss8kIpSUJkWfb971/fabcvOe+8I446mhFEIlARII6MDK84dOWRRx75mte++lMf/9QjDz2kCqWA86w/tXffV7/8dTnb2bdr6oT164eSVi/vF8hZXmibp9/t9vp9pWSSJoDmoEkEQBJN0UAUJ5146oUXX5gkAhiFEJTow5FZz8fkvPkf+bd/u/f2O2VX9ouC2W4SZVh39NHHnnQMJenk+Pjk2MT99z985+9uBYAjj1m3csWKvuwUUo1PjK9ctTKbLX7xq5t3bd/ByOvXrz9i7ZGjI2NPPv64Auj2M008eZ4hwMLR+X3Mv/PDa7/8ta/e+MOf7d6+/ZDDVjdHRh6+957pqemmSN705jf+4qabHn/s0Y98+D8WzVv47AufMduezVQ2BC0IzBC3dNwyMIacc9SUOAE449NwzErOgjnVNMjddZZniRv4dss/YJlpHlCos5N3QTQA4AASjgN2FBUuWVtBPletjJxDPwvzbw/W2xqFk511b4xPEw9lAB18MTwFbceMSdJ/9KFi585EEBsj0N6wzK5xBtA70xiYSSnSSrHLnAU2PZfnF7XH0HRKOkkXsdno3HlHc88eXLYC8wwMQ0bbnz3dDDSBICMBStMSKwIExaooABgFSYB+ljNRrz2za8vWRtpYtHw+F4UqioZIREMgUCELpRQytPvtnY8/2hgaHlmwUEqFDKCgSQmMNF9+1ZtPOuccoHRsbJSA77vr9h9f+/1uZ3rBotHzLrnstPPPz/N8ZucuwQpmZofHR7nIhWoWirmfJcPDm++869/+6Z9++dvfJolYuWTp857/vMv+9FUr1q3r97ImM6WJucRLEAAAy6yXT65c9fK3vGnRquWf+Pf/uO2BB/tf+ca6405dduyxqugyIJKQ7faevU8h4tpDVhy1Yb0UyF2ZNBoISACPPfjgnXfeJQASgAJAEPQV5ADN5vClr3w1Iyml0lazu3ffrb+/pZvnaw87/Khj1hbtTqJ0drb45fe+988feP/DW3e0O511h61+yUtefMXLX7Zgxcq82wdEMvtyUaSJEIJBdXq9JYce9pq3vXnR0sXv+ud//vk99yz/n2+ddO45jYnx+37z+5/d8JNlS5eddcbpv77l90/tndZutyzPb/3V79/wxjcPz5t8w2NbX/K2N/aKXMzIvNttpI0kob6SnX7W7Peh2xXaXSIVMwuRFEreefutN/7hvlWNZHxsQhV5CsIqAZwkCIgiaWEi7tp8b1HwksULiRWmKaqCEYHE/bff+T9f+lKrmbTbHUaQnHS46BaSEVoMjzz00JMPPVRImTbSxuhwN8+zXBZFligeFs2FE2NT+6a2PLbmRa//83lLluqEWJXllIpma3i0Mblr+5Mf+9hnvvSda7ZMTR82NDxM2J1prznxhL98w+v+/K/e8fiuXdddfe3KI45uLloisx6AOTzf8DB0CfvOQ+TI33wxsdDymnIL0lsvVQ3KMitfxrOUWNHz7Fd3VlXbwKo6DKVaaO8FRZulP+ip8kGjENbZYOFwyrY02BGw080j87iWbSKi0wmx2uNBGIF21ir7yCrGZziEusyauC9zXGX8LiiJVnYGvyIEKArFUNW6APBJj+FklUZXa1XWq+VB+YFBsMGqfnmMcaMDCw+22ephCKl6QKtVOgnNSANPQDSlYhFgWlIFRnVty3HX3ryM3NM1K53rZqzmMc3WTY0DLR51iZKDEYWt1i0P6/RxumDwU8Vgdj9EPiSMq8DAmdJP4sZW87jm2HZTPw//GxOUbX6yc5CYHkJtOB4AOBVI67ymgWD2lDFOEbQRrgCe2Lu9XWSimYDUZGSYP6I9TNm7zAL2ojHMyMyUAALlWbZxzSlXnfnqDRNrZ3uzCNRH9cCOzTv370MhFILOI2QETGhn96ldnb3mqBC2eqLu3o3JffDThkggiEgIhNzodXZT4SOPPvrzH/8UELDV5EKCLHyOKwE0mtDrA9G55zwtxRQVKCmHk9aWp7a++70f6Lfbf/93f7d1+673vetdJ516ykc+9JE3/Onr9u7a/fGPfvwnP/jhaaedft6msxCwBeL2++987z+/t+jmY6PDZ51+7v72VNpIFDMBjbSGWKl+3k+E4KKYmdqPCsYnJo446sjJhQtyKZcsWUxERSHH581btmTpTLeNgCIRQ2nTTg8rxkKqDWuP++B73rt1z7bbbr+73e2cesIJCycWSqX2T0393d/+7S9/8YvTTj/lI5/69NBQkvXzopelrUaaNBSrNElHWkNcKAEkSGzbs+22W28ZGh+54gVXLF20OJNFQxALZMHnnnPuBz/0r+PjY4euPrSfSxJJkggASER62aWXbX7s8Q998EO/vummG2+++VmXPEMliPrQJYZECBLUSBpSFnreCJAIkZGAmo0GAJx2xulvfdNVzWZT5voCAAI2R0pIKYeHhq/+1rfuu+Mu7dogZmKgRGSyeMFzrzjn7E1E6UjaAqH+9YP/9sj9D4xMjP/Dv7737A0nZf1uDqqZNlYdsvqTn/7EzTf+ssjzP37xi9921ZsPXbEiScTU1PRst7Nk+eKO6iaNZGxkFBDvfOAP//0/X73629996M67AOBpFz79n9/z7s9+7rMP33uPSMXeqf0nrjvub/7mLe/827+/53e3/f27/omlvOziSyWrdr+TpAmW1ptPO3AqjlnCoC8J1fdn+B+9Aev+C1erc1rVOmXdwnc56Za/1CU6ldhiSbRH/If0qTGlHucQuq5A5bUHRqtFgd8RYHAyUqmviqLiLqmr0c8gNG5DE9SKETAnbRIiMplZMnLIMhskAmS5fTOpApsN85PhoczsTWljrbPS80lWxntnhPEKOubqaloeSgiERATIojUkd+/ibU+IFauACJQ+6i2gkjKT1xuuCEBqfkdERIJZ6fbzLGdC7nQ//aGP/O6Bh4bStNvvsFINShupSAklKCl5cmJypt3esP64t/3Lv4wuWQb9PnAhmq2t99+/bfPjR5x4/AXPe/72++7e/vijy49Yu3z58gduu++a678vkScX33rBcy5bsW59f9++puIHbvntf33840t++JOXv+kv5i1dmnd7RZYvOuSQo0/acPcDD2w4ev1LXv+ajc+4uDE6Pj3dRubm8AgDSB3+1XktSkEC3V63MTx82cte2mw0Pv+fnznx5JOP3XiaygsERBLNZmP/ru2PPPyAYM57/Zl9+xKRSCGazSZQkgFs3HjG6aecJplFI0VKMeG8l+W9/lEnnsAJKSkVIJPYtX3bb353y6HLl562aVM6b2G/08ckYakoSUYXLpIkUOFLL3/+H7/w+SectWlofHym001aQ4pQ6TAjgSAUAKkQlDY6vV5jdPyPX/0KJeW3vv7NTZdeMrlyOQCccuHTXr39tQsWLDh946l3PXDf7n0zJBIgEpSuWr1m3ZHH/Oz3v/raV75w5gXnrjn1lGKmIxKRJo0GEglzQBQgsZKo2NACF4AgEh4XyRWXPeeVV71ZdjsEiKRzTUAIAMCk0Sqy3t/82Wue3PzkxMgYmN3iApBByhPP2viGv/qrxnAzIZqYmLfzySc+/8UvbN2z69hjNlx0/gUjo8OI2G23V60+FHP58f/46J2PPn74YYdfcvHTDzt0zcIF8zrTHW40RufNkwASgJVqTI4nhA/edvsPvvvtn173g5vvvY8A3viyF+/btu2nv7ipIUS3nV36Z39+3613f+ArX/n3T3+m0+7+zb+8u7lkeX96CgEwSbxNaKwvcKqKNXLsmkMgRhiUMKJVXquUeG4YKmMBM6m2wNZ1qEBh2OvgvLhqECzK7QQAAHPcl9PfQmhDzmAVKz44gzDQK6sSIShWjlM6ddy3HvVi93+WeDQHcbHoQ2wbh9ioxpz/VxmbUMGPh9WF42Jnpf8cOhQqEsPN0Rx2zByCT3sWPIXUDsoCX6u0+7FYD4sTiubwubDr+uZD8LReWyH4EtiB5CU0NFlqP5KkZX2j3iSewzVcNsu5TGlh2cCVclCz4+H0AAc/GWWMQuUnmKrKabGIEK9QUysYZwBroI0EdIgUYPVgIEdfOlogDo4qQPZJoDJ/YeZDiesdjP++ulyjX2N4TPOVc5ZdkNCcYm7dL05HxsDT6HoDQAaVUrqvmNoxu1sxJCBAMpDOIEOniiGCSIQCKAqpR2tmm8Fo4oSoIO/3Nx1x8ptOu/LEiXWdfidBUQj5ubu/+V83/c/+2f2ikSp9zQkAAIsk6eb9He09fcgFCHOQrsmb8wyW7V4ta1Gb+/iQiAiI7fV8NuNkbHRMCHH+My9+81vfmvez2dkpqZRSXBR5s9l6cuu2//exT+zYsjVNmwVIYGClEGDr1q0/+t4Psm7n0sue05nt/O7mXyukbXueWr1o8VvefNWWLU986yvfeneh5v/HR048Zn2fipGJsXa7ffuvb/3Yxz95+OojJibndWU/JZHLIstZFrLdbU+OT2zbveMXP7+RAZYuWTZ/wfzp2RmRiCzrSWZAyItMKtXvdkEhJTgLs51ed3J8Ymx4DBQgQyNJlyxacvNvf/2+v3/32Px5p3zso0cfcRQA7Nr/FCVKFeq+e+5/59vf0WvPZv2cZd5opqvWrHnen7zwhOOO41xKBUKQYPj9Lbc88cgj4wsXrD92nUAsEFAQIjLC5OjYBef+kUK1Zfv2PMsQUTFLVn2Zj46P/cUbXn/Hnbd/75vXfPAD/7ru2GNWH3JYJrM8y4ABCZmZEO3mIx9pMjsZlRobGWk0GkVRKCUJBSuJDFxIWchenjdarTzvMzMrSfrKWABBggFGRkePHp+USjUo/fyXP/eD71w7OzXd7/Z/e+NNp647esmixUkjHWmOXPPDaz/3n/+1+cktZ513wVve/OaTj12vaWBydBwAupDJIoeU7n7k/ut+8P2rv3PNHb+/tT/bHpmc9ycvfcGfv/bPNxy7/vNf/jwAgEAU1C36L3rBn0xP7f+X93/ozt/d9tfv/NuHHnzopS976ZLJRTnkeZFr0rQLM5BEAzmP5QWBbGf/i39bPtsrWKK2rHYFeaGKzr4p2TiuMATv4/ZDo07PWhhvtIG6yv1m4djdJ3/UQSgFMRT/oUsUMfqpqqCE0eGQtSLWCybjYtefq7YomBtUPYs0Esm8ZERMEjU1Vex4kgQCiXLmrE8XdPzThThDkxfsbSv6X2DF6IZiBAwCARABERKBEFj0edvjoDYqQoq2glt3cri3At1GLAIdeyVEQMWsgLU9x0XBed6ZnX10y5ZDly9btnRVmqRpI00T0UiFSFojI0O7tm959JGH9i9fWfQLkJKllHneHB6667e/fc973/f0Z1x02TOf+Yn//M/f3PL7v33r3zz3yitf+463ZwBf+uY3vvr97x9+5NGvvOov06EWjA4/8cTmb/zkhm6hVh+++jkvfxkh5b3u+NJlr3rDG0475bSlqw47+qwzALA9O4uCUAgAIDDnoBu8FQoSSYh5u0tJ4/xnX7b2hOMn5s2bv+KQIusTkQQWQmy+/4Fbb79jNE23bt32tc9+bsWKVStOOUU+kklQDHDG2Zte/ra/6c/OCJEgCQSFAICCCRQQFIUQAmXxh3vuvv3+P5xx4omnnXUmUwLYpwRVlkvJJ2w6651/+3f333X/81/2J4vXHKbave7MLKYJIChgKa3DFLUgIhIE1Mj6/aZInv+yl5121tmLDlkhUOT97LC1617ztr8SiFO7tzMiAEkgAFCK12w4/u3/+HfFO/568/atX/zEp9/6z4eOLpov84yQhI6c69tilQQpQSk0NjoowqKQxGrp8uXrzjiTZ9qYCkAAEiAEkN2h0plpDDV0WrgCJpuCwHl+5CmnHH7SSUBEBLsfeeQjN/xgptMeao684EUvfv5fvA56fSCUshCSv/ThD9yzdetwY+SVL7/y8te+Ymh0FJBAMiiZK1BKNUdGqNWYemzztd/8xvXXXH3XHXdunW0feeiaP/uL1z3nFS//8vv++ce/uLGVNlAqShtveN+7t+zc8ZUbfvrlr34t73Su/Ou3HLLhFCgy2c98uoQNcHl7yhAH+T3z+rWNscTrxGnz9nYEZzp6phfzE9ONd5CZu+30gnO6oC0fHcFdaaecD+K6NGzGJjFYnly1b9wQQgY+lzJre3LdBcVd5GegYmkkidNhQ0vDATnn5THaKPXa8gBrECqKdByZZM8V6y56iQoHludcjtHAEovCZQFtlKLEseuz3tAKO9CjigLOznbigJgB/NSX+goH61wCpcFCjQEdBgwhmGI/TpeT6Ko4ncNrIhz9VDHqTGCcjY5dhq2Cq6hiiKcKMp1FWBN0ZQYKsMrgvoKjFIy68/MSjF7/KTlygouCwnIWGNuGdgBZCyvSXXxTdUuzGroHO93l5RDkKtcQm6MmiG3RYIxJWNoodtVW6lS9wUV8ycq7mkKAbmumN0Ojmkq/CUfj5l7/IX3SLAHnikdF6759jz2+azMRJkgsmawVCAhKcSKEknK6O9UUQ0I09Pnv9vxPZAYiQsZ+v3/Okae9aeOrTho7tt3vJCC4if99x7c/+6uv7e3ubzWaUt/lhQCAkjlNG/1ud/NTT3aL3hAlGef2pFu0trEpzgDmFA+9f9QPFZHC/aEAAFIVUsqFCxZedPbTJEBP9RFRSllIOdEcve+hP1z9ja8/8ehjUuUMipVqiSGQdMett3f2Tx219qhTTj7l/nvuFUKMz5snAHp5f+nSZVe95S1P7d03Mm9yfGzk0Ucf+cBHP3zuOWdf9ZY3v+blV/7k+h9f80fXvO6Vr5vtdBgZpAKlgNXiBQsV0P98/Zt333H30PDIhg0nLVq0uNudbbUaIhEkkEgfEqwUQqOVzs7OfOazn7n5d79+1qWXvu7Vr5My16d9pEV/164djz38yOTSJVuf3NY7od8p+nun9nc6vaTZ6PW6v775V932bNbP2tNtYLVs9epTNp515Jo1BJSQGE4b3az7sx/9tN/rn3rKqcuWLpNKJSZlEElhURQKJAoAUMgKWOVFUbCSoGb77dGJySued/n13//RY48/9sS2LQsXLFJY5HmO9klQILD2UGNAxqkgYBgaHWomKSepkhJ0Ljczo2ChkChBo5WiEIgoSCgSggQC5rns5N0sz9Ik2bt3T67ykcmJoeGxz3zyM7/46U/njU0uXLpgbGL01zf/5rGHNy9dterv3/33p65fDwD9rN/ngoFRYYrUajY/9fnPfvFzX7rvrnvbU/sA4NyLL7zyla8877xzh1pD2/ft3De1HwCUUgTIivNCXfmq1ybNxvv/9cMP3Hr3h/Z85Pd33H7F5c95+tPOHxsZ7RdZuKl6wAqFeMn51yHrD20p5zsqNTw3O+ABhZxYiBzJVV4X3mY+2JF5AK9elGUbDBzngr4asT2wn67yY1X++ZIY1rACJbCAoxeImIp8z55s+zaRkDQ3TiGjn0Xn++JofMwggcEd5wxSci5RMiOAUqDK7gFAACQkZEJAzbsov/+B5Ok9EFrbJkAAZV2FJXc422C69uMiIBIKZGCl7GCVAuThkaFJoqv+5m/PvejpiDq7n0gQK2i1Wjd+77uf2PZEE5GzHJhVLilJ5f59v775xl9tfvyUvVNCyn07dz2+dUen1xet1qHHr3/j29/W68585prv/ebXv37B/pf3d3Q233vP5Px5Gzee/tWf/uJ7P7j+zIsuXHLYmmJ6ptfrTS5a8rTnXQFJovqZYk5aTWXFOkiWihUAKD1CRXnOgKhYdjqUpquPPY7zImt39W2TjVazPz11049/8odHHl+1dFET4Prv/2BydPStH/n3yUULucgYoNEaokarkLMAQEoBMAFSglyw5FwBDg+PzOx56he/+Fmn11+37tjFRxzeVwrSFBiIGbJMCDrngvPOOPfckYmJbHqWsiJJUy4kFQUqpZRig24zjaQ7QqF6GSXJEcevV71+0e4SoMy7o6MTKGjH5scN4SkAgIIZkY7ddOZllz3nPe99z/e+f90zL3/uqZc+Q2UFgJLAzFLJAosC8hyYWUlAMtSMxAwEkOX97v6pYmaG0gYwUCIoESgSAIY06e/emyvJCMpSD7ICxSCllMygVCGFoNtuvvm73/jujGLRaN34y591ejMLJhccefx6JPrpd6/55P/7ZJ4Vf/Znr3vmK16SjIz0+goTBgYSiUKVFDLbt/eBO2/75hf/+8c3/Hzbru1jjcYLLrn0ZX/xuhPOPL01PFr084S5kTYbzRZ3u2NLl/39v743e9Nbr7nxxs9941uPbXnyT172ovOfeWljfNLcWWayJZRLJAUIohTGsUkmbV6pOERTYTMh50HDc+udVhGbtCWckRO0F7ZcG2l0CkrN40ymmrDjXE+1TC179PCYUYf8aYDmyRCCW8uqPZ90Aas6s39uMRh3WrZgS93VxH4HP7Wa/QEgQ2+CRi/jZh2oda1WMcDu01zyrhT8jP0ClqvHoPBA7Ab+Va60EwBTC0jdiVADo7h1eDjYGTpo2jCEAeHqKHViGUHZ+Cx3VQdbtJYHlovUJE/zg6a0VikqkcD/Kug4APB6okoqE1/OE8agvnb2h1UQg+OqYzAOzuflQxl22ipgWqcHGyWpbMIjAwIqHVdU0Gg09szu3bF3l04flToB12QdKRLU7/dGxNCalRu27d42051tpA2pCjYZr0yEyNDvdc5be9ZVZ772+NEjZ7ozAhIxJL5433c+/ZuvTHVnR9JhWUjUTgxEfR9BmiZTWbZt785e3h9ttkAWmlVXFEY7uwxaqPrxMSOhvsDNFSZkAOjOdrpKNkggCQKCRJCQAiCTeb/fY1aScwZORNJMW7+6+eYvfu4LSHjuBecdf9Qxv7n5V4o5QVq0YH6LEgA486SNX/3SV5RSKxYv+/o13/zCxz795EOPfuCD73vWpc+8+lvX/M9Xv37q6WesXbu2J/vjw6MEmFCyY8+uL37hy//5yU/1u931GzZcesWzlJRKJ6cmJEjoLNk0SRbPWwgAEtUvbv7lz3/409VHHJ5D1mqkQ82WHtEhh66iVjoyMjwxOd5qNFuN5tAhjebIEAJefsXz/vqv/2q2O5MXqtfpIzILOuLwNRPjYwmIgqXM8227dtx8080j46OXP//yBfPmKSmFECbbmUFnX2tRzlIppZSSuSyYmYHb/fbGczZ9+OMfXnv4kSdvOLnVGkpFMjFvQgtjREFAAALsqVoI+pgUUJIBceu2Hfc89GCSoJLKyBkzV5QI0el32rOzAICYEJJAUigECEAYSsV4Y4SBAdSrX/7qszedvX3nzr7MPvHRT998w8+BRNJqFJ0uJOlQszXUbD368MO/VPKQVYesXraqBU0AyAuZZ70EEyHornvu6U9Nnfa0P3r+Cy9/xnkXrjvyaACe7XVAJJk+PBlRKpUizXR7Q+MjV77qyiXLl/7bBz96629u+frnvtzL8jNOO2Pe2GRf9c0hWeEyd2vOyC8ON/mbP9alGLGKgLoRq+5CpwdEf7wsH2B5eibI4al2UQGMt+WUXJhh/m3VRq2wTgawF5wy1Erx4KXPUh7A7ioVQ4EaCKFy0pf7oyKMOX3VSZkwkmFYZ5LKbru/Y3eTSG9OMz+i3nVpAilsr1/RiQMMoKQElmA343FecJ57bmUQAuCsdB3SIiJBgECEUnLv0c2tLKPREchy0DsZyqjQYzDM0zSq2yeBIkEkTZUKgZGAKC/yTKnDDluz6qgjqyhevmIpker2O3nWBSkVQnN46HfX/eAHP71h0dDwOeeeu3zN6gWTIwuIms1UAfd62YrjjrvqH9551JGHz1u4YGJ0+HvXfPcfP/Rvf/bKVzz7nE033XHHD2+99dk33HDZy1dRs8ms8oJzZsoLQQkmKZFwwlwppXT8U5OBVIQAyqS2ybzI90+jjkhLqRhagu668cZvXv3tTBUXX3T+sUevffd7PvDV71x9yJoj1m1Yt39mViBAIkAkQgiBAgmZmPWVN4IazZZihY30yUcf/dkvfrlgct6GDSfSyGgxPZs0UshzAkZmmeWYiOZQ2puZTRgIiaUiBqFUrry1YwgPAZlJKWClCFVRyKkZBCA9K4qLTlc0EmREJKUUs77BkvuqaLaa5zzjmc+49daMkqH5o1JKhSCLopBcFAUUCvICCmmi6KS3SiIwIiEwK5U1QRJxgkBCYKMBgkzqydBQY3RYH6ulnL9fKWAFUqpC9tsdxSpNxKo1q1/7+tdt2bL1d3fcdu33vvvD666bmD+5+tBDCgWPPfRIXhRrD1l57rkbJxbOBwCVgFS5lCyICFg0xI+/+PVPfPJT9z/4MAs8+9TTnvW8555z2XNWHL563+7d3O4W/QwRRSNNhKC0me2fXbruuH/62EcW/fMHvvqdb//wppvvefSRG2/4xV+9658mV67kvIgSubwZaBw+ACZZQJ8qgO6O+4EMQy+UYDdiEAXV7wAi5463PcEusoA5QMhsY0aEpYNDuMoY656aMFeNLmvL2iNq0G4r9bqxLwMGtGCna9mc4bhBczqRacbgyerfhqHra1Tstsw4KGpUMauju+Cw1nWdoyYYaDlZ12LRvMI5UohcyVCy1N7aaj2EaIpj+NLQQGCCMnuBPIfxGclBa+pziWgDu9ChsWTFlejNCh8dOB1wDy2bEYTgRT7NwHizu+289KqnSU/c0ajDkKz+jfVPVRUi9vyG1WvViSoa7VdEtIkKLpHK1GRwctci0gnmMDIf6AcGGM9Q0HIAJ+grm2I8eM735MK/gQlaMvrQqru+zXBsYdzbWWrsJUjYTjii0nTrmj69ggEBg/hnacu3XXOBO6rmCS3+g+FXwdx7mLx+VavPmv1HrNzoDGfyV5RqBJEOgjH1in4mMzYJ5TaOLUE0sN/rDovh55/wnOcf+6wfPXjjx3/5+X6WDTdbmcyV4kQgMHZ73T86atNVG197wuhRvayTUCKaja899L1P/OoLe3r7h1tDeZ4pAWD3mho9kEgyd/OeVCpBoaMDjmQwkBp+DOB/1b+x3mih9xWaE4wQAB566MGPf+ITabPR7c4iIBElQrSGW088+cSunbtaI0PAwKCGG8OzUzP//d9fefDuPyxbdciznvWMlKjf77JST+3e9fVvfufwVYcicZo2mmnKCHfeecf137+WEHfu3DU+b9Fllz/7G1/71j13333PPfetW7dudt/03s7O9mzv/gfu/863vvPT63+yb8/e5Ycc8pdve8uxx6zrZr1UiASo2WymrRQB77rrzp/88ueNJEHkRx9/ZGZq//i8ifGxiQak23Ztf/TxzQ3RyIvez3/+85G0yXlx/fXXd2Y6iDw7O7V/957hVmt6durhxx7p9TqNtEEokHB2dvbxxx4WJEQqFi9bdsbxJ995521bNz9x7EknnHn2RkIBBIQEgcWDhGiuQERWShYyl4UTsQvmL3rJi1+8ZcuWe//wYLOZJCRm9u5vpCkIbKQpac3IbOp1bgLIipwEfetr37jpF79EVsDWYkXDqRISopE+eP8fEDEdStOkIYAUCmIEACKa7bZn27OzM+2p2elens/OzjzxxMPt9jQlDWZVdLqt4dHFKxbv27Xn8Ucf+ad3vHP+vImlK5ddeNHTTz3h5JUrVy5bvKyRJrnMXvjc57d7naf27X320591yoknEcAPb/5Je7azYvmKbVu37dy+Qwhhz6gSQ42GzHPRTJ976RVrD1/78U9+7Nbf3vb85zx3ybxF3bwDZLl3oItgcKi0PYMiXvKOVKP1jk7+mxU3kBvEPwT8MewAHCe2P3kmaJdQyEQHsyhTtq6S/wlj4epy3gZ5pm2DXmWb6xmMjRIH92qTY5Lh7YFs84iQrRFoBF+sCRCyLDqdJgYGnhfkVn9BI7508woAZQFSAimQzEpC1meZ69NJ/SEXYBs0HM1yNUQAkKzk7BQoxZQC9NELy1idCLFhGkEmAKXTL1EIFIIQkBGFwEbSyAE2P/ro6Xv3Zr1uIRUSIqHM85Hh4V1PPJIVea6KvMiAOR0dmdqy5Stf+sq923dccuamkzZtFCOjuVJdhr27dwilRloNkGrNSae9cc0ayHqdTvvuO2+7b8fOJ7fufN6rXnLmj378P7/6/X99+SvrNpxy1OmndaemEhIgJWLiBu1OTWQAaWbE7plhAGXUfm2pKmRUhZSqtXDh/s1PfvkLX7zt0cc3HLb64ue98MRNZz6xdfdHP/7J9//Hv69dfeiOp/Y2BG3d8mRn++b+9KxKGpQIzc1ICBRC9rrYGoa0ePT+e3dsfuKsczZuPPMM7hfCbAg2J2MSksol51KQIFSoFKOwEtoUIiK738oLH7Tb/EDpO0IY2d5hLSUwSCUZpB4gEkmpVhx99Dv+7UMjoyMjy5dDroYE9XqdQtlrLhXr9BmjZupscGZAIIbHHn3825/7HORZmjQSkRIRAytZFIWkZgs468zMovZBAIA/SRlI0NjyJcAK+tm6k09cvnTZ9P59995955e/8c3f3nHP7pnZbb+9rQdAAOOJ2LXvqS985jN/uP2Wk844/YjjTxxeugxEknU6LBWkzQVLl83OtufNX/T8Fzz30pe+ZO1xx0OacKcz3hoWwHnRZ4CklYpGA4iSVivv9FesP+6v/+396zcc9/nPfv4nDz+84akpTJqgJMjC3DplrZrQ/wwcXJKk1TJvlcbLIdDBAv7ARlUq51oE3MVzQ1fTa1GRYluyOuIGw1RPG2DgqHnfZAQ4RAouhaZFWDhUT6Oew8Gi1fEGlAhFhuND1VJzv7SgY9igY6kOFp8MFar1pmr5qKGynDqIJ9Sevc1jHYbRKA4gaQ6yO+s21U7diCYDIQ510rlOhprasbFR9cmi3asSy8PSSVTWoKjYB+DQEtYOSaQWN7FkL5NN2HJ1SFXpbM3XOlvUDtLCeVAPe6vaKSHatBk4nLB27cvKWGodIpG5rt9YGySwGKsn+DiDyndXtjzBNgcDRmGnNYneeY3GOUjitvSW38Eb2cOWIkZa8ka4Xx3nqJ0t8mAp0PcVRudPE6NxITIQkH5DgIUspJIMzKCMD0sBpdjvZ6vmH3rlyS+49MjzFjfnrdiwoJt3Pvebr/d7ebORSixAQb/fe9q6jW/Z9Nrjx46c7bdTSJoN8Z1HfvSJX31xV29va2ikkAWkCMrcH4DADASMrG0XycB6Y7S+5BNsQlsNIzUL0q03mxgnUCglJasERS/PGmnjD/fe+1dvfqM/eQghHW41mk0Abu+fGWoNdzs9BKGUTNJ001lnbn7s8WPWrz/xxA0AsPboY8YXzL/tN79565veODo6JlIUKGQhFater717505O6I8ufPphy1Z2Npz46jf86ZrDj9p0xkZgbk/Pfujf/u3O396+ZduWp7btBoCTN57+xre+6bJLLs1knwQSATAsmb94zRGrb/vVLd+/5rqbf/mrVAjFqj07vWfP/vkrlp5+8ukpiF/9+uY3vO5Nw8PDucye2r076+ftfu9T//HxL37284gAiqenpxXDt7/5jeuu/R4rlQjBDKxYFRITTEQKiOdfctHaj3zkW1/+726nu/6Y9UuWLJPAghJEw1FZK4HACkApqcW9jlEAKAGADErKjuy/4x3vvO/2+1rDDSTcvXNHr9dfuXzlxNgEIjDZm2IRAFkCA0CeSyFoZnpq//69gMwKWKlCFqwYtMXLKBqCFQBz0esTAAESA0hORWO6M/2P73r33Xfd1Wt39+7bNzMzMzU1lRV94HTewgVLVyxdu/aoTeduWn/MsU88vvmGX/zklz+96d6777v39rt+c/OvFy9aeNLJp73vfe87/JBD29nsyMjIq17+ckQeagzNdKYbaeNHP77h6q9/e3R8vN1u79nzlJRy3vzJifExJASBjTTJVdHpy5PWnfCuf/jHx7dsWX/0MaKBnbwgEaWbWvGABJFE1Ztinb2jqZeNuDJLnQ6S2wZMCUOp7/wxHG12UpEO5SC1WnTo1SOiwUpGObpYcQ87iRjyzFJYtaaiY3OhQESE0jsdpvAeJ9NTyYke+VydPyXUhYz96WzREJt+qADAilkqEBQcNQRgpZp101rr1jrOWUqQBYqEtSGaF5ArAERUdphhJLyk9el3LPOclUIEYAVl30Uo4mwlbV0gADIkBEiYiNZQs9lMde4HIopGMtQQX/ivT1577be5yBpEjIxIADzUaHSmpzPFSSvN8lzmEtN0/+4dTzz66JCC8885d9nKQ1SWj4/PL1hd/6PrC4SxefO5yIt+URRFLotdO5+88be/mg+wdMmyZadv3HT66b/53e2HHHLI8MQ457lQkrSriRUqBaSQCdhOmUhazcZwkqTNhp9rfda6AlRKx/sUQ9po7n7k0S9/5v9d+5MfzxsZed7z//i4s5/GQ8Ov+qu3jU9O/ud//r/f3nE3ESLwddddN7N9C5CgJCESDKQkCyFyLrJu/4JLnrXpj5520403KlanbtiwZP26ot1LEEFJAGAgRAUA+lZK7bPVO9FZnwiCKBppk0SSJOBsZhNsQh1yNndUsgIT6QRWSgGINFHamlLAzIIQJKfDrcUrlv38hz/ev2sPKZ6e3bdl+5bm8FC330ciZnsRq551xfqQZSAcGRYPPPDQnb9/VyMhfVg6ICjFihUolgCtZiMHTlNCIUAxK1Za8SPq79t39003Fb3+vr17du3ase3JrTPtman9e7dteXJqaioFOOKQQzeddZpg8dD99995z91fu+771/zwByccdfipJ5+y7rjjV649+oQzz06GRlQmT3nGM/5ZqZnpzsZLnj62ZDHnxU1XX33fHXfOX7Aw77cfeeRRSqmVtmh4GIg4ESCSbLY7uWTZi6+66rDDDz/9u9e88E9fO7FgPnf7oPUMtJ4zY0EZtAOxztTynMaomVVTyidkRnu7tKaOXoliu5NTcXDUUKy5lf1rNpZl1WQw7AKCix9KhmbAsuHgHuOWdRn+JYZZZ8M4h04YadENuerKgcMM4ekr5A9o8btbDwQhxDYSWwPDTglUGaybHd0ExB8ifTu22f6PDwExaSwqpRzYGpQwAbXkYC0XDsoglKFiv/3Myybr+Aw218ZNVRq3lWsHHaAG7QEHVQM1BGlgI8Fnf4W4YUsKamOkpXj1ANqbe4BzPAM91N4sA4A6uzcgm3hkEa6qXSjXuPfwDoADMfStl9xAaNdXfUdYgrSc8Q11qAsGUuZg1ScJLMP4F7PkIrKGARNTD4Qtp3U4C1NolALos/+t3hl3X1bsQEswd7G9lpscLMXQlCPL3PXqRUiBsl5/yYIFzz76/EXJ5L723pHm8F+c9idE9Lmbvt7Ls6GR5mx75uyjTn7bma85Yeyo2f4sKoQhvPqxGz5282e3ze5oDQ8rqZQOBUgAJFCMQIDAihGBiBKgBJCABBD54AX7QVk8KAAya9/xWpJSttttKWVeZEWeNRtDeZFleXb0hvV/dOF5Wb+nAFhKVtBsNtJGsnXLtpt+fqNUPDk+QYCFKlqt5gte8McbN25sNlvz58+XIDedfuZb3/lX3/3mt0Bhr92RUkklAaE51BobH122ctXGsza9+c2vR5SrVh32gfd+IG02MBEyK1YsWjp/3sQdt9y+fM2hz3j+ZcefcPwlF1984kkbsiKTSiVCIINUctG8RS975St2bts5tW+6KAqpGBCGRsePXH/cBRdddMEf/VFf9petWH78iccpqZj5qLVrEQSByrJ+objIchQoREoolCoKWTBg3s+klAggpUIkKQsQuHzZiqzoLVqx8pLnPPPSyy9rJgmqYHOvoQlWwAKQifOiKDijNEFkxYqNxOdmo7Hq0FXf++7VKAkFjIyPn37upj958YsmR8cZWOdhOx1dP71uN+9mL/zTl170rAuSRKiCGVReFPp2IEGEKJKW+MRHP/6rm3491GwpWeiNPgygpErT1qMPPfLz629IhloTk+PzFy9avnLVmiMPP/qotUcfu/awQw49dNnKhUsXNiHls+GSi59+131/eGLrEw88+MCPrr3+0YcfOWz1ofMnJwoogKCTd5I0QeTpbLZQ2Vg6vGH98V/+/BcffeDBdHioNTRy/MknveCFfzx/wYJc5iJNGEFQIrnY29u/cOHCxQsXd2WvLTsozM6+ML2HtAXvVRmw9om+QNelg/h1zJo3MVYYaf0TMjmP4AG83ijGsaHoVCjNWULvNSJyYLPWSrh6ZlX11DoPkTVBy3yPA/bEVjus55Bsi5hRRcyOoaoThHzSlNGCMzRBXV2LTduMspa55aLR5h7bgW+bERhZyqJQeQYoZJ5hvyezvmIQYJibtaK9ILWSUh82YxOyhZYpBoZQlw336/iJA6usI4JSIAQrNTvT7nT6edZDIaSUe/funcrk1s1P7N2xPRVJK02lNAe/EcLQ0FC3m83sne51ugict9vzV6z4i7e8+eK7Hjj3/POFVM2xsfMvufjWW35726133X3rXaAvwGWQCswJqABPO+64c847FxJx0TOeeeSqNUdvOnPZmsNkpy0QSCkmQiWBSF/M61Tfmb37djy1b2dRTE/PBgNxw5LAgIoVgEDc/fAjP/vhT57Yt//KZ176kte8pjncas/Oji9b8Yq3XnXCKSf94LtX3/b72/fte2r7E1v+++HNAqAAA14BkAK0ARagOP3UMx6///6fXnd9SzSOOOJYbgzx/llqJCCtJ9aYPQxWUho0EaAgVNRpd7YpuWTvTK/TBQC0e22t08lRFwIoBazdaJ1Oe//+fbP9otPJgIBBWQsL2t3ed7/wxW/98McLxkZVkeV5lvWyZUuWDY0OF0VhbtI1DTMCsFLTe/dP94vVrZEVS5Y1kiRtJMColCqKQm8ZbjQaTMntt/1u72xn394pu7CM3pV3u+99+zse2LGzaM92e90OgAJY3mpuOO7YY9ceu/rwo44/6eQTzjotQbF7x/a7fvPb3/3qV7fde+9Dm7feed/XGuLrr37RSzaceY4gVFmOqdh42aUgGRS0d+4enj/v8Qce+tcPfRgQBEIhZd7PNp2xcXj+PE2yLAixkU+3k2a66dmXbth05sjoGGd9lhI0uzCMwgokhyY9LU7WB1+ClRj8P+AKitLjjQrXSbCyygEcPcsU+PVDAxVqWFNkAM+ha9YGxCwXC5XMakxsjpbLhY3fM7YKrTgIOTbE2Ap0Ti/s3JtQOzVc3cFb2dPhKwbrxBeuHUZczA2shDQna0JQw5Ta0BmKlp5qAssDLJFagOzmL08+pp04CO79AhVIosbKPXhBEcJZ8pWET6VZhHiO9Nva4L0bS+SjiRvXvUZfqwUGvNS2WqlNiMmgLLjjhiD0DcUuDmMllsJ+AbRQwkNVd4pJwdpXNQDXhisrSK4wH4YgQm7ql8kmXDLuMMjAtRFKRyjHP80SqtBENCIIzeX/66P36gdL18U1XZeeZwDqC02MLhoro2BOxdWmnmatjTRNKUXuMwEoA2pRyKHG8N2PPvi9h2946dGXjTRGO0VvJGn92ckvyKH4wu++uXtq7/nHnP6mTVceN7F2NpsFhuZQ67uP3/Cxmz+7eWZ7Y2iIgQEkIKC+JQ+MHCFkhUgJEVEzSRuUCiZhVCoGc2RDoLA7HR4UIwGwIgABChQSnbFx42uv+vOTTjolk3mD04suvLDb62zadM4zLr64l3WZlY7uESIS7Ny16/e33NLt55vOOFOxFKlgJRuYHrvmGADOirwAOTEy8hd/9vpnXvwMRGJZsFSKlWRuNBoInFK6dOmyhROTHdlvNRpElBd5t9tBhKHR4Ve/+k9HJyfXHXPsSRtOnJgcHx4e6fW6EmVCCQMjUcGSqDj/7POO+PSa2dl2I2nqoRVSDrdaixYvagyl3aJ34oYTP/f5z8lC6W1RRS4FgEImFEWRM4JSDACEqE+JVHkhWQFwURSss0QEj8+bPzY2+ta3/RUwLly8kAAQKViODMAKQTEzq4nxyT952YvPOPesUzaeCnqSjPqDKMRrX/+ateuPIhAElDSa69YefeKxx6dCKKmAgiAPAQqQoF7+ypedduZpl1/xnFNOPFEAgWImwzsEkLYzEbCVDr3gRdsOWXHIyEiLmYmIEaSSY42hd7zzb857+vnLV6xYvHDhxPhEkqQLJueNj42NDo8RALPq9/NZaBPQikUrVpy7QgF3+91nPP2ibbu3XXjOhWNjYz3ZVagAOCv6jEogUaPRLXrnXXDuhz/24f379ydJ2kiSo9Ycdfz69UgoJZNABaBQESIjzmQzwKAjxux4h/VTOaEe+30c2TIGSeN+v2ZJBumV6zXfQevf818I9uS4Fe8v4w068f7vwAT1XPvgj1Cf+wkbrzNivYxxMQyzqO01T8FB9H7BB8yuzGIPABQbrDIY41MFIhZNgx5OKQmJSICS1uYL4Cdb0etxDIpBKakkDA1ja1gQQWsYgHJVCEB0Nxl7WEPODcDaraxUoag1AiRASttLODaDUyevwhcMiEiEiITzJ+evWr58bHSMEsKh4cNWHHLa2s6rXv/nx52yAXJGIXSSCSuJwI/edcePrr5meGh4YnyCQIHMh1qj5z37inMu6DAIleeqyM9/5jNH0uTee+/tdfvddlfKAlgSCk0ZY8NDZz39wuNP2pDt2rN67TFHnXgykMi6fVKsr7sxSoGVSqR9HEqOTIyfe9LJOeDy5csBgJIEEAEJWBmWoEyuaZH3V2049oUvf+mKG3728te+duERa3r79jUbjazTTlqjJz/z2UedfPKORx6b2rv74Xvue+zhx/pZpqTMilwxg+I0TfNCLV6y9OQzN1EjedWrrhwZHduw8XTs9YgQJZscVz8tBKgAiQ1eURAJBAG8cMGi9asOPfrwo4ZGR0Fv9lUuy8/pxcZ41VdkM3DBcnRk/PBlNDY5BkoJZpKMrLiAocnJS5972cNbnmg0mlhIZD788CNecuWrIUmw33H6FAEIVsCICicnxlbOX3TZc59/6UtfBMwibeiDJZTSt6VxkiSS1cf+7m/vu/v+1UceCUTAkgrJwCDV0LyJ9RvWT/+2t/jIIyYmJkdaQyuWrzrjonOXH3rYxMjoxOS8FLEQpJjnL1+xdv368y+/fOfO7U/cf/8Pr76u2+tf9MIXpkNDnOcALLs9JmLFkOcpAIA64aQTTzh2/fbdu0ZGRueNT5518ilXvO7KJElUXhACSgVKYkKq02Wi4YmJot0jJcnoZzHHKnFRhEBf844Kz09KnGGQohXYdeyYAEQVgyXnrQj7vsqAKo8XBgd+6plqbd3YIq2advpt1bwpNVA2QS0Y/zelFCsYQaeh8UCpUVJEQ3i02Pg/QDJHF3CgAdYGykrVYYCGr38vN2hC4jU9Rka72807qNvSQAZTX8lGjZoNDLvI+AyNv7hYZThRwTm6hoEkPSAtvNLLwTkAKk8c89ByO1i+dZuKq/Zq+GP80xz6j/Gw1zXldcXYU1PV/6odle3VSnFknSXl/C5WHXURRY6uYGXLIiomr24N/BooG9ml5RrFdv3gJSvFSinVSpo/3vm7t3z/PU9N7/y7897w4vVXIKNUBVJgQxsDz7vWC5lNNubduO33f/ftDzzc3pq2UtZHLiAo5lQ0unk2f3Ly3Re/6bmrLuoX2Ww2O5yO7MfOB3/9mft3PXjVxlefu/y02V4bpBobGfvREzf/2y8+9fDUY+nwsEKllEQd4wcgReFwGKDREHt27Hn+Mc/652e8bV46Plt0BJECZRRGRmWuXgOnlCEAEgETgd2DR1xI1ev2FUOz2UBCQlLa8ZugAgkIBIgMAhEYBVECAoAkSKUUMBAjSwbFAgUJwYIBAEkkYC4MqH36WQYEEmSmCp13JUEyslAoZZG2GkSNftEvZJGYSzEBUataiEwNTIdEK1Sw9ZR3VTfLMyISlLREkwDBn69f8zCAAtb3ECidDGYdkgSQgyxkMSJaBEnBuVSM/ihPEx5SDAoUMyMDSJZSSWIWBMDaEaOTooUQCQpBgoAEJAmQAimVAqsPo77HhsEeb8kMXEChCqYcqQAWXCSKgIQSCZAipoZQqEbFiASlIEd9hYSee6QERQ55E0yengSFwP0iV4XiQgECEaFAUKxNcZGIpJESYA6FApXLQrGOMZltUMwgEJkhEUlCSQIpAAoAASKHQkoJYLLfFLAyO7GUW+XofPDaXa/5hQJj2VgVCczRnsELBGaQIBMWY8nov/zyk3//4w9sWHHsR5/17k0rT5zpt1tpKsDe/hdO7mDnove+W3PFSgvPOhxnN38tDyw5NcubQ4Jeyg5y70g2WoZpJ9iCX6MBWHhc815gRGNxzrrwJ4j4Zwkf5p01YpUCKVkpJOz++Lo9H/jX4UYy+fZ30gmnybxPlsnqdQhEGloFSMPN/A9/2PoPVw13ZgoSmhto2mFmtLodK0bSRzqxEELlmTh01dJ3vg/GxlU/pzTZ95X/2vvfXx4STWikTIiEepuhcYcjEtqLivQtoK1ETrWHTtw4710f4GaKnZ7OEAFWAKZf4EAcBENg/R8AJaLfnX3s0cdmp6ZXrTxk/rJlAtTWzY93suLIdceI8XlVEsqf2rH1iScRxcIFC5tpygBQSBBECemELBYibTVBgF5aUrFUSua59VlBQ0CaJEU/l4VCAtaMFPQmftYDZEr0yUAgCBARCAVMT01N79mXEI0tWjg8Mqy6XZR6nSnt+HSLVQIm46O9bntqz/7JRYuTZgPygpoNJRIJqAhbjRT0uUvt2c5su5AFKCXNFSaMZDjEUJJSmohGAgysCsCElcJCacwiWA8FB0o1AgsCEvrC6qee2rVjx1Mj4+OLly8dGxtXWUaIIBVICVICa+bJhg3r1EyA6c7sQ09sBgWrDz98waIlShaUpIaUU6GK7InHtyhCpRTKYv7kvHnzJvN2h/ICgcEc1saMyAgqEffdf2+/l68+bM3iw9cAACQN50QJJpa3P3j/1NTM5IJ5SxYsBgAlJSvFskBB+6b379u9Z3h8otEaEoQjaas1fxwUc78vsyLPMm1Jg0BKkubwEDYbUPR3P7lViMb8VYdwr89S6QwKKRXozRpSQSIKlW9+7Im+VGmr0RoaPmTlSjEypHo5IxErVJJZgZQMIKVSUhKiUIpYASKT9dRY2ahZGKJJ0pH9LFm8dN+XPtP77Gdb7e74F74ijjkGisLm2+ujZcPrwiNuxob7GjSVLTe7rKqsBSynMopHXUyvRjdlcDaAi4mFwbE5Uux0kZAlVroDqLm9xfZcupkwqONGVx2Lt4viZjkeoK8S2lexGzTk6mEskCveUteUU+rCEfoBWoFg+grMiYNxjJaMz6oGXj/ASuOlGGk4MKfAeydK3cT58qGe77FYlZjecIyAx6h8Kejqttk5kHxYIKxSHYgdtzGZggrViTso1Ae0BSHmY2AizoVl+oDAZgsRVJ4yW7g8TfFERAN3hxGE4HkLMJqSClw1ZBP+5N6Hak80WA5QAX4G58IrehQkJYM03N8zxzPI11JK3zhgOyULvUZztH4oZABtXHjGx36YjrJJ9FVv1YLlhy1e8fBjWyWAEMCMwExIUhbDw0O7p/e++wf/IZ4Jz1l5kZLD7aK7uDXxyg2X782njhs9Mst7ShZjI+M3PPnrD//sM4/se7I5OlKA0nl9TIBaTY/vSSFEBTzSGlo5f+lwOqSUCsai2X4QBLV6KxsGzOxkjgJBYmRsREpZKCU5B0mIUIAsMqWNTq0bEVACpBAVKmHvC0EgRECBSHbzOgMj5EXWVYVDlvkHUe8z00fYKpAMIIgAWIJCIGaZg0xEkuVFxn1BwhwKAuzOUmAAQs446/V7VnVmc+wlgiBKkgQAFKvZfoc00aDbXulwyEoLOyUls2QlgUEptnE2BhSEKSVCJO28i4yJSEnnJBqdiwFA3xzIdusSCRJJwiylc7oig95VoVgBEysGkJgXSpHWrZ3TBWxQB/XuJ22SMiCDQAZQxEzsciIRkZEFiL7sIYIOzFpGyJLzTGWImMtZnZ8MCkggMpIgQYmmCp2sRciAIFH18zYiKlYKvD/J2Idm9SERKqWkkgqYEHNgYBAoENF04z25ACYlyglKv/aCVViR3D7hMjQE46VqLav/w+PZn2c+ls9amWHYny9ZAcADPMi/O8B/HLMgx2Qjhss2uZdLRa3sMwImOB68LmYajGDwwxVEsqYM1pYFMPhdCIj6MytlFToFWS6GR5pLF6qH9ukt0Xq52aNQWF85jMTmTkJ9H4ZI1c5dT33kXyltcSFBZr2HH2iCACKjysealVc6TPYCQqEIobHmcBApZwXa9A+Pzxq8G3aB5n9iKZut4XWnnAZCwGw77/dY0KrjNkDakLMz/X17yRy1w2gXqEhah60/HqRSszOqn2mrmJk5kygEEQJi0e9DIkgkSJgITARz0rAXVCqWRd7uAatEJKBT8HX0T/NlBGNLAAAoVMCCkBUUPL5g0fjS5QAAWZ87HULBpIAZSbMGZe7XYhTAxdR02mwuOWQl9/qq26dEQC6RAZOUlMraHVQKAUiI4XkTeo+lPryH9YFnzCAV5zlI5kIxIkgGKAxUbOcCwVx7Y5FseTwxMyEuOWz1ksOPAgDI+6rXJyIfrDbCQc8V2cOXGZknxydP23QIiBTabdnrUSJQFtpg5qKgtHHYsceaiVUSet18eoakMjjTOxoYEFAxCMUbTtsIjRbMznZ37yESlAhwxmegmi5bc+SyJAEpeXYWpESlUClmUFm+aP6iRUtXsGLWRmme9XbsNDlQQGmacJI4tSmfbfPMDKWNRYeuBiKpUa1tD8WkGZxShMhSirR51IknQiMFfRRdv686HcCEQEJwnBLq0wFJoIqdyuB03HBGwhVglnHI5fyaiB+/pyhYRuVSVY6hYQhU2NAN5gJWXt6B+zFQ6rzOXqc4W/AGMdsDSoOQGR6MFTBH8yW9vL58bfslMzXWxD1CQh3VtWMxzLUH3gYtlTxupZJzwHyQT9WKqG+z2nfYSKhf2Iaq7dSINtu4n4Uy0ZYBCBOF4t9jTSCa47rdh1C7ZMofaoBFBLuldo4CzrXtUXKglm3fDPoeizpc+XkYYO95D3jtrwfx1K6lWuNz0K+lkvXRV8f06lxQB7Ook5jeEDzq9Svr6PLulqi+dm9Eidd6YUbKiiZtC1RYvXYunSSyFZ0G7bPhQ44ccDJC6sv+iubSFfOWykcUoEyEgEJp3RAIZZ7PGxrbtm/3u37wMXWxuuyQi7FIOv3uYc2lq1pLWXKhivGR8Z8+8ev3/+QTD+19fGhkXGmXJ1klzpgxJmBikEaU59nieQvWrTyqiY1M9V1OpjaRzFkc1pxiG0VQ1p51g1eqkEWhQN+WywqlRIWICQo9bGST80laKdQRNkYXcWLUOh0H/lcQOmnNrmsdwSRAbaYqkwCrrw5AYlLABAQCCyWRqIkNBBMMBCAKPA3aOqJEWLNGa6fOc4o6bpKkQEyI6Cq6SLZTslgIYR3vOmTjnF868iKASB8Q7ElKx7fZxHe0VgrAoPqcMyMhku0Kkbztxjocwjp4g2ajkiY5HbVmNgatypVkfZEigULFIvABo9EkyFjdpPHooNJwMbBSTEQpkbmJ3ZK+LgxOzAkEACYm1vHz8BR9vQ6IgkVHSMbZx0BIensPW0druKoIyGzcMg4Lc2wDQ3RQDPuO9Ad2xKtpKZLHdsYD7bHusQgzUTBdyxp16BhZhcHXse9QHJjzayLuXfE/+rreZRj34NS1avQgdMCbF2wLBhaydd+yDTCGPYJDXzySipJXq0sCgLsGGQyzNzSuAEAp7W0w7gHV79O8yeHD1szeez+m+t5FbWnqazbJ7GTQsUt3zASA6vR7v/1dgwRKxTIXUkEjVQ6eEkrtsUGO2FVRiFYrPfZEEAlkPT3sYNDR1DrNEwFBZ6kqQFQgUDFm0zPITIiUpIzQn55hBJE2krQRAKHjukoWRb53n0kKBXukI5LNtEBgvX9TFlkGbPIAFCBJxcCgGIGFIESB+hJHR+LowjyGP4BiICbJQKgAud2RIBlQEBESsiJEIGKpkLQHShpUMaIQMstllgsSKEjPHRYgGEEgIKIgpcczm7OUoCTry0vM3lomQiEEAMosQ0FAZJScwMfkV4eZAAJAY2sJoRDVTFsqiUKQEISISmk7HI0XlJ2tgXrgoBigyIti915ATPT52ta/ioKYSfaLortfM1/IMpJKICIRSM05NDKN+1EB9vdOKZwWzVZzZBQJzG0vXjs3oihrt5WUwpzvp20/c0hvNtuWcsbkTSkliNKkgQYLDAg6sUtPBxIxggLsz7QROHHH8LKZfWCbgUzEkntTUwoRBBFgIgQRITDqNCQ7F8BM5h5YBgBFFKpo1i/lNHrtOUc9BGBQqNN7lEe27l8zcu/5ipcORgwCzcI1nuwSW9ZnI1a5iVGXwobCXsIm3E8BXWnfjOtMqwSlcBwGRyhB9ewc+4RnBZWMKK3MOMWXYyZMld2errAbUAh+bYQnQIjvmuPC1gIpV8GKmMCS0VKrfAcCQLE/9ceZW/VWmZMgtics0UGsupfGNVAkzzHpdQOstg8RBXH1A5rN76HRHsiwuHUyjs4IJA6lR0U22lVWnR4AjrHjfDFBy2G1gUZ7WIYiVaNUvkRyESzBZ1fSlY/IBiIigQGzVAas6hMJpworB/ZWeqmOoraX0jIMajmNKFo7HOcOgB4me5iTgZY1lhEZFPSBrhJ8pqIZoCOdeOQBJiy96YoD3C22Hw5cLDrApau5OgSAgLlSKSQrx5eSBFkobCZKAbIOCAIyZHk2OTG+bd/ud1/38c6F/ecffmmDm1nRUUoJFKPD4z98/Jfvv+Hj9z/12OjwmJJSKWX2yVIwzfqvjYKSwLxbzJucv2piBQIUIAmFjdZiaGA6tBnCcrTgOCcCJYIV64P8UYAgodcrGlc2GqUf0f8bU4W9Wcy0HthmBgZbRd/IhjZPGADN2RqabRAwCmEXtI4LsNM8MTBQdD+hbRDwcy1DykxHehnGykhmpW+LA/2vsxWB2ezLtPqWObVFgTnqxPznsYwg3O2WAGg9OGgit9qORbLHFNtTGnXcwf+nM2+JkPXOOW1Bod+urEO0ZDR6NxFebbQNar+MzndXfsrQ6T6ODFCfrazNYPB7Nc1oyK5Ao2kDIIK9qgcVK8MIdB6hozUz9eboFCoTjDYx2R7R6KvYL9aidauOLXm5abEkfMD9n7akiSvqzyWJVPafBcLG9huKHwvw3KwawLiESrpXPXTWKC5JCA+7AQWC6Chi1dAMR1ADkAVkkLrAjDqQrQAcyev4tk3/MFQGCKxYwchwsmyVzIsUExYaKGLU00aBkgCW4CQrJYhwqEV5AQpBNEUCUu820M4uQL8EMRT7zIoJSfb6yfxFYuWhSq9mJN9LjX/USXENhSMeRELRaJBJHgdExIbeV2kR6/7Vm8YJIU1IKlQKpQS2tIzGOYGW0ESSsGLQu0cVg2Bnh5BmKc7gtGaTXtVg3wJYxqAPKksFiZQBQUoopKcKne8PaOLUxMBMjCDIDle5609QFWAyWgCQUKAgYEGgBAiprWXdKeqKCCIRhp/ZHQMBVh2iiJFtFqhZYkACUyGgYaZPWr7LxpcRTROhO3EdBSWoOzWFtdhgQCAFJChtMAAqBiLKJRY5gN5swfEpyEhEmCQsBGuNU4HNHEe3ldr0LwQIQqmgKMAFKxCQMUlSSu0REqxQsTlIiYNJcwqf5TOUEAIYlBpx57w5qM9YQ0IhUiEECIHaqaOcdDI2sCNYA290Z3eg7Whg9CU2hrgtjiNFLlzzRmJqeV1OCTEc2LOKQOWLzaEBmqLrwoGnkT6ICyLarN/YukUI2F00XgOtK1Aq4/hkyE5L2n/JAnRfwl/nsCSjwqWxhMUsPyk1VAu2bTJSpWuLubUWjsjJsqgO11WvVCnBb6Su41fxuCrAhHy6vpeoTDii0CKqiEDnbTGdGvIMScIsk6gKz7FT1A+wLC68pGFL9QFuQ/UmHmtpIF7me0IFrJnoGhDLBrk9ijF0eUTxUtuHXaTBEphDTwla4AjfvmLZQOVg5HaxhGvJGZ8OrpjLxu0MUoiMYImljfsakBDW+YYC29UEIfR7e/7QYNOfK5vgQ9zVEopmLwPaG6SDxdqweWnmN5y6KATqZ4MRdM6oyc7acOj6leOLn8if0tehgQIXrQLiXPYnJkZ3Te97/w8/1Tu/9+K1zyVOJffHhsd+8OiN7/3xfzy47/GxkXFmVlyg8GKYY2AM4AxIIEFNDs2b15oIh6QNUGW13lAh09qjXzrB4O0qRXPAtNKIQ7KKXyngbD6iVlEV+nlxwTNtXIENxiKZ6KtC1A0aqablqNVSgf3lMWRHH9CgIfo4Gg3h/hCK150tFKW0gLVMWRsGumtycgcAzSUCRq7qxGKjBuqhBQ1aZkj2HWryQCazDAMOw9aXAXbBu8ihM2vNFJuxA6OyF45o48mnYrO7tQCd/WknmO1kWKtFo6iaAmKNT8snAo5NdpswAmlnhKMCBdYLbnwa3lEfTgDbUVTXrpM23saLZ8772m15C+BBPBi4vuYQQWVUlBacF8AeBLb6kJNDjr+WNQv3xpYITRos/eZ6jbBR5YSaCaGP3oSqUsDWaz3iB37hOlOghHGSeNvX6kR6NMw6mQAYkhVriiRJC2UNG0BG9iFBW4cNW0JAzDIuGOYvTIeGerv25DNTaSs1t+mC2eQJepyuW2bUF40QYp4li5bQ6CjLDJQC4S/EiUgQwOhOzB50heZ2ClbISArsSb9gOKBbh1brMQ0qhYqJrcONSCMa0CaqGP1Cu2Ucz7Bnu4IxTgxsFj9OppiFGgzZokwB6N2tjABocjXYiEq0LIN1rgabfXN+LTtEWJ8CMWtmrB1c9gZOz7lLhO+mL5T9jibcRHvMI4DeeGBNazbBetSmvlseFvOMmomSzjVlUAxITsQrZtJWHwIzKXstjc5Q1T1689/yMWsMo/GRKgDyt2h7bmgGS8CojeTKg5YEjfAjezC+VQ2QKFpyShGaAwHZS26tD5lp1kIWFCiT0ozocms0YwYtbWxPCP6eNQ0UWoPWvTR7hqwz0OhxCF5K2l+M4A+grmUHEQdmP+1YLQJ2tkqNsadAg0iu/BQgmsOalieXGWUM4UHw+JJdOrBcwJwrvwSspXSS7QHLV9j1HIUP5qfIIK89qrT0lGNDZbhD3TtUWcIYYxUGtM7QCL2l+HgsW0vOhQjmWN6VuyvByeE8WhUJor+DiMYDPJgSS2+rdOHWUTyYQBEMutNgRV9jeKode20ByiSr1y1UQObAJqxfzVbMOWosNVv6ELXsqSLWWYKmatFd61IvlSjTbYVVBFiuX0GDFB73PqnRivSsVgCLYHV0Eup5WClWA5Dpnv1E+nUVdBaW99Tm0exZudbH/NQLSrpF94Qlx2468tTt9/6oKGSCAlAxMxAwIQoGhALy8QUjU/tnPvLjz2RZ8er1fzzSmPzOgzd88OefemzvkxPDk6yUBAYC46PVYOgIPIJOD2MwZ+HmWd4UjQ0rjlkytKBQkshIupDwPQtAcMYFYOR1RqMLgsmtxQDLCtzxLBjPmdZ7nIi2poifOE3gbJpxdg3o4CdGp1UYgK3j2qkbIZu2vi+j9xs1yI3UzpArz87xi84VHECvQJ+L4hzYeoBG4bRKQlheoT0oqESo+oVOfvZ8FV3Qy0oHVxWVsxFtPM/qzAFVG/wYIiPw5iiSsUIxrGsNP7ZAuKln7ScB9Hav44VWmQJHJwbO4JhfreyY+I5lCYwMjC6kYjmlxYE5LybQfgFsRkpp9ekRcshmPXcxUwMQ7mbG0ievDs391DvOvQIRBAGc945j9mJ7sXHgQEK7tNKqgHLaEwZteIXPL5vQtRmCF/ibTR++LgeICNzAA8VbQMBzaWB6HTiSGlQCGHSYvps1jlw7dNRRxV33JkliItTaknT7QN3A9EKSkhHHLnx6Y9PZYni49eBDT117dbFjG5G9vUPnztvTodFGYZiZEEFKYBo6+wIcHuGsbwJbQOCOvCrJsjDR08kFvawUMyrPc5hRBVh1UXcAYxuEm+3REELstlAMQMzMbK+89ICQtkC0FYEU1LLUzzpDwe8JNQtdsjFX9GqyR8VaHykjmjPIXDsW69ZE1UEiE3j0Zi6xc68ZtmLaICOQzBADWgiVbw5fRkhnnauNVititlvv9aM3xNoVYcBhAjA7CQx8SAyIDKyYhUKlcafs8mRkZfcn24w1B6xuFREUACog0imc4UpjPbN6opxnwXFcs/nZbvy3MAVWoRVQ1g0BAGaXJjvq0dLcTg9beag70bm1bFQK65O0fhpdA9HksZhR2d3VRhf3s4Zm1TKEGl3kmi0vfB8rsAQD1Yf1JEQs2y8Ni4vBXMVwAeNUNptHrJvEMaU63dIYOUamogfY6o2sfSjeDRdoAg4tlquXbEgHHMQl9SfwGPYiI7S4yiGjOc3aUFKx5d5le894qMzuhtouDmypxkcxlZFW+yBYzbZm1KUBsoW8bHmGTIKNWLXfmPWeSrajsLIstJwj4RjogQ5dMchV0RdJT736B6Er8u16MsYKkVT0BbSmVkmYxiRUrjTA+AwR6OaoPOlufLaoszMhxHqoOTtuXHtCRKyHlCCMzMWgx/JLC67rFKsojWmPmctDc6ZUyR2gK2E9wdb6kkLi986FmvinRQf6lV/lHdVngFI1x8ORy8J3U6exWtjBxMaAlc9508DpYgzaj6pYoUKkjLMJnHz28Rfe+MgtW4vdjcaQYqWdjqx3ZQpigkwVY5OjM/tmPvmLLw/R8LzmxIdv/PTDU5vnjc1XhZLIwQQwMGiliE0mGhlmBJAI6vS6G5Yec/Gas0ZoqFP0iDAMPZl0lUB4gRVtdpARNm2Kpfkh8K+yvlocgdHugdTbshmqswGhEgXaj+1inLqC2dSEDGxuewfdowdRL7Iw7DXos5VWaDGnScmtfUNZDiJGBHPUrdW2PLBg7GLUoCBAsBgwGJzP3AN0moX30IaEjOjgMi91ZNpIRcPwXTdmapCDCk6vMdpNwHPt4DxTCDl/OMfGIAzJ1/9Y+ms4K0YjD1DgIVPl6v5BBwJGL8uFBlWO8c5hQXsEqlXMK9XneAJGHwmPoGsMV0jk90UIM8cGeeVr/GvBqKoSFCx1DBpI7FQOa9VwsHLLTlWqTPXcj6d/wOBbiRgslTGqLKfJeZPnXbLz3vtTq6QqtKzEuxDcnKHK8uaqVcMvexWtPoLzfGj9CRN5Z+9X/1soBkH+nFu0EsjYigAIKAT3usPHHNc882lMCN0CkIyBEQ/DrGu9zsqIdPyHywhiYwS6vYQam7GDhPWRShjPra/ifDumT7QaGZj9h+QkLhu+qwFwrkQ0pgTrPpgh0DnAcEmORubHYOQP6JY5/hkZlHGwWOnr4Iz0CQBGndhMAR9hx9Oinv2a91zPJvVbRYWZMUKr6QN8k5qdu12x1umoebNiNk5MPaXsygRms98r7LFhNRGw+A0YJzj/QoBc+4Estfsho5kdU451FndczTcLEPoZrGQI2ZoWk7FFZ9+jnxtDOdHCRyRDAd7NGw5CmTOlgkFxUDmG9oAcJUJEOED3KmwjYOIVDudeYOWnASKhnneZ1g+8m+4AT7X6nP7KSu05zz5xprv9DBYB/2ewNZ04N0Qd5P/nlgce8jTo/cFE88KI6ODQeYUm6/ry5tlcKHfrq6ZQvSle3uVa1oEGPgNgDqeh3rSrfP1ftB8b5IYegsJzKBWl5yCLze2wBjgoap7bewIwF9wHP6KoTvAkSOg82dqED8MIYQWsHMJbaq7WjC67FozgDufJbteJuHjAuO1HDv417D3QWXXiI4I+yZ9mi/bG5SedvvqEb97/w4IlCQIlQQCZvE5tJ0Gfs+F5w7Ozsx//zecR1L7u1PjomJJSoQQr3E1mmPMTK0RCILPfFAgLqZqQXnT42esnjipkYeDSZqG+QC2kfCfFSzhk4xDFsFwof80JItoaIa/lROaRfmMPuLHIQt8tkhGrZvs7Kr09BVmxUemDs2BcmJYCVzqHwDmtxByBUyUerg7WGGrKHR0EVjWMmAO7LKVA6gcEE0Lkm2fHt+zo0TXJHrFa4wsFlWKbEGgVWKeiarcDG0vYz59dLGYrZoW7Wv0Cg8KBk9iZIsbr7Ioa1IbhC59qD46+SjwoVKLcFFrq8hpRUBa9/A36DnwE8cOuHBqd3QKAWFM8rGjzBGtVB91ESdCiR1jASUK/YSyanDN+ICAYfwgCBUE7FvV17IvI3p7pEYQu9O34FGuY2W8o9DDaT2HjBxAkaGMlOs5E4UAcD9Bzafduk5Ldfuvs85o/vrb4w8PJ6LDR84GBCNmzcVb2sK1CpgsX86JlsptBtwMjw8PHHL2/1cJunwU5hJgFoAfOOkue9IlhIxc/C+cv4H6XNCr0FkG7/hy9QjzvHDprDZKwdLyAOwCWA8jBaZnGDxUcDmHtY7eunJvC8RcOSNcuDnJTGvQh9cSbVFjD7pzNZQeiVVcdXdbpnXqPAIMbItiN5mZVot1fYhiTguCeVc9zTYaKIxfLBIKl7da1i2CYMjE/sthDty/E+Af0qXNl8R0bT8HKYnBhX/A9h9zH+OUwVhfQJto4uO3AfR6Nlg3sV7LmCrZ0sE4IIlIy02rBwrC8FnzIfre5h8EIBwCT6YRWOqElHzfFujdlky3cBJDr27AGs/att8EKHlDmsDx9lD4jcDigAIMW6JDPBCN03dgP9lWEDlc1RpIXR9UwhfmR41k1nVn+jK4dhrqzhcK4aDi+AZN14Ifdgi29r8Rzqr/W9mUquJ2oMXxBiNI5DO1KtsGiMIxZB26l04pztRS/rW8n/qDzBBAGd11tLRA0pQiV0VjK8JQnyfNJZ6hXEB52ihZWVz0EwPLDqIVaVEQRy/ITEXUwrkH2eFCGuYQIV2AOEqoi0PFjtPQZSrdARfHSzfQOhoy80yueylprsLTKam1m/Ym1VxQrzNGqJZ6mB/RVwoGB3yLAssSq3lQm41BeDRqg12W8HGQrBupqO9D1twNBX37KjMBoDwOwwIa5RtNe2ylbwWW3WfRl1oTG806+dMXIkl6/T5SAQCAEgSSQ9CFuxECcYd4cT/cWe5/q76dGAwAUSO2hRi+EgzC1Iy0mVpCKZLbTPXbx2gsOPbsBjUwWiKhMVq3jbhpuo4z6DxabdkKDRRX8R/58QEQADAVXIAx8zlaE4ugTltaojSwrA6odrZHhSADkc8yMRCHfINoMXt8q+r68ePMPsNXU2cEAYBMmPWC68djGLC8oM+zoJxcF85LbKQv2Q8kqCObVLxl2Gp7VaexGH6enUoB9AFD2jkXgkFxsM3rWMOo0Wv9m/hg4mCDQ8EMAP5a4rCP9gAbsC/uvB8TTm0aDbZurLXpQ5yYs/XUOTsZgQ0bVnyxVeEy5/0pNBD0HS6nucW8D6fv//YlN/QOzPi51jQNVJV/F0k19CTInT8djR8sUHQdBAoSigAULJ591hUzRUB4xRpeymosZAZRuWLWnhQKcnE8LF9HkhGzPykJygib+qVNww/rIAECNVM60h044RZy6iVlCkXuDXCvyXqY4RHiMeOpDizT7N1pdFqF636DOz9QaoqmrqZuCDGHXgi2MIeWgi+hqZyLZZW2XmlYtkMyeRyQPqZZKpdVm2Cc7bY1DHmJ4jj623NuuDFZX09/cVSv+8eseAdDkCYMfEAQyIabK0Kg3bB4sszdbahm5QqRGF0AMew54j7XyIhFU9go5UzCQVEaHsdi1LIZRuYNg7Uw52W8bDEcWCBsHFcVqqFUcLV/EukVXZrQl9GkW7fbR1z7hPNrhuomxqNFYD1vxwqnSoO6Zq79XZrcWHP9UeVTte6ulWCbsVCl2KkH5CaWbexMBacA3cxNxtQMxY994gDCvgpUyDgZj4ADduO4q1Qd+GwwwmNVo5rwk/d0HjKuELQT6ka8Qivs5JqKE/OrsxCMs2VEc/DtggJ68B6LDIeH/9gyyiNxuBwu7QW+pFgRTFSkyFY8Mh/oc1qCr9LVES/prWbIbYRdDHqsh1Sq1Jas/lXuplilNSt0cDVqtYSM1C8cq2KGQc9z+AGRWB0O1CkV0HevlbtWHbcQQ14yh1F84df5j8DWOD3jBYqW8lkmGa5I5h8bzdr+8rUjT5zYIQVP5zJlLT3rhiZc1Ie3nmUgaRsnQ/krrwSVEqThtNhrNFgAwMhMz2Rv2QG8/8hFiZsWKQSFLTkXame0taU6+5MTLjxpb05e5PTbc5JSW17UJCETD9o5Qjv+Lq7nVg6Wt5KFAMQpQzUwHuRZ69Fih+1jpCYFAQnORoDdUDCJdqbIv12mB8cPgB4/MseHjzBTTpOeOQTcRUtyrSLKTVvSQ3CUMEe8BM+9l5KDZDhXoB6jN7tJ5rp6MrHwMZ8Rv7Ay0qAAMrxt53hMvjmAo4OEOJsyrNwHnDDBkyqmYlpDdxlEj0mye2cEJD9ROiUppDCfoIBoxf2N24RwZwRu2+20iLhUsnmjLRRmTppW491gjqEClP3OdHALz0q0yo2lZNHqdGKNkAeaqa9DZTcHju6s6YkHzPn33UEza8aozBhUiJQl3+0NPu2T8oouybocExetFEybr83tYFpSkvSefaF/79eK2m/N7bun88Nt7rrtOqAIbiV5LgJ7cdKwKGVCIYqYrliwee8kraf4CLjIEDGjBxEjA7vq27/Uowsmx6GaOZpXBsXYOnW7osOQ8KCEWgr7YHhqjR0zhlaihHcA6AsqmgDFZvLUVT3EAh51QsKu7xGoCcLxbyAOrwggtAqM/2t1WdwMlk3JjMng5JhUsqaxYskiNuR1iLJb+rm37UOm7fRkPPngsv0Pwko/NIJBjQeXrM4A5AT1CL4BPqjfbY7Vb0tEHgrNXY72Fw0FiKOrYMcjSwvHw1LESX91OVlnhNo7DEk6iN5barFZds9LLEIUc0X609MM618vTIpaHVPtToHgwh0pKCAvHRd2eZijrFdamdaq5s2MjWKuPY7DxzNWgATEO5ljBYWxpy0hLmvccVijbXcGhJygsHU1raODVqbilTt2Ssr9aOTFggGXYSkWi9evcQUYYlSuHojGGyttp3h1QbcEP0w1B/wH2i3cuw8OViaej1lAc9CHQaAZSD8fAx1bTYBxXnAJeGZvTtCvbZoHsLoFkeL+dqAiBrm5IdaVfoayKOFKfm/B8jQofKDVVbaGm/BxKVNVuqIIdVnB8rO5JOMp5M6ZN8ArnmKGqVV3tho2qUDqpyi5+xzvKT0h5GH60wg1tK4DgD55yB+oTkAQpZfHSDZdvfuqJqx+8QaISQiiprE5BdgsKAJqL9JD0+rR0yeboOpuvxFpCowIFnDaTLCuSHF52ynOeueqPlFIF54Lc0RlsDSeDBqMyeWSTxa1NVghCwej39pSECtYdmluaiAiVzl7Vl4YgGq+D5f0MEGS3sPnOJYpykwbAeteLnTsnVS3zC/Yu2amyumL8b0l3snLQT22AOw7tW7ZHEnnsug5N1mywwNm272GyblojU2N9kUEr1yYfWVv85pBxnUboHOzREsAAEvsBEZntqVUmBSzqjt3GKu9k8OHA8jq281iakWjOfUHwiGBwx86Yc0c5QnNwKI1FVuB79sBGSHUIpWjCKg+CNh/cuSn1jyXP+LTtqoBnP6FW63fwOQGDZlBlGovxG3QDgaLDtt0I0SVoudxIvRT0OMOSbjGIKUePJWMGMifQEpoYmtI8zCbbELDWjs2ZpQBKwcjo5Etfk215Mr/vvsbkRKH0pSaIyl4moRQoiUohIM529n/mk2LhQk4SOTutZmZbw0MqEUaBZ2Z93gozCADFlKay089QLHrxq5ITTpX9HioAm+Bv+Zc9E8svCfsPh6vTie4QaRzwO8tWMLAa2frtXGKgZo2RnuCoVZME2IPNMOjGgsX24G9Ti2wv9hgCC58PsfkZD4MA7gM6P6rX7vR8hm8VMyKwvsjVyKSIkWglhO0JMQPpJFrDZdERTgG7lcVRE5Gur98wgD/VFwD0FsxIlgFA5CGIa4MVK5YdWT0jAsrpDwZBljljzXKtfcKcW+/6di2agRg6iFRRo5+U9Bl3IIuRtwh+2JZybHMuSGUVEV+qhOUDPE4VsOCh25jALjPdFHRCz0yPkZUY0CGEqyooW8FdUCBsvYZdxz9ZnB/Ehk+H8YBzMkdGe7mRQYZWALYXxFbDLlkmg5R1jC824ziyWqvNuor/m/dashimA2YhzUnMFRqAykS4EelFF/4a+RqiM4H9fLkPoRe12jgEeBgoiGOrBkuFbMUQkrkm1JyA5YikxMrjr7UtDBiF/wzlCagOZI6HS2cy1TVSBc6xHQdkzGQtYMwlhELsm3a9l7hv6fFgDBga1x2tXJ2jaDBOFA7qLjbvS5yk9qEKqkK/BdaCXgI0GlUliFFPMVhHQEElr/qGnEQnSCGhvYmkZmS2vAJFhF3ZW5BOvOnsV5+3emO/3VGsRCNlAtARTi2h7TZO4xonJgIgBlA6OYmVYlCsmJXZwsHMqUjyXMlO9rzjL3n5cc8bgmZP9QnRXV/poGewnk7nzADjfzMuXc0+2A/Bzp/VPGylkFQDAehYMNRQPhoZZvdnOomEXhECxzYCm8N3bF+79p1MQ/fXM0gM5zyak2CStN+1OnM+wMpgMFOyOz2QUUSXLd7M3txg+BZAi8RQU/XNuCBrSIZBs+Y1WVsr0G4ccOy9v4iVIl61cq+4Zs6ibxREqpEBzaWCdZXcfx5DJZEV1QC0Xjo3kVEJjBHhx2Bm2acExJy1/gkivYP8dhhJx9LnMuA16K/Aakt4ToXxr7XNWw9GCdQDaleRPCvVsgvDc2Qu89XYkRGJJEAb8XKRTz1x4Qkrlt7YhwwBhVD9Hq1cveAvrqJDDs32TwtkQkSlQCqQCgoFSuorDZmVSFLqZvKxx+Wjj9Fspzk6wmkCiHY3OQADKMVKcqFIJKqXFQom//hFw5dcpnSDaEOykVKpV7wDFs2QTC6LPRMJHdsrYdJNH4Ztmy961ZXo12S0oj3BzDAl3ZU+6lZvwEAgJ1Xs+UMWn+g2Hpg8D8PK9Wm47JOS3FOC10GJjMZt5ZlTKGS9I9qMOhLB6C4gDTisjuEE7Mr0bKWKKRjj0ggkf8y47sxWt2wV0dz4arDkCCyYh1rBa93+boCG5VnYA+ER/BBirPqYFaC9Dv5gggA/JZoIazpBweVYcE1HXPngMBPSoHbGVFao/RY4r60OEMo6DlBd77WrfVU7oSEE0Q86WhKxutgkc/qi1zIRo5UXE2DYjh+M/alGmJdaMHBGe6YDQyiCjE2DhkXWkkZ97KvCog/SovDNVj6Egy/FoFz7BxANkaRygsUuF/vVzAVXBlzX9iDJaGVx3H+0Kq3ywxzKoIENDgSh/qnMeRkSODhJauWm4TTVKk6XMhDWS8/yU/VEzE0hGD++SvB5DgcHOM3IiokDdwllMo5IPSxTq+PFVIql3ioh0BqAdZlwedVOZtxsFezg19ra5q255VHLzoAfGTAQIcJ7DDpbH6pnsQriFtAfwlCV0LVMxP2q9KZb5Q/Hs5epgVW1Qt6r/0cAo4wgKECB1C3aR4wf+pazX3P+oRvz2V6eZ0IIRh2l9J0a2xOBAPWx+eTWJrC5580clwNN0ej1s6KfX7b+/Nee8uIF6by27AKg1AfbGX3LyzMtsdjwh8DCMgufwLlWzU9oZ4ecwhOKMSs0zBcn16054/SZgO8YH7AujqYvv93GWUJaO7YamxMyaAHTnWnXIVuDscr57QeryfnbS9kP3TiYMRqNhSAaqJ7wQFczV8yF2mWpf/bILwFlJZw5iFAnoMYuQMPKEYxXne0BS16RKqkdfm40fyLQhyS73sOPAdKUvwOUS39DzNtVxkYLBo4NXl2yFPEDRwAYxnuiStGQ2Q0xhtjQtCFgCjWzuumve0oaoh1NqNdq6tSzYf/1TrWAezpngYcvlAEcdVVSc11dj0+PFs/Wwd4A4bhW6BqM1LBYdePAJvFYdIoaAJQIw54u4IdZIhb9DxGQ0NsRI0uJHPvlaLREAICEstNJ15+68I1vxTVrsulpzAsC1GFPlgUUCpQ9EQVYjA43lixqLF2UzBvnlBQhCLPNWTErxUpKYEgEqZl2rmD8ihdO/skrodmEIickAGSj+Fqw2fuugvF4u8F9DWWNwWRIZfonQkeh8Y7xgCJ0f8FNIkGHVm/RdpXJLSW9LZYd33UHwrqZ8FaFASn8DOD8etGCNb9j9AHBOA6ikIUlPC/PLNTO9g/7ZbugMXodPLoHo+Y6pLDJcVUhxynzAjv2iuJhJYlZPejdiHp5GBMRgx7BCpPK6q/hGf6UF/CrLjDeNTNzjtsQPB3N9/TkoXdMKprPkHlFY/cQeP7hR6KFMZTVX4h27BpUW4ybl7HoK/cafgELgPvPB4CDlxYg0xeDw57nhCrmWhCzuBqDqgSY85cFoNXoz5UjPJACr4MvhQwRnhykjkw9GBENQYT5GNcR7mJLwH3l4BPEEdfaWgFewWnCECAzGuxggwI9sdZUqWuN4y81glrp/V/20VsyBgFghhaK9FBsVYZgVXqOcBIjCG15q1LaSEZQOASgro3yrEVABxjX84vVE7qtbyJs39FzrdEYvQkENLpfq/RvQa2Z9QB4DW2kn7DVzUrICQYVjgXsuUG1CPGtBdMY7BEJGi8JUFu4gjmoQhs+QQsMsd/cm75u9sEuybKQjP6WRqQ/JDU/GvWtDDEPSEhgDkSssRO4IruqXQTt1/yk+a4q8WZAd5U6OGnveLPOUyFzloFWM1AAdrL2cQuOevt5b5p/yxeve+QXM+3OaKslRMJSAsfuDD0gbb64HaDKJ8iKJGGAqdnZeaPjz9lw4as2PH9la8lM3jaXyBkhhzaqWBLsbH4MMlB0Pib4PS3WYW8Ej2vLo4e9izkSD8E0ldHpZpQ5VPmc6hBMQp08Qh9UKfFHa9R6z7QFKcgJ8U1zZEIGSAFrHoVV7MJlwyS8yoBK6Tw/jQr2lUpqh18jYaINRLLN19a4KNE+WIKzsRI/Gl9d16xZIHULoSxjMBhkMJ31SwjrfrBI1JD6k3ixXJX9+9j2C2ALVYYIceUxuFVf2rBWC3XUdkQBVWHs1tFcftkyMR748Y6ayvsSquZueA7AwlGU9a94nZYaGcRdAcDfvynIckCbt0IE+vJEBu9gcPzFZOuCmu00zzh3Uasx9cX/7N3yuxSIGikrAK3KSEYAIACBDAxKKsnARGkCBLIAZkalrQtFRKBA7ttHC5fNe87zxi5/EQ8Pcb+n9QHfs2c3lYkK0w/Qv3CcP7jLWdOMpRuTGVtOqo4nIFSFlU/3BDCSwp3AROQz3xEU2DNmtSLiQEAwN5ZwleBMarGbTscHDE2ZJkocuTzwUM+zS5IR0C1qAMtt2K3IkEtEX8MO6s7X8a3qDtz3sAlLimjtML/LwhQNXeTsf6k+3t8arLFAN6nTKMprRxMBhvmzEExptcuQNddC5iRXQHPoyNWWcQMLst3K+oipDmA36YQD1PwmzrcBo9SFBsDczDMEu06zCjm5+6zdZ3pQVUOnzKY8zMw+USsYiS1cF43QNOistYMcC1Zz6NgSo3dfo9d3/78/FbV+YMFoJnFQ+foWQo0c7Iw46qrDj5eAB4u8Uv25SB1iKjOydaBJXH4DYMfpSGvwFNev52ox101gAtVTToC3Kq5DApqb8EomcWh6VavVsaTyTJeUlhDHoWLpVkt9swNgrX9dWhpQPrH8wK3ZGcQ483aOhQAH4jk12AsESvhrNX4JAEkgjEIgyq6KWmeJ68LQZ8TLlD2k39zvEnVfBrl+alhjT3v3EICRgMgahhScG2jFlREZNqdK441IUC/vrps47G/O/vM1iw7/1l3Xb973OCQ8NNxCFAokK3PBOalYsipzq2IiEhQkWbY7HQA8aunqF538nGcfc/4kjnbzno6mWk3GOeZDDJZQpoUdG0pwbwEQqKzaolE3jO1mT6H1NBF7GtGcsAxgrn7X1KOU87+zbjPYtwkmblY+IMLJX3sfqKnCVgOxaeixaoFl2jOlrXKmJ6pMYW72nM4WthCkT7lN3ajZh1HAKjRk9/e6Thxm0b+xOGCOm+BQt8F4AXp9IhhCnVgZYKT46bILx5uFBuUUtF2ipgpqS4PH4Pj78AdDNmby6jiEIdSSYkn+YzRLrlAceKp7vF/GEEEwYcxQSRUrB+3te/cGnWZcUWCqcqiGgZoZsEgoySSo0VSMv9ASkXX9ggvAl7h45DJ0yllpnsJN1LUyQL8zp7MiIBrOB2ipm921vrFerPMOrK3GLGfbzQ0bF47Pm/ru/7R/9lP5xNY0TQQJBlCKSZhFzMygABPghJgZFSACEbNkQcg5q9m2oqS57oTR57yw9bQLWCTcaQMR2GO7SjLSMpzKsKxi4X7kgISMC9Eo9JYYSpanK8va6eKWoAp3dQHYJFy39c8tMJ0sbLlcwGcr3JrRHh4LAIj6tAADmN3gak+VQYhHpoI+dAa95S6+G3JnAbDWK9BlxEQ0blBl149j2aVl7moZndJh0MrUgOfaoYMWsGAv73K/VzUJ/9pIDuuZLK8Dh5TSMMzlszbmYGcSAXS4Bh0NsRGnnjg4quJB8F2azQG2P21QOZ4NQSvOE2f/LQutSg2IGGDUasgCKyQbIMjwWA0xuX9C7DoO7fu2lYOAc/ibLuA3NPoadkNdSBiGyGytUj+OJ/vxBgAMetAmIkbcLE7yxBiltSpp1KCFCuMfwHbk+gU3xrB3Z4rHNmFJ3NQDoJFQJ9ci3R28iyayMMO0zIqRU+GIfmy1gEX2UizgqhJkkFExt5lh60INC69CG9tz5m/83olRP1OG/ZSxcZA+izoNq6Zm6CKpHbLVkDGswHVFD2CYhRwmBsbShv+p1DsEaOEYgdGYbGm3qDHGg+kiIO+aUcwxhsqIQqdD6B0AiDrGuIAFFqyug0E1KGtfAaoSt4Rt6l60ALAOcVAVSGiPLar/2fJeJ1HDYVRgs1IftJAHmylr5KQ+B5+RgbQYIzSGCDCgvYLcqWA6NE4I3ay7LF3w+uNfdPLCddc9dMMPH/75E/u3YEJDQ0PNtClIAJPJsEUGZBCABaCCXBXtzkwv66WtxsKxReccefoLjn/myYtPQMXdoktIFB56FsgGx2vd6TmOYxlt1ikBGKn5JsBrJXGgS5TRFqLWiwm0R5qa4sppNWUQbXtYS6bsNQQyi1THushqXWHsztUKlSCMbo31liuHw7KMcwAsA4BT0WVRJiJuid/mU3DJSglkeNhW6UuJenUX/kXM17zOMZdMqQ+ZWcWtJroSvoj1j8jhUM8iayFhmwZXt4rRY6Zm7Yat+K410R1YeAzADFs+5vk4H4w0ijUsxxwH4d/LG7v0QqhK/mAnw2uEga0VZn56KVIDI0bp0A6zNfJlrlGbH8zJt8G2MbJGjF1cQaagrsi2XwUMamo/HXLUvFe9obH2hNnvXS1vv7XY9RQ10mRoiNImA3JKkBAnAtKEmgkoYGDBChUrmcmZLiAmKw9pnH7OyDOfkxx2uMpzyLuYJN6+QPD3cKJlOhgD5WC08+gUvQBTJf7EELiDwoZscyrM0EJnE4ZNopOQxi9p+CBFqy9Y5hanyr8wctdCVcMFzE9G1/JZwqZX/VVzU9Apo0A6HzdozxxAFBFPjUYY2DaGz1oGH0mHGMiIWENDw5BgYHwCWJPGZsA41Hu7IoaMLfD1aDHfI35W5bDxQNnuh62LI9uqbk0HrWOskngY2cWmLQadZudWjIWKbVPhEKOeGP3RQK5YuMatiAc/AQDsHRhGsakbT9BCPIYB7K6sW8etlUSKY1zVhixTDUgQ3d/YjRbo0IFurX8qQ+3Zr+XZboo4rONgdryxzjoNkAFVVdUNM6wT6uiecZbIqhpNiVl0ybCpBa/0cIyowB8ZQV2tGGndcae1SojrbdC3MmCRGQ/g11odKLaOq1xm7iUxWod/P7OIEUFWzI1y9QronmUcpAUbSNuyrRU1bNlpBbaq0egbDz6EBBZpUxXfQSnKUjI+fYMlL6MubstwXe9zP+VRWCO80oNl+XOQULxazSqrVqh7mVQHdUAvCQdruAoJQEz83vtq7ALnrPKwOk3UCQTD2b1OwADm2IfocIaQ/kwjFM6Ha5iIEDtFJ6X0rOUnHr9k7WmHbLj+oZ8+vG/zju6e/fv3SyWRSKAABJCgpFKyULkEyWnamhybt3B4/gmHHHPO4WeccciGxcmCft7LUQoSbDPmQ3alYXLBEocD56QPKM9vatUD1GEiv9QRGcjFw8iIfnR2SMiGa3kSh+KNFQPqQym9vuqlZqi6hCJd90+I2sJj0qfhWEpgfWeBzpIKapoTBB1p22iM/ujYql0zaHGCtj8yJglp2QVsb1MA9HIC2FUsS2VzWZ5flJ7arKYBbNRE42fy5h3qY6IQrI4aRcyMCW7kCTIqY6UH6I8EjKlWvunUY9nPqTab2W49tQOr4wFoUInByuOAVgyCjYMjwrnToKNFa2nWNRYO4GBY26AnTH+NZi7WYIKRGbhCfuMj3gfsrlZa/2/5dKVB7dKKxhJ7CktDKBmr4OMzBrCBwU//IGrMEPlro3T3lvuAp3zLMw3r0HRNpMvOTnHaHDn/4qG1azs33ti77Vbc8ljx6GPZnqdYCEwTbCbYSBQmKBABWBUsFSlMli5prj9dHHpY67Qz0qOPU0OjcnYGmTERjvhinRe8km/m0TN5ALvYLNg6WRDMxiY2Or1h6gg+jOTDjKYjnWejAEt5K64rc4S1s9qRCZH16vDGIQNqjmNI0+wItf4YzYWAAZiV8izF6ecOLkRzTLofJwACCLtQNQWBASCYYZ184Nhv5BUHYFaAiP4k9phC3CfbrfJIclNgqQXtEjejthYjAyCF2oPFOYA3E1y7MQhWY4slUHmdet3M6U1V53pU1KXtaCT4DA1PS7GWFxjxkW5mKSuEIlia4Vcs1/WMtWwChy0E/Cb67Psn0yy7M+9r4I+b56AJ/7KGA2rAlLJg1goLQwYIUGPLez5rbpkNKlY+lBse7EfjKi6iioOMt+rbQIaHzfv9nIY4ddyBByfuupEi1iPqQE9Z38DK/FW6rom5OV49pwg4GAhD4iup5wdTvVLGKacHkpGxlA3fO6EwqIkqWCUSqtqB/n3YQt2FnIOeKqrL4cdwOMzVYlVoDCSxA8X/HoBaasTXsrCFgPqAdl2DFShMumlt7wMZQvwMLOOXf1kbQ6MzY1QWfXpn2HoJYABIfMpGhVICv0hNdLpG0wpFi1fR2Hs62P3om/HQYEzumn1wXNq4yhFBeW+jmyb7goIsVja/K0ZEgZnKu1l/SAxdvuaCc1adtnV6x2+233HrY3fvmn1qX3dqOpvtFX2FkhLRGmqOtEaHsLl83pJzjz7zuCVHHzK+dAGO5kU2m7UFYYpChalQDvuBNAtXJACUBAdiWUTHOWZGZdF4Jtu0XXs1AoKNrQdhtECHUhUCsCJEc3IPgMISeOg0EXTgVbiExq0xjEIdwMlTUw3Bpg4z2lBZhBvfs9v7akU/ubbNoSYAgFrzIuM31sA6tzKbhEMv4E216DoFh/YSObsYh4IatBJguJIcXfoyrO9018pwHdZKqk7NMndrI5wIrxD5fzmoEfbkSKuOUdr8hshFb2N8vjn3M4LVVMtLVWPZ+e7B1z4o/q/LDihK1vMSH2dami+GEvoxVMgGuSdNUe/jCFqpVdWgys09EsPqWCuozNoOV3vUkiscucBrADEPBfTBVckc3Nvhx64AUAERGjYCAMC9ruwqXLxy5LkvGr7wEvXog7M/u6HYtUNmfWhPy/YsshRI2Eh5aCiZt5DGJihNm8ee2DrtTJi3iNNEtmdhah8KgYkoQV3JyAl/szsH4rUftOAdUca3oy8NRaUAkQgrJG9YmT1DzJCvHr45noxBnyYHygSOA9ZmeYdBMGq6NhnOYK1MuyVC8xpj+CmdjYtoG3QbN7R1qtzwrHBVGj5yTn8E9JtRme211E4ExKvddOvRguFv5nwOZ7Ozs8aR2RjoEDhKLJsLtuvq75rTEvqJQZdDYnssrSyK6NyKQzdDofISzTdWmYZm/s4TaFRC33ZgUwy4gKDC6r1WEa2XMiGVWgqpFsr3I8f83bFmjt6X2U/gILe0oaIWbaVae6yuWS1moyTAcIjOLWW1OP3S4YZqYQzsey0c4t/n4E8h1q2XzKc4eIjDERleavqloOCA6xXmVLLDctHnSnkHlSfNAO1VaMPIp4OkCl5N7xX4Q2iNqlBimZVMWvcSIx/bHJLOiaByy6XytdG8OoQ5hhmubA5pdU7KiDBplA7vICwrRFxK4XZDmoP84lXg/ESDKpSRFo/FK76hWyGwd9xqKrORSMeNoOI5iQdLNIxlIamBKVf0TpDg6IUg3OMl5oGMTzewmHoRtFiqLI7yE9LP3D3FT835Qxjowhaqg7u6Z3A3Xl+qKP5zPfYwf7Ns2VhO7vpKg2p0znYwEhMA2O2PAoVsrSYFiCRwVnVRwmgyfPz8o46cv/rZh18wk7X3tqf29qams1nFMqF0rDU2b3hiKGmNNppLhuc3odGT/Wk1QwApJeiBAL+CbHTLGWN6Z4zLXTKUgYBAJlYI5A6MsdFBM1qHVHPxjMdVGCAFRrvWOCikRQiqwKxnAFD6SCcTqNM9mWzfyLDR5wA74cqONBEAtYbEwGzjFWx1CeFqMAQJYUbRcLtkGZxLQ6OGrf5n5s/dOaBVEsXAQHY3hh6RVtnK6UahfEUT+7AbQVEPP14tNm+PbSgFGI2u6sOq6HZkOqjZK3JhMCJcNmakziIN1yhbS8tPnYGGfQBCI9DNdPxwYNQb7cbrHK5GSecKWb13FHvoHJR1IZzS+MJHVeGrewLuEYBod1cOsEuNA8t5wdA7OKAUH5jD+Dywb++gn4H2c0Vz4jqQfHXWUz8wpSeG0gpFyx6CuSyxIfPK9K+UmWedhk8EClS7DUgwPI7Hnz521HFQFDLv8cx+npmFIgMAajVhfELMW0gjo0zI2GBE1e9CewYBMU0DDmxNJuv7MqvKz4rnQQ5E9DcMo3/PJrEfA6pkzzct8oIVoS0pf1lk2C9Y456VdiLZynozrdWwfZwW3NEB7LCuQDEDMYE0hwT4NQp2EQNY4YR+aWsQMZgK07lhcohgj51jZbiqKWmRxQCaayIrtqFuU4cQwo3UzqL2RynbPX7MzucYqETAVgEGREZ7qQ8AYHwRqcVE8LBVJGN9FMCvM+saNFiqXWVeP4Jw2sDyBS/NPd14RhOvF89PSuCGXNBwsgAHAbH4+qFe50F0NBGQH5fybjn6EwzMihgGYem0DKivMOdu8JiVRUptoLjPzUpcXQsvl0tU6vv8w3im5uzEQuJdcpZXuDHZ2wFqRxe5pGyLc3deUyCIWteTYR11/u/FgqWbAUa7mZdAhBk+VzVsgs9lbA8Aa2DwGYDrY18HGS80oIT1ojeB2WOANkolIgSLu9RehSpKsNQaxk4twhjPkQtmQDulWSgZ9qZkpW6I0GqV/wuF1D2u3bAjt4pLv1ZHga6YxSTOsbRrAQhXx0ArlwMpfxDNVmmuRDkAAJBY5JdnJZxdlyQWB9tLIon9p5AHBOZ4HRiGFA3/CZkNEgJaB7FrwATBrC5iA1NIbINPVhpHxM/GL21MIEHADF3ZaRfcpMbi5uTS1nwYPwRKooOBWSrg2aLT5a5AkZDJo8JQ5w8xEQkWw2UC0nbZjU4TAmQknb6qg2is971a64fB3CYPdf0gq1C1Y7NjSVkLjbUChTbx1tS2JxMBItqb4kF78xEYkEmXJURE0ltwS/3ooSvggqSZDp2gBuwd+0op24cCpZAVs2Lp7i4EAEYmo46SbcZcDog6cioA9IkDIBlAKWWXgj5/mkirb+66UBOVYL1BTp/WohRbRZ+VVSu0N5XNG7PPWKuCwFConFAkIgFz9gvaIIdCQKkUowLUppeqniNhmYKjp1B1Ct4Fs6rzomy0pTLdoXJdNuTAi3X0/7NdXI4aHeO0minabwF7tXzbUR1H1FdWVpAQMNR7D/CEXL3UEltfk/7OHAQp69SyUigS6uSqsWxjtdXRSNSI03IrO3wq0eDoSygz4pyTCJKqD7tUxsxyrRoRaHRonbw2ygdmfaKz+zjUuiAgBmBAIJGkLKXqdpgI0xYOjyRiAS4/FJJEX7jiemNVoFTc6aisjwCYJGYRBOZlPIBAGFpmATbuzEEh9MMyATYEVkgcap1KcSERybinEACRpfLOE0QGRFaolD1AyIhJS8asj6oHZmRkIuOZRLIAGIHEGiZCRlJ6mmSOACAEACiJIAtAabifMLVIgb7IidiaIQSMxKBhC5BCmi8SCDKp1EjWrmFkRsWkTyRGBH0kngZbMbAyApiBkch4XEtXHSOA9mdaxV3fssNMSE41dOTEOieZCARp+9PkKLOysTy24spxfjunbt6tJA4owCh8wXJy2ovVPB2NRMTDlhRsu1Fc1VFWUCVYbS6Tl03D3s4pOSh9h45dWNYYjQEQLF16BTVemtrbHFetFAp+ME2CFikDdbgSy6q1JgM9Pxhj4LqMUctBoaCjsHn2c41o88/1JEQ8aqD/rdx8iYvWdGm7xbIotH1ZhDn7ocRmg3FFzDO0izi0951ktBpPiJ+gTO1zMJ7N2gBmVMD9a3+cw3oMC5ScraFB695gNKyBYFdMDB//MNKw3gNi1Qf2AcO5xhhYd6WfAkeYYQphO7VC3M/jIDPbQRNQS7WdOjFdt2WxagAPADIq4VDk3Hl1MPjPcQs1VlWd/6IKp+sabKy1tPzniL5COCmhZ8GtfG861KWdlCzSwHiMhhICaUeahALDgVKqXfWgHDCeW4HQHcoaM3GPfqedIAD7wSPquwY4qBamwIVOdrabJ+sG7zVZ67hGgSQYJRfTee7VXDBGlF3OjIQCqSUa+pWfC+fcdkkrGAqjkpuQQymHAMrcJaOvn0OniQGDstuFrHoSZEQxBH9ZgTaZWEv4QkqWioQAYqUvY2UdN1ZSMQl9TQyBYiUVCiQUbqGggRgRtA6oUkqsAEBmk8Kr1TsCdx0mI6MyJqxibapp5Uih4AQRci7silAIkKCQSipgKQskIUhoG5UsdSOgAHP0lD6RUWcQaiuzIdKcpeICgBVbxLhl4XFOnqoYBBAAFMAAEhxB+Tk3irzS0XUAABhKmkSUK4VoATNmNylWRrtkduczktNZHI0PUjACJgZWm3ezasJF6LZGV0oFKyXiXwMWJcafY6C42g7GW4MRnQeF44phuzyHOuVLhZz3wPseg87cCbRzNA4DGyw53V2DUQDk4J4QgfVDGMB/w37DD2VVEaAqC0Pr2VEK2q3QrpDhRHM2ZWgTAVGIhBiYsy7kyIggBBvTyMTFjVqigJAhTUHqjAcrlQbhrrqho0ZqVd5rxYkN7bHJt1DYSIGBpbQ2pUJBKJBlUUjJTESE+hpiZfO2UQEQI0g2xqbdzoYAAEIACc3SkKO0JUAAJCbBhMzcaDaAWea5NibRXBiMmhFKZi6k9vUlYG1/0BFtkKhtbjYcxbnTCQCR7VWuaPcmoGJgyUjI0uCNAVhfbKlA2ZPxDHu10BKC2a2AdpTW8cgKgDEVCAhZYdR8u39ekWBAe64yAREiMhtGjo7oKoqr++vz/ePf/HyWsvPiUBaXdJngR6dK1lGMbyBcZyXNMRLDA4xPqGELHogBBIuhHHd6X9B2mb8ioht3IP4RCJFM7wdkgjbKWkY41OlmB3xK01R+rMQslfDa9v++RwjaY5NwxaVhDJruEiCaMMpWgf8UCZjIBI2fiDmFQ4My4dUah6Xg2ME/g5A6aEJKbghvEdS4R6v91FOWV7MPFugBEq36PrBLIzTGJWNr3yjSccP1VmJ0vFWlygFNoOozUAMp2VSui8FVOChTBXmONwcEFMsYK4+uOpelRYrB+9oCYc3y2AOWb9TB//89Jv920FIqxcHnWnFBwD30o9RNAJQUcCgtPtsQuSCZAcEkQHkkcFQlUIcMW3e7ZXXB6JZ369pFQKE3F7ELegN6bVc3jTbdzCZJxR41D40BLPR8ByNwP9vzbpGFDsUopQopdS6nQqmbJ6AAr74lMyxWEphRQUIChVIqTdI0Ee2sq5AVAoDSOxMbSaPVaHa43+/niKqVNMYaIz3IulkPAUkfKQzmuB3FjITDYhgAJBSSWbIspNRqkhupUsygJCtFAMJuKFGqUAqZUWGCIm0OMVDWzwGYkSVJRB5qDCtKZKEmW5Mz/em8YCGsragjHYAM0EwbGkv9IrNpbdoIEagKZWZVCR1qCPi4BpEAkLWEZ0RKhWBgpYqcdagIrDPNZ8/qyVfMyKwA+0UOjKKRgN1NDaByKWUhJStmVqD05iBGTFNRdjiA0+JCrStmPZZktGpiZ5qDF/6rhbCkw1ndOGbpYDiJ+xh9rzxlGjM2sOvUWQd2EMEiZgZl9+qVnzKrrTMjbZg/cBABQMWY9Hky3rs5Ryasb7lUJjT8PHOrayfsaw4tNhzmHP7LAwBZ16l5EzQGbDIbGMCcReNnibVqBpaFhaCy88s6MnUGV5oCImoLxET6yXpQ0XhYlDSeXX0Umg1lMUbSEe1C9N8d6OxMZwCwh/SEJXWLBCyVUkoH+9JGSww3u9OzKssBQBAmiCpNIE1YQWN8hAvZnZ5RqBJgUI609ApOmmPDwEp2u8qaZ6hYCAGJYJkzgPLnOelcCwTJSmaKudFqdfu9vN9vJs08z7nIsSgSHRZVChEpTZLhoUarBQKh1y2mZ1EyCGSlCpkpRLM1wvlEEUEiIyEJEAUSGb8iAjIoZkGIREyIUosm7T1Uzu0vmi1IhOz2jGsUDch6vvSWCVAEJFkBF4oVK0x0uFzbt2CNrjwrFAIIHVgmJESiRAgd7C3xA79AQsL08U0/qyX7VMsuBmt7Rj5u5iBhKaAe+79toTY0ZVXcUAMI0jxqnGGO2gJtN8oQQNunhdmKpNhSCtZjZZmi5eVhn+GIHLNHf8tN+fGryXPYudjcHAGNksZsYpt6lzSwLxZpUggu8aQiwf4PkAQ2FpP17jr9y/dSDZFZo6LaaBD1ntsl6WN0c8OmvwTgzOUerRVMc5esiUiGdGVU1UhAlwVBpN96NcwG/KKSla7CX73i6tWmSKkYLA31h1Cy1GEpXJP+A8bEHLKCcMXUZjnV2rTVxygSVlepStLYBkbEkPQ9hztIE8vrIZVfDlCvoiRYeOYIt0Zv4h2RBwbX1oIqBtwQqrpKQAp6M5qmU98gGMkedQVlBDqVBCrUmIST6ztVdj04xeWAWpT/aw50temODgMlpdNWYgBPGWwWlRFZBEj6lfs9xFJg6LLt3GGoJBz9EMupuQhg9scwkOcCbA0Cy6NtSkxMshSCZ3HPVqP2qyyYA2BgZDKZokAMCrmZNFs1u3EP6plV7SyXqaDp6WlWuGD+/Jn+jCSz57aZpFu2bL3r7nuOOebY1asOU1zs37P/5j/cvHzZiiPXHJXJPglCQGIkIMkyJZGKxs9/98uHHn7o8ksvnz82n9IU0rkAmMpnCpbAgAyjyVCSJAmkkvMf/PyHeZZfftHlEiQB5ZBt37Ptf37wPyefdPrqlYfdd8+9x607PkHuq5yEVjZQR4MF0BPbn7z7vns3rD9x6cLFeZEBoRD05JYnv3vdtWdu3LjuuGN7nAsUChRp5TJkPw7ZZoOm/Po136IkecZFlyChYsVWkQdLRW5+VKEEi6nZ/R/5yMfXrzvueVc8VzQFKGBiQBhuDFMDQ0tTATOoTtGR9hAkZLI6TAAJev+DT0Szv4eczAX3/a9Wr+KwwRLfw6BPry5UNEnAUj3flg+xmr/oGJPto6YS692fB2aCBxDbXHo5l/CAYKgWu6gZTuAYqha2jQQMILB6HTMZOAKIYzb1HHKwOhJ7tOo7Knl8gS1+lQJWrENhekMjWL7lCdicQWMZYd1ozKSSvtwTAfTpzsCsAFAfSqYD/QjMChFBKdDpB+6WKNLHwIFTZA36AyoNMeUJ1ii/+uwVd1MLgvlGzCoZG4FGA4oc0tZTW7Z957+//LRzn3bkunWQZ1m/K5rNn1z/kwcefvi5V1wxs2NXSmL5iuXc6xR5JsyAkZkhSTq9/u9v/tXQ8MiGE45rDiUFAxA1ksavf/bzvVP7N533tMkFC/JCAulD4BWxQikxFWmjAZTu37nzfR/84JkbT3/2Fc9rWuSpmf1YKBwbAQDI+p1+//FHt9x9+52LJidPPWFDmgglZTo0nAwPQ2IzbEWs3pdMlPCRfWh3AMke1MTGHamYkqQn5W9+cePszOxFT78gSVIuCqEDnm7rphVUrLjIMyCammlfc+113UK+9IUvTBICxUSEAGnaHBodBYFAwkRQtaHVaXNWAKHzK1gac8vH2Yi+RKTEWVrEaGObW6xhQq0LQFd1rJLzPZLXtkx0N2NYgi3tlxair88QJgPXPujaqX/szlsfQnWcN+ZaJW3eX7NWo+gGHN7i1bx3eXA1ha1Cb16j1dRD3SvGRTRZUTH3mzVBw2YGqYIlvdlFERkgcovGk1QSZ/6QDNuHhcTbLQODS4hOAJVmFOMDbyJdOOTYpahI3MLcL6tUUgpOhm/K4HHkyjV2adxOvaQwo62nYeaa3TAOP+hhLslIhxhHTOFxJngwpo6L4ehzQmtihgM8uYj+8DgYMOqaoXoXe0yBiGUTtCKsmb31U8WjeROSDdtNH7pArJFg6UPdvGMdGZfAhkqZWiaFwXSoeMpKFd0ycasSrK1bNndDUJxgP4A17asMtttj7St4khBmp5w5mhtkkde/hAhcc6jNwJJc/bX6xAMiABm9tBqkTwatq+zd9fa9j05ylXDiJhDsFiG7OO0RQ/5gmTpaDGSCX9mWrZq/DIAKmFkkYvtT2x9+4GFkEoIM79a5W0oxs2JmVlpLZJ3lSpgXeZb1JyYnVh1+2Pj4JCFec933vvPd7/3D37z9jJNO39nbw4RKcqPV+M2vf/1373jXu/7pPcesOSbn7v0PPPDGv3zrK1/yirdfdVynP9sQqUACRlZKIDWT5m9u/e2f/9kbDjv00MufcYXK89vuv+fh+x8oUPV7PWbLzRkEohC0avXqYzccL4Q+JhKnp2f2790vVbFt65Z/ec/7E8JDF60SaSpSsXTpki2Pbf2Xv3vPK//0dVdccfnLr3zV66987Rte90bOOwUrRESFCEAJEiffuvrq//rP//r4Jz6xcvGyjJkAG5Teee897/n7d733fe/fcMIJvYxBQDgxCpCsBNM6hlKABL2i9+8f/djk/HkXXnBhiilIAARGVnq/IRqfAwMkKCaGJ1IQ23du++SHPvaXV7153kvH3LT2VfbU3qd27tg1OzvT6/ZAcbPVFJSkjXT1UYc1hhpsyd5oJux1NXYEH/InMCzXvvZqTw0x25OXAgluUx0DAcqmR0fmpYe9olribJGaxyHh2tiAXTaOfE0FdBuG5+ZVtdzDf/UNQhm2gS2WCxqvbihsbRnLhSOhW9tORYUL9Ikq2PFYnLoExhw7wDOHQHKdG3wbExSYGVk5CrJdeuIxcJp5DtVKf64PIJlzXtm+B2BQJpFcmZEwc+l0qcg9Euq+9gxapwH7AQSjdZq0S7ECW5sFokh373lqamqWCJiS73zrOx/46L+/Q6rnjI3m3V6jla5addi3vnvdD39yw3kXXvi9a6/9xc9/+d5/fs8JG47r7d6tWOlVkBd5c2z0yc2b3/4P7znx+BOOOf64oUZTdrqUpthqfOM7Vz/y6OZ1J586uXS5ymZJWOXVEInavXP35ie3fO9717z/wx/7kx07Fi5dnvezXr+TpumRa1Znne4dd969e/euJzZv3rpt+5Nbt95+1/1XPOuZxxyxdnJinKSaas8+sfmxmXZHSihYal1QOzYFUZo2iKhQMst6yAiAotEA5mazefihKxdOzlP9zOh6mjEwSCmToVa/yD/3la8++eTWi55xsWokqpBIZAJ0qH2NrACQC0RK541Da4zyzZ/75jfbuXrVla8amhiFfgZIqtednWlv3rK12+vmeZY2kiRJmKHRaK5avHh8dIyVtIpnSIP+L9rz5+oCMhjPdkntjqxNNHt0fTax/t8q4RjWtI2z+Qe939xrPoM4h2ZmzkR3vAstA7WLQpOB07wqAFj+EqeAWKnuXniGY/YuuDiYhynauxuiLMReGNL9Xz1eKY/sGUBgf9KsEU+2rA2leTbCgcCKWeIcOnRpIGj3sjohWErAqAmgsTn8wuVYVy0694VLzDou7zIiaoginpSD1HXnGHsZA3M85RYCBTHEW2nUfjF5tlt1ENTYUtX+g2adljKoJAcfOK5+gMcZ9nNZDb5nrIARBrpNg6HOHse3ytFsxIAoBmAkkmv1YEdlwwWlSTS2yZ2BE74MfOLRZFUJ6SCJbdCSqZZ0rNUB7yd04DlnVs2LGprzU8X4D5sLYS5Zs0lc1x6zEYIeW+RliKvuh8p6qMQHvEJYA3HQvAlpodbj0PJ8P7sIHptmIJZdoz0aIEBWtC4r6HXM2EaYg5JONnkzAJxVi651cOvHqYwGLY5zsE52ZX20DyACKSkbaXLbHXe8853/QAUMDbUKpaz5jozMSklWwAoY8yxTShaFzPJCyWL/1PS6E45513vfc9apZ852Z0eGR3/3q9/++V/8xWf+6zNHHX10p9sZbY4O4xABTe/Zi6CaiE0czrJsx+YtCQpCGG2NIgkAxcxpkiQiufOhe9789rfNTLffdNVVCyfntbudG3918yc+9olms9nr9RiYWaHdI6qk+qOLL/jHo4+cGB6XqHbve+qLX/jSr2/8jUA1NbXvrrvuFyReceUrRsbGxicnrnzda1HJzkx325PbRkcnF4wv+Ku3XNXvZ1e++jWUJqD02RlMKe3at/u6a68bHhpeuXJFVuSKQSlFUu6fmc4KyRKKTKm+ApEzCQYQSJTo+IcmGZ1BxagAkKUsiqIAqZRipRgLYAIllNK7FhkBQCnVEuneqX3fvP5bI+nwbXfctnDh4qd2P/Xlr3xFyqJQxdqjjz7z9I3fufo7X/7i/0zPTmf9HgIPj4yw4omx8U9+9pNrDj00VwUGd/94cneUEggIr8XHWhzGTsaaHd+eEgMStdSvO9LK2gBbyxSvcgkNEkb+lrKwxKiGXqEHIXF1lUizjPhCxddbOdm4XupjxAJKINaXDmV5oBXVMU0LdgRCVY6W5gIG+Im1MmdPm3aOhmik5jNzBANbU9GeTQYArKyv3KcxemFTjhU42CzxoalAYPdbWillD3JzZ6Z6Pd0ZvTah0kOImqbYCLawawyNEscRfZQPgHWQV6mk2bz+2uuvvfb6ZqsFJH93+z0K6DOf+/z11/2g0+4965Knv/5PX93LephQJuUx64/7j09+8i1vfes//e3fnnTCcUpJBYCMOUArbd74698/8PjmZzz7Wa3RkawoFDAhF/3ObL+bSS4KKYuCpWTMzA0bSuLw8FNbtnzg/R/51g9+sGd67/DQ8N133vXWt76lPZ1lRW9q395/+Pt3yix/xzv/bsnSZQsWzG+0htYeuW7TWU/bsH6dUkXe7w+Pjd7+y1986BP/+dTsjBAiLySzFAiqUKlIGKDd7+aFZFatRpqKhFk1Gs3/H23vHThJUSyOV/XM7O4nX76DI9yRg+QoGRUVEBUBI2JO8IwYUZ+imHN4qE9FwIiYA4oK8kBAkihZQIKky+mTNsx0/f7oru7qnt69433fb8T77M52qKquXD093XZ7KG+86+y3nfTC03ozM1mWm/dK2/8AAKHSerbX6ZLGLKsAdZarLEPgDe2ktCIineXF9MzU366/bvXa9SvXrp9qd3WGX7/wwiUTc4CqZmv42GOOuO/e+9/14Y9VpDvtmUxRa2ho08zMvLHx973t7U8//lndjRuyVgsrcvGRs15GeEBIjVxTF2yGxSSKN2FIoeOD5KRnIvnHW17ndtu5yJhPcl9F8SxIgIih7AjoRYaTLMZnEACC3x1cU4R8l3g3Saij0T0/770E4GoFH1SnFEL0kk1BI5daco4Sez6+MODbSvvhzx/y5IfgC3Llmo1PqOzJms9gI244UeRESjfPNxPPUqI5VtqVN5D1rTB/YaRNkqDONMTxgIx1k69XgCAhGGvFusu6uRKfdNlls4BJ5IDcywMTWbG+0XHQUQztgAdT93KxkgQvVv6R3QoYhn/xNsTHwLKQ6HS+B0E0CyZlCey7IrWgge/bQbTWg4J80828orkeQTnPhgLGDkghsPcDCH4gDtWC6CjC2gYaLuwPsBKjEtSXrl9WRXDpZrLS3A0YBgp38GINHuP2OUXXRxycGxlEV5GPhH55a0JUWxSptRxsps3/dsenQ782n49U+whVdNUKh+gVFSCj5XZWoZDYUIrqs/Wfn1INZFm0Xn8Cv2zWIeAldT/W29eFzyydCqRAKSK9w/Llrzjj9EyrRqPolaUJCIFAZYpPAUYA6HY6raJx/Q03/PwnP33WCSfsufdTGsONxQsXdcpuqcsXnHzy3Dlzz3zjm8542Rlf/cbX9n3KPo898thwa7jX6QwPtWZmJ9dtWD87O71u1eo5Y2OkqtXr1/bK3px58zKl8hwzyK7521/f9+EP3nfPQ1/40mefeeQxANBoNU989ok7b79jo8hRKVQZsnHSmtqzs2Nzx1vNoUprUNQoGksWL9pz390Xzpk/Mz2zaeP0/Dlzjn3mM9qd9vDI+M7Ld5lpT43NGadM7bLNdhd881vve997Lr7oO6ee9qJtFy+d7c0i2R1Z1/z1mjtvv+OtZ79tp22WA0CjsNt/t95qydjY6Mj42HhzZLQ5bMiCAG2Yne11CEnbF7dotkgIRJo0ggk/CSpz+q/WymwrtAuoQSNhu9P57kU/eOyRx6tOd2zu2LXX/uWaq68dnzv++IonDjn04J/86JLH//3oHbfdfsYrT9926dJK97pl7+eX/vK+e+7ttmczyCuonBya/Ygsoy5B7/02zzvedwLL4+DSzm4wB2no9wfcF/wSNUsqMwp+QnEj8NqYzNIxQL/TQQFgXCOTf4VfGGTk3TT90pPU9yQSTE6XaCW/JRV6RKaQIgOb9rli57fmY2Lia6BCzT3ioey7G81By+4dRhApGHfyAzJ1akzC9iSujKNjQfNkGIAWr6Y0/9d2CGdbqcYhwGmPzdNI2kBxTxNkaodddj7s2GlNamR4CFtDf7vl77vttPO222w3PTO9zbbbNcYnhkZGsjzrlb3nPuf4nL70wQ9/5A9X/Gmf/fct8qzX7RJVjeGRNevX/vjnv9xjz91f8eozhubOAaCmnakCpbSi0bGRLM+z8Qk/fdkxQrv1tlvNnTe/ytRpz3/ekgXj199yy+7P2G/H5ds/9sgje+2z39VXXNkYHn3vOe899fnPbzayxpgZoVeuWtuebleVnjNn3lFHHqka+fBIS4HKEBGh0+lMzFv4wL/+9fnzv1rkzZe98NS999xTl2VFmgB6M+3OzMzWixdDWVrFSuawcNLGBhqfXSmlVEmU5TmVGswx7mhKzkhEVaXz4daGJyYv+PZ3L7/2ryOjYz2sINPf/tZ3mq3mEytWNLLsu9/+ererb/n7P04++aT99tp97dp1RbN15fXX3XDL31avWwcKiexZ8UCkwkRCuNh9FjZUOhRzmv3rtofUTWk8FLNbGNb6oCMJQ7+CxxZfoTJM7NB0/E/hDQSIUXHKP9Km0SOkQXVFglC7bGl0C7RROPigQZ17E9eoB5IyWdRKD5283x8WGb1skS8eBgbkMdqiy820Za2jlUKskeJ/c/k1SoAXmn8KOm0JeRhUdwdF8bkfM/latG2WaCC/ugJgn9Fq8LjYpp4Tt6364pYoA26RhWZQ/0+WLJx9sN6ph0sQcekWMbrrGctpPcHxJEiEwutMBlMYfU9Dkrhqwaf7JZexOqcf0pxWD9YRtmgBazsEhIduOc/Mh5E+JoGldZlqm1acMMqtHZxaEwBLpLy9kEVNSwGJu9is5q0vAgapUYaAJ8DafAJW6XACagANWmWqp6s9dtx1jzN360/F4Np6m62u+NMfXvTyl5x20smz1OmWVafsYK6m21PPOvbpn/vMpz9y7nl3337nDtvv8KFzP/LQAw9iWW1cN3nht79zxZ/+PDW9aXZypjdb/vhHl1x5xZU77rTsnPe9f+uFW5W98qd/+NUHP/gh1PDpT37ihc89ZePUxm5VzpmYu8v2y3fZfvkAeDb0prtlh3ow2hx54Smn9qrOxPjEiidW3vCX65YtW/bOd7+77FQ9XTUzdeddd2aYbVq/7tE1K4daw+d+5Lzf/eE3a9et2narpSrLylIPFc1N05t++P3vz5s7/8ADDvz1b349W84MFcMaYHxs7P577tOd6h//uPlPixb2qNftld2qhwp22mHH7ZYt0xmZl6MgoTIvPyVUBJWmTq/X6XTKskRFVVmR0j3SVBEQKqWUUhmqTtXbat5W//mBD6xfs+Ghh//1zW9+6/nPf94hBx06f/GCb17w7Ttuv6PTbS9cvGC3PXf98Ec/PG/Eeq7tqdnLLrtciRxB4lnEPoY0etSTw1PiH0FIi0t8IIg0tusdGQFmNrsRl0FzN7l0Zp2rmPMtMAY680hh5GWBEybynO1+pdoobMm4ohOkpWuEsXdI7MeIFGNya038tFUfZZre5SI6R0Y3Qli2qY9sFFA8pe2PwWcxgSzD1pxxIjLPKztfgQAQFZBG/9p2BGc9iOGTqX2LgVkmtyhOvfGZlE6f9XN9Q3KYunvoVkSpV2CxiDPBRkfzubGIqLKNGzbss9++hx/x1E631xweK5rZww889JIXnfaC55/Ume1UQHkz6/XKblnOtmenJ9cf98zjxsfHH33s0cn29NzR8QqhrHpjC5b+4DsX3Hrb7R//6Ic67ZkLv3Y+ILaGWmNzJopW66HHVq1ev+4vN1638KHFG1auUZkqyzLL1H5P2Wu7bbdduGjxO855b7vq/eb3V73rnW+9/547br3jrlec/sJddtm1OzvZGBq79pprFs5b2BoZfmzt6umN63KV93rdQsGikYk5c+b2er19991nv6OONHlGi2jZhTwHUJd89+Jeu/3KM178mU+cVwyPhITVMD0N01M5IpiD6GwiQxGSechTE/V6pa6qvKqo1wWFHIRZrlFU6XZ7dHjkRS9/yRHPfNoTT6z48c9+uc12S8960xuI4NKf/uzyP/ypQjUxd2z7rZa89LSTj3/u88rJ9fno2E4XXvy22+/Js9yc/qTMM8bainaUS/H1PfDOo1hZyxeOTZxE1KQOpAWu772KWC6IhT2PcuUg/WSBA4r6PODNN5M/S51gubSebQdv7wNnBMR4cqsya24cVGqLwPffGHOHrzA0dZFF9oo9fLFgh4E1u3ZBfTvyHWVRtN7Gmh/v5QVTOrBNzY3TmgY2R70gENn8LkoxRSKRZ1XfZjx73JLoRVRHXdULwo7OKrh1iSrDkmvlIHGqJgokItMGtjYtdg6yINYqUQma+IW2CtsRwbX2lSRTNOuX7KmTNrVMws47gNn58HPXSqk8WmDVa+SKGYMCjz3qyFOEozqTlRq0H1fIUifW7sdlzKgqmDxsWaxOP24PFiu8H4WgQchWAy4YS+AaYC22Z4uMYdAgAqCeDpHNAraX718J2/dfWgeu1RvJpRm8i8HbMde/T2stf8RQi1s/yvxPDsPWqO4wS3/U72xhExQykuuVIKfXzX3g7sM47o92cUGlKmN3Z9rtni7zTI00h/uNu2lysuz1xsbGVq9eNd2Z2bRxY6/bW7N21dDQMLZUpXS706nK7jHHHLPtsu3nzZnb7cwqhJxAY17pKs8yBBofHWtPdzplu6GyjKjqaaWKDNVke+bvf79l6ZKt3/Pus599zHGbpjZ88vOfKZqN97/z/Rs7M5ooz+x7RwBBAWqtAUlrAoWksJEXazauueRHP/7rX67PEIdGhoeGW3ffc//fb7vjkVUrdI8w062RVm+2MzPVuen6G88666xep7t48aK1G9bf/9CDb33r23fedieNVZEXv/z5r66+4s+vfO3rt1669GXvfNmqlU8MD4+1251Wq4kVlbr6/sU/+OH3fzR/4QIi6JRdouqss8561atepakiMIEZAsefyNtrtdaNPM+LXDUyBCzQPF1CldYVaaUyRMwwf/qRRyGoS35+SbvbfuVrXr3HzrsCwI03/fX2f9xRakLAqqzWrllfgOp12+Mjc0bGhivzxBQgmJcKErA/I4wa2c1aQrq8k2L+tS6Oe6bTxZHsvweslVB7NcYRThmlGqK3AigKV3WF4Hp6ESRnUkgJ8ZFhRdzdgUxJi1K70NXbWKjFAKku1OeruO/VRUhA+4Cu8ELDxYIgHjV6g+y2aiJhnut+Q4ASpL+KipCfx3qL8skfc19ZaPwqwsCSjxuSkXD7fNyi2UcPmMfss5TAPgmvUVBaqu8yNEcSeW4a5M+xmwOIGkBr3RgZvf6qq3/3+z/2qrLdnl24cNHd99937/0Pn//NCy+/4n96s73maGN0ZOjWO+6YnJz88lfOHx0eHh8fLYrm7bffNrlx5qUvOQ0QRyfmdHrtn1z607kT48cec8TvfvvbL3zp/ImJ8aFWsySanu1smJrOCnXOB88l0qBpbGSknO2Mj49/8Jz3brv99gT6jltu/M3vr7jj7gfOPfeTd9/x9xtu+Xuj0Vo8d87s7Myb3vTaqtv910P/+sAHzi0yBYoWLVpCpd64ZtWLn/f8t5z99mar0Z5tU9kDhSVhT2ssq1xX41st+vsNN5573id32H7ZmWe+oRge2bBmhYZCFUWmVAaUg86qSpWEpLGqzNP+1ugpBZnCTGlATRUobDQbWVVlzYbd7UEAuke9HgJU3XJoaOjZJz4bGkM3XX3lDy79yWEHHHjic04CgM7U5NXXXDdnYl670253u5s2bmrPTK5ZtWpxXrSKotdpl70eEFFFUGkbABOBqomVW8BgiRMimThRkdvUIhipFRJnV4pGbLNr/iWxGZfi7kSnX2UuFLnAXTCy178o4MYQfe3znhT84DQW30JESD0AanNz/T0O190sj+JjdOu771Iwezw58MH497ATUR8Xb8BljZW3VpGl8t55ZA7toguneYvf0eVo7ibilUUIJglgSFxbVkwMjGkqkHDmoB8n+8izllaRswh/l5FA0dg7uQl0EtsgHXH6CpdvCWKlYtlOZQdg4HqhfwVjDJPLO9RyQ7HL0+/qM2+K7IL/8ckwWDJHEC+fnDi56CkyOj4JJtqSq5a7l+j0xcvATHxGXKCmnHpiDwF8lrwfJ/su8SDxqcVR8ElEOTfzjh0iQj3SFWmegOWdHxMwovfEnONiB3QmQsCcwop4qUMwAvz6XKKC5HtZ5uEzZ31jZ8cQRDPv+IJbKvErgF8axwNgTYcc3fu6TnX4rTMaSGkEQp1pJKDh5lC7PXvzXTetWrOGNJDWmcoRIM9zVDhv/oKdl+/YbLSKotCIgJgVedEoiqzIKeuWZTGUj42NIuiCsoP3PrCEanp6+pOf/Ni8ibmX/PjSv9968zve+pYXvehlAPqXl/3mda9+9Ytf8uK3vfltazetmxifp4GGhoZe/YpXve6Vr91h6TKt9fcv/eEnz/34WW8+q5nlzeHRwSSvQE+XMwqhqkqV4cTExOOPr7rtjn8g4W6771m0mlkLiHTVq9qdEhR2u72qVxLSipUrup3utsu20WUvUziUtW6+8+9f/eJXh1sjBx144PJtl334Qx/auG5DluUzs7O/v+x3V1x55djQcLvTPeLoI4995tM1mLfCwH4H7qdthtucaWFPV0SdaSCzd7HX7XY73U67U5IGACRQWZbnWdZQgJkiVaisV3YmO72sUN/8xjd32mHHJYsWdcpOQzXWbdzQaDRyleVZo9Es5s+bOzYyBiNjANDr9ZRCpczTyogA7oAqXnOpRMU5fVx0M60srwHww6u1KMkHIYYBAyFyLCwY30Ql/I4Gp0fMYMhhDT86RQZ2wbzOZBB7Vs5DlGUBsNBIO5pkk8C7GezTcRM+HiTIxgeN+pQ1RAMncBR04cECnSjHBXCqzWiBYEki0xWPECrDqATtf2GXlMzLOuRRdRJDqTwRgPnM8oAdAZ3z5HYysaPHvY22BgBbW7YONqtoOxiH4haxABypxQFcBAoQqknh7KTT+pxk965qVQHpTOG61Wvaumw2hv7n6mvXrl+7+267KoL77/1XlmWqyEdGmp1er93pPvTgv8dHhrFQ3U65ccP6TZs2ddrTYxPzZmc7F/3X1/560/X7P+WAPGsc+8xnLttll9Gx8TzLHnvg4S9/7Rur1q1rqVZO6gWnnLLbHrtNjI8WmA8ND+2xyy69djvLs/Vr12+3ZIkuac2aNRumZ9vd7j/vvX/dnLlLt9pqpDW6bv260ZHWIQcfMGd8zkMPP/T7P16x4/bbH7TnHnMm5maIVBIiqrygvMgASZeauuOLF6194vHPfu6Ld9979zvPPnvx4kUrH/33wkWLOqWene3kQ4V5IwqUpLVGXYHWBBoByLyZE8zO2yxTWal1u9cbReyUVYZdjYSIWZblho4EkKmy0y3XdVVz6g9XXb1m09QuO+8wOz1FvW67XXZ7JUGlNai8MTw61hoeW7rNNtgc6elKA6hcAVVA5oxlI+tuqf2mbZKrK5ncLjf6NQ8bOvGxOXUUr8AVfBIWPyLBdM88+0jB1GOdBhD+TcB4ElR+cBNQaOHYO/SBTAC8HKfWuK7PPJQsuva8YVDu7IhQuUk9aqU4UHHC5YBBKqh+ubIBazA5ixtEpBj7RhdRoOvCLXQ8I9WjXe4kebxSNn9cVZickeTpovSc34UnLl/WC9735LSOGMdlDMPAVSimzVzyFbRR9FtfF4wI4oCXp/hKYL08gDf2td3RATwcVAzahOlKmmEFEGttYgNX4xM5RaIEypwhKcAIOVHyOw+MkY95Mgqw+/v+KMko1Q8G5JMc6LhIsmDg1AtqyBhJIpUWuWTEFRF8YBzjBq83IoldYuZ46WV0xorXhqDBgkZzBUj7RvJBUKkenJMSDsKLyO0iBZJjjdU4okw8yhzoY+dRJbIs6GJsRwI7YKTDB68BWE8Lgf0taQ2ETqaU0kAITUZSr4Thoj0mJniEyWvNQFX6kR0J2Ilzz3KjqMwiudeP2uCTH4cz3nFP90ay4UfXrD3vkx+/+bqbt1m2fbs9AwiYqfGx8Yf+9dBhTz3sG+ef32o1AYB0RQSZUkwhyEC1pzqrN6zWvUr3eppg6dZLh1pDc0cmhoqR6fYsAFUllb0SEIaHhvKimJ3tlL1yqNECXVVIeZbvvM2Ola4A4Mq/XHnu+8999rOeddabzvrZry+9859351lL6ypDBYhZpkZaw0NDw9PT0xsn17WGho886pg999h9YmLuOWe/J4ccAP507RXnvPecow4/8sMf/ehoMQRsTu791z/PeMUZrdbQ935wUdWtVq5Z+dADDxzy1MPHR8YAYM26NZ/73Gf/eee9S7bdOlf5cN58/vEnuZW4657bRm4eGVbNVtE6YP99/+P1b3A/zUB3U3fKLo4GQNIAmgA1AZDWWmX5/ffe/+53vmt6droyB98CZJlqDDeffcLxJx3/vIbKsIJGPtRsNS++5Ht33nbnpz//uXkTcwGgovKuO+5etGhBgapStGbt6j9e8adFCxbOzs7kubr9tjvKXpVjYRaZ/XfHbYKPaq655y7Nms9xF1EtFevs45YYx2B42QET/cl6DmymWXbQy5aHmUQfAJClTm4WQ+cdJghzmgPRqCvY2P7FhYJ+6UzkX8NXQARRJY9gSB8HtM5EWifSz241U7Tlw6cmayjW/DDi/9mdlN72mJCSkAdEAHtsiTWDXi0G7GJdXumf2TyCZwN72IY8Hca5UF67ieUnCJ9elquI7MC4NfZuAIYBiwxo7alHhASZwnJy05FHHXnoYYcMj46gKt789rdNb9r0kQ+fu/XSpQgaiTZt2jgyPHzOf37sO4/8+8MfeNdRRx01NT21fvWaqttetGRJlqm80bzg/G994hOfWbdx01BzKMuyffc/YN/99i+7nbzZenjru7590cUKcujB6PDIy1586h577eOXoduZnZzOMnX0M552yMEHTk1OLth224+ce+5d99z9vOc86/CD9h8eGl20eOH9Dz187JFHX/yt/8qHJ+6+/baHXvyyk5934sc+/slq9Roiom4ny5UG0IiKKO90h+bOmZme/uh5n/zRr349OjG/aLT++pfrLrrwe6e86IWnvOjkBlB7djbPcyQNVQWkkSqmMIJCyBQggFJEMDQ89NjKVZ/57OeHVDY90ybQFVUaqhyzPXfa5QXPPWliwVyabTdajXzunGuuvPrbF/74oD2f8oxjjxoaGQWgNevWld3uxPh4r7dhttu9+prr5i5YUPY6qPWf/ucvihAwAw2gCbX2qTG/XIKTY2/QOm2S4TjQM/dEfsrxW6AJHR9x79jBtbwjFSenPEgAGctXIIChPnMwWoGKNIfYXhCBHDWTWLC5N9lQL7kAwE9XIwJv0YmGCvP4Ublg8OVdrPBmrTtCsHDO0Tf/EP9rNE1ALLv7yY4iN4F5nU4psG2IH4aswcW1Fjdp4KWKjxiNIKOUaFgRh9SveuwaN2UDE98W8yKYwzsGLVByEWtOqHxtmMdI2FuSfetXzLmhxx+hia5NcgSxPKHshHFdfcakNU/wn3NjUuSVB50iopsUeb8xYNQyEaqgT4PwkX2IAOZ1zNH2iHow4sIWMCe1DFzgdHG7D5GT3QnAh4KpnFnSq3HuhQdDNIq6hJSx5XrJckQErjyN7hyJBJqhX2RXSUg/yGjTgxoxG69Xnrzr2b8/9bBGguh+NHJaP4YuTMIt49/sMyeBL1QzJmHn/pezGH69HM8YJ0uE9dGPHiXnrIOQKDmo1AJhU0sF98SVBl1BRUBVVa1atWanXXc5+x3v6pZdrcuiKBqN5uc+/dl/P/RwljcwQ4DgYTBCIqShxtDV/3PNZz79eQUqI1q8eNH73ve+/Z6yn5lzYny8OTqyaOsleZEDwIIFCxpDQ2Njo3mRmzulLtvdTq/TnZiY888H733fe87JMvzslz43Z+6cb37z27feecfw8FilexkgKqUQ2pPtycnJOXMmmkNNrSlrDO2z9z7Y7f3r3w/dcuONU1OTV/756rtvu3P50mXXXfuXR/798PqpyZmZ2e2XbXPgPgfNm7/gsccfVag6vc73vveDfz34rwMPPhgr6la9i370/V/+7NdLt95qatNUVfYIaGp2upkVAHj5n//4i9/8eofly9esWLX3nntd8tNL9tpvn2cd+4xNM5OgoGwQFQhgz3onMt6J1qYqRISIMzMzd91xV4d6SimqiEhneQYIBxxwkEJVYE6kFcEfrvnDRz78kRNOOvHk5z/3yquv/u0fflN2u3/+45XnffyjjWZzwbx505PTH/vYxxVgVZXNorlpw8bhkdG8KOzSk6kdUOBvCd6RPLdFAhbxjg05aDPyKccR3OnS1O4PJ1vs7wFoKbfMSbuyey2TMGBsjNwhqqnmNUdU/CK0aLJ1FChy0XaLXDez5TV4isYOnVCXPLXZHIGMUgx58hQFoS7DmxIjS/IYZjZCgACgFPv4wt02R4MrrKObImkCLMthdY0o4Qo+APOhB1964Oh0JvlO8vU95pPtSEREpADyvNPtPvjww+s3rvv3oyuuvvovc8Yn7rn/vtXr169fv27V46sUVM9+5jMWzJ1b9sqyqsbnL7jzzjt/fMlPjzz0oO2XLR+ZGL/rrru/8Y0Ldt9jj0VrFvR67bzZqHq9f//7EaRqu223/8GPf7Ji5arddtqpyLOb/3HbeR//7Oc//4mxsfH2xsmi0cgwa7aaa9et/cfVV2+amZ6enFmzasXvL7u8125ff/3f77nzvn333Xv99PSaNeuf+bRjgLA9M9nudoq8yCsqq3KmMzOUN836ECLpqqqqsTlz2rOz533ko9/5wfeff+IJT6xcs/KxFYsXb/XoypVveNOZKx7596tf+4qRidGZNRtyIAWIWmsCm4ZQCpSCLANEyBRkWDQbU9PTN910y5BSVVlVVVWhBgDqVUWlemWpSRNpQLr+6qvf/b4P5So/551vnpyc+u2FF6xet/6CC76/eMG8rZZu2+51R4eav/zZb6656ppe2SmK7PGVq1pZnoOCitCetW6SUH5Vifm9xstOU7CrgTEDeTb1LOWMYeAFyCspSX5Ao9ldEp4kQPW9fOzYR0wZgiieTuwjs3VfP5ANdFxuU/B+ACnchkAJ3JwbVNdgdaSSaA686ih7K1QPzGOnKzljjZB9M4B9tFOtbtLXrtVXNIm8sJxp4sQ1omhkyXZiV7N3X/vzJbmDwVOJURlZJbu7VU//apALu0d8Qn0imQDI/nYhKorKH2R3/yH5pkoZ/faDAPoCEaCA6ONerB3LKMAOgi/buQ6w3Qq2RY5TCjIBhgBMNoFB7BElSkT+uraVOsywxLXoMN6uh2D+c/2nzW053pI2IU4UfRmkksIKau59j5hktQRRNF+Ny10KBCHR04ag7rx1DrVrMwQK16nriGU45cba0fo34vSWGggRXVg+fK5fOpPE3pIzVgFckbfqNrCDtdjhhhn/zTazltzmc2zUArqCSkMFmnbfa9eTTjheAn/5ZZfdeOPNChVpDQpKXVakARUBlIq0AlKQYd7MG8PDI/ff+8/7771v6i3T//zXfX/963XLt19+x9//UfXKv916a66yTqd92513VL3e/f+677LLL5tqT+2313477rBDlqmRiTn33H/v2e9+581/vekVb3jFbjvv8cTqJ977nx+iHmWZ0qQzlWcKSev/uebqL37+C+946zuOfdozNmxat2jrJd2q22w2/v34o5/6zOfuu/++9lRn/px51/31pr/dfmuWq+GR0UqX++yzz8477jY0NtYry1JXa9atuujCiw897Knjw+MV6U63c/e9dx180IHHPP2o7158YWOoQMBGUTTy5mxn9keX/HDZsuUnPfOEL37xi897/nN+87via1/72tOPflqr0aqUpqwsQQt2JEDQqCEDVIQZ9MrePvvue/GF34UMAM1bVynLlQI1OjGkcur2ukXWuPP+u976H2cvXrL07We/Y7jRuPueu66/9vp2p3fi80564YtfvGrN6j123/OjH/vY9My0LsteWWZZpsuyMdIcnRitoCTQZA7uCDnGKz1x4pBzy63DzkoZxWeh0QH5VTEB75Hrxlwuhxb32MnwvCr7MdmcgqeU9abojwlB+Exv9251BIoebrJlLi9gbkOUx48dONtEWyuOvoUCgMiLjbQky38y+RdvY0vbWXYU2CdzRBBFUXfTVCi9PvQelV/Vul8nFQaIiVK+hyEtMm3Mk5/oAgPp4WK8moJMIFoBc5ZHMtBQjILpQm7btatyOE0ZPAvqMSRXkxUuuax+8HyCJUh3y+b4+KO33/XR//zIvQ/9a+W6dbqkyY0zn/jEp9qz0wqzblvvtuvOhxx40NDoUE/rdes3lFX5ve/+4GvfunD33XYDwLwYuu+B+xcsmnjX2W+58DsXrF23TuVZVhTDw0NjcyamZ6b/cMXVTzv6iFbRHJ0zcdhhB3/zou//+c9Xv+SlL6XZtiqKstPNm6MPPfjgOe/90N333zd/wfytlyxeuWZVluWAqJrFfQ8+dNX/XDM70zn8yCN7vS6gyhCpVwFlGSKAgrwAINBEnW7ebDYnJtauXvvJcz/6hfPPf/0bXnPOe97z3ve+/7FHH9n3kIO+fcHX3v+u9334o5+69e+3f/CD79x++bL2hk3ULbM84zqyQoWUZZAZrsc8y7vtzo7bb/fVz39h4cL5U7OzhYJK9zKCTGXDreZoq1nOtBut1q1/+8db3vnedRtnP//JDx948IG/u+zyC7/z3SdWPlHkQ2e+8bVDY6PDQ8Pvf+87er2q2+22Z9pZht1ud2Z6drdddqzanQwRdYWkwB+BLBQVL7Ys2BD5AhaEnYLYxvOs9OMFY8SeVpzCTZa4hMPq53KRgGsJUricn80KE8FZbuEpWKUd+7IJUDze0gEI6OEvZUWYar/IoWPl5sCj4Ct7sfXMlZBiYQ+kY0dhgAtmSN6+JYGjMNKQyiIAKZw62D0Xek2+zCFilVhbShTCVH4MfN2TTJVc+l0UjhEhG4+dii3dFJQaIboCOam57zH8LBgyykwPjny+nyhkReGoTI8G9HPTpnEOIJZQ+consjCzXfDOCIu25TEpP8HGiFpyg4IqKNYeDAQmtYjDAzc8Yky7Ud88Pq0DXBNBHTGLOXqKWdFbYU9KdBmKUK7doDF2yQb1WDMEMlqdYByievQoq9NCBYZs0Ierg1u16eIrwTWOZwkxcOmgz/lDgy6ZaJF8XGNXuQFL9nX2qy8GEUgEdb06AL7wMyZuhwvB7pTVht47871DJOpDxBMhAy1EKzB85LoQmXAcwTz3Q0S61BvWbmz3uhsmN27YsGGkNTQ6NrZmzVoA6FGlKAOASldImKusAgAFZV6VvZnDjzziqQcf0iya5//31//7q99oFs2/3njD2W9/57bbL3380Sdmpzpf+dJXm0ONdnem16VOu/vTn//sF7/+Ra/Xfc973v2WN7yNqtlrbv7Lh8790J8vv3JszmjZK3u6NzI+ftiBh2SgIAwopqdntFZ777XvXnvubrDb2N4Eeb7fHvt84P3v/6/z/6s7233LmW/eOLnpou99501vOvOQ/Q+ptJ4zdyJv5ENDraGiMWdo/J7pDRWWJ5/03FbebHc7o83h17zylVVZNkda3//Bd3XpJfnGv9989dVXffqzn1k4Z+GGdeuyrDjzP8487ZRTL7/qj889/jkb2pvQvlXVHNpBCgEAKqXZPCNVenRsdOuliykDbUQU7PumKq0rXSmVYQ5Zpk4++bkvOuUlT9llDwB44+vf8KpXvarT7oyOjt5+521f+PwX3/6ud7/qZS9Pst4stTVpjWTeOB9c5EIOAOADKiIhYDZ0n/mD4yHPdJsXWgJ/cEjoUPUTDAw6g3Mao3H9JjvpjXgTEo0aDzr4jhukRkFJvfg0DjHgk1AVbmC/qSx0sER4KGYInSyZB/W4Y42Wm72MwhHLErs8iIAKTfxp/FdN9kF1hrPuggHUcrQyO5vK4II0MNKMehUG0cPJAmTiBkFHjMjg2ds/p6EAqNudGBs95ZQX3HLbrX+++pqTnvOc/Q886Jab/3rPP+993nOes8MOO8+ZO2f5HruP3vBXpbJG3sizfOXqVYcccMDhhz21UbQ6UzO77LTLu85+x2FHPPXCCy9SWCBkADDcag0PDV/8wx/9695/feS9Z//sF5dt3LDpIx/74LU33Xzx9370nOOfOTQyOjM5qRSWMzNbL1545htfPdUtd9plx6ceeugll/zg5z//3Tnvfet+++9x2z/u+M63vrfnbrsfetihQyMtALVoyfTyZdvOXzAXVYZFg4octcYcmq0haDXvvuPOD33oo7+67Hevf/UrP/LR88ZHR1ev3YCoZjdt2nn3PS/+9je+fcF3P/aZL9x97z8//bEPHX7k4dXkVNXpZVlGCKgQlAKFoBRqAFAE2O31JkZG99hrD2g2FhpB1CVUJVQVdLrV9LSqiCpdEh179NGnnPzcQ44+vJyaPPqYo3bdY/dOpz1nYs7k1OQnP/bJffbe8+WvfnV93aHT6axZnSmlSo2ZCkxdWt9sCXNTQrWEXQUbYsgd8Rub6lcfFvYzEB+7XYcnZkvvOxvBSSKNiTjPgS4+e0+A+xHY6A6UP6wshMiPUw8+B+g9Br8fISL/MhF+hIYgBmEzVY3Ix9+Ca1DZIW7Z9zCqLb8GeMzJn/pNV3fKtxA22SwoGG5ZlcnpVgy52o/gxKBujHjWupwkN3ZuEWJpS7OFto48dIib72chCd8YnGriYxMgt2Wyfsi0314uQiNwAd5gsrgrjEXjD/+PF8ZVbohYaGDvAUD8P8FXC6rt5RNum71iwHOXqQerWe3Lgc18csw6A0vGsfl7o6jEiLWFZAclvmnXPlCD/pT32uU4zQSMLqdu+hk9Lx4sxtC5i7xulOo9TCzw+PIHjMgCYLOtnnExEioZdZOLb+sGEBUCYt5otIrG/PE5OWZDRbM53FR5bt6WrgsEgKrSCJipTANVqqIsVwRUlUVWjA2NNopGp92uut2jjzriYx//GFT6N5dddvsdt735zf+hsBgeGXrw4X9/45vfOOiAA09+7smoYN999wWAx1Y+9v5zP3DX7Xec/Z63//Y3v1m1ekVDFZt6U6vLjuIEnCLMVTZWDK9etbrXbW+YXF9V1YaZjY2skWVKV9WC8bnHHHnEj35w8dI9t3vxi154/wP3f/HLXxqfmLPLzjsZDKdnZ7ZevNU/ejfMtmeuve765lDr8COeWpUVAhRZceC+B2vQV19/lXm7cAVaZdnGyY2f+fwXFszf6sRnnvjXm25UCtet23DyqSfvsfvuX/js559+7NOLrOjoLipEFC8GAAJEjZCBOaJDdXudTTNTvazSQKBstKcIi7xoqEJlSiPtscse737329uT5QMPPpgVuTmvpdLV5Mb1X/7Kl7/3nYt232PPpQsXAtH0zIyuqjzP8jyveuXYxFhzfIiQiLQGUoLNwkxqio298XCAy8Ia+zJBX1EjrV/1KNA1FsbJjGG3pAR+Ifo3qrMr4gbhSoM8dBqBlAuDQgHymr0GIYsBwyYO6yKsvZ1AEBFcHtQpZS4eegvk5hX7psKBLDro/mXtxZ9rISAQBerD2wlBsTCfHdAhTANIKnmFUS9y80IgIknnN0zxQqCjmAZO54ksNXgl7UNXCD74LkLtgUDBa+xgRjexWBTLUtG7hoz8uWUhyvKsmpleuGjhS1/zys4F7TvvuuN1r331Ntsve+ThB9auWXfS804an5gHVAHR9ttvl2dq09TUo/ffd8c9dz3n2Scs3347AOp02ttvt/2OO+zYHBsZGh6enp7WugcAY3PnPnDvvV/54vnPPu7pRz792It+/LNVT6weG5947StOf+2b3vzdi3545lvPgsmNulLtdnfR4iWvOvONgNmmdWtWrl3b6/Z23mHZ9MzMAw/8u9PWB+x/cKPI/nn3HYDYbA1PT23aYfmypdssBQDKc7ONCkeHJ9udy3760/M+8elHVzzx4Q+c8+Y3vXZkztwnnng8bxS60pnC7sYNqtU8633v3Gvfp7z+7e8+9fTXfulTHznxxGc3MqyAMpUBKpNuIDSP+9r0Q1n1ZmZmcoTOho2FQix7SldQVmAfVdJlp73/vnvvvPOOT6xf87ebbs4B8lYrb7bmzxnXgBd+8zuf//yX3/H2/zji6KOnpmba7VldVUCkibrd7mhRbD1nHMrSOm/mgSlft7DCj7bsJlYdhYVkNuZ+XP0O3AXkwbyOJH5YUlpSdOfJIQPQ341mM4WshtJ74WVQaKHxGMaPzED0MBR/4fOL0N9mreP8EG5XUwuWJrH5F5OE91FS1mkIsQDCWLDYC63gRpClsLj6wdjXnbM+59n4mzUKO+UpW8pCXH3PSHA/NpoYfIjcfXdTPgfYJxLoV5XtF215uoeApQpUMbQyRBwcow6OdrBPmzggCc8xkr5Hsk4cOrEhM4A0bSx+0dL0e8JQDh4lfryxJnHPoSlNRuikG4MVvKLMc0sdx7h7/eKOJD5Y8DjX4tQY8BIEpHOaxT1eG3hWKAdxwNVdI9kF0gbYTx0xkqy6g+MBF5CEGNd0TYrb/c2YsH2eaHA+BAZws3vHv/rGUYk7D1PhxO0jV8aOKtFO709wo0R96mMJ9yfW+M5P4o1mrG3TowW62TlJCOArQNLxi55C8qetOe3uwYzGBXDWxaskqdkDKEOjwXNJ40RgczSKMAOlQGUqyzJV9rrTszNlrwdVVWW63e1qXSpEsrU1DUAKERQQ6AorAkKdY0ndqtsbKrvdbt7I8yJftnTZG177egD4y1+v3mHH7c9+2zvN5H+74+8XXvydw596+MtPt6W8SleN5tAxxx376le9+vhnHHfLLTeW3VIBqgqGi0aWZTojRMy0ylHlWZ43ciQoGkWWZa1Gq8Csp3VRZJOdma9967//8Ns/HXjIwT/51Y///Ke//PPOu7/y+S+sWrOy7JULFy5+zvEnHrDf/pf+6Hvnf/PrP/rRpUceetR2S5fNzsxkqHpYznbaRZEjZKhUr1caM3bhDy++6oo/f/JTnx4bGp9ut4mg6nWbWLzqla86841v+s5FF5z1hjPLTkW6wgzJvADUuwz2k0KVY1bkhSqySldo3luApqKkFCgAyiFbsXb1pz/92X/+875cZXkz02VVVdAabo2MDP395r8vXLL1pZf8+MGHHp6cnpyemkSgoVajNTyyYf26px33jFe8/OWNVqOqNLBIBqyJXrTsd7dR0UdNfYwNylG24EqIr72f+oXdNQFnIJfEdHQqCcCUw0OY7E/sDiUmE/4BWAcXwMedEWREYN6qGoaaSRxsytPsq+mndrD2NbBx5P7W3AVuGjlADk4AIPtWpfTMpvrRz8vBAH30ZDQDC0LzrYAGyNub6zDLmyjHtBk6hwPYrUPkbzBItafOojlqvwUdPL+HPRDAvj7LGivEqiqLVuvaa67+4pe+9sSjj//617+ZO2/+l7/yjTVrVg4NDy9ZtGRkZPgFz3vOrjvuuHSrra6/4YZr/vIXqvD44589PNTauGGjKvKq1+20ZxqjwyPDw6s1dTqzpGn9xg1nn/2+ORMT53zovWVezMxMF418zYqVz33uc4793nc/+8UvH3LgfgcctP+G1euw2Zju9NY/8tj8hQu/f+HFX7/oO2UPRlvjK1avmZnatGrVdI/UcDMbH8pne7Pj4+Ozs52VT6w+/IijAaDUOgNqNJt/u+a6T3/tq7/701W77bTLhd84/3nPe65uz+rZqZGhVp6pbrdUBFgUM+s3tntrjzr+hF8sXvzC01/90te86fvf+saLXnLq9Nr12MgyQFAm+FSAZEyhUphnRVEUkGV5s5UDKIVQlYCKdGUOrS2ajUdXrvrMl8//681/mzM+DpkCgumpzrwFYwsWz7/pH7cv3mbrG2++9aMfPe/Rx1atXr2m2cwVICq1ad2GvXff9bwPvrfZaFBlj5pDdMY47bIAQILrjawQ94sttww7AAC0lj6zZXjkAwsTEVFdlFMehAS5T0hCDkMLZeA2QEI1M5zRWUtgMQ4SROQgoUhoePNtSlElI40QWYctzx9KayCFRjMkA3EZVCQ1cDh10tGPp+eWRmUnncjAP+wfK9aA9Y51vLogkoyswWVLGWkMGryOGPOHA3FAMBndd18Vn1HkwBCRGCdqUoStTzQgPk+si6gGmXZy6DierKMjx9zcGtXJYr8qpcQ4UqK9C+3mAyAieZa1+0nGqWCZ3I8Zxc8iUIxjIzGGpbwrsPsQtE+kITwQAgDQ2uDpEPYA1CaKKJNeLBmCiqwKxq02LzJbIlFOSN1X+SMEq8+rU5/a6Ue/aDJErs8afMvBuztRWxIfvG6OFjhBSjd7zYf2NZ3ACUldrAwRgWP62M8R6p/BcxItbEkU9YcfyDllDI4Y2GTUIkQYYde/RmEDK+tZAQM6kTMzICHYs44yQk2ZeeBmbGzs1r/9493ve9/GTZsUUKPZaLaaV1951dZbb9Pplo0iA05OCOcRgQBJNZVqYI4IZaWVwm7Zqaj7+99ffvnlfzzjla8sy3LFihULFi94YuWKPM8mp6d7vd6m2U2tbAgzXLxwyfvPfn8O2SMPP0SZUpgBgCLIKlCKKt41ihogB6gqRwYjIwpRZdns1PQTK1cvWLTg8RUrPnzuuatXrFO5uva66x54+MGx8dGjjj7muSectNdTnjI2PPbJj356/uJFp59xRkaY5zlVuqIqy7KhvIVKVd2SUOeY/fnaaz7x0Y+d/pIX/8drXgcA22+7VZGriXkTKsvOOP3lV1/zPx/6wH8uX7bs2c86fqo7RcCpbPRBCBIpgCzLMpV5x4Gs067I1E0RTcVB4Zy5E9tuv50CUhkowuGRsenpmd/+8rLZ6cmikT103wO6qvbaZ69tFi8qtVa5ylWhUDUaDdL+iYLYQ6q5YDVWdjyTtAZJPTbwCqS2PlQKPiGVvnJlmDjyf0JgUIY6PgvrwfAlOqHlqe8z/H7ihLITw3ITNu2JF7I7iAeei5tQQ4GmNSwFoWkJPtaKlu40WKnqahXd4PF11hcSzgTdIVpVDygmk5TSCDuauvVFBIjOGJGwOEQpfB8tsBMuIU6cFNiXY7kXOpYnE2EVxapVq/I8g0L95Kc/LQlWrVnVbs/8+te/a3e6u++601GHP3WXHXfef799/vCHP25Yt+E9737nwQcdqEG3hlsVkSbIMUNEhYpANRpDqPD8r5z/P1df+5MfXLBsx50AIEeaJt0Yak7Mm//V87/07Oeees4H/vMHF3977vwFG6dnqFlkGeZDrX/e+6977nngne94x2677rRuwwZFiiijLCtyVKQ7VTU8PHz9tddeefV1K1atBACtNSHgyPANN91y1dXXveKMV7zjP960bOcdyk1TvampoQXz9WwbAZAq0horyBtFBWr944/vttdTvva5T37sM1+YnZkGVFhkpDKjU43ts+8gQlCgMqUACKgCXQGC3XyrKytXoEER6XLuxNgBB+w7Pjza7bRLTY18aHTuxF+uv/axRx5bsGDeP/95z+23337gAQcunD8PSedZ3mo1x1utsfHRXq9sDrWsiFrLa2XKrZqzkYksmd8mV1t/crYx2lmAYRvxKVabaGMaYn8nzJT1UyZGCi3HC6sVzh0wvNthkXAlBrou0oEw38ONIr6Z3Ysbde8jMX3DHt4oQuLBBNbmDGay45ZFfVHfRL3I4dPPdjkwomAmahzVr2p+pmwTmbUBEZRsM7jM2G/qZIMo5Ntsl76/GtZ8MoAlh00EiiIk8+F3+NMgaOW8tTuDR4gLs/HPTpz68brvGUWSofXttx1dmNxYBGubhGS3Olc7jZdaXxIN6kMO8vg2V5aTPydck7DiKhGIcElCa38W04kmqeUi5z4AyH3OUlGnyCDUvLD24ZWzBxYTyx18xqM4fhIejrERnkUAausnMj3CD/Uua7Atx+3G42yc0NiIoD2MXi/ZlBp6ywJc4gw2ylkprQ/hYGeERC+7tw5lF2K8gmKIN10W2cAMm4aa3UR77AICkLKRj1JoHvdBDfTEisduueXmstR5kXU6s6ApazR23HmnqlcCNQmQH8dEZ9TMKbjdqgLEZp4T6SxTjax5/S03nXfeJ4ti+DnPOSnLsqJotIrWcLOlAPOiKIqioYtMKa2p0+32yl6z1SKFiMrwuELMlELEDBUCIZF5QUtVVkB2sbQ58RWp05ttDRXvetvbXnrqKZXWSHjnnXd88IMfOv30M04+9eRer7fd9tsXChfNWzBv4aLHnlh16qmnHXjwIV0qW41mT+te1VOAFVDZK8ter+yVV1571dlvfftwa/iII474yS8v3TC1acXjj0Ol/+eqqzSU1NOHHnjw73/1u7ec+R+f/+LnnvbsZxNVhrpEms+hAwQbq2d5hgrtV0T7iwk7ARRiR/fmzZn/4fd+AEFVoM1Tr5PdyU9+4hPNPG9MTGzctGH+3AXLl2/32leffsyRx5m1LaFSgF3o9qqy0hWBSeABgdhCys56lM+SvITO3xI7KjDgIOYvikeAcG+jZzkMOsdeFFomd+MCixGBjCaC+qQZRHt1g4BIKJ7YrKkj8ZJIBjs8V1DeB2MwahbOVk0NZBCYnthKpcaMKANideqHXkRj2JVzn/3tqBJRe96b15tkK++ZWv3pAEDgJ5M9rJZHZFc5ivzdOLXhQwveH7H+rnhDMcetTndHyIv1RgBx9oMzXKI+wAeXiDE8tQLOCx0m5P8rzACr9swxRx21aMnCdes2jk9MbLvtNmeeedbs9MwnP/7xVrOxbt3qsdHhYnj4KXvv+ZOf/+zggw867dTnjw01Z9sdUBloyBQaNVuSzhqNdrv9h8sv/863Lzhg330eX7Hmkou+s2DhghVr1q9Yve6HP750fKiYv2DJcUcd8/Vvfv3t7/7AJz/20TlLFk+32woVVCWB3mn59kcec9guO+04OTU1PDKcK9VoNptFkWUFAWV53mqqH//8l52yCwBY5AhI3e7zXnTKoU879il771E0G7Or1xZZkTcaUPawMiecl1XVVXkDO52i2coQZ1atPuiA/X5y8X8Tgp6ZLLLc0tS8eEU4uUgESiFp6vZ02UME0hq1JtKkCUEjQG96dvHcOR9451swz3WlMVPFnDGY6Xz/57/641V/2nrxkk7V227b7bZZsuSZzzz2zNe/FprN3qYpXfZIV1Bp1FqVFSr7jh9e5YCjOIoM+CwS18i3YXYJGCJ4Y59wUISv4yXMG2XLWdJx8dIWzwi+N4lvgWtkIfGnaxIBis1KNutC4WTO55BEsNFE/QkfNzj/nxVG7bKiaA2UnC8KQYXXxOZMFPo8PELYiPy/UWgXjurNjb2hIn3sN3SEcAeBh/jsh41mFyNG1IyCT5lQjvINicphysdPhqB1SyHrSxhCK1u60tlmo8eo5gk1mrsS3OBBoirf4M9uLVzmCIScRJCgFEUzkIhjmacZ7P47b+OsQQjTABx9wifc75DskvQcQmD60NlD5IUxwiVaUAw5uS/i/K9rZ97bvEWZBcHecfQrsn71X0GsrASYRN/0xbXW6PmEfgmOJF/ZLzxpXeYcy0mlzv3s3Vz8HjumPEqkeGofBGRRw4QKkDfrLWodCPldhHYLUgwSmW3/dVjir8mTyj0EGPKQ4e6gJVsbSSjsZ0Tq8BCbHmYzs+3QWHnzbA8C5lmhdfmMZx33pc99MW8VFUCv2+32eutWrUXQQ81Gr1sOt5AAlFKIPgOkVVWhHh8dr0A/cP/Ds9Mz7XYHEP50xRV33XbnG9565t677znbbmcKiKjsdtet29iemdZal1UvUwoUqpKQIINMoSKgzIyrEDJEhRkiaKzKstLU0FW37GmybzTVVFWQVVRVVDbyYodtlu+wzXLTe2x8pAFq7sS8sZHhm2656ea/3XzKc0/ddulWvaraarulL3zhC8caretvveGhB+896VnPGxsZL6suaczyvGg21m3c+NvfXPb4Y0986etfvup/rv7RhReSwk63ahbNn//8Zz+/9NIsa5z5tje/+/3v/uAH/vPnv/zVMcc9I1eqKs32V7LSZM7EJSSCqtJARFq7nYbKhH1Gx2SQocKKZruziNhoNkCpBx564IMf+eBvfn3Ze9753vvu++evf/nL15/1+muvu+51r33jS195xitffMby5csVqNnOrIbKHSbdV+4lozA7Ga8G+7QSZtvyTp/BRcySYsea28KM6zvJmEd+CAxTNCZrZ7CxDxiEmKmj6dJh3iCzVJ/S7EGX0d6W9u1zPekji+oeTPCCy/Ro8gcEjngD383+RavxwSsXYQCRwJxwmPBD7dhyKYP7CVASIwAk7XpcI/UOMjEbeLc3mmzg+tigFRUhqCKrtJ47f97hhx8NAJs2rO9VZVlVMzOdJ1aunJ2Zvummm59/wrO323m3XqV7lX76049dtnw7jer3v//D9Ez3+BOfPWfORLfbBYC8KHQGv/vdb7/8xa/tsHyHN5/1+j/+/srf/umPzeF8cqY9OTX1of/8aKfdHW4W53zgfW947WsuvOC7zznpxBe+7KWT07OKkXn434//15e+lmXZxqnJSpdElBdFkSuFqtftNorsiSdWtTuzzWYDABQqleVU9rbefvutly3vzUzPrtuYDw0pTeVsB3SFAKiprCqqKqhKrMqs01YIRKC7vbzRQK11r8yKhiYgkz4lTVUJZVXpoiqrbln2Siq7PVQldjpVppAq0JoqDWTUmVKAWkNntl0BDI+NFcNDj/77ia99/RvnX/Td15/x8r12f8r7zv3IMSeceMD++5/38U888OAjZ571+mXbbKMyNb1hY1aVjTzHTDlVQPYfQxHObCQTNnU/SLBAH7/BRrJghQi2wJYy+7q/W7p/s98Vio/XLSA3Z2DcdKDlFyLmJcR997G498zTep3AmfhUccabBPJvbO6vg7b4MvrGOsWGyPYxiISD58IStH59ihGiKl8/jS0Dvz7BJ4Su8P8KvzCWS5IewwNgwuNt6oM8qXlFevlJdAyhS8Sr9eAhCIciv6JOuqQgiVXYwiJtVPmULD6wG/Tj3MEh6JO5GCLPuE9ygM1e/2+a6P/PwWvYyvrZ5tg45rct6FIbIv01D+95PyjMVNoI0P9oIRexZC21k3Zy+KVi3JdrP30vu10HFVDlqRiwagCplzSXwESsVUwcBfh4AGRdTkbtRzkQOY/IL7KvJw5ksDPa5Gh8TgOB3y7DhsNcSmUV6KGxoRe/9CVLtt5qm62XllqDst7tztsuI4D2TLvT6RDZXfXmHMy8yjJSZVWOD41UPf2Zr37+exd/D0r62je+NVXO7Lvv3t/70cVPO/bpc8fnlaDzIkfExYsXH3fcsfvvv69Sau7wvAr0TGcaABSY848QUKnMebwAvDeVECsgIiCqiOxTO5pIgwZERdlNf/vbHy//Y9XudssOKHzgXw9u3DR5/n9/7aKLv7Nu4+p9DzjwmMOf/vfbb73v7nubQ63Hn3hs3913f/zxxz7wwffvufPeB+yzb7tdNTJSgGWv6lb6Oac8/4STTjrhhBNazdb+e+9XFMWNN9343e99/4UveNHJJ59cUbXdsmXzF4xPzJm72x57IkAjb7SyVpKNWs3mUKs1d2QOL0XMchp0qatM5cVwAwDWr9/4l5uv+cbXv3Xvffd8/BOfOuu1r//PD7+/q7vPO+V5r3v96z79qY9f8I3/vu7q68588xufdvjTJiYmNOiZagaAlF136Q4wT0A4Lcaw2AOwbDYeQ5Y1vSkyJei53vCmD8ncdOgaGE43jh6616Gn6MUD2VnQ/isnD6xoGGWgrdFDHBXbmiNy+ST9SGdSIVgp5lfmJh/toDDpK/L+JG9yHleiEU1NQcZKjmN9KREe8pMFpr9pE7it/IKapNqO3RqTlpLOALHJ1Ka0ooE0gAKOZIWX7Icn7hg8GxoEixYxVwc2alk8xhGtnfkovBrgs2XQvUrCRxTkMhHmKwYvyQDHB2jUJWqts/Gxu2+//ZrrbtiwYeO6jese/vcj3bJz9733Pf7IE2976zs04PbbbvfiU1949R//cNllvyt7nXsfeHC2Ozs6d+FPf/6zTgePO+E4lSlNGgCKIuu2Z4cazde/9hVHHnHEIYccuO22S49++tHtbvubF1zQ61WvfuXpw81mWVYnPPu47rOP22+XXXbcdutyeroA82APktZFnj1lrz2Xbr315KaNKst0VREQZhkq6Mx2hlojjz/x+AOPPdLtdQEALTMrPTnd0xXmeaPZJF2RrkzKgIgUEJr9IqUGrTOoCIAyhYC63cMsU3muMFOjw9AoeIkBSAOqeXPn5LlSilpz5wJqyBTkGSCB1lBpUACI0CvLmTZqGG0OwdjwxunZ//nlZd/+4Y/uuOe+97z17e9979m3XP/XXqc7f8Hcl7z0RXmBHznvU3fcfueLX3zqs5513Fbz5kK3W3U6ZjuODX1cLZIQ/Ft1mLlYLTBfCK7lQjyCELQgoHNBE7JCcmNyZEX+5ECUPAwQPM3jzbWLXuxQtWIb33BsynJgUSOhENB2rSk8SRJ736sUsiabQXTaU9ICwGEYX+i1osUlPCXF6nNiolt4jN6InXIKH3IIa1xQU5VeN0ZxYOg8ifXkqNgRVRTKvBkSvaSnSLUZI083NgSBzXD3AlCdypXcWb+CedFzksQdGBfi8eshqLw/OCKSSPmcbgh8vRYnZ4lgIBKKO6QVCR/VN4uEQc5oxdvtJgweNokWJWIVOU4cfAYiO8DPTxRUo7qut8sUU6nPmJIO3g0S+skfeBCXHGWx11l8OWBKcExnqK0sCHsr3Rz3gbymMRpKTCEwCZCVWAtOJuGiQEjGwNkx4PUJIyOBkmRxU7t1RTkuOXR8S3SaXVyOjWX86cjhXZDACbNGgCfpA3S/y6XxhC2osQ8GI7M6I2Rdp6wjFzjgEISLIZ3rzjXJTwhBA1VDjEAq22gA/9SoV7x10gg/EsD548qUFDz6eZb3dG98bPy1p7+GgKY602bESpelKS1iMdIYHWmOIGKraFRVjwByUIXOsh42i6GqS5/67Kc/8aGPnvaiF+640w5f+upXL//jn85+x5tPPOH4VStXr167ViMS6RxRZfm73/2uRYsWPfTwwxunN2atfNul22SgADQQKaWazaZyRxQSkSbIQCk1MjxioG0WGUBVVRUAaKCStFJY9nq3/O2WCy++uNFo5BmOjYzmqjk0Pr7rbrs/47inL916q6Of/ow7/nHbWW88a/HWS4Dgv87/6t577D42OtJsjak8s5EvYp5ljaHmggULXvi8F051p7pTnROPO6HIcgBYvuvySy790d777XvSCSdUACWUZa/zytPPAIA29Tqd2dtvu31mZhrNQ++AiEgauu3Opg2Tw62ha677S1V1Cc2GNU0ASJgXebPVXLbDDnMn5s30Zlc/sfL2e+/8yaU/v/6m63bYfsevfOW/jjny8F6vlzUa0ChWrFixfLvtPvax84446ogv/tdX3vmOdz79ac849bTT9txj9zkL5yKQJo1yM6pUgArYFpggCl1FIeJNGemFHFxjMKnSnGsnFITMnqBj+dQJZVKCBUvH07sGclrSQub4npc/DwayRkJuNOh9KhDYHqflHQB9k6Ak9kcBAKrgEVZTQa2fzC60kZ8yaKAUW4LaaKGCjoZmcgQqP96UwfojQQ0XdmoirUFrUoB2U5x1FKzeF6YyGNcuf8Q+GKm80IEw7UMIwbIRmqgY0ahn93RdjTvjy9BJOR+dHzLUWkNR3HXv/T/8wY83zGzK8qzUuMtOOy+YtxA1nHLy84447PBDDz7wwQcfPP01b1iy1eKXnPaiP/3pit/87pjTX/rSru7NX7zV8MhIT5NWCgAUwvjQ8MmnvGDB4iWdmZm2pv0O3G+/Qw8EyP96/bXr1m164cknjy9aALMz7Y2bcGz8DW96I7VnZzZsbORZpTVkihTMWzj/2Kcds+duO09ObhwdHR9qtRrNZpYViFhROTI+9/eXX/a9n1wCKre4ExFAluVFloGuqKrQvNdZa9CEQI1CNYoCNWmt0dGZQCnARoMUYlF0q+qB225ftXGdyvKypwmgrKpms7V2w/r7H31809TUZZf/ActOZ6bdUEoDAZBCVBkiwtKtlu62807d6c6ja9Y8cOsjP7r0l7/+7e92Xr7d5z967nOfc3w13d6wYcPI2HB7tlOW5WmnnrrXbrt+6jOf/+xnv/zHK6486fhn7bXrLsu33qo5MqINI1R8mg6hYyAMHZqAAUPW8v6Iaw38PKl1cyVvOZdJ3nDBXlzTt6ndcCdeLTzwH3xY6zLCUvacwsUA4D4Iaduewh/AYyw9xbpPwK1SuivhQUCEJgPslKEV8GiHAuMQq0jvxoQOaApIobYlyHLZnJueUsXB5KFTbns5De9innoc5ZQxcBARaOrYS04wQc3PDhxPySh1FPgnXdPqA65+BTobrtfgCaLKyCmOSt+IEAXPqdkTKLDximb0bfgcsNinHnglmz0pWkWsx5gGktCvTpUkpuNu/kJhzOD1BXjTWftVzKHDO6E7EnKpTPfUu6QAHUwoj0ky0hYSFCqrSB/Wag1Og4Uar37JdAkmJMWqaXCbNSgcNSZ9cCXiT+BzLGI3KDYApmkt3VVj8STr8LNuIoRDb8kiPcowoVfn/jkndGiSbdcfXT811LSpcK35j7W90ZsDBFSiG+dO49xcIMuR5WM4yLpihADQ7nWAqKkKAKygqpRSUDaK4ZtuvunPV1w1f+6cOfPm//bXlynMR0eGCSiDTJU4MTZ+6W9+8YkPn3fyyS+46MLvdml26TbbfP/SS7769W/+1ze+NTExPjFnXAHmKutVpcIsz3OVZdNT0+s3rDn5lFM++L5zOp02ECmFBNTttHPVBLMShAigMHti3cqrrvizrqqiaP7yF78FjUWjCcZBRejpUmN1wgnHH37oEcOjo63m8LyJiQfuv+/Vr33NCc997vve8paOnv3+JT/6wme/9JS993nfe963cvWK/zz3A2e85pWdqenttt5++bIdelWplAKAdqc33Z4llbe7szPTsyNZc3LTptmy22g1Vq1au3HD5Mq1q9Z0Jic7U8N5s6WKde31KsvGhkcfW73yPR/44MonVuRoTrQlAqiqqmyXMzOdmdnuWW96c1mWWaaIqoq0Jo2AANXY3Dmf+uxnn3boUbfef/t73vvBu+++e8Giha971WtfeNpp2229zaoNaxaMz202itnp2Waz2S57Zbt74rOec/BBh17600u/+/3vXvaq37/yDa951zve3mo2elXPxxEBW7GDRc6td8LMjIC+FBAy2hZZgmA6d8NFHzye0e3ee6mHSm4sfg5U/IAkJM51QeEpiiFiH4aYDDZms+dE8fsPMNYhmzeBbD2c2MuctAxBk45dPFTt6mseotFMu8jwiIg00Iq1CVm/uE0R4Kwj2A9kYhggsv+S8F+NRxKN7mfglo5Q1lETmCCEKp8Xrq6IHUjeFU4TKtCDbqKQ4zwVEbIso8lNRxx60E477jQ00hxqNSqN22677G1nv/OGG254/etfv/uee1568QXvP+8zvRLO/dC5Bx94wCtOf9l5H/v0Xbffftvt/3zVKw5vDQ91uyWiAoBNmzZNTk1PTU1PzC9n2p0iz6fWbihnpkYWL1q7bsOmydkN6zeoXm92cmp0ZAhKPfPEirzIi7yhKwDSAICq8cADD33hi+cvWLhgtt3OCwUEmjRpTVr3et3RsfGHHnpw7RPr86LlVxEAQIOuoCI0pwRpbbbuaK2nZ9vTU7PmnOTKL4dl/YqoaDWm1q2/4OIf/PQPfxgbG+u024QaNFYVtctetywVqDe85V1Vt4tKQaUJtSZoNAqtKCN81QtP+fBHPvDIinvf/7FPX3PzP7ZZMO8/3vi60198yrKddpzeMDk8MjzUGp6enq0I8jzfuPLx3fba5zv//dWf/eb3F3/3++947wePPeypnzvvwwvnz9PtrlIZ6jI2er6qyf/j9Q0zKV7FuRQLP2hgDaLjSwxYzjAD2g5pkWQAbKAXntscclbonyOI7UheRdvFE5vo5WzgZStEEP00QsPa7QjoR+KCaCpO8HPbySyIdb3XX30lYhAPTAQzK1hIuLMYtgTnT7sxIdhLISFyiib2ovpfiQJXv5gtgRk4tzMq13jbU4tm3RWV6Qb49331fwT5/+oin432dyI4Lf+FB+cmOISLzwOmEyGBoJvNBKVCplSQHBH5SWHXt6XPR/MHDkEDjMSXPovrBFg6V30X110yirF3hMtOfUqFSc8szh2kdBPItRgAVh3+KJnVP5sAMgyi5FYQ+0hNnwxGBG6trlunPHsUpolwOJ0qTixZXv/BZ0AkcTDCyCdjYrejdsa0J4EZmMIQ0ZmxyL8BF/Q55w7QxpnEXhR/cv2dLoooyKstc2nB725GiDimdhp0JFXma1jwcszAWSq/iQNc2texkqEHApjknQLUUIEmdmSqqioarXvvvfdzn/lCkSvVyHud3qmnnrrbHru1e7N5I89UUVHVqTrPedFp55zzvrzAydneG9/4xhe88JTrbrjhj1f+8cH7H4Kq7PYqQszzgkh3yk5DNYbHhpZss+fee+2tQFVKg8ogy7QmxGyo1QSATGUZKkDVwGLd2vVf+uLXHnn43yNjI9Obpp95wvF77rFrl6oiy9DUYrDYeuutly0ttNa6oqIoxueM7rbHrsXQUK9X/vvxh3/1659utc12X/7iV3dbvh0BrFj56Plf+drc+fNf/cbTJ0ZG272OysxrXtScOXOHh4dUnmeNjBSBUs1ms1EUjaHG4iVbzZ0/v1k0KtXMIEOEZtbMlNJUjU/Mec0rXt2e6ZCuiHSlNZFG0JnK86zoVSVVlT161ewzRtBad7vtnq522G57AspVNnfRwjMOPeSMl7581+U7zOrOmul1mAGRbo20lixclBVZs1GUVK6d2TB3fM6Zr3vTc0448dvf+fY2226ToyJyNU2OqSIOdHEf700ExwLAYsIRgfjZ++4xH4aqRj6SF9hqw+Hiq5mE7OCidVAlcy6I5GonKd6V07LkW7/QYy7DwkiViZ3pDLC4PPwWT2MYLETCGZZ9HGE5OecQdRTjXaJmi2QItlMW/mEJuR+knmsDuUjC9tTyp976BO5xNIJDQ3PYqbUNRG1CU5gESR+vyryy8RYhbGHCAc9FGLSRnnWAiGCGOF9ikwuR+4ueKLIxABChJgTQnXLpggVLly4lgqosO7PtZqMYaTXnjIz1yrLU7VtvuqFQjS987rzjnnEsZtknP/epD53zwYsv/P5TnrLfcU87usiyTtlu5DmQbhXZwjkTzSIvsGoSKa0VYtFqFq1izthoVqlWszk80lJlrzCPO+ZNG16BJiSoylajWLp04fjI8NyxkbkjQwAaVQaIKlOZwqokwGx2w6alWy0ZHR4GgBxRGSbSGjUBadDaFKvtWmk9d3RUdatur9dqNm3OwBwCgAiIChWUeqjVfNazj9tut11ajULrKssyhYpIIwAQktYA1CtLIlOSIQBUWU5AivSeu+xGlR5qtpZvvfVWJ27ztrNete2Ou1Sd9vT6TVmWYZEXGQ63mhkiABR50V63Nh8eesGppz3jmCN/+OOfYlmNjo+DJqWUYBiXKnNlBMdIFC8lM03EyyyEzvoLzsdgDHSKAoQX4yAwcUeNg8SFzGQIvmm92IO1nkFwxUMjCOccExDzRoCg/sesLqp0NnEnxYc3c8WXCKjqul2qHfGAAJDYl8pGSIiodaGcPhfaPJUy885KQDjrG7IqDhz2wL5Jl9MzQSI88iGNqVKkFkxGIfXqaL+v9eVPBFQQ4xHMm6x61WbsV+eMQI3iZAeA+ZnT05K1WRyiXnJkQfakJJCEJBkqi6HqWARjh/xNEa0YRAutCGtQEMqtdW2hHdsEbbznUVujJKs4PPxOBkRg4sciINQHilmsyqmBam+KpXSVNwi7BO3dIkoGCONqiK5QDP34DvF67gZ4Hkw5URSUAI1r6h5+IPLUkoT14AAAb/73d+T4AIKW/jsKSGQZ38uC1uw3xv6CpEagB/ulfCKGSMafjkMp6khkGFqD1kC60q2s+YdV17/r8k+sWb/yQ8e+7RV7n0ZEJXUBWZhR5P1lZgTAKUqhR+0HubXYNXQAoSSkMH6hFQ2UqhiOOabmCTPbONPtmBbF6gCJHUlE5ohRrYnKqiyKbMXjK2+/9e5ur6x0b+74xL4H7Tcxb06n086z3JCg6ulMZVlTdTpd0AgVjTaHm0WjDZ3p6RmzuxgRUSECqkwp80BnjhWVZVkak9zI89mp9pV//nMjz593wnN73W6GGSFhnnV63TvuvHPlE6sJewXme+655/bbbDddzhBCZf0sXZZV2SsNonmGVOp16yZHR8YWzV9QVd2Vq9c0myNbz5833Z1t5o1u2bv77rubw0M77rg8x6zS5lBVXLF21U03/W2f/fbaatHi2aqdmUQ/UAa4cvWaO267Z7fdd9lmm6Ul9BBUhiqHzJxs21RN8w6b/8WlASooFage9QosNOiNMxs1UJ5lpMsiK+79178euOf+px55+Jy5cyqiAnLdqRSqkeFhM0IHOrrSGohAU+icgXVA/I5b9IzGag746TlRbmdtjqJPSkpD3WE5l4Jp6vGJ/O6T9mJiYm0cRtJWXgvKh/KhT1zz9Q//+Qt7LNj5iyd86OhlB21qTw01mhlkppQdwBga4Jq7EOrNENHkliSJeN07iHdw+Iyf0ANCxpNuBDuSkfsZO4L1Lh7reotI1WIceNtUImmoKtIaiWav/P3az3x6aKQ1513nqD33p24bM4WoLCwo9Ly3DAykjxgCv8eq4kDl8Y9Ct3nlx5mTCLFA4xG3NM68R7TORR5/udaV1l1dAQBo0t3u8Lw5195449Sm6UMPf+rc+XNWPPBgj9S2O27fK6t2txqfmFj32MN33nvfkvmLlm+3bV4UXQ0IVGRw0823ZKj22ucpOWZVu4tAWJVAlWoUN95+B5S01567F0rpTk95JwHNE5daYT4ycsUVV7QBTjjxeGXKmynFMrlm5VVXXb3LHnvsuttu3alJlReotdIuTVCBrqjSoLXKstmqd+udd/Z65UF77dXMC+r2MFOACMq8gVhhliFmWGQwNp4ilKGv9mtt4k9UQAjmQIBuu5qczlotyDOoKmg0ZqdnCFSWZVlVZQWsWb368j9fteuOOx301MPK6WloNEutqd0dGhuGRhOggqlpXWq0xyJp0MQpfBa3OsNELIGuhXBH0bOLt4DcN2Qltum1wSnktciLA+eYOscz4aSE+oJ1Xs11kY6oxSVZwSRCuemdP7EatilI1m0Iuldmi5es/8EF3e9e1JqZHfvv76pdd4Wq4gcog9IW1uqBUkmSzIWB36blEImXRTjftn8yKvMB5MDCHgU0Fu5XGBuYqdn9rct/rfgRahuGvB6EbO4isXybuSJCEdXYp85qNfuVGDYV1iZo2gcveSth5aIQJWwc9PVvoOCOWwZ/CGPMKslo35vLEKM0+hzLxZjKSEksPYoFGsCaQYXWARllpDggD+2eWPcBVBLBZ33qBFkcXrwy6GqqtSu90PWbrjH5yLI+ez0SDj5T2KwPRWORTAn4lkwqf3X3c5EdcUsc8kE8KgABAABJREFUMVnt0akBw9fgtsF6UuqgDx/4Fggmz1/Pptsm4v9ipdiljL1m4Quxfx2CJqqgYiTvpHqvHCDU7yiAsMlIfzfKeCF4qrqfrVFBMrUNApvxJiDMsNPrLdlq8c7b7mTiqwpoujfd7s4WeWHf9qGhKHLS0O318jxHDaRgqpze1JsssmKo2VSQ8UNXQERaa6q0JqpKXSltvC9E6OlydHToRc89BQDa0M0KBRpQYUVVUeSH7HsA7OupM6vbmVIlaUAwFRmVq2bWRG0IVKkiX77tthXpdjldZPnyrbfVUM2WnVajQQCtvHHAPvsBQE9XBOaxSSIoFy9YeMqJJ03rTqdqI6IGMr6f1nqrJYt32maHTtWZ0R2/WxNJAynA2apTVqWMYWxlwecdgpjErUoGKs8LQOjpHhBMV9Md6maFOS1YU4Zd6u2+66777773dDnb1WWmMiJdFDkgTnYnFSIoheaFCcwNTpo4wUfBrOyFBfIEZDwdsxz82FUQirqNZxZHlHsdHDt6EkhNYzwWLnBSIB8uRwruV/as+BlBIheQAgRkRELSfdLAdYe1VmYEdEqGYTNrJrvUfRTT1zqbRqqdEyZGkwD4x8lC+Guw9SlYWgVAvI0QfReh0OL8KN/3s3h4gCz2wS5/612wPQcCInPMqQby+295PYUGCr1SobukTQewzmfos7KzzFiCBExu4RBZa2dYk1rT7zwk0doMZ0cLHWWVZY08AwCsKsxQT08d9dTDodksJzfpDVNbLd8RcignZ0AVQ61Wd2pq3pKtjly6PZRtmm6ThjxTRBX1egcdfhgQ6clJqsoMTFYTAFB3egcf9FSAqty4kbplnmVE5EMGAEDMUOl2+xnHHgutZtUpe1Pr0b9E3dkYJNBjo2MnnXoalD1qzxYqB1ND18SH51hti4hUls0MDzv8MABVbtgAZYmZsutiyj5oVTBVulq7jsyRQppIVwQEFVFZkTmBisiHaAgIChWCQsyzrGhkRUG9ni5LQIDZXtFsUJ5Br1Kkqd1bOH/h6a98NXRmaXJTljcqgCzL1FCrmpqt9KTK7Enn9lVngfPGSsnftxzqVA34iJIpZNibTTj3dhYUPWcwq7qJ/egOVSGq0v+JHMLQKXBubjrO4v1+gGE6icjPx0wbTG3Fh31Vw+PIYDNvO8D5j4gESJLOQ27+CaoEPtSUQiZT50xdrw2EL+f9R0OFmpMaRQVEFGrfpMfPPgsGFAlayLlkoaTmC8sana0qyDH7REqRp+sL65464Z6XSGOLzvWbgo39wrlmUQUvIk7dn63HBrJlPJcLLMO8p23vWEiQ17n1tldEYMGsLpYzjR0rohgnDWSII9pTEoUdJW+yQGoGgVowVDr9weM4fRxSoN4lGdy6F+f4tFWaQQMM3XSBWnE/+dSMB2lgDBSxVjCbXz4RMHtTGOVl+GYwXR+EIhatB4TWK3POh8OqJiNR9lmur7wktPUkRSTu5BQRuFdGgHMBBTyx4+z7S6I8yYvZknMATgyED+WdPU7SObXs4XCAhVCjWELzq3OqpDAj6/9EUt4ZLg90HWPW7WISBgOB7KvaACCxz1CIKQWCIey6D6KQCEhlqtPrzcyuAmMaUBVFXuQ52ugAM8RKE5HOs8xCqijPckCoSM/oDhBB5WC3VtJyh62KEgBkkJVVtb63USls5i1Cf4whaZrqzWitTdkFlVJZRljZ2UyspUEkdlRJen1nY6byIsu7utfurc+wGCoaFWmF2KOqbJcAlOUFKj7YFLBTdSfbU1mmUCGg05sACrtVb7q9Js8zVJn3YNkfR8QiL3xxy2hd698ZiUPwmWx0RT+//RWgRxVl0IBGRZXJzhkqTXamN+rJomhkKgMgAiqVVoBZljNfhmVPYkVmKOP1jLHcoT/hz/ewqx54LRHvgd8UGVf5arcC4QXrEqP4VbgxtU6WNrHnIZ0CItDm3CrQAZRJCCItC7WfGIPoxyD4jAQWBfC8D40CFAIE6xSjMAxjaASPOIi8gqp1kQkncSeNquCRCGX0Jhi8K00ElWNzCIhVs0G16QLOQbfowcJiwHOmhUBWjhJWp1h8En6LHFtCynsDESDkRnMgpiJzqo6JsrL2hg1EkBcNpaC3bgMppVrNTCmoKsjy7kyXymmlsizLAAiqEgEJst7aDaB1rjKr7ciqXQJsr1sHALlSWUZgNmajQ4UtsMq7ldbTHaVyVTSUJ567FCgsy0pv2pihfdcbaPBP5zonEhG0BlSk9eyqtUTUKAo7kHnlM/j/CAFRZUUGTUQAe9YUaag0NPg9K44NEM2GFntcrbJVUFTKUBIbudYaewRVhZqAVNnulNMzClWe51hVGRAhEqHKM0WKUwVmCs3yD9H6WTbwj9S4HZkkJMAUvch9FRteBatTbVw7evw5EnsnlFJtBDM48kc6UHjjwSTeCIcOhQRDPN7gxgHmG96TKgxKhHGsHB2UUghq0/pAOdEGubZsViBsU1NQxhfpq5fM4utEX2B31tzWPGDYoh8KQav6lEK925nq06dgdo4y1/fky7nY/FLcHjwPyAn952R4U4+++mII6WgTmf6xO+6NTRyOWkD7LZkMPnlQye0R5/txZBDLLQejE332NBGuqyM7RB/C3HEyxBWgUkRov1TsW0c4hRB6KAginrSm1Q8iQw85Y9wRQlHfPHt4ZCFYpriZwK6vxxPS2YIdgEcsuQEkm6G590BCfykSh7pl7y+JyfsyO1CnFZ8/FCbfAyDCBSb5mEEfxo1nCgN99xVD6fKbVAJaALvMPhRFwYZJonOw7llalhc89H2RYCZm0xn+6tJsUuJIdGQS8ieTKuKcJoLBxloLke3BAHKOx4y5ozxXRd5SoBDQnJ9r63vmuQmAPFOoFLnwFW0lI1NKxSegWBcD4vgIAUChajUyCw06LBGBGqpALomYwNide4reoCOxXCtUqqEAQIPOEBtZoSirgBQQkVKAzbwwaHB2AIAgV6iahQZTUkP24hCIVIaNvDAwo8/SUsSwVoXY9BxZinmSGvh08EAhWMObKQWkK9CG1dj4U9bIcsideiQkANJiy7RmR0LGQuAY273JzSVG7Mymj/BnuFHoX0lGlTskveOHYlR5STYVOjj2J4N5EEJTHl+B+Tb5FqT6jzYn7TII3MFAa2WDJ5Xox3BLTOzHwM+TekCUH/sC7fqmvTop8hiecNLfVgcpfHG33jC9TgYqkmTixsZx8fFniIdXOyjVXk25sSiBSykxByFwJZ2bErKaY/MmIJTFLB6Qz5fhrx5N6U/yPRTZTkNcBHdgjdX7AAgK86wBaA4VwqyRU5aBQgQNGkghNnLVyFGTOekHiUBrDZQ1c/OOE9BO6M1bVSFvFAqA7G5/L0tkNjEQEihCzJTCLIMsQ78oKBEgRMhzpTNNBKRN2IzGYomiLgKAUqAJQTWaLQCCSgOanRkKFQAZTeZr82YODWBX3MS0lUYXfAbuiFs50V8hABJpNJkL81gAAKAy2zrAxLRkMo/Iu4uR9/c6E1RPeXjbJrhLvDNKptHIsZzvHVYFvap0/BiOHJtWcZ+EeXVN5QCeR4Pw1/kjXlhd/0AnRILqz3Iz/w9/tk+CktNldZjRebcIgM54ulMDiB/BAOutimImeNeLjUWkV5HQvoVFGFO7uSSwLZKskmwUtUi4jP7pEDer9WesNx8qqLqHFFAFbanTIAz1Bqlx4p9Co0BC3RAf/eT788KiKHf7XEZNu1IKGDdEXDINY7NEZJIMQY2+4D41lNApkyA6FWaiv0WKHQhIPYHZD4UAU17iGPcoNKpdA0rBcaQUxt4Rk/iAOdwX0G8c/yFA0/QNq+sDUwkxOsYG1KjkkyARduRYm+oAy9lZxmt0CFklAsbNDn3Wrj5IYgixiyoNpADMB3EAA5Y+URdJiUzO0/ikE0ZNveZJTJbEFhh84QgG4PqAPghBCQAUuCodAJAyvYjYDtr/e9fcDmW0cbAAslRC1i77bW3W2kUKxlCAvQ22jeF+BrYJzIsgyRRrB75XZzMg8O/6g0imzI/GdUeF5lUhfFio8RIQUfKCsKLO8hpGZuIJaYmWMrT5rMENtbTdLWc5hH9U5JDkdII7qcmF+ujWy2gvTZoAM0AiqKAyio28DeVIRgb+5EAzVkSB3VVLgjMlRgSgmFW0AcNUMREAzDFJ4EJDt9DEiLMtABO/O4/evJSelEi+gLebdVsu6sbgHDMQsisW2w8YISwMN4oP5CnG92zUy94Ri4ngSimP6BS59Cs811oxEI6JV7sCYKtShXceXzIjbx0VQzIyHi9KKqDzz8CtUDipQ7yu7u2D9OGpD0AKlHO/5GzkXLPaQhgAnV4Ehip2UBzQmB7E4czjeKIEl0M/gDzR0FkmnbSZRuV675CkMDqmBKEKrIZ05SsHsaN+YAoB3KK7Tbli9y94mhFrI6+BLWeKdQhmMJ6oJJFlX8fBaNdaa2MWjNZUkBGBeTkNapt8Q47ZUOBqCOJMj9OZ1vVXgKQA7EuQEUADKA2hOXKQAShyaTbUYVnSp/DRKmmt2WIJnlZef7OidEaOoEIAME//xgGnp7Sgjn861Um/0YyE4sBk1LwSBn8T45oMITM4cvws+FnOHiU4+B9LWd6a4TkqvMSQrEC4d2yKBeu4j8jmQfIQsAY09wShAcAlNGqBgIVD6uAgG+X8ADaMrFU9gRlViZp3oPriTy6bIG6z9UWU6xtAJFxDNkyCMsAKmzPbTCLZRqDnSCHvWbkOXanYJe1bjOXNSqKXm8MzuSOQ9c6lUg3yASkQra8vVjBlCIIdRFalRaTgLn4nUlyZlBpJQBlVlvrp//po9iZ7vAJmcKog2cUFe0mL4LtYreldFBSLglYf9N2WWZ9a4iXXLsbItQQhb+zSYK1L3GtgCM0OcUKaIgoHSDlhdYqAXTCSKYAku/a5I7tstnFIXnC8LCkQR7DeuvgZA7LXor4679VjPIgWvUZrslyTypiIIep3OW3m1UI0bv2KAOb6J6ZbhyDGA/UNPiGxGn27W4F0mjygP5sZcIlf9nGEAR7IQ266EB0Adrv8QPHSRFskw9/8U0yedsJMhVPFg6CzY6QAITiCA5FjIAc7oPL2FIyNYgcPFX9wQYezZt6HYLo6VrODSU/JKCtjxdgbYgwM2yIiQSZ+Ao6S+1gjEI9/eV8XqgoUk5089l5REYf+iKJwbQNQUuhzcca/c2Vcc1WexrwG7HRVCMqppKBKY3jMB78cdjiiINjDjYSXQgCm8OkRdiyLrgFPRJGDIweRcsyjOTcnsqTOVUkRvDZ8ME30PbCfzkdnagsXMFZ8nNEgcLkTYQv810FapfaUhRg8hBNrPyb5TRxz4traFE9c/we3UrK5dLjJKRaSCxDzql+NvqhSDC5Kr3XzlxVNgwdCpmzoIi1oXb2FE8JAphHdWR77ohK291xaW5HYpvgsq6zPADgthJbpgu4sg+w7gCbAyoKCSlHpcpMA4FJY3pQg8AO7bhHNuCqc3GwlAU7roSIgqhLHOltfRluU2IpRRSLksMrPpi/ca2PNjxl69iI0jy7YTAcBIKFm+yKDT08ZQWpEUMLhdE9WOsVm6WCortFst5VJNHBv67MxpwGUZSHJCU79SZPJx70ShIou0Fmum2QX9IImBhcyFru44DjFO1Xe5nFnzoPUwE5ffXh+c65RupMnMMbYA5Am85/dcxPQ4slMEwFmUsBPur8hm1kmockpaJXQliBSeCIcDBsFrLsZWm6JSvQhcUK/OMUeaZi62x3bvYFXNFO/4uHmRgmLLhKHfqO5ZJkMhjmSCFrGIiVABZ8L+V/x8pO7sM9XGXgk4uj/i6kHxSMSJPkIoozlwGxSG0SlZI1xQOExOYRTBzW3xLjgQVzSTygiMqZSE/EJzFySDYVdTF6P6TYT5f0/M1QuXApibQ7uZhxeM+W2XPzS3MbvYHDJT3s/xAYBFKHZ1G+LeOgcR+squNwMSg5wSg99rcv6ouw+mLXmGX0HYSx8ZS7ptNm4ym9Rtb4bAgHafVjeHIotOb4CI309sgpd0gktkNKaW08MJCFCPhATsVNnOlLohgVmBn3g5P6JPVZRcuSQw8ceFo5orZmaZD8SkCYAMC/eJK9KqU5pjli9n+rspMsRB55UYD4dVJIiAMBvD/eBBAKQXxTPY2ZLUVAiFPh7knuuEwVdtOUR9r58W+mIcW8X6YYKPBI6YPMqfiTecMUchsiEizQbSgKC7EWiDQrCuQGkobYIBY6e3YwWEt0AEzK0o7lEniztgCnuUbN7JoWMCsVs+E8q04j9nGEQ2e40YK5ZCGy0OY+CH0HibIntBmFdb1NFfgTEKPktxwwILWAFhZQhmQf8VAYqA2UeuEYmnXC2IgcSPYXjwNJzLvFMEq+AWV0bDx4BIckbATMH68vS7nfDSba2X73KAnAb26UJBbPkGsxRXwAVuD3C3AadrfAsI6nqrb+jrvgDQiNIrIQoWKWKnuJOHfAyMx3NqIpIvNidx7FCg06i0GpHLTblyNDaip1T3ww22n0D7pgnsYAmnPTGE32GF50pkmSRp92iuO0XhryGJLmMHkQ2coiS2C6eRfSJrYGpfB7JfxMOvNS+USAhxbS/9ybHFxtyg7mE6EoWk+akPr5fJaO+hBRxxde+fJoXlwLtKZSHUdO8n8UXMcApD69wrGFkvITZisdlFKSmorpyc9+iQ914QZmBgiXEkLyB4eU2ELVhJQkAEXsLIMhhiSnKGzvoqBUA7EDBAHFHFQ9nlOdAsSkjygGFNLTOQzR43UmWIWgdB+5jxgL7wG1tt2qtV2Rr/LDCN5a96nawX6wi8YqnixD0mkS0rM1SJ0tc/AxjQskkwk70p7CbRdyww9ZQ8HSrLW7EjQGvpsQnQKeGbBB7h9CikGQQi5W+XMQ0INntNFstOo1yFBgmmutjxiNIwoZjiUqVH7w+SH2KXHx2VjmAiYvOEOjRFP5ReX1wPoDYCQOxJE7d86Jxyh8IkEgT8Tl6rHst1iELCIyoftPLo3d10jD2qwM4FwTYNZG63gSgXBYlZxkCPw3A/14f3Ot/3oPrlkX5ruFY4KxoaNrdAyVWmqShTYivsLYIEY9xZ/kPifsMC0u1n8jdjQqVcqxgfuZyH43I2AiYNtzWiW6sdhwuJMjDtAs8CwpRN5cC1b8WBInVc9i6PxKMiAMsWqkZxDqmp02snOOYCAqQq2D/olwz3kbhSVObWqoEsIZcwo2IuLk330TpIaaGZ5SYkxKzSywsD/t4Fayw1D0q68n5vfMJDV+7GfhEg7RZ6K75IHPAlQpBRXCO0iUFRMwywIyyDMwTiVmGCoAUypllgAhWGCQf+SJAwlXgIfz9eqOA7uGn5FX3lCSVXOjFoCPbN3/YZ+THmr/a1EHjoIEckhSxUqwrUUi7E0nbQonP0qqyYx9bGmRkAhyFXVJEZHfHhjGOU1ZEwPG0WM3AvoSgelRcLhKd3KJfZbCulaicOJg98YgzPKGHxpZYfCA5iNfLiYsgpKofHWMMQC6xcDJrkIRffDt0e2xidmP3MuEdeG/KvvuoppZD+yF/sfY8pEZKWzsKhO6B1lBVRFQREZ8zHJo9A3ZgYd1N7KeNjC6oHR6EiJq0fDnLlhZqJMYxeG4R6jJuJ3VhAPWxV7Kx++TvBvEwP1zKRlROkahwCP/IUw99rzjc8vOErwzkXzGCLTqauObou5+CO3WyO+533jzHkE6ZofvKbeLlc/U0mSp14yc6JECtQ9vPw08MFK1UvdcAy97/im2+k9iBwSfUOa1Psy3qK2cXHwZIkGy5mQgIQpq4xYozlX1nCa11X8cmmgFqQtEXQmewvK4T6tcyZHoIHwExwElq5KH8eMVak2hnthMkgxDzAe4d1dQKiM2UbLfMfW+RrSUFIE40C+MdWMdgDwYRQowG06YGXvBD4NI4hAICWqPNMQ2idFBQmOCQTcRnZKxiG2jo6Qln7jFXYjxIIKtOLYaQ+CjUUiogjQSPW5EPS3hqGW0KCom53LkjbmqxwddrVTdLPG1k69xAtpbgsxt1qydSf/wT2YeSAJxjFjjsFpqabCCIU4WiixwVaxeGjcJ1cowV2GJ+sj72ddD9GM6d/OwqruIfFh0S30J59W4TugXAOg6BuxeTwlGDwEgsf060dr3CeBN8okYWvEJXXZh5vxcgHsZroWTB0+sH95hybKxTKjLUWuxUOe7n9JDzeVA+0N4XfeQHh+qT+gK/O9AnU4CZztDFn5ApQPNiIjuoWEQxkjtdnB04MH9DoXBqSuhtS9yAtQgBpHEU/ONndpDEq1gTeqMuHNMIfkOwuofQA0iWPy1ILh6UZPbpMcnTYkb0vzNxhVK14Xz44B4BmnOtRRzjkeQBw8cEgIMeVxTw6tJn9QywKHS6xV1sDCMCEiITIm33DRkbGvjuINIyEbnD1IYlsdBCzn8SbGEhibMqdS0cmkBe23o7BKfOPeCiaisB4YkYdWe/xITE+7pDDPoCJweq/+RACL6IuMDBhR68hIvgVA5/I7DKwbxGR9e0DTePFU7ihCWipIFgZSpsa9/NoslSZL0gJoLJQYo93YvDZQIYAEZY8haUpPqi1UI+wJDvhO2rabYaNcRcLLF1OB3w5E5L6oNIn1/EUMJbDrJrqccygdUOq7NQOQUPzCf61id9sqmHvnWmVOPk6IFIb8Hg8mczmRsnUHGDAy0zQN398r2deMS6Rmq5wLIlu4c3k8XPCDDPlUn0a7mYoKoH4UKzWCWzIelQ2WTh+/NJQvyNhLkuEcWkL8ByhFb7244D5CIP9QVIs1oHTn7AoDzgf8XUV4++PT/A62uyYyLW1Zsx+6TB6Ozg/RY1de8JgsQKSL6U2bmtcvuQpCoCuG10gdcQXcb9Ads6sJL1n4PRXQPnvqBmLJw9FOZawMAuC3tjQl06PyDc1ST4BFH4mRJs7xY5uMDdQuIXEzg7zbC6OxStQ6gQw1DBaVFzTh/4PkG07IiGwPkVXkbht4V+J/BShhuYydsb48JQJIAUmXZvhwRRo1233rC7XnbthJED8NgDD+MJyPyAzimMkxtCf1Fwk3cABIT2YNvPBO5wYD4khbeL81Dex3V22xSPArkWTianu4jImUNABQioXNUxvvraauJak/BsIu6Js1U+BAW5LsLtkI2T0zq1IFrKzKMQABJS5MHyKxKeF+vRdUYCQBATXL8QI8sCJDpbnLzQIYJCyJDsiayIqFiL1DnWLRj/65JG3lSwFgkCNhZ6lqJor4IPlAQewVvvheHjxJpEiiMfCqyC1A28Fuzp+4fHLb18Uxe8CgI4eKVVGPAQv1gp9Oe/enUoUCcteV5g5flD6K1Y/QJ7CsxuAUwODG/YWMuGzAdhSZsVm1DiTpnYFuGWA2LiWyCl0ka5YGx4EDk6dRIarGhgMCSsdkdwSBfxK7F2j7Se+VciGRX1rcMVcHJIGi+Dhu5eZ5CYhR9JEQajltd1pOOHaaSHQhHOLv8d4uvEykHr8uikKTJXCS7tX+1xgsIAJWxwfHl5x9pNYKmqaU7iFG1QnRdyloypUBAjWXV00i7vUwQ+2u1gXHPmTXNBG/OPkCkSM0rzHfEiBesX4Avx5dKF0kFzlAlB3nyYVwuhLVNEBkiWuUzUx4kAJo74kAxCLECJj4MAc9RLdiHya+9jUZdrqDXdzJQOEc/A/qu5pZjsrgEJEieQ2gI0g+ZRL1daZ2UTxT79hsJki9o9KRQCZNRaS3T6xVDBdOzfc5cghowRBDbxfVg0yDRFK4foV9MppXAU6waHHZNzuZv8YjNhvLcgiRNTpJ6z6d/VKbvIUYhVg8FEA1U2cU8AwfMrwDpu0CzglVcCC27hzBnxE6E8i3BsPGWcJYlmJKmVvSiifayZ//NdnaWUffqR37r9CGT+Y21qwioC693FrkEfA++B9h6H6+XsODnP2G7k4hmZVJa+MaQeHwmRt3NiqGB2f8XQC+LVKSNGihZmIC9bKSUPcGz9xJ3AZQyncM5FH7YPMyvxxySImO5Qd25qpph8eoFAVJgAo+4EINItwPrf9kwA4GQBLWsAIiCqTGUqU+bQUOkHpq6AbiazuwXqJgAjHmdLe8unH70SIgAaYF0GXcm2RFuiQOOUB8RaW1yIaA4cysCUQFGRckwV8WsgxiCzIn2BQhfuRb1tiFCDXXwKlzPEwQ/i1BOjaTnJAmZ1haxo+YA8AtXP7RVSOKXISvgkt/u/SbCwokQM1CmBOboomkl4RhYT9yCls0ZC9SQgt1Ci/xOQUmSQ3CcMxgnAiXVPSIKkTqHgj/2Ibj4JkTCwMjykCDtW/4lpvOqmUAdJpZ4qX4sLsUZCOYRU8hQ3ratw+eFJao76AghgBnWLepCJOe2ZQ6QRwL50B8Adxvf/x9Xf+TEGIVaJ7qqHVU9q3oAXUt0DW0Q1OocFlrj8siVXyNuJ3S5RyxC2hOKLpu7v9G5RITQFLIW/CjMRt5T0wRpsT7bO2a/v/2LRkwYDEWFgyNBvNEjgu6W0/T8WKheRD5w34upED3knKP71rRMm4rc+AIQFi/5QelVcGzlVBwxaDqY/bp7uKGLm3H+PuDyVWosyIsnl6Ke2HE+gxUGUN2y87oawfyvSFZHWwS/GvprMVvTUBwYOR+R8c3U3cth5406QCiWeyt0UyUWMmjnzhyBmsP+EijV2F5DMS74RfOxqM+XII/nv8lAZdA+h8HYkyXnB0vknfWxeBJk2UZjhGNMli21hzylBKddhbYq3hplViXQjyCSZQw6EcmWSxY4ELxuDFXgTKECKhMInN3wJlvzaWX+QCwLk37TmcZdg+D5BBlz4UQHdeAul08Z+Cw3nCNyREs4LFBUQOyB6prOo+yAyttfWYeXCFVnOlT6s/8t0Z10jBkRPAA8UMendc2SAChQvm61+KifFBPVHQQVdeUZHPTNdQuE4EOxNSV5AD2iY4iY3Qrp6YPdwYnxfQpvSeLxDoc4hYuzQTEaegUzSu1q6rYIM0NoIoDIT7PPJt4oxtVQkIR4k/h/MG0iQMTXSvwl8HQSvNpLYenmpPdPt0XGnlcf+pD/y1iEQlfUNhL69YF/B+5g0Qj4PH6gN1uVyXPT/F0+BEKVCDLGDhscTBLSizVrJETAZasUekqeTJ2bN3xVyCeizWqJIYtnKFwvQKzvzaziv0RZy+a1Z9UfOmO5hP6ZqMEloi7lI5HJM4rQ+cHzP8BvEmOH4WZMYWh5AMqQQKD+u18WOEaT+cbbNl2di5etmRbGOHkuPKoXtw/0xtuIfxU7m7FvEzIkJvzwnGKyPl4XosWMLaTWedOzE1obaxZIWtHFra16WLgapK0lZr4p9QvDcR8DlI0eyWpgknUmM+cL5NkH5VCgAx6Q+UW5smiGQgCpBojpVeBCe1WEkAeZPBkTLEgIvXylNXZJQdjS0iliO7AM2TmiS685iZb5LglANjGhSB7ZrLAuesq/sFTn8si7np2bKgrB6cnWDgD9t7gWEpk0ET/i1Xi52Q1tyCTa1ukUp21OgAI6axEYoACcYVhLQt4mstyOf6BKZRw9/ONSA2CpRs3XP/ElpteJQ+8H8JLFw49rwAtILJNCLeNoP7Bv4VXKs2w8RtC/vGBjYP9k02ODoNLJ9pkP4V0wNRO4dzVZi7dD8++DHzbxxgsifQN/L5r+dEfNW0f0eOLjhX86fg/D/+XdkDQ0UQklyIsv3FiGv8ziiRMNmJunOs3oVvLlcrD8QT7jNTiKsOFENMUyR1d+M1tbmAozyScGDEC0BhsNFTflu4HXyaoYuB6Q4xxtTMTgSD4BxUy6mSBrJK6ELnPcvu9QsFtnf+4oX9v1VZvz7VgkZJVfWsekGilcwWF6K74bwioY8bqD/7WWOTMkRM8xc/IkOBDtKQFVh4qLpwDkQslFa2US8acIFOVTNbYpUXN+aQMqcY8iRg6rcgy9nBBiIAXGsmd5/VggIZp8z/yTVB7OiWL5I1iBawaQDJvhCrGDcKr7dn729VhMGzIlNhGLYE117/oDIj0IFashhHwxFvh8rDDayfkjkf9F/BZA6OBrMzSKpQ7y/ReBl7QI4yyKMnH1ll9CA6LpJjq3N7gjRj38DyRUi5kcOc9tJ6jMOZBOfrjuGxEsBkL5v7aLQShj/HnbHEGgBbU1rgPObeKN2+LRpyrAkKJuEuu6PSKNTb19fKWl9WEEbtUKYKULFkWe4sVfQPeWGCiAo2YBogFfggs8QXJfPCMxZLY6q+4qRMjY2wCNd87BF09rgkQyL1+ckIjqeeKAO3bIrXjirYwUbheJYj5FC8LakuOcVwmbapZwb9B5bci4cDM8We/sQmtHk4BFolGTaLaNJNFR9EANivXF6cGIzVkcqctWEajGbYILutV79QJVr6ltGXwPLLfXYIE4YTL0oPmddH0ZWiP0KrBgMnsqGE8saxQSLlXRodQZwmhlNbSFbJGNUouB+xJcYVnSC9XCmv55icf8iENln9E36C+0JEZEd8CcPRfUx/9eqbErcJLdYRgE7F8cCUlfKofkK/VExA0qPT+QSQneWbZI1T95VcYRFN2CIk6GgrZ9hwBEOAp7FHL1va6wJgwEBw4iMD1oAQyvCJpB4LQzEtsIce1I8oV3zmpiwf2LssjDZxERhB5ZCShC54J/vOw4UIi8Jg3JV3e+1IkrI7UkBcZ09unLFZTzE0MarvyWWU3K6XASPtByHHD/2dRrY/3OikvJCTDrBkNs7yyLKQynspvipghP/U9Yj9BmBTTnDFmQbNk+cZPBm096QNpApw8niHnodQvrQk8VDl45CB+XmiAFgP88pFpnv72vXFSouKiPx+y35PyQWcQoYJrAS6OY16FiBiUG0rUmmboy0kJNIDI4hSqIqlUyYR/eCQ0YknPbmuViEHUMJQRaJn1Dtxm5hMA7w6olJPGSsQblbHRtLD+QYFlEq/gAWVmaCnt4YcP3brYRXrWF056gSTEG+i+Bbco3tXBETMIbeFkUMWNMWzs8ghtr3j6yHuR+wloUwUH6ek0KVZoC34i/xEnM5vkZPQbBigG5IQs8WXh/KPIoPitAHqx5rpiYEjxwLJBjDlGqrawMnM96j8QE0mtQ/2p23bM/6Kj3ii7/5+/VmwVBY0zB+1X0zdtU2b5CQi3WQYAWHOji0oX9tI+7LQhzRwVUsY90oV7lGOZZWVh0DSyxuNOmPupHd13r/WFWIWfpOJ6DyGCFbBgh0kLc7m7WGduq+BoikLIBHLUq5Rp8jmifCWuZMedfDIzg11M59LZ2cLJC1ejTYP0fj7nsYzGhEGD/ca6WSnJR4Rcs8IH2n+k25mvVYXdrBELIIeOxDljobEzO8RDsZgspRgJEDj6/TSMze/bPrQoH3+ZWChluCAsjzh+q6LBqiPvYgJ0QMJMESNln8gdrTrmA9HU2kNaBhGwRwxxQFSWBLPr8jL7Rz1iV3e2P4JnLg5h5yd2P5w1rYyJlXgiPv/sHgSVRi4xsgC9br8Ii5LVO+l5yUSeEMEolNRIkMIL9kNEX2+Ksbh90E7xlglNj1v/ida+FIol14lpCcP3Q9DMD+7QDg1sF8NksELAd2K4QPSiLnNUJUnvnBczkgZWOKEuTArG4ZXq5P2MY5q0TsXznSWfrxAnEgHqyXJyUCOJqnEtXkBnRf2SdCRD7GhX1Z4uIC1UfgmRFAGOBUAUX4Qe53Kd9osAUmNTLvaqg8OgCQ3K5pbGOdHEILI4qjJtCBDchvBK1byvqFZvuY+9rn2XcBVNoMe1ClAnG0SNlOkvYpBVnwmcQ4IYApJwIBUZk3W1aaNBFpBJOfI1fVJxahgL+dT8NzhpXiADyqqVXH3Bi5eY5FBEbM9E7ZxDhIOsQcGPxoR3SlPjmz02GhrTT8aUXDpz6ltLBoh/rHaxCZhqq/KhU8ezhNIXUPD+/etCIwEnknI78kUobM9tKFcxgLQWAoI0qx6pEE8mLlxQydKIlJvCWEcMDaUB6fmnzblE+wJshfB1kGJidESyFgqckhOTVFjEFqD5CDIki9xUzmWRqjg6pY3RrSgtsRHCPj9I38xRkBa7FsnoVTekqZM6hJqaiHAC7QW/0q3oF+i82aGZGir2H626o16wvxofdBl6S+rXmHEKrQwdFF6BHZpSXO6oQLRNEHELY4GDMCMLK9bFzCLl4ZQY1WUDM3ToKj6BRrm1frpgpDq8NACklI5QIjhhhAVfFT3zZCKfQdCPtsdZZTYPiwovUtwqOY4u4siQPC3Vp+QfR1I/TDrY5skg/tIfAs04H9RSn7zkL7rv6u0/sBnOT209bO05Ipm76gpn6qx//98PVQ9T+f2Y8Tp2ysViUUKi5F75rVDtUzcYAk/Ys+WQNzBc9pRbFp+tpyFtjMVSMlMUBOLSCiyoi0hkohca5Yod2OJsChGM/BYAebTIiz0/aAO5m+tV4AOcvv79c0XgIpFAYNa1bEp7+sFQDB4H2wcclm+81vSetzudRxcsjQu6hjEPqcAMHRofZe/U44dAh/Go7QoQrZWqAnxD88kKLPNfDHerO0FxPJYSoBkhow4JYYi4gENsdPGCT7Q7wDm+fGDIstyFM7nQryI3+q4Rl5O8EaoBjWdfCmsatLDRW6t4Ek3ZUQWSnhEgY3diwnIch1DbUly7zZhOtmrRtBfw9AGjKIP28JMAlmkigDgNZKE/Q6UFVQVaQ1VJoLoQEfSJfB/xsjE42emLTeJw2edES2UOCCIR2/RXqsn1TWXcXQL2Bn33y0z0aE+iU9aDDZ5tw4x+2R6PDp6raRew67RmT/UHh9OqzdRFcpDX5KqvSaaWRIQ31Ucy7SLlDqZvoKHBrkzs69DJY4MSxvr2ajE+kAcIVfRzep+lIwUz+k6lddHj1cibpG/zECRWnZw2xP0PYQekTUdpNGwAmCNkGMEpIiUoabryPZYUh+SJiA1P3NVPO4CsQVmZTHP/CSBsUb+4HXgHxi+LkW1dQN9pZBGq2AnOzJBEQhWMK3APkh9DEj3o6jfsNrT4bgPimeqrPJD08KtS3q8iSH9WojHCE9Oyb4thZ8ynEh/illfsWiC70UgxhMjDU4//cBU5qxt6Bf/VaK7PVmTncl6hO1UDyeQUoJYsK+1KdDzO1cnNJljcj6KKrdhTFxnShkXQlOM4hFj3UNAtjD/imRMAAgrcfz0dFipAJYO72uV5UN1VJQ+Qyw52c7iZslxsI+ikM8LfBtZ6vdbQEpf4xSjAnLKFjFZhYYjSBODjP2xDQkAgBdJ2c8kZgRQxfdQ+hKcwF4QikzuUxGMJ4g6X05c+jy1eFa2nFEG/LI9GFC4XXJQIfJJMHzJVOexK6/C3dQsIEXIZ/csgOnghZiALD+g59XLgzZZSWyJ2F44gYnZrhRwGbdgkoOt5V851D0GSwuBhKA3ePi/Fk5LVpbiARm55HzDJiQ4M7tcLws3t8tcRTRBLfmJSXQ7mwj3gSiZ8vZqqpyyOxW7NrJQxEBZe64X7JcRnpuS63TSJZHRNLdDRVMR4ZVzeqLMkhKlSdNO4iF6XcJNnMH84uqXeSvgFcCUUq+HnULRUSYN1WjAVWp16xWuqKyxCwnrVMmBAOudfRBXwlkBeyUJE8mBYfn5gbhhm2vdb31AGdLDLPwFHJXAPJXz1NuJiEecjhBP69lOLRwxU0xnq3jyE1UFmRnHcjN7c+6CfCLtIVMlDNQVrZNfCFskoUttUUZHb2jTRhRtVXoD6mXnEr15iyAVIzpzjdjK0NOYwJAdEyOnEHiFmLvdDM4TpIcXisuOQPnb5LXj7wacuMEq/eAcNaT8S8L5b9uEKPs7GgMKH9lPhHVDUM9v2rkD3dDAaXQLOz6eDyREXebdTGmlFPcBkCvgKqqnJmpygqLQqjLwHjVTFVg8gRu4koqKkInuez/xB2d5qHwKJrNVzJZldfYI4bIUTQWZzYDDhKPrOgYVlblDHH1LCi4iYksRljXsa4RQyDOKOJ9CjW3iCFPEie66QqDKV1tW4Awao4s7GC4VA5vBmMtTaE/KfcKOOmXwIiNAOk40BHKVUHlyP0i/6hLn3QAQG1Yc2cAgw14cW09EQ/ONsT+jNdUItpn9epyQPyDSwQwK0e+mbMYYjIAnzjgKmjwMpWamyIsGaBLCoSgR3n2pKuTJk60xGZ8IRrOiQo8BBBfksstVEcMjEzuMBUE1T1aEUMqNzNIyQ+JxsOS+6kv7m6+FH/UvgjnA+Q6IiCWVC2b2Grp2HzM8L51D3XKXiPPM1QKmGfJ2Wev3RC8xx3MyNRgnwPD4z/c4yM8bgygBD65/E4XczYzIkCtE/JgiAZtsX6MmvxPkEpYtTCoHZwlQe9gOPvpR02sbD9EvWERbutmWGMzsLlkKvAzn+azM01JQHhOi1dsJ4g8NRMzpkBymqz/CQ48rBsGfBEKCMQzqcwUlh+k4hWG2qu34CSrqGbjfWwCcIcMGT+KWFfz7kqvfAOHILTdXqGEyQyBJllhBgAATUCaqCJdga6gQsSN1fTq7gYgWjgyd6jRAgCFioXLbpqVCWgEb4EG+zfCWAZGAJyMb/bagib9JuXvm2sg9K/9KsQgnj/sS304LLLYAACki4WLi0XzsNvt3HsfVBUQQVmC1qQ1aA2sBsLxKBzUKxSUwsh3amqZmOqRjomvRDVa6BgJCMuWG46CRa0rbYI+lsQlvJPxEvv/BBCyTXRJvYtI6U1SfbnI9nTJd+uMMQQol4Mp7p9WjxYrMQvWb3tWw7DdAPhMx/j5rARve5U1gAAOR6fzQxNF0WIHsNd5KAo+00xmrAIreJFbcj86b8DxrPjHMTiPRgShLpbMJ1O5ArTIEEnjHgHNCtr+wjk/AiCqKsxzmJysVq6m2U4xPqGK3DSM98yF4ulwdWvv4enjjLoF8SN5kvS9ZCwBW6pm0+VhYUaSxhuDzzVdIYHhVojCTcJa+ZFCdeJuJpZ0ALh1SPt3ilsKa5eszVC4sKZdMkOTBMs5+Zh6PIAoXGBK/boFKNTh79c3Gelt4fibbd83MA3iJQ+K/JAGKcUGFNArRBOlNvFuUk1BQsT/A0idWBzy3holUQuH7Tv4gOWNZK3fTxYakupO/I11YN/ZrP0Vwtg/4+/OH7KxiV+51NCmLuFzBlvE0ixjUtL8wQrepJJorVARwvyhOQtb83LK71317/W9qQwVEij7CgK2KySKUIgg3rRpcZKuFhoXAJ0j4FGI1SjP4CNKYPrY42iZDDypmVJEoOIYOGEv3RI75y6iY+DVgJw3Gt+wD0EUqUhqO/fKs5pwDyUheUDuiOBnsUhAOEBoNikCLbIHMsBmcvK8drVsXkawSkACQiepzhRJjnVDG4SNQ06AfDCSWGV09QCn0MHzNTkkxUpY3W+ftiNJGe+9hMbFjGeWyPlshEET94UjCJsbcSRyZEO3BhhxGtqjZ/zxUt7vMmGvKcagnNYgSjwZWJFwTh17qWQZVWsyK2oiHq21Vip7cP0jD234d6Zw2fxtF08sKrW2CyK4WzCMQyH2NZEv2IJLthygqcNbKYc7nHGwhXaEgsinqc8+YGYKfkg6GyQbooVLLVoEc+ZWU7Pdhx6GbhsqTWVp1sHkoDgZ5YB13YHZl1nc3fc6JBR/d7ZVvHWVZC+RLyLnGsc4SzDcLGRk2R0qRkFJht00TrMZPkJGA1gq7YIQY8STWH0S6TVPBOZ2EThxbBO8xEooqRpXCs3IqsHvnAfwCTRBYQAOfFzwI1RiOLL4jt7iEDG5DKEwInBUWggg9aeJOUKGsAXTy5yRU32GNKZGBn6NxcIFCV2niIFDb6Y/0y3QsQ5X5lOUtDAzIUqLIzSwOIcIxbC2NQkm90NElJcoCRwsYc1P5J1Q8bvQ1+iWiAdlF5YIAbWuoNGgVSt6jz4O7d7IsmXZ8Aj5GThOlaOaiZihWCk7wAZpoQSaiAxT8CCNVGiGPZ1ulGojHImXirWUyL1IMxJzJIAILbxXEFuIAQFw0lLEsWjt17RRqH2tBUi1iRxsrDE3C14we/irGSQEPRAiqdPZQxdaKhpcalH7N8YaBRb9qqD9PjgWEdxCUcvBxhE2RzHiSzYg2RJAZMBsH/mB+TZchf45iCC9Ghpo+VXmd/3gcdTguw7wZ6IUfDAzIheW4sZR+3i+SGX0ASBg6CR/19wVNrRJRPxQwWj1tHEfUuSetdxeFUQge9wPYvzcdkiCzWdVKACToYn0ja3aM1chKgDSOqds0fCioWZrZXvNA5OP7TJnuwwzDW6Tla2weFcnKpqEM6N1z12syL08oOJGTR9aaxIHEIF3FvCx/R2sC+csE8dQQOJYimh2pwwTEBGDYwdVjnC8Uv4oBSus3p0Q0Kae5KxZqzCGdApI0sahKggV6tQgBeA2grJTJpQm+VUyxPNhG7AT5RUQuPvotzBwwU/stBH+kyQuENiozY+HNXvgDhchXvpgKAubl08h3a6jWWqCEA47GLMv+ypm1w9g2CS0jX7vMW8EsjRDcCdnCafPYIsQLngkA2KrkZvRBhj2I2nbsAIiBKURb3rstvtXPTishrYZ3XpRa44uS+f/UW0iqUiiNSHq/2hldIVGMVIvwTgsKM5PlM3cICg3HTGE1thgbcUk/BSM6QCiQC1HSKXUJcbfBFIWPMwb+bbblDfcnK1eoVetgLkLgXqus4nxQ+l1Hj6isB3kusQi4SjjWDqBdR1+MyAbCzEFsQ6MFCkLMytj1n9xJd7vPBeCxeztuQvlmkhd6qRNmm4hJhDQi6vYkkf8DaIB5/06QUVgaRezAkOLoilpAG4Yahvhhbix6xN7PSn0s1OnDEjNEpjNl+GOCKMqRH/WEl7VAHhTgZJ0DnRDcHQ4gQcApM0kSUSnl0DkAQW2XmnUCnfRMqE4gCgyoF5Eg0pr+NyE5VUHrMBbyrhjRr+5hbwcWUZhfQ9Oc/J/ppcqipm77oA1axoZ5bvtCkPDZM4l4o24NWUgcDey7kzfFuhMDiG9FIAjH/kWZjSy+29DnRppWHeb/DE2YqF586pnxEDtsvUWPMjqqZ4KFObOa2bA+FceBp1Tb/zuyDdNxdBpfRzA4IAMO2HYrN4xmjcZQgSMLhcU/Rk2UsCdcYrCjKANeUIhc0wU4NWRxVoxOQm8BE+y3+BwdLOzbDaKwBrnWK4U8PgPZJ5ASjAJgFPCCACaNIjDmJJd5M3Nx4EOqs3GRX0GIZ7L8SYHOqJMGm0RB8+OQkxYIblh+QOEZjkGgttxCBgqwVpbqVjY2sX8H4TZIZFVzb/gahExPrHxqwP7v76EqRZmFAHNCXEK1VE77L9oZN6m7sw1D94402sXqoCKkJQCpVCZWqiyGpbkdq2Uo+Q3KwoHxv8u9A3FnS2/C4PCeWz+EBgx8n94XHSOisPeqlISwEsqSKrEh0oASKuAzr9xqyYAEeQmELPEP7MRsmg5tONp6x1dE/K4i2mtKySsqKA6oy9KlRE1iE0+/xQDIBeOHBIpBIPv6OcXVWkzmycgResOLpvQ/+JVcB2FxIfHkYTwEMbEjdwqgVTA5szTzKauPbLXYkRbICF3igLIbEQYGQIBaA2kgQipAk1AZVk2sLGuu/7mx+5YsWH13Hxim+ElOShNpFTmA+YUWby/FiqPAQnvZIqxNrjQ0WwAPBDOiexvXYAdnYTSgwDaPrFb3EwCn2DFAR1lagCRtAbEob32K/O8Wr2uc91fslZBVQVaIxHoUCZQjOH1AoYsKNVAfFH4wXBvJE1C4pyeEgXAlI1gtoOaC+caCqeqLgICPnKf2O8IxxE/15AKOvt7LCcQcyaJylRKpaDlGklq/sY0DljRrEukWGtLgZ6wTm26Kpj9AeUyxEts3Q8MGyQvnzePXProe52G7puVbJ/nlDj32/gp1YGYNNFYolZjByJRmID4g9PAclxeTfN5M7LpVjPSxRFc7idnvbT3RwhUVWosGjg9PX3zLdn6jVA0abenwMgI9HqgDReLdEwwv9w87bEeALK8EqsuFsw38yGKRym5GNHIg3/934Eo4yWfV2HSmvsy/hGNExZkEK22EMp+I4iAZLMr0i/eqP8qsQiLeO6v37gUt4GEbf0/v+rJAvchDTkAbsG5rE8CgBpA9mbKvtf6GlVPAQdH2ohpGGcBBl/Sxw1hG9QpNUIAS7CTMg1JwukSwecWTW3kDlCymWsYrOZAjGLTnkqTOeHNwzjZz+mq/ARBJoaC1HnAeRY2B1//NACrWwts5M8hAAEqxLIsj1i6394Ld149vfKq+/98ym7HHrhon8w4OmS3FCrjMrJ6Au9HhCbfDe6OmkDxs7yB4reamjYEsUiyh0d+Dqz3cBBYO+ysDMl2gdDKNI9zpCkxJAuerVgDOJIHBjNiRPRFbQcDF3TqPOto490JqhPLELEPY3K2xhGUxPEZji4p2bXAuCqkPbHKra/PnjKA6ED0Uws31X0IXDk/Mefb+QwTBhDZDwjBY2GoCxjrOXeaADhfVbA+rzKIpI+nooxHAzFx3if/nzUqf/TVBbmSAcYhP2FNe5ukAFlsOC9AYM6LHi6Grnnw1r8/cXdF5V7b7LrnVrsYC9w3JR+rpVjxQGjApEWv2xXGXG48F9rGywzzODgOjDW4yfM59R3naL0miNW72JUk2c3fROATLBBlUjD4hOE4/DMF+oQIsbnX/o2n7EF33Nm57s/Nww+DiQWkS7RFW+ZB50BaSJD5hkkq9UIwocQVKBwsWDoCHgFFWwbWyqRs7c1gUC5xLfxY5MTZsHckGjXDZsQpGg4SF6tTkUS3ysgrkr4d0cmoVxF+vVmnO2zQbPIUw8k8Ml9ueuQ6ulUv9tiakAMjKPxdUcgLXR8BrvhAoc0J24DgfLdS3oZK2EMGMoInMrpB2O1vI1jbWxMFKRw+8eoZR7IpRR651fdmDqEAEhbYKV9HDjOggBMFQZhphAIWxkZeXq04fQmCMxEQgUqdjU60r7umvP8+6nSKfQ/AnXYCpZC0fw0Bs5bftCDU/marTHLpzb/KL5VvIPtCsLK+Ze0eQU2zU02nYfjVz2TtL2oJJ1sAxMABjCpmcmijUQkSkWddq8sPrl7kbsopmY3tHLyS7jg5xDpUtRnrs8siVb2LGzxCxPQHsTFHjumrUuZ9EMk24e6WVA2w71LGpc7UJTFKopy+ExKQwgpq/aKQY+uwDubhaOHCxqEpZzsnd8wNvqL1tUcNufH4Z9eaf0itNaQ5yY5QWw65tzAmIImboS/EP1pNJdzlcJxY9EjYd9cGiNfGiWdAZJcL4JGg7lbxpVyLAVdd9vpd/X6TCS0xauxRuKSOSXT1dDmcjRy73SFj2cgDax+98NZLV7fXNPMWVOYBNLSPIMijCwl80cneDNVbHQPjMmwhPghmxsCEudlEEOYsmbDFCP0mqk3inL+68gBAfkDDr7RIhgHGnTD6zJBIyjifPYDZXZGBsYlI/5/zdtnntb0iJSI9F+cwxVhi9J9XC32pwsrK/mQIiIxtgIOEDBDIvnfHybd/hhX9cMArH41TB97eF5Q1Y4UV95oLxqNhXaPYj0nG4XUkloUQHjGnZcZ0otYLjLBblnim+KkBKqJKEVFZjeVj62Y2/v4fV933+IPzhuc+fZcjd1+4Y6fsZmier/LhXAJJ8IBAinZpuy7Yk0L3VBADI23rsXfopJPQYXMfBQnKeH1OAY0xhZ2EgERhtt/ChzedK1sBakAC0JpwdKJ19LHdiqrHV8z88qeqmVOea2M6lFViFh4EUJ4jCNE9KQzCCAosEgvhwZccwR/cGWGCa8jrrUQXP2x9aXgaTHQJNRFJeDB4Ej6cp67i03Lq9Vh8uWHjn/nQQOwzN0VDMNzuHx4SvVYglxOVwh8wHrJ5DCdEiKAgVu8G1EBkpE2KIzSscYFAPF3xd5j6zGLwmwjqxCzWfsmppTAFICW1qzTv4TpES0WAFBSNI6TrJoLCf2MdFuybwmA5bBQLZHeKaC2tY6WrbGwMN6zb8Pvf61VrqxyaT39msWiRLktAJUAQgERctbngEyTu/UMjkDKXVMw1g2n5fUC4FQ4bwW2gdNBCatKwx6BaYtL/7Nfe6Op6l0EbWJLjbG7GyL+tl/6S9wdOGc/Jzp43rBQs+GCipqBJzLnFg0QdNzNwX3S2cOSop/mX5Nc05ClbT04Hm8Stcxf7wpMKXgZN1l9O+nP1lrfHQN1uyZLVuD+QwVBhhoonwNrZl1BZApikotyDsCWXgVw5dZYo4sdgm0borrhB/YNtltqNzXrJqvDImBMRgEJVVtVJuz9tn4W7Fo3iV/dc9Yv7/9hVZZ4VWhufSjjc5G1QbesjBUoXBLt5G9qHcgxVXx5khrYm10qH7eW9GxI2nwQ9w0tM6vMnAZOgV5+eboBCz3KKRNhoCW5A59hPc86OnNH7LD5sRLd4yF6A542QuNL5SXgpASS8kv18D0cDtv2p3yJeiky7/CIsp29uxJMYNsdich8ZhcuSmE76RgLBwGzUdAdyRw+oX5E0SbzI1BGPLycOFC5NCnhwbydy0qSIoKRh1aoAv33jT3/xzytnoH3YDgc/fccjgEgDKVCCi90fJw1CyxNFIWjg93Cul2fu7+LU9C/x5TuyvRF185AoBK4K6qEl/3B3PT0MALEXXWtAztbZ9vKZWHMD5XaXeC7r7/I0Khs68umNffasiLo339i77ipVDFHegAxIISCQMqGm/Q/sV2DCB6kJuRIsmLEXm3JPk0LnF1HgWmsYSZm4HQiZVSrOxtZ860hUU0EZuNHk4EKfWr4J6m5e+ST+48O52NPqK2XExsKD5ROWzIys3tGB5fU4r4V5LNDFWgHjJQgSUiml63xLb8wcIBAutwE01I5SdFk/puiQXKm6f0cS2mTGNMU/oiP5RQsJEqh7DLuLB4cDwH2UGhmLmhDwmgIioDJP/wQbZImAtF9BBA2IeaFytfHXP9d33aPbndahh7SOPBKaQ6g1KGXHTCTUeNA+1bzQoWINJ1ZGbiEZaBl8G+E9efwNn6STd0TA75ywYarTwBJ4d07HwBCUwocVDViEwc3IEesHlSvSgKMVOVsmoGTNn+RkEmsAEUYDr34hKOMUug/C//OyHM7CZDSAudWhsIFFORnDM7LBpNH4DhC5foOx8www8KIaB8oFTUQTfDNhhryfjACBdBDxhiOz3AMSE0K7cSSKVnP7X9IgSYAlxxoKeuMXihLIhea1Fioo6OjdGNnRCyn040YnwsjbNEFAa7sEdLBn6BB4JkfrnICbtM/FkafkB7dk/r7X1VGkk4PgPNffqFgjolYyw6I1pw2cPbZ84GaLoORf0eZvREHAkl70Q0QFShOhQq3Luc15Zx3+ysf/sOL+TY99+dqL5g7PecEOzxzBoV7VBUBSxlk0cafmZSGX2AhdQCBhgyR8W7Y5HT1y5JYFhR5wu6nY1fAEiKcU/D/wShe+GAC5JgZrAnBYk8iVuPk8bHxwAzpF65rbbSh+YSgYRpECAATFDXjThx1cRjjBw0DuV9anzFjc3MqMdB+ILIu5x0DBBYOhm4F1Ulux4hEEsaSPgQF8RiCjkzocqeLho0ndhkJKtHRixLSlWhsuRBAvGLGT5V2C4E8g+uEVQeEX199QKDcRB+wEANpqkgoRCLVq5k2q4IIbLv3m3368qlq3bOG2L9v35N3nLJ/tzeZYoDLQ+21frBlq8KF/RBPDRjUcfI1IQtanrTdI3rrXiRJ9jWkkgjP5mzVS/I0AxE4wqtngQX6SH5//OIq5bay85MaCEEI2d8HYS89Y/9lPNXrl5I9+NJy1ho48hiqisoekUSGAErkgMZMTLmF5/PwR64t+EQIxsCj7BWYtjj6jeVx3x+QBPWJfPFoxEg0Tw4JdjGjIeLSI30JXDsBRoo9O6X+llL3dowp+T7/4GflRDp8fCYwtW63g7CXhONVQ41aR0yFv1YFMNHYtY1oFT1w6RR6qpoDijB9BIEOmdchNzF41j4li6CUMsjtAPEUCS6ki7Jk7kZ1iKORYbCQROGiUypmLrRYG0gQECodaiqqpX/1i6g9XqNkZvXje+Omvzpdso7tdRGNCvQ6BUG9E+Sz5a9zYubwSWwyoEtx1HbVmpATNTKxSi5rqoo1SYZCQ5z5YAPO7/9w/nBPJuJryqMUecQwTKOvA7gZuYa1JBIJf9PQPMQrR1zru5m4STQeOUKXhOzxjEK12SvKMC41kntetoPw1nkV+xdjtiYaNfk0g69pwcCgpUCfIZkNZCVgyNbPZcYKfDJ9IDpF/pCngvhHi5O77IUG7BpKSNU+oj/ZOSYXPp0fqr48EhT5dUujQvQjUpUEpGl3O31dOWQWkIGH2YfIGy4RVVTl1JB7OQN78m35nr2Ma+5pR8vA5ikeKkoFBm6fxs5ofIqtqMhSkSZe6HCpaP77zl5+59psPTa2YNzL+7iNffcpOJ85pTFBFFVQl6YqogpJQa6q0pbs5l0g5wgSEMoBFOPWjLojVSNjtKNZkarMZFo/oSKqIy5M86O5+cv/UwWZc5VAOR+nOcGvnOojnrvikVqtO7WJaMPjxVlc0I1CAChSC8nGLgFYDaajI8Y9JeYgzXW2W1htqByeyGYwtSWQBSMiVpEeaUE5OQ0MAgnPDu95SiXHiNuIKWMs05myqozavggiCaykPS3//MJCYQL7PF0LAmbCyAXl4Qu7kZAByR7v9q46medWKSRYowgyVArWhO/3tv176jZt+vAGn5o6OvPOI179u7xepkhQqpRSieT2SV3ngxJ8gJptEW76Am7skXApBJocbuO7iSiQFB1s193xTKGPxbpMwUwab85+g5icxPIl8F3MKuXmJgMWIAMCE95M//+HMJZfk7bYebYw9+7mNo49XC+brsgTSivggTWQVzh6/GRpIAzmB6wdC/LFP44ikNRUZuLPhT1FjHyumZoluBjY/BDRumdIibt4Bi1Z3OrbwioIBnkrAFs6qUDQAL3ORc+wi4bpqHMB7oe8nhWVw6xjI+qIlLgrQTFJ+iwCQiGPIqJEGqbsl0SzRj6lJvYVkQYOQpD6Vg+Ir+hUx7YnLnlUFlSl+gs4UZhmiou7M9OW/3fSry3ByttvE+a9749jxJ1GeU1WiyiBTwmPwJ1sygCQ/pPVhpGF4CaTS6xcFUa19FDslZqxnlxwtRL0m7tSHfTarP2uzgwssfRmwHreLJGK9CAEhQ9kApE9MiC4Ai7Y6h167xAhqBI+RELJQJwtKlgy9RhcluakxNVdAEEfiiLHB/9jP1DpkE0A6ajiRDxkjGNC1ZNkhyXUysgrBoBph5ectkY5636QsDKiUoqBVNELN5oG7r0GIMwQ6kMKWjhTRxKalH8GRyM3MvzE8JkVpoziZQRiMcnL1g7xAmkSWBRx1oP96pboDQCL+9O3rrWtD18iZQsA4UHKTCgqza7105PyuaKaJiLQGXemqVbS+/bcfffHmix6dWdOosufvcvTrD335HnN3Gsobmog0ldSroKpIa5v6RQW2RgfhMemD3OAU/q5oilbl9XMBAgsqLJu1YD72AwAfj5EcBSNyDtIJ5nejiB1FEXwgQqw42LS6g6mdZhZ/kOevOUqmu2aHADObtjWZW6HnCQBAgybQlbHJpAERNaDnGFPu14HfyLMpG7Z5m0+MI4MX00GSKy6HMtZ9OvtWUqZlV7emocqIRpIt46++8FGbHRPtrT6RU4sVwbiUbJsRLxuXoOV8KRaSVO1bKrBelc6UKnU1U3Zuefyub97w46sevLGT6bnjE28/7IzX7nVai3JNlGGGyoQ+SuIGKTUXa/y+RVKmU2g4vTUVBsF7WuFcEowBDooY34luDZCQGfq4YRHsaUUfmF3pBklU/e4bL5Em7bzpkoumf/WLrD3Tm+0Ve+8798WnZzvsjEMtIAJNANoFruY1nZ5prDJ27ps32/XnASXt+qCXumlf9OOl1mEVnNTGrQ2ZahNxhoRY35I9hSxy9oTQkrMd5AdRKOgrXtMRVDuEOTIwaqcuvYIW9iEUZzcbsSPLCsylFC3NLSQCfAVyHPOctXnDrqMAcFIGOZXn3RnHpjreJhObO3mURRDkKU7V1zQY35Kkci4NywiTQjgrFjj3uIKTGzeo1+0hyOiOvGBAnR2DuK2EV94iTQBpyUxad3BGAsLp2HbbzdO8rw/QLa47Fw/IvhcZzc5bDZgp0hWB7t5+6+Tvf9v9x90ZZJ3hxtyXvXzseSdj3tC9EhWAUiEPOAqFGjKyMP0vAvuyipTF8YFEmBkkfytyVYWOE8ayTwk0pSW8bDiNsLmXcCil3NeEO0sxHaJAMUIVBQsT9EloCmqkR+sD6oDRZLMBZe3NzuIb9DHoyYWOQYpGrlvDgV8dqOkgTdjxPtP3f3hYxs+G/ogAoLyRT+wwqidcyA8m+ERgPiAuin6t/4SRCGA4qDtcqt8Q4RrZz9INF8MmVLCYOracNc1qoLKziPgzon+QfhI363RI5LY89RBrWZvNXhFr2bObePqgpW/kZFjeCQFLwu3iUy6NCj8r1Z6IbSubN+tJEVRUFlnxgzt/85VbLn5wwyO9bm+n+UuftuNRz9jliO3GtpqXj7XyFnvn1mVxT2mY8TlXAAkYeJdxAnlruh1PU9imtmCRE2nuSSdMuc5W4QObDefoOEGUIIdXYMxd1Q6F9IVr41NMBl3wf3gUN3DkW8kX8gAgKEDMjWGOgfJsWoHWRJqPa/OyRc7/deQS4sUII8gVccFrUkDdogOIaN6N64BHw+QRCVEOKi7JH4Hql/Yg2JEZbqnWso+HPuUlim8JfZI27PVLTohM5wEWLuB5uT4mXawr0pr0ZHdqdXvtP1bee+X9f73mXzc+0d1YFPmSkYVvPfwVr9jzpEJnmkhhphSgTffwiDVz6wxqPeNYN5D+igIOmXYN5wB5mksfGxM4B0HuhPnFu3wJ0Y42aUaWaHM2mwIOcDbAvTXGCWikiezCaIsyIiBO/vIHm372M1q3Iet1cXSk2Gu/0UMPy7baDrfaGoeGIcs4LNA+jjWvTq4pJ95/hPKmv3TIgPKnvr6TSBnVmgdjmXAj+MHwrlDT/idDZK/GBDmFAouk1Y8R6TWA2hJzOJFC0C2SXKl4SjGv6YISAUQF4DbM2HhGWQ4nTUS8d0SD1k6dkGMtdPqev5NUztKnETYhwBej+BN9oCiowKoYPX6c1UK5YiHi3qgBRzJkk4qesuio6XQ1m2g3TGiNokWRFHZ//UaTJK/2SbJJY+Dezmb/5V2p0kKx9DGTCmtPBETY65Hu0aZJmlzffvCh3m23TN18U7OrVd7sLZo/8bJXDh9zDAFCVUGWCfaIr9A5GSBoNYTCN3DWcU2MJONP15JvgujV1wyFCcRw0nhaTIYWgpWS8WcytpQNnKCje6TH+RDuEZ+klpYWXNQJ/w/jT4msqzcOGMERJMaaARaw918UCVI8uAWuHtrVvwqJja22a83TbI5Na5kLCA06a0lMM0n9vZdidodOEH8y8skCYBqduslxFAjRdGDL+LMurP1kh2MiMYsIQaP2gWyC+FIneWwZE81R+FSeTqn1xeh1wOSyovzrk4k/pQCavqi1dhaJ3BsmuMjvwXZKmC0Q1GJfxNCXl1zFZSCOBmsm28WfdbcVjMBSRVUzb/51xW1fveniax+5eVM5VQHOa47PG5qzzejCZfO2WTAy1+ieDM2mFmQlihlXQ1EbBgenXw2UrpJsk2TkN6gagJx7755dJADzki9LMwQAlYn0gO/hQmpwC67scx8OYzOo4nEBgEwuk0G0Q7p8qXdzeNE8/1LISRp0oA0dlzJGkZMWqjhwLw1BVAoQEI3xNC4/gQagCit+WpA0kDaZAzQ5BSTQXJSxT+w6Hg5hcQIfWD7hh2LQznxyasf9H4JL7laNBRsBU3rT8gDb4kD1eL9JHF0ANn+jAcDSU5My8CBwvRdRuZXkPbo8sHvROv/hVbF+HAKA2N3q6ozOahKffiK1fMjFBGbJiAj5TTOhdBMAka607vY669uTD617/KF1Dz+2cdV01W4Ot4YaQ/stfso7nvrKoxbv39M9g75Cw8s+s8JrFhw8FqsLB5DsJv2eKO/IV30cgtoueGmKat6M6yXbSLsl3Zr+4wSAD/BXEjAPaExiUv5MYF7CSgCImQKtQanZW69bf+lPqnvvySY3QbeHCDg62txtB1iwJBudgCz3bpU9jNPhJi0RQua8au9P89FpZJsbxBEBUfnGKOTEbEF0tsorJDMPCYXFa40CHtPHRMJMXGHqgOwODGZ0x7oWJkBzTElNyg3L+2dL2GkA89pFcm9fVADW6wMWJA38HIFNQvo40KotJhqjCVYQCBSC2Q1tvRM0UkIakDSZ8BIxQwDMABVRBVQBIVUlEQBp1Frbah7wM9Xm0SvFSRy2HECgyS6BJax4AtZ54u6dDQG/CTbmBbFcYJ694RSwtc+mHQkbYoEhZ35YDRM5hQTgwQOrBJF3qQEAv1nL3rKTBAggAChpn7yWkHkKG/dG6Vcg4P067LigH8WZcwCXbpUpEDcaMSEdwxORRkTQBFTpdps2beo+sVKvWVuuW19oykeGYe78fN99x057UbZ8ZypL0BWggixDpbw9kxqFZydwHoyjutRwWFdrvrHHm9I/iY6ywuPd4qixWak+LnJUAnIpa36ZGZtxMa8AG5HNXh8IQ5wCNe6slnPfQ9WKQZfIA05So+4lRzfrX5PxTN+AzRGzBkk4F7AGlEoz4pgg/1SHxw1r5BP7oJm8k2APgdFgi5YMsLeky2AzGl8ktAEJkvkcX9+wynQJpQOkXxB0krDV4k9/s8avKFuKvn4E2bI+SxQlhrEChER26+onZq0WeTtSfg3/mRUdwLH1gM38EwZ57ldrSd3Ygk4BL6EmwtSUydBWpiiBxX4w3/CbOjczeDSyIJ9wbQjKqiryok2zv/jnn35yz+8fXvvIpmpmuuyWVdnr9sDYa2OsyB16gMo8OeVEEK3nb80mANhQNc4EawEIiZWzzop33BHAuUSeMnYww0iaLRiRci3QMgfwli/BjdYf8s8x2zZ2J7Px9YAQnZ8nX8vn1tRbfosoWv8kzGy4LZxkvQTnyzh9A9bTQETMMMsIiQCJNGpAUIpyyBBAqwzyDBF12Z3RnUqTBtBEWlegCQAzbd4XYd0oZREwcBmXRymhtRD+P9r+7Ou27bgPw6rW3t9pboOLviGIjiQIghRBkGADNhB7k5JIUY0lM7JlyVE87OGXPOQpw39BHjISP2SMjCgedkYsxVEUDdtyFMsNTTFUS4qULFKkSVAC2IEg0Vxc3HvPOd+396w8zFlVv6pZc+19LqCFi++svdacNatqVj/nWmvzl28QE8kZXNmZhEiX3tjMz9jufaBNBmNkIysrCNPWvaM9qQlzBVsX3Lor3/rPodYaA3KXaWV3h88o+TI+mkNMvbhANlKfms1hWioFWbiMuTNkhzgrkjKkgYbX16kkbcwqP3zoot6bcjDcPYcUiwE3ogPfv7l/sx2fvXf/A29637/+dT/6o+/9vue2B7dyd+DDxhtB+r869uwa3DaeB02IoQehfl53JGuzV3s2O22iUEDAakagYB4rHzmGqO6PXZ8ZOVHF5G0jImpNtk1effnVv/tTr/7szzz5+G/cvPLKzd1jPt212xPxQZrQRnJuIjKqT+lzqSMj6ckbaQo6hNSSBvBs5sOcAulpGdmXYsliKzMoFHxlnEGtuUBZFbmHLkszS23Uc5jNlwfHG/aiFRynkmAG0zeucIhGyDECeLKh/x6PEYiZWMOTqbsg2ki2A9HWtlFy3M608YHGe7qERRoRb7RtLOdTu709390dzmcWEmmt1/aoG8uNN+6P3rNOUuavvcfRjRi4qMzZzJqU//hNjTI0MhoVNxFhltbfa2WbA4YdHqOrccDnb5KPivoCOqIzaRoL14wyHGhYV+7Z+EjidFGTglq50VJKtQI9JlOFHUKdyMdRHJDxhTehRtLadjjK4bDd3N9u7vHrnj9+y4cefv+P3nzTR+R4Q6e78VYKItq2ZPYSeEHrvZt/FocldBDgkg5mVCdLyDbuwpw3DSFjoTGadzamCWn+idy2loKzChwgMMPW3uRdfR0lLMUXfiPmUdTiHcUnmAdnOgGT09JIBvWU+WcNBNXN5dR29SiCUD6qGRVRCjhgCppkY5r6mZa5cbpVkwB9KCL8dNnmhIAmQVVIYPq6ngUNipqGchkr9BKEPiXCZGscAwdmNlmnkksFSvWRmJZmcOgcXMxDKOdTVSUhTxeFtpxWg+C7DsNwOwc3abZMAetgS+tmlQNy005z7WpMg+6nFQpcZ7bXng58nSq3V0byIEZEzu18kvOB+f7x/ovnl/75Zz7+K5//5D/91C/95md/8+50ZpJTayc+y3ns+hnxnAgzy2FE8L0ULyPWYkAMpk1TFVtLakYTEY0Pp3ZHom0Yn3yDEItIlzPtTT9EQmcmIjk0kiTY8SG/pl1ETc8mRJTWyiAv0YGaLmF04Rv57WApdRAqfB11+4jZ2HMn+hyU5f899CHmY98/NPJH4gMLtXvtyHz4g9PL//Kl32ahZ9vxK9/wttu7O2I+k3BrzBsLiYwHQg8bb9vhwGNSBjJaHNA5Gv7d6gk06gLjccgeLAzvxCpywkovu3z6/I5n1KSv63J4BIdhrbsLn+0iNrdpsdbWjUyHI2TC1CNEtIGOjc8Fqyw4fCaypfu+FM9EZ51o1klTXikcoV7y60rXxnwNfO3hsEa9KuXBKxFvtMkQ5G0T2ohkI2I605mO24PDg3c8+46vfeNXfeQdX//Nb37/s/zs49OTJnKzHbdeJVAUZkvTAzqt80DYgZGXBah2xUOZyZWW+SfCGfIcjmXcs2McTdRYQzmBseIoyeWX9fLQh6ObSnTo/yv3rQWQrpGnEzHzvXvyyiuvfvxX22/9xvnXfrX9zu/Q3Yl4oyZybu10J63vfhBuWnPo1R1m3tiX6Ddm5iFw0Runk2CujRjx/YsdP24kLNR0HbW/VidkS10DWHzlXNAcD/giI+X2ebF6lKU5Co7tPLBd3D7QqNVk5ur0uIgNmWTRKijFl/G1JkTciHoQg6CYaSNhbtvG20aHjbYDHTqLtzEBva52ak9Osr30uQdf+PzWTqcXnr97/Zu2Vx5tY+e0uiDehpnUCQJPY2ZbxtDutWJGncROpgbpJtEoLpjzYh6mTStv6ijGOrG4dwSbZ9gKkb1JzTUecBhTwyBkTF77JOUGmWm3ZNggDER6Bkr2c7gMkxTSIktEQbPVJpoB+l83HNwnXZhINj5sPArB0og2ef0bH3zN1xy/8iu3d7/v5mu/ge7d0Okk/UUb20aHg6LgVtBnwOfNpBEsGCT5tgpbHAyPzl6df2Kb2fwINmBD01vOy5KW6AQjn+1wHIgDBFvhmDNkiTiKxgAMIAL+1+Sf2GaK1PXyFY/JVRfLDDZdZPWPAQdVRccWSWQvSySns8okr6Eodbwm/wxikEnQNAxI2S3aMnMxZWl0rzjgA/16xiB1cWQdwy7JiLVw+EpgAoKOxgw6zT7Madm4HgLpnZoJgLXwSU3GuOo8X1RVymR1LwVd55/k3BgWexVfIXxu0lhYi4V+OwGlOJ3JWi+PMo70wM3cYSDWuIPGRERE5CznJrLxtjFTryVufEt3r7ZH5x4ltPOZzs0sm9Xgus9Wm25bHX3CVZBGzma44P1El3fCmMdu2WQAaQjD+kjnhQKbfIGrFQXLM3Kh8ZsLG6HSkPGnHlmYVRdAxc2dSHNlNhrHW28PG7N+b6PPzvmB3Dy4eeGvfvL/+7/+G//hg8PNR9/4of/0z/1HL7/yBdqINz54ljcSq76RbwRWxOwvBR34hJUmrVmIYY9Wp4cZw36LpstW0ibSsMXe7wtiHYofDFUCs05owEdarsLMHipRkO/kV2AINIbotKnv13NJHfIguTFMvOI0my4OlsViOdK1ru4YNBBjYlFW9KybGvN2sx2f25450EZCZzmdNZntr7uds84Otj9Vbowxi4Nuo8zQgOnZhNmtcdIdVGmdIMTRqBVeXTh1mU1tqqZ7GKTdSqs355+JQJGQv4w5yQiYo1LnFp5U1fJCU9o7qocDb1s7tdOrL5N0OWp0OlM79cXP/iKiDtjJcLVDvDCQg+2wEu8XB5YHbNVJuQH5KZn1Yxx7dJgeVVA8lV9B2DM7QXOGY9OLaMrXrx+GcS2gGQ9DkONqTxoTWVLgTwcLkT5gsTH1rMPWu3ru2U2MtLYdtmeeeeVv/vVX/w//u4e0Hf/kn334F/698xc+t20HOhxHZs76Xraxg3YwBGkAlk3+w2mZGJuzH7yHLQfnLbllW8dTk0ui/xH5LexrTPQp6SgYz4esW3sTjFG0kgngcIMmnbro1wXP7IOLhAsSWi8QmQGkkb0PI7DOHe6o9zFt28YkdBCivvhKNw+Pzz0k3kiatPOwxKJP/vT8U4esFkgy/4v8c3FAiIWyaKyidHExIDTuRgieybS7CUhhzyMsw83Mab88FEJLEaphxF2BG6XcIEWVCfuhZfNDzdE+K17ZvDO8iZ0W3iEdqzxzvm4XDWx2RuT5p3lPTCtY+Zd5Mg1x5bHKnOfEKQFf5Qtc5Z8hYI6efYGt+/ma/ZVorVgd+pmPilWUdNgNAxWwqZCP9ZeApjcGbbf57Z0zHpbZ8myUs/fNHTUaRfM2WxmxyaLQPIUxe+KU0lcJT4ciNL3vMtPPj6tYKnV4jQeHl+dkYuz5trkffMHS3Rj3D9wPw9Gk3bWzNCHhB3R/9PR1Se0tisk0bcWwgNxl6hzZ1Knumy17dXenwdMfpRbUg2IHnDFEmmEmRpbWhp8nosO2bXwQkRceHx8/efzguXs3t4c38TPb4W7bDhtth20bb0gF/ZAkIiUJHC7Ye761EMhoS76M7FviA0ypDMFTqkxS78kQfZkP1zjRn0xE1DzCd0RIpNHt+ZaImPhwOPStg6QvFSkO441QMnZE4Ur39LKaMU0vywS1371M6+Qs9/usow01k7uuXYpHDVYjXb6vjCxzfG5br61o7HQ6SWvEfPPgwYiziTQcJ1fkAg2I5s1gCwF/a6Eu48zogp0CpJkTRO/DqFnTcN2WX4i/Yx9A7ks6zAoFSnDNbN2vWyci+1Qyqw1rTc7nrXuo595wfvXx+d5DeuYFft3z2717vG0sZ4WyeOPoNcQxDadYHkX+2f/F5HZeRAWtLRX4kuexHGOplkofxxgpolEBfho0oHn2HrHHcpW46NXrn7dPRIi3jY8H/STSgUiTBsEOerq3tHCJEEBUNzrnyA4iqZASzMcSC7W6y1lNsrETJguebbGV7QaSAUwgdIRw7sJRYVmYd+RTyprG6fKFvYV/eU0Bc1gHYHZRQJkYcqO2qBrn+sxzhTyGUQOZp4WfMJcw04OGq/DsxMbpsUXRKGspTuDiozLRs0j8WY198co87oBcUlelkaPxnk5B96cWLS2QAZBkrcdPzm2ediyYpDVLURL0/GidU81DiNjfrj5VEbAOxzT21MRICSoN4hBG6GEPg3TFi2U9sVsjFhoBlbDWQLtsVXIcgyVWFkueY7uDB+yhuhAhRlN6IaoNPXZt906Da44VOatADEIq74DM0xOdNW8YHKcIkYjc27btsLWx045bI+JNGjVqh61v9TP3yzTkIhTDpwg03bQfMomLxLcmfulHybTahX5JR6HqV1rnxeGIr+DMVkgRmdjK3YRttI2lnL5swGD9efI48dW6vESIVXjQdcCpepF064rgoCZbDdFc7k0tme3pcWcGcyAJ6dU2OVbOyTPu7ACTyJBjRENlNnD8ABvYsxjh8fiKPgoZtoKyGtfFgqUd+hZ0M73wzgIqA8mZ69G6wuX+RWaKQ5iYMrT0kyyfAq+lufb4MinoOBopCRgBkQZJNJyYWymmRsRtnNAJyGMSkdOJzifaNn74kO5u+7fD6HxqzGeRg7TxrrJUFnpayhzt6kiSr0zOLm0VxtFiOtr6FkAp3hFu95udlfHcdQxoU7Pk8Vo+W8JFBuxJ/giaxw4tYhLuz8i7KdDKumYSRATVtsj8Wm9zLJ3jKxNRjsuA9oIRinGnBX7iaqkIwGIIbhUyE2ALQp1eNF9xjUvIwCP+trkIOJwMljmCBDYcHDfHG8nAnOwpIhhdOA2B/thBM72FqAymr19+LMUsXLRFQqicJtnouIVlN8xjAbHVMt2MvEOmzMvSl7lH63cxm4KlQg8RslTYuB6qu0UNZMUfQt2Imsm1VHAxCxn5ThlH6+pMWAlbp3caInAVi91pnRPbpPw8lshNDd0NK2+Z/MUfDH3HcLpP0Gp8hO+1AURZjZkhVy4jx8Vki9eFEDfDEJkm/bUQdfDR2xyRxIG608/lKn8+jPZkERVQ2nLWhUatL5Cfog7/HSZ3SCgzCW3DQ+PNSCTiGK9LPPH2Scsnn7Xn+54qNkqWfgVtbnCx42KouXu+tR7NGs8N+j6njbfxHKVQa3Tmw5kPTHQ4bBsfDny4YWardLI+eLMYLt6agp7do25XMm1HPmhxqxxgJV7zuCsidnhRtrle0rTv1fISRhDnfi8DCac9BroDm4ZRdW89Rl7lh8mIp60gK18+FQJ5upLHwZZ6MmNVRifFRv1IL1JzTbE4bgDxgYaTEPO+/i1LtKXFAuAAOL5yEcUt6/2KTaVEc6T7evkpB1qNviPI+0r5VApdHujjU5crtXY+1uN6DNBlGOaYRM6tkZxHSMFMrE8JDr8qCVDGajWDlKRsQnLfvO+wiKIbLYGnYwX/+uNL6X69TNKC3ou9QrMe+WnxHG6MXQn6NLaFlWoIKO+y9efZKk84r/x4PwpPraDFEoKtkr6utIB7gcyIrFLhl2Q89SH2NgttkCjVzQEWcvMincg2PD/ohB01yp7MfhUWKwGYz7CyKOVOgezdnCRXPN0SwBDTEYUgvsOm8mWIKgKfISOcksPuzuMQwaRobikzCSm5mlCljJlMf0NXaBayCbK18f3IqnpCiangqrSiWjdTTXBeL48njFEYEAhMVuc5kwkswIndU1ViAFGgrJ9ZY1W9mRBt6WPxNGVIXZpfdBaSrlKekR3TctQuA9qkxqELlAcAtG7GJMDJR2X9f23NChsUXkPLcSzqhUTWE9AK/T8eLnTw9CTnNr7LFPYFTRcDypPjrRxDxmECUnB80bKAn9wg3Ao6tUJsMSo8YWlNtJK76Nqf+zE6Wmt0J0TcxnwdDtvhQIeDbF6SYeqpTIJX+TIUb5g/UyuOzfeDkh1m7ndZzeMKLMcLEcmVPFwIeEMu9JSRW8z2eX8gOGAGJmkd0UucpA4VLddinIlbgfpUhza4NZZ8gSOWo9Zgl11UGRguZnvaAzlx4z+CRYdUxquF3puFGmEpUUQ2DesixkzbthwJwQekXZRmQ8JVL5IsfUmYJeKAU2yiYCZ7VhqZThL+2OUCpehDOPiYq8LqaujZxxWQxAftaDAMWsUpQkTU+ueSG52FabwwDx/7RGdvYFEhS27kGa9aGmk8dyutFtwtJ7psP0aJAsocuvv1BGHf9i5oX1l6nJQZaG55RZdyOLGobtzedx3+Pi2J93C7BFHKBHKaWiRFAwd8NFkBwvLUTFmJbp0KVlLlQRNyhGu45ZsykKq1xV4Ym/7HXnLJitIK2KLcmVLQ2cdds/JZ1jqtcbH3tUxm5hygrykv1mPTSuAqv00YFhSpexuMTkVWxWH4a2ywmDIfK1poRf1CQNK7BOnaj89n6Uwrh4jC0PNICPTK1YtqtfCCb0lywpxQEitNXmZGPOIEdz7L0P0L4S2KziXw3rz20Sh7PqvZiFn7o16iib2GnkHuVJFjEI1jomdvGaQSGJvvIeipUXwJB9varATKZux7pAVtbAhtHobi+eK8rG/Y8URLTd0inqq7Q/xUYDhkVQpzx7FXQgY00T1YvxbGGsWECUZcuYEoBN7FIcTczo0eC5+I7437G3N/SbDPICu8hVkU38Ppb2aCHQUVgVeqqzIzx9IcmoCWKaYFjmR3Td+ilBZHughjhQYhthhjkE3MNbXptKBYjNv/9UI0B+PejXBBRrDp+E5W4sKE8Xg5CQpYJIF9BgxoIn1cAa9gKu8OIDZACLOFtdFzERZxcyep33kETYwxBwOIMHS8S1Df8aebaMg2ULCIhAByYMNgRSI8IhSnzd6aOibcDLtQHh07crxa66IRqL8AeXMO3kWmGICIJE9joAX74u1kuRR4er9+byy2R0k9TkQj4gqlV5CmGUWblzGjEAREkol9NyOJyLnR+W4889kHG0+MJmGMVEdTswwfKJgrUTK6dovdnRMYMNhjgPFm+JxiuFwTLc2TkWupaJRjZDtR8DJ7pFWHLM6RBPODoeWUmGkXN4ZZ8LAvqKFDK0pp2gbN1wRxXk8LG1Pj9M+bI2ZXgs9FJASwijc2GVbTKJLQ8n9121/tksuFlMmsxWQJ8oRsuHFsJ1LS5XAfZVMkren1i3sBSZVv4MmqY8bap5ICTRBPuCLE7oZGetJjJx7AXZSkHE53S4rqJVllUeJGmeUUz5jmg+tf5nnjHuNyzVwH066T76aoNeDq3PWaB3bmg5yvVvDCCjw8OSmr6U56M4OdHWScu0hysDYrCPMs2vyhT8/qUO8RQ2LT2qrzTeWZgLMIxMEWbya4tDxwWUaBBOYyjgitqFghxnuc20OAPP5aBJNxlXiX/SItKMWkop/R2tbUrEquT+LJTuPpoqCAOP460SunPF8uwxPXT+n2mIoIpMBd+o7bwdyBTRNqIk1aO7fDiQ5iJnIoOW1MB6atv0F3LRVmMaew4ctzmKsuKEuD7TkYiEdDr6fGc+Usi8EsWL48jJQAELr+v8fIhrsnSDP7gVsCdh20cUILLby4ScIjRxiZEAmorMyTz4ckQ7/Xa0J155ZMEwyboK6ed5lO0l31BjYIhQsrxWFjP0/qzpjm+Sy5JGXCwLTE8LAiJLWR6bZjbzRIbj4TJvnK/s+MgHJBvwKSWOOeg+mieMjifGfwydRqUMS5ebe6jaVRo218G3iYVhwRyZpcov9cXIlil+Yu647fy0xm9GeRDryIwpqhuRhiy2Q7yphppg5vXdmRSeZPrnjfyApG+JHidFesL0C4yuwkoJeOVfAdks+ZlRXvZnvtdoNZptAWembSBvlSiEzV+0twkou+V6mln16BAHOZNH4Zj8IZToU/ntDA7uUBXulylLW6HoAsJEFQ1IeBvRbVRDvHCnnevL0+4IHBK5SHLsUPqSa+aLzadsu7glXFPhXw1fWpXh+Ag0pex4jdlnMhcgpIuLQpATgXJiYeY/1TjZdnwvOaBCJRyKhoBjNGjkv5jPLZ48O+QIxeVaNsW+1X5OaA0jb34rO2sXpVFcOJIj9Qyjt63ZCyLUHMDK7rldNTadaG/afKoOCQlwRThs9UGic3qBz2gYz36nsQh5HccW+XSJNk72A422Mr060eK0kTISE5y9bkuDG+YEFYP0UAbIBRiCjUF2W8GFfQc4ptGxKAgiwNXBmsSB57bN+GIAoW0i2K8FDEqqUVW/rcaBmIJUwnYBqKwqZssCiE+iS5YaxZMkwGEGfL1gwj4/d3rZw3uOqv2YtbE8a2JZ9pdAsiLrdqLHT4sBQpUeiGQUiuEUuzDBuK5nqhywRMSa7CK4Vij8GEyapLZmZJugyUbmxY0sCLqXI/dzMx1nHr3U15HkE5dB77xhPx0rObxmwrRRkHdbegiYaZX8JrolMrZnCYyL535MZvXCXpO4a61RZy62O/S0ZNW9rEv6we3JDmRFEBAjRkgJaxVU06Qp1PlQkVyBocWzcEsbQAdhWnSfcJqA0xfIODmVfm0ZjCt3nMyjGFXiYo6JrCliRrGSvQkQQVEaBf0ry4LelDBDjuSKLBQoPpthCOGLDqCL6yZMj7WGIiPu2c1FYCV2o/6rUy/JyQqOXPeuA4Msi8Y8UJVTYshuWJam642Y8gCMGPDkfBEzI0FAQtniuEE0Y2R0W0sJ9QZck3DYzmOqJkytUHzcCL9VsFxQC5QLKXt+HTOv0eXTqKcdXNj+sYpquJceApiOcgdte4kjrriytpAi/VcwIhweBqdlC6Uhecu+Ru8pLyAsO0lBfAxpA3dw6xS7JX/W7eZqJLlGyxSlilnLCTafvPUEOYWdPlUCa2aE/MaCOxURaHwsMDmZUiJ5GYj4JLELrkIAce+1SyclS7Kig4FCVlGPdKs+b5tZlwmYT4KpLc4zcif2NTcPHYDlmAE5qo7h2OgWfdtUWNKJxbMiKzMMeY3xfE1aBx3us72A4SEtxmMHM2OZFGUv+vXZAOHQYiLRxsGgQcJTBLZ0j1yGN96llbWsIWVYSokc6X5DOmWEHg/yaa4amPhKgKRmzlIYuN4g4jzS0IMFwziFENrcMoPvSzdqbzmXmo1J6mJgomkQCHoH6+BFe4aheKvI6K7gRf9U6R89PW08L7ahsGJBFrnAGTXb8I4kRE9nJstzsDdEHz7J8sZQz2AOc5CLzg3W5pi1AA40310Zi5+A1RhBEftQ5NGlWxyP5hxqgIDBUImuahlmaaJu4FH2z7upHqnfDmYuQjpcnJIUvABB8qm2U4xx+GhOd3FusHzZlNtpfwVMbMQg1f5acJEE2qOK6IyodYNG83FX6KRZLBjTInMvOgq9isShCmpF6ggkaXJMaV7O7N3ZWofe62T8mfCBr0ezzpgSvT+Hjh0Gp0vRkDIaKNN31C3l8+lWJ6aA/OcHkshTbzwTJM9W39XMB3T7CLzGEa2kdIvmOodfKH1SgR5Xw7XjchA2lLkgNxufdfWKOsglXj8sPCKYsZEjurQG8NxtzcRJUjuIJNngiVj/PFZV60G0nvmGgnJEWpKv/CwtW3Sq9YmhsEpMiIKOsC4tmL5sD/0JCJJbwbF6ItC7hFy3uRJ1m+1u9D2iVqqYgpNPGotPJx83ihrzlB7XgNYthmVTLw8wXZ4WcSG1Az9zQVfFIN3S+akE4oxXjDugfBEwjjIkOS3CIhMytCHg5uYCkMIv37z2kakvnw4levEQwqjJwLB5hvR9RNybxjHBoWQYnjHiYIcLTQArOg0BWRLnY+T7zaJhXz8cic7774yhztOHWFMOYVKQcD/2T3PAcZi9+C/1kAjdnmyJhqSkByK/urSbxipaB8D6O2m/QQ0YzRmuC/1KdgJslwS5sTHAfPDMaJ3lUww7klXs4lhKQCrJRCL4tfBxL9TxNqTVoTIWbp70mdX1Aj+CcwxYhCLnEkK1GNcDUDLqa3rN0S+UJSuCOSZmGSWGPsmGiNtz1fkiwUDH/zYWGenri4cHz7/BikchIF3eydVARDvqWqzWjB2HdOMBHTWEQd/IiDW9haW8usF3MDJS2QqDglCS6PHnwYrcCNS11XVm2+znDCPqLRYMnn6kh04CMndqngFTpJla100+Vwn8/6tVU0RNEHZ/lEnOF8qF5gL8/NOs4OnUYiFsfOsXtBC/4o5rMKqoEEp6X2mNDMYlGO003LT1CGRjg05L1jzi7VW1g2Fs6uds/vJkkpFAX8YP3EA7ppMVMWXZfOtRuES6is8F22Wmda+pNhBrAIUtuWvPErlzg5S7oSmZGR7EDh6nwxAuWd2bskTkRTGiDmU5bd8IV+8MKhnXwpIByQG31CLCjINlEsNcEw/4C343DBHBTHDleukrA4Clrp5eZM1Fgo1u6geU0ulzvs6J7/lvk8ZAJwAkIc5Kwy14bCEu2SY3lQCHIoM2EHtjmIbIAYhFntT+wpIrG+jLUwzErQb47z4ECiwEY/l8QYaaI131ZxhcRJdKbxCL/IQ50CQgxCL8+gR4QTGhZTBdzmGDhcmeBnm+bOe18f04zstDzOlzzl1VlEQVGTFD7NAiVmovQI+nj5j28pwoqm2Oe4CbLS0YMtu+nTJzDUWGlI6IGhsclO3yyYJp7N2MrIVy0in7uoCswzEuUZQ0PmvHKorXvhvELFfxgMNoi8sVWJsr0IBis0MLdCRLZZTlYRxeiiGEWaQxuTEQ3vRva27EG9HAlPGhndk7PEyEHnPFENXSYHAmxXcYpmCdwrBKHBW/EoTSViUIxFpNrJuvZ6HTWCWtXgiyLMY1w2kEFtgEgzNFWZED3SEne8v5m0sK1e939Bzvsjaqj77A0zzRjBgI64WMcQQayTOEwElY6kzlbwSxKCVssRqVgiUWZiIxwYoQGNnJYUzMElvx4X3rWNuPklu1tupUuYj60YEq7HjBf+FeMzCnq/WrioVbSxEC7si5XjwgIGKOGqdQ+YEE2f0CYjyGpimQQsA4ONSEGe28kulWAuhmVLAO2GT5JaSqCX00SUqtobkj6zQCOW37POU7w0fXLdXgxmQpK3A5jN05cl9mbqqJEtIIuDmVB9sNUEDs1xqDz59kImmZVY2Sj4E2fB927b/KD7VdgSuuTVALNbziRHYPRAPnO9QOR348XBzmFuxk51c+ySxKDOD8sRh8V1e+Xn04rjxSBhhUAIa4o3kbjtctuHb7IjF5U8EHmQhVLECMqJhWgIYwECTS48byazVDozzWXuR7PaT/zsDS5kpHP4GAU6SG7qi7jFbASR5Kl9sgYzK+YIqkAcBk2yKvG6a0Ey2XHQgZ6qPaliUhUqldoRQ/k4BIfd6TM8Q9NlO4ZWkyh6QELT1GfEFlUe9zHsNbSVss8Y+0mUolkUfKIjIJyp2V9Pvimh5FhoyyRutdFI464IJKKtdHIYLSwT2akTboSdhqykRh0cx17lwdjXo4IpXCqGWbYxLHWIPQwwLpyRY/KvYyRzs1LvIecMhIev/vZBDUEZDnMMMgUgCVvqIcSizVNwR1PD8sjX+9pZNzSbfe1zVkrM50IMnMo8lnGuEVnUqLxjPVD6d4LDc5/VsWiTrkrQKsJTqSfBXgCRPdxO9WnKc/YOt0exutnFK6xWGfwltgt8AAn2fYxVVAS51hAkKip2BU71qIDufIABqW+R4wlQeW7zmo+Ctom0C5HNhd7LgYtrkq07Ql3dg1RH/04h5Nr6ddjLd5wUuXNyyTByiBTWg82vz8HkEyI9NzVV1TiAJBF91ICsV242/MAuirzRdmDeRujDTNt2yf5E+QzJOg6+CnfQCsOPIhISnp2T3b3oTUQSFl+6AlW6sxNHrBReffa0/hFznKv8QAkcBdW0hafIr+icqgl6VPuVwm2KoVqK/5bJRrouQvjyALgooHSFZ58KgsFKWAIxtQwEQP9wnhLFOdyXQsv2+LzIPPePC4q823EKmPIJ9Zmy2D9SfSGRTkAqBC5ewXtzFMSxlFTxu7cb/ySjup/UrQT7qdk9JyA8/vgAKflcgdL6Pi1YevGuTd+XYvS+HBFHbXMmtHk+DwWXulcx1jUo2fdX8tZk/ySVmgtC+WDyx6vMsjLhNvvQxWPQSkk4jUJEU4klToFrcnIUeoWZxyts9Mq4Gq2wFWZSFRyblWssOJbGP8HfWOMwFtwoDJ4zSwunUIIYHNLvA5mRIkBRh+Dg75jRTig/WaGJZap1YWYiPBfRiY10JmLeul0aG3BLiJGnPC1O2tGptqL7TuWOLWDUf/VnyGKxpZvXRJINDSWxfssuBglhJnhRuEp1DmnyD6uTjytRPMpFqpnyyag4H+wv+0qHyWuZfA4O0wgULAxnbNlfvW0PNc0vuGa/OJfBiAiVRLHt4fl4ZHQsXPRpg8fig6tI+IfaAUQ8ur+CzIZwZGDXtsWSKR7zRVYlMpL27ft0txB408RBl4ydJkhmqYk9bEnm1+6JEKz+KkPSY1Flvh35k4cGM+M5zJi4wOokCay2GTJI4EuIDQAjaNjBhzVoGX6DzRqzeiYoeZnC9Ka4a9B4DPoVxM203svZITijdJjEsu2iD0Q4vUJE2yaHjYh427p/sJJnpwwHMFHGDURhocB4pN3cWYlp/XhaCpK3LtKDnV5Qn8U44aOGV82C6Wm/KO7myf61dwSg88RP6VKsVVpBMuy4QjKIKAo1uSZFFwMLEoqzLnoni6IbmKIDjfIfLy4/46H2IoYfE9hAHLs3j26K58XPiV0FcKSwkwuu0ztgS6/TgCw4Ljar9tIzpqKZNU68mUM4YJcyLVhYj4t0dndyAKS9MPKYHlS5VB08UIwfHLXClaSOhjaCSri53bAGGmMgbgLOEQn0+Y3fL8EG+/4udDFkYEahi/4MCAdIYdCFmoU4f8Tuo1uSEDDOZLZLRioSXGTyj6RWoJ44GnNq5prKQ0FTxclC0ay9EVsH0sBbQy+mOeN9IRD75REBldmS2PXasQZhXJiORCl6FHP9kS4brkyj9P23E6vF/sQOO0cmNSnu3jGa9n9EFwX3e/skIYYeVupLTckdC9p0wzYbArDFAfKMAIy1RHJS4ymMhnueBI/gKt0m/FC1bpN2WYfGMZ4oOOmgL03rhUPYXhuqXnzk87ycwDy3wKUgRDKhB96ngKNJFyUBqv1HDubcyo+762klFRu2B8c9qt6hOiNDQC3SWcxXpcNklmO2d9DT/oboY5xGD4deQcb14BjGoGuZASrXWuEt1SeZxanjp4R2pC8jU1jYpEkFwnXqmEIKi9oDJZ3W3QWNIrgZW2ZXPQIaVJI507GUof5eB7tzlV1GVYwTgXDnrel5KjkkvlPjSpRwtBgixveqxiTHo978DZ5kJXhsIs/4FLYQstYJv2DHDcGKusRvjahASRox0ca89YfmRy6JYpvkNwkPQ8Y3HRLsBE7fLAuuiYBtxUikddr3ObKsETVZ+QPRBfzZ356M/DLNzBj2hlHYJwTquCC6DMbmYaoYBC0p6fBBgeHu23uhNzsolGeL2i5F/NgpRtKUD9sXDUlyigJxJHdYPeKyDc2Yi86DrJLqFHPTKIWkhF+mjTzWf2kHUyavuCXTtJN8XkTeGwwkJxRWiO38nMYtXEP2UBCNxGDVZ2pNAiY8czpUsqj0VtjSJFlibLB/BHNYJsw5ECbq8oslHiKaazigw2TGExT6whSL7ugaNnCvcTY5UxzCAyDvKVqKNivuIbcpmSfIioGEAm1JDaKyrxIZxDwq2dIuBWiBHLDVk1HdEZttJocZok+isdYB2fDSDFF3nJYhLcZk/c/GgwtMjjK2WkEr04lETH23V6P1FK9rGlPEo2Wwm8oYaY4BQ/W7iRpbTDa+DbedRhr/Adqx0JLL2Navts7VPMqE3ZgtXn4NbOwm6nQO4WEYt+41cI7b+UVPxt3Fez9CzIngwrmrpJBNE2SuNfFFJUaC/k+2BmpataTJTJsfOVwd26viQBeEXJGRSW4Nt1Jp8/TAoMmkpvBuAY+zdC/ssrlkLdEN2UWxuf5IyITpDu32PQ5iXT82k5oteldDUzYmPJRk2vant3euVTHtDl75xvJ5iknp3UIPwU7SQsHgVLMQCSCrTy0tJLTtrAl+MSEodqLoBZSTFx3Yqkfs+8s7Pp6HOi5oBTn+5aES3EtsHFqNRHstafGOGVVpLLIRHToeGzHrvhJvbNplAsAWh5FTpyCFMhqSTwD+mAgpsZ+9J54WgjQiSLgkYF6Al8xh5mbfaCcM3m0WfhnhqwWjArOpJEGYEcQlpdyJAYZ5eviMhVMsk8XeWBEOnqgcfbORVDzQy8+GtBuTbqVXxbvkHWaVm6xl1h5KrEy3IVwcjcLFmIpoTAEw1wqjcfnK3F2TfFK0M5mNQcy+hMPkZHIBwYNzlL01nMSdMKHg6bQTBE5K7DVxe4LMcVJqt1KmUv5PQCw1SlJK6hlCxLaIwKmcKRa0NUZpEQnICFcnXyak0aY4CkHRcgoatSlCClY1eO4wpvedebXy5ojY/py6NIIeGuVxxpcwCK1fCrAdUWBcPLlYsDjGrujt46ZE0eiwKuSEyEBT0LALzm8DVUZJym1MBKbow/fmeaEOwlnrLzTXG9jKSAavShXm62i2KEuRFoogZu1iEQ0cO11oQ8DZgziQiKrxQjLAmrN6B8Zp9NrDKp6XQBqhuPptcCHRQwfylcYObBsOkbFmxi5BwW769qGcbg9USgaICAfsBipDVapiTrawigTKCU6lTx/r7uXozrPh2NE0UZeMOA/pjdWpCET0gwHKjqKww7CTB5GJgHTj8mxHZsR2Dh4jIpDoFFXY0CmOwkTsZSmN0ZO1w9MVE5ht20riEqHpelbGqLD203FI0RICd1Uu4sf+FznJNsvWJs0UzItdsXSi/6MWDyKDUjEU6GjG4Ox1YvxvIUlk1Ur8dK+tYc7t104y/Uqanm8jBYB8dE3AEm+uDUJoC8zp1klag2mzMMnCoPR+OO62sI+X0Ra1dENofWQRDYMgJonE8sR11ehuLDemsf7JxEytKT7+j0mPWd3g/oMLHIAnNIhwPS28I8qkbu8zCTowpyth6BBTgAjFLvOuinkkn50i9qwO0S/JJkPpyZHOqcqwxRJhYPuQrftonjgMvzhYY7+HRsnZM0XhuwspRRu3DLUe7hi9BLM3zo5PoQQOVOFyUdLyZCiMEm+6BUkGHSCrJaji5dLyl3Z7xnluyRCFhqhoDs9hB3/nbEAsYQuEIAQCI0fgiZBAUh6ZN7U2YTf+nAXpxZLqlSSQRwp5vdTDDy7sQx5diOKSlU3BcEYss/1wBIg8IwA+k9lAeIzIaVQWy4yYwN1izIIKVo3oIYdjEtsNtoSAXykNVQYmJZvIio7gKjD4ho5iO5YVh9m2ZBpSKEMQBpjZqcRztYMm6b51UJ4Amf0XBAZ76TEREU1P6NU+ZZXEADIhcLyi0xoWGpU99GQ6KX9OvbsFDUoeM5ZrcY3d3eQmk52CJjzjOHmF/VsfmetFr+snILuL6lfZYYw8LBMPH81Emwg1xA2NxWpJlib2L53rApP6CsLf7V4XlGafvTPAYnSLXFY6uYK5s4ycQXEcXY1aP78oClfJ/RRBQwyxR7jneNZjMd60jDM1WDCwcDwZ752s7bpj+LALXZKLyCfFXYi8swpWIalFSpeMFe59TXBzMnnxSNE5wfbQalx6Wt7ujeYBBKTlPpiUzJtearBc+7UGKKX9CvtfwEyGldNF2KWKpsPUB3WTaHx6hQ/MG7ZFVFbuboZ/DdOrfAAw3KWmjhyrY86y4t3Vj2LI/eMSSqYvtKzpXjniTm8JLYL9qZR6lRtcwGsNtoSZOlpVR9Z3M/yYSEBqKcs9FCMQ8IRhl6baSIYClGio+5THVSaIQ0R+cZTavK8aaEayGPmiZMdKUIlexH9ODufh5pMUvuaOBhmOFW93aLpogYv+qTiL+Fx5qCAqm6RQgP0jhRb9Gty+BE7Sv4gV0dVJxypngauly6Bdzktqd63XjnHFLgXdvc3Xj1A3mlAxsJ5/h3d8h6pzUWMt1gp64WO1giG2RMPMqrdaEbdlIP0lro6xxJVq0mSlCMnojOZuNp2i3kUWtBHZg6LaEatKUEbS8eZ4SmkUoryiIUL2SokqgnTOxjffh2g1mO4wskETgS10lAt5WLiKHIrIj2RyVEJ4HOplM+OUegJWj6fnAqstNy9qdfPSiHXUVdAwlbGOPcvbFF662PTu1nI+cl+w6MRM8NQGkmaiikDEwnqELBZyeyOllFRXtLiI9uOaR3oM814WWy6XW/tJzBgQczKBoHTYVKAVjwtT1jJWvaEoC9ORyvwdSVv/6VId+DdVizPwmep1qdjsilRr8qJL1r63B0Q3TpxlVlXBQWDhlD2v6sa5WLLgsHXTyj3zIiQuTrJ9VWvYmzHXaXUoSEgIhl1SbS3FLlbGZBH1JnseSuX+mpl8qCbFXHE9pxMrwt0U6AA+3aozO3+Cfxs6DGB9LdV1JyvGRsQs21yZzgROtnzSAjVboZnoLIcwlbEBg4D12wYeLIrGcdUcpFlD/QWXHClyNe3iB3AlS5cB9DxNBQSfQw6y7TigW0kV50m2h7wz9Iorn+yzinZDxZ5wpdRildGRXePKZajVSt0qO925mODruTEEQgGiekpdmGpLbhJoW3XsbqoyT/gHa5Cgu0DCJYs6kMYJ42ILTGnbE3MSLEOakluPukYa9aUIyUU7BhjF5AJCKXItDJdBS8yJo+PQBPIzI4A/kSEc35BCEzIp4o0850LLrAvnTRlGztwlcY9IY7YuCXpX6bUsxhFOEYspOCwJRmsPipwQcD0JD6uqkqAbyBM3rCFJx1LMDnVX4XSlbomB8braQF0cjhmSOFMHTwS2wwSzMNgBpg8ZqGBRGDzVMvhgHxPyZXDVcdisR/+/U2iwoqVmV0yU1Ktz5in5jDdde/FnP+8cjK0pFeGSA8d5MgHUI4jPlOAIVty6bLgH01AgOFNmS37Ip3Ci0Jo7EcTjaaLx02mZDFBYHZoc54gwI4NHOog4sHfpHFx4pgQhR2VB3omYNubDtm15xAHSS/4WCQO9zCyxfFObpH5pJ1DLo3sgOIW/5Cwug1TCGZuu83Q3XxHLJcKdpAG+8Yx5fmvTklCR4MItavTwMWpQJUuOVdLhhY7OdmRe6WINuNiFnHtw2flRULSgsSix97GmHMbi+6vgVgNd2XKa8rqjwImJQOqKgXJMqsDTuYGXdGIOP/vsMjIr0WRQlmh63LRew0L3pfEKZLx+R0fckczQ2CyFWfFsn8K1QUcUEoq8vH4F7/IRLZY5h3xRuv+iUmKYmHnjbdvHa8fJmi6XADrPd4Q8G0zJmleY9DWoNL9X9Flcv4hAaYX95hU4o9/DcSOrgkKZvSGIz2Kq09k3lRJDR7qaRfvR1TVTU/n/rCIBMfJYHNKZHBUUQA1nRW2F8/71HGoYnw3+micd0eyS1izSYC+CtYQKGhXjLvLA0GT3btEXTf0OmeXFS4F4yYe6Bhc5Y90v2e09cmePwNOJNaVp4tz1R8SSrLgJGpGVB6kgV5OAjTFmPLJrzonIbtlQO5mTnSytN7lkDQSFMXk3Q8ZmJ6EQWDEnU8CQMu/IP93NxccoKqwn5VI8NweOe5i0SIsGBsUui6BFBRNfvpRjL3TWQ1FO4phNvGiw7pyUxJd9CxXF0ELrnEiEa84NsdgbSNuLukwen4JwXMooQ7SLB9h8nGtH2ZrFeCVc5Y15Y1iDclQNNC5oEOlrHBzctZ5De4isnc2OTF4TKs0VuAwh/rbEr4Qz46P52xxs0YRY0PrgNfUtUDN66WT/6DETw4eX6lYXZQtTT4xp+solRavf7Vc/gQOp2J9Q9Gq1/AcBY+xYo7+Qutl9Yv2FcMwqckCSupKDF7C385ma+WXtv5s/7E7xvgAYXXuJmc3UwAVm4TpTc40uK0yR6YlwSrZOp5ghANjR02V2prJxEb2L5oIRlWkUk0sXRtEzZtqY9tc/ncvRXMZqzA7+FGcNyVkSLmEiestVtBECg3yxDHCzTrqLie3m/NBchpmZaR9GTdeS2H3GSzwZQ84xhlZtQDhnKkqzbFMTKcvNLtISl8TDPBjsFHwmaExM8FoHi5RKw2vMyEBAlhOeF7Wsvmifw1449GiR5jSi4lVsVuaW1ZGAc0TJgjOhyYhlUVpnmMivWD9wVpClZE8feL+GQH2W20q/0ExNHVHpkfYYZRl07I8jYcGgwDKnrB4ylTjHQ9wXA1D7iwCvgJZI0h9MRaZLRKw7QON/HfuIol/kGU4wrcB8XGawF/LprJQGfEZytjh+WsnhTgR+xPGGYsSPODkQIp5fqxPXoYN84Z46vWWGLEybuGDadq8OfDW7aql9LKZwgQBb7vtgxfKcIJ3oPMqLCQcfmjWJjUF2dbDRFUAREzXP32wVxKIs4sTzqeyhUc34d7yxplEjf8Fj8Yqa5H/0epyWwGSNWmjsSlawdcFISNp4f0ayR6xvfWBDPCUbCbER9PRICC1L1SeTGWewVIM04iwP+LMQBu1A9tdcyyhSrKePgwaJ2SCHV+ktW9+xeN2TFqjzsaE6k5PlsA8E8imLNT0lIf0UAj4jM5ykIEFrutbWfA//1D3OWxd/HH3yZUTuEILYFG3AKqZUTTTEQ8fgIhDKEnEjwDTMGB1QYM5TMnyUupoCYUUlRX7Zck5m3NqIvrtoYBVtBsfttQMr3Vt4cYHRhHOhWV26Y/TW2WsaHS2+WhKa/TpdIz9JJ9xxyCiaSLgILYmocCJp/DEyRJ8uR6o4XH4vuQsd2BX1YWUeqK5UxoKrGU+AB8aQs30YXew9fxFbE56dFFThRDaDh5oxsYGGnqj8dRkuVxH9w3iUdw+wmUdF6UKaYY05yQ5ogcWfhk/SB4WMoGr+xxIGV5vTiGDf6wLt1KvKBBhT0FXELvNmPAI+wPcVLys1BfObjENJSKk4ZUg2301pRqHXan85Pgq+8iA4U8Ozaz4Q0Yhz19XRgWtYOJjgE4Cjs7cGfBE6UoEYllegl1vUGf5ChPajprk7F7qC+feANqXz0XBx8WZHnzIlc4QXs3vQMyc2nhA6dHVMsw13k9V/innrQZYMgjtVneHLACkLTHKaU85EKAn95YV6QhpUIM04+26WFVegHF8+LizsHFC/gBjaC9tWOi4ybTKG8oCZSkyFrCOtZan0eLMGKKa4QXyK2OL+DfwAdQ6nsKP9ro/lRM+Qef4HrHPRfceapghjGfKmORHVqzGoKnbMlQCaqC5rXwkk7+yqDeOGa8XV5O3WcRKZ4gcsAp/t3PieokQlqLVwnZjK3Yq7U0xrPxQwHkNfZUax8erYv5vwyxf2Wk96CGoyu5ALAKCgsmMTd6fbcejhwtU7USURihGqYsfJa0ydLh9z+FjjcnWD1DZlYpfJTz61Co6puhQiun4bmXNJ3ABL/2jH9XjWQzigSq1wL3g1cVO2f91xtWLRSt+h3GT/2htpnw4Zmf5WQazU2ws6MlcMIukDmDmYpm3jjfeNzvqW2eLLcjFnFxQNpqdPmYSrGAvNYnQ6/OAVEHaalc5jOe215FwgpNQRnq5ElalrKJyb/as46ryrava0kGN1YGlAWcvNIQx4Sju/k+q8liMmJylqv3j40DF9nwbxmKwQkErgZWVEdo4yqU5NSuMQ87pr3OhUWVuKVgiO5/jn+rlLBXozRJrF4cStuDfnpTCD/U+92u/Y9rBdooXO3RZE6eU5Ja47lapRfGlrbmLSdp0IRUucN4iNO3MeZr9Xo/QZh6AbUNxPPufpO6aLjhAr8HVl3RrrBDoaSJjVqtNUhfo6kVaSqp/QMcgWA9nA5eL16xMXymI2YdLo6tclPyqnC4MuzRFMAAp3ZLFojorTJoF/SDOPJU1lqTidvm6eZk04fhZeiNgp3bVEotZMjL3A7wRY14BTUZAGjOUYmml37yB6MRWG57QziW9pjK5PPpdVcO2LUUVZpp0oCiMKljm1oQZ3AUnKDj6SMBpELFlf+67eVe96k8SBFYfD+zCyGaypBsTAATvwURJObkC3dUkxNUK0KQ7rgpmTrlyyqjy7sOZgADNiIlQLUCag3WMpCT/TFoahDmAHCKaJx1ZVe0eUXR3L/2C/cTpgOsFQmAECdmYjQxEgDoFiZuuGFrhLFJ5SyGGTy5hIL43h0JX7ScfkpAITZuMc5j2+IcOH2NP1nB6EuGrRJQ1t1higpcJ0rryA3o55xJ8oRkQ0dt7OO46dBGKV/PF9LogTdKgYWEyIhfUHydNdlvmS54rlVHdlc6i6ihRRIGDo8S+HxQWV1o6uu+JgdSRovqoZBwNejZhFwlAMKwMUfpaiOwNx51IplLOxVFuT58mSp4zCAU5vCJuRh6u2RiGmw4EnlYtzo2Etw54vX9NBFq2swY5rlvgNmJJFsx2YzUKmo4KzM7oDVE9n8pR8aGFSDNp0abb5va9gg8UsW+PVrbmZKcMOEGRp6BvZi93M15Od6C2JElsY3rkNw3If+MKAcUykZ3rxUhYeCJJFv6CWVRIr7+51xy2KEo4wKflPf8deTEJFkgaF0ZmZaLyEEyOG+OCDwdrhQ+KImayQRCg5Kh/QEjiy8ox9/pwNC2fhiMyCBBfj+qdIYX3mIoqGZYb9hOFCSYBgw37kO3vHwrFVyi0kKEblEfOlZTtnHFzaaVmxYw8JgjejWoYDqU5I/GyFarSBmNsnAhCdhqtJqzET9EqOA9EieExDchf1ealT9L9wcbaOaH2eopa29nD7Jnj/4Eu2L7VGuFNrEDlEwF6dGrCKcWq83seahin4JroHbIkycRUoiPrcfgFyyV3WjcmzAHme8DUaBKZjZxSJEoKSL+GfFIIUuBrOiEZez5+3clx18AjyICy28XoqXvVyLg8oMI+iJ/tyOOIn+Omwk3T6JxHBLKNccSA/kEdPoxcZxT3kKWruGrgkfdnhTIJzjfqnTFjts91d9rI0D9Ih28YsqbO+H5mJNzI3soNVcWXyU9ccXDgF3itN5lmG8shFAZjfqpYgG7N8eMtmcjUZjFyckCDyVxr4TK9EfaF8c5cKC57rvaCrtGq+mG7nSKfMKuFXxpPx1MVyX7vmI9hGma70y/2V/zGoC/6jUmpZMGeOizJKlWeXGP7LZfksYKK4WXI1IbwH9pohC0m4AtXEz7nAsY9PzVJT5AkBjieVM1hHF8nwzi3CnkrCloO/T+tcYGgcsqywh/HCLxH2IstsJVYdza6C3w8IjHsBWnRkmhVRxZZx5TqexKVOjHLyawVzVL8DPmnudSZx1vd+sq0dHsgNFyB2cJUwYd1CWQQ2/pvlMqs33ot4j3rBDIdzF1VUkXGKpRyZsQdQPP5PZMvyvMcE1VtNvcYqNRu2gQQiraxlAx4isMiGKaeaXjzl3Bj4RIcxh5jTITEx7mRrkKp2uUeus1VWzenRlLcf7cJEwk9FeBE17Lgu/GmzWyafqwA0mfI0XInM3EDKqyXOKA1W1a5HojgJdgJxWpD8PYdUYRe4OvU1NAVOABMO5tT/g4m1PNZ1cM523NwmpIojWQXMsixZCtDUF5SFNQBUjMsUBaZKQXOoV8FxaARzzXh1QieRSVoJMKFdB2SXjxgahjv7MIWoPxKVsolLcwdmN4Z1i0GT/kYMvAsWRFYmYkcvZ5evsuPdZ2sTL7I2TnEGsT5zjJCk7+PtV7ZY+bX0q8R1iswGBSB+PHDhtQwq5lhD7HManRAyzbrMvmOVG4TziLiQqEOMpPQfHC+i+9AvF0zo2aQsndqube7jDa8xG4lCOGkK3RZak4yq6AlNJ/t5KVUTmkdMAbGElqFUNAcciOS0LjRhoga8/9AgJqNnXqIabscXl2jMHcdfuH4xS7nGWgaRjrfcblXozcFGAfxaL7fEyhDAE2faArJjG+OQBJyBqzP24W5lHk3oLk7iDLkkc8Y5K9Qchk2esTRNwVmMQLmTZvErggsj7qvqMCGs9mrxcUQu5Gtwwt6tYr+Ta5x4U0p19EehMhdL9xN//OdEH9gVDvZWX5WvDIq+o2K73T0ScclMDovUjI36xjOC0ngeAJGTXiZiYv+aJiVOhvdMzAo8BBpHCT4MApE0Hy6I3k6m6amm0D/uNxgkwLWCXxa093/VLAtB1FjmRYLdxnWVcxSGuOMlMjwRDozuxsBEHnKG6o0+iRtGaZoOGfXN+jU1GssxEdIWG2D4WAYcMaAMYydUYrOSySVFM2mzhlT0jZb5LgyppYWMldFedjS59HeexCP/7lXeQUjG3CV2QtAIBx0aG2MSTzAM9WHD6M6QccVBwgZkEbxZ1gWTZd94o1jXTygZMmzXu9lBsnvAegnI3KbDSRfTHpUsWv2NL6kNviVFwa7SP0MuKBvKlVImFQmzXcKfSWJxk4hvMK54OzPBR+wmDgP3dcghErcv6gSVlYHK7HQaC8izCqP6JxOReFK2mS+uaPIeAsh5TMbs9kBP0tas3qO3rIWjewWp/RZqTQzKA5ndWdf2LeRdmecwQSuupruBw0O0THRFHdIYuMcxEDyjF+tgserSuxTTPdvAggkLhOeftfgpdsP/KR3LpHHh97Ozrhxxxq0rYunLVIAS28l8vkNw32zI2y3bxBuiOLfvDpbMrLH3xUHHEI2IKH2XddOyy6xx5U+Oe2tnA2XCwXH6Tc646pialWgksHWcgCFyNRCyVMjnI7hDUk3YPRbBWIi0x88UcpTaCueFl18hk8KAtHS5FmAbaFxHRV9MLl40HTHgdUrTPWMP3BcGfPbg0mTcYEYjmfRi/8j6K/ET3K5GQ5E6Cf0NnTHlS7uN7MVzFwQ46nS1mRZ8kMD7wz3e2CWT1RC7zWP4VLhOR6kmqzhERLaVR4/kLi17WUubL+5s1s1dJ0z0ZGFE7NolU/K0x74+TBfzmmGSiBqxtcdMH8PEOuKcfM69d34lfFCxr+xFhK5m7sfkL1YkMzgpQBhBW/RwYYgqPb7muLLLqplZN0NjH45AtlkCvSKQnXDYHc9F3eeu/Kjg0mxlgANEHfTv4+b6WfjFHa5o5yEeOVbLac+akJz8XC8vUSLTYma94CllukQMT1Zcu0f3Ojx5PoeQ3G+tYziaHEO4tcC2FxT2E8trKA0Tx+uTL/exU4H6soDthxiBVbUo51IAxVtoeKt6fcnaJGjhhQhafa+7PfWRhPk12LEC5BXQIAx+jZOVbPiXePDspKqJqiP+ZcAQsC3PEYPVj5UGrRY5I8a7EQhCmIHF5LPsv0LhSkGyStA1jUscvywiW41UWOCSlym4gtw+TaKHSq8d4aI8cbHHdS8cwiQzHlJ8Jas+xkCgQcxXCelTHVXQjUhAo/nmUwrLmFxLzKLKF6EXiIjs2OppmB0EEng4n3oVtYUoxk+rKzJKKvMQyx6TLhznQb1EocOMsSwDzLpT1I9LnEwAQ2Scwn3vFieVuM94UadUaAzXL5czS6pj2iPxaXgEbtfLuzJF/0XVkwgKFUJZAPZzEAuOc+XJEhKsqrDHSWTLso5JOX3Q3C9UZjcfYyOYWZfxV4ZLYjKFDf31Psx76bZXM5tqpWXRNFXOrvRtJdgZyFwXKISHxmSZeJhRsu62bijT6EsM9S9PJFt3lNhxjn501/oEZkbvO+oul4zXmJ2UkYY5z/zEpLTggNaMBRqIFLvjHPN4opV6eIcQTY3n8ueKUJ8wEn3uX/kMvdn8U+iaEDY1wIt7SfhUw96rT6FN7RzAoi8HOAnFXB5e12WNA6kZLnnOyeEkojpBKz8VOWAd0UQjT2ZBQjOebEjZcjUXoWjr61KjqN2Vhs1Ys8scDaeTo1UDFUN5GbwH62k2Q7dvRaJyMiI28USkWx8CJSQQHAloQUF2NrAZ/+oog/K4OJ59a/aeON2XgvYYYEy7GDAGG2wVpuhNFnWlKGC16pU8mc0yokv2RpZQvkGjSRY82Da/oSbJZ9v0MrSZMMG9bLO/65rorGMYpOK9iCvAKtIINGm3Qf5Me7wSNNoIZUZRvphO5AZVe1CD8ZPSNHu85MgX8y5XrHCCCVq2WQHB0b2xo2korwpz5RBBAfXvjJxZNbyFdtIsOdHgqcoqczJWK6XYP4C9bkSSoRagDt0ZzhKJRyMkM5zC+MvYkiEmLf2n+I4w82VdLwwHfJmnxKggPtezFwFKtODiMyhuxXXBU5AJuxxGO+mhCGRt9hOL77Q7dzMVfTtEiH8634IvSIZmTzuWMj3mAy7FcRPg2fSEoqaIC4HMgEDua14wcLY65ugNQS3BWpfYIsQ0I+AWHqZTSix2hshGAQwKjomWGDqrHiYfjOMuuFIGpPOEMzFvfXYZe22eeFHSFySuxGp18cpw5yIcWoREveXOKGUQfOFIirDoK/A3X3dZis5vRm/I2lKSVjgmgk0azT28Bs57RWIxXgn2IktzoFZacLpcDy52bZR2vyLB9nfs1B0HbosoZ2WwERk72/dG2BgTaR8sYMfhfAF4uaUlNiIXzLh88lr1lOIqbN2kMpX94msQJ2tzTRaajuQqPSmpNR6ailA70+lM9s0qzSkNGEJb+mL2L4wrDjOerA0XWInZHtsyvZ6+aL8Te3figQuhwpXHMhqXVRuOCza1vxO4OwIXWQ0HAX1gqOS7V6uATt+CC8vQhYkLHUZZhG5puwc0zyW8qkBQorVj3+dhZp4LnhQaXY+av34Z0o9FDCEX7cDCSuvNGIXbeTXXJUdmq7Q/9PXHfmeop4w45Kks81omi6GzKfCIEV9x7Y1eW1DhnS/e4eGgR+qb5GbgE02rf9z98qTkfGYdvs5llD2wypaZP/vde0boPycflDsvKs6jMzYDKRKLBJB1V0/j0VL0WX5CAcMKA/Z3GmnFjSIIGD4QTB3k07OD1wljmqYwMjUUvCfXPDqWd3EgXjwbid0zjdqZIcmSqUsPs5cmRqsTy2wBvjxhQrnCat46lcW3f9ylqOjgGT6UpJUe0TCIrf4YecFELBvN79jwWQ7t51B2N6+bK1Jzm4sHBjpl3/0wFG+tsC0k2XmpMaJO+tzxIgEzLaVR3RFjAdG1e9iniHJSgNiXINCIABXRE49Q/ArKivl1tQUMLchzhe0yW8+diEyz1u00h2cga3mjuk2iMYSqUbbDii4NTWelSMuiCm03KAnGOWJSk5Cco2pwwE/RGSGCfoUNGAUHLov1NkL9nYHWEmfcxYaDX19ZMEnPi44Bncx0rJRu5smObVmZ99FGtWs0G9YcWmmuZvZyzkeD1BmzmtC5jf+IqLXxBJEiD5tqXDykC4tOPvKonH14HwYNwz6kmkB3XZbU+pNFjBJ1sBSMpCzpSO5GYJPIfIuqeQzqph9oCX3BAhjtyItwzBZTHLGyY7BOEdzgDDNVyJdHLjuqGS+lMMVY/QNQJT641jSPVSKflCsE7oUbsH+DVR/KblFB6ZDG6OsDxYPSo03R8QHu+kEy8AveI1ubgpRdnzvmRWe2JMugSZxx1nkQYGThkkvTFGUpha9sLm0vTXKrXrbhseK9RzzSPhIGtEVrtbUhiLQ2kv1Isbci1o/UJSVNqYhEi4uzD/lCv6S3yHeL+LhR0yOyurOGssAwe9ghwCgCeZitikduaK+YKG5LKecOs5XU8uKRkDA055YTerG7eC9zB8xdWoaABicYj2PUCFkJYnAqPrEeEwxU+txEdoDCAlXop2Nasl9ycAkoAvc4uzHmKJ0cg02f0BZ0xvsZ0azThkDoWKXieFdEi1IzVsyshmQabW8f/zwFeaOOaNysspS2j4VMFtFON/u18XLnWpAEG5KGOGrLTOdslktykC3pbvIxM4RSrhKE+WJ5LP1Z1ZFtCwBYJXNmU/wzFwvy9Z2cHE3Cii7Rj770MLcU7j4BpdUzPPsT5AzAJTbr2LPGu57CqVVi5rAJFgKgJNUFW0q9ngIpNAIoWkT6FbxpX1qOLAdj14Zevd/OIkDC1iCXSj3uLsK/BPbCxWDjlRwub/tdCzOuEe8Q0XLBrtHRQjAzNYvvA/n04faeK3zrjtpOVnFJV52vYtQS4hkMewLNHognpNJPadTOdD719U+RluInGm59dFW0UPKJ415HAG5rRFilwnjCIsDJEpBeV74EnFJTvVTOvpOu7jtb8iplTRWKPGs2Ioy2Sn0TDiKS4xmFOd4lVhUjCq2fj8nFIKhrXEYJNflx17UpBhunwdmuqZAQjRXxUhBoFf7otJi4UcMme/vzOYT848qEvyO+75F3PbvDiWE0jlU6XAOeAjB034NtUPz1ACZOIiOB1gDzk6nX4L9CzoGNwV1Hy2o5kT/D1XrWEOcBBQXsHnybwLlNFuN5chejMuP5ABXsl4+ynz5ZFD7zMFhsCB0TJeZfxvt+5k99slsQNwccoDkrkOCIJ4OSU5I0oizYyQKgvMR3ye0nRGRBV/ocAAqakhwkFnUtxvVEYW/wHg51MKCgMtQ8vzvfXyk6pE2b2fDZSTS1qyFMiKz7vtPYL7HILiVzIEsg2VRx9mL6cQ2qCO0agLxmwk5noK1wdRSFRGJzmMEE6zUejYRYaNtkY5rZKCI+WZMP3lXR+XrZAAsHX/pxjVe7eMzBrkwnCLQQlevkZ4b/Wo51PhM4v3r3wHDTYI2JC4QWKO57owq9JbYzhCJ7n9AISSbY7qc9rkE+6+e09yElIdcMWgmPnlR0mDcPRnRij1wt7QB6GpHj3YHA2rOOstSlNKDs+yUYcFobmeuX8bXZztqCRnWt0elE57Ocz0Qkrdqwy9NJYueuoYK/2peTt6mxtMAFAbliZ3m+rCzJfdfljCp3EomwRVEI5YCsvAizmMqcTnI6Sec6gPCKX4sj1Vlmj1AcwJplKCWBPzBNr9EDXEi5JYoCsL1WVSbiSsExpaEou+XF648IinO+M5C65giWdGbLpaHHv7HmtRqrjAeSxj8VOxYlmIrPK5TCU2Psf+M4l6Zrb5TLJrqM2yugvA6eZSRb0aSsApJdjPYnIpbGJkCv8W2aAbLskg9jZQDWbA/DdBTDrDdvIipXH8dQ802jxzIDlsxTAbi/HD6Uia2wNNX5QipYIr9+CcSqGlqypE5Td1OXjExVIy/BGswdzB0IEUFxiKrUa5CpjwOtqqcSLazYv6opVibYLdz27dVsxVRzJlZTqiYUlBE9VBMR4bQWrW0dAu6+no45T5ivlBNRMn+/b5GTxKmvi4u7CWEJc0av72lJQcmO/ODsJxJmRvmgRETUvAypg8ZKaoHwomoTRknMKXjF48/Cvs/kIC3ZYmgp0YSvM2A/a0WwPjX4hH3qnvwMRsDaP6M6efxZbDICGZ8O5zrblOKDyMYZPTcJiu5QdUZ8mEhsoyc0HLcp8raoquRqMdgS5iQAaC2hIO/IE4TRvlcjkjl3mWm/UlUvXl8pdT6wlD6c/3CJ4vMQJl3aWVqj1qiJELG0wJJu5FPBN8wnMwfVA1SR4QP5WJe0z31VpMBO40J9pcsKhxs6CkUe7vhNIueUuyKdbvRfmgxLeIyT46CUl+x8iJUUFJ9bKoXQKHSiVwJpVKPYzNHIbMBt9M4vmuHLwGpmbx49LgXjcN6l4klUTMBqKr6kNQk8CYvSIkS8bWS2WjQFjXGCbgEDcGUMlq1fROCiVwqQLbapmRGGBnJy47KmgMEeoBPeTTgoShaaQwgG+kxEsPIIXDBtNe2Y58seD5EVsTCeoKhUorsfjAEd9REKJgNV971Ge5bGSjDK/UreVvv1RDTwR2Hsu7YJ4eIoVaZ3I51NT+Ekq/CsNZl3MXWqY11osDosaUKhSpEMx/e6jdA0kmPJcRg4jmJolcZ3g342UXXYFK5AOYF7DFgOf00c5RHSYMql5pJOdo6V7F8X4BUQruy4X+eQp0JgNusplY3jMr5nRXrswqlBxFPZbksv2gFV04dj/c9rMVMM2oS2cX34UaEmMp414rpUOpzKyipGJdmPZvaPlQi9Nmg7Q4QywWRoXsOgU5qkm13XXXhqgGN3CKvuO7dmzNbKLjmym+d+2XMxy2v1uaiwISWbgSeZ7O4KFBDv72jx3i3Ade6GDYrEGzG9GH2uks/Rv/8JcTwzL8KSkKnuDDoNEvOECYEYglRjm7N+GrN5fcuA0W6m+hRwun3kxQaB0FKISNq5PwkyLKT4oeQXB6hniABqCqbpu3hMuccuCvOAc2XQEzhPeedNsHvGQYU2PXBY9eW86DFRAjig1pmDy4cYtlcfT2GOputdEnaALwnc6aKOaUdBmJlpEX/TKAcUuTrDeQ3XEk+NIyo/6EXS3SNnCKu67TUh5er6dUakuyjDqoRzcdCdkGAVDwGWEVgGTfPvPcqSh7uCB19KMKYQwuCzv9oJei+B7l1C0KnPiLkG2QkTp9Tr6UYrk0+8W1UJFVPnwvLhhRCAA+Q0HBRiliqQUvRdvooDi0tlMZqqcUbrEI8jDJ+KKQnVGPd79Q/H2aNhJ4nKLIM2KcbKpa+nyQZXWcdF5UmWLhvKiN7c3coGsu+N5gpZZPCyuALq2u8xhSfFh32M1Yj+T9LpIk8YCaoPzfpieo2M9Afr60tE6Ex85u0Ac0dQcRtBtlbWbUcTW0Rc19VWyeeKM3Ott0w4JSwIXGXcdmTgml5+JWFyBbYBbbulTZHkjhD5xAVQS6fYIVgihCFDGmUiL0NzPYVSn8voRGn1LQexfWsVxjmjqUOQHDKa/GCVNFi2CXovozColeWKOxIjuWqcr2p1prADryHXKk1ZpgstRTySNKabZUBQj5UEFQe0pWWYAqs6Mdm77At3s182Kl2GtUf53bEbtjgAGI+fo04TtKg3UypNyfoLigqGC/yOUKQRNbGCn3QxMAHjYVcj60Y4MMjvOJqhFZER4pu47Xu6dLdsrHFKeIBKCTLzHqgMnA+fG6ORyXBgeFLVKc3AU0mCkeqaScbnek2yk359YS7oSztqlka5LUtOZh4jYvu2pzj2SQhrZeqFvQvrvO8OG4aIE6CT1cue9bdYViwq2ULqBHMQilcwfqBsuhFTUNNg5HfiLlOVUcktXSq6CRfUkdyu0k7G5SYcC3f8TbzCyepGgIjIH0F3SqoAxhv7Elylxeis2SPNq4KxmTM4SiY2cmMVYCviwrRY1dWLXYDrXAh3WCwc774dmM1LuuWCGg0dOp2w3wcihaXTFsmClzKjKlJdmHrtZFaell0ulofgKBCw40jOrORpLtUAxjq/a9fQi2QllYVzzOeQ1vu4MEAsyFCelUKf+Dtfn4eznxbT7MicWL4+kVTnq1WbRFeDVCHddsu4CLM0hBM7GfMqCkEEXXXcRUMUJqKHMKxhDQh0n2GBiKhHW6JC2UhaXwJlhK8mOLCAvF/tckrTU55bFAbgs/DUEBbeZacLXln1RWO9yve6dgTjvhjRmFBETsxgPHzoPFRkMU97fgK7wLGQiL2NE/k+RgddRfAIExLm2sQPuiSTvM/ha48dlxJxyPhMEGZKVy8wUzj1SONf/etqBM9/lumxKqYKFVBWOpXXEDrnlDLdjd8JDIpZ2P5aDgkC0DjjRCSjAj0pDkcLFvpCnLQTBe6FkkBFBzhvMjRuT0UKjcisCwBjNcylOHjRnYiIRfNc9akRCkhM1F3HU4aketiiqpyp3nGLy1APcJb0guJUpSVHgGxeIkiWaTqqePei9Abj5+ZsQhvtTwahQeEu1SndjThcq2KlV5rrOEXmn+3rnlOLVzh0tmrEYO94TX25S6VftFfZh7BBwWCu8rTMqaN2Nar7AZiivTRZriHgZysQ0z4FMNEh3aVg/EW8tLMiyuBMI6wpMo+aUILEmHfcms25ZV1uj5a20X7ZAqDI3lK/2bNER+81y/MykpdAZ+naSCjFq4XR0K37CDwxqNwrARuSxZZJbYNGHWpGPzK7ldp8+QzW+FTHqBZEKnJCu++yAdCFo8hRd0pNmKMx80Rvv0ZAwBzP4Bcy9J42339egpB9MSxYIVpDUkPjmO223LmIQJ425FrhfwGOXLfHOAK8iFsKs5KNK27hD4zJngo1BBXUJAwNk97/G99UatL6axubCJ3lrp2bNnN76LELjAQTGNHhdEIXpwOOK5OWkWs9/XFNarRMTfW2t7uE7Wo4iQ2+LIdEP/eaWeQAvfAnV9jcCZPpqCOtK5AMwcSC7Tnyu7Qbh6kwk7zW8x0s55TALqBroOm0jNKqi3lwmaxKxgHGSutLhY+/Ukx2Y33Lb/dhxhKSfk3kaawxymKZBQFCIku/RETcX5cv4/+A1kUjbL6Wmbb4wapeSpSt13/svyr1+DIf5dSgvniskE4QCHGxAVnyCdtG2Rg71gBpxU/OaFTLoIX9ubgteUL4+uMpfNC6r8zcBUZdYfZZK4cW1Y19HBZtV6hbDMA+QRFb766ufR74Sq+EAVgyyvvMCUAs5JnLLVWWiB0TNvX1iMEql7tMssglmYuNJ8QUvXVcJNWvhDBzGWzPE13C3GHPRRfPpdxJ1DXJF6/c945SjWuMJVa43ujCzIrkQtKurou5/I+T1xZHpQrIzohVg1kN5yurWCgUmzSO51DwK2pyEIzlhDYdx1F0xxf+jpWzYaFsp01hgMpNayrsjBckrIIiohmtKQxalUKNZRczgSovL5hSBPdX+I/Ad71yjYCW1ZR+1q8afF50xN+iBrHPvVfHRXcmJIwnoCEvHNoSB9cANK26iI7WwyVqxGeWs/SXJ8moj4g7higzIf0U5DlfVf4EnHlyAAJrhlTK2wra4iiFrUYSvqshuk2IAQhVjruU1VL4U4NuU8Z1EKGSHpsLV1KdGh+R87JqH87FBwU1Cu38Gwbu/xbGJLVlZpQHs+C8jj9W9AaYl67Pldr5EOAeevcsftrYqmyCfXfLXjrpBqHPRmW7Khgro7cq0w44TKkZQ7CghYmoR0L2CF9aX0qWxhwBT+iNiHEybAI1+NLaDwiLWe93W2sxWbWycdnHx8pIdp8oY9cPT8sDrF5Tf6I/nQ7ptpOIiLaDbAcikv45o82Yoj6O1KDbFjM2FTQx9PBD9MOB7tarAwlcSUj2szq9gS3JC4r7nQANMVHvNK4DhJ2ynTvFQEX8aftEu6TNwjE9DpBWa3H2kVIgb+nik3zOzJxjwZneZeWKl23cwqwV3OnTk/EnxqIk1BdFRXy3bbHVGSc+Gd+Ep+hdZ/nl1zTOP9OtoNToqlDoE0C4krMvEZoAiqayg70gEyvEHHjpEeBprFWXgK2xVnALklriGQ3cJh2ho2mYg5is4zQJBkekTTAqu1HqTgrGUoOwvBnlKlGUGDvuRlRLyzNfCfROVMwbzo1zV6ag1ivvnena09wQTZzhQkZSPAbDm0D0H9dg5UeaEVcTsIrWJM6Ed+lJgKeEgPNEiVG6QRtT2jAZqZbgJCfRDE63drfpQm2AIupzml4BzhdNPkjFtExcr0kvn+7wvH95IG7FlSpu35V1gb/eODWx4r2oe5mxqqU2aQTjHWksjaWRNGrSYZOcSc7CchrNzk1O7XQ6n86tv+HRxTPv08gIZKovZ48TyvPPOj5YZ0HFKJXwYEqZdI/U1XG8WGrmTvhyESsph160zieVJNEQGCIVjyLv8oCTEqhrbPNVy6Ec2LsTnl456B4+l5woXtlBfVZzuzH+ndonMzWZvn6xHo7B/iZnmcYp+loEwHtSd/FxjLlZNBhFRDgZ7gXw2RETF9ouc5tqFiomOq9KMRIiIRa+Rlr3VHa85LbR+Tz+G62ZD0c5HGjrb2TYmIiksZyZTkznjoHHhY5fOgkGmqzPbtnFDNqOtQEFjGFA3dpQiABlrZ+LqCEemouXt6b4YjoJeSZuyjDssiGb0VxngCs8rPnVeWZs4xiF0PNix/q4RGDy+GMfZs5jc9R+9djzGK/lSKYy3NrtNofaK/iUsLzOEV8MUZ7q8MwTcZCcbVGsBl55zIFHQv7p5/dLOlbLm+jaruXtFaHATN3FNdLi1n44ind9fgR/Lo6lenOVYoRkZxeNVWCZxCn230c1QCg1fAfAcR5XhVyf7uh7r0eJIYTpU12NR3ozQiXxppbhcA1hjmv37es1dbJrhMPbYC0h9V1UHdBIcTWvyB8JXZc4WXuFbOD335ETvbdED8E+Kz12IOo1sJCTB3BWFhovgYfJUmiiI9FoOkSfhamxPBF62GE2Cxqkv+KROVibKvLoKyoQlAvB25ISY7UMNlBPhFhhBtv3YMuKiV2rQ+mrquoRiA3HZVXDZwAETLKhR2gmWlOajV4/VU8ys6yNKpF1KBVAzI3FS6aniV0Gx/MH+zbACNryh8J4xUl1Iba3X0QEXj01JxXJ5iDONpz97IBmgZqrsJkbu0eaaK9ZKKwdIKVBSD9nwZO0oK0kdm3QyoDRyR7aiwMKAIkii40Cx4eLJkMTsdFMCDYmHAxXy0FrUPVgsUJFYsQBbiZSEdohEgnb9g6hYSMwXkFOaBfzNWDxtcaXNTENN4ySYmUDX7FRw2p84xUfo6bTP5J8ILl/oMOBjgciom0j1k234zHJrTc11rHvWiod5pCRLi6zfQMaOyL1s9Y1VYui8KShEweMY4xywvoL9lrBwz8Bh+G7zP0sxipWpg2cXumWBzJScDCDnNIjhJ+mjYBkFdv5PCUIOQRSsAwXHaPQcVxGPJNxA55WmgCNJjKtLjJRJDB9Tt74J5s7cIxmh/JS6lzdi0Pyrna5f9GfZpBz6yTb5iwic0JRBk2k+L7Z5EIIuswcs6xALHmQwN5StAxaNphArHX1q5wliihLcvI3VInQa8iiS+FPR+Hp8PXyU40mlwUHeqO1SWDaZxvguBh1f+Si65svYHSt1xXCULJFNNoJ5Md2GRkLzsIjjhhKmIcqLO3awyihlQTWt3A6oPUwl4YtoN35L+pcZ5U0hpTWJvHwiGlXjkX0f57GAKbIU1FTPCIHSu59jEyqSDODmLGqGTdCRMO9JwpXb76fL/Pqp/qDMGcolI60T6cJmN2ahwRrpc1DaJkRWfoY1aZhL6sobT4uh0sDwMKmMJO0Jq3vK5UmzNxI+EDndhYmYWnShORAhwPzRhvrK4uYhTX7tQ3eiai85c+ovExZUCqJBSF0aSP+m15AOgdbFxV+ho8GDBXVL9qglagHVpTJUilShoMb6TUFgM/Ygj9JrABRWSMoJJlIAhFJlNtEzqipiwuAkPRXXARTM9EYLVRhXhLhcw4vIvPPArihOoXjlhYG92BR/syQRHudAxRupmwJ1q/3JCJ77WmEaYgNkZiBERpX8PTR4gpl+z9hnrlkYb3Z2iLAjRRBAKHt4UlHHmjUNXKLH0DuIslmTPzqOO0+3y4Oe8DJ7aRyXuf3FqHH+HCiUMQXPzvTmGTbaNtI5ExyvjnIcaPjgUhYGjem1gY0EToemIW2LZiR9TEzmU3XIIye2w41St+N9J9M+tHP1VjIFLch6d0/waiLjOBQ0QN5SPDNX8SqCpF7zoyNBeTorQMXZWRKIQjhPLSUSrBOoiiITXRJ0SjR7Nyz8ndGDnLLGkFxrKxllFT4xcCSCh6NTc2hiJC0Y+oD/9Rii3wAKxQYu+OEUyQzcc4My6LnpcvZ/1r8io3XSddUlAkhYrq4QkBQbKzLnGhPsc6O699HuI46Sor2YM0X8iVOrxqKx87QnGQKE+8pftG2rIoUxN0fMwQke+7TpJH9UARaa3bOMCOj9kFrHrFbmz1i9yOfKoVZxfMXcqLqlvEKeTtWIJFqKM1wQnn2KItjmy+lDbdJNJgYqwshgLOWK3pVcc3NhEHXoUUJD2MKKqYMDkB3H8F0Fw3NjkLOwxmcGf9S8HAYhBChZqYlrJnQPulYYJr63CWYa4A7QxETMW/Hw+HI24G34+FwOBy240bCL9x/7sxn2mRjokY3x+PDm/v3b26Ox8PhcLg5HI8Hr3rMpoeVjtUhl/np5IXz0jPlhH/gAKoHF6+RgWAdrrbUveuM5yr5DL2ynZ3R20+NCmITAjYpIGISEXH+WLgXrURiYDpG5XJlt6frPDM36k7K4mb12Rf+Mk3yk3g3h7w73L7C919zcIlAnBJjN5dTjJFZlFgoiuEQ2XqskQNMAKVk5OIh8BeuIV7CybJOuRigHS09s2aa/SZknFPswxkRf05M4xLNrgTdj2T0EWIXP+5P1jHT4cD37m8PnzkcDkR0ePZ1Gx+2w812uKEmfLzhw5EOh64y23bgRtway9jZIkqUUX3RkIcUrHYlPQMcImMt8oZqmfizOJIU7W/nsySNd4I3JkpfbM93K8HCYQVs++yeL4QH3aJJqQZZYYIw1MEinlypWE/hrldN5wDDUL2IA36jgp/CWMHoC8C6RJ/bznlp7FUX6fCEGfT36Q5ZxAzz9F3vSmZRuGZSU6xrhQiDMsd1tTMtx4oV0hnn+S7h4F/CYWXKp4BYBn9rSXSzAk1TcS2ZprEiAtcTey2SKbh0USl4jMEA1gvKdIkNC2nZCa5eY5BPnRaFORm9fTohsozZcgzfj1aKy0l1fAG96HuZ55Gw2h3wShsUtQrMTLnEnnPXEailNZnRUrcHsMY55J4yOSQO3SrflvHIpI0ugRAFuBQ1bTQIXhwpmfEune6xkHNZpLocu+e0ai6RRFotBCmQifLlReg4vq1ub8wv3b30yce/f/9wfzvRgehMdJ+OD28e/Pbj3785Hs/n9ogefZJffPSFL7zumeeYeGN60tqjx4/efP91b3rmBZEGEfJko+Hx/ZJ3BLM/86T/zuXrmG7ZjNLE5XIpbOenAUcNEA14sTTr8S8CstL9PHC9XtYj2k6FkI+tqdE+truwM9OSTgHmvQAGK3LJVasoTnezNcecgaGxmb6qRCoqPUHLYDUbLFv9TUg7KZCvmBPgLCRkx39jpdrFgBm1zAyeN1awtUx2GWDSym40qvgGLEtAcFdLYLMFl56rBKrHn/GlHDDSE3vh4x8Tp1IAp6JqmTK4CTEGxBTCYi8BxgL89HNWVjVuvYUQETV43gTZYeKUgCLS3WoLC8O39sKIrXETYpIvfIY++xm6/0w7bEJMh60dD4eHz7bf/V2+uS8by+OX5PaVJ5/6nXvUqDGdhW7vmBq//R3y/BuoNdo2dbaCKcCIY2FYk3/knN9wWkw8Yjbk1jKyjykvFwQbRqmx2qTg7AiEjXxhh/2HxgyIkQ4xK0JKMqN3nA4VPleZ8aokuxlUedZ1/+gkrkoNcwS2i8f3BmmEU8rKsQHEq0My+984S8VK6apkHxq58vK4PhOTfndydIWnd8cFn7lb2DiNEas1Y787VwlNUEcKWgRb41cKCcpyMIhMlv8VqBQoFjyBUQK2AHAGPuNWd4CLc8XWb4aWbtBt5/Ow6nPH+FZCvwXyXdK7cjop3A5tkqmQwlDglrro1n2XNQ6NFDG7kgIhRaRdvcsJjPvQdsl8jW+8w1G88oKSH6VIxHf26aijwbZtBFRbEbNQ/NFxqAmaYnPoKUKbj4UOhcPYIeoms7OQyLTIJQQuCSlDQIxOj/GCoPY0APJPNcowNUkCkDzq3LTvh/sE52cmNbDwGdoviHrKChcT2ewzCr0WmmMmo7e4aMuMa26tsM7k/GKiwBEVIMLrJsVU8TD3UrlC2NdIknYu/W4hSZgb0cyB6UoPcjZiZv6Vz/3LP//X/re3ty+37fjk7q47WrmTV/jxS/LoKMcbPrzuwUM5Pbl/fLDRcRM+yd3p8ZMf+8Y/9n/8Y/+bJ3e327Ydtm1jxilUfgbxyLxyQR0tq4SQ6ujDGRFmZv+Y3f80HKgi9MGpKPpqkYUokryeaydBaWC/KKRROw4xMNw/LAdG5VqPTlHCC/5rm2B9vEEFseJzqcve74p9+K74i8ggDbqTru+Yl4T/3NfbmPjZW2MpO9E5vgkQYiBodqm0qMHamLhMs2umMWALkxvSDIWDiGFUh6FG0jeKeh2A2wCWmZPLeogMQGAq3uKFHGghb8P+f8LpGMZhX/bwZxF866jtfJbz+XDv5qW/8Vdf+r/+Xx48+/oTMW1nJjptfHezbXene3d3LMfTve10oMPLT242EqbtTPz4yfa65579i//+/T/2x+XRI7p3b4TpOXLR3DfKyW5yHjhw8WD7g5LW5znGLbFP3n+VNr8l+73QMg4AppZkQotJ4Oi6swEMfMhswRWpiYVu3EhClTPhnD7KTKVRqvi/smD6yzWrVwNwTK/aozWboqneIEiwchMN0TL/zBhbOqSkx7vgpfKnqveTt/nWTmwtFCqkNaqThIRwCSd3GiVjO/uxddIb4IOTxc47LiDJj/trgig0vpM442OtAYEdXBMt2TVLtQATOVLKtl+swtRS/VeeV00gXDN9TCUGICBFAImKvMl8FE0olGxHozC82yLJ0IRi/olp6uSbFFv4v+IcUpiAs3FkL9jjpNpqBLqLvyy6CVRVm0BadJToEnXSe5ujkL1iZtyx1edZjsuRbPGzc8acSZ5mw0YdDvp+BAuFjcBNi4UUUZsrJSxhqLKVw8rJ3gXZImZ7aU3AXVW9Txx4q9EHjTsaQayZGdOYwxS6EIwRefHuxig2aiOiJuQProx+1YQamWBjlUPwzuiELRERvfN1b/vYB77tL//Mf/bwheee3N0JneUsQhs3ujncEMkd3/7+k0cbsdy9TJs0krvbx++89/Y//MGPSGtNzpu+sYiVLLHoROPGFHa71SXdgN474psOXL/C70hldAMgJ1Ouq3OnjhwfPJAIJwwx8Owcrut5bocjHIgUAvkTfJPqPj2o6kzxg+nJ2sdoZM0ouJHqMo6WCOQGyp3CulqA36dPrDnkYHtmZz5qDVkYK0O2j5uX/6roIfXFQUurtWOUSS1ANIwafet01OI3wYEWrvsXXUjaq2IikYUcRsnMhChmaOvsEd3SUjjRuIUom6OOCTBHGQLuPGSz0Y0ZcAfBjsgc4waAAherkAhHwbjfFU57GUDxHwM4kxBvD77uDz1629vO//zX7r3pDU/k1A4HZr45bHQ4tm2jdqJH55vbWz7TuZ1ITnx7brd3N9/0Lfe/9Tva48fU34sbmeuTmH3gFMIaY+fpcMMbTGK3XmLNo50zd0ZkgZ9biz4W8zDk5rQ9Bh7Lg/3xtoku1zKmhHQ4AX86DG7UICKC14979Dz8OFpaxqmz9ztBTY9tYNMOgRoNgX8gjRLEJBmxCi4DvW82StZYbZdZfEdGOQSZsDoU8zrIGUGTRZCzTdybjUAK+fuGZEOKQlBmIgrrGdEPpiFq2yVC67xUh8g+vcQ/TFOKvpzC/OUiA2K9PBiIY820gOkI2Boejnx8T5iPhZjHOkIIOoloWkhHBAxQ5htyD8YSxccyuYK3qpQYz9hJrFIBt5IHroxz4MAq9TUTpbcpThlF7olkbyUw19p+BPgYRRfxG9nmo/GC1kDatIhaBRVFAu/2xCa5ZA4qixFVaVAURbPGyrUorlNW4hycyxDdp+3VLnWWIashitK5kV8xx545cjEKHLGDCpzp4X7LJepSINJFB6Su89FUKiIp4vyNcBhecmBXMHowwwKMrsgA+XaJF8GssfOhsH16DwhWCA6vPpiVdbj7qvNzaaAFBsHLyVWYuGUcjJBeeBeRJu11x2f+vY/8mT/03g/ePNmevffMQ7738Hj/4Xa4xxudT9ROm7QH7XiPjvcP9+4f79+7uXn9/Tf+yW/5I3/8fR87S9u2Q+Zs35RgTyAFqll9cGSj33UIxDhnbqwzH8lD213fFvUZjd0c6BCBYKi2CSV5SyRkwpSCSOwsFWg0w15rHuQxImmGeOak9nHERH2kqwQQkLWzd9TWFbKom/HCmIehObPW74cd+8piQApokd5EDdHy7jUDpYvBdgOHvc3aGI7uO0yQ6e/O4druriBFSxg2RaOa4bNLWiRzgLVOSViI2dhvbjvZ5CAgridWvkgzo0Il2syuO12u7c6B+dCWwT4YqgbES/jGeUOfZ6KJtk1ub+998EPP/es/KW94rm032819Pt7w8YYPN0xE5xNLY2K+uU/3b9r9e/Lw2dvDTfvK9zzzIz/Gb3sbnxofthzao/eulGHWqaiL4w3nszrodPQqpPhMCvVtxhX7hPxdBmYOTYSXugzmrvS2DtzOk/nCMcp+c6DnDlQ9PrjUHDTM5JorHOKscafok0EYnVw+NAWBn+sjhFsCQhgNRZVpKKlJv8bcg3PzVGqETJYY97DTEFD9ZADlYDRWmeUW0UmWNk3iWn7hoq3lRiZkb6vJmzuFGabGRfVA1XQm2b7kszxISIY9wUn5hiEsfjEaw/6BKI9DIRaFILNQEvBQ2QhoY4l0SW8cY++w2MXxpPLmF53s/t0Q9GLymehKqQHwsAhvDH9/3UAVv6mG214UR6krM/fH/XcjFAzPME1I1nAKwBbAQuqBV63JRGYwuKryzoQd/s/hWp7fxBOzOtAEv/8ZAM3jaRY7I1Kc0SRbwd8zKh70kh1omG+EO+G8wBw2W5fOZddB9KgDLHZgwhSSzd2zQtYowGBXHrCTgv3DdELS3yzaBUnDBg0gDJNib3OhKIW48sbcpN2d7lprX/u6d/3Fb/6xJ7e3XWLO53Y+t9aEz8JN+CztdG6n8/nUzmdqT+jtz771z33LHz/ygXk7bsfgB0N04X9XLHGXkgMxvaYkq2ef47A4lVMyiR5zFa3mwQvxW1i3pzl8i4FdCqG+/r4EFtwZ55OLfRyZIharqWQu+Kbhy9NmdwV898DL44pQQKHt+sKLmfD+XU6G/gogV+TeAZyv5q35gfHBSLOHroDfEvNDHlVYx1XmkQdS1Qabd5V5c5EJ7iJZ/DhTYo1ys1CfFSAETU0KUXe4NxKNveAYUFeWMtPG1Mtt2/bwO7/3/kc/dnrpCxsf+NTo1Pj2JKdTf5s4NWkiTYSYmhAdDg8/+p33/vAfPj96TMcDa5K0HLmM5hct0+rErJIiXgvcr4HMKJCJjfvK4DW1AsJRYkOkiKHvPMpVqDi0+dbCpJtXyvLq6lAPVriSHFxmDJjMSY2CuTJqjtQRTloyhbLIwCAnn8bMsuIW0K9qT4nGERWBugb7BrISp8695FqYsP6Vhi1bJkIuhmQ4es+vEp0zhCtrkXUCcBGN/ZbI2FAvTqFHKrFMMFMB6DplthTDVbHsOKz8XqSEiATELyKQxsXqAIgsTWJMVkCxOdU3CZO1XFS8OIrS3moZdBnWTOLFayKofr0Mxmb00hTokmluUET4lw8RQQO+22x5y/WlptNPj6RWD2xX9bC7mr8p6Y0xuMTuKYfs7kYLq2bL6oqShy/9ghm6jgl4Rw01GHpo5NH72Bs6dHQZ2/823hxLjWAYWpqsMrN+uc13fruQRj0ZZfopyh8s8h7T52ITnIk1oruFkRt+N+h23xigTBB7QIgooOPj8rRPYCFnLEyndrq33fuxr/qBv/6e/+4XfvNX7j24dz6fSIjOQiLUmJhoIxGhA8vd7TPt+Cc+9H3f8ob3n9t5o61vbwjhhiHFNLJHz6pUFyAkyXooXaacJs9gR6o5lItYH2MvowL2/WCGn808QjbkxuA680pPsRkGijgiHuEFy5liC51iVtWBdzgKjDwdeLGLdcG0xdGr+LJtaOWZ8ZdB9m0YbL8USCZ854jeI1meonmsbVnUgg9aXHPMts4uovyjTaCniUiCUxm7pENPS5NgrktYFwcbNm2WuhIx6xT8ZeV4fNeu3hIXhICxtVyFj2iiAyZdeaeYW8yL8phlX3j0do4YTGcmjaJBEXxqYW4TjBGZjLN+LsgZApZCQ3y1IRgkbUx8kNNpe9Ob733/9z/6hZ873J1549bOJI0aE2+4uMrHw/mVR/ff+c4XfvCH2809Pj3iw4ZV2GV0wV6ENfGbFN8FzVKVYHbS94oUsKI3/mCXWBCQyOEIn13mAyrOUb0heN0aiRtu1s/FhAlTerLVDsMhT+oQhCLTmNIgKAZVZxVqDUMtomAzx+YNwJ5bTrcTiRFobnjaxqMr5Q8RrV+WY/M7wnSL4+O4HN4opg3QYILSrEwvWxdmwicRFMlMoGUacazwLGynDuCMkCw+G9yhFbaXw1ZbmQxXGQLNDJyv54uxIlBGfTnYDpEaSdWRiXSnJrM3MRvms2nqjKqdAtQdSoskyq0Gm767oYZvgmUeJtO6GHFGRua370C3osucros+2GYK198+CCNaaDWEzmKbildqXdV9J5rU0WRClB7S3BiFPy4hBtUIcxehRRuJNm70B7TZQuLJbISfM+ZzgXKRvPm7xCqR9WNTNIcZksXbn3YOQD1FLUWses0hQ51C80vlhzncYbyeaooy6vjgnyJuhfRT9dGeST6o0itxusCIz9C8xkMzStWRPLf2ZpgRruC4Aj7NYYZj48N26IH+O597+1/41j9x2LZTO2+8ceubKXUfSCNpJOez3J6/9k3v+jc/9GMk0qT1gMtyyiqanIaVfL5HQtnAuSUhZu0XIaPok4plR6ZJmCNPKE5uHDdNj/4R/4mAynE4wjcC1BAV01wahgr23KrvG5lMaY0XAQ21/M+d4s4ZoNl5vvQ1e+hkLxLT1Cus2TXHFbn00w+0vyC8a8SvBN9Prs/M8Zgqict21dBw/7UMvoQMQ6Dm9uYe5jzNIJUA44snZgsfXYCjqlLNRMRb11VpTVp78OFvv/ddHzu9/MVNiO9OfG50d5K7Ozmd5HySdiISOd0dNnr47d+1fdO30OnENze0bZNXLGkIzihdDDjm+CyU0ae0LXX2oldSMaxQl17bAtb+o2jD00l1MOLgBp39SuH48PySLO7U+LM6VLYW8My/BRqhi+Y8J2UUngf9clg1XxxbU437ILRbd0UQR5FoykgjwkXVRJ/qnBGqAtlrzHXtb6crINZ16LMz0jUF0CsRew1twhH0M3hPlX6mLJlhnP38Yb3esDi0Jpg0eK7LpGLxvE44HUU61AEh0CsQhJajktKLUkU1DkMZ8ZOesIVwAnpLMgYpAS2W65Sk+nynZaw4CqjPpTAJ1ZP2+V7KwE5MtboiaVtBMnp6HMfz/0LuFPgCHpSnr8ZSizoqJ3HiGFUDooYY6S80p1f6VRZI81XrYQVUESEvySOeV9mUUA6UYUzZiWMmW3khXxc1c2DZgcGhoDZsmDszRBtlP2orPGNxdW2+nLd9WBBVP7dRg03Lap/Y3o+NmPnQecrM3//u7/zoez/0P/zK33/24fN0PpNsJM05daDT6fT8du8nPvxDH3j+fY9uHxHzzbZZwC0iPY3aW8WbYjwgSqNGL3EpdVDutNIcqUyK8YccuIn9ZHEii6z6B6HWHKSpAnidLJhmxrZIaZdvf+mFluTGL5yM4XFYN5l3w65qWhsmL4KttTj5DyI3EIqncjMk+7YERFF+dHbCKHaFsXpbRV0BGe5LD8KSqbPFt15NyBYJzRoqAqyg+AIg+88Sn2wrzBQAZ3PloYodyxXI+cBGSfthWFcJfCtmX0jE9sZw1B2fI5xKGDWsM8E7XUoad2gZA8OGAaudhymLEpq8z447RJz7EFh/zAtuk0wiT4bCItXIVhrWZF5d6QmdpqDDqzGR3N4eXv+GZ37gBz//83+/ffalw83xdDqNYXtgtjEfWF595d5Xvv+5j/0wHY58PtPhwI6eo1sKeUEpEma4IZssezD1H6GT8Yr1D43HzDhM9jwWalA+wKr7icAvM86hjZiZBtQHsu4x0dSM9RmMxJzM1REii4RzGhh/hTbdvdjilBM8LvnKAEfykV1sb7nSOBjQiaGUrjhVb5c1J6ghBAEs/Mnk306K0ubqgNwYZkS85G3z09HVdVExee0iS5MIUCTPQy8ii7A79oXN2QUV0eqcV7dJLkuqGvErFNGVpGXVnYtkkOMnNHA4J0enwJmIGVEfJQUiZBxVzgTmOPf8fZ2Jt4ucKsiDRWiVH0w7JtJFZFq/YR6HhX2NVBGNY7GyR2jGUFHP1x0Y3O3nyXhqaSfZ8y4eELUIC5n9mJmQrIjoe1VJTM+BXdVXf3BS9vJ/kBBL7Up6wX8PlJwy55xE5Ovid+nKUzQ1U4cH6tkwEqGCQBtpuNXNxdKXS3bPNsCe+4fhrL42fvbHcwG+OkBrbzYuItL9oph3ZyIOUwGGK2KHcw8YjsFFkRSbmUEdWGoVIMBFc0WvDo4cQK3s8B9mXAI+E+94TAei7Si59ReLbgChgbAUcG1I75OmJDazRuGyme+hik1ae+dzb/mL3/SnbvjB+dyYiNpgwVgFbcK38vVv/6o//aE/1qRtvG28BQK7Txr8SyGJTu8IhgQvQlNP1/PUevvAEZ3l/N8ccysTkMPGIcGW+Lgt/Ae6IzZxMYFQsdE2MdMDwfOLHKdY8P8wdHm4VtjLnrw1arSNEIQtXxSmWt5YN0ya4TY4IQcIQdVSJg29AVrVJOAG1mZmQAeeAqkcOM4n0H0PMQgCSOq3sDgobzsVj0sOmLjVKFRWBI0rGCyfXx5+p1juq3AIqILATgO7Lxkdp3bd8AUboPNw0aHMbS7KDCJa+FG3HMXQGIfpFUpGfDl2l099GH+4EuYm8vDD3/bwe3/wyeNXSYhPjU5nOp/p3Oh05nOTx7fExwff+V2Hb/j6dj6FpIIDuoabB3kTLW5VwZVFRJN963OTAyQXcJ25DMUmYnc2Ci7FE/PtaZnUfMBsiVCYFA21vSskF5KDfokwDonyXksd4xm6cLe0iLU4pASKnSzV0xVbp7Im68XYLF6YB3V1xcjM5tr0P01ANOBdyMW4Nzyej4qxCnp8wyZMkNPoAxCmphcPiZxwT7SAf50JWlnIgLkOvZg2uKt8MOtZt8dfcJLGqlfceMkyRBtDKTatW9NbQyzvAsY9+DcPTtGIuaMRv4UnCZs+X8vpQAEQh1glk2qnnVvh1dw2bODYFFgO41P5X7PYFwVstPezKCE44rqTdpwuhjdek1mLNMvDY6ErsUpria1ZzOEFNNRVRMgCDx12Iyreihu4M4VHF70Lw3+x49CUbL/SCBNPV9MG/knUDltv1CKI9jyEZY5P6aDtKIQe8cuXCkJQBnUSghMCMgerzK+zhi2cGirVxRzEaA5GDt3duiwmETLdwDQfQvVTSE7SbtsdE33Pez/yYx/82Csvv7wdjjoqSxNhOd3dvv7w4M9984+/+5l3ns7nw+F4PBw3jHpjaqljCYcCM7gMWcU/JWFij8BGqS5iGElGk5nrDwBClhxy5snbIfzg8uAFPGnPFfxCQChJTMxj/7iLy7hdja5CUNyaYj+3dGTl2KDGGbRqVGVPfZ6CxEY1RL+iEZkCng0ieXS6e0iwVCnoJBCGZbI3E7s/YEgvyeJ3ioIHNkHCuTlLgOZqwfqXC8R4Co69SxyxbLBOJiOBWJ2pRclMrl7CXJd8riGUXg97bYC56M26IaCq1yYHd3XSa5hll4kewKaoT2H4YvrxwMcbOZ/o/oMHH/ve7d3val98eeONzmc+CZ/P0hpJO3/xi8d3vue57/8hOh747kTns0ltQWaIzLLDYmsIdMAsdhyDQoE2V9K2mplJa3Z26DhagMdS2wos8osl81iXDQQlgzDgJHtujBtFtr1gIIyY3HG4lihBlKMNEVoxuzwYTHfqiLGNTNet0uBhY+EfRwYaDBf3L053RF0vQOdNwCqEFQlKJ2CxUayco7tdMjdwLCJLQUuGXDymtEqKi+URk+1wp4ozp96T7C3wG7OYSk0LOoNJlxC4Jw+1GO3C9dTRqxgE7mBOBa0f2q/EgN0q0urgSRICNDCTY/wJtwImIidFbFn6IDwS/BSFUiI9hBM7aNFIbNaHYNZT0ghGrMS8cJ1et4OBFggcbWAGozGXLoR0U2nlArPaW/oLlQnvOLaUpOEmr2k7gBR/iY/jh0mdu49/VYqFBOOPjh4UllciMk8K4xY+6psJMK0ToulNP51WMVJ0FFbkTON9FDfbAbPkZ+0bTTQ1dliRGTZASx00cDbfRynQSlPPxCxCt6fTW59947/zbX/iv/mlnz21u+3I7Tz2nDRpB+Jvf98f+vFv+OHT+W7UlsR4aLjPR9jtJ8qNMNGpQE/wUVYUaYUT6mSzGBtbADYkMFC/MXGNpiFKeaEXKOdeEnN5ybUBpU4jzzhdjrDYK0RM9cLEuTqEuVbJR/mCEb06612cM5KlLaBlbUbxbXoRCLo9D19Ua8Z3Ayfg0k2Kb0ibB9elY/QsJAC9PnLFTfzzpKtSVDdJK4DZ6AVswosKkJMyhEG5twpKJkVUVBUxUp0ZPOmtdFC0gxB+dLFZsSnvN8SuMq5ogcC1YzQWa+i4YDGOeTFFJtITLwL/k0s20VZRTkBdtBfuM1gDMxlqP8xjw79cQUi7HJiEaBNu1M6nh1//jc//0A+//B//x/caD6d5Jj4QPXnC928efPfHDl/7wXZ7axjW5Qz0Jkry1MBd3KAENiGk8Mb28mgQGwhwsEh+lyNwtg5nIcBM+RPV7OmXYKox/Hbuj++7sXUUDnMt8aU56IvzHgw/piDMQHTb3bN3CKHN0ZuwOCXjngAUbYeegG1YUfTc5o8eHK2BTO4c7HbgE9hqItK3/khskPtI8dYQXBYTa9CtWbfxFOzh7PvUKeHbKYxcSWlhiRiRf5R1TYBfNmPEMRZ1vb0UzZZgkUAzH4JWICU28OY/rccVX2rIQ4PpWzUGRdHRMPyubOpVPiVLVnCpJYtq660vbLNxk5+1KrNfk7guCmYkvs2caJKx+SIhw+NVSrIU+TJD3sm0XYxJzcsIVC5gK7F4MQt/QSBcSgjNlXrQ+2DwQAtEQwZOUsYcn7eR8EHUkjNMC/mfjLPB2SgdkqVhjuee+ohzX+lE7oC0BOyKdHBnYDPk3XWM0XFVDQdjdTAzkEGGhQLDko7RAafwNhhtzL5AZb8z2lmWuu52KGMpkAOe6KJDr/Jw2q07KTkBTip948kEkjfeDnwQJhb+xnd88Ee+/ru/+IWX6HjDtBHxttH5dHrDw+f/jW//sTfdf8NdO41VntauqVdhC0ZkGSRSYvPLUEmLBcw7/4GnHxOqEQRywyObPHLYLBEYPgl2iTJosktbCJUDHi7fbIhOJjccApIPorXGKASXgGLvKmU2OHphhrmDkYHnXdSvmOL5cKmeLPvsj3OeWb4bg2iOCa7CBCYoHG7Dp2va0/+bD4kd3M5zAMp1vScH3WgW4LKZECa3TxbNRXnKRj9BQgk3vX6qQ6Vvpmi2pYb+7jDBtjtY8MCke1TUDFUWdzG8JilCLEx3J77/zP1v/+jhve9ujx4d+chNiOnAfH7y5Pg1H3juB/412TYi4sNB3zxUDoSZ0JgXmcRhkO9/wZgyUITMQQNmNmICuxTRSxOaDUlgEpnoEg1dZTTPYWyxWXUjbdjiFEYVc1Oz0qneJyCnduxCr0xj/wFfSYtNpviNogmMrtAAh8ma1xj342Zr4ONpgDvjPncMO0py8lloRZkGBEG6ZE6f0jxc6PW00AprGEtXKXAMP6/xFGH1z6HkE5g1Li/uIx2PTAJ0wJVPjIjq9DXlwaXryBd4jhmwFOvIgArvhxDXHwnZa4Au8/YpMjI9WiWKdL1WTl12YE7trWVIPh2+Py0cgxLX6xjawjLkNYQkdOKPAfko+i4Kobx3R+Cx4xTA5eVH8AgY2HWrxONNFUz2eolo1JmjNEZpLiPFaDqxfpgJDrbb38NRBczMeD2WE/oVBO/SwJZdyjRo4f/IE2MiXscr5U/HE9VVMsJhdIQSu6gYSGzmqDE+Jj4jQnTgjVq7O53e9PCFn/ymH/2vfumnGt3xDcmZzod2EP7ur/3wj37g+5+0JxttQiJtvAK707EvvXvCzYmrkRVxfksC9kbGmVLJgrKflbcktdGgRpYMtw4QFWvH2AVwASHq0GTxUJ0Dv8TbKzaohaPH5H0r81ilG1jFVQewbtpPBk4Meq6mDIujU7Qcc0W1OcqPaPWxPG/Xh7WJn27KeAbzZZuXwv4ft4RkExqlYeE2rGOIBXNqBoPZp1h6l9meVD/xEpct7B0Y+NmDqa/odDERGkqNHIWwto5CDRVQg5e9srEWxlLpKI4ZuBAVyMexrEtsJtyNGUwgTZtUgDB/rzR0cDuIgESVXn/svT5LVUU2pnZ3e+9rv+Hh9/3Aq5/4T+8dDtRIjiyn8/bMM89+7HtvvuYDp8ePt5sb3raZpswcrbXXA6eOKCq2OG6YRXTNntld5JVPMXCsgHPpUNWy3s5iBJQVTGnvSxCVoR3g8K53jPOGFPlw7BJvLiCY6hllIkHhscfjpepjY2mMZfM5rk8ZyDAOYvjZ1QgwJZ9GMoP06qpgoF4taUCTvadZp56C5nUTXwaE7UhICwcjgkhjVBkXyoTy5FBqFpYfEWZkx/gVIROY6PKY7ftuZMIM+IwFSQlrrb7yFhd7MnpUB0nmfLIXAylF5DmA9TgcmoVi2zAnbtNwCCKKb8oJUhOw17cohjkV25ngAJwWEHhi+Kyak4maJKFjuRxqTUPBaMr2jXsGOTnumeEociOJAXlLShEMy1QY2pM9GBcqPkH70yDIioT2LDBOgp3nsSA1NDonLMk6GmKq5kUpQeOMo0oZgslMGWLHmbCCa5VaauIuLFlKAk6hT5BjFMrgkOJ1MX0REmoGCcaxvXvZ0WBbcNJGLNtquplvJu5jbN58TGEz0GKBurpzPZpCS0y06+qBKQsa6SjdFkSvuiGDZIIecyWRgG1EYSOiDUtS8WAi6e+5JTnJ+Z4cv+O9H/5TH/rB/8c//q9feMtb293p1fOTr3j2hb/wHX/64fbwyd3tdqAxoAhR7wjvz4/UAYH14VIbPZgmDKGNpC4gR3O8Eg4YxHcljQ1i6NpV8YSYQxwWTfiIeBqI3+ZNGLppa6IGX0myCGcSCT+aGFiZGGvKtp9/aslooLGp0vStsepRpqBn/5DA/2GtDZQydEzLLLlkNNvMlddpOan7tbpkcO0kVNyS9avcUgkWfaSx1UdxGobX7T0dqQxfylOaDbBtuOsiM3a9xu64T7FPBOgNw4ysx+oIzy8k9jYSWxLBVrF5+kjx9Dlh4ljqMHjOyYgPGvahMZhuKCYjsR680Iv4Qk+ENnBlGprGem2YAItysFOyUY2Ime7u+OGzD7/n+x79w39w96sfv//c/fOp3d4+fvBt3/r8D/3Rdjpxa9Sa8GJigPqR8YSrgL/laVYoBVbHgoQ4UGNpVCtoD9Vw1gktJ+GSkZhmlIbNE3VN/ZWZ2MaJFWAM+liYX4ndRCU+eGcxt+goyQSNSApvrAAgdAA2BeVRdVIyxxs2tURHruxgVdAaM/yjB8eRk60LKKnArkyWmwqc+RCSBkwosszieAgfEQcHm67PwTQkjSsJkvjW0NJr2C1AXYde223EagkzfOueyJXRL3IhMGreMZkpEUZ93/9WSpqaxEzDbWBdkqLBKLgjlRM3M8VwrFfYhcs9G4dmlgsMEobGTQKPyWDUJ3QxtdtdLyDuTHefSiZqrdkVBLWESrRZ3jWhIcW1a/F92i5zWiuxMVKD0ywTZxDtPk0u6qVVj1qQpFGCIAVHeuxnHlhSrATAMGETaXXINCpet+XQXRCOWQpHyPjr5gtoFpLhaaVnRbM89GZuqHcQMdebUZhQJSKiM15ceMkKI71WiV/CsEZW7Rge56pNOHBOZU4+ARLTeULRztro3po0oXZ7vnvrc2/+D77nz/30J3/ui6dX5cHx3vnej3zz937/u7/rye2TQ6/iDzs6MGuyKTqIxWR30thzYDQf0wwWzS9McG6T1FqmBuNCktvksvulUnjWxzmB24/nBMFGcUw4TU4ErvFG5MWu6MFGy7QwjjVmsL3mY8Qe7bCARr+h4nkGOL8VaZPti5hh5ixksZ3hj2Z6tuO2QQNQMstb8H3feWTk0cFXG5CASFJ71ru1ug1dEobELJ6ugHZz7oGzvrYTabR0yPKOF4lrg8/ZgOYyg/6a/Xw9HBHkmvN1UJA2Vco5FAanuALYo32RbUkL+7GxPH587wPf8PBH/sgXf+v/dO/BfX710c2b3/jcD//o4V3vbV/8Ih82OpvqM0mzFKcgcxEQBEPJlQcPHaW6GFvyek5fa/5ZHDz5tlX+mYdIliwlUrNrDxMdo+WIUY3JZIumD4QsfnYhOatoMQb6CauOtBnPdMiweX2ZID6x1fstcekjxIWEEf6NGowoLnl9dcSDg5/MRBbgJWjTMS/mrDALfJiyNVb8vc1ixNXQePG1HaV3yNsDh5WdnIgSVeIj3qp2VWGRLdJekjka6rgCDEyrWz2DjrDTp/jSFw8BOkTliaLZatoKZ24McpyYWa57JW7jxbBhwRiOKMevy4Rys54Uy2YwilTSuxMz4NDWcjVltcRmGxaejcWiTL2hgHLVhjBHm2mZgqh9PxK4p827XdNq+2h8VOIjD0fuDrsEKxVVCveYXCoPSGkU7Y5WwkVX+Cw0JKKekWcOjK/cUGtn52kcF8fxXzHEmjWrr6dGf4pYTphUg5Ja7XxElw0uEvBdhD3Y5kojajXlVYwRfqBRTSGhOp+zVkfOp9OH3/71/8F3/C/+w//+f//cw9e9/4X3/Pvf+m+PbToiImfW1T4i5o1Izop5iJKQaInTEPiy4jJeVdtf3NQoUaiMriU06oeva+fIshigAaemkRcaw/MvZ4LyojNrZ76VoqeI+1A1eiwjvB0g4rcZ2jg8NN4XRRlcXwA43CITBdF378LSH6UqkrFYJmJc0mEm8pctpc3WPpKOOwPnxZvEwRRd0Kc5aOgAL5QzJ8DRUYF89+SzNTM9TLV7AOBrS3xJFjC529WYfUhZtNFEoisKsefucL35bLqzDSeKZmTCSbsVaDzlkfmQuD4Ggql0DFiREBKW80nuP/vwu7/v1Z/7e+3n/uG9m4enb/vo/R/4EXnyhEnofBZpIg3cN/zFseKZ/lowN7OzaHLtMfmjKyTEkZhHviTe3rzieJCNBYLVKKnP/mFys26PYVzARNf02awHU/+cNjHTxrrTBOV6WHw1EnWkYbPtDziIbp7mS3ZjDpTtgm1S8VA1fL8qPhOc9/bnGAxMrsf0cfQU6MNukbytnQ1zbWq02LiICaeW0H1nJ2Rp5MvGc0dWbR344B4FWFurdxRegxIzbskhkLoiWVI+M+HGE+cAR27ItFcxoDfXAhzxLEg1PhY5zJPYpUJ0UFN5+F60jliwy0fWUV0e1tUQO/FtqJCscpwFFGNkQjk6TTNoUFBfUqKbsuIMPEMSWExW1sTELMrtwOri7i3oEoXQTS7EM2q7iqRXht2Lpa6+/rk6rnPO1yefEAhCYa2DANeBMrfAa8yQjG9NMun783rfm8ONUHhNLQSgHP4h5qAELESbbrUMEpdjCbX3prEUKgTgEoab2UjjZgeNptJNkyLmOIcvztoZ4yVGuATDCHYhlNJkkw3lPIy+8WdwQUFIj4s36hzkjY8Ptpu/8K1/6r/59Z/6Z5/4pf/VD/6Zb3rj+0/n0zP3nhGRXjIQ/1wke9lWIUTWcN/Y3FEat3xlflKaWQ7ncANjT/1/4nsEF5kaMiI29vD4DWIr8D/9DaA62HhJjNNBIPowIjTyPh6Ofkgtb8F+W58mwv4zByCs5QQciWy5k4WkSZO+UxgiGN76s6emLh25ZTS2t0HX9L3b9w6Gw9Myy86yn3+vEfpXczDszp9TUJPrwLpU3R9/hfrm7NZorHhsvB2gJAacjyaqWx2maE8kjLeaqXgNGsEQ0cuYUcFog9XGu6XnLGPE8LdGIisYkW2jZCbuWzNRt0f1Q18wnWyYGRQ36sHch0aI12w4nFDlpt7yGbSuQZM5RsW8MfHWA45773rf6/7sv/WFf/YL27ve9/xf/He3F94gd7f84IGcmyok02Ej3mjbkHKjC0YLJg/aIPZjR64I8hLV2F2H1QAVe9Zm0atgp8ApGrbGBSkEuuxYgq8u2R4fVQXzSxpOEE2rMr6uXS0fchwsH6UJic7aBzEfwDzM2MwS0dYiLLq7oZG0ExGRsGzEh0OvOvW5nrz6Ap0KOyR3SWm9SsPqeLm32ONScNAXm+m5vrc/ReFEU9rjc+nxdD0W16hqql9SumhMhRm//shoLCI84vA421WQw4OX4fWtF1HKgCqY1yCxJw/7i1HzEYIQSRfGYEssSoDJ60wXr0TP4pBtekXruH8Bsyu5wCBp14uc+xKsIMyDcrK9Ccesa9cdGK/5tcv6nyaXiYiONKohA9xUBZGYFBA+CbBaCre70M/K/AbEo8zuOPStKjLmwsbisI8cks9RhGgiQnLcjtt2OBA9odsXH7/45PSotWabukXO7mBHnETq2zX/tAlVt+8+VmCnqgjZI3y2eGGOswdIkEcY+2zAbUwfG/VhaajDaq3Zu1qYYA5G1WjLL7DvrZTJSJ/bllG3GfUbHoVYUa4y8cBqcIChY2vt3M5jty2N3WBNY2TeiLdGBzkeHxz+yNd/6PzFz33n+z70mUefur27PR64ybkJCYs0OstZREOGsXTGJGMbPVGvBLPOigkgq7aSkIwvAyslar89IkSOO2/hNt60AkLRdiTJbh5Zv50cpsVHNTEdGOrzBG6XhISkibQmpBPR0++NeRDOfFDxGMoiHqyNZ7n0ika/ZDM5+OLZLwN6+kQYilu/1Kjjuz1//w2vf+ZN9/iGiM7n07mdedO3cJr96YCzBbCHO7p+u6XD8QhFjtREDmmvtxUxc382AxcM0cgIeoW4FW3HZ0pQ5FAE1TlVzF0DAywrZNMQF18FzdB6gCTk0m2E9JPW5HymjfnmHvFGt4/bK19oj14lItkOW09Eeeif06+rBPZeCdIsUG3oaBl577xhFixkSMTLke8Fd2Yai9ZejAYXJKPXKD7qqUNTYQWr2dVJxWCYZO4Wqsfyw+gKseDLMXTywH5SeM4erCJcj7po2Gp/N9wOg4ZhN2ql19+6RRwT0kZRrgmRcJNGjYg224zgqz/Eh8N2PJyJ+NnnHr7h9Y+/9dvpjW87vPCGJ7/3yYM0bkQnkXOTdiIhOmxyONC28eHQTYUvYjTV+pHSNJ1qAfV0l8cs/sZYFRTSqdKPJds8sjEPGAfGzhW8Sz+4bFLZtGSGzSm5VwTHbhYL9bY32YhZ32OoJhHnygQwCLbo3I61E/V3tqEAXDwOO2QlBB6BfHujFdQeBxK8acrGw+h3W9yaiHD/O0pswkJ0c8Ove+P23OuYSc5NWutdqDU5HPATEXOu4i5MMR91sBDbZNRba8GzQtFygACCxTadKKvFRugsh9hpQieukkazaSloWbBzQzZZ7uRa0LYW8KubTik6kSmUjUtGbsmTecfGcyLhXRAyD1GcB7LGYH7yKP4T+DOUaaIo+KApP+TE/yky8DaRFzlvqRKnnAsoPshGgSzA/gYJdwQCSzICKfPU2+IoF4dPU+/Bw0A6qCmhXUmFIhzbRDnRKHVww7phCppYhwNZGNrlf5hXwC2Y1t5QTdEs5An+fiJq2iZkDnW4QULzE4wBDATT0o3SwMcet8Vh5iJQmr9ZD1eM8yRzmipAMWyQAyNmwhGAt5H9iVCTdj5s9w+H7bOPf/8Tn/31T3z6137385/8vRd/75UnL9/d3slJzu1ErXWHMl73ZhmWo8BjQHG/5D6QNTg3bMxkj3mQs1UZ2P43QBJvGzGN+G4je+VM9MXKraZMas0kTY0KsGfEQqCTKds0N80eLKA1kLHJoXmk0jsxbRtvYZFhOOfuQOVMcm49zBFpTMKyHTR5anQ8HB8f7l585dX3vP4r292T011jYhFp7SSbiMg2fLXlmN0LWandwxUwsP7ySo37NMUaNKEYG1fMBNksGysoCPWY7jYYCA9HKKpE1CzsZmaPcpl9KIMEnGa1Qm4UaBS/28gSlSO8MW9MfDgcdHUEO4JXGrt/dbQx5Ijh+rqlCo1YZ0iBebx4pSNC7dwaCdEmTIdtO7zxdW98xxu/8h1veM9Xv/3rPvgVH354fHA+n4iJ6UCkG26L5GpAjy+PwbtTHMMBzjCpxlUKBqRThXezXyfatg2xmo8iMohhytzXrCrog6mZhmLiM9Gv08KLGEWjlxnb85lJ+OYe3T46f/xX7/7Fr93+2sfPn/7U3ec+L6fTmZj4MDIyYpLW9VlkaDAR8XhEcKhqV/kxjETUIZ8YxhDMliKEEzjqUuRZKhPqjyfXMYUwgP1GI10ZMkyMOYiKSb5GmyJKhko08k6HsXREHCjpC7yaWbiBU0dIIK0kKHZqpsO8uQFxsyjShIRGjql/hRo1kiajQDA22vJGjUi2RszM20bbdrg50PEgvLWbIzHfPH6Fiei5585PXuFG1IhOjU7t3NqZNzoe6HCgw8aHg4zKVM9qZDCnb9MdBlGkjZKyeih2tRl/zJt0M6Amxjgh5ieiYLtguOqxCRB37WveSRQSiXssHot7g60oB6Lo9DvDem7qtHUiGCbf0NC5MeehMz1QsfKQWeYwaM9LBxRQ3O4EKNbBh+MaK9IaVWy0sak3U2N95SE3ETnTuReWG0nbqBFt2zPPHN/5nuNXf83hve+9/w0fOrzlHUTUzmePNbeNq3dnePRleoSmUNkErBlHay3Fc+qXyCUjKhZOTn7JGHsrimISm8C2T7y1+uglOAi/C8nANKKp7d4SXEA97gdO+EAKBLgpYikqvhjKz36qzARyLgGDYrMy8F4NvcSngrB3gCP2LjG8T84zpJpuVPMW04AtiBBIOAQ6k5A7JuTsgo8TkKFX5yBzDrkSobJlnD7PMBcZb0np6kiCYYgVHS1tBlSXjdeD9x7VvEQ91+bea1rsmamYx+fz+ezVBdR0xeXK/NMuegYcZ0KvB2dm7jCWEDwV8XgdRmnSmpxFGtN2c7z3Oy9+8u/++v/4S7/zjz/90qdefvlzj25ffnR7K2eis8hZ2rmpX+k+wqJ6ZmKCSpNbHcTF+eEmOltn44mHZMPpQFC3bX3dU2tfHsCFfUU2o/58oaZYAwGB9ioUHj/ZY0fmMQ1VC/yJNHhg7StqvLfekjTEawMVMaCtaezHxK2RbEIbH7btsG2dqcfj/ZvDzenJE2lNiKQ1EjmfT8KybcR8UOkj1qVOzcr93Z8ea3ZMxoInkYxt10L2csjBRVtVVZkpyh2Q0k0qk6xb4Wf72QiKNcQnZZlQeurTp8fCH4ZJHpNhD8H0MKv/v0+Oqj2b15URI7GigujbGsLgxYhGMfG0ky79na09mGYiosbU6HzYtof3Hjzz7PMvPP/Gr3rr1//hD/7Qd7z3u5kOp9OpC9KBt23bKHyL3OSPnQVa7UrcjEZcGRFtSGkjXUTUGiiPITSZyq5DN0EAaBaOaIgCJtn6AS9T/ml3VPNLd2WJqLQzNZEeuB8OdPfk8f/4t2//8T86/8a/5M999vR7n25PHp3upB23s3TmCh+YeCPuetQnkFvfrN5E9yWQKQ4RUROtrAxmDTx7FI5R6qQQ4y8L9wfVaJgVURXSJpvRpALKNqTFICSaP6O2yUBupBhEBOtwZqG6hw1WWMs3Okx2dL7B09TIp05tvUBSuekvIiLaxqMF4x8hwrIcpljUGrVG5+Gd6CytuykfjjZ9AIa3Ix2PdHNsxwNvRzqwbHy8ObKc5Mktn++kcTuf+XySs1DjRkLHA28bHTc6bCMZExnrwt1RQAEuVULc08ALhDfumrP1oKbJRuNhliEHojBjsukeRXo+r+3V64dR+9EUKxAH1mHM3EM0MPaciNiDJ2oLTYkJcKqOYSO6CKgFGrIzvZ4wbZbwy353o/H6YKt+mAEWIqI+K7RZ0aKjN7JSHaHJWdr5vIlQawfm44EOhyPTJs8+d3zrWw7v/6rjt3zkwff8wPbGt4+tECJ0OFDflJso9G1TXSU1S1UOgv8ZHIXqkxo3zL4Y5HrKiLJ9i1yqjaraOyIyVznp6PClpfl1GP08ZaShiwlQNUhAdu6b8BW8hV2MM/v5JwEPZziZsws0XBtim+SYdtKhkiLrEkJ3owsxNCA6Ls4FRVaYViYWaT42AKFPRHwSsYlM0sBJVK1B+BU3i5XGJULPgPWFmeHzUaegC5mRgt7pjbJY5raLgNMKpSIOqWoMpNqxj62p2wyczJd1h28yiHzGWRKY8EEXOkaXpWF8KwLz+ifQbU0G1t6/DAwhdInJpMKbuewaWF2W/MCxSa2InNrtzeH+bXv007/y3/3/fvVv//YXPvGZL/w+N3njzRvf+bb3veNN73vT8299cHOPebN8szPTnqHrgQ0Li3PNvovBwX8iRyYq+hTZfBK4aBA499TBtIwysGoKo2gKka5SobT0xIew+hs1DrFuhA8BDlQEBGxUZ12qmHoX0eCuNbIfqtLx4S5mZt4O27bxtnHPKDceAWnfanQWktYX+zS2aTLK4f5t9RGaqqPyL4UOrvryRvjj8Qgy32cjziNUBJBmyscc2rhldZfHZK/fZjfUMNCIrTROVlCuxdz3PhLFgMGBmOGEuEB9T4+HcX4BARKRsYouGmi4saARWfPGxLJ1yWqt3cntF1598TMvfvrTn/2t3//ip169e/zsvYevf/4t3/iej/zoh//ke1///vP51KhtdBj1FMPH+WaRCiSiT39cU9yVZHanup0P7kFLFSqlHtEu+xRMYauCty9MzoMXXmG43JEukhBvx0P7zU+8+Nf+s9t//HOHz3zu9nNf4Gcf0lvfcv99793e9Pbj88/T8YaPmxy2vnpG20bbQXi8vKRvZSOSviNBGlMb+YkqTzAvA+8RcwggOtGgD38PD0jcV7eKdgxem4Of0rII6YflGLnJID6Ohxs4c76dUlKDPqpg9l/LDlFdhtfeiUbCZhrs+ScP09SbbW4wiUgX4tQlHYhEv8zZ11AbNeE2dlC305lO5759lhqTNCeRmY9HOm5ycyPHI9+72Q4HJiZuGxHTJtK4NTmd5XyWs1LXUTkwHQYeyhXPKZx/w3UwgVKCxYF/RzzDRNxINpWWjQm+04y+HaxLtJG44ODXB8l9UZTVTzZIkbtP6MbP/LSl11rUV9HcwhO7aDDtnxH/jVKlvYVHgAvdMQW507KJQvdcXGVgFMUBcaSfB/pMGwtvWj/ZiPRJETq31qi1dmrcGp3bdj7x45fuPvOZu099ml78vHzuRb7Zjm9/8/b+r7v/fT/4zPf8ADWW0x1tGx0OMumVwOqQst1S/OlFlmxTp/wxtAdD1CmlHK8Md4lpFLVMGeGFxSOd2HQ+BHvRvHPy0lGmgvovvOVDo5EdSAimzPrm67QIEMLo6SK5mhhMcCJ+cR69PECyFdpue4q8ssgZaSwg4DuTrmSCmBpFZViITVHluYIi5uCjhnceYp956K6BVLDJZBIarAabCbSOc3ofQa0illRMGedzjlqP7/oYE8UFBQh2vxizOsDCOramvMByhj9CixRz97gq/5zlZqV4o+ucfy50GwOJfLHKP8/tTERnOd8/3v/U53/rv/yF//wXf+sffOHlP7g93X31Wz/0HR/42Hve/FVvev7tzz944f7N/Y37Eg+zxhk6XHcUzMz4WTHgqszqZqlPMfcmhiJEujhH7izNdbkjD1YbBiFUNOBPv+HsSt7fCVDmGVOnAsjwGep6yOKU7oQGJR3AqMFqMiqkeWAEtfF2pO2wHftbMqJasZCcx7pAa8PRq7+HEi4RM209awU9U3NGpPV4cjqVPjOB6R3GgnAMGFO4a1ONnNr8Z6i86G/GuHbQOWyEhF6CdTjSVUK1i9zlEGYqKkhIzskFSkXUCRymFSY9CEDHQYwFQwX6CbMIbUOp5e58e3t3+9LjFz/18if+ycf/4S9//Odeufvi8fjgnW9+3098+5//1nd9Zzs36VvLerlhcDwbdthz9LR2qbL1uMkfZwyHyQt4yJzRsyyTheZTBAZGTBWxXwZdHa5tAlmtq/B4IqCfi/Dh8OQf/J0X//pfpd/4hLz4cnvu2Xvf/JGHH/rw4d3vO7z1zXzv/nY8khAfDrSR9KLVtvG2wTSSVShIxL6ci8aESuZ4QB2aejv7+KwK2DB0Zo5QPVRrOP4ZxgMXWn1sCy90E+i46rnPAJ2cNUj0uNIxtB0IalMirWE6xqp/tucw4WxcYDpgtW7U0XR170ytr4Ke6dyIRNqZpO8VafgIPvG2bZscDn1LLR8P3GsKymQR4tbkdJImY1l1aDATE21M1Fdk9TkGguntJIn05TCaCpJucMnlGS2souEjhmjETNoiVvQnuVGAxjXx+cJ6HEuYMLes0XiPl/cxzHkywOi3xb6O3UdwEru8BTgFAXFg/IlcIuOUAlaDzVrxMTs1HhsSsppCO8vdbXvyRO5u6aWXHv/yL97+ws+dP/nbx/v35G1vefD9P/Tsj/+p7d5DOZ9prHSPT2KZ2nlUanOH4YzZRXOVFPyD35zyTwIDuMw/qdF4g2kXDVVIjXNS3OiGFy57xUqRmSdlJ/8k8wtmlNdpTNKFp8o/aUJsJwYu6qRl/kkFt1dHwuEpUtD4MG1AKUGY39kboS38ZeFZ8rfZdPZX+WcffeRLMyGWEQyexcVPqngIeSNNPr2c0B2sDL6HVdWabZr9Of9EFOf8s0Spzj93kk8dKOGQ8NxLFYPFt1Mwa1RcR6yy05kPnWZu0pjC7KodC5vmcv6p45aaPy0PWh21qMTMWuTLXDadPezp6dD5dP/ew9/6zL/4K3/vL//y7/2TV598/s3Pvutj3/BHvuOrP/b2F96xHQ7d1FNfWRg+s6+4EW9kDx/2AjJkX+jF3Y8FrIhIvxlSHOAVR6Rha2L9lSGcajBMk8Dh9iZCxGKokI7RzLeDjt8N3shgk8mDsZqLw4nBs5TpLKemL9YY+aeIeHWYN88/x/sxLKtRJvYvSDT9TxpMKSt1Y4tbD696ButqwCAU+uCj27PgnERZ4L63UD9kuPMw5H/BVCv/khFF/RTRqd3U3fhbR/r/O0MMQd0txRZE4qqSzbZqmpcZdUJdVIaw6NK2WOppMYHDdIXj/q6MjlYb9On+363PxReffOF//r1/8tP/7G/96m//k9t29443fdWf/uhf/Oh7vqedz02EN9poY/tWKPJMQyIrlTAgkcRYRDZ70ZxX6fNRV+XBjqdC477PS96irEYXjirsMnH4oNGCkxSCM3vrY09UhOh4IN4e/e2//tL/86/RH3zmdHt3/8MfeeZ7f/j+N37j4bnn2vks1PjUVHWZmdp4Fwvzto0kxAil/kBBM6IbMYV9kvYZ3jgfQ1dFVBymVBF6OaOi2wnuSgg2sk4ao4u1/cfgXwuK65qoVz3dsGpYhpoHg90OA6IJV58jdUiEh84nH4ZjU58w/IdgMtwakYzkUxq1RnQe205a6zmXLkr1fzbeNj5sdDjQdqDDZu5Iy1rErUk7SxPuAJuZ8M465oOueLPyzyVQOaOFuUgbg8AomYNn7LyDbnN26BMXgLs7A/cifdWSyM1hf3WGkHSjY/6XxEu3WJcVMhkYztQyWUvGFLCiCSYEohh08US4ZRnjQoosG+oracdf4MegjW1VmnqFRgjQ629BkFE97mxgosOBbo4sG51u5XOfefXv/LePfvqnt1dflWcfPvzBH3r2T/9b2zPPt9snuqy62RgV7j6W/VFHbBUFomjrDILALYt3lymWyQUIn26yYL9OLiXoeBBdr9OGNoVxThEmWOlgemYS3YSA0eCYHQtYtjqUnUZP0Sw6lDK7C0Ds7/ppUl3o8+ElwIscs46KRxrLyY4Y+igwREFLLBW4bCQBAaIzZ2hsBZvZ5fwhNR0xB+4TuE67MiuKNgYHU0fXT0RGRBy9lKqUxYX90R0caSUCWmN2SvNFlPMoIatxy+tzHpukCyYiGnauaAcpsWyNktyq0Z7XqEmFgcd7ChYlLvwds0oPBMwUZ/0BpjsXKgZlTqnxNJrFRbdtvH3m5c/8Jz/7H/2T3/1Hj1999LVf8eE/8e3/5je+85tZ6Mn5VuQk3EWmJwSMgtZf8ggxxViiBB/RH6cavYm7zJtlAreGrIn0QcANvFafqqUcMt8faBd/9QIR7K6CVJwlTY66M/Pa3Mz1TD7CQrJo6X3DGalzH5w/k7pN+8/deM8/twPxgQ4bHXo62uvAygwRkhGaiTRqsAoXOGelYw7KGXiLXJfpcm0BopHU8GBMTzPnzCm0jtOqcyoRlp8OZdbwblFfEgLb50LA/hbKOIjbyNyPyERlPAImRhdgDb59kKUgvPiicqHH1h9DpW2jw/FwcyD63Zc+8f/5xf/X3/vVn3p8e/sVb3nfT37XX/rWd3/09u7JtkHFYQPkwnv4QNQ0mps5szTuUVJySBRve2VUpXxV5ytT2WvcGJAT1z+jsiN6yeV3ky1NeGPh7dX/4W+++B//n49ffPTk1J7/0T/6/E/8meOb33K+vaXzHZ1u6SwsokrPwkRbzz/1yQL2JwgGEYl/5t1IP9yjP/WZaXKZ0Gweqr4iUaQIHjwT5ULJZfW4PbfiIJ7i21sWAYzo3pTBMTRQ3TaBFsVNxAgofKDIAOjwfbVUKRDliuoxW32GN4Z1HQ6g+h7q/sLynoX2zcLUKgkAAQAASURBVInj9beGZD/faNt4Y9kOfDiM16Wam7IwqJ2pG8um75Qyn088PhXHbGvKkJvTKCbRyH9g/kknluEEGGZPgZs9JIUmJH1TyFBpVLzSyY9ZY5fPaIiNe+rbxm9cgfR2DAGBwRA35ykl05HQ8YGY5ugmHWytDaw70v7Egz/sDqT1iAN6ayxgpk2k+YuTNn2J0bbJ8cg397bjPbp7fPsLP/vF//d/cf6t3+IHN8/++E888xN/hh88L3e3tB3686U5/0zkzIpQhhnInMkY7tvARTCaxsgXcalkRibguQjEUzdsOdfLigheAls0SNT2+LNb6Sr3LtOPMgfY4SETzVSVSW+3dTNbylHST+uVWLFDAiLGZmk7bov8U+JqZHbHHG/F/DOsmMX8czHrCCwkNp7jjbmWeJr6hl8ZDsp/iMPQUMGBi/7VEYOysfKJVwaWHHg3GuOETvnnSsb2xS8dWRorfxzExlUvdF1J9U4R5+jgHEqanQx+blDbFVKepiBUcZp5VFRfFYzImYiZt0byN3/xr/3y7/3ik9vH3/S+7/w3vvPf/eo3f+3d6cnj06O2nXijBvHTCNCGl1LDDYSYVzHURhkMnqtTfyvG8oo78dqgeLjLHl8A48KypBFPFix1fKHyjDzXV+5ZjEH6IKBWI4TttXwWhTgk/xuoaPgL3uqyEQlvvWw78k+Dxvr8GTzFiQIjGl0wEdPG0jbaIMfOjEzF+U5SiO+Vca7Stekjb4zvnrDD9rvxCCpYh7OIKABS/4VGOuSMmiRafQMfVLKKe7DVIOayUbzRsVNYFFAarlHjarGn0gjWnLoOjAwDvTSw0dJlxkya+7ooCYmc7k6nE21f8br3/pnv+EuH7eZnfvm//e1P//rf/Pm/8sKDF772rV//5O4Jb9L34Sb2z4zEcrUZ8VRLJmWTtffnl9Ok2GVjlrNu0IWJZadRbOEc3qbQAxGZh1geUdRRk91tiQfMWMQ1Y7gxEZ9/7Z9/7j/5y/deevxkOzz/Ez/++j/7F/iZZ9qTV/l8R01oO/Y4iMbeuyEK+u5NlllQkyiJqzKBd8ce+nuYvD43W5A3kEx9v5QBHA9BW+sUd3YPoJzdrI0VCLAvwoh540Zpox7bvmC0HUUkhPFZIEdcYcyQ9iYbajltvMlQJtJsH14Zpjwh3ohlY6bG/WNS0s4KyiNf7rO2bdu2CYetHqaZLER8GJC3/my4+Nu53bqwajmESz4bJt5Oe6cN34ULE0XE/p6bjvdGRHTQuidpTCf6IgUzJMGHArfN+A/M4mPDHbPh+ew3ThI2tmnjdIXyIx/9rsBTFFx6h/KA/QzBqQmZqNoLk+1272KariId4lgmYjroejALE29Dlzfa2unufDpt9+49+NgP8/3nXvor//f2m7/56L/8L45vfOOD7/8jtB1jahCgRy3X8YigQBSnhXQeRafAP+ewwxqFLaMAQkTJmy8v5sgUHLg/ZmyIhb6SA9RxY8QjFmXxRH46eHG9pDCersqj1mYqCiwyebX/Axd2/ntfGKs3kx2A1eGpdVGX2Ts8F8IgdaiZ2FxwfNlq2hsQyQWcISomCt55iY+xC2dBPXcqMTP8hXggAvfbBcLK8xhFVFkV+dQNzyAyCWE1ZcEFQ37ctQ9zXESxnPSwgKeMSgFVuciXMkmLIlQnRU+4YEIEGzUzKEmgdHEcx6MaMsZkG6n/tJ0yCt9WI4lHHKRI5WlCnUEMkUECMu3xiCKfDmnn4839n/nV//4ffeLvPH7y8le99et+8qP/zte9+QMv3z06yd123IgOMigZPnmEaX1kjw01gJjkSuyP8r7ZXOSDp3PsiALH453lEnoweWpFOAgCw9TD/bzKRmmWLVSieKajopdHwj0QUbPg9iLFlECE/deBaHghtkxqBtRIXRY4EJvpim24fYojNa5UeJBRwo2WrDrQQi94FC6iHcY7BU8QqfSgQDKeuW38FwUjYaX2OlDvsqY4NTm/evf4hQdv/GPf9pOffeWzP/frP/PPf/MXf+qf/a23fuc7nrv/utbOh8MmFHYBOgZdCDZ9F0W0BjvGITJjtCaMRZSVQatsPuGOLebrj7jvyMzDpSJxjTam9JSlJdenSTcPCm2HrT165fP/+f+NPv2588NnH3znd7zh3/5Lcrh/fvTKgUiON9Qanc8QSGpIx8O2CVlKYKy3F5b6qFly6iM6yFiuSWGdRFCu4PB7jvRCsxSSQYP6qLzLbJchSdo7ZPphRrFUFpsA9WdeVDXfTiMWplFZ6KTyYdR/QDVEPZKoWbQ4U4hGGZA12mNnHPMh1a9EvF/lzbxqVlE8+LfPLbTbeM0CKGSR2rFCc5LMZDwj0uNVlz4X4fXdpTybUZgHWVrx0rEv2REg19oR9gnM2DAwzkISZua+o2HrD248eXw+3d3/5m9//otfeOmv/NX2O7/78t/464evfN/NN3xTu33CdDBfwCnGcDmDsTuNQYF16mPOp/9nkamopWPtbDzBZt4ErR+PKwsuwu9ptSRXJx3jvhM/vzu3RiCNpCrovxdrSjj6vJizM3oJRIBLGg2McRHutCYE7SPY8qcvBkJ3UntDMHscUXIEtCWim36BK9buUtlqR6O2znsLxSlViybTqudx1kBUxBKA+J4qVhNNMZRKAky+qtmXXhh1egRJsNXSevlarLMp2aZOyBQaClllh1BCx1yUa/LInySueJLEWKZHWAeGKDmioVRnXu5STTTORKWS2AReB4vQMp92j0qmdjqtmBKjmAFY0SUiOhxvXnz84k//yt/6wuPPPnPvdX/8Iz/5/rd8/ZO7W5Z23A62He3AtknFUiNIPhWL8ScpDhATbW3yOGMWWGHzKmBTFy4ZsFWy89KcQvdzXMIla54mC34O4UU/Yk+iehCrSyhxEXgwAcPL4TatAx+IGfaNoX3rR+t/SGR8kXCsnZJ9PWxHYrIMeMSUuBQZNv8HIApn6WxGUUiZBRIYsQC70aVAuRmp4G4z5rEjHkv7q0P4nKv0LOgB2sdEI94WAdkzaRVmY5VbWiM6M8lGsp2/ePvKmx+87Uc+/Cfe/bb3Pzk/+me/8w8+/gf/8/FwaP2BaAE5VDtPzntJHnZNaqariIYmhOMFtZgDgTLyvIzJ7iAB1oXZg4ZERCLjQcHz6cnP//2Xf+bv3n/4UN79zjf/+f8lHR/I7ePtcBDu2zI3Gk94Huign3awehriJmNCmTRYt2AnhMfx34WVd0tYtYG5HaIWNMaaxqsMJ5N+zr1hZCBtRjbttrWCSrjZPYjYw9FEpO82spJEqmKEE9YoYXClv87U/9PR2P5llm2TrecVB+L+nOeBtsOYUGOA6PZa/88etDe7S8REBxYe9d7gmJRGQWQyN2dmC1F8O3Vp9f1KkJkQsCSYBA47oGhDILEmTzijRojPnyQMbPzJWky/88aX3Fyq8wLgBTDltcrtdBdK4hpNQ2pIWOTAG9/dtkePHnz0D9//7u+i5587ffw3bn/2p9qLn5ftnpzJPp1aeUoYh3zsHOsQq1bUttVixJBXUKWhslLmfyWHRhFwXFpgqY8Ug6T5w9LS3DVlj9P1S0PHZrs+sXvN18jdYIItgBlgQ5K/A2RK/6omcyiyaMzrW1ccWeLL+IXZrLs26leC1ZyE6DJepqsRjMzx27SWkKsJyafWOrjom7GaLeCl5DPjNpkGOA/Ly7YWvUJlhcn807T4iNjCQqdoOL4AwcNV5CmBXL/ETPwJqDFqgZYY6XqZiIg33v7pJ37+k5/7+Cuvvvo9H/7Rj7zro9zo3E586O842CwisGUQJp8HlriO54MVAQ1DNmLFFasyDj3SsiwQm/ITL7mw/1QGI3GhD2eTHlyuTk3gjeNuOq5unKGfxTWU7LjEJQst/NAQyFEGcXYeXHOC3I2wQlSgBnAxqAOCgOwgK3hAsEKZZoCRGNKBIbaJfArUsceHCUjEYNrEBCsXzJOgwj4NcGlBBcQuWrUOUAq7eQNOuF6uKwEqjJCPTv1iT3bZs4UJMX4YnSJDPHyfYJ8eHkb2TCyN5Yu3L3/127/ho+//2O9+7jd+7/O//Uu/9Y/f//YPPnt85nw+Hw9bYl5XlridhCC2KQhIpWUy76tWsmFnVtMIF+s6fYTZqVuWxlPjqnjp2YG75xyilQWCcbTGx2N79eUv/Nf/1fbk7skzz775j/744Svf2z7/4na0vagyijxbs/mZcDM5jPiNuQ6FbrWBBjxgZJIBV8bVPhLQJ0NNNXBmoihOCEH7obmJ1tNI6vjBIhH0Gbq/9KDkJJI31cVCRpUUbI2siVDJ2CuDaN0DFiIGiw9AEIg2FqKtWW/gSXDuRKKv4NkJMsAQ+vBCYzbBdbG9wqgmKrsnnPTRD2exX8pJrWArMZJKeTfvp5Y/U4lW2bxDIDrwAJuqVSt02AUPtNGWmU1dxN0em6Vm4IKwNnJU2MAD+mCeEx7xTcBmuMLssGoV9fhl4609ftQePvfcx37glV/8p6ff//Sjn/3Zm+/6geM3vlHuzqwOQExwSjPGatJNVmxvkjcxvNxs5pwzn47fYztGnKwUEM47Lfv5vBVwttthbTAOrSYpv+/EQp85BLfB8Bcsxzkf1ef5AhYinAihiXUTDyWd6Jyj3DuZwelEUNax4FIgMWPoLQEZ/7njBOEWboMMuxEC/CEDlMxBYUEy8nNuU6M1HL59QNsaw+5GbUMTf+AiWCWFU+Azbora1MLHJc8mGBioy5iLDsG8qaSR7j2ASMP2gmQFmfGc6V0dmTk5O4lHcFmRn1Es3bAUM6vkxIkLj95webo6BhwRdKoaKe4cF1g2eZruApjpdG6/9Imfe/HxZ1948Prv/cC/9szxudP59nBwevyNHL5MMBb4pnf2kExn1aqIVt5B0HuFRXta1I3jenjI/lodkfHTQg/3/xxmeYd3hDt5efzHWtpXzIJWiLUD1zcfU/jgbnYw0NY8+39bWGFWdjiqMpY9h21V9z9cb+BqIFBBsYkYECv4H9gP3U4hPM59RibqBKcTpx/DmR6xJPukoUtyvBE8+7T0/xYcn8IB4IEEtDrGUjYNHAdcjdGBcdgn0FZORX9lVGsiZ2myya3cUjt8+D3f+u63vu/J3eN//ps//5t/8C+OhxvlW4VhgnnJ5UHLFCvQqien2b3CIr+GKmzwodWsXrmmKsyNmUjOv/vbj3/hF+/dHI/vffcz3/GH20tf4P7VxaY2r9sHtoUv/8/VHdAT1sZGJUxtT2cd4Dg3temjuP7oXI6hLYqWYWQchzEuEgkQFCy7XigaqcMYTiF3kxP0ndSWq+7H6wOS677mdSb4ERpwzBFmMwpaHFIbobZM0FOLVvnEOGOQN+FNNp87Nd5KseEjaTHQFUlGhoSe2ctYiraaZ6Rr/GVkESXycSlXjQzMbDcdzICA0Yj4KAM5TBBLHsgEVUUX0AMhDBcRiI6l0wxiHyXBJjTKs+mCEkJx749bf8VHxFbeVXjHI0diYgvYykyLa8cgx5HhMN3iy8JybkTcXvni4R3vfPiRb+bnnrv75Cfltz7J7UzE3T4QicmAzkNt06Q4jY8MD3nuoSFcRAcb3V24AlCvM4EIQhDzkgRQNUHDOzf1cvCI52MQPKWCAZGsYtc6iBTKFxtZQzE0Dy3TCaJy7ZrqlXhWSIZdSesZhEQd1anIiPZwiKMF3OBMFmxJsFY/6iMaUQnh7RUH4LQzKSkGGBH3HlZB0moy0ONfRBNmGS/uTNPO6ui0yrKgZf9rLgpLPfKA1Y8tlTeH355o4HgUKBhIMBAcT4iGu+tpPStcuClWbMArZ5EDH373xd/+3Zf+5cuvfOFr3vrBd73hvY3oPKrHtqNp22jbwI562Mr2tKrpT3cubANZrhgNs6CPAqjq0YRFsuQpHU4d+jmw7OgZhzuydQt3mQabOzZKgDE+BAm+sSpYXfTpkkcHmycynizrHznXaBtYySHPV8SUBB8mBVbp4MACGZS7ljtR7vs1fNWpYiUG38hiLrm7f0Bex4GJwn8HyEFcQjdutBiFhBivpA4Qiwz+SNZzydZBWRpkIbOt2IY0mN96uNUjJyKFZctdmkeAw4VEAuNqEhFpfSs1ybl/zWijx3evvvX17/2qN38Dy+FTL/7OH3zx94ho44MjyhZXkI6l3BSzLa79mYpoK93g6GtIsWlkC/HTuMNrU1Ad+hqIvqERjYgGTToFLMdDuzs9+cWfv3n0uN2eX/ct30rPv04ePaLWWEb+2fVmsEelsm/dNGCBTZojqpQyRTHXDo6WTo8rGicOM40FSSFoaXpvzTWEHmEeq3XHsYoD0iczZ4BznGxTCSdHiXDjN2yhuAJHuG5FQA9ckd1taH/WoVXhBoWA0bjKNDIdTlzsN4YrMHZKT23cTmutTogG+4Q8ezKrbbYPkHduwgoxqlyizGy2W5E+llEEgkGDw4Q+Hu2dAF+Dx/JQw3rBp8ZZ6yEww/kuiqaxRJBqcAjjZVxDANTouvcAPgA3kC2Bm0QRHyPTBh6xmdQ9BGVM5qFj3K+K30Sa0LkxEd2eWmvPfOAP0fMvyKuvtl/9ZXrxRToehoJpkJDQnHmoI6ijlBELBlzHzhIvCoH65EO04LI8UqxJEAoE+5wtehoGB8EVo7L8lw/MtaZU21uZVZ6NlTkdUBmvp08x/ZwYu7j0HHXtm0ASBpvCxyEZNDB1nGDO2Fobjg4XpNlit4QN4f35eh598DHaUhoXr3S4yamEcHUPq1Wj0BiY4yQbFXPgsUQyMhniXQ8AOE3fTlGjSxqgkSZuSdNaGueLq7SOIgfS0JbGGJ4WW6hUXTWtROZVNLxmovH+225KmdW8D3dZ0x9cRnzdc9+rEHEKC9BTds7QkUB6xz3lLYkQH3/zM//ypbvPs7QPvvtDD+49PMldY6HxFafu+3u5mCN8zj/63pVoRVlD9dnymplETR53eHN59oCRgnQiuVyYDMGnM8kFImism18v3cjY8WLGAxoFNx0IxcB2WEYiZouq1CRrlsODHkDHAgwwYJYy4aACLtp4y7DzQSRMz1i91aFK3663xJcGeBoz0D0bTsIBRPfpDXIHohIbxw2QVrgYzE6CYXwJElNoquaJoxUbwmPjlqBMIi+U/52ZEt9bqK9lIHbFy2GHDEYpvDFPXpnQc2nSZHzelE9y99z2uvd/xQff8MIbX378xZdPLwrJgQ9Nmsql73KH5R6NwoxMhc6LV2En/jmc1EwCP4iZWpPkaLPNYSxySSxgC74RLWPjNhQRDhCCbZ6xJSLi7SB3r7z6P/1P94/HJ8888+AbP9xeeYVJ6HyWbVP9E93JE5RSf9v8FPCjwKtJIQuH+zwNAVLLBiNQghoEn+PVJNcm7WhD0QPEY7a1lgagAJqlltxaV9sgqnDFHrhhsQb541uBlC/+j/TtttSQExJzH9AelRhm7k+LctyMLgoSX7/c76gx792HKREzzZ1xqjxsNbs+RtjCDK8lj9zEpeZOMTBLgGfC6kHBEgAocZ+kfoeY+tZWRU1cvQdvrJdSScPkGgtx1oLpV94MNhCp57BAQvkf7LxN/jRPNp4LGJpNF27nOXJYIVfAgw+C2wINHY6PqplkL2P36W/SGjPJk9t7X/HOm3d+Bf/uJ86//vH24ouHN75JwF9FWepYBKM0Xx90BcthXYxHwMseURkwAdSnw3Qo6JyoHRv3YpdFTGyde88phazsMwLRjmaoXaST3QZ1GeS6GKgERCQxXvfYlc1UK8J6Xdx2IGyYtTiE200Mm0sDahcXTJndZTV1bvnUvBTfTUlH5p4rn9kBNRpTx5WUhgHx1nCJC6Kq6Co4dK11ibTQHQ1/knx3QTa5/nRSpmi6yP4AWcKyxB9BFQ1MxkTfOx3iyjRZlTWY88x0xQeKqJJZAGZKEhs9yxg6CuRMi7iVYWJ/PzlQ73rKJYjUeKCTpj83ruRsBmuCoSZDxBJQ+tRnf+fFlz7/4PDM+976ATocn5wfC5/P1PrHLuNTmMylVE7opTa5SDMiPd1LRLl1brg+DCH/i0gwk8WFpg5EYQ9MgOWQxlzh063Z54G3SSUAZpsbHuQzURC1C5bexykaqkPicZ6aYE6X7Rh0J0OrU6Db5tSTRpi6vMyRybFN7BbUrf+pHmhbHxD5pP9gkLyTbhKoIlbRKXb/v8YqeWjrFoU64ODxFEyFFvRmEjaSjc7n03ve8r63vfHtrz5++fc//3sv377EQ4rEOpceKxFe8ne/7phJjU5XwJGvHRtT5oiD0tOqr8/WU8gF9jbGbERyPj/6xCdPrz659853Ht/1VfLolfGlx2HPmgdws6D69SsxWfp4ximWtbJ4czPKe+PBDi1G+YL/wjZaG8YMmvYf606FNpmIgQwIWE9tErigDiXpK/LDOzaDNgKtELXodTwZGcTgpJnSQf5YtxTWrCc2I3V2HcssgxZDOw7g5ZDdnLrMTLAlbY9H7H5nEecuwCHbK63i03deIBqSOWOOlm0/rO/H8ZFAvI0twRFlt6RzKtNmYxQ29d4DvBGd6gnggVbmKxrK6rbjF/b+8KKZ4sKG5cBKeGO5veXnX3fzle86H+/dfurT7fGtd5trT0rUGr1rjsmdag7EFNcSyOOWkjLEJyYzYwfBjH2B/NM4YYQjAC3klBPAsPAX/MnyQOTrUYa88RRrVTjEjpxupZNp3NUx5ZA8A4nIxMggNS6dtYdn1W1TZIMwxGd3Ts2Umw2wkuBidOhWwxfzInq3DDNE/6dyIOlusensKdWtoDwlWVd8t3NaBpvgiyCcOfncwbxUTNOL2QWvUMx3U1MFdIQukd3pE08BlDqT4Iqzn9PWXoiA/rDWEjHjSZi7WW5EX3j1sy998cWH959/wzNvYZEmJ2F7hZzzVH9CaSatw5D674ipEcKKmn0hPVCIlddApWgRPNAzCNXlrHBHhxKi8aUbIWLRUhoz6eZet/kcmObJI1SBMUHVQow+6wIlPXMnsa7jNPtvStciy4DtuAlrDBfphpGYodqNXt/wGSBTYjaK1iKxJBM+zgFCG9N1HU0iUops/2ewUiuaUM61BZo4Cm4P1ZgDJsLHSM5aM2ELjZBSe7MHeFOrshqbJwePEEbxihxrRUNXod37oXAOVHp4YWwR2pilnd/07Fvf8rq3nduTz37x9199/Mrz915A1qZKYVxYckXlsVq0NrjRYgbOU2CGLadYS1xThSKx0TUza+Ge82jhvFi53YHhskksdHrxC9urT555y1fQs8/JZz7NxxviJsxD/dWqQSdw4cSSKhFuI8A5+YT36KgDGXtqAO6QXxyH0GMREfXVNlEPlUYD5ACqwqYpXMafRhob9EGRqB4BOWZlxC+yKqsOFLJAycvZPQMa3wwyGO4t9A8RQ2IljhhoIDPBV00xHFcF7kKuawHb2IXq2A5FtX+HJHY6WQsm6pfGVBhXbRaYHKwLAaO36IRNsm8ED23XDJkdYHQ3qFBEY/0zkM86C4Z8crfuqcEVg3oJgEGqCd6EZ1SD63INAfrG77RenBRa+aCdg9dyOXQBFWjgIms/40RESMG5qssbAt85I0S80emO7j+8edvbnxyPp5dfptYiSBm8v+IIU4bmmSnEeMZSl6uMMYd/fdLF9twYflFarIP6peB3gpGfv/kJSC6XdtOVzkykbuFocMNTXppzhYxjiev2Cpl0A09EZS28Gi2aINIPnBrtpQPyK9AXhzZuoOoV3Mj2nIIDDeFNGDDHUnCzywPEhwoAMHK6MPQ37QNVShjmQWMo6BSLN57XFee77hnzZ12KY7WQa1AdbtwG4BBi93mKV3evPAo5WQBJSpd1UNK/XfgpiMaAbCnH2PGsHSdbKLLtrQUPUZ5N6AzoaSoBam8mgjJwlzehRnRHd6fz3XG7d3O4aXJuMr5j0OgsVs00iJks8evsBXoJLZLuBrVRF7kjAT1slEySE5JuWcjQn70LTj01yiBl/Bccd3/mJWprP63nhoumOEKPgvMCOqV1PIB93ZNyzlChwJK5c4/HhxZ7IqnPv5Rom3ktKKIoYNqO028VutxoOffhXr1cA0iI22C4bNJpMVeQvUI6lsxmjCHGWDDXfqq0TpXf8TCVkzFSoo02Ir53ePDg5hnetlO77XtaLIiioUezEOel6qI0viJnh/NDobPg9RRuLmHa2RrcYgH2qS3/7iF0vjsTN3rwoLFIO5OQfoojxKjsKY1QMnE0/WLScvGMuj7D5ptmJDeKVnHiA0wyY7c0ULmOYeZPjIxZR1zcOZhalP/UVOwVekL61LPKch1pcRbGoIvg6Xm5yuRoeq1cotwoAUxql4lIiwsbPiicIqfx12U+sAmdEarrmHmDgsGot8ItuuqFERMJI4rdANuG8IzHwdVgqQ6bo1HgCRaOHy+Gf4J7y6dhVY39P+W9ohX/BfjjoX6ZQfhws3Fn7SuufKlTIipM1jjMKTCr4yViOhy2Z5+V7XC+u+uWlmjUJ2ajB6Tk3NrVLjEIEBDBKUo2hYiG5RCL64N0meyoSlTmPWhlCLUWviCWIMtjuRkDSzyXjpGCvgYjv+O/RPLoWhi1BqVB31m52uVDt5MVPtcwwRZJdhtdhtNnROB8gNcTlnrKYhKhr/4CJb92fJW98KaV2meVq5pfjkNIN7zM5qbEdnV9vgsZXTHqPNb1qdne5Ne6max/hMLecF5O71eOVBSbRi+C6lpKwct10dQ4WxMoQeXh5p+zbyIi2phl2zYibkRNWn+l0IFI+KAteRRjXR0ttvedQ1ZLthBVrM7H7lKtYMrk9sm8Wd/lkaKOocWLmQxQ3cezDVvrpf4b1pAo8DNJHKlodMznCMacnfiDny4WUJpkCYXj/PiH6DXFyICNH2KFa3iO0Vdx1VaJPpfKugyiEYsm1QjUh0Oi3ejQvNo8cMTKuUxRT+cbszok6RyCeRiIFYvcaUC0nDhrlhsKSB8Mj/8aOeMEII9FHasdMoG1slxdZ9W7AUPYypNiaIqqBhPJZqTpJ+e4cTvwRnxgPjBv27Z5LDmprQ0b0Ah2ID/PEDmnD6Vum3W0QbIJmvYeOF7pjf8qSXl1FIaeSo8pZ/Ohs5Uzj7PihsJnpu1wED4H7ojJigwj42gTkVk3k2e1bjoBbrAo9DT59/haCJ5jBubY8n+u6Zr8QJRAKjjRek3VXk7CHuaSALAPopdQj/Cp/bEHPwSathKuHPTiCBt3N/YBQlne+mlTJQyFNlHIJHQm2fzeMLluQcEWMrMIb0SNbfL6HMC7E4QoFmsYCBrgxBB28P3uYAknQ22wRN0UGLR42NzA3pXO3LEeK4GjgnNC6ijV2g0+uZrSwK83R7HJXpNpOC/dRMNu5a1J8L4gLS5cWcTdhCjnPEjuv9gZHvHRVxmACho4GV11BsxuG9ZO1VDEfgIEmV/cNiLibaPjJtuhEW3tHF/XlMMFtkjHIxnXC++HlOs0oO2MO6HszQhmnuKKnxGf7BSS6iSjI4VJAUM6LZa66q3CaFywMoxMmcaS8n6V0xiGntrCiXWd1JG8poqq6FGUBwH+YOZZ7uVxOFWwrRYhPz+FntduzBjv5SlOqs1ID6YmD4ItzToELe1fFjA3s65EV7JEQHuubgRW9I1zLByW5Z92sxIezLpzQG05Dloliony4ts5+8lhNkBV1YooaBCOPcMvB52iJr+OLrq3qxAGhQ4IFvYH4iMhoqPyyEVcI4WrNKoXZMLyfKqIhl2RKdwIcC6NJpsQE/WIV0gaNd2mxhu8QoZpFOo0awI2Jt1gyzXgXSmsuSn8dIqEwJhF3zd8kcUHUeeiAiUWuKBOfmr4CvUTyekFa62qoZdEbKeWzjLy01yN+w6NkzRqYvdHbtuVdxYZMACBqMyCK8FBbPNPj3B0ocE5BCXuJMxePQj/2H3c6SFRqxjpBaLtdfqoKhYyeeYOnpiiVVXiI4eDt1BX77GBvf7FnlMH1wwOyRqCjxs9ibprFKB84pTJheNeHWZWbEAPM8dSjJG6bbw1OhPLxhuJh7KoFUBGqqvoj/AEfG1qRFAYsls19gZfLr0+ZVZSKZ/sfhxI7IyigV5ssClqpoUFc7MXrDp1sdto2zZ9PJCBCcZ1D79A3IZsA3AB5fPMYFZ3kAYXa3IXY4a7rggHbxqVyV4S4pWwJJDDbjJ0UUsJkhnQMV1ztqmeIia4c9gG71VAUC0mYJv0HbNDrsVIE6L+xqGGJArkTotZ3zYSEmnEm9kw60RDn3gwUdpAtOl7sCAwd8vSeYGuylhCeBqfoR8OvBOlI2r7ZGxMwoz3lAyJaqfAWCaEI2fJ6sv6eGfAd1hS10qtBGZRG+AZ39oSrKM3Q7/DST5h7lGAxDjC/l6kwBJFkP0uvEtqCBuU+oy6UDfgOGLgkAVXYfUrvPaBmTYiko1p26S1vsrPifzWKGYp1AUFmDW2gdj8uepYPWq2qEZhOrI5M6OTmwx+qXrrSLZgq7Kg7nUneSuzvkV7gT0IbM4iRAExAXAdGsgLsljT8VD5tYaRYqdOAsh+i6Y9NXU2u9gAOWgx30SB505pQgkQEJzzNLXMFPNbCgJiAGIXItIoOw492f1qrmLIGP2CinEv5HjwgGDNR8fKQiTBlDeF3igAbPUFk1ZgQRyUYNu6JPHQaQJM4lSSaN8kGJkzqWP3ZIsUd+abD7YAOKf6vbpB85FNeB4RL9cRnNtDnQhK8jK+v+IeugZcoQdtnN5kbTGqyrwWiy8KtGY6mEhovNlSp5766nmj8Ury0boAtcWfZvQsWnCMo53I6tX/6fkTx6Gi3qmKgi9akxgkFcIClXVo2mxNEHPmgRUiUPh199hJoyU0ipji7ETtXGcOHspm2NOiZSlbvLgbPF14UxO7z5tIMHFxIGx0SWqsTTxQIiIs8olDgBDKwx3BOJude+aXBNJ+dQxIMhHPMlzzedpisGyZGFnZkTj5apRZzTQTb/0DIMRMjYlY4O1lIqQ70EzTdX3KDJmbesBICL/LQERETT8IQGnOnY1LZTKuDj2K/iZRHKxzP7lcCLtgD8vm0bcTMTUWOjDTgQ+HsWgSrcnwr748DVS4dKopmoUmjQp6zPCfNt0RnetI5Ci7vnTGNoYflVV1QyexJ2XOaIDEJpoeIjLReC84/pfMkBDZUp6uuxDpm9RFNZrJNvoLjfP+n9r/bofGcI1Hg86A4QtHpYE2ps3UaBROoR4bEW6N+zc5RqDecgwoziFXOP7/E/ff4XYcRf44XFU9c9INylm2rOQkB9nGAeNs40QGYzIsGZaclgxLWJZdYGFhSUvOGBsb2zjnnHOSg5wlWbLSjSfMdNf7R+eZOVdif9/neQdzdc6cng7V1VWfCt1j6W7dsuELm9l99XRk/68+/ko36l56bhjM8UYERYwmxmAYDkNY/kTbPfe48Y2ZsLSyfKiPtwGLO/VIIu0ZcIEfYeWFlvBl5eH0VjyS4pYJG0mMZIkmuh5ieDIVgE2+LSlLtL+GS06bKfZXozuCNYCACIRABCRAJIwAhBU6oeqq1qchCcKvVe488BasrzN6dU4JyxhuZlNDPDMcS+DoQywTYiOtbNzsxLXjMEYfxRHF+it+jQkbISerpzgaqZG+zsYoOTRL/aq4HwEJR5DyGAOTg4MCoWnRly5hYX/n/6wKsPRv+KlqjJWdiuGaLxwySUiTYqWR92qqzoaKcMpBW0Viv3LfpRbaJ6BXfCAP40qLo4Ng0guLZeqrH19N/dNOhP3i8hW1TVkD21ZK86mZITh/CI0UNmfE91+N/pGys8ddQeCgcLtCk3qs2+dC938koH4lOU4nY3tCvcEDGDSlWzZaI/KRcGlELoRlf7CyxfGkpRWbYbgz1e13cGXYECHU0wHBCiT1cSyvB8MHi44p81vxdJJwler8VleLA4vmLgb163yiwiHLwfJw6pUj+ugzyW0ZjdwcZAgLex9VwbHnHKNQ0TRbIIABcexjWIwFeqIEfebopBD21A7lJvvRBaWi7dZuVoI8skBq+NGi4xCORuVc8c4BjmBdRRj2K+ZqwNhwso9jMJBA0xbUZ8FTGzF71Spwi88ARHMvZEf/lF1UDnK6ptgjk4htLTFj/o+AQrAmEO26iy90jxQ0boh0ypIzXuf2PodydmoZHU5Ev7ygiioIEQEFAhFSAkSIJq8D0DGs4SpHIDALymbBmaFZ29Ks7AATGeEWEyQI50TEsb5mL/inGLcTG76gP7Im3MrufipMKNoxRbSL+KIYNi4UsF/ZbVV2SReWBOxHEoZJEZyR4xaxdY0gKmd3YWHrAhQJZLlOOWZHw6Dk9Y55OzUYCIPEqMgQSbHdxuHGpuMZigHAnk5vw5mxY9tICbSBJJu9ZMWtBmtGprHOoUfTCWMxafHmJiFgUyuwTPAmWBBeozpZxibPFq3yCyS5X3k2agI+aOq52GddcJzlVUifcLweTEDxYjOwwhXrFDPp4G6WQRp6CWHlPFvWjfkfAPyrOoJfDCHQyUO2/zMa2lbuMb9ZsYig3RZImKSMVJJ4BnmEYnMKoOkfcwRCo0QKz0ZRWQCosHsrAJx1qBTuO5HcV5Q4GVyZv+iUdL/ERafuCxE8Xa7Q33IZx0ZeS4WZrk6H22Ga5iNsyw7A+FZs3TE9fE/Kkas+aY2VvY3GEonwUA/2ucoIvNCf8EsoF0pKza1FzzmhqgK7+ivXqhOixUG6JcfhBFacA+S/hx22TmTrgIvuFxV0FVfu1FLynMHAABRIFddKyd4uGJblWSjbU14rVaGLImSyz4bfuWqLU9EEK5oRRXp6poqhUQUFrTQACLIJilrUr6Sk8Kw3CSAwQbHYUGEwIWUZYOoF4PsEEff5EG1VWQQgJAJB+sxbDL2vFnwAFtiZjVkd1xx1tiSlgkLuKUQXpEEILRy0xn3cqG3EEi6oxlK0aCbZTpQESIn4AD6r1Um6SlAeKs8KkzSo2OOEEmvtaC7L44gI4rsfAQl3yyyhAroqFCiMySoKp9Xtyg9cCY4t3XS4xc0lR5TzukRDruiw6a9rF4PbnsJ2WBAWMEZ5lRu7WsvEdZuazawHyLpq1Ri87fRTpLxDRVjRrOWrEIaQleegbJ2xXcOOuZXd72txRSBEfO+KgwZLNDQ/Bwq1YnSlO3Eejp+6iAu5NPHVsjt0J/8jDkKc4sS82No3/08TIIBEAAkQBFFebXFQ+lkOjFMPp61FUdw1aPF1kVnLUxKMmsMShSF4YBHNS8BrHMpGW7RShATP2OJx7+3NQKkweuYwW2EBi6JN04JjioPlLq80vNPLC2m21iCz30cHtqes0FAb2A1aMYACA0iQ7Y5ot3kaEACJwZiTipGAkWVAH2s2m41RbhzKUE8TUAUxKNM1Mv5BRCA30fpMQWtyo1257ikis3lFD52YlaWpy+hQCuxzpWxvMrsTrdHkoR1boaAt4uLaQTOdWtSyifUpB6MDn2BQbShMwumsusoq3JK4Qt+agSEy2xBF5LODWPJGTFahl/TAC5rBUKMk8Iqr0T1kOdFGQQFACEBUPpblBGVBufSVVIElGNyc0ggpr56+V0HAe66ukiH9r0ow1A9JBmG9HbVRGGaF4itFRALkUNY+BQVS1SRWf66aoIpZs6zhk/HB80YZJulVUor2T3WF3DI154SP9CtfNNhKU2blUlFBOQYpLib3gGPb0KfsaVJkj8qBcIlHSoa07U1cVdlsC3pu2KOinh1dfllUgSBXU1Asonw/47MMPDwb78Q7Xabob/nRoMKKar3RFG6IKwg/W08SPqbDeRiKkCmFSPXc9HNUWP9nSLhi8HNKKiEiESEIIHT5TBZTgBPeVhEY5tUjUmDPjnMQXn9nxQElQyWFzrloAFYA5Kw/goHZoQfwrVt1GqTsW3znAaOGLNbzaV/sXIR/brIKECv42ddmb/lGAcAfqISGjIbyQMj+dCBLHh9YdA6M2NGrHeamPs8BZcHuiOHjsdYzEvS9vJDCwdr4YSWjRxe7w75tUxF2MaCsqjbHiq6HbmtK0E646bNszLMXzSX3EDpHGZpehA64kP91b9xSsDS2Tr2g857aGPTbVWckmI9ZxFPoBx0NwiFBH/QtBqHc3DEjKgYFAbNwIHGMV9j0OaJ3BCZDQgRrj+xC5WhmvALzXsZwPTumC/GkR7wcVGearmSGEr+xnYyw69EQCmrYfog8dSElUBAkidl/LMiesaQ7EAgFNAsm1MNsZivUjuaeIUi4L8wyRmhPBc94H477uVzSPcChPHPPWcljgLQVozb65riJHXM5d6pdEnou7ICc7aRFot1WGdM0xi2EDIhSnyGsQMs9uzsWddgNbczQKA5XmQZwbIKfHIj08A3Z7rM/ZMD6JZH1zwoBiNCJdbP+kJFMlrQiAIUSECSQec2oNtdABqysGdl23fxHZCeJLXW1xWvlijHqzMK1ho9lLb2oWGdTmhRYRmACYAGsSJ8ob9aLiUbqO2AMRwQhmAjBjJWtFmMGUBKlW31oVUXgUkUENwI9EUisrdnY96/lgQkxuJXAjuiGz62cc8+bPF6r6nRfDIzxYchQ1kQo0m5kdorezoyZYg77F0yT+1ahpqxS58ITdhkYjoqOlTAaAgkAGImjc1Ndk9GuopLksUMKD19hBuMsCXvnVm+oFwrjjCuMnH1BkLAgIf1SNavbffamhS0HcXtTIGYv9ELKF6RVf9vVPxe34bCBJnXovPatFGgb3CyHp6qIFz4aKuSIeuhIFPxqb3L0lPVqg9X37nPU2JS+hrDD7MSyfRL6slYYnHOwxQ/PldKF4m6w21eLANYzbGUCA7AKLc+gh4Fyr1JQvu2YfwuzE0X7sVjGfUUb6y6H3wst+tCdUSc27uUgVdhf68GsoGbc8VjDFScixswVoyiboIU4MFggEcJBp2vLa6jQH79qY2obkYzoo8QhqYIrCVnFrD2taSIxFBMdTTIrBiziWg2p5a2rPqLAo8++ssI8TgCkD9wUREAu/gkW4HhNBG7I2iJB9tRlp9lK4iGy6J2THLQ60Co5RlfaXC/Q14MkAEb/ZjgAhwaMLCkCU3QFIfjBmXqF1V2Y+ZCAzokaepuKfORWv3veTgL7rDMO5GGopTn81/6mNX5xm3Hcgwo3A7NT+k4BBOP0pAvL2J5CcNO1UjDHnXoF448oXiFSMwQI98A4KFKag9Lnwjmr1v9RZG+ngG2HC1Wx4bnCmijojCA1otijwBVhyBUl8xaqjGW6QecOglWtTQU2LoEhK5ZH6QYV85r5SnGXgi/VuQHA5L0jgcO1XDSaq4gT2N3qL3HCSiwmQx0wC9VCKK1LwAUK+gyxMCSdzKEtKyRCfWySMsMP7Wy3JNgKOGeXgWNdBuPmCCA0BkrO6veCjoVIhLhOTi2NCyn34UKE4gK1P/uPjv9tJD5AAFVN22MubIomMBKwZEAAxYAKEFliLnNQiogEICgXpkc0NWh3IjqBGrSoHSlKkx8ttbwS8Bs+lN4nyQrsCnAEY1QKmKVkCZAmRIIYSSHoQ4mUklIvGSIg0Fv6QAECaqvPjz3Ul2j/086TPEciIhfrBGBmpUyiJunpZTB7UgkoEEloeBQs1mNWoBRLVkpKyYQKA2AGxpPHVrkSALNipTJGJETUexSBOVdKSWbWGeSslLVHAcrpHoRunFrMcp4DICTCmP1oXkTkd95aLi7sBCmkOUbCJZpke2H0kYs/cPAnZFdXLVo7KxJtto7AzCsGozD+JziB2kvdYldDwapdUl4nsZXS5SH2N7r0zwDm4CJXuGRiRZQtuNVCa9ZKFO8K7H9pNgz1V2G4EDYTSc4QDXg1ZntiHBGBPyGw28I7BjBGNTPHFCt7JL2PL1AZgfKtUCMmlyoOuJeaLv0KRQ3qnkDnRItIFvUyQmQAXMkJVTa5QxEFjq/Qv4V5Kf9qm8CwQsNj8eWBmFu+HgQwFsdavCKjzg/B/hqOorrDIUv0G1SljVdRHoslzWgweqqyE1DivejX+Ld+RmZ1r6oAScUY47bKwYbq8mVOiISpnR03w/Gv4aQkQbWWvhFg5sIDvgE7ZrPdL7QPoCRgfL8tFg5kflht5WW0MJE2QN0I45AfO4s3rNBanL45BND+FYbqyXHGp3kVvD6MzqBCJgYFrLymCgWkqUBrPyrVDIGgQYwI7SlkhY6hF1QTc4ciP+gSgjPKwm6aVYKOAd2qiQs44BfWHHhRbZTLoty4YNDRKo6OlqCuiMJ+u2ociwWAtRC7AQtVSquxomVTPAx/V1+WNiUTonQ5wRkwt4VwtqcBTAqXmTmNnEuzU9F5LKy18lpylwp+90VMUMJwMAZNFaUKO+ZzRZRGRMwKkE2OYPxkuTava/zn8H3yU13x7Gpx30dneHKVSBaxVMk3UVlZtbci7En0ofD7lKraPEfG/mQiMEaFcu/hgNAJjUYvm816Fgi5OQQAfda8w8c+Vleef1tnKD136rKVYt9NDUF+bOHfUg/8LgIV4JACU9uRmm2Bmmu0AFBsbFeWmCSNgSFIa9Bty4lJ61IBAAlEiNrXoWEh2V9ypRSKRIsdVApAsWTFbMOMenaCzatMzJIAkfQyYAZQRExESpFSIJLG4AC0WtDrcbstAXORIKBQKhUibbV0r3qTbSkUIiESoQTIUapcSamUk0hOyDEzCSIhkAQLIsUsJZPQ4ggTQUmqlDQwyCpGBmRCew68NRGUQmZQCqVkqUyYgzBpDNTrddXr5GNjAEBkX1tjtRwgMGjbnEWrybUaMlLWhSxHIm42iYgZsNOGbhuY7Sl5ABwZnJ6S2hGglEJKW4OcK9ltk96iqhQohYoDKIFWT8XMExvXnrMwYP3yzSi4XyjXbxmgxRBBAX3LB/WoWMJ/K4kCjMS/jbyFJVhLWQBAUPbgK1WorLBw+wBNM3Jrbe7EWiffawzS4gp2psdXgY6rlHtTW8VoS1Q8GWsQh9jLPelraZS6UnTBefA9VbdD47N6FH21ErshRglZU18Y1akhDbtJDPMwiUKie6Yqb4uDgIL/r69Qs3CRdP3UaKg+vAIoao7AM14JIKFEdn0MuTcdi72rMPiLUf0pN0xOcXnX1U5kvU5RpsCjUGUqh3avZ5XCKHay31G1EImx4CUXhUb79LzvPkrfK/t4EjZpBsDOBHXhKgznKXL8ht3UdYeoxhnuXH6gEuza5ir7DQDESNoeRBef7C96uPQJPDuz1ZB6jFZbYPAfWePTod7Yz2b+g2g+GNFq/hAqOtXrBTeE68nWEGvSMiV8Mf1PpFDi+OJUusboPJP44GxhtpHRWHFyMH+FWbJHPBkCWqwcF4oHFBta7l+bMR3+WlwLkabGSDw55ykAVlk1ekKc5Akf9fxsdXWo2yJk01fR6YXnD48JxuZnkQsyxOeOunTxIsKJRldKn7CDjoWw7yZWVOWT1KyuABeQt+6DkHX0V4tJDCswK2ZWSqmANxiYnNcl7k9IqDAyXwqNRtMfPGB5uiz4TDDHVtYXQ9optvE001Y8o6Hc9YxWKXNLqwQAdqhy/KWU1w9ErEE/AgccZyihDaRwKbBl0WCSNQG8+C06KSDwd1l2sYlW0XoJOL84Exx9djyGAOVpYc/YQb1YqCWUVwam+eFHoRab04qWHRUDg1LMhLLX3bBh3ejWrTNnzpo5c3aCqMzLKs1/qHdsGKoplkrU65Qm2USb85yYSUlQipNUap0gBCChECAIiYBIH0KLiJjn0OsCECjFijOplGLBSkilOtm6J9du3bJ53sJd5syZp4i6SYKILeDt27c+9vBDMst323OfWQsXZISIKBCAkJiwXqvXBiBNARGYDAGUBERIEuj2VLdNIoFUQLfT6+XEiEgAnHW6mGa1oUFQoKQEJGQGRibM7CTpRFlEc3KCQCIi1FuOVQa5bG/Z/PxTzw00B2bNWdBrd5DdRlOrIg0bIiuZj46SlKKWcqOF9SbkPTk2qrJcokqQBBJKZfSkBgMKQAAAMln7E43zVdQbolmf3LQhSWq15mA22SatZZUCZZNridCkIAc8Y1OaQraLQDY4SWpZPvrNVebxvGfqigsBoYDlrIPAJfw47eViv5F0tg8jVhppWPrmkiCMfPUH/IcFOThtCgIZ5ZGAS9cKulA1xhDkBXSwQc6oQOlyKWHlcGLURJUgjQREvy30ZjKxRNu+8K/cDQ/Qq9jGyfsoqllQRDGEg3h6fbeLUi5s2lOXXX5m7HsOVVJoglYMDUqSNzZTy48UyGu9nRhXYCvXtApUfDDGeJKwmK8ZVVtB8EC3FnGYMRt8l6qGH+uV4hhdIZ/OV6mb+/BOpaVX+DWMlpfZsl9thSi6m44il/avoZ+pXH2zanTFqYvxYdlHYZJhSkPrR6ViclThqeBWUvwx7NBOXsyV/FFds+fInW/AubM13zKxiTCamfN7kqq6pot4fBrqJd0bct/dcfVkzo/AgswlIAa2cSVvgroFZI+dMKC9sNigQFsO/qIfaTDTJQlecbJfadR2PBUBu4qpNR73YMn3bb1fFSE4KBsPgbHh4UxwDxzJMLwX3epz9dPjppnoa9UoiuFaLhd1gU8rgCuwtitbPmmi3Cg6HtzR9EQiuJrBnWYu3igWq3zKWW5VxyIFbBn0hq1DjDXUCmJNwSCCtRklGmkws9PexLgDfa5/QPr8Y2KneqJ3ooaqhBz27K+7q9zWWb+kjfeHIRQqhefcTbOKgqUU6p+ws/YvBto/VqhB3eEynGKsoSuGw9v2RpxF5aufarpiMWD6iWglMbL+DwCUAimZVJZlojUw8uRT3//6N6+65653v/q1b/rn92OzkXe7SZIAaVlOiPr0ZoUALEEMtia3bB4fm5wxfwEQ5RPtRL+KlbneaLjtpgAAwo6IABgh6ymlgAQrZmZKRKvZAkGQS0gbWx9/7Kc/+OEFN1z/nled9uEvfh6HpjXzjOp1QLznlpu+9oUvtccm/uUznz75Xe9uuAG2J+XkRGdi8tmnnti0YWMGmKSCkJXiJK0pqRTA3Hlzpw8P3nHLbXfdcPMLjzny2Je+vN3pEqp6Wrvv9tvO/MufV6xceeIrXrlgxcos6wlmkipNk7TRAH1uKiIoCcyQ55DneZb1smzrc8+te+app9au3T6y/cEHH3rkkUdW7Lb0E5/+7MLly2WvS4QI3iGi8x2IKGN1/q//8JcLz18+d95HPvu5+Qeulln3yj+e8Ztz/rpk7oIPfeYT83ZbprrjOiZjWADRHOUqhCJis3WVE6J8cvKKs844/+xzFs+b/95PfmbGLot6IyOaA1gggNBvrCEtgBHMRlZwkXMvlyt0h2dGDnR+pbiY0q1oSvTTNP6z35RbXUPxKfQqCC1QiS+DdxgVUCAu4sUbDP0fkatTmSg7JyV3sljhkdCTGKBBlxdXeiIUIlgGSDu4qo2T0OYJFbrpRjXa3kEzRdSDZW6bOmq047pjf+gUhSts+D62aP8R9H2qolHsi8BdibKd7Nm44JJhu+PdTrYrXN3D/pAsxh7lXplC8I9wVFUX/oGFYIUXQ2Al/v/xKmMGqOSf4KdqB9bO0a8QXEjsXQC3gxaDQE6fen3MF7xDr5AbgP06WqonGEIldrZ2lN4kw+bwPXTlda/NMOwQwKz9KEoJLJU0IT8f79GJVigQFQhh0IeuK/IhMDMAK2YJSkGu9D4V/Z92sjASACoFYNzbiAJR78axUVvQGtH0GJ0ELIV9Ch4Rl7xhVk2g0NAdRuoCaoFiDk0ip0edtRkG0LQfDtjedVqZg9qDLZ5o2BEiXuGgAjsdGNDRneNgqBZ0hV1eqD01Ar1j2Q3MyPTCyrVCkONJM1RANyxHABf1DSsPvgePRzuPnLfS3TOVMwZ7dDzpjTtPLyw9IDQDZLZvPzDERAy3atp5x9CT4ALllsTgtZz/EtLNcpZtDoPczuBBd8iNLmoasZUbLAoMwBgcO+SdFqinUM+wd/1o7guTtNDqeNd80fop6XJP5aLWjAzawhoKJVIQ6Tclg+GWvMKlGkLaT+ENrWh0iksFvBYsocLwbDTJriYrbR3ZopxXK5Ztnxyd9TJDyyReQDgfTGXEiN0nBAfLzMr0fQu2tPkuge2FG6LndLSnwniRGCzswqvNrYwiBsgBXVaoBOxJrCF2OX/k0UdvX/PIic8+kyMBURcgRRSAOnqJAAQgSLCUVKttW7fhp9/77v133f2eD33kqFe9ShH2ut1aWr/srL/ecP11jeFhBlBKJiIhQgBEwnqaKCnbY+PHnXLKYSee0ut2EqSRrdsevvHG59avz7O8Xqtv3Lz+pjtufejJp2+/++4brriUIRkbGUXkocGBW266Ye0TT0OW33377TPmz9+ycZNSeS1Jd9t71coDVm974qkffff7F990UzNJe3mvx3nOOL1eF5Rsm5w4au+93veBf77+8su/+aczXrXmoZX7rp63dDfIs8le5/wL/v69X//2xIMOOuyY4xekaW+yXa8lmOWP33vf2scfbdQa3U6nnXVHtm3btn1k+9Zt3V6mZNYZG3ty7eObNm9ct3Fzp5flACnA9g2b77jpxkVLl+qtmOF+AwZULAWiQnz4sTVnXnvtC2bOesf73z8fQDI/9sQjf7766sN3WfYBqRhAKQ7ekGZmjokkoiKSAEopkky1pDc5efVFl/7pvAuGE7Ft+7b3fvLTy/baI2t3lFQMyNaVK4AFEqJdYuwUkxExVo+Eyi3uQKArncusKjrneTbgZuPx8Asw0C8BKg4EBcfNgt+5HYhvAAYgB52DLloR7MnPyjqwot6GqyuM+cQV+V/LMqpYPqwn0OChVJpappVDQ4W+hQK6YP/EfTPIxqpkL1QrW3Rd9UML9XqoSQ1/+ECrV61gdLCvvaSMyjjNzGxc0sY2sdC0r6M8hJIuAMvbTpH6HwOByW7UTjjbwFocd7cPajM7mCmjlcN+Bg+y/RpF2CyFoxQCW1sw43po3p40RA5GGP1qu43BzUqFG90PlUjMgRzYJhVVFWc3IHs42P62mSZ12KIBh/YDBPOLdmd1aIJW9sd1N3i+ghnDa2oTmktlPP9XwZuyaeZ/Dehfpnb4TIDWq6tNIIIi5tg7vwM4GFFlsLVyVpnZtVZE8ztj7hvRyU7mOtHLigkQQWsjClRGQYhjEJnUb1NDYKVY1ZN6XdTJxSkBAIBACBvz3OmLrf2pLAZHMG+qYAQgIKm4m2fMCgUCM9ttpLYCP1ytnwrmtwfV4c1gYvrtR3QawwBTm7/tmEFrcN2ml/t6SXged6snrNYof6sPov5pK6NgHYA97aJvP6uGaUsEPMYxrihdBSFeKM7FNuwSYr3I2Rd0+s7WZ0YVqweMmgjWJHiiWVJ78Q4BTV2j6Mu7lJwSnfp+Ld402iJUrbHwLZKFAczCZ8tdVlxGI0IAVvp9Ewb4MCtQEWW9e8T8sWEKx34QCRnfq0rJYOKsVmjvpMe9Kvxo/jJarczOBio+XHRsxILVa7K4P0Z4Bk3Hstgn00XirdR4iEAdFQL2dT8wMALbEBWC9ZvZlW1jUMEQy5wTODacPVgoEssrjs/6jzwj8ePhSEuN+yykqJ2wLfTYxS4iiWlKtZqeDwAAxWkto3q9NW3a/IVzBu4Rg4MD1GhQsykQRZoI1C9RRCSiLIMsVwwirW14bO11V1x52UNrNm7d9q5nnz7+pS+ZvmARSXnNVVd9709/mgGQoGDger0myGiZJEl63fZotzc0NP2wU1/GeULN5jN33fO1r3797vvvHSDqKoVCQCJ2aTRvvuuOuz94X7fT63U6SsokoVqzmaaCRPq7s876xZ//3Ol2MqlUnn/svf/82UMPxWYThNg+sm1LLxueNn3G8LSOlFu2jbTHRxbsuuve+x20aOmKww4/YvEll112510X/fWst3/iYyCS+2+66dzzzxtutQ454shdlq/sTnaQgZAY6fqrrvq373x7Rqul8l6Wy243yyGfbPckKJnz7IGBuXPnTJ82Z9HipcPTp7/gBS/YbcXyweGhBYsWKUQC4cW1kqyU3jerFABzfbA1S4hZc2ZSQgDALJtDzXlCzJ43S6QJ5DozSCeX6zOKUJ8ciI06UELAyIx5rhhqw9NOf/vbJ/PuBRdf8sezzn7++a3v/ejHVh9yCNTqQABISAIREQHzHPWpOZoVFIBRYVzMpHFc5XyNBU5DjFnNPBsqQseBTpMCQODVduWq4UygH8Ozf604jHppBY777Pmfkc1ee7M4zOFk7EpW68L+KFR3l/RRZ0X3rR91YSzm97Bv5gl0BaaQ4X5+mNH79ktoNeihe66QnjSFRy+0dZ0FFcjqAooytXDoh0XfN1ekn+XTb4yu37by/pMRpflOdUXis6SeOC5jFf4/9lYVsHTzDxZQCJYQTvik7UNxSRSs0OBzwYYrNgfWgxCOt0o1gwM8VYMqfy1Oax8iVXtqNIzbEW0jmzOsEzyLVs58xPx9FvgUHFO2D6fqZGDtF0bU1/auqjVwAYAv1n90hbYS427w8kcb7miBDoYPV7Ta71KBbz9wYxRMbV8hRPNtbWJ35qwFrzYbS+/NDLpHiCZvPsKFNluQpVLMzdrAlu62daOPdWVPsZIs9YmHxAQABCSQCJGQzF4ZCygd4mPW8U+plFSslHUh6mL6WUAkwARp8bT5iwcWKyV7suc8MQ7loZsqM7Ayuo5OjynIRyrxQwFsGo0XyHDnHbPVhkIhqM86ZeMgVVhzXEPcTe/kMV/1FPj6Oe6Qt3qsjjYWYNii8nQDtlg/6Ep8hUvBfbVR1wpB5/Vo4flwwOg+7ehywV4tQy14iahv+bpAVkaPXorNu14WFUBpwMX+BP6R+Al/To+VDq6NYPFCIOPN/NghYtCXIFGh3IPYSrEmqANqjjf6wQsDKYPdQXFBtqRxtCMiV5t+/VJozYY9KS88r+zjERR1G2DZYTClcvIMqZQCdm8VDtrQ1Qbvn9ECVKsFvVgYARSHpiMDQC5BEArU1NWp/8ExU753gWvCBJDQWnvoR90HbQRMa73UAclia4B9Onq4xkP6FdspyBLXEQYGJJAZjncEkpJKSalkLrOcx4ScmAQillIyi6xb6yWQZ0LmQhCRQJGA3q6MDACy3VmwcsUnPve5af/784uuu/bxb3zjPWvXvuPjH589e/ahLzz047V0YHCoRkSIlCZIghH06xfzLN+6ecse++zDMhOCIBH1Vn3lrksG6o1WvT7anmh3Ok+vW79l+9ahZmPmwLTGvFY9rSciUQLWP7dh2/PPg5ILFyxavudegAhEE+Pju65crsbHZi5Y8M8f+1DWnbzwsive8+Y3v+QNb8wnx877y5m//PWvXn/KiR/80hfTZnryHiu+uG3zJ770lbPPP/81b3xjOnPa73/9y4effvbkI1/06je8YXDO7M7WbSkwSsmAzYGB2TNmtdJaIrjZaLQGp7W74w88+vj4xOQxhx1y2mmvWbn3Ho2Boda06dPqzaHlS0xqay7zyXFUCnRSCwILJBLMMu/2GJEZc6kyKTvdXp4zALBSeS/rSdnr9aRU+g4LIZUiAKEP1iIBgEmWJwmAkpJZ+5EpqR9w9DFzpg210tpfzr/g6uuvXbnn7nvttUdtYCBJUyQCkpoRiAQQKcRgOQCDzfF2otmxe6C1wUpjK3CMQHSgNzRC/EXhmnGSIEBpRTXBjtHB5NMiForZngCwWT3mCxrpCcFYFAAr7WBCpTNOgoWom4q9P1WXD7hAKJriqnYM56rr9vK2r2eQg7+uQYvpI0DYB1sHMsKrADsIdrWFl1LKw8jCr14jB4MIQlX9AH5l6LWqXDQY7qMPwU1Jn/vV9MSIlSpRSlC2pDHjekL9aB7v89LLftpQE7NwxGHhweIwSsatXTbByip4EKoi1aF9uFMxrT7XVH6TqiskUTUbV7pUHCwpYdZyELJMIu9vDXu+E30N6+lXvpKxI7jrkaB23Hu56bi4cmmY3LQyuKo4fyhqO8gcKCcbBLX4Qdpxctmr3xdQRn98fyN94InAAIqVqc+kkRmBzcBkzuC2FTq1pJe/Ymao1wbv3fzIr2494551D2UslVJKKf1KcdSHM+izGQTpc3a149WbuNpK16fN6yPr9eErDGDfNo4kSFCCRCASkSyYPuvle53w0uXHD4pWW3XtogUbaEQH32PNU5BaodfQCeKIrM5gCZ90dbJL8mRAdIHPwJ5woh1CzW6Tmooy1b2ayVslsSESCBd2VgoETg0z2T5iab0gjtv9ogmsoTBCq/+HQSaDUYdlyRlkLxQAhOl4fOaS6Z8Nz0VpEtZVbZ1z8YQhOERksFEgggPu9HwQyStjcjP7ZHLfcqjtQ93jnKxxLC7afm5nwPFGmEfmzQ02fwM1U31+mrIrMtZIkYIIqOxmNFKPUOxH8CFyv8WSs0LfxFCq8HhYbcgOLvhZSIPxwNGYf2W5b57SctLlpRTaisZSwlkMOqdOv8oDQClrAdqn7B+Tna4tT3MwjJUeoABJgQIFWK9ja4BlpjqTRGYdI5F9eaOTzpEycUvfDYw50iv2fkBPZp5SXUd+bf/BM1a8QMsAEd0zzp3BzErKZHh43ZoH//iznz333IaBgUFWEphZASOIWvr4408NEN59z10//Ma/swTFUouzRCSQ9QTBCa941d4vOgJRqF42fe7c4177mnlzZ6f/Tr+7+uqrrrrmlW96y6w5c4486aQjTz5ZJKlIBAASIogEEYGQFbNUmZJJLZW5pCThLNt1zz2/+N1vp2mKBJ12R6XpH370g9/97Ocf+ORHX/HGt3Cvl6Z1IqoND15z4fk/+MY3UcoPfv5zJ5/+JlASUpF3upIwz/K0ObBy9YG77rrb9k531uwZqw47FADW3nfP9m6GCTWGWs88+kgzSY855ugj99l7/eZNN1139ZaJ8QuuuHzmtOFFu+6isvHNjz40fcZsBuRuBghHnnLK7vvvDwiNocHprcbDt9/yg5/8dMvWbUcddsQnv/DFA190CNZrkDa6Wzaf9atfz1q06JiTTxFJCqx0urLO6SEEEIlst7u9LtXq0uhDZAAlpcwlKGbFuYQMjEeWtYQUSX2oBUSq12MASoRkvvHCCx598KF6s8HIRImo11milDlyltRqA41mJxFPPfXEWX/4PSuZpIk+6zfLskSkp7/9nc1ZsyDPmYyLIhAckYYAv3OvmMsGRekRBHSs0PcMWoFi/OsVrfz2YhjCJe97F6u5UIcHCyzc+Wh2s7jCNr0Ewaw7B/9M47E8jOQYhFot+LUKIjt8XAg5+KhFWSExG2prLVwVNom8utZ9EDbtwjWhVCmOIlBdxWdDInI0C2BnxWkx01YMWaMKA41QsCuCzmBBkMWe6yq7sk+oE8tzx9ETO4qzucd26irbolMbbwxVnQ6f9UWZK2sLJjd8sPhruemp3xoSGJ9T/FqAExWWYTzA0J1RqKTs6diZKKv/1cISLsR1SlcgQ0y9oRmJYZcgWsgFipWXSrmJsunrGmFnNTsogBWTEootP9Ip2bHg40jQA+awVoZgKf5frirOiJZ0IYgRGJ9uYBphabyLGraBfeW9BcBWb5gEQlslgvV0IpLM80baWjPyxHev/ckVj9zYUyxqKSKTYtINu7inIFSABKgPuAeTpwoASqf0KlCSWSltwLKOgWrhTIBIKFAQJpSiwIcn1q4ZeVIJeMPKlyYgcs4AKD5rcqfIG4nFaqFglOEOqzOGE5icPe9zKby4E/UWQQrjbQoU+OAmA8SPBD2xa8bcqBQTbpqCYRY+GP0dn6CJEHSJ2bcSPWgXVCgHVEwer/DLg4jLYfwA228FiKJv62nQzI1uQWt6FdMuCtOl6RkG5Pqs9ikvB59C4FH9YzgGZ34UKwunRQUIigF5Jw7Dcm1U970Q+dx5T3wYJq4KGcc6zwG6na3eVPEP9GEnHeT6UozOigfQb1S15mU4J/ofixusSWyNT1ZKMRINDhLnvOkZHBjGwWlqYgKRzcHdHL1LAUJzL4A7FsK7lvvE2XdEjlJ8uOpj+EDwwcl8/4CTJcgyzxKB27ZtPevcv933zIYBgBygBoAAPYAawECSTKsl999x55033sIACaIEzhnqmDDLac3myj1WrTrqSO1r7E1MspJ7HXTQhz/2ocUL5u2+z77zly2l4eGZrRaIxL5/ZQejleMTzRmzgMQTD68ZHx0lQdNnzxxutebPXcCSn1r72MjWrbVajQHqrdbY1q1LdtlFdnrbtjx/283XbN68TXa7c+fOXXXgwelAqytV2pNpUmOA2+6489CrL1dS3n7b7QkAQLL90cd/+G/fuvmBe+cPDTy9aVNnsv3jn/7s2Y0bN24fH67Xr7n2uvsffHDvXXf7yKc+s2yfVd3JSRTJ7Llz5y/ZFeqNzvMbL7/4wrP/dMY9Dz74qpe95FOf/cLKww4FAMi7mx9/7Jff+e53fvyjg/datXjm7FVHHiGzHCEBQiYgBNXLH7jllgvPOXPRgoWnv+u9VEvybs76JCbtvmXFUrGS+sUgihEEQb22ccP6hx9+eMny5butXAEoQCR5e/K8s889869/ndZqKmaFAMSgSEmJAocGm71ue6LTOf+Kay688hqUqkaYIAlBuZS1RvPUV7+2OW8u5NKyiF85/ihAjWpiQBSKHpc1w0XWLIrZ8PcqgG7tkLCOoNGg9coMzBDt9f3Rr4aiOAgL7PDSkdiSVQBF4VbO45j6CiVFJeQshv7Q/1uJKqcQNrwjSVT2UUaPF2BnwTb4f3sGDJa/FfNrCsbYjlv3IGeqE1VchHAnNWlltDPqTKzS/LeYhgXWDztU2cvCh6mnthzrrnRSB9VPRZ/q4OT/t6vQpXKFBYO2f0XVhKjmkCk5oSxf+kmzcIbDz74vlXNoJKA998ftZYXiuit8DiPG+n5i+4kQTbYfRcErEFvPZrQYPOuXQQGxF5wWBS97BXXC7Cx2dTKwMn5ALsAE49PX0R/QGWysWNZE2uXsj3efc83amxqNWguTdt5BZmH2WChmyPXpJM6MMduokMK1zwxW0+rQBSrjmNTvSyNkAr3dBRuNgYHm0IbJrX944Pw9Zy47eNa+Y1lGBFYl6CFplcnRKWxorTe2VIgWO4eSPXAmOToZ2oYPeZspUsYxe9kJI0061DnJwN4HZLzbCIqdg857PNCOrSibSoegOk+y4Vqd2IyO0GG/EX1bpteaLay7wdmg5rahn91SaxCJoTmbqIrZkohuA1Ho+DU9skwVjSVE8VGetxm/JyQXDFcNpsHGneyMsO2ophQEfgSPPnz4Cv1PxhpBW8h9c8SKpzf0JftaQ7ePd0Y7lFe42KIHFYRBiyVt4oXujw/GBh6ignfZu5YNzXX8Thc23F5hYZpz0vwkODvT+bBdl4Le2+XlvCRB7xEj5RpJJAzPTXJIqk9hV5sfQ3Bf85e7q4CVe6+qnWG72c321o5DSz99/oMQ1BxQ658evfKC7J47ce7CoVe+Jll1oGxPkt2Gjspzqh2dMzVNR4JEGXeuaLimYkY3QwOAomoM488uLMXWKAjp6hecWZ4B1DbZCGxJpABRKQVSIlFzcGhQbDrygH2XzFsgc6kQtUtwzSOPrX/mmRW7r1y2dKnekc/ASZKMbRu5/8EHheS0XgMEVhIF1qcPs5TM6sATjt/9oIPqrcFM5o/feisoJkpYJz0KkaQJIyqpWDEryVICguKMktqcXRYPTp8BhLdffc03vvrVZzdu5Dxnlt12d/vkxF1f+poCmQEkQgCAAJDMzaTBrC64+cZmmnZzlSHut3TZV775H4e+9JTu2ERKlKZJAnD19Tfdd+/9iYDtW0fqiEoxMKcJPbdx3fb1gCTq9datd94tCRbPm9sSycTI6MZ1m5K22r5tBBEVKwSWvR4gPHXHHd/75n+ce83VY6NjLz/+2A+8511z58x85LZbe53J+265/cqrLv/7pVctXbz0xSedPDhjGkil50AhMZFAYu7dddstP/jRz/bdc+VhRx+94rAj2pMTSkoAUKwYpFGwSgIAAQIBI0Ka3HPXXV/62tf232OPz3/5X3c78ACWjMyLFy/cb59VNSFYcQ5KcU6c1NJ0vDP5zNOP9zqdpYt3GZ45M8/yukjrSYIARJRlvbRWq9Wblb4x55GxUtMBnGDRoZdujhXLKxRCfo7BicEVHnuzkf5e5jsPkRWJ6MSDF7to/wl74QIA1UjYimEvzO2joTkQSnobuQjWr1vNFpthgOUi4pTe5YDxWyKCDkRyT2eCANg9ULGk9K0XtQUDoO+VR9XVYLwAMqOAz5RmiR97ANyLJV2ShlPNEGdkBf61MD7p8XfQqxBCh1GmMhCPRhGiNq/ygm6UjOdyE44gGLJNVbGKDoSdtJq6glw6PhGS1GqumAhT9dbU44i1c6ZgqKDdAgewgE+jAuvJN9hBqzzrfGK75EImqwju7dD7XBpv2MmdoUa0Rjh6sNCrqAabB7szFrW3tkqzXAZg4XPegHACMhyjqQEsKA9UufNkOcwQ81t4p+L9KwWnfrlA1SN971cLA9dZ97EUk+aoWmRgpUAplkr6SEGfWtHQDxGYVT6Qth7Y/vgd6+5RCZAQSQarZq4cEC0ppSJmYCRks+8TmAAJkRj04Qd23pTRucxSKck68gmK9YsQGZAJhMAUsA5EKJ7Mn98mxxvN2sPPP3n3hkcOmbV/AkIpNm93szrFWk92xUdDcZKeCz8YAhX5aioae8I649eWQAQwrxdA1AYfMFtlymb4Fr1bXIhg46FeISHojUQadjpBXpweZ0S6FegUsJEJwSGwQQWWaHGNWu2Fh0fZPNW4nLVJdP4Wsn3xjiFhAUiDu+XEmO9OlfMEraHrykZpVRWrwSo2lx9th1mtffvNc0ly6PGFkq1gP5RrKuQlBPBI80uxHQbQu8QDj1m/K5QhAUdEyr5Mzh1doeUZga0pJE4or2O5X+zyP9SVcuX2Tt/SrEw8Xpn8W2OPRjK/IBDZ/geAihWAQKpR9+art51zZu+Bu6nbBXF/tuHpGR/+bLJyb9We1AeNAAEwWa7tP1o37/EK68O1lSTo+0s8mGAhuSctiEO/KADAjpcYJIPJN1Eg5etOP/3E15zW6XbzPIM0rbH61pe/8ssnnjzg4MPe9/GPcS3pdTqJEPWBwXuvvfo/vvr1kc3bhBAAiELk7YmRDRs6k+NCYJardGBwaPbsX3zjP3//t7/VhSDFuVKCKE3SWppkCN1MKSVZSQKoEeYsRbfz4Q9/9KXveQ8gtifGH3r04QzgBfvuNzQ8PNwaaNXrucrbSma9vNfLGFVCSZKkrXodlOxmWaNeX79+3ZU33rRp89ax0TG9FVjPTQ4wONCaN3vWli1b80y2EpTdztCcWR/60mdf+abXdrsd6GXXXHXd93/yk3nz5r/3Pe/aZ689tz3/fL3emDVn3m67L8u6HSFIAdRbzS3rnv3uf37rh+efjwAzRLply8iPfvrzrSPbu52s05286977FfPhLzjsc5/71GEnngQg88lJ0WgopfTJVawkJcnSFbvPX7jgifUbr7r04hWHHA6gGPQbUlkqo4Sl95ciCtFtt2+947YHnnq6xtTr9pAxz7Ok0Tj9ve86+fTXak5UyuzHraXphkfWfO5TH2tPdE88/sVv/OD7s25PkKBaAogAmOdSIAzNnQV5jhTIrxAcWH5i5lhpWqOokg2rWTSGTh5Blhk9FKVs/qLRfJaL+0hytPPtha1Dz35Z2A9s1WpQHDgoW1p4YZvlLgSCPu5V9QKuMEEBEEDFlmoleuEYxUIZzIQj9vaJcyyw3che2bV+dZYK9E9O6QtxCwoihKuWR5wJMaVqLvBk0WzeychYQQ5PBfqqrJ1CWzvXLpZ5Rz/svCZTXUXXZNS9vm1OXWVYoAr7slUbBqF4Fp3Kt7FDM2eKPheoGj5SDgAWqy2hnqpZi/rhF++UYKMwv1ysqOKpHfNDxYXh4ix/CCt3ro2woar3f2qLtqo3UdQC3f+ryOymxCDF6GbcteoeAzCwCoYEDEoqpZRkUDrqY7c+aw+/5zFEYvMqTiSmFNPxbDLnvFZPO+3OcSte9IFD/ml2fcZk3iZE6wEiRNRfybx2TBB5T74CZlZKKamk0srXWJ6gz7UFAiRKGBNGwuQvj1/0v4+eIUGignbeYQCBQnEOOjRlTSQABneSiBe/lVeBg0I9xcGPMdvpOxQ+He8YRwBz2iAiIpowJNqXiIf1+BRWGyI0kk4THQED8wWt5OUirPamokvxDY9SKJoRJVFnayP74lYXCUfntvHqPH6SLVJgq0FRbykie8iRac+QxVPVpSTqA63AO4jsmRa2Pb3QAreu+yGY2kplUimj/NOAbu9tvAnFUSjoMbrjpwJHQARvWLGvSZOuGB4wkgABVAB1YpkYHSVdGEW48m3MzzjIwe4d8g4vsxqYVf+TAyPcafnOzwQX7hSuqDDEBnBgeTNEN73QnFJEh4q/5JkuDIJBMbICqUAp1mdpo+Ya1CvHuIAc5/inlVIMBJSK9tWXb/3Vz/J166jVxBnTAbD32KPbfvmTuZ/4Is2ayb0M7eFyaB3yRmEU7XDDISGCd3zD7NYgxvSJJsOPzikIqw58kkLhcuPy6gIso9roETMo0JvuCZgVS4DBaTNmLFuWtTsTkx3Rag4RNQYHegCils7adRdqDfTa7XotTZut6Wse7DErIEIBucRGc8MTz/z8v77zyOOPz5k5fWSynQjxiS98fnJk23333psipYwZyAkACYAABNAEbDZqgoiZm2nazeRQkkpppEWjls4eai6av8tXvvTF5XuseOr+h6TsDQwMAiMqbTRIIqJE1Bv1ibFRkdTm7rrknD//8d4772y1mmmaSKmAiIClUj2Ao4484uP/8on1j679zS9/ec5Fl4yMjI1sGRmYO3vVwXPrCSCqDc+sy5gbaf0FBxx42HHHjj733NDwEAPlSrHMCIkZRJJsfW7DAw/ePyOtzR4cmDZt6Pmtz9989509AAXQQFy1596vPPGUk089cf6Shc8+smb+wkVQr/e6HRIpQa6DDCiSfV5w0NFHHXHmmWdfcdlVLz/90eEFc8I5JTAqEQAQSEvURx64/7LLLptVr7/yVa9cumqV7HSQCJAWrNxjgbUG9fEJuczrSTIIMiGoCZw/f/7y1QdOjo+LJBFpIoRwzl+enASZa953734KLQItNgwstrA5iLJYUWyXlmM0ExuxrGce7W+JAXhnIdrVETFt3DFrvbkHTDFvgnogFVilVrU6zEz6Haq2TrAF+15uxaH5D4NsBRXHTwoAutLaLAnUatvEiCtlqsXgrAuogHno6GcFS+xJDn8ptGLbj5Or+l6FmE9kpNkeRDZzCToULwSrQJwM5ZDIcctFvRD+XAW2w1EjULyVCBz4sROqVKFyr87YSvvKs4iqLhdzK7KBC6ZpPlEKyidEcJDw5DoL0ZIpN+cbCpYTWBTla1OKg2HaBWjWVJHC7GAqI6B/tooIPswY4AGXe1WkQNVVNh37FS4fQI0+ElO+lB2gxks2iaM0R55j4p5w1ddwigHAvrE5fiQSZH0uu2rCbWNWlsbYqfAcIjPb93/2cwBUCx4/waEF6umiGRQtroWAIi4UG1YYo96qsLJmd2ZgfeiPzlcj0HmvbHMlEB0QR2RGAiYgAExI1NJaPa3Jtlw2c8lBC1cNU6vDXWu/o4Ya5m1x/V/EwqAkKMVKAYNNo9EWKwESCGdc7Tu2tvl4bTyfrENqKMFIQModeektFr/kyv7aSMJhsELCNcgFXnFv0Cmuei3vLaT1vl3dNDGGhQmIARkkem0GrMyGfmWzH9GRwS4KAEZAAgTW55947Bv2JBw5g/WpmXLGFrKpe+AEAxsN7MaHxpwpUBOs0i0JEQtuwW6kA9RbkgIPmX/EiXEI8IBb5X7opbVi3eB6QMjILncrAN5QsvmCQfu2wn7pm+4YsqAmcN2I6vQtVAiCiKymuJlTE2zjqoJsZjnqU7n+EI9hMOtc7CgW07RtBYWcDZv5FBPFPMnxebaR4AunB21N1SSxtwtZNAWpVTg9oqrdKXQ96TEpZqX8K5yAoSx8GMCzjf4GotHI771ryy9+Jp99pjY8JAVwt8NCiFare/8943/709Db/1npg2RI480KUe4TY7wDAArzaFGW64q57YYeulS8+xGKLoBARZaH5zQW+LWmeZyt1wKUUsqxaJb15ORku9ObmGwnAHWB7V4mALK8NzoxkQD12u0sy4dq9V6WSVYSwRyrQzQ6MnrH7Xfc/NijQ0AjoDoAR7/4xLd+4IN7rdo3l3JoeHDz08/+9s9nXLvmwRUzZr3hNa85+MjDW6mgXtZF5lrSm+jWB4b3OnC17EyK5kCv2924ZbugBim+7ba7vvv9/856PcxkN5NpmopEKARQrJQcHGj2AHaZN//db/un7njn8U5XbR/J210SAqSiRACCAli86+LF+x24eL8Dn332qfMvvUSBTBKUKlMKkdJ6q9mopQyQICMRNFtps8WUYkIJoOx2EVEIytvtWfMWfPoLn9u+eXOrXufu5IOPrPnDXy/YsHnrjFbrpSed+Ja3vmWPA1YnifjFf//P5Vdc/tY3vfGVb39Hj5m7HarXkBEIGeS0mTOPPvroyy++eM3aJ+647aaTTz+9JpIEnGsWwB7MSoS1lLJ2+7zzz33wsSdW77HyFae9sjY0KDttpIQVd0bHM6V6Wa5PLlZK5bkcSNOtW7choqBEshzbumX7yJhIkiQRpM9kIKwJUU9rCRJIiay90jEnVejAmIMt7nASw0l4o0DAc2dBfZiCbqVEQResulng7YLsDfSy0ez+0F4tU8zvgdGqKy+DkhBrVoPd/vLHFykZn1MUCgTxjgMmHOTlgsXXhWw9J4vtmvd5raaJEP17FRWQln1b4MQyR9q/EgT7gEwfMpXDU+GDfhCOd6zLvm8kuaCW+5zlDhj8DcsHtyvxepEIpraKCFE5ZBdaMjtppsZ99jX6GF2fTpYf9fGxqlVcEUvEAvCorh8BvRkZFg1MOOg3X5bcEdftiDhTcFrFhRW2DwAwcB+29OQpO4/K9QBUL+qyaykEB/04JK7BPNpvZFN0KbyS8K7uady5Kkg4JWLzuM1yScg4FY9xhQfLE9fHsxABQYGSSr/Qk63DAyzA9kzCgNofC6R7lKBIUCRJLU0USO5m3XGBnXxSCVDa2wcAAARkQqDGEPVVSlYKWLGUJhE4sD5An16EAhIBJCQ0G4Nt2REkWKHi6OAbtNZhQLb4Z3DTal4C5Ly1/ZMeMPonvht5Vsprn4nYhD0RALRPm/Xhj8TMyCABmWWulGRFCEwAyC7H3gpiZeKoDIjEwLkOWSDpqQNkE2ZUUuZKv6eG/FEf5iRQsHvWyHUYweQpWrEmlY4XISERCesWdlYqF1CEC+Xqz0oqo58MiNLGJyAjAqEyPOM2+Ghri9lWb3BDWRUab4ZZnM5eshawMUGnnsP+69nUavETB+vJ9DL4VTfoq61sBf36Cpu2ssXc9Wa0+6t9rwq85RJrx0KVoY51gX+MwEzwU6mWskwvvh3Lw5cA3xTHvVN+8tIocKopKfScy12dUosz2LcIK7BhSlCKCVCBi4BA0UOBVE/ypx7f+pufy2eeTltNKTNQAETMUkJXJPXRi/9eX7Fn7fhT5OQkaliLDMpuOvczXbASTVgGwy/BGg/oY0qVsHg1raweKFKjNCm+GRsdMl/RKEUgQgWQiEQA1GTe4oy6mNZrCaEAGB4cmjM4qBIc76hE5okQaSL0bgl9mC13uwsWLfjIxz/2mvXrKa1ddNnlF9x0w7YtW+csX3nq0uWQZ9BIrvvdb7Zu3zLZ7R267/7//LGPtubNvvCMP6994IETTjllrxOO11KOO92s3RZpffHSpScee8Lg0OCsubMvvvrqv99086KBgf333GPm9KGs18uVVFmGgPWBgU67e81ddzDAccce98ITT3jF1VfNmjF74W5LVC/DPENBtaQmAZ566pn7b7hxZPO6Rx9bWyeYMWt4eMGs7Vu2Pb9+PTBPnzWz3emmAEg4MTa6fs0DW9atbzQahGLG/PnTZ81SAEAoFc9ZtuzkPfcCOfHkDTdcdO7fn3j8iTlDA6v32uOFLzj0Na991fx9V0Gv152cpIRuuvOuTc9vSprNl735rROT46rTFbUaK1RASVrb94AD91q17y133Hb7jTee/LKXDQwNJwBJkoAQYA5+RwbAhGpp7YmHH/77BRfUk/SkE09avv/+nSxL0prmF8FKCBpqDgKClErlWa6wWW/2ZsxMhCBBw9OHh2fOaogaEhCRIAEkgGWW9dC95iEGPFMuTseQRri7O+EaL6A/KIij+LJgzvweMzT7CsLn2KoMW8Y1a+W5fcLIbqtJ3GNG5GK4OoB2JJl8jKhCHBayM9yHCOVPqTp2cN8hD78tVitmrhDRaKMAoLtQsObZ0wF9/VOq0qAbcXcDP0IJCVktOgVVI/HOrlNTn8IXk5qjWS0MAaFq4DGCMyVdSBM8aLeGsUfixlH7DxqTYW3lcLFz9oc+xWDZFFNDw1932lqphhNhNMtRpzqmbSoxe8r8r0H9aJ+tjI37lRMu8il8NDs/NB+NK+IxM8pILXrfT+B1jwauv+iqsTTdRc4JLT62Ead4XeyE98HRPrxVffzSFDcTgIC3uc/YClckRaNaCy1E1fZ3EvpxBAsNdUiSpauaEZjRGCLuvAwwZoGTchgAcW2i2AopEQkTJbWklqQ1SnNIGTX0Y5N0DCh0kBtJxPYnMipQEgAB9emV+iJEACQGApFgIkAgsNDvEGUyC7QgoEhnnToSBRmSMc05COkaNGqzQyJA504pMSPlYhyVY8TuoqP6FB5l7E8FMqE0SWoAIEH18q5+8xiDSpN0qDYMwJP5eDvrMoFCRsQEBSIos8PMd4KQGkkdgDOVZ0paKirJXMPaYKOOgBlk7byju6cPYWIzFmRgBXrrhzE83ZkNCNBM6wkkCJiz7KkMIHiPItr60DKBJQ0CKlApJY20AcA9zjq9rgpTPwGURGH4K8ItTBA60kzwrwRlbCZuOBtBRVxKceVgcsEikTDZMpRQFsQ4zWMgjy/qF3N4O4QiriqvB9kNCRzfsKuxmCFp6nZsWb5shNIBMmPIeypAsERNZ/yqR3MeF4ZaIXIVo5WzAXF910quvqJNWOh2JYiJApjRsSUY/hpojD4uRuZqMqE5BsHmUjiKMyhUZHjFsq+JiRCAQhTEE6MjZ/6+ffdd9XpNypwZTVIgE0DOIKDbGznzd7N3X4GLlnKnh9qjE6kiT7yArOHgTBlzmIOdH018c+iVp4o9Y9Mpbl3aJuCHpPEu9gCIWWdWSC4t8603nU0SFyEwwCUXXfzc00/3ej0GFoBDQwPrn3p6SIgnHnv0jB//eLLTzfMeMw5NG3704TXj4xPNek2/iFJ1JmfOmXviaa9VAqmRrtu07q/XX5vJXHUmJyfbSaO+6fYHf/OL39311DN7zZx38stf0Vqy6yO33vbzH/3vOXfe+e57H/zSvEWzViyfGJ9spkmNmSfGVu63z1e/9x2q1xcs2234kgtnpulxhxz8la99Zek+q7LJNiAqKZFEbWDomfvv+/AnPnnN7bdzmu51wou/3WyQSObutjQfHxeCgLleaxDAORddctV1109MjMss6+YAKnng+lt/8fNf3L/2sVRQvV4fHx9La+mGLVv+9VvfqqVJe3yimaaTDMeuPuhzX/1qY+Y0lCodGhjdsmXtAw8+dNdtF1966U233UUqX7333q877VXLlq/cuHXLnX/6y/jEBMt88+bNuy3e5dnNW3/wPz8YGBo67pWv6o2Pq14XazXJDAxzFu/ygkMOvevO2++7++7HH3hweGiYAIRIiBIgAiQGEABprQmAfz/v3CeeWb/f8hWnvvwVUGupXpYLElIhMyGMb9r48H33AktWSkkpJdZbAyOb1vUkIOGTjzx289lnd/NeLUlEIgiJFae12r6HH4EJKVaVr7wGL4btTYelHItrVoTgFGl7CJA7ctADW1+5FYcBOKsMO3iTxJ20FdTq5JbrVuyh8kIwHFIgZACAaAdGTlCfE78Y0MvoDKdCIsAduZEKp5LsCIoWf9fGZGwDhB/KeS6RPkSr7A1eiXSeedxqdGZ70kx4Oh2bJsIUjKL7kg1MLNsqUQaHrs2GpPyz8dj74Xv0xiGw4UCLcA2YK05QEJgIIjcxtousEPZvl/FNc+HIv9IbJvtc/UJeVTrUH8llA0XRA4WardJmzx79+SpctoW+ldjV1FSyVhwlOPoO0RLvS45wLoLDvApOgLKV7vtU1flSI4bfdIqAY1cPkMJnA1XpWnEDL/BhhfvAUbXQk4BAAXQsLRaIGKnqeSj3uUz8suRMOND4CBWekthTBVNcHI4TKrgQitxTChdUOescPtTH1rA5QIYBQKHy2zHsKrDzR6x1IwDYjYuEiIJ00I0ABKACApBs1QO65lix3TrFJnym3STO72/aQ42IUB/bgwSErF92D6SAgJDNW7wYgEH51BA9JieUIRAr4H6NCY+WItWzUb2gMOYRp7HNClUqV6zDmSSSybz77DOPdzrdRQvmDzeHZJ6zAhQ4Orbt1sdu6/bylSuWLpi3MIe8B3nelQrtBkAE1Dm3pM1G3jK+FRGbrQYimbetIhDSRGfi6eefzqUaHG7NnDVTusCnzuoFVKCtwiDXnwFAuYOCRka2d9sZkWi0ao1mIxy2YuVsKALSXgMCyJRUSgoSm7dvefCBhya6nUULFyzZbdc0qQEAoEwSSlAIRFRMgGh29SKSQQf67GPLIU5chOzLZaZnHylFLW9srAyj+cJ47g1ECie7WHHhVhmZIRZ+sOMIqivqTtdXr/VcJ8yr99DYAoAxIsI+4sGM1ZsmkV/A9ct+DFK2whoAgFmzFvRpCKzYcVIlTu6o0Kl9qilVi+agtx26BXfsOLTkJcOkTvYoMzuI/hW7DqwYIiIQQC3trXmqff21aZIq7QbQmkYpRAAgZima9e7TT7bP+kPznz/FScIy93QLxVx0HChX0BWDDz5PMJrSqSpAT77KSYt2jKD75LWO3T3GQDrAiwjQALjgvPPPP+/8JkCtVpesaqmgWnOgVrvmmmsuv/QyVlxLkpy5m+eUpKx4aM4sLV4UMCMqYEVQl9zNMgWACRFR0qg36vV7b73llrvvyQFOOO74w447bnzzlukzZpxy6il3P772wttuO/Haq169ckWXEPKcAKDbE43GouW7Q5p0t21+6omntmbZY2ufPO+MsxfccU+W57VaDQByVjLvPfXo2seeenoiz597doPqdhcuW1avNXqdbi7bWG+AIhIgABLC2bNmDA8PP/XUs8yQdeSjD6y5+aYbN3c6Q63m1m0jmZSNeqsje3fefa8EGEzSGomRXm/RwLRet9NKZ6FQD99+53f/67/uXfPQhnXPbtk+0gUYJnHnmke7fzyjXqtt3bJ1/XObRrZvz5VqAjVazRrCQ4+u/d63v5X3ukefcDIIwXnOAnNQtVZrv/33nz9//tPrn7vm0stErZYiIJJIBOhMIaQUAJlvueGGiy74e7PeOPboY/fcf3Xe6ZIgZAVKAjMJWvfAQ5//8AfbmUzd4cZCpKmYmJhEUOeee+7fLrigXkuARCIIGDtZb+70GX++4OLGrFmQ5aB1GTNUr9zqpRd5gDxWRi8LqzUpuvL20QoRW31UnLNCAxldKBhmQYVhljCYhvoIRQQyxzdwVBfHBxQEVReHVCpTDHsWgSQCRMaZ9xnFEM4pEbTlneB1BnAYzLFA29qHpnsFgLIDsWw8kqHo2NHlUH7B3puymZ2tfId19P+1MlPHcd+OSQEAUDoHVU9V0AzGxaPXrrivfequOrJoykhS9WVN8bDqct/6XVxi5+hrPKKCMyV8qvBIoVgxLL9zU18k/k7gCi7IHW/hBO2W2Y+t8yEef6VpXdnLqftky3nJUB5IORMt+lXD1p2YU1dz4v3QAIA2VmjYH12lfm6mGEXAl1zVj53olwGgUzUBysKWECFXMCW51QIADMhMZqcmEhAxEQhCkKBfo21Onw/Av0mcZQBte7i3H9r4JaA5y1kfWEQUxM2ICRhRAShQipXJtHPDNH13zYFOVtERUxdfMImrxKCNAwhiJQECZCPpy/QECAiKzqSx4o0ViGQgbblH73vkof/4j/+cHGt/4hMfPv7QY1RNEggAuPGemz/1qc8IRR/79MdXLl957Y1XLd1txTFHHSeAcpUL0ghR6P6mmGzYuv57P/jhhg0bX/ziY1/96tegBNnLhaA0rd/58N1f+fLXUPLr3/r6t7zhzVnWRtQ7ML37mMyREkhhpE6xAkhZXHLZ5X/6/RmDw0PvfM87jjn88K7K/OT7ZB93gxjkQK2VgkCgRzY//sUvfHnzps1veMebPvbhDw/XB5kBSOWql+ddkSYJCaNokYDdGVeI2lEBhPal4JESNlpcedoWGB598LMSidsPYdetPGVXxocjTcTZWSjaurQFNUMghk5WdCcsARft30AZWtjkmZnRhLKQ9FTZQZTOigDTI4cNMHDkWuvW/EOlZ5xv3C1q6yjFkGjOsefcfqwqXdFOznl/v26nZJeGiqev/Jki4cv9sEOlZQ0/X6s2i/RZDgVvBgQzofdTA2KSqLFt1O5hrab0s36OrSxhSfXaxI3XN446gQ46Qk5kIqxXu8NUf4nsJH2Zif0IC7DG61BLZDftFvkZeWxUqGL3Bi8LTvzwXZzKbkIn4Z4XALvtsmj64DAhIlEucwW8ZXRiojM5bXjGvOVziMzbiuvN1nivvWbNo51uDxRr81MJUpKRAXo55FAHSIUAVmlrYPL5TTdef+2jI9sPXbr8je9/19y9d8+2bh9cufJN73vvQw8/9N0zzz7r7HMOOebYBbsuzUa2Qa3GzNzuZGMT6fBgvVGfOX36bjOmd9rtP//pjIGhZr1WQ0BWMst7ExPjkz05NtldPDgwPGs61eq90THgCWykIEjlOQDJXlYHeP0rX/H+j398YnTrn3//p5/88MdJIznklJO/sduCRKrm9GnjY+PnnXXOH885Z/mSxa9/3euWrlyeT7SbzZbKYd6yJYPThyDPAenhW289669ndQGGG41d58wdag3NmDmsmNdv2Lxh04Zup7t4l8VH7rdf1s1XLNll8S6LHl7z8N8vvPi6e+7f9IUv/ldr2mEnn9QdG8EUUWGSpiuWr1gwZ+4td9z56AP3Ldl9jxqBQEiTBBCIRJIkdYS8O/H3M/+yZs0ju82bf8KLj0+brazTQUhAMkvWr6tNEjHQaEnIBBGAJJGKJJGshJgkFkktGRqeQZQAMAIjYEpJI63JbgdYgZIhhAqtSieO/PqqZGkbiPL3ygjFn8jOzhRkZkQnFtxRHQwuOcAlroD7CSsESVE46PUcWQ5OVAfS0hgUOxsAjdvaqYS6GGiaVwbHz7ALu8XGpxmwtWGK5CdwJihadKsxZyCT/YWavr45K5z99IY7Pioo4rChf32X162+J7Y5D3G1q7psFKoq5VIVUMXwMwYgWz+p9Fud7HMGQ7rRFdQxFwnpJGJQAIp2XXjT3YlftOM72W8gweeCn8KPVOcfFdqFihVlblsy6A9U2e3wQ/GKqWE9HcFzDkRb7i08b4uGy8GNja2NwPZME8MkHHW9n0lWHGxQbAryRkQJxldoxQ7Nc2yYqVZ5KaW8tEIscVb4LiWvksPOuuwDY44hhowUjtUKPU/VfjZqeQrYnT9UWTrMLqs0PstehIrAeuRiLzLoztjKRnWEcB85WKBsj72LoKSNTvnETNe4DtcRgE/N1UYduvNdGRgVKgRyAQrDoVqvAKON+mnO1NFUfdMSiUiR3iup7LF9HJ09ywzh9tYKCv8jl62orwo2pg/6iBwkJMYmx2975K6RbaOtZqun5OVXXHbpJVfUqHbxxZePtie3b94ikuTA1ftv3Tp67y33DNUazz757GNrHv3qZ7+0/4EHtD/beckppwCBYhZauTMjoUB65InHf/HjX46Oji5YsOC004jzDCUjAKS8dfOWqy+8DBiPP+nFzKCkJBLMAIqZzFwqUDZnUGkArhj0624Qkicff/qic8+vD09/9WtexYC5lCioMGR9iBQBMSggGpsYG9vebg00n3563doH145t3zq6bXxsfLI9OpkpyUoNDNYnJ0evuvra9kRWr6UILBJBlACDzHORpkcffdTiBYskqMh0q1po9gczy8EKgcC9HR0yFDguChO2U5ef8XA9VtZRYI6CYC/cxlD6eWjkxxjp5an760R8xVWU7EUp59BHrJatLoxKTumiC6zsuOlY8kIII8KsqH9gTvp1IL4YrDdDD80K+ggkkZE6mkcSAiWRCEQCyr2E1Vl/aCScECrLuldd3NzvYBQJZxm6U45cqnuhU0XBEWm+uGgFqwZeNShPYSHxHGw/bBzIZuW5QlrtgYHeqPejAzBgDnD66047+qWv7OWZkjkjpIg//9GP/3Tu+S894oi3vu99SbPW67ZBqunz5t92zZVf+vq/dyY6BOYMI64lgEiEqBQBCIAEENJEEF13yYXX3njDYJoe+cKDpzfEIzdcM7plZLKXq7w71GwuGRy8/rY7rr3o4je/930qEbnMiQQB1+q10c3Pd9oTrzj15P1XLANKqVZLa6kgAVKhAgboySzLZXeyK0HufegLuls31WoihTTXw8+laoi0XiOA3ZbussveqwBg9X33dgAgUQuX7bpw6SKQOQzPhMnt111+2XjWy6VcsusuL3nb22H7VkhrUGuAYjU6Br0MkmT1EYf/4Dvfbm8ZmT7cXDBv3rTZcxpzZ8ikvv7xJ7/51a88/ORTb3/bO1/3rrdjpztI3BwaGJto77nnnmeffW5jsDXeaZO29/KcBIIQM+fOOXD/1YJ5v4MOmux1UAESCEEABEKgzici2mufvQ5f99yylSv3PWC1zHrEjFkGOmuClZJy0b57ff2nP81yyQwoAEk0Gq1tG9Z99hMfGxsZPe3Vp536pjcrxARt3qtUmKSNacPQ6xEb9wGUMFygOstsabkulF6ly0GjomwMCkwBVWIhxI5t455EIr4sBuPwXNARLC/MsNIdSfgdXRoMlqG/701kIhfxdATlg/tB/X025MeJvjsHBV2Pg16Wbxbul+OM/ZqqmhWP/vrHCU1ZjHnt/xAnrO5TbC3sxAP9rp2Jc5bvOE4omh/BAMsx2ApaxuDEJSkVeS9yD1dm6mJA4yBBNlh4JtFqyqCf1jeBwjFx9YLl6RNxrVXmbI1+VyEB1Xe11IPyr3Est1hmCrOzb0+q/A5TPhI/HiK8Kczpf/xCxKRYY/BvFYndAqsWHM4EdZ1zaM5WyqFJXpl/yzajgAvKBrQ1q0+/CUzCEA1bfxcjKlDudCnNVrFGIHdwKwEDkAJlnVJoB1kwnu0fJrCmIyGh2QUaEhAI0O2p0y/7c6Ynh7EqH5MMRhl81YNEJwPdnwDP+/z0MJXHNAYuUz+CqQCsOBXJM+ue+fK/fuOBO++dNmOalNnYyKjs5rJGv/n5r3/xs5+PjYzW6rUPf+IjR7zoiOkzZ5DkRrO1++4rVq3a+57b7/rmV77GKj/1ZS9lZlaKFTJAIkRXyRtvuX379u37H3jAiSedVAfRpayW1rQvpdFqzZw/L+9lw4NDSso8l0IYSoBiJkRUgOa9LDYT0QJtxUxQH2imA0Oz5syuNeqSWYHS+ZEEBO5cJDZygoh6eed/fvrj66+4cdr0GZs2bgGmtDXtlhtu/+Szn+51u6JGCPDGN71u1R4rf/SD/33ikScFiU53UiQkKB0cGE4E1Qbqi3fddZeFu2pnPgCXLRkrB50ciZZTmNoaTnUFWncbSDmU/Xau3caWgpIPhKYHOTH/2o03Du8HbXoxpVdRUXkG/dQjU4rBrc8YEgT7ewL/c+BAr5DOZS1jvZJRVgU4LkadGR8fZBf3pK90LOs7DlZVwa3qdZ0DuoUAe39QWdVyzAU2JYLtVzRvFfKqxhw9gsYKJcGASAiCEIGJtdokjXz16d0IjArStHP3Xcn1lyZHnKR6Wg6ZGcOIlCXb0IomtGXChHNXwloJHN61NDAHeRqqspX9vnbWMQJnNmAw6GgVmVHroaEOjyxZtnyvo4+GPMs6Haw3ElBDf/j9mOLh6dP2POTgZLDVGx+HLKvPmvPUQw8AgNRjsW/aBKQEQOVZL891V1gk919/zU9++KNnN26cniZX3HbbHR95eGxkpDvZaU90ZHdSAHOutmbZ3874y6GHHLJi9f7j7Y4gIRKqI11yxplnX3Th7itWTJs+wJJbzbpAkWc6Xx1FkoIQUuYgSDLc8bNf9ka3nHrqS455xavV2BixIpFQPam16hnAhueeH9+4Yf1Ta6+75npBdNed9/7wi186/IjDVx17RDK2/bbLLr/goksG0+aTz67/2S9/vWL3PVfst8/4xq31el0ACkJMCRTvuvfeu67eHxgm19x/4403tjdvXLV0ybxV+80eHq6nIsvljJkz5i5ZcueVl57129/Vm63jTzj+HR/4wJEnn9prTyzfYw85OSmQkCUoyrMsHRx81Tve8UqA2QvmX/CH30oASlJMBABAIhgxZ6jV66e9/e1Hv/SVRDQ4e5bKMkJjepICBSwRxfCMVUcehUSgpGJUSiX1+vZHHlGo8kwuXLBwz0MPVXmGQvhMLIBsbEz1egQA0jGw48bYYGTH2bHIcAuUC6C3PyLkgBsjv34st5DDJzk+Z8G6xl1hVxIL8ArRry6L9cMy9sCB8Cos2Qj9ewg7dSxCt11JA7RiNhKJpUpiyQ9cBN36D4ePBC1P1bcoaSWq0lQaYvGClauTpwCiMmbqGQtVeU9fMUDubgZQtl+HQ2NMc4L7XDVYTxP7EYO5j/kmooZvosoY0Jxqa47MjwqgHqwIDgJFle6Aws0KFrJRMvc5dE8U9DIG9AzxQXiFq6hCZccDcdZmuP4xjv06047d+SCaSGBinq43EY522CCC4Fhm1Kg/cW/7mmoOUThqBOHBgArWrqlgm+JMYTgRhRVayQOuBWseeGPYjrzc8Ujg7IRnpJIISYgWXXpglG3rbZnqNkIOds2EoNBI+iqvYL/LT23JbCTUxwIFneEKGaqAhQVIZkyg9P6f6DmdIYKEoAiJmZXlRQSjPyHYqOHjm4ZYSGDOjiUTpGWv8hCgmDajwZRhHONuQW9ohJDOu2fsAS59aVekQCQLmQGCGLFjFgUsWaaULpo7f/v8TQNDgyhoYnj8ycefJIDFixfMnjNbZTJJarvtuhsg5UphTxLQyS8+ZfOnt3z2k5976N4H//SXMw8/5uhZ06ZLpRJFwCBQPPr0k3/589/qtfSQI444/EWHpZCmrVR3UwEIUc+VzLMsy7NW0swbUogEWOrBZ3kmQdrNljYDlvX2UGYGYOz1sqzT6U508ixHAAbFftYAzWkNrPE2AnSz7PZb7rjiwosBBIAQtToR3nPXXXffeScgQrsDAAevPmj/vfZuj/fGt43vsWrPWbNn6Peqb960dd1Tz9QHGpLNK1/DdNgigHEwIVg13pSLoBHbqWB/rySTHVYJnvONefFYdeacAWNTopayScy+LSv/0DGYXsgAyAoUK/PWsaDPJa1QRaJyp3xPgkMaMA4DRmNzzfjHq5r2P0bigoNj8QwEccI6VCou/gmxEKpch9WLszRp+qtxqWrjU+fmMyKAMMX1YndZbUCobTBmRJFgLTX2GCIqZFbEzAiExKjP7UYApoS6z21K77k7PeIks59AFRKQzckYtrPhUIpZaiET2jiRV95msM6cdOMoEimEO/aoqXDRBMxhnyY0djURkj74c3RsMnt+42i7OzrZSRqNQeCx8ckUYGJifPPG53BsoDMxIfJsPkN7YkIqy8kKgCUAg5RKiKRWJ0EZAIoEUdxw5dWX3HrHIMBAo77m0bUI0GwOTBsYmD59ePrgwgVzZkGSXHfn3RfeeddRfzvv/fvsq+oNmeU1IsjlQw8+eMa11w1fe10dQADUEBNBREKLX33ugGKFSEla2zQyMgmwaPHSY173JjU+kQriPL/1/PMvuODCVqN+zTXXbXruA+vWP7vm0bXTm40777z3jlvv+GK9vvpVr+xseOaCM//61LoN+yxfLpnvueuuP/3+d5/5ylcbQ4Oq26NaAlIpRpnnuZL1NFm/9vEffPd7Z/zl7IUzZn3uX79y8u6rnntqw2S7y1Jue36TynsP3nzr737z+wmAiy74+zve9e53f+pfsNHINmzkLBdESinFLFlxki5ZtV9taCDvtnu9HBCIKNd7+jPZY8UAeaZEfXDVUfv0to9O9HqUS0IQzIlIEAAU5wllvXy8sw2BlVJZlislB1sDGzdukrlE4C1bt06Ojm15bgOltVq9hkiEhMg1kaZKIQAq/+pPLMu2QISW2c4iq4DD0arYypKluAs6JBxK4wiiFnzxJljr7lnEG4D4clcDqO7wJwIggz/zkKtexhIOItjuiH4/PFc2GI6h9EN/zMZOf/X7MRKqBYjoGo5Om3NeLk+xinRZ11c2OdJxnbqkJbJpN8xILesUH9IKtquEmtFZg7YZD9zDXZFhlcGsx+rV65fCcK17zpLdmr3VwWEfxPHVFrQYhmUDpVgwSv3s2IeLgUqIEKWrBYIqTHOFDgSGEMYMVsk84c1qxqr6zXsN+tsWoddJM1VEVTvjO8XPBkd7C6XcVqXrJyR1yGMF70xoWhdN38r+xG048RQyatxg1MnC58qBF0ZRcd8GDsslp758/m2hQkcU7wJkt0QqxErZsEa7REO+DIHtFF0MxYoKDkNDMAAE0Ynzik4zADErVASk7RcFytgNrFjnoVn5Eu+QszpCO9DYnAoC4P7vh6898xqckr+P9kg9vSYZzGHpOopBkaWA0YbiClo4144HdZb4fVab045+BmNCEQAwmWEruXS3Zd/496+Pj40nCaX19NobbvjiZ744bXDoU5/5l6OOPTrvdhFxzuw519x0AxIiAaViQNSPPObYz3/583ff+8A+q/dN0lRQCqqHSEkisiz/67l/u++mW1bsvef+B67+69nnSObBZkMqc9LHQw+tkZnMuvlNt9yyeLclvV63Xq+RIhSsWO22dMmy5csy7hESs/J6Vh9UrO1KpUCpXL/DXCmpGN1mD0ACpYmkQCGiAq4njTe++Y2r9tk/Eckt1996/XU31eq117/l9H0PWL320Uf+8oczR7ePNVsNTKjVajUGhz/w0Q+8+JjjJEtg/t2f/vCT7/9vktREKnQeNXlTzPSs7KwpcWaEWaBUCiufdZjBTzuU/V7uF9dGrPAsk5YENIa85BQqFu0RNpasc+iyAra7sEOs5GsrJ21WiM+wQHi2cMTaEVbbyWsqd2NV4Z2uuhq99YdvURGOvvYZlwIgBqCiE8NdBIAE9SYjCkEMyDIHRnOuFYF+gRQjEZAcm6B5c2sHvwjYnLxjm/O4BQD9dBX8x2wAYjQlgQw0INCIYy786kpZmVyRfxuo4oDPrY1svyITERCQQEJBRACzZ05P58yfJXuN8TbW0hbgQKsFAAODgzPmzU0HB9ujY5j10tlzWtOGgICZiQBAoWLoZZJVbXhw29q1G57flCA+8cTjk88/d+TRR7zjlS9rNBvLdtut1WgNTZs2MDytNW364OBgq9UcnDFNTk588xvf+OPf/p7lXaUyohqrHCVAntca9XqSHLzXni896cSBZrObZUBCv5ULJBAxCMEMA0PDY6Mjf/zLX9Y89nhzaBowKMXJYHNk/XO//fmv/nD1tXMQ7r/vvlvvu68OMNCoDzRqu8yds2jO/AUrliPgpX/963kXXzxz2uArTzlx2bKln/vq184699z9Dlh92j+9Y1Ip2ekJkSgl00ZDNOprbrv9+9/+zlkX/H1Ws3XqK15xwBGHc5YpUEAokAiAktqxr3nt1xSddeZf7nzg3u9899u9Tvut7//Q8PBQNjKKhJTW01ZLJimmqX7ffZLWhwYHpAJBPNBqEVF9cFAgMQCyqtUaQAm2Wq2hIZSKADjP5Pg4SgVpjWoiEYKEQGCWSmQZM9eazWY9UZIlMCSQNGoDM6YjkRAJajcKMyoGCZBlbHc+xPC4uLoK5oCDcAFnuriX5e1Yu2P8pG8qiu4Z5rboGkqCwMohdn5wU9asiFBmst9uWjKIrRvcFoXiXpOKi701U0JZRainTzlCPT7zq30v2s4L0nLJqZ+twH78jxQoZ9VO0ZZxXve1GXyV4LKEduKqGuDOa59ArBbTPkrtRFHKgi3h2rXV2l/jCFCECsIHSwMIRwJgT5aq6pgzlUJSVPBBFdBnCFLzqpSrAeK+cn+iAAPocFGfMZgHS9T0ljjaMFsx1mc/OzZw+be2Vzs+pqjAAzvDD2UL07iQAnatrCfI6SjFzHfY6k70pNCK/lJsesqVOMXwE4MiGTyMDmkf12OZJGQ1I1WVUhGP2XlGMF7BHccl7OoK7X6oYDCqOPXEOuMcp+iOKXMOBShWZnM5gjkHqLzky3keHvT7XmBwoKw+Asb2hoxFCuYVMcadhqDFuX6rHwFJkOARHLq23BhNRNRMCoALhgQQrdrL4hkjSARCt9Z0GBgFC2BI09pzWzZcef2NwGmtVuv22gOt+hNr12bd3pgcv+32u7dtGwFQaZrUmo01a9YQQC7lTTffTDXRmezUmgOrVu83MDCwft0zwyuHaiIFhlpau3vNA7/99W/rNdz3oAObzdr73vnetFavN1LOpRDJtOEhIMy7mWR15cWX33jdTb1sMiEhIMEaikS874Mf/ODKPbtZBwSRTU/08JbZvpKBFSr9TlJQiCZx2hzKI0GyYET91hSsU/1lJ5760hNPyVl9s/et66+7ZsHiJe//wPtWr9jz7Ev/fs7Z58AENhr1tJ4ikcJ88aKFe65Y2c07IhEzZs6QKlc9s3dMgdIEpYoTfwCU21lXZJ2Ag2zhgrrRU14u30/2+wr7XmwtWA7rMcsyqFerApe1gG4tse2SFRK6Lms4hLZu325GmhDYKxOAkHtt7eD94Bye71isP9Z5U1/RSglyST1u9HNSPKMIkQLXdFmj2Wf7godCeTtunSdr4nlhX3Vt6CkTyT4GlmL2PJw1Ezo9FGTQqM4PIACh32FMPNmtL1w09NrXpwcdqnodnfnBWJ6kyKdYoIqxT83MaywdQmgAzfKOEXz8WlcRAL4IbEcSz/GWG76GWtr4NWJVG96IAgkB1m9Yv/bOWydGJ3rdHgPXQI2NjUyr1TZv2XLntdekjXo22ZFZNnv+wkceXNPrZimizCUoBXmOgIPThtfdffePf/CDa66/ocV88WWXzfjil1/96pd/5Yufn7nLrjhnQb/Z+8CHPnjE6tVHn3JSfaiFY5OQ95iAASSrbp7vvmzZe9/zzubQUHdyEpMaAFJCwnj8kAHFrNnr7r/7oksvyvKcBGs5zgooFbNmz1w2a9Z+ixatWLJ4/rz5A9OGb7n7nuuuu+7Ut5z6hne/f9b8Gbf//bwffvd/Nm/f/qKDVr/s9Ncu3HXxjbfc+uM/nfHDH/54eGDwxa96DaRp3u4ICdnY2PWXX/aj//7vi667fuWixe9/9ztf//73Dc6dDwpmzZ2dJIRC+1Z54YqVb/noB3fff9Xvf/Hzsy+8+Hs//tHIlm1veMc7Fy1eyMwg84ltWxRDJmWv10MSnPfGRrYmKXZ7va0b1g3PmjGyfcvEyPa6EN2s/eyjD81oj8o810KaCAeag0NDg0qx6nUh05OHiKAUJzJXCiCX3YlRVjKXanJ8TEyMp1mPAIkyQbo0ESLKXBEodsefIehTTEoSJ5SvpeWDZHmTSw+5j2zVfMVar8rdCCNDbIwXE2+0sMcssoL3vlC5PhYMORSW5mAKa0CEi4SmDi8w2xQSDxwRAMoykwHYHtaIfoH7Zqsv0ofyVu/bLARJfPyAgjino4FHV+gjkZb+FqbFrUQzFmlNZ13Y0dmvHPxajBPac1bYV+rmNZJMHJzaZsGqG2Q/OoRthT+5gGsg9Yrh9ehxi+D09/A4IwoObYr0beiMcSPS52AWyhQQdzyvGJOi4opJGhJSXxWn3RXM2qqga6iPDE9DH6jB8Qe0xa2+DSr3qM3C4mCU7Ar5pNyCr0O/ysF69adyV/hZK2B1Aocx+gUzOTjZuIgKy3aTnejAJvfTynaHoP2NlYoaLacquJueqSo64npQNJ6qSVHqeeJybguli+K3nySyInPqxx2mqrat+2VEmJrcmtR/yP5XaNDxJoPJ10QEluboWiWVEckFRo1HyWWVpnxehJOJTmCwftELgNuwoux5IoAKgBEZCYB0AhkA6G2KRjL6vmjFM7WtEa1GCIRRVATLH00TgIBATKgQABJMn1r/7L984V83P/U8IMvJ9sCMaa16bWR0rDe56bvf/DYAYC1JRFpv1BCwO9FRUp35x7/+6Vd/gExircYAaUqnvvFV3/761xfNnCeEmMw6v/n9bx+7/6Hp06YtXDRv4aJFK/bcnYDzTHYm2og4OjqxeeuWBDAhmtg+3m13h4ZbKFFyTiKpJaLRqEmQNiIX6RmnTHRGLiuZpvV6oyl7iogQzctedYZ2DnmWSYVKgFAsU6AkrT+7af1td9yp8mzf/feeN2/Ots7Yxo2bu91ekiSNZlOIVBBKVp12p9fujPU6tXra6faCt6+ZI5EFMBu3A7q+9b9QCxvwy9uF3/Wa7iNNd1Ctn2XPGJVmld1kahsuSfWwrrBu9j9UjYqAI31fLQhKmKA4glAm6DWMgS+sJHu8qK2szhbyAyh0i4P6p15vIbzoV7nr9pT1FPVxoIZCByIX5hxtaNGhUgbVy9Jddhl44aGTV18HCCiEiZ4AMyEgE6Ls9Ab22nv4dW+k/Q7hXIHM+48Q/LryMCgYkQ8ahMPhYN9AWNj+2p8cAbvFjmWwffDagFEhC12bBVgIicBf/O4PZ555tuxmREKy7Kl887btQqpLr7zqtjvuSBETgQzYrNfGOr32RLs50MrNe55UjfDhG677wbe+8+eLLp47e87Ljj/hsbVP/PB/f3n9jTedfPKJhx177OxddklICEJkkFLKLM+UZClZyW6W7bL7yhuuu2HhI4++8KijRVrL8xxEosf7/JZt99x5T73VzLKsVq8hJUREhMiQs+r2ska9/uTjj4xsHwULIEmQ7HWaA83Xv+3Nhx99zKKVK+bOnzM8bXqjXq//8EfXXHP1wLThGQvn33jZBT/49ndve/zJg3Zb+vZ3v3/XAw5UUr3pXe9c8+jjF9x+27/9+zcmR8cOP/a4ZrNRS2o3XXbZv3zlS7ev23D4shWf/+y/HH/aab1Oe+09dw/PmvPII49uHx1L05STBBA645Nps3H4y16xcMmujdbgr//052/978+67ewzX/9XSpLH7r7nz3/+4/axcZn1xtsdxQAgN23akLZqG7Zt/+a3/nP6tGntsbFn1q0bbNWf3bjxy1/4fKvRkEoJAIGUM++xdNmnvvENlaTXnXPe+icebwy2FAMKo/70a6Gf27whB5BE9973wO/+54e5ygUK7X0hQQpAsWokyctf94b64LBiKZAgMnvQmn0O0oPJ6PTLBiJwGfBx+VPwxewhLGihuCBCSRJAZXErqAuVVYvuuCJVWEwGm3PZRqjEgV7pOGha6mohY7Mgc8uUiwRqVVxBKQVTXKVOOoEfVmKiuFaq9NMglTZAJEd2rEdNRQWiRGZV5OjXCrpkMtmu74xv1KckGTXHVuDv4Nq5wViWj7hzB0cicZ/PfeiOfcvE9OHwax/iBOvZMHipayG1q6JZVpmF+TxhtYGm802V+YrLO24KHdnRVYY0UT/DbK++fBIAu51otF89O2amwC7bUQpD307sdMJA8UoM5NAYKGylCvtagYcRTGB2EhERC4nF4Uj8rw63xBkRUTYvl4UgAoLOaQIAE30M92lwGJsE/RpJpRQAK6VYKcWgABRLMMkYClXhFV7OS2mgNZqqHHUQ9DEfgfmBNgSqgn0ZulYuvaoj4qggG8C1V1x2rmHrCDEjZDNvnkWMgwGcUsTgvmlSD027LkEODQztu8+qrdO3DA0PcZ6NjU08uOahoeHB3Q89aGBoiJVs1ZvMDMQj20bvu/Oe9uT46oNWr9h95bOPP9XLes1GgxKxZOESZE5JECbnXXnxH3/7x1a9nvd6eafzwtUH/vrnv+hlPZXn3U5vojP53f/63jVXXkW1Wi5Z5Wr3VXt9+GMfWjBnngSVJgkT7Lpy167sWvK6N5x5zalPOgIA2ctvvuWWLsu82xUJERhHk0gTErRyxfKlS5YxAyNLlkrKRr116eVX3HnTbSRqRxx1xMyBISZK6qlSSgjRbLYEiVqjRiBGJyY5pRqlIhG9Xg/1wZnKbcBxVp1Tb0a7Gw+uobr7jhCyWGl9eUeom9mCmRJyT1milNd+oRiCsZ/ZRgC5SFUrhQqIylt/HFjJ3jSMVAJAsOSjtW8MFg5Lmp/6yE2GEF15pYFYbLFcTwXNgzLWwW474/NsfMkIDIXrKxSUcXyy4CKNx1WaM0cJdPWYKB9DOb0jnstc4uC0xgGHTlx9ncuKdkmwCMRZli5dNvyu99Oe+/H4JCtl4pNxXnXcPyexAyIVwEo4HxxV4F6a46pDJ6kQIPIxB2MKRGMRu7BF08j6zTTAAEoxUwcgZ56YmMw7GSlG4F6eZ0olmMyfPaeXZ9u3jRCrlBAAtiFKIkWYKcWsQEpqtUY3bvz+f33nVxddvMeCRR/76EeOeclJa++550+//cOlV19zz4MPLD3nnIULFjYbDSEoEYIVyzyXSiml8k53vD25fWz0ibVPvPt1p73wyKMZEUChQExICHHDffc+9ZnPAiKyQoEMhICCMBUkkJgVIuQyf3rjZpGITBnVhUox4F4HHrzXEccwUVfmCpiRarVGUkvvuOmWjU9+7NwrLntmw6b9ly3/6Cc/efI/vTWTion3fOGLPv7pT43867/e8MCDn/nSl95+2v1vfe97Z8ybIxq1efPmHz447aPve9+pb3+b7GTX/O2cX/zyVzNnz3v6mSefWL++ltRrjSYgMkHWy2U3222/Az7+hc8R0n0PPrTryt3SRpMEjYyNnHPe354amWgA9AAQQAI0AVqNZKI7cuEV12YAKcAQYq2RTm7Z9vhzm7sACFAHIIAJgH0fWvPhL31RNeDXP//Z5XfcMUuQZEYSiCASAkAJ3JNyoidzgCuuv+GqG24USaJjpCyVPsJ8stsdGhw46viT5s2YyT3FhOjyUR1I86e9ONbCQHla758tE0kWK/88Azp0aCVDpFUDL7HNMwoWFQJaraXLuVQSG9CIF4lpRqcmFA4jZGYGQgid4uiPY4mFnu5isB+S/fCKecPBZeUqgMb0em0XrJSyJRN0MfwwRVTWC91C4qkRs/YXWxrQI3X/txRxKoShwqBNgFEjKsXDKpHDagP09eiGHFKzCrMoRcOmIuKU22ULm91vIXtBaWaLyqwcAgs+YsCvntXR7kgGO98xPnc1FAJFlU7YQrovhH12jbrloe8wh0QrxPe8fufSbLFJterngICAShgsSFc1RhrLTQpAdNpLSWmXhh0l62KxR2V2ckH1oFe6Vc+l7kNFCNQvk7Lo8n2K/CAVlUAM3ypLFZgxGqztXpH+GHDR1MKhT5Nm/2fMyRFAdhgrTgyI5Du6/D6omLKoNx7YBZKxMvQMBsEwOmgT+IbQbKrUOKnwNIKxiTUEYgWSWZstClhJJZVSilixAhThg+gatz1UoDwSZgYwqAKAdSYwhadi2rNE9FfTnq2YrUCMI5/gZh6sZe7kJlewm73N1j3LXsFElAwOwXKeYMNCCMzc4+7SXZZ8/1vfklJOnzFr0+bnf/aTnz7wwN3LVqz6j3//2vKlu3XyTj1tElFST++4/faPfeSTjz848uIXn/D5z332qXXPbBnZ1svl8PDQvBkzpg0OI4r7Hn3w+9/9n+3Pb2k1G1mvi8zT6s2DVu3jevTkxnXPbngOFQChSKjT623dtn23pbudcPhRHch1ctQkt3t5j8gc+umnhnXIUbpbvU73lz/939qvfoNERAIBlHlvJwDLt77r7Z/5zGdAsUKZoBhsDdz/2IO/+tVvx7eP7Ln/fice/2Il5dbRrd3OuMpywqRebxKKtFZLEM8797zNWzaRQES6/ZbbCUWucqn0ybcYRGbR6mUnHWIudJ/AT3hxTmP/R/QMh3fRQpZww3LcVkFGcbHp6ruR7OJCweLa0ivAPo7ocRv7TmPxEf1vH99r5IDsq1+KP/ZZGtFPZhEhR4Oeooly32Pnzv/hKgj+ABygoZ7P5EAA9H6tMjRSAASEzLmiZXvD0BCMjSKRQiueEUBJ1arPePNbadUBamwcQSEAMrI72DsYR/QtOqLD3fBJaCX1ZbgtrKTAUhXcF42nUCPbOJYR/Z5dpNQ+A4Xc6XSZ8Z/e+rbDjjk2y3p51pNSMnLWy2QmiRUCS6VYqTzL6kl6++23/vhXv26PjRnqM4AQnUxOHxh8//vf/6b3vVsMD+26fNnuq1YddfFlN15/7b0PPHjPXXfLLJNKISMiKn0GHiMjilot6/WWLFx8+PEnJIOD2cgYD9SBEt0NmWf1gcFGWrNKSb9pmmpIqdCvMuZeL+PnNo/mMutmgGRP+KZOu5e3e5wkUiSiJkBAt9sdnew1asn4+PjTGzYdsf/qT37i40e/4XVSsZSSiaTkF55yypdAfv1r//bQI4/lwEPDMyipv/CE47+3+4ptz23Z5wUH9MYmEsbWwMA9d9/+/FhnxkBr2sDQniv3OOiA1cBKAGAqOJPZ2PjilXt89mtf2fD008v2WJk2G6zk7vvs+773f+D59RtrrYbMMkLMcpmzlFkuSCRpijaPS/ZyyYoQlVKKlX7PNudy7i67Jo1GnmdLli0/mKHOIFkx69idQiIGVMySARkoEdpFTUgiIQRMBAmiXpbV0pqoNQDYphmFvBrkcQfOWmtCacXH1nyoEgAMFYIpkOiOGYvyOOB9h5piQaYXZQTpAiTKjKHBGUKj2J0TdKnUxyp55rCbVzrWp1MqFTQMAC5yHKTtWosIrdCPoHqVWA9Ni7jDwYlBXkogBFDb/erjEP0BejycPpmQ9siZChr1D1Ri4XOhZJ8huy+u09V9djWVpWv/sF5l38xILKNNnRVkIkfgzYZ/9KqE6zGeqeiAnWksFvAItXRea2hG+lUV8V5frgirZJOsA8EzoSWlOS1cHjtMJq0kXWyJevUYvWegkuQ+blQalK/HGQm6hxU1eIqZrHuAMEocCz63PPvGCyHanet7H9YbSJjyet8BKwJAeP5Q1AqXhxiCjiq556Y0HgyG5x27gnY57aiLZZGB5dat/W3KR6CKQemEWGVycEGx1MfXgJIA5vANJLIZnwqIvZFjoHaMys20ELpj1kz4UxuWOkVTKRtvtTVHA3E6psoedfQBAJc8CcWxlfoXayx0C8mfT6kJwgIYEHLF9VpjeGDgwYcf27515MGHHrzq8it7Y+PtsfEN69YJwInOJCB0e9m8uXNmz5kzb/68NXffPzkx0QBRr9duuOb662+4YdnK3d7zjncvnDZ32+TYGWeefcu119dq9W63lwisNerMvH10RElZa9RqSf2Mv5336INrmgODIhHM3ekzBjZu2HDGX846+AUHj02OQqIEAiUJikCJByqaNKkNcidAznsZ5AoEARDr/GpmVMxKjY+1FSiN7xTALXff/m9f/8adN982OG36ez/wvpW7Lf3pr3924803b9ywsdPpHHX00XvvvfvQ4ECj0ejK7Morr7z8istJCFTMgN2JDqs8z3PD5aGvvXJWzG2E+Ido+bC757RCn8vbe8Zu0c8x+3owFH+Rr8yuisgKsqCoSlMY8RzKTHsYsbsUMGNJNOkFXaUvAcJDHcxzhRePlEWzGXCs1wMHpLlRoQwKGLOwZGLXuIvcGdxjNzBG8jSQ7xz8v/Kq9GIWbumdQ4AI7jg1JCALvGKWQksHexdVlidLdqsffMjYxRfWGy1ExWz2SSrJ0KjXlu+hZA4sIaCu35QWEDDwVbv+g1bHhoucEiqgq4C4AbcYFRC+FrAQmbHlQnUVqgYzestNAMw6pR6y7vDw8BtOP310bOLUV79q6cGHlGivIM9B5sAMikFKQFyyYhkBZd3uLsuXMjBPTk6fO/dd73nvccccd8rrXkuNRm/jZmzWF+2//5v3XnXiq1768L0PPLdufbczmfVyKVmxzDOppMxlrpRiZu7le65c8cKjjuA8R1YgFaSw25JlB+2x52tPPOENb3tr2mgwAxIREhAgEgICsZJSseqMjZ71hz9dd92Ne+61B8ic7PyiICLitCaFwAQxSVbutedrX3LK6W978+JFixYvmH/ECScd8qqX5+0u5FLUU5VLlWco6IiTTvqS4kceeOiEl75kcPaM7sQEpWLFXnvD3klvbIzHJmhoYL/VB376E5967LG1i5YsmT59xr77r1518EHQ6yVErBgEIUA+2Zm1eJdZuy2FibbMMxQ0a5dd3v3xT+RSkTDn66lcMYKNqAesIJVixVIqBlaKWSKAfjlNLUkEig996Yuy25VEipXmLmUNUcWsFCMgpIJI6NQiEoIQdLoUMiPAjHlzIJfGVxO/s9cYEmaVaP4Jz0sDez+4nLe3EswEWxTByloj2txq8bLBK2i3UDiQ2Wzlrc5zsT23PXbiJNDzrl9uYSjnparqb9j1Ag4OF50xCwtPx/DpH70MTjU1VXernGCi+waBHHY9jH7lCpQYxUgDawERwyhoqB/B49OCQg6qZY5szMJYqiI5XPrJfS3CuaogiZfBNgUqNmLi8tYgCQOGUbTQNlIwgwtpLOHs9w27FQledZOrYk72DAn/SEi38ohsgUKX+j3iHqxwbUxtShQmpbLeOElA81IhAz9Kv3IWTRDuDZ7Wt+xfv3y5QDXuv3D6oTTXXF8xEHTSShxvYhfDmO6omv6VuK5CiXiOiypjp+VKwgJJoQqwtLPPF4WV4yfW2a1e7Dq8YQtWzjLGv5V8crYUupCdzb4y5dloGwSweSmlCvS0IRCDYgZ99hBLUFLlSuqziJQOVdoIjkmMIT1XJhNR6Z0XqGOgumYSpt9kh2yUCZszQfVbKThXUinWb6lgVmDVXd9Lt2tPr3Ehb4j1rCeiobdhrYCMfheM5RpzmJ128+gXxjCzQBJA519y/uc/+dXZs2eMbNu6cf1GALr/nvs/8cnPEeDE+BgKaE+291619xf+9YuzZs4GVu1uVyn1wJqH/vs731+39rHDjj/2vf/0HgTotHtrHnmk157YbY8DJ0e2b35uHeoAIiMzNtPGs1s2nX3Oec1aY79DDnp27RMj27YdeMgL7rvvvksvu/Shh9+23957j3XHEyEQUbGyFlWw2oEQ7DZZEoBQazbf+JY3rdp/X0SFOjsPGAEEEgDtte8eOeeIkDCNdcb+58c/vOCv5wLQ6W960+tPP21kfOvZf/vbVedfSgOD+6/e98Mf++dly5b0svZxxx0za+7shETWyzKV57kkos7YJBPPmDFNsURjBsdoANAKOHeGTzDZhd3+hXmnWMIULA8AcCcjekXTTzAXecQqtUIhNmTUp1x5b6Kr3zAYxt3RvziFzsEbAQLYhAz2KDL2XQoEmFOHzsQJiBn7qQvyznc08KSWiWHS2Cy+iapArwEK0If0K3vtPIa/Op1q1arOaYikbV8VUkipc48gA5kYqImje3iL9r94vKBYn7QtJVN98IRTR266AbpdDDQgJEKNjE1ecfHQm96hQJ9pQoYtyQ4DkFlhkXShZu2DRhkcT5ipceeDefnPDDbLMHas9AlQeKTpNz+4S+m9bygQVac9f878D3z8E0qIjFVndFSbCSbrQSmWEvIcpGLWLwQGYth12cpPfvnLoJilVN1uwqAmJ194zDEvPOnFKsvleDtpNiVCZ3QCa7W5u6+au/veIDNQOUgGnb8iFSilcqnyHFiRQiIEmat2h0TCuVSd7okvf/l+hxyyZMmuMxcukICEwERgXi1j31xqWF29b+bs097wxtlz5/DkeELmKHIz30oSAkli7h1y7HH7v/BFg8MDlKQf/8Z+0GzlnR4oRbUUc8mKmYTKc1by8BNOeOGRRwFjNjmZIHKet7dsZaBEJEKQnJwcGBh4/Vvf2svyweEhMTAEjQZnmcokEbJSJryViF6nq1RbIJIQgMSC0lYrQTSTog/8QcsH4RTnOUsJuQQA1m/pVAqZMc9Vt5sSLV68GJKEdVILGvFjGFu/WwitFwbJHb7q+V8pNTrKuUQXEbNi03KYFRUIxlJ0HG0t0TBI0A/WWWFYtAOwsE5KYTOMP4TgMywUZwI68YIcrnLfG/2PsiJdDyNOFnEWiJ4T8PNj6WCgtBZuzgQFDRnNozEyJ0IIkJ45itNZdGzfC2UQWoQejTUbD93pjAAyhXHOsA+h2mHbjUi6eg0XiXH9wQC50IEYTklUS3EWy3PKZVbpHzbUlp4jSAHaluJa6JwkGKgyD/sizFtAQ3EvgxrDm1FYIjauwht2PvsadXFaVDDMUmmAPvQJAphRj0L7OVbrrjDHC4YDuvq8xDB4CXHMPKRBcU7M0wWAEUbmg9ANlEccV1NhwjmkAXZHSfwrBHDIDbokemw0E6zF4mjEVY/os2BDeeIny+EiZZaGyzLwTmPXQuVUhlzC0W1vpk7tCwiuqvjnTlylBowkjJE0Qh8COXoUOMmtBHBM4P2Uzhse2VYA4Cy0mH8pgEsAzCBB5UqZkyQMUzAyANsXzLECJv3CF0CduuacFfbsOg1Mjc4kRMesjBqZ6leMKpZS5ZKlNkh1JDTosR2DcxDZdRJmpwTUDBaQHS/aoUcIz5YrPFm4WIFCFAxqoDUwc9q07Zu3bdq8mQimzZ63+8rdJ7vtZx9fu8suizBNOxOTCxcunjtn7vDQIABkeY5Ez2/YuPm5DYuWLPmnt75j6a67SKWmDw4ddtghTz3xxKtOe801l1151bpn0jQFAMlKJNTNsr9e+Pe7brp5r31Xvf51p//XN78lEnzBIS+oDzYuOvvsn//8l//xzW8kkCAD6pNBgyTkkDwECgDTJAWitNk49vjjXvayl2SqJ9C7cJBQAPVUr5P1gFmxZMX77rfP4cccOX3GnE98/EMzBwbG25Pveuc79tt/v4mRyWOOPao72fnaN/9j0cKFb3jT698Oac6ZUgBESiqp8ryXE4nhmUOSpQFixgPiRaejO/upDDRIdLnlHf/aDxOVJrFcygkXtK4Xd8O0BYGvJsBmfdsqq/vKznBBaU81Bgeg4lp20BvfVNiQdzR6CaO1d6y3A/xRWSf0tRsDXGO3f/XJ1aqUtiEOC0ftC+iAhn7JBMbR5IqPziJmYCZC1e7W9tx72uFHjV7090arBSC1scnAqGD7+ee29t4P9z2At42jUBa9IBOZzQFGPDLYg4/9crOosppwbEPfESTBaGrts14YFSoz/FhMGLO5Dk7n25/0xnqp0kSwEEIIpFQCMgkA1uYRKwl5DoggFCql31CL+q1bUqF+5ZRiJMIsl1LmPUGUYJoAMKKgNGGGzvg4MRMB6pRlRgSBOhIHREggJaOSWQZS6bOLEVnlcsHChQuWLZOTk5NbtyOYJGpmG7TST1tOH5g+c2jufJ5sq6xnGAsREPXprvo90qywPjBQnz6dez3FzI2GyjMExFSAVKgYFUsbscmyHBkwy4XmPMRaUmM96/oAPsRaa6CRJAox6/W426NaDYVApcJ8VkoSRERWqIyDVXZ7Zrc925in2/nhJlQx5Blo+1NKM3fMxEzMIiHM82zLFqldyTYiZ7Q7AgOyIE0iAEJCY4IiGOZUkhQnaULaHQ22ceelDhgv+BzycB9+tqWtLeKny/xb3Iu3g6tiwfRZRoUf0B/XicEicsKljwyukF3FO/HCNFV6oaenIXYLFasoD4F9wHnHlwN7O1G+WGbnSF8yQUumUDUIqrzppL1XnZ6pcGe7tzNDDarh0i8lV10JQdvOemgY/Gqoob/tMFAWmqCVhijsSLXv1NXPRav7sBM3g5q8ev3/tjyrmQAAGXXw0+Op6naipQWMTOa1GJW1VjwcLOU+b+4JfUxQYeW6cs6ysKb9zi6fvjXaVN5+NfULoRcq6fdTEpm84PSD3Y9baslXCgAl9OayCMBb1qXBlWzXHYiJuLBi5QF2iLV9jnewIgNch1JBzlLJXKpcylzITOYAQMiKmAB1AqcClmarqNJ2KrMCQqsbiPWBuGhiQa4nEpRSUuntpTKXeaYkkwSQBqRrB4nylrdhKcs1xuwMouFonkM0kBDd8OwQEf2pUM5ULvrKfMxaF1LAQCAh78r8xceeMP37s7//g+9ffvHFi3db8sGPfGT3FXv87Oc/mb9o1pc//4XpwzPG2xNzZs2dPmPa0LQhRJBZvrUzceUVV/QmJvY+6fiTT31xHdJ21m3U6q979WsOPvAFwzOGr77yao1AAEAk1Kq37nv80f/92a8Shpe+8mWHvOCAkbFRkmr+wvlLd19+zaWXX3jRJSee+uJXn/Ty7e3twspBsv5ZBLQ+W2QAIkoEIQkhAEhynmV5R4I+7lApc+yhYoNggBlajcY73v62o446YrAxvMeK5e1et96ov/Flp738ZaeOT7Ql5+9514cuPPPsg49+0Wte+ap5w3P0a84lSMWSWTGDzPOcJWv8avG5OWfCp1N5AeCZsiD6C8oYnbMB/a8OormFEtZhAVdUQ/xjCMuCo9ZMYQSXZWr/+GUT6i2ndF0EFhBA5xOiGUIA9nRHMTgI3i1Izan2m3MPeyVjuuUfmkLyeMmKEQhyExC5vf1D3tHufUZBnDM0Xc14OaKDG285z8StwGJmS1GX+1+JCAFRn4qNaF7oY8ZQzJHz3k60xOKM09q0k18+etvNcvsICBfJUIwkt2ze9uufzvr0v8LwLGh3QJCNNNlzTliH5d3xHnr8yqI39IPxwsXugQuD6uj0HdiKEdn5PfxEhOQNKRErCA5/cwYBWueykorzHgiCJBEiscmWehp1zooW4QqVQmUCmJwrBkD9ZhpmIEIGoT3JSttEQDkAIRKB0uYrM0tNbO1UZCUhk6AkKEUMQAKAmQAYBWI20VZjEyioliSWD9GvYLRvSAAAZjXRzscm9PtFzMogocsAkTFriVQuuZehEIgIvUwQMQJkEliHtRnta60ZAJQ5CdkzmKW5Zm7VkzKTkCREhEmiT0Vwc6P/pUCJAihgEogk9BQJP1voVQ1bNciGv8g5VAm0UGYgFLUaabbwPdSmJgACkwDSjkcd/wR9urh5nIWOb1vvv+6uzxvxKeVomNTwTgxYDIpiy0/uLngXd1XIyn0BmxfgedcDU7YPlBCPDySY2XbFA2ZnG/Ti+L5b8Q6puqVZMI7tj4FAtPovJAGAj4Iyu6qgSBD7lBtXSEqnojyYMQ+HXSqE49zNONTpeh7quMBzWAavaMvYB/Xit95CHT0ovrQyiv+VqixfPjxY6kYg8ypqLOS7BkWimz4Lxw8q0vKFbJE+QJ8992vcriMiwdDtctzBoKPYT2lPYKCZo/IQCnAPtQ3jVfBb6YpBQlVXsUCaKeqIChbUdGlhVZG04LfAAHZDcR35GkLwVuoZB3QIXxhVSO3VXFOgUqGH7EoWOcz7XAps6+opg5aAEMGgCsvfMUAsM63l7xpjl8hQmr2IVoWb1fFPdF0qUTQMasfNBOvRjV37Z+KdVObHCGm4dqdkM/2IYn2KLRrRCQxFLxVYKa3sFwIABSBBKaCk1kgbA0lTCEoxQetrtcdOsgTWxqdkBSDZddVoSEr0q9DjcyoZlBRKSSUxI1FvUF0woNK7ukCBYiNWnRJ0MtYnsRkHXr+d9DElwOGcqcpC1JQmoVETChhnDk8XNbF27eN1TE88+dRXv+bV5/79/CsuuXLPVbtPmzZ9z5W7j06O10TCDDNmzmGGZ5955vd//P3fz/374IwZRxx91LzZcyZ7HQLIst6i2fOWzF3w8Pon2p02oXlB2UCr1cvlb//0p0duv2uv1atf9YpXdDrjlAAoMTQ0eNzxJxz0osNuue6W3/zyd4cfevjMoaG2bCeoX7kQmNY6A4hRmdMpBCAQYJomjMyoFBIwKzQBbXcuEzMIhF7Wu+Syy59+Zt1gc/DiSy+XeY4JgVIkhEjSsYnxhx95ZHDa9E0bn/+v7/7P4l0Xi0SwVL2sm2c5MCtWk+2J2fPmvPrlr5g2NMwgA7nrs2hiWhcmyv/OlceBlies/7SWdvAEl01bn6r6vtxiFq2BePEKNf45q4kQiCHYF2pUad9miyK88ufKXyr1ViyR0S+omPYe24UTFH0O46WFHnE8JC3Myp3ZkWavHBTo7YH2tCEEBHvQZWmw7MbJoIAJQClCUpMdsXzljJNfuvVXP683mlq2IDNzlgicuPfu+m9+NvTOD3BzkLs9TAS7OCsHnMtWLIV0QLfnk0K83WcwwXOGbiEAcho9oGUfRFHl8zc6F0xWCpAgFoTMIF1eu7Y5gaXU+yp05NM577CWODK6HCPST+k6mFEqkx1KWrEEs2qir/ozgjIvkPbICEGQEJBoMxjAvgGaQ4eh0ouaEYmIiAx8RwIiJuuJIFJkJCcSIgmP/ZhRKWNmM+i51oehIRInNlGIAewB5xjAU3JJG6Dfx0OAxEaWoEvQJESTXcmAbIOZ3vrx49aqjJUCnfaspKGMLksWuWkfETMwELDNIHeTjai3LxtftTaqkVkCA7IbL4NN/vWSZmodGYMBTW3jW6k6MQcqObJUqBK6YMW9Ps/a4vF6sJWGqz/4oAI7zc7G//3C8EgOhorzUQr19x1V/E7H0Nwtg33zDaNvU12xJTDl5TIpnDcB43Z2HAhy+BWx9HyI1tyt//scFD2sBbU5NZwr2aW+kkJtgRWzkxqqYKX4rlZ1c6p64q8Rv/2/uaK+7OithXFn/o+NBLZdyaAKx4sO4FW2XZy3aPNVwfL8x8lVzTdl55FLFSz1EP+P3QhSYqbwNZS7lBjlw+6+QSbo9s1XjcH2Fv2I/Oi83ne9qTSCo87Ea6bPmD1Ciqfc/ROJZja+fvMzAQKohqqNtcfWbn1qVmN6BnkqEq35wWo0Nn+VlPq8Cb17EwCR7VESRCiQCO27xUHrSX0qPKo8H+hObm+PCmNJ6t+0Qx7QvE+0sKXPWhWBE6sExrx8Dx0DjnJsjYZKCRXTmBWwAk6SdHRs/OJLL33igQdnzlv0/MYt//Zv37zkkos7nc6zT6//j2/+57yF89ev37DfAft99AMf3mPFnoMzZt5z5z1PPvH49ue3rtxv1QtecCgq7Km8SSmgmuhM1Go1UNBs1aVS+sgZCfzXC8///W9+V2/Vjz/xuN2XLr382qtULkGqybHO7OkzTzjhhBuvuumGq2765a9+9emPfTSVqWIlzLnE+nwotm4G0BBRCE1akSaphvJAekubxmWAdkccKiDETt79/RlnXXbG32hgGJFYSUbgPKdarVlrigSRFdVqWzZt+9EPf1qv1xXIbLJLKeWZJMQkEd0sW777suOPOmbWtBm5VAafOp8LBhMElstDP1W4lmL+Rc+0gVAoOkv7w5ti8K5QxuWkF+FOwR9Ycnv72gwPeyc+O1AJzlNt+2IXY0F/s/vV4qzgV8u0ujUXHd0Z6YuFtjxeZmCI3I0FKexORCzEPf2Qbbarnxb2M23WYvyy5qAqdBPfv+/a6ASwWbjGdvNY03BRYXTG9lEASnazoeNOHbnm6vzRR6nRVEoiArGCnAWKkcsuToanNd/wT1xrQp6DwABYaWkjfVNOBdiTp0OHaKA7Qy2KNuPZeXYDGO1sH20xWJlnGdb/P0DXwfZiAKdWQkXPCswOBJTGxCma0GZ3rnHFuIrsQPzBqPpgOmOEMSitB4hDx6JuW1nBq+sRFGHSQrKQ70nU+4Bgnq7aP6sdEkDIhNEUmcCO/qz0SF12AzqMbjf4a35FAFCMTpWF1Gbbb6lMnNoxMKGPOoa6Ri8lu4R1kBQc1NDI0pyzZ2fT/EfkZZtWqs741FtY9MYXTQGdzByGxNh0xhGjaJSgJb5DEEbwu9Mf3Rx4/7g5BSj2SVnjPZY5XmboKeJgMtFylyWwx5wcMgBCVGuYNMJBt8PLLTvUcIFL4Rs7hpJVUArzcPgFKnFhfNiSSxIBl2JjxZqNd9k1DwDatrFjLMvYqC9xDwNd54C9rQQj+lXLUFe3e6VfWSD7IXL8qyFOpL2j8Qd0tGLQFQArB/p0DH2vSgC4QIQwgBaEuThUQG4Mein6RQIxaWw0hi33F+hQqVHDTroPJYulvDSC3vql5Ss1Ms0N0Jqg5RqMZI5/KjBx4aZ2RgUH56HTWOGgIkhT7mTEn/GvVgDaUfv1XFBI9nG28sBVEE8M+FkO74ZNMzMRVQY/41i0bSu6QkllRl0Zb4w4reSXqVjD4IbtoyZRf6w+6ecMLIderQcYASCxLKB/82C1glVtk2yLcixd3STqrCJ2sxhwgy/uxGMkJ4s9KY7E7l6qGGcoMW2P3AelmAE4V4NJ/a4n7/7y1s0NqpMAIVIQBInLJ9EwiQGYJSjFLJV2w+rfiAzQItKpmIgAEhQwgmJkEiww5xRo/cRzilVKSS4zAFIAkpVVP0zRinZwJ9K10aLQDBOylL2B/hmriCsnzys7c56BnpZuJjdu3AIAnax78SUXdSfbJJLmwMDWrdt+/8vf6EfXn3riRz7wsX1W7bnXfnvdd8e9ExNjreHBFx17zKo99+71OgliDooQUSAJQkRBQuVZLnNAuPTqa77+9W9ueea5VYcd+PZ/etNwrT40bVB3eHB4cLhWP/21r73p+hsvOffiX//yNyt3X/Gal7ysl+cMSuffBuklGucCEQpBSCiEECKxfKVMLMM4YqwBj8wMSZLusfvu6w4+ZHBo0KxezpuNJlFyz933dNuTRMSgALBGSatW22WXxY20Dikyc5KmaSLyTM6dP6eWpgBg4ggcyadQw1YQH/v9EIm0MFcW7XyaJRZwAgc3wvULUFw1vtmghnI33KGvtkDxXC90qzhKCSoI4ki1+1IhE1v+Lw3f9tD6eqpFQFwnupK2XaewEZDRe9OcEVmZImLar7wZ2bBuLFzCrxEBd3yx+YMA5pUS6EEgOtJ6WrKlG6JiRgDFSKA6XZw+Y+Zr37jp219Pux0hiFkHJZQe57a/nQn1evO1b+G0xrlEMmRFRHOKEitLQBtjVIBCMAlNW5djUtpsFwzfKOgAkBkGitjTqIXoEbBAqxLM+U2qga5TwKTZQyEAujdyKC83Eby5oMNdFqJoUhrVxRbEMxtOUgCsggQDM26DdhDAvxbK9IqtWDZvrVCSFYE+uM6B6YAADIBgD3/Q/SIwOx6NPgn0sFKRde0+60GRZh/0Z6JZY9UczKu75IBF8LhOZdA9YM0PSgeFSTOHtXXZ8J3Be6j326IOk7KP8YJOwTXD0mm0qE9iAruN01lNYMxO0va2Tjm2vOUDuZrs6KLWhcsnnhT8sbHWjE0ZJ1eLlbnU8nB3ZFzSGsdBhWEN5R6ai0PBXBR4VnABFBFMwDgUSRcrIDiQkyUEWDVC/zFkykA5ob8Z8AoXCxcqBrR4z94KdxX7kXurK+ySMvvTY6jqYLTrreOceFDeYN7hNYVLk7kw2VWwNChuBUpM8tC/V/jFG3jganbvI+zXitMT7plo60nQAwqo7R4rTJ2vK6Cn06S2i5aeVpjAlHQLRxp6EUpXyY4KLhWd0BijKVd3NPtWbE/F5M7yn0LpFx4JH9b8UIFUqpHJFOwXnvyC8We/s6ngtiiMIrgR7DtwUGcqrFThiOnHdaxUoSIMJavtT1y7+YsR8XYWCCWFyQ59J8WQSNhiQUw4BeAkhfEoFonnwwJs/+Fi702B8I5/dxfYg3yioHtJ+gQrDwkRlVISQAHUUnq+vfXJbeuAWYhEHzCBQmi3LlmlxopBAiu908YErLXSZGJAk76k0Y1ihQqYkaVCvT1HqcFaq9VqodbKCABKgjRvEIlyG9kAAcsadvixAHFwzanz0McVTw6ExLXJVSFlHSRRLCXnu++x8ohTT125bAkw1uuNTc8///e/nTc8OHjcq1+x69LdEHH1fvulQDOmTVswb+GdnVuTaUO777PqzW9504KZM5XKU0p6qpdLyQiScyUlSwXMY6NjNz1w17//57cfuf/B2sDAksW7PP3Mumc3bHjqiacIMFfy8SefuOOee0bbY3vsueel51+y4dnn/uPfvzU8NHj0YS/SKWrk7BW0MBCRgAQRICSJoETDHFb2rEmrwcnRCxnTRPzTW9746pe+rNUa1DHZgUadiX/yk1/dcfPNkxPjaa1OJBigPdmu1ZPVB+z7+tefvmDegk6nnbMUQmin/6yZM5RShFRkOYwpb9ZCiRUrrmgC/Vy7VR9g3aAab35BGPhx5dE/BNCvfbZVRKq2FEdFzy9xHzVccyaZbdTI+khumBY0RLGuAfblC7UXuDoURAX3eVlXOSRXzgKI3KJ9iGKxDrh45hS6t+DYq+5Q1aVbV2HtOpTi6eZIpvuhe24BmUaGuUJmOdkeOPSIoRefOnbWn5utgVxzAypARhCql20/8/eYJI1Xv4GTOmcdFEJLtJihAICw1cQkZVCq1wGlEMi8Hsbzn/7PzEdYBZs7iOEkRohZpy8XCeqoVtDMpirD6A4kmcN5wIE3Z7gymFdfISFps8n5pH2IxuBcw7N2t7iBzgoAgRSiE9Eu9mgDaoS2u+TFtbMPlUJtoCmyy1J6sW7xRoAJEYiYBBAhkqOBid0qnTSjTMaMN0TBnWak/aDWo+ydRMCCUYJi0AcdM9ucYbALF4xPwz1scq3dCYsArNgmwQZGsT4rCIOtnmBSdsn4BQCJiZBQacmpAFnrUekRqHZwkN3+wvbtQ54HHB8x2gmwqW0ORkQsEyj9otBzjFBCywHHeewdQNKSfCnd50Kx2CfmPxREVgHhclhPOBp0iTaxNIOKiwsmTSBeIBCe9kc70WHJvpetwWjkIDIXjMGONIBm7tm+NXMoAPrBTtdYsaT9vPOod6oL7fm5/QtEZmqh3SlTWH0pgKgSqHqkeoIrFB5YBG2NtKDanck9dl3qf5kp6TeW/uyzg9nsU8OOtGi0vKNlFbdUMEHLvSp3z1ddtOp85koIJLxFU/AvsEmVDrGNU0jsDzf0eMa5CgtXgPYx7klYpOgQr/ZThCSrnB1HE6jQycVmneHi5O5OTHd4JWHnopU1tc8jaAyiBkvOw7JtHkAKP4rwd5sDoGOWMVYsCTIDaLw1hsZ56t0OklW91tAOYERs1hpDAwOIgpGB9AGHAglMOhCDYgUSIAdWjMoShwB1NC5BEACkUQLq15ihfb8oKh17QKlY7/nMFaDZrMoKUbjZj1UPu08ALikqWkvgdGY0evOb16MOCbt/bJpV6KFk1Emrs2dO/8D73v2ed74tSZNeL2dWF19yyblnnTV93uy3vf0tRx195P0PPyg4UbI3PDDQGhqUeTYwOPyyV77ikNUHjoxuf/rZp5NasmTXJYQEjMikJw6J1m9c/81///ZNl146tGD+sS8+cWLr1ne+6Z2YYILYmWwzwk+//8M//PI3vayDlBxy5GEPPvDAPTfe8vOf/mKP3ZcvmrNYqpwR2W360fYnADIq/c4AZpYgpZRSsQITzwECZAapgR4REhEAr1i6pLa8DgqbSQMAnt+25Yzz/vq3s84a3bpl15V7ZFn2/Mbn5sydM3/BwnvuuuvC8y6YP3/+G19/+n577gMAbe4wK8VKv4WNQL+SXr9GwIkbtxkmAt2+AABG+Ccsa9Qvx3fBBT8979t/o3QPfRMjfig8U7GgEazfx4EJaw1GWWJBJboQAxd7OsUVCATDjTqDSJlQp1/+BT9lIYGk2oEaKEXnzKpoulR5ZRkMSLwzMrTK/1r+zsG/ETFdd43UxiCRENzpGiE7gRMDLjGAWCqJM057c2/tY/nttyYDg0opc4gqKhSour1tf/zVDITGy1+v0jp329oE9ehW96DekpvXy9HtNGsOzZgDJKDXRlBAAkCfHaPtDQbFDoYW+8burXCl/QUGHEd7NQDAriP72XEgFJSRUd+Rn06BzQ03ul6vMQUCEJTVCaR8nU6yKgYAhVKSVIgIrEDvrlAAoNxyAkt0/SMiKiGUEG4pC2ZzxiyzPcBHAerTfQCtkYamu4BK18OMxEiKBCcpkCAABLYvygJreSqWSp82ZIhvkToLYhIqScHEUPH/R9tbB1pyVInD51R1X3k6PpORzMRtSMjEiZJAkOASnOCLs8ayLMuigd8uu/wILCy6uFsEC0kIMeIQd/fMZOy9d++793ZXne+PslPVfe9M+L6vCW/6dpecOnX8VFWDPQrIfYcaM1IkdCmUsjDYdTxOQbrFRGToAUBo9+UkQHL5QNRaaO3sEgQitAfVMqPDnFnuJ0wIFIKyTMtMI6JSWCokAtLCu1kIZHe6GuJ34jLemuQitYHHERDcHpaIm7kSrDJNIBrgj6JyYdVuUt9XMZ3UCCiHiZokUIi1OVMwqsGO7OF1AJGCTQOB4VlN26UFtOKBxPH/yDK2HVN9g3GEJAWZ4QahZkiQYCbs3GB7LOOSWFvRYSd4EabEkD1ptS5opEQqtmiksGPlgpygqsqotl8WT8CKmxr1611cr8cqRjxr1vyJjlmKQKoaixCeBALwRTnOuQ/PBouI0TS5FzWjdgXqE4xpyCO6D7hKuq5eQ2Y86mp4gWqbIZxtYmfequH8wtkHUlTydhIAQxzQDtRDGGRLYr85R2kozZiW+KR7SqhflYCOYBCTWHxiRyUEzKpz97iuC2uKjs7ip1Dxn1nFjK2xz+pNsREOKhc0I8y4mD2GiY86pUEEFFiWuf5o16mRs8ZJIvZ0f9WilXsv3/3eLQ+Uuc5kVpYaRAmIoBEIUWggQUKjQHJHR2itQRESgQJA+x1SEMbdR5FJRAANpDWAPbMIlBbk9ImQMss6c/NLmgvXTC8X5pMnIMjvZgRI+T7FjUNgRJqjp5qSmyg+EUQOaYJcZL35+ZvvuHFu+zwRbd6yeW52btvMtquvuaqRZTNznS9/8as//N4Pr7vxumXLln/jq18rB+re++9pNFvjE2NP2X/fcZJX3X3rZz/9H2Pt9of+7cN77rZnb9DNhChVqUuFiK1me3p6ctkuy/c95Kl//w/v/cF3v3PDn69uyGZ3vodCaNKd2e1UDhDEqt12++cPvv/b3/zWRef9YZ+99mzKBoFuZ21pDl2sXFMLpgBJZGJ6anKqMdHIMwDQpBEBUbiTsxEACzUY6AEgFaVS1Gs1W0/MbL70yit/9KMf//QnP9Nz3SOeftJ73/vu//361y64/+7ly/f/6Mc+8qMffP+H3/vRJz9y+mWXXPriU1/y3Gc8a+nKZRIyKgs03i2isNtyHFaDSLFEWJfkAT6lNS9DDjyse/SvUuHKab62AO8xtqe8GeVaovimSmDG2bayykFseBGDgNqZC9P7Yc5nCkHycaq6IuHfIUWG160Dr9J10tZwfMcdISbkEX6gWXmKbKcVBuyausxs4FVt20SIoIoBLlq05K3vfOKJx+j++8XYhNIaAY3jhVKqfrn1+9+cVnrsxa/SrTHdnRPCfeJCExDg+Fhx87XbfvLd8pGH5Jp17UOPaR9xTLZ8pSYNgx6iG4VxQVEFKDi2h6UOuGKOfqFDQ3hWnzk3ZYiTr/sbzkDxu01NUhEJkQAEIElC7TfWIgIoIqU1EAoUCNruSEBFJojmlXVgGxcIE0LLTAuhiRBRCmE+Lo1IYM5lN1EVDYDKuYsuiRqRgU0SKkANbiOk3UBAdvmrJlIEWpkT1K3/CYgoALUmVGZPB4hMSkIBVKLx7wQSQElAgjKUwswyIigA0ERou7ArllGZj8mYDQ/uaCUtzBFOWujSrrM1B1hpt1zc6WaX+fSa12Q1JWVZCYKApHFICQX5pKZdb+y3DwKXimQ1fKARTzdmC1wdNVlMJ16VKzKU81P7Z1g5MzOhTE3oKYaFNVnfqGFurqdTwEw0yqwYEZi2Q2QTzk7gpJKKy30vHRO4a0W+peI6eWlgjj6/89dciUramZKRRTSs8AgJv9M5mdpmdzals0MVw8uG2x00XsV27crQ+irkPaFRsNW+G1ZhB4N8ko7o/yfXSAuoCkvkQQ5pcUcOTjW1FsOzg0a4mEgswjqTg8Xcd97astLQp/SGluQuKINjp7r5f3Flrnvbne98NL8ZcGtLRBGFVCI4V8irYKixKSPDutI8BHlEMQOjs/qdWUOgEaSUfd1f3J5+1REv2dzddt0DN3dAaaE1ahNU0wJJkglAm700SNDEPJcZZeGDr+C2qKDAsiw7811zMKJWWhGBIiAAZWNsghAQldaTzYlTN5x81LoDezQgIOFUjlc9Xu8gRxeXzei2GkKFmodMkV92635Ha7PNP1qrPGtsmul8/r+/cv4vf5vnstOb6w0GQFpkzbG82Zmd/e3Z54CgVt5auXzNjTfe9pOf/+yaS69EmT3x+OOXXX7lC08+pdVoX335lULKLU9slXsIIqVQK1XqsiBNu69d+773vfvwQzYsX7rsKXvt+ZY3v+mZT39mu9288+67PvOpf39i48ZnP++U177+NF2qJSuWHnLIwYsWLTjxxBOf//znrFi6otS6Mze7fbZrspcmGkeKtFalVps3b86yPG80Nm7efPeD9xMogcLgEimc2JnJbGp6Im80pESQuH3bzM033fqbc3//g+/+4IE77szHp44+5bkf/eCHNhx28De+9hUgGPQH++y/38c++tGJhQt+/ctzzvvdeVdddc2lz7vkpae+7NADD162bAlKe1JJWDXKbEryTqNbNWwfg3fcjF9pDx7kROwnFoN4iZxW3pcjmPq555Xsk2CBJWTkrTzvBzAZBzUcGNlyOymdbGQ+dXTrFx3xocRROpfWJx+TJ6hwhEO7i2E7v65yUBAHLwSyKsZZfYoAKBoOBeTVrD8x0fKaFTOAaMIYDg4AsEsN/cDC7PDIdxgAAhBIRNXt5Xvuv+At79j2uf+kLVtFe5x0Yc65JihBZnpQbP3e/+puf+Klr9KLFtFcB7UCs09vvK1u/fO2//nM/E23oZDlffcN/nJNccMVY09/XuvQp9HUtO52sFToD5MhjAAA541A2M6CEBMPscHYKjZC5JY8hiM3vC4klgFy6yCch+70gO1EW6QBoq8g84xAkNaAQILBTJTledZqQKl0pwPm1NwAqFNRZL9XaZolAJASpATErJGLvAG6VPN9jQhCImk0M2d9SDDRZ/DpVBHQQYgghVnenLWbot1WWulBYY4RQvLfitYGEPv1EXfWi9n1CgJFo5GPTwAAFQMqlfI0CCClzFotAKL+AHp9ktqkzFGXaD5+bSeMAAGFQImg7QdknfYUmOdSSCq0HpRmSytbTuacQnTijDxdmi25AlG0xtoACFpTd44UKJEhWaSSyZFGJE2cTOxPir0P74ZCDXsChnXlHpx4gYRrJZUbkSyxXdbGnZJqIawBI4wmnrN3Emd4sxbJhCC8+4lVCemMJweJUzYMQz4OGobOkUFRSy7KnYhV20lIn8b2RAimO0nr/zKACYjXceamlcax8c2wYbXhEPuQ/6xFfe2qS98FuYHVVBzSV60dj87c9ZSKla75MsukCwB3GjJFOHTlWVq7SgMEKUWGN5YlrUUSuozUqAt2D7mi7HxklhNTxLw81M4FRctD0TVYJeDQCzdSUqDCswghdemrYSMDRqV2K3uIrYdhMruN9Uf2BKRh6dpkDDQaya4kQZVx6saCrJJbUDZssLypoFjrlkXUdhfoCyGVWdwmqdItj8bVDco85N9fCebt6CDOjtMIbsFElKBPJmBHbaSd+irGaPE2gmOj0BEraTZuImB/0Dt89cF/e+Lbzvzz725/7N4+FKUuyRoHpIBQ2Py70ACZHKh+R80XqEAIo3WF2e2JQKQm5Nja1kpU1C8KyEEDARkdjkh2g6IQsiWy4/c79NQNz13Ymu4VfYkZskiUtbS8Fx3sKvfbs0PE+A4XzlCoQWZdRtz2i75J1KSnxqfW7rJLe0ws32WXsYn2xILpsfGprZu2XnvNtQsWL3jBi198wEEH9Ls9wuzb3//uWT/4waIVK6amF9539+0//eEP1x+4fqI1hplcsGzxokWLlCpK0ILKkgpVKkIq+v1Vi5a/6dWvR9JFrzhotwMO2/cgALhy5RJFClCv3W33lzz3eSVQCeVsZ+6pBx105IbDS1301ACV+PoPvnPhBRfnzQYphShQCF3qQTHQurz/vgcAxNZN2z5z+memFkwJgUIiGrFGSOYL8kI08sYrX/3yFz33hfc+fN8vzjzz9tvuuOqyK2/9yw0AsMeB609+9smnvea1B61ff/9jD83P90EKTfqJzRs3HHjwRz76oUM3HPSzX/7y6j9d+YNvfueSCy/ZcPghBx+24a1vecuyBYsUKdJO4SDXZmEiIr/Oox3du2HTYwonSiX+OUqgxjQQbqpaCi0YEZBRoRCQT2pXW9rBpXdQyGHF/RxxUEEkEPlaEaaQkgzIcA1d03faV735ErGeUwOhVurEDpOn0Tq/AE4y9VFv7h+babRSBIiEJOp2xo84Ad84u+XLZ+BcR7ZaSiu7JJNKyHJSetuPvwdbHh97zRvFyrWggRTheEvfdfvM1/97cNvdzSVLtRRABEXRueSi3m23Tp30nPazni/X7aX6AygHaD0QdLI8shXNWSh2h2OtTk4QU88HLrkS4z5qBF1QxzkK5kb7gCaRaLVBK61LlBmZo8ttEo8QxaDX2/Low6hpweRkQwpS2voEFNwWq1PRGVVCkMwAIUcYdOe2bN0+NTkxNjk5KBQJFJShzxmhArKHahgFZHdgODxpKUFKAdSQWMx3Otu3t8fHG63WwC5I12ByXYhG1yFpQQSkSUozFhIoAIve/NZtWxtZPjU5CUSF0goxJ2gAgVbd+W5RFuOtthRCa6AMQKAszZlGJgUKWiCR1goyKUSW6UKB1mahnxCg+r3t3W6r2chlpuzuBmfMkvMM7JlJQgMQoUajcEkC6F5vbnZ7WZSg9cT4GKJURPa4JCJpPnbqiZssS1ivOHI+YxqAKnm411F54ncII3dyV+vUXcKv6/L04ezwEYZuxdkc0otrz/5C5mtj6sGZF3XuEDkpEvZU1ArASqa4FlIPLLqUQ8KWIzyXQPApdgzKhmANKzc7aL/Ohq6xqkXYrsxrVlsmD+FOXyP8nKELStnMjJqsOlKveVh9kjpS/FE9bqttaK25izgMnOhtrfNZB9qT9ADqryp6RyB81JVQYzUZOKzKMFKpLuwckX6sqbZDeI0Ytv6kcSeG0SF/xf3YWoaPr9H209BSOzkL3v/0chXA+tTGj0sPj+Ku9ggz0QY83CH4AG7JO0VsEfIJ7OdQJMbBHKooFMLIprbGHJmtKqQGgw0r1++7bM9Nc1t7ZU9pRWQlKmokUopK0EBayWbz4gev/PH1Z/fLft5oaqUBjfwCKUVnbm6fXXZ/z5FvXJ4vnunN5FLYHT32I9oowByeI6daY0vaCwRArxhIlAghHsliGDyW41UAZ/hAZ/yN5Q/HyoEQHRqDpIj6tD+kwEKX7Yn2W95y2tOOPnLdmj2mF0xNToznWePcC87/m7e8dcGCBae97nVHH3L4ZX/504f/9eMXnnfe6j33ePs737X72rWf++Jnr7rwsg//0wempiYef+zRw44+asWqFYNygFKY6TFbX3vFoFPM92Y6rSwXQszNz6quEs3s0Ucem+t1s0ZTIW7ube/25xtZI5eiHAxmdR8FtNvtTm/+j3+85Fc/+Tk0mlCqwOQCgUg2GjLL52ZmrrzkMtCqllrMtf/+6192yosfffSx/z7jS4/ceS9Isft++xx1wrGnPOs5Tz/xuAVjk3Od2UYja7UaQmBzrDU5Mdbpz06OTb3pdW88+sjDf3nOry44/8JrL7/6rJ/87PHHNr3hda8TIBSUzv5wkxK8TAiTFbaCQCiG/pWZJFeWz02igStxm5iHIH6LNYaKgymKFYIz5QEgRCfD9j1346OCzMPDFNLRF/kmY5HnKZvZKkObrIoFdJ9Qp5hNkpA8uINvwjCdG8ObTaN0vgU/yWxrPgL713Ue+o1bq3XHTErDdmGVvNs8aeUlBXXuowFGrpLNryEIsl/DIJCo+r2xk5+nezPbvvZV7PZEs6G1JjK7DErMpGjgtt+cM3js0bFTXtLccAQuXlLccVPna1+av+1uOb1AEUG/T0QopRyb1DOz2376/d5NN0698nWNw55GzTb15hHtxnojYih4oswrqFMWEMbh5ih2Edzacwwi0CykJ2+CkyUjchPktYfvRBAByEY+s23r+b/+dSOTz3jhi1oLFg56fZAStIJCZWNjt1995Vf++0tTUxNvf/e7dt1rL9UvJJgZDIqU7Dm7Zm4IELTWWbMxu2Xz2T/68Tm/O/dZJ574mne9XYxNDuZ7lKEkgVrbLZWakLQEu4WGEBSYRbaCUFCWEYpGLjbdf98vf/yTG26781knn/ycV7+SGg1dFPa4XW1ynkqA2cxrl7dqNElWzBrN+/5yzZf/58sTYxOnvelNex11RLF9u0aJmppj7Uduu+2LX/sKFeplL3nZwScerwcDACSBwpz3AxpIEGmQWBTq2ksuu/XWW444/LD9n7oBUaLWQohet3vh+eddcuUVJ5xw4onPeVZZgiCy8tfMgydjgYSAIsNGjpgBAmoQAmHblm9/7rM33XLH+r32fuvfv6+5bAX0B4AkUQghaDAAIku/9Rqf+D+c0/yGdW6B+CbI8dsIMxc9AweKDVTqweFWKLKKHDywTBkNwYn+WLWbZqLGwzmCJh8dq34Al/sE5Ct0CdxmRp6WjIxJ8jLDm2BOuFXzxr471n1cwpsSmNwEQccqJOYiL+kKc9ZnvXsBG5uLxN7WJlKSrodlPs0PqLvCwHciaVbTbJDV3gxwc8zbD1QWOYYhz2kVlVOXdVrP9hYgtwRaq8tSTyDJA1V98niYnCId/dQjvDblNSKhFwAY/Zbf7JxztmPnJ9hmbkTVDTVeeZsaHFpWawgxOTLmOdVhARdGsdVvmdbSW6pYndkQ/MyE5ePWEiMn9ePYLEcBpqBtKxS8k4Zg5cocWMixFCCDlHpGsJ8vARFCOd95WCtGHrt8Wtnca5fkRRMPDqaqMWeCLLYtorV2gZwUNlFWVP2ybGG+x+Qu5sx+gQiAEoQkaRxuIsqEEELc/cR9hS7J+FOIYA9oICGg1ApL2HNqzd4LdhuUAymEOdVPI2lUJAjc3kBFuq8HJZDEDIIZZXx672ya1DuRMbS8igAISt5rMYBwIqN5Ex/zgTapQlxZBUOB0w4aCMs91u25/7r9AECbJIAQmtTclu3dRctmu0VZlBs3br79jjvHpxa/6JWv/sDf/V0G0Bxr/vPWf7n/nnseefDhffZb/4pXvHJsrDXf66BEElQqVagSBGaZyDIBDVFKkAJkLiVmeZ5NTk7kmSxBLF++dKw1gSgyaQw9JHPcCUCWyWc/65mTUwvbrWZZFNZHIZPq0KVWZb9EgVmWEZDWCpzQQTRfAxVZJvv94mnHHKGB1u9zwBtOe/1ZZ/1qwyGHPP+FzzvyqCOWTS8adHuzc3N5lgPAQA10ocpCo8A8y8pBv9MvDthr/e7v2/N5z37uT3/+88v/dMX73/9Pa5avLKkkG/XSjuCGSHA3I/6tndSYIZzlRKxQ3BjyWrAjKwIA/NpG6x4QEyOcKgw8nB0N6xkKo5j2zLGeseYxndQIgUhrVsRWtPIcWalYnnBrY5hGYeKFGzSUPiebT4gAi7GXSDn0CQhkniezvN1bjKYMo2ZdxRGRz4BfiocRDLIQGw+8bESIXa2LBAQCSAutimLi+aeqbrn1u//b6PWw2SDlRCKUCiVMjs9e/5fuvfdOPO3YfN/95y48d3DL7Vm7rZUC0KQBiLQuUJUiy6nZnr/hhnLTf069+NSxU15EjXE96IX51AY51RlIxoaeBoK8J+LI4tFcNiOuLgGz281TK0HtV0+IwGz2VLooCjk29uerLv/46Z+SiNOLFh/9nOciaVVqFFIDZVn24H33//r3v1+9euXr3vhGkJJI262tRAQaUBgpqgjMKa9IEoTSRYmNfHb79osvvuzn559//3337bXfvse84IUqywRpd1IwAZgDm4Si0gyw0Wg0GkZS2XP1NJVS5TNbt1921dU/Ou/8Bx+5/8Ajj1h34IH2YxRaGb8OIIem1vPzutc3q56zLMNmTlqjxE63e8k1Vz/00MMrd12119FHTU0tgKKAZgM6nV//9tf/93++sm71mkMPO3yDFA1EGGtBv6/LAjKptSAipcpWns3PzHznRz/68dln/dNb/2bPPffHsRaWZZY35mY7v/nduV8788wHH3zgwKc+dXr5CtXrCQEaQZgP3wgEc+QcCgEAWutiQLrQShGRJvXYA/f88je/uu7mO6deMZFLMb/1CTON81oDyjGZZY0meSXoHGzkFjqESB0jspRsUrLDwLbg7BEvfhLj3QkkTOQ3txtdSYQqiXPHkgPJ16Whe+TVOoA7z9etEQ4tepiC5HJvqhAyo7bOGI69QgZeAN5wj9n0XDdCU4U/Rad7glEWz1ncOq/nAKgpGD0ZAgaDp/I+phNkH5wMRjm6Dwu5QuDG7n/am7gjjFsOPZJbhxmNmP30asi3bGcdGSmwAbubuhVsQ8dOLvQZontVryMeQ7hN2jJR0BgDzrJCO2rWSDXJF8ZOlDSFbtdeSgnEiZy94r4xmyyf/YrmIsFJrZ9S4TNrlCdRpbrvAMHoq4LwQAwGdS7aVIXWozfCjRuvxwmxkhykdD28W6dQG7+IIxHRwx2NMbJBa4kThyRgq+17MLIdeq47CCSkQFL4O7QiJjdUwwY+VYg+ru5UhOA2vdcnmoJJ6JoNYSRzSYCB7vd0l5gLmEEmSkSN5jOg7ayhG3jjI7fNDrqNsZZGMKfdAhBp0ACYZdvL2e29Ga30THdOIJZKmda1LLUwK62EybYIISRIB3bsiySaMEaC914MQpE94iUTf8BruXRtWzoXRuUjIfb6vV7RBYWlVkKIvJlPTEwc96yTV67ZdWrBpMiz44857mOf+vgdd933hte+BsuyW6rnP/PZQsKvz/u9zPKjjzzy5JNPGBR9kFYVj0+2jz35uNV7rj3syEP6usAcSYBCAiCBQKAXTE+d8oLnC5mvP2A/IpVJKRyE5pQFImg1W6869ZUvfN6LNIA5zQgAtNLafETOC3EibXx3ABSA4D4aSpRLKQAXLJwqoVg4OfXOd779mKOP3W+/fVctXzGrOls6W5s6a4mcgBqNbP1B62c73cMPPaQ11hKIMsuEwtnOrGxkT93/wP323/fe++7fbd06bWxdQHKr63x6ClL8WhfL/EjQX69fMf0ZGhnBSSOEhpNdvFSdDVULQCVhymwMDMU5bDV8zHsJitmus2Mk6jg51sJ/zTXMKd+xChndbKKTEgd7h23X9+5Ob3KasGreAoXogbEswOtj896GQSSARkTSuiz05EtfXRbF7A+/k893RWvM7VZAk1WT01NQlDMX/IYu+oPQKhsbJ9KA9ug1Im31ly4wU3JqXD2xedu3vq5nto2/5FU0NkVqYENBMbKrviOnCE6BO7yMzE/M/xQzfo2OF4+kQcrWeBubjVV77Pm0E47/5U9//sUzPr929a67HrKh6PdLpYgAypKIxibGJsYmEBBsztLElIz3SAQgMpE1mgAIKEBmIAUggVYr1+z69nf/zcbtW/54yWUX/P63RzztiOaS5VAUgAgKQSCggkzAgPplKYQo+sVd99z66GOPoMi0Jq1LBNBal6pst9tHHnXkn2+5+Y777v/9OWceP9eZ3b4NBFChVKkQgBQhwqpdV63YZaUqy6zReGLTpttvvW3bti2DUm3ctGmPtWu7s53z/vCHZbusXLtuDyEwa4hrLr/iJ2eeuWqXlatXrXp802N/POvMxx/euMvK5QcecsjUoiVKlSTNt38ESXHf3ff+6ZprpxcuWbvf/mOrl8OgAJkDwZLpyee97NTLrvvzpddcc/311z3rZa9SYkZmGQgBUgIS9XsEqBEJQAq5/ZFHfvGTH89snxn0+ttmO0r173vo/gce2bRgesF9jz768Y+fvmXzJpHn7bwhBOoS/uatb97tkA3U64NwH7f0hxvXuTMxKf11AnFY5cR23Mksy6i+qw1g1LUTyxG8xF66JxTMmsrI7GJmSmvVK4xhViaTajXG8Y6uYMekzaYFa5pNbP1aU3OkUkkbT1Wo80JHGbH8FYY1KNyITRNErPCTIBdkk5/abezhKH0//PorFNDOTbeLj9tYNgzhsRr1yrUkQ1z92ChihcST8dgH76INA7uGvHeGfLga+6uW79a1yZOrqc0wrHDl4njzE8ErVpuyN3XbW0ZcFfPTcQEie1/HxVhzHtloHPo4QhbadIxubR67visRzREfhiQDczsxTmRXHCFX36kYdPYoH5rPPUTjDQElSlpM4gkxJqL7TEqSwqs5AShI5JjlWVOj7pf9UsA9cw/c3XlggLohhEYyB82TOewWNAoxo7pPFNsLqbN2JqRslKIsC4UFCikyMzTBaM4oG0yBcgg3GqbWRXH5K+cLUEXFoUExoV87RibhSz4LFCke1gsBCQCZSYE5asi1IgQh4JinHfmUA9Y3Mjk1NVlQOT0+9eaXv2Yeek1oDAYDKUDp8pRnPvvYY47WoMfa7aIoCyjMIDWpZUuWvutv3kYa8lZe6gIyPj+kQe++69pPf/x0CbI11iDSIh66wZkmPdFqT7UnPRWgBdgSjraBOa2dSDIJK0RzpiUKQAAoqRzQoKu7i6cXPvuEE3vl/ObeZpIia2RYoNJaC93I8ne9+x1vPO0Nk1OT09OTCpQERCEaWUMBzRadpmjuu26vedXXqBHYkTEOtoTKKHIUHHlDSgnO4yDfUGTMsxi6C4PFVF/tuHK5A0EAw4JaYKqEkZ3ZPEusKnDp4+EkBnFg0/TyqtTSnobKCCpg1sTHfAy78sb3ENsnsW7c8fYGbhJWItnIlg+ldowP7teaJqzuUPvJB9asEKBIbvqpGlbXv3V5CwIEIhRIijTAwlPfIDCb/fF35ewMjo3Z42dAEiEpJZq5HJsmQgGoSoUu72QRromQEAEUUX9eNhqk9OxPfiiyvP2CV+qsCVrxBXJBFPFIM0+MmByUz0wZok5iHJ5hYmMSgW8GMY98p/a0I7OfEYjKsuj0+3q+v26f/d773nc+/shDV1z958svv3R67epWs5mhLMoSNBVlMRj0B4O+VqUfBTj4FVHWbj38wP1333aHaDTyRkNkAoUQUpS9otlqTS8Y23u3XS++4sr7Hnn4D7/59fTCxUJKKaTWUJYFge7NzizbZeW6ffdvtccG/W3f++GPfvjLXywYn+gNespsfdS6LNXU5GSzkc/MzHU63c994Uvf+Pb3oFSIoIqyKFW70dRKN5vN9/7de1/2+tcVs3NyfPwv5573yY98dMvcnCJVlipr5H2lLrv86quuvnbFyhUT7YnO/Nxd9zyQN1t5nt16y62PPfywJHr8sY1rli3598/91wkvfXmxZSvmEhRled4ven+85OL7H3no2MOP2u/A/R9+9MHu9u1Zs0V91Zqa2mf/fY455sgf/PycSy6/bJ/91qMQeZYpAb3uXKvZWL5ipRCiIBBAIHDb1s1f+vKXHn100+KFi/tlWZQlZFmWZVLin6+74cqrrh6YCAeKbmcWAJ7zrGftdtghpJXPSpE9lTdaeBGzlU0iAKROS5ChXgQEby4VIbU8VWNu2DAIxGt9bfup2xaa4eeEeT71fBD4JdbFVYfNWgBGiiKyEmQDrTH8Qbk4zorbi3O+3s/hxix4C8ucyIVYRUsCOUccl5DD4n0+F1S9atw8NrlYKQYx3gIgtbmv+Ln/WdvsDi50B33XGdl+gBaeakaxAtsIPeXt57BHtO6t3+HCRGxtppQRbsXpIohXEtZ59Rx48vK/ggd0XgRAxDwRMHEqlUPiYbOWSnzOM0R3kfcxzO/xwiIaRV34YIfOZw2VGvE1vBHy37Phmbl4+Km1EMYbnoVRcOVb5zkMSzli1Fd6MGnVgkkxxu1a97jqvtV2HaHCPc8grhVlcv+KMEyVEJPfFCQlUDx6XmrIsVKI3uIM8tgpqnpjDQFidxXdSX5kVrAJkNjI7px94NrHbnho20ZN6o5t99689Z682QAkjdqcXKiASEABSmTZzHznB7f+5sbNd2rQ4+2JAxftvc/U2gxRE6AWhIAgHGTmiMlIfQAAiFisVk1PZl+Hp2yMFexQKG3XHHPNEuseX9usoJMAEgRJAhCA062JJWMLCagkpbUqSelSIWAhCiGlQCqUKrrzTcxAYK/bo4xQeBVLQogFk1OAoEATKiRpOhSGKwiaWWNy4SRqLKFUpCOiCStWoChKTQUYb5RI2yUFQZwZH9t4Ng7J1vOU1v8HIe0HQHtFf07NGa9SoybSZQYIYD6ut3rVqkxKpbXSSpMWKBUSIQnEDHOlyk45yKQkk5M0x18RUUTB9VesNioEmqjWHV6Jvh2pMcl/+IFB43o0woeb/sNai5+i91GqzF4/DE9xvpMoOTy68+EXOgsN+W9wvuJOBv+YeB+2dIS7oJX3o6A2VRKd4V+BN1+ovh0/tDDPdpcKZ5dkFhA1CESttJJywStfL6YmOt//tn70UTE5gXnm1glIIkJNiGCPh006NhlB89ESAq37Im9QoefO/W3j4KfJ3fe2W+I9DOGWgUcEwD5lwoC3OsypwWDkugIcHuJkG0w78ks9CFGDLHXZHB9/8JZbvvqNbz+8dfOCyfFGlhVFOTE5+cvf/faqP1+7/157vfDlpy5Yugx0qbTWmlRZavNlS2vB2E+2lGXZmF74u3O/9uFPnN5oNNqNpkIlpGw1WlLKZt4YH289+vimQVlefMU1115/86DXa8osy6QAUEplQjyyedMzj3/6pz7zX+PLl+vtM1u3b7/viSd2VUrITAFkEht53mi0CqWgD2tWrEQhBoNerzuPgEqVpDUBqXm9edvWRi47nXmQUgupERYvX3r0MceUSLIhlaYsz/v9UmZZ1hC33HrLny6/6in77/fm179uvj8oy3K81SxLtWjhAlWWWunphQupKEwkSiLk7dbD995zzrm/nZqcfvoJx9x+y63v/+CHBkWPlKaS8jxDQRs3b+kPBv/7gx9fcNmfJtuTMssKPdi25Ym1y1d87nNfWLH3XsWgzHIJRFmWT04tHJT6ZS992bNe8Jx+b0ASoaS8mQOIZqMhAGSe3XLLzR/8538lgQoItAIi0FoTCW0+pc2VGCeDWPMx96piKnjtGXkXlasqeX15TEvV1nd0y03KJ3XRiF/siRcgo6NpRHYT4Y6DbrbZ4LfwVuxIdjK5V7VCRny/0fkJCLVTHI+F9ZBaxtX+kQUZdt6NHHHFk5ouLgVI5DkH1VesjhEDYSbdjYDEd8l7irY9DNV0rFgYwrA5jfN1NXnyKpjMS0z7jcHfmavGSPqrWWvnriRVNvoa5mk/iercBd0hbJ5UnA+avjL3cRgOYoOz1mjhvgDfqZQWq2U6+v94Otz3V4KP5h3EIN/93xEWrzcrwizFhI7xK8KadQaj5xhjt9N366tgMGnIP3ODMuC4VfLm/wRA2JCtW7ff88Wrv3nRfVd2i/6gLAGgmbfyRg5I5rPjFlQNiogyURKdd/vFv735fMhBZPney3f/28Nff+LKI6gwZOaiUM4gtoPWECByI7KQQTjEHnyYH1zeIAyf6d3IUrMZNj/mMItMILt0AxLzTayRiAiIghAJlFKDwQBRZEIKIQhJyIy0FoAaVAkESChBKUVaC4kEpIitiQUa6JJQo0AEIexn48DlJyUR9MseahQoUJopRWdbW3gRUAghbd5Qu/C4G4XBms0eaghOvhCIqNF4oRqB7J42kEKgaJjDHw2gJInA+K/ULTp6QFLIhmi4pB75yZEopMmZE9ltwiZ7U9UOTEkRRrtwh1wI9tismLfidi1AUcASWPKxXqEh2xzsSIctbHSfknEc6SSewT4Hx9n+3DhjzmQNBCw0CHWijIuFeGjc9ovVG5McLlILAMw/9B5NcEFj6ZxuLyT3kIDX5fATE+LVoCZUL36SBOPB6sBZ7Jy3440zh3Re2e165I35WbQjQgCNUoDWWgmaesHLGwsXbfv+t4q775ACxFibpNBBkLKtwW7TvaV6smv/bNoXB4Si7MzRfBds8Ccg1kHq7BvfaJC+HEFWOQCzcv1RKVzAs1lmajXY4yEIQua7lo3GlpnZ8y/6w1/uvLMJWAC1ARdMTl9+6ZWPbt+6x9KlTzngKYefuBLKkpQqtTZeqNmOCVLYM9sBQQoAyFAsWLGi1cgF4aAsgKDT6fTnO0VRNlqtBYsX777bHoCAAhZNTgnEXq9HZZlneSvLJ5dmlLfm+wUgaqJGQ44JcdKxx7705S9vTUw0Wq3W2JgUQmYSEUGbeE6pS6W0LgbFYDAggNtvvvkrX/pKd3ZONjIj7VRZHHT0UU855KmPPXjfxo0bx9tjebM16JWtiTEU8J3vfOeqK64+4rAN737nO+a7PU263c7nZ3tZo9lutxcsWy6bzXJ+DvMcFGXNpi7VBeede/0NN+27z35HHH30rbfcdsOdt0+OT2RCaE0EVColEVfsskup1D0PPaKJBIpcZkpric1y0CetQStzRqbS5aAcdHp9IWHV2l3LoiREjYIEgtJIpHRJIFoSu4OBzHI7xVaU2g/MOPrwEoeTBvNEMDKevM+TmMPoF2jHcoXTZOBSYlZQIEameyvSOHFSTE1M1jFUbSZ/rrgjbWLxYh+BCQaE+Zdt3/HVuXRw9oM/eylIO8M9BE7oIFQUChsJT8uwDNhQCR8/5CtWast4FneweK0TVeGJGt9KktWJfg4zGuNBcb2K8cNhA6yOwqezmDQfiqgUBjcPhoS5oQjRjMSik8KsAauRBltjKmexyngIVXcxDjcwF6VG8VVAhaRM8LX8eOsc1OTT4cTqp80OCWpQ3Hiiu3lrAa0xPSCTHrxuCBzHDnxNeCXGFST2Q2Szue8IxlRNMYRWk5JHiz0Xpjp8pnsrfFHNSPK+GJklnadFmSFnBkbkhTDF5sgokhj2MLPyID6ixAqGKkhDgATwzdingf4gmmxeMzyL8VjtVDD4yU5NjRmWzCHwc/yjXVRO8CGApoZsXnTvlefeemkhVTtvS1SIggCwJJCWPP0UW8klqSnzps5IQEHl5Xddd+jypxy/6rAGNgYwECAsAix46b4u5PjyujImY/BGF0RwB5rjDVJF/sa4BicUrPrxe2u9KUjB3EOBmcgMDWuf5ZOgQGvjCgoiAPO1OgDft0MsopAI4L5ObpxPSxAGlUJkKNwiYUAwX8jjytAYwm72iEySwlEbhbmkgEgAQNIAKIwRgIRAgiUqPWKts2+9LwKSmQQGISGZVcz2q3l2xuyn5dlMOVZBv1kcIUxF3YzElOAXFgbiQvecEqaK6SBqKnVzKos5PWNC5ap+zSwuyay1QJj2VfDDk6vykOt9f+ZkxMOJwzZs/YZ5x+EgV94EeoKv6BAY1kxAhIH6BQKVJ8Se1OuVShWzYs6RR+3l2CL8tn8NM0bqnBXgvYET1eHzZYgAIKQgrQUQaa16/dYJz168cpetP/xO/+oroN8VckzKnKShPOFaViZKFFaKmF61MW4AUajOTHOffXHxMlLmG5IYyRwPZUWGMykDhso58sw+j8SYhkAM3kLzhEhOpgYCEoB5JqnfW7d29d+/912Pb9okhdj0+BNzM3Pzvf6tt90y25nZd699Fi5YpOd7IhOklSq1ELI1MY7jY3pmtrRxQhSAuchobva5L3vpQYcd0ZoaQ4BS0aDX+fG3v/P9s85ZtXjpO97x9sOPflpRqGa7Jamc2fh4d9vM9MLFk8uW9cuBFEIPyqmFixYvX1Z25mWel1p1tJ7I8mOPO25i5YpBt0tSKqXZgAEBzOZd0ro9PinGxlW3u3nrZgKhSwVICFoVpczyHsFZPz/rm9/73tjERCNvDIoylwJRP/rYxvmy+MnZ51xxzV8GRZlJQUCz2+aQ4ISnHfUP//qBZavXKK0AIMsybLT+fNFF3/ru97Isa0gxvWjBS1/zit333mPJkmVLFy6gQYFSFGVRqnJQFKBJEwGKTGYo5Jatm1tZtnL1Sup0ZJZhWYKUSqsSaUD6zHN+/dtfn9vrdpRSuixJq6JUrUauSWuC2bIIzElAWqN1Mx27OrcM/FFo6EWhM0yCDvf0Qt4+J6/gohXuCfNU9GjMcZG0iIyUiKqr7UZSBRAiOWZANazn+YEAwH9Sl6k2Thu1g6hcdflPByd6cwIculzhIQZfzKXJk2GpAvReK7PpvYUdWTJMZlAEamg/QMLehQbNuQ/DPztRBTuSMdXivJZ/wmRTiHRwFyJGgjPrWDqx2h339KwioHgUHPn+kZWB3mEEN3xnKThEBvcJIMYPcTxzTcojOG6wkMyOd6ErCElqDZ0RN1So0IN7jbzT6kUcZg8YgPefq5RJfqTsJKpqyCMBO1G7UXjaNOWajdQb81aCY1l/blANZsJtsifJ4zxCbL01Yolq6Ayko054P3GPa4uEP0PsNO+rJ6NOeknW3+7UNUwQJrRbEzcaUT2muGHRDrRppbq+GcKr8iAVi9aFRUKtiHaZXL7rwlUPbX9MDAhKIFQChBAoBYBw6RYBhJghaC2AhNGZutC5lntPrNlzfE1OGSIIksJxshiGKQ9ZbYIMh2Iq1kKuUHVqq+jhJOVeMykUk69dfgcIgpA0aKfF0QWrzTcdzNZLa6FanRLm0TbvNsIyWxKAgJTJEjmRVgu/Pd3S7hXTnEa0F7jODjcjdIQgjE9rCCaATX67HAKAQLNzLHh+XhHbNXkImgtbtAv9KdUWdsjOQPbcX5lC5BaRl0TW5GK5KIxc0ORKH7rEtu+kToAMuzzEIy8GMFpbBgC8+1kj7VL5bWG0xiH5JXSJNWJaHWVPhNhk0mHsgjpDIEH2kMENeRtqV2yvGK5UgkeQQKI2nPghGPJRQnQ8BcEEQOd82SiRPZoIwP+xmWEDj0UrgprvZPsetPTvPjBz9s86l1xQPrYxJ4B2EzNp9KLWhIDm+CHhdoIi2NO9hNJCZmp7B5ctnnrJq8SSRVQOkEJfYdAellE4xSrygrtQoXinczmnOAGOBlEGVBBCUFEsW77sta9/PZAGrefmOmOtsZuuv+4fP/jBFoiXPO+5u++zx6DXbbXGtFIaqNMfPPTIw6tm9miOt6HUZb/IEBAhk1IX5fJdVi7fay/QGmQOANdf/Icbbr7pke0zL33O8179pjePL1uqylJm2cN33PH9b33nptvveM4JT3/VW948vWYN9HqACEUxv22GtBYCi/kBABRa33Pb7Tf+/GeXX3FFnktdlqQ1AAiBRISkQVGpy35R7LHHXscde9ztN9806M1ryAadLigNSsk8y9tt1e+1xyZ2WbkasgxINzWMNVp5Jrrz5cbt28daY+NjEy0NCFSUBSzMBYr2+MRYo5m32kW3iwDZ5Pime+//0hf/+47b756cGCuLQhMuWbPumat23fzYI/fedVfR72ultCYhEIXI8kxkGWk16HSFwH0O3Hfx4mXFlq2kSgEAQlCWlYUiolKpiYnpg9bvhyjG2g0BKBCKopRCAGIjb9x2370XXHwpCpDuA+5OCVBFM1XEnF8CVHeFVWcpeUU3I60y3tpOC9C/6gqOYhCDUdcYy4YRwIxywHj9hF2Bu6ChreBjgJsIbnNXLN3Isoo9T6gKxtjliHybuEqaghsyrB1PE6WITS+sbBAe3UhtLo5vtfDl06BaACNqZye8BWDk7WqgB5y5oDugcWIgGYURhoYIdToumbLIyN8ByEOKsY6ixiuLnIfZsbwuq1C/YnyEEhoF/2hKrnEFI7DRgUrgZqsCfwJkvZjCsI0WkrkbAbxrYCcnaGQzaWB4J+vx2azaTh6Z7vsrteZjvEK2mpuuyaqzDHU1gmUbsT5FMJ1slR3LeyevY0sH/JITFzGNyifwO5y44Doq3T9ptyPm1Ox1D94oSGbafsIEBAohnAMPWpiYIQIAahQEJMw+QrXvknUn73l0TllJRYbSr+jjIHhHKBwWRQSANvYYhxFiu5wPh23pIz92jjoKpByHCR0Zef87tZirRK2BzB+yP+35mOQ5z8xhUBCx2+WcfJMOAucd2t4ZeVZZOTbb/ZzVUCmLi0JYx+pKaoqTDIhEINwk+AAqpyi/LtV3HcZL7mc14ATOtWR9MYsoWBlEHmVszYGPGrqniQsainK6cku2kZv/yH5XERoIIfUYouYRfNP1Wg3RCtlhS4z5GhAz/xaPbC8+sSEM94CDLGOiPMGblzkImOKqVr6x6o4+oxf1Q4rropNpw/TK0FeOFhhWLbl5cUBRcU81YcZ9xNrNqVu/7rnCOJUC9XwXFy2fftM72gdv2P7b3+hbbqCtW/N2Exu5lgIE+XQmoTVLzWpzoQERodvDBQun3/SO/NCjaNAH0j7ISwwSjx2/KoABX03oOjxEv9BNs6me6BBDJ1yIOMvNOOxClgRKKVCqLIrmxES30/3Nr39z5TV/PvGII0844QQhhKYSGhKJGo3GwxsfO+Nznzv8ootOftZzNhxxeN5u6l4fpQSRQS7Loiw3bsQ8a45NXHXhH/7tnz9w7c23vul5z3vr+941vmhqfvuWUtHkokWz2zbffc8951/+p3MvvviGW27+yOmnL162vPvEljyTICRqnUl82pGHZ1q/8o2vX7B00QXn//7nvzl36dSEFEJrUloJIbTSJsVIRNt7/UWNi3S/OO4ZJ77jLW/dunnrun12V735TApVFA9ef/22zU8cdcwRxx59RFnorJUDociyzuzW733/uw89/ODJxxzxhtNeXypqt5pCwWC+L/JsUKpNjz1SEC1YtkxIOb9l6y9//P3fn//78YmWLoo8b0gpSZUb773/vz/3X1/5ylf6pS4AlJst6W76AAsBPveZf3/tm96k+n3ZagmttBFqmkhribDh4PUf+JcPgBIoBBJIibosCQBQA9DZZ5994aV/EkImHIdefIYYpVd1aH/FhANeTEVfYvDMwTyr9N/KRfHbSKNGUPKHseYd3q6To/UyJbJrrdVIXnlGFkQEBrIMSdSI7ybhueDwenhqRRMzeW1dClK8zgW1tSLo3MiHpEeGXcPkMMU/d1CrejmPLegR9oqY+OL2rlP3rKORkPPGk+Rn6K0OVruocfQoYlJPZsG5oPFe0Hgek7itF91eCYVQQi0wLhBAzHiLnIJh8LM2fVrMw8Ch8pSTYA1ZsjEMhIVFhjl2abKx8ilUP4Ra+7NiEdc1yx34SgGsLUl1WE5A5SN18xg8rxjWRHo5fAXVnFzObgFmBcZEFSzaCDZMbVxvf0Sj4U5m4oUmRJKlw/GIh9BuUs2QUUptCaHvhKypWIlRj8kYwSCBgDRBNWsQmiJyf0KjDGmmh5BGB6mgnBTjL9/nOc/f8yQgEIAA2qzYFCAAAVF4ZwBtxJ2AUBNp0AKhLZpCC621QKlRu9RQMoSUZoRZ/FYlcPJLMhhauDpmA47svgSZ0VOM33LshORDtEiZiH3iEgBAh3ObeCvGUEykt/MZziu+AAEAAElEQVQp7Gs2HHKLS+1YnaWd8Lo1Pg3b1giBVFtYMP0eWs/MqVEhgleIbjbBmy3mn5SfYwNmhDMT2yOOlzg1uvsRlkukRRyHV3YVxYqGY6+OidyBQ0O6rLNe7LRSPMPuXfCFhseO7WqFShjfgmLDVSO1Otfr7BGnCW/oOEXyJI4dH2qERfByMGpa3nHyobYO2SgGeh1TadxraQLAWqLEaJNbqGflAgFKBBBS6H5fZ1njqGcs3e+g3pUXdX5/Lt11h56ZF60cGpKEMDvbSRMKAk0CUQCiVrrbg4XTC97wxtZJz6N+H8oSpQSBhMj1GFT7j4w3ZuGkw3DizQsJvm86NEBM1pGXV2jbFCSAhNRCAihd9hvtMRoU3//6/37l299ZOr3gjW943eYtW8773K/WP/Wgw08+GVFKTd35+fMv/dMfLv3TxZde9t53vP05L3hRPj6mBgXmUjcaoHXebMhm88oL/vCRf/u3m+646x2ve937/+nvJ/fdt+j2mnmeSZrfunnNris//qF/2mv16u+cffaPzz5r2ZLF7//gBycXL+jPdaQQUBQ5Zq847Q2veuObZJ5v3vj4Kaecsu+++41PjiOiKlSpFFnfU5uB9+d7rby54YhD1x+84eBDDhV5Tgj9QX9sYvLRe+77j49+8pLL/7RsyeLWeLvVGsvyTGs16M13ZrY/+Njjs/O9n53zmwsvvkJmcmp6qjE2joCKym2bNrdKfdprXvOGv32XkOLWP//5u9//HgHsvmbNPffdB4pajQZqnTcaGw497K2EILDUWpWaSCvSWmlSijJZFnqi3XrqhkNIa0QBilCYYAWh1qSpKNWlV1z10N+8rz/XKYqBKgsgGpQql5JQC8Ct87N2gZCUiAhC2C+vhnUpI6zYsKOtxliL2IL/HJ03rakeXWlb1gyAWNQ4mRbqpw5IRdJEGs95A+G5ufXBQh8ID7VHWlxVPFLlxkJoBb1ZvAg+OFjBRs2yDvYufTLySszonbUY/3+4uMG7o6LBUt/B5cswTP6/urgFOwRXuIMdHzVvKKEhGAVwov9TX264HhwVn41YYCiiuPOWxjtit79WQ9eY2PE9+mA6g3kYME/iGmUaRaBiHeQ7TzcYOzk7DTqb64TxMX7F6/DPBKSLOIZewwgg4zTA3N/Uea1t0U8SL+yDHNZI9pESPhi/dsvY4qFb4r27h7G3xLIqFaCY+DbF7Mx49ePyY7YLK9RLNchATOE47xABBIAAIUggCJ580HYkWoMmTaXWmrRJ4Ya8rsNAmCF/xhDx5Jh31pjq4tjgrmbyPvUK7G9MbNXgy9gwEoI/e9PtHfP4sRNCxkb2Np+38kNe0K2bI3D33rj0X1rwKWPviznb0Y3QOpnBS/G2pevRD7aainOotJ06pDH8hJ9htbMjRabwOfrAHDFEHPEuUWYnxdsdbo+q2XDq86je9ODiHYBPsm+c6YzALomlESjWNRYWWqZmTKjlERFLbLYt2jJsjOeAEhabiICym2fTaBgDOWyyR4cliNYFuHJ2/uuEV70OSAQlQ5c1AQnIH0xij4BKlph5URQtHqhX6r5kpcAwFZUkaGvLeEHmR5EsSHA850Wjx3QCiR+fKxDPlREHgCik0EB6bhYmFrZOeUVzw2GdP5zXv+EGePCu8vFNmKHWhEIgaCEAkFBpnO+jpnz5svYrX916xgt0v4ukhJDGGnZxlFgF2E7JyQcAdyhSEA7ohR+FKpYIwdjVjtHQcZetx1BqicapGUQhtJSESCVkrWaeZ7/4yc++/LWvb9q2/V2ve81e++3zH//+mZ/+9tyPve1thz/zmTITnV53xbIVB++398133PnHv1z32Mc/1pmbe/FrX59PjhdloQQRYjtvXn/RxZ/8yMeuvf7mffZYNz45+Zvzzu/88iwi6BeDTne+7PX7g16z1Xx440apdDEovvH97040m29797vHJyaVUgKFEJlsNkCA1nrpil1eetobIRM2DGZOQ1MEWgFo0AoEgkAQEkqtBoVWlOU5IA4GPU2AAlutRj7RfqI7u+nhh56Ym2sC7L/brnvvvuei6UUzPf3ozCyhWLJ82bKly+689+6rrr8RABaMj0+02msXLW1OLNAEQkpq5Hqg1u+912tf9aozvvglrcssz4BofKL94lef+uJXvxrKEogAJUgAKaAsQStAAqV1f1AWher1hMzAHEsOREppIkBQGqgkQFy4ZBGhVqVCIQa9opFLpfTU2NiCzuzWmRsUUJZlgML6n9IvxOVSmXuOht9T79SZC0GdgJM5QYB7/k8kL6Mmr3ycgggGFjj2d6rVbkLxr2wQxsKNtqQNLpHrKNZblWgTNxrSCy0HhQhkkHxDzTMWggI/BPvQxemc2eFG7YEAK8FtB3GGBJ0nXG8cxpkTLjmHuSvVdijBlzcXYzk8BAwvCbnF5OVL9CxKvrGknMOL1+Np18S7TjyxNNbvHjoTImonmUVvlcVNgSNuZl2nYEMFw5UQCEQ/mcQOZAwA1fQSEbEyyTCTa4RTWp9IGEYV/O2wHFoMT21mPsrFsXdRC+QWNA8BlTtdteQKyXQHD81Vqc8lDm2HkjJ1Fognc2KyI+GOULCOZhJ8ISJDY838hgiUs66jRXzOSq/NfNZeWUz83pZJd7wnxBeYM5AI8HZ4H/V06toFiMnI22OO7Kt1zIkYlefDrGF/Oo9ZcpnUtKRHpAe6tIkk15BARBQCjVHgTCF7gqoGNLdoU6QAACBAkF2zypQRO12YR0w9tizNOQWQYIOpkuiMJfc0fhQGEClRjzgb6vR2PACf7aB0fP/unU9ncbJC376nCUz7ZerIMgpBMJwdAO7ON8/Fha8dT7CTKlHgOVgkiVznnh533J1eoFDbcqx11SguyNOZ9lm0nty+Cu6oq8KnlncWEByPI4Dv5tOzGrl2CeMZNgKJ9YbJ2bohVe10jyEEfrIZIwNnyHDZrL3POIq3GfCVK0zuzrSQVo7kWTXwD+Ssz8T1rG+gppHUohlyjnlVhVSyDkNkkn3pzG7bp+NoIwO9uQh+kQAwce9loBfATkQ4YrBJZgRAAYACkaTQRV/pUixfN/Hqt4yfsrl31aX6DxfpzQ/B9lnR66tOh3p9UCUKKZYuk3vuPXHyc/KnHV9qjVQiZmZDd7CkAsYsITKUM072oS8AZ8iDP3I5TuWHMXkXFFzsCAFcDC/gwKyhJ0QBgFqJRo4AF5xz9uc/938f2vjIiunpbfPznz3jjIsuv/yw3ffe96mHQKOpymK+LPZctvz9H/zgQw/e99n//Nzlt976r6d/qjs7+5LXv35sydJyoLDVgEHx27PPvPzaKycnpzc+vvGMr3wDQLdaDYFYlkVZak1YlGVfl22JSxYuWjE9/ej27Z/56leLsnz3e/62vXghKD0oB9s3b+rPd0CT+ZQUmC85KRRSaCKw3x0xO9yhLAZIGogQScqGEDJrNpcsW1YqvWL16o//x6e3btvWL3uXX3zp//3sGe2J5oc+9OFnPveUmc2bv/j5z9/0pa+cdMwRX/jSFyZ2WXnh2ef8499+YGJq6p3veOtee+y9eNHyNXvvViJqDav33PO1r3n1yiVL9txv/06nK/KmKhQ0Gkrpn37ru+dfeFErb5JWMsvyXCICoiy1UqrsdDoZ6Le+8W0HHXnYYOt2mWdWfBBgJgWKXMBJJxzzsdM/1u/18rwhCLUqNj22qdHOm3m+YOH02Weede2NNwiUjTwHKVEIFAKI7CeCiUtXFm2M13s4prKSjTtzQ9m4woUUv0UnFmMhTdUydhGQ2zTkHQPX7JAVFbE2i2zDcPaQZwwMGh/CKNn4U9OoNkYGvhUf707fG+RWpHDs4tSNJ+3R8Hcq/oZ7I7xM1VT1YiCCmvnA9a0hhLUx8QRHdl+tA1O1RSuAesASp65GofhXzCGoRNU5dMibdeqdbfkb/iWwFBvI9PeQUUT3Q9w2rLwdrskYJPEM1kMYjyh96Dr1GPD2GMQUlSCkGiCucVsSeIggXtxbE1a2bL9zmWFepZ5EsXZak3aSNi0XBKOdR+2ZGq0Vg7VWCIuG+PZjaKl2ZFGZKqqgfqKTh37Umf0ZLOmqfEpTrNXMZ+wB1ewktAMewdtDLiJrYAA4Y8onZZzjRr6cgzjoLTcg3zl6qW5Uvm8BUaAwYwNmThnxj2DMGwAiEuCSViTCsjjngNiTVynBgbXAqgxPzgFO3CBnizq0eiPV49n8HqXrLKr4nlOLyOAR2+aIkslP4Hd1nIWJEKHbDS2IebNPa/iMR8tumYUR2KJGuUQsQayNYI1H9UJ4Jsy0I6aoMYcXr74CfusWvsYB9SBuQrgefSQjcdXijoNETDRkIFLg9Tg8kWbmA+Mt2MlyHF6/PscIYS9gMXXzyeHXP/ZeLyPMenllXrqzLoxa5PNbV6UmEun8FeA4YYKbhquHpOXRzmctUIkqrdejtUJvZ66q9vGs5sVy5ftz1YtJXh75ESZTbSUZgRQCgFS3A1KKqSVjJ7+0dcjx5aaHy0ce1nffO//AfbI7R0WZLVzYOviQ/MBD9OR0OZhH0kJkAALs96hcpIRCZIXArCXGoBsDVccmDmOAESqhEo9JKMwJUxSEEhBQayFwfm7mvDPP+fSnP3XbPfcuWTQNiD/46c/mAE7ad9/TP/nJg487FpQiUrKRF71e3hp74ZvetmLRkk99+j/Ou+rKf/rUp4DkaX//d5RnVJQgxa5r1244YD0hTk9NCJE/9PBDs7MzBx944L777Ndote+8664/Xnrxtm1bXnTK80499eX33X33977/wz/edvsfL7z4xS99xT677IK6uPnq68/4v5+7/8H7GwJUWRJA1mg2xsYUQX8w6Mx3C6VQiHarPdYcV0p15ud0UQqkTGCj0RwUg4P23e9Dn/jkst133/LAg5u2PEFZludtKWW/3220GqqEhx9+qLN1SznoaoCi1Bs3PvHwlm0PPfDIXH9eDNqZbOSTrU0zmzdf+cQe++83vnDhWLN92tvePjY5eeWFf+iVxTQiaAWaylLdc8edv//9BY12c1AUSikk8y1SXWoCoH5RLpqcOPVFL8dGw0RgLSUIoTXMdue3duYvuuTyD/7Lvz6x6YkFixZPjY+X5eDBBx7OcjkxOT7Rbt91x11bts80mq2s0YAsQ4EgBWgCTWyWHTnXMRQTc2ydjxMSCZnxP6MuJo8JYimQKHhHmTwLWnPZVRiubqxKY6CC6iUvyqw89ZDUuYj13TrpHa1XZ/0G1vQLgivsWJE1OyPYEIKcqsJa6zbwt8P859or9iuYZcn29kT2ptXGUY8hALZDz3OHb5Oy1d9+HmsyLlQBF6K3O3JBayKhsTasVR61PmHULLBzeqrFqh5UokZ3wuCPBsJpz6XfE4IYseaomhMekXYDb/FVKHx0rZquQ4s1VOSmvTI7lec1Axtm0ljEVmSKk4zOjN7Zq6Zs6NdHIThhUGRV+wkcJgxrmjfrLsmfP1S5gkQe2mwyzUGiBYBiogwyJjYrdkQo0SyJ1Dw2ksQK1ci6RQu/hcqvSXHIs9QRHARKX5D/ac9fJfICI0ZVhCPm4TlbkmswH8ZzsBI4RFum554CkTumyNYOMITuU5S5N+QG5BclWqr2aty5qAFlvh5iqM3bZoVY4Ng5POaX+xdNgMnFDoNZ4XW8zXC4uHE0BUxZumyIm2PmVVs0EZvBAL73u1yoCy0mHMS+I0sl4bz4hJgZtfMxc8SHObM9sOc2mRqmPN0R5BdABJvH0WVABUdLpeOQf7K9ONz64SDHMtSE/zybOtyFUEqsXjw31WrNRG5QoHeKKKq6WiO5Rwi+ZWorOC1FHnlWNUaN1K5ICe1X/Un2LgoTVsKrEbTJHA1JvUaXhd0UMyc6u2dsnjwncdvBYALjLtATXYi3gW/W/qM1kJBCkNa60yGZiQULG0uWZPseqA+Zy7sdAZqUFpnEPNda6d6cRAkiM8tBwP8Hgcs9aBSEgYUixgUCJGsKnOyNz89gBUJ7LPAToZAANBKhEGVx7023/eLnP/3mt76zbWZ2r91362zfJvN8/712v/XBh0Wey7GmQg1aqVKRJgJVzs2U27Ye8YwTP9rI6JP/fs2tt/WUKhEzKUkpyLMXvuqV6w85pDPor1i+fNvGxz/58U889OBDzzzpGa950xvF2Phvf/bj8y+/uFfCsUcfc9KrXgtz2xZNT634/k9Oeu5zV65b0+92WpNjg37/oUcefmTTEwsnxkulGjIrOvOP333vtm6nPTExNb0gk1m/6G154OGy1202W+Nj45mUpKmRCUTc3umuWblaNnKU8qLzfn/66Z8qSwWkNm59YnNJU7O9T57+6bFm1s5x85ZtBHDJFVf/zVve2e/NP/L4xnu3z4ontr7nb98/NTVGg8Hi6QWnf+YzTz/1ZcXGzVm7rRp5v9dD0AKRlIJikGfyjW867YUveSFKoUoFWpMmTUi61EqTwEG31+90916/r+p0hTTnJxOSBFB5QyxdtLDbL7fObDvr7F+jzLZt396dn5cCW+Pj42MTg24XicbG2suXLpuYnJqYnCAUICQI6RbVqAp3QERnXrZTXMbxpxVM0SYGrpyNnKCEjxOCwkDGES27X5EE9Uo8UpFcRwDbDRNUHgSTw3J7DAfxfuvFiEvAxkZqJLvBp48AWfCWbQKKsxmpHPbPsU441ywgHO5DDlsyOvph8pTikdrB8PnnVpnXxe4PE5+VYzeYMEcYigryfytIIJb79e98AW8aUXWYadTEGxzRquMA+WgXlFymnLlzyOMCTjVwgKtpauOfBzKsWAmJYwyx3ZDYp0MpOAaghvbq8vDVsXP88CfRuLypUKOrQzs1dFjpq3aBZ+0YPS3VvIpjPcRsqWTeqdIO+14Zubi8k0KUjq4Km7NYogBBNLQwwoTnPHGyUvXjC8Mc5t8hYnr+kCG5kQ3WjcS2UsOuHlNmcA6nhBXrO4HN1UAg9F8EIQDuFaIIMay0Y9MKVefBA5UwGKviW0CmWtz8kInURgtDENi0oz1YtXL+nk8x147bEWCQq0O4NiLSIbTNB1DFM0aIqTJjlMzxOIOoKYpgDJLMvkXuCLrO0jEF4yIdRlrSr6aESJuntgMAXyDsQYlg4/MLYEN5cUN25QYzLBJ4avp1rXlHwQsPdIsJ2cJEvs+WN+ud6BgrdvBDw+1ROttjKgGR0XhtI9WLteRkNwEIsxRAWcQ5DsBR7Y4Q0Uz0DpMHifyKrEPkM1mNqVedz2jFS0XU1Q6hhkB3dKVMV41lEghvMhEENDO+cTfR5MWwBMRGHB2aokA9AGi9XA0aEYUUSKSo29EAmkC2GnJ8MRBRUcKgp+bnQZeZzAGczynQfzKUoA4pRqDGAipMAkWQQQ1iY5lUHS5rlt0iESmgXGZnnn3mp884I0f5nje9YeGC6S98/RvLpqff/a53/vr3v//Rr377wb9//8dP/9RRL3w+IIFWCJC3WpmUc9tnDj76af/2wQ/ce++DJzz7GXmrSWUp220iPb5ilwN3WV1QmWN2458ufuTxxzXKhUuWQCNT5UBrXZRKNhrYbKrtWwezs8885fnHnXDi+OR03moUuqSi2PepT/ns5z7b6w8a7aYelO12+9677jjj82f85ZbbX/viF776DW8cHxvfum3b9771rZ/94ufPOObIV73mda32GJWq3Woiwvx8f8mK5Yt3WaY6nfm5uXY7n1qwVAi5bs/dQWNnvrt9drbXU4Kau6xYudvqPQpRbpvZnjWbe+y51wGN1mR7vNlqdec7Rb87OTZJiDQoBQJqLVWpSQuZAaIWCAK627dtm5ttjI9LwEKVoAEzJA0ohCoLIbAcH9tUFls2bVy6y0ozGxIAkFCVK9es+sx//semLdsWTU9NNBqymf/p4ou/9OVvbO50n3PSSe94zztntmyfn++CQEG6oaHRzhEAZaYyCZpIE5rdsMglJaOBEcYCL1hjGT6Ja5ju3fnQfm3pYPmC4U5O/5G6Yu6ji1lH8a263nb0/ZUR4gsrR5JWS9QnYeJGwHwqeCfTlzt5DW+sXpENGaeVOEO8l/o0XSVKkbz1TXFouUeXAPbkqAcIqh5y6CdyQYkFXhN3K3Kz6+aR2/3VxF2is3eaBYeg9MlcNZisDSLvqKNRhL0TMKTdQT1NDrVfRoAXO5/2mWttaPlq45yQ63uyLQ9xJiqLAnZ0PTlJWNNhNCPp+UPxEkT0MNVSuWPj2L1wHjhG7xj8IZHFXEljYrGIUWqIASAQurWE/hna7RLWN4zCea47RGenErP5bY8AzMdwll6iErjLR+6rGNawQ79pFtERFHoHhlyazvlBxE4K8Q88Qg0QzNxnJGmJjU2XHyXTZ/Zhne/k0ebWGEez7KcTjf/jT26xgovlc8gVAPDHFgZQEr8pDMtPiTmfAU1HFSUSppNPRwCVjdqB67t31BSGCsnFFzp5HLtFjhaX1iVl+AibOZ1H4PKwceQPY4ngvQe/QTSQgAefB8spUEKgE0vABtnpHmEeQ2QjJuAhBt8Dk+rklbK3bgLJ+KLo+kAIyWZ3BAJS+DyRp4cElqrYBOe2BvFBSBg9c69ENT5XHS0P9zJ55e+HxVbT51EoLVLYlqidUZIIQN5XIl7dzxrlb5DtZBw51JCdY7/WOByNAm6YRI5s3MTGVMTLW2aGIJzCpQ3UKJAIJJCen9elAiLz/UwpBIgGKLLCGgUgWpsmYDsMNDTsZsqwuJF+fJJYBsnLX2+Vhym1o0/MWp8MC20RAEJRQLt14IEHHrlhw4YDnvLBj370vN/+eq7bK/r6kCOPfeohhz708KN333XP5s1PgMy0Ob2cADRBo9HI8mJAhx5//KHPyEFr6vfzPCdEDUL3B/1ev98vF02OXXf5Nbff/8CuK3ZZuGQJAopSI6ImAqQ8k7LVgu2zedbIFzUlgUDRaMhioMYnF6w/+hjIGwAAagCykY01BqroFXr9vusPPv7phktuuOqq//nBD1cvW/HcV5wKzSb05kFmoAjyDMpS9/qg9XNf+pJjnvmMZiPrzW7funnzYL4/OztTlkWWNbJG1m40cy2yhgQUWoDSoLUWmkSWTyxatHT1GgTRGm/pTkdIiZkAp8RKpZRSAHTLddd//P/8+6Mbn2hkWWd2RpCQOQJpmctSlePtiULBo48//rd/89Z/PuKofmc+F1IgkBB33Xz73Y88+PTnPx9F/qfzz+9u2XT0009YvWLXG6649jtn//bu+x5YumjxQcccD2C+3FNeefavv/PN777vH5ZPrlpZDgqngRCcXiHwH2B2NGXktJFqQYU6orCCygUAWZ7Jm1heN0PEkHVGeNA0kUyM7p1uYnqY0X7YIk0uRI7uTY1MdE1Q+sD8IG9yMD7wo0LkPtXw1RwOUhcjTSzsWglJ6SyEkol0rYwqbTMJBaZwskmqjiQJLPpp5kMkCmHXZFC1S2CC0uZgsNdRsUQGQTQuP8dURVrIJ4AnDKhziwj88SRGVzshX9Evw1zQKk1XZ6cm9xthw6gTa9LUQOlarKZM+U2ipsFDW6nAMZYO1o/IGxnxcAhSIqltJ4KqouU5ZtKBWoFip4SiDxlW7C1kRjRDJrDpiFFI9chhLBDoDC1ZJwxi/sFYdPBhjA4tERFHyAjwKtaLY2HOCm60I/zY5FXGh5mGiDCSFMNG4qU2stDlkPxtADGKcMYMnuYxIClYNyqHkcjOw3DkIoB/7XqxNh85uomASscZlA5xAwn98D3m/AtjOUFwP22JWINFAtHZve4uAoaBFuteBmO0tI2hJ6ZIsPLPeM4eH94YhBTRxsf2kIc1cgDskBE7utEBElfTkUz0xjcVYHB9haymE7XsEFp26km9bA3zw3v13aH7CJZpGVNkI8QNx9njIZqXjTZIE4PxSEZUa1e+cxq5qFGNZJ5CiZhrPHWG5qy+4rNHyXTELEpoPvpo7RYjHkCg+xRkOhofh4qcXgAI2+iRlY1ATuSsfRapWFczEtZ8SHGpnXiIOKQcGITWZp+rUdKaNrB2oijesc5nwiqUIZtKmXInckGJdFlF0FteYlXkiJskO9coBGYA2hyHg6A1AIB0mg8RIHI+me1d1ULO4g7nYgP6I4QAorXz6GVe3RCATbDj30jIa5KoURP1+scdf8Ieu65duGSJWL5s+0xHEjVare3bZw562mH//pEPb9mybb8jjgDSJBABhUDMBCBgJkWWDZSmQS+TEltNFEgIpdJEBEotWDQ9s3njlddevbVfHLN8+fIVywkFShBSAqBWzi2SiID9uU631xWNxsTkdGN8QmnqbptRABIIAccWL9p03wOPPb5x0fTk2NSEKnqq15eatm/fJgBm5nvzm54QzWav28uajQxEM5OQSSEkIU4tWzax62os1IVn/eLrP/he2Vdqfj4DbDVbIpOAVBZFI2tkiABQ6KLUavPWmbnu/Euf//z3/fM/l0IgaQJE0o5ZFCBqoLLow6A/P+jPdubmOjN7rlu36y679Pv9XArSJWaiVJQ3W3fce3+3LEg2AUC12gIhA11q/Yuzzv76977zX735yUVLXnnqyyYmJv7nv7/0zJe85M3vec+Dj24856or3nDamz/24Q8efNyxuZTzszNf/d9vnf2r3y9YvOzdH/wnobUAAiQSiMoK8WiTe0VDMcJAHjplxMJtpxqNmF7M0ItfEOue7XqyRStKLIgubmYQeG4Ob7yap0DZXOE4S4LC4OqHEVwRINBOG1YKWeAiUBEAtNb+PnnF1QP66hWXMrK5K+1Epn/sRwYzvep81o0xhS+5uF6siOX6SnXtUKVIRaTXT4RHUWzU+bd8YQglyKCKIuPNEjCr2OGTquAlcc6Ki18Ldu14IlOgujt3uL6LbSlmLDsvrh7UuAUPA/cEImcEauhwhxclJOrcS49hABBC1JS00ida9Fgx0tgDN1PVOaoZBUaECzEZ1AwshS3dXZ70OCw2lACTtl8ZS9SBE14RFkaK2do5yhKDdjQBOx7gOYNU8Fd7qnFc7ULDmiDc0Cpg7RYAdOqJ4sfV0dWwFbrTMcw8h5WocejIukfklQx7ieANQyMJECLRUguKfc1BrYU5JnAHhe8HPG/jkErgrUmIVJGn60QmJ527nsmRdQp40K08/+/EYTAqKWmyOs6dmjYnimJFBZDY29ZBTRepGlRg3GTopFavpwu6jZ0QMpuYvOCfM2VFfCvE0crGUh14itbhuIv30MW1R16WkCjcOzkSxhePn6JHBEBurzCh2YzttcUweENT0cQksosInfYCtz3dFuabT5AdHxdHGaEqSRNToC5qG8e1eVqEgI2NIQhYgbSLpPHa57wJNodoFa57E3qun1UMr9NG7ZtoAVY4+TtaIBA1r8mqZC4EwdFzYMUoDAwMFSmAxOVOHfxMcjKxGmCya00w9f0ZIREQgNYCgHr9PM/2WL9/Z24O+4Nmu5lJgVI2GrnuDQ467gQx1hps2wbFgIQERDtxKBAliQwzIcCpBg1EShWlKstmoynz7A/nnvv7i/7YEPLgAw9atWpVb6471mqh8eaAgIiUUvPz+fT0fFl88ytfv+POu972tr858pRnlb0BSGGCzePT09TtXH3VNQ89tvng/fffe+99ZN5CDQhaCpAAKDLRyGWjkWlqtNuzW7fffONtqMq9918/vmTpoNvVpQJVXnf9LT/51e8Fwm6Ll7abzV5/UJZFAVQCZgANkU20W5OTY3me3XbXfZvnO+sPPKjoDyjPBQJIKcwMal2WpSYAhLIoqV8I0s0Mdl254uMf/8i++z+lM7s9l5JUSQh53p6d73zyk58866xzSBBpIJlpABTUeeyxP1199dbBoFR6weTk9OSC5vhEgUIDHnDUER/66Ie2vO/9d95993VXX3vYSSfefOVVc3MzT1m//28u/OP3f/CjZ550/D6HHQ7z89qYfWCPOhitPSIJRSF+wv8Pjresove0XCF99BQ8hI9rn6aKgP9rZDPycbi8FrEz8SBwfBCeoRKixYkZhvbpDiAAUYHVBbudVRNMtDDsSOAOYdthVilvLfyqlEnsadNaRVAn/dW0PKK8FRoVUV9zoEKkR+raGdULAzAdEW+TvMnAiazqslamwGufCoTW1kOGh+oa3vB2iArjXfgqtS3EBaLHdYgOhwOZPmoA8+nT2FmK/CIPpFdzdU35irwAT4FW9W+cMebP6gpX6vIM86ihPZkL2W6gUZ7hiBO8WBnvOQ/rK3lCMeZHMfjOXcNEx5O9Mkhna7RRxWc0LZZmPl0JYGxQDaWkSdc6M9H3zQx7k4MhBMcLCVRe/AaDzEobtlzWlamwRFh+GLv5/N5KBaLwgQtvNPECTNmggzlFUAiV1KgKByo56MGd/Q6AQBrcClnbhTf8zLYtCBweCSaOW6bvvUxmjpMDwy6AcktvqTbbaTvG6Em1X77RlqpF7XOuuMxI0h59ng2jA4l83hkAE38taHxwVoJbVB21Ch5x9jBfADaXbhUT1uEAIiIMiWMASOjBQWJsWIcZBKBwEFGSKXLoiSOKfCFKNHF+HhPGjKGIHlpiQbTrihguLLMRkAAUjHvd/IAvi/4orYBJCO+T9Sq+JRY1jOCqqgT0jFd/JVqkKlWqwidyOYkcegxCahILVYfWPwxt1kn6MI8E1uXzGQ+w5gZBJKgCSziQkvFYzcUCHMQG5LDteYFcGUKXD4tyN57WHInz44XYu3SRcJjqILcCTaJbzRx0A8MJWeAw9OYgg4RWHT2ar5WARgKgUg3m+6BLlEJk0so/RCGzzsx27HZJYANN5l6CyXKCy6LZKUeBILQCKZrNpmg3dVledM5ZX/mfL9/zyGPH7rv/8170otbU1MwTm2FsTAohhdAEIs+x2ZatlpycHB/0b7r7jh+df/5xxx175AuegwIzEDKT7UajHAwu+OVZP/nlmYjikKcetMdT1lO/j0RUFuYA2FzKZiOHRg4A2dj4bZdc/Pf/+I8tFJ84/VPHvvhF2O3kzZYa9BYtXrCoka1eveZjH/7wkYdt2Lhxs8gyQkQFMpO5lK3xsYWLFm58/OF/+/CHf3fBRePjkwIR8wbpEi3SAIiU0kppAqHKUpcFkO7Nz2fN8d1232PRbrsviqlrqju3aGqyrzSpUiMqFLkUSuir/3zttTfeuMvSpXvvs4/I8la72RBywfQCmTfn5+cPPfkZX/3mV++5+75Djj9qbnbmY5/45EOPPPqZT59+yknH//Lc8z73pf85/SPLFq5aSVoTuKUURurErBMW3VAgMbd/wxEUVOPJTjmmMStGQoH23OPAiCzLYAFw4WCnXz2MUVDcP0YnCaNOyVNvRPtOiYeSThxoHa2UMwvi6+x1u1BoxCokB66rwsYwwjClgJd64zDUpSC0hgpfflpP5MxZR90KKytHa21OL0HZsrWKDclvhlmexJtzndVaoWH2I9mEANyRsGIugiRFRxh7HSoBwG5TQmfyeInqohA1blI1XRS1it4eSoFIHezIeoAEITyzNsINc9G9dFtsTTY1Jr9hTdWr8gqtViYuotyk3RqAAzBReW+rICtTC2dt+54Y0ieuwVq0YFwyaOeoo1iOVF3cCsH7nxFKXfsJk0At2hlgVQGSlKmdVlM+qz4aceGQFWo7qDXSRtzhFVkznkLAWmdBZyTLY4bxBavgVdMoCJFBEBMxt8Jcn8OF/pDDY+yJtw5JiY5MYpeJ8ZWqsHh87NdQqJLyNWNNS6Z+WqIsw1+svht1ksGoFAprJZYrNdrXv2SuK8W7N9EZK+DNYKeQfaFww7fyJKDVdl0r6AD4dHnRGfqsGz5BgoBKl1GPoZrz0a22xHhu6h3CCCRXmPhTe0IpUFDlxDkydt/i9mM96GtgnVjHHUqMnQs9PtkI5ZBWRrVfCeJU9MeQ6mQI1NpqTmwle9vBRXiqCBmGHVOOhpo7UX1y8sWuGjBvfB1r+VhAYmVspY8f9I5EfJ0YivmFw89t8agVZDQfgtsWjVb/Cdls6D4BopQSEIVECQQSYWyMsozKAgAlCjR7l61FpVEre1SAQNQECAKgV/S2PPzwb886+3++/rXb77hrtwWLT3v9q5965GGd+T4IAQgCRSZFqfTW2dm52dmeLrtbNj/20P2lGixvNMemp0BTnkts5GVZPn7/fef+/Jff/N53br3zjqfstfeLXvqyiWXLBlu35a2WABRSKgAg1ev3NSnd75MqH3vowQcefnjR1MJupwukkbQkpYmKwaA3KPvFgFC3p6eXgGhMTIisIaQwhESkSKIuClCqKAYICpFQACkAAlCEqACItGFlLEsNpAUKpUSn273t7jup3R7M97M8J9ICMG80evOd7tysQKFJk9YkMGs2H7vr9i9+8xvb53unHHro/gcfcsOfr+0NStLF9i2bO53Zshj0twxWr1+/bsNBWtONV13x5xtvmi1KrfGlL37RL37z21+cec7Tjz3u1De/SXc6IIQGkKTdUoigVpnWHk5qw7XvsIRBIgJj85wrjLoVra5oUNZctHlwmOUbBuFTthEIw7mcjICtSHocpVLrLqbo4sHjDg8iqr2qPn2K60QrpBZtbaMepJ2qxC2E2L5PXFD+/K+yY+sxU2dcx7Nq6g7pMCUw5hUzQ9NDEK1oY+bODpb2/HXakJIbSg9Gqg9VVFYVRXMBO0MDaTvD5ovnFYfCkxj9O3dVxQXnz6oYGu08/9WX0WoJNEOFoM2q+OlymNkRDDsDYk2wfsjDuOVRbWfVpLAHKPJMasvEs25N+4pXTako8QyW5iGTAgkkxrICZz1ReGytOHMqTlgnydWAqwY+lu9lcSLoY1gcAOSrhBQC8Ia8tW8lcpwZjvv3gwfwSRW/Ghn9YlfytRhCYggdWfIgE/pFSM6yt5E0O3BmdHr0+gUfwSFiMKLLDgBfiMrzo0OcDY4nzxbWqPZoJPcw1DGoYEhLTmEBBLfy1ebAWAEz7S7NkoDGskCOWx0amJAN43Ot+kWLFk8BVAeDybhSaIjZJRx0yxCe/hkJ+iysiZgGJDkwIwkUdLufajenXPU7bIWKDmFsxaxHYLL+061CpcqoIkCCO1Iv4ROzj8GNAdxY4LDnrlZsr/Gom6eTuiqhzR0FXH2nQU0mphr5cqFBB1i9NCOyh1nFj0PLQy+XpjAzgOGBN/sScMCRMsYQGxKwQoGfD+0I3bbtgLSRX0pad+l6ihqOdbIHgA0hnprAcYhcAgEAskhgdf4ByIsOBMeOVg+EJAgiICKCyGSWKylASJFlgIJkBllOSgEgoACTvZcCgJAIlSJAEAhKk5CI4o7Lr/zd73/3h8suuezKa1VZ7r5y9Vtf99qXvepVRIhlIaUEIfJWu4myR+r7P/jxrTdcT0rNdLoPP/rIdTfcsGr50iUrlkEmH7vjnjtvveX2W2897/w/XHblFaXW+6zb451vffPRzzhRd3soEEiDkI1mEwGuueXWz3z6Pwh0f1CoQXnL3XcWvd4e69fstsfuoLSQQiBkUjTzPM/E1u1zP/7Bj8/71W96c90sz1BkQqAUUmRZI88aDdkfzN99/30yywG0JTetgAiUBmGRphE0aK20CX5krebjDz30Lx/66GS7rQaDRt4AgDzL80y0x9rX3XZno9kotRYIQgrI5BOPPXrbTbeuXLHiGc94Bk5ONfNma3x80+bNX/76Ny665JKyVK1mXhaFyLJGo3H9LTdt3LJl/T77r1y7ZsHE2HGHHdYan9hvv/2oKCCEtpjtgfZICUZQ4YAWn0QMtOqkX5xTD0V4OKeW9cidcBQsB3KAGAYKKQiIBAx5iMCxoJWllljJqzEr6xkNR7rY9u0r10FK4Hw8DBo7XSPg6/rHsWobnSPdKVnqvwHDytkJiJxSWwc44uO4P5cSGI+ZwhFLRnszvTzc6OfudNUyrnlem7pxzz0xOIOepZjYPAKkaQFvdPmYcFQ90Et4bueGa23W0A6gBYC6VT9VhwFY2JdZDDWqOtWVXhEbzFQSbglgBhlhLirCvTbqUU0VJiPigNWRhGOmOEc3LE1XHUjUu/eywEubRPnVX8OQ40OftYlKazO4H+BGEhDoKtsiVsZELUYDMYGDKg34n/60ZDdYshoakiojghqeNcAvKBwpZCDJf0ZXEqLgqxyG1Yh/jo6l1eK99knME15EW1nmVrZ4g4zZJVWYYnb2lgsfK8ZlESqNeJi4Cwvu2Far4oLEcY3w1ZiMb4GSZjknGcUVIl4EyFviI4twGLVCTglHLB1vofV/fJ6WA8bUFXJpW1WObtFlQEu4tWhhpf0ExBfZQzO5AcwEf82oYz/X+UtYhY656RY69HfRDace9DNj5s1NbFjmygCFsJTS9e9UNYM9UEc8/CH84iV/9Y2V7gHmmiaI/euoIUZmWB0ZqMUXBn/EVqV/ZL44s9k8HD44AjXy3XlRDMba8VclafK8ipZhBkdaka9OqbTJBuwld9RZHGiLVkmnMLNyviq6YAiF6oxKEqkIDrvpDLMDnhIkMuEVs11c30iYEE6iSLBBcutw4HWNZbpas8MyDOeTii7myGE9V0iBHKlz3eAI36lgYYhbghCDUs33BwOtIMtASlEo25OQ3V5/ptfv9wZAAJqgKCHPEBQgaAKNKBrNy6648jNnfKHU5dqVq/bba/eXvuBFJz/vlGarWXS6eZ7pQtFgsOeeexxz2GEbz7/g1ttuu/bPf5FCNJt5M88nmu3nnnzygRs2QNa47557//VD/3rdHXcumJxYsGjRQfvs+8bT3viMF55CQurBAAXqopDj7d322nuPlatuv+e+W+/8htJKSokApSpWL1/5ohe+YK/1+6tBiVmOiIhioMpuqVW3c9PNNw+6c6pETVBSUWrKZJZJ2W41pBB5M5/pzGtSqiSADEoCRSgUKA2AIKksy7m5mbGxsUHRp6wxP9/bNjOzfa5z1733gpQZoAQk0hkKQAES+4OiKMtef4AoMhBQluv2O+BDH/m33mz3pJOejqpcuXbtCccdd/Zvfn3dDddd+qfLtSYpRal0Q0qtldJ6zbJlr3jec3ddu6saFP/n9E8uWLxkxbq1uteTgFAqswg5ptR6IyKhEE9eTv0EcWQVSWLOh0hrIFbu23K2CVTGhBWvTlF7Tn86ZiYnQoOWsgVdOYTQg+/b92F26GI8WkIAwUECBEw2CLhRc1axd1xa+VZHmGGUxCWZHPbRRF53x5Kcg84rkkjUZGxU1zQYy2SsXcdYt051dGLKxdmD0Qa+DkKE54QUKkPiir7GHGcPApDEUcqpsE4L8zacTzjCfxt+1SMkVTqJa2CfuVPx6xA7zGkZBljV4STnCUfz6yCpm3QzeQ7n0XSNmndeLjg9ETx+edGOsVo7CyOwgR63PovCi3nnkMcOAByF8EidC3rHVULpBHgPRjI7iJzghvrtLDngD2Jxr0fhJPI/Q4jJd2qNCOTmCbAp9AaPE51cwtvBM3tl5yZ+2GWDfpHZwi0uLjGirYDca4Jg9vn6VTqKfB0fWUjFTAUJ1gUNEieidS+useLjeemeSG63s9OQZawDIhjCwgwM8RlLFCnmI2nt3gcdShFSLDZ9V2zqYxkRWd+QXnbsZnh2MNWVJPHoo6gAn+Ka9qvdeY0Ziw53ucxedLExO5LllBMaILDGskFxuvrWxptSbRGJh1rl63tI1X1Un/icem8/3mURj8gVYY14+uAqz5lO6FnfG0hoH3rJQDw1QS6gF/Ued03x4NBH9nb2qpXmo+Nctv8dFeB9mAqhi0imhe1VNfE4DLKi5kXyhIg4CiInDW2/XM04CRu1yssnHaZ2Atll6AR+ktGP12lZ/zThjtBHpI4igrfQOXJkFlxsyzF4WTDBc4S1dpyuhiAHEqOEm4fmgbAoEo0ciMYmJp560Prd1+3ebLUBMZOgAUhIKMuxPN9n5ao9167OMwlFSaRRKdBACCAzGAyg1Tr86CNf8LxThJTPfe6zjjrssAXLlvXne+V8L5cCiwIQVGdulxUr/v597zvowIO2bN0GAnQJKEgi7LZm3UnPedaS5SuoKNYfcfjJz3o2yuaxxx996OGHHnnYkSv22rPszWNZCimpVEAKBoMjjz3uXz/0gev/ch2RKAYDIhKZkDI7cP3+z3vxi2FsXPcG5rhd0NRo5CuXLV27auWLX/D8tbuumdkyozWgBACBAhBlJoUE0e3OXXr5JTfdfNOaVSullJoUkgZFSJoUooBWs7HrihW7rl6TC0Eom83G6mVLd1u39rWvec3qVauoAJFJ0lpkSASz3bnf/+53117z59W7rEAUuZSo9fTiJa9/x7ugVNCfh05netHC97373XuuW/f4E5uKwUAVGhGEkHmWIVIjb+yxbt3JzzpJIGZZtu9TDySty05XSmlFDFGQEzyZWNEUzJ7gajnassmOLbNrq12VyG5BhMAWGJquE9C8BSd+/RZiB19i6YXTB3zKv3ph/K/RKsGoq7+4wnDVK8fk1XQ17F3w9axNWbMzkMEfce8wCAMsQdFUNj16ZLJ0gjdD6jcuRcNxBjDPwCSjSmOC7lVi2bqHTslSpBHYYDgAsUnKAWP2FFP99m1iWoQWeEmK36LfEFSHFuYtPAmVBzs1lRDTRyKNh+XWaltIqlRgGWUT8JCEcUGHOb0+kVzXioHGQVU1WJB5n2Gh2qih1YIxgnlhCE2mhoI/kdFKhR3NFHNv0BOwn6/hDiTUmSkQz3UwC0KDto1gUdS0MvTKWPjf2QwQSCDBOMuhJynp+mGBXyTiCpI79jZplrcxlIKDbOZil/xSlqCG3P8iv5FcDNLpnOqiU4w6sm2ZKhq1H5bzO8xvZr8zSVRtyhEAfxT+IU7qDmWchbhNhhDPsZ13jyArvjmqGXJcI/YsoQhtaenQvL8fyvDhoeeAUJ9ciCSyWL1sDuMMGEQXbUzBILeaGGPLmIBh3hRznjNBxMXedqhyixPf4FQQIi/mlAdEoLnWwmAY0NzPikJU4XGs1TzMYE97CitwyR7LQraAd0U5AwSEpE/IdxPCFYGt0L1kXylytePEPAo0x5Rrm7JwqX/h6bYqg8LE1JlILJrOcMXgq5XvLCzq4eVqY9iimtrLyezkqYtEopMGFvrImPSiJjHaQoree3oMzVyOOBa302uDNQgAKfSWBxkphalmPQNTE7aQlyLBwvKy04aT087qCNaLVXLtJoV58+kAmFvNo66poeUxHfkhnoEs70bCyETEAbNGDt3OUcce8831BwmJixYshKIQQgjSgACduZOf+9xDDju8mefLli+HzhwSodIggEpA48d1Ogcc9NRPfPpTrVZrbPmScq7Tn+0IRCkzUsp4OYKgKIo9D9h3r6fsVxRKa9IEUspGoyHHJwBA9fvQ700uWvTuf/yHl7ziFXvsu09z8RI13ynnOsKQU1kCadSkO73p6alXvPpVL3j+8weF0kAAmAnZHhtvTk0AohoUQiCWZgGtfubJz9pj731arbHd1q1eumIZlYASQWQgBGTCpH9BKT03e9TxT9vyxJZdd90VBdg9rpqANGjQpDc89eCvfPFL4632LqtW635vw6GHffGMz2XN1uq1u+YLFoBSmEsQGYoMBIIqDz300Mce27hy9S6ElCGgQBqUqtcDACkkAlJZ7H7A/u/Ze8/57jzpkkolBCIJmUnSlOVS5I1ClagUApQzHRRCZDloioS5twQi4z3hTv/cx98dW0S2SSIBvXCNxbl54rWuXeqDzoyw259ZcBntsVvuK41Oc4UeDUUahzrOmMQrZL1urFGnZNnF7cqJXzHLhb/gewnNOEDHKIjLBwYi8GvwXbtVX5EnRW1Qi4nuqAyT5aHJOks+sReclEnEXzpS3wtbIMasm8pDPmBMtkRQfLqcsT1cFJnBWRs/QA+wbSd5Gf9kWTX3Fit44h41VxEB3HpQwLPB8Ku6nghrXzGLPBADWjXByYBqaqRrYr2mTkqmqx1HrsVFpxkTP4VXZN4pREqSkZ37JjUF/MfEw1FrozwUPU6y2UPXFAx3F2vDIklUPU1aApOA5FaHY4WceLPeJeQ2iZsMZ+aSL1bhxJoJiobB6BDrMgpcP1dzBiz/WUNOzl30BSia+yGeIqfgqtAYeiX0GsPFSAgAAIS1llLgkyexVEenS5J0vP+nsq6AopZDQAv9UbDAKYK1w5uAVN+xron/YPAHdRkNgEEVVSaoPyMh1IynwjmsI8KxlRdkq/kPI6eggmP7qA3nycWNu92UlJzwQ5WJY8IR3BopIwFdINAj3EFNzpyI5si9qoPbVEXffxhPKlVMK7XRx4Cmmi5CvNPbGkZ8OJeLkbPVPw4VDEfMGHD0ZPHmBpyyBIayw8BNYB1SOKgAQBQShZFjLFuOCCkD1V5Wi9SoZt9XzSJbiy13U5WDAV0Q3fzV1wj+CBBbIZ+K1x21TUCR98la5D+qSEqb8TLJ1/Z1iADQ7+twwFItaXBucxE9LrqqUMTCJxIZiaijtIJxGJixUjuyVFBHdX3HXt4asWD/E1rpsanpsSXLEDT0CypLoRFJQ1lSWS5ZtmzxmlVQKpjv6kGBCCAINAhEKBVkkog00dTKFaWi7pYZoSjLG6hKIC0g0KEALAutMgGNhhCZyIRG2QcURSEQs0aORLrXn16xfHrNqsF8v7ttqwSZZRkqBUVJZg0lEaBQRVlKkS9Y0JQSpAAQhJKQ+kRSEwKhticGCcTVu+2xeu99oSz6nW63W5DISAOgQlSgJKBGlAAgx6b2OewoFAL689TtoTb8SjYwrGjJ0iVLV60ETaosaDCYXjC9cPnyEmgwPyg2bQEpUQoSEmVGiEKKRevWLd9rH1AD6BVCF4ACMiEpt5a6VgSoilITYquFpFApAiBNJSJpKohEr5cRCgREFFICug2exJRAmGyAyJ+MKYQ99+5EGpdP9V5Mk0x3+McukFSxORLyrH3g910E3vLSzj11YioEUAFTy8ML9VohUb2GsWetHueBPM6qzNd6cqJzOIQceWyJ1vCWnK9eJ3srg7Gz9ySBjSCg5IW736l8IAONkd1wmT3KM0QnzpIwZRwir1VJnOBt5QpBscJskp0AHcVgdd6INwHr6Ct1C+qzfMy/2pkVTBaeuMcdkavL4tcxcfCagIcEKn0a/ow1a0iIVsskAO/EuHYYL+BFq/dMrXIYd+7yEPKgXfVgxco2pSd71frYAJCFSUqzDQ4eRteYHJLmHWjwuoNRczrvlnxsYWaxJaGLFHR3LDvTNdbe4S3HjO/MfE98sYHkL8fPwfgnYMVccyaR4uksBE78WDXF4/c/DBjMdOYYdSBFLkmAI3rADE33OZBIijIexmjRShqQs9ghwMgti8J/4Kgh0d1uniP7jyI8WkuXwxACmDxWCWAPULUDQ37qYWybGpzbtSdsJSiaNkwrtkun5pkxEaGTrcuNLB60vUV7T12VwHxW1iOrYcM0dqK9T8CXYjNznoCArXC3tIfoPYRAWc6iMjUAgXUSL5z2I2CDiciYvMMeSJ1RKZ8jzqT+NfrVSA6vwqYdhkpO8hGqVLy6JSIe9JDCiGpHAqHWXwkLqDySLT2PDKN6aZPEkeNAX5hujPAZXG7GgC7BTmkbtQLbO3jE5ziIGzNJjprMNET2EUCY9kAn9oGz6MHlNUM35GuDP4rICx8b9HA85ic8AsZLNY9StKvC/IZri9doPUMcx4wOhSdL0EHA+cYtoxFCbGga2Q4Y6U3zn2UtFHpQUr8AQCkQEYXWoDUQAWk1O6e2FujOyEWXpxJEhjDNUmXVHSCKLG+gVFAUaOhZoOE+M4tCCMAMCEETlCQkgEAhJXp6Q1T9suwNUEjZaKLSVBSglPUDtQYAEgAkhCIirUsCIUAIQA1CokBAMJCbDT2gte71tSoJQAghskzLjIQEgSCEcb+tPCEq5rpYDITd7qABAElbRBLo/kB354FQSIkI0BsUnZ7OMtnIZbMBUpDIMM9JCKN0db8YdHoCQQqBCKQVCbQzoJQTJ4hEqAhKQqWtXyjQUIogIZCi7wf6CXXa0ZGYI3LiAXoHOo/E2SRcevBA2MseimJQPIE2raIzMWXPh8luSqsWvOCnUCaISdamh95RvHtKznTlgCEG4ACYbHe85mWFuRfO8ACb5aGkQ4cZCChhg3X2HnCZZ58QQ2PQhJGehKAeAmqZAek1SyL53aIr9wNSS5dLCfQnSUQGlzPC+KDY8IMYcYogKRxkecBANApmRyHXYQE1HmlB+7vCDmfBQ2OCLsGVH6+lZqefE2+oPgLOIAnmtrU8ADHAlsDMgqQY+GCEB8i+Iuas/ZjKrPh27Fs33nTUDJIkNZpUDw4CsHmKgzKUdufZPkJiQKWnlFAhYlob73ccHqqDIyzkXFOZIIYWJ0lsxniYG8ZfJXjg5fwqn4hp3NqR2MaK+CVwa4zPyGQxMUTfuxcqth7beevageRDsDXSIhJHfLzmJj1/qEZeJMwQn5JUZz9x9NR1/tdf6LiNmzJGUFMs2+xLdhfIiEJFcmMMlFILs7fJYnPbMSBw3gBAAiTvNYfOfREnwlm/zqQKAtT+IdYCD7FBCqVLAlDlDUTyOFhysa3nZ9FqyJjpvD0agmZhNUM0qACDI8fIsY2niNhURH4Ag9wqawzBBIAoExiKOvTGsofjiNEAf2rNA2tCx227la3k91y40YduMPl/4mcnojDWJuTHS2zkEQiYlk/Vbyhph+eHUIHEp0ot5h21cdpOsr5pAENYGNCtSKulSaYR6uYD3Qdd+MvIIkgkqtd/VZMFo9+RtRL3yKvvVNAR46aTK6itnWgqadUrdd8UR5f7N4RJkOOJ81itfIdw4CJRBUwmXWrB84U4cmMqiqoSEEYWYsrnXlSge+9ehOnwLaaU7aKT4HJlcbF0Gp2QEAIBhKF1NCYLkfWYG5mUAgmANBPQBgYynh4i5VIQACmF5iPLRvugAAIgDYAmDIO8SzScpNCIbiIAFIgNRCJFJaHWqO0nRoIq0oRA0mzxEMJa3mhW2yKAFj7QQwAEmEkpJWkC0AAgiEgrQOmsGAVengnALAOlQJOVZNxfF5mQmYsiESJmWUYGMaRBI6C2dQVaGsykPdfCLLxXbBqIQGskklpLTQDKTjUBaP8RLJvodKQbyzuMSIW8hkhpLkhf2yijAQoETEjogqhBAcIwPYmsYlDu4UTcGJRIpLM7ptVDkYB0734mFw4ByuJal4EAOEemQrLacAomVSRhUgoD9PXwPIkrrswt2lgzOWHjlZvTMMHkZSNIEWiZrWIQEROSMUwYa9taeCO/y7kQaQW+MS+04hwFIK62omV9kdfLtWdCaDt5OZeB2zex3k78PRZcZoONW6ynEPfUduaVdexV1jZb6+VW1s3W1WXgVmGKsnOxxxIvpUzoKFa7EGyRSs7Gs0SFomKLJ3TuaBe5dTTMyR+BbReshwoJWcKsnM4DlWHZ0vwXj+ZXLCsf+eWdMk3t3MAaDooovNYS40PIXIPVJursDN5Dyo3DMOs91dgKfVIM5skGwcoC/4IDGwwgqpkA9G4EbzcaplfyPG9htJF3PqO4RQ2ovk1KwQOGWgzei6Ut9AA5p4AC1C5PUUGJc/u8tnQKOe7OtDxMdbAQDuc7J/iJDSMWWglQCPEcm/eUFucuV2iVMy54Re0bjrcphKcxIC5ijG6JPxPtHt/g1FuNNKkZJ7EGPJrqa9iBVCxicnPiaTdWjYYAwmjZPk03Un/HotMeBSm1I0SocT9tZtrXCqHggCgb4Asc5ssQWEYAXYMB3pshGp+0stFEFj3wbYfYaqTMhlwUxWc8CkKqPYmCDzOzIjlO0YsEAOTcVAtPXVS7pkwSOAfHXQapjh+YbZY24+FJL0bqtXVTqUGRpGOvyVtMrLRFKFt+ANYHZPF2DKtHON14O8cBb/mOBfKY4RUbLtxA8PDVGkOBoNlMAGgTYrGb9okoiFBE1I7BrDYxAh7CYmVwXqhJIGgCAhAYtspqaRFh0pLGWCcNRKh95NHiGgkANCpN2vqBHPeWVrUOTgqWiIJxqqduPjWGfYWZC0PoqJVNfgIRaJNcdcNhAh79vJBry+PceoZoyJIItAYBoJ0MJi8RrU0UCJoIyDrYYLbD+kyFF98G4eYQcbOQL0wBBOJgAQwHtlW+EYWQi5sGUrAUagYUdIuTczXyxelZ8CND4CBY/Wv2ciWiNpBk7T69mqv2peMIZPlXBzE52iItec+eioi4kTrMxCfHI9WSLOQdDYkD7J8mySjuNjiPtX6QXjjXis0Qd2Dmxui4Hpf5LGwRZD6PnjlrmE8z8CpcfGP0ywHMxHjaDk8DMb3mfIMgRGsHkub33PBHuCu1lz/tggPlh4K14IURuVfWAGBd82H63RzBdgij4L3Azr2CeMqSKslzYjfe+oucTzZa17gHPKA3JTlnHVboDeMh7sCBBBe45zBYpqvLcHLXbqfm2hb2WiFGRAy37QvCrHn8JByddp2wcCAnNokVUyN94GIKo6P8Nd9fsbrc6rCAMkSMmoviCjHovLWgHEzJeG1oXKb28uglAM3NmXBFx6XEgpLNEZn1nU57cZslrOWKzHtye5Ds2lAAtzwNov7Qr9XxsVYAcxwjRflaBrGlep2MxlYnpyjsmlKLPXJCIozBodAhy6te316gz8jaT7Bct2EgVaiB9NJIUtSU/cOIJyrmLAlfDADCIG3IhMBlup0rAcx4qPCGNy6ifnwwwM822yLtZISDk00cBNJAa+ZZONjYfdHgajEdzsiIIj6KUEUMSG8sOUc3YjFvbjll6fMHaG3rFMOVSQ64SjWbhzzxSgSm4Qg/7lqq9gWQ5zECy9vhJstvoKqcMASbIzVDQUd4Ine+faAnHroDZCKIdVS1gcJz8HycSliun6praapyDGOvMsGTG1fAm/trsOW41ncO3jqNpsWlxF0clBwNxZqbhby80cbX/LkRRao5KBxLdp5bOIE6CevBdR0SmysHN6HVx0DAAs01JOnPj/Oymgs3Byc6wWAHFZE90wYOT94Fch0LTyRkGMuvdOU4dBKEEECbxKqfGjZRmlBwtDuUknVozSJYBpnf1gHOWyPQBIKh2YdnuA/JenZ8ohEQ7DG+tnMyPbrG0Nb2ZInhsW/LcSiHnI/G85yjMTv3LsnsV0WwzqzGQvafj8F79gwkzP0GH5oKMiFdycbx7cQ2MNR5GcKrpEqEN2PMHze/roBdVcDVoqEKr1OsknBn23AHCFgtDq/hE6aDai4C0DV2T9JkkuqJjGlrtGJtN1FSMjSBieVaBT+Jhzl1G0lj9ha55e0BrgE7UWdBFwTrsZI/9FF74ytGYpcHOtk4U8HsJX8V06k2rejQ6GWs16qtYYo3u1reWRGRwqqtMrTf6rAoiioGncjdLa57KWhn3zf4yYyEfPDJkZX01aseL7+vJtaqw6x1zEKz8axE92aYdhEi1fTiBQS49AvGXMOZP2YODnZKeK6AZmipek9cjg2Lklfxlry1MbIYjCDiHCKCeE+sFK+fKWT4IwT6bqAKA0ZiMHQZjAlrxXmyqTA7AGRBsQ+/6t0V9mNozbo3NRLZNln/POImTAUTeN1UreZnxQXvTTm08ilsBvEaNFgr4PZgOZumsgfQ/HCzH944EP1cx7Et1gixg+mYErN/0JmUkQJgplM0Zp/RSxEXqCgATHEh9LRpi8TyKLIa3FBqJ4tVjHWI0Q+WTyjC4OgLveKpfeuYg6LfARY2jd73rIeZNNNW1fGhtVvdvPjVc/ZJKgbJs61bY88NICbOwZluCOlIndQYpXj8rtGY9W0QIpA0OjvCAkC+WSZx4htR1x+5v+RAt6a/d6KrzQVgHZ2TQ2ccqnSlMKrNQvtWQ9QGSpy2COSA0SuIpTlvnmzgKf5A9pCx2/uqfo0HzIW502DE27aSKxBELFmc+K6HA6s/hkHN+grgeB5B8ycoKXKPfUn3zjzhw0TWKQK4Awc5s9oxMFKzHaBtC7n/FcHM+wE3tYnoYBybrpk3TOXpFawrFgbO5Rl67gNiMR7gvXkO9ZKCoSWaEq1d9NbqlSD8AnxuhBg2FrrAluER0w3GdZKBM0siII3pMYIQ+6qGDNl8uWlypJqI/CBkvc/JAXJdkOsGEVAAAAiNVHFBwTqfrP0Av0O9WzUQKb/QzPArkCtFRIGpjRCTqlchTnaO7AQh/dhmVCMaMXsZqVWONid3KKFjD3plDwTrqWqgx0gaKpQrQLFX6dBSbRFXRRY5MARo5j8YFVwKDhPFCaSOEurgq5F3STaJG81R3DDAXNvwTl9cRCOGJ2DVg3dBd+ryeOPLaJ8UOKOm0+rNINiQIZaLsR3Ci4yPkFFFHWsmLp9Lku+oD67xdwgOm3fTJTDDDAUBP5ggrekH4VUz1zpBDCTEH8FGTljFkKArOTrDyV3QtOW4GLuPyWpnZs3XrKtHQYGlMq0WhuGeWiJedgxW3fpbG3x3kxgnDVxPFnpnsVG1GV4deEmr6HZArHXD48oFnKJwujw2+AjAhX1YcgrBq1Y2Dh8G8AZXbPxRNOdsPKQBmBoi4Y12BAEiOIpBwdr3GrSjfiAEbW0GHcVNPRvZFpzGdv6zH4Qz0GJ8Bc1uT9fgADgXBbyatj0HVyZeZgNmsZTvJrAZhalgtBwsLEfl5HEL6RWUrtUcZkRoR+26Y5zGpYNwG8MIiJsFzO4KtpNxNBwlhrN8jX3qAwbk02gsgR0h3+HRDS2ywuxI/UsWEEbvCfLpi6Yw4JmRQRVpdnbISeHQryEmjwtnDqETuIjIcW5xQwDeKbCDi3wPRj1ARHYHWAgoWwnmgjtMHIUQBxcCmGpovkjMCZwkZM5GH4k7Z7s71mGWKx9EEnoHL98IibketdIv0FHdQ08VTEyH+FgqHImASHgSNmwN6E8Esv24ttyKHopi2R7zzugxs+rcQnI1A7V5ERBYO1awkenDTQrfhaUQjNRLrI4DXhC9BLGS2LGjYb2AmvBJZI9hjJ0vB40nGS5cAyxOGzg8eUDRAWVpxHxAKKAnCDQDQGByI+Bc5ImqeEPOMOllhS+x88iYkHczYljG8Yd5Qr5CmJCw2tW59lY8YZzQ4FizQDAskJcsjm940AcdbwYJQRxWcLvlIYyGCQcAQCSz8VaLSC9x4G2W1bdEZnQeNM9VBLFyiwwFKwaDlPTyjiGL5wACDBRI2IrJEKLjpO8HDQF3jmgoboHTcEBnKuSYjvU/rfB2XnIk2Qgo2l7NryCdgwnuySASZry61f5oac1me8PbIEX9BySswGYtRIKyAhPZGA8bm+korMsPAjOsRQpYZv4RCygEQktDE/HRmBwhHJ9caMVWJncCwlAqp+N4K8ENEgGAr6qKrHwWMRntUCH4xf8MpBhRdXWSBxGFO33MVWFFmSJUuwgpNQN/7N3xsbFB2aKUlIn7hfhd1eZPhjrMZwt+pqdd1gWXW+4lhbrJXETOSMDpkBUWO7iqPnbVqPBAUqXMiFwojEAgG0Lq6DK9FlRWpR1bEdDpdwBvZ1DUNZNXiTqLhQgbWu1YzPMMqshlNYZKCi+ViKpswJoa8oQqhJaCwExG8DeEaM+AsJo52C8MF+5voh6ZO4OozYIH37pdDKY1lKhIkF/DZKU0xaA4w4W5FWRYncWNg6NrFuIyfBACaioJQAPosCUoSAXh1JBARPO9GUKBKAGd6nCcZgYiA3lRSMnZdY8CQRMqe2REGBgBgXblTXtWhbreARBQkNlUhGhViPdevCfHdgU4zDu/DgDNZyK1B9aaW2SC/Ojg9GRmp9F5vMLrLUQUBG4xEQAIBCTrv5MmItSBIiypkkAk0ojCchkFvnFeMZ/Y2F4iRz1oD5d0RgaFWfXw2ObJOmhAQFpbjSVcbJ3ABCPB21/uQGNwZIqIhALQLdbz8HiKtxLC4MrMq2anrGgiQylu5XhoAQEFCT8KQ/mEYJfNkUWfdSPIQhYJ7Cpjk4MqSQtUGCephLBTZcl7PqMvLmU9SEF78upR57UtD1P/UTAySQmyV8GHjTWi9d0cNG59t23NMm7aqZv3quRM4k5xVidpic1cHZpD9xHp+z/2HL90kzjDcGrIJF2RCRN6pkGAOBiEdbXAC+Mkj5EwKrpjexCCye8skFDTeZtmF7PzColACI6vEKFz+jZx7AOURoCZQ3oCxE5vEHhp4RNc6FjX13eNOfVutoMGzvMoDiNm+25tV2abNfMSwLM4+m4NImMUB81plKQV/IzqwMMYRaEdtbADO+yQkECAII+DQOW14wFHRwmFV8KqxG+qXOtmj9kHYa689AQr1CqsXWkPIFYPPhDCPCTufPJKQ8SeeR2nSnyjARAvtx3UcXOJpxpci0DuXh9rcHKGQTAUtmB6YUQoVUt65MXW+np9Vd3GxVqLAwvWcUrFb6B/ongQVRe0fmw750zUCNrEGXNAVx3Onbyi1I6tXtPjKBB5YSarzY2XPp4lOfcOaXLI27rHsTqtwfsOkZFk/0K7TAhH3i9WeMD8O4qcU6hTLI9m1KQyEZgzzxm51nrvyZMRU7mDWR551SKQ6hDIxeaw/qwc41/6iFV6NQ3Ae40FWERqwzrNiEJJDiiBU2m1XMdxOhSeeuttWOHghSNygClaCog2OMotscgkILCi1k8CaSIhrGkgAIUG0oSaNelcJSRAAdqcfmgNDpuURBSxMI7WVCHaAxuCC4rcC7UOJABpIA0khRQAhRoQAJnPgceXJg2IwmmgTOYmQYMgvNVhGpdCaK0ptkaQ/YsgiLQUmQBR6rJkSBcohBRlWZovnrsW/A5MABASUKBAEhKyLBOFHphj/gEIUEghiXRpPpkO5N1sDdqusbIzJQBJmc/UOLQJlACagqY2IXBL+khAdurARZotPgUIN3+GaKT9OgFq6wVaAjEoIAJpnE/uixj+Mi4r2ayId585ywXbSYBxIy13ehuEwO55sr6fzTYYRxmFEETaLUMjpwhARIdvgKbIhBEgQBNqS5tJxKpy71ISaMjJZ1vSuv7ED+GMPUDQCGCS+a49G64GuwyOsxqCS2SBwBpIwsUkI/nBuYSm3yMVVRihsupUYzCbEyiCnV/blOVob/dg9M6Kjar0o5AuN10Nl4qRURX578ZqN7PDrA50wwhWfmpP2NpBYDuTNLyyjXAn1ETFYpShM9CDi+VBRGCxNzdOKx4cf1vSQTca8JXRwVc1CVj+zCA/BgwclTDBn+wqIN9bPGiH6lCFHH8GJLkyLtTGRYH9/AbZ75eEvsxUapffMAE4qxxN12iYKQBo0cX3mVkoNesVwW8NMXreiVyHArauHmzAP+ifoHj8yO28kkeE65XrBPJGBVjgIbmMy+HWGjMa8DE78qaB6w6jaXI2i/1jYnFIjFaDUxFRCLptAY5EHC8zhnLCIyGtehMkCOrIMIoQSG7hMznygSAwKXFQneQKXXo8I8dXnIi24cc4IFKJEbE5qxFaFSnnO0t8OV8maX705ejWkghDODJRFvXlZCgbFBeYoVXw2oQZeNyQrdh+fgQ10tV3UTvlzFdh/O2H5l30OhsaR//0ro7/AERd9+HvENiqznY06p12j9PGk+DsyAmnaKZqqY2S3/zGSc+AYubkDAM+UK/P1ZGXllWQ4/CEZ5/aOQqczUZUG9RwDYcUJSc8VsWWiVGACe3zTnd4pfEmxjKebDCemhFXNMbaskMQmNqRteEktrIjWrzC6gY4vQAF9qDi8Q67MjZ237ujrBEu+4i3jtKMuZIYZMMwmxCEKc+EXRi3YB1TjHzroQRTiIhAgLAeGtpkmRQyyyQ4GxCtWQlaayKNIAhwYPxEAAKUAkGBBk12T4MhT0ACUCAABYBCLUihkCY5ieYT2wKN22PxgqBNPgxJDRQCoMiV7jvn08y3yZW6fQDGlENUhZIgRCZtQSJEIYVVxFkmS9JkPiPncCUANBBoANIokTRopYUUSAq029FKoLUynrXQCAQktUa7/kaYk/itwNWE1BsMmnmjBA2AAgQKLFQJxj1GAIBSldbEs26VNlSQiQwJe1SgQiTUoAiJtEJEEoQaBSAJ0kITgLTLxSiXDYHOmdMGdYIEZFIAiJJKIwSllBKgrwcIiHalkjNWNCGiRBQgFCjyHGVNKYEmBUtgTxSBQFIIJtohBKAgNM5pLjME6GvmxZuWHIwu7UmgNRFoDRkJJQUJq4NRmPSjcwW95WLegicyLYUU0mASA1yx0CUyPWFJpdLKIFAbu48QTc7Z21XGSxbOinQDJSKbnY3ZjVk95G02ZxjrVLBQbFdyG8s24TUQM3OcPYtCIAClspBBGXYKuhn0jbE6se3nAANmKkUWuX/DVCl7ytuFgMUa8LiCSZxPKy3jkfExJDrYZ/t8DCGCOIwGHfbsqyBo4st6VwQ1E8zwiUnbFhhmVPkEqXGb4p1ywa3xyzMDq7Eh27N9jFZANjjwXrejInK86UfJrElfzY4i1QYeQSlFOTPbwGoFFUZtuIBk0LLAH/tmQFjllmACWPaBhTfId5z45/GAMBTy/GQC3az7aPQcO8AR6IZqw4B+6D5C4WgoHZh7VGFHo/0CRTrAAnOj0U/s6Azwkx/+QgjDOHXqnXs3Zq99WG8+luWxVGV35ATo1tY4oedGHTDnPU/nSLtYZzJuTB+AIzPHvz4cyWgRIf4dW41o9bkfYDq/jjpjZ5iANFnqs60yO5A9jJqqW/HIO6o+rDVbAztHaoQXirRUNT/DXdDEro2SSxiBnXin5LR84tCa19WRDrPCvaddc41EIMVlkP+MBT4lSBhxrA5Gcwp197UX8wI4cKlXDxWE1zRVgS3SqhT/4eXjEdfD7JSEhyD47UGbBUjIK2Ue7GAtYWULJXqmCxoxGnIl0hFNtCGWuIzvv4ZMary4oErDK+6YBRvDE48xFYYsDQD2KEWRlVzJZ+vrYUsUZDA7iNGJka8jZUUEHtPuNdhgfnV1RDXn346+YrW5g0JGRlQZIBTc0XZkMusZmQKnAIBTFImZwyQ/AoACiVJmWalL0oBClkrPzc6RViikzWgYGhektFaasmYODUGgrYVRikaWD7AcUOmMNONiYKYFKhAIMsc/XnapzJpHH3W0BAmaUNgD9AX6tY6gAVCKHMVPf/fTRx9+/JWnvmZ6crw76AgUTgEKsz5UAwiBmqidNXvd7pm/OmfJ9JIXPPuUXlEAKSKUkqTIts5tu+ovVy2aXnLIQRsKPUC3+lNIAUigoCzLXIiyKM8+/9xHH330LW84TSpZFIMMRHusffn1V//mgvNe/8rXrFq6ctDvZUIqApUTAkhAAJJS5LKBQAh4zQ1//v0FF77/b/+ujU2D362z23/22zNXLV5+8gnPeOTxx5YsXjrWbJa6ICJhrRxEBCjpujtueGLjE8cdc7QsBJHOsqw36P383HNQiVe+7KVlv5SAZa41artxCAAJ5+d7GcrxsfGBHhCBVhoFgICb771LimyvtXtqKAn0PQ/fLwB2WbEKAVAjgt1HpJUGgkyI8y/8QzNvHP20p2mkPGsgCBttsKtjrbWBSIUeKNKI4P9n/HABqLVu5vkVf7kql/n6Aw4AYZw7Y9aQ9TjNDQESqFKPN9oXXXv5Hy645LWvfc3aNauVKsyStAyxkTVNrIEpCyq1QgJBCEAKDDXqslSAJJx2Irva1n0pnYBAAwqUQIK0SzcAYCakELlpHgHRhkOE+w+9x5EBFFCQds6zTxGBdTQ8XzljCO04Y6Zn/0ZZp0TjxOV26gqSceSVyuYnf9VIqp0SeaFwImqHmDUWmdZYr8hAcluwahyAuFEmGpnS5U9dg+kj5rlEWtG7ZOF1orZcx9UJjdoaoq4hGhZGtOI2RcR2TKWbYNLHOt9V0aFzTmZc3ftKQVl5yBB9UfR2sD+21g6ubg78fdKruRPAtZcvUPE4bHUC72IhQHWtqCvIHBNiqh6d/jVDZNaWka5xK9a+r6jQ6HKriINVB8EgiojExk0tPfoVAGwykeHdN+FsH4ec2skzNQO5x8CawuSXdQWXm6E1waBRGC7BnGyrhjoJQAEd0UKD2NN091VWCXYLORRWOnDwIFCNhLAIoaQzGmpTeR9M2/OxduoaJvkSAbPzDdpaQxww7xtU/ckav9wZmWCYoM5NTfvls2PDDHWFiaAOvHppvBPXk8POji63NinuoCJY/E20HOZJzlSYCMt29R4OOFFKSX/1A6hRS6atGg/KynouOOIqlYpe/TjRiHGN+KerMmxcf8U1zBvkENobRL/FGupcUA5QfYNO9kYksBPWVc3wuMh9UqOPC1fhT2IEvlgGTlfwtgIMrCUvKI0Yq+k2AYIbEXHfo4MuwybA7Z4xmwKDNvNEFiIggAioVDHZmLr53lsvvvCSk4474YB995/rz7XyxsXXXvHdH/ygNzfTbrVUUQDifHcAGaGA2Znu3FznGc888fWve93kgkkAPdftfOenP125bPUpz3luU2R91fMLHVATaFAlIQJm8htf+TZB44iDjhibag56fSkyQhIoQBn9oU06TggBSFdefOUvf37mPnvs/cxjTtI9BUJLlEAgJAmZkZSFOedf6Ube2Dyz+dvf+P5ua9e+4NmnGGLNZWYWvGaZ/OnPf3H3bXf/8LvfW7FseUFFjg3jhCgiIK0KNT7Zvv+euz7+b5+Ymph++xvfBlAoErlsSMwuPP/iz57+uRec+Lw9lq/tlV3MMyBA+3UBAsSiX2yb3SbzvJU3fvHTM3/8w5++461vLVS/VwzGx8Y2b9vy1TO+eviGQ/bbd5/T3vT244899l/+4R/zRm7MGCQkrWVDzvc6/3PGVx64996Tfvd0UgpAZyjKXvmjb/9kfm7+tFe+plQzZsEp+WwfQq/fP/PMX9183Y3/8Ld/u27VrvPFPAJmUswP+p/85P9ZOL34vz/7X0DYHww++C8fXbNqzb9/6hNlMQAiRGGxTdhutv902cVve/3bTn3VK44/5viB6v35xutmt88ikhpoQqKSCDUQAmmZy/0O2H96wUICjYgCEBHtKllCrbTIxWc+/Z9j4+Nf/uKXGmMNRYqI3EcVtM+CAlCGGSJO5JPXXPGXL3z+iy9+0QsX5RNd2c+EVLpAwF5nvt8vdKkQQEgphZBSNifGEBFKXahivD3+iz/86vI/XVmUAyFFJiUgmH3LRJq08kyYZ7I/GOx/wP4nP/vZ41Pjg7IPABKwM9OZnZ0lIolSgzZGOQr0HIxuJ4MAXLx4UaPV1KSF+WYiBknAQ9GO9SksVnNWlFs3T65t9pKcYxTpKmDOTE3YjwsE/9CqNhfRDBkqz/q8BSZcuOcRKW4WN2VPAdPwLSUyuZpb4AOKh1A1QAFNkMNNB3C3q7LrKSj0YHuzlJnXt97IgBhWiF0TDygR979SfzmO9/q8sDPuwzsyC0fdeloXvPDpUD9o37G3vbnjQuQ8JTaLsU+Efnmta4+8omcY5uTJ+vaauuq2BE/Bt5C+c66Nbwz9ds/0X0fu4DsL7ymaNYb9UNudFOk7thNDqe5143Y4c8W91UUAdlrsIlA/umipAmNM95TbTwkt+oVoAceWvzDZYGrLuKi/b8pZWxbIsCbY+9IYqpt//exjRCeWjKPZcsDXmBzoSMiTIYUsrL8PCRC/rDEQrJ0H4gPy0aIIAjdJAQY/K2ELDYTciIMz9uTtIQzDbMkgQbm0Sy0oZKtGa+Uq1IrBOiucUmarKeyaTGUQCzSkBbjANJjnWTVEjKiwEv2MuT/Ij6gLP8xY19SnfA2sGDHGSHs+hoW7WCNcGc+GcYxhWA2n15BRoHvFzhmydFuZBT9YTyHVpdGQEAZ4pUMwHDAPuMNeTXlyqyKQoYhJ3KG7b9LUsXuaNBKEGzCtwkYUDYpdnKSTvZ1VAKph92BscB5kIKFbxMGJ3KPCwuxxXueC1pKox5eXHKG8X/ThehyWVo0CE8S5E2KW81NaB08EWj2X8OSqf+LPH0rUdV1LVa1T/ztl06rXOwz0UMWvtUPQfuNLsiYb3Qq/NDLsLGSNRDoD+b9f/d/fnXPuGWf8196776kBJsYn9t9rn42PPXbf3feMt9rrdluXt9qd7vZzfvXbW2+6FbTef7/9ESSYxZMiv+DcCy86/49f/cbXXvyCl5RQoEQBqEEDgpASUGUyL/R8WagsE1kmc8xUXhKohmjc/uA9F1582dat2xQV3c48FWpyfLzZzjc9vjWX7f/+/JcuvfxPVJp4JALQ2ERrbGzi4EMOPXTDoUgwIJWB0KCVVmbJZ5ZJBdTr91WpCiFbzdbB6w/61c/OOftXZ73yZa8syzLLcwRotluEoEC1xloAePPtt913z71//3d/15b5QFOzJXLZeHTjxiuvvPLgA5968EEHgdKT45NCCi10ScV8ORAiQ4U/Oevn//GJ/1y7Ztfddlt7yUWXFr3y4x/42IDUbXfe/vKXvfS1r3nNrit26XU6CycXnnTMMV/++td0v/zwRz6MAEQKFJAm0cg2bt54019uOPqop7Xz5nbcnolMAyBio9EusARzUqsggSKDjIg0aI2lEDoH/OVPfzY/O/Nf//lf7XabCLMsh7K/fduM7pcAKFFmWaOzfW6mvS0HoaVQWpuzhQWKRp7fcMt173n7e9et2+2d73pHLgRQ9s2v/O9vf31uq9UYFEUuhNKUSyEQpRSQ4X+d8bnjjz2+oMJmPs3RR9quXgYAKrUqSwWaiKggQiKhtVAaSINGAE26LZr3P/TgjdffPDU5dcfNty8cn77rljuzAkQmtVC777pucmry7z/wgVtuuVVLoQu1dNmSfr8/MT72H5/+1F5r9+wM+kXRH2+PX3rBRV//+reOPf74hUsX9Od7iEhaacJcSCkFApa60KVeuGDhOWefc8CB6489+thFCxcMigERjbcmfvSrn37r698pB2WjkWlSZHYyWx/ZJsqbjaZSZaPV+vgnPnHS0cdvVyW4xCg4s6wqGKxsw8S+8m5SiO4DBIstmB2xHV7D/iNsKSZthrUwJDEbPeHC2HQTN8Eap5pKO7xioTfMWjM5aWszxHZdjUD2EDib12/3ixVwuhSVQtVkEO7nEA1AAMEJYs1U8jwY/Sb3eaLIZQ82uYPP7SV1wPv1V8HuwRhzlsC8sxLRAgUckPOImAlrrajEtg906e0Hm/KPjUiGYuc7iARdLtPmoTCcEGrYau6jz1whUwwH79qBFcMRBuB9GF/Eqj9vibJ0hB0E2v2O6HEF8We+mIdErJ8qX9i3xEQB+aWxkeUdVgaYiSD2xgeUEINNFbnksXXpfDb+wjfN58GZ1b4Ru3qDV6phbIeKioRB9sdNr6fFuqY4jbIBBzr0VRy18nS4646TrkcRmROz4rEgVgZjyqZPUx9jp6+dq8gEFatab2e6ZuPwGEHiuNVJfp6CHqFQfPfVTvmPel1ge6ppPJruimcb/Rxmrw/JwXpXMLjHQYQ78c/omGJJxUVoBHDFDeNxk1ova2e8YtczWwE+ciqGvnyy1Fh1Seqcz7p6QQAT1M9dUmYY0Sd1fJwiOd5ilPXgJ4V3XAuw7yV0vmNTKgzELS6I4Y9FIXteWc0/rJNQdcfyJG4yczEJABiVonRBjVSWupBenbiJIXETGSEZ4xOWAgCekM1abmOG2C+ieVvD8aWZW28eudWDDZnP9Wf32WuvL3z+8+9+33ve9d73fOITnzjkoEMOPmD9hgPWP7pl43e+9e2HH3jo+Gcef/DBh9x6yy3XX3/DxPjY6097y7Of/+zJ6fFS6ZJofHzy82d84b3vfs8//+MHW+3xZ5z09Lmt2zSRADBn4yitc5kXqgdKgyw3b91c9PqylTUbjQaIq6++5sP/8tFmc2zFmuVFf9DMmpp0JmUusuUrd3niic2/PufcrNmQWmjSkEO/23380cff8OY3HLnhcImimUtNWhWl6veVGgCAEPLGW2/+xre/tenxx5cuWbLLihV33Hbn1OTC73/vRxf84SIkzNv5ggXTbzzt9RuesqFTDrZ25h587NGf/uzMyebEvvvsedNtN93/4AOHH3H40qkl199282UXX/qsZz7zxptuePThx0SO7fFxABqbGFu7bre8KRBol0Urjj/m6FZrcmZ+O+VISt9//wPTi6Z3W7Nu0dRiQJicHl+0eNGCqQV/9w9/R1r96YorN2/etGr5im6/sCfyKLrkyqu2bN7ysle9LAPRajWaspnJvNftqWIwKOdzyFvtFoIwByspVB2aL7RqZvmpp744y/DD//LRf37/Bz/92U+1s7FOt1MWg7F2i0jPdzqFUlrrphSyQd1u18y6NtaNxkuuveSf3/dPgPKLX/3KvrvvPaC+EPnb3/72l7zk5XkjR4Asy9BnAAHLotx9zzUllWiOGjLegUscuSAZKqU0aa0VaaVBa1AaNAki0ERQlkXWHvvTZVd89j/PIIKtm+cG/cHHPvKx8akJkclbb7v97J//6ITjT7zw3AvW7bXnC1784t6g25SN35x37sUXX7Jt6xZcC0oXRVkAQDkY7L/fPl/4/P/dfdUawzgllVqpUishkDQoNShLtXBy8aAsn9i6mVCY7Z5SSkV6w8GHTLx7ut1sZrkUSDLLEAX4JXkEmgil1Er3B/Nrd13Th4FAy1Xa87r/OiF49kVnA2HVwjDGe8TXQXGC59rRYqp2JVU1yVEjXpJonzcpwAHAbOBIisTb1L2NG4ZgLfHIka4CAOTi0IlFVRmwPeIltE8QLbf0wwQ3kHTP4I5sm3C2EDfHvVdhF7kH/yj4DB5AC0uMxoDAYDsz94OhGT3BmHa9Wc/+sjyfwbq1wf00BFcAvVlqmnMqnsxuZ6pCySyrQLrB4AgDMX88UTDMxqFiQrRnUptjyOzJQ3aJq1OSAQiu89C6ei7pzBMWzplD9st7bJxxYiWM6Cnan0tM5Pql5LAl8oA6C5Y8qn0ww8MSaXawxGlpKklkYQyVFzAIQDZJHMgu/CIKs0GAIReEgQkcJszuUJ+MDKMOMDusetL0jO0KuIfR6t1QPw6UUdjh7Ngiynm6NupMn9RU82jyhB4I3j42O5V4RsNYPmBjhlEGkMsJ5kwzIBKXbMSKEtfk0OzTiIvPkWmwrosat6XWk6mmfXw33Eqs2pAWCAxvq19ndXVrZHfwMWp9yLioHyrGz/2wE88tdSMdGBC/rVZJGg4/K7RbM0hbOh5gNaVWWU+7o/Rm1Fq12R2GAFwtiieCAGp8kKhTV99AEO7dDTHpkZBl7RBqKC0eDvLjlEf4VUPUMEEwj7yIqBULwMpAHQ3UwBkcb0PtTh78P6S9dYAVR7M3XNXdM8fWYXH34BIgSEIMEoh7QvSJu5MQ4k6Iu7u7uxEC8YQ4MVyX3WXt2Eh3fX+Mn3OW5L7f3FyeszM93dXV3VX1q6rpDgBwJOM6bA75UWgfZIWTDsKUhTeg/rfJg9Aek3y/Wql6hN+jf7tCitAT4OiNdaBfo3m84EsHgIK5Hk6uKJECUZICcmEAEThSGUI8dl3NkcpRF7GWTOuUyds9cv+Dxxx7zAP3P3zj/AEdqqpy+Xynyg777L/3zQtuueWGW7p0675q1Uo9rs294pKdp07jBJaUACiYbuasXl2633zjgsOPPPrjjz6qKE8899yzK5avjmlaPmdoMY0zZEITgv29fDVHPOmU0+qbGo8/4X8nH30cADQ3N3Xu2uHSeZftt9esTCbLNc2wDE2IJYsXv//Be5MnTZ4wbqKtlJKKc4YIH3z4waOPPlKZquBCKNta9sdfP/zwQ92mDW3NbY0NzZ8sXpzNtK3buGHt36uyRnbV8rV/LvujsrJq23FjqiorNjc2csEwT+WJcsY4AGQzufkL5j/y0GPxWBnX9Esuv6p+02Yiuvveu/43+4jPPvmsrbHps0WL33r3vVxbVsQEApiZ3AFHHnbnXbejUgz5rjvutNsuO2tCkySvuPqqr5Z8/8ZbrwGBApK2vWbN6pimAcjGLVua2loPm33EhO0nZO2MLSXXNNs04gl9c+OWZ594fuTI0YOGDnr1g7dsw9bisTjXlVQN6zfnzPzi77/Y0tjY0tyStw0E1rNvj+Ejh+uaJpVSYO+3715tLW2vvfJ6U1Prj8uXPvbEk9XV1T9/97MCedac85vrG8orK/747ff169edc+H5GmdHHXPU0GHDpKKX3njtqsuv7Nyx8/0PPDB6+LD6lgYFMp5MjBw+XActNI0BgJSnTnIqb5NkyDDQ9xFRaUlJNhIpqZTyz3pR5OzP5Jg/zfn0hAnbPvzQfWXx5Clnnduze7dTjz+lT9+eS7799oTjjjVyhs61WFn8/PPOnrnLDKfagf36XF5XR07uhyLfvssb+foNm5JcM5URFzEuhFJkS5uUIlKcccMyjYydbmkzzaxSkoiAkAMzLWPsiFGTRm7rmZjuHsukANzUYggbMaYy85bhgHGFviSikAEWteidBVgoUQn9vUC3Io+ilytDVFB/SREczXDzKys67Sr8bgGY9B5Q+P2Q4RFUU9IRjv4ePm4ThYHZKJ2BVQFRue60F9jYEdno6y3y6/Sso4Jbpa9AUYfa9E1lCoI1LpwO6ixhgwbbPkQ8gwW2N0RywSJHBpGvCd1KMMidDrdFbmPkbFfmgUtn3pFrHPrmuo8snDeDflGQnusb+E475AF+l/nosZVc5OIfeOU8VSriwA6BDxdzusgsHHDymvWgm0OkSwOFXnKeOc4eCkwxDNa9X1/4f31KvBytoC7wGeJpx8BWDSCVC/WRAJB5XQpwvKdVvfHw2B3MC2+eRqeNP9J+uBpDnPTvuFg4nH3nA0HXiUwepR4EDaYIBjW7bMIoBCUKodvQ6LtLx/MkReaGQ3I4GTn8KFQEfJOvSCiFTZ7SpqhPfwk3DvhwHb3xD4QCOHu8kUsYRisr8tqTJ57AW6aBI88rAQAYzTCM+OycIfOnAWJ70c4IRgrd/1eg65v1RRyKVFLgT8To0inZkC9EMSxkPF4WQ6NABYZZFLwB6LPFt6FD2sT94Sma4v4UBprCEf8CqBNIqkL4GiHIL+31t2CU2zOkS9x3JY4768Ili99yRU6I9cW9i+qt0lfRZAixFHwGR/gQzIRofwowuifIoUC/F8L+krz1RhDDHoEwGSG16LzI/DIh/4pfNYTmUgHZW/GnF970+hiZZj7yDDMraCnKsZB3psCh7znvCldTOLfF09Ellw6E4Su4SridgQ+xDj154l9F+w+1b9gUXRQpvfWZB6XdURBdcltrChz/MhEpP9cqVMBbya5h4fIOAQUXDc2NY8aOfujRBzfXNwjO16xb89Gnn5lWvkNlVXVF9ecfL1n40eJ4IjZt+k7Lfvlt5V9/de7cedy247rVdlESgLG0kenTt9+d99yhlNQ10alj57r19cqWDEFwnkimbFuappnPG4l4rFfXnt26dK2uqJTKEoxXlKWGDh06qH8/QSwhdM54XOec81wu99nCJd2799h/n31JgmGZMU0zpETBx4wZM2nKZCDV0LTl5Zdffum5l5Skhvr69es27LP73pOmTrnvgXtOPuY4AFj8zZJzz7tg6pRp8y48N1VWkdD0zc2buWAdyjoa0iAgW8oVq1cPGTzk1ltvbdrS2NravGLlqgceenRzXV3d5rq3Xntj1r77zZ1zXktbWywWq6qq+v33329acOPQIYM6VtTUbdn449JfXnnxtbVrVnXt2mX4sKFfLPnm9x//mDtvXt2GTUpZ8aS+avXaRQu/LK9M/fTrsrq6uqTQ23LZ7n173HzrrcP7DwLBBBNvffDuD198d9UN1/z4yy9nnHFOLJYEwLamVo0w05oGpH1n7p/PW7GULjizTGP89hNuvfOWbh06K2VLsmNcP/qoI3baedfu3botXfrD54u+HDBwUM60jWy6YfMWy7bq/llZ37BFKfXnT79LUE37tCBi3jSW/b5syIChF1924dhRY1at+efiSy4bMXb4maedbliGAQbngogYMqUUAipSrv3DGEfwl5YD59xvjZ0lqpRl2TrXYpommSAgAQqQJElLmibZwLhU1Llbp8oe5S251uZM60Hb7Tt+/JhkLJnJ5ZOpMi2mK1CWabY0t1rKXtewsXvH7psa6jOZrFIqvK5SybK//lx++tnnCg2NfE4T3DIkR8YEl9LK50xd1xVJpun//PHPhMnjTctCIEakMSGYUGSm7Ryg/yETAICSyvENu0raifEi40KLM92UNjhH5biLyhXtni1JYbPdE83BEvWNTcRSQiuQBv6aDv2Bnq1VJIKKpUfYDigqHfYOBi24j4oLF9FG0UdbcY0F6qCIaIrS4N8OzIeQAw48VABh5hTJuILelCLHt+gjrYWxYohp5M9qv6vBoPggLdB8UZqi1n+gfn00GCI8CPYieB4K9E7/COtCdM1ut1oKTOGIaiRvGoJbIFKGXEvfg2rk0U/k7EuOAOimzwbRQfR6RQDO5m/KXwGFw8F8J0thCpw/LUPB0ADze7wOPM+E6B4a5bYS8Sm7b/sL0Zs8Ycb7CAWi8BXBzbP1MJUbf3VoIM+q9zBYaDQLUajr2w5mVcBscqcWen3zgH0wTwsgJIaIDJtBFB4F9A2nCOhyp6vD3ijBvpEcbhpCFRbeRABvQ4nIFQxb8e1QJUEJbxJT2BoruUojtn1ELrnMDPkyvIrCk6Ew4bug8iKii4uHvHLht0KyyE90CVH6H2ID//36d2PPK1YaMvl/RQAwhn4VifQoW/0OExWOfbj5Qrdm6FHhj/98kUuM78rwJoxHDxRBBb9bkeDNVrSAu14LNWZ7bG/3fuR1L9m85JwKtdVe2DlSpvjjxq1Bh9BMoILFEeFloIGCF8OFQz+iu+mGAJlbwH0a0uClZETkx79f//fZUvpCd7ceKnHbb6r4k+atcflflmR7D8N8+X9d1CJke7glQoog8Cn54DXiIHENU389kG//UESohf4Nm6jF4q/UHectAiBSrm3j7rCMhToq0M4u2YqIayKOvDXTNmr4SEWU0pPzb77h7tvvHth/QMfajp061XboXFPfuLlj146mZf70/U8//bx01aoVN95643FHHGdYpqZxoemWsseMHOVsHDdu+DhHfUmwpJKALIZ6XpkHH3pEQo/ddcdNiXjKVIatbIuZM3ebNWXqNIvonUWfrF6+CgHKKpKcsYUffZZrNf7+c/UHn36qpGra0lxZVSE469O35wH77VNV0cEw8rXVHeZeMOe6y698+bWX/3fU/3bYYeqlV17Zu2/fTjVVSkpbyp9+/knX+Z577NaxuqMljd//XPbWO29uP3XyhLGT0tl0VXklIYm4NmL0sMkTxpumqev66jUrv/ji86bGxvc/+mhLa/qhi+Zst+0E27YQGBc8qevlVRWWZQNAa2tba3OrJNWjd590uu3Rp57lRD169/j5jz8ZqaQer6iunrbjjul0urG+aYfJUw3LSiQTjfWNTBe6xgAgJhJf//Ttgqtv6NS50+DhQ3acMuXTjz9EYpZpff/t0huuvYEj0znr27/fKWefus3I4THBzbxlK7NDZbUiqXNNcIYAQmlD+vVXNuw6Y9dFS8aXlVecespp6ZbMKy89zwDqW5r23XOv4cOG33LfHYZtChazLKMsUXbxvLm2bSdjCcMwbrhm/vtvvbP/QQfFIGZJC4Az6UwcEsAYYwDcdR4rkpz5J+JQYDwjkQIAxlljY9NfK/+2bCtvWErZSknBha5rtV06JSsrkZEQYGUsvTL2/uufbqlvHjhooCHzcYyvWbc2n813qKlmgAQsWZXSmOjcoVZnTAhODCQpAEDmbnZr2maXHp0OOvSgzrWdGcBff/956423TN5u4qGzZ5uWuXHThpdfeiOfzZ98+rFDhm7TqUuHTp07GXlDE7qyZEumzVY2kWLInW8MCQiRCS6AQNoyyIwEICRb2fF4PFmWiqod5ygX9BeUu5J945q2Kp68JQ2uLAm+ccTAT+kmjwQqKiLvvcwR3yHg110sKKIHXXh9CEwrX7X4yh688S1EGJFaS+tdTyQ6rCFf8ZdiRMgYx7AE9LcfKLI7fTM+hCZCFXmj50s8j34MVebatKFvKF0ZHN0BAnzvNgIxAERvd2TfdnfNev8TzbDO9sAVAbibcJXoPjLXdeFswOyjCw/9APn1ABADIlAESrqwymefWyOG9tfw+OsGPz1NG+m3y/BQOA7dnHsvpO2miarwhkzOCVYuriA/AINhpeeNiVJIEI39RqFM6GVXcfk+bI7e/mXeaID7EWUJM5MIWKgjBA5cdDOQiww7fxALQ9noTdWIXeKmEXkBRq9JpychMYDeP6SCPzzfhweVvP8P8mkRvCnvYXvfQRB0HH0SneUSsZ0IwEfrzqwLRAKGNqcKGQXoHHQFhD6SB/TRbJBjGwxX+Hcg4dAVYU4fg3XpERZadUXGX5jHHjv9GC+EniNAtLR/u3AubB0YBnZYqIooReGqQrI0FFohcKFRiSCBHzUqDGp5xP3bVRAULVmgZPgUCgkpQUD4ZiimFJ6r7o3S1EbjXcU0k99Eqde9sGEpzkDAuuCG91ZJJODKyuAbbipSisEM9ZmD7YFBfzkVTFK/aX8ehAq4cqOYvkIoXUi6O/k96kM5ij45vsvKKxsG3u15Ady2PX1atBiKHSvBv0X1+32IzAoP6UU6hKHsgOiSiTQBno8ydDNwN4RJjHayOGYORVfBRIeI09E3q7yivhiEIEW2vZkWDpm6KrlorUVeLGB74Z9uq+FZWNCuCI9FxGcfWljthfUjbRYQWlwwMpvR/1HSL1Lcom9Xeao7MI686QPhmYWA5GwBa1qWaSFiXpICSunJTp06j5u87VWXXTl85PDqRMU999/71JNPX3DF3N13nREH/blXXr7u+ms1Lca4YMK2bFOaxDm3AATjCpUhzGV/LVv2+29jRowZ2Ld/Ops1uUUgFShbWulMGpBZlqXrumlaVanK2ooO1913+6033t6hvDqma3kzL5ALFLF4bOHHn3z0yfu2lCAhmYg31m+ZuN246+dfW1VWrWwFwHSuSSmz2Wy2LQ2Md+/RtVNVDSpmSOPZV1++5aa7p++yy+Qpk5VS9Vuabr3nrr9+/eOAffYnlI7ZpGyZzeRk3gaAjJEROq9r3JzJ5Fet2bB8zfoxY0eOGDlSKZnJ5wXnSZ7Im/l0NiM0wQFrqqsP3n+/2QccBADrNq+/7Jprhwzod/pppyR5CryJnctl6jdv/uWXX+ZceoFlqxUrV6z65+/tpkzqVFFLRP+s+WfenHnrVq8fMmJoTNOSoPfo3E1wrjMtk8vmrCzjWiKW3NKcIR0G9eqTzaZ11JBhhrIIYORybYZpSau5pSWmpQb2G5SgeFnHVHO6pSWdbmtt3bilvqa8MpvPm5bZ1tZq5g0CsJjFkNlEHAQyiKH24NMPvvD8S9fdcv3MWTOefPbJ75f+CogaR8E4Ci6ESMVTRMoi1ZZu6dev3+zZs5PxuJKK0M1ZdQ6OlagAQI8nvvvm/Rm77JXNtSkgJSUqEpwxzi6++rLjjz2ecTSsbCpRZqj8008/M7BfnyGDB2sozJz5/gcfJJKp2qpOBGhL9d7r7yb0RDrTWllV/fPPP+XTeWm7sNiZyGbe7Nih03577tWnV0+l5LpN6x6+74Hd95x57DFHW5apaXrd2rV/rli1x6wZQwYMyOQyJkpL2TWJqg8/++DGm27ZuHEzZ5wAOQAQSVJC8JieQIRMLmvbNhOMc86BxROJpsbNO+w67ZK5l3Sr7ZaxM5xxRb7SCxYYBZ+ARSytqDEedSf6MMlboBGDy7fvPZ0akixhQRqEcJ1nENTkaYWCqwA3YkBhVAgWySoqcTuQ5KGn5G5TujVjK0J2IC5DBiWSw+cCM7VY+EfIKCjlmCgFusmp0LPBXGuSwDmnFsDBVM42bo5YZcAYcQ6I6OzM67mK3U2gHUtCEUkJ7ix1qnK23/LwJ2O+IHcibUSokBPnyDgx4U4FIg4KiMg9fYoYERApJx5INjIA6TiBlEMk+V0iDKlej6Hk1KBcCF16PFykDeh+venxkwECcOd0IwQg4ACKO9nwkYF0ambof8fpnbvk7EkX9DwybADAmJNgDxja99gdQAYIgNKfoP6kcZW4aw8QON+fhjW9AvDOXXK5gyFNiOhnOrjdd75ixXD9AICgbFIKlPLWJzkHPbkTKwBcAWbz+hkKj5I3lxgCMXfmMO9Qa/LkBjEAAKXIqd0xQxEBmfNxACAAc0Es+saIx0oHbIP7uQG5CXHk2gXuQDmmmE8AovMbgVA5Y6o8brh8i8ZUg+ELDYV/I8q+AnESSL/SGLGwiH+vlOQpfcd/3XsYmE/+rQLsBIBhtF/wVqmr/WaDyv9jPDPUYqGoLmlbtmdwkv/1WnArjP1DUegSwA9KPGoffLqvlOof/svzgP6SHG7vLe9pxI3puefcaRLRrcWQMGwBl8o69FlUjNjDVnd7Qx9QHnk9kCLtdSzcbsgKCBoqSCT5T5eT2RUhduusLSxabAqU6l3pSqhAhvoiqOTrJUDSv9HqXWGlvzVHT/HYRWVVlJwSyMv5EV5E/4G4dtxgVPgnlfq41zl/pWRjvtgPW31FHilPd0TeK11TiIfgfVMRwe3tXeR1xw24BlfIsPXacn8oUoxY3jYfefLxJZ8uqS4rSySTO+w0bfZ+B1dXVtVvrn/+uee//uqrRDL2xZIvGhobFn20cNXy5XE9tuzXPznnsWSKAZjSfOr555Z8/kVVdVUqoU+eOmWnabtU6YlcLnfDbbdNGjfhxiuvS8USUirFUBFJBOQa59y2bFRIBIxjzsqvXrF65LDhV118cW1thw2bNqYSiQ8+/Oill1/bZ+beu83YVSk7mUgKIa66Zv66tWtAEeeMpFQIQug2k8v+/pMY+2LJkiOPPObyy67efvKEW2677dZb71CK1dc3ffbp58DplgU3ffjepzfcfH3/fgNaMy2cc4fPSimJpJRKiiRJkFKZpoXcHj1iVN8+ffNG1sxRZXm1pSQicsYJSAjNsctWb1y77LdlrS1Nv/y27IPX39k4Zlif3j3jiWRzc0tLS0vfnj1qO9euWrOmfkt9Q8NmKfG+++7/8ovPn3zyqdryDi2Z1vsfeOCrL7+esfv0NWvXmLksILTmWyrj5WnLfuqpZ42cmrjt+E11dUyPPfbwM7vuPMNW0lIKAZjObNt+8pkXXnnpVSBKp9vGjh13+513oq2QUc7IbdmyRReJWDIpOFNKGXlDMeBMIEnOuK2kUopxntCS73zy3tVXXjt95qwj/3dMc/PGX3777e+//0TOEUBaFiIS4R+//qrH4p27dmncsnnkqFEH7n9AKp5QpBT4+JMYgCQJALZt1HasPenkUyUYlmWRGzaFTEvrsGHbIAOpJAHThX7LbXf++MNP82+c37N7t3vvf+DHpT+9/NIr5591fteuXZHM8duOefvdtz9Y+IkCJZBrmq5pOijPAYWOxQaZTPa7n354+OnHNm1YL/NmQ0PDZ58u7NK1y/oN6+vq1n/93bfNTdlHn3iiY221aZuz9tqzf7++Flm9evXZfbdZjQ2NKDQGXDC0bSOZSuVzxoP33Nu7d5+DDjwYBGTSOcu0FNipVCrXlunZtyfjjMAJOjmrNggpOMa/dL/Pc3BLyNQBzzIE3/YDDG1+UgCuosu7SD2X8hyHLDaXSSUkh+eOhRAZJeVJUH+kCIZqdzvuFSEPCXidxVAlfqHQNzkhUosooGi/Cbzd1TyBTkEPfUThaImw8Yteq6FOF7bnvQSEjMgxZIhIOZaoBCDGnGxsZEw5Gz4jIgBD5o62Y767Z+sqIMlQMEFK2kTgpozbEok456BIKgqHXQlAAShAQg7IPWSIiMQIGCIwJ7mAkQN+kBQpIGSKAAicNQakiJEfMnYHyoN7DEE5RyejQzZRKOncYRkDQm9wGEPGXVjrfLTMGRABMWJecFg5aJIDet+CemE5YIwAkDEgJykHkcA9gCmgyc1YJgTnVGeXBmABB1yMjIgASpJFLob3hh1K+CU87M0RhQApFdlAEPbKA3n8dYbfiZd62My1hLzZxZABR5CSJAdGiqQzxZ39cCJn/4Fr8IEi5Ax1jUgpi8Db7sibvQyZAmIuGeA6L4CIMQ4MSEmSyuEFMCJQQAy5QFIOlgRAYB5E9mc9usFQUtLtl3db+ee9uqzy/FFOs47rhLmBd8f8ZQiADJRSBIDMmwgE4BynFWKgt+B8L4BrdPiGZoBfA3lBFLHhnOUX8Y77G2QG2eSe1IqkWv6Lgeqtf/QhCoWILCrtmkphM640BA3HhULCNLAIfc9UNLbjg7+IIR6JqJXuUURgFsnt0vd9ozAsiktIvwgaDEqGMziC+or0SoGcL0VtcSw3wHLkxZEw3NBWh7Wg92Gyou+VRvIlBjPUa4zwJAjKld47KhK1i3CmkCOlu0IYKOuo4g5xmEL/Boa8s59MZFe3cBAv8q6/Nr2fflXo9c6vN0IeBHM13J3CAFhoPocWsbsughsYGhJP9ZeYuOHZ4v8oGfls59yUwqEpNaAF/HTVBpYYCIDIpPUhaIlqKTI53BbCSfuBleTZUGEaQs4jpxoR7pXXQJi7kdVVzKNIVN2TT8Fa8SuOeCkKu11AQ3vhVqKgQk+dRpMxQkKQiBC5bZtr1qxubWlW0lr06mumZR249362rdat2vBJ/tP+AwdUVKT+/HvFmpVrn33i2c5dO/Xo3mPdmvXrNm3IZ/NOT5obGjbX1bW1tX77zRd1mzdN2nYyJMomj5lwwB57PffiS59+8dk+u+1p5E3gCgGc7/cUkM0UQyVBKSQFJA2ruqqmd7++3Ws79erVO6bpy/740zTsEaOGz9hpFyklEHDBJ0+e9OrrG1EwAKaUtCWlRNmq9Wt+/OlXpXDAoG3+WLb8gUfu7dS16ovPP2/d0jBs5NgVq/4+57xzmxqb6zfV/e/4Iw+ffVjezDluXeebRs74X3/89eyLL9TX1+kJvX5TI+di0MBBxx93TEzXnnzqyVdfe/2ay6+ZPGE7l3GM4noMAHTBN7Q23/Pgg4s+XqTyMplKblxfv+CG25Yv/2fQoAGVldWjxoyaOWt3rmmZtGHmLSD86cefunTqPmBA/4zMEkKiMrnfIQccfPChF50/x7IsAohxLaEll638e+Fniw//3+H5XIYltCOOPvLMM8748sslu24/rSWdZgwVSBQ4YviwdavW5S3j56U/NdQ3rlq3+usvvmqs36zr2uYNm5OJsldffIEhNDY0tLa0bd5Q/+orLzW2NGwzbPi247YVTGiEz7/+8rwL5po5c+TwoUmIU1mni+bOA0LFSAjOFNN1wZh2xOwjyioq5lx4oW3mY3G9vLzCVlIBKVIKlbsUXSsHMrlczz69zznzlMqKStu2CUgy6ZjsedvM2YZt2ZXJikWLF99x6+2HH374fnvtqUjmzNx3S3+YMG786Wee9teKv7JG/pZbb924aUMmnbGUJW2lCd027f4D+lvS5og2AgAopWIxPabHJalvv1/a3NAipf3dN9+vWLumbmM9KcynM9K0n3/yhURlss/A3ttP20mgljetAb0Hnnf64OIVBABvv/X25GlTLrnggoK15SyaHOTzyhRcOJLf8xS5lpFnW5N7uZ/Ghpc1IUTiTv6C9Kw7ACj65CpS1FvppZ670szDwMVqMGLileohhIR/obYutDtKoEdvDxtHwLQvpkJS21ckXsOegHbZWmBQeA1GSPMsP8+uLiVhw1VRiFsBVYiEzDkX2LWtyYk4MSfaiYDIvcRJxjkikAJywlBE4PitiVApiSwHoDEOSrqOGiDQeJYYIGgIQApJOQgLAZnQWEwDjYNz4Ixn0KMCaUniOmNcSZs4Q0WMFAqmkCtpAyhEAgUS0NkWi4iQMZcb6HKSISIjBAak8pIASCAwRYQIhAy8zX4RgTHGkAQzGQgbGBAokqBsxjQCRkjISQGSAuZEhxU4wh2AgAE6pxQTMLBjOrcl5fLkyH1EB7owF0WQN54OlCObC65rTElJxJgAZK6zhlTeMEDJuKa7rygC5X4C4HwK4NEfON2llIYtY/GYpqSybMcuC8YbveQxxggYABJDQO6DYgWAQBxRMjAsU0jFNa60hLA0ZRrSshkR81a9Cju5FTGGeUvmTDOmx2Kck/LwpwJAAlAMOPpgB9E7SpksQkmkCQHSJCBgDEEBMNA0kwESF7ZUJBkiAid/wyhvBtuaIMGBpFIAjDiRimnEODNyREicAzCuFAYrAME1uRwClfO5Ldi2wZgplY7EAQmU4/hDpRiQO9Wj697hZ9j2DEyN4IYjLQGCUXIZg/56jbziLkyXXm/dF8o+h34qfuAzBgqfRakqlGKBWI7u1haiJ1J/hJKASM/cdN/CAiM+hDxDtQddLGlMFmO5SGQmZL+St2tTSbI9jNwO4Cn9dykM5euZoveKMWfRq56UClddahAL47GFusO3qwtpLNofxy0SMZVLgfatXwHPS+riUtq58AqmSEA1FuQKhQLXfpmgC4F3wbsXZXsRRIziLt8TEno30okQxitBvrcdF4vO6hJDT9FOurREh6nUoi6+GcZZ6A0tFlFYgEIL+9XO6ISWCqD/+UopS6y09z/s3HSwFxWuDQybg0VLK7wM/dqK9h+KvuND0PaKRGO1COE+UaRcwXxot8L2JzdReF2FvLnBgISpApvsZDx5/rlnx0W8tbnl1FNPK0ukNKaZVq57j67333Pv1EmTAeCxJx+/7tr5F158wezZsxM89vb778275BIjnwOAskT5GWedfcGcuVuam044/n9mzkYCCYQKjj/y2E8//eyRhx8bPXxMnx49MmaGcwQESUqhstFGZBKlhZZFNmfsn7/+fv7FVzp1qM7k08lU4ptvfiDCDz/4RBoW5yyRTJZXlP3w/XfJeEIwnfmdBfjjjz9+/eWX8oqKQw87OFlZ/tab7+ZzxomnnThh0uSDDjuAQC64/qbXXn37jDNOu+zKi9taWh589JXe/XrtuuOOCKBI6Zq+fv2Gu+67f/PGTQDEmSgvq6iqqelcUUugRo0cfcOC2xfcfPMrzz7PGDMt08zbMT3hDMTQAYPvvOXmRx5/9NOPPrv66qt3nDrliaefunH+jY8/+nj/AQNsKx/TEn/89ceSJYvTmTZGWLdx3fQjjoyD1mi36bHYgQcfKE2rvqExbecBmASKaXFL2s+8+FIqkTr3rNPPP/88kvZOUyduM7Dfww88vsOUyUJjNilkyBlOmTJpx+23b2itv/zSq1u3pKVhfv7J519//a2Vt+o2b+IMr7zqak0wXSSyOWPpD0t/PmspMJw+a9aYUaM40H1PP3rVFddM3HbbtWvXZXNZxpgAUZ2o0pgABgAolSSlOBOIDIEN6NMnqcUUyJyybGUrIAmKQPlxFPfQPkATrNZcm0GmNCQwsHWlnMNLOWfABAEHSiQS8y69+JCD9+1QXiXBmnfmBWeedDoTPIb6DtsfPWufPa67/IqetV2KJYApbeTciYxYplXTqcOkbbfdd9asqy+9/Kuvvjrq0COvuuqKg2YfXN+wORbXzzn13Ma6hitvuGLw0MGaiOlcsyyLERp5I6tM4lQer1j05ZK2XHrS+Ik1ZVVpIyNJpduy2XyG63pDU9Pvf/zerUun3j1625bFOBO6YP55CZ7J5OgO8lyMRASo3NxkKpSzkV/FS9lTjVsRKUHZ8JaGHmLxk/CpUOsWtFOi8Xbk7dYIKNa15P/j1fgvYYeSpHic8+0KoogYBT/w4QthtwkMtist2RmHT4W6gwDQRCIm4pypnHTqJ02TiKQsj8eIQAgcOUOOgnO0bOd7e4YAOgdAIoVa/ItPPnr2+ZdPP/GkbYYPsfN5ZZEoq1i/Yf21N90yaduJB++3b0yLK2mTVFLaHLG5tbWptcUC0nTd2R8rXpa0laxMVbRuqf/+59/HThjfrVu3bD6PRAlNW7hocS6XmzRmZHkipZSJJFETqGnuJ3yCAwABSlsSgpXLSdNIp9P5nLFm06ZPPl88qHef/ffeqzyRkEaeMw6EiKgYI8bJlrxDxU/fffPUMy8dtM/eE3eYDKR+/vqbl958b9+ZM8dP216aBkNEBaAUIjjgEwEUogIGiMoy9GRiS0PD8w8/1bdP75mzptutLcqShAyQMVREyPztcxlTUqHgXI+9+dqbjc3NR59wHDC0LMV1rqQdSyQ2r1933fU39uzS47zL55iNzdw9I8kJxClnzBWhYkCMKQKSMlle9tcff91+z70TJ4w/6pADpSKUFiD6mxIyIODcEVyEoDgC44TcWcdKkS2lYMgYfPTexy+99fYF55wlpfXiK2/uMGXSlCkTlUyjtJ18WYkIjBEiMCAJDIE0/uvSH6+9667txk467bgjNV1DJREZMHJdGIyBE6lm7lRGXRDDd19//b0PPjryiNmTJoyXhun6PzS2YuU/829cMGncpMMPPVTEY6CIFAEqQG9XYikxpr/83HP5TP6A2YcpIdAmPa79+M23SxYv2Xf/fTv36GEDMsaERK4U92wDxxBkAMgFMAIlAQDi/IZrr//y26UXn3XG1O2nKmUzIOAaKFsaVjjE4UgBb336kcqoORgqWjqu1Y4EKPm0qCB6//0H4EB+WefN8FvF0Pk/0BYt+F8aByiFTzBSpL02/RBNxIUXyqkptLxL0VQAS0KOAiwtn0teRcWCXFYMEfD/5/LgVUGcLUyjJ+uDCKrvCoHALPe9wP8n5dYOUaGaw/6FEiXD8e0Sj0vfjmjwaKEwh/3gWzFtXvWeHt4aNCmNLSHctWjcvrjJwN8codX7CrSEv7vE7A7RXRrxlvLFhNryymx91pUwiIr5Q0U/omT8l4ntLrFS1tF/vNBL9nbO//TmM4TNKQgHu33PU2RtF3pW3GHdim1ZiBSjlbSXfeG9QADut1L+fwBAvp3oMc8Jj0giAIonkuWivKm+Kd2WtfOmlLaGelND40MPP/zBR+9XVlX889cKXYhV/6x68aUXAeGHb36wjLwWFwCglOLAmITyslQ8mVQ2AQAHbMm19ejW/YyTTvrg40/W1a3v3b07kQQizhARJREpAk4SpE22ZZuM85UrV919110cgTgJLYY2l7ZavGjJokWLYnFeUVEWT5b/8euf48aM1IVAAEUyFS9vbGp66ZVXYpro1bdHc3PzIUccnDezyMTeu+89c/oe6Wzbk889vXDhwn33mTlv3oUxXb/m7rvvuO3u6+dfu8f03UzLRIS8aWy//dSXn3tm9Zq1pm199dVX995/f7q1DRDyZm6Hidtfe9Xl8y6++LlXXzxs/4NzhmEa+VQqCQBKAQHWVNZUllfFYrGePbpsrtv86+9/WLZlk9na1EygeIWoqa4x8sZXX39jmYaRM3fdcaesyilSNlg9u/ZgnC1ftQYZWtJCwISW/HHZz8888cS8uZdWxGLr12+oquhQHk8ecOABc86d9/TTzx971BFN+TbGGABljSyCymWyrS0tyMQ2Awedd+E5m9Zt/PGnn6+46rrjTzh65qxZnDGO/MK5F0nLvuTSuRU1NVXVVSk99c+K5ffd/+DAgf2uv/6a0089vS2TQQBQYNqWFNJJ7iKbJMok04HItixDWijItqXzLZHjBldE4O67jE4gggFwRM6EpmtMMcYYF1Jx11WGBExotm2PHzV23DYjtrQ0/vDnTzFdS8XLNKGXx1KvfPTWhvXrWpub19StV0ql2zKSbCLSNKFIdqiu6VTThaHrMwVbma25ZX//2Zxr4SD++uvP1pbm1WtX1W/eFNeS9Zs3LF/+d7bNbGpua25p3bRpE+eif59+yXjK8R5WJqpWbFhzxlnnzpix667b78wYY5whAnJkTMSYZlrWueee369v70fuf7C6siqTz6GXNVcgLrwl6LDFweWBiyRUCMNutvCyDy94r7wH20JyoCipx7dcHNQake6emI4kkvh6yRcKLm6DwCEb+BeL28Kg8tCz0i7SyN+e6CmQ+K5ADXybQXkKAcWQzRFpPXTsnb/rHXpgN2BE8K4vAd1+AhAoAhHX33zt9cVffXPuGaf16dvHTqeR8R+W/vj5N9+0tjSbtklKkW8aILNNe4fJk2bts7cQgpQ080bj+s2t6UxTc0uyLP7OwkUvv/vR1O23r+lSaxlGPp8XQvtw8ZK3Plocj5VPGD9W02LSMkCpDjXV5YnU/Y8+/OjzL5o2JOIxBBSclSXLLWWeffLJM3fd+d5HHu7x7jvXXXtNWUWliMXWrVl9wbzLhvYbOHbY8IoyLvNS07XN9fVf//xLW2sbmZZl5tPZnCllWzabz2frNm7YUFdfv6U1ncsZElrT+b13nrrzlClVPXs7aZ7up54MgaG0lcbEPytWP/3aG+PGjZrIpgDGmtLZl958v3//AeOnbS8ddcKCQyocBOOoGy8bGLmmL/78yzvvfjAucIdpk6UtQUmGoKRizjZ5nkYiIFvavKxq05Yt8y6+VoI44ezTLLsVpFTSBs5bcrlPF30xfswYAK6AkHNUhIxIEiBDcPOfkXNkjBQRKVKyorqqbkvThZdc1bVT19132ynb1Cy48802MEDg3FXpjq+aMRLMXRbo+KkROQKo31b+8/HiL84+83Qg9fq77z7zwkvnnnPmEQftIxVJw2QISnCKxZSSxBAVKMaEFtMrKtfVNTzy/HMzdps2ZJshMm0LjRMRMJRcCMG4VAoQkDEE1LntJLzGEm+89WGyonLshImkawJRAcvls4+++PwzL78/Zux2kIqZhIJzZtrOpCZEkMQApGnefs+9PXr2PfDoo5RlIuesrKyuueXKBTcjT5x0zilEoBQRI0DufpnrfvyJhCyfzdpgW5YphJZua3vxjY8lh4qamjalrExWGaYk0Lkoj+vh9emGkX0DH4OQLBXKC2/F+SKgRODILRgO3HmZwhD+h/y2PAjtrsytXp6QRGhHnEL0ppM/4NNTMq4SElcFNbVPTHGsKexL8y3LkpI28pYvw4qyfMNNIBQ4NH106me4RHTNv3o/yXP1AUI0UlTyxRKxtTBSKuqdL0kKCjgjHu5GwWvttxIepQgfio324kraffp/QhelulmA1R2wHaRlFtDrWRlRB0kJCr3J4Gl0DL0ebj3yGMD7HgEheBZq1nPdeGskHM/3DLIocHUNoBBkAs/BglGGhKFaqUlcMqjrEwPhHyXBapELI8SFonXhkep1kNrLOHBeKTlDHO8/+gzxZE6oMb8PRS2GmhORUv8i34I+lLLe/FbIY93/BUz79YSkZ0GrjjfYQ54+Z0Nj68o3Re62GKSATFBKgE3ECLjGCQA5ZrL5RYs+r6qqLC8vUzZtaWl+7oXnyivKdaE1NzTlZF4TgoCYAgUKGOioMcZRR84ZAAgmTNvaZ9+9Z8zcTRFZyiAApaQmNARgCrhkjKFrKAKlM21Dhw+55srLBvbvk85mkMFTT77w8ktvHHPsEUcccWgiFk8mEjUVHS66/JJFiz53bGpNj8X02D0PPfDzzz9ffNHFTz/97LI/lnWv6XrQ/gemkuUr16/9+rvvX3n5xS+WfHn0UUedfcYpNZU1dz989x133nPYYYcddfgRmWw2puucCxRMcB7XYn279oiXJWMMXnr9ZRIMAGypTNs8aJ8Dvlu6dN7Fl44bN05wXVmyojIFALoWk7Z8/vWXbr/9znRz9pTTzspk0j9//wuQuuDCeTU1HSqqys89/5xe3Xr26dvv0UeesFHuu/9+kydP3pJtAqFs2yYFcRZHQs7QVjYH2Niw+Zr58wcOGnTcEbM3NmzgDLjOEHGvfXZf/PmSBTcsGD9+7OhtRjZbrQw5Z8S4EEK3JMSEppTq073rwF69f/jlB4Zsj332nTZxggJl5q3q6opkomzmzJlkkVJgW1aXbl2vn39dRVli0KBBEpTgzJmXjDPGGHBEQOKug14TgggYY4iMMW81OisFFBCgYtxmTmKXa94BAAMlFKGLbRggI2TAJckKrey9zz6+/Mrr6poahUIhlGVJVBBPpZqbWmLJ5JtvvPXhRx8pUrbTkCRNCMu2xowccfONNw/u298yTQCQRL/89ssJxx3bmm6zDCubNblS11w1/977Huzdt+faVSubGrJavOLss+YkymIrV68aO3bUXbffMWTg4EwmjciI6Jabbt7S0Lj3Xnsk9BgpQgTGAQEF56Yt+3bpfvghh8y/4YY333r7mNlHcsbACW16ewwhuNl//qomRySha2GT+k9KKlzkP8iYwjd9tFUA7jDyPwVNuZrBE4MYfRp+IfiIAIuoK4KTnoIp9sX+3zoGES0RpjHcB681rxiVehwlN6IGyUWTDIiz7t26fb7482V/LLvzxhsHjxiqTHv5ylVff/m9AkVIoNyzSRA4KWppae1QWbXr7rtxxomx33755cYbbv5z9epMzurSo9OqNRvbWjJnn39pdUWqZ48umbZsUybT2JzOmNYTL7z6/gcfxXWebWkbM2LEdddf2aG2dv999snY5vMvv7nL1CljRg9vzaQfeeL5QX37jRyyTcdevU447uhzz79oh9ffnn3kbGTswYcfMc38EUce0qlDjZHLSqXienzT5obHH3lmQ0O9bdq2UvGyZN2W5nVr13WuqZq+89Rtx28HCjvXdhw8sHfPHt06VVdXpsrtXIYjMgLgSJwR48S4szNrMpGo7dBB4wKIAEnTtJrqipgmwEHrPvJB57M6BYo4AkcFiEowyqSrqqquumruvHmXHnfS2TdcdelBh+xjZDJMAXAEjiCdzxSJSIEQQheg6ITTjt+0ed2TTz4+cfLEURPHW5lWJW0ASiTitbU18XgcAIAxYDzY4lIBMWVztJARY4gMOIAmmm3ZuW+fM8887Zc///zq5x922nv3vOB6PE6AzjJHZJoiVJIhKsEV5651i8zpnBCEgDbyTh06xGNa/ZbNUydPfPG5x+594OGLL7uUKXXUoQfmTUsI9tvvf7764UcKVKatNabHk8myVDIByDp37rx+06/X3nz70IGDlWUkYsIwTMMyELBnly4HHnBAxy5dFOdM15f9/Otb733aqWvHXD63zdBhX37z3dy5F5aVlcW1BJG5sW7TOx98OXjk6JzCG2++LZ9Oz9x5+nZTppBlKwLFGUipx2M/fvnFhoamU844m2lC54wAbNvedfpOM/fY5dX3Xz3ujOMSldUkJQOFCCglZE1CVMgUUSyRvP6qy9/54KOaisrqjjVM6OmWTGVt9fxb79i4vt7MG6mq8t9++3PGbjNvmz+vXGhSSqZcV5x3BmKRoeykLFBg6kaW5H8x3X07tOgFLLzhWjxFq921UT2TuL2vxdwa2iOqZODRdaD8nwXbf2JAWNi6sBncTzeKE/+2inVL3fOOHPP/hNBXuv/xCtwL/w8sgLAYLn4SckAUoZKCCorI2nrQCbf6Z+krnEn0X/KSwm+2cx+KTfpQWxBkM/lZPqFcp/aiXOHp7S6QkqMfYPsoGiqIfaGb0r21cFm4LV/RB7U4M4S8NI//MLtKhtb+1YT6Pw2KP2ejPCxyRQEU9MgjpqBwsVHkF22XggITxYe9Rd8YF+Tfov9PqeYC2QT+Ivfc9UGBcHVBrtjWaiuIgZRcihTIrOAYrAK/A7ng0zWMnfRA1+FClDdMkqChkGQNGNz/xgU3jt92fCKmP/7E47ffcecl8+btssv0RHnilRdevPX2W6UpCcC2LaVs4opxYVm2siRIh2xGQEqqBI9JqZRNgnGGaEsCQCBEicgBUClSBIpMKxFLderYubamYzKRTCTjHarKScluPbr27tJLSgVAhmEgKkUW54IAkqnEpobNb7z9zvDhI/faZ6+77r03XhYDgI4V1avWrpl3xeUffrRw9xm7PPTQfdOmTgUbHn3qkauvvHbmbjOvuPzyqqrytlw6wRNIAFKZps0Ya8lmeFyYUipbSUsCABIz8kZZquy0E09UJNdv2iiAS9suS6UAQJJt2zKTTg/o369Dhw4cuOA6F1pcFz179GEMbCm31Df36dV7xu7TH374sR69e+27xz6WNAVnwJgpLSBAxpAhWTKlxbNm/pZbb1343sKHH3sgm82ChJrqDpZlZLNZpdTxJ57457Jl186ff/utN1dXVJnSYsSAFILKteUsUJKIM/HXyuXPPvPi2AnjBw7o02y0gVJkI+OclMzk08oCRpwJjOnxmdNn2CSzuZwtiRQqd2Bcqa+AmDc5mRtlIOWGK7zJ5NodhIRMcZQcAEzbZM6MQlCMGCpEQEBGyJExQGDcArNX714nn3RCPKXrQuPEuWCNjc0Lbrwp25pJJeKgsKZDx8OPOKwiUdmaTcd0Fk+kNKElU/HKivK8kXdWx8oNaydNnXTh+ec3tqbPOO30SVNHnXXmmdIyn3zmmeefemq7CdvdfNtZXbp0+uKrLxd98VX3Xr332n1Wpw61ppHPm/ku1V0+WbLopRdePOrIoyeP285QJiN3uxQgQmRSWoapTjvp5E8/+fjWm26ZtO3EwYMHZXIZTWgKwEOYjnh1zoZwd4MJgkAlXJ6eKeEFJr2UiECuhCRG2EEYFYXR1LHAuCP/y4rINgAhqeKVDkdZozsWFDvhwhlBbsuRpyHL04mNkzcxSsZsw/ake1pDtG9+n6K4HD1BF+l0qHPB237IJFQqIMWdvSFBjwxMa8pO055/5qkTTzjlkCOPf+LB+0ZNHn/gwQfts+++AIScOWdTACLnAhkSkbQtzrhlWESyV+9+J5922rr6jbaCYcMGf7xk4V23P7LPrFkTxozq3qNzU1NzU1tbzso/9eyrfXr0mTFtUlVlWVki2atXj67duuTT6W3Gjd8/l3//vU8OP+CAKTN2BYDPF305fdr2wyeMISu3z6w9nnr02d//+j1P9u9ff/nmW+8cdPBBk6dNJmUTKM6Ylc0MHjBo/rVXGcrOZjNxXdvS1nzhZddv3tBw180L9j/8IAAERblsq5J5joxZwCwbJLnOIuQsHmNCSCLbcLiGecOwLAsIgJRSSlkWOcmZCgCRaRwUKSeGZynFweZA0ibHY8SY3drWs9+AOReeN/vwkz5e+Pke+++eyxuoFI/piJxrTCgGlgVc2aaxce3GpnRbj57ddthh529+/OO9d9/r2rVD3rC7dOroEON8PwsAwBhw7kohpXhCyxvWi8+8+Mrb75aVlXMkZJy4sJB16lbb2LClLZ37dMmXLXMubKirT6bKTEua0symM727dD32qCNGTty2pbHhtZdfXfLND0ITQBYXTl6PLS3JEYUW/2v5iuam1vk33tGvX6/OnWp1LVZR3eHOex4cP3LUNsMGWabxwy/LrltwQ98+QzrWVGYyWYtkLmsIPYYaKy+v+PqH37758VeBPMGZaVrJVKKpudlsbRvQb+D0vXsp21ZcfL906RPPv96tV+dOHasGDehrWLmmptbf/17x+UdfTNhu23Hjhk8YOxJB/LT0x0zWyDQ1D+w9YOKk7ZRlKYZSMa5plqT5d949avTo7l073nPbbTE9blu2JsTgIQMHDR3x5bdLb7vjrr7dexrSspXMZ9LbjRo3fsp2IIEQlVKgsWX/LLcgdu4FF1RWpbRYPJfNE7KmxsYtDc2JZHxA/96nn3XBqjWrLGUrjElQiESSkAEwdPcT9oOfkQWOnnzzhBy5eAcCaztYnW7sC9v9BgH9xR0WcKVNsohYKjDPCoKZETstaCggvACChq9A1oSBQSgi1J4QDFqLWv5F3QjAWEFU0BewEfo9veyKSwzzOAh+BpWHK45oi4CCsJT31UFJap0SPl6Khny8zed8pePhXn+WhANpUW6FfgRaM6TLSsUA/VfaCcyWIt7rbPHECBfxeuQ24Y9KUG/7lr1fhw+Wo20VjkJEY3q9KxjxSI5TwY+CbvrnhjicCWGTgHjvN4baimA2r/VgUoTqj17+knUPqotQ5U5GL9UptFNPwRUKTkYMmJKjGDY8IvFSKJzm7YSOI7CrYC5BCK8WB2s9oeERWXoahKiIPi+QEwX4M/Ja2CIssLQKhV2oXLgpCKZIQccKpvu/nmHg/OcrAeYn3/rNO/mA3g03RIOAKBUoYgBc47GyOHJEQi5ETOgpPQYEZj5t21aHjh2rKyqac82b6tYxoIqqSgbIAAXjzsZ5MSEUZyKmKaC8zOtM1zS27M8/PvlkUc40K8sT/yxbMXzMGEREUIpLYpyIGACQEgn9nxXLr7vpFmRgWOlEXK/f2Mh1/ZXX31v2518EpOuiLFX28UcfafGkJRUAWbYFyPbae89t+vcXQuiJhFQAAFyIL3/8du3GDTfdPP+wA/dPMG3z5s33PXj/bXfdvfMuM25bcGOnzrWt2bQQHBEYZ5rGLRsAoLIqpQk9oSe4xp1VwBkDZHkj17dX71tumB9jidc/eDWRitd27gCgpLQT8fgZJ554xoknATCdxTZu3njk0cc0N7fcc8cd9fUbcsro0rGLNOxEMrWloXGvffYcO2V0JpNvaKtPliVT8XIbLERAJBGPb9rccMG8Oa+89Nrue898+ZXXHn30UV3XfvjuRyNv7XfogU2NW/bed78LL517zFFHnWnTvQ/cU64nckaGAST0eDIZN02V0ONr1qyYO+fi9WvqL7ro4srqcqksTdMAeSKZMkxTaJpEyRQDRjbZTdkcQ2TAQifreS43RCBwdhgCACYYMv9wAPDdsRwYkHv6pWJKMQkAZNvu+YXOfv7M2a4RObpHB3DG81Ju02fA0D7BDkBSyhvvvI3H+JGzZ7/73tuz9pz508+//PrTz9ddeVWXzl3CU92URjafi8fjGxo3r16zct5FcydP2E7j2n0jhoyfMmHqxAmpeHynHaesXPFPj769p06axIV66OGHbDN/6SXzths30TKMnJGvLKs0bXP+ghu69up5/PHHCsHbcrmyRBlKZJwBZ0QUE6Ip3VJTXn35pZcccMjsJ1549upLLovpMUta6B5d5fxfIDCcMxm9FVm0RIOF74mO4M1ApEYFUCgFBYrtJwIIbaHr2RfhVws0pQ/rfJEcaS4kjNuTOcV2lGfkhGVxcZ8LWwhxgIrIjKjTKFAN3IUeHPW3xQwrFQg4FM5nclQh+W97hDJUAEZTy8DBgx687565l1z74y+/jJowRosLLaWDZQMRIAMhXPlqmcAZACdTSUlW1qrqUDV1+o62bUnLYCIGylz43ucnnnzM4EGD8nlD2aYipXNcu3LtuHGjZ86cxcACQD2WUKZl2oqkbRpGU0tbc741n88py7SkoZVraOe++/rHLW0tyfLk36vWLLhhwddffVdWVWUr655b7pi+0w7DRo4g0ybL1jTs278HJuKc4eIlS+649/5cpu2O+ZdPn7Wbmc8JXf/t+x8X3HRzdXni3HPO6t2jt2kT1xgBEEMmRGNDAzCsrOngHNEpASSRf2oHIEhHXTjZ9UJYUgJIwYSUkpWV/bho8fOvvt7Y1mYblm2bgJjNmxWJmGWaJGDR99/st8/h+VxeaKysvFzX2KBevQ47+OAhQwZyhstX/n39jXd8tfTnsrJkLmcAYn3d5jsffOiIgw+af93lzsgrDoopZ2iJMSJn2yCGDBVSWy67afPmCsMGQC0Ry5nWXytWtbS09u3RdfqO07Q4//Pvlal40pDZLc1NMV2TuVyz3pyz8sCFtOTG9evWrFkdTybzRp4BMMY5Z8q2lSTLtus21ytlNzU2rkL68YefOfIenbtUVZQ1Z1pFLJa37Zyyu3bre9ftN+20w9T6ujrkkEnnFFOWaWlCKAI9rtl5G4iIQSqZfPfjj6+5dkGirJw4V5KA1OwjZx986EGESo8L2zKy6Txj+MlnS/5ZtvLQQw763zEHtjY1KoBUWbllmIxEXGjKtlyEZJmsvGzR+x+8+8Gn99x5WyaTvvv+x8p0Xdd105IV5WVc1zp17vH6mx8YVl5o3Mhb6Uxmzsls/A5TUEpkiN5GTqO3HTlh+8m60JSyABFIIXIismw7xlXHLp3yOZsAiaEne4JkVjcYHhI5iIEZHwE7oXS2cGTUFw4UkVUljGg3UBla09DOp4s+TGnvKpmk1m7hYJttgOh3iQX2XkHVYcBBzpNSwZZIVX5KbSmiQhmbBY/9KFkED4QTawuCnxThYzHtodCQhw8DF6Q3epForV8YC8NKhTjKledubcXJiRBlaSGGdAc+qN9HpFEoW9SjSC1u+Df0FMP9KgwvU3BCT6ChvPYiKLS9y/OFRLVZ6TAmhOZbmADwOeZuwxMBIwWqv6D74btODQWRzxL88e8XcTY08z18F+TbRhoNuy0KsHJkrbhVUdhH3O7lEU9RUrf2BkR2PyrJGY+3ISFTULO/R1H0teJ6oLitEO/+ReL8y/5Dpa5/SYfwrsIShbyOyOX/ciG48h+BoXd6mmeiuYaaF5dxvk1TgKCUEsATqG1aX9e2JfPN19+uWr+mZ4/uyUTcVtICFWOiurq6Y8eOQtdbsy0Xz5u7+LMvOnXtUtuhFgCYxuMogOEPP/3w+8+/GXnzm6Xf7TJ1x7JEMmeZSYx9v3TpbXfc3dLU0qlTrR6LbzturC40xhnXUDGlpCQSpmkZtt2Wy6xev1oXmq4Ly6JM1rJJ1W3emEk3C41VVVRyJtas29SrV+983kDAvGWUVSSOPfrIZDze0LBF0zXH8s/mMtO3n7bj5Cm1NR1jqP+z8p8FN97w0kuvCS0upWxsbOzZrYvBNVtJZ096tJWSMpfLZYw0SazfUpdtzQR7ygAjgnzOBCS9Ir5+/UZC6NK5q0U2RwSlGltamlpaNtfXIyPTkoiw4o+/zjjjjE8WfVrbtfNbb76+ctXyxZ8v7N6z9x6z9qiMVX76/aeXXXzJvIsu2WWXXZqyOYwTY0zTtL9X/LWhrvHSy6/cdcaur77yyqLPPgOFNTWdtjQ3Dxk8oqGhAZBPGD/msEOOUMzOZrOV8URM6Lomvvtz2ap/1igF6zevWvjJZz/+8Osll87dY9auljKBITnbOoLKZtKGaWtCgGAKJUlijCOQlFLZdvBBFvqwAEGRtBXEgDFGwcEO7ucBHDgRY8QBiDgwzjSMAYC0FQMe13Rd6E6qF2OMITBkjDGG3JGVhrRMK5OMxUDyv1cvv+v+e197590759+0/557Lf5i8aAhg08/8cz9D9pn6g7bX3LV5TN33726vNKw8rZtCaGZtlWVqlr0zjuGafXvO4AYplU+m82lt7QoUoa0Enrq/LPPO/Pcc44+/ri2trRUeOG8OUO3GdbW0sYQdC5sZV+54Nrvf/jpzttvHth/QCadkSSdfFlChpwDgJKkMZExc5MnTj1w/72ee/aFGTN2mzZxO1NZ4AQ/XSjjKx13NyZPT3uqeuve0LAMKJHgSoEFElIOIV8gOB+NlMSKJYRMVKyEpH7E1mnP6GkvIlHUEYjKsn9xn0VICdWJrhJyWR06YdwzhiC80y8QRJiNkX0OPZQa8Ap9g4oAkTGucZkzBw7b5tlnHuJc5W3DamvjMaFshYwrSyml8nkDgUzTRMFjuohrMc44ogJpf/zWx+998okprURcrFq7cenv/1x1xXxdw7Z0uqmxySYZjyd+/2f1wi+//eCDjzJtrcqU55595thJk0kScIGazkTs4Sefe+/DD7fUtXy99I/JU6c0bq5/6vFn3134eb+BvSTiPQ89WVVR3qGi+sWnXxbARo8cKXTNshVogpRUli2E8dr7H1x0+Q1lqfKnn3xg5Nhx2XTWkqqtvv7aG299453PLjz9+KrKaoVInJHQSJFiLFZRcceCBV989eVtN904bPBAAAmklK2UIufYUmSMFChpA4AejzVsWHfRvItHbTP09AsuUIhAZClKW6ZiTEvGuc0ZY/Fk2YZNmxYv/nLwgL777bV7Lms0tbYahmlYlmUaFhcSSOiamc9379btggvOaUqnM+l0S3NTpy5dvl269Obb7tbjMYjHAYAhklKGYQAAcCYBABlD5IxJw9IAjj3mqNmHHWyYZjKZ0HTttfc+uOWOB/bYacq8C87q1LlTW2v6m2++Q4a7TN8JgStFgqFgqJSyGuurKsrnzDn/QkQQTJFCxpEAES3TBM45F888+9wVV15z/lmnHnT47Lr1G2KazjmTlqUzZubyQtMEgkaqLJlgOiurSIhYsrJaAXP2V0clbSClpOJCKNsWjJUlElywWFwAoiJFSrU1tzz19LOLvvkOEJW0mrc0c02s2bB53Yb1N99+z3sffLi+fktNKllZVZFry+wzc/phB+8rkAECmYauxzKNW2695x4E3GabwaPHjHm1Rx8jmytPJYEok8sJXSS0eLIiKeI6KWxrSwuudaysQMtyts5ylkMspr/5xpu/Lv2xqTVjKhB6THDGkBEpy7bLyirXrFw5YdRIZMyDnp4V5zm9CbHA4g/7zkqJFN8HtHXhUPi1WEj2USBrAgs4Wr1bEopt2YjpGcKUEYKKLMyoxf5/uQpjd6EQToG97kl1AFfqRfJN2m87HGDYigyPIJyiykrGeNtrD/xv7UupgX+LmoR7/e82c6BYiqYMBgVK+QIiLwcK248hlmgdPYwRPeDHaeC/4pzI36U+cYTCG+3UHAKfUARBo/UU5ZG2n1YeXaRBEyVj0Fsjy11e/jIl7zPA0nH1f3HzeBD0v8yIrV/FC3WrmLaQdUXDVRyILijgNvGfr62hRQQEFF4DJR477hHXA+gkp4V2wQYP/oYdOC6tFAihAI5vRaz8a5c8Glyz16cQAIDQOyPcM5qdrUoRyEbFqhNlS5Z8NXfePAK5dv3auRfPmzRx0h5779mje/cYEwSw0867dunVfciQQW3Z9MBB2/TqM6hXz24D+/YjIs5YzjKee/75W2+/vba2NqHrF8254JCjD99rzz3LUkmS5h4zdhs1YoRtm1WVFRUVlbFYUgE1tjVb0qgoq9CYBkRcwyHDBnXt3P2wQ/bv0qkTMl7Tofqxx5+6+ZbbDzvk4BOPPTqbz9VU1yiSt9xy2/oNGzvUVCoAzjkBGFaecyAOxICUApCMVIeKaoasqa31pU9eu/Wmm9esWnXyKSd169r9pltv/t8pxz9yz72jRo1pzbUhgCKIJ+Ifvvf2bnvvkc/mYjEtnc6sXVe33dTtPcZSjAsNBWpMSvnnX8vLyytrO9ealhmLx7785ut5F122ZsWKTDbDOKZSlS1b2sxcdtHXXw4YPHyHHbb7cvE3F8256PdlP1VU1/7+xx/7z9pry5YtP//6m850IFCEiEzThLTtieMnzr1gDgdRpifPO+PMs8442bbkZZdd9fOvv91+4w0EKq9MKdX1N16biMcAgJTUmPbmu2+fc9YFilgMxdGzTxo3acIDD925007bg1Qa14AhAwKOh82erQusSJYrIkvZihRnHJQCkADg7qtCRKCUa+wTA6ZrGmcMAMrLy1rTOQ95OuY7Q6VQgnNOugSpgKSkvGFk0rkONeX5fJ442ZYSXBAqco8yJAWk6zFCJbjQQd/YXPf0sy899OgDNeUdHr//4R0nbmcrZSlz7eo1PXt1ffvdt8+fN/fM884Z8dCDJ51y0sxdZpQnyyxpOhP89TdeHTxkWN+efZVSMa4xwcsqKjTO12+uW7th06Spky6ZN/f66+evX73u+rtumrnzzpyxPFhMsmRZ/LoF19+24LbjTzl5t113sywLADRN54whY0hKKamIEEhwYYMkosMOmP3SS29++tmiaRO34xxtUoBASO6xeJ7DuaSPsR2vYmRdb1XWutqxRFps6HinIKMptPr9or74LJKwIQJ8YygQUEXPopev7Sj6UUTY7gx30HNyRD3TABBoQYwYThT5QUH5EA2OD8AH6dFNmDzl64lo8m87TbmJ4ogEGmdCAwQFxJPJbHPDyaecuWrFmlRFysgb8VRCKW7ZRj6bZciMTF6PaTFNdK3teNbJJ4yZsh2PJ5Z889WjTz89berUnt27d6vtdMQBe1i2yhn56g613bp0t2ypaWLokG2yebOsoqKhKf3BR5/sNn36mEmTGRcAEIsJTbDWLa0jhmzDIC4YL48nart0vfyqi0+rb+jVr/evvy874+w5Jx13zPZTtstlcj26da+sSMm85Yh1xVginrrnkYeuv+uebJvZr3f/J599Nf3A47UdOlr57MJFizWeuP/W6w/Yf2YiHjMNibpOyEDjZJjA2U7TZzz20itvvfPuNv37M+CWaQHjCAhKASoGICWZTqIIwCeLPn/s2RcumzMHEFGRyrZOnDx+4rSJYJjSlghk5w29sqKuvnG/A48Y2LfXvMvnScME22aa7vltiCzbtiwmtLLK+NBOtSQEInFNB4D3P/mkqqJyzz1nAWoAJDiLa1pzc2s+n0UuGJGSNjAkxkgqkISkEJSus1R56qVX3zjqhNOHDR588vFHde/ZPd3UWFVVJW3rugU3L/zs8zNOOam2U8dsJheLx5iTR43ANLHi92Xf/7asvLI83dZGpKorK6sqyjp3re3Rp19VZQUp1dBQrxRVV1a0pdPvvv9hv759xo0ak8/ktHisb69eIwYNArJ///nXW269iwABUClpWjZwMg2Lc+bM+IF9+p573mkxLU6mymfzoAhsW4hEvCyZSJUPHTy0d58ecV0jy+7dt+cHH39674OP773H9JkzdvznnxW5dD5ZVlaeSI4aMUiLxckygUiLxU2C6264/ptvvkskdCQCwCHbDMyl0xvWrMkbeSJQQPXNrdjGASGXM03DnLLdhIryCrJMQAAvs9lW1K1H5yuvvLxf756EKKVt27aUysyblmV17Vh7wlnn2qbh7U4CgAxQ+bATGfMlD4Fz5B2CH+uMLtoCq7dEpm14kxXynOsQIDfAyNsRWeH8LnXKVaSF/4YiSr4YqbqdSkoIukhQK1o6JPHayRQtjQkjbIyE+P6zkR2qpTgXsbjdICpbqoVw8LOgnnBzxTSEreT2gE9EuXlhUxeJQYDNEIr5G+5l4R0/KBVoDXCRPxRxsmSQNqAv+tstHLgZCu38Yj4UY/Z2805DT8McLtat4ZKlElMLAEqpzjrwIeTWLUzELagfiCgEQcMUlvrYp/DyhqEgak1FRYJBj5IRVF4KWzkzxCsZSsf4N4FQsMT8tHZ/1NA3nyITPgqDS85uv3u+j4WQgArjnyGXFRT1KRAfId9KZLoFq+U/Xf93+cjCrzj+CFJA4CFPB3wigFKKJHBUjz759BUXXzlu9Nhbb7vJttVjTz121713TZg4edTI0Zsb69rSbYiYzxpLvvpS17VhI0flspnVK/959+MPdt91Zo/OXe64/darr73ulJNOmzP3PMbwueeee/zpJx6+76F+fft16typsrIyrieY4MhRgjSzpkK5YtXy2k5dzjvr7EH9+zblmvRY/JSTjhOkxVRMKWUqM0GxjlXVnGuVFVVViQqNGBlWTNdPP+lkqVSqsiyv8oxzBQo0BA6IwBhnggPwjQ0bGxqb6+rq77n//k8Wfjph/ITb7r5r1szpHVMdp+20/cmnnLL/oYfeefsdu07fCQjzRq6haUv3Xj333GvvTXWbLMsWCCRpxx2mAgAwEJz/vWrV+g0bpmw74Ydfv3/3nfd33HFaAuKN5hauoxaL7Tp9emVlZZduXTpUdsimMzfeertpGh++9VZFZcWiLz+/+PyL6jfV3XnHXV9++/WDD9w3cEDfr5Z83n/AwKGjhmVNw0l9QmCmbSdTqSq9oinX2prNCGBaXJAhM2aWCU0pasulEZBxjIMgQypBAvkTzz95ynGn7z5rz3mXXthQV3f/gw++9cZbv/zw26IlX/bp3zsWj2kxAYoQOGOCUH/j3bcaGxoaW1r32XfPvl1755XBmJBgSmlLUopIknJySJRSimRLa5ORz+uxeMOmhkRFOQPm+jAUxTT9prvv+OT9DwXjyJltWYwLRFCmWrt6XUtTxRGHH40MuSYEcuccEs4EoSKh3TT/+mEDhvz+z7I333nn5ddf21DXdPTsw0448ZjeHbrlDQPiMUBMlKckqm6duz384P0fLvzklttvP+fc8x8cPGjX6TMOO/SQvt17ffHTd2+/9c68Sy6p7dLRsu3mbIuVNxd+9tnqf5YvWbJ4xdrVJ59y8ty5c/sP7X/9NQsWXHf9pvWb9t1vj769elUla0xS202dct8jg3bYYXIspeUsU2hM2pZhGM0tzaZhck0gZyiJIdM5J6SxE8fdeNuCvv37gbNxl/thPrkIy9k3zjXliNyQnZuttbXl3Y47rfD6D4koxQ7vf6uVQjZdSNK4Wt2HfKX96KWr28pTavcwOoQS53z66s6V6uj/W6oXGOlENKsFsehW+CExJEDO+a8//7L4q2+Q8Xg81rlTx5123WWPWTM31G3mHFqbM58t+eK3v37fbtzYGbvumEomrZyRyRv5bC7OWU2nWrJtACwvS/Tv0eW6Sy8cNHRYW7aluSUTi8U5R8Y5SAIEoWu2LUFBh9raX39Z+stPP6SzOWSMMY4AHFEpefpJx+578MGbN65Z+PXXiVgKRKymc5dUWUqvqAZFjc1N5fFY/6HbWG0ZZVrSkk5+Adk2cg5KLvlm6eb6liH9+2tx/f1PF69cscrK5zvWdDjz+CP/d/ThFVXl9ZvqqmtqylLlEogch4sQMp3ecccdZkzb4bV335u158wRY2os03J9p0o6kxwRnE2/iOijd97t16fPXgftCwB2PocI1NJqm6YlLVtJIDLyRrm0rWxOKWkrRdlspi1t20rTNARiiAI554iIIDQCZhnSypoMVLJGe/G5Zx949KlzTj95wpRJa5f/2bFzV6UgHkt8sHDxHtP32HO33U86/YR4ImFl84AAjCFjYJOu6ama6sVffXXJNfO3GdD//jtvGTt+bLqpKRZL6jF98vZTt1305S0PPJHOWTded3lZdbWRzjFdVwhMCBTi6x9+nnvdTZ1rq0GSkrZpmpZhzdp951vuWFBeUcVRb25pY4xpuli69Kc5c+ddfOEFE8dPpqY25Hzq5MmD+w+oqC777ddft2xuNKRUgELjxFAgs6USurAMO6ZxBUSE244Zc/N1Vw8YMhCVHRPcbGvbsG79tJ2mJFOpRCKey+Zbm5v1WEyLxWxFFanysaO3GTV6qG3ajOuZbH75H39buV+GDO4PAIrhS88+c/fdDwwdPnzF8uXpdJoxlmnLXnfNDR9+stCwrLxhanGdgMdiOiAC1zvVdujSocuYcSNIOQdgAyoFtgWWiolY19oOtZ07IiJjnIiUUrZlEaiW5rRhqmQsBs6nB25mNkPGgDNABiH86W6jCV5qQoEBHRYXPmINPiIA73tATziEikTWtWtcev+6Ajj0moNCS3n/qD2BUCw220FD7QXZ/MftoaDiKxwF3VrA0LNiS2LR/xqxLFHt1h62h9Kd0fCzZkrkqf5rdwobAh+s/V+7shUsW/Jy1YTTkhfqC6vYSPju/+1qpxv/Xl17Jf7fxrcgyh1yNITjZLAV0N8OUSUC6UUv+NNDgSpRJnxtvflQqf+/VwhRe2PkA8bC6gvc6+3RRCXEGoY75Fk40RddLB84VCKfc3p/RvBnsTcr5CEIoL9foDASWTLOWeA/8GmLolc/yrq1QUA3SdKRvUSK3GQzz1YOsitBSVkmUhvrNz72+NOjx028/747enTrljPzE7cb8+EnHz/55DNz5pyXz+WJiHMGBFwwM29KZesaz2az/bcZOWbs+B6du5hkHHrE4SeffkrH6g7ZfPbUk0+dttMOjz3xxOeLlixf+Y9tgS0VMXCsLJ2LeDJmWmbX7r1j8QQCchTEEIkpm/LSECRIKUSUpBQA4xoi2rZKcA0UVqQqAMlQtgIC5sg8UkhcCI7cNiUAfPTRh6eecla8vHLEiJH33H7b7nvP6FjWMW8aG5o3jh46+sH77jvsyKMeePSRXXadpiEHUGXlyR1nTLvgzLOVUs6ZAgBAoLKU0zTBgb/zwbvnnX3BkBGDGzZt6lzb5bDDDrHAUCRR8ZHDRkwYNc6BZELT2lraPlr4/m9//VNb3WFTQ93LLz+/7O8/n33mhb12m7HH3rPwcnnYvgcnksmzzzuntrbTltYmLgQCWpaVN/Jc6ITIkHFy9/sAhHQ6pwgYQyJABYyQGAAHRMxbxl+rV47dfsp1C64e2Le3pG0m7zjhgw8/efqpF555/qVsNm1l81pMI0KmcWTIBdN0jkjjx42ffchBjEAAd+ZSzrRQMCLXT6FIcWTNmeZTTzr9z9/+qKyu2bBu/Rlnn6kJLpXNvEBWRSrVoapDTNcFZ6AYMpTS5poYNGCgAimVk4mKBIpxhgx1XTNtK1GWSqaSAPDJJ5/eesvdM/eadf/9J48ZMFwRZfM5zjgHyGRzwFmMaXnKW1LutdPMyRPHv/3ee/fdd//HCz/cZ89ZGmo3LLghXlmxy847SCZ1Jn787pcNq9euX7M2N2niLtOnnzF82C4zptVUlu00eYeRTw995PHHnnv+pTtuunH7XXa94/ZbBw7ss92ECYLrhsxnjExtsnbRt59fe/X1yrQNW/2xfM0xJw7QkFlkIUPBNElSE/yI/Q+2QWYhryBIJYDItkD+ESYKgrUc4LJwElhJwe2701zp4YuCsAwJyQqvzkAotOduD7WE4EYMnE64v6JNgysr2vP0l8Sa5Mny4EaozfCRKBiprUQKUKhSryUMuFmUKxxmmQdFHd9n2HkMwedKrnsbCZGAKVJC1zesX/f6q29lLLNhyxaU8MXiybOPOcYn4LRTTlm9Zs3N1149YMTwTFN9viVb072bNPNgS1RkZDMAYGVMO2fr8finn31+3iWXpTPpzjW1hMiFIFKGZUpLZi1ZnkjdPv/y7l27dKyuFbqOns9QKSkl2bYJQMyWZrZN4wwYByPHOUNETcRMS+ZNCyybETHBGePKskEpxgUoZVrWZeefcezsAysqK6o7VL/z0Wf3PvRkdbL8/NNPmLnXzERl1S9Lv7vi6gUH7znrkKMP46atiIADY5qdybKy1IEH7Pfhp599uvDzEWPGKwbStogIJAEqRFRKGbYFAN9+89WHCxftv/e+o4eNsNNpJCLleFoY44IjAhDXpB6PQSZrSwsREbkmBDDkXLiY0Ukv5BycAzcZIWdlFRWfLVp41pzLdpo86ZILz3ny0ceff+qZm265qbq2U3NT09SJ4yaNH3vVggU//PTTrTdc07FHVyOdQ3L3QNJjyXff+/S8iy+rSJbff8/Nw0cMWb96VWtbLpcxUqlY5061++65x0cLFz/z8mv9BvU9/bj/iWRSIXc340U0snld0y4694xpO0xJt6br6urveeChVavWAWhdu9aWVZenczkAyNtq8Zdfk8KJ47eDfJYBKMvWOe/Zp6dUcvzkyS9vvz0xJi2JQNK2uSYQQMR1aUkkMkyDM5GKJw485AAlbbBtIcTSr7+/8Or5GxqbhM5y+RwQ1XaoGTtq5Fc//JRubXv0mRcNmd24pen7b5dKy5K23bCp9YTZ+1087zxGKt/U/PhTT83YY+fDDzjshJNONk3TmbH77LPXjrvsJIQW0+KxZCKmaclkXHCGDOPxRE15hcqbpIiU56CWUiIs+/XP2cedoggYoqZrtiTOOWPcIGlYsm7Fuh0mj3cPL2Xo2uvOdsQO+Ay8af73jehjQneZ+4IRPVkEAIHthRByVHlftpNvjwUC1L8CweDJgZB4CoPAQGZSWH54VpvTUkljuhi7ht8sMsQLrNXivJWCmxFJj0GH3Pib55xz8LZvdm4lNBSI1qik9I3pcJkoJYWUR1BKYTMQ/nTTLRlwvpADxQykiIaI0O97QEvi/IIh8INg4brIK+lazqHgPIETn3cbAL8foVfIPwrFvRl2l3jsCpQThP/0uxHllvdvAcNDz4N0oYJZXoxwilhRwJ+SlsDWBgVdlORgBJ8XkZLut6ZUMPOh9JgGKDTcbskIefBlTej9Ur/8WsPvhpjTDkovmWGKfo+KlkOxhVMiZltQoGBcIsLHxZrBFKVoDe5fUfuKABBEmLKtO5n+PaxccBW4iwp4FDakQlQWNxsRuOhsgaLAD3u6fshoRAFAMM0kq0PHDvc/dGdVeVVNTVXWyEildND2m77vDpMmb9i82TKktKUQQpGypLRtRQwZcoassqKsa5dOBpinn3UWYxwZb7YywCifbxnQf9Bll1+2uakunzURGDB0nPQACIqYEJoQZWXJRFzPSVMIXYJ0DnFhghEpBCCQHWtrd95lpwEDegOA4AwYKCQipUiR/wMUY8xSFtfZrL13k5ZFQKNGjzt33oUjxo7efdedK/Rkzsq3WGld6DqPNeWbBg4e+MijD27ctAmADGXXdKqdf/11GtNsskxpOYlmBMCQC8YVEaLca49Zqcoq0zY71dQMGTJgYL9+WcvQYroCsqVsNdocw5srTkLtPnPmmHGbDbTiidjOu+/We5thk6ZNaMm3pMrL5l500bYTtyuvrJgyaWLaTHONIwNLWd17dT/59JN79+5ugQQGgMg4MQaoiRkzdm1taQMATXD05CEiSpJcsHPPPv20006sSlW02FlSpDOxz6y9d5q+08q1a3MZQ1kKGXJgui6QMS4EZzwW06urKmvKK2xbMY4SJWM4c49ZY7YdbYNUjAgVISmyY7H4bnvMHDpsREVlee9evabuNNkGm0gBMmQolX3i8ceefMIJzlxSygWuiOj8BgBkrmnNmAs+BDIFZFm2TfZ+B+238+679O3eO85iWSsHhJwzxiFvZabvuuuwbbYhRs7uRS1Wm64lZ+8/e9dddjZsoyJZscVuOfyoI4857ujOPTrn8znU9F69us277vIe3XtMGDe2Nl4NABJsU9qmZVWlqi86Z+7s2Ye9+sY7UtnJMt2SVkbmUeY1zpGhCfkuXbvsOmPmxk11FRWpk048YdddpjlzkjHHdYe2kgaZCh13unKCnz6gIg/0eB8kAQSJ8CFLqEDelFjJnmgu8ax0CDQiZ8LSCSNfz5d6xcFgfsMl0l5LpmOFaG1X3AWPiozFsI1S+MyzGdxy5EvtSJlCtEquCgp1yws/BEXQM3cj95EAkBhDZZg77rTz4G2GVVdXPfrMM/fedX9LS0tlba3d1qpVVHy7ePHrb717+EH79+zfj5R5zdU3fPnV1/fcc9eAfn1l3mCESEzm87NmzOjfr0/n7j1ffu/D1rbcOaee2q9Pr5yR1zVNKSWl0uOxZf+svP7G235Y+tuESVPue+DuyqpKUqCUAgBSTCpat7mpcdPalas3WAYZJI22xoZNzc0trb36dl+9bl0uY9S3pVsaG5qb29Jt2YQmOnfuFE8kiAglcZ0NHDG8qlOHd9/+4Ivvf/j77xU7bLftnDOOHzBiZL6tVUqTa4m//151/1NPT9x+Qp+BQyibQwJCBkIjaU2aMH5wv/5vvfvhiccfx4VmGiYpJyWfcUTLNLmmE9GDDzwuRPzwow4DRCud4TENSJFSjCNynTsTSROox4QeZ4S64FKPA0AMwTmeCwHRstGWgAwQQSmOkCiv+OWvP+decpVp5A897KA333rvivk3zt533yGjRv3xx5+2JceMHXXZdVcP6N/rzHPnrluz9qYbrhk2criSkkglk8klX35zxnkXLF+xsk///medd4lEamttaWzcYhpWZUVlr57diZRlGNVV1dffcNuPX/98w/wrugzol29La6iBbRlGLqbpw4YO69C5a1VVrvfAgb/9/uuzL74KUiVSqerqyvqGBgBYs2rVK6+8sutO00aPHp5paWOCMV1TGjPyBtM0W9qWlIxzUsC4YDoHJNu2lSWVVEJwricAwCazqaUlGYsLzoDkiLGjH7rndhPx1z+W3XP3gwP69jjssEM6duw07sfv77rj/gP23W+fvXf+668VWzbV//nnP/vvtfuO06YN6dtXxOLKkkLHg/bdr//Agb179zZMiyFnjCWSyZFjRrc2N5mmlcsaprQkyZyRV0RC8FzOSMUTmhCgCCURESgJlmWY+amTJ1xyydxkWQIk6prGOQcA27QYF0hw6px5uiAAIs5AcndhMYaMEePEOSCiUqiUs+D8/XM8T10UJIZNd6+cCwb81Rm8Q779RZ73LCRz3e+gwlZusYx1MVKx8yoMaqNhq61Ax4gECh2Z6N8pfj1i6Rbb6SHCAxvdY4yPj7AkBC2KtkWqLyVuw8I84qncSme3ZvwWliwZOSxReQB0QsRg8CSE/0qMRaQXABgy1ksyxK+XPAICCNoOtR58DT9w3SFhMBfoJd+Mj56QWZIJGP3l43mfP74SDGZXO5ZAQeXtjqP7oU4wQJGRKhkhK8I+FIKg4ebac3yU4G4BcPf+9WZDND3BGYIi9BUe663OzRI98m+Gl20kHy00KQpTtyj6WpiYsBDwxYtbup0lWVBV1EgUbgejLCyYsP8KTQt6WQzEiznrrxD/ljNvSq2UYNSJyPFqKlAKFFA48u2f94fkRWsZskF9+ylFBCCY0JARUSafLYtXDevXITxNvBw4vy5lkSWliouETbYihQwUABJPyzyC6lzTRdRyx1nKkTFgCMiQEZENtk22JFKkEJwNUlEhSeY423irnZ44cdx2E8dypuWVKRI6ABL66TXOQSCKgBgyIEVAR84+jCE1ZhuGDB961ahRisiwzRYjzYXgTCgkBgwIDWmPGDZizIgxNilJKs71IT0GEynTlhroSEDAyJ3tAAhSUb+efQYeNsBpWIKdlXlXFIICjowL8HcV52zHHachsZyZAx33nD6TITOlDQQMoEe3nicc+T8FKisNi2wnbdiW9qA+/YaddrqpVE5mmWCMGEdGQFyDow44VIFtgsk14aSDk2tqMwKVjJfFY7YNxARDQEWQtnMa14b2H6ShYMAYIiJjyELGOdpkWSSREwAiga5rV199mSKZVTnFCFE6ckBo/Nijj2DIGTDn61NLWQwZgEJEhsy2JYLkxBAdKxIZMQJihA70DGx96cgjssAiAGRoKqtjdXWnqg6mbWfsLGccOYITymb8lpuvY4gGmZKUQmKckVJtZlsqWV7OKmyypLJ232UXmyxL2owxG2T3rt2OPfgwApCWyuXzAIScMUCdaUpSJpeprel4ynHHAGBOGnlpOXEaIuCc5+18z67dzjn9JA6cgwAAiyxL2ZwjOKkjBADAkAOAAjewGwaf5P/wFwwyN0MNvYx4x2ZCwKIVHEk+a//aqoAJC3KvdNQmctRuQUZGuMr2Um0LbKlCL10xKcVHH2NE4W2V+IjULy5WSuxTkf1QqhcAUXe0yx3HrUOKhBDdu3cR5VW9u/eQBO4HwKmUlTeuv/G2VCJ1+JFHAUk7ryZO2u7J5196/sWXL5xzNkckRYwxyua3GTJ40PDBsVRKGebgnr12mDqxd59e2UwmkYgzFMh5LB4bNGDN66++HosxYGz0tuNs0/JNr3QuRyDvuOv+hx59zLLV+rr6J55+/uOPFv79xz8NDQ02KFsRcbrsquvnXXJVKhkDm6ory++8ef5ue86SeYMxrb6+6c0PX33gySf//nuFrsf69uszZMjAn/9e+cX3v9Y3bCFlrVi+ihB/X7761PPmLbjmiuEjR8tcloCkrhuZXEWH2unTd7nl7vu+++Y74aRYuva+k5JBlZXVSxYveuHVV889+aSxY0ZbDfWCFFqkLKmVJdZv3PzYMy/88s/yskTSMvNlqZQkWlfXkDHMS+Zekk5nLCnLKypyeaNLTc3sQw/st80guy3DOWOaxnV90cLPzj73gt/++rtPv36XX7GgvmXLqSccffkF5zmjh7ouTUlEs/93dI+uXU4764KZ+x9y3SXzjj/+f+lMBhQoaffo1rG8LFFTU5PJ5ZevWtujtsOpxxxdVlX5xTdLP//883332uOaKy9rbG587LFnvvzqyz+Wr+w5sH/WskkTACiVMmxTkQQipgllW9LZdUnaZeWV/fr03rxpMxG9+Nobm9bVHbngBmDCkrK8LLV5S9PNt93597I/ysvKWnOZrGGSEEDIADPZNCBqQo8lk4jKMLJWNl9eUWYYxpbNjccfecQZc87Jp1sJqEOXjlyPLfv991xbprZDbY/evXSQfTp36VpTU5lK9Ozauaaq8pfvfwZDTt5u4qixI83Wtmw2m0yV6Ywfd8yxIpVcu2a10GLIERlLt7ZdcP6FX//yOzGWzqQJgTEWj8cFE4QslYrffc0148aPVabh+qRJKamsrNzS3PrXn8tNK1eWKq+uqqyrb8zn8xrn5eWpeCzW2tyUqKpGwVEIdwdD8uKfnCtkAI6bmVCiZ3ZFAzfuuiuNvAqXK/hKOFj2/pQEJPRNOgKgcNZusYgF8OVYSHwFBg05mSxRIdK+lV8Sl/rNtPdWcf+K7jl2BZW4G229ZFTw/+0KIAQURi8jKSMRCtqhrKBAuB4HVxfAEgiMYYSQovHMUwoXiwr/YgiE0cIFHWyPVwhe2lIIeRXEDyNXaQxUUOY/zYH/dIWRbVB9iYPNStLsousQpAkSnSLGgu/RKHmzRJ+3xqLwuG9llhabIAHRhSi7GN0VrFXXCgibN6X8RFulJwQ+22/MMWYik9+bQ54s8UTVf7lchOqyq9gAE74ALOgGeEHYguByQbgfPMvP7w5GPU8BzvSqpcIuR/wKERIp8sM5CUEpJ7PGCRV6vUQnz8kT4+hODQIwlM2QCWBOBQyRIZeoctIGf69ICvmqACD0eb9ERQQKwD/GAxkAMBOkqSQHxpx4HjIExkJODgREt34nVkSEpACZs/U/ACMmQQEgC7asdAO4SF5vAYEYAREnIEQGNkjTsgCRcRRcEAa0OiNjkpSSOHKGoAhyMg+AHFCRDBSA7xcDMJVtq3ww4fyTMD00748VASoghg4CY5a0CIgxzcEilpQ5mSdUgOgE0pwqTWUb0uLObh/IiIFCYoCSyJI5AnI2kCVXjFMQzQZQ0WwZjhwALFIWWAiIhAyQISI4x/w5I4+A4Bx1CYAEJJUCRAUS0HM5E0iitJX1jQbOOKATV2cuuHQ2tSXnpB93OgGRu1+fr6S96em4FgjI2X7ZtgkAGDJEdAL13vInBJRE0mWycrUgQ4lSgpMXCmk7yxAZdyPCCiht5QQTHDnnDJ3NgRx3NyPGuUV23jKcehC9Te0QnKlrkbQs5ZxGg4CMcQbOqQTekZ7uvFUB/ykkcgrBDyIgMWdvJvJnu8eJ0uioyPAoEmHB+eD+Ig6aBAAn2zmY6J6m8cRusH5DYUwK01/oxWxHjwYMKSnuwpzwGvHzUNqpvARPPPoD1RNWmuFIbDhBxClEIYMm1EIRSCUAUKQYMQQAJRWSTVKRApISgJCLJx9/4tNPP51/9fVDRwxVuRwxtvc+e//w/dLHn3pij113GTN2tNWaZQhk2wBkZnJSUnV5xbK//jp89onllRVEVF1dLhgXgsVjYnNDy/oNdTE9gUrZ2ZxSwAQnKQHAMHJxnV9w7tlDBvSRNj329DPTp+8yYdSYtevWr960vn7zlk8+WfT9L0snTx07cdS4nv17dqvtXl1e1rdfdyuXkwQaw6tuuvWhx58Awu49e+qa3tRY/9RzL22sq8/kcwN7966trBo1fOgJ/zv0pz/+fuWlVy+7/Lo777q1e/fuZjqDQpBlg5Ljx46WOeujjxd279lDcE3aEqQNoFmmrWmxfD7/8L0P1KbKDjhof5DSyuV1XUPLAmkDxGzT2NLUtGHDpngiZpmGJSlvyZxlsrb0D7/8bhumtC1dj6WzuZ6dOzfN2AWQKSkZY0DqkfvuP3/elSOGbjNrxq5NTS09e/Rc+NmSfDoLYLlzRbkrN5/J7zBr1hPlVc+/9GqvPj0BiZHKm/lx22377KMPNtXXd+pY88tf/1xw2TU77zD18usvB8Dhr73z+2+/bj9t6rRdd7bzmanbTvzz9z8HjxwiLUswRJIATAFu3tzw8cefb9qwcUP95vrNDS+++EZZWUqRSiWTo4aPePLnZx5/6umHH3hk2k477LLjtLbmVsaQFJFlV5eXDxjQV08Iw7ClYr/8+dfSn3/bbvz40aNHIDKp+PuffFxWlhw/cqRt5rW4UJJqyipTqQRIaWSyTz/x1FMvvN5jQO9/lq/5568Va9bX//r38o7lqaaWto8WfremLt3QuLl5y5aX3/oolzY21jfGUnrjprpD95l10SXzQIGybWWa0rQZIGcCARPJ1CknnXhpp07xRMJfapqmM43blrmloam2qkpl81IRKiAisMm2rInbjnl34aKXX3+fCbBtu35Lk871yvJKTee6xvv37zdl0hTItgkuBOOK2ehqXEREUMDiCJxD3nRVk7cGkUKBllLL27f8wwYdhe/42tWzKiko5tmqQBH8SADM0dQABTLN26rNM5HbxVBbiSgUPqLQdiMhUei07pvCGKDnUIEgi9UrWNBsUcgPEIvjUdFXvH9L9S1if3vNUVQRgK+NingQ4WSJz9pKNe0PWIEhH7F4KSLrPVAaRSFe9LLU0FAIsgYzyUOz4WoD7OSOCAQz1vVLFuGr9iYKedPMb704eBhqOnivIF4asKREXDqiKUMhypJQKgwpwgwMh6+K505RrlOJm9E7/4Kv/gX2+9ZeaJp5gxJ0wb0bjgiH6WuHMmjHPeRlQETRrD89Qi8U40DXbC5gnLt4ox9vRmwhD6+FqvZ/hGaLJwmggDgQJacehgc1Smbx5S+LgodUKImi/odSV3tff6Lrz0cEZz9T31B2J39xXj6ChxIcNISgkBiR8iYtc3Abesd4YcGedU4PyIEHCOQvZbenjCGgc0YoIiIg8ziAAMohRTmIAFS0a+g0yBCIFEgHPYUTBgjICSw5rzKGXsgeEYk5vlgEcHEXepQ4JDGG3O8WY0gA7hawDiGBje/asc42sE6mjwKFLqRFIgYhtYcAiMwbC0AX+rl/coaIwkHp3o5QLnFOijKgg3CACN1RcAaGyCPLifo63xcSADEf6bkLGBxU72AsjwmeTIWIVe5PecYZ+Ce6ue42AiTkGMIwKoSg/LEgQgXgHFjguqX9Mn4fnX+VD96cYm5+qCLmu5MhvBENev8BOHMvEEmIwDhzRweduQqMcc/P4GyrQYTe+QIIHBhjmktDoPBcBgAgZ4wBZ65A8V2yAeAHIOVCYoBge0YK5jMwZy9Vhoycb17dSRta1FSwMWPoCupr7zl6nEcIJf+0JxNK1BBVb/6df30r/Gf7YUyfHoDCat2kqq29W2jJRGFl0RUSyhhwBQveDYbSUwIYYrM/N4GCXfaZAlIkLWkB8jXL/77hhpuPPvqYo048gmyzJd2Wy2R1XZt92IFvvPvOvY89dsvg68o0QbYFRASkaYKl4rN227mmpiZjymQqoXGux3QlQdM1y7IQsSxZNnr0EK5rmMuj4yABAADLNgFwQL/ek7efonK5uVdd0atn17322rP3wH5j87nyihrDtN55791BBxxwxrmnlpWX2zlDIJJtSVsyxmyCw/ffa8jAvr169R4woGdzU2ttp9oB/fodeNRxWxq3PPnYQz1795FWjmsJI5Me3r/3a2+8t+bvFd27d0cpGYAAtNPpEf37HLLPzB7dO9nS0jQNOQIBMJSgEJEjDezXa2DvPtv06Wm0tDDGQEpUUiDK5tauHaquvvwiWxKQsm2rorp6U33D/occsc2ggY8/+RjZeTtvCKEhMlIklbQyaaVxVpZ69bEnLrjwkoMPPuT+e2+5774H3nj7g/tum//siy+fed5FFeUVl1x1ORDnikjaAEAKjExuxHYTRk3aDvM5mcvrCDaRTRirrOpZUZYUbMWff2+s39Kvbz9qTadb23LZvFKqob4BAFrbslUdq6fsPFnZtsqlBRFKqRCqyhIdKsufe/mVxsaGbCZjS4nA9ttnT1IkNBwwqP+GuvUXz7ukQ3nlOWedbqMiZcUScduWNR2qLphzNiAjIq5xpukPPfjI38v/uebyeeMmbgsADXV1S39dOmnidrfdeL00De6oG9MiaVnZVk2wcaNHt2YMVlk+euzYTDpDDITGKG/37NN38OChleUVyaReUVF1/rln9uvfJ64l0tkWzVYD+/RGRYRM6ZrShBaLIUfGmaOvN9c3/LlyeX1jg2C60DhyjkhOkL+psWXWrrtUVFcqyYAUKuKCQYxfdNm5511wqk0Uj5etXrNm/4OP7Tygy2MP3laVjBs5I1lWIRKxz957V5gmME0QEEdyTgeQCgVs/GdVpq2tT7++sZjmKCl/cZW+KLQao4s8YkWUAjiljO52W/EIoSALo/j9ovDa/+EqiNQUPAIoeFog5gN7DD2DIBBb7VRVCoJCBFb9156EDeewTbs1QR0QGcjY9ssG0LOoab/P4Vr/6xVQGxxPGgIS4fBpyDUAhRyLdGsrFARAori7kZ2LqPBHydpKPv2PEbN/K+9p+fbadrZFDLluAHxoWqgcvQrbpTkoFG2kHfAZMT/8+kJg068tjFMKxxFcA2NrMe12qMXQR7n/vkT8til8+FtoMvg1FbDsv1yBtby1K9h/KIRvA8veq8h7VBCedJaEBz63tsb8o2CDMm5xN44TJb0068mN5zgwSbnRxJCFGp4VLnz3VxUAKoXoHoAQGSWiohElDwd61rnTfQgqC7OGKHB0hi8G4G7/zhCVh0L8rrh7rEmQAfhF94GDShigwsCnQS4A80M+gA4g9Q1S1yvkh3U9hIQE7kG+Xhco9NMRZ+FUDye90feWhcQXBq2Aj0XBGwanIx54AgovB0JCUqT8qYC+XAVUXgTUCb2FaMHwnHPBJ/iBzgjXnS64WNubl14Y11/PBC6+CTmEIl5dr8uu48Bbp6FwnzNrvDitQ7NS4AVxIdyom6iLFIwL+OiQggO40NO8PlHg7d1C3hggKonMYRmRA0EDAOLwypktrsPC6yYBASgg5jUXcQ654xLmhh8+RgAABk4U13dAePm3EbxGgKxY2gbzNbRy/OlWHGCM3AzY7TKgcJlFc3X836FF8h+0izcWfkkqMFEoWDJuT0pusBRqK+rTLHakY0QWhkbZ2f3dtzYcljlDGpZaFKkr8sNlU+AMJ0AFipFSIKVlGIZlASEoedNtt+XyecuyLr/0yl9/W1a3sa61oRV00DXeljdfeOGNvXfcdc99ZpFlklLIUEr+7eJvvvnx52w+V9uxlohsy1aklCIR00zTTmcz+WzutXffHT6w7yEHH1SeLDNtG20JQAxFSzqXacuRopaWdLbN+OyrH3b69rshA/vHU6mGDeu+/e77sqoOL7zx9sxZu02ZOCHT3BJjTNM0JgQjAkUTt580ecZ0M912/Y039uraZdT4CZgsJ8tMxmJcxEjZF8yZ27NH75NOPeWcC+bMPujAVFkFZHMIANIWCDKXTyUSV186p7JL7cOPPC2lhc5SAmIAVi6bbmued+G5TY1tZiYDBIwhSOn40xx2osxxZEITgnHOMJGIa0JTkojIzhtkmCQVEABjjDMJDBWBbY4YNfzpRx/cduoUEjEFKpdJN7e2HX/ySdWp1Jo1a8AyNF3YSkqp3AnNuG3YzDSYspmSjJRinBiXSuqotWUyP/z2h861MSOGA2PxeDwe07ngzvJksZgtlTItPR4DVGCayrDAMHbffZcJE8fFy1KWbRuGRaQ4QIfaDgpswfTyZEVLayau6WdcfPqE7bZt27IlnkwywUkpkCAt25V3FhK3N9VtjscTHaoqpJlXuVy6sUkZBleKCPLpNBcCiZgzvUwLFY6eOGH05Cl5qeoatqxZs7qxoS6VSgpgAFxKpWyybNO2DEuRJkRc41Om75JIJEFJmTUU48QZMc45A8adJZXLpE+bMxeF6NKxYzqdVkiMcc6RM8aE/ttPv/Tr2XvQiGEql0dCEMK2zE9feH3ouNH/rF259Kdfjzhi9oCBg4464sAb777/ldfePuzgvZPlCUkkUHvx9Xd+//Xv404+XufMRlScgVSMAWVzZ51//tuffX7TvItPPu0EAUjKlZYY3UfN1dQR51KQCOstcHStvQg88DV4oCL8oISLKrcqwyIy1hccnqoqhEPhCAxELN2wFeAQFHQwWi4UevLEji+GCg10VwV60hMwpOIDQVq09UuJMs5TV/n7itFpA8Nyu8ARGfnhm92hbkUehS/fggqdmhPyloakeESLkaMnCsfF7wIGWVQFV0md6DMBffZ6OtEvTCXIgAIaQrolVAQiQbjSAdhiMkpd/tMwgkLvS9RiFVmgqYMp5BPvUlii6ahyD1njhewK+E+wlRqCdjyuFnU+9FbJjvu/I4FBDJqGYCCiU6LAsIl21puckZErjptCcSXgLH+MdLygEBbR77IsOODUJ8+baeRNJY9XgIGM8gyWCM2FYgLAwZ/tYemAlMBoJi+bIhAZQT+jPwqvQm9Z6ekL4bkUlbkeqPCiNCF6AqIxMnccixxdg7zIQRTqXvhfP0YUhqCFpyV5IS5CcrCdAhXEzyGInQIhA1Dk6yUsahzI1wH+ePpHzxPy4vkPgJ4TBd3/MKQpvAiYj8MoAqTD/4sAnkOJyHOghqaSR5m7LwJi0eILAE9UFIdGJ/woNHeifCB/WEMoz2O133FEf3/TABB4sya6zp1XvG+CQ46SSA/cxYEFQtnfZR/dzcpDU8VtxUG7yp8k5E0hQt9V473g+xAKGEceogrr8lLSDQicfFnHpUFRVnpd9YkL7Bh3DjpfF6tAXFCI7YFrInCs+vPV/zNAuYwzxhgrXHyOrAm0cliqFy68AmVdgj0FfQ/+KtLlJV4pMlza800G4+uTCsXURluhApKCAqUVW9D9EiaR15ynYUMLBZy56s7wEpIz6jMt8n0SgbOFtps5TkCKcQ4aY3os19a27LdlylaffPoJ57yqomrUsG2qy2tqOlWXV5SlKisWXHfrd99/N2PmrjoyKU0WT2abmy+98vq/Vq7q07ObHo8LoQEpITgKLnSGJLjG9HjZks8Xf1BVNmPXXcrLK5mR54hkGyvXb0y35J558c2PP1/y06+/1DU1/bly7fXzb1lw/VUjxvW9YcGN/yxfefM1V9z34MN33ffINsOGdqiosLNpQABFiGQZph7TttStP3vu5e99tOiRu24pK68AIFLAtYQiQCaqK2uvvenWZX+vuPryizv37S/TbbaZJ0BQEqQkqZRSlmGBDVzTJGOWAlsSU0oSWcgzeQWoawyUNBnXSAI54VtF7g4siEwgMCRFgCgY55w7uS0MUXGGjLlfaUiFCAKBcvkBw4b1HzPGzGYQwcjbEhAZB1D7HnSAQgIthghMEw7+dCxWQGCISARKOd4hbltcqlR56oc//3pv0RdDBvYZNmSwkbfiQmdcIBfKkgAAlh1LxJvaWj98883unbvusOP2+aZmRFXVoaaqaxcglESgJCn5zZdfv/LmG0f/7+juPfqtXL2irbl10u6777/3TCObVox98snCttb0wQcfaJsmECBDpaQej7WZ1m9//9OlS5fuvfvkTTOhx/SYLnTdkNJxSjHOGLJMa1u+tamivIxssk2TCfHzr7/Nufq6TFu6PBa3COKCcV1HAM6ELaXOUUslW9O55avXPXbnLdNn7GRlcygEOZsnMOdrd+8EFGRtba2333br7EMOymbSQtdIESkpYrHNmxt32GnXvGWC45eTFi+vePeF986/5OI3X35x6dJfr7nljl12nt6xttN555yRy+evvvw2sPD4Ew/TRBwAOnbufvktd2w3ceyYKZPRlBKRiLimNW2s++WPv42c8cRrbx588P6dOnaUSiHzwGdU24SXZdh0dgY3YkZg4XveogfPTggpBSoMJ7iCoV17K1Kjry0hYuQEqqdA7EWQptej4vy1YqFe+KOoYIG9D2FwAoG1WqjaotklEfEbsk4jt0Mf81MY+YTHA0pA3MKMG5dP6Hzz0m5UqvD+v6feePR40GKrV7FecsfVBw8+Yvd9l8FHb9h+Nd7twKIvrdqCRgumh6v4CtvC0GQgv1zYbVFcMrpk/ElbAIlLwJCIGeg3G9XppXpf1NmICqWiSFhJd3bEao7eLHW1Y+oUewUiD4Ph2QraLHmVgLsFgqmgfPFKCSRReCCCTbUAvAgqRopHfvtIJ/RUhHsdRYgRNrXHTQoN0VZ4UZLfW1mihcAy6EKwP4oChcCpsIjPboc/6AMzDKr2sUHohIkgdhWO2rmLG91E0BI9Cz6lRJdnvv2NhAigEIiABeojPGjB35HYpGeQonfCV3RMWNih4E8vp6cF69DH1RH8GVDgb0od0FwYrSLwsa2PQMCf0L5oCbrnvRMczlsCbRRfHnQqwlQOn0O8c5ZG2GlFEOJ8cNtjXkS+uV0pcEc5PzAUWAUXqDpNFep6N9RK5H2p6/n8wGdL4bwPWkTwM0x9J4K33kJCMxRWD4mDQN9CCbUX9B49uQDe/oXKfzHioAjzLTLzMVQYCQGQITHGEIghd0PRBbLGHRv0GVJMGEBAQKjDoTnTTp9KyKBSPiUIGRwlayn8EaKrtJQrMHcivpViiopUVKk6C2xQ32kBVKShgrnuWWjFtBe63iPko1SMIQhh5dI//vFXa1NuyZIvjjj80Ifuu2/t6tWdu3Xq1KULF1oskXQbk0rTtJhSTCkChQyUIjQMDmQrc9Zeu1920bmpRIIxIYSO3BtraTPOUxXVhxx59B/LliEAkJS2mUgmn3/q2RtuvDVWllj688/qV9W/d59URWVFVeWM6Tv36df3999+vf++R3eauu0Rh+9XWZk86cw5Tz357FlnnMxkXFo2F0zZMtahOtOWPunMCz7+dNFt1101a9ZuyrYYEDAoi2mxmACAS+acN2rs8LmXXLn/oUfeseDqsRO2lekMmTZqnMUESoWK4nENkhWMCwSKp+KiQwUBT8STBIojQVkZt00ubeACCcDIKksRcnAOjxIcBWOCIwIKrsf1mCYcccF0wYgQOYAEACRgTuo+oTRsy7QlQgwgm81ZhskYA4J8Oi9BabGY85W5O2GUZAqBCJVkSoLjuFSK20ZleVmLkXvkiWc2blh/+ZwzUlWVmcYmSCaFYIwBkQIAZltcS9U3Ns6/497tt912hxk7SSSlVP2KtRsbt6xev3HV6jXLfvltbd2GdZs29+zStU+fbZpb37rx1tvLK6o2b278+fe/dpo2uXVT3cuvvblx46ZDj5wtDYMxhowJTcNE8ofPP1i4ZPF5p5+qxfXW+rZ4RYoJrmsxZ4tjRNAYa25pveXOuzNNWy6bc04snkKSIhlXtr1+U/3Zp554/FGzW1uaBdOEJjgyPa4REUOVSCbffX/hsaefAcpCTZPMcD9tUQrJ0YIkpQQAZdskLSQGjHHOhHNQNmOcsUQ8psDOm3kkYtImzrONTbfec/eUyVN6DxnYc9myuB7LZLJkK9DEheec0beqOlmhkZSPP/F43qRzzjjpm2+/Ou2iy1579KFO/QdYtg0EKm+WVVWc9L/Db7znkaamVsvIA0gi5X+CX9LI9YKeIYwQ8fChY1UEK/1fTNVwBRHBAKXlX3FNFEiJIhnvmQK+Ci+SbO0gzwJxFZBbJAMjdmYRdcWStFh/+lixfZXnvxsy8AICAhd/QcpM6WqLhGwJXPpfOB/tjK/2Asu5ePy2otQjVVK0X5FtjXzAEK7/X5HLf4xtlnjUnrZ3NUpYG7q7rbRnBG6drwW46L9d/+cXfC46c8k3ZR36Crta0tgLW9HholvLZ/+vB5YWvwnRCHPoar/v/kdDnu0PxZ+AhoY7HGP3KminEVcceJ1o3xYrOP+zXVmG7ZpbIdHiw7wCIBv2fJRyMpU0Fok8VONZwAREykmHIi9W5m6t6Z2hheCHMtz0Q/TcS2GAF2CPIGbl/FVk/yGQ4/COeFM8uxnBDfgQEAPmUxps3BJwgrnfRTIfT3jQD7xGA3a7/8MgkuoeWKwB5g/BGF++h01UN+2Woj0NNxXxLIbiqOHBKGzGQyZBpqLvAgpLf4QgDSOsEqIWdUQjRnsbyZ0oXJzRJEnyyQj3DkPfnYQhXviz1sAOQIySGYCkKJnBn4WfBYNfmxcz95tyZqSXcVsYTwfPO44FVfl+i4jI8yY3eWlaHvuhxOU8DyryexJEbJ3us4BH4Ffr3kInjO+uKA+pF1zkpMQHf/lx2FC3KMpKb2limFUF9Ae1FTUYKVhkTJTMUQkmiT/exZHkgrnkxLXRl3LBnCwW2UVXsTZxfR2hKe1V68m6QJb4Ii0wECP1FcR1i60mZ1+Cuk2bL73ljg8//nTM6OHXXn/T90t/mnvuGZN3nkYE/ocMBOSkm9pK7bXPnqtXrW3YuLFLbWfUhCIUXJCUlWWV1TW1ZcmYIsY5R+YGpkhKSQoAWtvagCPnDEgJhmAYnSqrrjj/nP4D+3bv1l0qe+CwoSeccmZDw+YDDj7AsMyTTjlDxLQTjznSbsscsPtuXxz8xRXzb66orDj2mMMpb5m5fEwX/yz746yLr1m9Zs0T99y65377ARemZemaniyLg0UMGSiybGOvffYdN3bMWXPm7n3YcffMv2rvvXdHUps2bNrYUM8QQGE6l6+uWPnDdz9m07nVa9Z/tfg7O5///sdfDUP+8ueKJR9+ypXkgje3tKBtjxw1vKaq3M6ZqAvi7ocOTJEplchkWxu35PKWZUuwcmTlrbylCc1d3AhkK0DOhObOGmcwGBIoJW1AhpwDcufDeSG49829cnPhyct1YIiJeELo61avvuaWux9+5oUTjzvigL33snKm0DTQuKZpUpFiAAB6RQq0WN62m5pakmVJYNrGurorr1nw0eJv9ERMWlZNZUVlomyboUNOPfkkMI1Lrrxi48b1x8w+bPKkCfNvu+vm2+4eN3aMHk9wBK7pDsDT4nHUY6Tst9544/yLLhs7fMT/Zh+SNwwuODGmxfRETFhSAoBIlaHQZVvbwkWf1yTKhKYT40gEkhgxRkxoqVRFuabrjAvXd4UA/x9t7x1oSVEsDld1z5x0497NGVgyS46Sk5KDgvhExYgiPlEEQVEUJIiCZAwgiBhBBVExIFmUnHMOy+Z44zlnZrrr+2M6z5y7i+/3zfOx5850qKquXD09AJwRMt5sjQHkMTwRYs5XiIggkaSkDImAKGJIWVKt1wAIOE+FBEAeRYCsmSTNdjtJUiBJiJVG/Vd/vOXpl1782slfqtW76rWIR8ijatzVhUBRrfqJr5yUiTTitd/f9rcVy1d95LgPf/vUk9575DG/+N2tJ53+lbwQTVnKKtEpZ3zz7cVLHnv8eRZzkARSqko12e21Shb1fxxZdf9Fa/iMmbDdS4sgqPLKvviTzF90QRvPAJhPfBfH0B6VA6avbU22dV0uM6vpi8ZDNd6ZQYrMPM7uGI2b3iSidJwZv0gMz8lx/WZ3MiiJTzD41Gcwte7o1kuDKZX7ZPzgoiEaJw2A4U8KEAyiRN9/tszheaZgXBevumtWAcBLOnQAsiTGKExj5/PPysm3Tam6F4H2HF0u85fG/5yM24bcdXcIkif0jesS1LTBXX1mXjbTjkIgSWTpYUtNHUIP16SGhXdVaUYd1ljHq7gKpptB15GZgqcKZT0cqCBYAt3N1SjBZepw4VCljhbYiLS08FuAKeisqVXKZUpuHIcH9fm3//XVMemx7pfnVIfvXWmVpXSTJCmkVOfpWNdcRULguMQhVnZx/ClQR2auvXDCIQAEaTfWhkfCmvKcGtaqTMMjNsOgtIUKHtReSKVqwoKUGTYwXy4nBFxl/8ypVXj9t7SE7dm/Mr2D6NLGc7699rodWhlDCkd0TuAxOGlL7EGHUDx91Y5lpyJvscxnl138OpALXCyCiYxVBVBuhs50mP/oeL7IMO5ISg1alBUnIzrL4ckk5GIMllUshNa4+iVdw1LkTq4gDo83VzzvkYHsvx6VyBpghvnpRRIBESQiIDDwSErlpw8540MhpP//+8LiiyiuGzd+X2ddyBd8c1HoPDiPOoSLFjLMg3rtR3iDK9lx3BTL2yHXlcydcwRSfnRZxFYtXfm18y+649HHf3bphe/Zdac777rvgh9csss+h+yzz57Tp86YONAbx1FXo1GtxhFnWZaMtdqvvPzak08+ve0mG575rW/U67UsEwyoUq/fcd+9K764CklCfg4aEiAyHklJ1Wqlu6v+zDMvzJw5lTMEQZCRhGyv/ffNP2mcCdlsjkEmokxAQqtWrPrqDy599Klnrr3w/G223ro92hxN07NOPXn58qVfPPW0pUuWnfiZj/fU60Dyttv+Mrhy5Q8v+e5e+78XAP5z951PP//CFptu9uYbC+ZvvGk1joEkRJXmmjXTZs35yQ8uPPHk05959vl999mte9Kk3//xp+f98BoBLAZsp6nIZEoggZ1z6c/g0mtJCCBGPLrp9gdu/MtdmLUqXdVkbCQdS3965fc/fcInr7/0yiuuv0XymHMmSEYRMs6FEFmaLFm69K0lq3fZ54MAkrHcQmUMUQgSkk4+8dMfOe7DYvXq/PAvACBSH4ACIMYg/wQl4zyqVNTqSwlCvfIvCVjM263WIw89evOdd9729ztG1oxc8PWvHP+pj8XdvTIVrFIBxiZNn9rT23Pzn/5aqdabI6O9fb2PPfN0kqTzN9sUgKid9jQae+32nl133mbjuXM2mDe3t7d/4pRJC95aeNoZZ69YvvKy88/76Cc/KgmbK1d/6axzT/3amVtvudGjTz52+MGH5scOLVq06PFnnrvpD7+/4857Dn3v/med/pVJU6e2m2lcqSBArbt71tQp9933rx9e/ZPW8Ghff/87yxYuWLh4t0MOrvf0jrUzziqAnAEk7eYffv/7Jx96aKw5ypADAub7dQGrlajRXX9t4SIJUf4lbRV4KjWJUoKUkiGXUkohI84uuviin1533Vi7ySPOGatU4nq9mmRi5fKVlAEyzqIIkuTee+4+/MADdt17N0jTqZMnZ+3mj6675vkXnpIInBAYVmr1LGk+/eyLJ37so9UK22HbHb5+wgnzN5sHIkMppciIZDqWPPifh//8j3s/f9ynBnr6qJVwKfPjv7Wu1vKoA4tcKyj9WWJVHYUIjnovr40QQGH3ra8BdMCCjjUv6Cvj06+zz5f71+PVGxFNg5J9Hw5sIeTOj86FM/9VRb9JwVf0HukBvHhgHT3V/6tDu/bLJGXLnnW4X3D13QUOj6spHX0cvPyKxbiWZRzWyd3wdSBeuH+10MfCUkxA6InQp2IJ1J44UdAdEJwjL8YDxhmgHP3OpbnSq2jr161bkYELxVJEW8GwNebSBS2C4PjJJVWccpA8Z94P1dfpcs+/JQcjA6ReNl9l2Ab+ecoqjipLpJXrMq03zeBml4XXCoEAZJ7CAgmUC4yTSfRZACEvTHo46Nf+tf336/jk/muW1WouZ60DoqCexF1rx3XMYxBdyHR0dOC6g6nYGkPmk7FAK3BYn0wVSVck3USjils0k2qiYg4g6TOZglK7BUwhpBhbraVDbj0uWgOncdTlZzOSgkhhrLfOmkktO6GNphRX6GUgsw7a3qNFD1wrqzaDImgP3qFeGN2ZoheBGznbLBc6EPsJJCcyQPPMHg5kgDDM6sVASE5i1aG3BdIhua0t+94G2ipLDosuPutVBtIvmxqMXPqCo821cnfOlUZUNTKmHUM7nZ7TSIgn46EOcWe3JHCegT4KCLzKeQknG9DMTNqOlmYix3OkTGMzlzOFRcEfx6utmtxRISHayaYRoguT5TZ/zcwfitUJzKZqQxTFFPpPNNo8P8IMUaDsn9Dz/dO+vO9+e7J287CD37vr1lv86g9/vOOBB+65716S6Vg75QzyLY5ZlgFChPG0yRN3/p8P1+p1OZZixJhAhqwaQ7XGeupd1WpFAYfIOOPAOYPe7r6ZM2dS1s5aGRAAEUmiwWHKBCEDzhkBtNsRi3p6e755zrkvvfzOTy/82ZDkSwABAABJREFU7geOOlSmkkVVlBkbmPDD718wadLADb/+9Y7z5x/8vn1Flpx4wmc/+9kTqo16e2S42t3199v+fvVvftfo7e6p1Q7Yd5/urjqJDBBYvZGODE8YGPjZFRdm7XZFAq1a8/4D9t9k3rwkTSoAjBEBMqxIylIp8z01nHgUc+QsjuNUQpJlIktEO52/xcYwuHL+Jpsc+/5DEpmhFADAGVQqnHHOeVypVIXI2mkiAUhKBJAIiCxN0kalst0Wm0AyxoRARJQSAESaIAJnCCSZXvi0nbRHxhA5AJCUwCRImSdb40ptdHTk+l/deP3Nt574meNO+ezx62+0QSYkScmqFcwySNMN15/7lc8f/8MbfnH1z28YHR5jRF2N7o8fc9TBe+2arloxe87si35wPmVZVImQcxDECdJm86+/+91Tz7904XfP/eRx/zO6eqhSq3zwox9ZunTJeT/96Q2/gl223+G4Yz8EAGNpcsYZ3/zDbf/Ya/edf/S9cw49+FBWq1KzzSuVvPrX1ej61DHHPPfaq5dfcSVkMsnSjGDe7BkfOPRAqlYwk4hADNPmaFSJenvrja64t3egAiziyOIKi+IK5/VaDSJOUfTMc89naQr6MHmSEolAUtZuU5pVogpJmSUJAs5db9bMObMpkxHn1bgSxREy1tXV8/prr8cxJx5xziTJb5z2tf7+/nqllrZa8zfZ7OMf++jf773n4Uf/UyEOxCq1KvCIGPufQ953wqc/WiGEuP61884FkVKSZoCUJJX+vmsuveL0s793zJFHfOZTH6xKylLBOKKUoPddWasSnCKARiyttdD+B4DOKGmfYZyYJPQVXIE3waejCgCsDrCasDCBawiU9S3ZKumjo5+Q+7vzNhD0taVVpAYwr5qkWzv0InOcgs3PBvlTB6FiMGwGL5SYfCfbN1uWQri2NtZ2lNoltG5g4TI3qWgpPKcTVKjvju+jYKugPiBhaNqh7IbG3wCHwug80kvho6ytctkOyWLBGUIqFWxjqZEuNPH8B8P5/qAqAnOf6pOrQl+6M5Po0bQVLuwzti4K+jQprKfjJIJxz+wIxrMdRw+UIm6oqplQT4I2RHejFgOKCRkcSSxuH0MXC0dU9RxmOAc2rVIA7G2vZKJLfiiELFvwAqoOTd2rJHVhQDdKpEhQdynQ6+gLoJREggQQ8bj6w7+c99cnfzuxd9bZx145eeK0ZjrKOM9dYQ4cwRwoFiBkJqCQBNbjM5Lcce2N4+4MaaTT46xCIsqTDCgpATknCbgjO/QOZduqZ4/13YnM34GetWbApRN5f/vxJ/hmzQpWHvK4KRAtpDYaNtKmnGm969gM6hAVzRhgGrnoUpG2GhdtzMmRYKvcTUgIRmmj+9iZX7v1pApUYOTUWEByhnX+6+YgQFkUXe81WDk7mdV/7MFUAVYBs+mHZs+OepAH1wXV77Be/h/3bEDyh9fksppUhaPW6CNDxgCkpCpWgWVX3/f9Pz180y4b7vWpPb88e2BemiYsL+Y4+29LA1H124RuYJAoXJrpjBp1R+hgpxy8OuTj0WwcUmbd1ZsWdFAbbt1ZSHsCfv5aCyMBdbRhYBkdGcvWrHnnY0f1jbWq731f45RviGWLWaVmZ3ZMV2jWHcEP5cNyppVwE9hLkiPttN6oYZICEQnJ61VZq4mkNTY4lKapkAQEUgjKMpFlyBkj1qjXeydOwIyonUEEQOKOf/1n5qzpm2w1P67VIeIAHC0MkogYY08/+NDbr7++915793R3y3YCQoKUIDNClAASZcTxkSeeRs6A4dSBSdPXm4kpgSBgHBhClmE1ztJk+aJF/QMD3d19AEhxhNVKvv+bcZ6MNkeHB4XMGr19ta4e1KQnACLBkowhUSYoy4iAKhHFPP86FSGCzD8nxOwHoJQN0JqBCBAZIoyOQrNJjTpUY0ACFgHjjHPGGLB89yy4Z1QbUgMAkoBWG5oJIuTfPWbVyvPPvrB0ybJdd39PtV4XmSDkUcxbw0PPPvpEV1/vZttvI4eHkYCkzP8HDIHBy6+9uWZwdMedd+DVihxtQhwDZ/lXuRAAGGYkR4eGRoeHZSYqnNWrtXpXFxJAmlKONSn9hIAMQUC2fPGSpoRZc+cgAUhgRCzibZk9/+TjK0dGN91k/tyNNwCBadp+8pGHRpN0+5227544kZoJCML8IyuICMAAMeZjoyOjw8NI1G61EXlPV1ejr4fSVEoCkSHQ4gXvPPjMcztuv+2M2TNyvgQGwCNknKH6kld7ZPjJJ5+ZO2vO9DmzszTN3z4BIZGy5vDQP++4c9fd9hqYNLE5PHjH3/6+zyEHdU3oAykgf0805xwpH/jXA1OnTt5wi82h2SJJVIlkJqidMCTkXDI2PLQ6aSfIGENeqVZYzFlcqXf3YCJyxlC8hChFJrKsGvPjv3DK5BlTvnry//azOGsnnCHo8iyZOq2xaHkyCr10Xpka0GbLe+bml1G2W3z69KE/3zJ8+aXV1asm/PhavuMulLRVXolzXx2ouUKtWxYWas8VANShdlZXGFkATy27ft26FLmKmjCYvVhmKR3Fg0ErOrv10WLs0bLoqefFi5KpyVsgGwnrwDgA3kXBj9Xt/xcDG5vLxfyNncKRGC7K0MEg+tM7+/ZCf6msi8cmVCgFFY21t4IdKkMe9IX5S5e4SOFONhq0l86Aeaa/8MpY/o8dVo8SDqvhdEQwDED0q+zjEdPL6RAx/f1Cx6fyQNI3tWyhF8aXezKBsJSdBW0fgSOSpSITDG7dKV8h+DiOsy4eIeygHcW53N0y9U8XZj2mP1YAns4rlAWN7vvQxZ5adkpuBquFgAxI5IKTfzoSARkigVQvSeXCrj6VqYidg2XDDCt66Ikq2pmK6HZAu+yhxxWIPjHtWqsDjHL3Eo0s2GYa5yJIHg+R3uToxBJO6UwFDeTOHV6BYVDmUv/l63EDmfqNil08EJyBbRhFhRZmMIWeF8z54DmdjKZF7SEWYtA8rPOh0jooX3HvIGn1tCP0bnThWSeV5st/k41pvf3Vzsqos3Tc71ibwjBpsB2KaFAVcQoQh/QynGZ4wJRtfR1N7h2yN8xD3wj7V86uCOBmdkiF+sxAVrqWAfwawvGmKj+aoOOBBR2vccwbWOQBXJ3o4GCKmXm0Sa6MlLkuJvdgRvYj2xI+z7OphGtZgcCg+C80exAHKXEr0wQI2FuriUx/sypilAqWjkYxrw8MQMSBMYgitchSgiQQgtoJtduQSQAJgiDmB7xvX2QcCaGdkIgBBDCmhZIYEKbtrbfaasut5mMqZJICSQCJKiST+cc5AHH7recjANRr0E7lSIqcIwLPUgAUnFE7rSCbNXs2kgSREYsAQEgCxjlIkFTp7qp01QGRJOXVQqXRpSQpBaDMJBMSiVCCbKXUyvLDAQi1t6relCMCAqmSckj628MIUhInwZBRM6F2CgCKRDySLIIoIs6BaRnG/IcEACAJkvKv3agUPEkkoGZrs0032myLTUBIStoMOZCgVlqtVnfYZ3cQGYyMMkCSAiWhJAAkAQC06aYbIeOUZrIpqFZBZIyI5fU3RCLkGPUNDPRPmACZACkoSSkTJCUgAjGlZPJ4lQikiACnzZyFDIUQuS1ERJKyFlW232MPrFQgE9BKIOJxJdpxrz0AiDKZtTJCxpkEKRGAAxCiRIQMGvVGo6tbmWIhQUrRTpAoEll+8vCMGdMOnzGNA+DoGBAAITIGjAHn6n8Itai6y27vASkgaTNAIIFSgpAg065a9cgPHCFG2zQy3IjjI45+v2yntGo1IiLngAyiGBlDxN322QMBqN3OUZapIJIs4owkAHDCCX0DqBZOCYoERu0sN5z5F6+BAKVkQMggS5NvnfblidOnViVlaWo/w1zqIWm/xG0Q7r9V7o+udxhPVTGR+tNxLBSXSiLu6QXjCQSxRYkmIS0g2icqQQB8ZWULMoFvWqZOx8u7dbiMovIcmE4DuqShEsJDviFI+xdBkyDD6B2FYCyjH7oXwzNtjP21REOuMO1dngB1wktHjVtwyhxt60ZbP8N6O64t73xROTx6lUvMshe05+LRIaXrWiFbQwP0IAYIKBzCUJYoUSOg/6M4e4ird891ztDp4bwMZgFwi4Flk5VMH3rDHsA5EUzhOlwsLPvUZ7nH4hQny5nKLTnlSLmEKIY5nbzvIguuVbTJpbEzobMP0gNNX5GJNqkDgzowOJBrspa6hOMrI01u7fABGA/Pa+fiQkQkrZ+rnufmDhkgOC4yADixnurv+uauiSiInU80g2xpUsqwl865OEWs8HXB3DN0XUMbpfvsYkpPFv58bOUiudgAEAFzjlNC0Fl8D8FOa+F4sZbUpsqnomUrtfYQdO/MBE1adBxim+BxoTHRkh4mB0IFaK7vHsgwutQ2uOs1dyAxhiIQPHPb0MIVCW2VyCMFmGn8M5MtqTTMNsa03Kn+S6B3S2o+cGZQzEqKoMbSaAzcdbFENgGIGxE5kTlpbxhNDsbleRsBk2FETfZATagkEynmVDQHCSBJanzNmoJJkSLDnI11VOYoXPClySTzNNGsqxDU/nx1GWoklw06f0fOdAyUvi2xqmSi747kVLB7eQJXxBnHprnzBdJ53JAznF9mMEPmMHOgs0rqjhujE3i8VUj56SQJAhARQ5U/UsKdv9vcFphKYAxQKLhIkpSQSSCh7jEAQBKEqQAOxLlaRmZUHJHMv0dLmAmUkoTIIzFbYAHAfJOPBJav5miLCBlHBECZk5iYzF+mBEiyPKEHLC/fEUqh9F+aQp4SyJEmACIkmc/IJBHJ/F1KAMC8VmgPEsiVgUneIKjvgErl9yMAEENgRPpFDiQGgKh9fQLSuTAEQpMRZOpYGJSKwEQgSeXHEKGdkjpWhwEIpeEkUZrlp9Ple/ZJnSZLwADy6IhJFacpbRQqVZlJFAIzAVKS0BpYIa0WFUBlIgAIM0H5bgV09oZIQWMArQwYx4gBAUiAdgYkgcWYf85aSv3NqTy8ZQBSCsCcmRRlFetjbt2QQBAHQnDSrmi+jaz5XQK0UiCdIsgzC1KAJMgEtTPIw/IkozQDRGaYT7kASADQSkxuHFTQzZAkENOFAqRMopYtQkYobeySczsRSB39Es2YNQ0SQUIyJx5SFEMMlVuoqMLw0L6FaThQD6hYS2sRZQVIhgeIEADT31rWwY+jTrw9IK6Daytm2qBD54v0CFohWi9ifAevELnZoUocLj2g1yvUvkbJdJ4L7dCax53grYOXb2y6Z638NgEuYGfRZEcvJi4PBcmD366I/tsiY+4Xiew662pUHzwVMXoL6xSEcmA9UgQuT4cBnZ2ZgOGwDmksmGTJaQ2UT2Fro6EjK6qh/FUIvs5djE0ov2mOAfXS5hAssjGuQfjjMo/pGjgt+Q10R/UH1w5CTj3PF3K1gld4QxxHsoqiZ/u63qP2IMF1VwyLFUrZntIgvwjgkS+knfu3MSMBBTyf2SdQ5CL2boJ+qy//i6sYtxb5vmxw9NBTLiMjfRCKfpajnJ+G69UZA9wchRWqdwwadsTEPHUWvFwHaX7zGhbgMn6oA6F6bRULPE4aQXSMnJ1H6Yvcd9MqwGouJ+ooSXGgwznkkiQkFlpVbMb3aJ6/3qij5gI1jU4Pl8BMFMyIpjk5gxW4vjATuqoGShr4C+mlrYvL6R382+ny9ZLH01amHdqUgqXak0+80qMq8iHscpeQwc8Eu7R1u4BdF3SxzwmY13fUjVz5IrjD2Vjdwx5LUHMz3I6HlCek/7sLwXO5ijptXUqpgQgrbis6MR6hyoclO4Df0rAxObddHghW3PHlAtjAtz5OC+etoNwkE4D5biEDlAgMCfPvKzLlTUmmFjBDsiOjcrT0GjEpLf5qfJnvU1GA584NOu/ds/xjxuY4pxw2pd9IFXSQkd4vokdHKXmW6W2WZGRPJQfd/0mJkjCHLTcSJO1oeT+GwJT2yMkiAYAkSvVtadSdgRiSMdcSKANgwAAkMZLEWP7tT1AaNR9SAoHer+OsNREwyIuHUNxyoo/VMzKU505UshYZAGMAeVVT+ZhqBgkIIAHzON/XwPkhrt5ROWY5tWJ3NB0CA2A6dAX9/8iBBMtyUgtNWwIERpIkovo4p0lcEkqp0Mf8a2HEgdTO5/ySBPaL2YSMmZpkzktkFzQnbV4510jo9QEJgHmOQwLjYDY2EiASSL2UioHRZvDU4II5mR/tveWFYqmWrpVhcLRabkPQE0Vyn5YYOS/wBIuLa+fc8XwhdysohSmp1BooRddRjXZ04YxM+Tqlk9rMl2Icbe3Qo9SQmy3P6D0M5ygYeT/y9zabuJFDCIyTrwc/BF3Hyw33Heig4Kr4KAT74oymJzOmA2QumUYs7QhO8Nl5pnB7rzdrWEALOKpAZC97W5jWpWfHZuPRRUvceN9vUWMGa9QpYPHkb50jGnc0r/AOjte0tiG8moCCRT9ygHlXrs272lbgdMuBWEfI3Z/rKgsdPZ51HjZyvbRc5bveW1H1mMiwRMeWBbFuOgFcifLTXcE45ZggAUrG8vP+EQkZMjSGWgmW1clKr6Ep3fjyb5MWljPyAVB6RQyA0BR4pgoQwGVcD2uT9SfXKdeK3wyhp7C01U6ra3Vs6Uihow0+mS29jqAaYpgQNEdIB4TOXKBGMSpP7zJ1LYTdZ0CuAlZg2NUDvRMGzUvPZENQBbC3tOhYV7BWnaxfoNxHcl/AV6bVZK4dAUd3fdGqSJP9cSdUzd3ERt7dks/lk/yGcz4RgPkr5Ft14JVHInTI5jEDaHcwb+O8IgDuZH6yVbvn5NANrBRYbUd6FuOdkbcQltXJoY7nFzlUBpJS5C6iAAnaezM0cPjfTKB4tGiGQVsg5yZBgZ7oD241UgnhVbMgBHU7hkrGdwIDNWW6KBmxqWDXAQpANjiZ5LOPjYuufT9alZWKlioPHNXb017G1QiiPoPKnc8/ERodN9bhvDykJKVkXfcGARiSZM4ecr03MHfQmXIelaznBkDVPF34UL0OnesYkwwGm/QgAGIq4lRHbSADpVsRSCIhyFxgHNqoUJRMxIJESHl+JC/Rm8ghd6lZOD8iAXA3NNJUUqFbjnZO8bwZZQgEmYR8EyljZv8/2u5G5aLmaFLvBRKoQptzXJ+JdpSqB6XwQYVMeRtgNrmvW4HWizoqtxciEDFtUVDp9ZBpFbJ2IhU2WwOpCrN5fC5VLl/vxUHMo1ZmWU3BB4AsJyCCVN4zWDWnsFZWlyDfMGy4j/KoRCkeu0XSGHjXt1P/k5gfXZS3kWYhjPFzpJ5AcSnpVdMsr0Q3fxMMABnmNXxbNUJ018VRtmodPKOujBfou/kakOE0NZ2JgA3ZPRVVcOnDP8lzf/TlOCDeLdCGXGVI7E3y24TGFYwmdHRL0a9TiSFf8Xnc51hqz3Wkzjq97CqPQPxQRutGzXfGdAA5vpAWPzWgWRlnWUw04nlArsbsDKRrtdX3Dsq94vCmhsMdxGnjGBJrpzQLuZ6LrkrmFbYwBHV+U3jwgSGCvplLvetkFOyfmpGUdnYrzEGAgD5fFUkBoc/jZBA6JJoNrVwXxkTvfvRh5YyKYXCwuOTRUzGBLAhn4Fz4Pk/ANi7apfFRSVieL7x/3/a16rUAWNmApQn6Up4swc/VDGZzFSiuRc/PARsB6GGD738WkDerWEjPrMtFvsh17O8JkQ6nDFtLCzoiMmSMMQYs3wyD5vNzZjAXS1cBelrFckF5goQKLb0Z8tvKkJhJdHAesm+w2uFEegoPC9vbE2ujcLydS8oxtXQ0WlX3CrS+wz9aI7izk7FI6HTLnyieKn/p2WhI7Rs5FtETQGMBtAtEEBLadxWs5BeExV1abcedcCxXgIgllO70Lyh/Ui1nuGLGPTXZUwwl3eEHl70NSQsdbE80Xot/eZFr8SpqnALkoedp3CILs6ZkuYTnXp7heyLQ9U+zOOUio5+qZ2UoOIbCyJEXS/n9UH+oqmSuIDL0zVt5eqvs/dKOalAXAj16hkrMxzsE3pmmxHsJg08ALfCWNchQ1OiwnPvdvf/BCjtwOBTKvRUpCR3iSG29UcVg9k80JUcJgoKoIw9H9UJaNJylJyfFYXWMERZfQlVqUbkOSCAD/UUAeQ0zB0AS2eKqt49Rr13+Gc98TKs4lOOrblDIc4bkKixRHqGOfPxSjCKgJpOaHPUfxigole3MAIbIAIBhnKNGNuqG9KJr4Hw7AfYogpw9HGI71EM7iwmoiHSy04CcR/XqbVs1f76ODFRYjoycdSUFBgJDyCvqhh4AjgwQuV8409OBVNkEAFVH1TyvJtCIYS696qE1SfYfu75WN5LtAjp6tyvgOFE5GsyLHzSt8m5mWUKtbi2R5waY7cF6bjdX6nql3jKVK7rAcSq0KLlcu0rkz7FOAxTjDgdkF2DXcCuV3sGweMrW1wFlVpXGL+za9lYyS0ILZ9QS0mrHLgjxtCwpUDq6uIWBAscPy7qowmVYcgx/rHUujbOvKY1IlFq6En+jw9EJJs3hqSEHK7exUxVxwbbm27k8rIsxUhGWkHyWeVScrW936lEyRgHlgIedIY2xkFByYeloATwANuNbjDk7LUHpuLoKEbCZl5Naa+RZct8ROvPYBdEZ3EFOrblT13FgM+NHNmtuQwKHubwf6g8ok9gipQokwgLlQ4SdTBKhq7G0peDIhRCZFLkfwRhH9fJH7mjl9rZY5/XndbhSp9ssTZVr5BTfFOmsDbDM5zhS+h9r4JQ7Y/K27uTgOQaG9GpKa9DcLuAsf6CTgg6ahqa7xtEi0WklUI1jOqFDKd8UWBjIA9IBxkseKeQs7xRpYv6wK1rUboHO8n/qodztyhYTsIvkuAC+kJh8Z0E7gqKDAoVMdken9csvVOyTNyVT6yo0JM1eBh7yoA7wtabQourlBV0p8KXZYYaipKBCicBEOs4Rn3l4QSQJgASR3ornqgh0VKHO1BlwXEYEzTxaDj09QHbEkJ6aSmF2o6By1j2PHly21qH/tJUBJdpFi12qMtc6U/lf6PL/+D2VsGqFVYDMriT63AiGeyQIvVzmPL1cTPLtifpTQlbh5RsstSYzoQoSqdSE9n9sugrs6jsVRi/Z7nrdOcB57IGAxtuzYZVbhNGhICi9ywAImPVT9QeQ8v3GaDEFpTkIpFbonhEFAlVKlYovURKBACBH+5u10NnnPDuD+el4KnZWdTS9Ijqot38hMjKqCgHyA5PCtYRc4NSuZqtoCSS4WjoXLXDNnBpBB2Ooi3P5ma7m/WXt3+uxySGv/p8BRoJ+QVeiRp8Mu+QLxwDM2T75qE6sgogkCZm2Ds5SavWHxHQ9m2lGUgutNIdiDJs5MMrBoqKe5oPb+NZdbKdDripdwVdPNU8Ha+IMYgpN3kPNIopAVmVpP4H0T9NSyaq0R+YYm6xeTPYPxtQaTytSMLJScqkAS+PToZEHtQbBQabkZjgFgMnRkDEJnbp4FrCjLi3p67hwZmrthzlmBfyfqikaE+d5MnneAs1guk044P+7qxCCFmukVuKLlwlBy7YZl/zZ2USOg50dHD3wvLqZblPCXaWO3FqJiRpefxh/FNeC5sN2mNqBoVgULTIn+b3BVY8OM6yjt2EMYKf0xH95BVoJ1PoGqYdxwk63etnpKu2sNZiuc+t1d8IQy8CmV1QOE5FZGeMRmCSdxc7pE9TNy3DTkJMdxXNbrUEKUMxzn8BYzKNKBkki28iQI2f5/h4rSkYrW1idCUB5J4WLlE9jG5rh7BCOjTA0Aou0v+xOyInFc20cU4iWLg4ZTPBql00BoSJxdLCzM6O+YZkATDUeNQ00NqXOreFTlaByIfPlTTdUWXWPVtYnMKJFihRA4DqclN/UrVxUXDQ13j6lzIzkUsqiGzgFpollQyf/YFxASyK/BonWtnlhD2kbbqcL1D0YlDX6EFzGVTL7ovXw1ny6i+t1LJgQXQV2dKZxdg3bBEtP+r+oR9Dt/HgFEDEVWSJTiRJQbVv0dTcFikG5Ud7QoUBYtF3L6BKH/PuYr59PSlcLWn7zm3TKKeaQOyGaQw93RazQWwyDKSCEyhbUrBdLqk5odsL7nXJbjv5WMpPoCOAp2Vdp4jK77V2hQoZQtiag5yddDTPA5iKiwjytb/IuAjVzqTagyK//UKKFrvtEGgQgXVtwmSef0UqwCsOM9JkQJVeT6NpLcvJOKu5Cu4b5IAj6jUTPJklEYBzUqVpGC4JGD4EkoDRPUEK+M8fiyvQ+X6s39KZR0qjpRLnZjukocm0tckTz4icz4bjGUHVF1xwFQZSvs52VcVnGlAPNnmy7OVuVjTVpy4JPn+lVHVgNnBPZyaYiQ6dEYLW4E4ICSiL11U9Xvdlauqaas65a7YfZeu81ObSRhYo+0WLhMK2LjsbDG8EMXzANoRYKFEJBPyhV6NoBNGwC2lMBqb5uROGqergaXtXWwf3TD5PQCgUEewL9QQOnItRobhOP88gvOmnH2pvGJHC1V1SsmoJNzpRdHe+Tfa6xy/k42PZi5gl3fTkUMW3GW2jVMnzjzCV7yOr+9G4vJwouCZTJWRO/mwOesrUF387svHVcHcUMRRNZrKFZCfJulvr8XhLEHdw6xBqfQt9Ol1v87MQYJeNoM6BNLTB1Zpd+aiKl0jcH3X1EpYIUTOX+6YdURMR08sUOgzrRFoYA4TgQrnM5yqS5XT+2FsPtYjC1K6jbeEULY1KVCUOTuS4hg7X2Jmlo9IbHYC5NACAqaqGg9F9Kl1D1/Hd5IPTWzRY0bPxkPCVAwAndk2u8K0nay0eWbDB5XoQR5j5Frm/KMpku7/tPDOSOrLlaPkSb9AZX7ZnaVmrpwBiUQIOjfkXKf1p0Up3f6g0v1wY67cjvZrwkvy7qcLXZJ2oRdXnCGnY9kvnDw8U4S5ZpStNnZPugJqstwDghvGbYEhJ4+GkH2tiscD4yjdft0grATGKXxq2cBrQG/6gOS5yQrRSxseS5pyL0DeNOmR7uc3/pi5pPwe5Q1RVp7aubh50NuBovwCSPJ3LnWgjBIhxrD4+2hhixGKMo/55HEe4ARj+PYn/YbK6bSPKNYlEN+XrNS139H64wjC9r48RsHa+gTSmDaC+ePHGxM2utYt25cuoWeTDgTxPAeBsQnYyo/pPc2qM+hNTEVERuYYEkEQASSq0EyQyrfmn7kxsjs7QqvaZfEA/4URn7/H8IbjYG9Vv0BDongrr+qbnIJ01etdcoIDpvP6L1KlQnluPlksD94o7e90vSqn9BIPXZvABqEylDIKanRZ+jPJZ2LJK+z7RTjqCCdtAfFyN/AC1vaHwrRX0lTPpVRjIEtrbBMoZVgf5Gfc9RtNaezAuTns52Zd/Ng1jTygBkXvzUH9gMpBsI1IFTms/RjEUqwieLvh2BKM9NG3cHTDha1JNA2k0gZ8O2euy6SCW8pB8BOPgGgVWhUwehxXy60I4EP1UKkUgSAjDfNQYG7mtencsaBcXj+MEFqMDhDOcva3+UUsrhLMfOcZn9zt40Pnho249zBfMRlSJcHGpdIpy1T93pSRnYQSQTPBt3IvuiUBkQnRGxsSu46Sj36lTnXMcZOl0dAr9wbu+HNkwdcwxFWULXuOSDlDCY9nPHgaDjRL7TZDk88FvMWCp+95WFu/SBA2Ct59rIPA7/uIQJ6hyuW16Chrmnt087qY0cJLRjWle0pPBTBpb2MpVND9bbxc27F5kbeT7Mebnf0h2LYmaIWJb4cVJgrs5Ujo5BtaitbRtjTZQZBg587pS5vd39y4cXL1q9IJsrKrwipVQmGNSJN2TrOzZWIe0hkQOIgsNEkxiAqokJgDK3SZY0DuKkVT8oe+bbKIUT6qUl29VNQYGpVrk865C64F3aZiY2M9rcJN11GcgB3ZAWzbavoFbniLC7/VibHR0ruWBaS6jCcM32BjhyJEenDLz0iQXBPwBFKQA1lhIGQue2kR+TcXGdKafuZhB0YLSTOmKtPEBTTkYXN/1P7qyj/sanfynxIM3tRtVaVAyOeuHQdjGnf2muchwU6zI6vgI5KsVT6x4l/M2Z+pF9SU7XvdTJoTnfofqPeu0OCRBWDi9fPbayUW1M653eVW0AAOY7JDWxLA/lk7FQF4BFxGQZ3a1/YHNQehwnhgmoHbpfhsHM0vjVALVCYe7bDK4WOP/LiajcKZx8qBm8UHNAs5QFiM3/HDnWcKjQztSqXc4wHIVWq2iQHB1guQ+MCvczP/pfDQMy1Hzs4IiorUNe61PvBKqZVBCq5zAqTLEAAqqNIXbvq5k13/2Yi7vO26vIk6mOxJiWOr2HhBwq5MnjnOddJW5skElOAgKq49DDkovhPJmTzD27wVn7fNj8f9IJQQGQZP5l0jwPQ8QACRhTca8TwgIgMGY/x2JjEF2LUtrVMJ+mPyKgzk2TFmO0zKP2kJCpTGq1os1bcAaaggfdWcCuVxg165dawCW7qqHopzqnruRZ78JVFEZg+XuzWlvmq5JTANXKIkqt2VHvLbYo6NiVrC1WsTUZzQ+o35j1L6sOiDQTW3VvlloRIbfXCO7uGD0ZgHeOAJgUBhqQNMZG1zgcZF/1MoushzAcHHi0TrlB63qNoNEJVu0EqbGOwU5ZPdDssPfrFQCO8XJrXv54xoQhFBq4HrlpaTYEWYnWLGFMm+MZewepGT2l+lomGScUtxcGyjzvGNgVMyB6q5nj6Gr+cHDnmDowqi+wNwZm8zSHRwtXPpAF0p/HcmAwJhgzkEOu7abT3TqGxkS6RkQZG79mpW2h6YKwlgys0T/mg2Q2a+UD485ub6p8FOiehj45osaNVoUdAGAOj9mOvrMTSJLnKAJCEQzQq6C5z6e5NdloiR/WUTUwZIyg98zxKIpMFWSxwbHloJSGB3NxaiVB4ctYRfCAUG++81t74UG46MZwgZFBLNMA7kQGNXC+/wlgrLuDbXCzbLgw5sZwecKJ9V/jjuqEGIjIgBjitL4ZXbx7eSbfXvJGq92sNxpSJsoPUx6M6zyADk2D22BcDm3H3QU3SsY1FIWB/aHAqiZCpEIDNbBNMpMVHuiw1cT1xYOxjPahIjBarshEwjlUTmwfLJe2leSO5lZAvSl97gcwmwcdV8MD0yxlx+VWIm2UexAZUvGX+yphaGyUTvFppAmuALUqX0PgktnhfGdmn5cRXBqViJnlSFNZMo/cBQh0BZj0p0EADR5mbUomDNbWek0IKslil9cmulyGdMdyINDv1uc0E/nNRSsXLFu1vMIasyatP9A1VUqJ+ac7ykjR+SKNoN2xQyHbaIA1CbzkXDBc58qka4M1rzmjBD0sB3is3gEH6yQUtvFoc+K6elr7KHtMeluFnk+pcrcDmLKS2d0YAtuBJOaZ9tMCFAmUx2MOkUYkxlTYqCJA+1IkSglSGpog6G97gkJUe+f51zIZMCR9WrlnyKQEJJASBQEJtT4IhAw4I0RgHDiifRNVoiQQwqpaY5Xdj47oaNlxgpn+uowRVnROWQWWfyZU97WOPTDwuNH9HKXqQhIQiEmJQJgfxMSY9TPA2ZELCKC+mQlIpD7BotfW0hAIkBgCz4HRcTiiREaAjAjyr0EattQnuJpoPF+qfBwCQCH0aZi6Jgouy+b/r+JOwPzjK74Oz7UHQ5I5T5DedK+1vSRgegM25qE+I0QCzMvFmH8cRckgksp8GoC1B0OOBkFU+RKUgIhSoiRjD4kxxX7qPGGDIKP8Oy6eZiaykbk6Z1iF62Z5FNcqa2IyA86eIpvaCC5jYVxTZVIFninzvCtD/1BjaXKY9fSVAtpm3sYWIwEa59IYzN3RFwRgJRrEqEq0XRB0AOAM2ok40OE+2RVyNbZnlMFTGeO5EGHwCZoV7XN/w6FvhUvHNfO5lttQDZ2j7Nwxveg3iDwLrnKAMUAYrDpTuz2sUvItgePHKOYYzyCH1bPOl80CoHdnnbrqLIO54f4IP/HtDl6YwUusIKpzte2bLRA60uOyjJ5BNTJeQbBL0YO6LOcCwSM3/vHP7CkBp0w0xt9dZXRDEbVQ3nMN5HuenUa25kCPbp3bcRddOxLryA/hFYFVZJ4KMwolVI5qOkfMAhHy3K914m+3L2iMnaJWDoacNmHm5AnTFo68vnDF6yuaKyY0JjNDI4dVPBWmDIh+rUtpJ8dFoDDe0ZDr/uq/9t2pUqk2asP+qf1k561M86YXAJgKh08lO7Pv2GkX2nhYTjgL6hCJgikzMPtDGhMPrioza6l66fqLA5kucXka0IV1bQrNPHWQ1ryC+n2hDupVQWUMjNWIoZ0A756tz4BdaLKevDOPcSIU8ghFk0GW3Yw9toM4tNYOi+0Q6Ma8H5k5yBiN4mUAckfwNLuHBqKzpAAIXlirnK1QW9mltEknMrUUAJBSVlhlJBt+dfmLI+3hiV2T+7uncORCirz642PmsAyh8hbzXFHuWOpkm9MplEQMTsmz3Okg7mfdPLJYHsPQ1HWYMV8n5zUmKjbx5vV5Xie/VYa4LHut+MoOosIMtWLk6h6/k7dLErV20zDajFMAJ+SGOm9k6Ofr7TwERSDGiHOFPVOxhJQSKEPGc/VDGZEUuaTaHbA5EPponzyOBcYgf0kf3aoUAUMQEgFACosqMuKMOAPOCTkwVB+EJAJiAALIfKTEKLJ8awoxqatuyFTGHxHNx1EYz9MoyDipb32ASstIQACQRKg1O+a/0Cc/EQJwAslJCJAi78mkBAQu1cuoOaWl4UTppuMYIAAKkAjIUNqEOSgdRblQqqOAkCEyRASGwBgxRoSUf8iUVJoTBCGTKBGkElP1lIAYCsYJiBMxEkAoAclBSvlcoEJcXfZk9r+WsSQACEmEgByZBMctICAGTAKhPnMMCZE4I+QgJTCORIQSZa4uGYGUDEFKffyPhoaZ6rO+x5Bkfl9bYs3CUuahsBYkHaHlwKuUh1LIgPkGViCSOtAXJn7WuhqAEek4KjTIpijk0E0nu4yeda2M+7eax1FHZg0cg2dNufvcgYHAg6p4hc6n0YeOY2CCyfHttBdW5baA7E00nrTDJAFmFhc/CBwPAcfhcVwUC4kJNYqaW2lH8omk0mrWOpAhrx8MFNtY+MtQC6PZoovvO8aOIaBgEO+pM4odzfZCs2PNb+sslgM5dAg23O4UvA9l8Cykg01jt40bKIa5DAuGHVY7O2hNJ5XPZSfVTOiGQeCJiXZtHKvqQuBwhZ0FHbDcrIGx3f6kHRiXNA5ugkgvtF9m0KxVuljucvvOjIOH95s6/QUd6TmeyIdrVhgbQxLk/gpByaDkwm8sbbkPBRHobQJh/gwKRDT3HVkNYVKT+mbO0wn6YJuyq6gYtXhgJkV3tWf9KZu+sOTJFauXPP/2U+v3z4t4LESqXVrQ3w6nEAowPKK9OLPdBcyWIKePETRSuS4HR3IpTME7CJQrH/sCiZnF/EvGbzStjNkD+9aUoxzNvHrGgnkM8CUwjdyWXkrNfI7RB9Jbf8V/lgWtAgcAtEyQ8xf5GwAtfN4uCDfREkooeCj4QyEUKaNflcrB9Frr8XzVaiuxenuV1e+k7KWzWCb69F/SN4JnLRWSQ0TQwZ0yA8o6ephYRA0AefTpyKGn381u8KBgjpa5ybC3um/eoDI09hPKhUuHwPkPqSsLyjOTQlYrtVeXPv/CgmdardakqdMGapMgP//SEXFLak97UPDDhKOapNZaA4DREhZitbfF2ycV6Otgg40zNxXoGeBP7kTBZflWT+PjhdDBeCjfwjXyhu3VftCcws56qqX3pMaUU0JPIeAqFyxykfVlidw2nrySyAARowiN5iPilQrEDWiOSUEAiJUK8Ro1myASyMVbHduTI8WklGrbJBFIApSIxpTn00ogAinN1gATGkmSIBAYAHIUOqaTkjJBUpIUICWql/gkgMS8UgnSvHNJedGVM2AcGAcGSBLiiIDyD0JKKaSUjHHOODGW769jBgVthowNyPESUgKQlBKkoCwTUhIBB4pJy0iOGElJDPKKHzgfDck/SZoHOTInjV5cgny/aa5EpJAAEMUcVAyPymTKjNQ5FgREIsuIRMS4ntl8ATXXOShBEgFnQCL3kryjdLV9d9aeIbjFatA6RBIwwGpEQkCa5hGmI095bslSQRt4AZzleplYHrQioQAJRJKAgCRT7K42LqMkdWoxEiGTJGUmcsYRjCHlX3ZFAqJKDIwoy5SGcPxLtIbP3YFOUggp9fdjpCqbq2/qSmJaGdmrpJrgKG0j9IaYaOQ0t3nWHphUsS+GRuUpE1QIURzrgr4HqFigBNJS19Yp0IGujnu4hf6Y/1dAiTzf5IZGptxnHCvt5gE4UZbtbu44cSDqEfRGf8fpMm1y98s/4VY7IL6f5nTxQDfaF8LLDBs88vwUx9AYxwOdEfJsjpnLjBYGmQ6trPEqA8n7y6GXS2HbwvP7g9n0b/ANKxU4vQwMpcB93iz6mIh+pOKPbFLeIccadeuwtF/ickcJbTeBJWbxCrBTQa9ZtnC3eakPgMHiKMbW7YyNVeLviEAAjJe+0XkKF9OgROmWT104tNOHnk9vEDQ/XN53EA1K37qsVDJ1Pn6Rto44h9iBz+d6rnIdFXz/M5glH7FT+P/uL6Vuy2o8VgnpH7q4bqVT0k6b7PbEW/9ZNrLo4Rfu3Xa9neZMmEeUMkQkEv4k5HJFgYGCG9poOJDk9wv9DIilyioH2OW8Qk7G5ZcC72i4SIOU49BBPwRWwfyyCPmjgs+OoVTbFSCvk+mAnqyGMK1Fh6k5Q7vnkMC+GhTC6v/hKX3DH9ShdcmFJb+p5NlaBnJXz9VgGjwKmRqNwXR0ibrpLJhWuCGpfCF2HzhGxUxHQU/L3iZBEihxAgAkkKB8ABWek8xrJ5QhIyYoe2bBU68veb2nq2+nTXabM2X9LMvUW1mFAYs6DkKeWtsWIKNlVe7UFY/QfofEWofLn32du5ne1hMte7y2Y4rA22FQvsLlY1MZ6+lZ9UObMQr7et10dQcAGca9PYQox5pATBKBlMjZ4Jqh4dWrJ0+dwhnKTIw2m61mq6erwZGYFJE2owhIEiBC5JxFEfIIGVOfZ2baLKkYSQIRcACRQip11oOQIa9EwCPgulyfSSklMAkVTsRIMhKCZH6Oof4sqRSUqc+VEjJADhGXnEvGAJGRrDDWHBkFzuqVGoDgXQ0ATmlLjDUhrhCPACk/yzkXCykEZYJp4wsEyFgUMSCiiAOP1QZlBMhSMdIUzbY+eYAkEVFGkuU5GZL6PVDSXw3Nz9iVkogwH4gBhzwqYIgQ1asQcUoyYECMS4ZIkhPxSgwA0GqTlAyg0mhAxOXQEEl1Zq/VBAAkZRxFEDEQAqSk/P/yT5XlBp0kASFjDBkCkvrApTGejo8ks2SsPdRsVmuVarUuiZCImQgaCSUhIKIk4BIQCBhJjpi0Rqu1OiFmBJIhMUaSsYwoSUWacY4yxx8QCHhe2s35gwGAQMaqjbrMRJYkkjEEYARMSgBcuXQ5QDZp4kTGuCqZqtwaUiaIsjyQRiAhMkTgPMZKjDKTWUacgRCUZ0YIAIEYA5CM8o/joIrAQ9fZk6BArIpGPGhc+oysHKJ/E/SCyjw5UYRnXa7SYkuZL/DuLz9ULlWBrhfkBp/eIzd/3wlBXb8q9Uryju8KlwDataloC27QzuhrN5ZQP5zERwisM04HwEOWcID2YC+NcDqDnw/67pe9uLplbrH7eLynnRa5UIkttZ7F2pUWoneDl3XIint2O15+PKwcc1BhisXCHayYcwlhNWyzzlA7goAlcBtIirxhWdKmnwIil9J8HPkwwJDTroDPeAhGToTZaRXzpEagxbQLXQa97xfqSCrX7aBr3G4dTMPpJlTMB+fyIREhEckGkzfeer0d7nvpjuWDi+96+rYPvecT3XF3WyQMTfxEQDb4VD51EJw4vnnxdd1QRjF4ebfMnhhvuGRni6loOR3QkNAEH+q+H4o4jTV04R/BbFYugpZOO/Qal/xWYzhAkNMskCMb24SJikJuRvMDgkrBduBs249KAC+1/cFmUg8NKrR2kAjWuqSNuRRt0WvumnO/I4YdCwLWYSK7aFRs6/xN3rMC04ZkcqifY4EGNqX9nXPzUO+VUX8LEEJMqPU99ebj/3rx7rFkZItp87eauVNX1N1KmxyjAHCNtxdeOSEoGUiCiqXNQQSvrzh610StxY0rNtPv2+mAcqoSbF6LRqt8XHis01d2JqHONDj80KkQ0TE3ayE1tEbzGzV7EpgzI7TBNHmXQMjQUN2qB+XklchbrtvUPmheaY2OPvbQQ3NmzZq7+Ray3eY8gmoVEO/821+vuvxH11/7k7nrrw/V2l9vvOnn11737W+ese1224qkTUlbtttG20uioeERAQiMUGIemiCAzn4zzhjnLIoiYBjzKOI8L5uBhObY2MiKEUkyjrm6WIycCSlGm60sSaWUDJEzLtJECEIkBrKr3tVVqTHUX0fJt4AiA2QSUaRJpbfvsosvf+bpZ8+74Nz1Nlj/51df+8qbC47/2DFzN9s8bbcIADkjkvnrmowk66pBFGme45ClMDrSGhmVlK0aXLNmcHDlihV33v/AHf9+cNrEiV///Gd32Hbb9shwxBgCsQjaUmZpyhggY4whR8YAMiEJGWOM8potokQADowjQyYzgRlxzjIpF77xFq/V56w3N0sSQpBAlUqlNTL6m2uvTcZaJ3zpfynNRJbec/vtL7/6ylGHHTZ5YKJotzEPyZGRFIjAGl1/uu2vv/nd77/wmU/ttd8+6chIpV4BkQFygHy/riQgYAwZByASQuhPkyIAixEwAkkkM+CVkVVrvn3B999a8ObF371wo43WT8ZGlcJgOesgy/LqMkgJDAgqlX/e/s8rf3LNBd/65uY7bJc1W4Qo8kNbo8rzzzx32Y+vOebwI/fdZ/d2kmDEOZGUFOXOARJJYlH85ltvf++KKz942BH7vHdvaiWEACCRoUT+xTO+2W6O3fDjq3p6eokk6voXALGeOvAKAEGaAjAWRwAIQ4NjK1ePipQzIiGQYQTIOOeMAxEyJrOUogiAkQk+tQiStspGqlzNXJ6ddysNCjArfegVz5QXFZrx3IEiyMuyRmXZx/b9Q3ezm+eMQZniQTOwHseZNDDf6P4o1kZcN2+cCCAIPs1opRBqV8JHyYdTFdk06dHcdGb0bGPBq6YCvvli6BXC0NNw4mSDTBFPNywnp5d26pQjWwTJ+v1OgdaEGeBYTKeUjXoSx9k2rrw5Fbx0Fm1J8t+KsV0La+NnC4PB3Lh9AQm8JSilkglc0cHFdfACO47abbBEBG8vEZF7Z+3RuIu4gjPk+SJUxvHrYMZNqXa8me0ymaQwqn0wYYXWkQsjJs7iuMVh2x5CSnf+Oo7jHTkCRAZCp3KPDi+Hb1BrcDTfFj0oM6nb3L8iKPJR2eVNXE5pDBpbFeOvMnqhjT3rzAe48DfLz2fE921z+AsLn1pMCx98/u5JvVMO2eboiEdJljBEBiB0V7uBk8wYVtU7BoKckpXvt4LjNHekkfX1tHqyjp/zIMDILK0/dCjQdixy1JBGBYy68hfYmim3ZTAoWroEDVyC+biBhwQ5RCuD3p2OPMp6xsGgZEZzIbEVshL3ufOsHgQe4Ts0xyL+pZNgSCjLyesASofRHdDyrW0aYkcZOi9VU/C0MLh+n9sC7bFF6RuXpCtTthchgpTAGGEm0r5q79ur3rzlkRvfWP5yo6u2w7zd15+8WSYzjhzVJy7WCf/xr2KC1t5xjdd/P7472LgAO0He/9MLO/6hpgVDSa2YAtvicJ2/zMESaP/RlzPdkcy+GMaIJMTxkqVLzjj7nNdeX/CNb3z18587YcWqlY89/lijp3H/Aw8+/8Ybd//7/vmrV7/21lu/+c0fnn3tjX/86+5XFy6oA9tkg/VnT5/GEEBSVK+8s2Dx1886b+GKpRGqQ2UlqNcDEQBVyCIwjtrt1re+/OUDjziMhEyStNHd9fvrb/rhVT9NM2p01YiyZqtdqTcgYqPDIySp3WrH1UqaymSsHUeciGQmx5L0I0cefPpJn502bWqWCiEkpIJlHCJOjEkCyhLZ0/PCyy898NgTg8NDMm0Orll+6y033/vP27/+tVPfe+B7Kc2ARTKOEAEyyeL4jVdee+mtNysxjqwabCft5ctXvvrmG48/8dySxcvbScI49vd3R3FEiJSJ1lgbAYWQ1Vpj8cqVP/nlL+964KFKVE1aKUrijIChFCKO40pXNUvTGFg1jqWENBXAaHRkbPMN533piydsvMGGUoiWFBdefPnd/37o+uuv2Xn397QHhyUDiiojo2N/vv2ObKz1uS/+r5A0lmU33fLHf9/3wPv22GdiX2/SblcrVSIgksRZddKEB++//6SvndFbqU2aOgmq9eceefjyH1/dTDOOLMsykDITggA451EUrTd15gfff/hWO26XpikhE0TtsVaWphwYj6OYRy2ipatW3Hf/w7++5eYvfuYTEbKIocwyVV5k0N3o5YT55mmSKCB56sXnn3rmuWYzgTSFVivqblQ4zxVWO2vfftcdBOLAA/bAWnd+IDCKTKYpEMhcd0XR4y+/8pvf/n7LTbfca9890jRFyN/kZBLp5bfermH+FVfroZEkVq8+dP+Df/nL31pZu2dCf6NRW7F0WauVnfjpT19yxeW33X53zGNkWK1EggTJrMIqfX1dq4dac+fOueai786cMY2kUMcX5WOCcq2sH+aKFhrlGeT7HPlFR28ZuXS9dy3hviiHtqXDD92/eHUo7BQshqPwO4Ssna7AzQseFebxIoR1rFl2BKWsINlxBO/o3LVPVELlIrRmN0dZA802RgGHc3VEXu3LBYd38hFK31nLo5iS6LqUzuSznGNHPNMQzOO4s2hbltXeOtSJi4OVM2cJ46nZbCba7UUU0qe4ncqN3ksu3/P1t2oXHOfxmNb1+b32naSJ9OIVPdKSLk56wj3+KpwfynkrkFAfixBysoOXcU45yOu8BaHQUZ0/ZLImUMK7BsQ8DvJnMlkotH19hH3dm/OKy74+x+Z5Va9HXoig/NQGOblrxgd2PvZnd/1okK3++2O3ALADtjmsHjXG0jEgmb9vI/NXajx0SYMLpoJgnpjqAFqmQwfxcskv3M/VRh5eE5UIsouTNTBYYAL9NBAIY/WsUAW+ue9e5zfJqgtyO7gLhEWEXQy9FwbAuaVjpSL3ofNf8uBy7+tp9U4oZwG83bgYdgwnsoGXt4IGHXKal9qaTgEJWhqUc4K5FJxFraDXAhzJRfepB24HLjTK2GAV0M4Z1LITKjPm9tC+lQen4VgCIJZ/wJCQgIGQHKC71v/Skud/9a/rXlj8TELDu8/bb9/5h1Z4nImEM45FB8oYfn3ukXt2hLEWlsod9FfAcuVtxtV9QZLbdiD/bgC/+bPUJzMDoD3STNM+jI6J1JEL3rjm2Nu8vOFm3M2qKynHte/RURUBV6tYsfAAMiPrtJvKarII0nTm3PV+evUPz7/0im9+64LmaKvVHPnZz39X6+8eHB4eGWmedd6Fc+fMXTU89OZbi0TavvTKn1JTZEJ891tf+/hHj0GSqUjjSnWsnTz48CNT58w+4gOHVyJMBQAyKTMh8iNoKEvTeq328tuv/e63f1i2fCVEnJCRJMH5Ltvu1D6u1TMw0DuhBxlLs+yc7104Ojx63NEf3GiTDVYNDX3/oqsmDkw4+uMH9XR3VaoVkWatdrrz1vN7+/uTdoJRVO/rxVoVGAMWqddBSSKyCue1WrXe6GJx/cRTTj3u08dffunFp379jHNao0d95GNZqy2yhBhHhKhau/anP7v0xz/s6xlA5FOmTp44YWDS1AmbbbHJXrvvPmPa1LmzZ8xdb2b/wMRKo8GErKdZNjrKGcvfTu3q6d1og/V7uvtTEq12mqYJZllPd/3x5196+rmX3rPN1lP7+7ASEVGSZAiYtNqz5s5tdDUkUDtJe3q6Dzvq8L/cc9fXv3bGDTdcO3PuXJG0WcS7+nv7evuWjyTYqEdU606r3Y2udibqA/1YibHZEiJDYLxe5d1dt//t7188/YwqVi686PubbLUNJS1WqQgiZBHnESBGEUdkEkhIEu1UAlUbdYxikaW/+Pn1l//op/VqvdlqCkGM82qtwni8cMlSqlZ++KNrbvnNzfVGlTEcazYZZwJEd1fjK5//wlHHHD02OMw5j6oxVOOueqO7u7t/yoCMo3pf79Dq1UNDQ9VKBRhQFO+y265LVq+5+/GnG5zX6tXuRr0R1/p7ugBZvjM2zuQD/3mgWm/sud8+1b7+ancGgKLVSkabucg0Go0oquQSqAJEksDYG6+//sIrL7Uz8ehzL/X3dtcqlVa7fcJnP79s5cpZc6Z/8QtfBBL1evdnjj/h/YcfesA+ezR6um7+y2133PWfJE0hiigzrzDl2yMQQM2g5QmUhUfPDTeC7YlfaEpdSdTGygougD3/3AyCeq+3St04s4X2CPVpbaXFJTAOHjgabPyja73BVdegngnG3+scuJY6lsVxOrYpvFpvvAtr6nS85w1rFK/vy65LjG0B0L/M1IF3ZLs4CAc31zpfvnb6DcnQIczvuVU+lz5hAa0wODm1Wc9Fx2AVSvdsEoZIOKlZU2/RpSbtxiiyh5Dok/lgXH5Af8XtfkkC6LB84c5Kbfg8QSiXmxIYPHQhXBALDAbtdAKhw1u1JVsGOohesH8qeKRKkWVrXT6a8TaDRIkrNGjlyI1vy7YtkAHcbCMrqUubZATZjVt2kysiAETouFnooO0D6vCfyQQGz/TUAebBWiO6UUbJQI5rjIafNdDIEIlo2zm7NXdp/vL+nw431/ztkd+8tfKVw3Y6ZoPeDaUUzawlJAGCROPguk6YAt7doaENifqv58lrgXEBNaB7gYHZeoFmCihc+pYVXdIA6C0TJkIGvfVY9VByaEayLKUXxhvbq5060BRiG7uoTjXVIg/uqSfSnNWkxlQ8aKDyxcEG+2ZuAymBesuQ7N+WOibbo/WFhs3S0Z+LAPSeUaehryJNQ/vIiEenHGnw3k/o4Wty5J+uc5fBv0zw5fGMBUbvc9BaIG9Nmgb+WFpnGFlEFxk7o8O3ajOresnMzq5ILSl330iSRAABAgEZ8pjH1ThKIbvruX/c+tCNS4YXtMWabdff9n92/OS07llplnDmffbT/JAkNbBWLxhdvZbdMppxLc8TuO3DdO+4zkRJbl4/KOb+C418uPw9Y3Yct0MoAZ0NhCOvRvMBGB/EG5DCfJo3sPYiPJOF+kAVrxvY475zAqN6d44hQoWzTbbe+pLzz5kxMG3unDl77LX7oUcc2dXb+5PrrvndjbdeevGFc2fMjBvVBx9+9Jof/vQLXzhh/bmzkySZN2MG5ls5OQdkLI4TxnbbddcTvnBircJFmiIwxtSeRkmUNZtxd89DDz/0j7/dAVJr3CgS7WSTrbfcdLstIa4agP94220xj0/+6pfr3b0AcMMvfrfrLjuc9o3TgMdAqWy2MiEBSIyOAmGrmd79t38+9/JLWZo2uhpxrVKJq4yxqFZ/6a13hlojN//+pv7unuHh0Yn9/RjHfVMmX/ebX8t2dsDBB3dPnZK02rm2Wblmdb2v76KLvr/dNlsjw4G+3rhWjaqViMec8QgEpWmaJkJkIJEhSiLOuUzSib1dn/vUcVCp8ziSJKSQuSh09Q6cespXVq0euvSSH0ye2J8mCeOMpETkJBJM0zpymaYR51m7fcAB773+mh99+oQvn/61b/3qF9csWbJk4cJFraS9aNnSVYMrnn760QqvLVj49vOvvCK5fPn155Oh6Y1Ktbe3t1KJR8ea11573XkXXzVl6tTLLjvzfYcdwhgCyM3nb3npJZcAAo8rgDrIkUSSAIkjjwFISAL24suvLly6+KxvfnPWtCkLFy0eHh5uJ+mkgYGoUnntzdc33WTT9lhrdGyk0WgA0YT+3sefffYn11y7cMkSFkeMY1SrDA4NJ2sGh4eHW2kTI8iaI/ff++8rLr3q7YWLWRzFtWrfQO/ipUvfeP2t9x9+dBzV4hqXzfZeu+x8+cUXTpg4UYqMRzwZbT3w8EO8Ed9151/vvfcumaWTBybO22De1tvMZ3EMKFmVQ4QERIwRsvywYGq2jjji8AMOPwyjeLe99ttxmy3PO+87a9as2WjTjYaGx7bZautDDjuII6vX6/J4sddeux/0/sMr1RqP4rv/9Rgiqt3IiI5UkhYwIzE6x2niAe1PGRvueA+OptVmzTpYysFR5VvV0Nhbow8YACAwFigXR/GUqcB88LLSh3EMcsVN5G0CNCouUHcaETB3Ql/WuEBlV1CIG0eZl9RO/RFKK37B1DYCKDOOEGrvjpeq8TrjgkNDM7LjHzt+kRnfHOnnghfgaD0A05Ugr4y428DKwHNHCQGw7Oq4qXpGz8UvBc+EC/6sYJjccDWZYxocP82fQguDxzxB8pp0rserro9rVe3+Wwj3XSKgGSfHxbeGaCurhXDLdT/M+H5axMi+B5jjvJqJHD70Exlg/bBxnSI9QTBIibCVyV+H+jmBjjEU3OjTQiNFLpN7asGqxdJ41XVtXFYyaHrnD0E5/msR0fG8P/CcbsDwThgaKNFWMZwu1KA2AKQ3TLP3bLo/i+Mb7vnx8rFFj75y72vvvLjLxvu8Z/M9Z/TP7oIqgZRERPl5Eiq2RxWj5HMZS5BbDGbrST7Keo8aueySA2lExutihS8cS//p3pZmc49+4Ji0zhsEXZsC4Qrl3G64haDQ1gXJURaGG01x01Ao0EfKuAHmFQbNn4FLjuhzh8OR6it2elq3jWO9PQXmclF5ekmGc2nD5fwTRmvamATy7KyRB4DLJO5ts0UEHRS89XePHXQMtaIbEhJITW+0i6TiCquec1SKNsED34xsl9wMqVaFOeSRRFJZEZkPzxjLKBlM1zz61tP/ef7e5xY8PSqHm2L1lnO2/dSep2w8eX6atl2HQAOhFFOpvutkRF06BVp4LVtk/29X0Y9RYHSYE51vvtnLN/YdB7fhrmEhN4OE5mMM4CuXIlShI1VWeFhbyZQA9JtlaEwty4BgcHRg0pSzzvsWQ4yr9Wlz5gLAkUcc8dxTz+237949vX0A0FWr/vOvfzv40AMmTZ4CAJCMtVesBs5IMkBGedEsZtWIgZQADBCJJOhPhwiirkolyo+eUfpDSiEyKSvV6u1/vfWWv/7jrQWLBoeGuxvVV958m7Ho0CM/hBEbHBx59vkXX3nrrfsefFRmWX6w0SH77v25z3yqr9GQQC3RuubXN/7t7rt76l1RhZOEeqVar9QFwLLBNZlIf3z19f1dPRGvjDXHxloj1Vr17dff/vg/v3Dh2d/+wumnsTiiZgsA2u1k1vTpu+6669z15mqKSSCpGZwD45xFlKZEbUKGcQXSFNtphFCv1pYPDb7wymsZ44g0MjzUXa8mafrYY4/LtPniSy8s7u4aGhyOY86Q1aJo7qxpMyZNzkabCAA8JkJoJfvuve/Prrr0jbfeXLN6za9//euzz7pg0rTpQ63htN08+PBjhteMpWk7SZKoEn3o2ONhLP3oBz9w/gXfoVrlb3/840WXXLbd5lt88xun77HPPiuWvPPkw49tv8tOA9OmdxEgcsYxl01BAEQgJAMCKbN2G5GDEKPDg/Vq/dADD1p/kw1aY2M5H0Vx9Y3XXnn68qd33XHnjbbcPGk2eRRRJqpdtS2eeOI3N94SV2vAGVTixx979LRvfmc0SUZHR5asWHH0xz7TYPGhB+x30iknLVm6/Mmnn/7dLX96feGivXbe6SPH/M+0yVOnz5iWiaQ1NDp1YGJPTzckCUqKKtU33nzl5TffrNVqN938p9VDI5mUa1au2H2nHX/5i59XIs4YNtvNuFKTDEACcQ6SUBJIUY2jCmS8p7vOocJw5syZUydO5gyTpLl0yaJqlVcrXcMrV4kk6ZnQ6OrpA6DXXnkpbY8yziHiIJ23+IxeUi8bWnEtimEopU5Lfb+wRRe1mtT+PKI2w6B8O0BAZEozFDQPMmN/A/HWTmUhBF3XC2GcsAfKTJBLljBVVwwpnRrX+MMG90saFDSwlx/0vSNtrMe9OgERQOtkE+zKUikDqN8BtuVLo10vE/8Ul8C9Y0uFGjvX7TAuZd60OFVncxdO5HYpvQjGEQ1/WN9hCPo4fqTZd7rWKEThETCVtxsBOsJH4arlh0yU4GFrjx3yLCX3A/5E9O74eYFOw46/TONfeV7AjN8xIw8A6hSostmd+ng4iOs/r0sU7VyRaVyK+dqpCVbkbIDgBCDk1M/IlGDRnqMB4GhmAgD9lUyzCVXVblASUP6xcgCGbJd5e3VXu296+BcvLHii2X7ttieWPPjyXVN7Zs6atN6MgdkDfZMalQZnLO+bHzSoYyePcogI0Kmc7aXQPGzB0t2hkfRc5lwtqAPmVTCjXpYj88K3rzD0xYCViJz6eAsoiezEkqa0ofvkOLqxZx40Ov+v4LXZPVKzKYOobvkaLTfNJjBz7K2OVAuI5ZZY625SX/BzKOnbMbB+uhd061y0Xh8LZP5YH5RmzbaniVwsbBLMh9YsmGqnz+dwgTCVJwp6W76wgV84srEuaLF0q8UAYDauatJ721jVTFhKZz1MPqwmQi4CTgf1UQhJUgghRJakyWgysnx46YIVr7296rXFq5a00mYm2xLggK0+cNQOH5/ZNyeVGSAwdbKnnsivtpVmTh3CaSRIJ8/8/UVmqILGJOffjrGfM5e9a4cgChwFI4QubKXipZMBTiKDOrV1cClVpOa/Bj7l9jm6UXmm3gSOhbY85uVVg5P5UalVTyJyRsD8M5sIDOOuLmA8GRuLOOOV6E+/v+m+f/9n2tTpbyx4Z9Xg0A9/dNXLL7+cpIJR9NRzL37vexcSp9XLVx592GH77LF7DEiSgPOIoxRJrasOPIorlVhZ8jyvwQAgrtcBgEdckFSfKCFBAJmQEPE7/3X/H/9++1GHH7nR+nNqjfqNN//59bdenzVzxjbbbd1Vq175k+tJpjtvs3XfQNfq1cPX33DTQK3r4x87dtKECc3B4b7+novOO/uktz4zc+7Mald9bKgZxxGvVeNq45vfOutn1/3skquvOOiQw4mEzNrNkWajwqOYLV20dNKkKVIKkAI5B4AKj5atWLVk2dJpkyesWL2qXqkwACEkZVJISSSAAJAhx5gzFMQSUa9GUcxbzVZcqT3zylNfPuW01159maCGTFbjGjEcGR4UMjv62E/WeZUx6Ko30iwjJr71lZM+d/yns1XDcZUTgJCyNdKK2rTHnnvuyvaMkB39wQ/utfd+Eednnv2dwcHBH195ydDwyNDQ8OVX/eTZ554/9YsnNuqN9WZOR4K01dp+2+1/dsXlG2660fqbzx9cs+q0r5/x6L8f/dm11/RNnS4AWBzniVahPiRDAJKEYIg8jkhKzvCoQw+bP39+tQJZq9ndVYeolnPQiy+89NBjT3/y481arVar1Qwrzpoz5yPHHL3xRhtk7US2UyTceYed4kblwYcfemfJOxO6uw9470EfPvqI2fNmiUwc+oEjVq1ctnjRqiuvvLi7t48zVqnXIW2lrTalJNttSjIkAob/fvKx4cGRs8/8xqEHHthqN5ctWnLsJ46fPm1md093e2ysVqu/+sab37nk4q9/6RSscJREDCmTAJC1koSSGg0mqWilYnR4tDk80tvbzeL4z7f9dcMNt+jr7xseag2PrPnKqadfeO7FI632kpUrkMecIzCOTHivODh2AsHTS+D5jdb/9aS7REuRba52KNjRrIkia+eRGeelJBgIin7oA+QVkRxXzx2kQxvI1XIx+glrqu4Dv1kAbRgbBKnGDp43gD5e3XF/zYgdAxMnXg2o5AQ/GpLCdOS3DMZ0/yw6N677a6cOa5Kl1scDy9A+/HK1bx10H0sT1yy5bOM5VuAc7OliVxY/FJe7lKQETr3AJY5eJAztml5Nx1fQuffyI4U6pifAcRMLrGXmskRzfC2Xtno/m3MF20b1uoQbEv3piv6goZvH7np1SgA2H5J1Sg4W/DJ+9h4FtVnd2ZdBlyMcKulRgnXvJN1l224tYOQcJFngW13/tMNZOemgEIrRc8dkgJeHcuG1qh0c/xzcFs6/jkYFYAREuWJENn/WDlMGZt3/wh3/fumfC5a9/s7YawuXvfHM2w9FWImiOGIRImPI8lU24qhHc0NO9RqXX9c2jqXHTJbPffAs1h62Oasyg4OqjjnBoOrglw/RyKexBwFxPMkp6GHHlKih8jAbrI8LIEn7+OHo+Y4FTQ4XJdcY67AWNT31zaJZKNefZP40kxCADWhddWAoZLByBnDHp/CxfeJ7BeS00dEd+kfp5Ai66kMvGepWnlChp6Eh9xs8FjcGIV/cPPfSOV9kCKXqo4GOVbPoKrK+hYAKFTT7MBXz5z8tHfIvRuTfLZRSSpKUiDSTSSYTwbJUpBWsbrXeLu/d8rAtZ2zXXemRUgIAQwb5h+rVsaaGAKU7PUquQIOvZVOu289bncLjQB07Gr+0vX95nFRs7eh017KsHV8XaFAygyrPWujdecSCIxJsy/BMqdfOH1fbA0RgTAJAHKVjo1dedumsWXOP/p8PsphnzeSeu+/95U1/mrv+rL7e/iUrVv3g4h+2Wum06ZNbqUzGRu6+894U4LU3Xp3U3bvHbrvGUQSIQJLHvFGvL1yy7NUXXwCAlKgaVYBjlok0y7I0ZcAHBvoffvyxVjup1eqKiUg5Iu3R0a233PSkkz4/Z/ZsRPbo00/Vq9HpXz15vfXmRnHl97f+ZWr/pFNP+VJPf3cU1RYvXt4eHMw/c0mcJe1kvY02eeO1V2/6zY3HHffRjbecDzIDkUJcnzl7Gsn22NDotGlTAQAgA4heeuG5B/55x/4HHDh9/Y1bo2Og37Cr9/UtXvDW4QcfxlgEyHPvXxIJIYGAKWGTRDJmKDKRZmPnf/Xrn/3y/4qRRUAosvTNhQu33XGX8878Zjtp1uJKM0m/+Z3vrF65+vvnntfX39VutubMmn3jn247/8KLx9oJ1Krq26MIlf6eaq0KmYCIc+TUztbbYN4GG2+StpoDE3qaY2NbbrcDAGTN0b/89a9vvvH6hz/4gf4pE7OhYUozIJgzd+7cDdZDIKDsN7/61S9u+O0XPnf8lltuLgYHpUwpE5JxjogAMWMAlH8Ic2hwNQfo7uunjPY87ODtRsZu+vUv77z7vkatK65EnLHWWOuJZ15cOrjm2+dftOkGvweRCgLOo56u+mYbb/ylL54w0DchGR1jiJvNn//NbbdOhfjWN7718GOPfuJjH//gh4/iSXtk9VD3wMSn//Xgo488dcLxn548fYZM2wDsh1deUePs2A9/LBMZcQYRrxBPWskf/35btVZ73557rz93DpDIRkcB5JabbYpRjIA8jhnjV1zxE8jw7LPPTMeaIASRIAmM82qjJ67V2mna6O6t1Gq1asTiarVemTFz+vsPP2rCpC6RyO/94NL9dt9ny/mbC5D/uP2e5194ReaJUKNHdf2TzKtNRbF0XqkviFx+I3Q7faVCYE4/tPLpBAjqpjEqgYkvHjhvPT+bB/TdQSi4ieMFftqUG11dqBS5yPw/u/LCRbleC1p26E5a248DMDgw5w4Idvby1x1y0j/yId7tCBpOz4y6VdAOGymNw2RB8ULEgkVQTGnM4jqDGniMbjzv+kHk9bBet++qWes/TlFxHWAid1IjSNZTNBawBJ1Sj1o/1Z/hGL8jQIdqtm08Lg8H77u6EmorQk6X4hvRHQ68BR0/G+o4La0XGOoph3ksVdfuPjltPKZynHr/ijw4nHjRCUhDPN0OpRD5XexABiwng2X+9dw+T24C9Ej3J4HIpnZNP2zbo7ebt/NDr//r6VefWLZ6wUhz1VBrpZBZfqI86vcCwew3YwoH80I/udGPAdoWIuxdArDvLYJ/O//tGhGwKBtEmEHXSQugDkf9UMZt4y6dDviMStLb90qq5yY8dC+NlUqBFcwqkPOqpkcS11iCXmTUkahBNni5zqWHNuTMCaytrQcAHwePjU3tyayQZzDUUJo6diXMJL7BsXjk9FDforAa1kXLCbmB1NkmAHkQH1DPQQWROfcRAJDsPVIbifU8BCriJQ2SRyBy1sTbMG7nzF9XUcEN6pAznwLNeqEmh8nmQJ5ykOphxCo93b1TembOmjBv50322GbO9v3ViZR/Tw+QA3dIQUHGITfipM9cguDEaXetbAw93tPgMllhZ7oOjTUBS3OTZDUSAbilREXlzgbDV9d+x1KPqQQ4/eETKHh1kJeEg1ECgVSTl1l8leJSA+gKs5tIdTLWiMQYcDYyOPyf/zz00NM//cvtd532lS9usc1Wp5z65c9+9jM9Eyc2Ko1Djnj/9u/d7/jPfXr2nPXPPPPsN19/9cILvzswYWDNqlV1ziICIUkyJIaUCQK45U9/uf32u8bGRnglRsnq9RrjyBmTWYbIatVKmonBFYNqJQEYw1yOKlE8tGaIM1Gr1QGASertasyePbvR3QMATLJqg0+dMbFa6wWAif09i4bWKIXCGKUC0nbPhEk33PTHp1549YofXjYwcULaTKpRDRIAiO685/4jjj56xswZMhFYxW+fc+4Ljz+18657A4DIUuAcGQeA5khzwqQpX/3qqTOnTV+9alU1qjJOGCEjzhgDkiREmqWj7RZJyVPZHBrbZputYKzFGAfOOGeZEFtuufle+++bJq24UgGRXvuzn9bi+P1HH4aMtVutaqPnpYXvVOuVXF1KAOIM4uixRx9/8vln15s7t6tS7e2bsPm227SarQrAWKslCdrtdjo2jHE0OjaapmmSiqHBoe5qJR0ZrdbqGMWi1SbOGjOmPHjvv84678K9997nu+efff+/7jrtW+fUe/pJCAJCIkBiPK7Wa0m7vXLpkqyVfOK44772nbPaK1Z2sShJkn/ede8d9/xn313fQ5ARsgn9/QOTB5asWbN65aqVjQaPqNrobqcj/7z9rr7ee/bafZdGT1cyOMx4xAEr9erg8Mg7ixYJIVYMLq8BZZxxqPzlz3+75OJLtth6m498/CMAMDw49v2LLv7xlVdedvFFjEdZklAlZgTE4zdeef3fjz210UbrTZ48MLpiRdSoP/jwY2kmt9lmGwBAQpkl68+Zu+fuu132k6vmzJ71mU8d1xwcjhAYYibEqgVLMkizLF24cOG/7rtbCtp3n727K/WPHfPhk045OY45ZMmlV/xwz933ev/Rh/FqdfJA/2nfutBxlEh7BGTeRyk6x2hE0OgABCch5Ds/eRdly3wrR2S8IjD+Q+APsXwXk6uvwJRHfIn206p2ameGzufW5sOqLL22YFrfeH6gwdAMqpsFvkopGB0bGBiCH+E4Zq7Og1PhGBu3DTouivV7yfnefaHLOAB7YUMZCor6haE6gaeeKrbyHEjtKuUdQR8glbfR+yfLUFAr5RcbSrMSa0HZ1mUKLFEWtzhpX89ZKxp9s15kPgdaxqF6KA+e/IczKbj/GoLmvoo3MhnPmZxe9iiv4vzGtnp/haXFHBHrfGvdUuYMgNEBa9nf6zR3CdzJVbEw50LdaVhD09LHCO73F8q6d5Iy46c6MVQORt4mcgf00Nac5GqrYlLH61yKWecPt+RypLxkFy2jzDx97QIJCAQasAqrrTdhwylbzdhzowOG24PLht9ZvPKddtoWgoQQAoQSX8Q89sy/iW7iNzISDeR4nVrmtVFwMzfGhGhEyP2XnDfNjctnjIuOPdT4Zpetkvz88Hfd1Z3S/ceOrdkcmPmcgiG0iThCXzgPOUgLj/rpEtn/V3u+rvSgq6xQRZOO+rL2HPyrsPdE3bTK0Xe0TUMXqBxkCfa40MAuurF5QKy8kbYK6GpHRTHbEjEs6KHy7Y2ZWYuesPAb0Iwk56Pk50tYdWy0u6NpTRmU3OFK0jgOkjb0NMxrUhFMv2qo9hIQAEG+Iw8Z41E9bsyYOHNm/6y+ykB3tZshJymJiCEjM3iAX4mckkEmNKJumw5XWMksaxm0CZVQUeEEboFqYA8ctya/MB+ZDVH+KrhPAzO2Fu5wxY6cE7XI3S+t0fAOyFKouNkeg6sWVINcCWH0hZBnmpK0t7fnsh9c+I877vr2eefPmT7pzC026++buHz5qjVvvblk+bLBoaFmK3vzjTffevvNV195ZcGCd1575RWat75Ikq6uXmAceISMS0HTZk6/+Lvn1HsnxDEfXLmKx3ziwOQzzz5n8bJF3zvnO5MGJow2m5yzaqWaNFubbrgBtVMkySEXZ+qbMPDsUy9/9JNf2H6rzWZOn/XgQ4+tHho6+bSv9fU3SPJHH33kgYcZEJs2eUKSiN/f8qedtt6Gcw5SopAVzpur12yz5RaHHXLQxZf/eO+99jjhi5+jaoSIjXpj4pQZ/7jr7nvvvP0jn/gU1qJTv3TKH37358svumCjzTfPRkcxikC/8zG4etWmG2563EePmzJtcrvdZoxZw6oonJsWKYVERCTELElGWzKKIY4Y8hijpcuWL3nn7cHBoUrMowhb7bSdincWvhNHcbPVGuhvvvbqawwwjuN8yXi1MpqJ66/7+VXX/3TawAwhs09+8rjvbb9tvV5Bxvv6+4WgWq0eN3oAoG9ivau7J2Js2pzZjYEJMDIkM9EaHMVqpdHf/+j9j5x02teTsbGPf/y4xsDkCROnvf+I9+eONUdgkipx/PqSJX+47S+TJ00+4vD3L35rwcwZ0zFLWZqBEK3BoVXLVu61+87X/ewnoyOjnLFKpfaXP/35lLPO/dTHjj36g0dR1ubVepalV1997XXXXT862gTGBWPIGEghBLz84mvPvPpqtd5z9TXX1+L48yee+NJjT3z7W2cvX7Wy1Uq+/vUzN9x041dfe/naq284/NBDDj7ssDRtc86EJM4YVCu//8uf1yxdsaqn+6WXXtt2681lJh5/4tn+rp6NN95ItpOoEnFk3V3d3z7rzDWrVn7tG2dutPFGe++1W3PlStaov/LE01/46ulLVw0uWL787UVL773rP7vssv2O2+4wtHJw6Yrlk6cMAESQpRwjqEBXXz8ANBqNqFpRB/yQVYt5qtsYMiN+vsHWcqRNvQkMnPto/uP5ytrOoBJ+JDsdekfuStAlDFd0zWP3JpJzYo7x84rKOfidJyLtJqbx35F0wllH72it00HX/HfVrWLqMLAaNmgpO0WpOELRvx/HapRaqICkRTs1vlUqtneXCbX3FJYKyXMIMVBJemwvBnMi3rz0Ap1rdK6fH9DN41s7k+fbW0KNR71wmfRAGkEEEwu4O+QK4zim0BrNwIMtp7ndyEBhYzQCaYBHfYZMWZQOhUUJMAUt9GCi0M6BooOH71QUuhSRLzJzIBQIXoS19ni1ACpCqGqgZF0cFOwcGCyMC3P44XhfMdmUuZ2mOJ/r+xRBtEtR4k1aVzwIQUsvAr1bUevifKcRCRBQ4/VGT2NG78wNJ2+SzU11vp88t96443Yzp29UvNlsnQMtB4EO2uwtQxqDsump6eeFY+EORQsglr716bTxbtn5pNpsaVBBBHezHpGXV9W5TG9YZXjdyMdOXBAxh6iAGDQooGCI5xZxyBU6z5MP8SV/UG/NCHT86fE72cadLnKYwEKFLl1MhsKH1iGczUSQ818XcnR+BI88AhgpCNIZgLau7VDPG8YiUuqVFC+XZKGRyxPyjCPnLAKSUsoUM2Zck+JoFN7tqOAKLcPn63haRtmMpWbSbdEh+Myf2vCyc19090H54Pj+UHEBLGBKi5H2+fRNzQP+xMGfnQBQ62lmKHYtwwoAUEogAqCI4ezZ0z51/Ce6GrUmZVLS/Q8+ctKXTl4xODjQP7B69erf3XLrjX+4hXGs8koU4YknnUxEQiRf/9JXPnvC8YxHkpAAat3dR37gA0sWLuyf0Ffr7ZdZxqJo1sxpixa/tc3228yZMzdrjubhNeco0wyyjDGICTmBGB7ac7ddBodHVqwZHmu13l64YM3o2II33v7Ln2+fu/6cbbbc8n+OOWrZyqGlS1YuWri4Wqnst/tehx60f0+9LlqtGAQiilSgkKd/6cSlC98569wf9Db6jvmfw0UkVg0PbrLppssXL7zu17+bv8VWv/zFb6659hcXnfPtzxz/iUjIlCCKI5mkjHMgaLbbjUa1Wq0AYtV519G5Yoghzn9KIYaHEwFJrZYx6OYsIdndVf/zrX9+7OFHRbtNACyqDo0MtdqtnXfbN0LG46hSra1YNRTziMURAGE1lkJGRMd97MOHHnbw2wsXn3nOuSMjQwvfeuOUU09fvnLNxKmT7rn3Ps7wE5/4dDWKV40OPf7YYytXrf7IJz/JJW28/vof+sBRW++wbSrg9zff+rWzz33z7Tfmb7rx/M02BoLNNp8/f4ftiEhtyheC8errb775n0ee2Gqbrb91zlnNVaurJMTgUA0gFoIBSQBWrUyeOnliX51VK4BdM6dOSUU2efrkyVMmAcg8a1btqtVr9Uq9LqOYKrEkjCKeEdx+z73LliyfM2tWhPySy65as2L1rrvsvGrN8vZoe3Rk+Olnnlm4ePHDjz2x5157XXjhdwcm9kIq22matdOIR2+9+uYvbrppiy23QMTzLvrBr66+hsXspVde2narLSdOnSSSNIojxuJ2O6nF/Jyzv/3s00+dePIpN/zkR1ttsYnMaNrMWRecf26FsWO/+OUpUyZ/9eRT6nFUqVemrz/n57++ceHiFVMmT1q6asXI2Nj3Lrv8wQceqdVr9z3w0IoVq4Ck/iyU/h8A+FnPgsSV/NYXebddd8DcorC8U+rkgZT+0Xr+mB1dX2vLO6o1b+px24xztns4Tsm1Vq3eyYtdF1tQ9NfHiy3X3cSM66aPH0tbq78Oc6FfjtZmqOP4ZW+4aDvu3g7T/N6nfdYVknUAvgxC9Qw8q6vA8KYDHxXjJa0DpzlddP61dFEch3edB13nq1zyS8D4L+b2lEXA1eNSKFwUz1laJ+KSG9MFRUcb06xliLBj2RWZKQrZfhXoub5aEIWawBK9f8e70E+ZOKD6rzJhiUJUBXHU42gwEICQpJCkS3ExVhlnls7FYoYTMrpRhQvouHiYeonj9luSeFFFMHCZonWGBWBro6Ku6atvXCABcAOy05nZDvZtEBV9a7PKdAznkqSUYdTgDuEcgIj5bcvCDCeWy/+0xDEBntHaHQAoTO3B5gLoYNzxyhk7aBMErwo8/YYleu0crWZe5CkkNMKOBRhcajmzS7OCCKDK5iH1HVKMExt2uuGE7N7kUkoCIEmZTPLttUi6vD5OYOkMVRQ3Mm8zlcHkJhQ7pbHdwQzwVpn4iw/oD+tMGgSfqIM6UwEog9+wikHGEyhbbXeroD54Ab38TQKgYTCtg630prFp47wRZLc6GwNuuEofWWaZzP5SZd98M4SEbKyNMR1+xBEppV3dXaMjQ28vWfSJjx577DHHnn7mN+ZvsskB+79Xcjz3/At222Wno95/xENPPf698y9YvWoV5HtKACWJOIqGVq86/sQvHXLQ+44/4XNpktaiKIpYkmacMwCI6l0GK1bJaGgMJUUAUK9iV2WP9+67y557pmnSTNJ6o2flZz6/8Qbzzj3rjA032jDiUbVaJSmTJJEkIh5X4kq1UQOZZiuWg5SAkkdxMjI2MDDhB9/9Tvrlbz70n//sfcDeM2b1LF60KIrgpP898ee//OVRH/3k5htu+POrrzrsg0dEAEmrjVGUrz4jgna72WzxKvb0dr/ywgt//etfW4ngiCSkFFKAICFJijTLkLMKi3facqvddt9ZVqoSMEMkKWWWDjZHDzrogG985UuLF71Tr9ebSXr+JZe3mu0zTz8dQA4ND02dPOXhJ5+89vpfDa4ellkmRSaF4ARbb7F5dfKkBQve+c1Nv221mj093Y1G95pX3my3klY7mTJp0oplS0ebrd6ePiFBAC5ftko0WysWLXvP9jtsu/deD/7171/8ymlrxpqzZs+WUvbU60ASOK9gDJABASAjIIx4XRJyCYxqtVpcqzESMpFcCkzTmFi10XP/g4/vf+ARo6PNrnp14oSBRYuXtxJx0ZXX3HvXfUODg1EcrxkeefzJpyZP6I+iiBhKYhwpjuOFCxf//fY7d9pmOwJx+pe/9K/7/v33v97xkWOP/cF3zxtrp/vtv0+atE7/2pm9PV3nnP2t2evPfeD+/9x60+8/8/Hj1t94QyHpX/fc+fZbb/7yZ9cJoM+e+Pm/3XnHLrvs8MLLLx9wwn4AmLaTiDOGTEg5Njgydfq0C88774Mf+9Sp3/jm7677WX9vT09f3447bF9pNCZ2d8+cNO2A9+3THB4WSfr+9x7w4tPPvP7GG9WuCIEQZXNoZM3KFYzjvPXmzJu7UaPRBUJAfriU9BSGJ7fGH3P1gffcE1pw9InRTko+ySgmNOPpN2kIgWTe1Qg4OTPkOclxQgq3AkEWTGeHktPWD+HcWbwBHTNlFaDxMkuKqiVbSILZwzvjFjOK0Lo3i1ajU2UyqJd6zr3jNId2p0MxOZgIcyvWGf61VnTB8X8D5uq4JbRsGgWb87scHgCnbl/Ym13gjXEqqG6zYuBR7G7LIdr06lKth5MHOZn/J3QXywWDyK/0hnl514UoRcfdVVuCo/H5HOtPBg901i5QIr6X1rF4qNu4cxveM9VFtVdcT+OJNjm9yEykKwgFJy0s6QfwlNVgSy+3rVt1dzp62ZOoEFg6wytnpkNewYH7v7hKC60WgA5djI/oUArV11NYfhSrkiBJ0qu1dUbBmABfV/lsF4JmWB5taxtA566lIxFOX/JIHGBNgPqY1c5XDqk0GVrdXUsGuVCZc4S1lVP2T1ogVOivS7oO1YozBw+o823/DgOQ2knWU1s6aIlRxtQ/RLhj0OLP59lah/yOvgDX91ZWHd2+Puw+zF4Y6UqLprhzRrA/Jepxyq06YE4T0jSxgDsmnpxV8zkRTPN1yXOTgsftkveSpF6m1ezAgBHm388AxyKGUxtNSTDe/OM/1VdZCraY/ENyXiFwYek8O7n/BsGn33D8pK/XsbwWWihrdBhJ5dxK5yjTEUEbX1054KF/W8mza4yNpJP2jgkkokQm2616X/8Dd/8rhceHRkamTpz46eM+usN73jM2MjJxQt8hRx6IUnznvPNWr165y3t23nrrLX97ww0x5/kJbyRlJmU1qr32+usPPvzADttvJ0WWZ8nqja5mq33LH/88Z8ZMAqpUqvVGnUkxua9/3gYbVCIOiEMrB/9+4+2rmiO1ehUZ1muNjEUvvvJiT72+fMk7WTK2cNEywWBsZDRLADkkaVNkYuXSFXOmTDnswP0mDwxkiSAGjPNkrDkwaeDiS86JatVJ0yb96dY//es//5k8ceL/fOioxYsXn/+DH5z/ra+//yMfEiODbWIQxwQIUoKUgNAcHR0dGx3oGmBR9PAjj5xz3vcH+idOmzyx1W4zxvOPvoCUQsh6V+OpZ589aI89dthpu3pPtxgeixEEchZxRNhyi0123nNvIZqc10W7+csbfzs03Prg0UdBxNKkFVfq/VMn/ur3N2GFsVpXpbsLBaGgVtKOm80sSRmyTFDvhEnfOftbUa3xzFOPnfTFLx/5/iNPOfXUNEtjFp119tm333HXdT/6Yd9AX3t4eNLkSWMrlj7+6KObbzTvc5/7zJ33/+feu++q1RsEJBFSElwSEgiQqaA6UiayRFAqAAASIZg6/BVASpKCUPZN7Nti4w1Xr1gx3EwAZTNJapVKjQETWVctxko8pT5p0sQJTAgEIikBiXMmIv7Pu+9ZNbjm5M995sqrfzJpYt/XvnnaYw88MGXKwJEf/CDj/Nlnn/7++d995Imnzj/rW9vtvMPKpYvP+MYZgyvXfPHzJ4IklHK7Hbb56eWX77fnbhTxjTbc6KfX/+zZ555tjjX33XsPKTKGJElyxnJBTofHdtn1Pbf94cbhsbGu7jpIwUgmzSSq1bp76q0kXbV81dCKZb3dXfsfuO+Ou+/UaifVri4U6eZbbnPsB4854Qufi5hkUYwy66/VqN3KD9kv0ybaxPo6xzX0hU4dVF5HqSYrv+pYN8w/zAvjuWAdLvR/m1OUlJ1RetCb3g0PApseWkmvFyIiYn6atRrWL1S4kWHRE/P3obhuYdn3rv6fX8UQvlOcNn451EkousZ+nDC4fHCnc8iI+QSdN+EUPTEc13tXlR/F114IahuUAtkZl/Erw6VousCA5agOgHvOtBfu2PHzcZx5wrmc0dZlg0AxSsqDzPGRLZmxIHclMbkOql2DXTq28V3Goyq4vpnVSOPnUGxJ2QXbg6/8Cp6Vxq7uFWkOtO6/UyBTS+NyZCnFg4xOMWfgUrm0BKpcJbfWqtnCTaugOl/FJtsQdbXBBhqoPjbg0XNcDlubiivgHAxn5nbjk3LOL+d19P5ZN2D8nFthLPDLKUHQ4/3wzviydCy7SvAuvRFQzJ0Rw7YhucqK3+t82QBhnKf5744tAiku2mr3TCFyvqVZmAPAK2MVZ7SKkqnMAJQuK3YgXRhtrP1C0vC7RkYXxgFVuMms8UOzQuhNo/nF9MyHJzAKqwCvndLTAJ6MhyEoIBrqa/uUG2L1DpW7XOiB6l/FyqeHjsbUS6V7gKOeybfKahHJjGD65K9jWYfP6WReNQthUM91ilbpZvd1MFP1QCfC9J1K7amAduHUGhstn0NMgPars0wIwkZjyYKFp37tjCM+cMSc6bMYQXdX96K3FgyPJDf86ncHHnzgTjvu2N838alnX1i6ZNEGG2zc190bxzEwRkCCZJYKlPTqG2+1W0k1jklKKQUAVCrR4ODguWedF1eiTAiRptV6fWh49SH77HfZ5ZdOnjgARM8/98x11/5y0eqVyHBwdHTN4FCSjDWbzbje94kTT63XKlkz7evvaWXpmlVrEiEmTZgwZUJ/Mtaqx7VN5204dffpWTLGOEoJMmljlU+bt9GLzzzxqRNPevLJ59eMDU+fPHlkdPSLXzjhj7fe+uvf3Ljv3nv2T5mUjbZ4DCQJM0lJyurVVatWrhkcmr3eXABYMzTcqNfO/OZp+77vvSMrV0SVfFuNlEmKnNe7Gid8/ktLVq2hiHOiCqNaFEVJe3DloBA0MtZORkcWL17IGBttjbbSrNlM3l749sQJA6sH19Rr1Reee3FkzejC5SuefuYpOTK62frrRwxlIoFISClFvuUA+3u6uidO+tMfXhseaR/8vgMmTZ5E7THKV1vApP4Jk6ZNko06EDaT9pFHHP6hj3x4yqyZL7zyspAQxxERUV5NY5hnGQRnuYVXbzwCSETgHEAgEICUINI02XrzTc8599tDq4cYEHJ2219u++o5F5zwqePe+7790lYzrtUzQZddceUff38LSAIhZJpF1a5lS5b98sab99h118033WjJ0uVLlq3ZYY+BPffZizW6Fy1856KLLvvtb/4we9aMK773/f0Ofp9stv/3pFOee/6Fn1z+w6nrzc3Gmihpiy22nL/dtq2hEYz4gfsfcO31P3vuqWcOP/DALeZv3hoaZgxkxokIgUkhMSaZpNtusw1QlrZalAqQgjIBaYYYV2vVWlejr2/9drNFQsxcbxZABQAAJOe80lWfMWOGlrcWtFo0lrrirk6YMO8+YP7ajlY6pJxX1cFovEDXhXbX3StlziYg60Bo5wfUm4BI5pU1W6PLZwREpUi0A6cgsPsz0HzOTkeQGrMigH7goZAqOE7ko6SbuT76uE7nu40nx6m5uVFBp4jOlDqLY7qlTveZ18a3UOPFG7psVRJ05PfL4PSHdax/p9gGwVYKzOgGF81+qHV//kgRITCWTp3NJhGcmyWTdyZpgRgesqHl9Wt01itw9h/pEDQwtaqZBdIt2Y3DWobCznh2OnjXaQ5DMXe4wHO19PTrjx5G4x4GBoH+KISv2sHQfzgIhm6JM1wQzTm5fisR5P7wvKa1XYEMGEdO6xSXiyKLVPnY4Q7tIJiEAk3HSXGVhZ0lzRzI9USeC5/vGvd0XMDo4FLA2Rji7Zp795f3lpfzb3E7fqDY/H2b/ycYOsGzjgO6Gw/eVRtH5rFTGx+YdZprXa7/M5qBa9AprfZfUg/Nw5JxqKRhcVTdAAv3XcYv9n/3lHFq5iF84fiFLEDuAKHZwu0A4ZIFUZ8JvO4qncha1KBE6cHt2Ik8CCObJvSUsoeeM5KntQJTZBL/bmPPvHkDhmxgD2CwcJB5p7Q0nUu62GJ38RgXUTstgKADR9AwuC9n2LGM5kNLH2uNAt7yC8KgQ9y4Vv/j3//6yptv7bfX3u8sWCAR+icOvPjiy0uWL+6r915x1U922v7xNStXLlm85Nbb/nHMUd3I4kq1gowjSEbEkEjIt99ekKRUqVcJKU0SAGi2mpMnTLrisotnz561euVqklSpRaNDYxN6u3q6ukgIEmKTzTa+5Mrvy4gTYh3lp0/+6htvL/n+WWfO32zD0WaTV6tpuzVp6qzHH3v4+E9/+bOf+tgXTzohZrEkmbXaE2vV9ugIELabLaxWe2fPWvbO29/79gXX/eL3G28w++orLv7NH2596fnn16wZ3Ga7bc845ZQvn/b1H/zg8nO/d061u7s1NBzFMQCJLAPOX37ltcVLV7xv+sycuF2N+sxZ02fOmtmqxZVKBQEAWZJmyFilp7t/YMLw4LAgiBr1bHj4qit/dM1vb0yAI8a/uemP/7zjnjRJOKOsnSxcuiID2P+gw2txnGZZlmarVw2PtZu//vXvfnPDjQftu9f3zvv29GlT5egIABBlmUhaWQYkGl1dzzzx5CVX/HjLLbfeaacdh1avzr+gIpGAseHh0f5WT6uZxFHMo2jm7BmVWl1IgQDIOBGALhXmzJsRSSIQQCL/+CoAAEgiRjpFgYwxzuMkw95Gd293FwABqw7092dp2tXbM3HSlJxjWs2xdxYtzE/pQcZ4tZJF0c033/LC8y9fdsE5y1YuxYjzegwAEvAPv/7tN759fpplJ3z8uI9/9qNzN9gQZPrZk06+677/nPPts488+vCsmRBHQIYEop0IIiblfvvs8ds/3BRVom+c8RUW8+aawVp3FzCs1GtpCgCAjAmiZjsByjBP90iSUsiI9/X19A308wj+eecdW82ff/edd1193U3Tpk2q1ePlg4PNdvrT63/+wCOPTKh3C0wjVjvrKyfN23A9SjJXOzr+F9gcm1UCvj/gap1AvBzJc3dcFPSTsSJaaaBSNMYdNNAg82/6znrR57HDdrpyApI+Bgb0nwCMMbBKwzsaKbzCzHw4o3Fz3fJmuMNFv10V1IXKw8giHp1Do7UUrDzA38V02sPOl8suouP2ecfHlY6Zh1t2PTsdzhdYRvRiMLeLtalBXOHgWI6dZR41bHHedSl7jlesslturT0lCLY+oUeEnCU7vciqEx/ayVNuhAeDVoWe7fZDMguew/mluIwTznjFZHchyoZyQ1AfX7Q805lv3a/Devkj41S4pA76KsMP6AidfWRS2Q54Pod5FCB91lHpBhK7edAZICpE3gW1WhjKXf7x0wbu4D7Y/822CrRFgbV9Y9BybBAq/J92dJjcjP4bzf2y/eLGw3X8WqPiDWD/BSx6Uew+5P9TxbDT8GVzBSivZZxSlftfwNPh00ZlTcs5P4wDnQxisGqlIzhEGB/IAnj+NoZOXal0x6Y9y86GRhS0WGfK6B7FvOq6dHQjTALvFUcXGtPaU2wOtGDDVd3W1jAJbMbWg61MdeRukhO7B7QJVL6P6bvQAEHcuG4cvS7SQXnkCYSWq/zJbELdpRcYKjp85Ti03n0FSomfC2qB7PfCswwrFTE8+rtb/7zH7rtsu/22r772aivJnnzquWuu/+n+++x5/rln33zzHy+97Kr37b/3xhvNu/Syq+6+865ly5Y3Gl3AkRHjJAFIZunTTz9DDG6/4+7DDjpo5uyZQojmaLOrUd9uhx1mzZ6VJK0Kj4FzAACQYmyMkpQkdA9MmjdtOqtWoqz5q1/94rknnlp/s60PPPSAvt4JBmQxuuorv/hVo6f74x/50Lx5G0HSJmTUTsTokGwnyFjPpIFU0nVXX3vRJT9auWLViZ/6n08e/4kNN9nsXw89+PwzTzCGAPCh4z6ycNHiCy66FHh09plf6+7rbq4ZAgIhJQE+/tiTrdbYVltuAgAyyzIph4dGKGsOjwzV4ipDFDxuEXHEbsRWkggSJCVISVL2T5iwz567LxsZXXnfAwfuv9+h+++9dOmyShRFQJVaXSA022M84pVKo1KNH3r08Rtv/tP2W2951EEHrDdjVk+9kTXbiJCJtFbvanT3ZCAzQW8vXPTt885dsGDhWWd9p9rTvWrBwt4JvVKKrJ0iIYsjYJwYk1FESFkmIW2zKJJSkBBEEkFba1KCJIUEKZVLocgqGAJImXMaj6J6T9dTL7z8kU9+Pk0l58Q4vv3O4kSw71x02e9u/nMj5r0TJw6NjD7y5PON7l6RZsiQs4gBbLXJRhee/fX522/zlz/9uRpXq1EMACsWL77nH38/eN89PnbcsZtuvU1Xd9eq5Us//4Uv33nXv7551tc+8ZlPU7stACniJAlIZilJonp3Y9GipatXDwOPbrnt9lO++IVKVz1LmnGEo0MjaUbqO2iIMmIoKd86GzVqtWq3aDdXrhm+/7HnHnnkiUoU/eKayzbdYP3Z0/pH261Jk7ub7RqLoq5GvbfaRSLlnLfb1EoEELnirWQ9dI7KZLkQFIR+lBZSNMNo6mOhTV7WNBUtUl/VIKLC6xeddEyZ9iskT9GBx/nAaRg/llkmAsh3CK8tnAv0Zann7UVBYKEoscMdahuuEXwXEWYHIEtHLpnXUavuD+NWFAn3bl20d4WOexXhKR38XYHyLmZfK8wdnpeGoGuBy4n212nSoldgDSq4P7yuTsm3CFJYPfZTKuvmlukoaW3NPH8v0C9u8BniMo7j6g1hfzjRr5mX3AZQTnMqnAHmSbUvbFEBliLHkgNPCDQV8jqlHOOKcWlEGnQkshGCaqYCALNVRTcOC7RqKHKwMVkWd3Y7HTlem+PR5bMWU0ToNwREAkLpeZx2k43506DjfC/Rsv44AWS52Lg1PUsrk5/IJcAQx8ozFNAPx7XG1IQ9HeQK1zYOgNvGq+Z7KJVF7+4ghVkMucJoxvgMFk0Xa9ObgDCsnNnMl7eh1AXSHcQDiVwBcVgreO8OzMLpFfLbOB3J3DIPyz6kiX7HjvraEgpLJunQlxxgCQo5NGNpncZoXoxEcPmk5HIW0aBg8xsO0xoUxgkpA11IrlAE73I7w5oEYSAXobbVGHpgu3MBIKBHQJefO/gRJMnhcPBPitCip2XcMWaokt5FZ9GxdwWtqGWDwDIhICDKHMAsrVRr//jb35979pWLvvvtnp7uZtJKZHbB9y5++rmnfnHttVvM3/Kuv/+dYXriCcdPmjr5j7//Q7W7sXrZylzxIUNKk9qEifffdc99DzzwmY9/9InHnzj19DMuuOD8zeZvVqnE7SQZGhpqjYwMDY9ElUocxYxx5AhtwYk4Q0k0OjImWu2oOfzCC6/3zpj7xoLF7zvsf/bafaeN5m3QP6F/1fIlf7j51oXLV11/7eVbbLPN2OpVSTshHkUAXBBnIAD+/cAj3/3+JQ89+MjBB+77xS+esNUOO2B7lACSLGWcRzwCAGi3v/SVk9pp66JLr3z++ecuPu/sefO3GFu1hjGkkdEHH3p4zqyZ222zFQCQFMRAiCRLMyYJpBTIMpQCgEURIZCUEgiIKEmQ8w985IPHdB1/9333PvzIUztut/UxH/to0m7GcUWzjMhfNJVJwuvdG2yyyb3/fmDHbbf+1Imfa69cHgFkSbva11Pp6Xn+vvsfeeyxbbffKYqi55598pY/3PyZ479w8IF7L1+4sJUk1VaatUeWL1u6emio1WxmmRBEjBECRwbIOTBGQgAykDk7SCACKYGIMpllqeRMiExKqc66kwIFYM58iFJka9YMDg4PJplsN0dGR1s84oMjrUqlniXJ6mVLVwnRtWJVxnhreDgVSZq0EYEBcSl33W+f3XgEjAFRJa5w5ADQ1eg5+dSTpsxer7d/AADuvvufZ575nYXLlvVO6H3isSeqx1NardJoEysVyoRsZSizCdMmPfrg4+d87/sT+nr22G3X886/cGj10BmnntQ3bUqaZuvNnC6Jc45Jq9VmjBhDIWsIrBYNrx689c47fv6Lm+554MGNN50zbVLvEQcdOnHilOmTp171w0uTNKn19g8vW77t7nsd+r6DTz75C6I9TJIxhP5GjdLMETx95o9xDex7SkobWL/EUcNUOFXd3S5ISqatyBYtO+hD8Kmg0vJ58y92FZTTeL6rt2WxoyveuXtQCQRA8kYr9xr1LPZ3WcGtBHLH3whcR9cVLhrcTmOW+hUm/+LSeV1IhCZP6FYvTUffuVGNi2e9gkMXsl5WAKT7p3HAbFc/DHDtdXESKNABtGnqFFmZRq7RCDzAUvc7HMFB3gFSdfcscmGlfH+lwCoGdym9CEV9/q08TOrEDwYqKLAfaN+mlLXcULNTNqQYxZURyvp96r8dONnxEAtjuD4weU08P1XzRi68RRkvndd9in5xZS3FSIdTzLJGRZ+poBJ9N7Nk3I5/hgBpgS/1x8JsB3bwOP24rlOdQXn2kL/Lagv9JENudPS6Rd2VFifTgCG6KmRBQFkExDC/xQO1tg6kl5y4FAKSk57CH9dpYcd2fXUqYPHfXwXEwQ+cSpcKVCxH2lqS0xV8vVOEs8wsWVhychnq2XXzgM4tQckZM+AoPtXYMQDhdgWH3h3UpU+fEpa0zojTPFwVKgob2n/LWb3MdhausuDHmmrNxR2Jr3WrFyqDW311G6NdKPW2dkF5eYp+nKuY0iudtHworUAKTOIttG1pRHL89G05p3eYXf+Ewk/FhFLbSEDLqDprYicMP/6JnVyjcYDxnaX8vVQSyCVjAMSq1fbw4DU3/n7eRhvusecewBimCQAcd9z/dMfHbr/VZpBl8+dt9NXPf26zLTauMvbZ//1cc3DNzb/9bavdBkASaa2ne3DlirPOv2BS/6STv/KlV55//tMnnPi5E048/+yzW6201lVvNKq17m6scMYizrlyphp1ShIxOsYQ61114Czqqp5y+lc+c8LHa5XaBZdffe3Pfp6ONqNGQ7QyxuODDztoysCESLQrEwYaAFm7LUbHspao9PQ+9tBDJ3759AiiX9/ww/fss19vXxcANEEiwOjYaCZkvpmq2WrVGo3TvnbKJpts+I2zzt153wMuPefso446onvKpOcfefzfDz5y6CEHbjpvfQCBCEJiV1d3XO+p1kfqlSpyJMbbBPVqjEK0pSRCIBIACYs4x67uWk/EqxGTWQYAWbNFGTHGEAiJmJDAkEBIokqlUo0jXqkBcsFiSpNarSKqtXPPvfCKK3+89fytli5dctBhRx96yP5/vPXWIw47ELBS72r3AsYRZ9T77a+ftuCthfPmzYq6e2q1ihAikZIyROQISEIA084lMCIgkigpjvKCIWA1jhHBMHzOHJJAiJhHO87fYs/ddj31xBMSykDIqFK98++3n3ru98740v/uufsureHhuFpvJe27b79z8YIFPd0NnkkpBWVcMgDRxkhSlgIIzggAuib2bTh9KgC88dprP7n22l/84rcbbLDetVdcMTo8/IXTvvqpL/zvdVddEU/oz0ZHQEo+sRel/MMtf/naN7/91jsLfnjOmQcdfWRPrXbxlVc89ujjH/vYsQcfsM8Vl34vYqxr6kQgqiNXTD02DEg3/uimb1x4xYYbrnfDT36w3Q7bTpgwedKkKZWuHgDo09w/pa834tGkKVOmTZ8OMF1LVRPWjJJU73mC1EfO+ZLlqhIEsG9mBpKHgQIgcwCQkfb8P7mlHkelOD6BowzHVVEOjOvUYq2bNWwz5b6uxScsTrNOTQOQKdw6tJYYe5yAdvyrMFFQ+lxrba3TY9/woXMWhN15si6k6RSiv6urU/DZ6alpRB2m67gTqnSYzif2FRnce2gPMCh/Wly7/EEYvBnfe/zFLHqlLg7veseZRoGZz7yXCI8hQPCozANeu4tiHWPH+7XEL+WlIg3L2N5jmHFmD6YoD7gAACLb3l8YJ072pNqPV0uDsfITsUhHY26oXb6WOoNI5v/QgolGdZOFzpLbTbDp//j7Yz2Q10WMyT2DAEAvorZAZJjHiaPyeTX9MDiDBD2YixP6P/M3jAk87tFFU8Vb1rU2fxaDLps5MxmvwtzaLAKQ9Vh18Fwi53pYG2D6dXIEcFK1HdJR4OPgoOmNA6hTYDpe0l3JiXrASxOaLekeE4aSXczCmAKpCaEd0Dqc+YZmOfzRyeEYDa/iYif48/7UYGncSbcJdX2QA9ZFMXIHWBuP26RYgJpKE+ipcj5E542DPGPi5LXs9gQTZNqUoRko4BBbEfByx0HwWaruTXsjhG4X9QO9EmiYvwx9HvIaOasTwqA53ocZ9MeF0Xnqeo5aKZASMSL3ARps88XQa0CGoKq7UqSgYtOcSa3pBVtDtaDl/yLmNxEIERgS55JEpdZ91S9/cvu/Hvz2qV+cNmMGACBQmomdd9x6i803b65eI4aG37PXnrvsvy8DiOvVSlR99pHHl64eTJCIJFZqyxcvPvOs859+7qUf/+CCWZMnztx3759cctHZF3z/mI98rNVqR7XKQw8+NrRyNRHEnBMJIalSjVsjrUn9vZOnTWeZGFs91IRseHDozTdef/m1V+rV2uiq1aPDQxvMnbvX7u/pqXZJkb706uvHffrEuBptu+22++y6+y7bbzNr2qQK55Qk68+e9b1vfWPeJhttstWmIFEON5csW9bo7x0dHnvrrbdRKt6WnLeTtMHpmI98ePr0Gb/++S/jahTVathOrv3Vr1lUO/oD769UYmi1Gt3dAvCcCy+79obfJK0simMEICRCJClYxP710MM7brZFkmYSecoiEFmXBGAQVWJgHABa7YwhjzjngByJgURgjBiTctmCRcNjza6uLgBIkXX1dLeazXPOPPf7V117+ldOPOkrn3vk/ocuuerq71541aYbb/zvhx6dPm3KlEkDMa8IQSQzlNnoyOh1v/rt2Fgims0999x9h913HR4cwihCKZFFvBLnhTQlXpIgS0mkDDGqxtnY6GCr1dWoAUD+vU+UwAAoSyf09Z5x6ldqteqEiRMglcAQGrUpE3qBwUBPz9SZ08WKKq9WgWj6h48RJGuVmMbGImRCZqkECZJXqoQMY04cAGhk1ZqX3n7r5ltu+dVNt4pUHPuB959w/CfmbbIxsCiusE9/6UvHfOTj55999obrrwdcvv3Syz+64ddXX3NdpavrhssvOeywgypEZ3391GlTBq777c0nn/71710ydfvtt5kze0Z//4RKFDe6agyj5sjoNltsvtMuO+629x4/m7v+Fltvvt68OZhIrEbPPPn4PQ88Vq/WKo2uLM3iajQ8ONhOsj/945/Tpk5lXGSC0nZrel///nu/p1qpC6FegHQSko6G0cfJWwNvThECJYee/rGGn6y6cZW0zY6Tfp57HI6+JAKSvtEytiI0ZmYbT8HVLrfR7uVGCK5eNxquxFBqtaVv6jlczadNsm7i2GIHbHJtlRMFFKzSePYscFPHaey1cd/hNCYVctqT8cVtm3EA0E9Dk+qmMwyW6ssJTmI6RBPHWbJOdYVi6RjsInRsPw4KwaSgeZTUMVnKRaKCPfX8c387nqEAmfMv0fVzHXfa+E66cJH/dghbwEvlcNH+Da6VVo412JtGcEjxgMOl6xRq+rVO94bRJeiLqxs8G+HEQFi8mLQMjEABICgHxKW8GqJDFapwpo+arzPbGKfTdenXhUoBL0VWhYWeVUDPcHWtTBr0fWc6CDPQ5FEK98OJ/XeOg6KE58GR28bpNM6+eQ2AoTgCSL9277S1Zzfp8+4stgbe4lW2M8EBfC0Xlv70JiNtEV1WNdzgE9lioYIxzznvNH3JozJRLBTzfQ4jY7uMVx3qbxceLI4QNCoXnxw7X34KOQ4PWjcbEPJ2YQSwxykHryjk7VQnYzCU4SWXVbyYy7k88JxQrAz30LPxRrS+kh1Rx33+5vDiWzfkYOStjl1xAh2FM9+KIvrr5wFZtDfBVciS6GQNACJKL0vicQABMXBPxQAANwth26J7ICSU62tAH5ICl/tAO2rAASn4k8ZTEeg8NkJrwTG8ayTHkXk9vDYNuhm6dFfayuE6rSLJRKAAiJC7DwBAzVZr+602O2T/vSMFgmy32q3RBARx4CCySqVCCKwSv/DU0zfffOs9992/Zmh07pw5DBkwfu/d9157/S9OP/lLhxx+MCaZbLYPOPCgeRtucOufb3v2pdcefPixk087DZBAcgU0g65qdfnSFeed+tVPnPDJBtKVl135+9vvStOsmTQTiTMmT5wzbep5p5x2yJEHzNxwHhIImS1/a/GbL79yzwP//tcjj/7xj7dsOnuDH1164VY7bJuuGZ4yZdrBR64PBNnqIejqQpF+6+zv3vPgw1MnT3r4yceO2Gff/t5eAGIAnKOQko0099h91+122iFrjsY9Xc898tgvfvHL3Xffc4/37DC6erBrYGJ7tLVmcM30adNqlUqFcca4ICFFhlLyOJb1eDRNxtotYAwBGUmGgIxnqRxaM5qlGQCwCCPGODKGhIxhNfrT72699Ppf9fV2v/HmO82R1pyZ+UFHGFXrQ6tXL1+y7OPHHnPmN0+LsmT/ffbZZrtt/3PXfX+8/a5bbvnzmjWrQAgiGSEn4FHMiSFH3m4156+3wXt23gkZA0kIgJxlaTK4ek07SREBpaAEGINmll521dU/+d3N06ZMWbBw4cpVq7bbbHNI2lxIxiQjBECQVIn59MmTACkbayMRQwCQK5evXLNycGj1Smq22s1mnGWAWIsqGFekFAASGTIAROAAIIQUsHLZ8sFVY8nY6Kmnfv13f71tYNLAsUcefND7Dtxh1526alUx2gJkBx525A+bo5//0lcvvfjiK398VXvV6m987cxf/uUv++2119lnnLbL7ruKkaZIkgk9vV8++cuHHnLQ3ff/+9Gnnn3jnYV33vfvNSPDadquxDFKkaXyd1f/lFXr83fYfsudd4J2Ox1rZ0k7xtqzTzzxs2uuT4WIKnE7kcSQIZ81e87iRQvPveB7JAVnbCwV60+bvf2WW0yb1QMiDTxSR/CteOcy64ickc5C+tGGEFow0dpuLeigRdlVIfkjAiIks0/Len9WX1gh76Rpc43qj+7oMZ3nd62UfYfC895dB0w1DLw+su4kBpgUQA18FQeFcfykccLRzv5JxxFKssmItuZW6lTongqFshlMeyq8AWSNpmOhgmYmU2F84I7oOMESIhqA0YkrgnDOxb1sP5Ezl7FBBdddkyIHW6f4S4OcdfF8je0qo6dL8IC1AntuQykMXSGTNrfJ2IK0mum8BJSLSoddtVDGMOVXED8Xpw5vdH5YHLusHK1l2yo2L1hygMdOq+Sj5sJBGhdaB/QDlMPzh9DxJjvwW8kEFuiyPm70T0ZInB9mEO/qsA4YPPF+OaC7HYOV7hCelV5e2XC8K3SOHWVt4FUnpncMW4MYS8u9eVaqe/S/WHKziMW4uUPTePwGjl4r6w5+DjjYdeH/Mr61uam1WMGAKRe7847rtUl9sT0psTHOeOHIuzLN6e6TtIrMcpHphJ362TtrZSu0qrC8gc4Imikd2M0UiM43ijqq1CK2fns1YuAAdQBbdVjropT4W8WldBtpSzTOfh4HDptusXzk7E7BEh+u7EYBHurMcMq4+GJbsnxkvYu8mW7qksPxaItAkfVRCooRwSnMBDKkgMxjT+BEHBGy5LPHffSYww6bM2MaJAnEre02n3/hV78yY/KUrNVmCIBMZEJkslaNm8Mja5av2mzDjT505Pv32XNPLiWQXG/unO+fdcaHPvw/dYaJyDgAtVqbb7TReid9YXR07MVnX3zjjbeGmmNZmslUSCRJEMd8ZGho5112wCyDenXTzTbaccnCqVOnbLzRRhvOW2/aeuvXu7snT+irViuALJWSA/Rt0rPhphvufuB+K5Yvueuv/xgZHJs8bSpkAiNOjCVpCsQoqjJkUaWy9ZabrF69auaMqe/bbcdDDjho8uRJstmsRRwRMYqEEDKFelwVaSZGR2dOn3LWqV/ecJPN6tXqSHMUpJg2ceKxhx967Ec+vOU2WzVHRzmPCABAgpSEWKlXd99xu9Zgc0JPF2ZpFRGRQdae2t979EH7bbnJRgBQRcYRkCRIiYIAo56erkn9fYzBvjtvt+sO271v7z1Iimollu2kp6v7rLO+HkeVqhCjzTaL4hl9A0cffeTeB+y3eNGipYuWNJttIQRKYozxKOKcRXGlGkdTJk2Zs8H6Ymy0GsdIBEJuscmGh+2/V71ShSzjUjICKQRH3GG7Ld9cuhAl7rT5xlvNn3/E/nuJwTUxyw/JlYhAjBOgbKfAkfEod+JA0obrr3fCh47eeP2NUFLMI46ciESaQiaQc2T5uZQyzkOWdnu9WdM/8cEPzpwyEYTYfcftN9543j7777/51pvXeSSFbI22GI9ICBwbO+LIoyb1TUzabaCMV+NDDnjvllvPP/a4T8yaPT0dbUopWaWSClGPom22mL/FVpuPttOR0dGFb7y9eOmyZrOJiBFHJNh1t52gnaRSUCooyRgB5xEl6b77vW/+djtLIGQMCIABSmx0d0mkdpoBEQKJTHDACZMnUiaUsi05AcAT8KIwe2FTsbPjOReFWQcQjoNHVrDJc5P9oYNthiVAF6bSei+sj1m1jhqCcS83A+u5++hqIQfStY1XZnDXxWNZ6+X6eOP7e6aDwWjtRrp8tDLAQwUdDKMPHwb3Kxpg+nQEO5jJraqVlbYK4Hf+KKtJavst9JZOm4lwDbFH4fHJ9y7XtjhYqacFOihS0ECIf0e3wZpSw8pWUsbJZaxL6LXuV2e/KVxWe5sstIGjGbzu5GGxLgC7qHUWRrPo6Ozb8vApetIAmJf+ivz339DTFCtMbt2ANm6/TpkG83TdI6LOoCkG0jHdOr0QadUBgOMFOtwR5MMcjxZ1aKC5qcA6bmbRwmIFJyj9OtV8/flGAsL8W47oQlOMt11ZcuZZl/DAKMLxmrocrzdLoEM61cgliBd06v+s04sEHdfad9yJQgAcCgSpWN3dqhu1DFoNo443QtEy/XXlzrlXEuhZgJzAApw7Gk4ICGKwtttyfNwKll5Tw11oLZyuPg3zx4ZzO6vdMN/tsokXO5Wvpq+IPEJoBer3dJcyyD6WmrDyEDb8njA4uJfkNewaEPizBGFdKUuUgKQ7IWPZ6tVvf+jQ7uF2bb99er99XrZsKa/U/eW0exmcpTL/Tx6hlH0hh5RoVlKtue0LaisKIiAiQ2As5wmoVgER2i0SkpDSVBDnnAAlIREwBMYlAmMslXI0SXgcdzcakSQpJIEUIgVALqVsJzlwMhOAyBiPKhExThG3by0go/zdSSF4O5VpApwlJNsirdZqjXqDMQ5xBQRBlgkhM4ZCIiMRZSlDYJwDQ8rSFIlLACEBGfFIMgbIEBkicZAtkbUFRVEUR1EVGaQpSQmM5VuWJaDI9VUmeJbwiKUIsp3l4TSLoqFWK0mzCb09URRLKTgiECDLBYgwikZbrTTLuqt1QARkAMAQUpG20rQW1+JKhfI3f/KVkZIhJSSH04wQa5VqV72CEvNjZzFNUWQYR5CKtN2mmEtJlGYRYzFHiBlA/pVOBkxvPkIAZMAjkAhpmpFEzhgRSjnabreTdm+9wTiXqUAiEBkhiYi1MyGkiHhUjaIolZSkSFLzOhJnwCPiEUQ5JREBkEQi01YrqVfrnAhSYQUPERgDhohIyIAhIJAQEkQzySo8ihgTDHilEhHIVppRRsAIGIs5EgCICDnWY5Akk5Tl74wKGcUV0WzJTE1EQCAkIkTVCBmHOAJkEDEABMYAESRBklKaZfl5WplgIkMpSQgeRViNIYctB1iSJh0DQEVJkvD/8fanzZYkx4Eo5h55zl2quqo3dKO7gUYTaOwAQYAESXABiSFIcDjLG9mYTCaZnplk7w9JX/Ttycb0TCaTPsybJ+rNkPM4HC4YbgCHBEGCJEAAvVdVV3dtt+69Z8sM14cI93D3iMhzqkF7icatPJkRHu4evkdk5moLUyRID55oy8yKY6y1jQakpM63WfeS8qkIwCaqUBoqo4IIAHG3G55/7sFv/tuH/9f/y8nDB0/83/77xc98idZrCCFt4kYM0NlT5x1cNiPGBsqCFUi8AcVvu6Wh2lnouNbfVdEwqTpYXoeQmMdAe7RDhwFNP2Vo3JeDFTT2rUYYOJg/mbJnAcNGQRqCY7IGhfLUmOrSXM+cOXqrDmYgy6gyOyr0NH1tHOX86V4my5NNiUhQMYNwozi4nru3SCOkD00xCQDAVrctG3pEhxz49nuTT6g43F4w4LDEBQwm9G8delJUFiDRHQlBdTzTSD57osPhbvNujWTmfJMtPv0ww2qOLZqEi2f5RznmFcUEo1XgeIjJOLCNLRjs/zCGKwraCN/CqS+bGFUZEQXIZl+qq55i9YB3WqmzaYqKgks8TwJUP1ZAKgSfIcjjx8Xg+YMfkmRFJbuVRzdsdxc27T940bIhtEpJZl8pbA+tG7Z01yji9fSzkiVqpDQ6F0ROG6QNn0osMsuOxtIf8aSXUcALFKrly2SpjVFzrTWcQqgxuDNIzixWm1YaDAG4PchaT61Zq3guHGxpN3lS6ljK3e5pd6Olx6A6PChKL0NVnq1ezUXIilSpvKKpNKzHBK7ekxasHDHmahxHnYQBNjsAgvSg2RSXuEAM07TDyFjQNECAaTpeLE4evw4YiChOY3o+baCAFGPe80kQaUj5+zTuNpEWS0yPOWBABMQIkSBSoAjTNADEGE+Wyysnp4AhjjTRiJsRERADIgaCgIREAQAjjeMWEMJisUBIb91JPBwQCSjABIBEcLo8OT0ZACDGKW63OI6ck1MkwFS8IwSKAZHGaTkMcRhi2mM+TtdPTvHqMG632802AMTM58y6CXfHy+WVK0cxPSQJEQEpxqOwOH7sFOIUdzvEADEWu0R0tFw+ffUxCAEi0ThFmtJHL9NkTJsdUBwWQ4wQIkAIEKfdLtIWIaQUN+1zDZgTv4AwpdhkCJiTDMCrV69efeyxabOhKSIRxgkozQhdCQsMCyKA7TSNY/6KJHIahghASBEiAia6kACPFidHT1ydtjvajTmjRhZsE0zmMGYIy+uPncTNNk7TAgZabbbbLUYIQ6AAAATbiIA4YIwjUkQMgCECBBwghGm9AYAwBIoxV1oWAQHjGAkiTBFCCNMCMEAgiIRAME1ZVogAKNVoMYRpnGjcpbwHUArEmN6mCgAwDGnPYsiaIjFdU5HlPqhmzqUD55tUdZK9QWoEifpKHhqT+kIknCBpigatofqjRp0XBogA3KsoFNZU9lNQ4g6VjT6NILv4B/WKGrePlxSzMK+wt3B2VczWUVOrF/cOSbF+xMPlIVh9hVJj6PxoNTxf0/PQiuZNVGOjlP112BZMaan3xDXG7SUplpmIfhfS3hS0vXHJvv2x01HdsOV+x2ECCCWA/ZGmfm/lwkQRj/6az/eMXD1Wn29KYvfFM3RYM5gJdaqMxgdiKqFYaDiccZVOWlhrYNXKCROgThqFAWDrWwJtFctaq0EE+WsD0rVTp6lNpFvsKksIFv85ivItw2q/VimoQjGgNrTV5a4Cq5DPtQu+ihKBZ2uO+UkMOye5eeJHAZaG4yZoMSzVOCl11N/yLYpr5qloO6lJFjOMgPKgXQEurewA9nlE6CtPZ0YMw2VJkBSa1vdoEZM5bdcftBZoCuQnlnepS/hRRLmgIOvXLmOQ2ZaCc8GP933ZT4ZAv2gl7BdZVEFOVeHWJQxtwRFL4scKL3QVS8c8NciY12+IVzVyqBVNvK5dKe3Mh5qLxlvyq9RUZFlsRIt5WgvLv6jlkI0Xj1MalbEsks3DmSBHGoYiiqDa2SqkPCfKKiWF8ZQVqt48gShTorcaQ3l9mjwjhFn8BHRMDyIRQIhxgnHEoJZ0IgBGwDCN4zRNOAyAOAAARSCgKcY4BkRMsbJYmhAohCl9biZRkaWSMBJOE1IMAAFwGuMYR1wsYFikZyohABJAjAPFlABnuoaBEKZIEEEyCYxEkN7mi4AQA26nKU4jIOIUwzgOOZkhoJiIHwBk0xsAxilGRAwBY6QQpmmCaQKC5TCo5/8DBowBFwGIYNzFIc1XTDRDHMc4jhAwUAgwgggLAoUQJxrXOxoGABiIEDEQIUWgCOn7pBGAaACecAy0CDGbBiIkogAoGWNAQAxZ8rN6Y5jGiab08c8IFIFX2KZxijDycyC4YL3LLExpbfbbEYG/4IIYI03bEQgCBsRYbIVyPMlYICJhiDHGcUsxBsS4G4kIMQyBIMacSiEiBALMK+Ew4TBQCFMkmKYQct6edYHfcgIYMISIgRDHRC4RIqTCRCAKMSbRyjKPGJAIArEpRJZ/DAEwUMDMDIpEsbyfQF75Vay0WdwsCqrDCqnumThDrhUDaExhFo5c8EpragAENAEREKUZVMMl4hT37VyYQ11nTO1XE/JbZACSycxfH8uV72JqxV7WQXadzaLtw+SjCwWcSa8CX4n55KejciYFbYbRdtmMmi2pv+fWJ7RVAInteSBiS92siTep5tiv3QZq5vgIrV01kOCO1MrtfBKlu6jReWS1ZujAeoT1Ljm9bm+kuEEmsWVzYUlBxc5mTXWJ49SvWnJkJ4DG2bBCRzJ2ID+inp0qUSpvFlRkmpitJdXtAlB9rtjY3HbrJkgtPxRkfMxjNFuCZAZu+ZSD24KtusvBV0JgofqUl08qfSr1qlqk/Ey7RKUTMpNGS8+fwURNh4HdhaZ52lwi81oxW6mwN1nPVDoh2VnporDUwq5AOcUQx2Uf7th7WFUqEZ12cIaW1g3JRI0ggcGE42BnwFTFW1wzswVsF8rvLjY0imYeUCuaKdE5J5ErcRX5VgwMnWzN5tBwqkmU6wE0U+1Ce27ER4klVR63RAFNEgu2zuqh0tMEuWl9HV0oY5ASH+5BynT1gCiUG6LbNADFgXSsh4NehN3VdFwX8UzKRaGBQqqh5nn6g3IurElcFfM3h6eh7oAjySnqRafKfoMhWbn78o83cDkIYC6XUIinmvUTQXQlU8h6m9MVSF8ZDCae4uoFIYYh8SESAMFEKW5GDEiT8DRPEiJgGEKIAQlDniMCAAiYFrkIICLiEDCEQJi+bwgIBBNQeuNsDsQLOcjzjBj4YT0pxxOlVDSkJIcQIAi2ucST2UgAGNKzDAPmxxliEpmBX1yOkb1mQjpt8EVIb9VnrGI6x7SgSQA0GaOX9s0SBTG6xE46ms93oRE2BMhd0otZE0fzeYJEhRwRXQwB4gT8KtXErSExS8QDQkIbU6qPMms5t9M4BZ5M9iiUdrRyREH5lDJcwABIFAlDQCKMEciUuAAJY3qJWMgWjCh1zAu24vxR9K44sxyxxFwDzRICJLIg5lO/ARyjVMxIXHiq73KwCJA/sJubFVVjuyPs81/RcLZBdCfLqjTS4Zo28mLnki4S0EQxErFOmgO7v6zHUwM0NgWpPVJpYgtO2h0UT1ilDe1op8EQh78ZobvkUsXu+7s0YHTeOaLySak7t1wZ1L3qfIMlxYxh2CVhktuI1k6ZPAaQK4Mm684E9rGtCanXXXpkupY2qG4EJz0I5iAjhggurUVNj8kOlGd/1CM7q8jG0L5guok8X+rCbNU7zO1uR32Xw2CTZypksFpmV83EjexXhDpalfDGhVJVlksFG1DBCUhYUSm5XFclCtOFj4X5pc0BtOZH8FZYtoWsACmwHadMxigDKlNsG3vB69mUGjjokJ5/+xrPvPLr2E/e2oxmm19BpjQ1h8sRqsElSubViVJv5Swuh3/AIUjhkNvnbdAuEWmxkrnImYWHvFxopAv5fceGtovNhdqW6lHsiA7I9nZzq46NzR5N+LbQxBG6kKaWgonKxZ6O6HzGXD84RWG70JRM1O8q0HiQewy1jaKueDnDl0Mx9KjOuKuSwZguOpLJg3ZnDzlqBoOQU6VMywF+SAu8RLEzddkODAUECoJy5EBXU42Fbr+IXQ8g8T7ypiSA4hIEHgHnDzxs5ou4vDKqt9ukGIXFqhdzlhKJNOMRgIjS057cvazUyOIFRZwICGFKeRpBeoRRVmnSiIFHD9n0D5EIJ5BYX5Z6EAGH1A2J0qcXy/bIYtzUxKiTLDogWVZaGQakiSJQGisSRv6ChVvfwJz1cF6gNR3MdoSQFC591STLas5zEuuz0YkYmbvyPhEijIAUgSAAQRwBQB7eN+4pexUkABxCyjsScF4ZixAxYFoTRTXhSMlHYEIAIEZmEALIeyrziFkCcUAJGqQOkv0xZQmiwn+k/DC8jhm5OatLXp/PE5GyayyY8IJbCrAo70UHJKQpK2xaTOa9nKwRiABEMeGgg9hiFlSqpetpyLvdSxsChIiR03jpzsKBRfAIZGtFUiGVt4KyftbWkrRXxhCy3qqfpUPJotMcRJgmmCaa7IvAkWFi0N17hzURwhHr2V3z3F4xsIqSM/el7FUGgj1YiUkxI1atVCCh2ffejuZa33s4mkBMgTMN12zZNGFUXWwN2oucm/M4jyTaOZ456ti+58H3xmUsLSYeK65KyVrZRgcVT6o4sB0d6VuKFclZgXqtB5sVHs/ORfaVIoTqROfkCn6L8kYGruAAOxG5CeDSE9T4H3wUlMgwQQ+kzeeBUP0FtKAsBrZlI/9ZqLtWOZItJHN3fxFIDUNcx8t9VXzqbAFnRGQF0sk9aYoSNg7zRh2l/tmxPnNTq0QXcgTQYGVdqkGOqjUVpbqZXiNE5AdH0KSyObd1oXSLtB+0U8O6J5JRTIm3/gZ5HpRV2I2JRicbrCSOY3hmCzJqGyczUSFWFxi0fSQSgYNqKn3NTMUQRYrYV6IiX6+TmyXEFFco25j3gHeqp7UC6m2cvVwUWh6CDB+yZ3eCrYugeR+LUlTns4V4dLNWy5MSNqW4RknzEFbHLQkEEveizHCmtjl9IOxjqZB5t/aSX6VT0hJ/tKqt1Gug6ossJoSqRmYXqjvdPflFYqGArVvmCUQospEzfmQDYrqSVJ+wLGKKmXFDlJxUiZ5ESCbwYxMNefUOKJaFLzEtDIOAiDEMk1gYVg2hFkESttQgJaAE/JU4SkPzEqz65A4AAE2837LYT5aHjFv9EmZZ1FKkIUJMT6Jms80QWMbK9sK8FzrBTihHxLz9lHPptCKcXkFUzAh/JzitogIhr2WmJqZwRQgxBsrPVSYUVJgg01WuURYSwlyIkIHTI5pafjhHilnZix1JO3Q5iWEzqOQGHTuZGZSmCiG9g4056EQuz1BRnfT//B9bH8h1lmwUdZ2Fly4nE/Iy44RG8WBlRzFXCbGoSr6MjHjb4zHRxNhq7SYNKf9FFQSgzkehFH+Z6XlXg/YghVn+Cf2WIQMgghiJiGJE/fVP1n2xro2cUE40SzjiEuE0Vr4DoVf9dDeICILyW2pqZUKJKCDvF3BjMpYcGVqkJFyEouDNqA8qcmaOZkvHED1iPRxXybJyC1zX0sS6/msAIoONp/+7oU4Lme519rlWrQxkCciLpyBq4l8PoRXWtSx5mvKGJnOjotKWdiQpcFWMRbmIqKVLJylNztg9ejmIYe0HRFV0ZxFtevzEHJ8itpjTSzcEouY8ccdaMuWuEc4cFbSHyPFhJqcVuNpKdxN/r2UczSrzQppHBXslBKBFyzJ2wZwWCMaIP9KRVajXVV1H9dGLfIGDnTn4GnLfytQmtQvu8LzfS5q3oAcPhNI3scBxq9adRE5ROTBThPumCt2/ysG4Zg0n2AKdPTO2eeCM6EE8csM0yiR5qzBJELJ34rSwZXkXuQf9yKsmQlnSYhGAoz8XRByqI+9Fk3T3OSmty5P+am1dlIVtrQuXz7T0hLxpIJTdTPdjE12fgraO9qjsbzQOj3TMzcPsHJEdWh/v3VaKUnMQqf4aG8or0QSaahVI9PHOgEwcU7BVfdlFGWL0ibCdtyUWDPNaYjEzxuDI2KiuWE8GqIgrKYRFxrkobYNFnFzIBcAbYondooCQAEguaGUgKDRhaR4CgHt6jVJKWi7kjNXIiu7Abi5w1BOBAIN7fb/iMOq1t0QBiw1q2IkDnC2nripuc9ZaMbMSOWMaS1Mb53AxGJFNvoHD1bdG4GjWJGW6ZSpBWrA8ZPI1BCcb6qfmdXG09obAtkoHRkI8gxTpWiqp4RzStZZ/EBdknXAllwBsPxEiQZwAuJySW70H++cRk9ypncO4en+rAWhnCWYKumAdMo96ex5m/3DB94+4BMq4+FpqLyZwaUMfoiVaLNKPjm3H55p6tDakVeN5jqF6C9FM4gdQCDQruugby46g1PTRYnWFVo2HH26PkB4Y4xVvSN78zx1OYNjK12g3pMspXxv+gS8cqtiAKjH2rVWvhJrYI2UDyZ90Dln/RGmcHoEvq2WqqOCRcZWnVjxWMtIZkS5OruqvYxJQJtGureiKi/QpNTNDXpZmAiMuAscAJD1U/o25kkwlsQHnljIGBlorxSbg69XG2Yp+dSP/P3u+upVaqlL865UJiWwXFXJ5klD1YLJS6+ZuetvaoedDNBPYqYBSEhtZ/irBCAcmea5agZIeh0DeruCwEX0za4kquKiVf8bK+CKW8c9gFpBt0Q7kofzKMZTByMi8EezShJEXBmmiy3pkeQxCFZg9IY4ir2sWal3A05JGvRTUWlMy/MqbTBU/FQOdQvXtnQhPu45beM0iRDn8tRVHhUmqZAhxwnDdsiRZlVkMKVlPyp93qAqogjMBIFFZ9M69Sd6HoxTCTKBlF+uUsAKyowcoNWh2AMCwlWnKalC4xSs9uS0ic8MUPKHMkXraIumVrOj6oATFyqEJPhKkjI6QXiYLFI5iPXQGX/GLN2mGojLqKnJ+lXdNYMjscgwGoIiElJJPNx3mJ0F63W5+QDLxLcrqa5k6Lrmp/RplQykyr3gQ5hdSBPUoKJg3h3H1IIFl2828MsYKTcVPPxiJgPlrVMLCYrrAuhJhjvIpSsiRx1B2nm9hplzNK4usEI3aBrJLALXGoWwQiJ/1MmfnidRvBF6z15ZVMDI6zUspabaKnHofUTrwdvvyTHVhf5rotOSZvF6g4KNhZ0STLae8uVdVhHghSdhVJi/bHvMhE7eaV1tUV96kPEnFyPTXcNTOHRXJtp2FNpjVqh8cnEM6ZJwx35sqyBw3HY24UVQiBGpFTkZUHCsmUS39NdBw5GkeFYDiNz2HRC9QDMWME0frl5suslp8cwuAjY6eIvv5n6z39lnYBJbkhWOt2EYyf02zn0obyPk2osKqjWhQJoe5Ju1djiDdCuE19yyeM9EReyY/j+YilaJHL9zqSTU5NBRixSx0NNEcbKH8tCmc5GJp3zn0+4dA7K4Q2JMnfZ06X6DSQgZsudnhFO3NQ6tpqCERsY/l2248Xmv2vYuaiY6BDhxQM0u01JCDgny5YrIadP/m9sXZFSKZQJEq4Tn56T/gSJ2xcMaqhRlM8NBeSyc5oNmirtQste3dYqSeJJH4NlVKk+pRyoEoLs4xs1jWPEp2tcjPHxWvI7W0yuM2swuWtzT3mX2OipaeN2BqbnZp7PvsQm9REBuHuIS8Cv5Y8Yo46nDfIfBecNt7iFcD8Aq479BhjVzS2B4IiHl3UMgCWsW9Uyvv98veU0ceNeZ8eLuFiIsFbkcax/Qu1ubBDtrIfh7VwsvnZK43ikKo37uQPUnWjVSIKRRJqK0HUxsaJcw2lhtzPVR5N4W3mrWyW9dRgkJfFhgjtyYOFBuXgBcQJBmV2k+dtZhIvxUYcgQkNl7yFG4QeIOnNiaGp5A0DxACqO9kaKIKpogEFDjF5j2iMXG6tOeqix0FOGtsCpf0tUxnyWBLQdXMFM9YQMipMSAq/eKWlP26e5NaidstssrJkAQc9nnzPAMqOuf5YWjEuCgKAUTAzGtSlYoK/9B3Qefj0x0SAPpfNmikRiR9i0DtzhVNZNpLB82vxIvCQn6uGBFihBkbUR1mfRhFXjVHcrDgXImePxEQY1Sc3W6ldo1UViHG2ZdR3Ppor9uwlJKTqB56lVPrubCmTui77bFMDFxOUF2bG1FNteiBQ7+FTTGXLNSNIZoM7CJTOVmcmxwPvN04+4Z2XHFI7cAkxjwwVCI613F2Y3C6aGmRuicQzqNdfL6LatgZtOMTlI9QdOaiIdu2ZZVld98PAmqgGux7DObYTiIA230AALeu4HiSDivw+TDbh3pkzBxENjXDXLboNWfC23AbGqO2RM4I7YHFsOQbfFOXhilDCYXDNV7VdcQGWSoZOwzF/oFNqTEOpHERlAPtGAOTlGJ7GO07ZYpLkFmhR0QwO2EWOPoTBoiMUQctyGhxEMRd1UZAbOcS7SsNPbHioejyZcImbvsUvVk3qQWpJ+GFLbOqqmkwXdyUtdCDtmsHR1tNSGPKREeayuIQruG0qrPz+O89ePFRDdZuxifek0HPGIipa8gdIhwdEQKMO6DI4WySLZ4rY1qxeDu+QnK58nLKGRb0tUv0nerp9IcxYGSg1T4RDMMKoqVvrvCoW+IYSkRLwGuzpalBCYtMo5Kosuon82AMSInNs5fMj9eRM0y5I6klMBYWj0lmcf4ajHRPVjO9nxY5VqMytTkQx2wvxfLktc7KDSnW1p7Jcci6AxKWp4IeGjJaTs4SUYZXmIPPxTUy4iKyulC6KAMrCbFEWnNN0pt/yl81afPuxhLgKFTUdLvx1KHhARTFajCSahlvDkocgRDHbTxQWCABbLcYEI6OudBLOn3Wh+R13oUVfiZ1nbOiFuK+NvvM5n4MBYDNY6uBjC07PIE58NB07AnVbKwyE5boitVBK0t78ZWqh8W5O3on98ijcSFV2rcc1f6svjO8aLrq5WvnAKDfNZTFzQcSKj22Ubpu0sR+z8HKgSYcwYKJ/Dy8ct070IDvx1o6x+0PqunVKagsbB64ZoBO8puxqB60snykvuGXBgb5e8CM6PcPgZYOl1gfGJsmgc4umqeXQHyDetZHV2PJg0X0gm+HMpozX+Rwh1s6dz8pNZDHwcVws2LUtjudybP3VI8CHKUqJNytGk/VgBmkXieh6CmPivh+hTqJ0qr1XisoIkBayIjFTkUAiLyFRu+eMFWxZuVDPLnFJHUwKSu6XbJ5QwZUMulXo/ULfiuR8D9LhGlZKgD0PJfQzx9SIvEzSS1PO+tr/cKspVfLvMTYxDpvoCljIX2YEk2rWgtqyaF5UClzL1bVgw5bLP6OzGYvbX8YAeV7WlELC3KLOYYQ5eWq28jv2tSjG/vWke2EtJUeaV6shsUAcFgsn32GHlzEyzVstoCBuJzIO1DTbwkeCm6J2lLny8bKhy86smAcUbYVMVxvedUlzCroTAhvsZUJQSR5R67wT5ObyNHjyJw6lrqFEX6VS0aWX1jDmY02ERxoYSFNAWSNNo8qKuYAlBUzRpW5y8YJeCesvLVI7WtESsU9lpsiIebzJ8rZk/wsj2DweKK5BX1vjYr1U2a5sE40unjX/MCJsCYbYchG1cdHoKFift8Ob9pl0SyDqEdmC85ltlLOqwPy1KUwWxwM2/j8ll2QjcDFKBe68/KI4nb2HLxITdpDuahILagW9dG8Zu8pq+n5aVQdCosLEqorE6a2HzPyrDE62CyLL0lgKNJiAeNud/8exDhcvw5Hx5DFpXGY+EIZMnti1LDpmkh2sHNM3jbumkAozASW2lCtbZiiMAczfjHNrcomxru4jrHv4QWVO2jSWxrkQURTSg2gQXSzWMwGEVUw4Eap8TFUk3oyWiuFvkZlLNPdubaKpWBpIV41crhpaYRqHan2mYr+Dr/ENtmIy4LRqEIDCvv3cgGLZjYQo8b2bGo/7WxKdEWaeTMxcC7jMXDkaVe7N+lQpM43Q628Vf5jkHABPOuLkKxMA2r3xHatuLoqrZUmqQ3mJW2U7lio9tZGw+GfkH1lAmhthFmTaCutus1vhOsd+o5LJ9x91VJJatW+1aGrzPsOrM+1XzHOv3uklGm2CQ+h6PLt33NxpbHBrtXKhhalM4PYN0j+69mv//blxB2FvR1dFXCmD89MI2GrBctDmmugN5rpq/lf9GJihdrai3k8LErt7Mtlm/0G2oLMd5nHA1osNYewogT0jzaIr7aoMMJs3cZifUzxwgSXctrQ+kfAyJ9ZTUczBJnllwawjgSSOxdJI4KwWF777GcpBHz4AG68joslRVKdmgBbBB6mcyROSk+FTfYqoCnu493vAHrrCFpeeSAJsOKtNqqFC3w3uzaXfCrwahwCaK10CRhDJFUn5TeZoVKAodo11vUoPz9ZamTOEirvaxiEck8RhZkSFHocthYBaktZa/ao2YB0DuyenkUo/5Ebn9dNeRop95KQpUhLGbWOIfkiOcDV3dLbC1mHbqv4eW3ZlTyTFrsYBC1o9wombyOIkbeyk1oUHjBHDDPM9NYxNhdeqdCfvpR7tITV5fTuOzCNxx94cfHYtUwvDi7Cg8OO9gqXzU0OtCmg+eJpAVfSbWUdnesaInMDtTVWQx+K52FvYdFgZ+DXjkfdo9ap7d7IHg8LodPg1t8LSk0QHaolhOBBbHrfQr2OWDty0ohuew1L0y4HeoLdYe68VNTJqkeWKkz0QB1k9MLrnNiocOJR12pxXsddeglKMFqlCt+7nJg11UYPqi+ZcRuz0kc74bZooW3QghzXVkLSWEXgxlLARTTcsev9YGdF4YyubU1Ie63GrURzM1nBaId1jnhZBQUxsdqsmPckFmz1t4QsNwz2hWpELC8hOORQQV3+w0V38ZgGluWeZ2l+KoadYQnZiLK4U3lLk59H5XncNMlPY9TUx525nwrGa+FTU6kXMztFLI6iSnDc5WldjIFKLsoqiTE+6M6IqM4GCx9A2QUujrrGvngvmEgFi9v4sKlyQs4Dufo32lnQqiEs9Th4ugj8FDX8urmiJL9wA9VzAjZEPDyldFl6jUDLjBaUqrtkGdYQiVo4+bq6KVYhC5VQD0YyiSJFXAzLj3/6PP7PJ5er7V/+1+W/+Ne03VAkxFKXsWaEf+u4rSi+YMb/GqFAwURkx8XnHk31ryKVLZ1EMOaG7koAZSGDX7zGFxCAPM5c/mde5jlRA1kNL+iSfSIyxxD8TGsxNlIV1rNNUHBJmbZgpoaQ9ILE5xGA/gAvcStk6syqptr/g2pgbfuJnwW1708TNwraDArriqdKHogZLDaqDgCyG0FUKsnzZWakTBVm9STFFfFh/EAlC7ysymslkeo5lMlENYukbV0qIcjE6XftapFPPUjGEJnmOREEM2KkkEITqPBnr8Q3pllAsRhMpXNeaaZJTYtz55inRB5oFs2SxV+O5ElYlVpEonDldPe91+j2bdpNixdeGK5fSyRhyADFKFeGLv/jVo2qwB3ljqLJ2rOeSQRRQ2rfzeSIEbDPeigUTY/szvIz2aiUSO4q81uMLEKnDZPQWBK034GTIIcYptwymsGSL8P0/VHbf0GRPe2Fq8nh5Tfx2iWuVkagTJOgbcMSLeeFZ4VoZeikb+4grwvSpLc5XGIwFAuvP/gnhkQPmq1g9k0aoA0LXfWhiYNEmNYU8F2GxgGkgFdzB+lNf7xgyGjldp0RDUWdo53mKHLASloZHZJTykPX2Y1ecii2RUIsgHpNoqHOxT22G7AhBFFcQV5MkGi40ldPsvRHfo9G9/lPbX2a9YmZqhLJkkEVjBaBsFKF6jArD7NRaW/W29f74WwzGpNbxfrYSN38pOIYa7AEoEiSazMGyqPOTfnEZlwMsT0deXh7szly9tha8RhtAKP8dQbYxttaHOdqzCj9qXQ67zJegAYrDjzUg1j+BpC6i/5WBxr/R2Q4JizVjYWHlYQX1VCMLkE/WR/DgZH0ZbqMIXGY1Cx1J21+KNveqDJoWtzkKvUXAUPL1/TTTXfzOKSNI60JRM7qLq4w4eXNgXWUAKWAU2VlhWoiwjhBGIZPfoaeuEbrzeZv/xriLoeeKBDZQpCsjZBcrOjMSPKjLKCEwohHQTBjfXj5C8u/aCjCNlJas1JLx5NsZIqXYFXDEqyi1igmRSgi0Dkcq6t63IORJcUH466tYqPisKg+6i2rPPWywEaKUGQImJ+K4QU3YhaUkAK0pWV2JPmQJsr4EA9VPCtTxe5EDGxXNfi9S8SeWbkywYpZTsxRpSba2TE7mCtyp5JSlEkD9Y+PXsVPuJZm2d0d5Uu1tnfJpM1qZcMKS199p0T54qolSKeiMiKNXFJroNkypFCU2t6IlAFlaY/D8fHq+9+N9+4MJ8vlJz6Bjz9BnJ5jUvdWXFuw7iFTnsLt2Ear1O18w5pBCRKtnGdlARucqEsef9T7b7uz1cC2/FTewZ27K/m6zUCYw233lAABKLxtEnKgY5L25ObOHsUjg+IzY9Ecq+0fTNiJup2PfjMJ5O6qcAWy7HWRBjPjIhV6Ioz8dwQ1K0KbIs3qGS9f5q3SlKZUE7esx21IjlyRVHmfMMxLiOGIQFMIK2+BOgCTXiIlYK+rMVq7h5xWGX6SgqD0VQNsDFMg9e4mEubeP1QSz7YiCqoOdkeeVEIPkD9Rz6FFZabnRKpCUp00J0ZgGnyqw3hk22bOqGQf1D2ICE2YFGUzU19pbGjAIQxHHnIJSiTUx60BPU9r08CjP+lMR/NizQlRuGR3dNKlbRLUU6kgtNBU6EWaEfQGPia1nm2tZILXVWaBV/xuxCQ+S6uErao/iRfPY4AJEJTnR93GTVABgDqiVkPYk9IJS5teLJKOqOm1pZritq1xxPQpiOrYO+m9ozbxVOmyh9OEanfjNOwJ5GDdyXw2aEWNbP2OCCJFosWzz5189lPbswfTD14Z//qv4PSUph0x4Nw3ZzucMbB7SS/EkdA6baA0ha3GtOsvxXDo3jFc6Z7AVxdFICTVRajSWCpNxf0DyE5TjaD8JMZRjIDCPernJXPIX9BKHIoKJhV2JDDW9QAbN6xtIDLhrdiOZ6DknkIBQTLzOghIRMe2Febxyl00CJXByq36PxJC2UOgvl/AJqZpOeE0RBOojEphH4iQG48gvDDMUCDYsTM2+o2+FXqOReXVUtZN2liKx0yMZgL1zm/lF0QO2QA3M2oEAIiEMc+A+piNw6W4htarAYQZHL+rIE5zzvKNCGIEIhqn4fiY3rm9/tZf0f2z4bnnhs99HpZHOE75gasDLGEjJ/UclN9+MkCMT0HVmtb5EI1mW2WKS27jGxg8zOXOOODRs2hLg0ZLF5dagO1x1bsqDgxTm4cGEmN/+YDKdgHy+5UUFeXiDEpsCtC30oWDblRphMWYorqU4NLabJhM6NXKheoovZMQQjXj5F5NgWa/iLSLMRJFYOG00WD1cgvBvz+uSdjaCZ5GqRXYiDDIf+5QxlTDyRZ/JvXtgVXy7yIi8aTNdR0HpUkLj1wkgTKzrUjI/tsex9S+NI9EuVtpp2rGoJm+8l55rDccAPY+e8qKp1H34TWfJ+47OF4rugTnSdW+NRT8xR0Dx9NSq0M9Co8lfCifWunH0PwlMINIBiSUF5ZmyK0NnOq2NinqCTQqyPCoSQo1QxVXWnLWzOKsVna72OSk4hvpVk1T6EWZFLGzHkErVZWZoG9jSMxv4egttzoeOQls8DDNpRTPWtlOYYWZu+JCCJqPYbfnyzCN1H5IdRfNBgQDeE4MqEGAlyXbX4sM2rdozQyE/W0X0BEV3wbAqz+yCKVZqx7pNGCpFMihCCrIazsc0kVcVK0UY8TT06u/9hvrP/nmdH528du/+cRnPz9igGnEYZCA2oyrLQJaI6Z8DZOI6PQh/zFdMH+IU2xYY37Km18NA/kKumcIeJ0y3XR6rVcAyaR4pnKCEq4r26pzTnXWDroEvaRX2pbyMChv5KmFTZwVMdJFvJmlbqqLz/C4mBqbM8kqouMTRZq05cjDclOwQYFh3ZRaEyVWs+Iuio3NYlZzyI6GjHG2ORY94InnoeTFlphFgcws9zW1vJtGFr01F/zL+ArAUk8xziEPzDSmrFIFc9mkK+yzUOdhUSfjyiADAZTXlikZo8IExkYZSYc2aHBAgBQJYZzClSce/sHv0j98D6bd6c/+3PLlj2XDhY0woMCWrQNl0dakvoAQIDSWqWur24mgCqik4BLsFg3h0MjCtDpdBMx6HNKSBdiwgdrM9ZAX50tlyyXpi1Ad5gvL+9xNndMCz2G7fFz1b0IrUEAxqkMaZEHwoYLT5CoOSZqq3ztbrHazo5QJeGeKMjJ9Sp3wFN3A0sLgmtRE5fZom9W1b02arzVQI+ro1SPKgaVI5ubRWvG2WJqe6qiqBp4TAoTcBz9bRzs/shgW9MQHuBhG4CisM39KhIPEnw/Oe9PFPZdh9x+ociWnmGb9cz51VwZVOacOo0wm06swzXJZo/5Ih08qqm3T7YE6F63akCbCBTx9zmnl9yZedbbA989stqctzNU1Gzc5gy7pq7EC7/WgSpT3H/vmt5nEtium0J8DbWfrNj0Uaos8P8/1sPNMsPpfwkfTJBuCNHwDQ6yuzA0oUtBoN2eX9x7OoXbYRIknpTDzjyBszZ+PCKt3mVriYvqJfVBeVZ6D4HCXUcyuJQRAJByOvvCzR1/8/O78Mv7dd1e/9T8N164DEU0ToKx8RpBPg5DAMrsKO7TIHgvTzKwcesoFogVN5j9SN5vV0fqCNOcV1bYJrTtklO29wue0F5L8Zb3QS+ZfhtdSpjwsloU3kP24OhgqympW91rxG0AWBt59pu0wuUlEr8pYRiHhfHVQ+Ue9RsgyuYgoIWiToaajCqakgdg8MzGK3eDaq1sIwCvtilWo6xJkaIA8f2o10+wA1h/c8axKaaPeIavAklCgVYIAwO5Oym2t+IPGVl+jxHVeG1ZzbfMJkRazayF3Q5TJJyQCirsxXL+++7vvrP/Tfxru3D16/7Mnv/pPw2PXYTeCvA5sr7lTQUeJQQ8/ZuFTy/M8wtEO+ytH33UjGQdzUnU3yy/7IsD9tLxX/zLvQfYc3vgJLl1iD7zegH9I99n2dcXB3rXtmohwxpj+khuwSuEShpLavZe4hSE7oHU4ac45IderWcqQNzAEzcx5PNsRfXvhtB0CzEy6Kxa4XKmBAOug3gu7n8+d6AQNekS0aLYQIJL8iqnVlZJSe3Ahg1008Vd92K3gdCsIjSKQO9HNmnDq8oki1GZlaJYyCHLRiIE2OCtrl7peUhI77fQ8YijsdasTjsBEmLpuoD26oSEALjS2dEbj6Qqc4sRdeazuXhecCMr7zRNepvaJ6vXO+76hLIpdCnJUkHSYFKLr664JkgOiaW/iY6ZOE6tqrilM8TVFzHsnhMN9iWUR5JeOSO0CC+tAqpN1JbKsclBBWPDXdeIW2dkMzdWPUb1OSem4q79q0oBFwtnBQ5LJuj5dk9ytFFJ5RXvlG0B2CujlOhXOIacG1kQoUHojk0UaEBCGgYggElx7/Nr/7v949++/BxeXq3/3b4ennjz6xV+N9x/EcRvCACaNSBZIJqMEXcg/CkspOW8qzsP7U7L/mBlH16h5cKBAevnU8EonqjWoZC33uDEtfAKEyvy0wgOdK/LhTC3p61kMioGzryHiNQIRbJXB1DGKQ5WlCJhYqtvwrop5gScNkDQXGu+VrzvnyQK/aqhRdRdyD2LllEVAdQYADUUlUuuNhj9ypeO7TfsG4OpK84aWBGEYOlTJ+lMSxKGoPXOmzBqJ8y/MAHY+WiLRIaVNcoaT16EwsxOJBqQRaJqGJx6Pt9988P/8H8IPXo3TeOXX/9nysz9B3L7HhIoXgg8VWsRb5Z++tCIm1aWsVR6CwNY+s7HkBqw+2r/YCAF5HADjO4smshubq7lYNXf+OccC1RYkklRBryLyFXEbeqAiDBk/Rl4nSypI06wWKHnTgIgLo9H0U81Eztud1uHo9RFv8foAwC+SQI4GqLC9BmKOFELYl5LmsUoKY6OQTC9ydGBCNFBzargK5lMrPbpnAnuQ6bOrLN21TeL9aCK0AKWmhthih0K7g1vjiihOQdR8GaWbhVYw3QAlJbaFRD2j7haHEdZ2YPGC0gfd11wM2xkvyVSZ5SVf4BhYBNXkn0YqoHSsSLQ/rbFtl7JmhKMZI/J7qJq39Ch6MbcHp4kD1QaIL5afnSCje9QIV75Rohj1gEtOQfOmCEup/qFxq8wTQA4vgpWlHkJKtMDPgmG+DZf0dPfY3oQjmYaJAxrWzRj0Gn0fq9lgQS56/C2QGs8OBXNHif6M4pSAEjk50KGryU/qQ5kKw70SKiAPaQxNcQAtF1W4oWmXAMC1aaOV27TSVAGonD1HAOpmxtPwjKhEM/8Yx95VXLE5VsiFwY1eMxKUmN2dTm9KOANChBiB8PhzX7z2v/8/nP+bf7O8f3b2P/ybxy5WJ7/4azEcx4uHWZ2HBWJeMsXsAsCwK4BELGkkCaOKH1BRJkgUW+yPYNtgmepWnWHDemPrpw0xIOcwIszVqGjIqA4v4WjulfBRbQ3WCaYgAPZUcEUo37N0+4/zhPpwpjSRrJCqWwAQACIA8nZzo9BYFTYr51Nal9etJyQVpqoKpe0oVhloY2oz6HyVHKHqX7InzmznTmQErRrYuZwGKg3C7aGEsvIbCAAYEAgg6AkvQ2NEELtq33ycpx4JYoLDw0XIPyWWV91EcCAwNsTSDJZXWUPlJbhEU4Sj48Xy6u6V7539f/5f9Nd/Gy8uTr/yy1f+2b/C5RFNEwwhhfCGEDSvInTmq8xP2xhahZf8aibOrqahcoA2LMn+QueqyhPpbnIXUe/g1Q0aaXD/btP+F5Oi3ESPVtTyZcWLvW3xvzAfJZLHZ7+3U/xx+2MVzl3P093/LMigijlzENrmWCmcWDhSCMwtdfgFilfF/UiFR3Aic1JPmcr5H/HQ4XUeMe6LV7NfBuD6EIcxWYnJiVxz1GJWe8knGLHJ0Gpha1LVSDG6otQwqbMqU0Ba55A1syK4wQHU/FYgtKFUvRamZ5EBNFFpRzQT1Py3v295bsqrnFDa710D0c3q3FI30CduZa+Nqho6a7mrGShlmZE2djIaHKtTBFLFHec4HAd4Ckp6DODtl8IljaCfJrWmajbBkyyx8OpR8gK3sAYAIYQiupX6aakOIRCA7IailkmKELkyat0YqiC3ObOwX6hU8QnADQEVF/WEaahsynM5HbnQCJRDz8qzeuCs8UqTTbjXkHYexbiAyuUbXah8fF2s0ZUq12zGeL2Hgyydmg43tOA2p7/9uxI3UNXMqozCg8q/bdPUqd1w9YH9vFbAGAEIJoLF4sq//NfTvXuX/+P/iG/cvP9//+9PXn3t8d/4l/i+5ykQ7jY07uJuh2FM0WqJdWRKBaPIT6MFTDl9nmFUMpEIzDPv7ACB2vKk1uvQ88RyyX3JqTRRMi2Bd+kh7TtT7qYiR+nomrD7ERzFsBjS8hyZh5CQSVPxFJTfbTHgygUwM9MMK/qd4PGnO/KggqT6pxCieagTRxU42n8LPvJMo0wIE5P5pi+K6yIDjjRHmYeaBeafzCiu2nhp0qRAfVQqrHWPCSlscdJSnC6YMyKV93N5UHG1abCKBDBwDhGAY0/tkfL/JZHhrvnRONUkwSYAiHX+mdQ5BAwDLI/w6mMBCLar1Te/fv7/+834Nz+A9erkp3/yyn/7f8bnX6DdDhABA4RgplJNVqHNsQhY4yuLOBdoqQrXXMhbhdG+QfEX4tCV4kaAYqeMa5vbUteiojl0JqS+2OzLdkODKxpd+VBDe2uUQ0IOgzj/Qf2P/q5JjbP26VnsCMGszXhMUPVSdQZZ+ewG4bWTblGH+dFLtkJ8UtRIdS4kSONmUjf74G7V2KCIdk4bK1sMvQScRNQR7EYWpnqlEydCc4fqBTY+6ZDmhZCsomnhyJu80rlcTC07UpRY54pSun1uBq4eoqFXl706FrQREWOMKvBiebWklaWVDDAb22IsWmIxszjmJEB+zieHPTJ6YA/p1e7CYtEkoYhI5T57dYsqgssX5R8ibhEUnxVPTP52WDWox0MSOP1enrFQ3lUji3uOOc25cwm/m+UayeKmpLxneNztmBGz8ZS/L16tYyGaZdeyXLmvC+kdKaiYppFytosblA2fOv7zs6B/tORWArbWamKTe3o23S3o++7KDZl8FVqy11A9DUTMfWcK31MFtPRt0l4jwzi4q6axFmPJhGt9ASVI5qeQmV50iYDDgu6/+/D//f84/7f/Dh8+hJOT40986uTnvnzyhZ/AJ5/BJ56Eo2MIARGSdWBsJAbKV/gPICpCnCtR+lq+F2m5gGzfuwdBWb8zvYP0UrEUaosjKHD4ruM/M4ZwNC3ol6gCxZqm6IyRBvGVLGxRwfQ+1eY+oCY966nurLkkht+wUusuu2ErRsSkkwC0+Wf57nDmHpbuepsz91Z8LNQRlNf3lOjSxjQ5EtSrtLpJYrL004RXYUBJ9xIB1u6wUVMbPjTqYlXLbCrlt56uGdnYxhyoR57eACVKam9UVlZWlsqpoITFFiv0o0IFQYQTAUPiql3GTq5dGJV/AkBaI0VEostzOru3/uH3V3/9rc2f/zm8eWuY4vGXfvba/+m/Gz7x6TiOAIApUw1dJclZhxa6WrVngng23OltiybU9WCs6dblLWBtt7CbUZatuBe3b6MqUxJ10TYqPVQyVKLwwoxZ9yF1hbqRlON1SyYVNY9dXISYNXhma72LoBB4myiVBqUxkoTcPutgBPrW3kYjfWY0I7omtp3wXjhvH/mw42oqmgFD08k6lEw8iWlHgkJbTE/fdKTORYqqtKcRabsIXOfqwhdFo4ZTEwWVgLnDKzE/0lVzrElRUWJu7wAKygpbJX/isLQgzYdP2W/oW/IMi7FCCUL1/Ge+AblipcjWDWbDE4/czN2mEPcsjmvgLCTyO29nhmbTsC9NrWyr1qU9lO+F2bgDvZszogZWMGr4TXuagO7B1XJeJ58AoF+bth+IaVp5oD1JRfduo2OX2gQI3e/9bRLUA3hVWI8qWSU7Jc7+7n/ia99Bfsu+uTmP7yNIcEM460uuptUINVpxT+JQTy+Ma/8Rks/9hw95Wk1Mc9uimerbjUlmrmU45JLJOOIT77v+3/534alnzn/z363//vvbP/2j8ZXvjf/lQ/j8B44/++nw4ofh2uM4DLAYcAiE6UMm6UNOEQiAiNIJJJ5ifrEcYs40MqrsBkqIKL4WdABj6qgm1lEcCTxciYELLHE4uh4DSk0lxi9+UpaPMuoghU5IPleqdLo4lV17SD04huaAgDQyZUoUGhI6RIo6ei5/8kKB/LSbOTFtaxDQQV7pJ2WrhIQVFB+XpeUIhaDZmZCukJ8TZPZY/pPulXFUDZRpyp+tMd6ufC21FDJA+tvgg9PbHIlTBCK16TmNQypNQsDAb97BnLAJr9IU5y8gxMokazGWjrwGm1isQxbOsXVXzwqRXlMe4aIOo0REwmM06xtZhVMxJvCbDUqMCACRAPmba0RAU+ZGBESKqxU8vDO+9sbuxlu7t27G27fh3tniyaeufPWrV/7Vvw4vfjiOOwCAEAAD5ViVX8mseVPmWl+RU1av/lHY4gu76qn+ytI5wSudlFXQyewBBxG1DT7ZNR9UiBkLJdHtwUPuxahxsV6WUBaD2+xBQpMgPTREDbwUMZvo1JOLJijK66KzccdM8tkcoo7esTqxHYwNaY77Ix8+4KyTyCJFe8WymYJq6FyD0JGMn/Y0y8G96lWnfI+MRndhz4Wcle7VI9XxjImlqT2Xj6LRAollWKVpZv3T5faHVCk0Lt3lKVdC21eL0vmnRqBZCHGIFcJaLyaZyXUdDs1mhhVQOKVxMC1T32qYvdkvtARF+iaAHFkY0lyvfQaQdcNcQEMPKZPnWKUu1ttuzTRZIW7KUrsSwamvK6jo8KCiWOCr9jKKtb8swCoEszvPhQc95z0jjW5pUYuH61KYpgIb3SYxEMFyUuauld25UTzJeaIL6XaO+0VHBVZKi82irJMED4fFVUwP2cbSQRStSLi2Vi29A2jLmGOBiaF5FPaQJsg8xNoWCvRF6NWMMRGN7AVxsaDdev3tv3r4+7+z/uOvT9//4XK3DSfHx888hY9dhyvXYRhwOaQNeBCJiChGoAgx5Z6xCDYCQiipnxUq0MIu/08cTWtGrGAljkP+Og6J1jPo4AyIT4a0ZFNWpCJwxDLAX9/hB6ep4JbP+KvJpN5QRghptzFn2kBAkn/yrJAs56arQWZYGZO8mlc4qKJJ5FNOJM0rVlMFgFOCMt0luXK2A/MEMVTr8VPyo2aTh4SY30Ej7YD9QNkQhWV6SZPDrDa/JeFlMrNnyfFUaGgPs86WVFL4RRQp1wjySm5ejkzpGKLMJRcOsm4L6UlEIgDFYg7U2mkiFc13fJQ0mUAeZSAAV9En6wSYfp6EPIXFSBiFYeEodontkcBK5KqpgrTZAYggRooTImAkAIxxCuN6vFzTGAnw9IXnl5/69OJnf+7op76E15+g7Q6AKAQIwfBCCWSRHB6QsryrZQdj9oGRZXFmy2k8FBWi1BANc2pdngyoBlXxobHVMm9tV+6BC0zlFkti7AetDlmfsM0PPVwX66fcSKoVX6m762BSwGGZHhW+gmeCwUeZMOCCVJEE5YMk+m+CrZPPZkhW42D9rxhWcdZ5KLM8i4ZAx5PmHDWjCMFDNzT/VnGFj0sTX/ZJBWq1KYy1kIFBqnTRBgMa5fk5ZW4qDLpY2e7EbwoS5YVqrF50pEmg4hCUOfRjkZFbsHPU6uLG1fknY2q2tTeWjA39aiZm0jwXes7PtzeFkD3YTK4o7TUODn6XhA6qvcy2zj/BBCod3Lj9e7B9Pg9XBgeIAjdKfx8JPtrVf8e0/NNq93tZuyPDGpectAWMzFhlWtkBi6pUuuS+45XbZR7W+ae4QUESVbDmZtQ7WG/TNbEJeYkGHL1Nzrj800E2uLjCwWFfxSxckv1aTI5aBDHO3lMHM5z3gzqjHznXCiEYrABAMhBWFi2WUGm3pgoxOxCv7wDQNBo2/xQb6sNXDabqrpEXX++KFMXBM8tc/gkEkOkmAIAwIOJ0753N3//t5Z/8Cbz+Kt2+Ge68Gy8uISwmQhgCpfwrRqK0gxdSXEsEQJSeOU67jkIWeB0Oibzl4ACVxwCgSDkvAG6VZtjMVG6PgBF4KZZ5xv+pVSb7MF3MAYpKPglA3sVWGouNhbSuVJiUMlNtpORvhpZzu+w9Sc4Tj+eWgWJ62QzzRe9OTZ2iSKSgV8U+lJEOVAjKrzjFdIdlApuwiPMZ3h4rhXPFExHt8ryhfXExCW/zEOTe287JYLZgCJBessNmMnNV2Qhea2WR4ZQPuW9kkS+akOVVM8pYLeZNoSrdj6kl6s2sWc8sK4xoKLJZxOWPDQiNdbeJOs8MIuaPv5BSJQErPCAuVWBI8h8odRF1I0wrwym7pvSJGAIICIuj4drV4bnnF8+/EF744NFPfP7oE5/Gp58FAJomSRClFpCBSqlFmxTULPbLZdaqt/PPTHOVNBZG1cGSZqNLbUNAGYMBGWuMmpPtYyYFcreaZrw+Dsk0ZjIcUs3U3XyNjVnXwujI1uSf4vjq7KgMsv9xp3LFVpa5dFHCObMk3kHXhS7zBzrNEKdH1bViGjzaM9F7b+Ks6avl00ZfjEDxQKC84Kw06hQ0QhEJo1lCWH2xAtiU7SoMNiGQR8lOnwmklf+uwc6olSgl2efOOrmu2QOvrGv+314Cc/4JPJEC2hk1sWiuSqG7OOV0ElOnc/puE8Uaglyp4bgkrccyh3+vAuHSsGYbz9yc9LdtYhpMM9nZ/SaqNa9IRmAxAXaXoIbQyi/rVPmWBeuGMzOCPnbgSS+KPZ+LmvQMpR9HHrWEYHmPTvGgmueK1sJMS44nRDlgh60OkwAk/LAtNbedLeGIrG7sCIeK25qlxUraQAjsdEg8Yzx9umZUuEiTdXKs0xaTFBgULzqrF4YHKqTYY0wNwr4RCEAZ3Q2aUr6qSyZea5x1QY0SkmrgykkWgcJBgLK6pQcjp2W+4tGwEplhwhCU2DWtjRDECMMCB5we3KezB/TgXnz7Rnx4TiHEiAD5qVGIRBQhxpR28n8JUz4yHTZ+UM5CNBlAupcbvHiVA15xA5h3onLlCuTRTEzripSzIsTcl9RbmJQs8opmnkEbHytEEp9A5p/KX/GOqJ+LK34rE4ul/JF+s8ATW7ICu4gWK6m2cChPYaIJM1tCK6YSACikIKfogrzlH4G5XQam8k9+Ba+jrp5G0k5YjBAlm6r1VAEqq9woFisrc1nFtpoH5V3BQouis1xnFmpVLZNoRM2FW1a5SdZ31ZGlUA+cTR9BUYQis6AU2jABAQAikh1BFXR5JTdoL0vMn5R7luIJhmzFQ67CYHagWUOJcr4Ykh8MAQLi9SeWL3wwvO994bHr+Ng1AoBxTPlb8ellz34xVC54cuGEzR/FCpmf3iUBtC/q8KB2r71e3E4uUtW4Ad8hCq5hN2oSQyRj1N2hQj6lCmh5BI5AK5HK7JRnbUysoj5U5JAXpZPIai4qtgzQy/4avV4i0WvjQinFmkZHHRE1sU1EAainzi00n3+2kG0G7W6mmrlA6lbMcJ4FG21YEsqgJYY12j+XmzFgo1r27t4Ch6MaqtlppxXclGlKdsB4Sp8TPnqGVQ1bZuSA/FMrY4Mz7YJLjFF+N1o471OB0wzqvZ+3Nxk4u7jqjhpIs/DTS3cPPOq6S42ezc/zDWEjlMDA+tUWJs1Eeg6/ZP9CvQPKrlmD8fYg7lk5fLTVpvbQdvbRvVBH02fLE0a+JZqyFRGfBRUMlbhjJbVe1BUHADjUNOrIdq94iDZFRZcZMR2tlZTODtv0dAQ9RpmMXfkjvTCL1Sq0BiWMEthNBZ0R46aQS6O2eBRmKoLdT2ls5/QgHVRRSyGK7HOImF9Mh47wGfgWLLiOuUlvZwcAyDySz4E70PZUZDiusMYDcmya3kgUIyDCcokyIkUVa1N+vWBmceRgRXayFYal5MuNzmdKoHPExxcCKAkFDjAsvWqbLQEvMiIAv5gIwSgMSUtlq1TOaxf+MbdGQQyNzNu427GYI0MGjzkRZrutWpL6y2bFmMwcJoopTYiwwyzNApbfvESak16OfmT+nLMmRk5j5ZA0cafmUsUR05c1kSJlQXCf7gAwv4qIQdl/3sg/VVyHweNf81cLk5hjMzIKK8l9oTSSRQDLCc9qAU4EgJFSnUa9C6vHrKLmpgphX/GT22XRiZkv8jhw1g5+JJWTqNQrMO55NTflnzmoIoayOEqVGwLAGGmaENI31ELOY3VGZ0yL0wMrV9ltGmk85FBi3bieYPEQDf9YVyqb0Pj+vCMrwJvBq7u792gknwpU2p5bYNpgwZgGFajopIq9nrmrb0ljmVXnfepIzDsUxoPU8pS08b7MmZLWxTmH5UOdBqq2sTJiSm57gcfh4brrSFaDBQFWdLWnz1ka+eRp+skMLGvFKkjuKYIhehbtXl6zV2KVPWxMYG9FugpujcT2MMm3QQ2meqoMU1n+8mmM6t0ZLdRmUpuFwqzNkVoVm7CanWn2fT9OpB41V2weMpZLhN4DhJkG5by+2+tWpaAHGk3dAxCAMIWj3nDosK6Op61suNtdLhm7ty+w7lHejB/e61FTIToBPX7qDjq8xFabR8OEH2fDcgkqQ6DHIv25+SrcPXDU99bocD3wATER1vFBP/nUcLInOMyam14yDvsDGUNXNucAUks7fJPeCwYUD2eHoep+V1NmgQAA5C8VBUCgcWQhCRT08hgCAATMdV8qgsUvrpVWFV2UG/l8zkhviplR3wGbFaBCmSOvMqh2YQw4yXy5mJuTB6qAq3SIIaIexzCvVLBRd5FkKt3SrDIRWDW+JcnEVcCfgswsLFFm7hCYOEmRALBFsR7PcaLFGGVWJPtx0ZVFPVGJQBBI2FKnsq57Q0+dcOtQs0xKi28OPYTGzOtYh+fFS2aZLwHR0qW0SEnBQs0Vrab7Y8yju6hVQHehocwp8OtN0229/1CwJkjmJWSgzU2JcaQ0fkJ0GFKL5OPtcZD1/1GOPVbapxwNFzDniGtQIqn9Qefjt0fIq+eTT74qVRtb9a2gzU5EnRnmo0QI+Wc7K+jHWnLL7yktI9g3ILpjVoJ8nrDHvx50mKXFDri9a0Wd5NMH1OnaTJg6n2kb5ZVC/I/Gg5rfB0qsiOkeNJLVya9L0MVB8x4TPbrO3vVQpQlw/VYGrpeIKwx9zFu/m6r5ZsppmmqOWGON0HkDh5GbbiSnaO3nwRrUfLmr2be5ilh3r5cxPRWCbctaNaGVNgDALwfyoQA3cgj0FsHbVIBYtOLenZDNrJWnswMzARSRUpBKec9uOGG8moBsyGmAZ+9lmKz23zYPbXwxdwcXH+vaW7meopDCCgNzD98Yba+6em1IPI5heKGd+MUuzrsYTjbdA5b31s3kNmq1p1w8KFzh6TA89Cjw9VoRWjplcbNSx/YUikSV0VFFqUWvtcA4gHaF01TmFDeaeaZXfCWlgqPoIAIvP9S6XIVcDTuThd1OfW1AQH2DgiIQYaQILruqjny9NWnGEvFqUnIfbUPQ9knVkOYFK6pPM5xiPTnE9OQWh4aV7cZYNXEXK1z3IaVB6LbNEK++VWOw76jnWm3McCP1Oz0SJ/uYaHh9LlDjh0KpiUiL78pW7GlWEeuvY08sTeeOUnWDPt1LijkdHUltOvqUtSIgpBc4sx8i3l5ogRr7arfkkHfW5hRdLx1auBzMW1Q+KeGmQkfuehNtByZ1F11LAa5REoDe7ZpD5qe3wNILsQzhqL77TGoRTXVpru6CaCSy/02WnjfK+i1XtYxIJNeBX4IKZT+0Qyl4SpCht5jVCDh/VwIHR5WSWGmB5r4gLwPXRDZD6zozaa5/tJNSIsoXrVSroY1dYlnrprhKGgUiCpNbAWFaUYN6slSbapAiUXVYKZKPOnGoAhu+LlLaMI8yNXpbXylJNDkAftNJEuBDVmiB7U7RdIljtWHpPM0LAItOAcZg5+/OfDNzpoYBALNbq+dV/cBjvpfLVGca7104bSSNUMlrdVJDaOLcQaxjVvYdhdKDi4UdQADUddZzR91F5xJ8ko3HrNd3QYHmsMxru/6aLEzzrvhxJYGV0Ne+B8BuptWgNMJmb20zgdwT6CjvgtRJQVvmPxuHYrnm578ZQwHY2EIYeIAsZZXX+Ck82ua7CncRwE9Zc4I0SjWGrRIbzIntj6QpDevRgtcoBwKvFQLmDzoECm3p4Iiz+76LuhPOC5p3Z2oy3KSYMx7fT3SHaJHJOhirwVLjpxmVKeJA1P5UEMuITTnvcKaAbaFKggdVXWoCoRhtf6cKJEjf6cniXhndZ1ca0MjPI9n75Wzf6IXnLT40xvXDKDiV+GXO1yLnIGBr0k3E3GLwDN96VCt2oYdA6h1STQHARArmcwDAxlJ5JewdVGYPvSXtIPFwRrV5q5N8lruur2s5A7kf0Wnktb3tRW7kQg6ddWPeTuKenqe9eMqtYjKpvph+vJf5cuGQAiJJRf1IkT7RiBk/MYOMHUWnmuWiftnenkSlgc/e6HqG1dzRR9pmw7MSPve7HslIggsjOzFTd19npVNexWq6pPZhydFHDoG0XdGCoQyc2V536FEV2ho1ib0gPPa6CDIzm4vU1DMhKyQroQ5E7HygXs2AVuTHwrQ38XN1hTojrcetAZoMs4WAEX1EINJv49RLpntT2Zm7vXYyetMc1W7FFjwZZ92aD/dO0b1Ht6Qn16EYD42t0vKcTc1tnIh2BluFIxELUlIoe75t/RIACSBIVgPpsVtdgj3sUMuJAJWIAms3gnojgrNquD++Sw/2ZOuY9+rWvjb9YeushEDNhQlv/JJppiX/IjFYhVhQVFb1yBjlIum7fnlQnLQNOwROrYPdfd0FOb/6V9lr86aWZoHAFhfLFcGQvYIxLzVS0cuAGgE7P1LHmK72dlLwiMWBmFUIeXaaGZFZkT5P36qI5yO9TbbhjhkQKDZhkXawGi3nPtqh/Cxo7cNJdcNqdacJkOU0vZ9IGRmFvohCYgfrpvtJZm5zj7xrQn6qGAoBY/qyjCa/d1iDGzXYqqUx2EpFQSelVqQTDqakUFkRJH7QsEpuH+3ooG1dTBWjdUKRIKpfg/ViA4nne5D38tYyqASEENhc6+m2X/K0YJvQnCP2/hQA3DuN3MNN/PKtGkmlSvkbRgZb/5CU+zgwaHmukG1FC0Xi7NSRKrCWcMsHBiTPUyhTVVxGx7yb7kp//XrmPiBkN9ro61D7pip0NBA6ldC8emxJ1uiF2tkhQOaKOI0iR41CoQiKnVkoQZNGSMyvNhJViybVtW01w0k2xiGBihzcem97QBscuNVRa+HsYS+WyBmyEJJqpveFIX8XQMZysavGxISj1eBOu0ukBp4JtQiVjvwGVn83f/3B4DmXyyiKU6N0EWv+CfxZivL1UveXB8tzUmYkpJ4jloScASqdwboDtjyB8EQvkboXrWNg8U6KWcRfRZKpX2Fd2ZgQo2yOqN+8lP5oT4n2ShoZJa42DO1/sKS32l4feyslmqQ6ldJFvhk4qBRmJumFVoP0s5n+JeINNFn8SeOa9FJ23nkqevTOXGnT2CenblMj4/zu3FMKahukZn4TTyPN9V3lItm8ECjepjtQzYhHyRIlL9nVcLyIPvoSPKdGasGzsKJtI3jDRDYlBKT3A1cFNulV2IWppdCuKoRCXYKoLVWBoPEqPH400jV7qeJn0VAAEPffqi5XJqhdqkjBk5k4F7K1TLk/mjTOWAkv/w2JnUlfSYmrZrIzcUQiFTyMHppMQ8G4ji+aeOSTCISArQ2GeiCyncpdux3YhHD5rmw1B9bVgpgHquRPhuaJpvSyCH1faYDMdPGpyC/oInUbnGqLXrh6k3dhpSMaNJUZUb6cz0m1rGJRJQStf0wbI+3gD4dMg9VMPdlRDN35bpkUK2mN4gf/H6DcryWJSD5DJy0dIZp72fipLKgmV2Gm+IOGEQTqu6qGD1Vv1UqFcYW6yprI/LbsOBiZ0oFwtTE2/ZSKKtPivJ7BXiAYUyPXKrociPrwkmwvNuH49AAgf2FFY/UoHtkIYhUn1OsBwE4ZWt7/kY6mQpWB+us/svClr+wZgwr+DZXMjUX2kw1qLbuxX2jiVq9t1sknshXUMqRieWUEZiaumFrQOHsn6NRH+sqVfu1AI1AA6tu+oqN/zjp/qejl+5HU7CTKm2WLvW6d1JN36essIqsNMnUWINqk7ytKmhDyEvRMklJ9r4QZkF12V2w78apblqj50laEJLE6DbQ5YGj0mT3cA4dlnP6BiCm5evR43rOvTjIrTDSq+a8zGa2mahX+UcyZXr2hJoYOmoqBALySYsXHJjJEBGBXcd8Tb2eGaCJT3YfZJtlKNfJn+98MYravDQ/FfmExh9JxDvEc96BZdOIB3jMbZ0ZTO1Ueua+/5OSGqnecdljaEzDX/pE9uSDSvPooqtSuoSBqOSl0s7fYg8Ds4buILPlmlOqg0OMtyykeZkMqHdexQqOBWJbaaSBHrnpmyznWjQGgvBvUgXMqrSXLSA6Wn3X4YMIuN4Z3s5Tbm3fol4g3/XXK42TYolGssbIwJaQqfSXOM/XpjAzfNR53Rq1Sx/xpTESTEjF8OyMI9qKxh4xq79DqQIYo08jyhDI9+TEHrUkqMSMtS4rh9fP9pMNggkqU0scwUYG1wDVylABYxBzF9cFRku4SuHUehhFT062hIgKKYKg9sGVMEXXUPKmEXDqFdqhB1UnBASB/pMUkFi2pcT17gDt27B/3UC5INP0gG2zYYyNjrJp1Izfn/R/lwD3OgmaST3+lD6nhknuYljCkka448pvbzWq51XGpkqVGMlnMlWdmrdTZEZb7bXKwjAlWQg2eLVfbrEHPH8q29NBqec50PdlrNrr1Y4oVEQ5bk3vXSWbnKHFCJfa9sZzxZLvlAQpiZZY8GoiNMU1fiY2bqNCMPtY0NKI5eyV9/9PltJTCGlI8JUWMqhCVtZbeU0jcixjLZm2jmSLr7hkxbjBTmSAo64p1nAp2SuTuTMmnXoOdWfFoL77ptLO1W9jZBs2HHmKVFzfD9UoOe/MrFToZhAohHFQ0xZMXABmUq1KgtY76Yod1TfRqevd2Lx1pNrirDl+CldCj+SVV7ZJ4IL23Vq9t2mFs93kMZwoc0tvWuEg3buV4hlLVRU9l+enqkRpf+SqXY05n0i0YK/mCgK0Xaga66Ics5P5aenssUJPr2/c3YhwuzNRG3i0YGyNBvtTbGI2X8cXcpXut4fVPYxk72pPsutju3EOMPxAgF3SaB5ozTQiPmZwNGsfGu2l6TyyX9aUqAmQ5EYmt+4K9hUq0GLM0AQD8YkHRZEcYeVDAzqdji9JYEZhcJ8WKA7q07GCIragO4VgW6mYpuyNSc2EfApiNRH51ShHHTJDn0yodNFdI9SyJcNFj3mdrF44ZsDUyZTb0JNfuG8qk1/JTTJ6y6fZgdrqoKQ+sFKWRmqkwKeFsLV+Bgw3WMQhygpfwyKg7TBqxhAzpdAHVNPCDLWIkXNDiVV74riagazCr+Aeq3y4s1BGUxJNCVC8ecwM541ybvKrejVrWjb1sHXp7oN1iXTvclg7rByRU4O1b2QfTiPROICXATKHaqe7RyHjWS6roz+p4MnuGTtDltIfYOWFKnVRGoOOHMqfKFmhZEqeoHT2yLdAItHTHw9G2At3LBS3AhqjAHmEAGUBNCCo8dOiiw+a2MzUReDuCM9Jeoyf8V3InmuVntmhZy3gKkvW3Uci2ax16xPb6J1v+yt9WUFrDdkbt2KP9GZHq1auHmTZ20AOPkiT3iZHR68SjR10PUBqyG2HYgfya6iyS/TEP/UyWB97MqPeNP8OLR8X8oOOA5PN/jYOqEz18jUeNNXprJeflp9G8H52dDdGaBzp3tzKN5SJ16pA1Y1wIr7TM4NCI7x7haNqRfmssJ8Yw7hcuX3GzZ/uKCfrokJk2l6QluAM6i1fcr6QlCtBDqZH7EBBnbXGJJEoskq/vn0xGQuZf0oB9WGmra7DVZxzAOxJQ/ed7Pdqhp6JeSHT0EwKvyhKvGOcYd64KaUDQXLP9VCh1lAhqVufSkqZ3W/13Uew1OfWBjVlomt+658yYnvePiJZlNLvvamhxx1b3TcDbYJSe8D2kVtpWNauROyA+qCslGuC+3t0uEk65mpwq7II7Ofw4POzZc8wnn+7urA3qwdjfuP2B+n7zfIn6+tp9iKrGB7VBnH8+qSbF+II2d7y7UPBprsqpBKlb8lBVDFO4KZnYe4gi9oT9PWRmm3VY4xVB3amSERs3Ksio/Wsrp8g5p/FJddW6aXL309A4Fu3LeqoJpOKmZI/ZIWaiW6xuZeeddwv15vKQ1K5eBEPJJ+1YXgq5DEKHvREuZ//VZB8UlCOWaoer9DzqoRVSXi6isGou0HXA9BvY6DiFiehuVcXOdPbe6Krn0aNXPnTaViQ/3Q4ONrr0iqYGM1suCzPvx6IKZ6wvEuRVAsFSfybQzGPjJzYEuBArxlTV1QDMq4Y0tsYFqTq8yHkqB1L9MlspmetCmiQS2H7OwMRQSem4mXt6K1YcLufV6iF05lGu+/K/M3KtUUqNWeFOhQr+oxIh3RL8N7uhcTCXkE17gcx0lFBRxEXFgbx0wv/PQYeQj5rDZAWDp0/dsuh2Cl8EZqHPrt60lEKDQXVCSnjK1DCLtc5BucdLgBppBoBqvbat5sRPQ5uIhnQbUkIiBke1d6KVm8eYAxojh4wMe0ljkkgosQxCrvEX6kTGUP/DlGIjB+eVEZ7HDMRMTXpU10ib5pU9qpzFTEwZSDEX1bwwqQqcssbC3RCCMIQvyhq/dAXCYJUYSTPSmLQyKbzUQO5Wqw3w7FmHEtgm8Pq/GU0A2nlWwAvfyDEcK/FTQwsPFZlqrCqc7BlDrU7e2xI/pqvLbX2w9cUyQXWjupfuq3AgnhGZjjr98G5dpKgfDFAduszRZbroFSqoRcIKFWRHoI2zspBUbL4xcBqpyns2UnEVcmurzswp35IRebHaUj1FWSC0J52ItEw1G3Bv+XAlGq8opKmUQb8GhfgdhyjRuCDGDtDFtfMmSxAUf1H+yoit2DXHPLqxxbZwshWyNnikaCG1Apv1V0Ip3VIDL3PdJ7J86kJhmOxU0NR7jpWFrsRd9r8JIesna5dcxi8r+GzKpHMzrl4IhunfosFGGTyRwNMmC+JaW2bsYDYlLRvhDicWntA5USuNBFa5pgIN4KeEo9VGFx4VzU/tO1F1CTI6t8C5aEWJ8ETeY0QdDcFWAazsYVPtHSYHVgGNwsuIh/S0QNzYHXk1R1NO9k80lR0atWil+RXtbSuNHQL5vWf+bs32zj7nDnm1NVKilMPFlOMZeUNEojIEctSCTFG7NKilNCls2lJlGkB6Wh70iOp3myK+asxl62VuDg3twhsyrFAFxsYNG9Wr6gRh16sRR/YkH9Xe0dmgClEVeyu37VGuITlzl/4UQw0ALnuoSx+mdY2pujOnrH24LYgk/3hr7PTSibbKUtRldouktNUFEKYpoIQMLbLNmOZ1TdRUNQNdgxOH3cqZeTOd+WmMLTv6/oBOjAtb+nKjZUzvpZJgsghvwXWGR8YY+DbzBtaRpiSxF4L4SRP8lXHuqUlKwvpQc/BejHl5r0Qrf5iZlO4d38AFPzqoI5Nh1yAZsQa58+7YeXnWPttJx2zg6fdRdZ03WKZpZdSyrUpvBc6cXVUjHRJy1M5Xd9PFJVJtSpRij3bAoGoBtZmq8ZlBuxlj1EikKbeLSB7PFtrWxRwWsDWGdtegxD6Fh4JTJ/h2Fxq2cXby2QQAP21obUIr2FZYGhOjw5um2WiKXGty21+h7MWZYqqK/WqS6T2jc42WTGOxH1k75LJ2ypqoErHoLztwKlBv5JaTbKnk1cT8AIU8fyN2wAlu/pvNQoumWffi1z/nPbfDnvhJAEjxeif+rmf9oLyiBWS+9ta4BSaB1BcBAEMoaOtwSS5WVl+lBBU+fZPhwg3tAA5JzMCJNaJDW7drtJ/1BGg1pDY80JOKfZgfLkuPcJSykR+r26N10RWKmoeXK879EhoiV07/S2W9ZBSJh+4xC4koxVbnILgZeZSfUNGv60Eac/23f1Au881VGcSoO+z1Ty9j4k4qQW1woaU7TXxIP9tQ6WDTFs9xgFWpjg59oqv+VfXaLI3SFAtNWlLKGbbVTKcB3KMlLhU+mQigggrbldl5b0TEVRfKzZqhNc9tlkcdPkEtDH1CPKom+izX3GymP1TNnTbHoF/95SjTiZC9r+oMBD3ZITdOq83hR+UHdMClA7oSTGrUMxb7rLE2Qu04zgcoBbYvyndGaHmkAtwoTb7U0Hkrb0XZGUilQcblERDyV4nINIMUUUmkla/oGlM+4RkBr0rmtRyVrdascD4/6E8fGbToPftJMTV1DS4d0S73lfJfT0+ZubZO2UdAv8kCCrPKlfd2cMHVUGSLnmYgq7C6udgNUv46j9AZub6m5MBdLXpEVL6ExXZYiYo6jOb5Et3coTOrbvXWXSMia1xsHMzyoH7Oj94T+Abfin3VX+tJbzO3ZqIRzNm4BfMSAjqEGS2sJGHuqJWlo3+lbKR8A6gZPGTiXEtNQsOh7yt8FAhNz1hxoFjt/jPSBVFKYp3WZqm+KS7f4i1RbgWwfwg5CwvEecEGxpoRKFvysPO1VmWeetU46DNRq5xUnhwmM6W4Rs5Wj5Vuasr3CXET25oic7Gp2xZzPOCn6Z0GQinDWru2jzkaZnFglXLqKdaCb8xoaxQrv2agJq8cYr1yQzMOQgvc5G8WgSYObZ5XcUk9rhZUkUbJM7WcUL060arX+LSH43o1OuYvxxSbjsDvBjE2mhEStH3dh0T2KzUn/tN0NtzBpIIiD+ongWW3SzKTPrq8wgxkxLog37ek7fpU8zfZX1YqtCQ0na4JMoScfak+1wWYw/K9LA3Gd2E0yazrOfmtB7ZBfF6wS3k+IQ8NuUwvJRJFDNjhWN4EDo+CUiBR0l7uupRQbmsjI5jY0djIlDWHwkDIEV966oCMYRCKXFLmZ7HQjmUwuecYAuCNkopP9uRlJuJnAmyTthiTqGKhW8MBA0x9FN4tr+dTyjR5eSbuUhaBxQp6vqiUDN0nWrsU8VqQkQf1MrbSpXrbCuX438g9lb15nkaPqGNm4d7sZ6u5uaUIgIqyYaMLi0ONmMnVivxTocn6YjPunPecO4jak1eNkuIr11fb9hbgyo8nUMo7uDZ1UQ+qaSKC9AFJIv3EHhsuNdAhRwkkrH+E3vQ1+G9Y6IkiJcY9tLK0dJyINHEmYn6uRWKUXvjJBitYPFCTh005KX5S4SEsncl8lBcxC3RoLaH42loaU2FR80FcgGupkZ4hvZ022z8mMOA97eYqA3Uv7vKhLxEABFXj0DYOgB9caYZDdSyK5ZE9N5w1KiYocsCV6rCjR2sQDVsaIuOjIGw7vZlkWFFULgYTBjQ9yTz0Ej4qzPomsuto92V9hoD+FXc0b9Ds3d64BoJdBc3NZiBYCd8bp3YRYPF1TMxYVYP67vyz4W9sBOk61ozKzml2rg882uzNJwd0txgeVAPTzarmdZJTelVNHcBOHST9kXiJ9I0+YvquZZFOk9D00n0qK9lJzxBV3OTIah1J8nm4IktKGFRIbGmpBWZ+vpqYiG9RfGgVaDwWCqgS3X2ZXH1R/OIMjg0iCnNqcBrpYlFtDK//8zYsy1YHlYababaUEFIEi6M/31BFAz4uqGTy0Q41kz0LBon9VR4LAIDE8T/teR2TgCrpkZmL6pXu0XTCYtb5272HHvoFD90XxwsyZVIAqCtrCA0VgCLoqLYMN2bfvbST2FYZe1WBLqhyL5fyzMXlGlI95epm7WT9w6CCCEnC3qDUVyM6mJFtqMsi9gG/mY2alCdMO5l2MoFzejubJO89nC8/XD6dS+0dZL5dxBc9mLrJ7NAtJ6STxtrRu6KhB1idNIasolBV78iTB4DQINccVNp25bkZue3H0DZq4oGYjZ8WX01+V8g09EeRt145owOcsazPEV0WipW47lEEXfJkx9BpqhQTjaaj+t2OOx5RlItFVuGZhNklhJ4/bGDZTOp6CLQgpVvybyYZCZt+CDv6pZWTHa4brIeUGWjRcCOpnl295QVacpaZSAS8MlOAqBoGdiDoFYZmWu/JVqugNWIo7xCqY1wpIXAhDVUv+UvUWMQoy0p9Vjj5aETDqDZk6+Fa0OamnJu6sEufCfmupRvUE1WX/lx5hrUlO0ydVMwe2JXGH+mo0+OGHeRHfJNZfi9q3AQuywS2Aar9twqmHpT7MfP1LJTFBTkBmU5lqnTQUsShyJcrNCrMkcHXfkGrqtqcnOq7miIlQFBHIZ3sXWoKKd0lxQGo6+Jlqa8VC4l28GvddaE8zbPJCSxwCVERsX5UEK2cyEV5m0TBxoGtcm9uleuXvmDHyHBEYQofZQOhRq+ncC2jU2rYuWhVYJRNUMjrW0aOIZW4eKm9oGLVvsypDM5SKUKJ8ldQ4hCq+OS0gJDHKVItuLOaJMufh5H5bdVp5PsG1rupGUK5n7EyWYBe4TDu3/JYgKDArw3dHuvHCWhBQ1NSLRIKSs1sSkXqqK9rXZIxSc9AgzTS/UW/lFUrQZWrBWgzCKWR0NpQzGJQCSodMYeLGd2RqkVYwS+IGXnJxJm1bak3+RK/o8j4Te4JhtckILJAF5kWieu4HkbIIN9qgM4sI0e35pnR1uOgbS8goZQbVLlOmUdS2x8EJiloDvj86ABcJNXuT9mZZplVA5z348V6oXmCSQdmFUKK+FzATRaI5G9mQLZMKvbU/O/gYzypNZ866zYIa2OMvAkjV0llrnMzHQnkEGNWferLfYainm3NefGROVxX9xLOvPHERwt1YG/Gqz48w+NVJxmLSsyQGZL2TyTFhVJMZ7L0vw1WiBxr+M4biv/F2k25fFsZT5kv47cqCLUqOeYAv6qmvZ5RggHrdCp7kK2W47wdGurDMNTIkK7mI+JCqaEzdnUM2TrqhK0VZoHz79XRi4nnG1S47Me4y+oOxB6QOTun8KlCBwa7N2dzszsz2QoftBdhps9haNTNRLR6bhMQve7WwqSyaLLXSs5FvoxgAFbjen85376Nu7UR/cPdM5NV+UY2/Jpzs9LnvK9KUfzYRjqQyBopN4wLZWTdRwNGedU1wKzsGHxrYVCuHaupB8SyH6nIRkkpXKhb2zHKzhWQwdeokj5De8KY8MR5YqqHdV2wf5jiSPMUtjSjYcm0ePTiBbOHN8TMBlizZkkFO3rG9XAeUhuYRLYqK1MUtTWxliPWleYge+tB3VhTGMX/pHGwP5lV3bc3dm3KM/rlFdW6CgLgc7AMxSwJynsym4RwmGYZ6PQBq+vdwxiSTgvkGHo+eNZ93Is6FabUoc4iYmZzHr2m4bLvgXNwdC2h3FJBuRVTVC1lc3ZuuRe9CtvDgqgeCQccXUVQWVxuV7VsRpAlop0ZFMoCNAGgSrTEpFTG28Dv45/s7xzjDp8HXYMr872POotkJTymncbKqGUNvzlNjXrWwTEMmZEcnuh6EEFFQ2a1evWmdT9Qd3Ho+E3l4FgiRkSSKzO+caPNCJ+qnYYu9arROkAwuC4KnLMXY0LNAvTMCBq3WjIPzBT6mNr3JM9i0rzCeNCBmLj9OEWmrUrWVYVGn96hGiwSag3qWrKqh9c/Mhb6Nct1mVHXb1pVE6zuzpHQr+d1o+F02rFf7WqcvZupSEcIqB1GSyuw/xBm0+h3D1UlcqGTRtEZ2dqIexwAQL3srleu0/zsVDuUXCrz0NYZC6RE1+1JR76ZKeqWIdDvkndMIN/8ILNwSNXDw1STIlVk3SqHrAVNHbqhRlVOIoDKxk1CazbbaHekQkgBKzEtVHGwHLIVETVRjCpBm3cz8iygit6lS2z/rWfF8jyidNJ6bc09F99rRIgHUwhIUkkA/CxiBUG78PIKe2NVnD2xRaI2Z1Q4hooQXap51NBTIZk1Vy9kNcwj2Ef0/SuLuY1G1CFWVgBqQeA3F9Qc8ElhTrxFHHMxwkiJ9wXqtV6CFdQi3Hv3rZIYfR+zASzSJkbDZI8+h0GIObrKfGhazj3RByOjHl41Gu0fj3QbPi1kt+DpFMj1MkpCPghTxZcGM40NwEwAz4ThA+n9IDyuXhJn1QAAiBTL5rdZ21xVzRohRCejV1SXOKDYOdKPHKaIrY+K81l+9ouoMySl5wBmag90Ru44MF7SPO0lqzKnzsBb8ROGqXcOz6A1i3MPh3yiLY8YaOXHC+tawYPz2g0ttI81o3IuppWYRG0Mjfmwc8jORUlQIa8l1nMGol9iM9+NL7ZdiOG/ysZC9TIdVXdJr+F0SHlT2T7mhVCcnSPDvYzLQGulCfVwbhS5rduC+MTCGzTmUb8tkm0voSuZ1XT5WUM1EfaayLcAAQAASURBVCVddFRopyyVGhsbyGCa8ejGK4bXBtKzi/+VtDe8PEuJeWlfU2QNXXrolq9hrNvFhdCLnQr9s2Ub+0REB1dEFyc+QuJe3U3lkF4zZzF7xRIsatEGRY4cmySYYgD6Pdx1hQ/6ilwrJ1i0HUUFNyxdlfx6gW5mX44o5BCqjeE+E9OCXFkcR0ltWWoj1cPIXS+e3k/9Hq++/36rgZ39TFYHJX2K2JxqTurmDy1+HVwbnWySgBaOjgvTbwvQqHYZ5fBQSQco6EvaBJCfPSgASTsKSlGOGdxfqYerEGZSXFt7hVmEue2cvvZvHMwZVl51pZm6GODul3HrGfumoZYAxUTburNXzQoR8j+teCskOmaQfK+Cs4cyd6A9nOrY8QUiYWuBUZGUfBNC2mKNIma18GuMm/i1CGk5xc4Tn5Cf4WzBmd90ChJpFffUagNEXlHyEl8lANYBWSvh6w6HTB5Daw0ye1Drpxu/YahytNeJ4D0KKqgrTToK5YXcH9obOxvLfQ72o1Wr3jIIovOxvZbNmH6vqxTByl3kT0502NGo2lY3sjqk8t6NlhDE4SpSewBNpbIDUpp2DLhLPmuMKkXV889otNVRd9sHWdNCRQ9mFUqneWJV8n/IJnNu7rsOF+vBUZ0gyLOo82A5SKhtnqx8QktmGmKjrta9Gl1QRRx2bP0IlfU4zKwqNKkx4WZVQG5n0BPBDYQLctFFX45XDkhlclD9A615MbEZNZH0KeIem8UPl9bOt3RcNCwv5S/GGPit6Zb2PYcKIkY8huTKtQA1jaMGUl9swtEQPcJE/t3ind5+06C0NSa4OaY3f84l5NAJvGimK+n7n66vETUFPDkdoJivmuq4mVGoHOreLSjQ9uxmLgiquaGyGtPsoi8KaTUmDoImBLGymdhLP9rCoZTYTE1zWb7b141fkNT41l7NuMJ2lGB7UWcfcjsGY/Bc9TAvvDV0NbjrovnD3vPetLC6mF06IxNTvCeWLgCQN0piznPQP8eldMd9EY/6slSTzIhoQcgJN+nFMNCKWum+mMhHKWRkB2O0oyFvxAxoW0UjcCjy7ykqQzQidEOL9QoOkfSv8o29JxI71hu8XNU0dI6ilS2VdHkQIugX/LcEHCR0llUW+Xxi/qdZr8sBjYmaAHJSXV587YjVmmip4ivqns1cKtSBjLakrgEQykoygEm19we9wN0VtoxMJRBFd5xc6Xm0IcNevQCkwn50JzW2UCGFnUxbj26XwoRTFS6cZPXkjZdzS4dDSk5UnRjkKgznQDmTdYj+VP4HO1+/K7llz260XwOePhWobG8VahuE2c9WCGi7HnRXeRUC2FjIkV/bc4ctQdk/QIIqI6Tpb6DeJsjyqiifn5kGMiUqTj8NCbq9j8wdRfqN4mW88m+6a/YIOPTq2EmMgqsZGgnRO4PanNKAi91sSVczNNwfnbamWABImO3MZkHOCyeae/3pLzaTd2/19deHB35J3NIDRKA3JHp8FVoKUCOS2XfkoZLFa+DO4ZnyhT4h7GVqUOo1SsCNSedHPBDS+4fK1/+KvJAk8XPkFTyNyS5G3JENZjK0ANUmyXkCabDXWLcdj/lwi6BDyhY1Nn1npovXqTIroZEUdUSkzIeK82rvRWVHXDPjddgkSgpRMnoVCqM0lg+o1KRZdmTdsgZP62LHzKC+hTwo6JOaBJ5LYPmDlsCUfvpHBd9YAQJANR2iQdwFazieoDkF1hNtUOp2KE8UcFxs365zcPZSFfCCpoJnShabir7oSaytW4mtKyJE2sWUUH7kUoVVCq0qGq1SqyJs4gfbUXIejwUbNeeJJHTw8WLxOlA7OKUsLa7rSIrK/22hrXLJWqKKULelqHarrkLhfOrMphprmYRA2V9kh+ChtbxR9jAtmyaSmuUpu2tETwJ3YyOAeWdt7TJ6os539Y5RysEcmTZywjMO/DejJ8ULxQ2DMGpnmL9oQ2DFoxbIUsyGHG1lPrhQwZyS7t5KgdoxoyXQybZSvdYc6IOwExZmrQGlqcpra2jK2aFpQw5gtrKVs3e5sYZAjGMBXdjaokuESjWwyRgbMSayV/FM8o6Vw0GUzyJ0OmaBpGIwi8VQU6ymiUFZm5ENqQrv1KbfZvTi6BUTZU5m3cicXBXaa7dGRXl1SRHZ0lSDZk7ZKg5ypKXrhuK1dVxTtF60mwqEbCYK5dRklKbal8sLbHXFxkLkr5Xd+DKyWDPSw6t7wIm00yA3oPY3bie5dw1QhNvYUlsjqLQQQN4xV8Ihdr5InEqVsZiIPfEo1++EieTZiuqJPJE3TZRju6v8WVKkIFtjoiTU25oSFYu2Z+mz/k5HR2KUZArkleoo/FKEmiS7oOhcbT7RcycxTGqvk70OkWrgEgN348MehEr4jIIopW7aBGslkWqD2cFCm2gR9UWvRyc49yDZOlSv65h9cM6Xz6vPBM2LvusrEN2gNjoQQ+D6q0sir6Zfmws+zZ81hc7Vq5CHU1AwSoic/BvMVZyf/SvLi6P0kBLIIUfBs0UXuTb61t5cWg6TO+2H4CaGjFlpQC6+ROuVBbIPwbYkm+IIX2lnHeaJAjdXDZjzWHlhQB9k65aHFsYqjDiP0ErB7t9iEtDea1Vn9h7iEMyCZ4pNmkGcnRfNXEUTFouqVMxPQImRc8gMJZAVLJwvzDdAoTdPnSBdX1fmp2mHW9KSfKSyB3IHRZnmLbikzZ0m7WEpzZA8uQo6R6T2PDgIHeHvY3qofwWZOQnIHQdcfMQxGF+rFw+rZKC8FljUrwzPolPuNGh1pi436lGmHWtC0JijOr3j0kwTmo521FX3K1HRtqnAel6KfUyF4DIzTbZU1f6aDJXAtiRyCn+Q3cKaD82ksb7oQgsfOFnO1eEEKFa5VFwSSFJ9S8Zra2SgpeNwX7nvIKIQAi/paRnzRytgK0AakDMcY2eKounpEIdoo1dDry8dOSZ0g6iemahVrSE2WD0DUqcr6qKY5pbPAHBRgakKWeuck64G2t5ra3uOyPiAZIuloy4Qtg5yxk0PofacQrXYJs4DlfxnOBVnTMe9yU/RVs/KqqV2KyrQrMmbOazHb42oAm8Vw2vnb8wFItOhOWiGPCgYsLh5zGbzJhu3tD10mfS2+VYvCPRMRI2d5+9smYM7tExHkqD2MnTOP5tybIqIzeVHFQRLOmQaAxN0YGhVKnMO/ns7mp5YE2Wsoug8UVQpTVATQVE9Gg/6FNxMSm1MVRBJ35NRW0hWCWe5WCA5IW7ZVrZ7bVvkx+qYyEJUdSX/LihUL0BqapSuS7nrbmj71RyNNEApIUcAiFFWCcB5ROvpqa/8oHjekzx33UUYvcNoTQhQ4rxHCD5ijNBUisQElYonHvi0RxXYergJBPlVfiYpzgtisphbxeFY1icTpU1/I73nGSDfcNI0u/o9NiVfUzE/NUq9ASp/o7QYFRsL5EaMa+HrqVcRM+OIulsn2yxXtQ0Q3+pSFOCoBdTabM8nVd9Z80G/LDkkoGoyKuvN19BaSkVxJ7K0WKklMW81i0YX58QcSOsqmEZRYVPlFzVtclf42NtOVjpKSFMy7nbBVMkL6oukUmNS9DKBSt4DIPDbQWQNcDb2ohjdLBsLrJeZtZtofZjETZcrXZPs7PBxEeklIz+smV8j27JaKtWNMt3ie2q7nO0olTKf/OssWwlGjZFzRbp2WAK5oGNQkEUxUH4KeMq7oaQKER1v9pYLsbhys2GquX0lAadcIzTIBNHqhC/Vtg2SxZMECFi7NWKVAdTLOEoBAZNZcAWAFC5XQQZybJxVh3gtsJKQgs9MYqlhY4D+2039dbMtt+wjM0To7UUkr0TzbLHVLW3G805DkzBDjnyoKL6ioq44276ocgw9BTkcRLX5EnholafljuxcgekyVke9MbcdKmVOUSgPOJjIShwFG2HVL/+/CFqa7p5l5mBQ2yV+53zFH87ty5BYwfISLoJfNF5bQsyfhi723FtPERhUe/38oSWHND+Umayj/QpV9ctohF4pMYOydpXp4RzWwJYe/LYqMpcVrrqLkUzLcQQEu9X+kQ+DtpvHFi9U9GAiCdXM2PGeFa6OZiOqu3No4i8KehJilPC6AXsmoNVLl8gW3Eii699Jh9pkY97x03dO2Vxr2rq4uqPRsDGKFjJS/PQodSeODPna4/qGFqFG3tUeIEc/1j3XqlJPbTP57NeDuwfmIJElud96P5wOG5vqk4dT3aX1/uGwlGyzehKQxDiJIi79iYMsxKmwo4WznnElQz2ENMIt/ouCuYvO6LRhg2edeirMdUlWGE37hknxF1ws0cZCgUrTPFP4bINoNSer8g0bCCnLsjMgfq0zlkhSv4kyC71AoWWOWuhZFlZt6kypRDWPyMOOdvlB+Xy2Sud8izVyIkTgE3MLiZwUeO5w1ieXlW9pjd1cxOuJZbV0pu6I1jhdLqd77LM86knZDdM8Ms3xJS9tKG9v6NlYor7otkHKRcPERg6TA9OD4pXeeNWhPWwemcqqlBqaoJrrCs7c4VWuul27MXGgdjpKQKDHJQBS+UYe0p5IXNpeSElzXcxW23Q1++rMqnGoDFDbRjd6STeI/V2tChVRUjxqgkwNGpsY2ziq+ORRvQWP6YynOIjCoipasBmi6lnuOlwNAFfNduEfFpaj7o8a2xRJCVyZiL1HZU8h85t6Vxqxi0pesLLeyrbPeUZDW7lshmnWoboHai9QxK+JP6ofNSDGpuO9WkM3oLjwH9yKUT0qgrx/KGMpCYxCnaHv4wg/V0rU2PVXLFT1PZ8WdW6TjI3/CgEHHXVoJwFLii6dezYVPW901Txai+NWLJE1ufGadXbyzRha4w0NkrXdRdO4XVPJAyKAeql+jqpd5g9gpAQxtWGfygUwqmyYB2Jxo6xXfYHG5LdRJyZArR1glkxhMpom2XCBv8jYoZlEBZDa+cYMmeqS7gjgFmdyL2zNaYVn4yJ5+A00Zqr43lU6zK3Wu3bYen6Ga6jmKXFTSfH1JgCpqHIRCOUZNQLPPgVNFM3paVEfrbGsjLUJ8nG8JclHAFz8ZSyKSDSz645ENMtK4lClxKVj3GJvtTa1bcSMBZSgjJW92YrU0HKpBzatAqV1JuQyaRL13NMueKlT+44cRWO+Qi2qfQnbxHOqb2pZ6Gk52MaCWK5SSVokHLNf2zVwuGWR8TyZZQ21jG+MtcKFkS64VQpbcFQ/tOyJ5yK70MImEYgNuAVnpLopzO1yGykm1s7O7IS36ZSIk+e/NTZiBrDwRHoBdNc+2LnYXnbohh/ho2mQ0VYZnPntUK3wbdkCy2fM6JU/vYhILHd5QJQHIVBsU3x3GtDYj12Qmf+4mJusanehDdIgRu+kkDchF2eYsVZthMhspVvOd9bx+SZk2jjbbwyRfrq1QTW44BAaD1vUC4NKJ/X2EyU8PK56RIIy8JLq2POK3LTPg7PHDn+I/HqzblMkSi+TaL+FepGNdNVDAqpkop2Zypzhf7AOXcDcBNCPNNiSto7lZvyddSKmbeKkVlWlwxolbSiK4jlha8QSpCEmVLD4JN217O5MrESLQFZz46QKxxskC2/11FQRXe8o8mbUk++yDzlgBYtFqdizbtOyEYCAgIInqPjR/ji6RymWKA/EjbWxrkGh3FIPS+hiA9TTDyqVzcNpB2eHqEerQsx8gnrDebney7W8a9cRTOKhSLxTx30yoYbWPibTAKX+UhbYHFSrDchP/QLw2zjKIOkuAeeU7M6UIZKmvR9l3DlX5ryvZl0lrZl16Dicp730zkKcrUZJ97qJmf0HdFZsZapNyN66ie5PQDUc19dHwx7nWXNbKcJ8G7IXFZ7mhnTJHckwSNpjJX9NrBQEbklmVB3naUvU4J0bg6MMAKvUSu+gvC4Is4RkOakFgYMAYqXILRtY6JA39RZFbxmr3iS2DO/+Oa+Q2WOw24fRRmx4Km26bcfa4qD7Ddmkq2F4OnVk36zyqEU2c5CWTKss2boSJlYXS1yFZcypyhEwaboQ4EZPw1Zry5S3ZQonsCi/FmInzw0jLD8z62UGrFtsHP7r51rCqd2xJS6ZKy48U4i1ejk5ybm0UIS2r4STgjCP4xjbED53QbtxG1LaVoa3Wor8RSj2ruZYt/5TZ5VcoyAyFBW61JdvRXt7XsHKDKl146I7SR9qm2YPtoQp1ir+br+LUQhkNJwRb9qKHhrGxiFjLtGripic6JZRiqAWIVfDorvkcKnj1f2Ym/kwc2dDyGJY2HsS6VfWebXKwQq0xLJ4MXWhxJLGp7bRzn7K+MHc2SkCubGbQbKOllpsrGIJZf1UtwyTyj0mhdWHoxU9lvO5yFKoJU/aG4FsmoVawS0Ef7ej/oxLUigoPK5yfmRMDDfrI5uGjn22cY6RlhIAmweIxJ6Tkr1CjouT3biFGheKq7pJA8tCiitFaTKF1kWJ/10O1to36g72s4TZ9zdm0IXspgKkqkTG1LZ8bS+p0DPvO5YyEmJz5qUCJPTwR+DA3nHIS3soUmEUgVSHpD+aD6RIbhaoRB98HAagQlrt48ugPJkaVeRT7Yw7Nsv8TJ15DESZLFvJ23eQMwQVxYj+MSIhDlszYbB11axuS2Ra1PebqyHf08ExgdSB8t9KoXO8YAUE6nONtovHOpGoMxGVInj34IE0wSb+zztqI9W5lKOjFl7cBLnOcYSxn3mq7YT0Z0SYS/zYtjMyNYGCddEEDpjt21ZVF0R+3Y4l3dhqGzb4mbXJUsZbOJCjgYrQfZpFnOdoI9Bq18lbSvqnyWbZdPJW5xh7a9LOmWWHohOyiiClFu2hC7DGoSC3FYEZZcgVA1eWNjvevwSXUHE1m3ewFtagpuxwk5pO7KMj8qJx2qDnjQj28Z7Ols5WkctLQjv5bF1USDZNh5HMTtxv5sN+JgLlPacuC9IT6ZAsjLKzjJ2VPufKG3eVmaiJlRhG4eeiFGgsQfXGkpvFa/PIRLXctvb4KPjsp/OVlkA0wxu+5T9UV7LE/NO199m45Utq5DRcS2w2v53suyG3JmCFMuligHtKRapF4y7K64JQ4BRD1NJe92WkjiqXoVGpU7+u5NFTwTYAuHUpVJJCZaA2Emnk5td0MnPNVPJ7oUWaAazioIFg7dmcZyqhHQtLYbGrqRVc2IFLKtvy9dJR3L30B4N9Aapffyo6OGM0SghpxilYNeNdtMFfDRz0ax1I4aTgWJdWjH/+6b6yMXvMp9bAxtMMJ+c+90cA828TPjqtjXHy6l2yr5LpNsvVPHjx48TYaI9FUstx2HhZdnDVe9K00QertywN2RsbQmTCCLx99BSJaSi3WAVE3LSViTGimgVRB7CzQWoINyLqZqVgAxwK1xpIFgf1qTsAkVVjPqjMjt9haGWrIOaDa4VlDnYacu1msrZuHI4Q1NF8O3Ni4orqlSHSH8FUTUPBWC/dCVd1DVXYogY01LPcil3U/DZkkn4/TeGcf4uGO/dhfZMNNYsaGuPVnKi8riH9Fr7wcO3elW4rsZ49ime1klD8ZfqV1QsBgKJxUjMWpjWeihAEw35PLdgug5rfYdLEaiYKL8aQJc2GJqTQVa1Vg3qFsElQQR88kJk+veVHtkhKO/LclReso/uchlgs9O8M9lZFFMEE6i2w6GfHWc5UWaipbTn7yk5Zi6wKhwiQa1L12491CuHjdUVLaS14qrGiN90d1IGZXiU8lYbbsK9UCpVJqWyyb697WMJ7nrlpiJrVGSf2Ikv2FsrAnhW1MWXjLtaiNpJGPmt7PXO0nNohR2UfBBCHJNqoku3idT9fM3Fcaevx04ppFaBV49AxX8fSapa7d91peVai0xqtBDDWvmG5IlFWQ5VbUV/TRKNQJXossYEOV6zeC8JFSot/B2iNkkqEbpndSCPy+9lauqYoI9ErBQd0Fx0qZwfHY8jivAtRXMJInLWUUMfRVIu6LJNkkrWE7HWtCoatE1nwhQsCTbiXJ0iEjKw6udhYw/GMM6M3FdoJQ8FP2XCeTGt4bSyk7Szf70YI2nkIsXWtCtQH4ArAwoJMchGkMoBB1U+4Tm0qkatbNg89v9QgsKrxtXRAhxlJg0LDpyrXecjRdKu2OJMRqtFpli7yraQJh+GgnM6eaIxzmmIiW9A6MMgplvALBVdCxRG+6FPfCnO0N/t86eIMHXZ1SuEMpwLVa9+F0wOP+5u0elV6ewgMmxUeNGArhq1oxG5jP6czI/IrK60DMydiFA9JvTqjHN60jWsPAMcKnXRI2+HaESjFyI2tWIiCaDheP5RT15A0zq08eV4ICixsXXyvxyNBcOuBB6aRAGxl6rHI/cohS/Puo2EIAE3qVOW1pUEG1CPblsOOyovaX5r8Jie0/a7e5pobkPC8hcB8loOAyePk6t3c4XOSHDo0oSqsTcEUXJdaeec5Bp2Icw+ZnUPt0CvBh0BD31jO2ozSFrlOhhEUpY1IswuuYwR854NKYx54l2uVPJVkCXqiVpoe6hvr+/NUcAKDYGfKDdjX5MYdBMRW/rwH7zx6YzBGSHPLJroNHASgciTFIFBN1WGlQAvIjnigwvhmzW40c5dVzCXAWOHAPFPuDzUTWyObMPEQI/Ceg5jSuWhxmYKqrAkI5stqzaMdunBWnf8WjaBmVlKx8REDtSoz3xs1Vwm1SGrfD7kxG3DM1NS3bI2yLi2Jn59B3LTsHjK90zSZRb8ctXjj3S5WYVfWXM5tbmVXobAs9R61WCoRrRtThbkE5XFbAQ56yaUheMr0mAd3axqYxtkDUb3HHIpmE4CT45nygHFVKv3V00B6560sFOx7PNiv9mjumTlS7z6pPw42K3JzkYqqmEgXl95r0XJi1liNbNJo1sOZ4mZLUEKusdV+SJpSE11D4J6KEUCux3JI11jPkXHVZkpet7bLqq724fyNlS61xOG7FnVzUuostRREWYmtSAt9XpZAiVkiI0D+5ExjH4KVSbDCEyFCsQ2GD2VFRPkqtHAa2s1KjVoWlHjrBW2ohNNysTH19WqVW3eqs/TukrjjU1/NZYdDIs1cJwXKNUDwNcsOZLNuzMu8BlWRXLXhQsZiM97YDmC6a1oOPjiva2hHBthaP+QFw8pPNrRFmYKOv9CdmgCYj4aZzgQ5wRNd0zpV2kiipZcBlTpoz9zQr3oOyEyWtG/u7IDWJFY88U5E70KqdLmAbEQMdtyaIWpUFVFYPEsv683UIkObdje6Gqrwq1V0awihvksGWQl5lYfPEpPVDRACBPYKOtBoHOj+TaM4n96xuk7CTTNWGr2OXfPEup4y0Xpt95DDWU5zXYkND2UTXCsJWbr9Rztz1ySrrVjVjdyQ6r3I13FgGUYta9VABZVOKNN+rVQtaQyco3qrf3K//F9VcLJ1tdGa6tdADRW3K3wyPQQmaGfG591xNdVYMaqgVakhL7Jx4FLZBKhWOJlNbG8b2/csSjbpbXC+Chv0hoJeEF5Y1BQzPUutMoC2+TOLsfUh1NWIFZyhrNnVktlUG4Suqgh/QgM5pdZzBBxuSnwglZnoXYTrIi9Pq/BWHtd8uYhP2pghSKii8MeGnAGYmeyRVQ+lVbNhdJQjn2Fef+2Vb2hq9xnDGXNZtPrRQj6Lg7bnHV4dDp4rr4+CSB2F0AE+wlGdOVE5p37/PWvUCj/u4D29aZX+30w1uxgcNH6rETZudVRcK1TrSzKGqL4A5CmpC0qNnZnaALlXJzhUxb2qolWBQ9Q20noUYEnwcayftUOOZqoz3/6R/ITCr4l0bY5QR9XFz2Te7k/26l2U5qfXu1lrU4IuT+aBIV1ZSbN8sxNZMSFZXSKwr6P0JRsNC6uLFW/1gMCdvF6R/KXs31Um3zzMXKm58+XKokdUq0N64WNBk/xMlRCP9O9/zKOzYbLfPLfZ79SEnDo/ZCBGp6zb7Zmp5pCe+c3hOiai+IfKz/SGNMBnFAnmRegAGJDRbr/Nu4DiV15X0Bt+KsWnXYP5aF5dMKyGaaNqw4Yq4+gioFOtQ1CqjE0bsIQTtC+6IurHK65vPQsOUjdurM7ViDRz0hjsgEkRM9hqkBhSlaC17ZwJInV8ZkZppYsGIFH5JQFDqaATF0fKhzqrwRVYRACzH3VmjlXgV64k7SNjIkgR6PLzKq1pVTTU7LaDiqYT03cf+ejqZTv5VPTmk0VGkQ1HXQRqRpamoF7h3igcIr+6hkM04/g4LEW5VcvT/OKDqmGUucLWzPFc83A8dWW1Kt9PrKCqZqfXRgom/EDaIYas9mdc+pX4SVVVtVhqPvTH8akOV/jULKt3yhczmp/QMTvlUAFkI28mlwXNLelkTvD4enHVCWar1IRA6eOTlLvbgKMXB2AVvIigytfnarXIYBUh5qcxwy4XMstZju1FCzS33NRzyO4VCooskXq7SWqjZ03Rbn6a25WcpYu61q3GYonDMhcgkomgNkcgqNUUXQhQJXDHgfwR0TopqgXSEZUHJPmIdqai1DvVRLhFEqOq3vehWIP5g9rPsJm0s6HaynO2N6e13tCmB9Udy89+JKuTZ3mWsExmZckrabFhumWND5VYR0xdHOzs7yM5Na1p8VUA8gPljsJgvUG7UxAR2c1dK843GUXqBXLZXVZMN/kGEeRPB4kyWaJURIPmjYwowHzG7uIYF5/IlqKqOFsOMnQV66qZZ6fbmzLmhiXdsDpXyttV5Uoe1HygNd7O+KdzLzliDFn/mygVxHoHuznr2govkDdTeG21csDGTl9z63KVRpeJkwjA2nx5bJAv5CqGWg8Hy1uOoFCMZo4Bygs6FEY51jDSVWSnMY3Wphvj4FwYQnFxJRoxDOxsBDCHvOU+/yKDm1DKC7N8MYGXXgA9R4DmnxnR7UlUK4tnfjaSS+QFQPZc3uMq6lR8pjGRUWszJZ34lt7NSHmYyuEl20fQ+ZJfrR1NnjgVdjltCUcL/oV6Ff2CfViD3BkqaI2Qo+Bm+laHHwDLPrVWkRSkjkUUIRkEKl9MMQ65uE4CkAikKVdCT+ESo+NUCzJnMMdL7LAMK4w1aMUV4vUSZoJEjVhdvjGWIl12FkVxI2lyMSvGKGZ8Fiz/zIHorIt/Et1zpEKxIqNsqY2KWcp7eseWUlDSnH3UA5Nhs05JRFuUAvRHCI0aQ5lZ7YGkjRj3MmLUTxDY2dORSaOYqpWqmH0vrO1ab/MznsZIlesisjFG0wCVwrijslMmUqwiFdXP7rUkdV2fNPZjWvg21JuJ1JH/uidNDGna5VDb0BjOlMgmgRWzyCUTC9M/olBFBr2jmmzzK1J0K1FqX3JuP2NnvYT5MYPOwCJx3FX2JIl5VEZNxTYF6yalAeT92I4hpszBLhMR87bbOmKM8oXH8qnHZsKmfhA4ga9Z4xgjmuJcBkGEmMv8HInq8kHXSMrhXH5AZOeUa6J9orDuX4/VvJ8YK3v2QiNEcPPi6imNA/3sVPlYN9yfAzt7VKa4ONB82Y6S0xUgiuWlHdTCoW1aASLIdBT3leYLCaWklZgl4ZjyHRIGV/DTRBMAQNSvXxbNUCFyht8AoVqKUUCeYGvrmC9JnwnVFGKwDyD056c5d3VVW2KDUoloxHNUqz+758RB5I2RxscFDLWwqWHZMsvFsqWZBGxFBF+JsadkMpsNy1CIyn+wGFFzn8QOmUIAIAAEqN4Qa1DTo6C5rxjZj1LI5CHpLBuVFjezDfD7UwjM7l+Fr3O7zYRNJKLMfoeThQIASGJQfLF6uWDmNmOc5Ic4yLQWQeNWENvvnBm4xtZOQLOxCn5M9JVNRLInmRFBfT2Kc0T9/EgdNPbxrGu70eFIlhBloxCAlDWoxLfroRQvqOqnjVKrlyu/6X8LEtoBqrsheNsYgoZZerCnRyicKfiQ6FVDbhlN/Zpxp2VMOCf4oDSOu3MFpvoqR6ZNeSiWIVAzpFBHAKLk4wi9bJcOaSCuMBk/QKTH8klZhqSx36eq6YixGGCVAyv7Zo7AsMu/OKuSiGiXXxxG1ou6mpwF5E9ag+W/B2ehasS8/qY/V6JFuPh/3T0XH7yLMuOXECHBICUrDhOPtkEvm0ribwjpg1QzdHOCaCRjxiQhoq4fz7SZaaCaGtTYjxzUtQWs8nuKMJ+mHnqQGAPPJjVwOUF7xUDq3ELPB3XnUCntDqdAddOqYtoOmDhmggafZNXWu52jdrSJBDZUptx3bbHB4TLFCE7uWtU+AYnYgNug3rm+nvBIPDofbQMZmcwQqxL4IfWFBgLGEoix5nG6+cajjNJikV5Vq18KonGYO+bbSGJzoP0x5uyA0Y20GDm2OPL8shw28VBprc7Awa4eJslSsUGNZ2qCRvANTSmm7PIO/a/iaLrO0yPAkZHyFkyZC0GJauGoXUH2Du/VsDWHqIuSXonEaIjPbmC2L1JRR3exHUp04SF1ZMWCQSjWqW6sxcHDdWJABZ7B0OcStovbXeLCrXoAK1VzvDM1hdpjdvrgYd9jI+Vh9I4GcQ0ZPyMnDbAJjhfsKsjOV5vI7xVuL3RFUB3zfa+Ce1vfSW5RazJ0RjabfNaaka2TlyWEvBinTSFp+HuOXiutiTmja+E5d6GOGISYw/xRFTH7U3O5r7BzjgIgB/tO5dt8yWkE39VrgdCbykOskCLCm1Gosm57sUuVM2szEc0+SSFjOgpAD0SokFI3kamJuqza4ddKPiSA2v+ItiMXOvUGN2qNT1mDNi9ccft/PPmyLQEAEEOubHPunSmTBQ1lKCuEALi0VS6YFl3SEmRrPnW5CwB465ZWLA1WjFfnmBm90axpJ00gY7gNTHltwOd3ZynYdoE0t4b6W7K9VUS0L9wve2xVacO+kl/HlwofNGzUFcQKgC+dZmWxBU5XsC+phWWmIcqmu/V0mEF9qbmM5DIwGZpYpgoilAL0/Bkf1IOamAdVjxbwDpK6bVMGHkE+qQCXWFG/ecswXJEgm7s0t50MoKW2xkfwbGwuqJrVh5OEPfRa/gPMCc88zI6Vtqjuyb9bCLaY0NxHAIp12kp4ZTGb8wFcy+KNShD5aCw99LAiq5AA5qFQUZPDyID+MJA1Mm07WzQG+U9GQ7HXdumSXISnTs89KGfMFT5mdmZGlItN+4x+ZNuX+Tgzd8kmmftMoHDfmmZuYJXFYTgTKhie1ZrYeylIz0UqCLIHR2+X2H9UzrXHrirmsTgy+V7xc9jiHS5Uc9oTAFCGEUMAJTbzyDjgzVtGs0xyQAb/KgKpj7L94WBbQa0tMM7otcfax4FqJO7m3yXWcgQdD1VXWBBcdJT/6CcyquBSMVRHRHOZSzVT6oqPGO1geoByik6nGTEWFs+Yjo9r0NXEg9R9rcjQE8UC0AUkeiRu761gI4i14QdAJfYt2TZtKO/gTzeAcXKt2dv2OSUpSRNhglqDiuAR+UGb8CsSgm0yD8H0/Ec7Oslbu5k9mn0IyDJ5RjSRT0g3LR2K9ha3zYKpIg2VilqUO85GRC7LFzIOylqoeolfqDmY/fuD+wOnvGn15M97w6G587YKHWAusm9MUNWic9jAwmFbSjh2lcAb+kfSg3lWubsV5Ga1q9HRB4G5j/7ckDUDUFLLDp4k8Tequ3Uzxxnyt2oDpLu4n+1Dj27h1wsFbltaYymmt3BhjxqxJp6HyMKhBDZb9dTosDWHNhrNfn1gBxaz3HkXvSp0MFbYtVK/UU/xwbj9r3KY+VO8KEo2K3Jk/7Zc3ky+7YIyD9a13SMzRjf3SfejSuDeA/OOdHdVsGla+875bNpwADM7QOvbNahKnVkQDpLVHk9rH7QHIHpYVumo7l7bapO+8kUVZwMaJ/XIynjovEAdpR1wPKJ4+jxwpsGPfnBeCZqBNcLzM1zXgu0jlNn+qPiqmnQdfDYxbB+PwIpmBDvfG1m4COQ/bMLpDjk7WE1apSzmplotTjFFsfUNG1gN17gwK2ldTFD9gzrQaSPdPK+ORypGd2ucndbNtpge76zhUp5zVo5WfaX89BGDCeKbyw4u7WxWTRxeephDyt6CvTQ+cMlFjYkIQDEHDm7JjpcmSq4CUN60BJbq3DB7HymaABOFCUAx55qQzCtpW7qTXcNp1hgsNXsOk4DZKH9/QNkfeuawg+wnoUwl39NZoitcGUb3ueEEz9XLa3x8Ya+/sqcR0GBYOnupdSvDIfXMjEvqsj4W8SHg+mfpk5dysPmKL0RjCVEB0oZJRVRuA1JnxlWA4urlraCw4nnGWYaTmW7PpoQmKLT7CfpRpLcJh+lK520YTk60pBU4EpsqK8ATy8ajY8F6degeRfuYwAbAvlOq2WtGWVJZtKgkARSA5ukYiZYyISjtC+oqmGpwWYuQW6rC5n4EhaMlRI/hC9llsQjB4AHaipFq6xsUhBVRxLCybuqn3VIrHTia6piYGE+yGlQrry9yJwgyiY6fzRkXXbNw5lJaF9C7NTc3VisYUF6iAcEwax55aTBPmjTzdlrWMPWIzA/niJXkK/XEBnpikP16EVOmjV69JQc0IDQXa8mva9msdGzrrTDoeTmwAtUJ5IjKU9J+2+0cZCtbbRGdXSt23Djcfmb9EjEAs84sDja/ls6EBKAtQr+G3o0cKtqLSy9DVyGZ3dPrnY5mF5sj8KFDxW/35eZucLIvIpLBiPg5UpS4JI/r1z97fBMyVRziJtfrBThm5tklYvPaGqqh7B0+OMk35oH0HGawWIYVb8ds6A7iB2MMUdlH65G1FLJ/0R+mqw1F0xqXBgji/XpBhdEjED9J2pHlUQ7MP5ucsE6uDKhbUrXPh4iUZdYO37/mVPOijiH6BsvwPKWQRcRllOp76CwF1AIjDUpoli5xDaSBjXZmRSKlX3Vom1WrMWk1BTN6f9G8j1VjdD8W8nZO3aWTUHFHcJzQIsSu3HwcCQA60aGog0XSucNiTtguW2xRdTWozqSmtlndpvhRvqsFzCA9m3/OhUe9WwUxACOu5n0eNnytoINXCsjq7gG1Z4ER0JGRaaOkt/g1l3+GgGAcpPaAGUiRE/6jKg1UaLRRIyj7MidgrYNa0ltZGz0yVtdakCxFxbTwWcr/nfFRVBNAzt960OezLN1lXoV1U6tuLSGwzfbaFmWNvXNJeSM41FpiV+442wCmvwxQShYFB4de4jexvXPDGKPtKlwtamdiluINNGZZCmTXXC8aAt0ZJHqrPRc6/NNptYG0DiNklrUdqy22CQDz9R43XJAiAu2ntspJiMiIlioQyNti9SZ8Ra81whbJhvg1SGBvojJA8xJyIUdRJkZdKandzViyBzvBLtxSkUP31cOC24yo6CiCLSGA5Xx+miM48DOQqktkVUbhGkIW8BJReC/cddDiZedNGTVfntIxd40gB0R08kW3cUb38TZWx18kGzN0wMO/u05Ha3PDvPf409xxjbrYB+AcXyEQSz4o/ucgXW6iUgTMuACrmw3ZKDj3A/tDgtWSf5pA2IYTicjggjOAHyH/FCxK9GRH59BJUWHY7PHfS6lHTcycjfdQR6gdF+rkRnjikk/VRLba7okdKh1RoxisCQCCm2yLc/JuOYpsiIK2wkr1EHXjJrJqCd1Srs9duIAWFiLWWp0pKJFMMpEaWTuKVgM0tnzPDiUqfwm9O0HnDrWzJoOK+o/4xctZPoigTIgaFskCxL69qPtbAoQBehaUu/LCq8SD/L0GfMWjynXp2UPk2VXWtrS1U+HNk5po0EpoaS8BdZZosPg0CGjJVwZQX2f0kX28HddDkX8KJ3WnCnnSmVgmtpqEwhmlPpRV2A5EqXqa/3PyiBa0HqRs1uKrXTngELvIWCSr487YJdbpNtacY369YU5ruWpr3nLthK7HfwV2JqeqJNbYNGvlPBPUVJCT2Eyt28nDrq5YJG3wtD0u+MyR1iQmaRhZEW00b9PEOGOG04gLxWGo7s6w25sFMiQOYH2b5RbLPvIEi0ek3JUgfbWJ+3u7LzgbZSBAeU0dJiuMlvXlK7QWayGwwEr2hduT3MwKyG92r1MdhPQ6KC38rKmOVyrYJycn6baoBAGhqnvWxrwhQ0bSVRNktNHxgduYh1RIsd0hT/03RBg31MaM+YJsAzh4Sy9dIdTL6hW9HcVE0IKRzYtgzCdiUBPTUbsl0Qttjwv9LLrCTjcbknx6vcZinonMbRVwVTbYC0zmD1X3VDUvK0gz6klZWNdUNtJaDlZZegXxmSCyTrS1+dNWxOOmYiLuLXYSgLWO0TAoqOEZPTQt93BWkKxSrIIe2svGHqJ4YavEWSatS6+GbsQhhYL2hBXDJAJsJgbRSG7Tw2suNkeh9FZN9hRFsZq0tIC3jJNShBZRCH5y80VtME2KqqZcfQOFDO1+6EZ4kiavODZvAwwyli6XfPYZ07zD2XHDSSBYnfSzqLqgsrpQ4rEeHuT2t/oGbq/+7GT79U9hBjnll8zDhe0d6FIspN7jSWVzYCPGN0O4bmymuW0HAUQAiJJpEBFCsLwlUlQWA8WNCGym4nHNoQQLdADDMhUrispbighiuWsJJYgJBulbUU2L/pvbuLyoaEeTQSyBWh9KWb6CgSbmMbcrK9GYElI+vvTl6EkwL16Z1A8sP8veROZvDhaV0ZyPy0kD6DOnSV6rKmIINGpDZRTwkOwgCnMWBiwqXiJ2DM3u/C8bYaOXUcldwVDYValaiUj6Xl+1MQdCLjESq1ZMjg6c1lqIlNSoqInSbjGxKnwpn5zg4KZMerG7bhsr1F9DrGm3r1QRSWl0xCLBjSIFs688HlIHPUoO7dC6VVa7kqCWWesMLXqlFIEjb+o1aCCmpxtR3yXD8AbVoCRZIeZti6QT4Lyn6ytzzf2r6eh6OBF5AI82KikSoogfjQjJfRjnaNigbX0U8yV/JYihDtqm2IDq/znj0NonlsHZqyT/pfiJ1USzsou3EJXRhHSkSHFQdcDkSi0/58dV7JfIJbvYqkSo3EIdGTBXETRRMsVUDEJL3w0/2arwGMhlDOVZlVtUmQAZxJWr1KM7ewJsh7E4KK9m3JWyVmQzzoYmI6e3huneTAUUghzVegqCIj7W6oMQGIckibqmg4RYYh2ZMzsGoHxxQ27oiXPxG0MwOxXEHalZq4yD9gLFQaIOv5nzmb/5JtnRJYoQHiCI9ueKUjMfqgxXEhVXZ9OaooosYLL+2jlSXihvR9AlfM2+QNRQ902aoHx+mTPhlfzD6undU59wgooznKDYHFKFHFmQuixlSeipMAsy8YpmxRMeHyFkFjBRBOVLhyITSoJdRKHNS2kkN2xaRNbJGdTK13TanlcDb4RJVgewdgb20Fgx/nyde+vGlQkQQe0OM5esqgC0CVw6LjzQwjtviluINCGnG6WWW+90zRrvLtaYNqTPxybKmFQYiAqLyNvp5yhfzxMFbpAIQMr2i/IXLwoX1BwjpM85qdkgMXzImEMsgQZBdCGIoox09AEyKqav2cnyhd1rAcrBF7hyx4QRxRBweF/1KOOXvqUB6eELDloJ0dy0G0LFQvkR+Z9yV7VBBBTaqbQWNmsLUh8SHQryZG8BtLDyRlC7f3WhVP9NX7+73Qq14oNyhLp0pUNzdBUGcb3FbllJUFEwgPouofIEhmCJfBR6Fj4ABOAvhPoMFTEUNSE3ywhuUzBJVwJSAV2JzqgY9OLnxOCX/2ME8qWl8vFjdjaabwQAEImYjlKZYrOLkvpmy1dpULIqOvEot0DZfttVNJfU9tpe9uvjrTJrHcSKRlMiqo229FXwi1JQqde7ehZFbdj9Gh4plrUMGhalRVVpEXUvVFsPjZalBBCkHJYn11ZF1bhCFBASxFKCzP+PUOQkYUaoX8pXFnbENRgRZQVMQDBIqZ0KTwBE7I32FRmw7KTchggiaTeKzkwVnqAawwlJBAhIAAFzWICoxSC1NWGc3BURMfUHW5Rle8VfliaVnpp5VOvSIiZorSsLiDRsyVhGOLU3WBfhL1Ik/BZ70gadbUkxwqV/21SSHl/sSR6ObZWML9ATsACA5aOMsq6q4Zcp1Zh73yQdSZ1iHZQDQf74BkCWbw6sCRCIP3SbMR+geJoshyARJbsIPSSo+/l70jnMiaImYsgTb/OmQUFPlCIU8nM/7QO0WVFaIBNv7ouP0NYBs8wV08EzrL1AiZGUqHftfBL0ahNk9l+YjKYTZpLMn4pJk98s7Sm6LYixMBvvZi1t5mPhTu34jfpLyIFJVKkMbVXY8dwoio6+pKJBEYIQRlkRyl0ATHbJsjRhjj5ozUPHYl5sjFnIV0qEbGS0NTYl1MRWgghE5asfqJ7ZrKkW86KnPAlqU1Qg8dV8f9cLAyj0ElOqsDNJms0xKg4UhCHLMVulFlqdQ42BvRVExPYCu7vesljlWEg1qKZF5xFl7YTLJAhKiJUjRUjCwxYa0VqAXKexoUrmCxnR0fbfhnMApbbTow8hvQso/YqqaRK7LEdEMX3tnjU0IgwKbNQFQqKI6aPxpW5PJPtmESmX4BBoIkhvLooxaTKkmnrKSqMoUrKZSAhDsfiBkCPoBGEYxFdRjDFSoR2TQwlp3rWbZz1POEucSWx/kq3BZAVYU5MVskv6iTDgCAEBE1OkfoeIEShQGTnRJ3VShGrxjsOjmNcy88oZAEQiUg8Ilc0pmP9QsWEyp8XxEEd2qGqfxdawLYkJfYSA5btl4onlHxT44OS42PoSdchYiAgQIzunArCEv1l6gNWHAER8EpaRIrBy8kTkJ2oS8ySZoOT0kzDwR33VAIkXiKmyXTZiEUWhNiBBwEIpkcDneCJDYGyAJjAFjPQyBmFPTDgCAcAECBAWxZJFysujKRDDRIMKLogoFuwAEUNQ96PkOwQAEShgwEKZRB8p9krihcKYBDl78bwaYh6OJ22hgCRqM3cZxpDnNO8fpvTJb87VBlaDhE4eGoRlaIviPGl8O9kFjnEhTwxCIIgIQyhyz3qdHW5MO2FCCXAjNwF+ZkSpDRBQ0iyJPrPlKDMSSfQiEg5iDNNsae9PEEwgTLGoFgrVMlmgGJ48HmH+kDhk2AkrIsBIYUiLpyWi4kA3LYPouY4lrCGIQBj4PgLEZKQzw0P2L/wSoJygGiEUbiRMJ2UxgDg+QKQorM7wkSAElC/NJ+sksXcAQgghcJgVs4kVs4Ihx0RFb6X2SUmtxVeKFCEQYdQbopAFpWhusqq8xMejcjYoRjyZ5kgl0cq2XUUnRXqTgCG4JYqi0pA8kwo8CESECGU5q2hHkd78fqYs24wcpfoIAGCUZIJ3ylByK2VwWTAidjpCF7JXY4bpoYFpT34SWTHZKKB1N4UtIPWGCDTYIJJkKhP8YglJj55NGUAIgSEr4U/gAxFi8gKkhIiJi0PEVJJQ0RZ7VAIAwgiAg3wHLfkg0c4YIKhV2DS2SE7IFMmqPCH7ADanhMiVnNxNWE+QikQCnWCSFA6AyzvGR2hDTbnoVuJRsdSpxVBkFUVaRcUi0TAEhRcYiRHnLYXCbMnZ8gQ1qSxvCZUkDuhFgruywIHqn00xJIERcc7VOGXsIShpLWgXNWTMc/meSAVQWAhTihijCBsHXcUHJdjstSGbPA6JDV0Su6qisnYSACVaEpbqGpKKvABYyzJdADiATo6s68xJXAliJV7Ktp74CzsIaWmIiGL2nTEQEASJWRPTYpkvIMKQy+1QeOpNROFbknLFczVhAFDsORBgJEDURYc8X9qSSl7PCsGmkWNQRat9ssOImkapAFEnwA5Zd013RRFQCYk/BBMROSWppuLOjCvuQGSyDdoqJygJdmR5uy+WlszDuaQuSm/xqenUkVrEkQBCStbzBpEaXYkfYwmVaAgIAWR1EwAixcyHhJ19MxU1HjCxF7KsJBpzyFb0ChABwqACO2jxtsaeYorok+pQjpIQgCJQengIU2xFwNYOIacBSpYzK5pDi4t0phLk5SdqjuVX/kvFh2OQxeIcIczQmP0Dm9Nskggo8z6Up76cX59nGP9F4I8kkb7JhTulpiaSUtKbu4jkKvYl2yLmXfft4ikqXpW40uWkkjHBzHjnikMxYQSEGPJbfKhEYZHk1WqtXWJaQ7mLinySvKaxJszVS+ebMusahbhWiKYQoClCUINWKpAcHwLIiyvMESNzzO9FxtS1eGHDf5ZPMSUlHFfAGfeAwhAlDjHK0wImTgDIUR4XuxCIAxHUbGGvmfIqDdw7jponyMAJiVcvUPdlupLpM6Rpj6K4KsJW6mCW5wgGekv1WsGZvi3zReVNJMUapCAmsAdFFX5ntJLWJrRLBU2oZfkt8wXC8Fz5IQJMQ5OoehRqAFSZ26h+UnLZzqepkgQKoWpAkQNfLQOCJSmjokU0A4xAENFKuCE58ppZrRzENdQ0PG9/LCaM+dUxod4amHtJfFNYO4RQOqBWKwCotBJAQkJO9xzazLHqoXcAJ1++dk/JRnp2CdUcI5e+Lbr4LNRaWbrXn7lOdQe+qlKmJu7V6BRjFGEIuahXMYc5i074iaaolBoRc91Q0Z5tRgQdYRWTwuCySKCn3XpKPy/ywfSsJtZu7DMLwC416aQYNxEnDcCbrFTYZt1C8JgnJUv9q0kBDmlzVooV25PJSnclyS/qoaoEtfujGKGsiFWztkck5o0tkezyByV26q5+RE4JM/9lO0c+6mCu6F0vLPYS7pSMEil4ccpJPiBQ2iTSmPE0s44nwiqRGvKyKpYcAIhCcCYmVTXTgHW0U+wxU5XETrb/pzpWKEiYIz1+kS+GyhoTP3mBBIQUZMd57s0hZtE0Y105zEuGEWphkLIIMvIxZh4iJD44nK145ZKO9jmmmiB9mmoP1cU6BRVNrpMyEBvUzz8BAHOIUIiFMjeg9QE1rrlxoU3yA88HR0bDGFEZlG0qm8XcMV8iaJPKySQtFib2SlJ9uR532ynZmRhhCHhysgiIUzIWMa420zhNqTI0TfHkZHnldBkgf0llvYm7MeZyIuByiUdHi5wYUNzupmlKLpkiwWIIy+WQvMtmO+0iDUTTRLuRFotwerJIYhYjrdZjjDEgDgMShuUinBwvE00x0mqzmyIMgaaJxikeLxdXT48IpilSnGiznVKFkyJEoiHAcjkETHYTx4kAcRlwijROcRjC6dEi0Y5AMUKkmFrupjiNERGPFsNygam4M4QsohRpu6MpwV+EXFoKHEUQTZHSOuwQkABSbJR0ggC2u6S7FEJI6z+LIa07AAIk3FJ0mNz8oEpF25GmmPpm3RuGsAhJwSlG2E1xihQC0hQjYAh4shxEIiEFtUSIuJ1ijBAwsSgvh04TIUQgGAkA4GQ5AOa6IBBMU0wCFiNFgIA4DAEDQKQYYZwosWgYcIxxmgARUjEhEu6maQjD0SJgIIq0myhGGgKkoG2MFDCEAWUL03aM00QAFABipIng5Hi5HDCVPscxbndTUr84xXGi46PF0XIIgVIusd3SZjdhWmciAMTjo2EY0nIuAdB6G4lwCMltT0MYkvQmfdpup9VmRDZWiHhyslwMmFJYgrhajdvthCEsQtJ1PD1ZLhaBImCAcYzr7QSpPkBEAMdHi2WWcSSiy/W4m+JyQCDYRVoO4fR4wRs6aLOdNruICAsMabX76GixXIQYYwhhmuLleqQpIuIEBDEeHy9PT5YpKoyRVuvdNEEYIABEoqOjxfHxImUlCLAdp+0u5q0IFInw+GixWASKERF2u2m1iZAf9qNIcHJydLwcphiTXq22E0UImIoLcLQcjpaDBB+b3bjdxsSoCBRCODleAEKqhW6243o7DgEDhiSNiWnAy6UPL7eIsEhaQ3S8XBwthykSIAXA7W7c7SIChoDTNA3L4eR4KUZws5u2u4j84WYMeHK8CLwQmKwZlff80XK5OFoGjvZotdqNEyWFpUhHR8Px8QCUCii03oy7kVIwHIkChisnvGCNsN6O682EIa3HIhGcniwWQ3ah00SrzZgMAkWaiE6OFsfHQy5fRLhcjdNEabWWYlwuh+PjZYp7QoDVdtptx4R2JFgOeHw8iJ9bb6ZpSsYfaJoi4mNXjheL7IC3u3G1npLY0UQB8eRksVgOSUqnKV6utmOkATHGSEBXrxwfLRcpDhvHuFqPQLhYYIRIFE6OF8sFThNggDhNq/UuEi6GvF60PFocZSnCaaLVdpxGCgFTYejkaHF8NCQRjJHWm3GcKGASwXh0tDw95gdeENabcbUZB0xGk8IQTo4WAZGQEHC3HdebiAiINE2RAK+cHB0dJSGE7W7cjTSENBE0BDxaDoAQCQNCpHi5GoloQIxTJIDT0+VyGdJe3DHGzSbmaA+AgI6Wy+OjASBpVrzcTAgY8qp2PFouFouQ6ndTpNV6GqcY8gOCdLRcHB8vKC+X0uVqGmNcBEwFoaOjxfHRgmuSsNlM292YZwpwCMOVkwVnIjBNcbWZkgxMMVKEx64epfWoFO2sNxNBth80xcXRcLRcAId568243Y5poxARLIZwfLwEvh2nabWeiCAVaiPB1atHgQUsEl2uxoRnsqVHR8PxcpCgdbMZ19tpSHQRhAFPjhfIa+1TjKvNGCdCIESYJrpyujxaLmQVd7XerTdTWnybYlwMw8nJYhgwBc3jOK23ExCmQgkRnJ4eDcm/AyDE9XacJsC0SDvFxWJI0UL2cdtptRlDgCEgRMAhnJ4sQsiVFQK6vBx3Y0yjxykeHQ0nx0PKlALimDgTCYEmIiI4PVmeHC8k2Vqtd5ttDEMu4xDA6fFisQypQjpNtNklJ5vicDhaDotlSFUzBFpvx+1IywGJaIq0XAynJ4tISdxou5suVzvMK7oEgCfHy6OjBBzHKV6uJikAE8Dp0fLoeJDYb70ZxzGGkDaexOVyeXqymCYigCHgbhwvLkfefoIEcOV0mYIZAJpiXK3GKVLIthOOjhZXTpeRYvJf6+00jpCDO8Kjo3B8tJCFqHGKq+24CBgAJoCA4eR4iDlKgkjx4mKXYo8U4J4cL46OBolOL1e73W4aMKQ1oOOj4fh4IZHtZjuuNmMADAHiFMMQrpwc8Wpj0pQReccKBjw9XrLfB6K43owxr6FRJDheLpZHC8yrmbTeTJvdFAgQIRItBjw5XkBIpQAaR1hvJwAaQhaB5GJyNQZhvRl3Y0wPdxDB0TIcHS1SvhAQ15tpu5uYpbQYwpXTZRjyUy3b3bjeTrlwFadhCKcnxyHk2H6a4mqzS3Y7mdTj4+VyMWRBjNNqk+weIMI40cnx0cnRkAxIQMh05a0gNAy4XCapRUTYjXG9HolgCBBjBMQrp4thGNLdcZxWm5FifjwhEp0cs+0iDEirzbjdTouQ49vFMJwcL9LiZwhhN06r9QiAIUBSpZOTo+UiP8wXY9zspjjFATGypB0tBlnVHHfjajMhp+mAeHK8XC4D5Rmj7W4KiEdH7D5KJZ7dCUiGJBkcmWugCpR1BYIVau9F5Fw58WEm/2zCcYW8hTSe7yzXmUC0ffiftJe0lYCarFfvXaxSf5AqhsqJk/iqkpOySYmSxTBN8d79FQZ44vGTIeRNXn/8rbf/6u/eXcYphHi5Xl97bPnrX/3UR154fDeOw2K4/3D923/46itv3T9aRIhwfrH5mZ966as//5HTZYiRpil+89u3/vYf7gaMIeBqdfnxDz/15Z/9yGNXloSw2Yx/+M3XX3vrwfUrywFhvdl84Pknv/j5l65dXa4ut3/87ds/eOvhksbddrxYb1/+0NNf/umXrl0ZAPD8fPu//NHrP3zj/mPHSEATxOefvfaVn3v5hWeuAsB6tf3Db77+3dfvHuG4Wo0PV9sXn3/8N375088/ewUJLs633/jrWzfuXA4Ud2Ncb9ZPXj/6+S9++IVnr8UprjbjX/3D3XfvrU5CPDvb3L9YI0yf/tizn/v0B69fWay34/2zzYOHq/V2/O4r927dubi42B4vh89+7JkvfeEDAenu2Y4IHjsd7t/f3nxn9cati+12d+1a+PFPPff8+07v3r9cRzxZDFdPwlu3Hn7/tfsXq3UAePKJK08/fnVY4vufffyF953GaXr7zuXvffPm+nKLNOEwXL+yfO59V55/5uqHPvj4cggPHm6+8Z137j9YB6IwDEB05XTx/meufvLlJ4dAl5vpL797/9bts7jZhgUA4WNXl9ceO3rfk4+9+ML1q0t4/a2zm3d37959uBnH8/PNdoLlAD/+8fd//MNPDTi+8ublRLhdbyOGowFv3VmPUzw+wicfP/3IS09eOwnnl+Pb99YLGF994+zm/cs47V58//Uf//QHnn3i5N69y3948/zB2RoRBoT1biKEAeFjH37fj33wOk7jd1+59/23zh87CsfHi6efPDl7uF1vaTeOP/bi49Nm8/23Lh5ebI4Xw4sfePwTH34qbtZ/8d17d+5vrl1dXFng5TaeXa6vHC+++PkXn33qFABWl9s/+K83b91dDXFcLmDcjXfOzr/wmQ/+3BdeWixgCPjGzfO/+Nt3L84vY5zGKZ5frj/+8jO/9NM/du3KYjvFxWLxN9+9+Y1v30IaFyGXub/4+Rc/+8n3Y5xgCOvV+Nt/9PqN2xenAywGXK3XH3z+2i//3MvXHzuepmlYDH/3w3t/+q2b42a7CLTe7hYDfPWXPvnJjzw1UgyAFOEb37r5F995ewh0NOB2uzs5CV/98ic//pGnx2lcDovXbpx9/c/fPL9YHw24G6dFgJ/9wouf/+zzaZVztZ7+4Bs3/v6Ve9ePYRqn++erj3zoya/98seuX11OkTDA3/3g7jf/+ta4HRcDjlM8WoSf++kPffZjz0xTHIbh1p3L3/nDH7z7zsMFwibGcbf9/Gc++LWvfDIghYCr1fj733zz73547+oxBqLtbvPxj77/V3/xYwNS8vf/8PrZn/3lDZi2gHG13i0W4Z/8wsc+/tKTY5yWy8XrNx78h99/9XK1Ohpoux0J4Rd+5uVf+pkfm8Z4vMQHF7v/+F9eu3H74XGg3RgR4+c+9dwvf+nD4zQth2G7i3/8Fzf+6nt3nroStpvderN73/uu/ctf+/TpcbY433/1wf/yJ68chYiRxkg44G/8yqc+8dKTqRj04HzzP/3O319ebI8DbSKM0+5Ln//Qz3z+Q9M0DQPuYvzPf/rqd/7h7mNHQwhhu9288IHH/8WvfHo5ZLf02lvnf/Rfb46bVYxxmuJyGf7pr37qQ89dpRgD4v2H69/++mtnZ+vlQBBhsxt/+idf+qnPPpeM5W6Kv/tfXvv+a3dTLjyN02c/+ewv//xHUmhIEf74W7e+88N7R0ALiJfr9ROPH/3zr37mfU+cTOMUluHVNx7+wTdfXW/WRzhEgEjhq1/+6Cc//ATEGIbFO3cu/v3vf//evYdIMU6w3m5/7osf/qWf/chySUS42U6/88evvvLG2RLi4ihsN5sf/+T7f+GnP3y0DOM0DcPir//hzl/97dtxsw1I5+vtiy88/rUvf/T6taNxjGEIf/l3t/7yO7d2l+sw0Ga3Wy7wv/mnP/HRDz01TXEYwutvnf3JX9x4eLYOAbfj7miBv/pLn/jojz0Z4xSG4d17l7/1Bz+89e75YyeLaRx34/YrP/+xL37ugzTGsBzu3F//wTffunv3/GgB23HabLdf/tmP/NRnnpum8WgY7j7Y/PbXX3vr7YdPPBbSNpYvffHHvvCpZ8YpLheLhxfb3/n6Kz947d7Vk7CdYhx3P/OFD/3iz/4YQgwhnF9uf/8bb/7wjQcnS0SKF5erT370/V/7pY8th1zy/s737vz+N984HmIItFptn3v+8a/90ieeefxoN9Jygd975e7v/NHrNG0XA11crE9Pj772lU9/5mPPTNOEiN/94b1vfPsdpAkorja7Z548+eovvvz0U6fTOC2Ww63b57/19VcfXu6uLvH8fHV0FL72y5/82IefHGMcAj442/7+N958+92HAabdbgwYf/rzL/3sT3ww6d39B+vf/ePX756tT5e0205hgJ/68Q997tPvn+K0CMN6vfsPv//DH7754MoSx2kKMH7uU89/5Rc+ShSHIawvd//hD1995cbZ40dA47iLu8996gO//PMvT2NEBIDwrb+//ad/+eYAIxBEgPe///Hf+JVPXjtOycZw6+2H/9/f+/60G0OMmykOgf7Vr//4h198YpqmYQgXl7vf+vor79xdLYhwAXG3++ynnvuFn3wpL2Qh/sV3bn/z228tMU4Up2n6wPPX//mvfuZkgTHGYRhuv3vxP//+K2cPV8shEsEY47/+Z5//8AuPERERjuP0H//gh6/duBeAQoBpmj7/6ee//DMfXi7DRDCE8BffefvPvvP2UaAjoMv15umnr/7LX/v09ceOd9sxLIbzi91v/ufv3373LBAhwvlq/bVf/sQXP/OBEGCKtAjhz75147/+9Y0lTGEYLje7F5+7/k9/5VNPPn4yjtNiEW7fOfv3f/jKgwfrx06XGKfL7eZr/+TTn335fZHGSIEi/e6f3Pj+q+8OMAHA5eXlJz/+/D/5+ZevX1lst3R8PLzy+ru/92evj+PuylHYbsbHHz/9J7/4sQ88dy3xbbuZ/tMfvfb3P7h35TgMiOvN9gufff/Pf/FDR0scJzpehpvvrH7vz968++7DRaDtOK5X65/8iRd/5Rc+ugzpMZz4rb+99Y1vvz2EeDSEzWZ3fLL4ys+//ImPvG8c43K5uH92+V/+64233z0/CrgbY4zT5z/z3M984YMxUggwRfizb9/+87+5/fgpjtvd2cX6Ex979je+8onFQBRpsRzeevvBf/7jV9er3XIRdtMIgF/6yRd/+nMvjGNcLpe33z3/97//w8uHqwFhPY0Upy994UO/9KWPjOO0WAzrzfj1P3/zb75/79oJTuNuvd68+MGn/je//tkYJwBcBHz1jQe/9QevBJhScW2xDP/y13/85Q9cn6ZpsRgenm9+8z99/50750fDtN1Mu2n64udf+rUvf2ya4mIxbDfxD7/x5t//4O7xAnbThBA/+/Fnf+UXXp6miAiA+P3X7v3WH712/TTgOK12u+vXjv/Vr3/26skiRgoDPjzf/dvf/rt37lwskdKD47/0pZd/5ideSGn5bpx+949e+d4rd5ZAEWC7233xcx/4lV/8qETE//DKu7/9x68fBVwEGHe7a9eO/tXXPvfEtWWMUwjDnXvr/+WP3njw4GGMu2mKiwV89cuf/MSPPQU0AYbtdvyPf/iDG2+fLwIFwM1284XPvvilL35oMUBKVv/yO7f+7Nu3MMYQIE7j889e+dUvf+Kpx08nmkIYbrx99p+/+eZmvT0ONI4jIX3tlz/50gvXaRzT02df/8ab333t7oJoWISLy+1PfPq5X/jii8dHw7SjYRn+/Ns3/vRbb+JuDENY7XYfeObqP/+1zzzz9NUpxsUQvvvDu7/3zTfHzfb4aBg32+uPLX/jq59+/tlrNMUwDPfONr/zJ6/dvv3geBGmOAHQr/zixz/1kfdN4whDiFP8z3/y2t98/52TBRwv8P759ue++JFf+umXAsZporAMf/43t/74L24eDXEYwna7fekDj3/l519++snTcTctl4sfvvHg977x1nazu3oEF+cXR0fDr33lEx996ekkS3fur3/3T1+99c6DI8RxHLdT/IWf/sgv/OSL0zgGHIjgG9+68afffvPxkwCEl9vxpQ9c/9Vf/MQT10920zgMeOPt83//Bz9crcarJ8NmtztZwle+9PInP5qCGXx4Of7hN9546+bZyUCr3W4cx5/49Ae+/LM/FqeIISDRd757+w+/8cZyiAFhux2vXFl++ec+/omPPD2O03K5ePfe5df/7NVpjD/24pPPPXvt6SeunF4pJWngJ6ldapfzo7JUrj9VmJNGs+Re5WucMSY4JmflhM8kep0lRgUwrYGroRZlLbr1sinu2U1K60NS9m6Lkj/n32UJWF1OS4yqVcFakt5U+RgGBIJ7986/9fd3/vQv33rqyeP/7T/7zNOPnwBFQHjwYLx56wKnXVjAbre9XG/W6zHTC7gd6a3bF6+9cf/0JAQI69X64fkYI1J+yBAfnm9vvX1GcYIhPLh//9pjy116kGmKRHj77ua7r9y7cjwsQojjBoejzS5eAyAKZw93r715Nm23RJFofPrJa9uJIiAC7Ca6e3974+3Lq8cwRYgwIQyX65H5h7sN3b27Gteb9Xba7nZHi8XZavcCBgwEGFZrvP3O5vJ8tZvG9Xr1vvdd+cIWEMJEQARnD+MP37gYN+uHZ5vtNE7jGofFh1567rHTYYpwsYoXq7jaTN9/9f5btx5Mka6eLp575tqOwpWBdiOdXYxE8PrNy1ffunj9rQfTtLt+ffjgB59+4enH1hu6vxqvnhDQ8Nbt1d/+8MHlxWVAevaZaffBxenJ4vEnAUMIRNsdvfPu6sH9FdEEYbh25ejq1dMrF1N6guP8cvruKw8enG2WQ1guBgz4vieWw3I5EcJEmx3cvrN+8+b5ZrVZLHAIi6eextU2TrR84sl4uhwu1zTBsN3B2+9e3nuwHgkxTk8+ce3DH3o6hHDn/jjhcO/uBhaL5UBv3rjAANevLR6u4pPvu3ayOHp4Od17OCLtvvPDB7fvXQy4e3A+PveBZ5554uTBxfj9N1eXF5vlMgxA6+2EC4JpfOLJax96ARDCvbPdO3fXq5PF8RFMsL13f4uAZ+erZ565HtfxzZur9W67gAjD8NKLT8EIt+/u3r5zefxgee14eOf+arXZnCzpE5984RlAJNqMdOvu+q23LweaCKZpmu7fP3v+2ctxokVACHC5ie/c3d6/t9qNOwC4uLi4/sTVMS34QgTAs7PN22+fE0y8i2R6+XyX9yQQEOC9++tXXn+wgAkDri5XEWCzmyA9gAT04OH27XdWm9U6BNjtpiGM56tt6koYJoA79zdv3jxbDDAE3G2nx64OF6udaN56M92+/fDdu+cD4jjRYogfe/lZAkxbwrYj3b67efPmxfEQKdL5w8urV443u7Qlg4jw/GK8+fbFdrUJwzBOdPXK4mI9Adu0aYSzs93b71wg0GYXd7vtB56/3EU4SesbCGfn29ffOrt6AgC4Wa8eu3Z1ijAMaSUGzy92r751Nm5Xi0XYbsbjk+FiHSE/DYLbLdy6fXH/7OFyCJvtNAxw596K0vO6iONEd++t37pxNmDcbicM9Nyz1wGAIsCABHjn3ubVN8/vnuD6crPdjdspjDHIdpPL9fTWzYtlmGiKY4yLRbhYp23zhAjrzXj33vbBgwuKcTtRHHd3P7IFzE90xhhvvrv+3iv3r50uEANNY1guCXivC8BqFW+8fbG6vIC8W2l6uJoA0tNWuB3hnXdX7949XwQAwN1uvH++4/1sGCOcPdzeuPGAy3rT+5+9Him/rZEI7z3YvnXrfKCIcdrstrvxZDtBShUC4HY73rlzcfbwMmDAECjS2cWOa5ew3cY7d1a33jmnaQIcdtvN3bOtPMcHBBcX463bDyFOy+Ww2Ww/9OLTREnUCIAuznc3bl5sVqshhPVme3JyvJvSNnJECJeX061bF+vVahhwjNPpcWYpRYABdjt68GD77p0LQBynuBimi2RLEQFgt4u376zevPHwyukCAbab1Z0HuylmHRlHunt/++at8+UCieDi4vzOgzU/8IbjRHfub27cOj+7OoQwINDds01aiCWEGOO9B5sbt85Oj8Nugrjb3H7pchfxKAABTBHun23fun1xZYkI8PD88n1PrcYJlumJR4T7Z9s3bjw8WUzDEB6er3Cx3EUEQIoAhBeX8c2bD3fr1WLA1Xr32LXx/HJMJOMirLdw49bFbrMmoPOL1fn5lcsNvQ8x7WbdbOIbN8/vPlifLvDiYnXtseXFJvLCIe528ebbF2/cvH+8gPVmtxjok5cj6x2uNvHtd1Y33z07XYbtbgwBXnpxlbwtII6R3r2zevONe0dL3O6mEKbnnnuc8jThboTb767euPHw3oKmaQwYX/zARsSPIN69t37jrQfLRYwTTAATwWpL147yktH55fjGjfPNek1jnAhPjuHsYuR9aDhFuHn78rXX7w8BcMA47l544Ym8gEtACPfONq++cRanHREBxqTItAgx0jDQ5Xp669b5gwfnYQBEnHbTg/Mx7Y4AoGmC23fXr71xPwAh4na3fuapa2OkI8x7Zu6cbX/4+oNA0xJgvd1crKfdyE9+EW238ebb5zduP1wQYYCHl+sHFyPx8jIAPDjbvP3OOVLEEC4v1yHgmPbvEgDAOMGNWxc333l45WiBSBfnl1/43JpeTqjRONGNty//7vt3jxd0tAjn5+dPPn19nNKjpwQAZxfbW2+fj9Pu5GjYbMaL9Xix3kHa1xFgGuHOvfVrb94/PVoMAde7zUsfeiqm5zQjAcBmR+/c2bx9+/JoQURwfnFx9/56jHA0ABHECGfnu9vvnANMQwjr9e7qleXlugjMZge337184837iyGMY5zG8cUPPAH5SXiMRPfu715/8/zKEcVpWq3W73v62hhhGWACAoDNNt65tzk/Xw1D2O4mArj3cMuMgfVmeufdy3v3zgPQajdBnD764RXIWgjB2fn4xs3z66ew203r9fro+JifUCciuFzHN26e0bRbLsNmMx0dh7RhJxIA4G4Lt965fPvts8WC1psJAO6dbQAAsnHA+w92b944OxpgvRsR4rNPP8Zr9UgED85333/j7OoCpt1uGqennzpeb+nqcZLXsNvFt99d3Xz74TLQSDAgnK3GxJYQYBrh3tn61tsPB4y7Maw3q5defCKtRiZFW2/jmzceDhgBkab45PXF5SY+cS1tSaDNNr558/ydd+8jRARA3N472+YFKcJxgpu3L1954/7JAgOG9Wbz/AurGAnyImR4eD7euHl/miYgJJimOG1GftMRwOV6fOvt88vz9ZC/ZzU+vJxkC+4U4Z27m7duPAwQh8Xi4fn6uecen2LZvPvg4ebNG2fTdsQhbMddct9iq9fb6ebt84vz9cnRYrfdPXF9cbkRWYLNNr516+K1Nx6cHGEIYQjxfDUBpn2yFCPeO9u+efPhckHHy8XDh5t372+3kY5D3qN7frF76+YDitNyGM5Xl4C42RECpl1v55fjGzceXqzWV5dhdbm6crrIwUzMwcxbN8/fvPngylHY7qbNOH76bEsAFIEGGiPcfbB+88bDs9MQKVxcrheLsBqnJxAS6evNdOPW+d0Hl1ePl5vteOU0fOF8K5HSOMab76y/98r90yPYjVOcds+9//EsS0QT0bv3Nm/eeHB6TCGEzWa8+thRxo0AAB6e7777vXdv3L7/R98I16+ffPLlZ37mp158+aWnyvuZW7kbqmRKMqz5LK70QJ+kzR+UN3Xn7SS+J//UGV3KbzHVU3NX3o5iyWhfLFfQvlrYwiHZly5JadloWcCVvoUkSYzt0EwwMYzddvf6W/d+6+s//NsfnB0N4Ys/8fy/+NVPPH39KG3Hf/fu5vxyOyAsj4YQcEB67PrxcgjjLmLA7Ta+e/9it5sWwxAQx9109frpk9dP8gt2EB+eby/OtxAwIIzjdOV0+cQTJ/nx+RDuP1g9OFunJ6iOl4snnrzy2JUFAhDFBw8298+34xjDAMvFcOX0+PR0kZYppkh37q1W62m5QAwwDMO1q8ePXzsaQraq2820nWi3HbfbKUI8PT66fv1kCBAjjVNcXU5jTJsAd3GKp1eOn7h+ml7HgoirzXi53u3GKZXxTo8WV68slwuMQAFxu5soxpOTxXo9nl9sMOCVk6PT48Xx0ZC8+DTFgLjbxv8/a38edNuW3IWBmWvvc77hju++qSa9qpJqUJWkVmkoSaasiRIIIRHCgJAnDBENQRPQRLsJOtw2PRH9R3cEtqOjCblF2GE63EDTxsgaCCHABmTQgCYklVSDalANqvG9e9+dvunsvbL/WCszf7nWOufeB97x3v3O2XsNmbkyf5kr19rrXK35wcNLTnRyPN+4fpSEdytdLQsnSpwuznfnVzsRmic+2m6220mypInnKbFkTnx+vpS9o/MmJaHT062QbDfTusqyyv2HF8uyckopJRY+vbbJWeaJ1zUL0fn57mq3Jqbtdt5M6eRkri/6J5pTkizbbVqW/PhsubxaiClxOjnebGZOiZdF5g1fXiycOCV+9cElEd24eZzqNlEqW36XZXl8thOi4+PtNKXtnKZEV7t8cbljks1mLu6QmGWVeTNtt4mEdktmou1mLjtgz852aZ6WJZ+ebjaJzy7L5sY0T7w9mvJCj893a15J+OR4Pj/bZWJmunbtqGxYTYnOL5arq0xEu3W9ulpS4mdunR4fzTmvKaXzi93jxwvXXaD5ardeu3Z06/rxxJKFpokfPLq6uNipKRNTunHj6HibljUT8TylB4+vzs6WdV1zzpeXy7VrR8/eOZ0Tl2Tkqw+vHjy8JJFpTvPEiej6jaPj401ec0osRK/cPXv06HKe0zwlEZ4S37p5fHw0LaukmS8u1/uvXizrmphyJhG5devk5o1tlsyc1oVeefXi4mKXmMr+qOPt5vbto2kq5/Lww0eXDx5eTCnN81xeYTo9nY+P5nW3TPO0CD18cHl5uSOinLNkOT7d3rl9yrJmYhG6d//i4aPdPJWXk+T4ZHvnmROSzMyc+PHjq1dePU8k2808T7xkuX79+NrxtCyZmS4u870HF5QlJU7MuywnR/OdZ06WZeHEJPzgweXlbklMZRP18dHm+edO17Xu7bl7//LBw8tU3ltKabuZnrujXTM/enz5yqsXm5lS3U7Ht545uXY0rbkYYL53/5Ikp8RZZN3l09OjWzc360pEwhO/ev/y1fuX08xl++nRdn7uudPyLgoTnV2sDx5eCslmSvNMeZUbN0+PtvVnnNcl37t/URZ8psTrKtvjzY1rs75Cyg8eXj16eEGc0kTrkk9Pj565fVReYEiJ7z28Oj/b1QOsmLab+Znbx0kkC08TPT67uvvqmQhtNnOaUl7p5s2jk215UyEtS37w6HK3SPm+Luvxyeb2zSPdFEMPHl6en++Kt1iWfP3G0c3rW8mUs2w26cHj3f37F8SymRMTb+fpxs2jsk+YmR88vHx8dlnQouw6u37j+PhokjVzSle7/Phsl8u6hPCa882bx6fHU0n273brvfsXF5dLSpxSopyv3Ti+fropZ3pe7eT+w8tlWaeJ54nXJZ9cO7p+rZrAssi9++frmrfbaZ6mvMq8na+dzpwzMa3Cjx5eXl7saq405+3x9uatE+bMxDnL/QeXj893KfGUOGc5Od48c/uYJQtXaHrl7uN54u1mJsnTZr5163QzSc6SiB+f7159cFE2RmeRvNKdZ05u3jhadivP0+Xl8ujRVfH0y24l4jt3rh1teF3yNNNuJ59/+exyt8xT4pw5Tc89e3r9ZLPmzBNdXuZX7p6tyzpvZ86SiW7dPLl+bV5znlK6uMz3Xj0nkrI99GpZr51ub986WhfhxHnN9169vLi8JE5Mec1y/frxndsneRVmWTK9cu+ivO3CTIn59Nr25o3tsluJKTHfu3/x6PHFPKcp8ZJpSum5565PXPZ/p7OL3asPLhIxM6855yzPPHN6ejSVF92zyN17F1dXa9lTmLPcvn1y6/qmvI7LzHdfvXj11TNiLm5omtJzz11LJJIpTXxxsdy7fy5CZV/8bid37ly7djJlERbORF96+Wx3tSvv5Oyu1pNrx6974TQxE0lK6eVXL1599UwyTYmmKc3z9MLzp8XEpokvr9bPfekxk8zEK9Oy5GfunN66ti0h4DSll+9dnJ1fzimRyNVu2WzmF56/vp1Tgcrdbv3i3bOLi4WZEvG6ynPPX7txbZvXVZhE+PNffPz4/Opo5u1m2u12RydHz985nZhXyfM83b9/+fDx5TSlzZTWNYvw7dvHJ8fTumbmlLO8cu/88fmSUiLKV7v19q2TZ28fE+V1oc0mnV2sDx5eSc7TzIlpXfLxyfbGjSOW+jbjo4eXZ2dXnDilJFmy0K2bx6cn87LmaeLLq/zw0eVut04pkci6yLXrR7dubJdlLRtbX32we/joajPRlJIwHR/Pt24clR83mRKfna2v3DsnlnmuL3mfnG5v39iu6zolvrjM9x9drWt5AyOL8I3rm2dun+jpcfLqg8tH50vdtiz56Gjz/LPXlmUloXlOZ+fL5774iGndbDabOa1Zbt06uX46r5km5qvdevfV8xIlEtG60vHR/Nyd47xmSomE7j+8vLjYUWJZ87LK6bXtc7dPcl7Lm8qPH+++dO8ikRQHN8/puTsnxRWmxOsqX3j5cdkKURJw128c37xe1js5C9+7f3Z5uUw8ZcnLbj053Tz37ClRgSU6v1hefuU86290zvP8/HPXpiQ5Z2a+2skXvvS47F+dJ8pZbt26dv10Kkuv6ypffOVs3S3zZppTutytx8ebZ28fE1EmmlN6+Ojq0ePLElWXKLFEBTnLlPjsYrl3/yrnPE08TYlEbt46Pt7wugonYk5ffOX86upqM6fEaVny8fHmmVtHiVkkpzTde3Bxdr5LzJLzsspmM925fbzdTmuWaeKzi+X+g8tlERLJOW8303PPnm43U8Hbi6v8pXuPLy+XeZ6O5kQiN26dnhzPeVk5sQjdf3BxfnHFKZVkx9HJ9pmb2ySSheZ5uv/w8sGDCyFKzFdXy3y0eeHZ06MNryvPMz88W+7eO9stspkoJUrT9Myt49Pjubzvc36x++LLj5ecj+bETOc7uXXz5Nnbx+tuYWZhvvfqxeOzq6NNEqLdbt1u5mefPT2aeck0T3x2sb5892xdMzNLzinxs3dOb1wrc5C0W9cvvXJ+cbFs5jQnEpGjk+2d2yeyrkJJSF69f/H47Gozl0NESYhu3Di6frJZ1zzP6fH58vnPP7z76qNPfPrVX/uN33n0+Oz3/O53/YHvendeq+rqrtr6y89h/2n3XniYlOF0C7a12hqpPdIXR+s3qT+q16yJ2vyP+9vjfbz2E2flnUBuysE7zbTvghkq0qj7Y/ec3htb6AsY1ygLtqVYkZIKmub04Q999m/8vQ98+uXd13/VG9//LW9+20u3N5v6Akp9/7VpmWRdJa+SiTjxlJgTi7qxLLSuUo7SY+JpxlM1WbKsa17roi1PU5omSnpkf5aas0zx5yBWkWWRdZV1JSHiRNNUTnaRlMqZbPWUoGkyiXY/NSNUTh1g4lzfTi2Cz7vSsjARbWZKqZ5DRLm8slyP2yWmeaqngs0T21lwupjuE37LSJSrvPcoyosITayvVguJKIZzOeORNjOem+lqsGbJmVIqExLKQjmXQ4so5/JzWzIl3sxcxMO2xk01/ZaF6mlqQmkiNyvinCVLfZdc1UbfTV2lvMxZYhH2103rAsyaSUTmlNJUqS2LPjVvL7RmYaY5mXlXcyw3ylGXExzDsKxUh6AKUFhta1ko61Ei80QplVlMfeEqi+Rc3jehKfGcmjevqbwIV1Lr89QbjqxZJHM5j6Aop+8YELpaczmqJDFPM8/s4q0KXBMvRESbrv2cZS0aRTwnO5a5drBkWZe6aWPiNM9Bg7PQUt7VFmamafLXFMuQ5cxLrof9z3NqOheiZa1n8nKiKZU3hqpkstBSrYOYaZ5Q/4SIs9CyluUKmhLNUyovW5SBFKJlkSxZhKeJe8Z3S1FASsyN2HOWJSslTJupx/ZyGjZloam8pqVUEVEWWcqYZuZE88SgR1X36lIhSaW8DiYxcdbGhYSZ67vpCp9ZCjKUMeV5whMgSYh2az0jMzFt5nB6jJDktebhhJywaoxCWXKup2LwlOpPCNhh4EIFSEnHixgEk4WWtU6qOfFmpgbuClYQkRSRVhWtR5+smewIlpR4SpSS1ecCLPUpD86y2i05Fyuo+F/XTJg4E61rObWFpsRQtzq1daWyzJiI55kQJ0VoWetwcKI52dnDFTfKQBeAb3RMCstSD8KaJja0McnslrIuC4QpaK9C61p/K2yaSF+bVGnnel5OzlKeqjyJmdZcz7MpaQh92bU6xALvdRmcB5izlFEmYeLy+jcwJctSV9eLX2hZXssh31zmaZMe/1sAfF3L66tl9y7PKZiGiKwqT+oIK3CR9TfQpsRRuymLLGpZTDzD0dzElLM2zsxE4amKtByWJiRpcrASIqFanevB8byZ2zBE13WJBkeb0Cq0LvX48US83bSQsuZcDl4W4c1kJ+U4pJR3IEvwNSUG66CcaSm+NjOxzIkVxotycVFUY36a2uMci/9SP0JTCuSJ0LIUuydi2kzlhbw6sllkKbk2IiGaEk9TOOCxQFZZ35iLnkfec/0FAWFq9ZwqjFevsJk9DKnjstbz9cqSe3QTRMWJiJQTjDaTh6ZMlCug1eh2nniKwFKVWRKRpO6pFMbLLoTEcwpsVbRU4J6YmupLplzjy2qkoetiwsUlcOe/hHa5SoWJ5w5sCxQXCJymOqAWFq6q6kTSdy1Ey1rPfi12pEcM1j/LomAsNE08RZkrehCRDHyrFN9agupB13kthlBtfNIj07micT2VkIqmNQiQRU8gr/6r5WsR0d9VnKYqEwuac845112tU2qHm4hW3UgzTe2u1CyyLiQ6sZkmtWA99Fiy5Fx9+pTSPFWSfuujL3/8t7/4zne87q0v3clrbn9qqR5M45O1pl+Yf1K75CcqqeaHVXChEX4ibt8+275T7LopwDlnmyDLaAEUVisFvmIRbQ6WLJ3V0Eh7jC+M54hanfxyDfm96wKukmXaTB/88Of+u3/wkXe84w3f821ffuNkWpcsrEd8F0DJesgjUznYQ/R3n7JImXsIM2VhppSqZy/V11KbdELjb9oyiaxCIpmYk0hi4pTmiTWylVx1iPTsDBKiXCaxykbNbyWep5QmniZikryWH1mpDqQegcNEXOJRWpe82i9YpFSmLlT2X+lvTjIJC0s56j2xOQDWI6kmzuVJmupajS2Ul2mCppbr/+tKix4SmjPZr0hwFQdNidLEM1NKdWJJOlUrC02c6ik761qjaqE6UxIpp/j42j2zlDMUyqu8Us5WkzrLLVGx/XpIGTam+hOFoj6mkFvCy/rbBnoW7qrTnkT1+MKS0ajWICLMWQ9Ph5+CgCluESYRT/ZLgmrXzGvGX+6pdbkKtLr6Mm8XTSQwE6eUJk1A2c8JVJMRYj04uVTLJR9doYOZ9HRKFpIslNcqjxKU11fxdcNDFpE1A+zUSZ1oYiELSc7V+kpQncqp4zoi6rYKoW47zFWLyhiX04tS0t8Sqe5hldX4Y66/FcZivwuXSRMQmYi5YnSR1pp19LmExql4CK5BTFFfwBcur1pUcMmiP+xbNbi8iVwyXCWZnjVlwMyUJrbhrT8GoigolKpfLEYmlHP2I5uJU6oHuRehlROntC6lVI8ZLj/NuGTJObM2xinV6FCISH2SslUVhm1OWKYKzlfxyqIOWYRsxJiZite0szIhKC4R2jQXPspuOqo5nFw9cao/ZMJF4HkVksxcD79KKVVdEyKSErpVaxDhKSW3FSpTf1Io4MQ8sc2jc5asP9+iIZb7uBIx2m8oMVGq7rxINWf7zZAiNQVMEcqk6+kagadpSolY1MKyEFmul5nLeST1VOqcsyJGHS1VARaWvFbIqOOX6rHnXI8JoTWvFs0QMyeFaZayMlwrCyWilKZUD7GqubZ6uqNI2euR9ICRXM8hFwX9YrYsQmJPpZ79xkxlPZzUcEp6qfz4TPkRgEl/X6gCl/+GSkl0slT1rIhRtK2sG8xJf5BJz0fX/DSL0DQbmlFVzsoiidjx23Ws13JknWLvlBInjaS5TghFEYOIk8WbTHkteKrPirCT6n5JZ+RciWNKFW046elqBY4KOUI0lXfuiYss1+w/lVW027wKEeWcWSlnorKWaC4555J6kGrFpOea65tMRSwGrSX7ZgiSRU8RVt+VIBWU67wlkx70mXjiiR1aS4xNGlYRpbqpRM8vqrCih54Rp4o51ZHpDKC83sDCJY9QcJ9yprXiIRMJ1/MIixtXI6pmTUQ0sSV9Su4jYCkn/U0ooWJi2dLwVHS15lbK0Gjj1SqTJW64HllU0p2qo6lOhutTyavhNBPbRL16x5zrUbsF5aY5GQoJUV7rfLF8T0k3lhARVX2rRldcZyrxfTWk+hsoasKc9ISmAra5aqM+ZdWYErXWo6vKr9sxMc/wnpvoubGk1jbpr64WZS6/41dfgavpKo14igepEbkI8aTHSlroKFkMyZltoYOd8to1E6cZQE/0dyKKLggnO4KShDKtBj4asqT60xUkRLJS+T2sUpeJSjq2TjXqT2lV3yrifplIZKWcpcCe/mqaGiGx1Em4nYdbQwIq57QVw6/p0po7m/wkz+qXMxn0FQDiilyk0bJiclXzVHuSmmmSzYY3U9oJyZq3U0hgCCBbmJ3Ft0Jt9miFsYkmSVaKMZaMB/eEaJasrOhEXQ2XtTW2irUjVuutqmgtOhE6xyAI5pr5Z39Vq2k48clnnQuN6wYCRCXjXZdbrDOAi4v1k597+OILN26cTBeX65Q4TRMnmsrymcU8xdWSxmr1X88uC3nD1nnpRJgskNeoN+RSUhFdKkGdr4gK1VPsCpiUTj1ELG9HcZmFcko0KUbVk7iqszMvW5YNq5+rbWqzKqxAXZ0D6qioMlUiqzvkeqaz5QRAHFXncl2urL27RsB4J6bKQrPqrMxWfyOib51V4m14bP5A9WcmRQNYLnLjRj1dEYOdtdplwjGLj5d7P6JE9ed3dK6iVbQu6wKsi5TJhaUNGmsozOY+Iz1uYXUcWOMVfxQKGJM4DDUTAYpaJ8bODquwHIaKe9V41MGFmNRvCa2dwQZVQSI8I1VJKN2I2bJhnQKyuhzQUuik1BcTAsoalL/KczTKLWJpO4XNrG4Du2boW8gfDPFRzxyuCswuFQ8SxN+yUZpDIlqjA2Bc1d8Rk7ktFz4rU0JAhFZoNZ+bv25fduq9uLKrDDTDhZWVSdGgpRlMz2GU+2JNgzY3XqMViCgCl35iQbZf0KoTd0USlBKyUXC4LVOdd0LJ2G+0cMBtpxmMCW0kNC7af5hSuTDMQhsdqwFJq3T+x3tBt4VUWvZWSODMenSFvRYSlNGJfad+YPjS1XVE1JNYbc7izIYuVcsrJlQ004k/6UyeqrgdRgq79WBb1p99Fm9aTEpsjDc8Fm6YyX8YhYg822gBGOlspdAgLmPSxGdtXyO06sXCL4m4OVRp1LEQoE2bKCwaJUG80CRw7bfF4LcTM9pbXX0h58Ucqpo2ld+uFR87UDgyMbv26Q1VUURpHY8QRmg9jYQxHjGRtBjWoIYOTSSs5psE2KqSMKzmol+x+QZXGx9ibZOmftyvQfsZxQMaXDXOYF1wdAPXZJDK6s6JiMiO9I9zh5rnTuRPVRdr3y4gYXHfGMzXnIYG2oz3gxFJowsoNm9TK1aoyMAuwgfeVEWr5o+yczRGSzbl1t+jsgYDrHHFf7vvVJukjQB2Spy0Aj8etAiMEPDPTAHpFDZjrFUHSGdoQj4NCS5SiERSEmKemdcsL987u7zYvekNt1O7D8BEMj4OlogOr2E2c9RoZMacvXkZ7zqn0t0Ok8eZDl8ysPenuQTHNXYfQ9MnXoBDxmpJw5R0OdG8TW978zOXu/X8MqfyiicRCa3qbGq3gR6mmh52wVbzgB1T7rJa4TOAQG22bAyzHyDJUJaIkxZficq+0QoNsLeXhMuCPttPLALlLjP1q5r6CdYoWpLB7aDjUxPgLJUSz0uYtcUKpJLkit8CI+wly2u8YqtO5k7q57qKUkNIcA1EVBY0IBI1gVvGxvLFqFvldTDSs9+NZq7JFNK/AzXGMWUBMBmV9AXw5glgLfrdPUpexm6fTXElxcNbpNT/hUlBMGd19GJ3ba5QtdpTkY3rUKVSToJutw5eA2kbXPvpXmsDPrn7BdvnVtACH3QE9StufEFRtXdKKRfIvpEv4OvsgqFXAQpRSVgO4hGxYYLOO71QFowdsa4aAmOlllCnUJ5Q1O8K/GEY1BbOPWypz2Cs3RbMLzfuftQ1154gFNhPdLFqT7UHTPXPbveGKwGySZXErxqlBa0B7HN8kNiOdgcse0Ycm6soTYYyWrklLoCM/wkBDYwtzPRURta3hYStVtaOEHYpkIVjiTIL9LQO2/9iW9HvBd5QQq7iYq2LQceoDQbw5XjX2mHBsFgCPa6f3ojKLY7yYEhaul2UbiLibj2RGjQivESBF7Y5PLfuGkPDMvpHGlARRH3IS0auQ3niTsGs6CHoaYBRDVBGA68FIDjx4AOBqKnBRGK/KBJKB46phvAN/sHXvX5EHBUidLZrDkQtnO9R8uEzwco+lyDClShxQ2oMpBGRkAJhwBRlOnILjsRUvNS1vSOgwdi7fySVcMeakA4OAwnuKSyVJaFtY8PBCLGl6Vol4zmb4KQsZRejHBeIH+Olyg5fxHpo0LGfk4neFqWJHUIG+huBmu2sMfOhOsw+pwTxIE77MBnxuu2uUcKyTiDEtApv091753/nJz5w797DH/gD7/nKtz+/lu24EKK2a6EdD4enoIcvHphWvEZdN/TMdoPdWGurJYSAd1GZ1RsO57L2vWYrSqKXwjwb99D2ZOHKI+RkHC2EamJjTum3Pnn38186+8qveO6ZW9urq0WIOTExr0LJjLrz1Di7dCfmt2gkUE0glx1/dlpSZxJFlyyjbBrKUveAqhIKufpF0sQfZfKdJmbBZZTKHWZKRFnhw1qumWM2R+BDizjAAbQYqRgpFTOXOHGkcNqhTRQMbw1ezedKfU2a1FSqldu+UBdO4wfRvONlGGuKiphdVVlZDbiN/Yx0U9fuAgjFKAV9CCQWFVZA+8lVsgtUlXAJaytaAamqNgU9N4qIMYkJGIybrUwkjQT2dmJDVibbJ6kyN5RXRQviUwCP3DA0bWwgdKBbs1mMCRkcmyl31XtDMzdSb8Z9ApkKRhoajoVCKUHXpEblgh14NPHZSae2OjCNk1DQEG25hEu6sgAe1oq0/pFZeSwbRW2IcbEheEltwpSyQJHoALqS1GLBUaAMwevWNKDvQMEsdoUsk12c3SIZBLEE+ZZokFdZ1rNscrBgiL3EbhViDDTcAdb7umrk2b0YykLW1xS1DiObJegbH1q7qLXhs2a7DAkBwF3qjjC2LR01gMhAXNy0fDxh1Gxx3jgFp+4D6JKGYdU9xpgIBhGLh0qAuqGTDqhqDFFlJAYS3rlLzyHEerRcYU2Gcmi6+euM+wNdVtXIo4KhhouY9Dcg8VbF+SOCGMOEpveFDdICD2FrljXso2qDqoQDJMMfJ3KAPtovG72i+4e9vK1mN2iM3altopAtCYf9mkYZbWXvoHbDJNkHwsYfRVc+q/FjtGgJQzUL8CLVuBpCYqOOiyYf0AfI57K7JlugqvfYtYVDpdCVeVEYl7AVUcnVrnChuUksuHwayI0mTTr3EcB5aauqxELDxkq0UFc9Ip9pqj4ZZ9VujHFlk63RoDUEA2VjqypeUFPcd3vb4v+z3o4whMVY+WF8DHNAcVSPimM8xjjTNnARWdAcrNm01ERY3n0rwlKbVbUhUv9TWvXJcZGtvtCAMzz04yTMIrLdTkeb+ROf/NLP/dLH3vaWOzxxzrnuaGQKTtoMookCyaegFoeEaGRPcBMwpGlfJJRXoWMgbCmgJ61/IqlgS/sLwvYACCgD0aNpcQzCuiKK9fX9bqbd5fLT//zjH/nUq3ee+YZnbx+lJCI6aBLS1YKysqmYCCTnmwwAQqIpNDMTJ+ZVbPespTwcxIlS8ZYQCiD/RJTcxQWZ2kRAqL6OUZvXyVQMKQCXFK84REzV7cA0vuUQPVkLEr1AmEjI3zQrNUeSAyzS5ruVE0bzAmJhljDKy7S9xfUllQeAWqylauBkoAeMkfxQA+sTcITdBSlBasbMB8MwPehI0BdQ1zg0hssOa11wYl9spy2BtoPOhXaduiC+Po1VsXgA290NFo8NpElxeaE6wx7Ic79SgqD0g7l1rw4mHKQdoxW7OSSAm2L+BfQ5DNQhqgdcxFHDYKH51I6MRnrDdUbYAKAlJSAHOUjWZmLr1BY1ZBmONBDUum9gFOXH7Rj4N27EEihHXIZRUbcTG4W5H6n7b6DC7vdc29ciqUTUjnXgpw2KrJ/yXEZr0OxA6g4wyEStuJc7ISUh/d+S1tfpxmif1sqhh0SKbEF5OhF13wgHMfTPnT735MC0SX2x3RgQuO+r1MgDbEAzGT1StY2rzw33XInYBc9k+aABOdq7PXMlHRXXBrWKKjlZG6b06mi0NCbuBk0GHiCL3os0GI2BnmZf6vdRRyM12EeMBRKh3zo0dZQ8BjCQj2wMyO4eW46+MOHMNWPTktHwEeKH+NR9PWhrSZ7slQFRECfIjmG9ITDmKBk4tX9HlozWZ/HXQXb3DmDdKYLm5cjX1YWWhdjcf4dU+hdzTCwxWhhaVIvRZXxQRpHeKtyIvaFy70ChajOY1cHFqYy1AuYhzTjbpB3uVNVmIhIuO4t3y3r7xtF3f8fbP/Hbn/3tz9z9/Ofvv+nL7pTfUCCWnsp965xMRA55Ph1t101G4z52d73wTPm74v4W+8Fr7+M60WZ/n6U44WYObQUaCvR+Zb52hkPTuTARmdL0mc/d/+hvf+l1z1974dljKq9DcojDpRChf+CDc1wyoBXGSFMG5avuBTXbq2l0fU+SNcXAOtRMzMKO/GKJV2uUmMXezEylqtFQm6TyfkX5r7x1Wb+2qMKWKqtflWwGiXPdRxCDHla3Jb5ga51aX0IqN6jXbJQNQ1lDB2vW5a0jUNoN5IB0iGxajmMTkFZ09l9XCm2sxmQRUbhfJAZfcQRKwyLSzoW8vCiIaXGG9vwdy8psF/uZtlBd8ahzBB2myK5JjkCXOGzqEuE6VNWh1UGigDhwyxAdPzB1+qXNg0y8jKleeXcZeFMKTE5mbSqzCGaFQ02csCqe8gvAUnWzcY0uOBAy0m+f2iJV2DaUHro1ORvxlhgaYBIu0odMsxUpqm6yMQwK7ZNapqqwg46HKEZ/jQjViqgiHoMsO2YC91KxNa6vKzuKn2js5DSxeVkWZtA6pYV9sdAlosyia65mzkapwGckWJAWkQY0UCSk2aMqALYWSNCC1PNrgtKUFzyWoYXihpixohoboajJ1AU+FrSoNF1DmOq7V6JqA2IQoEhhnRA/UC1rGaDL9UwxAxQ8aLIpnMsev449v3gZ2HQQbUeBgqieLFIH2mzE6emHnluSaGA5DqVKk1hRLMgosuqeVH9N/QzFOaAOdeKrjCoNHTVs40hN6q8yALpRujcWTDvMLZkRRpQzs3NixNgq48v9EJNTVkxYXRBSxcU9mzwYe692FKGwshIE4d2jfxT0ve4eYGCFWaoXKB8cT1jBB4XgaliG06kN9IB7NDSj7i9obJVEsEjFCwM6cf6Kwjg2oAWptEQR02gRjfmCPKOOE3ks50pQakPsbtLuvGFtwZXYdRdQ1KhVh4Q2EAJn5Dw23txkhmlnMF73kRCN1weCX6p/x+5CThnFb1DOOnTC7EPkTbrVYaumqRX2A/hUTBB9uwzJNC9UHLJFJGB1NcLB5SBl31yL8uAeoloi5lQggZWF1jW/+MK193ztW77wyuOPfepL9UcK/T00pL81V/Bqdd6juNFqDzcfeE8i1IASxdMjhZUkIqKZgz1azEwUR4DjxzC9dLLiCo8I7dl/jJNsIk1BWoO+Ml3dBZsuMZXI7Lc/e+98t3zd17z+uVvHy5qZUiJeoQdS6OIw6Bi5I/E4aN0IWHq6Ii/8xED0G6zkk4hQOdbfBtVlywn03zt2UfmLHm5oNqCSKCmqKsVGORdxKWJzeJuazO/HMQneDITjooDgjEQlwNhQq6UqoOqy1I1gZ21+xdVSFRmmgYpMyAusIFbHOLwwQvTmUKPDJIJ1sL1E2HKhMSmDpohSE7bmSdQ31RV1OGHJoI9oCMWP3HC4wUqAduzzAG/OvlWSFBuqXnl5u+cdqP9U0PajrTj+JRLLvElAFbW1RkkCOIXthUbrGD6w0ahCbaKlMOCzHQJvBK6khVTxn7cC9wh8Ytfu1zuQN5UbZx99kQNkWfBdKtCp4YiiSKW80hPEw/GvgD9AqkSFC6tGQI7qsGmHqN+uc7zGtRbXSR70G0+u8KrtbmQESmBRQic+46xuZCLxoYrplcbWSJdHhryzmhFx/V2kslG5PBXrE5nRmAbb60AP4RAsKNRRI1SMiCkMx32g3THF70vVla6D2kwwMQvvFVuFUbkNk0i/B3KdK8y1DGBbLIzBBnwvYm2wNoXUqsJAVOCce2edwLn5An7G4n5m05XGrVkPAs4cC4Y+7YUWq8dUD3tWC6XafYQ/QGwmijKsvanNq2UGUAUn0eVFXT6GhGH0qmOKfkDxZAQeUQQoqKCB0Ci0DM5Y7axRRNe0oJNBFOSjARku3wSmwG/aSx4XdEsypneuKygpgQhJs0ExvRv3kPreNYU4I0urmO2hEjn+CRPEZ6SbcDur18icBwoT2YH/yRjx5mycg6tkHzNWql3nohADmjl3rL1iupH9TtBEb0mHyJUR8NOcSyXIEuDeiqueWriQgg+4B1cgyNfrtucKhKiEQCgrKBMn6Ep7ADgOmut/uX+npvCEqmWTCrzCIBpzgUqtkJaVjrbzO9/6ws/8/Mfu3n20rJntTHnSsKcgDhwOLzhMsFxQ6tS8QdgrWx8REgzjCRKwWsE1DByaEpDIi3cI9DQX5D5VLw9uKejqVQIcExi/qjbW9pkoJVqX/JnP3U8Tv/jsddbfKB8tljUG5d4LDv0lCp+oGexBCandsP0X+2WNfUSPWDRDsX+69UkEHgsrSoLIkkR7L7d/zfSjOwglu4YMqpr/SCFenHnW93WqYhk36jZQouypmxr9d3uVmtZHI6iN2j8tT+rsiMkWhJ5alTUNOQB4jYor2Z1Iu14ayxuQ2lXlplyUR1/LSjV3bW1EQcWxv28McLLdxMLUjZH/Z0233qwZRhKv6C1zK6297O25xBrF4eIYBbWbvkRNvW3pSbfUY3BT6gmG+FquGP5J85d1MVt9Tif5qLMofanmF7xqUB+1Jlv6kCDSdvTgTzOOpmUendLguTMCN+FL9E7sOmS1I6u9srR30E7d2kyHazMs0D0KrFUjqIcLQMwhyILeO8Vx7aXQWnMZ8uLXgXEZKV1nB+iAlqL27EtoByWIqwIj9vcgr9+Ttiw8Crnv7vJB91Vp4C/43/gBVBt8cIC2Q+BTq7e7A8HdNaFVhEfVOW77CxTDqmDv7gOSt1Y0gFYvMEC+EMcg3lfQ8Ew8EIjrsNQPkggMRgNEGE7AtMHilcjniBEzGDH/XhbF2qkmKmPEi0MRabMDtqahqIy4R/OhxXYGNSAXC4fbEj6GiWtfnTncGzrzYdAwRCWyeE4Xnbx6hHvUZ4CcPbDrkFK/Bo2NNQEBu6biokBrR023gJA1PBNYP9TDByqB0khpqGoC7dknMYcpXivEmd7WHnXQyGXsOgfrjdawL+KLJcu1QeHyU9Xy0htufu/73/Wur3zDNCdLtelEoN2I26thQ7StCI546RjcA9edGXZr/HrNoa++fT8GWBvaE4GJ0oeLWkPe+sbDbFtsuNhwzRnTYonk1o3ttdMNEZX1RNL8PB5gW016n1ezjR3Oe82GG1PFzYparWUBqCgkYi6sksESFDToY1tXyZhJf0dGIxpSO2Y3BU1iFq44w1EUGtZEzUZZulmXrEYsYgNBvtiirQAiSv1azKjmn/AcJuiSzfZB28X/NRKMZfyH3cSgBRucOFaCwaTJPqiqrd5FU4iJqJrAtkeaYWMLinqD7MIlrsvNYqobXusKkO7csEcbmLAP7JZnzb45bDtuYmkV3iKi4B10Td7XEcWUsoy3D5ct1puyQ9/alNEVhr7UbtY2Az0VKMu7dTAqxT2XDqTgqi2w+Spc+ceW3vSeOy+QDMys4goLWwKl1lIfLEhS1SbX9qqMppRuoz2vhEPpf1mhwkfMl16Lo1GMiO2JdQ/yarG6FtWccgf/VQM8Ya92LjiMnhrvARlgVokojjOYOpEy4l9biCUFUFtNooYu7kSIvhYpal0u6gDVAFu8P0d5bV5CU43wI1ft7lGtV9fF3Mn4arSORlT2qgyK++BmDDyDoSHiUnsZOOB0SMVraxQqH0UE94d67KAaQiPnVgMkSL1yHWy2JtU96kKEF1v5BIaxce8Ts4WtNgFDPVwD0ZHQ1kGQv7WmnNvipFuWLn96g2zCjnF0rU+tJmrsEAyoCsq+iCkRdF/JtMVN6CsqlQ2srw5U426XphDlhIj8tylMRig0xSefeHJTrMzelDcJtIPdNXgP0rGivpRf0VhwMMWilyaPDPvZGiz2LsvGOuOqgJ1AShriOHJ+grYjWHH9WyEBwFhUw8qQNUMQFnt1EUm32UXQVJAfzxBq4+BMoAH3++FlA/OpQI/JxKG/9WhUt8AhVNpw2/LaaOVWrWvfsLhj0x7EZKcm2bVKhJIC16gbV8iNle2+O09CkQZ3U7uOMM9Y0SRkqA4eROFFO4kd4UiBJobWvYB1rrsEeFnkxo2T7/qOryQmyTnVJS2vOZxPFjCGxWolxqwaldN8eZ/KD9bhI+q96z+Nd7CvTzp/aJ+KACs00oZhPVyVRolwt8+uBgedojETC/GUvvWbv/zd737jndsnBPiphxB5/6wgExsf7kwba3bw9lJdE6gtMAohcV2759AQ+BDU+4JFHIJXsaketRfWj7BOEgeZuNlUxNxCp9ZiCGiVLIFwXX3/YKhtTuABUV/SfDN4cBe2FJOC+QGsNg6QRu8CyWwsG6u10X1QZVPu4donezIFZ+2jpqzJqp5cw03oO7DhwywSIkr2sy+ohwwyqTpuxj9DkpAlz9q62IrPpao8QduLujhJ+4HRqnSPK/rCqYeg83Gcfc9aM24Qter3SlhKBFg/nv3p/NllxY1culFFKcSH7OQPBAGOZq+m4JChY8fPZgqqoIPLDEi9Ob77EMzeFNJDMhhrNZTerpHPCJhd2dC34rEBCDQE38roh3nWuHF/DKBe742O1CPc+xXWvprZMwwTAA9FP3VgKPftqTZimDhTpuB9B51rPfaPbhgwx5FOXo64TfujuA8bH6loi5We/Cmdj/xlwIsOA+qQs9Qpf/2lnZbEmAH2yQm6HWtwL9Z5x4djFnyKy74cOoXsFgZeBdiL3Y1m/URdqkj8ZZonk249NjRRvdv51NhsHFVuhNjjdHfDdcC8BT7HYLZmKpodNFZb8awZPr8xEkgvJ8gKgHn4uEngbxwrtBewJdJS07yHAQ0wqHS4HZQBqRwSUoBYk4+j+VlPqz3au/wzLP4UpSTetghDHff+a9/DYumQ1XwqCi1bF8pE/Qd3BIUcTwBRcB+pl1GX0+yacp329iCTNI4ReyXWqESaqU1pzkMXa73zXA0oHwI8A0mmLJJ3a0qcku0g3IuB4PdZLFRvunT+A6f7Uh508JE2PNYHzjk3a49P6ADWffZVjGlpe59OsGSTxcGnzV5cX0q2fGSYndOaSWraRxeCapcq7ZjjtI2vKpiKBS4qqvlZTOAVGqTqkmirOqJFo1PNSVouoPwsrPjLCyYN/bcu+Zk3AWwnZbeKpeoAxFe+35qD7uiHsm7rNqgLHOWG+X/RTFWTBrUNsTG5yIwyqfKGLc3RoLUHdd2kK2/KEVHsWyUAigF7StlF36zL6dSeTQw6Ts6/UtRsCDB/QGR5xz3mACUN8cYa6+EEDHmr5GFlyZ1Xa89Wl0xQdRknVESZg2t1pMNL0xtg0X3XoX1/NB7rYBjRj1Qt62bXtmPcpG8ktQgSq6jeh0PDBe8HNrBTQZnjyrhZsioo9INdm+5EeWtXjUxc8+xdb9Q3bau9aeDTSNUb15QpZLOxIggAX7uKbm4/OOMMDPHWcq/cNdu65UYUqjGIm2aJzeAGcG32LDSv1jRCCETDJMfIs5yPIAED4/Wb+3P1sd9BKdAxf7+27c5pKyPuQxSjH/bWDr/AUlfN4izaB0d80d6etEWD+ihhWsJsBdiWRoAqtGBsOtDaPYyLtwUWzia9Fr6wgjPWyCIIoZ9QeSMSH4D714rAPntjjfwEpQwUAp75JILdoZGiki6iVTMb+wUpJYYOxaDPl7KJOq0GgzKhRI9r8sR5bw1sehbBkyKdYxVVYkzR0KtRrGLNeLu+vzMKx6n25lQFbYNMsNbg6pqcN+TR6GmvqG+BgpY+q9JR5ZhDSnMgA0EejTZ4Xki12bTsQL6MXJgcSwaTiVF6aJabMhQteBzYk3omhaxucA7OLKyDgV9o2A07xKIYcMY4yGZ2jB+ebMUUTe1tzIUPavSSIAVzwzW6LjuLNLdLJIloZkpTqh6bvaFRp0JR1B7PwHC1Qoqz5cZoosgD0DX8MoemS5m5kY9P8+IbtMNYfLy2qxTvG6bD02gRaVMIzc+kmgqKrjD6Pq0KvioqWFPsMhjgeSvJEYzYfkSUXQ202QyjY2MJToHLZvS4H8ZCLfOUrCtMtbbqBlFIA3v91jNbQrncrq8Ts1IFCFhbSjH69AcGdTFoGEMqmWNT+XZqKCB7bQ0kBrhHxEFKZRTDkjiAbTvdiraqnVO8zIDYNuWit6trQ9L49XCxtcLhboNluu7R7m0Ag6prqqQ0ERAsJviWBgwCbMic/MCNN+2Dy/AotogZwvbqZpLkgzGIHcVVIfotKKA9d6pNNj2NuuSwPBgAnDIJ9ifuIAM7Ou7R1xGqD/Lj0TJO/WMZchn6PLrR9kbAqm+9qjsC27auID3B3wtVZjim7YE79KPAclg27FiKFEdkDJPb3ldRGOzWWELxLiGKgW/B3Preg+FHN0BoXyMd1gZri8gHmFwZ2bCWzi1PULztog4TWm5czMSBUrsHbwZjX9TIDKh3AsEtIg0VeVpf7CBQEVt3d1ss1bBTt2AM2HR3oOs2cAJJrYpOMoJ6dUqM7bHLTv+ICAU2fMg96OxUoGgIs7tz0iqe+2hAyIHS/rXEMg8BEVvDdvAjDzQk+gAiON8f4dXI6T2mBSviwgAnMHpUgg+S6Epc0EiYNF0psdSIod9fh/dHQBfE0S0jYb8Sxg2SF0J2jgSAsXNj1Pocsw1IyiHtODHQoD4MaNUiiW+ExhgjBqhuCDFBGRhSB8GD9nDoe43TTZ9+jGsUH/IYPoYf2vE1N+C3YyEgXgs7QUFAhhGCKKpWE8MjXxJHvvPF3mBz4bwaCI3+qgobizYmH7uIUC3xaTO51VR436qmBpmr0e2f5kidqCBqIEC1Uo00k6WoSCglulrWj3/ibpL17W99bppTO5MpLXZ+oUlPE6vNDA0SFGY46Wua5QHqNpzVK+GXdtraDMieq5kuPuXFzEMF7ZsazgeYmbgenlFcj01i3OWGCrHJ8ic+Fg9GDBGKKxJmSl5I/0oNwkWbklyHzfDRCIP/ag+oyQ012GR0qepiuS3aYZpXSNA1w53ghkTZaTgqS74DaVYu1Se08sX/0Khb1xWhTSXSOt4RDa2ZDeGqiRdqmVFWE3xJpGX8JdyIwpdR2dIt2ycnKeSb9157HkZXySPQ0x0kkReGUXbTi6M4YoFAjhqmOf1CfraBPuGgbFHCEcHhllDMNMRRGaPN/vEhhYnuWYOy0a9A7ZFyMX4oUrbxHRLYEMdtOenoGV6BGMEaXCIkGxCc1j4Jxw8V6LxIu7zcOwuEDR/IodNqM9VdibpTCKs84eLwZ1gHhkrN5gleI16C2utLQs2ya6zhIRHO1PxTa8xDmgbXKMWAT91njP1sBA4ZetxhVm54CYnEk8ttOBiO7jAMsWJVfPsReHxx+LcBB8ic4n9PbnDgXLgvZc/IHfFw6BXX7HQbokMhauxCICcRu2iEuL8FzRdq8FqTpJ47tw6eQkDYt/USDCL+hXihq9t/Cw/sEXcf/OLRkEErZfQOcTXcxfDksBZQUDBzDWNM4VbXbxmCgcCUo35151B7VobjVyIOeczo9EKNURDx1LZvbXLHUiDoUIMQy7+WyxS4/B3GG9r4gQ72qX8zYSEiO+KvGqENVvUFENa1Y3gwVGkuDLcoRGAiNG/S2fnVj/79X/3Rn/rAxeWaRXIewbfAv33ffQg0rD1otwXBTkRPGMf4/ifmHUVXcpo9Y9FRtf5MfHtXlVBsuFngDhnTPT/WEikkIloW+cjHP3/34dV73vWG66cbyoZ7Nrkjc6NsytiETKCvEpWXVWlGv+NalvbAhqprqlmzJOUHUuy1mUqXUy/4ZqWYXKH7zoWpaCtdNXWiIY+ybiV1i67hjL//Fl7zLIxX1tk+Q8vcGjBrkhm4Ik33VGFmEnzxHAdAB9+ChV7AcTbWPiz9SqnberHuzGhtbpiOce11H9cOdpWWysP1LLyXx/awe2XWg00fp0gEEK+0RLbaWWHIb7mrDK0Bw4z14rpCbCJwbUtzQVlcJZA+YNUm300k4uuOesMFBRvQfO7uSkO2Fw05as83rzBludyQttF0Uz+NClENYAAP3++y9R9dW3ZV5a7t/S7WVZeV7ZaGwgsT2eFYQIVTEmKmfr7Sg5cvy8d4S+yQISFYpaqjUPS3WzapxLKqhU19LaICxXBPUJ/7llR8e1RLD8yuKn6FgB4Y4H0CALvSkEpGe1d5lVny4JiMbq9gG8T0UrXFSn8TibWbkTL0zk7Ce0mAYXVXhXcPqgMdQbWw1Ub7C42CGh+MEZhI7H219hGoa+BCwGrD4AIhaH79iqvzGCIEpN6fIqwFTw79YsZEqMufkLpNVG4BQZJEjiK2KGZ10D0IaeDspWpYeMmAYdF/zZs4q5b6qLaHuyfYggzU2CZFIhRYMO5LfefexWLFqcKQC8RoUfoDB01tYNo5jtRWiPHZTB+jEFELkTiMqie98mLFxt6LMGyIvN0YA4O3CoWou28orpDQ7GExesb8AFgFVAy7GGDBLwSc9toH+xTZ2+lRyLt2HO5Rwp2gEl3TSw3VwKK3i71hyd5n1QY44nDch1AoSN6Y1IwNN+0oZPlG2ob5Oish7Gtwud3CSl9DdoS7OLWy4mzeqZJtRGt6KHh5sy7XASEmXq+WzGX1CywpzNQcofZwxTZJ6AMfxzoNgfwDFsEphLlatyyQkq6/zVp54F+stsrqKeaHgSD0fdJW723sKS7JRClfXuYf/Ue//ukvPPzyl37P9dONiYIJTxqxfoa06aMAw3VAWZOECRcppE6rRCi3KWJOqcSsREScSRIJUc5EJJM2UUwis5+lhVCqtiudI+sBwlvjtjCpYVTfEDwKANFEsmpbWZ/WIa804EvkfnShTnRdYYrPQG9W+5K6M5C5vhjrvEYv4qQ3oNzwpdrcjamabVEF2OpaLE88QAjdNFY07pUcVAFruCnS3D6k2RxOEqtOTt15gJsQb/WNdovOfVf7iBnSB5NhK9VR0Huivj+G8xPD09oE+lyQbehVjw2TIoewlEfU4MlePpG7PdQ+8dLeG84BNNVwvS93Y6TO6DDc+YzUu1FbPMBC20ggGGIbJ0CozfkIntKOavYUA45dt3PwIdltmf0TD6/aZCBqM437Gyo5TtIDjxESno7FvpF9l+i/rFNHw9KDvY2e7FGb2nhXcV/LB1UHpFlhszbWwppdg/RfeEhDt6WjEUG+ScmF0oBIuMHeOBrWjbSMDb+xsvAh3uyqQyE/lgCeDoZggE9Po3ADsYyZbWZJTweILTGgAWpPmPcYyEF9LrYy6pRhyMfa1IJOe3d446nYa5FigOP95LxRvz17Dht+A9YcJMldYa95w9Ihd9J0gNbq9mKlJDT+RHsZUhA2i4bLLBp2Hxb/PNgU2TBrDu81rnY+oTDqcuN5ewUdtnUQ3AjaCJPcRvZOQytybgI9Gd4Fm6maKFaornbZQSVMK3NKiW1LQyf6cm/IF1jIEC29kXgGXg22kRFQU9Ff1m75UZ6ZiGi2IMr2jMcUSV0IGL/qOQiAYU2rBywLGaOEmrXQg9seykE9eRa5dTTNzCqHatN1974m5FA92lguZpDKBxESkZQoTTwxMVOdPQoTURZZyuw022SeiYgnSjrFSiyk25rFesGwqtBUDka0MLE0F5G82ZBtDyx7k0gorIVW+agYDRJYOabCTSIipiS06lw4g+LC4kr5Zsf82M/F6hsy3hmRkI2tM55rmUx1Mh/GMrCrSw1C1J0iqPAXzcTXtYV8MbNOQU0da1kmxvOKKmrWHFOZ/LeKN0z6I+2BgWonZAPZWIe1qeSxsiaVi1qqAaywrKTdFI6wmxFuRNWJ0SRDqVGQZYUgyFAeLAkBqOKoJKFmoIbJVUtAv929KQqV/13/R46T8c1wILChGuqyTmoFGxkKCz9IcxNZcpNrrRdzoISZZApveNoHf+8IvJt3XpXRxgUswLwsqg2ZrL2vArNeEu1Xu2pf3nAvIkYTVNX4hrsjXIJZVwMzQC7VulWAcIVZZ6leKfJKXsaXK1wpbVE3CsFa9L+ig9K8fNuUtRuMRMQits5g/DOzLtHX32thaL59qYncGQs4ZsF1DHfT3isp/yizoMAjD8sG+kY8DmhEUXRhvlAAFs/GR+NvNYhg6AUhF62STXBdOwOUw8WfBntKL4qsDCUNeKq/0i5dOQN11n2nB1FzTb+bDV/NZo0OrYC18VSHjNYIbN54XXV2l21oj+sg9ldcMpEdNqlDSfvMHePARIfPHn95QKEDH8CRrazYE3duAxODz5iFZIt6evmJ79Hy3QGjaVUwFgCUMKeKw9qtiLpQHIoaM4fwHGLfSE8VlFYMx1Y4J4LsCoEsxe4AJU5w4wqBPK9NbtmxsHlV4KsTiMWSvmPQ+YgIWjeKtHM1E7j+EWQ4glJXsTDo9Jvm6xcGRsLhtES6Aqn2aLbTZL398pabZVFffIE3+qWxCVRcMayMoxC4lFQCSZI1L0zzMAfrZDB+60IFUoTsjAJhs7o2Ed9WwCy2+ayXDLOQvlDdg01Z/+zsYhh4M/LeLGZGisfJg+ZlJI7yUJgaepjmYqIssgIrAq04Xthwu1bAN3GEKVBSOZoTZ6aLKxGiiaUsp5FkIc4k60qrSBbTbiLilCglTiwTU2JOXPcuk9CUeDuXmI+JKGeh+gqMLaHie2NKHazo+k3HjIoOmS1wt6YYfnnXIFI4cSIu007cC6LzZJmZV5GlLjHWQ7a40VSmXDWGOBFrySLZMh6WXxDlT4SmSZ0O4CkOteGg6Z29wN3EK+SuDKcqcWor1RFrNGBxHrtHBNAjf1vJ/TMKn5xc01yb0gg8a8cxmlBh3k+fMqjyUQbWRp7RvR+CqOATFEKsZ8KIHPkAV1vCplAXeypMjfoeQ2E0fHM+ESQGqWVRPg0cBqughMBSnAhzz2MTx2B3LdEgq35/jjIa9aN+Cyz4fC+4jFDPnoa68SNs+eNOIxsM9T9s8gGcsk6hF4lS2bfDBd4qRcRVx96peq+OejaakyHi0ZY2t0fvrb04s4tZEb9iBjgIpn7CcR2nOytFMizzFC+GRWWwJCeVLSFxwDkoSViNaeOG2lznnR0/2zBFgv0OtlT0Q1Xoh43RYe++bhPqmG0wkB0dLPzqwQRwvg86qgMagVsTQJuRQGHDpbEotN9gIQKPsBUx9yugdDgbGaW0gqRMhgER4xB4RGARRL1v8QBqbmMsXIPzGl1wqz5KkdevzGG2pJlpFAvIRNTGbODCgOt+g6cV4YDVXTaa6+0xAnRXgFZGdvZVQNzzRgIBnd+3cTdJlfcATfGwoLVhAUn5MHhzzf6pHRYFklYxyNN2LSRZnMTwTNlkLzPYeGxcs7n7GMATNfXqtsCmkAUwRe2G4m9huBeA0TLKg0POPbaJ0Yz4Zv62hYiKDVWV6j36Flzzfn+htY2jcpLdwC3tXVWtWKKPOzAiEqohOQErlX8mWrNQXlfJnCbJbSBSuQiBfL0B8yNmSz011BXg8ll6WAUVr9PQjejU2ZVe82ihHFDOo4u9oPDEfbmNZhwo/BQL3/VaMq1gIa3TJbKkkSMeeB8hN/fyuXyZJr5c6dc/fvErHz57dLHMSXKJZzMJUV5lFVlFym+6EfMklIgopZTKEihNXF+bmzZMQsdH9G1fc+NdX3YkIuvq4yS6WshOK5mUirxQbjhCBdlKXqG+RWWrOsxZZJ7qOuWaKQslX7ekVYiEJ02WElFiyokk0zylJHS5imm6oVOxqMRcJ+TEyXBZT7BKTEK0MGemzJK5esJVDZwJczx9ol4f+M1+izmiiaNKE7WWQjUVL1rRjVnrEMEYtBgVvjMMzUEfN76UjJDr31/Y8hK1tFQzDLJoYo+a3I1RkdlFZ76QzrOS+23cZDh28CIooWbINBfgkRTypnY77LiaRudAlYGxr6qdmFdj2tOExxZ7r45jvNHKq8egJ7X6BGBt+thL6Ui4TR/1IzjUQSslehmAeZmMcEMrdx95KAIH9ZALp2DgqjgA1t7gE/1CYP/A9QRpOyuCRBwocbg63CnfG/k7OZ6JCHvTtRluy6ssoRNYTFcqurlET2mUbK3ajCNEWB6BtuAc+0aEeyJi9vEA9D+oPIwfOujbj1Wv7SrhEWvcAmOmdjbM/XEb8/BI/ZjiQKtX1gCxE0IYr+jzIvDu2ZC+D2ilAbuqVq4/XcU9e1JDb4NIePCU3YW0nnifre1L2L2GC2oJBCZiP543ElW/mh2hFpoOBhqa69DMmOdwuEOTl+rCHq3dmrl2UnqNIVXbntOs6tZIM/h0f7EpfiWd3UTRsfSz38Bx4OypIn+MjaIIbZvDYX1gTWGSoibm1qCfJ0cHTcMeH/Y0gGGBlrRg1IBxl3MW7cUBWoimaXrdi7dlWYWZaxje2pG30GiiOyDrYnRJ2FSo2RIJKYmhTbRSaNv384f2LnyP6RmdeVvltR/jbeFtXzp5pArxYiJKabp2ejLNm3lOVk/qcJgHLUhRDKu49nFrdk3Ml4v8g198/Lf/4Suf/p0rFmGWsgBKlIhJcnlHknLd7cKJKRGnRFOq+0sTCxEnmYVJmC52V7/ykcs//4eef/dL27pwyrRWVapakgBuMTVVGYMjoBDnWNcxizKYq5hSuvtofXC2vvT8dkoka21/zfKx37n8Z79x9uVvOvqOr75W1iez0Gbm3/rk1f/wSw/f/saTt7xu8/rn51VEiHJZAk3MJDlTIk3DcUr1i+QsVzvKUmazksscW2gVyZkpSxbeHk3bqb4OGGXOrhDkntz4RyiGXPWe9ZHKfV1pbrNWg9eCgxX6rf52pS7EjjKobh0K6J8pfPzqbIboQ9NU0RLbTUMh/ojWEv2Q1I3pITqpa4ZNJd/gHPQvh6mbxjS2KgnOAHsHpnxhmZv9peGMeOvblQHZ7D0LvsFLqh4IHcZht6im+BDbqWbej6Y+rXESrhR4g1KgKyoQfuk2AVLYCBRMP1Cvm1HYymHc5vpkdwgjBEK9YoK0E1xc6WsNK7gWdipDkERVD1icao4S8vfptTVBEyAqWGiBGpuSgy5Z5OdZHNePgiQw/qCAgqKAn72ksJsORVG6w29PdUnkmoJLilGE9cXcriZytRWCO0KuqO0iOMSosG+pIEXn8dRMTPcQFgXL2Nd291q9GVq1/9FsG2Nipi5m4OEkFufV3aUQaEhkgIGGcTiECGXacAQtr3zttqOV+9YX4qmZAnovsXWDvgvFALVxVaFm5bKyrfYrtVRYla5Nhvxlu5lcsUcNcuBuNPJmoL3VOu2p/fY0SaJmch692si5D+8NO1IptSY11IdYpls3i3VNqnFYSCRKwf7pyODmTz8Ftee4SqJUdATq7BI0N6CZ9c0Kj8Ttm3GqPq6rpk2qZNBp3MCIpLlkUDxMrXXHFUXF2SaIwI4aLYQSbaZJFDYbx15Zg907PSaa2Apex4BpsH/eEqUi4VF0aYTKUoQjAoPbhjWdQkcOC4+O3IVEzqucnhx9/3e/hySfnmyIKKVaM3SkvTgIiMQbUcgNDJLLxRlq/AsPPllhalRbu5ufYo4fdQh+ByY6/L3QI2Hdi1qv78On42D3db8moTSEjrbT973/qzPz9WvbXE5brTOggcMVnPODfdRUvNFIIpz+ya+e/b///r3Pf4GOt9spCTOnxJkSST2MSCgJkaQq+mmSOdGkK5+JSNKassw8CaeV5CZvf/MTlz/0I6/8r//Qc+/8snm9lKW+oUpS107LTA9moa30DlyMW9hEZLPhlx+u//n/7/O/+MEHf+HfeePv+Yab80Q5MzO98nD5z//2F/7mT7z8B3/vs+95+8ntI77aCYksefrpX378F/7Kp974uu0f/X03/w9/4qV8uRAxJbp/Ib/x2+ePH15NTCQ5JTma0jxPmdPtZ9K3vP36o4v1//tP7n7h5XWTsuQ1r3ldZc18tQoRr+t0fkG/6+tv/dFvv/HwPG83MMIhyIgbvtkVVnpd9uetKsPUqTFo1KJRk6LYEcLAtgC+A2Ai7x1zVGoI2BBhY8ViG6PtJ0997bE/28YcFkjHLWi0HDzlE+OJONdAuO0+DupKc7N3vYf6Vsoh9BwWNaqshydK40m9N93xCJ/7ohb2DTcaMYgP2umBPfi17orOp4sde+LbQGN41Wooyg6x+1YPtweOgKPsusI11h6quTMsrdr26fxwx60DOHuSPxygxZjwzhnpC0WWjGJ/JU2wXM+bHuc1IC66x/FgEBGk9IU0JMWnvqDX9N9ECP1KI3VCaSzyNawjjGOxvshT3bTeMUbs2x9Og8cLvNAmltQPQXqypzxQITUiatSpVa5h1r4UVBeqE9b9yDbwLhLuAwTpwlXfYReOk6qlthM8wR52wuPG8CGm7KddBy8IhcLt0WJJP58LpBy8IoA36Do+TQf9wcBEWTEOgX1IjBXpAIipqd9UaEklQqtHfAc38xosl5zFrmMoYT1g1Ffh3dfU9Q3DQSPBrEBp0H60qV4X97XU3N7Hd6Mm4xaGdTUIjajbFWq46xqsxi3F9jkLpYne8PobJDUCecIu9I7UseLrotaQ0n07WNEuxkR0wznDYIU4XpyGtlJjzxrWcWnAEtFx3mc4ycp2GzEA6aCjzovv2kqJv+KtzxORZFmzAN5qj5UHFt2u7P5WNAtUPqiabjf8kc9c/d1/evfjn88nmyTTcnosJ9vEnKRG5sVRrHXan1JKNE00J5pT2R/NQrzKyuvu6nI9320ysVA6Odr+2scu/+p/f+9Pf98z735pc77LZUJY10Rqgjn4bFY5m8J6koKIOHEdBaoTb66iZ+YPf/riJ3720cc+fp53n1mWN/3e996ck4jwdpNeev3mmWv8i//y1b/xD679qe95njjPU/ri/eXXP3k505ZWfsPrjrcz7S6EJ9pspwd31x/+8Qcf+diD60d8dXnJshzN85Tmq5186++6/i1vv/7osfzkz1z81kfz9ZP84OJq3a3Lwhe79XLJU5qn6ej80dW8Sf/u774peWWe2QceQgIALBt/1nGqIhLVR1jA8DUBzKe2KTdy5dEd7PZAddFwU9sLLWh5CLDiPhkfuLpNXxU1UOGkY98WC7KtS7gZs3Fp7behhQSVUX32g0oEgmzlUFBQGjT0MVmVhBio1fdnjUVbmwqhggEk+YpQUOH96A5BsNHmHjFABFQiIMaXRY1+o1cjp1iy6TqwH72buujOL7q5WoChtcY7qCKRUWlDBegG1s5Jl1k8bx2E4aMjpmJFu8rqJezxbIFdH4BO22EDLkBiO8cI5OMNRq5h1wAosk8+fVxaX4gRCVQL/q+JPMyuYpl63k9FSWsclFlfcNJtKbaiJtSNVPWAuCCAgZuxakYBAi9TUCdK/D7hBaGT2O99MdBglhtSqUGqDjawn0xHgf0jZvehc2/HVzl8ONoYRF/wbd6nEnN1iELNsGJfYB7YdbcS5QZeLM0IZzUOl4hJLIg+ctpfIzBpRMS+w6MAb3NSnkA9aFbtS7xku7CN41k1KSZPmqXP6I40qzGKFHEhlFT3zG65ERCHio0+G90wiUVOO19KrnAMeILEIHeOqdjKOJsQmBpCa99CYEcHA5XTFnnMoSKz3auAThjO6usfZvSIKDcNXYKccBSpeeLPVe/V3lVWweOCmlG3F0zx3EjvarQMAtfwiRH6zSWO9zZa/3GfK2zoRYeITDBVNAF6W+QLRDUpP2QH6BH8gPQQBSOKgvNuDZvVe8DWdStbCinBtp3BGWQfM1Bttqd112WBewtYhNZFRGSaoL4TWXApZLdZUD3cZBj9foxzbFwCdIcVZwCRgGy28a0IwVw0E9Fs+E1x5Ayr6xSUudEVFZqY8FQwKudRGq7NRQHxbVEkhdDhMRHlJXMiEcroFlyNwvv7rEhoWqCSoPJTESJ0tEkf+dTZB3/78vHFZpN23/yNN9//9TevbzgLpcRl9StNZZ4tU6LEPE00MaVEiViEVqKcSfKSEv/Uzz/8H3/hbLPZktAuy/Zo/pWPXP7Qj9z/U99/66vfurm4zHlhZslMScrLlFSBCGKwmgbywaJwcCYT6RS0DkOmvMg73rD9t373M39zlz/08fP/81/7zCuPXvqj33ZtO8vt0+nP/lsvvvLq+V//8Zf/1k/dffeXX//Orzohot/89MU/+eVXjq/n7/n2m3/897ywWzJv6tSaic7O6EuvLsvN6Xg7bRNdXKXlajtRlkWIKCW6fjRNabl5Pb/pDZvzK6E0EydK+eJR+q1PrzdupmsnNQJKHkRWRsfv5eG0LWDlwYS0NgtWNDj6ZfB5sGRQnGOd+zpy7dPQxv8bscpOsHXz7eY1yR0cO3xX4Av5KQ+2+t4jcUXdAUzC1VqgYsVIvJAwaNh0hhxXZVCOmhYiFbBPJgB2rGlNdrv4pG3UwoeelwCX2ALOavbk/PryShLhx9e2hB3FooIL52r4aPufIvCmo7ZfHKh2MKSl3AOevrqDk+CD4NEHnes8t5xRXBsfiSf6fu3B/HAJIFqt7y9FxEGpLkiyaIHCCzENK0JNn3GfJjxiMJ9Oi6xRTwFgsza/8rjRiR6yI3EgrPlArRqBjSzgT2/KEDUi1/3K0Z5onnXvOailGA8EQY/TG1pVJWke6xyg7bElJvDeBNgWxLgF7XkrDVkKnHrerV2pdEtC7wY1tbUDnbH9ExChqlQzmy9PhtarjzqlMZ/irTeoqU3qT9cO9/WMvGpEgIAGbIPuCwqqCkTo3eqAhHnDASBt9vru81xDmY9XbtuQY++1b3kTWyvlsE6F8RbHAwqHOL7csemq4wOodttcsXc0bgvEO5VsV1pRizrS1TwVUMTvt8IZiMbfYuRWeoPZHWZ8ei/fL4e3xHsjnigcaPLgq8r8EHlYvMcytIC9ijQMgewrSDBgjHR1IaRKzCmRrTlAJCVdcWofjFyyRJmYZAYiikBUlDw4UFSTqo3Bw81DiwohMkf0tjLtSRWKsuDhsUyI4Ieq2tAdxBActgh9/DMvp5S+7PW3ppRW4tSOLJh9rVRmO4qPNUeqTQoR0eWlXC202+2unUzv//rT7/76o91OKLNQtpCoHjJUXvgMW2ZNWImYP/iJzbJOxHTtmE7n9dXHK6fpVz/66Id/bP1fft+dr33z5nLNeeU0EZXfJim1k7ajSl4pNudkMAZ4VpkUJqKLHd25Mf9Hf+T5l57h/8d/+7nf+uzVD/+3n3nnG9/83q88efXxejTzH/zW537sZ169+2j3wU88eN87jz/7ysWP/bNXPvvy1UsvbN//9TeTrA8v8vVr89VCW+KJKclydXn5xheP/+QfeP2bn02//omz/+YnH33hS9k86vnl7uzx7t3vPfpLf/otV5e7ldLxRk6O6Gd++f6/93/81NF0tOZMVM4HVj1wlkDD7Qaj+9/rhJB105Wg/EX1G1tr66vzGoBM+dUrHwHPohnVGP/AJ4+0ICHSxAzNF9HlFqb2ZOm9e2BEPVLL2fgdP8Pq8L2ti60QOdxgoG5mbkHn4AVbKNr6NO9/z4Q1cCFkgFoIGpMbOz2gN94dDhMsJuCoFu85dkHjri1yOqjEaL+dBGCw9i6L7RVarect8bDg/suK2gDZ2g40PRaw4PiUSYV0W2hwhYi76p3OF2ekmI00anjW7PqBzvwdpKfWT/9mXMM7kHWpfxyUVK4tRdLPHnWtiQ0FW+KGdIqCj4++5cW8kIKgWLvSNcihE08JACHqr0eZnYZnXy5rreQQbo/m1DGcaC0d6K0rYjasBxV7L2Icjj+07iBRDuHSE1zTQGJPanxfK01cDmGfg1b7xbsi3SLF/rRZfz68q3Y44yq40Ngwqg9gQaNIRBAiW0Zo4IWhBnklUr2Gl/qUjdIoEWj9a0C+UnzPmHmo8YQtjsGgGr/cApSEb7H8E/VrD5kgFoypsKM+FdjjWbOZHHbHHuh8FHSRsUkmPdALdzcN8jQp6T3d2ioiSZR8w86wKjqKKALmgPJgL7J3iBpQGXm5fjuPMTiIP6xWMZmRY0jMl7v1ox9/mdf1ne94Yd5MQ1atU8DY0rLAN7fHIT52MuqoQTb7hpryTCRw/pBTiTNFs/ioE745IaSBffETG9S6e/PHT7/LPGdilnVHf/fv/8qa05/59993++bJusuUmEn3B0IXXEOwHgcDaJbnU+LEnHO+fpJOJr66yhcXmWyLTdmGVt72TDwlmpLYsbdUpis5C/M00fl5nliurpY3vX7+tq+79S8/ePbTv7bMm+2/+M3zy4uX/8z33/nar9he7WRdeUqU2viFDNmHuQH1qiBM9o2cZxcyzfLvvv/Zq13+v/83n3rbm05fet38+VeW/+InXs679f7D3fXTa8uUfuE3H18+/p0Pf+zhP/vIxfHpltP0937u/k/+0r3vft/tP/wtz15eZSbeJGHK607e+vrNH/o3b1/b0Ne948ZvfTb/1z/ypYurEyISygvllXgz5edPSY5n3Rosm81KGzna1FXPxLpqUyfRYfzFRodBBgQqX6LYhvMaEZpfaAZWy9aIJe7/wMyT4D2UeD37UHQWovtkWBFdEFqM5Nok4qaoKUYjtvBttPhHJirwvAYfat31KSvKRwiOK1oN+vgDLA9zQo1A9JF+1b8DKBZvDmfrnQFa+Fim+O1ZKRKKN5ivrQvEJBGI+hUTAzT20hYgdqlZa4stUQWx7Ggk9Tvbl/CkI5Iho+iOl5o2nZ7wCr1uibUQRxuwIK7OWCgOYQ1DYYuUWgG4SWc2ZBRryapuwmi1blsg3So+kTIfC5t7SxK912rS04dqwbCbS0UBnhhNElFAwAaqVG07gA1SlRUL+DwMFwxebMFY9cQnkDAGjetxgcNNJrZVUCo7w0iS9qVsd7ZVFdBDt94tBCizWKaMi6oKjK91hAErCKXxLwhu1SQUByhWDSosWMVIC9vwTGGYQTHIG2cXcOVcKFg9R9bI1MkNFm6SR1wwgx2uM2OPgtS2orKSAWydjg6NKi6GKXTdi2ek1xYqc2zCtGnB4H0NsHSzYgbCwjBbL82yUmNsiB5hSUqLNlDniDKAUyLLVwDrVgjW79C6SD0ckFgt16mIG2VHLHRG450ha+DBGs2vhEjnLGKYVnpkUXngbtFKNwE1gJsEd4IpOiUMv5KBJOMQN1pJuAjkjx1DVcE4PMNvQvCYo3YhUGlj3SHqonoonbiidagW0LgAirmckBk9oz+FmR5sxqYgdfO4CqoBeDF0RHKaj61xa++w+gVNAkQ0v+Lj8+3yj8OwmYsarBM2Tens/uXf+fFfEaL/3VveP21IsqQU1LnEGshIcSWWtw3LNvjTVs1XV7JK+L5NCv5yiqqr6lhTjuYBjMLj13ABjI4rBpUb/2TLntwSUihElEV2y3pxcbWuuTwHfofBKtwE8srfbB1ymcZyorSdaDvJMmUphw8RZyFOdeVznuoqKKpTSrQTLmcR7VYWmjLJQvl9X33yjW87/szdux/6ZL62mf/lh87/nxdf/NN/5Pn3vuNot1QzqWbbiK4zbgZX1MqVKYtwoplTXmXa0g9+53Pveuv1WzfS65/Z/PrHL37qXzz8yEcfPn972pFcXeWf/Ez+kYvLI07b69ssF6+eTT/+T8/nY37v19xkIs6UmDiRsHBK2w3Tbr3MIjmdHHHmdLUUzZUSh1zsaBXaLUJMm0TTxOvVKlfr5mQqgWHi8AOA+739/qHHfFgzTeqF1VwHwgso1Chu9SPgUVuwHCl6QHdQrRo+jh5Dxx2dHCXwlFeTX4+8RT5H34b9xInuvstty0HM2q1ODkt2gc+TeBwd39CRur9Iw0WDF4NaECvhNGkgT+5GHb73JLmoezWwIiNpWK1uKAoZTeZ6vF9uNNT7Rd9GRK/BNQxXgVqxH1h1GJ7V5PZSJS9R/FLhcl81b97zI5q97FJBOtvEl4hQhbTxp7hw+kqd/AOpw+uAflr7bviMWZ3XCLz7L1+dPqCceGevrghas0MWa7jqPfqHfplMZOAVX7OaNt0NJhSxQR7obEDdJ+l8IBazLqPnzHZUUZn5h4jZsSCuzXJziAjKaNQbPN+zgG9xisNWxZzIctt68dXRYkaMPukVm45gPqDQvT/HwoYg0mceAbB1HYxDzXYK2hP2BLrDQBzE3V7HDneBc4xWmPucUG1R7JU0qhA69LZP4TKk0fYY1fI+6f3PgE5Ng2OL2wtfnmvSH77IuSuyp27bdXASg44IA9ixoQ0vViJE02IyTen4aDOnJHmvgTe7S8SNtlXFRnNgk0JNJNPT8N/C3Zijdv3Tp8hx7a0ZyOruPa/gaLXvneyahh3hS5stPqTw5UamlVDWmsklPRjC5eghcHQj0uuGEFHOmSRXf5BIhCQLiXBKwqmqFFP9tZXqKBMR0brSulKaiYjWneQsK/NC9OBs+ca3nv7FH7z9wz9x9xd+czk92v7qJ5a/+iN3//wfefYb37693NVVHHHh+PkgOu71959LeNFJmBTg6XInOWciujonZv6Gt59MqSaqrp0c3X7m6s719fUvHp+eTFdXy8o3aBWi9SrLw0fyqS/Qycm0FSaiDddDfRNPWTaXl+lou5kmeuWVy09//orSZslCRIvQsstrnj5/d/qJf/Hg3v3Li116/pTe+Pz0qx/dncwzcSq7lNG/ulnWEWENzJTnuq8L1zkqq7h1oSa/tSHzwWFXECxbeTu2gApCxHAYQw7T6QGWebARbFvXgrgpbFGBx1xiOu+41u4/xJUslAXyMjrnRkkqUSk811dSa/36cpPJiHGibHlXIj+sK+7EseCjM/CAORGQ4/4Hipef4BP2YrCtyBHiZuQmEBNLVvnX1UPNzPk7cnvDM3v1QeChC8Y2AOk/XkpEjJpuC7PHEqqliKt7X7RwXGjFBrdMZUI4ggnPGmqIE9IlnhVVwVz8nXSQUl9RqagUSDTD9jM4fmzBQkOERdbQqLEAfcZU5mBCpjyRPEtVukKWQji4ym2YKPom2KZuYZV8v8rQFbpQ+ikojE6ztAICY/zgtogi4DA0fnIU+GdBHcSFoSKz6IEVKsRUhHA0Y+fhalKEBm+qRGTtimEibLm3ZiLs2k+2hNsF4FjtyBELixDSw91wB35VajoijfYyDjAukRlEu7RQblYuWK6Zk7tDXWcjBV6Qmy9CCLMrEhg2ZKacZCBg4B/8gSdZvEVvoUzOcQswXDp4oHQ1EjNqDEnK2pUOJQAG/HXnHuXVjRqpKwU/EBevou2Yn21loYqhtj/kUU9x86FlTHXFtSfrwTbkViPUwmQ6HpbyiOpYswkjnOkaaQ5BAeokEbye0NRmFIwQMdnvybvQJMDF2O80zAIW9dMG/WCZMlPV4IN04V+gQUOKIgZ0Z+p52UyzQWDFMVZDEDIx24GkAW4xckQQqssoYv01UlCgNLoc+RybY3cewfejYzZFNs7xqCgSEcmrrJvSSa7TEWp1CeUAuu0bxVW1kV9/jbZJyzqAA8ldXC2Ip5GScrXzz31Xt3s4zm1HaYbGQ4wA63CX43v1dppXWpU26yXKyDUTWhhAl1tAImLmLExCbMlWJioOTqhsuCV1B7W3ugpLKRERZaG80pJ5l/gyyyqJ1vUbvuL4L/zAsz/0o1/8+Q9cnZwcffhTu//ix17983/o2fd8+bRb7VwhfOEcSUXv3frNsu13M/ODV5cf/bkHv/Hp9fZx2hBd7vLK67d/7Y3v/sYb51f5/GK9e+/yd33V9b/yv3n7M8f04Fx4IslytGVi/vF/fvcv/5efk5VyMbhU2UmJT46mT3x+99f+wd2bx8sHP/r4X/zLs+un1692KxGti+wyp+3RR39n9xd/+PPrus68Wa+uZro4nTc3btxYlt2UNkgvIzc+AOQq4iirYGoGEzQKQg0YXtT9bqT3XzCvVZoUsBT3DMkO5WjbZsCpAO8AKmLF9jXZPjhkR9HXBoNFGkMwZNDkBTBOqX5P/Da2GUQRjBw1tSGi1eDBjzoCVAPSh51s3InG/JnzBzvT0KhgHhtccKCuE50MAqZQS0AI0dlbo+bBYeyFInC3u3RGuRG8dFVtFJo06OeuxQZrYCdOLQXlLc9QZaID7nrz3ADDTRpQWqcPkPSsEi2xRkX+UC3knshm/9xMoZDCYZq5tpMB0JFERaBIqn+R7EGSqe1+iDBFae97NqTFBBRyMN6gQl2rwf3GGkD+oWUck7lhYfu4Mf9Ib5OK8g8Dfa7iG+b4hCxgLV6g38GrsR63+KzzEEj2BAGGa5isNOqaBqkAQTSPhn6bozRxuCoLWw08N9fmb/7qkgwnQ7JPFNRaiwYyhfcMb0U7o5pbCV009hg7aMqKxkqtssTNMJ6YGP0ArECd8tLNQQVtqyreEFVE3FdZIneB2vbDqEzhaH+MoX4othVmTJg1cgXBgUOtNtvvYh7w3PXLGH+aKYR1QaCIXbTBlWhcCXUSo3vq1UE/AD34HgF2qLpoP5Vd2ZdwZpvOZ8Lwibr8/cMRqWrEgzN/n6kGKbhSoJj2L4N3hgTcSgRhfXlkrxyHbapFU+JExMLZ45++b8RxLdYU0IxAQSDeuwqqRJe7pgqhMN7BLE8H73N1rpiqUE8o3bFkAzqMW3x1tZ2sGgGdH+0I2u+5NVYgmjbz61+8+eDxRUqJyBY0gENwcsHfdW2L/le+MNX9LWvmzLW5KQknZqI5ETNNidNMU9uUCBGtVfKZaLfKKnx1OT0+p0eX9MX7uxduzj/wHc+9fPdLv/mJ82unm1/76OO/8Q/mF3/gmTe9wJc7qacZObbvEYJuj1BpF82VKaVHF/nHf/aVn/i5i+euT7ysj8/ytSN58c72u7/xxm6VJeerVU6O6NaWri6Wo0QzU9rwZqJ55i+7Mx1vJdM0JyKdSDNRIjo5mT75+d1//F9/6vLi8vo637p1R3Z5WYlI1lWWRbLkaV7feGdKwpvNZpH5ascX9/PuYmUWytUlsIlasQPA2N1GdNQNEvgom9cOcAIJgwGU7gs73AA8GaSQ3OJL5zX3DJj5DPeGdbyKITQJ5ibEbK0sJne7vqxQEAVimiPCnmn5QR+vQ9fsaAyT7TZ2ERji4sOE9ICCuuLqaHiwc3Pd1m71S/uIiVSUP9Iy0amJyADuLKbaI7eGZ/QrEm4SOaKisA5mSdRVdGuDjqyjuIQ9DPOXdlo57xe79GVG7qxJkrVhfesp2wZZVywO0gC7XoOFEKlRhKiJ66JKAH2oKwAo5rfIFhmKxbAuxNlkhslWEbpwQyKn2F2roWRqq6KDEg41iijc/nrPnsln/QJrE0y6ThX1M8QmbZTiEyBfkhzpwoClqOoDCwpW3CvTWA04fhaMPcTVSjq5+zNIyvTo3yNPH2DFatwqOVUNMR73mbN7CelvxhAlgqoDBXg/e95EUOoUhwq4z/0dcItawJeVmopw7XMrB3bmVJ4g+lTF7aFnoDftNXIoe5g7OFPhbuUztoKytRFlIsgB9aRqkBNwKbzxVy0et1CX/5lHqtV0xPpPJYSRSxkyENQIaKLGEAg2RYTSnnRrFY1aTPDm0UXGS9vuh3owWCCQks3APUF7oBokXp+KRSkGv+pb9vAMn5+gjx7v1NJi/1R1NhIcRLkGKXvV3rZtCFFZ6WSmzdGc5ilrrNKOiyNJXGfRwMCyXPtYClmGzr261BoBtF9sbDy4nVVWqJ6NATsF/aTRN4MCNHdz5cp7s8A94JPa9sk1TaUoNE/8B3/v11xcrtevHWkJEq3oDl5H1STXoLW4SESdrpT/SrWJiRPtclpWmXR2yYk4UyJKJMyUhSQzkcwTzYlSKZYoJ5l5vXt3/ev/8MGPXOMv3V8mkaMk9x/RZpOEZWb+wEcf/urHjl568XrdLhadnTTDXFNRrsEwqiyZNkwv3qAXnl1fvEb5In8xL7dPp5vHpCJd66/DTDxtkmSaZkrE08TMvGWe8iqTlFnwVGahRIllTuuda8u7np94c8K7zac/t957tEieiGgVvryS3e78a9+2+V/9wOsvzy+38/TM9XT9hP6Hn7/3v//hL5xutnk44gL/s7Cpj/hz9MMYbMBdEwoOKdW86ajPOnXs0NwXhQz+HHm85dJjbLkPWWL5tgvlgw2BkCn11vA7S9wjIhFZXF55EW4At0cu6rTJi3YE4BMI74AE0b17TSosIIkmZOvGDsttImgMyB1BIRdjaxXBpKikFoCrwoEy+jRM5qPf9YFoBkvIkotRNk5/PFQi0K36WABH7birAksZqo6awvC9RlpyFHdGyG9e3ZFChIRKekIbdhvkKYgxh9S7ybbEnmELVRW9ujz7taSYc9GYoNQRHqW3WxVykhzvw6Y3qr7EBBN+PM9mg0zm5ckjBjbVVX0m36pnHUMGupcSrOKCXgoLZaVbNEGjq/5xChq31cWX3yqjGHQIO72Ko2EKJdS9XmtJgZAciDkgSMBhY3pWDpSkUXSCiYcIWYFUjdc8UCIRCa8ghXWUcA/wnLuikfA4ZKVa0ZNIYxOamPpJxyB2wyRxYuRbanBoArTXBsNCuHJnBtL3NEBMYAmMgNAeyQe8dqC21tTWNpjqORk9CjBQglv4GqHhVzGPDBeqef3XtUAzEJBu1e2J3ghszqw1FXeg/+bYoII/MW9ba1Fzif/tS7S56fC5TWdbflNLwW93w4NG0t1gg7+y4XNTZD6QiOwaFsF5WtVPFSHBgPoeZOd6/Fpjs5+T3Ewhxe+G4BDhCWvwxEThLkIaQ+MHBKYTDaijBjKQTkD1UAnqja6wzdrkovMvqa4d5+StQbF74OKXut5pu9183de8eTvlaeaUUrDclhkQvjvBdmjwK0Mgao8gJdy6IAPhwENHgvn68flDHJShbaKNfrBvIzGeeVg/H9J8jxX6J94SE5GsWW5eP759i0lozSJhNQn9b8u3j3N/1WfMnHV9hoTSZpN+7jcuf/ZDZxPl7UxlpZGYc85ZJGfKQrxOF1f0te88/u6vPznZyJrlmdvTZiOPrtK6o1/8jatlXTdT4lU452nDU5ooy5ySCF1eCRHNSbIqadW2Q2/Wq4yVcGa62skzN4/+zB/8su973+X2KP1Pv3L/h/7mby/zUXl1dFmIOAnNH/nM8o//5eMXb/Cji8yJ8iLbmZ+5OX380xd5Uc7dcIRl5fXym9598p/8sTc/f3vzuZfX//D/9Tsf+eQ50zUiykLnWda8vHDn5L1fcXx+vj3appSImd755seUlk3ajklnEhgxZ8O+DrSSiul22LJHNoOUoTRPpdOG1vG9lstIDvszn6aiaawFjVRdARSKixk96eitiIgk1aM9lZggEKwPHlq/hq6K5TL3BhWup5IYDvE+2eMqFQVfyGTT3jEffnvPxhiM34YEQ4MS/lgL0cW68BD3Y3gW4Nh6CFVirNhQdPCsC2s4+sGBgjzdhTuWlU7sRpseSq8JMIfNHzw0hNq2rcXXzs2QzuEilZj1HWgoPC4mxsQ+wQFyn+6qEZad+hF9eXe0TCRoSGVou2lSmgjDV+P/1a82LB4V6OLdpwkGtDpp+FwhMZr/yC5EY2D7dmBZcg/VvXxLuPqUPsGCni46jyDbUh0LY2zf6sZru7pFyNdQMRISCJA9Xzv8gndWD9sZ6WgPS0TPX5Izw4jO9n9jLDg6pWpMZJs26kmsfxo/5J+ireprnHsvGf0BVjxuoSqgvTxgEBAO61Jn8xRqUH83K+iqBQUVVw5dT6dpQ2ftDvMpIGIY40Uihg2U2VdY6+gq0tjltNO/PYR5ITWNUeT0tGaMS73YAzPTssjp0ea7vvVtRDxP9S14p/+Ap65kvWZYGCE6Ue+f9nNXk8sizDx4/5NVz6sEfYGzBeHmUU0uYRqb21d6bMMYzqqZXSH2WGrcIUwkIuuSU0pShczWPRHp7xAoD+iTdNYBueoCsiR1/0NOqWbEmTlx+sDHHv/k/3T/aDudHCUm4ok5SSbKlJiIc2KRL7xydbaTb3338dFEWeQ9bzt+90u7n/vQ2UpyPOVpEpF1SjQlzrRmyXPaiMhm5s1UJcC254uIxI96QTmT6bbGwAqCvApxkne9+fhdLx2dHk9n5+uyCJGkORHRVeaz3bQ5Th/6xON////0oePjabfQui7blOaUjja70w2//PDo+AZfLtgL5yzrKs8/s/2y507WvF47odPj3cpCPAnRkmW9IibJOedMa87LwpuZeaJ1t/LlMh2l+jZ0NGzHWvZfuCDULMJCNe/Dlk12dx4UL9ykGGtaBIOdiOsMq5u2hS5UeOs0bGo3jrSk1e1xyhaXfNkLXYONZsl7joGu7l0I2dlRSa4yq63hhgckCAM75UojBJOM5uaFIKKyGYQYIBkXKmeXnj4NcUoIyGIow0QScMYIpoodlQIcBQ5CLrzUHTXKgy66tWlvkEA1KFXRgxrl96UvI3onvB/DjK2iRiG0IWGuhBjqcB/0DWJmMyoumQgAk3h0A3RtGkz9Y6SuxiGN9CpRuu1I1yUK+RL3SAUTEj0rDu0TRNHQ0tmyt1c1rQ59XbgJcy9orBhcJYpZV85YM5o+gxCQt0dL4nspwsqKchAJtg0DFJTb1ARK6zG5+sJj8GHFFt1b1oVBHQf1DTX1BMG8xHBEedSGtFmYLQCZcMdHG0y+KRVFYeLHt3LaF3lMt1TKob6nC22duBLCFajadpxpUK3qM7Wx4GlCJTMHT/eTKqr3HSNDbs1H8GublnJoEh1KUlDXio0s0YtxoBvfx6nRDIbAcNmsUtWk+iLpJEnUvngagkBWiRD5PjigP6pbgYvgHNWnuJRspFR0ld92gx5S6UrHWkV0rsSqR0A2EdUT6ALG14/oW3spuyWF1X4KJQKM2dYNj3VNCQeK56Fpg73D9x0wvLH9nO56jA+TeHOIg+/5YML7RmFpQnduoC40DtpXLmM77t3ivECFQqyHOZmz9k0LZvAIGuSLM2rAhocEMlMNdHxToYN+akklzJHHNVynMKCQQWAKxJDPc7jrtkXB+qT0FhroFAif9PCpYGXqpyYurw6y9SxOt0ZDiM1VhEF9G0WvXLgv9drUo0sQKKvCYy1nsISjZfF87h2F70VEKBxlMV2mmJ6ES6nyRSvb314o8D29qu6ufNgOMFHLc2ax2UjA4aK57mxASlbC/G1rQ+XQ10SciJlT4pxpztP17bzd0CZlKsk5SiQkkolkXVfmfH6xu/9wvlxy4unyPL/1dZt/77tuPHMtfeqLF5yXVYSZ5kSJ5Wg7vfyAvngvp7rABc7FIBt0pZN6GBci0iAvi1A9TXemBw+vOK8saV0yEV1dyXJ+eczn165td7JZ1szrbiNrXkiO5l3eXlztjje746RvoZpprjmvqwitIiT5aDtt5qMpXUwTZaLLnSxXkmT67Mvrz3/kbF0WWvl4zptZfuE3Lo7nI+G5m376KNmOpCa8MZXBm6bvAZtFw0aSQ5vf+slnJ1b7K+ixem1smx1lKEfGbL106/xxYhayLFFzG9/TdwFKb7ignMBZ0DaBB+/VvkEdmmxcbZc1k1FyWTqhxDoY1bVX2Z+CDeyTQ4h9NZ2hXzH51REN5PKIElaUxeGKwnFJIpWY8mjigD0Mo6AqesMstMXezl05F81MoLaHB+ZJKN36IOwAhRmoq99sLh1acOehf7miVvcziG3z4oFFGK7WgxNRt0mM0LrxQxuVYJFmK4WYOVuHvmexyqSNF556TcxrRMaASG6KsRkVNz1HtGzGyCzRxkub93kbhT41Rmm9zhDE/Bosqu0tHmYspfa+nE7vKpqpfZzjPc0VdXLw6FBNroGcryJi5s6pbCruaRij9rHGAmgTNUB9ePNkt6PoIMaWIipLoAD9T8Njb+rwQ8TRYoYj+gSNCn1ZvdFse9R462gU3Qyi2NoYx1cjNOTBM2lwIJLGbfFAp4wGBP12lFvTLrYZFvCG1iSxkjMdckCjvqgjX4iYayorhkBNZk/bjTcoRF9xx+nenUqdTTliGyzaIwc5qMfwLxAnDbpX9rSogaJVaw0BszAENGGv1jAR/phIMxdtlvT9Q9TqSpsdHlKKaXqROSkTEOk2zjGGY5WtgwY5iD0CkQ2XpBrXLFyzqrZ/I5XhDE2FHx4lP9ZnFKEMcXA0+VS6+iHvGnE7KXloj8DsgRAlomVH//TnP3x+mb/1m99+/fQ4r5ISNsK8V6isWtwiKxX+ExPzlHhiYubETMwvPLN9ywtbkt1mLlNTppSEkyQqqrVJ/NY72699+/HxhlciYl5W+ZqvmN/x5tvnl3nJLDmL0LpIkvzic5sf/Zn7f+1H7xGllDQeQBMB4pqVnD44qBrEVQln5kR0NNNmniae5omFeVnpjc9v/9wPvkh859d+88Hf/YevbLfp+77t9je/++Qn/tkr//QXzq/dnL/rfc/84d/9wpXQu186JqJ5IiJKRPNEwvzooZxdyvFmvvvg8pV7S9lkm4nPLmUVunYy/8qHLv7k/+1jczms7mpNSbbTdHztxrouRNsy2N1IsO3mHw9Uw7AzrYsT5ptrMhPcD5s2+ksCMZQc9cpu7ATuvNRvo8SYpokBXSVMHaCgh2jAS9c0vVldD0EorfwOnJOZKFt9bVRfIW7XGcjcBlKGWEywalLajjR7vgnlhnIMdNZccZQ4BKToZXVMsaUqCx6X8QZLvo5VDAHojezWrzWLOTFGblnCqXs7h1cSiHyJvqFR4t+90WR430kJCCfgaB7R1JTJBw0BLpyOWPsGmHcfI6gAXEe339/U5CnM83IYStvnAqEBTHel0thHGKgR7LqjFJsf5dEUtKNTuiGNZZBk03sOBQR5JrVNqxNsULOofX/Qk6BwvBukRaw1jdEIhSwiYRjFKY3hF3K3l32KNfbJM47duGXMNKOCgc21vA9TP0rUPriLdJYcZHO4w35eDgikPnb6pSxglPRJHYF2d6KRYGQTMI8d+qpmpa5s/bEy3JcZX6oUilx19UUZGKGc+zYm1cGYfzHfSo2MbEmq8QLRWKA7D/LiSXGKFYdzNqxNd3x0UlEYaZXevyMgl/EL/LU6ppgLYQS1Q9q4iTo77tZSqZ2DBWOO7IbpTRSkQ3mFnioVezkiuJIm1BnAQYPz1D7fo386jjF0Hg4kSrjRjg6Ow3Sgp5Rdik0QVVOaYtqJuhKtrJcw+TwOghAjVP2McmErcLC0PLoqNDTOdMAaUmsLb4cJdrPQEEe0G2bKkkn07FCx+wNCmxCI6xx2r0HCAiEQsR+g4kAw3PMS+GLm7Le1s2rP/XvIA3gf7IvYl6ILjqfbTNuXH+7YKSQu6/qzv/iJuw8uv/Fr33L7xvFuySypqVzZDylBnE37xwzSTInTxFPiaeLEtDIxy3e+9+Tr3r3libdz2iRKE5dfYWHTxURzkolpErraESfOQmuWoyQn1yRxZiFKRMJ5Tbeu881TThMtK0tduyusKcHNzg6Ou9WdHSLyl3hY47nElIg2iaeUaGLiVYTe8uL09i+7fbLh/+6E/j8/8pnrz59+/+9+7g+895ntJv3YP/6t69dOvvadp9/1DTfWVRLTsmqyQGhKvJn5Ax99/Jf/q89cv7Z+9ouXv/OZ3dHRlkQS0f0HcnXBx1vOkimTyESJ12nOkudViFbK6l8lku4cwfYwX9sl8y06y7Nd0i4W8DLlFQsb2oGHCDAdHsNGrwAEYfo5MGc3jLYmg9K222bIJifuYAUylqq4NfwX8ofKXpwT4DyoVo4+S6p82m1p4u+lhOaoKJJgFqsiAzOJZAXtMj8h8a6JWI2sYmgX5lQIB2fMoi0RUZP/9ZjFR5AG4Ayy7nNPeoaL+xohdz42FR+16EJx4ZtoYb+Nkyf1ZBojPy78qLzAS5kBmIlwQCpkjhrm3R/ahmVu+lIi61SwWTHV4Ey/GBe0RyLaaKTNPH8wma5qCEc00IlaaV9LkRAaGCO28oIuqrWLuAHIHKK0EYRqNVTELot7DvAl8LlpzXbXV25zDIbUOXcRWNzuwWGE2YwsBgrx7IdmJ5He7MHLFh9C2j6OmA1LoNwi6jjtj/Ztjh5q6zYlksB7k1BjAmHCZlwMaAWLOTAKMduLCSGl0v9wF2FDhO2QzVZqx5X2yrWFq3iOlwSywZycSYoy9ly8WlnRlmBzTWKlXanXhtX0ffiY2L0GS/JGlQbvUJtCk1Ntw/YU7Ck86dVYNZjLP6k0DfYZgxgZLCPHeLJtGtEJReGgj3EGq4RsGx6ypQw0Xp3MBRIjqHo4QAoLtWOTnhsw+x9iiN+CtkNx8BYUaQTYqjgRkr7DFSqKutP17A5CSn9xhz6ZclSDrf5ddO8rdAMNd3IoN4cu0liremWpjdaveOkRvFf1apejtWcim6Fwq31gbM4PE5HoLz+40H0C1k9J0ApEl0Rwa2LvyJ25Zv+tm1hDLtiBC6+Y/jyli/Pdz/zSx0nkO3/XO4gTcyVjuHG11Zb47lSAqea4WdbfS++cNoMqB4GwOTyJsjfPyXP/DoZqeDhA6Mn7jIZBwLjkiIlAxL4h8+dHx/Pp5apu2QgMLoywBwUPe8g6lkYOM3NKKdE8lfXPih3PXKM71+uGW4TCGmzV4WIiWjJlYknE5cdack6Sq5ULiaTyw1uZWISXLCJCufx4qC+CVbxtjMO/SGAKUxlMIvWHYeaJ55knyicbyVl+4SPnK8u/+VXXE6XMx/P2WIRyXnd5oSktme/ev8pC9x4sR5uUZpqYp9JQovl4evXx+pP/4mVZ82bZrJvNujuf55NE9Jm76+U6ve4afd+3PfvW16WHF+s00ZbT0fH0gU+c/c0fuzttNnkVIsoZ8izd4FY1Bxw+OPyjRY/hzbabUcdg81GkT32eCzeKdfClU6QWcrzuHBk1tPxhOmRU0PfQGzFHL4B0Nzw0HxqStZG9pDCFyk/CgSdcBznui8BPUT25OfMv9mwkoMYBhKsLpuBRO4J9ldEP3w3IhCYHR7551w3k7fV53E3v9e6TTEfJiDTqayQduD4FnaUK5Pfb4kMCSIMJs6w+AOp7FBxJ8Y/6R/a5o8MqvNcoW1E8STSHr5AJaq/e4baK3hLJNqWjGHFAzDGu6V403gLqxv5fI8VQcuAGYkNDscGYwuOw4NMUG8Nv/1lzJ535sAWSSDzM8lVimOiErisn+0MjZeQAsD61+oiSd8imS4eBHsVty0q2xIyTSvv62OPoD5LdjdQBs/HpQ6PvLVM8THM9+ToAzgDvqDKi61Kiww3UwW6vUbMyRmagG82hd9ZNVHjovDrUQ6ZxbICS1fiIwKCia+zYGmoPacitRRCArQ+X5mDAmNGcwXlDg2NHqQrfTghaO6fITc/oE642MzJ0BGN8xKJS8wzeeb9CXrIjien88uqnf/6jJ9vtt37z29OUSfTXE58YDwNN0Dgeu7B3NXHftVfxhvGVyDx80Qigm5sK4S3qiOPlQaMB48hJF0UkJiy92RpdDKguSipLzhpxiu1JsN9VlhC0a+q1vlFTTM7zNVSVk1lSovrflAxMSm48l9lnJKW5sQrlQhILESUiZkrlVVtmYkq6E1GEs1CmnKvbq5kgUWUsC0eqrgVIjeKS2zQbrgFkSiRSj/vZzJwS5yV9+JPnf+2//8z/9W997qu/8tbX/0fvvP9IdpfTnWeOX7hznFKapg2tE+XNKhMxTTPPM46s0Cob4heeSc/d2VCWTToWWR6c0Xvfff3uA/mFD51xpuefnf/4973wuluTiJQ1V2J+10fv//W/+4UjnnLJg0rZtWSZyKoze8ZX1RUxRi2UQ9iB3kUK/BQrYHTpIVXgcXipzPUNeOs0GhEiUNWl2hdp1hoymB6CsLavrYblGj1mQUsJHvwBFuhFwM+1IpNSA5xyl4kDLGM1B1Uf4NaGxgpJpd35suPXXV4gNFuE8WZQkiFWI5I6Z47obvYPoiNYJLW4ohVFu+DDakx1tEB8noRTOat2VWXDxKC5vahVvl7fL7OYHNy/6j91C5/9/IeKqllLGaNf5QW3gXUIC+2y/tO4awMOCRTWmmpE6AMg7EcB1tRJOBbL+3JzAbPFzmpH1Yx8TP1HmUyt/VQjwiloF2wFlY3m6cGoGaoaj1V0lHD7xG3AwIBPOWzxGHRU1PGYujhiw32TXRWzUoiJ/Qa+WrMVNUIX2QBZVZ0ZvpLjS3xfpovXQJ0iqLn+Qn4Ru4F79m2g2sML8nI4blHfrYjbvogt0nLUWDB74ESXFUSILBEK0wnVnLDSi5LYj7dVURzeKxXh5QhYULXHtX2xFyhaI7d9HUrbUHYBf8gUrBegZmCLOg/e7g29u6KZVBFwmHTjspt6P8VSrVfn1alIg1pIMk6HahOD8bWO2LuxLWMMjyr1IpVesZiB3apFgwCBsQx2qK8c2P7YOGxiuR9pR2KQSCqeERZhW8fUx+f4Ndo3OgzHn/oLT6Acnen2wg8eprYEsYu4OBvyKNy0jfkwbsRtc7WKDa4CdvhtTSvmNer5MgACKje2s7CgE4AvWJlkHD/zBUrDARQbsK/3h9Vc4XxFyQuacITEc9f6OB1vtqfH26iHgx6UKPeqVrCfaJoAGVBU+jkhaF1duXSUHG27i6gSz78Fw3vinrTxtTclDEIJILM/rz+4qsFyJS8V6xch2D5VLNR+U63GKmSbDQzYfM5Q6UqJys7baaLEQkRZJKU0z5QSCzYpIiJZyP4jonXVAEYNSoiEOVPiSaGrOKnMRGWPLq11cjtO1FamPZz3L+JgUXRCysJ7aWRK+eT6tD2df/Jn7r189/LeXX7r88ePzq7+8a+8ypTe+PrNm+5sMtGUElFaJBFPiWgh+tzD9WSmO6epsL/b7XaX6ze86/Zf/ONfPhOtq3BmYjk54V/9yNmHPrF7/ubRi3foaJbzy2W3k5QkUT4+SS+/ej5tEkvarUxEuezP1TCCO02xIKbikWpLVBkDX6jkOy30TuOsu7gqPm3CCtpjZS2lnSm1fZEaURs2DKs34UOoFLdxABYHoltCDuSuGuxpMqAR1kOiv8ZY7rClqxRp6V3XoK8BAKBjgBETeFpFYhFAeUmpSNzL6QZIZMq21Hk4DYOKVHRD7FYq4EnA/zUDJ5FFw9Qyo/bkMyuj4ER6Jwf+o04dSae+DZHwpQuZh5fGiKRbr1jpJOsU5564rRoRyrthsnivonQdNlYLayrAwIRsDMNzN986BYWIA2XbxmEN53pMhfNjwYnHtcWRONHUtkGGaCYHVKXaNCqr3QwB4Yg+ynsK7DPqGAIeGGvPOFj46Ay5jAVexmmI89rBQIKa6Y59QImW/+699AOQJZ0IB0VQGUavB/uMpWsHgoHA8FCKTQEVFzJijZGhrToo14cA6nuSSGX4MTvawYLtXWRUlVG4RdBKvMlw89DMszxKnBqWvSnXWbbyrgGOIIHHAI/7dACTNj5eI8McgIKW5HjXZzWKf1VzBt2Hb6OgQgE/7s/e0wK3VSV8GOVZoEBFPzGYHRYc3EMC/EABz5E1Rcy9HphrdfMRqKoFmtyZlexAhMZgqy16ojBGKaW5LvoSg/HoRhgrYqYSKNOgAu/ackHNcI12tyq+jiTWs2Yb74fA03rWluNKfqJMWeKDrnfw3bjJRduILRrIgABDS/t0LsTSYf+sxy3gIGaxgzGLPlvkLVJ3cYjnYPa7h7DdxQepFwEHZBRT1paL0V2Sik/M2+326IgSU15FhLJweQHEyPHAKwYte0RGRDRxmiZKiVNKxXeWfx+e06PLnIVSqq8UcNkmLpLLzCoTlcmk0Jola0qQmSaemOnaCd04pipfqhkeEV4zl1lrln3EVcJrexVvqtZanoZ1XmYS2DBvZuKj+YLoiq+++9+4+Se/94Vf+vV7P/Wz955/8fp7vvz49XfmJctmnogk8xVNKxF99osXf+VvffHll3f/9u+59e/8vtcx08kmn5/tiKZrs+SViEV4Pd3OZxfLj//C/Zfv5tfdTu9669FzN+fHF+tmwzlLmniaEs8sJJKqcLN4QNXllDAQ9D+oclqCKVZ1rNs7fTchOqxrH02qqVnOb6D4SY1Xh0EQVzG8nouIomt5iF/gbxgaVLLHNDSQSfqmyWB7gnZj3tajgapWHKSPm8l41MQoamaMvm1tOhBYb41cFnxwcQ18Q3+zBC1seAdhDbhQ7KZyjAt0ZJsQSMKCbzW9bjOnw+yIyI4np5JImj1SlYYnbbWOiRLzr9xOQd3M4nw5thW6JlAgNVGHTViY1KBHOt9cB1aEUDbWPCttQzmZo4J6hokW1LrG+nZrc6WwVsDc27v3EsdL83llc0xnVOHkwvp2p7CtbRrV0Xzi0aPcthh4ImpFog+4ujznlQdMRad66II12ZFPNE2RIMyOLCcAd++FwpVyQakWT1XV40mBBBHtp8Jl7ZaOI1s+evQZK8egCyPjoc6Qj6IQ/LTQOHIZTURbOEanczhRaO0QwftQED6yk0J+zGZIUUOf3DgjCk8RO42qDqh8bYP0b283TSFpPLf9LlCgbZ9ESxkYWf3aOGxsrakSBl2FCK23tljlId1D56cORAHGUEQBUOz8ztGMJKRLXJquau6rB+ohRPrCMw+OjOoKD0CXiWAKOqxveqUBjarEuB8MLjSgiJvSB4M7aquxb1Zhdc4lqsEgNROnoBhxjd4uZCIJU5h9l21dGvyozMAY4GNQczQTG8TBy6zaK/TvY85MnHiN5LL1MKYfiAyeVm+gmdS9WmHCWcr00OwpMF/QjQqDXlNkxvg+zl3rdAkwF1BJzyNBf2+DGTJ7HefNthAXR8ODffVeiJkly3Y7f8WXPfvoYne0mWziJlU7VXEZoNNGXKN+J08oEZVfHeEkieubn0kVP6X0P/7yw3/yq/fniTZzqZlSPRqXiDhnykKSBSafdRVyTjxP027J3/K/OP3ubzydZV0WIhJmSsyJqO7ClbDDwpSjgw1x9TSuqrmIVASXKfHDi/yLn7iYtlue+PHZ1Xvfdfsv/Ym3rMvlf/p3X17ztXe/dX7/Nz1Dq3Dio5k3vMyybjarEHHi+4/4lz94dvv65e/9lufu3Nj8uR94y/d++9V7vurazLwjmhNNc0oT/fyvnv39f/r4dDO/cOvy933L83mVRMRzsQVJzInTmtd5O+mPWdk2qCIgNw9AFOPWDFPMKzIe9VZRX3fHhWRw1cSBh2VXY+ijitp30DUBgZUy7ON4C+si9LBR3oyXA4731UUt3Nl2U2z/7vSehfBlsL/F3KFZYuPaw7w9FMBdIqN5Yh+I2OgA50wEuy8N0WkwlA3hpjpS8kUa8xqRuhXXfG0YfN2vHXynvZ/JcdSaNy3jHrCKoT4rqz6gWV1umWE39qqGAdb3bK6rhHE9BbCE6mxkKp1eD5PczlAgwsTJ9kltCejx5IpzEx0HGjP49chCNynwWnt8JlF8p61R9TrVRjepZult8mBZrE76Y4rc5mLqGOvbEUW0KsyoSU4/+CFx7twRB5uoBXBAIg5q1pKBMIi29TY7g1VaBI5EC8MMBGcpTGoCOuzcjhcgQNyN3Fir3lImrfcKkIgkgkWbSQV3OgyXe/0gQLbPHpYMdA+ID4oYY6wRxLnlNX7BirWCGiUNOVZskqcDYLepYIhciBrGaqzGPBaaygeqd03YPd1KJ6q6UBKzL4UiIarbwCwKDximzZBFMVF7uqWI1j1JbJwojBQOeqxepaQSdlEHZ1VxghttMBWDwgz/68eYJDGQIfJN9SKKLuxEUYBkYBDtKD4Xy41qmT7D4rL3Xfnm33yPScU1Fg2JQ1Xs1J756TBQ3IyOpF87b8XcsdXYXKfRRBRSfbVO+MZUXpKL4F+61z1o1V16la4Fd7ZOSMgg2feA50KUqr25RRMnItJfubTgpGNMgF2pHBCF/8PFVYW9DSJi4klydfss1pErWAspCmKggcLj+eTYaZrcouIbNEWnQ/1Uv5bH/bcQhMTd/+HzwSko7b26uAJc3f5aQBu4msT0u977tmXNx0ebZc1ty6p7A1yF92zqVybOXHbbzomnxEl/y6UMThb57c9efOBDj4+OaTOnJUvZNJszrblOPsvQS9YpMKeUKJHwxHNKjy7W27en93/d6cy8ihDxnFJKiZNQeV3U1BgQWN9561WwuoX6sdyqLQgTTcQ//Sv3/urf+fTt0+3Fo7Pf/83P/W//7Td94pP3/9O//fkvfn568ZZ837ffft+7j88eLzeuzcczXT9Z1p38xgfv/+QvffEf/eyrn/7UxXM36HXPHZ2eTMTyb3zd6bfyNSHarZKYpomI0i9++OF/9jc+f/aAbl6/+P3f9uy7Xzo+v1iF6JNfuPziw92t47Ss+Zc/cp4kLZKvllwwUrKqGDfaIGF8D3hOV3H0NM3iD5txI3C2mNU5uGaewLrKERsdxivqY0o7mPgYUvWveuFiw6GrkaUMBRpHgElfZszlJKyIirV8nBfVetSWfAJdnbxe0zUYN3uRtaL8aP9YrDZsBGkcEz+o4dEMJCWIzI8cvCRAbr1XX/ppWJB6QkVwwiEQbpQXOynk7OWss7/YBseCT38xQJUGcn1jezRaWoGOy4qEwlBr75qSvnwbAWE8UXECGETkQUbbtBBRfUuj1xf8UFCwKm2q7+wLjYUSfF/TMePYtSwPwz3oQ8LDJggMc6eR967SholBILInvrkGk7py+zW9khPaCG7BDRHecD642Pi0vQK1rpv7m236cKQZEfCkVp70fGjL40ZahKEBMhIdjOqeRIo1HO9x1Mx/hQ4gnG0lH9HAhWHCHTIU5lVM0a/bSuMBirgfPmDTsRvszvXyCcGzsaYY0aJLoBxNPJAxao+ZMWs+1h3gPa459w2+tsslHG48RTOFUXMtsDdgZESRrZjngpl8pAkJEZcPNKprvBQaVGcdNK3ZquCXmLr5nX2uSz2+ksYsRNvN9FVvf33izIkTlYkvEVMzaxs3+aSrCrMF5afDOiS9/jaNa1FdouuHHNI+bSTN8Z3U+qFZphgjsaX54RVuZa3jeTBMuFUgZ7l9+0SE1ixrLrFejxBi8X7VqKqpyGbwwInrz3tyKcxExDnTeiVMNHE5n4jKxoeVpIoiE2cRoURCTJmYOJNuXWZak2SirJk7pvKi6UQp0cRCmhkTpS0uiDXnANRcBICXUM2IlE24QkTXTrfXt3yUL/7cH/uK73zPM//lj3/qx3/+YT6bX7i5/OD3vfFP/cE7y+Vamrt9c7rzLJ/v+Gc/ePaPfvGD17db3vGNE/mar3zj9VO+/zAvmUlkniglIaLNlD7yufP/y3/1qY9/gu/c5m99780/9vuf3+0yE82b9GufPP9LP/TpaUokK3M6vnVtudxdu74pFur4r/YJ46JTdwABNu4bZWiNSVuqOmkKU/UhGk7ZThD8bI2jov5COhZOABhDOcK/GljVdA00zaSaRQOL5ELrLNU3FOa801LYVvS8244WXVvQqKIH9oiQdmCAZ+x8nSd2oSJ1oFCLLn+sO9ZWybwDkSDWCtwK8/1GrkREmIjHkZD6EJx9UzV6pLpEYB5f6u7awGTMQ6P7cvcU5iyCiOIFO9cSPo28bc3rmeSB+BAm2I2g8NCzDqEihCFgGfegcnGnI9ihF63VObYDLlH/R5rUenUKoHW8Jg6cbn4u32xINCXMvd/zxZZudzTKqQ3ZCqoEO1Lt85MnUAgChLsmgGGG0+FQGNiM6gi2w80yiHpSTlgTQEM9rYhu4zdhghO2okEaEv0JV1BGnW3qwbpUi5jgPqURO14GncE/65IRWNMI6oF733JmEEuoPgiJrn61RrXxxjgpajzVYMb7CsciVnEUqjWlz7E9w75+K6DJQlCY4jsDTQ61PVDrsh7ga9faBXdj3EwgdWdEXMZUOnU60yySaIq3OiEQJpp149eaXWWWGMIWSZ1Oe7e2BnsKnE+0brUjN0sQLWqtwp15wxo3hREJ2uD2Dc3otoRKj5LBFLZchSpGVcyUh1kyj4avGpSJwi9Y2QciTZCBErur6AJew8UNwFu3dDBImmJ9YCrqMyNbmL9oNnr4gp3RqGYFLaugxFZdgIX41T4U9ewxww1T+TJNxXlga6SttTobzTCFKy5+21bNWCSAm9gLDm4KmOrDAWzMmcNAMK1Zjo827//2r0xJytGhY72kRvPDztASER3YxixKiXVgJO7ZaBH6He6LLh/mvkLVgIht2EozBR2zOKYF/eMTyrZUuasMtsnMprCIZ72WECah1JyZSDQiqEaBykCUiI/mdLyho1kSr0Rc3/mccs6chTNJzsREiZiTUCpvkDIzTxMfz7Tcml5/a94mSsRTEiq7WDnPiaapFFQnTpT0dWRgJYhP/WWHleUXRoWI5Fvedf0//ME3P7zY/cnvffHzr1xc7tLF480733T0Z37g9d/7zdeWJa+ZNzOvQl/+hmvf950v/eg//uxRmtLJ6XpxOWX+uq953bd93XOPz1Yq8SuTEOXMaSIiOkr07PX0ST7/+nfd/rM/8IZZ6CoTMR9N/I1vu/HireOP/85u2h5dXlylKX/dVz//h7/rdY8uZEoTLk4gb+hvR4NnMVEFs1YztHJXz3o7oGnjqh0lAWpDgTHN7t3JnPgTcpytF9Fm7CNT47EqdpBGkV0oUh4rCQ2F+7UM/CAF6RUJZIluvP0ksKRTW3fSDJ2jXrPEO/uuph0ajNswhn3KpWNRpwjDHrolw2L9nU+nQ1ALOoXotRqc/YDabhV0tI7QjKCJVcizC2hZsEO1iSSeOkEqpJvZVJ+ZDJqZGi1knztKJ5JORKFqE25QsyLXtvTkBQqQRJOotOd70aBrF4O0+An7afScgqT6h22qoi80tvEhFQPyLdrDJ8PojdxFcq8djkk+oXIKBQMBHMU+OYw9arYwlAkZrlbmhQJ3EDDL6YrVeDd0OmRqZAddvFg6taxVEyP6iwBNOyGziYTt8UBhwi4slAsRMdGKLDT6UOlJ5bQKUHQsr4nSGG56sYGehnZsY+lTRXSdDlj008WEPPCYTaZm2OMegrG1puXODq0LZ8w10Cef+yh44nXAUAU/dOYVig6cfnhsndnsjmqIq7kFtykHAuhvz0lUHGdBtWFc4g0j2eymBLpci3Uw0d3GYNHCv5hn7CE0mnk7yuqlA0iXHBAmGSE8YvhXaGTy0HkNb3x1bTTWsPe83+hU/21kiJX1A+moyXaTYoSz32YpKhS3d/o5ueeSPCfbvJ1kDff7/p4Q182WgKt9K9CSuR9nvACw4BS0DlH0OoPd1T3cw1udVDlqSR8lEYWIUqKX757nTLdvniSiNTRbQgh7f8X/KUgJrFX2TO21gbKtWNlP8v3fded933SLmcrMcxVaV1pXWVZZs+wy5SxUfvgkyZR4ntI08TTxnHibaDPRs7fTZpK80pyIiOZE88Tlh16mSd8kBXM/kFwrWFJfVoraUx4vixzP/Ce+94VlZRF63bPH/8kfe+mbvursrW86/qa3bZZFmHizoZxpWeS525v/+I+95Tu+/vl7D6/SRLvL9cXbJ1/9tmvP3aSrHfPEZXmZiaZERLSs+c0vnvzlP/nWH/+ZB9/2jc++6Q4vi2w3vKyUhV64mf7UH3jmA586SynlfO3Osyff80133vEin1/JPLFHNLZ5mIfGXFNydTz8HkYYLTBb5GgjWxtpABpTfyazJgAIXmo4EKVU7H+U97IXpTSC6t9PIIycBsVqWVdShniIQhaTmGi4d03dSxNQGHzEUdBIQIMs8/kV94M/AJx2ap2eOIOSmuqRStAg5ghycPa1fuh6cHmq1akDtuoTVj48zrAppaem0KpivyVi02OASV8xcX8mg6ghaHVty3RoBH11CtqcKdIUAxm681Tj4L5WnDqSdg0rCs0agauTRdslbsCdL53l1GEwS0RPTiEY0qLVEEzwHKbzxpyuPhnlRpgYd7Ul66IzTDC38MQ9ulXvTyWFhlC7Wldl7FenqW3WQSnDw1HyY4VBLx/CrxZrar/Bn+l7pabPGD+VyY/HTAM3rcyM3/NB5h3PjE6gCE/tCWQcjOdcj5AoAehC1aF2Y0tVm1HjnhwcxBg+Kp5zb0IrCYwqJdo0752C4sWgG/GBddx21xIPsmjm/BZcDWJcOFuIAgK3doEDiNURXQcwXjSOzYqb5tULI0TQIZcHADOQRhCM6prvpzqcsSofcXuIPQe4ExMvzpMQPuLvb4277EF+QD3DfvEWn0Kc0j0cdhn/wXrlN+e64yfKmNYqglVaXgKzmAdqABOagE6C1xkhcb3VkEdocnCHevHK8Ft1Xo2Sq9cDx60MeTmN5USoHs4aiW6YMBfSgSpOiNqcS3tAUR2LYeKRLZXJyL2m8VDybW1untbZXATDaIOG89FhgptuY7lWyoOrrH9ywBRVqID5Rpk4ZQRCtuNSuixjVAxDEo+hS7cC+7z0p3uaS4SIssgk6R/98w9f7eT7f+9XXzs5WhbbSVXPGy3oY07RO8cmbfJJksGFCHlMJUSc6cue45een4koCy2ZMtXfTVlzPXAo59I5EZXTjCglTkRTom2ieaKUeF1pUSFPEyfmlCQlSkyJMVQU8D5soxJ0G5kSRfuKkiTEu0zbDZ8cVdt95ub0g99xg4jWRaZEnChnYqZp4nWR6yf8+7/putQxlpx5zXS16AYw7UIKm4nXNb/0hqM/+0deyCQiMs8kQtNEkuXkJP0Hv/8FIcpZlkwisqx8saM5cTRljgFUCJ1KQVG9CWYSvX1z6icaoHo0Ny+oKHYqrdUU6KSVcLAeHY4KeeEoy7a4Nmp1Cm1UfBvGc1DbbKDmKIkbPiVmc7hpIe5ykJqcjlu8yKIPf6guNan/rtYAZLp9OrHSwWgM0G1XFTp4Pbs5QnX5eV3ctmQ6IDrgvaDiX2bO5SQC9AtNTlTCSot1KG6DHl5WjYxgrSc4VTXad1KUu5FGMiG/0P9+ZduAQJZBs6q+V60SBp4C3SJEnypEm60FaUCPcaqBBIXygetgUd2yLlgyEYXt9yD8dnaOM5pQ1nTTuKfG77BROyBWfViqnEqZ94Y1oj3usjakL0pg96TVkxcjQztv0kAetjZWuJOgLtTOTXB0wN5M9bV5RsmV/RFonja1qYVKA7qK5VRWZGGVT6ukHCUv+oMrziZ8ZguUQP38MBVk0BqEjtwPMNxw8UFKQYYVG6PT7dZN5NqFiU36DAXjfccQVKFV2puapWL/5irgzqnqbuykZsdQuERuciP80GHFh54WRFjXm/iVgnSpOHAMAqWAOBZFOBe103G+JoIzkm3G3fCCf03VFZCgddOu0V4JHOiirKCNFVfMnqIPgp4EOPNt5AwoKg3gherhDsfGW6fWEF9mjLalulPGwWwttjsorJ+bDcywtaeF72BHkMgIqlw/MgQqXY4ifDSHVXRHxuRpONBw4lTFiUnDe7uftosKoiu3GYq+UiGqriE0VUdDAH/BUm2DZkN1gBfz1GybdRWRAUuZQugqLMSJljUnkmmeqsqqZrZd7r9qyBxljgWku0PqbLqbYXMvwdBLRHjy/bdNI7XhceZsnNXj8Q6ofemnQOjoGnZUDG4Vuv/g4uHDy93VQqdHIpLsbRnWkzpGQ15b7r5oBF5mvWKzg/JP+YmU8q7pKrQKZSLJlLPkOjBUfpClyCCvRFlKRLMWVzfV47lK14k5JUosKRFqbEtyxD3zDzH6qlkQxcaqrJKJSGYmKrPBlYjKIiSJECd1wIko026RLJlEciahxMxpsuCE9a0sLlLJxHknWWhKVey6TkNrpssl55zXLItQplSm4tFsWtAMEY9h0XjsAkgdKGeSCJJqnhNMiruwwjqM7/lIIJIi9u2jpAHTQeHGgZeGuaXqCX0NQa7GMiWywdccO28RnYzY8t7+y5uQofyEPKsViQtc2V8Wsp39LTMSb0HCpuO4esR21jgo2mE0Uwdi+BnXMCtChIkAjYnS9+6M8obYvdrXttOW0hgpAGncbvUkGdBYb3pSn6L8+NrLXFX6sT85MGr9GA06QYtqfFg7zy1+Xs8A6kxxoInU7hW1CEF/Xn5EPtBo6QPeV5g8IunKBA066OrGzbalUXj6FInldpJgtV7TWUFPo+Uu3PGzcHH7AYE6xEY+PY0upIe4J3HTlm5U6bUMRAMV3DdfH3D9t5k0NrFo33IAzPF6S5x8DohXsIuHTVLrP0ObHpqMSNvzoNQ8FC+2RHKnuWMW9vc1aj4Suu87jwth40/S9Tjfe0LhIdzJnq6e2HVbfO84qW/3suVOUMRuPtgH9qPsFU4ueHQzPhsR3pEXnqp4DjTSPBSwsqBXOBMcNDaoUe7zaLI8oIX1X22JxV7aCqXKzFQPdsg0z+nx2eU//OcfmRP/vm9/Vz11l5i7fg9cT6Uve4Oi9p5Ov7i5H5cy/Pwhdzfc0eKIE/xRA2Fk+WuJ3VhhTAk90WPBLLnTLiFikiznZ7uL8yux4Lo+lEZrvJoGO4w3Y7tVX7Os4jqYiTaJmIkzp0xJaCYmqlNQMlQnWqXOSJ2CkjVMsKKkiiZEIsySOQmIUT9GIi2nwxTWies9EnMLQrzafCPTon1ZDFMTf8YzU0q0YRZJZfZdZtdJ3IFb4ayxotSZAmWhVMvUGHuamMs5XOU8di67hZs0d7WfMEqDAEdFEoJrv9RczXv6TKvRGhh1dcxEFJATQ5hSBvJ/BLpVOqnh594fDfdvuFyJDtxWITy8tB13Yddc5avx6cwgoBiKGEXahbRPxJrw76J8AssefRDUsEksQ/HoBi1TrhvF4xIzi+qMbukvcmXVUWjI+vUsGlXA0beyRGK/ypSFYXHfg781YAMpzkhwadqjJtd0MxaxphEAc6IiwzDvW6cQRQOkz3Sk3dgWLUjtx8xIeWjCqgAWAv/XzigMbxh2L1O1sdltGzhB34x6UO6FaraIK1oiLsA2yt5pbxmx3onsc4pqt60rCRYVAmssbeLHGxweFZLcF3ngg+vnDXmNadltd9eFjvrCHysJ4C5g8FlzPYYLpLYFA8oK+gSyN/VUdYs/BWNsg+2DscOuLfI7oJJOL0eZeyVcon/iNRplMHpQuGgy8YYHBKEAeIfi56Jl2aKZSQ/dRIC4uBpT7qCVW8YO5kEqDHIbMKyL7NpQETlIUd3RsicDwgzFpLsPlEl3k6jNohq5WkdsuahZV+QwPi6VxhnhF2+/rhnHksH1eSeatxxdokaEjPfdUdQM8REEkUkTjxh47WlXpYFWQ4MTjEzJai9mqmB6vkwdnd5wVqNSaiRdi8adRsEFhDYckfxvsKMGMJ3x7paqbDRGkzCevADOFBx5aZRDbf8BjlDXQ3hgMOJwm6oue1BwWdLy50NdGRkR7CMgYsQjxm23zWX2zGbdMPlBfkUNwGRxcbX84q98arvZvP9979xsEghvcDmUdVezR0zinqTBuGCD2KaNsgWuPO5RRPz8IXuxPTTfkNg9QGzYz/WTZth7/U5Fe91eW7vIWda8ZMrlFanQfwNVT3GxawlJFhIh21JLlIk+/kX6wqtZJFP5ec/i60s1yTnndUdXq7zw7PalF7eJZc2kK+ClMZLgZiiL5PpLoYM4qpUkshLRk+rePIIVDyJt036Xhqn8nKmFHaHlgtnZQInqrlID3upRHBU116COIDsilzkFU/ktGXuVobql0nmNkIy2ltP+Cu4La/gu/H3X2JU2PaFDiQhVOaozpAbmRymmQCDm3/eu8nCjs0o04RuKY8n0SdG9l8OofvO6tmAG2BaFFgG/VGocef+KFNLY8W6gJQ3p3ZSyqcLQ2nBfbn95BN7ioE74NXg3Jxym0zivjpqixMPyCjBS7zTECd6ShvgG1g9sDxlcShB0sGeWFnfzDQrs7eLQ0JAQhhDeeZOi57aemkGv7P0ixZCnfQQNDHlUFkTd+w27g8qzrxhpSyVNRyPdDK80au4Bgkm3Tp9RBj60TEViiWIUJHI0lkPxYXC7N5YdTD8gAOjXYYK4GrUHeaJr26t8TxNmQBPRIRajO6DYOHr+oZVUZ+UxYotl0Q0MO1SVcrPdq9hBdpra08Zby7Koel9rUDx4qNJ4E2I0UmBLQat6epFgbeBpYv0RXQOk7UFCpTBUgYPMSoO59p5wHOOqwaCXo5Fj85EHLmeERzcP1dTGMSsJ8699F5hfnykobQQaLHSU/aqCbt/sb4DI+0hqRtEwi1V+Izm28y6cZ3f8DNxbE8AdGqc+rtRJa92fEuIeL+snUTfGSCpOfD+xWEuqkcsT6Al+ZqBFZT2HyrbErPmFaZJ5wwRLvnu9e9d/nygbLACoUr2WcORQp6SimM35e5BmOSd8Nal3LZ3ygKK0o0JE/tL7yPEcyA3YZVTmnJfLy7w2hVWQoPeM/phtGtv5JmsgE2WSXHfikuRFpp/6+ft/75+9zJTneVrXvGbKQqLHQJJwXunqavc93/bsf/A9z17b0rIyJZEaJrCIagqVJVOSMv/MtGZ/5coiwhQjndKFZsOrglZuNQvIkDmpKllngvUVwMK6gX9NTPi0UZNtTJwpEYkteag3N9EWIupmHJV6SLIzlyRsci8I28txdDzU8nGwbLq/kTTUegVcT7ZrwtACSo3wSqdSG4foj4yBQfvKtrYiRSrRR8YsW9StjmwehdOlo7iIIHWVWmzNSTy0PAgCRY1w6e9JNVQ2Hkt00QRwrCgNlJjZ1dyEbfLtLHoQohJ1r/7149GHN06Qrj/WrL2B2BicigaGh92aW9NBhJKKLuyU69m93ezGHvZhnMA9MBwIHGFpIz71PG6swqqi2gRb/8UFsooZWmiQ2JlVmdQGYgI+eEeTnreqnLop6m3jqR1TXF0wm+wivfaIP6gQVNh7sTLhieBHUZZgh0OtBAKQMCDiomi1xgTOzrXbibj82pknW9ggSqOvcClh6KqGsz0bN5WRhEFRkZobQMprORW5579gg4nCfy1pCzuNEPAm0kxxkEibZbRAWL3sEUMXdNUcoaQLSv2K3qyiYXAorV260poRqtPQgo4zVV5oNdL9nIbJ0GppO+aBmEyZBoIR79XtUkLPEaUPzDwRPVxvHdvCUyOgeSEOBtodtyl4DwtepUk/eYTsaDrGX4eXA04gchojSQBMXTrY20y0slGZZiNVEIfzAHNI2sNX0HcIUtll4bo/IrnZdFCL+dp80BPzfqUhN689DNa1L/UrccfdAQkTqR/0mYN5gXiKwSE5Vicde+lIHVzt5LPSB5/DY+gAXGb9DIbAzkhoOIL0yP270xPYbeejo1F2Uz76ZcNBFbRQ3UFW6mSSJecp69DXKCiuZ3aUwx3Yo7rXvmKZxtlGfcO+6sD7nNy6sPlnla4Dss5YovOhupjXuBOku4hIgVjikUoRl7QFViPtfdjgd2OYqj3kdc0pJU66aA2qByke68+z2+y/M1Y5ZqasvjsTZck5q6tlutrRq/cu79/fTRueJ861qmTzm5xI5Pwin12say7nCUlSrcwklJk+bmC2AAEAAElEQVQSCVGW2lF5PXIVWbOsdSEUHWcHXX7Ulo96UUc4OwYtRNy4GHxYt1sUgz1b13RK4FOXt6xJxZINahCJiVOSDFsqvR2G8UArU/cNCBhcl1IKjkhV1iaVChT1RcIwG1Ve0GfrViUBJSfLlEAoXAYaROKTQW+5VeFCgDXVOOag1tIQFnCXVV0LN+1pOlrfa1RrlyBfHD8b8SpxERViox/xWD/TF1wsErNjV6FyE6UaDbkgpDZd/+or3KCwMFKE4QN5BONDTBQmKKbz5LpVdWL0MptIO8CkStbjaZypOFckuFlDFQ/0r8lfmMNjdMzwDmF0FCXtE+6hkyc1t3ZLoCWeGOsQ6ZZaURqCBtc5l4Uf1pUJ01wlaCvyjmbXyNAGrFvjY+7Eymg11jyIvbZkyNW40ajXIXCL7jCaYT3vg3z3B7smV4QBlrzx2HUI2wu+q9a7nw1OsIUSVHGUDF6tdZeCsMkvjpAT5H7fuS5PzKOWDSCoNtE9tZREb4STE1GoqEOow28IgnAjWoUZWoPIls3Bof+3B0aQmbafqmK2Zp+JgmALCoUlvsZ4rS9nfHCzCkS5tHaM0XYwwYdS97hB/sOLnJ6+IG4LI6fg+sixV3soH2IkhlO0YOu4p9P/hHHR27YXR5rgwqGyY1zio7jupB/CyA/JbkvGxmlwSacbRgkz+eYmxTJ1EwRIM+gYG3Fnted1DQsnomo3yjZc+YzBBVMFfYavOuKK6hBNMHJsdxWVYuumZqJbxggUsQW6igWa6Avj0wxW9CsCYtZeUgpNx6vdz6WeXZNK2k4zWhzIaGK05muUDzTiNw3EzDJ93EVCUFGruGK2WCFWkolSaSVzeTswCrljn7qjeweU7+HMmjXLUocoEPwYYdSqX2OS+DN9wPkhWGvIRW/nsUQjysMLm09/lTUoZtrM0+nxZkp1HJI6k2i6fa8c1Km/MlNmySJZ1izrmikLryutO85XtF7SekXLTtaF1h3nlSUn2m3Sbpvy0ZSmxMWNEjOnYsYsRGumvFLOVN4OXVZaM60rr2uZglLOalLsc5Y9JCIzIBblPnqT+kykzn5F/8UoVeD/RMRMibmERmWHs0lN1IE2/+XCguB8nxNTSjX1YKNj1oGDOmR2oDEWmnJbqEMrxJVRY2hhvZQ7xfEI0mCbqWvWQ1JHWPBMSHqEEqcGggbgDEnlYFfuRIzQTp6BAoHP7LwEbhpf07SLlMRSoLd9Kqy9Yg3tgZsC2iBjNORgLE25aj3Fksq2geoOD5iSbUII/bYQ1lVrLa3eQ4BpKw10xhgS4KyJPLAYNoa6NNZmdjI6ARgxg4iFQLQDyXEj+b4I0BSVVz0WqcD9n7Y1DN+sTBsKNXUatUMvLa2IMFg+jLStEQju+0ewCE7oyVdjNTzSmP056adr3lsiJC3OpoyC0aTIsPSwE38tR154H67czYN47Tfg1iaCjTFQT50FyYFmB4Zkn588Itx+Hnj0ppXqbP/nuDD3V7IngnKWpvCo006N98Tar0ndCUKEQIE9fMrR6NkYVKzGxaHMuIN+VBo6n6TaTx44YPJQKfA3iO7/muGzI597fhk8pr6vzka488NDnR4EeHscTRtHRL8fG8fw4LWEbdiklwSHwE9l1q/tkrFi7fOWTxjkSrFGgJnIjoic0rSscrWSvpC4l5N2UfcproOBkw8QrsQ8sXGbqc5ltljDOwAA3IwxTrMN0m+o0swajz/N8i5ePUuiabPS6PHx5l3veB2nebOZiSShSNHbtC6keiZfM+ztQUhyEt3KKULzJF/9jpuXeUNTTomz7h2YJpo4TRPPM20nSlm+8stPTjZCRLOealvEWdY868rnSkS0Cq2ZczlLNnsySuBFTQhKqDHJGvtpdCZEdRUjuPC6olOLakqYLSQV249E6p+stShNgE6x4BH6EgtxXaBl2K26VWCqrhFCRK5PuA6vBmWjpEVwJhC59t4Rl02AqLGVG3GsXYMOWfwAWWTxOaNZiCWBrH+yodozHWs8ItcbDDMsUG6Dfcz7gzbUFhrMs/Ns3Lj9IBOGsfPBY+tpFKpYgqlapesQsfq1uImpy7/qbmbRt4uxk8B2UB0AYdQ0bLlbiWs0w7QLO0Sc8c/WfpNRk7AwgtIhg9IqbiNe9MAkF0FjrUFyYekXv+NaJNgdMTGctgcscN2PXWzdumm0StBYmj0CewMmX8toK0nztwxFr/0KEPpbXLgPXeENy2Obo8bi7hwGBUZDU4hznCurnG4ShIOp3JGuvyPUCpYq0OYK5h0qFQImY8ZehWOdi46I1zaP5VcE6jof1hFvC5WN4wx0RNn54LTiZQ5RBtw0urgbWqkcuUjV9TbGZeSjDEoPWjIqk6vZUA841ADBROJKK2ZuwWshTdXCVM5+N2im2ie4tMYp6Z/gbQ3O29V1Up86lgPwPtyN37rilnvXvZZxPHgFPaK0reHauPj2AGmLjkxeKRQzSgFW4k1U8jIW4HyVAtb3TWzljRUOsVuVVNkqpCWDc699VqcZBGGCEn9kglAyAbkKikttr4fGJroIz8xJKTYTqCGKCSsFhxZIDuE0gMlAB6wDsFqrDOrtZgIqDj+1wk6q4ljoBpVQ9MXCKBmYKJmMbemthyOQjCoWE9V35HBpLpbF+uRDphLX5/UprpM7PwrpHAVWuwHWuqAOQoUgVqivbkwdkNlO1bY10/Hx9n3vfQdT3pTfORxlLMNaaHDv3lYjD2QT6cQFTFaMClv3pWyJJBYOA934LxFmnpHnAd0jmGc7ba95CEdR6Y0w9iIhzmn72j9BhYi8hs7f+s3vWIWONvO6CnHysXMlfE1X1Uopk3ARIuF6GpF8y9dee8/XXDN+OdVDdhJRYkpEc5Ip6QH+TNMESqKhf/mlljVrofLamJOZFezBH1OnkD3NbA2GB21A4CfQStjxBkZe7UhlreIEA7HW/BNrm61a264y7qoKxaJNs8xUg/VDzFsfXRdYAMCRRlOG8lR8Dqwtsum+VxrOZsvfqtb6M6w9f7Kfm+hjCZx+W0zpdctW0QMzscnS9b6WtKRE2+fubbqGl4gU2JUJef8OD1SMp005+sAEeeGYCA3OouqbHwAQAmBzilIfeYGtNZ4fxgzdhF3wsMn092cBYfzxlFk72aM40Qa558lwjRuyuhWAhg4H3IPqQmZe6urMSLQh9jejlRphD4dB4IdFoX4zzFEguEC6HT45DmXnOnS2MvIpwZF3RZ5i4Abuv38em+w6cXeMT4WI96W+QtiMRhQylRSainW137CgjYaJtOwfuHaK1oUBA08BraGh1roWpYlmgJoe+zXmQeCnzqUfGQxWy19GrlHzZDRcXpJc4QomDDxU+wpSO4zx5TxtFIZG43t8m6lphPYzK9oeFg6+qKV43E5zIYrCLWSMKOLPsF30CXonbiBqvFCEIr8dOxoCrluS74N1NbQWPK0foqixJ9LapMV70iL9QOTwzljdSm/oLRsX3kzVSQYuKZRwRbMPaoH4lk10z+QArR8q692vffad9uLxhC32gRN7mA/bNKRiW13pADdUsFKovCs3CJJ63PCJowNdMK+Y5qZuJDFfylbFu3cfCBoUml9XOdpuvuN9XyH1RyhBq/aft+fp7JF/iYU7r9/N6fb2Yb5c45hu47nMVLIJzuQeqqH7WrTv1FYpR49Uq2IWpm953Gu1LFXyfPPmiVBZidAUVl1r1VgKumitMkY11m75PRVOSZIRSySUiI5TnUCW8kxlCioTUWKaRCYpP3RZVmMl5zrhkLrxVUQoE6+ZSGhVURettoxFfQOOiev5sWqeGBjZ2lWRib0vpxNdqi2zoqIpSs0PaKtVpmqj9tJj4xoxQmJ8ABGDy8qVjKn+7IqGtSOVUeDSFzi1aafM1kMKALhPxREM+TZia7qOVtCrulSJeN1EO8iP86jwYUudJNC2aLptFEP4cCmxUlusZ8YrRcYGxAu4WV8VUDCM0uBTk1HQp8lEWxjsWenMQTkSHR5Tgs5jlpvNwjvUrQV6sOtQD8q4jwrEduFV/QhORPBV/uhEVEPM4dk9WPwkqKfdsVcXqi+sNcrstKD6mKLEbLbVlaouqvkSWiN9683UuV860y4A5c2LFb2poURZa3bt0u6tGx/LwHUkyaIO4x1UksLHLtsqBD8n4BJ1inR89JfNdPTgdWBtWVls0+1IRzN1DWBBGn3ZeRhEOoUDjwruiohULXHccd6hCq8kNagZRO+igUJYWk3AlKnSz1ijSRi5HXjezDPzJF0dMn5sSdzWa1SKlfMQyRn6RrIRRxtuwWzdykDNYPQDjfqh9ufHQXUv0djiC4wIRslRzs3kpvU/FKITdHyNmmHOX5tudr84GwL/Kon2UWKpmn8Va8cwIaycszoCwB8gD0a3+fVOH6eAzGC/wDTodYt84LtFw5KRgwEx+BRuX7ny3Od4CjqqwCjIPYqGPCKMULiH8jLFb/foi2XDyXDDcOpgYpD11XrjOCiKdhzePY0sOGOt4gVvHapYEVcehzDBVj0QjAzrv1DVe3BTBnMiUNGYizHlBO7ZpWyD6x9dqHtmodijAiNOq7sWcM6j0xC/F8aEq+tgRU0AlNYzwIg1sB5VDXwmqGTBMyPCnQ95SCh9Yw2n5AzW9rlBHljqt0lgoNXJ43ADeAH51O6gEWn+ItUDyXRT0FkZoLp1WPkV21gBX5sRHc9F1dRKZ0M1YmqhrLnGs2rfFkim2gL6YHufmEhgWUtdHnowFJQZSTmnNpNkNR5mZnvLVBjGnSkRp0RTook5JbJtwEWXMlHOlMvKJ3N967LugrNImJlTYirvjaYuc9camAsQ+IrIYtIABytBucpH1kintsIwcwO9C6gSlCq4Mh122yIR8Iq9DVF/Wz0sxMOtEhueWHu+RtugWi0ngfjGlIjIdqlZapxb74+hM9dhL81okGZS8pNgIFvoal2NTakwIAijZwvTMXfjGSMqm8E7Z0kyZFViUzoFcaxG8VbXCJZo82ptVqCgyTnhI8LghZ1B5yVor4Igk54JXQ05gLpHFrBnDegg1Scxlpjjc1T2GigZdRip9UBj49SzYFyqiUZRNp2SQKiOvKnucxAUPHVDawC+2TqjklcUxE1SNq6xic53NAJgHFt9zGCojaiHql9rwlqEHwBohPoucHIxQAseegcSBcq7n4Q1B+AdY4iAolUwMHwal7COXPDfygoTSX2Ln+O/vrvKnGKc8sPnBHw4DNcPgLYdxS4beBADLC1h7MenA3cMmhYH38CEtWNVS2hTCQ6eAERDeiImNZkLD1VBu7wrbwm9YlDo0oiErS3KIZDUnrbReFMsaa0G+TZVtXB1JfFNuqpGbizE6jt6za2Jx44eQxeQpFBGZAo/T80NmVQmR6g9NgUt+luFWeEQ10uDqPQzgAu4EQ18yQzcmIwC1YIthlM3GOFBCTh95in6kwPRV6jNY+NM3PudCNbo6bgCALnQ9Gw2gdRwsKU9dKMuwxQUGtFn5sPqhNLQUjkOPoVjVXf/EljDCgqpkdbKZvAKNvp1HD0nW1+QaYA9SlZRC/ZNNMrpXXkoAjuce1BqDz5E1dZazTX6vUof4HGuwJUboRPZ8lGBkrGJkIBvZy6hXzHkkwpLHiDWN2PitK1FVuN0kMwwdIn+Pt4U2FhkszDMqzRVG1KaS+cd+vrMkxYviahZPk1BXsMxwt5FWvkSQdzRqfrBDJHWGdA3bM0IzJm+9MrjL909yyKJqwdEr7CPlar77JYggpbImRIljfc5MU8ppWRbbfU/ZpqYypxzYk6JU6I6F001c1ekUrDBpx5ExJSFMxEl5sTTVDbx1hlsoc7W4C32GUUNRI7sPUoFLO4lwm1xWyRhReO+Vtin0TzbRyFFvGJnjNuxH9SXOJyGyK07aHqHgME9TFiRayuw5pO1YYg0lNJetfBdfBhgLNSIDEZS1aPB9vEF4DgWe0WqgV8MbmzcPoO2NSWE4KhIm/XZQ8tUUxDXWB8M4otDriffWbdNeOLRjQcwqvWwqhjF4HX33JCucBum4KeBuPZLWKMI89Zsw1Jv+I4tE5qGgrEr9qh2NGIjXJS2hLSfXusVzISJQqRdh4P3tx8Roh+hZqYTraMPOEbtG51WwmXKTkE05+G7u4yhkhD5rAn6qmKuzYq9chnDLIDtFixIvTSrcli/xWjCyuJe76n8xvZxnnuoHjIZbqPGyUjPD2mSxC+Rjz5CMiztVbeKo4+rOw66HeN78aDee5LLGV3cSS0+dvhG4/bAItoM1j9EbOy6ikzXv3sribA8CAZiNCUe+FKzPScSEGiPzbUfuWxGs4nc/qsu8IwC5QHBuHIW5yFCcXRMmw+Q7ffgSVBWicX+9a6SQe5aZDJXinHGv0aPTR97QdMJg9R/EEWjCY0qDS1IgCNR/UQda0eFGjc6krm0n3vP3RZuVj7/9eX5ZDG6xEIa7EmXjfieWAnIOBCt1N5lSjTPBR6kXvsblGbch7OLrtt9JO7bUjGgdnTN2EOIhtu1TRUU6irDVtpuhfewEDTVU0sO4a9fLM5CzHR1tf69f/SrR0en3//dX31ysllz2fpMaCbiL+OB+pYlWWtPzM9ZtZwoe25RmMqEc+JyUC2rd67lU40ZSvBUkjYlsrA5Z67BSvnNlvKfJKKJKJFMzMyUbLutEpfNPSBa9luXuTh7xrejS64wyg5esTJphhxhU1xhEQ1ASCCWaOzNCAtpO1NOXPBu0MEXNa1Ct9feTEZNDmkuiylF9k4MVY81yA8KZskD8dhZqU8eZAI6i4aoOiLMDArnfIVapCssyu+++EFlXyxSfImATVxaiH3dN7KAjlRzu9Gh1yZK5qH24dEU/lOlwcpCuc9KoAuKWLdKNePr/XGLWUAz1Zg9nqMTSugWTRgHKGApZ7VTRkpqrqraWjV/Gg6vUYgmwriPhvV0XaRSKszg/LjlQk3RLBtlTg6yEqagzDDaVHlrsoeCZbWZENxEetytK08Fm2EWxD6iAxL7wKEOYjPHkGhzUoRQC4HXANfIpMs11b4GkiQiiZlyzWggXlCyI7iUf4AEAxxRmdmCVRkjIawFzIY9DTAJjgdV2E5Qa99UDhAvoOzQ2WPo7cqJrFY46JuzO5FlmN30PeF+C1FuuzaRZGhf5ePj7UJE8lixNcpA8H/8QaPWZqohI5a7ypsiCLaqKf+43afipQpGu0B5Qd+IiagijRhdPCqQNp4xs1I4Cq+BdfLWVow6xSvXT5Fs9Jc063jBYHSFheh2qYcjxUBOYBFLNLlW/aBilU5XA9OHly56OIC4xP9QhZLCnfUjHGQS7NBugrTJBqaSXiGrrVIfRrQqP4QmkEmHRiIHcH7K/uAZL4mLfk4E9CXqlJr+oZVYUWMFM70u4vTeSYe5cM1tCDRSnGbBc5jf8ZUAYSJKqZ+OOgGxnXbbrY5+uAklSX1mSyfAI4cbnQAR2K29xsyA0jgtt7tM5DNHRhQO+wpDm1Oiy936gQ9/ft3tvuFrvmzaTtWuRF+3K5q/b4oZBnagdf0O1m4PbOCr7KJF4TNyHQCPqPn9lb1KL9TIBZ/gh6da8HRW6n9hqORwI5JzntJ0uaP7j85XKQuW+vsrbO7I5oTBV+AYCtUcpYjkcjotZeacEhHnCjicSyOJJSWaJkqJUuKUdGkDlS5rR7kyZ7FGLttwM/FKLJTXzCSblCemeQLn2YhGnFb7uAdpKqesHjEUqVMepVmf9Q6O7ZiN0p+0VbrRsGiY9Zy2psnAUzUqiDaCt2FgfNxj53XwUYfnTfyAhHh6QMIgKpmRb9xEKS2KlUpxFZPQ341zK6aicZRs0aSuo/VJg9ofNsuBSwGCDfcYi7akYPColUZilraXmgrQ2fj+JLqZY+0QZzzayJg6pDqEjMayU+UbplvNRl6buGeobDWHVN8G8caRQFFlFv1aZDLiBfXJV2+9M+5fzQX12I+Hqqhc5A9sx7Sm9l9Rr5ABXNfEjusksDlkovTaqw18aCMAeOiKHVHNSYaHfjjYSABCLC3ZDD2zqyfU6rpiuG2SInMpwXXUToMo6kpcbbSufokKHF1vfd+/VY/arHUTlLj3iPDzvmTD3Rp5ALawP7PhPlwdXLqORXL3VYNwRxVEd/YY2hCh7ey5BPUogOG+ubMOt1VhFBKATqA7qgvFWGms4R2p+Eh8HfCJl1AEA/REgw1g3bjBAHPJlzfReRM+6lbbHlVkLyGEnr6S0SxqD67G4JoPI8UbtjW8K9JFOaNWdcifaiSsyih0ae93k0+oP6jdPN8rNAYFf7op6F4143EZU45mwtYWqJ9bGnB3rr2Pp89C4ScbwGDaHLnut9TC05h7DbwMdhxjVRHuDmX0ZgE8nky2GFgTqFrvyvfFRe2XJ0+gKkYJkYjkaeKzi91P/uMP/tRPf+RiEZvLeLZ6QM4hqqST3rjuHgdyqO7oydw/dtgS8B/mYx15IOlFA6TTdmzVBaEnvgrPbd4avVS74kfMiZPw5ZJJJCXGqY/oIlSZhNY1Ot0QoC8piLimUpY6dVwyZSEWWddcMhGSiVJmTjVXb4GEEBNlU2IhEU4akmQhIVpz/S+rOnOWiUWYdjvKi8yTTLSWX839/3P21nFSHM3jcHX3zKye+x2HO0EDwUIIJCHuJCHu7k7c3Z64uxshCXGB4BDc3eHc71ZmprveP8Z6dhfy/b3zSbjd2Znuqurq8u527bj0KAy6330rRYibDpONQLlc1cEz1XB2uvBJjYzKxOpQzsLY/qOdv7EsdPc4df/0syeJbJTZrGRPWM+mIw5YnqnikURaVACO1iTyehoig+1RK0XqWDknF1cbOm9FMZGo5FDVa9LPjSlQOZ+c2nrw0dJrx2JEZ52M64o7IUZiPWMhLxkSXiDLHRffZx9gvjSwy+V+s9bPI84I2FvqOi6ipw+cB9zVtzJ5rUctOInvYYv2xG7DXSLiIi0vFkpVYDKELmOlizZnsIn0kmOselLLO9dZzptKr5A0z9LdzsQul5BYjPhY3UZc+gXQnSQe/TyKoqxGvf2H7JClJwYkU1iSvx5ZUFr46gV0/BkbJ1EMrrXhpgqdZccSUH4OlFSw55E5stSZ9h4hXRw9XpbnZOrASd36eTn1kzv3PG3qGk4+weBRhDizWZKVzkuuePQUF7jc6w2tyxw2iZ00rK/OynJBHUyssC9IyVOX6d1siSVwnHSEhx+4TOOX9P5agBTDRhagKRuneJPfnfIeWSVhL7dkQejALSkQBx5/Ky6vuIOFKdEnksIH6LdYpPlHpDYchKydKj3KuGUjRN7ozROj4OU33CFy6e8kvwn40HAkeaq09iaRJ448oUrAI7wNEMrNgav1JAq7qX+HVN6DDtndrtJmvccsTqPu3xRJbD+DAL4TB5xwgBM59fyH/VT/uUo0jU9dlkIgBP3GvvykzRiOmHGo5vwo237+K+WelPaRhYPHoGApLvAI6xmWvtVCPoni3HOlI0rUcAszUsjtPiOxkBs293WdodAoFdeU/JFLSCtskWqbeRLZhkSWUy4uXkkakVcSEhczp1zJ/6qfFDJ0Th25261X4yQBjFYswLnlS5n6LZcMA+4TRalmgPeALK+laoKUCm2ZH11WT8l8+qaAK0T8rJ7C8x58nkCwlKA06Ci1kpJRS+vdpaL3QXompU9ZQDqiBSEFSASVUUWG3qMfSfmw38vxKHx8KzGGI5kw5acU4H0pU0uKuPpeRogQAFAyhCp9Ey+1Fs7HT/Km3tJd8N8kGYtAPPjSSOOKqQymC4C18JIRYQJYBbDSeZuOESDBLytidKwCKX6Nwt4KRXAhBFcUEk9gbQsSApEwtbhDAOHc2skWBHrJLisv6qwL9RhFIDIBigAhQAiHLTlRGUkkcV+djhyYIijlmmq95OdZy78Fd/xS9bWjHcD77NWMefqJyBZpRjXjNOvYcn7x6k0nAMdBRHfcPcXpsoit9OWIFYBn20n9uc6V06ejaXxk8C9xkpS4I1A9+DyTxQe8p6VSi3YdkN0uiHz/wEEgy+JzeMphY6cwDi22s9tFGWT0j7U3R1IY15/N9Q1eireUInG8aITTiMQqIM1yp1GUn5XtB3Tbk6HwUdXD1JLE9nOulAbXG7ZHA4n3LPEYxQHPo5PExB5mrh8BDsu5Zea2BJcg8IkfP05yq/LQp1zE1bh+ghJXzjhgyW3J/wPYFSZEfgJdGSlLRm+GWJhJr0hbjXjS23kFfXpbYrLUqimXDz2/yU8CInWbSVk5lEJ5sJ0ZILm6rhx04ZKblDPfkqjx0cz3nu87AZnZfA8Q3+jKww+Oey/nRUGmMYJTdexpV5eHXL/SA8piAznh6HrDxNE3fgjAmyre+PoksI8R07gqVThLP8uzxsEM3IkHqVcakdFNTkqWr+wU+eSPpE/8Dqff5vImqgWNRGpJYvmFl2d5W2468YgtNwX2ahOZe2wnRCKFLJalqKAk4XwUt7pOgcf3KWXGpJomxPGT/fcwRSdJDoY8rinTwfeMrOldFSj9KgMrBzetJ1H6Cf5vl28c0yo8JQUjXwiEAoAcjfbLCRvxDCWjvr73c9+VxKnRG0kBpyDgbrPi01ou3Vx+8KS7AwJxLR23Gy8qLuMte+mOFJSxc+RtGuVTIxFpHzIQQHLgbUNDEj+ysE2dN3bCO0P5o/8J8L0lASoRGhwm97sJ4CODfdd+TvYefSrec9fT+wV5RPygehik+B0ZaZeh5tY30f25M9eIdG+4bLefy7VtHcll391v7/ttJ1MffjvQiTJYhpA34grLSKoD9SsXP6baA8474JddKeDZfuaBhUq6VvdTRnE6kqakr0U88ACkSliw9HzazQOTJ1PXqYIbfLIJFYK6myzymTR+q8unhIk0B2wzAAEBBBIAKC0MRIK0LQZxnU2b1bKzOpkVslvgHAUKIQii44UCAAAFIAwoACPAGDBCrepcqzshQAgiEAwBuommCShwX72+eiuEAgHO27MiNC9HcSgpoUtAuNW8nhR1b3jcKuvajMoTfd9SSOTktRwBQzzjSYbFed/xbeyeMaVbzACAfQCwr4JV+tcvhdN4jPj+2CAQ/9PE81I9VYd+5Sc7KZLeB2liZrTT/ArUuimxNjp9Sd+dDb6lAUgJzrgSN10JyFDK9/wsnVFSSWtE/XZTihHqEk3SzxmqbFwjwROnqS6Ct6DYQla4JJBMFKkBn9QHj/Qo/e9YDsRGKZXJHTcdHeUml8mh9FcywPwUkb4RP6l9VCeeDSVh6bE6uHEsz9ayjZXU8J1HIfDIbw0Wpkp59J61U4zuxPOB7rTs0k3CwgmnOiRMu1IXLvnCzX7V7Jt6CO5UTu3Te9Zmf0cwo3NHhs2GzN4A0E8bLwsHqXMH0V2Z6kxM4gfRT6KUKFiKPvXTLE39yLomTeb4Ocj7DYmzoCVVITnpfgEZL3RnigcspFBYujJi5Cn2TG9IUYLMSjbtLdlq3A8EMqn3p+EdrBD9j0jBROlRp+QG5fpK9Ao0iJSmTusxTf9ghi+uOvVzvXsH/YO3P5QkLZnhOWcCyX6F1Ylj6zkTw37er2Qc0ngG+n7Vk9yfIz38si9djf3HEifpXdm/yuRgSzxLvFFxXvDEk/WoK6z/s/cMfaRRgKTRXap1c56B9C/oE0MpD3maSy558P1ygCtdzUii1pWQXkO+iGrqlUm0SS5o+tOeDvLNcNcQ2x/4jgePmSaxZ1bYuldmHj8P+rU72NzuA3t/V4b549Useojsh1C2I5TpAfd92eF3LB455PqfHOl7RaKDl4z2A5DiN6VEaTO1L/9Jgd+zRTxQ0X7YSoBx9PaLsCeizCx+ZkoJd9j2Quri3UzO3X9eGadJBla2L8WVXQ4oJIUdrZX69nT0DHoCkCaM/KB7vUvbC1kVMvtLT3vPZ/LHrX8pAaSEUUao6YxAmphxeM6vQ217SBIE3hRJJMWQntFRfdtnLG4lTNlVA3tq2y2pJ4RAAIFCcBQC7RSobcJbp6cAI6gAUEopteKAAGifv4JAkVIkVFiZASEUwoKaSJrmoF5ZvTuFLaxcUe/mjISEUKrYJz4SpRDL+wUlcnjz2CG5xysEUmvWbIJRn7KwpbWwQCXWSMkmpKOTLRRsmeAr+EAJCJB5FX1609Fdsn6zyOIWE0FaDYSDG6CUHnGTpDains4HsM1CeX5KxTee428LGnvDGQs5Bz53YYy3K4gzc1H6LpNQKoxMKSSWpBu4EkbCDf2ihPi0OtjT17MFwAeajLjzpMQBPhBtVnRkmlRu5y36cKIVhCAKAOKugHar5QBRnp2+RA24joYAt24I5Ad8POOA6YywNexEgNymLJ4lV9/fbIq75/7k8g5YbExcushCxB1TW++4BymBSydnuIlMWzef5GSZiKPakUi/gXyyrZdJJKl860MEpf00CAjwueUu/7pkkZkhNWrlPSZ/QhcrB3rf8glfc3ZtkudtuPfAG1GvVVe4+YuPbT73oiCu2eOUxTi1b6mGqadrXPPbJZQd+xYe4JmcLAQC1GP7NNnr0cd52Z4HVqm2DJIdYbBHV0pAyDwtzT2X0Bm0pDQxPbqlCGfnk1S3aIsUS1RYXr8js8Gvpz28PJKhu9bC1UxAwAPOrm9zh8ZWLiBFIcCrC/QAssbVnqKSDASfUJOkHzgKhbiJZ580cRHFTCLN6kay3dFlD6c6w/3sUUFSkC6pfIkmG770kKA7qVx5jalSWGrXg8mheQpmLsGk7z6O9YgnK9GUCnVHMHu1Eb7fwKWYzANShY4fGFcWu6A7lHcyTJ5JIdc8pDgJcv1H+iXHOF1cHMLLKHga08MhTelldJ79z6YOkWSLEneiyz977Uty22tLfkDifiL/lGZGu4wph2ycknxpegCAd15aZuZKkSzgDKjrWvilsz1oUmRWaha91+X202Ja4KYUiWxTZhRVIDnG3pOSUnJllctL6a5BpsynQ0OU5YQk+Wxd5kCzP+p5solILCRlLWTV4rmgGRwcyUxIVYZyjab8gKuAMnnerlhGAB2RG0IISXU46PpgSCWPZJE5wHsz1O8iZHTKJIlKPH5xH7Pfd2JvjuEuG6xK+rx34xxS6tPWWQcIZHghgcyuo19+yEIwM0oOedwIincDKSWHDOzUEktqqmL3nSpu9nf5khMubISCzkkoiOdMKqppNZZuTmhhVdUCBIWlggUCF0IQYdXTCrtACKzyOupuGElAcnqFJ1kRCUGFIAFKVcYIotBHDcw6Y2JRTgRMbu3zQwAAhW2meIFyqX5BMup8Bmkm2W3PMtu29SaMpG59D7vuk6wPCHHY0yEfQQAGIGy+QgSXGsStmPbUr9cbsdZFe4pCljdudwQIASovv5THypuhLi6OyWHnsW2CEeQEAIFa/gl1gCG2eLUHylG0UptS4F0CgTqsTyxbH51OCQgCnAAKoAgMnMZdXSEpHYu3re1HqBNXRNvEI0AJBUeIIXgfAJEAEju/SJBQqcYKPTo40sRJrqbPB5/J4grgVEuEEIoCwDolzo5zWJPfFTbueMlTGAlx2MLlXqQAAgmhtiB1q5Pcfc8Q7BXS0jolL4wAQFNktTM5EJEI3w6xSDyfxBpfIoHqjm8KHeyXHU5wJ4InRwkIYu9i7bEJBQSCwnGAwbMrXH/UssF8FpHvsrletickLO2pZyNFfC8RYs0mifMdtJCAIAQFUgRKHIoTX6dWszZroTSg8vh6Hx2EfNyTCSHnJ3Slu0MayWxD4QyyNR39ODt/LHHoqAthixZ7DiIh7mJla7wk/IgLsWswoDMjiCWFXKVuTa2UnKRjM3Hb2wFKXMHijKMnhf3Qu+d6eopO0l+u/BPOwlACnIDlTxHirm0E4QlDb4a6VqYzSnb4DVNGzaUGSiMgjQ44E98nYzPoT5uv5IXMdtGPY0+AtQbQi1E6St2R+midei088AkhgtqOOnVwdIC1xbKlKSzcJBnnTSJPhxO3awdoe8o5wgQdrF0ciXRHxtvuM91KlpnXx63yRTLdlH1eF+bMsybDyxJOPjs+01il3JYTF37hth9jAUC+jZ5g8hp0W0jtESVdYr2N+0NzP5D/3679iRsg8H+y//ZnuUqQ7W9sSDru+wXu/z+C/4crE4xeh/9B88w0kppMCXkR+QHXC8h8ESl96imX/we2z0g2T7U6KOy/HV+yLk2TZWpYUtwyPJ6HmXlSS5Bnmg4HvvYDmPSqPwuN8jC4A+FCRlCAQmmX8jxu6JQSaqn2/SNud5ch1ZR2DrEEb3rgZX8Ppt7MWIAldysEegMnNYL7GXLJgEuld8pSVzdyag12SsQ8fa3wAdohKZvsEyKEQARCiZCsB9sAs8fQ015OLzbdfV0DQUTuVHAGVdhRJb6Z07x8QyyRtPqjgIQDCORCICLaWU3b9qAAhFIgdv7T+kzlWCkBQGrZ3FQgIGBeDjt0UOjEUeHyPMa57O4QREABCChkvSVRiTg0dONYxLHDUocQ/FzmpOQ8IztTRMT5Zi3jJMzW8c7aOkJsINFpDACBCPSOVJcmElhWDiWASIRlDyF4FqAzqywsKSHEXkmL1DMeiEsAB33bpxZ+V004DjElgqKJAAKYAAXA2h7ZMpWQ2M4fOvYJOmYPICAKFDKdbVVKgFB0lv46fdn+JwMDEAVhgqgAxO7LxR2AEEKpawwLsPPkFKWLEGKxjcWNNmoIAtHxP7mDOxNgxyscarpuHbG6psTNykpZiDQt4CBK3DlkG3lW2MV2tj1K2PlwIOCbQd4HIUCAlF9yJhslQKh1iC6xPErH/0QhhBBICFDqzBoEu+AAiEVOBNfQpgBAwQTkHAlHhkAtRqeA1HIGLZ71XFBPtLmskl526MLrLih1zH+kaOHEXIOdAFLkiMiRCqAOV9qxR4t7CSAKIRAocQvyCfU8BsvZIA4DOzMTrSli05wSTI3FOG61sCaUHb6wJwIBwYADAAeGQD3iEy8LTYm9bbGfDu7wI4C7VxdxaGOnNFGaie4ORuhMUcns9JFd0iDoRPTAPrrKK6V2OiOW8wDEEgIo7CEjBIACAoCwTrIi4FDcsRWIC4Ck5hGF4BwAKGVAKaLDpa6csss5PDgpcAoCUAgghDIA6hUUWyxoO4pouWRuZtYRWiiJKRsUi6GFQAQQSBGAIifICSBllBIKhNqxHmJtGEAJoS7l7CkmBAA6nqk9hm6MgzgcLtwYmU/9SxtXOvLC+eIIbse+AbtpqzULAU6JIACCKECoxUKUEHfzeZvgzsuWinR2THACHYgUBCGcUkIpI5QRN8dsh+EQgAgBJtr7JnjmhsMbVujO2fHeHns3i4lCICAh1NkWwrNtnHCbo5bdOQ/eUyl1WyDfdMfCHVHpq/uO7xXvrq2zrW82HC7HS+96AQs37eO25pzz7mauZK3tJo3kZ1ws5BiYF5dwCev96p7ZsF9qOAjaTzkx0jQTzqKr27CU0ZetPimV5JIqBSnno3xZLbhAyJju30UBhLSTV1IR9CB3/tkvEaRCID9o8jPg5iasjSIdyeFyj2tWpbbgRy59uN2/Un+pyPt5AH1SLvWSbjvxPcmCdbDx8HbzU37D/gA+mJR09b8hU94tjrV53sczfjHjtONYckT2JlxN4LTj2DG+EbSbtoByJ4UrHV0vwn4yA8U8LxQ9Erm8nuLgEOIjoIMLIWmcKZtQlt1siTiXmSxtSwGBQCxmIBfZOUEPbz/ZZRicOxI7SUFMl/SpAiTduQPImBSVHvbmkCuRvBiHpbUEotyZ5D1kKAffXxAoHQi/fMt8eey4HzRSngaPBYkQQghBKcWUaidXndq4ezaADAwB1xkDsFM9QBEpJZoCSROr68yWONo5KQF2/hNBcOACuGNJgGUHEKCAlACltt1KvKIEa+MbwggoFJCAzqEwm1QWKxoD4MglwBAABfHW0UkQS9PWcRKcCUW8HU6II/AlfKW5jpJQwRSB5s1u9zsBAszyHgUXiJRSAIECASihFBx72eFI15REx3px0ma2b2e165plrh63otXE3cmJOEWbKXLKpYTTiRMIsIw69KYMCJMjAtUQGCHILFuWUACgFCwHhdj1w4hACKUEQaCwI/Y+GhJCqTM6tgeJjgdOAClwzgUnClDN6otILqFlI9keNYJpmAKIpjFiOwHE8sAccND28IEIJMjREIIgUooUOBCCSAVHQah1ApBpckqBKdThOuLEIwAsG51SVywT33i7TGZv6ScxIaJtr7tj4FVaEQpWmkeOdwsQlmgQ4O4m7ZUtEQCgSIEyJ8dr+aIOk4FjxNshDNvdAMEFcMtUE26tsGUiceSGQECiAKUEkHp14IIqqrUEO0V/W6MnXDZxlY67asKWHu4MtixsBEQhkDIFqaMbOXJTF4iUMUJcL912CogVlWBWPAUFUkBAFJYbyrlAAHv8pElqed1CmIQyV9tRglZ9haubwVGOwnkFEU2OaPn2IChyBBRACVUACBKgTobKceoIkYsOJQqhRAl7Btt42QrekUIyVfdrdxCftWNNK9vZoJQQIKaX4fdq1y3aMwdaQGEYSChYQwpoDaKg1l4nAgkhhFH7fedYLB8oTkU6ArOmLbf8T7AjfTaHIwDYgQMCAkAwgoQx7uzV726RQMDhVNsTBsZYCi3STFYirKcRQIAQggtQGDAiKEEEighIKKXMErGIyBTiT0ZQRDBNE4RgquLZXI7B4DK1I53suUM8uNKWbMh59ZSVtE5ExF5sAoQRZGByQCQagBXIExa17cgZdTWSjaldK2RJacvrQSs/zxklhCmEUuZYKg7PAdjVRpYk9nS0DTCx/XIr2O/znIFQShAFIWByW4wTaotTV/v4hJ2TsHWQ9llvKJHXJjI4eg0y+5/Em1U+yZOeiJb3RJAf9Ixdix6uwZpmeqFbOemEDNxO0y3OlBdlCL2vjpEAMiu4pqRjUMnOqkcA9L1KUn61Ufb5EmlQZbhk/zNNeyGmifj/uDD12A03lppKXvS4JN00dT0c3w/OGKWGLdwGpamYATTwfvX5n3KzXqjC/eiXdhmsaGl00H3KtRZTkbZZ3e9/Zm7aagOdKLh7d3+MKokprz1LIruSVW48M/NKzXonA7uyEO02Peq4RqYLssun3tC7NEpFz7lvKRbZCJcfcVQISfmJgCeWQcKRSHtBuUzhEDzVCvfDJa1kBAArDIdohQPdHanTpYWP8inyxBrwtFGTX5Fd0Iz+Z8pwuWJIQsNBzs9GijVanhwmvrmX0p+vhwPyh0xHOzKeNjX2Jx/dfn0P+ANFlBFKmeMEelChM5gZwHHsTdnws6Ck7mwCMEwIqKRbhbo/WSEE2KtAvQYAwM5xEbBsdBnYdGAAUHAOTnGjvduQAHtCp2yR7WOdlJaoJ7ocg89VjC5OsniQmAG8bSlSgLNeowhWSbmqKhYYSd1EwQlhKmOMUQDgAp2Zj9yaHYiEWI4aAUoDmqIbBgIQ4ICAQIWwA/mWq4SEMmpbWwSAc0EICElEEhdya3QJCvTGy8peEBTU8n0QgBAtoAGQhCEEIgVBQRB7AQX1hoYQJq8ctjJzzI4NSUYJAiASCrazKtzdMQQiEKCUqqqaNNFAK+PAKRFWTR0gBUItcqIAAKIFNbDWEqPlGgBllDGKAIZhcNMkhCiMEUIFgABQFSSIJgeqqIDIBaoapZQYBgKBSDhgCs656WxpSsFGgCgKcwfU8rpSQvLWPzbvUEKEt4GQqimMEN0wEYW3h76lRhzry+UbzoVAzhghgBSBC8I5d11KarkGJiARwBilYB04xAVa8wUBrLwWOnU7iGCaHIEojACiyVEgEGeTawJAgKiqSgjRTeQoKEXrDF2mqgqzOM+ZKQQJEC5QCIGW64JICCiUuuLekU9gBwAEEGa5P0hAABKmKioQBDCFM46EhMNBBIgndcs5RqsoEQkSUBVQCQFKrYi/YlsOCgJwjpqmWOhzzgnYpyOgPWREYQHD5MKOWSGlUgrMGz2nhtXSNAI1BRBRNwWjQBWmKophclM43jqCcEpDbUVnveYXld5+ZwgWwcBZC0QoSzegraCS/N0vdi2h79y3oxPABQkGFJMLg6NdbM5BgOVMEDfPYwkygYQRFgjYDGO5b4xRTWXgqBjLnwQr6AMAQKzaBOq0RChLJnRKWUADjsCF5cOiW1Bt21kIACCEAOCInFJigiBcUKbYSgNBIKGM2ZOBgMIYI8wUQnA7CoeIhHo6ljj6xolVWcMKikIURCHQFIgAqkIotYQAIQQsuWrHwqSxFwIURWHULvQAtAbWJRigZZ4gckTHZwafRkg1b2Qd40vzAEGCAi3eRsVqmamaAqhbBTsoLBmOCIQSoJQhRSDW6XNCoEDkAhEpUMtps0ZHUAaAVNVUaz5aM1twAfbUdkMjCNZASYEiQARCgTHHKwNixYU5MpURcGJdBAgRJjcJAAXqCEZHEaZIQeJErsCmqUQIn9XqjIRrKfnsiEzPSi+lT48MwPgsnPRX5Cst62LRK/XYlYwmVnpeIQVW9CGTgiFIqKY8RiSAifODk3VzngHJtPsvK1LG133fecm2oX1BFBv3AzckWzuO1SThnvrJRlJyUwmkFqX8X3FIf+k/SZDZSEaP7H5vQ25Pon+GnlLz5Omeld/q9DO4qz3QCbpK3RIPbM+tSAfQY3g/jn4qpQyyczOVLNKIeaPpoI/eXdmXyjgiEmLuDZcr5OgMkSiA/0dGdiwpDxEXBIe+MlAyscAnmhxRCQC2tY0KIy5mhKSSyJMGKe6p7O75XTVvnnrvpmGE7mqMVPlGUr9loDW1OvVTBC1fWgLJw8FKDoBd9uSL0XrUQXQCqDa+rqmSUfb5yOplcWSaSF8QAWHxiq0Ll+8wTE79OX03cJuGlksAGSqQ6qXtPgUBg4NpWhaPfQmBJkedY9LApIFJE3SOhomGibqJOkeTo25g0kCdo26g7vxkmGhwNDhyjtzavkgA52AKYi2bFFa+hICwoXbxTaWJn96+ukJil8u6VUlAwAqH2EadX1V6rTs85Zhi9sBZHpaVaRAKI5u37/jgg0+TSZMQouucEsIYWbR46S233LVvT61CiTBNAGEtV6MgBDdNgwsU/y5Z/r/X3uBIDF03DYNzkxAMh9SsrGBWVigrGsqKBMNBjRK0oKUEghoLqExTqKZQjVFNoapCVYUqClVVqipUZSygMMYoOuFom2AW8IIzgt//+PM7736oG5wS286x/T+HdigEJVBTU3/H1LtraustmjS3tG3bsWf79j27q2qraxurqup37a1rbIkLe0cpQEDTFIbBTVNwznXdUBmdNXv2U08+s2dvLSGAyDnnwuScc25yy+0BAojE0A3KyMsvv/7dtBmmYVJKBecEYNnytXfd/dC27Xs0VbWG2sp3EUSFkcaG9obG1khIvf+hB6dP/17VlNUr12xYv0UIU9PUt956Z9GCJZqiWlSwhlAIU2Hww4yfv//hp3gsQQAopYwxQimh7sUoZYwxRaEKpSgQkQvOCQIR8M8/8//4a057R0wgGqaFDDc55yY3DK6b3OTccqEFYDDIwiENUAguEFBVSDSsRcPBcCgYDKiaqgQCWjgUiIS0gMaIFS8goDBiYakb5o+//PLrn39QZ9ozShYvWfL2e+/s2VsVUBWVkYBCLcSsUTM5nzv/359++l3XDYUCckEAAwFt7erVb775bn1dE6MEubDWUhMCCiOaygKaEgqokaAWDmgAYJiYSHCToykIF2ByoRucMiUcCigKtSrqCYCisKVLV9586+211fUqBVM3AwpJJGKvvPnRCy+9Q5kGworAoJu6b283qhvbTFP89PMv1157DeekrT02Z94Cw+DxeOz7H35ZtnQNUGLXwdqJeFAVsmf3nnvufSAWSyjUqtplJsekzk1BBVCBFJECUkotZx9QcBRcYVhX11xV06gphBLcvbvmppvuXLBgKQGBwpqSgqAAFMQ6d5sgI4QxpjDfpTr/aQoLqmo4oIWDWiigBQMqASevhp62IZbY8f4D4kSUEQE9fWOVAyAg6gk9GFB++vm3a667fuXqVUxhFJAxVJnlrVhrM4VVLGEaXKFQVVM//Yff1m/YRgCF4IauM0re/+STp194cV9t04rVm2rrWhRGHE+COEdhWcJMcG6CEB99+vGb77/X1h4jIBgVCgONUZUCAAcUlCClghKkBBlDTaWRSCigaU8+9cw7774bDGiqQhklAZUFNUoBheDc5CqjtfX18xf9W1Vdo2oKo6AwpqiKItGVOh8URQmoqqIogKAwFuuI1Te2hEOBn3/99fnnn0NQausatm7dQShp74j/+vvMv2fNp4Taphe1RAIoCsyaOe+ddz8ihFBARknKCCrWCCpKSFMZtStVEOwiEfDUMkofXTWN0n8ACAKFybnBOTdNANy1e9eTzzz9xZfTCWWWJBeCOyEdS+MSQghjhDGiqjSgsXBQ0TSLKZASQBQKo8l4/K777v77r38YpYJzREEAFIkbFcZUVdFUNaCpwaAWCgWi4WA0GsqOBLMioUhIc4xmW+krCtEClDgh5Dvunvr3H7MFN02Tc5ObhslN0+Je15qQzAXZFrAVrUsW24Xy6iMcWxqdTKhkpBKCUsk6oGcDuToKiaRrPTXt3XESMq4t4oSnvTEDt8FUQ0qu9wPX+pGsvhSzynolgz1mZ0LT73u1IQ4vgctKKS3YdoxjrdnQSLR1qOQ1bhPB8ZyJY3z7nKD0XQ2cJeSyf2h3KHXkuzyqOGVZjl2O0hDIbozPQ5CgRcsRtSSgy5QZL28gPcgcPiS23vd1nWkIPKKD9KTLTK6TjzINvJCA37RGV067TplnJ8pUt6Fxf/Rh6gTXPNtVWtTvuDuO12X9Srykrts1OEznWroukDakEr6ZiZzKhO5yeiLZiCARyuFRIpnKzqREQEdduk+jyycuCi7iVh7YM7XRKflwiQgkZXx8REN0AHNli5955c+uuAIEq6BPIQqjbvwFpa5t58jfnOQg+aiKzmcHBWnJhkVM9NHZdQbTOd/H7JI/lnIpqYOYuSrEd6QKAcD0ueHrPCUB7AQI0kSm7HjLobv9NWz9ahh85vzNHXHs3b0kP6AaHFj6VIV0seF8cwULcepyAMDbOASoM/cFyu85ew4RoIDCm+6OB2vzhPfZGi97NZXUkOtf2qzhCKc0KH03XXFsdetxhpVi8xjcBRIA0FnFhyA1R5x20meys64VGQgEQQkjAPPmznv66acmTTq6pCQvHA4wygBg687tP/0844brrgEALux0AiUEgIaCAatILRjS3n3nrXGjR40YNsQ0TUVRmlpav/x22oolyzo62trb2rRQ6JARIy+86KKAQhhlra0dP//x1549O009KXSTKBSFYAozdMNIGqZpIICqstLS8uOOP75TZYWRFBb2AtGOxwtBKG1ta37koXuFwIsuOs9ieiGAMMGoU6YpgCI2tzf/9NOPZ0yeXFSYTym99sZr5/09p6JTZy3AjHhcIBGEN9XVnHvOpXfdf7emKQIo0wjaK/uAMiIQA9HoW2+92tDcdN8DD4RDQeTonAVLAAgHRAQhhIEiSMirb7xyxklnHnvskdzkJueM0S+/+vinH3655OJzTNMkQARSBoQQMAwjGgm+996bG9atfee9dxfOngvcPPyIieece/a5Z19w3/137ave+9SzT995293jDh0RM0xKqapSIMANU9PU3//4taG6/uChgzuFO739wQcz//yDUQWoQhFVRWGUUkY48qxozoUXXzLooH7xuM4FsICSSOrPP/8MN8Vrr72Snd0pwYXKqHDUE7EWOROiczsJ8dW0H2Id7aeefHJOdkQIUVVbN2fevD279yiUWjJMCEEI5OfmHXLIyH79+xKApG7u2Lm7urpKC7A9e/Z+9933kUgooCglpeWhoAaUzJs7d+7sOdnRaHXffk0NjSUlZd179lQVxTDMYCDQ2Nj0wkvPNNY2jho9mjHknBOiagBLly29b+rdfXv3Ki4+zDRNxihTWEc8vnrlmi2bNyWNJGFK9d6qaG5k+MHD3333/XVr14YjYUQSjUTa29ti8VhADfTt1f/m227p26d7PMk1hXIhZs7889OPP7nztrtM07Dsnx27dt5z953nnnWuQnicWwMGlBLBCSVi2rSv33v71W+/m64nY//M/Lu6et8HH30w659Zv//y+6aN22++4aobbpg6YHA/PWFoqmq54pY+2Vu95/MvPr3+2uuys8LLV66+656pBTl5SV1njFEgnBuEEKawSDhy4y239e/b2zBNQGSEbdy86bGHH3zi6eeHDu67a+/u9957u3fvXgcPHwRImOX7OVqFI1EY27Nv3x133tnS3GIYSavsORBQFapQymyZJEQyqauqwrk4fOLEa666gmlBFAK9faN89pEnbB1B46l7K8KGkNRFOBxavXrt9TfcNHrk8OLCwtrqBt3UCaUCIRLJCgc1y4i3VkPohqlpwaUrlt1737333DW1X9/ueofOhQkQmjNrVk11zcSJRz775NPx9vYnn3u2X+9ulgoXCHGdC8EZZYCgqCqnZM3qNTt37hg3dkyvnj1bWtq4YQphBoLhaDTCGAUQBAEJEULUNzVt3rS5qaFu3erV33z99SEjD5k7Z05AC1LGDCGKCgs7VXYCEJybAEoykXjx5Re3bN78yEOP9enX95PPPlq5coVKldbWdlVTcnNyKCGNTQ1JXeeGWVnZ5fwLLhozepSq0H+XLH7ztVdvn3pXW3P7kgUL6hqqnnrimdbWlo8/fH/Xzq1T77r10LHjJ4wfrRtcYYpbZMiF+PWPnxfPX3jpJRcQQn75Y+YLL7xglcNHQiFVVQERTTSE3rNHt0suvaJbjx4dCV1lquMPuFlDTBk6RFd52TUIlBJNDch6oaKsZO++HdO+/br/gO5DBg1J1RoAANDeHt+2c2ciEW9qalQVTdUCvXr3ycmK6LrJKBFCmETpiMfnz53Ts2vvCRPHG4YZ0NSGxqZ7H3ygpbklEU9QoIrGGNUYpZajLxAtT1UNqqZhjB0z7sJLL6KEcQEAwCjRDd7c3JKfn28VfPzx8289uvQ48qjDmKK65S2Gya3CB8k/3K8FQ1Ii2vt5ymvDp1YPbBkdoFu7AftvalrL7xUQaTxTIbdN2fTe0HHtBAo3dePvPcNNb2L7IMmMywEp9h+4//dLKU5renuZU4UZL5/tk9qSS3o3xXqAxjFlqA7MNRnKU+3+0fHzXF460Cvp7/9fuj8gaK7N6vWYYQleGnz7+d1r1k9sdKaJ/TUV24yQZcAqNYmX6nxafbn+lTwxUttzYqr7xSgNqf3fy+CH+fzI/fgi6J9mLoQ+69990J0ICJQRborq2lYCorws10KEHDgdi67tT9yu7S9+iWLpBtn1c97x87z1ef9eWwbMnUuR/T10Z53lMtpf3V6I+wxx7qB0tgrIW/vIKU33H3SMWO8NSQr8x2JWrzEBxDRJPK5zq27VglPejNDVH1IQK23eePWprrwm3md/RQE4YUynnMTbb8dFxcEU3V073WfkSEgKj9kGgKUY0B10O1Dk7JRoE8/+5nwFKfJF7N05EHxLJSy6U8t/ljCSucpCXNh/Ae1NXQRyTjWlrb1j5crVeflF5eWFumnGdTMa1gBAcBEMh4OhACIiCkRKCFJCCYV/l6z48cefuvbotHTJ8nUrVl199ZUXXXBxS1tbp06VRxwxcfp339RU144bO44Azvjxp+p9Veeec06IKYwq9Q2Nn3z0QU1NdZfyStPUqaY11NU1NtSUlJRqapAxAkCbmpo4T3br2r2yssI++AOQEqoFQwiIApmqTJw48fCJE5f+++8ZZ04Oh0LBoMYoAIBucisgoyiMEBINR8xEEoiwdgOKd8TyCnPunHprQWFha2trVnZ2bl7e/Xfe1tLaiMgBFEJpdVX1vqo6RdMEghA8GA716N5t8tlTfp/x88Qjxg8aNNTaOgcBuMnDoVB2TjZVVVVVggFl9YaNxUXFl111UTAUtJmMkEULFp9//jm9evUCAEWx40GGiYmkGQ7DoEH9v/ri06rqvabJGxoaauuq1WCg94BelJGVy1eoqtK7TzdKaTgUJMQKPBJQmRAiKxzBIq6oTAixdtWqLZs2HT5+QklpmZ5MIqJhGoSQZSuWLF26bNLRxw46qB/nhmliKKi1tDTX1db27NkzlBWta2hsbmohVn0wASttappGMBTMyc1jqkoJqampfvHFFxYtnH/tNdf26Nlz7Zq107/5pqamRtM0RGSUAFDBRTQapoR07lwZjUZisY7vp3/356+/FRaXdMQ7dmzfnjTMVSvXRrOycvNyKMP1q9c11Dfv3VOlBYP19XXjDx/30IMPlZQU60lTpYHmpobGutrBg4eWFOdKcwwMU6iaFolEAQAoESgUoiT15Kx/Zn39xZcdiRgg1/XkyJGH9uzSY+HcOd179hx/+IR/Zv29Zs2KIycc0btP/w2b1s6a9fspp57at093hRLGWE1Dw7+LFp9y+kmlZfkAYI3PqtVrwuHIrbffpDBGqEaoEtBIe8wAwGhUGzCgT2tb65q1a5O6kdSNdetXr1i2dMK4wwmB5sZG3cRDJ4wLKEyNhIkbRUIQQqAp1ABTNcU0zRUrlvy7aNFVl12em1/YHmsDRAqUKcqGDWsWLJh71p5z+vTuZW2rkzSgR89uhskvPP+cTz77LCsrkp+XY3CTcy44B3u9JwIQyigAISrbu3fv33/+NuXMc7Lz8mOxdm6YuqkLk1uL6gkQSqkQorSk7Psfpv/262+XXXxBNBDUBbePiSJepseLZEkyx4m52gY/cq5zDAaU+oam62+6cfvWjWEtcO1V19XWNaoBAEbaWzv69+n38COP9OndPZGIE0JMjpQIQsic2bOHDxs2ZvQhhmkmdZ0SwjkPhSMAyNG88LKLVyxb9NsvP0WCp3XuXA4Amzdte+rJpzduWJeXn5tMmlo4ILi+adMmRWW33XYHQaqpCByIwGhu9uQzzjru2KODASWpG4wxk5tPPvHoD99916myW1NLU6y9bdP6jQ899FhWOBIIBxYtXnT8cSc8/ugjoUiIGzyRiHfuVHHrLbfcfNOt9959z3nnnbdo/sKGhrqjjjw6EAwHAursObN279o9cez43IKc9lhs6NDh/fr1RkBT8EGDB2XnF3w77euSwrLW1vaVa1YGI9rAQaMAoKW5uSCvYPQhIwghAU2llAKAtUGXkdCbGxqAghX+Wrp40ab16x68/4FEMtHY1GTopqrSYCC4YdPGRUuWTjxie58+Pdu5QGZrH+bpXHCVtKML7JG0rDRNU6tr699+++3tWzdRQpubmxmFvNzounXra/btvebqy3t270sYa25uVjWWk5Xbd8CACy64uLggd9bsOffde3tObl5TYwtQoev61DvuOefcswPWJtGMMkaShtHRHlMCCgEIaCoAtLW2/j5jxpAhQ0rLujQ01BEghp40rCI+btU8UEZoJBRes2PdjBnfn33eOeFQiAskgJqifP/rL1988vFb77yfmx3lAoTADz9+f9Wq1cFgIJoTbe+Ide/a6+KLzg+GApwLR+u6mQiJkyXzBvzWmB1UsVeX+Kxp23rwHBbJu5dMSGeBs9+ykqgvDQe6FgJxjVfPEvMMGjfLQZwfHLMQMQUGv2+ZngX1OEMCy+7XD6qXrUpJ4IFjPRAnPyu36bRGXHvH132aLStfvsJDBGmMZFAlYwb9oEqQO41Lo2yPi2uFuZmojF5fRhsVvV1hLIJ4GbMUE9QPszV+0qBaDTlhEgdg8L1OPPMPXJid717Wy1vwKHOIj5/Rsz9lIInXuN+ItCD2wPUEvudESqW3vh69gZMJa6HrraQmDg08j8E1llGigLtHl0cEsDPnAE5ptLOU2u/USGPttQ72SmpneYoDDpEfkWBxLj8j+EpBLWMbXaL4mvL4wpqpfl9JpkbqInPnPBhicwgoFJpiye9+XaExcvHZY1SVIoKzk6P9jpw+9HGvX1+nXJiS/HS4zsFJoq3rtKRMDc9P8Xt8rqgEUHyQWuzuDrXsq+0P+lTfMMNlt7efXzM3fqDL2lYUETlyu33hgI3SnLKaBtfLl5OQ8ji73O4yibNeGvyi0hOgKZEhP+De2RIpDrycbZXCDzKgwr0lbVua+hKxHVNibS5CbD71FsNKk9wOqoEtx/2BEZLSMDra2JmiQlHo3r11y5Yuqarac955Z2/YsJUpbNCgQc8/9ywFYZq6lVDkQlDKCVpbnJK9e/f8/PMPvfr0Fqbx5NNP7tlb9dlXn1ft3nfSyaeMO/ywcCAwfty4B++/b+OW7cuWLB04cFB2diiZiDNUETGksFNOPPHGG66NJZKBQODvP//837PPPnD/A716904YusrovHnz3nrjLUPXBSIKTihRGcz8Z86br7+aiMeam5oJI8l4srGlhZvmiknLECCSFS4qyD9i4pGXXnappqoEwDT56tUr2tqaDZ3v2rtbU5SDBg2JhsJm0tyzZ1d7PLZ7287s/Jx4e/u+XfuGjxxNKRUCKSWPPP7od9OmlxQUJ/WEoRuhULi0rKi9rb25rfWhxx7kBoIAEGZAC8Xb4iNGjX7o4QfLy0sWLVo2Y8aPX3/3bWNdw91T7zI4LykueeLxx2fN/WfdhvUNtTWz/v67pqEhKye7oCBv0lGTJk+eomlqwtCLi8sK8os/+fTTqtrqqr+qyioqIlpo365dLW1tq1avDWnatm2bv6ir5QLLy8tLy0rKyyqamhpKSooIADeN+oaG0tIyIrBn1x5XXXVV586dBQoAME2TMfbtt9+8+sprJjcBAAUKFIzR6upqwzD/+v33U489tqW1w+CmotgTgVGmqRQBzjnvwkuvvJKpQcPQL7jg3IrykmeefPbZp557+NGHxowZ1bVLJTdNBOCcAyBjhBDKFCUrO1cLBBEgJzvrkksunDjxcEVliXj826+/aW9rn3TssdGsrKzs7Jys6GeffrJwweLTJ5/Ws1cvSlhhcWE0O8s0uTVV29s62tsT/y5dct111+zes6+ktOTIIyedOfl0gUILasFgwBWLumFEgqGrr77y7LOnvPbK6//M+vOJp5/u02/Atk0bQ6HIOeecc/aUKTlZWStWrD7v/AsOPXTs2nWra2vqEokYALS3t7/19rtfffXlrp27enTrcvIpJzU0tt51x53jJxz25edfNNfX3HTDtY0NTbv27cvOjhw6btztt03t0bWioaFp1/Ztxx53/AsvPN/aFuMGrlq1Gk1ata9aN/R1mzYoCt24ftWWzetVSrt1764FAz269zSSOlBQVUUYuK9qT0HBwKam5rz8/JtuuTU3N4cQIqyNT4GsWLn8umuvpwqzwg2MEkVRiooK//fiiy88/8yGjWtGjx6lqJCfn50VCQn0zu8lAAJRN6zwCM+KZt92x20V5eWWhyNJOEtDYFI3KAGqsX8XLTW5VWqN1k5tKMCxjJ2Nnl0hAgAIVBKbKAQXIhIM1NQ3nXfuBf/8/dcxxx9/8oknd7QmI1nhgqLc3377/b233xkyYHB2VsQ0DRQCCBUCI6HgilWr5s2ee+FFF3fpUgkAWdlRhRLKWGlR0Z5dO5uaaqPhcI8uPdasXd/Y0twZyhGxrKLk7POmNDc1hsKBjraYidje3vrF518Q5COHDs3LLyjrVBxQgnpSR8TuPboShVrLDAhlyWRi987tBx887NEnnl2ydMnbr70yoE/fE089rbC8pK21efeeHXW1tYbOQ1F7u6mkbg4bOuyll19qbGzWAsqvf/w0esSYe+6eSggEg6G6urrCvMJnXniWqcw0TEcAk6am5lgs3rtHr8XLF2/dsm3Htl0/T/+psbZRMaAj3qGbIhjQYomO+fPmd8Tj+fkFuXk5ZaWdYrGOquq9ba3NZlKPJWOGjnU1NT2797jo4vOtxc0J3SCIwVBo5qyZb775pm2KpTgC6FiIfh3jqSvnBN+q2trvp3+lMW3QoMHdu3UjlFZX7Tt41KjjTjy5rra+vSPBhVlcUhrr6Fi1cvmevXuOO/bEksK8hB6PJWLnnXjhiBGjt2zd+MYrr1AKsUR87449alAzTV5YWJiItQOQlpamqtp6bvLKTqVAqMqUC86/6OhjJjHVWh1tL04WArngnCM3TUrhw48//uv3Pwm11zsZJqoq2751864du5J6kouwyQUQ1BPJqn1VtfW1hQUFhmG0NrXGzzo9HAqYng3r2jiOxyDf248pgpKB4KhPIhsSqUqVeO5BxmVH0rj4rWFnNDI161gfqb16hkQKuJ794/64XzstgxmacqX4dSkQurYpSs/LEDpuXoZ3MyJlNSE/5MGP4BtOuSl/1z7nlXjDDpC2jY/r7R/QFvWIkPJkisdiBxAyPSOjAxJNEOyaOUhjCULSWgAAcLZ+8JGO+LhwP1g4lW4+O9A1WX12r9uo32KUbEwJTRua/5M177qF4BDfnzC0XBKvKtMZJNn58Fn7aYEDZxAQAIij7FI9R/nywgJpwPo/OCOEzo6MPlhcFzRdSrjCWS6IT5lWLu96Lo1vXnmegcl5Y2MsGtYQ5R2SvAYcb9HvsKRPNVdYZZzjhEjuj+dGWl+I01PmSxotJ9xkv6yA7Jj5WTElIugjAkm94Qc184sHuNKFxYEuRMoopYq1p6dAZyakeVf+CWbvfmfv8WM1BABAPI/R5gonpGXXNh8QJHmgJfkox+OsYU1hUB9CqTDL8yjVPffG0fqP2qoahXVkI9ibA1vbCyJ4mTEHeRsamyrohaBceY5gHx1ByNoNG7du3XTWmWeUl5UffdyJX3755fw5cyORSDJpJDs6AMDkQphcUEqZVZtKjj326EhO9J233z5y0jEXXXB+fWPTRx9/uGzpikuuuCwcUAPBUFYkSwuFFi9e0BSPTTzqaNMwDEMENARASmlhYWFOTk5ODgBArz59CYNBQ4bk5+VYsCWGH6wGVaR2PTkIDoysW7f6z99/u+TSS/MKipLJeKIjFgwHFYURoExhsXjsh++nI8eLLroINI0Ssm/frjvvuGNfTVV9U8MjDz7a3tT64Wcfx+IxI8513dy7Y3dTUysQbGqqr2lsjLXHhADKQCBedvGlY0aP4boIRbSa+pqGuoZwODs3N7e4uFAJKgvnz+vbp29ACdTV1Ofm5vcd0D8QDgvElvam1954+dhJxxw8YlhHe3LZqmXfTfvmoUcenDN3Tp+ePY854ThKSTKWKOtU+drLL33X3HbkEUd379FlxdKVTz76WJfOXf/+/e+2ltZkQv/z199jre2rVqxZMG/xv4sW7d694+GHHzE5okAzmThs/LhHn3jyi08/+eqrr+LJJAiYN3vRDbdc39HRzjRlz949Le1tsfaOSFbUNIyioqLqmhpdT6qezYcAsGH9xpamxhNPPXnUyFEdsQ5NC7qMzZjCCAWCBw0crGlBIYTgqKnqCccflx3JaW5piWZFouFw7169DjRfAAilhQUFrW1tupnQNCUajVZ0Kh81ahRjVAgOBHJzsjtVVBwyamRFp8rqPbvDwVAwEDBN0y5/3bFz585t3bt2baxv7WiPffrxR/GO9jMnn04QBTe1ECOEmIahqgpBAUCzs7NysrOLSguTiWSXym7lJUU7tm1NGvrff/9FCM6ZO8fU9dmzZwHBxQsWNdTWZedlAUBzS9OXX30e74jfeNP1jY0NjGk//vjDX3/+OnbcmA1rV55w4rETJk5sbW0tLylbv3Xz26+/MWnikT27dWptaXrpfy8ddcyx9fWN61dvKC3N//77HyNqdMXyFdu27vzko48bGhsfeexxANra2hwOBTpVdH7n3be2bNz68MMPCgLNTa2nnz5lytmTs7OyA0zbtXtHfX2kpaUtvzBPUwJKgG7auKGpqZ7aGx5TIGTRohX/zJ5Z2bli7LhDa6v3ff3VF3oyuWTpoli8AzgGwgEUqDI1Kye7R49ePXt0s2SGQFA1deGiJR99/EEoGFRUBRE01VqzqCTisYpOna+7/loQyE3dWawhiLvthivL0vWU9K9AYgoRCAT+nj3vwQfvFgZ54IHHVq5cEoyEzz777HA09Nbb7/z1199nn3ve3Q/cW1CYn0wmwdrVFpAy9tIrr1R2qjjppOPmL1rc0txUWdlp5dKVm7dsnb9w7q59e2+58XZNYaFAuLCg+JTTTrFEpKayrKywFmQlhcUIpKJTp207Nk3/+lvk2uFHHdGte3dGiJHUW5qas3KiXbp2CaiqrhuUslAwUF9fl4glevTo1a9Pr0SyIzsnu6yi+LDDx2Rn51JCv/z8SzOpR7PDmqKQUIgQwihFFP379A6Fghu2bO7o6FADaigU+v6HH6b/8P3cuQui4ciTTz2dTBqEirOmnDWgX38A2Lpl22effqmpTAV11dpV+UW5O7fs2LNrr5E0163buGDOvFUrVra3tyMhDY0NzQ1NJ59y8j333vvmG2+99dabhJGGmqaxoyeef+HZ7cnEnr17fpzxw/atu6LRUHFZWV1NHQHYuHljY129oqgcwUlSEbB3X/PWmEjjhu7KM9eG7Ii1qwq96orrJhx9xIply0aOHh0JBoHSpqaWLZs3HzLiYM45YyyRSLz55lvzFi7UtAAAaAEtKytn7Khxo0aPyM6OBoOhVatXrd+4+bvp04pLCuMd8Wg4rOtGc2vrG2++/c47Hx4xYcKrr72oaSoSICrVAV966pl4IsYYRUK4rgMFTVF10yjMLbr86isDTDVMw95LTAhCkJumMAUQyjk3TZMpSkJPXH7p9WdOOTOeTAQDQUKAMpqdFdUNEwiVnTN09uey1W0KM8s0cs0j98iJVGt8Py+mzAq/I5pqWMjJEM/uRNnP8l6VfWlpE1Kf++fvwPvmhx4l9DwIfe6HTaJ0q9Qybj0IU2BI9Q/spjybO0NbntnkuYvyB/e1DMTPYFw5tr7Potrv5dlqKA++5xumWbb7d1ZdL0wuifa3QPz1vR4TOlRyHa/0XmSjcP8RgUxhCuJmKaXfU7hGSmTK7bk5u0xdyZ9cgzwtROAmdTHForXY3WVMh6Vlvy0zpkSiZ0bO95BH2+XzxTqc7uS0cPrcJk77aRsxu71lhG1/v2S6EF0UMnh0br8WZzjrbBGBASquZvYWk9pfM0Fl/+9UKvln5X9OE38SGzKAuh9SSFu9WZeS8jCR/kkZfbddidUI8TmjrnjOiLQ9oQBTx4NknJzS/dTYACG6IazjOhxLiPjbtFjVdTtd98rjK+LMRRc6dJkewfPXvN5dIKW1F16ndv2+hGQK2dKvdNkgs740YeXOAcDbM8lPHUIQUWH2zqcmNzgnVLG2KgGXUjKJ3JZdejlSABFBUQP1DfU//Phj/wH9H3n4EUpZIhn/55+/ATmlNNHRDpQGwgFNVWJonatJKaWci0Ag0K1Ll+amlra2dkVRuMD6+vqc3LwePXs21tXEDT0rJyfWEfv++x+7de0+9tAxRjJpYaQwpnOzpq52x649jXW1JuC/C+c3trR+N31a1y7dAIWiKsv/Xdra0sYotU4zsCJkupEsKa+47dZb8/PzrAQO2JkdQilFwNam5rqaWhSCAJic5xfkP/vs07Pnzn38iSfvvP22Lt169O3TKysr2qtvz4FDBwPQtWvWlpcWd+56xIplK0PhMKH2eSTDhg0dOGggpfTfpYu/+OKzW26/feigoRbdQuHQ7q275s7+58abburerXcsngwGA/GkyTmv7FTZtWuXqXdN7dOnD+d8x46dl11y8XvvfTBv9pwbrrvp5FNPoowauqEFAgvnzetS2aUwP4+boqAo/7LLLyMAjz76eGF+/uFHHo4Ek3HjtNNO1wI01tE2oF+/u+99sFuP7iedcHx+Zfltt9/Rq0f3yZMnl5WXvv3uO106dZk06ZhBg4csWbp07vwFGzZtQUIUqnAzHo/FCgvLWpqbOlVWlJeXWEykMAoA8xcuCIaiF55/4SGHDG/viKmq4rC0NwkIVazdTVRV0RgoCpsw4TAgUN/Y+PfM2fX1darCcrJzqKK0x9qSCd3UDSTICO3WtVv/Af3C4fDyFSvvu/f+xsb6svKK5qbmaHZ09boNbS2t7W0tClU6OhIG508++XRbW/v2LVtPPPnEB+9/AAA1Ta2pr//591+HDx/x3rvv5WZnb9u2/a67ppaVVQBAKBSuqat/6+13L7v4sr79+nTEYgplCKAndU3TIuFQIhlXAwoACBRVVdV//D4rETd27dqRTMQ//uCTX376FbjgCAFVAwDTNAsK80656OLLr7jcNM22tvaG+vqVq9b++ssvgWD4mWeeq6goE1xomrpq9epP3v1AUxUAyMvLu/b6a8s7Vfz6048lxUWjxx3S3NBy+tlTmqrqWtsat27eNOKQ4U8/9UI8Fjtj8mmd+/R67tkXysrKC/IKrrzq6oWLF/CkfsoZk4cNGVZVu6+uqeGOO+9u60gkYh1ITD2RCATDiVisd6/+FeUVQqCqKrt37379zVc3blyvaTQZT0TCWU0tjTU1tZ+8/0EgEmKMaapKCCWU6Xrs8PFHvfLKKxAKCi4AkBJaVFSICLGOBGHE2qmFcw5AqquqotFsEKAbSS7slb72SdGOjEoT8rKQtCsAhUAtoG3ctPmRRx8ozCu594F7+/Xp+8qrrz7z1JMrVywLBYPTf/jx7LPPveaqywuKChKJpHXiJgDmZGd//PmXq1etfObpZ/IK8x648Pwu5Z1Pn3z6X3/9sX3rtuaONoXAueecO278uOycrOKiksL8PMM0FKYsWPjvnbff2d7S3KmysqxTp+7dO2/bumXvvn2RSM6nn37W0tjU1twajUbaY7GEkTj80PGXXX5p166dG5uad+3du3jxoua2dsZoa3sLCN7REZ+7cHHJJ59XlHfKzctuaWnWdXPewgUlRcXl5RWGYaxbsy43N7dHr+4hAMERESKRyPffzzjnwgtHjRp1yw03rlyzatmKlbv37Fm/dk2Xyi4D+vVPJpP9+vaeOvUWppGXXnzt77/+GdCnR1lF8UHDBk6YcCQAWb9h7WGHH3rNNTeUlJXedvutDblNt9x0a1Y065RTTu7fr+/nX36+cd3GB+67Z8jBgz/9/Mv33nnnicefI5QChYaGRga0vKy8obG+S2WnoqJCzgUl1D9E1oYRBNz9O+2Ne90snb3fcl5u3sSJx48aNyY3N3fhv4t//nXGHbff3aVL5/fefm/+wjkjRnwYyQondREMsYqKzj16NCiaZgrUdV1w09ozNy83FxgUFxePHjuuMC8/NzcvoSd1PZFIxD/59LNRo0aNHjW2tKwEELRAgDGmG0YibmzetEU3kpY3a5oGoSTW3tHQ1DJ8yBBKSDKZsLb8JQABVWEqa21vM4RJgejJREDTWlvb2tvasrMiJSXFMl8aJgYUYnAUzrHaTnJCyqtYBk8m38g1S9yaOpKmpX2Xa906+QS3Tc8wcG1NN5PmPC+3io6p52ZRUPo5xUZ2LX/iwoBorweyQhGIQIC6FVq+TBM4q+TQpo/cbJqLlZJg92omPfdJNq1kYx/dfIkLo/0WcZYF+SPuHpWI26BEBT+kKUOSlkxzaZfRafTGhWR8bL/JTNd/dkxAkDpyfQJw8oQuJK7BK2cCbTR8ZqeLgi+vk6keONUIT7Gi/Vs4pS/6dZtLrWF2/B5r7qQzBMh8Q5xxRc8tJL7aVx+qFmDpQ0KApJ8E6XCBu04b7cCFh7LzJ82V8PUoffbyTvtxRlzrOS1P73OLievNyisTgdinJbgJRq+C0qsJd71LBEhhPCeH5EDh9GI/SCxRluoZp1BaCjmBPIPcQn/5ZV/lgsRLPhZ1ipy9ySIHVmSW9oSBjzLp+w9J3k4an2TggkzoZbgkEey/LW1rdKDMp29QKCMjBnfhSIIhzd65PaO/7faHjmTw05i4p3DZ4+i3qfz+msR1ft2DdiFD2tZsKdd//uyqRvmuPZwSv9kAE/uMARTCPgOdUgpAVq9et3Txwi7duowcMyYUCJoCqbM3n6c/fRi5rAFgHTPiHIynasrW7TsXz5l/6ZWXhMNhBNi1a/eKZSuPmnQ0AGihYHVN9dS77rzkwstHHHKwlUagFChVAKCirPyQg4cpln8IoqO1Y9TIg6Mqa2VMU1Qg4t9/l+3ctuOWm2/JDmstLQlm71KGsY7EtGnfLZg7t7293dD1+sbGtvaWe+69NzuaGw1rhLDGhkYtGKBgH0Bqwc4oVShFRMYYAjDreDhLqwJQRsPhIEfOOUch9GRSUdQhQ4cxlb36ymuDBg7sP2BAS1t7VVXVlrWb/52zOK+0YOvajds2bsldsaa5vpFSzXJcrUtVlM1bt119xRUqDeTmFipMMU1TIMZj8SOOnDhv3pzTJk+585bbppx7LkcBQhBCYx3xWCypGwZjTFXVtWtWxzqS//77b05e4eCDhwUCgdbWDkQMh1l7W4caUDVVMblZWFh43EknvPD8s0Cxek9Vdij8+x9/Dxo8eOKRh7///vs1tXUDBw8ZMnhgRUU5IJkwfuLY0aMM0+jdu/dBBw1oaWmKtydPOemE4tKSDwPKsGFDrrv2+vyC/Ozs7HvvvS+oaTfdfEtubkEkGoxmRWPxOBCiKVpjc/OWLVt69erRr18/TdNyVZVmmpUIEEvqBKCtvW3p+vVN9fXRaPSggQfNmDHjiccfJyjUUKittR0AwpGwQiihEAyHhClOPfW0Hj17hsNQVb13z96dU86cMvmMM1taGhVFE8LU40k9aYSzIsFwmBLGGGtoanju+Rf27t3HhUkVJRQILFq0+J+/Zx02biylNCs7a/eu3bV1dUOHHQwAmqoyRfn2y+9WLF75wisvDOjfL5FMBlStvSPe2tZOTNHQ0PTHzL9OPvYESkhxQcE11107ZcqUd957f8OGTXdOvWPScceuWLX85edeScSSAIACEUgwFFJVVVFYIhFvb2vduHHryy+9OWrkyK5dKhubWgzDKCkuZISWdS7v2bM7AOTkZB86/vDp330dzcmu3le7ac2G+obmkxKx0eNHV9fsDauBnOyc4QcPrqmpDUVCw4YMGzpkUDyRiGZlnX/euUcedcTNt9503lnnVlSWzV+8JBgO33X77X369ze5ef8DD6iKcvllV2hqoGfPrlnZ2bpuIkBhcdHdd98VT8YSiYRh8ILc3Fdfe7G1ufl/L75cWFgsQBBCCIWO9vYH738g3h6zxlI3DE0NaGqgR/eCF194njH7zB5EwQG4oetJHQgQSriwNm4h1t6tTLEOE5WFoY8vEN0zMxAAuEBAyM/LffmlVypKy/Ly8wjACSed+P330z9864NQNLukrPCoo47s1KkcAFTGTM6FEIqibNiw5fknn1m7ZvXXn33+7ttv1FdV33rTrYePH3fQgH6BQOCTTz7++ssvjzvmqMFDhgBAdV1da0trbl4OIeTbad/k5+U8/OC9Pfv1ZYr64bsfrF+zqU/f3mPHjB897tCmxvr2ltYuXbtGsqMPP/zIxx99PH78uC5dKh996JFp06YTShpbmjes37Ru3aZQMFBfUx8Oh1977R2kEIkEa2tqEwl9ypnn9O/T++nnnurff8BPP//4/kcfnjPl7KeeeIIiIhItFNy4aUOPzl1efObZgwYOaGhqzsnJXjB3/nsfflDeuQIAuBA5OTmBUPDzzz9ftGh+JBzkSKr21sTb9GF3Dlkwc/7q5euHjx4aDUfKS0tzojkD+w/s2at7Ryw+YMCAYUOHbNu+tb219eQTjhcMdT3Zq0evF//3XNduXdZt2HjP3fcNGND/0Uceqq1vyM7KKizI15NJxgBAEHCOJ/UkvSf7ie0JICEAzN5KuHe3rtfeeENBQUGAkbOnTHnwvgeeffqZ+x96qGrv7sa6+qamFk3LTyQSjNIjjztm/FFH5OXmCy4UypIJo7GpsbG5pWrv7kQiWVxUMmrE8F49uhXkFyYSCUVRGhrqZ/zw48TDJpxx5mmcc0ChEEIoZYpWmJv18sv/YyqzNui2IE4mE83NrYBE07R4Is51ExAYha3btj71xOMbNm5obGqq2l19/KTjCspL6hrq6usb73/siZfeeCccDQYCGiMsFosBkrvvuv+Yow/jVmwSAX2Op7T3oHRzf1fmBZPu+9bLmWaIXLLmMyRTh4fY//qMOU9bowRqCqA+h4TI7mcGiDDti/OMl4sjvs5Sr4y+iONLyvilQC+3IL+Fnr8t6Z39dr/f3ON/DeH+rhQH1f/Zj1B6NvWA1q/kgnq+qPzA/mCQbx7IQnaB8NU3HvjR/7JJUy/JvUvlHZL2pDeymKEsFpxSQ/dbBvfh/8cI7v+ybHy/ge9NffuZA5SXH6BZuzXIxPHW2KVSOoWC3pPSr2R/r/h7oASYvRzHvre/zGdmIntAYno4I5Ug6Uy4f6kl47i/fpUMi1Nt6P0+vgOf1w2gWzyQ7nn7wfP5fJYGyFCd/99pTwAgiEAJTBjTWwAwSg0uiMtVlhllc7zfefOyoU7Ngis5vdH2KCZ5/OB4l+iCD5IOIO4XR/uA80xKiYsTI8x0rqlHZuI+bwebfOg7MDpq0zqVAgA0VRUCP/v080ceerCxuV7T2GmnnfXQw4/n5WfpBreOL3cSux4WbrNeVYTTiRYKVNc2fPDeRzV1VbU19StWrx0ycMDuqr3bdmwfNmQIADBKVU3ZtX3XFVdffMM1N1186SWGYVCq7tq154fp0znyf2bPaW1tXbBoftW+6qrq2qSZKCosLauo6Ghp27uvyjCpGlAPP/JwXdcBgNoHiqOiwnHHHjN58uRYrENhypKl/7775ps333p73/4DEnqcIZk1e9Z3305jlBHirLQmoDJmCj0YCgbDIT2pE0oZZYRSQoARMDnEE3FriyUhhGmaXKCiKEIwRSF5BfmEkNzsrP+99Orbr7/eb3D//MK8xuq6Tt0qBw05+PyLLywuLwkE7N0gY7H41q1bHnr8oQnjJ553+SW9enTTk7rgggCYArp27frIY4+99da7Dz/52K7du6+5/npVDViB8/bWNoFoJWM3b97S0txy1ZVXVlR2m/79l8cfc2rfPj3aOtoBQIBAoAKAgqhvaHxu6j2c64889di0T78+8bRTDho8ori8ZMvGrZ++9+menXvjsURzc5NumAnTGDR4EBBIJJNCiFAoWFJUsrN9ZyAUVBQlOxAq6tt/1OjRoWAAAHKzs7Sg1qdfv0QysWXTxspOlXn5eclEIhDQ1m/eUL1vX7Ij/thjjzOVCcE1LUAoQS4IEEIhqAapSnv17nXooYflZOV8/cUX77z1Vkdbm6Kpd9111xlnTj5o4EGlxcUt7a333XtvdjjrpltvjWRnh8IhwU1TN/Lz87KyIgDAGAuFQ4OHDBHIH3vsMYUpRYUFjU3NumHk5+eZ3Kyvazxs3GFnTZlSWVK65N9/a2tqe/Ts0RHr+Puvv3du37q7c5ddu3aWlZYsXrI43tEx6KCBAJAw9e5dK+9/8MFPPvv80ksu/GHGjNLi0tra+nfefe+rr76ora2ua6i/9MKLVl9/4xlnnBEMan379yosLAhoSiCoTDxyYqfy8t27dyLwUFbInovCkuykrqEpHu/Qk/qYcWPOO//8lpamjmQyKzu7vb0NAJhCUJgG5wDQ2t7+3NPPNzfVv/P+24sWLtDjZtXe+u7detXX1j3z6JOCsFUrV23esiMYVBLJZJ9evQGAcy6ECIZCWVlZVXtq5i+cf3a3szqVlimEdOnapXNlJwRobWoZPGzImNEj40ndMPS2jo5gIEQAgmqwd68eCNYRqcQ6ODI/N3fS0UdFI1HDMKy5rht6bk5OOBqxUtycm1RhiIJSunbt2mXLVhqGbhg6UxgjNDs7OxAMHHvccY4YREIoAja1NCeSpnXYpRCcOlrO29TEEVqUEJOb4VA4mh1VVLWwoMAw+IoVK3bv2vX333+vXb06HM0656KzDx9/xNw5c66/7or8vLxhB4849LDDunXvrilqaXlZwjAuu+KK6qpd/8z8a/GChbfeefe4Q8cGg8HKzp0BoHffPrFE/Lvvvps1858///pj245tzz77/LHHHLNnz+5dO7ZPmTLlmOOOA4A/Z/65Y8e2w8YfdsypJwwfNkSY5LdfNxUUFQ0cNDAYUE86/gQwjJy8XN0wjzjqiClnT/ntt9/nzJt9/HEndu3abebMv44+cdKpp53a1hoX3AxowXfeereuofroY44tL+vUo0fPgKbdd9893Xr2/PzTz+bOnTtk6NDc/Jz84nzGsa25eeasmV99/dX33/94+LhxSSP51RdfduvW/dhJR2uaZnJx330PL/936RPPPLVq9SpKoG/fAS1NHZvXb/3686+i2ZF/Fy1ZNnpppy6dGhqaBg8eAgCGYSCApip60myLtYNGFKRgGAV5uX3796MKzcnJpmAmYu3RaLQ11r5nz6629rbu3Xskdd0NudpHc9k6xrnrC8pah7ACIKqqmhsNffbxJ5TghRdecPsdd27asiUrJ1peWVrf2CkrJyo4pygoITlZUaBMmKa1Qrm1rfXee+/iumHoyVgyqQZCTU1N11973cTDj7jiqitNw1RUBSk3ucEYiycSiqJaoWFKKKVk+64di/9dahp6S3OLaejc5DnZ2T379B49eiwBoqhM1VRGKQAJBrQxY8f27tOHEiUaDccTScaoqmoPPfrg0MGDjj76eJ3HGDLGaF52dk19Q05Otm0g+nJxUkZAshsciyCDSSMnM8F9wzWaXNVKnB1N7NSE1JUcUk5PUskuit8Zc0sEHTvCs0PBtTEyWod+yyrFDE2xVazkTApgGepO5X7Qd8dLD9tem7NrTWqO1zHInLfRQTyV7m5uyGrVwcaGM3Nqy+Zqn2WbQm2HvD7wZRfFcjslX9G/iM7vB3i5IGdxqEwqN69LXDPUNR3374h6gwuQMgRu51LZdqaUHbgogEcDZ8Qdg1cyMj37MyXc4R99Dy6XuXyIeDTwJceIA7Nrd4LfOyO+uWLdcXHxqoKJ5HMQa746CsjlJ2/5ZQplrONWHGBcZwTdU3Md3IhMEHTFgweagyx47OxgTyQHzJYIPj71iJDKWo6f4+KXwijusNmNE+vsaKt2yJl4KeNAfBRLjQE5iV+UXFDiDpCEEUDqi+4nr6Q8PdZAnN2YAIgHJCCi4mWEXa71eUeelPY16T3jSFv/heAujM4oHVKv/1vUwRtvTWFcCNPlcVswue6xh7nH/XITVjRLGoyUqoZ0gL0m/b+kc1Y6crb8oAD2druu6QbSaJHUN+Rb1gik0RIBBedccE1Vly3597FHH9qzb080Gq6vb/zk448HDBx81ZWX6TpXVXcE5ZltrwryQeG0zBhZsXLV7Ll/X331DW3tLRedf/Z7732wa+fOSCh77OhDAQAo69S58tVXX/922re33HkrZcqFF10guKitrZ23cJHCSGl5aUlZmYmQnVtQXNZp5bLVra2xy6+4iimsW+duJ59ywqyZf06fNv2Wm2+IxxMW5+q6aZrmwP4HDR82xOL4cCj4+cfvH3boYV17dBGCE0KCQfXnGT8Q5rCyxdOUVu3bd8ZZZ3BTCC4MYVrnfzBFUSgJBLTdO/eUd6pIJo1olCiKolGqqWphYX5HR+zlV16vr6kpLSkq79w5kdSbmhv37d1bU1vNAnTF0uWMklhHfNyh4049a3JAVZcsXvzZ51/khvNuvP22zz/5bHXxilMnn6yoip40srKyfvvrjx+m/TD17qmDBg569LFHuvfoffIpJ1BCBAouxPXXXh8Jh/RkXDcMRkkkHO3ds4tpkJtvvfHNN97o0qUzABgJA03kXITDofnz5i9buvzeB+7p2bO7EmDFpaWHjh1nmubzz//v0PFjH3/uyVuvv2nXrp0dsVivHj0GHNQfAELBIKMUAMKRrJmz5+zYs+uUk07Zs2fvgvkLfv7tt65du+Rk5SxeNL+5tWXZ8pWN9Q2KQl955dWxY8dSyihjKHiP7t22b9+xaNF8Ky4gBBcA1jE8lDKBYvvWLccee9zBB4/KyWWHHz5h3JhDl61Y9vSzT+7bty87K2vkIcMByLfTp1VVVV/54JUHHzz0i8++jMc7jj3+hNLOnV2uH3jQoKlT7xo8dMi/S5ciIaeeflq3Hj2amlq5YUYioXA4OO3bb+bNm3vMMcfceffUTZs2ZeflEEJWr169cPH88RMmIMcNa9ePHjVy594dXbp269a1GwBoqmLo+vChw3v37zvpiElTTj/7408/ycrLGzf+sCMnHfXTDz+8+sqL9z744BETj9q9Y/vG9ZufeuyZ5UtWfPn1N3V19VPvuKuyc8WSxYtiCSMrkgUAAU0DJG+8+e4P38+ort5bUV66bfP2U884/cTjjp4zb+EZp08+bOxhU++6HQCSSbO1oS3WngSARDy5r2rvIUOHlZeV11bXFxWVXHfzFbH2+I8//nTa5Cnlncrvveuen3/56cQTjmdMGTP2UM65wlhA0wgh8Vhs586d33zzdd8+vVcuX1lTU3vV1dceeti4RfMXLf530YqVy3/9+ZdAkDFFufC8S887/3xrL2ehm0gQBSIhZiK+ddvOzl26zJo5e+PmzRdfeFEoHBCIbW2xjo72cChEGQMASikQYIwBwJKlS97/6JP+vfsGQkFDTxDC1q1bHQxoh40/LBIOCyESySQQqKmuvvqaqzZs3KypquAGolWOS8A5AlJwAwUI4JRSimhyccutd517/rnt7e1vvPnWjz98z4BUdCkvzC++/Oprho8YtmLlqoNHDJ8wcfzh48cvW75y9tx/Pvvso5am9oEDhz734kvDhw/p2bUTUdTWto7Kiu6XXnpZJBLevm33N998vWHDmrXrNtTWNb793rsD+h00fsLE3IICQzcAIBAK33PP/V27df38y68+eP+9FUtW5Rbk9O7Tp/Wzr77+7PP2lo7Vy9aMGHNI7149u3TqdMKJxx1x1MTcnBxVUU444XgA+Pa7r0eOGHHF5ZeFwsFgKPDJh+8tm7PwvMsvOeqIo+bMm7t02aKDhww76YTjwqGIrhuGwbOyc6dMOTsnmltcVBJLxtti8V3b9+RFoiZCQ2NTYVHR4CFDhowYWlpR+s+8eTu27zRMVBXWEY8xBsced3T37t3feP21USMPGT1yZCwW+27a97369L7m5msee/SJ2XPmHjToIMaUAf0PAgBVUVSFEUKys7JWLlvx1JNPTz5tsom4ZNm/48ceZgquadqmTVtWrFqzfv0mRWU1NVXXXXPtzbfekkgkCAMgQAEptTW/vEjK9Z2I37IWiFogWFxc+tRTj2zbtvW22+8aOmSwYehtzR3JhAmUGhy5QCKQJwwkHADVABDAcDgwZvToPn0G1NdVf/3N122tLTk5OcOGj3jyuacmHjOpW+fO3EREFII7Bo1ndnDO/545+933P+jfu7fCWDQapYzNmTev5r13P/jww2FDhypMQSGsDfdKS8suOP8Ck5sosKWl/dEnHrvtllu6du386BOPHn/M8RdceC4QQIF79+7788+/L7rookg4iMINlDjbSNrr72RLyw3RphlbkMHOSX/E06DWH7RNTdmSSK1NlZt11TC64/Mf3biGcqqHsD+bKtNaUfDsXPQM3DTDJENjbgLJ35vnJNohDnmfiVT4AZCgHBexMJAx8lnDPhwPmBjM6HJngDPDD5nsYRcwDyYAx1uw33LH1mkfMzCPS3nHKUxLWkluG0gFfiQVZOsGYmpiI83XIC4kQOzcURryKcvzfLNC+kAkmsvDn74uw8erHtI+GsmpG9tW9p2q4e/a/uxfPprmtdo/ILqFtTKSPuaX5qDnRKVfxBnLA18OlPLM94Pmq7r30q/ONE7pkLj/2DeJ7XAhEkKEgGgkcNKxwwgKVaGUkvTZQPzU9ppOR9GOktgPeCvD/WOa/ir6pVb6zxnuAYK3/xA6g2V77XbgDqTxtgC0SiRsuQLoT19LmEDaKGI6f/z/vayz1REtqWW1Ljv+/skNXuDQjUhK8QQPWcc3lUcnbQ477Ti3fXJN9ivlLzblKAE3TAOeiiAuqf3+pvfFt8u2vy8QwvIRYOv2XVu2biot70RAhCOR5uaW1StXAwACR2QA4FZko/u2mzF20ET7MZLUzf4DBrz02ttDBh3U0thQ11B/ww3XRXMKjzhqYllFKSKGggGFkKKCoquuumrXrr2333FbKBQ+88zJA/r3e/XVlwKBQEDTCKXWFBOI+/ZVJ7kZULVwJKKpanlp6emnnvL8/54fO3bM0GFDTMMghCiM6MkkUCCECCSUgEAejyUamhq6024GFxQI50JRVbQiiNReMRKPxXPz8keNGhPrSCiqyhQ1EAwQgowSI6m3d7S3t8WEiUCAKUqIsVgs9t13P0z77uvW1rZZM/+qKOukBYPmzl2bNqwPhYN1NXULFizo37dv99592hKx5paW2vo6K3x70JBBd3Ttkp2VXViQr2rhx556YtRhY7tUViqI8WT8rjvvGHPI+LzcvDPPmpyTlZOTny2s098RFEUpLint1rVLcVHxypUrGuuW6YYwOVxx2eUzZ/5130P3P/rQo107dzI5D4Q0RWFc4JixYwoK86O50Veff+WrT7/esmnzAw891P+ggaMOHd29a5dO5Z3OvfD8n3/5efmy5ccee4J1gotumkuWLNm8ccMPP8zYu3cPAVJXX9/U3DzskOEnnHBqj57dmpubV69b2617zwsuvCQYDgUCar/+/RFBVQMdsXiPHr1feeXlhK4L5EIgIqAQKBAo1XU9Nzt7z+5d99xzT3ZOfk5OrhC0rKKyIDeshmhxURFHBAAhcMPGda++9PLQwQdPmHBES1vb3r173n37jfb2jutvvF4IbhkhZaWlJx5/AqG0uqoq3hFvaWqtra5paKgHxNZAoKy8rCA3v6Wxedv2rQMHHZRfkGfNuNVr1piG+cB9982du2Dp0iXDRw7funHrkROPCkdDAEAoM02sq68/ZNTwZ55++pWXX168bOnpp5zUr/+gwtzw7h1b8/Nyjpl0dN8+fVRVueyqqxoaGrRQuKKyfMe2raFgUNdxyIhDBg4YVFxcBACUMkqJqrKDDxmpG4ldW3Y0NPwbj+uEkIEDBxx55NFPPv1kdl72NVddaXKuBlQtyAAgOyf71ltvqquvue2W23754dfKbhX5+TmDhg7Lysm+4PxzTC72VVXP/OuXrKxIly6d+/XvY3KhaVptXePCRfM/+viD5ubG1avXvP/hx1U1+zqVltx+511dulUWFpds2LLxiAkTDhs3kTBQFNa/3wAUKARYMoUSNBEZo+u37di4fuNNN99S2bnrZVddEo+333H7nYRzQ9fjiWRebp4VmyCUukZwRyxWUVL68CMPRSMRk5uMsrfeeWvaV9+YJgcAzk1LJ2Tn5Jx88unjm1sJIyCAC2sXGFt+IgAiFyYiAKGgKAqjbMjBwxhjTFFGDD+4oCi7f78BAw46KDcnN6QFAeDBe+9JxBLXXnPVKaeefMqpJ7fHYtVV1du37dACgb59e6iUkGDk5VdeaqitPf+ii9RgYM7cf5YuWrZ3z66Kisqs3LzW9pZLL7nk7Cln5+Xn//TTT4LzZDJZkJ9fkJcfS8SzcnOHDD04qEbyy/PbW9pn/zknNz/39DNOu+zyK1raWxobW8pLyqKRSHZWluUFrVy18rrrbti+edtb774dCGpCiIGDB/btN2Th3Dl60vj5l59vuu7meCx++mlncQ6Cc85NwpT2mKFp4ZNPOTErGp6/cCGYPMCUnTt3C1OMGDV85OhRA4cMDAYCy5esAB0PHjZUYcTkPKgFJk44LDcvZ9GChd989m1dVf348RO0cDS/pPDqSUeWFBdddPGFn37y8fczfureq/uo0SMQhaZp8Xjiy6++ee+D93SdT5/+c3Z2QU11VVmnTmedd05ZWWkymfzfCy+Ul3W66667BZjJZLJHt+7JpMEUxfbxBArbQKHgRJNt1ebtW+noK0IoIZSxI48Yn18Qfebpp2fPnnX8ccck4rG2RHsoEg4plHMMBAMEiL0NHBBCCGU0K5pz/rkXDhsxbNu2Lb//8ks8rmuqetGF5y/9d9Hzzz372quvUgoq01SmEAKEUssUQ0RhCkRhGonunTvdOfX2zhWdVFUhhGzfvv3Siy9ta+0ghKhMpWBV54IQYJqmpqqGyc8650wqoLCoAJEyqgjkTGGIqGrK7XfeEdRCF110PqHESvhzjobJuUBCgCmKlPnwLIcUX8WXQ0u9DU78PZP7RVJuuYszJWfjAD6t6y74k64HeND3hJeKy2h5eT6xY0J5Vp9n+Hhckebi+tqSSCR7DMRpxBc8T7GqbDHiUNKP8v7Al3BM9R98D9hmWiqJ/CnQTChJhjy6ptN+x0vGzppzcruOKY0Sbn4ioFOK4H7w9+XR1+9QetyX0cAmTtrZwVlewI8ZuPpAvroPThmjTM/JQP633+ZvyYXBn8v1rR9LCWD5GnDnl489ZAaz3HX7RdcFTfeuDwyzX5LaLzvggIu5ZNZ7ToH1iXhJMNsvTRkRiyUyuHxACABH1Bjt16sYnGiam7xMCwTsh2/dBKTbu5+X0gsrXM78j6yhi5MdIfCHlxAAQAH7UBBn4yl3Oti7AzsMjy7dHAAkpOR1sRlldwr+/5Uw9GPhDonUlsmRC2AECTqlDC6TWUBIskzqW3LqHQ8aHD/ShQ783CxxCPiVdZoYkWMGDqpS274wqO+ji59PXbjeooOdu/LUEaloWZOcA0BhUUF+YWkykYxEw6bJNVUrKy0FACEI900oe1K6m3lZnOdNFgIABAWWFedXlBUJAQXZ0UcefHDqnbfPnbvg1ps/tDmWUgKYiMULSgvuuPP2fv365hYWAIFQOCQQv/7q6+07dhEUhBJuiGgkUlRSdMiYsTlZWYauG4YOACeecNzfs/56+62333nnTcENAKBA21tj999739tvvmkYOtVoS3Pb9u27T5s8ubCwkFKqBhUzbsTiHcLhCmsRbH1j/aiRhz5w7z2maRLGKBBCCKFOvAHFxg2ba2prsrKyOBcKo/PnLbjttptKSopVRbvj9tsPGz9eYaylI15WUnLm2VPa2jvOOuOM06ecc/ppJ1FCTM4JEE1VASA/Ny8/Nw8AdMO46spLfp7x3esvv/zIY49mRaJTzj873q7ffNsNwVAgHktMPOJwIbgpBBJIGnpOdvbd90w9aMBBCmMffPDRunUbtICmG2ZeXtaTTz597LHHDuh90F133ZZI6pQypijJZLJLZadVK1c8eNODdVV1ww8ZiRQfeuChlpa24086bvB11wHAUUdOuvrKKxYtWjR16j2RSBgAaqqqXnnppT17djc2Nh9++ISbb76xW7dus2bOPOaYSRecf7Y1/PNmzYxGo6dPPkXmw3DYKjAO5WZnQ6Yrae3hkUxqwVB2TnY4FOJWHgMAERlloWAQACilP/74Y3FR6cMPPxwKBgKacvU1V7XFWmfP+efkU0+prKwwTc6slbqKYnBu1Y3PXzA/K5ql68lAMKAqKiVQX1sfjWYZhimEAARCqeDmpElHjxwxauDA/uFI5MUX/3ff3fdWlnW+4KILrcNnhcmFQOs4mVNPO3ncYeMC4Wh73KCMIEAirhNOWxtbuRBdKiufeeYJzoWiKhXlZZvWrXvg0UeKCwsYY4GAfXwL52YwFDz9tNMvuPACSsnGTZt37Nwt0AQAStkVl1/S0tr02GNPn3fOuZSShK4HtAAAhIPBispOTz/z+KoVG7Ki2Tt37nzlpVcDwWBzU8tREybl5kVPOP74Tz/68NVXXz3rjPMopWhwpPDHn79df/XV3Xv2zs/Pf/211wYOGrh81eoPKT326CMAoH/v3utXrxozetT5F5xjjQUXIqlbq749AU0J+fa77wLB0MQjJvTp0+Pmm+984olHhw45eNJRR5qmnkzqxcUl1rI6QqkbeRVCqKpWkJ8fCgWt6T9qxIgZ06cLJ4imqioBEglHzj/vXFlKSrYAAgAKRLRdUuKIJoEQpPTYoye9/d7exx9+SFM0VQlFc0KtHe3/zPxn0b/LPvn044L8/KL8QsrU9tbWQUOGXnr5JQV5uVzgww8/+OLz/4uGw+s3bECmnHfe2VPOmRIJhwGIorDGujpumOXl5R3tHV999tXhEw/XNI1zRMBoOHzC0ZNGHjL8jdffbmluLisoH3XImKOOPnLQgH6tbe1PP/3cc0+9cMfUW0884TgAMLlQFVZWXnbG5NPzc4uOO+4YADARKkpL773vTsO4VQA+/9yzY8eNPue880eNHpkVicTjcUS0jsoKBLX1a3chikUL/82JRE+dfPLvv/6VlZUzZ+bcd994e+3adeMOPQyQ9OzZc+BBAwiBRFyPRkMCyLvvvttQU19YWLh7z96bbrzVNHHU2NHHHHUUAAwc0D+ZMD796Osbb7wmJycnkUioivLKy6/ed9+9BYWFRx816fW33uCCr1izbOKEibffegulpK29fdXyJUEtOHHiOGt0DFMkdZ1RasUXVY0qVLFO8bHEPPXqDCXfhtiLWRqb22pr6ys7lx8yctSko4/Zu2cXR1i3ccOq5SsPPexQTdN0gxuJpKUnCWOUMATBreSkAIMLQqiiqkApAhQUFN500y0XXHTBV19+e/QxR3iGLwIgCECBQqApBJqGGdK0rl075+XkokDG2MCBA/OL8o1kEiz1QAmjjBDCOQ8Gg1zw8y84t2r3vm9/mB4OhXTTZIzGk0lD10Oh0Acff7howfzvvv9J1VQ9aSgKBQDGiKqqFsYdcYMySoBQz07yWNznbqUZLL5MlReHt+0J3w45Po/O73ymX74cpv2/W+XrDVRaC7b+Jp594hAZXXvS+lHYh2anIkXcm66xLztVlkcgGSqpKSqS5rqkupAI3paRqc85iS/Pk/TWYaUUDMveIEjnPRKSwbCUzS2fVWcbfcRxQe3si/tVdk2ddn03Uzvy2VjSk65Z7DodaUxF/NaZNPIgfZGxcRwv77RMKwroa8+ipLM0wuYBdymZr09pLx+vC2dLWCmJl0Zhl10s/w19PxH/I46XkdEXcvtKL/bGFNr6npEsYodOLuUs3BAQ5JNLnSc8n1R6G8G74x9pm20zuy72HjDSOMmb0vjz25IXRkDiJ/8U990k/m/2aNsruwGEsNLkdmoQMY1zwZmxxN/8fkM20sqC/TprHtv487hSSy4jewJHcpJA8VHD6VtKGEoOVeYooO9he65lPkBmf1j8Xy90wDB1+GveJt0QE8b0DIUCphAA1JW4KWzj86pdDA8MkP+NlFmV+iSAjP3/Kzr/+RA6LO8T5lK5NWOUgMY5P/TQsTfffOv9995dV1cLACeeeNrFV10VT1r7zlN0tKuT7bb3XpKlDnFq6SkhBATnCECEEEhYOBLuSCb79us34fBDuWkyRQEAwlSqKSbnuXm5l192IRdoCq5Qtnnb9iefeZoB69atWzwRD4XD8Y6OPbt2XnThpdfdfG1AUwQIznk4HB4xfMRvv/zKBaqKCgCmaeimMf6I8UMGDUnoSYKwctUqLvDQ0aMLCopN0MNaaMfOHctXrABTWMqCUsa5WV/flFeQH4pEE/E4pQQACaGAFnGAMjZs2FAuuADCOScEuvbo9uqrryV1/cYbbi4uKinIzweAv/6etXvv7sLCwmA4nBuN7Nq9fe26tW0tbYWFxYMHHyQACCI3TS6E4EIgRiLhxx9/4vLLLh4xeuTOXTv/+eufd95+v2fP7smkblOPECGAAOGmoIoWiWQh0EBAi2aFQqGwoiqU0aaWtoOHDjr/3HPi8bZYPAkIOTk5CqPxuAkAiXiyvq65R4+e9z18V/euPT/48P1HH3z0vPPODwbDpml269a5sKQ4Nz8/OzcbAHXdKCwqevjhh7Ozs598+ilhQllpWSQS4Yhr1q/74N2PNm5eX1Wzd97cRZTRZctXqIFAtx7drrz88q5dun7//Q9z5s4DypLJRCzWIbiwAjuMsHAolDT0rKycq668srm1tbWtLTc/PxRUYrG4QtHWSYRa/LXo3yULFiwYO/bQeCI2d948ymhxcUluVu7qlat++fnXK6+6XKBpGoalDAihh447rKykVAsGsrOyCVAChDGqBFTkyHWjuKyEUqqqqhDCNHlhQUFBXj4i6dK5s+C4bPmqV199uUuXyra2jpzsKAEkzCmIQFJRXm6aZsLQkQtuGFpAY5rKghqjtKGxaf26tfF4LCc3Z+GChQ2NzX/P+nvowEFV1dWUKiNGHFKQn2NyDoQU5BcFg4GWlo6yspJu3TsTIgBA1/X8vLwzJk+eP3ferr17k0lTUbWioiKBSIDU7qvZtG7TuDEjJ51wYlYoFAxrV15+9VmTp0SzgpyL4qKigqLSzdt2TZhwmDXlBDdHjxn94cefAoXb7ritd+9excVF7R3tK1av+f6773bu2bNs6ZI//5r1z+zZv/z6S35+QZ++fY47/qROFRWAwprLJkfG6JbN26Z//fXpk8/o06e3KfDqKy5fs2rlvffcPXTIUEoJIVhcUmTt4awyRsDanwsUyvRkPBQKuuKsat8+Sqg1wRmlikIJQYHIEakr/l0rwgmEWZLDNR0R7SPROAqhKAMHDdq7ZyJjZPu27fF4omtl980VWxN6PBQMR6LZhhBtTXV5hSXlFRWW2m5taV64eGE4FDrquGM6d+mSX1B8wvHHlpeVAYDgnDI27OCDFy1eOG3adz/98GM8Hj9s/HhCiG4kQsHQjB9/fuW1V7Zu21Jf26QFw+FIsHPnSqLAP7P+/PnHn9au29zW2n7b7bcvX770iksvLykr1XU9Pz//sPHjv/vuu3PPmVJbX9/U3F5WWlpYWFDZqVNrrH3u7Nldu3Z57/13v/riq1tuualvv75t7W0AXFU1bpjPPPdM925divKLVC3QqaJizKFjIjnhkcNHPv7okwTolHPOVsOBjo7WQcMGxxM6FxwA8rOz167dGA1GX3r1pd4H9Zr21bRXXnx99KhRFmlzc3OycnIEQJ9+7vJgPnz0wW+/887qtWtXr17RrUvlvpqa9rb27KyslatWPPfMMx2JjnmzF2sBdevOHaaAgQP6X3jhxV27dtF1XdE0VWV791Vv277jkGFDwqGgYXJmR+6IkIwfBAQBhBHBzRm//P7SS8+GNTUSDBqGgZT+8svPTY0t+/bt3Ve97+dffq6paRAosrOiGtXyCgpOm3zmRRedh8LUAmpuYX44EBCITKNEYwTA4GL48IOvuOLKDRtWH3/80QpTqHtEOgEKlACximOBMN3gkXCEEmrtmrRj+46G+no1ELS0FFUopZQSEgoFk0n9+uuu27Z5+5dffzl00MBYLK4oLBjQuGmGQqHPvvjsrtum3v/g44cMH2KYglLgXDCVJg3xzbfT1q9ff/wJx486ZJhucoLW3nLUVqiOZ+LGlDM5n7L2RuexNJXuvbsf5/PA9X5yE97flAWbfjgkSz2joWP5AOnre0C29PbXgYMrsQs4M3mb+/POnLJeBHtL01Qzy8PW868JASEyNvcfGSr/oLnIkhQn1G4q5XJdRymjZH/1dwFeLyj36PNmUsBB6Tu69vb/BYUMvfvAyEDO/bW530cPlPkE2B8pfM2TFGKkdZdpQvlaybTUMMWFk8bF1xz6KOvoJ7fe2AXHedP+S0D+MRNp/g8uQ9pXz4H380aGVtBhe9d/2U+gI/1dt+bA8WX3zwT/RXlfNyk+k6+N1IYytyoP4n5cWUXO2LpRCuf7fp1PkjL2kqT2VvFmol9K7EN+xg1ppCaOJTSEQCCom7B67b6OhDF6eJdoNGhwoPaySnRmolOITpxjvlz45NUvKa17sgid6J7zlLzwH9x6EiKjkLr6wgaFpPzkRlZsjqYeAb0luu6E8IBLZXAnSEcIVRgBgwtN06699qqevXstXbK0c+fOEydMLCnOa4+ZVFEQEYASqbzGGSw/7HYABQggs0KBQjBGCaXf/Thj1bJV77/zoaIwzu3cCyJywQkANw2TaIQQ0zBZgJmmUVBYMPW2Ow4ZeUgyoQeCWm1d7V13TW2LtRFCFUZDKmOMhcPh9ubWREKnlHBOAKC6rpYq5LZbb+vTqxdHAQL/+nvWrt27rrn6mp69enDBGWNLly279bbbwLJDgBBCTJPXVFf17t0PrdI4oMKaz4QgCiCECEEJI5QiAgI1DF5e3qlH9+6bNm0OhkOmaQohdNP87JOPECCZTHa0t1NKZ0z/YeXyFdU1NRPGT+zTt3cgoHHODdPknHOTE0bbYu0jhg+feuc9jz786LbtO15/5fVjjjkyHkvqhq6pCiASy84ihALVjUQimQSChmEEAkEgIJAzSlRVSSaNG266iQsR0/W2ttasaIRQhXNM6sagIUPHjBm5fu0aRmlxcdGqNatHjRp10snHU4K6rmtBTdEChiksY03XDVVVe3TvrmpaeUXZzs27dd2IJfSORFxjgfc/eG9v1b6JRxw15ewppm5wFNU1VR98+P7gQYO7dum6ddv2mTP/CYUjwVAQQaCwYo5IENSAlogniouKTZM3tzQnYvGC/HxCAIVppb1UpgKgFlA5559+8vGMGTMWL1r07NPPCM6LivLz8wsKC0vjSf39998bd9ih/fr1bWlpCwa1RCL+xptvf/jxR9nRsEIJA8I5R0BVCyiaQhBNU7TH4qefceZtt9yCQgghuGEm9aSmqUCwIx4zTZ5bkMMYI4Cc8/b29qrq6vbWDgAwTBM5RwBNUcJZUUoICKytqvv6yy/Xrli5YfOGhfPnC4BOnStXLVvR0tz88AMP9ezeraG+tqi07IlHnyrIH0oIMJXqeoJzHgwHjNZEOBo1TAEAlNF4MllRUfHo40+UlJasWrkyGNCyolmGYWiqVlZe1qlLt/WbNz848pCuXbs+/8JzoVDwtrtuo5QiohJQkSiUUiWgcs4550BJZafKHt26r123FoAkdaOltfXbL7/Kzc2Z8fMv06ZPP+ao486/6FxA1tbSunXr1ukzpneu7FFZUYbCIIxyjgAokD759FOI5KKLzmWM6QYPh0KPPPLo559/AozocS64mZef5xbbuIKAaur6LRvPPGNyW1u7bugUxNbNm6M5RbYIoqAwDQA457quK5YjKwkQSZw4hhVYCkogqoQSxkgyyQcPHjLooAEtHW1fffn1iOHDhg4asuf8XQP6Drz06qvnzv6nW+eug4YMAi4IUzRN5ZyHwuHnnn6aEtqpsjI7O9taqgoAJheGYShC9Onb56uvv3zq8ceGDBt+211T+/XtYxgGIYQLvnz18o6O9n59+9EB6uFHHVlUVPTyiy+99OJLk46a1KvfgKNPPH7cmLE/fvfTh+9/WFlZefFFFxEC8fb4zz//8srLr5QUlR5+xISNGzctXriwb78BLS3Nc+fOKS8pP3TUmOUrV331zVejx47u178fN0wkEI1Eli1btnDe3IMHHRRvb6+tq8vJyauvra7dVzVsyODxEw7NygkOPnjwG6++uWf37kNHjiUguGkiYFlZRXlx+eJ/F8aT7b269Q5Fgp06l0+ZcgYCCi5MUzTWNTJGQuGQEELXTUVRRo0cmT0x65VXX5016+/WlvaOjlhrSxua4psvv/1u+o/XXnvN8BGjY+2x6uqa5SuXLluyZOyYQ3v36hGPdUTCobq6ujtvu2P+gnmPPfb4eeecZZqGommW7nKNHascBgnhXHCgh40fVVb2eHtrW1tbu2kYXbpUNDU0vfTyy+XlpYcdfnhpaVlRYVE8kTBNMxQK5RUUdO3enXMBBPbt2/Pss0/n5+a2tzbU1VRpgWwAQCHUYOC6a6+JJ5KIqCoKpQSAAApL0wpuBfSQUFy5ZvkZZ0xua2olDCgVVfv2NbYmcvPzEMHkpiX0KSFA6K+//VJXU//Zp5/2HzigtbUdKKiUVVZU7Kupvvvee95/750bb7770kvP42hJKaAUCKWPPvJwa1us/8B+Tz/9yBWXXj1p0kQBhIDwijidKio3w09sfe1wvP/c+AzWl1z8JjuYKcaAbEM7Q2H3LWd7XDC8ne8zuIgpBnJGUzPVJPNsI79J7n9T9jZdu85LKtl2iPXFD5hrHqYkdR1LOcXIlKxKx5z2ZTrBfQwRwVkJ5t71fZDMMuK27KSC5d5TWrCdH8kFtUFJDRxIQ+drxUvK2cPps+W9offtqOQQzCFHqlkGElfatxyDTaaXy56+YfSMO/uuBxCmEddunMg8nGLMpxR3ug85VqyXvyKpAQo/V0OGn6y+Unwfkj7QlpvgMYznhxCZXM7+zMSls0N76VgX4vXk4JM6faRxsJaTpdHM/d3hEykMBH6KuR6XzSpyEAq9LcwAnCIR4q0Z9QowHdgRIJEQlIhQUBHeRPa2EbJcqhRHx3nKmQjpxdgeVeRJ6qNYistD/EaB2xZxXaa0cVdS5qANcZoP7VHWB2U669pgHcAFTe3rv55JBwQADdM0TMNas04QqBS19In/AzeewmWyZ+q4sv5HfErFX40uTUsv5W1XVTtvZQTGmUPonb0LksT0+6HSFPGatMQjTSZNLRg6+cTjjjtqgqqphKrJhM6sjezdqSepGsmj9hHFmvAWNxECCmN//v3X048/ed6FF4+fODYeT2jBAABoikYJMUzujDV3NBAwQkNKoKysU0mxfQ5bdla0U1mpaSYoZYFgsLa+/pMPP/7nn5krVi8/YsIxBIBQkkzq8xctjkSi3bp2Q0KQE1VVAJAbejKpa4Fge0dHMKgxylRVsXIxlFLGSG1dXXVt7eWXXQ2AVnUWAEEgQCja40g4Agh7BwSBRHCR1PWkYSiaiowi4pbNm9asXtu1W1dhmhQI5/zGW284dPShSSOZHc1WFWbZBRbNmKIEg5p1yPvsef9ojBzUp9/3P/0wbsL4nt26CAwlkwldN5mzvpYopK2l1TTNaCgIAE0tLSY3GVMs4OKJZDQaDQUD1XV1wEhuXi6loGqKYRidOpedddbkZ57a9unHX86aPW/d2o1PPP5QeUV5PB6LRKJPPvVkS2ND/369fvrlpwED+kWjkYRhJE0zS2GUKEpQycqOzvzrr1hr8+FHHL556+Yzp5x51llnOcVmFJGfe/65zU3NAHDhheedduqpBgIQaulfAkRwzk1DCCE4N0yzR/fOs2fPVFS1U6cKAOCIlBEAEAJbmlt3btvGGJty1jndunUPBtVgMJyVk52bk52VFS0rrdi0YfPMf2Y2tzZbzEIZ7YglNm5cpyrsnHPPy87KMg0TCDG5KYRAAZFIeO+ePZ9+8nHV7j0AwAVHREppOBLWNG3WnLl7d+0+fPy4xx5/7Jijj73u6usYYz169jzt9DPKyootyxgY0zQNUUz7etoXn32yZftWJaDs3LGjZ7ceZ0yecuZZZypMzcnJnjt/3tTbb7/9tluOOebY+vpaANalexerolgYvKG5USBra2morq6p2reve89eAEAI5YYJQPr17UMJNrc15eTlBUOBRDJpGEZxcfGNN1/31utvP3j/Q9m5OX/9+fcjTz1dkJ+vG7qmat9+90PV3u1Hjh//7LNPfPrRp0IkbAdPiETC0BQlENJa29r+mTvn2aefqK6vaWxpevHF5xgDAMJRNDY1XXjB+c1NTWgpQYEUQAmFHnzw4Z9mzPjf8y/26N7VME1FYYZhVpSXXnvNtZqm7d2zGxnLzc2X4ku2JtCTSRQwYuQYSpnBjVAgoDA1kehQVSaEENYO0YRQQhillFFrL1wUdqGEm9SQYmfWv/ZKQ0YIN81gQNUN+sqLj1MOvaf0DoUjiYQRDoa6da7c3anzo488fNzRx19/0/VMoQndAIRAQLO2fq1vblqwcNHKZYvb2jpOOu2MPr16WGXeK1asqNqz5+hjj7/1tlu7du1ql2gT5KZ5yUUX33rTzX//9eeKFauOnjixV88eG9eu2rp15w03Xi9089VXXsjSgjfddONJpxyfm5crBKLAYCh4xJETli9fdtIJJ55w0olz581dvnzp0Ucd07lz5/+99HxQC15y2WXtHR1JvaOmttpydC0MZ82eA8IYMmTQZ199VZCfU72v9ttvphUVFCJiR0esoyOmMhYNh3/+acZxJx578gkn6oZpGmZ+Qd7Uu2/9dvp3n3z6xbRpP5jA773/vj59e5uGrqqBzz//sr6melD/3p9+/NmYkWMURnTTZJSaXCQShqoogVBw9+7ddbXVx5x3TnV17ZlTJt9zzz2moQMgoWze/HkPPfignkwAgBX8SiSSdTX79u3Zt2XLZgCglApLYzqWq2MxIwqwIrZlxWWVZeWccwqgKEptQ92rr/wvaSQfuPfRrOzwN199WXxo0SmnnJKdFRUInHNgzNT1eDwRjyW3bN6cjCU62lsD4bzKMvtkHSEwEAhFwpGWlhamKqY/q4WAhmkCQjye0DStW9eepBuEQmE1qIW0UFZWVmVlJyGEYRqEWoKdAMKI4SNGjhhVUV5m6Ho4FFBU1UAzJy/3+68+LSvt8vxzr02efLKiKkIIphBugqqqC5csratruO6mG7p3qehUnPvppx8dPHx4cVGeaXDHxLNN8jT72NP5xG8QZLaBMl4pBoDPjpKND99tp1IpxZD39vy3PcDUNtNsOMdE9BnPEgJOkaivr4ylcF5bkO5i2YaRY8A4LdtfKPH7V5kSbpkpanXo2Opp69s8RCQwnT1pMzXlfgYE4hsa9G0+DJLLKr9lg+odjOCDxnvTNd8yWn8yaTMYw0T2xlMbSUt0Q8r2sa51mNqn2xQ6MKaS6ABJIF9lrA9QSxn4No5JB8BXL5kCktPXf7sE0uhYXoTTVaZm5VnqEPwAffim0gE8CM/4d7w48L5aXOR65emuToo76v8BfaObwtNSiIVR2t6emPbzKiFwyknDtKCCiNQpRM+QRnbbdOeRA4PE0d4AeVD7uSSFB1I6Sp0MHlapxJT2H0JvAbqTPbS1ko9GGdxo4rnIzpA4Lqjr5UiyQdphO7XI2/85A/lssSDMZBJNbnVMJPEGfs5Mu+SZTKQ7fkEAru/pxxTlntJihzJxHCUGHk3SJq0Uk0tJCztujvywnwoO5OiQChEQiGlwApwpGiKapgHArKilRUqS2iKCEwK1xQd6xBRANJURgJkz/77tlltGjxw79c5bEsmEYRiMMaapzuJuigCEUAIECBFCIIKqBbgQq1avrqisaG5uDAWDLc2tCV3PV1RCgCKJx+I0EKhpaDj55DMuuuRSQGSEtsXj//zx58gRo0PBQCKZRATBCRBGCG1rawOAaDSiKgoBEEI4cU2qMPblV9/k5eQeNWki55xSgkAFMGufRG4JAWvKCmsIUSBShQUCWiQSEUJHYTLG3nr9ja69uisI995794iDR+Rn54wdO6GyolSmu8KYEgpZn/dWVf360y+fffp+Q2Pbo08917tXr7vuvP3EU46/4OwLTjju2AEDB1oljXHdIIQIABP5pZdeFAgEgxrbtmWLYRK0wmgEcrKi1kHxdTU1whS5eXkEgACqmhJQA6NGjxw0cOC/ixf++y+p2benvS1OKY1Eou+++/6jjz720COPjBk55rzzzqkoLr7uxhtUVU0mk5QybpiKokSj0enfT4+GohVlFQ1N9UVFBYWFBTJGJcVFhDIAyM3Ozc8v4AhcAFq5AARG0Tpdynq4rb3jr7/+VDW1rLyCAwggednZjY3Nr73xWlNjw19//f7YYw9fc82NY8aMhLSrc2Xl8ENGxmLtHbG4pmkUKBeoBQKHDB9x7nkXRKMRPWmqAYU6SxoIwK69e1atXFFQWAwAnAtKaTgcRsDXX3/z9TdfP/PMsy674oonnnj84Yce/OOX36+64urDj5p4+ITDFUoBwPJSAGD79t1Llq4iauiEk08bOnTYQQMGlJYU5+RkuYANHTKwa0XZsKHDe/To0aNHD/d+IBDUDf7UU098+snHiUQH8sSWTbvPv+RKAEDOtYgWDAQIgG4YO7ftDAUjhBDBuaaqjLHjjj7eiJsPPfRI3Ii3tcTWrFx72oknaKr2zdfTbr/lhseffG7CuLGHjBz5/vvvX3zxxZxzIMAo1dSAwc3c7KxffvkNUR9zyOjXXn+tKCe3sKhAN3UCTFUYACvMz6HOdtaapplC3HfPPe++9+HDjzx6xhmn6IZglFBApjBVUdSsLABYu3qlQJ6Xn2+hJlBw0zRNAQDl5RXHn3TGlVdeHgoGubAzO4ZhKppmHcNIKbUMLEooZQoBIpAgtYU9IrhnKloCxg4IUmvDVUSAUEhraGp7/JH7t2/fffPttxcVFcViOiInmpqMJ0aPHnnP/Q8++vhDO/ftvPPOe0pLCgyTJ+KJGX/+/P20abv37AqGQkUFJX3799MURghZs2bNk089vmH9hsFDh2zbvLm6al+vnj2nfTcdAY6cODEUCUWzsr79+pvX33j9mGOPL8jPVxgrLyrdt6uaMqX/wN7Hnnjyc/979vvvf7jrrru7D+uOAFogAADZOdkRLZCXk5eXmxtWVSOu9+zZq6Agv2+P7pRo2dnZ2dnZQwYPEdxUVTUcjQoU9U2Nf/z125gxYzvaEnv27Zly5lnvvPnmti3bbr7lBkJITV1tQ1NjR3vHZVdcun7juscffrS0sPSQkcNNbkYi0WHDRjQ2NE378uvmpoaSoop1g9cdf9xxlAWeeeaZV19+5ZkXnisrKbvg/Isee+zxhx66r7WtjVCqMJrUk6qiBQLawgWLDEMcddTRz7/wPAjIycluaW0LhSKaSotLSvLyshVFAQDKmGGYpaUlr7z6ymOPPrxj62ZXuVhjZ2X9EF1NYO8vyAgwQpiiJAz+3bfTPnz/9abmlltuve+YY45sj8U2b9r+6eefvvjSM0ccccyll1xe2aVTwuAEUE8mu3fr9dLrbzBC40mDKWqXyk4GF0CYdfAPAITD4VAkaAoTALi1OZsQgEIgIEB+YdHlV11/wbnnEEBFYYwyVVEIJUgIY0xhLJ5IxpNxTY0CgcpOlVabSZPX1FbP/OPvn36esWXLtrMuuOzss887qG93jqAbpkLBKQgnTfWNhCmdu3SLhJXe/foapp40HTMcJNPONc9SDKY0T0PO20Ca1Z7hQneLR9dIcCxBtBS6B47PugfXSnAKqNy9EF1r0v+S3IZsfu/PQPI8T8cmyugqeDBYLckWkQx7xirK/V+yxZxORrnyDqXOPW5OQRjSDFd/c9YDXnKVpLmg8ue0pJbUr+xYOMS27UNn2GTIfNaXczvjyIH8pORCZcZLynygh2BaU9ILNg/+P4wRpvjzMiQ2V6dzi/2jrSGk7lJS5f7Evp1aT/ew3ZEicprXvenrVnLxMgQn3B8y5MCIl2Am/tWnbhlEysTyaOQ8B3YS0psuaUNspzfRkwOe7+Nv1e4M5R4JIAHQDb55Wx2ljAtnV1brbAgit5bBk3IpneEnANlN824STEEZ03kgbQWvG2bywlKOMFNSmkitlHDuu7MfM0gHm42sxKncveX4IErx8f14nunxlQwSx+6LIAoEwazFTOBN8wM5nh4+zge35MEna+w/RD54WfirQHwMguAVbHjv+4IrTkcpsT7/cVhOPIZ6zSI4ART0C7h0nrf/tcAgHJFY+QCnOeLOb8cTtiIO4GkxF3GwQosBhbW2t7388iuffPjxiJGjnnnumXAo1N4Ro+4OAgQAFGtTXyAECUWwC3EQRH19/WOPP/T2268lEjFGARi2NnWccMLpiIILUVnZ7dSTT5o44fCc7OxQKIgAQvBpP0zfs6fqwYcfseYsY5RSwhgxBXDE+obGv//8kzKydfMW08RoJBsANJX99Ovvn3322XXXXpedFYnHk4RQBGodd+dR1xULCAKRUqIb5uo1yzeuXxNv01UamDFjxu9/z3zv7beB0Ecee/Cff+aEFO3776dXVnSKRMKJZKwgv+DgEYcEFLZ8xapZ/8xctWzptm3bEMnhRxw7ZcoZffr0ZJS8+eabn3/x9fQfv//8q8969uzZt2efYcOGTTjyyJCWY8STjKmHjT8yLyenI5E47MjjIlo4NzfP1HUtEPjh51/++uOPIQMHfvjhhyWFRZ3KKwyTB0OB2rr6uf/M27B+zZp164+cNOnEk06aPXvWjJ9mUEpnzZn5xy9/3XHn1IsvuDA/P+/6G2945c039+yruv7660PR0OYtm//8/c8xY8fOmjVrzvw5t1x/c0lpSXNz81NPPfnzjBkdsQ5TYEFhfjIRm/PPvONPOB0AknoSDIrAuCACQQCAMMMhdfvOnT/+OKOlsaWgIG/z1q2Lliw788wp3bp1S+jJaDSybMXKO2+f2tbe+sprb1ZV7fvoo3f+mvn3QQMGV3bqqgUUoCBMbpo8kUwAQEtzSyQr+4zJk/v26c05FwJN0/zrt9+vbmyiCiNAmMoIAGVUcK4qSnNj4/p1GwcNHQ4AVs3eggULXnzp1Z0791559fXnn3t2djQ89Y47Bw8cMm369LseuDfnhbyysjJF1QIaAy5Mgx8+4YjJU6ZccfXloYAaCoUiWdGO9vbpP/w4b/as7Oys9o4Ozo26mqqde6seeezR7t26IDeBkMLC0muuvdY0jcb6+n79+06adOK+fXvCkQgIMnDw0LjBQ+Fwc0vzu2+/v696X3F+7kfvfnjbXVMBQNH+P9beO06TongcruqeecLmdDlzgcyR4cg5CggoUQEFJHxRTBgRlKAIBkyICRAQUAEVQRSQnMPBAUc4uONy3tu8T5jprvePnk4zs3vn7/MOuvc88/R0V1VXru6ecGBw8M/33PvWgvnLV67Yb/8DTj39k2tXb3j3g3fv+9v9L7/40sOPPPa1b1159qfPDDj/xS9vuuyrX+of6L/kki8QyfcWLfrXww+2NDYtfPudX/z856edfFrHmK4Pliye//JLJ5/wseFKJSIKAlarVBe998FxJ31KEiBj77+/6Krvf/+1l17++Y2//PjHj0ZkKCUhA8bqsfjVb37T17Np0sQJd99z95RJ09X+SQBgjBEwlSo/7mPHHXHE0Q1NzSSIMRBxXCgGHyxZ8tSTz+y9554rli0rF9SWO1DqlpKzhTLpY2/xhrIHJKUohoXX5r959TXf3Xrrba7/0fXTps/o3tTzxhvzVy5bFvBiEARBEBy4/z5tN/zke1defuV3r/jmt741fcqkN95/7+bf/CZg4afOOnfuLjuO6exsaGx49OFHvva1r65euXr6jK2uvfb6CRMmff7zF/ziV7969/33HvrnAyed9MmmpsZ777//d7/7bVOh4ayzPnPscceEpeK/Hnn0vnvvL5abRCQYY0cdeeSsWXN+9aufXfrlr1x66aVnnnHq6lWrbvnDbU888d+lHy3p7ul9/KnHnnvm2dVr1i1Ztqy1peXFF58vNzQ+8+IL1Ur1jfmvs4AtWbzkmOOOP/HjH//d73+/YW33Vz//lYcefnDy+CnHHX/Crbf94bOfO3eHHea+t+j9pUuXdrR3MVZobmr6wue/8Pe//X14eBAR41j866F///3++zdsXPfxkz551FFH9PT2vr9o0TVXX/3OwncWLV589XU/PPnkk2IB113//euuv753oP+bX/saL/BHH330qaefmjJp6mOPPf7Avx769KfOmDhx4sbuTc8+9cRhhx48MDTY0tza2trcvWHjunWbig2Nak4YIg+Cej1iATv9tDMTO6FPhSQCIpKUuEhqO2jA2VBl6PkXXnjlpRdefvmFZcuWbrPNDhd//ptHHn5QLGVTY+OZZ55y+BEHPf7U0/fcefsLLzz7tcsu3//ggwDZLrvsdsElTXNmzQm5WiMLUSRjQYWAD1aG7/3LvXEctTU3L/5wcSlsUHAwfVRVsVRmjB179NFNTc2NzU0kAQFISgxYtVp76MEHx48b+/abb4U8UJq8t6/n5VdeW/Lhh4sXf/Dy86/09vW2jxmz6+57X/rFy3bfY+emhoZqLEESVwKByDkC0Nydd/7bfff98Lpr99hl7n333n3goceN6WyJhQBkkDgw2iFMsimeffX43SwTU39S9SJHGsyWIus/mGUI1vA6VQbwQx3ro5ttk/qW8qw0QGpVqjXkRhRTyXXXmcpcenE+Je3JPqh8PM9jQqf8Kj3E81b9Iah41XO4PCCM75eubtIIQNuDT7xQ2T8NJnN5y+NG9Rn9ifBi0ZF7xZTHT+4DmhPMnKCOs9AvyrnRk8sg+g5kCWWJlI4T0jA6eYJs3TUbRmpAfMfWQVKXUfTsqvEzkV1+z04oZ6NBgwF5DcCLZj1onN4yIYpZXZiE8wig976lOkJI4PZlJX+43GDRfSqpguqltgjeFLiKxcbVDvT2KdXQSXs4vFAsBDwIGWM+lN47NZ3yLDh5pZzoNBs3mh6UvLiVXvSRJaexnSbMgURluwLyY/sM/Zxr1Ho0pcBIAqf89FMutv5QmPrgA0ZRTKBWWiYWA925zAvqM0OYP+nOvTs4wi9eN5TS8253OR3oiFN5AU7SatSRvI6T4aw2Sg7/RWZuESCoxZRgeTiztN5ar2SlvGZuROju3vTc8y8dfNhR115zZUdba60ehUFAQAwZAIRhERF5wJU/KoBJACKsC6hF0fQZ03ffY6+Zs2YSEBBjHN55++3KcFUQCSmqgsrlUlgsAlG1WiuWioNDwy88//LRx31sj913juoRZ0xNbENjQ1dnV0tbexTV//XwI0s+/LChsWHPPedtt912koiI3n3v3Zkztjrl1FOiSAAyCWj2haQK4+YvY7Bxw6Zf3fSblSs/2mXX3SdNmfzHO/541qfP33ve3oyxm2/63T/++dBrr736xH8fi2tRubEshJw+c9aEydOmTZnwl7/8+f577933wEPP/MyFO+40d6ftZjc2lKJ6FEnZ1dV10YWfO+a4Y5578ZXnnn7m8aeeWdfdu+8BBwJAe2fn0Ucd/6VLvzBlyqRKpcqDAIgksGo9bikWujf1vjZ/wRtvLmhqaf/KV74yZty4SrXe0lR+5533HnrwX0EhPOe8C4458rCO9rbtt99u44buX970y7cXvHftdT889ujDgaBSrV984YVE+MDf/n7Gmd1rFq758U9+1N8/sNdee7319jsnHX/KMccey3nQ1NQSBoUxE6aVhweq9bihqXnDhvdjyUvlRkicLSYIVUGbIUht9j5YvPi1V+e3NLXUqtUjDj/2U2ee2dBYrlQqYYF9tHRZa3vXFy699JijD4/jeN/95j308MPPPfvcW2+9I4VAjlIm8hkwXq9He+w9r1hujASImMKw0NU5ZsKkKVNmzGpqbiYgzrnKVAkRh0GxuHLFRyvWAgsAICwUhiuVZ559bv26jd/41reOPeoQxvlwpTams+PTZ55+6KEHv/DK66+99sbadas3dff29NZAiPb2roaWzkKp2DlmfDFkUtRBxoAUhKGAoBojKzSVQt7UMn7rHfeWJGVUl5KQsebWMQKwWAwPOfyIffba96ijDh0aHg4CLiVIgEo1KpWK9Xr9rXfefXfh22PGjTnxlNPPOvus4Uo9LAbr163/54MPjh079nMXf37feXu2t7YSQU/vfn/5632vL1j4ncuvPPHjx8ZRLCSdesonN3RvfPCBBz53wcU93Wsv/Nz53Zv6L730Cxs29Ww1e+tLvvBlQursbB8/cdI2O+4ukdRrlgYHBoA1NDU1AwBjuHrduvVr1v/kxl8ec+TBQshYSmCBBEBilcrw/FffePPN+S3Nza2tHRdfcmlba1MciyDgpXKBB5wHHACaGxuaG6EeRUIQAcZSMIErV66+5093/PPv9wZB+JnPnlduaJCSGGNEKHWtzDoJjoJBrTqSzKNSPwyP/tgJHzv6iEkTJgDAXffced89fw54ccbM2TwIpBASYO4O23/nO997/4MlpVIZAGbPmnPt96/rHNM5beIExpL1hxv7e8dPnHHueRftvdfuzS1thZB9/7obvvPdb33965d99uzzDz3kUM55Y0PTkUcce9ihB2+33TZhIbzzrrt/+5vf9W3sPf2sj42dMLESyXoEO2y3zQ9+8MPb/nhnrRZFcTxUGR4crkyePnPWdjsWS4WY5B77HFAoFDjn9Vq0x7wDpRDV2nAkYLe99gsCXq1VS8WyQvqSiy+ZMn3KUKV21BFHdbS2nnLK6S1Njf9+5JEbf/zT995578LPX9rS0TZcrc+cOftLX/pSTAIA1q1b//DD/x4YrFzyxa/vN2+3pqYmItq4adNPf3rjytXrr7r6uqOPOmS4EgHQKZ/8RK1a+8+jj23q6ent3XTtNT9kiMcfe/z7Hy7eZYe5F1xw4fr1awKGBxx48D577bds1fLm1hYpRFv7euQf9fT0AgDjjAf83488csOPbjzvM2cffsRh9ShijBGB2t9twhdJiXEgkoCsWqn8598Pv/zic/sdePj5n7t01912njR2DAGBlAIoCIMpkyefdeYZe++15x233fH0c8/ttf8BxQLbeuttZ82aI+JI1CUiATBkHBkjhMH+wcefeHLViqUdXe277Lr3XvvsS1IGnKtluJxxxgNEHD9uXIGzaq1OwIEhSWKcNmzYeO9f/7qpt7sclk7/1NktjY0A0N83+LOf/eyjj5bts+9+u+93wKRJUw88cL+ZMya3tbTEIq7UIhVSJq/8JECAakTjx4254JJL/nL3XY8/8eSuexx42ikn8iAQQuqlp9bEjhK7jODZOy3+x9LfSL2knSdjzByrhpsHyHNy07fTHtCIiNvSaKpvTLcz7c2u0dEcsryftLO7ucgwDYr/MYOH695u0fSkhjBpm/zJJa+l98EJ9pxG1r80EI3uufrBZ3o202QmP5RxI8PNlunzxibYnDfv0nUzNCb/lZ35XOf3oQmfwDEyCiNGKDlOuh7diV/+F8ndEjGn1HJutWog9aAbQiSry3UqR1PerntQtzQ3EDKWrD8Eh2ZuyPc/YJQCy6GXV1lMxzppoSB/H3WuOBOROg40J/xF48MnQ+n/u1dq0YLh8JFqvrbHpI2BKbdxdjGGytfGMd1299NBWDzlhN0aG4tRpNZagt1Z4K2OcHEbMbVjk5J+SiNXnjRFHejQj88NBXJTI5nkzZashbB0QIMiuqNRJrzEJA1oOCCDCVhlTQSExAAQVMKYRfXa8pVrxo3pamttqtXrahsYIDJkjOG67p63FizcZ9+9w4DVI0mAkkASMCYH+vs+/PCjbbfZpq25QQIwxICzdRs3rVyxauttZ7+14O2OzjHbzp5WqdVRHWBTKBLIJUtWtLa2jR3bLuJY1dGBYf/A0LJlK6ZOnVIqhe+9v7inu7u5pXnypElTJo0TkjiDpStWVSu1OXNmRrFUb5oxuSvUtNL3kIgQCJGGhiovvfwKgNhmztZbTZ+8aPHSGVMmlcolIOAM6lHU2z+watXa4UoFEQLGW9rbJ0wY19xQev3NhWtXb9x11+27OjsYZ0KAiKrJOUjIgzBQpO3p61+6bFWxXJ41fTLnvFqPurt7Ozs7GUMhpUprSSIhiXOoDA329PQKKVqaGjs7xwKiELJUDLo3dff3D7Y2N3Z2dgScSykBkSHOf/0tHhTm7ri1JKjXqoC8VAzr9fqylasnT5zQvWnTgjffamlp33HHbQeHhkthoam5MRbxo488MXnyxK3nzKrXawIoQF6pVF54cf6OO26/9ZwZ1WoVgEWSSck0m8iAU1SvLVu+vKentxAWwrAwftzYMWO7AIBIFgI+PDQcxVFHR4dicwZQj6LujRv7+vtjIQmYYkkpSb0vsr2jvauri4ABIEfx/nvvDQwOb731nFKpAATJes9EP+Pg0NDixR91dnbNmTVdZdPXbthYq9WnT51MAFEUgSRJgpBzFhLKynC1Vq3W63VF4WIhLDQ0BWFJChkwyUFwjsB4FMW1ak0dX6UOMuGMSfUOCAAEZJyH5SJIOTw0FIblMAyIJAAIISWwKJbIkFG0cePGSqVSLBU72tpbWlrr9XoY8qGhwaVLV0yZPKmrsx0ARCyAIWOse1NPT0//rJnT6lEsojrnQVgoSBEvW7Fq6rSpMqo98tiTAS/sf+C8OKpXKrWuzq56vb7grYW1Wn3HHbczMV4cx0s+WtHZ1TlxwlghZa1W7d7YM3XqVKCYpETGJTACxhkhyY+WLFu9bm25VJo8efKUieMkAAnJA+zvH3zx5TcOP2RfxrkUUh37RMQIQEhiDPr6B957Z2G1Up00Zdqc2dNDHhJIAJQSJKkakatpPB2JAIjEEBgDtQhDxhEiCwMuJHGGb729cOnS5RMmTtx669nNjWWVGCZAhhDHApP3YSQ9RgJEXAcixnnfwABH1traSgD1ekxA5WL48ssvv/PO+/vuv+/0aVNlLOM4AmSFYkEIASQ/WLx47Zp1La0d02ZMa21tBQIECSQbSoV6vV6pRY2NDXEcDQwOMWQBV+xKnHOGTB1yDYhSylhIIQRnHBGEEMVyqVgsDQ8ONTaUavX6ho09XV0d5VJJSMkDtnrV2vmvvxlHYpfddpk2bVIcRRxZoRBISQxxqFpZv2FDS2PjmK5OABCClO+wbPnqoaGhbbedHccURwJABiGPo2jt2vXNLa31WmXBgoXNzc0zZ83gHKWIJ44fv37jxhdeeLmrc8wee8wdHBgKCgEgG+wfWLxk6dixY+bMmimlAIAnn3nmww+XnfPp08NCKKRkgFJnECh5DSCSnVFCBCnq77//wfBQZeeddyg3NBKBFBFDvduXABkPAo4Ag4NDPQMD48aNg0SrQRwLBhJIECCwAJEhQySxYuWqaqVaLJU62ls629tjIYWIAVBI8ehjz2y73XaTJ40VUcwZSWASOCBDoIBDpTL86qvz6/XauHHjt9tu24ZSAQGiKHrm+ZejmHbbZftyuRSGhSDgcSxlHAEQIQfkZtmS84o5KISsu7u7Vqu3t7WHxZKQ0i4Mym7mQ8+rgGRNUt6vvlU1i6tcj8iYZWOejfG2bfRKK3enkvHetJfgeipZx5mcUYzb6rk9aF4XYdwRFzHbkXk/oXd57gp6CKZ8GEs6G4h551y4TT0IXS8RAIAwA4s/shMM+IevJI3czXiOj4eGAHoNofFNfaKMBKwpIfin/qTcV4dAQGk6m2XXbqxuqjiZMZFc4juONKZ8Xh39JnusyD9pN8WZBn0XtIyX7tHNbaMFQM+z9sCMz6l/Q3+Tqr/s1hY/nVqwZR00/5kuPUNkBWr0GCT3SgCzLGdlEzU/uVNsmNPC5/WW6d7z+8kmH8yqVr3aEfx5QbDzQqS4RB21QoWQ9/QM/+aO55EFX/jsvmGBAYA69NK29+ngrTdGcH8lAHSHTl1+kJnG2ugxC3JaQLWmtCChtCcBpGNaAC+lYn6z6T0lqxlpt9CMHIJueVBuAj0NBAHimrV9EtjYrkbGmEgBaARBs4ZbRM4dgvx17aQJjU7WIQsWEFkF4zKoqQ4gZgXAVUT2prnj6CxXmj3gDVI6/Hdp40qIQcgtvmf+oPMLJO9RAECGnGHAAACiWIA6P1BhhMlruhAgFhQLEmpJNCVLgLg6Ux+BhFBH9DIGAWccKRYQBJyh2mcoSQogwIBzXamNYqm4Q0WziBiGrFaLAaFUCJimmJSADEiSWhYYCUmAUoJQtHcIaBQaAKpzcdVLTwucwoAxxmNBgTpHh5Kz6Vke38YERBQwJAApQUoZCwIgBGIMOEPOmLbkjDn0lpIIkDOo1OIoTixwsi8XAEEWOAYBQ0QiWa8LIPWSOwhCdb4PCEkkiQcMSEqpCAqSSAoBasEqYcC0JdXsHokkZqjHMWMAQjDOIHlVETCGjPNqNQKGDBlJSYhCoiS1EQmAFGpUCDBgAIiATAgZCQJAxoAhFYKAodrHlQzLcmmnlvYhCClrNRELRgCMEUNgQEytfZOILFlxzcATD9+1AylJSCIAElIQCQmSgCFxloyOyIgIkWIBNZm8loWD5ByQsTBMuEhjaQTKjiSJpATOMRJUjwRREkUndT0gBCgV1cE8IGIpJDFExgEB1Fa3WEiQkiEKAEkUBAFHiKWII5EEWMhCzhNO1nkqIUmtL6hW64SgljHGlNgqdWqokCCkevUKcc5DzqMoApI8OZqFAwJnwAAccQGSIEEqbc4ZA32GH1HyMiFJjAikgpazQogciJAJQVJKtU5S2opZ1uwbHwIQQWdkARA0Zyq5JDW6uoSU6rAE9UZCNLqTSCJISUQSiIQEAOBBgEoXSUKGgoBzKAYIBEJCJCRJCsMAAEQsiAgZcM4CzhExFjKWpE5FUrvHi2HAmIq3t8hJUYKsODyKpBCyWAxIgiQRBjwWsh5LFTQUwoADEEhBEMUEwBgDBsR4kr/jmseUhyklEFLIEADqsYwFKZMnpQgYC0Me1WNEKBQ4AMRxsqulXo8YB5ISCBnHJIJHxhhXi4KM+6pqnmEQxFICARAIxfZmDZb29fSkSsagwLma0ygSQgJjGDAEVC/bRpW8AUo2eAgJUkliUlcVykwDMmTIlClxqCzU2hUiVU5nyCKhXvclGRABUoIMMiTGoBAw43Qa02MVApEkiiJJoF6FhxJQL6lNohRILDYgQsAZZ8pySfWaLsfr9nxKM/XuleKW3Ix2Kv4Eh7yo11um488RhtCJZrJQeZnybPzpfsmLP+2BoC5YXlBoX2eY5zFl0+XZDVb2F9Cetqau75TZL75Osc7YSNOhwwB9z3WOyV33qF1Wv16S6lYzlqaYcQIBUg9CiiXskkIHsJSPm3U9zdhO1KFXiAKAKbSa4lwKXjt/4DzuhHY2TEu8kjw6puNPC1LKU0y6JbeJRg20fwUO9PYBxyV1cxa6T0wxp35en2fkYIqGtM7QOZfjk2eLWCNdbqDhTpxF1hU/3SdlZt/Hz4cLLIEgb62BlzExt6xzrlSY1mmSCgXe01P5xa1Pk4TLLjqkVOJEYF5u5YKXhiM1287t/yE0ywhC0sko0ZP1xgERVfzpRDmaug6aBJYZkbz58MTSQ1pDM0oICg6qo6QrUqG8+iex0AKSN2onCSRMaIjaDyerWP2x0sCm6qSehQB/Ttw0Wx6aLu6biT8zFsglS1qRO7t4DWwSrB7B5OQqowW02rfW1XZuZT5jmACAAaB6kyJJIFKvEWHqBS7K7hFJIASUkgRBrAojiXsDDAhBMIgRgJBJYAyBI3GGiCzRqipcQb37Gkiq5/WvyqeRkhAJAZQPh8k7eIAHAUdMXnoPZFZb6RM1yF067QgBalpJjhQwtZFNl3UBkCERCUkkpeZxjXWymgtACiEkAZOoEELOgCMyJCCSKqqWpDahMh4AJAVASSwmVXxQfjwhEANiEPEkHEACRhgwZAEHpo7OlgLV8SNqPhS+kgCSSrTKAQki0O+wkySV4hGS1JJaJBkwIhkLIRVTMs4IGDImpMrgGK81YfIEIJABizmQPqSMSQgAGWfIGQAJIImqbAlAQLGQlKS0KPF+FEtqTSSBCZmsuwMGHCSKCBkCcBVX69CdADB5fQ0yhkhEsZQkJTDGkBElkZhIRosZxGrNF0vyIyiBSQgkIUPkCJwD55C87l6nCkAthIdEeyAi48iQCQFChZ3EEqaCpJHyFxAkQ1KOfxAEoKp2pKqMEkCBrRalE5EASYwBASNgLMkdKcZGCw4QAUgJqiTFQABJQVIBigiSGCCXxAhZQloSKi7VryMCROAqR0RCCqn0DOOMIVPvgJGSiIjpRJKgJBaSUjEnMaCASYZEgJQkStA4kY4ahrQFRUqEGhARGarlBp4SS6yrlAQYBBzU4eXq9ZNqMCVrkgBAZXgUBVSBGgAZYiK3IDgSYyAEShPAEqiFGqAOIABiIAmBkKu3krIEJFIxIQBIQYIkyZzKDKEq/TqOmEqTYPLKysQiMkZJZRhUEMWApIQYOOqN+ElNmEiqw5w5U4eTU/K+IwmSJKg18AkuQJIhcfVCYzXdZtMGIhAxhuptxGruSQJTe6g5IjI0IReBlEImGQQ0Qb7henAsuTLzjAl1mhwhI+BKPzIloaAiQAKAZDUHMgAkQqE1MGgjxRhwBAYkpSCQQCrfheqNwUkuKWFC5S+S5vZEGyglCfoN8or60iROEiwYESMwbzRFrbodp9iebiBYciICV+6Z9cdS9jfp3OMJe3CDtlygJSHluekI0zK/HgE9F8T8ln5QmeBMAGwKC7negvVXrXeRdK9NYs7Q1h3xHAzQfpSBwnxwsUv5rCm3x8SmniXWj6OlpKWg9elN/KnRcojooGbBh+QnRO8Z4wvpB8ihJGQucwvdscyvzoN6LHuipdut4+95ladkLhTZNXltpQSccNFzz813c9+dX8PF5mAb+6gpmxsvCCCXeVwWcrvxxcGvaTj2VP2b41462hWti+0zuBEi1y1P0cygOZKfbInge9Rgx3IYyqmfWbLY7sD4xelt23mUd+E0RDRtvJnMiwxT8adt70LocGMYYGW4/vSLHwGJg/ebUypyJ23ikd6VUzMRukMTWVjgvThFA5CTRXHvGzY2iRsHXy8KU1KI+v0rpLNMrg61OieZA0uCZOwMODYNBtqSjHC5cXkqAsS8V9YYYVTeooil8iWM7rFAocXWR8MnmfPd/SmJTi3eiVaxWsaHlpxfFZBGk5PPnenzl62RARiBUh6/ooOII0Z2lMRCk8bKFwnjZVsN5FMuGQqJHE1qPS+WmGozwyracg5rUDKq4EBCQI5AgFzrO+lMmjrUEAGQklVvRh0YJZjQSFclgfS2cOVcutZX+8YGI9c2guFegMQfQ0AimRz4qSZO8b8AAFBryWxga8UM9H5GNCRUv5OilnFRlUgl23FVWhOT/KpvSEzwrC0GA2Tg5p0ZUz8SqNAaSKdQOCSOuM4+KpeYJIEOlBgDFEQATMoYgDGuw2lkJFEI1zHxxJuhPp8XmHozA4AqDaPx7BgyhyWN5QAjQ0mq3fjwyWwm0yWJCEi/jJ4lE6O6AgIAIYghMJ4c6u4YXvv6gYRwyjHWaQeGkJxEpZPaxqVHZMn0gGLVpNpqZ0oyqXWIirldtkJQxENEjkBqUaLJdmgpZwBAKteQEISpY5tVXkdayEAmby2SoNeIMYZSbYASSIDonpOAKCmZdBUSJOGJct0R7P8SztdujI4xkuwMkXQSq0kWSP+j7qsUhwoK7EkEhhqO3nB8CM+iJp6jlkJFfhU3AABjaLx/MoeXaI2rLBECCAB1KDIiU/1IGwwzACGE+socDnbVARmMNMI6oQSoxiVEIFTCqhnQ6hJSDELJhnotEYDMoq0jRhVMMyIhEFGf/4ao30rgyD5JHVNCkpCSgCAtGdQMg10PqA55UUlNREAJUqiqbgIVAFdai4Ah172QkFIlZcDOhfVpFHIKSM92K/iZBK6pgUZGTBU8ZbvQ2izLMPaNDJrbKDloP9GZyes5jf0Hh4dVWC2TA25UaknJlDqpW0sHKsOGnv0jZxoNiMiSBRZIhg8sG9vWKQ9MM7BhT6NPVGPQDlTyIyUJJjT9Kjb0F0FaqLwoyLjL5MDleyA22HCmABEdUme8ijw3wzkEVncC+iBJjZDzRgbDnWRvOQVVv52/OpKsf+Tg7Zw3o9EBh/iWOFbzGMHW7a3W0UsofVffdw+0NsghhgOPGVpTCV1SO21MekL7f1p9paAl0qrIdJ7A6MT29jJRgR7FrD/2HS4XenLY0XbnpNVStHZRMNUUlwK64GizAADoJJStvjQ9pcnj4uvqYHTgsW2tRkGtpzCDptO1sc/MOe0mr61FSOkPHY0rZWL3G9tOLAtpdex+T13+mlBNC7v7MbG7NoK18ZRV7w7lc5jcoZYRJBFTqRgcsu9MIggDZhkfUnS1AuxFVTbKdXRdznlUCWN40qpZ3WnmraxITZniZ9THtqkPQapJvlACQWZSU9/TqT5NoFy+Sdq4TOoEn6O0Rt0GGSMpE21jHkHQFmc0FhzxSol0BhKVWtd3MzPkPuVnLzD7QHLHNS8WaMvvKcPoQ2NjGbdBIuPGXrpgpFygdLfoaD1KHkAElERM6c+E51BbW6bMqUonk1Y/BKC234hkQpAARCKazEa0adqxJLJ0ANK2UT3EEYFhIsVJNTJZzqdQ1uytu0kRFgCsJCKX5u00BDLxRxQiOr2fuDCIeouUAkNbEiWQ6o0uWlWiogZ3cAUCJOSKEAxA2igLEBgBCLALWFBrKFJOFUgVstsUI3LklMCbJPyZlj+tHkzIqvWBJK5nFRI3CrU8kaGzZSLQ69yIODFmE7QM7cHKAEnZzxgVRAg4SJAECKBKoSpmZokrA6iNEAcA4NJEDoTqDYSK/IhqZaGZawRkkFDRcAwAUzRgkgJHySZTyZKDUIAxq4URGaIqmzLLKdpYCBVPEhCBhOQsbE0qTWuVUgB0VzWpqJuAQ5IoQUU1kTjgTOGfTAeaLhGSgp1lfVR1Ko7KOdev7ENDcAS9W5tZm2aCz0StcM4ZJcpbHU+duC5qOW3y0iZwwGJ6gQ8Bt2/oTiRpRKXqmD1w/yXwIhS18xCQ65ABFWeT+xwkAyYzQC4EDpMqDgFFbfCUtZZdfTGZnKXFXCYnw0UEAKQq8MlXZM7jhmkMcIkjncTkRvC03kEl/k4crRpI1OuIkKtl1yq21htgOJEkUwsxtTtQ0CPqRT1apQABEuP6hY72NHhkCITSiD4iOiJjUHFn1FDVOHwAXImp9noTvWQygEnIrcuVxisx3GiMFyncEQEDNIrCbPBKljdYg8VMD3qmkHHUioFUVRyAMa7ruETamKCDlNOJxV496tof96d8S+t26y+as4Y280ASxYEmhSvCo1yuLKXgQsz5VQtPytKZHHJOzSJvlJHEG0cBOM+3M+3zHtwc7nmQ5AE/ck959w1lUgxPfpvNArclbRzxyYSyuaDSFtw02kWDsEWQeBAZHT4yJOZnp3elPhK7aP0PNzTOVOf1g5T5nILez3zrtuiwNAK5b4jVTOsSyX08S/BU8dOMYXND+imv3JUXgyCORL5RL5vVc0hicfRlcLRzy0xmwXy3Fr9Q4EQmQ2N7yOlwVL5B/ZQ/sO1Om5IRGWk0dZEoJdsDgl1/S+bn7FNubA/g7sbU8ZgzzaZ1KvFjTOFoMjnqpaAkJBL44utLohrtuevUsFgQsbQVgry+vQUm1l3QDxieNslGF3KDrAEjbQBsysL7dXQ0U/k5ykqT/q6jRrIVU/ukzZM6boATzFtDgzYxo+Uhn1bWkzAAqWnHxJMBl1F1NpqMP0Ej6DnS8QwAoO4N0THtzj8q0iNd6TM/ICY7Sx3qmcnC5BEggJQUkUXFTe5ZQpMmmA+zaagyfkkIqsUBCBGYRiRZ/ug8Ssl/CjCl5sCEE0b9atOgd96ayokuAniKxzp3VgYdG6Lppqnn8okxYQ5XGHZPT1rSiWqlfXq9Ig4hOaoKk6jK4AAoZbKtSxKQ1Hyu58r6ieBPhBqJqZfnqMJPMuPuJBooiYCkOsYT1Lo7VZrWDOb8BdIkTUrd6AYOZmYBDOkgUeeuyKCj6pIZcKTDxqF+P8lnQyE9tFOrNAKr5041JL0sVuvVNHc50oTmK1rpSPx1K/cZnaSES4mMlhnFkHYgRyJct8dyIzltdMBjaGM5TpPK3vdDVnM/SU+RTaX48KOCylqqrMXK0cEunTM+E4IfjGhzYW8kk5fnxTl+havGHX3sypoDseY0SCJMO5Clp57Z5DnSJE7Y1ZpicPnKxdQ+YXS7VQsunuQAb3S8HsAalGz/WmC0+rX+liM29gwCz/SSM9HqnpYpNNoP3L+KpjaNhmZAb2ocVrXGQ0fOLprkr65Ves7YQPL4386Kwsf45YYxUP9HaHuwsCd0djjerEEw1FciiXpeM86GVdipqQJPvLPzaxs43pqp8ziVkJzLlCyypt1B0DAagP1ikbOhqYtUxl6n/CvFQh54vnuWugmanl4vhmJ+0SOnH7cTR7gx9VSej56niLw3T1jsdCk8xbKqzoypzhxRs019MMhNKGQ8z2zJy+lbMyCgx6Z5yBo5A8hpm9gNW4JwkLDaXX931Y0Di13OZrebAfrUQ3/icq6smRr1ymr05IMdCCwVUgyQ5Vvn9wRc44al+ven37PxWltay4OGqRO1pLLxCBTHkkhyzjnHlPjkXn4Z080ljHjZsC417wmyrlThaF91B+qmV/8cIXhN2ELnEjSc1nu0+suF1Ze3kTHb4itxRAjiWLyxcHWtLnfeYVK5DLHOZzqGzc2a2H8x3V8Cblp5udi5lze16I6Jo05eanTDaua5EdMGecrOHV79JfNvArs7WTkAuJ2kgHQwIXCz5oZdzRevvaO8SDfE7IO6hVnCYSYKdbnFXWSgd/QCgOuDOfCbMUebAUMNU7RwRnCVKlHiT6cF0vjwVj/o/zm0clawkYHKp2BiyIFSy7CMO+QMbVa9kB7LUMY9k8v3vBI+ME4d6gfMOIQO4QD0hitLemOrzX0DoHrUEhBdtJLdyKp+htJjFT3LBleHd/TEIoAqtxAl5Rt3Vo1pc2bF5vjdRIZrCMyJfY4FTPxQE5onFCMifSoPJHQgApueMrGri5DHgG5JzWFGTE0PKg3lOrcEDoUcrjP4kJkJh5BumJ3sjnP6Uzyp+MTdjpNyeX2HTCMOdqw0OAB64r1F0d5F3lyR1wxz71pD7LAz+QO7Hix5v6Q7ATtlugCsOYCy7cnyln7SS+jl9O7eReeT0XbJaAbOUS2g2a2Vspaa/m7AkcET/Q/e6jjTPHcvjB7Uv5nnh5I7do5GB2eJpnPbWC+0VslLn7uqxnz1pNiwYDKgjbxRw+LKhenIfLWAOrU5BZfp0rbPhnBWmbvIefG9QcaUa9wcf6Zc4BLTN1xG44I2Et5zWjK8YCOF+ZZeqJUeGuHIjXjTT5k5sHfcapKhks8fPqu4xz1q9JOIzDA7Uc6TXi/231TvOAIxRrkPDilMP5C7g2ykmCcfxhEdk0zs5OrakSin7yH6k7CZWdsMjCMOlNsnunpDpSRcyU8sg/uom6tSzTLBZ7K6w49btDHSneSlV0bE6f+JHllzkqNxvWgqb7RU1oooR5bTnaru8syZ0X2G4a2dQQkUIBSLHChQu1qIRuaFLFmsXdzSK51QS9sZ3e0oM+SAYd7/qXSBu87feO1WWTgK0CpeL8Fj9ao9FSqtgj2Nk+nBuT8C7EAEUZ2q1dge26EFQLuWQBk7ip59NjCQU+Uwg9ipzur2EZZYa4WuP7tqlHKau8+lfSObbvQVPZgCOCiXG6RqqR9w8mEJdnYIMpPs8aFrR82E6aBMmxXzs6sB9PzqkbXmyQyQCIxRKNrb0n6S8awp9QZmo8pSTJ4hu4LE2SViWdoILrJs1KcnWIciCY01aJjQkBLX0FWaju+t3Rh9g5LjVPwcpV6u50LgxXsJbdJ4Wjfdy2LqiXK1kt6HSFbe9PwYYqAuMKVtnZFoM6WG8ARqt56jKGxzNP2hLqMBAko0u9sSnJ1gyUqHAsmzR6Q2jJGZHjQC5Rk6Z84QmF5xrGdHMyMiACmhQf2Qu7CHNC30yVV6AOUKoUM+rQW1YlGusJbHhFDJ4S62bu88qhkhWeFqch2J5tQbcAzTamDRCI+u0hnnXOGYzJKvl5CkWqCNjvCn6y2mBOppQY2fV/BLRkGdi/X8DK39yOBMZuJ0bTmhnqkMY7KkwzXzZJQzJk6JK/6alnqSnN/QJ4CrR8zdxBiRXfKjKUJu/drToZBs/Lc6F21XBlSwtsIhILjsBIDeiwc0GezsoMXCQE/gwpqeshT1yXxOcjkOsVKXlgXHyTat3VI+uuMn8owmd+MynI0F3Wc1Y6VsvYEUrWBYS2MS7UkGyGFVMPsizDv0XNuVOOZo1YslJNo8TZrKjg52hCMTLYOdCE/DOrYu4XdVu7UhKLkzb2bKUWP+TTQM4wztrGTIW4hr2db2Y+1g1v31izsOaqlODXdY1LJ3LAd4BgwdrrK2ClNZDyf0hCQN6NpOjQh5HbtRppbNFOwelj5SOZgqCFMmO8W3jiFAF6NsRyntlDNSLgz+Xe1CZxSwlfXkR+Nsqy+p6faYZRSoQLOffiCxC+m8pOGqxC9y6vVmCCNmrj4H7ap5uHuLKUBjnDggjibN+N2G47XMeNKYXXqQvRyYjVLLb5AzX06KJOFAY7n9JzwvzYCa+mrgzx/ZjpToAQQiYgxrQq5YtolIzJraBeoVYkpzpVjU6tgEX2vbU/C4SDk95EVneZxk5F6HgGgP2HJQUfs//eypF7KNslB2pBAxL3Wq7yewOYo78+KWfGXhaZaEtbkSE48hNAIaGTOOJ5z6bqLi08uqU2AnP3kLGIzsO1Izkkbz+jGy7aOn4UHI3fjr9ePh5eg4chHXHRu+0fRIOMOqlpQDYzWHTUdpXaDRdiIPH7bETJAhreM3JSEcOHxIxrYnUw95iUvUu55SuKVIRFo07W/a07aqKd9EOUaTnP9r8M3P/sIYjY0Hh/OSNhMHuriYP6AdeF/zprSwE3lq0+z35oYQSfscKXc+264c/EBLjnH1Mh5GQn6eetoZXc2CGkDq32USHFmzaMYyHyRYd9FVOVJv/Evm1Uc/KeES2JgbNb5J1OTYbCfDD5rxQCNP3idNIN9yUVJftSrSJwLaGfIEOOFow/AaaKcFKPkET0OnFv15yUYTeWp8wXwyPavOEkRc++MKmJcZs7rTSrehmg9N8oiTjtG6xxKQLLnBN3X2eQ2FjQTQDGWWL3ry61IEKBnP2nu3FennUvmsRNVYJx11a4dfADQX2/VOqim6XelkVkIG1ZUkzTrokc71JNMg+eg5asK/6buV+rQ7snKVaBU0yiqtJrN9giNW6IzspCIcPBS6pBb7OYWPLPzu/KedeKPsjHZ17bsdyYi8N4pDwZyYSgmIZVw9YEJ99JW2Y1B83aqjkJQtsc2NKJFeBZDJo9jela0wguruYDKUAM2X3i1Ap43hXU/a7NwgAEmHr1PmTA9hDIGLHHgLOL3L1wBoxvJsjaPR7QSZbGHasDlfEbw1sdZVoyR7SJlkqlH/aYApBQ9AamIR0w28HzEZNq1K9LNEyhd1mDV54ZzncGqzDKnL7RQzrl7eE27EDkZrOWGP+oW8O3Ys13M2+iDlolOKQyA9irY5juQaCSdHA6CT/XeRcfpRS9Z9xvbQTNobdkHI32zoA63NSwoLpxNLEHW8REICmZx657vVXgfu1pLMr3lqAazmy5Umja8riQ5S6b5SasDRFUq3BRwHBut/e+TNKIq/eM6B5caQSB+o6I+YrsaZ//s+i6KkcSZGjMvQw9H/x3oCxjNNBVAGrcBFyk1ujXBhdp68gbLN0y1H6HeEfaF5NxFAnTvJTCN1uIlp6tuSkQFSz6Q0r6OdRwB2xIuyGGdyUQ4OeUmqpL03oZT5bLpA0mo+yyE2qncg80C0+T7D0TmmxXgEiZuORpu5Y3rC6NfOsmdfODrNKjYEFaInNa9kPaYvfC69/F+ztkePb+oURssoh0APlDgmjj3PLprzk5muViJLnywt1GhehJSaB0UedPtMz7f+oGsPDgl8w5xmtKTeqntLh68ejVC7eukNCPo4ENsbGahI63VQ74yQUrMGApA6h8mN7ZCBOSclUe8MSGobk0oOukUcQ4eUNKdSUO5RtikswLsNoCM+Ap0cUUOOkFlLJsqpfWpoLAQm3FTymHJDMup/xMt5kDx9kEpjp624EVVTHM/0PKpGs7Y+ZU8cHNzvqVYuq+k7CAB2iYnCJNuJ5iMvJ5s0ss9oDeTrI3TnwqICqsjt3zXCn6gvdFonH7IyBJrPyE6qN8MWCQ8MnYZWImHlHJwGmkS5FyVip5BPlTHJ/+t0bJS41036yS2xbd6TlkbOKpsRhvAHyBvdExuvCWnvx1fJ+fDq+3rpsuIeN6vnP2m6HVX+ckbJv1LMkoLS4jBCaOfZebIfbEIhZf2SNoYxtHVPbhN5WagRkNFmx0EtR4B8tLymm6Fddq7yIMqa7eyVlkVPq/zv05g8S2ZRjQcNed9GeBbTLpsrdJvT6XYm0fSWwcFXcvZpU2ROdwaJROYCkCO+madzvII86EenkdvnFrHICONoDZ2Z4SxXbYl+8CHUH1AT2Tw3AofSyMiYX7P3U6PmPD46qzj9e106jnhiFEAiMClkb18FJRIkJ4kTh5w4Lm2mFXw+P/t3tL5Pd5W+4858qjc7jnd4jWkRgDG6ibuvdFo67ZBZrAFuoEI+TNk5gDTWZoNiegb9+yl3MNHLkqBSp0gI84w/st2jj46AJ0yXuDMp+fa2CNnbudFj4jeYfu1DpFDLoOQC590kU0y1OVGXXApYt3ClVI0JRVyX2HSboWqOK5BDWAC7rsqZfi85ZeBwt0s5q3xtt449BdQKlHSHbrXTdQqUUnB8BPMFbXcaZjTAqaGTnClkLu+exxFmXMdVJXeolCekqwGeA2YWdnlq0O6H0npDzaZNCoDt3zIEgVqFTJYUtltjPc1UaJ5Jz7vOx6MDgMWcNCO58+U01c8lkDkAmz4SOpBuncTzqmwEJi3qpP0t/VmiOwBBQuJsktQ6XT+pqk5aNk1JRy0UcAia1jBpnZ9JU9qGBJDsjSRLgwy4+kZqybk1BxZsw9XkdKgxsnzqDYGGGFqfeo5NMrOeuKLRcFpKHB/XSpnlEkgTKUMMHzEiMPVFd+4twN4do6lNwQodzPVTvnnTDOQSWOu4ZLYtggYcQyj7PgJXSacEXQNrWji08Clh10oCGLydrizTG+kBhyoaanDDa0yviCb72TKxpl7GFXA0rLqVssj+b27myMPMVwsu3yY/+9KBSRxDYJfqmJkgy8re3JtmWmWC86/FCMg2NSpNY6Nti2VjMojZprbe4mGoB0jrBUwA8Q2NYVc3ls4aDycdQq4gGLIYUCEdM2gxcMln+jT7OnTfjgHwZcI8lXRjCwqK5XTO2AzlguGYhJQogWFYXyTTJLVUcohrnTMjMXrdoV7Kklu0srKlkaasanbQtbBaK+9S0lFtOVG3nllHv2hTYrSZF+1ohslaAA8GM7JLaARHP1sF52/eIqex17HXudLsrsCCO5NO7QgTxIk0I7jqxzQxxPGEIH0ZLWlGduUuMXDk6Y5UEooS0UdLWdu5Z5l8ENzl4m5t2V0rknLX9UL8RED1clO/Qwuoo8+dxbzgKCGXqci2NRLiPe0aMAMJAGSzGtafpzw0HIg9sB0nw5DKGhtE1OYMtU4qcfW6rfSB3s5QGYK7iLuZUIc/rcZze6CMfsqRPW+wdPHTuQJwSUz2qWwImrrcYmlKb9spS0kEWh1KuYsh0/fTDZSV5pztMGds31A94AxcN8DySyI/iaZzNLJRnTljmwf9IfMVdN6VVlnqZl5qyq1Mg3r7m+vb+h1anZDY+OR99Npc2/UXTgCrHSS0dnizFzl/DQjuV1J21imTEwCzxyM7joKVl8QpdxbbGvucool2H5SZ0LKHnnpJqRTTsyss6QvzvqAxIgQpR9F6HGmVbXLMRtsofeA+nSOQ/j+YtgKeQiDvhvmG5Fb7EjgTnW/gRA8GZxxfBgEIdL4JHGLqj45hTbQwulBr/8ECTAxQvw1JJt2R0445w5t/0D7v8oMx5WTNIiSMn1ga1y0yrcxCrWy2wUHQISqBXT2g5917FF0rTKbSbfbI2cSD04d9PyGkq2aGZQBBr+NyVvGb2M0lhfZznJm1JtpXLI7usIyRvnzG839CRCeWyD7lwGBAsWpWnwGlFrD5sDkMbiI3f8+Qaa90nA7SHTNMFjdMwzeS4DsYu0JnZMNSYyQV791Pq2MbjqRFKOdpR0Qz4LoG2/FLjPORsUpgc20JwbIYO527Cob8n3K0nLEYI3gtmSuRwWRrr9FAoyymSgW9ZDbHu5ClFWNWmZHfPGEUzS06uHFcBMrwirbv+ZVDpWIsc+aXuZJZohT4eR5U2rtw2Sn3rvOo6dkMleUKO42a4X0NYVcoZ6MgV7U4WHiPZ8GyJkWrgcR6pyYnNYKG30k3ZOoqdv20m6yxndlunH5GVnDeiL6dTD83WhdpILKJiy28cvWza8TzBchXXc4yN9Ri5LVNeh3xyrov6vZIxE536M5uDsO7zjwq655BKjW5mZ81Obw1kglnjLpicxS0839PCYsPVaq1G3xagPyo0v+QHX9kANM6QJecjLrXv6p3y0nKNfeWPZxe8mBwk6H50IzcQ6ZHd3gX/eyzgS1F5oEONqeVN4Td+qMQ8SluNIJWxqYNZl65k1pnPEJ1VPn+FIZ40N4z6nVRLgaxINdyeEqOwDC9UbjpDVhGTfswe5lOp+rkwKJLptl8rbmpnbMRvTE9FiWepr2jQU/DmifAjqWxGRdLBbscyST5LYKO/kW7CY1sv6oeZ4mhjB85pSltDTXMmBSuPNvq+iVuc9Jr85IZBwRNM+1zogbWEQ/tOKGZOxO96mSsGde6nsaQOXRLujMZMY8kzqB2WjMhqDsLYGHUQGZ0mF6PpxopDED/g2BOAUuzf1LuNj4REJglPAkdrc1PRaseGRFBncFCiCgNNKRrTnrFMhJDRgio3rFKzvQpf9OS0HFpDAO5ak8JqWqrX60CqE6utlyZYKVXXRLJpLVR9WrRvVmCxpzUKmLiiRjuMGTTU4+JM6mP6lW3NWCeGjQOlJOeo4SumNEG+lnSvEiOrlWGw5sCHYI602WeTUYik0ZOQLPJZy3Qbjoazfx7+3cQSAuKmSbzDPiHltoKowUcnOVKaNZbeLGjSXRRDvGAXMCtKcomYUBzvyYzoLEauidPHK0WcRaP+LovoXbCHEhuG2YYGoySdMtYiX5S91JHS6To5JHKcW9JE0MVBrQ1cYBzRdR0Y11QLYjOKK6GNXCCQ0nrmzhGza25qRuWpIloedrVEWaHM8xcg+NW+IbKL+472RvnQjstWjc7fGL60v6dIQFZxMDynFXtmkau7bZkdcYHIxegxTHxRdI+pf7RiVtSSR89x0QAboEoRwOmfQzzkxbwLMD2+BUDuX6EDCHJUgv8LvTBeZnHwT7i1Zz0M859n80tI+hPmXot6eSaO38ey+TTwQ9BnXjSXjofqTWzA7/u3NqDTO9JD5nAwHKCp6Kc3lL96Oauvc02zL/In600ERyzhd50efzkyIhKx9p6hkOTtN/u+jiQz43aLAC4PkqqZW7UNFqIay1WIswKSO+0U3Dky2LtaPL0hmerMUelfZ74oNEn5lc0eahUr45qI8dS2F+sIGTVgkPzUciTT89kDHe9XGqqjLtVjeJ6lF1qptVKcoSmw7FWnyvAPVlLR2H5IHuqI61JshrYtTZoOw9wBK6yPRI6woLpNqnFn6nIU3eLmGU2LwR1v6bUmVGybnK1saHYUJRCknDY1NH2BDqFntoN4xLAVSXW2bRpU8cUZbg/RShAdFVbRiPnVEE9vZnzPgGvmAk+H5jiM2rh0ayTBCJZmdR0Jk0Bo47BTEwSVJhREIBIO+16LICUyUf7v8Q1BQOcJqWrxwB8zJQuAsBkXTs5C/8s26LxP6xY6Ye93vXyKwSS/qmDCjCH4S3iicpNWIw02yh4pPU9NPPoANslsxYFzakmrNIlIiAr/27KxMBtg3rrzDtOORAgsuQ9l0CUBFHoEIZSELkSoPiZoa4nurQ00w8MtU5SG9mZXvBBWkcnNNVZCaeQ6pnFZNYIIUnOMbswzoysFw1ZxgId6vucYckDBCCJkHnqDJJMiRJEu2KY+euWXP/FxoqgniNdtEXSVeUEC5UhSnyqJLViIsnkqBrQYaf+H1ihRMMtChVEQJ2GSSJzHRoROdNpHE3TUUJAR8rMFOjvinm0+iNT/sU0ezizaHjRqVzkL0RJaaqME6nHQk0/Mr69HiPp3VXMWrN7dlEfjuuOjN7gSWN3oVsWdk0Hax2Tu4aVwQuewSGmG55b10hB4yxPdQjkgWJZ1Chfo0W1LvAsRdKHJYPzq06iorvkwnu3nAulY+NMMzIK0FGMpFS8Q1nPeCX2xKKncwfo3QNHM4D3uClXo1umTQTUyXglMV7KGdPi71HX9KC9OycRBlpGwYPa/27sifnmQa0ppdMf3q9+6G3ojwjGn8HMrCp48n19h2M8gNMMbBu5/XuGOL+W5eCZkl1LFTN1VpaMqtOs6uUZstEj6DaaDUHrLzcqd5dwm54dANPpg4RzzF/D7r7j5AWWztdUdOoNpjwiX37UNFo95OOZXvEw0qUVk/vFb+B3691wlosnQBoAvd59eHKuFKnNYEnvrjrU5DLru8BOW1qsTOdqYVrSJBWVOailIbQsmlhkp41f2jNgsvRMOcFw0hxZfpziApCOBazb7DCY+6TjXYDhF90bpjoBBSO48LtGh8gTv3SYkwLYv6l/c+1KQhse8GmTO2UkuH6/eaJtfEjIWFybTEunNz14/NDA3PXwcsBJm1dImCqzNpYcFUHe+z+zV2p4Vd9P38xbaJPSwHmlV0d3O19HWpdrOlJXHIk4lowxYJpv0y3T8pPjIWDW3Fm9CP70Z23K/3w5HIE+hKmxXBWcp8NoxC8ZPez9lPwhJ7XldOAIm6uBGUjQHnWmQ0dwCQG5ju/MGUJgjrIUQkoCxpkybST1gDoSYkgBSsywkx1biz4CIkMJ6OeiVDcCAaQEkBIYYwiIwuqlxMYgUfLqGqVmEIklZTciAAGciBNJEgKAeMCBmOvEOEvPCQHiWDKGnDEPZt+IIxAQSSC9QDNhKG8jLQACSOQm3JZEUsSAyDgHAEYimUDmLFAkyVAAoQSuXxCRuI1qXCYpkoIxFoYc9c5oDiAByHmlBwAgSpIkJPEAOedm5auau4BzIwbGa9I7/aRCGBFAgBAECJwRB0GAQAyISQaohkumQ4AuYFu6ASWl1iRfQkgoCSWBBORJKUkQSBSGBy3REZkyVcxZva3IqC6ODBEEAAkZxwIZImOSAAAZSASJgIIYJcqdAEgKAURhyACY9YURCEDGQkjiPFBCp3b/q/XHRCCFQEQeMB2BEgkpQYYhZ6h0KQEy11shAPVOKSIgIhFHyFgQBImRU3+UCCQGJGF6zQtorDMlCKBvRV2nzMy7ttEmtM3xFtJ7kvI0Yp6OTOnYHCXi+hamUpfbOgV1JswYVUGTT5EMGNqe5/ZGI66x8/k3uTWyAvZdrgyI7siY6T39FBqNngHAKiivCqoo7Za2XAPsMoqzATQPRUMuExzmmTJrxtye89FXtiJdMdWJoZFdAncwhxXQ8RTBDWONYtASN1LXjoA59zCZX09texT+f7s8OfXwzXj2iVIm3TZRCJnOVD/kmpj8gUe7nZJdswRo9O7838kw86hDjgZbKtAyBHd/TU1X7nT4Tlf2GhExFwDbc6YrcpH0O8vE1SOOlfLOUpG1eTCXJrk9ZJAxPzjKNvPsKLLhtvaShKM1dKMdl90x28gHFEBjl51QTCmYnFDABSKbiXJBcu9lDOUWXv/PGsAZOSvMGb5VBikW1FAsnHDkXAayVEKG6vz/FEAGazL9jT61zmqgXNiyYWl+b9nKvIVJAaGOJNaRTmJQPFcjmXfznuIcyKypMwZmVEWcG3mO0hiM9wCa4WUSzyS1C19bGgDcqv1mrlx+UzcZI7AoZaXVvZlbmPbu+O1tHclGvF7SESze+g9mITX4p9KJYBbDuMXJLCoue6sgTL9/QICIhRCuq0KUvAQw8VcZI4CABWEhRJ2cN+U10vqBM4xiURMIAFKClJYeepGXYBAzkM4qphRxAZEkAUNkjAWcs4Az3Yv22wEd6kgi5rnOlmxSyjiOpZCS9LH1RESSiGLikjhyLBd4GPJaXcgke5/0jUBq2T1nQARhwAAglvqNlwSS7Ip8ROIIRCKKY6ckq71nHVszQEBkQcCQS0pyMZJksRACyFpdAgLKWIiIJAhASSgkAABHyUHwoEBBSBAYFlMFPSQoBFAs8FgIIYgzxhmA3pooSRNWPQCECCqQlkSgNvMggssbWnu5noaUUmEiJBAwYCglSSk4CQAUwJKqPAMGqn8p4ggQOGNEFAtJUoAKiaXVLoiEgAIY8gLnHJFICCKRlHxRnV+USARJyTkLC4WQB258AgBxHMeRYIwFBQ4EsQSGLOBQj2UtllIVekUk4zrjHFhBIlNrUxlSMUAEqtUjZAFjiIBJ1guBI3DOa5GUEghBCuOfEEMshEwQRbFExhCBARQ4MIZxLIUUSMACRGCAKEm9fZSkTD6oSKGhGMSSolgyREDkCAxB1+r1Gjd/WYmRKEcXGO3uG3qtbUwhUOmLdE3UMis533Wt1WlG1s00FTH3N624zEhWwEdYm2fu+8fHp0yMXytSzf36p/lqHCC/kgm6SA46OwM6erHrNJ11UFlX0nblanKyPYKre3J9qc25OkZno+7NTrJd4GBJah3htE0AxBzX3HWcwRDZb6NXQriTn+Pjpx9x/E77ZK45JX9ynMaG+FbtGFaxLOu6OM58OTzlGjIwpUozR06m0z6Tmn31UVsaO1byoMMORgLRt9mJqcq6EgkWjnQ5VQhzWn2eB4neP5qQ/gI1zdI+GzueRRoOi4gDlh8P64UbyWsf0O/KAKfdTUcq/XE9h8Y4KBpOV95TjOqbUe+mex9SuGcvk9GjFI/kXZZ7SaNFesI8MMlC5M1NVrhcZzv57ijI5AcaAX5X45HPHbpbL9VLWq05zpUZ2uEQcPORWZpoojs8b4jjz4sLa+ZhZ82eDm/8GkneZdI+IzbwtLS5mTOzJvnpPQmOrrMi4Wke576HlJ04X+f7bT3r6d8kPRjqxXKm0O9WLBgSAwi4Ucx2SDfws0rAZzsbZ2ZvZvMaycoZM0H6Wf9BE3S4K/dGuoJUXI3a1mpaZPbQIwDl3Xd//9+zgKOEoHnagBZ+sFYInLNVFw9Y8sJBZ+rJ7zBjmvLHcKHxOC/bIA+BLWqWkc/EBOY/mKOjnMHcyxOTFDIEZN5MMVIrs+XSPJSUxQiR8TDgqhwvwdYQGDLlWKt2EiAWKtBCd1GM+k9IsWZtT6HU0NhcEjExRLLr7ZMlggUOAeOMcUzsOiYLF1XoRwTIVFBmFbJauyj1oTeYLNSIYqoMV0oNpTDgQiYGRUfLiSfNGCsWi3nkTa6qgNWrVg8NDIyfNLlQLEoChiq0ACAAIiQQkcSQL1u1mrNwTFcHSYAkgLJBNAJIgkIYFsJwlOEUQkKSlMiRSJIkGYTBO++/11AsT5o8EREDHoYNpdwna1E0HAEhsGRBrFTiG3CIBC1auLitvX3c2C5BgiQwVXYzCziJAKWUEAS8WhdLly7t7GgbM6ajXqsDYLFYWPjOe1LKbbfZOgi4K48qbo1jEQuhaoyMsWq9PjA0XAjDxnJBipiIBDEVL4VBAIwBULEQQCEAgFq9XgjDEhvx6DZ1VeoiikQY8lJptCnTUGn+1lY5CIIgCKQUilFCztas2/Dciy/tvvMuEydPHK5GgMgQW1oa6pGsxKCYjiGSFKtWb5IynjhpYhzVGQsYSqaIhdAzVF2/bu3UqVtxjkIAqaI7EiINV6pLl61vbW3v6GiWMmYMAfnG3qGhwb6pUycVgQkhYsKAI+oIUoXwREl+p1aPX33t1XFd46ZMnSIROAebAURgaOTZmA8j277KBHM7Y6u1XwjaL0dIJ+w0FzuJfXJ+MkYKM4Zaf0kcd1+hAjkOke17JJfMmdesw5HRhiOnrT1fCs0nB15fLQLppdh50UIWDNIKUll9T1WbMNjLveZ5HrnQ+2UGn26U3oxuO08ZMsgPPv1+R/opXegYsdA7So9OGjnNJHmweTyV07mjZHO9eq83tP9S+lsKSG8yXFcMncdyvJ1RPWbX7icVZNeTN5+dD0aS7Z8slCMxDVpym37T2RDSmzjSsCZPpFIqIyBmwc5yhOPmpEAb8bKJp2R9zoguZcrvSrmzI7X//+0yugPzyZNoVQdIvw7hAJb7sJZq+5Fy5jrn6Ka8bjG3hfmaR2IyY3sqK9PML19kb2YHc59Oo4MAMgN6HgNkxd2FkJLdOKnYz7NP4D6Qf5FetOVGWkC6Jkl+UxiB+FsAfG4LZScNiVxaqbElUb0uiWShEOSOaHaxpCNGdDs1qhj9cNQrf7nEzF33qodJVMFmDURq/a2qMqICw1vuD2m8nYjbQDoCONkQ2adF7rptDybnCyLUqvLpF5ZFBNMmtzUXAyElWun0lBxlsn1Km0LKP0DfZyNvhlKZAI8LXZjdrI/ROJizBhrc12g4QbJ2RF2Bd/W2PQTDZHut/TX2yVlzY2bErBq0eX79wc0tGiODdnYxisSaTd3AAAhFLCVRFMdSCCmljCMSUCgVAx40t7R0je+IBQWq7kYkhIhjQQAMWX9/389/fuPGTf033vjTKKrFkhGgJAi4qmCSKjEN1OtCCmRJqhd1cQsZIqIUxAOGjBXCgAdBuRhKUpMsEZKVl4qIb7/zzk2/+Okll3x5p522Ywgq+FGloiSSRSSCZctXbtrUzTiXUjLOq9Vo/fq1m7q7+/v7Vy1fPTDQv/Cdd8aMHXftD38wadKkWGidiAAUE1AsQUrRxMNvf/tbc7ba/vNfuLDcUJZEACSEJGSccQSIBQWcr1qzYe36tYoZGOMckSFDBiwJqikIwobG5vHjOwOOUkoBJGVcDMJbb7mlvbnjks9f2N7eumzFqkcfeXTN2jWIHIBCzvr7BweHBiZOnnj8CSdNmb5VPZYyElLWGRDnDAEEZwOV+g0/vq4cNlxx5RVjx7TXajGq8IWAADjjjAMIUalUGxsbnn/2mZ/e+PPPX3LJoYceNDQ03NhYrsfR9T+6ob2l4/rrr40iGUcx44wxzjiqIlwY8jDkhrsXvr/o57/42eEHH3TWmWcCgITkqJc4FlEkOEcp4j//9W8ffLDo9NNOn7nVjL6B4Q8/XLJ27ZooqjHGAAAZAwIRRRIk50FrS9vW22zd2dUx0Df4/opVm3q6iUS5XCqWypIkCcFYwBiLRdzc3DRt2vRyMSQtXEr0hocr69d3j+nqKpVDEQte5CtXLrvhhzdc/s1vzpg+qS+qNzaUBvoHF7z+4ZSpkzvGjotiKWJJJBnScy+++Pvf/fJLX/ryx44+qrevr8ADAioVi4PDw1de+b0Nazf8+ubfAAJgwINAApCMAx4M9PX86Prr9t/3wHM+c/rgYLVQKtWjyk2/vmnDmtXX//iGnk09XV1jA4wlMQYkBNVioSAWUkohA84WL158xbe+ecHnLpk6dUIUSaCAEBkDicCQsYC7To2SXnI9N9T+uKNTnAiTbKnC2+RolI7zq6v7dUe6ROMZGL1h1uo0+1OeErSqLeXwm7HcYbU3bnLlfneerh45B6oPdrfRb/K090jaSfHDDtILBmwjzNqpFCEtVI4/mvZeTJ9GN1tcNMDpIFZrfWNaHTBSqNsHssZaw2aMsWcTyPFd8l1odCyLtlu+h+MegoDmrkVUtTTGyjSxnkVS6STwGIqcnYqwZathLa9bvvMIoonqmmQ1FqWbaRjAQ07/64qpww2Js+IWM7xuzRFfaHnLqXA5kam7zjiNx0gBgGEhvaBYUdR2Bwn6+tCVFHT+pQ9PMD9pMnjlldwl7KPMEhq2sSDlIWXS2Lkd5cV++jl7+IjbVSqmzY29HVJ5+EICKAE4iGWlPuXx2nm1bOdxssbfuDGjXYb7rLyT/7O/extM91pdIToC4DZLD4ypGU818g83NW/302yfMgjqCb8/h+UNRv7+WHC+2Zkyq8tU9cIFydWbavqzDG340lT+vV/JipAF0qsqedrCIbadU6Mb8rW0UaPaIpIzoW5UwBnwkANxSdINykyJxmKuH06Mi2JS08gqqwRJD+lM5jRp4zAnWZjdFXO+lJE30YHTuTnkJMV5BhrfwGujnaTrs/bMPOoAMXppNLV41WJufCgCApAEfQPVShRHsUQAkmBWHSo4PE8A0jKke82M4n7LBWDkyxox/SG5P1JSyTkxyDyAms9cs2ZiTvduGhfHVKj4R50tiImnhhn8HGCcfIYaEHVJFhHCIPj3vx//zre/OX3mrN7e3qHegbBYCsvFOK6TIBFHsh5zBsT4J0897bKvfakS1XkYqjW/YRiGuuJXKo2ZM2vGn664esWXv7LNnOlm9MGqrEWiEKCMoj/f+7cH/3YvIkRRRGZNbAIagZQ8DJuaGiRRdXi4odxyxqc/dcIJxzFE4BwAolgCIkMmKV6xYslLL720/36v7rzzDpIgEoIkcc5DjgAghOCcDw0P33rL759/7vnm1paGckNQCJd8tDSuR+VyqaOjI2Bhc2PDNnNm773PvPaWJiDJGTAGIAGByqWCQWHtho1P/ffxHbfZob2tWQJEMRBAUwlqEUX1iCNKIYql4PnnXvjJT24Q9bhULiEDtT5BiZmIqiKOS+US54Wbfn3znNmz1aRIKaJ6femSxUOdA/VaVYqmhQsX3nTzr0phoatjjJSy1FCeMX1GZXj4B9d8f9KEadvMnhnVRVNTocgteJGEpsbyttts/cc/3PL2Jz5+5OGHhZky7HC1jkSNjeUwDF97Y/6qFcumTJ4YBEGhWAgLhXfffWfZR0sOPuegQqEAAOZxQRIRSdJHK1avWLFcRLWmphYE+Ne/Hnr5uWdktVIKyw2NDSovwBibPGny9OnTg4DxgLd3dD78r4f/evfd11x93cbe7uuu/wEQr1ZrcRSFxVJYCkiIqBYVi8V6HB9+6CFXXnlFgbO+vp5f/urnTz39dHt7m5CiwANkWI/rKKilpb13sLe9ufW73/vevvvOE7FQDK/mure395prr505c/o3v/H1aq1agEK9Xl+/ds3Q0AAAcKCQs8ce++81V1318xt/duCkCdVKpa21HCIAwGGH7Pv0M49ce/VVhxywb1d7m5Hy+x+4/8kn//u9K67q7GgkAClhqBoHQVAscJQAjFavWblu3UpElFIAkpTio0XvDQ30M6TvXnFFQ0vLz398fRSLmKhUDErF9Fb8qF59Z+HC5oawOa/iLRO9S3YjcSLO2kQ5nqjRzq5v6RbhEv9RewXuAi5jtBI/wneVUpd//IJurXJw2torE5myGK4n54o9OsBbn111mvZCPaWfXZRr2pkxM9ADkLX3TmcuAJBg5DyhPngemN1L6djnjHeeBx2N/C1ro6yltilT1/1LIUnqgJ8cf9ptk6w3cTs10+25jSky6QaJFfMSDr61S85PzngNqHfGO36Z7+K7KXXP2pLjUpstxy693JwyZcDW3dg2zg0yLVMdZt9RR6lpHZHMhnG8ObJ5cCMtGiMHEvS9JO08Gs8uDRHTk278K2+9sPZytcQYJeAIuZE5D44UlnaKjAdPjieJQEB69ZGGlrLZedtawziK8+VpsVFiWRyRAazfjO7cofebbul/ylElXg5rlNn3L+3xOwKGGV4yvW7ekc4BxgEqpWNspwbmHFYHG6f5v2pZteUc5T0mRQxHiiy5nESYTpMm39MIZ2YKMwxMVv2qQ8zAnUgTFGlgTRozezlKSmdmss3SC9pH1eepuMDkShIa5kYHnn72rJgmfLImlxA4wzgWH63s4SSnT+kgrfycODcZ3rKY7UwTyiY1fLOHOg/hy6kXphnqp4zNFrAnZOqf/09Xhu6pxbQp3fc/d+95JIBq+x8QxVILhuMvOZxhaQfuL2kR9Kxo1m75OeN0+3yIDRBOb4lOyTzqzh8kpsBNdzq/60YudLZrABWnkQAgQIaAyeIVN0dh/vHmKFE6hOAchyJV1fD9D95fvmzxd6++ZvXaNT3rN/YPDv374QcbGsrnnX/hcLVSDIJ6rfabm3/95oLXEUBIKYlCZJGIX39jwdLFiyvVSrVSHTN2zJp1a+M4vuFHPzz44IN7e/okyfHjx+2//4FNTY1CECKbudVWBxx4UBTVx7DsAgABAABJREFUpYwQkQDDgAMiIjJkjEFTU8uLLz37zDPPHnvMMTvvtPucbWYhwMuvvvb73/9+7apVKLGhpTngnAWwZvXq4Ur9tj/etujDD9dvWN/d3R1VK4VCob296+L/u2Tu3B2JZKlUPPZjx86eM2twoL+tvfPJJ5949aUXTjzxxFNOOWPCxAmFgBfLJQYwdfqMQqlQq0VEkhExhkTwkxt/sWDB/KhWb2lpXvT+B+vXbXjy6SfWb9ywccNGYECMcSku/r9Ld9hxO5KCM5JSzpq51WmnnsYYKxRCxgCQKfeacRweHuho6Xh/0fu/+c2vN23aBAAggQesqdAEAK1NrWGIzS0tQRAwoK621k9+8pTddt1zuDJMKCeMH/fqq6899MADYcg5QnM5eOONBU88/t/ly5eFhZCxoKm5eeK4MR998FE9in7+sxvv++v9bR1tpUKJM0AEEcfHfOxju+2+G7LwjfkL3nzr9cf/+99tt9vujQVvvPnWm3vvtde06TP++eC/ejf1r1276pZbbxkcHCqVyq0tbfvvt+/ESRMAYO3G7quuvvqlZ5+bPmOGoIhiOdDfVyqU3nt30eIPf1QqFgIeDg4Pb9i47qADDrn825dP3WpKvVY/6ID9m2+44bbbbukb7F2/bt1QX+9XLvv69jvuHMfR6tWrb7/jjxMnTPjceRcCyCiuj+nqamtrq9ejrq6OM848/YgjjwwC/uubfjk0MHDlFVfUY6rVKuPGjL3nr39+4rHHG8tlAJBSYhLnICJ2drZPnDj27nvuOunkk2ZtNQMASFLAWcA5ADQ1NqxaufKXP/1xuch33GlbGUcMxQsvvPLuW2+3tTWNGz9mbGfnq6++dv7nLjju+OMnjB0bxeKNN16/7Y93NjU3t3e0/fs/j0RRNH3ajBmz5yz+8IOXXnjx5BOOCwIW8oAhrxPV6vWAh5IoCHm51FAMw9mzt/rd7347e/pWF11yIQrx4eKlf3/gH8uXr4jjKI7k+HFd48aPXb16VUNjwz8e/NtrC16t1OKO9taQBUJKANzvgAP3m7eHkJKICJgqLGn9kTIhibZD556reKyrTZ6lMpYz0TzaXcxVeHmXEzdkHOIRdKhj77PGwnu9y2hGJGVokqHc4oMZwuh27bwkGlq7RRl1m7KxFu6RoVENUNv7LaJgdpgRgsaUbdwMLABAUmZtcI4b7Ti4dgwXrCS16ZEpId1m0bFmjVJ3Tc0+me7/wVkg/0TlDKVTNn2kvHCW8t4XXcMzydqRQHTjtFxodaMRUUzFALkwO1iOxFroFn9Gukx2abQ21m32xjIxs+Nrk1PrHqFaN7Io2NT55q4cguD/yDWbW6/7P11bEhOmHxkR3DSBRtcdm0XEbYBqVsgLpEaL3nWbzQ6X6oHcZ9Ookt9kC22L34vSF45rv3llPMo4WoWZoE0T3Q5Dm5NsyJ9QlxL/O8NpI6Y7U7oSCTjDgWr878feRUbnnbE352YTtqPmfYiz62ZHqaePNOdoXYJRUdrcnAbgWJpRLlNCzQaWkPd9lP2cAFtqh0fqQVsqL9dk+9UMk7Mlxo24tLdD5kG3mRNDOrYC7Q1f/GxiBkDVICjDAeRMmJk4ldBFsClnd9uQse760VQR2iGGcjSRZCSEFJzzIAjQrmZCOyP2D4BzRAJYlkIEKbX7wRibMnXaSR8/fmBomDG2ctWq995/p6Wh6dxzz+npG2hqbBgcGHzt9fnDw8OGXohQqwzf+off/edfD8/dedeBwUEkKUGMmzDuzTffeOuNNwVArTI4ODh49VXXnnbGqX39w5zxvffafZ+9dpMkOQIwxjkLGCczpQghY8ho2bJVX/7SV6dNmwoAQsiurs4999yjd9PsjvaWcRMmPvnk4w/84+8Mg3K5sGrFqn/87e/z9tt7zz326N3Y29jc2NnVOWZsJ2NMSskQ4zhe+Na7/f2902fOeOeddyuVykcfLnvyyceDQtDf0ydFHNWiYkN5n/32O+HjJ5TLJRIiYGy4Hv/2t79qbWzZcZe5leHBKZMmnH32WYzxgb4eorizvSuOo1/+4hf773fQ3J22FQCMYyzEDjtsO3fuDjxvn6Mg4AjzX1/w17/epyZYkCiy4Le/v+XVV195+eWXechPO/3Mww49dOPG9WtXr733z/c9+sjj1eowMN5QLq1ZszYWsrW1BQAKnK1YuezpZ5+pV+tCCBHFhUKBITDEieOn1Oti1ZrVq9atRoGcMcaQMdh7n30Czjdu6r7mmmuef+6Ztra2npbuH15//crlK+6++85Jkyf++9//qVYrr7z00gcffjRm7NhNPRt7untv/vVNKv4cGh5YsnjREUcedvbZZ9WiOme8WAiRYa1aq9aqUkjGuJDiD7fdsn7Dulq9yhERoBAE8+btvfU2czjnf/vb37fZerujjjhmyrQpw5XBNRPG3XXnnU3lhm23njVcrba0tLR3dIg4joUoF8sHHXgAAkiCh/75z4+WfHjEEUcZMv73qSe32mrmnK3n1Go1ISTnXGW04ygqFksXXHjBmwvevOLyK/50191EVK1VSUoppJSyUh3+3W9/u+D11/54+10TJowfGhouBmzZkiW//PnP+nt7WjvbKpXq7JmzX311/n8fe3zchPGIvK+3t1atBiy4+tprli9bKWR08YUXfWGbOdXh/j/+4fcfvPvO5790MWMEiExSQ0OpVCoOVeK6qNfiOgnx2XPPlZJeeeG5c847pyEMl3z00fPPPBuDLBYLg/2D69ethQXxRx8tLof8rQWvr1u7Vgre1NLc2FhuKJUHB4fGjZu47957gKqCao2VtzFIGVPtzCVhaPJRqwyjRED/TJ7aclWGVkumC6uGsvlyz0gZD9czdr41J7Bq1XUp3PVgWgk7X0x+0xop1ytPhjWq3qp3J8Cya408AExIaiq2Sh3lpcXTfonjVVkVq50acN5ZCt4WCN9Cpbs38DtORNJt8grKbI3OhzLNIRYXf5WaN7jDAbbntA33F3EZsMn6mehinfVVtaFFg5WdIaeZ6dkBT/eQ8Jpn+g1htYU1BwqQRt/pC0Hxm6aA8Qys/6bRtE9lXALd6wger//OBgOAOxeK69K5bAdjL/i3w/sl2XxXmJz2JqB2oHE4PAEstXncWefnIOIMkVRUUrVNy+ZWzHIcS/eEmITP9DrVHPbLvtnO1U5mmLx4yXp9OY84qDpj5ZE0tQPYwONLolU+tuPUXjsfRr2KUYuift+JgdPlN/N/M4mQw3cpYAkI3ayN+zIhrwPlX5LHcP7kOiaDHNgwBwijZ7zK5P9yOcXPlL7JaesZL7PrDQAAGZBLT+PAuw96oppWeuizsYOXrxByD76yHOGpIJMHTitSn5IIySpHEtTTNxwEHFWXmJcUMwTL0DzHlqEjcc6EKjMIaOtZZqgtOQjAe1ZfI9Y/cwVtMwP4gxmd4n6ABKcRjy/a/IVKPRKZU8coR9W702XsvUv2/2n8EUnhp9VRR57pvi1TY5aJwaF2Spsnvdm7iT+E2tEgvT8fAAlQSMkD3lAoSiliQQTITK+Exjh5G74Sq+XZeKWOSQAEEPBAHX/b3NgAAFMnT1JnxjLEzrYWAIDmBkSSUkKirQkA4jhes3p1x5iua669uh5F1Wo1DANAhgyHB4dL5dKHHy7++mVfXbtuLeOIKDhDtVOwXqvVo4ikqNXrUsqAcxaGDaWGhoayoLhejThioVCK4ziKYsbY1MlTzjnn7IBxAFi9ZvUdd9y+w/Y7jp8w8blnnz30qEMr9VplYPDoo46ZO3cnIUhKEYYBAHDOAWDatKl77bXH4NDQ+g3r1q5ae+xxx554wifGThgXRdXqYC0MAxFLFuCsWTNbW5qlUAcBUxAGca1+yjmnnXnWmZXaMANOjEX1iEhKIRsbmwYHB37/29/XqzUv84xYj4Q6Hpuh0nWJM1qNRSlkw8ODtXpdCbTaBklCFIICMAgL4fiuMePHT2jvaJ00ZfLOc3fdavbMgHPGC2PHjn3vvXd//cub6tU6ANTq9X332nPOzJkA0N7R/sQTz7y94I0DDth/2lYzujf1t7W3VYYG//bXew84cP+99t57/br1yKBrzFghpZRiyZJFJ5980jmf+Wz/QF/3pp5vXPa1Dz9cUo1FpTL0rW9/c7ddd9mwsbujo+P1N9/48fU/7unpUWgFBM1NjZOmTJ49e9aadWuJMK7XpRSdnR08LEZRhEgMcEzH2P6efgkCAKqVmpTQ0FBsb2tHxEKhwAr89Tfm3/DjH734wvOzZs8cGhr66KOV3/rOdxe+s3BsZ+fV11y900471KM6A6gOVouFwtBQpVqrf7h48RuvL9hxpx0YY8tXrnzvvXcPOvighsYGQ3IhJAARUrVWnzRh4mmnnfq1r3/j2ReeOXDf/SRApTZMJBljTz755J/v+fN3rrjy+BOPGxgYYgELGT/k4AOmTZskBJRKYalU6ujoEFIuXrx4eHiIMd7U2NTYWBoaHBIEUSwqlcHZs+fIWGwzZ+vPnveZH/zw+yykYqFcKhcCzuJ6HPF6vRqtWbqysamJB8GYzs5zz7vwtTdeQwyQs53n7vT9a68Oi8UgDOq1uojl4qWLv/2Nbx5y8GG9/d3NxbZvXHVFXKsWS4ViGEZRXCo36GO/kQgpeemLI85mE5+rfrQpsT/lOo/urVQVwrp6+drT0bpmZ1OyYW9kazKiItZWOCcxr4HPT8Nr84gAmUf9yGCLLoeaZklw2hdwgXahz6WwYzWSD+koMQNCakTXmOnfXCfe86wxp4Ns/7BZmmACar5vYOwv5tx2LNzmCD9C1jndsVu+BgCTSsliYfjHCUEpj202f2HuRz3KSNcIGKP/IY13NgTN6TbFbXquva5yp2t09CmvRSq1kX0oB88ENR3tWyebKFNGte9gynhzo4H6/+CpOvBZZfj/6o9upmeAEXnermnP+z0Tg2xGRWwehyyllNsITsDiKlvjq26ZDtkcHCOzMWaG3jLwN7+a0uEoR3fbQ84387hGflSj5yvPkaQgm1gduT3knRXoGGVEJ0olpDBgIWfqPRRIoLZ32TE9JWFJplOWqTESUjnfTfimMp/WN9g8O6Dqy8apKayCVKBo/lIqM6Pg97dx2pSz/tUQyBLKaWbveDmSLb60uWEciwFAA0eGKlJPKSzNz3q7k7E62c5M8KiCAdc388qrmPPZX4nvToebMwF732SyMvOGum6Yr7Zsd6jSCKR5lCxLIFC5WKhHYumyVR3t7S2tTXEUE6nFyk6vOhy1RkaTyQHIJsBLDeWly5Z9+/LLRUz1qFYZHn7nnXd4wL7+ja9Vq6JULBCIF55/bs+956WoyjifMnHyDjvsIO1LJu3V1tre1dkRBAGQWrIqAVhluPLb3//+5VderNdqtVo1CINSsdjc1HzqaZ86/PBD4zhGZFLKKKrHQgghpJQswJCFg4NDt91269///rfGctPnv/j5iZMndW/ccMjhh8yYPftnN/z8Rzf++KB99z/5k59oa21To/cPDPzn4UdiUZs0aWKpsfj8C8+sW726XC73DfRUalVJQsayUC5F9SjgweLFj1WG63vstTtyRkIUSuVCobDV7Bnjx4/LoAUAMFzvCoLkOCQ9jQiExYK96V6NnAFAqVzmASJHAOA8AIBPfvLk00879eIvbCoGhcu//c0p06a9+PKLUsqucZ2TJk+oDNfq1WqxHIwfP7YW13t6NxGRFHLMmDFjxnRxHrzy2mu33HrLhLETdt199wnjx1YlFBhs3NgXIrvpl7/q7x84/YxTAWBgsBJHolgqNbY07bLLLnvuuYfihn898MDvfveb4Wp09lmfPuOM04MgyVU1tzT99Z4/S/P+HGIyljf+5CcPPfhgrVYpF0vNre08YLVKtVqt1WrVgGGxVFi1Ys2sOVuLWALA40898Yuf/+zIIw7//KWXNpYbAKGxqXFwsP+9994eM37cF7745VjUOA87x4y9+667Hnno4f6+XsaYiGVQYMohYxxaWpu6e/oWvvvOzrvMJaLnn3/uP//6T5EFv/nNbzZs3Lj99tsfsN/+nV2dURQxREEkiQ448MDLLrusVCwTQG/3ho6ONhbg4NAQorj6+1efePwJ9ajOeMAZB6BJkyaEpeLDD/2rq71jU093X39vISjO2XrrY485JuC8v3+gUhkeN27cwODQn/501867zN1xu+16+gdKxfIZZ57evWnjL3/+i3nzDli9Ye0VV129cP6CUkMxiuOlS5cGYXjhBRfVozpyPlyrLfrww4sv+NzYMZ1jx3S6OuOOO27fdrttr7rmqnfef/eKb1z+zDOPfuasc12eUfvriIAA1TJcG2YmS1X1fihlA0yi28m2mhS871hnnJREYbjWLN/4GAgg8fb1ehA3FPRKfKQfc26Cp2/9HzIjkk75mwDEqElrwUyZV4cqnubzhveCw5RL5ABrz+AD0FnBNCXM6S7aodf/ZbFIEzNlLgHArZU4N3S3JgR1IAXQZzw5hl0TTf9FJzbImVQvha9f0ekDmXw0uy6dB1NUdXZt5XtdAOjSRzOPZVD3XAsTm2kUfML6voo5qyJ5JLOvD12MtNvqmXH9D/lpxUwkrBopuqv2KebwwopsROARgyjHD8nmLywsiRehX91KZu0AuJNpUHKL+agBz1yJcDnksK10bScRKAOb5ivbhR+CJhgaVlS7fVI8nopRkwFTiHtVu5F8Ud2pO76v+Ew9yh0tFXpY188ZxQ8tPAq4BHXKCI5n6KlTRSFTmE74P2np1Qi0IHh7pbXIpatSmBLGDDdaF90YDO1SZrAFC49bVfJL02g6doFUQDhURzuGJiv5lM5IFgBQLo/6NS5vcxkpb9cVXE8duWNlHoeUfrdPpbRqBk7wW5ohUktdUht6nRnVJwpaECk521Pd05PDUFkD5zQgW6Ukl8TojJgGV9sms3WfSFvxvAoiePbV++pKrQpfU8cBmK4CrQYcpW9NL2QvSq+p0GR1kouGVCP1MFpXfhtvEI0s53DYgdvUIiqXwjg5AhUA7HF6pMvHqBl+lMyKj6ijnjJLiJ0Z1Upy1ISNJYivp9Iujh44Y6OSY3JdvaOVsxFikiRREjAohMHbC9+74Yc3vPf+wrFjxnz23M+deOJxIo4AmFEySd/2XAGvWy/KJkQOABDV61JKEdFgdbCvt3+gv1fKWNRo2dKVQVhobmqUJCqVihRSjZE4N5LiKEqqeXm0CcKwUhkikglsUvIA4qj+4vPPLF3x0XHHncw5NjaU165Z84+/3z9vr32DgEf1OgHFQhrh4JxXhqv/fPShO+64TdSjz11w8WGHHdrR3gYA2227/aRJk3fabvsbb7pxwYLXb/jBj+76y31HH3n4+eee29rW2tfb++6i9wf7+x7/75PLly/7cNG7u83bvRQ09/RuAoEYMimoUCzKKBoaGFyzZsO0qdP32HPXpHosiTP+xz/e+vr8+VEsgzAMQy5iSURRFAWcDVcqlWolDIuqUA9ACBKILV+xbqgyENVqRBIRGWMMgYDVq5Wm5tYVK1YEjLsKv6O9HRCLQcAIWttaOWddHV0TJkzcuLH71Zde+WDREhKiua25paW1o62trb1VKYpardbQ0PDy669/8UuXtjS1n3/hec0tTYPVmpBsSIog5Jd88f9uu+32r3/tG2++9eY3vvnNQrEkRMyA14drlUpFzc7w8PC6DZuGh6tHHn30ttvtEAQBEPUPDDY1Nfb19FYqVePtCYpjWZ83b97ZZ59Vq9dLpXJLS/O6jetvv+XWzo62w486SsYxD4OWlpYpk6ZOmTJJSjln9uyd5u76jwf+2dvb9+1vfTsMCnFd1KOoobE8Z/bWHW1tzz//bEtLS1tLc7lY7GjvCIOCoQkmPCYDzocG+h59+JFjjzm6tbW1tbXjkIMPXrV69UMPPrxuw7rb7/jjFd++4lOf/pQQolgsrli6/M4771q+bAkSvvTCSzFFy5YuHewb+PWvfnXnnXfEUXXixIl/uvOOpnLT1ddcM2OraVE9pmLhpRdevvjCz82cuU25VG5sbhgcGFq/Yd1dd9+x4w47/uLXN7395lt33XHH4g8/vPraa88/9/y99thDCFGrVYvFwmfOOWfdmvVLly2fMH5itVKbOG1qQ7m8eMmHlaja0VgeHhzuGjeusamhHolyqRTVY4kyFnG9GrW1tcSAP77hhz/90U+PPuZw4OzgAw86/8ILLr/821KG555zlpAyqkeMMbW6GACBpNJx1t6ijji0ktIqw57ingrwjFnyVmdhcm6Qr+O8OM/63qOqequRE9fGd0vUko78yCzdrwHSdx4dAMj1a3Qr1EM7O9MA8jLA6T4xi5uzatkPJtwm7kenA8cYKfg839AY/ryUqenPdO5skhypeuD4b9p/NO6WPeoWNaWMI5wOchzw1K+pwdDp2YLupIZdIN04GSm9is7i5OPgj5cuwxoUUoGZdX1d79ZEaNr5S7NTGjnLSAg5MXhaCFKOTU5a2VnY6YZpGTRt9SHVg0HH+q85U+Yzr0Eh5zd1R+XhSb3Uzg8qrNduGSXxUtwgPP/yKZyg7p+H4n52estx/TVIGQlEsJUhFxxL86wsJ6dh2cREVqRTs4u+sKQVUb7sOPPldJs8n6joNA3J/IEk9khPGaWfypuFrA7VutGFmrzmtkGet5+FVulkdEiVK1HGIzd9jESuzHOjX1bUrUPtoJOV0Gy3qcBHfc2tGHgPuaH7qNcIzcz627SqJS0hmqMtRZPbiQ6MJcWCKHnRABpcjdzYuHQU6JwMpw4XyYKX8g1G74sccusKqlvpBG0CNn/+UJaL8k22rw0xR/o2y0IjXuikglRGb/ttJ0pJJEHIxN9KWmqYtSkCAADpK9NESUGKNVN4bAYkAPK7tfJI9nWbZva2lDuzN1274mfaVPdEsYhFuVxavXrVdT+47k9/+mMhDOtRtHz5iq6uzv33mxfFgjNGkJyWSWDki6xP6FALkv2o6i2RMDQ0NGPGtK9e9pXh6jADXLt2zdVXXU0SfnjdddV6raGhqa930+pVy4cGBgFAR1yKGvjBBx/ef//9YaEQi7heq8dxFMcxQwzDcNnKlUJEnDETUgOQIMkY22ef/S//9jfr9XqpWFq2dOlzTz9TqdSAQEpSO/aELr4xji8889JPb7xx0oSJLWObuzd2/+tf/1y06INiWJj/yhuC6K23365WhkNeOOSQQ1esXn3vX/6y5x57HHDA/mO6us777DnVWq2vt//Bf/7zo6VLDjr80LFdYxtKZZLQ0NwwPFAplsICY50dnZOmTGtta2Wci1ggQ44QhOH6detXdqwWUjBCSSKOJQHIOGpra4siIYREZCRJSimlDBGHK7WvXvbltWvWhyEjkEHAERnnDIFJEReLxYG+3jWr1wqRvIdDItaq1XK53NrStmlTz8DgYHNraxgWPnbcx8ZNnFAZqkwYP7m1o6WlrX3SxEk7zp07beqUSq0GgHEc//YPt/zg+9cfdvihxxx9REOpJOI4LBdiKYuFYLhv+OWX5x93wvHbb7/jJf/3hcHB2ne/9522lubh6jABvfv++wsXvlsZGnz73YXLly+76OKLzj33vDvu/NNXvvLVL3zpS1MnTUREAQSITL+xUxLFUfyxjx17/PHHG7Zdv3HDE488+vETTjjy6GNSHF2P4u222e76H/7gvvvuf/XllyvVSlgIw2LIA47IF7334d1/uvvVV19pammZNHnie++/F8cRZzxRqwwRMQyCdf1DA0NDU6dPX7lm1X8ff/zkk07ab595u+6804aNGzkLXnrp+euuu6Hc0GDkL47j4cGhwaGh5pbmsBCKupw9Z9vtt9mxHlWHh6tNjU3Nza3Ll6/+95P/+dz5F86cvZUQVQSUJCSwr33zsoMOOLChoeG9998997zzu9d3B0GwdOnSd9/7EBkWSqX2jvYgCJRHi1JWhiuNjU2f/MTJl1321UJQ+vQFZw0ODTc3lF9/7ZXnn3xy0qSJV1//g7ampkKxKGIBCEGAISsUC4XGMqzv3nTdD37w8L8e+ua3v7F+/YZzzv70uZ89/4xPnbFyzbpf/+rng30953zms60tzQAQq9fakkQgBiCStf8IgFIConHQfScj+cf3QB1L7VrBrJuUvZGjtHQ9xAYDOsJC1yhZFwU9KLLOn/OMHs99PKelGwekYTYOEMtzECF7hG+eG+aEcC4YBOnm7gD5/liyjMWzEZh1K9OPpbFC95s3fAYQsscjMu8BbWnUDG4uokCHX8yGGjTugeNseb1kTGF6GxnpmyO47/l21Pl1VKB9Tz0Fifbx0ugrniR9mIIjJpYnt8RpSLPGiA96WIziPKSGTk+Z/5TrXjvP+dDop7wNnJnRFZEU7zudjHilgk9vG3AG7CyyeUrG/JIj65u/yMcXLf9ssZs6GqeNJDse+zl/0xi750Hl0R8gw0uZ/rODg5OCGanX/P5HauBpv8221HB4XwlUzJ/pY4RA2rtL1oC4s5kiHKa6UP+MYGi8J9NPpfToiPWzvD6dcGAEkR/xMgYz2QCSFD4lAVdvFpjQyRljjCmhTDbduaCmpdSPJUxyeGQgcqqGmw1owG4TV5FnlmKBBkEJoDa3/gbNVMxqB0h9TWx/vuz56a30Yb6bu7zMD0mQUhKAdCrqic3QkBmIHK8l+cnYSfemmaMtAid5yDdmBn39yQIGiUI3R2SkOsoOnGV4h3HRdkFAkqQUjLF3Fr7z0EN/b2xqamttGRjoe/OtBf944IH9999HSsE503uXdG+eZ5S8C8RxejBRykBxFLU0t3R1dQB0AMCkSROmTJu8aeOmadOnqqfHj+scP2782rXrNLIEAHEcx3G8aVP3L395U0/vJvXCyQCZRCqEIWfBxg1r1qxdP9A/5HkfiIDYUGpmjFerEQArlUoN5XIcR0QgQQqQQgqRZGcBJHSN7Trvc+cffOBBv/jFz371i58cetgRbe1tzc3NJ3/qJAGwaX334vcXPfv0M5d84SvXXHXFK68eO2vmTAAolcsTy2UAAJDf/+FVleHhvu6+of5hLrFWqwSFUEoslYtvv72wsaHpllt/XwgDKaRUTgiikOLww4/49Dnn1Os1EZNQG2SB6tWopbW5v6f3zrtuj6KaTOJPARTUouqTTz52xilnzNt3v4HBPiCQJGMhgEjEgnGoRfV1GzY4Pg+Vy+WN3Rt7enqeff658z93QVtbS1SPC4Ww0FhYu2YDxaJQDEUt7powftnyFTO3mv3FSy/dfvtthoYG16xeu//++33j61/r3rDhggsu/M53rzzphOMGh/raGlr//eyzX/ni13/84+s+8YkT1q5Zt3LN2r6+vs6O1loUFUqlv/3tHytXrN2wYR0xOTjQ29HW3tzcfNRRR55x5h2r1665+aZftbS01ms1kET6fCqSxHnhjTcW3HP3X5YsW9LU1NjV1fXmW28/+ujjG9avn//665wFDU1NYRiWS8W95u0ze9asKKoXwvDkE0/Yd595ra2tvb19tWqtEIQM+MytZ335q19ZvW41IHR1dP7jnw88+Pd/ChFjcqYiAjLG2PLlK5d8uPS8cz/Hi+E9f/7zscd+rLm5qaWlefz48bVa9eabfzFz1uzDDz9ckGSciVhOnDjhcxee1z8wwDhHRGQMEUUsEEBKYgw72zse/OcDC15/s1atMcYUbo3NzaViaeVHyx/uf2CoMrRiyQqMgQdFRGxuaGxqagQAhlgul4rq9ackhSRALJVLg5XBjxZ/tKm7u6mxqTpcb2xq7OzsrFSrS5etYoQtrS31SJRKRTXbURS98+57zzz39L//8+iCVxdcfNFFX77si08/+/wlF1zw/auv2X67Hb/y5UsnT5x4+513PP/iK4cfesihhx42bfpUKWMiKSIRC0EsYCwAfRCuMkAI6LjKvjpS+jJzWInvGthaVVqhp5SkCRuc6pbVe1mNk7b96KtP37l0DYqtBaEbWjtIKu3OPBXsWDgwLqaxFUmem7mY6SjUpVbOlbM20jkCALUjadu7UbamiiGGW9o1sNiWpjc3INFpcrKxkDUU2v75PbpRU0I6sh1mvXAdt2Tnz5kCbVTzqOUafkfZ+0FIqqnjc3hgOMBnnHY9v3lphTRU5K0r88fPFMCs7+U3tUvh9FDuiNpYJ8CSx41mnlIU84NNTVHjNhj/daTFWR4ial2BK1Ho/pyaLnJmMN2Pi78tfyVxW3Y6XDpY182pdHkrQp0MvvnqsS1BmqX0z/oXN6FGtg/r0ybHZRh5NmM4xNbF+RRUREZuNTzJ4yO6ii7TYkZmXaQ0ddzlH8Yds9hm5MqwpFd+IW8uUq6mK9SO/skgkaQcMiov27mDV1IV94yMKexpBLRv6XXtHfDjjqajoky6yntaSRZiKmRXgBlVrCfbCQeIFPXIBxfcHpxvRoos5yTH0m1mDY1+NqFFalK8NpnveomKeV1qAol5XgoqlwpHHbwNY6A2d6X6TmIONAh4U4CaujkopE18ZhmCx7KZBzPLX3ND0CBLCrNbFC286K7fTa9XzsvPkWNNR0Fsy4JPm60ywR1DcwAupXwR1ySO4DaMBtLm4BjtyqrvNADZ4Nz3D7ZkaGOU1B/T3cDQUG9vX3tHhwQZFkIEqFUrtl1mHGdVujuQd4eAgiBYu279Sy+9Uq/VpBSxiFeuXLmpe9Nrr82vVKrlcqmnv2/ZsuXJ1spERqBSrQwPD5944ic+/elPbdy0qaFc5gEPGU9epUKw6MMPbv71b5rbWgAAGVOlLUSUREJGxTBob2sphIEQURAwxtCcx+swHpNE2229zdwddgo4Q8TGlua5u+w6dvzYgAXlpmLPxp62ac3jJ4x59/2Fq9asKRWL+++7j3pWSqkqeF+57Bv/uO/vUyZPbmxoLJUbOlrbiuWCiGWxWAwKwdtvLnzhpZc2bOieOGGsTotLAIjjeOKkSbO22ip3rnr6BoMgFFJAcnAgABIy5MiPO+H4ww87BHxGkCQRIJY0ddLUyVOmEFEsRMjCX/zqpocefuj9he+0trfuvc8+06ZNbWwoV4frQ9Wh4eHqHbff2t7WMXeHnUqN5SkTp86aPaettUVKUSo1nH/+uaViqamxYWxnx8xZM37725t33WXu+HHjenp7f/nzn82aNWPnnedWK9VPn33GcGUYGIsiIWJRr0VHHHHkpz915sDQ0MqVK35yww1Ll64goq1mzLjm6msvuuiC71/7gx9e/8OAMxHXDStJGSPCwODg0PDQa6++3t29MYoqw8OVqVOn1SJ6/PGnwzBo7+qsDA0zidOmbrX1nNkAVK1VC2FBHWI8MDAQ1aNSqSGqxwveev2ZZx+vDNcLpdL61uYFb7y2qbu3UCpJIkCQJJGhJFq0aFF396ZDDz64obnh/r/+9eF//fvEE48fHBxsaGh44smn7r7rr1d+96qWluZqvRYwTiSLxeJWM6bnTpa5OsZ0ShkTSsPEQRDUqsMvPPtCJOOh+mBcjQcHBxlHAJBSiCgCAAIZR5EUpNi4uakxDAuPP/HUJRdeKiLZNa5DxJEkWRuuvrHgzcFKpdjTd//f/n7JxZ8bGq7IYgERSsXC+vUbrrjyO8uXLD/u+I9fctHFBx1wQLFQOPyQg2740Q1PPfVMY2tTsRCeddYZO83d4e677vnDH24fO37S9OlTpaAoloWQlxvKURQP1wRjymAl+z/BPdwwX8NkNVYi9SPqTj+t6rlEo2oxz8nN3Hbs+wiD5ths9CDVthTT6gzthxwvMB/TjD3z8+WuI26hzwWf3HDDwG3+zVPB9kYOZDkzllqW538jfayAdoDIMfFkfSuLF3qhZsqQ285ThDM/pNKyfgDgQu0f7poKQka/jG+6xY237H5ehDBSnwCj+ReWGciJVDzKeBF1cs8/0hYBMivEcVS4NnP5KLuSYoN045NmwhUvswKajWzhwoXSxc7JchliKDc0D7UMzLndZicuS5KUQkq3+X8no/t8CuIRch/J51QoZed/RPEd7eZmr0yBJKOjMv1uoVQluiRz01VpmwU6L3DwO8yrMGYTRh4fe//Yz1kjiN6GcAtvvoXydawfwqCrx2CLabgFVy51DCqMAREwjmPHNACAFBKYPWIgL7bK0DI7okHHQdhki1wblrtdJvVg+pdMSBiA5UyrL0CfV4F6Y79zRLPXBTrZizwtZAlh67B5uZV8Eugb5o/6QASDQ/VIyMbGIjovCnMWSJvt2WhyrjZmAwKwWXl3hUkKtcyiZ93GLWPm2Ve7iAst95vzerU3oylnUiM2qaX7MebcAulvV0VEhuo017k773zQYUc8+dgjYRhEUTxj2oyTTj4VAIBx8FN7Bi7LK+6QoJPggEJISbJ7Y/ett9y6ZOmS4eHBSqW6ZvUaIeOL/u/iei0qFoJqrfbRh4s/fuKJuiMCgMHBoZ6evrk77bqvDvlS1z777jNn6+07OjujWARBqI7C5oiAbNnypU88+VSlUikWwlUrVqxYvgwZV+aEhEzyTvq12lJSTVYjxqI4bmxo6e3rX7FytRRxwHB4oFJuLDS3NReCYhzVYiGkEEEQMMYYY2vWrP3B9T/4811/3mWX3QZ6e6J6HQDX12vlhgYpCBGamxvb21o62tpUbOxKFWPBf//7SBzHtVqdpJRA9Xq9XoviKCo3lKvD1VqtxnhAYDOunDMRx1G9RkTDlWEpZBgEQRhCYqEhDPhxxx1fKhVAr0ZZu3btvL3mRcO17XfY/itf+lJLcxMA/OinPznkkEN2nbvz/FdfnDBx8neuvKqlqVytRkHAYiHiWDIejBkzliEOVyqNzc0/+9mNn/zEybfdfvt3L7/829/8xqJ3F91+x+2zZk3v7x/gnDU3N1drdSIhSSDQgQfsd/jhhwLAurXr/nTHnSzgiFiPosMOPehrl33tR9ffcOghh4+bMCYIOQ+4wquvr79ar+6x5+6f/OTJ8+btVavW7rv//qVLllz+ne/MmDmzMlxBBhJo44aNQwND06dNUzmwQqFQqdQee/y/zY1Ng/0D9Xo0acrk0z51+gMP/P2G6360ZPFHhUJh9z33HBge3Gqr6ePHjYujiHOUQGEYbtrU89xzL5QKpclTp4wf1zV3p51+8qMb9pm317jx4wYHh353y61zttnm0586QwjBSBe1kN5cuPDJJ56oDA2TEELEnDFARM4AgDPe1tb6yssvBZyhlgAAEFG9q7Pzp7/6eWNDUQKs27Dh8//3BRHVGUd1qggAgASSpKjR1NgoBd165203/+bmxuaGMAxEPUZkzc0NlaHB3/72NwcdfPDxx534pz/ded65nwkLASELOEqClubmU049bfqUmfvM2wMZdPf09g4OLF289INF7x79sWOnTppIJBHZznN32mrG1ied9ObEKVPqsYxiaiiX+voH589/abtttxszpmO4FuszlSFZ8oap7VBK9WlV73tovqZzDbPjVmiF6O/FUppDKTVPPRltYj44RTzzm6PtHXVN/n2T+VadohmTrArTnTv+rqtmEU3B0Fom1LB5RidVhfE9V9dzSlmrZDTHS072tjqH92R9wVQnTkSivkkvJ0CaHp4DR2A2U2llRXqprQlBlSJzjrR0YgNyR0xqPIkl8IFTxj4VdxhgrMHyL7KTYetgDj76F/8lEMaCK4Y24CVdGhvr3bdUNLsTUyBRtoSYEMihp9kN5XRooLQ9kbnh7mt1wEiFWQiZPhEcAoI514q8wXyv1+LrEtxgaijjnOBpvJw0EqbO5LTSfrd1WuxJV2Ypla7/ou3EdwJTORogcFIHaq7TsKXcKrB01xNqmjtU9OXXPbM1+T1p7zGnl2gbNRYyhWrNuMZKpJ/NK0RrvMwUOwkURzl7Ap7SOfk+s+u7q/5dYDRPevNuyedxrId+KobxEyXkWod0Os+DE80Cm0REiTLSYLHIgmEh0LbDlx0LrkcNj40tQo4zZtr7bITJKT5OsOPAYGRT/6p1o+XCRLtaUNNYuCxqIz2HEXIkCEBHNqhsYlLzVXINkiiuCSIKQsYBU2HhlqyVHakKiJniMDpUAP9D6rM3aNp42CvIgUBTwzkyMa9T/8Fc+oIzDdkP4BqbzGUXI2XypFGN/vPEwr7h+olHz21rbahFkqNZVguoLYcxz67ezh0L9GMmYPZVpNPChSMjKi704HoRyYu1nSm0mgtsy6wG910i0L6QOdgXEJFxjiwSYqvp06+/7vs/v3H8ovffHzt27Omnn3nggfsIQZwHjlDi6PTQrgmqlY69m3oWLVq03wEHfPbcz3Rv2oiAy1asuvW2P3R1dp177md7egfKxcLgwMAf/vD7waGhhAYEANDT0z04NNTS1iKlHKrUSsWAiKmTeJl64yXDffbePSKo1WNEBkgADJDVarX3Fy288oor+/t7i4UQgbGg2NDUCFoAeRBIKZWqYIiARIhBwMvlcOLECbvutpuMYolUDIMokmEprFeqzzz5LEPJGTPIv/X2wgsv/FxPd/e111yzYdOGO269FYkaG0pNzU21ao0FrDZc5YwxRgHXVFcXIAAEQfD2m2/FdQIGiChIgAQpCaTo7BhDBMk2TgDj31GSyFFJDVQMKxW5iYAhSiqVCn29vY1NLWEQAsCFF5w/aeLkbwz1MQijWl02yoWLFl1z1VWd7R277LiTjMQ9d9315usLOseNrYn47DM+ffhhhwUBF1JGcYSAhTAYHBqcNHHS5d++8uY//P6kEz+xdMXS71171X77z9vU28s5J4BarSaEAAiACDnv7++v1+tDw1UJsrm1uVgqAgBJioU4++yzyo2l5o6Wjd2byuXGUqmkkNqwboMUcsb0GS0tLdtttx0A/Pne+9597/177rmntbW5Xq9XK5W+gYFdd9/j1FNODQMuhURAzvmrr7121513Hn7YYUuWfNTS1LzDjttP3Wr6znPn1mrVW275w4plyz9/6efbO7sKAe/oaotiwZDFQjaUgo+WfvT66/P32mvexAnjecDPPfezX7r00iuuvOKCCy+6/U9/fPG5F375i1+2trXUoygIuXrDSj0WC99eeP9994koZpCswGWMEaOAc4a8o71jw4a1xWJJOzwIAOVSqbe/94GH/jFz2gxe5G+8+vrqVavDQlFI2T8wsKm7BwCQ8TAMQh2N3/2XP1/5vStP+vjJZ3769C9/8cvV4RrnjJF84fkXX3n+xb/946E99tzt5ptvuvWPt11y0YW9/cNBuSiEbG5pPunkTzz+6GPrNq57+YVX7vnz3d/57vf6Bwcffezpt99btPXMOZOnTajXoz/eftcHHy665qqrCwXWPxyVQv7B4iW/+tVv6nFUHfrj1y67bMZWM+sCuDENKbVkNo64GmUUy0RWISbOutav2VKnDvwA3fN93OhI33XNsv2gIbHllHQAkw7ylE+QOlFEaS+WXlbsYASOR7b5GppCyvPnwMQzbrfGm0SrQx2P3rOSbtBnPLa8hXDuEAiQpXq27QglBbLDmOiEQO87dXxE146PvrAMwd1O5rn1m78citkHnTe4gu/Kqs+peMkibpDLR3zzl+ZL4wlm2RvITF8KzVQWwDrMZrGfETOyE5TyadCN5m0z16H2RoQMx3ixc67zk7kc79LecdEYIThJbBb6j+gf/SFGcmasQnB2lJFGJGeiQft1+UhoPsgAhfq+G6BqQbRCYRyz0bc9j4S27mfUZ1OqF7JdkfOj6Tlxg/2N0nmZjtGgzoKainJz9euIVxpNnaDPzFfqqZG0kzvjuW1cATE5KT8tlrj9LuyZAqrVJEmCNh0lkW2l+cH+7s5UnrLJwqyxwxEe8cP4nCUh6dXJOhwxhpkDBAUmCUifg78lV6rSlrpjf0r94KSbkhs6IjHfvYeN5XRe/eiGoMHoPkjS2pl6CTKn8KrnMrePkYLMFGeMEov66h0FwfsfrBqs1EW8gwpAGACYt6240GsKpvSCy+OWIp4hdgFLws182JIOHUBT1hHUtLl+EjlPpiln5sPGwM5AyfNoDS4hQwQpKQa5x267/fSnP1mzdm1Ha9v4SRMxcdBIhzlaSaQPa7DukbrPASUBAa1dt/6tNxacceaZ6rUcABBF8asvPdfU1HLiCR838Lz9zpuL3v8QAIhIClGt1xZ98GFd1Hacu7Myw4jAEDGJFwFBSilrdSGBAaEkRpICziRRFEVzttn2wgv+r6+3lwdBW1NzsdwwZszYej1SkR5jXGrZVFUsKQkIhgcry1cvX7dmFUlinIVhgRCwH9atWf3hkkUzZs6RUgoidRbwpt7e7Xece+onTznkkIO+/4NrhBSAVBuuMkICKZDqw9V+3j8wOAwAXG/oRju38phjjzvllFORIwAKkorQMpbNTc1D/YP3/OUuEccmIUcECEySEIKEEIwxAMYYgySDAIgQxRFn7LU3Ftxxxx3nnH3Wgfvt19U1hjGs1mpxVBuqDHeyjif/+9++3r5CsYSMberpGa4ON3W2t7Z3trS2jOkaq6aPJDGu2BVLxQIA7Lbn7j3X/+DZp5+Zt+9+Bx98cKlUqkcxEcWx4AwBgCQEARcyLjeUC4VCoVAYGES1ZRgASMqoLngQnnLKqQzxgQceCMOCij8RcfFHH4VBobOjUwjBGfvPo/99/rnndpg7lxUL7324RAhRGRp87LFHFry1cJ95+82YPkUIEYbh4ODQnXf+qVarzJw969777tt7nz1FJK6/+to5s2d//otffPutBWPHjZm3z7w/3nrbhvXd37n88npcjSLBAx4L8e//PDI0NHDGmWdIgE2bevbac88fXn/9lVdedcYZpyPCV7962ceOPapSqQDjnBFDJolkHO+8046XX/4tAMY4D1iAnDFkAJIjYwxLpfJrr8//7uXfqccxaK1KQENDg/95+N/1WlSpVSZPnFKvD1eqtTAIW1ubEWLlEzBkPAgAQEraauaMK7/73RNPOEkKETLGOSHJWIif/uxn+x1w4KGHHVKrV087/cwf/uAHJxxzXOeYzmotKoScc3xj/utf//o37r333nXr1r380kuTJ06YNGH8p846+0c/vO4///r3eRd9tlAId99zl9/devOvfzvp4osuDgKs1es//slP25pbzzj9k/fc88df33zT1ddcx3jouGFJ5GiUUqINRlD6OTeNhpDJOW9Jns5pm9X8yaIZN54xvnTSImsr/IV/5P+U+qyTBB6kWhGnlHcukK6tSdn3FBkyLkTGQuTiYjW8KRQYQD1oTJo3Z3BHPaN/Q7dMgNEueGogs6VffZeutvfnz7e8Ovj0cbLOEAEAQ4vd5pyeLF/lG+W0jQZvbVJu/nr0gf3Li3PcRHlm6C3tHDPBpDOWvU9pcicwuJNjlhWMjoLnrdrBkoHsDI/ajZ2yEbw25wixfIDQYeMMBVICpd0cu37BYUmZk3N3McrGveku1Dfv4NUMqOrJ5MCxrPPqjbtllzOf6g0FCKD3kKeCeS+AIHC+KAbHbJ7H1znmMT8EzV8pnXzdLCI5MjnKU54eSd5nQOlYApB5gUBObxmTQQ7Hbi4E9fYFpMI26w5b/nNXtxg09G9gSaB0jFMK9/gTHPK685sF0hgV81Oy99KzNWk2zXK++9mfWekhonBAKal/oA4gWppK7kOO5tThXwL4/6Q1s6A6pHbNlvdIOqQa6Rr5/FuHTm4aw4l0E1ojeDhlR/QfNoxng/VsIGq6z4ELAYECRqUCT86MSKk6qx7Na65cXUUAjsVH3TJZJOW9pAqdxR4GmqRIb4B3+89Grg5kumypY1FrKnQGFEa0yr49k3ZkdcQIAkMikvVIdHZ1dnV1AkAsQUhSZ6kQpd0JR1jNjJh1GiBBACIirlq3tlKtHnH4EbGIh4aGmxob+/p7GeP9fb1CiGqtxjmvDA0WCgWevB+SwkKhWq098+wzc2Zvvc2cmdVqjSGSTKoS5pQnNaqCnpARUSSp3FD+3AUXd3a0H37IgQZQCVCvxZIEA2xoaOCc2TlGLBYKqllzaytn/LmnnmEhBoUiR0ZEcb1eqQxPmz51zjZzuFqmDCCJdtl5p1133rmxqbFaq61du1YS1Wv1gf5BxnipoVwohERUE7EkCYiBrm6BlkGGsP8BB+65156Qd/X1D3HOpbIuumbKEJFkV2cn57yhzLNPBZwDwNDQwMMP//Pkj5+AiEODgwFjDFkkq5yxarX6wIP/AA6vvvHqQQceVItrF3/x0q9++askiTFWKhSVgeWcFUKudrfGgp586qkbf/qTgIeXf+eK+a+99tWvXHrRxRfvO2+/puYmAIiiKI5jQCqEYTEMF7z55ttvLewf6Hv+hefff//94084CQCEjAGQE4VBiAg9Pf2FUrGjs52Ioiia/8b8rjFd06ZO45wPDQ//5a9/mTRx4jXfu6prXFdPby9HVigWrr/hhx8uWhIGHBGFFGEhfPOtt598/L9nnXVWtVYfHB7ee6+9X3j+ucf+858Z06cMDQ4NDA719ffJWFSGhm+59fd77L3Hx44+aiAeaGpoeOrZ5++8865DDj1k7z13jeJ4bEc7AAghYlHbsH7d2LETy41lXghDCBVVYyEAoKGhYdttt912221z50tdw/VhIeoEEkCf/DwwOGnilB/dcMPG7u6oVi83NqzbsKpnU3fAg9NOO3P33fcixJBjWAiDUhEAGOcH7Lv/AfvuDwArV64qlIrFYhhwfsstt7z22isPPvQwD1lApdNPP+X3v7v5q9/4+p/vvrNWi5BzhvjuuwsbysXp06YsHNs+aeqU5qZGADj9tE9Mnjy+qbmpGkV/uuOuuTvvdMbJp9x5x+3HHPPx6dPGvbPww9ffeP3ee+6dNnV8e0fLpV/4/Jp1m6ZPGR/FxLmr+ZR9dU+80z5R7t4yXyGTc4QbaQFIYgMybrSvwpPGBOBk3Uz84pUoSOsxMxzYJk70YQBF70AVRy27MFsPQPtpGc2aSnfat+yBo2kTf8rLwFpotWYmTZAEUEMvL462xsmluYu8PjoFU0G0Y9Zcb8ClVPpH4yug0bmaFSziSUhg0moOAd1lb46rlx49GSMPWkq1zSxSJkpNCRnwnDY5Pmy2mOMM55rjlI+UA2R2aMM2ec5ieukWpN1Q16Uxd+3hk+QB5kLr3TH9pMKwVBXFfzARtpQoplccesN4pTzNLwokIkJna1JO2sV/ygKptQpluMJKjVnYlp0djbITPNgFh96gPqZEfixkA1KyH1Jzi6aYY3H06gQuhD7uXpigP6g6hVY+hiH1IOB40pZF3fXvdoWIEVD1FQ3d3O15FvYMbR22TCuu5KdELfr637421rZ3oCcn9kiXsxxmTDxOsyTE0SX2n5SCTd3PC0HJ5xZ/uYARMq2rfaXjC7KHHgKY3Z3ptIwvYmkdmLnsqd02/5unrPIEH4gQdWTvalGr4hLI0H6hgEPvYP3+hxcg0mnH7VoqB7mS6mYKRllwOjJm6RbJOmpnSnw2SxyEZGqceUOfMmZl5ggwpbcIedCYKMK9MoRzt8pkHI3/x0ui2i0I1lanSrAjopQd3bUzOVOQvbvFoLtEyECVjJk4R94g5mM6FCfnXPqUOQdkyBCoXo8IgDGGgIwhSTSs4h0DkA8wAEgESSTLxcLa9Rtu/cNts2fN3n6H7SvDQ2EQMM4Z5zFCLIFzXq/X29vaioVC94aNoBMRyPDJp5949plnr7/+xkLI63UIk4gRNQGSd8AgokwGRUSQRDwoffyE40HG/YMDeosWEICUIiwUOA9FPeKMcc6VLpYAA4ODQwNDBHTQQQfuvPMunDgrICIDSZIkQ844Y5xNmjilv79/cHCgo3NMEIYNpUYpxWD/AAuDUqk8fuyE7bbfobGpIQgLYVgoFEIhhZC0auXS4cHBsBBCMg2JXQmD8K47bnv/vXeiWOjal1QVxYZyQ29Pr5CyUCwiIiADEABUKpUjKf7+wD9KxQILGIF6caMEAiISQgwPDQVheO9f7zny0CP23HMvQGxuaQkLhXJjeeWaNcVy+Yaf/wg5/+Uvf3v3n+884+wzV61aOWH8JM6LvABCiFqtFjAWhGFYCOv1aN3aVW+8+cYDDzz0zsJ3pk7d6sovXTZv7z3nz3/tt7/7/VXXXNva2LzfPvsdftQR48ZNCAthW2tzXI+aG5ueevKplavWbtywfqCvb3iw1tbSpjiNM76xe1OpWOjesPHJx/47pqtrypSpiPj8Cy+++sorZ5x6+thxY9asXfPD669/a8FbV1111ZSpk6SQE8eNA4D1GzZsXN8zduyEzo4OIeIwDIcrw3/7x99bWlp322XXJx5/YtKEiaWwdOsttx525GGnfepTG3s2rF6xfM2KNRs2bLzgwgs29mz41a9+PnXytB122ObJp5+58soru9o6/u+ii8Mw2NTb+9KLL/z9/vseeeTRXXbd8ztXXP3wQw/+9MfXP/fsk4ccdNjOc3eaOWtWY3NTvVZf+M47r778shBSSElAiuyIyBmTkqSIGhsaFrz5RhiEhbCoZAkAhIhb2tq23347JRwrli/v6+4ZM24sAGy3zQ7bbr19FNW7xo5hAWfIAUAIUScikIWwEARBqVyux/Le+++/+ntXfeHiLx64/759/YNBGE6dOvlb3/7WhRd8bu4uO3/u3HOR8/Vr1vzmN7/+xImfLJWK3Ru7165Zs3T5qva2FiK57/77DQ4PLv3oo1v/cOtuu+1x6ecv+t1vf//44/897zNnIgIDWrFq1ZSp4994/Y2GYlNjYxkAGIOkJOaow2TzYSKCKV/NDQNyFWdafSV/0UlZ+UoSE+82vd7fVzUpizCyXrVLCwkyWnRUdbwFOj2x2Nb2Z1r7e7d8FDZntM1l4w9K3/9fLu0pAVgvA0fC0z6V92Pi/2R+IuuObY682StjnGCELhx65sPvlwJoCzykLSUlprcLjvSgC7jbJpVuycUwBymPcf1gcqSxU1mTTHt/bARwQpTR+k3iHEg/bsFz44HMWzPBa7klF6Yp4dy0i+4TgLy2BKmczf966Q5H8H5yJ3l0xh/5V5syyANjlG4cRTriwM5msFG0tGmcXrKb08YF2N86PhKcufdSnOTbF/Qh8QQZM4cAOY/l1AadfJOrCDUUOqLzY5ORClp5qup/uVLAj2QmnOFywgCNTtIER2B1jaoOJ1C584gQRfEHS9YWQh4LkkQkVfY5n4tGPyMwH8uRg0MT8+d1u0V0TeqfuTOErtRahrEtbXbBT5GaoiHmzbrt03zzN36Y/knXr/0IFklSTKj23qnh9Y9uMsbuQ/L3UkMOWuamD60X+Fl6WI/Jjp5KxDq62yUIgDqIQj+sgSACsMjqzn1WJNu/4zs52lkCMoCA8+QMTEgSVlIigdTZveTBFA76LjGSCAKQOMOnnn7+vnv++ttb/sAQ6vW4VAoBFNHVIla46093vfjC88Uy/89/Hj7ppNMBICgUVixfes3V3+vqHHfcx44artWDMGRcIaZSg2o5MFLCtagJgIgYS6JYcBIsOeEYgWM9Fn+8/c5XX36pva3t1VdenDxlq6aWVgU3Z/jaq/N/fdPNYcgRCRFFHAMQEjCm3taBQFiv16M4jmU0PFy7/ie/3Gm7OZV6BDJWEcjq1asXLXr/6SefSPQvEmdcShEWg7cXvNHfH6kZTxY/IEqA7u6NlcpwLaJYxFKAICGFBJAkqaGxiWJRq9UqlToAcETkgSRsaCxe+oWv/uc//3rzjflhsZBMBaptKQhEJKgWVbvXb/rBdT8cO24sADzz7DMvvPjSgw/888ijT3ziqSf+ePsd3/nm984+87TOMWNuvf2WSrX2ixt/9Pf7/tzW2hwEoUR+4sc/+fHjj3vm6Wduu/W2latWNbe1jRk78aKLLjni8EPHj+uUAPPmzZs9e+t/Pfqff/z9oQce/OfjT/57cLh21jkXnPuZs2vVoUqtesRRRx926MHdPX1tLa3Van2XnefW6lEYFAYGB6+//vp3Fr5dCgv1enTKaaeOGzt2U0/PTTf/uhAWjz3m2H899NA13/9BVIu+8IVLDz30YCLq6+9/5JF/v/ba6x8tWbJi+erPf/HLDY3lgYGB5ubmj5YsefXlF0888eOFYvDcs8+c/9nzx0+asOde8+bN22v+/Pl/uftPi9/7YLsdd41j0dLSfMH5Fz322GOAslarPfjQP/v7+q753rU77LDdQw8++Ktf3bRhw8b2jq4zPvWZE086eYftZs3dcbu5u8z972OP3XjjjzkLvvH1b55y2iejev2N19/49c2/LZcKwEDGEhF5wBgLOOch5wDQ0NCwcf26gaGhoeEKAKhTjqvV+ooVy6WUvb09d95555//dPf6detnb70tAXAO8+cvuPP227o6ujasWjd1ylQAUKurgSEWkID6evsefeTfH3zwwWGHHfX1b3ytVq8VgoBIxgJPP+305UtX/OwnP16zcuW3Lr+8t693z933OfX004lo2tTpcV1c/o2vl8rlSmWIcx5wXqtVm1vaDz/yqMnTp3z78is6x4+LJc2eNePM08/8/e9ueuzRrd55a8HHTz51bFdrLIgxlXkkh8W0kCmBs6U/z7joQp7RZn45xbX0iflzXQ7HIug/Jg1tFJXfjafxk9+0Rwpgdicaq0laqWNiWRDAvAzB15NWvVOyxAJQq27fymNaRXvYJv04Fs0ArgHQ8JlqiVH7hr5eIUU/5FggNAdMkE+VFBgOsRwfzqVgOqbynOt8P8woYXB+JTNkkrZwTKWNG73QCBwPSRkgtTQHHWitr+ZCbbpLADBVIDODAJSCPC8qw+xPLvoegvYpb2i3cergFtfbsXUrdDF3ikrogK7XEFj7m92plWIL0CzrxJMp98w/ptgUXsj1iX2HyssyWQ40UwzgMoxXlcrnLq+9T6scAmo43enW/xqsta+lKOcj7p8O7NCBzMYC44858wNgX6lD5lvaQVZksGhS+lfIcKCjdCy0Tn3Aae1/IscTcxgmCWi0nso5iAtwpOjUc9DJvHrETSIkYpWuMJPZSzlSaczKl3FYQS+dQPJmxaQtwMKc9JG/EQ99jnUUJrrxtl9x9kQYzRS7Wt2PTSjVj8MVbqSWCpUtSGogXw9YBM3sZ0JQfwYBTBiBHv0twOkQzFfg3ptJAAAIgDFsKBfCIEg2TKXYmpzm6NzJu1xaecrQ5XRFuGSCvLse3O4Hsrov6Vw7J3nrbx34Ukmp9OYa8llZ091XdRmc83g8FdC6aBuLDkbTI0aEsbZ2CG5M6AyhOdA1mSnaaxZIA5OGxHtO964k3dVmWfl17Cv6TwNkOMP8ClqkXVZ3ZDx1GbmToAI7BRgCgDqlUG/8TCiVnQF0eldqtB7T+PGTvvqNbx551NHVeszDAgBKQQ2NjWecdnqtVgOAMWPHDddFNY5OPe2s0884ox4LSSwICscf/4kdd9o1CHi9KtXi1XTC2NFojKFQwSgBIgqJREztS1QYcUadY8Ygsr6BwV123/tjx53Q2tIkpGQIiGzylCkHHXIwMIzjSEoBoFa8gnqLo+JJKYWIBSGFhVJ7R3skCRlnDGMhGGM7zt2jrW38nnvuCSA5Y4AQMCZJhoVgu+12WrN2E+NcAkgCAqZI9bETTzvooAO2nTMriiMRS9IvfhSx4AEnAuDhVlttBcgIATkngFiIr1/21QMP2HflqlWAKIlICrM1hTEMOZdSTJ06Y9/99pZCcM5FTEuXr9pn/8M/ddanFy/58P8u/uqRhx9WrdVPOuGEvffc44mnn3799fkb1q8lEiSgobGloamJc04sKDe17Ln39KOOOGzHHXdsb20CgCgWABATdXV1nHX66UcfceT7H7z//DPPvvLq/K4xYxhn5YbGU049c5/9Dtht7vZmnmoxVau1YiEAFkzbamb3pr4JEycectCB8/bdJxIQSTr8iCM//amzZ2+3zRPPPTNr9rbnfubsAw/cT7F8Y2MDYbCue1NH17jjjj/p6GMOl1IyxolkZ2fXRRd/fte5O9ei2jmfOf+Io49u72g777zzgjB44B8PiJjtue8BHz/p5KnTpg7+f7T9d7wkRdU/jp9T3T0zN4e9m3NkYVkyC2wiJ1GSiDmCgeDzIKiIIkoQRH1EERUkKaJkyTlnWOLmhc2JjTeHCd1d5/dH5e6eu+vn+/q1snemp7rq1KkT3udU6P7iqFGjvnXWWTGPwzA8/fQzPvPpUw855OAwigfKYaGm6Qtf/NRJnzlh2tQpDKFUKo0cOeJb3/j6Z076zCuvvvzOgg+GjRwVxYQsmD1n7pC2YZ7vIQICeowxjzHGfN/z0At8Pwj8DZs2Pf3U8yPHjAIAQA8ApkyZ+pWvfIOAGGObt22vb2k7/7Qzxo4dFcVxoVBoamwcqMQr163/1lnfOeywWZzI9z21aA0aG+o//8UvVsLyUUcee+bnz2xsri8Vy37gxzGFMfdzNRdfcsmESRO3b9/R3NSwxx7Trrjily0tTWFEhxx62OW/umrDhg2lUjmsVLzAowqwnH/afgef+Kmjy+Xwc58/M4wqUcxzucI3vvn10WNHr1u34etnfefIw+cRJw9RTN46MMAyIRaGSVsCvVKHpEmwntRRqzR34nBDF+xJh6ANpKw0y+G5jVcBVc5PwhyiHZFmutIMI5z45PppExslIw2DHtystrVIbze2Wtn025C+GgoYvApFgKY9C5NXJyBNreV6kgtk7KMd5T9VAGqKBjt36uzNS0G0FD1OkEMWDKiSy3bAqKk5FYXuBo9QgRfU3xXU1tQlYLrz0V0RkG6SpBBkOOAM6Km7M/iUpl1SU+g2SxkPkHsnsZStCg93fVlQbTcfTm3v0lL+X7a+28VTZ244DWaPXJKHmPyawWQVCmZ2xDFB+p4zEoN2KKGMCRyJkD54RYZJiWr++yG2HraF3bQ8KK0ZvysDoc2urJQsqa5KgvUcQMI/QOIlw+noF5JDXbWhdPIrkZbKKGm1i2rfSIZ4ZdnVrHDUNKTcrijIGHIrTexGP6leVelhZnZAkU9JAI+6I9Udivhd3UlaTdEFzrmdgzbGVeQ4LABiTy0mQmRn9tJONcjl2KaMzeqMU+YSjj+LEQAQx/Dsy8sHKtHx86fX1eUroXIQqKKuRIbYyAMBIKUZpDuopdU9cCKx00A/YvdePpsVSINGZlrgLcgDxlhpH22GLZEXsUy1pXm6eRcxGhZT0uiqPISpQ8aAXKVzCACIEw+CgMcxQ/A8ZIi+L0+RpZhiiju7e3gc19XU5+tqSuUQABnwwPOAsSiKGWMeIjLZQT1lINikpAi4+JerUx7tFwcTRySguLe7J4yi2pra5tYWHscA5CEyxnwvyerBr5CgHJJIuXEihtTX0xME+SEt9emKOEFfb29NfZ18jzcRJ8oF3o72ruFtzYO0snbd5ubmxiBfExMwhgiECPmc7+8WsVSphIBesVzu7enNFQr1TQ0DA6W6fB4oisOIAPP1tVEMlVKpUi5HccQjXijkCzWFXBDEcVwulRob6kUIH4YVTuB5no8YE4RhBRGDIMcYliPq6e7J5XO+5wNSHPKIAzDwIPaQABlhAICEhEjEeVgue35QU1sbxhCFoe9hPvAZg4Fy2N3V0dzQWF9XE8cxEfc8HxGLpXJnV5fvB21DWhkCJyLOSe10DSOqRKHv5aKYojDyPATgxf6+zs6OQm1t27ChjPlRWGGIvseIGCEUAgYA/eWIOJXKxfJAedjwoYEHpWIREMQJE4iUz9cAQCXkHCCMiTgUarzcbnB+586umrpCPp+PKhHzGCco9vfV19cDUndvTxzx+obGmkIujmMPWUy0c2d7/0Df2FFj8vkg5hxATs+JN9xWogpjnuhsuVLxPJ+I4hhiDlHMfZ/VFrzunoF8PvCAPI9FccQxAPR8H8IwinlMnHvI4ogToh8ExHnMIWCIiDERJwp8rybHSmFUCPww4hEnpsysPBILEojDsjaWZ1amRO5Ll0ZKGSRjUqziKq1H4qNtEyUCUKY+YbIs25flYi2zpuNbNScgjDpagZK10AutopowsD2OeheNdmaSEOOvnA44ltzEHWbeiZyHwSpNqCZbFZuFYXPQteG6xaUs76FttSbFJpWs5o3F16SmAgkE7QdJ0WFTAOlHrI45ft8pVgWgZ+b1KesRTB6k5PTaoU2VMR20QapGEa6LtOlMLvWywEmiRe1Tk2GwAmWpPhih1y9ckz8qj27ToJq2cve2EtglQQ43qjGzm7axlxJzNU+r0V6Kt47A6e9JZkpA5EivC0gSIksAjvxYFWroapZUk6nR6hhqITY1WCwyI6IMgit/sjOqDADYiQOy9c8m0mKiYgC4l4ziUqLlpOfs4o5Ku0TqoXKELlmDsdhW93XSzNFFh2aNr5xRdsdF22JDXvWEmj0xmFxHUGXCxk6DWs2SMTtKJBKG15GrhLAZah3pVZWa4NN+Not7GbQ5A2bHI6l5UVuqtaCSvbLDdpgESSXRBAjPm0b4AKJRI/AyikB59AKHfI7t7Oz/899fI8CLzp5fU5sjAiZWG2KCvabx1LZfgOQsnSxmJzoTbALAtNoJZUxNjJphhQSDRfxpIkmt46pyZXY1600VifjTclKu0VR12OlVGd0Ntr3U4ldKJQYGwjDmdTU5QOSGdj380pYlxjKzZkWJNHi6C4llzYyxVK8NY6yUh3EVtm7byM38SInbYA2VfY4FOgOYMMFSw8WwEbiBppEqC3QZjy2GAgDk/B4QB66iPzGPEhN4jHlIHkNEQAAR2HAOzEMx518JKYxjAhRAy0cg4oAeQ0QG4vWZaJHj8ARMCEpyc54kjEsxjH0G4vQaIopjDogek/Ew2vianL+qRVThLsRERCwG4CT7CxQXfI+Ih1HMuXRL4mhUxjDwmOexSkzcOsUAkfIBCytRGMUeE/ZAekzOpUkv1ARRyMuRWVTNEIg4Q/A99JCB3rss5gNUOkm8uIU4RQTImMc8znmpEnlMHC4X+QwjDmXOEL28Dz4DJt5PisA5AYDvoYo8Q86JMWGwQJxIxDmP4ziMgAN6vhd4XhjHUSTeicJiTgTkI2fAYwKCABA5cATyED0GnKAUSbljQB4C5xwZq6nxEaBcKjPEwGeMeQmLpdFazIE4AFIYiQPDWRgREBFwz8Nc4AUBI4JKGBGAz9QhN8gIiHMOQDEhAPq+5zMslytxWPF9z/clE+KYYoqJPM/3Yo4xB0DknHMgD4EBeECI6HsIKA5DJkTgBMiY73kxQRRzJIg4AbB8gFHEGYPAZ0KYOOeMMeEIdAfjmBiz9Nq6OInomgntiGOIiThBFHHGyPe8OA4ZEAD3mMfRq8TIEALfQroACBhxzpVigDxJGoE4IuQCL+YRAjLxpl8OiGIphPCBGs66RgpEasFpyNjrTLOsXZoO87RDB/ev257zi8Ya1YFOEmLoxq0nSAVQTuMuhjROQPoDBA1us3Cee5OS3UogXEGQMK7SaaL5yY0/QebWLLhihwOgj4QSFLq4MMEnEzFmeQSbQmvbiEs6AdjsM6GFBt8ad2RF8nY9DrISnZXDm6Ynk0hVTxLxp2LmtLjo0VZPOBs7q4tX9tAnf9U8yXyEZAE5gIiQpMcxBlS90TSLUm2p21I9HU+nC2t50mGo2sNj6YklWGas7ZvZNFrdsZ9N/JaJalTgBGSOTrWJtFceO8JqvX7QCR7UHYe/pqwZNoKULFlk28hePubkBWQPKPWgrhBtw6p7bUmgetSIt+mOCWZ0ObCtiIblVYTTWBZztjBaRjWFPhMnQlnahaZMFki2qdWqrbIwYBblovhJ21ddqxoY80pFi8OZBkIh8UTSJ6FElKEuVgRkc8/4A6vLanY0Yaoc7bWDYauZhLEit6R+0JqAS9ZgJhWtuMkqiZCUOUvThZZzyOVYR1fxlrveAh6d87X5dXUB5+BZUMQJdqqfQoTWRLGJiawA0JSzqgPHP1tewNEycOy3y0rkxJ2OylOLjBs38acjkJToTzpcNJmARJrQdnAZIXRWTxNxOQHJi5GpWVsgsgq6WpRVs8l92jgAIEFZVvxpPZiwTmQyb+YZi/W7EG7IKm2n/ZNmyPEzelxI/ycptVEEqUrQ5heBDsyIiIgTep6HgAAeAkMABqhcRcwpjrnA0+JtIlw8yQkRPYYMkaGYAFQ6ozqiLaIYQdM0ERByxUVAQiCKOSdORIwhY57vMcbA88BL6AOCxQbHsHIiIvFSGRl8xirHEscxACFjCCicMYqwFoE4JyJknh4L0RyPY99D30PGNCgAUDEt51CJIkQEZDrDiAgMgSEgkI4YwdZvAhBxOwDnFHOIYgpjDoAMMZaxJTAEQoyJcQKgGIkYEgCKaNn3PFEJAojXnYogDxEQPSDgxDkRJ+SAYcQ5J0AQL2aNCZChh8CARNTCgZGwc4Ccx5xzBAZMcF2u7BZDzDmgB3lfxu1MtM0pIkIAhoBMuiZOEHOIOSdCzikmkbAT4RxxHhNxZOgxsZGZGOrslTjkCQAwBogiTpwYQ48Bqjc1aEgRxSAiT4ZAgGJLJEMZRXsgj5uxXD/EMYUxAUMEIEIOwDkRjwM54x8TkOcxX0xnAwJRHHMiQmSi/kTwyblUe4YoZ/gJOMkInINgAvkMEYgxoQKMA3IiVBP0UtmAIZLHmEEngIgozuESi9g95rwnirRlNCuYbOdodMRSGnlAkT0hRtK2GIeNDiCw/XrKhtmX6901Wanf3cI2mrJ6oJLdVmmyC2Qtc1KzwRofJcitYofV3ZST0pvT0o/Y0yPKr1snCGhMZieKyWb8bsWfmSnzbIgDjjHUv9p+odojzqwOJkcNzDRWCqnbgNulM8n5zEd2M/50I4rkr1WuzKHX1Nie3Yke0o/o+BOUrweNOzIeyRAV1wplkGehdfGbxeuk0NqZajNsthLZ/RIlmMakDg0popTckSEKLMIM86vEn0TOIV/Z4pde0aDqTNLmvAHSTrRgqieOmmmGV48/xVcrp5AWvarxJ+lJfJdYMo8QgS1T1vCLesy8rgacFm/TQm6/2ybDimpRcQNj65OxDIPHn3aAoUXdkUu1HMNBZaYdFwxjKjtmGydwOJyt/gbg271xnIczfGZpD+qOk345hGXElKhbBtaSN7KasXxOlojahhGUVbCGVdeJiqtJrbHa0H0VlRKQ52EU8uWrdiDFe00bEfhMGnCjQ9kOLYOdFmGJSNLKRia9uL3yKTO4TQaltr1DgXV0eTIPJINCS0ns+VKrDdLjan51j70SdxSlRm51YKUsos7zWcbUSgsBEHHgnAiIE7NHyOWjxSdUbiIrHWx6aGJYoykZXi1933USCd02/FUssuNPpyHXZIAzHPqT9f4Vw16zBT+RKpKrqC2FSXbHMjsiDiQRBqkuIQAiCATPmCYeRLQYE8QExNXrGFAiVLFXUi8GQMle44wEs0lOSsiqiNRqDL36TpoEtV4MERE8hgzBQ2CMTM4tpai6hyLg5Fwafy5wu2rNthAIilrReZKxq+QlylESrLCmdlEzUm4WFeEoN5uCEIkhMAYeyHd+2n5KTIISQUwIRFEMnEOchPmk/8hBEXxmwAA8hh4KH+9AHe0ZUdJGnFDEgSIiEpWYJxh4GuQQyalpWacFQBUxggAPwZNDA4zJ52W8yIAAgcv4kwNxEYMJYZPDhgyAIdfowJPeWmcukMjwlki8nUse36RwiIq+QCIB2SEmDssGhuCpz7YKqOAQCCCKycY2COAheD4xO5npzkChSrCoH8nmE+gV5s7/ifRyBctMSR+ks7jax4rXzwKgcNsMPBRpDJFckHILoGRVdcI11bZtVudlKLVBmwxFlFFZDQXSQYgSHht7GQ2Xo6LW3dmcsp4X5kR7ZCX2Znc9mhqM+U1WowyqwkFo3QSVnXfLuuGWMpJa0SxHoIGQKanvIWhSjYwAWMbFgi+G23o3iIMryemGmP23CLapTyKJTMChPanrUmmQR9LBJ6mSBgsY42RbXHL8qJz3dZrI8kFKytSoaReppNPa32h3wfKkGcA93ah43Pa/9qyReFDTh2hkyQYYBkeo3ifQp9MF2zkkKUngG7QYa7omAZaezDfSkBhZm6VOf21jBKBqMr4nyScpd8oHmP5qPqnnFT+VHFP6V9WwPRxGiA2XbDptawMWe63BsrikZNMKaa1Y0m5WVKsQhk2OIllaXC2N8jnVESkhjog69Oi60rhRt6bNQkL1HGCpuV9dwXWTDp8hzdhEPabzgxGQvNCVJVv7zPijgnSiHctY6OYUIFHRo23QtAeRDgVNrcq12ASoW7KQGBV75JMvRIHUnJ4RLgvJ2T4uNQA2L5KdsjqUfESnCdxlz2i3lcAlSgpdk2+eZGJhmmepD0q8iRlU6e5l98whOeH7lD7aq34Mue5qWbdaxexEUwgE5MuPdteSzsK6pGirtalkiY7e6JL1cJYfUFWRC+Xsp6pwhwA2b+3kHEYMa0SGtvNXCOf/4VJqa5GXvXgJXOl0bZBTG6SAmq2NAjYmH3TGymQ69E2ssjTOrIjTj9u8MB7Vrh/U2GtfagyuKisoUJBSvzJadkL8XzeoxdHig6tRqKVYZxTMMgqJhRkxArk4UuNPckjVnRP0SCLJtCMqBgCOACrstHsNBicpGyd/kyE3AYiQSRaUfVRwANCixnLkBAjAADgCAyAmn9DujAg4AnJgCMQA1UuFCTgptC+WQJO1YlDvogbdNUyymdS/rlEGfeKMPsIXSLIaUZ43JZyGOrLJhF7iFw6g106Jn/SrkO3BJSXRXESRenMWlw7dRuMEMtpiIJd0I4BYpyxuoCLW/EWxwlsG0qjVHh3+W9oiakQGclAQFfQiMkGOTkkTqcX8ZC8sIgDiwOXcNZLklsUEM0IgbUGKQZZ9Ie0JWGKLGBjypPNVMaLopYY9Og+i+60aVq1olmRFi0nOOr7fAgFAei4uoXtuVYZphqSk5bRclnEd6i8mapXfEx0EQJF9s2donYfQYbQys5qEZDO7eyWeMx3NXryjSqV+c80hWE4UM352HtN1adimm9hFr+yATd8hvdIp61FM/M2mKdEpu3Bq8J05HE2VXZjSkmpFHW7TaQl0n/1/HWfzrFGEpMdUzbnUuwQ45A7CRPfB7IKYHIz/rnOZiMjRLdvlJ24Zj5Z43k1E7KKL1a8sLU42NQgeTZT8fyTCeZayBtQmICFpicC+OidsMZJhkzXu0iU5be12f5xxsGnb3QpUeYcAk8dJuAW32aR6Vg9pqhI1iAlNrASRH1A6SA0ApNEnCSmqCUx6lMXlpkZBTQw4OaX0uGe2sktxFQVsu53JMbJsftJr2M4TY6K4whHAl2l1V4ic3lMqnqluSxKipHeiUsocOCOQ7r61Qib1iO8EQgKcOdPAqg4uxMzYCzsE5cCBu6k4EVkis5MVYJNh3LeaR9OoQq8vshggQDERAVEU0avvrKmEeNrxe9fV+XFkT3OTu8nHNRxqwA0+0wkkjSDlfFwG01yAlPXT7thKUvMCVmHmLgWpZsnEkwhYRWSUZDopCgurGQQgZNTwQs8gkjjFxeyaIgJ1gJDJiKig23lQJrqZIl4SokbBZrqC/g5yQQLGDFDSMICYxXoGKLNIBHKDqLSUthVW5gQBiFTwKTqjyBUkyGDGWoOEDh+QxMpcSSkBATFraMzR5dooahlWBgQBSOmlTK2iIp4r547inZSSSDFtyICIAXEghs5yENVNEVqijBsBkLiQEGTEVY7RMqpCs/WsknhQDhggU+aLWbzkKMfFmGICMSaGDhnaqfPrSTUqdQpFh+WkumCy8rzMWgcrB4IA5Sk6JAGyWQ9HKKaXSM76Epkh0wNCIhMnBUZBbTWmSu4MP4krUQHj0JQMSBGVSRbxxloEEEOnNCuRddPrE9TQSskTIa6QI6ZllmnrIR9TbCY1ynp4QGeBmV5ZAPY6MrHrE/TWaZENRbPExVxMqbBzV9FgJYUMN2SPufFj6aWg2rypyvRaLYdFxkI5d90i6lgK8VWft2uvA7QotF0GUkpZZPeqwUpQ4oD2Vz0rhZqJ8kPC1AvRNrF1lhdIRFzJIFxrmJVyk7/bqyiSBMsnVUDg+A6lGdx934nt8Y1ptcJRZZ+0xQa0+kYpRGQ7PvEWdWXaVS+ECVZlpJ81YAB1JfYEfbqzoNGJeJSpBZ1JnqcmXnQrui39qz2UdlpBfTQcRbdM4qqa6Ulqn2VThDwlDYhuRQibcYUO181CzfSSNKYRUZIk21omftBEaeYoUVFdQKXhRi3djb7OJkOZ1Usn8RPfNT9sBXRqNX2xJU1tiQJkLo/JGAgJBNJWTomTPUlNbqNSR1Jik8ikmA9aisQaJII0q+0a0mGbdnSQZbIzLr22ynRdODyrO2kZEAObdTyKFXyarzog4JyDNfhC+5RiWuW1phgLJv+1h89YCYss05m0lpnSxvYzJaUaeSCKlVGyIZvIKpf0NFme0HHCblUkThxUQmJJasqeuAMhlFY/RWa62Omj23e3Hl0dgcfACzyxVwxTVaS76nxTK7XQaSwDMDg0cdt0KzqsHmTMgloxg/2ID9qgoLVsyFhsx66ZBTwCuMuAsFpfFbnqg+t+kxcauUy4ttTaEsId7aXeUhzFnDl8EAje2IIM2a5Cppru0HNFg12OZoh1ca6cJcyU6wItwU7vHXKHXYfnYNhCDoOchTXK3aBT3FCtf5e2JyuoUWWF+VEAUCIcStgDAj0/yYA4AFPZjExWqYhJtkB6uNQSBINYzLgqKIBIIn5gciGioYQDx8QAqzZAhHOai7oBBWDUZ0SwGaJMoFn1C3pMUc8wqvYT42j5XAkaUCwTV/9xQEZkrw3hQIQqQjG9QJCxsRwO/ZtIEjApsKjmbIVmcjU6VpMWe9Qt1WMEPQYAAITM9E1MRBMAEXE3qFYSpXe2EQAARw4gTruVRZTQiLBQE6aDdltaEUjnAuyIQhMvgLPsvuKtM+4kKFKxpuKLYiBwvcddOwVJm9WoWM6qF3okPCXpJS6mYc5tBgtzgkwx2/hLVYQJmhTe0AkO6ZqcuU1Sw6QMjV5wmxxSsAw8mH+tyTNVk6WYjs2xJTtpxVRQasMy/RRpcyHVw3WD5qsMwPVSOclScC45AsmErXqPp1XQosR1ocYNWJXadxTtbqKbVFeF7Nhmw4pBHWydNqGWDTH3xFDKP7YVt9c02TzPzrjb1VZdoZN1kc3tBNB0OAJEthfVfxI3NWeS4WV1Ciz3kM5yp5Gc/WBC2gdrhBzGpMFQ1arQ8J/MYnI5Ltmd0zKAkBhVsDme7KYV+GT0xllbbntT25InuK1lM6s5hxXqMD3Zig3WdU+5a6OtDok/BIDM/kGVcwoLnmgFclRUVaX2wVgd19/JqkjX7SyAt4CwUiA3i6Fuag+ZvKyER6Y+DSLTuguKeJtYU72tYhkCnxJOMN3VfkNnbtLiYldOduuS/0ne2qS7tVTTXy2xzj037+CQoshwXLd8SnUk1QrZNOpRTVRD+qbVbavfxqsIHOB6IcXRxLIPNUNjYWbDe3RpcQixiLeYLK1n0lZbMVjSVKaxmXjWNlMZZhpErE1d3SWkuKWlllsZ9uzBdHue8ifVr8x8SPYCGodYO2YEw2r5q69LSUQjAB3aJJpXspJlN0lBGUodsqdW3RnSTHpckm1jAEfududiDBEZxZGuQokbWIn71OVGdmij+Sw9UaY+Wway29idXmSVGdyhOgWrtJCw1wCWETN/LKOM2cAlAcYklywNtLNdzoOADAiZaQONwGGCQFMkjYCV1QRwpUoCUrC0RvbTWsWm+48AIGIg2R0jFgSgTrxR2QZSQT1a2UTJBpunDKx6JJLUxoqs53TUTIJcHdCQ9LicIzCS2UoyU5JmmZy0IGKBut4GYXUPwUokaN9AAEjcyhpIaszQJQZAqo1muElEWUEXAchZVhsm27ExkJi+RgIyi0/l5lFH8kDZGbAjKznoim6GmgCNgUjzQHNAMtkN/xlzpr+YNUvv9su4I2dcRU8Ve1jC28lekOyd+I1nZZjVumPdlvqPxMlQirtW3Ux1nwSvwU5igxzz1FOJSydzEWTMmHLeYFTY9sNJbGBYbfihZcCSBmt4VAUolEnvryB38U81G201Q6ADeIcc2bDdB1E8Yfkxg6QqF2LCO8ibFqFkIKxbksAUHvyyJonRegaT3Mt8VkuqBeNVlIKpxy2NkX2x198KX26Xd/2mvQ7AVKgfhXSLVgjqetXql4OGFcOTA1HlKVITnm5ha4xtryWeU7KcqN/iodMzu4fJMd/FWGVQrchzKrNBokmjuMsy3Rcw2HRY1swSV8gompyxTJHnDBi6P2TjKVuOtB1Juxe7nir3rUdcEJh8QLhnAHAkLSvVXVUVDQtQi5wzwWLzKKlR5HxODVZWx7JE5b8Busrp2ygokRFwu6tVXAOIaqJq8v3ZhFFyMXCKkgSTnIyJK9vVmgBbiEEZwt26MPkRxdof803/B7tWWOXPjIcywMdRB2dYq8Ys0tRY1kbLiR2C6n93afQUSa5xIiD0feztqzz+3DKi6IunHOj5LEb0EDI5mQ6OLLDp3qakZuiPRiqkV0+3ko5USWI10xP5wbdiS1AzG5jgrCZFfEhEtMZyGydHicS1INpawiGBvhV/W8aZnHto22hFJMVc5jz0/7lGS5hJgxls+yspT44G1xjFIFFCUqlDM9uR6DUw0lVYopngm81VhQ/SK0MESE3c1EwEa/RQU09J7ZXICdGEC2ZxCVq1pXJjpDlod17+JsITuaDOlNRaL8TSzsKmfKI+TULzT/+rZ5SsBdTat0qxJ7G6ywBEud5P2lv5D+i/liYoIQfTJVSn7iiFIgBEvbTUzmNplUbrpbiuGySVuLEXEqB66alK7osQFAjEzk9lASzSLZUW9Bh5VItP9QAlVRVIjY7qkmPhSTMeDT1iaOX0spIkNOlOI/niPSVSacmIvzEEVtOkxk8Ji2Up5GjYeADkml5EPXaGcsvSIBgKCJhSO91HvZNU2UhCSKxcRFByI2oxPQDTClk8txU3obIEcrmt1YJWMCI116pZyUhsN0VCtYZZzagpkpUiKLtjS5tmlz2s2ivaPtf8Id2IfYf0TVNVAgBqOUM9miY9rRYv2JZaESnkCkFtFiC7PpkL0PEASKsghsPNzlouXNKBxkQnYw/XwZsh0DsdNK3oDBepSTnLultrEe2CxrClY/VsYOE+b+gCi++QXDxpNSd+1uwg4+IynlB9zrppo5yEk1LtGap0QtmYU6l4tpqg0+VU/YYeTJopdfJVkr/2QDiGy1JGUkbV8ljKgiRaT0JqMDKeCPNQLIhwZ5id5R0JI6E+GtNtWyhztJflqrTmJdllvKLtjSxmmpv2lVhza382a/hdjXDNsHocQekyoQtu0vgSteJaEyL2CImPTkNoIzdTXEm17KMzLqnOpi7UvhdcZrriZ+QZrO6gNOpkXLLFYccIJkTIkhnTPzSIVqspuAOdju5sCVTy7DASHbequ2Rck4UdpFMDsApqmUybF4sb2sq7+uuoumUuSPFELoFMrSvQW46cPhheKj1C4xrQ1KkZrmw1KTCiSAHbJUqkSGCNMFifTIClIcRg8b/NTynjNgfcW0ZalBs1dxR+cuCz5LBrncjYDG0eDLetDIJo2yyAYAAEnKEXhtHKNdsRIYzI84mIOJoVbNUmvZXgV2UK2cJpS5bjNZzRR+th0EZe+dXk0gIC0QurDnugEhc6NLm/uG4s89LctHqXlNyqRocSXxCAeQCe5Ti14qpqLOeeXW2ycdBCYLSHtJFUnhidRhKWKqMhZyFNkoIqCEKTZMlzOjWU5J9toOwWKPHrLgiwOoGSfAtpUTJ/YvkYmwwlqWbfqC6R4rteUWj7Cgb6WfP6FlSrCxI12OSYz1xSS1ZHUamx7pCWHjUBmOibANGZWiYNnPH0qkqSD5tfHCotMKBiURmmcVWN5ro76ogAKFjDCJl2ebZTtMkToArJWs+gTlEFAGBIAMRk4Edm6loNCKKtWgDWPlmwPyCi8kWckGu2ykXFaNWbVnNrvZ2VbHRE12JFClroH20pIrchGf9bl3JOBKC2a2a6aE2Z87DD9WQ5cklTZW2SbFL17G/KeqTuKXtufqAEbWbaW9iuJKszyXY6AErprY4CgN5HatVhufkkvTIhZNau2xUmiErSg/Zfd+pWVmqVSfJIlJBhzGCXS7wVCaT1NZPcwWtPVlutFmlfMh6kpGeXMuOYZ+lHM4Y0mzxMjmoWPZD2NbvZ3V3x/L+5UvjAJoSyvW2Gl7QqTPyVraT8+CDqsdu9syMZtz7nht2FRIioadEA2uFGQusHBRKq3WqXse+70z8RHCaZTwDVlM623VXJSvFpsAutdMYuSXawk+UFM4pm5owGb2WXnE/UlpVEUH8H64ojny6YSEMLsspWvSirTHUa0l4fDPaxtVWjuAz4omqwh8/Rv+zmq/QCHami3X26ite229cmvir/UE+8VB9Qpw1K/GqVB4f4tEQpi4zmm6achIUo5LC+JsdYoq402VXua8mvUiC5BLlajdn+pbpgI+gUvPpXgerBFYsSDtIVTyfSRfMV1ZMp4hRyIyNO2RTISQ9gnp/zPC0GzhyHVASxNDAhUrYi6/Sfo1MSI5F8l6XNPqFlVlSB0hai7plpR98EAMza52nba2sXg77p4lijpwiE4NZnOmlDUwAEbqF4QCTxtobEs6htOgKYGC9t5+QYaVODcpLG2HcrQJWHjrrcRYtEUneMOic6ZOuEusXto0WVLbP/nwk1UBKHaqVpIoSwAjSlBgkDqgefdDdSIYsFjdPGy2xiYdYcK+gDV10MKMckeT/jkj2RDFTPDuaFKPOmJYGJbikihEih/YuWCrtCLk70SfDfMWH6ORtQGyOkP6lmxCjbsYjbQdI1EAE3YuAgN6Fb+oUlEt9J32nkRxp8Wcg1+OaTCM1lAQJHJck0xix6nYOSTGFrbTWiGQjDcVsxLBl35MUSWPWXlDCj1FXXFioabZkFh+8A+nVMug/JmWSSxi0lCKSgs+a+EVQ16FoLbKvkcp4ACLh4ZY3T70Q4rP7v4Hily0pX5X+2ihoIxVV0nBnZWIa+yq8WT0HmYyRtiguWlTMi5QZaqA2U+l1UaSXe1CuvXQXPkFFNT1rmlCZoNYCkDqeecOTLaEp2YYtPaiGGaQ4AgHN5Rkji4tx2IW62Sfobt2sZ9sp2BaqejKZS/RW7cLU8pBipLLIpkLBTJi/l5Eiq8kn/onFbosIEJWTZ9bR3SpTUn9C94dZPRABmbyQS2nzBXeVxUFGV1Vs0VkjTatOhz7tTHFBdq9qoAzvttHimLGXWYOzTIMLuXln0JOdPmAua1LDqvwimj0l1S1euWZZoOpEdywoYKHEzu5s2FZbwOLkPAgDinDhPNGKPgvCvtjxZEpBK6dt9yBximfAmi8QEjmD6gEtjXfWPsh8GImYl8cy3zMvxZSnyMh91UvW6y4bUVCV6WJOpEdIFDEZREYnqj1VSezMOxLk9VZp9JRiZ8GlUfVyqVJpAEprdul6nLsvDK+8NvgqTTI1VVB80cQTOwKqlSuY0tnRF1ios1VWnn5jZP8uQadABAIAMR7Y1FMM48DwAddgZWaXlyi201QON9Bj/lqTBJUTazMQqAzuAsTqUvmxbmWBsJsRRjyjNEi4eAVIKruvQpcRvg/rchA+yHVmCFDWmkBYIpeOkvSYIvlEysLXBVrIWLW5ofiR01ZvIBl3oUqya132ymMHBnAOa8NjJUVQNim1mzLDe7rkeF+uuXFgJHIiR7qb+kFiEAqDe9oHuojNVqWYTkbA9RlcR5Gk7JN7mAgKB6kAAzbqdBN3GHirhttYoAgChPPfELgVMkcNUH+UuR/vwFp17tJZwqTaVgHLFEVIiAqRYI3iu5Ie52MSSK6nLco7HyteYnqr10BkqavQXIDUXCNYAKYF2tdh4EhdWKBgsjRpZ8Y1aUFTNuSlXL0ow440t+2tgph4slFXaE8kWw9Q9nU1227cKy2X4quOOmKXZ4rAN7ZLSGdpUuxpuhNCUSRCNzOyZUE9g4nEC90U2ytxJFlGSWACAxGs81GJm0mdnWQYz6XeslfUZ/bL9c8IJgv5qiSjZ7xslvUbTaSJ9oVRp20mhdmruRSpFVeW4CYVyFKcSo66rBzU+aDri0uRgGzSLJI2y2o3uPrivVhyzKTFD4DZpaEveNObfBubJPZMp5O22apkmG2Zp6hOr8sn5RO7IyRFLtuE2qOxXoqdkdcTxT3bH7CFR2X/jvxy/b0u0xSlwUgDW3hzb/mg+qG1OGaOY2cts45hUxd2/qgpbsiHSRjVDgmxJQOfOrghDay+ZLK0TO8baYcYjqYosWjXEqNpski7hJeU0grBPNiBU3s314JkwscoIJRTVIkBbRS2YCh+oMMSyp+B0DRMEqYLGSqcvcv6opqzfya4XMv5a5gWzTI02ipDiECbKZV32qhZTPrHXGBV8sKu0/UuVSw+j/D8DQIriWOD/LMHSD1q6DA4lks7kcX92jwAgRWxSAC2XkHzc4T+p5bi+okD+61gYMG3aYRBqEdMwgUj/m2UU05qSBiuWvlIWWLSRBsI+M0ZWOOVyXhTrPUhoVyw5alIH6fo0+Da3yHoqsysZJtYODjUd5JTNUGl3p2hWZ91WxF2e+sW2CXL8LFejBxtdiGucs3klrtWWGQt0fLv2WczuOQcAjojqkB0hSyq2QUWHTKOJmTHFehRYS7/D06JRvPNDRynEJH7j6qwgkMhLcsYgAAQgWYyDM2ZqRw+Amu415sj6Kp9ysiZGuvSyB5TRj57SMdBChLLiWQZOCgMTkmFKEgoeuRtGGAOxNRNIvBIViOlQGeRJnfb2EfkmF/mGEFdnbVY4J+uCtV9avehTPszFgduCMxmqiZB426U5lQeUNFnGQlSuh5bcJKFlpki9W0Fv3ndsm3KyjoQKoVJmUo6RttS2KwB5rJPJUqnxkRUJMZVpTRSGXg2EUDVJgfkDelSc43AZAAdgDLQ0Ml0WQQfoXFUjz56Ur4aVCY6kDXH6nunvJN9Ra6p+RJsCFdi7Y2qk3kkJkWIOSXkRh3gpU0ecQG4h44CAnOkchGKrnFYGBJnyUZt1tcUCCyqDOrtKtZLsOwDo9RMWtnHdedISJyJtm10SuNlOWDZv0ixqIFwttqizZwb0wKBRctSSpSh0bS+BM5yo+pj2qLoOFWBYXLK4kHZZSjEsz5FRxuVAtusDwVG1r2kQuOykUC0HlZjeEVqr8ZD2Ia5Q75pk5TTsr4M+o6s1m6KserSxcZyMC5vIKpBmV5VRMKOkxUbdRFXADCQl5FdrqU28okEPnPljL5hUipXkCVqmxg1gZNRk0SSgYdosURJSJHpdJbmQGQmkCyTFJtG15A+O28m4Byn7l9TBbFpSH6wWHCvrjL3zWGbqxb45eFoEMpiJlMqEmDSB9gA2FUJH3OkDLeSZGq1NDUr1r6JXlDqs3P7NvY+JDiY4SJIqymSqeysdW2YVrZYCUnrheo3UwwCgdpdIP2rU1qJ5FxZH2icFQ8hMUxk0kZYvlcrk6oh/5oOHRMiAAcS2uXQu+37CL4o+q9M6qjyd/k3f09zOyBhavk7ad9E2gTj/FtEk/tFiX2rHKFpDjKY6PZRonrNxe5IdqTuYEAZtcN1cI1m/jhzeGMecMYwJwOAcQY/pQoIXlgRnOtQkJtDow6K8miNO9xNMDemWUqNlKaRr2pLGKMNhWODL+LNkmth+zoh5AmmBydKjhox6hMlpzf1jU8RQLsNgijdE+v2WSAB6XbAVvNlUyZ6gZrjcm4hIJvSyTRGRmku19jpyyTW1Eg4BVARhmIc6e6GwIgED4Cj5wFQ8YEy9thuuSgt+Mf2beJOIlfMyNkV10tEUHbYZwCPfyYkCuDM1CwgOApZWkCyiCACRi8wMJwAga+Omg0kQ1USSvdjK2FPuUid+lPAw7TBsgdfzn+Z3S4B1L5gaDnEyjy7PAAm5XTVkwmuXq0pyyOKP1WXJOGZNAZLVWV27YjOAjFSBiVidCbpJQGWuYQpqr4Qggk859yUGjQCAcwOrFYlul0UxM/klPiDX4m+6nVzKK4NhVF/sVIyqy162btxs2kia9J9cXm+/HsSVOZtnij659ACR2+bFHTIVhhrey6ljY77IvN1XUZzK2aN2xU6nDFVowy3UvkqV0EjFcTTohqAJ5khrpigh0H4qjXVQLgshdWqXYznsYq4VNT7UMozkJp8T01aomjGSj9Zcd5XeuLSaHpkPg+9LM+1bY10NeFkRcmIdq9UjewW1HHqXMItXJu5ye6KfF9Mx2ZbCuWEXkUevaKkzUqOkRQqVO4JW1JzuuCOY+hhs+6ZRWLI1UJGIph+GNrcRixLntt1fK0NRfVgNXRkSLTkixd6cIZQSGxWFutpoSqQuJ47aLZFVzw1akpxPolcJAlJyoZ9I3rMHy4nl0ZgwddOxVTos1KzKnAJ19GKQn4x7yTKwFtnWUxqlS2uo/JVjnqzuqMfVPAmAo+nSuKDbHGXSDsLlCduHkMogWAZQcDa5XS3lp9KHciWdUcqoWm25I0uuiKiqLKlQwoy68mSLVtcJbJuT6KPjsu3WFOKgZKcyIkJE0IdWENTW5I6au6fPIJdjiMi8Xem2+s8IsUrrVHnGlEm7RUdRE2lNIzjiyVQrpN+/klJ4aQa0OXD5YhXb1VKSXRazIr3MnxKXIMID4EQ8Jv0adRd7uCZYmh1MwA9RXosBaS++e1e6S0ZkEwG9fstHgsuDmk6NN1D9TYq1cSbukjOrGW0FyYBeixYj4CreUi2DGRbp/BBBhjQEBAZdqpeSIAMVMQKAOs9G4yGSExrJRQeid4yr6Tg0qo4AOo5hqlIkMdUCoh5BIlcADUCtF1U9U5tgEQg4MATgCCKOsCNRxpRtFOsCiZRNMVDBes+njD+ImTERfNAxqg04VS3OLbUikACJEXDpEpDIvP1U8wl1Rw3PRFfR+FQCffaPnE3jqlGSwQTqTttLwu3XXDgEy6YZUEwg4iAudo1ze927in3VA9bknwnIUTlOEX4wUGGNkzHQR9YQ6JdkqmOF0eIdz5oWcl/XoVjjSprsu4vmhVS6Ki230jAERGLa65oCHNE57FkKtvSz8l9y51Es3yKtATLgqjNG6cx0qFozKxcXEFhrpJOXmXDmmMzhyrg2aegBGKrsjWU4JDmW1CICkUrLkMoMqe9EqDVbkIFMF7XwvbZHCYONhKQsjOEgycXmpOJ/yXbNYAQgEvlTJWaJzHcCJchBShleEfyQ5J8+V1PUaWYlDYxKM992HHpxjb0LVPXc4BjnI9gfScJ7kp8TK4MzLysMtrsDyXBacTeRoARt8TK65oyWjsHcjjuqZz2b/GnXIa1Tm6BSM8aq2c5Q2+4vax1X0nWq8xek/VJ8y6IkfdOS56yzi521FLLaNGP14opU3QTpOjPKVP/dBIGDVpN4SMkmGrxQrW0A14EAotnQq8PStK0RFbgigTbn9STMoDKSWMdYvWD2LCa6lWQ+n/KH1UomxS+T+ME7ZMTPjYsG0RobHBraMrNg6vfdQuoA2TWka5a20iStgQjs1IkshO4HXVZ5nBTUkRKieme7MNPy7vXENK7tFxknvvvKbp3rl7q0QU/eHPSiKt+0f0zUkEUAMuAxFXL+oQdOACUv1mhIP5h14I59YxdqXpXilHXJaiYZT6HEXtK8+GrpLIBZHKwsspMWASKOilyzydNpymKei8r0v9ayIwMizAer8oRZV2BDfvU95OSJYm7KFIQWK6flDImFgm190NYQAdzxsKgyDDQNyZ4owjI8B6p/0dICnYNR6K7aeU8cuMUz5pgQsnd6G+IVs1OAA40e2aSlibUgkBp+pt55wtWcGgCI5YGiVYYSQUoBE5NaBIDEEDmXpTkHEbqSZgdDAS5FVZ6iXLYo0/dicS0iQ5KBr1kRRwDEiRCII8mVUDqyAQDwkCPEiBiTL2JZJljBAIEQCYHkbmmGMrGIRMCJkBjjJEMkwVc9iaSOU5Ff1BDJi0kUpJLAZi5D9ovkWRvEkDyIARGJETAhzWJizQMAIJbw2KQrUG2JVVdyuaYI4pDs+VSQBwJJZ4EiNCBEYBpnCKZwrqdsSG0tZSjyBixWYRInI9KqTTHfxVE7D0IiIvlaF4GFUBFMnoS+pFXOZBJcdMXkym0kvZhTzYsRmOBOYUkZO6gN4MraqDBSRWVcWSjHAWpXwhSv1IMmcFLc5nIcVORvjZCUSZ2BSKi/7LrYAcuACBgT4A0dRC3L2qZGD5RzkQ7bLc3Xq30ZApFSDW3KmMUaIoaAWkSU7oIJdKV1ZMrUyZX2QKJxMxmsaJBUgUp5MGDIxdthZUYOxLw7R23gEDkBE2v8FDMJVIBPwOTpKEqkmTCcSEDcXhlIyjdaCmdJgt51A6CT6EJkEhkj+6O242aVtLiDwhiZDKPtGUFPiumazUdlGLJhUOJSkmOnMI3fFU0JejDxzC6hkOM8je1Xh2eYyDN99Mt/cbkzKumflQlljudXQ6++kh5AlV1BsIskuIm6aVIdTKI087geRLCHVyWYUBGvCyf5YDEeVQGDLCSyMcUV4EjCBUmdi7VFL0llfaoNadYPzkyRjdsoWUz3uTp9qa5a36SvTnBWf8wM1KtdWCVEcFI8ZkAxqWUJOGdWWVQNrsAancxAK/UTOq1Jx4LOiOlJ4IweJBbMJwO8QXnlJBYsIC0k02hasrN68NHRG7eY0SuQwFT/bKZDq5Bt9srYmFvm0tReUPPGRwIQO5gUzFVtp1a6pDmQMY4ovYo0Vq4x0N84cDc7aXUqU7AhmYtJOGVtP8n8myTPTXpmeBhmCU+i09YpBdbAK5NExMXmT2A+Y4i7UDSTrTObltXqRlSuWZWQzSfEQ2EZaYTdOXDOdVrTHC3kZLY1KAAAM/9ZjVrzIvOMXxM3paZXybM4JOz6SvHRGbRPdvaXKvHY4Q3oW8DUelMNmXtKlLVJtzQMLUulRt8SNiWamcI++HdX+E1aWs4UOC3oUq6Zq6p8kOijEiepfPoNgkC6h6KIwjxkz7doh2rDJDNrwRBiIuCceZ7c1qgO7EGl80pyZVNqhg04Jy6XDxrdIzvzSAQC+jKDxZg2RQjEgXNCxsxNRaOIRdW/0vYq/SKlAgRAnMdcnLYjz9wzVREREXkeGp4AkFpCKZjA9CseLRemkIg9Lq6WaceXGktl8AgAwjgGjD3GopgD8z1hYsTMqAzs7VF3XIbkkfqkpYITkIwViXMVXVt2AJXDFOKiDJtE73EcM2S6biIeR1FMHscAQK8HRfPiTLX0GQgAeBzHMZDn+QzlUkUS0aNaaosAnAMgMQQmNhECxMoFJF2LZU64CnRABZgEIN60pbqoqVa0A8j0AhGpvAaPKY45MsaYmYLINHAivgDx2mMZvAMQxBFxzj3fk4QBEZfpF9GkPASLibxLHAMxz0cm876enOWVEs8ARCCaPOpMrTtAAIYo1yrLJcBAKLNvQlakSCEgB0Qe85gxRGAxGAXVYsRUhlmvWYg5RwSPeUJGpE0w/pCIgPPYY4jIjGg7npsUHBMEcgJkJDZaC0zOAQjRQyO0yDlnDJExJGLobDCOeUwEnic2iRAzImmtMlXKyUEFJkZuDFy3tdX2LEJ+LC3IEAM0bmUwUOheVnoMjXrZNGhcm+1fBGstFbV+UP8gQPbm0MFJRd0uQHLDWLr/2n3aSHewK1EgjRTVhh/LC2aQt4tqEzftH92ZHmUk7Vsa6VkONwM+ypFxoAg5E6eZvbTHOaMvIkumFzbokjYIUX+Vx7a9TrUhUJRbXVBQMRPAWEEuqcn2KuiN9OkAiQ7pCkCKaeaY7s6Md2pDoJUOTBCeGG3btCVpp+wfEsOdRY31fIZJ0ODBkGgwjeA5yWynbWqqtJLZulmguyuN091D/XJ2AB3mZZdWGKOarpFmrK34WZKvn1AOGB2KLXFWOWFz9ImWFwc57fKqJk665VQkL+XTEogUgakeuZ1xBbvqMsl0/ebZhKXVJO92Ok8jQZFkkLvbGATMB4A46xTo3Un6IGGm1g9KiAI76aRJops6Z5dlWnw3MWcxWaUozPDZeQ5bwOwT0nQbxiZoQ2Iet8prniYrz1AeNYxRjB8s3TZQjIYfWVeb82OenNaTizjQaRTcMqavSe/rsklhaE0cADoCpm9Yk63afVm1KqiRMknpjAVaOmMzyQmNhRlxBEA9oQNJFRdYlKsEWVIZ7FoMphHEeox5vhfFHADjOOZyK5sphIjImMdQn0NOAETAANFjEeec8yimmIsZXa5jDUD0PA8Q1A5FcxqNDEQ89DxmwwxlRNSEKgFHJE5AxIlLkSVCRkREnDMGNTkvQC8miIEjMsaAie2OAB4yVHtugBOomCMIAk7EuZx/k5tCAYCIc72glxCBEEXSR9DLLNlmzBw0Iy5OIJYh6zN+6mrziFQpV2prcsVShQg9ecKNB4CckOIYQcY+eqCQAymASgieOAgagMRxQVz4PwDiQDERMsY8BionKugENAf+cs6JiVFk4HkeAcQRRyJOBICFQk3EoVSJiZMnYxMvFlOzKDvGiRMR8aimEHieVyyFEQdAQvmuUsZEROIBATJGxCkGFKFQHHOxplpmSAFAWR4ec2CMeTJokSuO5Upl5R1UrIHC4BhtNZoopAKAASJ6fiGAiFMUa9VUaoPA5Dw2J6KYANEjAiCOzAcgzoEAcjkfAMphDCRzHYIiToAcuPJewAmR8jkPECohBxLSIZOEoghjYvmoWJZCJKI0/VoeUoPGkHHgCEAopVcbKuKc1AnLJNNDuSAHDCohDzwvDCNgyBBVGkBMiXIiTnKxOdXkcwBQCmMErpRDGXYhJIiMYczF+gOIopjUsnceS+6SUG1CQPQCz0MGgDzmPOaex2oLgehRHMco4mmiwPNBezMuJBYYYMQp5/u+z8oh58TjmOJIrIhGZUAU2wCReZY1M8u3jI1K4k8NGtXYZ0I1kya3HKT4T/1mrKQdrVvBgnEQ+lGwfIjyzDqRl9ghYzUvdF1nRE17g6yztHyg1Z7rM9wQVJtmiRalWFpM0R+SbsvlXTZBGsXaBAA5vbFrI+M9QbPcrTsxiNILan9LqiMOjHGJzeoOuNjGNGQBcbf/qMsZxcmCwujetxGDEjCHPXqMyKab9DIQALtON2xAszTAWDrRKkpjxPUN0H1KOC7SJhY09ja9tXhoTW3plKbFOsknF7JkXKQIUoSrJ612k/glBW+NOmo1dQIdO/tgP+YoIDmPqOJ23iBZwsQ5Au6ZpSmmXjNnaxFADif1r+aEyBQl6r5JnKWjVtukyFrtcCMtxik+GC3IkvxU4gAMQwm0BZKuKSn56n+mfLIy+95giQxbACjBA7CiIGE5rd0HLhI24qqNv8NA15mkU3KqAAMA5/Q7cv8BUAqlx94YQLSFTFVi0YhSNYghRjG1t/cxhKEtdQRAwKtEPS6zXJOnB8G4vNQQq76LIXSAlemgY8FloOz+7lx6/hMzf682mSvcRbazBMOpQfNeDkcd7yg+qZMbnGfUHqEt23r6i5U4jhm6spKoJatb1ZxNNl2gRCFNrL5E7l1iZy1yqR4lPb3paTYlmPygXI25rV2LcFN21WT9m80dZdGkq0Qw/CIjYATAY14uVWoKNYRUV1N1zjziYnUiIlDMiYB5PquEAh1DPvAQfUC5XlTEwzHxOOZcTUlbBlZyKox5pVws1NQiInHnTBuB/Dkg50Q8ZkAeQwbgMfQ832MMGSACAyhFPCyXPT9gBACcATJkal0lcg6MASfOo1iwg/l+b39/bU0tEI+imBAZ80TiAD30PJ9ZhKKyImlZ5wRRbM3H6SEhAuBIkM/nVq9b4zN/5Ijh23Zsb2tri6OYx5HveWKemCEToc7gV0x6/tDyc8QRqbE2H0a8VC4DMg8RgBF6wAD0+k9Agec5B9+DShh1dffU19UWCvkojBlCGPEN2zd7XtDY2MwAEDkQqpyPPhmH+wyIqLa+Zmd7R7lYGjZ0uFCImFMYEQcCjp4w/pz8HAOPAUAY88BjHvMG72AlojhWkMYCU4LzctW0AvFiek5sQgQBnznU5D0hokBQLpe3dXe3trQw348izlA4CzlKom4/8MQu3DDkQcAAWBhxxuR2886u7q7u7tGjxsRczKAbT2NZW3GcMe/u6eM8bmhsjjn3GFOASsqQWHnjM0QfQR92JQUIAACZ2Q8s6yaI9RZbbXBIzdJzYoy6uruJc79Qg7mgkPejmMecPCaYgnLulCJA5jE/8L1Nn2yrr6ttaGyQPeQipUOAyBAiDggU+D4AVMKYc15bEww+ZKUwjsOIAAr5XOBjGPF16zfFYTx67MhCPgcARMQQ+4vlwPdygS/mtsVi+JjzwMee7t5isdjc0uzncjnP87LepiauYsjjmETuhxILAcVRPikHLthmBaJVIiYEBMtNp9wJJaxr4mH9byIx6zgUS3ORlFd1LbdOtbi9MjS4rsGlwSloNWcvCSPKeNrFqel6HfhFtqWzeW2VAf2ZrKat7gPqoSNHwgcLaK3uJcgHVEopeSfhnTNzlV2tBQyzGs3md1KMHKY6MM4kvVTJ7C3dVp0qBB2M3KzLxgkyksSUQKbrs+pVa6pUJOIIkelU1Zq0hMiRtKRj11S4XUsjN/0jKeegu+ognsFF3W5VxQDO/nf7d5uA7JrQLppgjvV0Qhj0XecDuYNhV6JFFDFppKqm2Oy2yIaqg13kaqWG5uqDwaqJHrlgVVOb6BSCrcfaO+72mm1XVdFM1FhaZrCtzKlZ1k8LjPjm8CMtoMi52FiUgeftVIKTMrB0JilVlPxgDLrzoBwrs+kHPA/7+sqPPbc88PHLpx7AkAhRLfJLcEjGrCYx4WajQIydGtY0361knOqXFV1mX+kQTj6v9n+CZQ7cMD6VNckiyHm8iiwnbBPZpV3zkyI1oW2mU5VKpVwuiZccMEsLtF+xYIGKCXVGUNWNpnM6btQWL91nUdyRoRRpSXJTPxpe8PTAYNoaO0qZOZNMtrdHQ5pSKFT4x6lPgjQCS5hISbgKEDkBsiBgL7/+/qsvv/zzn/4Q4nj7zp6dO3b4vly4F4ZRkAvy+XxdXW1ra4uYByHiHrJiuXzXPQ/3dnZ953tnVyphT39fuVKGmEdxBCTWE2K+UGhoaBRwigGKBacAnDgQ8zyExYuXPPLAQ+decH7bkJY45gwRGJMDLfnPGUBdfQAi3qvEYaXU0dEblSv9pf6e7p7e3p7X3liwddOW+fPmfea0zwQ5nzgCAifwGb7+9tuLP1z87W9/izEW5AykvvrKa8/8/Bn777+P78u4hXPyEJCgXCqFlYoYDcYYEDCPxcQBgbiYMwQi8phXV19PgJzLqUHNdoSYOA/DuLa28H//d11jw5BfXPaTK678zRGHz/3SmadVKhjHMQMhbLRy1br+/j4m0tWyDkQEREacgGFTU/PwEUMZ0wsBEACIk+dBFEaPPPHSzL33nDhuTH+xyMhLrMXVsoYIpUqE6D3z3NNPPP7M97797b333rNUKjU21G/ZuumyS6+cMmXa9//3PEAeh5HnecCQ6W3BwAs1vuB/d3fXTTfe1Nfb//3zz2ttaervH6hvbK6v9ysVqFQqgICM+Z730kuvvf/B+6ecfPLkyRN6+/pXr1nX29Md+J5c0UrIeSzgOOc0tG342HHjxCJeFPtM1Xl0yTUO1kcG4kRCIqLA9zZs2LR6zZq5c+cFPixaufL6P/35W1//+ty5h4aVGDxH4Yh44PtdXV1vvPH6fvvsP2bsqO3tHW+9/dZxRx9LnAAJEZ986pkXX3r5pr/eUB4oIXrkTJCTnDYmYh4Sjx565PHFHyz+9e+uIR5GPPb0Ng2GPkMAYgyIoFIOOedyUoK4eCmRMHGcYiAQ88v5IFeorQWAmDjnxLnSW7EUGgiBuvv6f/PrX+2958zjTzr+j7fcdtABB57wqRPEnlWhX0DkeRgEBdHpFR9/fMMNN86Zc9ipJ3+aIfODwPMYA4xizjnnFHvM6+jouuWmv82YOePUU08GgCVLV2zfvq1cLvme5/tekMsRUVQJmef5fuB53sSJE+sbGgLf37Z925ZPNu9/wL5PPP74ti3bfvSTH775wQdxGM865KBKGF77m+sOn3f4McfME8kkYQPjKKrJ559+5pl333nv/PO+O3HSxK6u7s2bPykO9DMmzzVinkcEjLHWtraW1jbm+drE235SLV8hfbsaVk6u2qxSyNSggJRBCspxaINs+TXSj4O9kSAJjtWSa8s7OMVlYQIitLZo2pOvgsQEzQDWzjA3tLOX0FRZszcYyCbVdzeioTRwT1CUCbuyWW/S8gpJii7Ymxt189r/kRUASMvoTJNZc3pmW5rQYNVByzAYSF2lXyKwSU2GpIvZE1ZZnXVtmrAoFiCRVA6W3Ne4RqIAO6WRbi7zqwu5tBASASZkDWy45Tzl3Fbo0KUiKbggs8LiR2nX9PJjV6oxVU3iIiOEqYPADNpOBxhGvix86FoHC/pmguyMhJaqEaoIhoZ/+qtFmF7eYhORfNxuffAr1X7mA1rBKXXTbs4yVQnIrLTVbVNzQHPZIjxrrJNkuebRfs0yGDlL0qZIQTAhqDPj4TaRZIgbNiPJsy3MHasSE8gp+UJTxKXRZoq1MTI5Hhn2QnY6iqMNG9pzgU/6dBJHEKosw3bE2zylfYXTuBqszNpInQ8poG2GWOr4K9EjPf9JDh+cGjKp10s1Bl/ZP2iBpHLqIZEBPg2iRARRSBE3X1UkBtI5VWlHOAg0wFUnMMx+SG1mbYnSkyNpbdL4XdRvfjR2U0KiXSbe0lxJ9VvSiIYQ5W1Vxo4swGL+WM9rLukQ1Tolx1pjEwPnfpAb6B+47557liz+8NJLLiqXy48+9uQNN1w/fOjQOIxr6+oBsKahpjRQOnz+3B9c8P2YcwSMOc/l/E+2brviiiuOP+bonO/19fQ88eQz/3nw/vqa2v7+fiTI+QGweOiIYV//+rf322fPMIyZL+YvgQiIc2SMCD7+aNkD99x11nfOwtamOI6BMZQnqsoBRSCGfMG7iz5atryru7tzZ3u5Ulq/dkM+H3R0dPT29foeyxdyOSx0d7ejfCVMTDGhx5B599x910B331lnfd33vGXLVyxftmTKlMlbtm77xz/+TlgJcmzzps2FmppZsw7J5XKIuGrV2ttuu2XH9u2MsTiKPN/nRLW1dcAw5rxSLjMCxli5UskFwXnnnT99r+lIwES0zSRnCcTiRyCiD99ZUFvfwuM4x/CXv7i8qa72xBOPA0Ti3GMYRvH1N9yw8IMP62pqOFEsVggDR+IIzPf83v7+1qFt//d/v5kyaVIchgwZQySCGIgh5wQ333prGJX+/Mc/TZ4wtr8U+kCeOOkIAVAk8gAZY0D5HHie9/rrr3300bJhI4YxzwtyOQLYuX3r8888NWb0mJbGGs34SkRhxMV20UI+WLxk+VPPPFsuDWzauPGF559tbmmOKuU4ioqlUnNT84RJk444+ujJE8dFlTJw5nl+TNE/7rj9icce/cMf/rDpky3XXHstEJTLZYYQBMFAsT+OIgTmeV5fX+8Jx3/ql5dfni8ElUisNJYQyJgsCemU9bBkHpEjcd/zN2zaeOmll552xuk/vOCCndu3Pv/040fOnz9vziFRFDKprVK3gAjzPsXRv//574frH7rxbzde/atfvf7G6ycdf0KpVGLM4xQtWbLozVdf5zwKo5AhV3v/hQLGgOB5SICexwD80kD/7bfe+rVvfmXmjD3KYSxkAdVaNUTkcfTQI4+9/vqbDDGOIyCqhBUEqK2prURRzIkheMiIQaVcGTl85Blnfn7qlImM6bOZDDdESFYEePLxR/q6e0857TNrVi5/5flnEfCETx3P5WwtJ6JKiT//8oubNm7s3LnzqaeeXLt+3Y7tm5cuWRyFoef5gefNmTf/8CPmAiGPOQMgHr/4wnO33HxDT3fXfvsddPElF69fvzqOIQzDKKowhoHvlYvlfE0d5zRh/IT/u+73e7W05HL+0iVLbr3lxst++YtPPlm3ZOmyjRvX33zz3/aavtfBsw7q6th53313jRk15qij5oDags2QMaQoilYsX/LmG69/6UtnTqRxL7zw3M1/u71ULPmBR0TCRDDGygPFiVOmXfyzi/ecPq1YDhlTq6e1FZZzPcaBa8xpgU8LC1iLQQHEeUNcm/ckdnSS6IngLxVe2ZftbkBFCXadaGZxshYZWXgEpeGGdCVJMgaNetARpex1T4nJLhUEuiRZbAWQx6KmYYCN55TzV87SRdloLQZ1EYUzHPZtBDP5YMhTfCDTBNkDL1vRvlF9TUBMhwmDsdQIhPhXwTiD4O263FWdCg8mJovE3moH60pUk1jcmGK4JFScKKDYrvluddfpkeEwkaSYu5GVPioQdKlqXGHq8C8NV9Nl0P2QElqi5BvNjLgprrGkytuPO5BWxSEACdbZTkQNl6PuWlmAVGJLTXqZEMU0YQupNYKcTDMODSLoc/RAojpDGTqP8EQ9NtpMrezNYEv1nAii0Qdd3kw7oc5nZdkNHeDY1jbVevot9NkF3V5Yk0EueahieSMDat7fiJXaduUYX7uODDpNbOyKjeFdQpYAwFIX7aOzZQlZFgco+dVNTACymhzL5zx0lMUQYJIwrqyZmtAqmeaDvV/XGCL1/C5GbBdX1aV9mfmkauFTcoazihhVI7VKndWkUaqD4J4wp2gZqjT7MykZLHA2ijgIdxPOJXHf9ZHqk22KpNqm5VX9DM5gO3Qpc6F+VgPDyJhJKXLSPSXd+mB+UxpV4jF5BbZqzZqXXnj2Jxf/GBEb6uumTppw1FFHtDQ3h+WopbW5ob7+P/+5/+UXXznhmKMBgMccGXqeF4WVZ59/HgEvuuhCznljQ8OQ5sa8x+rqCvX1tUAYeGzNmo8XLHjjwAPnHLj/3pVKhOAJ0jkRATAOhFQsVVqHNdXV1QnczEGcSIvExSk7nDEMK6U//uG6jxYvmrrHHuWBck1dTaUYTZw8btSokc3NzUOHDj3o4AOHtA2tKeR9zxPun3MeBP7W7Ts+fOeDq399deAFcRy/+vKrjzz00LARwzZv2dw6tOWdd97t7uzctnXHzH1nHnDAATWFPAAA8FKxv1waCIIcESEnLwjefvO1zu6uWYfMKRTyUcxz+YDHcYXzKA4F4geEOIziOAYET+xmZIz5PiKOGj22HFZK5dKll/60pr720Seenjpl2tRpE8uVCuecMXbgQftNHD+2qaExJorimBNFUeghxpwPaW5Zs+bjG2+6ZdPGzVMmTQIgsbqYkCGDOKZ84H3jq1/54Y8u+s73zrvpL3+ZPGlMqVzxmbXvAARPEQB27ti5evWaV199c8qUyQMDA0uWLGttGzJqxPBly1ZgwPwCvPPOu+VShQV+IZcfN2FCU2NDFMaeBzyOHn74oVtuvnHC2AmjRo/Zd999e3t7Nm5Y11Df4BdyL77wzLa725taW/baY1Kl2O95uTCMjj7yiOv+8Ic/Xnfdio8+6uru2r5147e++Z2mxgZA7Ovve+yJR8eNHXvYIbNjzov9feMmTEQPxHyg2g6G+g3Ytlk1wEy4CWGJOIVxvM/MmXPnzb3211fvtfc+Q5ubRwwbNqS1FRHzgR/4TIRkAHKrZRzHQ9ravvSlL19y2U9++tNLn3rssfP/5weex2rrahEAID+ktaVQyPue39rUAAAcoK8/JAAGmC/kGUK5UgJOccw9z589d/aM/Wa88NyLB+0/0/MI5fQ1IMjpTSIYGBjo7ekGhEq5DEhRHNfkCwvefnPz5k9OPuW0Qr4GAHwPyfMjzsMojDlFUeR5HifgnIvFQAjIOQ+J19fV7rnnzPbODi+X+/HFP332madeevGZAw46cPiwNs4h5oQIHV09l/78Z3mGM2fuV6itmzp1j7q6uu1bt3CCnr7eV194fuvW9kMOPTgIAiIKI97Y3HT9X/78x//77QsvPJ+vqVu2+MP5Rxx+4EGHiDe1bli/Zssnn+wxfc+6+obSwMCwYcNGjhwhgt0999pj3Phxq1at7Ojs6u8fWLxs0egxI/fZb998PhdG0ZhxoydNGiPm0plyR4WaAkMY2tY2bNjw1rZWxrzt27b193R85pRTR44aWQ7DKIzDSqWuvnbx4kXvLHhv587tPpum8mgijYbaFoJOqiVdWNICul7PhHWgPjmeLhE+QcKM25+tjX1usFnF+yUzhYLwNJp2y5gPWg9UFPb/CBMGe8x1rCnAMIh/NSVcj2SHVVWgcPJ79Vb06GhoW3XxqlV10ntnFcuqRS8trerQE+UTRBoaquAeU7+zuDmDDHtOR5NcHU4la7FkOesBFZthNYYpNIJK/sANqzIYaNXkGvAkgc6sl3zCYDkXlqs+CO+g9RjASrKrOCTd0US4ZX0UYY2ZkNi9KxstDgLCqvyUEV8kCNQlBxtx68nqEm9ISDWWKu5w2S1VLWpQK8IAwFo1UEVxbHZUq9AUzXwMnJgvXVqHD5jZgo45BzcjmkTZoM0YsxnadETlSaTSJmYLUTVs+wNDHYE6nz8WMDMzgM2mzO6k09/0KnlUM72YZd/MsOt1QbvUC1XAN5450Xw28fqtPQBqAcjgbZnOWElEDfQSMm68NImXBGI2LciCwC/UIMpdY3odoBhsUkuY0oZOc8oizm3DwirGIlpi4wAD65sSKZsn6oAXLVAIzjOOr0FToXZOmMjhmXVlulEU7ypH+Wo+4jEXGxo9xkBubHPy54lUluVl9JY+AMSYo+f75UrlwUcejeLozDPOLFfCHTvb58+fM3/+HP348hUrnnnmmUt/9vOvfeNrURRxzoFTUCis27z5zn/8/fNnfm7ypAmfbNs20Nf/qZNOnDN7NgtYIV8AQMa8d95565eX/oIxn4PH0ePEPNFfcX4OAyLq7u6JYmA5n6vIgyMQOANXKUeb164ZOXzE5VddGfhBPp/PB4Xhw1qhylUJQyDwGPv97/5vyJAh8+bNJQAG3mdOPfmgQ2atXLWSePjko0+3tbXMnjt36tRpzc2NuXyOA1DMp0yeeM2vry2VSx4yz/cZAz/IXX3lVQvefe/nl/1szKjRYaWCjMUxJ6Ka2ro4jiqV6OGHH/r4o4+DQK7vDQI/JoA4GjZi6Nat2/r7+//v//7Q2NA0ccKEF1964R933vn9889pa2uplCuFmtzxxx5bKhZ9zxPxtscYJ4oBOI9bGusXLxn15JPPoP3CUAAmN8Ix4tFnT/30qOHDvvClL/7299f97tdX1BTyccz9wCNAIs45j2MeBH4ljP50w58ffOCBMAyRhz/72c/Wr9tw6c9/2jx//v0PPkg8Xvz+B+8veH+gONDe2VGbr7n00ktPOun4OA6DINffX2pv377X9OnnnH/+gQce/MwzTz7z5JNf+PKXjzvuhMD37r3v3uv/eAOPYgRgXsCYz3wfAI46/PA995xeyBUef/LJMaPGHnfC8fvOnAEAb7/99uuvvrr/vvt/5ztnh1GcCwIA6C9FEQdgzDJ+GlbK1K1OC2rkxOWmVj8Ko3w+9z//87+c2Jo1K5v32YcAfE8qp+d5iCYTRyCOmIJPn/ypf9x5x2+u/fUFF154/vnf27J128OPPNrU1BTH0aJFS7a3b3/2+ee6Ons83584cfLUqVOJgFP85tsfvP76KwhQKpXR8xh4xWKxubn1tddfLdQXwlK5Ug69wPN9f8rkyccee0w+YJ7nffELnz/js6eXKxUiEufWep5/7W+uefXl16677jrmecRj+docIMYYJ75p85ann3mqu7uXAePEPY8R8TiOKY49Dzas39Te2XHFFVcU8oWABUs/Xnnnv//13W9/p76uhsgj4uWwUuwf+PzXv/7d752zrbPjrr/fXltTOOGEk0aNHk2Il156CWMeccjlclEUEaHv+3vtOf0XV169+ZNN+Ya6lrZhnz7plDM+/7me7t4tmze//uZr/X2lOfPmH3bYYfkg5/ssDKMojrq7Bxa8vaC7e+DJp5599613+3p6nnr86e6u3jGjx+/s6HzxpVfad+x87Y1XN2/5JI5j4Dhs5PD58+avXrW6o2PHsmUrtm7d9Pijjx526KGVYmXa1KmnnXHqtCnT9EiFPHzh+ec6u3p8PweWJ9KpecsoW1gHyfKhGUhKTqWTyWYm6jVlbZCnZyyr78U09xRGT60KdAgXjyAiyddAgQHervc1Qo/JelLIzg5SMauw7S4SeD7FAV1x1Q20mdENQDXQSYYYPYth16Zhq4WArESADjmqraCT81FOIkGBTskbe/OfTZ77zSFXN+F0EDIuZ/ZY5KIUNjACafc6DaCdmMGaTQVLcmxwj8lRdkkxUBcQnLXZeima6a2au7Fm/cAaDoOU1PnopgtINrhKMCgBhfVGqkQx0IbeWaWAji5TWooVgaijDJCQi1wwbayDIscgJoftoKIGTa1Nils4FdCoKNZ53JmAVJvrzHSnRoVWPZb9SZgWywiSDbYdpUimkDTD1bNOW/ZYo81+ZQSsCRMCkOjVfX2IrMZVTcsiW/rnEmbPt1jxm/XH/ahH2AoEFHLUhzVYyUkyA5tpkiX9KgRNWgFtyZw6tCDJdsxQSSrMCl6hMUkbmm1UndgRACoRIecZmacsiw3ghnFW1OX0RBFTbc2tCSxcv5MurZQsgxI/VSyjr9b8YvJKy0nWuAHY1iSjDnI/qLoc/dL9AMbgoH3GlCOezwUxV8cQO75TnXtvZNQeSaErqVczZaxeThWxf0oIndW6bCTlABPoQOiHMoiu2SLSMCh5KaeBriSKOZwg8D2GBBBWQgCwV6s6CTFHdy0ToTQHkeXz/lvvvPvA3ff89KeX5GuCP9zw5zUr1/3f766Oo7BQUwsAjz/+xFVXXXP4UYf/5Gc/5jzu6ev3kBUKeU706JNPIcOLLvifrTt2/OKKq0aPGP3zn10MDALPi8NKHPNcodDU1BzkAtE0J0bWfhECQiJOvKN9Z3tHx9o1a/fdewZxIiZMMgo8xsV7Dhk21DcScM/3PN8Lo7BUKfWs7uScA4k3qQARMUQe85Ejhjc0N/sMP1y48Jlnn/7db3+7YdPG++59ABGGDRtWLBZr6wqceFdHZ74m6OjsXLHyo23bts2fN3/mzJkAwDnVFPJqLhTiOPY8L8jlKqVyU0NjfV1t2WNiYh6YJ84KDgJv7br1r7/2Wl19ref5ccT9gPGIA/F8TU1XV2df/8Cbb7ydKwT19fUBBmvWrt7e3t7W1hKGlVzOX7JoyR3//OeWLdtizsNKOeYx53EUViDi9c0Nn3yytX1nl+f5cRwLYhCRMWkGYmLdPb2HHTbr0p/+5JdX/vqEY4857ZQTy5WQc2nzOedRHOUCPwb+9HNP7zVj+tlnf7u3t/ejlavffOOtcrH42htvLF+y7Hvf/d7cObPXrV8fxfGCBe++9NKLO9t3AEA+n0cATjFx3tLaMmnqpLGjRwwdOqSnt3f7zh3FSinwa4cObauty8cUcYByucLB6+rpCDzW2to8cthwMdr9xf4PPnj/zbfeeunFFyql4saNm5948qn1GzbubO+oq28461vf3HffffsHyozlhMKggdtJjGLnxTkHxlipUnnu+Zeefe6p1ubmuvq6jevXv/Pmmzs7Ou/497+ff+llHsc1hTwgNjbU5XP5UWPHnnLKKTnPK5crjzz++NLly8eMGd9Q38Q5X7x42ffP/d6cOfNKYfTxypXlSvmnl1zKOftk+5Yj5x9x6y03cx4B8dWrVz/+2BMN9Q08jkuVcsyxpra2Np/njD/4wH+IqKWxiXmsp7f/mGOOPu64YwXlvuf5nldTKGgF5XFcKOTjKC4UckQcICdYLYSQIXge++DDD9etXVuTL8QU+4z5ns+JI2EYlTdv3cJ5vHnDloiiuMJzQe22bTuK5Up9XY3nMQBWV1/b3Ng4a9ahLc1NLc1N4ydOWL50WYVH6OPQ5pam5qbOrj4/nyOCShgDQG9vb2Nz86iRw0eNHL5uy9ZieWDrli3/+te/77rzru07tpTD0s7t3QsXLznssEM2btp8/PHHnnnGGbV1td29PQvfXxiHUcfOnu7u7tr63KL3F23d2n7YYbP7B4ovvvBie3vnxx+v+uCDDz94/33geOrpp82bM/ftt9++7dbbigMDfQN9d/zjzh07OsNKceW6VVdeeRUPIQiCSVMnbt2ybcuWLRvWr/O8Wt8LjDlTqFrLg17BihZKtjCmbVktLILWwfRVXJdqwjoKyNnBk4Gv9WdMvCckeRnIpAJFy924Lr8qYc4zVejY5ZXt+SUw2a0aqpCWco8ahe8OVZSNabSjtz9YD2ECpFnmAt07u3ll5Ot3owvqrCUXNJL5T6OBJARx4GCyaRk+ZbLlv7wGe0Bhll1OdOiZE/XY/+dLj5fW4QQGNbjOYp5TZlcDnJ45FGNSJZasTuhgl8WWar8nI8qk1uOgBDm4uSoJWc1lXUmzQY7MOrX9d5Im5dxJBzkfM6vLlicb02on4IQBwuxo4gWCrpY52xXNgxeysxhgMc0hyRrZNAnq4LzEegctCiJsYAzbhjR6DAAZimPCQDIgFeYnl64P3gltasiNG7R+6a3giqaqnKzm7HygVDSdCJFkkCM9slVJKnGgrGeaaHAlRjFf30tk6EglLeRaNdC5XwYIhEAH7js25gSIsT5fVGbrdPtOZGa6ZYETArlCz0EsCQYiqFIKNqj+qFsKoiSAsHpWCjyQOtPcWZiPWhgpw2CI3rhb3w0YIenAOAIREWOQC4Jiqbx9+7Yhra319fVRzMWRIybLnt4fbKMxAkAC4kSUC/ztOzv/9Ps/URR/6sQT73/wgd9cc/W3vn5WEARBEKzfsP7Jp5666S9/27mjvaWpafWaNZMnTWpubCwWS8zz33p7wZ//9Kc5sw7p6+/98y233HLLbf/8+z+RqK62NpeT72BAhCDIo0+EJE74VGNABKAiTdqwdu3OrTvfe3PB/vvMlEfnkHytKHEAElO8hJ730YqVv7j0F2EYEUWVSsX3AhGPCXHinHJ+UCmVP3Pyp79x1jcHBsq//vU1Bx54wKSJ46+55uqlSz+aOWPmlk8++Wj5is7u7pFjxsYMe/uLzz39XCksvfjKy7+7+tp99p4R8RiIOMfOrq44iocMaY1jzhiLeYwexlE0UCyVSyX0GABD5vmMIUAQ+Gd98+snHHsMMcj5vsc83/cZspgoyHl//cuN7yx45/Jf/rylrbVcGuAhEYNRw4dFcZzP530/OPDgg/uLxZ3t7YAYVsK+/oEwLPuMxSFvaW1ZuHThs089XVsoeJ6Xy+VizhljACjOmGEMme/Fceyx3JZN6/515z/nHz6npbG+Eka+5wmRIxIvGsX6pqYzzvz8CSecIKRiw7p1CxYsWL9p09FHHv3975/f3Nwk7p9w/Kcq5bBQWwCAdxa888677/f09a5bt75z586b/vLXAw46sLejO47i/9x//wfvfjC0rW3durXbtmx97ulnt27ZNm3qtOOOO+7DDxc+9ujD8+bNPfLII4e2DSnk8+MmTWwdMuT2229fvXr1r664orGladv2do95jz326CMPPXzCcccedMB+Mee+Uhn5Gky5h9tVDJBrzokDJ/LRK5cqy5Z/tODd9xGJV+Km5sbOjp29/b3vvfvuR3Uf1dXX+p4XhWF/X//69WuPOPzwk0/6NHjeBwsXXnnl5fPmzWuqa3jyySeuuPyyne07C3X1v/zlLyJOd9519ztvvn3uOecH+eDee+5fumgJAPA4Ysw7/pgj9pg6tRJV4nKISBD4Od8HsTiGA+fx1k+27zlj6sBAefSYUfnA45wzT7xglHa2dwBQ25AhHJA4j8I4Ji4yC2KZA+fEkCECBxw1asRFP7iwo7PD9z0gYoie5xOg53vEo9/97neb1m64/o9/JA/6envL5XJdTW1LcwMAPP3cC2vXrA68oLdv4Klnnlq5dnXgsY+Wrdy4aetDDz3CGAsQ33jlTcaC3/zmunzgn/bZ05ubmm+68a+F2sKcww6dMXMG46ymUNfQ1PzCi88vXrLwnPPOn7HP3p07u4HBwEDfQw8/MmXieABijDU3NV12+c/bu3be9Oebli5dUltb19rctueMvc/44ufGjh5Rk88NGzr0W986K+d755573pzZs88/97zmpoYDDzygrrbmrbffXLli5amnf3bevLmvvPZy8YVKfX1zQ0PDtm07Hnzo0QDZHtP3PGzO/AkTJo0YOTSKY2VLAQCY5akQXKAsDwBOmEBlgE28BzZsAfu7crVOJCi8HnAyCXx7d2gGwtBeWbsOE4DYfl3WaEEG6eqUXzT1aUId52s5aEimRbV3cKBJ2plJ1w4SxFmckTGP00MT6dlgQEM9BKBkvt+lGPVxKwomOKBCeUC3s9YEhc0Ypxe2K9ccVThHslnbEvfJBIFpv5xRWM+4VntQfjZip76TRaYLj9Q4Sqqzok0j/FXe6APVcJpM4CUQmSzvQCtDifzNqs1N5Wfl9RNolHQ5crlnoUMDGEnCHxuPJatEUHqvwZajr4YbFn0JqhQOVd8k3iNyR8Q0mLow/dacNNJ0Ewoqgqbkj85MdYZaoWtm5MZw852sx5Jb2e01IYYWB/LaH9XYu1pibmJiYIw9MbOXZOb/NfFkIWoDqVMdJBP7OARkDYHqKFHC2Mo/RDri0Ldk60oUDROlBIiPapjS6uUyM7U530g6gI4Y7Z4b94OQcBLSMBAAAOMcCoXghKOm+wzE0Y1WOqvq2TvVD+UBNQU9mLkTUYKhU/0njyEilyPyccsnWt7WH3x60zxf5ddkOwmlGiTBQ+5oJH+UHldKBiLKmXPJfwLyGMTqxCfBAcvxq7HNJkCjCCeHKlhs1aD211ZxZI7UEyQP+recK1qGg8yv1i8GBaTaSRLt/IgACOJ1lBD4wUcrPvrb325esWLFlCmTvvSlLx1y6KFRzCUSICBE0mdkJUnXLXMkDgAew9dee/Pfd99x8KzDrrjqiof+8+C4kWMu/cXP1q3f8PAjj7z+2msb12885thjhw4b+vabb73+xuunn/7ZI+bNmzBxQm9f/6OPPrZhzfoRLW3nnXf+iy+9+M2vfvOLXzy9r6d346ZN5VKZgDzPz+fzy5YuLZcq+SDHADwkhsTknlhOnHyPtXd1Ll68iPN4y9YtAGJdInIuj7QQUs4Yo5iXyqXhw4dPnz6jo31HzKOwFDIPY84ZsjiOfc8jwpraGg9ZbUMdQ1yzZu0bb745c88ZV1551Ztvv/2Tn/78jM+dkcsHf7/t9g3rNpz1ne+uWrO6u6Nz1kEHLl26eNHiJU1NTYgYR3EcR7lc7t5779uxfecPf/iDQk0tIng+C4JgyNC2mny+tkZOYYWcR+UQgHgcDxs2dNzY0WYgrSE84ogj3nlrwejRw6dNMwsLiSiO496BgbVr15WKxamTJk2fvgcAeciaW5rzuUJ/qdzX39vcUBdT+anHHl+9ZmVNXU1bW1trS6swHhxIvHM15/sE8PSzzzQ1Nb3x5quvv/76ySedGHOOIEGssKge88vFYndPl6YhisNHHntkv/0OPumUk5ubm8rlsL29Y+jQ1oGBvmJpIKqUAeCjlR8v+uDDvv7+zZ9sZohvv7Hg3bfe23vfGYcfffjWrds3rd0IPO7o6KjE8YplS7du3jJyxIiamtyIEcNKldLVV1+9bMnSS3/+MwQIPL+mkPc9duisWbNnH7ZoyZJhQ1qnTp2yccP6JQsXibezMAYeShUXb40Ry9vROf9CZnvkam1kYczzNfkvnHna8ccdWSyX+3t7W5qbFy1ceMOf/vCTH/7k4ENmRTzyfR84bdi4+frrrxvS0hr4ARHl8rnvfvvs75z9neefe/H2v98axTEhbxnSdsSRR0QcOrv72rdu+9rXv8IY9HT33HrTbeK1nUR8aNuQUSNHbO/o/NvNfzv04EOOmTfHNgXLl3/8219f+8c/XT9z770IIIpjDyRYL5ZK1/3x+lEjRn7//HOQKFaPeJ4n3u+qr3IljmMOQHvuOVUkteIYoihCjxFBHMe1heDQQw65++O1hdpCY0PdsCGtGh0S0dsL3n7lhRcLhdpSpfLugvfeePWt5pbGUaNGjR47ese27ZyA4jgMY2D03NPPjh877nNnfi6fD2rra++///47br39Lzf9Zdr0mflCvlBXE4Xhvvvv86kTT4w4sBjHThgdRjRl4qSa2loxIEGQW7F8xfMvPrtq9aooCj3KHXzIocNGDHnj9Vfv37Rl5eo1NYWaffbdJ6qUCHHu3Pl7TJ9WKlf22nP6rIMPHDqs9Y72O44+7sjpU6e99/47Od//9tlnH7D/PgDwzW+cPXXyxB//7BKfMQKI4qgcRgJEoHoHr7XZHjHbfBqF0//qowUGnzGq6tqVe8rwmFrxLQvgJoYtWG4D8azG0Mi8wjxu6AymLrtFUujBhe9WtcpPObcyqLAWkhq67cCCJLpLUZP8YteZvqUPrXEQMypIaVFCiRoIwM08KGilu2hv0iH9X5IKjfKziLQX+Dnls74asAEKbCAYihxIwCBrftE57UWLbTXsluanPsvJTA4bWZQ/JauzBMVtKxHDOPdlcVGdU0bhffM9m1RTSSJmSLeTeSsFa6syyiUzqfno5lbQkV5K8sukSFI9QjAr9g3rnObsSEXTb8m8XdZe2qoKgN26sg8KfaIr3JkoUxkTOxpKwmCbNmMxFD0Js5LBLq1qFnU2DZD4yRIAs7peY2jTQlpKslcKuB1HHYK6N+0WM0VUuvXkIKSaTtxXs5qGKLM/1KI287hSa7aQABE4J99jk8e3gjxLQrxFws2P/PeXHF0rMsoqov8am1bNrmc7RDH/qSweqW1UEqkYQqwPapdihuWzTuhSd9IJNuOzHE1K1JOelFVlZICIyHhMQPKoCe18bY+MVqrJqoaSH5K/G4Oiba6bPtcdcf0Kaeti5q11l8yDoJmZkOYkJcbiJ593HyOK46iQz2/d/MmVl1/+r7vvEj8sWrzk+uv/MnPm9EoYe8hiZTG0CZPWQgy61RVigAScqKmp8bTPf2HS+DH//Ps/CkHtJZdftmXrjp9dcunSJYtO+synL/jfHxw6exZxWPThwn/f9+9rr7n63beP/f0ffg9EB+y//xVXXL5+/brbb7tl1sGHXnLxRTwMFy1ZetnPL6sp1KIHQFRTU9vZvr2js1t0j6E5tlLBCL5w2ZKtW3YcNmfOuo3rQL7iAiQus4aEAxUHBmbNOuSXl12SxSKHxxEnIqppqDvrm2dtWL9h0ZJFsw89bM68uZz4iuUfv/Dssy3NQ6Ioev+ddzdv3HjwgQch80/+9Kdnz5ktGMVjDgALFizYtGHjBRd8X4hz4AebNq6/8ca/NjQ0Eqd8Pt8/0D979txpU6cAASL1Fyv33nPfytUry8ViPpcL8jnOqVwJTzz+hObm5lKluGr12smTJ1fk9j9GQDWFmudfePHeu+5raWnMF/K9vX39pf5tW7ZVKiXfzyH6lbASBGzb1h0A/p///Jcw5r/5zW/nHDokijhj4n20jPNK4OeXrfj4rffe+c655yxduOjuf91z6CGHtrY0lsoV32NI4k2Q3PN9D3HJosVLFy+NonDthvUrPlp11FHHnXPuuQsXLvzbLbedecbpQ4e2+r4fRpWwUvG8AACOOeboL3zuzHvvu3vd+tWnnHrafgfsv3H9xo2b1nZ1th+43/7fOfs74yeNu+Vvf9u0eeMZZ55x/LHHjRg1MixX9tpz+nXX/f7mm27e+skWzimOqa+3f+vWLb29PRvXb/jDH/60ZNlSH3HS5MlLli8rVcpCmZg8alFOXYkdr8LcgnxTJpCl8uLYzZgTet74ceMmTxyvFWnlqpU1tTVHHHVka9sQ8S5KABg9ZtR9948MKyHzMI6iA/bd94B99wWADZs28Djq6eklYMViX6kcVcJyT293X6m/u6evpuADw5BChowjMgbFciXi0N3Zdec/73zr9bfmz5/X19vre754cci/77rzheefiyJeLJfjmAr5gEC8LAfDMHrphRf32WcfABDnEjNkn3zyyc233JbL5xhiLvDLlXDGjH322WcGRRwRVq/ecNdd/9qydUvO82vr6iphGFXCUqVy0qc+1dzc2l/sb+/szBdy5WLZ89D3fD8IGMOvfflL3/r61/56419bmhvPOfdcznmxUnz7rTe7O7tPPPH42XPmdPd0X/GLyxuGtH7li18aMXTEqNEjCPDHF/1g7pw51//xj5VKGPGoUq6I03fXrd1w37339PT1d3Z2tDQ21dbWrlu77uCDDxIeffMnn/zqqqubGhu/9KWvjho5evqMvT97+mc3f7LhlptuXfbRis7u/r6enr6e3v6BHj/It7QO4ZzHUVSplIFqK5V409YtH37wwbjRY3p7erq7ex544N7169bs2NH+8YqPtn3ySf2fbqipr+vt6507Z97MmTM5IhFn6AkRYADEgMTLmc0BoQC2D3dtrf7ouCwA2+hXNy6WY0h4T/2ZLFuufIzKGiddLdhpS0i3r9Gl1QMr05HVt8Eug/Cy7trsylpxmowxQGElZ4+hqjJ7xmiwrLw1aOnLnR6x7gJAaiuOza80GMgCzlUwlQVv0H0EDaKyS8rpbYsVTtxq5MzGvvKvIjNNUSbCdmMvM+2shA/t2sA+FtFF8xru2zWLhcNOmJ6x50uAjWQ6QH+uslTPBDyULGx0R9HnSKVCbqhiEk2G6Qw4wzxohgmdD0lBNYzdjas6eBdkWWFHEhVDAhvrDmFadA1ptpmDpFqAs5iiqnBnPpfG85p+xwyBpY92LKQjKiPWOs7ReyZNqJFoQnXQnmUF2/ZkBhpWd8xaKaMZipL0UJp8XmqrnS6rpsdMVYlI1cqMJeUgYaCVnFmRqZkZtFbKYCKjxgniSkxEvi8maGSr0vyqqgVxRmms8ZLzlppWN6WSPeiGdNM1M3snGtObVxzlBd0zQPDVIhlTYyJqQyMlKQYmbIjmox0c7MJlZ7+gBbN0UlBKAMRhxeotA8Vo+tQRucCPSW/SSe4+pVQ96Ipyghjz2frZqdPxF+pV8nJsJZNkOiXDI4untMcSLkr2TA66ba4TlgVcq6JKxzGPowhraha88+59D9zf0jqkpjbf3dn52utvPfroEzNnTo95LCINm4/uRy3oQkwYAYURnz37kPnz5rz8+guvvPzaNVf/+uijDn/o0SeaGhuv++MfjzrycAAolysMvf0P2G//A/abPG5KqVKMIsrnaz53xukRwe2337r33jOv+c3vpk6d2NHd+9Zbby5duvjc751bqKst9vflgnz/QP+KZSsYchChhXSRKFauxjF/6cUX9z9wv59d9vP/Offc995dvP8BM8rlUMx7cRAL3gkAiFNYiVqaWvr6iytWLCeigeJAHHPg8qQW3/dyQa6pqWnU6NG1tbXlMJowftwvfnHZ0mXL/3T9H6dOm5IL/O7+gbVr1q5ftbZmRv0n27a+9dprvh/09/VPmjz555ddOrStjRMhY8xjABD4fkN9PTL5xhoe0bZtW/76l78Gfo55zPeDru7OKy9vnDZ1MiLGMW+oq/no44+efvaZutra1atWNTU3jhg2akdne+B5Z37hC8hYZ0eH53k1hXzMORHFUcQ5r62t22//fftLPblCsPfee48YOaqru/Puu+5+8onHz/jcFw46+JBisX/c+PF9vb1PPPLIqJFDR40cqQQFGGOMIaeAMfbIIw/v2Lr1C184c8vced/85reff/6FL37+szFHRPQYASBxiimurau96193de7oDqPKqrWrOzu7Tjv98r2mT+vt6b7kkp8uWbzoV1de1dAY9Pb2hZWQoQcAI4ePWLl61TPPPDNh/IRTTzll2rSpBHDffff/+qpr4gqefNqpqz766IXnnmuqa5w/b/4BB+5fKpXiOKyUw3yhcN4553T3dOdyQd9AH/MAOO/t6hk5asxnz/js/I7D+/sHpk6Z8tIrL91x2x3EYxAZCpECkAYKkekcrz7FAwgAOBEhEHAgAIwj6CsXkUcxj4NcoVQaePaZZ4JcbsfOHb//w/Vf+fJX9tlnr3LIe7p7du5sr6uvF6oXVsIgF2z5ZNstt99SU1vb1z/A0Cv2F3e072TAly5a2NPZ093TuX37wMfLlgOiF/hhSACez5A4jRw54itf/Oq9D9wTVso1NQUCqMkXtm/f/sJzz516yunTpk3oGygGnifeMyQsTS7wRwwfVl9fB8owch53dbX/4+//EB1jHlTKle9853szZ+7FOfc9NlDsX7jww67uztJA6aMVy0ePHdfU2NLZ0TFt6tRpU6cWiwPlYtH3PMr5CCJdGnueP3bMmFWr16z6eOXJJ586e/ahAFDh0b33PLB00eKTPnNyXW3h3rv+9eH7Hxx73KcOPGD/fC5XKpUQqFgszT501p57/pUxb8MnW0qlIkXx5g1bKsXKpElTho8euXXr1nyuZtjw1g8XLozDkHNCwPYdO8eNHX3e+eePGj3yjddeLVUG+vu6pk6a+qMfX9zZtXPRohU/veQn7773Hue8qalp7LgxjDHP91vrWvsHBha8s2DNqnV33vEvCmHZkqX9fb1vv71g8YeLV65c1dXTnWds/drV9S0t3T29vpefsddenh9EMSeIYwSGDDxkwEmmqIFruKpBkHFTBCjhvvL4ridRbxC1/YBc/V3Fv1XL+Op5PO2P7KkG42tJNavhpIlCQLoLd0bObszy38o7gTWLo3gCuhJKPuiSrp2O+mPNRmbv7VG+013W61abwhOo/CdorIqEahElJcG4FQiARKbKvSaYgQ6RaGFLm7duzCOJyISSiU/mm4k4TQFEM2SpgDNZgYYeZOjNxn76fBCJWjUW1E5d2hHnjqlNk0PWQxZMsvcGKexbDYxmw9NkSOK8yCExT2ghWYGLhBiQQkcKY5lY2kQfIJZWphVAiTmaGxofk91bkCpuQggpFTr2oNR4WW3Zy3zVjrHBOCPfWeL+lglNbS6RNRGn9VD8SIZx4k7ibSw2rFScSfRBFRV/mQpW7K67moWmvJtdAsESYzOUWGqcrEGv1aJe/+eiXnTNtLkpHL1C/dlgW09TOCFuhrWzWKoEwyLKZuDgRiCLBrA6aT2CbnjikobK5aC2s7a825fHGPNBnt8vVMQiPWFzROrI6ob1uxzJpCTYUupOJWYQ5AYnLq0SnqEpReADpIP/DJZqrlfTweqXcumZFya+YdKOuBfnhEiVEJ56aUn/QDR+bGtNIQgrscf0Ebi6zsFyU+m4N1k4KXB2lQYkpJ5MVGOsIFr3Us8pw1uVWpciTYSMdKVUlKMwjOJ8Pp8LAgT0AMUklX4xmLS6VidsxUUzVNLxFPLB2nVrb7/9H/maunwhf9d997a0tJ79nW+//dZbzz/9NDLW2tba3dFX05Ab6C9Pmjz1rO99mxFxTlt37HjgPw+99PyzQ4YMKxTyjzz6RHNrSyHn77XnXhdd/OP6mrwQpP5i+b0F77UOaSGxjFbQQADAAt/bsbPjyUcf+expn5t18EGtLS1//ctfbr7tr5UozAc+Q8AYAD0AFGe9+oE/duzYju7uSy/5GTEIw9j3fETI5YNKpQJEEOOI0SMv+MEFe8/YS3T3rbcW3PDnP33wzrtrVq2KIzz985/3PL7vAfuf8JkTZ86cPn36tKlT99xrr6mWRCAycbYPlMrFSljmXMKYYqlv6uRpP7joR60tLaVyhYiXSqW9Z85Ald3xPTz77LPO+OzpQ4cP+9Y3v3nMUcd87vOf7+nrKQTBpMlTa2prN23cGIZhEAQAxIkDsjjixx933KdOOO72O25/4L77996rfNTRx02ZPH7UyJGvvvLy8SedePbXvwYAK1auuvFPN5x88qnf+NY3a2tzRCBSDYxhFFHg+z09Pffdd88Jxx0/avioaZOnTZ464e677zriqCObm5tKpUohYJw4B0CgSrly6OzDjj3xWOb7n2z+5J6779q2ZVscx4fMOvjiH//4u9/7Xmtzy2W/uIzHUaVS8n0GADvaO1584eWd7V2nnHLKtGlThRSddNJJQ9uGDR85rLOz4193/KtjZ+epp58xZcqUMApFHxGgNFD0Pb++vh4AyuVKqVj2MIhCGhjoi+NKpVjs7+3raN+5ef3GbVu3C9H3GHoMgMD3GCJwLpedC1NtezsC1FZYeDjf93zAMGaN9TVr1qx6/913jj322LYhbYsWfvC77Ztv/dvNNfl8exyXK+WW3BDxVJALevv6fnrZpe+89c7EyZM62tvHjh1d7B/4/rnnNTU2PvXM0zW5mp/88EdhJV70waIxE8d5nlQlxiDmvLam5thjj7r17zcvWrj44FkHFYsVLEBnV+fKlSv/538uBCI5MUdM6z4RhWElrlRAnDDEoFwpTZ44+U/X/yniEY855zGP+ZixY8KII1EUxePHjr3+T9fX19a/+/573z3rrMt/8cu9Zu7d2d4xdFhbX09vFFU6O9qBJhMBIMVRjJ7n+95Hq9b++S9/rURwyqmnCp7lmP/tb3+7v6938uTJt956+6svvXLkscd8+jOf5nE8MNDvez5jyAn6+4uNjY0MoVQcKJfDKAybW5oHyv1DhjbX1uTq62rGTRjXUN/Y2dHR3t4peD9uwvhPnfipN958/ZFHH3vqsceHDG37cMG748dPmj1v9vx58/bcY/qypYvvu+fe9h3tkydPGjF8GAAwxMefePyRx5545fnnA4Y1+ZpCTaGrp3OfmTPP/s5548eN6+np+vvttw9vG3LSyZ+ub2rZvq19SFtrFHPE2EOsKciziCpRzBAYoxgUiHHQmmtjdTiS4X+S4GOXmGOwDTa76UYTTnMQZzVoW7t1Jb3Wbh3IQQ5frPR8IsRK4l239wq/mrtJ7pqdUqjcVwZxSYJJK1WW46x2ZfyWGmu3zC5lIQsl2AQOfmVLakap3bgMAnCeFRYSE79YEZrSjBQhqYS+Q44dNCgoasQhsStV3lN5AYN4srGopK4ab62+WQuerZgw++CkwdWqSkJJu5n/z1potVwldDSNCqk2611F2ayC1cfovyHYUU8VE5JqwolSrchGCJUaL7IGVInbIHZGVaYOXK5GL6mxHVRRyBCmZDk5crtlk82n3VO6/+5KxcVVjZ1MDngI5Ur08ZodDGnPqSNMQh4A5KSjK7eD2qt0rsTVGveHxAe78O6IFhGgOv9WBzMWheLsH8dMGGmR9kHLpO1y1NiqVRODTDOq2WL7kDRzTHdyV4X6yol3d5XLlYhibiVA0YqtLT6gbc5Sl5k3yTpl2Ek5p67MscxIRZNa32rgsilHpmt6llojabte1UtNEJOjwJB5HhHtu99+J5500vPPPO35/sDAwOHzjj7hxOOIuHi7YzLcTRl/0C9UJCCAnO+tXbf+a9/45usvvzxh8pTvfe+7bUOGXnXNVevWr73v3nuCwB8oDbTvbA+C3PDhI/oGSof0DZzaf3JdoRDH0QP/efDHF140fNjwhsamyy77+dq166665pqJEyZ07dzZ2d6ZG9YaRTHzIPCD+YfPBgAOhMxD4ETEOYk14Hfe+e+tn2yZPXt+JYq/+q2zrrjyijffeu/gg/YrDRT9nI9AABEAMvQBIAi8tuFtYbm8as3KufPmzZ49t76+1vf9IPCjMO7rG3h7wYLlS5f29vQgoudhV1fPD3940euvv3bwgQeHIRWLA8W+/tdeebWnp2vhhx98smnj8qXLSuXSgw82DJRKURwdetCsaXtMI05xHAMAERd7ksROs4jHTU3NRx51REtzs+ZoFMdRGDLPY4ilcjhu7Jhx48Z6jPX39w9vGzpxwjgA4JwzxJGjRq1cvbq/v7+5uZmLwASQACrlkuexww6Z/epLb7z++usnnvSZKZPHT548qaG+7tabbhzW0tRXLP3jljt6+/vO+Pzna2tzPI5BbUCLYwyjqKaQ//sdd277ZMfVV13T1taGwM/93rk//NEPn37iyW98/cvFgTiORN5MnJ1MX/ziF778pS8DwLbtWx+4/97tO3Z6njcwUDr++GPPP/+8a3/9m9mz5zQ2NwDE4l0yvb09++y3b1gpbd604d93/dv3/JaW1samhrr6fHd35xN3Pbn8o48mT54cx2F7Z3vrkNYgFyBgxHmhkO/p7n/8ySfHjBrZ39MTlitjJ4w/73/PeevNN6668qp33nmXh/HxnzohF/j77bdv27ChoGZ0AZBzqlSifD4gtVIk8V5kW9IR5MKNKCbf98Ioeuqpp3t7u7/2ta+NHjPqxxdf/ONLfnTlVVdfesklYRQO9PUx6fdw3fp11/7ut+++++ZVV/3q5ltu2bp58+z5cy646Acb128o1NbMnTNv0Yfv5/O1w1obp39hj4lTxouTqHSalYgPGz60vrb2pRdfPuywQ4QObtuxNVdbmDdvDgcC4pzLve0eqmYZEwkOZAhAhNDc1Lz/AfvYfYo5L5bKzEPiFOSCXKGFIQS+39vbM2Hc+Aljx4wePTLwvK66nqbmxuUffTRr1sGCsFwuJ95M1dzSfMpnPrN00eIlixeWyuVSsdQypGXUyJENDRNvufX2u/9919y5c2bM3Hv0hFH5fA44B0AOwJBqa2tefu2NfD7XvnNnaWCguaX1e+d+9/kXnn/mqaeee/aFnq6e4086IR+wYrF/n/33qykUOOctTc0x8rvuvuudt96dMWPvvfeZiYjX/fH3H36wcNq06cOHtp1/3jlf/sKXlyxbes7557cOGRJzqkThSy+/sn3btqbmlomTm3/+i5/ts88+L778LAzD+UfM7e/r27p1Y7GnfwePN2xYN2JUNHnypGEjhxMhMqzJ5zZs3LRt27Y99pje2FAXx5wIGYp3x2rAJCTD4KIM0UlMLeqp9aR1T1hVufWU5IYiNyti4XwDh0gfpGGQkY2VLHLI/KJdm760P0nORViRn103qNw+mcedjjvMcP29dtkufXaroHqF7nkUqqcI4Kb/dRfc1+PIsnIFmuygSR9rPiVWbaUCLYst5hnzNYFg7dr0ZhpTNeoKydRXDR7bm/QSsbn1iJ5jtHGBADUqAjcdsAGzBOcKPOhhRHmEPjrPkPUE2XUkqBIjobCU/J9zBknqQ6rjoLtjOJ2eZ7YYkBXeJaCLK3gONNWQ0R1o0dWs+Es8hYlbYCFYADP5JrhGjtIlREo/7piVLPBor57VlGTPlNqGAiwGCrth6E+qfrUQwOgOyehEP57dBbXRmpxo3ig5WXIqjaqSLuWe9aS5cteuLc6m1wLGtmIaUZJPkZOzcB+34hW9T8+qRSJxS5FIVao5ATbPIT2YzmoCi0x0tDRD5s3bdxI0Wz7CPK7DChVMiA4zxvoHyo8/v6S+Njd14jA/YKC2JllVGs1y69SjADr60xfa05Lae2VN2mWNnKY6re8Wv8T8J7lD5RRKJyP/66vqntS0xbda1s2RU15JMHNAZ7WG9aekdGbbueStwUphVe4rSo0pz2B/dRijyznmIKt2LsYXPQ89rxLxaVMmX3nllUNamjds3Dx6xPCvff1b++6zRxiGHkNOII4bNKahestCTRFg2/adO9vbTz399AMO2L+xoWm/fffdb7/91tav+f0f/zBy5MjXXnv1ut/935lf/MJnT/9cf39fLp+vyeUYYrFS6enunjFj74NmHThm9JggF5z06ZPmz5u/4K1XwiislErM9yvFElQ4YxHDGt/3GWAEBIRxHEdxXFtTePu993977W/O/PwXD5k9K47hqCOPvuPv/7jiyisefvAB5nnlchT4HgBxQgR/x/adXZ3d9XV1fuAPHznyC2d+4YQTj090auToUatWruYxcSKKqbNjZ7625vvf/58zzjxz+PARjc1N773zzoZ1m3d2dGx9/tVKpbRt6/ZPtm1e8PaCmENPf89XvvCVi370Ax7zOAwBIKxEwqBxIAaIhP0DvRs3bvK8YKC/j8cx87yamkI+n/cYI6C4Umlv7wWAIUNay+VSZ093qVhCj+VzOQA49NCDH7jvwfaOrubmZiDK53MAEIah53lhJZwyecr//uB/Fy9auHX75jvv/OfmzVtq6uo2b9x89tnf833/u+ee89Wvfm3smJHlMGRSLIlzKpcrjY0NGzdtuu4P1592xufmz5sz0N8XRtHpp59+57/v+sMf/jB7zpypUya0t7d7jOUpiCJeyOf7+vpKpRInKJfK+VwOGAFAzKNKpXzO9767c0d7V09vRHGQy9fU1AJATU3tfvvO/Gj5kltueqh1yJByVO7q6Kyvra9vboYYtmzbOHbseM/zH7j3vs6O7h9ffHHrkKZKuUIxD2qCDxd9+K9//3POrEM/XvlRQ33DPjNmjJs4ep999u3q6Lz51pvikM4977woDPP5wrQ9psRx7DEEwFK5/NCDj7z//vtnnHHGrFkHiiOmELg2pPrIGf0qZmTIY4g5NdTXfvDBottuufWzp39u//326+7tO+rII/73+xfcftvt69dvyNXm+voGgiAPAOVy+Z777nvoPw8+8uBDI0aOvOOf/yyFYWN9w+W/vLyutgYBHnr4sZ9/vOzKKy+vqa9/483XZh9yWBRGwkBzHkdRNFCk2kLN6NGjX3715Uvgx/m8H0XRi8+9WF/bMGz48HI5JIIoin0fiJyTBmQAwzky9IEVSwP9xVIchlEUxTwGwlwu8H0PEJFBzHmxWCkUcv39A57n9Q30l8oVDlTIFxobmyZMmPjma298/Wtf831kDMMwYh5DZMOHtA0/+shbb7rp3/+6MwK+ddPm1iGte+49c9KkSXf9+5/jxk4c6C/+/ebbXnz2pauvvWbC+DFERDERUBxHf/j9dfvuPcPzWSEIxo8fv8f0PfK5XE9P746dnds3bv7U8Sd19u781re+u/fMGZ7nVSphoZAv5PMtLc0nnHD8N7/1zblz5951z11vvv7mqaefNqytjQiGDm1jQTBs1KhDDp3l+35vf4kxOO+880YOG3HNtde889Z7uXweAPq6+zdv2nj9H/740gsvLF26NO/lGGPPv/hSvpAfO27iZVf8ctYhByPRc88+98wzz27bvmOvvfb66te+Omrk8FjYPhM2gDLeg3iaXVy76QXJhC7SbdltmSEXnxKTGdW82+5T6cB292vSq2fEgckrddMGRro+Ne1ByaKOr/9/wBFJz2vClV0xZFetqb2FuionGjMH6prqILEoV+GnwQIxl/rdvbKC2kE6o39CR7IyntHAhMDohlNA8/a/o7jaRep4xsHKqLm1FLW7Og1MtfH/3yuTE5iSsBS8QrBeFJyYkFfRXdVGhW9Ia6gzI5ikzBKENOvc6ESqU4oAK/YAe1Op3UtL7zP2nSe0Se8CzGIjqhAyk8eDdTXDtLmBn/oiQ1D7jHH1g0t3leAz+0LniarFdk80UZ+4m2ErVUuWqZJpJKqUo4rvi0NbBM06O5ea/ts9Qgw9pD9kV2PnZFBZDCUOGfsrtb1EBAA/awemiHWz2nIPVQelOc4s/yApDVvTpNF2XYgWWdVrsN7BpmoAAAqJooT30dEp6lGS9OgtwoaG5AJ61Zjdr0EXgZhns5ygSTCl6iBQE7z2qcwGn5DaM4w6OUVWpQJMqehbDAdjDDhBOeL777fv9TfcsHPHztbW1paW5iiK5ftJ1JZT3YBZKGWPpMQSxBgQwL4zZzz39HOjRg0Xx/709PT2dHTN3FusX4URw4eWiwNNDa1jRo+ohKHve2EY8TjO5fJf/+rXPvfZMyZNnqiPFBLdQOZFccxEG5wHftDV3bNgwYJpU6dPnDyhVCkjp9ramrXr1593zvkjRoy84AcXEhARDW1r/Z//+d+vf+us3/3+jz/50YV+zMvlIkP0POYxfOvNN3jMp0yZHIVRFIYIrFKuiAWLQBTFvKaQb2luieIKekz0cOiwoTf+5cbJkycRpzVrVj70n//UNdSdc/65nKLWlta/3PCnnu7XZx86+5hjT5gxY+aWbZs9z2OMhRRxTnEcR3GE6EVRHEWRj8xnHqDn+36Q84Mw4DHzPMZEughFlhI9j+XyOc/zPMS6hrpCTQEAli3/qG1Iyxmnn3H7rf94//0Px48bg4hPPvPMiGHD99xzT0SoqSkAY3tO32Pz5s0//NEPSn3F/mJpxPCRv/ztLx59+PHb/3Hz8OFDJo0fAwDlOOYAjGEcURiGjY0NnV1d3znn3IaGpvPPP69QW9fb08s5BIF32WU//8zJJ1966U9v+dtNLc3Nnd09RMA8Vi6VGuobC4UCAIwbN765pZVHMQDkgiCO4pqa2l/88heFQu6+B+6vqaltaGgAgCCfywW57Tt2NjY1XXDBRYWGmqt++Ysxo8d88ctfW7F8+X8euG/WwYcefdwxt9z8t3VrV+/Yvn1Ia3Mc8yAIyuXK088+09xUP33v6c+9+Pxpp57c3dPz/fP+57C5h13yk598sPC93r7eMWNHX/Ora4a2te23788iHglt6+npueeeux966D8dHR3T9vh9Y2NtHHNPnpBpfIlIoSDK05WIqLmxrrun9+qrry7kgh/84MJyucxjqoTRGZ89fcaee9Y11rV3dRbLpWHDhgJAHPEDDjjgzzf8+eBZsxa8924uH+RzuSiKeBSViyXmsYiiUrk4UCxu2bHt4h/9+MILfnT2d77R31f2PC+O4iiMGUEQeA0NjQ8/8siOnZ2trY3btm2785//OnzeEYC8UimjeMkQsYAxIhIvWQnDMOYgsjAeIXES5/sSQ+YxfRAo59zzPASIgQeBH/h+Y1OT73mtrc2FfG7nzp2LFi7eY/rUI4865vbb/76jvWvYkCYg/Oe//33A/gfut8+Mcrmyo71j1ZrVn/70Z8aMGf3hBx8s+WDRYYcd2tI6bNzo8V/7+tdmzNjr/nvvf+WV17q7OvnYUYgMgALPe+31N1esWHHScccsXblivwP3nTJl0hOPP7Fi+dIfXPTD3lLP4g8Wfu6LZ9z0579+8OH7+x+4H2Me5yERDR82sq6ucd2atVu3b3vzrTduveXWY44++pRTP80Yihhy/fqNxWJx08aNY8eM5sQZeMOHj8jnc4V8rhKWOUFPb285rEycNPnB++5vGTLkp5f+vKWlMYqgobFx+bKlt99264YN6+bOPvS1N1//xz/v2GevvY866ognHnvwvnsePOusr9Y31IYRV3s1Udp1NL7CAmAWclTzRUjaioMDhIxJNwXsyRl78tMys7IMSpusbhLaq4LNpi8VupJK1WvfTJbTT8ZIAJbzUjVZhMueKq9tO6/MiU1MsMV1mhoDOLuklMNRThJtvicug85139H6T+RNLaSO8jh8a7eRfVgIagCU4UDd02OTh3nYc1wKdKsjBQHkceEWt3V0pwoaJIoW1lb7Ax1EpFZvWMPi/pQYPt191R03onNCYo0jrPOYwSLZjIrgD6nIIAntJPuk0Nh3ElMhNqI3WCUx7a+fNh1OT3eDEW7rACeLS66oOFOshl+GWiucQCXQaPXeTQMZtZYQ3x07GxZqIdINKIRmAyvFdAupZqxvT404KKynfrVYYLrgpEXs/tujnNiejZaKqUVv6Iyg5jBaX5NhArkLNywJkebJrsDiocMHWcTCokZKLPUglzOaG2jfcRlg/hqhtTb3kU2WrsU86jSXQZEqY+mf8RTJyc+kbVM2NikEIA1nuh9a+MCSU3GTIeZyHvMQMCOTlNGERZ+pVi1wAK2t7m58a+YbtVaQOTTYnPIGyrtYQmjG3bJABKDOH0rwwDJlmPAumQvK9YbyQWLtxGJazZhMJ+3GnI4MCRdQjiHkgCKOTJSFhBpnO9qqRCYKJSZmUxJvWTf3IbSqSwquodGSNpnpsqpB+0ltHoxdU/lLAPAQOIdiqVJXU9M8aSIRD8NQrOezjQmBjL3RGA0AAG5vI5C+FILABx4vWbRo3fr1CxctWrdu/UknnnT66aeIYrW19eDhQHEAAHw/YAj5XK5UrgBg65AWQHrlpVc2bFxfrlT6+ouHHDo7DCsEVFNTxxhraWoUlfSXyn/5618/e9oZU6ZMyPlB4HvLV3x0wYUXrVu56s677h49bmx/XzHvYxzHxxx3zHnnnHvNr36VC7zvnn1WY1NDFMXIMIyjxx5/ZN/9Zo4dO3bN2rWMsbrG+pyYWLSupsbGoOArjlMQBIV87vnnn3vtldc++ngFJ3bFr66YPmUKAKxavXLJ0sXHHn/CIYccsnjZwqlTJs0+7FAA4AB1vl9fVwsA+UIuHxSGtLZIVjTW1zc0jBkzpiafr8nn3ZaBCOrq6urq6gAgDCPf99989fW2oa2bN2565OHHf3Txxccec9SsAw/8++23HXnE/La21gsvvPCLZ35pjz2m53N+R2fXy6+88vbbC5556unxEyZf9IMLV61d84/b75y6x7S//OVEziu/uvyqRR8u+/73z9tz+jQAKFeiXC5fKOTXrV//o4svfvftD2677fZpe0zu6St6QT4fUHd/efYhB19zza8v+P45F/2o/tprrm1uauZxBMQZwlNPPZ7P5zzm9fZ2LV+65KijjwEA5nm5XA4Rawo5ANi+bQcR1NbWEUAQ5BhiFIatQ4YeMuewYW1DHrz/gVmHHfbpT39q3LjR776z4Ljjj5s7d867772zeuXqoUPbkCEgy+dzi5Yse+ett4895igEZIztu+9+jz/+2OuvvXrCCccO9Be3fLKtv7+vobZ+6NBhd/zj9j32nH7m5z5XCUMAaqhvOP2zp61csXTlqhUb162fue9eYRx7vnzxEQcZYAi9YwgA6DFWVwh2tLf/5JKfvvbqq7fdftvYsaO7unvy+TzncT6fP+igAwFg5dp1vd19Y8ePBQA/8I896mgAiOOYeT4w1jqk2ff9xsYGMaZDmocwCLwgaGlsXLtyzb333/fd732LAAqFgueZrMs53/3OjL32amys95jX29+HHv344ot9z29qbNRluFrF3dDQ0DKkZeiwNs/zams8AGgbOoQxqFFv9LGvgYESANTXFQAg5LBjx46uzq577r7H971Vq1b3DfT//LJfHHXMsddf/6d//fPOiy78/vYd7Tfe9NfrfvtHRKytzY/Ij2hpbvnfH/xva3PTuwsXP/Hwoxf94AIAeOXF5z9z2mmjhg4J8rlSGI0ZP5aJrfVIgPDAgw8NHdK6x957r/1k08y991m0aOFf//znCRMmlAb6O3a2r1u3eeeOHS0tLV/52pfytTXf+OpXfT8govETx1940YVX/vKKa6/6NRBxBp8984y62joAWLd+/Q8uumj23ENLAwO/vvba6/7vd1OmTO7pK/b0FwttLZyT50HrkNZHH32sEpa/efb3uzrav/7tb594vFndsHrNPs899yzzcwDw0H8ebGps/u755zXW1w1ta7719ntWrFx70AF7i8lkAA8AgRHEaXZWu4TrcYCsxJwJvA0WzNdBkWVT1V/L6NsORbm4lDdhwFRq0HUPZk7VWgrp4C7XI4FZheUSswsGMLs/STeeme/XnJGQRKMi1fogky1WJejOlCSXhwlqFE5IvolC4ysrTEj3zRkfQbYcSGtSFKxRU4gvkwm2J0+G4m6zbunk0xlXogaBglTA4vYbU3EjApCaYHI5oWJtO45NRCCy0jSJJjDLprhaR4yMZkx7aPI0xrZlT1Esbghcqve3pR4V4EnnFxBM8iYZzig+OZwcrBt2qQSFVjCnuuz8rG/ac0bWrJwiRSA1je7l8lewxreq9qLqk8mIOAckpEsDgDhKPhl5ukQP0qaMRcwLr5I4FpS4mVuaxfqD1YIzcHYtmrgEnlb2NNGwrJi0tbQexfTj6kEnfEpdJkACUwYR5OuNWGLbBegGRFCQyUjMMowWR1KRiXqTIgHnAsBT2uO4QZlSeMMOHYpYySUrXE6QaSLAlDEQ9Zjl3I5+casXzqPy/KEEH9SHZBSXDi+1vbMn+t217JS0kaoryZlNxZCUp9FuQXKKMW/ahGEDxdDzPeWUUeeINWUJ9hmC0PFXGmLsyh1bdiQlKMlxsjJDduy8+5ejE+bIIgOBEOztqYItCMRK5UqxWPJ9z/MC5okTwtCIjOKmglEiRrY3KAsRIURYvHjZeeed53sMGTDfP3TOYXX1tQveXlDIFwD40sULi6XiypUrFrz9drlU9oKgtbVtwpRJXe0d99x7z0svv7Jp3YYwqgwbPiyfrx0/fhKLK929XYuXfFgsTeZR7Ad+FIWr16z1mdc6pJUIujo73357weVXXbVtw6a/3Hjj4Ucf1dVTKuQCwJiIGMGFF/6gq6vzV1ddtXrlx+edd/70PaZ6nv/8y68uX7H8xr/exBgyj8VR9PRTj2/YuC4OI+Z5SFAuV8qVgY+Wf7Rl83ZERkSM4auvvXHTjTft3LG9ubn5kNmHHX3kMePGjlm/ccMbr796019uHDVq3A9++COP0cOP/ufRhx++8Mc/Pf3UkxlAZ0fHu++9S0RLlyzNed7d//6XF/hRyF999eVNGzbdd9/drS1DojhmjDFA5iGiP2/+3Jbm5iVLl73//vubN3+yc9v2ro7ud997/+OVq0aMGr7PPvuMnzA5DKPzz//fT5104r/uvuvMMz4bV+KRo0bnAq+ru/tX11z7+KOPtLYNmTt/7gUXXTRlwrixq8b/6urfLF+1eu+99rzxppvuuPOOv9586+Jzl37+jM+eesqpw4YN6+rseOOdd6+68sqPlq+84Ya/nnDCMX0DIaAPjAFCgH5Xb/Hsb319YKD3Zz/7SU9v31VXXD1l8vhib5+Xyz3//HPr1m7csXMnIBVL4fBhIwDAYyyK4/Yd7UEu6Onpfe2VV+ubmlqHDomJeru7165auWzJks6dOz94771CIbd+7ap8vrBk/wNeeP6Frdu2rFm9sr6ubtVHH7V3dC5ctHDixIltbcOiKHri8ceA+KyDZj3y5KPDhg+rra1/5LFHTzrlM9/41jf7+vt37NwRlcN8oebSS3/a0bnzjn/+8/jjT2hqrI9jXlNT+OpXvrJy+ZJXX3uzubVFQo60bRZWB8ljGHhs8dIlV1115SsvvXrttb858cTj+/oGcrlA6OjOne1RFA8d2rbow4XFUnn69D2JOHHe29eHHquvqV27dm1fb++oESPfeuutzZs3e17Q29vz2msvd3V03fuvfxMPhw5tW7Rk2YuvLZgza//Vq1a9+/77iKwSRQywoaH+wAMOfviRh/sHiksWfVhXW//qG68tX740l/eRsUqlMmr0mIMPOnD9ug3Lli2Nia9bt45x/tijj5bKJd/3Fy76cN26Nf++6658LkcEMedxFIZhZdjwMXPnzYnC8OVXX1u9ZnV7e8err7ySyxceffSJ+sa6YUOHHXf8iSNGjGob0vK1r3751lv++plPH//WgrcrpXC//fYulcqPPP7U1EmTejo677vr7lmHzPrXnXetXbPypZdeKRZLKz9e+uRjj++/z95vv/FGaWDglVdfbqhrnjPn0Jp87oOFS9//4N0vffHzH69cNWzI0GHDh//+979vaqo/69tntw4ZEng5HkF/f/GLX/7ikmXLbvjTnw7c/4D99pU7V0cOHRF4fkdHx1577Mk5PvX4kxMnTuof6D33vPPr8oVLLr6Y+XDiCSf94orLL73kpyNHj80VAkTs6xvw/aCro+POf94xfuy4iRMnRlH5uaefzHlepVKJ4qi+tuaD99/t6+sO8jkAmDhuwouvvvj6G6/NOvCgJUsW1jfVN7U0gZIQnTFHNRWXxh2D+H9peQ3SAKsOx2SrlSuU+EUnlt3W7Ggwud1pELynTX8yNEFt6B3AaEO7qhFZ1aZ24cNcl211UMU3zmKfQRxt1tRQ9q8W0LLez74LF66eTENwSn5LU5IJfrKoTDVoZoMHo0I/PTj21748a94vBUyqxwzpsFkzMBNz78ZVjfukkOtgDycozZgPdCTLtJcWmFSnEzPPaToHC60GDbs0mndNASbf3piGuuovgSseCYRutQJQPT60I1iHbrSY5X5I9CtlydxLdScRNCaKZCpvRqyVMFQ2zYmCqP4kEDE5s6lOJKl3nmfVKKwSmlhUVqPBcWbfMrfWZkvFrkwQKrzizCgmo54MmsF0x15bQoARURSGEaecn2GRkjurTWitZcEKODE5HrbcgMVPDb0grYJoypuiaXcL9v5P13zLWVZTYTIWtUq6KyjUzczCTm0pE+yksrLkEhGI0PPg5GP27i+WC4UgjEkBC7TP4RLhmVhGa/b0m3SajH1NnkN6fytitFaiyMyTzR1jCCyTrRIAKI+ncsZB+3BKEAMu961mExWIbxkSRtINA0AQ+Oq1Oijex6PbdU64tqwZ6VeBAogdbGLVLue8ra151qxZ8+cfMXHS5LFjRj344P0//dGPhraNKJV62zu2lyvRU08++frLr4SVMvP9Y47/1M8vv6xYGtiwbkPgB6ecdtr+Bxw4efLExsaWUSNaP1y4cNL4Sb/7za/rG5or5VI+n4+isK+ne6+99z3woAMrYXjv/ff/9JKf7Ttzn3/+6+55R87u6Cl6fo4DcWAeUsR5fV3h17++euSIkbfd8fc1q9ZeefWv9tt/5s033Thl8tQj5h8OADyOO9t3PvrwQ088/hRjjAB9n1UqlWKpPw7jvoFiuVwhACLsHyiOGDXytNNPP+KI+aNGjkSAD95/79pf/3r1qlXzDj/qx5f8fGhbo8fY32//548vuej3v7tqSEvz3Nmz16xe99vfXtfb210qVgZ4/IvLLudAPKagEBTyheuvvyHmJNCn7/tIVN/QNH36Hi3Nzc8888yfb/jziBHDWoa0nXz6GYfNOXT0qNF77b1XTRBUYioWywcevN/ZZ3/32muveeg/D8zYc6/DDj2MeX7fQKlUqnzv3HNO+vSnpk6Z8srLrz760AMfvv9ex/ZtrU3NRFSJwu98+9unnfHZiy+++Lrf/3HMmAmnnnzik08//dOfXVbf0PSvu+497rj5A8Uw5uQxnwMwgMDDGPz+gdIF55+fzxUu/vFF++174CUXX0Sc54L8j350ycknn7x63dq6uvpKsTJx4sSYc4+xrdt2/v66P3a07wDiGzZs+MbZZw9raysXBx59+OF77r5r29Yt+Vz+hj/+IQrLn2z9ZGd7+8b167fv2LZ9+9abb7mlNl+zefNGQPzlzy+bM2feBRdd2N/X+9orr86bN7+uoe6l51/8xje+1dzWeuDBh5xw/LEfLv7w5r/e+MqLrxx9wqe7e4qtLXVf/uJX3v/gw97evqbGBgDs7et/+aUX1qxbd9qpnx07dmQl5owhFyadjPYjCrdOed/bvnPHFVde+cFbb996822f+vQJ5VLZ9z0A8gO/s6PnpltuX/Thu2PHjn3qyadmzNhr2tRppVIxCPy+vr7Hnnxq1coVH77/4dFHHNXd3fPVr3zVY5gv1JUr5SFtLXMPn/3O2wtydf7nv/C5+x58+C833nTk3FvffPvtS3728/q6+jCqVEqR56PvMQYsotj3vPr6+t9d9/u8l6+tKwCjnTs6jjvuxIMPOvCd9z649te/GTKkpa+3f/lHK3/5yyvCMBSLElqHDLvm6qsBvJhTFIVRVCmXSnPnH3PwIbMgjh544KFnn31q7NixEydPPu7EE/fdd/9Ro0a2tQ1vbWmgOIzj6Lzzv7982bILLrxg6+ZPZk7bu1DIL1my/MLzzz101mH/P97+NOq2JEsIw/aOc+693/C+N7+XL+c5q7LGrCGz5uruopupQYBoJsFCy8sYo2WJBSwzNKLByLKXbNmSkJHkH25YttCSlmiwjG1BN4KG6upuqmvuGrJynoc3ft9733CHcyK2f0TsHXvHiXO/L6tZPlX5vnvPiWHPU8SJezg/+vm/+3f/h//X//Di8y9g6/6D/83fDMG/e/Xd/+q//L+cO3326tV3fedfeemHy6X7r/+7//rxRx78//5//tGD9973hR/7sT/0M3/0L/2Vv/z5H/vCO9ff+fynPzObbf4//u8//wt/7+8d9RgIVl3/V372r25sbh4czQHgq1/96rM/eO6555575+rNf/fP/4UvfvHz195+9zd/89t/5+/8377ya19ZLvr/8m//Fw899EDbtv+n//j/8Of+/J/7a3/t5/7T/+xv3dy7+ff/1Vf/n//gH3zmc5979nvfe+vNN/74H/sTly/ddbA4+u/+27/33e/8YNktl6vlzubm7s3rb1+73veBAH7mj/yR1995/R/8wn//na9//aWXXvoDf+jfeuzh+4nINY1Y9jL7A5Bfm2brq127ihIGVhcICMmBi7ZV9lTFjUziF0ZSIxs45S1xo/nEoPpLMFi2QonsSixHg5sy7C9vJ7fA3pF0IwT2XMPcrMQg5uX1QxvSTIPY2kTTxVP1bBj964nNFGAzAYaN+aNCUllxUhAUIe1IyJiZWFuNLGBSIVNyy1yDKLaYSZIjOx2LnNaOj+YmE5jhFsbFTDsekC8in3FMm9YNGAryFP6q+Qxf6sljmaWQpgMOY61kzfPeQwSgglGGUpE4RTyriSLiYfpJZK9XS8yxRpjDNDLUSL9DYBnGVX8NVi0IRx6hCO2GewxhcMlijY7wlTWLbzzq0NZOPtKtECapiin50bsTJH5W+9IliI0tMpD5PCfihRETVw+BhGhe9VSJ4GJ9DPXkHNKBARAM0QhtIg7ykpiKvxkUY1KYOOq5oZXicbZa8ac5q10qpa4yg2O7S8C6EXWYCCZt8/jDdzXQg4teB3VHIzalfVXfxt4T1SmTdjKJgaKRqm1OqYRNo1erJhpMrT/VYMuz6rXj8ZaV0SsO1xwbCFYtgIXt4vnNC36jJ+gD8aGTdvL1lVQot6Kg2FUlcOWYQxROiKwax4rwcR1sXaws2Sf7j4n1SIgOuMieX7o4QTlT4EFAbBoEJIKPfvTDf/+//4cb/HsGXbe669Jdf/AP/5HJdNKtVtPpbLa50XXee79arbzvH338fd1ydeHipX//r//1tp1sbc9YvIiIPvKRj/6Nv/m//Zf/4peX3cqHAETOtRfOn//8F7947z1X5ovFqdNn/ugf/xN/86//9Ut3XbixN28nE3BAhAEdALUurLpuY9r+7M/+rz//hS/80j/9JQJqED/xyWeeeupjzdQBwNbmqR//bb/9d/2un37ggfvROQo4mTgC6PtweLD///5H/zD+umMf6Cd/6qd+90//7sahXy1v396bTadvvvnWwXzx5//SX/uZn/mDjaPlfBEANjdn/8n/8T/7W//533ru2Rc/+rFPPvDIQ3/t535uuVrONma+D4vFEoAmrp1tbPBSM1AIwQfXuNCHjc3Z/fffBwC/79/4vR//2Cfe/6H3X7l4SRE9dN2CqHFNc2fe/cW/8lduH9z+xV/8xT/9N/+9xx5/eL7sLl668rf/i/+0ATiYL0Pvn/3Bc//N3/tvjuYHv+unf8+D998XBXZvd+/SufP/17/9X337N7936a5LgWjn7Lk/8cf/7T/4h//Ixz7y+N7BKoBrXaMiLppMmt7DvOv/nT/9p3a2t3bOnCeA7e2tn/mDf+wTn3zqkUcefuSRhwXGVdc7xNl0snPuzLMv/PDB+x/4d/+9P/vbf/tPNY3zns6eO/fxpz998cIF53C5XE4nk9nmRqAQOr+1dQobPDzc9ys/3dhAh6v54uFHHp1tbs7nh//mz/yhZ555etnNf/8f+MO/83f87scefexnf/Zn29b9/N/9O99/9tnPfP7H/sDP/OGdna2+D598+hOffPoTABACNY373vef/U/+z//5Z7/w2T/9Z/6M9z54co3j5BOIJECKzgQJoO/6T3zy0//LP/Xv/ORP/vh8MUfAyaT1PqBr4hFeb129+tpbb33kqY//mT/9p0+dPrWazzc3HRB++9vf+4Vf+G9/6qd+x9/4uZ/bO9j/N//QH/2JL35uc2t7a3vnypW7NzYmfe+3d7YmzeT9H/zQm29f74me+cxnfv7nf35rc4OAHDlAcA6mbeucc01LANQA+eA9BQqLw/mFCxcA4Atf/NzFS//xqVMbDpuu7/qu9yEE7x227aTpQ0/oQudDCIguhHD69GmHbrq59ef+wp/9k//2n7z/oQfOnzvXNNPZDH0A3wffLZ0DhObixfP/+//oP/ob/8HfcK75n/0v/lTTNBubm//zP/VnphvTT33+s6tu5drmp37nT4fgu67bmG1Mp9P54ggCbW5tI6IjaKazrc0NAPjij/3Y7/t9v++e++7+Xb/npz/xyU8+cM89f/7P/jkH8M/++b/8hV/4+3t37nz8M1+YbW72hNC0//5f+6uLRUdEr7z6+i/+019+4MH7/sP/3X/40Y88CQDwsY/+9t/5Uz/3N/79u+954C//xb/82KMPzher5fLw9/7efyOE8N0f/LBp3dtvvv3lX/3KhSt3/d7f//vvf+Ce/9Wf/Qtf+qnf5kN44MHHnvnUFz/3mc8u+9ViuTq1sf3KSy//s1/+5XNnzq88nL946S/9xb/6i//kf3z55Vf/rT/5p774+U8jUCBqEAkwAMRf7CFxnNmK/ogXUgyNOHRhE6rtKv9rX/EElRTU9qpVrlGPduz6X+FtxqcwPSTMsjG5jZHXjiLeSo2T14uqPbD8cNK5CvjrCGanXukCKXIjnu5HXQYcwKL8tRGNEYw0fxQ8qBPOCg8JKJ6bXQVcxzrFXNUDiCpo1AA97p6mpwyiJZlOxtkaKzD/pfIBR0usgMMtXmr+Y2c/AYBYspeOVzQcDHxc1DoAqjqFobhKHKsXQx1OgiZBjivL1nbbYwayOrnKmsfJVIm/ddIrieKxYJd5f5YHGjSjkpMlUHUW2TSvluLZW/aezqFK8qqNMXp0QkToPWxvTn7PT3yAMMymTVE6KdkxghmamtzYNczvkLOPsR61nLBIu7z3+tVSAS8XJig9YihIRrbvpMrj6AtN/TfPZ/cmVV52l87ZbTEYCovFvOt7304nhPGcl6SMtuZUE2CS84tzRpclmgxgIq78tgkCqDd/dPEG9Z/8k9nFjmIORFJjLSyQvSM3RgAwh3ln3qXME2Si1EM4mCvVDBIfYSV1U/27vvzmMTTAQQKgc4BEvfcEiIiNw3qNhK8AcHi0AoCmQSIIIfhAswbR4aRtne2uWbPsPAGiiz864e8crtp2AoiE4AAdokNqIDSOiKBx2LatDILqUwC4tbt/8dxOFbyr124009nW1kbfxx9p9MEHJGpbbJ2br5aTydapzUnv/XzZtY4a1/TkphPXOnfnaNU0zWzStK469kmvEAIR9YEoxP3SFAgDuEUXNqZIff/OtRsXL12ctU0fAhECBd/7QDSbtYvFam//znQ6Pb1zenPWIhCFAIH6QO2kmU0mnqDr/XTSeIB+6eddj9giuljSQ4D4c4gOsWnQB2odTZpGyNgFoBAaB31PiBC8bxpsmpYAGocB4Pbto9nmxtbUEcBy1RO6ycS1VS0bvzoPiNQ67AOsum42m/iOun4VwVgsl/OjxfbpnVNbG9QTIDgkAGpcAwDO4XMvvPTiC6986Sd/fDZpVl3fts77tP6JWaTTyUOA0LbOBfKAkwZWXQcpBkZ0rvdEBBRgf37Udd3pnZ3Nzcn8cJ4MCro7+we7e7cfePD+rWnjAZoRjFZdD+C8J2ho0jStOyElfvSLAA7nKyLY2Jg4hzFj7fvQeQDXNIizFqYNoWs8wWzS7B8c3jk4uPfKXf8aAVgsupTNIewfHs1Xq53NnY2NiSfX9dSAnzRN0wAB9IFObUwAoO97RAwhtG3be2pbhwCrvkeA4IP3/dbWFgDMO394OPe+WywXF86f29zYaAB8AE/+7bevXrnnng3Fia4Pr7329ulzp7dPnepW3dbmrG0gALTqxVoiAgJPEIgovzim/0lIAaTHeU9UsswpmE2+jX2StvJ5PYrYrdhD7rhuLDcpmXfUgynjzT21mQb5biINxoCbi4/TPofhUmmA7c9QQXFSC0gCmmhnDqWQFWONpVpsM6EC1Byr8aSgIi6VtEioAXwiBYDqIGCa0KU2tcW9oADaNqTm1S7cfMLMOLUrylzm+IwMThGzRrRQ3RLaVkJ0HcGDymXM616ce8Sai1pDtjFRJhRlrgun0IQlJWrFpIqVMoieBUAHaUimidrzZTuaSe1h1qItGnFzXI+aXB9WVC4g177kA1A0O7JGW1LUomK2IYy9LJlqmJWyKMqjkD+PZicVYquX4DJJhi/QwZApIL9rBFH6ClFDJSy8uQ/LB4q5Be5aobiN9JMQ1ZgRjVvWO4lfxwpDEtizeRT9NHNWgn2xzAWtjASRyC0iWP5rg2fMW75ZCwkYkQEyyrTy8KQ4rUdLEbsTkz0wy0KcmsPgIeU25YUra8BrfaGUx1r2JP6NczTuQgAIGELQg1viqInVRKWagRJo/TZhba9NQlFGq9jVEs/qAu5Lr99qnLv78g6gC6nqp0CFseXkaJqKvCXultUlBlYbBi+DOUj42WRIQ2Brn0U+vSgSAmSXW6qHdp7y1Fj+Ep/CdKc2RrI0QWzP1Dr7o6S6CIAIDhOniAKia1yavvd9t+qCD4Hiyjrv3CEAdOBadBMACBSAcNJi27jGxRQCA0EIAYD4QI2kLwGAoCUiAE++6wOgmwZwsZiLADFvbTA4TEc/hBBSMoyOgkeApo07yQMCLlerIHYU0y9bhhDaySSQ8xRXyYiAGofxTAZE2pg4JFp2HrBpGgwEDgHiZmQIjWt8oN6H3nuEUFgBQHSSwSuuONdMJw0Adt4H7xFd/BFLh0AxGg7QB+gJACD03bTxk3ay7KknBHCRxM5h64ACtQ1OWkDynoigiUeDEJED9D6sfHCuQUQKHVLvqaEm/d4jcODaIDgHrgEH2CIEohC8c+iwAQSggOjiDngCoJADLASCEJzDEPyy8wANoPMBKPQOPR/s4NApU55CXnJZDSKdXCAIviMARAzee2oImxDIIUwnMHGRzgiubZuYQUDrjJPy3vcBHDpC8j6KtLwAI3tQCB00Lv6UZug9Oecc75IkQB/ij82GxhEAdH1Y9tQ2bZQcRNqYYhvPsw3knPMxL4/FGES2kFH7AyJ2Hn0I8YTnKPMOEDBuShB7B8ABPBG0bTNpm95T3/fa5AYioKgu0Vwmo0sABA7RNW0LBD74EIJjXYBYjCNoHDUOGgRE572fTByi8753rvEhBN9HySECIOYzGyzHVgDZLjRN6xz2PkAgcEi+R3TgXOzYOGiACKD31AXwwQUCCNQ4QAfTFtqGfAi+d9NJ6xokot6HyJRAgK4JRCGQ96HvloAAbtI0k6kDAN/1fQiI6JqmmU3RuabrVl0XQjztIkDT4Gw27QIs+9AiEoQGoG0gBHBN08bzrqOuEQSuniYzyCdmmFMR9e5Ee+VAxH4Qj1PvAGVAx7OXrWQcsi3yMLX8U4VXMo1twR/zcOJkBuERacumkxEZB8tp7IWmSa5G6yb5PGEsYVQuz0YIHG0U+We2N1K1TrEW5VinjA4UthkRrmIPA69h2TTjr+LUFHXU4hm9FpHTHlN0hoGrF0OqJ883i3mw+FwLn6QorSPUIr5inqc6q3pvt5RGE5YU+SdVArC62GQWMVeL4HmwWq7r91HYTMSHIgEc5mptVpqhj8MRUCQpiJmxzT8lpuNDT4BxN/mVQGIyJWMDSGpXQ1JUv0nPLM85VEzbg3UZisEbGiUaWColY8XSMOIQykIHRq5cQspdNMGzCJMiF4dsJciFEahexMs++U3Y3F7KIToAAK0VSURBVFynbAAspSzBdlhS/w17qkaKEAODK/cZqSHA0YEBJ/0yrqrJSI6V80/DLmwwhq8AEPI6XHEls6SgXZtbDeFNblEVTZK4V48E0r0EIX5QtDfnD+X6BCNvwEu6TmYUW7yi6AjStxKuXDiuOmZ7ZdyMCY4AuG/94E2k9nd88YmNDSTPxUcQA4ZVphPlB8lmKdxy/IfcSuatS1DCq3T72Z0Y2TVOX8zIyLBaoNPrD8aTU+H8DJFQMT/dMYvxKKgLGEyUuAE+Io+YiOI9xFMwKUDbtMFx+glZvoiaDlxcXnLOOZafEON1AARwAL0PPQWIL1M4QMQGmx6IACkgQjNtsQsAMZoGitFwzIdZHELjMIT4klXvCRwiBkIE76nvV4jYNsB8TJ7UE3U9eIqZAQI6/X4GQlh1HojatiFwgADx3GAKiBA8dr1HdOjc1KEDQgym/Ff+dHYa2KXfoCQH5FxMRiiuyxAhEYZ8gCNNGvSBVvMVNFOAuGPWxV/PiTt7V31YrPoWQ9M0zSSSI4bXARs3c84TBoo5XtOC8wBRMzARgiIN2WBRhC4EQheIosYFBAxASjyggQAEvffd0gNg2zpA5z0CADrnABwQxJ/gVK/JS5HH82AOMFkuBNe0QCEEImwBGyBAbAjCatV3tALXYDN1LtaqsGlEy8j33vc9usY5FwCI+Messy5IBQwxenoKIUSRCwAuCkTg5oHAd54CEbq2bQmQyCGAg36x6ICWbTtxjaMQEF2DmH7YBbg0ks4mdN4H5xy4yWTSOgiO4/DSwmEOoKJ+USCHNIkL6yZaZK5wv/hfIBfIBQBAbBo3aQkoBECKv9bKnAuR4ECNg8ViGYimkwlAAEqrvsnvYzrgVocgFACSY0sRGAVwyKUjbFyDBNgABIK+D0vfBSKCBl0T2ZvkF4L3IXhqGte2DjDEDdKI0PU9ArZtQwQhYE+A6KbTSQjUU7PqQofehW7StK5pidA59IG61ZIQ2tZBstfgg18sVj5KEYSJQ6LQe2gdxpVzIgyx5MR21zgT0Go8COKtg9LRlLHPJ4jItAtON7IVVlPSWl9zPGhJTfgtIBo25bYcDVK5TKHm4TIJctA2KL4OAlzC7H3Mq31rexUNNEYIVR2STwwqFc9FYbKPM+jFZ0XMI06tuiFtENFIGIrDuyXMld2JVJedHH8arUx+uhYUqeGGAOURypnr0aeaGM2GPvMoDljU1cwAJ9tKWpUQwaCygqGejzTJ4V2FHjlGG5JQ7f+DAfB2BAmOc9JXjmWW8oZqQur8SBa84Ybc8hKR0WMX0Cq5LAvldQhHhEm3VTeMwlSHhSpXAE0mImMdLyQmnjW0zBs1alDXhzpJM9scDK/jP0qd6mOyIR7eVhyp6av5IWjdoGIpoqnoPTmkSYNqD7VpT+ntD9I4mVGG8q4uPZZepkaQ5bdBZ5YuVAGZnRUA6+cPEWOWjaas6NnFX2PDMPdXmMvxPwqGOkBQI7K2xUDEz2/cPDo46pd9v9lMKAQVnqFgVBDCQgp6TID04nuBUcZBs7V2Za6olU/hDWkOa+PB36PMsV1XSpnNuxGdRGf7VVQi1vWz5MaIwC66a8tn8UKIJzsTOTAmNGb+BB7A8Xt2Cnp0SGkfgPUp+SVzdNBiwy/pJXkiXoB3rkkVzZi+Spk2/p/L03G2Ji5agWsIYgoQYXdNm4WOfw2BIAA41zggIlK/+Sb76hAdNOggqBeBg5AYUxIb1Z3UcU06RsqBVy4vST0cdQ0vcIFe5BkACLBxE+cwgAuQTTUyFRrnEKYNBig2QkehlRfu0y++IgA4FOoBJ58xI2VAeetA0h2CACooCgAAPjHUuSbSk9c7EUB+dgpj9lNeyMUMAJCXk2MOB8nCpP088YnDxuEGyS+pIACAJ6CQsHDOwWQq1Q8AY1aV5026FjNOjL+Qy80kgEIE5xpwCESeMBhb6ppmgkiIjmK5JAdjCFkYMdGxSeuBQAjojBUx9kb9ZYiIqSo3CYjSMe42QAaM9ZHoy9MiBTq0kwiaIapd0yIBQczEAKBJK9yJA4yT/Ms0REQpSwulXYPCUUBoAF0zIYJALhD5gMofx0IPBEjsdIxD4xpIP56lSJ4AQ9eiA2hbJEICx5RH1zSBiA+pi+RPyXAUSSIAdI2LhEMf0k90KBtHEgYJM0wAUSRdqWHmJkJmenxkQry0FhHRZOpSOnNdBM/4W8jpDurbbDvKHVAKTtLJYfK8OmRRB3/ENhowLCOfSjEbY4xReFS1cyzrIYPGQGtos2tLwUBaezbDRntYC2h0PAHVS0rLdkDgSAbYj6Tm+mWrbK4ZTBOskLBG2JVCEQILqPLHFpIBB8vBddhQO2EwdZKFXRAuiKnDgv16PxfHbydICLEm9ij/KMazjVEcJjMI2UEAQHsbIaMDyjjrt44z5vZTBkqb/my9CCgb65HiUOnBQUytfaPJ9s7vXgGrJ0drAgMVesFEqKyi68h7UJ6QiFSvfQEvzKb+keoKBQZtnNG5tEHlhyS3WUvkLymZTfmvCopjG55UL78SWDOaasLGp1HJYROpah/IUlZbmFWr4voR80jCfMVQs38YxAFj0VsRwnyxO5OFTBoasSdIcZ9ptcwHkI1RDiKBRYAHN8Ka7jUNHs27X//6axsT+MzTD2HjkNA5C3JmHAKHinryaOOZCplBiDqkzUZSccvIWdV0SP6Yl84UN9edP6TNAlhugZIdg8das5skTVPG/JxR7S1YLL/FjZF95xeLjgK/11KxMgNXagFJt0j9bkvkdlwAwsHEtatcDRZuVRvnSdNZAsqu2OOkU0srbZbXwPt+1T1e91GAVCFB3rBRxwqSlPlkdWIIkgJ4gsZHxydLdwmgXAtNeqQdPjoEAmwcAYGLGpDSMBYJAiBseCiCABgDJSzQjGUCRN7ZGcmT9Fvez1QmK/AcDvmQ5GRoMvs8xJDEJb8eICRaIrJoI/DuVExbgdPP45XGMAOQaOQcptgh+bhoVOMvI3FHFxhBl30ZglNeAYFcY+KUFC0rq0uOAAmFCbKQBchhJyR7hjFi19sSBTwACZsjBI4dq4v5o0sTuhhYpxVyzfPMnFgNSDiFKIApp4cmvazJoxUExNgFIKVbyCtHhbWohBnxlk8Llqlj2s+lSgAADaSjAkHlCI0HAiBHKb0T1ZJQg7Hk1BZj/oTWbIoixPCQA2xItduQPkvEEx1u8ryB8eCCCopOJl9FIp7ZKEtmFPMxSI4nySJhqiZpb5scumOFT7NIx6gsDS+yKqFE5ESYELFBoLzNBYnAc9hJACHO49BRHDZXoli0hFrOiwVBCIQoOykca1BKA2K5LQKGkDYwYWBqlq7N+iAb/0AitU7tBhIljtRGsMA4Y7Vv5Ro4xPd8YQYjfcv42NGLWQZYr5/j+CbVa+gOiTcYkwIvaSR3KJ1vcZQoKKQUncsmaqixrLXuBG1xvNYACtBPfhWCJxwDPQyW5Y/8EGs3hhJczMlKNmhyEtEr6TvgaX3xXD1W+UPVUxpYi1O6FBi5kgSCd+F7ayNjCvEqERbPyB/WjFIB9cR6qykwfFSHhsFIKYjtTqqI9l6k75hLF3EktMrlxBOSRbpL1KKepAxUbYRcT8VSX6oXQo4i145w/IWDrwrOTANGUlNlEI0YRbFlzQytqd/pUbhZDf5oNYiocc3RfPXLv/b81qz52Ece2Nx0I7tiGd51cqj8CL8myfFuidsxfFujGvZRq4HVtjrdF+IoyIDnriCjNDnnZlQ+MluekGMTia0GIBvgCdDFtwGTfEcp0DYEkSPLYUG3sFXI5QCNvPYEoJip7Czmxgy/wkx22KUxy3q5Lp9m+R3lmiyimVJ3nIBkBtXdZOSiJWxSBEd5109ABSFGUaIi/pc4Fcu+RKIHLm8hSJ6j3aMEa0IdCpzDphjDHi6dxsmrCCrQUuNQoe6KjMQBGTH1cvDDbBRkSVWCQMGtXBzjYdYprLyABoAonwSCycBTCjC4eE3MDM7fSzVAzjTzrBzFpR+mTqdLJRpqKscXQHO1UPLoDBXxOADAL1+k4raRSFSbQmJGgWwIs/4NTEnWHVQRV9SrrBkAmLK49MIeCxRlCbfndVEujMYsGbkka+qyUt1KuXjK/yJkGaOY03BGnRgYCBFkjU6YwYvrKlAgcYAi9qjkh8kusIi5iDlSMqc8NXFtOWuwEXvWVS2CGudCzyl3FOZSKhOzCUM9RkqHC9OpBSO3TXqFyZiQ2gYQZQMwZqGQV5xyimnsEiAkkRB6O3H7JAgnwSMdy2Zy50Q+11NIH6uBdvsaQA5r7Q6RPIRMWt2WiQlrtc1DZtWrbKW1IrQsEeWnPIgpqyrPKx0TISgHpKiGyz+wTakIRZnqIOVwHj6rvCpXIxtndTBOLhlnwAAVxSFpaBpfqQqjbuSWxEgPDEbK5CVgZbdUsEptBZJSXPr1tSwQKkbAgpXMKRYEM3gmuFoQUBswSupl0iR6mAyzjA2p+JupJI0RLbx2rmTnWcaN6Ao4yB4VM63y4qudS+7k4ND4tXgz7zupqEUOirTNFuIx0xOgcp8DX6yAFIMP7Rotrbkv35MdKhlHswkse17poVdpRAiSNElYrOgJlmvrih2DksqwGcNv9bFoz/IsgqokK+mtTFcobDmfBiCrDype83tfjFdFdHNikPegIfuAgQ9h+qh13QIF/Yssef0tefjc3XSR6pQ16ilCUuGyrDMViIisZzCTaKgYF5OkZs+qXa7xtuofhZSkoBl4FdqKVc4/k6j5V2St4l0BAGDWNhuTiYQOlMS/IL7C19p85NhJazlKEhWTBOVKck9FBVIVW7kFhVYOhLDlm1jaOI0mW6I8qX1avbBgpyLoeIZeu6j4QgjgHHriJA41q0q4B4MpHArdHWgLWvyGfvdEOOiASPvCEjZUMJC+q6EvZJBVIg/GilN0Su49u30SwNyAapBfiWanzLKnNJ8blLEEpOBVh7BRNFVEWMiNaBfbzyjzBfoIOUVEAErr34Ku7CwYWBfNq6T41nOACpIsl1VDx2lMHjqa6USUvE5kgiVQski6XzI2Efm4lIqMfYmAfIn2OK1KZXzV2cfAYFDGImcUkqMaodEJT5F8lpEWJOam9ulmUT3hHZeRbjmeMNMa/Sk2jKvBGeAkHbwDWswKiJfRb4EpP1YQEtlQKzG2b2pEyBuptMg4DBOJeA/DCNFipYekNMjc1XBp86tIlDko2GiTZeDO42oDI9wm1SqbG1SNUkPk5XrI/Gfjw4Gu1hmmC6qWPEcOYACQICDwu7EJJEZj4NfZE2pqqfyRQdA6gxZZhbIZRQ2sZDhZGCU6hn4wNPkSTFBtmaJ+DXhcXIVugqZIReRk2xu/FTBwSmIy9PhQaqz5KiIsGfSYrxtzgcL1NTqPYGXUCLPapjUklHLWejwEiLszxA9JClpwJy9T2xkr6BTlaTtvhlEyfNVILEZkDWloU//q4mFyUfob7wGxrXQv0pmlHUthwrhkKRwR2qL4aLGt3Cs6g2pqhOc4NUl+bChvhYE+BuBkqHRWWcS3ZIfkiKOcrMiIzOzFynzxGbHyVWnUkHRGGLSbxgG3q5fjSrWCxibsktEptMWmSysFkJm3ILtCMOdPpb+CYgGNBKP0XWqj5Rqm1JNN2cEGDfIfL2QkJCmNOFB8iEbe7HEQdSMdU7CTyrHB8GQkEIhR/otTi0sxTVllBrKnowbdNW+FiERiG5LYTABIFM/3O4F86AlRfxByJSPG2bQQNrMG7eYg9Y5Z/KqnUOsilG+qNq3QDkDorkJFe63JG+v3BWrh60m0SIDB4nsGtmmm07bD+EZRrkUpBeMeIouVcRUwLGxayqW/MSsl54YyWbPLOoRZa38ZdjGZvFpAclb/wBdYPKBYGdE4iy3N9e3o3azDEGLkHCQ9y55HzZGHl5uSgiYdSWOk2s4g/2TayEJFtl7a1wl8kviRajS+uWBACQQMWe/YcBT+ixGKQyBAPMKHRyTdiOxgZADCTAQo0TF6w6bYui4Qe5aDXNKdUuiRN+VkQ5inIA6R4z/KKchYUei1VOfhBFPUxkvjmCfMUX/8FGyV05Y82aOjNnTqiQydXghFliMtEnXGZ+5k26mkhm1spmP+k2hsSgtUNuWIT9uHcpeXLgyJbS3A1V81ZZMmKXNVvN2SGaTIVkQ+DIKyQCyyoqG5skiKXqjFGMW+aheo7TtvdUmNmeR6BVkfkGAHyN5N23keroiOWBt4WwDkPzKcBC96rEzhUmCyNdPhJjAZKAVipVMC4xG0bc/eQZeENcW0bRiMaWBDs0w5DKcqCOlAWQDICXfVFMnk5ezmjgCgaVEPCsavIlpAdb+wbscNlBujuYHsbWVVdcg7LOwIN9PhaXaAyZlRQXDi95HFbMlODPbcFkf5UngdFdLlIrmKMaqSkiApHbGBkB+I4J1oc/iw1KJAVx/KopH1nEaRLEm5L8F4VFm7M+rmB3TOKaiq9Gmqk+WEAa+i6gIEms9UmoVSIwdpm5yfq5d5axjp0h2PPSR4AZvKGTJACqu8cq1mWmMXh3ep9pg1Ln5OysLWOZujNA3VwyFpxlYLxeXLVFK919CgPADJAwaUh8z+IgU1Uwu9zLSi5SpNNRKNBVkEoJOoW90+DT8JfqJiDgFp1XsKJ6+BVsyLBsKkoJDbqgoxSTJYy4AQrMmy+w5y6NnmwEOpaPyeBVX6W+3XjrVY0rVQa5SZj+oisqJAbLgtTgI7INx39+lLF7amkyYErj0z6LmKkmv4WJcAXqpmOinUchSirXj2jS57CACCkOlcOv6MpJlhxL7bLjHkId48aGQelSAm0uS0IR0HEwO0FLDHVwIh/yfzovWThbtjxpLQCHkIqzKqRqWcE/9uth6syD/R9k62RJBU4wyvgqwDZWDJzVQzk0R7nL2Att3Ci2RzlLHVhoVXPU2Rr0jcGQf5bLggfwZFudiJslchw3GGcaBl2gQbaiWQ8m4KMx//w2Jk6oEJwJyAK7cAJEIDCk2QnY9xQVtsWhZFVim7chNHjmGccEFpA/fKEaTJy1EhxuaBhFEgQFaLbFqp8uQp2VFuyUhasYWVcVAmhMmSfq2oqIFa01WmLJnmNQ3mRsL29HYx0xHV9Pozs5vHlUVIIXAUF0PsEncBBUHkEPNE6UkGmLQEq8gNcVBpglSozgSVqH7g6QFkWyBlG1D8mmJunystytgofooZV00IMqwA6a1fGjrQ2CKbpRzuI/NHgWTW3dV7FsZwiHnKYOb4KblLc3inYjwU4wxmUzeYiao0ZeQxGwIgzdM8gEIoKVhWA6PgUE4uxUodgeTmaSZVXmYUmAhkuchrU+onwmKkAboAhmwTkeFTFjRlL0NVy/CmyYtYlm2d7BrTpEdIolyRN0sX8+PfWZBYhiXcZgPLGEElFE4DKCugdUG3yXMiC0SwVTQLevov/9ZuVlu052gYbPSuybywoYmaeSk7XxKKedsEG81h9TinQIjl3lo1DwEYKos2ayyl+lBIn/qWpMjuSywoLPOgaI7SYEtSlgTWArGOZo2+yDdYFEABn3eUydYbY0gMRhZfiYjKKzNDysY2fS8NCACwIgi2LCHWRg8T8kKvNX2MUmFZptTmUNjC1jLuF9XaTRym2K5m7mQikkVRyA2tLZszLXM6xyqYngOILPhF1WQYlQBA/JlAOFqsfKC0spAINFpmUl7CWJvhzYHWoLYP5XqkqIm6g0P5UkRvi0f11bxCwgfXuooUliOUDU5wiZZFufcennry3nbqtmYT31M8syS+y6VO20yLJQPlZqyGWT9V+ZuR1Gp3HMTlN2On6hCNygppgdUGB4emKz2oV3cGwDBMpOyHkFviiOiKaxGDGqIwGnIX8tgokkIFGUYkpFjYH4xPKoLg6fKDwUf1NQfVgjGYxEN3Y884oDXK47xlBqxYWUGrU5BdDBnDziaHs3cUV8LtmIbpxS9+dzbd5FxJogFtGnIGoldBk8M24CkLCwlY8WXqOSrnV2BJgE4EmOQnQrWpzYDzVAiCOCmaDIioca5U9jM9yXbmBFgEUQt8EloNVn43h3nANkMtgarYo8Zy0lGBpZBqMUQxe2sJ9tZfom3lKo4gKHhI/cK4EXErulLOdRBJ6rJGiFwCc45bKJqyHMLAgmVMlVZSiSvJOriCXCJdpUEIEHJyqXRSK1YRqtQdUc6eqm7sRN7LoEHlE+sQMgWH44waQNbJQT8xj3WnPYAT7WOmtwZWPv8IlED1Ydi+uFmmymxMKzae6iOuvV2Fax14w8vYxppOlimpnVy9O7Nuap18HnMN5APB+PHhh1FMlUyqPMr6TD0NgGWM3M8cwqKR0vITqZEMpOflhBwH4qA72aNMhvDbIhfjbQ13MaKqTedKc7n0ciJ87KzqphH5+ljGOmZGnGh5u+7lzaNayFeZn9KkAxEvJtQvGBbRAzMziUp2o9r+HgfHiS+OkCiWsysK8lubZqAnxvtUxyXTtmivgET70IVAs9nkA++79/DgEBtERDmcPnnKrJ1WWrJOrsflRGij0gP9+fiOIZC8ZgzqHV91GoqOTMDUHKql3+EcajG3WOeU1QxbysDiq4oDIEaBt24dugZObW+Qc2LpclYzGJKtlOJlWoYgHd+JtKvNgOaYi6welJOBHDNSFhOBXgSKirAM1ZRcb9TLp6RmyYOyDnMFQklplmOtwCAlM54WwYqLAlzKn0oNsqVVzUHIZlRiVCTUmpVaaVcuRMMiswGghKEIoMpYcZx4P9ahRMTSCeUkQGZi51SP1FT80gTTlLP37H8zh8UrqLUCYSIoDTEeLc/ICi2ptXbMwn/MOW1mVpG6S0GWqYgZIfYGqkJHoohaotjsJ8owL9XGZr4P8a9TXLC6S5mYRV9FMyDEeD64lbfcQO4xXygTylIS5H6+Kes1kaVJ1AVdGcqKBIg1VlzT1M4HAgsxk0yiSEj+ozSIjQcVoGMmsgkR1UdUh/GomwoBAD70RyGPkJZqyw0t2Srw3SwymF78sMX0tP6ZiKMjRiiwzkYxFoWNFoiOcEqfiYAmzAMNtQXalBHzOpWsAFr5JxL2mWERgf9Hgr86WCHLTJYqUQRQ1fGhS84Yyy818QqPOT1O1VHZgjNNeV79AySWGoyjhpebMk3MSlthjY0myJIbz28WLpUzTX9QaYM0ygTO6ivWmueWFnkgWxDIQVKyPtwOcv0c9QaE7JWMgoPmoAzLK5kiQWXZHnJUYJwjCU80smq9BnTUIUhibqrnwIJhItQWEkbBaK24Y8vqbHh1bdRKjh7d+g52wDykyqSUBFrIStqCSImcHKjnZbOZBCybEC17DIZGLT1UAqt0QhDPL+ZlkywAFbsGLMdFJq3zyI5A3yu3Fhj8FV7VbbRDHVROSObXPlnhkWEQuSv+CKFqEmvCJNExNsXJWxhozSg8RH6JgA2maJpMzRsGM2dF1yw8pKBkJE2F2NAthweqAJ/pnI2zva+oxg0TKXFwc4xrGhwJxbRoms5Zb7PNH5CdARARhTwGynsqKrIXoZY2GiJEQCAEWC5DCGFjs2mcU9io+ZnVqHQcZIMIM1cH/7J2Zx29Sg0kPJUwSyMriBSRtPZQCK22n8q41JPPbDHkB7Ks0AyvnHwyFdQza8vVfTNs+cYbIbrnXr26WPhnPvbQ1lbjvQIkhn+Uyafgz/E8pLix8BxxZgRQvhhzodKQVcPIboTyapUZ9oRX+VJbumeSLkWVhMa6ucSc1CiRR0QuQZB0UuQGRQ41uwaokBIA1Hw3nmQILEfZ5QsYtUvhQfZrAiQFG5DTrKoIl3CT9XWDsZnDoGgKYnWNqbIef1DjLpmYHXhxN6/+sQwO9tog7wThyJ5lmv/oWEgi2+y2ByUateOydIwqDxfDmPckGmnJFFECwotXhhiK5JYqTF8TW6Lpw42j+GCNkFboVFBIeWgOAwqnCDjUZcgsKORfg67nFZdZNBqpUBszPuC1RoUdV+avBiyKL2r6WoOBwm9j4g25EuwDnplRDNrxo0htFgZLMiVzirk58DIjkkUJq61RL5xm0VPo5Ig7mUOGktuGwtkZfGKbwVPKzlU2iJgxiiRH/A8QKXE1EiLVEH4nRZAYcgEKmtXKwMMdVrytVA9b0cpSLsqxDZkjFsOhKtv8DdXLZtx0sEXCeGflK9QtKPcniSarImYh8twzyWZVAKrbM9ddI+5LmK+HHh2j2Go7sAji5tJDlZcXVi+dSqNcu8tgihTp5DPPaGAfoY60qSJHGu2c5Rp2690iBMgBsdImVM8rlzYwarK0RZIrGaroIPJmsgw2LlnYGGjQAlO1+gO4sgu1xEM555PSrmHUoloMKla2dE/MP9XDSocagWmUU3GFb+nhqgjKsHaDJZmatTaRKiCJy4zZBRVpCjETzLKTTf/i41KsM+DJEBOQY2usMIQYQtdFxyCnOJV+eq4khfJd2j6qbFyn/gA5uFWvmihpKtipHat+1aegRHT9IgC0sYH6KNmaIR7eEWOJppkqIZTZn6Jh7ExKqMwH8WLDp/oicHpphYetRVdk6GRicQDMnTSCOGKyFEp52hNdsceyDz986eZXvv7K7f1F42Rj3MCvFdWxIRoA1vepCBWzj6b8O+ncVSm1KqyIlxhoCon70aoHxWeSEbFCE0QdbxjBIQ0JMD8wD06CHg6mRkxEiPJMMQ/VkjdUAJm9kF9daQDxIiCprUG3jOwsF/Nk+d9kXMQC4iBvMeBgHrs6qL4iaTC/LZGkhiqdItKZWxl1XcgUUnMjO1ptbNQczQFLVGRD7wRflkMUmcmbneNXrl9prMdNMcY3oTJ42XJl783UQcWL3INK3iRDGk0p8nq1Hj89ONYQqGakqJ1g5sfSlFg1gEAbCSOP5QzZaqmU23hWLHqoKxdxqOY7Bu/CVy/SsjFUCROsGxesLB2a+1AajMItIMuoop6dcu33ITqYXELms7b24q21NWTSKSXgMI1K7MQNJVsH+rxeg6j6jgDi1LUiIlit1W5raIXFMKgtI9kapV8hIF5/tyrNrjapjRVD05ih1EFOKXYKSBVesavBHANWrzERzCTUsQNqwluuAaTkE6kM56VMoG0ypcVX7TbiTQGsIn0jTkKIksjKso7ZR6F1p0qn09QiSgM9q1qLgXPP4xSGUDWLGwMiAMiWygZIWgWV2uQLs+SJXFtsdEVdyIn1In/1igGlQKj9wICPmktY+VS5kr6WPMgQiy8lZWiVv8tNSTZZFLTSVE37c0xUAqZ5UkYUmNQ6z8iwySWTdKd8VxmhZFIzRnqEpJoiL5kcma511R1XaI0Rf9QmXV/JYiLLoSAp9lSNpv1Z5I0YUbUULUMrWvJkCJADK8TcyVbHhPjs36sYsxyY+0hAxPs4NXvzV65RSqRk10IT+rk+MqS0Fjdj3jXFECVfUBa/GK00SNr6IIcudm7lpdIPQySBcg6da3gNsxx9gEL9SZE1Dx4nA40IhdWS/uUH7aHG08BW4BYqSemNVHStxqpZf8Yh2lmziWXNNQKVrAIP8aR4eqcn7+nq9b29/cV9d58WX0OGqVy8wLTuk92DWUgxwpF/kdCAybGG3oTEY2cBSr7Z+LY0Kss8xS+xKGIWl6yuJl6LQzdPM7DZxKAhVr0QLgEJqe+DtrERaUkQdCDnNnyP97PFBkXzTEEgKQBpQZK9nYUkaW4ZiZOVScxKipqVakkItf1NxM/WpuZmxCANjm+IwwL/A5lIcbhsEVXFUaPEUw8Gzo8qQ0T/YCyY/DKwnkfOeGJkqVz+0ovRyYNa5SJj9OIn+T1MbSALpayruXbSBm2ZPi9nosxuXvMmiCu7WqxlaMi7XKXOIqRMSYCNdAaVCF0QLp4qBWexieOZpbz0kEREo1fIWp9ALvbusrBXjDMBAJsqVLqmnQNlWK3JzsjGflFO7EaV1BAkvjO8kyDJeExtNPQE2grYLV6iJfyVRU/NlgU0mQR5jTbZcsMe9Y5t1SppSMx3fjVawZ5+AFY6pk0EGHhvlFW/eCtmBk6PDACUTs9gwBIRKE+aDZPAwsMa7zbioaMgFJaDHyjRV8pt6YLmHiLIW51a10vrBmk1QTWALGliAzGPYKgm2NkdsxJK6PVGW/ItbKZ+wH6uoBUTWMia4cleaRBpKMysx7Y4ZOVF3dO00pFRVlO5R+wndDk4ay63E8OSo2MYiHp6mqwboWzhlsmy2Uj7YONucDVCapZ1WhE90ZiY0KoLlKzJ5o5Zj2DJjNJQvmvjCTFetAWajHJRsFayoyQthXaGv6QeZbKBogkVgAp8EjDwh7GQSsDItpClvaARANWPKJMNQfJACZJJ6ngWkp3SGhJJf3W5tzQVZnMVC7VIMgm5MsUyuGvOJtbLd8amZf7o99gEMEpAFrrH8BTaYJylRdA8ZCqlNsn2YNFFSb9dsGWIOckUNczKy36JBagQieFdSi+/FSdnZmsKmckV9mVDkvXeuawfSOQcHs276zfnZ05Nz56ZhQCAhHkDQeEBkqEfWNksmalkox2BdswWP7W2kS2b2V1iBx9e2TwphYVKe2Z1IXW6QbmFY/yqUcA2qDAs/UcBNjebJx+9eOnCKYFJ+8OyjAxGequWh02nXedU4IIyr0pktcml3G4MKYEgxi7rQKo9KIBTezegLI6fYLShS8mt6g55kHxarwwDcijXrRK/3IIGWlyFyd4RRo31oPLDMbJWtEuAJ6sjSjgYRE3DfsbW3oy6rmEPU7zKEAKgHOECZsswjoeafUj1yvgKDy2TVsvNW3/DiUbmKsbLd1ApG5Ud+C6lCiPWTA4OIh7Dx+P1ARRV1ahF/dRiMjJjgYLxqVGeaDjVGFPK+2j+2AfKZw/6iPdhqwzJSNOYXGQPKIGAeoDaX2Olo1nMA+kyhFzNPhgPeXW9lDQyf0xONrqcrXYFKMlS/bLh0oObSaloo0AgNCRDKHDVEVUxRg1YqrIyzzd0TqRDGHUZAq/3MwN7xV/W+OhCwWikqdYOO7j+diJFHZoZPQ9Vnf7oVedy6V5V44Iyeoj8SvmQ9XopYAx8LdUDnUKo7hqsqdSISuebhV+HgUjWvGh0hNx1SKBUBNSWvbSd1cQs9zUTjglSCbP+Pgz1lMIR5LqcbsLzsd4qNecm66TJGK68eFo0Ku9pG6XtjyLr+KSoOh0n6aiwKQOSqrmAsZs1f1+DzAxEamrJqjOjNDza8Zaiznp2YrUegFXtme6bRaYaC+O9imUoxbwcnXeFjUV0KDEGsYLR4BQuI4sqmZQxCCgQEDnEF1659Xd/4evff/5dRPSU9i+O69FxGkZFADQMXIYYFbJtShbr+Idp/dNkjrIBuoRaqkLpFnLEWlRyc7av1zAtTFhmmIkvBAzNoOwi9pIA4OmnHrp44cx9954mE1ClUwoyUASpOI/xkanUKthRqkt0jL8sb/ICXtZtLm2RVJHV0gRjQfqdM6MPUQDSd7WHKQop8pwkP+SotqkT5X8FRoolM7skZlEUQ635grkohsJ4BXQCxRjPSPMUeImiWwdrBCH3puzpoFBIkn9yrSCbLMMudSf6xiS5iQeWlQwj7/chPodD/xB1RjujKW/KRrwU88U36XK/wiAXLNMAlTW6MpQwa5eoOKALRpjnFMkkBTTl9iroUbCgoqfBHSzxkHmccGKpNF1VUi5mmD1KpqNiRl5Z5No7pcUOBIiv54FUH2WgnJhy8Un0DW10kmkq9XpeBipNGIOcFZcpbF5BJf7lZaNIyRglVVf2TF/ElLSGRbY9FFwArlvmuUj9VRudzN1EREaFmUeytDh8vcWwSPTYgGhoJIKtfngAkhXFrNPJDNpVOvNOTi51o2KVFdsSVhR7SLJek986p/QAyDAlzcwrL4k60fRlLeUgL2lyeocnFXfFlnPfaGBldUronPAowEdRJX3fbrXN5AeJT3g0RS+A3JARUj+eksxLggV5c6X0UNKTSpm5TGhhzvtT4uox6502V5Z0WfOV7cpWT5wbZEJk8GyJ3awGyU1RLeWMtMhGKitNKLbbEds0BGNhjQkVpwfAEkLDNtqqqS3nDIZ6Oz9BQtFQiX1T6xXGf2AyIqiUVzMF8njCOzF6CJlF6VMuZfJLkXxcirLHRLxOuHb1yaqUqKKxHqaNspSCiFn0ECXWbksER9+0M1lepbsSnKYnaV2L0c32xi6m5Tu8MdAcyhInSStMygSgAgCAY1DKN+Wb8jeUNEAoI3Y5YYB59wqwCTITWR0UyRR50yGYCBKXuQhIdWX/IvKgvY2IVpZzQ35pq70zQhJi5N9OiBIX+6gVNnZSjBIaupH8A5LRIubAicMEZbsF9+zOcjaQwCTgtwbYM2WrldQziQGjrAwvh9lCbUgiJqhrJ8JsLRbqI65KRtU0tpnJ7tRHdBi8/+GLV195bXf24xPgpctk8TGjz4mY4mARZAzg08vmrMuo2oLCPcMpco2ywZMlihQjgJ1By6NpE6aH1BY7A26RyTpVvMFjBhwY7TXX2M4HZMSmM3zy8Qvx5qTBzifZ4jU6a88JJAXNxThlRzHRWquUZbl5k0kjodOMwofx7HY/RTZjmiqsD+I/tGSw++MOLk3MIoF6AUB3ZK1KfkDFLsWFUM5Yw0tV+Gs1P/Ho9TFLqBRuJSiDeyoCU8ZJ/Bcqb81Aj0ya1YjEaxIbxEGlViYV11Bk+CQ2S/E1I6iYrIQYmHtGkDDvGE+dSD2T9Jyks1F/cSmF69BEM3QRYRD5MCc9sztxYpaGHM8FKQrcMwCACpf1h8JLx7uio0wlgUHu5Igj/tZvGdEXYOkwKxOglAdMRpKnUkM5tnHA2pYcC2EhACr0UPNJBhS9ZbkltOyYTalAPeShFikx6tYlKAIa+8WjagHM4st5Vma9aou6oxIYngAzdwgUJQkcxwYg+PO/GUVljkTBczLN0p7JV7GJoL2miWkRiPT+RGUAZHjKQTN7FrEBOiFU4qQVDw3SoBhiHIB+OvhXphiyaThtORY3Qq1y7GxMeC22UUtexIFVQNLR4SqUlT6UpK9saIiR6UF6BO0djZwm8IZFET06mZBN91NzAuRgHYvHBmodqEhwq7kw1C5WBokbhkVQW+XT06uhy+AJIHsfLbRsh018YpkoKTQCgt1vyy2YB2IiBi7GgKw0jrdrs1VRRqA2jSCb0wOyHSjBbwgDoCIZM5oOJ4Z2tIC2OH4hfzS8A/b0LPMDu2LGZjBQG/4kLIlLIrSWnMY9Z/aVzivvEdWqpQwWomyuIEuODPOgysX/ZHsUKa8i95oe6SqGdlyKLdlGajylXKs8Xn6jxsIVP0WJVVTN41lHRIhoAly7E4fsAGL3SFVQrDXQPrtqqhVBEqwlEgTZtqFWDdEc1BBSqloMlgjK2ahwkgk1G95T9FaNc7d2D19++drD91144tGLgRfaxhAxHsemo3qZsBAlRfn8MkiulYhVyfibDf7KUxTpIAFBS2WWzoZACiEabyWPVSRL6HGsoRm2DC+UVzD4q04+QO/DYrHyhJvTtmldkLWrKmCZs6k4kJZKTVUUk6xrhIFYxiH7plTmRPWfDRXUe5HEwRardhZN9gYGCnlvLKNbBCccZzmAtNSeFN2+uJU/poFZVzku0PRRjW2QRFSWFRLGmJknFMkDI68YUPJ8FQMsC8Wghpf1Xk1PJA2UYIeQwyzIa6aqLsVuBjLDFMo2jyMq6WWglU7y+hjk3ZqZYERch6o5M3F7ucjHSqVyIWSvoyA1/jS/N6WKcEx8+3ohZE6J+AyUOAGk3LeEKAhOmydhlxqOB4lZaJpCAnGXb5JzjGLKzZIkIRWvEPLcXGVhpZVpRbN4GqnZJ8rLOy6CENtKlVcgwOCkdOQ9B2nG7EaY6kQFR1JrIQsxVVgsRcSV0vBkyNTmrCmxP0IqL3bnyJiync2wgeiZFRqpxWelS5KJlKtIgrs1tQlqXrDR9GQzmorFUjmJsJIaTxjExoAw3xd2agNkCEQCQG4NAASYfklWLxGA1gYyTNGVR0YHNYA5c0Sx6UIyjseSjplwh/tIbM5iNiwxx4kJ4y9Wq0KStW5W2xPEiumYOICGIQVIBEoJYwuOlAToSGBtBHN7ZWuxhEisjuKVkbscnyhSsqLlknieUUErai9KbntZ7wgcFKkkTzRZSY8YXoYyAxlnT7a98DGxMRv0Abl048T27CRSNTATLhtracsFALYUvBWH1YILmyJK7JWG+zCTk1Rv1RpqAFsDVYDVOJq/OYOgvBcIWcwjzMSWWRm7TCWenu0eU0tXioUvxSWuhw8uJlYX2yopGMd2mGymjUAxE168QzYYmUwZeVQ7XVRJQhBl+VSOJiuBaBkYMU4qzE4raxaITKVFvZKWeTuQuqcu1VQ0QFbA2PcoO2GmZgplNdUTZGcNIkkyHbsPkmHVMgGLUQFr3mOFYNxo1IRBc42iRplNH5GSAmO2ldCnseO03I9KbBEQ1I/ppacGDzZHkOtV0crzCuyQORmChDSLhsbR5JxJS4WV/IEyVwEAoG1wsfT/6jtvX92d/8Tnnzx7eqPvQ4yvhgqlR+A589/qHtX6laXHqE5KELKjMEYRWDuHVzu4OwaBsaTK0/JsYyUMxlWvARazFTVXvTGmfhEgwWTavPzmwXeevXHf5bMf//Dl6cT1fUi1vVjmUcKT7FKehhRA2h0AgrymnkxVFnW9QCTIDAiYrJUWKJ4yFoikMCODIK9hSrBeyQ9lJJWXS94hWl3Cw3oCBmFIqUIAwLTCkymmLBSBliVSe95AwW8jZCFOntZ6wSw2eo0vPy1KHyYMMYaFDY8qRuYaKOUEByBLg5LhVAtEhJC9EleHI98lErA0TQwNul6bAl62/FoNhU6F2JW1iMJsDzUgOey8pVq5KAm6jbtLKImWJvgL+wDsmxFQdhIyKZAfy3hIEBQjAiOFECmZmJjjHIeYElG2HEIKsQpauxTZKgKdMGARUpRkecrs1J0ia4jAoaRexnFDFjJMWGQKEluIUjxzd8pMEVOj/H2OY0TYUeAkLkSpvTMiQ1n0ozwqCLItyDEjP2CbRWLbQAxrrKGK8zeU1Vov6ORGGY50C1VBWpGdawzRgAbEKCrpCXMsk4KzV+3ASP7jiTH9ny1nlv5sCVXviqhzkYiFMVcIFJ1FkYSYGVxulvjJgheH5CKM3i5iXF9GCXOGkhqnegukUIHrHQAuGTNGE2QLmwIwY6ttYL6DYj9kBMUtFQbFMDqn8VlyiKxRZIIZKrOp04Pn/YrcS/J1HlvBWUbhQkuztVF6Ffou7kavh8V5UbmpeJeJiGxJkhZJ17TiI1mCNlPFqoe1+EwcjbjwT1sQJaM2aWfzgMZQYg56s3zlVwFE20mNKcu7w603xr6y06RMiFzYjV+M5cuU12uCxoApOgYwlyKxsMfQ0sw9XFzQibTKFRLFWK0xlzHJdDfOQmgE/DXOKGY/jsAb7DKYWsqZuwMFSPyXZUXDAkmLRW7z+CpV5nhvQL1srkUk1NbH4WYgENvFUXFG0DQSBSVFUQGRQGkSpudiFzgLV+GfNVlk5xKs2buQBpts26yquqv8Ma1VFZDByxWVQZCgNweoFjq7KdkniKvBrNwz65LoGEMlBBPxBV4tZSR1YRsRKCA2gIhvvnv7q9984/77Ln/yo/eqTfik8Up8URlDmmyY7Oc2EauxlVRNMeVTBQEFrvBaN9MLivKjMdqAVqatAGxYUiKj3/xcf50AywoYBEREO5uzm9f3XntjbzpzH37i4rR1fcgu15gb1rIa5WWHWAoGDO/kMyiJiyCAVIDSyBx829E1rpC9aPqd8iTseR0vjoVQQingg5FjJfNiIJLiZzVVAswg5U8QlGEpmaEwMv8icKmlULUMdwKD5c3iUxcz01FNZxozHNkMFQUMO4nEgai9tQQKUjVj6wMgqGUolBGPoSiEAMFEgMqUqD+2VF/IR+a4NklSM8aEZmafZj0RhsJEW+tLevaBJzLRn84uUWxPAo+yvCoMee4ARsCykCDEego5QCJwSIBOBcSKLJGsqGdjeDLPSJNBck2toKxMOYdk5aRc2MxWCVHHUlIuwVSIIS0BqacD8LrEzoYgbdxM+WeqJWmOAUupQgxQ56LM6CBIxs10CMilXYNv1lblwQodyJlRafQki1MeIrWNLUOyD4M9ksUqvQKGQwfOY1QJxAF6oEDam6qBEQEgADQIIFBpbDXBWVe1RchnDkgsRVkegg11ANLipANAF4PcLP+YRUS0FRmGZJmM8ULDZWMEULXRc3A0zMqnMoLkBlAZb0ycVaNpvhfrQnHkDMPQAdWgVrCLTJIp2Oul8gyMqp9F8EkPzsZTa10Wm4FJh9KBFK0MmNbvMFDZwGpFkSVQ9TuxdnBlBxyTXuSXCSHpBY9fuhwFuQ5+rBwV97ToONRG2/oJ/pTcFN9i91GsoRQKatyU6lqZIbcfzFlQvsAmBzC5KJgZb/yCnqrkb2lZSsBqAgFJAvTmbb02p/g+3GWjUFAmVE3E+IhOkqigcamo/tWkEq1afxljWMQNhTBQ8Uh5ANuCO2ZzApa0ZURSdDCXDkUSPqa+VSgTCr2ljwE7qwTJACgEjk62SjQx8Rwls/IL6TWeBR0dT00lvAIFqzkIimUQNmK7htZULAWqxkPzlR9y6ItM3zwxAiGGtIeMAAC3Z82nP3b/ow9duv+urRCCc4iWELKSMro0W0BMFVbVTEfZx+R6qAfK46H+JAOGEIom0dUY968m0O8/oXHU6anW73zOg0Ckwmv5t3yfq0jEubzGFpZIght0v/71l7/8G697cp9+6sFPffyerc3WewBxGCh7N+LSBxKPTBRYPrhCgBz0J/xCNqqU8xRMahdEWAkcikCnGC4obmEgqdkDyNNsmbN8O5B9HqoAi/mHMIgIuZrHkozJaYUIOHv9tPU1izwQBtMmXbwcxKzj4noaJxveVMZGJIdx0cMBgHMJuBBK4x0BCxx0MkR57w5JXIYD/QUmjHaqTCqX6UMEGCjxMS5wKZOcJa3BVO5T5OOVFBKBRwJyGEUIU8WJXTwRBUqrfTH/BMg2g7mDyCTN9gYBIx3ElQECgENEBHTgUH4VPJGawc4OiQCC592ZCIQQApJSX0lemMe83YJhI0gLtkSW3pTqM06EARF5ryzLqegLxS9pymwPuNxqoy+XsKA0XpwbXWB4Y1dTLeIXMyMAQeCLzENMlJfVtLxyRhABR+E8xMSHFTOpuHOCGjM+TufQIejd40GpS/wY9AYZxhmBAqVUh2RQlTYnYro0e5MqOPnknigZavmRMKEmCa99uyuViJEtPoI+6Z0gr8UFSE4iVtjSX1K/J4KxAhYS2hCEwfJP2twjRFPL48hUR4yWIQRdB4VAGO1AImb8ACAjoEN0SUMbx8BTEuPkkpMqRMujdwUCIoJjLU56SpQmjR6SyycpqElpnVPrtlHkHbKsgEQ2qTYSmND5pYKEIbKVgEAhOkH7Wy0Y5JM4L5cdhI3SFemyd1fFs+Qd8hohOsfWj7HL4MvmR3ZP0bWx1SLIcEQkVcKYVFXMeeyLegaNJxBlm0h5KUH5zeRVY+PsbwXaaP3yOhRlQECt8sfBHLLaQ9RyWTOIGCiPS4HjgUSfIkUUh4usew5ZWBCIItYMqeyFy3QzUYzBS8bPo6cYUjYDBssitIOQLuVUCnhMad6drSJxAiS9VQVVfb0o4CVJ0gGQqvpQ9Ek52JQaG2gz4sxwxnlHFjoDDPCZkAoUlI31SZeDLJ1nZU/EosAGQtiWQhkWCfbmRmBAiaBY68wATeEYJSZjpUuwHNOIiRjmHxREr3k9Jlt6KW8QU0cHQiEpaQp58mqOkmg2AkTkCnGLkCP7FOmcvHRSQ8UoGZ3YAQihKEV4A7xQkNA1KOI9L1lc2SvxCwm5fpc5gmpw8TDD4/0AEEKKT1FMs+gRyeI97zKUA5VS+KBSSUz78zndkLgxghSEI3FmiVfkKhkqELKsYpJS3iZHaVoWRVGOtLuK1xw5aEeKMkwAEBwQOmgbByE6WraqgCGoM87EAWilKUSzdstQWTHVaAMbXwFdvxEia5tFTprcbpZvNh2o8k/FabHDxqCq+QweUKBCigzDNolJDM3gbdfhzWItMK8tEDQO5qvwjW+//u0fXF2s+t/7Oz70+ENnfR+AqGkaFwueFCWSAkEI/AaSM0FfxCuElCvHF97iYg0mX4ohBM6lwSG6VEhJ+ScAhMDWOtbbVCpLACExKlaXERHBRdPpCCkCFuNeh1Ex4jMABxQwhCSTMUiizMgUYEW8HELjUnQeGeoD+UASr2M+jYwLAyHZkAagaZFj7wR8DBmRCyli5/gOapFIh46QfgR9SBEbgpwXygRXZt/xgFnldZhAEMQPpxwpGd3InT7ExBBQAvqk50hAIeQpXMNFEQJ0SAQh0icFhegSkumtdy8r6tnSU4heKYAn8uqtx7aJrEX+3TUMFHQRq3G8BhadKm/KdwgOCZ2J5gASczGZMvOQALwnH5NaCugcZ7DJuoRAUkFBIIfoePZIfO9JigEOoGk4QwHASHCM+/4oZmWMJcT8wXPYEKntkqoAIgSgEKIUESI4jC8rp/AmCq0UvjjVzTFtVAcHLBActEQv7j35WAQgRCDnslwiJtTEMzQOnUs6iFGe1WbrJiobstACB5JSjoHklOOH2D0mV1HJGofE0WgACCH4wPUgoIZdf6pApVdk0Tl0CI2LNM9sDT5tZiYARxR/VprU0oNn/kXYhCuRaT4GXJQ8W9NgtLUR3yjnMlvTiHGLgko+MFaBOA/nOCAncoDxV8gcunxwNCQdx9TLOcxOmSAA9D74IBIP6LItiIoWUWoQAaiVvBABCYnAUw6Kki47JkM0g5I6J+YmLsRMtifyId4lAHIO0sFaiM4BAgVC4F9Xcy6F4Tr6CQFC9L8xk3HJvsUA0BMRif5Rw/AnWxcosAQiL2tDqoBgFHieDNkEs6cECJ6DMgIkcuwDpOzh2YsBURStZCdBXI8oCLFoM6wBvIhT+gFY1rsIewARm1jFEzcng4sQuiiuPH5yH/wUVSoQj/kKAVi3CIGwyTUOAoieC/PgyFWqVEcOEmtE3inUQiJLolsSZsnNKFvmxBTmeKJMGjxFp43jMCSqQ6Do7gXzyNMYVxIzJUPuWJEREMATUMiZjHNcfExmMsYShqr8MVJVKr0QjYxQHAHZ9ibKpIp2kj0XAjv8FIfIQAgAgUPDuLkyaokAGpCNJ0SrnJJSlnLwEgLJPQkeAAiTaaKcFcRYi0MRDqnEfoIEFQxwKjEnZnKUxSIX2I7kLQAOQQmkZ64hoANwDoOEgCwzEpk6zEYM446fICCSa1Cls0hJmKN4U5T2iHFMTcmD5x26USTS1sjIcYnk2VwjmxNMayc51CeIcYhyHGI/YhwYzWjKiYk3aiXJdhgzOAAAl6bOlSvnVJiXpDGoGgY5dM5x+zi1Wql0DhXLkFJJLlW+k+XPvh4phGxeCEBFGgCY1JC9HroUeGM2EUJzcKjeicekR8DBrAPCBhFyBSwQhmRZKYY6ip9AAb1KDxDQOcryrQJ+YB0XUQFIYqpUDzhtTmz1SRIJAZwD53LcHctl0atG4rQOnIO+C6+/e2f39urBe09fOLsRfKJN40xhJduGkauadgGDjcD/M33iU8gPREUZ5zws5S7l1HYxFr33WVnV4qXen2M9Vq5NFiWc/NmmoAxu/Cd5H6wCZ/MZgVjmhmSdzOV7fP2t3au3Dh9/5OKFMxvB+z5Q3wfnXAypI4eiy/aeELEP1PcxMgYgCIGaxjUuyYQD7L2PqgJJehBdipIQoQ8QYnU9mVOctg0ixNdPCcH3IQRy/GIlunRWECAFAt9TSFYAkahpnWschSSIwYNPh/4QBSCC6aR1LsWOFMjzeWCByDnXumSUHYL31PnAMTf5ENUZe58OKJX4LCT/iW3TeB8QwDkXiNDBpIkFaCLAaes8AQRCl4IVULvJibBtkACJgsMYaiSjHUIAwKZxwZOP5isE5zAEIufIh6ZxgM77AGyzYnhBPDKy84gxiEP0bIVdg0QpNonJQuMckfgWjMuUFAgBmybZBYfoEFZ9AIDGpSyoaZq2cfHHlAChDxTUdj1EnLROFjwCUZdiBwIAH6htGnQuemWH0PtAFLcRIiE5xCbmuwSI5AlCLws5hIhtGwsh6JCQoONQMepW2zhMLh+bBrs+BDbGROActq0LDHDvg/cUpTTmEW3TRBwcQiD03sfwNApq0zgX16kCNEgrT533baqshKZxk7aJzHZIIVDviT0aUaCmbRwCBUDEEGDFgwOQQ2zbJqaCjnODPsbISCEAOjdtm+hZoov2ISTxjDGucyzSSERdT2n5lNjaOgw+nQLXeyJKb96HQA6xnTZxIdIhdIFCCI6NvnOuaVyISQhiIOj6gCkTAYBIFlmWhy6XH4CIYve4uEYQKIBPGgEUIEQwnPM+lTB8CMEH8cfOJapGZxYAvNerBzBtG0iHywMRrfoQCwcxvmmcwwajYwOA4Kn3IcUhhIg4mbjA0VkI1PmAyj5PGlnBRIo2IaXOsZaHgKmc4RB6D31I3QNQgzidtlHDYj7vPeU3zAgnTaq4OIeI2PugXG1KHjyLdx8oSCZNAASTSRP1NPI0elZIVTVy6CZtw+IBIUDXB17ZAArQOocNciUNAoH3qUgQGYVtAw6Dh1gQCYEgmRgKhK3DSdPEJKBxEAi7zkebE8FrW9c0GCjEleQoVCnmJnKAk0kDmMyj99SH4JhQANC2rUMKqdpPfU99oLZJkY9zzbRN696IFAJ2CfhU55q0ziEGfqdr5aP0pnOaW+eaNu+D8CF0fXCOt5EiTidNLCc5hBCojzkfplJL4xzKWfmQLFi0EkDkWB0iYfsAfR/iONGiTqatHB9AgToePI4WJS7wolsfUpwb3aqLO8YCUKyyEvUBXHKrAAjTSSPBKyD6PgfSBDBpHAIGTrO7LhBQFMNAqbQUgxgE8PxujKT2TdOyRBERhJDAjMa8bRw64P0+sOw8ADToYjTvEBuuvkSvGAKnJgQAMJk0XFEBQFx2HmVhP8BkkqKFSNXOh9CT4/fjG8SmTV8QwQfg7VSRbIQu1lyiiYU+hHiPgABd2zoAiuaRoiIAAUAgctC0bRO3RiEiIAQft2Il3Ym1C4qiAhg8AQTnMEqHc1wnimkhYaAACDGscYBNE8U4l4YRZNcPogMKEG0O8TsZgYAoOF7HgoDJQ3kCIEL0lJJ1AkCCJgY3jJHvxeeLfRYDGmteQdKtBl3TJro7wEDQe0JMRTsCnE1bSHoKgSD4VL8S+4kOQ0hvOa760AeaOARAAmpd07aYqmAAFF0ehlh3JYJJ23CFgohw5YMDilkHETWtA4eS54VAvY87KiM9XSOFn7TRJsQgOhA1iOgakGQpQE8BEZ2Lm3JSVSdIFTXClgQIGgeudVHEYkjQ+xDtZMR/0riollFeV51HIIcQ10faNlmImIN1Hvq+d4nF1DZu0iRvnkx3CKA2SrdNyryi7nR9AKK0uEfQto1jTXEIvY9lnbSLD8G1rUtBeAMUIHAJhAMJZJ2C4GHlPQIhuij/bdsgUlw8JMK4UBI7EMSMwAVeXohmM7tyROeauI8nqo/vkypFFZm0rmlcCFHAoj/ild1odZ2L07moxUBy0COii+YlknW58rf3V6tF99Lru//4V19B5/7Y7/nQx95/se/jjpy4gQ6l4pOkhI/blT2owOMDu94i4ZLijVibfCVCgn6xsszUpF4j5aXjrlYWnCjmnKj7JenPKhjnUM+zkVVw6teqUt0PBKKy/diVqSM1KFX2UM0AXXjkwXP33Xu2cRBCcK072Jv/i19/ZXdvfurUdNo2Huiey2ee+sDd25tNAGob98qbu7/2jbd98JstdT6suv4jT9770fdfQaTGwf5R/2vffOv6rcNZi+jc0Xxx4czW55954MLZme9D0zZf+87V7/zwahN6QFp0q53N6eefeeyxB84G751zN24d/fpvvnP91tH2RoOOViv/8H3nP/6hu6cNtG3zzvXDX/3muzdvHk6nFABD399/z5mnP3r/udMTCtT34VvP3nzhtd0Wu55ofrRq0X3u6YefeOS8CyEAPfvyrWdfvuWoX/Vh/2hx5eLpLzz98LnTU++Dc+77z1/91d98+8x2uzFx8+Vqvuofvffip556qG2AAA6O/G8+d2Pvzrxtw/7BsvNhczb5yBNXHrz3tHO0WPRf//71m3eOLu60i2U/9wG8/+CjV9732IXozm/uLb79/A3vffB9H/xysWpd88HH7370wbPgYdWF517dPZx7368OV93+/nI6cfdfOfvoQxe2J+iJ3rm2f/XW/OrVO0fBL44Wly6c/eiT91w8t0EhLBb9zdtLDHRj9/Bw5ZfLzjnXIFy6dOrUpHnr+qFz4eyprfsfOLs1cfOlf+X1/RdfuXVwNA++X61W91w687lPP76zgYBweNh/8wfXrt240/X9qu8d0Oc++ehD952OG+fni9UvfeXVvYPF5rTpu+7O0fyZDz/0yQ/fE/MPdPDtZ69//8VrbYvkgw+0PWu/9IUnzu1M+t47565dP/qlX3/V96uGKCAu5/NPffyRDz5+V6wONK37la+/8dyrN2cttK1brVYXzmx96fNPnDs96/swnTTPvnzrN77zFvV9M3V9181a96XPP3nlwpYPAZ2bHyx+6V+9tXd7Pp3hdNIsFv0nPnTv+x45BxACQAP4te+88/wrt5zzCLRYdA/dd+FzTz+4tdGsAk0mzXeeu/r1777bNtBi8MFvTSef+uQj999ztu+7tm2v3Tj65199/c7BfGvaOOcO58sPvf/upz90d+uoI5puNF/56htf/e5bp6aubd3RfPHYg5d+7FOPnNmZrFZ+Mm2ff+XG1773Tuj9bOoWy1Xb4Kc//vDjD57vVn4ycbfuLL/8G6+/+fbu9qzxSNMGP/qB+z78vrsAPDpcLv1Xf/PaD1+52TgioMOD+f33nPnSpx87vdN6Hxy651+99Y3vvdP3Hh0tl/3Fs5vPfOyBe67sdCs/mTTvXDv4la+/cWvvaHOGXddtzJqnnrzvA++74sm3rbt1e/kbv/nu7u2jjanrez9fLB+45+xnP/XI1KUQ5NkXrn/j2atnNpECLTt/4ezm55959NRm4wO5pnnplVv/8htvTGLF18HEwVNP3vv+xy4EH1zbHM37L3/j9Zs3D6at64JfLbr77zn7Y599LK4iO3Rvvbv/y197G9G3DfWdXyyXH//Q/R/9wN3B941rAtF3fnjtO99/d2uGgch7unTh1E9+4YmtKRLApHXvXD/8H7/yUgMBQwhAkwZ//NNP3Hf3TgjgHM6X/h9/+aX9O4uN1lGDXdc9eO+5zzz9YAxiEd3Lb9z68tfeaB0Foq7vL5zd/MkvPnlmuwlEDt271/f/p6++0ns/cdh1nWvwJz/75P1XThGRa9x80f+TL7+8e/toNmsphBD8k4/d9dEnr7SOfADXuG99791vPfuuQ98AHC0WD9x95ie/8OT2ZuM9OYcvv377q99+o+s6B0BIrcPPPvP4g3fvUAiIsFiFf/6113d3DyYIrsW+83ed2/rkRx88dWrS934yaV58cfeb37+6WHSIwYewXHaff+bRDz9+IZamV13/1e+888Y7e448AXSr/uLZrc9/+tHzZzai97t28+BXvvbG0dF8oyFo3HLlP/y++z785JXGkQ/Uts33Xrjx3Wev+c43DXa+77r+6Y899OTjF3vyzuHhUfe1777zzrX9iSNCWsy7e+86/ZlPPHT29Mz7gOheef3mr33zHYdha4pdH3wIH//QA+9/7AIFcg4Xy/CvvvX2K2/tbrQuEN3ZP7rr4ukf/+yjF89Mlj7Mpu13X7n2a998cwLUNrBcrTYmzWeeeeyxh86vOt+0bj5f/fK/eu2Hr+yd25kChMP58vGHL/+2zz4Sy1yA+IMXb3zje1cnLYRAh4eL06dmX3jm4fvvOTVf+s1pc3jk/8XX33jp9b2Lpyd953sKjz5w8XOffBAxRT/ff+Hml7/+2kbrHOIqhItnt770uccunJ6F3ruJ272z+vLX3trfP5xO3Mp79P5D77vrox+8t191rm0WK/+177zz6ht7G7PGB+r61V2Xd37iM49NXYpgnn/lxq9/400k3/uw6rqzO1u/40sfuOv8RiBqHN7YO/qlX3t9sVrOHPa+n21MP/2xBx+8eyd4QgeLpf+Vr7/5ztWDzRlQgBDC/feceebjD7ZIsXT14iu7X/n2Ow16B7Rc9bOp+11f+uDFszPvQ9u43f3lP/nKK/OjhUMMCA7CMx998MlHzgOFBl3n6Z/9+utvX7u90UBw0HX+Q49ffvqj9yHEvS/4rWfffeG1PQyekPq+25hOf+eXnjy33XofmhZ/+PLut773LnofMHR9D0Bf+tyTD1w55Skgur7r/9H/9MKt2/ONWdMQLbrVk49e+dRT900n2Pc0ad1vPnfjOz+8GoJHoPmy25q2X/rCE1cubvm+x6aZz/t/9Msv3jmYn95ovKfFavHZTz72gccuOQgE0Dbu17755g9euNE6dC0sl6sH7z33+acfOr097TvftM3Lb+596wdX/WrVtK7r+40JfvJjDz1w5fSq62fT5u1393/lm2/f2V9ubLi+842Dpz/+4PsePBeon0yat64efOXrb+zvz9sG5svVrG2e/tjDTz52ESm0bfPi67e+/v13+z5szJqu8w7ow0/e8/6HL4S+b9v2rWuHv/KNt44O56e3p6veOwgfet/d73v0AoTQNO7wsP/NF26+8c6+77sAYbnsL57e/PTHH7hyaYMCHBx1b147RKLDg8U7N+ddCIQ0dXjv3efuv7wzaWCyMZk2eDj3r729//Kbe8vVCoE2NloMeO7s1kfef+n0VoOA13YXv/G9d1fzFVJY+X618lcunf3MJx7Y3kAEfPv60b/42purZd9i8BD6vnvgvos//vTDAB4BfQjffvbad394bWvmPITlsrvr4umf+rEnJpgWJ195dffL37w6aYL33WKxahr301/6wL2XN4lC45q9vfk//+pby8USIKy6vm3h4x+454NP3BVCaJzrgv/Vb7zx7RdunN9uu1VHSO978PIXPvUIQiAC17jX3jn4l7/xeuMC+bDsadLSlz7/xP2Xt0MIzrnbB8t//JWXl/Pl1rTxFLpu9fRHH37/oxcB43IcfuMHb33nh9c2Jw04F3x//z1nP/uJh2YtEBE69+a7B1/99pvkAyGtuu7s9uxzzzx6dmcSM/D9w8U/++obh/PV5qwBIh/Cpz/x0P13bTchxD2l3/je1e8+dxVDj4hd3z1837nPferR7c3We2pafPb5G1/73tXgu4ZCH/zGrPnS59537+XtVecd4sG8+6dfeWn3znyzbZpJezhffepjD37gsfMuIu7cr3/jje89+84EAyAuuuWj9138wqcfO31q0vvQNs2rb+1+5Rtvzher2dR1fb85a3/iM4/dd9dO771z7uio+2e//to7V/e3Nh0QrVb9J566/8NPXEmnLiD96rfefv6Vm5MJNEiHh4t77z73Y888cvb0tPfUIn7z+es/eP4GQA9Ii2V35cLOZz72wIVzm10fmsa9/vbuv/z6W6tlvzXFw/nq1Nb0i59+5P67d7rg29bd3Ft+/XtXb+wezFpcrvx8vvzQk/d86qP3YCAE9J5+4zvvPv/qzTMbGAiWXXf5ws6nP/7QuTPTVecnbfPKW7e//NXXlst+Y9ocrbq2gWeeuv8jT9xFgZqm2b+z/Mq33rx+/XBr5lbe+75/4uFLTz/1gKMAiBTwu89f+8ZzN05tuLZxq66/cH77sx+7/9SG84Fa5154bfcf/uIPD+8cHM1DO5s8/ZEr913eBoB4TodaLYkVq7SlXY4XKLJGnTRWEkh5JGkXylQIah09dTCjgU3OpEm+Wax/tvkBz3SiFVwBSw1XySrR0qbS37xFMYR7uOeQy/2gX23u04pD+k0hh3iwv3j9jVuISOC6fnn97jOPPnB+e3M70mJ+tHrtjVv7+3OHvg+B/PKui6f8++6aNOicW61Wr7+59+JrtyYOAuDh0fKhe7c+8ZErAJvoIATY3Tt44aWrq/nKOVh1y7M7sw+9/z5IOTPcPlj84IWbV2/sb280gehw/46j8NQH7sLWAaDvw7tX91957dZsip33q+Viueo+9P4rF3DqAXygt6/tf/+H1ybOB4Dl/HB7a/rhD9ydSBXg6q2jb37/Xej7ALS/f/DQfUef+PD9505PEZEoXN09/N6L189sNA3icrXs+lVD8LEPP7DdgkNHoXvjrdsvvHYTIRzOlw5hawbnTk0fvO9069AH2r0zf/3NO7c23NHh8rDr+uW8AXzskQuxqHy46N569zB4v7t35+DoaLVYnj29cf/dZxHOxpre3p3lm1ePdnf3b+ztL+bLjQ08OpzffeXMzmzqPd3anb/02t7b7+6+c2O/Wy3PnL55ant26fy9ztFy5a/dOAKiF16+eW3vaLHoNzea2QR7wss7s3ev34HQL875u+8566YIAC+/uvsb33pruVwAdcF3G9NJ3PgKCAfz1Xefu/ru1dsQQtetyHcfePzuh+47HfVktexffWvvrat3WoSuX83nB48/eAnSSgUCwPWb+y+9cr1tnfd+1fkLO9NV/1gqjxLt7y9++OLVbtU3ROCgWywef/RugBBrdA7x5q3DH75wA8m7hrrV6r4r25//1GO80x/3DxbPvnA99F3b4mLV7czwC596ItYjCWnV++dfvfXGm3vTjXY2aW7fObz78s7jD50FAh/CpHFXb+x/+/tvNUBNA0eLuUP41FP3wmYbNej27aNnX7gKgVoMvV9dvrD9sY8+0DjwBI3Do8Xq1Tdu3tw93Jg0HnD/zsH5c1v+Q1daxFjD27s9f/PNvakLTYMHh0dbs6br7keYEA/+wkvXF8tuNnVH8+X2Bn74/XcDALq0Dnz1+uELL17f2Gg8EYTVxXPbH3zfXQ0CIq58ePPd2z94/urEASDcubPvfTf/+INnsI3bAG7enn/vh+8ezVeTtj2aH917efuDT1xx6dAQOFp0L796662rtzcmsFjMz52ZPvLAJYdADhBxsexfef3W9ZsHs6lbLjvfr05ttmnzGGLv6dbt+auv7+5sNMH7xWp1cHHrYx95YGerjSsDe/vz51++gSEA0bL3m224966d98OFEKgBWC77l1659crrN2YTnK9816261fLHP/sYAMXNzjdvz7/xvbcb6NG55arr++U9V85+3N2DAM4R9XTzxsGzz1/b2nDLZd+H/sF7zvzE555Al96RPVr2L7+2i30PIfTkNyfw9EcfEkva9fT6m7vvXt1vnesC9N3Ce//pTz4YAhGRc7R/sPzB81cdeCLq+u6ey1s//tn3EcVNQnQ071585ebRYtE69J2ftP5zn3gsLcsS+AAvvXrjtbf3NqdNH6hfLTZnkw+//65Y4icK71y788MX3nVIjYPVcuEodH2P2AJ5xPb2/uLFV28sjlYE0Id+iv7DT94Hd+/EAv+q619749ZLr91sgVyDwXfve+jCUx++v3FIiA7x8HDxymu7+3fmTYMBwmox/+j77yY4H5dwvKc33tr73nNvt45a13T96uDi9ieeegDObESPMF92b7+7d+vWQYMEDlbL5V2XTvtwuW2Sm7h+/fC5F2743jet63u/6o6eeOwuh9AixU1Ur799+4fPX91oG2zdfH6IQJ7fjAeA/f3Vq6/d6vt+0pLve0T/wN3n4LELsda6WvVvvLX34ss3t2eN7+HW7YPVql8tHwCcxXWq23eWL718k7q+aXCxWJzZmX74g/cDe66+D2+9u/+D56+f2Wq63h8eHkwa8p9+uMUQAgLRu9cPn33u+tZW40M4PJhfvri16O4DXrTqvH/77b3vP3f10plZt/I+dNPGdR97cNoQoAtEN28fPvfitWnbOKBl199zefuZp+67cGYWN4fMF/2rr916593bkxbmnZ824e7LO3HrSovoQ7h6/eA3f3h12jYBsFstH96ff+7pR2YzF/eO7x8sX3zlOnhPRMtVd/7sxmL5OMJGXJ06WnQ/ePHd3b35rG261fLUdvOhJ+6Ja7wILgR69fW9516+sTVzy2XXdavF8sonnnqgcQERAuGNvfnzL17zvg+996Hf2XRf+PTjl87N4vrV4bx/+bVbd27PEchTaKB78tFLiOfjrrkQ6PqtgxdfvukoBAeh7y+d3YC03kmAcPPm0fd/eM13nhroV6sLZ2d9/wRAS0QA7s7B8vvP3+yXC4LgQwBafebjj6a9TECB6I23b7/65u1pgwhhvjg6d2oj0L2IjiAA4tUb+9/63luIwaFbrbpzO9PPPP0wz4yrzr/21t7b797ZnjQA/uBw//GH7qJHLzoXj2OAvb3562/sUfDO4dFiPmuc9zGUIwA4OFo++8KNo4OjdoLLVb+9Ce9/391p6RPw4Gj5gxeuX7t2uLnV9n3vqH/gvvOPP3AuPl2t+lff2H3r7d3Z1C0Xq80ZPv7IZcBLMTDbuz1/7sWbR0er6azpum5zCg/dfz6ufALAYtG/9vqdq9dvb8ya5arbnNLdl840j18CIufcsutffO32D1646aD3FFbzxSP3n3nqQ/cgOnS06v0714+ODvtbuwfPv7K76D2E1cYEPvup6d0XTq0W3ZnZpG2xW4UbNxcvvrZ7/ebBcuU3ZtMJhnvu2nrovjNntrcBaLHo3nrrzu7uAXnvQ1iuusOD1cc/fM+pzRkAHc6Xr76+e3CwdNQvvV8tV5OmdQ58H5rG9YGu3zj8wfPXT81g2YejxeKR++e/7YtPhLg8S7S7v/j+81cn4AloPl9OJ+ELzzxy712bMVRYLPsXXrmxt3vYOuj6fjajR+49F1UYHaDHvTuLl1+5eX2jWS5XzvWnNlpPj7RpxYTuHC5fePk6APWdX/V+awM/84mHJSheLPvXXr917ebBBKgn8N3Rg/dffvLRi7EMDgA3bh59/7lrs9YBIoWOyH/m4w/E8/sA6Pb+8ns/vLZadoTk+/7iuelTH3nw3Olp8CE4WnT+uZdvvHP1znQ2QwpdN3/s4cv337UtW8Dfenfvu99/GykgUtcvwHfPfOIhh5MAAcHt7s1fevVmv1oB+T7401vN5595XML1rvevv3XrnWsHE2zAtbdv37nvytn3PXy2demV/t1bRy+8fAN83zS4Wi2xD8987CHcmcZQff9w/sIr1+/cmU8nzdF8cWZn8pmPPwgAFAAd9J5efWPvhZeubW204PDgYP/KXTsffOxy3CTRe3r97b3v/OCdzalDxNt39olcXHWMa/bvXDv45g/eaSg0DRwcHDzxyKWPf/gefgrzef/mm3u7e0ezFg8Ojy6c3/zYh+4B2IlWYtX5F1+9+cbbuxsTt1j0y+Xq8uXTFHdUOedDePf6/vefe/f0RhtCWK1Wh/evPvLBe8/BLK6Yzufdq6/v7u7NZ7NmvlhtbcD7Hr4AAHHfSe/Da2/eeeHl69ubzXzVQ99tb0yefuoBiIu6FN66eufr335za6Nt2+Zovrj/7lMfeuzyqY0tCgEaaBvc3oBLp88++tClB+89e9/dZ06fmoaQtsCgzrNShsgv2Q1SubFtt/VLt0XzZ10HXq7k1V7bBEHfxHw2R04JMW2SUGNJKljZIisZLgHwzuEKnrEJvxcj68EK9DJBV0ugALLxluFIYPH7oJT2e6T3Zw7mq8W8DwGIYLVaNQ4vXNyZTVysP83n3c3do1VPrcNAvlv1Z85tnz+ziQRxi8X1W4f7BwuHDtH13p86Nb188dSkSQv3d/YXe3fmQNA0znvfNM2F89sbs9Z7cg0sl93unWW3CvF9u+VqubOzceHcdlwHD4F2b88P5x2Co+C73p8+u3Xx/Bb6AAjo8Pad+d6dRdu0rsF+tUJsLl04tbHRxhfx949Wt3YXjXONw8VyNZ22d13eaV2qHtw5WL17Y79xOG0aT94HOHtq4/y5rRA8IAZPt/bmB4eLpm3jvuvN2eT06Y3ZJL5q544W3eHRajZtHcHRctX3cO70xs7OlNJGoLB/sASMC02d7/329ubZMxuTBuN2kOUq9CF4T/uHy/l8ubk5vXB2a3OjCT4gwtG8W67CdDq5vT/vOj+dTk7vbGxtuLhFZ7Xy02mDBAeHqzvzrkVsJ27n1GzSuuViBehms0njIsPhzv7y1q1DTzCbNm3rzp87NZukXQZdgNt35suFD4G6le+6/sqV06e2J1HW+j5cvXm4Wvm2aSn4xXJ1+eKZC+c2REhv7h7dunVA6BqEztPW5uzeu3fixtqY7dy4dQCEjWsIKPhw9uzWznabtMe56zcP7+wvAFzTYOj7ybS5cteZ2cTFwuTt/cWt3XlUEt/76Wxy7107TYPeBwJskK7dPFws+6ZpJ61bdd3pnc1TW5NAhATtpNm9Pd/bPSJ0zuFyudre3rhy6VTc8+Oc272z2N2bIzRtC6tV55y7fHF7Y9YGCo1zq95fvX4wX/Stc0QQCC5fPnV2Z+Z9IApt2966fXR7b9FOmsZht+q2tzbOnt1oHIZAbdvcOVzcujUHgrZputAB0KXzp05tb0Rt8gS7t+d39pZRT0MI589tXTi3GVU+BLp1Z3HnYInQNM713Wo6ay5dONU26AM1jTtadLduHfkArWu6vmtbd/nCzmzmfAht4xYrf3N3vliG1rlAPQJdOH/q9KlpfEex68P1m0eLRe/i5jagM2c2z+3Mop4S0P7B8vb+snVN4zBQaJrm7NmN1qH35BzMF92NvTkERAchkAM4d3br1Kmp975Ft/Lh5q35YuUhvsTi6dT29MrlUyGEuLfvcNG9fW2/QeecA6Ku78+c2bxwbit4H98A3r0zv317AYgAGEKYTpp77znT8rvBq85fv3kUd/b7QBDowoWtrY1WDOI7V+8sFp1zDgl9CDunNy6c24w7rh3ifNHf3D1ERET0Udgun4lnDTmHq1W4sXcUPDnXIPmuD5cv72zNmrgxyQd65+r+4eHCuQaQus5fOL9z8dwmb8SDG3vzg4MlumbSuOD9xubkwrmttN2rwfm837uzCAEcOh96CnTp0s5s1kDaywTXd4+WC+/QEVLf+e2tyaXz266Jsop3Dpe3bh1RgKZpEAGJzp7b2pi1MX9zzu3tz2/fmTtoXIO+7zc2ppcvbjdNeiO/92H39nyxDHE/5Gq12tnZOnNmFs2Da5q924vbd+YA2DRNdF/nzm1ubbZxM1Ug2NtfHh11rXOA0Hd++9T03NmNqBoxOty9vQiEk8YRhODDqVOzne2p70Pc8nPz1uHB0SruSww+bG3NLlzYmjQYKDhs9g8WN3YPkbBxzocwmTQXLmxvbbQxxgohXN892t9fRXO26rpTOxt3XT4NIQQCh+7gcLW7N49+tA9+Nm0vnt+atOgDOeeCp5t7hweHq2k7aRx1Pmxvzc6f20q5DsKdg8XVGwcOmqbBvu+bBq7cdW5z1vgQHLpV72/dWnSdx7TVls6d3z57ehbdAQDs3VncvjN3rnXOIdFkipcunmrZCx/NVzd2D+Nbe+SDc3j58unZJO15Wnbh6vWDbkWT1kHwPdCVS6c3N5o+bjJH3N1b7B8sAND70Pf+/LntCxc24muazrmD+fLW7pwCOIfe+8a5u+8+M2nTnq6uD1dvHAafXh4BokuXdrY2mmjYA8HencX8yBNQIAq9P7Wzce7MRnx7DBF3b89v354TuKZxSNROmyuXT0XX0zo8WHR7e/PeEwJSoN77e+85u7nRAKVNsO/cOFgc+aZBRFqt+u1Ts0sXthyi96Fpm5u781u7ByFy3IeNjemVu05NGvA+OGwI6J1r+4tFP5u2QGG16i5fPnP61EwioN07i6OjPi5beO+3tmbRRgUfXOMODle7t+e+J9dg3OV06fKprWkTt+Qsl927N/aXy9A2zvswnTYXL+5sbbQhhMbhqvM3d49Wq75xzarrmsZdvrSztTkJPjSuOTha3t5fhBBfk+mdwzNntrY3J9GqL7uwu7dYLjrXOO992zYXzm1ubrTRtHZdv7u/6Fahcc4HokCbm5MzOxttiwDUezo66ghhNp0cHixvH3TO0das2dnZmE6c99S2sYKHfRf2DlbzZY+EG7PJpIFAfnt7Op04AggB7hwuFkdd0zTo0BE0jds+NZu0CEDzRXft5hEFcq4BCt6HnZ2NC+e3+s4jIiDd2V/d2pund0B8mG20d99zFnsf9yseHi2v3jxCipsdAwFdurSzvTmJ20+6Ply7edit+rZto5e8cG57J8b9DijA7YPlzdvLtnEQQu/77c3Z5YunvI+bwHG+Clev7fu0e9NNGnfXlVMb07il23U+vHvtTtdT6xwArZbdhYs7505vSMB9e3+xe2cZXzMPwW9uTC5f3gZKe2iPFv3e7Xl8jYuImqm7cmmndUhEcY/01esHy4Vv29YhrPruwsWd01uTuMPfIdy8vbi9d0SAzmG3Wm1vza7cdbptXHQrdw5X+werQNAg+BCA4PLlU7MJdn3aoXvt+sHB4dKhQ9eQ9xcunNo5NYmLRW3jbu0e3d5fxHfUfe+3NmcXzm+1jQsU4trsrb1F8NQ4F3xPQHddOb01m/beO3QhwM3do4ODZcycfAjnL5w6tzOLZ3s4h7duHx3sr1zjHLq+67e2Z+fPbbYOA1HTuDsHq907cweuaXC57GYbk0vntyZtivkXK793exlXcb3vieDihe1TW5MYSKx6f/PW/PBoxa/ZuQsXts7uTPvex6lv78/v7K/i61Rd7zem0/Pnt6aTSHO3WPa3do9WHTmHIYS2wXNnN7e3pnHqvgu37iwWiw7RhRAohFOnNs6f24xnYKDDO/vzazcPHWDbtuR907pLF3dm06b3oW2d9+HO4ap1zc7O1PFLzuVJIaBWPmNmR7mGNXydM2dlBDqzK/IvlW+h5HB2UogbZ3NHPppAmgy6qO2xkn8SmT2/eS8vkB6vln+ak79obEmTt+ryawwZ/PhYgVtJX2mYf6aF5UwSSZ8J1DF7+eDGYuCUJyeI0hZ1fqBIQZDePcCcu3PTlHPrfeMaL+YfZd4AyPmCJLl6hl9VM0j2bYuMAJ8ok7BON4fiJdk8UaYQRZOjCM47zBNB0ulg6RVE5PNfyyVo0BvHueIS0U8L1Fy7kJ3XAmF6uyLNZ+Q0FShQ7y83m9RRXsmHtHIeu8QNhzwDJtUjiEOFfDAUw4ZcrhDqjV+JgLFO7hDT0a+sLeociTRg/gfi2qYQhGszwJsNSM7sjb0xcz4hnVZlKL3FWsIWEp5sMLK5iW9ppmEB4vZizcmIFh8/KCLPoADJG2WIycoQM4nJr7CmEUHhj5in4va5bITxICiRK34hJ57qgZFlgk5mnnwZ411+rI9yR1aKeMYD6nbWokSczAsPPB73cS59o/Q2MhCB45M4tWyJGI9Aq2Ycu0gOeyCKZk2MuyFRshzK8vM7fsjo8pufqXOiuYZDJkXg1WiSI8SMBIAWF9M3WwPZzpPGZEYnaSApeSYTiWyARF0NIdjyxDmIWPCzfGJ6+Thhl0VXSU986ggJ65RXjiVrm9LTNH2ydExXYOOgeJGAYgC051eOg8z46RElI5AEKqtDIhdlrYXsRSA7LFbD3Cy5IMwOIvVFLj/rbU0ixVJUF5lTJlwZWSLxe9F9pmcOtEIQl48jSPk1MB6azZEIT2Z5sp4sipQ1EyD93jALVQSR3QoJ9WVscRzKLRAZ18SUCIwXl9iFpEqbkumV3wLgsnhIDk56aUMiV7FDLd2M3aO50idyQz74JMGuzyYSfsu8JtYQ+eE7CpIoIclDibY70ARCjg0TYbM488AhUDTvHEeyk0zAZHZSVDA0L3hBVhaLTaQpRd+XJChFBCrWiueIafQ8H+6gQ24ZnKAwztHWsTDboJQUqxzbdhEKPkVStTeWX14FFGqULIcsucCDayIYc5UCufTedBYtAv4NCG1BI9/T1AScqyQSCLEonbuR9EgU0xpKIjnRCtnpoGWsoRqJkOhcQoKJqvVDir+HmY9WY9tK+ZXBRC5SDMeMNjsCIaHEuhku62I0w0lit5AsFRO8YBlIeJcD6+TR+BxK4WemjthFzaV4SoXkPfGgJkivnipg2R9ru6FOGdXmzYQEJei1Q4moXHeEor927gpYTRGGRO1mzR+CDyiH/kMKX0C7nKQiEnVkmdFzZEKIohJ7ITXOEAJ+CpA5E8cyMYfIKIfynIOxPwEzFwSSEzaTTOufDwjEx8BFN+MAwbl0ABaFAPpYYGCWy0QhnUDHHhqhaXjvF1E8J01kG5Gij4jzBwDy6YV60ZymQdETH4AgYP5tCWxcVvkQz9VJ5iMgOj5wLGUyQWdEEP1udgvE4Yw8dyomoOi9EpYUH+tCS5DTOdl6KdAS2fNTyF4/effoHoAAKB0/wS4w6YrKxVnaSLQuTxTigmsiER9XmQQgBBONOIesg4l3Cn1AdHJwYhQZoQ9lvifsIJ2rlJ09pnPoks4wdxhhPo4l04e7RzObisBszkI8tSnu6keIk4tdCCFilg6IQ81aACLyfKYLmwxgqSJKvxqifFAc3CGkg1vzSXOImMjC2/sJQvA5ckEA1yD/HAhBOrg1/eYQ8bmyLDPslRVnG3Wke4gBWzwhK6IWWZbgTH49lyeE3xC1VUfQWdMj3QLxacURVEznG9unuZ6A8bQfdsRR4FEZI1XAIQAMqrwTqZaDURYnLQ9NkzkOEHcyJswRwKXzP5MG+lDoshOyiTRK9UK6a3HimC9aGef01KFMOEWuEmUooh6iQDQDqib7iShkEabzUbpB9Dg1SGYqHR8qgbhzuQLCZqTCU5AGgfhXrJAlFgCSvHobHSCYXJ0ItA3AaIuaKGlRXYJXfHWxmM+BUYgnpWcDQ1oTma2BFSUgomsw1s6QgCD4AHKKCWE8DDk+tjKZwEP5gas4RbJv+d0fZCuSBIONTPIvjTMiV+qLE84AaIlN46Oc85n5Lt6BBV4JVYqaACHaNxZIACAtcsQxOpc9gSU2hXAIqOU5KouyIun4Iq5+k/fMslRnZOPKEqUSRoEtJ2WGaBAtcwp2IOlpQixZZt7FkFIeK1IOdaaW8Yp3FNEgWrB8ADtqyIHAyAMy5FYXlIVBYNBKTYlzR4qKww+eSQbkBlbd+5zpImDTwMDmS9hIiKZImk/Kyzlq+mkVmziBEigCRD5MhceRw8YpROusI4EQ313hzNZqYsxpjS44tu/RwGR5g6QpVpjTGXkAJHyJiFDiGklQaowzAAwisaGmVJ/GACtIVpeYLvEnSDCQxa0WSBiR4B/HSkxPkAPLmw5yOHxluXAyuESYLKzJIscAS7l7Zb3RSAWxJkb2KLei8GIDkPpLHKKmFmctAVIUyGSZE4tcJYaR6A6dA6Vn6Vh7yU8RknlybPM55owUpYh37C8MkfAVUQK/pMV8ihhCPHMI+fftCn/KOs6YJasbPBERSzjw0JhLDCJ39g3NLCOJoMMUsszRqpepXA/7Km8o9gLY0DDDSc+VHHYIgS14apOOAebcPNWtUFdiRmBMXsesTFoc2CTbgar427UxTnvsioIOgApAklfh9jo/MY6IIWMXLMCXoJs50o/TgeCik7Sxvil6IMGHaZKsAEA8aibbw9RKV41l8MgcZVb0UzU2VsTRoJ+yFKlSgHY5Rfcq67HEvdJI52C2I0r7ka4GTovCUMBiGgkldwHGh7bucNC1oB7bsiyc9k8JVB48RTp5HplavE729uI5OJURP0nCVwCwRTs7uDRKcxV2qdQIUXbRhmPJouha0lyBxQJVvCjO9kUZHz2BWCsd1g8Ht4iDBIjDp6wvmeYF1pB5CFzdUoPC2IX6I6uzNru2tZodSnUrQS8YWjF0lPECy7Lh4EV/SzQNISZvkkU99S3sp6qVVwyFkFZLGsOSRV3ZxiwylmglT62sMnLKjKQAxbBN3F7FiA3kSZv3jJsbZWv2rAr0imDIpbMVZ9sOBpfuGZ8BCsa1K7GpSQUUmloMNW7BxLHKjABVocr5Rs3IDPA6dmq09l4zpjI1GFWyUdE44iOujburVTUcWhg78gheWTCQdYYUXtn2qoCBqD74KEkZ45gKBdO3BCDeC7mTVsOC4IUgZbJA5kfVRw/AG/EsA2tgGoxZOfGKAuJAlctQZ/RpNs7AW0xMbKLkOfNFLeoeIxVDy5/BHlr+TBZS8obmoR08gjASemcA0viq/4jTqWhxGttKo4Clu2fjbAMU4uZU5XXBLSEa3y3lDQD4h9NBSTsLAwDwVqRMk1JUdC5ShDE55bGUgdwxpYgVxEfikPdglpFNBMVyiYG8MoSFnPRXJrc6M6e8dOI2jDSMKRzczYZgaBwN6bOfkvwzn5KfqKcVQla70i+DlUu0cRA9fQ5cipYa5OJMpEH+qc1N8Sg3hlzaP9HFldaxHAkUD469imz+RPMrQa9BB6BUqBYW6A1q6Z7qmtrwl1reuQY21lKG8D1RVtFNlV/WpgzmSSU6WANpbklQkRDU214qseZgRHqPfKz0r46rJ13P+tFDuEAMXGSM9UOmWQYlibcsyor1rCA6CJrfw3UcUmZkUkeuR1QAQPYig9r4VDFv5RMTWf5IkHP0FhEY2FZEUJuIAFSeL01SMyuExfjrAFDJoUJEUCP7JDP0X9OlpygDmjF1kG0C64euZkd21KobtDL8IyFr3Iqa/sQKvk6oRtmaw4+i7YmHPtFVyL99Vg0a/jVesurw3icxQcLo2McMTpXdbvWGcU6ZXN18b9fgzMjfoqMY+AlcGw+u9QtF/ilQRTirUK5JOczICtYxqKC6jHKyIbKgrkNdj3VC3v2oJqOYrxpmW/YbOyDGWYM8OjrUVoSO7WaHeK/Wad017nRq468dXERxFJGqjdJ6zXb0BFqmbKFEEiPFjmN9cQIjAzR8fAww7z0ZSPH8OpOXIoxCEmGoxCRQmqUj/ZUldK1eoxXLWqRYUrKSf1b6lnGgyT8DJzWD1BJNzzGgizbZaNY8Rhll1tqwN8otj+VsrkLYtoNazXrlrHK82orfVcg3kJSsVkfANUMn3irLnc183j+dQSwljlEr3FEefjTxHlS/SvEy67xU9i+M0nrvxTWN0azFRiqSSRYyVuejSR7yzTxs0bqYNc23xq1WQF2TN5aNqR5qHKNlZiUtJ2k6ac9toxIDyPvIvKMRUqhi6rdqCsE6J1WqPJulrZwSLb+HogWQX7YkxQXhcO6H7EZSBVEnK6XoDoKAOtkATiA2xaWtiI3YBNzjCg7cd0Tdh2Yg8wMBSHMN6hJW7A2BtdSwIjQGdmR3mlbJSaWT0ZIUSfILzSR/tQe0DnMsrNbZbSQfxlg6pyfAww9xNLVL+5KtDRyLFLU0GlSvhKyVN+HegCepSKqlf7gKuN7sDMi1tlz1HkqokPb7jE9txFBVJAdhtJC3LKqAMhJlXKfhHAtei680nFpYq+Yg1rIBK60NUAFxxXFJNDWUhHUU1s1TTDA8E2PoCZUoZrzXcCc5x/iCpcZITyCfdGQpT7VIq3ADKm7eoFcBiYfKfDBWruY+dOxd0nNgqisBYFKsITBjLrXS2CwT2UlluS/HWaTg0BiRYrNxDkMAknXVki8wy72xWpJOOKomoBaND1eMJKQr7GDFP4qYmpCqIKH2VHlXmEhdjew2xqhG99YbqNDFhLxJ9Wu+0sy7znrb4o3BxHr6YpDqmGtvgpZMDopUnJOlAdjl6TW2zHYNlyJJ+Q2tgEvHIR3WZ1iF31TwsEAOHEF1lmJMImoVIYbWGYY3iysm8bZN+lKGLbXOlXs8RP56zCjMVDXoSYq0mMVW35VHI4bfhFVySDDISywCkk1wcPigqKJFUuvUGwHAjJl+/Vnceckdto9DjnHAOkBoLZ3Q5tRiE2zPqtlaGyGtE6jYXduOof3Kb7CfLM4qbZyEg0Pjtx5ygKGiVkS9KJvLPLy3/XiAR8xBQZY4tTr/o9xim1ub25UiAoyBpaOzYjRUIlDVFhbRtKFTQc8ioHUkKtZIRVBFk3WnnloNutrgbDhwbmbLfimyjXgl+vD8xvoW0mw325+kJFpQuNArNKRSX5QklbNQZbgo2KM8rtJWvJhpO7R2CouUSqn8P4YJOhouqpWixsSj83Dy8oTGYgBlOXDVvBC/IjGoO6FpFV+sx4In9Ssb8LqyRu7lbQgCyXCQ0l/oZqQP1ajHaoPRtMyPCr1Ulsab0EAvckcDrvybYpUh8XSkxaqDutQ4ljCYO5Vb3LDmh/ItxWtOUgtJiHItoWwG02SPuHYh19RBJDrAAnSjnOrQpVKLCUoRtXmL1dk4i7XtJ7I/GjIVkuing3xpbCjzIVODRagkHSNRPrKtxtzTuNcaAiYeubyphLkmf5n3a99EQssG/dnKZVQPpdFpEqjSZ4SDVROnuhQY8HmMCryhn1wTHJbaboQsl9WLEIunHgUP1bmd5RwjbB0zEkPoaxWPOjG1HwVILwyL51GxxcggVcrVWTkAfGBU06RaNMSTWgehOql6gl7oRA7ZtRE8YWnSXoWP4zzzOP9YO0iNAUn0aSVnTZXExOF08BelYwjXls9VR2vLUP7kjjJOznrjGPxXneoHWboqCHC/bB+TxR9a8jQmk1HZba5Pj2SstoDHhTUgdsw549fuoJbYVsa2rSi9QK/SSQ7qJeeVSSGXrkU8QbfkEVToQPamSKYWLGBXTHlMhVhpcysXM1SFFmAorpzZsEqk8sHIHlawSmRRogmgxUJbWxXuZn0kC+3J/NjYpcMouVcLh2LjE+eh2frJLLIAkB6UC4aWnSkoMUUZWZMy/hQ4UlIeqoCwLtUSW+QbWcBkIUzBZu1o4sPg3LQKU4wHrQFFsuKhoS/fJLcFoFziVZEW2ZZi07UxlDOMS3CMZSqS08ol4DEfjQXhY2rF0KVxhtVT0Oo/AEOZAcqo6YLSyCUzprGzEA3dKX/QyyBQapkorTE1kGGT4ZJ15XOFC2Q1CmRfD6lU/ZU5HUXQ2lL9sWoehvGAOIj0b91CgnnlTm6bvmQayPYVLaK6jTpLcr0Jql1SzsuD69nN0kwdoRzxyKG1VL7AocIo9maCdeERbMpOplJsqSpEK/VA5Cv1GejjMBHSbZGjAj2P1imFe2V9QTkEnhq1xoxojuXWse6B45DUnM3HGmYNzRWwaZGdRqU9GxlNjEwZORnHO/CAHGq+p6usEjM/88zava0FGzMJLKpMtqFbTNswIFt+1UlFqZCNnoW++CQzWB9lyUiUZ1wfnAzLQywLlXxnCBdqEMQH6eBQuzkt/7IUwnl87l8xftkP6EcoB7XmwSCzRpsgmZOHYK2SEOJkxq5yKzkX2YMhLVHLq95MYYIjo9V5fCVqFgAq++T5zJDsLEmCaWJgpGoJRf/KSz3IZbB8oZ2NrBSdZPWyehWmoJqGlBGL/PBXFpH4vusJXrfI2VfqWQG6MNDFkJmsv9UMIA43arWtaA3AU6pE4r4gCzco0lW2GHELZdvUF63PiiuRWwEIKhYEdJuhhyOzmzG1zTMklOvDjmzCAShOajZ9RBtKLg/WM7AYvwxorKcf49casPXTobwNI7BjF8PLuJYVQGSbao311DnLUga5EJSRQtYJSp75HWxpoB4yt3U1V6Ig7RJLUmg/WErqoNiWYTfAS+9jLVaR/VYajFs9LaLVR8PrWGkp9oqAZVd1/0xVi0t4CnM3BG/Q3YTXMj/HPfZJ3aVVg2CyIiFN81aZLLGFZhYzxuYsdRyKi5kZtseqtHDvupjUTHcObgcbxk5yRTzXOJZ6ObzG+hGb/yNeVX9sJPYENseOmNnNI1ipFu9mZrElSCWZRju0ZIl9QQUPaVbl0Yu5Bj+1JWG7Jq+hDcSwcsS/2IBt4ChBjyA91l91/SoERdfikTclgWzdGAywxkUOxi6vasdqTmIpQzAIB8euEdJVwKgWgPIKvzXgWaZGHL1d1a+TSOpKx+BgtAVgoLC5uMN/rWWNCJRrx9rjKtGlgv4DZalpKWtONQpgIMybVmbaQUCpv45pa9Vr1/VU82iUX1Dd8FwEjWWEQLEoTMY4mYwAC6qDilVYCsYJLjehTvgMpMBulLmwP7bXsYa3OhF/UpCpCZCPLV+jdLIZrNKGpLQ3ElMhUwxgNAmuv/aYi1nDYGwk9OAA85iWmmXaGrv4V7prN7+e5mx1R0I2hqTsNTLasCXy/1U0TWn1b/xCwLH9e+tsGA4+Fpqv2DUcCYfwI+aqf3VmjAsPx/wY4JqL6kpTcePvfejBHTR/bFsjtUWIb4YiNfKIjTvJ9d6QOondKBW8nK/WI3v6cc9tdfKk8NUMf25Mx6CEuiWAEjDknwrQ01aXvwgg28gSoszrwp4fR+n3EL9TKTon6nJsXR0xm4GxzBDWOJvCb1aeixOujZ3sLI2MUuVsMQsN7Ruiipt4jGOppwfBqowjMLWiJTEAnTQeHISOyQ9hDe9h7oBj3050/cim9ZjrBFo4eqH6fzGmbXfC5CEPW5fbakamnypMTjBhvclJZGKAD9YfctAEyZcPLuXgbKozcr0HQ4Ijxcrq+Gi1mLfPlRL/Xj0wjRs/k9oRa2iahcPxlAtgHOikc2pcRvI9PVdCFjGX74eDIgNkdJ3qn4974zF1II56bFxRi7DrKBahrQ3bVe6AxTKyCauOu4x6C0PUIzwW/PIaoDMW6B7T1+ZroLHE8sOJTdDYex1xlspSQvEVy6cVyhvYqgE1/7sOluRoJJMoxMKON5K7HXMVEAzdMZ3AmdGAKmaCAi5tiLIEj2EmuSkUUJh3B04YoNcJV7k5YgdbKQwlqEwsI8uGAwkitb1GjIdkpEUxJos46YwyuZrqD7Lzy3I5XEbAAWq8Yg5id2sXi1Ep5pRX/xVEar0OxdDTYPVFLWfF/1WmMFUERoFf90j7e6hoZruXtonBTGkDx/6qOqfIosfReXtNFoR8pnR6AiEsl9TkQxqg5hp4b8m6ytn4ioNyw8YE222oEF1jvWSrSwMI2lUXHn2IrUETDAq6HIXxFzxtXQdgsAWrsK6IBRl0QTOvPJGSg6ElMbU+jTyrAlpnGx/yXkcmXD7/te5zy9VYdcBKtc/Qq2XaVOOXoTbx+EWNA0woVsH7BAtu2vKeZE11eEXqFW0GqwFS2EyEkjDaGFPRvgEga/aS6FsVvSCkgTmRGkIlTEiWX9wSZST04NrsDQGqrgSU1in9tahlARZArJ3OaxrDRQPMuxFP5AtN3+oKbeHI5OZA07R1ElDz1GNRxXGhTgUkayxKQ5fM+Npq3aC6LyTV3g3Mp1E/W0I4JKGxGGoNUWKMYhVXjahCDFQSwU95DaVGRfMbJ9KvurJBAGXCJPNXMEd+Ur+UW6/bhOqd+jINh1vCJ9WyPmZd8sWx87oSAED82cpjjVueLA1EZN5cOkluxj9YW3lkFMcGEkMh19FBtUwx9PsIg8MFsmdNjVJEWgEu+fQoYWZZkgayROyPcjBmrSSZYYcEkRVpE67waHp25FcPSozMcFTQM98tKDBitTSy0jqXn+XfUUuTQyF24krpUrFEjVAkIlCao6rkx7LmmCLYXYccSSj/W/bJWmusUG5SAlIgPFh6AWvcGCRhCAIGCFC8tpDMpF48JC0PGUNBCQjsay8F5AAg77nlXw5lw2pXQXlQxZ2qmq/xMpVFqTQWAoDTwlQ1IGPeutTvolf9CwIYXQCAMYUHLYLrfGiZhAyCrMoUY4u11lGMTqphI6yGifx/m1MVJNbRSI3OVRgHM2H1weg49aZjFgcZk3XjMyl0/bgeL41PV0Yvxzsz3bhoXzUMg5DUqnFsM0g/jo2rhtfI7AAAg/fxj2E6UeFf7QDlxgs7GmFRRRuW500PtkonYnp5Q6lBPRARf1UoWc2cVRbO1gFjbMrJBKeovucP6zRpdArj5GoGgdvlPxyqCAxAui5+AtsnQL/XbQ6StAv0lVmKe4J1mUFVCiBkGfIjXpZAdTs3Mg3he6GJttDD/TUJmYEeZW8PpF0QqjB/zYxjdCH5ezzlThDxD0zucZZ8DHYa/ICwfrbuK4AUXWWaYeNjVW/oxY7zIUMw6uv85RDlKOvrb8aJaI9/wk0cdSZWWYBoY8oTLscVo5QIaif/o2trhoo1SIdw1uUeG1np7UWVFmvkZL3SD3cDlGK0No4CQhuxVRap3gsFi4DkR98Ld8x1MrWFJAo0KgwDj0yjD+0URTZkWqMOaQaWdg3kaE8Cy4tAZh4Vjp6QNdb+KdBINan8GUJY+RxvaC8zNBIi++shRvWv+lDsbKpew9BHD1YNyNZeJyJu1Vi1vAAZSxRpXTOJQW1MXZJJTWJxY3DkPcNta5q2MCCJNqn1RdlTXExtigd2IWtNyxS58GnaKvpKNEeObQZzUm5Fg0mlkw3m1LZEALvRorik3FZJ3nnkOpYafkxIWf0umJdGMfWbYQEY87CV1cfCaQ27syCn1dmoVyVZ7OdESHZSts7HozJ5BYDKOngeDTL5QKq0MBAYM8JA1IeSlnDJpOIUYiBo6ruhjE17+UggKXehxVpBS+kQsEJOWPmyDiEU3ES73lLjRYkyGUGKrBHvkXRUIa/N++BgZDNyWcI2Lgeg0AI0cAoLpAoIJTWg7AumTSHkRcqhP8jWMj1kZRz9axQanoqqFuzPtj4NRgJznN8YzPhCOtuu7C9QDZuMMBgqFYqZV7NVRCjrsCjRjyKUeWNvqLOAAvPA49UEjKleGjUWCLPnIkHOS/LcRKY0LbXgKOOM2a2QZquthYPQpZA60NAK1dV9Ux7Oe1WMoTP9SNm6Mf+q4ZPhi+o1YtmsapCh5MMJ05VswM34BjbrYCvOoqodhYWUo0fGGkM6NpwXRNQPYKMSA8q+OKHJhiJ+NQCntQ3lTSIr9O4VGdnSxVATGR+7mXIQQQwusm+vDR0oJI3UM6P0zBaU8oAJPB2biWVg/R+CpS1zJmdV2PJYRKL9SlWqojUoGSQLp2MDVK96munsyBWPDAXFRn6NJU2SozxSkAyAJTE3amWowAGzvBUSW3htKGiu7JsYgdLmZIuEte1vg8iHkM/gQS26aP85wWVXvYQWkM2yhAYEtOYQaF4kBgJASn+s1UjOan2JUDE320oyoJ4EnUJ+tDUo5dOKem4g67NiffQKnPZJA5pY3Sx4x0JL6bNdSgOIWmsTKxMkZ6lJ31HHpApJ0bIKWVQhTYOoFlpJ5sIcDZKWVRXnCEkqPFKrO2wDQzxueOQaLgetufKLpYMu2bijYbvgL+qrF5Ot4qcOKlEdhVZJ0rHuANV+iHqEhGZjtOBnAmnpojA3sY4MKFXR4Vq8QgTY2GTpZt+arWeW1owuqf62TKAxzDNbMvOYx0cqOrcTa6t34/D/dMonO+VKNmnYagTJ2Kkp1syVRivEkHFHsdnsR8V/DJYH5Vw8k5ghDHyDxofUf7lL/Cdvvs8Kq05PNtnywN2AYs26rTIypSbpCNlHca+JgQKITZE15fFrCPVgwtwUh5+kfWA0BnCahOG4xlVctP2tgDeUGRthQBYifqpuVi6bduf3LnKwM+CLDdWNwxgK+dg1LFjwjMPux6CgXBQomdSrHFlQ2REOEyesTqHLESonGPUBpTmP2YmwhkCdzZBXUczhB1l9jCANCM73M5qg9Vv91Z5AJWhKVlNKJ9KOrPUZY1ZDHdbYq4TwBEaaAdMNTXqmkFszgIBqY3EjGKrEo6JpaxwKpSOrHcN60yDYTmOitUMFiqMJ3iiWIHs+y6Q+zwAFdDmgLGFRACjaYulljLobWIZhUqkHcd4KZlVRLzuOmNByoMwRTPk/CA8yUtJDIsn1BqrQuzE4C9uYnyilNoZi7VWmH1q2eKs+jJPFSJSUAC1TOJswTlkjUoQuw8iwLqq56FIJOQZG1dwoMDymqwZEzz68tFopo1RY+zWNuYGVRh1iWS/LRZ4QfbjjG9klj3jtzKxSe092ib1meCMvmYuVaCqDT5QN1ropSqIMR5IHNnaiYUr7/6dLBbpJdcQqlBa7Tm0ZwNWUHzTCJ2EYFvPmWM1+qBJLaIo5fUM0W020yxpzl+vgHOtVwD0awuYzM4xHAv5cmTqLKGIeOy+SYDF7AYoSeo2F9ZFDqupRot7zUPkuAWnU7BQDPOylS486vDNg2A8ltO9F/YfXMPk0c62TVdV1HI5ygPw2npEiZdCVaI1Rdd1lJfNfzxacyuyVfKzWpph+8LUIBaLPHrrAMimtX2JoFEOIaJ3NKg3NCKAj3bWrwOKlaBmH8cm8LKpRA0kfxZKrpOugG0aQ63CogzE6NZpWo9EVwFBwjVCaSlkdMPUJeSvU8ZuZrWG3k5R9DbMq4bh8KIxkNUcqxy6HqgCK+oOR+ogrsSvgWIsywZPNtfAbuutPNSATSSStBTgusAFEAiwGG5YkYEDpssWYxFHppovRovjp5HMtuHqEOmIq+sqEtRCNWI+BLFW+DUPY8sawHZk/OnopIK6wivjfwqiS4nDtItV4OGolzh6a51HbwdItUaUAyWKPhdhmLTNFBJaMWolveN5MCUMFsGS9C6V+r8FEfCNF9UoLRqN6DwO5rZLVZCnqmey8SF+ozjzGqgaECsdPvhQ0GKMifrXR1oXQJ6W1WEBY56JUbK1bKdfLiEstM29AL1Qw3kK1fKjijzEfvSbSKEDUAK71+KRsOqtMvQRvvlBp83EQaA1gGjGAJ78q9frjOKyC/xOF9McRlwDU76+obQNgihYqAiuqCGWdj+xb8vZarzz1NNjUTiqDj6XHqI4uAsgVriFqYGKn4keQVeUJFdGZRBVZlNJYdjzjHMIcLbFScZAiXGCu6DFMmV/DjLyXupinit3IFdcG18RAg6RYnK/2vmYdD7QOq+7V+nRlWU/WyKrrGPqUH6aTZg1mk4UAI6gViKqUQwARCU8jFQgO2UGZScXoGTZA9vOFHFGJm5rFjgaCFCqJWmP6dRG3fGTMp5LDDLhaVJFIQ54NLy2cAFV51swqKF8oO6g25uaYxHKbYyWfl8T1OCY0XLeWUuCY78eb8k/5ZMgpzK8J8J2iiwJGw6MULf9nYbSCKvKsBh1ilh/Vy5SQF6WtT43jmyK1LGUMgM/DZ5NrczWRnWEKSkmLTqLXGZKBOSqW1gfszqzK4qr0QYfGHA8BAJDdCFA1LHHgdRJqVYWFxNQ0yyqJNuO6tZlTe21U542ZoUA8IKOs/X4BoHmkaDgc82SXqvirMABExNjYH78nYq2JGFyUhVhuCVrWfOm5Sl+mJHY4d6VLsbKZLRBmFK242fVkAAhaspjs0s2s1eZ1JzVQAedgBdLcqXbhyUpTpnCsi4EUsnGwtouJ8CfnoNW17CagBPlEtdJyZO0Y8pDJ1L8HWySDoPKKRBz6jQuPhQGMOVFk5O7DqHCtRxtMFjvozsdGUggpxxUxKKPBLJbcRDlzteBcyXIwjWbGkUfCzvyD8tpWjiE1xDsPOCbpMinqicuyXyFjQ/edFR3ZnFlLO3Sa2urqwYewncTqnoQaA+fF1lf7xNHulYwXwFn7lUYYOjONP1lhKiatAmAXjkebGfjGbh5HzSL5BACQunEcxFp8NToNdIzbDOI8qNVi0k1epxmz6FyYSUcXKY+AsQ6xHsPR8vAgLBi0GD4pwK/8GoeuKxXhmr50CKIWPtA81Z3WIlnxFDoU0C3N60Nm4MEMJ/UKJ1i/M+ZCAVOCe8yUFb9g0maDxFrJR7Q8Glt8Yq92nIwZyeSblLxB2klInGCssTpKE07i6Y+x87XrPfr64666+JxoGW1spOpFlTbDJegTXkbxfwSCjIsW2tzICobsRCq6yL817R1c2l4UtYkhNGBgkdFP+p6IcQxF0HIywg3FXfDV4d74Yj3UdWvNNWiOA46hsQCRZRK21X7LuzgTSJn0YWBK9VP2qqCW5UD1RI1/0kS0xmxYe++YYU7SmEZGxtEvcrMg3XHJ52BqyOtz6l8rp0YHrC0iFYwnjhWbIErx11ZohC9m09MJkk+Fy9izWnM9y8B7EZ3Y6vJVoXBNJxGGhwKuhdNMYQf6US8hP38n/aCafFogKtpdhLaD5/UApnJVM5Pxg8pgYK7KVirehWI5Oj2vbm4rv2ba8Dgs8Wkb9LrDV+BE0Ujh6datkq+hYgyqj5sofziRz1Qpa2H813RZs+SrqGF4p1K/SlScg45qwGjGqd8PIVQXFtR0FYjXlzPVfUqyIalyLPSU74rX5xqtKarRVdhVgpcrUqNJAgAaMS1+HjgByQa/UmNW6jkoZBrgY7Um6YwaQpZmTc5sJjKHlqudJ5oOwxdfASSRtfSDbEzMA/0Gu16ENC82QHZ/Uq2Mm0wSgqWZIiZOplhephtnugbLtMHiWR7Qen1Tb8htENZodTV64IKUnbyuMgbrzD8paTHCFo88qVrGzFE4Qo16WcitrGSDqSBm0TE2Vy8/5QFSNyVmGdiotwkZ/TaLotuaBUytMKaOU0MKbEfdRoBK5FI/0zxcjtbDjEoapSnTyhLk+us66yeAICp2GVdNar08g65W2WJ3ux3DvDyJXOdllWRpVFFBVfIpD2jBtiWqvNI+bs/tgnOhkmg2XZScstxUZYjBrgfQXcjKQ7WsVjAm8ysRvMJ6PdrAZo6tbZvwSwYteGwc5wiExaXdB2hXPgTFKpKKAzBbB/WYn5bwn0QdihX1gbOztlHPKGIsj5TlNLOw+JIdVhwKyzbKONqbpflVyFARDgCQZaikRmwpmDzVqVFNbX5Aa2ijavoyJtVDLoj4DbooU6EEU5OahHoKDL0wAkOyQ+6IupVxE3Xx0KBmn8aTjCkIDLdylOOnEdaEecfEBmsvGk7N5nh9KqtcodZya0BsbKB2xef3PNdgRFZHqhF4cVM90qIvfj81lSb539qwQxkeriqJY1KTjPopvhkdQnonXyStVPBIJ3aN+pTEYlF1hONqp0ZUaXUymUQYlhSpH2imiudXpoapEQfl5jkILkXCgkpZCJSHLgscmA/8qKGmGITSY5066FCwRrFhLDDiWLXzNYStR8WWRnXfoQ04DMBrh9Aeq6Trk08eAhTZ85+optaf5ifDBwCQ05fakyps/HgUwDznMCNRI6ScIUvyuP8mjDlYElN7zm8O3A1Y6t0Y5W0EMWIc9axsFAaeL2LDrBnfmS0ah+UgCpphJETFRn2FCu9r1q5Hq7/Waw1FjjM0JevSVWeluqs3HhfJj4Km3BtTiFZkk8AziJ/GrYYZrRAphV1VjMV/JdUopL20KYPhzFOZW85Y0OZDDBStUx5Exj3QQOjLKdflaYJLDlfyXx35lJeYciybmJWuJOM5ihrT0KGxqtwpksT1MQr/mw0rqOrVmMkiM0/1GuwT5Ig9PWZ6aiGL1LJvQwwnqVtsdfN4wy6TSUcunFhO2fkL7ltlF0+mM9gqzBUvaq+i7FgB3dgoze46r7XTNX3toOIy5dE60eF25g0RjnKSRcV0LiAzdOBNFOia6PExIEqIvMZ7Ftd7i/X1+MNH4+pT3Ce9nlYkwHI8swojstnRk0liVfUy9hNwcY1UQpsDy4qx067ZmHYNfB3fESoNY/1aX0aMbWGBSOa7GYeqG1/Kd4+FXsrFVQ1yNSMy9BzTiyEMI9Z4DR3wZC8Nneg6Cc2tZ6s8zXJiYoMoq+wOSgvO81cpWT6yfaoQ1gfJz47D8SQkHRZwy6gGKuvG7AHNm++D6QFRR8MmepEoung/dhAOilpRtHhaSytXUmWKQEoGjwABknm3syS/Fu2vnNRd2Whj86WSJSabGJqvIXY4bFHJAPWMYoL0Z+OwKhEBDl7cyzPJcCqCg5ReFL+Rq5yoUgaTp4/twwcAADcaJum/qvuwLFokMkIMnQ2/5w3x6sLRL2meH3nkckw2IBDRjFAXXtlqBdU+W/Ak+cwBSsFk+YzrgtM8g6Y4CZ2JtOcWLKgcZGz0Ic9rF458HmtTeVo5aXBdrHNcMJwjrepcx9wcOGsbBNcnxxoVrB5UO47Lqr2/lhgSLbNWC6iIINtj14xOAFieUD3Mw4nfR7c1pNKGrS3LKXTE/K93fRouNP/yIJWoi+ykaxRIf7PdM5LZatXGIDbBFkpzrZFmHOh3zDeKsLcsl47JoXQo769XmuoYo7PDQKxtTkhFI2WZCmNX7OIcovkerlJ+i1f3B83XZVNJZ9ZE3iewacQRy7EOSdTGwmCnRgmSuA+DUUQ/UajKH9gksNWQGgZ2BmCHVwUZhpjlKpVMMYiqK7I0vFEgWw1MKxcpg4rrOaR13ZQ/4iy1yipkc15K/wCM+lUVuWFCVTC6Kj9FpDHSV0Us7zFnk/F1BH9SdcTarl3JQ9ayxfYY8Zknuo51rCp2H7tikEZMyOMiy0IndI96NdaypYwk1/vQ4XjHiHwd+BPm8zm8t0CaJsObZfZr6mTVeZVZs1fZlsQ3p0gC7R7ldDMfQ1C3wwNZJXWvKoBk9zbVr2NJqi1wrZ6vA65qSFEsPw51nMZ9XEnianBb66sNeKI3qpamcm3xkajtuIJIrLOiIjAOTLRMV4JYQVitzVG+MVQnVlQUILEkv93RypiUQbyma/GCOk9qJd8u9wPXCxnmWhBjUoxc8Qciw9oTGOx63SsF0ADqtKI4uVNddZxsLmLJWAtBPl2iWLxK4xZUTZjpWlROopXNrfQaPBozptXaWPVVLr0fOI2QBTvHIHGy+MDyvHTbg3nzQCYjWL8aNfyVPMGPBm9I8FDFYuZQ87HKZr3FZ0QyZRIhxUgp1nTJkAjwUDwxYFccD9+gch1Intkt3CD7cwRSVMQvucfZceXHG4TMhYQUycO6WHZEGs0ekvqPBDDOUFAnWwmRVGNhi4rgcL9WIYhKoq0P4w3IGo0CyBGfpABINWRQ7BuWFexGz9IKCOIyVmqRO2XGyLeocnpGi7qC9jhuVrgzRAFlVp5DTF8CRSlZDY4iT2CIU3OuMzqFxzowZMe4Et1UhR9Ylbz+KaJIdv9w3uAgsU6tNlRekWPKDSmsS0PFQ0IVo3K5klJsV4CtR5SYSUbgoMFYturCUVluyMNUUF6zsJ+CBi2ERq5zPDOy1GknpRx1meWFNFJkMNcIeVKqKhavBWUkC3Xk2VWh30xYQXYoEpib8+IGWAtm8VQPIvhZdAoRUQZsMFQlIrXcyY+Ns6vJsoKr8lRBomBPOjI4KEiCKBVXmLSKlLkWjqwLuwQfKlKEkheapoXjpvoUpUGD/CPPbH7Vzi/LVm09Cu6UysJkz79LLb/gqghWxl2kuo5LY13y643j8BZ9NVuBILCPUwLO/hKOr5vXCmdKvFOwzl5UIZgdX8ih7IjpSO0r7/poH6dEgdLPMRzzZmvtEmPMuj5skvMlEAUwymyJr8HlLCKZP7DWas3lBneslqjZj72IIYzyq2Eda5+HT3K6dp46Rpg71g/vsDetrnG8QQp82886Ql2HyALyni+eTqbgulsR/FDZpXahBfQYMlpvcJJiGKiMS1nJoYSddC16HLoTjWCAqbU/AVLFSPYqGDuwLie5lPlWjOHo9jgghvNU3jDLkmma6aBxLTlJ/Tses8CwaFgbK9fjKuJXru/xqDw+Ft3syo+0rhyOlSb8rVxrYrUTBRYFddbbumw9hs+MBuf7a5iIOgCozzumC2XFMo43OhOVtkhNW/5dM4v19+uEbs1V9qk59SosA0qWBMdCMt8bPCPxcaVtjfb8vTDm5XX88oWplNc+GwtRtZ8yVSm2ay6p2Ckt1hMS6G9Q4X2uC/+IGj2uJyYpMp9lg2ttDAmq3jsog2Rb7ttK2WDd3kKiExYFeG5EuuaHEv7Vrup97UPz8hGNdyj5WnqQsvBbhLExjqqOm8MwSn2PCwjzLMfFPNpZ5rxlEC9SokFslf5f82c5/TqhrBInPXKDCNRvgSsrwkTjjmNT1ExBEetWAz3ri0cqdxryApDa8tSQ9XWI9Cym+Xh4y6OUtNZZhtEoa0VMkM2DqHDlpNfAAw6jwx/xitZxaHj4YzYd0vy3NulYSMD/DM1wMV/19xPWpwbVvTAA6H1A8wJLni1m27YcIjlyhjYxf0CckU0I7OL5L0+ptI5vVpfXiEi3yTcxgWfeqxmpczDwKJCb4l0RSfDOcCkdGTLlLwyBQrdAAwveqgqaOkXFrHUg96P0nGdHRWuZDBmjIRTsaXgpSlRXOweNkpqNpClKd1V2JX6oAB1WW9QKt2YllwZLYKRYBVIgYmNSFiAVQQjkfPxhzbFcNCgrxoZd2rTlT+y5pIeJUQSGNJqGVuhvl/6KdbbUsljtVKIAOcNUUkJMVabpoDYKhVijQSDRgDRNBuozLOMRVdYk81qg+TUaZp+KqyLOxaQlyElDkVhrzTaE8d+aVwX7QlAGdKn1HVnhAciMgwo9LSmKi+pb/SCtQsXBdeShLGQ2kNkAmhebM/MHXBBwZcR6aiHGabw2L0hHmA1BxDQRzyJeAkuylxSOgJnqeSEs+dILNdUadrkWl2fR9kioZsSjNEHD1ekhQAWt9Gq89WgZt2ygrD1fw51inAIYk3Yy/ZmkWSSq7I6ARg+Eav26GJyJPrZukHCtwlx49uoIakVJfJtWGS3YpS8eMQJp0oqbGJUQ8Tv2DAflg4yQsE+zuczaopEFoNZy6KeISS8GkyzWEZBQyAgHdkIZbSgsZqUNLsILu1SVtz+KEzf0kYOxdRgwHGooPKCYpQxadW2qurhUWj9NbUHcmhVjprQ1Vs3W1H0GzoLxMCJaX4XRa5iidrIzYg2aZnbGYL0PGkEk6n65DyvSPId2kM1a3iyjh5VIkVSwoqLM4XV8Ke044LESPCRPcpLxi9BrLACQZlXRUtPqkaEaG5QioVETqqK6yeNUfboKp0fxVdlKVmgxqcyz5J9zCQmx7J1xsXOReoz6nskLUvSnmBg/t0J8DbMm2nAtAgCMadbKQyUnhpcxSdxeb000FlltyBxueMhSUtfNY1iiwa1aBwH5WJSKwSVdrwAQ3WEGgQDkt8XkABskVmXSw1tXmqbWwm7S6HypTZlWbSoOlW8OKUcgOYCJ2IotHBVqIUNe686OobCeRa6uKx7VWcQSZT/JfmR4ad0YuQYzUe1PaqJHQfs866Y1F9K15jNSEIglodRAJRwmuSGqIDYgRYHRydzBmkDcfDVmVJU84qZufuP/mFmNoWbEB6KiARjLjcsxLUbVlsPYVyujSpdsH2u+ytxjMI/YCiBlF7KhKwxlbmBUCjOoY5FOAm9NdD5mvQuuprcdidMZKneyYSGo8XCOMqDXk0ZJ0GF92SJ/05nDqHlfu/SvIBtvRqoNIlorRzJIJZwzX+OmlixHuVE2B8f5l+GwYw/YqmV3HBtlqWU2aIpKHIL8XB5ZO1ksfZRByuA3XUpbqO+PEZ4gVhBLl6T1eoQcRaQIKqLQOr5GQkQiCCtnpWcYsrqVyjYcttQOnoWX2w2bCvUcaKsOfcyIkMrO9vc/1RdT7c29Sgkq4oACQr6pBkYWHEZWd6lGF9XL6MeIaqLaBLpGv3WGYBlauqcKdpnmIi2V8auJsWo/YuZKFmca0kg3YPtZZCBFx9/CZZDNUUpODEiKGKYFxLs2Ys+YWdmqSdqaS1MYAJwb7tMEgCru9Zgisj5QPtStmK4CA6Nmsj4a95K2s4kC6tkjldRL8MvTevfiKVazDIuayRaxhC7ylUD9XjdxPGKgEtpitmmYlbw6tZq4ct+lwaoMGMr6YDgS4lXV1JKsoNoQMsAi0iBCsz3G5FFDmPOQdi7F+EGvH117U/izNnN9L8MRqpPBtOOux1lyHQdAmbmNRqimj/Qt4+kErIFIwK6Nxd8sZ8egHfIIcRC3FmFNEuD6mDloSPqjMCqDxaplOWZYBlK1H59hzVwGTXHe1clt7KhqUSpAtupWTGTIpZWrbFPaweO9HSmpHeliVjAKAVsz0cCgn/Qa4UFpkZSV0GVyGBChMoOK7+3gZUc9Zc0ccV+oFRBMI/WvNonre42kl4kLQ3XIH6OXEBKBReVEE+kMOfuNmgAAPyu/EitOdfza4S4lVFU3ibYBDhTvGBMsvYcMQEJQGZ1qgiZMMcKgHRmY0uGgepUB1H05XByoHgfBo5NWg4HBDYoViIGeomaostLpZo2GY7WkkZnTaEWjMY8PA4XVeWxlZKN6WuAtIMOuVbERghfpGdkGXOnX/RScas6KgusdE1KyJtPTOkEdD2Ba67OBxnppX/NoRDErzY69RGzoBCApqOqkxrKR/lCPRQuQJTAb1Jqp+msCcby1ziIrr+axNux8UzfQkNTNPZ3UXmliAcXKEyOCyEmnqp1VUcwZwHHhaqG1heHVQBVJgTKfZRhJMPy/tkvRbRGOe5lhvJEEZ12XAubhkFXmFB6/Yi6SC9Oam+4PQFbDHHexWR7ATLzwl8caSHKiKinGknET41q/NvMCBByePyQ9M3mKSHRYz1NI2rkljB6CpR5RsYluLOweIKatarLjVYUHLKW2HKgIvqGg6PpqxBCe4qZ0KZuRnieV9ay3BACQIy30KnYxTeF9dQF4LCY7tktuoAIgsBcO9i0Y8EemqBfzBleVqgKGXk4RmcwlSSUMY9MNiQO8XSCW2SEpQikj8knLbXxg0K9Kst3Hom8fL/dDyI1/5XkH9bYxGkIWK4ORvUj3oJAH18WSNVPYsU6KYx4H8yZJGlmrrOLIQJz0EP+qapyky5i6JbtU8IhKfsEao1pTKLJLQGVpfxyXobZqTR+LtkU6xvSxQOtYMqLaM5YZqqgkHNebIMxXTQrtO2o3iy7yudrGIDzEUEE4ElxywxwzlYZdrd+aJumOklgt7UM4zQg23TwpTjXtWM9lDSdLRfwCmo8D4wagT1FiuzGcRbhsZKDYimlDjUIw3hMWIgPaTY91ARi1P4JkDH/1sBplwwWU+xLGyCzVqrKWJCrNCHsDWfwejY/FaaY5KK+AgJFDULFT4W5yTGV94ppAyGBYdRl6QNtScNPCUAxe3mTzMp4nJLRlt3CUAFG41LuMJgajDADQ7mBs7uFViF9Vqi30ZRTBapUlY01sxg1AiY42xMOofZ0nJcqBaaHCkGUDjICNQwVD2cggjD6tXBzOVe15sTivv9ahMmESZNHU90Hdr0U7OlLloYytEOc+DMmq/rqIHE7o4jVSwnXlRI4n71DTx3KBNeyur2sDrzOr/oOgquzxHq/1HdY+LZPPE0hznZ449mh0eqJ6Kn+Sa13yiQBINGLipOw9Uu4auPBamJUnGgGs2j2DWjXj74UMZSx1sq0jtTZjWQ2ONapXX0ZMzGCAknpjGdTJLGIaobLoN3J81tgIBVT50dpcon6tbVLCqrTGLK2LGbe24kdIOEvYsiWK8Axs+ppj5U9SzZK2oyHGui5lwlldKjmOCe+NSsj/jvrW4/rWQGLJqQCnG4zHtRW+jDSsWez1JPqtCdFgsPHhxp6M81HLQDLiZpBjJKDiF1hxxotBw1HGhk8Q1vvVpOeExcGaqVxzrc2Ijhm/NtzxZo3W+5exMhZ/WjfuyIOxDiOPqf6Y9K9LaNjWDMUdJapYR56afTIPRuOiZHNMT+sTTy48FYlc7+rXOl/T2Kasx0JSM4lo1+BGk0/bx/jc95Z82hFO1mUIk2STYw3GryReAwmj/Hxd8mkprVcGBiPVr3Ulv+Gdk9FprNB/kg3hNViyhp1ACscHGX+kK8vDvSrjU9atVhkX1cDGgYqd0NceE72fiMBUOX/omMIhqTbpN8YqaS4MeS8rSwq+ahcxCTm6RZ40FqhUxl+LtqnQISkxxs0pSvgyNP+/0q52224VBGJX3/+VvT8iMDOAye5NV9tzjPKhMCBmZ7sk+Xn9oFxO7czAMqjA6engCwpDWTfE3lnVtNhtIp07mtDJgPRETqWiTNzlg/62Y7pQ4ChrPfPKFThvtWaHKRURh63n6JoPXZdqBDvwwxuPI0XfyksEkFtqRVhC5G9EaFe28iLPl2SUi8Gy4seElhmsaX9IxRvjvg9+aD6PnEjsthr3Zd4SKMk+XaHGJpfPJ8uPtuniEccN8vBn2cNO5CxIQw5aNWs6luqZO+JVW97e00EcRpFFushxUPaxXCMpb8tiWTPJmv1cFLzYfy5KhWg4ikxFeNWO4eFRnvRZhkvUlk7zyEVGMFmcvSls0aIUSShUPbf8zUpSYaHzWC7zydyeIX98XDaZ+0Bq88NOySXpl7XER1Qt8BztRCdneKEXhbmUpaBNhgwfwWiMi65BnAXzkw53vc6jxUKCWlNt/PHpkl53gUHMbjqrjn4qngc9D8cwFYeaQY7hkxoOZbRSKIxgcgut8UOeV81ZnMGy1inK1RmM5zBA89+GWsTYtmz3JfNpLlgFfi4AV2JvONs0szRwkEAnWc+scOBpHxxT42yVt5kB8B3FalhoTITUJGaP5iRwGxjBWU2fu7BGFH19OIszVWqbFVsqJ+mZAAJiE8gbzUB3JV7nphF4gdZmSGdltxpkJRYbF39rEBGBcW+JXjOtO1rr2dfEOrc2UEJqaho4430QYyFjGwIBzNPHUPWyO3VZ/zqPJpT2KZ3DjvunraEGH1YSSxJmVMNnP+Q0kleY2AHg4OrUXmhTqTgyZQgRXrqZtTCKxkBfJj3VdBJpyNV1ISYBfiZ/pel4aLb4YZFn5t2Mqt+OSRv5CwxHMWI+01t2x+TtQkAgahZoczaf51a+nw3ha7dPrWydtPuuY7Myhob3rUT5hF6MaPLaj5UN8iIJwC/mRJy1PjsoAmacu9nrqxeRVFfcOcC0927poOD4pt+F88liZKDlfX7d5AM+eIcWekD9tdaxWIDyDJxLgU5DQmeQbUIWYp6IeeYBjFEnAAeJ3Kx1h3txl8lgntvjhuT6z901Dz0t8HW2snludcKw13NR0GiGl/KtwxqQDYxq9BL513oIBpAc7jv8nfLW/BfsE2k2iL33el6Vsfdz68/+A3QQTBOhXxJxzDZWY8bQzzIEZBsX1JdJrJmQuiIkgW1yjB4SoBd8s6YCmhhPGEazFe8+VGng2l83JyXuXy4xv6m08XDnCVw6KaO/h8Jkc57qxN4mYHAEgccvJI3XHJ1jjHPz4aB1lTWba1SqtkM+9SQlzaOrG15ahpZczUxx5lP0haT5kLXjQ+dnSbTqKg3gzvfqhJVqHTU1AJ4SjordchVG6sz+B/m5ioR7lhKcoBh5alqUfbEWIRJucYCjZ+kYdLZL4WgcMAWznKG22MPlLWTxk6B6X3E2MykIRoHI2dX5LCFyufrZMKFTrQDq7Yd12ZQFb45LLkoJ2TDCAxp15ORteoisS4Gmy5PDsYPrfnr8tfOQz6r4s1a8EwlGyk68rsQ3BBZOjStDEnfVBuyHx8baDL6N+KQ/9VP9Ye+xveNGIhwYgMxizsfbcKPOApQQwM6OhVMbIwoLPHzEKOUMFnfl8Y1nkCSZg1Y3n2MLVdmnN9eliW4z/7L7VsgXyd3habrKG8kZI9cHfwxwf1YlNqCe3D7vWNyvVrUW4kYGhq4PRv9h3VrQW6vGltYwThLvK9sk5eKMJSOGH18+4iIUYpnW8CK6knZQqJ6ypfXlTbxA8NnDlNdXBvXMFCkwNxpF+O36OJFGfDE+t0a1EIiFM1lK/1voxroJUPiUPCEX6bzZW6cs/9XHZGaocP4AA9RNMMHFKrIeZYDJ0ZfMVMHY3jIzCAeZbKAhuOyCKqUVKzIXwQI/t/9YK/E4FupKkBJiPSjiNaGyfAzJN1GiT5k0yrcwUKg/eWNmsF5UJZkzbGXLWeJbTOxPTWFILcOlPFhZWRgIzT8A3mHCud9HktSI1CxZjesWqVrrrUiW/H26nCjmq+3nzLM/bRKQIyEJhZKMgBxfQs1SjFCOl0vjI+djEd4rMu+yWJ5TP4FnrW7BCncJgxElwrmi2e2/mDqMXTI8QAwRgCmcKXc7aQ91YjKe7pG+Pv9VN28UhcNVO+47vosh/QCqYj2LA8jkelstq5OMJuEpcwSKOwVfgazZwPcWh0g7/uAMG4RFaWfhCayMdo1h+ZUOlgszhuEkLfj7dnm21nfvS3tGc14JGjgmIRJDNi7PlOk1tf9zI8hkS5j4lvaEqRojjUHs1WBIrRaXATsGAl2fcs3yNIL0Y52E7yoaLYTF3IITfhcNtZsh6wWc368pX79KFqfR5fISGBdyPvmQEAJBtPGfCM6MIk44DngARhmaNGkTjOctnp+UuRrBmxZfF3rvSIV/OCv4/bqLjMBEMdByGJYbLe+0gYdZPwEFsxqDrfSbmy9ch/99LTdCYdsYif/KeQD1L6A24qfc14GlFhu/XkoAI7B/Qc6SjEL32KTdwo157Gxop1EnIdgcuSH9sqKtAHfZXBK4vW50eoKy5L9dOpNfjfm6ghLcGq6dgsXAvimIX+2gJqGAcLk2cMSE1gc3JjeTen3vSzJFUTGDb7uN4rmzcKNYOUpI6U2T/cAtEmCb2ZiMypW25MnYJiRv6GdLZzxPADWqsrSm1F345YFLbz285EFQ65dbSnVjWJSwQgusqy2md/D2p5jyrD/ibUK0PhbBkwacU+v3DBJYR04SGlWrw6c7vyUnYhWtiX5By+9cbFj3MNqyfTVU5gI4sQR8KJrjXxTpUp00j2GxmGZ6dfWZbY2tKXSUFG1MCNtMYg4WkrQW61zTb2b2vP8WIn2gjRwdWLEYwcfH6rk8A3cLVkcf4RWkxoAVhIy3OxrvTrd2G9oNqf3ayZfObeKhiMwHvDyEeXx8hJfUpyUT6/SFcAaTPR3c242mWAM2+geZcFx6gSjJDluAoCPQYw8wyRJEZXbfD6oHwdImA49I3MZccbilqS/4q3ZBG1MMahm0PmYJF1UIuvBk+83EJIO/n25t1BfcYssM8JhgZfX+JQoWCuRout3nC40FDr4sHv8ZeTUUtFEPzvh3fISuldw6vC3E0B8/XSUNlNy6PrtFj3qCJJ0D3izqzgVubNG9S5H3hncr3p7t+e4yuyTTmHvMdPpIsXW5qap0M+P4v3v32K8gBriYdfsy58HRiuHVAvQoyWbbyjNtw+UjR2OiGFBcZpBQzQQUifSgqWgCnw/TLgtJ6sspZSkpEp2OGvbRhLiG404+Zkl4ngxrlhmLy2Z8/8iJ9ImpPs3c7R2Civ2Xhx4R+W9+pyYEJEBCDNCfHqlx8IEDMDAqdQR4OmJac0rqqHVXbG/8nRPptmIrqo3O1Yh56PPztyA1KRFYjy4c3TKz/5ghOMlq8Ltd8TKUfS/m48XBIUiRw5xVJOi/iKDHj7wEZrY1hJXwHc3wpKGP3aJ/h7R6q0sh2ksTuYERPyOd0loTIkmwEXjBAjXOQte993+d5hGYOxXb4gAAAABJRU5ErkJggg==\"},{\"name\":\"业主录盘需求说明（一期）_最终版.docx\",\"data\":\"data:application/vnd.openxmlformats-officedocument.wordprocessingml.document;base64,UEsDBBQAAAAIAIUQq1z8p67QmwEAAPwGAAATAAAAW0NvbnRlbnRfVHlwZXNdLnhtbLWVT0/jMBDF73yKKJccUOKyB4RWTTkscFyQKGKvrjNpDf4nzxTot2ccaITYsClbuESKZ957v7EVZ3r6ZE32ABG1d3VxVE2KDJzyjXbLuriZX5QnRYYkXSONd1AXG8DidHYwnW8CYMZih3W+Igo/hUC1Aiux8gEcV1ofrSR+jUsRpLqXSxA/JpNjobwjcFRS8shn0zNo5dpQdv7Eyx1IfhdgmWe/XhpTVp1rmwy6ghjUBDcsSevDiggG30lkCEYrSVwXD655N0v5OkfFyq4HVzrgITd8kJAqHwe86i55/6NuILuSkX5Ly11CrZG8/WON0AT2KvqAR9W/3QZwfdtqBY1Xa8uSqjdNfhBJQ88+xMC6Llhwyt7ZkDalgaYMn8tWPsLnw7fnlNQ7Jj762Iged99xkxvnKkDkT8maqq9Yqd0oR8vJc7kw/zH6GEhvPQrh1nYBkVVfD9Fbj0IgEHEffj3D1nkcgTYGvgOg890x/lbT6rxtQdEuJBbLpK3+0o6mEd/h8PLc/8LpbEYjH2Fx/W2n/MZ8CyK6n9fsGVBLAwQUAAAACACFEKtceSZLQPgAAADeAgAACwAAAF9yZWxzLy5yZWxzrZLNSgMxEIDvPkXIJadutlVEpNleROhNpD7AmMzupm5+SKbavr1RRF1YFsEe5+/jY2bWm6Mb2CumbINXYlnVgqHXwVjfKfG0u1/cCJYJvIEheFTihFlsmov1Iw5AZSb3NmZWID4r3hPFWymz7tFBrkJEXyptSA6ohKmTEfQLdChXdX0t028Gb0ZMtjWKp6255Gx3ivg/tnRIYIBA6pBwEVOZTmQxFzikDklxE/RDSefPjqqQuZwWuvq7UGhbq/Eu6INDT1NeeCT0Bs28EsQ4Z7Q8p9G440fmLSQjzVd6zmZ13oNRf3DPHuwwsZfvWrWP2H0IydFbNu9QSwMEFAAAAAgAhRCrXIiGC1NpAQAA0QIAABEAAABkb2NQcm9wcy9jb3JlLnhtbJ2Sy07DMBBF93xF1E1WifMQCEVJKgHqikpIFIHYufY0NU1sy542zd/jpG1aoCt2Ht87x/NwPt03tbcDY4WShR+Hke+BZIoLWRX+22IW3PueRSo5rZWEwu/A+tPyJmc6Y8rAi1EaDAqwngNJmzFdTNaIOiPEsjU01IbOIZ24Uqah6EJTEU3ZhlZAkii6Iw0g5RQp6YGBHomTI5KzEam3ph4AnBGooQGJlsRhTM5eBNPYqwmDcuFsBHYarlpP4ujeWzEa27YN23Swuvpj8jF/fh1aDYTsR8VgUuacZSiwBjIc7Xb5BQwPATNAUZlSd7hWMuCK7XNycd/PdgNdqwy3hwwOlhmh0e2orECCoQjcW3beb8SlscfU1OLcLXMlgD90ZLgzsBP9tss4J5dhfpzdoQ7Hdz1nhwmdlPf08Wkxm5RJFKdBnARJukjSLL7Nouizf/9H/hnYHCv4N/EEGOpnDl4p03dD/vzC8htQSwMEFAAAAAgAhRCrXPTb2xfrAQAAbAQAABAAAABkb2NQcm9wcy9hcHAueG1snVTLbtswELz7KwRddIppB0FRGJKC1kHRQ90asJKct9TKIkqRBLkx4n59+YgVOYYv9Yk7szv7tMr710FmB7ROaFUVy/miyFBx3Qq1r4rH5tvN5yJzBKoFqRVWxRFdcV/Pyq3VBi0JdJlXUK7KeyKzYszxHgdwc08rz3TaDkDetHumu05wfND8ZUBF7Hax+MTwlVC12N6YUTBPiqsD/a9oq3mozz01R+P16lmWlQ0ORgJh/TMEy3mraSjZiEYXTSAbMWC98MxoBGoLe3T1smTpEaBnbVsXPNMjQOseLHDy0wz4xArkF2Ok4EB+0PVGcKud7ijbABeKtOuzIFOyqVeI8o3tkL9YQcegOTUD/UMojMnSI5VqYW/B9BGfWIHccZC49rOpO5AOS/YOBPo7Qtj8FkQq2kMHWh2Qk7aZE3+xym/z7Dc4DJOt8gNYAYry5PvmnbATlEBpHNm6ESR9ztE+RbHLsKtK4i6sIT2uxicklh37Yh8bK2Mp7lfn50PXWl1OW40VnzUaEXYl4YV+uQHlbycFlGs9GFBHdlriH/doGv0QLvFtMefg+XU9C+p3Bjh+uLMJHpftCWz9yYzLHoG4bN+XlT7NV98kO4ecF1V7bE+Rl8TbST+lT0e9vJsv/C8e8Amb+fMb/9X17B9QSwMEFAAAAAgAhRCrXJHX9leuBwAAxhUAABEAAAB3b3JkL2RvY3VtZW50LnhtbK1Y3VPbRhB/71+h8QtPwTYQknhqOmkyUGbaDtO0fWWELNtqZEkjCQx9skP4MDjYGQxJsFM+Ag2TBkgaCo5sw/+S6E7yU/6F7ulkW4TPEGYY6+50u/fb3dvdn/j2u9GEyIzwqibIUrgt2B5oY3iJkyOCFAu3/fZr77WbbYyms1KEFWWJD7eN8Vrbdz3ffJsMRWRuOMFLOgMaJC2UVLiwL67rSsjv17g4n2C19oTAqbImR/V2Tk745WhU4Hh/UlYj/o5AMOCMFFXmeE2D4+6w0gir+Vx1Cfli2hIs1xh2BAI3YS5ITR3HEckKL8HLqKwmWB2magwk1PvDyjXQqbC6MCSIgj5GdHU31YyEfcOqFHJ1XGviIDIhABAaSYiNzfJZeylQ99GQUC8CkorcdV3uwPOrvAiAZUmLC0rLb5fVBi/jDSVnGuwxNqkEu74u6HdVNgmPlsKLwI9QoYRIkZ+tMRi4QESIiqbERSAcPbOBxHv5kpdzjde5sa/zbZ8qDystbcLXaeuX7jd1QSH4El1ujLymaV8H5l6cVSCBElyoPybJKjskAiLwOENupK8HqtOQHBkjT8X5GVCdxz19TOSZZGiEFcO+H3iWVLmgz0/e/cE11jlICV4lq/6mpPOj95jlJbNcQbUFq/i0Xkrhtw/snV38dO5Tddosp3Bp+VM1Q6R0R1alGi6EouOU81IfU2n3pPEsfrZzunZXBNXmUeYRev8O5d5YVQO9eWxVlkGPtfQQrS/WxzcBOjbyYAOa2CB/uRefqlm0U7WndnGthEqblnFo7a7hJyv43QIuZfDCNP43g/dTsA1PH4KsPbePcotmeQ7l56zKlr2/bB8W6/MH9v6OfTBulg00PYkXXnxMPXDRQjRUv+cBKIsreGudHFzO4lIRVQzrn1lAaZZf1Z+vofxjF2thE0/vA3S7VqlP5VB2kfq+iRs2mMYcLuzVi5MUPYWIcjNoe43IOsaQg97v1VNL9uGUfZi38xtoexWvlMEAgE60OZZAeNHMqlmbt95VWuivJpJGFiJpFbfxytS5MQy2M9QjXi94Lf/cr3pPRztDo+SNIYTIThfAGLz4HlVzx6U6Gwd5nYJLEMC945u74IjMPDjRCdWSaTwG/Uzfr78zJEDpAprZpJfguOj1dgauBXO7n0HFLZQ16oUUKmzjXN48KFLXU8B27TXE+GozKAN+x3sZuBGm8RLNp8/1/ofUGtM08VN16eJBIJLgDyIzOQEyR65aboZmnrW9auUnTxa+3e/1D+hx3eJkGInmlfsHFYvNe0lNPNc/uPQalQyoRWZ5CyL/IVWiZfFD6jkEGb8rAkT89wN0+B9Ju+wEnn1t1ibN8qP6szwkK1h1svGQuWa5dMq72SJamDQNAz1+evIOSLCzFABWszKLyyv19PzJO9DEnllZpDGiNxOy5tQCRss9GIXSYPsGXqnaxj9mpYZXVuuvsmC4WYVrMl1/9siszdFiW3+yiV8Wr7yuFMj9hvt1OI7/S1ubs+fHz9mGigfWuoEf5tDfD8zybCsqpwm6pAuGSkiQREHi3WbOXoKyeYmSIlyIpn+mAaT0YZX3OXj4UZ18iHCjYd/1W12d3YGAj+HGwr7uYDB440bA6fAK+WAZUBkhEvYFfYzEJoAyDFAtTNDdwv080qeySlzgelXYQFzNhmKelR9l7r7GSPKdOCvF+NuawnM60efE5mx5z/Auq7PMsHqckX2J3TAivqMDaQRMIceRCaBwDQ00DGUHOZFnpcFkXND5wSGWux8DdihFBgUpKruoBqOinOTirKoPRgS2XQES7W8pJOqJlcdOGxIFpVcQRWIfGTNqiE8M8XC62h+5RVSwIU1XeZ2Lk2EUtv4CXiO6PC/8R1WRmaZQ/41G1QR5AidkRh2bxsivoxgif2bY/S1xRdX0Pl5OMGQA4ACDr2EQPcrfdKn/SKi8cxpnmgBOmjTz4mrq8cQW5DOtLlB/8Oo0ZZiXqxmdJ54B9IKWevPgJTBXT687g7w2ikdhB2fTpD4a615uQYqQw7zMw1Wc3qGECy9vWKVZe+oV2n9LRaBfuARt+om9ukma4sweTqUvXRVPthDYEO291EKnJ59vm1V4S6UoY7Z3l+3dFy5cp4eTTlldtA+AUu/imXVCKcoz+K89tP4QWjop+jRuGfjNuDz7+RTQd9K49jcaSq7UVKBwR1kDmHz+R4KH0jQDQyOHcjson8Vb4IRnnxM2VFyrP11u0u4jzK1BUSj/pOSb0pWr7njlcYjDpbLiR0HTvx8WRV4/OfdO8gpeeIMfbRPuRcmcE2rPugHeImF/vkod4RII5y3Jgu2/8JM96tEvd8Q5gF1Omts5K9HgS8j5JLxsop2HoZKzjFfkgju3AW+9gGpACQ9goN5wMsOwZl9DqaEbvF46DZIGBRraGKxpQuQXqPiB3jvdtzp7fY2lAZUsBroD3Z13Gov3nH4Mq51d3cFu5z8BSuzen/A2CW26o6MrQHbGYXz9ZhclBrDhJ5aco8sKrHfRLaoQi5POfjPgTIdkXZcTrdciH/W8jcOF5QHNjQ5nGpVl3TONDevO1D2Ok0UNVjWF5Xi6x1kGdtKnChGiG1rLgABdMeyDnuZ6nXrDGdJ/bfhb/4Ht+R9QSwMEFAAAAAgAhRCrXDY7uKNFAQAATwUAABwAAAB3b3JkL19yZWxzL2RvY3VtZW50LnhtbC5yZWxzrdRBT8MgGAbgu7+i6aUnoZ26TbNuFzXZVWf0yuhHSyzQwDd1/150y9plk3jgyEv43ie0Ybb4Um3yAdZJo8usIHmWgOamkrous5fV4+U0SxwyXbHWaCizLbhsMb+YPUHL0J9xjexc4odoV6YNYndHqeMNKOaI6UD7HWGsYuiXtqYd4++sBjrK8zG1wxnp/GhmsqzK1C6rqzRZbTv4z2wjhORwb/hGgcYzFdThtgXnJzJbA5bpbk38nJSer7/+o15Jbo0zAgk3at/80zg52/gqsXkQAjielA+2Qo6bqNcAiP77Di37JEQYxyR8wvr5RDEIQ5BJTIgwGlds3ULPOEQhxDQmAv3ZAeB3uQuLkKGIaeAbh0a9+baDg5A+pRJBBTWjmBq9UWuw/k/oNYcohLiNiZDKP1U9QEEl2S4sSOdp3kCP3sH5N1BLAwQUAAAACACFEKtc5vRR6K0vAACGVQUADwAAAHdvcmQvc3R5bGVzLnhtbO1d3ZLqRpK+36fo6BtfeRokIcAxZyYASWNH2B6Pj+29pmnOacY09ALtY/t+H2Cv9x12H2Bj9202YuctVhIC9FMlVWWlpCopuyPs0wIqpfyr70uqsv74519ftne/rA/HzX737rPhHwaf3a13q/3TZvfx3Wc//hB8Pvns7nha7p6W2/1u/e6z39bHz/78p3/646cvjqfftuvjXfj53fGLl9W7++fT6fWLh4fj6nn9sjz+Yf+63oUvftgfXpan8M/Dx4eX5eHnt9fPV/uX1+Vp87jZbk6/PViDgXufDHMQGWX/4cNmtfb2q7eX9e4Uf/7hsN6GI+53x+fN6/Ey2ieR0T7tD0+vh/1qfTyGz/yyPY/3stzsrsMMncJAL5vVYX/cfzj9IXyY5I7iocKPDwfxv16293cvqy+++rjbH5aP2/W7+3Cg+z+Fmnvar7z1h+Xb9nSM/jx8d0j+TP6K/xfsd6fj3acvlsfVZvNDKDUc4GUTjvXlbHfc3IevrJfH0+y4WaZf9JNr0evP0RuZn1wdT6nL883T5v4hEnr8PXzxl+X23b1lXa4sjvlr2+Xu4+Xaevf5j+/TN5O69BiO++5+efj8/Sz64EPybA/5J37N/xULfl2uNrGc5YfTOvSL0CzRoNtN6IX31ti9/PH9W6Ta5dtpnwh5TYSkh30oKD10l9B53p99OHx1/eHr/ern9dP7U/jCu/tYVnjxx6++O2z2h9BP391Pp8nF9+uXzZebp6f17t398PLG3fPmaf3Pz+vdj8f10+3634LY15IRV/u33el8+/FNHJ/8X1fr18hzw1d3y8gm30Yf2EbvPqbkxB9/29zu5nwhJzW++C8XkcPEXiwpz+tlFON3w0pBUxxBFnNcqSFs9SEc9SFG6kO46kOM1YeYqA8xhQ9x2q/Ozpf+uD2t+ETBiyo/UXCayk8UfKTyEwWXqPxEwQMqP1EweOUnCvat/ETBnKWfWC3jvwufGQn7wA+b03ZdmYCGiqkuSft33y0Py4+H5evzXTS3FqSUjPD+7fEkdqtDtVt9fzrsdx8rxViWmhj/5fV5edwcqwUpqv6HCPjc/eWweaoUNeLMM/zBv9suV+vn/fZpfbj7Yf3rSfbz3+7v3p9RRrVd1dTw9ebj8+nu/XOcNCuFuRylV43/9eZ4qh6c8yhVgwvZ0OX4JX/wb9ZPm7eXi2oE0IhrK4qwqkU4QBGRAUQeYaQyvsD9u8DxIxuL3P9YZXyB+5+ojG9Xjy+dabyQt4qF11g6dhf77f7w4W0rnB7G0hF8FSH2CNJBfB1fKEmMpSM4kz7vZqtVyNxE/FQhj0pIUUioElKUM6uELOUUKyFLLddKCJJOut+vf9kcL/hWyrzHFNasvDGbowFRbPG3t/2pGphaiiz+q91pvTuu78Sk2YqwMTPfSdhYbeKTEKQ2A0oIUpsKJQTB50RxIeqTo4QstVlSQpDadCkhCGfeFMBfCPOmgBSEeVNACtq8KSALbd6snaNICFIjKxKCcJK3gCCc5F07j5EQpJ68q4XgJW8BWTjJW0AQTvIWEISTvAXILULyFpCCkLwFpKAlbwFZaMlbQBZO8hYQhJO8BQThJG8BQTjJW0AQTvKutRolLgQveQvIwkneAoJwkreAIJzk7TSSvAWkICRvASloyVtAFlryFpCFk7wFBOEkbwFBOMlbQBBO8hYQhJO8BQSpJ+9qIXjJW0AWTvIWEISTvAUE4STvUSPJW0AKQvIWkIKWvAVkoSVvAVk4yVtAEE7yFhCEk7wFBOEkbwFBOMlbQJB68q4Wgpe8BWThJG8BQTjJW0AQTvJ2G0neAlIQkreAFLTkLSALLXkLyMJJ3gKCcJK3gCCc5C0gCCd5CwjCSd4CgtSTd7UQvOQtIAsneQsIwkneAoKkc0O0zna7vhNenjpEWtUgvh5WdX3v+QG/X39YH9a7lcBKCkWBlyeUkKi4tni+3/98J7aw2+Y4iLCozeN2s4+X2fxWGHtctiz5r4u7L9fX5Xa5Fe8F8Q+fMtuFomHjzW/hG0+/vYbjvaZX+zydl5sni4bjN371dN3WE304uom7ZANVcjm+10Rq/O/DMQy15D2DQbBwp3Zwfhdzg9i7+//9n//4v//+z3/8+7/+47/+LRIc7/4qXr7t08q8Eo+c3/6V2rEVP0bFg18fNVLt+lB41Ofz5VjU4zK09V93LC1sN7ufL9fPIy2el8nHbpa6vGOa7FDIehFDhb47nMwTFSZ7zE7Lx2Py/8v7otQW3mP45+v++O7ecSdJvkq95xBhsutbprY7SJR1Ga+wdy126WTnmnP9g7tzjaPsVaiG5Sq5vdXb8bR/iR0y72kppeVNcH7p7qbQnB2SrRLX1WvxRgmOVaoswlO/rDcF+/2J4U0fzpdlvOk8EnmTlDellJY3wfklVW8KUoas35uStD9kZqfzFoQql9qtfz2JJK5ITKmzyWT9xMl+Xq9fvw3lP1z++Do0/fEh6yeP6w/7Q6gBZxJ7x9Vt4rft306Ru3z9y/YqKO0wFRuQl38v2YAcvcjdgJz55G0DcnT5tgH58fzfxfmJVhHuvNyl7Y6Caeya8UdjTBr6ewxGb5cj2B0hg6Awo00uV1Ibmieqs1yob4vrSRamJ1kCnsTIWvU5V7Ifu8q5hkY4lxNMhnOP51x5V3IZruQiuJLNdSUb05VsQ13J6oYrKTqJw3USB9NJHAEnuZE7bX3G1tVnNuf/tuFBI64HjTA9aNQND3L08aCMl1iOHZy/tRDAQ+MAwW9crt+4mH7jdsNvRvr4TUmuad6LxlwvGmN60bgbXuQa4UXOIPrNe9Ep1MXNh37YRJ2P5hguNOG60ATThSbdcKGxPi6kwLkGDM41QPClKdeXppi+NO2GL0308SXEdITlaJmSKudrIGZNNO+CnI5FHPcZirkP/75PUZeeknuOu/iUfn91F7+lqoZb7eCnx21STH/cfrWL/PtTUu8+3+nTr8v7yxsX6+32m+X53ftX/lu36w+n86vDwYTx+uP+dNq/8D8fF+j5Azxkb+bh+hB8fe/eXh7Xh+TLR+7XhXGzjqK6z008FDUtmyy/3V86JTFu6PJSuXtK5S4NvkG7Vu/zT/zl5YsCjK/R4q8iyqcFyW+C26+AtViplzSwVWpgC8nAVtcM3Fi1XNKcdqk5bSRz2r0zJxRin1cB5e1xvoqBreORyoD1cACYe17nT4cMLojfGjWHTpY0/R7h4LvzJBV9yxqr/aw0EVVexi/McfZAZJaLZO0iLPu23CYzrzaYPONWw3E4ERR0Ed25xZ0Eriq5ldAi7nK4ushtcri+idGpeiS4fEk0v9wcjenMqoklFRF8H9YzrZhmcXaiuvZ3zZv3+gJGuroMVpqxIGg55BPnf2y2xS/ekxf1SBAq33oVnGU4KmANh4E1HNxckLEiz19UM0LW7/huomdS0NjK7PiPKPWtY1/eqLmGflWpoGgt2wEE9SYuf0TFi2jJ/qB66pd96Pn+6be4bXL+eaMXzg2Vqx417bKX4VCWV85mQ2/ilZcEhlZm4Zp6ZGeegKsU1dC+qr1CRzyFQM1cXKd2e6TqlWqsJyhfkoZt6isyTlY11ln/yT5hid6wnIFfIqjJG4pLzW5PVb3YjPUI5avKagz861x3myGGjJrDELnmkH3uEm1i+Qi/7lDhI8gK4k+hzJkTMF+qeEt62rTPKxuel7uP0XFW98naetxpNHrGYm5NWrXX+Oy25QbTQSlkaOTZi5kkfvbqJFLfsw8Hk4Yefv623a7Zfn+XvNasGq5UMPzHV9e35rhgXXrghMH5xcajga0KqxlVcKIiUUXTwcFWhV23Kr6Nv+dkayJ5TQc9jJrRAyc6zi/WGx3W1LWnnoAq3GZUwYmORBW1RoewKsZ1q2IRjrfZvRWLjrEurq82qwse2C4Cq1rm08tTc2Ll8nLj0SKmllrKNGm1cOLmqpamI0dMLTEcQ9fLN8vVYc+sX71ErxR51PUDKESVoQ3GBuBIAdFdx3t7R+OEdfHeMBxevtrgvmN8+TqE9w7LHjgV75gwdiFn3mE7o4o7dcLZNcmP56eu+Hoh6iHydticSXXSmeByJSGiV4CGtQCvhLtnXSHvP/GrKLW+m49KUfe0b7WpTnbgnY+AySvtfLUq/Yh8TRaPVBajltTG6USBJd9JDOIf9nJRVLe7PRlTe6reljIBX2lGKCqzBzGvq8t6HgdpPY/DDc4kcrJrKfX8yu3x/N9GNhdKWnFUasURkhVHXbBi/VuzJG3nltrORbKd2wXbNb3JTtKS41JLjpEsOe64JfE3ukmacVJqxgmSGSddMGM7m80k7TkttecUyZ7TLthTww1fbIK0WMbdBgtWXSXXoSSJsbBoxLSf6s7BW1lHcMfN1TGyMBQegUPGHpAhZA/Ibdne6bBnbF9KLstFGINdWQBKmlYW9LGunUvzD3Z9QfnRpNbQM0gkNIyS1qXsckP2PFqMskNaXFn1wa5rT4GDuqeAvbHXmjDqs1M77uUb73M8/1Ud2nowzILNSt1EdTLNOGSFd0gFf6PqzCxk3q65CSTfi1k1jwyRq3aTwSRZ5lE154MYVd7HuHoq9JBWTrhSWwA0c6dbn2mOP93eoKonG6KnY5j7tyFAY2hmMRgNHI5mLuszc5lb3a34+ip27lZWmCpIUVUfe7MPolKj3uPsTYepruTKarSR1chSC3jL5V8Xl8bmeRWkm56zdJDdji5BQuppX1JsPjJN4xKBbhY3pURXorMLijqJXomPNWCqJN34gvP0o8rvVTBaGsh1xpjvD0/rw/m76LgzRgXaHKTQ5m2badI3A/RZUZzL/vSl4wbow5tdaIn1l2of/wn28YeC+k1uU1IMpPg0ouRkE8ZSlNTJS9BwcivxM044HS5rugS/3rxczGxffbiOk47OmKl8v/80X+6e3m9+v+pneI3P+B3h8Px3YET4hOOsFd/iim98lxjUxMC4meq7w/VDHzaH4yk07j3TFS+kO9tLC+CXrNJQcmNnF1glV1a1ekJ6CthttrW5Ry7lX0Xlcnnu+k+56w8ZfTxctPSQNiTHrNslWbV7Vo2DNbyr+wobiHoI0lCPYdof/rQ+nFcuVpifaSx8vYb2fb5OuKvtennIw5vwzw+bbUz0ot+r1YP4YnaWjK6day92cJUlpZ4v94ffe68eKDT7fJaUc0oh2uUgN/aBJ5pjNUCPMTPRmsDXZpDULVIGJMSm3dwu4A1os7uALEJtZFlCbsZAE8/2At/PQZP8nNln7IaqIEX0xtoCx0Bv7J1wmqO3qWO7tsP7rqhD6E3gSzFIAq8cltCbjnO8gDegzfECsgi9kWUJvRkDTvwghCe32TENTrJX+4reUBWkiN5YO/UZ6I29YV9z9DZ2p5a9YCcgu0vobTqfz0dT3oOCE3jlsITedJzjBbwBbY4XkEXojSxL6M0ccOL6vjdighM7c7W36A1TQYrorXjGNhO9sQ/c1hy9jQJnOp6xE9CtJNcB9DYZuM7M4j0oOIFXDkvoTcc5XsAb0OZ4AVmE3siyhN6MASde4E38CROcOJmrfUVvqApSRG8jMfQ2MhG92cOJM52zE9ANPHcAvTnz2WLh8h4UnMArhyX0puMcL+ANeKujqmUReiPLEnozB5xY/izILuAqzpm9Rm+YClJEb64YenNNRG++7S4GnNrbLS91AL0F46nrcDKtC0/glcMSetNxjhfwBrQ5XkAWoTeyLKE3Y8BJ4PmOl99QmZ8z+4zeUBUkjd44Bz9G+uAe/ygC0ypPuMbvq6M7qpLa2a9vM5DSBj/UYKRx4JcjKUH8k9f043L188fD/i3MlAxakkmXwokrZ9P0VnnZFG4GqHravz3eXN2lMIeEeY/BGc0YWriSFF4kmzVtMxCEreiZEp+zqNwwhTCtat8DvZumgHyeWrF0EdvmrJptJdBndEsBLxTwhHJpDtHDpepFu2Q7JNupoF5er5k06oU3mmGi3sV84LpOX1GvZL8IvZvNgLyeWth0EfXmrJptwdBn1EsBLxTwhHppDtHDpepFvWQ7JNupoF5ej5406oU36CHUq9pnQ+8mPSCvp9Y/XUS9OatmW1f0GfVSwAsFPKFemkP0cKl6US/ZDsl2KqiX19sojXrhjY0I9ar2J9G7uRHI66llUhdRb86q2ZYffUa9FPBCAU+ol+YQPVyqXtRLtkOynQrq5fWESqNeeEMoQr2qfV30bgoFW9dDraY6iHpzVs22Sukz6qWAFwp4Qr00h+jhUjWv6yXb4dhOBfXyemmlUS+8kRahXtV+OHo30wJ5PbXo6iLqzVk122Kmz6iXAl4o4An10hyih0vVi3rJdki2k0a9fzlsnjhoN34JCnIvK5wJ5FKDEpExcz3/UEf9CXVUAuJygPIQ7HenYzTIcbXZ/BCp9N39y/Lv+8OXs9A80SjrEGPMjptl+kU/uRa9/hy9kfnJ1fGUujzfPG0SRSqiWDMjeqhzSPPaeLbdlaoZWmVkFFDfvb4EAYsxauOyQJqqzf13f+LRKORUOS71lGzbZhL11cUg+r2Om+6Em77WTIdz8ggTqJu2fmaRn3XTz1BrdRX9VqO3qPdbpeId9VuDjAoq4gmPKxmj1B+WShgmRze3mKdLeKvVMupsvUklPWo2TOGQnR90LY5RcY+Cr8lgoJbaWtlOogjj2V7g+9eRs0cDpK9qWu4j32iV6mnsc/WV/sjnNPG5OoqAvPbz6SIgvP08FQELNqf2swKjgoqAwuNKRim1y6eih8nRzS0C6hLealWPOjuRUxGQzl6gcMjOD7oW0agISMHXZDDQCSNa2U6iIOMHnu2xu2dmr2paBCTfaJXqaexz9RUByec08bk6ioC803jSRUD4aTxUBCzYnLrxC4wKKgIKjysZpXR6EBU9TI5ubhFQl/BWq3rUeTALFQEVi4A6xgOFAxUBNbz/fkxGmgWftkVAsp2k7WQKMq7ve6PryNmDI9NXNS0Ckm+0SvU09rn6ioDkc5r4XB1FQN7hhOkiIPxwQioCFmxOhxMJjAoqAgqPKxmldJgiFT1Mjm5uEVCX8FaretR5Th0VARWLgDrGA4UDFQE1vP9+TEaaBZ+2RUCynaTtJAoyXuBN/Ml15Ow52umrmhYByTdapXoa+1x9RUDyOU18ro4iIO+s5nQREH5WMxUBi1vA6azG6lFhPQFFx5XdtE9nS1PRw+Do5vcE1CS8FZug1XhsLxUBVXsCahgPFA5UBNTw/vsxGWkWfNoWAcl2kraTKchY/izIdmK7DZy+qmkRkHyjVaqnsc/V2BOQfE4Pn6ujCOgKFAEvhx9TERChCEhHVwuMCioCCo8rGaVCR21TEbDjRQ9zo5tbBNQlvNWqHkLhSUXAdoqAOsYDhQMVATW8/35MRpoFn7ZFQLKdpO0kCjKB5zve4DpyuiDjZq5qWgQk32iV6mnsc/UVAcnnNPE5jCLgN+unzdvL++flU3iHxaOBzy/fJa8rnAt82XtN5b9byXcQ/eatnT0a/JwC5gG4ti4tA1Rql5YCqbxLC4GtH5QUQxU/uQpHmu8kSr8YKIh/8qp/XK5+/njYv4Uw6r7ehRIUj43GI6+4kVwH46tB/JPDV+f7kgVSzRT9GlqER+6tr3sr194Qy2DQoaqqIMIBvBhEv8wATl9rhpI3lLSaeGZhSliHJ8NJSbI8oZqcXBYpEEtBZCnj+Wyw4B5WiTVxQKRApg6IHMDkAREDYivygoivdIWvUGS2E5l1QYDcscDZA6P7zFzI0Q1wdGIwjZ/9rhuH0ezEey1ZTPHgdR6LgR+/TiymkA0XwXg+5jTatdCmEIgU0ElnADmQo88AYmBHuEsLIhbTFRZDkdlOZNZXyMyca5g98bLPLIYc3QBHJxaj74HJDSUwzY7s1ZLFFE+O5bEY+PmxxGIK2XBuLxYTTqdAG20KgUiBTCEQOYApBCIGxGLkBRGL6QqLochsJzLrAgG5g5myR3b1mcWQoxvg6MRi9D3xsSkWo9eZg1qymOLRdzwWAz8Aj1hMIRtOg8lszqnpOGhTCEQK6MBJgBzICZQAMSAWIy+IWExXWAxFZjuRWRcIyJ0skT1zpM8shhzdAEcnFqPvkVVNrSjT69AkLVlM8eweHouBn+BDLKa4vnayGHgOOxuO0KYQiBTQomSAHMiiZIAY2L4YaUHEYrrCYigy24nM2vbFZFtjZ5um95nFkKMb4OjEYvQ9c6MpFqPXqQ9aspji4QM8FgM/goBYTLHj3HQ+GHOyoYs2hUCkgLr9AeRA2v8BxMCOMZAWRCymKyyGIrOdyKwLBOR6e2a7vvaZxZCjG+DoxGL0bRreVALTq221Viymclc/fDO/01/Swj2t6HL7wMOOUk9PYNkosCzgEWlocE0KSm6Sm6BzmYba2ebdJOMYqXfVhB87bPpcVJ1NXwwqPGTWVFRfFdY5kyFHa1u2YtqlK4qVOq5JP014k+i3JCukX4kA6Dr6DDoH0e1+d+sILimdeNMZeCGnuE9XxbFmcIJ2bZNL0QbYlnoDbGKbxDaJbXYtJckstjKvCTHxTSzjE980zmTo8UqMsxbVEuckztltkEGcUz/dK3PO6i821duVE+ckzkmcs2spSWKyNrBlNHFOLOMT5zTOZOjxSpyzFtUS5yTO2W2QQZxTP90rc87K5vKWenN54pzEOYlzdi0lSUzWBjb4Js6JZXzinMaZDD1eiXPWolrinMQ5uw0yiHPqp3tlzll5FIClfhQAcU7inMQ5u5aSJCZrA9uxE+fEMj5xTuNMhh6vxDlrUS1xTuKc3QYZxDn1070y56w8uMFSP7iBOCdxTuKcXUtJMpuYzGueT5wTy/jEOY0zGXq8EuesRbXEOYlzdhtkEOfUT/fKnLPymA1L/ZgN4pzEOYlzdi0lydAO8446IM6JZnzinMaZDDteiXPWolrinMQ5uw0yiHPqp3t5zvn15shvVhu9qNCgdtQMuWQ5VK4DeeJQ6RbkaVfSjJnyPKrioWCHYFVrqoMsNjH+IdjvTsfI746rzeaH6Pnf3b8s/74/fDkLozCSuA4h0uy4WaZf9JNr0evP0RuZn1wdT6nL883TRhnN1mRfYE5Ps71q9DgMnOnYY92HhZPcdYsacw5k673O0U6bWwyi3xwMPd9h+lptZ821caNAzFHVKP+MPdS75BMIwQUhuU67yUOlWu3CgrtyWAIihgMRIQt3G4q0GTt9hiMG6h0Nkni2F/g+s6qpGyhBvVU1WMLtpZyFJfBGygRLcGFJrhljJhYteIhXDkuwxHBYImThbsOSNmOnz7DEQL2jwRI/CGd79qbS7NX2YQnqrarBEm67zSwsgffaJFiCC0ty/boysWjDQ7xyWIIlhsMSIQt3G5a0GTt9hiUG6h0Plri+742Yc72tGyzBvFU1WMLtyJaFJfB2bARLcGFJrqVLJhYdeIhXDkuwxHBYImThbsOSNmOnz7DEQL3jfYkTeBM/v7z5co96wRLUW1WDJdymPVlYAu/YQ7AEeW1Jdtd/JhZH8BCvHJZgieGwRMjC3YYlbcZOn2GJgXrHgyWWPwuySzNu96gZLMG8VTVYwu3rkIUl8KYOBEtwYUluY2gmFl14iFcOS7DEcFgiZOFuw5I2Y6fPsMRAvaPBksDzHS+/ueVyj3rBEtRbhcGS8qWu8BWubqMopIXppA/Qp3IjX3q/vL57A3N78GlndBU6O/5+0ZWVROvx98Uxe00JTkn3WbAcFNMb32IpjfuwQYNUtHOspkf/mno7W9Xj72zNIVnOVL2nAbSi2muZnjrq7oa3r2p7H75kNaFr6kl1e1LhRthOfSy7rQqTifFaIAMT6oVgqfdCIErWAUomsJlZftZra4c0COz0u1eEQdRM1vzGw6Y6yZlk3BM904ieCdjOVM03TtCkp6qOurzhFK39viSak7T6FUQ0DUTTKr4wU+8NQzStAzRNoLmD/NzXVscIEOjpd+8cg2iarPmNh0510jTJuCeaphFNE7CdqZpvnKZJT1UddXnDaVr7fZo0p2n1K4hoGoimlffKstR7ZRFN6wBNE2h2Iz/3tdVBBwR6+t1LzCCaJmt+46FTnTRNMu6JpmlE0wRsZ6rmG6dp0lNVR13edJrWet863Wla7QoimgaiaeW9Ay313oFE0zpA0wSaf8nPfW11FAOBnn73VjSIpsma33joVCdNk4x7omka0TQB25mq+cZpmvRU1VGXN5ymtd/HU3OaVr+CiKaBaFp5L1VLvZcq0bQO0DSBZoiABf8tdViE7fToda9Zg2iarPmNh0617k2Ti3uiaRrRNAHbmar55vemyU5VHXV502la632NdadptSuIaBqIppX3lrbUe0sTTesATRNoDis/97XVcRYEevrde9sgmiZrfuOhU500TTLuiaZpRNMEbGeq5hunadJTVUdd3nCa1n6fd81pWv0KIpomTNP+ctg8cTs8Ri8qNHYcN8PKTOI4ziD6ZRO3y8Wz288DcLlPWgboiyppKZAqsLSQXA6rV8xP9YoxlO3J5lmVvr/C5PLx/NSgo3IEhoKzoiGmt5hzthAGEBT2sMkg+hX0sHGLB+8g3igQClQ1fT5DAvWmz4QNCgE/ns8GC24LSSx0AJECwQcQOQCEABEDwghwQZIoQV5QT3CCWuvJDiMFmMcQVmB62Ww8DzxxL2sTLaDeqhpe4HYfzeIFePdRwgvFXmbBeD7mbJK3mGEP6pgGkALq9gmQA2mmBxADwgtwQZJ4QV5QT/CCWg+0DuMFmMcQXuDsDZqNZ66wl7WJF1BvVQ0vcNvgZfECvA0e4YVC2M/txWLC2a1pM8MeghcgUiB4ASIHgBcgYkB4AS5IEi/IC+oLXlBqxtNhvADzGMIL7G+7PM+bLYS9rE28gHqraniB248pixfg/ZgILxSb8AWT2ZxDExxm2INa/QGkgNrUAuRAukACxIDwAlyQJF6QF9QTvKDWFaLDeAHmMYQXmF42D+ZDzmpJlpe1iRdQb1UNL3Abg2TxArwxCOGF4teQk8XAc9hhP2KGPWj9AkAKaP0CQA5k/QJADGz9AliQ7PoFaUF9wQtK25M7jBdgHkN4gb0oYOSNfPa3Xiwva3X9AuatquEF7g71LF6A71AnvFDc7zadD8acsHeZYQ/aVQeQAtoRDpAD2XAJEAPCC3BBknhBXlBP8ILaPrkO4wWYxxBeYHvZfDGbsSdhlpe1iRdQbxWGF8rXOcKXN06agQfUwKZOQFPxUBD0UjkkBKpUDgrAJZVjgkCI4KiSiKPa+foALxrfdqmUAmAzhu9Gv4LPOJxKT20VGAjviQURk4WRmXrcYKcVG6r36jHeCCxgfNX4/cUauStkl0JKj39EU7otbabObMjOqLcUmbi1IBPgqGDHqFvf7TfcAdI5oe3ulvp2d+J3HeB3TjAZzrn7bIEMT2BQUHue6mEh/XiqR4U14BEdV7bjTtW4PeF6LWydb4PteYEVsBfkEd8jvkd8TxsjEN9DsYs390ecFUW6Mb7222qocz5VlAIeF+wg9WvddOZX8YWeeuMSYn4dYH6LwWjgcCLUgjI/gUFBjVSqh4X0TakeFdYmRXRc2a4oVeP2hPm10ASlBeYXTHzP94SfkpifAeCWmF8XjUDMD8culjf35uJpvUXm136DJHXmp4pSwOPCSwO1a9105lfegspSb0FFzK8DzG86n89HnL3sNpT5CQwKanFRPSyko0X1qLAGFqLjyvarqBq3L8yv+XZWbTC/Ucj92BVO1lMS8zMB3BLz66ARiPmh2CXqIeCxS13MtN4i82u/1Z0681NFKeBx4YuAa9e66cyvvJmgpd5MkJhfB5jfZOA6qd2mmQh1oMxPYFAI8xMYFsD8BEYFMT/hcSWZX+W4PWF+LTQmbIP5WX4QsCucrKck5mcAuCXm10UjEPPDYX4jL/DZwJ6Z1ltkfu03LVVnfqooBTwu2EHq17rpzK+8Layl3haWmF8HmJ8zny0WLjtCR1DmJzAoaJ9f9bCQfX7Vo8L2+YmOK7vPr2rcvjC/5lvMtrPPzw2mwk9JzM8AcEvMr4tGIOaHYhdv5vuBLZ7W29zn13r7aYR9foooBTwufJ9f7Vo3nfmVN/i21Bt8E/PrAPMLxlPX4USoC2V+AoOCGo5XDwvpL149KqyduOi4st3Dq8btCfNroVl4G9/5+YHDKYGznpKYnwHglphfF41AzA/HLp4/9dilLmZab5H5tX+QgDrzU0Up4HHhDlK71k1lfuX7++Db+qbNED2jaFPWuIl756wLok5iA4Pok9jQEAolNjIsQcmMLZukRMbuCZ1q4XCETQ4Mbcrhkai1FAmIiSFvOYbEPA81IsoEA4sc/E5HADqn1tP1Vd2Ipjty/epaRKu+X5uLlviRalg1xLyR85++PlBVH8G1no5FFkRTV1VTugu6TJ94VJ1IqyNtyLNaZ/AoY2sFixA9HFjREzqtx1Y/rYdKfJQgqMTX8RJfK2fi6IL0zQ96KvIhTOm5kyeyMUBlPn2935QprzfOT4U+Uwt96DlQXy+gUh+qsanYZ+r0o+pGmp1mRr7VOpvvXrkP1cfVCn7lh7TZ6oe0UcGPUgQV/Dpe8GvlKDRd8L75QU8FP4RJPXfgUDYGqOCnr/ebMuX1xvmp4GdqwQ89B+rrBVTwQzU2FfxMnX6UOzDpdYgl+VbrbL57BT9UH1cr+FXs3VU/m5MKfpQiqODX9YJfGydg6oL3zQ96KvghTOq5c+ayMUAFP32935QprzfOTwU/Uwt+6DlQXy+ggh+qsangZ+r0o1w31uvsYvKt1tl89wp+qD6uVvArP5LZVj+SmQp+lCKo4Nfxgl8rBx/rgvfND3oq+KF06cgcL5qNASr46ev9pkx5vXF+KviZWvBDz4H6egEV/FCNTQU/U6cfVTfS7Mh68q3W2Xz3Cn6oPq5W8BuJFfwuJ6NTwY8KfhqmCCr4MV7v+nn3uuB984OeCn4Ybcyyp0pnY4AKfvp6vylTXm+cnwp+phb80HOgvl5ABT9UY1PBz9TpR7mH38gb+ey6MYs7UMGvg77V9YIfqo+rFfxcsYKfSwU/KvjpmyKo4Md4vcGCX+D5DucbDNZx51Tw0yvoqeCHMKkH46nrsPmPSwU/jb3flCmvN85PBT9TC37oOVBfL6CCH6qxqeBn6vSj7EbzxYyzUJTFHajg10Hf6nrBD9XHZQp+3vLw89eb46lQ5YteuItfARb2xoNmCnvJbKw8kzdYG+xggWcQ/+Qc+HzItHIlBw1yXS+WpcQhZk5sGnIJmkG2wgCdElV1KWA8PaBuid7T194/L5/WIIiSobz1hAFbk7gG1dIcc3lzpKknKg9UVbD5wQGwBpQbqkdHN1UJoEL9ViUEcSffrw/5yPvy3foltAmCEwTHOCOXQDiB8C6CcMuxA5e9yIBgeBsw3HZHwZS9zYuAeAsB0oA9+gPFm1JmL8A4rjIV4HjxyOoCHAcfV01wvE9wXPgEO4LjBMe7CMddy3IsmxMABMdbOE/BsV3bETcIwXHj7dEfON6UMnsBx3GVqQDHiwdKFuA4+DBJguN9guPC58sQHCc43kU47vju0GI32bdZOZ3geM0GGbtTyxY5xoXgeFfs0R843pQyewHHcZWpAMeLxz0V4Dj4qCeC432C48Ld3wmOExzvIhy3A3s4Yn/j6bByOsHxmg0yCpzpeCZuEILjxtujP3C8KWX2Ao7jKlMBjhcPYyjAcfBBDATH+wTHhXuzEhwnON5FOG4NRhN3zAkAguMtrB0fTpzpXNwgBMeNt0d/4HhTyuwFHMdVpgIcL7ZKLsBxcJtkguN9guPCndMIjhMc7yIcn46d8YAXAATHm4fjvu0uBuyaF9MgBMeNt0d/4HhTyuwFHMdVpgwcj+P3w1s8cJgACmj88vrd5Q1QLH5BJi1g8RwgSVJWGpG0hMKVur/n9komT5XaLFmW3nmDVqiqHLWCBy2Z6sFjljZDRWn8zWmGqjT2Q8EvOsnVfDf6ZVKE9LVz49bh1DT6phKz7XYfz/ro2S6sfr0QAsdsN69cNAEwQuXDhxronTadSuuadcJDM+qtD3CpTwaXixm9ttwYD2BcxrkNptu2hfqTNJQGkTzxik38IzgNusDzH0oIlMTK4+hX8EYBdaXdOsIVXOcWBPBCkj7VIEmBcHE7WuaJl3pjS2JgJjCwXEfKzKAKHExgWAALExiVeJjOPMwLrIC9v5WYGDGxjjIxa+EsxuxOHcTFVLlYTrm5KeFyuV421oCBiY/pZA00RjafLBa+yL22z8lm43ng+cK3SqxMnpUVG5vyWBm8vymxMhNYmcCgEFYmi0LRRiVWpjErCya+5/O64BYzO7EyYmUdYGXjsbWw2GtgmP0TiZVJpNeccnOBdblcLytrwMDEynSyBhor80fzyZy90ZA1IbbJyrxgNp6xF2GzbpVYmTwrK/a35bEyeJtbYmXIrCzXuyozATlQVpbrT5sZ1GalXrRhAaxMYFRiZTqzslHIy9j1tmxDwc6xMoHYJVbWUVY28scjm30+ILONJrEyifSaU25uSrhcrpeVNWBgYmU6WQONlXmub89FOuy2z8oWnufNxG+1nJWpM5hiS2Aeg4F3BiYGg8xgBPC7PIMRgFYQBiOL2NBGJQajM4Ox/CBg16aySx46x2BkGT0xmO4wGGdhz11e13QcSNVfBpNTbm5KuFyul8E0YGBiMDpZA43BLBaLgcc+34w1IbbJYObBfOixiSHrVul7JXlWVuwMzWNl8AbRxMqQWVmu61tmAnKhrCzX2Tkz6IiVetGGhezBqh6VWJnGrMz3AjdgT0LZVpydY2UCsUusrKOszBq7szG7IstsQEusTCK95pSbmxIul2veg1W/gYmV6WQNvD1Yruf57E3JrAmx1T1YI2/ks8ku61aJlcmzsmKDcB4rg/cJJ1aGzMoEOIk8KxOAixBWJotC0UYlVqYxKwv8wPHZE2b2G7TOsTLZKgWxsu6wsrk7cgds6MXsQ0ysTCK95pSbmxIul+tlZQ0YmFiZTtZAY2XB3HPm7M4YrAmxTVYWzBczzjnprFslVibCyqITmfhULH4VSr8uO7uJfnX6gKbGm37XOvGUHt9ktYLepr49s9nTCXNL72JRM1bO3VAG8RR2nV/vRhE5c5VfHeuaEBIWRGYRRSAagw7Vn7NtFoPoVzBT2fgH28gsYAp/RG/ULrtRKCaobmCcPssR3r2YQEI/QELzHWkJJhBMIJhAMEHaop7tBZyOALoBBW/uj4Kh+K3WCRVKumqmoQK8pSZBhV5AhRbaJBJUIKhAUIGggvwBr0EIFthfSbByVZtQIbC8uTcXv9U6oUJJq7c0VID3eSOo0A+o0Hzvrr5BhTBi/InEvs/aoULuhjJQobA1maACQQVdoILr+95IOFe1CRX8WTD02AyMeat1QoWSnkppqABvqERQoR9QofkmOX2DCmN/unAkmtzVDhVyN5SBCoU+jAQVCCpoAhW8wJtwdsqxclWrUGHkBZz9FMxbrRMqlDT6SEMFeJcPggq9gAotdG7oG1QIrLE9YJ9SwlwhXztUyN1Q+SYOggoEFXSBClZE1oVzVatrFWa+H9jit1onVCjZfZ6GCvCt5wQVegEVWthO3DeoYDsTb8aumzJbnNQOFXI3lIEKhS48BBUIKmgCFQLPdzitRlm5qtW1Cp4/5TRwZd4qOlT4y2HzxIcI8atQZGATMihrSlNf95SHvKhuQhKVvUMgQFI2uYmvSIx/BO8asAldboqXCxQ9n7j+hhzCj5pTJ+9RE8g0l594au9Noc+jojV+mAyiX0H/A/RSQAMDiDcKhQLVmyGjd6lvhiRsQNigTmygtl2oPXQwnywWPrtJTWfxQf3PrBFCsN1RMBVxzC5ghAYeFg0lzMbzkIwLe2GbOAH1VhWRQsleyDRSgO+FJKRASKFOpKC2W6g9pOCP5pP5WPi+O4EU6n9mjZDC1LFdmw2LmFtXjUYKDTws3rHRwWw8Yy+wZnlhm0gB9VYVkULJVsg0UoBvhSSkQEihTqSgtlmoPaRQ/zH3+iGF+p9ZI6QwdqeWLfKwXUAKDTws3vGsnufNxL2wTaSAequKSKFkJ2QaKcB3QhJSIKRQK1JQ2ivUHlKo/zhp/ZBC/c+sEVIYBc50zN6NwuxxYTRSaOBh8Y4MrP10dD0PcldECiUbIdNIAb4RkpACIYU6kYLaVqH2kEL9R5zqhxTqf2aNkII9nDhT9tdizM0oRiOFBh4Wb51C7Sf26nm4sCJSKNkHmUYK8H2QhBQIKdSJFNR2CrWHFOo/dk8/pFD/M2uEFHzbXch0uDAaKTTwsIgHXtZ9iqSeB17ekMLlX8c//T9QSwMEFAAAAAgAhRCrXGB5gtM5NQAAc68GABoAAAB3b3JkL3N0eWxlc1dpdGhFZmZlY3RzLnhtbO19XZejRrLt+/kVterFT56WACHJy33OEgLGXsvj8Zn2+D6rq9Rdmq6S6koqt+1ff0CfgBLIj0jIhO1+mClAGZC5M3PHDoj4/n/+eHm++3253a026/ffDP82+OZuuX7YPK7Wn99/8+9f428n39zt9ov14+J5s16+/+bP5e6b//nv//r+63e7/Z/Py91d8vv17ruvrw/v75/2+9fv3r3bPTwtXxa7v72sHrab3ebT/m8Pm5d3m0+fVg/Ld18328d3zmA4OPy/1+3mYbnbJcbmi/Xvi939qbmXDV9rL4uH8/91BoNJ8vdqfWnj9o42r8t1cvLTZvuy2Cd/bj8nv9h+eXv9NmnzdbFffVw9r/Z/pm35l2Z+f3//tl1/d2rj28t9pL/5LrmB735/eT5fvKm69nijp/85/2LLc5PHn4Sbh7eX5Xp/uL132+VzcsOb9e5p9XrtN9nWkpNP50YqHzjzsF9fh57aoIfbxdfkf64N8tz+4/FHL8/HO69ucTjgGJG0icsveG4hb/N8J1nwfZXrmmznflbr279vN2+v19ZWaq39uP5yaStZBkTaOo1R9tF2ajfz4Wnxmkygl4fvfvy83mwXH5+TO0p6/C5F5P1//9fdXbI8PW4ewuWnxdvzfpceORzb/rI9HTseOh88/3X8O96s97u7r98tdg+r1a/J/SWtv6wSQz/M1rvVfXJmudjtZ7vVInsyOh1Lzz+lFzJ/+bDbZw4Hq8fV/buc9d1fyVW/L57f3zvOzan5rvTk82L9+Xxyuf723x+y95k59DEx+f5+sf32w+zawvfvMt1w+iPXUYmBV1bfvRb6bve6eFgdbmTxab9M1rZk+FOrz6sUNM7YP//xr7d0zBZv+03+Ll6zd5E3mR4pDOrhuffJIvbhuBclFyw//bR5+LJ8/LBPTry/P1hPDv77x1+2q802Wdzf30+np4Mfli+rH1aPj8v1+/vh+cL10+px+f+elut/75aP1+P/Gx/m/6nFh83ben98oEsHPe8eoz8elq/popxcsl6kw/xz+qvn9Ce7jLFDG2+r6y0dDxRMHw7+/7Pd4bmjykw9LRfprn03rLU2JbTmMBsXb8clascjamdE1I5P1M6YqJ0JUTtTxXb2m4cjUrNtuFOen91Aju9nNwjj+9kNoPh+doMfvp/dwIXvZzfo4PvZDRj4fnYz9vU/e1gc/r754UgMNb+u9s/L2vVtSLGcnvaZu18W28Xn7eL16S7lBTem6pr58PZxz3fTQ4Kb/rDfblL2W2PLcQhsRS+vT4vdaldvjWI4fk1Z3t3ft6vHWnujkv2txsIvz4uH5dPm+XG5vft1+cdeqpGfN3cfjhyofsAJeuWn1een/V3Chx95LPolA8Fl5KfVbl9voeShuCxwDa5fAt0aC/9YPq7eXs49xcGRfJfCjlNvx1Oxkw4Kz8OMlI1wPImvYiQdfJ4nGSsb4XiSibIRt96I3CoVLrZf+ObiWG62zzfPm+2nt2fuVWUsN+cvdvgeRm7aX4xwrS1juTmfW4TvZg8PiUPKA2XV1VjAlOqyLGCKZn0WMEizUAsYJFixBazJLd3/Wv6+2p0Jt/i47zK8t/YW3ZIOEWIy//u22deTZIdCuvhxvV+ud8s7PpMuBXvN7aQCg0+wpQpYI9hbBawRbLIC1hR3W35LRNuugEGC/VfAGsFGLGCNcEfm4H1UOzKHKaodmcMU7Y7MYZB2R27GhxKwRuBMCVgj3AI4rBFuAc34WQLWiLaAekvEWwCHQcItgMMa4RbAYY1wC+Dwyqm2AA5TVFsAhynaLYDDIO0WwGGQcAvgsEa4BXBYI9wCOKwRbgEc1gi3AP2aG78l4i2AwyDhFsBhjXAL4LBGuAV4zW0BHKaotgAOU7RbAIdB2i2AwyDhFsBhjXAL4LBGuAVwWCPcAjisEW4BHNaItoB6S8RbAIdBwi2AwxrhFsBhjXALGDW3BXCYotoCOEzRbgEcBmm3AA6DhFsAhzXCLYDDGuEWwGGNcAvgsEa4BXBYI9oC6i0RbwEcBgm3AA5rhFsAhzXCLcBvbgvgMEW1BXCYot0COAzSbgEcBgm3AA5rhFsAhzXCLYDDGuEWwGGNcAvgsEa0BdRbIt4COAwSbgEc1gi3AA5rcqtJ+g728/KO+4XlIeVbJvyvSZO8AH581H8tPy23y/UDx+stFFbPzypgluIN9GCz+XLH90mAW4IcMXurj8+rzeGlqD9vDIxr32D/5/zuh+XlncrC9xOMG0k/eMt+3nY4dvruOrl8/+dr0upr9jWtx+M3C6d3yw8X/vh4+Qjtcnvp/dydvhU8nbve++kurge2u2SKnq4eDOK5P3Xj6w0ejNTf2eVeTj0wZN/N9Ru2q/2Pi2Ss/rkuveH18o996cnn1frL+eTZ9Pxpsc1cch2I84VTue44nM58EZn89WW5fP05ub93hWM/rdbLXfbg9cPJj8tPm23Sfd7kgM7Td5SXNe5w9eZtn35E+dPvz5c7udxC7iPK3Net35d927r4T8W3renJ0m9bc7+8ftuaHs5/25qOY+6Pee7xH9L94Pwsrj+KpwcEH9o77BXv7xeHTeJ6ON0Y0zkZ54xkPp+dFE5kPp6dZHvr1EMKYHaqwexoBLMjBOb8+mcAyE+fB3OCfNghkHvxZBiEZSAvgbRfDmmfFtJuNaRdjZB2+wRpp2+QpoGnVw1PTyM8PSF4XklpZyDr2g3ZVe4PM+A8qobzSCOcR32Hs2c+nHOwdDw3PorTHOx4HNMC1a8Gqq8RqH7fgToyH6jca2urIB5Xg3isEcTjvoPY7xCIvUH6rwjifdKNVwj/ukrzRAXECJ5UI3iiEcGTviN4bD6C1YWGQeFERmgY0EJ5Wg3lqUYoT/sO5Yn5UNa6GGtF/UMCrsVDMg4VgZlTjqnLp/aHDFPM+VCSjaoKvENx8FY/0T5NwVTxNIcUTfWxprvDddXzTnbi7T8+56Cb/P3jOp15X0/BvuOTPP6xyA11ctl8+fz8j0U+m+V+81r90+PKsvy0P142HEyqLvy42e83Lxwtbg9v9tQ0mY5V8b5Px3jguX57+bjcnmKRpXHDQ26WkrE8Jm6hHkaZreTnzTnnVtmtns/zzhe1BfwmC+phtE85UL3LH7c5UDPrsMDi8vC2S3B1iBEXRzAX8mR2zg/niOtdYTcs7LbMpapyex1yb601nWvObmR1CFMQM049ZhxyzDg9xkz7EUFBhLj1CHHJEeICIdUIUXTLjq9TMQf1eEqDP3ZouNYZG2bf81PboF+DxzzTu1Czw+/THPOnd8r+Sr2ku+OWnr6UcxjOY7/zztd3eXssfuAOeBnCCRTr1LF5WzyfeI3xblwOxsNxsj3edFz6RE7d1njpuLwifnKRtxcs3uycl584pQvmyNG2YF4BXj6x6FbK4jytmUrWrJMdBRF7Hb7kjWYi5nJWw2p8brt+QabzmBJvtFBJYvXMeO/r2JWZi81d8WhfM2ABdzgqgafjlcLT8bStcTnYVIKWbqVjTIMamFqz2HUGP+zlLdWOrhlGmXApZCHlX+luIeB6ZCvV6iAnpppf+vHLoLBB1fIymb4KNo9/HhLSM7spPXvMV8/fQ9k5dG69PhjC89plvi9ns2E4Cfl1sqHDeo+dZn3KPWd1T9ItUJeh4+7Y8g5UgU7JG+rXJxZ5R531gBzvoTcDn4sbdfp+oiGhNd8PdZ1ND7Aa4Uw/wkpeGL8+tMgr46wn5HgtvK0FikEdrrvpsFyiG+qT6PK9Vjc09Hisken48Nhgv5azlHJyokRJ6MGaZSbu8eW6p8X6c1rI9fB3A0wl7ZWSreZURKThLnMdP54OuLps7LTWZSVr56HLRJbNprtsOJi01mfB2/PzsmJy3p0uMKv3bnWO5MiPl9+XCx3NdGfV3D1eYdwUrulRp+UerZrapx41bYbX9KjbWo/+fHhlpaJDTxdY1Z2jlruzasofr2h+yjtT352WE52aHvVb7tGqKX/q0canvFqPjlvr0XnS9Gr9VhIFOXTp5RKzurTKdWTS9YZ407m7qub9+RrjZr5QpzakzmY7tWrqXzrVtMkv1KkHyt9Ar/5j8bDdlIveL+npEgni8lMdglFNX+4XH3e5dTQ5cP5x2oHpM75udsm2P85sU5VXDofZcHP1peNsyLryUscdeLyXTrJDXnmp6414H8tLeFN+W7n2nUhUN80l9rZdHQWxQ7TteiSvD11cAn2v+VcIcnlUMkF9uIQ4AHGdR5J63A3gTR4M9lpyrPPH7PLjKf71mPslikPDtQuQo5JpKj8Q3PHiweE/9ocyusB/7Y3yUaDDfHFQa/q9O92cy1DC7Onze7ke+Xu5XvUCkznL+hDEmtcyPub+MCKziCA6RvXoGJGjY9QPdDSa40Bw3P36cffJx93vx7gbk/dCEBPjekyMyTExBiaaSyMhCIhJPSAm5ICY9AMQhmVlEETGtB4ZU3JkTPuBDHuTHLAd7vnikPmajZaH00kip5vxsu+oBhd6snZcZVSxD70ZWKxyMpRXkWH5R8VDxY+Kr98C7Lebsq/xT+dkVwmGM5+NUqiJKCUdr9gblwoAzP64nCXsEZUvJbn0DsUF4lQvoEKYO1cU0CbQZW+hVqdzW/r01NP46Sk7ZZAzKY/9TN1DhY5DdpLjX8qrmeGSyQ1I6rFKx4Fyk4QbnRTrnTFDk/u47HlZvZAWq7zQrafDFmT6yWByeruyjuqpygRFtFf38k1ZG8JtS+V7UquBfa2bU4Xs61V0fe7S9fku2WyfE+pf3qHzwWjglXRo/pPqt8J+SArwmt6+LWZE2N3auSr5UFR+Lq9nnNK6ThV5SDJlnwhHxm1vZMq6WDWVyz/n53pTzH7MFqQq7UhGMi9Rf7ydLJq36S6n2X7lejfpkvHw2qfpkbRoXUmXpqcPRe3KezSbJrGq30YCQWr6/HOHhuTTKQab7eNyW3gX6pBOscbNGWTcnHzimyNBPiZbVGuE1+WqaeacplGtldU6GdrlD0Tt/KbSzil9ZGHsvu9lfszbqX+ot3sqx1n2nmem1LD6AuAL+HWaFoD8xsb9gsv54E0CnsyOVrbAHBzxf22+Bov144fVX5fOHRaXmMOFidnaC3UsWZOSCcXx2g/HIqTUer9mcQ4Nv2wvrXxabXf7BEb3mQ7ITJLCNDmLYfns2XxzpjBrivOmQAlvSeG74jQ7PFsOnA+F5vYPN2DVCtebrXe9er45rw3QBbyU3kBhJy2/5LeSSw7AKnbt8eAveeyd0FYFwOcF8Af8tYe/wwKYPNA9ASzEUN+40Y8JAxj+ttzu70lQXAe0loBwXDKeLizw4Xm52Ba5fPLnp9XzQeBJ/12QHR8O5tlZeuwoIbtxYceVwNthEH7YbP/CIOgfBBXf5dvZScGu92HujpdWlePuhjMjma+98+4MZ6BZev8VCGTDpYFLQwpZbaRS7A4so5Vwa4DBtjEI16bXrDp0wziKCqy6yNXg3Fg8DATuTWl+E4Z7U5HmpBvuzdRzfdcre9ujv+4N51sw0rsw71s2cG/g3lBDVhu1FLsDy6gl3BtgsG0Mwr3pNa+O4oRZX1lZllfnj8K9sXQYCNyb0kyDDPemIuFgN9ybsT913Dl7N3B77N5MgyAYTcv6Rd294Wwf7g3cG3LIaqOWYndgGbWEewMMto1BuDf95tV+FIUjJq92c0fh3lg6DATujSfg3mQzj3bSvRnF3nQ8Y+8G16BO/9ybycD3Zk5Zv6i7N5ztw72Be0MOWW3UUuwOLKOWcG+AwbYxCPem17w6jMNJNGHyai93FO6NpcNA4N6MBNybbDbTTro37nDiTQP2bnB1UPvn3njBbD73y/pF3b3hbB/uDdwbcshqo5Zid2AZtYR7Awy2jUG4N/3m1U40i/Ofd9xyNbg3Fg8DgXvjC7g32QpRnXRvItefD0qiN9dNon/uTTye+l7JLlksIiuzC3O2D/cG7g05ZLVRS7E7sIxawr0BBtvGINybXvPqOIy8sJiwq8jV4N5YPAxS7s1Pq92+yqc5nFf3Y7Jp1oxJ+G63l8Gfj7k8s7zBuZ5vpzQSSffVNbqVHuLDf8VR/rh4+PJ5u3lLtp17Nofg3IK4l/MC2rJpMJW3z547DY+bt4/X6e6rrSV610HdK6HWtRBuhiFuRmMpxoF9TdgndngACFsAIe168WSsTq+jTFcNXyx7WePJpMUnniGpqmUnHjJhwydr0icr4C2fvRNeWRNemXyWaB05oBvOMk296MI7s9I7wxwwdA607aUBGC0DQ9Vbq0zAnfXWKLJvl3tr82Dg+9kUEfDW6HNji08/QzJvy049JPaGt9akt1bAWz4ZKby1Jrw1+aTXOlJaN5w0m3rRhbdmpbeGOWDoHGjbWwMwWgaGqrdWmU88661RJBOHt5a9rPFU3+LTz5BE4rJTD3nK4a016a0V8JbPrQpvrQlvTT6Ht44M3Q3nAKdedOGtWemtYQ4YOgfa9tYAjJaBoeqtVaZHz3prFLnR4a1lL2s8c7n49DMkL7rs1EPadXhrTXprBbzlU8XCW2vCW5NPSa4j4XjDKc2pF114a1Z6a5gDhs6Btr01AKNlYKh6a5XZ3rPeGkWqd3hr2csaT8Qu8SKyGWneZacessjDW2v0u7U83vKZb+GtNeGtyWdY15E/veEM7dSLLrw1K701zAFD50Db3hqA0TIwVL21yuT1WW+NInM9vLXsZY3nlReffoZkrZedekiKD2+tSW+tgLd8Il94a014a/IJ43Wkg2844Tz1ogtvzUpvDXPA0DnQtrcGYLQMDClv7e/b1WOVl3Y4r+6cZROTwDlDOv6W0/EfGi9U59DT/G8amodLaZ5LuY036/0ubXv3sFr9mg7e+/uXxX822x9mCRDSxpcJXZztVovsyeh0LD3/lF7I/OXDbp85HKweV8Uhadxh6lJ+6KHZCaJZixVHKaH2k1RboTX0beKiygXmrUaVxY7pRKrx2PHI2PrtW0Ho9SEUj+keIO6EwkjzQfrvYilbQCx7zNiinMBdu1SmQZ5iAbAdABvAJt/CpZV8nupO6XWU1Z0g7WcvQ3UnQ6o7sbxvXQYElw7Up8otfJD5bff17SkwUir1m1NhRKts2E4BHAj+LU5hFFDDDIb0D+kfdMDGtaRTIQAAQzMwxBTT0A3jKLrYytetzR7tTjAACNRCcxrlMFaAvM3AAEBuP8h1hwgqS4pmQwQUJUURIshehpKihpQUZfnpugwILh4oippb+BAisF0TsKeqXWmIwJyydloFxnaqLiJE0OIURtVezGCECBAiAB2wcS3pVIgAwNAMDDH1NIpDN2QXdMkf7U6IAAjUQnMa5TBWgLzNEAFAbj/IdYcIKuvYZ0MEFHXsESLIXoY69obUsWf56boMCC4enAYQIkCIwA5NwJ5SyqUhAnNqKWsVGNsp9Y0QQYtTmC9EYM8UxgxuYQYjRGDxI4MO2LuWdCpEAGBoBoageupHUTi62Mqqp27uaHdCBECgFprTKIexAuRthggAcvtBrjtE4PGGCLL6PUIExoQI+Iu9y8xwkdZl5rdI+xKzW6R5qRCBuAHBxYPTAEIECBHYoQlwzxjdK1btmlUaIhAzoXPZ0iow8q9tCBF0ZArzhQjsmcKYwS3MYIQILH5k0AF715JOhQgADM3AEFNPwzicRJOLrax66uWOdidEAARqoTmNchgrQN5miAAgtx/kukMEI94QwQghAhNDBF4wm89LalaPCn6CRCoxgdalEokJtC+TRkygeblaBMIGRLOU8RlAiAAhAjs0Ae4Zo3vFql2zymsRCJnQuWxpFRj51zaECDoyhTlrEVgzhTGDW5jBCBFY/MigA/auJZ0KEQAYmoEhqJ460SzOJ2S/msoe7U6IAAjUQnMa5TBWgLzVWgQAufUg1x0i8HlDBD5CBCaGCOLx1PdK0OUX/ATxGS7Susz8FmlfYnaLNC8VIhA3ILh4cBpAiAAhAjs0Ae4Zo3vFql2zSkMEYiZ0LltaBUb+tQ0hgo5MYb4QgT1TGDO4hRmMEIHFjww6YO9a0qkQAYChGRhi6mkcRl44uNjKqqd+7mh3QgRAoBaa0yiHsQLkbYYIAHL7QU4dIvjH8nH19vLhafGY3PyQHR84XnN3uujuIoErBAeylQwQHKD5fmCQ/iviar/8I1N+/biWBXHBYZCIBsobkwoNypuTiRPKW5P79kDKHsIA5oUBKjzvw4HDgJ/BER/+Kw77x8XDl8/bzVvCh/OW23uzT3I6NLy0NL64NL28SMqHhUsIqPPg8F+BOh/vX5kjGxUSMFWUx4zs/IzUKci3IonTG5VULbmXufkg/cdc5rLHjBXBTNgqWulDQo2lncmt5sSfXvbjdObPr/zBqzfSqx8Hs8G8pHKlBr9eyZzMVq9kUGKrV7In5d3LWoR/D/++Ef9efko0vsi0sMw0v9AYQ968eDIMro+QDZHB02/G08fc7M3chMffuscfumEcRSULXvYofH7zehFef9rDjpjXn/1ID16/MV7/PB4H45JiVE7lBiW16SuZk9nylQxKbPhK9qS8flmL8Prh9Tfi9ctPicYXmRaWmeYXGmPo23wwGnhsr99RZ2rw+jm8fszN3sxNeP2te/1RnHisTsmClz0Kr9+8XoTXn/awK+b1Zz12eP3GeP2BO59PSupLuJUblNSmr2ROZstXMiix4SvZk/L6ZS3C64fX34jXLz8lGl9kWlhmml9ojKFv0yAIRlfnKEvfXHWmBq+fw+vH3OzN3ITX377X70dROCpZ8LJH4fWb14vw+tMe9sS8/qxLDq/fGK9/Gk9mQYks7VVuUFKbvpI5mS1fyaDEhq9kT8rrl7UIrx9efyNev/yUaHyRaWGZaX6hMYa+FSoa50tpw+tvwuvH3OzN3ITX37rXH8bhJJqULHjZo/D6zetFeP3HMkJCXv+l6hC8fpO8/vFkPgg99gY1qtygpDZ9JXNSH/WpGJT5pE/Fntx3/ZIW4fXD62/E65efEo0vMi0sM80vNMbQt0KRwnx1THj9TXj9mJu9mZvw+tv3+q2veW3CtmF/UWWLvf6S0r1lXj9FAV94/dnLaAr4ToPBuGSD8is3KKlNX8mcVH0OFYMy5TpU7MkVAZa0CK8fXn8jXr/8lGh8kWlhmWl+oTGGvhXqDuULXsHrb8Lrx9zszdyE19+6129/GUsjtg3r6yRa6PXzZfGjSN6X9eLh5As5+cOyDSlPV2p3Us524EHCgyT1ILnxe0M+WUsoAcILAKpZrVEDrRGI5yB8++PWfCmAlIO75VecI0hLF5wW3BUTF0nWSAFXjS5+HQBUHWJ6P86S3n+n+zucpP8q1uvsmdQLXKa/aU22MP651svUwaABGGi0XuFz/bU4VpVMtH2eABQooEBNHROqcOlQVriEXJa9DHIZ5DLIZf1c4cUYYI9KCUIwsxemEMwgmNm5/HUAUp2QcPSONEQzc8QliGb1AAOZhmgGFBglmnG+WkZZIBaiWfYyiGYQzSCa9XOFF2OAParECdHMXphCNINoZufy1wFIdULC0TvSEM3MEZcgmtUDDGQaohlQYJRoxldf2aGsrwzRLHsZRDOIZhDN+rnCizHAHhWyhWhmL0whmkE0s3P56wCkOiHh6B1piGbmiEsQzeoBBjIN0QwoMEo04ytP7lCWJ4dolr0MohlEM4hm/VzhxRhgj+pAQzSzF6YQzSCa2bn8dQBSnZBw9I40RDNzxCWIZvUAA5mGaAYUGCWajcREs0u9XohmEM0gmjGgCdEMK7weZtujMuoQzeyFKUQziGZ2Ln8dgFQnJBy9Iw3RzBxxCaJZPcBApiGaAQVGiWa+mGh2KXcN0QyiGUQzBjQhmmGF16RGjKe+x/Yl/ALMIZqJ4hSiGRlMIZpBNLNy+esApDoh4egdaYhm5ohLEM3qAQYyDdEMKGhXNPtptaspmZleQVImM/taWjvqWB6yOfAXqlqfwJ8ra50Dvc1aWxnaOfqAYzIptQ5drkyXKy7d23iz3u/SObF7WK1+Tbv0/f3L4j+b7Q+zZHFJb2mZMP/ZbrXInoxOx9LzT+mFzF8+7PaZw8HqcdWKn6gNZsQbLUNhUnKxhrE3HYesZ3Aa3oMVe9mqUVQUX/LbQ0PuOUBADAJJH1ogq3n6r+C3HR8pe+zX1Xr//t6NzXdEtT2QAp/lKgV/5LWUdeBBcAsXmkZwC3U4T31wU4hTesHibB8kFyS3EaCB5ioyHO5+tmwkQXUBhEbobuiGcRQxA162El6Nj6ROeasLueYpL0UVV1DewoWmUd5CFa3csuIQUF7O9kF5QXkbARooryLT4e5ny0YSlBdAaITyRnHCENnZxPJH7aG8Gh9JnfJWl2HLU16KGmygvIULTaO8hRoYuWXFJaC8nO2D8oLyNgI0UF5FpsPdz5aNJCgvgNAM5fWjKBwx+aFrK+XV90jqlLe6iEqe8lJUUAHlLVxoGuUtZLDOLSseAeXlbB+UF5S3EaCB8ioyHe5+tmwkQXkBhGZebIjDSVT8/vL8UHZSXo2PpE55q1Og5ykvRf5zUN7ChaZR3kL+ydyyMiKgvJztg/KC8jYCNFBeRabD3c+WjSQoL4DQDOV1olmcf8X1+lCWUl59j6ROeasTmOYpL0X2UlDewoWmUd5C9qjcsuITUF7O9kF5QXkbARooryLT4e5ny0YSlBdAaITyxmHkhcXkBueHspPyanwkecrL8dkaxddqvmEMtz1+AHatkP0sm2rQmsxqOUqMtG1tuQS7v87d7xRfzNn9Nd+xTjZI5lWSaDqeGjxvAWpqTmH9eeAZrkqDbFFkwMQQY20a6XZS/xsyz2tHjR5W/RhzhkfZyJDrTu+HaV465MjRf9vrtuREJFFIMQil2ekpVQ7tE3kncfviAJJSyxR0GP7MmQ5l5kwIMxBmSLJ2irMcQ3KCypJqpByFQMOJ0FKBRiy5oRWUsusSjdiQQaSBSKMFWP0YdbNlGpXUtJjqpYMOoYbxuqw12Xw7LdW0MAwQazgg1JJYw/PyDGXOZ4g1EGtI8k2Lcx1DslnLkmsky4ZYw4nQUrFGLC2vFbSy62KN2JBBrIFYowVY/Rh1s8UalaTqmOqlgw6xhpHB0po89J0Wa1oYBog1HBBqSazhqFbgUFYrgFgDsYakUoI41zGkDoMsuUaZB4g1nAgtFWvEEspbQSu7LtaIDRnEGog1WoDVj1E3W6xRKQeCqV466BBrGCqBNRVUui3WND8MEGs4INSSWMNRZ8ehrLMDsQZiDUmNH3GuY0gFIVlyjQJFEGs4EVoq1oiVQrGCVnZdrBEbMog1EGu0AKsfo262WKNSyApTvXTQIdYwvr+xpvZXp8WaFoYBYg0HhFoSazgqxDmUFeIg1kCsIalOJ/HJtxm172TJNUrrQazhRGh5zhqhIl5W0MquizViQwaxBmKNFmD1Y9TNFmtUSjBiqpcOOsQahkpgTdXKbos1zQ8DxBoOCLUk1nDUNnUoa5tCrIFYQ1JXVZzrGFK1VZZcoygsxBpOhJaKNWLlJ62glV0Xa8SGDGINxBotwOrHqJst1qgUD8ZULx10iDWMXrem3nKnxZoWhgFiDQeEGhRr/r5dPVZXgUqvICn+NG5dm+mcouEN0n9sVed88Dh3gzgHMKlgjrwxqZdT5M3JxBblrRVW8obs/daEvT6qPQ/5tUdzXcXCqi6tNn0s9Nx8x1aVlHQJWaO6RI0h+eyS2XhFfPxmhq1xo5I+DvfkmgzSf5yTa9yet9D+AymwQK6aoEc2SFkTFLQwexkJLRwHs8G8tFQUOTFUMidDDZUMSpBDJXtS9JDAoiBBlLUIiqi/nhNIYgY/ZCRRYY6BJhpJE2fjIA75J5gNRFHjI6lTxeqKZHmqSFGRDFQxexlNHa94HIxLch861YugVF0MFXNSlb5UDMqUalGxJ0UVCSwKUkVZi6CK+qtJgCpm8ENGFRXmGKiikVQxjGfjmc89wWygihofSZ0qVtdDyVNFinoooIrZy0ioYuDO55OSzEtu9SIoQxWVzMlQRSWDElRRyZ4UVSSwKEgVZS2CKurPZQ2qmMEPGVVUmGOgikZSxXkYhrM59wSzgSpqfCR1qlidjT1PFSmysYMqZi+jKTgXT2ZBib/sVS+CUgVcVMxJlaRTMShTU0jFnhRVJLAoSBVlLYIq6s+kCaqYwQ8ZVVSYY6CKRlLFIA6GJR/UsCaYDVRR4yOpU8XqXLB5qkiRCxZUMXsZzbuKk/kg9NiL4Kh6EZR6V1HFnNS7iioGZd5VVLEn966iukXRdxUlLYIq6s/jBaqYwQ/du4rycwxU0UiqOBuFo4j9hgdrgtlAFTU+kjpVrM5El6eKFJnoQBWzl9Hkb5sGg3HJIuhXL4JS+VBUzElleFMxKJOiR8WeFFUksChIFWUtgirqzyICqpjBDxlVVJhjoIpGUsU4mM9mbF7FmmA2UEWNjyRPFTk+Z6H4imXSOjNEjmJjOS5HH5yaFie0/G3LsFf+1iWoKn/jUrxUtHlBEsrVPBhnB3LtSC1qcoxR5AXR5B9nbw2n6uRBjT032IXipNtRW0BuFm4kUVbAmaKLYRbQGkjc3F+k8LiFFxAUN8Zrrv7iKYCnffDMD//xcgFXHUvIdVYNy0oC7hPsn5UUXNEAASAbHz9LUior6DL8mekcysx0EGog1JQn1I0nw6A0e5SqVCPSulRyZYH2ZbIpCzQvlz5Z2IBovmQ+AxBtOpH9zkjZJoydmP2xBoQbCDf6PCoIN0JA67HvDeEG4JGvFB1Eo5I3zG2VbuzJP0oq3nCTcXn5hp/vqwOzhVHsjYTD84oNZcZYSDiQcMrzmA5GA69kUXEKjEEi1a1A61KZbQXal0lkK9C8XN5aYQOiaWr5DEDC6URWWhMlnHgShVHI3V+QcCDhXIbecMccEg6QAgmn7+BxwiAM+PmABRKOPXnBSSUcbjIuL+Hw830CbbH5UeyNhMORyd2hzOQOCQcSTnnSyCAIRiUp9NwCY5DIKyrQulQaUYH2ZbKGCjQvlyRU2IBoTlA+A5BwOpEt3kgJZxRPSt5aYvUXJBxIOJehN9wxh4QDpEDC6Tl40iyPITtEweQDFkg49tTrIJVwuMm4vITDz/cJvutrfhR7I+FwVFhxKCusQMKBhFPq408GvpdJBZVbVLwCYxCXcERal5FwRNqXkHBEmpeScMQNCEo4nAYg4XSiiouREo4TxTE7GMTqL0g4kHAuQ2+4Yw4JB0iBhNNz8ESjMI7YnjKTD1gg4dhTR4tUwuEm4/ISDj/fVwdmC6PYGwmHo/KZQ1n5DBIOJJzyZCnBbD732YvKqMAYJHLhCLQulQtHoH2ZXDgCzcvlwhE2IJoLh88AJJxOVFczUcKJwtiPp9z9BQkHEs5l6A13zCHhACmQcHoOnnAWRbHLzwcskHDsqW9JmwuHl4zLSzj8fJ8gF07zo9gbCYejIqlDWZEUEg4knPI6meOp75UsKn6BMUiUUhVoXapyqkD7MoVSBZqXq4sqbEC0DCqfAUg4nah6aqKEE0exVxKlZPUXJBxIOJehN9wxh4QDpEDC6Tt4wmgaskMUTD5ggYRjT91pUgmHm4zLSzj8fJ8AmM2PYuclHI4cOBSpb6aZ0+0oNt3TOfLoOc08JnxktQ5BC1J6h6ANGc1D0ITcUitlRHSx5TcC/aMrNbhXZVx5xUmjBVGj3eUnmadNLGm1i5rjkZnRva5Jehc6Vlh1IlhwDLMz1gSprXMzlhDnbU9ZOiuYsYbMWArR0tYp28R0qgA64cJggvKle1/pKUgFZFVt8OqINqsToZIibI/5f+fJBD2AJ4P0H6ezbaAOD1Qbjmq9Zgyn2dpml0KA4fSO6JAj0HB+R/T6siIiDog4IOKAiEO3Ig6hG8YlqdgRcwA7Q8zBQGpVqNudn7OIOiDq0F2XCnMWcYcWJlR/4g7695aewhSRB0switgDKIV2CM/GQRzyu92IPgDXiD6YMb/U4w+OQPzhUsQZ8QfEHxB/oDSC+IMB8YcoDt2Q/SEdq6g84g/gZ4g/tEyu5oPRwGP73w4/j6rSiDBnEX/AnLVnziL+gPiDDThF/AHxB9MxivgDKIX+3NjxbDxjl+9kud2IPwDXiD+YMb/U4w88iZbO8QdkXEL8AfGHO8Qfuhp/8KMozFddOC/U+dIhiD+AnyH+YAS5mgZBMGJnhSVIAIv4A+IPmLN2zVnEHxB/sAGniD8g/mA6RhF/AKXQH0ILw3DGLlzEcrsRfwCuEX8wY36pxx88gfhDNjiA+APiD4g/IP7QpfhDGIeTaMJcqD3GQo34A/gZ4g8tk6vJwPdKin95/DyqSiPCnEX8AXPWnjmL+APiDzbgFPEHxB9MxyjiD6AU2iEcxMEwHHC73Yg/ANeIP5gxv9TjDyOB+MMI8QfEHxB/QPyhq/EHJ5rF+ZR454U6/1UE4g/gZ4g/GEGuvGA2n7M/Lh3x86gqjQhzFvEHzFl75iziD4g/2IBTxB8QfzAdo4g/gFLor/8wCkcRO4TGcrsRfwCuEX8wY36pxx98gfiDj/gD4g+IPyD+0NH4QxxGXkmgOM/wEX8AP0P8wQhyFY+nvsf2v31+HlWlEWHOIv6AOWvPnEX8AfEHG3CK+APiD6ZjFPEHUAr9EA7ms5JPeFhuN+IPwDXiD2bML9H4Q7jYfvlptduzgw7p2bvDaeU4w3iQOd1OnCFPluRoV450GRa7gHicm2WDw3+FWbZf/rHPDaZmlbglks46X7WZDDXtJqaS9HpsqLmRBcBoIDKEIyYGHGsds4oxzx778LR4XNKQWpbwZcj0rx1FbWizDwoBARQY2lILag3hMPZyUaBAgj4Fp4FVAcOoX7DAMGoYRlm/+PRS3rDGPz6/kHd1LeAow1G2xFH24skwYFeshqsMVxmusixwrN2HHc+NffZ7l3CWGePYaWfZ9UfxlJ0EBO5yz9zlNrAAh7lLAwmX2Z6BVHSaHU6n2YHTDKfZNqd5PhgNPLbT7GSHE04znGY4zX3YiX3H8Ry3ZEWA09wvp3nqub7r8YMBTnN3neY2sACnuUsDCafZnoFUdJpdTqf5UssdTjOcZluc5mkQBKMpc9652eGE0wynGU5zH3ZiL/KHDrvCscvaieE0d9hpHvtTx53zgwFOc3ed5jawAKe5SwMJp9megVR0mj1Opznr0cJphtNshdPMU1AXTjOcZjjNfdmJ3dgdjtjvfHmsnRhOc4ed5lHsTcczfjDAae6u09wGFuA0d2kg4TTbM5CKTnNJofMbp5mgyDmcZjjNDX/TzFEFDk4znGY4zX3ZiZ3BaOKPS1YEOM39cprd4cSbBvxggNPcXae5DSzAae7SQMJptmcgFZ3mkuqcN04zQWVOOM1wmpt1mnlKl8BphtMMp7kvO/F07I0HZSsCnOZ+Oc2R688H7FgGEwxwmrvrNLeBBTjNXRpIOM32DKSo03xYBz+9HUwlCynbZz5fdHe+St1jzqbfNs5jLvDn015xU5DIVF+ZBU7xktSFtFmnTijkzWJM3HzzZa1zdDFz0lO3XsEJ1RuvrKRHUo71drkiN3JaYwqggirDWtj99B/T784eO9YKHE4h1NAvRvawgMIUPIKlfAbSSDWiVbLlhGRteMujxSdZQbXKbQw2N52qjyxLeCkOrWFDZwbfV9/hzwcZo5kzaUztHQq8MbQdwM3UjcWaQmn82vbhP05e5ftEDyQuewh8KJr+43wgCqV+vUwpL/f85XJx8i4w/618bfxWFEWR6spiRXGEssAYVJLChT1TSQr1vnKtU+gkIu1LKCUizUMr6ZlWEsZOzE4nBrWEb1ZDLYFaYp9a4sy9+Zid0Rd6iWkOLN8OWRjSwj5/PtyiYtIG5qCZyEGunU/OWgCIbtUkmMznEc8z2aObzMZBHEbcjwTlxAzlpKS8XJlyQlFlDspJ4cKeKScircsoJyLtSygnIs1DOemXchJPojAqq2d4uwlCOYFyAuVEDG9mKifjsTN32O8NM2shQTm5nDZVOSkMaWG9OR9uUTlpA3NQTuQg18r20gZAdCsn0SiYBOwERCyGZYNyEsaz8Yz9eSjrkaCcmKGclNQYLFNOKEoNQjkpXGicclIoM5AjDV5ueZdRTgqV/3Ktu4XWZZQTkfYllBOR5qGc9Ew5GcWTiB0+yNfFgXIirJxwL0r2UFsoJ11RTkbReOQW37euKIgF5eRy2lTlpDCkhX3+fLhF5aQNzEE5kYNcOwUHWgCIbuUk9CM34Kk8aI9yMg/DcMb/SCLKCY1GUFJSsUwjoKisCI2gcKFxGoGIGyyuEYgoEDIagUj7EhqBSPPQCHqmEThRHLOF8vy7lNAIhDUC7kXJHhIHjaArGoE3dwO/rHivJjoOjeD80Fo0gsKQFvb58+EWNYI2MAeNQA5yrWwvbQBEt0Ywn88HYTGbRznDskEjCOJgGLKlHNYj4e0KM96uKKmrWaacUJTXhHJSuNA45aRQWiNHGvzc8i6V0SNf7TLX+qjQulRGD4H2ZTJ6CDQP5aRfykkUxn7M3tfztaCgnAgrJ9yLkj3UFspJV5QTZ+zPxuwIGbMIHJSTy2lTlZPCkBb2+fPhNjN6tIA5KCdykGsno0cLANGe0cMPw4idM43FsGxQTmajcBSxBS7WI0E5MUM5KSmuWqacUNRYhXJSuNA45UREHBBXTkR0GRnlRKR9CeVEpHkoJ/1STuIo9iI2V8m/iQLlRFg54V6U7KG2UE66opwE/sgfsAk9sxIglJPLaVOVk8KQFvb58+EWlZM2MAflRA5yrWwvbQBEt3ISB6EXsHOhshiWDcpJHMxnM7ZywnokKCdtKSc/rXb7GrnkcIm6RJJNnAqJhFYigctqSalTY9hElbs6dAzxQKaRO3PZmz0zfdd8bp53WXiGHOW+SaJXfADtvmbpUPPWkbZBMOBxKnlFJlK3gt6oJFWFz1H5Tvgg/ce5nbhUJSt1fjV++I/3gVz+B1JhoZyFDNNLKasYgpYWLgQt7WNVORBTEFMQUxBTXUZBTDUQ09AN45KUkbZS0zCIRvGQ/5GaJad1taKy5JSiUBTIaeFCkNM+Fu4BOQU5BTkFOdVlFORUAzmN4oSesl8BYG0oNpDT2AmDMOB/pGbJaV05jiw5pajFAXJauBDktI+1EUBORUYyWReiiUDOKBPJaeEZcuT0JnMbyCnIqZJRkFMd5NSPonDEvaHYQE6jWTwM2QIO85GaJad1eeCz5JQiCTzIaeFCkNM+JuUGORUZyXE0nXsCRU9MJKeFZ8iR05vSQyCnIKdKRkFOdYT143BSkkmHtaFYQU5HYVySRID5SM2S07pUu1lySpFnF+S0cCHIaR/znoKcirkZY3cwY44k88tnE8lp4Rmq8w+AnIKcKhkFOdVBTp1UaOTeUGwgp+EsimKX/5GaJad12Qyz5JQilSHIaeFCkNM+ppYDORUZSdebhDN2PI2Z0NhEclp4hhw5vUkrDnIKcqpkFORUR/LJMPJKSp2xNhQbyGnySNOSgnTMR2qAnP59u3qsIaWHS9S5qAsumr+QkIuyJpru3M4nDCLtcv28l8zR0QAzlqE7/B8vHf7jfGyKTIjULFI8mZ/1XWha0l7uniqMVVlPnSh/QMAWDMs1a3BP6U66Ohmk/zhnCUV+Ut1EUdsDqdBEzqRO6aWUSZ3AGwsXgjf2hTdKJ9CwnTkGk/k8YmfRBnc0uBOtZY+uP4qnPDMN/LGVvtLNIGfjIA75sy/ZwCE1PhIBi6zLvpRlkRTZl8AiCxeCRfaFRUpnurCdRUajYBKMuR8cLNKQTrSWRU4913fZjJuZravPLLKNvtLNIsN4Np6xvx5lzRUbWKTGRyJgkXVpkrIskiJNElhk4UKwyL6wSOmUFLazyNCP3ID9YivrwcEiDelEa1nk2J86Lk9fgUW20le6WeQ8DMMZ/1yxgUVqfCQCFlmXzyjLIinyGYFFFi4Ei+wNi5TNHWE7i5zP54OSV79ZDw4WaUgnWssiR7E3HbNTDDCTs/aZRbbRV7pZZBAHw5LPZ1hzxQYWqfGRCFhkXeKhLIukSDwEFlm4ECyyLyxSOsmD7Swy8MOwJJsc68HBIg3pRGtZpDuceFP2uyPMXAB9ZpFt9JX29yJH4Shil3hgzRUbWKTGRyJgkXUZgrIskiJDEFhk4UKwyL6wSOlsDLazyDgIvYD96hXrwcEiDelEa1lk5PpzkXSnfWaRbfSVbhYZB/PZjE25WHPFBhap8ZEyLPLyf5Od/P8AUEsDBBQAAAAIAIUQq1yjP0ZfvwMAAOcJAAARAAAAd29yZC9zZXR0aW5ncy54bWy1Vt1y2jgUvt+nYLjhZgm2cUzjKekksN5NJmwzdfoAsn0AbfQ3kgyhT98j24rJlmaY7ewV8vnOv75zxMdPL5wNdqANlWI+Ci+C0QBEKSsqNvPR16ds/GE0MJaIijApYD46gBl9uv7t4z41YC1qmQF6ECbl5Xy4tValk4kpt8CJuZAKBIJrqTmx+Kk3E070c63GpeSKWFpQRu1hEgVBMuzcyPmw1iLtXIw5LbU0cm2dSSrXa1pC9+Mt9DlxW5OlLGsOwjYRJxoY5iCF2VJlvDf+X70huPVOdu8VsePM6+3D4Ixy91JXrxbnpOcMlJYlGIMXxJlPkIo+cPyDo9fYFxi7K7FxheZh0Jz6zA07J5EWeqCFJvpwnAUv07uNkJoUDOZDzGZ4jYz6JiUf7NMdQecFGJtRO5w4AIuR69wSCwgbBYw5eg5LBgSd7dONJhyZ5SWNTQVrUjP7RIrcSuXdzqKghcst0aS0oHNFSvS2kMJqybxeJf+WdoEs1djE1sKQHTxq2FHYP9LS1hpaRw2V3ak2kP3xQA6ytkdI3o4JOhaEY7FvqL+SFbgCak3Pv4+hTxLb9k4giVOtaQVPrsm5PTDIsMacfoMbUd3XxlL02AzAL2TwXgIgXOTPSIung4IMiOuZ+Z+CNReWMapWVGup70SFk/mrwSbH14srsjL+8EVK61WD4DaezaYdsRzaI8E0TsLkJJIEyXRxCgkvg1l8ewqJrpLp1fIUMo2S7OpkBjc34fLDSZufZ724DZIkPoVki+RqmnW96TrCU7f7HrU/OZoNeGuxILzQlAxWbjtOnEahn2+p8HgBuC/gGMnrwoPjcQsYThjLcFw9ELTyihq1hHVzZiuiN73fTkOflOJquH/1VSJPQP+pZa1adK+JaunjVcI47iypsA+Ue7mpi9xbCdxwR1Atqs873fSpb88+tUi/ZgwfSMPdRhfE+GvuiAfE2BtDyXz4DxnfP3Z0Zzp3rIUVUaplfLEJ50NGN1sbOjOLXxW+q81HsYk6LGqwqMWaD1K6YlG7O/SyyMuO9KZeNu1lsZfFvezSyy57WeJliZNtcfw1ruxnnEN/dPK1ZEzuofqrx38QdcvcTfdNbaVfyd0GNu1m3hIFy3bfIx9lK+geADPYpfBisc0VPicDo2jFyQteahDNnPNOmzV7+42uw5yyeuuhIpb4/fDGuJmJf+Xi3qGSIn/zAy/65+WiLYtRg4tM4UtkpfbY7w0Wxlh0eYejh6dGHsVBEgVJ+Aq3Qe442cBS0V5xGgTdgPq/aNffAVBLAwQUAAAACACFEKtc6FrlUwABAAC2AQAAFAAAAHdvcmQvd2ViU2V0dGluZ3MueG1sjdDBasMwDADQe77C5JJT42SMMUKSMhgdu5RBtg9wHCUxtS1juc369zNZNhi79CYh6SGp3n8azS7gSaFtsjIvMgZW4qDs1GQf74fdY8YoCDsIjRaa7AqU7dukXqoF+g5CiI3EImKpMrJJ5xBcxTnJGYygHB3YWBzRGxFi6iduhD+d3U6icSKoXmkVrvyuKB7SjfG3KDiOSsIzyrMBG9Z57kFHES3NytGPttyiLegH51ECUbzH6G/PCGV/mfL+H2SU9Eg4hjwes220UnG8LNbI6JQZWb1OFr3oNTRphNI2YSx+UGiNy9vxhW/5gEcMnbjAE3VxDQ0HpSEWa/7n223yBVBLAwQUAAAACACFEKtc+zmgc2MCAAD7CgAAEgAAAHdvcmQvZm9udFRhYmxlLnhtbN2WwW7aMBzG732KKJecSmyTtRQRKsaGtMsOG3sAExywFtuR7UC50vvOO2yPMO2wSbv0bZB67SvMJAGCCBl0Q0gDITn/z/li//T9HVq3dyyyJkQqKrjvwBpwLMIDMaR85Dsf+r3LhmMpjfkQR4IT35kR5dy2L1rTZii4Vpa5nasmC3x7rHXcdF0VjAnDqiZiwo0YCsmwNpdy5DIsPybxZSBYjDUd0IjqmYsAuLJzG3mIiwhDGpBXIkgY4Tq935UkMo6CqzGN1cpteojbVMhhLEVAlDJbZlHmxzDlaxvo7RgxGkihRKhrZjP5ilIrczsE6YhFtsWC5psRFxIPIuLbxshuX1hWzs6aNjlmpv5+xgYiSqVUjDEXikCjT3Dk26DkY7vr2cEYS0X0ejYqaCFmNJqtJJxoURBjqoPxSptgSZerLOiKjoyaqAHYrMHOKtC34XYF7cypb1eC1KexXYGFOemDW27GpgxTnzKirLdkar0TDPP9vJD5XoE6eAE880Nm5FXwAqfg9drsCHV6vQ2vrqlcNzy4w+umild6CTOfY3l1MRuYRVZxWvLJOC15ofNwAqjIyVtWvHXlwFxlnG6exenp4dvTww/r8fOnxy9f/1EXNvbTkml4NyoXui8T0p/FZA/DkN6RYXVjwg1A0ADXZY0J/wQQPbcxuziiJmlVQeuljYjSyJ0naLAsaJ1uSdAOaMi/Ctpi/nMx/7W4v1/Mv58+bkwMifzP8iYSSYmsyhsweTuQ3Wnylj+2XuBUYHDkwZbzPpZTx6yw4m8FAi/Nse/lfYnOdfyXvibrp3pNrkaqffEbUEsDBBQAAAAIAIUQq1yUQSK4xgYAALsqAAAVAAAAd29yZC90aGVtZS90aGVtZTEueG1s7VpNb9s2GL73VxC65NT623WKukXs2O3Wpg0St0OPtERbbChRIOkkvg3tccCAYd2wwwrstsOwrUAL7NL9mm4dtg7oXxgp2YooUXLmxU3aJQfHIvk8fL9fUvDV64ceAfuIcUz99lrlUnkNIN+mDvbH7bV7g/7F1hrgAvoOJNRH7bUp4mvXr124Cq8IF3kISLjPr8C25QoRXCmVuC2HIb9EA+TLuRFlHhTykY1LDoMHktYjpWq53Cx5EPsW8KGH2tbd0QjbCAwUpXXtAgBz/h6RH77gaiwctQnbtcOdk0grmg9XOHuV+VP4zKe8SxjYh6Rtyf0dejBAh8ICBHIhJ9pWOfyzSjFHSSORFEQsokzQ9cM/nS5BEEpY1enYeBjzVfr19cubaWmqmjQF8F6v1+1V0rsn4dC2pUUr+RT1fqvSSUmQAsU0BZJ0y41y3UiTlaaWT7Pe6XQa6yaaWoamnk/TKjfrG1UTTT1D0yiwTWej222aaBoZmmY+Tf/yerNupGkmaFyC/b18EhW16UDTIBIwouRmMUtLsrRS0a+j1EicdnEijqgvFmSiBx9S1pfrtN0JFNgHYhqgEbQlrgsJHjJ8JEG4CsHEktSczfPnlFiA2wwHom19HEBZYo7Wvn3549uXz8GrRy9ePfrl1ePHrx79XAS/Cf1xEv7m+y/+fvop+Ov5d2+efLUAyJPA33/67Ldfv1yAEEnE66+f/fHi2etvPv/zhydFuA0Gh0ncAHuIgzvoAOxQTypftCUasiWhAxfiJHTDH3PoQwUugvWEq8HuTCGBRYAO0h1wn8liW4i4MXmoKbXrsolIx5aGuOV6GmKLUtKhrNgAt5QYSdtN/PECudgkCdiBcL9QrG4qhHqTQOYaLtyk6yJNlW0iowqOkY8EUHN0D6Ei/AOMNf9sYZtRTkcCPMCgA3GxIQd4KMzom9iTjp4Wyi5DSrPo1n3QoaRww020r0NkukJSuAkimhduwImAXrFW0CNJyG0o3EJFdqfM1hzHhQymMSIU9BzEeSH4LptqKt2StXFBZG2RqadDmMB7hZDbkNIkZJPudV3oBcV6Yd9Ngj7iezJTINimolg+quewepaOhf7iiLqPkViyQt3DY9ccjGpmwgpzFVG9hkzJCKLEdqohZnqb6nfYP1a/82S7S9tslf1OtpHX3z79wDrdhrRhYbKn+9tCQLqrdSlz8IfR1DbhxN9GMoHPe9p5TzvvaWeopy2sSqvvZHrXiu5/87vd0XXPW3TbG2FCdsWUoNtcb4Bcmsbpy9mj0Wg85IsvooErv2ralIxYiRwzGA4CRsUnWLi7LgykTBUrtcOYa7LEoyCgXN6fLX0qX6j0uuj9FJaWDhc19PdHOh8UW9SJ1tXK5oWhovN9U+KWlLy5KtTU1ielRu3yaalRiRhPSI9K45h65PjtX+kRjaTCTJ365JlPlkgpTbMaaSezEhLkqDBNBfk8nM9yjFdynB4RutBBx1mXsH6ldrajqDCpl9D3tKKtvCjawoJvqN2K1jcWdOKDg7a13qg2LGDDoG2N5B1HfvUCuR9XrRGSsd+2bMHS0WrsBcf3kW77dXOipwOtbFqWa/acrhPSBoyLTcjdiDhclbYu8Q2mqjbqyiWrtVVp1VrUWpX3VYvoyRDhaDRCtjBGeWIqtXU0Yyq7dCIQ23WdAzAkE7YDpXXqUTo6mMsDWXX+wGSBqc8yVS/w5gKWfu9vqHPhQkgCF84KTiu/3kR02YyI5U97waDy0XDKRquyXe0d2i6nspzb7vRtN6sdyEc1J2MIW15OGASqOLQtyoRLZbsLXGz3mbzTmFSUVgCymCkDAEL98D9D+6nGOZcn4s9sS+RVTOzgMWBYNmHhMoS2xcze/27XStV4oAgL2GyTTIXM2kJZKDCYZ4j2ERmoYt5UbrKAO29O2bqr4XMCNjWs19bhuP+/vRLW3+WpUFOhfpKH4HrRVSpxEFs/LW1P4syfUKR6TLdVGwVF7r8e5gMoXKA+5HkKM5sgK6O+Oq8P6I7MOxBfVYCsJhdbs9IeDw6ljVpZrdTeaov37yJqUMboorP5liIRazn332ysnYQiK4i1hiHUDPl9vEhTY6Z+EV5OvcTLSDWQ+WWYOgENH0oJN9EITkji52I8kEOJnsSDbVZKPA+pM9VHCI96WXKMZw5pxN9BI4CdQ0MipKJh9tOp7OVk50iy2NAxa2051hmH4UAZM1eXY45ZdJnlqSpmDt8kL2AnBpkjjmQoJAwenUViL4a2X7lPl7TRAp+WV+bTJWPwhHwqDpfwaezF8PyfyV6l46FgsDv/4ZksCXKPOP2vXfgHUEsDBBQAAAAIAIUQq1yegDrXpwAAAAYBAAATAAAAY3VzdG9tWG1sL2l0ZW0xLnhtbK2MsQrCMBQA935FyZLJpjqIFNNSECcRoQquSfraBpK8kqRi/96Iv+B4d3DH5m1N/gIfNDpOt0VJc3AKe+1GTh/38+ZA8xCF64VBB5yuEGhTZ0dZdbh4BSFPAxcqyckU41wxFtQEVoQCZ3CpDeitiAn9yHAYtIITqsWCi2xXlnsmtTQaRy/maSW/2X9WHRhQEfourgY4Ye2tLZ7dJYWvuAqbZHKE1dkHUEsDBBQAAAAIAIUQq1w+yuXVvQAAACcBAAAeAAAAY3VzdG9tWG1sL19yZWxzL2l0ZW0xLnhtbC5yZWxzjc+xasMwEAbgvU8htGiqZWcooVj2EgLZQnAhq5DPtoilE7pLSN6+olMDGTLeHf/3c21/D6u4QSaP0aimqpWA6HD0cTbqZ9h/bpUgtnG0K0Yw6gGk+u6jPcFquWRo8YlEQSIZuTCnb63JLRAsVZgglsuEOVguY551su5iZ9Cbuv7S+b8huydTHEYj82FspBgeCd6xcZq8gx26a4DILyq0uxJjOIf1mLE0isHmGdhIzxD+Vk1VTKm7Vj/91/0CUEsDBBQAAAAIAIUQq1y1u0xN4QAAAGIBAAAYAAAAY3VzdG9tWG1sL2l0ZW1Qcm9wczEueG1snZCxboMwFEV3vsLy4skxoARoFIhIAClr1UpdHXiAJWwj20SNqv57TTo1Y8d3rnTu1TscP+WEbmCs0Con0SYkCFSrO6GGnLy/NTQjyDquOj5pBTm5gyXHIjh0dt9xx63TBi4OJPIe5ZnN8ejcvGfMtiNIbjd6BuXDXhvJnT/NwHTfixYq3S4SlGNxGCasXbxLfsgJI+8WXnmpcvxVN3GaZVFC63PS0DLZ7uhLmFY0beJdWZ9PUbUtv3ERILRO+u18hd6u5Imt3sWI/w68iusk9GD4PN4xezSyp8oH+POWIvgBUEsDBBQAAAAIAIUQq1yQ0IeJawMAAIkVAAASAAAAd29yZC9udW1iZXJpbmcueG1szVjdbuI4GL3fp0CRRly1iZM0BDS0okBWXY1GI7XzACYYsOqfyDEw3O5L7WPNK6ydP6iKM0wSdsuNE3/fOf58TvwF+Pzwg5LeDokUczbug1un30Ms5kvM1uP+95foJuz3UgnZEhLO0Lh/QGn/4f6Pz/sR29IFEiqvpyhYOton8djaSJmMbDuNN4jC9JbiWPCUr+RtzKnNVyscI3vPxdJ2HeBkV4ngMUpTxTOFbAdTq6Cj/DI2CuPy0nWcUN1jVnG8r4gniKngigsKpboVa4UQr9vkRnEmUOIFJlgeNFdQ0ezG1lawUcFxU9WhMSNVwGhHSZnM63LzQouhRIhLiswhMx5vKWIyK88WiKiCOUs3ODnq1pRNBTclSe2GTza7T4DfzvSZgHs1HAkvKX+ZgyjJK69nBM4FjmiKCnFJCW/XLCs5ffj2zaQ5FXfdTts/Bd8mRzbcju2JvVZcqhP8Dlfh0enW0nbFPG9gog4QjUdPa8YFXBBVkVK8p59I6161J7hIpYCx/LqlvTd3T8ux5WQpLMVLFdtBMrai7DOYWraO0C2R+AvaIfJySFCZoxcmKJvO0yRNSBmcesCZT303j5CdDmA1lIupJipkmQzyLNVCI1pNLlGMKSQVwQv6UcU+gdtq/q+4nCVoJfPp5JvIClL7LMYyR61hqeuEK8VB6Dg63z5mYqYl0ERFWN1tIFvr/m95QZme8dvZ8tl4oucvxQYmsWeNxZ77Tjh0XP9Di+37tWLrcPdiuyax543Fjh6BGwy9SUdiJ8/yQKqVv+BUl66+SXjX9MIJa73Q4e698ExeRI298ELfB8FdV13G5IV7RS8Gbp0VOtq9E77BiRA0dgIMwGTqTVq0oMWWECTPKv3z73/+/w60H4liiDiTqVY1jbH6FvF8oAtOMuhEafpmAjOpn7EVVIoWZKKFcXcm49zm7cybT6LZfNqNce9P0GMWPd/NOvK1XTf7CL4GJl+95q1xBuZRNOvoQJp8Pd8Zu/G1VWf8CK4OTK6GjV2dOZPAfcz72BVfeFd83x19Oueqjnb/vgtNRgwbG+EOBwFQXlz3eF3xdLXy4T86XSwzk53+bnrjbLmvsKBjZ2CuGRbUwDwz7K4G9u7H9hHm18DuzLBBDSwww7wa2MAMc2tgoRkGamBDM8w5hdkn/6He/wtQSwMEFAAAAAgAhRCrXHJbbpcm6BEAVRUSABUAAAB3b3JkL21lZGlhL2ltYWdlMS5wbmfsfHdUk12zLx0EFFBQimhEFGkhvSCoSUggkAQCoasY0kiABJJAEmyAiAUbRUQEpIiiCCiCYkewoIgoUgXsqNiwYEe4T4D3/Xy/7z3nO+euc9a9f7iXrIe9n9mzZ2bP/Gb2TnCLD819qq65roqKylSyh5uviopGB/DzVUcNGDmWyqpQUeE5sZj4IOVTEBcdDgzPAZ5sFiyGqWKkYpioonJEBbMvVn18AKCaMknlPkEV/VeqOLHQWUnpDOFiMWwOGuqIQTLDHREoNNcRw0GyHeEQDJqLgKHhKDga4DJzYJKd7QQ7puRfFgUzJRKOWMoXCSUA3ZQ7kxMWKycsa9aHnd3qkX9Iz65zeD2BP2N8Ap8lEgIUKqYsmCRiKWWjMav31R3cmpOdOYaPdwPjs8K57HAVfjSTx3GSxPPs5dFRSs6ycD473AUYAMn4bGmEqxUairICRXD4vAjpZCeez5HhRXJXKwgIAgJGQOOjXH5UlKuVUCTkWIEAXkKJq1WEVBrj7OQkk8nAMjhYJOY5wSAQiHI1qyW6LjFMaQSI7WpFRUIwYDQCC4JD0WA4FktAQlFgNBoNgmGAPhQBUr7HYqEgGBIOxmAQIAQGCYZjsCAYHAKGYWAEBAoKRmMwIBgEBUZhoCAEDAOGo0BQLAaMwSJBcOAJmHr8NRYGJ8DRKDAMDgVBMQigjwHBEXBgWRAUDXSRKEAKKBiKwACv4WAkFkWAoYHVIUp2MGAaApACCUYgQTBAWBgWBoIh0MrFJh5QwsQwdJIKOjkLWFzJBTrJFDm5CJYwsSh6UoY/ZAL64zLCJmVGTOqAIEzohJpQEYmdVBkOmjDBHyaZNBEWEGfcZMhJE8ImTQoHTZh4wuQICHT8PRpJgMOxYAQCBkICbNCAknA0ID0GBUIigD4UDUJAEGAkDGAHh4EhaCwBAQfYoNAgJAwOzAMsjwKWhwHiAGLClWKgMOPLTTyRhIlx+CQdYnIeaIINapItZnIZFGFiWdSkGMhJsQDrjIsJB/3qOAgILGDSgUKoCDQEMBNgDgQCUBNFQGBQQB9QH1gXcCwEFlhW6TAYGBgFaI/AQgArAnwhwDgURkFAkWCk0gEBcggCmA6FAePKTQV2AaqUDwNGQrC/9AFrK31igp7yh1XhUEAMWAAMjR5X549hGBoJhmKVrzFgFBKQCg0HQyCAtWGAGGjAl9BQMAaOpsCBzUIB5gH8Bww4CiAGAngCYkOVmw9YEQE8EQA9DDZhdUBrrJL/hNYek1YIocKRaCXDSa9DUCa8CVgQjgAjsNAAOAYYxyApf9CN2x8Oo0zYE4iQifcBk/SUf+IXQoWhxlcEDIAFo7BwAgyFBMMggAGBjYIDmgGbN6EJMAE1vmEoIDqUIal0eyAk4YAmQKwAdgJ8HbAiUjkJAgN2F+gD5oMCMQEb3xU4BQ6MQ6CIcetj4WgCTBkTQMCOby4KGMcqN1vZRyil+6WPBqOxmAA4ICRgNgoMcEoICrACEvACAHZgKBSwe3CgDwW0h4L+UAqOwI6b+x99NLA+OmBCWejkEw5YATIRxBPaIQgwCBYMGxcAAbgZIAAMAcYACir9AavcR2CfYJNWw2KxAXAkEAaA8SaHlXZQBhEMAWABTNmHA/oBcijlAZwZDhgZqdwNOLBLyl0DlgXGAPsovRNwB8BtIFDAuABGIJSwCOweFHgqvRyL+qMP7C4ECtgRO0EPowAYB0gHkAFSAxsNaAGYFwWQAQimhBgoFvBeOGbcDDCAzT9pDZhh3P2QE+5IgMGU04DVkIhxGFU6KxSAlPHVACqlUbDKPhBjgIUB6YEYUiIcAKAopfBwYBhQBnA5hBIoIYAzAJv8Zx8IMTgA4hPklD+wXunBGCQqAAE4lhJn/xwHEAXARkA5YA9hMKAP7P2kslgsYEMAhzFwLAVgCbwHbAIgBBICIyhthABwGwHMg8Ng474Eh00iiTKEx3WGTejsMWkBAIeQyghUskUCSgKZCugjAKBDAPAORyu3ADK+DBIQF6KEfSzgMQD8Km2BUWYqYBW0Eq0BLYAkAweUhAJboXyPBbKDMmyQAB4iAZtBIUrcggOAAkg97kgYgtIjMDDUhO0B/EIAfMZ3ZtzDYf/oA1uJQaMDgKgAtMJSlH0UgG9wFLAOGk1AAB6HAiICPh5RyvkTasFRSnr4L30loGEDJtRFTj5hIdQJhWCT+kEJSKVLKs0LgwIhiBkHYAxU6YLAwkp7AQgIn7QbgIhAZAChrgTiyXGlIZTJF4FSJgLMeMhioco+ECpKFwcEgigBDfBZuDI7A+sCYEVBKL0HPYH7gHMhgACFjmfFyd0F4AkNnexjlBEFRJwy5SvpkUgKAgMgDARQAxAbAO9xNTBK4AbyFwajTIMAcin3CbADkENA/6R2yB9FUngUkxVp5QTUQMpaaAlQl6oSJws63HgFGC4S/1oBThR0TNZ4+QeOh/1Z1vX0L8vpS1vrL9qrv+Hi4swxYHxEObmIN0mcfIA78VvUOAuWmMOUcthsWQRHWC8FABblCEE6QqEMCMR5/F9ItETElcqYYg6OxxFKi9lCZjRQ+sVIHccLRV48RywBuPFixBxHAIVj2XweX8qM8hPFiVkchiKGIydNFn2seDA/Rsoar/qEHJmEJWJzJE6T9JJxeilA7yQVM/lCDhsXxROJ+dKIaD6LymHzmcWTcgsn5BYJgZX/c8lVVHR7J41I/o+NyFIW0Vw+CzCDo0TKlMZJ/jSmwdFTi0ITneIYb0CU9aAfcQDDrePGjBCxJDEBgNRJCl0plUz2gMhEeJwXgYDHyGQ8HpeM50WK8TwiCU9nyXB0IpHH4yCVdFIGAY9ikgPxwAt7KIcvw0spcjGHw4cGQDkCqD832tctyJfnQxXgFDQBDkp1i5RRGWQINcGXSSW7BwM/AVRipIxADyZ5yRBuuAgRCYej+8MRZLg/FMmAuXnLETg61tMtSM7mhEcQIiKJJLdILJHIZUUh7OP5HlIaS85jJ3CC4mK8/GNxEThKDDchxk1IoGJ4gTgqB0n0cPdN4OFwwW4JZBlVECyjMXBIqhtRQXOjQgJjcb7uOIyC6kaGUd385YCMcqqAnkCFxkaQBTgeFY9wJ/hJ3AGRSPgEHB7Po0/SE8fpqYwJehoJoE/ARVDxmL/Q43h0PzweR3JHMHlRBGgMCymIcocLfBMwFAYVBwFoY939yOFwNzoRT5D543AIwNR0goiFCvCTh9P8aSHBfBITDlWw3YgYaggiUsggksQwtkDoT/BQ2McTEghsdy97JjkeQkpIYGCc8AE8t1iu1MNbSPAOl8QJvYMDeQkRgfESHCFOEC0Q0OOpDM8EIUQaKXIiiMMlPlHhGPtomg9WEULBUlAwXyqKRLVHovkJIg7bkw+lU3HsIFKILERExXH9EuixfhgRnuWGl4qpETwUxC0Y74ZhiuOd3DnkSCo+zisI5RcYE+TnK4EGCxNo7nwfXw8cDTh5KrwoIQSeDx8dGCJGkRQwBQ0TTJPwgnxjuJF0URw90I2DiPKgBRLCfegcdny0nwSHQ5NDWEyoxN6XZy/yD4hS2MOxbj4hSB9BNF9El7nHwr0YfvZiby80TMCBsCVisVdgZDwC5i4HaiUYlhyi8GWT8QwxjC6MwRLj2KTAwNhYbyf/GEkMzTM8MMqdF0DC4qOjg6CBCBk3ITaWSuVz+OEcgFM0PyacwU9wwog5Eg8mNBzOomISoGgvWqTQT4pAx3kH82CIEPfIWBGXFuVJhnsjKCRvGoyKZcpinBKc2B5BAhmNDiWLSPK4cIFA5olGhEdFyXBwqaeCHunv7eTm5ksmBRFDYuKgWAVXKPITBkJ43jEosoAS5x3izuPxAN8ik0kUBhCDfpFADFJ9RTgqAUcnE4juNAUqns3yIMLknqgALhsL47IjJDI3erCnlyiEHBHPogExSsHTcTI/AXHcJ3FQfyJOJgv2h9KolGhafLgf3o0ahceTiVFugIf6Uf1wyhiAUn15MhIv2C2ATvdyw2EZ/hAZjw7DKljuWEUwsFnhMISckIDzxPNoAXhcMAMXFcAAYiTIjaGMHyIQX2QgJohQWoBIOQb/yxhJJGMwiBQqLnJcHnwElRAQQJUTGTifCX4iKoFEY4QT8G7hcE8Z1U8i86KPy+LmRvBUyhIXDMNKyUSqwh+AID9/Gp5MIsvJRKybPxTH848OSADkjAtxD1AAtsOLBDgagFuxEZF8d6wMggdsAmCLNwEXjMEp3/N5XsDvRFwCwjOer6BJYcxYnxAiHOZOQjshvGLkkliFtweFwophBpE57vRYIVIEFZM4Yi+PcDdYlMxDyGcqSFRKBJNIgvj7EXz9OAA3CS8YQw0KgMEZEBnbN4Er5Pn7BHJFZIZU5M0PFnowGZGoYL5QKJWGBEM4Tp4J3FgfnsSHwffASCSUeAnfixjM5cK94rylKMBTyISQoOBARgJTRJBwo/1RYqEPm0GDiZi+LLQ8iB2MYvtJFT7+JGGCnx8DCwkgxvjaRxJhZBHO04eBZMChHsFCd2ZwcIxUwBApxFIUzE3ACQj2xPliPaO8AngsTDwhnOiRkACPQUZ5QXyxPva+HG8uQwKVymBOXt48tozCl8g9ELGeXvF4MjUuNsAvIDAgxIfJ8eA5BaBkUAomQRgEQXkIiZEBYggLyaCw8WJ7brA3TajARWD9ufZ0aLyPGwkhFQvFqCA6xT+QBRMjUVEUGM0/JEomk0ACqcHxHBHKgxaPCIBiYgKlFJo42pculPhAeAQKgx8L48chpHIhxx3hGe7L8RcGRdnHyCSeMj5UFilneUPdaGIvGM+d6MXheFLYIW4SqY84hOkd4+fBIsOYVEV8EJoXQ6cqEkgIGEoWiROJmHASW44NQSK8g4VKlMfh3AW8YJaMF0yXuQGpIsAXwsDRPZzwOLIM54bjKv3Tw49KdHfDBfLwdKSPL94D7snxESMi0IwgarAHCx6FjvWL8hIoffnXXAnEHc8fR8VTlT7P9qTTqVScyJ1AmMwRMqonFQ8Zf+fGo//neZSB8x6Xg47B47gYIh7AAzwC93dx78bjkfE4N48oaaDUiR0RHySTSmK5nEiuAIVmRSuc4uER6GhekEBIYzIj/KMk1PBoKYsP941x9xMB5oAF8r3d3cPDhUEBsQRGbCCGL5T6BgYQov1hYoyCQvWiovi+/kFANoBCadEyMdYDG+8kEQazfYUCXyAhSCPdICQEV+AuoUUoPBge/uHyGGqIXOxLw3EgzAgndxyNK6XjEU4eDKgowB5O9IyPiRE4SeI8uKLgiCgBxovHkgdFOOH9PYXh7FivIAmLCWFHyegoGlIogjCD/MgsAkPkJI2HR0ZFOrGjoYFinMRbjHGKj/LiuxOE/uhwXByfLwv341Pl9rEcWYSYSY4Kd2NGusnRkOgQPMULGUvyj/fCQqkEnxg+lkuhEKWcSA8aBePvhQzx9EJFEahsTIBMEikVxgRi3aIDUfZBEgUHKsBjmNJAT34UneMmgRNE9Fi6iBsRHu/D5VIkFDLJk8uDQ4lCtoAkiYyFIn2FdB6VSsSwhR64EB4vJETsFOnPVYhZUiQDivWkBwYR4nFyn1goGyIIiPeAkSOD+ahgGgIfa+8d4hmdgPZBCGlSRTRWRo71xmOcFG40XmSQwA+BltPZAvvYYB8/XozCjxkEiQsQ4mP4mGgE1oMitfeBcFAJ8VSFdyzUPxJDjvXzZoT4ofCBWBQDx/Jnw0gcHzqVxXePchN4B8V62EsYeCcCiRIRL7ePR1JYDESIgM8LxAZF0ogRJJYCx3GL49PsEfSICEYMXBwEJOGQwOjoAKHCiZhAZcvdiehgAQoaFOQrlUbbyzEQDhZH9ELL6HH8BAgmUiEnUQOZDKEHLQ6tEBIZGB8WRYiLFwphwqhIudzfH6hQGydL22X/cWkbwZREgNlMKfPPinbm/G03Rob7HXlXBE029anLgfHVyrmlAo6cFRWnrOQlScUcoA4WS03ncaM4Qp40woy3eLzqFypX5IKimUI+FyBhMaN4XEkEE4ZEsZUrBYHuBOwFsY6+PgaqUbH8GaE4kaFlVjY4dumUzfvq8/G2nw4DqYHtofJnUzefVMFm4pKbFfWvl9ysKCY/euKAo/ZKKelBAV8IiCdkcchucgd5dIwzn8925mJZCCYXiXHkICFQRwQcy3bEQLBYRwyXjeQA1gHOchzpOK8w4BTDETOlInEYX8gVHRjXTG7qHcMR4sig8ZMGyI8jjuezOCCcD5mtvDQvZsWJo+TWEk4Ud/64DVz/6QLe6c/79UlLnAINfsnsI2aNbGsK9S1POK64l2g5Y8feczbDjJMr2A2XZMAhSHmGkQJHKmacNAKsZBAmlnCB4yRwMoyUxHBYARMnKw5wYgRD+BI+TwgcTsQcOfUXOcYXdvpvfbowIeuf7MSTJ8Cwf2iT8j+v7wRHu3/H8R8H2km+0zlluJvN5rcC0+NU/Cr9q2PdmdMpzRUC9xaRcPEuRNUEX9i/4/uvZ7xJ/gkUuIPnft2K233zT+mp6lfKSl0wakPyU2NVLSYrvGfLJ/jb/jv+fwbaJNsky75Xzw5dPRmQaOkSseD8Tx2j6yf1ru421Os019ixjFgTwWY5S/nSKA5//BANjhHyfokmFRXK2cnIWDQZGX/z8c+fOwiQUdKUodGWEmy0oVgVY206b0Ow5mZIsmYKJFk9qlBdTVVNzVCvdGRwWsy2D5qJ0Ldus9kSyFStKXapHqlfpqqq6mmqQDyh8yBztdT9NdT1Tf38KIB3RoMIMB8ciEzAgXyVt3owJNQUMlNJoqtvAJCACCJxjAiIJcAQUD3IFOUbrRlq/n6QObOmwlAQBAwGRSKhEGQI0EUDXfh4FxECcf8LOdQMMmuCq+FkGHrHEEQOIAqFALWEWEzIZPx3EQpJVrX6VQ9VTRX1ZFUDFWBcVy1ZVVUl/4zAmEJV2/MyacvJmXcurAyizVAXF+19wDeOXTMwb/7dpLnFyDxKyXRPlyGh/cVn7MquFC++dQir9WW87q5qTu8aVZftj0YvacJlVTb3F4OcawxYm3IsWqh55hdr1sON3I4wIGhSnfbPXIWbniTQv0SdZbTGcnr/0SCnZwmV90tzGmdk0jzehXx9uOZAhldH1JkbDZp2TRkX4tqzeLWBU48IcqMhEIcuf+Y2QZvfSRW55UoioYCWUaKe+L4q9E71q9E0s6GZZ7rQU3aXsx33Xt+U+3X2RfDt56zEbPNcRSE6E1WCvO5x3SGHpTnotg855+hpnUN+UZZ5EZIm3TnYm1rkj2rqqiqqJcmqPMAiLIg+YErLGaqqYxpqEJXxzbacrwFsaaIx1tXQvW/PzqrNq6kSU8uWgbcHSu0gIi0dey1VTU1tVVUNFoQJwf7Rh6ilOv5xqSOWOk64oyRK6TJOk67jqHQdR7KjL1QZfBDrP6eqpppOTlXeofxl7rgXWII0DCHTAFF1gQkaqhterFRVhdgqXyzQsIKA/uCjrvHnb9b/IFVThVgqSadpzNQw/phvSG2f2pwv/krSjTd1L7WI8JZCpilfGyhNoKGuplUPMdOa8sdkdY1fFlXXhcD/8UpDY6G+NQSKDWchIHBHJIuNdkSjUFhHJpeDcuSyw6FoKBrNRsAw/xRU6slqqirJmD1RnLlFaBWL99/emEvPdBwMnYP8xIsyb7Xn8pe1fBppEwc8uLF70cuvXNP7eILrV015YcScRWZbKmrfrh/5BGvbVhf2PCpR+Cp0zZ5QyPMZBmB8nfrVmNzRUdCUo0hSR6HONjIxsfFMxlz/axohJvmitlfdin3Zzufcpu9CaJog1g7jSuF7nMBRdF/daFfyMZPma6lBRto3+94WgAevamPr4MtB96a/VQmEM8AxizwX2HpnrAG3fZ/dzwMnvPCRY+lnNjjf27xu1/xdGZ/Cg3IHGsokqQVXumMHh0yXs1envzVAO8XnyAPYz0X4O4ZrM1TPbZwpEEWbsTd2j1llvzk9VH17ublmytqIFchQr+NX+B4zFVrPInYUXmbmOFO+1lsrBg5GPBwy+9m5qxPsiNNnxxkGhGVmnSzK26pm7nKy/kX0xyuE5/EOEbMOfHjWnLZ598wXRqtN7MTWSYau866yop0WJJbsDT1iW/rT/eWjL5EDGj9CfRZG2xclr4B+6g8vWwNT76NcK3UQQ3wSAzO1kh+/qDxxSGd9VTCi0lA8ZJdfKT/6GP7ar/b63rZFZXboIlr5yM11QftsoomPauy08zTOa0ICi6BgEPj64yZDRm9RxkzvC9bInFEnTX6fRR31yX1tJ/MXUZ8ubX18d1QsuzujzL49cE+lvp7Wpm4VDdULmSenbwnW8oMka3lDkjXQE1BsbGPParppSXXcl0IXRw3nrYTRK+//Mxx7QxcCUTMOfZZ/gWNfP+BHJJKCAFj+72IyEgoDMBkDRcMhACbDIUAXOtn9H8X/ZLV/hWU1JSyrAbAMhESzc01LXV7zTNuAOsWhOV8jP3/r3iluPJgzw7xC3Q53jzkH7K7je36OlH5hhcbrhOST9T++G7ywKU17MRr+UX/Ve/UwD/MbEtX1kt1PzWjCm7QE5P0go0ddybP62ma6E2T7HniYbVbsL8EeCKatfEjTc9/zIQ7fFe96cv0Bq7432ldFc9vFpG2d9Gu1pxI+ZH6bb9ORqDbdJ25rTGHE4PNzKYvW5Nm9tD1c7zR6Pd7IjOR/zIn1cm3BsMkxtwPL7i9DLXfbyogM9Bg7ayQ60PFyR8OcrjXd527xLxbOVaFmEhfvBSvaWlUL9tueJfUYy1mQbDg9b2Vm9PcBhGeQ/IRt1Io1dXEWu132yuat7q7xfHWv5ZqObqfG9eL7lXtOnKRn38vY11h91ufy6MkDFPXdKxwzBN7hAw/tvvALLfI0Ok5nqty7c3blNJ1p3jpX9aq+2VJuX9d4/epjdazP6nibiPRvPpvrZMjulqJHXXdtn3te3cQItm7gVUdrT0H2nrllWkcqfaiXdu/Rof2CW6tmthlOv/zl0n0zicL/YUzN0Mub10bjZ2+hcXX5mx0N3zSSiu2ert/WPj0vkOQYZBrecaPs+7qvDT1Mwcxm5IrCzJJqTpnTm6Gc5yPrzngMHymKHcmsWv/yEM1Uspnfga//lpKx0duwmXHC1flrvy3HSHGDUJBdtykoe97QnfTVf6SlheMJfPqfaUkHogU8AAf5K06rav3fZYC/zWr/YZL5NR+O2HnGOSd+38vKfCcJfH0h89jaxtUQ+S/5MAoi+C8mNfwvWRP1X8qayuh2VIabIxDr4+nzb7LKLdT3JUMG2SjHHVVG/tyx1evV7aeqRAZ8aq6Yc94uqaL04G1qyRLjzKeZRvr8jqfbyoTP0AydmY8X5L3mcBe5wF2LzXOLz7bw2J7PL0jnaRQJG8sXXl7scM//9E93msbD7fJ96A2XpYuvuDOHonHiA70rCH7Xs2kDlg81nB+U9YPvVAXt6Xw+HKYhnu8S2ap3HqtarrUts2znIYP44CWPNDI+fen5QQrXLBcK2zeTCk842QnCSmn3vraP3OwpcTksI1roXvqWcxrbfLMott4ueXrs3aefFzymz4vuNHnw1G+7yHPtrB0r68/od0yTKeYlJdx682W25b4dJ6u34gPyd0bi7KaNRualvTUvWdQa9nHwNntO59uGLV6mrzJaP1U12GhS69KL0Av2PvuZ2Dd87hp69YUaVUde0Dun540n0mIH3NQTICdLq+OWhM5ft/gu46Dz6Ws3p82Gm3QIkAlJ8eudRgPv8b/qL1k6xNipmraa1Mgq+D73zeX1TjEp9p8DkocPNVt3Ra20Xu18/nDQYlMj/om8nW0x0rE04cKzjeXEa36a2XnutVdJ5Ss/jWxOM4soQRoMrBHs5tSWvzo9dqbu4T5P9+pbr02ctqitNXlbladPvXz9luonmOvOLwsReqNWaQlvvq1cyQujG4f2Wgf8uBNcdOr+zFzulJN3UsHftdeu263Y58Zdg9r4+VOwZg5Q4GcBBf6ayawyY9bRVM+LRnb3jzPt+jfmGbk9u/r9fz2rgMazChSChqJgaCg8xNQABgGO4FDg38TA//yS/y653K3uukZblvSZN6twJ9zZu96gymLWyzTWuwdfnVK06+h9zwSXK2usPT83nHmBCqqtVIne0Hb352ba1rLOtV/WP+iqZDvfe4Jerr91xVcXOsd8J+do09T++TOxe1pU7zhqhBHj5mR+v6GPBKGvjxQfyFCMtW2X32Kx3WGDh1VuwZK/nhhckNYYvYuQ+q516tF1Ptbz6U6nqbeh52jDIV2ksEYHnmzbsWHEZ8twjwLIhbn6rrh9uaNv93k72hrHSc/7FNrq7aytHRFVuH5plosKKo7yjgYfYSg+aJwt2tRua3j29KNqKn39/nV1Pz4h1W7tO2dxQ8e9VgNx52T6WNXiqosvw4y9An02ItY+V1MNm7NsBE27GgzGtz85mE54JeH9rG3LxhRkecDw2LWEdHRBSfuqS1Zh4OcbatQPd3VxtLZnhV5c1n1p+6Avsuv2i1Caia8L10XcFNIrfZ/lN3dxS/f2DeryvIFI+UGNtOWohFs9xLBU5/w1JiYduav73oH3nj/Zq/noy2Gn+fX0xZmfo+ePbtp1SnyweTo4PXFkvt9j8rQc/WqroIDlq5z04Ity9qrOenkjasZjzQenY+/Fx2HCNqg8TWamHuTN2cRctAq9raVDawZkT6xoCTnJuMnKzkSa9VIe9s38curSQz9n2J5DLGU56j97V+8G/TGgpo8oDypAs11B7dvvl0wkFy6E/TeJRe1fEss/ssXfYv6/TQp/A83Ljrit3Zmne8Ltx+pubSqx1GHK06Bze+cfA0/f+Hif1WrszdoZWuKz0kZeRIOioWU5geen89a2aOFYs1qjc8eRPInVlOmdSK/T/kbZdZ+/HfEbO6fa2NCw6GpCDMZnwYr6riFmkw22BKvRXjd7wacU8LEAuUXJh9o01Z/q0/RiIpb9yHdaPjxmnHzOnQmf063aafQFvty0/Nq+fQc6y9ItZ94NyIiLP/92c4TXM6496f0FTvIZNUztD9jBK5zdK4oNesc0PjQwJKNv0xS95JRe//xlhd+Hb8kDGxIPf9teKNzcD4k3athy+57nfEpngfWeu5mEytFhUO+Fc2ounjeW7p2hffAl4sFPK1r0x3cFKrouBnfPM+5YvtNFvEff/PwlHYL9uX6B6rdN5CfpR97PvHI0TxwdqorexbSKevP4nGVW3/KMzrSpd46rPFqHJz/RNIURp8Th2lYutX10DWmG1ieyqvZIJHrr9VY17+wQ8gdSQgZC1de3Tp17Mz+vsebrJ6rv63r+THvVC+pWIXPwH47vGgYd1Xu0kGRqLWo6usQivaztx7XABfouCbsphrZXdnIO3s8V3tzm2s5b/xpRe4eTYhNfUZ6ujut6na24erh7h/vTNuHNg6mVupeNPj8nXxh1P9D8o+EDXTzre+937wLYjZQH/dfa7owQBRqfW2Hm+Tff7ojWFvjkdbmW8CR8HkMihRXxpRIpQxTJEUqSiljxzKhg422QZOPNf7qMtlphsrECGIpTU1WFGiidaVWqhypHXUMNgDVI0mYtvUnKKYaqGoUKDRlESflH2XIRApQt0H+apQGqnPph30xY1GKrW2U2exxb1o11fqHrpaaV3bsUI/yM6b2qNkWlpMUsbhF3YKbpTOUXJyBKBIciscov+cCRcCQ6BKKeqKoK0F1f/M3MzlFlcWGyIRc4wHwG0s3KyXTD7CUtgm3dtt1T69TF0VVP1KKWxp7653Sz+q/3PJMdHX01Ag46E2Ks7GjrT/VjCkEkMVPI4ktYov/sMkgfoqt8paevzvDDQedAZk+kFZNJQmAQRJZI4vhCHpBT/riEggDnGwQKhlIeeNAQNAQ72YXE/W8KN5nL1PUNfhGOwmECVlQt/tcrq53KK6utasmqSSovb1ypyPr57qfN/mvyQ0yNG2PTbJl2P4o2t4SVFe/Jn7bFKS29ae65Y9m7XHVm+ydfyt6BEphUbOG/2NXr4AbbUKbbIhtAvnhbxg4drXu4I/+5GqhoUSOy/5AhetDqyxTqntyaFEk9eM1hH/dFhTXv+HPfHdtkmxA8amBsjMR/6+H7zvIEoT9E3DR473gqORtk4WU0jTR9uesB49Q6LyIXU0yj2tzYfSZO/yZtk2C/tBFkoqlqHTb18rrllaOWH+fq7X6jkv7A5VPqPrvpK6d1Gsy+3X/9+9QmauP1lBBTssNTjMR8lW8d5e3Vj6dOdvcLDt8CnVnReXk50pD9QX2+kd/S8B0cTaMVMfbt1yOnJBF9X5gHvgkhrbi3Ij5vgcIwYgP9QE5KXLo4x3+s+wkh/PgbPs8Gd+7Kzg8CbfsN5BePHE0R085itat452t2z2lSqz5P5LWIVTdnhfl7aTlUVL0pHbaukqkv2bCVTd+Zvk0fm+11zLXyu8beoiWm21zfXZiFKgJ/YtVOpA85JP6frsv++eZo5viJRNlX7vwfRxGdXxLKARtGcvHWxNWuV1Jblsb0NGzYS5f/JaF8MH537Noshut8wsa+G5Lb4kTXurJ/SSiAS4B+WHvj6uvP5VTDpoMMt4P2eiCne18mBaw7tGTpydL53+w8ljyk588lLpNfOruBlulzfZ9NdsQD6q0Pn2e3KcqHXl6ae2/pp5xgnWcxLVuG37qnHWl+PbZtnfEjUnf6s7y6OU8RpDFmm/zrWgz2ie8bizDuC0m9injx07LyHakWdiXoed8WP1i9nNFNuSaw81rfSpCu0kyUlFy/I6vadPhn7fEUgfDiZrtbuUW55cUFyR7a+ugraiz6nl7fNaI5vOt8HXxH66cfFRYr03Y9fqijcAFbzNggKCh9sQC3c6Oh6punppcKnbeP5vv6mA9tuv+I3eL/bR7owUnbof02wjtnEKRyTyvv5+Emsn7i/H6mYwPUdufl0+sUalrlNYHtl163Wmo9Wr6aQz5m9opafuCazTLawZrana1rGmsIh+LvroSw3pbNqkQukrLLQ5BPQp2cl9B0mZ0QKmHfGA18dd7pJc4OILNASJxgB9ur+PaUOzO7CnkLcdG8r+ox8XULFgZ8S19o0+hFBgrtdQDycSeRT2O7xo2rV/Su3DM7du49zWh36ctzZv+MfPL/TXCxgJhNgMv0X8BlspQer8h/hT2gIoeOD/wJfP9PUfnfwd+Wc+2nHzcV6V1gnr3vwuauO3QhL9rw7mGI9kIXjeGHkSDsg92IN4eLOToevehU2IYdN3U9C+s/IqIK63Na7PeXDjev6TFYeH/ddWrxECs0/dnn4LI21e+0bz0Y+5BpLatCcpJyyrr8rj4x6wR7HCUEThnM+uD+LYq41WTVqS+VTiuLkbSNmI38/Yj829RugmsLInqElTlyN+as54v4FwIal1z4ZuSr6YWh3FmnymRHh05hbp5ut4NfjjfoXGYkax69tmKW47K799Nc6k07lxnj9jZnLXVYqxLpO1Jww+fUFHeiySPN+f7fj3uLGDm7h9ee+RrxyGp2Qt/WdEKayUnwdMLx8NmFF25Y7wAPXTxwh/qibim0daHrFRWflx96rEHsNx2SAnCM/Mj9ABfNb+2JxS8qqj7/KCtZ3hxR7tYLkX24jJBG+kdf3fTjA8ylIHYaccaX1z4GP0Y7NaALz96+TGU+xvdWNdoLw+zNLJ49Pja0fblby9x6ydqdxYPno5PPLeCk6ED4b0wm4G81RPFfupaZMXEt8x8h4N8C3K8IGNSwrNDFPd6+7JmwLD17R3bTqZ6nf1dSZ7xGL78f9Yp9r7LIaApEXNkn1vm0+JxBgmvn1UdOnzfA176YG7jMlEbZeySyfW+PcVpvZCfl643bwfC7RYWY5fM3u1n/2PToc6aWzbmiN5Qw3ooxZDm07fVqo/ZlBLR3Q4pF3hl2k8GxYst1uaivj24nn/AhVD/0P5+Y1RTsS/OU3l9xjRi079R3yJHFfe7nOsAOpzGmLAdFyKl+/wpX/IPN6q3vI0YlKu0hp+5bq+1Jr3/OG+07qPuxlGR0gj57/fTW7VVhT0yb6pZdPf/kW6dX7G32igF2g1f9Stkd12uhBSatq39mZT1X9dKh3/vBHi43eofMev/5wjr7af3Vua4+/T6N2ewd0eX6kv2LtBZryG7veSMieh+Hg8NIrzacPMyce64rufJroqjhCd8E8ix6jbNbhr1WjmNVH+LShVI7j+ebmu5j9Gs19OE3nqT4xLyvnuN1f7v353SzvrCN398/u9N149Dbmv2f58ltk949iQmSqRqmHnD22rOB9OJegyD++uHpzfNmGxAvcI4XpoITzwV7UfcR5kbXdKU8HHnX0cTcNZWwY4Ygv/H9PJeUFVqjizu752OJemGWsVO/w34WJu52q/VWGWiU/nxM2yROHX5HV900R+d8e609MkrLMOPA4khB/pmf9Yu18+Ib9DtMsevJ955kzV7ioyPoojzewswfetV6pXGZMCYBAyDwMwCBb/1x1eGzOGrLtnfW6nCHnV+8d/xYm/za4v9XBEb+MwIjQ/4fyvbvLk8+Zwy2GZ+pKHhkfjSuLMCi+8jxE4KMsGzFp4xTxo7WXy/Wm1etunApt0WR2xeVO4rKvZQz88DSpw75Z0pLfSQndBu+mX+8THaSn297fe750uF9d8wNPhQyix22LLhB1zKa9W2BYV7bVafhLZdx06eNLpxzNxrZ8vosctWyso30C5/f7sp5b9edn2AYKegB97A+Dhgvt72SanVp6+yIlleYgsM+2aHzCT8wY/g1i52L6E4Lrnv0Qcd8xG/frSmStZiKkpgfl14UvmizOH5QB/U0EvZjVFa2ct/y/n7oLsoOztjMpGbcrUVQvxumhFseGsK1neyZJ2wNn9aAnU8xQsQBgR/LBGvnDD1jzu3nNE3zmELeC5O+0y2+2Z+p4nd0/vnkjaDjQxfeWBbJVN46k+DFBa+rBrWg3BquqHpLZuG63dMM5t3CfV35bsdgy+n6DvgK+e3bNtBWH4hYYjnnnqChPrO1os+AvenzDx3a5vhPS4bGMhz2ysB6n7X6ck7mT1F3/jlsPuXazrCQwXUeU6fY187ZusFC40OoiYuDoXpVenE+7pRvxJ2pRuZmF4/V3/Nedf6t7ZE3m7bHLl+0bfvmkgXGLGK35shq5s4oEmOx6fLrx5KrNjQdn7909n7z0LfFXYxaO7/Ksxt7D37fU/A6ZYv4Y8Ky6zNPbgxyD31vzcQWU+53Xy2z+lBwMZTi0PyfXZ6o/ieXJ38L5P83SB/0NSldP+dDFHO0KdWyMzTF8mDnhbqDK/RXkJvrimxbHPPrgr69S9ni6vJV1CGYW2NX7J/xjpe0d2UtQ/9HLinxiRpdxa9+mvqlzYH3h5L91z0ZXmv6ymDhyIaxeWWXjt7vtcgsN2u5DYk3dc7Mv3WEpz4Vaw5OlD6IfrduRrzT4EsfXBrGNWrg4ZK3Tr1sBmql0YVw4sk782oSXbaZvrqX1+l5uIPBCY28E7Sunrzp1SuvsAz9xVlduamfi4Jvub/DHG08tl5dyr5T77u46PjqRZGPpvH3fFUz1V80a7HNWOUBw4IvnObC4Zenz2fdcnucc1zXI+Kt/+F5pat2jt7oXHtndSoob9rHMvntq/eWgZuSNPWWh5fZXfoR8NxUob3DqOr1QO/dmFHSTVYZ+73LYFUp+9zKixt1HOccu/Xk9N0DRl2+Z2PSUvN/gC/qfm7zt5+Ptycsf12UzFzaGvvm2Jc9g0+bG1xGjspOnewDXaIMbqk2qHZa37gug52nU5ty/2b2zy3HvGoJa9sGK1J/mvU47j+v8ra+xj1g/hoPk/RpNAPeFtDqcJ1L11f6v/+sdZU+P1A0tOmCMYikuJCldrwJtCh/99bNC/01ub5Dput7vM6UhRgPNjhU7NdrXI7/WPTJhq2I3aYbUvDz9DeiQjtmziOBei06e0fQT+JFxoJtG9RdDXoWwuffDpIdrIMmq0cASM9WultS5v/TWvU/vuP45bqlMFl1AcT8Tz+eog6d+pdLG4jTP95pQK00QDFuM2+TrDYEWLMVrvPmDBw+RE24Z/nEr+L607WY7x8RZZCkjl8YqDlBk65AkhogSRchSec0QOe9T1fvoiSheJuFQ7hH0aMaPVba+RdDMzxvF19eRbJKgCTtgaw/sPb/U7v9EuwayaqJeG7P62773So/mcF9q5x7wbJUl8dWqvqoAzmdxFvpc+ev/jJzjcnhhj37phLr69Y54Zatbk9MbzZybuhue5iiQF7x+zGXIdjyLl1twdalRI0fAZ9yv3BKv05tUgvNPjdk7Xp9Ay7eaXWKw3WO9dGIW8zSeetVV0556bXCHxSrQF6y7oygWq86nbf1bOiygTPbwRL6nfl5bz5fe+hkuY2IMn0589xyrPPg2acWL6HGAxmxB664ha5/WXLGQ9AYLvL+kXJm4bdBH4shj84dUstEi08XWyXFnS5mhNLrF9hzZxR6hdwdi90T9P17ZPuDZUeqkz4t95+NOHs0/cc6m8Wzy8Ha1waXddTp6k+bI5NwhKs+TS8At9u8dxHeHhted3il6z3qvtxC4yMnL830tzbb8Snr/V7fm7vU5qXlh67AWaEJS5wVK3sWZs2ItakyuXHC/OcA3tdA8SAuvyNyzo7jV97XJp+4Wz+ipVPSsgR+2IF8fUQStnXFkorSaANa/ZQ7hzL73K9bT9l2OcEFwxEr/4bpl79mCtbugiRr39VVBdxa+ybwa9P4d2DGP+JU1UjWPg0M1UKSBosBxJ/9I7C43sLr6qmCNP+4BFfGOjZhhfLTH+V1IgQLgcIQcEQIJCkHkrQbQgbcT9N+mrqaObDxxg+S0X4r/brhxx9quFoj38c9e6Rr9vcf1v7rt9YSVf5ljUKjP4agqPEheEiR8j8imPMP2bU0xmmgkzed49OK5kOUX3j4k0ZNY7qGoaZFamGWI1+SM2Ahv9PacPfvbmPKJKW+V04wkNlWJhWfrt++/O6qPEN6eeb5/B1xanOdqvQg+aZVuVY/NVsRIyMmq6YdejN7sAF7Fpz3bOYGTMCFerUz2JLtejcpec/behaN2PUe+xb6cXD70r69Tm3fe2Y4G7eefuvwQtEW3qGuEhcbfClXX3X4BP7AucJZ6lr3bqZOq5maSHh/ZGiEt3lXvdB2XUbI7jZSS9B+OGnzsLvKg75IqzT2IoO02r1VReLe+WtW9YJWmIel64Jxq+4/prcELWzFPRfttVdRrzaLrYj6ZrqkiMhpfvNT/7NiCba4SF+rXJzp9fKW/fmS1e5RldXZGaMoi7mYjyIPnvUKkPGrnimDw175JpwjZUPtB29QF9SWmmsSh80OhvnXXRp5WdZolbDwfvyNZ1uz76YtHal4pR0Z8CWmFd5VvT1DWvHk7I7wqXVsvl3RR4719lsPj9PQLNdI3fWtX9xXukwl+C6aZbFvh8uUodSBPSromrxd6YSL+ggPk1izg2/WXv/2wjOuJvFlghXsLTa9MFkTCpwHHIEfWyBTGE1+v5Elfvll+WzqcZvSMFn//vh/OQ/8z3+/EQpRfn0Gipz8fuMfXcDrqX9FXyOIwQRXHT+/qHGuUPvxbzQAslj9nSzeBD8fkC9HEiMSsjnif3tn0posSpsf3XNkJ5v62XTl2MMjsdVHd8yu7istbZKz7fbnIo8Gli+Kb7y3XLtgYbVxw6MInJQOSic/NJ3eZPruSkevdPhSu2Sd3NiV92Le4gjnhTaWB54Obj5U0BvMcr9og365RM+ANm+kumGo2iqF+eWL3ZOKwSnGoIWBTPZHQeLRdRznSkk/pb+MP2vxFVnQYHtF0yfN/YgM736T6VnrdlE3F6p5e2d9aY+3MTtoerD7bondm1ernigCpqjOJWeVrpI0N0ThPrYmKLIqjIbH0uXP754Ijen9sCOpT2/rTffHxZ7npuufKfX15wS7Htq04VNCo+/IrbjhF4rL6SHDkqxmqfno2g3b94PmfXIfJYS26q90rEz4vkKtPbil/Plhr+4Osz36DndYpudfOs/u/RoYZhvS1lLJ9iloHE60uru1ovhsWmz+o7oFNSt94wa+5znY6NQ2UJYv9mk5WlFoii+QZ/SzFzsuORninLUpZnsu3L7rra4P3OHKE+GxXbqLImNXXOtUPHxmM1E0J22CJKX8d79jafAPANLUUAPc9G9uVKb8Umf/Her+tSzXTvy7sho6UBu5Pt6iq6HXbu3g3J2Vffuchu7PeZYkf448WOQbqi+MXJ4m5ZvZqSS2ZG9+lBp9uiugMPOwyKqgPYBhm3XvIsyhYdtLa0YYwq7Lj9tw0f3z2Ov8TfQCBM6gmW2Ak6+DHkXN3kSJs7iaaXa1hqr6xnzT+0TkDx/tnde8Q0x+xE65kMsabd60LnVe9lLdpJuBm94xFsb3l5W+jq2w3KPhjN774k5p27z6zJIfovtk9s+e2pBjDs4Xl17wLTa1bX9zDLzVwcJzPvT7oWOpJzfvPnZvl8vqNi7OoVJg4nXji5/akpzza6ov1w5qIy4a22eT7Q/joQ9MGq47Fuw+P41z5ttq2OqgS+/LAxba+sgXo3VT7PCbHgk/PlhzVg/kG7ZhrVt+95Vqz9oBs9uJjRrve66p5oA4uWPp7h8qmhXeYWQcp+Gcvnd5oHR76LXuLaZpB6c+NL+AzeC2nvia1yve16dT9nDNGKglmfjEa8d7XPfo4Q1tyXkZ/LXggBh+2vW6YfGbrz/nvFp8s+llra+3zuH5mRxwUuj9TNUrlt2BO5ddszL3eYJN2PT98qWReV6pI+suZvR5p7K2ap5fSXBLCYSpPny7+UEd3tTvUELX0689Ifzd+50u37wWa0rr3lkRuMIiet/rNXeGlhlWvsO/OHH3Ouyy30w+9hrq7Yc8txHXhudq357fU7CvmRgr//Qi2HK5yu/2u/1uv9vv9rv9br/b7/a7/W6/2+/2u/1uv9vv9rv9br/b7/a7/W6/2+/2u/1uv9vv9m/b52BVlX35dgfa48pyZ/Yu3bxqRc6bWz5b9bZOOSnwnKliVGIS2jodNsYnXLX8YtX0dFNt9Nu9X/KuNeQsXKiAJTUidSOWHphWLtULb15F2rnmqm1YUVqheT6XHHO5c+xdi/F3naEFH/hXs1qmwdpn98fZlslJNcyOWy/a711vTXXNfyQcCgsS+0WGZSU84L91pz96tET758cjxSH7nzzJOjLwbDRgxVloN/FQ2jm5U38/w6xnpPdRzrk7t21ymxxv7x6iGpmiDYqf3Kr/HkpZA8G5Qrj3jhzt0Y/Ueu568MrbOr3wd6WPzRZMheywID8cxbZeessR9qsfxz8oQVSXGkQycPsqngvrDjcXL2r8rKKqokJ2wzHkee0/Feeir9Hn7gj4dG/1fsnbA4oakle2Y0/1RpcmuUbrZYzhYmv90Y0q5CYNjdke6/bqWFsn7m1wSloGmkGQL0ueKq+/OiM7SnHS4XrJs0eC7LdrbvWsrqr84i7zD/T/ErI6rGdo7f3I5udvzwcYdHQg15Sf6brXPWOeiqGRKiCD1cGLg75gnWXf1qskJvrOUNGZ4vtKakbhDxNSjmSvIfYipmZfFZ8n7z89ZeG93pIDF/eeWeif4HbkbEvcabRKoulPYwfXRcZYYZ0twgbcYR43uyPI7sfgqefFL91A7/Ja52ff+hl+w2TvRmb1RR2HwBc5RXsDqV5XbeJKGaFe1l87VTa1JJKn1CkOBpxgtBdtKy6LOTpn1pNYwacrxRu2BuHF99BtFSsDGrcelNeUWdpGwcQ/8d6E47CdGUU6hp0v5qiArnbn6elXvZZnDtdmB3HO3cvVSbyBVxsjlhuVbsmwOpx31jybTC0JXLRiS2ggDGv3rbaHD8M9G9C3DtNe3R9TxQEH5GzOpoKaazJznu2K0j92nG7zQK3EmEDMbV9uCfsgnNlSNXXM1FDFZ6/tcfUWcoV1XcHXzedwV+zf9FVb2or1qtm1Ll3sF7e2JFKWDhCIOUXa0P7om16ppulj8xr6iG5HexY3+J7a0WK07zxSsy5jvbaX1pkFmw1rmzdDUfZwynRt3ljtU/8nvm9y/QP7ThzfVRZdO7z0rWEk7PKMnUGJqMCeiO1o/vTbDoSGEzuSBDfL7Z4EGanomFq88D9RkF+lsLwzc+dRvVknMt1xDRpWOovW+i1q+OrH8ApL0nWaY267lRH87eNd6dHbjJJovIbKPI2yzhowqYnwjEeifA4vIGoeMFHvibxXULuAvzJryt7B0B2qOtdCrJhy4bbhXXOwhouFPblHCctUr1Ic+dKp16OZ5lNtFixZpu6wZuzoILZd40S3YoEPuaDu0Mz8Hc3Iu9RTMCPNbzNkWvOqPhH69vX5dW2RWqew95zICcc/8OjhHQko74PaLzCtXLhT29on36DzMLhjwaubHvQR9u6DIVnb+561bmU1FuhvNe6IWwQtCHKv4/n1HJ1aqP+aZTOn5vOXz5Fb52e4dpQkPlulB6/zj7I9xzloEn6Ui1rmCDq8AHLJprVPfwU/OJx/t3yQiBsQ5YUKwjcW7VXrDiYs2Jrw3bOktjl22fIwM9xqglBubGXdGLLkbOiR/bAZd4J587Znd2mdKDttc6Ft2t0j5AtX2AdPFVVPOyaEJTmG78vgone8ejp8citcO2Hu1Jtp7lmrrzt0+ZnuUe2EDfgYpVcLbOErHWcHZaFWCjRFVtuMaqJfGle9AnmURCyvpJZmJhnFoysyy4udBX4Vrht9z4Tfckm4KT3JociaP+MMwpxv6oVQ4w/c5c54vmwfib+59AzZtfNhH6nksUOpuQqjoOmbbVJ05dy7l69q2eaBNJLzxHctnfuhNRviLGr31ORv13q+d9hzoBw7rewpxiE9+xXi8GDU0VUzpr8QXrtW7RclP6+bU0s/fgzvpDFgv+EY0fko+LvRp5gUM3BxWHDZQgf6LtrcHvrlo6XvkvJ3IQ4fOvwNdJL2JfC4tJR6m1S/wHbb01CPZ8fmqh1xYx6/ontgqq7NgpiAgzfnLfxKr+lE3Q7ZMoJjkNMpuSsWZgdfRAxsEQT7HyyQbzOOUaMO11FrrklLWpmFYayiet/GWXft2o4URjw9yPmoU/tmSeYMm0YUWl2clh6wM6+8Rrcry87ETuF5LPaQT4H77GfJ+rSCXSjyDcssHdXyjR7iu1kXPat7N+rHPdtxpeRD7c1qIRyBXB1p/WWnySaOQ3Cr86O2M8K22eBhAYFUrvam9eAWkq7jAzgbpLti+0p68NARb5OWs+Bc8SuLU5Xt8E8BHjO4lgdeiaSziqntL/pdKj8+3P2yt6rtxGDRnGvkdNKhFucW+uzS+TPwy824iz+kxl3W8+DiLQ5l7L2lAo8TzUyueWGiVkc4X/rEGhYWKJe2f96etVAwl7SL5QpdGex0b25oXZxGUH3A98fCwTxaSXJK5FOWaEV0BCnS+NDHcNO45xu3ctWKheE/EFONmBGnK46evBtE8Dppt6UnyHaPO8HpG+dVXF55nGnf5tqsgdlbUlSNRYLI5YEsKuLww6JpSCLh1HDh6z4rt7K2kifz+bvnQjmO+tPiMjtK1eakXn+Du7m9yF/othj0blviVXmbxndBRJyRCbS2whTWWh00s9uzCZa9MzsV+erDFXOo6XvTem72fEaZ0/1DJ+N2tyObb8+rKkIKvNcFTXfw1OhZ8HmD7Zr7L7KPvNreVETccLogrmphdT/btXwnwf+OTPjB3TxXTQV37J1nxk+1RIYe+em2zDJLwwGDjaVB18QjU/o3dgaquA1/dj0MVVWZnt6/6fIBzZB7XY+OWWjuxdNMyy0q3va91FXt4VlND7dIP6xVbcZ5+64gaOVAzaUbJbHrLL2Kz89J+bZcAkvzlMyrD5NW3J1ta+S4ckshf6xjDo0/TUfB8jXy6VWHH/B5LDgcd0mrPFLl0dLuswfatm9bF+U28MqPoBLksXbMKtAn4Nid1rLeyq8pCQ/oM27cqE7tE5i/JHMagq/FfazZx3ghNg979bWM1nmWNPB4GeHuU2sjj/JTVh2EtPqRw64jTcO556LL97OSU5tNplIbbvafOSWVVCyKWOFxSjDXN9I2s3Do1TotzWVTnwd8fzp/0Zz40p0W/H6rT9e/NGaxw25zW4+lzJp67FnZApuwtOq3YnTLihPPAv1qnjbv3k01ttxgkdGycGCDx5LvqQfHHks9nAy53UtBHlS3p1JsSdw0/OuYuEy8aXOG6hnP+uox80c3jiGm0xtcnzw+ZES54GuQXjUrzKXA5YNJ02jXy75NvlvA59mXtWHaB31BQXfpio0LPSxUvEnvyAvLeJ6vw0YQ2v3phzcs9xvi985rV2OK1x1YbaWhZpUyst/ilto5q1PFJ7f7eJUQrNdWbS7LqHRuerzR/vj1zYvU8LVWTUxNdkzv9IqEYnNduK56eNPyb49VP5SeJb0X+P+4qtrvoHcEr/7gtOjusafR1Qg2d69VU+T2tXOJ5HpTvxTjI2Y5jgYJqE04dYKt08Pug6VhazQMPfZdPBN0/rToQY1qQQFMe7YgfHPUa7666bwjY0bF9/otKJX7g+9M3b3saVX3w0bTgXWBjUMBZbnCsaKeQ4bTaE4fHCNP6tQksgnFzndubBxIOJ67cH0hqfzChytcP3SwqtXUjmLYmdLs43oGdCkDtSMietO8En1QxndrygV/0qnUW6kHnWsebjEWTVExVds95b1LZ1OLX+1cK93HOuBZrwqOcMTYpgTju2eWWHaFl+zTPHPlyPejFs5wDCLhY3ZBg/NTeqTNEd+b09dWmM32XPqpkFBS11qp3bWv8kR1exZ6k/Bksqdd7s93jvWPNnYex303BGFWC9a8exf0yaozq2ppbS7e79qqpZXzR3MZljhORXpg5T1DVcLPo/CSZy/sF+DO7ttNQB/uSD7j65lvdJua67erZbvRvl377GOPNN7KKrLX6v+efvCR+Sl8guFSI4i2TF1rrxchZBua8dy1ur10NNQtqHn/Ql5qxDdPp+mw2I7b+194GaNGvgo22kmTXZyeqSyQVBGvJya8d424D86x6P708pNnIwbyKCbvyir7cypWqJ6CeaWp7855rGppytmSXSKp1hUseuT9krw6fLDys0+cmTTrRXG3vsTtdsd2Sufm0C5JlnFS8M+AWAw1q3sLFBqn9W1bCt7xQ64DHvH88ZVXZksQrV+zptSc0by6XcUROydr7XYtv1XBlP0Z+lSD46SUhVs0v3zHz9eNsF7Zk5teO/uuNXOPB2I3x4F4uJOcjfN2IBRWuB7bG5iOwIAybvTUxFVBcrZBtsFWLooa3iNd1x9fsYQ0s+9M3sEpAV1NWzdPuezzYFdatjSqhZ2/EQ3qNYOcvX3lVvlTc+fTd2sqbWWNgjc6Hy8dioTfvs+4nnT8pTZHO+fl9/K099a7/YL3aae6ND2+Tarx3/OmXnxurGqF2aDfjJNcjwD0bP5ZWs3njp2w9pPfTpPvO+cfDe6cV10Jb/N40pVyanpKgu/K/wMWQOm/Y0V5kstUfFv+7j8MYMHygXz9kyLJ1fkaKlElRQ2eD6+4Qk0nI7pPsomLasRQWZO1ZjHbjy0f68Wv7rle8IEJJcbKXb152OiwJV0rKHkSRTucIb6h+jtAQ70z7Cr4VlU+11RuMnl8vuauS3WoG24frF00/Gv1Ye/WlVfQydweo8SjME3dqiFyFGHhhv7ShHFjxmlwoCb8aQQkX70Me3iDq0UCAPis3gpMp3a0T16rOOSub6guy2l81QzdElcYsjXNBss5eDCLXrHHYmoWAi2E3tLlID/vf1psSjZatQkwY0+tKPptKGUNzXUo11XesWQpyv4n2e3W2pS3ikl1qEQT8RafDcRlfRSa1oun0pgyLz0/EQ9i/uitS8cBw4Rqs7JO2Y4kcZsX1RLm5rIbhrZhBThALzA/KmsgP5i4RumFs0gAKgOSqxshQjMvS0/dF7dPS1lxQNaCrACnqTgmDSa30NRpoVvReDLW0XY+tIWlL6qclpqQtbIKHKsnQ8ombGMFSz92LlCJioixUYTWNo4TlaKc3m8ZNeVq6syy6rO9O2FVu70JCYolHhRUL7ck1U8V0o/nRNdJTNb1qeJLylPyjoGnQZNRX1wryT1gLlyFcbJ1w3W2jJo8bFZr6tEIba2LvoOVizVkSz1XlXh4k6PWy5gp4xLJdbhiuFFS/V2lC0IGAmoKOLcPAOCfLFolb0PkueIOLukrQzIw5N/B2kZVrWHtR7SvJtsbqDXY3ixtU0MNYYCajWoyqVp53EuWTGGnBjrS1x3NBoU5ZJaTy2Oe3WEMBYpkoo4JzhKbbbEGx/Tshnx6Q48ak2WHoY22lzQn/8MT16MkggzZxFf1ungsWzXhofjlLQ31UZQQ6RfDqi5SvQpClCkMWU1ABe1ay1EkM1kFm9TyJmUNY+UqNy826XFakVqv50bbiMhUYjawOGeKEEvVIW2tgdZgIoNFQnPV1FDDNVrb1XZUybQ03xTPEIB4Bb2+gBEqNRaBXvIV7sZGNJBFsimERkksqWRETowUGgKMrQCuggBEoQo+idM4BBynGkJwiOe2nvIsznw3OYKoFon/mgZUfVinmFENW+UIMgAQteReWzP5t6iTVOOrJGvEPScUxv+SZSdmBjcRzGou++6EZja5qrcVwWc94fSYbtugFAIGb5VBizKYK7ZvoqG+dJ6nNQ6pBdSNEvuKm9Wfym3D5nWT5QQNtlvqedn1mGWYerJJNLhC+lNWzECEgXGLputFHKQTk+mtLnpqnQ4SS52XTl0vSSVlWDwkx4YnVT3HQEvgkMcoPaspah1vt1on2jR5GEc5U1uLT1L9lcPVRduEIbKbAcb6PQ81XFcLTn646vpqtn81xSpdfXvQvpJVIn3dfB3R8QoOyufBBUX7uUlwi6Zh21u5gBpFjS51zYTVj3+kapVkrpS6NUuz7ddWbHKfMKh39dDisE37AmALbiui1XQ6eUOClKFzjq8C0Eyrpke3RV/XgKuRN2EUeWZ6q7r5mrhTM5A92OKUsb2OYqhhoCEM62ylVnoFKzaqzoYWub6Ohv1mc9tSwh8S/a3OVVLAgoH8VhCDWe2XcrEKSGxMQpKxKPSbwZ3YNHS2idhX6wVitjFm7mt5PdM5y5ePsxtRA7J1HRtFx1rVvbYkIHiuFilF1Mcxhy3x2E3S0/BwSJ+LHlsI5WNoDTbruRjFljEsLWg+WMzsOnTTUgVNQCiahxhA27thzJelSv3btEiE/OtA1lZqtaxlWPnI1BJBeshNGhN2Rbota8PRgB4lIx8LduvpqxjS0NnANGi/kxY5TLkL6RWRIyDkpyPU0BWuVT14aXGkeWYwwVaqbfqK7U7DpjDzyxKsLJZjZc9OeIaW+jJZb1SVMNSVm0O7wN6MZCwIghIGc731rh4mvTW6A6MMqStUauwDIqrZ1i4TLNdQFMLSxeOj6rWsl6yvpTZLpB/Tyms9dyBmDlWV+Htx8IzIUpDq+UbCk8FSR3dDFzUDy2RrsXMVWgQ8iaCr2aRJZ31rlTB/DaCAyK1GG1bxx4qbyMi8RqagrU1riHXIc1q2giEDk7Gfvd22n1FJ9WgcVU2nIZ/19XXEoA7zTMQoXsN4c9PeKVpBUex3/PVqLm5d1gnGDAlVwDkwUKmzDpOFPCHyZAlbWcxk14p2SFc0ku+WqeVf3ECI9qJ/8MMTAszDmnsDKNHX4X6Kac9QkV2qgxDQwGOCDBELyLS7ieuZPiGHiIzja6pqhcKR3W0t1uibttal4QahzAsAAMm/3kJsBXiRYL5xfG7XZYWFlHnptKaCkYAA/tSM9Xd2jTTToDH0YMSrewRfJwHIVLQFRf1FU4GeTtenmRGHAs2zxFnDNH8wT88N7W2LyKde7ILhvddrADBWTDNyloDcbQZMEhCS6XNo+m1WEBAVbjSbpveZjpfW0ITaH5gPaLlBubKRRuJVYCpbzksqEyFHHACQH5DNPwGsZ872HaxCAQfA5mSunpA6iIx8f61C1cFF6V8Nb2YDa/wCAQ09xAyA9YE92xAcq4eHKidNDfNZ7gj4ACVCyJZdaBACBujXFBS/G2NxPINEjQSnZojm9E3n1syBN+NE9cUBjpE4qlHcoLpb7wUMIifOzxXnxMJsZQDELzTUxpkzS8CIaDmWDgHTkyiWmaKA63DGjcjEKJjgb5Vh8lhkBVsfRzckNiShoVYDt4YINhRZDq8sJwVP3co2x8LqoGxzRm7QITWnAQs2QvaQ1RrhzDpMGJpITXBNfLPy0PKt5HDVZk0z1iC7uQrrlBG/oLsa4ti4SIy3HaEfoG2RhnponisbslHriLGjTQ96soqpG64T0o+w66RWeR3yqDqXKA31A8P5hG2dYmuOQtlqj2wgj+qg71LM7NqWsA3FWnCLJOyUWoP95qqrkcyYhGDrfZDCMQSIREwP2hPdhT7BrIa6yhiqA+QJeQ8+XArQ/KFAcsBmDRS6vnY4824IzxXUwBai8mfiSBhZSE7OVw55JUdUrYZ5uLRqLTfkupCz1noVxC4h+t8ZavWZmjgyVf8FKvHdIJCGO1kxz+r2cGnwTSFpLa7EV8SHaqn2wNIG4Wn/zjhfHsWt4LjBSaQMRrSrEEhdrZ5+tWrGgSUSgxNQ1YuKdq3nGwoL7TCwcjN4WHUVifrfQnZjuKoLct9B8WsVAqi9ygClrcKZLyrUSSoHjGyt119D8XDwlx1PrtikCLIxH+kcqw/QWILWmgzoNQ6tIIAJvaxajtPm6W+m9/K/zcHzofuKnJbujccbgzhy/eLWp83bkxUGj7HWbJTlQ2LQQsHQCE+mnBxVA2XYlf5/fGjV3dhAJs15kqN/DWuuyShrK2wPXwUNY7eehAyNk2Ig7pO0nyOhqS4nJ0irOdi2SE++w5MvX2PV+Fr0+TUnaU1p9JJJMAZpETgNPULtSh3EMQcglQY8bwsdNioO9dAsMmkXsrbO7KRqJ+cKCfJbwkrtFvQknwzl2gMTHN9OKIQ1g0/7fbUR+Gq8oBqp0bH+UoIcuTLUsFGMYJvEg17Hdh25IrmIdVaZJDy0BCCW8LD5iK/ppHEucsBDKcls3HWkfQ3LoAiClkKHFWVSbYA6/nIpU3FVvqP0Q+q/FWCyiQJGRGKYPAAC7Pt+QIskuk4184/JJqJJzpXaN17pMH1leF1nNVoJ4/RVPrebUM4BlOcubX9C4qAPMLMdINhVHsrFNiOQIVPVzJ1zExixlDVqJPIC3ySpTrrUNI+XZmWfLW79SkHFt+wPdEokv8smC9tQGrJpkRtMGyHDT4QNQp32zpmENRBnc9HzKDxdQ6DfNPdv+NB0ctiXCfXprpaBbtpTp0dZjUUqxEkXGtnJD9idwb0gq24nte2jAACxZKzGNIj5QMcQT3Qru0Y2P1KpcM7JVnVcx0MK67b+mvnOZpbXDTQer9bzAuZdkx7bj976wFatBiqrLbabSLMCWA6PaFZzpbT815Q06IEGBxrTG5Pneg+qwgU8lO58pV0d4s/KOoWA2u6PMUeLaKllp9MEPiPdtudedbuiq/VyMQ2ZhPbsQF1Umuty8q1RrDqMnXpIFGD1Phq97nkTg2sCtqSaXxhTnITtbd0MoyC0Vcwc7rBMHAwr8lprSKYH8Fcr+DdgAQDkgBgAIESKUJBkQ8sGjAYimpXOfNDuzLfwTNbjkCwGJVDS8NlNIGE9cq5YHgRuIhB2lAxFBvBrq4x4B3MxoSkyQ2eqtBKrTtM9HAAS6xouual2NQowUJLWfup+nVcfEQFACKHASbXcJiSRi+T8nZ+oQ0FrLoSX8JIZyctqpjYcH/lEgpwRKNcVVbyCY6uviATLTB4EpaPaOlkPk4BQC6gIwa37ymEVqsMIZ3387REoWslFw01EU1lRM7Y11KZBBD1Jnhmk7CEQaXFRyq9n0J4sP+FWCFuZfdE08n9CszcxK8W3zEINN8KeOviECmINoauhQdf1cNxwvDd3F410KJvkf0TYeg+AllFqE8WDrmC1s1zaJrbrg1m+dSxRoxopbGGuCO228kmWAXjR7oj8yyGSKxoeVrqqaqRRBlliOyUu6/CQGp/qwZu2tRlrNIpVTPWJe5eB5N7KFMSatx3+4A9D62UWS30esGb2WKDGZM22q0IkRUk10BqlODPXcH1H4FZKLo5Q4qzPOoQytU0jthK+G8ujrEqr8VCnzTqNSrSyxrCcjOiqrjMoWq1uXf117JevU0G3dYvjRbuOw9bN2MV2RpUB8kZaasiTX/au8a2lEyNdBcQDgbLYT37fzIORgVpjGoeeQ/l9c5Q+Qb3v1Lxaj1CLofWHkFGpEqcByW2ZPiavfCcSaAdPUqSwoPMGHeMWjEUAXava+NfsOAliyftB7tx8SVw1wacIrcbYto9GV2sMPVBbr6pa3+T4Wl7bodPVY9UGqbZkNRID4J9FLLXrPfxRGI8w8Hbf+qUZjcYN74XlL+T0VtOG+JlUfQrZjn6XhVN/m52YAYcWQvB7877Imr45yYufrys6CCDl+zHn90pDzLcVYmK7kaoVq1oC6pG0nLs4/hU4/tY+Q+V4WiKi85kyQYaZPF8Ctq+YMLpsCuXZNn7wwHTorCmajMhQ26G1rGMenZaob62s4z43c0jNEeuvplpzeaBkoQrfbCYDbFZFUmIp16h+uaKQ14KDTbDYmJGr42Y0Urk56/FVayV/CqmGG95lsxlUxrpUE3PUGnHlaoIVD58g4AouGcld2Qywz40pQRCLgC1psaMMFSfPzaqOx6r+at9t0KaSKW0XhJJCOYkHX9vp+oFzn8gs44uoZkQ5S50mU2itncHQZJMeFRa16klQ7SW2aJ40p7Lp0QJPdbG9tXN5a/GwvVJ+Co1xrScYw8JFxrLVaS/xoGqPF6IM/EbNsidmBZNrSNW4jsWMtOVEk0ONPdR2WSl+ttu2pj950VINoaUd4/QMd2skzKkDqHt1xrZpeI3PZfiozxkSADLkYHilevbUDQC+ZsK34RvbhVFTXgCXC0vWR+wvas6zyYJKLxo8Aef9GadZxio8BrKg6f8WCxQRRPTbznZ6AEjpnY/E8+BN5kyFfsKwcIXv86/QlVELx9R8a8tQM0GGlWBAUypop2kZT8by5HGMjeUvmH87rbV1YU1s+UuMhiuSxukZVGFvungo9nVJJ8DxkOlrQxcFgeRXZ0j6R1j1yy8GmBJiPV/pP03cbK0XBfIUkrJWpquagMRP3VHLGDZlvRC/xpHGk5SlRpOmh2oaTDcoaDvAvqk8dpwViR8gHnNI+hCJ6rJOYWrxd/opeqhN9jp8aYYZySY2nsrAgXZK20oeKN1Y4YeLSxX8vRKsOLc0EnWHENytOrAc0u1x2aqlc4TbLmJZp8P64lBE5Ol3qZih9dV1lHCNENDEB1pzVspkXcYDp9aE2g1LtIamjpmvFWn32OXKmJns2RWoBBIRTZii6eQu0qWa8oKlgrqbH9lRhDtFK6OUuxXYqqfVVkqNFAx+aYvGyRWv1l/1ozwCcUf6acvd2kO7uZcprPPgi2Gm73AlPW4s/3V0pb563j7pUmUx1m6yimZbjafsL1KjCQzW+ZpzrLno/9/pdlS0PGfGGq75UBeVmq4Hpywm+eKzGG1XMlTaLrL1XpBSUwGvdYaQmpDt+Rg/2n5tCO82a1cewYRMytrr4oJPf1ZZ33dgQC2UYxFCW7xcGtT0PsAYD06I54KW2lYWCaplcl+tDFCTCO+gqTrvWNHpxmrUsZ69ZldzrFK5qu8LEa1CpMAHR3OLWvBbZ9eh7lbJwTioa0UBRd11W1Rfa/xZmCNXLbqup+yQqqMwpJB1iE8N6N4WlbqVa1gjcC82EuW7s83eS1naAID4jEMV/zfRbDa5FZHMfQCECVdUbeTjUCzm7DcNSioCUMXHdZJ5Q2XEHA+fpQYw7GXKKkJhdfAJhXNmgAaR6+UYGpGqZFlOtivXth6lvrhOpDRE9spRTLBXnG7tnQZezzc89nh9zb0Rk50TZsMGpe72JIg8ydJeoDVA5goHUA0DUp8trPHxa3WiQbANPsET01xyHXyamqQ+uzIqIM0c0EnJ1GDP6tOIQ1jtK6Ta6GsBmrdWvcau1YPDYGv0QI1PAySNLBOAxxKN00J+qJOa4EhZ2Uk7bD6pLlTN8bo0/E/jGetq/JE664y+ZhH1/Jooi+v5yXQ7PmvVeSoIJ8OKgZqOSAcCh94Y4WIMGMBtdauBILD8a7BFFYIOjZW2EAKGVYSvW1rS2UCfGWQKSWvawRUVGoEBWVe1fqHRR+3Waa8oKMjBVKnODaWC+qHHEsusPfSoX18BCxNJ62DHIaA/GAAYAsdGoNGvIGai3bP+MP4u3LIiY066kt4Wkmy7YKiiw/VzQ8rnmbkqbGR6k+qj3a+5EdKICFp6VLPNXRFI3R5F+3A0U2vUh3KaDmOkFfuOBNomq4hCU1cWiPjAVZYbbjAyxpqpRN3JitCfbGal1bfrgWvm3Ih9HHysh3a2QF0cdyHruC6dWXF7dDVDVliEgek3h3bbZenueK5uaMprFkM8b8W7niFnUIz/LxUGsjimeZXrXaeyo7OuWd9duUW5Tim9tQDUOgIgfijxzS2ctzvKKJc40WkxqYlAPu/iTkWUHuTleGJgxcJmO8X9aCOpCPBTbl2sy9ckW6BV/6Sgz5ARri+OeMwher6aYGElPe76Vz+ijEvVleagzbYr6zzpopMhbq2fhAit2ZDsuENUnWy341TV/ftoZ5W0f8116v8PShFcQ3iyZk1YMgIJNFBLZrDsxvDVJmRqQggYcAppoFKBm7T9lA2M8pt683w9GX5oyBtc/mwO/6/gqSo2U4QyYYhgj+uPWAzi+qoWIvNRQJ3bQ2t680YmPR83rggeyH070KKoaW1aQuF5c4tPjaYYiqS3Ck8i7+wQmuCEZta2tvk8jbqHMrVWYqImz+HJIeKHQBq0mJmvM+Xyl3fZFNpQRData6NP0oevG2UM7Us6vqiG6UXLzMCkypZNfjbtJBNuoLg3tEcq38HxQfAhWwnWCERX0+5yOzuZ8SGAsyrp4mQ1wEgTL6LGy1rxDdXp7SLlg/2edFkfspuyHgXI78RKRq352lVTfzgsqcO2k60zPui40Vm3wwEU0DQNmuYnHVueNO6gEtv40rKnI2XNfU49tSc/zZUl8eFJgPo1F9bu66ZLILwXwXOrka6H0N6zSOErIiLGGH06eRgdD615JEg/PBwQQrbPaB4ZFf9fD0XjaDzf1SaxehaVrwOwV8dSyUKPJxfwmOZ8JBXBzKseSyZbIBVYiLWaHsXyloyRd4OlT8kgu+tPjgMrC7nJDg+zLgEeuCJnRngiijHNzqkl1w0KksQOY6H8AK/3w+xLqw6pGlyLROlVgStyX6UaVl3UYqAUiKB8XgFtmpFBLa8ypu6rxVYEfyCNWxkFr+FO/pcM8QU3p1Qb6g4hC35BpI3ZeUqgCE8kUM/dGATUzJC6Uty9egLRIGEBTy6vOgS4ayO/quiDPzJ83X99PNgN5KRatyx/HagcksAg65VJTGqzCpK2+2yKsHvV6prFWWXb/xhJLvgcorMlIi0yBIwlhUctRU9+R3flyqC6u84u6IigDlQf61A280VcV26utLqrrq3a+dS0ralZte6bw97yWymaFh0l5WZDE0CdQHkSwWeT4Jr5A8DNVUKgrJk0vBCgcU57kVHfm3DnFdPdHmBpSsBpJDcVn19AgVuAlcy57bv195qGpuOeMShtOY3QjkCozB1ByahGXta1e3pYg02QpuFBDQFro2/fhT0SBLZZVF/igerQS9IzNdlVvyYR284dojrS2Zxdi4fqVqndlOnmrpoMjVX3YD84sptJNdPnsN05iYyjHc6pVaJPBLbe3PYNLdOG7K/ZTs8SBXpJVtA9Bs3M0C7/vXbJJMQ832TNeDb51QhKOAu2rKCrilMlhBExUC/HUDDJroDACwJAgphXwiLDGvQ6nxUAoqoQgCLYgu6LrLQhzxhYJNsyUegqFYAWxEoLwXz6JGUSVi+RXkbUdPp5aJoAAKofjzawBtVXtckTHTpUI7pBQbFpRNQyMkOgHBhI3Jd/Ex2llvSjVhoAsCwc+kkOuIMKn3oYh2Df1A4plZ7/b5tLopyMWChTkTnDv4AGEKsoAEl/kX61IHMN1FpmZ9rcq/HwydV04omloZZJ2ynpOmrWsZFaQqpYnplQiE0kIGoVJKZN1pw9Ve2HsvGBAiSimCYiihABiDAEQJTDYw3vvtYOj9veVF7Mz1z3nmeiul3T+rZWIF+gatmG/It2zSogWflopRnPuuecoSkkcu9o3i0iklkoRLlRiZ7QaD6tSCW3IJBnAvJhYJeLt1PUEuQ7GQ9s1kcX5SWFq5q7/UkxwqBYha3NdlB1xLvoKQlMAVD7qDoAOGmGm4trhqAKiuQ5IHh5T1MwKiZpJPbF+a6Du1pgHXubVo38uoiEV2pSyYAySG3maH1FI94icNosDDlMw0ahyMpJqduYHarb+rRptrH18xOSz1JgncEeAMYYh7ZoeR6UKRsQKe96n2wRIWvHIerE6YhwmxRy6wyFHkV/HUlbBgg5gsXGMxVN7tlggISwoalBi/nr1BzP0zQYJWkF95NTow1HOD+0HC0bwW+mgZa78pCgspTDYyk+F4MIrSmY+qtiLS2NdQzvOhzqrZZbr1mWwpEIuRmp+tmpG9IRmwl5RkXT57dxnE9IDVsTy7VXOs5itGOJ12KkPgIBzibQ8RuMlpEWSyKKsbxv24iF+R22jMhrFCj0qFRYphWB3zeZ/2/TlTwoEFEk6NPs9K6ZATxFNEWnxJ+pZI/+xWih1hgNNIyqFoQf+ydGUyCCTqk+ESUTrZyRNM8XUVQEi/ojQNSuT/EyT7V4AD79VbgEjYLmY9EaDRUQIZTgUDt9AkCZjdI5HcwhCKAkAKC0l84ZDTsBLEGycC0NGJRZhgAhVQkYWhrArFdztARJvIkpxEYCCCLw6de9lPrLorM+Usp/pknkWFrTjBCLSGWKSG6iISffI0ZXBCi5HuLlK4xPbwjlVdDYWbMTuVJGQDFHf/n1YwrcKTKIRR15SBZGJiBrQuY/rziVlrpDAoJYci6pS8Kk1CCipVcJSn+ls4RsRQnltwCRyQsIAQADAOGkQwCIBMslEUCH6TqAsR6rizhchWKVH0eT3Go6lAY8g2JLvEsS8ymi0kxuAgBn3vUve45b9SeRilU0ybcsEO15VUNCLRK1oVRflKMo1I5EPpAF46RfK9VsoqLr9F1PpYHf6vjKI1UVclAFRVeS7eEHeLduiMV6kw5KCKBkFSVZMBwgmG4rquq7ayVxaoEXmi0lg0gp3QVOUyoE5aqJz19f4E1sBsrBgl1K9sZO1Qe3Og0ack2YcjD9tSMOvqcrI7QFtnkE0Vu+bH8J+ReaNKkS11s1AJD9z3Yh9WGY9U0U8lWWmmtWINZ4tl6mvFa99uhP7oiDOfYNkB5vSEm4kbh6rEOVEzppo++Ge1IzGiorKdfUrhgalXwSA4HKGK1FlV38etTmMzOOtyusea2QA+uoH79Zp4dmzq+uOUKbGiJzsG6vLjYNIFfL3bRuWhNZp3U8MQSRIAIAQSQKCJuzECN86f7dW+5dfvnuxVfu2n3iWNxd9NTHSD0AIQTEEKDLAJMi5cAQVDY8DWbQOPtrZEhKgCFdTz6BIzJERECUU2AxEpe0AUJE6SeGxaSiEmSimGBrRAgSajLAT646IGIIzBPKqF4FEiq1AQzGJQQggrxfFnIICQCxmBiiQAAEgTJ7OERX/QOA2VVFCTwpv/Y+kc0vMkZilub93QwTE+85QmA5ShNmrJJ+vgSkChEj+8zwFFlguQSIWGKYXD2JiewTYpoz5v4DIAakNGWKMcmVxnTyAoK0viniKwcL80taeLsiTTR/CxBCvp97jIEX3CpEzKi9LB6BZFiofBA+il2TAEohJpIoklhIcsHMJWfY8mVAOWmej4rk1UUCijHJKFl9JIqCqFJHQYVSFukjR5FpeXI2JRELRHnLUlxdMPKQ5pv7z0mFwq6sJcn8INeXuWVShHheA3RMCCEtMisX6o3ktOgUiXfeUZRB5CdXyAiaG1NEIOrwrDOmL7h677Mv3rz8/M2LzpoC0XyZY968Harw0ZCPMlNoldp51A5FX8kQqLBTlLRRU2jwkYxQbKn3o0BWQsCBp5KGHK2bUXrCgizBtkoN7Wig48zzJsPtxXUgFug1kkTeMH5c2ecIRh1rux46S1KNLHZrxsxrda0aGGke+KwT3yfX/9jI5v2RTwb0rhEMl+HcWqihcwUWA1KCAcXeep3Q1A6ebHGabS1HEp7isPjqmHg8Cf634lLyF6ChBAN6pzOUBs+bQc3Fwf1P04ApcTWHEj9yV18s/a1MR7WgrelWhEAbPsE0PHnyi9z4eRw9hJm0ZC+wAJfBRJflydDs6skaPzHcsM4D1WkzX1YdOyksJC9yCJ5Rpo7OMykCRvigqVKWXV5ZI/Q2lnLk5J2mEIZ4wn3aKRT9qUViTXc1Uk4qb+focTUB2lNo62wNJtKM5L5tq+BgyYTJcpZ1qemBhD4bRA/lOImgj0QR+ghbm/jo4fiez2zfeOvingfC7jIQxcUCIsY+RqTYU4w54kCgEo8hACFEApeToxJGcSQIGYZTJklso1qaEqoy8QSQn/WiCBEiRZLtRwHHma1YIlNxSMSjqIgAOXAkmUeqEwOoLrljyh0ppAwpsUgJM5euAQkgIhJhitgCxymRt0SRkSNk1AKM9AnzL1MyDxGAj4yIi01xiuWPfCOmLX/ARIZClmxixP8SMwulPw6j0iKVDqN7TR/lAIXDHV5ODmvyWgBhjj9z+AkIIW3xYYAcsAGpPoUagAABRSqSmCCl7UGZbIR08Di9KIDlh5PoQPmcZ8zJg3RwMyPFkEaMIhosMwCEeR86h/iyEIRAKY4uy5LvJ5uZfvSOq+SdRUpsJ2AeEVHkJ08Jo4QBAIjEUxaOpYA501EWnRKUkqZgYQbJyXhjGZBYBVBeeYYsDsBSx9flbWYEgCTp9KIk2r4gplMM8lOawMkV0VkqIDDZoWL8JJlCCAQUCZEiRjZ8oUNC6EIAooCLPZv49c/a/Fuv23/xmd2iJ4oQAoSg1wSUPuUh+FMRsob55Sp6XvYW8Txqn45i1rSIjLkwWS32U+J1B4uiv32/cnlNtDNEmHVTVb+qUjvER0nc8AU2QHUM36TBOGXlRfkbT1DdGMQJjlejrNOQUtxrE/MoB+bvrkxVeziX1DZDXLtwRRbGfsdufCJQcVjD2vouDDPzpIZuinFbtm23pC5mWVIhodlPsg7DICI1pGGdC1mhIZZCJvETpC5VJMkRl9QoAGY9yOr4WCbuOKz7zeaQ2KFmejhz6BvVImpwrFWHxv5nIxjTCzA0rRFzh55lmvu12GnqG0Lp1gCr6y0yxyV48O6ozV1dRk2PD5PECivh/qryQOa0Yn13kGYnPVV2QOHRgbSC7kwl1kF9ZKGW97+AWUqFZVYVMd9r1WZK1BSGXPWTSbxVfMDqJcwN45uA10kGvQ3FQSz4SufUfH6t0Zc3QGT+ceRyr+sF6ml7KkLfQwg4m+JHbt3+7fceu/1eWMJk2ccuzM/YtzzvvI2zz9rcnNE0JOAZAo9DTEeQ0YPBvZmKKDtB+ToChhwBAoINfXK1bGazBWewLVFn/n9M8DXvRELeocuIxALQSg4lsEo2nC8o/0ZV+6S5JFepyAdPkQAIIiJxlCg+NdgXKengIXGm7MYRYHr/E6J5jq8ca06/i83Xo6WcARHkM5wgSIOCUl/KPwsuoQBHTQgcN2URlWckoXgdUPEYY0CQmENzDrCsI2TDUlBF+kO6geglAiSZSuuptkchS53IIABQx11JcK8eO2SZBEhLA1HeEBqAIO+FB1ArLNIGeuWKOUQQftl0Uw7G838IgAEQ86YsBcg7nSLgRLwSJI/LpvXCbKqYLCxHWqn8KeZcOZca4dktBQkJi1zpFTEuh4Ag5K35xGOmU6+bbIHKahL3ggSgfoMkc5KygaOMB4kIImVNB9a3rFAxAmFc0okFHTq8e+g4Hnxk58gOHYt04+eOP/jo/EXP3HzTi/cd2AqLPuc8MhtbKE6A41CxgHasUvOdM+ikZg3jLGfkpK+1HM8wmFgnSNA1W9c96xqEjfgaopzjaMHFxvSqiyS/ITEwTR3IidfRTEZUe2HU0oo21U232yqsbFi9G3OE8y0w3/RQagil9cAfVJCcjbMM3cAhJ4lkyuhNuLEq+DzpgZRHKB/0Oqqv47Ld3uW28LJ8luCzMU8q83cg2czRj0X8KztqlEEhkqmx1xuGhWwv3ZRET9vB4PhSaG8h1+r9T+UNVGhgkzR6e1BNjN169lhmRUeyX4pC5Y5YnXmzwq6rn4dd1OxUUM95/UzYOJ2OXT6pY9lFecvBm7Y80wEp9yZD8dOk5RRzdHqmdOu9WxmlOURlnERQUX91SUkHNgoNathmUmedksx60UkDOrOKMNzx/pQ0Y0ZXvx08txaFPRA2RV3XREa7YxAEjSS4BIoc3igJINXJaIbbP01k5sXta5oblRRrh/KXqi0DPVVihGWEPtKsw2Mn+rf9xeH//eHlo8enFBen7e1fdM3eFz9n65Izw4GtsLWRxINV3xosw5osZ1ksi+UudBWTXeV5TEfpYgaRMgs7XBZmZgVRAdKoIKDsURnXbd5DU7ZKbbHneNBoOah90PL/dDXvl1J570o+zaoacviRXY7ohUzbAOc6qjMvBkYAgMh2DSGFeZQOowKLcNnaAgCJB/IVSn4MuIfm+vDolYwXHrA+lPZifNTcoDgRVLNruk/hrUf6pLnGD3qqdfZkyrRKl0pg3BrWNhUAmiqrK7TulOebWXAhsqiKFSsEK/KdXmgpxTLVOmZRbNJ9lG04ACZAvQxJ2xT7lbXAQWIl/9ob2VypZEC4ItlOHenprLqJ5wFIXmFE1BPNF7S7Sw8/3t989/I9H3/0rgf6yXRzEuDqy/f82HeccuGZuFym88jEBx3K8so+MQlpQm/Knii2oGmjuddITYonamIVLIKnerF2xzYxPG4DA/7MeCM7P6nArTQDpGs/aNt92D3MMRjmLhoHTfJkcRE99E1FgqyxcypHUMlM8YcWRImnNtNk7DdAOzX6UUjBhZmOs8VDNFZhrLSduDV447hUbJpeo9Kbto5oevCBBs+2OXQy5k1IvII8NqhSG8T4WCGXpRzZgdD1HWjX5rH0reyrFMG9uodK1DX/HA1K44HYIdfJC9F0hNZbrKU3ZXoNJUa22ZvyMjUWwnDDOgNhBU974MXFOf5UsqJ7aJ33aBRUs623N3n/oXXScriMa1Qdf9dRjdpJNCIryjCYIJTptOh0DYdAuWvifKWQZ1PeAg9M54M9M3nWfqlxjOV1JwH0sCtKg1dq6DHyfEeGHp1ZEOU0HQ4LbpNK6XqIcr36MGAIchN72Glw0fUC2tC0xJ9K4KWfRu6z7pwEO66BCWwPDabZepxxML/yVASnSOVaou4ENVWMPMKyp0kIh44tf/vdj/7JDcvj89nGxu6Lrtn61pccuOIpk40ZdgHTz7FQpBgZIBosZllgvAmgTcoaVwAeggC4yu1ukS/oilQ3V7tSxmw7IvQg2qqoEVtaa66XauWVckqr2Wal5TRtM8VOAuynIgCecKwpy29zVWZn7HhMVZIGtITbr7mVNEMINj4XelRRZsYEoA0RaB31GVpHV6OsqrLJMduEuroiviYb/S3bTkMx9d1k6nzhZ33L62S1GA/KKmRumFc76+yLU0XdkupvWCzK0PQM2hlYpmZDGUuHyVUNFMFLd6relfMFBAwddQAA+OjR/oabjv+fP3/8wSPTPXu3Lj578Za/dvplF0zTm5gQAEN+q5bMrwZnLqSQOUKjcpFUXqm8vEObTiuhWjtXLk+nt2rWt+Tu0PXcSk+tRmdU8cFnsk+uODlhxOXhjtcXIgMJVBfqUVWA6kezRykZeEpW9S1eV4g19LV6aLBHoSOHYXiUhkSUXbhmPADFCwwg8AF9b5eWQdJLZVEWOC0YiHmgJXvQGMmImYYm68/BOYSGFqvrrtWKnokULbCOqSOq8n+8ByMz1X55qKj8NrErVhri4iMr8+vFn0zKQM1SRcefeRJyWKrVi4xkcnnDILWoN5jrI52vLE2oI0fnjKygGXH9LNFQ/dr0t5Vn0MV6aR6PP6V/yTk1S8uvWDdeWSMnx8MFsWmqBHHal2g1qvn+1HXkvwPxp+H2CLYSQlPFVvzpkm0r40/NrtrdNpWQ5Nef9L6My9Fbepqi6Ccympus6RnJWTRk1cafICtjpJKF1lqtkZLjzwgxQiSadnhiu/+ddz/6+x+cH59PzzoD/uqr97/+BXv2beCiTyBdPThGBuy2GKSEiKqvAFpWGt6TXOVqJKN+jVBkXeerE2BDLkn0nWyTgg/t6KRMRNNiGLlaw6WB4eH/T5UR6g0TWsTXLKXWso7kDHVP+tLw9+HWVoZGXetIce2Gh0dWWVUhCRQWo9SmF5qq0aIV7ZeGmqzT7foFfb9e6xuwxUuQTuXzbqOnSdkOQIDQQQeASN0kYIQ7H1z85p8+fuPNy9DFi8+d/avvOeOp500WPQFAF8qrvFMn43bSbNc0kJzSaRV8DCnFk4g/098QArRIzS6sNYeTjj+bfFA7PqvtVNMLu1FMZTBJCIWuQa2vjz9VLy7+XO3zylAr40+dfNdrlhMnreDToSxiugbjT5IHmAx7DQRsLXqWSSB6EptPcgnEnQ8gnCYmb0AafxIFdCvdI0D1JiEw9t0xaH1T5KBaU/gNka3trtE+m7azTYmrijIdlehsx59KVVbumWVgvwpDQr1kw76tyROMMaoWarxRJ2lOe4qHa/08Sd1Qby22kzFNa8R2Woe+deF9AR9jDBUnHyWEqHob6lBflM+tdFTpE7UU6ZSpTkuCWD59qSZD8aXaKhS6ndVWzcTWACK2VEU15Y+GHUzjULoh32oixCHRKt6iYaRq4oz/GFlxNWLej1/DpyjEtq7Jyka8YFzDmTZhlbCtM3RTzEZS1xYyDr6Oq244VEYTOhgJ+j6GgP0yvu3Dj//3dx9/5Am86Lzpm19/+muft4k9LXrCgKi2EMH8rF9Fs7qK5TWpRZR5hc1K1/0USD7si4qoOyQ7UNlZTy2RpatW4rQaz3CDeybptYBTRtMWqwJAya7XSubsuutnpNQOYRD82Vt18wHV92UMlTaJGKW4wN0hytagZ83qQhQjQHPP8WrtMuqS12o5yHjPj3qSbVstQHiQo2ah1jr5ZMoIxUqA7dBETWFuqIxRadsCASC9jqqEK7GnjWl49Hj8+d95+BNf7OfL7uufvfHPvvOUMw+ERU/5Vd3Kb68ZfxqUbFxlA76LUI10Pn6yZnw/07hUMLJr9L32HVWO3OmowgaNoicl9IwBOeXv1V13+MjF9Nnl5yk07UsVn5j55tN87V9ncDhE0zxkOjwJ6ruZvqA9a6uVVxLrxlyB8kN02gdqhFnvcZkjpnadDDZW85FAsZ71SPypq61InRhECA62sW6qDm1eA5SKuSS7G3pIO0bAfJveFh5eo0kWTA3s1wlhtLmTmdIAohtRqHGXOIKuVQjc0Ch/qTxhgZBfpjE4KBDQ8Hjcm+l2RVHPOK2u20zPjA/j9scH4/thmdA7qLpm/aFQqRRpKGdQmvspKF1o0zM2YZ0Ro+YOp6V2yC+t7l8198x1lYr+pN2sAfKLKatGJ9e9sR2W8JMBM6wKJXuyqvVQxLtqmFz3JAirRHcdkpDLWhS6ausSt5oYWaCKXRQQOqCP3HzsD6/fffBwd+pp3V951YHXPW+z3+135pHSS2TUU1ixIovUXx4VxPsCqDR3+YD+iukBheP5MyJguojE//HXrIHEl7Qr1D0O8ZPMhzEv2yLVXmhpAABk+gUHVF5WKgqCRKm/TmF2S99k59XEVajuNu3dGkOuupnn4ysjL58jEdv9oq5FkN+jqu5iHgT5lvqP0NUvhfQn+U8WC9FTVL55VbXSy50jL3fhAMuzbrWO3ks/lmdllFZppRU1dzTxKGNbsXRMKB8ovy4XTZOE/jFXMGMqWA167nqEUZlXLAXhKbF1SjBvex5P34t//6+efcWFNNuED31m5+03HN9d0LQDTO+dHmCxYS60WUpUtdbGvArwmmXQJ6oosTVusgnGHTtqhgRhLY0e95ut/OlIIhWMgmJZ99oSGCrXoXQQlOvbjskje1ztfrnzKtZptdXhHEDtZZu8zZ0XV9jCWeQPqhcihnwNWGNTNyYnMlUvlXdegeJGFy2L6EpUpo0kf24gpfXS7uNlJK0/2sTVRHVrjR5WCfcgSiSCEUFV26qryrq1NCXBbLllpEVElF5jP7Qtng+7ynsx7JPWJgxrc1V9HVJx4KGLB1P2CIkgEUn8SwKStGOnVW1U1njd2xFAHR9KtkBvbKbdPNfVUOQpd/VYmF58kDwsZa/Dy0CCTpAwzc8N4cZyXxEx26jUgRU1YheHGrNCtdDscaVhTmVh6Rkwn1/RVYUdoDtShsYwnDFOeqk/EsrOcDP49MqM0LiYBcH3I6APKP8cKz8X7Qlz6a46F1jEoMV8ZJmsX9+rK+cR0eISBJYHP01zoYr0msZFcqXN0BD5Z43yTaKWEMtMsxxRRV6rbzYjkbouPHo4vv+m+W0PwtZW/6oXbH3T8/dijItIXYfIGTMCJMJq5xMz6LfWNUUXDNVIrUeR3sxcNmhiZNOFElAhQfqREp6jFsryeyNFxi1ClwUqgF9IbfQqJ7qy7QJFOJXVJ01x/kUK5IllgQVFi6iKXoyk+VAWr/x4ip6k6kdxFIhAB9xpGTAtU3qJr/HoZQDpX7k1E2vl/1yc7ziaFofAtcprZvmPCKBPlCB7jVJRaV0WHxFjylwlkYT8t4r6UqBpFhSBkMWEO5e1YM+NYBsJl5OM6UGUUWezoJhTpwxMHzy8EYk8onQhq84LW2THGHKW5+IfzJDKKNkZC3ZIEiTyn4W8qImbhu5M9c46pOpS4SP3r5TfiZNWLyUhbLzzEvIqlTdOi2ZltU0/aAQEAAFObNNTTg/f84azzz6w3Nzo/uSG4/c8OE+LE0ln0Ph3cyBrTzpeyfZWzSj/S2Xo7ER4xSuMCOITFbBxd0uFDAiUIhiOliI2SmOG5pq5Lhx5bK2KWIDyMsIdkzhTk6op1KTWF8FIavLBpJdWLLSzMA3nZXS+KgoSODzZpFyYU1ghRKq7zflWhJEmiWfEOB0E9qk6OuIqU6oESTVM1OSfdFL0EImhYbOGmYG8wKlbs1KEZslkabhfR4YWiAaeYfotT6hARumVzaGXW7kOagWFAzXb8yS4WlMOXWVPsJp4mSO6hRosLX2t6tTpiIoezH5eWGW0O62Kl0PlwqASmmIxWkRqCKOxDGTvWygJ+VMyvx4BZKLrJQHRZRbbes9QOXgTBjQp1nOU4Yr5zrcLP0ok5IS1Xlbt37WpNTMtHqvZj2+yWir8RMDOOnkgrYkIHBOq+breahs3sDqK2vqDLoNa1DCLcrvwplZy51G8CSUnKgAgxsvspY/OWouWvTG4NEpcpUZBarVAYsY+bQUDcf+KvLTGYp/r+mYixt8zpG96xHouLfMnt9wHsO+sNP9xpdp1WKpRi2c9cTViehs4JhwWARDhrkcWX7qfdnbi0y/a+EsvPHDqJh7fgcmky95IIAqz0PMNJOYYsP4S3qjjH5m5thuFDInXV/XrRlWyJD/rIlhCiMWy1vlDtkhKKEy3ANmlOduFupJEHzkx44E5Wgnz0UMepwGs0DUpDiZxMCGa0oJ/tsIITjbDKfxiLIJY2jR0gNNL8mOQ7r9MgzA9WQonsCCji55hAk05ONZvNB3QEX36RNtfRnFJ2rMNTFJThBQ0rbLeBhXmD0VP8jsLiw+mbI2UgGmjnxmBBViZWywzSqnzQlCKoq12GOmU+ZVb3iSVhkbBiVRvSgjlp031ogql4AJsJLViZlba8pv/PBTVDBl0AMRsYpl0Xp33UBH1YhieKjhLYqCSlwodHN+Oz7t89vrr9u/b7A8+0v/ZJ7ZP7MYQgHqg9Pq0HB6zFeIRRDaxsmOW4QYKOGAAA9f1V4XTynfbuOmmVFfqQ13RG3/+T/xEZj0i2WZ6fEcqjLra+rNhoGpI1hg2R2/0YPsXc9Ys4y7Y3FWmoLGI6qLBvS2kpyt7DUFoRlxCU+FGtZDmGzCct0PreKnSlny1wRCSPJpcoPy3NsLSe6tYliri9e63obbVfFiJRFmGVHIlMMsgX0+gyKYNmkpa2FPZRN1O2FQwxa2YAiHUVMgfW8SLRA1/YLvXMFY6oNUz8rwqfXoq5Bf1VF5dPpRJWVvTBOtlnpmCxmwHi3g3GZS7rAQJoW2LfbEU1V7MMkiT0rZH+e6oodStNExvWisJSoufqDG9p8733yDMXnUf6rvDPshX96xRQzcRj9A61EfdHw2hxoGFsB6oTbjijLNfJkQx45KtPzj1TFnzMildUKCv8ZY/C2ybIzTUasgFFsTD33U/tWGG7HKqEddRMtdfst9IBBAjTQIe2+4/c/vi/ifo9APh5c/e84zzp9vbseuUgRTHZoxq8isEUPYkKmElqt5zCXYdqS1jarQCV63nrtSFs4zuBjYokAlop106tquTp8aXi9GzA/lJmd0whZa9/mBpUa7IIDlsB/KVNMGGUwY1MCWFh+lTmXVxYYNFlj01JUVJGcISR1DYmj7nzVIsSqerF6RrOm7OGYvIFd7JTi1xGGcnwC5aU2r8D5qKdvHzgBlFol59w3EZz+zt+skqgafyXfYoqCLD8NXkFr3bt0vrvqomKJNqyVVmR/mpUSVIGaxyloKH0eahQbYnVlfAYl84okDPgVZpjcY5D0QMARbL+KrnHrj0PAhbkw/evP34ERJr0Dj5Yn2NuqEUc8iSaN8hHwZqo3NkTH1t3uV4iOAQ+YsMFtcB3CO325+Hi6N8CDLVFZroPH2BmnvDpRH1lQ9j4QcL7tBd09U4AaisulwVFK6F3EO+FvHSpCXtPNbYvMznprHUZQgUN7Y0ix+sRqd2k5WluUCaUWU1bX5YC1LlPxt9DqF6xOp3LooxlsVqmQKbBhwIT1V/rbQLWlthHBCUNMhQ0Z5L90MqKqbRx1mH0mRMBrrNTwCYpIHzr8qw2aGW5kru32RQSXWfQ72ykd0wha6HRkc2A8E/f0jyWGZ2amZiQzM2y9/SPzeiI2zI3slXEcShVamjGmEUVa8X0x2m4aW9Ab+qJlQyIQ+dG+vMNdCZbJsTIs65EwfPebeBJaCti27KTvRLFpYo/fi3zKOASAJQWJ6YOQlZKtfI7bIkmN5klfX2E+9Z6eyUlaX2hAr30m+7qV/j8tHgEIqR2bQwpOAaXtmW6RxQn/pWgzlKMFziatBLWFlC3aWaDigzbcS1GEcggj7CbIq33797/ee2HzsSv+6y2TVP3Zx2cCzCZCIdcSPFjsLTtGLF2CQfjFSaYcU+P19gcUD+MUxGA6JZ+l34xVPZI0gO4yg6i1IrXsmNEsdnwautFWbTT5h4j/xLGboGlsDS6hQA8G4da7mwBBVvK2tDxEuMxU7yQhNzAi2jQFmMsuYGMCEo8q2Quqto7wHTI6T6nz0tzMg/HpriqZySxMzeykWDdu9JanPFRKu8eFu1EzRZFpglpNAsP94J8otNbtmU1CDv9Zv7wGcE83xF/sjWKpNQ8qO5a2WeMzPIEaegrZJnJiGrGCOui+qrGcqyTBNS2xSxGsIYTEklVM30BFMtf56MlS2rvf95obIIikRABOVmRGUAPAN0axY/qBeJTUwmedLh7pzOPwufeenGZ+/aufNB+PJ9i/PO6AJmiqymZVMpEyJFj6pWBuUfJLCOj7SlKgwEZm7TO6hxiUZ9ljH+0PjFOFec8ZexCnpJpky7S0q/uprHc+lUh8dqeFYT4OfYnJXUdwbIQiA/l2H2mr4RDA5RTGNrLGJlFg7dUtbZZCasOX32GgXo1JW0filIJkhmcA8FJergXRTt4lE1Hua7E3jliap3fBbEou2N9b26N7VXVirAkBwqWWohMUjOoxmzFChkAwSNfxozJyCggAGUESpTVg5EBK/prMqSKRUuMV5NgRX1pH1iRBp08nxNKwstQAkDOsJaLJVxW9KoLXJmaeB7APpFHmZp3aBirVW/flrgKxt1rkvDbkrn+hxNc7iBzOLA57riKuvG2movStsGpPROrEVd+3YV4a+32atLK2b2IOYkezu5NnXIXX+2dqedG8udtUyGJtAjf+6ckb/W1oE+UjWb4ETuh0y/4JRkMFE1wLTh2O/JFZf61erZTgABnbQMWChajz7g/hEAHny8v/eRZejo6RfPLjxvNl8SBrWzkTsBgvISF33RkO2ckjULdlhHPcnf6u6qxlzJyHR5lFKBmgGm1gLihmymS8sn9Jepti4cmqfPGcA3H5+0bdmwoXr0TfrkgF1PUB6BxMZTs6sKGo5ZqhoMkJpQjrwIIGXChbZx7fZqYOxh2nMVCKQIKwAOCeQJUGZCo7MBblDWO6paWCLVkjneeAksc2/zfnA57P67Qm0kvmZ4TXH1QqNZJEn2Kyc0rIFa3iqJzWRj5eBqkgeEigCoNojauqO1OgOCmvjUdRCQrn361oGtOF/AFx9Yzpc06dKvacoKSZOiVyb92racJHhpCCWodSvVmgbf0M0WmziJgG0i1yrO+DuI75W71blPXJrqJ+ukGsWATgNLRqSAq+jPOpvRqqd3twYrqT7dcGOrNlxM6AGroMU6/HQ9sDVYQcYASe0aI4MPCXvbP452JZJJ+Ynr8coWIzd+xsVZxFHYU8iu8nSpe+kwfW13sppnVcOmEo2I1tDdMWXUofLINsbQjVIhV5mUTRL28py9qjfhQJFRbE2JD5mz6YrNKGS7x+HM4No10mkgwlRmRgXM2I4KZFCVk/dvZct8+K5ttAgZZo8g28emVQZGapsu8xFlBLPbT0iFD8lGUjEfvJuqMxPNnAxUakCsOiSJRlWhbGa6DEcrMDPQh9VYCCiSUTFNCGOqlLBmHNcW3JyW40Zuf1J5NZSF8CcdyIMPSfWh/UlP5DdQlBxknpRO6Or5lJH0EQLtTrSGFAM2vFjSEFrOY1BE0RCgi1McnQvX6T0wL1rP2oWqoXTH8zayXKcjGiYMy9QfOxKPnaADm+Hy87vT9uLR7dh1hnVq1ZCo/MAIKuJYDaqdW3K0sKayEmWNMHk7VLEKDwcAkF8YlU/9lh/P4Ymrb6Vt3qpMCoKZRihVhXVGNrEYFOAdJTMpXVehUeYJujZpW0kdCsgTsZwRUacCDkvXvMHvF5Okep5CGknOGWhbwgFMWad28ktrczHoeTDDCkSJSfQUpBPuh5hxkg4UapmXymbJKUnNaiKZjYfOmWcmO58rG4ibt0MALEDTv7hPiZI9T1NKK3NBvYE+KwaaNsRUIxlxpzKN0pm12443eY9Eb881nDBm6FTmp7rkMcVzlbFRX9HDSouyQyyybabECgu6c2DrZcEFe1D2d3pvr5jrYukyoYkkkVm30Lx7rnyVUrwsrdyg62B3ly4/b3b6Jj0WpjffvnvkhZtbp08xVMtd7E8RRKfghY2132xtoEl993VoJ6dwOPlBcaBVkQ1StWtF5pYddMhVCYzJX/QK2Wp5XqqfOstvrvAqNDYD9ESUY03tScOY5BeUgRoLAstqjJ0/LGDDQU9Q9kChtURDvaYFsGlb2XpBjvPXQ7Q3pcKjx2FWGGhhzHfu3C0frFgatRdI1WmHsjsLGQi03hiS/nEs0jNyGJWTL9H3JmYF0bWwxFsujSZTTAU0wwm2LHUU9XW3hbFN69AC9hbt5J6Bt0K1aGnSG9NpSloVO6zME2WBcdLLazex5sM0zMZKyYvCcoMlDTV4t6RZPZFu7IGp5A8rztwqP5GNAvBDNlbf5LMxu4bgtX7AxxROLcpU0lgBgtBDAmCGjV41tbZK6wCj+O6mnJ3MaH4Uo1QIijPGrNuGWn5BL6BzyWASBG6h9UBmWQXr2IEzeBiO6GQEkecSc5KJ/MG1qdhST9t/bWU9RorOkjQAxJDYD6tMiVelM1J/Bwrf1MkNgMr+jJQuwO48Pnq0P7HAS86YXHrWJAD0PUw60ErBLkZl9J1LJUN8PbZFkIZuNt9ZRtgUFMVTjiV/Ij9jsPdlTHXbWBKolsi43jS0Sq+wQxHVHWCviAWIghtDgppEgTxeOdTDdJLswfLFdtG00syf4uUICxna92lRKcKpD8lqh80CVhk5BEAdSGpimnzKky/ATTo2YbGVKL6rQ11VpwQxHGgVGoXW+toggSizySbCCH8h03p9G+5rHurT5Txv8y9BTsVkhy4d+afWLPfy64XKghFn3szrvqoOeCaGO/ZKqU8VIiR91y87ezcAKDmpKrAxTbKDKR0hE4VOpLAcWVYsSn/N0V1EnC/p7FO6i8/bvPvR7rb7dk/s8vyQGYROKryJ01MYMODJmSkN0lzXALH2rSMhaPPQY2N0nrhqDtb9OfTvKHcOowkVhgd36ShzRRDdUDHqzyttbcKYVx7ZO0L1xH4yT1lOLKrJd4XIJui3rMS6miLT7aCMBcx8uxmh2Ztqvtbql3x9df5WD1xZ5ooQL2DKT3j1YzxA/MlCF4f5huTQr6qYc5IvxhY1A/7sk7xU63YKvtrmmQZFhd1FaHOrvZxOg0AFnI7tLlyUjEO5ySrvUg9DpplnnPkgGjQUqfuWBlM0VS0A+xcDXcw0Mn9XiHuTmNKkqTkD6j0wMUwzqm764+CFl8l2F0HghL2jUflxuQjkBNqYAB20N2ltXZXDSABUjdde0aZYlLTicHG3URnfauw1CpHXw3xZscgN6sO/BmGcDx72gNasq8ukPxTi1FLSkEcso9sLEoIq2gwdjoYV+lDqnexigZ2y8zorS9mKbx7/cNTZUVs2paFytQQqZmR1m3QwX9LRE3FnHqcT2LsZAIBiiX/MExHy39ActdMj3aBJoL/qJUyLnPWftaix19K9Ul21aHeBgU6EKO8w1nKTm5C5wDOodFn+6Mnk/xSfipGl8m/qtLxcFcqhT2hxDIdZrA/FauNbsTJzLL9WRl8qFDlWmAvCDGw4ADRtyu0CpgZnwIuhh2wLE1SV6qEa1VHO6SCUw6uizlKXqpag9yDXKCR8per5w5puTb1ID4uGqgpl7fJ/Et0bPokc+Bc0iUHR8xCOkAyvCLSyoKYyaBnWsIoqn4B2uIZrE5KHmM8D9hRDgNP2dxSXh44u+kgAEEFmi8lS6vlAPh3lJGg1/UJb06Qb7XVmnAisdxZYCPpfTWTurWH23Qfe18ztlB5iHlpoYErWlOiSoWs2oOrDKlzU3p7yjsRUsHszZt9Y3pUi5I7MhPusNb9UyUa94vDIpMYnK8a/eVdTgcYoZ3VYZ6Gai9MABqv0iJuZmTbET1+xY5ejczKoapXyBXbvcTAFUcxjZRkQlebKuC1SC5GOHmcB+HbTBVS9Da9IAyHXF6s6kqGt2vqRksBQPrfTHtHpVxtJqo8EADApTskQY/si/uD68z/mQ6baqByr62YsfSiKuKaET8o/Kt/PUYeTIxS3Wi6MkMFfjZAbBO9SYmM2x8m0T31JVI/iyqXfemFBoNRA8SxW6JSqVUDO66yMZ0ouR41SMisAWokbZPDpCrbmdd5FTlNZF5oNPNaU22lCTiiU5iicNORJW5fU1LklscJcw8IQPmCp+7dZ1Trxxp658R4gIal5oqOZtx5q27hL6EVXiX8zLnXbfnnHPgTQV0eL3kwQ+5N+zQMDYEjdYMwUErBjMPQRFNRN6NGiaLuseNlXEULTyhdUlFoS/1ZEMc3Ef0hV1JNVWW7+p9CT0Qiy5aH0i3NFTqAIT5kDygwNBGIGKtVSwokZ2MuM2bBJFIn5YKzyUszQ2uqX+flzeLw1qQCJQkLiv6URyvs3QPNbTU6vn7b5yFzVKywIQVbG5MflnanWH1EWC4UMnJHO/OTKZKogj4yFa1oplYWRqiUlUdC3IZdhV7FvTBfxMqDoC1nlgXwIDc1yNoRJzQ54ZRu7fEKSrgc8IUJeclLvUfE4y3pJ3Uu5rZ2t8sakDGsatDgSs8B2i0DcjZIRNu9Unr/JVIposlaolx6nefFGgDpYas2iKohaQzPZbN4zo3hk6DoApMWyr7pJ584UbDDCzI6j5eCIrYQ16wrtWJuf+1GBRH5qpp0ot+nNev6aQ1gUZ8gr1SSJyTBo1d4dcpoAalHQ0A3F55NANYTBjcpCgBuL2sxQ8XJWgqIQqPY8wUpOEpCKjzoLLId89DBu7uVRkdbLhJoxv0ekAz9i2eRNNfs0LeAE53APA8Cxpmoc25Rd/Sox4QNRN551+AVCWBYx5MvVTLccgRONPjLNNaHIOTYhuxZCl3LyCTZ7RdtAZw2AXaBeCY1gGQG5uUld5wUB1LrYnWdeBRU46Ok3KldljeDInzYHgKCcVVG+qu/miCdVisqN10MDvAZ60QTVHZoYsvLFQ3Oxls7hBu54BfFQUMqaRb1vdr1oEKwBkkHHm9REnlSRgWFgXSpWAbRmVBvp8nSEGanS23HqWhksS0sxTO0+nOMcGsg1aXv3hoo2x21a59ao7UzBmDRW/NRHv6w1WU8YWpXcJm2LRgQAigRAOf5k/5t/zz2hLAMXTeOGNq1iV2pJjPV1qX+p2Ren7yIU6LulirDGE6JamhWW9YeIwM7T2C5xdKhqV+RS2vayb8nID6haKJd4zo8HoO+QW9SSVRiK1VWeVqugWUa/nnpKDXDL9U3KyPxLfiObSr+Vm7BEIgoDeAlqD04ABA00CL434M4MKxTvZeq6UUa5vl97wBTNtu+gCKOdg3qboIiCwS3lbiHLYyXfedu/GbiFUJIlmeeUh2FuVyCnURSpLe77JfFShdai1HkgM0qraDWkIm3AUxLJWy6XMfayzyNZGt1kZBArDg1BN4LW9COFsvyX7DFX752pfZpJaPDcWg8urH08J9dW5Kzi0UlSsrL62sDC6Gd9HnitTmsXXJc6bd1KVT+5srKl2kN6Eu8mBKjI0+FNm3I94kryNOqvkUsNHXlQF9I2CW9cVsEwAi8NaW3MKtnQFAeKmgJjtVEDiTJc5SValFRkrygN0776aN4agcmqwZT9qoiccNa9ZBkIMnM5/WuX2fh006/s8ljyPVZbA3ZLihEbTUrS2Jgwb2RBKMKMPth76GUuqRpla3gzYQCblx0G9HSonqtrKIPkZ6wlA8rz4UqNYdOuY0qoolwpkxp8cgDUMrmAob5I1U6dviK5Q+9ClGKQ+wkZ00kivko4VU4Y0hJkydRL34J8igyqpGskD6d6KdCO1AR1uMKCTU6kZTfO9189PaJZCmr5UO0D+Dpqe9CVunNOqIuQ81emleR1LtInW4ZCvxUVUq9KrxOiyEGnYYLuMbMxysHLXC+yuUirSpXcl6QjvxWHn6XinDQrsigVa0VxWNh4SympyRlOyjwVfETk9QbKALrsjBRY0TYSuYnZaoFypJJHR9BbNYVYldZle5jiMeY1n0Z1Da1xVPlMFihziEbxnVRX1lzn6KfwnKT7MmzukMrTuvzkZqWzmObMQF2xU4uR2f81sIPlmZddU07GcvPU+J1E5S1HxcfI2EYC9I9BuCUmBIpKmiBbniTGNRtVzp37VDl10QCeLmLeVEbuWIm4160sEFrqefuCeSXLkv7Vb2ApJzq0XwBd2qimYcHTP1QmjjKARDtY1qvYbGVASNqqV4SZsxqFccTrJL2w9QZ1rEZJDxtCrSBkmclaxvTxc2jcgGWJZSu1XcYYgYiiF3QxvGnhiW2CRLF6P0YrIYL+KTIhx9t84SKjrwSdtWeXvZHinTXbNXd4mDKKlXEl2R4a1bhiKD9OmZGmvt6tGtyOVn25zWThJymeel+Peteam6FZ0dr55skm0OIWzDFHWWA+XqTsPpXnIppRKDn8Vmx8YVFjUmoSrphVQLMTPgRLiutXa+QVUw/BPVNrxR3BujdkQfUBldZWN03IGuQXommdeEj7rWhjY+5aHJR2sLkoIKQQY5fDCzxaP5+dsYo1yvOt7BGZyZr5NpotOn4SMaHIkkZ3pJazFi8lKmVWAv7t0I39duBjYmJk2LMJQ+T4ykQoHAjWq2XOXtbWzQ4wBx9OkrzgGmtisht5yarIr4l9PamyQroQQfLnWtR4zlCZA7Gt+vcemwCzWPC8K++DrnZBAI6sfdWBGFKZPCN8jbEG5NK5BE1nzVhhb9OCgJVj3RBa1sAGtGiqUJuxjuxiaMSC6/jN9TFkW1tf8zR1hRZp2lW6OmDUs22Mag/hPG6eDuXoJuXRmznXcQGjjLKNjQOvDcXGGaRckV2a8P01kpqZYjVccvoEgnCpKKl5IRLxBbbI3J/7o8S4YNgmDdog6r0gsf5QdaRKcQ1qiSUUS9+aEoz+m1Dk4wSQfSKenmAkFc8nc65HlzjcDaqVX3RG5Q8kLFeQgzWK4xWzNWstZvbG3NgtNp/i5Ft+2eR4MI9muKcFr+Zo20qg7V8TWmRfoKo3UUNqpN+kq4ay1HIkaOumGg2HqVfZFG1CkBFqWSY7WT/51J7Et5f3RuqoRr2WWbq1Nth2K2zC8m+R15rl3rebXuXZ1xzI6ZfnMgEet7mhik5IykSbZzEmlcXW3rtEHiRuRVtCW6jwQXLv1kbwYDnwiYCUTnlULEmK6h9T0rNHFxll64SFhHK9RaqOwA1rFWeNP6rdsNLusVKWxngBi1HHuyj06HDImzIn+GQaaro9SrTCbQgDAH71FrDYYKsmiIOun06wUwDJRlZaQJVBQ2i8Qt102Jq6I28o2mySJ4iUqnVpdyIrYgfVFNajtKv6jovA6JBYKYx8HJzdUMJ9uDgPhfU93Z3Db4ic3SW1E1YMYHnYQxvxNlWNCyIK5d4I5NaTGTnD1UwT1KtfBkbVbIRc7j3fs1FGY76qAjs3x3xxVRBackZF5WyqqZDfkDgscRHmQ37jgp7BnDWasEKYV5TGeKpPomFdUWZcoLy+VTofttT1fNODJ6aBcrFCW1HL0ZJsSkX5IMfa9Yu3Mio3PrRr71et0sNWzx74yHMRUrPg37qw5qtueVxEqHZcySw6K0JlkBwY0rG0mAFoWgSetdZwx3AJ6RvpMWW+GcgwXW206UtjccvJEcXMqgwCWyLw75Gimvi1CgIARID8k3r81A7kz2LO0+eGZ0ZzgTcfAXg9rIHLC1EUtq1yZqqKiFLN/TfUHPT4SRLRD6rJK4fyzLFIlp+0VBLZpeO0CK1JsrynHrxhr0lk2tRuFytdusj9OeJJ/cP2vpqfAXjIZh8Lffwfh0kCbqR9dhaKf+xHNPvQDtSYJ4sGcSdFltXFNH39xl+2+ww15ZVBLRnI+RRtwqUTjYzNJLS9BxDxryRNEZkWCMXjt5htrtWZtdxSMa4t7QApduW3I2XWEMnTmujpNLrpR6bCOrZO2Ua2gby258gEOu2l6nd55IPLuzf6zz3oatVqJe3LxlpLp7OwyDbLdULK/PgGNVHkfGLbR2vRG7TkjFjTwAKa0RvGXFn3yu7TGE7m4hAjW+SZmXn6wHLeAx7bY+OonRJ671gJ6wOQCrM1OKZlyvXWdtADd9V8RlnFNn2syhru1YGZ9UPQ8Z5RFd1snc7NQO3VLKO0vzbitLXmVSzPgFKsKOi9ZoqXGmP7xMqAr22BXjWc+YAjyuXDwDHovlYhcxqCL0JJd1FFM9bg06PiBqkViaayXJbe1Y2JsEPnI+yRF7Mz4+6m6i6PrrJ9Tb0tdxFYIFReBDmCBZUPKLkTMs/g8pTLuMj9VMMq6CYNy8YM1ZWl85FskKtpdhchH75g+MaZ4HzXEYbuuhOd0lBNltLBY52TWMOcNTt0hTceDQZ0sVy5ZaewopCahTInIP4Dy4csWenh/6FRbOQ5lu3DnIik1pq20gcs1Y4bIpYjze2ZcEdYbYgZDZTZc1aiMQSpKw3hrBJpzTqFPIns1EhANMDshhy61lwTImGknOFnxMNI0SGl7PFDlosI6GRZQbWEZxkA6ONODQvpjhqInpQvCiRQru8mgwWl6XVjmUynJgjUSUo3GuNcm9ciD7lkBvy8XFuj1EuO+OynYqoFbtxnmi/xwU75eQlRQz7e6Q5GkRzmTqGlw6qiv9plQGkJRo5ZqgSYUSFCKUe+4yZPoLGyWAqWA9VG5lWb7SJ5vFzu4C2U2DEAACEGSmtlj+gqanNPZB67E/EuK48c7muVqSeJwoIcA0JhlsRLTK+4u5pfJTCBbH/yInI/eb2NBhbLwiEomqGlTsEkemQtg8rysLIYGq1HRjMAXyQli4pO64NYnsRgMX8IgN/gLODEtNRUVw6UExEyn5z0JC25paIvHH4rvJN/lSGdUlHrgt5EFyPQPJTWOpDpEr3CMa5UfIcGppgjUJlmViORdFYRjwn5nLPr1mpGZb1qD1vBHsWvQUQh5qt4AzBrajfu5aLa0jQ2mqXTO+i0Fw1OXDzGkH1+h0P0vJTJcwDdeoi8dg4qJNylBUYP5Kfpfy61zIGcGPBXI35NYKQjkITApXM1IyfGDiG067QAq0wh/Y0xmrBDFDD3oGWTxdcyVydf6uGcgmgycgUBS8ZTk6vpeFsEWN6YpWmocmdGElJU7LZVUjX7GiFvOhCbK8jXyCthUuQK4hY/oEklIluNuzcL4IZmqhrWLFThces3G8jWaJx8kDpNSzxalASbqerPLUfdKNrBtEZRoL/qb3Xv3I8XQ32zHsWtpKktFsoYFPUcY2OI8SujwefQvbWSaqPJNHdLRz7tjFf2G1q11PFO8DXlwwidwsxBOl2U1UpStIsFXCdV1hErrDVstAeBF83SFsJWf2xcGyihHrTpS1aUlKCOGX4SMW4wwxua8o+QiYHBAuOcUFQWtjH+MPOLpXATcoDO4N4S29j66rKAUnR1dBkyCPbmUKEKkWaY7KWmQkiUuYjZ4qQNE90NG2AFLoQB4u4x73TmMVBWCTUVeUjOVwnkSguct9tIQXcECAABIO9X8ijDpUA7dPPnZEcEiPKyq7LUZYkQCimqVxKmYt7PzfwKmmMof8acAvhUAoFMDSE9Gs38LL9O1FYPI2ZqeKK8YWkqMxt5gXhEXq8auGbh0uzgAUmRpUxLAy3w8pKIVNJXxv6GN8VTJHNRlsgufZO3la5ggZ1DgiO3hDx09RG93ldjGaORwXnn6lljQbWT1Ylgh0cHhk2jrYlUNBkr7w9Cg3qJLSCm+uKTpWSkRrE9a1U30ZftqKaTvWCjdnFC46USt1ZIZftsfRls653v+l5YGfIVZWSS+vgAewhF2XCSAFqk0sBYK2jMdqS2N9qHsKXWn1btA5exRzBVIcFczCaxTgYNdWFtayHb0GJWechojIxI1YeBoVIdVcstdLriIrJhLhV66vhXD6T6myBDw+JhePlMPk5QBJttyYvmJxagZMATPlaOxU5YpQGKjGLe8CzyLaE2t0LBnWoRGvkbvuG2YXVQxGSqDUmGS2YrtaH2iCXZaiZV7245khw9Jd9gCWN72H5KE1232Eh918meYiVKchfdHN3OhqmcUZmhn98pZCgc20rlblyk6NNj9ikOvbvlR5FVcOsh68TmkpeYr+slrB5rJFmRhgJUcqtalfXiOmprgV8fpSRWxiI3loOGZDL3deda+J3Naq6LmZashigd18j8ywedPCeaGud7F3rliDEbbIC0u5Sr8NSEyLQ6SYzJvjii0X3+FwGqZ2+UwGkEQGVUFgMVIyDyQ1hs7ljxaxhR/s2TKJYvoXksL59Am7jD8qS7Fqe8KOZJj7K+iT75wq0Vj2RrU1wI8XrVKg7pzKlVuML7VC9Z5hy3lB03HVURlHbpNTcixTaB6z8wWkhBMTQKlWlrz6KSzZXKlHZs2/OaI1uS9K1Y/iK8lGN0BMghm2xXpr+RqLApU8Ie1DAMsjXTUy7oCEB2wx2RwO4uc0jvTjM/tQXmpTLhOjHlOudjjQALNKtHYQRyh+pgeOG9CGPuNI9dBlEOiNjHor6lWpeSPSsVOaikDMr+7QBs4ioAIK8NYeIYw7B+yXVAVk0qp0L4jRgki6jcVYo5jfNx+12Ffkdg6tZtaiU3VMam5gaeeA33lRRd1pvUrs36Al0ns1I9p4j5N3NENIbtsGovNR2iKG5/GEMbhVUkgkiU4Ba+I1KVz4RYGguwtYGSOnuC5cmQtKiCHFR3bMqqJQFeLRsZaX+K4l5Kv2aKyA9qQgt/mjoDWwUjIVYBfgqwWdqztRKnY+wQM8G3tRGC2jxoUGWgLC+f8V52Em4j0TCWDUq6XyoLRrIwTDtOTa4ZRVFco6lCLYuQ4MkiKpUY+/MCigwe1Cqe5rBAvoHXebqxml/dVTAlD0WagRWGRCVtpJebZcZpB2jbUcU1XJPfsAMI6f1DVrS0FaVaDQChaDQbaGBrTqpxGhmq4hfYTd47yfKB9EoP61uZv+4EvTSw2XFyWogEXn53ERi+1O7B0DBCoeGnZ5ETSj8OGbnVFnmoEz+0qE2tM3LFhl4FyAgzicDi2WZpm0vvXQzFNtbRXqvMIN+SWk2RUDrsSdLDVoKh244ULcODjjnxmeqD9qqHMTlhWoQqRbE0G3LnK+GCr+AZldC3gkQjXVmS5FryDGQ1klXYiIFzBWV2TIKTmhY8S/UR1OuOtDFqE2060lYIbSPvuF032ZbwiKkHeRkUSlip+yzapilgOyf6ZdErKPF0x8jS39Q4iIdhfnBGpmgtpWd07TO/EgUzKMjePTVEdfK3VIdi+oPiIQDkA3xkmniqOfhEHbUKO7ihEQltvG2WgfIzx4mr5dEQHXwmejJo1aiM2YAEIUDiCyICRADI773F/Bu2TBtA5IhIYkGZMwIABTXPAJJ5wZDtE6mZlHyi4gOaHKPEw3mE/ObdBFSYLORMQUmHmBdzomABGbCsUFkxlmZmKagiP+Dn/YhhJTvt+jIqe1Y8S+loQMG1LNEQxbZJqyedDGodyEw3EDgmlkHKP8ybxHmFwL3frhGUv7jKwDbrEL8+XUMjBGj8+OcAQih2Wb3AytZTpqlFYSMLSQREIL8drYYrcUP1tsW1pg9WBEV1s9ZQDphzeK9aVVIhS8wik5/KMWO1ZKmiiZmWLYzrhw2XjdZKW7tIOl/cWLLhFxA2Nzw0/WZvg4fWUxATUCZexX51oeEKDpZYH8c1WhilvlZGUfSJ1SR9px6FOwV7d6QM5tYHCK01P3+pLc8IGTmJ6eH9iF40ELuN2/P1BvHsQQDd+pHmv9044jblrial9FuNaJyXjAsAABMOLtIAyGMJDGklXSpVVr1ikwI3B6y0sZ2ZY1tSiKk7tZ0LBhnrtiZILtSi39wfy95zWDLGY1MZaGUUzURAy2Ho7kzn9rNXj9Z0eJyB1ytbslPWIGlLc4cNqvrtKHTgqz6LW/UIAGi13FicQWsorZX5a09Wlqa5Ri3CfH5LMRyqibomTkRr1cCqju6z1Xy1+CnqKlFsGbIGAQ298HOVL2mRoloFxRlVi8y/dnHtU5kC/UsP2b8WO4bqNtsdvowaMchYstFR7LI1EXpzsAyhYBupa5TrV7Mh1VehUe2xSDdEHibwNPR2BwJILJBG7DCmTaeIKFtGqWoACJjiKIhECCFvaqUBOI4kNSTH0IRIHSSH0fE8eboF+qWeM5tI+EVl3WIWMUKECNjJAVQEBAgIkANjIUKjYMy/zcS7U1itFCX+EOXnB4kAMPLDXIEQAn8hINQ78fmfAISUA0QECgEBCGIkooABMfQA6RHlSAAIFIHXK7NDmwCCHHYypTmJH/LK9JHS7UBktJ+Y+QoiEkr2k8UrCUCAGBAozZTSKV8KOf6kCJ2c7tWqwzzOnoFYjkoCohhMpbF8iBdFIqVLI0FlIobFeo7mrfk5ciok2dpk/mFTx7t+9eG8Sn3NIa/SjzJ6Ytnkka+cyEgpGGEDFQYlkTeegVelHTIoJASy4ypQjG3+mvuNqPtTI7tqoN2EEKJujNGpr7VCneLoIT9AFCwIJCjHOJvcBl21WEcjrcU3teFiAzkwm4urWrlV6CIlcYSNBvVFjvxVUknd0k00qBuAqfX1us5Q5Cl3izw7Fy/yxmFw0iRU66hDU2JwUhRuBG5VGLUV1AFoZ9qaIEHFZDRSoB2utpUexXHv0ptAlnZqoFkGQWkywMVZDnYgpNalQn3mekudwaqH5kOtuHyX9AUtqAjDqoH5l7tKYytRJCI0mLNw7oBk/1NmosCdAk46BBVySVCAYUoZpsloUh8cidiUEsGLK7WuOH41jQqau1jLdNgaxel+s59WzKw9QovaAXvRsBT6LjRkEVvMpPIWl0K3/qsxR2O2A7OrOUbWfxCZ1df9NjimBCzTxM08MpcryMgyVWNPy3jAdaOKzbaqd2L46etsi7N9zszVrABlFKQ3139NmolQMmfs9G0zHXjUNIMyMVS/2t6UNqugteJDbs/e8upeXo2TYosM2RiGl5eYK8NRfhoK8nqDVEqg2oZvMtfWDKj8K95Id6kstXSmNCpvDpk5sTxyLTSHctVYaVLWporHRdLNiLmByvCSvKUuexQ5XpZtPb+xVC90Oi4NFCNRvwTsALuck2Bqk5NY9j0RAYYQQkCKssNGGqGrxxEJlssYl/0kUDeZhEB56sDv0M2ohGQmrN1EEaL+LQ7lB5C5EhAQzdsIOoCoT1qSeiq+/GoFIaYvBY5E5EOiSP0yxr4noK7rsOuStYpAgfJCIwCf7ShiQZgfe8sPZ2asEpeLSETYYQgYACJSesVzVIKhRTlRESBHmYEAEQMvMgZEAOoh9tQThS7fYlzOJzyJSOkELyYPxtvRRLTslwgAGDB0AEARlhSJekScTELejiprW4SHSOkBFtEr7E+KW8xU/ovIQs3/J37MMwUclX3hlzihqAELcA5BiWUfnR6QmrI2GsWb6J8PKsLmgiBokqXDJ8UkNOfThHFCQrEzDX9t+7aXtIur0Q7XcLGZD9UYW4sjML2NECRzbDn0qpL6oJ0JYozRTQ8Zp4LzLianYn2xpU1MWVlKtGBaTVMP0Uwl5+sWdzmWikUveyfMHLRza1ArN+2gJgRNFTxULlABW1ChLuPwdaiJDsn0jfIRik/JNVkVEXgjXQgYHr1Nj2hreaDFx4BugpTBAmM0sk95VICKZBDVKWkBEFZAyreagd0jfo0ptIqYC40+yN0WUvTlCk/K2FIpX9DXbQjj4pos0i6Asv1b8cPqA6OVGve67K6N58syVVMfKoL2k97V528LOcowVupB4HWxaj92X1mHdde8VRqxn+1QwYpxchsbts5UFVBL0mKoTz65uJ69GMp+NYiEgYk4h21gRnuwRicq+Gw0bBVdrRmdpm6HehO8mhs0SfKCKSa+XBogDke+DgmeEfV6yVrevQ7a6zIGT8Y20ofXQXk4TfN6O59tClfJ35PqUfQv7UUh5mcruQoA2IfHbXwIRpKGuYzDM+BBGnc5V1QeocvkkNBkPWXBRLoLv0wDlPDlMT7byXLk056O0T7pgIACziaT6eY0Eu0sUiAGAQkCBEQimEynW2Ga6m/vRool7iRenKSXkxADLoEwQre10W1sTAPAou9jT4g9pSchKSDgkij2RJHSfmBMit3TkhAxAMqaC73iztIWZYMtHDEREUTid9pIyINFcrADIIAOgAAjIUIgipE2ZmHP5hQDHjm2XCwJQ17pSICh0IIBAIu0hrwjSoiyGYshhL17NwCgJ1oucdlT3g2LKVbkl9bwWnTpY4S0BYmIgBAwRdqEARIqmEywm80AsSeYLxR3CPp06pUE02cBisBRMQIgYAAgmE27zUlAhGUP2wuiHiLCnq3JJEwBgIjmfeZn2liO4i3SEHngfGTXBgzqP+CYM0+EnQYESq3FS7L2oJLVEjCZahnMueCq/QTkV1GyT9SstEXCJ+P1nfoxUaUaURICpZtfm2I2r/R1idBauKUuGmAUw1uZFbSGjDMbqCO0Jz8XJiVNbKxeDUXRf+JbRMPoQvVpn1UbeSZIB5Cr6BovVIWggzVP0vO26R9AmCdBs7CIQ8ASguo6XMZmRwI/5R8NcrTzz99ZNyUE1cvqJ6vbo6Jcrg8ulhO/SrtHtlvWKlof0xRGMIujahW1Gu+dNGGloP40kDUg83mdxNZqktprMtEdVOAVOc1UIn5FWM0L4myFsZh19sXvKrqM1DoQX71URsbymqxWTn/gHKvCnKqGvtsggPXCBraavEwQKnNOnPNTGROSnvUWVnNcsvkVVH8lX6Qp9lG3DqhUGE2qcr2+qHpwPCm3WkdYM+yQZBeAE9wMcUn64MtQKOEr1pJZ1D8u9FprvUDymvGCtZ/ytd15zwfMt8Sasr51ImO4W+R3UejaZE2zdpxCbYYLtUkSeXPrAuW5wuY0dc7OjaXv6p61zGCei0w3jYalABRkp2QrCwyBPOiHxftz7pM9WPpqwFNRMYDyYxSFGSXRYMWsfC8RZOqdyfHxXf2SJ88/IlFE5pKQl4wG+0ayjkksfCaLCRRZKAJLPD/tZhn3EwEEmHRw8IEnDh964uyzz963fy/znhAACSYTPHZs/ulP33xiHk85sO/aa64IiEAxQiA+KBtBUnl9gD4SIsLxE/0ddzx89NjRp1568RlnbMVlBIgcwXdb0xDQS10kWPawvbPcWQKvMyACUkwnWCHHMIgAAYlfAGLWtswyQiRMx3WVAIou5HohjYMECIcPH/vkZ+5+6MHHr7nmqvPPP2s+7wlCPl1NlOJMzBwMAfPyIxtvxPQrQDjpYHu7v+2+R2Lfn3fOmVt7NpHNEwEQUTpRHGXmBD0ABg7lKAfTrH8kat9TeOChI/fcc/CCp5z1lPPO2JknTwAREHL8CUAUFU9EH8TKd4jz3cVjjxzd2V3u2drae8rerqMIcP/BJx555In9B/afc+Zp+/ZPY5+FKwKkvds+yrOyAAgU42K57AJhUGEYIe+RZoUKAQICBAgpbwFd6PKGOEt7eboyn8KmvNpKnyBt8ekQNGsXFlVQUgCso1AOzRcjXGwPFn3jDmRQ6VE9P1YGKaRxhIZlFLYw2VSg5EeIcCzWWIFjU2JCQwjnixM/sMyHTSXfLg6icuUF5LSCTw4t8g/t8FMHvIWtN+n4tj60UXs07R0ypAEAeUZAUUL6A9Mjs0tEsRVVuEPbVOQHTTlWqTFMmTLb5ZEAw5h3xi3F0DNSaYwi6KuCJQKgDbJCSdsYhyJckmqOn00+D10p3SqoCVXJFCpmluYcgtYE6A4bgJlTFXKI2kY0FrEAW44me1nDNdpX7rB0WiNyTa4ftOJezR+hpCRuLGZusEXdQKt6pmAjlkP2uK5b7eqapfARETVMUQPl9S36r0wxz9GJn5MosrJt2FJ6tcunQLKi1DBsAqq02GJW0uHdSiKzufAd2HeyDTLSSoy5vt6zECdVdEjJTgjd3ZJ9FGFijGmJzo+AZODKZlzPiEFS2bDWk9Uh6DjBTkq8cNd6pa84BbMK7I2xtf1DNGn6TQc8ROGVdgDlWvlQTR1VN8aAmbnUUqvVZljeRifWmhF5ojV/aMDWNAzbgL1LtV0OaAX93teOPZMsbTQ3V6qVTotIrqTdsf2evEqHgIBdQOxyrawl2GwEygqagzdyX+hu8qZy4SBdqBFVLW2rM77ga8TOOfdhAURG7NxUDTdSSE2aDUqlCwhOCMTmu0kW2jNAIsFjH/7wR3/5l3/57LPOfMuP/uMXvuA5CWAEIKLYhe6Bg4/+6D/9Vw89eP/rvumN117zf3chUHpek1/awXCU+mWMEKmn6UZ417s/8Bu//hv3P/ToT/zLf/7t3/aNkTASRQKMEQPubMPjh08cPnp8Z76IsQciBOoXi43NzbPPPWdzc7pY9pCjJ+qwm06mKcgLATqEDqGbQKh2WAhydJR+RgUDLOawO1+GYmPFUIMcYA5Ey2W/d9/GO955wy+89RcOHrzzn/7Ln/n+7/u2ftkvIiGESBTYJ6Y2iJR+XAWZhgCUXkG02/fTyeS22+768R//d1/64he/+3u/729/33fsP7BnZzcdds5sN6sMQJAj3SR6HfRBHA7FngC7MJ1M3vfBT/zkT/zkzs7iR3/sR77tja9Z9gv+BZoU4kEEighEHVGOdwQPI/92y+YMv3jnwX/3079wyy23vPFNb/rhH/7708lyZyf+7//9rl/9lZ+/5NIrf+xHf/jVr3ze8d1+MglJoDjFAFGd15/Nuj37p5FTVaJ/EnymCwGhC4BqsXYWMb2bCdiGFRutNcwtrXhKHUQZWVfiDiDmQT0Ca5mePyKgOrKcRLqtm6JL5ZJ1i2n6yhYIEuA+BSDKqXNlt1b4TxnTuJLmWxWwPV1i5Arqg1Rvw192oGJ+1NH/fMk8VMq33PFm22XbVyYnpXGVkDfUVlUU2DrgBq18iZMyEZeKZFy8N1RMlFI5fZLpCNutb9ATa/ZuBVMLt0pqDyCEOlc+iCWaM9K0Ob8yEFMlAVv5psmxsTzazUNIWDK+HDXiJXtXBnW9rEvxKu41o33dtrkECsi0DinU8V6LpDbWolbup1m7Ca+zwZNM9uoyRIZJjtiICRQHLH+MMEwKSeaQArLrL3ZI74RUWwHFWshTyyacs4JSPriJOX6pfnw4bj/Ui+FDL12aQ1vCXDIMwS1h7qH4Ln+wvJpUHXlW6ZYUgpaFapEkylqLuwwvNwSQarLVmVefvaivu7vNOiOUNMz30GK1i3oNQfquU5LgeWibmjqSYoTqzXuFZq0nnBMCdwLKOm/Xiey2FebU1bIYoCAwSVoIcFvHqfjgUwX2BrXU7JXMwkqnggkcNtIijUDUrlTCyaFDxIAYAqCYEipAEsgaGWmsevRjtM5kC/hLSXeBUoYm61WlRwQOJlGWt3QsFxUMQtH3IoxtESZLgmz86/WR1KRnIEjnur/EPUaCYiIoT4JguaBbP/+5T9z4wdPPvPDQoaPzxXK56EOgDiMQdJPZsZ3de++95+GDXzxy9LUERNRjfqQSIL9QhwCIkPbs3dyaIQAEgEsuu+zQ0cO3f+GT13/kI3/5ja/ZvwHJfRDA7oI+9KEbf/EX/9ODDz8S+77vlwgYOgSI3XT65u/8v978N960ubGxWPQAEHD6ob+44ROfvmnf1tbGxmaMfegwYADESdelaG46m4bQBciC0y+XsV8u4vLosePPvurKr7/umq3NzdhHCPwIJEG/6DnAJYo0Xyw3aBZCeOChgw89cOcf/N7vXvf851x55VNPzJdJR0NPAWHaIUy69BApEmFAirRYLgGwCxCwB6J5T90EP/nZW97//ncdO3L0xPbOdBK2d3Z35xEgRAKIwHvBZWW70MUupB1QhNhRzAmCPi5jJECMk9l0slgubr/tKwfvv/eGj3z9a17z8tms29ne6TAGDJhD6gixi4QE+flQjpghICUGdCHszJe33HLLzZ+54YUvfinkI7X08OOP3vblzxzfjk8cOgQAfYwdhHSeGfghWdGfgHDHnfff+vnPb27M5vN5H2Pa7ooxnapGCGHahUkXJiF0XTeZhOl0AhSns41rrnn2nr2byyUVXcgmE5XOiBK5gpS24FD2W3JDV1n0gytjfvC3WQrmcDdItIpMyCYOnRWLzxBn8++egysmPpD8tSQ3bcL4ftTAVBAA1A/xWCABCpxoXG/Zh+z+0tgNwoYCXLmVRjcGdqxo8wTF8dlbZQaWq6YYa64um7hdX9YbaKn31eSaXoUefvOKhrgKRDkMp3tIg5pQ3NbPkE8RjPbW4AbjsPCMNMlFxC9/a3TrUu1ZbOqcyHBx2wyMkSUvtboHt9FlBKlVZ4iGcb4NhXnlOuad4Tqu0XtUDVbr7RZZfSUYLQ2sdLM1NS02xoK7zlJlq3eN4WCFMq+ZQmvTQLIdpwfljRJMACLJmIZkuWoBX5oOs4Sq94zhbISg0wOuB9KaoLGhmFC7EkOMQK6Jrk8z59KPN3zaLtsq7chK0cHamR/CketOtxt+sAplyx2VS6jJ0IBW+U3DGaFTD+Tm6Io4J8bHTmJ8ZfPZSl6dJtAL1JyXU2Cq16LOPQ+smjc3rrcBt9G0bmU4F8NXD4eAWjIhz5VmniydPUuIpjFrxQ0nkwVbVNICBoSYTErpNp+GHBKI4u9rULAWbEIAoIAQMMWfcqRRy6+8cDalV4U2AGg9DlihKrVbTNoSyVFjI7op41dtLZKdkXCt6qBAvCYXUOXKS3jZevMWiqlgZUuskImhUhnXuTLNGmBRfjNXjN0kPP7Ezq1f/HwXumuuueZZz7l6374ZRMAAAWCxWBLEHnA2m3Xd1mQa+vTUJEWADiHF8QRAGChG+vTNtx184KF+sdx/yv7Y48UXXXTHbbffdMvn/sfvvu2cM06fbW7EPs6m+NwXPO/o9s7HP/HRI48/gtMtiECRgGKYhTg//u4zz/6Wb331/vPOXi57Iuw6/OiNn/4vv/rz/YJixH65g10XQkCMIUw3Znsn040+9vPdI0SEGAgg9nE627OxZ8/RQw999/f9/Rc8/1mTQDuLHrELlF48Shub065jg0ww2dgAhNe+/tUf/9Tf+C//8a2fvPGDN37y5uc/74rNzcnuEtIJ0mkHFGExJwRCihAgUphOcXM2ZcZPAGAD4HgPN3/hyyeOHfq6577km177jacc2NxZwsZmPsZJEUiJSpLlxZzmy0j5a4y0xB7Sm4p6igghxrjs+2dcefnLXvWa3/sfv3HDh66/4SOffuUrn98vFwSEAZO0xBiX1EPo0ilPjjwBgQJS4Adru+lk34H9040De/buBd6U3dzcCOHUvXv3d5MpAESAZQ+I5U3UYhq6EDDABz5w/U/9xD/e2DplMV/GmM5ME1HZEA04AQzTySR03WQymU0my35+/oUX/9ff/M1LD2wsF4QB1anJHKgpLyCBjHoNURbo4vH5KrFelJIQIWUvWbmAHOrKafdiRuSLTFmGN+hA2x20+pz2VFGNk/9iesJ6KLSq96zsbWXFKqQkVdJBdZJpYCMG9EBNnFcIBacqAjMlsUxR01Co019LZNKEtKZUFtKBspbzaV4T96sdkvXIK3rGxrNCQpXntoMiCrqU68OwyoUczWkZMEBUcJciwIPkAe65pVkhbGChnSJPsBkilgiHuyDVs/FoAwM1c9MiwCtLYyfPTaGOPNcQg4YYA6T5uhjBhIgaohepy2Q1HqFSnTAUr+GIX6nmuujawOuiJyKrU6pxV42lQT42YpWXzYsjf7WylMi2wqtDPUCBOwSEk/YuLKq/VSkSVNnAYkCZhKEpDUJfK9zU+qw7adJYXxyzllXg3k5pINY1jVBiNYwWQbkCVg6bMWorl1DPpc0Qa33GlV3T2+SwzKLVuHVkdljmVpidlmnwHSh+DnczrMZfRSInX/Q2qMGZ6rs94L2G2A/cr16pN8CrZiRPLZEbGa2MgvbyiJGs/S2mh/pAPVBXgTMrga0eketZBdOWyxLGT6LmKJJY5wgg8oPZ7ocYeIE08jVG1WIfqNdZDz80H1+NHzMFc5h0paoA6HVBAIAAhBgpUof4pS/fdtNNn59M9p5z3rm333HXPffct9jd3l3s0pLOPefsp191WR9hvtgh6ufzE/xmPEIADBCIMBARdR08cXTxz3/8p7/wyY+EMJtubEwDHj70xIljT3zmxr/48q2fnYTp5tbe5WLezfb8yq//51P2H9i/tdGfetb3/K2/89RLLlnMd2656bPve997Hrhv96wzz96YTTpaTrBfUOgChA5OHDs6nW5edvnT92xthNB1HUIIfezvu+fgo08cvviC888//2ldF/rlkgioC9s7Owfvf+jEkaP9YpmeGwQiiLEHDB0t+3DzZ75438EHO+wiAMQeMSz6eMqBU/efevppZz7l4N133/y5W/7oXRf0i92+h26Ckw53jm9feP65z3n2FVubs8V8gUibm5t33ffALbd+ZTqZzmaznZ3t3d3FdLZx8OHHbvzIDTFs7Tv19E9/7ta77rn7xPYuYgCAgAEiSagTAoZJ13XTK6542uVXXNwv+whIONvY2gCASBAS4MT8+dILzn7Ri1/8B//rd3Ay2bt//6yb7N1/KgZAxKCy29s7/W7f8wPVQJGWMUJH02lAzKEhBox93y+XAaFDgIhEFONysVzEGAmgT8FnT32kEDpQ9iwEAIIQwsbmKXu2Dsy73X45p5jfV0vpheoYQui6LoTQTbrJZNJ1XZjvdrPJNIlhUE99cQIHjMHKhXzoVCWAaj1AsVva/9UqpnUWG3cKyi+4MKuevI63RK2GhrYTS4fWSc5gD2t9DSrMU1hVfb17IBiRDLY0UzvpMmbD8qC+d3QcHGqvXnLqwBXYxEO+qgaiUo2/kpKLimgbSwzlYUdKe/9Kw2tXX4gYxWmln/FBFa8cwetuPQ3VXCdTrIhES4OLK/SWrGu1kkrxt81HhEZg0UBv6pSldFFoWmtRSvV6iVcyM79BYCWhaHvXgtMId2vCzFyG51X6HWWlMYCUogO9abYW01rZsbVkQA8u5ExS65Q6yWInZOjwjoCQX54+YIDInWwsqBuBOd4M7co4reAe1C3zAVHv5/gmKaskNACnslxCq8pj1Rv0DrvLSmt34xbd4HdNhpIhtz+JauyMrpoCgQqVWA47VhRDz01MZsI+lJsr21PpRljSIqpxrR0aDqv49w1w1J7isHYJ5conmU2/tWJOjgNJOC9DuxbcyklIlm3hJJaNUGsNsXSqkwuqgvQ4xI7mXm4RJBaAvLg8hJcGh54qz+HD6aoQA5Gaw429XDLQgvIrOtKeDSlUZ84JOFIJgGEgSoRNBOXxeaOMiAj6bRzI20EMnGgZIfIOVVp+IiCgLmAXeA8mR6z5PmSth7ICnGDKZlKGZ5wmiqXYXdgsE9UbMoZQxWpu7jfSWwnWwicEwhhDQCL4yEc++vADDxJM3vvu99x4w0ciYUwZ2n5x4WVP+5Vf/RXAbrlYEuFidwHEr8ZJTxymKD0CAmCMp5966ubW/iOHjxw/ceK0M844+ykXnXPB+fPd3djH3d2dxw49ccbpp1xyycWbmxvHjh3d3TnRTTde+epXvPSF1wTofuVXT7z97X+wuXf/N77ilaeddqDvFwEBgDDA5uZmN5lccNFT3/qLP3PFJecteiCAySTcdc8jP/Xvf+ahD3z4ta/75r/3/d+1b+805p/GxLvue+zf/czP33/X3RsbU0SMySMh9cs46XA+p//yG7/z3ne+LYRAcRHjErCjSAG7Zb944vFHCHb/8Hd//U/f9tvUEwB00+nm5p7d7Se+9U1vvurKHzuwf2N3e4FIXdh8+5+8/2f+/b+ZAYTpxnIxj33sJhsR4uHDhxHg0x97/62fvT5SACqbBAgpCIlZQwMhbv7Y//0T1179N44ul1tbGx/71Bc/esPHzzj9VEBECF3XYRcoUsCwuWf6xS98cf8pp512+qlf+cod993/0Hz7OHYBI6Ted5fz3Z35Nddc/ZxrrlrMl2m1NjfC1mwCALvLJfUIKT4kjBAB+rSRjcCHCyhGihGg7yEEms0CAh7fWRJh6AIiBPbLr3vtK575zCsnk7Bc9n3sIeZfLIiJbgyhS3vVXRcw5Ih32YXJWWedRj0Ele7MGkQiuOTsqkciwJoo9qHxhBpmJbTnTIoVqSyEFHHWgi0A9AOcVD5lxcwHgA3GyI6PvVEBfSr+rEprb6TgV7YdBKjBS96GAvY1iS+Kfm8RXKpR2IOctGVsVr3ZNZ8LT/XJWzQs9p/45K2ro+foGhINHLIZqF9FA75xcbXN+LYK5DInjSE1xDe22qq37g2Owp8Nlxzh7Ev8rLWXZkBFavS6GMpVD+6Ik/NGPm3tWrG0sLI2gIf+0tj8FFhVvV9TIXlAqPbuBgDhOlG3hTaGHoN0KwGuB5KuNNPLyobgG7quKP9M9PCOGpgNUo750AoDymdNAJbYDPiKNANnhKroyVFhdK20tMzRZkdoGEKkiieOfh6/ROD6lXBSJhnDyJsHy8La4Dhfa4+u6QCngetF1Qzz0JHPt/3yDx3GNdbZ7T263kzMkK1zMpchhKEDANrR5SbqejMcUrtfo0to2wzeEcqVzfJttRBrBVMN5Xqx1OyevcXXU2ipval8Mi8HH5pdcwfP1lM6ZmN1Q0DljfJXGUuqIaIKyA2cqT+3yGa/WJSuSZ6QlfBHs1d0s9NFd2UFQHry83R92pF0hbE1qhRpdV5ZDsHlV2yyO/TdMuxId9MVq8YJ4XtsYlxbmY3wPkYgohBgI+B0gtNJFn+IsOhpZ07zJQWCbpIiZDUvjiqUZ5azt5p8fojV+GftBvNUvDPnS+SayGe2Lr5XVTMRjTzrAAgYZh3e/9CxP3//+3d3ds8557y9e/YdP3Z0vlgslsvdnePznUMLCEAYQorf4MTufNHTJHRdoIAQgQAhIgaE2PenHuh++id++OCD3/fj/+JfPfT44z/5M//+aReeefT4dr+kSJPf+p+/9Z53vuPN3/t9b/or33zpJRe8689vWEaCQBhga7O7++5HPvDBDx878thLX/1XX/SS502ms+XOEgC6EELIv1sy25hdeOGFT730vHkEBJgGOLETF/1ysXt8a3PPxZc8ZWsWklMKADjZs7W1RXGRjrQSYCQIFBEjECBNH3nkoYP3fnlz7+kHTjkwCd1kMgUIhDTB2SWnnjmdhMVivlwu08tflwRPHHr8yGP3Hj50JMZstNMTfGecdsb5510caTGbbZw4fnzZ07EjRx5/7NDuzomtPVsHTjljNkHEQBiWiznFHtNTqhjCJHQYuklYzHcDbJ56YD8iBKSNDv/iA9f/1E/82P79p+ckbugCBEh8pnj8xNHt49s33vDhz376E31PFIko9v2C45M+Qv+d3/0Pn/f8Z8VlRAibG5MTx3Y/+vEv7Nu7cc3VV2IXlYku0pCOvQMA9fmA3yT0IXQPPHR4d2fnoovPDQjbO32HECYYgAjo4gvPvOypZyVhR4LIrx0iEpvFeYqQxsnyuFhSjJHPHRSNbsLYIUyRzC9WlZQmcYMmSrCaRuR0SOmRbeE0EnMOq6jicAdCQRnbWWiTLlOYFfgxTnWhbVFRvVY9s2gg8iz1wUXomnQNsdSN8tKo1kRb4CC1WO0ImmU9PKDscaZirOHArXpT8UnSPDrKWB2Lu1wdDbpRBx5MLSjoOJQI1h2KKz+pmdZDr9FGof3Rrk8qzhyBIoVLLVy0pkgpulqngSXSGxg6sclcNYSYF/BA0Sc+9JHAorcr6vlSaaVnVBBIlZZrz61l+0yFpjFrUFKmsK7OFpLtVMWylIEnIFYS7S27NOndgGKknCWV+GY9shovgCkD1YZ8SEx5fFC8XUGBC4mxbE46PRdS69DFy04VZgBEQLu/M1hUHXIFbywkM1dHGo0JK26oADhrI9/1eBd4HJ5hvsJz0XNMV0S9C7Uj0Utl/rTWaVWphTgnfmy6DpgqvRbexXKfAQD4vZ9ebRRhjvqyc6E7rPjvpuBmR3bds1Wh0kaetU/kIT97iCrr3ixG5JqC0dQLSYApOuvpkHN1Sp7F7pcP4JbT06mbu0oZuyEgg1hxcC0LILuYajwvF1wRAHJCUCL+qiYRAc2mYTIJR7bpprvnX75nfuhojwGfctb0qotmTz13sn8PnNiNu0sKHQGiGhoB+I1QpLZtS98AZhFEUBOuTM25N/0QvbaWUH2wcDAyDTIo2mYIHAwABQgx4HSK19/wsVs+9emNzX0/9I/e8o3f8Lzj24sY6Y7b7v25n//p2790yzOvuur8c/d+5Y7jEQkoLvp+70aYdLhcYOggEKWNT0IKQETw9MsuuOhC2L939tmb7nzgrjve+LrrZgAA8NHP3nHrLTc9+sBds27zkksu3LM5mc93CWJcRoiEHfzZ+z7wiRuvj3Hyyle96vzzzlgsesQOANPR0BC60M1ipPyLIJwzWPbLfhEBAna0MQtFigD6SPNFD4Cymw6ACLGDHgEIJvv3bYUwufba637oLT9w8UXnLuaxm0yyJQEEgLxfF/vppHvosaO/9Mu/8udv/z97NvYkZoYudGGy6OlbXv/y615wVQRCDPPd3Vk3+5+/+45f+sWf2btn79/5gbe88a+8GpZxGbPwdd2sQ1gsdydTnHZd6ELoAlIkCmedc86JOXXddBFhY7bn7PMuPv2004FwuZwjQBc6wHQIJQa8oAuTvu93d3eW/XK57BHidDrBgN1k2vfx2JGj+/bu7ZeAAJuboV/Mf/d/ve2XfuFnr7rq6p9760897WnnL1m3gIAiIUDoQuC3CRMSxT5AnIQIcf62t73rD/7wj7/z/3rj6175knPPO6tf9riEiIQAO4tlPBZz/JLC8vzS3vyotpdTRCQIkxBwEgICdhA68Rm82x+zGqSLxgsVlUqEgkF39qFnYx4k2c8dIABABGu1vO0q34up1v4IGCFaPMEqWzCkLgj8DuGGA5fg0Xp/jTGazaphnK8cL9ZjKWuVLHKi1TtFdkzkL6vAv3wWtRoquhvNgkJMi2LGIQ1UJnPxW6Z+4ALeSoeWb83NT+mtuf3gOl8/DNZGHUQw3RTU9lG9e+FQqIYlxYG0JqtB3crgAUXOiWS3reZwMQPOLRNpGgJvG8qCai40t6DdbnOTYIchTUOLP12pm+grmlGlDzQNE+QjADkjWHflOkwgkEBJdcaJAHXoOxpypwolDaGbKITJbBpTzFLU2f42JS086RYLrRw2DV1DTzELw6RAZii5+nrns86xma7EuKn1IP3LDaohaQ5aEotLqKYhQCT5Hqq0VNfXKUPpVlZez0jvetXFTJN7T39DS0MaO28y9DAHtUExVypSczXKzs5Q7g4bu5mmXXVuiJXEuLHMLctVL0z2XXNYdSJMIFPF9ACapMougF4ma6SKPyN//qmGFzA0a0suusotd2INlepIYzN55gH5/GkBAcoi1/Q44GRD0EG7TCVHXuS+wgioBaAV2zfmozCH6Qodq5xgZDyJEM0r5/UClrZqlIoKvVRsMs010KgKIfZx2sGejcmX7pl/8FMnvnLv7p0P7T70BC2WBAj793TnnBYuPX967RV7vvHafaftpWPbFIJkD5K/KGBbKVLJKYAXxkppUwuT5WAji5Zhztoi/6V8q+IyYnobCSIm9gKl9/ocPRb/z9v/8PjRQ1c867nf8sZvufKpp80JZggfmmwcOnqEqH/q0562Z7Nb0iIdKzpy9PE7Dx669IKzpxu0M6dpx4cbAyHAfA6Hjh4/sYt96E4cffwXf/ZnL3zKea982XMns+k7//Sdt3zmRgzdxta+E8eOb3Z7uwkgxBj7vVuz3d3wgQ986NiRhy65/Nqvf+HzZrPpcmfedSGEQBRDgEkXJpON49vb13/k4/fcc858Pl8s+hC6O+++6+iRQxgmt37x87/9++88Ze/WsodIcdJN7r73vocO3g/dLJ8STq/oBQCKARAgxtjHuDPpJs+++lnPeOo5S/fbYoqHCHDwse29W1sxRuwwBAgA6VApRTpwYOvUAxcBQAQIAHfe99jNn/vszpEHr3nuK/7am775hddefnyXlj1tbobHHzvxW//r7Tfd9Lk3v/mvf9OLr1kQ9BG6DjoAAthZAPUUsOsjfdu3vebFL71mz57NLmBPs51tmi92Jx0CQsBIMVLfExL1FAmOb+8ceuzwnr1bF1x47myG2ydOnDixPOe8s4h6xDDtMC7o4AMP3nHbrUcOH73+Ix97+hVvBIAIkSAiRAyACCFQ/qEVCAECQQTAzc3pw488/q53/+nHP/x7R448dtXll19wwdmLBZ2yd9p16cddphAjEcVIbB14U5OU2OoH4QkAsZt0gAEAt+cUI/smowAFxmntQGMSlElEVNULeNVoz+WvlJkyJxqKWhFYusztBGPYgqvwDPX4uQftQDOEK+DPDzyQvPWvYxwvxfuvqqYToxV2BOCfCXQxto+QwNz17EI/zTq0todYBpExWidAcgDGv1zONxl0W6M4qo7umvS08aTuVrNXU6Kxu8K0ZvnGtzGrKzoEbcDplVifSgjUqKNAskOk1KTK5WDQ5cc9wDY9GCDREg/d0ZpBVDWjEfGoY856RNXQLBmYbLChsM6VVACYqkjPywkgQiwnWYphbPGhsI/FVYPwRjhjV3+dd0BJjOZgcDNewOrnZBp1uD0JVieYcGbKatq6S8+NhLMVjNbGTUAXVRJQvmbKhp9+XJcm/9ymmaehcvVi5KGt8q9VaI2DASsnVYV8TZpdVF+ToeqtzUcZ0w09EEbK5yYxJzuss7ku+vH0jK/jkEStc/fJFAIVgjrq2wc/RsrK2eUxzXEo9I5brq/sRrk0s/Oxop2LtewnzFyovZV1qTnwMqA0rbX1ZAUqghh3AoAIm9MACO//zInf+7MjX7xzd3cZYwAMOJkgERzdjoeOLG+7f/nJLy5uur3/rlftvfKiybHtnoh/81yPXiDp6hlXxay6DzLHpVVVrPrMHzKKpPRSVZx24Y8/8OEbr/9YhO6lL33JBefue+LY7nwR921N3vehDz7+yMNEm5dednn6zUggBJjeffuX/8EP/vPrrnnOW97y/acd6LYXMAEK1EcAgm5razqbhtP2w3d851//xEeuv/feg0eOn9jcu3ViJ9x++22LnWMveukb3vCXXnL22acAQSAA6Gm5u7Gxccdd99/6uZtj7F75ylde9tTz+74nIIIOAAOELgACdN3G448+9u9+4t8Cxclk2vd93/cxxhPzE9PN2fvf++cf/fD7J90McUq0JMDQdctIMJ3FGNMiARESxPRaFopxSQA0n+8cOvTEkZ3Td7aX02mHiJh+wwUA0xbfbr93z+SJJx7b2d5OfCsJWAAEWsx7Ilos++kEjx3f/em3/uf3vOMdG1tnveJVr3napecdOXp0Z3u+WPbhwP7bbr/zt/77r93ymQ9dcvFFr3j5s5949LEYw2w27SYTgDCZTGbTDgLGPl5w/pkXXXBWUoAPf/JLv/lff2vPxr7v/Z7vet6zL9zpYRoACGLsl8s43Zg+8NDR3/iv/+tjH/voS1/8wm/7tr/8zGdculxCT7C7WIaAy/l8z9bs1a99+bve/bIv3PSJ97zvL97wl19z9un7lss+Ug/5QWZAAAwYMABgelITAIkmn/nc7R+/4f17tk5/7rXPvfJZl8/nSwA8+PCRI0ePB4Bl36fEBBClH3dNj4YCQiQiog67rkPkrVXM8Qx0XYchbu3ZOnDKKSAH7ylbOq0o+UNtb9EJvSA2qxWMERqweaWJwhTfGACdDYeihVwTSGaB/HD6X4L8HC1ABcRW2IiVZSUeW2d3a7wMWfj29ggktUknW9pRU4JaKdD1WUv3heyHMkIJPl1bE9GZ3qoTjKbDTN6aIKSOqB3hsFLi2mLqC67Eh7zEZqcOTgIMg564zulX2XnH4XG54jQBf9N3PFirn+Yb+NmSVWWk1YrEhEGLDXCawuXhgQfvkPyKwVBzvfwi8LZvEvosVh9aZbdpdzLQeswiZUrUTtWaBXX9NfFq+f1PzkKV59DdIWXiIB5L/Zzh0PhRZw/cKUfOLI1noRoPN0jcqBIO+dbAy6bJPXTe4qaObaCSWp0Gk7vN+i4LIjnGWnRIhQdFdNTGXb19mq+na5o2tcDNPUlhdT3Tsi6tVJ/Za1VmzivnQBSKOvK002kyCnRNlTBzy5pulOVQzWUX1C1WvmdkeGDWcoCBm1RYo8xCiHDHfcvuuHmPorBRDqBJA+6zIjtZMgBrrnVrdbfIhk3nOCFJ/Zq+dKZWUdRUKE1hzee27SMEkiRo/r+ehqIcADROTXCPX9VeTuFxM64J/IMIBKXm5hQWhG+/4ejvvOPxxw7TZBK2NjoIGBPPEAJi2BMQYGceP/Dp4w8d6t/8mv1f/4zp7jwSZfwoOzNpepIB0VCXUnckcFk0RegDmRKIDORmKsXPjPAN7Srp2aOC0AgUiTY3Jvc/dORXf+3XDj/2+BnnXfiyb3wpTqabE+iP7z5+ZPnxj3+yny/OPPeSZ1/9zBCgwxDCBHDyxGOPvv9Pfv9TH/3o9u6Jf/7PfvjMU6ZHtxcTiAQBJt1jh3fvvOveSYeTsLVvz/59B86azvZ+9vP33XH7nV+69dbJ5MDTrrhiZxfe/o7rn3L+2Yt5ROwowiR0n7v5c48+fO855z3tL3/L6045Zc9isZgIbBL3gTCbTvfu2x/7/D7bPvbHT2zHnqALGxuzjdlG6CYT7LrJVph2u8t+99hxWPYp/vSyBhEDANC+/fvOPv3Agc3p3s1p1xBK2LMxBYAzzzhja89egCWgPSZDsUPogSZd3NzY+p3ff/cf/P4fLOb9G970bW/+rm/Z2pocP3YsQIz9EoAI43Q6QYQOY4xhOV+G9CAodtMOuy59gRhhd3t7Z2d3tjHF2Z53vev9/+NXf2r/aU999nOe9XVXP+XY0e3ZBAL1RHGx7AkO3Hb7XW/7o7d/7pPv/MLnbn7G06+49IIzjhw+Pt3cE3AyCdTHCADXXnPlS77hZTd94sM3f+ZTH//kzd/8mhf2fQ+MCJOgBUwvz0AMHYUpATz+xJE/+qM/PXbkwUsu//o3v/nbzz5j/5HjS6L5//zdt7/9bX98xpmn98slFYZSXFLslzFC6CZd1wFSgBA6TGeZUzwfYx8AFssdoPiKV73y737/3+pCT0VX0OiMVoikPPx+M/N8lAh+FeOwCQJxTVQBW5WBUwZQd9Kor6AcqAiVBy/bdMk8aOSN8tSrpl8X4lfFaQttjCcqZ536MJY7J0f4QHWyUO1Yq3r9gXr1i23CxsoZHDRPdY5vr+nAddwdCOBR3rmiJHekg0/xcsb5GoL1pOwmQc3VzJYW8uERV2Pu4gVbDlHOSJMaSyOcegLSfCSKaIQ3FmwbGlr9ZFTcCpLKrC2dg/S05qHqN8Zo5jgaiE6vjsmDjwzXvmWJcMCr6oEqu6CaueteOxomaFiIsDREMH25huawvR8xIxAsgMgXAbdSHwpbGtQWhpPZxqhhMzQXWI2cMKwOKgDUK5RUmdh2Tu0BoBgvFz809bZeJxqO4JsF1YfsaqQHxQjd/6CyqXp8qc2+9dMwItb1oDm8lBxGs/Bchtgi5nakDCnDmI2rmqw55eayqtvDizuUYmgSqfppe69hGjInq+kYOdGy1Jp+MxfYnpGSonYPLaDjku4NB3BSyzGw0LXvXC1OFsRof+YSFquJ84vE3KD0HhMN8FoownoIeVKC0roNUA9qVzT2NOsAMLz3U9u/+ceHjx+nvXs7Qlr2wD9yR7KXgYizGUagm27fOfJHcfPbT33epd3h7dhN8puYNexKU3PsRajy1oYcnq62aL6y6W5w/ZqmFQDzNiBMJ3joieM/90v/zyc/dmOYTs87/7x3v+99H7nho3/pm173uld+3V3H5vcfPAgAVz3zWVdcfkn6iRDsOqD+siuu3tra8/lbbv6fv/3bR44c+9f/8ocvPP+0o9tES9y7iX/8rg/8p1/4hd2dw/OdEw8/dPdktuen//W/AKCjRx598OB9i8Xyz97xe5/+5A2PPHrv933fP3rqFVd2HRLScrk8duz47vbxjc3T9+47ZTKZ7uzOJx0g5tWMBIAhxvk551/6cz/3Uxeee/rx7Z247CfTyWc+9+Wf/4VfuONLn3/9X/uOv/E33rR3cwNiP5l0083ZrV+852d+7hcfv/8u6nt3tCJ5uj72ALDsF1+5674jx7d3dhbT6XTWdZNJF1IgmFxZpNnm5t33P3D48UcBQiTqKadHKBIALnrYni9PP2XPJz/15f/y6//tiQdvf/bzX/4P/+F3P+uZlx4/fmxjNgOI1HWzzenm5mw63SAKIeAElnv3zhC76WzadR1AB/wAJgaYTLtNmGEI02k444wzZxunzXe3H37k0R4QQ1j0OAmBKEbsCKaPPnro8JHHELbOu+DCp156ccA4maY+MQQECsu+P7Bn49prr9t36jn333/PR2742Gte+fUA1EcCCJJ4TQmo/G9ABLjlC3f80dv/aDLd89zrrrv2uVc+cXh7Y3NzsdPffPMtn7j+jwBOhfzLoMSyOIXZJiLQ7gJgnl86BKJNEQABAkAA2AaI55x3ToyIweeu29ZbnyzIUElvRIqxHdAX72FaRaG0sVpVBQQQh5RjSgJI/CTwb5Dl+KJA6VWEVeZ0GEaXiLN0XpvDsTEH7g0eaeGcQCFNrFBx4txzTfAASsw4zft9oQSx+cJLXc9+agI/D1fqEL2VUX1yZR2YZRusmltTFBUbza7AcEhmdn3cWCtx6TCddpjkSzWqKZn5mqQV8UqVCh+J39xuSoM0+xoLB1EbKfWs4asOeSksNZ4pWKesFRm1YG255eioexOUWEHxOvwp+2FNWseoNCWbSUf2ACXQfEaGH1or2oz5p5cLMWa7TD/GSmq8ahqZvlb4WtU1CLsR8o2m5difGYVIqmUC+/HgqqJnPBcIukbLCsvnsbRNaxb1KE2ShNa622bMnCiJMcothMb7psl2UoisoqBEkAbS3s26JpwXSQ3H42c93+Ym7ZBE6UFHZM+k4nTUUOcsEqkxFibkmoZ2cn1hua6ZUzOqgC4WgHq+xGCwOWcXIRMvTdFBPW3ylKo7pvsVZqjCVAnWAwERldN4rHLl8YJsZAjKYa3MMj69LKcvAgAUlMpOI/nbGGFjM9z9eHzbh48+fmh55mldHyMBdB0SqbenpB/IQOojYEdbG3D7fdt/9BfhyqecPgmw7KELsgRpLxzLwx+k3iakbQfzlMiHpVpZhJ9RXsrCTEARmIrLDbZjWS9E6Lpw6Mju+977nsOPPfja1//VSy+79Nd/7de3ZrNPfeLToftn83l88OBBwOnV1zz7zNP3xCxHAaC/4mnP+KEf/cF/9pZ/+qmPf+IP/l+/d/T44Z/4Vz965eUXnNglRDh4/8E77r5zvnsCKM42TwWgz3/+FkSaTGb7DpwVAh7bXhy67cuTgAf2H5hOOyKYbm4c3959+Te87HnXvfz6D77vV//zb1x00U+eefaBuFggv3chEvRAQHFjY+vqq59x8bmnLvu4s7O7b+8WhW62MaX++IFTTr3uec/et2cjbetNum7P3lNPOeUUgEXMzxfmPTZivVsslgDTmz79ibf80A9jNyHCyXSjm4RJCF0IiPmXRijSZDbb2dm+9967cbZFRLGPRNBHQsRFhPnu8vTT9txz/2P/7md/6VOf/Hg32/eqV3/jy178nOMndg8fjYhxuYy7O/MTOycef+IYxSVAnC/n08mk2zht2dMSOwAICF3HOoHQhYDT2XwRpwhXX33ZhZdefvsXP3v/wfvnS8QQ5nMkDH2MYYq7i3j3nfc+dP/9s83TXvSiFz7jGRef2N3pJtN0nAEREQNFChO49uqnP+e5z/3oB9732ZtufuiRYyGE+c5uCBiKWGIIHQBQ7KdT3J4v/+y97zv00JfPu+DqN7z+daccmD32+E4Awm7ywute+OgD33nglFOms246nULAPkZaLB579PFPffbTu9vHzr7wqc97wQu7EAJ0YYLLvkeg2C8DBkSczLoUPVx33XWR+i4pOefQvc13hYMP1mfWpvKPOHGzL8eASb0nDBpWTFy/wKvcEFX9gl843OObqMiTP+VlQ2wG5GHkocLeNXVu7cMAai8TIRVyGptjL2U+Sys19QG4qa9U9GgXaKmz9MpRDjQJ/xYIcXOUVc4vbMOyjlIZEXLKsNFjwc3iH9OHyo6i+2DRtnGv7CXHYSop1KQJ0t8y21p1qEh8mS4CkN1i0R+ka/vLYFBTW0LQ0cChPbWWcLqdbQsOza06iNOBjSxKmzC3CqOlFYJifVcNNNwhZ8GU3DcBIiQU00qsFJK10avzKc1sQj230l3jpl2C5u6L6oHAMlbN0fcJRqLAKfqqILRJru4hUSKWMNmNCdSCWE7Zlj4kPeBiMOm4MbbenFSv+SFVQXeoxWckOq1vOVyeLgGnPkSgdfhXFkNOKnLngzalyiIMUQhgDAFUqy0HIcAwriyWcxea2mJWuGeZ75CxHE8m6QosIshoODPQGaDcUiw1ty0rK72pVpXpUvqanT2BWgtDoUxzeEbNrBjyLIY4UDd03tYQACWBAo1nXBH1saxWRo2UY0TwQlWqqbtZjB3NivkEJWQ1mY56adRdo27Q5hJnENsqoCY1oK0EAOnJMSFbYb5EH+bzXhAhQ43UMvESxFgVI4aq/7SzSgAUaTaFE4v43k8c/fztJw7swb7vJWTNvy8R8zfgBYx9RAzdBD93+85n75hf9/Tp7jZ1WCyk/pQmgOywBP2JB8sxtnobW7Hrzmyi4RuLCmYWqXfnUrEIJEzLy53f3h0WSzz37P1/+/v+zp+cdc6P/MgPXXTxuXfcdtt73vVnH73+g2/5kaN79m4ePXRo88Cpz3/etdMJAvVE1PcRAInCS15w1U/+m3/9T37sn3/+lpv/5G1/dPzE/F/+kx989jVX7i7g1a986UUXPWUy7fo+7m7P+7ik2IfphCjMppN+GaezycZsOp2E51979Y0f/2zfx24yObG9+/TLzv7Bf/QDt91++9t+/7eufPqVf/8H/uaezRktFyHkn/Tol33fx+lkgstdAIC4gH4RlxhCCGECgIvF7vbxo5tdv1z2iGGyNe06TG+4gUgAMUWziAiAiN1yMZ/v7AKEQ4cPP3HoSNfNprMNDIApSRNztNp1GLqu67r0PvduNkWAPlJPAJQee41nnLb1lTsf+tc/+dZ3vPOdYTKhHs4/7+zN6eTLd9z/+3/47vvvuX9zY+P4saMEcPT40fsPPgSw5/0f+PCPxdnu7s7GbDLf3d23Z98b3/i6r7v60sUidh0GAMpPYkIkuOiC8y659Km3f/ETX/r85++++7GLLzx1Z2eOhBGwg8l8Ob//4Qd2jj9w3nnP+LprnrM1657Ygdk0/1hLFpCIMcIlF5/7whe99Ib3vffO27507733nXLa/vlyiQAAIQL02bjmJNXGdOvO+x774z/54xA2n3/di1/xqpecOLE77bq+p+lk9h3f9tpvft2LZrNuEkKYBKLQU5wvFm9963/+0Ic/uG9r71/9tr/+j37wu3cXy2k36QIu+ziZYIxxmV68S0AhBMQwmYZAfQxiX5DDC7FTKcwQ0+g8nTFLSsfB2vw6NNCIRXsrC6FUb/qViWyUOG+v3xCmjI0oZvVYgxzWUHSbohOtzt2wxZbe2KJIP2JbSF/IMQmbglLb+rJiqRTB2gOxrXWFw8qGF2sZ+7xFIai4Qt5DDQu3raNFdt0AJQUgAFJDOL+Zoz6MITb1hEXxoTaSgBob+L21DCZJCKu5rXor3WrKU+DNfkVHdE08o6nRM3O7iHWKwYkfGtmmZmWi/GRjvg5mibGW9WqJHbJqXDScKaiSeyNAwOS/bamFtiX5A8hE1Ud+dw7nnEnfdSPKots6WQV9akn/vjBnDXRbHZyXwx8Cgw0rCGruKnzYZMLI1O3DDumj0XRUIUD+qrquma+/F7Tpo97ybo0kS3b/s37sU98ZmU1FgYfLLb64YE/DZT+ToXGr11IX/eSsAHGEud7CKJpdXqGOwZpN2CW4WWhj52UrXbbmovnl5CbQsoa5n6b+q7uDM1TNvEWw2uJfUJwuuyFqTp5krFgXnxla2U/TzQyxunreuE5Y2JdbyCtwJbywKQP5DOD4qb/UK1RXq53K+CI21c3Qs0YZThKz6aV0pI/S46CDRABja0aA+VLZpnDnl1UzAqC0+Ym33bv73hsPzxewbxMjPzkuphYD59KTJSSkiAQUuu6JI/Gjtxz7ustPw3SsUB51X+VhWYaa8oJ+UQeKyllA/QIT7gnYpWYzHvOB1kAEs83p937Pt3/jN77osqdeujWDX/5/fuaXfvmKP/2TP731ps/CJMwCPe0Zlz3v2mchxYCRMCL2ALCI8eiR46965bU//4s/97M//da/+OD73vm/f/u8M8/62bf+i43p9OqrLnvec6/YDNADzAFihH4JOIF+CdjBcpEpnS9g/xZQR4DddNIB0vETy1e9+iXf8Z3f8Sv/4Rf++3/7jZe//MUvefGzljFCj5CfGuwJwnQ2fezwTsRHt09s9/1y7559jzz8eFz2AGHRzx89slgst3d2d4lgOpt+4cu3HztyBKBLb2YNgaYYAwbCADDZnR9bLpcA9LJvfOWrX/f6fZt7Mf2OQoAQAiISIkLoAgLEyWzjvvvu+YPf/73HP/2xo4ePLOZLQCDqA8F0sucvPnLrT7/1P/z5e945mU4CTnYWuxQjEdx33wP/7Tf+68G7boLJGbDcAdgFmIbNrW5j/8c+9MGPfeg9ABuTzX3LnSNb+05/6qUXXnv1pUQRqCOESBiJIoTdJZxxxpmXP+3p73s33nPXXbfdefuVl7/g+LHlNEAk3JhO777noVtvvRlDvORpV1z97Gcu+tiFMAn5BRcAIT2nvuz7A3tnr3jZi/7wac+45577PvPZz734JS/uEPo+EmAkiDGF+gQQN2az+TK+7wM33PHFW8+54BlvfNO3nHvW3icOndiYIiAg4hmn7z/nzP1AsOyXEeJsMgOAP7/+s+9+z5/BEi572jP/+nd8+1POPePoid0QcO/mDACOLyBG2pxBv+gRaBkRMCwjLhaRCELIiTh5d5kk5tDIO8s/vxzQin6OC2pVAKVXyUA0oLAqAZSCOfUi80+tb37g6n66HML6VrNVyHkE/pcZaQe1lnvU5FP+KxuKaOoO2S2Q1VgPdKRINfDKxiFyygh626hGE2NlJaPZ9dehmnO1gkvRNhwY1sdvDUw7Mulqks5ZKxQ91g3TLzjCuODm3trJQl8w0ZFSLotEV1G55kCakwhAahXMY1knOYtEXRK0wiK/MzQiS0n1quO7LgS1LdRFzSt92YC3AcOlQ9CvopwEx9RmBrhETCZ1bJTx3bhUyUgRf5zkSKHiQ6NHyoOZapUtN1bahu+6uZMJE40McE1LjIP+wjiQvTuNsIfetsxhUlF+7tyQ2iLG12lm41SAUXnRQrm0I3tZXrtXsLZJsWbeQVBHrlyyrUVtK3/j9YrdXHuOZgotJSGhjncoZOzcxOq0Tka67J3xkqOC0SCSiHj0upXIRll6ItK96XDaXtFuuc4sMhM42Q/c8ZAZtU85jXhBMcZgLcKg/is7opOapomNw8sVRZ6+e1JuICpCieUqk4PZfOQztHxtDRyXtYAlKtfvQnj0MN33cD/rQqRIVPYR8z856kzcS0ckkhmhEzvxi3eeOHzswP7NsOxpMqk0KJ//W0UaKZG1UakB3S1QzciDnbvOjkp3GRIAAUa2EIiwM4fprLvqGZcu54v5PD79qRf82x//kec85zm/8B/+48F771nsbr/u1a++4PzT5rvzPRtJzgNABCTAcPz48hUve+app/3rv/t3nnjw4D3Xff11mxuTuOxnE7rj9gf+7M8/uDPvtzY2iahf9oi4WEbCGPsIEQjhac94+qu/4fmbs1kXQiCchrAzh63N8KY3fsuH3vf+T3/yxo9/9BMvfP7TugCLRaSu6xdw9NgJQLzjy1/8gX/wQ0SLnrqAYdLNtne2H3rwAZjs/bN3vOPLt97UhY2ekAAC0bHtowcffBhwKzEnIAQgDAAQsJscPX7i+LFjAP3zr3vR93/fmzc2p4tFP51MwgQ7hICAnE2IPWCAhx87AT3Njx7bf+AABkSi5bLfs292xz0P/5uf+sX3vfN3YbpvY3MGyxgX876PiHDKgVNe/erXHrzv6Rt7NvvlEgAOHzr05S9/6fFHHn7WNc959nOujQRA2C/m+/buu+TSiyD9CB7LXoxIRPN5v3/f9KxzLgCig/fe9tGPfOabXvGCCfYUsQthOqVbPveVj374eorh3POectEl5y8Wyy6EEJD4aSsiRIh9H6eT7orLL3rmVc9851c+88f/+0/37j11Opn0/SLGSBGW6anrGAFi6MJXbr/zPe/8435x4trnX/fq17x0Z2d3GkIXckiys7MAWvbL5WK+WBKddtopDz507K1v/Y/33HH3GWee983f8q3Puer8Jw4f3zmxvbExnc/79//FJ3///7zjmmc+/e9877cj7MSIBBPCQDCh0LHJ45PqgiR9jrUIfjIr/M0oLfnKoiHFn9TQxdson0rmVhYjCkjJwBUIGBwBFauIYOaSiEKJP1W3xOfqk/ls7qRR/kWEzInaR/tAkRQfjOVHXS1Li9zThzLQ1MztWrhONqndC0FS/7o57wELjSQ1y3JYP4LOJPLjn21IWTkdvXpct9hKpqv0glAtO4tc/ZvpGqsMgSWZSGGk1MwTyj2Y3gqxeu7pvDozoKrAhr/CIWsEn3Wpdz7be04ONpNpIrG7Ws1W0WAmQSxW3tw5y486cV0INUQyFSPxvyJVMshrgxYGImQkiIDNQcNt57krZVEEGzBQ8TOdNpcQVBx/0UcjwYPQqPljPpo8faVc5zVM5FOTRRZL57+t4KKNwAX2q67cLqvd/2y6iKIRT7acZBCvRXlQrG19M1qbhMZlZ9JpvP7JZCMalnHUKJCtiPxuBmfaWPFyzfXJoFUEKEpNCHpyKzcwOoz0sx5VX00ZNItr1qzK6hhEJ5B8ULpeGVivk9LFUplFd81M1dojjJh1scgEQPkMroU97XEteelsLv+OaJsh6W8AJIJjO7SMMJtA5M1BpkbON6FuhkjpHCoRPXFsub0TT9mDsdfuuYSGZkj+4KBvwqwlQbQKCbTZgJRgC5maxVER+0pkLgHCzi5hv5hOIiIcOT4/47T9z33ec7tpiIvtCy+65E3f9qbZBE/s9ohT3oVM8DoixWNHt5999SX/7F/83zvz5Ru+6cUQYBlpNsP7H3z0rT/7i0ceO9j3uFz0iZGRFgQUMOzduzd00x94yz9+/StfsDGZdl0XqQ9AFOOhQycuvPDi5zz7mZ/99I333HPn7u58354NwmUIMF/AkSOHY4xHjh75+Mc/CQDT6Wa/XOzOd0M3mc660E0P3n33wbtvApgApLfYLgEO7DvrzPQVEQNiCBAQQ8DppDt2/PjO7jZit/+UA3v3TIl66uIk9B2m7c/kv5EI0hboOWfu+f6//V0ve8kLZlt7959yYHdOEabzPmzu2Tr3/LP2nXbus579nKuuevr1f3H9l2/9FFHsAS6/7MIf/1c/FJdzQOr75cZ08yt33Pvj/+onPvLAV17/LW/8kR/83uV8O/3kSQiTvfu2eoJ0/JUY0wSkfrGYhe6Cp5wx3Tywu/3wPffeu+xpNqH5cjmZTAPgQ48+cuyJe08746IXvfD5+/d02yeWs0nIHgFBEqZEEIFO2b913nkXhNn+zb17j584RmlrOBJROmSdsB4S4PEjRx966NGNrdNf95pXnHvGnkPHdjcmHQAgBAjQASJ0k4CIYWs6jRF/7/f/5KMffv9pp512zddd853f8a0TnCPQxqzbu3fj7vsP/dIv/sfr3//Hn3rm869+1tNf8Q3PO3xkZzrtAALJGYfIe47YsllYdKe8gQhWmIdSiZGatz0K6vn9n+bHRjEos9DuApfyALo0wgJ3xSStns9YIXnPij6vjGwNvyrPXI1VhV+EFn+Ym8wT5lbKsq4F8Qm4JmoDV3G8lAa6WxvM1KGv26LQw0sotQ6AXL0dp2PCEga4+Xz12Hqt4HPVLl8JV0YjOvvhZOFh8ceWk3yh+bzSV1HIpzIsi6qdzHqGBWyL7KwI8OsDpKMrnKY8vAta6JaeWrC1pHVW66AsN4rap/NUooplrCdf1o6VUvyJGZh5pSxq4yJTJ+vFh9j29m7BlwhlnoViTX+jP1/0Xs0Q30fWgyzHRSobNVsSR+450po8Rah4y8IxF0Qq5lB5ja4/LN4YDq3h17tYbvo2KYJ2Xjql5DbKpNtqZLPsxnarB1/rfnRGUSZmuOEmqG4NbnVWhBW77xKNqmjCih2XuvJXBeQ1GY3eABo85BumMvp3hSGWs+LCWKNuIzkt6dotXGtxGw2FRpB3f7fXvXbGlpzCSooQB1Qz5XwzmmwCHZIHLbMKAcqvGwLkX+tMo1AXoI9w5Fi/XMTNKT+aW2RQaIWQnzfND5xijnBp0VMf8/RlGml5EDC6DH/CUWWHAVE/UETlBSfKSKJadJ5AvpWZkG83FgCB85SpZSxszpsriEAB+0ixj5Mpznv4vT/4owfuuXuxjG/45jdcffUli/mi6wJA4nsESO+qiV1Y9gs6enj3Fa944WwDaEE7u9T3GCkA0Pb28eNHDz39quecccZZy2XEgAjUTSY7u7tf+uIXjjz+aADqQug6DGECBBhwNusmYbox2zrznLMgwPHjR5Z9RMRE2KFDRx48eHB+YvuV3/RNf+kNf3mjm1Hsl8tFpHjb7bf9yZ/88b23f+Wlr3j1K1792i7gzs4uReim3eNPPPreP3vXVx55uE/vC8L0s56h6wiQ7rv34NHDh4k2D+w9EDrcOTGnPvbTCcUu8NOIwiwiAOjPPuvAuWc9d5dgZwd2l5G66fGdeMYZB/723/ru885/ynXPv2bv/j2f/fRnAJZxGXuCjdl07949swlC7Ptlv7W1sVjGrc1NgP6UU/adffqe3R0IoZtOZ0lolvl5ZiTKKhAw9rQMFK98xsWXXHHVV26+8bFHHnj00SfOOnVyYme+tbX14EOHb77lJsTFZc945stf/vUdAlHoQmAHnPIsRIAhQN/3W3v2fOsb33DxZU99zatftr19bLFcAIRIMUYApJ4o9j1AXC7ml1128U/+1E/ec/tdb/jmVy0XNO269EZcAS+IAKGbbc42ZuGDN9z8X//bb8Q+nnbGmW9+81+7/OJTjx89OgnQT7plD6edsu/FL3rhjR95/123ffk//cqvXXb5Zeecc8rODnVBR2VsLPUBXMhJlCTrjAO4vvKXICFmAa0cdIm+lTdZpHGSqttdODGb6l1xym1V+xwcS+X0L7tt1UC/tFcrL4TycmCmfzRK0ptpI3XUTkWxBMRGkzf1kek31q5sQlKxmeVGeduSbiCZU0+nkEoyveLBvPkOIQimocJgVFTXjQQs8EywnUfwL87QDhHzWaqa+KFNMwHj7YVoraIBYxyUSDWqH18qFQgGJp8uK4UwvgEVnhEEWcjXor5+EapWNhMl0EiKnafGz7Ubz78nnGklJlxrogYr7YjRfhKc7DCh4CNkHaE6cjE7kI3HZrLKkPqxSXNLnc7w5whqSvkhamDC9LkA/tMKQd2RezO3MkRDhbLpqp7hQcOCrEAKMOoPWc2tVJDdgHUgGVzNYkQVJXrVMJufiYFHTRiITJm9qRtmkloxFWMt28ZS71fQ6ryedl0aZmi4tBVtjYYrDdkgpicCtaOonBnlF2hwd6Rr2ufaaxrWoRbVl1An9gZSFO1ohG81AxjXfKUprEOysYlVoY7v305kKESXoXyOs6rfiL2r0HS8jDBK2+gST1I28Nq2gdLtlZktI296rKEYVWrqntl5e40jdn7M+TY9Df+T3oSJ/h6q/w8U3ZNYkHod8hmzTBHNFzk2EZClh2STT3rzMKX6CSDGMntSNKqWPEtUWkEC6rKxFd9XKigz5577Lx6Q2F2ZmRYWUFnhIp/seQkI0in8GAko7t/c+IO3/8Xv/+7vbB89fNnlz/yu7/rrG1PankfEEAJGikgE+V1MRDGGANDjcpkOlgKmZwiJgGBj1uHGqX/vB37old/w9ctlelQSuy4cOrr7lrf84099/JMbG1tdwNAhhg56RMQAYdnTfffef9ttt1PfQ+iSOsQYJ1334IMP33ff/RHxhde98G+++Vs3Zt1y0fcRZtPuE5/8/EduvPGer3zh2mtf8AN/781bW7PtnTkQzGbdbbcfvOXmz33llk/E5TLyqW4imExCH/Fzn/vCwQcfPu+Sp11++WWTDgMCdtiFtPsJydeiHAVFiIQ724tlhIiBYiBCgEAYTuwsn/a0S//W93zHmWef8bFPfGZ33gNMeiIgWC5pd7E77wj65XK+7CbdsRMnln0EmPWLRYx05NgJiLi5uTmZTUPoEBEAew6lKAIRRYDFsr/wvKdc+fRn3XHrJ+/+yldu+twXXv3K6+bL3cnG7OZbb/rAe95DRPv3n37ueef1kSD9ag0g8qu72OmGxZIIw0tf8tyXveR5B7bCZz9/e9dNABAo9kk+8ou/4mKx3H9g/xu/6UUn5i/qJrA7j+noLQYEgoAUANODtRtTfPDhY//pV3/zrjvu3Hdg/+te+7pvfv3LDx893s9jF5ACnthe7Nu/9Q/+3t988JGH/8ev/ccPvu8Dv/Zf/uc//Sc/iCFG+8g/Y02RWgA0Cq8grTYDqO9n/ZNQTXAh2EbAeF1wnoWkypoJflIKlr2lcpolVhh4s60LQglTMke6M2OuWZRJreIuMTHmaptzQmFxkRa9DxGQNlqrdxzwYILo2n7Q+eWSP9PupR58IEw3gFl7RvCcNRhSkoAOQzqfbvoxfTdw0UCueSheZUlSHlnVtDRg62K+lsWYVL3hYpaMpzREpBMGsvADKvFz9HLaoppXcywR3UJZa9YEwKneakjyIX01VtuS5DBLJa0kZsmgK4lkFo4cliWrQzXTGVQUE6Xdr2HOEOeb+5z6oo7CGB82SLETd+TwVzVT32pge9LhQ6o4pu+OdJRYa5sUWyQZLJD3D7WYNTDn9CCKDz6lYyauAb2VsFaWU8HBSvlPypAn7DkO1kvfzERLHhgf5shZEYOM73qZ6bipJZUYDUHHik3CgfWazS505wJmmxnHr6rYnM2T7EMRU2c0qKkGGrgMsXHYRWG1NHXr+hKiGDHz0mCXEXBDp/4jNHXJkDc0QX9nVYV2ibGta9lk8EsdhiST9D/KqYupqG2KAEuoFESjAuXCGoQpb7gxw0kHBBSACDGURysAUxKGADDkABEBAmBEAohEXcDQqUmkQyFiLoeMEOMd0KDUtcr0V8dsyOExA6X8MJR2XzJz0oJQPpSZmBuXy342w1P37n/PBz/9b37q3z5y8N7NPfv+3t/9/mc/6+LF7qILBCGELnAkEAgiycYt4rJHgPS0ZMqGQaTYL5cU41lnnnn5ZRfPF4sJ0m5PG7Ppo0+cmG1MaNl3IYQAgJR2OAngve9530eu/+iDDx387Kc/TWHj7HPPm00ny+Vyvuj3QvjKnXc9fPC+MJ2ee85Zm90SqIe4iMsep5vTWZd+MmQy6ajfXs4XsFzGGMNkOpvAdDIFwBhjJIqRYozU93v3bTz6+IlbP//5neMPPvc1r73i6ZcSQAjdJCBBFyEkZAORDUfiHxKFgAAYU2oVAQARYoyTQAcObG1MoF/OsQsAAQNEBETa7GDaQUSiniYdTKc46QLAZGM6CQHTBmDXUcAU/IUkd8ueFosYiYhoZ47QxW66d4Jd3y8fOHjnQ48cO77oji0m+3bolpu/cPDuWzc2z3zGlVft2795fHveL+D/zdp7B1pSVPnj51R13/TCvJk3eZghw5AzSAYJImJAUNe4uobVNfx217Dq4rrmHHbXnFZFVAQVJIgiIiKg5DRkGMLk+PIN3VXn90fl6u77Huy3lTf39q2uOnXqhM85FbptiGMMUs4BQQjq5hKAVHwKJKa76cxMt5bWALiQsj3dYywjkpkQAExI6LY7WZZNTHbqtQYhcM6AICFI1ItRiRFRvQaZxAsvuux311yT8tqJJx733n9504KhRi/Pk1YD9TpmAICVy+d/5mMf2LB+3bVX/ubin1203+p9X/HKF7fbXfWKVa1xagkukKcgJbIefPVUnjx7gchKrbfD2YWa9CeMS1ZWUe3ogmfJWCIfp1mK/X7apoNj5kqcgjILlRRWXOURab9+BM+aBW8ONEeZbtSxf3gwjLm8L+Xo2EF+KUsNv23J/lZF+Cx2t6yYkbjyqUuInWkBA5S3Z9yMV1VJPreC/iI6sRi8fO1leMlKPsSCU4qiFTew0AWfsKomdCZc+1AXHVnEGED3In4oO4mqwLqyhsPffDhQSn/pr+4nH935o6xOCNf3vQcYi8bamCjlg/XMnrqqRwe0npGuJO71nIRbn572LCa3I4RpbVAId+cCyAOag1TgHGiIckhlVwIVHSsF4hTa39JYCy140YmEkl/7UW+FwxRzCuyRUvBmJUauasCMRId6WKCzdITiOouTSIWG/KAiqMqr0c5uF+fNnKNyoSlA1XKRMtpsQwWNKhQupd9lNKn4Nbij1M0PsMFk1zx++vUUK0FPABwTTELFD+SsPUU0sIcoqDAyuAVWxARXiHTwSEgwlkhOzHifVPd4of5Itot8Nj+XddDKoS1TCD6Lc6QRk+OQ2BXWMhppXUhyebcCAuKv6DfvL3fxxNTpCRDp7xgYU2XhpQREXLYwHR1h4zOiWSuc+GV8PdnjjpCZF2jLWkorFqaDDSaEN5NhIRpFTFMfnDSFzbjegQ5t+kEaNGt8wdbqpe88Bnh22JBFoMMnAill1mwkaT391dU3fuITn31ozRpCfMX5r3rdq1/MIJckGAIxFXAoQIH6LXamf2rNoZrIkiTVplq11hMIE4a8xhhJQuCMciG10HGGTB93owT8kot/+ctfXASY8rS2evX+p55yYqvZ7HSmEamX4z1337N925bRkQXLly9BxrJOR+Qiz0SeJCLPOQAAy0VPCOp18na7I6QEgOnpaZlnAIzpvCoRyV4mh7B+731rHnv0AZDyoIMOWrFsPklgPGEMBaEkprLnCGAy20CgXwqkxIAsR4k4AyDIcoEEKWfqGCoiIklSCCElJ5D6ZB8iIQAAkJGQWZZnWU4SGWOJJACGvEbIJVGzxoZaTEiQAD1RrycwNFQ/6rgjH3/swXNf/vKzX3hCvYYrVs6fnhIPPvIQye4Rx7/kXe/6h/kDSfHt3N2MhKBGgzXdak99LV402hocAsjrrcbSRTWCmiQYGR0FyDnDBfOH0jRdMppGOkgEgggQEsY6Xbjs6j9+5zvfFt3ekc875kMf+vCqlUu3jXc5Q0mi2+lNTc1MTE5MTXWmOu1ue2bxsqUDQ/PGd+z49re/ffBhh6zea9lMh9KkKOwewFaZEuf/0T/WS5+m5QPyEjOMrkajiujATgnCBrPGX3lYbdEMpDY1RTZWPxeuliGr1haRqduoT8osv5zbMkFdBXfiboIx/gY3F+C2sYjxnElZtYbTShXI3lWF/ay3a8Uv5W3VJUT7Snii0IaHD0bG0XevRMTKClTMUpZAFAuZgm4iYoFVfuv92gLP9pILGgDKRdLg4WBlbBEyFggxpfQfJcOeedcnjfn4R/3jaitFXz7UAcuE/mGGrccLUcJhcn1SchLjQK8Vh9gNlPVL+qwpVBIvyy5gYDcGaGr2NNir3qxi0lT59ZimPYDhdQ88d2vdvaOTLHuiMe4DeuxLcd3KdozpdhrnCVARXJVAZfPVccOYmCIlviTEk0zh5r6iUpTEQVGFpt6i8hqEbM18cHkerkxK+8FJ/VDpYwheCKp6UKGHuuXK32aNsiKcbcTl/zLbBt6QzKmeqt6VhjGln/tXX8bkOJsyl9oKMYn7paL8XEk0lVQNpU9tqW9wFJY+XEVk6AD6EheYoVKGVhJQVaWuuGTNUp98xFyaKLKxhLFer/v/+v/mUlaylDLwb8ZSYIyriXHCEBbs2EbV2kGyLjUeN1cVYygFEdFuS2v779644Z6pVjMhgYEFcpTqBxFAHR6d5XKgyQ/dZ2CkxdoZMVZopJ/Ill0l2AdMNOr308d6PmtC9xDXiN4H1S1CRoOt5tRU538v/NXXv/HNxx5+GJCdcfrp7/3Xd46MNEWW84Sp11wCAdOvhQQkHccQEapJQlez8hwMgIEUT69bf/f9j8mszRggS5Na/en1m6bGJkCSkFJ5P5I5T1MEXH3gwSdu2sh5bXBo+MXnvOj4Yw9nnOcSR4Yb67fuuPWvt/bak3sdeeyuq1YwQATiHLhEhshQHxYkBEmCVqsxMNgEgiSB5sCABACQPFEnEoEUVK8xRPaHP9341BOPDAwtP+jAAwZqvJcLhkwSSLJAxRNS8y5QD8LoTAgiqp0KjHNEIAnqdbF5LuockwWDRMARhADeE0nCW0ML0noDiBqtVpomS5Ys1XN+AADQy6HdzRH5tp1TO3dOMJA5SSLIM5FJsdvue//9W9990AF7P7Nx/fhD3XojXfvkuvvuvRMgWbp0US7ye9Y8kfCEMVQTy3kuBgday5YuShJct2nn2qfWA1At4UTU6/VAyrXPrO922km9/swzT/3uDzfnvZ4k9siDDyBLO53JO++6Z968gW63wxkHZAnnCeMLFgyvWrmMISFjUzPdb3/3V9/73ve2bNs8ODzQHGj88YY//+ySS7q9LO9lUmSTk9Pj45NjY2Pt9szE+FSnM92Zmuz2co6w5r77fvyjn3720x+qJR0iwfVxww7RFC0vKpxflHVP0WadGvLNg4X/Gn7189pzVebQ/ICzUaGWkjMt4cM6ivHzfmXtempP0QOlBBWbCGzILF0r5arbSmpOPIpri3Og2jxAAKefvbuxPXU4tQCO54BCo5Jzf0Q/GJ0MX/V0+fD5AjLXdVKzEVTZgb76EIZS0VMm2WlLPodLz9WXvqzOaiD4w1pJZ4G+AqCNihSq9BQ/7tRzc9q2GxUEOAmxIvIc+Kj3hFaEgqrEc6m36qoYa0tAZWxZKBk8/qzJ0H8i4Uk8IqP35JTA1xhYO+vkDIcD2aRPl4niQ3/kol9dEg7Ax9b2JtkB8wYwmJsyiR8s2AL7xZ+FBytxofbaoKJfCEbB6aYE8WCrXpDXhB+j+M2it26z0ErAHPNoMFMaWwTEYPysfqJ3tk0hdREwJ2xx1ov83nnmwNUW7jN0CNrjT9BcSf7JCIYr4nWhOk/gxhQgkmk09bi7c8tbzMoZJ+QRY6MHrcRi3ImSzz5jQasYRrXZdsFBGT+zZZlQmLb1QZDfiNdo1Ok5GSGJAAAyQkmmdisShmNec0aM9R9AtJOJJhbVcAERgGOW05IFybEHDt328AyAXlkjLSq1TWuRY8pAMQ6AsGg+O2r/IaaWUDK/sPK6RtIU5QY+h3ftU+pnnz+oz1pyJ54EomGdNzlOmBs+Ci5zVQgAjLJefsX1f7nqt9f+7pqrNz/1JGu1zjztzI//54f22nt5nkvOGQIKJhEFATDGGecAyFOOCMgAJXjBpyFMratFxIR//3vf+cXPfpz1ujxJGBBLap1ue9P6jbxeEzIHIsYIARqNei1N3/72155/3llSyMFWfcnSZbU6b2d5ktR5Wr/0l794YM0aZLVTTjllxfJFWZ5JSYioVgVLkMAYYtLLspzYzvH2Y088LfJ86aLRR554cnJinDNJIBkCYwAIQ4NDN9xy37W/+/3M1LYXvPj1Rx9xAACAFMASKZVR0mkPtNwksG8FIntIlNoLABpA5b9JAIASEAAlAEgtuhxp/eaxG2+6Y3Kq3WokeU/0ur2kVtu6bfv4+OTQ/EV33XPvJb8enel0e1me9zICyAUecdiBRx2+LzK88KfX/PRH320MjOZC5FIQkMwpSVi9Wb/kkpmekEgcCLrd6Q3r1jYGF9x9163vec8/6/28QpCUKGWn2znp1NM+8R//knL2hz/e/OlPfrbRqDPGhOiJLBMi7/a6k5OTrF778w1/uueuu4EYoJwc38nrjbGJ7V/72v9cdNFFIhcsqXGGnDGS8pjjTvj0xz+4YDhFgKmp6auu+e3Da+5fuGLJ1MT4Tddf84drLpNdAQBmfZmSDw6YAEvTWlpPGwtGF7YnxzKRXfvbq84556xTjj+43elx5IQc7bIxq9/mNe9Wqs2eTfTwIpmJNSSXInDKYu2ESSs4A6IVMZi9CxUT9IymbjHEEcEjuiHU2q811qvam4GVkojsP15VZeffVTQUUNnnCi155EoMEyLzbkyHXTyptcBrVqMdMP8zTegP4XoTgHgvMvpfrPUDtNN2zlOH6IK8DxjCGPJcQITcLOGlGM8SFQiK+cV33JGHLffpcT3BaMUgCgzuDUny64/CGMt/CJ8J8/VW2siClQKO0PATQxnwMQ+agzCLYKOKM17mXw9HERVbivx6PM6g/dunRX0MTzzZHF+BqsRcs9IGJToX9ijAhGCNS/mjJTRr82UgjB83gZm48o0TYnzuQ5GBFhtgEKAWATlVoL4I7IW/utqhML6uWh3BRUic/EfC+p3RMb9Cn+GLegHB/Gf8FBl7rp8pyU4FGCt+OKjSCyY9q0XBh6pabXipfopTcZUHlEUFnsukaGkUPvcrftY31ADhFxtVeo2HB9zFdWv/HK/E6nPN1p1S7qAXsvpzwsUp4vIBivppvlrXYgXMpzBG7307RZEy+7nM0mfLKIyYU+WQ+tz0WVFqIGa9SkXUd7pQNUZFlalu91nqQFkLFP5SUto3AJIVQlddSwAifV3w5kVdg/aNdvrMIRVYqOYYgpDQYHT0/q0D7mjd8fD46PxmLyNjOjQ+RUBJ9lBO4AlkJBlkxx0wb/9VSbcrE47qrY0KBgcQNjiTzoIDi+/0MU2G6jAEVeiueLaF121VnFw0avuPqoLCQ5ocVe01f/jTj7/9VcDa4l12Peel5/x/b3/z/gfu0e2INEFEBPOWQSTgjDWazaSWNhp1zrkKwwkYU3N+JuYGwEwScMQE1z7+uOhOAyAgB8oAOEvTWlqTeac9NS0E5EJKBBICGdtl0fAui4YVrT0BvZ7IezQ8VLvimr9+61vfGdu88ZAjj33h2acNDA50ux0EjmpRKzFB0M16QD0hRbOe3HrHgx//+Gcmd25duHjF5NTOJx6+X0g5NDyvUa9lOdUazfseePITn/j0mrv+tmzF6je88fV77LpECIHAiIDQ38DjnTfsInqN6zTDzXCTOo9KAjKW1pMkgcHh4Vv/et+/vuefx3ZubQ0MkcyJpJRSCCFElsv8Zxd975JfXCilkELkeS6loEx+8GOfOf7o/XKABx9cc/Nffg+4AKgL0AMAAA5AAAKAAzAABoDAEqjXGIMnHn3siQceUrJgYr8MIJ83siDPpUhw69atjz300ODwkJB5nvWQ1Nk/LG00Up5OTU7v3L5TST1nSZI2COWmjRs3rF/PGOdJwgCJRK+TLVm2i5q7RoLBVnO/A/e/8c9/btSbzdFao8Eb9UajMVCvNxhnSVqvpbV580dGFswfGZnXajTnjQwNDrQGBpo3/OGP3/n+d59a++APv/uDww/57ECdCQmMBUFjaCLQGKZgbXroI9BqFJRdsflxoDA0n5HjUfeIsGjFSXvZomHz1bPU1kmpwk9Z0tdS4qM1rnG30RbrU4nrgCFanctRiQZ0B30NqKo6svTOjQbo355kHKD5Ep55dYWe2q9QIYEQTlRdFFNiGvMPhijtWZnvrm6uDN2aJL6zLVHYZn/ti7VK4bQT+P642gskAvqtx3SBa6EaD3HZG3OYZpgDZPDqDXIfViLI/DP3aY1i7TZEDAM400YfovpdpeIUVxUyqigZc2wmGncbD1eEBf1o0MEkzAFhOhnp9/qD8jmSOVzeAJQ/q7xM8Ud7/hB4wU9BSE3tgXVG5ySiLsXdCOMBR6vZ4+vQv8/HYihSpisE4RZT85RJKkSwPF4qCVb4Isjux8YV4xGNudrMoOXJ67sjQ29hI0VHmDgg433CEFQfTuC/wjjsTilllnL/g++gn20c/tyuslaCnJxPpC1vzsrXMN830H5OoawJPzAuaVoD+UAXIbr5XK+oRVm63b/MaaEv+RjHKFHwib5oVRsL438wKlBCkt+Qb9YRtbySt9U+svP2g+KsZyCsi2RIXB/hqauMmvU+kTVBaPjgdk+A9b1GX1USA0g9yBAkw15Gqxbxl5407+F1M5NTWbPOBTIpgv5bs8I49gR1e72jVjdecvy8FClDVC8oQdMAmSjSpo6MoqpGY7gL+iePRdb0EgAC8164Y+2k9X/OTXuf0f/J570ZTCmh3khe9YqXrX3s0Y2bNr/1LW/5u/NfuGTJSKedMWQk0ezyRDUEnLOJHeN5b6oz3WOMATAppRogpo8xRQRQS1inJ2cksbe95W37778fAqb1hARgLd22adOFP/7JU08+jpgIiSLDpDHAKCEiQdTpSpICARhnnDGGqjYATAfmzX/DG96w3+q9uhlkIlXvgJFCMsGQpQgMkua84ZF6LQESa59Yu2Xd3fotoGzoeSe++AVnnlart7q9LE25BL544ZJMpqe94CVnnHocIuS5YHqDK5B9SSpqmZeGd3r7n80Nm7sglfYhInR7YmxiOs874+OTA6sH9txrj8nx0dbAkMi7DAHVKlNgCEgghZRAJAQJAAYCJSxfukwCiJxOPPnkzVs/MH+kleeZyKUkCaBYAQwZMmCMITDGkIgYAGeMMaaK6ZlhwKybHXboITlhJul5zzvm45/7QrORZlkmhSSSQCSkzKWUuQBEhijNcY5CSMZZwjlPE7X/V6pF18T22XfPVrMBiBJgYKD5knPOztrd/fbda+WqZUuWzG/W6mmSpLUU1DtNkTWajVqjkdYbSNCsY8qolvBdV6688urfS5kdcOBBUkjEBI2eM6UuQagEoSzbjJLD1T78wnA5KIQqAP47EqjwawlCtG/QdRmo4GFTVWjMveMtfZBtOiQJ9H5in3wbivkvUzKXlLLgoTz9fjbn3tuO2Jg2Ll8E1xpHBHCxZF7BPmg/ezMB3qOhaeqPXT14pisE54+sve+f/LWsLpZAryMhH4Icfun8D2hAZUcBDGLziHeurQRJqjJmEsnrrGvLGPXiFJlHH0bUOj/Q5+orJUSgbIKhJAqlMCQ4nhArLKTyr2BpScXEnSpXTV0wCiVpWo9UXaDsR6YoMQNn6QgeiSCQj5HC6eKgxZgMAgCStmYy+udWJUSD6AefYFhKJhFnC4BZKuaUi7lcFRHpB80ToQMrvaLbFEyt90GP7rvbCO+XIb/scw1cE3BM8S2r+0qm9mLddoIuuukXjhNaNkXkd8ZkjMoH20pnlUiF2N1ZMVe7/lpq0vxKihEOeZ/L4bsXQbp70QfLBAWLXAsaRrsjUaIUoNkz5pv4YH6vol8lnAyZFpvp6MUbZf7Pb7f41S/q5MkGeP7lGTWnQhFXi4fLaSxSMoaRRlkttdU6ZxplJbwKnZO15qSiCScSBXsdcSzotOF/PzxhzlKygTR4Umd72MfXVDlF/eCcL2tE1WFvutOhI/TIizGOp/6BCKAvDO4cRiQ7UJ5sRNWZtQDe2IEOlZRrTxiQRBJ0yiGtTTuW/OjqrdsmZKPJapyDTvggAQBT53JSpyOYyI85oPXGsxfsujjpdCVP0LXhwIZlYDRzYMQ8wCXgO79YtiiYCLaZh2ABm99vU947eMuZEfOPetUenXTCYfM+9fG1T60/84wTBuowNdlNEk56KSkyFTAzRsgWzR9+5StfMT4xcdihRwByUlsMIcxmMRSCdlu54s1veSsCvvnNr99/n+WqMQGAANt2dBYvWbxly/aTTjoBEfbac/d3v/OfRS5WrlhGgGmCIIEIkIEk4gnrdOSZzz9m4oJ/f+rpDWe98NQkTbrdnCDJVfeZzCQtX7ro7W//x2fOfsmJJxwtCFav3vuD//6hRx55DGXGOVu6ZPmpJx+7er+9spwk8XYP9t5n5QX/8W+rdt/rhBOOHZ3fzATpVdehAfYUxk0uK21QRz6rIAdd11FImj9//plnnL3Hqt1Wrtz1sMMP+NY3v5rlsl5LSQowQbradcw5A2SSSOYylxKQkHB04YKpjpCCTjnp2GOPOlzInIj0WyJVqI+MITKO5g8o6pX+CimJQBIJAoaIQIxzSdTpwWGHrD7i0NWAIIVUEkCSBJEk7UVVYk1rFgIiAyLG1HHQKIE4Ms4Y48AYqE3ByODEYw444oDdhoaHGzVfyIEABEAuQErIMplLIqCs281kr82SXXdd8b4PfHBoePAlLz61lqaSgPFQT8EDp3ZUnE8O/i1ezuqi71tCY+Z7y+BhcMGkggb6bBdjbtA8rMBjbFfR6TgEEkTBDaCyhz0iS1Y8OkNtgbH3xXU1dAGOrCrkWMVJr3TV/JPvboIDjYKRtP1yRxhZvxljI+rXXABjykBUVYdK0+5xTBUSYiQg4ENxBhKUylioFpZWbevPfqK2fOj1MZwW1RVHPwbPpb01NOuYx+W1Aaz0GmdY7pi9ht0kkC9L1fG87UtAUViJ34tiPO/uh+sLqoCf4yo4aXIwLYRzlr5A7jxqA7DnlYx7ZKgtJ8brSzl40xqDwfoCfyl7GW/DqpzMhT2LlTGcnSrWY74qZK1Bghd9FzbulRETfNU0RCjU1KuEx22t0ISZhk3bVpliCZHS2/cDXhXPZTu5biCas7IRjrtVutK6xHZVGK+q+NMQAMXOh6pdMgBFegpX5AbKS0dhnnnS5brsurxATYLx9uNPVwJdAdtNIHWESiwxJXpSEYT4lsgVKPRiFtb4TfQfu5BKv3xcVSH+rGizzKBEXi0Sei9O9stYkShRv9nizyj49N2TtRM6uCrrZmRPbfzpJ0ScIfDJszWZtotsD0a2yoaWFyaz7draNcCYWL9a/ZQQxDlMdfAbl2//zpU7jlw9+J9vWLjvynT7pGykjMyZ7O4BxRXPnYUi5/u50EMY9jOzqI0k1WtsqkdX/3Xmqr9OP/RMt9vJag3kwDhDAswFCQHAaNFweuIhrXNPbO29opb1pDr7xro5ApBkOG29g/G8fvt65lZ1KOiP8u4IFfu6yZvMtsVjHOp5ICJAAGkCaRWfGJBDCLLRqAkJUvSEgISp03yQM3W0DwBKBEKGSDg2OS2kTDmvNxtZjlId6kooQUVPgACcEU9A5j3OoFarI0hSJ+gIQiAJnDPkwIghgeTISEohRJKkyABIgp7oQyKQhJmgWo0JQZ1OxjkThFIiApMAel8vSs6gVkuAQAiZS8EZR5Aiz6QknrB6vQEAnXYmABhyQFbjYmCAd9oZIEtTRqoxRCmRAM3wacxCNmrw9isROVsgFdUmHM16vSzrCSnStD5vsDXYRD5nj5gTtLuy3REqFE8TBJIKD9rFn2oXKwME/aIgsx4YgAiEJEkk1Dm9EgiQCLIcEKGWsloCDF1UQwBCUK4HUfXJWVdE3QYCMAYMARAZIJn94wwQGCQMGIKUspcLKVESKKkQgiSAEJoGZbBSJjhKJfGEfKCZMpTdTKrFz059fb9VdgU7QbXElzkO74hXqyr2h6CqQgMuzDNBp7OpGCAlF+DpEt7CIzufaeklyHI5Osz/4wcbLv9zF3nv15/cffdlNf1yWr08w5qxGLxGCIQCc6iLqrbjnLh5zK8KjKUGxqo4McerFGeXWF53GW/fr4wmtAp+VM19zRV4VMAArx4nL+BzrMRXlq36jrCTB12gwC40XXC57/5UWQHBEsKKcbUefxtTEylsWen3yS17LuGSIRL8SCWK6EqJLzkLxsSxlf0N4k/Qti6MF0ztPmHkBfzkFQvEwwNjUCHA0HeHp3pQBURom7NK1+dZHXdap21MX1EpKrnqdyskiWbR5yJYVZ8CPYoT37PEnwENtsJiF3T8qRGDF2+T/2CxcjQBUUJkD7+xltoSS3aIg0566uxyRRSrbhSt9b9pPGb49l4vUgdfsDy77lVqKLZBuT8YXqNFN6DrjHTeIpOCnfKFhbyqHEV9zFOgVFFWKGhOFVBtuJn9MLIlz7H6NUDhsn2wDg/KBBdDtfdZb9lXFQr6olZqg+zoRzs27c8+tVHCwhWOM5ZBv8AbU89Ye5aO3JlYfsBZnjQp8CdKpgRGKrTvVk3s+ijfOntpKndZCv1G9Z0g6In9h/tgznIoZmEs20uNjrO3OldlwZBT/9Ix9VjnlQcwkRQhETKzTTl2CoFeGHTn5oqDU7ms4Hvqa5bgITIjpIjdHtUYvey41upV9Sv+2r79ofbYTN6ekr2MAKhRT+aNsFVLkuMPGjj1yOaCFnR7pM5LQQhmNrzuoGrL+hPF3KJDDd+PZgaEPMPoL87wTXqk3uTqMMzVcsrAvKnCDQciABG2212GJIEh8Fwi02+YAWBKa5iSa4a0cP6genKmKzX2AQIGjEAFoOoQYEZysJUyoDzPhJVKQLXaFBEQUQgE4MRELSWWslxKKZGQKaZJUPEnIWKnk3MmGzXs5qhfvgDEwMaDKKXsdnucgSCQkgEJHZGCBKJud6aXMUDOOCdARJkLmJrsthociPKMGAMJDKQO4UKBI2b2C3sW2xNCJWxMA35JlNYaA60GZ5AL6vTybjevMZkwUykGA6RrJiCQUkJOTGKNISeCbk92uzln0igGIgOGwBC4mghl2nvqJAYSEAoV+xEAqTwIIjLGOCDmgkgIjkbBCAhASJCShAQpwQBSM1oKpqqdpgwY0wZVTcAqEWGEWSZJCgBChubFM0wQCAFCAuOgjnTSySNgepCJ6gnkva4k5Fwtk9bbiEkrhK9GkffybJT+5GyjM86eMjhHb2xaoIPGtJoPuj6/BXKqQy44MEeKuZhBU+0rfPlFEiA6OrqisG/5Y1tqNsNizA/f8unlXWQ8gl+FdRx6dfls8UNESYA6/GodgY5xfknyD/fynjPJtZB+70MhUWukOURrqr1ykB32wuSSwmqtRKH7WlqPrs2Km1etG4jiIwU+O9QUtOKwjymDFA63zz/nVT1xCg4jCJgUEUbgV+tFbhYXgZUu1a8KPFPsGoSjbz44xFQe2JBTLjAxVQTbPL+o9dr2UGGn+CfzsAarFVGvVnnPXLjYrGxS2u8q+nz0cgqeabIHqRuw5/AYqEMTdRmvs2XsrTqGM1Qr9OS5oEE+4o1gocUXZKvxhQ1tJOK6QPZtdegeBE8XfA6DacO/4x4p9FrTicEbxqyC2pfWlMauZVfEIq+d2R4MgxkvxxCZ8aqcSumFHlif9fI1JKpldvrnSpBqyX1zXhkLP5vhCSyPP76RLZ4LkYXe2cqfFWOrriBg82osBnIBUc+tMesFY0M7C0lEBN6d59Z4CTk+YRXeEWbrLFV8nv2KAvXSxyOn/pz63kdOgljawETnJTHunb9JwosG9B2Mb1mo79yoJYq8wFZ5C0IgBr0cEGnvXdgbXjB44mGtjTvE1h3ZdAcgl6Pzk5VLklUL+bIFrFmTvR5wjjbCRXPkS4GNjooQCUPYvn+nkmGWNUFcan0QBYrvNYaIgflg3uGkiIzUFkdEu8yctEXV7kQCMiApKct6kgAACTkDUIcBez4QQK9Thk4nZwicM84UdmeEAIykpF5OCMQYYwwkQa+rNpFyUghDz3yqbiACcc5IUKZoRb0QEkFHUAAAwISUQoJ6TSkSy4UUgoAkASJwzhkBl4QIwPTbTthMW3DOOAc1HxexznDa42NsNfRdNPOBSoyEoOlMEgnOWJJgwtKEUcLsHtLQPdmBkFICMskyydTSIq6iPC71AUcIDHT8qadA0atFCRgBIuTSRLbabjG7nVUFkGgyIGo3qbqlDlWQXq8t/GQqFmWAqPGYWpsNTC1E1m++NSBV/9UM0yjPSLnCVoCMkZCSIU8Tq9pozn4qqEMhlWvsAMWSHl1FZSqY/qKBCg2xLRY4zPhUjLiSuBnbredgRIuJbJ/U5+4CXC3Yr41nczloqwVF9itcYg19Flcuj5zlZhlVVe4VwKYr/09X6fxnH5hRehlZnvNDWPjqsGJkqkpcTOVSxRAbzAIU/+9S01/wioF638qiXwNEUWy2AmVW0hNm8C1ui+I3H3OUV+OoNTsMfNTuSeRcYGoxtCs01/fX53DAqrqq5DuqrbLy4iSautt3iAlc/ImBo4oca1CJn97wRssnBOJRK4Z2XnW2WgI3+abuMsZKMy5BL8z6tohc1x76Hyt2jduq/K131aLgy6hrsRTiY8iKaKy9UoWxNiGopoQAonSZq9BvVw0P+af4oDlIxn+qv7cOiHcFKCxcYmejdJ/pC0TqEW/ww+IzpemAiMk+SUH6p0ADWBkL++JSWbNJml9nHDRpxw9eYOXq8amKPgQNEYF/cJFf3kHj+CrOHlv+k6nT1WZorjZjVl4dfAUoDIXqHZRX7i6mtuOpyRgE88dwjXQ73jGYrg+owToAGOWws/Eq6Q4ENhEBACDVSkIgAOAc8xx6OY206Oi9UVLaE2meI0mqJVBLCSRkmeh0ME3MNJSRDLUANczyeH0jX8j1HXJfI03WZ455qh500+z9DAQqsr/Bvx5vFVfVejum8/ZMS4qdS0MgAAmojp1hBFKdJ8OVbQEhAZl5EaidIQcABKZWbTJEtG8sARWlSkBAM4OpFRmBcQBQE55EXopbDaaSSMYZAyB7/hroZs03zjkaAhCJIUcgIk5AIEGoU3XM+xokASDnnKt9kCjVIGLERaLAdWM5h/UIMgQpkQExBsSZCs2J1GwkI2lmhkNXJwFUsC2IS3Irt81xpEgSCbXkyAD8qNyBkwsiklIf10Sa655YkSSJEpkacut+VXlpR8nbO+wpCCEASgAdvqocNAgCqZIWanKdQBICkVk7rTmmX1HDyOaoEfQSbyUhCKBe5VMisZ66gtMtTT6CmgcHsPMOfh2+jTR3EYikGWp/eJ2Sumd0y7aotcHgF/YWngQdIFtl/JPnroDkXBLBfebxPKuo9VcbcLOsHwGAuSPPYvNka5ZSFisvu3xnVAVeDW+cCfQnrAybKeR37OYcvil1rxiKhdqT7XctIqmfdwZj9SyXyJqXUp74jrgIGPwCwRxf2KMCegOACMCQetGUo9+XpIgfFYEGA2anZyXJqjEOoBNi+D3oHphB7AsJPI/NWFHIDUovJwb9YzvsB6tuPuKreBy8ww/iHvlIqezx0Ad4n0PAjcXWy4Y1KuPJodUDQEQ1RtG8rk9Gua7ZmcbQRCDoM9h8SGl/jalmzAeK5HVElgU+9pS70hxSkckRqWHb+m+M2kLlsvRLkEj6tDpHbYHFrqtFOFu8ENHbZlNSUYAyzbj1CRuqtILCz9F6V0MKRX3oTzyUxQNFGmZlgcIrNjpC+4watqLLdEbeIxaiYbYmOqAqIMY6CfOgM+tm8PvTHv2MHgHB6BuBCigr1uZQRuVrRcDUE3igUj/hkTfHWV8/3RCYMAh4HYlfRGr0NSgZkR1e/qEbJWT4fbRYvWAWwYymU0CPq6pMvCPUt9e20ep8iuf9C71AK6bPLrVmXBqiPh/S3g4LeRRhUACjn1F1vayoXT/KAKReLkiCiDEcajA1T8MRmglAHRigelMLcWikwAAyAVlOjAExN7bSpzQCnsVOoCYPfEEI/VfIet078o10sWOuARd4q18NWHc1229GMwndxJomnSRJBESUauZR+j0jhvasI4edSMWTUuUR0NxRP6GasrXz1UIfYaalDYjCqQS08sT07JquUu9ZUystVVwEoOdHAdSMIanpQ1TfrcNEAhSSGAIwYAASQ4ag1UGTo/VNseGv7jbpFuyJg+jWVTJSURkCqJNdnWq49lQEKAnUhk0WjKc5GCnQezvCiu1aWzWZgbBZlSJQMi8Zogur3B+LJxjq5QGqLhVaWtgMgJIQARmhtDzXrFWckEBqDC0xjOnxZkbsPQEzPHFmr8xX2rlZAD8f6AYjdFT+ejbrJP1HQJlPPV7emkb7nMdGr72yYxErryJs8b8aUTD2uvB4P+BhV+9huNIY7Pib1sqY6dxlwTL1aRLslhCIJNInSf1KmgQsFtBUutadTkfV9UV0fXwoFH4qqd/WE5/S5ki1Xris7vJ2MeQq+jhB9chKYoyzgwi8T+Xgia7uG5jGqi6//2VCG4OZQpVRGEDezT5t+pT3RQKOQ/a7G46olapGg/RBGWbzsiGBbPg5AvU1rM216BXy75Siu6j77qcC/2NVooA4N+NSkeyIugPF0aySVY9m/0FHv2JCqYAFDPDC5oi8UGAMnV4j1uyHe00rLwII19+GfSc37WZpNj6wbwrKR9e+p7AALUDeLugPJsT0j94q8L7o2Zak8Dcw1hOMxERmup86RSmukLLos86KF2f6PEstQUuhh1ddHYglPYhpo+AB8E1t4flShkQ9sfKN5ri2uKcQKnDBz5WIaSGLAx5LKi2dP1ilZEQTgGH0W2VGCzlmlQLw5ptUoxW7X8qoiIfe1UZO+snT9sBmlVfkehQQ7J/dVc039Euae30SbJErKq/VdKj0KtkOZfroP44ICAyQkf9OkqCQngfzDKiRaq2pekVlwEKyz5OU6iAWdQQoMISEYaOGjLOJDq3bke+clmPTcmqGpmZklhNDHGziyAAODyTDLb5ggM1rwdAAEFGWQy5c1VJNaampPyC02MOHsAYfYmxsvD6G2hIUKsIlgDJDphhjYC4QA3uEkyIPnfBZqTP/IIIKdRWdOg+qemUKM/s+GXt8PWhzL9U6T9ueP3zegHjijWZeCr0JKvOoioMYgiR1NC6oE+Zt3KI24jL3IkO9MJmBAPsGFY3TUdXoBBrsKzYwelx1E01wCIoRkTC6YkbtkJHBmRS5wFAYo3W/5MhyG5+N1WfaA0Q5KN+YBx4CGahpa7+3pGr2yuhT1M2zaNtmYIefLGvUSUugp1TUim30ukagEgigvqDZIgnmTWPazaOGN64PSspVPRIAXTbHHLTgc8TICgTSFX1VHS8YzLIPRctk/0MqVOFdRL56IpSiKAoH3zTQb2Fc5S8lHqDYE2t0XPtxvXa3PICePKxq0s6qBvRiTAz6pydoaSE7zH7oEvE79nEWmHko3wo9EalXJemvRmr0KPig0e97gWv+LKUtiXrRerCxbdYrgvtgiTEN+CFokHf02WLcVXSVI/sKgVRUx6nwAI2bLobxideKpcbgy1nXZyrAHxXxpUvXEw0LBRXET9McGo5oCDpCPvCLgskw+Iza9elX0uWkDYMlgZ56aZkkYwd8kQ4YbWEAGGSqNTXYP+xo6Bvhe3TFZ08aBKjCOtTz+S5zFPLVQxe+MbY1lyznLtAVDFc02PHls0Hf0BO2Rck2amQzbgCQ+M2ZRJXJYDq9891rSRhhjZp/1IrfecuUIrhyjLZtVeQkNLPLxtKXjCLXjCa64BNBL0B1gWtYrSUJKloEQwwWFMYSQMZmqeo0Q9SjsXk14EsPgJZBcI/oFtGrH4otRuRFXPJNZ9SXsmEqjEdJtUWT7Wehqqa1+13WXviURISBG2IKqQ1TTgVRDXvkF5ijhXQZhjKyDZ0U0gpgxjSQqyKRVjoK7qeKPC1dFb22ZhSgZADKMwKeeFh9mZU5xle4h7RZ0qAZgm47++OR7VUD6rQCY4N8Q+61ZhguSUpiDFMOjLOZHNZvzbZPy8c29G67f+aZ7WJyWnQy6naJCBmjWspadRhoseFWsmKUH75v4+A9mwtaODLIail0e9TpqYkuBoBSeiuRASA8O9V2nhylvmAU5ixchsUWtEdjB+DNORYMhdxQodbZWCvhzIniqpmPiTbT2teN+FlpUG9iNi2TBLOA0wSRDCSZ83u0y9LRiJ4qA7UkF+x2OhlaUxXWogOZpII8G5vZYzsRgDFCAGTqVSqkZhSZ1AtBkVCCGRQERGnXuGpuKhgV9C+yUGoFLJI+wFUPjdqZqUtrMKFPlyFz2A8AmJQvgTou2DBcnZwLdgjICIsRdbQ1IzGjGg4ASJJo/S7qQbGOQK339XfhWUFDHQYSQ24U3qw4ND3Wsoqkd5GSahEYSqN4WlpMbOyvyNCxn36/nloESmpmlYW8tWtiScN/kAR6kRcj6Siy4SQZXqppfs8MWBQS+iQXB1sz4BUowUtFzOFfvjcss3IeYAAtX+RN+puLFZ989hfZlIq53E4HxQvftvtWAkzmtzSN7dfzrEkyemXweskcUbRC0v+pWKEV2xA4WWFTv7khLeCcwNm5asneIgC7i3OWmT3vpMkKGBAuXPKBTYV3rmoR0a1886k1/SyhLehQeF6REnZzEJ0dGWekIqoKALUs2NYV+/5WM9GOgokRyq/SOg2ToSCVYcPVfHbniYWRgq4fAArtuqgmPEGqBPp6ffZDLyyQG1Fob0OcBzW99qrt03FNVcH4OCCt4aAZdR8Ua8vpA5CCehZ44pMaJQcqpKKSbteSTf32fUB1B0gvzEkKv5t6i+yvUFEzzHE9mhV+/F0kP9wTqKOviuWaaGUijEtVRbqGPpciwOwuKOlfZOkqdtxVlvfIKKEenGSQv1rHFolkxfs1iCXcwWhuYb2xSSYk67PHVRW0OlZKf0iDe3YOgjkX/xaN76weIqAkNCIehCmv3N2fO5HhsPYJvULKvQR9QFBo2zx366CDi/cwpjWovSBWc8QTpdmTUi02XzS+i/ewAIDGzRSJUGgFFO7UoF2/F9qD8H5tpkH7aIjA7L4HvzsG3quDaUDWEkhrfMsk3fdUb83jnUeebG/Z0Zvqyp2TlAvkSAnXx40yorwrxttybAKfkZ1Hn4I1T7YXjEwtHGJ7rxo4cNd0/11rg03Z61E7N7uoyKyZjztgiHmWlzFijnn+3I5ddoq+ATJ3Is5FS2oQPN7p9z2a/zPUkxgeIWjgC1oZIR1GCVOIyLkMMI5ezxCijlOVPZagdpqCZ6Q1tej+JfvR2nCVoyAkdYYxAiAiM0GpWn0s9bQkmUW/upsIeuUtsshKaKIDndKBPgKRNMEQqX1ZWkj1ylIb3+izj8j0gDvDbIVWd9QGh6T9jKrN4m3Va4ag5hLti0rJ1CClRpI+itALnxGAQHrBBTNOHA0TSAKZtI293EvnFRt8LQfTthlHZIBSr+5GppRP2V+deldvatFeHdyWaV2zU2ZdvQR0U9Z2n6vF3P7hPwbomo+BxtsnAOOfwJpNa2YVvnfBnOaxj7t8txtl3FyjCmobrUd/KMFUCcC0rMbrIyLCwbPzRBTZTwrQmw8Qqq+CY5r9+J1I/01HzDoOL7xxMbmDhJo4SzljYW16/PyDaH03Fx8W4jsdGypYIB4llwOawkarr5KQYDYIE9NIsdEPAYbrXyXimjOgJ3fQewjD0Ln+aAoLAchkEkMs4pHnMdHF/Fq33fI3vz3dcf9r0JHA57uQpm8vvYENGVJE0bbXhdDAp8evoZTDLkdg4mfPRAX3oUKQrDKU1Fx1hTpS+EX/6nTHOvmy+LkfSCvWG5Zx2CEK7IGUpvfpRRzez8EYqbaDgmiq0j7fEWpxT+J5KKd7RqIVPCmYuThKiWmTUvrJLSymxzwRt4cMgccj9IKrwFX4PS5k41zN9rOVM99UKMdiGtXLYs1PfuoIDZElV7Rn1ZY0JrhKYdDre3TfgBqwXIiKYcQNT3+gIKm+kYgSB04PI/IKIbcBndRX5wq9A/CXMZQWKPmKqLnqddxiEfS+OkdrvRS65DCExksTbwuErcdmzvupPI61HXQJNru2zZvE8QvbcQgHVDWBdrcZuNGNVvNZTfajPEeelMWcpPQWYgWeqZBCirtpxUkpDQXkVNkhiv51mFRdLLwP1mXGKEOtBtRYxluLqlZ1aOJN8CkkY9Co8R1tefsDnZvXdO59rL1pc08IQinrDd5qppwr+0dAxMyxMYxzA/tgbExs3NoWhDevyVYuTo85oHXI7rUDd00HatTtUiaBczRngliSiZzZCxbhWg5ZPfZZ5DCdz+8ws0DgVqK6EvoXsswkAHVKjVokaYJEPWAKEyPqQE4HV0wdDaQDMI9Yj0BGjEhIk8mSAIAk1VwcsIgmJfEYdMgGuVot3JZD0BWiOu1Gc8l6f7T/ZypZ4BLIDECq2TaGQpJ+ayYAAqFD//pVLmqxLtNH72rNISCQQGp/JgBJEy2DDqXUK2eQ6QDTDaJnjZyP8OAWERIgEUm1VxZISrMoWm0fNfMWTAs+MjVjqQ7LIscY0MGn4zLz19wqMCldAXWCLjIzogyIzBZIAkBydsFpmtEd5eft6clKWtQ6W6nnWj2oi+AFzKoeFoCNkkwVkT7gwiJZZkbcbBFy1atFwOie9n9TjskYA4tiPathbIpZcenVUwAOxtX6VwUIttEHAaA7xiaokam5bGTB8+QajiouxZSISDLodlwYVVuBVw2gS5iTLXTEtzDxMjz3Q/VrLPSCT835AEwH5cD4cWOwnA23qD/yj2VhhmGdGSmdKyvpnO/2NQVmrtCaTPuCQq8/3lGUhT77kl+FYUwIF1cQgV57R3/1mQJ6ywMUKolbBGsHyHIRvGp0yswGy9pBeWlNQ537QiET9GOhZKBJoBWJo+hbGBij8TKuYtecw6Q211B2AKQdnRgte5wtJc1djAEAM4EyIEoD7O2kaNhfnxcEZledumNfDeo/IYm023G7Ox1VrD/cqgqwQ3aZ+6qk+uhvy/empD2PEl1+6sFPZ0RllHhVM9QWDdXJml8/yARHcHCR0UeAJDK8RoYpuAFRAVe7xRp+7VBhz6swfZ+rMgtSLOnTAwWr71m/ypDS1OMLy5wotNJsH6mgMygTVqIBX+EophKORV3oy5bomotsoV2x4N+0rTyHUfRqLv08l6s/5daaRHkB+zOEYW0fEiHasjL75TVX9lC5v59D922eMsCBngHStc/FXug2Y2sYteedr4hhvR4KLMuXF+sy5KogxcMCnoKZmvQa03hRW0GlPUqJJNUSRM4eWJ9ffVv7hrumt+zoJZxqdWzUuJoAkSSktIENEaI+zFMAACEDRFavsXqdA0Avl2vXddZuzK5bUD98deuk1ckRe9XqIHs58QRNDODjGvSpe3bSrB6xz/h89HigRdrkLtSvEoiAqYBH8ZCMKCAA+i/2AEAgZIghF9EEq6BxpaXBlpJATB1QRMapKUOnXyhq02zGASi/RYB2kaVdW0ump/osVbMP3uOERpA6O4DAGIGZ+pM62tHunaPajAuqs4jEEOzkEwIwtdnVuGgto9IcJyst3tNNqwfVOlIOatLYrvkkichNtKTLm3yTu6MPniWpX7+puGFia0UOmWFGAATOvOZNPgUUJiQlZoBoDjnWs5sGhJrpXzXnhoDIjFDq42JIiT0zZ+0qsZWhazcUkF7JzfRIoZlcteLnIkh924xn4fIBiB1h1TW7ftsIs8dE+7HCl2EswkHbRvjDBz3rEaI7LNbQp2kTF5f96iOhggHob5bRA9yzu9NKK/tc/HDRaNu1nW6ysz9VxpFoKp6j9bOA2Luq0HPfegoxMLqQwIHHYAm9X7O2PgGmmluXyoitwnjeQ9EcZsnKpjIBLb+P2sDqhB7EngmtCZ+1bp9EVxjtEVRVRXSx+OcSFGalq8AeaxQK0fssVzSBAR7no1Eui6CdBzbzE24OzJQpazPEUbOJiu2OC00rrY22urN23xObZ698pPBQSRMluTkoHTCf3Nkaq3QXkDjzadN6TjwL/ipIuqgiWqst1wxTjAMvRNhA5He9yIUwV2cGz8uUxDR4I+pQlUeEz7sowHOTY4Zc8BIARlj8wtojx9JjUjoaBxBBcQ4wlFq0fzHiqNuT4NPmemofMf48mp8M6lT2o8hkv5LCZWeHwFcYPwQNKY6JLxvW0pvlaubSW8GvBfF0wuDSNlXnyHsBqiXS/g1yiqEGxtJS/BxNVnqscXk6z6/HP/a3MxiEmoCenno1u9655zz+eEgwdhuWBJNN0wWNHGvIq4UV3WNkWu9Hv4KyFmuDc74UljK/G1vikI1ryxsHkLKRMonsz/d3fvrHiTVPZiRFs4FJwqSEXiYVRtb/N8sUAc1qRluNmrYiFZVAWkMpxMat3d9sye99mL/sxKGzDqsP1KgjIOGGUitxbqkwecx2nQrnZ2x0h6GymhF0M0Im62BIlQREJLNcEjBkjHMCIAJJpOI4Ozgu+ERiDJjZ5K6mNUFVbafhnd1WRCAACSFzIXOhQhwGAFJPfiJHO0SECICAEgTqF08QAEn9hg89a4raLpHKFhAhImPcmBT3kgg0mscA1RI8REAiQQTSnDRJaF/RAUYS3Sjrg29NMobAnKOEJFG9GYO0kSAE4ACAUuXo1clS6i2mCHa/LQAgMkwAgUA4GSUA9Q4SPaBIoE+tCpC0mkrUSxNQvUbGCDIRZLlkDNX0pl2oLokQJAIwvV0W7BIAdAfZauHQlo9QaDFAztUBS+ooKX32j6JUv5+GAQl3XhURSSFISELGeIJKNphiPqjzAJHUK1bUzWhBhaZCMV2SliIlC3kmpCQJyDkDUkdSQ5pw4z41Lz1rCHoBkDMNDt2YLXDOChTSF2DXTQR43midr56+6Q6uSIe9+Mo369FDZlds4TLBeukkA3hm2aqBvu+7ECx50O9FjB9CpOh8sTMnVocsV51VR3C0hc0FHjmGvW4+S3/1euX1o4C5XW3F/Xtev4o8dJ31uhl8Rqvcuo9kjYPXtGsLDOusWzY2IKTKjVSZT3eZQieAEVA0qhdN9JEHS3QjBk7byU+9LCZgq/FIhmKDBtxQ6wkSU8DUZkY/QGuB9LtKEX2aTdNeWqoUI4UwPrysJTHmwOupDUFdPf7Jsb5k+t33EK9r1PAEPVmyFCie+4dg+cizOI0RD5NrzY5AoNfRnZJf/cpDjqG3AtSvTc+6W5tkRRqD6mwrcwnjY2ks9BpAuYMId3qgNLYvQe9iPnqPJ7GRUOMVGjSw25x9DY6+FLBpv36CkQwsmbByqmKMKZqSEV/mmiPpewUu1apd0bKD94PtY0UWwStPMdeCtmPPYUUcbPdLaKD4QZ9mgPh0Eb9By/MyL2IjZCyOpuV/ReZG/xSqWeRry+M37w56BPRnbJQ3LU/bRI8YCqsuRXFJxiT0E/amX7H+N2SMshfBMZ1GV73Zy4olTy5KCdQ+llQzQLEX9/Wl4BT9rlm44EqSZ90ca8KSYMBKCJYoeCBkhvWA9mtUNAytXaesdVOHl0qqp0wg/v6u9g+u2PHM5qzZZGkDRQ4il6grJOM2rYNglpu2q6DPuQVCNXNFgFBLCCh/ZnP2g6vkjp0DrzltcLBOvZwYg0AdTBBnLaM/Olr+naMI+hQxSeMwNP41KkbEEAeH6xygK2CmTRJU1EdCZOgWwKIJPoEzIgDJ1FwiQ56o95sS03xnjk2IQIhqepA1G0ytBx+bFpnQJ/JooQBQ2Q9mciBKSxFAOHfklEGBUimJIdRqPOUsE7KXO1l0Kot6eJgKfjgggQSqcSRGWS7UYlVBQFKgelUMOUGTetEtoj+4hBIQgItdmhQAAQAASURBVAPjkhAIhBRS6BdkIhBDabarIkr9klPSwaRW8jRNGXe9UgJMAEhIMhciJwCSIAgkkSCQhCRBSBCEyBIlAQgoJTCOeqQIGYdGyiXJXJKadkT7yh8EhtLEgkYyJJD1CmaxPwIiR8Z5s56qYLPbk4ne5wuoZj6Nt2KgX7eTe+aMM2rVkjRhnYym2wKRMaZX5Erm7+fUSRwVSKMPDygQfqXRJAEBhgdrnEOnBzOdHgE1ahwBurngxFi8UtXkW0scC/k41zd+EWCKTWTk/0rdodZMc9qia6V8KrVoeu32AKbUyYcOkSOAwDhH3g3Ri44im2hjQq/CKIUNHlbxBs0jJryiCTeyA+rVGvk7v1H1BUyLYKgm7ycH88KuapGMwED/2LLkt6hgDC1Kf43ytqBly0TOYX4i+DzbRdUjW0XSswOusZsE893hscIwOVjRP0MctGJ13hcQfb/QCzv7Fgb/c+0aApCnqGi3hOhelCMZMC7S7lYzv6rRBHAHRoXNIZZJNRgVIYNdg8gNMXgbrSPBq6fUtpSVB49X5ZDPf2SWKgFCRY4WL3j1KAtpOeuhDs/QlcHavuT55WOjU0EtuqVz9krsKnbS+MIaVws6Cpja1hjGoja/Qk61AyOrni7pokFdvgnzay4+EnPKiiA4gstNp1dFeegLJmNkT24wBJh6TQQBrrvR5H5JZ212qtCvQkKl/ECqICFkHACZ7gXJCURf31y1foGyK6ZEjT7G/sbSb/tlP2gkUWBFn6t0dOakDxHPI3rMzWLtc1KzEA2V5p7BqUBfI+S73+JNn+2oIF0o/1iQG+/yp9kCM+fR71tYv0eFypwGoQlBw6Esp8Gv0Od/aPv8Dpc87t3XmlVwnJo7tQQ4x+vvbn//ip0bt2YjQ1wSSWEoV4eVlgBIRxwp0TbrEZWh0ss11Y4OgjSBmensl3+aSFL+utOaCTPRpr+Tx5EFoATfevDYaPVRPuPM9GddhTnmSSJiu9196MG128cmF44u2mfvXdVsYi3lw/N4YJoqrixTLzqxG5Rd9GZ8NhAhMpye7j762NodYxMHH3pIkiRCCNRrYpGrEFHtoWVAEoVaWgEApDajugOOLCRkCIyn0+3O9ORkq9Ws1eqS3H5ahnoHFGeIahmtWi2M1Ei4IEiQJUky0+kKCfWU12tpFRxzI4xARBKAIetlst2VEpAEMc4aNU4kCYAjMZCIxJhuT8cQqIYOUa87gFwQot6lBQTqiFpJVG+kDFK/ZaHe/EkABELATJekxHoDJEGvI6WUPGGgJiGJZjoirSWNGnRzIClVVKcWJgsp1FtvGFrkh5xjknCGDBmqvb223Z1TvU2bNy1etHB0uNXLJBJjSObYZhVc2CGGBIFQSoEAwBlOz0w/s37j4ODw6MJFeS6U/9cLsRVARH3CrTsaivk6rj2ctCvAJQGgFPnDjzw1OTmzYMGCxUsWteq1nhRINNBMZ9o9hlzNOUTm2wbdJoWg/jhHUAlt0ZvQ14GsBwVCedFA00afrsGCdUYAp9CgU05EhcLqgSJxJq6M7Hk0vRPyIKrTVmSJCu54PeuD/Ryk9oJN7yGbmAuMfWmVFvcHzJrNTRtvUgr9wjxy4VmwiZcCQcGDBdRnypQ3qv5xdyDslIlLHZ6kwuNldaLFscb/xggzBKVVM2PuJvgDHfSGyJYJga4mwbmisoE1KDYONQMSjCpCkbyo3qpuRpOBMZQNZ+tjPlSITQRTq9AsItqTaEqJNCMbDGcwjlZOinFj0D5GVJXG4VHwGRcwqTT/a4RCwapwdRwbTfxou+yPlJHrYjRomigxKZ4iUElR2zQZIFSUprIria1u8Stpo4vhDgG/V6R3kOheGcmOMaeq274G0/WqEDNAKLVUuAl9vJHVf2PdLDfLbar5lbxFjD7QtJGba17GxFTVbIknn7tGqtyv0UFNpZaoj5WPWokVNKTWZz743PEyhJFJQuuKQxrIFwDQwarhV2R6AmpKFB8i7XWK5DVkLxZNeFrtLQurnBr7wlYaB3gzw1H0jsXz0+yv+o+5bSpmyMg7VsOsnPBxBNglT4YGB4+0t9HTA7Zbnl8BX6oMA4s9JTO5QMHA2Jyfz7qAOWFywbfCsR20DPR46Q7vJFmqHm5BJXoqZGTNo0ovISICjlCvsXsfzy6+dnLLtmx0XpLlgARcnz+j5Vid6mTzadYqWnQA6u2UejulWaGEZFAIkqB6g8kMLr9hfNel7MVH1Cc73hIQCrqBtmUzThQlRmMLEtxUsoUe/EZEAMkglyRrSfLM1p0f+rePPvbEU+e+4jWf/tg7mJCU8E1bdl5+89+G5w0ltRQBOGecMQRCpIQDEJGkyenOwtHRI484yA0sSCKJQOrgIiCSUgIySYwju/Cnl33/298Zm9j5kY994vxXnNVrC6SMMcaR692GSEwHKYrjqENbpAT1tkVmzIkQMuV8zQOP/uynFz/+xCOnnnraK1917oKRwSwTWvQROAdAxhkxBECpsoKMw5Yd4z/92ZW9XvbqV56zcsXCPJfTnd6W7WNZL2PMvABVaaUgAZKkBHUUl3m9Zp7T/HnDzYGWyCUgzrTb22faQBIViWA2jjJkDJHpqWKrLwQ0MDDQbNaVRVWjpaZhE842bBl7+ukNTJKUIpcq+yETYsiYAErTZMWy5dOd/Oqrr0Vk57/8BSPzh9odwRkbauEjj6///g8vbdZrLzv3rIP23yNBISQxxklivZY008Kh9AAA0O5Br9cTQszMdCYmp8YnJjZvGxsbG7/7nvvuuv32I4884j3vesvy5aOip15aqvMKDPW7ZhTU41IKImAs4cnjj6/7xje+dfc9d51wwqkf+ej7kXooJedAkJDaZquPOEJExpAQ1UZT70Qh/3gOHSnknPHpbOZzn//a3XfdfdKpZ/3HR9798JoHL/71bwfqzTf+wyv33G3p+JQiwc48omGtAUzODqDFFUrmCPX6dZPdNvaHMWN/rasyO5D9kCC0Pt4GQa+qYGUhlH0EVAdfBWDJBHYlALUE0pQ4R792zxGb+WFHW4w+jR2PiIyJME2QY7G7jVEhL5JSF1PKH2KkkGqPJADrccgG23ZuLhqIIrAJk6cFCm0p59Sq0JEXu5Kh0/NZIVpwOLMIEtDWUgJabKBC5Lw1lNFcoA/8AY0rVHf8Ewr9J10fXU9NVWgnLbEkk2urhmA9p+ld/EgI0W2Ui8WIce6XdugUYaKSqspmIN1RQDbOh0AswZPDCFeTyWiUxo1O9tSDmk+Oalu5U1sEvzbouxYvEhj/h6CJoprMevkIytoKFYv5VswVL58y9WlwRJaAczVvaaCVw5+2Cg3GPLMTX0mk2HGXK0Lk4lUI1MMrjH/Kayhaz/KaYv10P/kgO6y2nGL9b/lqzwpiTGVFck3OrIru8vv/l6uPgIbBE/h+wplUu7y52kJBNQfDTF7cwWp5frZXcSCsadHtlvLB3i96u1mE9VlQ8uwervrF99klzRQGoJoO53aeLSH/R/nUVs7FkdYPqtc5+ts3wcmLDQ9LKLP22FYFRM0Up9t03e2dJ9bJBUO1XArUL+pQBs95I7RtkgkOEaT0KldfTS4wbF8iYwBUq/OZrvjjnVOnH1JPGOUGXcSQxavT+AD7S8CWwnOVw6VlVxIidbqdhx68f8P69VNTO0lKhrKWsrVrn3nH2/6xNdhsd3u9bgeRMcZBnccDRFK0mgM50AnHn3Hxxd9MEk5ST9LoBeFEQKQPKCWQEhOUY2M719x/Z7c39sUvfP6A/ffef5+VMhcMJQAxnU1w6wxJ14dERFJ2cskQ1VZP5eGFkLVUrtuw/lcX/2zjpgenpiZPfv7J84aHJCAiA2TASBIm+jRiyRiB3kGa/Pii3/zHB/+z3R67867b3vj3rz/15Oetefjpb3zjezt37hwYGsqzLgAkDIlQSCKmpq0RpOQMGaIUYmJ8+3nnveq1r34JY9Rspnfc+ehFP7ui3ZlqNFIhpMgyIOIJS9MkYWpm0QJ62e50JqZmXve617z8nBNzIYHIOFwiSWnKrvn9TV/4zFdqKaeU9drtLGszZPWkmaZJL+8OzRu54IIPZ3nvox/+AFDeaHz1H9/yqm43ZwxSzv9y861f/cLHms3RxUsXH37gnlmeM2LIJU+Sbdsn1q3bIISUILu9Xp73RJbPtLs7x6a2bN7Wbs/MzMxsWL9xw8ZNY2PbN29cNz6+M5uZAOjcccutC0eXvPvdb0qYkFJFaIpaydCfoNKnALOETU1P3XLTDfcAJkDZv91z885tY+e+9KxDDtuvNzONxNQOUlJHPQFIdVqSOzEJzEZNLcUmN0REahkyCCEeeHDN/ff8bXTJrtM98ddb7/rq578AQE+vf/xf3/NPe+y9dy4lgo9WQrWn+FOcyJmLFa5wW15qyzM71jqZ2zriK6mkxDozvXa7oikosa4W9ZYmYWN37MPUQu+p4vMcLptlLA/u7Mf+3qGkb+HX8qRwFS0VNVWgxiraSpZRm9vkAiePnxrQGXgwF3dYVap0jKqoLFbYL/AwFUWjU/ZIH8DhCXzswEpqUKHdsw6H+lzVAYlXJuSMe27OjXjb2fpMOcaXlyvRMS3Z1aHlxBSne6ACo5WrfAXxfbpWeYWtFoF9vLecHFXPuZVyESpfeBD3NtERZmFyCz1YZusqMMViTTfMem4EHIl+tEDeHdean/6xXwvJiahk6RXTZ1bSlv5q70RZnKp5SA8SxzWVe5HQkNlVKDatYuepK4OoiiYwNLu+WPcLgIOY1AyCB6VDGbAqGKhaKVVuQlUZfb1f3eEIXUkYZ4WURMS6ougMoTWavvl152gTOIfkS52r1q8nHDMyA2S9kU+ZmySsILtiJQMFX9C5xFKbVaxcdSXil+qJWybnU+aJu03EWnmz9WpGlXXE76/9UhCLElID+YztTHlPY3ChiTNL8cImSQIipAk8sTa794lewpEzEoLUhjelEkzPvIOCySzAVoX98+YAWb9vRojViasEIBPOntos73tSHrUnTHSBG+Nr0qNKAMlHBQZCapkxooPgMBGZdJWpDb0nAdXbI4mYIKJc9oQYWbhw21i7Uat3cwABLEUA2Z7ZnnXYPvuuXrBwQS2tc54AgpqZ4Zw//cz6B9fcvW37lkxAkuqXtTDkwBI1Ic2ZfscmIDCCWgKv//vX3nPvfVdd9us1d99+/R//sv/qv+f1FAmRm/gDgTNABr2eFEKSRHVA0cxMdvlvfrtx85Y0SQlQiByIpJBpnWe9zsiS0Z1jA1u2bLz0l5ctXLhIH70jCJBSnghJK5YvOfG4I5csGhJScAaSYNH8kbNe9MI7bv/rxRdeeOOfb/zof36y3hq47trfb3rmKTYwKKenABkwBoTAkNcbwJlodyCbMmIkAaZ3Wbn3K19xDiaQJHDPmkd+/J3vAGwDqAPkAHVIGpBLgCmAHPSrsAUAQTrCExTt9gknnIgAKIUktVSYIYCUBAAzMzOPPfqAlD3gCfS6ScqEIJLAG1x0pleuOqBW5yPD85cvX/7YI7f+7w9+fOwxR++/3yrG2BPPbL/88qson9z/oFMOO/QgzqAr9dvg6ineff+jF1zwsakdW4BBe3qi3ZmRUiZJAxhKgizP2jMzJIgTHxwZbKZ8nz332nX3PVau2mPByLw9dt81y4DXQEhAAEnAEHmSqMk69AaaSwSEgw/e+z3//C/vf++6dc88dsnFv9p39QfraULIGTICxhGRgHFkOruDHBHACDvqTe1K64WaLyYUpCdThkbmp83FA0NNAnb88ce89V3v/vF3v3nhD77z5ONP/Pf//M9ee++SZeZIKwrxLRq8QU47HeCxGSbzDa33c8odoZUwiDHggozHc08EFwb/eDoKjjpVpQSgaFOrj7TsQh6fpuhzBQ3uJzJTDVhhcm1jGmiFWXXdabfR1HOR1odE73vwmmDmi9f/6Ahr129HiX87prQUnxv641y2krwyeKNiAwfY3G308DdR4Hn9Rd1Bnjqa851DGFAOZUw9vp8tB2zemtqq4DMqVnCMACFn7LgHMhBx1VUWJFMJKo/eiO+HGKyMASU1hN/tv2allx0pDCFK36qsYPQhu4jwoUKiVLu+lhnp0iptJ/Pd3wJnELGcBT7bwuigSPqsPCzEsQZ7WwkHREAfdvavEDy7VeSn+6o6RwCIbnWsX4Utpznk1gDaRlVtwfxnGOTbGvpdio4+UutVHVSpSfPn4mwsUUbonC5rSsKAdi7PzykHYMG7sy6zsAi9UnMorq9ZIklTCCC08lg+xvYBcwfdSqfq2udApulR6Mwcf9wNG/bMeSjDVrBwJ/hQyqj+YhOplq2nkCUpKRYF//1nj02v44UQxj30I7KcivDHsOVwebwLQf2yz24MAvAWfEaHQ5xOR9V7mBLBzJSUlFOloltoTkNRH4nqnGa6cPej7Y3b81oN1d5IiI74CmEPWHmMue1j2oCTDIDMuw6RgAHunIC/3N85cs8GAnibHEvkxJyI63jlkeCXRQ1nyRxPRRbWolQ+UCIAT+tpqwZDg8OZkHm3m4tsaKjJAfJcACJP0qXLdvvi1394wIGrOVCSpABC1d7pZl/96lcefeTRWq2uzraREpMEtmyduuyK3+VZBgAcGaYcpASOKBnwhKOsNwebQyPEa7fcfnvjZwsoE2nCE54mCZN5roBBkrDjjj1qydKFCPpg216eX/TTn955281EkLenAXIABpADpMjrJNoAM4+suf2LDzwImACrMY4kZcJx3vBgr9c99tiT9t9v72VLhklKxhIG8PrXvfj0M06+/Orrf/yDH/ztL7+/5nfXvvTcc5cuW7Zty7aTTn3+nrvvKSnrdHuM17qdzp133r7+6fVL9l6xet/Vg0PDBIxznNgxccJJJxBnQlA3g4WLlpz8wrNEb6bWbLSnZ55a9/S2TZuGhgb33Ou4BaOjtTThPCFBnLFn1m+4/747hxYs3nP3lQAgQK1kIkRC5Mgxl3Taqcf/64c+fPmvfvHM2odPOv0lL3npi8fGx6+77o933XHzwl33euOb33rA/vvOH6y/4U3/8LlPPXbv7ddfdNEln/70BxjJy6/6/Y3XXTk4uMvLzn3ZsUeuJil5whGACBnAwECDSE5MbG8NNOs1WDh/oSTcsGl7JoQQNDJv4YvPeemqlSuHh0YWLV2waMHobnusXLpowbzh4VYdBECnC3muzzsngnavl4uMcYaAScKQMSB1xLEQWd4cbBx19FGHHnbon//0p54U0zOdGRW0csYYJowjATJAho1GnTEQRJxjXZ0E7akAAaRqC6iEXNTrKQhiUlDW7UxOjA+2mnsesfrQwz86Mtj6769+abIjpnuiXkt6vZ56h6jVGw9fR/6JPNuilMZXWnIHUQdXYBXA6KQx1xVrGMgQ4Os2BfWgLWXtKYF+749Xmx/O9E81xjgvQHAY2Iwyb+hXBT7XYounHo19ht/RgBgvqohtdRjRQ0RSHOcUN1hh4V7fHvWBQ3Z6KkxC9GN4tIkszpLPfvZhRNizutDfT2S3H/dJKOgfyjGQ7Uv/wG8uyLM02LAS1efZMIKYO0O8kmi7E7lL9etcIHO/K0jEzD7DbPJhFXWpMgDBdMUcryD4rCpjaSgQPDtcjAwe9Ys8q5JN4MkSOc0KAH1lraXdIgMX/Z0FCECQWKOkIJoCrZoIL+iPLi8HgNFNdxojYvHhAjgsq1ZTojnueERk2VCSBptNFIpKXjTGfdWYjGvUuqJlQjG2OleBBenxw4CqyKp4BRYB9U4zSy4VRNZ70EyzYFybatImTlyO0Do7KkhAuCHTtxMEpBOPMUInI2GmUp8/ZRYhyNuBp/YFPkdcLaZOS1S9wgqQJ/lFzcSgcs0Vowi6X762P4v0dpm8mRQmREIRJlyth4ibRptI9s4uRyg/R7ofZR7tZATXqkBEcqRSCufp8z2DmiqeQfuYrcTKHwJRwmFsUj6+oTfdESPDPBfWSEgwXPCzaEVnpnPJ5LCib+/tQZAqcair5NTtiSc29nrUQiQp9HQAIpmzXUzdhp3GQKgek2OA65bWSSJ/6NyMjSoniR5+bH2vPbNlx05giAy3bt9y3wNrkWjvvfcgZCBhenrs6ssv/9O1v82yjDPkKQdEIcTE2PRNN9/Q6830epmUUkouJLQ4PPTwM+//l3/qtGcQOamZMuQsYTIjIAEgABKADIBf8atLLvvVxdATSaMBJIBASqH2ugpJF/7kZ+eed2aWAeRAEqSgdreTzexYuGiXfY44DBlKyQAROVcnGxEJBClFTsSAuLLsaY2vf2rtE4/dPzkxqWe67FhJuWLJ8Jtf99Jdli387e+OPv2ME5sDw3nWzbszZ7/oRW//h1emHDrdjHG+efv0W972zsfuveOMv3/dB977TwtGRzJBCWeU5TpBC2ymK0895aijjtgfOdVSnmf5p77wtYu++dWV++310Y9fcNiBq0XWS9IEGR8aaH76S9+57eZr9t5j75UrlgKAIJYwJQuMEDjDdiffb+/lb3rDK/920x8fvf+Wk045+Z1vO7+dwdBA66YbrhtY1TrppGNGFw41OLzxH169Zs09V1x+6dZtO6basPaxtb/85a+nJidPO+sF5778HMah05X1lEtJhCgJDj1ory9/6TMTEzsajVqzliwYXXjNtTd87etf2/DMk/NHlr7tbW9/+z++dnCgVUuxxmF8On/4kUea9YXNOsz0MklMSgQiKQg4EtAtt9177R//tGjhAgTgCAxBEOVZLkSe5yKtNxnLIa0PL1iSM7zsyqu3bd6ODBE5EjEGDLGXZTzhZ55x2pGHr+7lctuW8bvue4CkREChlnMT5FJIkiSkFCLLBSDkIhsfH+P1dOPmDZf88rJdli9stVrL99pr8Yo9DzrsiHvuu59zOnD17llOjNmY0um99po2R2NV1VoQo9MmjnFhh36MrGoHgQnaCrydpWCBjHkGXW2emwSIzJe6Jc1OcnLV+5fFStpUFbFvYIFtYOJ6W4gN9Ekc4HGiL7Amu2ZaewTfkxozpCvByL+X+UGC2M+WLopxy+ZcV+ztuP7yyauSznhhtndYQ7HP4MWZNszzl+ZF+NvsE0b0hslnBRS4USSMnBOI0UVZ72b3vI48vd6mLKKoqCag1uOzA4OFCUnfcVZWWOCMj8lLWBRu4nMYOwCPPr4N1Bl8IS/0xTVSoMqnJJ4jKRQIarNmxOtd8fGyJyvUELWzt+XdTShIS3FiabZmzYE7bmG5oxvBw/UWVVaA7bByL/QqkwiD1jAQLYv1w6Otwt7YcDQJRTSAU0HRiqvEmHpqxyok2ZkwawcrmO7biKgqCjvlzOtsFAaPPIsrPtGXoXm9J1XKJoUqCrOEIaZMIbqmwl0q06j+tRpiCrtLynI9xiM7c4Beo/YlLu6n0jYVUp9tF3G/dJT1l+oKN6NX+oPSsNM0FhQDG314+uz7ZvPBtYvBWeFBsI3hYwUii6m40l54DJH9Brla8NRPZJPwdgXJs2VgeSJmloSr/skPKfp2AgzPIofg8KjOcTNgUoJa3i19s6+ptQqqraD7ggig3ithkSkAkOEveTRqBAKETCpGEEghQdqKbauWdDfknqf1pSeMQfVBtGqlsaFFKv0iJAlADKHbyX7wg5/87eabWYoT4+Npo3brLTe//R/fDlL86799enSkyZN0anLsa1/9ArIm41xKAZyRkMABBDWbKUmQuciFlBIIpJCMpemq3XZDEPOGh5MkAYCs2+tlIq3VahxzQYQ8z3Ii7HanAQVHlmVZq9VstZqAjCVpCqzdzYbnzQcCIpX5kkLmCWeI8oRTT//85z4+NDTYy3I1W6iyY1II9TpkVGMnZJ5n9Xrt81/672/+zxOcc67flqzeREIA0MsEgnzh6cee+LxD5o8M3nDbmlwQIEtraZrA2I6xicnper22ddtkt9tljO26y8pFoyN5r521szZRPeW1WkMSlwgkaN5gfcm8ei6BQA40a4OtQaDpZn1gt+WLlo22xnb2kIl5w7WZdmf9M+tITO++116LlywR6m2oDACAg9oULGSek2QAPcAEgDUGagDQTGGPvXYdmLeg080yIR57bN0VV/4BUNTqrWWrDurJ7Ac//Nmdt9/+4P13N4cXQUJXXfO7X2fi6CMPPuP4QwlyhiiJ5g/WTz/BHRZ1zfW3XPmby9Y98sDI6LJ/eMtb3/WON8wfTqTMUl574pnNn/j456/7wx/P/7vXvve9b58/3Mp6Up2ZLEGmnGe9/Ma/3PL1L3y0NriUMUYkSMicZJo2BltNYpDlNNNui94M9LLvf/sHQIIyAiTkSEIgAwYksk59YHj+yPzjjlotBNx2x91vf8c7GBDHWq5eASQhJ0kkpRAkAQh7WS9NU+RJfaCx/qmn/vXd72UpT2vNrDuNMr/ylz/91UXff8Nb3v7lL/xHL8uIePnykSCNiaDjrejMOQCEYm61LFxATwErXLEEN+3aD3ZFWXd1x6x4A6f1QVBpLFV0IGfQShifqU/R8kiL+cJlyHErRbxAPtAic0xGKdzScVrwvGk2oKL4E8SMKfdQ5nTm2a8qYOD4GcdRWI4Ei3GWhT12vKI2rMhUL0uOgLsbXIoXJ5eH2YY5c5zdIh91uHZiwor1RDjcD9o8cfXfjwDB4TQxva5X/VIAUdRYDBR8MkJ6i+jNVxEqeSSolyDGJ/7MXv9JWhepqhqkdHcjkvzIxUhKVbVRIKBqM9iDyJNXZCx48W74SphiUO0HnBKlsx6Vo155od1QpGqWen3Z7E+6Rkz/fBFC/yePGIQEHAgHW9QTPr3zoBRuRnSZn0J8XzXZ4qUr5jID0/8q5VB/MdX0zGlcZq0DnHubS3XK3JSRgaVewWsmJnguk1f9i5gRtyko06S2H5G8h77S/6yeMSIXZEC9XwtXaeoUCsZdFdU/BZFHlRzGBfy7Grqoz6GUxtFFuQj5nS5QUPZETJX+2k/2jVsquRk9WcwQGYjiv5lAP+w62Cd0LLDFmgnH+fjxogIg+CvrEAIXZsfAwUzzM5kW9coN/TuRev+HwlAgJelDXL1XSep0kLf6wggxYdCGmyQhfa6m4yS6zaIKkiJJBHXGjY1qPeBCBqyYXFTAZkWX/uOSMQTg51aUL9GEqcmZXMhHH37ozjv/xhir1+vI5cYNT6974mGA3oP333/mGadKkTWHhv/9kx8/5oj9RC5yIbJc9HoCE0SJF/3kZ1f9+sdZr5fnUpIEgJ6Egw5Y9V///bXmQH3h/BFkrJ4mj67d+ItLL1u5YvmLzj5reKCOTPY6mZSy3emxOt+4ccfFP7tkt1Ur3/y2f6hjL5NS7TEdGB7OcpIS9EoVRoCMCIQUJHKZ53mvw9Q7JRF5ktQSxhgTapckEEtYo9ao1Woqttdn96oDbIGShAFijUGnI7u9SZFlJFsi6wEgEE8SfvNtD//o+99b++RTjYGBse1bH3jgESlrv/nNb9Y+8djMzIwg6HYmDj746Ne/7vzRRQt63Zwz7HTEtJS5oFqdT3Tl9h3bAVgvy7uCBMD41AwRDA0N3fPw4/fffRdAsv/BB69cNgwAw033gvJOJklKICEFSUJkdQD58EOP3HzHmqmp9g033NSZmZGSMV770w1/u+B9bwXIARZgwjZveOzqKy5rT0/m3R7I/LorL7vuyp8D4Ls+8Kkzjj9UeXqGkPUEybxer49N9n5x2dUfu+A/Njzz2JkvPO+Nb33zy19yap0DAHAOdz/w5Be/+rWLvvctAPG3v94+tn160fyBmZwgUVKEUpIk3Gv33Y878YWNVovxhKWMI+MJ37Fj/IH77mtPTqzcbbcDDzql257JspxEJkXOWEISJIpcCELggFJk9cbAokVLOzlkuez2suHhefUkQUwBgHP9SlyFjEkicpYwzniydfuObWPbm63WyOBQkvA860qZSkDRm5k32GBS9jLgnFG4tQ09bVd7hizkNjjXaqmP9YKlVgpZWNV3kMZNkUQ42qu5H2KrwOHGQpTscaww3eZXDR/L8/u+NXVoNCbe0VQRfGpcbMLO0t7HV9HsRxHXbKjDNKOspb/1JDT+QZva2fkziHG16JyDfQQ8wODT7mC0/VA8DrSs8xZqIcbMLCUpmoWzIWjUetyGP7IYPNsvQKJQMMroKqnHn38LZ/m0xysgUvNDeZ91B0GLFtpgrIrmMvL6Vl45kVj5oFalWa4+GY1ourhoLbx0lgEQJVjPqIfCWmVpCwiH0QJ7V1sIvYrTvHG1lgpPrdwCriATZhqL+WptEVCZ7pRNE9r+eTNbnsl1lYPjZ3hXH7qAuk6KfldCafaYopuP1WSFj5Qj4yr99EqUVAHxPQwfIyhbfm1SF252LkoBFsgD4z9tIVUidhVeVc4Qg7dN2c+0FruiPjP9Sj/wzKhDqWa8++snmcr9QS1Lqfouq7o2J16aBmPTochgExQ4zfQGxUiLMR8+E+yijmA3S7VVKhmpcF9K8JvVVSIwIhoXtg0qejylKk5Q++UDxOHrtrEZnomP7XVVxtQRVuEMS3M9gWMuM6G+vEVMiJYh2c/9E4Fgu+tBmSqTimASqL7U66eJghM4QdoDLTy2kfefJVtvoDfiKSXUUz4ykGR5N88RmVoEqCJJsmdreOQjQyeaqlLFPzshbHkkAZmhTW/NRABCIVi3ywZaCWPqoCMzFmahYBSTgpYcT4/A1Gj75zLZRO4fBAmkcDwyImBpcs6LzznkiMOmpycv+/Wl2zdvPfyIY17x6r8TvezFL35hL4c0SRBglxWrVu+3d55LQiRCIUiCQAlXXTHEGGUyE5KEBETIBQ22+FnPP8oyOSf4ySVX/e6qqwZbrSOOOPToM49RIaQ6bicn9rGrvv7HP/xudGRkt733+Pu/O6eeKGpFuyc7PZL6uFTiLGGMAbTuvuP293/gglxQJggIOefIWaPVTNMGQ9aemZF5RjJDxFq9joB33327zHKWcGRAQHku6o1050T76t/f2Ehr55x94tDg0E4xBYzlUqgXnbSarb/+9bafX/TjzswOAAbQaM1fNji66Nabbr31xt8CSIA6wNTUeOdVrzoHUb1DHJDxlHNkspGydo/yXg+gtX7Duj9c9+cVS182b3iw0+4wxh57Yu2GzZvrzeVZt/fX2+/L8x5KFES1Wm3Vql0WjI6QlJIEAKizgwGSS3964RWXX9rpdLJ21p6cBEDR6y3fZdmRx7wwSYgn9W57esOGJzdv2dJsNHbb78BFixd3piYkdfOc77XbbqCVUU+fsLR275qn/veiX/7qVxdveObJPVcfdPrZZ+2+56qrf3vtdLubJOmWLVt+ftHPbrnxt/XB5aeecfbrXv2q0UUjMx1JiIKACIEwywFY8pKXnvH8M05IU6YW3zLOG43G9Tfe8a63vz2byZ9/8glf+tKnpyYniGTCEyISIheCpMxzITKJEhkigoSBgYGptkSEo485/Ac//A4QpglDQs60Mqg90UIIIlGvNSTif339e7++9LJd9tjtPe96x567r+z0OkJSlvWkFJyxxYuXSCHRvnPVKr2xUGh1s7jA1kBlpZ4EsQUPVuaEFsleqJTW6GCI/qyPpuCuMZdxVOme9xuIHlIPYrl/x/KSUQF0uSvyAHIcDRawqWEWFXxQ6RVMR0RWytAGAOqNLCURgldce02V3vPgIiqfRAwYFGK8EuoCT+yGowjwquC+o80z0/pYFoUdPBfpg5ZoIErRrH+zlIDirwanxh0sgcq+GBblJCQyCBu8FgLOFNCvulneTfLPdgqeDGbGyrMFIbVUdrNIifHLUFbG9gsApP+KPk+EYlaEjxfrLL1fCkFLi4aNelwKZuo0MwMR962ULxieRkciHUbIWlYreI+B1hRgZh9NCbpsjZ53xxv3YKQ04X1fqBMRXP6qMZ0TCUPQ8pJzvkpC6pA6hNna8CW+GjoXd7jNfuFzfCdHOMT/h8vbOQAFF1WaSJtb06EPm50r1PdrTLP/IYhnMKAv2HPs0zObaBWTUmECxjbtRy1RxNnvmpUfxQL+ooJS4mfr0ZxoiPFHVPGchlI1FzHQNPmsRL1MNQohLmApXcZdlAmWgSbgbRqPSPU+Moa5oEaNPe/AofvW0mPrO8QoUTs/ERiqzQfq1Y7AAJAhonFXar0rATAFZ80r9Twzh163lBbmOeU5SxK+/56N04+oEQEQIjMAmEo6bJBo8IOrv4g5NECwvg2JQAKqlTRJmpx33oubrcbmbWN//evNOzZuP+TAI97/zjeoCm655/F2t9vuTL/v3W8bGV0k81wnCkkCAme4acMmIfLJiYlcUk8QR0yY7HXzybEJonx0/rwc0y9/7Udf+NQnpycnlyzdbfOGjdPdTmemJ7JcEjWafPsY/eY312xe9+Tmdfm/vOufnnxm3fvf+cbhgfrYxDQQYtoAQEAOkHPGOWcAbPv28d/86mcAXYAGAANIATKABGoDA62WzEWeiUz0GAISMuSNZo0w7fa6lOciF0Jkglrf/eFlH/33Dy1ZurTe+tLzTzyq2RpEgE4ny3pdAELGE54ODY8OL1j8slecf9jBBwwPz5N5Nj051cnamYCrf3P1jdf/dt78YZ5wAMmAEEAqj0+QMJZ1ZqYnpgAaWzdv+dLnv7LXqpUvPefkGpeZoNtuu2vTumdaAyM/vfDCiy/+uZCCSUZICRP/37+8911vf1UvkyKXpM20AACinOUzKUmBDIBLSd1u+wWnHbPHrl9nKOq1GgJeeNHPPvepT86bv/Bd73n32WefNjk2IYlAwtKlowCAyISUWSYazWT7WOcL//2/P/nuxwFbwJO1Tz395S9+8YufyycnxwmQJHUntwD09t7/2PNe9bo3v+n8vVYuHp8RvQyAoZCoMRABEg0MNBbOb3IGCELmOWPIeCpzMT4xljI+b2CglQpsUK1WQwUcICUgRiQJc0xy4oQcADJJeSYZ4tIlo3vuMgr9Lh1zrNp1pRSyXmsccvCBRx6ya8fz24ggBOQ9CQTMqgv4qKZP5QE+KlucatFLyWXnemb3nmTQlbtRbXaDvaT+MwVzWExtz9UUu96VUl/mMgwV/oN9+z37/JtfbWWxAPb6ObkoApyFcvQcg/peyEEXSOpPsTX43kbQZwngiiGo/5P/oTSq8WciZ/PjNiZx1CLG6KIK38cOd27nKvlth1FFdcm+r7v8f36Vjli/rs3W5TkmZXAOVT3Hq9/skZOoEnGaA8At9qsoP/2kYlbr5DTSjEyEiPpOpyW6ry5aNTWoQTFHdeipGpsIcfG6t27TF42K7AWEHdbex5/C0vDYN2GFFxwhYpUlMhmRqnZLbQSG5UrNXDRI0cxhsUBEv7I6fv1VY1KZJfUaxWihdoE2XZX640J8jMoUmwjSOWVERmNH4MbaTn6WRmUeGSVlipOftj0IQbttGqIRrBh0n0j0KokqL5l9da2YJVJkehJWZE+49v/aKiqcayDhzt6YBS1YKBa06xStxI1ZUfcFSUVc5owe18niBm+yG2J9BkI80H5y1yg1Fqkh0LnvssvrnWtHT1BiiE0RKc8BQB62T/K2l8679Hq6+5GJbi+XEiVJYgwAk4QzBP0mRwmMqYEhkMZ9kM7fCdAfiIAAJNmsHUkpGSEDaDbYqsXpAXs3X3BMa/+VrNsjizNNMKm/xtpqB8gZk2By2IeqYYJYs1MCIkgSVE+gkeScUY2nyLDT7oy1uzITw4N1KWn//Q9btGgxY9huTyChFHkuRZ51BUEustX77zczvWzPPfdr1XjCQAhJSAxh3lCrVq9v2Lz1J7+48suf+0xnZuqUF5z1L//0thNPPDrlCSUCOBAgT9ji0eRTH3n/7/50/C033nTPHX/7ymc/KXud977zTYsWDk9MtTNSK5fVridM0wQg33ff/Z5/5rvybg+B0qSW1Gq9LMc0ffyRh9evXzcwMHDYYYcvXbIEgVASS1mn096wbtPy5UsazUYuSALvZiQFrVy5/NEH7/63D3zo5JNOOOXU0897yalCSpHnAJBwVmukeSYWzB991SteefQR+0xNToJAYkxKwZLkmccevf73v5QyTzm3CqlSEkDIOet0O91uF1AODw9vXvf0nXffe/YLTmgNDGze2X36qfUprzVaQzMzXZiZbg4MsFpt64YnZya3zkxPcYQslwAgSSLnTBBA/orXvP5lL33x5MTMjX/5y/e++c3uzGSvl9VrfK/dlzQbNSBKOa5atQvJPGHpskULVi4azhcMJuaNNkK/Sh0JQEjMJDSa9cHhhUltYGTe/PnzRnPADeueEt0Z5Gl3enpkZPnJZ5zz9ve85cTnHbJj27YHHlu/auUKyLIsR86UXwAESBCznsxyShEQhBS9WpKwmty8eaPMRWtwaM+99mA8qTWH0vBIWwAASRwxy2B6JstyShgyzoSAmek8S2CgmTAOrNyFIQD0cjHYavKEt9szm7ZsmentMjXVYxylVB4JOceEcavg7hBP0gtZPfMWhE0Gh4Dvu7SXtrZC66QONfQd+7EEDSn3DH4YSWQdt1XWcv+ugn3mcAD4H0vLl9bjX5UxKhVKVEyPVEyO6q9VNPj5RNAWznszlPmpYty9QyEsaKT4gWCmMWRqJVa2Q+tIcCRRkLL3+WbwSOR/tVwY4ErGA0bgoHqU5hLIOU4WnKal07ZrWRHKmEPzCN7JQ8pPlL1Uw3l8sFCefDgdTWBo/1fgu5s+9cDwrF1WqLxCPKDYTSxCfQ+qRajMUlb8icg7VatidBwCNApgaytpJXTo/pSya9Hc97GWzwq/0SAaCqfHoslGqL4suraC6ktLDD9K+m8e8gBqZDEcUKwY7hj8h7Ixl0xaxOokIjcKZEplyR+b8pNliqSXcna2zErlReRGi7Gg8rLEmBUOxphlWXwSQCiR+mIMKjZYzyltaYgJaggPgCkloHTCM2pRWYf+2YXqE6CqxP3ZvO2mcJE5om0OeRlyH0r560oGDaDHTKfevqR6/SpyrIruPjx0KAbUxvhSyuy9QL2hJCIre6wwFtb9z0FHCMye86IwFIw7gX+ikTLFZW7MZ6yqOqiHyPWrX+/IMA/B35Hl0eaPX3jwhjtSyMJPYtDLIeF0+D7J6PC8W9bwZ7bkE1Nyui1mcjYzQxMzotMhAGSA3EsPmJXOBlaqDZYSOKhpUkBknLGEU6OJwy0+r4VDDbZqWe2gPZp77ZIMN6ibQcmZH6jp89XMvMMHPS6TjgkgFkj/UBTyt7QhIEiOucyzLGPddlfkRJIhZ8PN+gQAMthv7z0/+ekv7rnv7rV6I5fEQMqceiLPslzIPM8yQjG5czphxBigBKahFtu6c/zue+/68U9/8auLfyK67cOPf/5HPvzvJx+/Hwfo9ESSciLGGQJjdc7PPP2kw4868qbnHf2JT352zb13/PdXvzI9OfPP73zjshWLqUeS1LEzDIAYcgBaunT5e979j6PzB7NuhgwRUQI06vzHP7nsM5/6nMiyt7/1ba94+ckAkEkAhCwDEiRJkjLJSYOA3vmO1xxw0D7f/sa3r7nq1w/cfeNMh1724lOISBIAZ2mSEAlA3LZ543986IO5pE63DRIREDBr1Gs7tmwCgDRJ1eprBEAEhqCmBdME2u12t9cBYIh1RLzjjrvWb9y+x66LAbLXvPq84094XrPZYsgYZwMDQ7f87faffPe/9t7n8KOPOUoCiBzQjjcBADv4wAPPPv1YAFi+YsGlv/gZUJ4mXErKcpnkMmUIAJmQyGsILMszItnLJDDGEBgAZ5ALJGScQ6cnBwZbb3zTq3dZubTV4PvsuUej2bzv3jU///kv7rp9Jwp54CFHvfLVrzv/vHN223PxFb+5/ptf/+7gYOMtb3v76acdPT7VlUSMMSlBRQCcY8pZwgEBRJ6kaZKJfGpqCoh42tiyY+ymv921fWwqSWtASFISEQFxpvjF5g3N23333Rr1ROZSnQrFEty4efuDDz4kKEcAhogEPE04T1CnflktTQ84YK8VS5cDYKfb63Z79ZT3Us4YE1LHmQwRERlGYaWNNMrwo4Ob5l/P+EQ7O8iMjTYs5Ktn4YogbhTvuCaq4knVfomZjuz6s5qA6nMFzq74q2vCcMDDSD5W7occLI4qxUWFC83AQeQBK2krQZd9wYwaSLPbAf26SmgLkZ1zK+6DcbFBNVj017Nflp/F+YD+IL7IASyb0tejaDPFls0Y1uYTM5eoxptlKQ1Y+shYRX0F8FNazPlzYHbu1BczxAjpucsWK8al3s2SaRUA8NLxJoIrKUyhpkTzMX2uqnriK4pFow+F0maYC7dDaSnOIvgl/cr8YqWTav7NINYrw6j2vh+uF0Pxqish+yKAKBo2uKlPNBzR4j2uVMYJU5Hu4PUhpekKi79BC1xsNI3NgzmYdd/mRhIWt+vnNkL6i4wuNlRahsKfXb8KVWB4+nmxTl8atCHq40ucV/CHJtbr0vSPY0ipz/a0vSA77oFYeEotJnhT6IU6CoXLqjWNVXXKd0ZarG0vqi4dMWkpdT30TZf3wWbw43rUmhldU3iqY5lvUM4DgzSKJzJ6glUpRWiYKLAsfa1AIDGOmUrAqk1tkMqNQE7lpiazfZMA1PJHvffTBJeqqF0oq4kJZdQcZ4GgQ9AsF7ss4q88bf5MF2ba0O7CdI+27xQbtnQnpkROiEpxQZpZEDX/QaSDGFKH6DKEhGOSQMqxWeP1FAZbuHRRfdF8NljHZgM4UC+j6Q4x5kbDTpcgxZT6fffYY2TOzI8Hw25lw7vFkBhAAlJwaNR4WkspSQBYp5fd+/DTTzyxPstle3Jq44ZN67aun5npzrRnGCOZy1wKkQnAXGSSJVivN3rd7h//8peznn/aEYfvK6WsJclPfvGHL33hs9vWP15rDR9/1tmvOP+lax5c86vfXPGGV7/y8IN3E0KqviLDmRn66te+c8+9dx1x2OH/+t5//t73/ve22279xtf/e/PGTZ/4xL/vusvCbi9jqnPqnEBIkAHJfKAGUEt9lhx5xKHLli+7/dbbpyYmFHtqDACgVlMs4DnwbgdAv2A1O/v0Iw9cvdf3Dj347nvuOf20k2ucZXkOgIiMAWeScUYTE2OPPvpQqzFIRJ1ON89ygExg0mlPA2DCayr1wBDU8DEEkpAwmJicntg5kbaGV+66B2P5rTffdPNt9+++6/NH5jVf+ZKTFcE5QAKwdYp++/vrJsc2nHnmi/fZZ/duJgUhAkoCjowlKQBu2bpz87aZXt558KG1nXZeHxpK03qD46Sg6ek2EnHOO+0OScbSetIYAGRZ1hWSpJQkKa0lvJaQAAJGJEH0Djlg1yMP/YexifzOu+6+4ca/XP2bax944L4FI/NPPOn573z3O4478RCRw/iE2Lxl5x23/nVy/Jm1a5+GT3/89NOPGx9vS0qRYWAajAgyxnrtzrbtO5An09Mz//21b/3PN78vpCTkCEi5ICBJlHKecMYYHXXMcZ/79H8uXjzQlQSInHNEuOHGW//lX/5FZIJAMoRGYyCt10lC1uskjDHko4tGv/LVLy1btixJar1OZ2JsEhEYQ0BU6TtCZIhMDUcY3ZBnGqwL9oBC+YW2gNHQotsqhoK6PTRPeDGJB+9mvxDV2m4so3IOIafvDsrCiaqHMCpDodlxPrcAwKrDvOK0j3b0fiUh+u+PD0NIGQ5zSGrQCyodcWVAC3tw9PE3Lhdf2cGAa167nryFE7KlfarsoN90KYqLppuCegwKCkJQzQ2jwJY8ZXKrVvPNOWIsdiSIPQo3y+v38F/ccOAxfYZXAOni4M7hiiblSlkxK2eqZaZEsItZ/oL8e8pSctdRS4XuWyH2SlXV7QQjkm33NcRp5TEqGphq4vOg/gLlQa1lsYljiFYpkwaGmLAEfOULSfK7HxGncZeuRzkIbxGNpc7QBSEjqUrIvJK2jPMLVQkGYx9L4smyQK60R667oY3A0Pj2Dz4LvTGWKL7luq+75veljPKqHkUEF0uDQd7+Xf2gkcZIgX1K49oKliK0lOVkO3F0fp2ihE1JvFQQEie3pI8ailI1IdmhE7Pe1NfDyI/apThewivSNP1w32088d4S1yK6bvSHGv7nWDRcPiR4qgA+gtRdEVh4n83okKPa3o8eLGI422SJ9il+IwAjtKfde/1ChfGMQIbCpQck6BQCAOcgJM50gDOZchgZgPmDAAB7LmGwX0svVWLISLfgc5GkrojMsKhOo3pBIlNnU0GSkJCU9aAtEBB44lkA9VePMNrK0XaD/Ab1kFM4oOgGETCI+BGVaDLJCJKk1qilQDAxOYMISa123333v+sdHxqf2oEM1z25aefmJ82TGUACCEA5wDQEVwIwuHzh0qOP3CfrEUupVqsj4YIle77opef+27+9Y+3ada95zesnt6xPgB164Hs5T0DKLKdmym+/697/+fp3t667ffvmv7vsip/usduK977/3++5/c4HHnhwYmIacZGinDGQUqgQtNWoP/7Y2oce6ogsB0SecCRea9SmZrLlK3dd8swz966574rfj9ZrCSDjSUJScsTJyekkrR15xIEDA808k1LCtp0zK5bO++D737ll+0S9xiSAyAUgInKeJryWCNlbumTpZ774heOPO7rd7nRmuu1uj2SW1pMvfPZLv/rF/3KGjDNAYggcgTNiSMCJAWzeum18fKI1OHjuq15+6003XP3rn/36sqtPOuHIVUuHd0y0GZAQIhP56Mi831x5zbVX/abeXHT08cctXjw0NdEBxvKcS1KkJADs2muv37xl+9jExNrHH58Yn1q8eNWO8emLfvmHP/3hT7zRyHOZIjz00L2tgYFur3fl7/708GNPbVy/sdaodzsdyuFFZ5922smHTHcFEXLGGSbdXv7oY+suvOjSS3/xs/XrnkpY89DDDjvrBWe84IwzlixbcO89D05My/nzB4855vB3ve+93/vu99fcfceHPvjhxpe+dMKJR4xPdZBqyIEBMiTlvhCQM+Scd7v59m07AWFgaGD+gvkAwFia5yRISpEpFet0u5s2rM/bM1P7H1yvJUCSmUhMkqzVkuXLltdrDWTY67S3bt08ObZ9aGh4xdKlacJnZmZajbRWSxYsGBoYGOj2epu2bJESGEciQKazZMzMq6GBJxZtWVUy0ymB0SiFeWTewR0UIat7Fj/4MRT5NXjV6Q12CM4/lZ9m5EEjGXwPKfTMZKlz9NejOhZEzYV1FlEKVBjnQoa20kdHtOqHwwesGyh90NjnyIl7fdROJlh0WphUMH+pyEn9rHnQYaWIFWD8HRZmJgN+Ygl7bZa5dBmXpbYU/qGHQmcBZtF4oXNIEM5Q2R1wpXipKlqwhaBQAEM1AEMnQUFcwragDBOW37WdAjfoGv5YVXQ/Bkg+Ssqj2mhm1ipi9fHL/QF5aR6oCCBLRtbiRq+VoKoyLOq6GkWqZbTFhHkd9LBspc76sh0UI0+WQjm3qlcMpG1hsmkDS1UII4NHCn2xjPINgCXMoBzv/Fu/w55exI0FmoyuMwW2OCaUX3PJcHjDEIxtKKOgl30+6yvW4VL3MMsC1+rK1eMVDRfbQu8DVQQJxcxTHzaGwLvy95Ikx3Pq8qyiWWj+uXDVtxYuN0EETtHI+/1ZV49+DdoNF8xGeGf21calLflBZBnDnwt3qlsB6wMqfGpwxycD3V8HMMiE6+69J1HNRQYhFA0FESAwHY4helktHYIGtVpMSAyBJQCEuXCghyFwDgzVXCVxAES3sUebQq73eKnYWKrZNtK75iQBIgoB3VwBd+RuFa+HF2ygGSq5kpZ4vX6IC22/S7htJJYhIZMM2c7xmVtvu+mRR9Y+8OAD2zduTlK2/umntm/Ztsuuqw445MCDV+e5mGGQCBK9PO91s9v+duPYts27rFq9696rUcp6rcGTJJciAX7AgQcIQgDMcvm617641qyPbd/5ute8bLdlAzIT++651wNTOy6/7JI3vfH8Q/bbrd2jJMFOW3znfy+cGd+c1ped98rzUt477rhDPvqRD/7hD3855rijdtt9eSeTRIxQMoaShCAAyBaMLrzop5f+5Mc/lETAUpYmg0mtNTCQU2/ztjGamfyvL37hv774RaylSZpynshcpLXa9MT2ffY9+JJLf7R6/907HckZJmkyPd1jjEYXDE1NtXOgbjcTWcY5TxLO0yThNSLWaXdnJnd0M9HLcp7whCcDrfrAQIsx5ClPkkRNfnJGnAEDggQI4KFHn9ixY3yg0Tr+uCPqmF939dV/+t3Vlz//2H9647mtOua5kHk+MtR8euPYlVddv239E4ccfeqxxx5BUma5TDjLiQvgQkhJAJD+9eZb/vrn3wMIqI2AyGu12sMPP3HpL35+/53XAFsMsgeAA/NGhgaHO53p733rmzAzDazG6g3ZngZIFi0eOfPkQ7pdUW+k28cn/3j97Rs3bHp87cM//8mFnanx4dGR+cOjSxcv3rZt+7e+8+2nn15PJMd37kBGowtGGa8nwIE1H7z3vg9++MNf+tIXn/e8g8anckTOEBia47iYfkHC1Exn44b1MsuOPOrwd7377eq1ppJAksizjKSs1fiDDz/1xS/91/jY5AGr92m26lJKhkBIRFISHHfsEd/81lfTNG3Uatu2bf/Mpz9zx21/O+boM/75ve9spmxqpk1SHnrQnlu3bh8aGNiydedTT63rdihNMcuRMTVVotSCwL2QKDYi9hM55ahAb9a6VNlhdOkexH4OPY6fXAUm9AnyYeZX5vY52jYKtc716o+mnvVlLGtpv7xiBUCiQhdyr2yBvjWYfG0xBAoe82dsXOA9l5w+uafcTs1+b6avrKEPeXF5j+y5IqIyaDfLE0H4G1MX04NOQvyYpzz47H/5YV51Df3F1/8Jg7cgFZsDRKTglZBlJGFJp0Oi+s06RPFhMGE221U6xFEiwxadZZRDUzKL9pU1ap+snphVf+ZMhhd8Fj9QmdWpsLfl94uBaB+Vsarrzr+NpwEVYusbkjlNMIzA4BBU1FX1oaw0PaAyacXsVvVVmp6Zo8zpENR8LbYYxfSzJlqCeryZJfv+Fd+zosdtKAxtUZ3i5rxeBE8paOTPBhrTjza556kFFU4z9582z0bWMX6ZmD8KVhLKcmZadaIgJSDW/1rGGUuz6YR1UK5XJQQgAnlVuQ5CgIKMclKBloAhVuxDdbBD6VhuqlVBIAaSXpJr0DVbQbEvRi9epjgamARGxcqkBUOexwFqdQbBSIeHA2yFob7GFwFhMP9nTgIhMANAxoIEsZr1Z2Z+kGxrzBDFUN3SgyUkSACQgAAqxWYjZ7IMtHPc4G5a2ItSnSVibJeBr94NL+qsNMYAASZVNwmqh9HyAhDU4ttaytat2/6Bf7vgsQceAA7zhucDY6v33/8Nb/r75UsWH3Dg6uHhkfXrt2zbOb5i2eiKFYu3bRk777zztm9Z97LzXvXu97xNClFL03q9lmW9mZnOyMIFmSSW8ExSI6W3vuFsIBCZ3DbW22evZW/7xze/730PP/XE49/4xve/8Jl/HxpsIMBPL/79tdf+YXpy8pAjjnvBC07kSX18vHfGmSecdtoJgkDk6iWRDJE4sl4v6/Z6ADgyMtwannf4YYfVG43mwLDIeg8/eP+G9Y8uGl1y5imn1JuNbnc673WIQOQ5kARExtLOzMSqXffjaaOXg94fL4EnTAi4/oY75w23dll8ACDmuUhSPjDQnJlu79gxLrLxd77nPYPNVq3ZyDKZ93IhMo5sempSSoGYJDzhjHGm3kIqpRD1en3HRO+BNQ93pib22/egFQuHlp19wqWXHH7HX2/60Q8uPObQ/Y8+fL8dM+MIkLDa5Vf88s/X/o6njZNOPWX/fXefmckBGAEwkAwIpJRZBiDPOPvMQw49ZPv2nQ8/8PDNf7ou68wMDw2c+6pX7L7HnsMDdYREiOzBB9c8/czTnCcHH7B63wMOTjBhBDPtrpSwx667tQUIKWs19vS6TZ/45BfXrrkR+ACICQA+tnnL2OZta59YC2IaQAKkABIYjIyMrn3ssSQZ3nXv1QsXL37koQfuvvue//zPT37us59Yvf8euZBo9pcyRgCALAGAdeu3PPb4Iynnq1fvf/pJR+YE6OA8qGOIhoYWCClTzhctWlSv10TeUafrCAApcNGiBbusWARE9Tpu2zaZNuu99tSChUtPO+kw5gnz5NTU6Ojoxo3bnnzyqa1bd65aNT/PJWMARBKQa80kWQmg3EECzg8AgL8FzodfPjj07K13kTViTgsDSGlcMZEuE4Ay1G3Hsxz6WZc7K3HR/Y5EKJm/Mj4aSE/t+n21broMpag+WM/jwQ+DS4oWKwAehUS8589iLFGWMw0j9OgNIuX9d3wIgJbnhSEcaAVdCi7Zq7LA0mCyUXcwAjOmkgjTeC61SKd9NCY+/BBdThqw5GuhT841eS2iDzyKVwSw4/k629qsj4dn0gS0FdPWxk/HBHvMdhjJhHBFvvmVQChp0eRnADjDQa8S0T5d8Oc/iyFu9NkBx4orwlpRYd9UREFyyAfyCzi7Z2Ckn/oyGKfAMWWgIOZbTG3YaDWmdWivNODqH/OTefWAqjZ+/0oVoOpDt13mRkTlD1dNRXkRps+b6vajPpSXnHvCw5b346u5PjaXq2CnovpLmFJwAHNuKhQ7e1/VKa0jD+TYlCErTWVerfKKyltO+n6oSiri9SRxxY6CqEdhJYChdPV3dtUl/I3cTjIRirGnTxqVmBmLEmxTzg5bO+FZorLsTMj22fsEczk4qtiNSD7jQL2yQn9wS7KDqggAgFqZRp5jd4R4sX9EZWm7GCAw+6/7o04Z0uNhJN1zxFomCVAfH2P0EdWA622pFR7ZCAZACAcd+eTe8Vn2vB510wNn89CXOLVYWe2RlbB0yYKRkZE999lzj732ffqpJzds2HTwQYf+01terkhdv3X661/7r7vuvv11b3jLe971qslmDUGSzIeHWksXz5tpt0We5/lMrZYMDM8XUkriQgIDyjKZ9dqcAQJPE+x08nNedMavrjzl2t/8+sILL9xv//3f9LqX337fY1/9xtfHt20ZGB5997v/afmyhd2e5AynJtrIUEhA5CqfxgA5Z2Nj41OTk8CarcGB17z2Feefd3ar0Zg3NDg50Xnfhy+4/JJ157/6DV/50gW8Qpe27exlObFGOtWWSvhELpuNZO2G7V/98pdHhod3XfGx8Z3jMzMzQ/PmtZq1hYvmnXTKyUCi0+1s27Jpw4aN05OT8xcsXLV8xcIly5u1xjPPPLrH7nvUaykAMM4ZEgLkuUxa/N6HHnzw/gcR6KjnHTkyMrxs0S6vee2rHnviiTtu+st/f/2HX/zcBUsXzgOA6264+8c/uWTH5qf2OuB5Z591amugvn1HhycMSSSQJygEgsh6AMlLX/aSd77p3KkufP9/L77tbzd2up299tnjRacfvmXna7u9bGSg9eTaJ9//bx954KE180ZGz3/lq973/715pp0nnDHAXi6AQadHjPGsR8PDw0ccfnA+vXHeyMKBVn1o3lBreIjztN5oTU1M3X/vHRvWrR1dvPzl573itOefXKs1knpj/vDg9rEdP/rxzy/+4c9v+esd1/7xz4ccug90cobA1XpyICJIOO/2xK133PfU2mdGR0YWL16SCbFz5xTnoE5aIsKEsVo93bh5cyfLBgYGFi4ardWwIxARJSBKJIBeR8xMd6WkWiPdOTHdzQRgPZNiy1hOvSkp8jThwyPDg0OtXffc6557HnrqyXVr1z69664LECUCIEOOqN7dZxXSVzKnGia5ZdW3amawGAbZchjqaOH3+NJuMvZZ1nECOJKsPberZsjWERH07KY0Q7zuUeZ+rKiOjHXyGw9CkYAXRQtP3m5P/0GiShQXg5xgaZ/2/obiwFP43egXJoQFKjpfnE2NL6bf9VV+RcCXPDBTdiRH9Gjx18rg89lDO1Oj+jO7LJXP4wFAlF+OTu6sqKukqurpx7BFkxP3kJ57tj8/oTpqMOd3znFS2qcwPnPUuzBaC9m3a/5jFfdDGsDHCQQGVUaDUqQBvDWwZk6LLMauJqqaKg98BgjcxzQYP1LyNdaXYDhLhqYCT7r4M3rGY5dVwqK1UiSFwYbpfgSrIeSyH3wGxcA9awCeCQ5DgSiNM/vfLP6qkWApMYVrLuJeQoC3vjcIC0NfQs818oTi2EGoGBQdYq/KGNir/XsYe8z5wvirWZZJwc8+WypMcMHh+5fBJZpJ7r6fyYxdtfnmlrKbPKjVwABbQKS/EiUyiZ+oB2EXnKqi/WubjvTXkTG3y7PR4H+IMltl6QL3bGlqECKj49MZyW05sUqQyh/3hiLUab9YFHuBRm0mrMP4sVgoKP4J9XNRK+BLfbEX4bCHeh00jAGe0533JqaDoiVEgk61e+DVotngB/WTymeq6WIh5ZKlg+965zsyke+x157/ccFH1m/YzDnvdjp5r9toth544IkLL/xf2Z2YePmrQeJUu8s5ImPX33BdJ8t27tieCdGemRpdtOI97/mn0QUtMseiMkQEDiQZI2CYCZg/v/Hh9//zk4+tfei+v33x8597+un1t91++8P3P4is9pZ/fMfLXn6GJMizHICAsVwQIldMU2+74Rw3bNo8Mz7BGkNLli3fdfm8lM3LJNWY3LY9W79hY9brTE5O3HzLrfVaYrutOLllx2Sr2TzwgNWtoYGZLhEBZyQFSZKcJVf//o+33/wX5Pzq355+9933tqfHDzz0sGYjPeu0k/fefY9mvTF/qLF1544LPvLp31956Ytect4F//4BiXLz5u0o2NJl81nCiYip7KgEljBBcMMNN6999JGB+UuOPOrgkdHh6Znua151zu233X3JTy/89aUXjy5c+MH3vm37+PTnv/rNe279W70x+srzX3LM4QdMTfUAOQCoQ3SRJE8QOQAk9UYNAAbrsO/+ew4ODQPHTGa9LK/XWaPRmNdkT2985qFHH0mTdHpmZsOmjZS3FwzyTCJDqgN2c+zmEpB3umLVsqX/9oF3PXTu2XvvtpwnyfqNW3dZsXzp0sUDA+nmzTs/esF/XPzIHatWHPfWN73hkANW3f/Yuief3jQ8vPjoQ3ZfsWLpti2TtSQ588xTGBBDSBgwJABJEgCBIWzYtPO66/6YZ73Fy1ceddRhCWO1lCccEDBJuZCY8CRN+NR0uzfTmb9oZP6CeUkCSPq1LkoZGIOE85ygXq+lacLUa1UJ1JlCIpN5Tlm3N3+4dczxR1/7++unxiYef/LpU+FQ9b4WhpgkDAB6ORlo7zQvdsxOOcnepADZWi3zTbc3pWtPtiNnMQItN3GR37LSk4IXQ6PNnv8w7SNIKLmC4rqWubjXyPpFEzVe1WXPlTlZgy6KJhEhmNMovbTfjKYNvay9P1EZ7y4z271i3BxioJKJU69XFnzHVPkAtc9kVDh9ZM5it2dMePQUeh3tqPATxKUciyjXs7XO8ge3S6cxvcoJwnVkRRQROe7K+MpUHcwf+lFBGCGEjZZJGpWMl8Up4TK7Apqbw5ApIS7lTNy1armNMb9bUVXdrsfJOCK1LZqBUeXMPfBY5dJm3jc3iwh+DWFfVKOuJa+PkdRpI+jWVVXKpF3CF06zuJ+DD2GjHnGhfQYnThT2jkIV9mTDK4YIAElJzBk16vcWA9LLlywaI2VZXj6nVxZq6jt+Es6WiTQnrLB06twXPvtrdJXY4kJbcdMVOhD4MEQgkuAsvooD/Ocjakp1KAiV+7qHKOItLQN2jEK37qxTWeuWjaX2oiSeUVsU1PIpneeOTScW+Rk6xihdErai7TZ5a4at37U5Ts95RItOK2bpI6qinyAQLfDyUmBH1dnpyBh5rYfM7MNYMMNkGaOWNIfC3BcxlHUG+74gJ5SxQuWxBhdriY0agpp+ISByv0Y6r07FJVBsJU9XCkBMGRoCiJXBMN6dZQJa5DBwCOZ59yXIvDhTaoyYcxjaNhR74QsCAkTS7giy9hPQW1BNVpZcM0wCARET8uUvOb05WH9640SvlwFJAgmcM54mCa7f+HQ94a35e5x40vE1hogyy3sM2Z//8Ps//+HXAABQB+guXXXYu97xlloy1JUS7UyG7qVAIiC2Y0wccdjqL3/pExdc8JH777z5a//1GYS01hx5zRve/N5/eWuKMutmCEyq45mQqzHjnBgQMZISnnjiiamJ8dH583ZZtjgB6uXU6eZJM3n4sYe3bNrCavN+9vOf/eqyX6sQREoJCBx4vV7fsmnjUUed+LVvfmWvvYYozxnHBEQu8lYd1z0z9rtrftedmTz82JMWzJ/31BNPynxy9912W7ZoeMeOnRf95MdT45PvfOdbjzxsv9H5o1JODQ02d9tj0ee/+PXfXXPNa179hkMOO7eWsF5PcBSE1MvkyHBzzaPrr7/2z5M7xw4/+th99lhZB9o4PrVw8ci73vXWxx5/4rabrv3ON7+xfsPGnTu2/vmPf0QSZ73knNe//tx6HboTnYTXARgBk8DTenOo2alxBGhvWL/+gUefmpiavuVvd2Y5dfP8pz+9dNOmTS8845SlC4e2TXSv/u2f1617etdVe0xPTf/65xcfefjB//Cal0y3uzKXCCAwJeCEEgja3c6qXRYeeeAuW3fMfO1bP/zlpT/bd+8D3vfhDx+w3wqRzUgpATiypNfrPblp5+e//N1LfvLjs85+8dv+8Q3HHLrf9771uW6nt/eei3qdrJYyHTMiSSEYSyTBTX+7+9ZbbhloDRx26EGHHLhPuyc4TziSiQ0QEbNcbNuyuT09U9+lNm+oxQEQgDFEoTRTciYASEgUucwzKUUOIIXsSSFSztJWs9WoNZp1ADhgnz0HhwZ2btl65733C/kSjoxxnJ7p3njT3QcfsO/KlQvaPRuCgAX5weEb5CM6AAx0yFcYDNSnDFohxnd8LS69Yj8doy/rNhkQlaTlFNAteMz+GNr2rMS49oMlEZH9gLt90AalPkAk3+IZ9yqlX6c+j0qnYsEboQAKFvvoFkMZiFCFavrNE6LXwdC1xW1VVOhSzBEwgFDeQuKLfamagiuHbb6fsT7CQyc+zSZeNfAAqHy0VVsYfq2gOZ7yIX1wjn2y2F+HpX0EW1q5V4kfMviLFgyedF+LlUThn/WOnh6Xg9XoKlWgUlHzY4TSnyLC3J2gpHnlrfnJxd8VFVbob0UAWaoOqEyfPqHKz/tYWSqddYsEL+qPwszFp7R+h3ipVN4wHMci2bbpeP1tKWguPh4E4tETfbf4z34V4tViRejviQ8lPpr/iUJQ93gx8eB9iOyW/bWfTSz2w9NYX4rnXoP3UNDH6DLgdS4b30tdpKJWS3Bp035bfpJDl/E2H0bSaaPBaMXmbHQGQ2DrdyA9RBWhYplzIgrMcOM+u4ybRryV95Fo2Tpnr8hW2N+n2oClZIdJfOTAc1exUjv2bKvS9rXvWiAjlcp7OGVG0FMFJjsKpvf+rssSWjEcaYDZRpECYTE+H0DnLQow1WQQ/L8hIdRPcioPvHIxsflrBdoHeyZDjqSmQkkIIUTea0+JsR1jJEWW9ZABEtZqSTujG274S6873WoNPr328fZR+5EgKYkljeOOP37fAw/EvJfyhPF0r712XzCvxRFSDlLlSSQSAZKUMifBCPhQqw4SDjlk/7332fOxB/6GJHLJ6gP1M19w2pLFw0II6mYkBEkuMQHSrzPhjBgQMpyZFg8/+HC70169+x677LKEMeQkmnXGGLvr7vvHtm+fP29k7333TDhKSbVGnYTkaZrn4pGHHuJ5d/HipfPmDXAEQMmRGOWcesMDI5dd9qc1995P0HnR2WctWbZ469anAXD1AfsuXjDvS1//4de+/DmA7LiTTz7ooH0F9QBgfHJ8bEY++fSmm66/8v577h1dNPqqlz1fChJ5TlLyJJUSL/nl5ffcczerN4963pF7772q28sSJrdt3nHU4ft+6lMf/NC/0523/uWXF30nrdVEJk84/cX/+dH377Hbsu3btqa8LkEQASFL08Zd9z/+m6uvffLpZ1hS//73f3DJLy/dvHHzji3bACAn+uWP/uvJRx47/cRjmum8a/94+++vvoLJ7Mijjh4cHPrht7/6lS99/aADDzz64D127NzBWJ2QBAEA5FICyXpaW79l8tNf/No3vvAJgHarMYCABNjpZtNTk6BiGuQDrcaKxUs4ycsu/tF999/7j2/9h3e8+RWDK+ZNTM7U6mnKtDQKIaUUjUbjkcc3/ehHP965bfveq1efe+45g4N8ajpL1fwmkTrDFRnLe52tO7cTZMPzBhcunM8QGHMeBkAi5FJKkoxkCkDAEACkyFoDtUTwXpZt3Da2Y+f4Hruu2mf3FXvtteqmLZtuu/XWhx5df8C+ywFw/aZt73v/BUcdfdSXv/ChoeHhLFdgRUeaFlJZddRaY+6Ug16o0rwqRS1YLdMEBjecydA3favjRVKIc3Io/UgqzHi4y9o9dMtitRd4difw6JbmSk2FV/BDEPtAn8pKq7Hrhsha3VlICuM3L/icdUlqH2QUP2ut9ByYGoaLdoiexXAEq1/6PmhCi6qoL/jYp6IScDtngm3NVelyML9amsEPQT0QbIv2bxHjWYjwXRV9H38uOHs2YuJoPC5RaLU0CP5/REzYjj2IJ9iuqa7ISsTLEJzsOoXyS0KZzUAEc/hkhFRnVwQ/4VKMP012HCODHFIfTRqU1e6T1ldSYnGsUiH0ipVqQGmEUPwVKlSIoIzTJRU5auaykCB8wnyI0guFyduS9EPFfaI482oZFUdKXlimvgKY6XtNYsz7fhkglTIvCVohsukly8qLVxxrlCpSUM7NGhXkTKdIwuSiX7v+189xFHrqsy9cYV6S74AiGoiwQcw8bwq6LBtlWzGzoPGan1ny6OqL1wG/4z4BfaQ3EDYdSZb7vziTjbpfQOqVJ3qCII6qNfhUwLJvghG8WUslukiaGv0fgi8wDhq5CC8YqvAgEyf45o2EcTq8mBw1BtKwlsIeGG4FnPdm38nWQl59pKSSANQ6XEE6BJAiz3sZZ5gJSlJ85NGN11x5lZQ4tm3b5z7xMV5rnXLyCQODg8jYa1/7929767kT07JVZ0kCCNDLSAjJ1CkyOUkppZTIKEl4La1hku4cm/jLzff98Cc//fN1V02MT9ZrrW4O0531X/n8p3fueNvpJx++y7LFPGHT01kuKcsEEVNqLSU168kjj6x/+JHHu53OihUr5s+fJwiyXt5sNu6494lf/+o32zdvfvkrXvGxj31g8ZKFvV6WpExKrKW1jRu2//MH/u369RtazYGUMwDiIBhAllE9YVNT4nfXXbd1wzPN1pKjjjjszjvveeqJB2r14ROOOeyBRzZf8csrAfjzz37FkYcfSIRZlgMgCaxj/qbXv/LOv9529x3XX/STi0543mErls4fn+wR0UirfsPNa375yyvGd47tvtfq0049bmTe0M6dYxzZ8HATpHzeUYccf+IJ9993d4JpwnByeuaQQ/Zfsmik181G5o10u91ORrkUSYIDw80f/uSSr3/h3wGaAMnTD90OIAEHmwMjkDRajdruh534svNetMeqpRu2jP/vD3/yxCP3L95l1ctf/pKVK1becP21a+684XOf/fLX//uTSxYMbdk+A2kCjKSkWsoGhlpPrN3w9W/98Ic/+DYAW33o6R/48AW77bpkcqLHExQIAGxwaIgnSavV/Ps3vjqt1X/4v99/fM3dH/3Yf27YtPFf3/PWlcsW9HKhtFFKKQW0Wq2x8fY3v/eTP/3xj41G7fgTjj3x+GOmpnMGSBIIQEpiDIQkzmQvy7dv2w5EixctXDS6UEjiDBhDzkEKYIiNWp0zyClJ6yzLBhnngLh5y5Yrr/rT9PjY+s2b77rj3g0b1n/+s5849sjVBx2w+vo/XPfIg4/86orfHrDvW/JcbN2y/emN65+5bO0rzn/Ri194Yq8n1Qm9FK5LIauKqNdPaG3z3snsMkih29IzQhZWFBfo2DuuWJjo98wKAeglI56vCOwByYq81LPKVxeugr8KjQuaJjwzDgTSMKrCTfjWqJy+yOGW4D30HTNGDxpibJFZwFg5CeF+Irdz3zOjvmvDUrxUQNZu4jeswX8ioMODCmWZd29u0xOHQoLYTy44r9E/hCNX2E89x147kjsCKCZpCq8YjNBj1PsiDC72JcJLxWLoLbNyq+GsvvqdNVWZuQECAGTMk5BZ1Kh0qs1O6XvMRxZ1EFGBZKzQF/9mIO3V07bmZ4x+RW+qmTxNicsAVslGuUQVrvKJ+gh5ecNUeD7ukWnXgFV9U3eyaJSKAuaD22gWsBh/GhDk0+IqK/a3cPlKC7GClFxeVs9+DY/LDOyvElXvaS275Wm2qhmJwikvfcazz2hj32UYxVaLWL8QOpW34n94Fm4tFJDqZZfqjy8jszRCpTtJ/NfzlDXRp4yJHsoZ0TfRGxASrGbxg22v9aouxWYFEctEa9axrsrIYvji07jmalVRCjFrmqPQnHegbDRawee51UngTI62Rb5bLdNBNJGnPoTCPIz+0yaYtIanPzkhcCTjvAAQFNv9nrrpd+9pjLBLJOxehE1g+lkyMGamPbJ2+jebGwmhsMHO5cGna1atdwPiSS1Ja0mSJkSSSEghgIEE/otfXLpp3WPD8xctGl346MP3fOVznxga+owkpDwTIksABgZYDTQcbaYIKXYlZDmlNUTkRAly7PayreOTd931yG+uvu7yX/9q6zMPA3RHFu1x5lnnPPn0k3fccuNfb7zy9jtue8GZZ536/NNOPumoPffcfWioLiUggCSQedbL80HGH3zkoY0bNhDy/Q7Yb+H8AYbQbDbWrt/6iU998eH77htZuPz8V513wH67AUmFAXpC1jhu3gaTk9NE7dZAs1ZLOMqUCSTIJA0Oz7vitzfdcsvNeT522tmvXbJ0yfe+/92pye2HH/OCJUsWfvv733/0wTvnLdr9da9+xT6779LNABkAYLM12Ot0TjjmoFe/5vxn1j3+p+t+e/kVZ77p9efWa7VGPVm/dewLX/7aIw89XG80zz//JWedfkyrBmzBCHLYuX38uj/fefGlv/nT9X/oTk90ldRKcenFF23auPH0M8488ZhDVq5aNjKY5Dl0213GYdGiBQsW7dlszRteMH/x0iVLd1m5dMnyjevXX33F5UsWLf3Uxz/y0nNO2rpj/D8//V/XXHV1kg6dcMqZJ51w6OLR+ef93Wu/+pkHr7nyFxcsmP+xj7xv8ZJ5U23qZZIxEkL86c93feEr37j+yl8B5KsPed5HP/rhc885YduO6Vaj2Wk1G60WQJI2GvVamvd6o6ND//yeN+23z25f/9Z3b77x+q9//X82bNj2b+/7p0MO2C2XSllZs5lMTvf++5sXfufb38h73YOOOPqtb35ja4C1Z7IaZ4TYqKeAegYyZTDd4Zu3bG7Ua8uWL1m0eEQIwRPODPYmiWMTM1MzU2Pj7bHx6U2bN42Nj6XNwTUPPvCWt7ytMzkFMgcxMTh/5eTkTJImp5128k9/8fPJbRO/uvyqV55/7r67jW7YvEV0pnZZucvo6EJSy8XcS5xKFF0rB8UhnrIZlZen4KU7RIrFi+5M/xLpcEkL2sQFlnZ23BNS1N+2h0ck+j/MDZOFDT1r6oLHAYzLMCT58AwsWntWKKX/VayJSn4qtBgAaH+usrzOasL8x2U1veVhQ4jAoqDYOk0bovj5U71/xD8JqT9XmedSSpHzsxWXimB1VvkpobOPqHqhJkAg5H5DQQRoI+Eikiydl44atDdVskAhvUJFFeTOej1r9fIzFFUonfkx+WyXHylgcSIq/NCHavV8abEA75X22CDqSIx9kpK+sZNRBdL/gd8egMvQELmbBYBZ5IjrfKkJK2YXdLWOqEi1XM3VE/TFNEmfLF0UcAT98hZb+5VXNecaAr19CsrU2M+R2Jg2YlrRFngS4HXfsROhhJ1hJ8l1zVVISiHJhGB+636qwCJtN9wmQxYFGSXMMfkS07ROcwdddo/o4MR70GaDTN7FFi3v5v/P3n+G25ZdhYHoGGvvc88NlZNUpVKVcs4oooQCCBACg22SsXEbsN3dpnGgweD3mW4/t59TN+1nf8ZuBzLGGIMxBiywEAhEFJIsES0hoRxKVap47z3n7L3G+zHnyGOuvc8t3ufu7/NS6dy115pzzDHGHHnOtRYq+mgmPfMoaK+FWc+yWC/Ri/yyRuQ7RAvPvWQEeCAIKWiU2KLwDIjDFDSo8ikOhuNJKAhq8SWyhAGvLapQsH0jeVJT66RaK+Z2FrQlQh128DZGudpvIkCQzyvYexjnsNOkJlCJZH3wi9bEL2dCA6NRxTqEHaDORJ+eJtdMf7tLBDNOd3/6ge18/Mm77r50dARIR9vNan3w82/9je/6F/8MYPvK13zO577uNX//7337u975n7/tr33L3XfdPU1nPvThD37y0w/SvCUCApoA53lGhMNzV63Wq6Ojo6Pjy0dHm/e8/2O//MvveM/73vPGH/vJT3389wDwqmtueeqznv0n/+RXfNEX/5GPfOj93/U9P/wzb/zJP3jPb/7Ev/vun/h3//aFL3/N57zudc95zjPvvPPW6665cO1VV507f/bgzPripc3b//O7L1+8dP7chWc96+kXzh1uZvgvv//hv/5tf++nfuw/rNbrr/qTX/GaV714u52Pjo6m9Zn1mdVmnlYreO/7P3jvp+4GOHvDzTedPTwAohXCZkuHZw7uuvfy9/yrH/rohz5wePbqL3zDF7z7d37v137lbQCrV7zylT/3C2//Nz/ww5vje77kj/y5N3z+a8+eP7zvwe1mswWYVxMQ4Xaev+zLv+jnfuGtP/Xvvvv7vvcHX/6KlzzzyXe89/0f/lt/75+99S1v2RxvPvNlL/zKr/iic4fru+65/4EHL73zN9/z737sp37qJ3/qUx9+H8Dl62+683Pf8IaTk5P/9Maf+fgHf/+Hv+/3f+SH//3LXv6yL/zi1z/rmU955E3XXnfDjeujw1d/1suuuvr6226/5YmPu+Om62+45pqrbriw+vdvevvP/+ybgVa33HzDhz/yiW/7W//w+7/zO4+Pjp73whf/xb/wZx9xy43zdv4zX/3H3vZrv/Fz//H7v/uf/eMHHzz6+v/p6269+Yb1ufPXXnXuZ9/8zr/0l7/pA7/7q4fnbnzhS178Ld/6Ta94+Qs+8tF7ZqKD9ereex+gGab1Ia6m1cHBappOLp7g4erL/thrHv/4O/7at/1/fu5n/uMPfc8/ve/ee77zn//Dm286e3IynTuDH//Uvf/gH3//P/w/v/3ip+++83FP+ot/8euf87wnP/TQxTOrNQA+8NDlD3303oODg7OHhxPChPNvvOv33v3u35wmvOG6688fTpeO5vUECDBNcHY9vf8Dn/pH3/Evf/997/vEJ+76yIf+4KEHL1689CDBfN+n77lw5uCGWx9xw623XXftNU9/8lMffeejLm3h+c975ute/erv/Zff857f/O2/+Xe+/Ru/4Wve+OafPzm+/MhHPvKJT3zc8XZub59u6k+8L976suZi+kWKeyDEqvQqO4jtaNrVC1JEusNE7bk3Rhq82FO1EClAlfUc6nFsNzKcoOR6phgVBlsH0P4ggJh1FO4JmE3t9X+DQcXfEZsjS3uKulwbgKH34ThDgbiYyppJtYvGyjojWrgjHZf6B2ls40FRPkwWIajTJY4hq3DCBGfNkSf0yHTJ6EZMcgsEGzYMU1Dt71JQuWxDUOwfAHKTwjGTK+lKtBPiXktLKW+RTOteQdnmXWQLQSoWdKdqINtcIEsXcLpYLRtG6DlR5wi87kukvt60V+oMohrMV8G5SWWc4tjhFjpm/Qqxru8iXCmiYsuHID+mTZQMIV1j436zqzeRrrqr1a1eLe30i/rDxmG+9P1DPi0KAqAii1rYTwdH2EI9+CVjtIH6aVL5gJCOjy4hsX1sd4t5Wc7RZl5qQq7bLxMSaNHWDh3m2AqTwF8q9nD3gUkt0xLibyF6DhiXaQJsDe0DUSSr/wSA5p1apLUh9SPITpexaX2zLch7n6CYLDaUqruRb761Y5ejOB3Yn90n20Jholv7ss4pAfKqGl5Tlh/MkMcjyf/szO/1BYdYinCUMNF21uHl2MWHOANyJLkba6KiN46RRrLKg2DfzEBtg6qPjli02BMD2I/u+RzeGPa4U0+3rrJkyj2pJ1ovkhc19JVG2GbT0iC0yCCtUfbBIMLbB9KUUlsFm981qb2aj0meYJ4RcJ7f9OZf+rk3/6ejy5c++fGPz9vtmbPnf/Vtv/tX/+o3fuzDv/vI25/5tV/3ta997YvOnr3q//g/v/233vXO9eEBEL3xp3/6U/fdd3LpcgM/TetLly495rGP+1Nf9ZW33Xb9u37rI9/5fd97zyc/8c63v/Mj738nwAbg6ltuf9qj73jMZ3/2y7/qS//IU592x4MPPXTLMx73tL/5rb/4+lf/0I/8xNve8fYP/v77fu0X3vJrv/Djh9c+5slPffIN193wwhe88H/481/9qFuv/cEfftOP/9hPPfTQA4957J3PfMbTf+GXf+sX3vpLP/4ffupXfv7nr7/hEX/sK77sL33D1910w4WTk5NzZ8++87ff++tv/631ar3ZTm/+uTd98hMfx4Nr7nj0o88dniGYcVrN2801V539sR/5mTe98WePL378hS/7I09+0hP/9//j2z/2kfecv/aOV77yFR/75CcvnD/zhKe98o//8S/+nd/9/Xe8+zdPNvMHPvAHAIArPDiz2uB0+203v/5zP+eDf/ChZz3nOVdfOLsF+N//wXd/9z//vw4Ozz3+CU/8c1/3Nc956p3v+cAn/9m/+Fe//mu/8q53//Y9H/09gHNnr7nl6c94xtf86a/6iq/6kuOTzfd9zw9/z/f9wHve83sX77v3LT/zb9/ylp+9/oZrnv70537LX/urn/mSZz/lyU982QuehgCbzcnJdrPdXt5uzhxffujgzMH9D9zzvT/84x/9yEd+4kd+iDabJz/l2d/8P/+Vl7/oGZeOjo839NTH3fY3/pdv+Yb773vHL/30v/6e7/jlt77la//s//jVf/qPA81rxDtuu+3yvU957ee9+lu/6euf+pQ7P37X/f/xTb/8pp/+6Uc84taPfeKj//k33jZP683J9tzZ8wR0eLCaAO6599ILn/vEv/+3/8Zf3py853d+51nPeMp2c0x4/tLR5uff+q5/+V3f82P/9kePH7r/jsc96Zu/+a/+sT/6uRcfenA1HRDMq/Xh3Z++6x/8o3/+wQ9+4NZbb0XCzfbkt3773e977+/fcftjX/KS5wPQRLRCnAmmFR6u4Z577/vn3/kvjz79McDz6zMHN95y6223P/qaa69+0pOf8KznPOP2R9726EffesvNN11/7bXrs2eOj+frrjn7tV/7p3/l7e98z7t/64d+4Aff8Y53f+pjfzCtVo+987HXXHV4cnKCOM2EYNcy1Wlq6UxtRQ8irBaJLrd7WknSR0tslGsMzo6DZNzRgfpP28pc9g87rYLbqix5ykD6xVE2CMazg/P6uNSl9nTWd7hBTTwjDQ1wV3jTK47/aG6FB3Oydw5xM9kQJPItkQYW+dLBomShQ270aqgdJbRYEA6LGPEuxOXUzt31cltPt1YQcoy8kEPtxhkGkqltwvmg1tJvB9b2eAbsjXKgEL23g8zajAUZ4nnPzCJ9CLYhqKXA8WG0k4SYQcRY0iGcSdMkM01N3kOXsxV7vS7ioNegATRt6/HzTNNA1sFpLyvyWpmRhIE4Fc9/+iH3Elk/2aTRWtrjOgTnCxthdtHLqePLYgA9Mk9QTUDsu4eH4oYAUDC3KMMk/PK1LKy2hlFoHQAKtt4ldLzahV4LxqEpkuIipctJGQJzBqW7PY7EgbCOeoXH0K74cal+8HCApBoL+0gGjG00d5d/3fdR48awBfXgW1YASou2gxBupk9mQFTSYuiAB1mR34FwBcSHAx5lfYlc/wCCy/KS6Oa4InDAmI0KX7Gavu+y6hP0DLj7Txx3Quf4dMXEI4p9AVgeOyMCIJxhvYJP3/XxH/zO74bV0bQ+c80NN77g+Z/xy7/w82//5Z87d9VNf+bP/rlXvvQFDz149KVf9gV3PPq27/r+f/22t/3qxz74od/5rd9816//OgDBNAEgrBA226/46q+5/vrzhwfTTddf9c7feNu7f+0nAa6+9VGPu/a6Rz75mc/63M9/1Yuf+/wnPvlRKzi67557AVf3Xz5eH5y87rUveelnvvjt7/qdn/jJN73jne/+0Pt+75N3feJdv/JLAHj7rbeuVjAhfPrTd29OLj90//0ve+lnPu7OW/+3v/tDf/f//bdxmp/27Of+ya/6E3/mz3zlLTccnmzmebudDg7e9LO/8E3f9Nfh6CFYHcCE64Mzr3jVa174gmet1qvN8RZwhQgzAM6bJz3lie/93Xte89mvue76a4+OjmCil778Fc98+hNe9orn33LzLdddfe6pz3zqX/yfvvHffN93AFyAM+cB1ocHhwer1URwvKEv+aOvf+lLXnLHY26/4Zo1ALzkJc9/y5ufenTp6Bv/yv/4RW945Wa7XQP99rt+8+fe+KOrwxse9ZhnPfLW21/56pd99Z/88qc88bZP3fvQapr++z//5S992Yt/5Ed//Jfe+iu///73fPITH/v0x/4LPPlp1193zXpNJ5e2991/RNu51d+m9bQ6f3B8cnLv/XcfzPO73/HO9/ze72yPLj3/xZ/1rd/6zX/kDS87Oj5GpLMruv+Bh17+oqd8xz/69m/6lm97yxt/9O5PfPSqc9ON1529ePHy6z7n+bc/+u+8452/+apXfMYdt9947z33Xn/N1R/64B/80Pf9fwHWAGcAz5y7cM1TnvjEa685t9kcI8LBClfTwf0XN8942u1/9+/8zXf/1u++/vNeefO1Z49nmKbtW37hV//ND/zgCqdnP/+Ff+kbvv7LvvwLLj70ENAaADZbWK3ppuuvhpne+O9+EA6uAZphmlar1e233v5lX/7HX/VZL95sNqsVAdKEOBNuCW6/9cY/+sVf9NFP3v3YxzzmhuuuferTHn/bIx/xiJtvue22266+9gAJ5i1tttt5JpppmvD4BF7wvGf8vb/5bX/5r/71D7zvvb/1678IADfd8ojXf97nr1fz5cuEK5DXFywYL42non7Z7AK1Ce5hGxS0hhna3lo5da6UgnzY9hWBcpP+MPyIWFTP5oQGxdXdMcq+IdwpDxOH7PQF4/FdiTbcypFbghNcIaLLKHP+7ClwseUyj8rZ2dPbKpA9XhalbbIDHT2A4/mfR9kziipiyxhq7v0Z25AG51RqD6HcO/wGEFSXVYzB7nPYykWPri03RjX3U4pE7zRAyvAtf6ilhICRaS43EBzHUeaCpoiuFbOZvjFB4EzE+FhbfOwkMnP997d2vaoEpGk5PWZRGWxrv9TbG5oKR6x/yKCgMleuw4yWEG2DhbpLP/e5scaQjB0iQv1GJIOV1iQwnhhUd87ZQoEBO3J2Gdt2NM34t3LSlJqjlcn+2z1Ap08zcivUJtiBDz2rrTGASlqubkIpUSNguWQrGPET53rs1JPC5scU1A0q7ze1H/j1b4Fz9Sq+lYtLljZr9UKRGHpkFDGRvuSvy06tkdSRFxeDmLEt7c0gBkKoaAoRUfZsomd6NBHgjdYgW1H1PSO2YSQR4qExaLdrmLhHbNpVIMx49tXx/AcBZV6R15ft2oPtAEBuNZY8q/uKTXvbue/ZsUR8zrOf+7lf+IbVIdx83Y2Pe9yTPvd1n/WJj334gx/8f1111TVf+zVftT6gk3m6fOnoZS9/3oue/5xffts73vrWX/3kJz5FiCfHxwA0b7eIhDB90Rd/0U03nL98ND/9qY/8G3/j2/72377uCU987Gte/dLH3/nopzzpSddff+by8eb++y8i0NmDMwR4sFptZ7j73suHZ/CVL3nqS17wtE/fc/H33vu+X3vb29/2jndfe9VVf+Ub/txtj7gWCP77r/nSm2+64Y0/85Yv+4o/es2F1df8d1/54MXN0aWLX/mlX/jqVzxvS/ODl7eHBxPiRABPe+rTvvwrv/K+ez+NE0zT+lG3P+qrvvxLnvucx29ngmm1QjqDq6PjzRe9/nVPefJTfvXtv/mc5zz5sU+44y/+pW+47Y4nvPpVL7/mumvPrFaf9zkvpe3mBFYveMnL3/PeD12++MDZqy486tZHf97rX3vm7OGWYN7CLTdcc+tN18xEx5v5YD39qS973fXXXP3A/fe/4Qs+68KFg4uXt4+98xHf+E1/6dJmOnf+zJf/0c9/0fOfe8edjzzZbj7xqYdW64OTDXzq3kvPeurtz3/O13/wI1/9H3/6zT/5H396hauv/wtf95znPPaB+zZn1gcH0zQdzPM8zwCEEwHcdO31z3zaM26+4dqv+Iqv/I13vuMdv/6Ov/at3/iqVzz7oUtHgNPBCmkiXE133XvxRc997Hf8o7//zd9y7WMee+fXfu2foHlLsHrwoeMnP+lRz3767Rcvndx336XDw8Mzh6tXvfLlv/h5f/ryxXsvnD93eHDmM573vC/7ij+2WtHJMa6naQaaVoiIly5vn/3MOz/jmXdugY63hAjXXTj8C3/+T33qU59433vf+7/+9f/5pS9+9t33PTTTwWqFM8GW4NLxfPb8+S94/et/733vn4gO1tNqtb7phute9cqXfskXff7ZM7g5wfV6Iuo7Ozcz3HzzdX/rf/1mmPDmm288OIADAALYzPOly5sH77+82UBz26sJ12sExJloM8+v//yXHx7+3X/8L773wx/+0Nn1+vNe+5rPft0rLh1tZcMgQVvqFGXhmIO35eu+hipd6DdJ1UeiLrdnxxhCVTYEKfwT+fdUW4VEXsohsIiCWJ5o49RCheLsMCOKjtLRWax4INoltZ4jedTzl8/CcIohAPSNZo7+Ml4yFzHWs0nsV7vsd4kYgx9W8MJhfVkZP2SGwCBp0fJ9gMBm1tcIa6RkAdNc8Kwe1IW9f4wOOi20hIjOeryED2KR05rpcGBHr1yqqA0Md2EDj17yXMJIB9MM6sIyxHjFkNdAtC+Ulomxjx1i3wjP48T6Tnbdy1EtbfPC6cJ+TB6LbaZDeBB6Dw4XdyXhBxQMTIKmqqdGhr++C8JjK+3cCxNR1vQIXWIwHQmMIwdsS6QFFcB5piB+Ys6UVLvtYQx95wpvu1oseZUW2Wa0Viy8YpRr7gsmvljKB4BpahyVh8uloEKMc3dnUHmaZEfyoFBGzQPEdqZbgQobPJtGHkN/t7TUpyhxDTBxcBiB/VxvpyO3XOZGuLswxM67OWtN/Q1FRhWSVzbtO2hWzxQ8VXikWEpXx1KJizEvHYa1OJL8uK38vovFzt3lLnI9T4q9sp1phfDgEf6TH/v0P/nxe17w1Av/y1ff9MRHre9+YD53ZqL+pCSiTHf4ojwBmE/MdbTF5MpPcxhMjHarpxFuQvG5zdwRTfN4GHfMyPNgDqk81aXxA3GmRMCWnT9mT9t5unzp0vmrzl91HtYAxye0PkAC2JwA0Xy8bSvp88nJ5vxZOjx7bkswzzDx1+P6fM8wI2xP6GRDBPMW1h/5yKeuv+Gmm64H2G43RxePjmgLB7g+YFeGgNNqgtU0I83zvF1P87nD9Wp9CACXj+F4A+fPARLNBCukaZqOtgAAE9DBCi8dAwGcPwNHJ8fzdrVa4dzC0BUCwEydw0hwfg0AcHQyzzMAwEw4d989HxyscMKLl+h4szk8e7DdwnYGoM32ZLPdzluaDg8PtvN01yc/vtlcvvr8VTfdfPOFc3CymYFwPRHAPG9pPU2rdVs42K5WawDYzNt5hs0WpwmPt/jBD33qwtVX3fHIs5ujhx58aHMyn4HVAeBEhCvcwuZotd5cOHcGD87dez/QTOfO4TxvAXAFME2EQH3f9ISrg9XRxc3dd993eO7szTdfuO/eIzqBG28+PD4+nufVNMF2i1sCBNhs5+12c+7cmQcu4vHRpeuvP3d0NK9XE8AM8xbnzXo9Tav1lhBwOtlsH3rgeKbN+mB14fyF8xdgu4FLRzMiIMGE/Vs4iAjzZoLtNK2n9WomBKD1Cj/y8QcuPvjAk59w2733XyRYz4BbmszecdpuNkdHRxMirqY1TheuOnftOdhuTo43OK0m0YxedyFaTfME88n25GQD85ZmmgBxpvZZVGRH19/avG4L8BOdO1zd/yB96p57zp45c8ONV9O8PTpB9CGofK3LRl02PvRKZVwqqb1U84X+oaSwzaUreHi6r4M1rlpL4/Yhxtbw5GR703Xrv/7PP/bjb71McOlH/rfHPe62s9uZqRjY+dpjVtnU8hGMvJQJXBtrVD38YsQQyCbEChRabzMwexzfzgXj6t3sQ0wLEcI+8YPAtoPvKtYXjE5WPGKSIWc8Fw6bMe7TfjSoY0VPCSQc6RcVQiUGy8MRkZbRF8rTA1RNU9ChQ064GKixl/cvrTFAYkCLWomBSptywDw3LMx0DEljBRm1qSPwdJiQxwL3IHYdIcYoDymX1MGe7ziI4RNMe9eY0yDGw1WQAB8RANZi5VMHg2SKpLSk5GxZi58WbUSVVNTtSRd8nK1kBArtTfq5U71dnpnjRdDgUAbXxQ7TJ9Q44yjpBLwcj8yZvUu8lhK0TkDIXxNQG/PBkyi23GKiHDbQw65u955C1UdHCKcxztaNpNPNvpexUfJpuziDsudWWIHgsHXBRr/uNksmlWWfGpIxxda0NwUqE2tVTiVWcMR4y5eWiKyyBaLyYVsG61t6I28dG5NZosia/iqsCT8QgGAmclOO+nRW5amwBwYWIio4EyXZG1a6RGy6knIXAqmtIFhD0ZqiIQfBlGHaeytEEezLI4k8f0WWOiqWjaBNWu4NFoJ8T4Y5rV3Wq/nG684ibE8u0zEA0LTZzAAzIBBNK8AZAAgP1tPx8Xzx8uVphasJ1ytcTbiaOl0EuJ1xu50QYbvFeT5+9KOuPz45+eTdcDBtzq2mM2dgA9NmRmpPcwBOQAgwAa5XiOtp3uLlI5qPjtdrPLPGM2vcbBERJ6CTLW5PNusVzIQbmo5O5tVEK5wfujSvptVqBfMMhLAlhA0gzNM0I0DLbC4f0zwj4oQIpOvARFt88MGTLRHiBDg9+OBJe5PWasKD9fpgDVuYZsKD9fbxd958sJq2Mx1vjh+6OE3TdLAiIJomXK8B5Y3IhMfHxwCEOBFMqwmON7Cl7WPvvOFks73r7ofWsF0frJCm48YEAEQ4PLuaEB+6BNtLR+cOVxPCyYwIuJoA2h5sBJzaJzBhPqHz59bX3nHjTLQ52V5/9ZkJ56PjY6IJJ9zOSAAztXI+rFbri5c2h2emw8Ozly/DerVCoAlhvZ6maQ2AW0DEiQgO1tPNNx3idJZm2m43Dz5AAKvVGttjaaIi7TFrpAkRaEvTBFuAy8f0iJuvgluuvu/iMa7OINC8RQDsBoUAgM4cTBfOn1sjEtCEuKXNfQ9sV6tpvQYiaD64qeyEhEDHxxuaZ8RpIlqtJ5yQADdb3MxIc7PDAIgT0gSAAO2lUA9cPDl7iI+5/cbtTJePTzbbFUeTLXk2JkoMgCx4snKzChmT29qJsaX+HLetfubgsLtB8w4E5IVWZ7m77w8xBoSjhXokARkW8ZI9gmuDrqGktsPtJPZJ9XI8Yx5WVBPdeWRYOoy42i0zdDRi4tI0/hEjyL2Na7CMt15swIdMYw73c3gpsRu/xA0RdN2sjFSjAzWJt4ZqC6kmX8ihdi7UhqPO6CQ2M/TmlRJ3Yt+qRQDYgxa95cLExC7xwuyTwtqu0pKOhVqAhkAqHD74ceFlRyCseAWUNR9uwG3qYyICsu+XIf6CxkDYTBCoCUuxiiA8D9zzePaYwAcVbtyy9OVyjuKTUAB5AlxfwVUkQ/qgohUJaG3skwuBLkHd0pIIL0sNzWFoSkK5qbeNawA7m/yqOW+G8lHaDsl9ikkKiZnpvmBSi0WtQeOebbJo4n7wS0AaRzI9HMWmw7CnrIuYbIQNkjm3g/Z4x/QSugK0PmxKXAkczOxFkJkjJpNk6ABK2osusMcWkuvsxVhh++6YYP1lNlEeze+LCAlm4uqw1gK4sHhrb6UcrwOSIAg6W0T9IJ5YFlXkG7gOSTdu5VMdlzQLY2egzDcn7i3YYaN4ZdLcKDQDby8vkGSZcpaKUdoRCJn9veILneNLIDrRJj4wb7s0GHQiVVx9uIbm/2Zy2y0VMztVYrFt3CsMMCiwdXQTkPw06b/e2LrxbGNzxdZUAACB4PJRW02aVqu2WRDnGYhwQl5LBJxpBThNKySC7RZppg3CZjJWE1v+0+CuLl8mgunwYFrhBLjdEs3A0AEQYUJsKR/BBIDTGrC/Ah43WyCA1QqAaNtCTlydbDqziPDkBBBX07TaEm03ncptI4qzuwZ/tVpNU7eLIu4IiCs4A+sZYCbYznBmvdrMjZd92glgAthu8IHjDcAWYZqmab2eAGA7dy7OCO31zxz3rjomBPOWiHDeTg8cbQFwtT4zTTQTbGmamutGRJxmWAGsDs7gNOPxBiaA9WrCyckYAM1sWo6P6fJ2S4jTNG2PCYDWqxUgzlsgaLMmU4vr1bTdECCt15MYpxkAYEX2y8REl49ghhkIJoTVajVxjteHl30VOIlK4xYAcAI4Opq3NK+mNRFsW/WqPePP8E8209HJPE0EBNMEK4CDgzUgbLc8BK+VtjX59WpNq+7liXDuCT4g4jSBvEJgQsQJgB/JW03T5SOa5xMiwGklaQDmIHcQhvJNUpHmWTC2XXp5HRMltu7MtsBeSkS9JftDvZFvFqA1618ubTPAa8X6gQ5kqLsO8mcE0QyM+o1rl2CttFkGUZDMo3km7QG2wmlhNsSavQsMYbY6K+a/DlC+CIrN8jIVbix+m2AoPTOCaOWCPMBRRXt4mBYaWGsoVWOreZc65XoKfTws1BUhbhnwhNF9/qD7Lbnim4fXjlJtH3FmHxkOMYwZhww+S8IMRm92jC7hShnLQYiVo6gowDSJmpemLNRYDo8wYvtaWrRBcr6DexKktMkiiY5MwGe+58Zi7bIJjZyMwqoAhkiyB3V5LoaxsVxZ+MyHYWY2H6Nj7UNWY/tOlbbZ3nxuU4UlCa5iX/asXsh82YNCszTo6MoYexW+UZe6pjVOPjv+QkjuHmgcV7wwSLYTPvAnO+eduScQRmN1b5seLBmnXjZzs1s4SttazJfRZKwY3q1/jPn9a9lNuqZ1wQAH/OXKblqqMxNovzV2Q81QEQLORfKZcBZ+Bmbkubd+dOCN6l3xMOZeOJLNIOhfViBqiwMt3PQYWpsuXeO8cFuzJmliJHR9m+dXrFxTDw6U10ZQB9OD9qQ9P8wxanrFczLufn7yVFEgwEgCAiKuVjA1je9hSn9cYJ4BOLsnQk4DevY4TTBhj+9nghmA5lZuohUiHiC/sBM3tEaGDAATQvtGzdRJROCqMAFNCDABUR965uATEeeGDAEgzIDzVom1PgonnKDtGu3+VuuGnNATIE6ABBMQIMwA6wmBkPjRu7ayu54AVytrfmYCIGwYSvKJbOkIoCWBM+BMgEDr1TRTS0obC/oi7NQner1FmIjWE7StpJwXdtsEVmKIEGBa96RktQKCaQsAc1d84rW19s7yCeFg1VjUeAyNl9tZbAUCEiKu10b/Z6cpFicgBJwI2o6D/rH11QqBVkQwIxJNwO/RWHHAQBOscIVIyAIwU1vJhAlo6m9KV4Cgr5/uG0BEfrv8tBOWGmLeTBNMU8tXu70xBsF8lggdtGwLCltV+eRo3QFskG2vF7bVMtiqLy+TInij3EiJ3yCgbj5NZKYF052ed/HYnaeJXA4a9gWQXc5LsHLoiTXXIGyMjPkss1lIAIWTca4oasggFCmocc5ou+yM4qwD0n6eIKPfbqFsOc4UH+FcOYEjPxGoqU63LePnlaLTKYTHRXHVoJmuukXVZQHOUsdxrBJ7DsI/ududWcJqyLEq+RxGymWk6mlUgAYymvYlnD0PxSsAGGUTBIAFO630asMKsOtpgGv7BVq6cA/vK5L+WDOXvHEJDS1ccwdtZ4tfUT+LaNjGQXWtzdYuNvnU0q8XuDGHrLmvc0jfCOzJNGVzIPZlIflU9PQdbo4iF9YCAIv4gAiGnFp0PQwmefll61UynPjp9txKDLoDPe4LAyfXayTBpRl8OFwsgDMbFVvijw/pnh8Ew9EepLnyzK5U0FeLO0CnFpUSB+7lUAPSpLgGbBCNpSDnRHwhRsNOIh8jcVRXVDI1AgvmkvhBaBH1gPmIwGmaAr2WMiIgmptpQo48SeMFDjVRBYsjfBYeAeUpaUCYWtGABq4D4b/hGTJWtAiQouQ586YxDlgtUHZ3uyadBS/nJfS+vJFafIUZ3kQOFlV/2SCqF7qcklt1Ts3FafYVqv7I6ISdjbx0KpsUO7NnaElnz+KA2poqzS051NVuAhORk2JAQDAz5ROz3nypRgNcBGibTJF/TbpTk5gLouHK4J4Ge50gZsuseGIbWG0KwgoaWj7A4+2GLKmkpAnSPRt3c8Wv2Gn5FYuSKLyupNiZBXnSwm4RbabOtWOCVfSNBSWOfxBgZsFsk46yz4CAE3Nskj51I99lfdYtm7QlmGQggNmwFBQM57FozRVvsRPWtOTT6LfgpTG6P6yN8wqtsiIcaIpEQMKeItwk+69RD1Elb+SlRGWGVdPsQReHdQcShATXkBuHW2p7hazFN6JbpOJdFZza1QrwAlUo32aj6qvNwPCzq058W+YQw4CqeIKUgrKlMhFwiCctMBt5+ivdSdmh2MhA+hDoEGxAHCDzqkv66OWX4LyQkoMY24s8WuEJY3VTGQcqdngZWtCG5X5aF9ZgcgM0K+GVd3Ug9GLMFU3NyQ8fI+3qOmQZAAKAiUtqxE5Tc9qETE5JIvr+p0OTBkZtUTgFrkIifi0rI5MJDJGBGC+ndHkGDR7kGyzZNTWhw6eaXWBiN2IQAPL3V3ofcaR5mBEWwVAu4OqbaTfK9czxkRrvUy/cq6aY2+wSuGVIRncGj4aaF7GSxiRLuu3M5T6E73ifEAfx1Vili3FLUMuMTXpQNLH6s6Ot9oksIif9pU1PfrLgM4qm9p/+7adoZ9R2qYjcg/advZjDcndkXzRFCZYsgC8xsllogGDDmv0ro4ySRNgA/GgUyQ5nfdel4N575WEGguF8Z/MVPuWoDxF4E1juGA7lu0fFvcrYV0FgHZtEQaUeAnEkJ7d5mdGsu5JKZNvuGDhAfbete4pOGNUDZsIJgaZu9duCJ8g2XMGGYG57tAXQrLHe3JEBah9G9qlCzZ9e1sK5aGjrcl0mEGEFfd114pnrcSHodAo79JwxBF4H7re4JSo2/dkTBEB0xnVCRLPOzSEK8dPA3LnjNZHFo1+UKKHPF/BA3o6TfaS4+2gC6IqDDlal8ZJXCkP7Vl7z6jxkPWuqOSkstTWdONLJat3nEId689eoQSHT+Pg+mDuc5amVJIdJEEc0D2yiSF73CORa6gXPtmD2BNskxWgb6W9sQXZpe3YYznIlbecR2od1uY5UfgWoe1LjCseqWqSTfPAUday6FthHdBaHSLKBdpa7KsY9J5aEXBReOAZOIQUVi2D3nNZy7oqjWi3YCRk0qhwEKuOOfVi7uX0QTGZK7RWnXQvJ5wIaIZFLzTLfxqE0N4i2qKPU4ygpYwuUFO8i30JEmmeFktOZnFIqnnVIES0Pmt2OnIIKRqkQ0/EVa1wYPRZochd2HHGijcPWcCx6M7SN8ihrtQktvnBV88DzfDgRkepg9DODYp5tYIulIadXUTbhVeC7A5UsiF1wy/W8upxjczyPTxi6V3YZZrm2VjoGEfd+brootPZTrkOUbx3OrqMwSoiIaRmsd2mKVjHKtzFUsP2pRV+6sKcBTHPHDAxXyEy6wIqlHSLgB9ADz5U1Zu5tPh/DvBDEiHE3k66xVZ8Dsj1TtUhRLc913Cpvd0u4XfEsuwCElcYPdby4UNc4KBIA5kTaNOvK11SYyU8K+JlyjEo/B46TByLCtgGRrxL0KJsAEDWDsAgbs6WkuokG6af11S6AFkN1J066AgHth1vq96oU1UGsveE4GMTFTiEnmXYBSBSPu7LZZHYaDMy3nZCdOXVVNJesdBPwomWbZ4nxWVAaz4Df3coCxg0NewB4vYKYTRpW8L+8utX2bqhNA8mGlGpr4uww8ruvirPzZAoaPQgaOPCUMEHJ2TEACUD2v9H8mpSWO4mZAETDJoS2ytpPkTnE08NzCMHQiLqYV8MZN2VMkBFRzZNF9rvUkALgbF9eoGWJot4nJbqdC3yZmPNyW7VGpgd0jhhDB5azWhmU/yGQeWfIRhTlXT4sp4IG8sSYHazEl82hJpkXwCk2EWp0BUOeQPUW2yaffuZA9Ko9KeAQNa7amZF2Vdg3MQf84b1ftLFKArZn8EntRPB9DCX8zLdyhDPIgpwMRp4kB63X1bEEY8hCTIE1zDpMAFshpF0kNr/WqKn1FqyZXeomTQqqnSx6eVqUHJdrqeir/IfwqczBwpXs3JU/pFcFgd0pqA1LwrQqlW6ubYSWUbLISKExx1TUX0a3e7HahoKJXRpzmKk3T2OFaBz8aD7aCRdlcquo3nCnwB4Aet2x224dR0Uc2BNYBOSETDPJF7zwCZrF/MbIuUNwabOTl/SepEByl36OE6Un9j8OpOVnlNgAtrQGBjO78gnhMKwQvwBGKfT9Q1H6Aw+XKygudIIwYRklm7wt6N5CWWWMyN7vvK26UNkGT1N8sg1DPrOIpGOd0Ubwc5+KEAZ1dBcgMRDA2JI9CELeEKX4efTySfBPTkmoxcx71AV9jh3KEzYQsM6sB1XoMQBzXyDkAcsfpQSPbXEZWFgqKnBs96E9eNZ3Fvm+6YVvGefC7an42alrN83O1cJqDB1hdTg8Pe/ajQkQofkxHpwNkKzDQTUtSP2VJ8O507UPJjdgHTfxGi0TFrA02ZooRaeToBbIShc/R+wJm4QScEqR4XZ0SH805Bt2bupb9A92x7DJErrHl2QYFa+WDtNEGJ6hFSesnooUZwh768h0AKGJeaFkKql9KJYLZZZG+EZqiNRTqmkhfgTRRQXI6tOQcZ63y4RQEJjd4zneWysc78+QggXV0DKOwiQ4JMO6h2B0yjjTM1NsAztNKYE0apNuZu415XRSZhIDZSxrGcXMDY3m8ByhgLWhIEOjnth67yaqF/mkPIeOANimFDc69Gy7fDqdwHE1UO7J5osRjlkK9STYSC16JlEO08qoDBMxraBXiifwBzOhMvxVCXuYK9m8IlvmMnyUxoOIyAbCMbgrXVXhy9Ddmu0qkLkLICIW10/y9ioQmTFjFR7MdbJPWjZt7m80JLI2fRx1RJ7u6/tqnx5Fm+Nbo+82LgopqEPHZlHEC1+WFnT8KnKSQqSc2c+Hm2gn+8YkOyNH4YSbawwgyTOwdwjTYZ2Lg8MVO+mrelLa4gqT5cNt7AawfCnhdOcK4NTVn6OZuOUgMIaOVJWxIE7kKLB3VfDWchBdLTAo5j58MUYg3oUJVkUpYcQBgsnUIEpcxCikFhJQWAzGVDU1y0i4iz7OpizTVay8s83OW2IFynsjaB2gVWYJCyHRwvDrgfiizvYuKtBOjsDQmCKeOGyXD6xPRpWwXdAwnnjvAuZ82XDUdq5zy+C6UPsK5TTPZ476Yl8spkPgZLvAc1JNcqTAu2OzT6/yH4vMQey7JtE2ruAsz+I+trtiSG7Uw8bVRFHuRow2DSRJy68/coaCoRDHM9Xcq4NRvhvn5R7sMbMAvPxoacLwbzp6zdjNbFdV0jYGHv8haCUadffIPJRBiR9fnN2+T2OD+FFbnXnQsRtuEyCi3W3r/ouMI6T2+qJ+9Ly3TwI7IqHMhR2OJU1oeuzg3KKsmron4oWO1s8Gb/0uoiSNYhL7vZ508UIxWRIZc51IbG9d6sOg2Qgu80/ai3hBjtEArPXdSh6zs18l0IjMMIpx6P+JlpBzKdgRaByz2Z3x/Y0+InYuPTZA8QI6mAzojDTzgDAHCSoDgMzeYFk6czqhZNlRBcXKJTuKaqLpn+XUYGwza6hqUn6EiEU1iSqUqH+BpXWFgACr5UAho1o138f2EtGYAfsCiS5+Zw9jv8rkczlLDDtHWMNiOHsKtP1hLXbDaTck5xAT+CzOxoS6oT3ivG1l99DBxS/NWvB3g9wj0VAM6hsgipPOzcx4AawJ6OowgMznA3KwYd23zbviyejw8WR0WD6O7pjjHhKurRvsPWQozn2BTwlmOPUhOm3XAOqk1IyuyScpfzCIeNA2ZtP+VqtIvqr5DQ0chKQd8vwnKOsbXH58X1QxZjKW/HJ6QzVxnwkVaRGEdvVanuCERSrClXBs0UVkgjHaYd+JIxq7HWQPPF3jlJ+7Win2Ip+gR/JaPw5YZHgXW5ObwfBT8feFSZ8CCbYs8QMkVccAAPUJQEXCUpQGikxu8IkocUyGQ/M8rSkQFjqTS2gWAV6QVNZZeyokWbTRkCw4mDoQKdhqwV/QaYyy5kmmWNiYhQ9lLJPgWtrL8m4q9sVJ1CuAZYOlqg0PNOlrVGUVxseEmnOL8EOT4D4NBpsOx9gb2RPOS0uciGiQRBK0ytJrm0CXBIXpJbOPURD0qy19oPAMM4Y+GpsXgmvXgo1CeHVE5lkIsmxc0PAhssN0qRKvFKhU047MUN060CPNllgRZR45RPyeNFlxNgYAGDon2kqNaqp7hSXTKz5AAQb70Zsa+2f2zoYxoOeMaKbfKJBvplplIAVH7lHobONM0IO0mtWnfVIofgekgU6Ms2AhEqa1kUxndbRlaRcmkan0pENGFAmx43T0uk0AsnIgMykIoRG4jBg4R8XpLllUWSZJuGcIFwLlllFJA1gg1YwyLp63DxsrLvJMvuqDNE2A0zQlV4N9tWYphlmIRuKCg4Cioo116C1H1d2tydUyJQ4xaVyuocV0kbgsZNiJeZGEADkSjjVxVhZLVMxjK7Tdp91YyXTR2yAaCEcBXi3BdcUgFW4nKM44y4t5OhhWKrUoZDwsBZ+epmyB5LDUFmdQa0/KUi8Y2fmTsaoFTEHMWNFq+WmEs0lKdQtMh+MdkI+ITBikF5EfDpQ+EQ+QWRBOup+RRY4VUbCdSe+Ot5ggeWG7qowwJb/SBQAR2+6AoFNgmN+DWEHCe3wDnmxe5kgThRIjJniCOF8IjzyVltBEKEaM8rONXcDRTqWKkx1HeeQwn6IUoekySv4iFgXe4yZMDJ/EqR33goGxvrJjVxoZ7w4kn6X3YeNFTvaDd3csciFHCQjcHA9anRJjD9AvE/HFffZtImKi6AoO8hwoCmmgJtYU/6IhW+BCdKV27EEzOA1pulhqAuEIp6qxuQsZjZR8Ej0sxXGhnrV6SzDFFbGNb1ta53EP7kVtdyAlPtsLHNqbHCRxxlyILnh8oD/3UZczj2T+PyAlON+sMLDLfrA0VS84SWT0fCTbB9S/aC9yY4m2ApNZQKMbFDAYb0ZbblCKWhMUWINTRbivrBFw8YIbIOgdh5E8FxsxbadWJMbCyzEq4xlIt5W+PodKuepeEmAHpHaRdgLdbLpDx+MMlOMAT3ikvpc7rJtJ4HUWJDNNtlOaKSRSYdbl0MSCHha100T8LpfkYteyhZgoJ+X56mmcD4ub1v6aRliRQ8T1tMIVAuhnamoaFmqsiwda5g0ASsjelgdCdbg+jFWXYCxnv0N8UhiAqOv2PELlOsn9Ujw9JvGuB2sW2QJJdaxW/nRgByTnNLQWpexxgsWuXtVTYercxhUES37jQIFq6RvzjO9zRQG5yla3SxUeY3I0ddk7iLIWc6FddorLYLlyIsPwBpHlPovBZ9GjEMKCY+mQwCoCBCesJiY0OZf5ZzREcb0sky20cuzzKa851mC+iMU2AVGqsep8nPeWkNReVIYHXLxRy/MRPHFoUU4SsDI7W8kI2+qCWUqIj7DY7K6Wkr31QSoTXGCDXs6n2Mb+TKOJuPQT9EMX5qDLItMCnhbUXnGZcVkVjVsSoqw0G6ocG0f1PBvNlUnquEYL2hH6JBJ3ccPJe0V4FAEdKrv9itnpmNYqlsQ1IxnI7238Y0gi5I5d2EMZ6ZQDFOKnWRaOoCOpzKZwwLCL/7SWg9jIC/ACAv4uNn4DAiHMiLMjoGmr4Tky2sTIIk+hEW7FVWUzpzw8vlhaUjFiQdTlpC5L/Aao1lgXh8lA5dqqWcqTsfinQ0ASkSaT5pWagjR1PmmA4422KccbUsgC8Svx3QTyTgEJ6SQWUD/E2EgOHDSvv1FIRgpCmB43lQUfyE/gpXyvhcjknmD1Fpp51xggvPfuRRbJiFEROAxEqsAiEKiCwC9hkupznzKPPfPbRjFmXkjeJ+uDPJ5+NTXGnAssAzTaFaO/ZnGaTQf26eV0A5QRhgFoWCfG3FoJIwOKZf9Gi7EjrDIxczSrvsgDS3Tgae9qzOpkbHlxYOaUqKAwlvFmUlztXXS7/2lEyEVS5wWdKahTCm4q2W00BjoOTCuckHDCSfjJwC0VaiF1EGOTK4cc687+WcFwkLxBwJrukcG2/n0xI8pb5ig4cKW0QesG26sMWCC6NiVIyEV+d1RLQevYjwxklRGRQ0bKzR9ZfoSISIZA37iplmtmbDwqF9E2EJumhjVxVVaKhEzVVuv3zbCy5lYCZPNh6yR+rECDuRtOmAGdwLio5cEKJjHw6Ej52rUJPAIsoT2jiOllRbE3d3EWGc1U+Rlvxkzic93a6VfywcWWLJPd6DqKctAb9m+WOlvGbEKewPfz0qXS8Im0QY9b3BsllRzDWoupbUOGyaIsDjHxrOJzrOwjv4nQ4tmwMqzvCkIA8v0VpaY6h4rFjL61Cz5J9dJm2T0KZImXjMlPbWSQAZhN1ehQIV4YOrSplLw1m+c5qJ+b72S1SxICBvGEEbCRSuhcZXoO4aI8uROTAKQIi3bgEOoCyVaO37SQDrEHtqMJ5qImBfXqvRIVXC+wUY6JfGP+Zu4a5Edk6hYIcFMpt8dH9ICnOgo7uEf+jONbxe3BUY3S1qy2m+12swWacZ5hQJZOXbdbBD3QRQ6LyW6Y7c1NvOhjJjJXbJdGn21tNLoN4tMCZIw6WFKYRVxlRrBxUTcTzTIDcL5pPRh6nAHcJjNhgPHlYITEkaOBTH/ZqZE6HrJDNCwqJyUs/kr2rApl4DWAsvncYJ6dhOEulxz8BFrEeDCJN8li73ZDcj6TqUGl0WajzsU5rL3dROlRQewhTA6roMepQRj73QSSf7u1Xs9AI4B6KeCqARc2xNUpU4VIGr+TFMIcpcponSbeACEvQ8G8CCr8PwOcLIUy4xiZGfOlmB6Qn4I4ntF3tFpiBKLzkCES73xuS50TTkQngLPA8xqqKYGEZZI0E5BND4bVW0W5M7VY/ei5MWrLERi1n1a/CaDoo3tou4wTWBEB88K/ZGoDcBAaK+Q0YZBmiVfSkqsGUPhZJRJ5Ut07tYpBfR+xEFrNF4sHanY10jAuhcRGFy/KLRAkC5mBW/wsos5aiai4HsaImaTOZ+9iJb32oSveWO/Ed2MsYQMoDagMKoIA69HS/riRLfb5vzqg4PiNNbXtS9lg8bP2u6NfJ/bJPYVov6YCjMCAIX+54hMuFneJJT++EK6jssBkS48Jaf2yh/Bxabb6XJe0cBLHD/BIlCKayKaZN4sQQKtGk/5CHO7ADQeKqvNv9y+Li3FhSkZFV3FuySubiTnAqn1AwDara2ypnVv+XVSkIGQ7E+PWKJ5A9Kx29CGcqDuN8161UE/GEDDQG+XM9nY/1Ncu4SkiEWp1AK2aMOyY8U0uBAor6U6KjssjIjoSjfkbkemShwFFYUdHZfZc4JJJcB1GFSIu0BS4kY2aaw7U204Ko5wRAtmRt93SZu5Bm+OjvjxFocqJU1iMl3xjMldII5WgtgaytKsdSQt32+JaRNs2tC+24VH8u4fUJeYZSGMXxsZPeDShpVFDfb+oALQzLbEbt0DfmKfNXrDxm7AP+qIhOjARYbI/koe2B9p2NZAm5JSV3nIYi4HJ4u30PfAwc5aAgD+Q1AHsYdItW7tjisuq2k7eeKuM5GeDjc6j3VObOFACF6yhG36dr8qgt2l3audYTZ16EbEeTZhhoq44FI2IAo2Mrre2bUS3FhRhaqSh/zmNw9y0xNAXDDueOpLA7o61VXgmBF5Fd9BGMmJ2muR9NzAy8tEOuPjHpDGcmgYyrcXuZlENO/W8MkUPBqxNRAWIkDA68gZd4KQxu8UCVOJVP+eqHZgEw55wr/bxpCBMTHKNcB8AdFwbWFJsCcLq+uuI9XCDvMg3kTOJyZZkl0U0RFTWM+6IRW2MkNVtMDq5f+yIaeblrjtJBnjP4xQxotERCc6jbI9Cnd6nzhGBk2+o7F5ngh2uIr8ODzvwOvQqyy4mZZVLwGu2BfjBDxmETyz1vfQznC60PCETYIbogw9e/3TbBjjY8zlesWKG4bT/6ZPJaaGaPi7JFOuYlng/VrnCuQBDZl1ycUlQyYMYViY4TZc8jcgoU8V8KxBcGkCevv4INXpCi+waWBS0EhWxkqnJMmsrw6YOJwafb5JdyBEP5Ahj4ovn490yHo+C4MqTQmAtNqDvFQ2WsawPgeFhxiHJpEh/xMd4Mhf/91DCN6vlAfgVSmkqLZm9YmoQjgTJlNgYn9vplTTLo/SyvGXbuAbEHaEwPeVwOTSBJoyo8MOxJVgjnj9cHZ5dn5zQfQ9uNts1IM6kD51bI9rOkwXts0UA6fMM2OWbCZLARrbh+fUZpkJ+2kH86466BeNPerQm8oVKZkAbVHY0ojFwyigb+Ik6p9UlMy5B2DEcsiOymmOmkOzXHdUcQ5PF5Bpl060OYJc2TAtkctFMknuLAcoqZJwfEiSjK216JAAIwBYjPMnyLxdPFZRkabz5iMsKACB78mRECw7D3FiAOaxCAHa9gR+NHfGL5sZgdm+ADI/Rj6pnXJhmu25OOMSMzdWgoEOZhQVtc0RHN88SWx4UpM2w6o+MMrkWjRwGRJGzXdYQclfQbnoZPcJ6B81IfoaZLrbp2oJr8H1vMNoEW4hxhV+pB/QpQISWbeqSD82976UjWCGePyhS0D4ChZ8mKugk8NmCNUbHomCQOx+CoYOkc+lVYcKBAu3yhpoBYxvTemZbl+OkVh0rmTf5hXBODY5fyC1QMJmDGocuxCQ/fdCi2RAr3wA+Rw7WFAVvpMB7MCAyV6IbZwEKhg3LxwC1e3W9xBKRUxUrMjvL03klIJyUHQN6MrXS1zkECaI8KmSrS3Y3skxrDnctKPPmHhnczFH7s6hZ0NwnAcCEkxIl0s4PJKKWnHonwccSm8TPjK4+0TXmuFK3Ydr+wQKDEf7MGZeqdAcQ5rdle6yYzfmmgDnTQkyB4mBoEcwLOBppO2SnKCHmHPY7lgtgDuo4zx4dhXBnsKb1YHy1gCYK3zl4xqZCjF2dX/LK0YWLF3aMHfr7ZAbAiUsbWoUJluYweKDohyPCle0cdBnuqIlQnXEvDF+VfI5ROP0kNpgVYlnxAh7xZGkAmQ6wFSMi8mOnYNI03WugKzqIE6Ur7I8LctGWRmizobNnp9seee7668/ed3HzgY+fHG1gvcLtHEXNRkGj6VQn0v9z754B+2+TL2I1K6uw7uixvntzrcYTZJux0yNBRLMJ/hviijgYQCyzWlfvxsz2DRDMUpm704MrqZoarAxSZLm0iGiOYIsnOE3nhplOkG+JlUlU9NjBe3wyofral2JO+4I7nzZGyKhBeSupQI5oyltg2SqVDvQtIjAQp2uD310C2XsYOSlsuoYEelZYk8rUiXoYPZFpQCvpXn+Kqe3X0TqLLNChtRRRLMUeRUdn+M80M5GuzW0qyCw2teEaqZwM1P7r27uJYDvTag33HdFH7tquVus7H3n2cD0BQE8C9tg6FjaM7Y6jOqKRTL+JZk8wYDfc5kQipCt9aUin1090Jc9hQ++SEwdX3w+a6daprtTdiywvozFEr8MYdi4QO+VAHnZ3P0Nq/b1yP3YEZ+2vCYPrIG0w5u7DR3ejXrj404IaQMDibHAMVzVzA+pCBi03C9Ff2rxiarhx1Vl7JfZyDhLsmD0vCI+h6fJs7KcluSo9bCnfncgLkGrDog0JDUtPsO7ergdtfeXOPutM6USMnDNbxj75FCjJii98OY9A/AB1qI1176Jmr2cLnL2YbNDZTbkVl0/BPCKckMqzzf+2GmqlsYY5FozacUOUjN47+oVzmQ+A+PZtgz8/5+QXVd0yLE9EWPjSSKi1cmEkP83hMAI7dUxRh9O8PgE/nC1DGbHJa9cl98qV0mrVvZAjC3ahlCilfgk1gYWunfaVHC//KA8/SHFUqnTVoIF3JbbgGStVu97R2PGqeKZ6J4VYtg9VYB729wf+dGhQ+lmtsFZWr2JybzMTTAA3XL2+9qrVH3zw6L988PIDl666+jxcOurfnZgQhZ5W7CBjWHjJE8wnVqhbGXlrEzUDEt7ToHw1a3wmwjMROwuAvqTHPt0Wqukkb9wRxBkkitL5ogHJrofGZFE66aY8dnyFts6iWtqXBETrmR92Yy1jJ0JomNBXgSTJVunXprohUmq0ZF+apHTIVKvi6G3qYJlNnAD2/cwdXKjHNoYTKcXQ66yyINlfTWJmGSVSsy8fsW/N6y9E8A9wovFRunxh/TEqp7BjxqNm/ZJXIKmOMFc4Z7cGmJO1BotbC1hrXa1PEfrINMwHCXE8vdavgXBVJNmg64Ci+a2ftuBbRV1Yn3K0wYAbGbhEYIK7tBYpQwfREnY5qMJgixuTaWjokQX/Zv6gjkX6Kixe/PCsJgJA2f8yb+Hqc/hz7770vg8dXb4ET33MtefOTtKNjTKx4EaRb35TbU3KB6qUZhjeSUdZkUAnczL13Zi4lNU/2hczz4CP1QBnGFxHBqgORVdDGRKBG4hBuos2uitTaxk0+KyylByIGsUPdSSdfS6ADQbsoC5q0nkIfds2hwosCKvJIdP8nuRTnv+yX0f1ukcy4FzkIHy1V8P3RQITbC8zevNXPo3meLG7JKGlCYcJxoRPgol4p5zahXi2pGh0sQxEfSjVZ0YUSlf52PPaxM1F9dXoIX5TdXTIyIoAyxITiLL1rztQDEZdhiA3guEnomwoUAvAcRJij7CkTWmCLHrmggZskKSFl0MVlf63JwoIAJMBzSMp8EQoQCgnmMTPNOHxQ18KDV1rTygT4MyK707jlhm9wBqS2CUdwZI56V/eIQMDiAy3bGiH69oq/y0c/AoECNPRtKVkdB6+WKTVrmTb5fFFQPLQlmE8L8v1tgU0hx530RMXoxiWog9lrDdhHSG9pABiWYQGVsbxwPgiZ+IZmgMrFnyZS6kqgQxoqZdB1WAbXGbHzUDGwu1bKqAoDIps3Xj16pbrVjDRB+46+ejdR2fW3XtOMg6bQTChqAiSrjNiR1XsZlxC6T0H62gGcAjMjLLwGAGsN+jYzQCi6h4ZO6khF0PU/H6gmMjLC33xEo1qykKbl57GB2wn2tNIGYk823U0YSh35/PQB4CnQxY1DV8wqLlwpQ8hU9P55MhGcjla5HN2ODK+czWGisX/Am+jIqKxTIQ6kW7BVjOTxmEOSsi4YYduRN+AKUwqaUDD6jb6z0BFd5XPWVpUbb1GMI9NEJFGIQRCIqQxe2skWRJri0E21ZTps5eQ7RACoQi2o50Ee7Soy7/WYHtZinFHWLxGj7bVwQ6MYCaaZ9rMsJmBgKYJ3/bbDz50eUXz8RNuOzhzgPN23s4i+hxlqNqEaefqjLlMi2Y8uzYilSrZv2ruduFyYPfyEsyFcFB9NwRaKNZLzjtqHL36ZGwYr+tQlUSNsPa5aBkWly5+ASAthCJpXjixsi1EtblN+1/MPM1Bnj8NQncrGDwCWySziSdEMoqbY0iJADKM/Y9gBuViLg0IEnIpABEPCqyYaTCK/scin0YMwllywCGdQceLakGX5TKOlU4yAojB8PRGpiIQxyQf3AYf1GI0DTjt8OhOuIa+tLza2Gtjp67fI+2wxkfiXOgsnIpu5lKh9t3YY6us7Dh8VGshtwk8hVHhXgHTUeYZmu2pS6rwgpvBOFQN+XKYLsGnhX4GPREsG/4rHGPEjSpmHeb4K5kzT/KYRjkDdvquwahnYTIIQKIx8rxKrqX0nbbwFhM8GauZGzt6LssNih2nOizcFLPx0HZY3x2ztxMbutAmALHSEvFzkQUKfFP9Sj3aWJhtSghGdmiIt7/EiWfHFKJ8IgIinWzojpvPPPvx586dXb//Y5d/5w8uA8HBpEWO4PVIECGS/S5crTdqYh2VeVtKsfGNWIFAcgtrAg1lqOcooIFTA1QbnwTU0J3Fsl3ndZBOdWE0TCcTTkLPwNHQSx2EMptjCNAg3NsPzZbCdgmzVtyJFEIIevZh1gRbCVZI88xoIZL1SxbDxBbquYY+oGumR+dInjIjnVcUjFUcQmDvrFw05M06oWY6DIW8kTfmmrsJXmANHjpmo5rEkFqIJ+IUz+RupJUTWVNHI83OArqNs2RO2/4cvqv6xHLB45FN3f0E5XCg/9VW+uYhZ4rR/eMNPtsL4SCppovXs/LG4qFoeFIFHTRzZVyEakz7jcIQb+eNDx1GEUQw9/wT5hmI6OSE1iv42D3zb7/n0qWHTm68Fp/46MP1hMdbWxssYqfox0Vz01GnYWU0n9EPdsjRUpidEPLqWGX410Sm04KVW49U6HQY+7BnSToUQxU34/siHHTdQ9XYwbTa4UeM6CXX79x6yQRpsegpcgZYRgiW9kivdLQQDK950hZXNVLgsTQrRW92myNZqmbZOSNrCnyXMgUtTJUOp8MyQOdwR+UMNPUurUbGoYLN4nR9Ma5bPmIKmhuYNkSVvHlpDN1Rm/EGlBoPTtFZQ3fmVgAhsesYDMLXaO7W8lNBoHkWfLDiR/0p/uZB4uYNh4nFiWMconoba2jskXfPfIdb3MlZCr1ewuEuov89HbLRPBXvChfCHQ6ds4KCoMT/8CUJJwok9ygHEtEEk4TmvQ2/hcOBTkdOQfo8q+WppW0UWHMHtHA0zg623lAkmsr1vHhksSmMWqTOOQm0cqIFm667IPUYY/b9T0tg4SSKI9zOdSFRAS+iInWlhGcxVlp8g/1Rs8eoe3bbdnj1DenZk7Zjc4Wwnem6C9Pznnj2ze88fP+Hj37jPScvfsb82Jvhocs0TTizypg9JWxGOM9xkT+inePW2YSgoDOq+1xbH6L+iizf0LCHOBnmgMFu2NSU0KDTQn1HeE7CwXxytncP8t4NspnuqMAqEmgDNxYlvg2di0YuGCtLtBi31rf6XAk//aL2CpkJ/Z9OURXEAwB0cVYtQ2D0UedPRxYtZc4yJcg2yoZfhsJOszHYPugC9xIHc2bZZLfA5SDMDavGuwz9nPdB8z/SaCnlH+atauwdrSSrsLqHkty0oblgwyxnW+0kSxlBEEbfQHXR0OyvBYkVjWMNCsZf3SgKNohsATog7AAMeJYI5wPM2BKEGNzJlYrJexmCgKl9GRjKjJCVVWYTsdJvgQ7PrH7srfd94JNrWG+f/7Qzj7xuFezoKNNDs4etca/V78qcJADJ0UvoogGM1qRiG+1ldLCloCGUstPXLDWzdHl/VmO59ZxmNLLCIEQVFEV6qfMKTHwqXXiKVW2zyw5EkanhigxVmWSk1IUWgzaect/XNsDma9xLgHYk5PJyJv/eRzvScmqKo4lOmXaQn9CmCPs9h8u8IMYVZn5VKNC15Bq0J1Vcdr2rlkQOKT0ZLgA9ZSpCC5Ud641aD4IIq1LnOCfLqh1xczR3wYlG28yXIED+wTG25+wfxfrZcJ2M+nj0suRkEqK5MUyBxKipJFkvjo1M44Hhze44GAfnOw8KKiHn5Ucs1Z/HK6khVj+dvQTRcOQQAFyrwYEOUzOXO/rtcbjythsSIatC0b+4sk+dw4/lKazGzQqWoOweNLfYQzbTMa4m2ibB82Sbsv+AcVxyyUottw9zrGJwdTqn6rjT/7mWqS0CTEDTBBPCPNOTbjvz7McdnDnA33zf0Zvf8eAJTIeHQERTS1JEkIzv6T9dwGginkL4CECWTEmDTABAvxsxMiMsnTHcQJQJJEiSIwlcisqIyevGvAyJYnFEnxuhNSdkMdY5x9h44FH1J5c/3OUYQ5X2L76aSMLrDrBBGjC12R+VAQS/t9qEKIKRFQHjI7WV9f6JWLtSZkBY6OODwOaTArKJGfXguD9UY4dO88GXKc8a8tSjBV4RlA1bPClukr/AXA//9auWVPJw0mFXMMiGj4P2mBFGNHdEvv2sGHEoIFtDW2DOoGS9PaCnhTUvQhwEwGZDV5/D3//o5id/8eLlk+naq7avecG1V51fzfO8mhAncALmjxDVCfTSjEBlipfjVBli5xGikR2ZD6tJ3rgR6jYJGQeAhy6db+7rKe3qSREcZGJqZMCmNAbvsvkONo47nu7QAEHka0dLyMtNiwcmxuzbvZqVYFv7Rf+Nif1xS6D7iYXDvmQBrA9I0izHOL/ZU1qGGVBDNEZjx27wmIIJ19OTSgN21Tz01YGwWjLS3J2RJKegGgNU2wB35xVhvmA/7Vgj59O6CAO9bmD1XypWPhXEspBgjSxpWKOSUVS5OkCQlmAyeNvF5d8xwfYLR0b15AwNoy16PAqQvOfDoCnFf4BabhW9Xs6E2jVq+FJ0Ry9hUDXWiN/EeIi+DGajPgFlBde2HZesogNge4T8/WJhuCVfsHKD5uKuRyAgqusCwhPEACh3DC0hH0xsMyiybEsmD3EV07HEeqhGe9mxiVRLmTmGHb5qGK67HLVylrHUXReeUMGzDmRLEUiQNioARuScTWBxCrWxdneaaLOhR1y/+uznXfitPzj50Ce2b377pTsfefja5x3SPG9mftsTECFM1N8rxMWaNu7wI4FMqkwbh0hcjkQl0cSr3E3eYMOWrf3ferI0lsi4AGFRc1NLFi07AYqOg6QXWVB64qFGMe/NlJ4edELbiYzfH6vWkVxzEN4EkTUur3BrHH8IDiLd5KZFK7FuojqZOnQDZpDgxU60CEJ/tQmyhhFPbbMEkmXwhzuS9W5NjK031sNW3dHwBvWPkOrtEk8qyTuLg0FWx2T+sXc9Ey1PcittGmhTIGkg95IzCO9WsvzNYHVqEzlGHcX0C6PaBJLezqoq0+hHcUaIuWrxsQwzy5lODfu/dmosB+WtKyiz3BYuHHVEh4d4dILf9VP3fPguxOnktS+6+tmPv7CaYLvFaXL8Cpbc+ncMTEzvU5QArCxW2vCM2PEJrnrLS5ZEYr1byB1FHnxI4ObFXuAXxpHsxoXYQFsiL8IMDXqLJoqAoVpNikRpAMNBaYgYFxZmLJI5vbfd42phleegn/2AZ7jSyjQCNnhb2WAIBq6fdHZhEXSgjf9w40AmmViu/zQYk5HbKqhKWFkCbQwfUBOWZqDiCKmZ7bgH0Rlxh3slt4ZJLgls3EveORlRbeCCQw2EbBcKKBiRR3ZyhielOvgQ1F7XeWeqerlzMe0P4T3qlcL49A6W7BR9izrspEXzShN7M9D+/U/P8pRUAOuCVWk3bejAmJH4Pmcsnpkqst10GpeeWxaE5auDo5BwLThVJrrEQ1spH5v+zDADr47yBokiplg6FrKmhHp3yckljIzLYMAlcSl/gp/KodBne5jeETdyRRFiyMHkJCTGoYvmw+pQfWJv9xdWFnyBuqpltL/eoC8co8xW3GFr1MOF0vyNV1MdbIl3gsMOxo703VbZEtc8TOECEMztZILtlp7/pPNf+OKT73/TAx/6xPZfvfH+82eue9kzDk5O6OiETNjrTHh3l2RTjdTGOsTOJxLUPOaREo7UQi4o5Hj5Eh/jhM5wjnzL3NN4DcjpavSowI5BCDMtLbIBEIa+ATt/JY9Hep74x7PCO4A0JbA0I4c5fRS7Y6/Npog3I4lyX/t0OTTDt1ZNLsWJsrUDApg7LhLOEOgSlo4hhj1NXcEbywfMKmaYSJZ35h92gWZIcg0GR20YvRTHfLaNQe5aDMW8UMexwrwbQ+vxMbpurWh9oCHf7ZuE5Fs6bPfSYAoqznjx/6P9Rit2rpvXirZSDWzpyHFGWIn93ZHUduTTPK3weIZ/+h/u+eV3ndC8vfP26Utfe+O1F9YnJ/M0sd1Efp+ulqew71mVGuJSJmZQybVI7yO0KfPSe2vIUlBZ9mLQ3ddbFKSvkjZmOmNL/A7P6gguaQEBRIybTtOCQNjca/ua4YbufZRExbvB5S0CCde1JGGQzaVee33HYp0zVQutLAcWDxNBOVO8d1AUsCuB10c2/AVA/x1BneUMjPks2u6oEUeG0nLIatPXbTYMAUyhlDqegzdSh3Bi4y4rJDGwOM0hnxjgKXbptENsx3Jv6LIkWiSuuf+77kXiiFsPFSjPlh8DAc2b6uPeaZ2gqoAXrrvQrYqzLQ5SK+twjGlRt0mpy9KRgq46CosXPQnFavBi7+pg/O1cYaCCX8MdZmSxNLiUT1ngoZ3WEUz5AfblqkNGU1BTD1tAaWTW60EHRScNoIwjCXCQP5OxU9NGdVmbLo54QmPwJefdEO0kOtHCv16RgwDQ+GwhbY5v8Yb0oikp60wA8wwTwkxweABv+Myr7rp38xO/evy+T9J3/Oh991+86jXPOTx7iMcnNM80w0Q8uMuC+OGwgJA2JG0ptPc4zMabZO1BiLIBAPoj1RwpAVfqTbgKCOqabEwl2Ghp0kVA/MeFTB49CBGze/yVea0/LXACwAlgZo4IHwwna8LlSGCJAKcO0pIP3RABoiY6wUfoOGniCHpBgTxob7NMICDXiCVhavln/ytg59ZGpp9k70t/kq/hIx5tCgxvPBR8At8YmLbxd4WHPU40QqthA1TMzy4BHUC5G3zBwuFmo5wXfxZslZMB3htcZomRhImHng2qbUW73ajSwiaodtAKax2LyDEE0xMnKvmWkzKWgjLhNYANdUSIcBI1pwkBJ8DV9LF7tt/7pgd/9q2XaaIbr6P/4UtufswtB9vNDIiaXjVd7SsTSHxiFJIsJuLcPaXZQ5E9gUVvyEmLum8wTbWsyRwSrPTbez4GK3wT6MzmFNRhaEdJ8xvWIRYcmAT9MVuw4y5Fv9Z/FWZr5MR3xiGtKI+GBO/HWo/cxVRjQr1T6BUDqUap5/xKjnmKb+HgZSiwmEKWPR+TZ2KBhWqn+EHJZdOoDxJ9IU9xJQnOP1A38M4Ix5UAvQUpbJbhbJv6aM3ESuRQn8TK21hEcVKWB+0bxX4DRIBVb9kOsGUjOwqzmnXH5lAhxZUuJtqXu3F+LfDRQeyPbZ43911w0SbIWDtXgcpYy2K8vJ7m8PO0uVjfKMOONTRhm2Djo3ZihiICwORtsBBiTANpjr2gGHtFB7FLmnKIkuh9qM/8naEyimimuKzejVY+YTxZKXJw8ys+q6xQDrwXQ8OFhCeiWBcmqu6dB7uetCzw2aNjKdvLh40D8hyUZjrP3fJwO7JfsxEiZ611cFAZSidmgn1hRnFmDdzOcLDGux7Y/NMf+/Sb3gWbzfrMfPlVn3HmS1559WMesVpNCIDbWewzEvUPtDBqZnkMeUDi4BhM/gkw6QwaLZD2gpylc+pESg2CXUmwP0ZSTUIobglFQoNDN10UnyC8xSWOFYx/VReJMBlgzAm1F9S4o6SjhA1ojbZASeaLeOOVAOHd0OR8MWd38fCJZYc0IQHgTHNs3T/+iaa98rg/f9NDfJ5Y8bBE7Q2lM87tE6M4YyOUsFW8CEDyaVRO9mkL6aiVBIOCiQCFIkSYAYDEjVh7rSF17RZceGnJ7icNRWLBIw9HhB4I+kZSlVfxAAZ2iPJ0OB7TmGRmECk3hOqONBmgKC0Zk84e2UPoGdDD5hlxMuoBTMNoQyGyO++TYiaNdIc3+X46m+Bmx9gJjaCU9wiASEDrqb+c7P6L82+87+T7f/r+934Yzqw315ynb/iym1/61IO2HWiaYMKUs7jd34yBGo40E9Io5Sq26bJjEiMPEvxU2mkHLkCnoX0w5gVXRCHLMxRBjhu9zBZgaXHY6q7xRYZwvlJ3H4T7pXstQxdHl++CDMiCtePugwn3BDCZdnW/Wd+lkKAkwSX8gp65rScZN0/1zpgEgie1jSvRCsbQJxdGSJy5jtFmBmtFU8i3Wha2+IZlhiZnSmkrsdkX8CmCwcAav667Z5UbaK97IYk4mCMt+WsfGRS64SHBoehBYsZr4dQmIfa2oZRDbHgEPemYDvJPYNMsb5hbOswmNrYfJe92Bcgx/wTgpNn8DL2rFNTl7QY9p/CdAYP8MxpEbVBYjXGIsQPVXflnAZjrGG5W0L+bzh9lgXWAoJuf6AU9VsP8E1DKch23SJbDTWZZryxY/JR/dh0bHXvnn2DErJ+ME+OHmX824PKzNA2BM/sY+uXRBdvIYXKPNdggSFARlFqLbP6aGnlWdy62jxbMBIdrvO/i5rveeP+//9Xt5UvT5Ycu3nI9feYzz7/oqecf86iDa8/i4Vk4M004AZlZMHGc5mgSQDpPhLaX81LIBJVGU+HGe943szyol0HLnoH13Wk+lSIJgW1Oap/K4LGsUbPWMfCC4bR7RNTHmMBWywvxM1tVFXr8JWpiunD+4NCymNuv7Ng12zpI5gCrpZ0TG2sC80/PP4mAZmjeDKbNBEC4ai8CEiFkVHpyx6a01R/CyNaRx3tKPsrSapoNNbpmMh2IlBA66rR1f+KRwmX7QwTc37ERkVUk08lIj/6IIYWVdgZsOWQRd/Pv1UVH7j4s1a7NUI4NNoQiGjHUDaRpikYC/d3cvaVt69g6dfXAS8d06ZjuvXf7vk9tfubXHvrPv3u8xdW5c/DY26av+8IbnnXHmmZCpAm7EzRoW4R5MjqKiztv2bbus/5WXoz5J4zq5QbRDHmUf6ohMC6+XWzKWQ6VXElZDHVSMuaQTKygZDm2M/8Mgy7FG7vu1sEnuS2FVxAqAESNS8UnB/wKAgO7DAM6FDhyRvGPp3p3ZOJX4OOJFeYkADmziIRYOeyA2RguRYUIAPM8y/lC/hnvgWzxEENp7F8Y1eafauO4zTShH6tMniFN8f4yuWN2OJ7ZnX/aW9meC7zhSDGL6aI7z7OwyOiz8q1EPnLHdHc1BhgIX9Kc6PCESJPZWCBZfyy6Nv9U8CER6mY2eu6wtA0luzHCMSQrVnmBrhAFwTI1VpQ06gRXqAeQxy+0Xq1Rh0ge5hLDyLASeXpMWAIuWCHHP+3ve6cdwrahsxOp+qCsqLAHgxUF2agoKivKvhLRLwUTKd2zCThdfZoRKJ2sLJW46CF4iGqUkXHJEDK2lnwbrzj0uLNHWGWVIHHc4zATzHMfar2C7Yw/+tYHfuBNFz998ezlS/PJxe1V5+brrj255Tq87ZaD667CwxUCwozAyzB9ywEA4MS5g2JLZuHO4JLLwlV1Ur4BI9+hdAyCNpi0YTBGJSw8yRHcWqLsNW0K4dEyaYtfIjHmh6JJINSFLwPK5Q0WVwXSV45QoanJ1tph/2PcruUAx3eoOm5pmjipsDkTCcodNx2jvyuEyNhq87lUAKSefLZAn+uFc2sxA26JkLBnmDNMePlgc9cKj+HM9dvpOtiuCGAGmrcwE8wAvAkLEPXrNTARTzXLEinJAECCVX8pkuwrZYpsHsvAkOtO+ko73YwpBmFmETDRiE75RNAybDOvfQiLItoJZGG1gogI/FE786IFtD6rI68eT2RPFJHDNbZYXJSaW0se0QiOzVFAeFGu24gQNDQ4lgDFX++HjRuyzmrsGLcW4ZrNOwn7GobQJLUGIkRYER4RfOLTJx//xPauu7f3PzSfbFZXX7W++ip81tMu/JnPvfCoa2mzAQBoL/q22aI98/am8gu+ZRew0k/lXmMjb/GQQmpwJXYCyHdpjdzdlCS4KvOYLtODNd7myVbUrBijDgGJA0veDTzHFn1Thgyeh3LYKAU9P6W/nbPgF3ZmiERk7C3Y7Z1RU7BGO2fUpRSFSGaU50TBk+jINM38x+oimEkws2KiDgmk03rv8kZTDWI771ROw8jlgmE3LxxmSMAcSeDdhbF7WRQgcgLgEGbSxhGXI8pMlplTgFRQYhtczI78hDwvnlMRDb6loalcV9q9reOLbSRTDzJGXWkAQMCZy8IpIUHz/+IoCkj9T3qBjbCgglDKaBFepQB9oX6D1pGD2/HisGWpjWRHHVg0sengGCV5WBVonf48keP800BWwsSOG2dQTYQ7hEEjERybTPWURWWlxTA9rhmXpjqOaCnN+WdWp2BaShdS4lRjayxWmbh6IEW9No1ZBApG8zF5pmCXiV94aGGV+WdJTpmRhoCmwDZYzIReEFE0iC/XmIW0eeaJ3gIhrNf4ux88/rG33vef30+fvnhIWzi6tL340AkR0XaDMNM8k6ZTPWfn3HNCROJvrQBQjy5lpx+/RdekPx0jt4HHhw6GhzbmFnUKD3tQS2DaxnzqLsHH7NxcXReC7lLgbFOTNTb4osBOi/h6y4HAuiCSPclkCML+ARAZWmNxjfsk1CPQ2Ny9SxvFvLSZgG43eVNiu8iaLowRXgoYJcn8y/B5wYCHUgjMl9aSep7Q38bVGT0TzVsCoO1mO9PmzOrT60vvPZgfnC487gTumDdnCactAswIMM2IBKv2KCciAcyANLVHRNHyWkQF53ZxC9SSFprRUWOKCC6iMJWm1o2FQfJP4gkEgJa5i8RJvIOyo9XZFjLdO0uRVaY5GFVXyax4UuQlUNKdmNvuwDhzEoz1Pgj2l1UphF55UfgzABLJ06HE3oGR4aEQRNll7ImhOo8hD+Z2ykRS2Z4102HdpzJQPSWXIbrxRZgmnCZcr6dpNZ1brw4P4OzhdP2Nh4+6EV79GVe/7OkHMM/HW1xPKjL+uSZjI6Mzr49ltwKlZ/EdRw7Ojr1Q9Lcxif40h64ucGzDYblNGGsnUphZ6OuE0SESzmBWpRazRBvI8VgS4id3nhGzgT6jOgqZcv7ZI4fs0Hfmmrb1DrlordD+GEkCeBmQuQ5XyvxTEfGBgrU5IZGAHIEjjqQxxDnLxI6CCkbVBiAWHTtIMQWjjF3i5zBurwhMANZv2wbW1iUxmM0tsZ47I66MYa+N7XoQMqag6Zuoxbws1kUCzrEjVHJeAVSxIWO/kdP+7XYbygktCOnm20de3lIQMdlZEA1K4aKLrmuDaNNoMQ0SSqk3NRAstcwaSX2LHE/at0AAOBcSXWUsUVoFMlN+2fjRUUbVE6z2v4QcIxyjohQTxZ7bsq6YiO59wfM5iNEic5STFZp74OxNgc1JWh8HnfGz6Ln2A0IW2DVEXojm/MzgTDCWavTbYpfHCpOSIYzsspVbuZVdSzm0VaaiXmgHHU9rMGcxBU1SYamzSBlMYG5P/REAwTTBaoX3XJz/09vuf+fvHT/4ENz3wMnJBpphppm2CGR5TsiLS4iIhJM6zZ5/Cq79VZM2PiebH3Z8Se4p1RZxddzNIvIylZFTib3EqhL4J0tbc8OG5Bm9FXGpQgcsmXgPsHsc2NIvs8QZ8s9OsghAM3QmgWiAZu4mrlG4YzEixhQFZ0SU7ManYHp4CSO74Nzo0vbYOaVWoMNvqCIBEE49FWE+EwHOM222NM8zbTfTwRouf+TBD/3i5fs/efOdL776hmdsTg6PZzihaSYEgBlxhgmxrah2WzrBjJNg2nIdQkRBl/i6T/rcVDnbhhYUy1mXtkn6W9mROIj9HfLyPCeHcYtym6o+PZ1n8o8VKzclHSyvtxMJXuo5XUeddkMm876fkyAkMSpxYYhLRT20UCFtXldF3SCMaPmJWuPwZrrd1XquyKZ0R7PWSjoLYOJ40kCDg/VphRP0gsBV5w6uO49PuPPCq15w4XE3TgCw2dK8JZhwmmDFYWS2tClyqQ9fk9W9FXYCydhhsb2jTEn6gPiajF5CwvaKFzMOBjvrC4buzK/IkTE1/QqPp7xCBS5dEhWtL7mfHJ4FdlREDxbrKsaWBMaZRbQv9rEOMclAK7tFA6mJoNF1w2sREQ9IWZqprHkIOaUx6eVItMr4oYxG8ujgRQg8w0NuKWUOmU3XgLnh4dTz1ptGnIF9vABzL7JS/equEgtgBk/wghcstQ250/QmjMff1QsAR9Eme3daaJw7Cn0qBuaiRIAY1VbvorHQJkti0979FWkMEdY/wYNzgDLS0OKFVK2odMCEp70NVXct2Y48ABjk6pZy68C0m/EPQyVJI8bb6UZdRtJxjRfRvUpurBKHBRlpwzCeThvZmDm+Nvfuuu9F2fBgwdn9uiBJkgXbKjlxxmCEZGdLNWg2rHl+cVAHEuAu9vL2rTSXo6R3dEQN8kIjF2sSyAl9aW4qDSWioajDaNKbQZlnDoN9m12CVGq9xRMA5plmNtE005YAEM+sECc43tL9l+jomLaENMM80xb63LAx7eesUDJcx5RNH/ig3pBclVVTUMAnFKRB9+25+Mj4fccGMviY1v0fNKcIPe517UTN0Q1qllh7ESMi5J5IUavD8APyrQ3xkq8QQzzhSZ3c/IuDRhEawNEkmJjTAJFdU4yWwAEWYmNSSRBom0iBiAhnos0M85boZHPu2vNvfsvb/8O/+d57PvEHX/TH/8Qb3vD6w4PV8WaGaYL+pCjNLuOSsoYjt9tq0p/oT2x7F5QBgGxvTTtg1B8796037feAnDFPAu1XqZmrfSOZYuXCIJmXXnJTd6Jt0Hfga34uQYWL/ZL8dEADAwM27l723yBar1Fg33fATADQHKtw0ik2qW222c6OiLKldoL1Cq++MF21BgCgGbZECIAIzY5NCNOEUgkqvI/E03lgpfoUbyiAEGmkw0HzykYqJ6iATE/tUoG1PdzuUJ6rXlxktzTKbQIxCgLrFyiCCDtpIGFvQZhnsvd2vwdxn0NzteSRo782UuS6VwHDjgrC4CjhcIQ5/v7CzrBt7OJd6XwZiB9lZ+YDngmad1grmLvYZw0W1SF1bDBdEl6CDcMF9JTHJg+z6avQA4lv1uzlNstCEqr8SyllsLWLYXAcqXALS/B3lm9sccREbQj8/c/YfDyuaZU9ikUtm2J1VpEAGJhv19nFPYNnF0MU0buxFR4n1QW++xw0yInbmCkHQABaTIMhsUUQFjz1Wrp7BQdVI9YqbV+UuocdJw2yhi3jjSE/T0PgLjtrBUH2JKrdrkThiv0WsGBfSfcRN3YfpRAtdghRS/gi007kmYs7tUjeEoorhBk2M1w6ngFgmvDaQ5zOSUKQ8pKloYe3I0Z7srP0QTUQdEhmdTJxdA1+EO/FHwGONXPO4TmA/oXLcYRyI9Myh3ZqMjlM1dfoP+WclnDLTIgbm5ceEfXVbjrerC+co19ZXz7abC6dbK6+sH70LWcPD/DkZAsAE3LlogFCHcV/VyViJwiWF/P1vQ/1hksN7ADLeNgrWNxM4HYgHkRbrqIVv91gHsYxYg4av6JYOn4GHPeHbfvNBNuZLh8TEOIEq6kl+Tjxlt0w4BJEF+7I5VO7htKbhHVRWaxwycAy3EU0iB8MMSWqfd+Ht+T+GMPCUJfeJF2JGVdgMoKyXvR9hMyiwy2UbNw+Kmjgnr8OA1r3P4zvrobnRnssHDir2xlXJVEjhK2N3yf59AjuSDXlir0uadtpwmCTOpmciKrh9nCJzhJmTLK11ispKV1QliI1He9VzodZZO6/h9KwM4QeJ59LIWt1Zw1mCov7u6wSGBOAVQWrAdc1FcNwNJLqZMgvBjiupbzI+VSVeGaK4aTfkZR2e4fs39UO5YtDZlz7RKLBym4hkEclys3ljCEjzVdy9kB+FApvUjVcdVtzA8eq/fryDxmqtaYTKqSMjDWmZUnGEmG3zo+qBmFSy7LizkPKugttGHkPGHnrYojFLUUJjj3p7jJl7CrJVZEP8j1/lz2m2byUi5QL6/AsjaqnWq2LE1fh4hxJp8hkp0HA/HKNexBFCtwOMsI0tQWETtBMAPI+URmDkj6o4XCIlk7RdbXPZJQtivgmHml7LXeczV9pU464nHSUx+yB+DArW4zdw4gcWfZecRBk4o5ouwRqmLLZT1hh9So47Gz4+y2tnkcANM9E25kAt9vj7bydZ9huTrbbeTNN2+0AEkDtv4wTL2k3YFKqJkSQjdUFTRbxEsEh8xeOSlJHQLrGWu4FGcOq+yi02A+7nS2imXiYETQwhD1jvzLsypdoCUYc3IzO/CYiwPZub1Q+T91ltRaMqcYsRPKGMBY3DkXYY0LcIm3t9s6FsrAYtbAgBsmeoxjkvdIR03f0vj3R+h7T9cihzAeK0nZYgQITQzJ8ecBUF7wN5uVSWHiqgVv1bepx6Vfo8OtiAtAsfBWfylBDYQozIUAi/106Vy8wTNidraEXkqR3vLfBMErbaBwqE8mxgUTwHqoJfkLMoxOHuus4zG8Mk5L85LyjaQeJielqpDbOCgNHX+1NBzFotIGU23DiwxobspoPWkkkLTIhcsQoID/0bdyfAkxDKGoKTK+4UtEgJDSRWAfhAjwrmd6Wiso39Ye+P9FnJU5/Bq84Mo3LW3b/+eCQySQgWJ/Ob0i9yj2NqjDIszQBRxNIWFoWFz87LzrAaBSk6ondttq+pmDDqeCowNAiGVn5SVkuJTyRtx+7DfqRtu7bml/KGph7WMz3KuqIdGZ/UnVH/wRjTocEsZEY1WlkvGh4MpbHMrvLlv3hH87iY8INIb99Q5Dx3q7SvSzAqbK1hNnojvETWhDJZddxIZacGhZOV7qVehGBlvPCtXBbZGm+Qd2MGFyDTn9ppLHg8pKRqHv5yHblv/qB6e/pDzsD3gf934PG5aPCsAqDB433IdBEEO2UuHwxTe31yDDRdpo3MJ9MsEWYJ5ymCacJUCtPWcIkpNgDh/92/N/vGCrOqY4Yyutbn9iNawRj4/bYP122C0ftiu4+SMElVknOziMGJ8bc67kEOYvpbj7Klsv7m8qgzpE2iAs4rvPYO8qGSFYPgxUD2Ny7VXVtu3IiAgnlvCxGOnUSAqc37ZWb3msdrJjoSm1I/o7DvOXlAVYQFbqyxr2P4JnwrP0ivW72V6MpC1uuBlz7rTb7VKzrxvQlY7L/YWr9JVltbIsJ1FqT6RgMaPSxmmq/UNHeO58xpP0WyrlNuWKRD7dPwUj82vbysoXu4RGMuBKrMdorBg3Oc5m5eyQtCzUzzjxdEU4rZdWzNrEgUdvQyLJs/a0K6Cy2P4arNqvxoxSKZkfRRLpVg7iKRr5/MHzNlbTT1sMkSd57+aSX5IPUITa0ta6Ib7xom1lz4xPsXj8WhkgVINClXWyWZWnBuotw01ItF4NA5BS0mQCC8OnylN1ZksvSqSkc5i7lsU99QWhutasle22MqUGS3JNNIW1kjQ6OXod2r+7QiB/DKMgjtRSUL/oUtAkr+3rqLzINdcn/dgzF4f/ZedG4QHLaw4TSrRLDI5h78wnCFmEL85YtKmlxY+hhKt3/b8f/Uw7OCPdP2HZCRFdahv7MLC/Ay8uXnO0PyVP0JA3DDq0MyvfDrMobBxDy1aKMXoVho1J+A9oWKgH20puwnCg+XSJrBoREFSh5Zwm3HGXOzsd1H9bnpQ+gQRpK1djSkTHPnnpYH+egJwbl6bW0crYQ8YYuXOm27RLJERAgoHyiT3cmwnhog4QQmAPRjG4I3kKXdkjMlem1E9pyFRe0S/ZihK2tlJoUtBBEjW0WA0gbWlOgOpbw/7BjFd5HGdQwqoynAkiWtdv/dX5DY+L6mctK+jX5IoO26cDNr6FpshpktKzfcnmTCF6c/7WPmV2G3DAoB9dRE3IEfkdBhOC/f+jtyEKEHeWG2AiacYNsmG2pYxWtcn3JbHl1jjcDor5jUhQjYggogXbYfKfhO7hkqUmezg71d/rZxCCMQn1Lc7/vf2o+tuAa7By5XLZsnxI8hSyFEANQqFDhQ4BkKwub7tdmg1COam+OP/vQywTwCxnBKhyWjq0UIUN7cODu4kCqF8TS6aEX0cL6y+zEafKPxlB4VMa95rcEPjI8YXyogpg2fBwUOKzr59bG2LXwAGrEKBo3GEGgdLEOPBK0rMcL+FjgC6OMjn26RKE7DWR7LAApmZYb2Fm4Yve8THK6ixA3LLARpXmDsJn7xmIiIiDA9qmMOm4MUmTHylgFY3Nl5Ox5LE/WqTRln+O0ShealdcXlGsZzulkCcHmc1fGhCAGZH4hKFCOynojlxBE7+NsoouLwIdPozWiAGzkMkINVynxEZo0KrArQXGz2NI+ZsVwc07oU1Z0PgJjudyAkyaNgtkExtKgitl8hlwecdCB7xNaUsBRQMuO3s5USCRGwBwmfkMpmsfTEIpFl+EStOYZ9lUAUQ4hG0S/d0mbjcsWUsMLoPxCCwAUMpyTfAqcJE5BQ+wzNhEY3mGx6/AJMERR4LF0Ua3d9NhCEBY05Y9pksCyEUWmi8yvoY2iypiDyunrqDGcHncXa+OWmUMecgDfTlxY7lpZu1tgtayVk8M/3aZ0I4qXnLjMcBCsjx3D0tpOmXhEPK/E00vOU0K0J3GHrZiccRTKRScSmQYiHJO5FLCge1qjzCsLBo58VT435YohDiZRcH19zcMdLfQ77RHI9K/8DvXLIZCx0wXQgsJumnceezA5H0Fpl+sjO0CBmQKizJOF7qEeBkGKaMSWECXsiPYIuwqxvRu1R92T5q+PabAJg0KRC9QfwrbNPSxjtHKUNcAhYbNk2AAQgluh3kH+C2xGxCRW+TcKqUjRNUj/ftcchBhjPx/5OMQGo0vjfsITzDCZIjJ/yNyy/+04nNdw5oeYTchIiEWakYhmoi3XABkNTD7SegDlGXgOlDxxuAXN86hZII451vxUPCHMwuNHUQRsGA8R2Z1HMcNY/QeZKPm30osCiXo2/QUnS/YgyQrGcIvDCiiGG4Hr3g9XFtWPidb6uhsB+TIuGmVrmYIF2xRSnQr4FR+LOLVR7e+xdRdOEu32GWzgpDC+zJylSu4ImV2HjLgT1WG85D37ztqBBVdX6u2txeTT7VPNSIrV8+tNMaJbJC23kbgNgm67B+iGAEe80ud7+5bRwZQCD1u4z1MfVeJjhjasG0rmrgzft60acwCcQORQv8S+PjiuhoVt24bnBpMxwD0UulYkef9tlCgJ+l2Ay3zXtb7UOWTDWM4Q6XZB4qXnMslUKxCNrLLOKqeS6vx0kb5bxITSuthA3qrKOQHyIwd28RMWhNKTFFpiyKk6XfKJN/YuxWw3asIOb6ZrtP5mz6tyETOWbGiDAGHtVWmxJBpUZPvEzmQqlVldOKAy4O9a+cQgsZachmeL1GzoZhTSImEFMoQnjmSeNVuwtATZokNAC8ufVek0QKjVStpETPSdBHse2YFlbPW6N8UI0D7bTGZ7unOWxfsAlCybDMsKukiiw6brXHiK3iJmERc41ucaCxADUzNS20KuMH1V0o8uzr2bBGOqmjj4T9WDrMLbXMiVBjCMxwmksSPkJr1B1Q1yBOAeFegb8DHEi2xnbI1dRowMsjiicJjhEJO64IbJmA424VVj97F3RoclTirEnNUreT7nnYADCPdJn+xfOggKImDwtrSGqyjcGD6Kpm8c6UShcRztCo12GDqTTdZjsAwE2Ui9EjrssGR0fTZh6DiYV0Z9jIYwJCaTG0ObJN+nC6IGqAZ4gXsUQ17iiYZXIbD3ts8iGCMeSTNDh/DArgjpAyVssRBMpdTOgKRQ3pcVC56kuOXZ38d65/mKbotNjIYsPugK46LKVYw7nNM023HbhMs6T+ilqr6TFsYN2MQT7dnVAJFcqFwNk6kxwmMxh4HqYNB+EwDwheHrW/waF9hexoS0f70xxPY0smNp2H+XgWca0N6P8ZbXQNPSCrAMF4fyHTvbNZqCpqfZ5JZ2xi1o8djdMNJCvx1HnuVas/yyR91fDufI9L5Vb9ulFirpLoqJ/mUfBGwiJaREc9XBUdRYfXIDHzZVpzJnck7F4nkkyk8rBiqseGN88zypLAWg1RFdrJO+3abCN6/bR79Stcqq7h8D4Gd8Qy9/PpTkRTp0bXOAmhRKXIAG+1nhCm0cDrS4jJYhC9U+8AKItSgoBDqaRqgYaIFLlr6YNbmfdQRmW9tKxzLtZLVUTIOGu1Fm2Jqn2qSZkXbuk3OJXMoEGCzfAhxtUYcCgXFUdYmQfe5nwcZzTFcS+sTHeF6UYUlqkWwX/heJkLqOILoaCHksgj2XexzG7zzc/AhFAcvYhzuFRydO6fXInjiZdQO7SEJOxq/3cJiXFSk5iQqsIoH5LkfUDvE824sGVRRqSSuzwUL/XwZrR1erCm4o5LKE0Bisb/+NOUW0mGD42QFSvOhwbEapP+Rc4t38LhqY4OcKoiUyA2Jomm9DxTDSsUoqbFPOUE63e81aJxtxugwKAO3IpNcHWjkSHow/6oa1piIgkrCiFLld4ztq7XwZ6664ZeXzg1gjbNpeSXCdQO+4X3oZn1dkSw5mt6R/AMpEyCxFSzGJ90SFq9VT8vezoS54pUQtjmt/Pkye77B3go3xbTmEDkt8SdbVcKUSoR8czd8IqCFQWPDlGFLlocwYF3rucQyZH+ViAYU/tCNMpS6PtZ/mb5ZLkiAQbABsoS/FqyRteOwBdsuhj8AfhhB18w7ahPQpv4IolvVWRGPZksIy7LVtkMZJfAw1qIKJzeQS5ylmSJsNW71gC5hLRK4+EXZ/F2rLQQnjIepUhplkk3uPpMWhddCVHegfFCHdwqnPmQJ40+AXnTKl4RB35dJa+dxF9dq6fSxvqgqTvdgnLBGORqpK+RVVrBnIvwEA+7NZmXCybYsh0s74GGIFwTWyKqBdLYrnkUA1rORPcdhRFrrw3R20cbcy1c9hQf/HTE8wcFaquZVODiImrGVMHisuzEXSyswzCC0HhD3Q7tPP2FjAzdCF7xQA19mQAx0acAP91MvFVidHi3AcO1Op5iWpFdpBuuiwA1LJQrkVuxCBkGVnz3CvGS4noQ66lZNiCqLDkv7Wi+SkxqEiHtU4tW7Z8mM3+YiuEMEXdxzOrkScPFMX6jYLQTetSlFz49RSJpsh4wSAAPzEJxaz7UesbP5Ol00GETkwvnoudrHezVsIO1mdeIXaRzIyX7gVHb8LTvkqxRorA6HSNdbNhfDUrvhUPq5SuuQ9PF2sOYahLfiRJ9ry0r4nlvW0Y2hsTZg8FR4rA1GsHers2rif4RvDUM1Uq5KXp8VqgQDMJfURGjsaBzdROf3sZAWugvEX/QjeBXcvgmL0qjbusCFHdHmDlpC4tCN1ROySVHFyyb8I2jnsThcpnMRAKzpl10fb9DUmsQJOUlW0lujljR7cu/9h18WhLxglsZy1itzIZA1yIYcbMUXv5RF5m+4GOMQfK+Jwnc3RAvVVNPiHdQQxI9BHrDE1oPzmSGtjPeQdq0chCwPjtdHdNXBsTOJGqZUl+wp5yVGI6hlQqVA6iRTHBhmbO60hHsTWqTn1OIVlqO2pc2mLMy5dnoCtcC1HkTs+BiKuOJKXV83ZfJwTsLVpVZ7zYLvF+yF/SUncn45i/s9Ex8NaEKzdsxDah5aWZWZeIhzy2+jbmZAi4SH1tFk0WRpSgMyD7gzVAp6V9KvpR9aibKp42kXVnRUu3SeFofOQaiYGc+e/9ONjxuol1K1U5sUMQCU2elEeQ1AJLFKFdazwu6BtnOFkJuqr61L4fp/Z7PIWMiIazWpvJgWOtUQ+mudDAMCJ00+zObmpmyqTvJ4tHhIwTUn4lU5vFtzF+Bqm/l6HNApEk5ze32SsEgBYYyhiYsXHBCIuwS2i5xwDUcSGbWmSJsag4B0iFxVz5J1QgGrqa+PsrzZBsOauAGUVRIGRMikS5Ic0uBC1ue0R/CTL6YAIMGUSWy8GrmaeNPhyT1WwYOp4wA5SMfXM5yYxLSGDvpDM4u7ZUzkI+XJjOgqDSdlBF+ERF0z9EAkNVD7HCWU4DpMAx3iYXtdgm2fZEQTYRBIs6mxg0PYgecmZVStHRQQOBri0CEfPddWAOBw7mQaZUQqUTXeQgA4N+H+KYPXeVGO669KJQS+QpszRsoLYZBdjSGQZQhfBl2mx7Gh3+z+t8JP0qDgKvhlx2RU51EfMEwQBP+ka8yByjMe79+V5yEH80HoW141P1WutFddLTJ3JyILcFxmxyNpdlJiNbifE+jKzp99h1zVLAmYLwf8sjLaFk8RvNFmjtGdUOuFEgqlmI2HKPTA6xGTYdrvKGf66+TsDBJlBgNnkY0k1+nAuGpeozDfreBrmFFGIdf0cH0IIbBPbmU38cXAXR0hT5qr/KhL0DGePsnNQKAlufRQpZpr7tKsEFPffKuYkbNrbasRc26MEmbk7j77r34/SJTMNs/PYUWFIzftfF6e4e4qIBSyxBoRGCmf8LY0MbozfqdmZrUmSlRol160KHHvLQTVhT7cxMkb+0MijkLf9eOJna2cgPsDE528Rh0BLdV6b0uA4U/cCJno4zhhVPfc7loKGHkLGxuLRoz3u1/pXj2u0NGZv/XFhSqTCkjEcIOw8eQGqQCnMCwD0l97oTyh4zkCdd3DJZySM0PZTuxsJ0fCRG1ChNWCNt0OyImt0UFh7lBK4xaaaH/FJna02/8+j1BWh3f7CGyEnCD3zxAnaB0ExyqKGeFGFOBxNQTOF1zi5nL9EU15K7ZUoxilVz8XXOQyKd9VkLALR8HqvIRo8bF2LZl4dKvwNzRS6u7c5qnap4PRAeWnNJwXToSTC/0hkv7dlxMjdndH2CMzSMdCmvRDMyWcJbFDSaLekjV40qNkTozS7I9SlYx+OnT7IWRpwFzIyYuW+Hv4Q1cVl+qqIEzgz8IV1VsyFpNJGzslhubRtjE4OWkaVsgU4oU0sV6G1AXvtHs2gA5ILR+1nTUHSNea/0bslNbHUYWozRNzib4aziJlfYxPOTeRxj9GhJlEunPIYSY4iOhaG9XA89un5skQ/erEKVSnu2l9Ct4bmlj2dgQi9wpSHGp4bOtRsCgKdg2zRjFlqIIGCFhu3Y0yfn7JrFNaotRQUAWCaAjeaIqIX3BAlY2KFpHlad/F0Oa/ZXborhlvcFCWJ6YxaIlPaGzCwPRP8VDZzylbi3GaFixFigD3fxhA04ScIaetOnBsng0cvBMlaHP6to3N7t54gzWyvfFQJv4YCPkmAShNlKsljBV4E5KdtEGkEghlsSVLLW00s5WNCbW3TmRFfkM2e0lZMudeILR3/hORo0UAHgSIFhIobbtrtBl3UnwFbYQUV++z6TR2ELamcyqDRlsrmrbbWxHjlOeJCACAW5Dfkm4mSxrr+ZogKQbYuQAWIHZYrMZK9KUMLjRJYgOOhbKQNXIs2kN8fZAxSBypyO004TdgPnm0/Wzw6T4lU3Hlsv7Zss2ieL9KJq1VpULdy51rgD9ywJGcDa3goLd1oTblUEUy3bpFahGVs78ASWhz8GGjZLgRRuGhYL7I5INQ2I3uT8ZQ5qmTVL1ME0N7csUW3EQJR6AJd7K3V4pmqtucAOHjyO9ff94yqR3Zsn+A+OCzp1Sd6iH8EvfBTLJLDltxFKwxuQWxMy9TQA/WMZb1+Z5mmCj2X+EZefhoDF8o0uZuRUQWigxY+Wd/L6BZaTJyHsk3AONwsPU5KCfrLyTpSaFvJ2KavE1yNe+XVbv5DqRkCDGQ1zULh2ko4cVUAY4PysFEt+pC7lPYMqARuxc/JsPdugkS7lxFTHvr0MoQ9lDpmgDqsJdMxTT/Lh0bfrWRxW36rcFujdYZXHWRAw0vVklkocZe7xe6k5WOHNoKFV1vPfcYYCdlOQBj8MPkXxuw6qpA4yFNQpxqLBLceWp2hwBeblVxOwcYyvF6uYJlvjY4ayFk9HPXPk9o2CyB3JniGtbZU48l3Z4QxRhUEQ0DmAqMdaIxvOeNSxvTO43qwOTYqgwPTYS+sYow2PowAu+i1nLWB6ml1gwsAWjYTeTEwIGURcRiDRo31zhYGOUFyIVsVBIPwiA6GmIlvekfCgX+JLUPiBEcNT9ruisOpXXCvAm3UJLrtEsX4VhgMJ0U/+2p+NPPN4VVwpzVyCwq2y6lEm0tU3yMAgGmacFq1LBSnqZI1zVnjdC5b97GVC6pkjU9tut04CHYixrtjTnFEKxL1MVZPxscImVg2EVg2WOSMUYDtt2QWrSV2m2PQJaAILdKckys5szSkAUc4DQNrG3DYNmNxSVc8V/as5O4PHpLJyRZoX2N7GuHUmt3eB4nZDaXVAHmXmuzisbSLkZYTtJ0T4SNyZ52a4g/LOkOQFM+uzBqIZzvd8TBlLwzvQftFTl/i1I7j5BP2k6XTkbA3wN1Dc4ln7N73nY99p7xEycecp/YmNlQYDFFQEbLxWHfo/5K3i2sZh+eaLYb5gKUfpQdXOCKMg+sQeHMNoGMhcZqlOZROXfU3uhfXvy7m5eDENmP8yIwVQnNJBlv4SmXwaYtcWq3qnOh4itWWhUSTmZCJV8iiXbJXuLFkwHhJzSfPrmCzIyRS0hK5xoIMOF900eGsbha876LFUQb2LqT/MoO0LCdVOtNWJUTdiSw16Od/hB36NxQCOx69A5lbAmGhPJb57CYXMfTJfYWgomwph7Aulg/d7JA7r8yTzm2XRjcoi7DNRS18gSyFVpuu6I5phKAl2tdVCpX0fKQFKzNKQDtUlwWqnW0/g31VT4TICqxhUSiZQwpMO0CnjYKEnyxRAf/QoNintjDIwN1iA2p/Py4YDqlZ1pZCJuNUTyj4aSgEm190oXLBWKu0kbyzDSE9wudS/oZzV90WwqERBSSzY9lWbvpsTW39c8IJcfAUizgAYvNrKKoMmoirWGnlXYAf6KnHBuZ2bT9Lc+qTJVMa95iKOFmNKzEVqEYAy5IimfVheQzNOfQ+CKkAE8+5TXRFrRrt9h1+PCkRvTaeGkYg9hB9LOiV+6GE1wct/vQccpGCu0HAT7A7A4JWioJNMGLmKLYqbfsWqJch2cAlWUsoSyIt+rc46ckeWzH7O1d8nhAsMYnPVJzVpyuufric1VM3oYrw4gqbiXmMatuoVUkLsakfV87zepqhsVMRVynCT/t0tBmwEFRj8/tWOmvGqwlxBIruG32PqjWIIqzZyrJXCj/4xkvhpac3x5C2WmdPlgPLso0yxDAzDk1EVlSyN/d4kvlIZJmeCI37HyL5aP4KHHkvhstWPOWqOIUM8MPMlRnJIZyDbfMwFT83FgT0DCczF6xnCZisu4r58ZvZX5iPDMhQnsjJfXMdtGtIIcrNlMTpyQ47xIKyecMq4xh/at+BaEtrNO8ktr6VXiLBl0EA1oDSvLYONgVyMI2aQsUNjxXlud9R0cFiz2dQ0bIvssPAoNU2gnS5aLvCfwgkZDI5iuoAW0k1UtEcAEu0gLJUB/57ehSKmC3hRmJF5kCwdFGMZRaCKAqrhZCEWEA7S2Z4nM2yvQVq1ZJZDJJAkRv4ePFRhTGsDhX49kJcK9sAMwKQpC6QGJipPlUlL6FppcstZgA/3eckAF1HFbnxGo5mjHUE3OgdWBXSEyo2KcVvu5HpZnUkH8bZ24usFrIF1JDWonmzRScDsHj33XIKzQSmZEM3nRKPkptmhmTsN/nJrJJD9aU972wpKNZzxWF2Ed3YmMBh5dhnGvv4Aye01/oIc/CM1iPF13jQri1/9jUkC41aA7uYT+F97NpfTG8iynbmtmhehWKFvU+ZENctD+lPxjnsI8jRpx7RZIt8AMjrIQK3vaNxdoOJRHm3NkBsEw8pAUUl4zyh6AJZSiMJnmRRt+W5Z2wh8aocLqdncqP1UXRBJ128Xs2T0CvhHHZHi7sbcdg6WSLC9ESS/GxsDcEJ8dvvYjZSMqSYxoRJa4P9nTEWZmkJ40Rw36IBB28BhxpzFc8GtllQw/WhK+nyakqfyYJV/dH8yrlxKUtVqTReF4rUwiwGVxm7fOwZCYRGJcwmnSW4wFUbtnUrbwTPhrhF7FGZ+igG4MV+zIFofMsQt6K2KAEIOIxtOg48u0WGkqKdMBi3YO+fjvj+oYXnEmIwPTqGX7rHvYzrYOwd9xfCk1195dD02RQHw5bQPaSeuuHYY1yLNrGxswMtZYmkO2GsECz5G25QS2FErtLVRaJwELvsOEyApD9Kx9cjUXc32kpGlKRxHKhBcD5ANNYMpjzyOCwddS02HZQk1tk1S1+ICUbgIr/s1y+q+z4Z9D13T5/uvz3NkVEAAH5rKXG1WvVuCQEX25ghvPgQhDk1bO8WkYQ77f82BrDPSDB8/3zESI/KsO9KjV8C83ABIQ5Msd2aa8lcsN0UnF8N1p0LrCjrZrzw249ioJEYDYmvEIGfAJ0k2Rjig9FQpwuCE+YfGrbYcJP/NkODDQEb6+XAKBFdXilnB4w9Hx3iKuJGcLSoxjzEgL9ixy3/eiD7udLAA2R8vPyk6N+DyEwze85NR1emcfwIvaCHkm6MiPewsjG4O+DGFTOf9o7R7WBd9PlkGK8vjEucfo6RD94Wg8qRPpdbEDBm9R5qECs7VgyjS/GpwgLMfM2CCtH6gkPvUVzMCl3As8cWFZf7RKsEVSOAzO19hCdEp7u7mBDX47tXtCyDnir5LC1N8EjE8zI0S75eoxDSdW1vc2w/X0W8mo+QBI6OXCjk0XdE6vzXPt0eCxRegIdsJxoFFAK57onm+ysk34vr37JLlnzAaxGIsBiVNgz0F+sMa3IG4MLd0kcyOZ2Q7N1JtCVRRGbQ4q0YCT4wl/KOiBbfElD8JNnAmJoYoCMZK2HMXl1R5Ki6cVxdstLkAuRcbLNg5Twi5vNVMkZToOXVKu3gBwowkwVhkK5fKbEIPgVFKSim4giiSbEqfSMvz0H7kG+JQJMDU5QDnfAP3n9g5bD5y7iIyvhLKGCnb+TYiDgWpn63Z09dwvrrm9BGFeRXxTFxZnSga5NXfQFgmgyrxNHoNruOgfybRtC3rpsdtcaZSn6NQd76LHG1GKzogmWvYNFhR+tLwKoM+l3UoGgyuOVGWS22wqbrjaTWJhS2R7qJNg3pAykH9wxVC+DBISuz2tsJ2HyJW/ViKfUvp8B2VxXPphurHLQmJNrD8qcYwwkRAHEahzWWIu7FoFAbzDOfR5eCwGG2m1kDUGnsERZwfCMGxFIPpi+wkbeUOww8o4sG5HZI2okgfacOireMVlom9JQSBd575v23vGbYjVX2DrZxIIt56QyiLb8beaYwtFCNgHbei9GpXgyBzKWkSlFqvScU6zyKXU6VMWZFsCgFTJwxmueU5MRQRK8Y+6Y+0Ru9AMr6kVapJAVGrCXmpaAVFe0HcGBp76Lav2RgK1bY6yE6cspVhpRMrwtxjWZlDSHjlASs+gXGzHl2UinOetD+mKeHqkONbQt82E04T0Fit63K2PBSaTJVgBDPlAF/4ITrgsVmOkWhhcohIhybBUNxvbnUQlEzSARmhRz5O+EFTjkeY8k3kYtxuiGcqLRvgJ3fTmiBCITx7nSLwIKVrtP1ZofkE8pkpcw3LJ2LuatSBwDy9Wln9lx01ofga2790794o8DZqniFj7uVsziJdPc8XLy591GAz66Mr0v78VIV1UpPEZypqsaAcvkg87fG0x/iJHLSVVpQ/VtC2y/CsKj24arq5ghW9gS7+5jGu5EMWbeFXHUlcDxplmWB7XQKsd1xCKY+oQrCVEnx6GchNNivYG49uFL75foYJZ+mBZoPLBb92zCmgafBhJjLepQM1pCqEkqBooXYQ/GhfQ8eyCoyhDkdQBBzjLh7XRP7qr6gzFL8hyWaYsQs4nJWOeYBFGdz0suX0nHa63YgLJJMAkCEaaqZjia6MV2MnT+NSVSwPDRDtG9qSd7iNDD157Ic6sjDsewmTxuDhv6nwnEpttxPNBfzLg8BKaAXzaD8mxMEFW01X9XQQY+XsF0gb8mKJthu1/rexw7PaFWj5RgeYRqIa1sOwkqztDFENXG1+2y9e3hicpgxh82UXYlkSna0T+M+TjL8O5zg4t0dAuSbWYtuUsY2iIaUS86lplTdqmnonw3JfRLnlxW4ZHKqmQ5v9fsVkIFuLkZNlW5iF7Y9gpaFY5/GVYxbz9diP7hify7pzILmhqFzeOXEygQ2xtQMWbeUPraesYGuf3KizJUpBOxV3jTHAMCfnC5ki+Je0DgvoPWOMi0p3WGMAkO9hBGLCxRShkllAEGR+DPcvWKa4aKzqmJnzcNNFL9Syi0XpNypgZSImtRyHV6QFD6IkJEHZSMqLUpwdwfHjK6E+oKTrThqS5/ionS0143DAzMFYaw4m5Yo4qia9FaZnjWjYgalZstaRC5i3G+Fx2ssM/lbOJ3tWc2IlqODLLGW4a7A3MuNhWoQybNMppJpeNJBNj/F4iG+q1WeioeIuNGywS3utseh22hB1ccdbfFFtSn1TX4wLlZwflWNamBir2vKZc9Dr4bEwJ2dYTUs66m2qKRwKtm2amLsArdpGaY30DnZAxOJ1saw9Q7bK4iZWFZJycSF6NqEErC0QWpLvl1wnVE1A1ncw5BtKHdZiqOWWGSs2M/4sfT7BDx0siR2RJZ9928+fPTcsSRXAuBSaX+LQ0SY/PtXgp3kBiorgllSJVnLAXUC5EYx/APDDe3qzTKBuEPzGJ7DRQiv4jBb31Cw8p0j/nALI2zwUESLi+URZdsRSMnNpYYyHQZXTGRGpaB8Uf2O2ldoMmGauZkzE2dwtMPwzqOm+OrNlDPWCjmwY+TdUEvRf7BL3tZ5EjQtIbtMxzFegInmLpilMEOTwdw8KpwkzaWg1twR8beNjHEWuCGeUffqLNte4ucVKTqrorxuFdOGB3ZQMu9wCky2oNpfb4tsyxiHsCGRm91W2DY++lIueRmwg2UBU24n/tSEeMkpYTpCjIKD/uNj3dSxSNJk5ZZ/5ykPHUPYGe6G/AJy/CENzIzYUFl4W8b9C2y0iAUBXmBLcYzfomT1lC0SZy32b0KvlsZ03tpqcmd4ZwXYblwDzj+7SUFOAwzuXT7IP+QNaS5L1Kt7kI3OsH15HVFskOs4niE1wXbKWyfuqKEHRrlDLw3IW4s1fNR8DwEgG9ydNlEcQE1y2TJctyEMmcXJEBVBzah9akJRGwf4lZBhLDAytA/gYndzrUAMAOQlKM6bCNKy+XPMYbG2Ol/LHNl5hAhSXGyzmzYk0kgRuPjglEXfDWMU0iE/xtQLvqI25qgmBqIgUAlwmbWaIeI7tI2Dl/BEHGdGcSBwCMCvHmHvq7MtDBMPPFjXVmfsYiwWxbCNUCka8DlXcHxQAoT8ztQQ5lCEsOdiiJ1WNBfIwRY2mGBaWyVLBxKCA5HsVTSPE1dUx9SL/+WgyGXUzmHryHkTlgWp8qMxALC3kvK25Amy23XhEDRkOjozglcZ+jgejH9a6kzKYvuwhYnwTU3EQQPDeTc0orVltgkaBqlT4FsjDqP5fjWkWXZ89zqGfjciePYZQhwz2Hubj6kaOlzKlDFhuxjkSu6O01Y7EkbBN2/JxtEz8/ZH5dONyXAA3OuaAMh6Bj9KkLcsfiNPna9bX6hXKptqZMaqpDOP/a7xO/vleO2PyUL1fEnZyYlZ+Ti9wZn0uYAFmAVqVSplu4xUJoSULvvaJ0zKVBhoJSYZyd48kLwrJOZgKcYPxVi+jdooLxIhwNsZ7y1YoYBDIdJEADBNk7tlrVaV9C5HnjrRduLEELdfC+hmsFCEZ3bUgGQ00WAm0TcurQ1Vd6M/4qs6luzojh59KG+wc+4QnQUmrWr1fIRsNIag+2/TrEEtvaNx92q6Ywv7wmGrFD5SFAz0xE+YKyRkq13KFuoJotlJqBYcbRuDWYLEeeCIaFrWRY9q3d0H9zFbwNHHMgsI+48eJNTxfDCK73EqjR6DrbzsYs/k7at4y+rxzorAjqPyKGBMQ2N/jIb8mE1r4jQF3IqwojrbW1VxoEdLXRYNdaPBptQjJNuQUKsUt5WwNg2TWkk4Y6kgZ+U1Xa2QSU5RzvfTnR41K267JmGfaSpjKr98A+pfovg5sffDSS7gHsgQU7YXTnvrOy5IjfOFKjW6Tssu2GOP6KkLcuQmQbIR1bKI38gRRrtqsiaNDCRCOsXBXbhywQigyJtzaovmPcGuaClzzuowWgD2xOS8qXGwuPVpIVpMs2tlT4zjI9sHB/KGpaidxhGRR2Nny+oyDRvtgUm5ZF1aoSWPD7v8mpd5DLdSTrtbuhFUZU93RNLKNAKWJ73KSdzFK/by3hfk81NkLz7Kj6PYRUusKM11oMUjy0DBE1ACyf9M8feuI0fsXXJiPGbGL0RdkMzR1P5HTsyKpZorPVzoWNz2DOThHw4aKVrUkmgxtPKq2fzKcI+P3dFOSIuin4jN1x0mbw+T5uD5UFb7bKOygUesIFWKE0tZhBdESq/b1kF31Q6b5OoCBQBMk8coFAzYdHZPSlK9i4/qouvrFkO4WA0aQ+kYjWvBdoyMYzZnpW+Io0uVTgBW1dNR5ZV8aB5lPe2wRXNL4OTCiaiNhaBoWIakKpSk1oU/M2pGAPoKGYs9sTv0aOvn0ZpOZHOsXUFGsZQ6MaZi+dTwoTdHKRpBL9DoAhRnD/m58MLmhn2SVOx1JDObyA6gLg3uUSdKbpIvEswwA7SvGaUYkWFzPcyZBhGDiUNiZikGgeQeFlWZZV16A7uLzJWNzIvFHQUMFRD795hY/ccvoAcv4VGVJAvWdAcBeAMa+ma+AMnWuTOCr/p6BfbJ9HF465Tdk8PeGgbuOahxWrvoP7AU6e1ILwzrBLXpcQXHKiDnFmQ0nInkf4yVrZewek+ToLMpAPfGbLVdlYML1Xcyuo82dmdM+y1jfqR7zcBQzjNRS159SsIm2sAIa3e0HjDTpYMy0L4oUJS9SZSMiZYPZLMhUD6IaJKQbakm4RvRMjd0vm287r8SDc7aqFy5BxQl2DEbpRUfDhXkZ3TBdroN94qYz3l2szmYRbVYgqgIlyRzOeaPbYxHs2LpGpmoV8ho06HCsyvczx4qPk9hyF3C3wTPLW7yI/uXjfnqVMmX0miXac+ou29YvK0n/CzChvGcLcyoEmtMHXh5y3GmxYfYx0mjNqKzURlnvlQ3ILOyl9yEVQS1bN6dYSJHxlBu25W6PF+CUuW7S3wsDTTAB8SoGTsWJzqNlSNbaVDpiUoapvY+9YgfTXTWyQScLoYR+IMJFZWPyxnlo1uGuuXgJziUHjT59kS8y0/dpqx/apS1FK64scGF74VKO9naDW3xdqIkGNl2ZeCSe68Ec8d7eHmsHTKuNwe3xzn5wz8aI9p5tNYLo58KpV1cGhUdlvqdEgHYLUGxvXSp0aDydA/YaRQPlsLJGLjxmBwBy18/0r7H7upUwqq0niXY3bqCxrJSRTmebhZhj1nyD2zT/oKCO+ZdRMidhFfp7JN8LoxgQ7Rs/X1wJX/b9TwWCsfCWrp0G+BBC79sbuze0FNTNPyKWohLcoMIKWtB6sQXUXOSDq3fbw6PG7uYwQEJmYleHzodxJ5daURY0uIN0WndgBVR8iHmwmFd8rBFgOIfCXN9B+Nx3jUYKqCps+AxdAOmy1UQt0Q/hX/buTchBHk7vsmOHMNti9zFIjJwMRWhNWfykA4xrSsZg+OhRlnd1wotjd9BL/eKRt16gaWxlrUBy2A3ZvdysujCdnJjT07tZOlCgL50nDI+HBLLGcvQZPrj9PFF63bKrG+UOqZLZVGgny6jZD3lAjNDia0qdeWhI4y9zfho6nMAWQBMUwkVaRrFeYA7URuM2oFegelIIwwCsTTomlwNj2MsAvXoZbnL1MzidS4eOO6Eb7Ybu5qrjwHVfr16khj5zTEWyRguD0SSJ5/Ax465HoxevqWYGgsngQ/WsdnnKCrZksVc6Q/g0nvNsSvHY4erM4q0whzi74AwVsqPvEV+QclDRaSu8YewZQTW4JyV1tFikdfKckbMxJnUd9vZIHLpwHqB2sU6ZrohzVTA2lQBuznghVo0hU9uwE3yem85FzUmwf769jmCcUhmMQO38ihYyqNZFo2+NZeYUKPUipgVuTqTaeKAS269PbFoZ6ey405zDYHgRKS/5ke3PPBbynLyWSBS8VOQhMRh4WpdnR2LltX3oNFiduKrISoDlS+CTBGpxwprtgEZMn/RX4xM8Eedgnq+qrjZAJfa2o65TTPRPM8z0awIGVCeXaxTvNDd/aCX72UN6qsiyZeJYZHVAEhwyikIpnKk47GxBwjWc7kpocxbxWqP4EPseSssME31q1B6+dwUCCyQjIApK0dybF8D2zy3aUMrs53La03xpDFrXy83d+ies9k5Wn0JdQdxe2AFg+96YgIPChcctt2WzjrzU5sFCTGAwFjVNjx44MThXK61GfiWGvfDzz5KdlqujoLyyJEASkJntSPWhz27uZFChR4cLOaBIcQqkEzn2YdaLSzTCWunjR0eu7scFUNUPTR+0M6j1SIrSwWNXipI4Fgx4J+uO8Y9EcDTF2NC8R1iRsJFyQK8SCPjAz5mIB60dG0LEZoN0XLH+khwci4jtlHUTac7yKSNeH3YKSRbVDFcH8RUJYkay0HPaCS4cQPVxifNoF30VghLzFtHGxsQBd6BEwlgLEl3aIzGcW6ef3diyvbLk22aiRwzuOHD0BGuaBQAijT4VnWoZ5RcLa9GWEOqRB9g4BICbSAoLYa5mbhG+Ez8zMDoDWBYJ7Ql6GBWlxvvnrz8Vsl+OamxGKCgDAwkxdW9MdgfqkqoN70XDDjXPBHruTTPyetE4NnrONXwLwXsIEwYuVT1yBezfYcke1ByvvKpnsmEiJIvdROWXD6LPZlr3rHtOkwOxglsn9Wge8XRd5cmjomTi6RaW2wTEHR3RyGjw3YXUbZ9jPY4qjOrrzFPtt2RFaocOEZLrWPlXQbIo/1XNoeXWTSU84F9X2VGxozh5D4tSMaJiEe7SQAA8wzzTPN2nrczV1JVxWxG5oNgQbazopFoLXDOHg2JKF2gYov9mZlQBKP7OcHhEdQcAcyC8GAOdstt6uFS0D5yBd+5zo5gIpCRLA1OPsxM5rFcXOV6xQsZBRMM2PCuyvML5ap0IQ8YgpMiqWNs0nMUOvrCIdCKTCxg4tHKeMaWA6czTVNxXQLaoerqfGkvedmeqQuMumtdIVEqTMipYOi9T/L5MA9neXw2q+H0Qs8qFbFNpMaRQg6Df3CFY8KM2yX9O4LWEngAoLQaZLoFgtwoGYHRRY8PGcgIQFjmKy6ILZljM3DI8iDJISIAzD7xs8leZr60dI6+91vkqoJ3T7sIgWEsDUpNfrls1dXvW1PZg6Yq9XUqRrZvQNjSsxCkiclAdt9gXtHYBqEF5RRpGwhR6jiCtJxlScoUwatZOYWNEFGzI4whE9txaUYiOmn+W1DuaeoAiVvhOI7SxpyCZtzsIYjF6+zyM1G2TTgpUYkNSheVdI+gtjJWzaynjwAzIks4Gn3zycC4d2mjKFiETlqqZslJ4H9OPjNWccr6S0/IQpDuC1Kdk73sgCFAMJKvAdZoiEo+LIsC2qWVSKIeEZDMRKsh1p4YLSOyhrVGGaB6W0zK7kA82XheluO73UxTGOyc2GnsfAmHTekFpI2YqsYFFsGlOSMakN8AAQAASURBVHEazFcWKgPT8AeHM66g0pWBpUI076UrwRL5RVcjIF1eEIAz2HmmeabtPG+J5pmI5gGZtNsQQ3RMuVIQ4Vb4L/umgl5zss802S4hKrLzNyJ2ZIfL8Ei8rcgYAg8kHkcSSNCgzcLPnojBmHaq64UZJy4kOVBMY+0UI4xIrcAAPwWnCC3GKUSO4HN5Ig6Uks/mkErL3wHGOGaE5hKHcusQyoS4rpgLmYg+/fxjUP9AH3Uu7PaXsSKGTJe/jDAQ41GDfMQu/mT/2Cx6n/HotZEZTHoJX65kc+Qupj6Fi8yjh5KEjXaMqDj8YgS1xHEhvhg6cyZbEg8N/Uw1osQVZi1wOYWij5HqkfsbBeT7qFtos5wTCSanPsQq22iHA63xxIToqHq1B1jRkksLOfCadYBzeNiTVQxaxK4s4Xj1s9GPuihfeAALzQPpHo4N0M6AILRUNMxgkuUHoXc8aOdh0Vwh6lj6/piwkGXKQk6mLdoN7DwLpb0rcnzFx9zaSOlioEKtzcj4ZmvooCG/CoIxscxFM0FdUb05sOY1jB7xqcpOI38gQRIO3qndN4FU9QUxK5bh6PCNCGcZazBDuBYkMCSfQ0oCRJF9G0Aa/pTILFw3BEZVEqsGZjmiAZnnWe2yNfu6L8MGIgXV4SeYn0VcbpqSb9wZY8ZDBLvTi6FFjKyVaHYG83uhgD3lYEEmIIwG0yCiQQ59AIgE/QsmOr1WdPy4ZMqcFhOi/voQNQvmImSeh9CBz0P8AoMjoxGeerW4WRKcAU+YGPT9jgytufb5s69rsuui7ScbqIBz+9tlmGie5+28nYlonkliITd3nhbZ/R5ICxYhjGeld9ncjaw0lct9Ml+VcpXQ3F1GiUT+w1gmsUFWEEr0RsXJOBin3+QazUvOBNER2s7dyKDgpa67XfVR1oYPfZ+zefbFiuMDURQKmXvZyWbz634GgTHQLD4GfwDzWmNtk6t2qW7l0PPbB4yndCNGJyjuwEcmZcxAhoqhbNtHZhCVcj5xyl6EQDUH1EJ6XXBmKu3zkiEae7EqzoYuMVDMbqsKqGyfEPHm4bKVEPQKK+3J1JYJuCPTX4TqCA46Ikb+vVnG3LUTZJUnKnJJ9VPV6Bwq184reLH4yG/CP1ut3sAzEwMylToHNQHvRtG3F4Y7nHdRHS71vyJFBno2vKCsA2Fdc2y7jZs7YlRoSaBqPTOTwPPiDF4279y4YHhrPBljcGXJdD04VjJBaYcY+bsL4JdtR41R+ikyvtyxHH4wRBUH9EDI31qMGCBwbI/ocJT2RAz3Jtb5yJ39g7UKJ7sipAAHR3dPeZxuXlWFFpoUd2UUa9+Jr9g2YgLdNDfXvxNZjPsfTqsChZkZsGiHkIxs/NLIrV+vNMowAENV0tGo2iG8/+Cum/OyeoKIYsdPI3ULDE/2r3UooRRXyLxW0MJ0FrJCaB/w+Sjt8/4HVVu3UgxdYrI0bHjC2a2L+i15pgsH50BtqXOm7TzP2+08z1uaZxsgEYewuB/96i98NBYnBXGnmd3HuEUgO2PHZHBkrOFgNg0IYEuWLFuYkmrv1AoTdHpXtY+sLkTb0KPlHaP4NBggOdkR/Cv2XFXGATCYoHbDp5m0o/3icYVGIEopezSOS/pl8m0rc8DxdGR7edDy3HmYHt8r6TVqZ/GJx+JAmKQr9MocypjvlVLufdEZjRJoOLw6FMbBCrQxu5Gu0MCEtUUzd6lgSJ48aWQLYaE0UNK7ICpe82ItRsZdsr0DsMV5ldUvdN8ncRhCiJmoPd8Jbb/hqsioob7mYM+shAAAIOlLzQssTbJsYJtyWrPWdakGlLBYl2299tBtF/rnilRVWQkZgi0hNCj2J46F1aCqf2XHCL/FVO+DpW45sQTDQ+jPrY0ShlAMw7LOPT6sZspkBL2VKpdiiNjGFgYoHME/raoVlGLkUkynzS1Lmow7Cn+R3/PRbmsAVIliLiLm65ZAbVnhPLzrhmx/2O8246nS0UWRDOcb3lZrMsLgp2xkR50+kuIQu2c8BQAA2LdKkLttiGxAowj1OJ6IDKqQGAjg1n5BonxDqUEoFtUiKD+DghKKyzcQbbE5SV093eD7tgbUOYNWCDq2YSKA+WiARLvkCRNb0crPxEXQYMoCYsS3IFkVqzujLMi18TBKs2n7ChrOsBg8GaxhAukkLTyzh4RAMJsPSxNR23u7ned5nldAbVcKEeDUuY0Idsmovx+rW/pu5CzpoG/SZfzZTHUbOHBPSa26HCxLbBS/cbTkjJ4MYbQCwWuHcFV0NDw5lsSGoZrn3r3TqVDTXto9ScjIfMXo1g7RVSs6+gxqYawcxPd5jNHX0oqTHc7OrwszfMcSTl3W4CVbDifS5mRBL36LSQOSDtOv6luKFP92YmCoCJX7jBIT4uvomKAmIM5fGPx5dFQ35J8X7c9ve19Qmyk/cHaXQqaQ5vAf+1Ynb6zvpbwFDDNiWSDJRE3Rq1VoKC2jLWDB4Bhj5QBKFCcGxLNIRYJ8rZEoSLUEbE5CQ9Tkt1voLW85LVFeHRgvzxxr/UR5rTAHw0sQpQKsAazy4dIhjqxx7h56LIiNemdv7paSQLHbMsVmpN59nHyBl5bggkleI2TDCRNXA1h9ZjMFGh+mg6D5a9H09P4hbiWxJd/MCYAgYXoWohnhY73gkJ1fOPLdAHlnxpVHVM6GKbdP0ovftc28TjGGLgW1mDng3p4KJzE0AF7jHkQ2gd4l1oUcINz1zUaHEzR/paOdHv4RrKzw+GCIJyAb3KSxIcaiZFxCeGQo3GuNC8FPcdECRQhjpNKwEKrNLWvSWmSrSzoYRSVmSpaEnfhbHgLUWlbyoYrubWhuyOtZlZoqlJh9B0r2qrWzanZ34+kmnfiNFwuSb+1PcJOQJrHE03M1vxtqhKYMQC1gEeMMXuOyLmdNaT+iafVhYrgLViaN867dQgrodVCPADLaRuMGUBfFTzS+HloZJP92SSskql2Yhdr2+tvm6qiVOmgmmgiRm02dYWlCh84QcnyA/e2mzUkHaocymV69FkS0dGqjZLUWlWamYGD3DNUh8Cpj2WBUMTWwHRc0scTf5sA6okBbtLFdu2zH8aAu6fJhploh83OI8B5EOX2IqWah0TJNiGgtsX8Qo2as9YkoHytuVAogb97L1MjpQLpIvrpd9myJriVzIWmPYuwiTb3YqkA0A0C13cKgZ2EuTJiLGax2LM5yObJkgAso7XMokP2iFKsgJWJ1ncX7XAjaJKm11hadxIRRA0LWWocQyHkoM65CNudiYK0u05j/kWofUReo2vahbwJeMNm4WrQIVM53ecRRg2IH1H7HKF4atZa5qrXKmuUq86/CXUJ+D3nIYE2Uzl1VOMC9siwX+IPlclz06SiF/Jt8Rz5z3XMBYHw3H0JbULnsD8q+Mboy98DKVmrgyfZggXm0jLsfGsPosIP8fRSyeVyPWxGe2p8iNXU+YIMVjJsZAhz0cKhquXA9xZ9LdBWHtx0o073AUjMADDicHKTrAoP4fug3WYmtxFJgRRLmHTD5duORUXPBNEcetLC4ZPEMQPYv9yw4aVqcFGkH1aQvuP99Rg93MzF4GhpH4PtfHMp0rcvZGI6hc5NBhDrwtSF1QcmpaockroMpyLHGAOEgfgZP5AEbPO+oTBS+/yx0Ino/4T4L0NyETV90FOei56QudBaciTkFwlVhLovxXvJccyPOcnZkS6B8x2CcfU4jvrjfXcDPzfvDiI1CogvJURIoK9zbLJbAxjajxi5SDM0QUYJdP935QD7yjZi1AmQo1tSgb2xyp1Mz2VZtXPcUnCwcSrUIcKiSMKrcOsKmNCH752C9F0YPyvtkdGgb8uVazIh3he8YtMQ0lWBnh8tMOxVzpxSV8IEfwx5NnQu0PJwwYhEbG9LQ1lxs8NxAjemKyLN9GBv50H8MlqF1EMASWOFfAnZBVLi1qA2FIA0GRS8MMlw4aCxgFsMy5LA4LQTkESAlpTNXiunANDx7zZi/EIW2QUjMSRGh+SYBaYD2/U+5EMQIcbjzqWm75OtN0sPg0lJQiSpSnMbuALUhi/4sJaLAESr5LpkSJ2EaA4X315s25LjSio4TTGDmoDWwcAn43UKtfBJGNJRAkOxdiahwOHAj8EEjJGmTk+p2xRrccYBuE3VVJ3Sr7/16Ne0m4OChZRLlMfoUk4GXB9eGeLuPBP5VIp3FAFFXYjtRiEI78UPeSjUPSuyxUDDxEg4mb3dUexQCkwXJoUP1U5znnXxjS6kvFrhgtGgwKOyRqYgPvanvoNBCNONNRP4pYkZVydnOkQzkHS1ZwYDArsGgpc0Z6Ve8zb8B5M2gPY7qZqHInK0MGkwWtC90NlggdynrqUVjb/TQMLwcjiTWTfE8kXklj39zBoz41mGSXeRwGQuPYI288bhAbcVTIuf2Cn6aJFckohloMqu2fUEVTL2WoC+5gF8AE0Dsv4ZSWdKIyFku5yX0825gsC3ozfJmmhYRsxVpIgrBqKCYglQG3prZvQzsH3dtZRSLV9qcfO4mPUmQS0Hth1KU+C5YqIx2iUk0OAa0XvE+PdoH47Dk9X5k5LYcCMp5ib8xCUUyaCUVoiMS/zkQnUf1SiYWcOSxaTtcDrXldgz3TSNBQf5BI07FMxpD72anUe/6Dsi7FIqobGSWuyW31ozDbirncRDP5JCjwrCjNAhm6+mmVIIpCLHwfWdQlXAAR1HfwijRfvqxhNHAatH6CHpR3UwKoDoV5Mq2syJq97haukB7iC9rKOV4D6zvTHyw0ZrD1jBhZMrCbEXSwkCeGzVXuZn1KEp4hNiHoODTK4GMPr3MaPgeI+AevHIYV94A2bK5+FaCm+IT45ZieS2WPmnUhp98OxGmHarycA8xDVfUe6cmXxnQeKU0xwCsk+0sGN/dB6tjVc4xyrwPxMCBMowwDqlCo+qQoWHZYDAumRO3tDt4kqQgdj9L2m7Hk8W4GRIfbL6qcHJst8exrzgyRER+/jMjxMiYONvUUsbBn4wwEiGT10V8QoNucAdE7MwogLvnFguQR2CXkWk93flAePMxjJss7GUQqQ1RckC75NihVOngTiSlxY4Gi+0XdKe4od7WFuT24VYRDdvRR2QG5ZjneZ7n7Xa73Wy327m9GHxaTdM0ASLiNOEKAGmmubVtUTbR3GJcgr7IIrhbsorBdVm1XSga7XpUe5SNL0zbyMDu7Fh2X761IxetEFgcm/sap2mv7HCde2sxwGA6eqqEtk1wBHHS99YgDdZ39Spi4v3HKtmNCezDOArrWkImAtjxRcECuEmaIrxqDA6t9pIyqY+USkfVxdHQZfKpo6TjVGo1AhJa9O4DmOG6A7hzUvYIkAL5mNUzOLahmU6hae8Ogbigg1aVSg7meK+LLvLLqyuj2sUgBDaDQgOa0a2pp518S4FxTUXoGjDYY2pwbIGHmedo9Bh8VgB3ZUaIu8caIbxuKTEFybDFNvXNnle7QrcyMqakY2iMSJC8UJ/I9W9bbc2DlgeXDDHMYrdfnH5oNTQpg3HD6kHbs3yoT6R0a+ZSZV8dcTADlr6GV1a2QpC600SiX8zU6qCBvAwzs1jLV4n/MaPzWOXKU7St3BRMhR79glsQqljY44viV8TuUCVLMmhhnqoirWOdp2tEOIA+81lzmF+eZME6GWDkKS1H1CGOL9c5hrdXPfDSQ8QHAdKH5pJZbrgMl0xtXdODcRHGgvJa/4F+7oouzCmFGkpxFR9IW/uWg76ORj5TTAJwNLsMeGajMWTSHDcQsZIfMJJgLwnA7H8KKxeESrCV11oEsKD1SKnXoIdISQilYqp2UMcx6rl3GdHKCRER0GY70zzPNG+3MwLOtGUHjtO0aiO3BBVnpIlX23CaYKKpfGcSl4MNfzyS8b0IFBLOFAEUtq4or8SJACP8KhIDxoDJCjzmXoqp7+/ASgZksqzSNdRHaWomLZAATEb5WAoB9ZzeYxBCkTyuWK1iOCOiYFJ9nT+fD6G5iF6DSLbh8O/+l0MC8fE29s3CNConqZHpc+XnUdcuQd/ug/zLVk2gz1RhRqqjtNgWKxeCo74xrqDFPfBl5davrvjBXIQUcON/CSiy2sCPNk2MD0s8OWjJxZg2CiTFqAV/xKiOzVc2qnKxhCwNQhv0KwfIf71Cc2PTJUUrMf4x1wisRsikApKRN+qz0XZEMiijZe2KTsRg9hV8/2ki/8w94+bU1VZNQ3Rd8j90clZeuGpykGDaSl1SR2wDkoSDTtkAsdIXRzcdJDYFsSUc4UhMQKrokTXI2GrZP2ocifVNmSHNtUOaK+3uX3qy5luFuZLXGTVs8us3CkE3KO5zxHaeTXUXKnBgNtXtiwB3hCLGXBwTkmi9WqHtaP1aVjDFakBgydKQ6cm4C3EkGIkMRrCkvXCT3UIMqzhZANDveb6CY8n6j9pXjZQccGlAjg/seeGMHawaThh0iQGGm8NmpBtLIlbeEJRGBIrwrD7CjDt86o33QfWgOS9EtN+kFVCYOiPnWsZGLiq7b2PmNNkir7MKPIUaMBYq1TJQ4S+wsmbEp1wBuFiPPGLtdTIJp+ll0dDzQAS57eVQRVHE8YR6X6IgVc5zm4jEX3aD+hGUnD2PHhCoAuJ6Nc2IE0zrFQAgwYyIF86fnw4OcFodnj23PrNeTQhAhAiIE0ugYc9uPfERW44T6nBztylwpMVXkWVhHiMaDaYZlCdC+G/teZANIdO099Nah93BN4Vj2RI5eeYwcKG9oau8zPaHodtRcs9AmDVf2eFGzBMl4CG4W8ti1k0ULtBOuhzAnyYIo+9RyrErCguWxOZyTQDm6IYEbdfLk5QsHl/SCCm9mDC6DKLJ2dcuw8k08RyZ/BY8tg49k9sobtXbuXceZQqa2yxcXC4H7HWMQyDJH8rQuDeT9vZf5aN+XZZMRcbc70OM+GAz0oRgvGB7ZXTt5CYf4zou8TxbAx9ISf0lvHi5RtW3cViZbMI+qzhCW7wGiBHOwwEMyUsA+3AVCaW5DtZY+12RfO6jGmtuBwDyMIbpz0UQW42r+bfrWIq2bcy3CGHJXOaxmLArwHIBD3ZUPvHpBrUXUm29oUA7pNlVgJjxQhM1DlLf2F5+7hQFtbkJYMlxi3/ACnbJSK1+A54HZxB+Bqfl3KJMUoo5JMBSSzpI4y2ZtXDuUTFR4UjpbkmmsGJUaiqjQLCTrp5E1nwSGCWrYukez+xl/EH5EQ29xRDNMq+dMptcF9AC8kmMJIJUWer9k8Ra+56T24V3EjJoVf6R7zEoaUCfmBxpAKiLB5i6CLSdE2TmQgRRUtAs88pDo0EyWVl5EYDyDUSOqhNk0itKUSu0E/sZjMCaUW3HPNN6vb7rU3d94uOfmgGAaEvzBBPN22uvu+7jn7wb5vnc+bMf/+Snfu1tb19NOANOOK2m/r2KRz3y1kc84mbx46X8yyzoI7tOjxB1Rso0JytULcy2ltH9xcB25hyVr0eGmSEcQjE9y9ij0ZXegOcljbjjYE1BxJYz2bWS2hkRgMiS/RtQxQoHbml7kD7upCbBJ5YLUUmVebZznamh73DtR+FE9C9gVAbltzFHwiKxkqT9C4fiChEIKdkzrIjeZJxUWC02cua0uqlHME21YVlkIAp6hi+GpoitCRQCtiOdcnB2Z54sFiOnGdqGiyOvupeTFQPObLTXR/3dtFZO2Xo94y4RgETR0IBaiDkHWHtBcSGaRxWcvIVqgnwMAoUJ+8X2tc9iZqYbKqLNa9uJdrxKvSI+pRUexEVgJKqMnWIYnNCg1KYLTKWJfJ/CuQdYy3apI6N4D3OBKUh+W7joA5ZPkZPezzTkQ4as7Rqjsr8Qj9LLDCGvipx2rMpvD1qmaeA5EAi0gGrDzAbE+4xbWr3RVygs4SPDejpr4i1CwCrDl5pCaQLABgUNDl8cHWJ0bBsy9arcIWCV+dwmCbyCDT0QxoqGZoxjUQfPIqfkfo4EmQChE7j3ZsXQ8uHrYADeui+40mAo59qEzfzLdMmPhbGUDAP3AkXuyL/I3XSBnkXJBiTWiOVxXVRh0UwvVxggtYR7bkMEkL7WU/RNE+qMOpGE5ONDM2uFeMr0Y2QQLHEjj+66hBVXTj632+3h4Zlf/KVf/yf/9Ds/dfe9Zw7P0oomwBkAYTrZbACRgOaZNptjONngasIJ1qvVPM8I8Bf+3Nd8wed/9mZ7AjitpmnyQ6vomvhhqVwwjESLCd9pscHJPsOUrBf0ifHYncNivlvXJYTdWdR1QNMxzksw2dwmzNpQREKYIljaaHJklRy9/k08AlmIqEoC2YoOLWrFPpcISZZlbkH2UJIbNCExZI7caH731TB38oJa0uJikiQ5ZXiwJOvS2IKxcWLYur93kqDAhTom0lFSbfCrDWZ/x5jjqZkmIJKIdryqYWjpyswCrEng4uyUQYXcwrGzSOTooNasCJJoN4ovHKiZ/xUHAEuHcdZDadwJw2dQOtc878EoRUKMAxMMUJIxC9lgBt6whQhT8TcOsWC4wdDKhlOKgUaX07EcH+YwbwR/Iew0jcoYWgGOp0/ST78xY8Gxsmc37x8ajn6644rFbgStyDNHAMvLp3nECHDpLc8BMYdJ2YmaCRwDPKV1XijDlFxarj3ALrM1oGkJtwA8N7LtC/h789+NMmLjmL3oT0qW1gAXG5Tdl6fJzhGeKssaIpFLRTsimCs7xoGiM7s0aknYX7lNbuMFVoK3oEIFYmDeEpOkcgGe/1LKwEzj+Fea2/xjWbgXyDzVS84UoDpK79QXUaBkOGis+PtiYspQC3bMo1JbiGk1bTab5z7nmc989jMubbf3X7x4+ejk4uWjk6OT4+PjaZrWq/VqWiHCalrDer3ZzkfHm8tHx3fffe8znv7MZz/rmQ2XaV/P1AKPvQLNfY6WSFeiFWRfYlxYlGcrsdWpBaf/YrwAu6SzOiQOL7ApEfDBJYaLrvuCxBWaVUEoKzLuHAPPaSn5tHAfZrQ0pM3ckBqfPRYGroSQ3Ony9AyB5EbmL7lrZJr0VO9UR3B/XvArbhRHKw5ot3ACIJ96QG3vISzzaRdRpX3bUWtbPHLctmfHjJmB8YcS71vgy7evyLgEpdtv5CCKMY89zXHlXu/hBVcydIgP5din4mDVPbh0AVIMmW4ti8rDkaN1w5IMFE1m3RhRn3emN1JUa5UeuR5yettF6xkVWbZK5yAQAKqxDuqNbLmWB3VXJKWxgiv1vj34XbvTmLJ61WL4VQE+HsJ8e1LaNSG8nAhHF4AEWT0mCGUkLmrupF9lI4QnABDecRLgmanP5Vit9nFPWyorF3bQia4G4+BZF9G2DMk1NpYHSy94tluel8A9S+IclaXoXMQyqGKWNAO26J6lJbjJzqtxgU3E1XZ0NJrSALrdnk02dBQxlM7mtCuobdp44JhQSKWRCmnDvTU48XLM0kqkulhGDMJqRLePsLR+goxSl3ilDAzI95YOf4utWceNrwAxLETwH4KSELux1tpanaNmSxsCpB9laeiiUWpmlFhKIVQ0NbqGHUqXpcgdCAgTwHa7vXD+7Od/7mf/7nt+/4Mf/ti5s2fneUZEBIQJaZ4RaDVNK8TVBPM0IeLx5uSWR9zyeZ/zqjse/cjNZoM4WckyRRP0384STtazFs4NpfJSG8jNPFi+a5hAOrWdo2H9u+HZZpcYX79znDi/Ajtl4M4YZzRCpagBUX/8xu5G1rxVqQ4ApWk04MILGBzs/b21xv6HIC99yj/1yiEXPpwXMOeItoDpJz94ZIB2s2l0Z6yb1kCgGBRrSyku4+x/9KCTdc3aQkYD3TwToAoSmo47YtcchNTYNqvABqobF8vxKiSzIhGDMaXR+xHPBc8N8orZ8WIZYi23VpI9JvHDjZbewBrZ+bnArlEAEG7lkCM07kyoIsAybhTZFY9cxg+1DnY+FIm9TExkBeLINnfPyEy2XkwMSRylilc1RrVxqceE7Dtf+JJKBRjhYcdGfqQQ5NjtuAh9mZTE7/o4U3qB4bnArqVkj+m2FKE0q8LIgECAIxDIYO6AZ20ifcQ3m3frUZRLVchnvAwBgTNPgfb2tTPECfzUavtoF8gVo8yoObEJh2SGC0ds49itA1HaLEEUY4X+ec5SpncZ/Y6G+InUoTQrbVR7OOlOR2ZXyaCdTCswr3rZmVoCwS4kxhToqlB7+szMZ7KgylmoopPAZ6o4SqnXQnxjmsR6UgF2JxzPHAvctxKrEQEGYRh1LO+adgZpglAjNzbdtR0hEOzg6EA/O1nNifp7X7i9LEuig41AKFoHMsk81x5mugL+tjcjEn4szqPYVaYj3h9YMLXH46MFhaEV+yongArMMC18SQbDmXFGUISVLWsJSoNN/ZAnEB0oRhqjPgoIAWfCGnRSJDUDY7od7EHyGY58C5lliHh0dPy0pzzhxc9/7sE0HR8dTxMCwAzUvrMyt4eV2hdaaMYJL186ev7znvOMpz25XUbkqYmup1G/KPtp7wZF4Y13PQeA03mK8hY1g3+LEAmPRUd8RFQ5uihCTF5HoMBZw4D2PySg4hsqpV54aHVsIKFVZZOYKDuSsXAGNwHGuDZUi8g5IqCAAwmIDjFDArlu1YG8nyNGMqdw5B6ViK01k8mLskQ5EMR7IFqGIGkzyKc7d+VOI+R6RoGmmZ9sG3iMfEQ+LI0LgaVNU5NyoVFH6hWFaGvtL7TxNIITIOvCIg6e0hHfRgHYcixaN1sIs1MX4V4ZcNZjOWNRhalVvyX3qkWB0ylBybKSkzGA4b7BAqI/sbcsLPuiIMsKCY/BRIaZ51dwBLGJ4XcJmQjHbzAVxEKOlkcWXVMdyaZa/gYO+CGK4SHGz1mcpuj8RkKioUgMMR34HIukY2emmrDsmaegUSVvBo306k5nVgojLbg71wriixx1CrBmvZ1CBDDrmqGj5iQLRnmsZiWTrZW3MBeyUwGnpCU1UIJOM60xrfLlGQmrFgBar5AjuBgPWH5mcGIvpLhgYpycR+mcAUCGZzI0dJcDmqoLO/2uBSLddzRFDhALKHqdAwXs7thQHeaocCSDOkLUBZ+tm3Bc19dYtDghQtRYXxlNNljwUtMwr2ykthiopAQioLBNg2R8S6PaXwvZA5YcjitDuA1fUeyFycptpdWgqy7PvTbGq4C2Q9Bv7Toh9ISQ7ejY02w/mbsosCx21HU5VufC2lzmTC8dulBqh3iX90Vot/N2NcFnv/aVj3/cYy6fXN7M2+28pXme5y3NM81ENM80A9FqtXro4sUbbrjuVa98+SNuueH46NioZrJaPv20zCQhy1ZVXGsDZCilhZ+nvnrQ7KI8uebbwKK5NMCZqCzN3tcrIqaBH3YoK/noJt556g5ij4nWNl7fbRboBAIFNmZtpVZ1kXS7FKROesjohjutZUHXcU6kuskBFQyybrhVCBZMmN7E/tNgH916NuDhlhgeT3gXs16bGqDRe7cTWXd14Z4X/rL7ftf1KI1Ymqw8cVRt71JP6uzaiL0JF3tSZaEhxAIvag14TsLtuPmkPPZBEsTRJEwgcab9AzYiyuMlOH5SNNyywUY2NoED+wdCrr9kSlVYWxyCtgRg9qI3wdjEO2SeJmuQxqoBslVwkCjuDt4cshhPbBwQTmxHc65BPqMq1+1ARt5cxyyc4CVfLKnlxjJKDXogzR5rQ2abJKmrFofNYYQMxbuHJE6eye9TKsHGUcLDTgFxk16SbIdbiBc9jJFQEMdTEliN0MOqZs8KW+CBvEUng5RbYLgaLcXo7b7jQwCWUz5CXu462VooNxgSwk9iJ4Fs4OwUcRjHRsGLi6i+vYWI4ry1ZcDf5IQ9wckICwRvKcJYlKBFPvrNEuj3OVDeHyL9PKSsREUXvwdYtY95qgqhgUqAwT67sxFynb4QFb4d9LfTaJoJElndABU90Wv57d0BtY0vNJJwDdEdcxS3gX4VoFLD8oJy3lgke9Jcog0PA1bOPKI4tTBUIMlAEFOE3qpqYlrKmDtUkVlNMh5IXSas8vEoHjjql7jDdKOTP29SEFVC9vDLpcswdhIRcTVNx8cnj73j9te8+mUf+OhHLl66fO7wcJ63XeBa1ZLaZ4Fgc3Lyspe86LnPfCoAEOJqGiPR+N++ejf7W6IRjJB2Idc3I2+oGI6KANS/fMhwTh2SkrW1peYmCF2Bm3aF4m09Sh13qBXmgNTMNbKJ8J49AMhaXHSxbaS8a3Fmz8ICDexAvC8zJtF64VHgyOQgq1CHgo50xrEbPmN1BQ5rYh3697G6nW69GQAiMoMhYmt9RAaYN9fpLTZxwrrituXYYLWrSHsGkIpcKDW1AQMG6zcOT0H8dUi9m2rJMr4hKRqxtFuVlYR9aEIgCI/11xa7kIsm3GPj+lYVj2W+2yzRaXl3lEnxhChOTe2blkJQZ3nAwfJg0sn7+F27XQLzwU4lZz4V4vEqOHvspAAM5BoUIgFgCIM98J05QtaF5ThEmexpdAQKBLOdOLO3DELsSTYUO/ILVgwyCEhbRUxTpxjjOusnLgYB7PuHGA5WPK8pUZhuAAMQ1FWcsuxhOOxG0qc/OFEOertkAXceZYQYBshkLCSfCuS0VZ/THyF33YcPpbv6w0I05ESYmDAYiH1cUgO9veto85EQqgb0ocPyEHXE18HUyly2Hq1Z5oGWTEOmpqCv0OVqv11s5GGoRcv4JEfnAbkSezTp0aChNqqwWkK5AT6t7meJKCEszVYVUiyXeOqjvI/7iTuPEc/DfAmqVedoRgtMnAKOBb6SwnHgdWXmGnFar9dNIF/60hc/+fGP2x4db082tNnO2+283bZ9t0SE03T/ffff8ahbX/faV15/3VWbzWa9am+93TVuFawbDJbx2z1xDgETqJizU1tilNrBaTqddpR9oJVOBdOnXIZQ9pCKYTiLALzTYvnQfNGLKKbONjFWLZKAnEpTwpoywH6UfEYke2Ko8bEd7srjiuCes08oE8M/vPCgPHywd5qx6lRkcG4O/0hXT0Et2GUcQqq5bN/2qYeGkGxJEQZRd2jkWvocMqZz3voIPhSyTEdC4F6waf3/iLyGtqjXC9xb6GaTrnhU0R0sy9WgINJZZ/dzcUw7Gn1/3dQ6wj5R67gewYXgHQNJ11M7X5vxhhOVsWQlpKFYSz7WHjMbt/dadY69QnW/uzytAiVSXQjkA3ByUu/wc9qAmMIBheEYOX7QdrAv17fhwluoaAoWEMUqJJ9lFXAhOSnLrmVCW/5Eo9WhbreMYYkPpaoPDUyGrfllrAj0kW7LOmQxQ/uCUlY9hxC5UbqMiXzFUhwPwSwAEZ9BWdGJalWnRDPXYnECwFGAOnIzsvEJICqWK5X1xvyzAhWynThHSEaz9LYT40aKeaBORzey0suBFZlQyUaZMMu0BEp0OVRecIIE4FhTkB9KpOMyszQbVZcxrYoskBapqpotL6SUOBvT5SDFaw5a51J455abXyzAORDGPnN463TRI+deDFaWVPknBj0ZqcPAUA/FTZYXOOjBaTVtt9tH3HDdq175mf/lve978IEHD88czDTTTIhICBPhdnuyWuGrP+vlT37S44lowimsfu7ngztJYjf8rptYlykPblMwA0FWpwuqB3D05mj0wPlsq/VpQL26hHyonVsjmdEj4oXcgY7sUIfyJ0XBhqEgRWJKEkYHmu/X+hXhuiygogAhdPHs6bcHGYtXJ+t80ShGOUXoDXVdWUbxmxrakZkngzMjW0EbLe+M5q4UG5e5pRSQjIsfBUJRikD+FXenTEY0Sxec07cmdj00apsPY2hMdYiIFoxkwH9EzkhrLGKYt245h8uI+S5uuER5f30UUajnOueii/MBW44pur8hAPP564qujDzkaTDeKfO/PGqZQefowMqeD/hp0EzcqNX3IRJ+dKcjxtO6aUJ9zY9TdnXWxvobHORAhoAefuaJCwGs6IKb+mCgPBY8CBb7s3pfoZpU1QS4Wf8MxspSKZo9XrR1MR1fKEMrRNT4MsweGtMBYKp+ZP7GAw3xhbeGAgdpHMU0zHfpoqxOpujWUb3PwTgYNheIVVhgqYo705WA/M5RTnVdxtPToqMPC3iOPONqcSzJUCkx5wFEZhdZ4zI6sD0mg/XQ49hugT/6iNRoTDfCbtGqLmr93/onCtpWruvJiByCnEaaAygw+pzAtMVRZoZY9tgqg/WzDEQLE1HjZbqMqHNwfL0jD2A5uayJex+Y/st346UdEK2Fjg5+0MdkkRXA1iSRmQsNi+Yi5C8LDdSFt1YzzDRvt9vPfMmLnvm0p2xPjjebE5jbe31nmLcwwaWLF5/8hCe8/KUvuXDu8PjkBEqZ331g2BjKhakl/fD2Zwf83AfHxRHGwSITby6Px43iftdTOa9uRXf1sBHw/v5x4HgGjWuwCxoUofn4RZMyaMZU80DxNbtnvgqjnSuxjgA9BuHQIMHvn7eEY9UlYdZxsI9CVA82xAs7Y/1TSE7ylVfuYgrgxRlYG6IkXwnURqpc3zMdykfMA0/JA5EBKwwWuEPMJmAG28p0c2LhYjFMJ6mNthgQUjJnMWoi46ODCxDk95E9F1r4aEGxFmTk3CRngS2xZmQU0OGBkcnoOYmeTDscwNCCq0tejAgzxwbwIg64n0ZS+GtIa3wg39jaUzmmYVKXR/M8d0hjl0doRbiceVZy3nJibhUmzsgxkUapfVUWIYzSkSE730ZspEE/iTIh0kCkkufLHj5wd3ALuipi+bpL6OVEFgxHec5IlPNwo3qhZ05U9ZwGO5/sbe5IQAOSNKBI3ftIMHx1LeMQr+z5/eWERzV0QaC6H2/45OJ4DOsGqsyznnIH1nHVK5SLP5JBklZh6kOmX8wmjdHacfCcc/oK/E6TmEvnCKeV3dBr7k5TaMVgMBFLE6rDd90vEshFf9BIIT23lOqD37VDXyLs9Mc42PbmwiuL888AQd4i2frFcxhsp8y1mMpYnU66YgoKiIhtqfP4+OSGa6567atfftNNNx4dHWF/mJUmwM1mc+GqC6959asf+5hHn5ycoCXtlKyXWOEU9YWgZr2XUpRB6dPFRj+IDw99efQiPxkcEY60Xujnka9bFGOYEGXBg0Q89rABO8HGlg6tpB1j1tqYuIMw6paTATKHH9MENXmUEL0ZoQnoOqKylQuaaKUL/RWvEPGnhyxWTugKPqimCkxYn1gch/AIkPlv+SCGHR/17He79QgXy5mIcRSwI6iCKGv5d1sGfyzEcst9uikeIKwHz9FO6GHSbfcFRMaAMcu/dgmq5OHsw8Mge3JxuW+XIssTm21WCaoEJQAQWlbOlqnxBlxvWRtrCBkRqDinRDePjtYK7eJh8EEmVsGyDfDcEWMF8hF3j2EcPapSd8FrP3k2cwi2rf1RhjZUhlE458CjF6649tRA854mrFITfmlKl5t2YubD0kg93mUgjg/FlFgr4gd15j733edKaiA49qER+hdH7QdzgmoFKWFka7XH0f5PbyK7JA0yUgDz6b9kczM+fep8pD40SyYAx/4huygn0fovsrobCCLy21Qy8mTaZPJTeNFlCdhcnspVcJvaqjqK9oh4XEss7jJdzbaTtkLIU4Fc/aEyDmr8CcIqJns/N2krXmGKg9iY6xZVd3Mvh8R/K4XVmDPfbYQJtZT5pehpF0wXAZqohPYoalcgfMpgpcAqsVFgF40NGmJvIit80aSEREQDluaL7YK3+UXHhcPZe3IigoB4fHzy/Od/xvOe92s//TNv3mzmaZoICNfro4ceeubTnvfCFzz77NkzR5ePVivrHQcFsGLo5oBRjNveaJvRipYxbBr+RPf0STkmcz4DsVMZY3r08pBg1rewKvYty4B0XYC8wNUFJMF5SYG04xjsvl3KPAtqQC84eFRcNHl1dCUFHrGM1SFoZCm+zHaxtQ0AAJimyYZq5PeIurE0IDENsHCg4IMQSKCi2fUeM4bLIXnwaQma90BY2t3BQZqyxWIQ5Q/tuaSjre4oIErcdh7lrEHF7YXuOeRzHSVioRihwzjwsy1FEhrEMoWr4ciILVj1VVXlnh3Ovx+LzPYHE/y7bb5lRKq+07/ZERNd8bqPJ4qp8ZEeJBvapkTcNOaIpV0UZSSCiZ/vGBgT7SIjpsBVqFJbQfwCTrlIxUfvS2UJMiO8ymbBpqC5jeqyUie7rQkqDieKBE8CMvtv47p5COVG0Ebq1DhT3Y02Sv+1kQ+5iwsILN/+wzgebni4B/BMBfqL+6c9p6oh7RU/+fqH7aVizTjvA8xZjTo+8df2cAPW/BVE7ZkvlTb3NGg4fBab7xm55vrtH8axFxQX01G1ayXCHDYoM1wOcWIE4v+7kmNkkhbuov1v8XVDFRyHajJ7V07InscpbaAV6Roa4r4aUyEw4k/Bh70sBpi56ZeIiOZ5BgCccLWa5nm+5vzhaz/rFY961KOOTzaIADhtt/O5sxde8fKX3nH7rZuT42lCxPDaoWHeRcRWT2NmExbvgfbOY28mZ5kcSdToYi35D4eKzIRdMpCxKmA+7GNfXRubiL14u8N6L3qxgc7VXaKr1brtAmu5pc9nRtlRBQEAqH9MJhr+FLCIHHNgl9AZBNYLyMtImMcb4WxXI1JitgvAFe7K3+PY09GfppxdjAGeRXlQEQIVJNMoZlwAEMTVBkJQTJ/3eMWnKTWZDMmnR6DMLYGTmwQ1As83hkgayORbOuPmpdpJo6SCdhRJT0vm+mvSLRIbio/+xCXMxj6EInJKTJ1NHpmFslaiVYOCFEtQfeB4gtaQ7jUGuotIYeVTzu0aGucAw6c781hV9YWCLFKD6Jd0usTw8reHQiITUjex1j9IW+8TinM6NJcZBmWtZYpGgmVim/7aAFtPIilUCLHVYXV1VDajtNZXikKovXXyQ0sisB5xgBWAE/3CiZp2WmeVkopS5Wux6QjklBWd9hPHXcItuRit4HiuAfpCcSW3BoZ8f2JMAvg5NTzo3YG1C00dlIxL6HVNU8o1AAHAKYVAq5lj+lhF5mbCFYbEnToQ7pOpFkq8Ti0Lu21WuMuqbzY/ew40ajACeAVD/P/1WMCzZNcCD//rHxj+7dUMfZfBBEhIly9ffs6zn/WiF77w45/8ye1me3j27D333veyz3zFCz7jOesVHh3Nq9VK90rSzpAzmN99wtNy0q9MElyMcfrjv6L47a8j/xWPmj+jVEdNr/Q3sQYUAeqOKrCxsXWBPTtrBxCC5QRwV4zT8BFaxqqtFmKz14YEjfdi4g3Ab/+K5IknknYpugVhkPW2dRmMdzMV90CWgNw10OVTRLRurrGEgy4boJrAMsEMSqi0+JQjltR3veS2bBCuIOc2GkUkKGTcOSSpsCGQwBcgIh4LWU0Y0U5uiJM1+PGccbFE6CIwFxNvsSZ9b6BUBUO8mgMnk2BLmG3BhoNM6NigKF0+W47pQ5xNFFbJh0bkWWuLPCWRK9c/RBIEH5s7CPJOXxh5rGB2igqJ1RnuwWrikosdgXvYEQzpJnMGGLzQyH1/xSAkZ5Wlc/iU7hYAlFPLR5Ahn/lLWqX6ECBSFgiDBmbdtbnaTtwESkVIk4xujxh/S5Er+VSQO+ZSQQTV5ziYt9cjG1dYsaSZuUHuuICAJcHmzODkckmp1KURhBMMwp38nwMzMF51oXeUxNaIdECpdUUX665FwCGWpt+bL/S3omFlGIle1MEcbsHZI4qS2MsGTBHi+KGLOaCiLm7HJf08UoaKAAjz7P7bMV7sH052tnRXUJA4Rd86DKggjcCGdjsRuLKj+7Y8Hw8b7JUgv2syHRxUa4jmRSnN1DgzCQQz6YEIM9HBwerVr/jM22+/fQOro+Pj666/5fM//7W333bz5mQzTdNMSATzzKwg6A/nYg+/ZRi5EIScSP+rZp3GcuUcgf7X/+ljV7zqs5lZGqe44nbVEvU/9LsR/9CEE0vcymNXS6wwCRfdzwSwoqu/nc2vKXNP6U4y4zPOM84zzCYPFZncQaA67uoW39wB5VSHR8lWY10r4yUNJtAdAsp54TViPpn15Ipx965x2C4P4SOx3DvXzYumoTocmgmEwcsmymJB4cr34I8m3paoQKDFOQV+ZW4WU2XbkZMi7eUh7jsd1dS4X1Z1R2KZ4fg8mXzfmqWSQ0rpfcGuUX+Y02EbBHvfvKFhSIou9w/Y7iMJo4yAqjDInmgu3S+ZPBYKgVG7xibQaApl9XHjxStOWmhUZrPfX3EeCrDvvpD5YnKd2WI6ZUwwRHQKfccwVtDYcj5UD6HnJySaYwoDpjEKymlcAxYNp61Yp3ZlR2Ab0fEhdzcQK+VIHsXofBAvc6IVPGdV6+LZMpnSBt2CWLSS1F9TDmhxA2W+xTawN7pZap/gFpFgbWw+HknrkWJArch60WKUOhga6GRBtZnZMIRia0kwBR40f8NBWY0LlJLkNAJMSSUgPKxf1A/99hi5TZavy2oBXBAphUSK31oON4TIjKOZ8cyMgli1JQvWHmZxtIjbTdMmZ6saEjIlIigmNlB7kzyWv2gaGjRKv2Ww1Iuk46eW+r55sviCYQ4BtmLfrHlKazD0QTud00j+GwLmgdtWRzfelZgSBACYzMXZgU38chf3CzSFcY0LOpQPbQfqNrerrCBARHP7u6W5s2ieEHDGSxcvP/EJj33tK1/xr//Nv73r7nu+9PO+4LnPfMq83W62W4JppnluL8ieYMJeVp5wQrRJx6QpwfDJ14bl1KNQ8YSo9/SxNeQKL81KKh/cA7E7kNYGzVIU8kVA99YoI1fhTLmoPjqMiWqRpdOkSHbVR/MzoR6GAouI4uxQWeg0OhL3/MUgjTM4wbKkCyGTCQ30pBk5IvVX3fK070Lxg1oTmKTVOav6SIFmobDFug3/5NUviZ/tlhfbEoxrRMY8YjWK15uhIHlgRCJRw5p2Y3mtsnCvtW8ocMh4poK4WkoMHNgnDHDAGp4kHylrBQlxfHGtWK5bXLpFjcEYVkvNMdX3d4UXsmRnvS163iJjgtpPvX8YfRgTWpG10ZeEfD4plV4xyMkxj8EExLZ5CO2iiDV4hrh1WuKHVL0ZscEqJFFZSCXUIjBYH68qPhY4VgRCYrJb2yQfnzD51u4YLxpE3YcZiDI7uaWIgUCzSq7QzLhjOfERjk84eTo5zoGmRt1EyaY8hkLAIWW2CsihAPj8EwKz7Jn1xZLGROnuLb3HUaNGhqUyFyKNhkfyAWj0YmHKGGZQ3aWA6BYqg3UoM7d4MKjAM0TsjxuZmUOMFrmItlWb7HRiaFrkM1Y9SsIT4lYTpmlyYM0oI6tkqUvRzbBL1k/tSAC69xIBTABl5EmSXii1yPyUD3iVJNTe0atxaEPWqzew3ppIxwAV+XFzUTsyVqALhqizRHpsLSycDNZSNCIWjCXNhia+zak6goXtQxv+KkU+9RVFCIgsHH2guUeRyOZsnv9/xL1nuCVHcTBc1TMn3LQ5aINWWVrlhHIkCEQU2ZhgzGu/Ti82Bmww2Bgb45wTNtGywZggIURGgHJOKK/iStqVtEmb94ZzzkzX96NTVXfPuXeFn+cbxN1zZrqrq6ord08fIiBE1SqwUHOF1txs7jd/lqdzxLDpKv5XoWWvnwVmMfRpVi9/9msInCw+BIRaa6cshVLWw4BSb7nk4nvuvGfB+II3veqCRfNHgepStYBQA2oCRFQAgIDyR0D3B6W5tEkfDWfskDZz6fi/dRVDv75gOD/7lQWIc2iTfdQwcSz/5FdVQaUJgEChUgAU1XBFlOEg5dMS81CEV0nwEz1y4S6xqIn1cgiLcDFEEyIqaKBa/iv/abriJVCPBPOhEeq8o/E4TQAZddaD8pg4xWwO60hxUmFgm5X6qMyEbpcjD1JBcjk7bj7niYsFuYQkEiMiEXW40IU38446FI6Hxns+8QCf4CU5MGeWbxCxRvRgSAZMomY8/3CRPPkYAAD4rteGsWRGIecxSf9EPCOh+ePFfJ8A0EMTEawQG0hmExjPU0Uj9+vpyPmfcCaGlkuThOAlVEccixIHfnE5yVFBUcvAK/vZ1VxNYY6cQPIMIGaLG4KnkC7/CflnVoUJMqY6P8ERfoLmZviZkll4KOpSuctOT5T/WNbLlmxuXkDISa5m0FgCnAWClJ5covqzX9nUZVbTnK3YhadNjoiZniQJn7VzOohDO7E1c8Rn2DlVPENjM+gVriG9ywqVTBfjO0HV2C3+s9fcFDeeUZy3xbPOo+SMcyHhbi43l3YckUgHT5moMQm4UalPzFxW5cnJPgCQBqWoVSKg6vX0uqd767dW0wOqtQZNmrkJRLsapJBQAYBd/kS+jc7XAcHeZz403m2gApp2CG/yg3vC+BYjgt0mcC1TW+3WIwAAFMQ7toJ/Fz8b7/vKN87FGjABOK9mqm6ujuLH9Wt3htdovzvTHKGM4ByCdSmWg4apTBy4m3Jf/aBux4zQRPeFsSL4VDtvEW18PPRACAFIEwHUmsgugQIQagIE3SoRFFYaEKDTKQaLT213B1c/TLdu3DzogyoUEZBWBEgAChQgFAqVIqXMeBqcmAlz5EtjwCQhsNGGUdaaO066+QkKwZ0iObZoIrPYbKhGz1WHBEGjvSEiYbpi6bPTz8N18svuDjGLu3JTYp03ujANQ6zBMMEwhieaNIV6HJGzrsQiPt+eS12EdUIvS2S4h3JaDmZ2KECzCFvFD/pi5Ie7Fh/Fo0HKfLPxYKFAIZUlolILx9Tald0l820GW2tSCASga0CEIsl5m6KdWcMGf3F7MNx9D4eZxgMNTyMgc/LZEazhz5MpjqYZAOLCqy9JiwHmGlFkcSRwsTLTgIboJn0wNFSdy5V69tgl8AYyShGpRUOv4bxx/edABQt1KLkZd47S6Sz83EJlY9yV4uza8w8h5swCn70ekeCY4JOXAcgFUqIJiQ8B7n6i1DSKT/KzwpAITAawNaDOzzbnCBEHUNwYzgQJp0HBAcAs60U+JcD3Bw957Y0KOXHpj990rOctm/K3fDabDJE+dmPx0B7cy/QeAyEW6KsOUh/CkMkVSRWP0YHPiUQYJTcwYMJ2xoHz2NmSBoMzCzdyV7bLXJJSgwcf26M6HIi37fkhLOlIwrLJuM9MK8ptJ/IrSLpSAoHNEUc7tiCuJ7KOMFyxU3pyFy8wiJVeN/qQ6i+/iSy7amzHkPQf+Y8VMZz2W4Rs10ivDbSIBBCZnhwcAUATkQZNoBDKEvdMVfc8MfPIhsFz2+snNumnN9N0r6rrQW0h+PO+jS5rlzeSJq/ggEQIBHLtluuWDUVtWmDiYW4eMMwtudTI7Bv3kU8QIG58MxFRHAa7qfe4Cm76fyB4ejIenMINvrMlYaoiADIbQQndQCY1Ya+WkYHqopTIxnPRN6mnvekkCFljQAcYwZEnSz8+D/GqEZyLMHDWkLpJsifJESKiAvRzj6afIQqJoK5RE9VEoNFsp0TQUOhCoSIqVN3qDJD26ZoqaNVU1pVCKkiDJgVmI6YuABGUUgoL1Gj2nXntAAXot3iaXxg184Gms2OqjhgpLqnjivHa7BlG0919cWKrLApkTaTHA+SrSeTZ6VOn0DBknej4HGQxYOxNoZ9xlhq44o6nDoNAgPO4gGwno1EUxeTT3aQor/ZZH4YhuVkOxtkJCJNJFqo4+fSaAk6ZfH6BnplopsFi5OwFISBoQCAkQAJl3AwqKhBbbeyWuGACD13dXbmIDl7dufC48cUTJQFUAyIEhWB2bXjDnnV/ka/k61HijrMxFIRxlgv9T5chN8421Gha5Uhcj+0mF2fEQCyCyTjCuPrMU0fmcPN8aIp9s0+J/xmafUeJUC5z8PE0K6GGZZV0XavpZoqnWJ5pSPmQP+JHeMrYMjySVkbEsUF4hC3wfobHP17R+fZX8SHBlvyvXPpinIPJsZLMxQiZAK0pZorIT6UI4oX07CwEqjlRDcMFbBuwEjBTKXKxECTizdvwGWU93IXemTZiaxJ770Dz6aVfL5WBFzV3ibRsttU1FuyQvJHv5P1aQh0CEhJQme3n2/A4IkJR4OrJIxIuIhfvZohsSD5nCZTFWBJxPrzgr+ge9QmUNk2ww4qvoaGYliZUGV42lZIaMrSm4pCaZZAUVY7zfsPJmRgOZIi+ZZlCNJdtoRZAwCEBDFLHZidH5GAxAhxNoUomjJ5lXhqf+rfv2Fm6cckDZrXF0RhzFwC29hINNicQvLITGd8hF3vO2xLYlNHE7GWBMwO6/sGZH9059fD6/pbt1XS/KtvY6RTzRqBVlKgAqAZEQFL+hRSz5xdIE2gC0iaj8oMGSXWeEsB9QPZiumAneLOIXmZdE8d+l/y4LjbTs1rr2suw1+WsvLRC5Dd8mg2gLE+21hgBCJQts9jEhFzvMDc+nkckwIK8g5OBBDnygP3rPll++ICfL3va9NdVZjIBoDSWAaxbITd9lYuDIaQ45KbMb8wLuKF9OY8AQbHsB/zaLRERaA01UU0ImoBIASFqRF0oKBGV0qqklmop0DUUGsuqLoGU1qS1ER5CqsmmmIigjVqapBcQAWpCgwKAWXNlKZ42iZgGIKUFWy1XFRAhIKLy+8mF1XMpmXZwAEiZ2eTsNTJh38pEJ1om22ZhHZJ9SROdNhARklv8RPaLqSx2T+YV0eNJTDiQp7jxbIeZc9Y4OEQvIVa5KNCmwG1dsPlnGJMEfEBQ4N8ksJLp90wbIbaa6z2oW7h3ZSXHTAzCZ9jkrAcAAmhHBYE2MqzMCeII/aravAs276hVifMmBtf9tHfOsd1XnzY+PlpUNZHt67Yw+L9zsLLC79g6o7dg7sQ4bO4T+OT5wWfT/Du3QrME6txWFAxT0tCPNtRFimwq7t+cfA5368T+itEx23OOIdYcYrAXcDW5+BT7WaJ/Ip4e814h8XBXHMciKzdxbsw5NOI4i44sTAqUDudkc2Q1fFEu5WTEMR+cg1XhvLylQ8914jF5z5kZp+Z1soA6CySYfZo1sOLJJzSz1zE2xERDJyLl9mzhboLoMB1lVcdcMxuI1LVmo7IwxyfbzHZDMoWY3CR508BiWDnPKSvEaWEMGmZ0CAJ+LL71yZMaD80gBiR5Ru1BSHzi9TqGd4pteglmhq6ib3ZBb+5XEwN5tYNTQbm+TR2bWsqlxFCOCE99fNvAzwisn0LxlN30JRUznd7v50Urp2ABPdNFmmNLT7gZZCmDIPsm17fCYOKbfOqRJDYj3EB4CJHwIPvgW3rgQq3Az4pBIIwtMElqgS5qYzEruhgl6FqT/SVNoLVdd2yXuOH5wWXX773+7t7z23Wlq+4IHnxA67ADuwetaK1c0u4WVChE5cIdBDRLTuQsmj341CR5LuNhGSaiMAEs+QlXyk5i6utmUjoIaSOJT7v45QLOcKM1IudDcEuVjmvmS3AbbmrQD0Skk1DBizglht7Lu+bS68GTY4CUTgQFLOtzODeZHrfq5CFmnatjiV/G034ytAYALUtSymXeaJIfBeCyWbeGa6sPGtyPbyEAYFlQUaACVAoKBIVUKEJUNaLWQIS1hkGtTRYqxRZMRcFuxHVaJFTFpBkUJhrjqRb6atIrs+gu0ifTlJBIa2e4gvhJU4IYMEArIf5hqLxwFLS3H+RwNvtInOXi7c17QK444wxMtMVqeOHJZrkh2gEnCugpd1bX1rtNE59G+kpKoMwygrgk+n9YoOIMXJLu+awUfFLMZd8noWjNiaOBfCrr3gKrCLbvqJ7eNnh2y2DzrmrT9kG7LBZMFEesLN5ywfxTj+zWNdUaFJDyybQPgfjLU4GhwtbkHV/wAwFA1m35eq439pyLfNNNPETi0HlMJaslfnkZ2H5+r9+U+jry5+FBkBxmUTOyFI8uIwcHISBMnrdWwod5yYhwYc+k7PKIlz/c3/XP4bGcI0c0jlo0BtI5sDyabaI6E95kZyJBj6LUnRJtG/pDQR5CNr1pygWyHYdAyIesch7TSfTSQg0QsjBBMFmgzQs2UfCJiVZC8MHJqmezbuZJyCFpGvG7LjxHPnSUyvCgnc2OwRyFmgSrHHyGVUzrc3ws6l/MAWDRpSWhaf/t8PzTN0gZwDzi7HvN01SkqQTiv8Y1j3Tc8Mg6t7wJQPbzSsQKRZJMjmdGlyL9bLjYcifLU4b2NQ1cOCSMVDYbBMaZIYXPLBszFiS46aBjUccGZxKmxPfiySck85JldTz7nC0NVEeEhuAuWAEI5HgCWWTDgvUEoBTmxlpX6B24mYRIYggOqoEWTxJ4QFFJjNgPfkKzWuWBJ04lhWBvMhMWEMpxwzTRdq8iaE2asF3igxtm/uP7u+68vz/dx/ljeMZJY2edOHbYcrVwTHVKHOkgAZB2IxjjxrI7I1yafRbMQSB3wGUqMMT+EX05JxvZE56Gd/kQbJicMz3+X8/cOKAOwMmhL5JXjrpfJ/Q2l+Gfo1YSkmy9TIZIwBIBICmut/KiZEDyI1EGfOglVDOejCB6rJmrPEBIQV1WalIFpdBshlQKCgVKssRk77X5pR9bD+A0hekJwoNgvloy3cFZQVWE0giNCJPOb3P2UuCD/+WhWAE9IMdHxfxHyD8lMyk0YaDY94Axia/K/eOrGSSPRU4vnbsvBAoDaxEyPyfnqQjtozaSrsyk8Xng+tUYDYinQQbJToqRMYWgFCECaej3qVfrZ7fq6+6ZuuuR3qbtddmql8xvve1lE68+bbTWpAlKs1yuEP0qpnAWPHGGsDVGhlvi/QX5igoGIyj8psg/Y3UOVjm4P2CYxWGuvSeii5w8ZXOw8Dn2JtxnxETNKUpRaBaEPX8o/UHpFAK4ECuJVTKuLReJNeWfaQ6fc3+yi7tr7wDA8CDKgRgSZqRxOKfXPvKNOeAGf+WtGroAyY4iZxaaOYnoa2ZiBE5vlpCsIA0PsdJrSL4AyYxEd/jQUU6WMcvmtQn/1rmrfQ/DNwpWYrwdVk1tWBzuFyqGJx2xpYwEYw47I4bEot58kfkhizCQCEotA6XAeVNmfeDQ/NO7+Fz+Cfk5ZHYik70kzYW0pYmQL8Ck2ohyWps9TrqZhAeD0i3ub/7pITT8JJTb3wcsCHETM+f8E3xhVRqdKHXx91+AeMUpyvD8E5h8ZPBmgZfcrhyFstG6NCdNaBqXk+FUMRCpxIITWsEF1yWM5b8iMyr7lX8yQiA9KTrn57LejjfyD7ifyNEh9NJF6RKlHPxEP1InzTkzvLftrom0BgSqCDqleuCpqX+7YtudDw5K1Tr6yPFXnz/vRUeUi8cRiJDARHLBBpt1Gb85Ey3VLiyK3mOU71j4T65XHHF6KSUA9rZVLtyC0HOWmCdqbbF2ExBW+hoMBRua5Fkps17Y+I2d1AnkSQh2JbDTcpxZFH8/cNI99bI4RwSjyMXHtmGyI0giqGK6DEAU/vpjfhTazLNU4KMg24XA/vKnO7XIwUImRma3q/1NFQz6ElD10CRJfn4lwYE/ntXhNlr37Z5aR8CyD8Yyvy82UgTZlLuDWPDdT46wE+PcK6maeHs/Hh+q8SIJFN1rJXZimUr5LaVczElCkpRF9sXRKKMqko2lxlDKqeCwQwgjpI4cG83ytUIoC2iX5mhu3DulH31Wf/ummZvv3zOjYRTqd75uwZvOGSsRNZBCVAr8/mBurYOntSzwr2a4/TuJNxcJKmNfIN3hGcbi9Cek8ug4eIFcYBbSKoE6Gz0J0qLHACmydkWchUNxyp29iEjZQ+eyXjIyWEFAUmbwcWKGJ5EY5diVTT4hYSBEPGE4B+Mxl2MsG6K47HyFsTyGURd2P/b1HKyPH1jkQMBb5Icmd1bFfiWfkMypiPQS8oclRWxGshnHsBjeNeCDBpPI27A7AsiQeoE01hnMvfWeLcDA+Gf2ZmnskRSCIaPjLFpNKbpH2L9hBGRTSqvnkfhJltoGzgwCAGqtPaJp0InWKHMHnFl+DIc12n02cTCBOXky4jbbUlLw0KnaCOY1ZLmZAr5XrWwXd5ffcf24h3DAcgaOD8YjFS6sKVE+2MsOJDCRViPV4Wjha7g8NV1ZDXS3YpPtmjlvM+SysURaFcg15AZlOLac0qyNaBzG6WKItANAyAkVkWibNYvpkLNQO2Rcnn9KE5+6kwChwWFYrywlPGMmHNIaNIaag7nnWrrYyN/xaBKA1qA1aYBOqZ54Zvpfr3z+2jsnx8ri3DMWv+PiBYevULqCuqLauT4HIfwl6znj9Jt9stOdstvdFOeXRqoOUopl8MbguKfIhDzXNr7I/rZekBQI2iFG83t0zRCMuPTKkioG9bf5j9ax/NPd818RBZ2GVmZe2Q8kke04p+STkR3/sX6sQYIFMawG4lDT4AQDEEEhKIQSQRX+sJ/QXYdVUwvK/1JkPCKGKVCOMYxr/myfsBLqbwhY/OhYy0A+iP1k6XKCIDAKGmYRsqKKgotiVY/S3oBelfj0ObBEoiW33MkMp/YtWVanAAxA87+AnM2wPDJshzy4c5IjFxJLcfjo4ge5qZUxz52PYsOVgACIHo4u5yLCdICDHgIZJ1eKkKBUUJaICrfuom/d0vv6j3ZMT6lWOXjvzy185eljZUEEWGCofUhzFe3lsUY4UC4KyVwUgxln4uOoSo0Qz/Giq7GMOzR4Sa+c33eQZFTjPDHf6W6QT3NXtmYxe2IW9eUxkICcuL8XmEDm4qtsr/yVyz+TJvnFAP45ayazV/DyMhZqbEyUXQvJSkZs6houYhGLT372j28gpqGpTL/fMBuGiELuYE8jafT5iKsfOvFGZ1F9uGHtSBwM59iK/tcyhZkPzbNXFArGlGX9anNMO0y1GZ4BSYB8xMRsX463onHm/KFUbfmjOME1GLMAIWP8iLKcmosop/YoCaJC0yzvfLkxMyjv4j8PqS40zPdQ2ZcbQWclmdyWsnwpJcFtuAgyLeWq+8LVdei4aAmMSZQ89/82vQ/CewZ6GxtSCOh4Vcd2T3zJLGDE4HF3RHa45Oy5h2fIC7yQrf+HW5y6JtJEKDqHatkwmXc/Jp993lTB9kUognaB23ZWX7tm1833TI6U+rwzFrzndQsOWYozM1Q55fTvB/oQy1sZJJIWTQZjQ6ZCBqL+cyZKdyKE4pEf1I7h+nofkfAiE6OHlixc5DJEviWLp4fKTLSQyoJyH4vHGDA0MtDRgXGOF8x7X54ngZNcsVK8ZrvkLGR/eMa35NE1K2+6Lgo02Pc/EdGkCv5YU5f98Zm3+ZEZWv4Gj2vAkFGeIlY4JpsJWfEL7EdOP/vCf/snYgPxHsifxJeDh8S/pcCAmQbunf2/mTgWY1kKPdLJiUmAuAV65Pxjm9PxbujdBM+4E+CcmEjcRIgW5hgBxMxKRWfmwuXCCMBfHbdHjfkEEh2uhDjQ0O8BAM0fx7e+uFvSvP/+wY4de/Hz39p2yNLyuMO7CDpnQxt1Ikx5tmwAZlzik+57xiV+knOWi7+g0Q/uZyQwxJXkQpdsJTqsAMtTDNmyB0Imf8yNKFALXrKpJ6/ID19JE3e8cc792kcTkGjzkZhbnmEmGKZIz+7BZwXSgGRAIB88J12GAwSXuSVMxP1BzA0/O+FzL1jMcYhZQyWwcpcelAHAXVVjmJ0p3mbX2/14TWIqv8Vi+UJC/DlwMrE8w7rEkX/0BV3+2STzFL7KFjkdDo5Y1paQmaSogBEt04mbHlu+ChSojifJNMiC9Y14aBYBJ9ld1JA8AibSIaJELKKokVt8TJ56S+1lOeIqSALjjQT891pcYyF5OblP8igJk1nY0NhP3JBSkJy1eIdtlBBKTLyb8Tvpgc2dgOP+xsLO4glK5ESMFemnmRpHF7EtshnmYDzVCSfQ08P9TdYcZIFzb9RUjvVCDkx6SRIYj5GVBPk1CGeaUTUFLlKgIyMAtl5vfk0U+n265q69P767Nz1Q55ww8baXLz10Ke7dR/51qRC3klENA8cVbuxXH1574bEzweeO48acoIt4efxrgbL4HdjMQQASlAP9GmKs0OGr90kk2gg54HaVdfP3yEfVieB5E+v+MJ0I/BHa1uyJBLUcEF82YspJgl1RYS+YT7AT5+87xNzLIpHf5vuO2DZND9+MnMhgYRhl8gQ3EiHUrJ8O/CeKQlrBGL6uyJQLwHpBYTwByNRk+GGSvqvgahqjsCGIvMFEnh0bXjkkpFdll5VqaVo9TcTaeBy4IkjRYoV8hilyBAK2MXAxCN8BIcYKJYRERqMKDTlJi3Us0s8A3rhkFD/37k+KxgDWAXF1PHTO2H4OrgkA0J38614NrTXMTOt2AW+4YGz7VHXFtdNPPld98Uc7/2DF0oXzilrn/WR85Z7aiTRIUUwok1Ny6uM374IpukQOLu/CULBCtrFDZuMEJ5SZfSjcRxDfhJnIq1n5RPsTTT7EogwcczKWte1uhw0w+89LErnXWyI+2CmPfrxgaC4kIkAXCDV1DOQzHBjhFpUISfvRP5WRgCM3nLnqZyimmkWSqbMmiXY22I5Flk165qlDO5Ue31eYEh/bUGauIUGP32y6KDcdw7K4HNhsqm+VyhskHsnb4QBZ6ZS9r2CfIVo4MYHm/+4Ri1cDs5CiibAuMZhU5wzA6WNA3KUnkpQMk2NWuHxazJdrGimmw0a+7MlBuY4IkWc0/HFWCwDAndSQm+thygluyZ782r0QwaG9DZuGPre4Jg9iUeY2Aqz7SaXKIpnkRumgXJQzFFg41sKSNxAuBjIbcOJOBjhD3g8UG2jGTJFEmf/MeY8cwwZnE10oJyTqSA5Jz4fIAnrFbYIvRs8iwrpG+u/cW/TeX4yGz+QzkKVDNBNtZaxZ97yeBOoaCAxIcr7lqRRIOpGItQHdJUbMzTvHIfM0lSj/nw/KUbBeohtCrZRyIYqMwuBYGsTBhEUaiIi0hrLAxzdXP7l3sGU7rFrWvejMBUetLianCQAUejBk/wvHVtpB+EgkHgKTW3T775wKWrFAhxFQ+MsaI5MeYoi4r1IF2Sww4SREh721Q8R1m3WxcPyPkRKa/+L02dwE9AdyMu5YJMlOj4k83X9BwzH8x/lDgXZyQLh0Et/sGqBZmTI4I+MzAh8oMuroOB9AIZ9N8GD5FJN7Q5PMb4s4ExX9F2bBTaFhmjkbGc2P9NSeUUKWkQjJLu/6/xiNnhXo4xBLJwy5gvJxG87/C+zGQKUPLrz5ss+9YbIm3/PRDwROAmLmNHpfWXSngCHX52BG/Iw7PAk42kRWVg2niE1iZPDczAadtR+IDQqeDxYxowAeHWlZPWvsR+4vyFEm6ZJfJYvI85wrI1lu853bCnGqD4TwlpfMP+GwcmR89Oq7e3c8PK01IEJ0TnXTRAQsOUloKWGmFdkTsBNIfhpEl4YYQHBm6OXsBQVOCb8j7a8zbwSJ5mcwcDmzvwNgBV9Q2xAb2KjXqQjjg0fdVvO9nongIWFHBkN2CQSIhnQUcRQxU5eNXYdfDTmedeKOY97HAMQSHGES49kUFc/lmkuzNBWJYIi2wp8K65zwOYtn0zxGH9L2s5DMRICaB0p6gXXpMIwJzgcLzSJn+vgaTHoFs+i6cX0k99mmJxwHbzpZxpSFL1jTMCMWTTP4XKwKkTcVjj3O5xIBkWJtI3ANiM5qXzF9zLiWwM1rC5chZ1yyQ3nzwIdwQSAmvpB3ZsKaFoSAzbFzn+n9DELeJXCK2CgRmdGd4RlO9pKosc989Nx4QWpzYJHzfDZRI/8LxRCMYwqWG4hGrcaM+YCEpQIzHzJTWGBJMRyCfwhtmCRkLxfzDcdKYNd0M4RLUWqVH1dIndGQKIOVEc0s/iBqM7u8iaoQg5mYDRMI1JoAcKZPdz/WW7dRA8Apa0fOPG60Guh+jVjaifKFBcdXCrcFtSHz9V8N19D+ZfIeqojo/8+qA3Ho6T7w0fJa7myn5Inrxk1H1BehaSKi8+GAq45PQ0UAyhtacmPNFixjSUbDlT7BhpuQo4PEM+RrmNErgtyTWdS9xbCQw3PJaSsVIR5DWz11XLCEhl+/5P9F2PJ/AUIa7aLbkLuTKxe4PlZGEfhtbmt9O+N7fBHBVUaI00W2YMOsPjE0XGLkBslrKQb2BO/uMXWdmRTZaqghEwOxfmIkOSi/BxPA2yKGiSS73Jy9BN8jD8vCrOEGCT1bTMm5eQwLlZDlynFTNnJiRq0saUuUJigKnJzRS8bw1WdPzBsdTPXp2zfv2r2vUgh1RdljgWM3wQYZZp7z5Lh/hQ2eJbSYteifjku5mwY6OO3GNNRJsoWs5zXYcG1JQqb8ix3RJQLu3BU/mzMTZh13lkwmejrHTK/hinxEGjjG7bM2uqn7bNB4R2fVE5sPMuRIw5UchjwNm2OGn8IRCdKc5Tw/fUNyDXQ2nfljYG7DfpVGM1UQYNzwyadHPtOOK8kcLx9UiZgtjmmyuQZBowCIswGS4fhAcU096sWelXwihuhIZlJ9v6TqwDZLzAJlLvUz35UN6EPGwEHkGIF7XYYwNVAZw8ogp/Wz0MbWghEY0CgoG2aVIka7rYNNHTKgcuwaorSccsRQI42zLIdP5HjQST0fwDMnxZzLg9HWsI+BO8vcdKc1MD4L3jzFuZ+MFfgLV5SVk9yL/txeNE4fF/accpkhZ/WZXloosuBM8wUOzbpBqZIT+c05NuBwsUIQ8nTXNwBk7QWfa+YtMJtNOeAGFmnQNbRbsGUfrXuGtuyklYuL044eWTKBe/eSUmDicfDWnLysAch/yFh1Aj62Gc9oo79jTqOR1lQEu255NY7WHCoQsrZYucO2Fks72f+lFi2YAgbBc5hj53MnhODz3CZM5uT4NwTOHrPd0JIdbJixhUEYQ1/n0uQMCq0JHIhkhBGQRHV2NkKyFNjI1ItPB/nZlU5b0s3H4nYXHac8+oLa4Lm5ubAGAkHkRjxH9rCDxXJpn6ebMIiZs0AGHRYvOOWOy9uOJLYTGbxLAeZLYw4QZ6YRCWG4fD+/JChwAZK2kc0iVzYM/yLvHYUemeKK51HkBFwTLmxO28NvyLo3KIB1NqYrEkOPsjBijpcWHjetvEnwS5GVcLYfIaw0OS6R/49Im40JRIXCyZn6RWu7R68pt0/SvU/0n9s2WDS/VMrPlZmwhnfAELGxjsmmiSJBJccbb3ykIXMNmONz8HnGmyg3hxP3lGhnbrruWmsOiod2ZjOBY62AHNHIXbyIH1zjpuDHqxDJd0p5I5JDpNCipxx+SpdtxP2CHyXntaOpsvPE1V6mZDw2CPRLrChjpxkh0DCP2cbWIFupysOU6g0g1RaAIopib5zZ3Z29mZ2XLNoAkFWx7KNoII9V+CoKQ2LqOVnM8AiRZl482LbIrPn+JDEitufctkHF/bo1xN64NSdNwp0NnQjBatlSKqXHUd5KgAdF8/yKqlHWNaJhHV//FPgxy91AZ5TDZJMKGc/kRsloOH86l6uh3bCDeYYMlJXRIZM9F5iAiR9KLP4sqbgsJs2VNQ4+ss+5FuG2h8zt4OxzkSsaYaNtnOXKDjcMB2T0yVPOecdsWh7gzx3XEIvJ127nsIho8BA4hIBnyFANkGSIJ7Q9jfXTz3PBUyKTERQ+ukPZMFMp3Lqzeuq5/r6ZavUB7SNXd+qKqll+Vqr5ahzbTV2T6rBGFHUnKQxCKaX7CU+4yxGZGwHwTbMRSnJU4LUTSU8yQcj+S58ShSTIbUOLXjYg9pdTkSEbwSW07j5GTTwo+5RCexC0J6hGKha7O/6iS7ZlHiqyrRdATXbCJrlNpSMA6xEdyT6BSBtSVAHnaPoZSkNtMlMVjCKveTRdxPjDP9q5lvhRMtHyTWM2kjCYTLqcFoad2o6osAc7sIpzHojZgKHmFId8E0+IC+CsYGOByQNOKoR+/ZexxBNKjvBo9aVQOKhhwSicfuxop6Dte4tHnq3qGloluvLPbIZ2dj+f69QQLDWDJjc5Q2/NghSkEADM0nljjyg0j83lbJeJxTOjNrbPXHx11AcBIALqoTCHcjtvQOeErOuVrI0MCXKCeMrQcchATRjuXyzbDDP/tEEkhmSJwwAOEbD9jMl/RjjeuIlgyjxq8hTNFzmY4mbMIhMnoB8/zPaQ5JOZnrkIYTbbT5pkPVUcYcSxKIjnbJ0z9C7T4UnGx1mRitug2fUUHUckVB1cWZ5DyKyuzGZhfRdRpgozGlwPI7NZY2WCnlZffF1ExqnezZLHwP7CH1pPzBqKn4L2g8Z+kNFMjEX+0TD+OPQibkTwBYuSYky0tsgRACem3Ih7QMBwTkTFS1GYh1ACkaPIQpSsYBEAO6mI3JsqnptmAjjjhgIXdAlWJgUwjJt5BBL5pBRGDEcgk3Av1FaHFyMcFGCNQuiZnK+ArLHvOKzO6trEliFPrQPCEXH0bd5Rb9pVdztw2Kr2soWtXt++QQj2LBoTzNoJtWs0gsFk84AQi7rY3zT1y4VObBhWMt4O5LqDSQIkbttdcGUXFxEobMK0B1JalSHhEix4p4D2NM0wPv9Atjid9PeCwZfz/K90guMWQz6Cb6sgzKo5AQZAfqImOnRJgCGyh7mYUxYI3AbnwD+3yGm0DMxyInEPZPjiDtQI1V6+a8Sd4cBrlIFj5OaA22+7W8SGpWHuQkf0ix9cKQR/mFQLyt1MhI5ilZA1c3MczR1npWE2hGV7jB4FyFZVHVVeVDloyzy3bOhWhYjLQFAKectZ04TkWHwi/Xf/kHu5N0bIIEVOXME5P2djPEMFcBKTYrvaWY8ORDY88d3dUJYirge+BGOhWj452sFhGlPqF86ZaWfjO8fIVBF8badUWNf61LWjy+bv3thv3/3E9EUvGps3VqiCDUnsH+aSUsMeb8wREykCJ3Y3dbUU0eBSOP/mFZ9/dPoeGAc+MEFkUyiDQBfIBTYyZ8GJxeioIfargYzSOCCJV64EyqJl05XyKsgA30YHPrLOjBu8du7+kERxyLm6EEQo6GOmOXPWPvBoDP9k+BpxII4Ss3wWx+kgJ6Fp9d7+5YEEj5MdpWn0lQY2MflG6hzJ2UBoyPJ1CnzI8pLHL9IvySKDA+YnViSjcw07nSePiRLYOpUxBcIhExEviUctozg/i1hOqhMVClpjOpAQM/8sUEqsl0dV2ECEMuXp3OsK3F664URcHgf2aNeXU6nifImEJgTrWRy8u0vRRvFPdHGVI/cjqHO5gkUWwsf+MgNiJiJQ5BU7TYQYFS7OED+/0ai0zstZdUkaSEcGcccI96EqbeHPmVeezTZYFzzI5WksiuDRnO3Ofv6EeVoeaQt+Rg4ScjYrnncUP7HCP/hBSKQf8hk4O2u8rJyzWIf5IxAyPBcXG1wjRzXpaZTHh3qc0AxYj16DGBCQ+dH6KJiJAh8CKBTUNT2zbbBtV71oXB25ohjrwJ5pchaHqQoCoPuVF2C/1xmiZmSAnTih/2FNtGdPEKexgdUsMPXP5MKb+T+6/FdKgwyeMiwir61ATl4jLgmXFeHo43zm/1FwAMAlhqwZR84ZgDg/ErMrb3kJdI8QBKMYGGT671uJKDbIsB3Ch7LOPkkFNH8cPSLv5jS6/hm7Fv/MCQYDzOoYPjHhNib8IxU+4l3MZs4Bd5NieBhO/HUEWLZgRIXdjBt46E2cmxfNKBT+0DGZTxcbkc3nrBcn3FuNEEQwS0bRLIqE3lHZHKHLKxQOc6IRJgLFV2T88K3t+CZhlm6CVU/F0A5vi0CmiQWN6Ld/IyBAUWBvoA9dWa5eVG7ahg+un57u1fPGCp9kDfEzPEyipFwIzmDzyAcR86bHkW3Y4w1GwkVGjnjiDk5B45+5qvPJ9/LmXJVHOBfFQTACQVARUIMGftQgN6z5iqdj1JwkOIwoHD3L3+LGuTtxO6KIxjRmGCLsKH20bd+MADDFZ54wHj2tm0Muu0vDaY+VWBTBRDA4PsOXyNC97YlsB5bUtrkENkLaG+ZrSNofw0l0ChLORA8aUjLbHBwf4vSEwYgYnQLMpN+pvDGrxX0geYXNksDQyGRPaZYn8cwKCUdFvCPkzaWAl5hvPgXuIOsIMSUpSogJtjl6IBZYNWjiEwXOosXEeFeCvpTVVMNILFEmVWhCXRNpprOY29nHpzGb2s01I80xKD0PgFtD70rBdfWRYbwqxdDKEysLMKFx2ixX4AGnWJCdZdY+l977SnO+jd+xZRz7HGyH9zVcTiOEE8mXcjfXy1tMjzzYPMihAsJAuzEi04NStpi9kG7fuhPMCMt+JPMeneD4uWfiaYC8KZAZfiH76xCU02EOGmmYTX9bFdCvaMfees9MtWB+eeDyVqsA0oAKQAgOWBVCQBOtm+gRkDFTRPEy2/A+2sFhChRzQ3QGF0nawMu/7mXbkpNe3oGB8iCiIUA0j42YDh897AiYR9Nk5kQA4bjW3EGsFFMmzQIfLzO6/0pOK2K6BfUY5oPFCzylZ9DM8gf4JIEyALOIYtJIyDaCO3NXyis5qwPWdwXtdNYIzbbBsFEaozdCMaBrOyYbQUP2ye6H11hJsgti7nNaUxGLgBvUUUQqLBJwsiNOqHVTmNltjOw/kv8FnK3gNRlVh7aUW3lSFgD/GBnpVC8DpeEjWxCe/QpiYNJPivqir3OlqM0yAIHdr2A3nCoERCgKIIKxEpYtKosSd+ytq1p2s3EXQdYhc6q9qUmIEtX8ZBkEEdE6Xh7OCOOcmKjcKD5SHOpFTYQd2ZYsfO9Wg4e1BhlZHcACihBuwtH/GYJeHmdw1iNJFOMOmfSdYzr7JUwXmxc2i7OLcxxHseo5cHY5bJ3xmyuS+cg2KjHIK5/IJTFtaK81aQ2zXRTN/ZxJeAFXY/LJGkS5Iue8Zz40MRCEgGWz2XxHp1Pkg/G8ncxMTSQbKaX2aR7dcOnMZPn9P97PIe8A8UlrXMZz2UqO9BJyky7C/ezbwK6dK1oEO4luy5GkRWwQZbfze1FmbSOyKYAoFre1SmcMnLrGMCI40dBscVnWciIIWVFE6y085kEc2RgZ80Tk1qYxuu/bB8XwbEkqWFmiXKyY7AeeTUCzwu0pSpWZ1UGzUXhmOpBhQ0H0fdhFQdpMQJbuNGPz5b+SNCush2AveZlh0+1GzhgDN7NkGR9KgODL+c5GB90wY3pLBijQBslM/zmS/9gCNhdf/d4/+1W2jAuEjiH8jpe2hHmJVDsuel4VAH2AWkOtodOmiS6qxJiQ3+QJgefsOBAU6QMLR5m2kx/XG293ChN6JgRLKsIhRpG3WegoyUVaflhnc9guw3z04yl1aAekMEoQeMSM/HSZMDA7jiVdfI/MlJt8B8fwIQDgoweLBF7uxf1gS91UxWOJEh6vZZunmVQomjZGPfuSCF8wmWSZ4DYXksPKHYGRWU1Fjx5nLIEH4cbzj0msCjnRjAooXsACimE5ngXc7g9jIffsjvsmzkcvKPyd9oSNSGJwxxOjGdEPWrqP0Qz6Ld5+PhzSyLU6ojYYFsdExjfTKxawgBk4FjHEiC+3MkISON7jC5zssO5kp+h55B0kF/ymfz8CWrYTgDGbroRoZkShciONjmJRUFWrWjvrpcOY6epHeqHTLG/qEcLKvf/qYIoz4TxHMHdwiwgwYkWy0CBMXriDSnkCokecnyIPSVZR5I90JrRjOkm5qN0VkTAoah4mMiYPSza4Q8egx+R+dIuYP6OEA8JHe/hJGzsQYjzvSXQbs8U/8XTJHEaQ7IKcLHrZAZtSID5V8SjR1+goUB6lxFqW7xJ/9mm/D+NzJPCoI7tilEbvvGNTmJoNZoYwjdJV0CiQ8z4kp/uymm9jB/BpFHdw+TQ5xr/pq8A22DXGt1wmwno6trAwMj1fqml0k8JkLRJvOeT8odAj22bIlav2NfIym/LxO97aNkJgf4ch8f/H9cI4ScElxBWiCDrzzENFtQklNxxkgoy5QcvfxuSDvJHr5mKmBHgU6jWN+bNczvZEt4fwhFWeGFoEIPfl5gLvuWKUNayA3Fiwd5NMms1545d/gpnJk9CEgYE7pEmTZfeYFkXRKopWocrCYuhTdRf9oZvgEGKl88246D5yvHxdAiIGgIOPmZA0bcUApiQRZTSFTT6lmDMCAVx8PUwHUkwgQMUMdRK/CI4ILFN8cqNyyQV5w/qhaAj2wQGQGmzii/B7GWlvjh5iMmRG+0MhyqcODr+GVM2tEVtOopeKYRYsO52UYp6XfyNy2UPJKGamwYqxiHEU0q/DL+IgZkUTAAjsT6KC2agiLQYGI8C1FDgL80z3XcSHWS+mMAFBjn5cGXK9InERIw41YxkfmMyx4Sv6Hy52drgoEBFqrUJDD0MCyQbNfjDkiIhnOS8QjTWrC89LYZPdtn8b4ZHdbJk6lmy1l6NJYSPDEPB8P4J8d2S4DMlUcEjQmO/N8Zx7N3b5qYLowwsGNdsVicDPhHbjY7aOLSc3LUnkeg99CZOPMvTar6mc9fqZgl7K7DWLrqbCU56KmPacIUhxaOIkazSkePECrgYQQ5egeLukf+b8Id/fV3GaOIGi6m8ZYl+/cBW7sEqWg5QxVXNIUzNPzboie3/SQHflPTsWnzPv4biri9b0hoTX5KLzKHz2B+t7ZCJOpoIWYAKbIot4qBBxOQ5m1h3JYUM8tgoQXVnDwdf6/ANwaPAluMA3ud4W1iSzAhcNLWxkEiZJ/GPZYBUkYG/sGRwAQJb6w6Rz8qMqlP1quOl8KrCJC4TwEperfrGZhcAZTxZ/kdHeQJ5jQQI/W9CyY7lowVeNRRbqGptmtnKPkpPkWGfJnd2aM3kTxm542smRUggKsSywKBAQUCVtjE6gXIEkEZ3nwkN7iwjFr30mr6ZBkjA4ZrhX5nyogMA4ZrNNF4phaAMOPVflDCE4IgBxmxMIDPFx0K+AIfdPJkP3xzNFZPtfQSGLLZ+DYIsDTMdJtDrja7OeTNMKBWvCTa7rHqAjFvyKlRBJruBIaFkVrLIbhddlyYkxuvmXqQ4jDd24AP7ttaDKluPsB07EUVbKyH90jJGbuizLQVzKj23NDvOCDClDhRnBkslI8xPiLDjwv+D2ilKYEwsQ3cBxiCutHwSZC6Sg5wJna0AUZEsAj36QaHT5AHBryktu0TvPgb+NpViKnJCjks2P3T7ABAslHIrm0vpO/8g/lGV9KyBm+tH+cJ0/Oiy0cIJtEVBc1xAIQYecONJIctQHYeZFSV5e5+VC5C8vy7Ake4WcTawrkjNyTm09h5y947uNyJNqYhU2a3EKwZDPBEvZkAkZK334nq2xeiKsSsrKXxSyco0yVDAnHgEPsZ/MVDmS4m7yKyYkfZOHKb5SeLuHpKJ6PMSgKXpcjIQYC6kmKXPe/YgwWNLCV+2Qk8bR8w2iJKfZ73uqkc1yNrmI1g/j9CwFnR2LQYvupyFrPLynhcmer5tkor7AcoGnN/spzrNnfSzMhnxwFSGbERg/y5SwQiDDJ4KtaQCbVqdYwUqgP8TEPTLigOG0KvIi1oStMyDoYpW4clhCBAiCejukm0UiGH/fxgtxPIvGyjYxdI5XLNANRoRh2HxsLPeI7POsiMUln6Dq+Y7D4ZF7MyHL5SYl8lPmp8fNFKIMMZr6B4bMAV2ZbkUi4d2W0N4ke4w/+KmTsYdM0zAIE3dXwvqHIRJhkHYq0mBIhNu7lsZyXaOceKfLLJL94wmW8+LGFnAatA354ROY9JKzwd72jF9DdmGcibjmXBvmtrJZQVJYBECkQYlXC4KmhH2Zcst+YJh7PZ34WbnxSC68DxoBDpw1Rjl8uRgR5MCm+5rl7PgxvCKxyESESwDhaOxIczKXcIAOAMo7FqpgWwZTxlH/e2RZweFRDx89w8BIXYUvsgrguOLyV/kyCLlDXJi+MIhyB1/0qiOfXCZFtrF35gggYvzQxIVrliPou/lGIqZAiE4IRo8GuSPRGG9ADomM84FOt4OJHEb2GGVZFbKcdDkqB28euZ3ULrnw6YfAxhIYAgtubOI1aYyauBcOQ4acwLe0peIJiaQAQKJREg7TF8upuEkk19408c+SmNTfAPjkx2omhfxMhvruMzP/5q/7jwAAtDavRWpX/Eg1TNBNsSuImeFb8Q/O7A8z2k7HKRQE8saaC1WYQwTIvRFg8UJMPSzNGoC5ziAlIZ9AZjsS4wRYMDwO9DYnNHIZyLBYzhUp8ijx+3mfbLsw62MRywLnQsTFKUoGfd9EBPk3+35WmnwOg5MDa7KuoDhp6sUIwSQVh0gg5ZxSc7IaTc0LywUi4HMFgsJPzwrfx9W5qKMBfvI5zrE9AiQPbWKDsmnJDMT9lriZyKr/jR9fGKIUZnozZ9AdCUHCEgSsY2R9WDOuSE5kVQTIWfJQ9YL9ukgwYC4B7gsWPtMZBPau8iTh+yGU8usveTvOW7LGGVDpRdHch4a+WoqQRCy2o0QbvXQmUPnkOErcubINu6lnxT+96VuiqxIhuuKsfC8PhqhiOiKjxgQ3woIohagEwEiSGdwhbk8D6JxfjN+w5mYoayWzPiyy7747OecPqQxmICd2AgynmkQsTiVD2ZKjy5sFUbd/EGJxiup7/nMSHNiJAWgqlOQQBgDQYPbaOtPlgEaaQKwXN33c4WXUgDw53vYaGZW/wpmFbr/4I1McrAgDSZN7GBZrA0lCVsMykYznZrV1kr02+De/bsU44OsIvKX8ivENIIJwSg0jU0pQDDGRM4eoo4+0aMHFC8L7hy7mDX8xDu0w4MRmzzLR9eNzCdbZEdcodPUXTOYPEVjKFZkDv4DNO1AI/rmUEAsondggh4Rkj8FJLbInnewu9LAM62aZ3FDklYTFs1G+HJiU0GtPaBJDkz24ySEoaWWigGwMzTGf25W1EiR3R5OY6CFXOpVS37QbMDadOm3sX5mj+IdzM34s1EHZrn//H8/VtNZu4SXCUSp0LmLmsT4Yz+g5TzosbMpeARuHa8biJZcVuoYGSoYQ8REyPCIiMovFoLXP94aswGRRzjtxWTUOiIOzYuF77koC/fwlR4nmBSWeQ6I+P4X5+wyN4F8CzFzc1QAQuKFmCEvHmsGY94q7y5LN8BJzLNyuWWNjJjxRHEhEWj6dUxUjHaVZ5JqG5nf8BETxD0pjDgRaaw0Rwgwgc9tiUhOhCvfZZGDCQ0ZW3rKDUpxj6VkVvEvIPHmbhOfEKukpW5KLD0d8V0zSJEid+UYU/Hg5VHSF7EYC5HN6PrDfNBZhwwONaLKbahhcW2LCXM+ApMGkofiUwgS3zyL22PLd8RyMpGWErY9KHDkR/jE5PpwgAiLl3/uHpvl3FRk3m+C47Sc1i5jHOYXKWZ3i7NcgxGuNbkTjHb3LRJRnRwY18mFUfFlZAvE8Q7rUN2p4FC13R/dt1JjYI8q1TOH4oDM4iciCA4DfTkYZxCAfTAHbbpnYkdyZCoFSYLE368JiDC/JNqTkW3OJgeLocZ20k2wq5EzqwlihK/sHXKRDGtyprUI0jBUPpTfkIa+I8dlAQtJCOIWe1/59wADNKroVVSk5gs5AujsAhnEvCoaQ4q18lmQzl+REzfDaLT3nTQqzGcIuBcsmwkwJJOzIZUbAD+YnmjhWcgqlCAUhx7C84d/B8vtWmZFCCcjHwA59oTP2k+el786k2RNMXF1Sym27MG9hj5AbCZNe4cwOhxcCkEa/0uIdAERDs2kCu6bImMPIQyOGaN0II9AB9rUvlFwyhQ1nOYSZ8Wwm4g9dSs8trF0Bs//yzYvi3bv4hAn/kdOZ85KB0vh+6jY41ZB4fAnTTKhdZ+EPJWRJOS84xFfWPnO2ApsKYOUJYi0dI4LzcNvNdaCadJNjj10SizFEA97GPzXmjtwu73QVJVAe6UYWpmks5TggQ951STw9K6JliSht5pFDLvLB3EtYmUkjctrFGzGlJPe+TDpuA/IxH5JfB4kZ6yuzyfQBM8veLPDQHrn9cIY3W4pI8z0XTYGZGJ/YB2QSQjiRHpzgs1y3jMkhsQSHbKdbrKq55DNOafwdj3ku2o/r3SBe40rDV6VUlCZQgu2QwI8HvWKiIX8lKAbjkhU2U0mQnMgMJzswBBi3Y7n1s5RQxbG1nXnkIGVY4NSEFQjb75S7acOF97sA0tJnpoC7FfF2wGwrZkPQ5ftDwvT4IRpQSSVv1quxWTbPdNnZC788sVEKOscKDXOVSXmGMvhmTXDO6882bJ7oJqfVdCfTgP10Z9OIxN+b4O4ti1JCWTCNzb+F4+9G8xtXihpsEBs+M5FZVmcaEgnxyBcpcrFO2oYZh1knWoQlDfaAohlp+Lm4WWenafgGk+WbeG0MYkAm9wRW8JI1I4JAm0tQ3XbFnBV235oYRs4Okpke4xh4rGdXY10boGipNIxne1nRH8ZKEl/tYAjuZyzcI2ajBf6hbBQR0/A5pRrA2z0SgPbHgnAu2Gl0+ItgeShKjK0N6GPUlo9MBPbESBWpFReeiHngZtD7dBnDMxI8f/hPcVgQ/t1ta4bcQxSMCePbUS21ROEwegIkUBYwIpgf7WDxpAdEpobKnTdzHR4TiiytRAOAy7PcrkzAfjiUsyjVZg51yIaW7LyLINUR1wwBY0aw2IS1yoGVmjIXj5xrE8/lnK6wlB/QNYqhiWqt/S++xSqOIB0ZQ2MWX2x6I1ttmWPINJcrrkRLv5BmiVIH7Obj1BHPgmFEYK46wNEYhn86ezLFahoU3YkamZtNeCZDM6XKXQ3dkeFGbtykL/DJoNQvDPfEWQQakk/kT3PJMMrujJJMGhY1248Qg8dU4nZIHZuqCXPRiCh3nbUxzna2UNyl2RvOFQILIpKUYW7Xz2wa5mZN00bc6rHoL5/YxJdY/5RhrgXaaFaIKSJfActhnHKxoZDARF8efpOMTtaxs3JLwxwgJ4ShRKkNsK7R5RVG8KMhUlRz6LmRmy9Z7IwPKyJj5OMTtkN1zJTKAg5sxAS3xuIQG1808MzBMKCf3zgbiCkik0xQkBAZELsSqYn7nBhEaWc+tUssZlLNaiqAQcxbIX7GyBHjdT6J9aVNHotwzJNyIMfcke2Y6FIuSlQPxTySYwmLDjgBmBgPGanb0pgP3txnLkJszzOTBIzFL718uTdvgjUhaECtRWoUVAn9Tbswi25R1EoROSG0S3Ak1tvdbIkKccSGiIDg2w2JxD6wnlz+EIDcLzCHhVwZDAeWm2zAwvRz64GRWzrlWY59x5U1EhdLLg2E0NYwJWirwyVRHjRFoiBylgnebFNYkg785qz0SucnzS0EBSYYS+vU3q0Bgj0PK8ytpFXGQ/HpIY54K/PICWQL2uT1z9ptAL+USGyZGCBaYTN7YGV6kfOzQftN3YLQrJmTM0VuZczjzl0Gag2AGpmxt3ptOO9m0JHqlDzMtjHjLHqM1jgsnbZc6Md2tNuxwoxy4xdmw626eAFhI4AMScVCbPCPzgvYqbMtOUfRt0+vWIHRjeOcIr98udnPDTMC4hEiN84kvzqflYAW3ov8d2LbAGqtCShd/2TjS0cgv0ZhiesZ3nYJ6MlVKSKx5j08IBFrpAyy29RCYYgw4UEro1UjLuN83BhDxgjTgmMonDKPskSKzlGGAJOBIBct+HwpxJwJb0X+n6yRRogx7tnOMR/i4CwIoR8dnY4w5+0bJhMqZSBssWHYR6tkc8870iDQajQ6g5tdn0xogWamhSmOcEuEMl/cT4TN9/aJaCpmHAeuTZxRXjaIzW+GIdkg301otM0wdE8VzrUmSX2USwtxcvpoNxWa9mw4rnRN8bxp0yQeQSN8YiDxERTYbYniVxjiqeGnJAJwy0FEweqzTpFlK/3QAgfmpDh+0QQHDonfiuAGP/hHkDo2lypOnCTIpwkv8orIkxSZ8jUAyoby7Cs2Lkmz0DaPSYbwrLKxka378eGbDyaApRSOIOuf4ypXiF0C/IzsRrbPulkHPH3vLx6/iezwIXrzhHu4QAWFrJTrW+xUvCnMTYbIzhp8D2/vfUncLkdHNjGOhhefU2viEgCAKPFmto6BaCrTuA7o0GtEjM+kb4g5f5OmzTqC66RceOuIAW5Qm7aE3Io5MMOJaDsYhe1AwtWDkx83uDfLGIijBol0EQByznPuANisioQXFSIemEx2WUyCwYxChEYOLstyEJgUcOMR2TVHVxTHSK1xvPD/+kwkNPETFRIRt+WOI4DseE8mm+T4x6RFEJOhW24KJiLM2xHn2z2mvBWFVuY7sdvuAxNwN5+OYy6sAfDhnKOFEcAJdeMFQlkkSJYga4c1uagBjEa5SF6olQ1ClZd58iN5Hvn5DYrBI1A0q6nhGwCiAtIAigeqQsIjYXGHFolLzF4s+SxYFp2yNjATU/oP6Wai3FIuGxn8PHpZRN4OJHPJ+kQXxZrPrkdmN0jk1/nPZjFlZbcsn1xO7I0NmfdMubfN6GtT2DCXcMgjF6dMUhGHlcITgByyk19WjsRUJBhZAEAESqVCMIwQPztJbpA6nRAD8TJAIookWZwFMjznjLoMuXgEFbeUsh1aCkMEzlRkYMqRJDaSanTba0UCH4ZrvNL2fLRYQyOJFZFzCMACphRFMuxzTgYzEzFUEaL2c0wfhJhxUEP6RIOaD/avDF+lk8zYFyEUMfJxWQowhPlOQ+MiYANpuQHjsQhiG45Jm0B1UMwEYkqmJJ3Hbg6U4Bq/7AGToU7BoVmsvGFNxAstRAIyr+dmA2VMJjX6YNs0iG90Ycpln7GkjYfApBgBFyQET0IMV4gaZ8eK3ivwhscNCIwn0KBFuTID2JDRZSdkd3Zx4bO2Lpr7SO4bM2c2y3xuOeYuLkpwa7r45u6cjoY0Sh5sADo+Kgg8r5yucCgRXU3CM0SozOvwNNyuOSSHUBx3jiRK2uL4WFifqDbgmZ8+rp4YxC2jI6EHyul2SCZGDnx0jBIuxXDi0QDAnHFCoPnCHdkY2oqY29jtNhB6VFmyFGASAx6N5Qkw/zcj+B1iYXXUBmr+PBGSUMj+hxjJf2TCIkue8RBNlztvxvfiuyIB5KsUHEWC+AE03JGIRq3QyWCwEkaqBEVo2WkYaf/azvndmVrIc8Qtaz4JQLvxwk3zldy8A4F7nddJtAYM5o7coVZmorSbMV9AZkjwY5pkgkYgJ1xeRnac0BgpVya7QUMFmsNrtPuvJiAyJ5+BkXkmv1Y1CzS7i0ExrtpsxjHMnDZDgBrIAJQeySqdZw4iKlRBD4M8M8lyMASlidxEfIj87FzCvYau7mYQRT9UZBpjfNxfjNt6OMi3HLOwPY6wuSRg9DSYhbxlyUZ1ISIgQtJA4E4E8e5emNwEhI2LcEgDOWImauL4pTEDYk5VE0fMucZPNUndjQhwEfmpJ+RWF4YnBlEwGRr73R+JR+G5HJ9pIatGQ3OjpB5KFDazKWWIsuLhhkcIcbjlbjO0EECk7aKimhDW5GExQV6OxLiI1iFmkzfuFQDiE4M4HikOvmNG7bnkyzsZYwve02QuchdI6Zpj5NwUZmv+lN1XnoqoCxP1wEw15P1F4caHRaQ+EgJxZLu5y/8Bhxt6NCI87ZseDcM5a2U+qIQu2TaEbNEdweRMHSZjLJk0xtNfprMT1EZIYK56x/lL8fAh805ygxAq+PpWUhLA7OJMZD5kVOxTb//ViC3v7sHaAgMvITi7Y+N4ZpLCRl/XLJVsIvEmt0XPQXdBj8gJOXPMrWziBc40N/EB7E7dDLv8KEMyXnCctH1dbB5z3r0IaqlwBZsUHwdHIJClLIOVmURqPGMgcM/7TvnSPAeYfs1igiiKNoLVRMCmjJEFiHITVxIE8soIsjOWKBpFBhDRNAsk04sxMYxuGOXe2idy2z19gkrJSoi1XDImkPI81xyLNTTROfiFUBDcSfKsgCEZjCSKJtjjMFwT8iriTrU0WoNumOAPOEEelJ8Jtz+T3EvPwUUF4UG3M9iMH4UTPgw1w7Ij+l32azG0ghFiH/IYeBJRcsFHj02BZfxVnNZkRyE7bDAaTPJtkulDUWFlciG5wZb/KJjPFyCw3I5rRcDt7QkzhaDJ1g9M3hiUSVk4YTGVUIPnPoS6jV3fQ0QKZRVLK4QfWHTHufLlYS9I6PbGA4BiOLhs0Bh1MOch+qqfBaLdorPlAHkhRhceaEIlRMPxyZ1/ZDyY8UCexYoZGsZm/+4yivXcoFhShQjBn4MVfJtt7gIhb0aYUAYLkDEBEjHXQ4ZPYtu3Ax7Ll+cCeBSdvMiGXr6csWKUW6JjI28m34k0i5uYEea7lom8+numeTWJLRlZg9rIG0NAxoAHEmMvANzT5ZY7Qs0h69HcHnpC8jtYUoduW0pcRBvvBZjSM17naPZGUvpH76Apuenwkd8bCI/sWZNDjzjZxMDGoCJHmtUdhj1IaxyldphVIo5eUFSxfyZaagM3boiKJSbZYJtjGFEdngPbXtVQHeDONUCTNgGjmwy+QDHFXLLaqai3AjmD0xDE5nN1uT7B3QJ5oqLITaYYwBF26PnAwrWJ4Kbzx1KP5PRWvwFevFjE+AWuoxA/DG8LpmxMx/LziA4wRzFiEXvALHsT5yMuCbDATV8k2GUWXDw4pnKVQ2HWNrL57G3m/hOFso/5ABAkKTI9KR5x4SQdN5LUhiPCYtNM8mti7zgW3kg11UuGX1GoGj0izpb0skJMfs0gAhSl6438ZB2ivg3DZr2yeAs3IiQLJ1vei77GY0kJifMS1yf6LKaySYw55jKRtkOJ+Awxwtl3n1X4U0Ppb8pBG1F1CDU1CJKw/yLpl5Rrt/zl/2v07vyKIk4TQhJbzRwiWLZ79jlGXTH83zoU+VoDz6dcG+c1ENyfEMTLkRm1JpL1ICitHyaoZj7lWjTCIZZSeHz8RJgsGglAm8STyDg7qgkUAipUTjZ8WsSCJMYRRiP/hJ5OAtJU1UQAqlBKA2lC1IBoVpAw5Hu2LmxLXKiJTDHF/B4KgnmtmEhrrTUphKJQiECkDc4Whk213GZZImVI9hgT1YYbBIhQKEAEhaDsu5ikbKUACcFukABAIA1IxqASANijczUCatSkAaAosFSgFBScNwgEyuu+dkKHUJt6GwESKiJA0Aq0Ao0uQEH7X+C/+YMAAApQmZdQQ0hj8ye3i3dIUB2Ho/7D/ir8kC6RjMjhjFbYCCyDAJfeF+IXRfzU6AA5nknozzBlUMkJj1cmcMYlHXpWHCH3OiKvwqcZVDMZTk6Gt5VCwSOE4I9mHY5C2V2EQzmPNgT/2LE2Ez4rB9I8k4PKFuiHA4yDuia0Q8IWNlKmsxCCqBxIWxPMO8h8bPaCL++3EMJEx8lnOK45E8lkMPRakSS6MFQeZ432xWrN/kTIwyD7vM7DHB4n865zG90kjSq56WTA/clYOzFWU+DrC+Ee9PAgX/SeIxXUEB7PWRKbFL8U9Sc2DaweZMahDBTHFeTnS4QlFIJcHgeR9Mj5nrWaJYKehEhRhggqJNtI2BKED7XYN/bQhqbN0ukot4GAWzMkAAgsYtBEpiGBWyoaZCSaLK+YwNibehFk3TPFVFbW4VPpiqAZBFKspBPKTFVaAc3Acc98vYoYXSifZn1AE3BWegzcjuxamOjEHPtwA5MEL+txY+CysOdb+JbICCQGKkLVqlai05wMjw3yX9JIRnFhK7kPDdxryJW4HMr2zrhqvgU30OsEV6DiibC/Tsi2o/K0wTe2AKSmO2rkYaBicHCVlqCNiFwZrRVAp4TBlvkysE8+XXuDJHItc+R5ChCAHaeS89DojkSi+BE4fCKuhQUMOxcAgOgHkWGDmRYKW161ruqqqgFVURRlUWgApailQCkEBaANo4mUzf084QFssDMWIREooTkGGcoS2i2lgfoD6lcVUq0UIRaogEiF9i4PNGGtAl3VuqYCoQRmhLQmpaBTYqV1rTWRVlghqqIo7FZ5BQoAlRMdBdosBVFgn0IiIGX1SRUFFOh6ASjbC02uiCbvBJM7okk5EcNWV0RsF1gWITkxBw4VBKQQXCKoAYhA2aJ1TVWlda2xdK8hIIBG0AoqZVaiLaudsHsJAQKAGtzxIcSVA6XcyRglulgX8c4XOGnPnAXozVcQRVHTQd8uiKzbfC5W3NyqNCK4lNkGZBRGQLbvQZw7KIkK9iPYDWAW1JPAFr9duu4GJOe1PFHetaKE6SNt0vlcAhI/KxnGEMfwhmq8Iud2CkSZGEaT4kILv4TiXm4IY+Wdvrexvpl/Jv1BvAiZTTXlxf0pJa4/20HwxLOCLWFFXi9a+hN8aw5R7FgpQ/hCtkM+LDn6m4bzTfkYkzc/HamjZBslgvpwQRIxHvCOAbeINNHR4iLIiYNDp+CBAwkccSUk87TNaUqy1ct9FR8cksy7ocAqHSX57HultRtoFoaof9QtrXQEf894IwLl4LN5BhQmgtsjuXPQS7Uxc87IQRiFIynD/jB3DkOM+ABO4IkB4TKcqokNHp1F5LhndEps4SQGQaSB8kMgRJ5/2+yhostFtBGh4sgL5j3sgGnyzR7HnwVgouENwqMGzcnJqOMyixY5Yo6iWXDLmbmQM3JHa6Gg0FgBPMojgx9m5i+mjtxLvEMNu2hvgTUkfn5PGe23PMRjOvVswilJoLgxMkCBz4/0HCm4aBWUm9pMTu6+D6kmxFY+HdShDc1teOPMSEPS76RvvrocXcwqNfrggImPIxtDqOHoB3wQ03kh9p8bDWR2Imyt3PTv7iMDERtoRoBElcRXcOYxOLvIHrLuATdm5GSOGyEZuXvhVMGzzo2fGkl5Ma8XYUZy56JoyCwVZ6KoGzgrZGMdJCIYGWmNdDtVBdO9SlcaARQqLBQR6EoXymziM9kPAaFJ10Jg7oyo2SeLyMe0x4IiKCCoKlVTpQCUwvnz2u0CaoI9e6b7fSqKllKgERSAYpvWCaBotcsWAMDMALSmAs3OVyKAuoKeHnTa7XYLW61ypGwPqnpqegCgCuOIld1ySppAg/ZL8QQA9uSg7khZFqA1DAa6rjQWaIyWMovCjky/bk1GIDUQUVVVpGsjWLWGosBOpxzUQHWtCkBEBaBM8VtBoQpUhhcAisybi6RhdKyjEKd71b6ZyuS91aCq9KBADQiAykQ4ypQApQdDAo1UqJZdAQW/g5WLrXmZ1Z2xm3d60cfZF5mksJGQ/8wVqwQA8I0DDkTTqIH5c0IrbjqEGErw4iAwesQxdvmnkaYm+EP5ODckQ0o5bCXHz4Tnp7klnCpl9201Ie3tOfODc40JHFIv4MqGuSLdnU06gQeNPPGQbzzFcVvqytm4zoizbA3ygZcU41l4IHZgzomgWeBShPAso8MszBz69lYwE4YPzVNjB2Jp6nDcsnnU0B62VzTdvqPN1jiGWYBZ/IPs+Tt5/udZRP6FSzRmz9eGWKixn6rFB+V4Ns9mQwaRh2ZsSaojfGKwAY686QNvA1AcBVfaoBEC/YZD0iZbNKIihB/GbDriu4P4wMEvJYUWV7iVlkIWIQRfWHVqqEuJxgp8QY4jOrbwygD3pCgQQ445u5C/aOpoMeVtMqANTP+aF888tfYmAAFIKUej5UJoSWz5VPoU42YQh0oDIgLzTaK8ahgb2JESyD+IUeKYCMhsk3S/J5BgK8nn+2rcrfDVL+KkSeMcrngxNlJUiG2NwISXvgJd4U5UYIPhN80trT21xOmN6soNsh0vQfhUHJweObqE9iMSkVIKYja6Qcxrbejfys8MKiji9omI2VLRhMwpP2H5gCmd1UIFtkVEqPvRjNDLrcAgYGJf3WlBZkIdiQ3WwfMuNHGbFO0DBJ+oerGV1UphKsAfIIseh8y46OjiVsXDD8tU2ajCh5HA3V46jCc94ZBfS4q4TVSW8PRTzzzxxFMHHLB0zZrVZdnpdov77n3ky1+5YqY//eY3vuGC808GQACtyL4cSexMKbI7q+0mT4WkEJRy77AQQV3VNQAqgPbXvnb5Vd+/9tgTjv3lX/75dY9s+tFVNx5z1GGvfPVLxkvYvWdQazSLiQacrqHdgb17q8989ZuT05Ovu/glhx++BhBJ1wVArfVIu/XVy773tS9fcfjaw371V9+1Z3Lf3Xfff+G5Zx931Krpga4qAkT/Aqe2Pg0VApEmwrqu261i48ZN3/n+D++6+77TX3Tqm974qiWL51cVlWVhFjdJW6YiFgYaCz90gTAy2mqVHYVQVfVot7h33dP//m9f2L1rz5vecskrXnZe2S4QoCjsWy4aoKpAEyjUgMYYQHekeHLDtgfXrT/nzBOWzh/ZumtKFa3Fi0ZKGMmIUcNVA0xNu3dEyW1kYOIkfIYLoiE8Z0+ZzIjnspntHLshYGIpejIbENm/ZNxwwysaE2hWuxIjYXgKxEcBlzvZMAdscGGH8fUlUeVFVuhxJoBrVSAfnC4gqdQzo8CL4WtQCsxHMJOW7GINLaznnbUwEDVLat2NKSjaX60NrsSaah+1J7ESgPsNkpw/jQlwQVTWeQf/1ZTA8E1wzCt51xZVn4cgko9niAKUFA1OYJSPpdByFORccBxQ+SpDzBM/EVFBXF6ZACxA0781AAYns2wIUjIkVhGQ4c2ioZUXV4DsakEGeQDSuimg0lqniHk0hq91i2XVpsuxd4h2mR95TpZMvB2DVLqV34QVsk6+R8VohKtwQjOvvdGLEEzVOyYLAybJ5k0iypgUcwxVAydU1qcEHC3gRjIkCWUIxRioYZGUw5vPqxBE6T2irIjY6+yNaBrnkPKULy7novbwCIRRSJFEh2m04RVFrBm8DiZj8TkEzjznIIF/xYxBM7CyOQ/DJsNfcP6KoSB5lWUdo5CTBnYnYnD2EVgvoNxWspIS81hsKJ6WYi7JAJ+REwBKOfHLH4HijO2Jl7MdkhEYYZtkjYBkgTN/Idv8Iyc3WpaP5ioa1wUdrgQCrkqSqNnw+KLJQHNf4tvkasAGE7ZHyw/JA6yG07/AK7h7x4U/GIZ2HL4hQzdOmdg7+C5OjI7AIHd0izgIwHWVZtaDN27cIyoXW1mA6V7diSsXYrY9WI+gf04QVoK5RXZ77NgmG24HpQH2/YxNijkE4ps5D0m4z4A7gijbIYD5IRCEfl+PjbSuufbWf/i7v+x2Fn7kDz78yovPK8rWI0888YXPf2Fyevr4Y0988fkn2SOAVHiT04yg7UmwYOZDKyfPBMj8pUJdg65quu66a79x+ee27njtm97ymv/4whc/96lPHbjmkIce+aU3v/ENK1avGFS60tBWBp6ua12q4vEnN37m3z//0EP3VL2//uD73tluY29QawICXbbad9511w++9/mV9x5/4UsvuPrqa//rc//60otf/bsf/MCpJ60tWkB1DYSkqWwV7VJpgFqDJtC12Yhbtkewr+GKK6685brvbN3085dc8uqxbtu++Cr4CwTQG4BCICLltv4OZgYbN2zbtn1XVfXnjXfbLbj0v776mU99SteDzkh58JpVrVY5qKjVKhWiQpyYN75k0fyidNt1Sbdbxeatu/7iL//5+9/9xhve/HPv/Y3/c8Shq7btmrriylsfe+zR8fGO1lS0VFmURFCYjcRIZaulsCgUKcCpmZm6pheff87hhx04NVMXSmlh2iMqrLyapYogHUyonKHzt6zF5FVv8k6QnITywYyB8TZfGHH+ySd8aXGr4Xtw/gFlboPMKwnO3QJXExKVqbCvKQBAAJ6Uo0tZg20Mntq7UPNXZ4M1H1jFz5hndD98YsyLS0Obd+twzrBHUXtWTTOygM7bOGfhz+ojHvFIL+kEiSICvJ1JcRueHif5j+jqAXKvKiunQxKebAaSJqVpAT00cJm2GIlXe00YwPwQ0508VsD23ETTmmJiNCYfP9jwbdj7q7PWJrKy5AdL2zCXIeIoKzxZiE0TFKVJxNxpNBzZTaRDorhorrlUZ2UgfAYnom4SOZQoVYEkP/dD8BQmRy277cyA1zNEBK71zip7KczU4yUCw8fMz7LnIaOoUYOYqKfyxOKknALkhpZTIOhrPH8oK8hcN5uqaBZHCAEaydspFQb0sOJEM0pzuZqqIwYREafO+fIEBKeWGddXOhpAsKZCMmSTTO+5742VYhQHAzBL9hXxLf7KfpfMghsyiY5lIbdpxErejPQkAstNW5IGh8+MD7OpDLNTTMWypEVGP65czjKMxVkIAv8Qye3wVHkOJUbbKueSxZWPpmzgZjvy9DXxL5wIMHtPFPLXvqB5FhAj1YjbW6sdYmxiBicMqgmYqTXLFEQaAYjIHf6CAObIGYWK/zBGGI9YcOni6cCDhun2op7cNb0j85dYw9xFEB0klFxZmRO6ju5NELMlVSkY9Om222974rEHJxYcMtOvq7ru9+te1euOdSogTfWg1kYPlOOhrkFrAkQNqG1IAoRUAGmjZXxPg0KiGokGgwEhFq35ZVn2+tXxx51w3InHP3Dv3X/xyU9c9f2r/+BjHz37nJP7NdREBVBdaYVU69ZVP7n2uU3PLJhYuPyAZe0SqK601kSaNBDAyNhIUS6Yv2DByOj4WLczM92/8qv/9chDj3/k9z92yWsvKJTuzVRjo53H1m+66tqbt27ZCgQAtfHx/UG/UGp6enrf5NTY/AN27tv52Uu/vHDewn5/pigKEw2qErXWLVTnn3/WKScfXVUaSRdIRHW71dnw5Oa/+ZtP3XXnLZrKVoH93vT6xx/RNAXY/eEPvv/II0/Ug7rWg063M9odmZnpnX/Bhe997/9Ztnhs0NeFMlIH23fsfXbzpo3PPfvZz37+/oce/aX/8+6jjznyc1+49Effv6woRquZLQAE0AKoAcrWyMJud4yo6k1PDgZ9BUrrSVBjf/N3//TB9/2C1nW7BCB/iFSzHAkdtHF3RgZd2jJMqITFMqINGAZxfiFBh8S/AUik3QxphHg/GGVWmmwgkYuMcFYjKYI/k7vZTmn9hy18EKD77QbwC7j2abNi2/hI0JM/OEfSF5/BMdTXND6aNV3hIFIkhn3df4ANYSTLdvbzKMrhC2LpHR55i6cSaJ5SF7s2RsJsLPYkieGoIX7IIZxB43/7IqHAueCnoeP+Ttawqzmim7U0k63U+y95zZx1NYK3hUzYmUEm8vX+XX0JKcDJCVFKyVxkIBUVz7WmNDVSBMqxek7hStS6gaklz6TCYjnlO4gCgCHP3IckVg5ARU4VYjtOgds7zksdYgWGlZ2y+iDgDckB2KpE7Pe4BUEhwVFxMav/5Jln4DjgaOPjkPqEpR3wLihQka6hBdx5wM3uAjv8QFT7AKIlGLZ3V1SNgwPxJYPm2irnwJBXFjDSJellZUt5M0dCfNPhDTn1bkIJ/CKkA2jgu0QkNIt6ZehifivNvZuKgzHmiRgZUc/cjLqnpdOGUha7z1IC/ua8d4TGKFI8SgDC2N0spV6OgEwIjwpIKaUUsA3ZPqhlehhEz7cIe+ZA/oPsRX32wjJgraHWRAAFUqvAsoACoSywKIGLiR1DEwFoTbWGQU2kqdYI2pyDighgTt8Bc3oOhZATAeLf6uLbYqU8p1Vgw3sCkU4aEjx4KStuun2p1DOQ/4SHU4VgeDGwFigcq2PEZ6BhrKseeeKZO++6U6mJV73u4hdfcIYqu2WrQDCCXQ90ryzLogDtXmAxIxNBfwDVQJufu0QADaCoaLVLpQBNtQHMWbJA0EKAzgiMz5+PgL3+THdk7Fd+/W3nXnD+n37ij6687OsPPfLgQ489dvRxR49NjBAgQV3Vg/nzRm+54/FvXfn9XTt3v+yi15x/zolEdX/QrzXVla5qrXWNZVFrpYpi2aLRX/u1XzjxpJM+9+lP33DLrdt37uy01aDX7/d78yZGfnr//Z/4w09s3/QkwAjAjOPsAKACaHfHF5TtiUceevTeO35K1QCgBFRAA4C+a0Yf++O/O/3UozVoTXUBuoZBobq7du656847HnnoJiiXt0fGFy+af9jaI4FAk67q+qknn6r7g0E1M9PrD/rTVW/vxILFvaoGBK2pUAAKKw0HHbj0Tz/xu+ece+6n/+0z13z/S4+uu/9XfuODJWga7Dn4iGNOOO7iXr/X7/e77fb09PTDDz++ZfuORQvGTzjhmJWrVnU7HaWpaI8cdsQRGqBVIBqGa5dQInjd4NoTmVMUPsC582wsFASYA3DP/IHDwNTBZW9pxdR9j1YtMKiAe43D4RneHkIOIsLSn7cBoYOFGI7o4nXZEFPIXbcsK+dRlCyrIyBpJPfr0FwJs34gXdth3fKV3Die5rwIsatbHCOGo7EysUMjPrsh5okiC+ci0W4cDEIkTV/G4Tr4zE5Zs4e8SzaOSuH4FDTPjVzHbBvO+WzhmHhaglLEhsQhDVTIMoFIeNAnAl5Dk4grUb2wN5tYqDycIWJNj5HgQ/cwI1EAL+nloAVMtnASRcsp1dbUON0MMPgQkYRA48WDnKaZzYbxHpMo27QQogQsF+rEAVji45NFP3H5mq2gMcloUsHiyWE2RG8i2bMIky4R30QKyhr7WeZkenIdzhSMTwgJ3StauQkqoynGhFnDr3xjbrKj9vwFON5jeDbPjAKmFh2EoBPFJcFZizEOI4pvJVd2cTyyfEKSPLE8DsgOkWNIvobHkofMjPmO1oUCP2glUevcJAkcPeeZxw0EBrUckpyHwZrOBGru4ClqvJkazRd0cakUwjO81/9KqY/bXM6TSOEbksz9HSqXGEd7UTPVQQJCQgRz/Evq7bJDGanxv8boFCHL1eBzpZASb+FDSRtdWUyJag0aqEAaKbFVAiKShpqgV+GOSdq2t9q+txoM9KAis2qpCmgXqttWI+1i4XixeJ4aH1FKARHN9KlfmaU8UIg2u2LyQQEH61IdYkMWKJF1zF9Dd4DQbB+bWluQJi10A9QmQSnL9vd+ePXT659E1Vq+dMmOXTs3PLOp2yk2b9oCWldVvXnLloef2Eg1aIKyUAioCiyKloJ6bHy8MzJCbp253Va33Hr3LbfeUZZFp93SmohqIFKKiKhG6HRH1z/5ZKtTbnpu06c/+4WVBy6fN7GgX6t5i5auPujAa6695sknn3nnL/zcMUcdWPcGrVJNT8GXvvqV+++/t93qnHfBOYcfurxALMtyMOgVqlBFAYDj4+OosNebeua5zRMLFp5w0omHH3n0+o3PtLswOd1vF6gUktYrli2/6JWv2rd372h3pBrMmN9PIaqRYPee3evWrdu8acuKlSsPP+20eQvmKSyUKlWBuq6I6rrul9g58cTjK+3fIsWakIA0YrfbVsXIeRdd/PZ3vg1078brb922dfPyZUvXHn300UcfUaKua9j4zKYv/ed/3n7rdSOjYwqLGqDWZt+R0gSjY90Tjz1y7ZFHrFq++Iv/9aWJhfMPWLlkwYJFiK0zz7vwzz/5B6ruDwbV+NjI1u07PvLxP/vuNy4785zXfuxjHznkwCWtVlmAqmsqWq1+BUVZgIvwwLyoQ0LuqMHKZcWSSXaTVHIAoifbkdsQCgg3gVLJWS8f4GH4C0OUKBiunGaYXMrYoPh9AHLjIL8VMEPWm3UD8IUZ592FKZzFQlNyIMesV7J44m42jpBvnAYYESael7lgXTI58U1iODkZP7OzzFw8tIUcN8RihrszF8go4UfQ5giBxFf55suQywZUUW38hfJvto4pZIF5LiTINBsC37ZuplqEzX7jvwjss1lTAmZOM5vpy8KwyIg0Ou5myc8Wkn6WS0jRC90OkPbxdatGAs2/jbP8M1HH1z/tbxaLqhjD0nzg2/EJ7NvnGiKPAmCX5cSxKPbi3i9xFkM4y21HKn9RFSS9iCgUkBjb8iZGpGjEeRKvMfJglNz7hL526Aqq5CJvlEcHe2MUOYq4GtFkeqyTtEhFlTPmEE1JOAfB+BZfG4maKOas0ZbNiD/MnT8UYAsPZjjUfCaQBEIcggQuKpcJHM+vrE7xQ3bswcHsKSZw0Eu7pIuXZuMh5LvykadHDyGaUwyLn3EJqoEJqcDvh3/1y5h5DQBxk8Qk5mvPJt/0lgFYwGhB2Ev73y0EcEeR212D7rcs2K/Qog9oXeBlDlp1vxlY1QREqoCRFhKq3dPw/Ha9cWu9fuPM7smqJpjsw859+vldg0FVVwMz/4QFlojtthrt4tIF5bIF5cJxNa+LBx/QOWpVZ+EoIGJvoKd6RIBKmdly667uqHQrLezsISY1bKnF3xYuIGVOGhJHkxii5xAdu2NVANhXFzOaXgoB0WFJGnRNmlpFsXHjjm9/+we1hs746LXXXX///Q8Oen1VllNTewmoVMX119z49FPP6loDgEKs60opUKqs6/473vGOCy88E6Ag0rXWo0Vx4813/MPffLLq9fo1wqAXZtv8EKwa7YxNqLK16bmNn/qbPwGYAmgZB7Rz29b777gGYGTt2rXHH7Wmp3FibOS6G+6/5pprpndtPvfll7zpDS/Z8Nzz11x/+1FHHHTaScdt2Lz70cfXg64eeWhda7S7Zdvzf/JHn2ypanpm6pkNG3ds3/rXf/4XCycWv+m15xdQ1bq68JwTzzzrxJqg9BkVQq2hXcCG5/a87/0f/vbX/uPs8972yU/8/poDl84MqFNiWVp2VhWUCloKejUMtKo1DAZ1b0Z3RnSfBjODnq6rU0447p1vvfi6G25/4MHH1q9/9MBVK2tdnHTyyWeeceK8Edy5u3/PT+++9ebv96am6n4fq06lNdZFqwTQNDOoBr2ZsdHOO9/26rPPOrXVbrVGujdcdw1R1VZqYmxU91WrRapVPP7kU08+8QTUtGzx0mOPPogGdb8iKLDTVarAXk+jUsb6Z7SOZaJOLILuW+VG543sK9RSx+2b1s5tR94SCPy7GC5ETKUcorPcs+kcMBrsmM5x8nYGkDspgzwM8ppnbAr7nRVPKjTGwd5fWX3CcDtoWaiA+W+ObSACdbZAErstTyggILkTEtwiZGTYYx8b3II3BLH5jl6UMJ88HBcnxBZfjusq+R4nbsuCeYkJArBHmKSRUhSsN7IlwYq3j+43hYJR37mE7CLcykWGc81aZTMToAGbN6YdCGh/NmK2WoXrkixt+Q/xTbNK5nMkuaLlP0Xw7W2l+E0j2YHhLMqFHG+d+oZ4AILUJZTxjrGWW40aEp2kgVYam6Xs0uysI2R8cCeUyh2XJmWQnI+uJslIQ8S5pI4C8ySVbUp2siQPAS6WcBHjk4f8hDmjMWs5TXxuGJ+nkCVDwvufHGS5BSKmh9Pgb7owEqT8MQfkwsoGRF20xXIMKXC8xpCrNzSyywtc8C8uxxhuYkReapy68012cw+l7xmiDxn5mDyLCPBzo7ujXjy34gBDdCI2rHHN5hTS6F38+LcuBIyQcDLv5RbXOZTZFcli4roSkZhEwxAK6IVSJZNnEaig/THGmPKGAg9Eapmoif9g4xTMrGLFutdcDmwcOpnaJt5R7is22BrPUoxYMRf0YubNcpm6ydzreYgmD3OxiuwndYSHdwDRrjkKv26gWOyqCbSmTgndbrG3D/durO95fObRp2ee31M9v1vv2lfVA122UAGVLYWkAJC0AntkJVY1adKA9MjTvQpAFdBSsHJp+9g142sWqQOXtk44rLN0AqqKpvukCQp3mqoKvxTIInF/uhCIKeTuFPkdIH5GSqzSgUHCrNnAPBQOgrKjxyWOlD3rQsDQ13qk0772xpsfeeDeuqb+5OR9d15v9poCAMCi0fkTSsEdN910x03fAygBCgAA6LkB6pNPOe3CF58JBFoDaNIEg6oaTO8tyu4rXnbRxPh4XVVYKPNrJgqVKrqPPb5+3boHik7n/PNfu2DRgsm9U0SoVFkoHPSn+j1atnTJdK9ulbhrX/3lb3zriYd+uvSAVR/4zfccfdjK3/69v7z0c/968Wve/JrXXHLlFd+87ZZb6oqmZvYWrfbk5L67b7sWoCpaY0uXLD3qmFMm5q8gUhqg1Sp6Fd5w852PrX96dKzbaXeKElEhaT0z3Settz6/+9mNG1XZmdq776677n3gPtw72SsUENVaV8Zmz8zUa9ceeeopx0ChWkotGG/VNFogLFm8oOy0AVqrVi0fLeHk44743d/59etvvOUH3/3Jly79Ghbto9cevGBkwcREe3xiAgC63fbS5QtbJUxMlLqGfq1H29hptaDbIl1V1eDwQ1YAwK6906pQAIiqePCRp778pa9s2Lih2+08cO/9Tzz6GLTGbr/9rvf/zp/u2bO7P+h3uiNvfuOrXnPReVVVt8pSC7fGXkVEAve7oVJAvaW1uhofkBz/JYCw99yZJoh7UAjcYpF2oQDvE/m06H1u39WF0SEB8sNF8S47cCzxdLmLUr/qkGV0kKAMgnaZn+ppBJ5LukKUDISAKH4SMDHgWeDCerMkJG1NokuUtrnIRNxMq6MWJbGXTkZQpk3qSFgADYx7RKSUmnWxAXIMTGNRHlSkoeDwuDxtb2KAbGqX4pNini0rOyUi8NPdTDKAn5dhbXhlnAdO9inXGgE1f3mXES9jZF9L9skYy82GXOljkc1KHHwh3mlfJuzPJp8wB0zCWM3T6gdNtEW2TBL7FPJcJLzp8qHjcAizJrSzSiy4sByYRgcux4F/yhJz14cs0cqDmCl+lZSTjLR1lgAjgLyRtJvMEiJ7YYrtccmPzjN+CJlTWuiCROzYV4EXMBZk9FxSGpdPQoSZIut/cL6JP6YVIMg5iaDEhT1wGUccS0bHwMwCB8AvUu7XJh/f2btwYje4gXPJ8Wy6hEGIWaoJcfRiG1twGEtUsAZNcpvAaKTM4c8siHeisllIjIFFBj5Jljaosdw1XKFkoTHmJwn+89vZkljqdTLjznJwhbnc+Rt+7Aa+54TShSiokVx4hu58mqSVB8s1Rvtjbt1DjaAIkKgmXSCOjapt++jGh6YeeLL/0yf66zf3pycHSkFZYHdUlW0sFSow571qE+kRWTq0RiLQGmpdFEQEUNf66ef6Tz+7q1OoBRPqhMNGzlo78qKju0tGoT+gvtatFjoiHIMFJTk7IJpR8gzFw8SRZXgdjcerWsZOsl7ehSAAolZIiFjpYqSrdu/t/89l35zeu+eAFSvf+NY3tlH1B/1+v98qWxueefaaq6+uKnrxRS855uijUBVl0VZKEVUIqBQOqsHpp59ak6q1Q5qgLFVRtJatWPPB3/vwkYcfNDPTb5eqKM1xRDjSaX3hv77+l598gIqR93/4904/6aip6R4BdLtjRbs1vW/v9N59I/MntO63OiPf+v6137/yMiT9vg988LWveck3f3DD5V/94u7tG7vdsXvvfeCm634y6PcPWHHQ2KCzefMzrdGxt/3y/znl1BeNjHQXzJsYGx9ftmjxihVLB1UNSmldfvpz/3PZ179Qlp1BryLQqAqtCQE67Q4SElVE8OMfXHb1j66cmelR3XeHzPcA2t3RMU30jl/4zWOP+fDCeaObnt9z/4Obtm3dPjLWuu/BRyb37oGidcdP7/mfKw+YPza6dNGCo4866vFHNuyb6m3bue0HP7r+8EMP2rV790Pr1gF0duza9Z0f3rhj5/bFC+a99Pwz5k+MPL978q77Ht66bccZJx679rCVe/ZOj4x0qrquqwqgaHVHd+za850rr3z68fuhXABaTyxYVBTFhmeefeayb3RHOtuefabq9U86dm35ivMGA10oQBXJEDL5IxCZGD+8Nu4io4cIlGiakVEbaIeHsW+z66vOnszqPlxthZlI8YHRzI+rtSGHU3fzPKNQlKSflgUsBuEURyAUIiizlUZBqsGW6Izxt+U8wmyG3OTgcqFtwhEIlQTxBg00zJnKjTTcPwT8An94WNbYMUpH55wt2CF4kiADwmwGkg0a5wLcU5UtH2QvHg9nVjLIH30feBe9c9t4yVnLr31FAjMrvZRfGvXI8g/O1+QSCTmhHpnwNJHkyJTMBe0h5QZomPFs32AQ3aEzPtFKhww3c4takf/3/IqLawnm+yvzHvPg7JuXInn+0gQq8yg3iY1Z9xwuytrKBE5pJ4C5Cc+cdFEx0s8Ib8J4IcuPFzZ+uIjWhp1kQ1px7pwjIEYiYUFuIkPtxjUWMmojNHDnIpjgmsRowyU4QsPWb1BsSPBpW8QtRlhSvfDlFsnqSOXNWUbR6Se+IhnSj6D2jguRVkiU8lYweG22VOPMlrfOiDEDU0jRK8hyCEEh+eOtvX2keEk5F+bnzThPd7MYUjq5CfS4ssj6o+N26qvE0KmB5pqV+EiULYOusbvA5CS/CupVqdnlR9yQOuvuoKvNI/is1asJIlppSkJNAEDQ/uxx5djliSS3z9Z09TsH0ZEItnNk64lIt0tFqO54rPftm/fc+8jMzn16UFPZwXnjqigQ0G2aBSCFQEBE/jchCMAc3ErmZVaFJSEAqEKR2SpQ0/O7q5/cve/ex/snPFKdc3TrwhO64y09XUGp/CZEU9i2uoi2DMysSzaCzMquv6wNYGKedQyM265RNg3gsQUBkAICVKpQrRZ+/ov/fcdNN/Rm9r3kZS//5Md/Z2SkNehXVaXbrda3vnv19dddU9X129/1rl/4+dcWCtCtO1tjjTA5DVN9rXWw5XWtdY1Fq7Vk8aIDl8+rAAoX2fYG0G3BqgNXtlrFnsnJbrtcPH9k8fyRHXv7V197w9MbN5x/9pknHn/UdG9QKHhw3frPfubftz7zxJID1uzYuesP/vgfvnXF5c9tePywoy54x7veNm+0s2b18pUrl605cPlXv3rlFz7zGYDyza9/w0UvPZ1Tv3tS9wekS1WWqFDXM7sXLV1z/JknTcyfT4Cj3e7WTVsefPDBvVNTQOWihUtXrFwxPtEd63a63dG61r3+AEDv3Lnzyaee2L1zF6GmmgoF969b/2d/8tePr7tHle3+zNTU9KQqWl//0he+ddkX581b1C67/X49tW+qAn3bDXvuuP7qTqdT6Xrv7j3tzuK7br3lvffcvX3rllWHHP63f/uXP3fJBbfc+eDvfOjj2597+tWve9NHf+83jjhkRQlQaxpUtdlaWqqybLUXLl3z1re/4+STjq9rQiwI69GRznS/vvTTn77v7rvLogUAWpMGjWZPGbpyFQG4jeJBdfzRNGaRx6mf9xNmmnlM4B0b2xcDkF9XdP0tBv7Hpe3oIUCHYBWl2gdUk0IxsgZMtqX/QuurfFBhVNMi5M0mzzhZNsDoM7plXXkm2eLYoQLlzUKccefMgPh1LqfJDm0isaxk/prXOsKVZlZ+cwoFUMAgR+3NU5M7R5FeYAqFm9JTALi8ndk7QSq5dsF05FxPdDPlVTbZaEosG1e0mKOcS5vs0NnYJgDM+noeW5PjGIopiLa2mUQ1t9Et9igcvZQdaQIcmvk7spgewfBhDzFpzES/DVeaC3CVz8alvM0QPwkN8pBCi5+ypSwrDJKEbDgk0hw+v2Hew3krPGSfVVbTchL/mkm4ZN8MqnO7+FjoVZXb52CdQlCCIB9G8udtpLTkUTQLTDDKJqyH0yODXKZ1MgVt6ulnw9PThMTsqDRciZAIZ+FQheBrQuMkg3oBw0dXMwQbu4aYHGA2xZvLhiIxZkR6BL1psCYeZANiaVDyeWZqZwAguzbLLULzcNG4/wuXl2H7aW4bt4aWu/xdm0X/DOcVDa+czRHyfiuTrQI4Njf0Du6L5E1AZRM0Yi6UeIuoF4DNFgHAvmppb4FzHdRpqakKr7576us/2vHEczNFUZRtVXbML1SCNj9YqQkRUZk30cGRYB2CclsSiQjcrjFtzSlgiR1AANi9b3Dd3bsffbq1dQ+88azueId6FagCtSZlc7FgviNvD17qkSek7M2N2eWLuTd/gwUiBj6D4djG+gtNMVm4Ul+94rp/+5d/7k3uWXPoUe9+11vnjbZ6/UGrQCLqtrHXnyG7MkxlQQBoDwsmIIBBrQeVruqC7I9/WlI1aQCs9GD37l1bty+YmpkhDWVRAEJd0wHLF4yNz293J2aef277889P19QCfe31d/7BRz/2yIP3fPxP/ubwQw9SCN2RkVvv+Omt115V15NbNm/+x7/967qeQaw6I/P+76//3/PPOLos1bFrDx0dUQrggYeOGpmYv/357Zu3Pb93avD88zt27Nnz/PZdP/7RDSMjEz//82848MDFuoaFixaWrdEzznvpH/3R769euXRstD0+0vnvy37y55/85LZ1D5540mnv/oV3nHXGiUuXLZmYv2j7jn2Tk5MjnbJT4hNPb/iTT/zprTdev3jJ4lar0ADzxidA1/1+f9m8xbvrup7pj46ppYsWjk2Mb39++7ZtW0dGJw5YtRKL1sz0dF1NFa0CB0WraFVKdzvtA1avPOTQgxcuPECpVq+ChfMXrF616vG7b/7Spf/xzLNPv+lNb3rHm15e62pmegpAo1JFq6i0HhkZP/X0My666IJdu3YXqqirSlP13HPPdUY7vbqqQAOAJqg1oIkTbOjDtIqYFIW4gh0ijUIZc1JJ8lOIZTPn4cjQGXlkM7uNagjxU6RSLIlZIYyaetvegCt71USS6vYt+/bJUQ0NHEsGkhlXkylGblX2z2J7pymdhbcYwlI4IvKLn/t5IbJwTj6Zbcb3yyEOWQl4Adf/lsckf+SyK8eLFBdC7peVP/dv80CU75oDE/D2971TCBmm18rmi9fc0fnvDBL7PwWzEzNr8hmjEBK8NBBqmuVZZp9FodmwHMWHuW4wjHLOuWs3DzWjrPWFLahynFjoa8dyo+6/fiWZlhxKzE4JqKL33WZdveUXryv4vJ8n7uhi7hisM67sC0u1GTvQZd5ctprMULTSk9DMvBMxIy8VYtZQntNCRKLg4aJlDhYj+LyNCVCtppNlgiDf/utiVtPTl9wkYgy9wJaoUJTVExHUxm96KqWIUeFSgnjWWGwcy509ZIbXgRBQo2stEHNRe0hBiVfQE3qHXJHgyVW7IJw5XgQ+a2+Ik8qcFc4GA8AXP7kMc/yGR2Yka5YyqognF7niMIGXq3Ehk2Eb4Z2LcshE2gWAPMJI6sTurZa4GkBAxM/fyRDo/iKEHWNO0i0m2jIKNCEStdu4t4ffvW3yqz/YvXN3b3xUaYCaNGlUisyqp7K/x0egEYBQWSQw/F6JFbcCQIOLxO3yqDb0IkK3hUrBrj39r1+zp6rgPS/vlgXUAMqkte7oS/RcQYxp9We8WN6x36ExWCCgC9KCgub8PMjpDHedJRPnx/EEBD0SQESFgi3Pb9+0eQth+30f+O2zzjhmcqY/6M0UCmcGuqXU9MyMwhIJ9+zZMzPT14BgzsAFIFCVhhqU1l7EEAg0QFX1Cct9e/b90z99emJstF/1SyzanU5/UJ191hk/99bXLFm8uNud0INqct+kIirL4rY77tjw5JPz5i064ojDxkY7vZkZXQ2OOPyQCy961ZYtz6xYvmrTc88+tWH93h3bz3v5xW950ys6pQKA8REFAL0B9GcGrU6nKIov/Od//+BHP9nx/Ladu7dv27Zj/UO3rj749Je85OzDD12yd0Zv276tGkz2ZgarVyxavnji0ae33H7nPZdd/o2nNzx53LHHf+z3P/SG110AAE9t3HbVj6++7vrrO+3xd7/7HUcfsaY7MYJlZzDY+fi6dbv2To2Odw8/bM0Hfvf9g+l9q1av+tdP/+dl/3Pp4WtPev/733vsMUfefvd9//j3/7pw4eL3vu83Dz1k5eSe3bsnZxYumJjZN/N3//DPP/n+ZWe8+nUf+ugHx0dbHdVauHjBnun6uGMO+6u/+vgXjz/+ysu+ce13v/7wg4+dcszhhx6xZnpqEgAK8/M1CnZu3/JPf/XnX/jUv0zP9ItWqVFX/V5ZtjY8+WirBVVVA0ClqdQICArMoXfhTEPv3tG9KUFBLAmZY7ECyv2hNwYyooPwNLbXEhozOnEMHZLeYKqkvbM9+JFxkFMNrnPeSXG7inYVuMl5pEEFsYMD0S/yWawFIQRA7p1wAEAalozG7sby2py6FpwgOmyi1Rs2VeI0IYeIAWnhGCfrV9jk+6WsZVOoQ8zd5JtIR+YIFDAT/5VpIzvGwRV7Onw1KVoOysIffu1X6Bu1JJZ+ozuiAoLkh+lhIzHRtQd1YAjtbAOyP/1lvjec2hEwZ2Smq458QNMiqshEOPNnJnqhlJPZm+wpR9erJGex1DspAGxoQa9SvEs0Jk8TojmKPnAGiiEoXhTNxJ+iipTKDAFg9ihKT2ZMlBwRmoJG12AI4fxORDJE0TWAD39iSri2IioA4EaECABs9ogojzflMU5GMDxWZfpsyDXHVJtzgYYeXOR7QIx7/Hj2bsltEqto0S8isr+xU4pdkchHeNyeDs8nMMHMOw++t4JtvRlyDXkuDXy2Ra5/0PPYm87V+M6KmR8o7jKHlbrIkmYgNNyfDZ05XEF30KbMyIQpN0QThzlK+XqVTxRzVRXfMbIIouNcCBI2s+HwYVY+CPcD1TFdEVESlhg8esLwpiYFjiJK1JYDtaaWAiK45aHpr/9kz/Y9g/GxYkC61tq+5gmIoFAqIgKEs+6Cf+VEWC107ZVDAgFQAZYl9HvVVbfvWrtq4QUndPbO6JZCUjbUDL7d/hM4hk1vTrOQ2yLFQw6wkQZAJp8V3El83xCZIEs4aoKff/Mr9u7ZuW/P1K//8ltHOiUAQLcNABMAALBk6VIsSkJaunTJ6EgnBTWjYe/eGkkrF9ciwKA/0IC9mf4VX/4KwCRAAVAU7bG6pgXz5uvqFUsWLhibPx8Itm59HqHesHnPbbfcPj01feHr3njGmacUpSoVVlV19mnHL/6LT1aDKaT23/3Tpx5ed/fKFYf/yv/95RVL5k/3q5/e88hjTz615bmtm7ds/eldP+1NTY+Mjl77k2tgsBmAAMqJ+QcefsQpx59y+sjISFXBTFUtWbryuJMvOOu8C3bv7V99008+/4Wv3nfv3ZN7d42Nzj/9zHNbnfI//vvyx5/YcNstd954/fW9qefOOO+tb3/bW/qDighf+erX9Kf3LVl6QL9fUUWtQr/0glPnjZbX3PTThx64ZzA9echhR7/q4pctWdA54IAV3/n21bfdeuM1V/+4c/HLXnXRuaNtBQBPb5sk1Egz8xbMP/G4wzot6Peo1jTTrzXR2kMP/P0P/cY5Z53yrSu/pwfVyGi3qsz7n1QUCgBID/r9qWefeWZs/qICsDs6Yo65HQz6u/fsain0R9Br84/JWxQoG7f6lxfQbjVxQgfuRWap45HhbXJPs1laJ9JBUCn8y2Jk1sbdQtkFhnmlOI5M8mRBDCuR2hhMlHKsZY6i7vyIcRvlTidrNmqij7XqkcWVwyH7QKyXDN55qVH0JfaZf+D167ldDTXrYWSGBCD3aL9GzzaO3Oscl7zSpx6ZIWHJ8IglzYrjEjM4McwCSevvIlVwJyM7TZzrK6NZKgLYFItMe//ISphknGkUhwoRBB6fUuOZE5lVpSTLzfXL3M8mnHO6TAgUzRcXMJ9wNkPNlzCIQKmwCNaQFaeP5kJANn1turKRatQggm7/jdtR+pTnMhhmxs1sjpYSQPN9E3PZ2MmR4HUcbs7jVF5uZpchuEfSx17e7YSTlyPmMlfB/In7ENxWqPDlVrq43bYueMiEM1fhT22QdMWHA6G7GakST3GDfrLJ82+A+aiZWQ7x2kpAKrIM8WaYJsXn4XKYF/cVIpWwjJQvu2bC4MCNLA5+lGHHKaV5jjzG1jyIWsZXFGJILkQVL2Ky4ERDlo2bVFyWALmSh0qbmCsKxs5j2JB8AnAJixQ+mMismsg58TJl3rw3eQPyIdABTKbSdk3Vg42bGDe/8RbCmgBJYUEQT8WYRADoFlBRA2lNRYtm+njPozPPbuvPH4d+re0b0T7hC4gZowR2FcBpHQAgkRZhbng3KpZp97nT1pNT1W3377vwxE7hDI+b08AVA4yVMIZdlmdJ3BGF41FsSp5MPyha1FHcC+YfNWkERAVmGbvWSxeOffj9v1QNaMNzzz20br3W1aBfAcCgX01MjFx/0211TUXRvv6GWzptKIsCoGwXCpBarVZ/oA877NBVqw9AoFoTEdagSUNdAdTTixasePNb39bptIlo7+69N9900zPPbJoYnwcA8+bNX7BkCUD9zMZnKmhddc3N6+67Z2R03msvuWTVyoV1pVVRIAAinn78wQDwn9+49tabb2yXIx/66Ife/PrzAeA7V932od/58LoH7wc9AKgBuguWHqAQDznkwNPPevPqAw9qq+7hhx+6cuWqA1YuXr5i8WSvLkr17ne//W0/94YDVq7+/Ocv/dTf//2+3VtbY4vGJ+aNTyy46847b7nlumc2rt+9fScALl9xyAkXvOx1r3/d0uVLaiyXLJz4pXe/+eUvubDVUksWz6/rqqP02Gjnngee+sSf/cO9t9+yaOmhF5x/1thoa6bXWzS/+/9+/V3P73z+8//yj5d+/ot/8Vd//Cvvecf9j67/7Oe//NC9D6Aa3b5t27Ztk+Pj5fR0PdJtAyqtadfe3min9YqXnnfSccfsm9x72CGrn9m0ud/vAYBSqBCmJvetPPDQT/zZJ88563jSxcjIKGndauGGZ577nd/93Zuv/nGrVQCYRXwCQK0BERRAgXWBBKCsMCKYXed+P6STNv/2mfgKTnHBZqTcgPEW4UNiGrhvMXoRfBy5BmiDB2D6Kcfhh/RwxxSPYxsHbfHIE9u/KzwCC+8lAegU3OMgaMWEWmeB0giPRzv5CCSYnbwjsy+Ze6qlT8jEXcxgMLrtB2MM4hFyoze5u+Y1n3z8lAbl6WpMdlWTIzDrkuZwbLOIpShF2SNfKMtW0rOfyW/HBemy0a2d+6iCiYtblsjmuk5KGYmpx8eGYyBCA/YXmjmWTSajDn62siACu3ic4yCHpT9GiP/ghZdyqEbSEoDkKdmPK0tIZGqScjw3VRm55UG+D5LAL36m4VqzjKWTFT0aLuHE0AgOwJKDnPMRwpa6qOzh7XRu7PgF0IYLEctI0jyW6MbI2oVItczjaJJkHi9Kbmky6e+LHIDC7kQBLclbpMOSNkUeeQSRieHK7/II52JQCtV+XE5qrbBGk+vVLrS32wLDwSMcVNYa5HM2736YkHklz/lFB8z2jg065xp4L8iCBLaO6kYmNkE8cfWyyl+BayIkmiaGK0S6npQ88lY1n55Z2C7ACvfYMHI0Lp8cOEePCS1KFvPu4Wp2nFEJAJml8BoaV+kkVs0GjoxocvZZmyg1F4ZWZdgIEQPR93b6JAqHxP8EEeKhkzl9yiwionlZExFmKto9pTVoAtRgYylzqK5CdKfrujNSjOUB0OT5bIghHe9mClaNCM3ykfIyBVoB7p7UAFAWUIe6gZtScge5uVWlmCvMdfvddsGdBYNBnBFxyOUgBEWPZgMsvUwfSSMikCYkVIp0gfXk1AAVjnbbn/6Pr3/p0s/XFSEhqoJ0rYrWYNAbDHSrVX7ly1+9/LKvFaqtVFFggVS3Ou3pyb1/+IefeM97LtEIWFFdkwYgokFdEfUXL1n62+//jUPWHFD1ett27P3VX/vAxg2bOu02AI2Nl6tXrQKkZ5979va7HvvWt7+//fmtZ13w8gvPP7NbFjO9WgESYKGoX8P3rv3pP/7zp555euMrL379ay55zfW33r19285nN+9cvWrVvInxpcsPWHnACizL2+68Y909D6098vDf+s1fPfnEY/ftg+9f9ZPvfO87Z599+gEHnFOUigb6yCMPGu3Ahmd2Pbt5y6GHH7rqwBe3uu0NTz294akNTz7yANAegM6Jp55x5tnnnn/+OYsXLv7BD6767fd9/9WvfdVb3vDy+RPdkSNWKlXUtR7U/YnRctuOvX/xt5++9nvfGZ1Y+q5ffPtbXv+SDg561aDVpotfctqSxX/8ta+/aN2jD2/avftP/upT3778q488+FMzDwsXLB4fa5cFtdslIJqNQUWhpqYrJL1s8eLlyxZ3R2Hf5MzU1AxAUSjUQLqGoqDeYOr5LVs2btq6a8cuLNSSxQtnqgqByrLQbqJJAwJos3xPmnRVAylVIJZGzs2pvuSE00irt+ZNKu5NPjnR5Ccakd9A7n//MxhPs7bqfbTdARtbpPArmz4dTNwuupbk3bI/jdxj6dsyusBZ/uDYrffx0SAbNUVMLBn5YJS7aQJz8C3rF+GeM87JKocsjILdLhxMZ7roEpxwBAlcwuotkwjhWPDDqoZ8cy4vQ2elQtTDxX1RDG3oOssyV66cms0J+TXH5LOhSjvLxXv5NDVCL8Jq2MKVF0VkX4cODRBUQGYBGbYMuZlJ23wDYF44TXUcptEdkVX6NuwIydBMBkXMGYoP4TQgH5Ako8ugFHw4mhFghm30NJqebDYIjG+ZR6w3AErxkImqrxAFo+NkRoZwIcCbrVzS9GiuGWwuaJSZUbCP6MxDLE7MKjo2mEQhMfINWJUJy4W4Rx2a6J9LMN0IpFlPzbRF6inqPbFKoBPJBH7wl1x9UzSakfceoNleRAFtGtoC2DM4h1vAVNNkJkNxOxCSLdBoHih2A7ObdRFqmw+pAwS/GMWoEGzh9nHu+X1W9oZY+fRiJTSbm/iJoJCdxIdBpWN6eE3CKx0AcssSZarJIWbDS7y8jRcIyhncWa9sUSO6Zbg0pz0RqYOKx8tLrTNaeZDkI0ACQvMimAKguqaq0koh1QDK/sgkurUUYy6VWfk0KZgYGQFIm8BVS29u3aehRplfDjHRmULUGgpsAYSgN9DmdYMHFpATIf6WM7Cfv+Bmg4XDQecxvuM/xybSE+kjbiDQoBWgBgAkRKVUv9Za066du/qTk6rVJg0KNRBQPQOAqLAsFYKGalB0WoqoUEBEVA0G05NAtSoQNWgFWpNCRIJ60NeaOiOdsZGyVUCrW7TKklBDTWWrJMKRDqw5eE3Z7j607pG//4d/uvu2W2pov/QlL16zelFVa6CaAFDpdrtz2Xdv/eu//cf1D90/f+HiPZN7//TP/urO26575tkdf/9Pf/9v//4Pvf7M2Ghn/tgYFOUffvJvH7z7p9OTkyPtcqTUdz7+yF/+9V8/dOcPH3v0V8887YQF87q7pqpBv1a6XLl83p//ye/unhxsfHrzLbfc9MyzG4Gq815y4dHHHnPImkNe/tLzjj3uiE4Jdz2w/qofX/PQPTfcfc+99aD3nl94qybat29mpFUgECJOTQ0OXnPwCSe96JTTz/zDj39g0VgJACMtu0v59JPXnn7yWgDY1Rt89A/+YduOPa96088tmb9oxYqV73zX25bNb23b01cIZN5pJjQnOSPg7Xff/+BDj7zqlRdogn179wLQSKdTz8zs2PTcDtj1a+959+jYaL9fVzMDgAoAoTUC/a0AI1Z8FCKABjDHYmlNUECnXQxqGmhtToEKYsOPw2KSyyTLPw1ihtGyu2/jpJUbc1aTjIBIMfYfZ/OJaDezmxQUMxljcIAA+VUZ3jYTYacJHnPbRm9kdCVYlvWewUHxyNJld3wahmUhpgiXYBhimqi1NYIRkGwlS3QTzXg1wadbIo1h0X8A0eCR09wbedpATFSaA+j9vZrWhWKn7Bpn8pY5hk/7gZNx2I3PZwlohLt6gWyB4DiGB8txPBD3YrlKFE/Y0EoqQGAvrzI0CYyRYoyFPG0daU4+SWHZLKclpY4DYgQGK4mA8Rvpjeint5PobmgEiwH3OSWfs4LKosERYpiJDki5Gl2Mv6S6MT4OFJUmzBqCf7aAFCMZF/NSXOwTb8LAnkfDwigAQFujZeRgJDVi9ykI+tmmBvJxKLgjLv1A3vTE1STuRdBlccPlNOJbZm++O2U3BL/+1yxCRGDPQOeJZ6CQqz2vO8TlCs+KOP1zgxGDLdJ483DIDhNyT73L8RYkmmXks+PDnWhTuydyWNakzCvmvBqUNmZMkfcSDWJ1LC5z4Z1eF+OHvVANUQUnwgUiISARDEle3YxRlf6kQQ95vU80IKcQ6C0+c+F+BjKizhTLxwHgpIojDMAW0vfH4SEAAimnpR5hYPNvW2HI6AjkHgBpwhBhUMN4Rx21snNLt+xXVatV1DWAAoWIykfIaNYt0WDt+GSjJgdSJ+6WGS7DCUUaigJbJfb7aqSlTjl6FIBqTUqhDuJhBqPwZcgRJD7WZArCY3Ov+RnPL4BwdjHjHKpU1sxqBNQICFoDAmmEAhQRKVX0Nf78W99w1umnFe2i6g+KAqmq2t2Ru3/60y996asz04M3vPENZ59zRrfTUthqtUvSuiyLwXT/hJOOQaVqrQFRKSKoiaiuayAcGelq0pNT/VYBm7dunZqchKLsjI4AKgRYvXr1xPxFjz/y6LPPPLtvz55jTjzxwgvPGumUg94M6LrSMDbaefzp7f/4d39z+zU/6o6N65puuvZHN13db3Va3ZHFVONhBy0FgLrqT0/NjE+MHXH4QfMXjG/etnXv3ul+rb5+xbeefPjB7ugBp59x2uKFE3qm1y502e3ufH735i3bduzY+cRTT996y+333XfvE48/NjY6cdxJJ572olMLLNZvfPreh+4bVPXd9z64devm7tjy7du2/N3f/8vefft+/q1vXLJkYT3oF4j9Xr1k0fjvffCXDj5k9XU33nLpf311pFvOzPQ7nXZRKKp1r6qKgkZHR+fPm4+qOOTYUw859uQVC+fPG+386MdXP/jQgS972dmqgEFfm93QWlcjY63NW3Z+5jOf/fEPf9jt/vWqVcs2bXym1Zk3PjG+9rCVv/U7H6z7UzMzk+ufWH//fffv0lOj4xNrjzz6RaedqYqyX/VPOuGEvoZWWZgKKSIo0KMjrbJsTU0PxkZbLYJery4QldK1q+IMcxeZ7ySEmp2n5358yFt6J43EdnlxAW4OSuIKlV/9C9YVeQNn66RecAPGEbAEGDtA3E1F52ZgGD8y2lzr2AAagDSAtnslVCOBdkTmLJzNR5HrWqxNxonAVqwZjpkr2HPWpGm9TtDBgntR5vY4ccY3+8XI0UeI5pd0PEDns9JGTXHCXBYzs6tJc1ws5Z+j7DSCoMMBA2Js0zQ7ilvFB85c+w5FqInP9ZqVwGjNMCgATybDMXzujmuDOULiISKAPDZjAUl46qow8Wo5kY9OmDSyR4xOc5P/MFEI74dETrNebiBXhYmI9F+Y544BeNc+bDG2OeXLQovvZENfMVZ2tSPOLok3dqwDZ+7MRAAARFlo5n1gNneASdKfoFqmt7J88Oo3xL7s7yU229h40dpDHp3x5QC/82eOobArNAo7wjGwMEEIVrwvL74cumF2AmSxuOfiTKu95IBj8DYhxeUIRHZfxPC+DZMDh0Hs7M1tk+o3sCwroKJSwB4LZ50TZUdKzED7Ck9yNbmWuawPz9WgcAsYVaRl8JF0pJg8mS8A2ISWDxHDmAt6cg9z9ooMbxQCgZ07MSQPLxDRv1ji1HwoVswUpL7NBw1mOLl3nVlXdP+xb5EU+8fa33AksHgEQRFqLJSqauq24FVnju2d0t+6eedMT0+MlqjMgqYVWvS8IiB/fK7z+NbDkh+BM8LuGLSRJFJRFgrV5LQeacHLz5h46WntutZK6KK1MEDA1E/GqZJa6X5ixhtI7rTObDwmIcZAnOoFPbUhBWk772YBSQEMBvrcs0586XknBlcJoACWLJr3la9eNtg3+eLzL/jFd74iwh8ABgT9nkaAQgFpKhRW/WrvvimAst0a6bbKbhsUgq7rXq8CxG6ngwiDgV6z4oAFi5bs3r2zmp5ctnzlr/3KL59y0pGDQd3pdAFgamoaVblh47OPP7G+aHWWLl+5cP6iQ444eMWKFUuWLjt4zerzzjyuquq66k/1+vv2zYyOjy9fvnRi3oLnNm76yteu/OHVN3/rsm9M79t18SW/+La3vnJ8tDM1Nd1S1G2pz337mks//7mtzz215blngPYCAMDY1J7Jy7/ylR98+8q9e/dNzwwmp2agKNutTt3rKVUhtNY/vv4v/vSv7rn7od9836+dcsKh9aCuagKEBfPa/d7kV//7P77y+SkABTAD0FGjo61Wuzc5A9UugLK9YFmh9Uxv+q6ffBOgaI92+5NbXvrKX7jgvNNHR4o+1SUWpHWpdLtV3HPvgz/63ndmpqa2bHl+5/Pb9+7etGzVUStXLl+zatlb3vXuQhWnHrtyw9Nbf++jf3zF5V8689xLPvKRj6pCT830TznhqJE27ZnU7VahCUxRpNNWW7ft+spXv3nvPfedeupJb3nrqw9YtnjQq4oSFYGW++uTK3od3Za0pPsRaUUShAlThvHp79x6ZoanpgfRaBl4zhFbnY5eEjM/dpp6dgp5QORjZ3UwCABgfkIYSHuLxVsMMbNDyq/pRhiLUEbfA7QGUPlERoQYUXHZP2CnBPhh4g8J5uGpTx7mFvw7gZvFZ+IcwM49qGgarpmfwSeS9JJ5UDzBA1cdiNu4JuxvVI+ONolnFhITmMNim6aCPnecwy/0TUPHjLuKAxc2boQzl7Gol+8NAMnadZNhAsjI7ZDF8Ezy1gCW58qO6FnCKdstYbvn4bB8I0E+E5x7gCIByWU9vLHEb8g1i0D4xQ82d7OmGwBQ+i45yUnEPSJvKMYAL0DQv16XCKBRT2ykJGKm9J0sJkbJ2CQhYIBAxCq2DQUhuZqaIYxvNmC66fk128QR+6Frr52prQhsMViH+WMJhm+OrniUKHYOATuyV2k3EWaBkQ89rGzmY+xkKsJzbNZz5fJ83iEx3NFn3hTClIXRh7t33jceNZiEUC22GbLNo2JuNFVemr0JH8XNfDxNiChjhMyKbmTVMTeCI9RHUgBExG1rQg4bhfmDtELGVMrfIXItzdJ9amzI4mLCMnJvgXKoCLayGhJD58T41DtLosyPRWBV04pF6l2vmNduw7dv3b13X91pw9ioKpQiVwslG24CARCZUxmCRyanFsRQR0AkUgoRUSnLgak+FXqwalnxyjPGL35Rd6JDvQGASUCJiL8e5pkP5GNf5ME4mTdYIZpeLlUhlqd4C6HnE7qWthOzA8pMdQhnnHkNRh6QABQoAlRaka76dX+q1naOkEjNG+/0e32qKq2rXtXvV1VdUX/QA60BEJQCgKIoFKpSASDqWquy3LJl25bNzwG2lixaOD4yNjE2AgC7tu+anJwpCjUy0taaCoWHrlm1fPnSZzc+MSD9xre8/s1vuLjbbU1N1T++5oZuu3XGGacCwOGHrH7/73xgct++o488ZPWK5WsOWrVsyZJu25kFgLLsEMDMzEDXg0PWrFm0dNnmLc9//euXPb9tGwx2n3rWKz/64V8/6tADJqf7gC2iqoWwZ/eO+++6A/TeeYuWjo+v7I6MjY7OK8v2lk3PbXx6Q9UfjIzPP/+CC0859bTe9FS/31u0cP5TGzZcd8NtW5968Ktf+uKZZ59xxilH1L2aEBUorem5TVtoZuqAlStPOf2cVStXPrn+iXt+esfUzMxFr7z42KOPefihB+64/ZadO3cfc9xxJ51w4q5dOx+4/8GNT+5otYu60qXCAgctRTXp0U45tW/m5ptu27vrmeNOecmhh6655fprEfurVq069tjj7n7g8Q+870Ptsvz4xz7ysvNPXrp0se7vWbly5fLly373/e996KG7f+uDH/mtX3lbNRgAFK1SVxWVpSLSV37rRx//gw/3p3d88xtLt23b/PE/+EChaqoVYOHr1EzsTNFGBgGhYAfebcQa7LWIeSzvAbwQSrvDpDk6G85ZoHxH1zuyjIDsSSa4CKYM2T0iq6YQ7CX4eCFElAIFij/GtrwZUf4k9XGMJwEYeny9x+WTk4ks09CzaXGFNJG3tuxZ2AuDzsw0hBUZ4rjjYHuXIvRiDzg0RI6nO3ldZRhk1mUuyxXDE84mDNOO8SoTWwiz7bmhpyB2pjgeGsdxS+L2MW7j8+FhCb+f4oY6tPNj5Jxz3CaoUHRfRhG+pI7MIqDHk2WGnDITePnG+TXzIdukZTITL58yECCVJV1rcVixoMihKBZFKWML5MZJ9jN10Qhe+NkYFGDOntdy3LJJaSa7dgsFsXXwCPgGATkrtUnxzjGJgSJ/4swcqhjs/KFUvnNXrCTurp3RSBUdwbNgAVw27RseyStQ0LSGBr5fbMIF2nNfgc+nQCHnY5zyjJgL7Gwb2TeJu2OxZvtFAwCOOuf2ELyGW+T9rMtGTMkjzDxtfKVL6/Z+6n5kt0YChl7WdHts0Ib10TzMOqtZ6zDcZMxFDhvKtPIrczbuDgKAUBCjqk0rzOFDqlRCczJ4RNY97SWqBP4Un0Z+keO2PLoHwEYyJqu0P4xSEOoaVixR73n1/ENXta++e/KRZ3t7p2uq65EOdkqFLURQtYZaE2mTfaG2mZnJxJR1s4hoTy1Cd0guaY39imoNCvWiCXrRkSMvOXX85CNHRlvQ04BENQmWCd+Z0Je5Uq4FoSFg9tjFJhR3ZffC9Ls9kDKeResI3CoogjkrVSuqCWqiuq5JU11VNQJgUYIaJQWImmqq64pA9QeDQb8C0oioCoWoCEGDLlApLJCo0y4ef2L9pmc2AuFxxx973Q13rFv3UFm2brvzrh2bN9dQdUc7C+aP7Nqx75rrb9y+bWuJaqaqDzxw9bx5rX5VzwzqT3/6C48+/MTf/cNfvuKlZ6xZtehD730nZ9HGZ7dufOaZW+98YMmSpZe86oKJ8W5d64nRTtnqHLxm9fKVK9Y//aQGvXjxwlPPuOQjH/rNc886BgHanW6vrwlUreH1r37J1L6PlUV5xOGHbNz03KA386JTjl+xfPEzz+78zy/+1/e+deWBq9d88P3/77UXn/PlK350zdU3nHvehe898dgf/ujHP7zq2oXz55980tG9mYoAtQYoQAO22wpRrzzw8A9++LfOP/O4626493d+50PrHnjg1a961ft+7c233vv4Bz/woZuvv/5t73jnhz/4Sxs3bv/oxz6x4ckHEItaV4UqCqRCaa3rse7og488+uOrrwEYHHPs2oMOPujzn7ufCE448bgjj1r1b/9y6R3XXjF/6ZFbnt/eG9R79+4FwJmZScT+mjUHf/ebl/793//tGaedetbJR+zc2y8Rsag77XL3nqmf3v3T/vTWpSsO27Ft+3XX3LDpl//PQavnTc/UqlVoJyXgTLO88uaduzyxPSmGMLsSNFlIkuKbdiNZE6TEOOUvZNvG5FG4LCBmoDBsRIzwEVGkf3ON7O8zhjglkyhElPoDMJ0r9+FuMjDLZ4Z5PLcoJNpQsAJhwuPLV6hlOTKzVBBu+DfrBQYp8cOvrG+aOwTuTIevhc4x9ptjpjoLkNyIQmqbxyJG/uwYpxlgdHzXcFJ8ipXE7ZmBIChbPvjnLe1HsslCpLPusU9QxVBx/yFIxTgHGWZSMZfldL5q50GlsIfDcfTGZoqBi94WFCmoRfsFiF/z9DUG1XHlj6Vv+4dA3k4mDwM+UZPSIyCTmlwu0Zxbm8d+zkXVIVccisSCr4zZVQp3HmwsCMygcj0IhxPYxB65m4nwlwtZ0Q/6gg1Xs9MgyrNuZPbF88R7F06WGIV3CZUUmV5lMHAmRs6UPzTMuiAIbEc2Lwk1sehLBPKBSb4G2VzriHcDpg2cSACXMV+lR+eenZsMyGGY6ybgTebHp6Acnn0S1aUaaq4OTYtnftsDn5EcBJtscdIyZbmMiW4s1jqpJLcx2KtbtmTu46+gTEGjE/VDH62xruIgpITZLE3SseYJgix8SjIrjzICELRLHFT0yGY9fxwPXqZed/boqUeNrnumd//6mYfWT2/aXu3ZpyvSpKuytD/nYV+RRARAtMUGV+Ij0kQ1YU2kNSCpUmG7Q/NGcdFYecyhrZMOaZ161NjyhUpruP+pautuOO/YQtfmjazIEkUTAeTklwW8lLQSzML4mznzl7n+yJBwSxIiWLtx3JfZZThMSKSUBgUISiGqEoDKVksjAmBLIRaIpLXWNYIuEDqdQmHb/GyDUqhQqQJLhVCoemBT5Ecfe2z3zt2tkdHjjj/2rjvv+cTHPg6wB6AL0DryuJOOP/rQqX1Tf/k3n/ry//zP5g1PYtGiuv+D733v4otfesLaA3fv7u3bO/3IQ/dc85Obzj/31NFue8v2Pbt379m0efO6dY+tf/zJh9ate2r9+nUPP/LSi1514dknzZ8YHRsb6/Wr+x587Ls/uPqxdfdX0/v6g+rlr7rkT/7w99YefeCXvvqdBx564q1vfu3xxxza78N0rzr6qIP/4o9+a8fe6ubb7rr1lpuf2rDxzDNedPopx552Ctxz913f+cblVb9qtYvJqr78G9+54kv/fM8dt7357e+8+KKXv/ZVryxbdaFgutcvy6Kqa4C6X1WTk9NE00BViVDU/UWLJsqiHPRnZgaDqt9bvHBstNuBarBowYSq+qMd7LZbRL1qUFWDCqAFqGpS7ZaqAW+85e51D9w+Or76zDNPG/Sm7r79ttGx+Re8+NzpfZPf/ua3W+2JV7z2zRecd/rW53dMTk8CtBHLVasW/ub7fm3dww/fcO13/vXfP3PM3/zpaEf1+3WhiEi3263Djzhq/qJDez3qdsc06V27dh+0ZoGGCjUBIGgmamTNBdM0CgrqldElR74TS0i5o5PaK+U9+MTYObPUy+/LEIPJK+ictVh20QWMnQgxSdIzASIdTqCHFX5EzY2jw8FTrL65RgZa8He+iSHYouM9quxi25F4mSbdUCP4xZ2q9O0y7BFHlfKwzaW1xoyQCzYSkgCEcQtrIAk7XHKbd2FE5pdUSfrEFCXZKe8NfVCR9drU4LWbrtSBNi5U8LBEju20Ssy+wIpjxrumQalxMNz62/ebRassu7wwx5yx94l/9d3Slgx9wYQQ50dj8wCPbAE4FzfIThEmQwIqJ/LxozTjkhR5+6Ekdaw5ExWZJqcIJxlEziI5OfHiGJoyLqWr6/wzUZzkRTKZkXwXUQ+3r+nV9E6iDGcpAkzSWEX4lCYicwvuTcAz7M7wvckKRFiy7tH2V55ZpS9GDl/NTbNNEe1mVtgBgbXJ8TaaS2J7aUMvigNvkYIGCvwxQM0oiUv79mwJ0cSi4eYshStJjKEhsWK5WWcKzBbuAXyxNwosshAiqWmmFdkmmZzWZmL8NKFK6rXDbZqIPZjft8cTQzyrObSHh0bRTZ5KctPAhCQlZHhZlxNjSzbpxHkRhQw90Vsl3nH6AFDEARFJJpcz0KUlFw21fELh/8lLwjb+9KGcaYcIqAAQqaZOCb0BfffWyQ3b6v/76vmnHq5WLYZVizsXHN95asv448/0H3qqv3XnYMc+vXVX//kd9aCGSoPWQDrMtlEshVAW0EI9Ol6MjxXdjhpr4aGruoeuLheM4ZLx4rBVnUXjAAA79lX3rh/8z1XTnbI8//iJagAKrUdTGBhMifRSThh8gOsZ7GYNU/ahizqz8VzY8s7HtneT8qMjnkgDKEBV+8ASNCgChbqifgWtdkepQtf1dG9mug+oVI3tQqFSSiksCigUAILWoIFUi6oBPL5+/dS+vasPPnTZAUtf+7pXPbju0Uceun98YsHJLzr559782vnzJv74T//+M5/5wtSu51asOWLt2mPvueeOm2+88T8u/crHPvq+qtb9Qb87vvSA1StbZXHfuic/9ekvP7H+sY1PP/H4ugepmgLorli14rhjjr3wvHMWLVq2c8/0T+99+Lobb776R1fdeP31UE+NTCzs7d07tW/PyFirg/Cd7/34a//1j6Uqjj3q11sldFolADzx9HNf+K+vX/r5zz/39BPQXXrJGy6piQrEhUsXtLtdKGF6pgJQp5x0yk3XHHnXbVfdddvV33/ZG3/jvb9x7rkv6rZHCKjS0BkZGesqBbBg8SIARVSB6mDRHqg2KSDCdrdbtjsTi5aMjHYBqr4qirK9bNmi8fFRACg6av6ShZ2OogJ6M72xsc7Gzc//4Ac/0r1da08+9+xzz775+usmd2857KgzWp2xf//UF2+45nsHrF779rdecuDSeVt27V28eBEAEEFvRh9+0OLXv+GSG6/57lXf/tZl57/0l95xca/XAyy01mW79ea3vnL5AfOv+fG1X//a13r9QbvVIgIg1ODetDbqF59q6LMueZ+YVhqJ46bap0b8WEh0hzX4kNaLqJD/INWNxtY1Ts1F/CVrLHnRJhx47nDkS52Jy8BYsdhNXxVCRQTDHVwMNuObRDwvUObH3gC4Q3hlZ+dQvDER6k8QbRxD5uZgqKfzXHeeyKSgweykORFHu2lajJdRbEOTdzRkjZ6E2RDlM8QCZP4UJAOzENK+TY3zkUYEzltzPxGsl6clG2I1elv72HQI6HK2CGuPsmUo5MfwGt8FjzK0ECe7MDKDHoWOnq4oV/R/h1b5SfJHICChSeMV2jcW6JunGJk0RgwbvsghILu0gm9UzKLEzaEHEcFsGtK7bZ+9p+jZRc4s/5tSAGzENnuRR9lFmsCqCXNRwJJh5T9m5jtfK0poI3bTJwdcWIOGylI+z6nI/u5W+D2x/Boaso4NSZRf/MkSDyz+Fi+gNrd3uLGX3pxKpUuAobbh8BWi1oAbd5D2A5fTHGoZ/5FIWMSmjEbFc0ruZ5zi02sRg09yjcCnwwEAutAExKNcWJyr0wxtwFsOm1+pgcRNnifWHciBCSObPF8DbtEMx2u28bhD5TYHP3SZi6d0mSQzo1xiqWEmfEMCQFGY4qdmxRRFH9138yal2f7K8PPgKOx9EIC4oJCygRegAgRSiPv29a67c19V0ctO6ZxwWPfAZcVEF45YURyxYuTFp4zsmaJdU/Tkpv5Tm/q7p2Fyinp96vehJtK1LToqBe2WmhiB+V1asrBcuaw10YVuCauXtRaMhp/z27Cjfujp3p0Pz9z20ODxp/W5x+qqJl0TKES7h9eFdlJrM5PO6PJxoX+KwI8SDWmAm6xs7M1e9mWWKxS3STYGs4qlB7W+7PJvP/vsZntukwIgMom0rqtWp7vpuWdrXZUKrvrR1Zu3bS+VQsQSFLlVsFZZ7tu37/hjjnnta14yNtZ+8MGn7rv3of6gf/45Z69YtnDZ8kWf/JPf27Rl8/joyIFrDn7qycf/4I/+8mtf+Vp/3+5lK4743Q9/6GUvPvsjf/jn37viyq98+UtF0eqMlhuffmJiwbyjjj2q0ypuufXuz/7LP4LeplrLDl5z8FHHnbD26ONPOOGogw9eM7lv72f/80sPPvDwzTfdsu6+uwH2zlt8yFvf8dv79uz4xlf/+/offfMTf77iLW9+HaqybE0MBn2todVSDz761G133Hf55Zd/74pvFWXr/Ite+7aff8sbX//KXXv6g8Fg555JwnJkZEQVZavA9/zCm1atWvHd737vpmt/cP2Pv/bk00+ec/5LX/qSF7/8JWctWTi6/unNN9z8016/f8899xSt0V27d172jSvuuffQhx97bOuW51qt9k033DhvXmvr89s3bHi67HRvvPG21UsXTE3PPPzoI4Vqb3zqiU9/7r9WLl96/DFrjz/mkMmp6cu+8f0777hzbOFBp592yp6du774pa+3RhacctqZpSouu+ybnZEFP/f2dx5z1KH3rdtYdEqotVIDRKoBiqI89UUnH3vS2Q+ve/CRxx4juLgoEAELBfVgsPbgZWsPfv3Djzxeab36kMNWrFzW71cAymhiLr4HEX1xTTcHa3ET5B8Qk9Dwa5mRF4wz3PAx53+iLDNyQtZApx194BTerfNtvbZRDB4jfCiU1JhCO+fgoxHbSqDRHDJ4J5AN7ESO1uxqeFYJOV/J4DCDH2+VDtiK1y5mrXgKcUjyHMM3lidkFr5yJEHk7ByEyA3vx6tTw6mYBZ3GAKOpcZpR8F5uCTMXiXmnJ4vI/i5w/yyXaviSSRQqMP9udYnAL6A1n1TEwrQQu2P0OPnsMc9VATLUpTFelGHG1OW4BwxJ9zg/tIfmpioDgS3JOH4JQ5cgT6bJnKQrCdfTygik9LoPrKJEKYQG9OZwSTM+pz6ckAa6WXyYBIFDs7ASbAUkNimuIEFZRkBDTBytSQ2LldmBNDLcNPZf7Bgk/7/YPUku7E81C0Sc16SWMcCgz/I3pzlY1sH7b4u4cB5yH07glZXz2DBZB+8XtRwQjuis8sR54kLcDIRQ7BSn1DgypJhJf2G7EBGg89Pg0vykbJFKNckPTRTldRiYNZGM5XeisUKcQcB+bSQW3WzROq7SgTztgAcXnE0NniAaNK+0MmYKN10Xcrtto4lr6pLDwf/mpoieEktkKTLHl0Q7zocOhI4OSqc+RDEyqFJAGggUAtBEF5YtoA2b9n7mO3vXHDB20pGjJxzWPnhxsWY5dgvoTuCyCTx4cWfm2E6/wpke1YSDGrTbAawQCgVFAd0WjLRwrAOFxG9fHzZt1+u3VNfcN3XPI9PbdmikotspNILWSEA1UCE9ldv65E1WRCp37+6GtGe+XOGcYdApcLveEAHCy2wY9lQI8Gxs4t80ASnUpOHfP/O5+2+/BqBwjZSzVq6tItD0w29+/Yff/LJrZjAx+UsLYPdZ577xFS8/s9suPnPpf957582tzshFr3jZymXzp6am1hww75BVC9otdfeDz7z7//7Wo3f/GGD+4Uef/IHffu/b3/XG+SPq13/ll598/MmH7rn7H/7qTzsjrZm9u84895VrViwHgOXLD7jwZReBxhededpZZ55y7FGHLV22dGJeqwXw1W/+5BN/9te7nn0QcP6Bhx5x5NoTXvnai9/+9jdv3/b8jp27rrryy//96b/+8Xe/TdSj9tLjTjxhtFtoDZ+79LJ/+Is/Bdp7xNFnvePd77zktReddMyhl1151eVX/LAsWw899EBvchdCa8G8eQgw3oV3vPnlF730rOtuuuQ/PnfpT7572Vceu2P7jt0XnnvaaKf44Y9v+J33fxT6WwEQoP/kow/881/cAzAAQIASoHX5F//18i/+E0AFoABGL//CZy+/9D9A9wCmAejBu2/7/btvB6h+68N/9I9/8aGNz+z89nd/snPzo2tPftkrX/PKO++486e3fW/JqpPf9KbXX3D+qc89+y6o3/2Ki8+74vJvXP7NyxctWnLfXTdprcuyO9FVM/36yCMO/tgf/sGT6zecc+6LKg1l2SKCoijGW2rftP7spV+99HOfnZi34PWvu2TevO6+fdNFUZgzpIJkWvmyyoxex/2PIwjJ9ZYSfO6JYGuxrBIDAGFl1TYg7gsiMYX824kUYnBZFOWxuCzAo385hQJA4d8cADcEQgBnFy3yPon5BsMLv/5JpNDsVqKkZ/BCvmdDQIaOWZYhogTgG0nH4Z0aogs1BKVgowaIDbPW2kMDRF8qTS8KXETy8wFJXJeutLgkCizPjamKww+U7YEPIKjLcyBGg2OeBK6NtX55pym78Plk9LgJlXwKAcGwN9LiRFJgwr2B/8BuJi+SRcZf6gCbfV7Ycb3io2UDZbICEvSQ3Uypjq4oqs7GZqGxz2+9oxNRqWgGadGfxV3aI89qJR4s8Y5KJUUZDALQkGj4dTUUzHSZC0cZG04hn4OIglOobCQocQbBDUeGMCCyfUSd4wkPXBhuct5CoJ2Q0CQM5vwhDqMxMI0gNj7Y/8oTQG7QuWEyO+A5FgZY46aUG+xMOHcU7hJA5lht8i46rCBlrmAfAxrCG0fuOTY1szI8LVk50xP3zeFn85koPEi/Z3oaVffBQWgV+x7eP/FkWZTCCPJDMx3N0GZtkCujuJtx41RshDZnC6f7hWu6It2MdrS9NuZLxla4B+ntZF6MW7AxK2YnEwFcapOObpu6qTP/Mr9gBlEMjO1CqAmIqNvBfqXXP7vviedmfnJX55AV5UmHdVYvwfGRol3CyiWtRRPYKmGkRFSga0AFysQPGhAQFQGA1jQYQA+wBnjueb3hucGe6XrjjurRp6qN2wY7dtcKYd5I0dewZ4oGVBCCBkQNhKQBVIEJRcOu1KoRUwdn0POxRsYimhkM0SdXCABwRYOgdwQARYHnnnPuxMhYqyxD0Mwkk8wvhhJoXevavAiKqiiUUoVSShVlu6x6U0etPR5VMdA0OjI+b/7E6jVHnHrSMaiKAmHQ703261ZHLVk4dupJJ+567qnjTjrjdz/wmy+96Ix+n3ZN9l9x0Rl7P/axz37mc+seumfQ27di6bHvefcvHHbI8kFN55xz6pqD/rRTtlYdeMC8sQIBqkrPTA+0gvPOPe1tP/f222++7exzzz7v/DOPP+aoNQcfMDPdP+jA5R/5yEeqvr7p2u9seeZhgNYbf/43zjr9xEGlW6U6+ohDTjn9jCPWHvOeX/yFl114UgEwNd3/yteuvPzLnwLoQjne6XTOOP2Mww9ZrXRFld67b9/YaPvnX//iY9ce9U+rVj3x2ENvesOrFi8cH1S0ePGCs847gwY9VFRXNYAmqkETYuFqmQPSNVBBqkSFRAD1AAGw6GKr3SrLloJ+b2rNQas1wKKF89785tf19+097YyzX3zeae2iPv2slx165MmnnX7q/ImxX3z3O+aNQa+vN23ZdvuNVwEAgFp10IlnnfGikRJ276snxjpves25ZmZnKlCoygJ7M4Nb77z/61d877/+49Kp3Tvf88u/esmrL5zpDQhKG4+w2BMicQlinNyWRUbfjncZ/oJM2mXWS2xCZXeZKsR5HGJGBTPfremR51CEFKsZI0aE8+nk/hK/a7CbhcJZr+Hsko5J+haPxxzCA7SvEzQ2Hfow0zzxix4nHNrMjdaA9P7Ecnbcn30K7MizDz08uouTtCgQ+NnD3QQCP2JBHkYC8efU4YQWwe8jQGZ5MOVwmkQlqQ5PYqOlAglb3MHkw894Za0fSIRlgAKQpAlzxInkknjjoG7j+qyBROZqqsXIz5jazVnGGv6DlOlojMwha5AAWNcUFXRcCpkhMF0OJrn4BcmCeLToHOYAZA6VhLyyaIS+WXZXQ9bKNC1ep5A1aSEZzfmn6c+6xqVbV5/11V7/qoQTDlmN80ugssgHPKGNdhBxhgAiaB0d2ZAEEw5tn3b6ZrFxTBJSzm2/CI1zjTYyiStTYi8TMdrZIpCMQMBPE7sjzINsHF0ZreDtsLGxl4omvUI5yw4wufUrxnyYk9cJixIMtya3GmGFbjsnIPD70jFZ0YnKtKkr8D6D81+Z5EfOT1VDWcDeafjXb27/7Hd2nLJ27I9/ccnaA9vb9+huW5H2ka/FN7zhnKz9mV9CQQUKQGsa6+KuSfjUFTt/ePvu8TGlCYoStYZ+Bb0Ka626bdVq4byx4tSjugcvVQTQbhfdblEW2G4pJG2msdZU1VRrmpyq903X+6aq6ap4enO94dlqujeYGdRQU6eFZQsHNQ4GeoZwZtA6+ZDOP/6/eb2KgKBQgGj+IlsajhQp2k0IPMsMYTz6tvx3avw7d7aQFU8I2r0rvoArx0Fyew60EQJNBERAmmDnjj29mamiAARQSqG1q9rsTyZtDotCQiINmsxPfSqllFlpKUtEglanvXTpwtFOsXPH1Ld+cO3ExMRFLz2zXRbVYACkAbDSNDFvZMOzu37045vOOeP449aumexXukZEKEvdLVv3P7zxjrvv37t7zxGHHnjeuWe2R4tery4UdtqKNMz0q16/1qSUUq0CAHFkRK1f//y27c8fu/bwRRPlQNOeqcFggIDV+NjIffc9+v2rrt6+/fllS5a9/rUXrz1qTb9fdTtlf1A9+fTmpUsXH7BopD+oKk2jndbV19/93atunJqe7JTFmtUrXvHyFx922OperweaNODMABDqhQtGd+7ct2f35IoDFpeFqon2TM5seX6nHlTG7hKgOV/Z2HGFCAWCOSaXtHn/RilVoFF9bLXKVqmKQi1eODE+MdJGIIDHn9palnjQqiW1pnWPPTfQ1UEHran6g7omIBof7zzx5MbLr/jhzGB63nj3yEOPuOD8MxYsGNO1LhTqukYkpQqFCqhqt8oduyZ/6f/94Te//HcHHnTq6970lvf/xjtXH7xi32RdKKXt6dKIiAoiK+tDwEhsmXuTRlb84y/09i54yKDhQdxFeRW8QbXlWuGpYxtrVxi8JYTQxi8chXyHVV89snxRz4VKbsEnjg24UiGKXv2BXjyv+PgXNl15Yx9a/W9+Ys3Byzu1JhSDibgzU9HOxVT+c+BCeuUWnUJzMmu7KpcfxBcPiDnaecjRXYlJI7KumXci+RzV+gOXQ7uFXXBf9yulHx77eiKi0NT3HZIem56NuSUwx8rveGzSqBhYANeMqugigcQQWPQYh0Pp4qE/uROi1UhGV1NATGw1cnh2KmOnDBq530FJYlQU4WKTSLAcRkCUssfctgh+/CMvQsMXDuLkghu3pA1rl0tKia30SsJtPylaLKUCmG0xOQzBo8TZ1jN4DM8Tt3xHj3824ZI3S7RnJUJYI25CpVk3gp5T4/5pTo2FxoPvdMxMCCxcyAuogaS5UDo036SQlTkpWiGiDC1RtAgz1zDJGUNMAOhWlqLGLDCw23HR/hqhgZUZoGlCvaNKaQMJjOKnZpsTcppcrCxHSNwtAy2NnOOWrP0g5EpuETQ3AUKyojxwDq7LBhwYLxtmQwTk26fFlrAQPTGqAtVRGWK4JDftvkhusdqEs5WiJSUaZ7Hi4QvjUKp95rG3fbyEOQR/QBNSylDOICK9gyl7SSn2iZn9a+9rIm1cdl1D3dPmbdeRNg5q6vWqPXv1lm306PophVSW2GqV7U7R/v9Y++5ASY7i7l91z+zuS5eTTncn6e4knXLOGYSQkAgGZGSTDNgmGz5yNDmaHI2NwSRjsslBIIRQRAGBJFA+5cvxhd2dme76/ugw3TOz+56wx/i0b6anu7q6uupXVd09CdptQcxCkllcUyjWzHmm81xlmWKmNJGtlpSS56UCxFqbMmABoSCNl6HZHB9qeKm17eFQteeUq+d69bHlldfF9qaDvDToNVejn4/mrvBjy4BZSwuYr6eaIV6+YnErXUyEVCBpim0yULBZsQz/7RtB9n9+KPoFVMGLF40+72+fkAFZxkozi9RQKwWmZ9SKpQv+/rkXEjA10ych04QEsWbKiuyIDauP2LDatNgruN/X0MhyNT2dEUAkhJREAkSKIYDpab1y5ZID9l+i8+7ePTM5JyzSJBGK06np3uFHHHTYkQepAu0OdIGZTKUksly3U3nEwauYi+luNxEylUnB/Jgzj33Mmccql55nYLKrFKcM1sytliAkU1PdBROtFYtHZnqsNJOghfPHli4aY7fakgHtzpI1SN9NwpKPRBCAlEgIwo0ZA4XSOQPQB+6/DMBMvxCEIzes6mvsnS6ESIhYg7p9PuCA/d725n9kQAIM9ProZ5wKAiOV5E521sykmSfGR57y5PP7/f4LnvO3Tzj/1E4Leyf7aSq1BlhwOY0sJU1m1tszs6S2Ehn15zKUxtgLcKWS8ke53ZCsYDsxg5se/hUPR1wovEocBYbGqqWm0yKquLtiLSj43cQIyysKFbk1cg5zE2COaw3HfuBVTeY0q4waEU0V+Sqq9VPEdfdjIGUVu2krJz9ikfmoxg3qLhYG2lka+iciU9X4fmw0ay96Gx3H8R8dRgz9n0GWN4jhNnGVo2xhSXmMdupc8/U7OZvd7lcdZiP51dq59isyquw7Qr5MDe1ZnVW6TPAoKOjgcBPoilS54W9WulP6Y+HQV5xPABWU3iR+FZY0U+lejOoP7wxHj3Ebfr1jOQlrzufgORkTGLrfPhAQEFm6bNT0AZXaxIngcYOck6up3AJZ3w7QkHdBXGJuV4IA8YRhsDIi4oWjVq9PQHmBpbirqEtVdXKEH+MKYzClD+CTb/WrFsdsIC8sbWkIK4yXaw/Po0buJTuJCx+5yktYHryB2BQ0WiOtdTkMLhfSOATR70HJyErwKSSjFsu05V0opc4K9pjEDVOVektXORcb+1h6aLbaUuQb6ovrIT/T5ibmYZcxOMwT7AGq3mmMoYYuqHnL4aVBFJRC57S/FRHmID9Z83sR85AGBjGiV5ovtvIXZjOowiJQCDKCAERTo4/CupM7RcjAndqhQw0L/kpJdCVL1MkEDaGZNZuDopmhGYqBJKFEQmvoAopBxCrPpvrQijUgCCRICJaCSEAIaqUildQZS0iAmZkLBgpl5rfBmASCBAtWrD0ittnFSLcBCD+nHFx2NhsWB+Pp7FtkTytscDWwf5ep+jTitTfc7CRVQGiosir0ekWvp6WAJCQCkmByocYuag2lUWgoDc3wX4yUAoIgnb8tpEikYFDW04ACiGCWoZZASABFoYtcCegkkVY9MicEzbKXKSPRRcEaAiDWAFGaSNtnl8IlAhMLoMjzoq8EQcpUsihYmBAAkExN9UmwFNTrMkG2WpIlBCEvdL+vBHEipEn2sqIZpQRpIaivuCiYIcwhy1bLMksBmSZZpvtZLpOEhCBAFTrra621YYs2Lno5lvDnbDkNRUIgIUjBkiAFCwKIhBRSCCJoTTPdPoPSRGiNnZOZYiIhSEBrkoBiMd1VMzOFIFaaiEQrlUkitGYCC2HCAQwmQaQ0J1I8/cmPe8xZp61ePqqUnppWaSoLF58I5LGUQRNPqMYh3f87USqhmHfFqki1CYO4HwFAi2Br+bK3GUaCSgUVaGAKz9G1f5t/uHRB4yiwhxMIL4p+s2+0vBVOVKq+Urltv0zcfNVtWSXP5npdRU/VUGagCsNqPT41PQlpM+vFvNVgMLH5xETJqEjdOOtS6atfn4Jo3Hz4tQRCJvxZqadiPKKb9awjSjDgS85uaep4JgY/IU4LM061amKD7bF+7B6X8D1owvdoVmIb2o2ZVM8EDsvHWo3PAxOhfszqEYOAz660M9AuZjSkP+XQOBloBtD1e4PrjIq5hFYgecPoKRHC4AKV+m1hJ7fwoh3Q31xVDZ7VLo9tHe4NPCygQVQomPUN2f65iFYFcsddqKDZsAvud9S74anRigKpTYnZL/v9TyP9Wms/zHWXzHz/rbGW4XGmqAOlOSqBexBSiqi3qjMcL29IqLna4Zdf4BY7bzXvzbFzwPqNOXs/iLV7UwyvoQmn4Jo9QIYwRx9VxCzmW2QYqrWU9Ya5e47Z71ysoBeG8eHHWpswyyBzEU5WHa659QQE899PhTimO1AXINZQVdqqfzbPKAPSrJV2CLoyEI0TuGEsPNk1e24cztBhH6gsw3y9dTy8jYvXdNk13wPWBlOtNnc/mloxne6tAPoEOnruUU9bQQNAc2aS3aE2cWUUTlN2mBAAUVbIvqIJsNJgCO3iiQzjkoI1QbAUICBJnBATkV0gSQTrRBmHW2nrxTqOkGmPTQKImQisSQpJklgxoSLjQ5gQKHcA7jyQSMn6Gvwkig/99mPgfsTQoLLINzqcoMSj4TYLIYUgYZOZBBIgAXL1EAHEIDJekP+sBpHJtZnfAKCUn74Ju6UYng5TozBcJ8ll/2zvhSClwQwp2NSmjQcYA257aVJgIgmSmrRmZiYNAYBZE5EUxMxKQQiSkgRgqiJBaZoYBedHWJJQTEUBaCZBRMSun1SOl5CJJMFstiETBBFISi2UZg1SGmT2A8MjOQce3JDaw66s/2klj2C2TQBESZpqDcUAoZ1K6/Ybi8wgQAoBTgAkiaEUzNAEYio0JDGRcGeyc1aoVGD18k4/y5QWSSI0o/HzPWZKeW1NDqmWvCe4Q1/hUuvsOmono4dXAXA3lTotXh1IW1lISoyYKfIwK5dDDSHNsNJdV2+2FuGPbm6skEMDF+tMeIsE9ylf10nPCNtuk4KbDb0N7Kh7wK4eADrAhk3vlHYcAVIqw9bBqPmW/SCy0xsByq+ColK+I81S7ZVVrCG1FVQbilHNUsM5fnGtA9nYnD1DRcBsixWQ0FgP4hf90xAs1V9GjGEQiXzVatcuP3fcU7uCpSpCjWleRyox1eIsASeoHLxg6Aet2LSj4MUJ3vR7Hka0zcE1am4o5rmfEd63iTBhwNWQmYGTUj14OZywFdmLKoyi/G4cXQMV2bB8dHHZxjxBTCyiDJYnTIhyqXnoBFZIqiCuEpdX+YBA1O0rPhA0QKNy0zRkbhC8cFKFj7Q78nMIBmpsEeb825px+N9ejWqXgq2Ada8SnkPWPDWcpll/5VFcQzsW0BPkZmbjRSV4MEBFxt6IV2SuhZLAuJ7G2VX+6dfamWlVd8XjCOKs1+zcDEx9A1X1OI3XUMHTSivWJDS6l49yeKN3/4KrqttgwyIcuXzwep8jea7XFBrdBhc1Km+PiqyELcM5UomY1LPKjbLH8cFRfk6VqzWb3rFxXF8f1Uivh+XiKhBLHQPsV5FGY+0fN9RCDb0GAMUYbYlVS1pCyJlMCxJKszJnLTOzx7WGearcWCOsRbGf0DUThx0dRIC2asXNGzu7mUCCuj10OsmJh6bSLXKpeFuxvoinSp1BDSXYfSMJ5Zpbx/wK5mPUDyNyRtNpA19/YENYMGmzx9Z6YsQmZceAhhCAc219s14QGYB91RBgP0RhFvsK80VQ27AGQzj3hQhg60oZncVMQlhVW848TV5TMPyxUwzbgrWobi+rjNlHzCBhvokTDYyRPWeFS3XEYCIIyzGb6fUDL2z7pmWbMSIrvloTQGS/KEueuHA8KBwjQwCT6bvRHvDiZ2LwGmCzUzcCOV7Hu/PWbUUMkLI9ETZ2YGYBaV3obqETKYSEskMR+F9GkAgE8x1YL7iBEgyELZYx35u6bJOrKZ4IVo+G98vXXedC4XYTK6wvoh3h3+Q0jsvylVYziJEFyGmAJq66VwyUyiR8Pei5iQObiUqiHOzYoHkcG0K9OOLsCEbNAj4am1a+aYkv1yQHhUr0YX6FeywbWRMYPi5P6Q3JixHLQNxUeraoF2t0/Cph9DlknFwxGyOJdouwr6oCFYJowrCQQc3wDZoD0TXIzZ7DVXcyOVx1NexNPx2qlxmrcKQszbUPB8D3xcO5kIeOxMYGEDok4UyMy4RSx/UXKxVHFTR1bejTIRLeeDV4+AMgX4PlD9qkmLCKrzjwqjPN1zAL4cEIlpU0M/VRyWTFa/sLaqiXT4IHKG1eOQ+dsWoaj5KyxqGq+VHRKtlQCXmSrC0PJwCj4WXLi0FOWrSiw31j0Dq0znfzqDy62PJgEFMrGpNcqK+SPWoYldIbCZJIAanVHD0z18t44gK/KKzKqY+aBomT6w3kEYWuYBjtq5QfFMOz9shJfKnIXH/tnSAQRbXXG24QlU168gJVVfbAlefS9qA2wOZJNMLVHGYEDMq4BGpy5SSoFEy7YDAiy8DvAL+4JqpLbsKxChq1WdmGoaj+HQQjXRMcfJ21BGPBTBok68ErJclV+xQMsp2SCB9VYW0pmBRV4z7FRCFV9anJAFG/wEiKJ5w8sn2v+tF1e1TBnTYrsFKawca39BCjjCa7XYsGKJL7k33awizh1WCQYmsCTRWFoqm+Hklx0akjTzmt1c+0B20RdezxasmqKvnVBVClZxcwLeh/OI8DYa5liPx8KvlInsNknSHTK2II44THhowBzRAknCoTROy+rIFIwZnkG8ikg4hZANHimIbJTDBHErFdDak1IEokFcx2MIxbCBjR8FwlxwbvJJTautofQaW/iJiRthvmVCXnh/txIGIjIyjjFP7V0mSQW5xDBBksu42gPoGM7AEkCAT/7U3bmoYVGvOWjiRAlCMa1QmAGdocDW26rQEiCGaGICJzHBHAxic1/AjasZRqhgB7Fy6YztYvcXbNURSUCyTNjotTUCgFMOJ45LJylRgvW1XTFX8v0Q2/6004Ubxxc0z2bfuFLWEFEQIxAsR+xiD6r6+Eozv2v1aamnBpk8PZAEDJKU+Oo+6x9FadWFckYnQQaLFrkgMn3KrAoB4O6QncsJoFi7tlm4sX8vhuDsrQBWTbamKAEZvXCK5ETBt8YlPZu7BHiOCNr9nrUKuvPeWodqrahYpv0OQqVBR0pYP1CHLldTvHmsSmDsAqdt/nvQdUTgiQc72/IV3dF+oAAQAASURBVCQNYyJlQrJqqGqFHXblQNgiIsxwxC9SIH4xG1BlbyVR7/BeafsCZVSGdWHDip68huGwaM2+W86sRi+rnJ5VNYl49COtNuAU3GpkYYCT3+hqlZXDSmOtUPRXw36EYB41xjiqS1Yc6TGYtEM/xFWsXInjszcbrqK46WaQ6uieY2PNVx1KDW5rUIvDvfBGdg+qewgd9SqidqmxSNMrsQvaTEejVvVgv6yu8ecgQv1A18UrmEGzDqhTc7UlOtzwO7Rn9Zqpac+0vx+/VaqD2NeJ6YpqGdyBWW5EvYtXiVf81dmkqzbMjawL6OXaXus5+ItDmn8U6sC2UZrloQIWgLXKNCixXkkvu/81EWPtQg1nBk2RSe4wz/T0qqX0wovGW4n+3tXTOydVKlWSMgkCYE4mMmiDmIQVLzJDSoJIsDUywSoZA7QVwGySpoKJlOJ+rlLi9Svb5x47etFJoxNtnu7DJ+84ALazqnwCXD7aPG4elNJlcgfbUMCNkp1NC60q4mHnlpsvZQzHOrMsQhNKINcil02SADSYyCYwAYf1y9loT2PyzqojgwFyvbBegYY5g6d0Hxh+c6HZXACzCUT4hkKdR7BkVhdwukbr0QcGvH9YxqQYEBbtM5d7OMEARCl8thHjOfvemcqF4xKzBTblG646AZvJ5aCnxmP0WSgA5B1ReGEF21IRTEHYjieJXLqVTaLfpqk1goW3wQ+GrVroIAcdNeOlLNBz/j+OpgAWBawZYM49H1yny2eOKD90MRUVe1dqJwr+Di8K2FPp0DAT0WxVGphjb1tCAsxalq+1M6fMFQULogfo7GpouKFgOVfKmKb/HarnIaM14Gp+6nQFQnNTM+uViHbFpXx0LQYvPqoMzMCiPvsXEPMo7OaAbFVI4V+GkxvFpjE3UP6Y24eQQpIHWOUYhg25Kl1reovrxmmOrdScz4abg14NMAdX8EjUQvUbrYFearjYLqIaxuhQdfkKKQhL/wX58CGXU3mDSJ5FOGetHAYFD6nyLxJvn/+sR8HKRCEAn7eqR27qHRiiWcL4XpA28kkzRthPjmqoB6VqSYgGbWozpf5wMEQyGGSxKlyA63aNrU0hiioarAcXg26aH+W+6rhHA1ZNmDM+g4ME6iIVa6K64jMNDmrIFfPrIMj/EURlYLNzbLFgMFgD9UKlPz7wU27+Dt4tvbsgHuYp87lBD4b9stUBUkgBtGlmsvH3yvVXMeCo+PyVILRnS/0V334ESSui4tbCRuC50o/6raAvtcJxo1Q+CBu1RQ21g9BOKAfhnbJpqxI8GERtrI3Or2SEyzpchz1iiicj4tnpsDpz3uPF88ULnzhv2ZLWT6+b3vjIzGS3IOhWR0giSYCwPgcbT4ZAZHJDIA+SCe58TwGA7eJRYk29ApnSUurlC+j0Q0fPO2HikDUdsFZMqeCieVAaVD+VrhV83whwMdkKSqZqJX5+VETDz6DSDyuDFh4P+2wEWU3GgDvv3OUwSldC+9W19m0KDIB3PsN3A8NE8MiZg7PjbGTaiLhVf3YBMJWLmdge5mSRVqCeCQjj9C4wwoDfIeWPVS0D4GxymFTOViBozI4ybNCB/XJFzz3ya2bcMhPP3HB83DYcqqd+nVgTiLyX72ZNGYJAyG/TG2JAEBmP2G/0D2dBoOoouM/MEGBtVzzYFT6s2Xwsl40V5HDSRwyxPDSZcZ8WNoWDgxAdAeQ45ygwQ+9BrWeYW2IbK4hQOkA2ox+QElhgO86ljqjQ7SyEU0Jx18p/vD4Oq61eoRVjO7/YG4ewYKlHhc01NtQUCJX7EblesTi5e7OfPdOQMAxstK88AijhwQ1B39knTLi2dTNsIjbWUW/jrs8a8RyWvfTWMqBqeM6n8U4Vd7HfVxJ3LbBkYX7P11D37jydYWNmdjmLP+zAiEptYSrM3/eQw+uVWf2Eubi4cXKXmIOR8vMmTiFQ0B0OXPS49xQ9rQyur8ercsd2z1kE+ZjAqNgqKn0Iu+lFJTB8zjhWEVp0s5FR9ssLvgzs3g1nQtx8N9yLT/aq2+0K4Kpbj0jUw44EItE4leo5UrsekL3ZBpfMt++E3ka4TdhrpEFCG6bTuRxDt48rMtL2rWhkh4pl0nTTURKaZYRwsby01oMY1NgleI4EnfHWr6LIyBsbOzXio5YHX9Z5Lu2Gc0FplqCFa5i8ig4d5tAjCsoSYPciu+5EEz2utonauM7huoaItNaA5cmgwqZpIUQsrFXKw+Ext0IrU/H8y7wcAVx+NLV8FDIq0Fle49jVuYF8wYlvhUXh+mJX1tOAcnji5xX+OpRUs5d1e4DqnplKyarBbmpoYP0UaSCN6ByvasijYUzJ3az3Iy407G9HaPA7rM8/oWAQI7Pq36tpv7iG8r9kysR6OabHyk2J+gLWBAeelbBHCmhJm/cy7+VVi8Vzzhk9/sDWdXd0brqjf9t93e2TRTfTQlAiqJVACgiJRBAJJILsYaEUjIfRC4oVU6EoKzgrtBCUtGjxQnnUutFTD++cevDY0nFkBW/azQ/u1IetFGS+9Ehmc6MT3qrgeOn2//UnegX6xT3jJhEOLTEz4DcBlrY73N3g63LrEv3nmey/zkwD7D4MyIAsR5AQnOziJw+ZmeHsGVkwK8hygMp6Ecb5PEYn50zZcRbk90ZaehlgNl6oDzD5bnlAUCKDiEHRBDL6wWqdchS8Og+tKXsbWkq16bCApdDVzdqPc+C1wrQljD7kkhbD43hoGIKdk+57aH775buhTISIIVYHZHWVm1wMNhlUTXbFLcGeV6PcR3Qc2d42WRQSrj+JBaCmBj3BHPOdq24UlePrs2G+HmtZfLQi7J2/R46HFDYUMyk0IuZyGfjYzLmq6pysXMzVpli79eJ1+1maeQz0ZmNDEAHNwBsOtb0QooyJDzLucUfqJUzVbhtB2YSLSnB0kwjme1bkFqkSsbaAxgMDCn4brVCHM3NM6Qx3kyplZi08BDqbvxFDrEr2uPKjvIJKKw7zEGrNJQLVM4jmwQ8jcI+5cTWscDaIG0wvN00d0m4ANvWbUbsAtFWNjfkMKk1byXrfsRJRBxwL6av3M/odtxiArCoZA6h30y8OPfhL+Kq8+YynMxERkT2IKOI8AwIe6jb6kY5+ipngK/duYXOYCYFIh90JmO3LAc3osTG8EvKwIorRuyVmLnFCrdDAdQHmqvqflTEtf7uRGuQBRpajrG3OqyOGKxlGXVP7JmwBBIxypEQuaNWhMeyrS2zthssdVD3PuKyrKK4qjqkEFP+ll7MTYX0VMWpoIVRPgaqh8lczUeFwN/hU4XiXP6jyevS8IpHhn0Hp4IfJjMCzuTJU3mOsdiAcFdtSFVSxDws1CWnU99iQR52qGbNS8wbOQZlHZXgA2dBoRKHHitYUVMuWxbwYR1NwkKzNGqKuNRHcqi2WaQrLuFlnGeRclEo9QDgLicNdjtXqiKA0d1LqZfzTG7p/eoieeEL7mHXi0DXJhtUT5x03dtM92R/v7j6yLd8xzVu3ZZNd3e8zCSJAJhCAECSFDygQgQVBECcESUjavHiBWLE4XbpArFqeHrCidfj+I0vnoch40261fVL/4rr+3VvkB17QUQXsUl5mmm3tdQhb7Rj6+KC/x3bvmZvbnjfxKHkXp5JDdys2/VVdDWpXz7It6homx394IfOzJtLm5fxzg2VgKgkb1PPSWWYvtavP9sSPuyWREOL2wFaGQuzmbIVzASGRg2o7QuEK4rBu1z+bzvXKWvtxsuqA2aZQvV0L9XvZW451lsm2+776cB1Z2bZ9ZYJb5WteE/CH71q+mV7bXZyeU279B9lZU9LETlU67MEMYg0NKAbYLue2SX4y8XsIdqCpJsYldS5c4jdsBbAjfickKgRF7IM+Zqeqz1iAYY59YgKZ7a8s2KuLmJToTgOuiLFKWDgWtfiNMmte7Uj9p1N9PophCvgQ9QBwEtYbIKjhwfQmU9Vg4pp4Yx4FkCCIDZdLzIbiMq5gYu9xlkjdTxY3k2YFesMtjnd063yMSjWnQ+eIM2ctxCjPsKi/Uo/IV98PrSO7mJ3/s0kkIozkq6UBo+tbGXpVyBuWz4jJa7w89K3gwEahr2NFMzr13tjZ18RJHlD5IIKj8rOCYc8fNA2KE/i5ZI+sC2o0KJe21anMqGjpC7jWzYTyBnDQoM498QbArNaIXdYAYoez1VExoKJqi81e6KPf3hVeCcpxQjy4/lw0q7CaFwfGsljqqUHMsqYsiv9RfHh6JeNEtaOG6q37P21EO0goe8+zZL0pzC6cX+k4qlMxDOTAC5ifG4EEl5V7whxDgvSvm4oDBDpgVdN5U66Benn4qR4aOThD4l63jK/tda53fFBmtcxv12SyXknYehTlChcbALDHVDoj5I+/Ypi1k1HqoFK9Gd+BGMoNTAkjQo8dCCQt7HVoCAdOs9jBbpCbxjFy2d0wn2z/Lxzz0vYT6qIVVW7kmHxNcGmphlDRUC3WVN51rwkaBPRwUyEyo2ngNMeC7xQ2Ox5Quba7LBXhSiJojYe3dH91fX/T9tEzDmudcUR71SKxbD5deFz7sUe0d03zzhl914O9+x4udk2qnsL0tOrnugAbQOS/19Ps/AkCS0lS0GhbjHew77J0/rgA9JKF6ZHrRheOifE2AGitH9yu7niouOnO/M5N6k936wNWtkGQAmyOh6Eo61+/yCfRrFzb2z5KapwEIi2gmaBZ2A+KWDLBwkwQFmCzNVJDaPMVyWhPMoTdhhk2VKoscuf7Cg6weGCEylH299yCXNauJIOIBbEgNv4n/GpPt9JKO1fJvG0OdHX2Odx8ESwHdNihNMXBP+XKXzStUA9xjrtBgUMeB0csAEAwAFZonYIQAgySzgeiQGK9+2rrCO2Bq9z99vWCyoWP1s6WEJtA0MQMwdCkfNyAAECAiFiQdRm1W2LCMB9aKE+uNdTZjpM2oIZZaJBmwByra5EPEzNDgMFM2n24koJZ5/7VZd3OdrpeGBaaX8Tl61zmPWHRA8GQZMeCmHTAfM1+aTe7MaeAoGAlsTVboZ8SmAQrLiFa8lGtSCNx/N9ydKkylOXj8BZ5IQ5sWgCWgqtmbuYCH7myksjVxN5iRj2OOlO/b+5WgqfOpkZtlGGD0sOMrZsLO3kAXW++XI4YVlVqPYYQFPOhQq2pfAiAnCMQr+dz6u/UQ8lV0n2LDrcM8QTC+7H9K+trdF/n6jm71HTzKAd1+rYiqDbYGYtoCAc3nGlDfAzvRJk5UPM8K+1W8NUgZNU89uG4xB0f2KPazRjBNrdbaujYfqA2+lZiQ41hRSDocml46vYryoJWdEU9XIXBHAt7wHGdtTado+TKN5WpVMp1TRLe8dLiexR6YYOupK5M6p2x/w2LhWGeSscC/6fhaZNche2UhWsjNYzvofLw8McawnI7UqU5WzA0MLOxo0LQ3AvPPUQXUvgXXFUXNA4cVISKvdqalZz4KLbStx/8KtcnW43WGjnuR/nIryIigwAbAH+IQgY2GXg9A6+q1nDkBMYsGMe/OPBT7cLw6PGjbsTINYNEXeSq9qACz4dIqcWn8KtN5nKxRaJUmaB4dAJu0Z33qDuS57WKzdtmvvqr7jV3jpy6ob1+dbJ0TOy3TO4zn/ZdnByxejxXyBQK5l6XZ7pFL+dcQStmQAoSAokU7YRGUlq+SJqFrUVfyxS55h1T2LQjv2eTuu7P/T/ck23fwVIkWtNIqgiUClYGyruRDFBHKbdRF+1fFStlVpyCoAk5axBabimmOwyDwYBgaBQCShABqZ17gWQIaJPLjVjsiGLnMbAGs90Yy0ZGnE8Tzg8O3jYjaLwXa0ehBRfERCIhIib7cUwmQLOdpbBs0ew/8BLYbLJiAdsR+9h8g4Rrk8GVJMRBqHqIwn4ohdzT+mf0XKrZOtdcvi7csPjsMcU/2POEXRYSPpTkWM1VuEZBjd7ToWBjC5EyA0HBfk4ChACBiTWDCSIh4T14CgcJsA6FMCKlibUGaRZsPirDUDZ9ycTKZS4F2DjbQR+Fbd8eFh0wwhkJ28nyazEI1JeTyGArHAgsoAEWBBKCGKyJIglhAgRrNslRQUTCCmZd0/NA7BFc8dQLNbn9h8q7lQDibEaLfe12lOAEjkr5oJIVlS5QxQpxI7VNp1NWe1HW0VCFL1nfPQGnPP7iK+Y/x2exuByPRxYD/asKp+2fw9/5i666bYvN/FxRnFVTg/ylCsm1agcEjgfQXDo8sRlx1dZtaIUw56+WhWaHKzHNsyLDEBWhcsLt3K4abJ9rYViT1XCIydxlp9FBilITfv9n1OogBVMBmOQUSvkeamJviB6i0Cou6BAsWmdFrZ1A7w0tWaHUo/1BREa94OooDXnJn39rZS8SqcEkhvCmojW8/1N5N+x8tcPVMYr+9HotdKtsXLTWSqSkA/XsI3NlohyE0KfyhHg/3s9AjtbBkV9OEMZRhmLqMKRBQS2+Ia+2Y4YMlqFKndXRMVHu0gP3D+CxhLXk5TsWA1ZGpmlrcmNoLQz8lYEljsfba7RQVw7T5q6zjnIOXNDI+zURhyip6277Ptf5Gahy1+gsJz2YP8rehoGxR280K1CjBHKhIUE1QhYSVr/C+dhYkmLZLsvXq6pE+xxtdXnwLUdUmC7ZzFc5VDrA+ih/lKHGqL5y2Z8JrwIgpUlpjLcIhf7Txsk/3jOzYCJZuyI97sD2AUtotCOWzZcHrEwTQjuh+QsIC1qNHTSXUsj6Wmvauhf3b8237lab9+ib7+rf/bDuddVEmxaOk+aimxOREJKEZtbuhFYKAC0DscGyfWG3NIecmnA9t+eW6kIKTiR1C80cf9mSDce4LSkVlBVaa5tz8gbfKELNLlNYH0yzslEza2gNzZrdpyatHiISREKYtCqRFTqG3ZNpgJdpCe2EWkKQIKWt88Bu1yUIwpxPyybdav9fsSZtE3QGqLOADljFLhWmnf8ZzEqASBpXiQxt5MWCfErbDQIRhDCM1V6qNAfqgu2CGjtygR42+WGD24QbKXOiLBhMWgBak4JZy0qeQDBsAlJYMfeH6AqXt7W7YAlmaxAZVcbaJMAVC80MIsGayXxPlQCdpjKRMi84V4ZQTZZCp9t9gIcIYCmIQFqVWUNt+QsQt1KZJKIoOCuYAQ43pdiPINkx8taiFCiCViDj0jK0+WiqLj8942LfJISQksgy0nCaNQkBIvtlGA61imaQ4FaaEFBo5nJnK4yrWotGVk8EYvevNaOBcmEvhiGEKkN+VhmWbznhC3E+B0vWqle5N7r2ZACIcno1aqVJqUawIqpt0HJcr2H8ioaoQGTLGi1dPXMS3rc3o/Vcbv1RWbgKJkrrHwI212pEf9DfaqO1m8MBd2S4qdwEb58FY1BtNOhMZPednDR7enWam2irmNQKJoyYFgNa7w2GokMB2XWGgP1bQ46xiXpfwqQYWyPgRiU119TBsn8V4usuSgU0VIa+UVbDeUiR2FerqswrP5lDEBXimQqmLedSWTEbPRdn+gMYV+LNCHczokN6LCuc3+4JanSnOeZ8I9srr1AsRZWpbVuJpSfGdX6qOilxCqHB5wqqrhBjdarV4Q3KM2mcOWhWtFF75VvuT6ISKDeszOQyTuaDcJFjzc3zxFcwPIDEHn41jVCEoZ1N5bB8oOr8u+XpSnFj4awIdQY3+4PxVdFolZkalYz+Ym5wcptbIggICGs2B9ER1ESN7SMQO0RKOx796KdT+GUXSi5HjTHX5RVVZ7/KhOExGH+0T6hZQ9rs5PcUVRoeMJ/jNnTZl0gDlSps6PCXBHmZKZVF0L+S1Q04YuCg+o43lqjFffw2rKExYAMpyqGMzxQhN/WoeU9YKA4VOis0+9/OcpA7xDZYT1naY2itofWCESilu93+TXf2b7h9Jk3QadHBq5OTDx5NSJOg0ZZYsjCdNyYEAdCCSDOKAszcz7F9d7ZrbzFTcKbEpj288ZF8245cKSSC5nXkxIRWGsokZqSUCSRpEhBeBGDXV1hWlDxze/hKQ+Z8JT8VGII0M0ZGRwQhywuANWsiwX6HGTERk2ClSSt0RsZ6uVIKYPMtE9sUEiFFMESO6Zbvwnxsg6WG1qyYWUN5+0LWS1EcnLvDMGuDC2UdW/dNTGZmTlpSgDWKAqQL1gWROV3YMMZWo+08Z4IW1m1iYcJ1FjV4iTELfFgAmhwG9P8hAlO81zKIXwWmngEBFmBhvq7isgVEpNkubGZY94msbLH1iASk/VQsC0DYL6EaZ9F1XTNIaHeKrDkNLfRlzJZg4T41546ucUJg9amXCa01yyRJUyEZ/QxFnkuh7fm9DBJJL1NZfyZtjwgptS6E1kQQJEECIHfaLROxJmIWTEImSBPoPiszwbWNV4B5cqqX9butVqfdagshmIXNvAJEJAhE2skEwTmJBJAgQZQmxCDNzAxikLCrITTKFUdSCGZSGiQNq6ndSiUBQC9XWkGQJkAQM0MBxgYqzVNTU0IIIdM0SWwy332pNpj4Qw/nK3VqeNMKWWmZrD5rWrxTVZ2M6okDdeVK1bMlZruscqgbUy4XubGLXflGKm26/zauxxEwk4bB5uNA3LDJdw5gpXrVaW52yat1Nlmk2Og0kuGbM3qz0eFshOwI4Ghj8559lRcpvBk+9XZKiDJy0CSK9aDDIImtOZ/hX82D4jvFiPapNqIOG5xqGqEoTO/mePyuLRd2s6Ejnh6blkCM/D3W835B0Nm4Nh3QUJfL2NtzWyibQFc5UmFH4t9155ldRMzcD0/urEw87z+GTKBadyoFwqOMwgmPYCgjr93R96imZ0gOjJKreWLNDqT7u5yVXHbp0dEQzjtjWWJYG3rUCawwBMPJ1sd3FnOgwi8prGnDULmX3macuQqWyFqWI7gZClLoXYchTEQrzyMCwv43B8zInk5UxmaCjpR9jNedViup3ieHcGJFH8eBXPvlj0bMXr8GORVNeqH84THEwHphY9/l5sNAXBAysMweW8/JFKaqINToiJXJIDKclRnowlXH158wZdM1UcSY42ZL9O8ehNGvhqhSk+DH7Kk9HWyQIl0ZoiCULmgJYwZIWqWxetPDYzSenopSrhhMhFVxuSsz9DrhpCXadl9WgrIow+XCasRTzE9DCvmfNrReRr3IyrPWho0aQFEwMzoJRhIioGDOtPr9Xdk1f5wUBJJJKxGL5ndGR4g1E7QUQmtWDM2Ua947mU1N5YqZgVYi548m4x1KJUhAK6XAEJCCQEgIUgoiCAHpKNKGrDKkSGWPuDzYOeCwyzkathFprW7/832/ueYmTe3n/u1FhS60U4bGlQJAzP/9rZ/ffvvtZ515ygnHHz0yNsqOOfA+jjCuUjmgFI8sCSINUuZrkyxd3EBIIQhZwXnOTPZgID9+aSoFQSkuFAN6pC1uuWXjldf8rju994ILzjv8kAMUa9YFAE3EECQkCWGQMwFacyLR6bSMKyHcZzPJkcfWTYVWVnV6ASEjjARVoJ8V3jKSM0/k7Aax8cGIwUKwFGycJ83MTEIwSNhNqAwX0mHNENCleXaZXiPqFChyz0+7t5IYmsCCGeGAO+e7PNqn/EioF2MvzKy0UqOj7Tvv2/rzX169bs2+J55wZJrKvChSAc1ot9OZbv87/3PZ1dde+7jHPeaCC84hrYsil1IAEIKcXwxBWjNSKaZm+r/45fUbN2484siDTzj+qJF20s8gwcycpKLX7f/g+7+6/NeXnnTSSU/5q4sWLpwoCs2mNne0cjuVrcZD8YFMQUrkTEJDAaxADCLzwV2hwaxZaWalEpkA0KyhKU1o92T/jzf/ad36NWtWLmagl2nXe6W1YIhU0K4dez7/hS9PT/f/+pKnHXXEOmYNMjENwJ0PTE4qGF76HaioeJN+DjhJLvGMM1de/SIcF3ZTN7oFJxQIJBQeubATnkFXA3Koqt0mMN2INMIkRZP/FoLhUoV7W1m7Kn5pxbQ1RPkHXM4DGYxGwrntfwxxtMLmhkdIa+86dUyVlsPKEXa2yZmkppsReYPanTOdoal1MK0BDFqDUMcdcfCiATWxl/hSQodGcIBwoAA0erbhuEStzbIKrIlFtcob78ZPQ1JCLOdrHEREGdGoZ1PiGRT+iB0zrlcY0RNU1QyL3U3P3lAZDPdo4kZjJVIfPELohc266t4Y1cgNdm2FPm1d1ZV0RIA75l6dV0DSMNAE2KVZIQHwEYK4cPX1RkAfOjC+G37G+cXjNQY1j0Ho0kddCnUOR+1Wfpu/QRZmDNEyoaQ2Xl6GyJ2VbBZ3RU5/6fvYej01lanS6OI28jMUi7qMxk64o6IkudKsgVFueZq3yDExTkuWY0WOczVFjECGaVCcEk2XAeeNPK9FaywdlWVF9pENy5n71flaCVI0x4SaInCNZA8LKcFS4jnu46zRgAasr0St6gqulFivh2LaKgClJhthEVD8wAH7YNyjQgHDrQNa5wfC/jo8V5mnkalgVBVEKKCefayZmTRQaDCRJnsiLMMsiGUCCUEjQo61pJhom32erJlV3t0LI1lak1KaBakCIGonYmxxxyasNECsmTNmochCfNglnwIsLXcst12A2YXc3HJaNrwsNZzV/UYaDT8Fawgyzf7wJ5e99Q1vXLBi7aEb9j/t5CP3TvalgAALAdaQUmzZNvn+9733gbuvveyXj/3Sf35x7dq00MJuk2OkKe65Z/P3vv8TmRop0gCEEH7zI8zqXNZKa80aNoFFzCyFkElLa33iSScdd9yhbMbU7I0kQHOed/O8SGWapInWupPKex+4/51ve9vkzu2rVq0+/sh1SFsaLb9VUAH9PohYkiZmkrx3sv+jH129bftW47xb5WcSlMxaKVXkABFpEJEwnAZrJrCQpHS2cvXa0049ad68ca1LF9REPuwpsvYbm0xgYi40JEEIk6gGay4UK2277OJU2igam5z0KK8UTOsla7BgIkFGzNjInNscaTW9yfnCnMzEwuYURdU+kk+cclGo+WPtnXu7H/7ov/77J95/9PHn/+vnPnTs0Wv7PdVpSc3cStPdeyZ/9vOfffvrX8yy/nmPPWNiRPQgk0QayKI1YPKk0Kw5EXLvnj2f/eznLv/Fj//m755/+OGHjrYlK82A1twWidL5tddc+d1vfGbLti3nnf+YxYvHbQACLIiFICJs2rLr/gcfJimgoYqCBIFZCFq4YMHo2PgPf/SrHbu2C+ZCFVopQDCEJuZCaZ0LAlHSz/rnnnveOecc2+vpkY5krT75yS9+5qMffMz55z/7OX937FHrly1f1M9UeyQdEcgVZnoFESYnJ7/6xS8+/Mjm40887tij1vZ7GSVCQpKUJhXK8QpKMJWfqzX2KwQUdgKWmi5QQKFurd+ogBYvbU16zlVNxDoKngRFhsDx+Emoq6vmL4SAwYM6vBFChPdLzBx20JkX+wpE2Ddu6mzVvsRtWTVoR4kqZhPhsAyyoRW/Ou5dFYc4hoSFK6RGzcODgSi9GZnLmqPrue2yMpH7wcF2x8YoQNy5wbg/hIKVAJWjvsQGqLIoRFqNXqKNjFJ8M8LMbp64BinGKo3EDMJmwb7uprNnHGZhB0EcUrcQw5v+SrXRIn9Eo2+70BQOCGvwfefB7CrdwiASVK+o6oyE2M+igkBaapCs/N00pxDIlX86CN477rnGQ2FAMGU8To5hqgdyHETQ/RrVRvRbNjUI9sXcKDvY5EpgwPc/w44Muzymb3hQ063Mjf63F/jmmupl440bA4rV74X98bYoMmjNFw0Sx1r9pQsaZ3ejFgOqwx/cVM8Qqv7yy2PhGmHBVd5tCL34f3x94ZvxsclD6nHvN+prRArKVhRJ8ByvZkJD//h/wfD6W8MsTaVYvblIQgdLGkpFOajp2vybnaC4jYi4QTISOp/VyCA7IhjSiYMIpjo5oAM3W6o7J10x97c/TJWV4n7OSkGb7AeVp86U8T4NkNbMWpMgkKCWIIA1CIqUJMWQxAxo5qLwsEkn5hstdh2m8TUZIAFNRASdSIL2DCO3jTvieF3/VW6YQ1kKzZpFIsXppx93wLoN9993/wfe+8nP/esHFi9s93uFTACGEMlIKn/0s18+eN9dgiYOO+SIlSvGdd4nJCxSkoIZiaDb7rz3bW98KcBAAbOqsUoABgtFByhe9+aPnHT8wQUn0JohlEaS0I6dk1/52n/dt/He8857woVPOF0QtMb4vHkL5s2TSXtqZvqWOx7QSrGGkDA7+8bGJ5YsWSgICamc9UiLNu6cfM0b3rLtgevjRhOgBWigN4Cq8jrk6PO+8rX/WLx4otfTJIjIG3cWxpDCiKBGoYSgVjut1NAGehm6/UIxGeQtBY2OpUkCrUHOTxTBmTvNVwoAGWN6ujAIXDMBNlgA5jRJRtu2rAKy3CwssaxXZmesZrCaGGvvmux98COf+49//cjiRfs8/vyzly0ZFwQh037BzMgL3SvE/EULpBybnpmenJ4aGZmvwASZCAmgUJoYEBpaM7MGNm3fu23HtuXLVx939NH7Lh9XihOZKEavV4DAgExlkqadVluKxIETNjNDikQm9MvLrnnLW982OjomZQJmQPenZrK8f/Y5Zz/7+c970xvfMrPnXoCAPOAIAwpI/M3RsXmPf9xxXc2SaNee/u9vummmv+cbX/vsT3/8vYsufPrf/O0zTzj56L17tk3N9NrtZNGixe1OShIjExPzFqpOZ4w1a1UohqRECIZIzIp0Nsf5RsZlwDyL09dAaPSjwFaYEZxriqD8w5qk2DUIrjmhqEYEEuqX2Svx/mEdGVe0N8fHBQVNlSXCm4ajdYMVtWUFaVbbN6wjldqbcz7/C1DkkW9ZW/mMw2JzMuGBifvfXmQjK8PzHM0vlj/n/mIDCI8lxKnTCrcJiM5ArdcbPZjLbKpTxpU/PdQpPa64cPCoLjODHIUhyY+BxPHsGfgh7kGjIzr3UZubHoh9VDct51JJsBZ1DqNWmyRN+LDKrsamkxDQhiRWTn6q+GAuFRYpBebypPOqW+876YMIrhNsOOVQxCBCiagqm57gAXA9TLrWk0hVyFzRQYMlI+KA+91YunS5/aw13IpjCfBT1wYlIwsxkBue1NLrK4Mo4Sg0pg2dYfFddmCk4qg3tT2EHt/xxj/D+EeoO+ytOEZirKfDlg3Op+11XWvbNysKtMxAVYj3Lqj5XVF5wfvNfYebNZ6MRmrJ1VDWX2FRuU6mBgL8Ug33pKIByqZtdT7s7Z5aC2fKlIqJPSVBlNc5jFEDtl4OKigbdWTbel0zTuQbjsKwr9scQ6U59ixw0TN28fqsQJrQ4vFEKSjNYGh7Vos236sw0XzHbVg9w+ZTiKS1OYWHtXZxe3aRW+dOM8wHLhzzmEgQGKz06iUyEegXfukEg0Pay62gnlvksw0AzPE0xpAL6gihmISUZ5927Nve+dqXvOi1v/3VlV/60rff8eYXTOrpNBEgSlrJbbc/8JnPfAaqWL/+mFe/5mUrlozOdBWT6CvWzGBSGjIRIxNLoItDjjxmzZp1WXcaDKVypQojNaw1ETGxKgrWrFRe6KLdamuZ/ulPf57aMTVv3ijDfA1GEzNrCBKTU3v/7d/+deuDt8ybWHDhBacKkhqYmZnJcp1n2Re/8KWvfOmrAkImEoISmfanJ89+7BNe97rnT4yNFH1OJABatGDsaU970p1/Wt9O5NTkTHu0I4T84623Tk5NAjjowINXrlghgLwoijxP00RKIRLRzwsIGk3T7Vt2nHD6WWPj44UKJd9uNzLrWwUBYK2500lBdP9D2+64675t2/coXSQyGR8fX71qyYEHrh0fT/ZMqULpVipmZnpXX3fz9h3bBJFSysfVSJCAEIKkEEJQu5VqpkWLFq5YseyhBzdt2ryZWq0NBx148LpVhVLMJAggEkSsdScVu/ZMXXHr3bt270rT9PBD169fuzzP7UZdM4U1sxA00k4feHjHhz/27//6qfdL8PNe+Ip3veufUuDyq2/52Y9/livOs4JJkUzvvOsupO1bbr31Xz78yYmxMaUhZTo2NnbiiceceNIxrBWYGSwkCoV7731o0+ZtC8YWLV62aGrvTLefJ0IoIiFb7SQBOC+KImcGzHZhAgvSoS5iKCq6bRrtzkxN9vqJFG1wwpz1emOjnX32Wba7lZ79+PNWH7B665adt1x/8x1/unlswfyLnnzhwYdteOjBzd/+0hf7vd0L58/TDCG4KNRoJ33HO99w+unH//C7P7rmml//19c+tXn7rv849nP/+aVv//CnP1m7bsPrX/eKwzbsq1nlqii0ZtZELKQYHUna7REAzJzlXreZkDHBBcCMagv8zvInc+B2uGSpV1Pujwj/hFqV3T9UPiSuJwjZ6biakrO6Oo76eyRT6vjIDFZtVJkvitMXjZCsbNodxBxTgDAN4u1UHLuseBHBD2dwK90s7R0FGtf3LrBjboGI47gjsVJjgNxgz9auNBqzIjAYcWQi5EzlAH+Uxq7SqP8zYrInNXCE7CFRriN1+ksi4z5W4fEgtBmkW/yPMKFUKx6DRv96iDeJfFEEMCkcL3bfevH9QbwJG7EEwkl1BMU5GnjThUoWLoY5YU+i7tUlJJKrJuaXg16rr8FNrUH6RnIaE/KNs69KEkqJjRgb0xAC8zqpIUCtdofIQ3ifAKvQX1blcWZF4KNdYOSkO+omBnPSC3QFOTdGVTw9ScCZsrRFhbU2UGN0rQ8Y9LRxj0FIJuIxbqDb+XDhNgatdT0kU+G+IFG5A7+JPCC0LhRDJDIsYH41l6T674omDR450XM6o0kr1aC6N3LktWF9PtSvQKlF5qdyhCxXJ1hV+hs+uzmgwTpzdAR96oYtIDZG9RwNzcDm/YkCCLBHUysVY4NGo4hox3+tKQp/PNpsarjf3TYfk2cdSKcYGiXWIZsQZpXPEMC00vlEA0NmJ7023SiwaJWKHGws/4dQuAORda806G6v/LoZj3bE2ceP33BPfufDvfExAQgGE0nzeUyzB8/rYzMaRiUy2LjCbL5KUZ1KILsC1yynEwoQRFIQEWYyve8SedFpI9q4EMaZD7lZ1filRw+UjqkGSNkJJYVMiTQjL/ics8885tQT//ynjRsfvD9XQshEMUkS01PZf3zxvzfeedfYwhXPf9Fz167bd+uObrudkBBSmg9ssDk2tgBxThdf8szn/90zpydnWi2pikKzst6aAIE0a+M1sdYiEe2W3LJ1998++/k7t+4q8oIYQmiCIiJFAsy5UuMTo7vSiU67zZqThCRAWnOCgrM7/3SrEEjTERIkknaapnu2PrL+wMMFcyqghSDiPstFCyfe/tY3QIKBXrfbaY384ueX3veBD21+8KFjTz3zox9695GHr+93u0KIvX31yCNbH37ogTX7rz34wP37vT4rDSYWbdmmfs7CuRH2aBoy4QEQQRfcaSeTU70f/OQ3X/jyd668+tps13ZAA5JGx9cftP5pT3vSc/7myWtWr9iV6YlUPrhr7xvf/IFbr78M7Xno9wAFEEhCAJDQGlwAQLuN/vSGY099/Rte+dUvfPlXP/sGsOg5L3nZpz/8+tEWuj0lksT4l4p5pE0/v/6PL3/VOx6689Z99l/3iY+/a8O6Fd08l0lLm/WjUIb+6/9wz/s+8Knvf/3zRMVTnvGPL/+nZ6fQfU2/ufLaD7z3dbDxEw2kNLasM9K++0+33X3rbwP5av/DC1990onHaq0VCAKdJJ2e6d78+z/unZwc6Yx9+zv/c+21NxZFDtYAHX/iiX/7jAslcaEVAK04kUIQE2lBxCwgpNKAptNPOeGDH/7A6Pjo1Vfd8MWv/tfiZUue8fSnrN1v9dJly+aNjxZ5lqTiH5/77PPOPSbT+NjHvvT6V1+237L1b3jVqw89eNnWPf3b/nD9db/+ESkNsw+Wi3aKow/b/+jD/vHCCy742Cf//YrfXHbOY89etLB930P33fK7n/Z6/ULlBkO1Uqm0SqQeG2knaXty795bbnsgz/qHHXpQe6StNZtFeGwcnXK+VZVRMAndvKb63dgyi8DGxE5apW4bDw0as3qFapot0gaN3oLtTkPZGhyqUjLg5ILmFt0qjUGoom56ymW6vp+BhYMDwVVj5+Nsoc9e73RZPjp2BTF5XN8aV4OOFYcQbuawNyyxXUbofLo2avxoYEtZP7nPH4SvD3cj53bVx7GKn92JYGWv66kFDt9qzBizZRIB7vDVRpcswNXh5qwmvGdNt5eWKm2VRw0vh8Y4BNW1yIsjjmwTlcjNwGkVtNfkDg0qPJdr1tc9PphLQyUqqzmxdbofLc5E3Vky/A5T4Ax7RMSAI44dgVHTljyjSf2kCGdH05U0KrIwn9Pof0axt9gjNoWcjSgJdYo7ctgqjnLjjwjZM4DaF0HCKdEABUPqm6QgCLYNcO5q1XjpD/yxepCy2nTctUHDybaPnqKYqMHyxsHBNiGd9a4FytrtVh0sZxRsgmWPqcuYYvRWdRDLnF4DLmBbQ9XZcmUqBt3fN+p3wAH0aBAt/3poRRAPVj38WflRsYWNVyMTKkGKyP5FL8eQqh7hjhuypqhmX50V8hWZ/wa7NcmxIyay9NWb+BNTWtmjaiWiHhwPwZq/nAWNBRGeavcgUCAMsDtStdvTh+yXPPNx8z/zPd6yOx8dISnNcS9EVj4CdpVuptv7Z715hBPOn0jKMKfdghiCiARphW6XF47jb85dcOjqpJ8p8w6zJakWa4Sbi1x204SU7BGvLBO69/7NP/zRpamUABeq2LFrT97PF69YnOvi/R/9j36/L6WEpizv/fpXl46MtdNW8uc77nzHuz5UaGql6fyFC59x8VP3WTY/VwwmKYRWTBCdVqK5/+CmR9IkaaVJq5WkUgpp54QQghnMmhJSRd4eay+ct8htJbSfZRTQWjMr4jTN+v1CqTzPlc4Vay6KtpI6y1kVKssvuOiiM886rd1pQ7OQiRA8uWd6wyGHJa1WrlgIoTQkqCDdGaFCKaX0imUTv/71DR/7xKfu/MMty1auetU/vejUEzawzoh5YjS99w8Pv/5Vb7rxd7878ugj3/2+t5519klTUzkDzEoxsf1yBwAiUdoSAlTBqaSdu6c++KHPfuzj/9afmhTjE6NLlo+0O0WeTU5N3XXbH99/8+9+d/V173nvWw4+cK2RqAULJyYWLBtZtKDo9zW4UAVrRQKCpCSZJqn5JM30zh3j7db69etPOum4q357tQLfedst99774JGH7t/r9aVgwWCmdltoxq1/vmvb9kc68+effdbpp518jGYtnLpiBmvd6aS/v2Xj617/tt9e+t3ReSsuvPBJb3/7a1YtX7h7qrdgvHPuY06/74Vv6aRYsGgCkPff/8Dlv7lsyyMPH7Bu3dnnPK/daRNRkXGRFSefdlKeawKbc86FlJu2bL/mqmt0v79z1/Yf/+AnUDmkBGlk3fseeNJfPek8SWagOcsKIUSaplm/SyRLjaD5gP33OXj9RRrYvnVqaueu9r6rnnD+BccffQADt915PxG0Knbt2ak1piZnFGmgEIIU9FRP96am+1kOSig1+3qYGEVWzEx3C4216/Z5/wffcdPNl6xft4rzPG0nMlmyYsXikU4bzFIIQCDPdu3aee/9m27+w11XX3/zZT+/dPfubV/4/OdPP+PwrMskzKSz+sZOaYM8g/keKxzvGM52BUsX/GogcjM9UFFOn5Sqz3zPZ2A7DSq6BKSIVV70JGik2eGkGgCNw8f+YI3AsAz2lCqW2tn6QL81OUjGC22yFLEFmu3iytmzg4p5EIfInS5/BNa/HlinOjYYEvUesKaJYtM8yKlocBHr8eu6yRx6Ndp9H5GvkjfIentKBm0stOiTI5GoLI7zDbmAia2h5nzWL1dPOIZ1ONRQw0CRohJozMrNRnGtTK4Gtnj/dtBxIZUK3Zt1spuhcl11BdEZ62kPdBlsJj7EiT4LGmf+ghrIvxCtQHPixKitlWgkvpy2dnKFdXFgpyNRN2x0diImzLtSdVek3n+3qi+gwPUD9YEMeumLDvF/vOfjp4S5WzI3ivMhupw8VkpyoFJDd4Wa6qj3upIJHCTNlTuNU3eA7Ebi2qjbvWqoueIg33pAJ0qJqDGppqPrNDc5OfZvhwSiGsoXOXgxcCdCMquNeSqDIQodCv8kMCdhgG1g7/6ya3jUZ1j9czjMPQxexDEUL4xcMWPlOAZxgWZ3sWzZJD/dWcGhoovVR+iCBo16I1EGxaubiCqtB9DN9obq9iHyh0MgYEhilIJk5qwGgaivWGt95lEtjQVf+dnuh7fnRcHtFrUkCxl+qsUzjHxNDHB0CKo99t2qMLtJlZgEQxcFVM6Sse8SuvgxC887dqSXs7cFXNMkbA1VMHglY8gfocCEVIq7733oTa9+k+NtDqTp6PjY/LFv/v5GFNsBAlpAAUikY622nNm790v/9jEgA0aBDCPLTj3hpJXL5xkKhCCQAHOr3dq5p/fu93ww6/XGRkfMbkYhJAkSQpAQrLXWzNB79ux9zWtffeAB+6msMB92ND1SjHbakqlIEpGOtArNAEspO62UScgWqYRUrgotnvb0i5/1149D7TJdKlgQaQFOBXKlueD58zp33LXt4x//7G0337Zi9er3vucdl/z1ucycZ5zIVMhkbDRdtXLFXfMmbrjuije94Z0f+dj7TjzhyF17c82cJILcshAGWDFJcwaN1hoggpAf/eSXP/yhTyajEwtW7n/YkYeddvKxSxcv6me9uzY+ctmvL9+59cHLfvr9z67Z/wPvfm17wcjo6NiznnPJ2Y89faSdZFm/3WndeffGn/3opzu2PDIytuCiJz/h5BOOzjJFknq9/vjYvLWrFp9+9ulf//YPNt59959vu/PKq35/5KH7C0laaymgmNqtZNO2qT/c8ud+v7902YrjTzpmn2Xzur2uIKFdvEMxgagoVK+bT8xf/tfPft473/ry5UsWfO27l954ww2PP++8C8457rTj3+U5OZ3hxS991Vc+/9GDDzvyYx//0LyO/+gOMsb0VKa0YIAhFOOOex++7U+3tlvJMUcedsThh5GAytXNN//+DzffPDE2kSRJrszLyY6dW6+89rrHPfbM8ZG2yoskAQmWgiWRKvRMTrnS3d4UERVa9fozvSzXEMxIO63+juInv/zN1h27H3rwoct/82uSE5s2PfLZz3x+9ZrVU9NTG++8m2QHgpRGriAkjYyMtcdJKT053SOZnHHKof1cZ1kvY1ZFkefF+NjYxGhLJKKX50z41vd++vVvfPf3N1y/Z+9Umkou+pu3bWeGAgtdOb+1VA6lEgpUUKjrKji/CvuNkvC7Rk2ZqK4Gn7Ccz65M4xUa+qqK9m1FhAQWPEZiw41Rpa0ywBY8DjsyOE5bnsRe6rcmAnyLDciBmimsXKHnwQNeqISAS24ElqnsZlMNJfGPxtlDjDFAgZcSkh24teFNBOwaFN32xjdETVHJJqRXqTYEV1GB2GOpyV5gcOcGk2qpAlRgh7HoZdo0Pr+zBpUb+usl3wjD7OQFaxuqhQbB69jx8/CpUqDh7fqdwdEcT7ovxjGFjQNav0KhbSYsdD0rrooPH3D1jTJU4Wglt7C04q86yFgeLVb1nENpNIuLGeF9V1WDqCcBnfadSEQCv7+ZO+6tQQXKmuqfnwqB+AD9XQk1zdrKrESE/4kaqpac03nfHK56HSi2g65oOad5z5z0NXsdAb8o7s8gTlbbHpS7f/Q6+v/k8jyEhw1zvpoWdQxvLPAJH3308S9saMBVuqANK1tmUU/Ns6NRAkql0KAIK0UqBEROYqyeBl0cVUXsd1tZTVciBoY9eCi26hVr7Z09aIYgyjREzucc2161bPFPrtp78735rqm8n3PCSAQSYSaRcK1DO61n3U6TrGDnULvvDBLAChpUMGtGp81L5osj17UvPG382LXtfqbN+bVsMp+hfwx7zEzEbuOCE2CTpaZjDEau9PKli0+/4KJ2S06Mplmh9+zZfdsfbimybP81q1auPlVrRSalKbB3766N994zMjFx0IEnLF22QgpR5HrevImJeWPafTRNCBJSsuR2Z6TX7d100+93bdk6OjYP0CQE2Jwra84I1RBIiJgVsep02poZQho7p7UApTPdbLrbHx1pF1kuAID6eX9yeoaIiiK1y2LB/by3ddd0Is0qZWGkRErJjDRJQKRICChAQ2BkrL1x45YPfegT11517ar99n/7O9/y7IvPZQaIRkfaAAqNwzcc8M3//tQrXv+hL33xP2/63VVvfPO7PvKhdx1z9Ibdk4XSbBow42Yyy6xZk84LNTE28purbvnaf32T2/PArbPPOfsD733DQWsW+PH41OePePs73z4t8t/84kdXXnDG4y84Z2Ji5JKLz0sTgJHnmN/BZVffds0V122+945FC5f99dOeeNHjT1GwH9phIGecesLhp5568sa7Nu7Zvv3a39383Oc8qd2SvUyZ/YiCkxtvvOWGG/9ImsdaI/ut3AfMqoCUNuShQZrlTFcfc+RBb3jja2+59U/PuPjxK5ctuvLGO97x9vfec+vl2zZPn3HasaLotVptEgLA3r17ZSsFpBDoznQlpFIspWTWREiSRBUq0zzSkt2evuWPt+/cfN8BBx7xhje86omPPyVj7No+9bJ/eu3111wxMX/+6Ijc1WWwANqbHnrgve94z0P3P/TCf3xOp5PkmR5JYDdRkyCSaUtSmhYMmbQ6ndGklRYFhJBCJP2s+Na3/+fLX/k6+r1EyHR8Yu+evZ/9xMeRtkBA0e202wkRGJpIk7zj3ofuu++RDRvW7rdm6VQP2/ZkQmA0ESOjo5Cdfjd7+JEtu3ZuueKKK7u9GZG2Lv3Zz5FtHpu3eOXylTNZrzcjIEgr1i5s6dRhPNnIhtojj6RyeY80AuVOuzWBAp/58VopUpyBqmKn1YYox0bbYeZdgwWfFQLMzRINLVT2oESWASvqhnWQtzkoED/8+guiw5WBmqPbNPcK4/eIjeL2fIr2Fw980cHvpnbrwHIw1HT4Pqy5+WsofwEnZx2qMOvQlAOpmmo3t8q3HhU9kT82B/Gee/2N0flBaH1OzAzd+//1NJxTc7P5I7VKnE8YtmwFmOzzWLg48DajaqIKwiVvTQx02YlqhwcQnwQFPMUVguF1UkPyx0WDwjaYg8KEaIdgMJ29CBtpY1RlN+xhBK8R8bGCvMspahPJCF8sC1O1syEvrS80IOYHs++0Egwoa612wfzwAQBnRnX4xmDvNR5Mik7cKR3gSnQXjrthyfCpqypsyRM5lyxfFMMrHQfbi3jZTjQZqhqqHL7S8STEadV4OoUfbi3pQfRt4Eq8tjQizL7FeiQJaBTyeu/LRqOYu4vLlrUBg+YeHKPY7KKFE1eujHnD6xR3sxrSQ8Rh33fLgZAen+Jskitv/jjoZLj4tjnv6j1M+5/A74xmvy3KYCrtlrVi1sWozF6XopCClMbMDB+yWh5yyaLbHyyuua33x7u7m3blk5NFASGIJTEIQkCT+SIJWJfOJzOYSWvjGTJrAuwqXEk6kbR8cevUIzunHNo6el1nrINuX0PAHADrMqjMTgAsuYE82aNK4uNxzW8G5zmvX7vy3z7xzlZLtFqtkU77lts3PvM5/9Ddtfdvnvmcf3zxM2f27IGQQshOu/WLX17x6te+rt0efcmLX3be+WfOTE6lMiEpO2OjhQ7DUCSItMLiheNvfuNrutMz8xaO2g2bzFoVZMebSFBCaLVaRx2+vpdnihWENApYE1pJ+sGP/9ufbr11ydIl27dtmt61HUiu+M2v+v1plfeTVuv+e+/vZzPIiy9/6YvXXXd1K2210naaJIJEkiYySaanplat2u+SS568cMGoLsCF6oyk191457vf8+GrrrmKURx40Lo8y//9y9/P+l1mVoDOldY6y7J5E+MP3X9P1p9ORiau+fWPXvM6fPiD7z7iiIMnZwoCm6+c+EiEhMl+agA/+dml23bsRpHtd+hhb33zKw9as2Bqpksksp4aHaFnXXLhr37xy5/9eONDDz905TW3nXHW6Wkid+7qCWLBOs8zLJrYuWu30gUgSco9e6dm8mLnrhlBEkIQkdZ63yWjhx2+IZ0YK/bs/sPNf/7jbfedcuy66ZmMNIuEQLj1tvsefuShdLR99NFHHH/soRowOWdoG7AgiEJr7mcXnHv8BY8/MRW8e7r/re/8+J7bbjvlzKcfd+Lhn/7sV7rTk4sWzE/TlAh33H3P5b/8NWj8oYcf/PLXvtlut5RGIqnI814vX7t27ZlnnkSCiFrbtm//3Y03EvrzFy3ef/UKpQpJtHnLptv+fHtndGLV6v1HUuzUECKBTFjz3X++5SMf+nCnM/KylzyTmBVzIgVAJKklqdBIk1QI2W53Wm0pGJ0EiUxYoZXQeec+9viTj+pO9a68/MrfXnX50qWLn/60pxy44cCtm3d8+Ytf2rHlYQKEQJrKu+/d/JKXvvLu2/54/kVPfuHLXnjgfqs6YyPtFloC46MTlMpNmze94x3v2LLpwUce2sQQUtKafZcdefwTTjv1xIULFr3vPe/Zu3OLcQJYgQS4AsbIHpbhTrYJTF4c9g/1VwzmKFaPpQmpQyurv6pHM0JQw5HTcFq6EeNG9YeG2NQd69VGTF/T+YGt9x32ZbxhGmLLSlVVEtMASWe9Au7xINxYs1zeD6/3sZrVca9XMQ9ztcKgWgSmmeJXStDSuOKPPbCMbL2rKEa9sV2OyKtyieFtcVOKxeblKnAfNZkk99Tn8QIJ9qXK/nrhdwRQjZmDzHrcHfaji5pYhd2nKoeG1GqGIOwgA6D4q0KV2iKBqTXaDJAq0LGJ/5V3B3mJ3CS39Y4hXlnW0BaqohTC44o/wl5uffarSraXDN+eacXWSQTU4H/UbQuoPciPaguRvCfAj11ll2V94viJltS5FvaHZhUaKv0/qj5xg1eZibWm6g04+uq8rTbThH2bHYbAH6o/mnOwKiCvIpd1mQ6DguQmPxFFftKAXgy66hxpDtj4aPGAmhuUafDuLHGdmthS7X65ptyDgUpHSt3q+uTmWwCpB1yVNR7+raZ5PltdQUcau8wDfsNBmYbGojPlKoGAGmFU0hcri+CPBovbNDf8ibMABQLJPAsDmrQYs/cva+UDo9gY+WYvYM7lInd4LwekR532wCsgNoCa5HpnP7cnCUzYM4V2oo9ZK49dO/7QjrE/3Ne//d7+tj28fZfasrOX5YXSwpx5qxQV2p5/y+wQBREJTiWlKUtBrVSsXjFywL7pkjE+fO3I0QemHeJ+rvdOQ6YQTOb0GJtDDZQX15EBHCauShApAJo7LXnAqnlZVuRKjbZppN0ipaSUi5YsWrVsfGdLddIkTVudTrJowQKlNGt0RkaWLe7sSbVglSRJ4WY5A0ppD/YWzmu/4kXPmOU7Iu76450Pa238TxBRItHvqi9+8Uub7rvRFUkAccuNV9xy4xX+LdlZKlK64tLvXXFpvcoUyBevOOLcx521fNFoVynmQoqRr/33N3/6/e90xieSJP3Vpb/4+Q++B2QA3EdPCoCBAsiAtmgt7HQ6EvOv+tW3X/2a7AMfeP8RRxycZwWDNaQid5gWgRkj7XSqn23ZthWkVKae9MQLDtpviVKqnSZCIBGU50Un5Ze9/PnHHHe0RnHcMccUSrFIkjRNiBPoRKLTTtKWFGlicsntTjqSJmOdJJFCE7EWvT5rzUceumHVimUbd22/5557brn1z6ccu06rvF/wWNLJld6ybVM+NbnP/vtd9KTH7Ld6UbdfpGmqjQXUrBlmASyz3rt79+hop0jST//7dz//mU+OT4w//8X/CK3/4ZkXAAS0gNx9R2cMSP543ZWvu+7XgAQkMGMYfdo5lxx/3FGL5nfA+MOtd1599RWQY6rICqWklN0Cf7j17rvv3rhin/0PO+RAAApgViTEytVrRg46+OYbrv/wv3xon+WLnvWMJ0z18oKplcq90zNX/PamRzZtuv6GG8dGRnZv3/nf//XNRUvmnXjCKStXLu/1pkdH2v/493933mOPAvDpJYsv++UPVu5z+Pvf9655IyiAP9/+5x9/52tKKxOk2b5913133rlr+4Nf/89PXv+7q55xyfP+4UV/8/DOPXfe+8Dtt94qBe3etee3v/gJpFiwYGlBkjO++G//5vWvffnS+a2HNu15//veB4YQUrM7q46MAgjnXTi//CZNhEokmH1uS4jzFSgsQPaO1VHx2daBiqzNdPPJ2gas0mxGozhVYHY42IURJRj9TrzB/phVtpVz7FyvS6KrvWhA3j58bPEll9+TG+SZRL4ruehbJQwani/QWEsTuwY5EmHvqFa+gVEDsFxjW/HdmhPeCCQD4oe4IgH7Y2/QvViLTcTvcwl+qpiK69am2nTEgaHcmAWRstkgOFfUOpfLx4ucTXs09NgaAKDCT9Rku/Kj0sQQx7VxWMmEP4M/A41RriKmAaogkl6OjuNid/6Wr274uxzQHCgYv+XbvOKUQYPfFOmCOqiLC0drZoPaIjd1VlcigW3Jwk0E6izyv8MQEWaTYwNnq/69nTP2R9MhLJWEp3FBg7hSRF7U1eHoeoC6Cxt1KNcJHwen5sU6YvhMqHehHMgyvFFSNbyqZomvTSpfkudAoX+nSnDFTRrugiIavIaxtJWYpwONyoA37A+Gc0gM6ODmovYrkO4wt9IMNJBcV9n1QnAuYYOAedEO47tN3RjGPY4KlqMZWv1Geoe5oGYcS/xFQUfiN9zmzBrJ9VnL4CoTKl1udkF9ebtf1PaOzBlFOqou8NQAO4rsKfQ7jNnWBwWz1ZEEWKRg0M5JbkletRhrlnaeeEInL3DnI/nt96dTPfT62DutJ2f05LTKcuSKjQYTEmki2i0xPkrLF8hF80S7hdG2WLdqZN/FlBAVBU/P6GmglUJKfxak8V2pwqQKi323QsfUpGpsz4lVUfRm+r1+XxVKKerOTBE0MxV5tmeqv3vX5Fi71R4pIEazoi/ThJm6WW8m495MV0JnspW0kqQlTeNKazBrhiDWirfumrn+hlu3bNk0NjpCYCFEK5VJmkpJYOr18yRtn37qsfPGWlorgo21SylYk9L5c575jAcePJMEsrw/PdPvtFsTYxOjI52Z3l4h6a67Nv7+pt9n/d4JZzxpvwPWqEKpQjEJrTE2NjF/XnvHjj0rly9fOG8s18yABjHzAQesXbNu3eTeybHx8Va6dHTevFbaaY2kLSHHx0akSPIiz/OChOi0Rlbtv3rtAftef8PNP/nBd6769Q9+9csnHXXEwWmCLDeCBA1SgCRSmpMkvf3WO+668w6V9cT4+Nq1+46PSlX0lSLNBHCSCNb5Y8446rFnHG3GaMdkMZMpEnbDn4nVEAlzGA/ZQAgkWLAGhAILIbuZOvH4I4486piNd92dFZM33XjL1MWPb7XlzHSv025ddu1tV13zO9Jq5ZKVh67b3wYbBVg7+2N3bjLrfGKi02qPfPJz33r/e97Xndx94mnnnnDMEfdvvPeYM566YvnSTiJ6vT4Tq0JprfMsa7WT3bv23nXH7VrnK1euXrhwmSDx+PPO7nSSsdH2zr3TP/7JL7Y//FDSGZvcu3vjAw8fdfj6qcmp2++4M8+yFav3O+TgtQCEEEIIZrnhsCMuvvhpn/j4x3/32yve9e4PLFm25PxzTuzlOhHY9MiOV/2/N2y8849oj8+fmHj4ofve965/BvQb3/zuF7zweQQlBPZO79yybVe315uc3iNk2u13H960pVg09sjmbb2sIEo1oVDcL9QxRx70pS99/gtf/toN1151959u+PjHt+6zcsl/fuFLN910IwQkSEo69JgTzzrnrIULFn7ly1/ZvXPvYYdsWDovmc7yzVu350VOouU+/mkml7fQZk55pVaqt1KjePXhDK9/s2IhykhdcJ/tfQq1WemglgrQzuhGe+7sQOTsOS+a/OsocUhYLvLrakaTvMo0LYVtcNBqpaP+AzLDsj0V38pZkyEgKjrFxKu+Jqex3HAxm09IVBuhyn3ftfgYyLrHa8pUyY5BQjxIcVsBXAqEK65+SE8CiOWhinU2Bp9+EgFXim4a+QnN5BASGvsVPhp0VVyy5uTh4LcRByxm82nD3w72xZOkyUEYeDXLXs2rRACrQudzdhRdISOYht7/Mx5LBf9HdQQvlpUMaAtV8WjwTTzDXNie4eUNVTQb47CKC8BhIasJAXuGSDnTh0tQUE3ManMlCEfIguBqZ/xrFT5WFHHQZOAOl7o/GGAPxKohqoGnwlZnClGFlWhQBxz9aGLUoJw+nLlxNZQVVDhYobnSSJ3psyipsDmiWherzTGzqMd4qpVGSytrD6n2C37UK72ovzy0N2XF1RCUnQve1IUuURlbITeHHNyI2OfjsqYueHMSwo3hwYKws+XN+Ng3X7QyK8MTg8p+VdsLx6sxDhctVB4aKPEv2plowjOhdrOBK2Mg3WS23OPgd9CEj8L6P2Pv2COJyhVZAs/2Bhm308g5smU3EfIS8B6e6RWCwJkhXbhTtaV9wQIsISEECWCqx8Q6lUhTHLYmPQA+QMG/bE3qiZic5pmuzhQV2hDCZl1kK6VOwmMj5gtNpDRm+rxrt2ZiIpEmJAUY0Ow8Ei6HmCN9zVUBITtYxn025oAAk55goN0Z6Yx20n6uCzU6Ptpud7K80FqPj48vnj8miNJUtNJWKxET8+cDCSe0YN74kvF2KpYI1iAJkWS5+aAGtGYbCBCCmSXJT3zys7/84X8CHUeNAACZJp2Rotc/8tjjL/35dyW1BQkwCYYUUgiCpvGJ5F3vfK3SUBoAxlp4ZEdx1W+uFKk846xTl82TX/rmL/7pJS+d6fWe9bfPetGLLs409u7NO6MpAxvv37bPkrHlC0d7OVgV/b5iSAWRFfpZf/PUJUuW7Nm7Z+nShROjE/PnTTCLsYlOd6p3zz0bizw77IjD1qzaJ01lmqQj47IjsWnbVHd6+pGHN5911kkyEXnPHABirAdrQGkqFADasX3nts1bsywbnbdwwbxRBmV5kaskTZNUUqEKrfXeyZ42i66ZlRaSJMzXemAHl0jYiCeRlBKAkEIYBxIiSdDt5UsXjBx91GE/+8nPi/6ea6763S233XfiMeuyfg6in//kiptu+sPI/PH9Vi87YP/VzJrAmgWsqEKYQLnm0dERSfiPL377A+9+T39qqxxfvuGII/Y/YMVB65affsa3O21ICa2gAaWgmFWuF0zIy359w3Oe83ylkle88uV/93cX9/q60xEqy3ft7X37f37y4x99n2TCuX7w/ge++tXvnHL8SXumdl97zQ1C88oVy5csWQJAayiliQEWZ5552vwFoy990faNd931lre8c/zD7z3h2EMYYnys87jzzt548Lod23dsvHvjyHh69NHnb9hw6F899aK8KApWe/bs/uynPvfD76/cNbn3/rvv64wt3Prw5re84S2r9tv3T7fefs3VVzHLrF+AwYpbKZ19zoknnnL8ZZf/9nOf+889e3Zu3vTI3XfctmheO6ekP5OvWLHy7W//54ufdObD26a+863v7ObdeT/LmWSSttspNAtBaSIB84lXpz68G2WnnDcTper0J+hEAMHGsur4ktBoKthOdF8pgqlutRMzwAIsau0FBMV1ly8GFMQowkOkMCMaOyoVMoMtE2Ft0anmAOzHNEKYF5YPDMoAAxkTHMSvh6EpX57CRzX8MCTgHlY4q+9Ricj7vjUDPGcEo6WfDsLHYM/3Ijo8hmtsr0WKycczfIOD+ltW5annMs5bklQfHVNtxatv+rMkjxk1X6venbBT1vsInIUKTvZ/BIgjqm0IwnEDV5+8nhPV2EotZB7LWFP9kTszoGRYxoQnZ8WT8AxxVr76bLDMshuXIU00Sot5sf4snNeu1lLm6n1xexX9GPlWgYDfATofRJ4bPi5PxYiJKd9MqnU0ddqFbYYc2fqXXnFl4exFk1jM0vosD8sFA/VdDQ2ubwVQDo5hhJUMIpJcrMv8Udo1ilphpxabNP9Q+R10hbM5vj9E0P+iloa0P2uhR3EXmBN9s+iJemUBQ2YLy5avloJEszQ6UOfOndCwnqrjF9FQleNKe+GdOlVDBSOkoZyttYasHiKipiw/1YpXCDa+GjsXlOx2U2M2nCvoipLZPipISmuyMw0utNLstR1JjIyLDqC0WetB0Fap9jV6U+YP1oAUSNpkv5eJ0uGcbRJRtG44FCAiMAuCBqSBB8RKqU2bd/UKlRdKK5UmO+/eeH/ezwhisjv1542bJ/fOSEkJidHR9JHN24QQxLRjx4677n9kcqpPJKC53WktW7ZMCMtlgo1Y5Yo1Y+mSxa32vGX7HHDSqadzkecqz/N8bGxi470b77z1pvmjo+XZ1AJSSCETIkolQetsZjLLsm4/X7hw/s5d/be8+X1f/NxH5y0/8Ic//O68ow/YvnOX1gTWeyand+2aKiDyohhj8V/f/eUHP/D+iZEFn/rUh448dD9oBZKaCFL2C543nv7dJeexA9YC6Ct0JC79zQ0f/NAH79t430c+9rGTjlkvJBdFv9ud7imxbOn4xz7yLlBrxT6LcgVmafA1uQ/baHOiLKBZUyK1LlqtdGKsTUCWFWmn8/s/3nPzH2+f6c70e30Wqp22e92ZJUtXPuYxpy5ZPD/LChICIAgSBCkTc96QIJLOUhKBhCRNiUCmhNZ84RPO+PkvL73+yqse2rLlrnvuOuX4A+dNjG/ZNX3PxnsSqHnzl5xy+jErlk9MT88ImWpm7wkRgbROJKan+1/48rff945379mzbWzR4m53eqSTtAQnpIXOupOFnccMhtaaC6W2zfCOPdvyosj6+SObN+/esX3P3umxsYllyxZtvH/jFz7/lc0bb19/2LHLl6+89sprbrju+j/fcfuCBeN33HH7yLwFB63db+HCcWYIAjELKbVSpPMLzjrun1750re96U2/v/aqV7/mrV//ry+uXbNw2bKFH3j/P4PE93/86//3/1637+q1737X208/7QgJXP/Hezuj4+3WnuuuvubymUnNSFoT4/NH83723W99BeiTGGml7c5oS+cW2xYF79g1kyT0xPPPPvbYY++//75lyxYfccyhu3dNfesb377yst8uXrT4iEMPVkW+fft2JhYigaBEIAGSJGFmkYgkTUBEBCFsbGoA4B2gSyMHdKBarzqjwXv1d0J07AaXXLQ01J+PUrm7qvzrczzszf1q3g827N3BiKWMDodINH7XQ3n7lKNH9TpLzf9/ASOH97RKQ2OLgSM4F6sX1zcQD3uczZEkRCbi0V0BpA//rDcKBFazqQuVt41zMHdUT+6bKyFpDVeEMVzYcFa5dPjLLHBqJiCcm7VuzkXyh3u/CEY2GsHZxGPWZgHMOvx2ajS2VYtPPforVieRV2rjcvWnlabtYSUe6dS7RECZl7evYICSSRqmEHtI5SZYPT3tCpY6d1CPGxPZFP23IT8WSImXsbpTauBBsHC8WonFrY630YpK9vciHkaJnbC/oQM5t2tQ8rOslB2uLgkuTVvdcTAPKt1k866PZhmZ8MG/WijL9raJ4RVD419vDFyF8cVZmVCphELXuyI7TiYqzVXL+FGvnIUTc7KeLjby7NgF780Ec424zouwq+UJPLCHa1HUUw4GMZwyw3jFZdPh2vpAP1SLR/DIypgf4gZcxkPRjCfdOrT2HrveNgjA7JdJVQXuJgHuPDLHf9j0oOOAvRVCMBepqRg+03n7zVsvi8bjZeGNB2mGUqwYWoPNnHOdkALm3FYB59YAWrsvKrigp6fU3C7lDmY9oJ8odW3MVksxS0ATAKSpeGTr3te94R07tu8QQqqir3Q+NT2d93uCky994T+//a3vCOhUJgBrrSenu8SssuxTn/r057/wH6wKEmnW7+93wPrPfvoj88ZapkmtWRIJl0PX4KxfHHvS6d/42qe0NrkvjLbxzvf/2/tvualQpDUAKKellLK0SwmG0KDR0dGi0O//6L9/+QtfGB9f+upX/r+DDthXJi1WSogU1O6MtpJWmveLxQvGb739gfe+930P3HrF0n2OzjNFIikKTcSQMBtkCkWbdsxorUZHOgBJKYuiaI2nm7dum9qzqzu5N8972owop+OjKQmpGav3XQpwphgaMoFWlt1uy43ZVoysn+uiYKXAWggAKPJi/vzkJ7/45Xve8k5gyqZ/qQPedtwpF5900pGrVizs9zRJIuc6OE9ekpBCOpNDEIAUxECSUK+fHX7IukMOOujaS3+zc/Mjv73yhouffO5Ip/WbK6644srr8jxbvnTF8ccczcxKaSmdZgLcpyvV6Fj7y1+59C1vfEvR2710+aq8KKZnsiwrWgn97oa7Pv/Fb/X6vYSE1rkgFCor8jzL8kxljzz0kCoUKPned3980w2/z/q9JzzpqS9/0dPXrFpx3vmP275t2yte/NKjjznsuX//km2bdvzq8ivHOqOP3HfP4uVr1qxZ02kj1yCCYmZmMjIv5SWXPOmmG2/45c9+fNppp8yfN8JaSej5I1KDgGRqz1SeFQAVebFjRi1bsvDNr331lq1bWGOml+3YueeG3914+523z5s//6KLzl9/8LpW2s4yrVRx+hnHZbkChCZKWy2teOuu3sKJkVUnHDmdqUPW7auAO++654rLrmSmXEEkaZqmSSLB9iNLmtHv9ZWCEHKk3UokpGRJTs2TB+NOO3AzyCkjzm71RHk/KGkeOX/L6QcuP8NdqgD2AKt82eoBIzIeXQz2aIIlNgEV5KxaaT6CFa1V8FhTxURw62KaW/XteWdmQNYrrtY9KjGbs2i1bEE1gl9Po83tjFxfVfli6MkFp2/EZA6sp4J57BhWwEDwbZV6o2E7FOPhSjfDm+GQhQu1rLg0dK6sp1xxzeXNiiM6KGETAj8Ev0N++jsmy9cAk0JgOeBwWo8WqMH4OYFG4zMqeVLerWKpsnvGvlK5lG8goIq5GQ5K5esS0UjVZk0Y6B9cffVqmAAmJMTVujxvK1n3EG9yPIhRvyovVmTA6YHGEEmoFX3llXrg6Y2XS5Tg193iGvcc1vMZ8CrP/RWdfxsPuoGOUfKzJKs2UYGmk6ErRA17HJeNHDavPQawskkeTLCqGRPaXvgGqqPIHssPjg42XrMwIKjNj0ZzyQG1h600TgMOuzWIyCbCmikfOtMqtiuksLl8qTgqwtrsF81iqAKFR3GVs9hgVPtFtbaagyZl+aolCFfjRC/G8Yu/IIRWf4l8HGTOYlmrczYQwH656MAa5tJO8KNhzQY539LM0kqJUtk47zOK1YX1EOCOpKQw8BZMbRIkNYQAs3UCg2exJw9I7xxHJrmRHeW+NGtuywEv56IVemJiaCCVNN3tXfrrX/d2PsI0At0FS9Fqt9rtopi645brAAK1SAjDHSHaI/MWALjrT7/XWslkhJjzbHpq7xRrlSQkBIgYrMktUmS7Dk93p3u790wSVDsVWUGJaPfzrmblyAKbT7gQKeN2C0BDCDExMR/gD3/yC5/+2KfSJP37F/3Ti1/0nE5LEkMKLRKBVLbSlDTPnxjpdnvvfd8HNt1+c2d01Vv/+Z+PPmJdlmmtpZRaKgXWSUts3tb72n//sNefWrXPMtYspMyKYnxs9Korf9NXhRyf+O3VV4+MjUop+/08TVJoLaS88+67Tjz+hMc95qR2SipXWgqlSbH9LAqRNcFCkpSStFI6J1iQoZmXLV22+oD9VZ6no+N7p3ZD51M7acnShYkQmlkQ2/W3NqluIgUkyGTarHNDxILAYAFkeb6g09pw0Pr2/IV5v3vlVTf87qbbzjr1mOtvvGX79m1IO4cdtuGoow4BOElNOt6lpgVIgUlqhmy3xsZGF+677Nl//8I/33rLt7/2RS5UrnH5VX/4wmc+3u50GKIo+rooAI00ISYu+pDJxMKlaaf14P0bb/v978DYb+0h/Qxj46PPe/azTjnh5JNPPBTITzn9zK99/j++/MWvmFWrK1avOv6EowisQUTQStmP8SQCwOL5I69+1Sse+9hzn/zEcxfPS/tZDs1ZAQ3as3sXUBS66OVFwSKhYvXKhc97zl+F0v+RT33tNa978z777PumN7zuyCP28/d7BSanMwipmJiJBLVTZFn+819evmPXzsMPP2T/A9ZM7Z0GUZomnZE2AakQBAnmQqnb7t56/e9+f+utt2SZSlrt8bFOQpwKJiLFEUI1A+TmXqyx7LOKxqmYm9KENExoH4cLwQiVb4YgvHZS97CrdOHCu0ODraj1r6mkXX+JIcTELuiwyjyf2P5bdy8rlnfQVarCxkD8YB8grKHyw78JwEQKq/Q3UFur1r9eR7nNZDR/d7252sHYpk7qHAO70SK+EF3M4f1B7KXQ8a5tLkMjQBoujY0Y1Lsr4ba+6CSFoUIZeMIDy8xBrusxglmuOTQ6a3MomTzbDJ5zzRx3tkGEmlzQgVC/7tOVDTX6V7NSZ6o1/wzsVul/htverOpmjna9B7GHUn3Ew1Nx0Mv0gX9cwXpxl2uZz+hHxGIGqFbATc6GuFFEBROFh9kQ3PnkYUPera9ITWOwqvI0cjIRWKpBclwNOTBqfpSD5xWBrs4Nrrc7OBAyqFOPrkw5KLXlEEPsitdhNgdcwj00yYB9qamqBm0ygNRQ8aF0ehoK18IxtpirwSOfiMhGFpVTxk7yYe4bBScHOmGOCgxkaSA5XjHFnIknmqvIPnPeXVzU/WWm2yxapzpRHFAMsVrVRJCtvkyIOq1illraeQ2T8nLccV3wFNry2kxlvyTCnBXEnhgGyrMjfDfjuRr9jkKT9gkbR9O7uk6XROkKf8KEbcLkaQkEKI0VSxZ+8N1vfWDz1lYiijxXubrhhpuuvuqq+YsWnff4ZyxYMF9CSElaaxA9smX3Ly79xejIyHnnPm6//VdKIQXJosiXLFogExu61lwwWGvF0JpZKRY2DpoJ2SHdKwoAMk1bucpZGYcKALRS0Gw+AyRgvk1DUsqp6emvfOMnH/qXj/V7M8989gte+/qXj3ZEr5eNjowkRIIkBI2Pj8+f6ExNTb/vg5/6+fe+lxfZU//2kic9+TFCiqyviIRiIaC4yNsjnVv+dNe73v7OfPohYATIrKcLBWp35o11Wu1v/fe3vvWlLwIpICEJWlOScL75hS97x+POPj6VCecspBs8bQdKEgPodEYECRDNTO7du3caAEnZ7RfnP+7MRUuWJolYsmj+5/7tCz/+wffzrC9IJMK4hkzQ5JZauwE0aNYrCgYJAgSDBCsIBh5/3uk/+PHxV112+e23/unee+879sRjrrn2evR7owuWHLx+3cKJ1kwvEySJoMFsoyIgEszcy/jcx578xrf9cydNn/K0J7/9be8GlEySyWmcduqx7/zIxxOSMzPd7tR0p6WnezMEkpIY9NDDmy//9eUzM70zzzrjxBOOZSVOPu34bs5Zv1i8ZOIx5xyf5ZmUI0950kW/uezXmx96QKSt1sjYuY8544jD1810s9GRltLMWtl9y1prIFc44rA1xx6+ptB6JtOSudAQAmCdqSwvChKYPz421hKttLN3ur9501atNJg1SOt805bNrSSZ7nav/t3vKFXdbi6k7GVq/sT48hXLNAzvCMydltz48PbXv/6NO7Zuf+krX/SaV79CJClpTUSJm2JSAKyKovjCv335s5/5987EaC9XSxcsWLRwgfmcEpu931apOA3pgURpQj0a4UClwPtdTsGyHd9AlVujxJUqwz/dtC/fadbmHCyGDdGFbyZUzuz71ARaAsVb0VNc/bNMzdmbbplO8PZspr4hlTzAYHHNhDYje1suIKIpfGoBz5z8utIpas6+1qwmHMjzFUX+W+U7BVHPQ6RYttWQg630vWp1aze9RRkE8Uv7FNqrsq2ypqCDg8HFwKuEKDXIjdnkJZoF4VlfAQhvAPCV1+tzJAS3bLc4hkNTjqAbzVkjApVpRfEK6tBJq/xo7visTmzZHAG6QU+UUc4YRQeyWhWikC02sxpLfgUG192fWpfnGPt41FdFITu0Hwpo8P0Vp5cNfItUuFPdqAh9AHmBaHIMIoldHqGy9rI+9nDBy+bJGbcQBVRKLR/LKzuU6EMgAap2El6GgtgPVUVbzcGdcz1wlAZ6wSo7AGYBXDjBEEtP/U8g9LrDjjczptEbdC/OLnau9kpILGyUm5ZDEMWefOUV72oghOhu4g1wOCvn9HjkUYkwcbB0pGyXyuYi7yKotvKiL+DBRtiFRitpZJuqI1Cf4QOssyOvIvYh8+pDVpLaJI1hyG1QJeVcDsSjQrD5h2hQJGu4IDXIcFmrlzFXtlQ9cWs2G0hOF7lZFS+RZQA6kC/7qFxBEghUWQmC32Gbfgg8lyzK86cfuf+Pdzz4+syAOucTgABp5gXzR1/2wkvCoi989bsu/8WlKw8/5sMf/pflC6KPp1zz+wcvveyysfH5//APLzj/sUeHj3pKZ31tgv/GFikFzdCaAQbk5NTkrX++J+91lQaRWLBo/kMPPsICQtoNNkpr1koQiBUBYCGl6PX1O9776c999l9Vnl9w4dPe8tbXToyKfr9PBEEQaZpnWSttLV2+bMu27e//4Kc+/enPFb2ZI0849/+98sUL54/nWS5IsI0ICIbsFbRgYvSEE07Y/NDSdicFWEgiRtJK90zu3bptmy7y1fusnL9gvkwEaSGkYFaplDu2P7JyxVIwCyIpwMRSCmibpCbSWkCz2n+/NcuWLb1747359OTNf/jzRY8/s90ZmZruL18y76kXndbr54smRq697tCf/fTHAKdJS0oJ+/UWI1UAzFpedorfCwDBHX5DEEmKQqnDDtrvhBOOu/bam3Vv+t6Hdvz2uj9v272Hk+TA9WtPP/1YBnIlWgkUk4a1HwxoQAjKMzXWTv/+2U9rd9LN23ft2jMFtGSSEIrjjlxz5gkH3vfw7u9856crVyx87rOeNNoqJeHm2++/8Yab+lO9i57whBe94Kka6OWY6uaJTIpCZ1lOQKetzzj1yKc9/a8+/tGPpYxV+615ykWPH2thW5fHR40VJyEpTYQJkJDmopvlzEImQpIGGedSChAYWkHne/fs+sPt981086xQ73rXe3ds3UqaZmZmkND01NToaHtycvfb3/PhhfNGpRRCyDzvP/7xF77pza9JuE+CBQAhEuAHP7r04fvvW7F8xZpV+7YSEoJJMFiR62KhC61yIUR7pL3vvkvb4+PzJsafc8kl++23rFDaLpQ309G5bI1XFWt6K1+d8Q2m01oJ98vp43C5bgAP3FvNarEKa6sgx2TkSkgWmKpK3qwxJkvlYUMlYZXwZoOin+1qQAU1o1Zx/AbRGcNie8s9iooNcx1DQjxGavIn4sSaLe9lpe57DOx1gGcikIryVqV9P6ARMfBWvTRu8Bg1MHsVw+r927LRqrUse1EPu9c7O+tVR7NVl2YwzowdpIgHvkzdxxvUdJRWCed5SAMzKu8MorzWFmqjVn9amd3Da2tsj2OSiaB1OcXrTcOFMyrud4VchFXECmFgQiIuWWdb+IgDEFUp35jJ9+06z6LhkzzhBsnoXwD184esCwp3yG7tOzxR3+bgNwfIvzylbtBVDR2F7w9gQRNpTdI8nDjXuhc+/zBk8fBowbBcX0yfKd3sxLi6Zqnk/+QaQMCsE3igtxxWEuSi/0/iK6UcR8qmoVzw2x54SBydEmR/hMqtNm24Wnd5w7mplUiTnYF1Yv6C7gfOZ9nunOppGJcwIVhvaZZ1vLNq4QFvGeaaEIDB3s6KztqL0uzH8zM6ZSm8Aj2LkneBKvE6NPTkSwkgX4tv2oKDsgzDZUXIFwn3RMXubixoVngJRrVKQKl8x45uphRAE2NjV1/3h69/9WuUthYtXVxkvUe29IQuKJEsWmOj7fvu25j1e0XR37pl01TvsJmpKSglpOx0WjJtwYM5BsBaF1pDM5TSoPYDDzz4ipe/riiyJE1VoUhg29ZNeV9180yxBsBKMWsrIQAYmqEVd7szixZMrF1/2Dve+aaVy8anZ7pSkGIweMWy5YsWzu/l+sYbf/+vn/3kj7/3fQIddPQp73vvOw7ZsJ/WmgT5GadYkqCpHh940LpPf+YDU9PdVABgKYVSesG8ed//0c8+/OEPbX140wXPuvAFL3jW2GhbFUomUoMlUW+6t3jp4nSkVSgmEmbyJcKf38ZI0O3116zZ57Cjjrr2+htI5N/97v+cffYpjznzmFZWsMp27+pmCq2xkcnpvllhLJOUhESZGwczNMBasyrMlljNsSG2mI7SJMlyPdbhow4/eMniRVu35r/69dW//8Of9uydgtYHrd//iCMOVpoBUiDWMAtfAbB2UkQgLvrdKfAImCQxoLUuEi5Ud2ZXhv/+9o/f+Mq/A/iKK/7pXz741qUT7amZbGLe2NZt2/t5L2m3NKs8L/bsnYbsQKQgThJAC6VZEBUZZwWTFEoVRZ49snkT4+h5Yy0wa9ZZnrNSRV4orTVzUWRCshBCCK00NGSnk0qByZlcFSpticnJ3R/66Mfuv+++Ffusev4LXnDrzbfs2nx/a2SBpAKUUqtt1iVMbt+xd8sDIMmsmdX9G44kpSXphBQRJWnngYe3fvVrX0mT1oYjDrvw/HMlcZqmWmltln8DuS6mZ2aSVGiln/u8S04+5dgiy1atWXPEoftJAW0+uOSAodfadvDI+nEh6A+nY/mJhAEQopy/pd0qp3RldgfzusSp0c+gQP3MmVAR16xM+WYjpmzEGHHJARgp1keDnfe//Joll9LIxP9Nc003ufzQxNwqGeDY+yYaqmoes4EkRnZ3bpQNx5BhcL9C1/BrUMqkdNFdPdViA+ipSXYDiBp0RW7JoDKVJX61cMtcxqGSep2TZz4YmQ/SA3WynFA1+OlcVwBNzVWh1xB/IR6+uV+zQsogE0P+30qBISy1Sb7BjSR1reGON7JrBQfRSn5+NvnZpkD4yElA8xeWURdyH4VoMin1xFpDRwZ/mdAHoirVliHJwf4VxVn7xqshLTmASzbOQYRwf0KciKl0qt5cJbxRqad0Gt1Ni60qcUdXVZT9G96vATlB58lX53zIt3KVKZfrjhr6EsZXBmvPkorq/Hf7WJz7ExjqMvOJGrdDqWKAakNAQba84nwOlA1u/m9VwD21ttrqNBxcf+x3xhst4MS+lh9wfzZKS0DbIG1VSWFWaPKKtAztVAqWoxMqO452uCPOQPvjQppimdHXQ4P2yNHBbnN4KL3GHLoyVlb8keROF7IVsdB0BkvQGGV3geqo+jC3TKgz0paFStNWUah//9J/T26fGpmYd9YZZy+Y35mc0i1KSAoWaauVgiiRCYFkkrRbqW63iQsp7Ym1ZbVERKSVWe6MQilKk+mZqfvu3ajBaSsp8oIEtdJ03rwFjKTIFANaaRf3JAaEhCpodCz9wPv++ZyzH7t+3er1a1dM9/pSIE3EaLsjQCefeMJjHn/eFVdc8eEP/svkri2jI+PHnHj6P7/9zaefckSRKwDui1Bg83lNELPWWq9YsQQEk3kVQK+XLVo4sWzZIkEEzvddveqQg/drd9K80EkiiEgCkqA0cs0FQwpJYGEmNFs1nSail/FoRz/lyRf97Cc/vff++++4888f//Tnly5+1RGH7C9Yd0bRz9WeXXvvv//BItdEKQQJ4Y43hl0AY5PGrAHlP93BjjFs1IjbFspEZ5529NFHH/bLX2296647iqyndTYyb/SUU45bunB0z1QGIdmctBxUA2P9ACKRpq12qyVFbrqhtQKRkEIk4tyzT7724pde+rP/+flPf3jgwfu96VUvGR2lVpoKIikkSCqNNE3SNGEpcw3WrBSzUuPj7Tznz37+65//109DFVqIB+/b+J73fEhI+YTzzmiPj0hClueCijwv8rwwqU5FKKATECBIYtfuqXvvf+SKa276zje+QVpt27rlkQfv4zxbsmTl2jWr//lNr3t4y/aFiybG2p2Zbu+b3/j2bX/+0/j4xBOecv6Gww7pzfRIJlzgkEPWayhJ5ts+gkh/9evfu+vPdyyev/CvL37afquWTPfydishkWhAs2JgtNN51iUXM6cnnnjkgfsvPXD/pQJ4YPPul778DSeecNIzLn7i2ESHlbYBxRjV+aikm4YREoj1HFxAqCzuLEOpCuwtazdCc4DykwLh1WApw6Y5OtbNX44eiouWz+O1RUNSds0pR4/h/M269a7pbGtwwcYue9XiW4lyd0PBfGnXAi+itCsVUkN43QifQgAzFIib/xLKV8jnoZpsn/sZ1Rn+UZrAoZtQhlFVz7xxSVgFAsWxj4GDXkGnQzBn3cEOUXEDN2qeLYVEmWU9ceS6kgH2Qdpy4lRqLMsNIDuW74ikgOD6vGi8GjOfw9OhFDzjsLAX48qXjdhBLAYosv81zFbal7IrVDu1uOJM+Y6HB5p6qsJMRcCiivszCEKTOUqhiS1RmdhvCiCd73lJrpt0A4AhgObvr1ggRmhgXFiqJlT16RczlGqMq5QtfZhQ2AYJqKuHaqRWblbGIFwOEayQiI9KqzU0PE0UFm4E4/X0aWANaxOsVnPF2XYPokGvv+bpCU1xRePOKSBUr9tUEFFYe1yTfgTdJwRu/IAu+KeVzH7smURXg1iCg5UgVXQSjUJMaLPKG/S8hCiD+elGIvxvY8p0wF9Dhnq2w404+NGk9AeS/JdIR9kWGWvFXKLw8qlXnWbi6/hdKgensqyjqpZtsTg5HkGk0rA6qrxN9cSUAtGkMSMEVyJZ9j0JZllYUZUjjp+Cwa2WbKfpV7576Y9++MNkpL3/urV//fSLepkCtTQxMaAlm09wgDRrwycpJYGEFIISs9JYmC9XCiIGK80MzdzLmLNth24440Uv/cesn8skLfJCpiRITO2eHJsYk4lUiplZSAEoYUARIU0py1SnRZc87WzFmOnlE2OjIBCr7Tt23n7PI7fcftddd9256cH7GbRy7frHn/uE17zm5RvWLe12i4RYQyiAQNJ+hJYFEYsEUHlR5LmWgpTWgqmfF6Pj6GeFYZxGUWjOZpRSOklAICkEBFKBVkoAisJ62s4JMbwWUorJnjrnjGP++pnP+uAHPig5/8n3vzOza/sTn3Thvqv3mZnJNm/edv31N/z6l5eRVsx5u91ut1tK2Uo0wMysDeLWRBps8nLQDM3usF1hHGkQkOfZmlVLjzrqiMsuuyylbns82fTgtuOPO/ExZ5/ArLUqEiHMu8KJAjvTzUwFywIpUwICSANaaa0hWKa9fn70Ueve/vbXFqr34//57je/9v3HnnHmWacfw2BSCqwEiCAAMBJTvXGWx0bbBPrq17/3kQ+/N5/eNbpw+f7rN2zZvPlPf7jxRS9+xd+/4B9e/k/PnWiPPvUpTzl43QEnnXTcwoUTLSF5fEQa6EIkCZPT/S9/5fsf++gnHn74PhSTIhmbmL/oyNPO3HDQhtNOO+ngQ9YdceSBRAJEYyNi967pG278/Y1/uHlh2nnKk578pAtP3b63GB1NpAAIvZ5WOSno0U7797fc+x///m8t4uNPOfFpf3XBdE8lRILA0Hm/b3Tz6n2XvvttrzZzYybTRZ6PjrQeeOCRL37hC1/8/H+sWfWz888/KcuVIAZLc76WnXt+ukXQqGHueozoJ6NjXqkcy21BscJxesQ+pXh6s/En3Mb0AarYvlGqs5jUepQ8eGlOV1M0eTb7bnrSZDUx3JZhboTFmnKY/ZqlnvjVubgcFa8JESVhmTlUNaeVd8OvIdDfklLSSCFGHUxVVPtfQE8VhLssSCTb4fMYLw1p0sPpqJYathkCWZofxZNrKOIB4jk1F6A7pETkdCB2PgE0TOo5NEdRaa49LemPOx6mc7nCkL8UsYUEhFm9CjLyvlI1wUtVGZ5Lowm7fY+oasDICa463DUyo9fDcFe8z35QDK9M3EUdrnvb0YsVx6waETTueeCClgm3sg+lQ1DWE/PIUhXeqbOr1rWwL553lV77R55Tvi5PYGNPh9PgU1hRd4ZmqaqXH8Fg1Mqv0TB7VeWpHaTXG+kMCrqDCSri68MHXuZrtXnfuzJq7D/LydVOD4smIhiCUMjjgeCmTg13Pm2UyI20ZVvsU1W2Q4ftWvLtQRkMRFOpqlVNgQoG4uiHW0oxpytkX6ANjRc3UMmQXWvKBrL5QFg45yLNZYbKpyCDbed+rvqAa9C3MvPhVvy6BXgl3GG48AgFvSkpqWG2gKZoJlqBKys17fpK7T0OyUFELxlZJ4BppNMigR/86Ldv/Od3sNZpkjzv+X+3etXCqek8kdJwV4ABaM1QOZg1a80gQVJIlIe2MoEkQRARk2YmQiLo4PUH3nHQqU996jP++innsjlLl1gQwNSSANAvkEjINDGTTLYSIrAAQKMjaa6wa7KvVcGs9vbzzdt2Xf/7W779ze9de8010zu3g2jhokWHHH38s575jGde8lfjI9ztFokEMQrNZlUpg1kDgrrd/q49U4UGANZMbJe3ZlneaiUMkaQJCZnnenJ6BpC9TKVSmC/iCAEhRJblE+MjE+MjZaDLniZIzEImyPvcz9QrXvi8e++65ztf/wry7PJLv3P5pd8ExoEc6AMAxkGtlfsddPY5p82fP1bkOZG0+U+GZmRK5Vmfua+KzERDlGJpPhAKENtjsoTgrJ+PJ+npZxz7zW8s3fLQnWPjo3qme8KJJx9y8Lo87yXSdJTZujfOojFgHF2QhjSGVxqviEBCgBIpaO9Ufsgh+774RS/YeM+dCxYukmkKgEBpmhaqkAkYGgALIkAAMhWdNNm9d/o//+t/3vvOd3Z3b5EjC5/+jEte+dIX/eAnP/r4pz43uWPXJz/18RtvuuGSZzzzqCMPP/vs0xbMH8vz3vbdPSISgqQQeV60WmmhefOmBzc99MC+K1avWrfvhg0bTjn1jGOPO3rFPktTQrfb3bUrI0GF4pFO0p2eSdJ2KhJKxI49u7bv3Lt7Ouv1UqMpRkdHQCmEnJ7pfu4LX9r84L0rVx7wkpf8/cKJ1lS3oFQIIhJ6qjczNTVDWESEQoHBQtBIS3CrbSbzxPz5iUwUwOx8eGYbKfFzKd6gWZ3LPkrP5bSOFVsJCSrm32nacsLDKaVQrc0Nbbkirn23yiN6OzZJzhg1Aa0QWbheVikf9DQwSSZNWN3YUoEZlQrDDwA21RwmY8reDsQqgc311A+B0aU1iyClG2T2oNGG18lBF6pQ4jnYFDLwJig6uimwPwP9GY9kAlQzi4A4wxcBVG9sKYJALmvgybMWP4SpVOtOSV0lMeO7FctTiKT9QFKY8JqTvFXtaxXSo3neNpAdVD0kz4yqVFToaaA2QHH278p0szcrxHhsbAvE1DbNmvI+x/94CaYATtR7QVGCdJALWp+5ZYFg6OtUVX2xungHlbhq/dyt8Icqfw4KoySl7i157aBi0ytBMWaOw2t+GhP5p07DRJWHvEOTKCCYb2W7Tcm+Ri1QUW1BW5Yf1tusbW8dkC+tKfv4FQBCCNSGISxk2TKY5pCfNFjOQmc7XMkc6v0GTxiBTq86J8Hv2AEGYk8mCIQEkHqAOiixN5d36v0OMs++cBxqiiqPPHC34IHdqmmQX0TaUD7oZcNmgNJqhK/UTWPj8JUuSGQ5BlyhAi/RS3MquwRP8RKuplhGqRYrE7Op8mAqlBVWOh5htIgiA9orUeFqcbZJAYZz+ermLZpXpgRXfvqSRBzwqzRe0VnWzgwz4Ke3xRhW+ZTaMDAHHNViWgslyXeg5FupfX3L3rj6pXtM7lX/HgEiEb1u73s/ufL1r3/77p27lKazzn3Msy55Sr+fpVISSIfGyGx7pMQHDiggiQCySVEpZCIgmJmI/+mlf/eiFz+33Uo37+gVSicCxDpNdCLF5FT24MOb5o2PLZg/8odbbs3yHIBirQHOUWh9+50b77nn/kc2b9u6fcf27ds3b3rk1j/ect89d0Gpsfnzl69as3r/Ay44/7xnP/PiA/dfmuVFr4c0EWDtHCmAGKwLqE6r/fNf3fS97/6AVZaQVLowtgEgrVSr3dq2bcv09BQn6a9+8YtHHnpQsy7yQoJYa6UUs0pb6ebNDz/pyRc/77l/NdJJVcHCBnGMPiTNSCVmumpivP0vH3jHwmXLf/Wzn+3avWPX7r2cFwQNIZcuXbZgwbyjjjzyxS/+hxOPP6yf5YqJhNv/CdIaWuu0lY6MTYyPjkshGVBMhRYkiEDCqmcWAkJIJjri0PUnnHDCr3ZsGWklaw889OSTT2xJ3jMNIRPNVnD0oElk/jV1Q7RTSQAxSQEIyjJ9+qlHfuoT/9LPi1WrVt18yz2g1h9vu7PXyyWSPMsAQGsWDKKpqe6Vt9zx39/87je+9pViZptIFj7pr/76bW981f6rFqw74HlLFi399Gc/v/Xh+397+aWXX/6bNfuvWbx4wZIlS+ePL2yPjErC6NgIgXvd/oUXXfDEi854zLln79w7fewxx5xx1vH7Lls6MZ7mSt/y50e+853vTk/uzvtZroo8K4QUWb9/6x9vYajJyd1f/vJXr/ztb7VSJBPWKut1Tzv9rL955tOVKv77uz//1tf/qzMy9tgLHv/Yc07ZO53JRAIYHRvNimLXzt3/9dVv3HPKCUkihZBKK9a6yAul1Ew3+8Uvf9Gdnpy/ZJ81+63RbkIzvCNa6pAB+N5OTwaoOr05zoW6u1T+juoJJrDTBPaHsKvBB8PoRpQWaORKsqgWUmx20mz8KwYmpWmrH90RBfVKBUxwgMdhs5BUbygbjWa1U5X2Ki535bGD7xxUUbFHlRfqAKYEAxVj4fof1lbHjmVDQa/iHpW9COPdBolVaPBvxG5Dves1HnrYUDenYYFyOMrH5bJJlG7nQB6GjTYCP/csQgJBtSGX6lC50jUHudkJHlXSCQGxA6ZPfeYEkhnKauMMmouj1dCmJ2tuh4za0WgQ2NoUrN2h+G7FWHA9tdY0pjFgLhFCtVEu99wN9eGNKA0DvYF+qCrHEl/FLTRyMil7aCkPDtUY4PL5x6Xc1256F9RXHjnBHDvlzLDLi0sG1Id0yFKEQVfV/QjthjVBhAbJGfB6UwEMluOwzOy1BZ6DKd3ggrolbX4amzuG2YNiTsOuii8a3Cm5H8ddHtVVXyhbj4VQJD6zt+Id79KL8PJS7UTYSugYDXabo3eqJr+8GSriiLg58T4sVYY8qyYgOs2PK5wJBsXXFo5XWX850WwJF6RoIiw88Dmo05vvQZq9uYdUVYXVOR26b4GVCh5GzikqrCttZMMcrquPWCtjyNu1ss39i8txQ4lA/D3nhKCZbv7Bj37hQx/9tCBAtE4+/pgPvuetE2OkcpCwyzbJGTaz6TBXhVIKZiwY5p+SOUQkSCutwVIKrfToWGdcUKEJLFuAJJaUERejo+KBh6df+IrXcV60O+m2rZv7/Z4GL120uCWom+skkV/9xnc+86nP5P0e8j64C0hKxpYsW758xcqjjz30hONOfNzjHrth/XLWamZ6RiSylSbM0CyMYJElXmuoNMHV117/jS/9G3gSIEC5nnnRkKAOhLjut7+57re/AAQgQInpJ5FOW2nW37Vk6apLLr5grJMWWrMAszlf12QvWQPtREx21fhY+8Pved3u17/y29/+wY9+eqmQ3EkTxfKvnnLh4x931vIlI1pjajqzuxIBJkCDpOxnev0Bq17y0hfu2L5j+aJF+x+weqrPDFmwEOzOv2Xz7UzRSoVivWLJ/Fe85B8uOP8xRFg0b8EJJxyaM0Gm9lzdIF7ELl4BDTLn7pLdgay4AJRiFgKCwIw0BZjRSs458zjFeMf7P/XRD31i4ZKlRZFPTk6OtsckAYAgMKGdimuv2/jyV77xvtuuFunE+Lx9H//kJ7/37a9fvnRi07a988dbL/37p591+qk/u/RXf7z1lmuv+d2OLQ9vfXBjobhQGiSgQank3vaFS1Y/+ckXas1HH3fMyaecnKagYqbf6+/d2xsZG9uy6ZEPv//dKHbV5kEKMdKfmbr859++HAVAQGoO+t2+Y88zn/30Istvv+VW1Z1esnTf5z73manQPUgwNInDDz9s3sKFO3fv/MgnPyU+m6RJCgFVFMysi4I0sryAzknx+nUbli1bXLj10mxS0RzOYa76lwNnM1emtps/VVzcXFm88tt6QwJuNJuB6KOxx2FbEZSatZRti0Ns4EFd6ZE42hu6NuQa5GzM4aIGjvxfXKHTXkKICrIobw3FXXNpztvQWYFohDcHZn4aX+T4AK2KVFbQZtm9/wVCe7TXXDxbcwUIYS4SUJ0l5I8pQTBGsRs2F/hdoWdOiL35boObaykRYlDxuVx1dTGMjNmI8u/SXMmIQcxgcDiwiYpzF5M3vK5g/yc799VV6loJKvIuTiwWPpSF8J2wYTt5zZoZLtdG+nhOg39PIR/qATlfdwP340BjYyQpnueojUFTVU3XoHhhA3kDQhdlE85pr1Raqn4zkSPP2YP2WWiO1FZAUkX6ole8+9FkAslPv8r9UIScw0OgkuOu3gqXolRexdQZWxqHMwhkvsJoGoPPfbkhCDsXUumXeSJgRQPTKtFER4i/WRW7IFxTGfQmGSJbLArxlLVWApB1WzpELhu9xEjyAwdq0Pul9necHdLW8GlSCjjbr16UM85sOInQY2Dqh+guamItxx9CKUNroXvPYW+odA4jDVAOZVm3+zPWbJVzvUOoG674NQe7mb53e9ntt99ORW980bLHnHXG297ymvVrl01O52lCrKFh9g1aoMta92ZmRlojeZ7bIJVPBLlirNGbnk6EzLM8bYmsn6iCc0Cag3asvyoEyW6P1x2wz2GHHPLj7/9AsG6PjCRCnnPOuY8/7ywhBEgnCS4479wffvf727dsnpi/z9j4xH4H7L/PipUbDl534onHnXr6cSMCOfP0TEbgVpoQkbb1kzNedtG1lFIxTj3hqO1/9w9K9QQ4ywpmzayFEEIISgRIChJSyFY7FUaPKQjBrJTWDIF2Srt27jz+uKORCM02qsmmRYY2Q8VQjDSVmeLpPb1Oys991lP//gVPH00tE/s5+lm2Z08PJBIpASgQsRVIQTIr9Op993nec/4qlSgK9Pqq2y1Agq3L4kRNgwVIgDUJ8GknHXjaSQea4c4U+hmEIK3N7AomkJEQAgS4/FwOMesiK4A87xcMElJozQQiAa10lnPBkCSymW6vlxf97kh75NRTTz715OM0sxBCMbTitQeseOw5Z3xr08NrN6x/9jMv+eunXTh/wcjkTD5vvKMU79rTPfTgFYdvePZ0jl/+4sq77r5n67Ztu3bu3LF958zMzEy3V+h8cvfe44477pTTTt47XRAoL/ozXZ2AWjJNJTOLdWv3e+HLX7F3xw6ZCmjNmkkStCAhwQwBYRZ/Q6RpQmDWOO74Y4kwPtZ56Yufv3DBfBI46ogN3RwAqYJ7zCedeNwrX/byr3/7u3m/r1SulTbfYWW7lpaEkAAOXHvAm9/8xvnz0qJg89HWYFLGKj6YvDEkqCoot9aBAW82g5lqLW3VcIRSAJT6glyUzXyUtq4Hq7YsEInYVNnCJdHh/p2aKvaYr+4WBhDK3/EIrQaWDP0xfmyoc4CGb8xQ2F7ETfk1sY2kVv8sA/FlpeWjAGZYG+qMho/nehsQENLgCDXY8UYAzgN+B5xpTsF5QYrhTf1mQG9ZZhCwrKJKj6URm6daE4395fjwy4oti2LfrrnIEahxLIa1wewKzieuvNuQ6wvJG+DG1DlJRIi5N4Tb5SOEIscNhYmIbciXwtWOTUGZavIQpKERJ8Y5PquZY+m0hrSJIRXgWu1RExkVBnqtQnYqscUSVOVVXd5cnY1y5J2CRtIapCWJyIogWDXu4utorjskIgbK1btBCxQE+crJYwem6YMztS8gYW7SWevFrJ1oqi141f8OW589uFILU1VnHcVZ0Lldjbwa0IdIlTQLka0zhtRzjn1WwiFh4NDV9miCgqETEfQ07rI1bX4XBOYW5TJ8D7tWt9y118qhaYAaLsISUo9Y0dSqC9ubheCS8oCMkguxtqp2P+rbHKRluEvp9FXz42i4HVBrZAIRnAdXgi1Prp8T7v0ASfiyAcpqpKIZS3BoFivKLwqINXdr4MWuhoAsAkMDQoMF+oVeumjs3//1o6+Zv3D//fd79f97fkpqejrrtARr0oLInlvDYILG0qWLnvr0p6zaZ9lBB+3PDJAwLqh2GFYxLVmy8IInXrRk4fx169YIIhKChBCG4+64WI2EIbTS4y167iUXL180f2S0lcpkzb6rLrrogjWrFuQFtwQVBZ9xynGve91r7n/w/kMP3bB+7bp16w4Ym0jbEqooZmamuwppmiZSEplTkcicB0Mevdu+J0JSnvFTn3LOM55yDgMaUDEnjWyIuTE2Y2SKSUgN6+sa59Oc9MMgzZCCZDthVeiil2u1a5rBLIQgSkjITjslIqXAgAC0gABYG2de9PpqZqbHrARJmbTI8Q9sVTK7/CVrFgJE6PbzIlfMTELIJBEk3KBY5RIhbiPMgpgFi0QDrSQ9/azTW+3ksWedQmAiIRK7r1EKQYJHZfLEi56wfdd0KvT4WGe/VavPP/9x+6yY6PaVlFJrKpRev3bJa1/1ovXr151y0pFnnXzYjj3d6SnVbiWFhpBICTPTuWadtsSTLzwdOB2ABqa6mJ7uTnf7RZGrLGu12iShFYFIayRSCiIFrRl5n1ev2ecTH3lbOrdh8le/ADM2rFv5zre8fLIHzVprww/KMp0k4mUv+8fzzj1n06bNRVEYfa60JmG+Xgut1fyJiWOOPWbFsjFzZBED7M4mtqLd1G4jkc0RVJcfjDb5VWBnoBosRjSqNzA+QgCkB5iFJnKa78Vn7A3YORL81eDPoLbNsqHhUHci8MVrbc3F4luTN1ds0EBQw5sh/gkHoPaKQwZVjBEWnpUoDgzZQDAZAxg4C/h/eXE0joj9B6D6tEZhvD/wUYHcADLVIRDFojaHymrAo04UN4j6rOmyYDHXMBBTd90HVVs+MoVdmm0WeQ6x+mzXXJA5D/0zik+5W/VHNRob3Lfhrlx132YNYUYPg7citB/OlEH+ly+gtfusVuzdDYy7hD30A2Dd6OB+1LbbgTGACC+fVCG0KZDTKEllWoyH7nT37fl6SptRFdmGtmoRkfC+w51R3+3N0L3xsYc4WtYoGWGdMWG+tqiPYZlK90s+NPalzvxaL2aplp3DEPBsWFDKSXtji5WrOi7WIwaaLEFj4DCMbPnONnbQ66PQTHNwv6xt6FVOKzPiwTQLGBKNQ13eQgFwHI5YGgphI4aos8I2XfmGyNCg6bBYrGNTyBilOElo7wx95vs7vvTTnYevH3nbc5Yctl976x7daQv7ScSgWb9hwCYq2VsjW4i55J8hP8h0WgoCdRNrHwZFqwOAYI4G8KtEn0H3rZCFuiOaR8FNU5FzlmMNQCCCsP9jDZJCM2RLIiuKPEOrBdbQEJqF1j58T0wY7VDiOjPVY3Ix5HDepC1qSwDoFpiaKTST3S9cmnvLBeM/dTpibFRK18NMcd5XaUIgoZhA3EkJgAZypYtCzXQ1a06kbqUiEWQ+xckQhm+BnFpW+PHVjEKpPC+UZs2stQufmv/YPC8BJMlzicgc6muOSwKBIKUQwhzWwwwwmy1Y0GBmaE1my6VmEHQiNEELKClISDN7BZMAC2ZiJgZrQGsT+CUN48FqSZrMGUlm0y0AAUEsyBwybP8FIASE+XSn0qwZgkBSs1AaWsOwzseZzdpMbaWazCOwbrdp/ogZBHRzsybIuEMwk4SFiSJAupEutO7lEESsWTGYKS+0ENxpJUXB091MSpEmMAt8BVEqVEpMBM2sFGsmbU4ukiBBWsOEgLVGLzPm3+6Q9kJrx1IXbooxzCd27Egxub8N8eZMZpkIKQTARaGLQjEJhtRM2nxuxRxBxcXISJJKoWufJxECpuUsy7OcW6kUJl1dwkV2Um0/7+wBqQ/3OUUX2Havb0s1gyCqFaZnbF7NVhiccEQuS6CUXjAu3/nlLT+4qk+i96237bf/irYyLrIdxxhNsZP2UOnZ1pxX45V8k0H3qhvB1ewIuSnpehjaX1S4HZtgBApv4AcL5mIv5lKm+rQaPA2VehUwDPEDG4FHBeZ51Bao9wbiI+Y0cd6HwoOcZDNVdpCDkSnFuNb08Mynf9iYM2xwwHz/43owGBBWaqu30limsWSEnSJEBKp1cEgN0eQfSsmsXlmd7HDCVArb1iszpxFnxtVGkzquvZ4nCAeikRs+XVdBIFGnKjGqWisNNxsdLm5QGp7MuU/tMmMUOwimTOKrrlgA7xENCUiEuhpD5NgjDqJmf53tIbwhY8K+MPNQkQuEAC6kydFTaxvNGs6GkEQ5J4f0ukJByKzKW1VqQz/D/WZ3okxleG2Z+s26Jhpke7yijDsxCw8rMmB4HjDCq7BGqlwlUSY2YmN9N3FNTTdGqppNoIcb8VjXmVlXMeZurR+1SVUv4SF2ILGDyC4po5LWEoYEZRrS19zEFmra5lFKfsNV1wuhY0Ugk5IoABFA7r/lc0A4raEeT3aT7vIUBaIQ/fbwJnojmJkOblgDD+dwIoCLHIikR02lUg6bi59GGoDrg1LWMEjmEcldaGNiW1JqRfsPAwwSAqoAKO8pYpZp6hVcOQXZgd+pqTwvCgBJkiRJYpsLdB2DZ2aK3f0MgEgSiESANJmWShl0Z+EQiHq9ojvTI7AwO1DbaSpJMQgQBM2Ymsm0UooJICGSNBXkzuNVXB64Eu9attFPdoeamP4kQlCaKoZxQdnlEstZQSAiSZDmJeOFxvEN02l7rg8bRW6d8FD9kFvcSiSJhBHPQF/CnlhseCJA/oAgbfpSel6mReHfN2QLaIYQ0BoQpruC/z91//5823Lch2Hds/b3e865F/fi4gIgQBAk+JD4lCiKL4myTEmhTUkuO4klSy4nP6RSSaVSdlWq4vwH+V2V/JBXxa6Kk4pSFVUeLseWY8mKFL1FUS8+JRJ8ACRAkAAI4L7P+e69Oj/MdPene3rW3l8AqTjrnnvO3mvN9HT39Htmzba83vhADIoxBKO/3jleGmBmbufz/vnffXeX/cn9dn9/PzIe84NMIvLwYt/3fRfZLzsxb6fT1hqJpRR0f+LLLu+9+3yn9vTJiUAfROgijSw3OzELs3D/ydDLeZedSPqpyj3dH2dejVkgtqIJbyfLjU1Mmaix5o5M7JwW1VveTo24XXa6iO8MkcGO0zvvXGR/MWanS6yJBBEzn06n06kXO4aegjPXmeGgcYqafQE9HKwZL99an2Cq3OqwJqnw7oL28yh04O2/1YnX5LPciTPhskY+SQivyTGJjhsHYmrU3Mj1tn0uI1Kk4ZiNvtOuffrewtGyt+k/R4T5lRpoBk4to5Ejn5JogwTDTDqQM3qIyRfwxGOeGfBgCWPEkazLHIqE7upExI1Xfmozu+QDbLrJae0izCqTT5TdEHtojJ3GxYixJJCZyxkqwySkXiQkwHV4TzFKmeZ9FfKV90O4Ul0hHPUtcUyJV3F0S9GPrkXQiNhaQQGySnPsRd/wdWhxnXGpOwyicD1HO8zGKdiK/qlX86BFTm3CzZB5lUapiz2YS3x0WsiYohIVyXldNF7oXERnTkH988wk3VZJB5I9bHeY43lPiHmtESKVNHxdrzBtIyDJ+MuNfPPm9Ci8uUh4UoP8DAx+Pl/qKp4WftbKNp2p5av26/3D6+QTPqyY2N3YWjmJ3OEh7D5zx6ld4gka4sKsHGGQldbRx8/xgK6v+krFsUHmgRXI6HjI0lOJg0rNCBM1os9nS7Li4Gg5U+eAgKJkFYI2DGAQWggOcmMtIgr0D5Esa2jLlegtLik+ddAywradiUXaeNlx1AT6qon0CMfiWCES2lq7e3onwjs1qyF2CjQOkW3jl1+633c6S9uFian1ANGjXG4eRbe2UTtxY2njDFbeLXcjYpb7u8Yn3plFeL/w+AEMLQE3mrmPTMTIb+hgX7ryR9qObZFtfCGmUCJ0G6EJZ6fdYOu86Et7Axz1RU6O4Z1KJrMWInciFmqNhEj2RgT1otFdQ1UeP+m5CxHTKN1oAkL6Uq5Ks73sDNCYRE8zIiLmdvf0/tSkSRdEHnLCLNR4/MwK9SVQ2bae4u1qoIwFW2PiExHZQuLgi5AIn8m+M/dfNCUmpo03YZGduJH/lpY6TyJuvRAw/h7+E/WdlQEgr85lnS/9rU5lhKsU83biRifd9dAXM8eI3MZ7xEQUgkNY7FRDEvxKraFghX0RavwqG86Pw5w6s/lrBpcliiXnkY4MP7oJ/eCB0Pgbg4fja/CW9eUXmoc+iKCuvr9zxYd+Pa4ZvYWBuXYpKwbYBEOmDxWAOgFIMwyuaFGAfgTCB0hWyWeBMAa7BwJzJWNBqTsAAf1zApyuBC24+68GQ2T8lZYHJDh2pQ8bcK/1RmdSz0paYekGs0h05h22GRcunx5c1zLPqkuy4jdLdVjg5elmDI+x4wnklq9jOwXBheQljM33jCJxTEHL8aAsV6Gg89SDlXT6R2wz38Qa3hzgHlRHyqdXO9qX8XfP6JgsWAqemdiGKxdUDUwpxGFoURIj+d5mBHrBd4tiIJWZYHYHHKY7TL2MTZRQdkqX2H4m0okTmjOZUnxDAxKNYr2meDxTKSKwMAGlWms2QHYFSsi3VS+sWFAtj3XIGZs9rlp/e0w6KXRg6JPqxblbMsRrzIw3sYlXmsVMbXgKX0bUitV3VqR4JFUdvRhsaTu0fDqYc4Ig0rUmuozFAE50CEhNxHFFkKL7e/sT6zmSNiLPtxxNMm7wgJpPG8d/XQB0vWVnbqLEakGsbyzsjW0HoAAfBEDJiHj7TaeyvxVp7ccRuiNVQUlTQ8MNjxgU9R0Nz2eS8UDfa1AqBiCBfuNW362C0i7enoblg1c0LMloiMVk3SzZ7mLrpStVkRByqvUJM5JEhIlEdh5Y7Yo9jmn4jykQaiR7G9uOu/A1R4OI4r5wphgJMmnyqSIZXxcZmImlES60RFbeEyIRt7rgW7jxYBQrV1wK1d9CMmiPBozBgPFFLO1sWiMI4YnpmHsFp7RLhojLjI2XE1gKVhECW1P6wMLBIv3m5maKJtjnL9wDx0OaraGtGGuG6qEE+B+TE3tNoP9uLl6CLjp0muOzLOwY3GMnsMZhkQ3Ff1gHHqm8kbl0xMXNg69jnVNraWPRg4ftL1c/0mWuX7q8mgaDm8v+EflnRMeQIA8dl2Sz5PYoFBqENjEy1PgirJ1WJipTnRYYywZaMXMXaEOw7pRwNEJIpP+ocR8SQjE8y8I3sEFM4iqWS8wqBUVoDD9FM9fHOVtg99epgZGW062IarI0Nnop3vj0OLHJfNAYOIMNX4fZyNFikER1d4nYCc/5sy/1TU9T6pRZVGV66xTdyZo0iGhmwkokNOPoPdEUpIWZNGVw/m12IRW6IdaY6CgxHsAhUhrK754jm3UjKQxdISc2xY880qYiorwEtz5+zZdVKA/RQf84AVg/o6BCC7baYGbs4ryjlKypqP0iL+VzDSihXV1XiiKV6HhoBlWlWt4g5btaK5rxvK40Yu/dheGO2s/3XHXgyC5AK4CNDa4a3xXO2B3KIrUti65zwh5E3vhPQmGtr+iHTjvEfT2FKQZUR7fUnthDYF9C8BXVzBoKnG9PozgKARPRlZfxhuHQGs08FSXRXab92qn/TqVtDR2NJQRKzWPBkfgEPGX8agUkSsJCvRQUZ0f6kmBDneDIDukBmFKLcyhahQqs0VieWcZi2wiae64omt5YvJJKx5p8RvZrzJJliAlzGUUloMRKReeatE61utFp9lG5xk7m3mDPyKBU497u4ORjeLWFrFCsQNkpYJUGtiBfYCmYiBjOS2YjkkfmZXKlvHXaROOlPqEmPX0s9q+kosEBlgK0g8itrcZIbDulBwnaDDwIowdUCEM+MIRF0pxR05U9rM4FGR9iL0TGglzJT0iVIGLQIQrTKEp4IJ0KqjyoenwUYQnGoso5m88+9jzS7AssojtG66iqe2sklVGcP19fb4GW10c4OHUGJKhsEOJJrluGNaspbZgfDbApO00IXot0DppVggDYWidAKMlDlrHjufjqrhTVp3jmQMx6b/s7/8zBarQClHXMedqUqQYRyqDsa/aL2OIWbS/wPwixvoY05KsJBfE67psjhIKN9sGiypMb9qwY3WxjRYACxP5BY/clfubhSQjxAIRHTqyj6FhhMjVzG5KXTLuXu9bKj6CAzGBbExMC19ZFI+OA+9Rc1ymiGqj2pV6skSqlaVtRFBgFKah5/h7dSTCqboWMCVYrKlNQ/4HR6pWDR0n2vFl8FjD8kMh3Hx+CUZdbBxs/+zSAvCVxmjPMAkOICTRMpATKQm6DG1pO7VdXwpZSwc3wQYsIKoREDWQ9+BZSFTaNnmtJK6MMOw+N3iKYEdJzTYioL9PpyoZlmMh9++6lXw3j9btlE0e+KjFH41ncORBgRGEa/UrrR7G5WsIANKNgm/eG4KMJtNCUNXD32ev/C433OLtpAKNKfUIEBoG5CWGy4TfkUGgH880Kisggd8EAIp0cwTxLBkkqUeT9OsamsGwD6qC9ODNk0M7qHWuITJasIj/YOInsIiLNZi1bA41RWDbr7tLjDOmEOa1kFRnjRpKhyvdJUBA2xFMOw7tOLMyVFZSZ4OkA1021S5/N/vCybG5bSRGcEjdWqq/6L7PXypjIUlBtP9Cw+kEfSDcLKM4dR+NPXDQirZWrvBkn2KZABUorpVBeY38bU8ZXVV5TJb9Bqi1Jfd3lji0QnLNSBTVSThMbXxInPWmpC4fKPjxmnAKYC9swEWRGM/NkasCpYXNle3ajYH3jJvYYEeESinmxZBVTR30m6cMIzJixAlG6b5Npta5Btm0ExNDRnh394aUhJbwUCsSNIaKptpZJdwL56xcIKc5dUapmBhZHEtKchyiNk7T0zequtSgh6rFmFrkOTviHxjGQ6B1Bf71NGsCZAMNNgXrhrFPgcS3Q1ZYxLMliNklgunLm2VtaakREEfMqPpwQNCtM6jTITE1By4pAFc5Qeku0FOkJIoICvBbOqfoQjGnKF9CfdxBCI3lxEc2erZPfS5DFqqyInJTAmteVPTQ1ULRSheAwc0gX28Hn0wQ7VLOzFShUS2xQG1yVD6ykl7lTd61OnccftVgjU8PX/Hj6ihX3r+UtggotxhfudR+JmzPW28CEWS4J5lqmeex9gJpAnxf51i6jGG4hQuQsYhTaA4eUwgo3Lt2wxoKItSEkapp6a4eI0kLCU/vi8wLt2DUYcRGN72IVwPsmNiXEOE6bWnMSKbASP2nJeCW2AcwWUHTgmege3dkfD3ocG+2Ydcda4YbaIbmdfm3Bob2pONsXcvgujazudZo4GyCqv3OYPGIbxlZG3qMDZLAeApW5igXVY2tbzU6MhR2qn83EDFPC2EijeE5d2TkkYTLCMC65mvFxpCIS5V9sxsnilhDidGASb9i6oeidsNlwCt+Mmonr4KyEaLx1aCwZ2qHCAiv9PbZTv+Og0fklqxbtDCDARUuXnLAkhoYPcg5GYJE0l0xBrEzxxWqQBIzvkQH7DldroAFImCQvPDovNeoQlrFPUI299Bm1omZgmXrofg/KmCqNDOwz2fQdJGGvQGSKIHAmHF6w9Szk0XoYRqwocJj8fAnvEh9iNjeNEQ80mpvol7WDsIJZvY0rsHhCdko2ukEHka07qkkxdxkGL4v4jmqN4fioGt0DDwpikfrNaw/rq2hWcdSXE4ZsuDtzCHk+61GKhNNd8ZTWTtyrUkPVAZUOSTYcWiGaZX5lg43kjYgq3Cj6tdElUbrggMdyGDVVUUrRhUDxF1OsgYdjPrc/Lk+UkAWWYcvOcyBKmnyB4ct9xr/kMX6ZaGDgbTZ/ctSjtae/FJm8uErxM/hZRI364SVwlWoKWdU7C4/SY1cisV3l3bfFmr/R20dshuWKAMTYM/JuswwPZooSMNmgm0zGTJ3BWDdD7y2GJKJqAHzlM/oahl3seDfgMTdYIV2IuHGA3aYgbQvgldzXA3uMRYlxELyMf0XcV4eBEsT6jk43ZzpiVLBg1kE5itc1rQSBOcQo6XE9loqoxTcxCsnTgq8GUhRmcEuQCoIarwgsr1lZkqGvbX3+RZGpMdqpgAoVczs5gJCLxpVbM33j4eGhSDIu1g8kQwFjzDPwh43K4X4IFsEdh1ximEvV2tIn9Ogv2fYYzOpoHO5C8+kmfM0EVbQM9CBH0/+HKEzBqSmbRMyTERl+rlcmZ/wGDJ7+KEPqcBZwRjCpjYVJKIQiBQ+Y/H1Ch2PnL0Fvn2LxzmzKb8D9DT7mSRpxLk3/jQL2cYhQMIaNHPUTAiCJLfbFPKzHG+RY8nz8lrEMAOibwKFko7ooxlEBOLMy2/BuS1VdbPJ86sd7ntRiSIwKNmCJoRAp0c3A/Q+cURxKTjpu3wmeRFFYFVOxorADW2zGKKC1ChI4mVxvP5v9XmZ26bAOUgAAdkB5RMm1tpzwnfTiSiQBwqQIOF+OL2YtI5T2p4o0Kpujhvrm6yjnWXVJLJIst1e7z47VqY+IeYfgXmdNkdSLEWKoOS9fO8w1+uTfzfTMvac7EL7WAU/lKiYgxa2ubk6jDSehVSxJM9NsYRdDY4LgtFZZkANfk1CAXYz7qMvU4VFy6901vxqYqN4H5361kITYeLcjE2Gcug3JqSOpqZ1HxgjM5DQNlFaMknsMU3plTk8a+hd9EnKob7OoMYdFkoIw66W+lEmjfCtBxYEykYxzna1VTjgL9DTzXFwJ89XcYiqPd0uai8JMmqeIzw0pbvgnDLHIfqEBgoHz+yabSxX587xy+szMkEJ4huGGqDpGqPI6aU55WiPtw5nxcKqxjjUXrCxQxuDXEBixrR2KONocG4I6OAVMaCUz177OrqXQpgqBMQUSDtiBZ0ORZoYPtIG68HmUn4n64be9EEH56A27dpKdRix9EdotNjWIYPRwSPfQfSZRz0xabY1PRQBh4vSyT0R2gjz+FoVnxwn4qi8pq0dyoyOa1IlhPUiBjWjwwLqKSh9qXtClyBIaPABYzjrYAMMBziDKSedoGtDPAHMrowRdBrZ9ry10Cz1ycWt0EuTDIIHtW5dLyyiHbMFsIgZqSPVAHtZFNxzBxcJSPR6HDcdV5MAoDgAYoC5t82RwB0G2uWfKRKyTbWkNAKSvHnqrjrjNjZZgWBGEhVocLGhYWObMMUkZSAM+iuOQ/LikG4SGvZO7ephHU7U8lhpnRtCOcxYyeMxh1mx8v6WsLNaO9Ahp8W/KDKekf7XCVxSE/bKPqGXCbrKpUSQ9lMm0sVU2pxKdUpW9t+3/Cj5ioFELroogK664VJUdn+6Nj7EWrUhXJBGCLoyUFBEyxORh8eqHCiRui4CjeszS8BH5dYE7kj1lCMWjOTjBm0XAAxqREOo955jQ+VJF1wehLz7i1B+znfDe0GhsIcsKeBolzNSqKbnfjFOJhmNJxQL98eix9YsZ5nz/KqhItWh8pe9nAWFuRSvFXGUfBTdgbIqsHqZ8IXgBCCITD5FCfLTyKXizvDzEhVAmLSnN5Cxjx1WHg2ZH5E6g3OlV8JcmYxLskDIdnDB+hYp1XoSJzeNgIpZFsIcQcs1MHWKlA+Iil/xTLGmU1/zOw9VSbAaLaZXdCTC9Zaog3Fipmgz3Ya9SfmK3YJsOIR7zgqt18hDzXLVWB8CvjX6A1aMGOroeWQW8olRjSYT3nS/7OOIVigBdlKUEw7AuNz3rQx/gClY/ndcdkQ4O0xFhvSNheuN4TMRY2aVBDEhdofccPqdAd476xm0NWIRm0Q388224NJXhDZaqvCSyJ/Mgi8+hf6JtOSndoMXyBqsoTIVBPwHm6GJoM3BSz+42VDHlK+JdjiVI5BSpepzLuD/ROpcA7SVZXHjNvaYc3meqeLCOCuz52tDHIpU2Mu0DEZHcKOM+PkKlKY4pXSyVW+EKLwfm2b/ROAa5hISky0BtTVbqhrNrfyDF16cXkV14F90we8UmGj5wHUi5SawEg6e79QW/3nJxFXR1ayHTnt/VhojHDrqChhDQMjAsX6cQqPSwYV1BpkcHKM3FensbcUHd17LaxtUOTHjaBy6P+i9mYpXfOsDD4HDBMCt5aa8brkSUJR6GxuzjcwI2hVXpWpFZpnCPijNvvI5gBpZF+8Ee6vjTR0ZZX6+Lp0nHCJkmBh7xJ0jWYdoFMxzuE1E//zYUFfwhx2M7/WSaPAD0ZfbzXW0xE0kaKZMlTtoGaSij/KJyqTyayz+20ogq6suP4CfiuzEwQ5B8Shwc18eMQVotCPM647OmZtzZpf8MtLq5uurrGNroKbcvnGqPXTSk4LECAOGGKwz5BFGY49Iy4n1/7dCWECdU0nzFiXaCoHFqEqc7liETqrO4sh540mWiNy2LrAmnSPYqAivaBD8Ri3/YYKXrM7uQtNIJuTykrNub9dVLFzAoX3nLwOGoSlgCH6eAgNgxkwb8u4wfuR86LTqlpLVCXD5h8gEdVi/HqnSCbIrEON2+DpCOeRDtaAKYYDkPYk5tMWJOSbv2za7iGpktaJk9GVlZKCM68s5MA4d/GXd0ZEcvHtAIFJp4dPVGu6bGCU/lsNNVFdaw0GSLoaSTSfGrQP4cjalhy24Idcms//CJUheWZ9FJOyZmZAWzcxuzL2na0UdsPYIeTymW+QLuhrYrTOeZ64VO5tCyLGsEs4Lia6PY/BOR/maFZ3baCi/wUYmLk4xyECjIjJxI0x3sB0JhSJIu2gdZJGOy2w/0j4yzlvTATrIqzSe5CLv06iPsyPpinmBP/2uoFRhJ0teOwjlV5lHUJgzRQ0OBckFEose5DF0GFPXMJRIi2WnfpTVVZ6DF5Q+0ugzy6rBKV0H1KVjYoG3Bv6Cpn9eIPAAzTwR2IYp0vlSNGY91lrgmySCHPvoAGbgxlDrWRcC/uBezgLDMRU1OKowDP5nDKnpOV1waHNsUDMwZTlo4wsAVZ99Wp41p2GbIKTi2ENGZBJOKxKHY+IRqnFAvDgmYiCp+AE3UyDZMcbBdZYEgo5cMJHQpAss53kjhSxzLkt4SgZld6Y4Lm6I6zMqUXNTxmG6udGMdCXckF1yCgErfvpiwJeiDowTuzSqPHDachwfmJC3YJQytgTgHnxLnzfQaFZzCHFG8ThRnItABZj/dXWj7AN+VbZkWx8i4vFZiRBRoqy/daiRUiHXve5DaMdEedyNQaccXWHDVrMBxRb5b7EFChA5itwY+4cTU01pAW0IQqoMzewnUHFWJ9gqHmTDWSEPUccdgbk5pFEe3xiHWgkwpWEBA+yprgqUGQTfrsDKIt1+I3o2SAO7vSi9DctaUnO5OyBy4CpxfNBtHg2qmAiHZuHahfd+F9yHKKFlAb6GFEMSZHNiyETCFi87RVuCqCuYvQigA8MJUZHmSyBgrjf/Ra6HUhv6YMI6Df13qZGKFnZE52Orp7AAgA4zhYbCzv8SHIoL7YMOOWKBd4H9EiohsD3J4lFjDARMC9D2QpmmWw9wMmkc6ETObAcN2AUeHRyr4cKyRBVOGmbIQ18hEyDIRCAYUfw5sYRhJOEmd+O+vWh8bJwmZuBRZY48KqPKUPhEUYa0ao5pYyDEinGEuKDAo9aYhK6Ao7JFJpcFcfFJizSMksR+Cbvjok7XdNUuiVt9EVbPN1Fdbq6TEHAwCUOgdAo4hDdkx70Sy462UdnNhHEoDbmgoHeOcSaQulf9o7TitPZlHsBR0umb001qC3ceb9RopJ3YoqlTY2HKgFHwil7KPW+EA0E3PWU/1DH3DDHsv1e8iPTsarhhfDA7rccFIbF4WncLNGeacFWOOUaok4KMypqlPghPg63k/JEH8BD5TnJSUFvqgHV78Sgt+lqm1xEeJ8DJsW10lfEQM5TQln1eT7Zr/MvnbOW+cI3Btj7gdZ0/TsC5++dG6vV0c3wWoJDV6cZpUSeHMwJtMlEj5Mb/1UENHvG6P13lCiyYhI6Jy2w5DiSKhvB5u2Nb50bD1C2B5rK/hSvxhW/JltXq9qo8zAByh1VyrmXDesdV5Z+GL9N1AWmZIdtiDtIAzg3QCSRq1HQ9qYcjhvDqZ3mc1WaWzd3NSWZbUf0aGjb+T0FIlyY9IZUsrPJWmAvzkLGP36wOXZacJh0nfp5GZpa9+Xuh8lvMuvUDYlczEfAzFfjDIcHeIad46FIRZ0hNvwnFLH9lYdmYSOsU0AuMtma3FWGPxPyD1w8b4yfkyfljCYIrKkaheqFhl2hRTtgVEmCEdBKNDYQnV7iju7IGYgkveMni8RHJX4Eo4ZpUQSJDGH/RTQkZK9F9wfA4opg/D/iwYfnZSAGj0ZlBn6BI8ixUM2rt4ko8YmSTbUHNcZU9kegJWZOhBHGCxLV3tx/Qg3azVnJ3zOqKhn7UoHKHEKjfj5CDH3G2FcI1yGJrYLP60U7m7kmEcetvskqKUJoYn44ZEKb4deZ252RpC8UZZGEyHYq7cICKhy4Ps5wvtuxpn8pao8pxppsmWohcLlC5c81hyyR3imkRlrmdAhGc3Qvjg04bNTYGKsGK0ULmeJGJqn/YSJ8xLsjI5tbGCfxnbQiRV9czrtLRMbFKiVXrXnIxxMRejSTX7RDnwW8ZpkDFSZAmrKrl4L+BUywdECxHKoVQV/HhLSPDw6xFFCwjzENfDtunC+NDm7lFpy5yoZyaLJJO4ovOA/pWGPQrJ4rPeKruUqrfmTNhunToex+EnYFfgpn51fK9XKWIcE1An8qjJa5sukQRKztXCKbOuWE4BE5I0iqv2a3pEVmq1cqNnQVoWM7BM/htKt1y5MFahZH+31ghmMSRmNIhKtm/sAltMfy2XWDKZKiidv6Ibnp1LOk0ul8iHmNoh9upoF1tYJZ0jEvd2sbD6XPTBmdJYeHP2SCGUxzleIcOTsZ6piLmQ0oUt+5PUPQqSyTat2VVMMWSDoTKCh4FBRDVGSu+7VjQmOeR5d/3aS5XqF5DXetldo7utPVzaOy+ImbeNmImFeLx4bsA5DafRrA/Put41IkGID8WaEPR2TQKxtWYcJlH6jjowd4DbqN9AmEBzlML2W4RwsQUcaoMc5T4EF9GXB+lIhKdBrDTFRSTCWWbjEBuPptDfbDMiLkQ0keJ7j9naQPMIwjd8edodDx/qsRYijOWjfktExqSDv+isYTPZnbcwF7bKzExayjC9ZwUvAhT5aI6OmFz1Y4S6jQosm//pnN59vEG26mVkAMpfWrBgCYukQdAQwSFCrE+z/cjvfKocK99RYLBmIfb/VKP0G8HAkDMnYBqhw89sdialhaxBDwyAp3yTyhOOPoCDVyD9bSgDo4ucyrPS1IJSj197gl9CHSPySB667Ehj2omeX0532+V+Q0ShiwFFpYk2n7ucL3yWY1idsJJzV5RP6GUeH7tYdNLbIUBxBSC8n1ECm4AXGjWMxHbaUyQpadIj5jUjZrGEwEmHC+TYQCWe9gXpwqAxfUjTlPxmiFKmwlmqzkdkRp/UwP2+uP70xwEfrcInOnPWMU03ClXBc6mFIJdOtMGtcZc9SihW0FKdvTOhkOf1iBh9BZix8Sqtne8cZGjOZPzgxZ0YLrIveOaOHN6emPGTWGh2eBRnbTGzKG+puGMWQzGtBSN4uknUZ5gTBdQSWIdS1WkMVn1/kRARMD3YqqVQ1la4tCDFSCsw7hxzyBVDEaLqjGmblYDSzZnqQS/f0+IRCoeNLiuG3DL6us2BUbhyBf+RoXnmWSKQ5C2yvrDIFRxJbaq+Vy/OuBTX4+YXEk70Gbd0XQ0ENN+MyVclk3ilaLLbevBYh4PIQPp8kbvGH3zl/rWX7959d//tL1zOF7o7EQm11mGOPwTjNNbhISR1yOETxrekGhMxmQ/6dDhJBz2Q18eC/+q+gqWREyddRi8NEYnwt0QQ5wLORPZMAA4EvHNyU0wwj1WYN1eISjF88dXXrpcX1EyoZ97hAApO/zpG4h9pSEYxf4Bvb86AvvNcprXaEGDCOmspzAJ/MsX6XVYTlVCcyXWxn9boyW8XvxUUng/ZGncihJqkhBz71+JF/WBcC3e9pl29V2gLJRjrzjyhEYcIBbFSIq4a8Vll0f9Hoeh2QJwfTDDNgj/FI3TX+L3n9MY7cn/aPvahp/enLlVhPDciE7dCiZCWJvVgTaaMm8vQBYf7Klp+fS6eTp3Q24+Cca1Bcd0UOmL7WB2eb5YtIx5HRw3FhtFcl/gssJy/ykEDu7NIt46HSNkO34b5LddM3awRvLCD/9W5ZIpUEXtaTCIGWgjLP6bGN1xfO39i6riAP1WR+qdHXSfKizE6hrldAYT60uK1lCaVFtDO5nTXekGfcvs6ZNdjSTCVAOekTvoC2xq39Ihw1Jjcp/pWuBlruhZHRYXhoqMyR/oiiTCngjVqNxiOUUgIzNFeKujIQfzsDKdcqMs+bFL+3sen0JeRLDiHIocI1gx1yA4c/T+RFOwVfdHZ7iaWGpmI7aq+5X2nAh4hkF7c/mpLDHXHBYexTZoOn68QyGsxKkomJWKrkmoS4oAnNA9aAL9AEy1goeB+xxHmfadnT9onPvbs9Q88/63fld/8wuX5hZ8+oRcvaINTt11W9YDSNkLdfSRx8X052/9gbOmOUZnT/won1g/oJL7wI0Q8TtHosCTZu67UjCEocoEVZw0vtRnrJ5DMPB2k9a0+kwMJtpTG9YuVYg/D1QzrG5LePqEpOlsmLt5Uz2C1rkqG+BfdSWIGzQefKJoEe7xoqu5VgDAez3tKE7J8noqpIjAcA4Mi2aMpDXEgf8eSgVjFVxRp6cQocXqfiMYbmI5w/MEmQzcmFrGNGztf3OJBEg1xN2NljFPRQPPtNp1ILIZ3PjgE4b6srPYD3zkmgbJqnxewhcAXoGEc2JJfWB5EAV6CW3cUuTEq6u+gWa2x6KlFyGobxFEb/OqsHKuoNgeDETCRSBUxR26Srja7dqnVNNJHTxVvzZpsFbyj9/QJf/K3z198a3vY9+//vS+/8lJD9bVLHFrfLsvElGx+ShU4rvzUEU6MIvzOIvpCfILCxiAnpV6rECjsIJPcfYQ086uAGkCOfcPBEaG22TxEktH7ID/77KQQg61PWVvJF8QDYSUA14JSLoqrao5krr8TfvBdG9j4EKXAEmPp1Vgl29KI3kKoVngYGjP8MuafP2O4ZecC2jMyVzLBn3H24BzjpeN0YEJjJds0zXJ6bFO/LlJYtlTgYfRaz34/QMCVRwASbiKvINTk6pjYlC65psTzkMqJG4DTlqjU3ty1xQ3mw/Rnm+Ygn5kb4OD8IaeQAx518pnhKoRCsnPupLxA7IJtLMSeV2oPAbTM29qS5h+UxMR+ViEJYhwOewyGsVVIixk9giCOs6Oq/pBjJgN2llalUVTI5MhpUU+1NJIiMxPS+UOEwKmBiGRkhvMIyGr8U9ZoDacCn0jaQamYoAVNEyrx6dxgoFBa4YQYsHEevIA5hRGByaodqxGdP9XVbXSwVo5Df5YJMjFInk1vztWPMN6IBbkf4kWvv7994NX23ovLJ3/zvS+88fD0xETUWv+9e9H3yXjEY6wUCYkwLGyZ81ZNUeTU4o7tukIkrLs0te+A7PcGkv27aRqTIUOAig3EI45RUY2WMsuGNix5lFuD2WD7Z/xSJZhzXOHyvbQ+4jg10igZrPQuhkG0PCKs88vQdLyCTrqWOyZlpqcQBjQfioWFhCRqXEUbKEOOgyHrDvFhQR3cEZ1uojF7wOc+0bXFAZyo0mkXJUU7mwEXn6FSGD2oLkFrh6wWkgHQaG5Cx7p+qwY2iFTQGiJiFnOzRRUMWMJ4Z0DSzlVQAMbLuzAYbZ7niPOab2VNgmFL4RcrGhlTAGVdJEwoSLgMQXQDrOMm9onO/y60i4y/dzmd+B/+4jtf/sqF5OE7v/Wll5+dLv6We7wM4zJXIcrSAw3m+Uo3S5917Arrp93sgn85zo6OL1bbvMR/hZ3JhgTJ0LDH4wfnJ4NwTNAsNV0hWt6BlxR8FMxtyih0HnyWhqtpzwREP+iQxGnBBrRNP5WgchHhluSTKIhEBfAqnNwgxRjJJaLMLKJQTl2uSb7dXNZTIDx2nHXuGZiACchCtuMdJHMRHOa6xgQ0NXOL5elMfSV7HrI5nQJZ0OLY2yH8Ce6MJxZvhgku5sI+hPOH2P5KTdV14X0oOKobTKRm2qcrDa0iZXDcBMSfKJutUkRYw9QBZ4HAKtuZVcUhh/GH9KNIBacJaSRwovZPkvkU3osI8XmmeplMVjdTmeqqb0vPjpLAGUJ8p2W2xZzFWBBJ4ztJeIsVLc7SZK8NUH4aKibLLoTMP7C2kxW7ihheZs3rqVk42YQkG6g50xH17YIraiFGzAjrEOjvVB6hUZxLHsZWPvjK6aMf2J5s8pkvvvjUbz+/2+huE2ZqjYh7FkojfQzxY4xPVT/QS8BQSpIH0p5ccgbh9lQD01j5GSyBbiKW32ZQgACN/MYGVc3V7IFEJv3RCGaaqYAO2TmdI1PF1JwRAUpoovl2/XU2jLUfjnF44DwQnJyQEGEJmaaLifryl6AZlkCocWclgQKIB4RCF/1uG7pBW0ObxRUtOrnlXSNmPdHg+VROsxGHUvETGI6JmCQTilMViO2cCxhanJQMRcfQJ4sqSy6RCTEElPEp3MRBpnNwVMWAT/OUmcaFQhgHUmVAZ8USBwJuhyQBUY1UZrIVu56n4CIx8KkbiV1o32kXugidTvTme/RP/vl7l8v+2qvyHd94ujvxZScMjIphyruLCs4tT2nh2jBKxq9zF5qk/Fjio/ecrCKg556l0oNbL9OsKZYLS6aUnFj2FSs2rnyfrt7ElpHABLZHJFBqL4K6g2k9SGWFKgtbhUAz/IN092o0eBDypcBAqBDCqtsUmKkXvH3oCeStspUKB5neEMnH0+2uJfb+aJ2rB+AgJK5AiN5KHpRafJbox/z4ONy09ovnqB1DHdS8LWYn3ISAwb1ewOgEY3kpFXES3d2WhNXhq2saj7I4sHpYb5TzeAhARCGqY9HfC5AwKPEI0xWO7jRih5rqXksqENcodlyZTeeMEqX17dlAQBrJtMtuk2grybaHpIMdL+iP4EUP7IblA0OJV1LugyurOoajwwgla6UtjEBwWgB9KdhLDtttDjdMJmos4HeZVEaHdeD1cCu0LbUTgGPP0nQHTWKtOCZx16di92MDhp1Ull7S4sI2jifIG6mIItiEDGqQRODQAjVOiGzXJWo9SWsUq4aJauCVH/zSB2jM57N84wdPP/gdT//pv3j3t3/nxU//3PMf/Z73ve8ZP39OrdHWf7iRhz5YapxoYXDktnWRfCQhivtq7Xk6dtSlLmiSqAKnPYA09rYG5kfczIi5BUjiLoCrKjVycPhtdnSNVPtliI6F/qZhIgYokfi6gVkedXRBHCIyRvngIwi69zCBnnW/r3hZpA4oynyUEUyleJjHAutZytgg+UVU3zukvCZMIfUQCSqAs/cerLDwEp1SwMShgOndzbs57eFnBsFSOcwYRJjgRSVMxKrgauSnXTyS4YQHbjSNHsM9E0GPiLcXLzj+tPKQSpNpItMeew4nboFj9wZoe9S8+2FczoHAKNt57Mpr54b5YroDzbsKCCbK6gQuryqsHNjmmCguOwnJS0/bf/7T7/zyb1zO54ff/3vvv+OjW+NBWSwJpRrYVBsoPUL0WfYhpZSYbWYIGYw2E9nhqcUEIEqSurijKYcAMxgHG49Zf/Kk4Cm29KlzaKaTSfrS0DTrDLhR+8Bxz2RiWmGf0X4BcinMwHDCNFSNqesHgl5FAst5tA9qfgVGDy0Do3yZNCp/SHWsI0/kH+GWQmXhnoIiaVVCC/JMGvVmXrmJdKcDY14p4iuQjC0R6d5URNJQNfHszix4EUTG8IlomJaSe+TROHMhhAnOjRhRhdQxRhYS1uOYGeddxQPZhMdYEkjsjFoyMnOmNthDauyivLlHHxBqebYrnz9UGol1PW/gkIDYhOV2h5fMQnPbhQu+vmQafM6Sy+luBHv9Crp9rQyDC015ISepdsmJm8s8A6W5FDGPNGF4+xDldXstatG/wCCGocunt1yrpN3M34F/XBGmZRG27/gMW97CnFRELIy+fkroEcSmGeaVkQ7bXmdvVlxhYpaNhYif3fOPfu/T7/z4He3bP/3kw0//4jsn5q0J90XUNlSCe/i39821JH2pQUhE9p1k14qhDsVg4oX8k8ebQn0pQ4HHdTBAOf6epT1lslNz/I5uepz+cFIdGZa4n2TClVT3sTRmRs5HaZ+3vhQIMBH8rqezSKnQEEqx9ZEY/w1bfIP1iHEAh96G5yQIDtabRgW039oY3TvfOC2W9ZtCQwwEFgUdPhOzbe0GU6u4iLggiU9oFiEfMXYvKsk2xbXrUucgeCu2NSkdd4ceQBSOfDPu40QzTEeHBlMozJmWKE4dggwFiTwIdNQmOKIa/pWpzayAC3M4CxnrZuPgBC3YAVDBJuRbMISi5K10in30KMxD3oT2Xe4bf+4r+3/xU+++8V67vz//5I++9NorJxob/4890sRdTDUP2h2AC1HrsiWE+oUTWcNfGa+IhER7kI1Z5Vmvxjwrf5aGTp2ii79lUS5tEZ/bQXW1GGjG6KbQ8VHh3A2c4CRLZV0e21eh/8GlrpXnewqc+TpdnCzQo66rwUhXwCuEuA+YoD8mmJzhFnfW0SDeHK7C72lF++axbG1mbVYfHdzHqRyRAtvn2xBzh1CRcyJSqZm9FMRFWJgiTAmmZSuJSNji1fjKekq4LUB1ja0qJcvT0sSsblUes5aeEpCtIq4a4zpP/7SqTqX7ppZdYkqrZGuzXmuBzQ86qCimfTYEcQbMzY+EGkYyN7qoMnppKaJPDuMsQQ3PCiu10yjnundeMaeWk+kXt61R0RHxSOXeqpyZRixZJPZ+L3s4uDLx2Y0hPqD2HPZtLcw9YECGAHzm8GvjU5VEJ8zxmKgmpTqQA7U9AzFGMIUqwVpUIUaUQLM5yoAvjZlkv9C3f+P9j//+J7/62eef/fyL/+xvvfGtH3nyez7Wnj/vqQaPLKBLPFAJcyHAUCY9Y0XjbKWM2XELB97gx7TMChQB9mJmJVwqe+boGZhiRo5pKG5Afzx1EoVhgsQ4bU3w13Xi+Aopge8tk3QOcniMSWPxfBgRATgc/8JZVpPYy6yBMWDxaWQ6yF5t5ZJj/Oc0tFEzfgjHSR58EzVcwwSKr6t125aCh46rznZfsgosnALKuLwczc+YLYmx+CrOQUmhafbnOcodrRQmo+9QfBgXjGYAGH93aREnTIR39DjNHRxulZMkMfTABXTqYFqzldAHKlDQgP27RLTZNTrjb64qyR1znM3xaMg/Qkb6Azu6joQicR9t3+X+xGehv/hXv/KLv35+8d67P/w9T/7lP/DqqfG+CwhhchER/2n9oQ4qNBThqYF1CcMQqeVwLcNW+kUbjOOlBr0pUuToEQj8Ub18lHhrKGAgN4xbNvHzEPP02c20JFvva3M7kRflAgONEyHDVI0gW1nPxsrpneKGtDpqSKLBKavMaTVygjAeIPB1eRq+qnNHCCg2tniLNEQ4Zl6SsSbypbB+q4tcCGAwjFHHKZE2nddhXdRV2SOJxrniErLLFoR2heNmDPK9FIEPRkVeCfRK7F0YV0A7IhY6glGQ2CYvSuNEK8GYawQBhNzKNcasEvgGXO8tM6NscHB8/S5RtFQrCZElRRG3r9vVGOZjviAsnO4nk9odNOVJ8sdORf80FxtC5bBcyVRYTMS6G8cxnDdI4JDGo7k4jvjYVBRUZKojAGL1hHWb0taU+artEKgwHErixnKNElVtVGAYp74rGhFJiNJqyLz+MM3pTZdNm/+hyMdDGmd21cU/VOwVDvP9VAUaYwk+lcUsZIGxHQmz0kHYMvuh/gmbrazf6ppUyCK1YCiL6RMXEUMQoIIyTQESNz7vdNroJ37ktT/8vS89uZdf+LWH/8N//uXPfYWePBmZdpc3ERbhnXgXuhBdxvon65++FqrcDux2Y8hwwzEFb1K4Z7XUvtipw+i8DhMD/NCwg0BKkW1hwctW7cSXaiTNvjs7SeYDVlt9NnwFL6Fnq4bjj3Z0KbR9O8GwA3uCxKZoGtDLjMyewllvTDJMM0fhDUbwm6RjiasY0S4s1CtlPE6o0jcHuxg2ptaktf4mHzGTMO0kInQRvux02WnvfwvtFNlr+DmD2QlYLH4HJugcIpf0dCeUNB746xFPhADZWeQyj390usW5ZHXYLDqCC1jWIZEAi7K6FJrnbvDHjAFhgdPxIJ/A+JKyghUC2lxadMbFZcVh67Ed1iBfDskk1uUfwe6RcLGWwjSWooH5ZBLF2/hD9xsL81/8G2/85b/7/L33zu9/5eHf+mOvv/7y1snpa++1U0d8IeA7aCsQEiXnVaajPdUy8rPZEAGttDh7BFEIKiVOGCzN4zL7Zut8cdFS0VkRDSgjhMlhioTn0yN3+kez4WLmMh4iTxwTwIBfhudxrJBDlmIb06cJqSLgPJas46ezyUqd04cEjM0b2Y1pAFkwYcazGCMIqExPwUQtJtfYJfipPzJ/UCGDhEcPEExqFR0t1lFzK8lTCakg3cCxhInG7rEls2UXCUTittmIhNWBsqgjUpwPryztpssT7JMs0wzLdQV1MtuF0bSa2S5PhVi7dZvQ5FQvKYiZCavasJXazb0ZFugmtQqAEZDNH1/zEIgDGbMqQVWsbkobynKdPTPfFW5HZg47D0kLEBJ+ilp0mgTqRkBdVfthtvDjQBYPiOXiR3K5BqYksOrqesAoWouEMCAA9ydyHB8Ub2UsjVAt5TZrAyf4C+ArvkEJ0LBlFWULRXRE/3Yspbz+PEKM8Q8pCaMoDnStYOfL2CBEtBORPJzlI69v/62ffO3Lb33xk589//TPv/2/Evkf/JnXP/56e3HZL2fZ955XkAjtGDIhxkLUiFxfi0wc1hCBFKdzKavldPD8KL7XFcnWp6zD9xEZV3bCeOBFF0NX02bMCPbRhkaMBZBnlVZoFo9F9s8CkNJYKpy0ZASHvjNRK2fjfAsURIoqi8NETeN+PXcKM5sRGu9k6b0QUROWNpiG6sQEO6njcIV/S3OkSEpirG6MFpsRDu0HGuBlmbO5TYMYYGEJ88jQjuH2QsawYzqoKdg2BcgJ5ww1DMDx6/hLjjpyKVxCbp1h6FIMg8KqDpZZhJOQJNK3IBAzNSYhaiwitDX+0puXv/i33v5P/+Y7D3J34rf+3E988Ee/9yUmenGmbaPWyrlixRh+cCJH92HV4srlyQ/YGgYeBVLd03Joy0rm+EGUsA2Vgy0Y4gnVKwtVY4HVNC7tFKDcMj4KAAQQZ1T/KFB5pkEPZOyEVjeW974VvnLNfKGiyyARGFKCXfjl7hL8F86srxj+0D3ksau9Uc6W4ndBRHy9MTTGoaNMwtqaebKKO+Z/fJX4ilUwSZt3BXYTOZiQqRshF6ivJHoP8nlXiSq0Zko/NKzCcDW3LAxrnNBVMqnwK0qrXiUmvX5p3iJOn0w3r141c44JkTzhHZ1+oEOdGGLjfd/D926YojLaJg1V+X6ggwXGIaw3rChqiK+2RUqE0LItKCRvZNstUmEJLYL/j6oYPzFEQp2Sgdu1CesNW2uBcFyM1RgmpUNcieY8u2jUkkYd6zfGHoZrKGvBtLr1VgHqaKZKDM6fw4yoFs79+MeXmbOE1U1gIANLk/wsXpgur+vVhLIXmTCrpExaVw42mIa1EDyOSG9Zj2IG3aq79KgSivfpiWtJu6LBaaeNco2mjszqTsCCFaD7reYqSVGK9p126i/jcWP6mV97/h/8J1/89c9cHi7y7d/U/u1/5YM/+J3Pnt3vL17IiwtdRF/PI+pHZFj22IMQttBT37Fyc1DgpWfqQJhiYXTF5XyZ+zUwGNDXF/jVwWnyCXT2mL75nKI2mtSgR/RP+tHiTdGhI2oCTxECp//z5aEcDQvK8ak2MkoCBxz/GbItAWtjFP0kvNpYlHt6mLbKZBeq1t/5bNxI2lAOYbL1c7rsct7p4q8QS8eNG3MbctVHaG5FrObmsjLRlIOdkBQ4XYn/SfigppTMaKpQ1FYN6mBlLuXTNC90zZMU7H3ENeASYQfyEliOz3Lb+YLsw1TPVSnhq0PlUSR8lTgDqZJoz0KaOnapEzNtG22tnTZ+uMjP/cbDX/obb/z0L7y4nPnED//1P/bKf+9Pvv+VZ+3hsjNza3ichuELfAITGVBZOKYrq6OVB6FkN8Zou0q9zyKmihhmBDeqjiIvkFLMOOCB90oCB48w15Xp1DSOInTtCvV+5UkUwujjVityN463xAPikDmfT5hmdT+Ol2KsePUKMcbUpTDmawjaRQ8mY/2cgYuAFRriEQNFQT1MhmMOulN8NaCjv4RHs3uMaYjdaYrNHEYi9FlWykIDOK8iiArUlC9Sxe5AaWEWkoZPOVTuaLgeL0uobz0yPgdJab7MIhj/oHHi4YBzuewICqokkUL98YAB3oJXq68Uhu+m/HPVHanqpNX5J9hG0XKC2+U6/xzz4j7T1SMJfuBM0mqYGJdo/VH7UB1MBGb1jhOc5skXKvtT+HvmY0fLlAeTT04Tb0NEcac4U2wIB+6Nu1QFTv3RgTYyzEtqtBL6A7DJ7q8G/RovNAS1tk8diJTtcDsngRSsT+0bPIjU/wcAIRp1ptkkEQX7QkSttZD6GtMQGe05jiwsgr6IH0NsuzAFIrTvREynjf/Fp1/8B/+PN37xNy8vXpxPdP6D3/vSH/l97/u+b737hg9sY/Wyu249UaarEWMKal/nzJOJ8AjPWZWnO0h3Jcb+AMs40zXfCksAojGexnR41p47PfvXUyBNgyorFq0ArtzNulqIBpW1I0dC5sYG0WsiirFjHlpHpMWguuV1OsZ9Zb0VQDCvQ7/ETI1p29ZqKCRCF5HLTpddsNDac1dmam0SJ9YwRWc+YDhHEdzfeUr4B1Ttc6qZQtFAZtCSxgZ3FYkMgFCo2f8NVQR8VR1xpCgQOEIk3TCLgKap0EQlgJaYzI/1JR/NhKJCCZFxKG6VoSH8A4FyzD91P3CXLsHAR/pOWhF64+3Lr/z2+b/82Xf+6S+++K0v8unU7k8P/80ff/9/+0+89Mo9XXbSQkZw3fPkZssPiK1Szfk+xiHKh9wAY25sjD6ETBp3wSW+UTqUnaifX7XeXhs4nBPOYmcv99OiJ0qj0XFJzrY6exZ7kEP2bFaupKBfe/JJVRwyZR1kWAXLfS17SfCvXjfmn6vxihURyD9X+CDbU/6ZA7NoTYpIKpsbT9xz/rnybwgMY0jFOJ/VDoSHPj24h4FzpaZStDkPoiRjprk0FC89QoB5LGs/BQVhaOBMmCbgqxnNWa/mghQlkViI4mzi5BjO5XJxWGrzcZqhbpHtJgPlK5wCR4oULoe+KeXAqiRUP+yQkOnN8pitBVAwhoOzgCCisXIGUxv1NPaU8el1S2e9sKIYbLdqY//CkRuBKNOuOASnKDZKv6bxhFlNQpYp2ATMWlNC5UIWEVilvkmESha5sMEsF1jqkzKDTRqFchicwYT88eVlDJ40ZTEdoc1kHaq+w/qOM2sEWxcxH8JceTUBaYFbOZpJI9TCHPPPqYHsO513YqHWaNv4s1/c/6P/55t/7+feezhf9vMDy+UbPnz33d/29Js/cveBV0/3G53ayLwaE/FApzFvTNSor3H1WfPMgYPKq0A6Cbu9zYEUJ5MG9GIMxUYo/h2B9L/Zvmq0Z5Pohj7ZZxNttbZ4H8JmuC/YsVCcKeQJF0atHFsH5RURIt8wCCAtoRjBKeNO3xuusD0kStTgIpEnA/1yITO705i3rbWNmKhtjffGwk1oOz3I9g5tdL48vTycLg90Pu8PtF8uJLs8jFOWqbG0pnBU2OxqZpdseroNdrPnE6GO3DhE+y479cqLT3V/k5DHHEpjaiNxUammHDmrbSScZ9Kb4kVTgfvjXlPlGQdOUQz0VB2E2BMvhulxNIbEsObowx47vZKl2nkEILA9OaHiP590JEc8fx3qb1qmiMSyxWjOsU0EK/CG+U7EJLzThenzXz7/+hfPv/xrz3/ri/tX3uMT39/x/rGP3v35P/7Kv/r9p7uNHi7CjTdmjvl35yeWyMz8YPkPLAUKVu226qfgpSEi8KmbUsfJbVjUsUgLRxNQWwFGcqz5h6AFWby8Cl+kDxxQ8mjMPJWb2dhLsOd2xTrH0NlHyaLO49qqZpljFIRhyyAgUTsWUUr5NF23JKUZWwWHMGPURGEKR9wRV3Rlmlkh9QfoP10Cq9p0JXikQArJVF3v2GK205prExGlMs3sHKfKuwmKM7w3WLG4ytluuiACJwpbf0GIwwjLiI7jWo5pR2VINddwWANC2VKb4YSS8Xa2K4r7MELshKSoO/RJ+28rugIAB0D4v17+ePIWdbklZuQSW5Y4SdwGJC5yME/Tz1DnxDU8jHeA70VtBkQ9LbHMhulY5qxNb9a37KYL0A666viQo9Rn1ESyGDH2czTQoqj0m+GhiQ+yXt7jCficWxLnBd6CUZLLlo5tMWohjqW8rcqEx/mnGRojcOkV68u54nMEgQFmmz60PZ3CiqBfhsm6jphwvpp/FoyKmc+qizax6HEht9HK9Si8h6+t8Ztv73/r587/xU+988lf+8qbzy/PX/DzBzoT391JY2HZd4tJubEPRNyEqQfrrfFg9GhIQtzYflhB9I+bZRGyOFjzPY9jM/ZGoLYRtb3wJArlaCe63MkjpxiJi2X4A1+h/oZsBxQWhXA1y8ZhJSiOmYOF0YsJilXBNo4hYnwBcgi/TGwpR2zqjDB8IOU2fFDsyZbCgmqQ7qqNlMZcRTopzMQsjWQjko2YaGNqbW90kW1jIr7QpZ3pya++c/mp/cQn/sHTm99Obz457/sDy0V4b23nJj1faMKNGreNeWPpy6H2JrSQErbTvgeW70o2EQ+D3rIe8ZgBIur5zKCkaVuB3/pg0rfpRi7Fxr+QA8AcsvLLBNv4Nf5GjPzXVQc3aXilMK1BhKyspjpkaxDMZJktmRQQc5gyhYpL8gJPxTuPqIUTeUOCEUOM/FVvg7Xqo+zWW2xCDZ3Ivj7LIrLTTuMsqP6Drk24NaLLvvPWLnR34peenX7vt730L/2+pz/5B5985FW+yLDT3d6yvefNruc2eFj4nxeOFn6mTISuBh4h4aks82qUsm7rQDD/TPmSTTNGWjF0ORh97WYdi5ljtwRgCYeCtMLws5sj9mTbOqbkMCN6E10LfKqnCf6iyLsOpDFmXkcFU64ONqUHSCKee1fLoaNtzlUYJF8dygJJJIFVfctRHLGYf94Sn6OEkn1O21zLd0q1YDRjgS0PLhAt8xHjAaLnFj3eT4itLpnWVMKzYB+ONvHZwzSnitcSEzyGgxbza9fJwBvZWEabYOtRKDGTtsYo8bX6VfNnvTRBr4e3ytZs4MZmN0liZ34giE5tGCV+4Er0NbhSeGlWssSD+Yz4zw0sIgHSbOItxGcNIGykwO1SIPD+bdkygeQz5/c8BFrWghXnnRXO0HOcZY9LkOmBObxQ+/k6zrXK+0YGmV2IR0/JSowddG8NRlZve4hNw3DMZUgzXT24drsjKmcotLPXpyBMM6LHHi5WuWwU6oqUW87ADf1JXdEwMPO2cc9CL0K7yEvP+E//obs/9N2v/v1/xv/sl9/5nTf4c1+5/O6XH16cd9kt/2zM3Fh6UM4j+B1ZUnMpiwcHWEgrREQXof7SB8TQSftVPPXjkGilT7/hLGAfvTmA6cfdDRDZ6aKCFmqc6SkGzoNuGNomQ5rj7yF1cJnwSysj1YaFJl+iZBjIh8sxvHvGoH9e/Lf57RSALPvIzhv0iEMdjGSJFqE36fxxevcOoR963hNF9l8LPe/bc9mYzueHu9PdB94U/uyb773zGn/02eWbtofTw2V/57LvtHFr+4m40UZba9Ta3rg14kZ7a3bYraeTPa6hnXadwl0f7KC7OncqBU6xUIM5Gh2QowNg79KoS6uXLYyhCtolUmEEh9Hha85gs2ldPKrD5QUavsZlRQsRTpa2HPfhi6nMyL4onBZkLJltvno3E5y8vOIcA2BaYqMA3VS4a5Sa86FiprCu3R1ZptHC6hyidlqINzpRe+2Vu2/80Esfeb9817fc/fgfeOnD79+I5HKhixAzbczEIUs2eUClGEJdWMo6k5m9OcZIPfvqjotWvtFDD3YjYwFUqBlNHRl8Ogd3YzgbnpiZkFaseqgDXAE3ZRI1hU+YomgSvwhpIh8y62zQeFjD3GUunoqIccxDzQn4hJH72asZAo41w+mFaYkDJYavcJjT1GO0KbI4Re8gYJMA4HsupoYMr7TFRyn5XCaH4RRMNnmdVlCJYGoOkigE3fsbqdhxqBskZv2OIOv6zdv4Xz5Nd1Yxk/N9unCmKLFraslaOHBuc5YqHNoaxAKNMV/tQTy8pcP3PGVom3kAQClqx3Axy/VPL3KAGQVgjnpcyF6lJSHAcQ6Ys8Tb3TU43TOL67L88G31zJY62RHYaR+v0RETyT6fThcVCsyVNmjLISo0U29A0g4ATauv0XupRVBdrPQZNadkCxI5KY9Pep1eLsZym2AhgPuDAL3L8Kw7SUAX6C2vUlpKmA48TQTgbPNYI5CMbGoAqZ2zhaI2mxwCvKxvsUyVfKd9kqllBju/wlphO4wEExE1bmg1Yi3ANuMF2TMwYOG7j6e9v4PHwiK7kK0evf2ufPLTzz/12ffeuwgRyU77LtQajy2Lnf8a4UIIKwM5JZoZZXoIINlaI6Au88rK6DyyXJgWjfnjtBgHPXJF/VSdo1EWEPu/DyEsuwQusc8oa7pme7ttk6QAuqw+xqeuQybZhfZdJcJFQGlRqtFI+QnQGHOM5D/8GJs28AxaBygP20HZD5f4HNmwCkPni0R4/MwK9ayUmdrYUcossrPsLHsTEmoP57sPvPq3P/0f/81f/Uu/+85XfuI7/9xPfvzPnt5+9s7z81lopybUqPXKxsYkrUlr3Jhb0x+B6WvrimDn0W7y1m/vw0jv3XNoQ50+GYfxchsnNhuxpHnsTpbHmnenXNQlyGDQFHobY77LF2MCONgqZNsJdCQbXGHGDIGGIPnSj3ZkYkCGYZO8GSGYPhIfzVmBTaPVoZANGnXB+wxFMVXtYLHA4Z1UN1lk6IsbE1YGj2sfK6GqkyKn++1uo9dfvfuOb7r/6AfaBq8F7ztdaOSfaHHiBLqVsWw/xfdO1s0rG9AjDgt3YwSZQ4nUBe8wOz2hOO474B2aRztDZBrKFZbOcyRTUWrBzJylZ58Obi7FYxh8GtM7zGUMCdm4SgXMmn1I++8WGVRBF4ffIK0piu1nyHN+W5CjbQ4a3BhEXW1pebtNRRIbsddBxzVFJrcxMM0RRfIx7MEoC7r3sceQpEYWvDcltBIEjXX07xvRRgYqqY4JCHCOyiLmZI0AN+TA1fpCjd5wvuFVNZqRDE4hL56tR1dTnNdNi+u0wA9nd44cwiXXCgOOVVaqSmSGm/tqr8Msq+5BgoyVgen03v8aQqqiRQ2BRxq+B9dbMm32GOMuxgzhwwHzXf1uq9wo/mPiBQ4B78OV3mtVhjFlS3LkAdG167HaVUJYVq0WN22OMLMKQNQy+TL1YhRZfF6Na6dWqxrH4pyDcrmVETHWLYkWYjbhacERSs0uR3MgIhMTMfl00nR5h0ioMe0i+06t0fue8R/4rqd/4LueqiSPvkwjIWRGfly/RFM1GDx+gpBx6s3pI0bbA3uybI2ihzKbjYY7fzA3kuCOVoW9De4hxV5TvAZlD6oFDpMK7IFNAFtdBoNTcZczEUmBwSYUCE2A0jCxLwU3i0uIREgezuf705PPvXP6y598+/PvfOabP/TsT/3oh59Se3jYebw63MNkPXyIqDXi9jj7Ioa7s9A1xOqHXiLEKxWNyFxsFB1OR74I/GVRUMAA4IbhDiyOBdcHihXUDmQTBCh1Ltw3piKEQc40Licy+jCuKZNyxue55wEB5AkqzmIApJZHesJ5EW586has0TZgm5fUTnC2WOA/+PS6DHo16A9hCVrrwn0jPb4+eTDWPBchho4ZRR9cIwp9BXSM5UNjjHIcGxrqzHNL5Gm6BiLgr+GRpA/rgac7QleTz1su1i2iBDFSSnczRYcF9KMw73Dv4dcj+ewmagS0cSfGBAR6UdXuIANfQhRHT0QabriNihFRNtHMu8xuZMgE5Lo8F90nUGxuYxWzlcCoAwi6/yhm5vCjaqCcUeMWDbgCEDrQhU7itRT0FFDvBlPrRsPCEMyuTl7iQin6s5pZfMzewHduENFAd1hvtW5VDJKCLtZMKTMhdHKpAV8YxRWAzla75wYwM15aLMszY0xX2nyhBmvMHjGBDANDDo7JZDm6SDpSvmZLEiCcn4hqDAxnSkUKYYyVFUtEY5PAQI6bCngiig6vlRx2juEo/Z9Qs+4SuUCv14YDAlWZgI3Gw1IIz4HfNdpKF2urkGT7dkRkmtaMyESmxJso1R5FBJaKHlfiPz7kqZHaav8qQkxtmJchS21jrZmPfA5//7OvQ8mIQb2q1pVBRBqIE3oi8SColGQizapC+AlTN8cs65CAAq121gvGx9hwOQDeNFPAlpdg5IydJpmBpa7cCsYQ4xCTLdOoUAZbYSO7eJal48rRTPYY7grOQrDnYDOJeiWiL4FOVQifaLns++Wy04kezs8fGr3H/O7zdy77g9Ad7Tu3LoDMQtRUqplkLERzU1koHSba3njDdMS0IfSX/l5FL+gIEZvYwUzD/+ZPCBTM5MZmLllo/4b3J6QjSRwe4ZG4Af98SfFZvbbRxAjPEVP5My+sAu5IxQHhaOGkzm56c8YTIQRipNsRQ1NijZ/yKhnbcxlGhy57P0TKdgmK6MndYPSuOKn5Km2/KYCVrLt5m13hvGhp4UTwUJN4Q6gAENifqnhrLs3Ob2azT33l2vHuSx/hkA7fxxcpzH5ISL1tZpAV1tJp/IssziiemaOGHgTHeNjvYdwc5BPcIjpiuNN5BbOTG+NCpS1A4ddlMHnNraf2M4akjLSZta9EhRDK9FKP8zOmFoUARzNOlVbkhBxYp6MYsMDVtMBoql2wA/kSU9Aiz1fEh/2N0MgEkMiQydWvq3mgSWOFqqAuKw5uauIQFiqXKagTDYlM8A9rVCESGrGIqx5QnSStmw7DvpCSadCTUd3/Dd4FNlwY9znyKFFLpe2ARuPvcMYULj+OsfDNN32QQM2wJTyCKcPcOZTxFlciITmoKZ4M1zFwqTtFIU7Rg93JntX8n8WlxRuGOEboWA4dHga/VRIwO4l1QUzTv6pmUegwOP6y/eOKZ4BDRhgwP44asoWtdiOEtNkbLj97X0AvxFlEqHqZoFoEOcy1Zf5YsKhJPLwwpxzxdLcE6MvntVAlCBDowX7PLhvrRrqU6yYKYfvX+B9YjdjhOGatKsXTqQi/GGeNchQ5ueFwR00k4OdDsLFgZk1vJthekoYy/B1kx4+I6eFvjWm+6WOlwCvSF6WUcWojddCnGpjqheIYRIZm0cLYh1LfoWAqfpjT6XJp+07Cu9DeTrQxNctdubWxX1SnxJ6s5BfGU5uUzSwyX6YnLmFJakhD+pCvEeevIxRJthknVVhJCLKicpIyRBTSMXigaHI+DMI2NyssE0AHQeu30DhNs40DdZoEJKfTLYEBqUpWkgF2xeakh0tATyFjyspNVym6qYJ12iERXYiuVUfHtfKDq9b2adXFwtCp7yRxyQFSP5kqvs7nkVR2eUGJi4BrNqRqhQVupJ5VXJQRP4gr1u7sBt6W9+RAKlKgC6mNr53kKkCN+CNODDq+5jS1bHCMz4qufqvCZ8xjHfQdBKLhtnsHV+8FZ1aYe5+ESkzbBnjJEoyyzNgypbiU+vkNURRyY8TEA6ebLlAXO5mNMcJPcpJSUE0F3cshWKb8gvHBtYwnMA0mZSy4meXOJ4B4GtCgTqvYR1kDQeQwirYHuSmtIX6dhakswEBWbdtc/BCu4OdT8jnR6W2sY5K4CjGnGshPqEvxKV+lF/BAATVfqaR5NVERRhVw1QInPM9LIKrCcLm6OIcEscsKIOrPQG/Y6D6bR8IwAIRIJw8yi+iMGH7N0gjmMxcdSeV8UU8iItPtOA1LlUaFTzFAOZs25ApgQRdqaLLCE+04lvEhm9FprDhKr6yZy40BSBiqRN6bB/HCEEcN2pE5Ww6AHxZZRcf5IN6KbQ+u1LEMr9bAqyBvkvf5q9Rfp1FWwR3btyPibBImVG6bDtzSAr0W2pjFx4xaaSV63Cwiu9Bll37q0y5y6d14Z+6//CPcT4BlZs85lWmVVV9cMn1QPLm+37GUfCt8nocuxKkQiRjSwx20rWN0jvfxmxkgnp8hIHiAIlohtrBcXhdajUKZQZNFDB+AhBqNuZ81C8cdpXdw8PIIrssMO1pMVhRAdhBNnlc09pUYSlnjuKvlYE6C98BRQo6xYEWxsCYUUtCr19iISwQbSDSeEWeVhTFB8lDPLR7LXnYAVKbEJYTBujHhq6BlZS4YziZOfIAw3QPFG8AyHpskhSlLSJYrqBg/y5xjdAOlfrxcI6UoRaUTL6Vllkagy1mdHs2A9eY0qxX8CEGZBdvV5yFmYsknTgfS8HLu6VFL+O1hZtVo/auDWSiClR/7N1UAZNFRocSPVipcz8zngystgVIUHi3IucpkFzdp1jwC+W8ymrrD2ZyViPbLV/gEgHlLa0dEdAp7+iMYmlaEUlY5i8vV4k1ZkZrfYEqDxhrGMBa1uRzStcxwcN9OwCdWF3LHg9dBu57uPuUEtjhkNZ0W3/+TxRwyOowNJ49cMhnSDI6TKbDFAjuOX2S/Xm8zL9K3QBSP4Uu0axRkitYOI2AOjQcBU0XjarXvuHYY0vVKBg6qJ0TE4bRiZo4n2kQMO/vUSQ8yc6EOfQNAODJJ3eofalmPFdBbz+iR+vv0dFUw6rI0HLmppgGrrGnpNvKV9ojED4d8QBjK67JVWsJz+OwmmsOTG6+o5FP3x4J7bPsSDYVTMDveSb4pt5SKotgjRxOpi9lbdDXYUadD8GaEW8WYahvHRsrxVWQn2on2Nn6Jg0gXPNlWPg8JMYZwQiDOr1XSzbFemXdIp/FhwTFrmdzeAvOV1b7yFAc9pNSvSjeXQ6+AHGLrINOObOYkBYGE8X+KEyS0jNga4ULEN+yngX27ZMLXA9hpIwxFB5hdyRwm1a4t9lTPz/ZwVSuczWyANPZHS4bA2hJy8dJij4RoHjuM0XNam0aZLUmnnNDrxaJ2yTrLxI4CiTnaCWG6J7RQwC2EZAab3SJDtAkMXHVc1NGKvItxWQna5GWuit6Vn53zlsRSBIGokMYSaVyKMkkjWg/P5iuix+je2WLXRaxYBzykjIqZSJZwEXxLyJ0+gBnhXJeSMFw499UcBMPukYQxeoRxO6hhtmZVZmRmykPTORJOqEaSh4fS8fOiPYpQsBFGkRo8Atb17SAUpQI6x5gwPoKNbFT8ImUkH8K5PJGrIZbQBDjIcyCQrjKBCQ1Wt7PpWSIU5f6YmpR4k3FGqtDjKF6mUacBDK97v2OACmdO9lYtuwDetgpv8QBE8Ddeaw9Bk3Fhk7XkaSfbep1dX9WlUU4f8+rr6WhnrkRZcviVKNCYPXTqiMKzxjAXPg6Qe+S1ziHdVPio0WYwe82SiybLi+s/zMA59oYTPnRddJk0Sym7F4iQNdAACvMLuo2yq9ctHBptQH+i6T6EkDbChmeCFEW7qlSnp4EvgVf+fOroYsMz7hGQzrs5EOmhsE4BXehy4Z14lIWg6qPNoujFGUWBotSs4ML6fnGx0ljpeBIbkKhyCqCNhwqZY4uOvH76SIoWl80FoVWfL5hoEwmYIEQyMYzxi95RRumbmLGNjtjtJ/rJacprZKU0t5Ud5COAGCZCxTk/XcC+AtO/XutalWL0EsRNpXb8U7Ag5Yj1w/xv3WUlK2GVr0b6yhXZ/ri+R4VvqW6uGpdtqJjoeVlphc/tV52fKA5hJePwirWMOfZdqMQhZldG0Tsl5ooGwDnk3q1XcJ/RpKyDqhAUxrJ7bLcunSwm6AjTlfhRwDohc4sUrVpI/FwOX5qXdPM06gQ8fvUo23qpf4tGiCyJzgPMSbzgXChUCnWPsJ6O0gMG2tjmA01r5eE1MQnojX0mfuRMd3jWwA7hYMOHRNUrFSznqkwo9SkmyisyK96XIqf5O7h8Mb3vFVA3GKwJVmZiCroU3BBZ3iSLSg9rpaTqIl4jwdXjUEc6NkZzEabP1VTq4woDWSxglleeiOkk5z7/ljXZDI+VFn0XX5QpB0NKQi9GHl3Gcrm3O0vXINWIa6RZZWsgzT1PqxeQXfWmJVCKQ6/WLQ1fKCwyUV8lhrghKGP48MiIQMA26M/leI7BNJTF9n8xFj1jxGfGc2YOVsbL0zPGcGYIk+bhK1Vx17yhEw9jsU/qN4LdxLJhZoUYK2iaSpz3WKvWMWAL9AQfo+GxKqfm2c2/yXLwCfbiVzyzFXy4387xA6BLC9ykv/bZS9qW/Y8fNxGi7cSt9TjaGTv0bFgUCiyV/tOZaYtJbzxOvQpxB0Q7N0lv8KU6yQvCB3dwvJSq2HFjhmegZcA1JguSSTDolAGhCScOJK/DrkimtdKm5miHW1aRIAqSqpyR2EFLDIYuCNXgU7dwQLXPyhhO3/ekEHcEGdNdo7WO9Qei0yIGM4PK1yiDHMfT6wwmsaeEjwA8YJhJSFZEqinl0N6IJd2mO+MxqSVaZEBpTpJnJz5lDkhX8uzmBmbOFFliHLxuOXgzOb5DmZd0og+8HlwmHmj4NH4oMMf1yfnrVXzigBl+iqZSSpkNLhd7Az0OtzaEDq1rC0xQXHEtMEOw4IBLegOEKVMgxSDRKO7/6rAkcMaNsZsxshBwGCqP0GzaHMmJNKcHsoCgfFH+Z+GfLxVRQiaYKI4gEiar5nk4kYc8O0he2+7ryXDDkMQpNvrDnp6+9BpLWC2Ifg/dwgUI31pOqJupinojgRWJlXAHZ5iGqaTTa5sy4Qx6MQ0aUuGENH51p621depMEw17KTpryjwVXQZymLTkLb5T4fFPAG+iVlwrQ4XS/FXU0izgm+GOcVEQQayPTacgO4sMf0B+LLa3XImZcWBZtO1foi8sQE9hh92HRz1dLD8XMG9gAquIzlAcfsThACwnRbAh4qXWiVUnDqlYCNHVCyQLHI+qmUam4AfLUaL3LAa5BbcY/0SGCFoA8o/sMW94SSCClQnzipCkZFjjMZQe997sfEn+IDI/He8+xV23nI2xU6yn42lggAMCu5KDRjUtiBrn9FAT2mhr27Zt/bAhHiUkdagYqYTRZGaWGMEhZv0qDBF24fQB3aKN3P3bLKLlQhzehA+6JxniaQlN1ipgT7n6fOViO+Taoraoj/bNUGXtCHEQEjL6iQuRz5aAKRvpZ6F95kOj37cKhkztJxiTcCLJGCNmkS4d7lfhfOfUAv3FQS8rlXbsjI9ZwCTOyuPx65g5ipLeE7mePqUP8yMdCnYWHsNcWIxbLgYVXLL6dtjAigOOXBWS22teNwJcXtdGcnlZQ5U06Dpk7SOWI3NeGAAIU3EOb64CnkVwBQG8LB7Fy5BRg21Z7kzZ9WlbSerxrHlUWbTUTOsoXAEk7dEq89KGmM1eFalyuBOR7dSvAhVdWpvLJOKWK9ShIGHsU86x76j/aF3Vy49HUwNGDdPOVHkCTmRZ9y4cTnkeRKbLaKgCo1km+z/o/mEZtlikpVEJGN2TUllUNN4xtElOw69LN6lHel6lDRZFBpkT5YDlykQQIIx4Qd/DTkIwQ6bx3FxgJVTZOhwEbRJZktm4JjMQqFMgVOBD4J6BeBmRdl8vYX8zIJQzYw3FpJBgrAMM5epCbq68uOEwQRLEKirCLTAVX//YqRZV/gMMj1PoWGU0M7I03GSczvrX1Tn8LhIMHchijTbHKH3SJopDT43W9Jur5GSCfCAnUIZlYJTUwt7AA3xxDW0CrGFJxaUhMOzeF2QxYgLxAo7lqI1hBj7o7IGQbqPGgKCbqV5s+BbqOYtGFE4XPtxBobEEWNzk9BtR4621jVtj2oX6r/lodXkECvCDphMairdKS3BXbnp9yWz2noUgI2vwwGI/5QM6ceApuT2wMcH+idqxvOdKSCb3LTCXUSQiCsexUhUt4MM5cx6+fwKgTI7tufiMeQ3ewsk0Q8HBu85gwVTqOur4OwoGKAWcGj3EwLVNFd6QurJkMeDEcNB0jfGpdAkrAsI5CrjiNYA8Fd7wiwAxyrf7/kNfg0HM4x0wtQ0+bv9ZCHJ2BFoqrZ/RLrx/9TsTw8dB46+xMLR6dBgb4MwXyAf0+h2Meye/P30qbqSHX4ULnhu7EUqrI3Z1EsrsUaYPmu7M0WD/koEnD5owQTzTXEz5PAJMcxElKgzkMUn/PTmGjTXJREZ8AsL95tSMdTyxD6ljJYSrUTMHgHVTNqGEdyFVt+X/k8f5dcKZK0r+xH/tDxATDKtCiFUAP0FuEVxoSurEDojD4cFS4wRH+VRjRbHl2kp4rQLEnQJ8QSm0FNRvKqDA0P5VuRXWKk1HZOCalABIdiQDIWJ5GEXqBvnB5VBwpIXaj2b+Xru7itAGitnM6huW5ga5VGYjAg6HJs4TRjoRBdOu5A8XSpV/e6pEOPedZsEEIpcJIkV2s0DGZGweHocg9baKBovKvjq9MBggzCCN7syNi7FLza7qPAmaDidwbiRjGhUHSA9ahgxhbADGTtX6aAuQoVqjrfRPWzM6FaacocYhYi5et3CYNkdXKHkqBWagT8dIctUwRlG2v326HTysttQyRhM7IW6GEC0pEPoJho7B0lKalFLDRbCYqL+nNlDXs7WDIYrCb5UyHARGmgJI9/yYb2fkJGzwLS8zBYghc44t5ohK1L95QrcRbUytcWtNt+A6bhS5v9T86MsJ/w2hjHTpNDs9gS2jNWyEkRu7+EE7wQbs82L8gfwfl91TRmf2H40pr/1F0NMgCwty1BPQ1Azcgip7MGZuEuEnP4dlFYGpm6wKmsGMflRM1LEeOAk0tNBgnM6TEtGZIsVAYzCfvUT1gSU0d5wlP+DdB1ajF8VvJjY79GnQfEcUT12EGG8vwKFMolWMyeqJQ5RMfCDEGkyOOKmjBTDHmGP4h+QXwgx54Io5KxUozSY+7f+kTAaHyHdg7DRwniz4cgtDVleZDM8Xpsd2K8QYU2aIgEY0FH4FrEDuCGHIc7i1m2JCfISmwCKDwwwcDVGWDZ0oC7xvJCFFZXlEHBigqVkO05Q4fEAIRb0QEayYs1o1QInN+vE0lYnMPCK4AwwXIy7dq5g/wBAjnHx2fP4QDlox3ajJ1YUpSpi4xreEAQLL5RDZLS3OlIo48MIqLcdeKagoPgf1pDLPEUQ+DhEimkdfRb9jULlwchUuoH2lj12xIpKGrtouXen16wb7+6gLw5osIHUu7R9mMVsGt3TzT8VFrPxC1biho6bJKfIQ/zvH9NhKjmdksdBxk3fMkBykJUeFKA1mp0Fz02EjOXzt1SXpfw6E2pFH45keJQQwZyilfTXWlHxmm77CskIC8+S11au6Hj6a63Jkha9wB8Hk3x6ZNlcOpdEUMUraKi3ySgiONAxvY6at8TbyT6583I1GkguKHn0tlUBC5IqkYOSeLUwGIkY4gp2bhthdW16XqyvDU2YOzp4s2uSnATwDxwoVpMzQEqlssCS0jGCd2QBqisXnxDJgVJvzlCOtGhjM/LTqkpYrJ4jLJ8dX2ou72rRfblG/jsVt3oqAzY/1Hasq9hh9CqaDmbnZFxfRncDf3s7b1/hQVgCryJeoPN6TFrn6Y7vXYTOFmPARV4yBj/qyVonpEZJzeNUDPoItN6AwcwyzzINItVgVmD7TIbZOnnN4jlUmqwpIHr/hTBUHBSzndN06ZSfQ+EIfVmAtXIipSsxtrnlBhxdXDUIV8AbDbV1GjhQK/HX7jCfADQCrImtZqEj5GfAHvsaKV8BZ84M+EARAh3pK8WdkNf1mxfn2PHB+FJiP5MwhKEdNixCMdVNIUFOH7HWnMonNPNcriiTJA9AiCVvsGIcbIgqBhgC7mHVrYzeXFd+svpjwSQTOgn3sHcXWz7H2U1guG6f6VeX56w1G/ypiRMRh8Qb+5cJc6KubGi9OrFDkOXQx9Hte74GUcT9uSjQ+FRPigxEsXBAbdrjEpSuxFr9mdkYCMcyFuy5FBz6yzMqOXUYXC8W/1jUrjg4iReHDjmFmv+k9beNAem8j2kElQCcFoUhsLNkDIRIrSdO91xfy/JM35o15a21rQLTOkuGbz0LgKHFJg/o9X6HPSCkLiaj/2LEOQotGAUhk4LzDrRQMAxHuYyIR9kInZzTk0LiRcZrr32rAEkUWdIVfOI6c7AZoPMPDkEZrnKdDwzPWjThQNa/MhK8UPI2JVNmYlC2OWm9+w2vUQdNvjv5XFeFp3jqvuSODFauDks2KM2FQsKZdieaEeRU+edlI71oHmmSFrrnsaRnDx8L6qaVqmZCJjRyV5Lj4frAEOqMEY5QfcyJ95HYTqggNEE5wEk8Q/6tkpqqHJdUHidA6vbdArHg7BkFQ0Pk6FrJHlATZ3E25wNi7TL8mSBVzMvYg7RCxdPO77IIwnZ8x84RABvCMkfBR0WS6wBBkQbJD0WLug1Yv/FNU5yq/rc7JPRkiDO8Yzn6uu4DOloJG42EDnNakJ7qo+FwECougR1G8pYzG4fO1qbppLo+DtjXoq+M+ushURv8moLg5kPs7dzlUkWkyEgZfHa01no8599z07cjfhGg2+I9jTh77sAIZjqcUVAmto3NwvpxkBS0Ho+kt+Rog5qhTl+sXxosLPKMLwZGz2s6fj0Y+dG9Fe8DRy+cyMQcN9pXrJuMRxs/950xg6hXFJC9RHg9w7ZqxP1pETN/4yqh5doMRXcUQlS2CzrUI17jlvuVAQfC0V7G8MF1YnRwIgCYREbfGG/NGrTUt+ujcTRnnBDw/DCgBn7L4q/8Lb2FQmkqGKYkOf3LQsnpSXHPMDdM8Qog5vWEiOGIgQ6iGKY4CLMRDZzOIQeRrdlOrKQ+J1ZTjHHZdXDZ95XBH/Qphua0r0Q3WsthCMv4OKyduRi0YkEqOr129rDmr23GuxYrLgV97lGmesbpd/a9eayq+prBopUqxzdcyQgZ0JRyKKQ3evAF8nXA+5ip6yTVgV2rqVOs1l7GfFf0fc6Hkz0lgoew3iMzXZc4Rq6N5Z44smgZ/rFk4LspwFfyAga863zT8qXsVSGmHP4dqDRHZz7IN72In0Kk/gS5Kuaa/AZ+cxA/C/KDOipBKFlNhw5ZFIOeBuMFdYBVz3Jo9HpndqQpNPF7P5fiU2VcpBbASqHn3SMlFrM+IVWUEOACrXhLjmhU9ZckwFMV9XpVvinCIOEfoAr9nMzMHR8lvGGfWpTrfLdjaGrK3rKbJWnuSv05KJZ6dEMqKhgaEzMbWRK9hPkxJKtpNV+oyU40MgRNLBqponQ+8UQo7ZlFZlJCDGrvPg4dsPCHae1PRAHe0gvCpL4ulF4BZKy86lYlXvvjp8W1nrL1haBPqhPnbh26Q4Cyf5M48XO6vnfWpC2E6nNsxeBSxVGQjokQyU6QAosmdboJ6DgutjC8ny+2J4+yCGmWDgNEq1ugOJqFCkw0yLa62tnfK8aKZwBT4EsqD3gsMywX+QY0ABCYiO/L21Fqr+R3AgU4XYwG6vrSOBXJbaRyLo0nzRgszdk66OS7uQRRSmiokLrddGJDuMTnB3Om0RXvt3AzrSFzcdM+jXokBeDpQQkUUeDW2gzBR1i/HUEWrGwmVoA6QQxtjy2whgdriEpdGVq7O672IVzAfboiC3Oo9O0HQyZ9i4yjklYJn1R661vls2CiN/ei3sA6v8pVdmZK9RsDQgKjMbWa1/pN+dM/Fy4xDmAt3CMvRyeVHbT4KZ+XIblk+uiWcq5tMPQ+SNBCPrpO9DZlHnOkacHr3PLbojwqJtxH41ewKsZkJV2vZVTgRuiSNKlcRU3jFrLs+zHxPo6RQCtnqEFdVA2xpgRw4AqxiIsiDVNdYx+PELFB2HioQjHx1AhYtmLaY4np0oisSi4GufZD4VB+lUGGcvhDOBVBWzQpFcbJSDuWQu9QEIwFjDPiF+/ZVU2YiOhFhLzfVIbL0JxOP0OvoD3eVDbIcsOPoraJ3CXgfmnJUb561XSCkze4kJirMRLTv+4E0XKnS9SEsAkChPHDIAF1bgmrBv2lReebD1Wu2p0UpSPz9eAPdMwMHhDzQA05KbR/Jp+l0eYBNJO1g0vEW5nUe8kTTiOYpmzwAhE+P2ZgcLOIWEMNHmILG3C9A9rgqbmr0LiJpEipRXJZI+gyIp3+GSXJjU6iHB8wi0M6FMCdERLR3oGH0CrcwaBSCOGFk7gHyXGx4OGlcfCtklT1KnRuxBEJdtExWAZ5EtmT3Hi/P5L3npJLjYZgyEuhSRQl57/GK/zo5SDvrccQhFgEEDKKxwzM0w4EzSimFgFa5JQUJQqSJ7EzXwQT/TavWGrMIyeSKVpe5oOj2yMmBoo83RdfVj2sh0qwkvU43SBt98HYsGQAv8AAsNxvGzchPTUjcHLKCuMZkvGnFoMw4CfMIoh5EDWV4+mnMjIY/je8E2290EtykKfgrQ64p2BBSMSbWYy0nwp0BdtjMhNpEhamG5gwZWsIkdZ+a5bdRhPLXQQSgDm0Cq1eD1OFNnCeVXObCm2sNud9tA5OxgzHkvQbOsFsY24GxzWyqUU1zfXCt2NtHx0JnCvkC/ORfS7BSSRoHE2K1HbCEbF1nRFFi0R4Z6xILSs5IqudOXdzqLkIRlO8ZRMlAQz+Fhn0yzSfN+CBcLGDkR7Q8LCMEQ6JeIcxmSgc6R5UKYq8qMpsNR3rLz0ulxrmOprEEe1BASZcJg5HBcTryvMAWCS+UGzZJwmMEVdaSyqDC4xQMkwiluGaUfW7HcRtawSxzmawgOzfVn662CMPVWZ8QSPnB6FEoa3wW5Y0KlwJE76vxpQQvVg55VfJM6MYunMcx7MYLlQHvhkaiJKTocHL8Gfhxy1TXKyYts6gY5wZJO8RxPHpUrKqfJd2WKbDW55mQIBzRRdW2f+DJOuyVd4O9S7CPZpWWsmf4YBm1EHizUSHoHIaMZRJXhr8VsWzTF6c7cj8tKMN69HVF39i90dxaYO3kFuiZfAnCUsc04dt6JEMwvR8+T1EfdGF+lqDX4lcMcqi/JVYBva/qwu1WPMKI/rkRUeOWagGIIXroLusBVXF1TAIZWimw8b3fByHtfM/BHTh4txKgQV5rtr+R1FowoQNFh90fiNI995quRdVv/L2yATAY+16DGlFiJuKCqNwGnqUI5PFic2P7ikOoa1dYOAdDh4rkI/S8Nze1utBCkPs/ovng3ErgT7pJI0IsDfsYvQiERK2gRbYoMBydaB2XG/bcA2j9drMTT0hWn6MQkoeOMg301Qxrvjrl5z3yU1M0Fp0ye8V+cDYi6PHD13Zdo+cgxqM5uisBcDVZj43lJ8GbYfKh0cJVh/SEsgVCmkWQ2zma9feDMi7Z8tQRoy1jXLNRy6zKMJ9ExzJPgg8Yvc8J2tJlgAyHKjlUNnladJdsTOprMu1H83hCLsLeTmKySpB6g4MUTjfO0TUnMSo0RDT9RMRqhcQGZEj0zfCp5Rsd53HNI49wTcLdr73AZitJK3WOdWvwS5UthECiFy5GDCR6NoA/JQMZ8SFnSMAgsi5RVJMGU+IATSwS63LoM+5VhA6306cDa7qz8qMXxNJdLULhi8ZNYzgnIfXixK4bpAFoBQYYYgo8F1YDF8j8E9AlRIyr5wxyERYfxH/JNuARBTsMyOr7VB8CRUo7Axsz1Ygtg4FLNoT8plGWN1/nGHd4b2cdQmI2tMPaEcHGkrR+Tg7Qt4tQV8CVFmcq4jqVkqSc99/+w15ubuZB8oi1oMUJNb+SvGbYZvMY7z9n0V7OhI3QAYkJdetpOISNOGpnDqyrmk2VtcgwLi1MfDrQ7Opycawbd0m3fZcR19kSNtA2rm2AKxeCzKxfincClUpCHU9lhAyHHSRV4H93x9zYe7Kh5Nz0qLY6XNCYnOL4tISikr+o5/vuw8J6A0PGsIVFBMvtP2PmPJTee7HwogKtXkSEKKPhroWnmnnEsTACZg3hH7anuqo6DypENAu+EeUlxwA5NVuIl/EoEIvP+w078MsYzTRtPloyNgwdi4MhZh2ZgoxDt4JxSGahcYNHAe1u5K01CmeBm6peFf+IzTjCH7hCEOX3YESH41/RxZuUuMUDQ9eT8MGLaluQMhBVYY4kLGKZjNEaSQe1CqQHnhy2RQwvpoGiGxfK1+yw0D6zYovez26m4PamC8dK6sBMIvv0czWBVMBwdbnXS6bLwxBKvOhanbQotOuUpnwAHjmc26+UiSUq0hGb/WtqynnImWQvpwam5p9FjYI84TmAR/NN4ABGQ/39lbDgAGp2tHmpsiwRjZq9i3rVUZeDa50NTqOm0I0D+5ApRxWXNQ5gSGoJCejMtw46V63nZbd6pLIFNn4ksb0PDjTL08EQmD/TiPUSqkuxmQ1NMoRZmOYwpxd0F7h1EwyB5dXLCA93M4RVTaJEQxXQ3mS0BxmIysqcScA4FTN12opHqdU0nSu5XV5XlGIe1IObZBxX1igktMejCDLnJlOTkgREVIeOQpcDqjg6sKEs+izqygEh7+XxSEasgI8zUL7VteAHqkStm1fwvbq5CAtqCxyOIXjhBlBpPSnYl9hFUQ4CKjRN7Nd6rdBIix6OzhV1gcTmeOsnEZEM6pKZisI2x6klAzwej3cXPg8eBC85A9F0pFu/BfOX2rFQ06phHHP+s4RRqVlF91VLp4WPa+0W8BZKyEmKSahKtIOgDRlAvwoZeAeXQ8/6EpNJKVb8tFFxf9K042zBYw8OUWsBFP0Fc4q+xYbG8tfywgK7548uLmFC58jfkEg3Ij4QL6RyOY2pohsCthvFL0AuP98GJFcuVM3nmX40YuXFsJK2QHwZd5UIXxuNQvAo9r3PByYzOCgn9A7JXxF+LRoYva83qaFD12vxAMzv7fCxaZCWdJ1sgFlsMK0PnUcUW7ueYwNUc3UqqxRrdAum4OJVqt1ijVH0R9DFzvUpI58KeSEtzsUiBBgwZSGN50pszQEDiPj7U1lMGIebMAQEGGgIc4CcmZw+pMu0yOnFcyFKwcCwQ8j25wxw5pw0gj8ItTivLRXFqFzCqOB4eS/V6iqYPCpbg8gxndW2S5DIIrRiQ0/LjcGXA7qTahf7Bi39dj2tw5C+eqML56Fy7GX3jk+fGJTaLB7aDWf5uMQQ9BSUstw6PibEpYPDBzX6R0a4t0nhqlRttFhpnD9eZg9E9U6DHUHk+pSYGLtsQ1jlu1kwqcd6tvWR+IsvE369dF1MhK0BGzN7vAJT7CSo51mMEiAbRd3ypRI5Ui32exuVkpr0xkF9+pn8pd5SwUtsvfaXHg6htj9zhDrEAoUuaWi3A4MYjmIgNm1+s1wZGI0rtBEbUhFlIjs+V+U1mJe4JMn0blIAAQAASURBVDAe9XLqEIxI7ihV8IoTA3OeBS+og2hYjWd8CURWoriBcDJxOOUruq2wFhDYKGAN+tNYZgpudYgf67Jp0VB0RGeKkYX/KE2hoeA5QPr66JimwXedFT1JGA6hoVLyF/qNphDJdxSHK3NiBmtgpcEv0y40SyayaIeGkLhJ6m39HOchIeQvyPUuuuENw+/+u/bpvUfSxVNO66iOa74KU3zYfnLlqV00uFGtlLuTXoJ3DBNqwHzJC0IMGiwEb4OI1cF2HZYgUebKk5TrLAt+TfnqnHY6FTB5rq1z+LWw6tl6mIxOELqR5wrg1eQzOrL6JV6EG2iPQ2BENDwkUZoNwd+bSbll0XxMMDpopNo/6LPAq1uuOlaXCBWbw0YEMZEIFBqlCBYXQaXbADPz4vT0eMVMYSGXgHZ+dze6oRMtBKsgqbdEZ5xcWuXhcGuWy4Syfsx0gfuESXWSVYiWtFeBPIT3bjfR0YF1wf45J4yyCNIzZkk0Gopx5oi/Zz7MZKbEO8YE3W/7y9ORRsJZpImjK0lfpRYmeNhMKjmLsyAjis2sBJsLokzRFmPK1EOH2YaalKURWA1BNq8HOUxgeB4gKyXMiET+63QjRTyBxMgEsSaNceraqS8UD6zGWwp19p6caFfYyAGJ0hmJpmN20eTpw1gpNBmQJc24D5jtGhiW9eiW87TJGaSNoAEsfC/tfmn6PL10s+Enhkbg+nSkUn6WT9yuJrE9UAC+PCADJYAZZw/s4hBXZrG6XHkpsFWjmXCnsjE0EpXoWRc+ZZAeAqXKED326saH/cj2a5dJIAqeqi9mShqcXcfgynD4nAnkagyKD7FNCTi4b6Is/mgrowcJQSRx1h2Hb6BB7ofy4oD5YDCZRCRLQuQ2zS6v9GLxjYxKL1Bc2X9uVIjsfB1USg3k4u+7kgmjBXImANgVP7Bq3rHPIdRcT5l4tuoYDThYz/WjEypY4T/ECi0D6BwAjJTeQQT/zmLb8KCU4OFN1t9sgclaBpyUFdlVLYITilO/il6AVE52mAbDJPewpxKCHfOZXHImM9f5U148LbGs6m4plPKPYurtLLqayC3bpKiJppgGkbenADCkoAohxG/aFDNJWs9vRuyQtOJpEXJghl93PQw9jq6OIgLl1hz8FIWqZVkGBreMifZ1Tpfsw6R7QfCobgiByRQmSnjkePO0D5FosmhxRlpsX0kbH2A5XSkYZEj9wCHM0cY1j1Jcq7Tt6uWNYw7Psc3jBWIaqE8BrgSqFcv1MA0IpkqVAgr36im4qjySgpWbCcwhzvhwxCJIFxdtRGO+NT6FX5HwCpHatoOTsOprKvkLuNz5Q40MDe3wb+4b1iPrP6objLcpMGUdQRcyEK0HCnlEF5sFfGNDjloPaLqUcs3pScjL6yC2QEKI9PcG5nBLUbUoZyls1SDg5v1OIpyiAIssR5gQ97By/APVrYOt5gUkx7IMHUJ3nHV3tovf/QwdU6lrfVXrLUenzqRKecT2+isPN5ipwVgJipOE86pJWMMe/7IreMBvts8HD7EdJ92XFO8tWRpIW0tMxIaLx1etdBSoGKkVY4IThzg5g3rM5dIBIlp9KENlCnkFh7v6h4VHqUJYilJ46HXVwGe+aJxZpFWFplyT0nIvCU92/dZLwrz1sqY9S4FfNToTebXR3Vn2aAtaQvJ21HpRFimDVUh+NJ9SU6jFgUdyiqOFOhbjKGLWharJhtDX1oRDZDqGy4mzzZr7xK/WuOF1Q8Q7Z2/hqS+jTbAfj06iCg0pAyY31CtF017WHoz+blZ3TrPMzEPLuKR9DlLH3xNDRf0gAF4gPSO2quE+KpKffdUE9Shid2T0nlpeD8YWV/no1OVbKOeZSpOXOSlIGITOQEyo3EtBW2knx0EqZYWAKKXsGUFomUpKM8BedCQQAoYdl7PMzWBH3xmZ8C8nm8qUbhRgDcMQqIkGV5I2IhUdxwfEICKM+jMTNYMtCA/J1hKhOT6oLWQVCd2OXq+f8UEDcv+/Ck86GnoIiE+SruPVOKTIkYvd2fMgYyivH3uKgoyCU7Js3Cl29Eo5aAdz7mhSFNMh88q8ChVKIU8Xhlb1jMf4JlAUhdYfAdNn5J17BtTUBO51MkNs3Q1cjAOqauggPEWhyL2wjM/wd3WhwQykVb9UhJwEm0YaRzG2LAtJWNlDkvRrGHKOiQX2HYUFMdyXQzEVSTFCHKeuH8GH5ImTYCBdAj9TnS+fdCEiFunHggbZm50R2w9y9F6MkwsRSyAE+WByMOJyGw62JuqqQgzQnV3cnWbGLWI7sTEGtKrnok9gzUGnLx3GpGDHpHcRK88zi1j5dvcciwThdEaEByg1y/gBvXms6M9locnrOj4dAsH0A9X6DLopcvAOBgAXa5GWKBkYAhBBIrVsVK7Xma4526OVyCR1yWAiCYytLIA4EpEYf8hxlNS8DzUHDP4bLd5SSKgNUEN5yffKWcXKTRESKApjdcVeOQ4p4kbdDssIIE57OUoQpa65wbjzeJsnvBGDIKxICBoZpHNWK5WB4COCgoQNZRFaZBovtqWkRY6OOhk7NCzkAGeSKAi3+teRe7i1ofRhdjEMy6SVXEbOaLeB25zAADcFtJ1CYwtEqohGTAR7lhlOc0uYsKLhzLGnOHqZKd6wuBKGM1arpCUI2YYsAvt6RJi1YHry20xpyMlWUJiUUsHUp8ZAQmG3cXfJimVoVV9xS0koq8/iSUTlbOfxBb/M+Lg9OoCTnF88a43URdggpQBhySRhwW6zJmvORFA4L0uYN10T38qV9NtB31A6ggFB5UCzPbpadTFiGQO62e0tIMxaVwS1c0cKisGVKbTAi5SoNHmoOOX1Vc2iIwC4plHFP8ZH3rfCqrg7yUkV3SwwHK3yzSU/4FnY5HaNTWGKZ+hld+wBeWYMDX0/fG93oy07asSaUCB6UTGzvSI1iRFulZst8FFuPuqK1GoFaj0SR8ISFYD/ko1y85aztFUvlTCo0NYVVH0MP+0oIrIT7bJf9oWO2TALePEhBuQV47RFAa0ewBeajsKu5YURpth58oZFkqt16EU+6QuDE5pOor4GSNWAZfRyfM3234DhSh3R43wqH/5Z9Oj/JOX3R0P2DqxjVdHLMWDmcIYmw8o5oryIOA8mSiYJp4n2EVgvXXsxAAuFNTTpwT1DxFlG9Y+KL+OIyznHOFrmOctYRJ7PfAigD9IGqb/cEmjpjEzK2/8Zzqu7Ez4Q1ryMVF6YUhYPIQyOQVQBATG9eRWOYuObrGDMc24YKfPf0u+wwHNkvQtUbx1ywrmOYhaQU2OuKq9Yy7kxko+BloaGB9EX1xG7rgcXqK5G9n/jEKc0nGFZ+yyoGTOFX63CYjlBiQjxFhFJyzs87tcVFyHDJ0hJWvPRNoZDqE5BWm+Nce1IudmpLnxsWmrwuMTW1iJKNoTh4whYxd1+ylmrF0WtSMvqvbUu4nQ0jw7Nz+ILfytTi3yM5vtFSNiL9cxkJVQ9ciDWabwqYyE4hTvGhPFYt2xhAY9hQRiB41x4GMLhBPDeIbmBogpFqRhR19kNPT+AAaINLk2AqpDXgynOjYof1muMP94kuqWUuOoZFH7HKV3ZBvVihrwjGxcHJIadFrVYPduhQZ0r4AxH2uj8lscqRNKQCmOCWx423PKEapALLA3EJvgB4LDIav1yogljjH9jFGd86FbOypdx7mY5YY+WRKafBrV5UXAy/p9yNkrMNOJ9MgfLvGVYmPBPKN4JZzXGA1GpAISSOWGx1ZseJJ/+OeivmCRmFnKkUYR2oZ1F9i6MIsTwokkoFWtfsR+t1eNSAnowmllhBgtAEQW1avYsKBuuu3o7IbT2/UFIUzEwTCybSDMCYS7QXgUFHAZcbxYiipoo/nVeBVqV+b0WiUoTXxVnTaULO0BE5JGDuYipkEEySFBCHVoUY1vwGTLAOF2jjT7lYfN6xMfOrOxhhncrTEpUN+eVKeC0HIRnC007jQx7x9RgdhzMsSZvgfY8xwRzkEBdezr9RGRiEBqTkjCIRdEy2Y1Ii0dSiSdEMKfAFXNyhCJtqx3JyNhgpWkNy4yq8xaJBDXBCEOf1iY6ccMRySqJNzEKErZznpxNJLBW7V5XZyBFONUbKIkzye97PRWmJ4WRQSvBejKAwxiGYPowGszkx0fqLMqf2+GMbQoyI2LAoMSK+Es5qvmmnj5rrv7z3E74s09ESApsXIQJyJQkZubrQNgFA7BbInkPofWZCKxdM3hXU4TyFNggDJCoic8JNGbFUeybAyQmohPCjXs/+s1oXiNbBguGZcs8yoqpHMNF3hSMLi6P0IaCpZl0cIvJ0PlfVAoxpSQzsqsrMN7FQGFROOpttCkihdgRoZNNXNgQlZjPODd5T9HRCDipKZJIhBfSZwFsgLdWUVInFqK8vBKCBKbKQglckDqwJdlYpBpbSvPi6Lh6Jlno2dAbU2PZHbiqjCJF7sNcHotxmSdbr8yQ0vst+GaAKPGwfwBbYNFBFIjJHHu26dSoHZM0oSvErloA57uOyQe+NrQNwyG/wzaNNE9qMtcc1JYiOXYzE2SmeX4DP5VRosD7Z6twejCiqJWVlNWM20SaTccn6hpkUsADaIJngUZlccpDYQVuU4gzDufdfFf/IEVxn520Dmi/7PuFaBfpf7RMIKQx7zGjJs+tSGsFKsxHtIcriTmQJKk+62Qk1gZW9fx/suTp8xEWKWaywUEvOAmvGUOIYDCPLeiTACJA3b9xBFo90UnzZpyjs1BTbLXvXOsY4qLlkRof6DaC+6ptT+NGUKXD0oH4hLIEztw1QzImF+Qoh07TsWpQdawJdF+j9+MHoUCySG49akwCPyMKzZWuOsqYnJSGqx6O1TxZB2BLHg63qJ97mOfES4GPF51DSBW6VNIfXQh2PTSZoXGNiVnewRuBeGGiPJoJdFWc5rQwv+pOPQiERouwep6O+Q6Pt+8qAMsryGTpEVIdQUzw+r+Jqgh6CgNsMcPT/wKnJR88/rE2E6orAgdGU5s63zZoj2Xo6Oq+NlNi846DHlSVprAk5XcxR4X+aeiF+jYFCw48DZy4w0TdIoHGLkIWQAXb2L/LmU4BK3yadVEEi8S4nlahpOCDXGiFz8c5SkGjxzs6eKMaedmo05EmYtwkLmm3CccoUCqzUnYk8+BA0fXAhcf5qxVUJuBPXRcH5g84i7Dj6I5aumTwvBKWCic9VAJMpky7jlQE9+gio/Rp7LD4IET4491xKmWauOV1LNW37W/zNlL80k+NAbOVBmOgqiZL2WtKxB4jdfLRSHFoVHGSlVKwIGFsUdUAukCFC+eYNCjRkZvb/TTpASAlpjEt+J+qelcnejK8MwbLwDoYN4YIxlXc5BCaC+O+s1omg4mcMBFbKVmgTNmKXZF8y6YiW6OgQTCrKi670E5y4f0s+77vu1gDKhk3YzlZ27HrQTj/EOIxuJVryDBMkESuS9MS0pFxqLG6xgzJOAQV4pHST1DFVs6lNIDXCDMTEW0+Og4FFAQyH/Wfeq70zmN3L3Mnztq/yRNGnKF9smnZdwBUXpC5jqxz2zI0mC80zr2nrOQ32voE3MNXIRagYqblGO/xTz8xu9v8G8iYwRTZ75EZulqZTZ9X7Y+4ztec9XTl4DjgsJwoHvMfWlMKt/QDCGGfPHfrC5z8oeDNpEdfxcylcQ6fFqHg4SQ6s4q4gjERDe2toHYDSjqSaULGuMRqRqO88tPKS0qKfuA+ht9zEYooH1PODFbvUOYfJc+x5/RBr1NKs9HjpJVcnzOLdKeCa8HZWNKwdCrQo4loUA/JcxbTBOhNnid4yMtZiHz+ePKsEs/VPqTIjHMQbr3LuqvW0wHYkAMeYFiEwikyhuxNFARRLDCk/AppxNmc3B7pTxXNcBiBUJY4dreVk8w6qUOGg26Us8jIWBzUMknxxTc2XqSp0ZbBXEZlhtqXb30pU+U0OykWD+5HpzXuIGCc7nLBB+84YqswyiNyZ2Ov0Vrp3Sq2yHxc60P+9rED+XNZlAYPa5PUn3NcCaQkqf1hJh9X9uN46xLkygAylT+LwVlI9KPA3zogq1+blxZ42osiUWtEAzJC6Yr+wEgOW7xKXwWplwNUnFn7G3CgKuqIDOw6KppxzqZe1AuxlfzTKgrwIs6M0jlTEbb+aa+w781aTkzQ0TXCWvzW9ISPENFl32WX/SyXXXbZpUGdc/GjRYhDMNQTWVnBCQQvlGg4NY7K4fv66kWY3FlbQjseCzgmb0VYNjGWcVKza6hs+DR0BFfFSWX9cQwxpFHw1sFAufwhyi6e+Bl7RQ11diUjPCynrzv59uAhe+g92J8ovZxI4LAa7DpWeXkOuhmNISzzDrWMNIq+AwphBxGJ7CCGsJw2/TYOyDjeiZ9Z8SRk91wYJJAfZ9FEuBfISHWbKB0UxvEMKoTAxlX9ipt7afwGZ1CariBJClNYO/CkkY7D7gb/FdNgwzWGwRRg3iEVGq99BzDRU8YxmXoe2CAyRTKhj0KAcYZMhYKfcUeSeZljEhwgzT3ZdJvjmTKFhF/qjmATfxMoL8WCdWJIm2dh+6rTJJsawbN/lCSnGkmbbF3tDQEIxaggRX2Zgev40I6Us3DiwHhKEpFkDSpkiyuHRR72T4HWaK4aFRWNFHGiNoG87hXqyHBZJQrJrfreumUxhFQ3KSyalQC7o9IQ4XiwIby5yQpTKJMExNwma/Dh3xk/ME119NzLDWt0OysS5scDQBk4JNEszWEaAa0YpCsZ2uryHClgh46OTEVTNFGBu83E5GkKX29aLbz514B0iEe0xVFWIfhiEA/gig1ChyjBgnOwcXVvrVMESSiZfzgjdRfVo8XiPqB8ja2sjQ7azQNUCzI3SHL9FjEl2bIrlKKTobgmxrXywsxNWHBoZ/+uAPUZ1rRkRULdFYLJqoVQnFaGH0S9coXMgZ2uEGw5WKvzaYC7s9Ausu/7LiL7LrRr6HvL5uKKLo6PZ+xqT3E01oCxdoiPumrvac9UaEpMD+Y9uN/J792K263W+hr0CY6UQpgsotZaq1KyeBsaAdbKHC5EYokzc1kTW+G5gGPaLvhn0ISWUzA+nAJBhjEeN4dCJD3YnXUAoWIPmBXOz+abK7td+cTQa6V2AUiJGzx2u7S+Csk8jsRWyNSaIBDnIUsZxyllqTD38Bn5wzPtVc+AITsCEU7oUHhD5hstRSkjN12eU6yF7XHwRnYyJTuesF25GRFbDWPDrbx/bQZTYbEO0o9Hvk3vCxvrrA7V0ptAhUxhvk5prag3Hf8Cl31hbSoFEUwe3M6BRkriLdFnCucY2c2A0HSTeYIPggjAOdgXXixl6OK75fFY/ufIhOHNB3PcYMSKfmRzlBYRfdE8LcdpYMcOOWtXn4FR+Wb9DdqoD2H9xJB3fjoOyPRBWqxRIRydQWed44bzC8WtW2pRBpxJK1siaXZNa4kKLuPqa21A8RdoAGBa/KwNtFZkEX6mq4yqYzA7C9580+EtfonbOs61rlh6V7Fhyo2n0cqQBR95NhCHnmt1ebmvOiULPYXLlYaGYSqHKnSRChuhA5YjfpG+eqGawPjchTmaGtYXcdHVM00/sh45gOQY69j0NrbvdXI8tqoKgZQPE3ttrEAvcQhIRq3ePuKhCkMM9JSV/L43s4dgPGLaYTlnNAx5hNwb+Yt3k/kdaOW4BcwZOjk/0FXQkERMXN9EdPpVf3u+SSK77EK7MNHeZ5KYiFpWLpvELO3Bot9wrRdXj3y/8xBoLZtrSxOiaQGTVBDDT6CZLsXFjNHWbLo6fXuenHs3zmFJyT29KIdXHIC/bXLnYCCO2GU1uql4fuGYumlgBTXUIBI+nsT9F8X7BSWHoX5P44UZ9gbitCAeeTrRMJqvU4+QOjATDoqvUBYJ7ICl0F0SdL4Vc6KpPj9PnVldlC4iXyUOVIy5UMOp7LFmEDKheRrwk44kd8B1Jd3PDXIOTGGAyWfVn7Ej7kxJ3ANYBZvsJlgjGIMVT5UfIHZshdAyFKy96d+iJ0WovEUXY+MWdkb5LN4oERXYNZmpJBhBO5j5imUL4U6AD0HmLSHiIuSQcbax2QSmGVryqghnZXYGqpDe0MQxctdX4J8QNjPXswwX/VnIK36iCg8LI6pHs2UzHNRs9LWfsStznnpyE0kwxTlyU11hco2mUgAyKPihRrC6/VY6/zYK3DyXausnJXefiWZFO4XvPpC5hZmE8NT2bfoAXfTmCSsKnAvjOvaRrsIsJ5hIszxEPzgn29E0jOlAqrUhXnNxpS4aEYnscxRrCHdbZb7NcDS2lBMn2HiOPpFQQyYCyXbEPkho4eH4oVnJaYl9gHjkIJYRfZQer0ZkaEGzrA06liGCKx7zLKhKQh17zsK5std1TDxdGLGlHZ4hgrfzjW64SpdqlhfRnZPeA/RSA57sAmFIIVVhy8+aHkGYuWgE6C7avk20FNI2vsU4wO70hbppwkVmrpbemSyUUaXQQKGUoZierUoPNogfuIG9baM69YAmhA/2F8czpSEFnaSgjNj8B9wimXFvpyGmXrJY+dTgPNjG0qfMtgnIVttmzfedSEh2kj3Nt3HGo7wDUidUj0Ml8Sn20GS2/IoH/mVVOyJar6gp0GJoaNA9E2mE4rQxNo0dBX0J9vERPXI0cHFSDpLPAVAMmsR5Bi3vxRq0cqW9zuHs1CZoR/wU1NHzYPbqVeirrBxyZ8FUMgSrSSsvT6gwDykIARxcqpLXpeDVcrzDQtRqTX4EwkzjFCLstLu5IZUAU01FR/x00KA+WPKojHY0epY/Agpsfwe85lGssZotdDtBA5aAjnOkMGIHB6PI+IFgAuMPBsFqh24zMvj4EZH0uY4c1pmBn3nNpKtgl+zyG0HRkvs/Yssioa3hVwIA4yxCpiGVvd5mBK+rgI+6OLC6jGQQvdk15NKVTdMt1/CwB+wlCAVWTRh/HCGUU4EeicyfS3VePTF3H1QzubY6vMkf9Go5RA4Dh++molXcmUaT9DAxUkQJ1dysumD+ija8uJ8GEgzEg0nRwyRyPWmuePk/RhoCCi6tD9i/Y+aZESNJEac2Bm6xMm+y0GFC10zgXi2bkt5VGhyHh9mJ08ShHqB2/dCQlRNd4FPRkIpPtSiUF0Y2U2VCI7Sit1atvK6AI924cfdR9wklJ7UfEZcWPtlvOi3zQMQsVUjlc8FxAq1jJG/yQEt1jaXZOff28kSaUKhQcnw6Yz7fIjI2KV/iLvaV+1p/m4cDuZukePqqcU7gJWO+PagW69BNa6hQdo5N9pl1U8bMpvrGXGIr674hcOSMPRrjNATGEFy0zmKd5ATvpw/Fhf6os22UlIVoRFv7fpb9TCS77MWsyXjRyysJHKwA6x8Zzm4kZRzkIcwmopZEziywBBTEsRYVLm1x4NKQcYlHA2cBPK45R7vWxjcOBBzjyLHOIpOnI5fU/2LYQOrwjdNAU9AafaaLbcdUDYF03VK255Yq9dUfUsYaR83QoJxU2IAsVEa4wqQmJJmzjCHYcR4hz7iY+nEUGVgy8kHgI0CJbRIN/Q+LniLsVR0BtMWDGGb0xQXM6ioCMoYRXNSVJSpaPn0Qt5XBWACuLBo9NNhx8Q7IMSq+UiRzl3WwKtZlFEJU7JEyFDnkjHMyuE5RsLFmGjpnTqwM70y7TuxB9D71LS91NNp6cq6rKMLtXOTtrTavAL5q0QdA3FTvHvdCghy7thmfeUT/HrdsLdiMYSLU62/RObQ2nD7kUQqAt1k2O39ogQGrmlMuX1mTojCg8Yw2x6FlUoGD4cuqwvBSCdAiujpaU2JKzSwOjqlUMsJkxmVovv6Y28EKRrojsL0N0Rh02TjmZMU7EtoNMAdYqZK0uBFxKMm8IpKhWu1ARkfAECNmJqJqBQAbFCZgrpXqTaoYS1HAEh+QumjJ+l9ePjKGOHdh5nsRyPKEHIRPoXNVoykWP7EgmqBJJAEQj/zXVFkGXnETUTWvOJki4KWwh+EQlZmTbpMFZcVOhNq+6/FXc3VmfI3U0oi4pNfzQG5lKF9ciRjhXkxBkUD32D5ACLoM/0TiZBmWc12Z28lFeqhQ22YE6xpt4VccbFalg3LPQF6cmXGsRIPUBBnMhUamTQHpZCPEfCZWcRw7MLVx1rsRaGvk3B/uOwnv1PYYVlod0q0V/sRQ5B2Nhh1B3x1HagUEei2mr5bKQaE9GAvP4+0D6pX8ZaQie2a3aCxu4cjYk8YzY+PQ/sFc0WAi1zSpJ7TpmPGwIHoeC47M51D6mm0ikQLrvwKid20AMq3PnnBwEmaGNSXTxyOqAbpwMQrJTZQNFnsGkwQygBgWRRy3hZjo3oNxlGmlHNNserqlRNqo6tvJppHNeTrYhTYjIWycKeyW7bcwNo8ZphjYTPKebQqT/w/jS2wdnjOz2p3BBhf9MMpsLVAro2KY6xmU2Q6TcB4fm3hbmIEZ2GQwx4jK/2yhXdRFOWc/ymY8xdkPnHH/YSzC5SmM2JA5VYji1NijVP0sekULxXFbDet7bX2uirCht0ECprGuXl5aJVidR+VIFFJx08jsf7fWCCa2/0BIOp00zPj0cpai5C09cri231g0OupiAH5/wJzsXdAhK2Hn7VeIA1G2CGUE4vYvnxtqnE4xHpgDIl97lwRN5ZOJ6FSHqNa0+8Rjc7XqPUEexrhzIbLgxisGDGX8V5PjrK/GXIVuKYS6fkXRn2M7RfEAZqU92DdFwIsazpyCLoTsygE7RR5YMByDInWQ0xu6zMURblwKCnZRrbtRVoTybmlAKw0NyecxePHg6whda14mnxoaXOlcQhC3AvPT4PIfr6o5rTq+utrOE3kIc6kIi2rCMNXWzLUCt5swUd9iEphTK3gIZSq7dEzC7fy54WKisvZzYBaOJ+irQA5j96/1WopcsAD1RoOrwNeUi11EYu/4CVH/yU/mXddlevO2a4hHQo2oNRIi2iP+ICdioW3TV2Px+U77PoU56KEakRsNQLDnMRYciNcchYga910LXn1VnHsWNXN7wO0lMl0dnxtZGrSarxFz41Zg642BYvjlxEEvE/F0lqGPK5rXDmi2PXyEuWPRB2L90ctUf7KH3DrBsRbWn+1I1cA4wYKgyKjyUQRuE5G+8CEoBZYoSB8RaR99WYMobD581PBrEgfyzzzqHkw5XTTmkBlLpS14PvgsA974dlmGSY2Imu9sJEXctrLHjNsFhJikddFoEDEPzuSd8Bqaks++TxQx0Q4ERgxHpqHSXnMmOWk/KhR+MqZzy4IFMe4x7uEc4zMzSZRwjbb3XGcJRKrGs9VArM3Iytz8awM228N9LhBumn1kpgk1Wx9GVJdX54PO2GHjMmC8Ej9UoX6GU8VsjxuF+tzlNtci3JuuryKwUiPnRs2it0d53keFZ74Owfll5seCMog0DDGa2XDMvtA1otZPThYaisRytVbmCIOVVAZwt8T4wcwJtDGTDH6Lx1sj88pJoAcXIhLNEWz3EVpqCQjgEEernfEaj3R/luCIRiAFvU1LYWlcRQ7E2ay6VYUfIyPeYxpoTkEL0pJmTgWqRAsX5imJOJu7RmT8uR2PQkFQ0sADt8kq4bTWZsXLteqf477H7tGtojgTkdklGnGNbzZXYbppEgBTC2X1zA2VLFHvIxNA3cW/TD6nvGss9IjCJ81+94iPUqq67xAReKE4jvy4K5qRauGdy+6JUfU1KbWxaS4x9g6eGhyBXT655Sr18ZGG/OvW9/9frq8LjSWQ4WLFTa8nFkJt308iWiYhJmHZdfMamYkiXwjbixHG/xu37H38E5OmOhBqjhaNaB9IeTQspAEv0T7yBpPx8Xkn6tVrM0Qjs7Rl3gWrRKiZLsQHQiQMKQQklmT2h4SImq1sjQBfTR+uQxqvwY8pm4I1stxMBoLeSJlDjTUXNexGhE3CPjUx3AFwM7UD8JgjgZs9xRaSJhardX81EtTgajocHti0saoARRVmLHVmVMedsU6X3QQZPz3bsL774IwFNTRdAhCMQB3LH4iwsDTy17t99FKQGhET2vk+VyKzmqg62fchsLoCYzheIluMM7riNyTQRF0snZ7iE5vXTaOHWTA6WjuOKUQ0jEBzQRSPIrlnvAQr/EoCEwnvQ8Lxlz/cu6ER2JUZqCpM0sQmyTfcjr0Ko8OgwqShIV0KbbqhAhD3pM/yli/0pyn5TDfTOmEaABuXRWeeuizyCO+FH3JinN6ZQkiClbFxZwYVUp51lTwsPHZhyJgMKTKwoa9X8RxuiKCOD2uEm46ngR1Sy9MINKpyolHTMAPhqBfS6mZKglLci+mrnSGUkGSTSNHfsExvmmoUKthHr3D+0CDGdEe1ZM6HYukiCX2WG+QRgkjNrmbnKZVV3JIoe+M6/M2G6ut2TZjkYfxOfKI2j4MBuQZ/3KRqepICLDQ845IS/qSHMY2X7uqKtDa4jIkJj+P+3PQRJZwpwQaDkNGZ5w7UVVKtwZK61CV9cG1IPnTGf3jy2N1aJoMbr0VW9oiL9XfkuZK9o/KhcXjyGVTJf8K2xtwECKSxXvahYMtWRVnRzpOTcDvnIUVNJz7OQjVhpBu4KImHoXt9vgypx22++P/V1Umb4p6D1sfNfH6K+yP20tBx1E4GCrqhlpm2xjuz7EJ0pv0iW9uZNdXZSQ9l0X0JzV5viRPMI6lDre4bGvchW2R1HcgrhM5EjbiNKHgkVNRISC60XxQYG0wh5kZELHIaJ9ehE2fmnkpzUzwyT4lpnCVFaqAHx3RQlFu1OSqxXenuxoJbCstkt7Sdfd2paZzT14w0BQ3asZNcRmSCBmaI+N4ZbEZSRu1eiITl7LgqO8TszViMykEbk8h+8exHld+mgIil3RnH2O9fZN89zqPWh5GxBY90562ggWJm/Y1umHwSon0M2uHzJryJWSHaR5C47wPUmLeNmIk2Yp1Cs2JDCPry3d6xGMjwLkK6EKdz0jaijWi8t0BC0qiJosCtOpZINM2mYFC5b2rfs0lzhyVCJ2pNhtiKpwEyPrPDsonZmVnaNu7LMI/qR/cwa3aGD9HIzFNSQV1/9hBmddnnXU0FCRO1e5snnzbZWS7q68cfIdYVyP4LrJoQqstjlxDV8fH3LrbTgejC9zImeOdewejFDrkIEXPTLZM9o2ii2sjcWMRfQhjZi8blpjNshoiGyeqTK56izMXxOp6cfPot11HlV+GS8g0zzOCUI0LLwMa9aHYjgkl/BJUiE2a21E6nW5YjTgRyPjxsSXL4GkyVOGIa81TELsLdOZliiG2GgCzQswx2gqyqlHmVGqzwOUTUQu3w+KSRpxUhFW8P/8y9V/BV+a9eDCJoHcXy+ETYHIb6gALUOHGIT1lfmRLgBXrHMTdA17Re4IEDOUwMXHt0ndm72yRbzwmsllH044wrG1e14qKGv/5hD1hrYuxeUjTExG1Z4Hk2Kz6KY4oEMshDgslRQlKBiqJ6dCFOGm5tFKXxhDX8mjls/dMoobyktSWYCe3EIBjl5FcTVhi4KRG9buXXFwsL5+5YoRRDH1NEaFZcis/g5YTlXCyYNatQEywPhGkyL6z2dTqzdYRX43jJ4SPGYpmIitHQNgnS6G/BORZpVXioG8u+l8ZQPFoiDxiScMBo8w6ZSErHAKqH69ar62uXnGPwEAPpeK7by7cDXLKI4u5Cf8vajJunUcBhNUgy1kFHXiAX3lm4tcaN+NTa6W47PaPLhWS/yIjmG3Fj6SEl8R1SEhQBcGVfHGtjTtomtGkLbb7vQrsyfd9lN/aoMAlzo23rMtm5xT15443aSEAhLOox5UZExE1wNbaaDEVH/F1NTUuEt545s/Cwk0zkvznRSC4kO+1CbQOIndi7YLFhCtOkWmispnuj7U4jD547MvXltd3va5pgeQIzE280rU4Kyt2QFxK+o+1uQO5slJ30JKphl3UTC4152YmEuNF2T63ZFujyEiGmXdOJPjYTb1VTYtppl57ZjvB2/C/UV1bbXWMeQXnboOvEVRFiGakON9riQH3uutQws5xlvwgRcSO1/CwsfGKobOCcosATdY/b16iZiGi7H0YzsmIwQHaRyy6jEOGMYqbTHcpMIpCJaD8Hh941njfaNqaQfmIKG3HemWhUAbgRt8LBCpHsxI33C+0PoiUDh81MfMe0MzVqxO1EWujJaEdnJNxI81IjXPZ9bDfoM3fhszCzbGOP284d1XZHxMItDRWYTMRAIBMxNyGiJHFdwqUn0ru6F0p5JvrMOXwlFIwpqJtZMRpPocv8dRmzVW9OltcUps52ZLLa16Dlpuzb4S1+wOaI5CxjCUNfAZqziZkbKVT2qpON53A9fsUGpvq6dQXL7iXh8+ckKoSFI2PLKlOLlwflQpS0H775+qdIFAF1gBZPebiZgkVjnLbRyGvApSSC04tVoT1AdjVI82qkwdB5wgK98Os3GMjFZQqUgDJJs3HhnzhnU84wkCMY1Pr2osWMgPnpGN8ndBhalgmzulcLjsrEJypV4vmCIiYvGRwrYerrHisxTctRYbrBAvYRy2KM3zRZmjUko4SsRSDOoVn30fbhxgaAqn+ztspefTQwozxbhyTnmPlHmhjJl6gmB1Ur3EkeAOo/Y2HbRgFejF5mVZFqlRWfOEWyzKUd1Q5Qba6xsGXEiYLIk9hbNRRob0n29FuPAIeIMDeJ2SVGZLFjcW1VuPl1vkrR+a/MlbD7OiLrcY3BVBkhDaRFk4chEdwlQdq2Xdr5xfNt31863V2+8OvvfPofPHn+nOR8+qbvp5c/pr9uNeRN9gf53b9Hb//ueX+/yM58Ibp0rWpCRPu2EX/DD9LLHxXZSfcLSiMi3r/0K5ev/JLIE9k32h9ELn1Bg+TU+GHjt+n175HXvo/2F9QNyy7UGl3evnzhZ+krn5XtmXSSWrdsW9vuW9tpe9E+8N382nfR5aybeJl4J2ry1m/uX/iFvX1A5DK8Ne/CQnJqzBu/RU9eog/8AJ2e0a5LVer+5fmX98/9lLz3XPie9jPRLrJTz/uYed+JvtLunm7f8q/y09dEdl2KJeJG++XhjU/KVz5D3GgXoiayM8tOzHRqfG7tXX7yfvqGHxvx7kgmG5Hsb3/28pt/R+ieqFE7kf4egOwnFqL2brtr7Zt+op2eObIkRLS/+DL9zj+Uy92+t745dky77EwXkuft5Q+3j/0R4s1mk4SE2+Urn7587qeYnxHdCxPRWXZiurBcGgnTO/zKx+SDP0TtiaUHfSHu8sWfly9/eueT0MbM1Bq1JnTX6MSbkLzVPvQH28sfIeWaWnneH768f+Fn9uci0kgunbfMF7pcWO42fo/vT/KhH6H79+uLl0K70Nb2tz51+e2fk4tQe8LcaLujjYkb8z231s6fp9e+iz/wncyN3DMKM1/e/PTli78kwiIbnc9MD7KfRXbeeWvE/CV++Rvo9R+iu1dJdisJ7bzRl35BvvRrRE+lPekEUmPiRnTfWDb6Ar367fS+7yB/RZmZed9fnH/nZ+grn6HTS2qQd5ILCRE1Or8l8t72kR/hD383XS6msNRO+4u3Ll/4BXr3d6U9o52IziQvZJfukht9WV7+UPvwH6btmYzoU4iY2ra/+/n98z8jz0kuD3J+TnSWviQvd63dbdtb/P5vpo/8GO+7xyFMRHR581P8ub9/kSey8xCM/bnImWWTC7fLl9pLH2zf+W/x+V1qJ1HWsOyXL/3q5Xf+Md+9QvudcGvbLiM/vGtM7fRue/pB+vAPq6SJGYPLG5/aP/9zRM+GSbqcSR5Idt4vvF/a9gY9eV0+/q+T7NwXOHudhPfLF3/h8tv/TLb3kRC1xmOhnWW/Z2q8vbe99JH28T/SU0rzW8K0v/lr9Man98tpv+y0X4TOTBcSao2JT9vrn6CXv8krfzzCzJC50Ugv7PUfCxhG1A9bomiVHFoWBFeKLXJH890YCJaLPTFryFGlhRzrK+W9GrocddTwUZkSnuT4ah6ruJPS7CmnwAUAHNKOa7L+eVDLs8jJwjjNMp2rif1Rm+p2aDzn5YpAkIFpeu11qpPfIU9ULFOydgl6CEwx1UyYLS6T7PqpBx55motlojlcwQbh5+ngQ85Qbn1HOaemYS4WEOa071h/KsWuwHL4EOsQYkJc4XIE/TY+JDhdGBjsi+VsNzFWcvWDaFDEwC2Z+X8NLN0cGGumVNzMeB2CzGmnFAJQ8uT2Raq5OHKdJ+aNHnGkFnfohtuNnE/58DF6PH2gm6S0ngUmevuddz/1W7/53ov3mPWAGFGDKGOLDmv6LKMTs7piBh5pdcgmdPgwnKeYhMv4tQOVIxVaJZB1POKxiazHBmqbtC2WdoB50en0fN2OmVNDz/qUHWnN0iWkd4mGxGDkqo4xnqTdBGB2FHF/pW0suGHFdsS1vuo12UMmryZZnUZGQEliXLK3uTcS2fm9829//lM/+4v/8MmLF9+y00c+/bfk8z9z+fKL7ckD/2v//vY9f1YuxLK3JnQ50/bs/Pan3/1//6/bb3xye/ZxkefMQnLpmxRp3y677O3tux//n/D3/Tf65lVpjUS43Z2fv/H8p/+P+8//1Xb/usiZ5EFImC5NLkT3O5/l9ObpR/9d+uD308OZWl/JEW4neeNzL/7BX7z88j+g+1eF9o2EG0lrwpts95fGzG/e/ch/p/3Qd9F+Jm5ddvn0dN9fvPsL/6n83b/I7/uEnF9w28eWYRbi087tcvnK6QMf3v6lf58+8gOyn4mZ+0KQ7Lyd9q/8xnt/6z+kL32R+Z72h4374UnSz9M9743Pb2wf/Mj26nfTN36QLucRrwpR4/N7X3rvn/zF9iv/iOmp7MJtH1PJxLxd9l3ojdPHfs/2kz/UtjvZd39pU/aHT/3D5//l/6y1p91PNxobB4Q33k+yvTg9u2v/5g/wqx/T2lV3I/LwuZ979z/7n97JM9o33nYhpiZC/WVe2vd3nn78e+//jR+h+63nZl3wRfb3fu4/vvzN//22vZ9PIrz3/arMF2Y500b0xpNP/AD98e/il56wCI2F4p3a/flf/NWHf/R/afKEthM34rbR1mi7u9DTfTvx+cunH/vvt9/3Z0Q22nfyU3O29z79t/e//b/l5xvzRvsDyXmnS6MLny8sd8Jvba++zD/5P6cPv87nBw1gL8T3D//ir5z/zv+pnYXu72UjanfbqdHGvD3b2932/Avb9/877Yc/IXfPZL+0Lve08+n+xa/+7ed/9z+ic6PTXbu8aHIROROdifjc7vj55+6+9QdOP/4J+sDrcn7OWz91h2Wjh1/6a/KP/lKj12S7pyZ02mjbqBHzk50bXT7dvv/f4R/4DmEm2lmE5CLb/eXdLz3/x/93+ed/nZ+8r+eBjYlbt3Wn/eGhtYfTH5b24e+GquzO7XT+8qff+hv/y/2z//zu5Q9vlwfmB+Kd9p2ZhU/y/Av33/Sd7Sc+Th/4Lrq8oKFc20703q/+nctf/wvb6UPy4gXJC6azMDMLy53wSdoX7r7rJ/gjP8ZyFtp4vOp5ksvzF7/4Vy5//X/D9093IeYz0877Q9+2vj9s+/mtJ9/xw/zdf572S19RJyLiRpeH9375//XOX/tf3L/60Y1OzJd2txE33hq1JxfZWnvz7uPf2/7kD5NciE99KVWIZT+/+KW/Qn//L3F7ab8ItfdYdt7PxDuL0Jkf6Iv33/L7+eP/OtNDo43HRg0movOv/4MXf/s/5Lv3M+3E0lp/95ZJ7kSettPD6WPfQx//MRFh2fvRYELE3N75Z/9n+oW/tm2v8sNZ+EyXM219QVWkMb/+Tfx9/2b7tp+gdtd3G9fBZFdhCqYbU1Ay+37tSjHe1SAmREO49rC4REe5BZmjC70MT3csI3ZP//+VC8mfnfEqM7o9OPSBvrqDl6bo4Op1FOCNekYECLHdiTRzsSiIPKSZ6gcmB2mBRUcZLT12ILKFGiMwrlap73Bx7yuVKRES3bTt3+FDyTQR0Rd+Oj2wuUvxuymUF38a7k/hlz+JpZpRtwc0IX4LwDM+2nR54QYGE7hREdQZUA4HjsVlqExgnLK0hGgjprlOJECzBKwS1nm6R7zNnEZcXDh3wOJIZu6v7EqVKspttVJFPfVJbVjzCCIVsZg/6ehHaM9sSYuf5UyVPEnJvyMZ+7rqxfygE6kcGflCZoXnR6IdQpvVTM0a1w0Q1ERtRFXWhfghkP714fzwN//R3/vLf+9vvO+lVzaih4ezNOGddpHLvu+wjECaA/UXyUYqSN3y9FjZGWnjIB3FLW8ooomVyT7ud2JlRQfP0sz27s5X9tzSGe2D93TTfpGDocH0/ilpfqrk167Xr93WikcyqOdLjdWoSC9cLpnwex6s2IoS1NDiK7ZqpwwCjZrT2EJNJMI9EO+cE+Zto/FS5L7t9KW3fuuLX/6dD93Rt2zb9734yqtvfvHuja3dv9Xe/jK11l+8ZGJpzMRtP7/4zU/RL/7j+9d+h/hFa70uQMKb7JucZZOvtB/4nc4vZrFppedflt/4efmVn7289H7enxNdLvuF5EwkIie6PH/y9HL/3V/a3RY0ZiFu/OJN+szPXz75M/zK60Jn4Qu3TRozn4SeStu29gZ/22d0toVGri3MQl/6rcuv/lN+9cssD0QX4V1ao/HiJdN7b9CHv+X0B74sHyHq2wiVn8JE770pn/7n8vnfotNTkgfhXcvjwvuJ9m1/eKe98w6//aUh+Fp3ESa+vJDf+qXzr/5Me/I+lp343Leb7o14p/1yEXp+//TlNtK5kXwKEdPOb/8O/8YvSnsiRNz2Cwtxf+3wROcn3KS9+nI7P6Sgl5npxVuX3/qVdmnMG/GFto2IpZ1ITrKzyHvbqx9luZDJMxH1dxe/8hn6jU/K9mznB26XC7OwMO9EdJaN6a27Jx9q5wcU+H4se/vCr8ov/5PL9oROp9aET5tsd7RtJO/bt2en/W3+zs/yfhnbMkX8dOd3fvfFr/z89uLSTne0X3h/IXI5y4V34ktr+xunb/gmfjgLNYuaRnDzxV+nX/s52S/y9LQ3ou20nzY63RE9la3xw3unb/ki7XvXHbDVRF/+rPzmL+4X4vs7Pr93pgvJhYWYTnJ6eX/7M9uzD/P5hbTGbGZhZ2Z598v7b/5z2l+i0zPiy35q1DbeNuETXaRdPrd98xdMj4fuMdHD2/Q7n5JP/fz+0kt9pWbbmFsT3lj48tDuubW3vtggnh8K/PDu/lu/sv/az15e/aDszxtf+pYV3pn4yf7u7+7nxu+8Qa83fYl6HPMjb37x8sv/iF76RhrlERFq1JjpSRNh+V3+yBccTZU22p/T5z91+fVf5pfudhHiF0zEdCFuLEwP7fT8ob32bUBd07d6dnrz8/K5X7u8/SYJtXbZTxu3xrzR6RmdWeituycfiGauG62dvvLZ82/8Yttekv1C9A6LyOUiTdou8nAheodf/eaNdqJd3/Htrpa3d79In/3k/vQVImLepVE/ikvoRA8vMe/0yrcwUd+ejqHj/sYXXvzqz96fnpFcqF1Y5MTnnZpIY+LzZ37h9KE/SN8q6sr67oBu9jyUCoSov8YU1IVtiornmrIFV/63reyl2CYGqAyBPQafjIqNYRj40OMcqQCLEATejYq17PIl0hR7zI86kR5ZRbS9HbJIwaEn9HhVv6dBgx2IK0+rmHAVjJnNZRxF5x5csgGCPjqiyUEMeLWNiQoHUIbPCWJvyv8eXygukRFGd5iPEgZ+QJku+WUNYppEE/GgSHlpmyjTV+YbCxQj8Kn9apkovug1PJB+ixRFuq5eiLzVrEmRKKEUCcAso4bVlPOgVjOsPyOQ4yyuvFhlQCDDMRySfTziBjaYkY+MmJPe+LxgVGgmY2bNQ9i+bsJJ73tduDJsC57ciMkBBHsEWlM/lSGNuHpGljiw/ixDAZwc6gqDQqd0jpJxcGj61syKKIqZz3jLjomJf/etN3/+87/+G29/8e6NL5/ffUEizI0ul32Xy/msr8jocNyLw8zcmiZZMuJ2SL6ENVAZmZR6VJBSJooLyzJ/suLQEA8NDfV/ZYTYEI6KEo3+zUAWhn1OQN1PipemiHCbBOryWMeNzGZ8v1rHGY9tznpoF8VdHGOrP45fQmDN/dkPWzdiiEQs/0Sm9YpeoyZb27jxNpI8ovOT0+sfOL3vE8/otW/5yJOPfGK7nOjpRp/4I3qybId9J0z80je+/Ef+bfmOP8RPPsTt3NpGtGk0wrzvG7+QT/wwEY2lSOI+Pe3JB578wJ+ij3zTfvda1+5t34l22YX21s5v3t3t8s0/yHLW18MakdB+oZc/+uQP/fm7b/vR/e59RGfmJrztXfguxG1rp4f2iT9KRMSnMWITIWG+f/o9/8rl8vZ+eo3ozCQifYOoiGwktF3e3N73Or3+bdz7sgi3kUGKtPd/9Nkf/rPy1tuy3ROdSUy6Gu3cZGvyXntyovd/M40U0c5yotOz15/9wT8jH/1eun9lZLbtrk+I7LvsLxq9t33427ndEbEyiliY2un0rT/a/tS/S+19XRGpdYHfZWe+XJgu29OX6dlr/WXcIQrMRHz3Dd/9yp/+H/G5ERE1oXYvwrrbtjU6n17/Vjrdq0SMmJ6Zn37PnxR5vssTIRbeRGTnRkKy00ay0dvtG7+fnr7SRa6bjb7vZfvWH3nyExfhl/nE3Bqd7mS7E75juiO+O7UX/G0/RnxnY9nvzTz52A/yn/jv0vMLMzNdpO/z388iwhfe9i+3931IXno/yZm49W3JxMxyufuOHz/9qRf7ZdvvX6bWaLun071sdywbs2zyvH3zj9PpKRFRa+NMXGpCdP+JHzr95P/wIo0b8+XSz7phItmJtqd8/sLp9U/QSx/m/SK8dbNFe2Oh+2//Y/tPPMiZeLsjFjk94XYSakKnJpft/AX61h/SahGPo3dE2tPXnn7/f01e/9Dl/hVqjXjj7U62rU/n/b5v7Y6//V82G0PdshJt7/vIq3/4z+7f9aNy/z4tFrDswvtF5NT2d7bXPiovf5TkLG1jHiMy0dNv+9HTn/z3aHsfbRs3pnZHp3uivh36cpI36CO/n4mobRrf9ULi0yff/eOndr60l/tO1THL3eo/nE8v3pWPfCfvZ2qty9t49257+vT3/tH7f+Pfk/vXiJgb7+3U2omo7XLXWFp7j9//HUz9J1iIdeq5nZ5850+c2knkjvYXJBehRvsuJLTvdDlv9C5/7Pt3JuGNuIlmoMSn0+/58Wf/2nM5vdYNGXNfAxWRjS/c6AV/4w90MYOdlMxEz779j57kwvSEWHi8zP2wn2V7eJu+9Ku0X7Zv/hHikxZ2yWO0g+I9JCE5CJ/vp5ADmoUP5GPmEGVUMT0SCFE6BGbdEufa9PrC4TK5TKOKyYcpzg2hdyKK4eZBH5q8pyKmgQZgmsaCtv4LH9cRjRDyXEC0XFQlEquvjTY/F+RM1V1EeO/bITQ8YAseMLEZMaFjD1EqkJSkaqIfiS9FZJXXlXRi7GXhGnb2sXqoZr05PA1rRKkOYYnGKNiMMHFeiUraG/VtJFU9DIMpWacNJYGzPChM0mjTmoX2oMyGa44jD3fhZ/RgmjBmRQ4A5SEvXRGb6a26lMATVssLp4lU521Esw5X97KaLxiy4GJ1fFlBZGXgstIBk0uqUdKKIp8ZmSF12mxCVTPz5CEA55jjmK7pfPVwE4zAhCqAJErdJUL2ZQVi2ymfdArEcpe9X/enuwfZ/28/9Vf/wv/1f/fi4fmf+J4f/aFv/77twqfT6cTbftkvctmlpwhkuRUT9RNhNICF9A3+HVHHCAC012AvhX8nWpEbPZPydEp6huVuV1MfnS+lm+0vG63Lb4+xhEaYZdIFRrqP16sIzQMRq/SYwAejrdkiWXuttsAM98eNAPHgtyDlRdZAhEvKWBx3mN7xQrieJWnGuxHR3kSE+kFD29a2bWOhU+N2YiG6v2tPib/1w9/w0dc/TCzUGm1PpW26ndoUgvj8DslFaCP9mRPSRHigvT0h3uzHS4R4EHx5ly4vhDcipl2Edtp3kZ2pHz2y0/ZM2hNh3ke8I42kyZn2d2m/9B+QIGbijfpmTtbiRrsbR+/YMUJ9r6Cc6fyOSCMyj0xdGYiIaWdudHqJuPXUcJzI0k+muTynF2+w6J5DvxqNtaedaOe799PpTqhnelpdZKb9BV8e9PSjAEJIiM7EG7dnhauSC13e5vGaD48AcJyUs7MIMcndy0Jb/3FFrw/ITvs7JK1H0EOKbAaIiDdqTzpMlTIWIt4f6OHtHrMI6R7vYeKEaaf2dN+e7HqSE9NOcmERenijb8vkPinbiZr/OjqT0PaU2klEExuyPSMXOr+r2xC0bCf7vl9Idt4fiEnuXtn5zpwN095EaH+PLu8SbdRO1DZudyiiRDu1J9I2pXwfxHOj/TnvZyLu9o+kNxD9NaCdeJPt6RBOj5KZLs95f6/vnOa29UJD12wmIbpQu6ftiYyQad9JZCeiS3t4iy7Ppd3TOChrC5EBM7X7fn5S2Oy0n/n8lsiZxsm79tsk3RGJtEbby9RO0jYV/y7qOz28rcdjdDVp6miFaGc+UbvvHpjVmAsRX96Ty7si+lawFb76Ac6yUzvJqa/ijlLCsKzygi/vEp06n+x8KTe0dKLtfkQISrUQkZzp8lx2YjnTvhOLXPYxuhDzRdr9+fTKmU6Nub9v2/qw+5n250RbDN9Ef9Vop/aE2iZELOMHbIZ+nd+Wh/ekn26lErVfLk0e5M1P00XoG75ftifE3B0bcesJs8TQHdZU4Sg+izfQd0NU7MkPpojWZiouW0f8Gly/ph9h1SGaEQgJAvCDgLBIp8vL/T2chn8lkIwBWLqPqVAVv9GCOSHe0wdzYySqTGHm4fK4ndiQuAHfZb7pIa74eYiCmCQul/jMc0dEJ7P34x8PJSKKUezsQZdUA0nqtRyVkhMTX1JxZYRqUbhCWqtf1QmLjZ55HyZwuIf5yZGIeOgz+986AQhfcY2AXSTRWxtdPIFzPazFKiQOqJcJS4RGaEoAYZRsy5Dn1DRzlB3rGUdeAMEJRX1bYegMUIG8YlnyxSMUh6TKH8CdKzaLpw8ZkH1je/FwSUsCYJI/WS7k8GySWFcyyY5+FXhmOloKELOtCrZ4Iivg4CqDvKJJKdAUJN44xBUfbKVVzBPkZIc0QEBadhIROcvlN9763L/4wi+91O4//k3f9Of++J++XC6n04mISWTfd91AKQO04sWsEqymqzos2NFQM2SRFmu4w6lxlgmxv/BZbkBm5AdLomI4Eo1gKXP2U248xAgGczLCt4LIyHOc8Uig/aIsec4W6QgjxnsC81ggoR2COvgsiA/cmJodQakB5b4LcdtZD84UP+TdJkqI6PRSwtkYhwRbPKrGh/btGW3PQofLzuOnEnkEu0TCm7FMaBc+0fZ+UVAjth4ruoF8XSjp7zwSEwmf6O7VSXjGB7zP/TchxtaFJiLU7unZh50HvaHuy6B+os7I8cfKntttImn30u4JRCpxjIT6UTdh/piET9LeHz0ryfg1FxmEy06tYz3QEyFpm7RXOI6IEtZjfx4ffevB3u7oyWsUWo450Ve/ZYRR45SdJkwiO91/YKxDMRG3fhZxpGYImIhvHhci4Y3u3pfQU9Ow70IsF5ELEUOM23beaXtGp5c1T6jPv4XRdV+0kPATOT0ZLXaffBlpKht7rXI2bMD2RE5P+xGv6Yryo+alH2S1t/3uVbqnkcZUIcciMjld7l4b4ql4iohGOCxdJzA66lLBje5fEeD8OoxUY0xEJHu7l/ZUDWd3v3pytfiLHsJNjb6aC35C7QkbRPhNzxT6cPRLwic5nQZ42Un2/bSz+y/aR52PR7FPR9hbL3DcwslmT0Vk316i9hL1BNeM/k7Cwi9/Qz/BWplyESFu5CGacc0JUzVP2QvzzPZUFg/8MUxiVBnSqpjWOkaQRFibqOxQ7ghGJ4RJq+AT8ck3zY0QKrn3TWzJwWFKjgBhDJNk/JZrtQwT87FA4hSI8uFpGnMmkhKckGRVMQ4g4GGgM8cCHX+EfeyuOph1iGtPT3ndQ8IEzJFuGmN8llAO+7pdK7ArrMor1XKWkfAKhxXUPNnafDrfJTntsrYUi0nzmCVz68ZTrlhKwYzJAUNWkrAqRJUAD5THFD+NMXcpY5HrV7CWsmBn1Q9HD+wqgGAJzfPGmNE96uKFJq+mo/bTczGi6BgNU/a55kWqzmh7dbuTPeFHWoa1ScTxHF/wf7TLhRtvd23f5cyXJ3f3ctpFmsiZmLftpPmc1ZgJvK0TMYiOkXa1g0SI8LfH0X2hgqcelqotPOqSaMU5KTTfItEpoHUocUTOjcp/M0UERKVr1lcY1qAdnEbXGRsCEoUgOm0KhTQkIZFGu+zn/ksazCzNpkYLqkPYdE1GR+qxwu68iG+qqhv2DLOP6Ej2RQkm0tUVvzahC/cVGybSIz/jeQmth6rIAQuL1Zh7MaB/0FfvtA5o7omFdu6/Ksn7TrQT00j3LMzeYXDeZCzPjAhFHwWToBLXJ3Gsy43jO5U9PaRk2kmkYUgpg1FsvORmp1Z7VC9Eso85U5rDQYrcYDVe0R8TIXprt6qF7MZJXXenEbcIbbQ13neSM/fCMDct+zSwwR6Hof3pRS222RiTIyQyBEyoH06qPYx/F+4HEPcA9SLcf4DH9oC4GBityj3bFFDkCL3FFvzGmM0L7cR8oZ2FqLH9culgouhyc4fE43zYxnQhEdgdAkZTb41JHXU80f0SF1v2VCnaY+LQwEp4qQ3jljk2QOag9WQS2s96u1caxeZFiIS2fTtRX+bWhQFWeYNSawg5fDr0qJTxaADXJeie24qmhcMXtv5+AI+VTxoHCYlQP8Jd0VU1GbbBDaWyeRfZiVl2ulz64idmav0sMRpFFm4kzI3bndA4lJg7hxJhgdYp0qjEix5zhQjqoO+cUACMBegZuyuYENmMu1/Bz4+JDZdXCWAEB3Pkdpg9PZbbGZOjDG6cC6gfdScf6/Hyq8tDYIdsux66PZxmcHmdavysGpFmeJg2t8mh7KHOD2GYpThOb+Kw46aAPLBuj5TY5RaArswiWcQU7ZRPeswNMoptJL7f7B8A+Fwu6i1HWmUI9PuJA6AtZSJHZj0mrAIEUt3WRFfio7DaVo4y59iKfPSRGROapikQrmiIVtowWEtVnLlitJIrcA3KkDAnbB6aUjcs0VXCGmB4tOEqMsbSh+oIfHgkZLWSSVRYjStFuNggCVt/TERFZQToGHCov0VsB1lp8KfhmMBwzGwi6GoSBZiQXgpTxpXeDZTSpz4QmkVQYh6xxmjYsdr3ixBdLvt5P++ya7mbiDC30K9EjjhT6YQqc4MyGf45vG73KCsTJ9Dga/JPB0CmyCR9k+rm6vp6ePVi6DKgGcaBx14T5jbWGCMG41fgLTw1ejs7+sZgIeqbLaGCY45WXObZF4WYGo1lfNaN7xAoy0akR/DolRDzv+yQ1UFp/yV6sbvGVpGBhx4CoMcfi6aQQrT1ZTEvFRFxx3Y0ERLaLNjVmz2TdkYpztpmBNDF/Lrj9leeu31RBlF/oU4TXgxBx3boYblA1wPJw28A7+CzEDmjm3JMMxxLPpU/jXmcTtq0BauEsDv8/tadRVod1cEcVArm/g6tIogWW2VoU8I5Ger+uK+6ywh+LPu23egwCcrq/rz/9OQs9LpX3ibDfPEu1kBh9RSJhahJo63IdYPR1lfZYdYHStxE1KUw8Thg2tIhnlRTiKSvVM55wnAD4X18bdFhtS425ogtLurzvOkq99DpPkBXA18sDe5FB+7ZMhuaamp0IUm4jxfDd/0tIx2umwbpoiV2ri1hhaW/10kWmw66R6eetBOUPTpndzVMTCS0bfT2Zx6+9KntG35fe/JaDzcYlq9DnXi6oIC+CN1dfZwhZbyX7otl8FX8Jlb1sK82DaRqr4/n4So03aL6vMBcWBsTM4xJ7HOKwZwJejeMp8EPQxu1paN9GVfPtBxnOtgmhlWOQgk2JZm26mB5uECeN4LZifBEQJT6FC3YOy3qLoSYOWwAcMygX00rTbZtERCn0COlbcfXivFXpyQlPy51xwtHi+m/BdU5+ey9dfEpqB+jVqfiEOTw6FgI1LvU2IQ2djQaU7gmhIePTNHl1XqBCMJP6rqaI46lEQE4M4EhS684U+aJWTXU1sC7cVMvsXjG3c9sHhxptiYCd6Dt4Slqa+RDyzLPnB+V5YmC/1UC6nYnQua0iRe/YFA9eGAvP3lIHAOuKOqRG45/lNbwUaOV9NzCDh9I5CIynLBIa8Qy3rjJPw3q2IktIQ2KXMKI4glMbLdHkpKBIYnWnzQ6IbGaN1CNpVz9OprFzKejq3Dhkb+gP2HhN72JqAcAMdZIBgBw6O80Ze1wEyeBDgdmUSZwWaAZguXYOyFQXGHPuHXgIWN5ZVacbqaElFoke8vQso8JBvV1RyUCRNHXt4NZZhyn0E6ypAqFTZAATFPwy8CclResqmjOh3sHRUB0r70utmnYFRdjoeakoZROo5PsqAzWoPPt4+bkBRe8Z6Vk+MsMDPZlUHmwOEJqnKokwqlRCjQh7wOJros694PSK4wgmsobHtuPJbUl6kdjOW0jkhMifx3buuhfKlR+M5pi0xQmYIXxh1TAJz84JpGmboz3xoiCvSqtXF44KlOT/qL6eOQchLCF8buJTcQVZwA9EJlpk8hBNJIaQTttxldm4BpKtcPPSAAHQPi/YHyrBgJ1Jl5aX0A7wKRetLuIsHABXzkEY1YmH++4DnHox6f3l+n2Xru5fOU33vsbf+HhV/7Zsx/4U0//2P+YTi+RSD9sK6MXLouDrMp104wbdQc354Aq61G+HdDSBkt8yjUPxSOrycF1S8Df2ynwilEM8jCFr2GdKeYatyScNyDsicstKcyyAb5e6UckzAHv8QWKQ/6PiJzm7AUS+FEPLOBFjjMw94iYOMR85bwRQ+3gc3OXAwh2p0xKY4G5xnMV6EfCzBR1Vrh30BQUPWWPjY40iYhmQzZnHUWeDLwKxFTAo6n1D5gBOokpn48Q8Fomnx2mITLRVY7raEfSkrzBoFJAGOsDo7sVLxMmBnyMeOWCUAEonBPCQSMx6nMkrjadAsukpUweI4mz2a2egBcsa0bDCBLjrgyIBsl+TCi9KaooWVwnJv+lqIQ6l8Y6uNFgkKZqE5Cd7J9YyCH7Tny57ES0C7W2tUZsUWt1tZbizsxB8d0542GbDmutnZ7iRhZk9ffx9Glj5yaRvh7E/R0eaZns3q+J9PUc0bWr4Sc8wWbaRVqMoOAcOSHYfceRjP7CUnPMxzQ1WLdCoWusbw6qUO2SedNUABy/MVaPT7tBJBFqICrsMsNUcdjwh52I/Ucvx6YKq4t4akBmoGG+nU/9LwlKKpPskcaF6vmiTQup9nyJBqM9z2VTYrOvbAMQM0lXxEHS2EkpxJY8EpDa0WHobvzzIlt/c1gsUWbjNidJB5MfSkpI4TAlkyWC5JUCnj6xsBCiU6gbLQQlU9dQfR4UOzAdtqecRb+EPir/1BeGZTiCplGf7V8xe6WmzAAoO3T3d58RIRrH4VYGAUy1mKyyZohinI+Jv/2PptMNOTx0lZ6GNtaOBfkxG74cbc0GsaTSGU0shC4ThdHXeYdxtS6NO2pzRlFtPtiB8QlOyTA/MDhmGQWUjK1vNiAgC2yaBJGvCRhitmApXK51uvVHvTWIvg6NKahOYO8C8NUdAGdGLD68cx93rIrDmTmtn3PW6MJ8aa3tz7+4f+pn2u/8Gn3mZ3i/CJHsOzfSU8SMApNG0fXX4owMnCmyAj8EY6ksvgqBRvtAzNpOjr+xLMDghAdnl+83JSFQzQ9iDcA6O1PEe1MuOkUyU5ZBmGdKalyBXC01XUfGR2f2aDMNUoOVuONgahjrgGB+3TEkGnWNfLXD2Nc/U+xrapJcBWKc7BTD6SmYJh2VJaAjQkhLMQOhSjIOwM5ROwUx6HCkFIDH1iFgt04w0UGa413ws+R4wmeKsz9NkPNqFoIYP/mXbioGgRUhEvGcmZCcjquoiI2beOrM7P6876yWEM8khmdiQQoDrtMoZcKsfqp6NM81lLVmFgm0mR+HnEqXV0IBiYpJXI1WFBcoK0JpkMCju4cgD0AIb5ajQ8KFjTqQaKFUIFBbzaX2OL8fOpvqShEwF6Sos00mlIu20m/t/bRUuuxDDnX7XD9wIg8QyArkGNzBvzlis719ybSm/n5gbOeL2BZJh0MWcZhyNffpesstqs9nI6EQ0TqMNubA4XZTpzGeDj3VIHCVOFHdOtGiQpDu90EAQmJ4Y4Z7LDJ+j4MtmdaVPmsJNpHmy7SLgVhTZ/YkOkYcKqH2JYCXfIMo6DXRGM/ziiiQKVlFwULWWugJTtamOEmjbhYm54rj7YFZn2C3wCgYYG47UzsC9soAwBw4KG2gnBAO+PToqKVaMuI5vEPkBOMUjG3A4P6YyGdYhwSUptIApCPzjhdngWkNqaV0HwVM8HWT4bOCXx3oc59n5A7pFmiEVaxvmElMzIhSm1kLHHTjEiGqzApy2JOjgaEyzdubZ07ONO6hJPQAxoR0oUZP8jVfMHkoHamFQk5pR4oF0fOnaIRDp1kMi4sNuZQPkFpmdbOS1EynKvker4fBdJeUzmiwKe2Y2u4QDNYwTe3u/vTSS/uzl7a7p70r04X07QBg1DiTyb8mqtWiFvFnwlnzZIY7RUkdzJyJhaemE71qYXxGh9Q6ykxE/Yc8EjIEoqmhKUYujC3nxuWVQmsi6q9tpyzU4nk2XsXcIwXAyThgQnQTJgBnfuquqkJSv6tVLLUZTDIOk2TCQI8mZtMXNQI/B62Og9OkZ5zQEcJy76Myt0msGZAJLH4MWLwitBg3EwYcXPZC51WQNts27bfOkGcgXw1pU2o9zfF0J5vs6pICvwlImVdXwOfQ7bjjVeFJHnt+QlG1mNlXPm+7ZGZChdVUyyjM343X7SrDj2l8I8D6WlOwrDiWQOQGhLPypWcTNpNdEhLZhXdSb9r/77/GJ3PocIwwebAhKu+S5tSAzo8cFHw4UDfjJ9rpkHwW/ZXG8CC5k3BvdgKyENQ1QZIGsfu31BklzkLZUGtZotHMQLvAB/kulE/yHd4/oZvjmxsViZdQONExpUPYw/Bhl4naNwv8yU8yzgsyQKh6/BYChuJLggo7pkV0kNKfuKakBwmw+8XApBjHZqmoKuc8fchDFKiuxCj4kyJahny2uvAchwgcZNMATNohMOhYtJa1vHlapblGUHgQmBAkk794VhnT6oZNoCLk3QuJnWvZBRqHw8WW+KYcXDwQyjeJ0isNhKxg/MP252qMI8GslMHVhGWPEG2I1phbTouHrnBWqDzpBXhoCVT14Tb9M3LR01O5fybbxndPaTtl8BjfZE8zkxnizAKfVKqwjlOz0ABDwUdkDWo8ERiQs3THj7kQnzVuQ0fK2EKmDwNa9dkXDBKQr5mQ42uGf3WXskgoMUDPumM2FrFZOgDaAoyuGmHrCU1yVo6KPC2XpGzVDmnCVCrbtkWqU69ZDULq7hEsgAQnN6KeqkgZjIXWDnN9BTZQzAt6mqK7wthfEuAOgBjS5RWqdYHEozL2tbJShcSAI3Gjrqv7xAhmuYjCNZ7ivNgPkbTZ8LDZHeFgm6laGH2TD+F2TF/3y9AyAGM7TEfJmWKxbsy4RCSh+LkgR2/RnAYf2xfj/MwTm/eyxOhTBjhncnCCisBScJnCao4heBYh27w69Sb1jLYIk1ANsk1EvpdQdTCgPLY3ERFWPuObfyKar4jsQrTTrgtzWRMB14CPTpPf40HJ5BvMWlqcTqzyEYFXJclxX3TVCrx2Mo2kGQSgalCV00Qc9haxH5JiHtrDHsZlMivERlG1z0VUksS7EkK/gRyxmWVoBGaD0UiIzvjMPKu+9zYoVkn1sUbaCQ1VSJiEGnvgntl8CHcOfCv0D2b8WOuT7QyK4Lck3srbKsDRKAbD57ChQ4qOw5zn+qia4G1wSol5sGiuUkFRIAB3CZnCH3eSY0zAP6IRu4ji4ZMbXWtBUdoMJTEswftk3IsNkkMRf79U92fOoqU4i8UOJFTRpUjahzD0TeE7zpOPgVWcASrzZ5rNGJlQyVLu51bVPraYN2w66XWmQijlnKJzMqDlgUTNpEpsNGKchDNJQvqgGA/rUK0YVXGOqa3KLo6BDh9yZwOnvzPE2t5NNGMjImJuwne83dM2fl12wmD81zUkR+nuyKLAdBDrqDJEDQt9YyKBcyhXNqeOb0OYHhLdNAGzJtLksssy+hxRy/LMGt074jYp4I9SFWytc8Lb15c56pUWAcNXxmoZdJXjJlFWiwjkFwbc6KWaUu+W7IUVZ5iZQVWj0t5i2tbXXD/AuSyLFaspWfptCFiOfPtcyRANe6ZEvRp9DlQAreEquSwhTFUZ9dKYfBKK8a2XZ0rTKDyL2g1TmSwxImSOt2YW2n8VtTmZvIpAYNSyfICBZhhkmXxON1di9gh2eWa7oKsINjJWRxW7x8iDiBzhI/nAOl7HcMQMKyaTB11zRYLkCOHJPbA/v+olHelozG3IehLZmoz+7jDZ0azQ1b25DoI1DBz3FkFqIjI+IeKsOaBM6f2wGa1AdrWs5L2D8xrOlcmQExmvEoUYTSNbyTwZNcFIygqzgMcMZvZSi77aA8dgJgoZmpTsDmIMQjCjWUYvRzRk9NToI3MWJm2W2tQjCqRZU0cPTC8TcZEYR4okIjCa9DA1VpqspVgzQ0dId4uWE++9Dw2/IIXrLRIT+5wOUkYDwzwXKmVgNXfG7yliW6f/N9pajfOsVxLg6H0QV3wiguhFnSlZlEHGoWsk9XNwMZjcaPBHmpuN0JCZxlsyC9XHUArdTm425XUdEfxj40IhzyhNcIPhktUDKpsYSrSQQCnF5oDJqxhJyl+jEgsgnQd4tpi6saVcL9amxnrnsB4WDLbGW+NN30KA5uU3TlQrVZXxXcQL+mmBfhx0vbM0xWZ5nSkWJbGXb88JPcDFPEbB7fNB3FJ2/v/w9t9xtyVXYSC6Vu1zvu+GzjlIrVZWSy26hRISQiIKZCRLGCwzGMbYnhmH37PH6TceP9vPHmcw9vjZ5gHG2DOADSYbyxiMQRIgJCSUWgnl2FJLHdTp3vvd75xd6/1RtWJV7XO+Fp7dt+89Z++qVWutWrlq17FAXGknTLXHcDkIRIiGJaBaTVKvUma/djIgB274xI7YTYP1824Yeq1AQxg/SeYnYQAG1I9QZDBtRh4+7wOVS7nsiEy4IWNJaRF8myWA2t1JKxo7pBXhEE0U5EH5hnK+ifiQtjJqqF0OefZiNqfcdrgF04DcpS8fWMvFzemxDrH6IZBghg54h6/LWd/SxbUV/6pbv+TTQVuLOvobW1YbK4RQMxsj2n+iR4fLefOADc4WsVCIcaUEjV1UcqyTHMEp7d2HBvse7k6QHFvaqMAxoSh6z2FzwVbkA+VdAOTTpAjAvDk1Fg2rpOUGAWA2uQFb8AK9yjECBAdMfPwpEsjhnyoYjLYd0rxuI4EiLv/+mPKTIzshsaJVD6FA4N8LkOosmY6CQWnDXLJsijqHknMausykyDuh5ohjtXcWmpEobkTGyI2sSW1j34Gx624Fn3a9gUeswj/YB8Hv26kUOuL1330djTPRHT31BkdsPuuhFEGKvFXJ4cOOGSUvAzqPDnHSz6Q6YzBhI2+4oVsAzAlLRnjQ0sjdHRy9uixyiDVYiVcp8lnsnuvTt9i9kYBRZWmxJXFx7CKLLmixcxcWPZoB+oPa0eWONa0hKu1C6FS3q/yrmXRzsXCxI6nepPqUvboKmqDr/94IyHMxhIUItfwWhrpMF+/2bH6PDwVE67j6ODMEgyIPwl8RqvEla45qB8WfBBoo/hUKdpez4ohmbLWB4jKgCCDbK+CKn3vnVdp136nrHc2H9l8ZTF5XJhOj8lHKJsYTYIiQJkyJQHp6iqpuaxyL5pH9sDBtQV9sFoqLUmFVtLUJFJYcR4F9dSrIZrVr1so9a1yNKFlJIN9ycLFV4pVHG3c1VoJqYVfezme0q/h2PQ7Ym7ZFV15HzAk2zWU9Dt6gEMAKa98et2DBcbGHmLYCI3+u0ypAdL1DMGLSDz6DzPWMcVDXAagB9iWThjvW7mvs0khwTCa51medUABoh5boAYICqPo34Yu6+2puAMwPazF9gXYeXWfUEBTsRt/PmYi2c5FJNoio7IrUtAplNYstaFfoe1YgjB4SaSUD9ZjpAKdFFTndtZRal99gJsh7j+IhAMSBrWUB/iTOwM2RmQ9rNe1kBBJsS4nCENGpNMUJ7WZ6kRAb1HpE22mLcEoa1gaw5Q663SJh9PZr3dTKtLQYuH26XIPIxTF37CZCSTpJbqsLD5dKQg0ZDALEQu3QoUxEM2KSQK2IZQrtFKnGglbZIPfyjX0/Uxoaza3YWjh+0vmxDNc5rqRg20KrDhOdL3BXQ1mshbUodV0ONTyJHo57mjhaIeuALH7BOJOF1tNztfnQhBpGXCSlJyjpjhUB3XgJC+FR7/JPFVmPQ7AnNjW1sMpf0VvpB+aBjmL0LOBpqRhFeHXa2hkPJq5aLRNlUQdbIOdNDPmdy6HAUawkxsViS0DpAaLDgwCUzMoipaW2Mrwx5mhBttukuXsFT9d1fKO0swXF6q7HbkvUFGPBWgayx2OSmRTmKkp0szR0uB8YLj6LY3b7qyO1UWW+yikYxGAwj472LlYFQHGOo15h6B6Z8bPmXXHSjTZBVNqY3gQsF0TFTIrlXvVSYrqkKVil6BxiR067Ql4gyHvSmEIBWHsZs8danSBNhFMZycb/4o7MePZjdX/ovYhDdrA73T7thtyGEitn8fzsTmBvnjUQ4mt99YN4W8v7kYQGU7+kX1i9jLEOARIxGlVrKiJxtB1WySMVJNbquTTu1svCV28iuIvhnM0meCwvhhR/jQKsSICdI/EsqEgz7LRD1Rglk3zWbWvDfg2RRTLCMysoXYMErWu3+Wp3xOZpUBgYeBHo0dPe6eyt9dyEsdRy8+qW6mtqPEtLNrvl3rjpYFCP2Di7a3sJDvZDr7U3Fk3HLnyNyQYpt+AWlDDCwsFnc7dmOcuINVnxwmUFS/8OkNtwcM/LG5QxEt3TOWK8FeuOjVK4ZogOpjitRb4QefEjIcGZ2QijH41YuP6DSgzYdUUQV5ArrmV1ElN1gsjKW2KnYUgzuuU9496zKJfZjtX6/DbIBicA7cMhbj6Yd/dPhHSLJIbfJIk8wig2cXzoUUcnUooFRN13jdBhl0G2VxBGNryNjO402UNErRbF/stYhiwIG1dIzZwPTaEdrGWOF7i9mcfwerA0lwvxdhv4mnDOpbVdt3OSKaAac3cEJgRbyyW5HuihjJl6kowVSJH8Au0XDyXic4KQoI+VGuu+LA8sXMmlO3ER9oM4OFH00gO7FD+EY+2aWhYY32XxsR/2NT4xvLF1I/skQjMRN9BSQxloEQuw3KzEdSkgAMJEZfEz/qrt3iGOdGiiPhqY1jberiAGfA6SfQKkiMCfgjNKhkcvxNUEWxKN3qSMxcO/iuclTMCbcXZfSzHwwmUMZaEEFodbnrJyoyMfVmZEBkdS1JQSFHBzrWpsYgIUTmHdkrWAsK+nigwaB9N0Cbj59uhXY3q0dE48omaOa1bJlMcqiAc4Gkvw38cDkexbaE5ek6/kt3C25X5uVNQb2TOM66ySIGk5oAM8VlhHlQ/QXKXR2g7NwWSb0L/4pUHJPP5+k7tbMh5XjOuhKuP2a64ik6RyK9vSdPBa4/H2yKTlLdMVQHuFfJ40ytdKR0WNf5+wmZR2cSY67CamJztxBmfHnyIAvsrDVmMQKnUKydFuq2WQBoq8S8grHHM+EOlRHHAyvyOmiXw/BATIxrwjQNIXarD6F8XUdS/AiA9ssIpU4tTu5o/mnBfxzqY0UznZ83piaKPVi9GBxdT6FL8vk/c3O0MIsdZqMFdR7JhyvonIMTlaMOUu7YoLFZ43NQRuprXWbzdZ6Fy6oUXGTESnAXRgs9ohpqSxqGHzpty2vPVPAAEgQy7jmd2taBsJqjy450f5v1czCvwcFUn1KSDvyTSYL1PYsW8l/4831bww5h0ETB1HzVeZFzRGll/iQesDzEAq67tqfy6y8gcsyYS4LJ1vIv+gsehLIMaiYE1x+CqWOTCyzRgpanYJseTnTtAuLJGAgSAwhuCgieE1/kVRAd+SSyok8CSMl4P0iOruFQu/rJAE0yKjhBR0oAUNwrITxrWPHA2mtYR5jWsT71soMVY0zJdduDNotzqotCNvs1Snr5Kk9lCkkSGYKTPSTo0jkakAIwjROoVObjVVrKn0J4CMq+20Wk8Td0BetmvpxQDaOcy9o+hWZdo2weDLXalg2uRWwxJjnB3eIC5b4ZcHCCYo6eHr9qeQi1UsCa1go/15bJZXQVW8ZGANg+CxXdYFdsSF1B0bFoGZpgW9WxLv6G462xAaFKBm4CbbRDNH9YOJC93LPnwzya7RhUtyrU5Li7egVZTA2q8FM9TPlSt/lwMdVVuBP7bFexYVhs3KYW7Bhe66du4mVzCWez3C2xpjC3qBxjZqtEZvN47B9YqxsBLhtaLnrBUbgwZFUrDDt57vD26qTT4BWuBdTAZ+UjPq9qHpPtRWDMh0rlCRbR8bG8k875mHYPWc0bSjLKDSjF0HLYM15nQ/fWoH3dWtD5d6jOx55JpDYfM49nW/N27MW62G9sch5UWtPJn5kSbln16CKbGeMVlgoDfz4x0UmHpnJ/fi+3a6WAbjJHSZI4EH9o5pXeDmTlvddrB9A3yrtAOg+9r5TgmyNeTNoNLRhQLB3S9KcgjvwAZDg/MkLA9DDrOU8wyST3/LWAPs3d/tP1uLY8H0oohlcdipoLblzmbk1KHvdVq9bn/nY3+jpj36OYwXAHMMWwcEN+qxkPhDr8de/BtfyMEg6bee5He7LcFdZKNxRl2X13wwMWQ7X2o8XMcaTnUnVEkb0NgtNLhhd85ATJIKsks9TjKVNmQMeNZdPkTp+DgfX7i4feRhJAKcis/u+KSxGu4Knh7jtY+nCBWNuBgwDsxUqN2QgztU8ekmn2NsCQYrz9KX/K2I3smvHSw7YXZTFGoQfAYUB+Hb8oj7BQN8/lCZBlsx6ARC+pgzRzdVZJ/Vj9WQIagAoclOyVd8PP79uLy7jCMYBLZaNCAM2q1z91rq11KrE9Z4MSv1XD5CXfllV0FjGEG6KXSkk/3VhvESRNu+M2iYGjD8LFbekx8mWmec2wXgTRd0DjhE7GT5CQYkQYttta11EKjCQyCvEvUX/5Fft3P2q79T3naC/sQ0zqf6RpbnDtQgS90xu9xz9VoeqmgQBuy4oBvJ8u5WarphbGCOa1+qbw6LpJuiqx4UQVqhImwiOiG7osdfuVjglmo6trteenKRC3brTaj1xGJKdBDLGMUIzW+9CJKOyWQnscoVamO1AW3uJDpv7yMgmZJ5T6N9TME3yBoTRdcPypXUSiYXJtm6sF22WtLLZ2IcU/wyYigH7QzOLAwznVEF+xUlX5T04i3aZpv4AXsGPEp6xJFD/JylowoQiZkBs2QsYmEPbzlBqGZMGQVCo7634aGzlyJh0RsButcrpQ0agWBfzCIjvas548Z2f0mjpG4GVeU8kooX8tvVVarlzQhBwLwpQQaUWj+BW856IYO6sX4MgiwFLMpegyqAclBHcTA9PwisFfKo5TGZNk5l0TWRo2c0opIAiQMUoTdK7GJ+2H3a71LJrpvQ7FidiAUx9BMfQV2LjeYNYJCGDKH53FuNcB4zfJC17LiLG13X0JH4LBarZQsBkttlUAEaYagda0FY1nLt+rbKNjcqN61+8MozqK0xDPABg5duvVv5XN6cJoTpzDWnn//t9KQXHFzxBJrWiASYzMBokFLkBQuRSvOPWCjP4kVpFJZis9Wxu1gX5dZDKdFIyEU7Uq3i5IN2YbqJ56117a76jL/WKm3fFZJOpXKZEZQZLTzZy5kuX6HctQfMMvpAEaJzMwE0SqBr5oKtWu1GAIME3d9b2buBtVZLdUjXwZ8b1JihOJ3GwAWbLiM2jKiPepQ4ubH2S5SzTTVHqWAfTq8NBrnnmEQ8qvwzCtQktuoQxebJqvgQAsuxxb9Dy5gEe6t2MX07mQz7aQslhjhcxbeeqxNKYX93BJNgPI33Fl7QXFpr7JJEGw5xVS9jHQIJKGZOMHCI1fboPN2S8S34nsjEtB4xeNCAj20KRpVauBYp2yW0If/UUq47JpDte7XwaDZCV644cbYC07qhppYRFU0wsDD5nqS9dZo5elBBcqBIM2nWxpimBOagGw4AbD4pDRpFXXCnDJMUc7I6iIiCYOEy+o6OfpM/GE/P1lBY6ccHbH2w1foKB90OX5kYkcOOxZawy3Ygh7njaJPGg2MecohlqPD7YGMa4IQM7V1LiDQKWYqmwZWOMrlkH0I2EYYOYQYU763JpX3qlCwEYa25UKUWvTNjoPojvwsrkgwRlxrdlmKDV6smKuhfvuzFsabXU6NoxmCiICCEG9QiA+wDfuvFWW7snU5XuEXEoRNaOTTcq2B5TvtTANVvOcGELhUuWSIzWQK9NbysSqz1NrPWy3miMMV9566PWM71fpVsqtgFnz7KKzzfx/4I6iT5akukRU09G8ECt9vY4O6KWbZG514HYUY2Lr1HoztPzxCKIifK8JBB+S3nceYc5wWqBNKSDalMdfc5oeV9KxsISJgAME2nzjzjGyFvIK0JUjGfQfUYMRlLbtVp8COIxPLsVFXuTHy3/CH60DQfX8UH5WwMcl+QwljN3fJXx2GF7KDxI14+69fU9t2DFH2TVhw08gFFQ+SNJyPfZlnv9sHNi3rbxamhFUZhh4mTNXQJWHbUgaWYf5pABfMkwmHw5FCP5zn8IATtCMBHFqGfRPEsYnNzD0wHmacMehKRAoB9OYbGKFKzHa7FpqHPPVSwgzZ7UtHk+ZbzEHi1E+0eYBvjmQB6V3cTCTVqln3D8PfitZvzFD+0Tczo+7Bjv01mO65R8Xg8an/Qk6JCg2DQ2RQbp5JKb4lnTJKg/QByC9gZ2RPiiQCIqfycsR1ybCJIpWw8GFPTREL1790TcSJrEoO/Bla3chTEgV2ZCXKaIeRjK5zW5HYZU+fclQuWTLtqifshnF2M6URZNqakMMkNIRnGF2o0ULw7eQhIbnLdtKg5GnEHB8Q106TuoG1r7bDGwLwLMYSx1m7lHF5CkFin/N+G1vGzNliaI/RIeGC+44J53lPPe/DqfWcXnYSwz23EphFvdS17Ok6rRYtFau9Ad5lu9DsksbcJPlxd4RlF4Qv8xiG0x3xZE9+GE8Tz1eUVtVLkL3L/lP7jZgySa3rjC31E3gVfCwXePhhRHDrN7nBxHDtWtWxooqhwVaVmJ1yLhQSUCQgJD4mkMJ8UMLEadICezPe2AJYi/ZSGj7rAa+4QA7NeUtDrz+9auDgkxJN+tuzSkW3voCI15/Gd4CIThbZA3HDy2QeupZojn/fExAutzx539g0V3eXLR/+d5zwXK4FuUlALRxLd4sX8gTq2JC2lWQsOOCf2a2WxbuQFQiD2aevJX7Mm6as5TT24U63sTYZ47v4oBltHApPKVkM46+KY0jiJEWAbUfuY+MYB1+MC+lPbLaW06oRBRHx6g81NB6rt4metXehyGYqPgGpjcbW2g9ZrrRcPGc1iMcxMawgn+zbG2uQxJ9EXwQ01YFt2FzHawdunC212XsQxcFee24Umsl+tvQMWthBC1WoTllf2ZZM5x3ZddNisNwMaGQFBLPpvqzcLrg2gnneLhpEseTYSEpGzY5C/0dJiFqDMEZJeSQ3d6i/bcNBqtH+3vtkM1pDZESrT0uqkm7t6xrrfTTa++qo3sNgto0pHm9fJOlinsOWVRRZzJRRoo0Z02xlFpHVrkLXmcRmwWSy18Z7ZqGlGAF7/MClEd5u99GzjGAFef51IcYwgnJMdWAzUH2lyNLX7tJ0/RS1L1DN56nRIncAyc3coBjrdtR3W0Ky8C9PBHHhO7T728Mh9BeNGA4FMQNhEx/7LDNCT+tblo0n/BtmRijT1mOPKN56BjlZvhwMbOi0xTitLpImpeF2mjOo1ZOhKPItQ/XuDqvOkxjnGoNa0LmFrX2y8uWXuoo2cICJiT0WzdtxbD0nHbBSK7pjDdu0IUYO0GCoAgNs+2iPIvP7hDPpOHy6GJexyV0Mkvyhq7SK3dIaN7QllgkxzJiDEBJDqLxqxE63GgxBNOFaYSTrPVoIiJQvP+otGpdc4i1noJbNoVQzNhgvFiRqxGd/seiJoXb/p66uu0L87YFQwg116Ryi5msggLBfXHNgSzRFoXNc1PsOLhd9oOFbcuj7dut1eaAhckd4LgbjPnuyDPgTR1tCj4DpKkOyFvhcZy9tt3CYb/SsM15WYcW0AWSaX1EU8oHnQ/kCbaasfwpm6oc3yFdLL5epsRLxRocV57Y3efiM40S9WuH2GFtIJYHR6Wz8jemkbhA8Opb5BoX0V5zEXlUdyvli1Wnq2NyZLog+q8mENKr5uxtNWo9Aux040rc086X73+gcRE6W0VNirNlMNhU8klxDzZYodExG67NFyz4b9ntgyNySfUJ2PzbAWAlO3KRcwepde0LmDWOq3cb5zT28YYFTi9hRvG0+zfO6yMNRaYYKuT91trIxbFPU40aW5S2vDGmi26D1iUDQMJ7dYHLoDWDWhjs3Zd4nRZRR8s8UP0Up+XAJtgNZa2cK4u7FF6lmytkBgeV9zpza098i3vqbVFoEeb7bY969dAUUgeVDwGjbG0HYc5gWZpaarszFGxIwc9EwOmb+H8To31XDadvZ4Lv9Mg+RU1aBUmk+wXcwM35uYEt03NrjTW1UQatBPRESZiIXLUUJxtE7iw9679uh58L1d1zI/+pUag5bTpu7VrAsUrhFEzZLAYRlhqWSd4DKhxQh6SIXi08ccMTYQRtXqblJW2jddvLkwzst2ixjsJxIrq+W6fGd/qIIcPR4xZz+IpG4NMDjbJZQ/Ygbuu/RlzeTcyhgZxa53xX7uBUEB7kYMdTcuJHRWwARsdzB5FvJc0x69mHItgeRW5SeD6UY1XTkd1V+7N0Ot3azw+Kilkcu+SIxqKnKbXP2kpaS3NiVNNVGgwbxIW+xWkpYzt1CuNhDismE0ZRXnnWsFI5zdzXJn8UTygJhZ0xNVDL68Y+PcWhYAEFn1cY9KkGfsg85XPQTEnWAex2pkQtYZZIFaGFGQc7gXb446pOGVFaaUEEupV91GaxiprpLJ62DQnFnVMBlqNGHKrrHEY5ljTcqukwDsM0lJYKC2TRpU7SnaCClIvl3SwXqCrlk5KFCKTfMKbha0/eJaT+kCnoybDk/sE9iSxOq1U+EKql1NEsBxHRJcMx8w+mWLrqkWURF6zShNEOaYU3tFU8+W3JADVR48w8CYDtOyZYuzSGpSAUplszUsFc+qr1adtVHYbk1GBBWOXxPzllYILtE3+0ej1Io6mO2vZNMNhChLQmxdTbXTI5y33qpRvRA42VUK8qmO0jH2mDpDzHGVktYaGBIM9dzAJcm+ce+301S4rDQKHOenrKeEkNGJRC7EADKQG7rr1gUK8cxW7jhP1HKj9hanCRReZ7ZLf85AeZRaRAz0Vn9tgKC42cVEVn4TZhg73pIu3Yqe8REtfddvcCiKUuyhxVkiPdGQwLHSSD2nMEMk088+Es0sAtUG1IOAxN4hmA9FYERooieyYqyW2YvrUrQp0b+JVdDNkaVUPopmu3E7rqfaHOqmHrWLBR0aeFttnVEJxSU364d5PW7IwDpCz1C0fFOEi8O034MjGJtNe982HgUkxkN5a8+WC4jqdJBRwFHQa30HqYDJChMirqxJQf7pJwBuTz24DmX32ZXM0U11URN2thZJcs2i11DtCUiQ+YAmsYxX4KZEY818E3hB2Xk5sNyNjYMdoW56wwSF3m7m1gFvdYCF2wSaOBDcBRUd3WyjanVvfpJtlzqWxbDHOjTHaJm74g/34UYNXG1EA15VllJN7/KtOXMS1XOWC/mD6JRCZBdhRubtEJ3fntM2dlCXSQ5awmAe7QOy1C1aN0tB29Jy2EbJbUERB1WndnWUKO7yGtgXMDxGG9PrDn95jDXxxOTDg+hlzI6+XedCERta8vYhYNediQ5cEy4bfNTPl24LSV2RRYk4HJ7BEdoJxTooAgC/uTIk2yBA9axgy3Y3dnfdOzyFQq7OiD8qpLm6yTAEp6uz3wzdsSrMM/HNQJA11ACATNnvXI0jAkhcxj4yuChFyP+2qr+ixbamY6DQHePMKAZzGI2GZgU9sN0BNajoiai9r+lsp0scUqJvszmx16Qv/M1Nb9uc25J/UStWhRM+TpPpt1FOIQN6V6ndEAlDWTPCrDRJXTt3aklsG2Nnh7a9a6zaaoW1+01E2LACgMpOOATgGpFFlWko8TcBnxQtoxeFSKh9eqqhlqS26qt5oIxUbCxQklGKORmaIPS92jhhER9khfY3MTThnf8Myk4BVd/Eje2QTgXRpn5NW9C50H8Q0dbBiCcKSpBJGQiAZsAJIJf4U8yBtQumYkPtSIpRI2khiVpuE3QFfUdPqi+veZ4vl3S1KkKUUmrbD/2LF48SbdbffG7pYhK6RZzyvYGvPGqJRT5oE/oWT+2SsxU98n3lrqYJ0AnYqsi2+YLjGAJIyISIxPkjkUAwODYHHbdmkNS98vsCvSB+bARHt8empLIhth8O0eth5ZWMrg/zb4i+BFOyj2nw2QMYYugxQzlRExHBLPIREVLdZq8me6w/A+/n3JVL1Fv3syfa+1+LMXptEsMwi8Pu7tKt7KNcHiZkMsspRO3HPBdt2LMKoAULh0Rrm8tf3ns5azuMR8Od0dwNHadtv0jUPtPQMVJ74BAaiBBaaezrZj+i2gPRCoRVqioVAqYy2UudiEZ61iOQhtmOje/ZXWLH1HlwATbskMYWJY1tXD/3YnQIttHAwX0U5iTXiNvC5ciQZc0zSUoX06Xkc7/L7hsXKY1z4eVTat8RFAtbET95dcLvGt1l08KHcA2ozPJ0f2uPbi72NAg2JnBonZD9e8qdzsiwY0wS6pXkDsJYLE0n06CbfLrkrT+4MUAdRxzwR4nYmkBrmTWNCUD5u6shixcZ1WToVCXfetZOt66lKqaXRNcHA+4MESWlZDNqWI72A/JPPZcr+8PGYvWzyZHKZNlU2LX3Y3WYObTHPTjsF/a/Fl5axvYMxzZEpkwl80w5peM0JawZ1z7li5NdvWrRQpsOygudF32oScZ2oddWw2sJhnotTXYkVrxNrWuUM06RAvJj3ZDhl1IhW9tYji7A+He1Nj63FFABvS/p2jsKtVc9f6hwd2Fxtt4UzK1zxaacNgjjjDlZjA6DTpVdWB4y+io+SS7OhQQQxykrBsAFGFen8pbIojHwCo404mgDSyzT5BJsd6FRlX6qTyo+zvH77pZwDCQP6k+2TUAg3hkh2kO42yUAMMsOzBKeErO9z58z4aekrsOMKtO9kjlUC1JbxD6oy0HIGm7E04TonKyg6SilBsUPHEM6VQDiMLxp3Ja7/EpCL8AwwmmTjWrmuHwYybe6MDiC3D3qlc0Mb5mKQdYdJFwEVeQhuGbtKCBVYix+WqqUd0or4alA1ekTWZM33UdhomdSJRB5l651eM4blcFLEmJtJE+QKIgywQ8Zj8hquK38jxGyJ4Us40Sm99oK4St6vhFLTBCYbijpPYiZAtRJIv4JPgYf0dPdd+FHMgkgrM0aJXUUCSnYsRv9oMQLDII7CWrUuNXc7sInmWO64jPuZlyU61mD2Mb2eqlwxqpFGAxnjB3qQ+70svJpqeK41shOdDehR8ud1krA+BqEKMymJj5R7YvTxPDKNzTf/HgGfhnaDqpD25r/iIp4s2cnu5dMWUDMW6yejvflluRZxdqYIDQtyY1iMh9jAF1s5tr3ZMmGTkAJkpqX4E26e5ulv7fJHaHyFjvAgWLZOXClehJWXEe1m/BDBrKrPhKpr1IigUPDmWWTWEAI8aLxRgVZComICIno+KHt+38RP/9BvO726fZXwfqMscQiBiUg6BiNlmmB9iDkwVh6wZEH0Zx1IjdDoiG92g20v/tqTQFBWfDt7ppBGw80XG1JsBsExuaRWnyVaR4RAucYWrcFAEDqc2LpaiGOHccz9mlIPoOTAdZcMAGSCIWjl6cw4uPKVuMApnm692nIZKZq4EMXhun3akqGw2vcrDVyoWNrtbvx8YkGbcdCopDFosxYdBzUSU664y/4RQ/QoLzk3Xd2l7FUq3r9+5jvrnlQ+5Had8x2gtnjojFzVasG0UB7tSIExudFp0XUkqDZ2kIMOrqoqWq0WO3NthpDjYNOzb72k9K9r1hxtKOcFJKRSiP8UPM95DqQyFMbPC5cJhOzAU8dOQxqHvZRXRgm3mh7t+fxDPx1bGNVbT8OSzS2Ezz0Ar5BsyZuDlcbMLvmY7Pf2Pm+/fFLd85DjTUmON6+9tnEeNcVdikviX2MC8YY6O2eMtiL+jIQDcgg+dwnO+pi2E3E/3tcNJ7NAZ+DJapJxngEl3v4bv2vC7AeGw8We3XEadfar8s2yd613mHP8KzkPLvxdD36m2b5LbvOo44p6aO3l1buVPLH4JcMEIwyKYmib+QfL0L3fwqC5X/KQJlohpyBMuQZKNMjd8/v/Nn81p+hu34BLp5HAqQZKavwawzGH5pIMoTK3aigzX/Ib/q2ab806tPoKxTm/oAlKqj2rmGzxFwtnIb5teLsbfUATSJzmlgpeccqpwVuq5I7jLmnqzv6Y7YhrdPsodFLs/Vpz6pTCCkbmMNH/PsrLMuVUbrwDCUnl+qpqwc0q1KtxyJTWnNUccXAVdps8gNg13C6WT7KZHD80cYE0Un4mjr6VV9f4Ndrp1Kgb6SEkGmqVn1JvMp6SGE3v1dAttxEdgizuqIQesWe3RU7pppKOg16GpOpuDXY1t91KG8OGxOL9UeyZDSRMeJVqzr1oBNBoXAklZrirZjQvjCEBfxe+sQjGiRBhSdwxvlm/9rwcItO/TYc2tSO/Fi9MpUxr1qmJL8iIcMST1z71GMHEIB7JF1ds4fPKF8NGmQBEJGq/Fj+qVmsk+pmQ6s1aoiAiVUMEciUO4PYoqn/LoQpTK8ZE+oUNIsYxjb6kez4Vg8ZZfcid8sES3u9SaFNuTl694mKipXCsIDakU7YNp5LrqNdzMOmo6EFrKKF+4hOHSwcMAj493XBWIzYz+HKTY1mQ5jBMgivSTh5MBZPLFtk1djxqRg3kmZ3xFS8mzd+W0WwYA2JKjxRx8VwhViiI6Nuotm8uAndK9Nu31sui1TWs3vHFEyH+nS3KuMu4pUixwowv/hi+OkcQX1XE2QDsvgmbbO4+krdWAXdBHs/P7DV6JaHAk8iowQgEVlV8hlAaWuRISDbuLQL5+o7fASeH7rLAYshAB/FpBiZ6AWUIzSozAZkerl0xaorYF1QXU/aLsUEE+S2VABYa7P7orrQFrMsL1Ci/jEoJzO61WGvsxYVZM7Xnfjsa5FmhITzObx4HvKE+RhoC5CBMiC6nUCqnhIKqTSO1mnaIL8/a42eFs0sz8wMBXseAkB+JOLJBx1iq1YNj+KKKNt6sXJ1aPah8QxFhFblw7zFEIW12nqkxi9oZ9u34mYQMOGqfldr0Iseg78W6SZTIZI5NuNKXKVxu8/j6pOSbMfIEDqXmnfQhEuGL09Xnm2cUhqNtOyCdkbbUfsWoTU8YGfINx716WCkicHeF/EW6n7HJgrxnmrQnn9X161vUWhIItBQGEURD414dtEgI3SXsBcgtC62lbaI+yCricGMHXQBgcFpAT3fH6MpkZlujr3z0hiiO5vBnwm2UcRMDmOjSYdjH+qI9vq0/S21QSjW5ZR1rdBh5omvEaJcdPCNm0nB8pqNQSsGy+2IIRC3KQcBHydQkCh/IXvpeq/Grzje2eED5RCFOPvGbNxDH5fJkpHLPxr2629kBfXZxShBfmEsEWDG0fjw3m52Mr/TXfcej8YdW7leYwA9ndQJOZqYWHNO3VUWIwziGNa5RolQvUMd4hNPpIuPlabqbPuxeLjTCdeGPsYYoN5xUx0kOewoA4QPHfRCz6gy+rV72fx/GasAf5QPDIPFpmX174huQpffUGh+CCfuQ4eexR/PjhvO7ZcPee+Oa1hos58XbUuUTb7ZE0golk8jOQ2D1eAAQJbdjKzpLh9g1CtQLC+qcEsDx0RiNuvqXdVJmh2zDWcQI1kadIx8GUE5x3XEw512O4hof9HVpDrdSEnhcA7pcqtgxzjkIzAbar26ySi1dEhGIG1BARFLRkWp+lbKAESUATMizAiUZ4QpISLUlU9TOdxjFwt13GXgAPXexeiqDHUOwu+PqJe3Xd0tcsvVscpvDkjqvcbb6kKCH7ELsZv4wYAVYN6wiXiS4FSrY2FLuXCsAemPMNwzBkZ+6UwCS7nPgMZxO7EL4t9lMFI6GrCmxE0sIQxMrTVz24T4lvf3HcpVLku2a5UwZ3LvhxcgzS2DHYi7NYlW8EnytNAQRUFI6DGHYFEH9nAtw8uFZePokLMggPLuqF2/9isWiJgSYHm1rXLGomcVK+Ji6Efu3rZxWJW5Y1bTiIOelgK661S6w6aUusgsj2OpCNViKXCOcXAdwUqUDuD7UlU65MMBEUA7ePMlhXULpA7qoS4TvkBIEXhETF0IdSxeWOteXKzqYqBDN49SSiX3s6UsyVVGRFXjY9GpFZiGRaNLjERRByIAX5c1CWj1qYBpHLF49IxsG7XVQh0MtXinKgEoYqA8j9tUrBuPt6j5YMeCBvMI1K4Qe5zJf61E69FJBXiGnuEuZLZxmtey7mX1NFDhq9SBGl2yYg1swh0ewABvxXwvJ+1cw9j8uScImDpUqzFgrraM2zd0MO2cpUXMYxOt829T4gpwSFxtnPzXHsI63Szc3S77Xyry9q3C0KaN4cDMNrZ9ZGNOjU5AJMSwUf82JCxIM9r25VTYHra/bxcq5urxMdqTAaL1AxGSnNwTZt6QEPr1kQE1WfVnGUy/BJh6hXGEfpzAl3axUtYWyqQONSi/1EZgXHAp91uf1WnMMYZFR8KGfhliPAXDuNwYds08l+RMZR7NH5DwBBNgQpwwrQAnTBNgytOZGbaAF4GOASbABDghToATNx6WaF3+3DP14Y49/6l1AbG6VP9VJ5twIRr00LyMlrFsAGx8nHzoOPlaFoBGHnAPNR4nn7Wj8bYm6nTxoqFIScodRIeoLEQgGpAvtOdQcGmMHnDwxhmghscBN/RlO5UQ775XML50gW7gJu0EaFAI8aAFF24CcunHLjOQlVqSYrllWafSUADqSGjMIi6b5uWCmZQHeFC0T0MXb4sNwsA1DHPDDoR8cDm2AsdlfsAo34bUEWI25+wUCHyzcMfiQjpU55LZ8jQqhrEDV4GqXOl9DRoqxxr8kTvGrXc+YtgnVS6ORER3KVRC94+9j/ymv4RfVeR9UmqaFwaQJWd3bl+aYWeJTIglE4+agBg9GGvBeRbGSwrI0tU+arc/aKGuJ1osQr7x3qU7LdWqcfBWwcSb5nbqWlbyu1iFWDCipejWWXZOGBvWWasFVqK8dmn4AG4+WgnUQqyMjO5mYI3RBR02UCfQQgpqobXLpK6WYuzCgsoEG+VHAPQy1nYPMhlSnWKbbJJDAJBzN23wimabkJUJE9jh8t6Eft4lIHtKbReTg8vb52qdnXy3Dh6R909KsFNHB1AxMejJHRaq1lnb9a5WQ539HEfz9hrJTMe7NbPZAiy1Eond3YqucUWsksZCQuVesaUqCgNL2KW9xTMQOHKCrWzvTNStYXeC2wBv0OOvaFlUgwoXciOHZFhqJBTUsHoDQ1mXP7tpqbHfIJzgogBzxpAxaltxqJiw6PbilrIEU1pyCy6PRmNo9ReahWFpg96mNHf8/PpR+ma/u9LI98O8sFkv5k4+E6Y552MCBDgmBEw0b8+t1wirUwA57pbj2G1p5nyIaUMvcXnSrM08sVHnYoFaXjVIMPku2qmeLAY8I9zZ/lN5JZUXneX/6GKsmHPNIiz7W+r8YDEOVhMdJMRLrHSxdqwoi7yO1irXTh2Ux1GXWFzIPLK2pe+aQ8TbNc4MJc47+M+GpSv+IVqyTVUgqDV7S5frvtBqR4O2hwuI7bzTSdDrQoYQOApk+3mQqJyQDD8yj96JemxqugChs8O+3waM8i+3J/vBG4+mqT9kdZ9LBLTbid2gvRF94Qn27jq0rVsKKagyuWF4kOexGNjlKP+TieL3ncvc6zdjBAO7ebFJAStozyXzT2MkzZf+qS3UvBgTkfLH2HpkW/SdM97pMyK6AX//20vM9/LrRhyAsHspT0COOQTWlzEKvXmJSHj7M4zOIUoTLNzkztxi8B4UtR/N8z5vm3sdqXbxTBfnfQx7GNc1XigPSaTVxr62DSIS1t/trNJJPFCYNanu1aE9KVUaU2cg4T/jDCeV2NG1h7p3h+OQqBfY9SpTo9E6NqdnH+TRUuplb+4hEvvaOot2U8zaq/OoofdTNvCqeTtoqr0/trvw+VLhREweG3pepEdDgQn5arDeMeYRtPol9Tl9Q2GdRKuv+xC1IASx7DUyg2ah1jWptiQWU7rp0+hpO5xLPoetapxQUo2R9evep0wARLg9etdPTp9+L07rebsBuJA3F+Y0wdFD+Ogj83R6fuiB7X/9W2l12YpmXE35GDImnM+vH/+c1Z3fAevT/F6oHa4GxSMCQ+6xUFfrmR33uzo+4mx5tTu+93ovpTqblUmBzvTpgpLdpKZeFbFpxbeC7LDBKEgDSBDZvXDSMGVPk0gN8nvWjnlYmy52Y2+XfEJMQSl6pWgcVqUDV1m0IZDc9ImQkZKQ/9har7QBoZmg7vIyN2WyPZYOgKwnWIJdIV8EAtEJR696iva8HAvfM1R6aheuQYYrqqJYbow+PM6H5Z2EEUxsISWkjgp/18Jmt14SS262+OGhkW+gUxAgGCY2jInDA/K5BNDwkUAXZxyLAJDrskV46kSDBBTk+QN+um2IhlDXEkMKauA5UXe156jJjRD6D5q/GYX0/DDYNoGnzHJpUaDJ1KBp21pbYL/Bk+hGBXOQUglhtbJoDC94c9PKoSUEK7XGkVvOnCReCkVrpbBnOiNsREiJd4Og62yii2hnyUfb1ZCATJvGZmigjfEP1Q2b7lb5rfZH2oOJfhsy+cz6+r+kaoYnUuXlUdxk6ZYTU1OQQq+tPSOZc1zCdFuV4rlupSKQsFTzajAJPAQzU04RtOBinHdjzPfz6yCkhSXu7geH/q43Evlfjs9GoU+jICPb3nPnbNAAil6rMWlRGkUtPjJqirDUPtXak9DleQieezEkMEayKyHItHRZYUPeUENUvfCjAPQ1Vp2vFXi56WlpvYYDZbXAQ+gGGBZsuD+69kEg57wYCYgtM7awWgZ3IiO1qyZ+OC2LBP218uCOUisyg9K7wneBoMt7bQZgfHjEoTWbgQPAM2wsJMMn/WGo4OZDNDLSwXbQkJItTJb5ruxaGKKhlDeWb85feMdPH2ynGYHgeJ43lFJOU1qdhrTG44vzO/9TmvMWARHzjETraQXrm+4kTGD2UpJ6KIOWYMyzF8IAL8bOZweJrfkCRGHqRrBmZGOcxfWA/ks1dakpjBWrhoESX/cKnRR8ZP1fnGtBvQqql0lvRBk+uINmghkaSWyHA73wzLSpI/Aj9ayVfUoOKxUiByFMoFE85+rrP6iOrHtpMNOG0MJ0gzPP6QpA5wy8C7HUdz6Prj08/ujqgie727hKar/PgDeLV5NTgRlARQf7RTWOgwY2ejgmnxPQ5jakRy90xySi+iaeJP8mFYnNOd2ygDr2uqULm5IRsUzvTDWHV7c+ZLyPwXmI2YCp/eQTIHDQmFbLN2zu9RAbGLUeiu7ov51LBCOgIidi+it4CAow4IrzBeaeMcPWxCyg0nWK7KE5zuhRGuLX5Rir45V78j9sQSaJ4MfIZC3tfdxlsmJwbIJMy5mBz2t5omIZkkZg4ZHT4trJVv83IKPzKOjESKoXzHtwTQYn2i3gAItTvxgx24GKIkTFRMQsPqJnoCjKtY2fvJIEugCgOWgxAmdz6hItC2GARGfEXrromFN6ENXj7rosLWH++NScPnwbydi2g4CpA21BCKj5ML5s3N+16ruMcLR6XcbHeHE3XruvvYoduzp2o3CMyeEe22d8+iQgYyvjEQZGHgAg16DR3q/hdFOw8B8kfFCWdwKb5b1erVRGHPcNSThSh5pL2JN6x350fC0017iJhuWnxt7uTEFlVOYnIa1O3fHtxx/57fnD78JpoppS05SA8gyQYZpWq6sp1XOnCCe6uDq442vSc/4IrA4hzwA2pJaUpJcIuJblW2f22eVG8yUjSLmnVo7E9QGaeN9Z9CBOjb1GAeDig5Aqm8RIBZUCWcRsqLmokT2Tmzu3qd5RGrtSVBReKZRV7RtKMGor/tTGP2Ofrck0CnrDS0N9dfdxLXHY12PkAFnOGkMHCACphjnaoRzUXHClGgyNDleI3pHqeRVu0Fou1bUUEOCZvyoAC0D0vxM1cIRaMRP0WP4ZutLchOPgqdaGYxvHtVgpyYLUBswovZH4a0rmFFygnF3Wp68Xq2fVm8grnzJKg2rHM0kXDorLM4dhaZMSDPyEUBqp8HFAK7gkp8N0uRoSPzkzB0tWwGvuDtf6L6KZX2I1IP/NyK28tz0o8KP+YZBYZzyaU5YsBADKMlTPklJxAoX7qDgjaCa2x8/rpqQHfRjYTFGuOmJJk/WH7lUCYeDTZKxui/yJ+LlU2WCbc87ZnT2zfGRU5ZJHKrT3AFXhLJSWFn0oqy4iSv6se1ISpb/5pB62cLMQrvdJQrEy4aH+4rDqE1guOaupc+1zVneIi8nMWqDJNrTykNAikIscs0zqgifWtkJLaWZh2qw4GnDJEEhakLOiZpN2kCVLpqAqfYmvFpOi9wYTvnZFoA5aI2ioZsfAydXAtbpARB2KABC8HYhI+D9jDOWrZWaHqOaDeeRM4oLFsBYA5XCaljSLAPY+GKWwjXPOo9S0negQL1paAliiYsY45GBvVBGx/G+G8LSg+Fx2Coie8zYlsFJtryghI2fUY8KIM/aO1azSonnU5qXUk8L6hIjdl8e2wYfl1Udxdege6lqqNveqdWaybL5jBAQDpB4ew6t4YtNdL9CO9UwTc9JRjCTtpIORFv2nCQRKPDO6eOtWF+fYMfg4UGGoEsp+KjPwGQ6vOPWc127XCHSR8pZoCzBDnjEhpgRTyoko1YAEp7S6ZL1+zrfg4aVAhAonogaEPjYU6wZhDg225ffAhFOe0mag1r5JqmiHrvvBBxc6ceqMGJqz0JOKU7H8ogvAwSaDpnIkJwAAJMTUPV3fBBDNA0G1Cmm703tIXuGD/G5rBsgV167AK018CAbyOVpDL2mmpmpqdLAagzjLamEwgQsmxzUFAD5/qLANYzuAVjc4bzCRnflpF/sEd1RxFDryrzvKXXuoD/GhOA1dWANQs5jgIlpJ3ns1RRgKqKHXe9juWxGqkH5DIzRVPquu5OIom3jUmeA4pqPDElLU/KnxHDaut2otQtRhh+EdCvLxXTtPlLU64XxwMH7IROtVSkzEY4TNdEQ7g9ypubqytTynFGoK5qbDof0m3NwrqCjosSOp7nhY2sRmDU3SuZaYAAExbnEZ4aO4Yz3QwGTbKAQKi0hkbBGsbsxgMsEnFYG0BiklpDhqd2dgRlpQVb6bX2LYebndwhDnt+qCj89c84a6kDh5tI2x8uQEirhjFR+SE2hKcEwlbXCNdbK4J0+l/oBQy8lo7UfLfcYMhBnZWXcI6EXAi5UU16ZYBv8Sit2AOoQDNVnRG0BqBk1HBHM8ibE8rVBpVOqRrAElma+KqwE7gLzgnkQGqv7KzYX52ttYcVYDNVDu2Phee3tn+e0gbrSAUodeDf0XJlf8S6FALO7S1WZ35e4CPjuvzowv3t+no3h8+xTFgLvAJnbugmoGiGgw/BookEgpLgknAORcA4TaoHzpzETVPPd+h8RR8XQiI/JMFFtGHYT/JmhFzgwrNUe2kI7+wtQFIWSEbLSma5tB/sVIOgghPKd6Ryp6+4ucjeJou1k/6aXT459FH3sbpsMSxFHinXQIxWNgQpwmOj4+/ewXpxufTQRol4vqr7h24myyr9iQ4T+5NlC7Spg3tpCWn+pNXMTKs8kU+C4tO9Afe2pDZflqis1mpkBEnfSRV7cdEYh92DBQ2OVK4D2D1o0l7JtNjC6YTxTYa8Cpm4tBY78iyGPwS5euZIAl8zR3wEcLRK6UWaRuHPuVOy6Pp0ZEOrsSegoSfEDbTMW38SUS+baAQ1BGAW7ftLUfrY22QWQ0NPZpN17DhvrWY4APTXr8KEZT3lQJ0soWdp/qqYsCBTzqh1C/Ml3Qdg8Rsy95jUbcbRR8Pxt3u6UYT4FGihSe1EE7seBOHJgV4XHDHsFBdQm9AbS+BPg3FcL6pIXXavog0wgUmUnkXmZicUdaOGYDsD3qt5BHMp6UA8jR2KZMJ7yE9352d12joqb/mkTAJQ635bdijsJ6KUo4g5H5Ler8Yc8A/7EyCuWvqA1RksMXp8KLObmhZd/U3ZmHL0UGPFRjPIN0WcOLMK7jNtfAHfGI5oOYRefLWBVad7Y4aOMNPcDhNWAs0cC87HHJNqUlnCWEwKiRCzAVTy+gbWo3dP37zaPdRsYj1DrMzr7U0N4yEzl3odb9DbpAj0yP8152fjf+NiYZ+GUXusTJ0z5SAPXPA9Lj8hPBHhLci0MseC8qGvmZ/VsjAK3vjkNTh8lMsqi4vCDYgRsKi5JAOtKi09jLaPa5OugZ5tqTwFVpBIJEkAASAMHBJaee/x105iwipTThlAAngAlKA0wIU0orIJrOXDrd+e1wcGldQU2Js4AQjMkPpxnyOQSPLim6G/DPmzbjS9wvejO/r/KcxIOxxwcbCVBvrNaAdMgRf9Gx+41/DoOMD37nkBcN/CGSNuEwEk8q9sP50UfjeGExwtexek+DtWRQK6i5v3JJSwUcdsrihgu+ZTz5VSWv0jqkpRw1KLd+2mIvXBQpKV6EC9ISpoxFmu2GNyh9XoSbVdfl/UypQQr5Psl0Rorvonm9E8wddGNFmyTZipAcJDcUdQjAvYtmQEp+C9xGmxh2CJLyTobgKUf1CCsDQ7olDWKwKMgQ1PcX26SehUaK+UKLCbwt0jwB1uxr4Q1qDbPhmILVdSQA/nUNGUbXoy0bC3ziGAh79bAatrkInvzZM8LJYiZscTRWibBg5bYS2NGsEnLU7pCpPkr9A7dGVA552WIK2IpRqZw5IW+52sENLVZITQux3W1QCYOrq2uN+OUMmSATkYFrpInVL+pU16qKypPuAhhhOAo0UYM51mxbbhdz5+GIJZGbIiRW39EQouM1fUX7rLz1UMXwoW0jYhOKo7o2MnBPyO/5hAyznU2bVzA1zoQC1Iquo8JiK6xgJldlAn7lHsCadDIGTaIqtvOgNwHs+obLiLyzkzQ+sJR8JVttRZhFBGiWoNtpcvet6zF7kToBh7+UTASZHVn1DUa+q3oOH8acinwE7g1STQt/ZGSqj6hc8wv21hEAPyfVXwstaLElMAr5AMlwLXDDWnXata5lnTWTzDGPR8wPEZAB9k8QTELY4hH8VzfcbGtRBO6OkZM6unCSFDdv+UW2SUMEQHFW1vL5AKq3bCjQKZ4tRG0P5O1cIqbAYYS/1D8qNpbzQbdi+GWg9D5DELBmI2GDT4DJwxPU7ZWIlDMCwHazfvLXbm/7qu27fm1KU64HwaivSwkBETbHh3f+Ibjp+ZAJ8wwJAScxfBrz25VpRZJ4CgGgL5lBSALJ5EPHaiWMMS9GoGSe1pUFBgs4KNPpjJCmLYF91W/J19LXOjXb2ONvYzYzHSaUYrRasykmSlfLI2rRWIVHlTChE8MSUdF4M0s8tJBC3dMHPeasnGhX9Q2DeX6N1/DOwZlWVQyNuzxXgSCsf2LbaBB41f2BOoRjR3tp+0EDGExAoYYJXdLPhQZEEXgnhQiPZWiPYV8TBldoH5DbScw+l6qicklERMRKMYmxmg9Y9dECc0aY2C6c+ju42BlIHy3wA8O/i9eiET8RVRSjghYahe+7r2X0NDGL8KlTl+9qXSvs2rg7q1GX2za9bp14UfJhGwqcXJCWr4FkFtQRAOtrexqPFNw6QVbNtEcD8WCxjjW4QiDbadC7s78RQERo4tQuqMZMNYOc3PSQ5WevO1b/VppQEI/l0Gr30Ma4VYHdo5sgrSc3etxLpFAb14Jx308NihRLzk5LiazIBETyg7KmtR9mSSY7KLBIDAVvDyEjop0ePLQHO6ccA7R1yX1X1HdetMd0KC6q/vsMb2T799NYLZiXZcsjbaBRnD5+JkZt79UIc0wa2U+jGK0vRVgyMI0zOj3HCPuIoYNYCFbaCKYA2y8sCAlsO+e91dMGpQrLgN11yd7a1mPuEzCgM33Fj6HE9mBiPlifOfyK/wkvvxoxY0oAmBICQELEDAiU8ry++vrVl/8POJ0CmgM1XZ2yfhM57zHlpciyk5n5wYR2rgDWzJ9hRa+lub2gcf3IvJvHCgrtbC5dPffjwe0RYSxCGEKOj91GMECpqw637dhBWh4O4829rsSswfqtHK1aRC1rVIrVZBqXE1VJ3W3EMJM90MjYKzIMbZM7DbrlFxVwZLs9dgpKRCS7tvxwiXNopLaimTOEYyd6VWHwkbfk8NYG1eiolgJFRtBGmZkoGwxtndWOFdpge0BCMWE+eA3Jp1AanLEFhf5slVYDu0YWUzVixY4iIqZKpq2xOBNrvtf1EFkplTovl1xkYAAVmIUra0oCWM5FYjzqMr7gQWbuzBt0WpSxisxPw4flC2vw55hpEjhbANKkiqSZkUaeeu6au/ZRGFX6u2RRemaXbXQUUwTerVFww7DpuO/WQKYB+57vRDUREYsMVE6LKSfHEA9mJIqoI7oQp8CFP12DjP5qPLEOaRIzy+6IQPan2gh7DZMZNz0cx6HnpkqmoxLW95eWhPBIRd2jupwjIQ5ev5PDumTGqz1wxzXlXE9aELVoCKq4jbAtX8z9krykTgGC/V+dKqo8JVsGYk3xpDRWLq5GucYG7/oHfdEegC2RoUUNL89OkFt1ZAJb9lguhjO1jWMoIwaYIKW6uuJNxPLlVF7ldp9cK7jI8DQT6zMWi52AkY+67DzcjpDOmFbtvRTg7RFcW+8wsld9yxY8qWnsjIBxMKCiy63UyWM5J6V8bEcU4ySSTxTFQRUD2UzXQwypWFo1QNWnEhAlwMS2T+yVvDqmRhExg1hBP6xZ/grsQHJICSesjKIcD2PoQYDEsa5bR2xDIr6VUiqHJpopMMEq1gihqxxBJtv5Xb6sypARY294+X4qUz0B5XTNHQfP+tqZtsWqAkECpEwJAAjy9ujw2d+crn5yBZYQuufogLFOfPJoHderh25XVBFlm9nHucLQR4AhdiKCnEncYOW/TcGHDkaBgPG5BQJ5TRexrwjIByYMJKQpbsHiFFSYCMwJa8jq5mQAmTkkJLhkQfgIkccVaJXVKkeIRhZZedkwOKNQiQWeLE3TwhitXqlXMYwl0765EBFTiqfVopPncCXBsLDEzrRDrnftGWT3MFUIrXvrx7yLCFSbZjwYQaAkwhODXv+YIGy3n1kIBZqULIzq8aFqU71LWKgj9Xm+7BpdQXq5Iboh9pvfpWjM5+TBBMTG+gQ1Ye2g3os2RjLjY5rQwBYWURUg2tCdly0gaTWhOykhLgmm2Q9t4ss22nazgwx7GUsHZqTUwJCJ47E9WCExAFb/7usvEieasIkH61zWgo+i0hbtDEBU/ARnEjAQS3dzAM6y3eTbHN9749KkCgq/D7s7aDvLPc2yf3ZfTllGAqZt7B8/7ihNLc97Xz3mNQLdA+XSeYSkNtgtFQ4dtUnBQXpO8tQPVykHd2ykhYASw/XyXrRfwmLpkIiF6d5XGNyl5eCRWWBJCJ4uqGcXPWwU5ATz5TtGrDwJiuli7a9LQkAvNAjNgo4vqoPrstxGYC59lXGBIxa+bdK3otpo+6hAcuIIjXLXryZ3MM1k2qJd4GiURrITBopNoUbVVtMkKq+pCPQuVGXmSY9wu900uIqXMKDV0xaK77OHa/QxzMmU1JjRPva1wAAJMAEkIFo/9zvx6hshzwkJgRJCIkoJkLbp6hvSM15TYn7U1z47F+lYNmAVi2w9iO/IitS19JF73iyfgDldbyNya9ZzTnpZtLu5iUB1lqF5/tgzI4bgGGiVp24Vbopr8pzIMthlqmEYyTiqceAidTfD4OC2XEhkX+tbcOzRs/p2QQR9YyMfYemyg2KDgrV9Asln/magrvCxW6XGZzTcH1SYTCLUyoSJ740WGJiiSwEfP3Ln7Q6LbcsHRamyjUValJ4Z3AIxePnRe2VOR6MrpMlcdDAHY0dChDHKuruEg81mNZIntRMDI6WvTsshMbxcrEC6MmDG7QKvDV0fDcD8/iXlW+ijN4UcEuWqh7guxzfQSIUTGN+MOwYlIaG0zGMLH30xpVmUdNXHGJ2HRNHAHBGi5oLjmOVL9n58SRs4VIEkTCbM/It1DSLF/njn0XEYahcGUUbpU1uNDQuikWUDUSI8vk1kT732YMkfHOLZHLGKEsLatGNjZxvFObAYvgbtQK5xii2CTrhpQCFwi2pjtJXngFOTQZaFrAWtcBKR+/Fc9L3aauPYkVL5KTKWlo7QYudzN+wt3tuChkEKZD+Ez9J1YV5lgaJ+NRKlYxlHX1hsk9K49H2iAJpnZM9obJTRoQ8aiH+7sTernWvB8MaBenqA403vLUwZcSfJzi8b1Y7BUQElkq+hFEqQUIJCBPOCcrnd6iBHgMgqW1wIcmlIGF2jLmNEpVDPBNQfmqytE2JCSLKJHcRbF8SwvEhIPC4vkROWVbiCTILUPYio4ldO5ag/cNlJ0dVsF/oEQ2JNqeSy09DgvHFbJci3lw7iq3isOVITVGsIWFlDvHaMpo2NThWelU+vDlKm0n2DCAgJUyIgoEw54+VPPbzjm+cZYDsnJMrzlAAy5M3Fw2e+Ei6/leoslm1oJv5H/aN2kSNvay1kChAQIAmxVjbEJZjYFsuvALqJC+KufFPGxkd6X/hjuOcsL4secbhryLMkF9GFhFB+fTBZRawRA7mhDVGYrInwiQjrGTBD0T5hteDZlEiTWJYYZ9VbGUXksCXcRxlKg3yVkDImY70gqK3LhB62Uox2a48vHZL9ffi6uoRJ6RKPU/5GwChEMmDEFU3SYj9YLyqUNwtb0MZeLU80C6ocJiA5E8YnFAYvMEO30QmOPygc0yd4x1oJaPxZyNkqztg5jVZWBLB6E1INU85h3wWG0UGnwLgTFFqskwNmWZX6XurS9YVdLLwkmHCQuyhDZM+nSSBjyKj0YLitamPCXBAJYG108ga+Ddh+to4MpB4T0PxkRVcs1SeV37tSG2KERNGr/Bex4KjdqYYxvQYcmPALlXTxXminU/HTWfDmMnCU24qm+16Ers4WBF5u2m+icoggEx0vqsjUMNfaL69idlwlrtemWAWE8vPFvFWGTHgdWqNOj35lc6JT5rOjQIQrQwSw/r4lT+IaYbz4m5bwFo41C/LUYskW0h9TIF7QXPLVhJc9aitv0Il0iTHROE6SvEwFvpVMrbNW5P1z4zGCaaXe76yIKtmWnlfog2HXs6SnRc7R6IK2kqiPlMDKNFt7EjEWxUXDE09aiz80TAiEtxAYGfeoR77r3kmN0DSWEIEc4YEQi/xCooVebtsuxqfv1nr3yHoJKLbGORriCwwz9zMjPWvRdLQfWiCB7V2KWovRCUJMTw+dlc784YArYNIjjcj2bq/o903EZ0M/jMLegTMChYMGaFpC73Mn+oxDUBhFBbpBvh0RFUkKhDfsMiLRIwEGc4oDMlte2W/EYh85wzaR8pbyFvI83f6H4JqbgXKChJSAEh1v0mXXrW57FQDCvKG8JYCy+ETNHzOgYwJ4rgbSOlassYvdq9umKzYjQ9ugwV0aGUHTrCU5Bl7jm8BhhUXYKCKF7l38qSMJUbYDBXb6Ldp8S587r4LWNZcb6rXVPPJjgmh5q+sX0PpQEjcEdh4EXG/CmB+bhYKK0GooF/ayk9Y+rElOvE8Uz+2wLGtts8tREdtG9b7hTP8XA6iUd7ToYOmQAHpBH4LzHzTUJvaDx8JACx2HX0Zo2V/F1DysHbHfUWTNyujyyMg/rDd8PjzDqevXDUrdj9LZ/IN74qqetk6ZSH6DYSMQFpkxOQMpQH8q5hKEOoYcvsc/39pcpArn8DO1aQri0NWDHbOw8zpxd+GDYM74S0BGmqA+tmXPXUQRASBRfZEPKANM7K+64ioGBdFwW+bA3LOB7EnR7p6A2Y9UBsfttpl/M0YXK6q5F4kbMYMGgGMtsy3dRqw+JtqLZMarSgaiQAgd5QPcsnhUPca26EDi84FHHbuIgRqHHR1Lcl6lWA7r3OMSX1sGUwzRv/xZkRn++M2otLFw80TXcGhaMmhdTFySBk4gu/lbC6FtHICH2ICMPHTRGA3RvahRSbEMJSCzSro8xDIa/V7i1rvdffDTV/WdwoDM3AyAmQF7cC6QH7gzeaJel/mj8cVg3ZiAxLcQt0PXACSxYuDhUb1vxuJWBi2CwhKy7dUWehrNrylbk78o/jKWQ6vSSIyHzTAa2jt09WMupbrsWsYMkMqpvlBdHmUEynnGs7eceu4rj/7rD+B2O2GinOftubPP+WN45ROAZshbmCagTOWHW6gzBNmvZAlgr6j+kUtWgYROiN+N+0eX+OxxE4khjMCos+uD4y/UedrDAZUZpL9708W2Rxya5x3kGzCegdo3imgcE82jAHYp/Yjuz9uc3c5xqQE2n3pcXvV7Rt3g2MXGcGbooakl/t0OboSIlI2dtKpYEmtso6ImNSXSaBwkoPVdHEUocPwc9lElKD+LBEAEKanRL+sqNn8IV0iPDVi3rST4aW7t1F7bEtlf6eAhwujl5JJYCyAWUkEsJVuCtT9ea3m4y1BYd+k9gtiCXiW+yBCxr+ooIN93hhs6ch7hh/BFit++/XJMIIlchgy5X1PoVLsNsuXd67CmUY5DkFBJqvKhnuJmg4mq7OR0Gq2N0nDFHJjON3mXWmsGDDUNFV2maBvDQxSdcs1QvBdxnxZkvOdVnhrx3i/Ilvpe4VkGggw5QSrWfJylOEkMWxYTpIVjkHUBBFE0CJvfXtqZIPnoi0ZdrPRafZc6oxNvOdbOq1vczLKLJcTRBu9UJ9Tz2IUP1hhkTr0AoDOzAEB5yJCuhuactZaqKwE7eql31qCBFTOYXSFycDErkbMdCvfrcGBFyQd3WvdE6qDBKHsz5aw63+8snXkmy3IiBUYhJExi5XSpEwkBM2XLq1p0kyTArJ2qdqQk2FhSATQXiuFQWzNtPf74GhW7a7W053S6Vdodaar/QNK+50T6TgHRDhFsO1rgvigMXi7U6Zv7PKlu9p3csT9XTAUCImQCkLPrwo4HCbgVhcANd5Fr5MhYvEg428KhZiy0eQXJzZAqdjoCgK8X6d7ARVS9QQ7wOpfbJWT+cSGI3PTBDUHEpuGKQUmiX6jvmJDKJItKntfP/Jaj9/36/LF3rw9Oz0ePphtvnZ71BwEnmLeFm0AzYA4miv8ZKqNXpHrL0qsPm/COfVEE0IJcvuOGaBoto95h8a6xnKCSa9YxQsvdw/1oGe1dU6IcmiljSLDsoko15CM7h2qg2+JpzlmLxK2gq7KQfEWTQRRMze+zsOM3YbenMA7B658dXvgbzXl9DH+n5+jIZ8kEFU8XVvcceTDxkoMNhmyTE48K22a7AFWzX5T+auN9VgneA7lAuXHDo+gOTNW2ohPb+EDHcsDH5j0BLYjEAKfnPxyXYwoaC9KcRQZ/B2bKFsRBPASnYaEtMWh7B7VzRaEdpBvjyrO2pRNlvyzGOaHrUoIkr3WKiiVkYR3D9VtIg1E12iSYIMwwgZDOnmqMr5EvzkZ/MSdEwB4FcsP55NOtroUvhnaH2AC/E6/qFIgIgJCSqS9XFWL0BkMYIfCFFQa0c+kpKD467XZb9MNXaIxJCPFbvzC6qsK2rg6gmYoxiNojFrCdjhiOoGF2aQdQ85nR6pmnF6zRWdCLRhUwCGHkm00UvWVburzOsGuuskNUSffOoNIbl3arADYGwa4rUvxBy/3XctWU7Z+8NZhAZRSzKhpW12VUwmvyHyM7tubrK0qufNmjwA63vNFG4Lelq26XblroHQ+H8v4azc7yGnVsI6P3OLPXpeGJ/is5mqAP3pwhAGlltCSfuYY9DlHwU7Kf+dnTSO1s308CwOODatQbPjzGcb/EawFs+6gfGEq7bkQurRDC6pikOJQBEGmmPMOpqw+f94cu3P17eOFRwnzw3G/HS2+CvAXKQABzfSHSj9hi0g0s/aMTz+Pv33UiaI956C8R5/354+6EtB4b8TCP+CVeBJKFJtPIOXKWnF7OMKoIVz/hW3YNcteSq/Plx6bZCiRvJbGR1YgXd8vPo3/toMvheLwJjD8KLHYbLqyohnWh9m/js5A2dNhhWeBwjPyvoZt1MJJUkFnCrca5y3rqfg0/914wt/6G5O9mUkVwNGHDupUbPP8bjnFBlTMk6M1XXMKyTPYIGGR9gA4SrNZkRjAZVYVlWZL8TZvFYSOmgS3Qm/FwJ47ehhQ2DSiL81Df91vON0whQL8SL8u0MfcoYus+KmAbF0QA/B59zQ3Ik1jmgAC0alDhm7GauowjpL26ShX5T/oT1dTrFAWzU73o82F5iUxWk2SIBAlSKj8hUXAKQctScG+0z+ysQHCTpeWpWLNw4Z1RfxruidNRQotG64pQhUzDZkHeuksvNJGOocigbh/5EUMbFfK6C2a5uEH1rB7O/nQtJkxBq7HdbLxAsS3H+DLSfKw4x9fknoLhc21XxJJlgGu67UIZlSUrIP39Cav1ArOMkmt7i2RNzvlstREtkVfdJGdwHljfsFQT6KWXF7SdNQjstJuQQ8LmqzAWicqJ1vq1ePV8evcaxQat0gTgDoGWq7YMLaB6ZQuiQTnKo9eGK11MiO9ajyC9xPtbXKPJ5v2PthLkbEWxFDkTANJMVTMyFmBpDSk1RMrgAWGMn3nMZkk2QGt6+8BvkO93WnLrsfFpr8abdvGpQE8CeNFBsh5ZH9RJJ3oIdTSk37A8qnaEYz4ggDwfPvUVm9t+c/umn5qe/Q3r2/4gTIdAAGmqslHPQ+q/ASRjoiWk3LNeJUyto7SD5wj/SFrbfckq8LMRIa2BLXEsLM41tZ963jIIJ/nZ7wIcCnmrcah/LzjbnIFmyEQpc+CONjKqOanT3ZpHyILS/lJfDWBNDw3OXYNRfa9z4nUhFhEAVsqpqBTR6TLqEWEp8dpVWts2WBf3MitWrEwutMQM43647MNBefBMHS8FIEsT1kC3aVg/wxzjFL8i78cb9fD0QD3CBsG4eaoxzK43cHrOVXwq1dyAR9XIoQNTbqkTjZBlwIIimtsWoxhvyQA1dBtxxmQU9UYT1MkQfQgnuKIAI3TQa7EN9YTKE4PYQunEQljOlpleYTZrEIlSudmxahdx7pW6GGD56wRveVn0DPCTOG2N6oxb22PhYhkXNqSACbteVaamShmFMnLHcyzkq00Q70YCZ1KwJQ3RLVTGFdoqjIBieIsotPjEEJm3TTgr7AXP9g4BY8ziYulqLCpeHrsWdWAS0X4wUXuneuU/WKXrocSxmJlQW/+qj6lQNXhhiXuxz7TIoMwQNDMoDrF+UIvqV0q7g+4RXY9YtNfVCJ4i0w7k7HFEogcSghsGTg6x6bXPNSqz9v2Il1i7dhpig+WMdzgDWA8RXAhT2jgk1i8Q25y8h0TfJHL00sQdVZrQblb1TmWmPJc34vHgsDzKMMP2fJ6PiQiBd1PTjLn8POfMYaW+eWTZAfUdzBwqALbIzvsQ6py42k2qdrgeV64/gcvBXWUNmXSB6rqIWH7LQimSWJOO9aSdmLdWJLG+Q8n3mstHBc43QwneGphlMrD+bWxVL6dC+YtB2x+m4MJ+6VKBJ46VCHIuvgEhU94iZMhzzps8Ha5vuePih99y+Pjn0MUv0vZBBCCaMhwAToTloNcVponqAppqOuXCLNmhXaai/kkmJGHcEyPuI0P9BU37mgM/K9DDJmrDGQ6uCLLjj50irRiqd/PPHau1C8c+4C8nTQBVUkvjwasCdrbGcZSZ92ZTTC+Rkw8VNhXm1eQPABMBIRycwYNLK/+JaHsEAJAmGP2+Dva/7FP7M/j2VjWIt3GiEKlKW1tK6sd3VyAS0wQ2FkNdpDID90iyxHUeqC83bcQzL1whag/5/FLjGNo73QmhTFubD7JcA9hmrkxtm++EFUmItk0pAZB4WPY5k5dlNN2HK5mdR/adezKLRRogkpAjmf2SIMZHKGEjIxDkpIuwvdlZzjVRYytFpJxbWh/orjEKm8hhDXWNwsrLYpGbobGfN2w5UVw4IoGxYqSt77OSxppPpicOwlq/cOG3x/pl20aGAq/ch+SzmgInyS+TcbQGvIInyCLicuobJrS7/iO+ESABQgKc0kQppZQQINXXuDuQ+yuB5vxPVhFd3bV6j1ICbJizIDZYfQdjPvKLnTAPCc3U67k+wDUs07bcLrUszbodvVFDG2xFU6S9Ba6j8HJNNR1VlpwEIkft0GiVlUE3HT13WFI38Dvwm/UlMnGQuHXqGE8JVOs3F1/a3NJU8CoTiA9sJ9CIKlDF3od7WnKSDhTbWyYPcq2ueVk2O11frKJeW1Ql4JKuaaZKYO/X4LEgZB3WgvERVNsy3LCOMLiPvqLBEtjnglOEBk9NCAfVw0BDK6jdhLazCsqKoJacGdEMYrQjqANa8W8V2W/+F2EuicrBmQSQL9w7P/CJ+YufoQc/S+cfgO15mAkAoaylQC4JJ+ZMlIvlEVfHqGugwv9a1iH6ZVXdt17jaMWU+ZEM8fVpVdzqnOvGHwLCbGNIs+2Iw9YgMajs9GxEAEhsrriVd+jGItQPdg8IKnyQ5JPMbTSDMwx+xyZa0yIepb3bXFH4TbmcnD5xDgIAGfIWMiLMmDc0b5C2MB9n2GZK6ejCGvP8gf+2+cSbp2lCIKKJ6ABXmKcDWE2YDilNiGUPJ0KCutGucsBsz6ZcMTMuz71BVwisZoKdGEpbYm0wci7sBAeHlVHnN9ZFNYvVuUIEgMReSmKSGQhiCUAX6yX/MAPwM/7BkCyCg5iKnAp1bOJ5kol/N4FMCyMFoPaE6efwqzxEBLOthphWZB/GOTARpgxphYeXpbPXwpU34ZWPm264DQ8ugXmmvClYIs+lRVJYFkxd3+eO93zFllCsBLrOZhblb2uvVhIdAnNJUrzKuZi+UcgxYkG38fHN/BrHbGelsfNtxJnMy69ZmYgSDnazjtqICOyrtsxae6qQjEWBCwZO/dB6LHYnsUHvMp2Fz66BlUrgFlK8F6x08kqISsDqXxSGn1X6WT0t5rVuYWpWjHy19ojN6gACSBQV6eymoMyh/n17ZTuxbjwdzZQh9kj2bAONRA0c3j9sdWwE1Cmh0RYeKp7S0WJY3/k2tOwuPqUUh27CDrWvfFhL9+JilRJJjhVL3Gx8ciO11H0D0XdV1SgxCRLsqFbsMcvVCqSUppRowjQlKCc/JbQnFbC5ixJdFYpisIGqoDtQwpYnqLvl/TDLJZ5gOqqaiZ2z3TnaUp9m9TvizJh3HhnDAo09EkGlXnhPWey5BHDOd5SiLbS7KsgfCMcSuDTdmr13vAPrUX1HCsy6hrWWYI0i8GTHEowh3wSkAS2pWSWZBAQAyHoIk7cP8p99FATM+3tnlLx322E0PEAyL7JGFfW+GN02nLD4IFf0j84ESVUCUeoFYrL3Q7lTmepkreLCPCltuj4Knrpylpou0rNATDJ0i3nvfnc2FabVAu+UFUN0r0pLXtAQQhoEUtY5mTOsDgEo3/fBfM9d+VPvpM+9Pz/wKTh3P8wXIaVEiUrKkYtsZY7JRCt5Jr1ElywTS7mP2UIAQFKZLEEX23wyYbGXRkQEiVkAACkhAkFKZWDxXIwHQk05MvGjIDVq11ndczUePiwAxtLgI6am5pqFL1yeBt2KmiQR4y31IXgR2wgcgpF9Ly/LHGs8p5aSMJexCUhqQTXIqwvaGTBvgbaUCXLONKdaSFhPCXN+VwmpCnsSQpoAVohpBdMaUyJMkFZ1/x2heMfKaU44O0EgQcnhjePzPyhqTJvaC1lq6sUTAhW4xsFrA9mAUFYqAGPTraJIY0lKy2/UWkFzMOWXw7GwvJY9qb5nacQwmQWd2h3l5H218ghljRxrA6o/eiktzNRLTY2q2KEsxSRMpUxQfN+MCQknytuU6OAUXnXz/KQXTU98UXrCC9OZa2m7BZyrf0qpmYZ4tamTyWAES2z7a0aGdpev1hGEs7b8JytM7vzbgXeyOHVSC+MMmm4uotHGzQL00mXDC4sRQ25cd/Ac3tS4pYPxWP2nvqnCH4NymZLHtoN3c0VGYdy6g+GLtw9aj4FgCpoBB8kM01DtgW1rdy/GdGicgg6xlWspPnFRhc3fFvo0ow6mjPWfpMLXq7wASE6ucCxDiwUh7jKgI7i/9v3dqm4GaUO8gG3l3NiMakUAOtmt16QGO7Ne1EOANQ/B964sVDeL9niVlhfFtSB1Ys2dF89+ZT4CYMI04WpCSmlKCaC+2YSRfQ6dE8rPjqvVq+7YMjQAh/uiUMiRgiYECzBKA3voFBkPaTIW17xPr9Wu8WAF8+IHBWNwpHeLEF2YUgT0EmrNpgKQfzrAl+2GhxB7UO9mecCxkHVjroYVibLVdYbp5xf6mlAb7yGKJ0o7T65Ypas5lEgH9pPMzwMXumUy4lpMrNqg2w8lo+vQaFpC57Pt1iJgR7JPq+3Y49LUcVdp0iLSsq1drVX6BjZoqKcuEPdtxHRQrY4SAuQMqzVc+MLmPf9p+97/Ave8Nz/4eUrrdNm1041Pxysfj2euwukQEAHLRtsElABynAZJMJwiSViZnDjUzIUPOiokNwV0sLxCrFty2XlxQU2tGEsdx8N192wGMGth2sIxvFZ9K5JgHwHJv9LPW06qyQMjpeij6accMMYbEYkSI06e6Lp7FhRmcYmVn1jRypAz0Ux2I3Qp3ZbEjDJQpkzlL6TjFeVMGXOecEKYARPgGoWlZbE5TZQmwgnSBICACXFiHw4IkIESZfMiiKAq85JE1nihwrDfB5J2avQ7hYki0zyx3IkkEs8g8H4Y4OTcTqmx2iwk0fxqsgRmkqFuNRfrqas20YoD1koUC3SCUq5jPFkussENWRCTOBHnKCos4vwzceEWJY8FIKBMRLB5FB/+9PyFz+Aj98Kn3pE/9bb83p/Hp3/96s7Xrp7wEppnylvApJQaqe6WR3uXtbogsaS1WJJSybK/V8Wla2ViXPToOHttkOinFnZyXPS8HBkY36MlCgrzDApN+pUR9CtHciY0JxVcpcHbDi26xzvG7gaOhwyWjDOrjbFWCyvknj80TBc+V3boPeTjK3j3XS0nm7qCcpeA0O5TsQZet4zUMZopsZxEE7qw1xxPIWPQTUH1cyGtSCYx4X5DY1vmZ2yDSfelFLPE1JZFMGTswnd2cBbh8CHIUrhTvRmYOEagVUdH0jsORAS9tXpRLjBXjEJYYo3FJvSPbEdLpwJXe7Q0SlAWh1X/bjydGPlIpzJEM0rxz1YL+rNpv1L5/YAi6ob3CVLClFKiKU0TFxm5IotcXCTdBjEkLBifQcQvfmxo5GwWP44mhQYHN0Cwy9TIG8i7tbk+tj2uuu5UCYFmd7prrCpQ/zL5GQ/B/7eLEQEiWGlv+KOS4L0mFGvnSmbVmLiSDf8fUqJAEVkQ6vZcTAJ1il3qaaCpr6nFOnJezOFP7o0xE1oZ2TOGsa1M20sGtSYR/CxzROeLQQ0on+pXrKpT5nUXAcW49v2CdZTdBgsRgks+AYA6sj2CHEMExqOj7UHq2KUiV/G8Dmobnf2FuMjbfxuKiBIqtlzupKBfygC96VxZNNgkiNR8rPAyZ5zW+Ysf2bzx+7fvft38xc/n1Spd+8TpCc9LN92ZbnwmXvX4dHAWMZU9lqlqLlYXLZYGeNnN7whR41UFhZc6iUj5WsP/DOr9Ze6JI2/xTCUHZYLATqxuzjSPhQWqSF5NmTMBZ/NVFvm1smx8vWtcGST7v2yr4LKApRu1XGNQsDhy7M5MxpJ9IQBv9SPKM5WiQBWVVFbrEmUgypQhz0jll3UyZ/4IkKByFwFSEdCKWpqgbBEqM44JAcvm+IJU2XbFCkmG7Q7pMss8qzzl6iio4Ux9olmQg1o/ajjlxE0331pt9MGMd0gMTIwamDDZXMYUIHrCgbM4s22W809esZBHfnOCOg3BDFU9K/pBXIlda3UfVhxZkwjmc/TI3XjPx/IDn5jvvgvv/SB88bPwtn+3+cxd9LI/t7rtVYAroC0gYiaQHQqWXIemmkRWBUHEHH5pAbTiLrZtcNCgs6zE65/WCe68lvzKfgubmguFo+yNW3L7IXsge/d8yODBAjuAaJl8Ht9FuJuEj4YXH9bVOezxecT5Gr77zHzYsYEy3OJV7g1WfmJb3LGXGIL3NTctIRUfob+qIUKUGR9FAOfk1Y9FMhdmbYTs8uMeq8YgTLVioVdkdWDpPqsehnQXyvDoCtkP3OaEvkN3pM6LVQGTEYbAxJ5wUk52EUB5G8bFHACQEBLAymadmigZNGXWzLwgWPGMI3ZyG7AGB03LfWd06QpacPL+kg7t30FM1k59t3HnAEfLSaqRppp3GZTajSHLwsPxq8vb91FacHT1BSKSgFa6St3IdW+izn5duY0uFpRqb8nBnZ4rOsIdAPdy3wZ5o3gdrNxnnzdG9Ygued+rhOWaw/eghjujQaI57bnvZTTRlIaxGWuhziKDojfXobsWiSRX6aJTXzCisjCI04q++KGLv/z3j9/5a5BnuObW9MQXHtzxysNbX0CrSwGAaIb5GOZc1tBKX6yIInA+KuGyCZo9X5QQQ7q24VDPxNHcuQCTdTE07+t1Ah4/2Rq5uv3zTazMrbpho+vIpEmY4jMVTakBIVY2+IcdUL7xJlLPDEWEqagZOMf7BIgzI8K9iRCJdOJnAMBMhBlyxjJ9xUThBDgZhDVrQjtzOde8NBWmIyHwmQmtdaSCg5JCqLMmBRRgrxsOpe7MCPFJWYPJ5p5D09ZRBLXK3uB6X4houis40PmwOWRHCNnpMGQE/kFd7q6IAVidRoC6pOyJjBWKqsWCvfWadRkcTsNlT19dcRttL0wPfyZ/9p3bu/5L+tx70j0f2v7S38uPPnjw/O8EnCDnske8rCwZpmOI9Do1FMHCO9nF+Kbj3qr3LwtQxsmsGJZddRFfG6YMg/+oWYfLEChUpuMVZVKXR/rNh8sv3gcKxm3PANx7RDVjliIfpjTwyLLC58zcwofgNcAi0givgS9sXE4aly87tyE+62ebHh+xpuHoqr4591dc8HRiTVLIKfjIqwyAXNzSvgZC4+HMUpnSGCIemRdFQzlZx9LSOwMJkx6iZEt7dQl+nc6JnplETQOIjy6zWh7W0oUcz71AYf3bBzQOQ5MpxZCrSD0CYgp652ZN639uiGAQCn4K2BMiMLsLOFpohjiJgRtkhkCoWSdReZWWMuVMlDADwgQJE2KShVYiopkyVtbL0oTBFxUZUVR2YyOHaGmp09XdymKTwHZdt1/98Xapu1DbmQV70/uJbmOoVsraYgwpq0MY0b3OESufvmARFhocuzuIia9uoJqllqrHYlHRNA6eyqU9RYZgfIm6VbcH9Thct4PPWA9iisIVtUmtnRovYDuvK5aA7pHZjtq12GWUxOdqiY60nqsK+0iEF3ki+xtNztET77GasAF3+4CiKaKaqnSQ4UkvHq1v1Q0cFV2jXWAna1AOtrXpEUe6ANvAQD9LlmhwHoGN8inqj43xjua6/hsmvQpPJqANrg7pkbvP/+r3bN75a7Sd8brHn/qq7zy849WwvipvLuLFh2rQjIQZ6gESztgmF/e6z2bEbLgEokScSCk4TPZbyYtYMKpZRjbxxgSLCEb+oYCypOttzz00frdSg8pBjVtLu1xtQjnRQN2JdK/vpAbZt/YKQ9phEQPkJWrDsvomBhEkBMpaPa0BHBCanFYZkqkeGUW8X7TaBd0tzWmi5SICIGSAhDAXxiAA4ow1KqujY8W5LuuRYW3VhprTlg2nKPUDntLa2xLDRk9e0Sfljs6WRtXs4+SLUR430XKfvXMVQgQVbJRaiICFVJbAZfuhZoicVdaajMo2IGAuJGc9NKhsm67sryllhYma+yd+69fINmIROo1FmCksfPo3EOZMQLClDAmn9XTlU9OVT51ueNbmnT+R3/MGfOSL29f/S4S8fsEfg5x5ci0vQV45HQU67L7sJtXG8Bo2VoW31jEstDTXitW893CpI6iHdvfaV7lGDrB3L67eFK0MQcAiTq1INu6hzTd2w/WIZS512ERUEUTeVxbCKdXXhSUpEsHgXhgjGI6WrFszwVyPLjSPmDVJQgQAOTeGtTbY6iVuDKvaJjzS/bedFhIldaY5JJzLV4BvHL9AjuyxYQ1oI3aGxs4alAyi3CvJTabGYp52rgcGabGpHaLIDAgxxKdLLUCtygOWBY4Qqw5QD+LqZ0caRzaAVOdKM/YrBk6pjWp+5AIysWx9SmKsCZBzphpr05zzTHOeMyJQgplyTpQSEGYCyERzzpu8nQBTSimlaZq6owSSWAD0qu/ZI/vyjsZzZ5fjQY/xjvMjkkWcjLtXNStfJb13tbCxwgyCcBnVjtNp11pUdbLB03gA1Zd60TLIR8xcdGFvMXCJFmt8M7p2+T9LVwaCXNSXitVtN/lFXzSyeIF7XSj+Zt1fnWlZNsJA8rlnWtkR6rA7rJBF28Z0NVAU9wHUlTLnBfw4yDFh6+Lbxo7LDb7BVkM4EsEYRjJdAKCaocGlgWA91rgjOdR8gEC1vZ8zhOqPtDeprIh6At31Z/pwlY69QGK/T+CDP2BpRIJMkDeQVnR8/9Fv/3837/7VfHGTHv+0s9/4/1o//eXzZobzX0RMOK0gTWXNk5DY6WscIC87OvhCjGCJXpT5EH8WG0OKFSKWIkIESW1JHWcnYiBpogN6t+2fORlF9BOHFglBS0WLRdPgYCpVhg8BQ22NCXSSSDtg3b4bKbFSbR1++V4mSM0LKdwCqB5f2yFFeBcvBHlPpaQo7m+hCTnUITt/DNbwXWvxhv/RrjNonXIJVWSSvE7pv63+YmhR/66n4hljVF/QYPky5w9zJ54rBChhAvkp4IdtV/R5D4eARnktPaymvvAE9gSvDlHsRQEgAdGESARESET5mM4fEU54zTMPXvYXLq6vzO/4xfWFR+Y3fP90+TXptm+BzRFNE6sUVAtKKiihTkly2HxpkRx1WoWpqGZWzALaYE4SSenbEKpt9fVZm3mwz5LoB8wHMien6xTYBKkvIsNL6xnmqkNY/XN2D9shagfBvqpQbLMbn4Evadu07S0K5W+blzLru5BJtp7IV7MS1TCoc6N5TDAKNezSwT48Ke3GcWvbNrYMi0PDCgXpRzWzwk1entl/XPMMqEEDeIJIPnM27uy2gscwBJlnIDJgPYAFwxpEiIRIAMSpBdthJ+/RrzWziY5Btl+HDx50r00ortv7XHgLnmfXReAUBJkOEorqZzPvLZMNIgREmROtOc/bPGea5zxnyJTzBDglPM7zDISYIBMQldf8M1Am3tzU+12syN4QPRvHYWRwiRWBELs2FctVRn46mPQuMer9Lo3la+92ZoEB9z53xjDmLuiJG7gVNVsSkphDhMPjjdbaE1/QvUhNninG7b68ENJiRUeJsl8VUIu/VG08FxaM1TICoeJpBzdY7EP3f9+LbaALRE5gPXwM1i54urbYirGJnt3Qami6oy24ua6SDBsv17jtUkZTdrHYOknreVbbDYujo7IQhjjhxff/4uZ3XwePPDLd8pSzr/iLq2d80/b8BTo6h6tVWq0rCAokcUhdWe9dd1QQs15aFZBIABJg+ePQVR5wnEPuWf2m51BE7RmbauNM67io+1+pRkXq6YkMRcYLK0eiF/aU92VBbw8lRcZgJKgiV18iJCreq2Jbfo4zE0eGLO3mj0qCuBJjfRGw/sxML7Tp4EbmYCT7Z9SFzNporwsZej03SbTBQ7Sxnp0s14r4kZ1L01S7mH+VA01A455ahuhAJDUjEAGOAkl2dAKW8rHh4Nlvhma5QCK33hfsHyKsUkqZzj2MeOnhi//E9NxXbYHS+S9u3vBD9NAnKE1AMxChPwypO6+WIoK41r67MNpppvpVo1aGt9LRW5GswUFHVkvC3FntNG1Dsd5h1wHX0hFematuhb8h9ereom3WH2MvtmvXylqMFngtDUqbsiFKj8hDdpukq/1F+219QNMfl7qCKg6/gk5GexS3MMlmT5fbENDwoQIx/s/+35CquHZ5BYMJdI/UBcV5aebYDhtjV+PcNMS3zr6tmNj+dtnEmDfDmWK95KR5Y5Ba4XEZBTY3zZHfBXVfUokBqQwdgqEwcQK2+FSUPNQCG+PMQNpYHwwcFrmYlakVbddSEORH3erCkSQVyGsUZATY9fRGAkxHgHLsIGDZCpMJExys1wDrlifT+gBSmjPQtMKE63QAAAdwEIgg5oxlnJWfDjrEv36mxsTnWn076VgoFLXzIiMObGE5EETG7gfKvm+dAV8T6xk663V1ggbGT8Dp1implRp2Wqg8iQ0OxEsilquOXx6otwkhejAa5CCMrzZdVIWvsltZUu7qz3I4w1VMqRxI1jM45p6O0pjEAqtENDsrg90sFIIMtCW3YAeiw1IsTdc4TN3M0Azu1yv8SwS1QX3qrAcynmoyDExv2oL6sMC2ytpFDAGoDBxqmdZYgdrPsJmMGxgOUm/lmUyvUcmSzGvPZHDAsDeqmWNxdeIFqhJx3EuZgGZYHdKDH9i+63Xw+XvTVY87/bL/ef3Ur5kffSTBFg8OICdIsvRa2MK8AgBewURw4WcPFSc3ki7L9Dh7FA8cNdYs2CBCXt1ViRDdVy8aQ1ywUkfyWf08gygb7E1iTNZctuGNx89mNNiRWUHbvWtpbVe0lgNyLH+oaRPjGBVyQJQ1N0lNtcpXbiKAbtuKNsNsvyWHdN3/a/YzWTgUgUk3M0H8TxW8KCWmi/CBHK3qK/1f7kLbypwxS2Jw6qUnT1kWoGiH9VwqMd5nR4JrGz7wLRqxugxpJFOFW+HFVL2aiVwDomJkqm9JBbe0IpqP8eDSg6/4Yxfu/fj8vjemz398++b/6+Cb/jYdX4A0QapFXbY2DN8Phcwos/VSDwtsLB52Z8I4F3O/mr363uVKOdvj4PBSpWo33I67qNkuEzxwsSGGONnl/NOeleCRL++hNjzlNbaUYML88B22vK5IY/crWnJEkfdA1a5X70PXMjAWTxoFvqOBHK+MqDgSOFcHK6bR5J8EXfP7dWN8xI/7Aaz72aUTHHequgbBsy/jCindgInB9YTfvEJJzocLYjYcGtYCyJxg0T6ryDEincyzCaRaq2umGJ0fU76O51JmnPxNACDActhQzgBw/uLF9376Qx/63MfyBJvtcbGKCeHc9vitn3wPpClv85s++PaDaZ2OKa1Xh2m1wrTJW0xw281P//LH35ZnsjxrRdoR3ySR2oqgKbDVHuOr4Zy4xN/Hy4UMYD3xuLFGF7GxJlcW5xZGddboSQrzSd7XSSASsVItbASiUsM1Do0D9tpt27kUj54RE1z6jqkIgfw4c1QLOZa8AVucQsPJuGmzc1ZfyCH7tneX3XQTQd4dn4SNXSdYE4iuq/NvNO8OIYJrgCpGZi7cSLKDlYJZ45Zi3uzMjhxYW3hdZmu35NeUJhm451AwDS3/Ro1LeIoA9QAhnBA2m4/8WvrMXYTp4MtfvX7a1+ajI8wXcbWW35tkthNTCsChMDgJlLjbmD4XbbZN6pSRby4+QfvWXmi6o0FLHXSre+JrnNcTXXOxivf0zRQOLCPxZm5BToTI/PoH8mEpALJlWXZ6kwbyxnb1hYiUY4oZafJBIpDudRizGIOcCSb+IRteh0BxpeWgY6MWJtjk0TNQ4vvy+8762BhtO3E9ekwH/9ZNlwNYcysTgXjVZ5WpiZ2reI0Gr0gKGxUF++KqbQZhfHCeEdD0cRTW/+Ng1raqOClhhPq/Z6d7Fa/KGNY3VQPVddCUMG8vwsHVp178x89/6gPp0fvp/b9Od7war7udthuAVV0Ib6wNqH3zlpaf1RvoCe7PfHAKwVAr/BW0l7Nq/Ud2Oc516VwOCkrthVQg26VIbN1w72cCpUojsxV/HrNX620fhWtgjAaNm4os2O4c8bOg1dbcJgAdQOK/JuG9NENseCmbRF61KFHjMkdPZZ3WfR1d1PssItErjRC/SQX+XI3OWG3sqB7LtOGx0B9sY6nDKmYAQFEAiqcahKkSLICNikqXQTClEURYbISGujCKKKKfAr0PHZ40MSW/rEMGHXa13cmUwqWbBWtUnO0Nb/boLfJqp2e8Wyz1d2FsxBVVRnp0wlBjZoj3wCDihz7/yb/7iz/0iS9+7nBKtM0pQQLIGdcHB4dnT02QfuPdb/7Vt78REdOUUsY04aMXzj3hmlu+74/9DSDIVH8cXXGSAWtkig2r44VmwU3nkdEOtDSToeZPAmlXJvTogM6PuC43UdqGfYLOkuuIytOynqqo8jENY7NeyXQyx4t5Mrh1OxYllgVhgOBvjKI8AHNmoIemkZQdvtHO1rsuXrXELgEz/wyV267CWNrplpudsbERbFUQF7d1Nqe0lywGGysq2JZe1dISR2g6rOUzBbB7M8o1tQlgRLhGYW4jEljpNan+yFt1kapmv8qptA5yIullcEa2EVvfSKKR5vjEua2RA9p9BT33ous2ayl96mcMJfoaFt8vx7HNuD6dH/jA/KHfzA/ev37Cs9a3fQ1Nl8CFB2CaKENKXM+rsEWFxX7LVh1CKqF2NiJdBIFCIum0A5z8Gex18V+aNYah95NpVJ8YToXZjTkyaRvGXCe9rTyzolvXRxCQq68Gq8XkoR1KZOFEKTT2G5oAjMz7wHyTjxoxjNPuHE6jNZfGs9mTH03gYfO2OmBMmjAT8eooMQbO9JHlDTdxs8KvOLL50ZAHHbUWcea6cES+hLaRh0KcUGYMZQFTfZcxY5yAansjwUIjkfBf5UYZFuQOEUVq2RAxTYQK33K78sWMwB2d1VLXLRizDxf/TgCQaaZ0052rO7958/ofPnjknu27fnH9iufQ5tgZnmYxwmwD5H8bo9drDeq/jYsJttFbi3qteq67d+tLv/Y31CObTvGDWSd393fi/5hXBTV32RPCUiG584j84bq2TWIn1A8jHvO1P5iW5J08qLpCYH7UN1jQLwW9fvotAwdk5XdywegucH3AmBSAKEP7LvLrYCPMqxLK7MbAzdVxqwF1ZT5iDgaHwS2NLwsj2xNHOwZiAd3u/QhenK9S6YA4dgJ6L+MDjgBa/AKmOc+XnDrzqhd83Ts+/6F/8/qfu+r0WdzMGXICQppmpO2cIcH61PrU6hRNSIQJ00ybK0+d+taX/sGXP+Mrcs5TmjhW6tOHbuhxiI4IbWFil6QU0fMRKLQjDGS7CC/qF4dtvLHz0kQVRwZleTcK+vlynzAyZqCt7lwYOckr8aQDGDuKhm4EuxGsgU+Ag0pTS4THXb/1nkBFqKkcgbre0Lg3nL0x5rBWaclMu48PQvvOnc5uv4CRn8c+45JGWx0qKCp8b5hlVN0emSbU1NTMAxsa58fg5NFJs2GC42HQefRR13LN1+GFiAF/rlabyHTgdol5VEWRpTFnAJjv/QB9/pNwPE9Pen667sl5cx7qoTfO7pAHyVFzqRmbvCrgjUYQXERqYLfBPMbmPFojF7FNDc+jIfbpaLjMbnkAgkRAch5QV14kCqhfEwDFETvRgRR0E/RAs9IyaMcj1MVFC6oaYw+qbl7Sglgp6svhMCic5BakwyVdu/SSqLKXNUVgbpAQ65lQOKV7pI2sOjPgmUfmx3GZXHdVVqAu2FB4PJw7i0YBg+rZjIuzKSizxNs6BP713MIVnh+jKfVZ9lzhp2kJxeXLBMlCSRgCq5GsLqEMlQAtcQgIcEzTJevbX37hrT+dtpvpvo+s5mOY1jU5pmWfHg1c2VbXejoUWVRTMYCsWbITis5RHOEiW4drPHRZkeiTgGgqAV0AOoQ8HoYLJqyW3es6Vm+eKgYNO0Y7RR26NESlGIaFbbfETAuLopaKiLOxNhpVVuXGHn39qw5Kxjk14YJFjLyZGxElzk1vVHbtWCaqWzpMtGSXdgsEYzWMg+ohYiPksIqLwRVRVVT0T2VBphCg5OmIrMJuoppRmMnKAUOmLPm6fgiAsl/fg25vdEXUcdv6Lacdrou9tK3bR13rHeWoiHr8gRkIzR/wfLNYE3jJKzSECpiD5VyRvSh+pnpOMwHAlNLF7fFVB5e86pkvfeo1Tzg6dzzlRJu83dJm3szzBoiA8nbOm+324mazyfMW89Fm84zHPeW1L/wmyrkG9HW1CBr2dNHB4R8EPmUDvC45QkRd0HAF7QgnvTr2zlhpUhF1mGh1v9Fc07Jv/CrmldxG+VG0Zgc9xMruWGStr/tQTxJhvumiCrqAid1CDyzaqAzNI2+Ce0kaNVJsWWP4SoZpfVlSz0UdS+v8bPeK00XBBgKAbBESS+sKFmEsZpQuxZpdXYE7yKNIYtLZUhwFrpqSBn+KPRyVXa/oczyFgjEUEDzFPTFGVOXanyta5U6luePRRLQEE78OYDG0H2IYYD2Bkbah/WllzyJV0Ko1SuYJ44nn7qcLj+bDS+Ha2+jUFQAbwKnA4x7EEx40mXWY2EzbJ8ZwFmaBMxfeFXKAKPS0AR4BQjldpZgwRMvS4IWYpyDcq60Jg+LrXKidKJYa7UZ2o0RlDupqL5sKJCM+xFFF3Z5nuWB2TlZ3GCKCioslx86sxmHI31R2DLqafBaKncQaW+cMaWlZ75C5afWbxIWLbSDGQ1ir0mtn2F7IbGUbb4hgDTYRH5nG9Q4pFFFc/QttzIXMawoIYPfQK0GqEbCSTavMkNDOhoNEytXAsWorczikcMgAlB9eDA6ZXYZ5YPy2fMfamX8bps50OcNCqGAy6nbDCYhgJrzylnTD0/L2CB75AjzwQZgONHVqCxyNIQouqWOm+hVlKTOYeTKD8D8IaPLPke9jl6NDGkjxfDZgDzG++k9ZTIltQnTG/IWaCooYOUI7tQqUZAg3VnNlq+wcLC7HpgF/ywrmvxNGtGi0vGAtpEpOCb+AxbLocEQGm4uNLaElA9wPxI2mSe2FvcQYyCwIpi0RlhVYPZY1dlrhFhWkYveJm+94I6jwNpCA1qYo0zvhDxg1BuMJxMY4umwbEw1ZugKBPo4RDrITIKJyoJmRUdcxZm0Ovapl4Asxvktncr1vFpl2LtE2FLkB88dzuK8dGjNpWELsOmv67yTL9g2QiuHhIjRCApgAkWCm/IInPvs1z/uaDHmbCCbMiWaEzMAz0Vz+B7pw4ejSg8u+9SXffNtVt2zzDAQEGU0AKJiQ8YTeIolsEHGsFOY8MLnqoFU3qurfzk7XHEVWMF6KHfJeiVI+IJkY6PxRvJrM00woS6AYDiONEohVa4BaGgsSG6jzd5XFkX3gpU3yTfMHVPBMCKS3BaZMFmncoDFbNZBmKDVwAavRfAEo5LppRUSib7tUnpurDNEmMAaFjkY7m883w1hd/2XdhOGVUKNWX+CTIkKN9FSo5OYK3aQhto7d5hByyxoWi3xgQnUBxsOpgCkBrM9W203oXW1pDfpIjjmR+dXIkmdV50gkxfDLzmD57EiQiBZqGmQwjTMU5styCBgyuKN4qMry6oC2j+YHvwAXHllfc+N09ROBAChjmvgHHqo54gxWHR7xEMShL+8XRHnAE8oTZyNDNYDEQYKxifLItvF2DoI1YY23hodTTawu1WDOzdg5SiYHREoXA5XRfX9nxvVrsobVZw0iw9b6B7kuzDCSAFwBKKuYxGGfSeWTBVzLBtVvUzWgSWImM159ytlQnSupNrAHUBUoH8x7+ExZHZRJYxErnswTLwGSKqSJGZzRMGa5clHKt5b3piOyfQcUNqMZt3KjwEotKA1FOJqQB5JVsu+seV49XoC1nu0gv3RDpCg0l7UwyCqLidN33gzM9ARpsYeBKetl6UJdD6tLsdQARRuqz0ba4uHlB0990QxA5+/Pn34XJhA2yF+Kc0jf0NmuwcXHIFmzWRyiTi4zmenVEgf5HyHqMlL/tjrZNNl5NR40AN0LhhvQsibqf3/0PQdb5EjEZn+wsWWdmk4c9v/M1YlpzLP+HU2eO327wtoJdqn52ALrMYQ4Jh48X7qw/7mJxY16mkaolnmfa6GlPnIOyY0Vxl0cyKWFYtn3x2fYZqnPLrS6MJy6dPBE/WANnx0rsUs73m4uO332lc952W23PPHCfLQ6WKs5IaItwUy0JchA85w32+c96VmvefbXzPOcgWaaicQxmz3Jgk8gfcFyGJy5QNTwUY2wKg0BWUO/fDm18lD6yHTQ3D1f+5rx/ZpZiC1kZz2wbzd2YLDTYrQNtB7iWmlI2mDaN8xcRGGo0Vi0UUmYQRfjsWEZJZ+P+dpXSU9k2ex1kl59578/kr0rzI7VZTOwN/euHunjLdvF34/JRG3Wd5H96SsGzXfp8M+pxeBCRadpgwiI02r7yH2b+z4JF89N196KV9wMOdd0JPBMvw1jGbIsk6yk9q4V1VChWiJQM7HYmuJc7bhkTC0xNCObVK5FSj4Y8qw4Uon5Y6OuTahTQtFZWM71QlT+OUqoTCSJsoiH6ohTmPzgKM1kdPsZOuzQ5l9HKdqUz1RoQUgOKDUs61c8DY4o6Pj7FngDwYSBtRIKJFA0NcWOSy5Nu3rPqAxjcrT0LQXujB7yHMoNUwcz8Ihbuse6B1rim9FlV3yREGneEh5Oj/vyLR5uzz8633t3hSmLLAqWo6eFjGDhanoprrvgyflDpkhHlStGQZVLzlGjZL+K/YL7DPVLW0i1fccOUUWrZtfakpz8LiyOadjHutezUqEjyfJIryUyHCJ3QBDKcIqqWXAy5X15i7XDQ5Q58fgbIC3Pyf5Id/eQ3sbWdHmuJLdDcCJhS9RhdJUcaoCMQpL6tGuy/IHmOqVsrb0Jq0TZgQjAHLnSXwhqrk6qIDEKGrpYN+wGCmkva5U9wuz0NvMbXhMfqwf0pgnA4GM0GageLgG6q6fIb3mK2rFFFsASPjJbNJjFIdqizME5KN+qUCXEnPMzbnjiq5//dR+++xNIuEqrbZ4BqPyaOvvudHzu4vWXX/Pq53/9tevLN9vNJD87EFANoWFgeEO4poFojSVqPDSii8DeiYNiFI/OhBLIMnhtU8XH/XwIgp4C7UM0g6DRSrPYY0d0+NunJkQCCCe+iIjpaQvYQrDk+KeiDouehY/W8PyqbLRQ7QJUAeeDeFJgloSFkqUX+5HLa/UiTK6s7bdq4vwOkCRXxn90WkYg9QwgtLaaBVYq4QasIalLUZ+qys9wm1pBBbUvegqt9hRB8QU1+wnBUSQcEOYEUSGVEnaCOl40b0ZNrP+t53L1YzQfTpA/vsF5Z+eGPJ+pQQUWpKq6ugIntKqbprbn4fyDOG/TZdfjmcuonkKThASwvw3BgsAqZ+I+Y+bZk3LUVL+q3eshGphEduY4QHAvZDrmokOUMQJ0GHrVRnUeiHYa0cKmul9WtjCqfzRdqurZlxyZEfK0DGgrC/XdOpYaVjI0vbmr8SeOaxrXLGgh/49YEUBzl/tXGtVqIIgGongSIBswcywA7EfZwYjy2lgO+dCcEgCzOMoYEiMJQipGqIxhWfJ7R5L8EJCAMNPjjab1yNKOtGtreMv+kHruXLEdlUMy5yCsEyU2L+AqswS7cGCjOMlg5M08qU756TNBJLFL7KqZeLDagPMazASI6aqbcX02b45hvgjQ6R+dYwTN6FRLSuyiSwbm8p2dp7HZgKRwY/D+p3DNhi/dy7ut/S9S4wUQjO2YitaS1+9sclTRXDbqAfZK1O65waxLGi3O1hIvmmExxEoLyDym4kSbHLqh+0h1up/4IvehV8Uz8iePl4cjw4Q66c5f2W8dQA3/dIPWnhf1595NYLeNODZs7gNAt3JfgO2a9P6C50J7MOvthpeqE8s87KE3EpIF4YlbO1qOGX7ygqgWCBHTTPnM6tTLn/mS2296ytHRhWk1QSYAwkxAAFvCTHne0pZe8OQv+7qnfcV2uyWAlHBKqeyj2esS32G+9mSm4yDbh9rIku8Y7rrvq31tq1Y55GsrvScUoWZs7FMd5nT/EexOozqGWQ+Xwvcib7qOoD8am6i98QsDBXCdVVY3WJn98Y+OdFfk2lTJRoHtVoIddR8Lzp2GGaK93tWNV7p21K4V+IpSDW61YUAv7kXkTNU3NGwxvixqkLZBo4ejJe8GJYyNBj1M7RVaqYsT5PnMwryPMwq7Hs394h5LPEs4z5BnmNaUVoRIKVE5o5xNv4QFADkmLguXD+7B7fwPSumzg4A9aHmHFBtP0SjMWriaGKc1smpU6t8iCN2N836Vi/wj7VUntLwaqilBV8xKmwrWZsUsNxLGdgOJAVNyExbXACeIFZkn9YaGJmhZAiCyYWhoM5gGFceugDGRmW2sJ2JYOm0UgoAJMAGU3wyyStlGVF3pI97F3DEd5TUcq3vF7qgyoCJvw7oEPIng/8hrzD7+jdpFrHa53HY60VVF5J2uI+sjDVH8CwJlAjzMaQWZcJ6h6b87wGubRrujhi+ujZnGtSRXqVWBXJm2TkxHu+Pk0Chtw0t/3R1Eo3XIZi20cwB9t29YigyPwp66DgXB1/r6pUtv+OYCGmCmg2xHP6qcqm0DUAGC/JvjLc6VKPPF4qFwZAwBiwhS3DGjGLzEYVfkW1msdbVmWpspKC7P6BKy2iG3r4qJYnKNxrDGSgLkN8JYjCwfamxhC0jlkaFMbGnYXRmTH2xuNmR2pVp3E3WR7fDU3bQzYgeyQYyohsUn6pElIWzR7OIAZrpQ4aCfOOFfWHvhVVOjdHv/gm5/hZbF3y4YctnepBxVODBBAkAietp1t37bV7z8937+w/N2gwlzruAAEDNsLh7ffM0Nr/6Kl197ePn5i+fX0wHWPNsf8W94zkt2/OKHt4z2a50X4RX2JMEvOIOemdozUHa1BGpa2GXXXnlpNyBWBepItTyKjZ1jaCgrdDmxNm2MsNk0nrroNYSqPWmdgveIxeyj/P6eNVxmATCMhSLsojcih0UkamV8UbbFoHEVh60c6mNZEugRupCO8hBASHYtiM1m7GepbqINZxz6IwZrz5T79VhHuO1CHCHoYiMPhqalmLLKf0Q11NKJx0I3a6HIyHMNmtIHWdI2xkwVsDL0OOUmcV5ashKRRpFpfivMm0SFAsqMGDdom6EADIrgJNZeuSdgE2JCwBmQABPWyUcgSE7Yyjp0UU/LvirOLuIAnh6HUD17J+v4fEKVOjLBGIAntLxbqr/YYVAAxIEdBgQ9wVa8kekJ4AWN9Tdykmeka3yUOFVMXQVVmxH4ospQiwCKZF02M2cvVvkh/R+xrjHKSr1GQrKWGtbfKnCDOAqGRk6xukRwwZFlG1qqw6VeHwF4fLeax37QuA00PRlFW6io5HGoWPWrHOCP7CmRFxQZPSo/6WK4yNxG1SBdddT/jW7KnJhQAzRuqguiJk32/qLcQQBCXr1TrqKwqfzhHU0uRbJYsijp3gtis2iwrEJQtALVtRDVSIbRRYstAQCkBJiQ1BODe6xcBGw8rDHvgRfihGzaGeqYomqdyJlvrEw7cJzg1g4n9mmjrNJ+Xmiz4/LarZ7D4KpYebijiA28DwBwZAdsq3418V+fzA40j0ApaiDGcMAZ6Abndlk0utUIS9mG4rwdhH7oz0jWMzQ8HxZiIqtLpbW4DABe2RQMMteSJLArzyWsCAmMc5FEAXn9jGwzNFj05KnWteSjUeWFq9fR3ylmx+w6JrYfGvF4WepOjUJAtOnH7tSuWnunv6HeL2RKlDYIQJvPUckik21sV1BNKUHUqSUui9zVjRnYnkWucBIiQSaE7TwfrtZf/+yX/Mq73vibv/f2S85ecvF8LqYYE8zbeZrTS5/1gpc97QUXN8cpTSmhOk4N08XMWu6RtFQu8ZleC4SooyQTHUr+TJ2pbFP3tirR1oDc5ZIKCArl061OjB72ZzpaBGik0q5tdTDqtA937I6vQJ2FbP1lYF1jcfd0MTXi5eBBe3XIZIYW2ci5P0oTEdabJi/t2G4VtBbDgesUhgymhndIRYDctiu9XpcFOw4Wqzcc96nlTtQ9miWUsblqdL4RMQ/ODkd28ytDGYErQVkgU4M1+Wk+jbkl/OuSRzJHYVyJhuSGDxhc1Zjnz/sakXmgWs9TgH2DzzF0xxYrqxFANhCwE/Enx8sgIoFKGUu8d+7RWXuuyBGJHq1G8A2O7qbZL8vu3MZ1vgBEUHbkstm288nkW1Zx9aBmAzw2aXc22OaXGS2+8a59cZBnrGx85Ny7jp/F4ov4MV+qP6aaFViI1lWXqoqTQW8XFPn6DV3bkquRsMMEiOqmYpGhTrPWnZQb4qTNllrkU5wQIcoAd6yrIZVuplwTEWYej4iQIRU87AtORX3MyESCEmQr1/IPAQBlc5ATJ5rC4NpYF4/J8p+DdlM3YL2olgSKBhiDhLXAI+oB+oxM+ss0KZ+rHApSVtk1HrGTUrr5IjcZdgEBzAlyMhTUdm7mvT/X21E0oDVN2Jn4Jp7Rn6oJEXoKaVcLxZe64L/T5ZAauqk2QOhEHMvB+gkoGGSeI8So6qhv2oR7WhnlDr2RUSp/jwV/Mh9sh2hdDf6+dLF8heJuFz5Wz6SokP/XjbUwqK+XGK/k7nRSKRujYGcGUS2Igxyb6QfsEo7YzBTqsC0ch974YiHpt+uvX/k3RbUN9Oerm0qhsXP7X5J58nfjMPcQ2WqVq1q44mPByWGI9bfdMuXj7fEtV9/02hd98yWHpzYXj1erRICYEBEvXjx+wnU3vupF33DF6pJM5Tc/u3Q5MWCEm0CQCdlnj1zoazgT++4yLEstTQmMYvNuRgSN+e/cWLyck/79uXak1nW8XcNFB2jgG9fMd/a4rNyWEm+sXvdGRl3/RPM02sUe8n1l7NUldxNgtKmR7qEows4Ho0uRpPAv+EPXh2OFinszAI/SCxKw4UnYAGLxMoEiuQ+m68LlnYF85JtohrCAem6+ngepPz+2Qw9DSOefyFeUA1IBEBJCQkwkuUmXvUoHSj4Ayp/IokAFQ6ilI2JiehOjnYYA+bdUDE9HbBncFz9S6v7CHmr61OVA7E87+n+9iwAsqCXeIFo+TICJjYD0p+IdgTKU31igLKtG5MeupFfIk5f5JSNoVjYZRfPaKv8Pdqrka88imChCY9WyVZa5ytmB2dSXACfECSsfwh9LCHOAMotDJp4sAgBIABNBkjMHARMKb5Hr/KI8jBVTLvMewt9E9aV44TMoJmTg1BNcuR8iQar4gMw4kOy4RgREcmQyf5uJsRqAgFou6vdy3/xdmSrrmIUKAJBSjROeaHWbyKKNt5edggvWRn68p/YrfdYOhEzcaI3ODGmDrbDeKks6cicgXde3FAN+09XQ05aEXYmxN7R0dMG61HbID6B4aDnKYh7Id4FpE8W5lRNXLTLBkI1QBpflvEQ/bllJi2rRtIRNg4ol8VMKzRomB9XpGUBZddWNSNrWypIRL7ZcvNzRkyuphzWRNDagRuuKKN7FksR4LSw6eQp5uMF6IRlBCndsF1M8ttGRL9UHVsgKChk6BnsQ3LiLC6cMjBw3GBOy5eyRcDZsNEs0RvJBZ67dKNhgxYokGNr8ykxj1eJMADDP+fTq4CXPesELn37nf3nbb15x5ZU0X8xp2s4bnNJLbn/+i299zoXNhYR1PZZwTJRFpiwa8NH+sjmmO1l9yaksJmcKmByjLJEtqjmmAk0U65ftuFq4bTV50AWCVC9SZMsZozaP/cIhQLZT/acY7AOBBBfcWUrMgDUI543Tu/Pa3nAi8Ma/WDR6frb2pTr7oP7OClRvF25wpqPGUgWz0Xb5YDN8iqFIc1kfKkuR1Jyr5zUUIO5Rtt5VWEThcSe7bkKhjsckrfh7p2uplp0UyBmAX71jkMEJWpvD9i36lw56RioMjbJV0g1pQEmcM4wu5Jlp0QklmRdc/kYAohIlq3azLQsGp2qMWA+Z3k5UoQzmGVT+ld6yCqgFVKHRjQi16mjnVcngwXyw6F1Ts4OndBUoZX6rQ1GLUHVHx0T7DMyaD+puVj6lDBkSAqbCb+I1IKqdESADpJpclX6SEtQ5R5A/iOIPyNBfhs0g6UQWNlgummDIPJKIkDf5CpdrYIBmBpxUo2E6I2z1ilmImCqHqEytpF5hPZwACTMxVELKpO5eecx5XUESahKuQWvR5AyA/K6X+AViDteB+VP5cZpUB5G5I7ILlAR1fQ55zxVvVEeciSqVgIl/Mk9EgK/ybipWTmXduhXU3iyt+jmzk1dnjkNj99anTXjIzZifnbAOUf4smP0YhfD6F/UG6fSufcZN0PzFkQ8RQF1IkM1IQZvtYp61TR72nq9+kbN8nWhKRj9RUNBNiposVD50409xPnuP6VH1/ULyyUiysYVOl3aAk4dGBoESixTL6sMX4moPoy8EPObhrM3UOx2sBgoXYDl/8yVerWunExPaDR12N/bfadhoSKfjg/y9B1vKfCxw2H1pNXIfFtk2i1jtz+/i1GutmMgZRA9FniZM02qaiW667LrXvOCbLr300uPNJq2mjHRhe3TTDTd80wu+9mw6RVlPZw+GtotHHYVfPAm+ec+rrpYPuNq4yi4IX9PazUcz1v7X/o1DXf/349qpXMtlC5SQQssfTXd/X+LY308yDDLLrpCXpwaDBz+yUEh+TLhBiJt2gkMTi3f9bAe3Tn67VLkejhy2bGh+oIqxcwqDMOztUkdS19vRMBgMwMdO/aFj/bEF2uNd1yfwB4QaAKCuphXLqplMzxhFJ0n6sYu49iHbTT77Z0MQQlIsfS/NFZm/TRd3s2YwFBt3Q1gP3Bo51NvlH143Qyq/csELX4QI9W/zp3YigAyUIWeguSyEQlkDtAhjSEoT4ZTTKqeJylt8Elr2OeC/og3NUHZ7kWWC4sneqjXwRFSwLUuUlKku5Oaq6mhBCQdkNTix8AmShJSRCHMGIsiZU0cCyLotN8nysqwq85pw8EQc1RLjVr8CSWKMaaomBVN5JbLmukQZkDARAdRfZS9YUTkwp/7sJgmNE6U1pTWlFeCEmAAnwhXhitKKeF20I1id5FM1ETXOCK6pNiDT2E91z1JRhsJhrlmEIq3OPkBbxYG+sd9xPbZ69AqMRjLpCFDr4mg4X/GKxbhdl/iwrnvmYj/n+wAA/O45Lx00K5+lo9qbrjfw74uaATX2qy17DdySoy6fAthXKcjgA0a7LUZYyasdBmXOSIHPmQN+Da2KDs+SfxMSoS3JyLpHaUje5Qrh3Wm2Zsd+AIwU6bKA1tuWJNUNhwjxTR4X3PBq9nBorh3uL6w8jkdpT8VaThZaOGJBqfcV+sHiECMvz/FnrzqT1QB9bFdAEuPTE4Hq42wvEj1DSAkAMOftKq1f8oznveT2L3/dW19/zVXXPHL+kbTClz37BV/xxDsvHB8lTKVALa5Nj+rahYWRti+JNN9xd1cM/+4F9ku9liF86fD/O8CspWzgN6kU8lLO4+rDshTQ2+fS/EYCGRs+XrMiklciybcqtdqeRUHGjT9HW+cGAzHfAUKNYtRn1bP90LwPHD44LAJRADBoTMZkCdlKfguqHcsPGhnILXgJi1w3z8WF6a4rLf6NehPzaPznyW72F/ScdQMQu236ZLNsoRHJrnO0K9LgQ9Q2wHGfap7AMToPwPugmrBE1nGFLYwlCcgq2yB1bO+22OPbKQy0u8UZWRfXsXhdjiQCZZspkmDI1ucKh2FRwbwuUALn4swKA1kdg8uqoK6VlndCsOSckAASygJdQiCEVGAK8rlSUA9mshJrbA9AfRvS8MrtC8vEy5fFp6M/s4LQhkgka7HCPatlZR5DLEBsEWUGKtdRZorzQwQ07/IVdEr3kriG3acIQGWbUqWv/DQaIVBmsKSn7yICYUZESAATQIJUF/BZzkrLXE0ozsxVgrpWl5m/CICQCKhsmMXyWy5ssQpRFRsiojknLFueJFDmNXIiwqmEoqXEUFkEAPWoJARKPLslMZ4yEAAlKKm7i6xFAEiPVxRmaBNOc1Qo6szwrGBxWTzfJLqrs+jySlQFquyWu9yKzBmmfUNEYWMdNwrm1+7VcLlI9KawAiGeG4g4iOF2zDPJ5OhyqDf53u6rLsmrNnZ4YdNaXqWOmarQK9mUpUUSVCJIRqo8IeTjEr8xBoCYwai8MWYmMrBuQ+p5/eCzvU33hJdTPi1YAz82V5PtxtI9JxTEtBN/qEFsAwvjls09AEwoAARIDciWhMePHuW6k36LRiGKcyWgmTJvNmLs9x3YFg96Y/lSFrsd7EyW6WjlK7QcdSQ/qMGIzOPeQM3T6lEp3MPBV3KjhY/jy/rFTi/DvR7KXlCpxZBDAYLiaag4NMLNdnPTpdd9+1e88i0fvuvC8fkNbJ9x85O+46tec8nq9LmLF1Y45UyAGTHxKxpliwB2sFHbWosfVYvb7ddhXlQN9BYCQA1MWnaMrhM27/R9DB13wvx9AGundp8kvLYehO8l6tB4AQHrwci1lyZd6tLQzo4rC7Nt6OZOJ7kYgAfr8O9qrp+6YfLjj5voQKjDoo0/xElFL7Nr79JonI57GidOMWoRyCTx1AAHVsRwp9NwkQqLTLzpIrJdpxD3BjIsjbQE+xW5aeOHnepAFKEtHMuciYjKEeEABJQh65E9Xejmp/g0WBzwHTlYVm+EbknaFHdU2VsHZpuAOfLGNiEDFRrTYZ7a+dX2CPXFF7HOPkR0sVl5HiaCmCU1Us8SU6Sp5J9YD11HjnIIINekMQNRhpzFtxURSSVhkbdlEQiQIOlxjACAlADxYAIioETzhjJmzqwRAGVtjsCwQqMXTWFMLlOmyekhyy/JdyLEXI/CKXNd9syys84ZC75QcudUJCAkvBylFJeYiTIhAS//QkJmAk0ZKAMCJoSpJp+UKEtCmxAA6ibeBERAMxBgeXs0A1BOSLwDtiSGE6QJcCrqlQEBEkJiMBmQJgJEWK3XeJjy9hg2F6lQSgRY3p3m84qo7mfCRDitARLBluaSAELClFYryFvaHgNgLokvwpwzAgJlLD9jEwoyzHGS6RsbAZFoaeuCQ5ZOH9AQByE06cI2jjwQkR2+b+XqB6NRJTVyLZs4Und5NPStGhu5V5jRdtLe5sDPHd0Rh4328f4lmRm6JEbGu+GQThPDWRyJhrZ+GU86iaf3uTEsMNAddVssFVeovIF2RRQxpHsgY0gIwV/Dq3IHRUGaFQOF5F8BshhyF+/w9g7Xjb9BVnQCmvOciRAwYZoSImCyqjICP2IMmg8BO2radG8uC2toHPjYBjIhBuwFNxHsEAEbf+yBVTscLZpQ9J9NaGFulu/JJ/KmcmZ9Wx0LCQgTzFtKlL7hGV/1p7/2O/7eL/7zqy674ru/5ltf/Pg7NsfHp1cHdcjyng6mqdatPXxLiGUsDijqTi6wf6haaMr3cgU2U9vds8XRO0Zj+VrQJJmL7vwvwJdHLUVd3bUELktmLwKM7QFyhkxzprkkoZjSCpJfDDBHemtoalNQvrkjCyqmE+vfWqx1nti01W0fY30j6x2aAQe9ektKowt5NztIdGlSUFtM7KfcjEMlkAjMliKSWLetV3qE7dKrwc2M8thT/XiFkv+JSgkSgIPEcIvmeifwGgUt55b7eITdV2sdSNNVXuNxjrsnmxJ/6m+itCOFJZaOf7IaXnVb9MeLVLwMVBGLutBKdkXC9OD3LRUXXuXjoZpONRrqCZ5yiPnjLFn5lCZKhyWmgLKzxjgmTggz5JnmLdBMM8KUqGY1JV3JMG8NAzNRIsRMhfFYl+sAIAGuyj6fhEd5S5ShpKqZiBKnHf61rg5njU9z/qyioH3R/HwLAmTABLOcFUR1W9U04XRQXtfElAATb0ad+MwkZTMAUc5AW5onSHPOW6AZcZ3mDeQtDzrRtCJcAU4wya7dFI/zIXauREAJMmbMSDMhJkxEW8xzWfkQHNLpA4DVfHFDAID1AELChAg4HxPMCHTh/KPHeT5cHxykBDOlacKUKGcqW1ewTGqC8ntGCWBCWK2QEI42OdNqWsHhBPMWcMbVlOdMvBTOcUeZePlpuPJq6XC6QqC34EVsvSWqcrlBtp6CgpQAdHGZGMCBl9HsiUgH7RhAcQ7U6+sgr2Jf0NUIs+uj/EWitPKAfVnHXLnaEgD4ypK4tBhs7EpIO0t84hER20bI+5vbNWIC2vk79CMHE0KW8KEInl3Cbbu4sMZ/LVKztH8pWE8JJqD+lGin3lwOn/AeeplGh55F0kQtTpzIWuyeHWx89s7qeyBBesViJ4C8BABllwjRCqbVSg1ieffCIOcZyn4JqvdGMK/eYyVV1U+MiJ5N0CLEmhPZUNuJobfeCyxHjcdmhthntmTMobdKPgmIgr4cd4GAHlt24na13BgPkFiZtGWykpF5C4/Fm/1PZTmaW6ZuxAvlgpBSgdb8Uoa680qLLQQIM0FOdDRfPHXq8NUv+4af+MAvXoKnX/GV33AxH2/TdsKUs4ZfqTiRckJuQmaAYS+LmGWP1wFhUZwsIgo6jeDgC31GNPoSwhxBbU1+9m0XYxx1OJ7o8o+IGoXeLIBdtxSNBTEFFJnSICNWztxngXVnHslfVDWMjzBheUEg3sVqQ/mUcAXTCqby9ThviYgwE1TblDCR7k0xCPqiZLiCwUHGxIfvzvZaM2W3HrWgWdn9kfnWKlL1vKGGaz2IUuEdfL1fjUEvvzVkm5JlQNvQaNy9CkbPK9W9LT2hqL7MOGgvET0mDMx+A7rRzGaTgq3/toiNvobtuAuLZl0I3lODuGO5URZTbDWhJz8ONJQpQ99a8A3ChoRk0KnGimRCVeuJMbBbeFBv8WhYHJ2KrVk8wEZBWFrI2FTUO6IEhRnSBV13AkBr0QwL/W+gEPu2ikVrsyuDKiUMLNSP9Jjg6n0cPgSABJimg4Pp4DQg+iFUxsurkkAJaII8Q14BZMgZgErdk7ZHOWcghAxY9/POAIirKWECKC9GAkzTuS/e/1u/9t8eeuCBy6+84qWveOXBJZem7QxAmBPxXlMmSsy9+lFBSNAH5IVZLSPxtjDdEafqSvKzJnJ6AiGuV7RalfSbIKUpYVlsBH77sTK07krFiYAmSAirCWAFiJC3dESUS1lhwoP16uA0TCtI/J5nPWnWMpnMh7L+OVXGEgDMdPFovkgZJoIJiA7X0/vf+Y67P/OpZz3/xTc87gk0Z6KcgNL6YDo4BNpuHtmsEj768Llf+Omfede77nrVq175sq//uhnmC0cXMKXTpw4RYM5Zj7qljAenvvjZz/7qL//y0fkLL/3ar37C05+JCS888uB73vA773jb2576tNu++tWvgdUBHF2ElKD4IpjrKnH1mlCzz/oTn7IJUUTWn95ktQLYMKHdTUch8GIdJ/PHMlBUXL6I+JvirRGiquX9jQHcNtgl07Sz+cU4pph/dowfNR9c84Eb3wm2uX+CRTl/BTcUcKKyrzsa6D0RPyEmzmvuauzRbiK/IdOGK7FFiAsbF/p7UINdSSFArK37OGi43R4jsMTmDiGKdtcNm797VybKNBPBOq3ThJnyPefuv//8F+87f/+nHvjsQxcfmecMAFROYEOg8i5BhgyEmrkCUX2HveBY9/CFlF/8ExpdhuqAijrm5rU0E8YB2KCaP5UozLtQXU5Rh1j/y0RqP0wYz99MgMABLMo/yufao/okT4+cDle71m7JrSUzFhr0xIkSbgHHD8ycVNy++TFnaxyJoJCZZyLKlGVmyrD1SIcZ8mq9fpAurC8/eHQz/9jv/Px6Q5TzijBv84ZmyIQlMENEhGmacKp5KLIPRiivclANi6qr5gKWEFVPXiCQcIrjGZ4nBInmgg6UJzUjzpziKAcrG6u/MjvXNGqwboVsKMuiUiQZdcolxIjzxdBspGW2kts8DbmbACMvRIy4imcJWDh45XvZab5JWwrFCThAR0wijiq9CICAE55ZHV5xcNnNl9xw/aXXXnvp1VecvhwA5pwzzQXFTCS/Ijcwhqwlg2W6kXl8rBfLWLgbLHaDbS85tFh2qeuYXjvp1pQPaeR0cYEF+3jtBQiCZYDTWzI1i1rAp1N0AC6tfXVwG5F/kgjhsYUuj6VXqDsbYMxmhGIvazGWk8diSJqubKK807UTRiq1trrF7akodhPJoMTOPBkEwMdvOUHvcsAFsPGOMbvNzQ5cth/ke/XemBHHbG5pSI0J1qtPvO+ut7z5LdPhKaJMZQdGlsIjoe7fqSal+LM5Z8oEmI6PN7fedP1XvfwbKee6uxUJiSDRhBOsE2xngJwz4DQ9+MAD/+Rf/tCb3vruF97xzBe99GtOX3XNtNoAQM1mAWC7yZvZxB7CAwwc4wN4ETDnyqOygJrN0bXq3wkAcAWJIM8IE8xznjd5zqtTZz5w13t++01v3mJOqynPlDBNU5qA/WgqJxMBIpY3jyHXlCklXB+sARBp+5KXvORxT37qdnO8Ojz87Kc//e63v/P8haP14WEx8eKTEZAQM3E9BYEIcs6QZ4C62gB5Tnl753Of97inPuN4O22288HhGo/P/eRP/uSP/thP/Nk/+6f+3F/9f5++8hrYbGBK89G59771Tfd85jPPetbtj3vGbffd/7Gf+YX/9EtvfOvjbnnCV33DN67OnHnnW9/25je+4SlPf+oLv/IlV1x345wJk5yBi2/6jTf++b/8186ePv3911556+3PnKYz5z778X/zIz/yQz/9y6/8yuc987nPvfHJzwbIMJVd0wTpEOYNXDyi7TZojhV8Ezi3xpKcHFZnCu2v1JnGWV4nr3qr0AlkJQC88kkZx6iIu4yQLCwTtg9aoyXdVxYymQhH+IDsoR0GipJ5ahE1a7Xk21frMK4phtxGBui0QUT5YKeuUKLFT13vsX6r8JonSkIv5wVblCzJZhmQgBSgmoHBGqZIh/A7gEVPZp85wEF6oRUdVsg17gqZKeuKjuIpiPEDNf9ckndEeX3hyEDfzm3lPFwGZwD5vYpeWFBJQAhtZApyzjPl0+tTOdNH7v/Ub3/mHW/65Ds/ct9HP/XA3Z984J7N8UWYeXMuSEEPysoaaykCZH7JQ1FUSp1bcymZ44ntuER90TEEKO84MED5W6NvC7xOJKAgbx6LOAvCEt6HrxamsCULYgRQVzbrlUB3rludRdgAAQAASURBVOryJ0EyKPpIxg2k3ButPrHvLCRkPqWACIqTzQQzwJwhl/c0yntNGRJCSrBCWJ+arryM1tNdH3obAMBMkDPMpfycIRMA1pdVpgRpgoSACAnNbLJs6NSV4Itf4aD6BgnkcuZEEaTkYjlhNRkfoYqUWNhMRERmZpE5TMC8JQekQgawugZeZqDQkjgU6YatApt0Ulz6384LGJnnKKceLyFADDT3VVZi7FNmGgnyxLpQ9KLQxZpS3uJJAFM6vT77+Euvf+LlN99xyzNf8sQXPvfG22+69PoJ0sV8jAipvPJr4k4yxDHbzE+MmIvsXiPZocpuRVZOOuz0P0UmNxmu+ImKippoUdiBibZwSm6huxWsEa4TYkSC+WzAqoTHYKdreBtHH7xVJNOSbx1B+NU0KfoYOG0iahSrOjLLRY8n9SFYfJoGZA5l4DpUtbphUbSNDQK7uqu4AUvx7Lbk0Q0YJDwgezBIM8roIiPUIjcse9abOdNtJU8jXHtXaOqc/Qfsw8Qp2Zw1bOEAEG0SkEZTjN30lFa4bsNPkSJSgbGvffod5rw+JG/E2g0X1SBIBCf1PCJMCVbrN7/pt777z/+NswmOM2yg7r5wTOM7NlLYAswAE8AW4Ltf8/KX/oFX5s3FAjhBBsDt8fy7v/HGj3z0YzfceNNLv/plB2cuzRcvrlbT9ddfc+Xll9xw402f/MRH15/99Fx27WSEBPN2e+111117/Q01PIYsoQObEbMozGJDQNPhAUxrSBMQwdHFeTvjJIgXqhMiYUpwOEFKsN3MR0eU5828PTg8/fZ33vW//42/92AGkAN/oL61Wf4Q36e6FgwI1YGfAtgCXHUKfvzf/uDjb/+yebs5OHvJ+973gb/61/7ap+9+8NSptNlklOBCwhU2JDMBzTADbJmlCJABDgD+9T/7O9/17DvnR7cz4ZkzZ976+je+/jfecm6z2h4fHz36EB4eHD366NnLr/zcpz/xPf/g733gPe/7e3//7z7uy27PmA8PVledXq9OH2YEJHrL77zt//OP/uWXP+uWf3zT4577+CddPH9+AgSiw0vO3vfxj/zcL/zcvJm/+htffObyyz77e+8DSJvN0VOedOvjrrjk05+/77ff8N++cgWbcxemlIAgE2TICfLVV191eOYsbWcOmoJIo9Jq38KtDxF5Ap3F4ykW72X76IxTLfNT36moYCD/OpcJhow86xoIqsCbAqX4iHAhmqHNq+6l8aqj2qQ6hPZw3h3mzg2oVFW4MQUeJWbyiKyPH+S98ogYvpjsxpCXf21QJbDEAKKH7IbLObeezK4pSxe0R+3x5FAdwG0G7gQogrJLDzre1FEE4locfMUk7Zi8OFkggQtT2lsf8AP7fc62kLbrYmxroOpKHnugXbWLMgKcXp/61EOfe8OH3/Lj73nd2+5+18NH5w7S+orTl9567RPOnD2zgmma0qoUtJC37oCUiqvcanXAMgct72vkh/xZmWGQ00CmPtTChMZTzACEJHd0uytK28Ih5By8pi/AhW4e3AT6jE6pytYT+yAl1NlJQkuFAzzlUtPFJCam/uYXgv5wkyPAGCcW7Iq9ZVwVNf0tLQSwB/ZSOSGPiGjOOec85/Kz3VDyFqJ6Bl7Z2JcA00RTmnA1IaZ5S5DwYDWlDDPNc55zpply5kUBrBkNIiacpnIue0rIhdfKaJBSoeWw/l1NBpmpAYKqf5J/OjEy7OLD7I2CAXrtFlRcCCErDpDJrk4ClDMTAFVOEYy1l9kIqHhFN7ZfBUhfV+FfH4AaYKl5VqdUp4h4innSeWdBncRiKziwAImbyq+MI4pRqOJa7RkiJsJ8cd5sNsfnjs49cu6ht37h3W/43Nv+3bt//uuf+JWvffarvvKJz7/88JKLeZshJ6IZ0pTkFdXqJxRvqno6cm+qEPFBfyUqOLJgxEgD/mjGxRiYDQ3qZTTbMR0NNBnSfmLmhsKTWHr9Gi/FXBxrk5+3XRyjvIMeXW0eCBxBSLZgibU3lWmia9ae7jeoTZ5dFmUBasXAxQbWJrQAoZmZqh+yB5bfsrE5ua0gO5xbyxAB29Y6WF1kk0gD6i5QZEHAarBqv8aboQVXx6+WrsSWIDsC20vljDw7jHMNI6Loh/UhllhUAQAwMY8MBOyfpaGDjuxYySIIxPt6FViJ4JKOC3jJ5ZffcOXh1VdedfPNjwPKOWNCnCGXX20gLHuqMlDOOc8l+EoZIRFO99x337333Hfd9TeAxOQIMwEibrabH/2J//Aj/+E/f8s3ffXzXviC6fAMAs3z9nhzjHn+8Cc+9tf/j394fHQhpWm1ngAwTdO5c4/8yT/+3X/4u76bthuiPFUXreaN6SreAgCAck6H67s/+pF7Pv2Z88ebCfGZz77zkiuvygRIkOq2pJRnWJ85e/eH3//eu94xrQ4euP/eO7/8eU++7Vm0zUR05TVX3XLrDYdfuP9JT3nipWfPTNOqyi8BpLqoCgQ5E9G2npWZcN7MkNJDj5z7+Cc+fc3Vl5+57LJaZAQ4e+ll1153/YVjuuH6a06tVgSYKAGUPWkZeTIy0EwcDWScMxzP2xXi0SavUr78yiuBtml77szZyy48dN/P/NTP3PWBjzz+5uvOb/LP//TPfv4LX7jn3nuffdttz/6y20+dufKeex/65V/5r3d8xYsODk+l1XRxu71w4cJ6vfrERz/ypje/+fxquuPO5z/haU/N85YobTMeHh7kzeY//6fX/fpvvPnMJWc/+clP/cAP/DACJYKbrr/m/IWjSy85/cAD9/+rH/nRn/rpn5szJITtDNt5Pn/u4afc+oT/9a/85due85yLDz24Xq1UU4KNYsuOIrhobhaV8Mpi3YjvixJnsdxn6GoompVCH5JWybFjtTibAVxLZ9X7KVW5eucPGU/goSrGjTlZvHoG2tpuzvCDWRWmAKgtQuw5Pzeadyqm8/BCBLOUjSbiEgqWNmLtVY9Ul7Z03FFYh+zCd85JWsUIQ+jgfW8D7CT46z9lSKN4y7arSSjj0zkydBeX0Ly/6pwKsqM0YRmIFBU/AJSm9Tvu+b3v+80f/qX3vf48Xbjs8JKn3fjkx19y84tu/bJbrnjclWcuOzUdHB4cHOAKUk3DJJCoOSiIX7CxHPsie6avoYy5qyG8zFijRbUtmlg+1TtJTY8EvknhYck/AQiIsDIqU8lEygslyPiQAhJEEDGlhFAPgAUUDKtLL7uOWbSy9f8sB5rQkFv0xGRkzvh8FGpBbob416wzceWDypwSUc6ZymEOVLba1gtrFoMA05QmnCZMU6p7ahOUbJIy5S3Oec55novbqtxiHOR3wVJKiMh7phBF4uz+CBMK15t6+H2dmrIDSuIaY+ksV+rcEiDUNVkJjbRQhOb/mn6DvGsM5ACruNnudbpQMKx/u5gM2iqK+DrpBQDmZWgO1TLfLmNw6MN4BU9W2kvZRGFRru1ZTAGxnuyREHWLdGVUpkx0YXPhwubCPQ994SP3f/x9n/u9jz/w6Xse/MLP3vVLv/Wpt3/Hc17z3c/9w7de/vjNvJmBJrSWkU82kQIDcnTdOArN+oQpQouKbHQTzIzORcKTIrrd9JVR8LUF0KqctX7h1xc8LhYtVxDhlhUX9r1VKIV2IVyeDrz+0KSPMlJGQUVQbK5QunASrTEljvZ+fNVjsg25bHbt4w81n9GKuyDEVQcGrAh3rWhhcOhNSzCca6jE/ueqRWpaSwrqkhMwVt0Iv/hdbeTDNxhwujQWUGjtpXGKwIduWAPBauG3ytujvoyvkWjDkkuK+jjW4ans4i9dra9j7qDSTrjZHJ8+ffrP/YU//6QnP/n46AIAzPMWCDLQPNdCJ+Q8bzcz0LydEQCJjo4vft8/+Wef+dRnaXMRyuH8lZT6muWps5ecXq+vuOq6g/V63lycphXlebvNM9GDX7z/wfvuTzilKU2riXJeraYLRxePzh9RWhFmokQwl2RWpZ7E6xT3SYQ4Af7g/+9f/czP/sL5i8eJ6J//4+95xR/9Ttoc5zyXjaYEsNls1uuz73rXXX/pL/yl8+ePHzi3/dc/8H1Pu+PLcXUeEItbPn9+84e/9Vu/6Q+8Yrs5RkCi7eZ4K5VIBADIeZ6LXQfEo4sXz5y99Gd/5md/8F/92GZ7sQokIAAmTJDh+ML5b3r5N7z85d+4ybSaptMHq4vHm+Pji4i8swZpzhkxAcwPfv6enOHqm24+dfrM+UfOZ5qfftvTt+ceOZjo8AB+7qd+/hde9yszwfnzRz/2Yz9x7tELRPAAwR2Pv/nf/ti//qPf+dq3vvUt/+E//tcnP+NZX/3VL90e0/GGMK3yfPybv/arv/LGN9924zWv/aPfds0tjz//xUcyrqdpvTp1+u1v+NV//1M/9cgj55986y2XXXb24oWjzXZOmD768c/c+8D9D3zxEUR88N77Ljx6LmckwJwgb+nhBx+69orrpmlNvLHKns9ZHa8NmVn5NHyzthokBY1OSQVc5Up1h0ME14Vslw4c9pBiHNC7UjfkQOUWMzWo+289LdY1qpHld3ICwiEZcEVQ8Vvoae7XC9X0BOcjEMiW8TyGBSz6R4qScefqyPlkDsZDhmbk+3aqzZw7Ti5m/ObvgaN0wAPALnyJPlN5qV2iSqxVO1KJQ4BmfdIOagMOXT5hZMAF0iPcIgI2lur/tp6D4KqYPBdgRMIw0O+eAqrIp+n1n/rdv/3L//hd977v4ODUk6966otvvvMVt730jhuedsslNx7WKiaMD3qVGSclXlSX6ukL8tw4T3RfDWILM43hf7bc9rn5l4wmutjdxkhSWqsE5GrjawOOlvkvADVAyr/mO9Q37nQ01CE1GnFWombEDX1hwiLFudThOBFh4SpF0wIsWXZSzmXXbAbKlNkRGZoBJ8AJU8k845gABDlTzpK72lMzABOWPwkNbwLuukTubZ2KiqWQJ9P9wz1VppiNbilGeziDbldlgJ2WiFfHKNv3NxXfgK4dV0bG+FQnidFQwUQzEVTBaOVD/w4D9y4isuwDNkOpysb4OoKjTz5w912f/8B/ee+vv+kTb7//wiP/55t/9MMPfeavv/TP3H71UzfzFmpdieMy0WVvicvSotg6eylTYk22Z/aLkwoFUEdnz54b7wvigpfo1upDWJqzjsueWCN+wTp66QBd2y40ci3CPrZ5V8BMMk/hghEV25JvWsAhOccYY3gArRY6mG1eJ+67beDWll3mbJ8SEFk6FryzfUz2afFZmqvpqKWFizGMToBnYK3B9aI/PcBQowAE8QFhHozfoMqW0spyr7P9Tx4xfna2BLHSNAP7EyPcta5Esv2BAYm1sbwxTAfZC2DFg8tKftqLYbMrnkX1dQNvKZ9BYxf4OB82DESw3c7zlqY0PfGJtz7lmbdfOPfQajoAIMSUUkqYoByTilhPPMwzAAJtH77/wcPDw0yAOGF1VQSQ5zkTwbzdzvNM84bycc7z5uIRrA9oninPOdOTnnDra//Itx4enkqrKU1IlBOmzdHx85/3Ajw+IioFV+Qfu7QOo1hkJMSct3j61IP33vPWt7/z8w9euOyKyx5+4MHf/t23ffW3vObM4Xo7zyWchFQPwUirdPbSK3A62tIjaZpynqlyiQBwm+HqK69+yu3POf/QAw8/+EU9SCElSHW2KOdU3sdKePqSy89edd2v/eqvE9F6mlarVbVHpbZIOG+2tz3lKS98+asBkLbnHn3ki5deeQ3AKaj7bREAIF+EdOnmwc/83z/wL97zoY9/2x961Z0venFancLt0eb8o8dHF05fcsm7f/PXf/gHf/gL9z7wlc+946lPe/xmzuu0vuzSSy6c39x4w7XXPe7mZzznzte8+hX/5w/++Mc++okXveC52zkfAxxM60//3gf+43/8j+eON3/wla945p3PzecvIuWDw9XhqcMP3/WOH/iBH3rvez982dmzL37Bnf/jd772zCWXbOe8Sqv1+uB1r/ul7/lnP3jlFVf86T/93S9+6UuOj7aICVKCjOfOnT91sL75xmvzhUenSY8zcFbDRF0aBvuiMIGe4iahU1B6VkIsLbTCFS2Qu9D/JQ296anSLyGxS/R6CQUwnhKexLCKCNz5Q11nwE19hQ9bYoK+U1Mbbq/oG6p5ZD8KYCzEbmhqutqBNC43Ppuib+uRsjhiN1IxhWT7fAf2A+DLK73AzsxNbY+u5VimWmMJcP0jgA7/B5GHfljKvcLAAcIenFLHw+tgOaU3fOJtf+2/fM/H7vvo6UsvueO62/6nF3zHNzztRZfB4fH24sNHD+X6E06p/G4Xh2K6psp/AgOAl9nYmuvokZRw7SzG8iKkIyp8DvhoAYZvFBbmGv9r7ClrdBDmjY1N0tAgjVbkYxbRUOAExpAqsRpxus+unTFktoOcP2QtHq8wlGw1A5XDHswrmHWU4uonSAmnFaQJJ44XqhXOkDPNW8gzn1zE3REBV3WdQPNPNPNCWJJsCuPWOA08xmKpoJ5bVBfz1Gi7/kHbmHkjMxdVpesjBvd0EmXlLsS8fGiGC26r0PNvBbOV4DzNYm9colkXrSQXg0QDj8kxae0jLRAQIaUayqWphojAeS8RQYYZU7rl8sc9+aonvfTWF/3c+/7zv33rT37ykXt+4f2/ejzP//Dr/tLTrrx1k7czZUg4ld0LvH1nlz852aUph09Bl1ZE+VEodS5bzsWVQQYQRmnnHKJA0QhJbd84u7JxNNzvGpI93HfTgxppOfHVST53dGAR7lARfCO1KtkypOtSwU9ib5OQdmk9O7iZtC+XO+UFlLEzgrwNqZtWerZjRCwIa+qY7H4FTQIyuwMzAEJKmFYA/HY9ZciZtlvIM9BM5Yc6XM3Ljc3D2lJOrZIzOvZnYsQONQRFwSM3c1QbhCCqNKhHJgkrEQAo01z3ss7zu9/82z/64z9x+WWXbbfHOeeEsJpWaVpNU0rTVJxG2Ybz/Oc//+nPuG17vEkIOK1KADJhxmlaHxzMmRKdWq0Pc4actwfrFa4Opmm1OjgsP+TyuJtu/JN/8S8AXtrM1Ba2F9LmGHImQn4dtZrqaigr45BSmjK8/Xd/9+57712fPUXr9ZlLTr/5Lb/78Xe981lf8cIJCPIMCPWtBcDtdoMwnz5cPUQbmvnFBQREmFY4ARxvjgHxzb/xhn/5/T+IM509cyrTnHMhGYEg53y4Xm/nzeNuvP5P/a9/8Slnrjx/7lwCWq9W02pVq4uAU4LVNCGmRx95eHPh3NG5B3/0+//F23/nd77lD3/bN3/Hd82wfviBh2i1mhDzvLn6ulO/9J9e9z3/9Ac/ct/DF+5/4ElPf/blV1+/PfdoQjq8/MqHH3zg3/ybH339W9/ztc+/43u/52/f/jUvg7yFVH6DbQWwms8/NJ254n/+s3/m3s/d/dKXveSJT37yNs8HCS+/7OzR8cWbbrzxL3zXa//kn/gfL7/qiouPXlgfrFeHqw++63e/7x9976/819dP03paTeePjt/3gQ/Pc14fnDp15swlZ08/+Mi5DOnCZnPvfQ9+6IMfu/+LD6+maTPn46Ojpzzx1me/5EWnzp7Ox8eYJlSBbATVpkxddyFhzUBrg9JmE3h01Ax86wAoRAPL1nvBvCtBfUPV33/rgQ+Ntl0dreiaVV6O8tA2DtB47QuUe8Qrk/zWrNlEMrzERNk5qIZGkKxn5tUinaSgdm1N0TMhYnQq/fXbzlP55YnQvt1v46qwLtV3d9rRGVla+FrdBTHxglQguQ1REE344or6pMETs9dEWnbls4OtERLJAAHA/RYOejfLIqZSotErIaa3fvauv/rL/+DjD3zq9HTmJTd9xd94xZ952uVPOH/x3H35XMJplVbrhAB1pWuS+mt1MBwE+zWuiixjCpw+MRooQhkjEdD0wLLUN2Nz7u+0n0llUTLkZijjgYGD/sod7mz/5WIpLgeGxGfk74zbzIxW+EpJJIoULQDA+g6qRO/1NtW93LlELuXU1Jo7KEcQKOWUICVME0wJE+Zah4WKeZ4BEfJUTyvKmTHi3Mb+AVsUoBqDAI9rZ1Vpk1q+POKA38xho5XhKrKROkvKC+17SZ2fb3NbpBHt87wYiBYmqiEylItqsrGtwQ4rif66ArOudmEaRVA7FLP219UErEdFOSqJAAm3MJ/bnt9cfGSVVn/ief/Drdc94R/+8j//0IOf+aWPvPHGy6/7Oy/781cdXHY8b+y2aFm5RXbqquPE5wajIc4cEiOsizYca63B6ji7Md28IKa8ggWREtk7qFZUPwQHX9H1u4TazUcVNnVskLc6rfcBySXYqgtCEH0c2Y4k6bey18mbneywLNqpR9d/zdPKOcMu5oZIZ1lgC45JQTIJ3ZXPriLILHBEIZwwYZV1f5Enwe538nYC3hkOxjiyt2MJAX6K4M5GihqEQPX3BpH4PXsTZEkPlCp8caOla92tXd/Ir/LapHEMFI1nJgDIGVLC1QFBhvkiXHhwfvjztDnC9QGeuTqdvZLWp4AA521JU/kM+LAyzyPoU3VzKGFcXWWrFkikok6BCB6rAsmBDIZWYCMvJ4a7GNB4GgAAmMu2IgTEtProRz/6T3/4/z4DAHzKDnIKWHqtJoAMMMFf/yt/7jlf/lyCcm48IiBOEwJs8+b8hQvznLd5Sgkw4cMPP3Lf/fetTh3OMzz0wANHx3NCvLA9fuCzX1ifPSKaAVLZGEIAgBkhn1mnNE0wF5rrwQJGYQkmoOMZptV89MjP/cx//MK9DxCtzx09evowffTDH3nDG3/jac973gHCdp6nKQHMQHPhx3ycCbaUiwlIgAlSmtZTwmlCWK1X02p1dO7CBz/w4QcffPjs4Wq1niATpFQ2HRHAwTSdP3/+zmc9g2CeTh1iglWC1WpKCfkHORMiTqkwN69Pn/7oXW//9//+p97+oU98+r57z1x+6cv+wLeeueLKC+cvUM6XXH39PZ/48M//7M994b6Hn3vLNa/4g6+8+vrr5plWp07hvEnTKhNsjufVwepJtz5hdfrMxz/6kc258+tTl67Xh8fnz6XVdO01V1+4796PfvhjL3zxV11/7VXvePe7L168eOWlpz72iY8946lP+iPf9trTp87cfffnHj736FOf/ZzDwzPv/Z3f/t7v/b5f+W+/ebA+vZ5W2838629882/99luLY1qt0uHh6qFHL1w43hxtH/5X/+bHVildPJ4323mb84OPXnj5i5//hCfc8pRnPm07z9M08ZygNcS6TkBc64X6SrV9BGBVBFTw1XaxTpJRmYTF4kge5vXYwCRTC2MDYHTbd5RkZKFsWZRMMgL1siiPzflD2OI2zLXsFmPyRacWDLXYQ0AbDXb6cyluzdY61+aixkdK8mcQU2jRHLfY95i6kIWO8WpuBZYCT48fYkc12kDrtAyiYsMUEyGGZn7tQVeJqhPs0d4LXOrn6PWb9nLLRJsteWEi9HvdkEmAiPede+Afv/GHPvrgp/HUwfNufs7ff8VfuvH0lQ8fPYSYDtZrCUwQAChD/XVgM75G55YvPX2IyMkn6j/YdRlPF+TbRmYS9vSmzXWhhcdymSDEGrXA6DrWArTe7koMj7ChxD0vRhY6dJM+MLEsoA3n0MadJYKjDID1tEhAqDknBygABG6Trp+4EomU9T2sC56jie1ptmOnaxQmrhPL1QhIuwfRt+OhnZeYv+2a/u6Oj7iHwo3FsTUEZmlEaH1BEAoKHytjO8hYsonnIkNOkADmGXJJR2U2eSc34QoOVmk7b+49d/9X3/Kiw29e/x//+Z/+3kOf+IUP/urzb372dz7zlVNK5sh5oUrGdpbLkai3MRivzqZT09j6kI6JlKQU3VSCuAP7ql61UJ0UQAWfUep4grg+af7mGeU1WHsFa6Rwuo5vwVuN3aneXnam7VZYq1jOlUeOl3t1tgfyHe2e37YAUqeubOrVfHZdHVciGodyyqzW3tyhIGDfdSjbah1PJNUgA6JUU7NaYa00GnaJAtjRgUXOqUtBIfFzyQBRGVSkdVqnaQXn75s/867t596f7//I8Rc+Qhcu4Ppwde0t61vumG68fXXjM+HgCtrM7PVMiYIsUoKG0hE4vxAUKiukYYx1SxhbE/+4rCQyb7KFcoYdJpgpH104d8edz/prf+Y7p+ngzNkziIhpSogpYap6h2k9HR9tE8LXvfzrMU1pNRXjUDJQODj7njf9xo//6L873tJmu3nfBz905lR6//vf/zf/zj9IRPOcjzbbz3zmc6v16sMf+8T3/sN/dOpgTURlf+t6nXLO25wvnD/61te8+rlf93KieSZEmieYS9Zplz8IaD1N7/6997/vg7+XKN944zVPferT3nfXu87PF+5673sfefCBa666Km+2iDMmfY82IWTAVNeqp/JpwhViOfcP82Z+ycu/8fsvOfvIuXOr1XqdEhLlmskQICRIR+ePrrvhhpuechsAEZZznxPiBDDxOecJaiUU8/GFxz3lyd/1R79t9dM/f9f7P/iX/8pf//Mf+cSrvuOPXnbVVZSmo/s+9QP/4l/8yq+/+fIzp/+XP/UnXvGaV69hhnmTViuYVnTx/BVXX/Un/tQff/DhL/6333nLu//UB88cTpvtfHhw+vDUwd2f/8JTbr7hf//r/9uvvf7N3/tP/tnVV129Ppg+f+99m+OcCX/4R37sp3/q56687LLDg9P33HP3K7/p6//m9915ejX9xht/47d+6y1XX3HpHc+6/dy5o3e9/z3PetaXvebVr7z88kuOzh8nxCuvuOyd73zPv/yRHz84XH/Xt7/mjufckWdMaSKA849euOH6a2+8+frt8UVIaGqgVRNbQ2V0nlWhZ7+7n+w5QgCAfKq/2QG7KzqwAYu27oXt4XOpzQ28QLMbHoDtzcrc0dbYKnofAVOpQ2idmEDsEyE9Qa0EI9dUl/e8GHXCjmnaY/OShbT081y780NPkUZ4Yg8hvijcXfCEhnXh3ZXuSmlnZTIY5BbVilex95VVarFdbV3eKjJe0h9hv+Mi4lTCehUOpTByr2FVLWAjYUb6xQ++4Tc/9vaDU4c3n77+f/uaP3nT2avOb85NshmzqCDpGlfxpVJCtTGcZ4pgVj6QvDuKrhmYshWAsSsct2iIKOeFoDuppjM1HE0QKrzCshqf24yBfascmM/TyCKHaDmL0kICVFEbk/TpTFRwWNvLcrTjXFvUIRs9oKDYHniDCgEdbCAETARU3ykBZ3MMbuVJ104iB9lAUM6ZrzGkvDDOuJIpohtDwStkgYVuMBOwogxHTHydOI1dzUKHefPaUAWGJSZ45ukX9WR9D4aElPtespWo8q2+Fkxk/JeGxIYgS2oE1N0RJNNTH6ux0AAaQcfkXCh6QWuxZ5glnSCgjLUoM0PGCdc43Xvuvpfc/MI/+9V//O++/l988oG7f/K9r3vBTbffduWT5zlj4riZ53Pgj82G1XqDivFAXjVrTZzuB6kUdnwHmr+Bf/OTWMf7PPaGP9jKSoJxANTMDo+G7d2qbaSy1796q52t0xG8QwzzGK5lD2JNbVi3DBFbqO2CfTaOBSQFdTNIrqv/UCTCuWxPCOlRMx5haccrxnvFJ2F7kcsc5TXHohkk02fetzDCzx4KAPjXhWT5TM9WC5JjN/1yNQ8TEMC0mlY4f+4DF9/+U5sPvyk/+ijSjKsJEOjio9uHPrf92Numy645vP1r11/+7XjZk/PxRYDyaxskpprNs/CXlMnVd6NHSuMSUELkPkI3SfXe2ssqr3AT/xaLvsFfe83z9sL5c0+97al/82/9rdMHB3DmFGCCNAFkWE2V4USAE1CGCxcBp89/9u7/P2nvHWDHUeSPV3X3zAsbtKtVDpZkS7ItW845Z2MbAzZwGDjSEY8jHNwdOYc7OI4jc8eRbUw0YAwG24BzkBxky5aDbNnKstJqtemFmemu3x8dpnvevJX5/gazem9eT3d1d3XVp0L3oN0bCoDIOEWVDRs2XfOz32mfaCRYpVbZNzzyu9/elElgCExgX38fF2LHjh3f/p/vKQWcAWNABIID48gFHx3PZkzrP+78S3TaOObKCnPtRxlDFKB+f/0ft+/cCSo77shlb3n72z71qc+uf2r88UfXPbPuicGzz0bGpNQ7NskMJyIqywSMm3eXIQNkSoLK2jJtVev9Z73oJZEQREpvRDWHSNo0JGSosrTZTFSaqUyRUvadYIhkNaMCUqQzbHuHZr3jwx9dtGzZl7789QcefvyTn/viM089+cZ3vnnJYct/+uPvXXPtT8ebjfe+6dWveuOb4lolm5yIoohAIXIAlQGdcP75bx8d+fDHv/Dk05v6e+tSZUmScs7HEjU0bXoy2dy8ZevupkyHR6px1FPtqfXHnLN2mrWzbOfwaJoMj42ONyYT2WwAHzz59NOv2LixFlXOP/+8m2/5y933P9Bb71u8YGFvf7XdVgxZrRpPGxzgCKRg7rz5Sw5ZMjnZqtZqURw3J5tVIXT+OSKzi62DFS1DomO9ohworHdf2DuMZYEiutUEZtOon+DTuQrAW90ezPEWg99ocBdDReBVa1KBSvRKeEO4BnyxaiSRTWMrkOI3Y5FER6ig45E8lcjHLj60IzeIBDaua7NuCBFLJ8SvnOwdQ3f3V1oHkVWvRh9CFykvq6dkTLybeaTRr8TTjmSDWoXgYbdqg187ZgdCXvENQtIoJVeYVOiv88U6Gm1gMKe6zMLMI/CljKhnreiYd/zm6W/3ufAbeF/9DR8agiLDzeM7r133exJUk9FbT79q5ezlzazFReT0vTM73bJFa2y4gQigYdB08LlzBaNTjMEVIEXvd3+ASzF7iHgIwMspclq/U0o4meOMVcfHzrFr5Rv6D6P/zVuanWQS2aotmAoqCujOIUqQ/OX8sVgYam9VhtWgARXo9uL4nS48pRy8CvGJkR0FIUv+EIXkO5vHRqjAwDHwuuavDP0vevOeizX3lGfSBR0pH8bczClAavs32AllxX1QVXFqwXkhgt7aXywa9Ss3NVhNV5wev49hgMGuPqsCwQU5MKfZJ9ebnVyVelX5Xy0D6miUFqGoQDGGlSgaaex78fLzHn3+yR+s/fX9W9fctvm+ZQOLBBOKFOROB9dtf+x9FkFC+xo7Jw1zCoqqIRB93nS42fHbcM+40SWy7zbKwXfYHvqbu6009gewQJmt3y+Su5bcQkQoVWd5opNxbZQ0UhD4Re1gFX2JlJuirVCVlNjwnvcrv1lopHBQTnBEgifvA0EZqEjyXs5ZCOg7pUsBVxQdvt3oL8VJ3stanfTSZLlNxbag6wLargWcFRTFXNbrmwzdyiNPbVn/qH9mlANIoVPRrfqikiEg4DEKlm2+r3HH97JtTzBexVoPkCSQQBlygZEg4LIx2Vz9azm6t3bee3HawdRuoQ7OooZ5ncsdrFFtlwYVSnj9JzMXTrA7QgN2DB0Vxv1mq3fjZWslK7oJgBgyRCDzfrBsYmJi484d+/ftB2R6Z0ckODKOCIisnWTIcdmhK/r7+jOpkCFjiAz0fhGm5LJlS974xpdXqj2CY9pOFZGUFNfjdrOdJOnzO3ete3L95GTjoPnzj71sJUNkwAFAKapEcVQREmFkz97DVxyBKlWkMHeValGOiphCBKV4tdIc2//U009lRFzg/PkLlx2ydM6s2c89++zw/tHbbr/zyBNP7qnytJUSSX3igX5fGZB9p4EGnMgQUXCu38O96i833vCHm0llffU6KBJxJBWmkHGAWrXGuUjSTMq2SjOl4FWvuUombQ729CXzUhCCPKUZmUBKGs1EXfLq100fGvz85/5z9UOPfvfq6/bsGznppJW/ueGWvcMjLzn/tH94+5v7+gfak5NxVGGgs/MQeISZlBONo0448eMffvfmzdvvf+jRO+9aNX/hzMsuOW/u7LkLD1o0b9FCpdII6PzTT7ryFZf3DwxWo7i3t5a0EkVZmqY3/PaPP/vl9cCRSALhUcedsmDxsmq1Qqr9uz/emEi49a5VDz70MIu4TKVKMyWTlpSTLVKkPvW5L0YMZEbIOCEb2z953FHL/vvr/33cqSe3R/bx2N+d68cr7BJCq2hDsOIVLGAPL0tMV2HUMCIiKbc2tc490NaegjrxZJK7cikXWmdQJu4IvD0Fpc2hf/6QQxndS5deWHip9P/zhcVWDpDjOvWvpZW7R7vmm3VtOte1FJQpMQIhB90Wzr3QUZ3a+AxKHrCEjwmsuVXU1OGuCVd1ieIsYyQXEug0Qb2mA6jugFvnve7dKBbRK4ABU0B/3njvuuFnGLLTFh995ZEXkZTcgMzc8oT8CBUbT/LBcqH+fKMNgg9ccrFhSeg6CSUsEWKiXFv6gckiDCGPQ/xwmqdiHCWUo74CKVPyecmyAw+buO/OR68bKchBnx6/CgvZDCkBzgloNI/kCMDid7SjZHeJBtZlDpIcGLdUWFoBEED7cN3bgfyZL9KRD6nfKZ9gbwo0iU7p57v4ipeFO4FeAbAT5gGm4NeuV76k3HqjHD16Zor3rRAyh6CMN6SdV1iG/F6EQdsyPUGd443Q8a9vN3WoIqtXHd3FQSYr4hhDyRTP2GuOfdma7etuefruW567+5KDz17Sv1Aqg88YY9hprXuDgl6l1rx9oWK5PHiH4aFEFuPa5sy7A73ee0+VXV21sXsksIfLngeLVdw9l8XxAnv6Aq6OlkuqLVi/U3szfcTVXYnb4cFOTinAuyJh5QR0DjdiodoO7FWgrct4IuZ2D1gt29X1XAZLSvhGr2OzmNE45jBP+C3QUwBdTlYV7gRPuu36CgiBMVLI4prataZxx3eyrU+xWh8RgcyIUgAJpID0flREESPG2dOrW+L/qhe8HyuzKWuaXRFodUsAVciMjEdsWUzbIYtylgh4oQTJlFq1TuTo/8wLKxGRIWOCiUrUmGx+/wc/vu32u3vqNSkzUiAERwRgDBHTVmvR4oX//p//NX1wEAjA5FEYfzhkyZHHHvvJFStEzAGQi3h8z+4nHn+iWqvOmzu31tN376pVH/v053fvHVl6yJKPffTDcSxUKkWlEkXx3p27kixdtHgRi6oCAdMEiTgwr5dEgISMkKssE7zy1Iand+5+vjnRmjE4dMrpZ06ft2DFisPvvue+NElvv/2uK6982eHHrEySFJWeLJWfu2fgiD69EQGJcwEAgsd/+v2NX/v+L1KAyJ5l2gZAgAiAAUgABRADpAAIcNzxx0bIOEOzU0a/Ww0kAClQqVREgKQkCJUk+4bHT77oos/XKv/x+f++/d6Hbr579X1rHxsbHztq+UHveMdbDz50eaOVMF7RqUBarAMTCAoUDc6bf8nfvwlAtj71qV9cf9MxR634+zf+/aLDlmaTyf59+8bGxxOiww5Z+MpXvoxPnwWZAlEFSAEYULrhqQ1JRq00IySSaiKB+sCM3mnVvVs3txsNRFi0aMFxx67s6+1VWRZx3tfT8+QzG/5wy+1VUTnt5OMPWjR/crzRbiUSYHy8sWjh/Fq1xxyfp7cCB/qwy6argLcJwtUd6oiCmiQfA+mJo3wn54GugDAwTAQFbZL7qbqqIZ+iKe8KI2dzsm2HcwWNADYvL0/XQf2XQvrM6nZmsfeTj5OwUzvmeKzDd0hUiGTmlVuNXprvBG5zrFVX0KEYOqotTrWl2rPfwgKFEGveqYBf0BFQJNUTiH+D8Rn63aeKwfpuabLwEQO+QIfMw9Badzc/QT69gQnqD3XppOjZct0ICfZ6VGIUaxY1ywIBkGErS+/b+limsj5ef8Wxlw2ynqZsIuNu7tE5ebUA9ZmZ3AlxnYMX0KWfNgpdu2PD5UFG4VtgFLobfNPIddANqN9Du6Qp5wpyiQ6OGm+ZupXsbRzPwVG+gYUomF4EIv/dlXaqCfLB0gOFYBJHKW/FWQs57XnIw/JXTrE3/h64sXDCxdtcZMzrQi5q8qd8wBVcCPnvXrgIAQCYfTm4I6NAYV6xNXNCx3/HbJnsaU8N5ENpKfcIyDtNTj6CxXKGt63x6sSmmXovrybHYeAJVywKVW8pWgWn2ZbC8B/ZLHTn4bY85ViUck+NF7X1Bqrz8kg0ARgXDbf/BOFB/dceW5RPhcHb3px3tqjHGU0WMSAgxCJqZs3D+5ecsvCYB3Y8/sTu5zaP7VzSv1CvJIa+es7lU95lhI4ZArABsaD7nhxzo0oFaWwFtFmEekrtHjC38LyFDJ02Ffk1lEjjoCf+4ijH4k6J+8LQPFti0VnZlkv+gmAvGmxdwlOFwqU/FbyZfrU2GcBxde4EK5DdiS4Mg3uEIQYTaHcWlBBgW3AEBKDCHyT9gToG01vZXacvqMsLYnWbQTtcehZdv8gcPu1GCciKMifqPRSTS0mHCSwaLG7oAPIXvM3PJUJkREpC3I/J/uSRG7JtT7D6gFISlELTd10BB1SESEqJSICoZBselHP+xE9+E0jun2KUr3w9+wAWP9tcdTs6NlRsOxQwpRmYnGtdeCmXUNaXaTUyBUJO958MVnAjpXc+CoGIDDkD2rZ917PPPT9vzkC9UkXOSBEgVaI4SdMdO3ZOHxrSsXUgUMruyAUERCWBRfVqVEnTFo8rUuFvb/j9d7//45kDAx/4t/edcs750wcGGOMEWKlU+mcMCc6zVivum7Zry9bPfukrzzy74Q2vvuo1r3+9qFVUpt/eKQt8osURq1Qgad34u5uG9+yrRHjqqSced+IxUOk97dQTbvjd9bv27N++ffvaRx855MgjGICSEqQCyECnBBiRpUlmoF9XhhgjMMCXXPWqqKcvSxIuxJoHHtq8Y8eJJx13zNFHb96y/a9//mumsvPOOXvJooP27BkmmR1z7DFPr39KT4DeSq1FIhBISVmm50gBSeA8UrB/18jKU075xCf+jT73xdtWPzLWSNptddrJJx5z4vEQxdBqok5z0yyGjAiQMQA1MbyHRA2S9pat2xOCuBIlUo0Pj4yPjEVRNDQwnQHc99jT//Ot73LGCbBWrerjlBhnD697qlrhAhEACZkiSFpZxhqQpQSQEh5x+KH/8t53zpo5NDE6QUSDQ9P/8tfb/nzXfYJV3vCaV13+qpeO7t2vJCkilch2kqatyeGNzw3OmmlxEfrgyWXH5E41c9+tCDSsbnEX2iXtUly1MCTyUIGFNnrDOLkbVsGXXA5/eoglt+yckNfE5TYFGS3WIdg9vZD3N7cpAAFAOAkNZVQ5UetMlK5GRfjBPR/WQ/7N8hEo/DilMdZtJHNqAsQUPFOaCdO1oSIeAehQpV5GWT6aDo67xrqZly/EkpyKMB8B+LrT3wuK0NnlPCnL9c+LNJQ6mAs0BjAIAnqKT/r+HizjGh/HQfDZzbXP4GPtxsaR7SDlvP5Zx88/ikgJEABKoadYwl4EA2EVDrp6MVdAIdzIF2U4JjnFweFhbgz8T+jfQwIskGWQqd9NzBVfoX2fTDex/lZR74Mx53JBEPAS2VoKc+06TuavSYOyj+Qkej3w2y0Dgj6L5BPq+Xa8BdS5G0obxB7HGpSEfoXgsAkEjFSSp2eLFByRHWzvSdDgjpsJZz4juNQ81z0bdHe0BQNgXf4Qdt9TCIAFyR4Q6EMmzz8UtAnowLA3KEiezvG1osfuaOfdn7pAM7n67DjYQUF/BLyVBsE/BP7goj0CyqoKKmjMIkMAkN7cZlthyCVIBH7YjOUz4oG9k/vXj24+c/7xHDElxZCRtbtL9Bj6AvAFhwGtVQnes1N4jl945YWJRWvE5s4I35dHxlnQLeUBOyxYfTvnB0+FdSy9rtSWJMt4HwqrpgQ8oLehvAs26IpMLPm+x65YIGwUOyrwHyy6UwGg86zaqSbOOfPLu9Hp+8aQK/SK8JTAVACnvA3IcWqgzPyWXdF8gZVOIvkfOn41q44IMIrV84/JDfeAZErqnFvXEwTggATAEDghU4pQxJQm6Yb7+PKzYXAptMcBRVC11Qk2/dZzCOYIoiBkgz1avr7rAD6+siJnoduYMXllAEBpdxEAIRAD44gSTAfyADnEVX7WOededumFMkmAEWesVut56KE13//+jxSKTEoipSiTUtslRsYQCkVKJgnjlSiu3/TrX3792995fvveeafMmjl7rqjVoigSnHOgOI5AUdJuInKZZj/71a9+/bs/tdvJyuUPX3Hly+NanSjjSiEq0BYLus4TZCmvV3dt3frIw2varYQRnnzcMT29A3Jy/NAjjjp65co//fnO8VZj9ao1F1x08UBfryYRgCSRNFZiAAkRkUDFVRAVccr5lx9/5oVRhW9+ePV9d925f3jvlS9+8Yvf+A+3Xv+rm278I+fizW9+89Fnn9PY+zxJ1dNTy7KEAIhA6VPtpQSlFFFGSgJkRFJJBOAqk0rVKlFrsjnZaGUKms22jIBz8ciTz659+JEzX3RJXKtRlgHnihARJTCVpZW+6sYnHr/u2l8SSC5w7don+yP+zLNbrr3mZ3FUmRwbvfTC8+qVWg3ggTWP3nffg5KgwoAjCsEZI4bY1zMtjiockUAhUoREjLhAAmy3szbQqgce/tSn/7MaR0mzyTmr1yubtm3bv388Fq1rf/aru++7v9loRpEABCIcnxjftm3rBWef+d5/eS+rVClTYR6lz5UaNZBboQFnF0yQQgIABgc25PW5CIPznQZywK4BDBa5BnglSiTw34XvG/MMPW2LYvG5crMvz7/tWKL6SfuuYCrVXs628exxTwM4msDd8Y7KKFE2hRu+Ls9Vo20iTPrFYI7AweWuV153yetViirHBWoOlLjbzYxEf7enh7YCXf2CrwLWL7RYruPB8xmXkBpI5MLSOGCXczPbGrolcWxb2pvNA+tXfzr8Baj/bNq/bcfEblR4+MwlM+vTSRLLzzf1EiPRwlzTpl3euaPZtWJJyou4p7pmRnmAn+ykWkDjl/GrdAAyf96vLeR23eP8uZJRwpwI96h7wj++KafNjVNYr0eRWUNY8pT3BTtuenjBaG5/BbmHwuociCfoGBXNWoZ3APUbT+0geqvSW2ABb9lcajcsRVDliSX3wavBBmG8Yfb1AXoj5rXp1+dG3xBYHEqjQYKVbabd5yO0DepJC3ehWTxo/Q1eLf5YgPdMMO2dN0P6bBMuEJH3kUIz0hlIjgYToswlUB7dtY3a9WM3dDj0SmjlfcAd5D1oWAcBGSBjAoiOmHPIwYMLt23a+eDmxy4/6Ox5vTPbWYsM7YUd6ZpEDKfPG9duoSpNVsevvmlB7nEiZyWGGqdsyLtcxlzpNEHD0QgSVcA6aLC4iH25WozLlYs6BA1IC930+97x4UDdMR86I59+nR3q38dArjYA6HgJZ8Ej0EmArU4XDkxQr/q8X0Gvi1Kxo3J/WZXPcmCzBp2e6iLIl7kjwq5Nu/kzl+JWBhluwKC5MrqKWMUT235iGSoFrILt8WzTw7BvB0Y9SknrU7PekDyWwwC5JpmJiEa20uaHcOhQMh6nLvuUnKfT0oAmxYVCIQ12jgvwQmsOn5BcCJlO2ceKohr9vCYCRP26ambCgCCE5htcumTRS/7u5e3xMY6MEHm13m5OpplMk1QpIFBSKin161t0Y0wBEkClXhOC33v7rf/+pf9+fufwyhWHvP0dbzn0yCMRUQguIi44E5wzIFGJ40rtD7+78YfX/FwpecpxR7zuda/pHxpUWQYExKQ+IIOAOcGKQMgUV9ldd9y1Z89ugTjvoAVnnHFKb2+10WjMmDfv4ovPv//hR/cM71v/zIY9u58fnHEYSKmIdHKsUvbgFcdhelcoAaKIK/VWozk6PjJ92uB9q+5Z/9z2wekzpg0NZVkyPjKipIyjKCFI20lbRbWeOsQAXABDKSURgVRKKZBK1yo1SpBKKUkyrUYxYXbbn/7ypf/62p0PPjZjoHfpovm7hkfue/jRj3/8c59TeMZLXqqSlNKUGNf8LgmBR6vvufdr3/7fyfH24LQ6q1T6B/u27tz59W99f6St5vVEhx68RJLKAI4/bOkJx63knIMiAYwDcEaI+OTTz9276kGmTXiQDPUsEeNYq9b6e+sT45O333kPAkQi4hwYKGDi4IXzkdTDax+9575VBMLwB+ORiJqN1pL5CxuNVn+9X6ZNhyLtKTsB++ZGDOUnXhTPVXB3c5no5XMh2I21hqUDpu6mZzphqFbnZHFQYFrZLabeaitil+JFpb8Id7fg7/T0mt4abLRaaE64TCq9Ur1fQ2U2RVgPoKjAvFbQQUlHEDk1WmK+FgMu5MRzqOH8YcmtprzBoD6llD8+2tJiwAA84OuhKtTeBgIFCpwEc9V3Gw3IlS5af4X7Sh6Cz7vXpeudMepuFqlXAIwuQ8wZyqfZDoBDNpYJHS4PyMqN0gNAgRDkdbBwp0PaaZlMZc8Mbxoe28ckHTH30DrGTWghAiCzB6AHjRBYP55ZwwWEbhFxmd/Cm+UC2KLgG9jlavWj93y+UPKhCp0m7oCfoJEAbRfjo2bh+fAsJ9J90vraveneSLqCaaOf8Mgh9JYDuRUUPkKQL9Z8oMjG1nwEZhOliMhfvqEQy8eVchzhILVF8F7cB+ySBMdg5MtjXxTnw6zNoQBTeuPmhAy4R/2KNSE54ZTLGfQ7m/sX8l5Zqi0/Ud5oIMZz0i3LBneDJeK+646h91zxKoxFyCtlGqL87JmQJCp8D5QZWVntTa6Fx45yy2gYDJKTISY/MuyR4Wz0H2bIGSAhNNP24oGFS6cvvvWZe5/dvWl/a3xe30xFioBDYaq8P+5u4Pay8qegy5yG80fGUe6Nb5786f8EYSt+lX55v4n8qwl12ukr1aQ5S1oFRB1lOq5OXQxWqXlEloCJoqLv9OB2MCQCFripMIa+HzQYKwwKdyb+lIRkQ291Z4/C8Q5ktEcPFWouuCRzCdnRa6e+jSfaGnG+ig/FA0LHsAXM46tT8B/0W4c8e8FIsU6/fCBzfD87FUVoMBsIgEhKSqgOZCObWs88RM0W9PcASXteDxUTa7Wq0iKTR9nEePLcmsoRl4KokmwjMqOeivDAbRDz2JickKOOLuSPuoBSiXAj8n9wnOV1mYImvScRzEZGwThnAhlmWZqMNRuNlAtBiBWQ7UZTkVJSkZIkMyIllVL6/aFmVx7nDFKZPHzPnR//xGfWP71p/pxZb3zTmy6+9DLiEShALpjOSCUmoojF8Zr7Vn/xy1/bvGX7zMH+t73p9SedeTLJDBQgIijKT4FARsQAEaTkgsnW5J133btrzz6QKq7E96564LFHHhsdbwiGW7dtRwWIuHXH9scff2LRwQcTMAUIOltYk6rPGqIMKHOv4kZARsQx66n3Y3Ps/tVrxsabp5xw3Lx5C4SIGWcx55xzRC7iWquxY+vTTy5eMJcxIIBMERICKVISSDKwO+AJQQFDHlcgTdo3/Po33/zWd9Y98fSMntqbX/uyV7/qlTf8/sbvX3vdA2uf/td//eQXlTr7pVcAMJlmhAAKGAK0mwsWzL/80vNk0q7V+x576tmnNzw30N+zeOHyZrNd4bynr3+y0WwDnHvaCZ/65IegXpONFmecVIaVGKT62n9947Y77lNKASEoQFKAoNrtmNMlF59zyNLFQzNn9fT29PbU6tVaHEUMKE2lIlJSAhIxBoRSEuM8iqoiFkljcnBwsFKtkSLg3PEYWdGdqxPyljD6dwMZaKCYLwmKNQTKGUh52tcDNZ6m67xyHeTvUwg3WeRgx6wgDKBZ2YXBSgVhMUsBNJjWcvjYWWfRkMu1wQsxPqe6dNdspANcPztNUK+V8PkOdAd+RcbU8c3CorfPjWbZ5ZLEUCdddozE1AHDF3I5xON4zjeNX3jtuVFXuPk3EVOCZQM9V950qA2xa0EoFiLvczgRVimAjoCNy4lUNWssWjJrAUeGCAwREBTlusNqp7Bxf31aeyK/73+2mq+w2LrSbz5giCa6P+R1z4LgnMn9Yp4104GuPJK1H7nQouVYCCKh+UcM/7hqLf6y+MiGX7z4UekaKeuuds4W16od06Kg8ZCf9zxisT0nB3PLMB+TMubPOSmQDF0nyLnNzQgHYxtoCWPXejQccJkF+Xg5y5culHzEO/jDC60XAKMP5MqoyYfZmOyFSjsaf4GXVYTapePEOHhnIWChfOCndc0iOdkcPGbWtAvlIAAi5/azpLQP+2bUBhBpPBlry1ah066SzhUfBlFKXGB/wxUGJzt+DEzqv6F6fx1Qx5CBz/bFSqfuSBHLd2m+/Nnu6rL7zamaMsKme4QZug7t33odqNP+YfJGI+f2vxWigU4s2IqeoWNkk5XnFi4W2j/w8JT2wrZI+oWK5OCU85f5IrDw9Ato018uCgiIiHFOzbF0zxZUGRBBppDrhi2bavcTAll/tdYlDBWMboex3TB9OaQN5AhKmZf6+mYy+bFRiw+ssPLxK3VhthALligFgPx3ixY8M1hb4oT65eFEwDhjTAAiQ1GJIgRIMgmRQI5KESGmhEmWKUWMIzJSUgIoRUopIlCgTUaGyPhdv7vpS1/+0uNPPDtjcOBNb3zdVX//eqr1QpKgEIJHCCiESKVMMVp734Mf++S/P/b4kwO16ttff9UVL79CZoBZys27JZklkkABIQIjAilE7dEH1qx74nGFigDWb9j46U9+QakMGU8TSQA8jqNaddeekd/97qaTTzp1zkELm0lGBFkmCSUQKgVEGZAEIiCliEC/OQVkVI0iFt/xhz/du+qBGPH0006YOX8OEIooqtYiQuSoEOMdzz39X5//j+OPP3bv3r2REDqCCkSkFJAikoCkANpJWwEBox0bN/706p//8Nqf7do5PG/W9Le/+Y1ve8/bemYdtHj5YRzZD3766yc2PfevH/j4f7Rb5175Csa5kilDzpBku3XKmWccc/wxiCxpN7/0n19e88i6448+4sMf+eCMWdNHhvdPH+i//Z57OcDw6NiGzZvqfb0yBcFjpSQKTJuNfftHUCBw7asxTIaMqUwJEc2aM3vatGmkCAjSTEpAgYwLwRkwEpwJRMYEY4wz5OPjjYirY884vjo4R062FAGiANTsTeQOU/QYNP9SAja7y3T9q9noV4QGWoaWL4spFJP3UxBWPJCF2eXC4kcEyPNvHfrzbBwigvA4uEDBhK65vPouxmeHe9i3pTslofWgeVaIHUcEsNntOpJSqDnf1mWsFRd1zIM5xnzPUzJM/wMK889ddbZFP8XoMdj6PQKK7nPPZevqnypFB0raKoRJXW2OsE7a/LSlAvwFxxsONnV0zqPfPeeNlbMkipNidbZFR3brSMfuGh2Tc1vOiiECsEsKAEgBISEn7OE1TSkyZmUwmQY9CgsnA5HVbN7q7PAdoOtsToRvDneuLM8Q8X7Cjo1BjjZ0eQROg5AlBf0DQqCwAi1L6GAmFm6CP0mEuU5Hx5UWDfiRBq8r9kWv1pgz0seCVAvIPA5xLGoa8GrOjUGdnh02p/S75Ix5gvb/rhOudAcSRXfXNuVWpeG3MFGf8n+dceCvdsOcHpYx8TcKUjQpHzzTp7wuK7QKI6NDOnlwxVAeHFDlJt+zzPNUnByEeSFZ21zOnkHTpob8K1gJ7LqO3v+sWAVHna0ubyHnFjQxQ3DSwhXOlwnmteX2uxkwf8k4Hex8wFpo2wPDXD1e+7ZyRMac+kJz3CYQI2KZzCRJf4DA8YYdu2BpdDiMSiKfVhM7mn1JVZ70UVZbrosxuAOegiz1hBZkiV99MUJb+DkkDAvD4ubR080lyTI5Fx2gm4ZLLRMFisyJ0XC3aafy9bBCQG6h0c6IaCGs2TkI/oP+gJt+Tn352ss+knNOnjIErsuu2nzJYH4zr9hmi7rv3SYbQmdgYTa1GVW4nDo2fGsULhRGxzOOyVuabt2DVQJEBJS1KW2QlKgkkYQMQZ+VSmDf72k+gFvzBEpB1mpVWg1kjJQCkNZNyowaMRsavQ4Fa85U5tg9P/7AspRn49ufKT9yM9B6FgrYjpmyTgrpwSQgpd+WhAxQMIFRJLgQj6178mv//bXJiVGOTEmIOHvosUfbkibbadqWSpGSipTSO0FJKVKIjBPyPcN7h/cMzxgcfMPrX/OOf3ynqPVQKwNEVCqK4nqtLni0bdvz1/7w6p/+4pcPP7xuWl/PG6+64r3veTer1zFJGEP7oh139JRJlyNFlElI2rfedveGZ7eAyhAgElGlt8YAI8EyqTJFjSRJ00wpevChh5/esGH2ksWIHAizTCpJRJAp7Raw5qJSCCwSotFqTuwfeWrtmm9//WsbN21ftuyg4048qSpikEkcVyu12vDI+DNPb1hyxKatm55d98zmyVY6NH2Acbfpj4AIFCFJBFAArTTbtfW5Vfeu+vFPfrXqobVJKz10yeIP/Nt7X/6G1yjCyV07KtNm/usnP9U3rf9b37164/adH/z45z45PnnJq65iUYxpRqBISgCKa1UV1fpqtb56TUrorffOWXDQ4kMPVc3JfXuel1nWK9idqx5+asOHmeDVqCKQZalMKIkQGhOtSiWWUkqZAREQSJWyWnVisvmjq3/2mz/fM9RXVVLGccQ5RwIkpaQEAIbEEImAELngolLdsXf/3BlDX/3KFy5+xVVp1hBRjCitZKEObKpVP4Jzqzjl7jSqDxTtV7IpaZ0+fLfSysSAv6hyyQwd0t6/LKkBuCewjtQyqeuZOZBTYaWh8NsqNFsQ/R0KxgExm8nmOWUPZHxO2c08BzoHXAWzGwGKqTAeUaHBlEMem1VC+S+203nwJFe7ruUDeL7zCi0EKZiFheDqlClYUPgpvzC3IoCKI1wyDljyq1EnXpnyp52OPJAKDjBpOHRUYsuh90wI1IrM5/4tOYQGtGw1yxMRkTMOgPp0cNe6Jcs8FDgaPI3t2x/5GrYEeuX8Yh5NHmtTYCTkbXmODwc48hKBc8quDq9u7DINPiYIjRpnVlChcG7QO9qK7onwS74ENeloLMNwCEHla4eosx4D8YOuF5Aj6MMTnJhFIELrGXDH/ftIg1zPc9RR4ucr7LAo/1SYlyDRojgcxYHCfJrAQ51BB3MjM4CrUBwnC/s86gIutGOL3s8ITtEUWswp8sgE/yYg2GC5F0PV3y0lhfQDW5c19fJ6/IfywqYSzWu+mQsIORTtiq9NU+ExrV5h0lniDJ1NBORSdZHZ/DVT1qPI7084buU/lF7kPDSdt0s0YImcdx5VTzj9/7oo5LvOq7sZBgVug6JO9xI1AjlZ2k3n8C1Jn3GPGEYwrqpSPVi0PKdglsIjAc15B8krVg4iQkeAvmXgkH/fd4yFvOW7nVwHwzZK7xZpgLyBLiAhX7deWUQEnZyFRl1q4wnc7HcMqaf0MFAobsh83Q3ulnWDSVIpKiIpQUpgAMQxtySLOIAAGBCh1BqbgEgBMQAQILi1bhGUfg1j6sQIWuCeD2IgjmxbGHY3vDB8MB9MH6Z6yhWQQAExsoUIkOmXkTDGokhEAteue+z2O+8EgojzVivLCITALKOR4f3NxjgCMZ3Jqck3+o4Jxs+/+KKdO3cIEb3xLW+L+6apLAMhOBDE0cIF8y65+NyJVmPz1q2f/8KXGo3GwnkzX3XlS//5fe+Opk0zxqfRrZB3hQgAFDCSGUZifM+uR59YF1WiVjM59uiVF15wzkDfAEdeqYo0zRBg2/Ztv7r+xuHh/alsrXnk4eNPOrFSqSBIRSSV2TqsFClFoA8NIqVUFsfxIw8/snn9U3/+y+0bt20f6O95xVWvOuqEEzMFEeHg4LSeWm3rtuFvfv3bN/z613v27d0/NjE4Y0atVjMjgAQqIyVBZZryDKBWrz685pFPfPqLG7fvndZbO+uUoz/2oX895YIXTSaplCB6Zraa7ajW8/YPfmiy2fzB1b96etOOn/7iN8edevqCww9vN1ucMwTATMosoTRDLmq1elVAKjNEqVqNvXv3MEnT+nrr9WhyfOKZkZFMqQoXHJkiyoAQocKjTEqSGUkJSiolCQAUJe02j8S0upg5c2j6tIFaXMmkEgw5kZKSQCFDITgg40JkBHv3jQ+PNnt6++JKL8OIkCvkAIp5DOZYGMHNIoHVor7ODVIT0DG4x6HlyswEApCAGfs2LIUuz9RTir7tE67cA+jpzvqDK4AfuiLhaDBiCsBFJ8EK6JIglfGK+kpEL+jiKQKF/hSM7KJuKLRiZFzwarsySjpEs9OLVrL6JqhnXYCz+52DFvIxKF55SU8Rukc6KXEDVHD3duuyg1n2eEZvcHNgRE5bB034qpQCTODVn9MJZeNvexfYx3nHu1Pu2nVRLZ/43K88JXtCoY1wIPOnMV9wys1agRjsAN2WETRS9kNODnHmizwEKeZXX1HltIYdovwRh609mxYxLO9xYyfnT+XzsLCwWMSH1p5PCx1PWMHVgQzDAFcO+QJ4Y5S2fU94PkZMbzKgXJ2HospKJ1+MWne0KWAfKO01+meIA0DQAY8Y52zrqKdIj8/RZv0igg3FYNBj+4hBcS5mh9Zc1gLTetyDnaVBLxyG0z01XnUfQzi4jyHTdegXK1fyWSv6ewJniBd71jttisNB+Uzrf6ynocixprRbhRrDkeeX9daPWwie4vTCYsX6HX+4mUAn/+3MWj1VYEuf0TWzAYBCReZF6uWCx4yebzygG60DyCqwp9H6WeEl0jhUhZ5ScMugLKOp83Q9p6Q6MQRAJwH2V28qCMDbLOy3BQDdnKzaf1o4sCmY3g5Fn2OAgvTNGzzQ2PoE5H69rulBnk5z8KxLK4XkqwLlebfMD67Gbuqvy5PBV19N2zrdz47hQomcixaLXkpmrhAM9BpGDPV4/g85wWGkkFktVjYVu4MAZOOFPi5xGR+MFCggiSAV09sdkTEAHUDiv21Q2nxAo3e9lUqKSJ8HyxiQBCTgCM1hObqTkjGQKbGKmL4Q++Yjr5LMAFToX3RHd7h0FwTPnDRpa255W9UVzlMpz/t8Y3CLEa/aBnWJxYgI0EySZqu9ZMniiy44V7AojuM0badZmrST1kRjxozBWk+s33IJ+ULQk4AqlTPnL3jXu9/N4mrU0wuKWLUCgoPKmhOje3bv7Js2EEfxxOQw49HKww993Wte9drXXYW1KrRM5NMn07ZgbFwlU8HxqWc2rH1kXbvdZgAvfcmlb3vXu6HaDyABOAACRJAMDw8PX/e7P41PtO+47d4LL7jwsBVHAhCAkvaoXgAgkqAkkNIbWTlnQvDN27dONhsL5s274oqXvvGt/zBtxozJiUkEOHjp0vPPPSOqPrR3ZGztU0/FcXXxQfNfceVLNjy74Xe33FqVCqQCJUkpUgqIFCkGEFdrRx9/wmWXXHDzX24/47RTP/Rv/7xoxWGNsTGFVRbVCDiv9ELSUJX+f3jnPz3x1HOVR594ycsuH5ozC5IEGVdKMiJgxAQDhjzmfT3Vak0kaXv/3p3bt2y647a7zjz1lN5aT2uyfe5pJ7/s8kuxUiEAwYSSKRMileqPN958/W//lGY6Rq1ISQAARVmWZlmaZdmxxx719re+dfaMGROTY5FgDFFv8UVkTHBEqNZ7JMGvr/vtV7/9vYhhFBGA1IreCHsyEwSWhcIVih3fwlVcNMcQcqPEE/GBXi2RERYQIHhaqXB1yjPyJMQUABV8HeQhhcJjwtHg/dNhMebrJcztKcLQcgV5wOCerwymMFZLHywW8zLeyB3eq1ek3lEJGGT++dK2C8Hmq4VKOam+Sz7sMlEQaC29Oi3woP5SfRY+XuoagE4gmt/PH+5GDxgkbRkYweOO4PT/0FlodSd1dAQsUOtoqEBZbqsjWDBvf/cRmhO5iAyAITBw4aU8q8GUtbNv0b1N2c7xrP5fzgcaIuQ15EAQXUcRXC0eWd6BIDm6CEByXh7dNOW1O+VuxUzYX1vMqnMvkJ9ztKGgYP+QBZ8e+CCrsHysbXvkAzJ9eBEAMCCTJAtAoPIoFoDyj+9xGssKG8/5QHYYjDwOZE4Q1WeY12gpyBnHeM3RJYIZbOGvpqKMNFLQtmxZopwGcD+6YhCuKnc8CppBdaInd5Sgo9+HPB6HBDtAkHIZa7vl9ca/3MT5QxJ03H7zOM6s0pBJjYh04N4zUAIBZ3GjxnMBb/qOBHvLGyvr0gqlalFzWPDoBiYYnKDfZtxMyRzUWvp9JkBAMG8UcOXI7S+zsh0DYWY5Vp88V9BNfnqL/6GbqM6dp0Ufk/0QpigZk6LDps3pK20KTS5WUADt31CokCWGwkaDO8UKvJBed4Ve7gjWveycTCcKvMHMMYZmG89ll8f6SleDrTHUAOV0QjiqOdk5oM/FNXk/FefRmyaP4XOCdXpO0ATm3JaLX6fgXO/y5Uzur98tl1flhKSrwAork65iK8iVaAiBAm9LKWgJZC8iKJ9DCGWL1abxwfk0uk17exiRPg7H/OeWp1muOi4jGUfs61dxnckUWUq7Hs0eub695VFqNyDLgEVs5iFixSWVFedTdQAyCQiotOIlyqfZuL1zUQu5nemLAsPoOeV5ch24mS9qW69Cvb6IAEEpBTLT8U+BLIrrp5988kc+/qGoWmMIWZpJmSiZchCARAwRmBCcjMXBAAGZ5EwKxhgI3j8AnAFkkkNrdHx8ZPjpJ55ctWr17Xffv3nTpslGa2Cw95gjjn7rW950+nlntwGx3WBcICkHRXyhabxJlCIjkMmtt9+xZ3hfK8nmzRw87OClWTujxh5FgDxShEqquL9+4kkn33DjrVFMz2x67sGHHjr4sBVVJhBBkSJApUW+0o42ZSWFPOG4o1cc9er771090D908eWXYi1qNcYiJpLmZO/g9Hf80zsvufS50YmJZquVttPees8Z55/1P//7g1RmxFCBcQyC8RACBwAlFy1b/q8fev9lF5935DFHzZi/sDk2IrjgTAI0ASPGhKgwSicGZs/++Ife3Z6YXH7CCdDTS62UC1CZIoWEgoAY4zJN2mm73lvfs2/fV776zSeefHZ8dGTJvFlKyoaEg+bPedlrXhsNzAOYBKgCEEAE0Ni1ZfNPf/unTCkAIr3lFQhAab0nE5g9ffrhR67onzk3azU451p+IyIiMcZIZig4cHbI6vvTNCPlznjU2JNy7RlghZwRfSlJRZebU4y2RrcT0UJftwzMX1M72laxoy7DNFhE6YEbpvhUQZtr2aJXS6k1Z4+j9CAiQX7+rV5iHaig2GZ+o5u2/Zuvv8kV2vlgMaDaRYz6aL1oGVLwoTuQ6KSgy81iXk0xpujuWlRGHRXkYtrvXeGayrCnYg36N/1YCSVhtc4EzdnMgmZ77nlHJeHId8xL98sHD4X119mvnBoLhwmAmSwRnW0QDJmHm9CNSsnKyteUcSWZhWR+Q7sxJaDPU2X5tBV/c99Dr2o47frRF74SLHw21IXD1hF8QwflrcxBn1EA3HyVLUZdTB/4HHbA/RxISfL25DgrM2+ccrKDRhAg35KPzANxBVJ8GozIovyd7a4oFQbFkhziuA4Tx5PPCMbQD3/oIIwKOKdQT9hLzLe1dvaqIH47xqhTe4SV5/dDP79b936/fRooKKkXuOdMCnwwFHTc6wNBYY5dA57mMdG+kPsCBrFNdOQUlwWVyaPb7XD2wiyAwPTbzl0rzpTuahKZMSi8iiMXa4HXr7vbmJySKvza4b8zfcfC13JJ21lV6fcD6LFAGnlC/m9Vx4buQOaHv0LgDy2syql7Z54orOyuOmIKEqEwawd4oqsS0r9iXswBrM4GD0BRh8joLGVSALp1OYSMnphCBIbG+W5US9eOF9Gkt4S8AhY+OghhNlgDMqTmuJg2v7ry/Mldj7OkBbxCmbYCyIBt7SFGYxLrZUppqlgUL1jJ+uaQTHD8ueSO/8mefYT1TFMYgYgJMdu1Md31v3L3k/Uz30L1OdRuAXPhI380DZ0dnbRA3X72GN08aQXXVIMDphvmxZgGaSgFUlb7+q56zVXHn3DSiaefEtVqaUZETElkvMJAEKIChSpTSDJNW+22hhSkCBUhtJuNZrs52W40hnfvGd69e+eeXY89/szjT61/8smnxycaSqrBab1HH37o3732iksuunT6kmXN8UkmiYkKqkyjIOfztHTqPimmJFbiLU8/+7vf3TjZmMxSOnz58uWHHSYYZIpzwSUKwhg4EYtOO+Xko49c/sBjj4/sG/nzX2497cyzV0yfJRCzVCVp0ibLaopAkVIZAUhg96x6cNfeva1Ge9eefc9+85ucRZVKTMgAKEsTpRQp4pwJxpFhq9V4bP36e+9fQwDAmCIABaQIlAKCKOJRxDZs3Prn31/fnJyUmbr77vsFf0hEnAHjPOJCaJxKRBwVJ8mjSBJt/eMtlUql0ZgcGph+6LHHVur9STtFBnXB1qx+4M57HpAk9o9O3HH3g+12+uKLzz36uGOf2rAFASRhs9lktfG00UA2kbTHeaWHJif27N1LAIwz0B3Wu4BIoVQcWaXK942NP7DqvmrM280kimPBOGMEpIwNqqBSq1Qrlee2bI0EZxEgt+DOuk1sAlKRZws87eEMx+GEHs+iExGFJ4B5r2Ahh3pL1kgY/crlSQcWdY8XWsqr1Oqy21qi8DH7WfidKYZ9bCzFtd+R+QPgSaqCZ7Ho9vNqLlRVMJd9V6jfY+cINJ7vLjVDp8byWnE5XSUD5OrsKECFKrHjt3AownkNhiIPIJubAH5eqonruH6b717YGTvnwvGNn43iyvsZa52jZozP8DaGCYTWDgtG1aHcXE16jXYW81u0WlFX7hy3JQCz3K1uBwLRKEvH3rlqIg07nX4JD1hwLoHSis393N1uFifk6JV8NrNN+pzZyWMeVLYTZW4QGXRNgTrJ/+Sk2t3m3lLWXURHdrHpkm4aXKuFoR0k9HpdGA2PcrRbevy+ByEBQoXKAc+gWUtjaHz4ZJlGzYB4YbQiJZ6/LABqTowENonNevCXkT8u4RljBQmT205AZgu2N45O9TuWyGWUIdY87jOGTYHzNAK5Re1LjxAH2oKBLrID4hctSAw9sUai+kNqoq7gugoWYRmKIO+Xo8JJKOPN8Rg1HzcjevQcugChXfToLVofPWHQ03z5Qk52Tnx4heEg/YkxYBhY11hYnh3WoFsM5leyMrzQHna8a9tV5USQ6b9vhXZYjOCBCTCCxe+VXRShR8801GHEemQTFISnlWOdBBQII/Ci+77wD3W6LykK4+kI993uRX9oCaLwAlkhnR2hgKAtn/D8o1H3GD4YtFnu2LW/uScKBbxhRX+6cksbAayE7+JhD1k/XJK2Lt8FVPR9FB1sxWpQjxgCKi806mMvR6gNTTh6cqXtKymw7nKr9hUSMcZkmmKtWllxTvvpu9L1d/Le2KYbMKtUmAnGMgQt8xippCnmHBofdg7FNdbalzz7YHvrE7zWmxEAJYAckLMoJiWyx+5ui57K+e8kZCATe9CrIcj2Ldd/+YpxlJvvOXPZQwz8ITSzaqQZhb8YQahIH7Ovj1KSSsT1c178knM4g3ZTNlrEuAJkxEFmDNnk/pGbbvrjnpHRnp7alu079w7vZ0rV4hiFYGlGMrnxV7+84U9/TmW68/mdu3fvTTLZaLS44NWosnj+nMUHHXTOuWdedN65i1YeTixKRscYr7CIgFJkDBSA8/2EeEHPJCO1e+fzhy87ZMGCOe1W89KLzuufPgBKIjClFDAFoBBRZcmcuQsuu+TiWk8dEQeGpjfGhqk9MWOw77STjphspu3x8YXzZgMonSadZWmmZFuq62/4Q7vVQs6lVCgEQy6YeXuoHm9FpEgqpRAREOvVKKrUpFIEhKjAHEiFSqkkS5HjL6+7/je/+a2SEpELIeKq4MgizoQQnCEpQgSlSCqVpGmapmmWEbI4Ent273rdK172kSNX1kSFWm2MYyB51533rX7oMUmMC3nY0oPPPvP0V7/+7+fNHpicHKsg1Os91VoPAKtUa6PDu2787a927toVR9EDj6xjAIwBY4KIGCrQu0s4i2NRrVUfXrvu0UceBZBc8yEiZZJIAWMMmV5LcSQyFEwIBET7RnqbiuA0qWE048XybA8nFcAJAMuueUGzRH29nXOrqdOXLS5DsNvl/9Lpzw+vXNFYEpzIKAY/fZFs9/g4qSLsU1NQZYRNMcDVIfty4l6Al9GZTIXC5cLaVxhd2v0b4qjlanjKJqi8pC2NUPZ7V1vXr7gIIBB8vW4laNfWO65icx5ILZmX7i7hwqwEnx1yL8saLxJQPi85msmfs+vLezTnEE/P5+yn87M8zEp2iRs969mfLlhW2E5TAsd88x9s2yYmpBUwQm7Su+EiH8lPPU/ohEdJxL5jwDpRhq9yHI/oYdAa3nOFYF4qT7L0TB2PAo91wc6xFWTh/iPfLiRABrkNogqgDKCUCfxDTfOeYT4UCDa3yGQsFWvJJ8c57VBvCfYRoS6ktXJ+WA5YtW0QNTn8lXcQA2Fvn/DZ0/y17OZIz3kN0SSHWT517GyGH92kOKaCYG4dyd7PRYyNfo+sGUtW5xA6zvSkv8+qHTLKrSMNvezkuoXohrUwr2hIMJEOG/UAx3ZudF1N+eINwCPY4XEj4TOV1dn+xBRC2QQAwqZx+6u8pKt5xTnjU5fy9qkOuVewYz2D7UCxSEtu9/s+G3Z1yQE4t5rfp1JXb2kM1q/HScdcTHYWLtXVHnld3eHdLp/U8Jep1WiXhwCh85V0OphdnHFwzFhSqxf3C4fVB1vFLh+AXicvy0s6uVya5xVU4tUR6DQqljGiAIrg0i1YACBUvqcu1Me2KUuLll6cATXGeX1e/aiLx7avo9Ykq/UCIZF+TQcnYIgMdCoqA2BKtZus1l8/+iIYXKomxlhzq9yyhlop9cRAyraplEyRIZFKn1oVH3IiLjmHJhvIIzsUYARjsLhNGMeXNVSyBMOzCLxR7BQtuWwnSGWSZUCklMpARGlLqrE2kRQcmYgiHStgTErOOEYVcc+q+3/x29/31HtaaTuTaqCvevTKFYScVBtF1G627lt1X5JSrVqN42hG/7QZBw8cd/Kxy5YcctSRK5YdemjPvHmKRDLRYCR5HAMpIIUOPiGCdrOjFYDu1AlkkMqVK1d+4T8+q5RqJ62B/v5YcCUTBM6AMz1GyFhG2Nv7qte+5pLLXhRFHADjSpxNjpx6yvErDj2YMwaKDc6crZoNyjLIsrSdyCyTMltx6OFzZs1AhCRJEJnMMrMOAAVnjHPOGUMGiMhBSerr69u0deuuXfe3xidkkgCCjtLLLOUMajxmlDHAKOKccUWSMiLGM2JKSb3NChEQGQJVIl6NIqUy/Y7SOOrrmzYQiSooiUphJqEiBgYG6rW4r6f/ZZdfeuXLX7p85RFQG9yz6YnJ8dGUIBZCRJHSZ2UhPLDqgWt+ecPAQD3LqDcS8+fM7p/WRzLloIiAMUTGkywdH5scmNbsqVUEFwKZMSU4R2TITJyWC0wVJc1mmiRZktpjiRWQQlKeyrRy2vdhFo9rCNk1lGTeMs3XQ7BimanLyYQO6wA9TOE7BzuRVpej2tCXiV0vzOMcAeQUudc/R78lgi/HqF6MsRO1WOlndNsUWaPhr24mQs1K3l/w8WZQT/FBbzCmUtWuDBYPV3ARFS8q0BFZtqZlFw+0c01YGF8i/4pXGZ0vSH97Hr58/D0MUo45SnPDpihZdOSDu6dvek2H89Kla45691M5pPN6RB0/I2G+/ZNsDIoo3+LijEm7WdDX2Wj/sTDLRrJzWGwBYLACbLpvAfkGxqcz1LUFGMR7rDzJOZ2CJeoNDPr0OoK8m+4AfVfEGRj24A4/51MXVF6lNqnIBB1z2OLiioyYNroRWSegduytjNtbOYtUQedlDV//H7tJgoAhAALZGKv+6tlX4A+xi26aQdGpWWQnxE2sHXkCxweELkTpsUHg9UdvCdtBNxHQoAfaRrOfLHzRNViRaGIH6EUgnVCxyA/M+DsGAy+O6iKrbhh1VWQpyan0lq2GY3aOjNTyopF+WnngYAhVEbkBIIM5g+CrGw0MOgtojom0kMiURPPFzAzksQhPbuoeujFGE+4gAyX1DJse2o2jnnwwI2uyEHP+MdzbYc6FetsUstXbr/mcF7Ubhp64os0AJdcUFqCTzOSVLJbpbMsXzqVuTSdKDmQPY+dZr/5ThR8o/IB+Fwq7cac8mzAXn950aceQV80BLGevqlLLLXwQrVcRbKSupFot31xUrRuoCBIouihQn0dtdoC/LCAo38lIfrVWW5RxmV1/BQrdH1NGzxF1FnI/ewvLLG1AAFBOYBMgIANIidJ4xfm9o7sad18LrQTiCuoz6Y18Q2QISAQKUynqg7WjLxbLL5DAOEykz96bbVrLBAdJDIHcwW4EpDJkCpp75cZH+KIzAJBIISK44Gou2jTnFeWSN0RWkhpR5Sw2byLIlnLDAwT21TFKqd5az5FLFy9fskhwDgCEDARnKBAUgEKSiKQIGGOkVG3G7Ne+9qpnnt0wtr9RiYWoVC4+98wLXnShylpAEll82eUv3rpj23Obnj/ssGUL58+bPjg4ODB49LEro1kzAWKVttsTKagUeUSoEBRDBebFrpjT6YRvPrfGRV3t66tM6zfCK0uRFCpm3mpDCJQBIgCHTEa9/UO9fUApKQVpCkr2Dgz2DgwSESCDVJHMGBKobPaMoaMPXbpt+67XXXXVZS+7TDDIEskEV4rs2QVG9mrJjoDIIUuzSjW68YY/Urs9rb+3f3AQlIxiIbNk4UGLPv6h9+8bazImBAIRMcYZY4xzZIIhYwwYImMsF+Qu/RtQMExVsmjRIdWKUFk7EoxIAcOzzj+XBFuy6OAzL7yQ1evJ/tGIjVcr8eKFB5146EELFh6EXDAAlSV9vT0nnHDcY489wQSfMX3wsGXLX/HKl1crUZK0BEdJCpBqter8WbMOXjDj8ssvffFLLp82rV9JiKJICK7DIIwxZByUQo6ttH3rrbde++NfzJs51NNTB8oYKSSJRCad0V+rPmi3YNIHYd5SDVZ0Drx90eGVNl8QsZhN4i107cIA9G7Z+/rWgeRtnnhW3gAElXs6GPL3f+Z9DGS3R0yJ2CW7vd4aG1YCdGiXgnouS5sp3g8eKdN2U4j7FxKA7chP85Rr6Th4yrVbbS7TpyMsUDKFLsGpkyTXWEc1HfXk7NZRj1PiUKIvu82v+xURg0knyicYwNmiVpRjt2rhQJdFxzAFLDKuuo5J0AOORpUDgd4x71Sz3wYAUA61vUEzOMDHP+CUkyXA657ehKBTEy2m9466coMSaHZrAebTYevN+c6bNa8ebS65iQ988X7BsC4EZMQQ9KH2XrWmVwyIlHbKkdKzCwSECgAUGeeKboih2ZjJwKgTZvee+rQCAADXR1MoUMoYn7pCKLn8hZWnD+suIioEMD5PM7sKuC3kGnfIlIF2BCMRSDBiXBGR3aJvoIoRgsh0M2SMMbTr3tk2JmJo1bwCqWtT1sthGADAZNDoObCuabvmtPhHBsD1G8KspCR3apEdCgYgc++ehUrWMRFEWQ1nOK4EtP4RE/K3SCzfGEs5BjRw0A4hc+LOtEGWVbU3ByyiMO0SmLadsMsb0PatZj/kzJRx0+YuK8nMbTLHaPhOK8PoOWd7GDPH3Fb3FPxNuYcAPWNTIzSXAOFfntMzF8uB20vvb/EsCF8B5eEvz3R0C9L/YIVQKLOdaEUrS/RTHVqfbE5vbg854dy5JgtGsrMGPTFdENG+zHcmaIEIm/uI7qu28o0MMajAiSksediSV1KgRA8GFJRGnovookxZd9dN7sQvw2Ues+eF3YC42vx2AxRY1i6GnBvo6I5Hyojs0OBlat1/NJCsmqHIrDoEq/Y6JrdAtJtNMCytI6XMZvVqBcyIRyQzEPXqyVdhVJu49zpq7BNCADFA82peUkSoAFg0Y1n9uEvYIWcqqqPKYOS55InbaXKSV2okJTAOSIDKij0FiJC1afR5TCaAMVCKGDe9yp1rTnXnw+JYN48laIlAntQCKDhe9YPG4eX7hEmhpBNOPOkL//WFWrU6e95cyhJufkcAHZYkbWPoHXhMJsedcMzHPvKBLFGz582ePn1o7oIFUiloNhAZtSYH5s15z3vePT7RmLNgAfb1A1QAMtluZWMthDYg40wQBwCJpLQWDN4G4eZP+yId0rfuPcwkAYEiIkKGyIJcUAR9RrEkAEglSQkkgaTJIkoyLZONfc44Mi6lOu6kk/5j+WHjk8m8+fN7ZswwEonp0wlZzpxODCsJRCQlQ3XhpZeec94FUSSq1TjLMs45KTV3yZK5hx0BjCMiMq6nFREBOSADjTucBjCXApBAUr8WBoFUs0ntJqlUR9hlO1l0yCFvPPwIYiJtpTg6KXiMhPXewbe8691/94Y3DUyfgVKBUiQzjuqSl1x2zLHHRJV4aGhoYMZMFomsMckAABkDppJkcGDa2//xrX/36lcftPCgmQctlFGMBIwJ4gKQIQMEjuaMDIYoZ8+ec9bp58SCz5w9A9oTjCGSQnIOebf/qiAsfOe4H+7My4biruSEIsP5xWSOEkERaNEymWmdc12EBDjBAGBFYqAvrFjszArRXfDsTx/b/r9e3WKehWqpQ2f8/2mum5X7t1RUrgDyUeucm25iv0OqF7+H1kOndu8o0o1kynnYv+WpOn/Yu3Qxv6Y2QQPeCJmsCOUK1XbRcC/ENPWvAF3qx3MdQ3nk05nF6NFmOu8Bpg6qESB3naLRbDbo5DyrrjVFSMptDQNkxZEg8O1PC+cx54dAQXbok8LN/G44mOHoOkwPwEjbFQzJvrjM2hg2KKmJl2RVL1mLg4x1oV8fjgqAgULryWaEDBkDIAUK7ElB1s5BYgwxMwFNSUAK7DlOyiIgPdYKENGcpsdcDxB1k8DQAB9EApSAaA/VAC+S41A1kT7hngEBKYmkSJF1kiBoU5MAwB6kxDhxc7wQWl+Tk8cAZk4JkVCBAmAEUufQEOrD8Vx/AAlIITGw/GBr0VQDMGL6PzIpuUDOG2LHXlneoxxc6nlSOVTSAAfMcHo8bosoEw+3HhlCPUXaz224JDcI9QdmFJ5SZtetRcfOyNFdBAfaEKxnw1APpO0QphgQ48AYuXdyFi5EMyU5x5r1ga7uvL/Bkx13nGCmHB+bQdO/utMJ/aELLah8ERWUJYXys/RzftMXmB0Ou6nEb0FnWUnbrbN5wZzuAyluzLXDAa+CCZp3ITQXy7296FcTem8tQ5bW1tn6Aa+uYANMfwvRV//BKWrVJQqc69ryBa4P+KfSgZ3KxhH5/++a0vhEs+uS5TCz2LRTa+6j7//qoDFszGgHQkRiwIghU6pNUT0+9dXT5h7cfuSGbNsGmbQAAAkQUSKL+uZVl58erzgHBxaCkqgkImU719PuDRjFBACKCO1SBgBSqIW4SiFrk5La02iNT0uVrzyNcLGy0QpGF3vPvcP5A2Gf7V20+z/MLSIGNGfe7LkHLQQAkhklbYbC7jgxzblTJREQlBJR9awLLtAOVSlVu90WSjGGWn6ryUalf1plcEYrI9o3AdhEQB5xxmNrQygkifmAUMnUWKeVNSIcqwIwLfxtt4yfKBDMRtYiAkNQCMi0Dx+RGT8YIihCRqQIiCr1+pzBGXOjqmwnyWQLGAdkdtXKvDU98UCkFCKRTJFUvacP+ohUwlKpx5OIVKOVjDUUaqZCAmPHIjKw5qidZ0U6hAiEShGYRCtGxDlyoYsSMAXAZQbtNAFUgjMmBCKCIs7jgQULBzhCqlSSgiIEpaQaHBqaPnuGIshSlSYJb7eFMXsJEEipqBItXXE4ciHb7fbYGDEByBGZBkSMMROQZ1rZqmrf4KHHzwGVQKtFScqRiLJy1dHhWPJmuFi+uOSt+DGDrZmhkHZG5qThQu1llJTdDLyBHp/buo3S9BpA/dXSWhTCJrZBUIx/lvbY0FDyviz0PoPVHKV6xVPjVjf7to0jwZMlxeBnIEnAbyJ0Uvm1dVRV7JWnFDuGyN10ganCQOsmMDy5xEL5nPDgEafYHLBjDN23TkLDDaQ+nf59tHmSfgpGEZGEOrVUzbubzrA30M2aoJ3jWJzoztnvwEbaP12M4napdupi/g82HpX7NTWX+0GMAk4wwSXrQsp9qRYEe3FdQH3ygFYIShFkoBQhgDFObKNuZWDYGPrtWno6tEChn9hBtN3CbUl1v5tkzLy3BMhcfhmaaB45TQZuqIy+JzB5uEqDCtRmD2MAiogBIwAFxBEiJgAROEhSUimwiQIEEAnOMIqAmqolSRllocfPmATICBgw/Yw2xnQZNHqUcSEYMVJkYZLJxyFQ2gnMHHfrSsyMIde7jJgCkkRAeWg3D4kQkA7kKlACrPUM2th142qmngFwxoEJBaqZtXTwk0jq4oILJEiyDBRyZBlIT0Jr8xkZIAPGAAGQ6TgA6aFGtLYoAHHOGTGpUutMCXjdfjVr000hAdlUcWSMCcZRcClVZlSd5/QHbSB6MsNqLASIhEBARYqUtJwPeucqAyRCjggMFFCiUlLWXcAMDZ7MASBA6wfNYU6HYkPwumTdRhTcCwtb0zBfkmB4xj3lPewJSgI9C/745QLKx5e+gD2AJtZljG/YF1aBVnLaECytXl36lubGXDJbKd1N1KGvPvzR9aJzrhVPfNkDn8B/ukR0g5VbFswEKqPbs7YrXqOdHfCGuhC7e4G+yG4WdHGxEIGN2Tmg41/dmyuancVqS2vwez1lP8oHMJ/5oH6ikry2IgDo3pJ21YWqw1MUBTXos7aNYIMxevKuWu6yuTGIBAwAiOlVRciIZCql4MvO7llweLbhIbnjGTkxrNI2q/awWUuqS06AWctBxNRuAaTAGDBOwJUkJAmKWVOOAJVOvAFCAqWkBFElUYWs4fnbbGchHCgEd8JDl4VkJUygX+2BBFqN5zPq75IhaiWS2ogMOSIyYBK1pEQkq/zR6VtAjpg1mqQUABIi5xyZ3bSp3alJKkkyUSHOATkyBiaWqeOT5i/Y/zs4DB2c7yYHCPQpTS7H2NFlw9nWqMvHKEQFjr8skkAEYAwQVaJUMgHYRBGzKAIQ5Nr1BspqdUDOkBRyBkqpNAUpGUh9iKHezEkC4ygisNFORGDczKzZNkw5YSTN4a7KpmcAMQSmJOYdYaB3ZIIAJqyO0loVVSsjJQGQI5lDlYAoSWVTAhEyLhhn2t3qmBGBJKh2A4iIi6gSA4uAcWACgANjeYqVuRQkadpoIBByYAhAwbbqDtxWWNVOkIfiyxMgoKWEJ6tz1s4Rt0cVhSXcg/n/3WafUtHiBbSdPWCaMMT4pTF4zO9BUEx43zuSbgvtd39LqV/7VF5Jb1RKTVCyMLS8FWcSdKH0bw5+2nhWSVX+TeqqsYx7eEr3M/mKx7OF8l99fd8pMD3h1xWVlBQvq8r3ar8wrW9ms9DBLgPdCVm6lX2BnvjC1c3RAEZI+go8/xAiTA+Waj0FnqLJEbNLowQAYKDPNmOJkhNpoyXbgrGaqAgmlCJFkpAUAKJiNtSYQytv/vJ7Xlgg32jqEaY/dEMYHnYuAnYT7yKGHCMUGSiZSaZ09AsBATkA1wyASAyBTFBOKRsYRIYkSSrQ6CJDxRhxtGZsqtKtO3fs3jM8bVr/grnzqnGVbCYWQxxpjG3dviPNkjlzZ/f19UH+/isdSiQE4iS0SaZAJUra83Q13lGZoiRLEbBSiV0MrZW0pZJxJeaCIwHkLyQlUECSFEoW8TRLN+/YioDz5ywAkITAQHAjOs1iZwYbaNigbUJQpBCQAWLuwiUCaGXJ8Mju/eOjlZjPmj2XccxUyoERpaMTEzt37yaipYsOqYg6KYoFT5VEAO2oMP+RjgRCBrKVtASL4khIC1iAIUNqZe1tu56njKJaPHNohju32Ux2wPQmCGn2TBqkAoJYezLZPrxndGJi9qzZQ9OHJEgvpoukUJkANHHkAMCsa0CB3L5nz+j4eG9Pz+wZswVxSZIpIgBOTAcKs3ayrzkqlezv6+cYcUmAqDgRI8VIrz9GLALBOEODVrRbwGV8mX99UaKUUqCcyV3Axd6SQOPB8PS2txxCE5TCEaOObQyFtdTp4eomFzukd5dSXbWkR7oVN525wN3r923BTiXiblrRFcIST31PLfkLKqlIwxQYIHwmD3VCSaN/q/EJwUR3odw/zOIAcOb/8SqBN6ZBB/EP8HjnsyXFcoke3izpUJeJIutccpPQ0WgXJe4tHKc4QwbV+yI8Vw0DImDuK2XNFmMz+cqX8CPa0G6QIl7tgVovEFBjApKGzczMCDiffUg0Z3n63EMsFopIZ+QgAigt+xlkKfIqm7kERZXaE8CjUDeSYw2f0hC3vwAeM97ZfDyN4nKRVGAIChhq2wisYAVA974wtE/bNciQcR5FYHy7pBWiKUbAABTTeSkpkAQUIBEYM6oSjMPT5hZ5E+jvA0B7z0hHv7PaDWM8muYLmuOgbL+1HiDf7DHq0uBbB5cQAJEzzhkgt7yXAaDnSs+xGDnjmUib3MiZfUmWbQ6N5ze34NB6g0FrdwJSlkJl3OxGJyitBJH0uRQYBMkAOBJSBmhOCtLLARGQcyAFipy2QM45Qq4wweYqE4A53wmYENonotOfgAiV0hlmmOfzkGM5FgtQyr59Ojj+wPt3ChlFfiGzFguxHL8mV9bF/1EPSXGpBC1Y3NilZa8pW7/j9Kku1Jr1AKUEgIlHBcA8sAlz5ZHHWK37tVOfFfRKXpvzBDv6rQna1aAJKwTwlEqhX6bKctVYID6o1k3AlC7hsKnOLAcA/w0oHlGOaVyk1BV2s1mYaxvD7Gi6oLkQfa1XiHw6viwf1ykNZkeXGzctH0oHkF7YAJqxKpuIQuFSVeGjq/A+mlVvUgyM5YBGKIHVJ2ZNUjjpYINebvkZu0TLKQCOTHBBQA3Z2jGx++7tD931zH17JoYH4/6zDj351PknzumZKXiklFJKASMFSkt2u7kPLR1Wi1kG9vzNzorwNZ9dLK775n4+0d4+ELTwXHdSxaIy2W5s2LNp7vQ5A/X+tJ0wRggcACgFqcwR6Rb0k1L6TVeACEpJQuIRA64yJQGBA4tZzFEQqBijNiU//eXPvvm17yxdvvQzn/vEBSedk6oMGQgSgHDfg6s/8+l/B8CPfPyDLz73klbakqgEcgBqUDvDNMY4abRWP/TA88/vPu2kk5csXtpMGzqVk0jVK9X1z2z4v+/9IGm13/SWN5248jgg2vr89p/+/Gdbt2y9/MqXXHzWxUpJVCbdCEBvNiVCqmL05ManP/GJz4zuH33zO954/gXnChYDESf94m+dWoRMb/1kTGcXSZURB14RjFDrRsFQgJAoFVA7S6799a++/a1vL112yDe+/uVDFx4ymcmaqDTb2a233vrvn/uvwaGZX/vqfzGGt9+7+pQTTzrhyKMISBExhgIREDkxTig4H50c+e6Pf7hj6/PnX3jORedeIKRx8XLGh0eGP/Ppz23bsusVV13xhte/lpSxmaweIWuBAUPOGEkAsGlepNOmlLzj3ru/843vPPnUhle86uWf+PhHqpVYuY23Zj+wwU6KlHU6AAExgVdfc/UvfvGbiy65+AP/9oEZtT6SUilAhQyRlMww++Ufrv/1db/hLP6XD77nhBXHA0lQBIipZkSdE0e4f2K83Wozrm1OQjJxGK0JtAwUQiCRzhnoqdVZJJTxTLtlaeCkka85JMTcDrVrLMdlBPnfgj2Qiw3Mb3ZcofwpZGDY8KFdc7lsD6VcF5XhrWIn3zxF5gENPe9GOQYPhvIzJ8bpWa+owcZOsGFeg2/b2MSBYBQMPVrBBDpgKhENJrnP1JxDBeh4xDrYgyg0eAMaXkHY0CLh0pIepSVaJsBhIZLp1mIw4OXq7wBq1NCJflsEhe5P8ag/4LnKcB/0PJc9ibkr1Ud3ftncC2o1CgSrw/huPeY0dHuHmdgtGnr7HwiIUDDQr4mErEEosHeIMwGKqN2ALAXIgBRIAsZASqA2Tl9QOeoSGN0tR3ciMCDlLD9ABiBV1hLzlvNlp6m0bUYDESC34wAKnglPk3qyInfQOOFaxOJQuGn90O51RpbDPeCf56OYfF0zZMZFaqC4NWKsWQA2Y4ABEUog/SZMBchAMQstnZq2e1SdT0C3iQY95J3WFrszAo1ssAjBIBJGuVniMRPlcthUZ84QMiNoOcpiVwZM7871OYts0xp1EWkrGomIpN3YYfAk+cgQubFF0QoIyhGKNeEIrMeeAPRGHS0q9TZR945ZTSuCRGBgA0iKyGJjAlCECpQyA6u8jdL6ViBYjSIytJrcAhPztglYwfpEE0FVxoQGH+MZEvyemMYox3fh7JjZLmiEzsuVsPYAmsOnyYr9QOKHkq2s9qLpFxSxPORUsOei9XyhnrgLnxeuaqtg7ejZ0QbDBsXj/gK67U3DLp6KdWvI0ZF/9T/oz3ryne/E+1q4/LBScbDyuq2OteI+qIqcHPBLGTJdwc5gdDEAW06ehzPKhqtT96BDHhY9BL3wPnfU5hKf8vEwg+wmXilXubNO/TIFYFGqgEsvJ9IBOkbqhanYzq75NwswsBN0EAX5MWin1Sn5XBM5cYJu2ZGTWJp+1EkzBAy54AIAJrLmYyPrb918z93Prlo/sml8YgJ5RGl658bVhw8dcuERZ5+y8NhDpi+qcfNiKyKyiZVgjU+0jFYIqztijHjyUILdWhrIdcMXhcUPYHIGEJBAceCNtHHNT3/2ox9d85rXXPWuN76tVqlNtCd7MN42/Pw1P/vFM89sUEqmSSKVVEqSUlLqzZIYV6Px8fG+vr73v/d9x648anhiXzWqNJL26kcf2v38LsFENa5U69Hah9cNb9k+rdb79OMbqqy6d3gPE1xwUatVVq1avXXjplajffedq+tRfd/+4UxliDhz1szly5f19vTEcXzXQ/e85x3v3bL+2Ve/9fWf/dRn58yaOZE1ASGTkkO08/k9v/nZb1qTjTPOOOu0lSdlKLfv3PWbX17/8Or7p00feNFZFxMpiYpr3xkAoUJG1Up9887tX/n6N//wi+uqfX1HH3/0pRe/qNlo3HrXXavveyBNsixpK1Ik9VEMoBQwBOSsMTFx2IrDP/zBf61RJU0zLtjI+Oj6Tc8OD480JpvttH3vnfftfPJZaKmbb779uUM2jYzsExE//NDDsoRtfOzZybmtx9Y9/dxzz/7Xxz996Aknff0bXz7j+BMlGrsdtZ5ngAx37R3+6Y+ve2bdWpmqF513IUkJiMRQAiVJ+vjap5569PEzTj+VESqVMXfABniAiCDLMpnqMyWM4NGHIWZplqZq08Ztuzduvfsvd2587avnz5ufkUIghhwIOGLEBAEKwXglkqRQMZVRplKObOvm5598ZN3CxUua7WZarysg5IgcGTKVASLt3b33gfvWjOx4/tRTTjrh8GNFzKWUTDCBlBEppThxBfDz6357+1/vjuOIIRBJImJMn/NvHdqAgjMhRLPZrPXU3v72fzjpmONSpexJUWFcw22l0lzvQQHvnzxmQU6n57/pPUK5KnMSvaiIrYLQeqdoGoENH1h552uTbpqxiCBMpwoBNENFQTf4Bx0VWsHSJCPr2cplQqnN4eSHg86h65s8snPhM6UcJ3NETQ4vfIUUKIWwU86LDe5ZnckYUhxon2CsPaIPRGbhJzd9BU3nWrQYs5gZ15lOZt0BhIClWqxDLVqlTIV7XtM2m9njSSwUdiE/ok485BZBsGq8DpCDPgH6RKNBmasrz9y2OzkKdDAEYsDMOzkhnVSTu9S+jTS2C9otIgVMgNLOizZKyXgNB+fCwELWPx2Ag8oIGT/k1Bpi+6E/ZM8/jTIj0BsDCRlRloi+oepxL6ahQ6CtX76iLY0AZnUsKoRwpsIJcNDYDDp0fjbD5FYdIGj/JHkpPTb2SLbBvFltLKL7nIsoM8sUhprdW1rJoakAuRjagilwEM8sZzPFaK0oyr0HRuihlcXo9VULTgK3TQXRGa/g1JCbcbel2O0V8IZSk6UVFFL+F/KjH9CAGXS2p4ZgOjOJQ746NGESzGtLKBCTbmCZGwKzzcVmMuUkkbO+IP9gE8yNa9ptm3RsZVeCk1r2VH5NMHMbaPy5A1OP1tBE5qhez6LIB8/Mp1vE4CIRgezPl38uNZyOKGoxCL/bBpF5X4Ifi6qkM/nCCEOr1ZywsREAzHVKbnTaX/JOBLJRfxC+tWhWj1tIXvP+56mskdJFb43P4NewYa+CvO9UHMmysp3tFaKyZbXkfvHCyso727WPeTHPqJ6inP63aK8W1Kh/8wW1X36VP0R2z62zNgMRVsIWvnv4BdqQJUP6Qp7qAuO6XmEPXeDeOd4d++fwXT9XlNvgtAgScDApPwwx5hEil0DjWXPtzif++OwdNz91+85kT4ZZXKvWB6ZhihSpLJUPbn1q7bb1CwZnX3TUORcecuaK6ctrUUX77FChtTwcNNPk55gBLIFuXfgLJIBqebgcqAy76AODkCBTUKnE65985vrf/m7d/Y/+53NbR0dG//HNb50+OB2Bbd264+c/umbdmrXVnh4lM7L+RUVISm9+YErKqL/n7678u5NXHi8S1hvXdw3v/cIXv3T3H//S0z+olOobrFMqo2p97/C+f/+PLzZbjaSVRFGslIrjqFapIHIexVf/8Oof/uBHraSppGztGz7lnLO//JUvH7fyqGbWrFcrixYu3Llx6y9++BPB2Cc/8YmZM2a1KEHOIoiq9bqoxP2iNjRjLgBw4NWenmq9J6729dQGOKBizIg6QkBknMcR37hr2+e/9OVrvndttXfgla97zT+/672Dtd6kmd5/3wP/+59fYUwoleUjxhARGTLOWdJOTjzztA//27+RIqWUoOgvd931wQ99bHJfI8kyAsWA4v6hkX3jn/nE55uthhydjHp6PvLZDx+98ihkXEmY1j/jkgsP/vPNf117973/+Lb3fuqzH778kotjiPX0ExJxSChb/eCajU9vmDf3oMsve2kFowQSxhggY8AlUAaKR3UJSMAYcaZfPGP2UYJSkjE22Wr94je/ufvO1YCQqCRppkhSEQMFcRypTKbtlIn65k3Pf+Sjn+/trQODtJ0SpVk7jbno7atPTEyeee6Zb37LWwRjUiqNMhgwVuNMVFOJqQICYJEgKdtpCkStdlKJoktedMk9967+8w1/fvTRR3fs2dE/bRpJQmSEWKnEgIwhpjK9565Vt/zmepKKRwIAUUSMM731xaAARQjARJy2m70zh1772ldz5G2VKFI6dR0twgoMzgOIBBeA6PhJO7w7U3C9JRmYGaGOssur+GwurjtUIeVauYQY5+X2bvpIKdSJBWutu2T1pGiAusqozyvq1OMusopBwW6tdgyVwS2laaIWAHQMWt5pgz66xaf/369SzTI1kqFwx2zBCi17AKgYLbYmInQCqu6kgnVcQm6CGi3n35yiAk2+Q7zGhRPu+iwwi/tSRGWWeBfGAwdhLY+wGBAhmVQjm+X2temWNWr3M3JiTLVSYIjA9KGgSEpmCWUZAmC9N5o+P553KJ9zCJu3BKszKerDQy+Mpi2gVb9Jn1lFaUNwjqSUlLx3oHLS5ezQcylJEAEZA+SAkFtBAbWOKUMc7BCz13v39AvDLC6ZSTmLRi9m9PKnTLM6HTdvU4tK7cMiMLYnmX2Meq5M4EvpFWJTuPTzRQOPLPV6RXnUOwCJ1mgh76b3x02llp1k/4OOqiyr2I8G+TogaZPKLH2mO9ag1V5+i9PIgBVrBuVmp/fXkGeNNy3D81wec94uonMD+KrS7iB1cBQomHUCsAFJY3w67WEPkXQOHU0iAdiQL1qcqHc+M2N+Ouyrm7OLD3PjM2QjAJUzH3rD7HORP54+KwXzo+9QcVKVV9giZH/u/UkuIuo8k4CcQ8Pb11AmS3ON4tN9AMsIAACEe7gQhNV3S2W07zssROfQk/UeZg4e1pSRI9czfTrVebGb4PjWsZderIZfSiKc4KlEC2vITZq7nbNPPkm56Ie86SJRZV7qnOF9f0DuAkErPIC85zFvwaNn6jFxo1iANZ30YsAihiWxU3Z07aDzVpWVx05WLhT2xT51FC4YwO7zC+o+5YK0wPcYTKqf9JxXjICkEJEJLgTnKcm96b57Nq+5c+P9q9bfvzPdA1Ve7auTQpVlkBJIBZIiiZV6jyLatn/3d2772fWrb7nsmHPPXXLK0XOPGKj0CRRKYf6iLm907DSR+5xPes6def6BCS94QwWeajJVWbgjGKZpumTxok997GPfnfODP97wh89//DOrV93/yU987NRjTx6cMfjWd79j3759yIRMFZEkpfRGfSUVkUKG+4f3i1gsWrJYAcWiAoRRRcybO3vRYcvmzpidNJM0a+/ZuzdNk6qsTO/vq8ydJaWKRAWImu3W6Pj45PikYDitb1pPX11EgoPYN7xv8eIlvfUeCaBSOOm4k/7jPz//5S99+fe/uuGn3/8J4+JjH/vIjKGZ7SRpswQARBxRophQ7SSRRAqQIqZQQUWkaaKkFHFMBIokB8YA73v0wf/88tf+cN0fBMPzL7/0ox/818VzZjeTtKdeO+us0xuTDcYZkj7Qzxh9SIDIBGf79o3MWzAvaSe1SgURAGSlIpYctJDmYVyJUyV3bN2+ZdvWwWl9K486CjjbvWtPHNfmzZmLnFGEhLKvt3LOyaf9++c/8aH3fWjdw2t/9INrzjr7jHn9PWmaAiAwiFi8dd/Oq6+9Nm1MHHPpRaefdSwSCSH0PlFSsp0kxBnFUTNpcuSoIR0QAjDghKBPgUdGq+5a85sfXo0YIeiDgqwiJQIAFtUiHjfHR+688Q+kFDBGSgEBgVSKuIhllgwMDIFSnHPGIGKCK6jwysCMQYW0d+/zmcwqKJ7eufE7P7z62ac2qIjG90729tV7q/Hu53fH9crdd937rvd9qKevwhCyRMqUrvr7Ky++4BIWocDoiisumztrJmeCR2zduscffvCxKI5PO+3UxQctQKAsy1KSUqm1ax559P6HD1ly0LzZswFAKUnMLkgLHcJEN7s8IBBqFIhPAO3r8fU1evLRFAGH1zzphXlJpw2tJPfv+pLHyfDCFSjUMgE7RXzPR0pQEIC+KnFe0iJJtnG/ugIV6CnEkMxObFGas1OwzdDrbk59CUpxcLEo1cMRwMLXQjWBgUrF31xtZbkzYSX+V9t9/9kia/n5zOW6skQz5jK9eAW8XfJ7N/Tlo10DlKlkuDVqLnKaqcOkWeZBKPL0kkv8pnycCKwLh1lzAogQWISQqT0b2utuaj19hxrZiZIYizCKMK7YxzW5inOgmFGWUXusvWWksWltVK3W5x3CDz+TLz+DqnPY7COq58/gg3Paa26RyRirVuKhhdHRF+NRFwJWgTLkzBgeiLmBAJ5id1xdBiY7HUP5ndwcwPCGP6J65TBElcdXyVqidnWiNgDM4Uxe0i25l4rr8Tfvyga9bMnCPURrk5hj6B2p5DS9JZC098wXd8aEcGPhILnDCuBvHc23eOhptfzvYWJ3PKM3xCZOp/e+WjYLlq3mKO+vRULgdwG5DX5yMEc9oPeI/k/pRNa8XwSoz79C+4ixhnUc3nf4q9y6BADzDhvQRy2i+d0GesN4lSepMV9K5oQkQEBi5r6m2GQvK3KbVCk3Hjwd4kagsNvYjDZ4DNipQHwhbL9bGOD7WC37d8jiDpFTYk/6JNtH8lwVrxryxUP+eN5F6BBiBYEmzANFIrqAfk+flaaa+HR4wMFnfSManB4qlA8HLAAf5EeAPRo7X+aWlwGrNjwKDqAMyLlnLNuWivcA1fwN14EfyZOpX1iFuTjJmTlga18Wh2P+gpsog1mdChhDqrv5P7xiJZr+AKSUDYw9qAwKnOOkLNhvRryal1QCAAJjyCsiAsBJ1dy4f/vdzz2waseaBzY+1oY2E7w60CuJZCpNIAUJtIJAUkoRQaUSxRiNNkZ/cMd1199909krTjx72WlnLD1hbs+cGosVKanfGQmorJInCI4d8vZWGUEYyKSyMXDDp+Wv3RGHiAiSqlg744QzFi06qKev/vMf/+IvN//5vPPPW3nEkTNnzL7qVa+N4wiIOCBpr6sy6kIhEhFnTCmFSjXTFq/yDFVff/+73vnud70davXa+PiEUurue+/6v2/976KDlnzoQx9YuvTgRtISkdB7NNY8+shXv/LVdiP5+Mc+fspppyRJqxLHaZaIOBoamq5kJhjDDE486uQPf/yjzVbzlhtuXnXHPY9d+XitXrvu+htr9d5dW7ftHx7jXPzwB9f88aa/tFrt8fHRXTt2x/XeW2/5y/jofs5hxRGHnXPGWbMHZo61Rm+48cavfOVbj619vFqpnP2iCz/xkQ8fetCSdtquiqgt4ayzzjr2+OMQMeKCc86RIzLOOTPnFVCaplmSVuMqMohiwZg476yzjjrmyKSRsEqUpPIH37/6G1/5+qLFiz/z759ZunTJvsn9VV4Z6h/48523iihGxlOZKilPO+nUf/nYB7/+1W9f8pJLBvunKaWkzDJJIuYAdPtd99xz2z2DQ7NOPPPUx9etf35kOGIiSdNmq50kze1btyatjAn29NMbfnvTn6ox55xnMgNFSZbOnj37xGOOZyyKBQzNGaoMDC1csOCSSy/q7+tvthpZmmVKtdutlmxmTVJKzZkzM65ESTuLKxUi4gBSJfuG992/+sFnnnpmcGiAAUmVkYK1T6176ukN0wb7du7YxZD27N7z+BPregTedvdd//elbzQmGlGtppImQcSqkRACMrV/977bfv8HIAkEnPEsy+bOnXHxuReJWsQlvvxlL3v5S68QyGoYf/4b/7121YMsEv/w1je/+JyzswBEQLu/LGtnSaVa3Tcx/q5//McH77x77ry5vT29GWXmlb3oCVsCAmIG9uR/p5CeOcbSE2uMIn3YMXo74ssu3WhBtnhS1X14QXLqQI7UQo5JQEhHvkkh3JDT5olNh4C1eCuK6xKA4SnELuL9hVy5SeYq6AA8ZdeUMj8c5U5lbfxzzp9fhpNcySliqV2itN2ICmF/0a7rmiVkvYfB/kQrtjv4qQxpeO12WwJl2jnnX2YttQCTBnira5MeliSXk6APRmcsiqAx3F53c/uR32V7tjEFQlQhQrP5UyNzpZeDIlKoFCkJSiEQxhyJk0omNz7Ktz9V2/owP+5KnH009M+LTnmlGJgtd2+GGfPZQcfg9EWAnPR+CWKATJ8gY04c1R0qHcnOkQ3XZY7XEcsZF73/A+RxMWBm36XbTOibV3rMgWGwh8bzG+i286CgMrv+tCkUGJ0O1Vg3OxlTB4zRxYwXwZCL9ln0u0fOTvOMTM2FSGZrlv7FbQG1mxC1oYTeMLmwqu6mngtz/r81O6U2wgl0ABNsJD+3BNHYjWCPh9cZsM5ScPFhZUxQ8AbTmKyQ/7WUKPPKUABzaBNHbwcmEhiqQFueFpGhnd6AAdwQoAKmyWNmPFwyKwMEtBm2aLvs+/c6OMr/irkcCiJiXXWIKeNcpQ4zej/6koWc/e0Yo1ulHdfflNL4wkoVLwGg1bNu0LcGy3RksDRC/efU6oHoMLgvNF8DHR+OfS7ZKfgcNB3YGxayBDgezK7iPABoY6Lo23tkScC8cNgfLx4YtOlODAGf6cL87FyQTYVRXM6Ol43kQrthnNDdC/wTnVR3BD+nSLh1NRbI6maFFp3rxWrNhHuPFCspjal20eieqiFbnY7j5rLaCMWgX34DioAQARnjgkWJzLbs27p+z3Nrh9ffueHeJ7dvgDr09PVErIdAJVKCe9OndpygkTwEWrESAkaVqFKvpJn809N33/zMfccetOKMRSeeffgphw4e3Ct6gUhKqfWV1QBW2rlFEypRb8IsC+iT42yH0G0f0J13KgiRiPaPj8wZmvv+971vdGKcUXzxhS9CEclWm1TWSFMwJ1+782EQCPXrrGQmOUMuOEemKJOUVaP4iGXLSAEQpVJGIh6YPrBx08a+3t6lyw6ZPjDQJ7NKFANivVKbNr3/jzfdODk2efIJxy4amtlUCUNGQMi4TsWMmJCkGs3mYcsOe9f73y2BDj/iyJVHrfzJT37y/a9/C1RcqdUQgSD54+9vlIpIEeMiimMhxIP3rr7vr7emafuCK1583NHHLhpa8MS29d/70dWPrbq/d+accy+58LMf/+jsGTNuuPWmWbNmrFi6nPG4VqlVK1WOyIxkAae7CAhRIa/E9Ui/Q0ZBtvrxh9euXVuJYsokj/lks/nss09z4PtHR2+5+eZH1s6UpGq1Kuf45BNPVeMoTdt33XPv9m3bkjRhXBx34nFjk6Or1z50ytEnSiKSSQX7do7s+/G1P6OJifnHHjVr1oy3vuMde/dN9PX1plmWJhkSqCxrNltEtObhRx9/4iNAwEBxLpRS7Ubz+FNP+va3vjZ/cHaSZY1msz0xNjo69vKrXnH6sSemlGlJJUkqld12++3X33Dj0hXLX/+a10aC6wONGaAA9uzzz1x2yZVpsyElAGHExNZd29/5nn9ee/8j9YFpHFACbN+8/Z/e9p6Zs4eWLD34PR96PwLv6+sZ3rn7lpv+vGnb1qEZQ2efddb0gWmplL3TekipifGJ0f1jL3npy6rVCgNUSEySUlkqFcbZZKOhiBrt9v7RPUm7LdOk3W5VRbRj25ZNW7cD0cJFB/X39ColAYEBIyBCnW3FnTh3JigZGRIICrO32ntvqKdlzboCDdL8kEDhsmrBrAMHzsCKzYIwtNYgugK+ovQ8fflCtsKwm+XpR+rKjZkAOJeqZnR2nauhMwDYJXvF+ylHY1R4MIjpkfuEuUjydLobMz9/jJxSNpk3FJSZcnBs0UCxOZTnl8npJM/qc4qpAGywOCxeX6yRW1SROR05w5Q87hCRzg10O0WNYWcMKI9a16niJlj3i+Y7Z1j7eWQdFHRye45D0RltlL+qxLWlR9ocXZCfrGKpQATEiNHeDZP3XN18/K+YSRZXSCDp0z6BQCN1rf2VAiAkZfLw0QJ17QCOhQI5+eS9bNP6+LjLK8dfSfUhPPIywRXwCBQHksAAGAe0m8XQ6HtC24YHuc1K9vqb9z4fYTBj4AbDsjGCFSfhGrcJEQTOm6CtDhNLtuLF8Sc66eOkkf+Dz2/kTko01p8zZ03wMR9+jSDMwJpzhlyf0UsaxQBRICO7kdEDumTfXKqDrpDfz+2bnGPsCLhzbcwhugR5qjDZo3rtc8rlpDqyLGBBu1HTbde0Y0KWe8mLnbqGmZsZnfuqE3HNyzp1bdY7pxAUoHH8m6MSbB4v6rd6u0AAczhMd8SJBKuCGHNji8CsFY75eOoDh4jQ2p85F6LlrJAPcn5w3OtxRuh5tA4Lz4YvXK4C3VIuAMycoCtUeCqXO2YJYFjA9zBiuHe6zL/nmRZgBF2ZcEYE9/4VT4xiOGod5HqCuzO06kxQyAVCyeOuYidI/ba1Ig0ewbJBgaCBwJ3padDg9xDkl2kdCO6V9aHon7ZEOhnoVpLy7T39wXUwJ8uvxGk8L9Lr+NRrt5DVlfN6rugL/fKEgueXAzdrmgN8p0AZBipTdF61BZSWdxHN8rO8V6BwChXe2QRagYRekkeQh2FHLdfQ7uQxYkTEGGPIpKTdjbGNw9s2jG666dFb12x7ImFJpSfqHeoHxmSWEUsRPQcnAZHdLo5O3BnFqoCUlMgorsfI4MFdj6/e8dgv1v/xqNkrLl553pnzT5gVTWPAQGWSFBkIYfSeN6/gPBg+VvB+d3am6ahxAAbMQUxghVVbWXvO7Dkf+eBHq/XKnKHZLJMVAOIRmkPtGGP2dFICaXWQZEoRQSb1WbFIVInjex9Y/Ycbb5oYb05OTkxOTiLizh3Pyyxb98jjnLNKHFWqFWS8XqtW6rXh5/dJUl/+5jdkkraaE0QkIvGyV7zi8vMvSZM2AQnGQaBS6pTjT1n2nUMZi2ZMHzr6uONefNUrgHPZSFffcY+U6ZHHHDV7wXzB2L7h0SfWrds/vG/5EYctOWRxMtk647yzhmZMT6DZ399z+MrDN2/ecd555773H99+9NJDf/WnG971T+/hHP71A+9/2z+8VUieQQaAUik9WNxKPAQEFJwhIYJCjnx4fOzHP/nJz6/9ZU+9f3J0nIsoYkLJjEncuH7jpz/2WSAFPGKRYKAEF6otieT/fvPbrckmZBmv1CCVisnzXnLRL3/84xoTKo44wz/dfusdN/9VxJX5Cw46ZMliyrDdbBFilmTAOCjZnpjgQJjKxn7ZIGIMQEoAxhBIZjt37J6cbOCgIsoWLJh77FmnLZg9t9VuNdrNTKXaVxAxkUj6/Z9uvvq71zz86GMXnX/uovnzpVKZUgyAkIkoXrzkoPGxyVNOP5FHLIN0stlUAEMHzauJ6ujIPpWpuBJPjIzt3zt6wQWXvu/d740iMU1Untmx8b577mo2Glde+faPffhf+uK6dqEQKAXQggwJpJJAKBgDneOMChhQppiIJyYa65/ekF6QVuK4naaR4BuefXbnlu2sr3fZ4cviqCJTQCUQgDGUlCnMShNaMNCCufwn55wPT+ZwBbVUo7CuQLx4Rpr2xQSSx/1qC+V3fBMqvEL01t1I8ACuLRsKA1ubr9ELvxYr9OV2J9ootTkN1inRquU2oVUyheBeqJUMCoJAgHnDaMqbD10N70I/yzBJSb9y5Iw2YtNRbY5GOrzhxiPvYbOS6Ssa+XlHwOpugiKz+eCndFTNbwGeyUfGcFLuiinX9xrC536TYBBzKO/mqKBsLMbUto+vWQCAlIJKRHuenPzz/zSfvFdUasRjlaaMo7FlAMCcOhYQ5P5ahjGQAxmAiNKJffK2H2MyUb3w3YpXcP8m2rZGNSaxpxcHZ0L/QuyfB7wHGDMxVY8LO7ikkBDrDSqAW0W+gQCeiRS4myyGLuE8rUfJbuXzTVBzII2GCyErGcqtxQNkjU60WMYAOgDEPO6nMToa+KPPOPRmxRKndzBaEw3tnOmHHUoCMGSb2sC6IzQzuPiqZTU7bERAiPmLOvUHNGcfgvF/AekIuX7fmhkAO0Ho7C1ubEXUr3IxRBokTSbHzMIs+z4aQ7+2tY3tSoCATKHN3zWuQwJ0+bZgx5YASL+VHJU93zSQQ548tHCSENEceZVvT9WDhzp4DASkkOzLWrW3BRyWszR4Kx/cWPiMFsBncp9sIM24WhDtTmIqPmV6WrCVmF3RU18FI6sgjtwJ6N6PVCgerJyyeoo6Qsc/fQICwi2vQtEf5/8a3HvBx9XYKjqq8QY0ELvY6YYMaSqlx783RS6Oq7bDtjzQtE01/110Q6BYdKN2UqmEWUva7BDsxcLBKQUlhhyAb2v6UKy02W60hMHdnP+mnoewKy/ojbKGtNChoHNViJyGRGYieVb3e8QbDiIAxtsqXbPjkbXPP3X/xkce3fTkpJrIgCq1ag/rQUKVZPot0OY4NE/NaQ+XkdWoj/4jK1NRb8WXIAGoUuUsqozI/X/edMcd2+5bOWPZi1ZccPiMJYdPX16Pq5nMctq8LLGyYSoZt9y6NlrKCGNdAzElmOCATKVZJhfMndfO0kSqG373u1X3r6pW6nElAqA4igSPkAFJqZR+/YoiIlKESO2kNX/RvCtffOXCOQsiEM/v3P2zH/9k346dURQjEiIDFiHnRBIIGGNMn7+PRIiVnt6oXlv38GNZY4IJ0Wq16n09x590SgSYSUIGKFC/xpMwmjUwMyOZptnxRx83/6MLBgYH1z6y9rH7729Nqle84pUXXHgeQ3zs8XX//unP7t6y9YILL/ynd79jcnysp6caRWJ/e3xgaPDtb3vLlZe/dOnSg5fPOXj9pud+/OOf7dm4uXdocPeekSqvtLNmzDkiA+Cg31/itnsASqIMMqYUQ07AqlF12dJly5Yt7e8ZjCsxolj/6OOjo/sXL1180CGLCYA4kgTORBSx9mRjzao1zebE8mXLDz3isL07d4s4FixqNRvHH3GMEBXOeY2LZ7dt/vY3v60mm6xSrVfio4467qvf/MrGzRsFjytR3Gy3fvmzX9x56x2R4MgwS+X8JQvf8pY3zl+wIMmSOBJAbO7s2XNmz2pRFsfRP77lzW947asfe/zJ3XuHr7/lT0mSqlRVa5VqpTIyOvLomkdjIVqN9JlnN+8bG0uTLMtSLjgQZFn6hje+cWhg6OjjjmxBqpSaMXfW5z/zWQLYt2/4v770pcfvX7vk8MP++QPvmTVj1pErV1QYcFJjWfs73/vhmocenj173qknn1LlIlXZtp07f/br63iEr3zZi+fOnKMUMP0SVTKmiFZTabuNTDDA2/965yuvuHzlIYdWqxUJ8on168fGxqcPTH/umU3f+8VPZNKOK3HSTDjn55x9+iEHLzFrzSJ/J01NUpYvVTFfEu6PRijKExOUu4JLpVAI9Ito3cLYUEF0C9Z1rFV0lbigmKGjTOPkz4UEuJsFW8yT/gcGGP7la2oXpjM/daStBkI4JLGzcFgMp0Y+fs2+CfpCgUSJ4VVCfLFRz2DW5mKn5elrm9JZLqnW9WUq5R0QW7bxqQNOOMOmrFryPmDHbcO3lFsxObWW/7zyHlZy2UN51AkAgBRBpcZauydXXZusv1vENSKgLEEkMq8eYwSASjkbmayaM4CeGLktH8gQkEiBAl6p0mSz/citfOFx4vhXwPCT8pE/ZlvWQ08fVGOcNpMvXCmWnYWLTgCsklTI8h6RJdjo5uLYhOPjo3wXXCwAGe/fPIiAxgACv2NoPdwEQAqUIkBggEoSAzKvMAWTZWqBgq2GIRGhfYWJmw9//607LIcUAGOMAyGB1FOLjKH2nyIBSUDQas7AJW1SIAIRcg7IARRI/UpuBvrNpUTIEBgnBZQQIjIUJCWZ0KjeaKn5CAlBOYsROSHXTM+BGEfgHJSEDKQ0e5ty3yAQAnBjSSCAtWMZ14c/OqgKbmemJ3oRuclYy41PRDOkDBAVMtLHvIOEiAEykBKkJERS+RQrQCAFpBhjGEVECpQkAO3yNRFiZ4chAwDDZwyZiIBxkJIkAShkiBxBAWRSkdSJcIzs2z4dj2HOOkVOzOe8nFUdS1LHz+CNFwZcCgEfu0dyf03ZhR1fqeTOFDK5YJBgl586L2F8AIXXqxgAb/9XuLyByR/pjCXqvx1uMK93aPrlHg8VIeQqu/wYpEIx7zdrcOQlXGm0PN2hpUrUjLV/w/ihd4fcTdKd9XWKgxqOyGK2am7+FUCA58H1MIoNYVM4AgWlWzJlXTS6j9+0+QDhqPoB7VwedLsK5qFPeUCIkeQY3v1bPBdGs1qnlgKbLGSFVJHxdTcQgLHopmdv+frN392yf3cmVIyVOKoJQFAASiFH4KAlCLqjyezM5B5TJzt0e6Qrd5KBKQKSGTJWrVeAxJodTz286Qmu4JJjzn73GW+a2zM3k1mHsyP3cgX3Qy9TPtFmD7W1QQmBgAFKlI+sf2xk/2hvvSZEPDoxvmDOvEq993+/+a0H7r43XxsiErUYEWSaMoYMORNaG7FqtTK2f/9hRx526jGnHDxnMQH0Vqu1WmXe0oP//g2vO/LIFdU45oxnaTrZnGw226nMOGeCCx7xOI57evrqlWprsjHZbjyxbt31v7mhpeTg9OmGWsY4MknEgAFCJjOBHJCxan3Z3EX99b7nqs8QIuds/vy5yxcdDEB79uxBZApUFEczB2ZMq1RTzJQ+WgfV0oMWHzx/YSWKNu/e9pVv/8+Nv/1dz8DgK1//91e96lU333rLhs0bORcykY5bAECSlFJ/VyTTJE0OPmTRSy+5rF7tecNVf3fOmScj4tDQjEfXPvmxj3x6ZP/IcScf+/dvee2smbOqtSok0NfX21OvrHl03dte+5bJ8X3HnXT8177yX41Wq9lK9u7ZXa9Xh4amVRhjwPeMDn/x61976PZ7eaWStVpSyqrgZxx7whknnqxAxVxs2bXjmmt/mrXTjAiAZQqarWTl8Ue/6NRzMlCRmV5oQiZVRkRz+2buVHt+cvVP/vrX2yP9OuwMKpVYESBg0myKamXnlu3/+I5384hHIlYyBSSmEBksW770c5//ZH992oScVEDVuHr6qSfVWOXeR+6fbLaAKFPZEUcdeczSwzKZEQBj4ppf/Pyaq3+WKrrs8ktOO+NExgVTcONNf/3ipz8/d8nCi885Z+HsSJK07g+0QBdJqYmxZmuiHYv4gdUP3HXnvcvnL4qjypYdO277620TjYZC/uMfXtNWGSPs6elpTTYnW5Pf/PZ/HnbwsgyVRT9gAIFbwy41LF+anpzMP5iwDVndrMxDJVvfbTad+eJQZS5nOhalrwAKlxPmOY7sZqP62qFT9Nl0pc6ooqaKclldxM5OeRdThzxtno9bp1JwJ6YVOuU9Ysw2K2ndT5532NZhu0mQi7dSUe90bTgOXrd8qqbSQ4YkH7zYNCvKf+2ghCwSKZ2xqazQ0gcsDXnaj2EKP5M5BKMvxNAt4LupLj+DsUQveiDOR0c5ZZBDZzutCpGB2vGQ2rAKJWEESkozt/qVwt7EBHPlVp72EAMjrbFMqBBBEatV1ORw65Ebe5aciDMPYyvOo707KElVmtLEOO7czJ9eHR99MT/uFdgzn9ot4HqvDRq3VIDIwi/GJ2a8U36uhLbtcrPSt8rtxFos6aIhhp0RiBiS4AAIUpFSlGW2u8zgPcGQMUCGjOcv8ABHM8NUv9ySAREIAQwlRkwpmWVI+vWVCpGAsJ20xycagmG9t48zRIay1Wq1EhaJSr2Xc6Fny3KkDdYhkqLd23dwzgdmzxJcgFKE5rwHQLZv186n1j9VqUSHH76CATUbo7We3jiuEElLpWMmfWaE2UVkA6KYtdubn928Z+/zs2bOnLdgMRORIvvaFVImUIQgCRnTpiMHRC4YcE6IgNyAKQCdoQbEQDEgTiQcZiapUGUaxAEyMiaj3oqp30DNSNLGJ54cGdm3ZMni6TNmKlKg9J4OBUAa11Gmnt+8edeunXPnL5izYIG2QoiZICegfmOo/UzERDQ+sm/bls39g9PnzJ2PIkJgE6Njw3t3Cc5mzJwdVSpE4PlDNHeRvaGz3SjPfrTjaVnBW3TkiayOZe6ErPndvROlaGq41eDWPvq/FuosETtOWuTEhCkqpr2cWt9AMiSF0alcpXrNiU4PHPj2DPoVh51zjRdV5Au83EJ0mQSBWj+wa7mkMgDbz6INlrcGuZQpVhL0Ygo5X64nQK9IKlhx3er3qzrAAHap0IvRvyCd1OnzLr10R5y1+QKntsMFgEb5eb7wgEu7td7lvKyCIwMAbHKLQ6R5GBAgOMPJZavGPHpo7/rv3n3NjnRvpb9eRwap3g5qwoiacZB0AIV8brHLEU3ftM1HpltIiO6taYhmXzqAkgopqcQMBFPIfrv2llY68bHz/m2oNpSplNCHdba7rveF0Q8TJJzbHgHNVhhFHLlE9vWvfu131984ODTU19Ozd8++lUcf9bnPf/aVr75KCZw9a978+fPH9u9bvWr17t17ZgwNHXb4oTPnzNZ7crI0aSQtgWzvnj1HHrFizqy5GUgBHBCTVgsgOuH4Y4866sh7V60eHx0TnEVRPK2vL65UheBKqTTLknZreM/u3VItWHTQ+eef1d/fd8N1v96/e7g52SCAKI72jY389e671j3+VK0W1WrRyP7RRYsPuvSiS/vqfS3ZYogMUfsYSSqd5ClErAD0+XgZqZTMKxqBkULVSlsCuJJ03fW/v/q7P2KZPPGssz/18Y+sf2rdO9/7rvGJthBRu5USKME5AgAyRIEMiSQoxRDa7eZZ555+0QXn16JaParW4njHrl3tZuOeO+7Y8sxzihjjwNJkYs9wu1JpNbN9VTF//pyBvt5KvaZAjY6PxYqpDH/405/+7NprL7v8RR/54AcZ4ER78ts/+tF3v/kdzjlJSZgxBpipVqulUKYsE7xy56r7H1y1plLriaqVLEunT5s2vHf3z3/6q5OOPxGlojRDQC5EXI2YAqVAoRwdn9y7Z18y1qjPGOod6FOpEpxLKaWirJlQ2oorlb6eHkASTICIpJJ7du6e2LdXKZklKQHpzZaS0lS2EGnjls2jI2NQqW7ZsvVjH/j4u9719gvOPredqh//4kff+tb/je7Zt3DRkmOOPXbbjq0PbN27cetz3/3O9xqT45de9KIl8xcJ/YZy8JINiRhiQjQ2OS5B1av15mjjrrvveflll86bPfeJp54a3je6YMnCwen97VaWZEq2ZXNiLGtM1ivx0PQZTDDIJBoTzipVJznQbuojq+UdagxibjkMIyKlj6AotVnKFFy+7LpbFwdUTtT5LHoLPfzQtf4SDBKeiJuboPmTHf5yX+pi6Kws1VM5bvGa7VQcxWcDWe0OlQj7S10eKblegO7prNB10Jmanhc1IK8c2/yNuEM/4T7kyisAb1OQ75F9oIZ90d85MjmsBX3GigICNNEzsie4dO9EyJ3dLHCs9sK+zcmjt8DEMMZVJa2Jgvp8PTvr6G3Wdp56AqOXmf9OJu2HBCJAxnjEaedT6TN3xie9Gg8/XWx7MHnqQajUECNAISfHW/f+mu/aXr3gH2FgEaQJ5MYnGRPJDULAHq4/hYEzJ310jGw555mNN0brEjHcv3fPI2sf1iFIBSRTKaWMKyKOKvMXzkfk27fvyKRUipAzjshsEJVzzgSv1atLFi2u1XuJUgDMCJ567PE1a9aee/ZZC5YekjWahICkOClk8Mjax7/9fz+qVivvfufbD11xOBf8gfvv+Z/vfH9gWt+b3vD6lSeeQsQ5ALdbe0AjFQCVyu/96Mer77v39X//mpde+YqoWk8lIBJSJkR06133fPqTn+4fGPzfb35l89bnvvfdH1x62aVXve4NfT111W4oGyQBBshQICjUBjUBI1ISo+rIyNjX/+cbN95w4xUvufwD7//noblzFCgDSsyIITKGSikJwDgyBpKGd+9oNScVkSKFiDqlmKRSSgGRlBJRfzd+lLlz5w1OHyJlTGuHfcyMZCmr1Xfs2PrZz/7HIw899IF/e9/fvfYqLiIpUwITWaEs43F17/Dwj358ze9+f+Orr3rFO97z7nrvNJWmiJwIgOndpGgiq0CKJIvEgw88+InPfr6nXvuXf37PhZdfkbZa1133q2/873ePXnHYhz70geVHHtGemBAMkUCZzGGb9Kp9EXrPM3oMVuAvq6zyOTvwRdYELbc2TLU5iu/QFAeou1jWF+nuXll4sjwtuPQSxsMaxPQ0AWX2m19tB4kFAzfXRmjTFCGfE1sUIfeMmSdKTDKDMfL7pcZ08SnXjAtgaesCEToCqp2Tg2HlzsFQsJADehwveGS4Z6w0DkPNBXXuaS/Mv+aH1vq5sn63fSdrt3CxdmAU2s3znfw6bdfI5YwFQ1GkpXCZznbgLZ/w7uNg2i3jyUIjLG9MWySknVi2Fbv2bJoNVnh8y/o7n96zuT7QTy0CqQisQxZsZgwRKFs35dyZqx5rmluErJ8ychpy+EOgiADNy7cJQCni0c1r7/2H43fP6ZmdqcRm8howZByrFlSj2SdKTuNBDg4tiOzAIlmWZQQsiqVUe/eM7N26/aFWe+uW7W9521tfdPmlPBKL5yy49c9/fuTBhxrD+1accean//2zR61YOd6akEpVK1GaJa0kUWlWiysDPdOSNBUR50xou61S7Xnokcc+8P4P7N2yvT5tQColIi4iwTlXShEpkKCAGs2J+fMP+thnPtWaHN27ezjmsT5ShjPx3KYtX/qPL61Z9cDgnDnAaWT7jrMvPueME0+d0TO4v9FqRG3BeSWOxyfGsyyhJG1JOdmczNJUpVIpRZmERKJAjDElUkrVWVSv1P5y5z3f+84PW6Mj02bPv/RFL1o4MOfB8XsOXXZY0pZcoPGBAgBgo9XctXtvs9Hq6e3r7+sHlaksWbRgcaVWR4YTzcaPfvrrX//8+p64smfnromxJgJffc/DO3eOjI+MIVf79uzLSL3osove8LrXVis1IqYUAWM79uz60f/9YPP69Sced6JAJqWcnGyuWrUamo36zNmVuLp3++a0LUEBVww5cRZNtFp/+NNfW3t2n3rRi0aG9z37xJNnXnbGAw+t+d1vb3jxZRe99MIXTyRjQp9Mr7O+JSGDaiSqlQqAOuPM0971znemMk0zSQoazcaPvv/Dv9x406IjV3zxK18YmNanlBJCZFJ+61v/8/Orf9JT7WFCAAAoYIgSFHJsydbDD68dHx7hXNTj+h033xrF7NQTT7h71QMf/eePN7JWHFfHRia+/Y3/TWUyPjo2NjbRHhs74oRj3/LmNw32DWRZBsQAc8RDpIixxkRj9+7hpN3u6empiPjeu+5/7Jn1AzOmH7x08de//AUeRXEtGh2fSNNsZM++//n2d1ffuunolacsPeQQYChJMca8VWcWiTNBC/DSHEBkbqFZqLnMB0Uh+CaDiCC3sxCc79mIglzBBLLLeuWsiPFqLQbuKP9bJgkD+UY25ugDkbBkwQtJ1sE3hSfRSQk/+uf5u6yGQU/h2kHWo1GAAT7NHa2WaBxvMMoNmqC8fcwqI/DpzU+Fz8eSCiNb6szNU7nCkk56uwdLVFKH+6CACorpXcVu5mo0ICkPtwVdKhQIK9LBxTyPq+OxAsq0R92h8n73hys/yoC8oc7fzkh5RaZvSrGomu5+pr3+AUgUVBAyBQDIlD48QGeT6qPFAdAFoM28GMBsMm8pJ48BmneaKC6oMSl3bqBkAnrmwawlasNDOhOSSCLnBIyeujdJJisvfj/1HgLpJDCGXsKjVc6WhdA7MMVT5VZVd4xlvsrQPmZ6Y4fXOKoRAYR45umNH/jIZzKpKpXKxGQjS6WUJDiLI/He97ydM/zCF77a09/L0AjwSAhzjgxjlMlFBy/8zKc+tmzlUaopMYqfe/yJ9/3rR+9b/ehrr7riy1/6dG1getrOABVSxpA9t3HLn265O4rEFS+9cvnRxxJjW7bvvPm21T1CnHfehYefxEEBIjCmzK5IQJKSV+MdOzf+5dY77l+9ZunS5ZdcdnlU7VGAAEqfWrtz1+5d+1uj48P7xsaffOKZW1c/ce+DTz6y9sn3vecfD1m2TEqFRIhKpdnkxL7JRiI1GlcKEVrtVBCONCc2b39+eLS9beeep599bmDv3iTLBOMAxBEVgVISQM2Zv2Bg+mxJnDMh25M/veYn999/P2dMISmyyQeESkmlSCqVKpkpSYTNVivN2h//0AcvfukVlKR23dtjjwgYNycdrVv78EOPPblneDJJEi4iiitAhDIjIIkoFYu42LJl86qH1m7YPDw+mQGrYFxFZCg4ZRIUEGOATAEDYJSlUa02Prznjzfd/MCaJ488bHkqAeJqMj72zIaNa554dqB3WqPZAmRKAiEz3MMRFJHKfNFk5IazlnNllksBb/1bqZfH5opg2LG7daDoEET+jh9zPpZj8jI1ESowqyByi6BDd3RTNc7rFNTnZJHtU4f1JHyrp6zaIIEHfXtXC6syA7icOCvPpnCguqvUjCw1qxyd+agVDFfvn7xTnc0dyP3om5YE+g2ygcIuf8ZrOxj6Dg2jvyvKVW5usvp96MZGubQ3PfJNza5RVszLF6jN79tPHSPUNVUJCqNSaNcp3vAVbQWDs/RXrw59egFYTGgwpeVVC5Hs0eOOnJF0v6pwJIaolI5ZKruBXm+IwDAkX1Dr1t1qb+ZBGmsaWl7SZiIg6PdLEAAh5zyTrcks0a9kIVQaMVsHRbC4CsOlPwcwCgCsQ0cBAIMMJAr8h39404UXXlyJxJ133Pnza37R09NTr1arwGf0TCNGY43xm27787NPP41x5eSzT1u2eBEp9fNf//K3v7zuJVe87I2v/vtpvX0ySyMuQB8bC7Bo8eKLXnrZ9MGhY4866oGHHuCAg3Pm/t1rX71w/rxGq4WcRZxFUaW3tx5XK7ffdvuNv/19Y6Ixtn/soosujP+z2mg0TjjhxBZkNRC99fqigxfvGhmuV+oToxOMRfXq4GQr/dp3/vfnP79uYPq0NGmNDY9ONtpf+uKXf3LNT6VMhveObNm4RcSV6376q4fvf5AJnDVn1kte/tKzzzo9SZIklbf89eYvf+nrzz79rOgd7Ompz54zBAinnHj6EYcdk0qZgUkQVaSiSmXv8L6vff3bv73ut0cecfaHPvihoRl9kxPjvf09ClQL2i3Z3r1v187n91SQJ+2GqEQD04cGZ88cGRvbtH7DtKH+rJ0povZku6+/t3dajyIda2Dbnt/xzDNPDw1NP/Gkk2pQbVGrv95z6ikn3v6Xv57/oov667Wrv/N/gECgJEkgqvLKbY88cONvbpg2d86rrnrFz3/2C1DZoYcfNm16//e/+rWvf/M7J51wwqzeoUymyIBIMWIcGAJwzpExUiqKolNOPIZDnJAEgslW8/rf36CU5BVx5GGHDvT0p6SQIGJ88cGLQQEyJphggEJxBaBIVUVl/dbn7rztbmDAAQ5bsXT/2Ky/3vyXa3/+i4lWCzDFjHiFA6otm7dnSbvWV0OCgXlzP/+5zxxx8LKx1niFxVEUZ5AC6N0+2onM94+PjewfoTQ5+cxT9g7vW/PQQ7+54fcrDjtswfx582fP4SRkqpqqOa23//e33LRzx1YAOOO80+bOmZ2pLDxswJpHdn0VMn606LOA18Bqt161PDBh9GCBlV0dlkTBlxeqUyfbQr0ztRrRv1qE3mmu+CI4l/+OAN8J6NEAVjV3ysmwfwVt7USt1z2nCY1Iy3VcAUAE9nB38zJsryT/2Y1dTkUgsL0PThH68hCLNqF5winEYNrIGa1TKnxLjqfhclpCd0CxBY8Z3NMdnKV1p2Pm4rCUu+ChOJ7Q0bQpoxci6a10pMxCQPRr0gHKDixGxdiFMSG1BUyI2J5k7UkCBgqQFHAw5yFZxy+ZHuWMEnbDxKxMcjpoBaztV4VCMEUiHQeZgqhhtY/FEQEScAAiqZAx4JBteVg8cTs782hojwEi2Rdg+O26blpElVORRwPAWqqO+zyLwJbyV5ndSqdBAkKjnewY3pemaslBC2bPmpFKnJxsbNu6g0g2G61Kvb57ZN80JauRiDlyxrMsJQBJmCTZ/tGRajXKMgnIgAtigkfR7Dmzo1rl59f9dlpf30c++i+1wSHMJBIA5z39PQMz+2RKGDEmBCLyiNf6qr09vT29fSKugEyZUkBKASpCQM6AIFO3/PW2ZzdtOXT5IVdc8bKegUGVZTpgqzvdN9TX11fpnzZQ6+k57YxT/27j1rVr133/2l/PnzXrfR/6t2pUTbKUCzE5NvG1b3/ngQcfBcUYZ1JmgCpN0yzLGBPDY+P1vp6HHn70/R/4qOY+hgxIMUD9Hq3RvcMf+uD7X/kPbwEQIKKJ5r5VD9x/z+pV03qnJUmWkmRccGaCJICYSaWkzCTFcTwyORkxhhhBXKd00uwE1dNNinNc/9ij6x9/sl6v3nLrrftGhufMnzmRJffec/eePXt6+/uOOvLIXTu2rV59Pyiq9dRXPfjQhs1bpw32tjN53113j0+MZyTnzhg66qhjBubMk6kk4Aq5IgQGkRD33X3PjX+5vVqLLrrwrNNOOwWyNpHiDBGBjOXMMhQMgQNHVGmaMmSCcVKp7x9zhqLz7LjfShZ2qOus6VEA4eR/MI4jX6bnoguhIGI6rmJ6iL2DVseSRqylFbnonKPViVAP7ftd0E2IkrocQZ4t5B6w7bl/X4gBWnp5doKZgjIDsvDMFL7e8ohZl/HqqPNv6QMa8d3F8uwk48A1drrSfQ1mVV2HsgnUWChjSyKKJQ37urzUmjwAZANnuXedmvw+lTLlFCzUGa0toZ8CCj3k4iYJzQHhGgo4Uw8RmD1+VjkZgGYslbfxIa/PhFV0EaOGnBTR46fMGUVAhASg/EACccR2qpTK9GK2x+Tpql0+bWEAvc6GA+vLGA2XFRIDduZJp8JxVBGVyVbzl9f+Ik0zwYQg/P9oe88AOYqjYbiqe2bT5XzKOWcBioCERM45gwFjbDAPONs4YD8YcLaxjY3BxsYmiihyzggBCiiggIRyTne6tGFmuuv70dMzPbN7J/l932+MT7uzPdXV1dWVu8dzCrU1dYtXLFu44GOv4E6be9wJJ56YzpR1OO3LV6x8+8VX1q74rG/vXuedeEbB8YjJpJ3gzCqQM3LE0D/+4ffCEzWZGokEjNU31F5y0YWzjpraUcgxzjlniIBCJrhdW1W94J33Ozuzdjo5ctDQEQOHCCQpvYJbkEz0Gzzgttt/1tLaBkRPPfXMn359l5S0dfeuV196edmHC7hlCWI8mZaus/zjj1b4Swl5KgMMN65evWn1SiLAZLKqvv7k2cft2bvr3w89+uh/nti9fU8ikczlsgzBtm0CqEyUNzQ3oOXXd4EED0UCrJbyutqqatmVT2UyRx4xtsbOOOg50stRVnheMp286SvXjR88et5jT65ds/b4ucdfcOnFQnqvvPziuFHDv3LtNYxAIPRuaq6pqhgyfODC197MduUd8D7+ZBFlc41jx06ddpTnuXnH4Xby1DNOTyRTgwcNeeOV19VSICkAKGkl2to6/v7AQ+7+3TMvuXjKERPvvvuvIJ2C4846bvY///mfJe999NiTz3z7azd4rophoNQHFDPGLMtGZm3duu3xZ14sOE5bR3t7W3tbR9vq5auYlWg50PbU088xxhzpEaCVwGVLlwEi2hbjFiPOiXMJkqRl2R+8/8n61Z8js52ufGV13eRpMzas+mzeo0/e+Zvf1v+2ft++fc29muoa6leuWPPsM8/t2LGTpPjqNVefevScj5d9/Jd7/zFi2JCrrrmyd3VvT7qKEz3PS9qpbTt2Hdi7D4Rz4klz2js6N675/PGHnzl6xrTTTjvJJRfzjigIi/Mtu3Y88ODDW9ZtrKhvnjXr2IrKTMFzwdjyHLfLi74FAiyox4otHURm1n10t7aglC4jf5UXiScjKhd+iKY6e7ji+7wjjlx4D7TlXiQQQiMmgjnFhx+7wieQdD6xqE2PaivifEIp3AIMi+BE1FZRYzIUcZTggaoohoXm71GQmhlMd/oQQ4tgpBVFN2oxeKbIeIgQkCJjMRVltFnEAy+6ffi2hG7oj1gf/6KJUcJ2RfNDNNsQGQUCEEgV4pBEAvzCewLC4CRXYCyATGbXsckLc4mqAUMkQEJSSVGPHEd6HiYzgDYil34pEQERCgICKRzZsoN5DgGBEAZ/BH9Du59KWt8UnlTkf4xGlPRlGlGgpxuDkiUphfREXXXl//74h2NHD3c9uXvX7p//4pdLl65gwF3X8zyvtrb25hu+MrBfH8bQ4hZD5Jb13sJP7vrjn61kUs08IQOCQSNG/unPfxjwmz/8+d5///Uf/+lsb//ZT75XUVt9sPUgIuvsyqUsO+cWsrl858H94HnZzk5whZfPt7a17t+yjhFW1dQk0xkiEMhIyGQq+cWqlU/Pf7GrM3viMVPHjh0DlgVCMpIMADiDZKosmZZSMnLTNps4YdoRR0x76pmnb7315+nKcpYqExJdkAjcSpbt2bXv87VfZDJlVsKWkjhHxriFmM13dmaz5HpZIaQQKTuhctokhRQSkRK2nc27jFsMmSQEokx52YVXXD7rxBNSdsri/NXXX3v/vQ+J8RnTpwwdPIgnOQGipK6u7MrlKz/6dEW/Pn2a+/QF4ERIzCKlDYXHGQPXnffwY489/WxdfV1nV9ZOJPKOc//9D7mOu3f3vnFjh//sp7d8/PGi239xl2RQWVHBOEeGPGHPf/6lJ+c/67iis6OrX6+GP/z2F3PPGyqcLkBLoiU8UVZevm/Hpqefef7zDduOGjfixJNOqG5qKuTyCEBSEgEJT0oSYAnigmSyIrX+s8+efOr5SRPHn3jyXJHzGAFyFmMkn02NCjaDdQMjvxuF1eOBnWF0LcbqQEF86HCuuBd26PRcESKRcE/EQTCHYPXgXUQcmNJer1qLMQejNITSKEac0J4QCIbRbUsqoYoCtH313H0+7fCv0C0PbYaIfdOtrWNGiw1jJVLUZGDoq2TDBVV3iv2T2O6RYh4tzoWaAfuA8cMsqHoVgQ7/9eBhxnkrGoaP2FlhsSooizASZflvp4PUGeQI+tQTUFpBsxT6esUPVwZdqBdEgF/ej6ATkAFcCKfAwDu6oNQx2BCqUV8xIdN1P54fMA6QIw2bGFAYu/BlQ3BEmx+nNrjJ7Nqnp5FpCbWu9kYJwHULnudxbpNH6r3JyAAYJe0ks9jb77+39tMVaFtnn3f2yGHDDuY6OGcXnHHW2uWfffjam/f99W8Th40eOmhIZ1en70IDAVGSWXmUAjwhZCKZatm//4F//euN117xhJtIpThnJEkSMZCff76+kMvl8l2dnW1ZcHNdnQQykbAZokMuAz6kz6BR/SzG2JLPPgXGsrncoH4DfvjTn0yaPpUx6/MVq155+ZXmfn1OPvWk2vp6i/GtW7e+/MLLrS0HjpwxbeqMaa7nlZWXn3TSCRzYilVr/vOfx/Zu2VVZU11ZVb17+w5AYhwAgCQ5wvXnjgAkSPAwkXaIpCAQlM/m8vls1mbZQl6dAC9JJm171KCRn/VavX3rNgusU0896dxTTvzfX//68YefOv+i88aNG5uSXCAxxkHKsePHA1hdHV3LVq196eWX0bKOnD5zxLARhVwWER3h9uvV+9prvrR7f8uj8x4HAMYRGXHL4ph49tVXX336pfL6Pmefc051ZbkjXCLmkZx21JEzjj1mwcuv/fvfD59+6okj+g/PeVkGEV3FbQaW/dlnq6+/8UZ0iTGW78oTEENGnG9at/6mr98MAOnKCimIWQgEwG1uWdzigKiiLmme3new9fnnXyx0dVU2NHqO5wn3rHNO2rxh9ZBho0cPGzTjqDEplmpzcy++8vqHHy7YtnWrZVmXX33V12/8SqvX9us/3PXy08/X922ePmN632m9LUChVj5JDmzl6lXtBw5AKllbUzXlqEnPPjN/6cJP/nn/vydOHNt/QL9CIUcgaypqH3/h+U8++ASkN+eEuUeMHQ+IkogzRoGTFvJ9uF5COVLyMldrsMyisiNYUYFzo83lqLmvY1WhWDb7iehHLQK6T1FC2MZApVRK0ABSQiwqSaPx8ddnST1eVEZkmjpGGD5ucIdxbl0t2S3oUMJHj6YodttMasRVZMTWMSZEi94wU1tkGBm6N4jSYjFFCCIPltJocQqGahQNvjMCDSXVfAlFFhlsKXoGCfxiJEpeoR3RjaUB/tHwWpvHV0DE1AWECEaGugIz5a68TUnkSZAckKm0ozJRfBgIUVim4gq7i31gelUQMQAGEm2LWQlgACgAfFITSQw0Jzmy0AHSBSIgjzCwrQmj/ZckkMlFCnEVJI4ZRKGxFZJE6dPgUUQGQnjplD1qxNDm/gOkU6iuqerV3FRwJSIJIV1HlpelT547t7pfHwTBGEdkYKUPtrc7nvCE4Jz5JoAEIllVU3vLLd/du2f/w08+9+GHC9esWr11y5ZHn3weLN7WmT3YkSs47l/+dt9DDz/kCq+1pcMj1lFw/3T3PY8++khNVfmlF14055TTABBIgGVDvjD/uWdXfra2qbbm+BOOT5eXFw628FTKti0C5goHCg4HSKUS7V3ZF19/Z/nKNe0dXR9/ssj1vBWfLf98+dKR447gdpKkV1Fd/eVrr5117CzLtjJlaekKy0IpRMJOHOxsv/9fjyz+dMXkcaOuvOqKAQP7ewUhpSjkc4V8vuDmGfLKsrLxkyeDlMg5EKUyZWdfdCkw2xPS4sm8V3jjnQXMcW7+xk1HzD5FiBx4eZ4sc1r33fKtb77wwaJTR4/oNWAAgASUqCMiCAQkgFEylXTyzr69BxzX9YQnEF2SiUSyvq6u42Dn+s8/L08nJ48bDmgh57v27Mvmc5ZtZ5J2RUVtRXWt64qqsmQqmQIpiHFCDhKYZQGJ11966YU33q6rSB137Myx48bnunJESIhqhwgiQ6ZSQDKVKW9v2fefBx7849/uHzd6lCjkTzv9FNd1GJFfRuZLDIT4kgu8UZPdSjBtwJVRa19bgr6IMraa6iUQwi6xNkNmN9ShUUoTeSSyoH0z2GhCWuZEXceI4DWrinrKfxYRoJQeivwc+XAYHoUmGIQIo7H377+7AkOz1KOx2LbZS0+evaFEY7N+OJnVQ19EyBgUMZy2mgw0DgnJfEQn3EwHT3cYH6w5JOMwcvNmCcUYKUszM4D69xL0IQMOKqfmEBMd85YNVpEUokqm1gmdcXPHmK9kQmoQqKgrqvo8c4d40HlIuVhmA8EPgKI6Kg0AQQJxQM91wBXIk8AYeKSNAGUSIQExYEJKQSr/EESrCXy1RgHplMrDCDbBigms60DwqJ2iAIBMokUcADgy1S9yYBw9RlWVlStWr33l5VeyHR1nnn/+eaeeUZVIZfMEAk46eva+r+3fsn7D68++9Pjc2d+78duWnXCEy8EiBhyZAGLALLDshF1eWd6yr2X+M/PznVmOXJ0CDwBEUgrJGXrCtRMJlMwCblnMlSRIKlOCC/KcgsMY2uB2FcCyrUwmk0lPGDLj2CkzHLdw623/W5h3cPRJx9/ywx811tUkrOSCRR998N67+3dun3L0zJ/87CccJTD0hJeX7uhRoyYcMfbd/Qe+dsNX+vbv/92bvy09Tx0ERX7ttd6b6MtgsjjYSRsIAQRjaIPFmTLYJEhIJJLbd++eN+/pPdt2N/Xus23rjnnPPfv6K6+jI5cvW/273/25oqq8vaNt2pFTTps1Z9iQkZnmhu0bNv/pd79f8smnlbW1xxw70yLo8FyLc0meJE8KQvKABChjjoOdtD5ds/Luu+/GbNvRZ59y2klzdu7argp5sl3Z+tqaiy+54KN3P9i0YtXdf7nn97/8LaLlSc9CRkSCJCICMul5tbVNzb172XaiLFMmpSg4zrpVa/ft29/Q1DBm0njLti3bAsRkOrl945aVS5dagIxxQpJcSkkI8pkXX/743QXJispBw4asWrwsV8j26t3317//dTqdLMuknIKz4NPF9/3tX+9/uKB9f2tT/75fvfaa6776pbJExQ//99Z3Xn/LKs9cfdWXx44aK0EKQUDgeB5K7PC6Fi78pK21tblvn6rqygljx1544Vmbv9j07ktvPDL9se/ceJNtW2krvWXfjkcem3dg+067tuGcC85saKx3Cy5HrqYJorILg/VdMkkTqsXwNAEw1n93sjqm72PaMQB0WIK+pE9FpgiK+ESmC2RIliKfLY5x6ErESpHB0Eolw+SHVayEoZA55HVYztJhXEXurzEuQwXraEAQJvAfCEcV2E/F7lbRLMZUT8+JhSDPGXFBDzGqYi4yVXrE9giwMzngUGo/xi2hsagcR1D1NUSo/aeA2319aDyncoDGu0SKLj/KIAEtQATpMJbW5+4xAJ0F9TcT655AglTfg7eZKSYNaocQlPGNEhFQuixRjrWDwa5CtxXybWr3tgprAwkCAAHMc8DNgfSAyHjXkhb0IS1LjqPUIdglzlaJPqUJR0EXOnSMwIQnXc9hjKTw3Gy+UHC4pepPBWNsf8vBF994s6Iy09nWRpIY46lUYvHi5RYyVIfxAJAkQiaJS1ckqhq+8a3/sUEOHT58yMgRDz/25IeLlyHjqvSFgJYvXw0gEVjCTgKi57lr1m5YzyBp4YihI2edeHLCBukV7ER6+ScLnn3hhXwue/VVl5555pnLliye99ijM6ZNmzl9xocLP1r66XLPc7du3+4K6OjM/f6uv7iuiwCuR5ZlvfbiO0eMmzxszKRkMo3A2lpb+vbqNWzIYGSENnp5D7l0c4VEJp3rzM1/7uVc3u3dp8/UoyZV19QUCm4qk+KMM86kJOF45Lo8YUspOE9IQiHRzbok867nlddUdbW1E4ErRFt7K0m3rS3r5XINvSq++Hz18lVrkojTp05paGwE4XJgiEgoSXoAAoQHSevMc8/uM3DAlk2b5j31HOf8Wzd+dfLkiRK8fC7nedR/0OB0JnP8qadXVpUvW7Lo53f8/sCGg5eefcZFF59XWVllJxPJZAqFqK2ugYIDaBMwkG66omz5x+/988FH9u1rPXr6pBNPPr6mprqtPZvIlJE/9aDWKJNOOsmlyM575NFHn3neTqT2t7Ts3rsPLBs8ByShTvNhtwERIzkVsm5p1wOiVRVhcMS0/8NFgIEJhN2sbB++ISGLhWF45/DUIUVfYRUdbDhaK5CLsZYxepT47LcLuoPwsIOIpwcmviVFfLEm6A7dEpeSurpQqZiOQafFQIotgLjjF7pYUGLwGBlRoB3BCLXqHKNur7wpNE6tKkmQaJcYRYwiiCEYP/mYYNEWqiKHOZpkC8aCWqQafEb67UHB1makCBwfgLawyPhU1AyMbGokylJqgmKPF1FKSwGd/DZVT4AJBtQM8UT9Q/CBtFWBfm1aYALpgQc+DOhH/VQnEqG0gEtHDizr35iuX7Xn804qcGTqJc9+EXDgABOot7sAIgRvQlN0VbhSQNIoWXzmCaSYYgQKSKpQZRJBMBBa1SNy5JJhGhM7snv/9eiDSz74uKqx8eIvXVLTULXqi7UtBw7u3b+vre3gF19sqKirhU2bn3rsqRNnn3jkuAkd2U7GmNrkjYCZRIpJMXH0mJ/9/KddXdlkwlbRaiIAkFJ4rhSFgpPL53PZXFk6PWXKUR1d7UCCWVzqPAUScQAOjHOesDm3WDKRsDl3QLpE8194/rGH/sOSqXHjJ1TV1rZ0dWQqqDOfF0IAQMFxhPAEuAXyLM7Rlf369P7et795zqlnnnPWGStWrJIyOP3CtGT96ZT+EkWGzJ8/UkxPBICESJwxvr+lZc2qDQiwf9+Bu373ADVAyr9nAuG5Xqa6ctumzb/82W3S8+xk8sqvf/m0WXMGDeg3ctSQz1euf/+Nt9zOzsHHzjju6Bn5Qs4TrnqLDyIxxizOOGeKRpaVaj2476/3/m31omXNw4d+5eov1ZSV7UJ9LiRjyNnJJ86dc9Jxr89/4aF/PXjkxMlXX3JFTnqCiPv8iIgoPXfmMcfc+uPvMcsmQilFNpe99Ue3Pj/vqfFz5vzz339PWIwkeFLY6dS8eU98d9Fi4QkAQAbEMWElFy5d+vf77nfa2o4/+8xho0au/mSx50kkamqoBynXbvziqaeeff7p5zZ9viFdVnHciXOv+9q1p8yZ5ZH8xe9//9A/H2w/2HHN9V/9n/+5oSFT5XouEZEEQSKTSn+4fOmSxUvJc8ZPHD90yEDPyZ937tlLPvl0/uPP/PWPfx80oP+FZ5yXqCj7wy9+9enHS4HgogvPmz1jJjKUHnBVwocBw0eOM9WLO3RCDOcEAAkpEkILtFPE8o5KEG1b9hhPLClmYyUnsX7JL2bwjRVdUFJSA4bOiS/P4tFS0ChqORfaB+TvLih9yI3hhse8MqX1i3RrLHoNgdpC0PWsIUF05tMciAknABA8QkbVRqxBD/U1wYcgQ4WoinX89Y3G1AYd+NVoSAEDhD1GlU5JCyEWoaZAoiiTLmRSKgHXpEY8X6FhBloV43CMfilQUIEhQFHwENgSAS19745C34zCcG9E86vUaLh3O9RGAQMbuWgJwmE1/XjzCNq+EtBjFgNAiQAssBqCYlwAVMdO63NQfOWPgATBm4kYIlOHwhJ5HlDSGjKVjz4R0KaDO6BlJxFDjiQ9lJ461BekBFFQ6UIgLzRNAIxpDmrrAsuBwqpznW+OJTxLTUEkChDygW/xAhAgY7kuZ+Vnqwv57JZNOxzPa2lpTdi8rCzdnssnEslde/d/+5YfoxSMmMUtBdyyEyDBYsCQgToggogABCEV3GEjR/z2rt9Iz+WJxImnHd+7X++y8orFn654b8EniYQ1d9bM0SOGcm4vXb7ynfc+yqSTs085vm+f3rmurlFjx0shSHiWbXft3vrvRx76bM0X06dMvvbLlzPw/nH/Px965On9e/Yd2LPvvnvv332gNZ1IMtvypEhZif5Devdpbq6rqamqrOrXr19zY9PIcWMt2xZSpCoyrz315H1/u6+hsd7iLF/I5XMOIXkFr7yijIBWrf4ilUl/tHjZ177+HW5xIEqXZZh6X4uUFuetrS2zj5729W9/t665yim4BFy9LdZCjsglEQMAm7/xyuvDR46raOiTk4QMN23dun3P/t4NNZMmjJYsLajA00kCC5GY6JJ5AYgiXxgyZvSoI4+Y/+C/dv5t31ETJo8cPtzirLquqaFPf8lsQBBuPllVlc6kxeKP2jrbbDsxc+qkKcfNFYUCeA6zk5TPk+cKKYmh8LzyTGL/5jX33n33pytWZdIpDlhRVsYYE8p0IwjFIBEmbdvNPfP403ff98+DB9trKsuvueKSiy+6ULguEiJnFJRe6hrAQLGBNus0VxnGHhbLZlLizPBZyFQZocSLXwhxEVhCVptR0mJhGDYgCk6Di6wOnYcNgsXFv8Y+W7Ews+kbmAB88nQXPzWDzvHBR3VZ1NU2XeTibKQpF7p1TkJNE3gHpcfc8xVT3TG3sASYaI2PqR3DIcc9TG2OmK7qf4Vb9y5rFLWSxyIXcSDGzDRj3DEDJNR4Wm3ECRYqnWBgptnhP94Nd8U+/9eXrymUP0u+jaRcRMBgoOHkIABDlOFX9LORStGTNvUwHGhAK/Arb/0IEwIxyZCTI0fXDPzZCT8YXzfyZ6/9at7Kl8mSaCF4qN4MRT67sNAT84lEIXbGHJniKhAPen0HuV0lCQnCJUhSFRVLAvB3KQChes/vQw89/NQj88Bi6fLyP/3uz7//ze9b2w62tba3t3U4uSy4LlqJRFnF0o8XvfTWq5PGjucWK5BrSYsBJBP2B0s+eeWNN1PJVP9+/ZAw11UARM/xPOkRSERGBI7rOa7HbavlYMsf/vC7LVs3n3fB+Vdf9WUAcmWBM6Ze7OiBAFRpR4EkGWAS2JsL3/njXX/esXnXpGOOOWHO8Wnb7kJKsgQyYIwDoG0hY8CkhRI5oss8KcSkUeOOHDYhU55p72rzz0yX6og+pkwtIvX2R5AkBQiJ6p0EUgoS6tBe9VY7JGAgpFtWnjz1jLk7J49Jp8rcvAMovli3ZcOGDf3695545ETGrGy+MHrYcACoKa+sqqopdHWR51bVVF9x2ZXN9XWFfI5ZliclIUkkBOCMI3IA5nky7+Qfe+bpJ+c9k0xnTjrxpGOmz+zIZtOJMjuZACDGeS6XE673la9+ZfGSTw9u33777bc1926eO/NYT0jXE5yT57qe55KUtXV1vWobpRSCwELMZsrAsgBIMpkkSLMEMSBEG+xkOgnIBICQxABBEtq4dt36revWYVnmnHPP3LZrJwjPcwqAgjEkZP/+z8P3//kfAGzQ0CGXXnrZZddcPKyx376ull/8+vePPfR4Z2fnORdc9P3vfrM6mck7BYYMEB1yXemV8fT8+S/u3rQNMD19xrTasqr2ts6adPXVV1++8rPVaxcv/ckP7sxnvf0HWx5/6JH8wQMTZxx9/VevrautdXI5bjEzjOVbjUYxBQUrQ38xznr3F4daWCprAog6Cx6XFxDTDuT7iKVVhul0HZ5aKVJnSuiHBn1cwZuDK97JSQYa0cZhOWO3GbyIOiDdNQIYb8WOahbyBadpdhh4RBJ3BtYRJCM9QsSW767yiEwEAKBIQXRTtVQUOkB/CBg82l2cN6qSYnhEDA8jZEzBuIotRHWzZCwgJEjAsP637oLjoE0qMtQw6jHr+pfAGA07CPZ+RkcLevOlGQdAiJHdeADDZUXAgApZ3jAic9x1hY8ecreuAukhs5Ax04hTM8e0QgYAIOm7joCIDKQk8N/DgSBJCAEMLbQrm+z+R1njT8GaAegeELuWOtu/kJIIPZKCkSQhGRCKPKtsZANngHRAeuBvMDAtEC05ilR/qFDj+jacj/CnwJbQTfUvQUvGLc4Zz2dz/7j3X2UVqbaDXchg+/bdCSshBZAjXdepq64ZOnhA0rKSViKdTAARcty2c98XGza4nnQ9l6QA6TEkzjlDApTkuMmyDCCS555x1plnnn2Gla588rFHFy1aXFFRdt7ZZx5/4mwG7Kn5z32w8OOKTPqi88+bOfe4fLaQTCSYjQKkJem5l1585ZU3OeCsY2aVpdP33f+v5196zebY0NTc0NgwY+aRmfLy2tr6zVu3vf3Oe4zwxmuvOenUUzJlmWQ6iakyQAvAEvkux3UAcO/uvctWrRPLVpVnkrZtIYBlW55H+VzB9TxC9DxxYN+BPbv32UmLESNEz3WFEIzxTCrT1nawf+8+rpDAOJHHmGItVcgmPdcruF46lXriyecmTphw1mVXQnUFednVa9Z2dXZZVuJv//jPa2++4xFx4FJQr6a6U08/qd/QYV5BuBIZ8PyBlgXvf3ygPV9bV/fQvCdeePHFr375ym/98CfZro7Xnpu/cuVnFrcs21q5anV7Wy6VSL721sI9Le2e6wGz0pn0wZbWXnVVJ591dl1zPwtlV+uee/78lyeffcm2Uzkvl8u7TsElxcYgiUj4gR3iyRQJ9+GHHvrjX/6+Y8euirLM5RddeP3112cqy7xsnlnc8I7AXNJ+UXywK81fP4ZkU15qN/FK/dcsCwwhocGjml+LPJoiqUg6ul3SC/NbBMACoR/b7lDsaHR/WeEaDXuK1KYGEkULP+Oklpj74uOCsaFGfzUVZ/feVzcB3UMqfoWt6U73INm7u0ICai1IAFCUqSsKzUY7KuFfhlK6ZwTizwQvR4mF4+JwDeAGU0YzkUW6P9BmSt/0cMhwkc9ZqsSrFDJFF2Icq+6uiLNqIK2i9ybnkfLsQZqATVs1EqcO//FZxi8CCPR8aP9gOPRg3wEAIJLKfDLbcdzJfcfecfS3x1UNI6Cbpn2p02l/e9OiLLnAkPwXWIH+j6QZozFkEmgh4pMxWphgZvYVHKP+VnO9qvkFSQgSgJC4bUugVCJ9INv23JPz927Zlqqu27dz156tWwGI2Ra3E2UVZQ1NddXV1bV1tbv27P9ixYpnHnvyuKNnTT3iKKfQSSSROAP+/sIP7/7D3eR5ANLJ5gEAJKmT9kCGbjBJSUQ8meQETjY3oP/Ayy66LFWWliQRgCEJBgxRSJEXHlpckOTIdx3Y/+C/Hlq5/LOaPn3nzJ099cgJwnXStmUDsxnjFgPbTqWSDJELsgSTCMBJELmuSy4D8tSgpZQkg4Q1aUIB+DiqU/U8X4sIIUFKIqasOJSuVxjYp/9vbrtDEnkgXSktYA889OD3v/mjoSOG/+Gu39VkKrYd2MeRA0AqkUqkyzzXS2VS51966RWXXVTI5Vu72rhlpzMZIQUDBgwZt7jFwbIdz33h1Td+9cvfoCfGTD2ypaXlvAsurqwqI0/u2raD2amXn3v+k48/ynV11NXW2pZtpdJb1m/69je/dc99904fd4RHgqQsOI7neFLCKy+/tnHTVifbmUglbduW0lu6cBFLly1ftvLq67+h8rnIOLP5js2bCZk6iokBcsaIaOTwITNnH1tZU33cnGMffHSeRMYZY8Asxjmy4UMGjZ4wduiwYV+59qrZRx+dQnvTvu0//d9fzH/8OUI8atYxP7j1O801Dbls3rYsspCQBBNlmbJPV69+/Y3Xcx2dg8eOnnXcMZlUOtee6+jqmDhh3P/c+OU77mjb+cWmH3z3R0hQcJwBE8f98CffGztsuMi7nHFVKaSLN/wone8W6qPli/SbXrHhPSJz3SvDtwdRcyhJ9F8I6xjcEKFQgmGYFI3+5Pel3e+w96iFrD2g8H4pXRnHPvQvQrkWDwTGnBDyDaBSA4rcwG5ulvj1MA/UibjBJdR3zBf1RxRmJPw7xU/6DUpeQVwg0BZFRTclzYkScfPueSYizylaSR4ZQgnF2h08g9cDF5X8rCMyY79i2C76hUqxGIAf+tFWKgFDlOQRs9igmamKerb6tez6JV77XpQOl2TZxDhTUUg1PJXWAyGICPy9oqpcCIlIep4ksiyLpat5/ZDUkCOs/uOhuj+kq6Brv9zyiVj5NjkuS9gkCsLJAUnpeYReovf41Oyv4YBplO0AVfprEojCqSPDOjdpVsJjLyZr4CaoO6F7qzwPBowBYwxkJmFVVVR0ZbNbtm31XJlK2TaDuorKioqqgusKIYYPGfyrO2+rqa4Eokw6UXAcK5F49tkXf/jTO3L5vCc8IgHkgnDbDrQfaGlxhQtE0nXLK8r79OmLEggZCeHmCwDELSuZTCCzESFTlkkkki4JSYBWmV2W4RyBCjyZWLZoyQP/fmjnngPJVPLVN99c+PHCT1d+1tLWPnvm1Esvu2j0iOHTph+ZymSq6moXvvfuZ58t27NrX01lprZPP0KgfDbXsn/7jh1WItncqz9DBJCJlJVIsPLq2q9fd834MaMEiYrK8tbW9iefnP/hJ0taD7RNnz715JPm1NXWV9fXutlcrrOTGHOdwv7W1g8//PijhR8mUwlElTBHjv45GOrdYkIKBJlJJdrbDm7atlGSV1XRuOzDN5566oV9rR3l5Zknn3tFSskQOWOuK8oT0FRX3W/kaOFIT8gkt3fu3r105doUwqwZR65as27j3s49+1sZt/bv3Xvf3x946+NljZkUZzyRsokg6+affu6F+c+/gMAsm1sWb2vtHDmkf/9+fY49e5hs3/fvv//9vgcfdyWU21a2SzCOzGIAgCA1+xAApMrKUgnr8Yce/ekdv+nszFWUZy6/4NybbrqhorrKzeWYZSGAMi2UZAk0U+h9xpgzvvBLqAmDo7Wk8yV1ILgNPvZhUgkdaIqzEGK8TNKICUYVZSApzHuHl/ALwFomTCPUF9XoOu1arKrNVFho0xchpOo+wqahzRAWnwSoY8ye8ElrKkqKjTNITIP2J2I/lcIn/BpvHOQnzYRmPLkJJSFEcrBhtCDwJowHo3C6U8yhKDS8qHgY2BhhQJp4hW1JnI3kQTCzceKYWjtqU8SnI1oma3IxGWibYyyempJXybImnyToe6NEUirPLtAVEc3sD1BKGZDIb6vf2BDeNd/pAiqDAsAAJQHXtwkAgaMlss6skVO/N/OGcckhIICAelX2vnDqWcv3rm/r2GMzy4cpfX5X+X8/00qkXlgaYZtYzFUztj/9Ol4QzJvmMDUFRIgCCNWbZSQlMmkhvI5sZzpTNnnakQc7O/oP6FdXW1dXX1dbV1ddVVVdWVVZU11VUV5eXTF46JBHHnz8tu//aNnHi5atWjbliMmSpCcFgpRgZVIpO5mwytLTpk9pqG3o6uqS0pNEUqiMIqromc2tdLps544dK5Yt27N9OwJ3HTddnlFzJYmYlMlMet2mLZ8s/FQ6sGPb9o1btjQ1Nm5Yt85pb517wvGXX3RRJpFsy7arUXAi8gRIyZFbjBEInWZAQgGMISdEIimUg6lf0qj+J0Pnn6SQUkjP81wAITwhpTo1SaqadZtzN19Yt2ULOYAMCwXHddwuL7d+/RepRGrVZ6t//r931lRXrf1ibV1d/c/v+DkS5JwcSKiqqz/zzNNrk+n3V3z6wx/9YOjwkd/73neaG3rlnSxPMI7qHaHoSfnBgoV7N20dMWny//78f99/593f3H5HIpHwPODJFEsnt2/euPWLz6UUjOGRs44/8eTjH773vq5c3nU8QOlIx+IcLQKLEefrVn22fukiAADOQQgCZOkysqw923c8/9jDgIDJDJIEhtxOk5RIzELurwLhTRo75ve/u1MC9G9sYiCQAyJyZByQSbjs4ouPP/74psaGukwVArz9yYJf/uK377/zXqK8WkhKJpPldjLF7E5wBUkikCCBSHL4xwMPbl77BUg4+bTjB/btlyvkJUkE4hKu+9KX9+w/+Ltf35Xr6EratrT5V2+47vQ5x0vhOULYzApcTQCSoRluKo3IFcRLzX01WhMbQqY7seK3j2iW8CkEfchn7L6OEJfyZww5DOYjsU6LY8yGJRCRw4FgRh2OipWTms5nUUdkxOgi6EUGZaASbAzxpUpwPnn0SQCDvrGh6Qah0owqXUPR+0hHsDCpShRT3yU/B2oRIEr3oJnhx5o/B1oVo+ZGRMlGaUtFXzEaTTDtB9MUCm0a8x125r6hYpyjV8wG6PkitfFTQfdtLL8WlRnheWPMkY6C4UCkJTIEIgGCYcOo5MyBiTE7vJZtMtcC7TvdXWucll3gFEg4SIJUZE8IEIKkOl8eVaYUGbcqG+zqZmGl7NoByZHHYq/RkK4CliBPonPQXfums/gF2bFPciYhwaqqrF7VVlkDVtTx+sFW3yNZTV/K5YARIgcgAIZBeApMS9S01COFEmpIptyIrJ1g5YWpaVOi+BU05Mnmpuaf3/qjmpoanrAefuSxN99454jJUy+7+GJPyCkzprzyxusAUFldNWbMCEplyOlSxgpLVQ8fMtjzZL6Ql54kIRjnu3bu/POf/7p06QpimEwmc125yRNH3fqTH2Sqa4hIvbpZECQsK5lK2akEY5hOpRiCxbidsO1kkgnBGYInUMqNX6xv2ddSXZaUyJcv+yznFqSg6rKySy88b8yEccyTDX16I7N5sqy+prGyvGKH3Ld6w6bmhR/s2X9g3bovNnzxxYcffDRmzMjbbr+jd98+IEGQ8ITIJJLHHD1t4pQjc11dXR1tCx95YsWqVfsO7B85ZOi3br5h5gknCZKM3Ldfee3A7oOzT5zbe+jIfHtrV8fBDxZ86HkCEdSBiKAEmiSGBF4hl805nsjnXcejD95bfMHl2wePbMxmO0cMHdh/QN+y8kwhm/dcR0jas//gunXrm+trm3r1BilFPkcACeEtXfTJ8jWfHzl+7KzpR23asgWAUqk0EDY0NJ156sm9m5uSicTmzds2bNnGSA7q06epoZ5ZXE83y3Zk+/ZuKq+phtyBR/75z7vu+fve/S01VRUJ2/JcT3qCIUpJXlA7JXwZ+Ld//OvFF17Zs+9AfW3N5Rec861v3VzT2OB2ZRlj2j0L+VL7j4a1F6brCMzaUYxwXPeFOXGPrOhJLQsolhjUwRk1jmjtaOlqxJgNXtSkOA/XnakfXN2cP4RxkVRK5FFRu6h/1eP7G/+7S4+2dDJam5vKKzDLqLBokyF0R9x4VyWGZ3bZUw6z1NxAcGhXMcMc6kL//Le4I10iwlvUaegxljA2Sl+R4HqIPOgyVR9eySdDId8NGUr09V8zRrhiEZk6zxYBVGEEktSmms8MzCe6/5TKjxmGLSGqElkZZFiVg6oKF8wcKxGBBNSrmaEFeffkUUd/b+YNgxJ9C24BiJKJ5KaDm/7+zrxtXftYgpEg/6BdBJBA/plH+h9QNagYrv8oMSI09F1hCBKe5Lujvn0oQCCgRGCMV2TKX37v7YcffrwrmwWkfz704ID+ff/4i99t/8GulG2nk2mOFiJjKmVIIEjk3IIl+ZzZx2698Wue4x4zbYZLOSJBSIK4BCmBnGy2pqn5+uuvP2Hm7AO5A6D9efUGcElEUkpJFdU1H7z7wQ+/832VZSXfgmUqFFFWVrF2/YZf/eYPr7/8Wk1t9c5du+6+794vXXnFaWeePmHyxK9f99WJI0cddDos2yYiBpBMp6ub6wZaOHTIIMuyhCW5zQQKjojEkIHkUqgaLyFJqqymX0St0ptSghTSFR4y7nrS8VwASYx8S4IQCJAgbad2t+z7+Z2/W7f2i4qyTK5QyOXyruvk2rq4zQ/s3/evv92DgI4U/QcPmX3c3L379362+FOesQ+27F+2cvmZc+YeaDnw4esfrF/5+eUXXTKosb8rMAGWi55lMcawLJM67bQTvEJ20rgJc4+e0dhQVdtYnbZT23bueuLJp/ds237sSSecftaZTj6XqchMnzYtk7aTNjv5hJOPnnJk3ivIBAkuiVGuvQvynZNmzbrm2ssZWB3t7a7j7Gtpfe7Z57du2DJs/JhLL7sknUoJITo7O1wSSxcvef+1N7JdnUJKBmgzSwqZBBjY2NcFx7YYMOC2DcgYMpvbTqFQniqr7F/BmLVi/br5z7/48IOP7ty8NVFePmL4kE2bt7z79jvf/vYtt91x6/gho/KiIJn0hKhIlT/w5OPPPjM/294xdMKoCy84q6KyLJ/P8RSvTdZs37vjoSeffOnlVwvZnJTSdT2WsF984WUuxEnHzx01cBjnLC9dApUdIaZ22Wj3T5cCRL2pMGUVFSp6cftl8qh2/AZLvnvJUnxyeNEzRIQ9qIag//9WrAVaR38t0hOmG9otwofqRfnmPeqvCE7/pa4yeymVnIxg230q0u9YSeT/M+PhcMcYOsxgOp8+jHjXJTjEcD4j9w+FTrf7jYvzdipzXmoyKBoZwLA+J+jkEGbjYUxwkAhVEAEQSAJYFdg8zu5zBDBGuVbetiPlOkiC3E5wc+QVQAoSLgihsCS14YJxtNKQaeQ1fSCZAZYAKwkkyXWQuaheTtJvDEuXS/IwmWTJCiyrhWQtpmrASgAi5bOUz2vnE9SLJfScoXlqZ6gr1dsDjCRmSI6e7LyAxEFVnW8yACAhk3mnV/9+F44bzVA6gr/z3vtdeWfU6NGnXvol8Lo8t9DV1ZlIJDZt3vaHP93revmuji7bthhY1VVl6zdstriFwID5we7Wgwffeuudzdv2lJVlXEGtB9t692oWyLZu2HCgta26unrbjp0A5Emxaev2yiVLAWDdFxuE50Iq0dLaumbpR/v272+orx8xZgy3kjNnH3dXU6PjOgTso4Uf/+fRefv377/4grNPPOE4BtIj0bm/s72jY/++/YsXLWpp7yLG7//Xf/567z+z2Vw25yRsK1twy8rKCrkcYwhSdHV2cmScMyS2a/uOZ5598b0PP1y6ZFlLS+vkieP+9/vfGTth3JaNaxYsWLzwow9efuktr5D9RcI+r3df18kfPNCazeVdT/jyGgmAKQMGEaDQlc12SOEOHtCntb1t+Wer1qz4dPDIkdOOPmbKlKlocSTh5LOcaNOGTXf+9o8Llyw/8/hjh40aAZ6Dbi5dXrl3387XXn+7vSM3euTQPa0HtuzYDgCOwJ3b1gOyS6/60vXf/Eauo+Ou3/5u5drV/fr0+c43bjhuzqyCm0cChozZthBoJ+yqxoa2/Qc++mjx+m17+9VXn3/OGTnH+de/51mcM2ZJAAIkYkQkQaQZrFi5eumyFV1dnbXVNddeeenNN91QXl3tdnWpM34xlCRqGXbj1JV0rSDePOLCHGrZmkIWfNEUfULjg8GJfv+XF0WQLL0HsOiyTAnrC71gK3oR/FBSl0zW+Ro0vFlKcyDEgqkmHIPugRcULzjWLSnYhhtk4aIH/xgu6KGdLvMpCujoRwiib7wo+RLtKPJFUdYwhBaks8zMcOD5oK71DfAJejRd0HgBUjROSRptxLCCsxsVHuhdKt0sIqzJd0FDMVykzA7t3II5WBN4zw+Wwgl1Xp2B2ulOUgLqfKV/SR0DUf+TQoL0J9X/AYGQ/F2aiASCgBAZqErZYLgSAIgpi0gSMu52dp06ce4tM28aaPUqOLmC8GzL3p7dc+e7972/a4lMAiIDCf7+NTWHTB3drZxPhb3yn8NpDagRlsUFtnexVRpaP4CIkgQHbqf4Q089/evf3vX56rX9BvTLZNIvPP3shrXrbrr5xuPnzK5MVyIxREZq0SAjkECYslMAMKTPgJ9//xaGWJCFfM5BxjzhJ7ikEMKTFrctxhlA2konrIRv10sikgRSCCq4boYnkokEqvgiUydcMASwgNkJ/u4HC355+28XvP1OQ6/mUWNG79u9e/4TT21Yv2nunDlnnH5GTX31gXynZdlABEidXm7ggIG/uP3Orly+b58+GzZschzH8Qp2gvfv1yeZSAgUwIGApJRCCAJQCTk1OgLySDDAjJ2U3E4kElnokp4bEE21AVAWFhYKzo7NO7as2VTRUGMlLMa5JATOpYDq+prJR83t27dPc3Nv8GjeI4+9/c7bspDPlFd07N75j/v+eezMmYV8FgDsyorK6hryiEsOhJL8quh0InXc0cceN3W6ZXEAMWHEmMkjJnCAXR373nvn/T2bt046avrXr7hSCJcAPJIOOT+/7dYyO1PwHA+EYJJQ2gnrmFkzqmorp844+pSTT2oorxFEFvKWXNfKFZ9tXrN+4IBBX//qtRXJtABySUigDz/+aMTwEQP796uqKBMgGTCGzAMUwlOnY6oXuUkJAsiGhJ20BNHGHduefOGF+U/M/2LdxkLBrW5suOiiCy656LynH3/y3vsfePGFl/YfOHDHr3969BFTHc/LJNLvfvLhb375uwO7D1gVZVdfc/nYYaNsziGZ3rVnz9MLXnz8sacXL1qa6+gA2x41cRzjfMuGzUsWLF7+8bInHnv6nLNOP+PsUwYNGJJmSVc6AoQEUGdzBcZ4SR2pTUqzOD1cQcqDZRha4SUCg1GJat4MjAd/H5jxWikM+o5G+dTDFPXx0MSSQvSiC9m4X0pUF/sfJcORZimMDsJoeRi8DtnQiKGi1ED9v6FLFsbq/AeKVUkkTxQhTkBQiCh63WOYaw0Va9ShikSQY4ov5vuFQzCNkJhSM3ObAZ4mYsbZQqavXtLVD27GUCpSo1Gnp+gqmVaN2Z/BNOj0KgX2Qkm+JkK//hZRvY/RNyJ8MHorMgIAYWySA6z1hhBd4+fjiEAkhXQJPIHIwcpYzWOBJ0MLRoUEpQeqLIX8zBEqX04IIgEAIAi8PHEdQ5aMeBnrcyQbMBOQARGRAM8DJ09eAQpZAoGg3rfCfJ5GRPBf461NS3MXSxiw8YPKGI6RQrERklsrBH8+fMNL/xQuaQksmVi3dOldf/nH5Aljb7jhOs8VDNC2UwCFjtaWVDKRTqTT6eS2rdtu+8VvhZSZRIJxyyk4UgoELHheV2encFwgkiTrm5quvPryHdv2lFWUvffBwg8XLkmVlX+xccdtP71t56491TXVLa0HCy7t2dt+zz33V1SkPekdbO3MFTxPdv3lr/cCydbWlkkTx912+x39h49u7NO3qU9fSZTdv/Pdd9/dt7/lyHFjrr7y0trmXszib7/y+j333N9ysPVgW3tnexdyjshbD3baCV5XWz20onLcxLHN1fXDRo+qb2wQUnABM2Yek8lUDh8xMud5t/z41ldfe98VMpm0yzLlbp4effalTX+8Z9v2bVs37kilEtXllY3Nverr6rlllVfUnn/ZRQ1NjSNGjKioqATPYb4lg1KSbbHWAy379h7odGHOnGNzHV33PvDIv/7x4JjRoweOHS9dCYTCdVkiZSdSS5c+9f7Cj8ttnHPcsfVNDSLXBSRt21q36rNFS5YhwLsLFi5ZvvzAwc6qdOq1N9784L13KspS3//Bd+ae/aVsa9uOXbvaO52mxuZhI4dV9WrMt3cCMSTgqQRLpIjAyTpV9Y3nXXT2ss+WHzFh8jduvP4/j8wrgDoiX0ohSAhknNlJIgIGAqC9K9dQW/fNG75y3VeuTmXSXjaPFterCrQ1igi6kg0hCM5RZNEFSzjgV1MURQWa5t6QJ/W+62icC4GCCrBILybQqANY5HnF5afxfKCSqASc8KeI9I0UjFhFOiw61uhFgewyYEaczGh0E4ue9ddz7GYAR5M+yPAAhA6bD1WXA8XMke7SvuCrmEPEiWMp0zigotAmgnbWS3m/oYMGEb4qxi2Gbw9IFmt9I9gAoddqInHYofEickZwDhE17TwjBFAS3dDEid6GHifrsBH2LSEWZkDJXGcU2qagMo9EJP1D8wAIkECqdQz6KEIGavsoCJkrZC1gVjIDACQJ0JcFhARAyLnMuSdNnPO9mV/vZzU5XkECJexEq2z/1Xv3vbv1I5ZSZbcSguM8pX8WLXJkjHFkHLgiBgsopIvrYhTT2k+jGq5CfznookrJgAPH3//5nr/86R97du0dNGTQt779jeHDB/3x7rvffOX1m268eeiw4cOHD6uqqk4lU6mEzRhjDIlIAghBnnQ915FCth44sHvfnquvu+Ksk88otOcZMAIQUjLbamlpufuv9z72xDPCdThDJCRBJD2FQCGfz+bzQooDLQf27toDAIKIqQNniaWTmfc+WHDLD2797KNP0jW1p5595re/ddOK5ct/8/s/rl+3bsP6L/7znwd79W7q06u5urLaTlicW0II13MLTiGXLziOIxy3q7Orrb31pFNP/OEPv2eDJf23xvlvgAHyvT0JBCgFSG6xnbv2LHjv49YDBzlnO3ftXrnsM4Ck4ziMMVIBN4ZA6JJXXV115dWX7T11f019bSadqaiotJP2O2+9M++RJ+t7NX7/B98+atSkdds333vvPe9/8J7IFWbOPW786LH/+Nvfdnz++eWXXm5bDACampv69O0lhLQ4V2+n4Zwxi2fSqQQyVxJKUMEclxyPk/Q8iRIYE+h0keM5OZSIDIiLZMIqyBz42yBBEKUyqRtu/HKCJwFASuoq5JkEh4GUXiKRRMsSKDsLObRBSuKAHNmxR009fuoxxAiCY7YQGGPAuQUWY7Zt2Qy5R8J1nQPZlhdeenXpsmULP1q05rO1nuPYZWXjjhh/9ZWXnX/G6RkrOez736muqbjr7vsWLVp0w1e/8cMffO/UU09654P3f/DDn23atBUYXnLRuZddeEmXk53/9IvLPl2xZPGyNStXuVnHLi+rbGw4/dSTbrjhq6l04rFH5j3+5Py9u/auXfP5L9asefKpp0eOGHnaGaeedtKJmXSq4DkMQYYKI7oZ2rjCckJDa4RSQMmJYLkcUrBEBJov6UyHygAcaUemqo01NipKYp5naflJAAyCwloilToyoMXij9G+fGnun9xtbmbBgCKqaeDUdSeEY7ZPLAZvDsNsFqFDEWQqfjZoYw5H3y+pLCj6ppxwCEoTRB3O0FGLR8xLe4nYXYNuaG4iaRIzZNjIuCKqM0wURHWw2VFJngn8YgMuGPMbrBoWhi5M0gdLQiVHonsiIwOIxG60TmUM/L1tEoBAgBQuUKcCqOKRSJKkQCmIJCjF6qOEOorh76IEYnrsEgRJLweYJ0BV1IIgkQQCIQ+KD4KACgKA74KaxCCI3TCnQw+E0DCzw8QKRlk58kW55EQqrIz2pg1bHnns6T27dl11xRWeFIyzt95+Z8uXtrS2Hrjm8ktQgue6jQ0N5x47fd/eA2s+X+/kCwPHDB8xYkQ6nRIkBvXt1b9/LyJBJGvr6r5yw/WqHungj376/oLFBcdtOdCycdOWXXsPWNv3cptLCY7M79qzq6XFAmT5gut5Aoi+WL+BIQohdu/aV8gXAEE6Dlps3/ad9/7t3gceeryqPHPVVV8aOmL4ulWryyoyT8974u33FlaXJ5sa6/sPH9TS0bVnz74+zQ0/+P53Jowba9uJpG13dnYkK9KZ8jQwFFJOmT7ziKnTkynrrl/98qWX3nZdUVtX47oeIS5fs27Bkk8lydqKsv69es2ZffT0aUfs2L51+/YdB3buaO4/YPLUGROPOBKQcSspXIcDIwIJKAkgYW/ftm333v0A0H9AvyMnjn/v40Xvvv/hC88+e22/vql0uZPLeU4+XVm5fePGZ55/deOO/SdOP2LyjJlgJ93OLDAODHKdnRyosToD0u1o7ySChJ3o7OgSFq+pqAZIAcC2LRu37NhZWVnRmcs9/cwL7779QVeuq+B6juNJKfr1ajr5tFP6DxjoFnJTp03/469ur+vdu7F3c1dnBwdgnAMgB1mWsZnIvf3WWws+Xmpxmzx3cL9e377x+iu+dCkgiHwOLSu00xD9U89RG5r+6imWnTrNYKxSvbrNte//dCibmUyv1g9DRp8JulNSEY2oYsmsUrd2fkzbFjsSoWtIsQ9QXH97SF8g9ntpQpQMAQbIKFchKg+18lA34zADGa0d624sEdX4vy1JKn5Qaz4qVj/hSYx+XPkQiTtDO5gbdbrDsNhh6xljCAJyofg0oEUnIgjeh+1LIxxqIXOAoXNkYGlWO5dAL36jxJ04KxzmDKp1rciqA0yk04Pkl8yoxSBVcSgQquJbkFpNg/Y/dSwVkKjLqS+vumD2VWu2rX17+QLMJACRpD72VhIyFO1dJ0+a+/1pN/S3mvNuXgqR4IkOXvjNO/e/uO5NSKBSUsqn9UenvEyOyJEr2x/1XtIg+hBKDT2zpVnBp1hcOBHZzOrs7Hz3/YV7Nm7pPXToj396y8XnnJPhdu+mhnv793/ltbfWrFq9csmnJISf99NnI4EETRpgwKRbaOrT1/rqtRZYOY8szsADx3UBoL2j7Y2XX3IdBwikEFJKkhJkMAbFMpJZdiKdActmqN6Sqg66Aydf8IQLqfRFl1/60x/fMqCx1/BBg4cMGfj4E09/8NGiTRu3bly/Yd3K1SAlESBngICMqZwxCYHECvlsJp1qqG2qSVV35jssZqEEBCYFEek8LIBHggNzpVeOZW7Ou//+Bz/5YFFdU4NTcBy3AAl7YP++1dWVrusgR2LEAD0h6qtrr7/6KkQLARC4BcwT7sH9ux/5V8F1CuAJDvKThR/e99d7ZV4ceezMW275/sjBQwndu+78ze6Nm4QQyVTqpBNOrq6sKbTnbc7Af9UwAyLOLQusvEtIZHFkHBmgBZyBSoJjOpVKImdoAYAk4YEUIJDpIw80gYFjAQoIjANPosUQkUNeeomUhUSMAbcZMj/Iov6T5CGheiOsOukXGTBgjBgCs7jFGCNAC1lXZ9tf7rln+UefAqJVXjZqzOjTzz7t9DNPHj9ohOu62UKWI7/5xpvKyytu//Vd61Z9/tFHn8yedUxXVy6VtF3HOen4ud/7/rca6mu2797x0iuvvjr/NZDA03ZNr4bJkyecdeaZZ511Sl11tUXWj77/3aOPnvb0k88uXrps9+69GzdsXbFs1cD+A8864WTuL01k4b7pmFEYN7y7kRgUUcZFdryWkApC7McewEZEa9yhKuXthFK0G+Vo+I0AAMZutmLESyQAI5DDe7EjACKFPBFnsshRjHmePVzdUiqasTSRjA2mGGKJryYEP9wYd0GLAEfva2c+AjP6lD9xRQzRU/C3yAcOiYmmIxiMKzYlJZzPAP9IJuGwrqA9EupkH9P5fwwdKsPfjGGr9njoM2QxwMsvE0Xmn8uJfkTWBxZkbfwX3qgBMwYMUCJQcAxSkGPwjXJ1iB0gBmfK+zEE0E4ykXbaVc42YM6oCDBIGggM1Iq9yKv0EQl1L0RJHbEQVAiJtBFEIImAwHMZQjptlVVUkDo6jdHmTRs/X7UaGDvmiMmZ6tp8zhkxdNBvfnFnzil8//u3vPji68fMOPf7P7pJorVny+7nX3rlszVrp06fKgmF5yFJDp7nua0HWjwgQTBy7Ngf3fqD1tYDINiLL7z80dLlRx05/uKLzmtsaARPLFi4cN4Tz6bTqQsvPGfY0MG5nNOrublPv37gZLnN3Vzb008/8dC8p7JZZ+jgAbt2773zF79+4413jp4yeeqMaaMmjG9qahw+ZHCvpsYHHn74gQce84QYNmrY0Ekz2vZs/eUdtz/1zHNTjpr469/9vnf/wdmOLKgTFjx32rQpP7rl5pSdrCwvf/PdD159632GcnD/3r0bG46bNXPGlKNGjxtZVVHxj/sfuOfv//nww4+/8c3rxxwxTQhLAiOGNgNQOtpnNVy+bMXmrdurGCasxJiZs2dMOXLN6tWPzHt68uRJM046AcFhHJHBK6+9+uGSZQzg5BPmDB46JN+Vl8QYoszmJk6e9Ks7ftpy8GA6k0SWePjx+U8/+9JxRx959RWXDhw0oN+ocSLf8sarLy9bsQokX6OG+owAAQAASURBVLd+06efrUGApMXV+wHas7lBvRuHDhk4YORwd19rOpGcNG2qZdudnVkgYQEwZGBxu6qsbcfnDzz8+COPPdXe1pFKp2trKr978/VXfemyguOh5zGLK7sFGCPQlW0Biwaspbk6Yr9147X5/2h/MZrTM8NbUT8welF4kFbkYUJ9JF5JJ7NYsZl3S5umaLTBYBXFfJ+gIytM38W26IfQDZVRJIZNV0E7Et16pKFfFzweqzsxYBoVMkpeKo1TykY4vKvnsKUJOTbPphrTIkrlI/RpxUWVqHpQxn09Eb4jDeFrfGIIRNxFityJtwmIGXU+AwLGoWkokZHqn31goW4Khmycwh/C8E+pRD83ED9VqNgwMn+F4gsjvx5yZjWCiMpKhQjzKcZXrwMkoOAd2KTJFSTbfU0n/XIedGVTWc13T77hxIFz9o9pq8DM86veooTF0E8zMkQvl581Zub3Zn59YKK38DySEpF1YuGON/86f/mLmLGCaj19fKB6LQgBIHBgXB00iojAkREEytU/RiUocPbvaZSDUI36x6eWHhgBWczOe/mGqsZrrrh0zdovvnrtNZefe44EanM7Rw4a/quf3379dZveevudDxZ8uGfXPikkEQGRsidIAoFEILQsZllO3jluzjGTJozPewWyQYIUIJ1CIdve2r/fwPMvvWjgoAGu65Dy9pAQkCFats0spjzaz9d+/vz857esXSc9DyRxzhlH4Yk5s2Z959s3f/TJkuuu+vLAxl6t+Y6UnThq3JHjRo9du2H9xwsXbdm0NZfNSeEJIZAz27J5wkpYtp2wObcQUbheY1PD3LnHERDnXGeAoauQJbcAIKWUAOAxAcglkgNefU3t5CPGrVmzrra2IpvNuq516inHf++7N3OEPArG1BFQDBAlgJQCQHBgJB1hccd1ch3ZVCpVV1OfyZRxsMaMGnvkkVMPHGz77ne/NXXixC7X+cb/3ETSffSRJ4SgGTNnXHzpua7rgk2EaHEmSXR2dFi2lUomAIAxZIGlhwiADIADWAmesriy/dAPrQS2rF7FgOAnaxEJmWrGiHNOBberqwOYVOcP+14/AIFUm23AWBoAAAwRkBFjgNlcDi20LfSE179x6BknnrB1y84Rw4dfceVls4+Z1re5r4ci7zmM0LK4S57nyiuuuswV7sq166+89rK6mqpzTj29obFm3pPzLzr/3MH9B+TcXJ9efb5+7ZcP7Dvg5LxjZx99zPRpk46a0LuumUh6nidRWNw6fc7Jx844ZtO2LUsWL5336ON9eve/7rqry8rKcm6OMQxZ3HATwoUQ6N/SatIfrv/2YrOB6S4ZLl9Ub/tEj7oSh3ZHQ2cjkKelKofJyD0qdgUIT6PR5bJaa2Cpr7FxdiMwzVcZ+2OMjiAWdfXtAF/g+yOKjRzjlCq1IaXYr4uSSGNTNIRAYQUdmjaDv+E9OOE04oLqIccPDYLiiYtC8OGXVJHReS9tMMR87Cg/oj6+Iap5o/TpLtBobKKJGYiBQUK+/DdBqGgpxnBB4/+qlb9+UL+lAUNmC9OH5Gc7Q/Mwko2XgMy3cDEEqrtCJc4CHzAUZQgQVgeZ9NRWU+iuK/eVdAG5IRADpMJ5idvooLVpjLT6edQKNeIPoEkoc+ykKEUoSZL0pARA6XmcA2fMcbwJR0+8+PxzOrL5yZMmLv7kk0SCo4USqLZPn5GjRjz+1IsrVq3uPNjhFNwf/+z2+S+8fsrcaQ8ccSRPJJCkb+oK4QlhIU8mEjU1VedceL6VKNu/ddMLL78shTd31nGXX/0VnkgyjpmK9LPPPl+WTJxzxhnjZh4jPQcQyXU9CV1trY8+9sh/HpzXlc1nytLbt+26++77Ors6XccdO2LIWWedVt+njyBGjKfSFUetWzt//ot7DhzYum3H+KPY56tXvfja21u27zvpxOZMWY1/zgYI4IQkx40Z21BVu2H9+sUrPl35+VqS7hmnzD77tJMH9+3fZ0BvzxV2OnGwvXPztl2797fufe+j9lznt2+6+ag5JzKQ4Apgljr6Vghhp5LewdZFi5bs2bd/xPBhw4cPB0iddMqpb77z3qo16x997KnBI4c1N9Xb6bKVn6588ukXt+9tnTlx7JyT5iYyyWxruwpLS8erqW889uSTPCfLk7abF6+/9V6eoKqs/KhjZ9bV14qC43Tly1LpUYMHNjU31tTVFByRTGdyXR3LVq7evnsfEBwz7Yjx4ydQtosDgJTkuWBZnAFHrthYOuLjt9//w11//vCjpa4rysrL2tvb66sqhw0bBqmM6DxgW5ay+tCywLJ03BR9ljTEqH9YrW9+RsWnoY3AtL19no5KCSzmaq0uQ4GpbpWoQ/GFjrla9LoK94kUO6XFYT5DZgd3QIexTLDhIxqsVew7mZHQw8lEldR8ymSO/RSIkwALCFyFImihoIcSVD4kSodAuyjAWaJJRBhh9LbmJjDdfP07GHs1eoRePLsYm0njImNWtBAu7Xz20G0cJpgs+N9Q2V83EXUYoTmW4nj15P+jCwPktYIPDBaze4p8II6cTGNcBRAQCYgJKk9X/OTU7xzXa7rniTpe8ePTvlleUfHwwvlk2SzBCMHN5o4dc9SPjrupf7qX4zrKh+hizh1v3vPsspcwzUggMRXQJSDQpx/5oVtAYtxijDMADkzo94Nr55NiM4HFazccPRlr3//DLCvvFY47/tj7Gv4wZshIYuS4jo2W4zmMcFT/kUOuGnzO+Wd1dHU5jiullFIGAZHA+ECOnPHyTFl5WaYgC2RLlyQimzF9+te+ffPggYMuPPvs5vqmgihgYBFI0ocrIRHZ3N61d9eYcaM2b9x6xJGTMmVpBJm2bQBKcPus006bO3d2XWV9QXopbnMC1y0k0Jo0dNz4oWMK5LjkgJYfjCFXAXz1DVDVbHkoPHItbpEksqQjnRnTp/7ziYc5tyZOGtMlOtFGwQQhOJ6bKEtc85UvHX/iiYAohFNRXjZi6JC6quoumUXLPAKKgb9linOVLSRgycRpZ5wybOTImprqgX175Sk/YtiQu+/5XTafGzFsWJfXJYnSFanvfO+751xwTj7n9O3Xt6Gu3oECt5kgQnAzmeT11193yWWXDB00UIKwErYyvQiVZ+hVVFT+6Cc/ONDSNmnieI88YuocLUJERr7pRlFRqeebyJYCEJnMpJM33fT1C86/oH+/fplEAqQE9eofZRwjKeopHvRDRww5cBe8s886c/SoUbV1NQ2NdQK8y666/KiZ0wcNGTi0eYiQnitcDwUheFyoyJNERxK/4qpLHSnLEylHuo7wJk+aNGL0iLJkWQEKkpEnvCOmHvHzn/8klSkbPXR4JpUSUjiiwJBzzjkykpAv5JPMnjBk9Niho2bMmJpIJpqbmgrS0QauZm88lGgq+j20LlEr4MN9UC+HUK8qKVvC1ekeH9O6pWIlW3wFPmfofP6fXj31Ffp0Jc5K8KVm4JtFtVuR3UEUuF6h6XHoU3/+z0YWt7W6cUEDfErWjJWcOx9CNDJ+yKd6atBjjrenmik0jvgzgetpKDWokhXOvrmLQSoWAZg6CyHmd5nOYvFEYwjS8PgwHJNWrWD+6wPWViwLBh1CicYajF5Ih0xUBVDECtO2YLccdCjuCzE2XNvuWhYZRRRgSKoOikgSSalKh1RWVNKoEcPPveorTj6PwnnnvbcQgAS5QjBujxw2qKYys2rVuvsfmLdz577nX3odCUaNnWxxi4RgKNUhiFLIQt51SQKA6+TsJHqF7KNPPPXJkhVDBg2ceeyxLlmdrW1lKTvflScJjlvI53KeK3JdLuOMA9lJe+eOHU8++dTKVZ/bdqK2umLA0F7lmfIBA/sP7D9k1jHTKqvrhCNzHhQcwSDXt3e/xtrabdt3vffeh/16NT/2xBNbt+86dvpR11x7dWVDUz5XkIJSZanN6z5//LHHN2/evGHT5tWfb3LJ7ejI11SUIeG69Rs+/nhxe2d2776DjEvXc9au+UIKjycT7y5YnM395odufubxc9FOCUHEOCGSlLadXrpyxfKVa52cO2XK5L5DRgLAtKOPPWHOrH0H9j/z3Cv1tbU3ff/bNvfuuee+hZ98Wmbxi887Y+yY0aKj05IeWhwBgDNAACFBEAObIbqeCwDtufy2DV+89eqmfbt3nXfhhV/+6vWnnHpadVVlujyTz2cry1LvLli05ue/3te26fgpk77+P19r6NvstHdyiyMKYIDcdw8lQKYsve7zNU8+/fxrby3o36e+7+AB2XyhtWW/ZVmIHIATWkSIJJGzfFeX4xQq6up4Iildj9TWa5UKAQrWK4YRGQrFW1FkpWeNowW2UalptvVjSMp2igHpRicGrqcZSerx6mYFRTs0hmiOyApcEAN3X2hhkXvdXZorTiAtI0PXPhohjLg93ccRQ9TBbEhmywhhjfRq8bSZOcPAZ4slb+Peb+ym/g3UGxt8nQCB4a6wCypqTOQDxkJ9hE+R22/04r8eM9wQa1CjhKoLlJJJwNhYuitSAuNXg4+DA98QIK7zQs9Th/e1qRJx08Fgj6KsZjhnJYH3vEtKGdRGtIXCpGF0SSvTTw1EwahIZyzGEfW4EEJfmpBZrKmhT4LbnutJoGqr7HtzbkDGH/3gGWbbeadw5JCxt8z+nyHpPlJ4QnocrRx3b3/jL08sfd7O2EwyVOWfTNcgqaodtcSQCMnmdoonFabM3z1TxDCBBjcUcMzhDyIdwT4g5V17wk3byWOmTCGAnFdgiJIkAwYSC+SwBPaqbGquDI0BCaRSZpJIkiCSBABIHgkBHgAhRwngSveYadNmTZ2JDASInMgCoiRV0KyOkZUBt7qeW1tTc+n5F1toSZCCSSKyma14LZPOlKczAEjkMWQEwABJkitdYmRxZmFK74ktaU6QIAFSMkVltQmJZP/mPkPOGSiJClQoSJc4EkhfDjAc2m/QqH7DFC8RSJecHBUYZwSApKp7OaFKpWuX3k+d4bC+g0b1HSpB5KXnCg85Dezbn5AcEmrjKYG0E9boEWMQUaIQJPyEOaIESidSs6fMtIBLkC55KqKql7ckAtuyTj56LgAWIO9Kxz8AGUDmvy5dybFgD3kosQLNgYBADBBBAKUTqVOOnoPABXh5mRcgFEtIBAJJyNRZWKiyFeQLImRIICcOHT156DgAKIAjQA5o6j+oaYALwvEK6IE6PdZDKRkRSEIJiCQFs3gGEh55fh4WoCJd5pFARMaYR27StqcdcSQD5oCbFTmGzGLKWEDyVz4CoSMcsHDEgKEE5EjPlLaBjRx6QWFcUskW8DNqMWkaiAGK/OY/U8xSUW0b21YQUyUmJkE5aIBngH6k1DP+sP4WrbGMiD6trQO4RblLZc+YRTYUH4k5+lCThg1i/htpiybuWOrWoPVr6P5FYBtgo/dLKPdojDKioA2ixR4JwRblMM32xWoFoncj/mr0JD8z22nyQIRQRRnReNclvFD1gJ6yiKUYfvBrR83HDbstFjgIgBR5cshIHcFgsFMp4DFtG4kpA1CMe5XiNE0xAP/dnvHRSggLZYPfw5iFT/mAB4z9JkYgORR2ARzys0IKlcBsDzguXIsYTrsRvI96sYF40MdCapmrrTXTz/YrbcIuQQghiFwhJAAgAyApPC+bd1zPZpIAkzZPpJLcQsbkmLHjhgzos23nngcffKxlf+uwIYMvuvDcq750CXJGnuufc4JMSIk242hJpETSBkHzHn/sP/95FBHOOvfM8ZMmFRzXEZgGRNuybY6IgkASE8AQGBFJIeob6ubOnVVfW19fWzt6xKhjZk/NlJfVNTemMzWWzWW23ZMSMMEsEATNTc29+zSv3bjplRdefPf1t7bv2duvofabN984/qhpnuMIksCB24ktm7c8+thj6zfuSKcT7dlCOsmZJ5187o133n3ljXcKBRdBep7kiNXVFZlketSQAYLE9j37Vq5Y9cMf/fRXIGeefqYEJoQkIMYR3MJrr72xedv2xsa64447trFP385sLlVTf931X920eePrb3/4wMNPALc6C7nX3nqnK184+6Q5p5x5Ok9YXnsXYxwIgHOUcs+unR3ZvOt4Qrpbd+7auGVbZTqxctXnN938vS3bd047YtIpZ5zVNKRfv3Sqff++nCNqm3pvXLfu0Uef+HjpZ8P69/3GzddPmDzR6ejgnAVciYwDY8ziCICAvfv2HzV6xKIlS0458cSrvnTZP//z4KIVa5OpBLMsQFSHtgugZDr16YKFv/7DXRMmTPra177WZ9CAQq7AuM1B+oWSPuMA+So4urzUn0hpbomgZ8Skh/iLGmJBG988RP88gGAZhP+U0IcQF1BqsXSTUopsEIotYq0e/UqjqHC2QPdvyOX4h1JXXDHFMNd4mecXRvWNj1OkWiaiF0MjK9D3voAoIfGLdCyZwwidwwj8WL/FYCODimlHXw4Zzk44fCPWF2IfpQ5FwMa1MgQH3RTrlSJDK7jTfaQkYkgZBMcSI0UoolPpK2Zf6LkJuixG26AzdsdCJXRz8XCKnyQT72gRg2qsoCLVZ2pstMHfWyj8OUIgImaz1q7237zxx1+cdGv/ZL2Qnie9NLNuPOYqsuQTH74wZfCY751w44iKwSSkIIHA2qDrjpfveWrZi5hJgLAIBHEAqWdf1RCizm4iSikzViJtJwEgSM3oEWjh5JMyRkCKkBv952MTRQDIQJIUUpL/2gkdJ+HIAaUElwmzvepRbeKUKPwPyhZVhwJrS9STAlCyoGre9+6Vsa6Xp+oOSRK55AryGHKVtPTPUCH1q94Yi9KXPlIHp6RyEUltYSQtYSEy6SEba9sMPSkdmSMg6R/CbyxxpAI4DjnoRyOI/OpVQB2KB13/DKBOqZK+V0XgkHSUZ46gLBABJEiirspWD7vkEqk0o4EsogDKu3m10rn6EdA/6UrJSAkeFdQsIIY8EEyxkgjGQgc9aH81ITAiyIuC/z4e9HkpdNYCw4nQd311zAUAHfIAvMCTccjVAowkB+nvoA7MOCSSKvpA4PvsKp4jCRgyZXiqUQhwFaIKWQKV1/Xr3dXRW8ohzkvHnwYg33I2hEj38qBHSeFjG1klsQco+HN4l+KqmHMTkcPBTYgqlRiU2A/+yCM2O0DcueoBSKT+I45NBDEtPHwEo95IVE0bq6gYqm/XRKkRIBWncw/2RFQrxe8U4WPqu5gC7TFXENOcEXeuJzr/N1cIpPho2pIz3n1unEBvcjHPvzAeoSBCHa2/RfTfsegXTlAg5sNCghA3BcJf4RAwYEyHmugH84tqorT1GTdtIh/jZ0YGE2bQTYs6PaA4XQJpFpjN2rI0rbywqb9HVX1HPf4SUX2jReTniBYO1kao96QUwvVEvuBIV9jccoV0HM/KpFO5DlFwbcsCAgbAASnfNXDY8DNOP/Wuv/xdZLvGjRt1220/Hn/UUUjkuS5DhuCBlITMTiZtK+mR6OzsYpa9fcu2v/3lr1u2bh8/dtQ5Z56Wqahqa88xYAzRsiyLM3XOHgPBgZj0LE5Isqa+9uZv3JTt6LQzKTuZthKVKAvk5XZs3tCyZ9fAIUMq65rcgkigZCQbm2r69e2dTNoFp9DZ1dVYV3f1ly6ffdLx3LKEcDh5nuuKQldjY+XggX29gjN4WP+ayurqyvKm5uaGuvpMZeWi5SteeOG1zvaOSy8+8/jjjuvVq2nPzp21lVV2Kv3888+/8ea7e/bs375jp3AFACMpQIhUZcXKxQvfeeuDgwfbZ82YNmHSJGQgXC/nFgaPG/fjn/ygULjjg48W/ePfj3Db7uzqPGr8sBu+evXggQPdzk5EJLSEJDuTzrW3/eWv97/5/kd2MtHZ0ZYt5PJ5t7yior2jLdt5sKa8asaUKc19+na17PzjH//w/PMvnn7yyTfdcN2KxUteeO2dhsryW7934ymnzHVzWeZnX2TwhlIAQGQcwXXz/QYO/PHPbz/zrHMHDB3R1FhT+eQTFoDvrkoAtZGKJEhobetY/OnajVtbjjluTp/hw0VXgSkf1rzI5C+tzo0VERGFRbog7o76SyJYEEjo769VYgB1PLa0otN2ZM9Zn+5Fa2B6xkangYMSJkYoLKi/DTsvBmroqVDOFXd8qCumnEo+b0aRISBEuB/GFJelJjJ2L/BziIp+DC2DeOOSEBR4Q6nEXdAelBZBxAWNjbmHOwClRWQME9O2CizuosYlmBWNg4sCLHqMN/QAttvMKhgGpFGsZSBitgw59fCQCP7F4Dwh4yc0VDUoYiFDABpU16+morIDcwzVsUMUIClI2pnEx5uX/+iDO2+ffctwu0+Xk3M8t8Yqu2HmFf2qew/rNWhi9QgiklIiYAfL/fTlu15c9oaVstHjBB4xv+odUe/5ZAjML7VAIBCyKlNZZqVA63fTsAocDyMjqpehodd9cmmDwXBNtAoPT6whAiAkiSpbCExpZPK9E2XXSF9QBZ2qV6qZ86FOvJcqvBogzPyXZCCClP6RbxpLJObXsgIj1KlKtVVXC0wAAumjwwJDgekshHp1DgYzpC36iBHlD5yQM4YEAtV2Xt0atNcb5N1IWyDq5WuA4L+dAP0GoOwUkr5lhUy90gUAiIhUUWtA61BoMeaLAyRkhAyRqdCobxGiioso4EFAgcifEZVv1TIjsqvcSH0jauMcFc4qK0OMASqfnkAdG6sNOgx5Rnmn/iuBtIUaIKbyCmS8yl1xjiQZyGKm0mP+3lKNA6BP51CTAaAK75JWjz5rqPI6wvD8EdWA+UQhHb7zHZ9QHhgsrlkbIRhdTHf6xEKfXUJfIDTV43LM4H+guLIP+yi1DS+4SuqpknKYiixyUIUYVBQnNlU7lP4pkqYDv7uY/goRQGP8RZdCXmnkYu0axSV+k3Q33ZGlW2UROJzmT4a2jc+CQY1Y4LgYeMTBNue0yAUtGhlAFOfD15LmhZHzqOIkJH1ORMwXDXP4Qd5SrybzkdL9sSAIq/8EMS1/CRhWUGSZhej57TEEGy6+WI9B2CSi4fUXZd2FpEO9eiHkMfJNkyK9qJ8IbvpUwKA3vW5NvaBDZcbzAW21WongH1IgMjnhppjITb8GhIgkMkQmUwmeSqYsznfu3v3W80+vX7+2qjyd78xKCYAslbCJyMpUfenKS9569+1Pln9ODHv3bmCc5bq6uGVzBCYBUrab9T79bM2OXXvSyeSGzVtWr1qHMr9r9+6G6oqvXHvV6AnjPTdLiNxiyMDJFw60dZLndnW1oyzYTHIkBIlSEIlkOp1MJYGx1v0H9+7fsmDBxx9//PGqlZ+lU+yPv/ttbVOvNLlo2xbja1as+vyLjQyQcT5wQO+LLrzkrNNP2b19W/uaz/oPHFRZVcUSIJxc/wEDf/yTHzjZfF115bIVKzes/2LOrGkTjj42Vdk45J03Fi1Y2N5y4MQ5x55x2bUHtq6b/8zTQOzaa6689ac/uOCi89pa20eMGwMEQnjguVbSpvaWR/79n3Ubv6iprDj5hOP6DxniFgokPURyCjRu+vHnnPPpmi/WtXXmOUtaFp977NETpx6BCUYFKZETMAHEgQlJW7duW7lyVVNzfV1l2fhhw3a3tK1Zt27urBlXX3FR3+bejb2a0xXJ7V9s/GLFqkWffr59+75NmzcfONCaSvDrrr3qzLPPAOmidBm3gSB8ZRFyQM65ZXGwLYuEl6mqHT1lWiqVdjpbGaLNgDEmpSTPk5IEEBKB5+YKOQ+85ua6vn36AKmXWXOSIjBXSFt2UdkfuYrkZBDzB33slyEr4vk3CpeKDwVNTWm0DNdGaTcEfABRa983rtEYTU9XfPGGPVlB50VgzCBQ/DGt9FDT1FzmIdKhOkFf8UcFsdEyehMj/xg96dFqigQmSCRoEHMXtYCLal/oQRkeWjNhALw4dmsQpLR6MK6YFaI6DZCKmyxRauvikqgRU4RDqR6NnH483BKMjyKPROBGJXQPYZLitEDQGcZHV4zwIWPSCnWtiYsu3wD2KYyAnhRD6gZWWJmD+U7L5lK/HFTreRAkksnEohWf/jj/y9vnfmeQ1VcCEVEdr75w7OkceKDEOzH385f//Pyy17hlg0QAAUwiAEhERgCgcjwkAdWeHgLGmeeJxoraJLdMSgTYQmQFBDuBSOe4fKL4c+CHiANbF4OfYipTfyUJAETMJ5pPf2XxoxaOCMBKFIijASoq6wBRBQDNAAgy8yk1NNSV58bD+mB+nexCQADh+7/R/T9BMCr0FwKJ7qPhRx2idkb8IxqmiJbLWjj7fQR2YlgKrhJ35L/GjijWsy/o/Bwf+m4tGv1SQHJ1yLAx9ZrcQBQsxtDw10aZcalJZ37fBnNEzGz0CVhkW1K0qVSur3Y+tVhQaVLy2YMiZAzIAn4xg6ammaWNEj5oo8mh0dKYhxayqeoC+aEdQkOv+o8RhqOKdBh0HM/kkKEDwOfO2ClBMUVm3u5eIpHJmtEfYtA0kbUtHDmexySt32tPotLkJMPoVhMadmc4oyUQDrZImCCDTGlJMV48ou6FNRqNS+cqFRDTZigyEigkWLz3AJrpcvuryfTDi/qNKfr4iIpwjj1YkhSxS3vO4UIhIoNdTdYt2v6JPufHh60YP4hBxLtU/0XNUCM2GAi84A9p/aNBRjk9qmRRKxs9QF9IRbkHTJ4DIL9SIjCKDYtOI2MKiaimoPjsmLwQUTPhfZMu5KMcKqni+Ss2pLRcNnoiYqSyrUSFXLa1M5tKJloOHPz9X+9btHRZZU3NshWrv37jN/P5wpUXnFVZVeURWZadKM/s29uydPFbbW2tR04+cuWaLZ8sXXXnr/70i1/8JFXbG7wCF4InLSnkUy+8+Jvf3L1x69bqyoodW7f/9Kc///LlF/31979tbGyafPRUnkwwISttm0jaFg3s03DmSbMYtwYN7MdTGWY7SBJICkfIvLNu5eoN23as27D540VL1q39fMuWHYSQQDZn1sxevZsxlbF5duf2nU8++dwTjz+xft3GVDojZD6drpg9Z0Zd74Z//OK3/7r/P1ddccnXv3ljeXmFkJgqr5w07ZgvVn32t3v//vxLr23bdWD7jj23jpqQrmqQ+bzNGZDYt/cgotiyaeM7by1c/vmGJSs+mzt79qWXnjvh6GOFkLLgkARMJWzO7v/bP1989Q0n70w9ctLcObOtsiq3kE2mEul0atv6VY898sjrr78hBSUsK9+VJWTPv/5+wfMuPv/MCVOm8UTScQQXhFJkMpnzLjz3iClH9R/Qb/DAAb0aG397158+WbJ8YK/mY2fPzlRVFVoPOgcP1tfVfeM732jq1+/BR59+5PHn0un0yJFDZxw9o7KhNt+630KmSpfQP2KCgHGlRhkykIRI4Hr5TpdhkiEiZ+pQCgKJNrPSCSYFT6Q9IVsO7M92FlJJlkwkfNMGpDK+AhUPRaYUURApN5ncWC9RLaSthJISFzXbBlzbk9oKHwqkBUYRKNJfEAouY8Wa2i/UHQpTY9QGZKsYKdOZwugijmIbmBLdDKaofWi0aTUTgV/kxZW4DIJjKBV7dPKKo6rRn3pQq4cOdmLkwIaiXzXOPV8luajkU4oTWUQ7dsuEIY5FA4kiXNxVlAdKn5dQ4n4REXrgn2Jwh9EmpvX8YAwE7B0kiUBpP/0Y+XIEAQdX92kqr9mR26OtM0L9uIImAOx0Ysm65T9xf/2zk747PDkgLwrSkym0mAaZ585tL/zl2WWv2smEcuj8jZx+1xok+atU1ZQygdKDmUOn1KWqpP9WYP2f3u9n0Kz7Yyr0lGN08lEtqGgoKbQKkIBQgjTtxNDoD9qbm196mAqNIQNQuSs0SQ7gF1hqz40BSBCRkxN9y0oZShS4eQyQQAD50jhqOWpnKnRzwjWmzRrUmTQMSaptJ99bC1oHccH4PiffRNTemzLlyEi0G1mB6LfAzAyA6958IP4O2+LL70+FoAzbLLS/gj+RXkIAWjAgQDQEYSBDYOQGKBZGDZH1qRex+VVkA7U1qdqqVIuRNw6t7Gg0gNRKNPQG+YkcjYqBg4F4MICio1liAobAP3DBf+2aCYEiH82Fg6aZ+f/PRUUWQfEVuqAqtl3kR/mgYiE5E2iRnRJpH4uTmlUERmgd/i/IUMKWCPEybhp1syaGpH/uTp/6wq3IUez5c+xmz05jd0rfxDkSLOjRRzUvClJ7PWu6Esq4+5tRaMENQ8bp/6iodQxapKuoSPNHZyCnlqzJlrq9EQAp6oMoupndXIYmbia392A2mwvcmAUNIGqaqaRvDJghmCIjKe4osDPU5gEGCMLzFnz0yUPznkErsW3Xvj/88T4bkXNOJGqqK0YMm3TKaac+//IrwPmGrdtu/ekdmzdtXrxoeVdX13VXXnLuGaf87YFHnnj6BSHoxhuu6zewr81YPped9+TTf/jTPzdv3zVpzIjrr/vSq2++/cLLb+7ctu3k448bPWrYgY7WTDpTXVMNyBkiE57jiosuON+RYtvOrRs3f9GVd9oPHmxobDjupJO2b9nynVt+vHj5mq6cU3Dcykxq4uiRc+YcM2TI4BHDBx/Y1/r+B48uXr7io4UL16xZn8vlJowZzThfs27DohWr5j354iWXnF9wnS279m/ZuttzBRB1tR7cuGXbslVr/vXPfy9ZsrKqPHXyMUddcvFFdfX1AKK8vKyqsqK2pjyTSnoFb8KU6T/90Xf/+eCDHy1Z/sni5W99sOC8s86YfczMPgMG2KmyroMtDzz22N/v//eBgx111dUXXXzBsEmTkTwb5O6dm15+6dXnn3t2wxcbs11dSTtx9qknep7z2tvv79i5Y97Tz3/w/kfnnH3KzKNn9O7Vp7Gx2cqkGbdOPesMlkwDIrM4KxTshEUIjpBOPpcpzzDLZowh0KjxY388dNDwQf1/ddc9G7bu+mzV53+55x/oFiZPGIOptDrrEAHVq8nU222V4pQSpVBWAhJDbtm2ZXMLctmuNZ+tyqRTQgogYIjbd2x//+PFyRS37SS3bVChaKliSNLgssB1Cw0wf1EUuUElV4COL4cAA2GL4fLym5L2Bw99Dl7RdVgVH2QuJghXoAYRIBl7zgqyg2Fbw/MIFnM8uKh1gXkzvDB4BIPn/ZbRKuD4w0WgQvs4SgUyTuEAbfyaGiJoZvblj0YrotLIR3WJQY2I+mKMkSGSMcAKAzFl2D2gkzmmtogi4NecmVHwombFGtTPCegze7pLRfagHdUSi7syMStB84CaQa0xtAmvzWIqZlazgCCy6A6LreOz09MTKkofBvHVowphRABgHBhJSFmphkwDyrWhXjHUNBBJgIKUdsJevP6zn7q/uuOMWwZafXKURwKGaKHVabl3vHrP/JUv8oSFkgOSOnpHoREiSxBL1oAEkRVjmoZX8DIhpbYLSLthkfWpB0Ja20d1diQ3FLQvUv+a5aP/D1mRwrtquapDErVlbsiUiHtA0d/1D8ZGIP0kAgMEIqm69N+jGpJIvZqVwh5Qb0SSOhkZMTA0L5pcGw7N7zq6ZLVIxPCWpp2mQhBS18UUGiFdd+EHO0ijEMhyM2sURATRIEKQ99BFpX4pr8HL8Y8+P0RmVLFxhLkx9M0RDEKEQs4AbOCpJYqe0sCpj6KjUQkej7mqIQ9g0FdICy0lwpGDgS2G0P3pRePBKM4GQn7doE7OxGRdyPcUoUl8aNHQstmkKMQcED/gvO4rYkoGif1HFEpaiAdC23wWEU3HJganuMeSsrHIulBq2tAL5lPFCPfQR5HTVTJnGHyIKMcidRzz3ELc9FOKRkBxjQbd0LkY6xLwo0C6S9b24IIWtyntu8bCu0HxfIzGEYFeEpegYWSNBvJF2zxgiH9/OwOqJeq7ncGTwb8YSJaYXA9lrbGAfXEUMUlMxHxJbKwmn9MjugjRgKpHbywC9X9mBCNMQywYpE9ptaSi3Sp17ktHvcgMyvn4xCIeAKDymb4kCwfhVyOEzyPqY5IQGG892LVi9VqbW1Vl5WWZzNhRw2dMnTpy1NCm5uZBgwbu3bb9k6WfllVW7tt74IH7H3Ict6K8bOiAftOmHjV20sQ9+/a89Nrbjz05/9MlS2/4yjVnn3vGupWr/nbfg1t37Zkyaewf7rxt4uzZM6dPKbftdxYsfPLp+YlkqqlXk23xsnQKgRjjhYIjpXRcV5J0HFdI4TluW1vr5RdfOPvEUxB5V2eXRWzi+FHjRo8+efbREyeM7zVoYCJTtnXdmtvv/M2ChYvbOrqQQX1t3TFHz/jqdVd1drT9/I7ffPDxkj/dfe9rr7/R0tpWX1s5YfxoK1mGnnhu/nN//tv9GzZvLxQK06dMPOf0M04+YVZ5edkrz714oK3188/XdXTmLStdXVdnJZMg+UkXXzJh6pTXXnn1gUceXbRk6cIFi2dNnXz7r26bMH3mgjdf/ce992/esqOxofaKyy485dzzvYLz6P3/XPLpio2bNq1atUYCZNLpIYMGX3z2GRdddbmdsJ55dN6/Hnp0zfpNq7/YsvVv/3z08afT3L74vHOuvul/KqprKJtDRwjPBQvVvioOkEjYjFsgUTEwA0n5bMK2L7vy8v79+//xr39/Z8Gi5154ffWnn/7g5usv/tIVkllSSuScIaIEVYireEKS9IQLRBZH8txkeaZPv/6ZssyefQcenffkvKfmI5EEEJKcQr6zK1tWVj5g4MDGpkbh5DgSktD2lak1u9U9ESEd+UfJyJBBDcVqLFy1LlDt0mFgWLg9mdBBNk8HwUMDKYKnYVNhuKbil7nm1L86umrCsYxWGMcuIrgM08MU0DGzBAAiQicCMBDE4ZLuMcDVA61Aa6keHg+bhd2XNMAOfRXryG67i55nEFFU1O1k9eCMdacm4xB6pJbpTkfNLzCVUtijFuolosWARWyiyxS7R8GAQ9BTZu9wL/I1hm/VBQ6AWkAIYQ5EnTKD/imeYIM1Y/jkD3cszkmBHEiqE0JVskfVYgEAeFIky1Kfblx9y/zbbjv9B8PSgwoiz9HKc3n7G396YumzLGmB5D4FmTYtDZL4MYTAaWFEIOvLq/pW9EJgUgpVqRm4oCZB44aw/yEiQIrssvCmafYZdCefbhCWswdTEQiySJGU/6/yoQyD0sAUIok2jD3lM4b+YNg9IcL67Ye+PaWlmg+C4uMOhFHYNPyDmnqBgDHamO4bhjTGKI0pyMSSYd0YNk5gl6nhKPbToMHoI7gfUEVXt4Zufwx4OEbT3/c5WH8wmUMrg+gchFrOmDEMCRRMQkjq7i6CYFFF4qoR0CYVA7PfuF0qeUmaiqVFYgwxw4wsLRDD/ggRUOg+SE1k6MrqeYkVtarFEXF5Q80ZphB7lNUlEJKy5G/gxzyIiNCoCSjtmB1WdwrBuC4uHe8OAynRjqLdR58ocj66w6KoRbG/HXRV7BiTxieycv7LqySShzNx3WVHiyelOIJwWMBNy8gUO6WuyGyUbmEIbv97wKiGT1YcKyn6bnZj9mWokKKHQqFaCjorQjQ6kIi5GZpVfnjJYM4Q/UjwR0u+2BVj+FAJBiJQIx/TENGlQgBoiqhA/SIAIIEkm+GY0aNOOXHuEZMnTT1yXEUi0W/AwOrm3txOcJLcTm5fv3bzpi3S8Robe/UdN3LYkMHTj5o0cuTwXoMH2pnKP/7hV013/PLp51+xE/bQIUOqGpsmz5g+Y9rEffsO3n7rDyfPOU5kuwaPnXDXn373yYIP3vtwwfsLFu3ctrWtvYtZlhQiyARIEsiAI+MWB4lDBg44fs5cm0Hf/v3vvPWHB1rbR4wZ1rt/v2RlHRMeeCQdr76mtqq8jNzCsTOmnnbS8RPGTRw0amhZdQVj1p0J++d3/vrdDxd/umQ5Qzxx9oy5s45OJxhZdp8+vZmk2uryyy646oqrL+s9ZGRC5v/w69/8/e8Pd+YK6XSikCv0aq7v07cfAHMLAhEbBw27/OsjZxwz869//OOrr745YEDf2upqymUnTZ580SXnPj7vmZNmz7r6K9dU1FZTR/uu7Tufm/8iAdU31DY1Ns2efcw5Z50xaPQoRiAAL7nhxumzjn1m3uOLl63ctGXLho1bBvftO3L0qPLyCuF5hCxUrIjkCgcQpWSKe6Rk/oEWKD0hAY+ec9zI0aMefvjhv9z371079nZ0dHBuKyGFyAAZMv9cC891hSuACIQEBNu2QHqA9uwTjj/h3Xdfe+PtjrZ2x/XUHhD1ZneSctqUo6668vJMJuV2dVmWBeQZp1gEXPpf2MDBGi+SM7HlR9ocNuw+LKruKnkVY1TKpo+4M90CKNFd6BYZWsIKklpGOBzA2Pjk10f5y7ibqGFkvHGVZ0YKS9g6pg8ZqPkifW/KbTD0nGn0lI6GxvrSvahRHSKo3P1V0krAUkfqxRRVQNji+SZtH0ZzngCGo11sB6jYZHSYEBWl2pSP21umMojMb7cmKYUnH8Qxjz5x+JQMuu62AcYmX39RSlZFeTBwKtT6Y4ERo8puARAJVeppat9J9Ynabe4+tADUBlF1wIo6McxX2OhIJ5Gylq5f9aNn7vzhaTdPrB1TAPnLt/769KLnGOeAFqA+RiXAEiMU9pcSIRFwCzvau6aNnjywoo+Q0iMJYc1tnI7ab0FttMSVbZHRrpV3EdHChWwwWLDEMEJ5ZfuFffkiHUM4oQsQTHnMwQlVPYbcoo16ClDUllJETvrzCRBsxDQEUdDacPYCJMHY3u1jgjqJoh7RHfpeMYJB1dDECWSgWsZAWgbpMfq09es8EVH/NUlhZD71svUBhgs/3GkZLGVzRgkA1TbRwE5naJrmZq5B3TNsMgxMrojsjHRAZqDJnxjDjg3m1qgZDMNMRXaqYdeF9DG7jabcw7hcAMqYYy1hyLf9KEZ/k6UD5iL1QxAf8+1OgkiABAJWNQihzUr0pQkEjBBppD8eIikXeaQUNC3SSS9xjVbRqo4+1U0Ni6n2gzZRaIeQxhrJWKO46iw6jiierQ1uGj7b4SgC08fDUjehJIUj2FEPj8TV4yGPFSia7m6JX9RphFV0k6jmCh0b/0f9vIlTNMzU/RW3BA1RCwD+sbYRfPwlFQoniLRgoGMzOkRijiscSih+jL67Y78AChqen2ELBXUWQACMlLYO15BR/Ut6nVJkrMUk0q3MzG2pYRvIFN8lXb5CWqqiOmYGgUCOGD74rl/e3tBcZyUsJj0gdJ2CKHiSPEzmmno3f+3ay20rfeQR4wb271/bu9lOp1FKr0BuNt/Yt99Pf3rLzBnTevXpM2P2MYCUqqn77jdvmjF5ysxjp5HremRBwauorpp75umzTjtp29r1WzZvPtiWlQAkBIKUkgiApGBAJAksBsQGDew/9ogJ4BYsDjPmHkvSZUjSZSKXE2AxxkB4FfWNN3/9+uOOOXbixEl9xoxkgJ4rZV4A5CZNn/7L237y4MOPrN+4pU9D08Xnnj1w6GB0Cp6kadOm/ewnP0gmEpNnTslUVLmOS9w+4ogjV61ev3PP/tqG+oFNvU4/+fjRE8eRmyeSkkDkJAdn6Ogx3//ed8877dQBw4f06tfHzXdVNjR85eprJgwfPnjIkPqGetF+kFfUXnj5JXsPHGA8ecbpxw8bOqS2d99kWbmXdQoSiYA7zsBhw//n+98Ckh+9/+HDDz1+2knHH3/+OSSQHIEMSUogTx3oUVGWGtRUUV9fA1KCFAwAQZLP0sAkerlCc98+13zl6rKElc86Z55/LtoMHMG45b+UDzmQtCyrqalxzOgRY0YOz2QyIKVlIQNL5PIDhg695Ye3zJg+rbOj05PCdQUQ2BYjgqqKipmzjxk9aZLXleWc6TUYxupNCytgttAci61HrZeVnWJod98Mi5pw+rHoDf/USYCIgRq7AvuhlE9UQvphbNlCqVVYAoKZWUUZBGgpsEwPoTPisrgoS9tTNi+SKIuVEBrIGlB61hamERu0jGMYfC7yFbsDGxtIMQLdzkpg0OihBdUpYQPDui8Z4g0MUjMwDVBCs0JAPj3w4gaHVLc9Mk9RM/CHFCRIIwnV//4U+5I4l74JIAH87XMkCfAfy5645c27yhj/1yW/m937yE63i/lWOgbWPwOGqEJAiIQcuWT04/d//+yq110upCT18iyQRL6XAETEEBkigbSQyawY3mvg+dPOXrtn0xMfP0MWB6EOFdIHyaA2AxiZ+hUQmdJgDLjF3bzzi3O/f8Hgk8kDDyRguO2TjFCLOXzDVI1ME4WSBEOZEs1dIGIA1yC3ahn4BJGpMMLFAUwN2mintxpEmb9oiUDxQoAIF6lLaiMpnuqMuSyaMmG0wffilJFhCt2IbwP+8bZa5Km/gSbwzzVRUR8ikkJzgeqZonQN/qf+YwZrgS6bN4as9Qz5cx35T+PecwbS7wtRcbLugUyiaq+LAlUQsohP26gnFCgw0G4wRhgs0iqcw9gP4ZeI0a3pExuIkUkOBaLpgBq8GsTegkcMekQWQYCKr+DVXLiuW5uu/t83777z3XtHNA7857l3Htl7XGchm7QS+vW/pRddScFuapmer5jTpToI4ZY6fg9iyggNO74U/JiA7UETRQzz2BgC0z6Gko5mxigeUKo78R6TNhEqdIN8qK8BuosFx272oG5i2v/Q2qR7tXX4RI5BpqJX0RT1FcYTMdhlg8H6DR4wWvuAjLPQEAGAlTJgSHrIbW/PCue5W9naD+yp5/MTvkd2JRQOopXwRYYP0l93DIxgohksBAAz9hdZ4Yc2GRT0gBz+V7NBiQKEYhB+XVKsTteUr4E5pbooadaFExFU4PlWWVQzFk2vYbuZdTC+0CZEYByEACmQBCETxAg5A8lQgoWekGDblmWh6yKh9DwAJv3D0dGyUKpD0omRAGSAtuXlC5zbrgAihuRZIAAksxC4TcmMzg0DqIPoA61FDpEE4THpYKFAMtjQ4BEwAiaZDWgjY8iQMcZsTgxRArgkCCUiCMGZi+QRh46Wlq62jnQ6U15dhcr+ICLOJRBjDCRIsgiRcyaFl21vLwiRTqfSFeWJTBm4KCUKle+TEkkwWWBMSnUAhRAoBAEBY0IIzjhjHAkxlQJke3ftTmbKqhprABHyUkj1InV1iKNgICyQYDGykl0dnUmOdtIWrvBnRAqQHqBEoj3bd+7bs6++sa6xdzNjHKQMGIUApbLbkCFSwXEZ43YqAQQMERj3X1kHDDhDpH079+zbu6+6uqKxqdlKl3mECMhIAEpk4GphR9owQQBE4FJAwSX17m0IMp+hsjaUYERAxxYFBivIly8xhyluC+plKf32yQrq2tPxj6sSnS2JGVfy024l10HOtSbCQDCVXjN6RQULwJSxZjvThIkZGsWC3bys8KOOUZVWMKbtGy2nKV3h09NlWjrFw44ek3AoF1FhDEVa6lBP/DfOZ8keD4UOBZH0IGUYMeFD0N0nALWkjSs/k0Gh5GdzFId2CEvNQ/ATmvopxIC6e+r/wAU9zCs00Pz5lj5VSJ2Z7Z9cBgD+4TeRNQJAgAiudNMsdfTAo15a8paTEAgAQh/DqowWvdgkR2DoIWGarWnZfOerfyqQi0nOBAKoKK0xj2qPd5QgfrqLAC3M550Bdb2OahgLwPJUYD3SKEgBBVxUkhpxryBcCJEzYGMzZ973k1H+0xRKgaILIXA7TZFnkrgYQTWGogBVAFFxC+kaXW0ERcJpFHajZDwjxtQhvn4OyVcBMUMpoCHz66N9zwQB9Qta0SgS04QLQhDK89SmH2jTGhF0aTeqo3cYIJP+e1yI6XVh0B2lKr4hiQQYbnYNeoToh2DsOsunXFsGKJEYGtMc5CYDZeGHPwIuMMxHCqeMtP0F2lHvbv0Xq8kAhm+I+kBNpaNXRgnWDczawOPEEF6xRNFZdy0AMQQTMkcAu+iUUAACKUsL10NcEVz+i6djY+4+yGg8EXukiNiG/A8Tx1hqRoqvAJo/H6bBHXo54YceUO1eZIVhK90V9OicQHEDvUvWHP0hdXQP2JUk1OHo/ZLX4Ss1k94l0QzXQMCv6pketHA3P0SHU2xedIOZVoVEJZitCN0SO2sO9VDwaNg6lFMQPBwT2Opj5IAy1VoLK1MWRZ5VAwr+lL5iTBmr+48+qNdBKDRD2vnD8M96k54HQMpNQOUgKe8GQHrE0SIXhOuClAwIQSISIwnICLjncQxCl4wRERWIYUII4kCIAkiqCfYEkivAyaqT5kPVAdIPx6u3dwOB8ldR62jyDSEGEsADtIAYEQnHjJJLThJAgPSkFNKlTHlVprwSJKEQCFK9c0t46hVmBAicCaUzuJWsrG8GzgEZEHkFYEiA0vJtKUkgCEh4pF5Wg1IwlCSlJGLAgACFAM5lIQ/cqm1uBrDcLokoERkCcXVsrKa5BBQukuelUxkQnnAEIgAJJAkkgKSKHjf169s4oB8ID4VAEtqgQEBCIq5OuQAhiSVTaQQEobx/1FW6TEtcVtenX13/AYwkCUFCMp9zCCR5HqrdXaReoaZZnAAEEQKx0AKIWDJmON3gv1KX4TdgaFEVP6Kts5j55kevpLEAYuC7uYpkySGC5LGfDlvGWjrBEkcpzD0EHn4oUQAM2dezQDdtT9+BBjR8YmV9RMkWBFAN/VGsObrLSUYuinJAd80iTxQdYhTDBMIxx4hgpK3QBKVcUNISMoaSX+jiW/fSjAKUCHAWGx9k/j/ivR9ORFn/pmK3QQInhB/kkoLQn5nIimt9JSd6DicHRmf3E3EY+l4rbT+Mg4ioDs82cl1RVakylIx55B3bd+qkgaM+2LKUEHyVIQOTGvx0ppQAjBgBB8bRI8GQq1hsqAJCZVq07rXkkJIsZI6TnTt8WmO6wRUegCTU72oMQZhLhULzPTpdSOGJPMG5FkHYDFEfzxJBSQngIB2GxhozEmgmb+ijCiOnpoXwyGR2/6eYjRJYVKjhYYgSajEMBqEU64aeTMAnPn7oTzQZhPFLZCUFsNGEC0w5rcCYilwiIqGnyp8t//2fBFLoFzZLX+eT5nb/T/COlJBi/k4R1O/4Qb+rgCTaVpFSAhBxnX8NrD//o5HEi4hF0KM0WVn/7qs6H05oPoVCCiCcdI25mSMGwDBdgxC4b760Uis9aGxGNDAgiC7/0SWFEYc4dIXD9A7qVlS8YMCE799FDIWSb7KbpicG0i5ePBqhXonfzLRnNA+jcgwYW39Y6tkAwuH8ZProMS1TnOUDg+Z0qBJQjSCZH/3IIUUqFU0cUQ83ThBjKZPxzhtzUBFMooI60IzFI4qNNJw8w33F6CMxRRAzBkrqCHNmi38t+VPPX0sOwVTxRXFHYwl227U26zDYKWBEekvpVtMAxChXmFMGEC62QHyqfw3hBBQK4bAcTlloRifgL3E0mMcXxgH/RLCCyFoIhhnOL8UYLz7rmgJaypJpMwUdkC9EIaLEIjQKdLBP10g02u/IIEionKKmKZhX2I8WbOjLJCUuCJHUK7EJEIBJ0opBYaJELgKoo9SRETLQihH9GLYao2QgAaW/UgkJmfopHJeUgNKPr0lTn6vXf5NW3woBNTIJPor+li4EYiSQJIIgZZ4TSI9AKm8ZUc0BIgNGSiQhMB2SlYiCUApU3MqQiIiBQCIEASqYq45nVKXLvupkoE5N9+0SAWgREbmeBOXTISMZunB+Flyfbg7oeZKhOtpDIhCq16L5JjCR6wZSSJkqhu4i8N8rzgCZwo8hAqJ22kMtTQBSEgghgZBUBMFka5D+RJIvyZiiNjFTiwXVDQG7+kOK5AiilntgyPuhbnM9gy8Z4ivP+IiAAFIbDGQE5yPMbK7pkPOD6oxIa4rwvzmS2BrRQPwxFOssDNYtmvnPOG6GwA1UvfF8z26n9jM1opH9YqUSImjOjA+iZCw2dOrM93p1uzemJ0VitDq8Ux/CsFj3oMwhmNiaBhoARDSvKZV77r+U0o0pnyJNb1KsW9C+NRAYtkXn90JPRANj7cTQ6Q7TQ6bND+WC+j4QIkNkypHwZWMAIQbQ5z1wPKfSTp8z4fTFXyzPco9JRoJ80U/hckKJ/t5NImKEpomrVmhcpgAAhHv8lFwkxATLd7n96pvOGX1qykoV3AIw7Ja/ffiHcL6hmLU1cRGDUQQspX8OjA7QyiokDkVMeD37vviO9FAkcMKuzNuhTaB7QBNro7Irou8js6arxFhQ4AKIAJKEVPTjoI98NBIoGh2lFRmgejkO86MUkEokkFCA/zJPFMiICEGiJAjd9NASDLFUViJi4OYhMMYs5IIkoT4g2udeUKGlTCIhiDwQLni+9PMXmlKHftwHQ/PCF5kIQIRSqqJSBPTNFwyIixLUy23IfyFZZGa00ROdGd/A0ZZkETOY3myEQ4JJ1ruiQnYIl02o6I1IgMl5akJLRlMpdghIsdgpGp82xkqfYxSEBSI/FTXzRRmFJm3EbQSICusSaEOoViN6JCqY/ZiMLOVtloLr8w8UCcOYLoaY1I3qWSIyyg4hJlYNH1AX4nY3zCLK+Vj5wbKIcVTyMnWdL2uL2vbgWP4/uXp2SksGfIudXmW2FmvVntCOsUfgWQVKRIfeiq9SrB3iFtqnWnr6YSkKVhv6osrAxgd6OGTucQlGf/NnOCb7i9dliRuByPYzXr46MA8uMwYaCrAoVHMuTKs7tv5jSgZ0vLXnK6L/gyVl7DdnwfJRThoAEAkA0HWUgXOjfpUBMcIfQjWmw1AASJL5aWD/zdgAhChVRpBIvQEt8LOMofjV9MpBVj0iEjIQweZ6FXQlUo4ZMWUwMEJfXukjHNAHBUGEH4mBQP+oKQIi9CtOVckJgXYLmRLQFAxRBfCDImFAkCCV4ykwOPBCu1B6LAgADAmBAxIjApC+54m6XMkPTlMxJULNRAwAlPfqL2zQHro/o0HZk0SSoLSyzsSif2g/MJVGRVBUBfSZiAHobIZGW6MR6NqQwUt7LuG4qXhbfolHYqY3huaXBOhOv0Dxkomc72CC9C2V4lRE7HNwr/tOg1gbAFiGujFcg8AKK9IHMZlresw+ukpv6kVExokQBsKGPtSaSFlXxaiXVFEltXLskUO7W8ES78ZHLwmhpN0UfiiyEqK+XLgbHgM5A2qaSwA2Vd1hTYRh3mv5iwBEQYSmGx0ZLFcz6FAc7YiZgzr6p4220qwIodetBq3Fnja7tWQuonl8oiO/aQx8b0A7JyE3myUDFIxJmXR5Lz+3//RXx0x76dN3eCIh9RsZNTKGToiPgpTY0RialrZm51CsIiEhZ5KLr86+anjNACE8f+IRNeNH4tqoiWyuKGMfn3/LVKyBDROEwZXwxPBpvTcGKJRn+rGQYwwWwpBqeno0+1AAKmjjC2u9oiOWFvpzoe3baCw8kB5xARFS0icnMkBQVdYcyUIOHIA86RCR1FF8A2/UM4BIDAlQADHiFsu7zo69u3KFfHNdQ11VHQkAkiqDR4wkSZJSKs2JFFBLHTTFmaU4jYF/TB4idBWy+YJTlikrs9IeCAR1cpAKiKLjeeu2b+CMVddUVVVUoZSgBxJMvJBSCKGGq0qDJREC2ZxxxhPcIiJVsITI1LZkBJRAUgoCRGIcEUhKlAy4JphKlOsVStpIippe2kHRhNO/otamoSqLuBnk2yBRsKE76zszxmxqU+i/KubzUaNwSnW2IIjUBZhqbjOGqObvcHwZJV5iEcYAWrEFoOkRQRU0kqCFdgSfwDYtfqpo1FEKxOQQGv/EHyn23zAUNaFZYrYJZay/lCNajLQKCUYXsT2K0et+LCbMyGVIjJh3FxtRz+qvu3H1ACcWd+4BrPlrz0gWw1EttAQMQhUhiVTnMVLF1F04cbHARLD4wr8Gyv5GEf091JzBnAYgY3anEusULG1fGlMg0g20FF+ZjmegN8wxGP8aS5biAOMYh7cwCGWB1mwlVzcqAWGYHaprCv9C1KQKLaQIFC1+UG9P0RRAPUitIZiaY787BPDfDK6tHUTQ9okiE9PvDFdZx6hwUK/p8tH1t2AAAASnE4R7C8PchgLg+5r+tGmhjRSMhQSiDPfmqtg7KQdSlZJSyE16F4tvYYXUDDoT6v3mvoLwhxzmm3w8Uc+s/2Zvk9dU/p8QPARpuKWaI3zK6FQ96IJSCpN7qi5NV4cFpGPEgjXpzwQyP/6ri2l17ax/8j+QnyAFBGAg40wTLlTiAbeDDBSbzwHRaD+EzBUyfpR3yTAmw6UNGBabxWKDWj6Y98Il6lfdhhah8RW6+xpFyuyrqGXkqVB+Q+RTN3HbQHLG8p8YLGwjdoaxJyNQ4ka6PwZDtEVQD33fiHcQyCBjNNEei9E4ZPSxm9BCyQHHrwjYommHQPDGTIHA7NCx5AgcQIj6UDFUAuBgmj6lbB1Tzyn7sngSDO0YNI6oW5LhHJXwHQ0lFzSL5DRKzYuW0lFUIHLLPEA3BEiRcYVYdBcODwOkYYJD7ccLD+8IlGhIdz9OJolsZl8z7aIl65YfyLYBY6ogxg8KYnxBhYpWyRF/VnyrFSjkCl/UKtmDxLjVfrDtrOnHnzXoRCYtVzjAI7QgMBww/dUomAjVPwaPUIQbtcqOkcjkmLCCMTYWMCkThRDMig6U+tpDT55hQ/k0oUAHBr8HbAzkC3nfoCGjlVJyocgJ3ZagJ5Us8DxRkczsO7Dv3of+/dHHSycdNf7Ll1/aq6Ghs5DljEtNA8WEDFC9/Fl1IUEKT1qWtXHr5q9/8wc7duy7+RvXXXPZZeB4iorEJQJLIKeg0CksklWnB0kJEgk5qsIpxgEtsN5ZuuDOX/x+8OCB3735f0YNHunIAiMEAAkygfbu1r1fv/HmPfv2f/nLV33jazc4rmCMAYBEAiQJkgBSiZSNlgRA4Jr4ghFzvFxrZ3tbRycR6TOaVBKZ+ZIFiQQJEgjQWFtTWV7piwz0pwrM9R6xhg1VEypoAEPYmLdD+zAwo3Vwy2+jRXooFSkiy8yZhWLlq5GM3wEsFqFBoj5g0ShwdccXwGFRh/6tSAIHqw99ia0tUVO1xHENAGoBFZEZJqjQAolT1gQS9xi76aj77+GzgWtkhBPiYzUxjz0ejsL4OdLM9Nm0096dXosBJPNrVLEWx1iL0St28yiqZCFKzO48yWJsTc1oYtLzuIK+TLLHVHZJZEo4/1FbFA5FhNAEKoUdaN8JgtrTACSVIkAoc0NNEaxf31dREie27MjvzVe0Aa8rypnZh0jlvFZ8RrWJIZEiWEX8MvT332klqzVPjLJmaa2xKDU9fZkejDlsFBIwxCDo01jJPk4EgMAMnCKAQmHoo46BitKkjMhkDD6B1qoBHCJtLRHqzUKmnR465SG9DCHm20h+HWzYCwS8oIx50hVPASsE+U/Dk0PtUBpzTEangboIuNynC2pjQi8F/dEnHZLU3BvMDRr0DKq0IkMwvgSJ5GDKQw5UjExk9gCgzEbdGZCEuLNlzlGg+swXDJGhiwLiQTAzAQ3ChyFiBusGJtPGbW9NxeJL+6sBA5m9B0j7XlZpzWIKvVinphLpJtgDAad3p+AC4DEHMPQ/DYlXWuDGkS49lrC/YjChsDalWLEVcvhIdAPfBOVPeUkte3hASwDUUOLYan2g2FvGlGk0uwgQm85QHIDmvqC7GHMUj/Qwr+hTpjESQaGnK+aXGqDj4cPoncNBNwgtd9MzRlFUq0YdVBuaSaEkCGWtDlgBEZIECQCuyI2uGnr98dfc8fyfCQD9vRa+g0W6yESLKu32GXIzQEeHILUg9YtciHH0Cl6f+uavTLy8yi533AJy1AMJaBQOz5Dfxk2NeeD4HZKMWGImS92LywlDqxchEsMID4Nl9NIIK4owWBsUPo6aZubXmGAgdUwgSQTq6sp/8M6Hrz87v72z/Yrzz+cCSajNJWH7WBE2MkylUqo22yO2bs3aXFtWEC9nCS9lqRfDutI90NXa2taezzm5fFYKobZBIgPGGE+wqvLKpvp6xhgS49JCIM6ZELRi1ecLXnhj+5hRV15x6fBBbsEpWIxLIGQogR1sP7h65bqDe/d+sX4zAZAkps5xUAYEw5yT/2Tpsg0btgghpPQ8x2OMMaJEwh4xemTLgdbf/O53tpVK2hwIkDMGzJWeZdskhBAeAuZcL2HjDTd89bQ5J0hJgKQ2oITrqFhcFH2j7r6FEw6xadFrAELOD1pQBI7Sw6HEp5juCMLEJbjJFAihYo2YbbqL8L5219X50lQ8HHOwUUS0Q1WMSQiiVDSwtBbXfVCIfBxyzJ34v798XyiaGwp1Lh66L4zOuomr6sDsLELebuyP/5+ukprikM7nIWHGXNBi+N31e/g9mglMs9/DxzP2iDZaQ3QAMWLL647Dvxi7q8dRdKvEVdyouwVcysbTGB7y4RBCKRgxJMzMQOlLc2tQRXEodANxVqI+1/fUfWHm+xo6OuwPCOPENxwDI+Mcyjcwug9+88ulDCvDRMCfZAy+YPTpEiMEI4atMNUOBNO7UA1LAH1jyKghNiS24UVTFHkKmoN2Ps0+ffhRK1T7sgTmvR4EePBs1PP0/xrvVg7dOPNx5jfxqRXw4SElRuipKziqbgl0ntnM/wdkwfjsdcOpZruevD7/osBHNytLWQAr5HXsAVbPI8boZ2MYh2XZx4H5yij0P+OiL5gs36eKGowQ4bXSOVL0fwr0a7yBIpdRXBE4EUE7KJLLJQHGEQCICxdtUgTh2B6oXTok3EObWMw4kCNRMHHvjGI/B/bBYdlAYAzClDSxuGyIbTzYFni4JhImoJCzTE1pBnohRsgiiIFqBeMQCx8XUGK1W9qWmqII1wextSCoBtrOU+k0guiQAQhI+kfFEQDlRP6MEcdv2r/jvrcfTqfShMIfNCNgaoO6v1EjkKEYoExaBCvnU/mgYc2zRI7SI0D2/RNvmFA3ynFdQ/tE9E3wqbicqPhtqxRlbiNQ7cc01B9NwQibhpW94b9Bdgh94hnrMag7UpgjGsrAh6ADuVHVEvBNyHRBhZeKlvpFJqjJF0RdSghof8hIRJJAol9IwBKJBDIUREwCSh0v0AFbHw1JlmUXnMLL77/+ycfLGxrr133+RVdbF+f2ipWrnnj1lVy2I5lKW9weNnSAFPK2O3/1+bqNJN1cLg8IUshEIiGkZ9n8AA9A8L+qKy+98frrpeMyhowQJLAEa8+1r1i+Cized+CAgf36J8BiiTQDJoFc8gBYvlBwPYcjk9I/gx6lOnwBCIAjy+cLTz0+f96j8zi3AS1mMfJkoaOTMXn+pRcfcdSRH7+zEEjvLELLTqestOUVHNcpWMkkuNJznETKPv+8c4WqGoZgj1BgN0WziEFKRLsL4E9rPE9OEHzXoRwic4bjQl6pwjCeri0tQwPG9UjAs3o7knFh2D/4kX9SO4HRXAShO6v5M2LCUVzBmPDjFwXi1xDyJVNqmpghkNgPphhHA42IhKSw6MpMpkGsTclLA49l4YIPgZOjtV4EZkTMBvnbAGxMvXaXbtUykFSzCFtpaQcAQc5cy8dI5K3YY+/GxysZoOxuaoobBG16Tqv2EEro2bGMay7yM8NYHJyNhnGDTGY4Twav+OTScGMsF2X4/4+3/46bpCgex/GqnpkNT7jnuZwJd8CRM0fOGUQQQYIoIBhRQDEgGN4qqCgKKooJMyomQAEl5yg5c8Add1yOzz1xd2e66/fHdKjumX3u8PN9/Ua5Z3emQ3V15arptZSOobFpSkyseaZ5l3g3A4RvAxgtQ+Y5el3yflrQOOvQ+igBaEbecIuEZ7mYvcxMd+NceqaERVUOkOYyo0r4eBCahHZ/0WvlQ2HRnwOTCx8mNJ0kNSC6qLQB0EskeIKI9LrRQ7pVqv52B+jOJaKe23G5BQ2Mi4huPo0FDqKlVG9mDZsTHc7wsTxi9EEAVHi5lC+7Z8rM9Dq8+mofFRB+88HObRAwb5ogsnpab1Y0MHsjaHYFIRx+zLtYjo6LU6M1hSwa3XiaCXwtaVBli6AxGD3IzHG5zSopnIlpn1qcWhR64KKW7R4i/Ks87FVcOWsc5O3N0EziIMdiobtZQrvzh9jgVp9x2rYaogzE0stxkVVzRbLyJwVf8QfK1Rs2+BxEZDdSnZc2cBtXfD1ALwi4vuFdCg3dqMbf5JKdT4p+n4LGDe/wlkV6osLBHqZTKYmBBUzD4k9W6uLm07T3mX211mZdo1/BDgS1OghAIPOzNsiYyWAZX3/JnVIgIEJFQBGIs+eevGr96pufuz2p1YGUZlYBKPKf0yghXFbwo0tvtNhUKAAJCWMBCgZbrUuO/dhxmx9KUiqU1sJuw+/mNQSnSYHvWlEBlWMJwCqvDRFi0KYg6dFrakW9AbAN/Vgbpcz4sMts09FoQCsA3CMy22o0mkAEEEqgzE+hMnoyP0BBW5AQQ7RuuHHrLbf/+ie/6B03qZWmmaQso39c/+eb/nhDJFCBSpC+cOkXTzz+3fPnvfnyU8+NnTIxazajGGu1+tDA0JpVq6pJPDjQqIgkVVIAKlIIIECsHlj/8iuvVju7Jk6d0mxlLyyYB1ISQFyJx/ZOGNvTk2UyzTIQmJ9Mn3sFlg8IVKVSmTZj6qyttwSMVi5Zua6vv2dM56zNtmkMjYwfO7YSJ1Esttlxpw9/6Oyxvb2r16z59a9+O2/BW/vvvdfpp5wyZvyYp5955ntX/kBECECKlCnRAvvDAQR8J9DzCri56yfLGIxg/BjPfrSbYvuV0mfJNrajGSbzjeHLrTVmLOZ6x4kDGwnyZgJjT/oEj/5zCODJ1X6p47Hh9FSgd6BMFzAhaaZH+2/pFThC7qvvvdjH1nn2VmHL90oNjqLoNmI/0EShMi1CC96rdO3MkJJ1euC8A71QerULYpbGsqGAk3Zq9B1AYEMPbSyH4oCeKiuOVnYFpr2p2iEtSl1AmFcBIJSl88Kp0AoGN0VgBHqQEBDw0F8gLkZHHQWrtlTsw+RNaNnZskGbeUqnpnBnyPwzKm1yjkDmOoVyo6A6vbsERg5TGXrMiG3X4m87QxtourPPUKsC9JqYXu2RZVyp/B9duwvgF1QXIeez8AJj5BixyVbdHQtR7wBYtlwuv8iZeFZh5E8Ug6+wNi8g6IUykfRPhbJgSNHKMQUkFGDQpySfPkO1NAqN+fseypzRRRBzltyiANBhrL3JZz+WCH13c+NkoLXxRluqq79FrzTZ0U64tI0BIkCXX2eSEySaxIhzcnybRn8gTgVtQ5JQqlBZdyxrUwx5grd9vvYy4UlvUj5LG1MgKMjxlJ9+zY8AWC24J/rDhbA7hljIHvVRAoZJRACAsUcty1geDH1Ivory0BsHjAcF2rSyeLAa3Ve6JqASWGCWSAo6iMxCnQA2OTT9zp7zP23WDUAb/yadRwCEkKlWb9L56UPP7ZeDdzz/QHdXVy6wUSCI/DeJyUhPLhVQ06l1iMjumYriCAiHm83PHH7m+7c9XijIVMa9WLKROrBg5nui09R5Itlume5rF+RhyYKUC0a9L3q80t0I0Fn60MBDzo4ySCcwBUdk6IkDaLVbYMAZ7UCcpqwGoYAyvFfC9ZqVIqVAkT5VT8pMIuZeXX6mX25XoVOWAAJQkaxU4x133G7fg/eHqLpi2fK3Fy2p16vb77R9b++4xUsWP/3YE/VYRCIGAa1ms5pU3/e+9x59xKHDQ0OTpk555eWXL7vsWyP9w0klFiAECFSogEAgAbzxxoI35r1VHzPuhWeeP+tDn2g2R0DJkZFGpV751Hkf//BpH2i1sizNIFNDwyP5j45FQmF+WAWBlLJarZ526klHHXsERvFlX/r2bf+4cetddvraZf+nZHPMuLHPPf8CEs6aPetjH/oQKmqmrTvuuevVl+cdccQRHzz1FEW05RZb/PAHP8tazSSJmWlBFqUu0GyELxkEB4KGtIti1K/ZkqIt6aiB7ThqbrBvYBkCt2VirDWr9kBO0zqmSUX6YfRi0w5c9JXpOrMCz6BBRJek1XBzs67t1U71+J5zziNOJI4iPG0bD1zXogSgwLzwlEYhUBtYqKXGcck0lpt9q8U9CpZQphkDlUS2e2kMd1QNwlO17fR1u15o04+F7SuPXLe/AlW+AeDLwn+hiBvd5GBd3ICas/QGGd5pR2IIwGUhufocRPBcUDRMYKUE6BNdgPEqGDM/EA1mrXnEgtOTv2T9zb9ZaG64SIPEVIvPKlqXYjgPeRwwqtUHIUXnVgebIXgIRDbVr1u5WLEO1+RqKzgWSvcujovAcWdsVQDe1mtvClWMwHVjmOi2jyXDwsj3yck8XyYYEhfaCTCKn/cm9x8ar4DfMR8cNvTgBYxaeijNyJIezha6GolEfAT3Tp95c4oI9Bu54IxKL/hiUADepA5SF4CxyPF0JuQS3hgyRvya8dF2CCc322V32XKLnouC1LB/hWIWLbBk57dlefpnASAPyZd0N/A5HHozoW2CepVlOtJjqDIrwRBDKN/yD6z+1n/pCwMH1M7PN7/I22gg5k8K69YR7lKn0fFF2K2oUbwB3ULKwQubYW5bl5wf4LXRfjNTJ0ZCOZ3KOtiZ9FfkEt9BRcTMr2D5AEVPzD41fppjmLzMOzi9zU/h5v8Yx8GKHcscOZeXWAZa1hbuBy3KH5QuwYJdNCaKehSRYYI8rBvpa94tJMqRY39snhOr8U7dAEYzAyJKSifVx375iAsrWLn7xXujWkVUI6Ukivy0b1N76Op9tRYI7VpCBRKrUavVQsJPH3H2OTud0oG1VDufVqRYYEymJ8Cxz2s63mgkP8Miuo8GLp6e9BtDOIsNQPJ2tqMDNL9v6EsXOyMfTgsxBnkxmePiBajpGFnU0ygZj7KtDZG7+Co/8RWUUvkZsQLyPc8PCkI0p70bxYJCoIgEZkpWk8p73n3cIYcd0t/X/5Nrfvb6a/N22HmHr3zlK3O23uLBhx7+4mc/v2bZ8u6eLkWUKSli3Hz2ZscfdlTf8Prejp6e7u7u7jHD/YMRgsidTkQhIEniVpr+99lnhvr6x44fu3L5sgXz31RKVkQss1YUi/Xr1gsAqTIBICFCUDWRjChFEZGQgEBIihQRTJk4cdqUKa1WFtdi1Wp193Zvv8N2tQhTSY8/9QRgtGTJsoeeeKJ7TPfbSxfPX7CI4ui5V1566qUXeyf2Pv/CCyrLRBJDJADYT7CEkoJhxv4h9uqS2U8MtxBB+5J8v5mSBm5rBXqIhRh95aRrqD2zgJzLo2WkJ5wLMh/QI2Kfno1RIBhZgpEVEAzURmtYWT2KtzN6ZtKE1wnMYYa8V1vBOqq29WW788A9LxHz3IxTHHxsm3HlAb5gIRycdglYq0PBbw3srFd+szgyn66dKinxqzfuKsasOUWVTrTB8TccbDVjgeM0LqCdpc1NDm1IMrLxu3p8Cmw5jIi4RshJ1higFijTzkpYAGB+qHuO/A6alybcUM78wECsuHG0He5YD0nw/roNwyRZLeuhzAkavbgQkeDoqwwxxrwp7F2w1+ivnYotAMueErl/821AC6Ft7ZI3yCEjD5Nkm4OuKS3sGZjb7pwgjkwK0OkmdEZQmFqy22XmsklscmPan3DS/i8ZeUveLpGHE06T4Eto3pnAmSz5qxpFr9gi2Roi+RgW1WacIAOkB0UMSMIXio6qlJHMLjXNtEcewTHuFhlFqWEw6zPvk0B4+aTniYWA5TlKGJB6WicwER0NML2sTX00usAAxSma2NQFGV6EvJCQtGtu04tpI/B1vesY+7c8LYnGsBilNCiEAAw9UckafBFVpsvLVpgTnxcBbRNGte0RwoHK9U2hTWlok7fI7xYHKYcmZ5YiNPohVwyaIaxOKge5KIn5ebPtlWJQxuko3cYtRtnhUc8E+t8uCnVFm2bF6j4qAEsApBWuyo8pzS8jlzQ/GzPQ4AIFoAICJEDKZGtGfcL/HXXBpO7evz35r5aUSb3i4hFW1hHZyg4r6HOJAwiIFCeVgZH+ib3jPnXoOSdteUwVKy2VCmdSW2d/VOzghnakDbltoANPdfNYrD8XcX3FJCTZQ9awoPZKeQDdI+J0a/hT+w/M38kNpmD1+qe1AZFAkiIgqQ+DVUgQgYijpFatYhQTKnNWuT5gFgFRRChBKTWu3jtj/LTX1OsrViyDZmubOVvvtP224zs6N5k+vVKtCoB6tQYKSEoglbbkUNZIR1qqrlrNlEChEFIqymW+ABGJOIpXrlt517/vSRC322m7j5xzlojj/vX9d99+5y3/vKV34tixY8cSQP4T5Argyceeuv3hew/ee/+h4f4kjoEgP1BXASkFqESjkTWyFiESkZJquJXGcdwaSTGpvDF/wUc+eT4iDQ82BtYPJvXa7Xfc+9iTT3V11tav6ZOZrFZrSEIAGn1D7s3hkjhDgTr8VF0YfPx/vdrKSBPUzp8HgrKN3GSXMUMMkyP/1Rc38SjKogCP0ev/89VOCAcBOEQMdA0AFGpAwMR82s0WCFKuJXlQgPmzofIy1k44hXMyyxbCn/5/qRje4VUMYtoHwEy0kgbmGsW1Lp0leLRB+PIO7Z7r6ZwiplC2AhS0fjhH+bxkfhfZTWZ+WnPUkWwNROk0peRI2tBlDwtVpeS31/BwFWI+czfcWs1YRmeWh0pWhGA0UNiluDTtOYxKxzZ+YheBXEVyt8tI0gCPJSoYIGRH9L+W2rLGIsNwd43BWQJ+AGV7vjVOiqF4XogKjkyJrdXzZNyw5O9LyYS+rOZ3kQMSujUaemcihz6Q4xe7FcTPOWI2yWhmL2gPrpwwtE3oKyxHz+1GDrl7VENPx2NZMMbIqlBi5Cttqyv8eAxbgXtqoNHAb7SI+3+7YgO5h8cwQFzQXjyIaPsaG8aWTHA7AM0fj+tYZs8NTwzfxYvsyV3+7FxZUkHKFCOgpZf3qE2Xohjk22XB4ysq9d8CrgnQWGxJtt6m0DIY2qSNmOoN7ElrbQa1ST6V8oXzZjbGz1W0+8i+8p2CgCT8ZZZGR7gPlLcxUkmPrEi/f6mIqI2F4USSjhq6NxiEqR0RiJlqTaj2fO6Aj242YeavnvzLkr5lHV2dFKNSymaB3R975Fj+GSGKEknZ0NDALlvueMHB5+47eRchUSopwt3MA5BWXHsfWJaGLBG7aiiHS882MhgpVcJMqwPvWMbhiG5w56e7Ft6QtlbYvZiXQ8lrabgU99aIpvgcCdGMhUbyoOupB1L6SCmlKP+BTgJApahvZHDpwIqRkVZSqSCCiFAAoIgqlUpHtSYgpvzcooyUlK1G65lnnn/0kccnTJqw8+47d1Qrg63GyEhj/chItd4xpncMgkKBIo7rHfXOuFbtRIGiUqs30iYKfYAQEREoIRIAfPLF55567vmO3jHbbDfn5OOOB6RWs7Fo4ZutvzUq9Y5xEycggBAiiiKsircXvH3h+Rd9+zuXHXXIIYMjAyKOAIBAERFJIlKtVqvZbABBFMVpJlWWVisVEcVCiObQyLJ0eRJHsahEUQSIadpat2bt4GAlG2lFcYxCgKmBQH2wk91mP47qa0y/PimU2IbRmNC2ksqjDiY4LOOyKTX9cnOJHf6hJYardiiRhOYzUw5kygnRmYfBRQCAwjfK3OBWmnFtBoYN+GTBNUpeNMA0lnX0QPUTIKZjiXFUjI2O7gh5nFhQuOByTb7ILmgr+9CturCoYqDW6k67jhJLs3he/YZcu3yjyqCGYNeKuqmdxindzVKnlA9SOlqpqVC0RRAR+Lu4+dRO+LrSANcGHJET36uSCfKZjQ3A7gXRQOaO5DzkvyfopLAhJJPMD1565D0s6bKxzYShuc4MJ6JyXOU3HYvk32xNqV5/QAmgNQc/gTTkU78xmdU7EEIqN+sJErbebgSEZxKGJq7KpRn4PfPBiCHOqUm+eGLrwfx5kPJkWrNE/uS3WfBZo4RtotMXvlQrSDk0xgyBLRm1aCo9bwTsflnaNmlQ56xrsIx8d2AwGvG8r4J4MVTJakhQQ2vxTgCen8PgLoE6/8cZPqaTJTCb+syNIHS7Z0BAH52kT15FN6evmDXjm7EtcuwBSzzayAiDHYarMe7yBoWrSCHBollLT6WXslJQEZgDZySF396wflxYeQHAUa/RQsXM4GgTTeeMM+pMgazXZktuMQcn/rlHo8Bc6uN5OqbUmmkHJNtGQ+jFFZQc2+um0/KvHE8m5+RlijYqCuvCJG4JToOCNurLian9jgQqs2TS9h0Di23DnnnwyMpWbX0aj8DMDUZ6+XLYJXS4+DBfEREFCJKqK6p9cIcT50zZ/LpH/vrk2881srTaWVNCSVKG7600yn0tJaKIlBoaGapVKh889KRzdjp9RtdkSpVCJYzTyhfga1NDsP76fOvfQfs/XxgEkMPBfMXpWniQ51ZNQZK0gSxXLky0EjEyZpoV2Uje3hh2JCB9sjkSASlSqZQgam+/9fbXvvFtjBGkikVMmL+uS1kqx08Ye+pp79tvj32yVioIFcmuru63li35/fV/Glq1evbe++2z5x4dUTJC6oUXn1+98O0ZM2Z2dXURkYhjyuDJp569fvyNspV2dHW8+ua8VjMFxJZUkpSUEgQIgYPDw/+58+7GmsHKpAkkZQqZUtn6wf7X33yTUPSOHzt1ylTIj0GKoiihSqU2//W3vvC5S7PL/+9dRx+5frg/igUQKKVqUTWqVISIJ0+eAiRRiFpnFaQAQAGKMrn1TttceMH5U6eMX7l67VXf/cFrb8zfbY+dPnTu2WPHjnnhuZev+t7VrVaLdCEfIgjFzZ32Sia0lNldI3NG01CjjhjSglHEDjDUVbWW1KiUmspCgnYcbp0h5L9o7Nu45BUlaxAD44hsVRebbpRgmX36DlJhG7oKCsnMXNa4XSpvA6MXLJx3JFNG1wglT5l/8/8Nmkp8jLbwvJNRfaexzAY1tOpId2PGLWnJVRWnufLoCauWCSW47ue3dx8ME+f/twLemv4AjuNKLk4vueJDH3bbZhRbCwGUY862uxUkPzzrmYqpBL7AUH3qAXizUlPMn5S8icg6MDaqxgVNGcq8Ocj38726RRdHaM98bpu1PKTwvt1d5q2WXuXbmwtA6ysztygoeQL0JWUJKvn2u9kI2IkmtjN6oAcAub8cWZ4RUqB/057ccQXazSoIU0P0nPidSdNmdUxtGXTwhTImEvwxpzlGzaNYX6Uzt+UpsgMb3Pt8yb4QQP5DDmVzlqkQ+6hN/OAdXIH1Gohu/cirvy0o4HyZvohkVFCuBYOjdOx9xpSmSYhlKkwBrIWhEwblKC7oqJefm3UQhusJAlr+hY5+2Rt6jLvD6Rg3tUmoGvfDjzQjQdEFLV+RlpzcJjN1kwDFEIimYqtZraDFcuvKxYbZMzsnFEnCC04xJqYQCaWFT3bANvpeJz1zbzj3dhAgfznBro7l3g0SLIHlFA651a6DWFWID5q851bHbHHHmw/8/cnbX1vzegPSakcNBIAg1cqjTUrk4VsRDQwNdtU6DtlpnxN2OPygmXt2x52tNAMAwX+gmDGNQZivBMltKoK2O8AQMzF0BfaxHcG+tM4sjPBUqxCZBmnA9rOwYUDsmyYl9PUUWDUUpuRdQ0NXecIzD/25SLwe2Rw0oHOhFKgIhkYFcbRqxYpb/vqaklIkFcCYSKEAQZilra7OzslTpuy1x1xKpQTo6Oxaumbl96750Z233tHVO+7QIw5rNZrf//m1q1avuvM/d6jGSOfY3vHjemUqozhqNVv/ufX2O/91G0SRELFSNDg0HIPMZIYAklSkRIT42tvzb7/7gWpPF8Q4ODLcyoarUWXp8qVvzptf7+mePWuzmTOmAUCcJFEsSKrpm84YagzOf3PBl778tWpSPeyQA9aODFZEVI3qTz/37I9++IsRJRe9/gZW6s8989wnzzt/TFfH+99/igCQrXTipAkfOOmECKKWbP3m97+nefNmbznrA8efIDDaatbs637xy9Wr1yDkiTshAHOxaFMoNl5lxZBJ9pkf19Fs7csfQ5K6l0cggVi2YWz71AgKQz+h9ZCPjuZndX2ycVP4joH5y4YPKmoYX1uS1V45AAAIzfHBPEwGenOF8mfD6S8GRdEryxvwNoXctKeDg1xcqUvM29hbjmlzPBgmN9PwfbGhIDSTlBS1liKnLEHtGhXxAz4+MUiTjorboA2xlk7pBePwlgBltNTmK5RcG+l8suxgCElgYOUgkX/TAOBpecuPPjzsMyN8+xdzclLO09F1CLlGsRU27mVd9qINE86mY/6VO8UEOWlZfctWkOvbEkxx3ixg2pl1bjkIzPbM25ANBDMFygneDW8EnB7QODXYzgkk29WkLzksvlq1MAfWtaFD99z1QqPoeJdAONq4H4vUEt9aW10O7KAbrrO5sYwOb2B+dMGObgb1onyM1PV67dB2OiNwcjfI4ggN5kzWnC0tdAw8yNFTIegJd91GI5rQOlRo7VsAHULgxAH+xGQMI7tAxze+Scv2lGfFHcHx7RN+d0cixmg3DrJ5qoWxD6SdjpGJpUZyUjwHzQj7HEvmV2c0uAHTYahlvMsxxygxEYA2T+zdMm62cttIe68NESDGrLFZq9FTZo9ctteXpoaGgwSa/6apexrUUuZtC8JXb3HBPbM5STL2gpVV6LugJVOzr+W6jS+o4FUXd9RNxE6V1TY1uqdKKQ8khjeODCeVHAYo6MHnDaqg2cIZpM6sMKzjKwnmyobKz1tgjoH2qQC+L8XLx6UDWxtAZF6StiqBL7PUHXXNyd4hRMXn5+c4gPtATO85p1Tzn9k7AgUKJMysTjpjm+P3nr7r3fMfu/HZ/7y2dr5UWa1ajaOKiEAq2ZStdGioHtX2n73LqXu9e49pu0yujydJrTRDYL977Alft0Euyq4FjaYItzpf/GrT1Nca+pEb0t4pFTdWJ9lwQ+E3ae1eaNTwHXK77ClkW0Wi37Hl6wW2uxa2PGoAYJwCTj3It0XPiramQOvhfOAsnbbJjN12OaZWrUQihtxhRYijGABqldpuu+wMSkYCkqTWPzDwk59d+5sf/SSK4veccfqFF3z03nvu+9pl3xpZvSZtpWOmTDnpfcdvt9lWy1ct32rOFmtW9/WOHdNqplEck6JKUulNu/sH+tKRRitrIVJUEcPN1t//ectbL7zaPX5iY3Do2aefX7hg8fZbzVmydOniJcuqcW3WrNmTesYrgDgSgKBkNmubLefuNfebX/3G228t/uo3Lps09eptt5oz2ByuYPLiS/Nu+sMfAATEdYzjt157ff6LL/RMm3bEEYcKFCIWS5cuvf2++2fP2vSNtxauXLFKVCorVq558fU3IIb//vfJVrMl4siwi4kak0O+YbYcwyFDMdnf5vIyEsCtL1NfZNwcxpVs0x2lOz+kTNkxW8UShqM4Y3e6+b0YGJUNAYa1R1lcgaeAyZ/gGiUHSO3FIPjQca0XQsZs2yBRHHworIJJAU//sjb2j7efpmSSySMrIkplcikAloIC7V8chPVxgsgbqiw63EamlfUJOhrwoP3evaNrA5VBhdmtisy/2A/l7s9GU51npzFbAnOitzLaWRZczHIWtmd5OnVQIhD0LCwPmwe2nTPK1HIoDxjYNpnEo6+uToscdCHUDhS/nt5aDzrTSxY4MOFVsxy7Qu7OGboNVDbliORmGnHbjW016nU5luU75g2cOwy5arM7yM8NMpLCKjp//UyJ8621sofh3xjInhloArshQvk3fc86AMFDg+9c4GnDxhOjFnBkuDcwF4UBesN7hGfncsTnLBTWiPVDboaEWscqQ5+6fQ/GsJVen7emfJwcvcRaBFg1Fb65eYTWvjOTca5kk9q6ZbdrOUMggausdfRfxKChKFd6tuFSSTKCw1gD6HGYe5pb7EUSMhgrU5pcMXlDIpT+/mcRWCwTJM4RarO44Gk4QpnFswE0tblCB7jNxeOX7VQIeQJYgxmMUOafjgZVAF5xEIsJu1G2nWXnIMrvr6vEXbUDlvbwAA/tUQKfuVlL3cCLkv6vu2ZHNjKFSQzHQxszgD0Yh0mmQO868IHfRZMVQnSiTYECoGamKlFlu55ZW+60ycGb7/nE0ueeWPrsU2++sHD1UqmymMQ2M7fcf5+5u0/eesdJW0/rnCxApJkkIiEiLXjJLM9apu8EU2HzHM6iMuL5C98QaYe80jgfmS6+VnUTWRIwlgVHJNj6LHTtNXLRkU+40aXQ2T8KCPMfUMkTeuaZQBQCQbU233KLSy69eNqESalKhRBgGEUAIIpKHMUoVAxJEvWtXPvcCy8ODQ7utO++p53y3qljx+20w7YXfea85555ZmSoudfeex191BGPP//fRUvfPmD/fU84/vixvWOiOK7WqoAiijFrttb3D3V111tZo15PRJzc9+jDv/317ypCZGlDtlrLFyx4+vmXdtpi23lvvrW2f2CTzTfdbZddaogEEEeREFGLsFatn3PWWf19K6+58qevvzLvsiuuvOrbl/f0jGnI5tQZk4859b1RUn/tpdfmvfzqtE1nHHjAflOnTdtyzrZ9fY+gEIsXLPrYJz7V2dk50syGBoeiuPLUf5877cwPRREM9A0Oj7QQRX5IEkpnOGyIf0Kl1aZ1wEQFOm43SamENzW3xWcm6BCGrNBvUqaKwiEsVDnBYZlSMz2tQt8IWfMOLw94bawhYwdnRDg3u42IKPc8N0bthQNtXKsSI2C0nsRWF4xD5CVUN06oe6hzGPNVXUAn3rwbMUXbq4wYcqN1FHznsBWXVmLY2g9FU82WQLZfQHEKnhs0T6Nci5swqO2k8mK8nP+0ggKtOd8h0qw2GqVfaGoFLqdrN+o8/vts+bjO4WLtCuIDjEwoDMk/aC3q6U6j5Zifoo1zphttYBS4HgYNYXEu9opBsC9memd+MoZyDwKfQDcdfeccIBsQ8p4RahaAZrWhBWAH9d6bcIQFNgfIOdibH8s+mrJnS1w51KGVy9aCAeR8H/WIKkAIuaof//JNLruafDaT1aYyU4zjxLOww1fgRr0wzBMxqnE0g84cLJ+c7RdQ/qMQGyjV5jAUx+XUMbqkMPvkN+GMYgYEAO/3V8K8ljHhmdoLfCevvrEIiS2aZuzmRY4sCXhBWgcHkw7e81wZgK+PvQAwu1O0/0fJ5vFpzBodeMXIrjZ4ySwOSshsdOfTjuZWzabOF0BlXew4WIjgt5sFLBkTn0f3ISIeZAKrDtnSEH37M9cNbBPJT0dbeIqo86q8wNuydkVfBR2PCICM/syOG/3hE45dOgIYW9eKB7MuJABUBAjUki0EjKJ4h97ZW/XOPGr2fm/uuGjR+mVNmVYwmj1h0y3GbDIm6UCCTKoMsnzDzJaRjc/wY6AC8a21SyjTTY2Mk6CMlQqXd8+08YyzEnTa+KUXPtd2lhvMPGRINolIK/3LJTmAi5Yxecr5WbOj2z6mSAhIoMh3W1hW0MOJKIoBgITqGdM9rnNMC1oRJAokl9AEJEmJKEopmzxp8je+/uUzzjhl3PgJc3fZFZTcevYWW378vPUD61tSIuFv/3D9NVdfO23GlIsv+dzRRxw+0hxJ4kpHraYIYoFKKcRIymwka6CATGYPPvLY0ldemTp7ztkfP/u/Dz5+zy3/vPPOu4857thnXnhZDQ2PHz9+x223zTc+RhGhQCClZG+t44IPfzwbaVz93R/fd+sd/9hr7kfPPWc4Hd577m677bTLcKN58Ze/NO+ZZ3faacdvf/ebEaqOjo7/Rqqjt6teqTRGhtcPDjRbsrPWEUXR4ED/ymVLkkpcqdbjKEaEWrUWISqR2/tl+1HcHygSVoHIkG2fftfGGhN2T9jmcnaGMq1hAufe8DykC64+jZdw6MyB02TWMGBzF5TRaH6TlhZh8RWHtvSrBbv4NLjvFlnmhxhpFbJ1UZeVwN5eyBchtzE+L/tQZmmUTNQGFC8dytq4lGZZqpb8z1hcCx/E1/5chThZb3rpSVlLaxlY3RTAz8ZjvmWx/DgvqS1QUkl2187I1FzQyxkw/CaE5DdabKF853wCQ0Q3bC4/eVKzqIQKRMgAC8u1APjxKeYJ24IyY8ja7/a77cMtbpfqYlrTVTB6RTYBvGbbHXbMyWf5kBSSn57FiBvX01q/phDHn3GUb6VK2pQio9cj3GKjSH0+ZbqZrEBkgTZ+bpI3nhaV+rdH0NghzKBz0AWUoRvagllyE/jmnq/ZkWypKSK4dBk5f56hMl+CVdlmECvN9diGSswP4XFzyEefyypaR4MxtYca1FYMusE8jmALZtuvhzcg28w/4x5i/xpEWhHFD/tEJi306GaWEn1mxRsbb4MXaS8pX2sbcRLobn3LZ3h0GHHkHUg/Vl+FVva5xA6fxcqk0vxnETCvO3PG0Dr2vG2AG7PJ2qYO8ED+y+tFmcsauBhwGYsH4JU+Gz2I+79clpA2liIcewdURKUYL2tZGLPkddq2CV5PzlgKc3KxVO1x+2CU7DGfpRhFbod+ryp7FHtLD+sJ5FApQkGYWLYh+8wbDwCAlZZriYm5VFBEoEi1JEWIE6u9kyaN33vSzooIEBQoJbMsk2YCI/us2Wn3hKdjS5nFv4leZ40it64SDBX6c0oowaULbjohR/7wDuJSliGTVWqzX1ar5M+F/6hMQVtVb/ZZMwoREIocEIFCAAoUiYgBIJMyyzIps0azmSQKInu+Xb6HejClVJxEm266SVKvrF+7/sVXX4rjuFarV+OkUhUdXWNWrl334KOPrVqyKK5U+oeH316+fH3fQBTFcSyUUpFAEWMcR0mSjB3Xm6osTqJDDjngwWOP2mSzWZ/75Pl/mPiHO/9102OPPPKd7//gmaefrVZrO26/zdYzNlFKiUgQApEEkkksJKRdPV2f+eQn16xcc8tt/x47cYIQiAhxNa7XE+jPmkPDQAqF6Oiqy6zZzBoH7LvfDX/5TUe1NjTSyJSc98aCH131s7Vr+/bdZ+5HPnK2iIBAoACVZXPmzFagQKAixbzEjbnIUpjbu3Y71WarC7vpTxCq/1FEWgkzcKVf6lqXGolsDCwn49xuQGcCbaRTF46/IZFYnNuoNE/Rb9RlXC/PlBsVNghMn43QgbwKhgKh6xsARta94wSya+3jnHy73COlUTSmv0x+OSHXLvhbHK3sKtlEvu8bClhY/bfhHfc0c6HUzYclNN91rwhRaAktELQ4FMy4d6ZLG9L1NWgwWTtMedAUDUFnAHjbqpeknSTewRiM9oXvUfaIOQEMILc69NbkjHujqwl8vNqaZCjFPxUf8VXbKg+0yYU2oGucWToqwS/pfxACzBUG8jua15zyzzw4w2woz3rk/cOZyPXHIrINF3ElDs4yslvryy7naBP716zGvwMEaI72YIt16sokNdFQinkTwUondKtHbZ7ot0ktsOUXgn1b2n9Qysvo/S3nr3CXc6eUG8kGQo4KS8RlhMdNWjuEtgRGlTil+slDPLHSDKO7nGjiMopRxkZ4WzGna+5528naBBsAch5je2YLbtGtPuzoYGeL4+I2mADcJpYk1ka/iqqoGKhuG2nWskeTr82g8u33Q9pGSpDR3OhmccIOANhLL6H2spEQREt5nr4HU9LghCoChK+z8y7emtgnbYgEP6XrAvOa13hxbKn+DlBsh0PEYDeD3Ri9dswaN4789N5bRBvrjTEll8DameIukhacaPP23r4Ak6HIi1UUISkglRJbEkmDoAgjizUra8yuaCnIhzfBXnvT3xYOke7s/cqr06Ea0+ZbyFIcM14Jktvx3DIJ33sx3Yxqsli1UUA/2WC1uNUz5A0Fdqj8j02AuX10MsO8Yg9GkJhtJwAUIBAFmqi1UgoQlFJKKikIcz2iCAEVqDwBQCRrUa1/aOCHv/zZX/9847ixva1WK4qiSrUKiFEUo0KK8JXnX03q3ev7Br512ZWdY7qJIIoEIpCUlWqlVqkSyjiOPvyRs08+7vj+xvDcnXf52c9/PNwc6azWDjhg/1k77bLkjTf/+Nvrh4ZG6p2dB+y9VyyiRpbWQBCRlAQESRQJkEOt4TFjey790uff9Z5jd99t14wkxiiVApm20jQSAkAIgWkrzVLZUatsPmmTWZM2t3u3354Df/3TjSuWrthmm61OOvJY8C41rIYBo/yU4II8s9QZPjGPjYjjmtGeUKt1H3qHUTjiHa26h9hG81l9g4+YDxPQhKHnsvPh7JFJAfP7Zs0ol2bGXMBZaImxDzkqNn3ayK7RZZoN1+ZmkRWVdsVtR7B6nv0LvpC3BkNppRIYiZrP5el0BD6Ozj5CXrBl3yHyXvIPK3qYlnSEA57E97VYgBCz62GQwkFW8pS1C7DhOgYf+AgmCYnaxik5B8iCGtCQh9vS4P7o+pcfyWI1ePufGG2faYeCtGV9nJEhHMuGCsYOVDyj0IpsffitlvL5zwqzpVudKQBsUtTQpEt8kUa5CGZ3+llHVexbhQZkyvuTxaw1driasGhAdKkOhndWVFQkY3Smjs3e6F2241gDST+0CGMywqhkMtvq8GsMEjIyADlSGdItXPYHPhkPc8ns/tVGDVtRDgF5MDOEu0xQfs6fB2VxHiNftf1kQEL+CrNDqUt9O4fXhOBNKyfnNahsDNNQ49KBRVauc9SSkWeklZRetTO2fA5xqW5PGjjy8VmEJW4BQBnYyb78bPfHCgRN9gLI6SdO8k6uFKS9/mUmOz+CzmaU6hVWfsK9sKIy5l+RfyK3BwZ2qwhcCRKynpxQLb1504X+mXOpDdExQGOvg81gmztM8gXf7W0XwXAFt5aSEJi40EsMhrEcXoLlYuzWPSlolOKafQ1RqkuCAQOH0C3as43aqoTgEfpTg+1v5AKaA3vBkBoIYbsQV9vgmAJDlIJXoAIuMjG6NQMlat0C6YAqeezryzZWjleowa8wiFA6g2MnI/0CeBzpE5NcYE4BQKcPXHLSelSa4Arsw7SbJQQt2AiQFCjleFUgoPuFFXbiQDCqea3NyU8ndfPuxrw3y2Dns7GtDu2MEG+mIISstjON/LieH6viex0Id26nItfpmHs4AAglJI4AynCeowBys3n4BiPMvVqxvKtWCwooAgFAAoQAAUIjRaAgQiIAhURKKYUCvIgDgEKpUDWazddenvfyY090Tp0qpVREKKJWpuqVajVJmiMjSBBXqrLVWLzgrUxmQAJaLUgiEBHESRLHmZQihn333xPf/R4gyijbfNqMVGatrDF72qannH7yt772rZGhoazZmrvvnkccdigplaNGyYxAIWIcIwIIorTVnDx54pGTD0xJtaCViwEEEIhJEmMUJdVkbFdvKluS5LxF8+978GFQlGWyVq2tWb923bq1URI99czzf775X7V6AkpJlQ0NDW6y6czdd91V8J3W+6FFCzI94LYKPergOoYrbS6BiH0PPUK0f0s1JuPEYllOoGPIn9/+NdzJhJglXGL/mmYIIKwpVgoUGO+csXDgGgX3/audsC2JlvqikjVtM2jZrIFoLtcy7bVSyeXpZ00jJbqYWHCo8Mj7YIAIhrdhXGyDrtGAbNPMR6Onfd1HHww/cIwlN82tUtVWmmUttY9Yztl1yJHkBrHVam1tE2+ZoZlUmoRDkUdr8nfh3W3XgZx4tkOG0PNWWrd6qoP/F4Y42Wt8dmoCa8wGasm4c9YVRnBjGl63foYHrBUXzrLMlTErorSLsbq7QBvcogO7a1ZDGeRrFrC7bUqGctcetfJ2+l173hbLnFUd6qwtElSBgoduDxIPfHToQu+2fcc3r4a10t4LQaFZMlin2mZvOQpzPBmhY+dHMD9NpOeym8C6kQU9N+fcekxtp7OrvBUbggDWzYxvV8A0kyewXeQ/t7OUkWBuayB/R5r/iCpyWvEIhcBYQc4mMws08JI9MNG0tFtgx3dDEJjwjhmOkQu0f7nRXU5deprPu7y8ZfCES39P52iaLntNO6eaNs6XVQIFOc/umismCgHjo7oElBvdMCdb3KhYCqHkG02BiipCY8HYOOXE+7Tzfzaud8GkCCMjvDWU39+4CzndcZ85iHD7ni21AyZo4E8Exf1od1mdWJiijc9K4SYWmzHrhrndHEIXvCyjK3/A/P1NV5Tt7YPlESb0tZeuoxN6aiQw9STo3mf2PXwi0p6OFdlce5ci1UZ/DY/bGqJA7VtNz7DoC2HtPfjKqWQT3mEpn+vHhEwxuqFbMLDMpxJO0ElVsxXtkOOgDQKRAAKEKRfT3QUAEhJShHEEEYI9UYD0hURECiQVSIBANWQj6UjOOPP0Pfac29XdhUSIIjdk3nrjrT/f8LfF69blzofKMiLV2dU5d9+9Dj/s4Hpnh5RZrV5FgUAgRLTjLtsOZSMQoVKq0WyiEqRUV0ftxGOO+uP1f162ZEW9Uj/iyEOndo0daA3V4yoAkFSKpCKKoogASREISlupElJhnrMVJIlIdcTVWkcnKVi3bv3Lr7305LNPdXT3rFm15utf+kZcqSpFCJgpJeIoqlReevX1T1/8xUhQFAkhxEh///4HH/jra3c1O0AgLCUZFWitJeAIZzvvP3FI9AWc/wr4Bq4ggrIBReGrKrCUaS0rX65ovnEhFxd9t3F5Fz9qA58/YfB0w2Wlo+sm9JuCY3CDzPYVPYW98sYxZsyGLz8laPC88TrLNfa0YWAWQLuXJAsfwqFK52zTgOc20dM5FDy1kxbImgndjTMq3BLKQuEbY5wYredpcA55oALCAf1lGj9htFm9BB0HxGi9DZgx3L4rF/u+5QZG2wHbgoKz5HoyMxvRO16ONbdn1xaXwdao8VduyGpLJKC+4ohswPBiSQlugLvBbS9nzSOU0Z6x8fyXCLDQsMRbIGaMaWMFmCjmtkXIaLY56aovPrYpbbDF4YFQKVEY/uCa78hbRHmo3KLJXzAjB53MdM3tIkMAPFOINyC7LHbQvha9luVA10oVSYuTernxYu1icDAzag8ETzsx6yibTKokV9vEkOHL6pIL7VBBO4S8bsnDXQFzpRgomaH0NpUyuFs+tPPm+BXr1pZwneK3h28xi7wUWjTPfGQ5+4V5MZ74dnYEjz5psWGnKhUKOsAWBEuKwWYXFNNjloxFAcSFSRmii2Kb2j8yiR8zTPAwWI7/ua1RUmavFDcmwB4zfBxayEDoqWQ3U+n8RRhMp2ATzRTeMGWrKsNb26nDhq4exIuIaI7mVBdWxfAynrwDujEL0pMsUJ78ZatiRESmDyv5ASTtDJvqu3xksr3MkAUtnI/IeIWImLYt6mi+hz763Z77KynYQgZeTSUmkQkIAALYizoUrDukhfyv+3mcgjjUVcpkksn2dSVhtsT9k7/VhAZfSIQggYiACJUk5dlWRkWnkMVxdODcvQ+bux8hEmWUUUeta8HKhRf+89bFixZEHfXxvWMXL1pcqVSrnfX+5UtefebZfQ7Y58wPfaA36RhqDVEEtbiKACpSLZWhyI8vIFIygiii6K1Fi9asXlOJ4laaPv38SyOYdSYdw2kzFnEqVRwnop5ESQXtizNI+idkCSMQPbXeWOCikWVxHI+dOXX9wPrPfPaL815+bZ+DDth5+y3X9K0bP3ZcXEmiSNQrnSPDwwgKSGUZYRJHqSJBmaJWo5nKrBrFpPMrWvEiOipwqPQuND8DyqicKU5v7wyFjJI8CSpidORESzUbardDa5rEElJGP39gKc1xg6dUS8SLTja1UYTlCsGCF3gCOtYRel4lEs7pYa6ALPj+OKNV09gu7KnZWJZVC5wZvr4yUFmFxWjC1qMbPnL7I/HsSmyRmQULUacsnMbcmIPo28Hme4B86nwO97ndT+mEI4YbacnMChwqkAQGN61FzmaxaBzFaw2KblgzT4ij34TKurhL+G0I7JEvRJSfJI2AlhP1b0PmT9gCgnI4dEoNGUjEXuDPGddhwTA98W0xyhfzyozSHXLRJLZgux1mECvmwEYl0K45LBHNV0DsMBL7X044zp6x22JrLu2aXLbJ4CCoag8vThBsRZ62ZCFmy19u6zUm/PcfbLUZOpns0TFpEQglCMn1rLNG9IK1K48OLAY4I310VgiXr147ntr3zI5gux1Wc8Xu49Ije0dUDj9uzLxeytC+T1XW4BNaeFqeZQTJJmSY1vFuBJ3vYGoqKBPj07kgmbcn6A6BD1FgBC2xbfSqawseHxhm0ysx24kM4SVxZ+8qU4PIX38zuPO4DjEQrUFgmjkyvsRkH+LwroOIfxktwxkmTPxnxWt01WJdhXdwaR5wLB1OW+Kpl138QIXSedojoXy80q9+/Ducosz5LLVUyuYLHUuwes5JcI+vqDDm6IRaBAnKzAj+bAOY3xjrZxToyEg432oFj2EC4cKHybHBJQdTO4Hg1NLHTQFa64aCBLWu4tAyEWTVNR8ogK1MIpRdGPyFjSL0Arj+eJ654Xsf+hMBmJfOmSXAzZFifzubRSl7rt+XAGFEjVQyI2nb541T2cpkNc0yqSQAKKVUJluq2VLNSEYERCo4ORBJQCJiAmqpVkspVNhb78Y4efCpxy771nfvu+XWrqnTP/aJ85YtfvvXP/rh+M22PPfjH37uuWduvv76n37nqgXzF17w8Y/sssMOI82RRisFVBGICEW+s5mSlUh01Trvfuyhz33+0tb69XFXT5q2bv/7zWfJ9PIvX7rljM2VonV9ff2LlwJGzUYzlTJVGUQREIBCUiSiqBpV5y2af9vtdzxw/yMvvTwPEOa9PG9wXR9Wq1vMnn3CicdttuXsalKN47hWr61atebyr1+xaNHiTTadecnFX+gd35O2WhhhJuXYsT0SVQsyQEOmVp8znNiss7/nTOeS2xPWvUBXeqeR3zFBZ/OtSMiBgjYwGQ4MGRxtA0ssVk/zGCWXmYy28q/kcbR/sRjlBhlnY2pwsPCLI///uHJzZqNZPyzzg3Jdlb/r52SkM3LaiplyueXD9j9ghgJ1VpzhnY5YNgcT0VR6PxBuVLj5v1yM40rB0raoMRuQrAo37y1Yw9twHIHS7AsKdFSufA5n2vH1sD9B69InpRig3B61zOgRDAHLBhgRz+W2pzndB+PNIADonBsWILcemuF74kNYUWaKoHJtrT2FUdZGLsHFqZzQevUIAan7K+L/shBMAWm8LZGr08p7caILPE0tyIgzuHUSyZ54Qb6FnduHXtbRgz1gd8+VCKtxcwval7VkIjLEBivlV98QcU5UEJuw+oULfKZLOKn7GSBzqbw3Csj/4yaiqTtlc+WAKzIkSD6h2FLzNkLI17TtG7W1+dp0sftpTE73xNd/OpRABEWjc1TpNbpoK43qlusFjaCinxgzYI0gM/vAQ7mOptjNAvMYcePiCvoJM39GHcdlXMiOUKpvyD71l11gLO9zMBD57fW1QfVo8QO6XAAc+OViRUNoDR2TvQH0qJaKNOgbByWZT4Mw5M39ZgWcawi9GLxtwPbOxjNG8cm1ArPj5ADxYZm9Yjc9LJeCcOUuhYJczjDJoo1dph6AbFzfuoVGr5A3iXcChKY0Ah12C9BFVlHZQ8DMyvL4kCH7fGPDo8AYV+ibxpI20WZwRG7zBNpkRgsdwwBx6DlnOT4NqC+U92iUr08mHG92OsNjZCdDR25mcI9Kye2YTQZYNHGRYDAjLEiml0CsxpViAKIj6QCAzs56taMCAJVapbO7q6OjAypxJCIEEMJFDQUAATUpa8kWkEJFMcQdHZ1vrVz629/dcP3vr3/jxZcrkyZeeMGnzz37jK9983IghXG04047feCMU7rGdV//8z/86brfPff0M6d/8NQT3nXMrE02R0UpZKnKQFGatWpRravaffM9t1986Vffen3BmHHdhx1z1ILXXnvmwYdvvelfby9866wPfvA9J7xrp+23uegrX0iq1aOOOjIm7K50gtAblcRxPa6/tOCV8y+85PVX31ixdEWWNpNadcddtttlt52322rrU04+aerYCXM23YoIJalYxMvXLP9+vZY2WuPGjzvu6CNqSTUDCYARIKKQkLag5fuN/q5blaIRbq0dTd75Bhsa5uaFi6JbY4bdcwSAEDCsE9QFcsvpx6nEQMpwOieX7StK7JJhvRvULkDK9Q7atRpLkyUM22euOMuTOc8mT8kz9cnZOKikLxvUl8PFi8tl9AWsVqnGqeAxbCtjg1ImZEa8rWNC4qeA5Eaa2YAybcvRBQVVO3o9LTHtUDqCreLxUGSfce3Dft1klEqiUshZzZebwkmsNmssqGwHgJZp5pwWG/rxsG9MJst0+U0jyZke9NnAG4GJaUNvZApYyFC0FxK1nqdJxSBYh8Jh0E1hZgj1MsvHkZXi+Uv5TBMSP5cGQOhkeF5Ko51INIfhWKFkwr9Gt1kHjNh8Fn0Wm56dwNpbTzcQROiEj31i/CiNRaXxx0UF2LpAy3O5cVGUQQh2LXoXWb0J0+6ItqyRnLdJucdIwOspnbp38kSbYi5D7WeOGJORlg3EAsK2n16OLV6xvX2lEWLSnHORtyNtP+ZkTLog1jwKmMbZFMYEzalRWJmkaY9AHy6RW0E5ThwdOBQFoQRvc/WLAmhqbvIVsZ/KZcpIH6pGBJCnQJWxY5QR0GTgZKxNxunnPMPPymGuifHO9F4iuhHMJ4Awi2TAdBvgmMHUHngiPiRw95GXwgQS2NnDFJykZJUOU3CceSyQTgF5iWJ9P2aVQlYUGrQXBR3TdxwRxVkt3kINirogCouPArmwkZdvGYTgBjUE7ft6d/yFsLIlJ3nA6mgie/5Y0N5DiFXezkIOgfLpyUxpyCIwWoo2TPkaeYMgTBLOw7+X7V2oacEA5ygZNvhTBMWYArYZ2TZDbxIjFxi+iEyg0IBposbhgN4YfBW6E7NvdAc0whHtDXAAM8CLsdPCtP7k6I7147+ISN7eGs2FYe/iVys5eVf7zGuo1+IQ1gZUJ4m9NugNaNKhfIeMdCobWPMBmbFYGA2JSERRJluvLHxj+fLVcSyUkkSUppmSKkuzOIqXLF+6atVa6O5atmT53/75r0mTxqs0jZNKHCUiFgKFQEIhBGKtXps4cdykiROqmKhIrVy75oFb/nX97//y2D33Dg0Ozth2x49c8OFPfODMLJMZIgAoJEnZ5lNnfOULX5w1e9a1P/r5S48/ecX8N2/6+7/effy7ACpA1b/32mvPbeZs3t3dFYtoXKV3EIZ+/uc/fPvKHy5+c2FUiQ8+4qjvfPuKJ5965CuXfGXe8688dt8jr734yvV/+9t+++w7Z8cdx48bV6vXFy1f1NHREUdxHMdJHPUNDAzAYK1WS+XIusbgnvvvOXef3Xfdccc9dt1tUs/4YTXcv34gy1IEABQAUZzEK9euFgIBgBRIRZlQjUZKpBAxbbUyaHV2d6ER9agNO4PnnKcZKTvCCqjKkxPkk7ZhPG4ue4+ZyVO0VAqc7uwKPoQmDP+2O+XCUJCxHD0t7HUpWZxrmxe2M8vVkSUHu6BiSl1QYjIT7fGqhbmLItiYhCXh5JI4HVMr3tb58SSnMrwtMJgq6EkGHiMPjloyVqSv8YsQ/i9KvGxd/IGBzQJp1GgQQuO6dVQ95PxMf0PDTmUi0hvf3zWfWghcJaGFvKD+ApB8S86NXLoaJFKlao6IFDu31uMLSzZkT9RnRB9wIv+IwQc3OmkZZZGhgCAPACr08GR7IyESRpA30zk4YKqQtJVvNLyGkOx387MZWlJwgkBi/p1bCn+fFCGvPgbA3NJ3OojNo1fniQhwdjIB5G+EmHEAkIw3ohfrnC5l/q/vWbBzRKK/ATq9pZ1V54L6YCIzRHLBr9GrEF04gRSgyktuLI6MHYXGkDJbgEggAAVAfqZ8m3epOK50x3wiADYLAGoasBEY+85UaG1phBr3M5/dEpkC7aTlKkCa0AARKQOatGMpdOUxVDgmDxARBYBAFAT60EKzAzmlCE1IOQ2b1aGy7CkgfxUp3yvTwuydUwM8+F+KQ9+lM8vVUWCe3LIoAj+rYmDmuNTjILjRA2Vqtp0ra4/fy4O2nrh3cZ+Sy2oHSyRBV8jrb23ABUpTpD40TMKXyFC2OCiRiz504Ydik9H6l0xqN8eFBwomljMsRnWTwr21tzlFFCAMjBK/LxS/FibVY9rAGu9Gnh8UDtkeie5VPduwGEHwUtAljrGBp4yBdGYLsbSvD4tVhuTfcTOxNUGQjoPQ3mCiNLCoDBP7LYs+u2sPJiVonXSXSmUa2qsuMRqvZFy7LX45SrHsP9dRbDzQAVUuRgwJgG0AWLoXnkFQgMZ+4paJD4l3G/1e7pMxIdpTnw+c7uXtLp/GkjuRiiEebjT+8vebbvjLjZ2dXZnMpJRKKSCVpRkRyUwODg4nta43X5v/zcu/EycxIERRArlayXULQpZmYyeO/chHzz77xFOfeeXZa3/6q5dfee3t195Y8fZi6O469gOnfejcD+2z205RjYb7WrVaHSCKqkkljlojzYljei4455ztdtjyut/88a7b7vzv/Q+88dKLE6dM/ugF511w9oeXrFl22513/ueue598+L9L3lokhDj25BO+dflXZowfO/7wgzed8Ys//PHP/77jnvkvz3vw33c/9cAT4yaMq3bUusb21DtqtWolAoEClcxGBgcuvPD89xx53EWfu2DhkuUH7LPPVlM2r9fqESAB3fSPW374/Wu7eroQQAigTIkoGhkeXrxocaWevPnmm6edeXYSY9ZqKSURBSEcecxRHzv7Q5Iys5HMsLHay9Ny5SoRgPFoGb+XMRKL4ra7Co+oIP4prM1yNMYCyoH0dtVjAexaNCAULZBCS6Mgw/kN0/k/AFaMz7ZN8Rk4GKrRmihhZtU1LpPDvlvFt87abqFv3P7tGOIdS8EuOai8xJAbXZNuzIVB0nKDEUzbYBR1M/oh8HkTb/d9JNh9LwWgcD+4yUuN7GSFNzX0beC6vvwqQTvYXFEB/Dz97qqDrNYNZgZqw8tBM2B7TwjaNHda007ggMmtAgVSkfmBRS0gEJRSBIRRTWEChAIUy/kYRYegXbV8HCCSipQSkUDMMavy33wBAPayae5pYUHMGcDIigKLlNyDNEcUsJ8jM2hUWjVJBYgQ5f6uMGPwPUAlYsKIhVCMvs09T8r/lUikzNbkPowwdGptGbQdibQX6pmiAGBcb2JldAi530ggFAiTJVVEhCQBJZAiVGj3Mx9FH8hjzGYEBYIwJohy91ybG9phNqaURmfeixCUgPy36pBIESApQqVQELkTIEzKFlFRBvoHHyIbTUCdzBGASIiKBGWpECgiQQAkSUmJKDASoAiBQCnDPRbVSCAIUIWSxGBUCO3cYgwkSOSepBI2qAUoMSKIgABQgZIiXyYp4yrpVG5+YCUa/FgrDQ1ai/Kxjb4tiJ+27bliDh6S3UAy2euc40yOFcLGVqe2lwEUuKq+49bOfDAdzUc7h98htmOSDQCUxlx9EEu1TlH5FS/2Y0PgffAHsuCjVcZsljZDG2+gAEOgh0r0ZRA8tp9NR2M/t4e2cPlBZSc8QtqxTqdVCBBuqfZGLF2DnxC0w5pV6B314ynAXs3iMVYvdI3IEdiucsmWm5COyYW4bRtOZvOY1YdghBFjf2q+XtRiOdcTuZBkBp79wPx49lqcBxiC1WFleR1bt+Siqn6KMiRSG8TzBjFjOeyZQ37yLrwtWTe4yOEsIU/BNtrlGhPB7bSeFcCU7vjQkdbM3I5yHRntsjAEAg+C826uAlubBWUiM78n7CLQSkSp1vWtX7ZkeU/PmFaaKiUJKAJQEqSSCggAkziWJNesWUMKoigRAhCFiIQAgQBxJLJWJiBSLahipSOpLXr77Sfvuq82dtxBxx5z0hmnHXbQ/pMnjGupZqvVQoGVJKkkicgkIQikVrPR3dN9wiFH7bHjLne/98Hf//L3D95yx9gpU3baYQcBQIR33vvAzdf9Hjp7eidNeP/pp37movNnTpgymA6ISOy87XZbXnzx6aef8pd/3nLv7fctXvD22v7+4aVLAAXkFowiEAitxoytttp+x50ypCP2PzyhKIoSAJIqy0gKFEPDA88+8zTEFWg1IUshkxqftRoIHO4fuGvBfEMQGpfTp80QiEqZLAt4pIPgvutMgC6ZAmdfIhuQi62AWqzV5aL7hiW8GbUuNOO0K/VxXhJ6RUeGuDW1oC018YtwtLpHM7LhG1+Nj3o52YL+VwejLsXiso7rwUASeqraBrXy/2ykvTALaZtBZ0kCKaqrFplWci5r4Mei2wsEX1kbakFjFaAn1TUYjMVLcIU6u1JiKlhQS1bnHRPDltzulzb9Ea1yCdEVHIPBftWsnXYughe24yaK39JHJiMGBla5DrPqGxxii55n0VDRBF2GPT1feGnNbGjJGshunYY+7Vb7Ng8bCAD8GiBDJB5taNAUWGWYp/woIosPBJIYRVFXDwDKkZFUtjCKkkjYUa1+1q+25moUASRBnIgkguYIKYBIoBd0sikUICCZAXHDytlCZJu5N+EIiEgkEVhhqItIyaIRgACJqhEAYSYhp/3cP8kPpGF7T1KRc4CJlM3Uqfx3xCF3aO1PgSJGkWCHNxl5SWR+5ow45L5RYBlQs0KeCMilhiKpwVAEJBVJUBKUyt1RR38EABAhCIFREpmdICJSwlgTOVry39s28klPr3R6VoASkTQUJQFACkTEiFT+lRQQKRQRAirK4loXAKnmCJFUChSpKIowQkIBCHlRKwmMuscI1aJmE4EgibGjm7IWtpqOPzShgTE7hFRKUp6KBca8NsAoAQVgBBEgCqUEEMUIGAtT4EtKZkrXgytQSmVpJFSko3+klEiJkvydHwCyP3rmR1/JV4g298DNb6+5o2bQ5qyTJIYM0ckuT4oGN/zTR8rVH9fF7USWFpX6E7/rKT5fLgXSuHTYvI17/5OXJo8e0dyYkKdvfeoJR4tWlk0DVpRtsO2GDYwNdA9jvXZercjfwekO7abwlEkY9jf/cI3gPy0lD6/hxkJI5WO9wzah6/NO+pNONpYBXOxWsrtav+iyN1v8VphHlyHaMG/Opf9v1EKgY4AGOqMJ0LuDZbZFcXWMU1hj4kdL+MjkQsAUGtsbxRnb007YBoD0uXFFjCOL75m2uXhk06NdMtrvAH4FShGw/K8OfwrElsoqHck5Z77/qCMPS5JYKkm5MlWkpFJKZSSllKRARIgApLRdjkJEsYjzwphIkKI4imZttnlTNbbYfPZXLvnCNttsvdmsLd511GHTJk4RCTZazRTSelJpUTY4PNRKG+uGhxuNhqhG2MJMKczEJhOmn3P8qftsv9tfDr95q9lzDtpt7+GsMW3slE9+9NxVy1dGlfrHzv3AEfse0tVVa7RGBKKU2WDaqtSSnbbdepPpM8846cQVa9aMNJpvLVz4ykvzVq1YLWWqmgoERHF04IH7z5k+a0Q2qiKOENOspelUCBS4/z77fuPbl8VxhVRGlJs1SipS+gAJUgqEAFCAAgWiTNNtt9uGAPSvy/CN1QSF9kPBtWjDE0WCwsJXbee1EQJ84DYKLpg+AMWTb+URQO0F542dcZSDZeyx0S/rTbXLCBUF88bEW8vnGi02ZwxJMDZocXw/zshBaquXPf3FEOxpGVdoZ0dDdpxIkEol7314r4tdZuAVl4PGFm4/oP+htDttwKIoMak2Zr+cXf8OLypy0cZoWq99UNe9wUhuKRQAZH6CGYATbP6oFCgbTSoXBVpII7emAflATAcREgLJjJSqJhUgamWSQABRpVJptBoLn32mWuvYfNutO6IOajWykWGIIsD8RN7cb8pIEQGRkkREUiLASNpsjgz29PYimXPmEAFRAApEEVuTW2CSCCCMYmPIcypSuWOV+1+U+2sigqwBpACivBUCylRSlkZJTISoZNpqDTZG6vVapVoHUIhAoHLhoh1JIRBBCIREICBJICUBCRIB+ZnCRCQzktr9zKOQKCIQCFKCDhigkWME9v+5hWM2wognMlZCPpZxdUw7ESNGMarc0opAogIBKkbj1+pBEMFEsgRJyCRoB1AgUkQKUIAwhWER6mMVciyRCYATgBBICFKBUgQKQCqpEGMRxaBiAACSEAsFgmSKSlUqyevzXpMEm0yfnsRIEYqkAkoCKSKQEANgBCpSamjliqRaqVXqQJlstdJ165JaBYWgLC/zUQSASjM7IQApUalSlAjKSST/9WcymW3EfEUiEiJCFAQEUYRSQtoAAFAQx0kcV2xZr1Ipig7MWqoxgoCgqFKtV6oVGhkmSWgP7GcCwOoj9slahVDCXwVuQ+sOMAYjPWTJOamBVMOcl/WMCICmWEArMeQl54ay3Nz+lMg0bP79/73mJb/0+bdeQgywbHmjydHiU2f18nG4wiiTqqOJWl/ZuLLj9l2K+q9Y26NVuI0o26csnmD0HOavqrUFDxwVkPnqAccUs+vCdtzSnEno+e3BV8uOvPQ9hxYP7KIOBgAKBidf8/B4NJ+9qL8DFU8B3ryWBsiyp87W4eZse6IzIUIFpEipIktrZygPOqF7mQzzOBRzy4yS0rATWWFuYk6ADnq2bAq20m0kgZdzsJM55a/ltonhou5GFhXcRMzda5PVsjvO1uDMAjcfAAVYNGcy2UbuJRJA9NZADlc+obH1UIgVgxjekvhH+44F2Go0O1auDIWQoKIo3mWr7Xfbakd/KKA8eJtvvVV8AAgCQAgQ3q+tAxBQC9JUplEk5u6+61Zbblmp1jrq1War1WykEJEQkFGaVOGkk47ZesvZ48aP3WGnOcM0grVIIICEVKZxEm03e84ln/gMCVKoEAQJ2nPX3a/6wbdIwc6ztpMgRxpNQCBUgAoENdImptDRWduyZ9aWW2wRk2i2mgODgyOtJgGQIhCQiGTsmDGS0gSQpEoVIQrM1SWSJLnl5rPP/+jmAiMChQRK5ZYTmWM9UOegUAGBECgAFSqFynA95f/w8xk8UrEJDCNMkFFqiQIMNoMNWSpMwADB2MwSnXtmxnLlZ/aPFtf6bLBAd5j8RU5Wfj6NjPWt1fAoCwkv1O+EGu7nWcFSb4dnpXKRZORJ6ZTlsW+neox0BrMDochl49sujCBKVB75uilcjvWiyYhLv70/e97dyU/vBYPC1Hb2YsAeihqKd/d1ndcFfEItUyXgCSI0RiEFbRxCuM8MYP1AI/o8quZrCTcuv+3lJcgkF3TdEjMHHMW7mxxiI/vNRjldj75hBYbfKZDeEEZTNFHp+hxiuLT6Dw3yNLOS47Xc2s43zjRi3JxrF0mKUFQ6Om675fbHnnjqg6efvMXWc4YHh0Gpar1r1Yq13/7eNTM32fQj55z25LOv7rnHHtNmzZKD/Ugyf8VOxIi1OiBC2gQVyyyNkroE/OW1v3j4ied/+eOrkgRV1kriCAQgRihASQlZC0AggZKZkg1I4uZgA0ifKqOUyrchwlhEOiIlECKBoLJmU8Y9XeYkhnxNKu6sQ7VXrl2rSMWVyvx5b37+G1edeMK7T3/vkY1GIxEilxRxnMSVKmCMgPkvSwtFlLUwEpAIIAkjLZm/DyklkBKgEBFAgFISIG2mlSSGKCIJEAV0Yxw8ypUGZc1UAcZRFCcRGPGeF4YSUZqmIo6jJM5LYTFTIwODIsJUSSAiKdNMpmkrTbNMSiUVkcpdN1CYVOJqUuusV2qd9QgBiCJBUSyMFZWZ+tzcGTbkgbn3p4gIpYI8ZACKpMyajWT8hG9f/r3eMWNOO/mESgUpk1EcEQohRKMxVJ0w8coffWNopHHFt74ydeLY/jWrG2ljTNeYjlpXCqgAs0Za653w8P23/vbnvz33wx/efZ+9SFQXvPjiFz7/9eNPfO+Z574/HRxQWQuVJIAoxkj/5AoJETWGh/oHm5JIgcx/N5uIhDDKgpByPatIEoAQSsqOWm3ihPFxHCPJkcHGwEhDRBFlUsmUQDYaac+Yzt7urlS2Kr29d99x9w033nrOB06fu+/uaV9/nCSAACDQHj7lzElwjGGqdpnqswyINh/DK2jIvqGtJQZjZEQ7BFfFXEJoxdfGd2Ocr797LwgY0zCEqhCjdLOG3gEBYFA5G+i+mMk016ToYZXqD7OOtqqdeGGCtdSxLUb43E6vlwFnkaHFxcZdDh62nmDGQFszQoGSuRwVGPOoaHn4Tm9gKpV+DvV0aUjeGXX6A7UBO8C2F2GF0t22RBxC0i62zTepbfyb2xltLLkSKPxbNg2n2xKQIhKUq3lT52dMB8ODaLtqP9Sxj9U4hq/sMoAVGBkVzEBFY2sXF1giEkzFdGHddr9KaZgbWmSg3VhqhwIKOSHl3MjpCm0r5ouUMqqjD/e3bEN9JJTArQdCoDy4rr1KRZBCiublX6WUAkVAKo+K5y6oft8bo/x1EEQBQoDI98WcNEEKSSBmWaaQenq7U6mGGg1AwlgQSABUBCLG3XfYft+ddkeEpmq2VBZFERGQQARMVZaBTOKKBJmqDBEylRLgdpvNQYCGamYyE1FEJAm0pSliQYpaskUKBIkIUYho/LixAjECrdUBBIHMpIxyG164owq0iYqiUomIQAKRIhIaO2bLDO5QIKBAjFAIIEmEjE3yJtxmN6cUEh/F7p6nKUxwxGMK8DeSqRenJxkFgA0NF4jDNiA+rx+v5HEyBwTTAAHUWgjwEycUsXNpitB54HiKvv0vqVg3uxCMY8JW67s8F2tjz+V8UBzdMRVX/Dw82s6q4I4TV5ftu3gA8w8bd6HRjIHq0/hBhDIcOrctxJgzitD/YKeDMlOkEIjQrXOxAm0KzEpcYgY8+i1zeiid3cU7Q3XLBCU3AzjLFc2tAni+XeeFNo0hQF7XPL9BdjZdt8eRas1OL2IEwJjHY3DPkrGFLnn5Kam8aBIAJFEljoeb8h93PvjM089/8MwPACAppQBAxANDw8+//DrWe9b1rb/qBz8dHv7x17/6maOPOUo2W4AkUAwNDC5fs7q/fxCUQkGgoF6rru0fvO2eRxcsXjJ/wZvdnbWhoUEBgJGIorharfR0dXR3dqSSqmM6X3/q6Q+e+/lKb+/w4HCUiEhEIkKMEIlIIWT5y5cKkdIsVQRC4fazZ//ul9/JRAQmfiCEeHvBohdfe/PAfXeLkiqIeO1Q467HXjj2ve+rTtqyCv0AAiAGiAGG1Np1ubjGWvWJBx48/9IrpYoiEUmZVSuiu3dMIx1qDA5lqUxJqYxIySiKokq1msStxsi43rE/uPzzW227JWXmiFFrbGriRSISlUpt4iQggJGGHB4EgWDfsyCKqnE0rheUlINDmVTJmJ7b/vnP7//wupaklCQpAkAhSCmpMplJRQqyTJJKAZVUVImSjmp9rz12+fJXLhrTVYNa129+9dubb/1Ps9kYHm4SgMxynaqUypRSpEgSSgVpo5llWa2eyFZjs003vfKbF8/Zbpvm+vUqrowMN39/wz8PP/TA7klT4xoC4Zq3F372kq8edMBBJ59yIojaawsWp1AdyWLsmPrvP//lV7/9/aWf/+xBRx5Bwy2QWVSrRjTy85/9fjiNd9hjblIfBwDTNt38rRVrH3/2hQ8001pXJ6QxIAJKkDJrZVKBzLL6xMmPPXb7lVdeu2bdYFyNmq1UKZBKIQJGAAo6q7W4EmcqU3nuGqP1ff2HH7jPJZ+7YOLEsVirvTl/4de/9b1Fby/v6OzoXz8QAVSS6LxzP3DqGadkI6srSf3l19/64z9uPfroozCuE61HEekgmzOofOOINFNZJebMdXJmu+caODEYWnx+M0MqLHzizYy6BIjZdN5YpqfjfndReMfpEQc5EmtYdN+CEQJfJg4eFk2IUniKCVJvbgYrlWrTDXkg5akz24t/sDOOaii4CVh0gU/M1bzVMUVseha8gcE2CmIDHA43aXkG1VBt0cLTN9oXDllSKH8Mdt+0AmLaDZhx6ftYAcl7NzxIfIA3ptQtUKrepofRkuI0hs41yEASAEEZ08BmBdFjH+tTccWtJ2Vx6NDlcn0Kfl/uC5ieRZgpQC+768MVdiN/SM49VJjLmh+ONcvH9ZatF5UDjwxOyycILMHU1mi2VIfeLfvdAxYLyOADIBgBSgCYB9FB/0i6IqVAScq9UP07XPmSBSBBFAEA5R6gQiF0osEIZwIAIUipVpopUCIGMpuKEBGQAshURmoESShUuRktURFIgSAAFFEja+SEqzT6KE1NNBiRQLrzw/MwYpSbY6Ry5Q9KpSoiEYOMKMpfNEGBKEBCbigqjQdDAESQKklAGSgFSpEiUspj0lytiNz3ligiEJF5F0WBPSsh30w0qVB/w/hgxAgC/D23NmooGDD44HY2IMyQSyyDlAHDVCrp2cGxgPaMNYujo6Oy4IzTwE6+jnqhgxd1VtBFFYNjBEcbwy9W1fcBTDEdz5ryjk42egG+EPAAjFA75BUTdpBRdEdxrsJEvrhn6sMaDMasCiSFDukWQPU0YKDNGTCcduz0/IOT5iYeSRSol1ywoK/m0PYqTcmOQiQ8O2HCFFaLoXEdCkWzxKpOjNVQOk9gydi0iGeNWNL3pC2AkXkAuWgUtjVavBp3syQqQzY25fGz3Rtuo5hEjoVIGC0pQWaiZ+LL/330maefOezgg2fO3nRooA9FlDXTVqORZWlcqySVePZ2cy+//Mt/+tPfnvnvk4fsv19Sq7aaabVaXbJk+c+uu+6hx55WIhYCFUGcxAJg0ZKVI43WWR+7iJIIgGKBUSRIARIcedC+F3/uk5QkUO1Yu37opVff/PSln589eezby1dXkwSRhMhTC6BUnvQDmWYAolpP7r3/oUefek7EscwICJUQcRSnQlz/t3/+6R//fvT2PxMSoqpUq1G9fu2v/3j/Iw+DHB4eHAKRjOvuOvmEdx192AFppiJCkGrS5Kknn/iuRkqkUiHipUuX3PDPO2dOHXf0QfuMnzABAQiiWjXOUtnXN5hUsKNW7e6ojOsdQ5lC5XwI1GcvgcpfL42TlctX/u4nvx5qtk44+rAdttkasmYu/kmpqF5dsnjJz3595Q7bb/+e97wLAUHUF7699LU33jj//E+OqdcHBocokwQyP1VVKSmlyn8DJxJQqcTVjvr3f/jrF16ZJ0koQog631y89NGnnj/skIP3mDElUwpIiDiJExFHUSSEJEhTmbayWoT1erXVbGSZnDptcs+4sVmz0VLUPWnir355/fJVA28sXHrjjbfFUXPx0pUH7L2ziKKvfvuazp4JJ51yYr2edFTq9a4uoKG///P2FWuavROnAyJQqiCrd0745c+v+eu/7t1+u+2/8a0r33x9Qa0ajenpHGpkf/3bzQ8/+FClWqtWRHctyVojW87e5LxPfmL7nXZu9K+vR13LV/a/+Oq8E99z/EEH7Ll6zfo4SogIkLI07eruWbN2/YqVKzbdZHpHV8fw8Igk+Okvf/vyq6+nWZalaSWpNJrpG6+/udWcbU4+6bjFby+5856HHnv0iUwhxNWMEACjOOns6EyiCADyAnAgAFD6MGfPYLOfmBz1nRfD7C4FavmtKCDKfVTK63VYpM8d/qsNHVbI44/aRviTO+TSgzb/nAcWXYrXd+iCSpPAX+ASOPamZtojl6FFVeE1N+o5UDkOTQUxWnQdN/JCnuosuHnmjG8q3R4+SvAhyHY6aP3uTh/k+sU0CAU45EZnOL5zaNnm+4gy8zCNEsBvNtuc+uBZBWGmMVh26M87j8uZu+DMs4AxQL+Z4UNi5vLiGfnXYnjCL+Jip8AyDb1B39XnFIME43jmqVDUW5C/8plbqvbUIVuJGCIWsehfoqU2C2exlsA1sOq5dB/INSPWyJGKCXPp2iDW252WVHZ8IhvfwoLabTY2A2Lu3yjkTqDbAWMYlXgCSEam2uV6lol2Fx0ciNyA9xYLbBC3evbFcq8G1Z3BBPkqTNmUleaIgALzM4eMxNFBDL1205IQIc8CmCQiIQlry0lUkihCRIxE3h4ECEWQn7iuN0lZg9vsjEahRQ6xM3IAAEGYeYUSCPn/EY02UKR0lVXu/rmj5POlotS5MwREBSJiRKWTGqATv0LjB43ycvLF7gI7cMhKQrvPfIe8rbH415WEBTp0IQxiTOIs1oAC0LKotbcKXOkiIOybta05Yek8lS9uTPSEMKcYgQIKl+FwTR45ZtDbYu9yaCx76mkNdywQ1waumRuzEIq1NkWgy5hhEorC8pITXwUHsPLlMCnk97Wy0V90SdbX/LWNWFyvsJD2ketgFWVJTicd0bYs/Tk3ruMs9YKTtMESyGpYtiNF8eWPX3jO8x9oxuVw+WqQL9nezMmoGJw1RE7uNQYMpneCBRD0m2nGJGGmJFszMDHMMySBXWTSHEZVWE9bT2WwhlJllVotbQ794+abxo3tOe8jH6zVeiARWSvtHDcBROfsrWji+HGNxnBnV7ztnFnvOurg++554InHH9//sEPTgfWoaPKUKe9///sPOvAgpZSIk2aadY/p7lu/7uprftpoqk+cfSrEqBREIqrVYiABKDafOZ0IEARAhAJnzZxx+umn77DNHIAWQAWgBRCZdzsd+gEAssb0KeO/8rWrQUQEGZFSJIhIZtna9ev7mi3K84NJEkVRgqAaw3UpSWBXd49UmRwaWL92DQqBqBAQpNxsyy0u+tz2MmtJmVSqyZcvvXh8J37vy5/d79CDEsggqvetWPbP2/59yDEHz9h09mD/ulotESJTjQbIFBCBBOkflnR7qwhEUnv6hdeuvPrnKYpKkmy/086QphDFpFBBFiXVxctW/eDHvzj2Xce++8R3JygBIInEjCmTPvLhs3t6xhdoNwNoARBAFQBkY31U7bn/oScHVq8RSuWJ6kqSTJ008csXn7/5rO0q1QoAtBr9QCpOKnnkI5MKsfrys48N963bbsdtOsf0gMpU1moOD3b3TLj1plu//I3vdXZ1NIaHf/uHPy1btXrO5pscfvhB37ziqr32Pviaa3/5rhOOjEXSt3aNHFp5xbevufeRJ//v0s9uu+1WWWNEps1k7GavvvbCT3/x++5xvSeccNTsGVPWrVw7a/am48aNue/+J/fad+5hB+5FIEaGBlcvX45AO2w3p3fcBCkJIQIQktSYrq4jDz/w6OOPa6xdUUmqiKQwklJVxky7/ne/evmlZ84965RNN5s50NdX7+597PH/Lpq/EJWSMiWZIakx3V0H7b/Xe088DWhwxfKlq1es2G+/vSBNUQiAOIqTWrUSxxFAhBgBRoDKqlxDXJSHviiQAWhYERE84e9JQfc6lGld0oixvcfIxiIZ/WLcb8WdZ2c6e88X6/kHZCLEAuaCqr6PwOUwh8HPf3o9jTphqi5U88UltVEbwDsWNG7xCvVoUWP5s44+2gauUmhH0TosIs61zKgzhMcklrTxph9t3HapBuBan01dHKFd8NUMN+p0/x9eASoK81jnFtFxAwfQehgAIIkIJFGU30Vn29rZRkl/+GaCYzHvHcewENo80uYL8pvsGXA2NT2tw+uMas8HHjUn4QNavpZi4oFbLhu+kIPWjsC1UWSxV/RMmFucKy4NoQcr5P6eDyogSNKnHJhIALKBcxYRgnKbUXtuEkCgOZ0P86MIncnrm4cOZMwLd1kJocuo5NRnf8vKbq7x41iUIv+ujTP/xwG0j0b5j4i5hJxdnR7drjDP/1JuXzuX0Zm0xrRkLr9PrgwmBOuRWV/XtvJSWKxb4dIkij49m4V4PIQOdxQOskG5yUxtxvrBKKNxB1myQyRAVe5QlscnCcAoKNVenZXO2e62OT+g/dkBPB7HnJ9AeJR1ZZK83C0crXP5ZwaGsSc2JIv8TTJ2TKFeacNjmM++AYBMb3K0BMdABKNt0AIrhcH7UOYqt6UHJsk9QNnNsgR9OQBtL7JDG6FqxaoZAEGf3qrjXfq9UM2LyiHa8aIZ2rAl23Ijbmy2A5wm1KaiTqdKpWSmkt7ee2/917133vupCz616Rbb3XfXTatWrzzsgIOeffbhf99536q1a1969Y3mC68edODRA+uHZJZVAHbcfickRUqCkl0d9e223XrrrWZVoijp7ABSUO1evvD16//410lTpp3z8TOzgSECzDJSsgWEnR01QEoVKiCACAClTAmaI0Mrb7rxnwNDLYGZJEQCFAgEQggUODI8PG7ilNNOfTe1ZNZKAQEExHkZp4RUiFioSFSyNAWJscpUOlxPKued/aET3nt0JptJFBNRlmXVRLSaDYEJRgJQEAE1GlEEUTW65uorf/qz6793+Zf2P/jAbHgoBZnUaP1g3w3/+Od3f/rH71/+pcOPPnBw7epYUERofixHMlGg9xFVJkjNe+NNrCT1qPbgE89+utmoVyvNTJCI8kN2ZJpJpVJCIkmUAWRp2mrJFADSwWWXfvFrC5esTKoVSdAaaWRSkZRJtSLi6OC99zj9jHf3Th7fkURDQBhHqF/XIJm1BKSVavNvN9xAUDnuPUdFIhkZacZxRWYjsUAVyf+74qpKq3H1VZePGdPdbDRl1oortVVLF19x5S/23mv/Cz911sTxY4aGBweGhiePnzx16oSecZuc+t7jV/WtrVW7YxEP9g+uWLqk0T/40XPOPOl9J1VqSXNgsD5pMyB51be+99Zby3bec5+999lj1+3mVDvq226zRd9APwoxduzE3XbZfey4nkazsXzpii02m7rFnC1URlmraZURAWUyBUhqvb0gqgAYgcjfEf3vk089+tSzw5mCSr1jDEWVetZqpaoFlJ9yKIUApWh4ZAQAHrjn7nvuffDk95646RZbNdaviZMKQKIIslQiRAAR2ai4/kTG+QucplIDaYOug6GFjZKgYScLBmlqCmQSaxgavwClup6BUjaUu4H8cL72S4w9RePZv3oym2n1JHIQLtXBdaex+AdvpYjarm/vLmsLyw8aA/iBSSsfy1KLBihDAT5g/KkznEfdXuTr1bLCSWeHkFGHCFQX+4wOWjI3yKXCSq0W4kFfCu7rjkEil+NcNzPza8uSQWiDFrxyyQfbuQXBojjmSxR2YSNMMNe9AmfNRwsG+jnK/BE7byaXvKBACRDAzrv1StAMXNpYdraMyUE5K9/MY8IxvnNocwLaOckH4Sj1l8wX7GxSAs9JZMVdzFlgVhbHXcCslnAc+pwRRRZjZHwcx3Ra33hTc+IOiM+eFO8LVtven5phK0+V+ghyB9RY14tM6svWDlAuP8mejGF3BIW9gdpTRULpm6gufOZtoIGNrGOW498oEk0jCPlvtaHhebs+5EgzckhjCAnRvqBD9oB2QQok5WkKT3Y6NCs3gfU87Q+gm6VaKzOXzshWy0OwbJcC8WiJBx0AYBLmZMvOzU64k8E04niS0wPfgUm+eWvfJnUyDS10Nt8FrqehzVAluU4AXnVnSKc5tCL/fT/O/X77fPnmdIocUg2hFbDE5X8wDUv02UGD3wPRy3e6whOS/HNO8W7Aop4tit+yMQOVlw/rwV9QeA4dTgyWX7ZO00gpIzJthAYNnYxqNzkRZCR0DnQQxcZCF65R3B6ZD4YPfFGDEJIoFHaNPyzTm0GlF29jhapWnHpOpxBygjcCgfiwJZixbYIWvAta9FJheRqgIFqq9Y7lqryT/chHzduXZTs0rtAQleZyIqAszerdncsWzr/+z/846ND933/G2QvmPfvlr3xz62232XHLrX5x7c9ffn3BJrM2bbXSMd1dBx+w36SJ45M42WzzzeZsNXtkcDBOkmpnxwP3PvDVK77XSLOejqoEbLayGTMmTBg3YcFbS1948fWjj3jfqrWDkyaNq9aqRNm6vqHhwZF9d9v6C585b8KmswFSwIhAVaPG2hVv/uumf4s4jhJUCpXKFJGSeUkLtYaae+21B1A03GxmMgOMANIoxuqEsRAlnZDNmDR5+rh6z4wZAFWAyvQZa5JYzd1j6ynTZxa2iwCG1XADEJUkTGJIKr/+5U9/8KPrvv5/X/zgRz8BkMWdMUACEG26TfePf3zl1y/73vmfvfg33VfvuvvOzXUrMalECPlJ7mYz3d5EUbR+6dL/3P/4fnvuPmPm9Btuuu3N1+dvv8P2qKTEBJRCFCAgSpIoAiJSSkUgpVSylbWaAx3dlanTJq7vG6hUqkk9obRLRNRqUiSS1evWy5GGajWIZKpUksRCRLnGESKWkvrWriNqrVm+7FtX/eypZ5++7OuXAsH6vr4sa0ybPvWPf/7Tw4/892ufP7933LjGcAOkAkVxR0dj6eJG1jr2mIN322HOyPDwnC1mQKULAGXWBKDzPvmRlWtWLlm8oNVo7b3vXlOmz7zwgk9WYpQIwyNprWfii08++LVvXvn4Ey/P2mzW8mUrbvvPnQvmvfGfO+8/ZP+5AyOD69aueeThx+a/8UZSr9aSaMmiFUceOPdzX/j4pIkTG60MQQKAAkylJMDBvhUvvvAyICZR3GqmXWO6u3p7Fi1ZlknsX9e/cN68hQsXzZ69BQkBBHmpEoCKojhrqkwSAPz1H7cIUT3lvcchtBSpKI5zSypORFKpAKD++Viy6YT8DSHF6SN3rlzNgN1jRKsrQtFtedgUoHAN7osOk0nNzUnHo5brXd1C8eJq2hTc2q5+u5ztwekRM6CRQUboFT2FdlfM25QH50jbS6EC45dFWUE7Fn1LHljd+Cuwn7ybo2o4byGjNi6b1SuDcfoJ9QGLyP4zPcpR3x7O0BbZ2AuRZ0vMWD7N+MOGHrifDQvzb7qEFUcZgbuEQfd2Xby+PngelxQ6MXvCddAjaecU8p9s0mX4RLl97pwsY47brcsHcdKeTWY2K0RIYXobevFGDTHBydBZJLZeMliY5yiBscK50eePxwRW6VFV4RKIG/Zo/zFTo7VVHPpsW5+ivOHdgRfs4AvtPKFbOGcjZgPZgJLRu/kQSn8tGo82PuNVLLeRtQRgrXktcC3hG3FpRkavQtXUw4F1qwJcOCVgn5gj+f11hvojQCFDGZD+AUiHKnOcCHpC1CkPt6caMPRG9SexigPaXIGC4a6SUVRB60Dw5FAYBemMXGOt+qBZ/IPeTeJ7yWcG1ijgaOCyKG8p8ucCA0PcLsnzjxCMGgfUKM/vsw76BlMKvptUYGUnZ0YR8VhwukwvCtoBJ7zCge1tr+JT8nJcITxth7FHc/uymn3wYnDknox2FQOUvnOO/qpLALOL8r4bQRKIzFKhq02okG3aBcrJa8T8zDI1SI6ew9+nCeKzZLFoA58e3O4bw1EBIZwnjMQARqIl/AtuE7WRmZuj2q61C7HsY+NHJk2SpdVadWB46Nprf3nzrXcdceT+1/3sx/fe/8C6tYOnnHzSzK12/ORnP9szbqIQ9LkvXDw4MPjpCz5V7e5IBIikB2BoePVaRRKFeP7V1+a/tfDTnzxvxibTBocbAsT69avvvuf+Zv/AKe9797Tpk4XCqZN6CUUURWmm/nLjbf+664EzP3jalC23BciAKBYoSEyYutlnLvw4EkSReT0LQUlQIGSWIrWmz5hGEFNERBJEhEkFZPb4f2797b/uTLHy6mtvzVu66oPnXlCr1zvGdK5atnKEKt/80a9m3nhLLVG1uIIRRqAQRUdcPerIQ+fstKtqNYUAjKN/3XLr97933VFHHn7wvnMfuf/uweG+5khjeGBk3fr+ZpYmSJ0JvDb/rQsu/OKfr//JjJlT5FCDtDYjJx8JCJBUJiq1W++4/8nn37js4o8dtM/cX//x77fdcde2O+4ESIrydwuE9mSy/GC+vOKHmq2WkllSn3n+5z4/MjICBCjiSBCCUARA2GxlSRLV6zFgJBVFcQURdexXgRBxBICt7H1nnFGpdX7921e2Go0rLvtS1JUQ1Ba99dYV3/j+sQcdcMr731dNktbIcBwLAqFGRiZNnnrRR9//zzvv+OEPf1avVSZMGLOub/2xRx30nuOOvO43N9z/wOP9A/2DI83Fi1ZMe3X+gw8+Oqa7E0EduOcun/rs5zt6pqxfu263HXe96NNfuOW2u6+/8Z8TJ4zfeuutlq9atcNO2w8ODU+ZMP6Ag/Y//f2nEIBAXPLmW9QaJNWSWYogiCQANNO00cpiEd3x79u+fvkPu7o6a5VkZLgVJVHS3bFixdrBwaFPXXBRmrZq9eoXP/vpWqWqZAaIgAJU/vNlKn9lY/GyVdOmT50xY5pqDAnUHmqjkWVppo0KHSLO4+MEQGTi/I5nneryBVP7YgrHklbbe2JAV0Zx1WQ5NbCWAMwPvo4yE1eC7hETk1zwuN+IcEMEErxMvpZcMRQXZw10vj7U+QHrrUNZz425ysuQSnVhu/FNY7c1QYmOD17BNBrN7LIWExga4UgAX/cXRXkB0tLFMllPnsYyFuTG7SaiT8/hSnQolik84LYvU4ftrCMyJ5fY7qXj6LUUXVA01BoCHug/nR7g6rkMGM8FQG0mgjD+J4DNM9itMZ3AlX+GaVb7N1T4BbCZB+Evx9jXVj8HfbW1kjsMOrHC8eUW7c5WAZ6KtGIlSPQXSdy6oBYWjlDmgoZjMBnp5vSNfmt05gG5YgqFCtanJ5u4rZ+vTQfdyCakmS2E2vR0zh/rWhLy4kjgxIlgTCQqNHSwImDpiizZ2CXoW7lQtHLILCSHybpYNtNq6cJUrmnKtJKP8xoY1BOAiYKCTmnYyazwC2FmVG9sY56IMajHoCEfIbDWLQ6YB4QAYUyIKT/OCCGz2w82HVQQCHY4hjun0ZncZXlzPk9uPRAiCbLeZyBHifyNCS5jhpde5NNSvosB85dW3HBXs9y34dotUGT2Ee8b9NL1cyVitMTFLXQHA387KUz2lHg/eFkQnmb8NlewamTtNQcx11rbHloscM/LqObSBY5mpWBIDGWfixgrUQ5Wmlty2ZBZFNCApX9ek8VJKMAugY38trUMACAvCGK5E09LcVJl1QdWTZEbyQLlyMKVF7kaKJWJSsfIusEFb83v6OqoVar/ufP2p55740NnnHLoYUeBwH0OPDTvvNN2W995zwNjxo8DrDYGVz1y742Dfev323e/zq5Omcm+9f0zp884+4Pv7526GQCsXDrvos9+Psvk1y+75LgT3t01ZnKjb+H9996z4047T50xAyq1MT1jzn34sRWrBzFOAIAApVKtlqrWe3afuzNUugBi/StdbtWDsm9pVOskyN+/13aHVLRuyZoFry8ZFNhstuZsOnPpopWihn3r+9b3tyKMFi5YOLx6WYZKAJIklVESJV31aI+dd8IoIWhgtbpi4fwLP3fJ/Fff6u6uf+ipJweHGyiiqhBdHfVatVqpJSDTro7OYw7a5+67Hjr1lI/f9Pdfjp/QC2nqbTOZA4hEnA0P/+e+x6v1zl132nHrHXfaastZ/773/gs+/mGs9cgUIhSA+iAcHVIiAKUk0HAra4y01q9e0b9+fXdXXQhR7+gYGhwUlUqrmVYrSYTUaqR9qwenbzqr1UqFiWcCKIUYRSKOK6CgpybOPOvUieO7P33p5QsXLf36ly6aOGnCeZ/6AkbJhZ/+6LjOpDk8FAsQoCCKSGZRNXn3CUeNnTDp9zf++4677u/t2WGHLefssO2cKZOm/OeOe9MUPnzmaZBg35phKWWmmj29XTfees/zL89rtlIA2mn3fXfZ9+iOzq477rlr7cD6tEXVSn18b+/ChW+vXrNuuNVavHzp4iWLerrHAACIbNzEsbWObgURAQEKAFKZFAKJaM/9DvjixXEliZNIVOodiMnN/77ntTf+PW38+OOPPmTmJtM6Ojrn7r7rP275D1F+krwAQAJKqnG+GXO2nHXzv+545qnnd9xjrmquSZIaAAwNj4ykUhIBIEkw3iZpL1T/RFqerhNgLD12JgVnP59/PRuGG06esjBCWLMle82lcCSZGaytVGonQorNrOQILUM0J8Tk9WeecNals1oShzDEUBCyxP+wCgwI4GTtSxWtU1TMwmibDQNPr3CzigJlU3aR/2tj4CObMbVu7Wl0fxoPF6iPt+F2blF5AKIwxyOV+Fq6r/fEVq/Z5DiYuh0sLpybj/yvU4F8MutjmA/aWsOQCLV9RQioHeECho3+K9lf3YC9rIw2QGEmwrJocJsAdtu1A6MfRwqGnBBNCQRHhmFG9lufTg4A20xrLZuXPUkrYB4/LrrWhqWM6ctMKG3Ze/vj+xSsZtDHrOHdAvEafsj1PfOf7RDWVnbYRfRsSjaOpT3wSceXKWb7csJmhjUfhQOqha6lZ9SSya3eP9mDweUKPM1QbGfMdNwK9PmXd7bwWMMoXKe1cdnKAUCfF+mvLu+rt9tuet6GSylmepI3gKNrxq0e0hlglnRtwsTBbEvtzNxMdgWjhvKU/MGtbLcI1MxqzvhhW8Y1F+rVuGWzsInHdu62W4YzWd0C2ycFmXPMlmT/eNSiZ2aKAiDPfSoDr4WDnJHvWf8+oLkkcBNYauNCPgzD+bFGru9GcTb4h/B+G8WaL9DzV3l/Jig8xBUAKHfPLINyIV9Ql0UZTvbnksysngw3OhgL43urLsBMnuTRt8LZme9dupbiyKGa3gh33XjdfkP30r/5a1QqMLVVvEqtCKvj9NfCQrhPDmikWDHArUEJQPWYjWexmTY0Hr2Bz76vj1qQUWFk3SKKhBoZ6e6oX/Dp886/kCoJfeM7P9hlx60//JGzQCBiCiD61q194aUXXpj3+tuLl55++llpq7ls+bJXX3594rgJv/jpd/c75OBGf19nvTqht6derzSHVtx8y79/9YvfrF697orvXnbo4Uc1h1Y98sCtl11xzYola6/+7sW9E8fC0ABKueOWW0yYMJZkihECoiLMpAKgdWvX3XTbX5945oWB4WGZtuJECIlRJDpq9b132/60D35AZanAKHcbKJMg1dxjjr7moAOb6XBzuNHT1QmDg+uyrGvctEcfeOirV/zo0k+dvfNee6atPqIYo+q4rqpSjf4RNXnSFEqbKGKQqrOz+4sXnS8QOxKRySyp1Mb09Cx6fcHKFUvfd9YHkBKgTCCICJ+8/6G//f2WvjWrJ04eS6nKI5UmGIsESEphtbpk/sLnXnl9q01nbrLZ5pB0Hn3w/r/49fXPPPPUbvseJiAVSACgJIF5TyfPhWZKtTJYvmTJd751xf2PPtXbNWbKpEkN1Vi2YlWtVu2od6OUjcagUtRspld888vDg0NjOjsxiin3qFARQCQiADE8NCSg+a7jj+vt7T33k5/9xGcunjJ5yqtvLPzm1z67ww5zWkODaH5dEwBRIKksAjz0qKN3mLvHsmUfOenEI04++dRaRzWpJNWO2vuOf+9nvnhxQKyTpl/78B13KdUCUJ3VmhRSUXNwfX//6r4HH3x8zfKlt9/zwLieMUlHZfGKFcOPDvet7avVa7GI3liw4Pgj9tl+lx1FXMtaA4QA+aF+QkiKps+cc8qJ40BlUOmASu/9d9/yzMsv9Q0M7r/7zud85KNTZsyAxnqo1QlBxEluVGIECBglcX4E8dnvP+meex699pe///nee8RxjBg1mwNLly3tX7t28ZIVRAoQSRERoSICZd6UITIVkuZEf26YGp5ixqm5a+NKnuRwuoBpPiPFtV7mhm4wKLWREeBESLvnjsEBzc9EF+VlvlZjXbiIsJ6hXNMBQBwo+Y29vIjgO+s+2lJ9c2wjR+MhgY0HwnNWS0+E54FhpuM5oEFktHRhBr/+87D1aKFaAKfSvHHbX17Skrckf7G5vsSSStDiNm0QwwGQ7SpyR4G5fNCyQRARUJvhIFhH9rOxpZChtRnyB97HwpK1zYn+csxIZcEO/oW7IO7lUH9ODBqHlkx40+9qPEYrIkIUtqNK+3hjWcbaHfZ8V38hzgo3vg63Iu0HVwtn033t9t2JxcCqDHBWtj7rDfq+nntO/jhFDg3cpZI5Rr88sWpmc0gqxvMYBPwdLQ9mmwMqEyl8FDuPmd1RahuMsK9haqgtyW7o8u1dfqNQS++NS+EWl5ESmKUYx4XxgtP2BPr/5XMxl0w41Lxzfah1BCIpc/aVUTFBYHTUMTaWzDYgisuSmXpl5sDYUYK5bYbcwBJKuLi97OFDlQ7r77J25t4pzP8vV9H55E9zrcorcfzO4AqLNtoF5RTvM1nhRntLw37I9aN/z2METbBMJvnDlKgcPjz4VR1AQBDlPxG16y67iYr48pe/+uzTr/zwe9+ZPHVTAPnAHf/58Y9/vXjZir7B/pXr+gSKJYsWb7XlrB22mf2Jc86ZMn3KrM03UyPDKMS7jjl6373mPv/i05d/5+pb73ikUkm23GKL7//g55d+9eurVq4eaciZMzY766yTp0/qoKGBxki27axNr77669M33TQb6U+6xmIe4yAFEA81Wn/8279ffWPJmScfqYg6O2q1Su3tpUv/euN/0lb2/g99LGuOAOiIOQGAxK7uMb3ddSU743G9j9336NU//91XL/z0nDk7rJj/epbRZptM2WzWbBpeg7XO1uDIdddfP23y2ONPPB2ylmxJEoJS2TVm3LkfOpsoQ8hAIBCB6P31T6+594mnLvr8Zzt6e4EkEIHMZp72vn0P3X9MRwRZigicZxWgQqGQBIpHnn1h0dtL3/++Ezu7u1tDA0ccsO9Pf/2Hv95y526771uLkryT0jlcgRghKgBQUlZj0dvbdcwxR263w/YDA81f/ub6vfade+yRRwyNpL/+w58PP2j/A/adm2WEKLfeYTdSMkJEEZOSAJD/5hcopSQRxkrJvhWr9jvgoN/94ocfuuDiB+579EsXX/ju44/JGoNpllWSmCjPPQoAgLhSqdUg6YrUuv41AzKKunvH5lQybsz4p558+u83/GkkawwODSmZNhtpklTvuOfeDsQoigCytNUkoLje0Vmrzpg57aMf/9ABe8094KD9p06dltTFxZ/9yr4H7P3Rj54rm0pE+NqrL3VUsjGdNZSZIiQFAEiKpFREilT/quWLqx29PVOm/P2GP3zioovn7jF3t+23Gehf32w1s1ZzoG+od0KtWqlGIkEUIooEYBzFQr8MOjJnxx1Ofu9xf7j++uef+u8Ou8zFLFvf379uzTpqjSxevARRikgoJfPMCxIBSKB8MwR7/8RkNTRPmZM/ivafVmLBb5YgODEesD5n2xIRYQyhciPrHXpuQND2rQ3iIsNL3ZZIKyvz7flDxYggM2oL3axUtg+cRWQH8B28YIQwm2yFbGAlmqCgN3shAC1A0r8qHESOtZvuJ07txOAmNZK69Cr4+u5lfESAgstqugFQAKpNAhvYTCdDHsY4KLQ3eUvzt1B0UzDx7Aev8NU5mRqqIDitn7J8dRHPwInEVQD6xeC56WznCnQZU8kMRSURbQ6wMwLYcvOcbSQiEM5e1uvWBXc2wovM9fPi1ZxF0fYO7FXL/OgemxXrTOQobjZzcZiid9tnT/tAAHClCwYJehLPlXG8ljvgZCD2s2zAsE9m7W71xmp3jIEAbomaGT14ctkTnmCLgPqtFbvjJpjCU5AWZEtdJuXuCjKDHDN5YPNcmx3K8h2LtRnfDd0IHOlo3kc1X/OPAtht1oERDALzmwyVBNhgaDHyDIuao1xu+vTNV+uEMTEIDXYD8jPnwVixaMdFQBYG4RpRj4l2XY7lDG69QgeXMwEAnrsmKG5rPpNzuS2v8hxjuF5w0CFHjyF4LWR55ZNjJzeWzekyrOb74p/0rid0vMYCgjwQ2f4qT4oacWd9USKiwjij6SALQEEsc83olhhGpsneJStquQtKFBwcWFQBRSfKZur05IUKEdSBKL0HWmIajhgFgQAet3NSKyp6D6S8TXvsaQI00UnG7WGKtZgdtbfMwpl+N9QfqNd20DpUMEVcit7ifTBwMvHgSRV77AkJCLvmThlYAWGWluPYi2SGk7pN0/FDfQKVGSGXCqiIQESiUv/n3//y17/edvHnP3PMu09ctnDevHkvdXd3H3/8sY1MbrLpzIceevTWf9950UWfOeiQA7u6agLhsfvvWd+3dur0qdBKt9hiK5k1Xnzhuf333vtdxxzX2dXx81///u6779p3rz0POmHfHXfece999ps8vufmv/5BwgtnnHFGpbvRUREAmGYtDasgUAogklmKWePoQ/b58qVfUjRQEZGI6ytX9/f39fX39wMgoiBFWkoSEkbN4eZIY31tbO3Zh588/WOX7LXHnlO3mJ0OrxoeaYLAgeER1eof6BvqHF//8a9+/41vX3PN5ZeSasihBiQdem8jBFFjGAYAeP6V+c+8ujijDEQHgARAiNOkGk/vqlLfaiUzd+SAUWFKASBSK7319gdnzpxx3sdP7x47GQD2P/xdBxzwu3/f8+hnzls+Y8amaSuz0oyAUAiSAAAgqZKIzq7uY485HDBe/vay3//5j+8+6rCTTz1teN3af95229zddjzxlDMAMgAJUAVQUSQQQEqZQwBKKaUkKIVR1momtSok4qFHn1i+Yu2EyVP/9q87Dtx/r8MO30/KJkkJUUQYEYECrFSSH33/6pvufKivP120eOl3vnvNz6/99fhpU776mY9FQtx/30MDa5cOyywC0dlZyzIplXrmuTf332uuiCIAhZFQMgVICGHxW4v+fftdK5Ytfe7FF3feYauRwaHnn3tx9bq1aSvr6KxVqtHCBcuaw/0/+vHPd95m2w+ceVbPmG4AwihCRSClokbS0dUzZdbNf/vDOR/+1NFHHfGdK7/7o6uufuShB9MskxhLiDCKkjgWESCKCCMAjEREKv/B7aZsZHvtvduf/3LDQ48+s+Nu+4NQKxYvW7p8pYori95a0L9yeXd3dzrcxDgmUkASCIAUgFBEWSYRMUkiZz9aPW45iFuFiPy4RDAKSas4a5w7/tS8aGSTM/GcKeEsjILScW3K9BoVxYAvGrhw4+aCNYmMejGTlAi6uHwSAI4XPnmZ8qDSj2DEK/cf8iYMJie+wMo/a+i00crcgQlritjcpRHTIlZtrUuZTivYHEY3IzrlCgD6x7a0XxKGikuMEo/uSoCzNnrehtoj2Y0zyuVMLGDGIlOcvoPKN7oY+S6gmkHuGf0hVAEtFsczMVtWi1vYQG4zohAKCQQRQASIhOhiTu4fTrTE/jUf0N1mWsDiK0dQ8K6bdQvYSkpMIP7dodQUJmvad2etMqvdDZmvwkyG4Vq0B1ugCl9OjWI6hzxhqN56HAblCIZYWFdyRz9qycNiD2jtLeAw8umMgHXfGf0EYAJbvrOA/KWiBj2fnnx0+kMElIx8P7U9hjlPc6mUSybkDfWa/GUA23HzzR+cw84NFm8vrVHo/0WNeBMw5TN7qXYCNBEaArsHWGrZesuwu+7vVu5qoLth6dkDMNAExeFHqRuksIu3eP8z6nCzcUEB3S/fAIEk/bPgbBGuCnQUvuD+tbcf7WJzYW/u443WslSl+iCwSGjuano7UtRQuRRkHrSZypMYG4LLFzUFJ8rWYgG0NVagSAkmN9jOCScfae0HLp0r+O6hgvxVh4ZUKST2szeqz2yOX8gbgXyFblUtGy4IxQYXYtlHszBR3Hqg4OBNMzNZ9s9H08ZVft+IsmL2X4sXQPvruVpEEnnaTEt4UgAd3d1PP/7wt7//k+GWXLDwrQvPP//p55563wnHffz8T++698EAEqAydvykO+6+a23fijG945ojw9/42pdvu/n23/zqJxhXm81BqRq1WrLL3D232HrrN+a/dfPNt2VNeckXPnPxRR+t1KsQR+vX9f3znzdf8b3fUQUmTN3kqGOObPYPYpZCkgAIwJgAFeUv8kEciZ7ezkod1i1dn1WqlSQbM6YyferkZ16al68GEYWIIA/CkIqQOiZNmL9g4QfP/1pHV/cPv3vpmBqotCUEIaJSQqHombbJc889/d3v//w9Rx76nlPerRoSo6ouIUtE1hq5756HV63pQ5WNNIebzWajNfDcSy91d3Rcdc0vpk6cFEVxK8tIyuH+vn332HHuPntQK0WByPYOiSKUFMfPPPnCI0+/Om2Tmf+49T6MHgbI4ihORGXN2vWPP/vstM1nS6kSwHyxUnlEnpFIMxro64vrXUuXLx8ebo4fN1E2B9K0mWZy9ep1adrMhldWOsdGcZUQRJIgqSyTACCiSJN+ljWHG2PGT87Soc9c8Llrr/vT+R878/h3H/Gt7/7krA9f+NMfXHbsu47MBgeIZC7KMIowbXRWajttufXKgaEVK5dvPXuzzTeb2T127NSpE1rNoU995ANHnfBewkYlTpIE00wh1X/60x8vXLBspJkCRIAiiiKA1qGHHNQ3MJJ0VFcsebseR2tXrkIl3nfSCYBKjjQqXR0zJk6sU5S2mpXqFpvPmF6JKGs1AAiFgJgyxCiaPHZi7Qff//YXL7n8+GOP+fEPvzNuyiZJgrVaFUUkRCxEBChQROZwfQQQGMeEIKVC7IrrMGXS5DiuLluxCoAgrrz04vON5vBpp5w0NDTw2JPPHH7ku9KB5UkckyICBaQQgJRUIKrdnQAoGw2BjoOtlVTkdsNuBZ42PbRPQ56JZXwO17qkb5k9ZdqEmjp8aY4pSV/mB2f3beAq1ZixEGDfD91gWJH7JN5t36ovDfsxg8i9j2qsKCyIPjtg24UFybQSsyCI7gca1CpR0KjEUpj5kXdKuSlsPJdD3i5GzoxRYr+P4qYxg5TmeMuTqG5sKuyLfwVEwpSfG8Hfsg0MyB+x5ReLBtG4bu0GsY08r9VC65Gd3ilnSutzbkHKLJMSEBFQaCmCwbJ9M6Boc3jmKdsvChpopjO/QKAZHP1+hRXwEbiTb3fA5f8tlPwNIA2tyZLyWZw96hEVuWajIt80Rx9d2sMgNo7DInm7DpD/dKe1/gOKCb4SeEsIDSh0RA7WGNVuVG7j8LMmA3Fp7Sqwojm/ryMagaT1THOTiCb9GiS5e1ySYF6N4FGnlmDkJD3ZzSBDKw6JFnh+vJze/KIn57iMCRtj8nlFewYG9GWCfzkfm2MuCAcFNzgX5oYoIQOFQas31/NbPNXr/S3yl/GzrHY12SaOTjOyo0vSLmj++6266FYBQaaUImUY1s4UYiYH2Lzd6UvJMnXGVU9bZcdd0PYC0Mo2Xhpgp7BwoAWunUDm3mauEzcwb/sr7ygEV4jOLRw1Cdn+MoFySwyF1F/5gKw9d9Vc9DlUa/qxWwj3xr2B8zNBnMChUn3Xbp3k/dFjGpMG7HsuuaLwnbvSPLZHYIYc2Hq4rVeUqaU63qpKzRKBNiALT/shON8ZjeDAdKIWQUlZ6egcHBz68TW/fPSRR3fadeeXXnxxYu+449913NHHvEsoag4PjWRZtdYxffr0SeMn3Hn3A2d96GM3/eOGH1117YWf/vTWu8wdGuiHKKrWqs+9+MLVP/nFy6+9sXrN+jWr1nd3995x52NPP/8SEvUPDNbr8YyJk2bN2uSp554/7YyPfeoTH77wUx/rHVNLUwCIRZQI1C/kRFEEGKWEiB3jpk8FiAHqAFDvrCbVCoDIbQWmPlWtnqxYtuqjF12+YvnaB/5+zYTu2tCadfXesZjJZiqHhhpx0vvkE/d99Pyvzdls5rf+7/x6R0c6nGEcAxAiIVI62H/j32586Y23OisIIJsNiTH1DQwjZK++8Nqj6x5JU5kppVpZqznSIcSe++0Zyl8EQYQkIar89V93rlw/1D9v/kWXfqtWF1UhEhHLOG6lrRv+estxhx1huiAQqFyD5WluxPxoJUmqe0zvHfc+0N3VO2PmtGxkRBFFGGVZ1mqORJWx8994c3BgoNlsVSsVUJlSEoCEEFIBKIkRTZo55fXX5n/2c5fec++jV33n/z5w8rGdHckvrr3iE+d//mOf/MJ1ceXwIw6kxhApCSKOAEjiKWd+4IOdk19+8enHn3nqtFPee/Ipp0qV1mpZ1mjstPOOe+811ydgOOzgvX696MZmcwT0xgmAdMtZm3/43A9MmTq1u1qXSmZSChRZK5MkU0lSZt1jupcsWrR+zfJttt9hTHfHyEB/s9kAIAKVSRlH0cMP3H3JpV956qkXz/7gaV/72sWd1bgxvBYFAAiZZgKkQJVznrH4BACgiLIWIuHIwJrHn3z61ltuf+3VBae9r4eImkMD9z/0SL1SufAjH/zm96+56677jzjmeEkUyQwlESpEyKSKK4kCfPHVN+vV6pabTc2aqQub67ovq0KDd9aKHiTa2+RsOg2vF40k18GNRPkviVO5Lhg9saR53BgM5c5FED8zZqIwAs0CVBZoi43gDaf3a5PDzr4yNr6Ybz9zgNwcBl/IxtH2BZqeTvJRKWylSPA+G1+NZWWclA8WwsOupbPwtaMZliUwmUopg8ehgxnyHB6vvRH3GxVlL8w1ik0QKjn7jhn3hn3y35jZgSVD7N45x55RntO/vjWgPRsThXWQgGEwq8QNK2I+plKCIoQoVWpIDuU3BUSY/+CCp8Atv6J3Q4MdBqf8nIG/XL1BZnCmq32S4EcJOfQa88RodBf0yL0Ly42+UHJMirziyy1B5+iAwWE2xUDgpraDulXbgZjzluOLtTNII94L7R37j8OLA8iQH4SXQV2JEWnNbj25eWOJN7D/Mx30kgu0VMwP64eErBmTFrn0IdcXwW0pAju4lo0d7J2Xq/Ib5wTkuW8a4yaTh2Y9DC4ywsZjF+KQk5FSbPR8B4w49fLwHsEbkWt20HxxUFrceirH52jfkgYzjvfV4NjfTjK39XNLXDpr5u0i8T+I+qDP3PAHRJQoh+QIAQmMbMyA7QbXLEZdGGYLY5f5HaUCIuJ1N/mAQgg3OCIQoec7QImN4dbnXKzQ3d2gs2fm4ucFhmrIF3pudG4EGBADz83BwINibTbdrsibjvFpqQoOqqX0JAZ7o9TgkH9AoAXSmRy5ZvdRWoZl7woyn2Gu0gk+b9Xgq3jiSyfLi+WoYMOEdTBMWGiGLDBZ8UKf5EG/dqaNVifXeaQ1RIK+L7SMDvnVYJUUIhJJUurU008+/JgjNt1sZldXz/hxE6dNnwmAoAYBlFQwOLC+d2zXQfvvd9Ott/3fV754x223n/Phsz5/6ReUHJFZK6rWJNBTzzx1z333z5w+c5utNhu/18Rddt6pb7D/vkefevLJFw7aa9cPnnbchDG1gb7hj33k9D9c/5fLv/kdUOrr37yMmqvzc6+RiFQGAJGAarX64KNPfevK76u0FVUwpnhweOiGm+7cdNNNNPL1u9+AiHG90iTxq1/++qHHn/zrL76z3S7b9i9ZIaKKbDaqAhDV0jXr/n3LXz570demTNvslz/60qSZm6RDTYgrBjcKZFat18678MNDI41YUBTFBAiq+sfrf33jv+687NuXDgwMq6wJKFSakpITejpVYwiFC0WYE0QVAPQtX3HHff+dMXXiJ855b3dXR0dnrRpVIxH3Dw389Hd/vPvuB1947vmdd9kRMMJIACGiAGOPIwIIyEj1Tpn92EN3XPvTX5915lnTp0xQSsUJdnZWesaO7ezqBYDLv3XF9nPmVCv1KEJQGSIASBEJKRXEGNc7Hrjrrs9f8s1XXn3zmh98+8wPnpgO9K9Z0z95wrifXnX5ISeced4XLvvnZptsu9Vm2XADgYAUiKSaYFyBeiUSAodHRqIYEtHdGF6q4uSCi/7vF7/9Q1xNqklcqyRZlo4d3/vSC29gpTNOEgCJJGWmBNT+c/cDv7v+b3EliQVKBVEi4kRkrTSOEJCGhkdQxGtW9o3r6fr2Ny/ZY+7OoKQQAgCjSCRxpdUYWr96ZMa0Seee8/33Hn9Ux5g6EEI8lkBABNVqgiQFSPPjJB47ySyLI1j4+osXnP/F+QsXHXXwfgfvvycAzJv3+iOPPb3fPnvuMnfP7vp1997/4OIFr0wcPyEbHomSmJQgUqJSbRL97abbr/zx73fZYZtvfumTk6dNbg2OJElMpM+jNkVaBYYreA4MKGZMmPfARveKnBAonrcQzGJqgrhatPMVfAen3exjY+ETOo+VQVG2OMjPv93wtWE/xFdeNkjpm6olepd1Ag/qksalDvQo5SvvqA2A0bgbdVFIN//TVbIcKPEuwjYbC6SeoiTA7BuP9lMIyTu5WOHihrZjNDqAdqkbsmxkrFIEmNw5oRp3yHRw/pqF2RYKAQUJIdDCn7OEi4+UQYHFWwWQfX6iDbX3NDobhRk0zvPQARMPDGPchGlJZ8djsItsZvJ+YsWVFxhLve1yPe/AeE9YaIdBu+JCS74Se6B3MBe/pg6Z2c3BRW3wOcoVuEjtuyPz7ew3NAYzfxCcSFQYEd0ayRMQ5iOi21EyrA4FHeQN6qmc9ngOfQf7wdcCBbYij5y5ZY2sV7D7PiuFY5ZLE39CXs8cLKDM+eQTh1jQ1r1PQFLJjqi+ZHjF2+uWImFH0iX0L43h6IKtnVjP1a+yoUbm8JQWpo6qcco0s+nbDjburoUKIPAM34EWa3sZivfzqJ6Dp3m2Tc2UFycwwb93AhV3F0ddkeFVdJ/5fQtCMabIxn9nwqVs/nfY53/aIC6YfV+UAWMYN9RRViHo/dxIMjHqxhlyofDX3zFCpRqNerV++NFHA1TtczWy9sUXnh83YdKU6dOStFnr6a1U67vvttM1P/3lb3/zp/cef9wll362s3sMyBFMUyVlK23tNXfPG//+l8njem+9+R8S8CMfPw1EcsCDT172zatOO+3E951+ynU/+u5j/33lF9f9dJ+DDzv80APG9PQAqPznKgGQSOWH6EQCqtXasuULX3/xhcbwYEdnR1UklYjmbrXZzrvuBKCEQFIZCAFAkP+GQdbad6+db5q762EH77d+6SoQIOrVZELvjrtsvcWsTX/z55uXLnp77s67fOfbF20ya3ZzSEZRjCT1kXxKqUwS4LbbzDHBtRz/9Vtu7mymavYW2wAogAwAIWuBTGlksDU8EsVJXliij70FQSqDzu4Xnnzhzflvn3PmSed9/JwKZJDUAGJQGcRibV/fl5761qNPPb3rfvsCiDhOiCg/NUcRAIkoihqpBMI//uF3n7n4G7vvuNtZZ582MjIyMjIyfnxPkkTX/vL3K1avee311/7w19tu/+t7H3royaFGUxGhiEAqJEjTDEX8h1/9/nNfvkKI6s9+cuX73nPM0Jq1aauRJMmqZcsnTp7y/a9+9oQzP331Nb/7zuVfGFOJVCYxiTIVtVqNqNaSqZRNVa11CVFbsuT1KmJSqey5167777PHwOAgZGkcw0imxvaOWbRw1VDLiHeSpAggen3evBdef/PMM87YdNrEwZHh7u6uajUmmeVvUyiicWPH/uK6Pz79zPN96/uBhFJ59A9jEUWJUBjte9ARO+w6d8K43iTGN1557dbb73z51Tf+/s/bjz7koIm9Y0b616tWQ6UjqZJ5LR0QAQillEBqNppTN9vq8xd9vLOzY8ftt5s0eZLMmn+/8ZZseOjU9xyT1HqPO+awO+65//e/+8sXv/y55kA/CaIoUpIqlWqjf+ChR5989qknWy350ry3pszaNOsfESAQlGCBJV8OhMpHi7RAtzMBZ3W6M6SKvMvzEo5dS0dsZ7p7gDlLlUuhQvAxuNr5LDHzT2wtqtbpeqjcjClzLkK32LOQc6sfjbliVJBGKvuBkA2eqqormMjUVQJZZ7u8vbXwmcoxSdFiSNjLNBYiwfwywAMQKbBRWxMBZOO0qykqVhCxqcH9W8Qth0GTmzMpvZfWIJwxhEQTfnj0aOD62rQjhlxR2CyukaikjaGo8kGC7D2rvQvn4QsjIhFFW07cbEZX76LBgeeWvLI+HRwT1QEQc1Fi0KPITIJFu1nzZGiz5yBYNwT5F2ObeV9Lh0b+NSioYm01DBbdtjF4rMPdvkKykxGGPcwL+Zbw9TkXwZntAEDEw2R5iC7YA8YpOeguNe0aczorY2zNhz6Ci2JRc5ZlS55RZ+0CSgPfXcr33m1BLjocx6GdynOBnEjjspAnYHU9CytK0zlGNwIvw7XgGjnoHnp7bWmEM4J+ilpcOrQ6NyH/6qFIQ+hX+5OjOI55vdWGT62tasazNG8mc4MQAD9aK0hQohkVfGljh7TSzFC5ntdxoMshBzycEzkLpwjjwUmielybt/SFReuWRgBzJm0yvnOMUqrU7s/3RFl+sYLXSnsmwUYpS+GSFlndTZkks40L49ntZg9sRtSQsSHrYDSmWkb3LcpXYXv57o2bhX0kNkio4xzLGuQaMnM4CQBgQ4RQGeLStOcSRVgyjq0nMelNtxzfyXQQsxB+4E4Xc9E87sDgdHxqxY9X/cLrg0pknRcjHvXivEVs4LLL+T8GSLL6xcLmXm3w1JNNdZJJFPNxTCemAbWQRQUgJaTp+oH1zzz73OOPP7ZowaK3lizdbJMZX7jogrjaO6baO9S/5qc/+8kNN/xp+ar+Y9919Be+9Pkx43pffv6J4YGBbbfaMoniNFPb77Y7QPL97377+j/96/yPn5sONajRn8i0OTwsCAjS3vFT7n/kdye9/0O//8VPPvDRT1M6CM3hOKkCIESxRFSEADA0OLh4wYJD99rt69/4dGN4oFbvjKIoEQliJYogzYZBoZQZRhGQwkioViZI7nPAvkktSSX1TJ0GtSoNDtx3+1333Pvws8+8PHnShHPff/xHP3HmhAnjRwaliGNAEqQQcglCWK8RgRxuEgrEKPdsKUoxikkI2QKpWrl6pkwBEIp63FPHrAVZmltkCpEAiSKRyX/c/nCrmR1ywJ4RUGNgSMUqgwhJ1TvrB+25R09vz70PP336B9aNmzBFKahWYlGNQeifwSTASrXj8SefvOHP/zjtpPd95tMfmTll3ODgSEdHZ0dv14UfOfeOex9/5ZVXFy9ZdslFnzrs2BO/c/W18UhVkUIkICUEVaqVOIk3nTb1kgs/vvu+++yx+w6t4UGl0qRSIYJarT7Qt+7AA/b988++v36wkYkKVSJQw6BIRpGKEkwqGGOSJPMXvP3Dq6547NmXvnbBOTHgqSefcNKppwGkQBlINTzSqtY6olrHzbfcnaUZAIKC/KQsmTZnzZnz8fM+Pnvm9HZkvmjx8jfmvxUlNRAxYgwoAVCgQIEdY3p7xk3t6a63Wq24XkNRefmF1+e/vfSTZ5956qkndYybBK0B6u7ApCtGkUoFehNBZZkCyDLqGTf1/accD1INDTc6x0245867f3/9DaeddNw+++85uHbpu9599B133HvVT6476qhDdtlzj4FlS2txAnFFprKjXv/4uac2ZPbEf19cu3YdYEwEefySrPywXGXSEsx4QLAC3h71ZaW/Y1SuELjZxcfT9wqWpzXarMAuM05109CN4RN44pH9nrOV1FQ2eC7x8t//9PSOUW/BUsFhhENdvIyYL/NTkH8Oq4r9vC1TbBaj7V5qGvXi5mT5c9+EfcdjmvxV/oOw7VV/uY7J34AdPT8eXFZfFDKlWt85n+SdjFqKJfIOZR1NTWrecrsc5nI3JuJqqK7UaNMa0abMiMZ3jJvWNentwcVvrly0YmD1hHGzMqWQ3C+yEJD5ITNr39uZPMPaEp+rO3Da2C5PK1vjvxj6LFoU4BZAzi63IwLodBhbmsEgYwMfXI4mZ0w5OyJ/hMZHICgi0Q5LbkXGQvTm4RaXcMswqzbCkxktgVAkD6qiODE2ov4SHNxGXudgHWS6oI6h6B1ybyWSlVVkxTg/kdW9wE8OEW5Tg30p/czYH2wql2XaubVrLFfPdeNOdTBjaB2zZ76H50xJQ+H57qNuW5T6BS63tB3sPDjTMpwzxAbzEEOCZbPZbbUS3lGPT6pabFhSME8xjzt6gtd+1LyDBAQKVITxvBXzV/evjlS09aTZk7vGyUyirsMsFS45RBTgni+81G0rDRS2DY+GI7QVqKNkUEstCSYPNiz0ywt6PUXsAVwGRFs9aWjGe3E8nKqkSwmUno/NAONeKAt/l51IHxCg+fCO0FUEmyOI3TCxnmCmYv//7Qots/bjIeSWHCIhCoW2mC6XfNpi4WKQSeNQ9bAKqZzUdTNj9iKCAkQlM1GrD63vv/aqa6+/7b7OCkzorm+26cx9995z7z1322T61KULXv/TX2+8/oabBgbXHn/kgVtutvXi5ashjuOk+977H779P3f+5idXV3q6x3R3rlry9ue+9PV/337/B049Y6999qx11EXPuNf/fd+SNf3VRGCrcfjhh/WOn3T11T/Y66Ajz/3wJz7x0Q9GAqjRAABAgUCAEUDWWe04/6zTt9tlxxkzpoCcDFECCoAiiBJAkR+GVEmqAJSp/L0HqozthSgBGBlZtvaxea88+viz99z/5NPPvDy2p+O8M45993uO3GvPPZKko9HfipIKktRV/0CARCpTI1mKEWQSREQoFSGRQmysHx7urHdGlQqODBJgfjwxQSwSoKwlooiAKFMEhCCUUljreOnJ//74mt9OmjJllx22Ua0RRBFBlr86KJtDc7bcfNstt7jxpv9sNn3aFd//btoYWLtu1fr1fYCYv7hdrVYxjgCT8z953jZbbF6J6I35b2WERCCW0WazZ79/2ibr+tYlcTJz2sSFb7yyanX/5GkzoySRaQsAOzo6KvUuFXfu/65j9z/qSADKhhu1eketq1PTCAHIFojKu087GYBAppBlUK3KDAFAEkBzZPGKFdV65+/++KdNJk9494knTJk2cSRNBwYbAFKlSkpIapWO7k4A6O6uG+UorHSKRdwYaq4fGGylw2tWrSEUACQMhwkhJk4ct66vD+MojmMQAqI4D5zUOustiYveXrbwrflLFi+sdXTV61Ul6X2nnS6lmjahF5Cef/rJSpJ093TWO8cMjLQqtboQUV6Iq0gqISCKiFp9q9ZFoMZMmvDsU09e8LmvTp827WMfPhNIyKH1XZMnXnLxRS+8/PoHPvqZv/zmJ9tuO7s1OCziCkkFADvOPfSsoZF5r745ZcJ4AClAISpzJj15HGYYyfKiJzjyj74GNsYasQBv4dJxd6EPt9bjep6GhaW04tI/iMJ2KRc+RbPCNxDKB8mrkkykXB/2aCxgY9NAqJnbKBUbNDWA8zwnE2IsX1IATGccgrNGyUT/Q5/ANtPrLQZE28FZiNrqUbgsRvBik+UxV/OIyqqxbZdgUi8J49bp9zIWdmlm1cAX9i2sqXBXaDL3QPKVjp8T9qAqrt31ZX5Nacn4O9K/loZsR2KHyORVGh2V+tZTt3xi5fODrYHX1y/YYfyWoJSI0BSdmvwcEpj/QQnB6+nMB+MTsKnzn7K3Dc2K+etzjjjNLw/n/9haWmc3j4oRYu6sQsidXc4P6Jbh0OR7gvokPc4d3mR5ka6fczKvyBFbJ3BZ4AFZWCafzFuZyxjaBtyWzG+YKgvGhiFe2OJ9kULsXx9IMmlIsjRJDBX5P3bX+TClsZIS409j3Q6M5jh/e5eLOjRLsCLZkSiHix/rwTfJk87me34JQ9NsFu0Mo2ZNtwh/TWhEfUE9Wc63A7r38RyOHXzg2pMb1LXVKEM2LZPoLizMfQfi09hogmloZSKR+RFFUlSByqAaeWHl62uH+jtFx5SOyTHGTWiZQl0HJALY7DEhsFiLjyUzbbnn0+ZyWVN7Z/QO/oX2ZyGd9+Dvo5XS7RV8cNdC5m1i6Vr4TpjFOKmuaZxIFXJ35vgTvXAzDsM6gBD8ppFEnq4c5Sq2MRrTgqBy9HFUFA2ptjtYBgEWPthhteBkisGxs9J6HDj2/KmQZ2s9AMz+W/EULELPQuCxOIAWE+iBglxe5BYdWdhU0SDhBTl2WZYcGF3rd8sREFQkqKe7fsDcHQ4/dN8tttxy2pQpvePGQavxq19e992f/lYgHLjnHied+t799j940YLXLvrcJe//4If33nPPG/7y17122al7/PgoUk88/vgFl3xDUPTza7530IH7ZCP9d91936sL1/zpL7dRms7aZBpJqCh16GEHz9l2q+t+8eurv3flwjfnX/m9yzIajgCASACiEABpb0/P+84+FZTM1vUriAnTjCIiUeuCVauW/+a632y27dZ/+ff9kmJRqUiQkCRPPPzY7276z/q+9S+9OH/l2jUDfUOzZkw976zjDjlsn9123rqjZ6wcpsZgGlVipNQIYyQkEcFw/7qLvnLlky8vjAUBkECsxDGCyNLma2++tXagccBhx2XNQREBKpFJCUhRFGcjI+8/+T2f+vRH5Po+FAKVEgIQ1MSpk6/93qWzZm06dfI4kCqOADADUIACCKLO2pXf+MJ/n3x+yvTpqIa223Gba6+6YpPNNo9UMwMEAAm4fMnbV/3wut7uroGh/iyVgAqBVEqAFKGoVWrVaiLiSMlsqDH80ksvz9h8tqJIoAAAarZefP75k0/7RE935/+Pvf+Ot6Qo/sfhqu6ZOeGmzewubCIuknMGJZoQxY8CYhYzZsWEogKmjwGzIioqKiKKShCVIAiiSA5Lziyw6e7eeMJMdz1/dO6Zc/bq9/t6ntfvef1G3HvOnOnu6urqqndVdffkIAsq0iyrZwky9YZNJiQRoCwk45glDCRtXLfpEx985yte9XKUhAWDpPb36268/8H7Tzjupe859ZTd9zwwwamJianWdAtIdFptydPpdc/+/cZ/jLXlL399RdFqN+o1AEaIEhBA8rR23223nXTC64eHm632FGMZYwkHmXBIOeOcDw8O3HLrrYLVBCSANUxSkAiAtUaz2xFf/do3Lrzwwsnx6SxNiYghI2SdTrfV7hSUZzyp1+tZCsPDs+5Y9cieu+7UybuADZISkOXdTt7NEYFnST3LLr748o9/7muzhoa/dObHlyxZODU+lTUHW+PjW6/c/gff+cpb3vn+Y158wpfPOv2E17xCdAUDSmYPTW1c/ftLr3reTjvveeBe+fhYlnIAAXYLjufMuAlXMq0GnFAUNXUFA03oYVhPFQSoNHgsAilOM8TPBbjHnBfgZwitpfNVbqhPohU9Ov9pNKNPAFH4yXsmqDHS4HbhLlrIQxrpur6Vlri4whaQI0aI13vMcsiqcvQwRSkg6vXGsbKKAIc7QdtFctgnOCY3isv+RyuBXXraO2vBW8NnUa3D1hi6QeR3J7QvrlPVbk14LmXUCxUXJS9eAKEAlvqlycagFwbMQiQYVoCCEemNM7xfwk+aVQRAQlKWJEdte+Av7rm8k8Alt1199IrnZ4jOi1EhYA3myZa0vJTGupsVWmjNuBcx0gJtoioOPxuifA/e4xKCVRp9cKeVP+8Zu0wLAcwSUENUj8rQHyuX6yP/K/n1oIX4lkAvO6UgUWVzRoOY0BuGtJckhkrVoOdmGmXsbrjsva3KV8o+CNLfgxrIup32QwTMPKwWh5asGrDrBX2VEzAksgVakTstafPtLpWrV9JYidLlCZzYAXiLIaxCiOeJHjq7HERNRHQdIKP8wIiw9cFDRWF4Bp7QeeatQuzQqKNALjyT4UqGVJNxbo05sE9aBefHVlUXfCE0utkESoyqZN7QMIC26MxOZ13zzM03P3VnK5/ce/mB285ZrqplaHC5xwhEjwqPKf7lHnW96TOnPZZUuUm+H1KpYn0r5kCG9ejM+l7wXscSm6pKEkOdr0IJzh6BG0ZvhptqDTGobHqg3sNeKkRDpFwrywryHsWINF/dlxBCGPmuNhl+x01ENeR/ldUuu6ZhFY4GiEp69Vt2V6MNv2iV6u6x7CgKOwH4qsVIvoZJRobIIAJt99CbWt6EtIohsr9mjYbRhOEct6LrcBqY6ggAkbFEdvMsrZ38ulfVmvV0aBYUAN0u5N12e3poePDYFx31whcfddjB+/JsCFrtbXfc4YwzPnH2F/732z/8zv677vHxD78rSUG2u41m84RXHHfECw7ZZY+d5fTk+JS49R93/OJPNwzVklcefsD2y7cSRc5kkY+u32rRojM+d/pee+yx5pGngHLGEgAouvnk6GhCmjRRCOrmyDgiA+QcEwksqSUb164559xfjMyfPWdo6P1vfT1r1MXkeJJlTz708He+fcEOO2595IG7b7ftsi0Xbbnzrjtsv2Ixyxo03clHJwFTltZACmbfs6xkS1CaZUcdfvCKbbfmJBkQQ9ZIsyRhQmKzMYCNdHTDRm2WhMwLSVIQkSjEypXbUiGBJcgIADlwKsSWWy1526lvgrwopqZUTAeJECQAJ2SyyHfbb+/dDtoXgNHU5Jx5C97x/lMhb1O7hbIDjCVFa4clW7z6ZUelCTLO6rV6knDGGBLyNOGcA2ckpQQJwBpZ/Tvf/X7RmiwKMZQmYnrywF13/MwH3jI63S4KyZIEEQQR5TmBIEAGwAAYQ2CciBApy7Lpye6WC+chFQxYwhNAOPTA/WYNzzr+1a9cunwbIEGdfHajPlRPARnnCPVUbmxf+tsrrr31Tibx1De+aqsFsynvAHCkLgBDKHbcZsuXvujQJVsuFEJkWcqTFBEYAyTKuyLhyeyRxu2rHkJCgAxYgiABUAiRYrHvnnsefcTzi1aXARVFN89FLgQg8CThtZQRQl4wJEJsTY1DPl3kHY4EUnKgwQyzFAGKWpbkRX7NX65ZOGfut75+xu67r2yPT3LGEQGBF5s27b7/vt/99pe/+pVvT3QLVm9225uSwea9d9z9qbO/Ljvsf8/+6EAj7Y62ecYjLeMi3uHSL7CWUas1M/80uqlQFdYelqyJr/0q1ExYkSWMvK/OIlslEGgiG2H33TBDmKHLKxv9KqX/wih0FRpl2stJUGDFbZAw4CUw5BGgLMX/ImNpKa3IE1ZdseWLKIwsWQ/kHtfofwvp1PISBYaD0tqqRT2tZH2cR/VgbWWgNLoMMSGhPbvl2nKhYp/J3thF6w9tpCbKOTv/Eyp6V9l03IU+8mBKxwbcHFsoSJIkxnC8O/W6Sz9+27N310T9zBe/93U7HDvZneSYEBAwQEQBQpCQIKXyRihYvIrgphSi+2rZ489tTZEj16Pdg6ZmKIOpqx3ZHpdXEYGdS743AFAtc7Z59L/YoS0LKwaPWwaXpofvdPgfkRmsBV6KqwJHR3nQzZBuqvQ5Gmg0MpV6cCqInhEAARHpgVbRfd+bNeOrcZn6Cl4PvPbJMsqOO5Z5ZEirvus6Evz1tCQaHlYB3Lga8x2d2g3qKnkbpbZ8Yoxw2e76N3s0DZ5oAnn/8+t0nLMdCvhWVgVO+WhtAwhgh88OIgGpCQzaG0MGyIAxYgz0CZZC5FxiUWPv//1Zv7nrioTJM4780Nv3PjFFTkDIGCDy0mYHy0zVvjX/YGdPlTPZ/5qh3is95jJf4MlCLyOoHvJVulPy/f3PeNNwPNjlSYEINtzjW4Rq6kys1nqPZG+WlEKgU8sR6pL/6bRObytsybIaotIvjRKn5aOAKy4fdnher9fNMgx0YOn/5LLMQOdFano0Q6RAnoh193YvP4M9cFO67/Hs8NMoHYTWKCZZEDgud8vrkItJOUYx96TqpH6Q9OMkiUgSIOOELC8kEnHGWMKIoyTM6nVIByjPu9MtRoJnnNWzZ59dff8jjy5fOH/FkqWi1SUSmCR8oAl5Pr1pgjFijB5/8ukn14zOmz00f2R48aKFUpKa+nkhk+YQHxiC9jiwlARhVl/z9OrrrvjTMS9/6fCsYTE1hUAAhAwIGSEHTCSyJMXWxMRNt93R6eZLlm253ZLF9dqAKArGaP36dTffuWrJ4nk7rVyRNBogUyBoT7eoWyQILGHIOCFXaMHYN0QkkBIRYXgIQAJIAARAfaoNJEYgmPnPTi8JgCDbcmoKJKi9j0REEiRJKSWQZHo7kWR65BGQEbJCMuAJIjIQACCRIwLKAqjLB2fdf8utzzy79vBXvBQgBSAADpAaqipQ1qqbr9uwdu0+hxyYkaQ8R0bEkGUMkBCRBJEkSdIYUkAg/ZYB7Y0CIANBUpDEDBjnDLGWQJIBsHyqxZjkDG75551bLVuycMuFQkhCht3pe+6555k1a+fMm7vTjtsPDg3JnEASFS0+POuuG29odzr7vuAgSBogu8DAsI4ZS07OU30AAQAASURBVFMfXfvU3XfetXLHnbZYuFXebgMVaXPo0Ucfuvv22/fdb+9Fy7YFaANIoMIJqh61BAiAEwDee+udmzaO777LTo1aBpKm8+5dd66aM3dk+x22Fa2OkPlDDz/RHBnZZtul3fEJQIY8QUJkCZHEJOWNxqbR9UA4PHu26HTTwfo/r/77by+75uTXHL/7fnvk69ZjwpkOFJEOfxtdSk4BB1bSU8/erAwi7z7Q9LelgU50S4DaEE2vmzjvtenE+uyA1yfHfo7yDnKu4lNkAJTn8YV63zQdaVRfvVk71S+ZVHE2kvlJSuk14MxWhfk0ys/DrkbnWuPt98E85ACu7Rh5fQOnuyNDGHlNoTMZnvjSx2GLnNTQX49vmwxY4A2EkU4qNdfLg6oELa5syCt/VaFLQ3jPuDV3gGC9vqqOR5Fga1LL0Xf7oVeUwqet15NVMRkoj075KnvCfS5nwtH4n0QogXG85JFr3vH7T9ZGhhfLWee/5uyVQ9tNdKYTxhljiKD8TwGCgMwiWsUSFRRSnifTet34JCEmUiLhlkX6Xa3ovOdxWB6pDjuXA6yDQBUsQK+0r5SiJ8o+jsXM5kfnLIRlMaTT0Q4QNkter0PhLPfdYsuZhE6qv9r5ad0SR5+J9gMCIyBmjL9FVJIkgZQkJQDp917pi2kIhcy4oNqQBuCTItKNYjYOUsxGK04ViJq8zybpahCLH9Ei//wP8lIf1Tw0GjR2iqrmmOfW9HCFyI2vz2nb8fJE8MaiMh6rqkLDLjKtaJNrW3ETIYr72JmuRtAOpTR20vAOOXD1LwfGgRUkSIiB2uB3bvnVl6754XMbVx/9vIO/+tJP7TB7eZ7nnHPF5uA8GMe60m4X1YonDpFhgt6arc9VTtNRXE/Poe9/BeYyIjWwSuTMgF/ce8ISGnTZss7pFPJ92n7cMEbIkucTFhrNzasO+E8Y5Me4ocSQahhgaQjJI8+gojfvIta5bvaIO4cJVTNJ+kYnUQdI3Sg7BVz2P9ff273sM+zBm5J9XskP/7D1Pw0FYGxLgAXKuIjsVC5DLKsNyZ4SJkCCIJIEQBwSjghMvYsTGbJEIuY5EXFMGDJgIkeZ82YTkgy6k2JqSh8BK0mSELnANAFEJJE0MkhSIICiEO0OAwSWEHKZJFJy4ryWpVQIBAkIwGuQJTA9QXmXiFBKIKk0NCFH5MQZELIshcaAxlitKdktAIBkzrMU6gl0u7KTF7kQggAQGOOccZBKfyBjQOqgWt/EE4CUOjwm9S4LYCSRkAlCxhhjiMgQGTLUcVz9nERZ6HNaSCrdLolUfQwAQSIZn1apJWQSuABEQM4JVEeRMZScFYCAPAOWkChIgnpYvRydiAEaM0OAIDkVgJDUE5C5bE9DLpEkcDS9kkZnK3+TkZUITbx7zy1IQkRiKfKEgBFPgCWiEIA8wYIxgNoIyDa024AMVCu1TL+Go2jJdhdAHeArEAl4Agxlp13kHSAyb79EQI6MM4bAedJoQpJAt0sCTDZGYsIhq0HREe02SAkgQRYgJUkB0hgRxpEnBMQQWXMAOMLkpMglkGQ8wYEmdDui3QaSiMQGBkBCZ3KSIWMpB0AEBiwhxokAGeNZDaSQQiAioGi12ozz+tBAMd4CCcCAkXSr6O1ea73gwNMVzqcCY+zcrCx5HD5MVKbKHmwopQSoDdP02vEfviabGs0OeH360s/JooMsQU0DGhsHfptxnqkUyjTFPTUeqg6nUAyBhqpQh5jzh3og3BkbV/dkH9NZum+AbE9Ton3OyIHsVX0fuxXWgFrrBIjN+kIEHlQEfxB6diXyjUsPxkZIo00NMw3uBAAymzOjNozRV1AlqtM13YNRBkdV88dKtk9JlNL0CAlAap/LBgj80H6lcPSMjYSXw7oEyotQhJKEo5YdcNJOL/n1PZc/Xet8+k/fOud/Tl9SXzTengAAzjkCQ5CqBvOfRAAAptS/nb8AxikLCDJnOFaR6bkK9gHmuR4hIyOZq2gr+Mlghf/wCqul0i/+ffS+UNVz5PUdAcJ8d0w96YJVo1z9jcDlUkxrFb3xCVeTBxkw94RHiwQQGnGQ9VcBQRJyEAjc+oqGUmbwtD/1He8rBy28WMyH0vOKGOsnu84oAmL1PjMPBFkkIpVl3IzV2sN4DxAu8jSfMBKRsGMzPShN9ZYsZ9QHZiCr66LjiKvair6CaP5bN1WEwAANkAyZQlK5zDnxem3w9w9c/d0bfra+vXbByPDJe7xim1lL8qILTB9VVTnpqJLp5HZblL24/5vX/6Vqq82Q2uhhXBQy6KGaBttN60eZCAWG2wWdOp5B6LAXuVCyXD2N+AwwQL8YtKrDb9orsplqe1ZnaN5sFZtrACHIMFR+jiescWJlPwqtzSPQh5BUdMKgsMhYK9LMhxJrrckkd5sBmpwYMLNQW1lVkkVOyBKWEAN1wgsAIDAxNi6lVJ6qRh+SEDBJU6kllRWTXUkdAGQInDONhJBQkiol2h3GGQEgIcmC8g4IgWhOdyALgAUAoAQATt1CtjYRAoJERGQIUgKBmG4VEwUSMUSmkreIanu9JqcEzIAAQCrNhFpXkQYNGt6bhTekkR8KJINJQg1JKrSgdB8wrdxQsTSwm4QgGTLUjSJjDJSbqg5xJQImUEhEDsA4oqJEGyHG1OxFYkgMZSFaLZAFCgnK4RSCpHBqGBBIknExdaweLHJQogbIOHBEkiAlIqM8l0wgS7QSKqTMN6LanKssjSAxOQ2mj1oCSIKOQnRJChQiQQBkmqF61QsiMJQop9qQcPRSCUAgC0n5FFKB0hgQCWD3soE5+UMIVGu0x8cBkCEpYZBFThs32ig1AOZjE0CQJAlwPVRWEJBzIBDtNjKGjCmHvdkcACQxNoXAkJk1Amjnkulp2Q6Frke8CN7OWb+MDmIEfoTDb0DgNpHPDFZ4GsVbvxKQaWBE3+o08nB7wbxkr770+1cqzGs5dOcCb9YIVeEkL0SnUavONpHuG7lOxtbC2DZjDclU4hSuVwQByjfDq4dvZvVmpcJV97FXtYYVQYXBWe3Boh7DYafflbNn39LoZz6DHKNvepRi8iMRUceNoxCy0z1TsrVomWwa8Zp2jLAEOLmMvVOjyYLi3nYy8IUBqOSUOUaZ2m3CxDQdDJ2qgyGQRClJDqUDHz34bas3rvn7mltvWH3baZd98ROHvG2XOTuBlJP5NAHpTaqKCDSVICEhMkRgjBARGaCxED6/0AyAR4C5KbW8MzR62ucKswdSoL0X8c8oGVe/RX5eawYLBrfCiyD4uewnkPvVjZSVNANMgdziWvs7gT5QWOlN/bpuVasvf9EoeReGfXZlKURQCNW1IACqoCMAI6YO5rLC6XUZDQqQanaRN24E2mQyZGoXiRtuUxEpOdQ7D3Vcl3lUYFn+VXQ9YDVZllsTYueV5aSxbmhO9QMAe/S6f0ib/ubNRf3BjwagkUbvGUTjXqPrrGU+6T2j3hy0o2MmK8Q9cxeW196HXEEAUGECb0cr6v9r6sCmo+PBB66GQAICIIFEJLOE3jCTSJIgkgjJYDYIABfec+UXrvruM1NriRVvOPCEl+5wOCfWBaFj/tZyRay0FFKoLUv6fwbmG2zxXstS/HqiFLyGm4YTm/WpomfQOnWhbQIbxiVvnmorpStX7VEJJljDpGyWxTtWB1r8UGloKokn72dNSe9OUpVpi7rZ15MMhXjmzmcUdPZDcZYGX7P3jEGXaa+0yF67EVypetLT51W3iUDjbmnmnaFEMZsQUb1zIogUB9owhCB+axR9UT8ylWLzhcoIE1PVC1JOIBGRRJKYAJJanChA5YiYno2clH5jkmGC4Dwztf9ZrYiAQvkkJAUiEjAAQVIicqU1ERmhBG2ggUiCVHLO9CpadXKbLFApGwYpJvYMLTNWkjFUq6NI/wcAFvMpJ4CU4UDwtLUGRRKRAUlkKuDNAhNCWnLIGA1fe2ubjjwAi4BAhCCZPdYLARXNymoxppeMsER714AAZATLk2STHEYBYFOIyjgwdZKwaoFpIwyIqN4zqo8Q00pam0ogSeoNMoASGeMMidRLLxFAE2JNDhIiJqDPmiAgYiQBiZQkCIFE2oAR6T6YsxUJiRCBMZD2zAQC5JpgiYAcEwApATmgmg2ozaZWuhIAkTGtS3QXpII3ZBbIAhDnXCtCPfDMHiag8T7nbiIAk51CkkTGNeWo3cBwhoWXCwWFSqZ0eYG74CmLOdCrTJs1aXKc/0ms0y6qAE+Nlz0mDakrjJuF/RXVqgoTtGgousoOW/Ajle75P3lkhJY+yrNVXiVHKfqGVbcrLrvQqLoVPfGrFy6TeY244gOFTK18HuKxcQ5e2YLqYLzrSiRJVfs6g/BjsG7ZJgR8YiwRUVy8V6SzDLUoGiUt0FhRxvc1oWzxPbMHRvX0Shp7OhZiZnvAicAqUiHFVsOLP3P0Bz78ly/c9OQtf77/7xsmxk7a+cUv3en582sLAKCdT7fytoC8ICFVhEpTxTgqHaZ0KrNz1m/cWIcSL7TmJr2OwvXZsci6SSFAIdNKcDoXeFy3hcx9TUwYIHBGzrZhP4bkWgcH/D92grgJCoDh74R6izi6je4ek8CAz6CDEAoBM8QDhAqIQGrLY4XNNGBxLmjTp0IIyvjHqlzDBJACigKEBClJkjEpoM7JAsaAceQcGEfGgNnlLZZa47UCIUmKuGi7jeAzQPufbnAtogDdNQAvVseUFTddMJLm63qPf3bWRFrHziRbL5o7jmm2d2rJBaqoDYA7VdtfcmMmletpKIXkFI5Rn4GVC8lDv2toGeufjOUWVOmRBVelHQ4FbSQU0gZBgRQbE0gaaW0gGwDAezY8euEdl198z5+fm36uI9pv2O/E9+37lqG0mYsuZ9xTwGagI+fQMVUNIQXkVLmjlY5WtAYpCjtWlDJVhUHbuJTfqK0ZLUDYrJ+MXhY3fs5Ywvg3VTCQLjQH86HVRlWt+3Tar1WVVyAp8mAalZ70MUVAY9SWR1FJL1WQZ+uxRdCQAqXiri92Z3MPcOZo6B1BQO8kQkdG/C6ZQCnbSm0VpU5YCj2Fj16AyhCl9AJ4+zw1h+3RaUFTEVt166ROxwEAUskJg4A1JQ6mAKo0lnFX9Jp6uwLGdQnAQRrGzE5Lcr1VqVKUQAiAUp2biirXyMyTjAERYnB2PZAkUE4OAqKxEhJIaH3jsZK0n2G1FPM5TKgClXrTptWQqhkwoABV8hmlCdKTyfbpADFAzr/jkb3OOqnXmVLGdF/RxMbMoKLOspKj1AyMtuIutEV27BHIgg5UOoEkkckPWnVrbR951knTZf5T/fR0iHqYUIJdLUxknU/1FJE+xEMJGBlCVdPadurEpS/4BHaFKZiMIkiS6IX5wQwf6hCDjl4ylfV2/hRJ0zcGUloxBzCBa4fKFGPVSDNTAdrHASUQNw+bzSIMETgQEQmbcFOd0T4sEQSY3dlzJwiaZR7rw+PizACA/0x8OZkIbHnwu0EOUTS5j4Y0TxiPvKyBe9QQXUlcp6f1ycdXzkzZxJar2rfWAZUWSaBzOyk4GTTqT2gEKi+/Zc9Bj2vy4qPYo7IQQ1XUgC7EEZSKmuwfzkR7jD5A6NWT1bObGaVSjbqqEiWVvQBPGspE+qDsPyMjqqLXjzOOuER4K9LIhjwzXAhAwJCpRUl5ke86f/v/PeajX/nbD//4+NU3PHP7o5PPXPH4P1604sC9ttxlu7nLZqdz/puu/b/X/19cveb4/3v9P/yidcXYDU/865Yn77nuwX/e9ewDkzRRT2tvO+hNHzrwLQvqs7siVzF3s8ba+guhqtPJUfXR2KkZvAgEeniJMZXl94U4v4DUy0icR4SWigrnM6ykqmlrHSLie+QYK9W+K+kcArtP4j8zFP156LjnR8HMV43ZoriEuRmDjZ5XCUXNPAlQZmPvenp8rYB09sl+ywd0gajFXnGC6gIWXJrwqYn/u4oULzGqwEO3ZGBzXLk3WMb1ANK7WlTiUbkNHkgzxzspGEjGcbV90ifsKMfJ4ADduI7keusnCABAIjDS3p3NyGkvyZz2wolJNPsqAQBJ6L2cygFEAHVigOf/Iql0LiN9wDYzldpFVGSxG3pJX3QuGWj/njEgnTBEUhtkUbsiPmrXripDMCtvgIN1NPRNiaZxbzqrv77nTKR7xrSPjbZXqB/UDrM0vrdEKvwJrzsDfiCRAXB9VgaYAzSsf6ULEgDqvnqT2HrCaIs4JAeB/KFaECSJMe0PB5db+QRq76k0q9uUN6jOhnAOpGkamZZVK1tGr6AZe7v0WbvXNualY97q/14MQv9uPFg98GrJnYoteL6K9ZtsKncG6ivW4oZ3zLrB6AJl4CizoBm9e6XKN9e66VM1qXYgqhe5bE5Vgcl/Bi5V4FZq6TAJp4j6cFkpmIdVWRdQQwRCiiQ7rMc1SBX3DT3qn0jD2jY9YxzmA21FzhkLgotej8MS1S5oqYYgeOl99lwpBLOqyneMzdQzzrkhHtyAG60fe2VBE4FhhtJFwZBWUlgqYWIhZCZoaTh6hbeJbNi0HzizN+Pob2zF/f55ZlDrNH0aqyDoFt3d5q384jGn7Xj3dhes+sN9Gx95ZP3jNz9527LBRUtHtpyfzZ1dG67zWqqOYmcq4aJPA+CMc+TA7FoPAJJSOjug4oQ2ZWRiRVYxa1pNdEbTrM4b0EbARc3V/4nM+sUwFBbIs0HCQKBCe05C/YSh0oR6g4ZthrSpR638EJwoemw2AywhzPhZOVU2FBDMoQT6oB9re8FgCqdICAnUimbPggUxEx16BVI6Uno/KfQChDKIRiMicmQMOGOgdwyhIRuBgASJvMglaGMjpVDnwClqVd+ZOrtADzpTYWMbstca21pnreTVN9T90uw0fFUHM4BeL2EJlkRSxXT1IBC5rYx2gK3mRNLr4hwA9J5VAsRsQN2ImTF5aIgz3UD7kg4wJtGtaNCI3uTeiazu9egLjjizU8BoI1QvOtdzScupJCnU0WBGqBFBbaTiaqoZ8iVI9Zja60Oo8R0omMaQIWeIHBkocKhQkpRCFIUouiJvF53R7vjjE8/dv/bRp8efmWiPAU92X7zzKXu98jW7v2woqReiIACkUNohyB+C1VFuLYG1aBqTePtSA91E3sYK/8c+2swva5+wX8yCGTBWLlabQXIbPZNarh+MZPiaudfTYeUBW4x3AVrIAuDWp4/VnnOVJSC/gB0q64JGr6LphZk8q0reDNKR7hIlPiEUQAew9ZS7gzZJT+HwWF+zr22NwZIZ7mjxkOuO6a0f7i+7oFUMMVuX/ZVbSpbJhP6rvGVj4wJFhhoP2KbI6EW0FsBrgzRAJ0BAqfZDaJ1Dlg7lSqm1v0aBqqwcmtbR040WTIMZTwIHuZV6Q0DlcWk1TMpfcnCEEJjedUlSZ/JVSsvZUjKvcTeLotSmHGXA9WB45wWgfrsrSGv6jEpVNlNt+QRmNpASOquNYGEhAeiMls7hAoDxtBXv9PpelBBkaG3Eylp7M0+Z3l+qV/CBqQzBTWkiQJJEEqUEEqD2jWrO+7AMARkhR2CGLf50NqLjYJ/20FAdEWj3r5BVboZPzo6B4an6rnZ7SlC7Z01HrQyo9bVEZI8FViDLX1ZovEPVHaaqBAmEAsjmwBA8twAAgRn5tBLoxFBJgtm44+aQS7CbU0kAQDJlV53sV8w4A4UgUs/OvFdqbYweN9pONyJLPrv94GsDZyYg1LQhnQELwJCl+u8fbu8j+YrcqbOzjg+l/Of/pSuMqFGPH/6vtbY521ou4bR4JT0uo+vJpv9rr4orc6EEVNFxbcRj29ePak17UCS2XCE77GeNljbXBYt7ydXUz+7b2ir619v59JrbTMdDfprBKBlgxhgQ5UWx5dAWHznglL0X73zFw9df+cgNDz734JPPPKyOyWQ8SzBhyBnX2z4RkTGGjKnDBtCYBFLRQzIrQvQ/EtQqFmONmbLUVhWZiWq1lw6a6eUq5uX20sRN3dJbFxQks+UC7Q9kAkEWk0it0RwksViAdBHTDUOX0U/KSOjXv2ty9VyQqPuo20ITe0DtZYHTx96oEphQq3aeDCM0fGROcsymCuMAkClil/gq9cSMGSVyAqmoYMgYqEHjnGmPGNWOT5CCqCuFBOKSQPmiCMo/Vf6VroEzhgzV6zjUwDiLrFwntVFI+u9jsPMt7CDoNxOgOaPC/CTBOXzGsdTrnzxOArhVfPpQirA9j5VqE5Wy2YZkz56AXlBlpceZCxUtsAEKNIu5PLtn/xgHG1CtO7LRR+98YFSIEZnpPpI+n0bz2jrS6in7uLH3tippCoFZmazaZKgmJBpJJilJSiGIClkIIQuR57IDsgu5wNrQ1nO2efluR75q5TH7bbkzAAgpkDEmyT+1o8/lrfSOEn2RxQyust7bjNIL903EtRmBmAG9/a7/0/KqEg/aehcGMjODSry4W0UhCj+EVrNf7tEvGKCiAHh4KlbVPwOTFJNRbnoGxrrK+XQE+B+ixpwCLZNTmfz0V1eVqkMC1OfReEPpHnHfDc6xJsLCAEdYGQe5P5pmu1jUGbBQnal/pSlkWvc7ieg8FhMMMf4KolopCoQu3aeCetL6bYAAwImYRGWEBWqCJCo7jmDOhFCpKivqmnQCLhlDYKCOjVUuB0GAPvSmOkOJHRvNAEY6XsEImcsCq3P7lWnTWygturdaG0l7oXqTI4FEIgRBiASMJCm/y6xKl3bANKMkIUrkSpsxAJT60By9r1WozbE64CxV8BmtydKyY7iJAMgIODH1+hmbZ7ZWW/FXuZUMkKujhq3PbtiCBKgdXc06MPE9M3qqJnW8vQkkSTBSoIZeKkMhUVtc3bhmDjAAYiADgWYMSB1lq9CFG0awM0OTykCCVPSY8BUCSsbAvCDeNRrOEjORCOx/xpz4oTAzjxH8+eFTs9nLx81+rIq8vijmodp6XWEGEXoZople/k7vIKLXp14KCLHnDymUX2rA3vVTiPEjEVAy3fKCI/ZrOfhHmzE0EGtNNzsqFvEGo9nXI9os550x65sz7OPxu/serPCdwKBHUBYHdH+MkxDDncomPZqiarFkg20G1S5NoNA6zmQ6eF2xoLOqlcgtr/q1D0SIpqqXeWAMCBAFyVberiXp0csPPmDxnsdtd9QtT9z+0KanHhp9/KFnHp4U0+2im8tCCAGoD0TnPOHEOTIVqjXul97TofxPe2Q3GD3iLQCSOvlFKjeldzOqIKMK6CKqbJSX5VQzw427r8WscCqErvEq2pATgDkX1HsxEAIASB33Ik2PmgHOjHgIRvHY/OcNnibYEmQFI8p+gDUcuqRxqo2qU0FXgxFMXNCqZ+W16roZASEj63vpHZJqQ4/Vrsr/BJ4iTxhHjgyJCkJETlJIOY2ECUqOQuRAuZzuQiElZyqu64aWcU7Ikesdv2hAC+k+2VyopMJnjlZWvvepqFeeISAASZD6TCvSUUg9lO4VV6oNvUdJvX4ZjS0iNxomlq1+ZSo7gCqd57n0un7NbwCbF1Chf9UnHSUx1IDTgU6Bakkwi8MQkZGJ+tuklClqhNmZOz150MRUTU+0LwlagxFzONdu/5ThchWdZWLEiAhJ2ugyqSwCIk+TGmumswbqzW3mLdt1wXY7DC7Zdmj5QVvv0eSZlFKAQGAMIGHM769ThVWq2uhnixnAutxWC/raSdlN3+epDK6iYU8PA+pTQNEHEzM2t6WnRcvABcwUNrBr87pbD4MZXb1L1GvFa4IM/qq0gFaVVyvwMFrqWTzfXFfYuwp6/Qpt08ZSa3CvH1bBPDsvKghDGxHxRzakpzKuT+EYVQ595MP3edJwxQ6EWUvjccQ8o3tnD4Gz0xrj2uwH+5lZeOrQp2fxvSZNjYbNJmZkO23aJHAipA7WIRuyIR18NS2Z/zt6yFpFRLN1lBkNhEbPMgBGgCQlAGOMUO/VJEs+oFQvugBAkEAMJTApAYgSZjdgkl3lQ8AkAQNgVi06Tc8lSwk5sESdOaTFXh8Da7qAAk1KUylz/YoUxsxmVB141sQDqYUcas2HcnxBr8rVf62akchV1IAx0FlikIAMSBAwARIIgSQioN2rqd9HihJMClXqQ9wIQPmfHEEtCJKgdiUI1DFWE2I3lpyUz8eZsudSedEsQXWWj+ITAYI0fpVUM4yQSWAEiUqVKmykPE81HAa9EFCBANz3UcHwwcAEVG6xKBCAIZikrsqsGryADEBKZKqAJKY4YV4lIdWpR1IwCfolppwxIt1xj+3Go0ckQqHORWYSESUwAg6MmAIIxADdXmDy6jB5aHtLPeE581ol2eyAmfboS2DoE3kBUd1jt9LOp9+bY+hq0oiG2Z+9uqzkY6zZQqOmiSXQoDNSYZXw3g2pNSWllR7++1eq7Uq/GrUCjB/zFSJF5BJZNONqC61COahMWsdFnhQY4p1qRmu9guKBqSh3z41rVan/6KoMA5SdOAQL6x2IAwO3fTXv6qkMAaCtxPFCd6SqKvCkykINALM4WNdviwSjNzO3vcIhL8tVwJmqfUn6mXhIIufbfWXAzEoVVgjBEYay5guW7fOCpfusmdqwemzNmo1ruzIvqBBSCpCgF8cCw0QvDjS77/U6Ge1EqreZOfvJwCy3NFLOFLomBANbyVcKataVRc3+BrHkaU/GPuNxh6ws2SEH911pPnDD57a+6/+jX5EyOF4BD9MZOOcJqhEc2wEHW4NBMejN76g3FbT7adtVLrpOYVqVigz0on00CIXpmBMmyDmql6kBAUgSggRHmAS67KkbLrn5UkRxwIr93rrLK0W7g5xJBHInrQFjKu2pXk0XKiMLxHSeSkYutlsm7Hx0xS40ckzqFQS6NmkGxVonzVBleIyT5mN98tGQBl/gef8QCIs/fGgYbD0UM329EIV90Li65GFRpxBUiyY2bYfF+pVRzsXk7+08wZL/aUTJboHQ5Poi6zetXxng+GKPllTbmhjjGc8WDs1dPmfxCG8CAEjKi5zpJXMEJl3sOGKZVqGR3UvZKixaaY9ALxe0pxU3d6HvVWmALTKJNGfMt6CQf8vVWxlI7W3n3ZPWiwPrUQQQKUYPWDpWR6sr71bgfPr0a3tvXCJboakBzH2y5j4YDosDYrb0sum6YI++VxepsoWxpQNLafBMyc4HXDETGc209FztkOhKwgAA1CmvJhETGZ8wpmEMSalaz7xQ1F+zBtbKtmeS0Hwgb+uZqxGswgGnbu1aa1WnCrQxQKaitsRQH9WdJkgShFAeHaAwh75KpZhJAgISMpAEnIAnBBJETkgokaRdo8MkUU5Fxg0qN5JEoN4OIwgReYHAgamtAKT3ihhNCSSlEEgFSgFMqjelSADRLRAZzzIARsCMUqQiLwALzpRvB4WQkoqEp+p1JiafwhAZIEOV/5PqDSv6daOGb0RSFqIARhzJDaYEACxEQch4kmr/RO2KRZIiB0SeqNAuiW4XSGYc3NG1BJIYEREDkiAYMvVuK71gh4E2l5pLmm1k93B4skFQdHOecJYmzvcmJCallExK0e0gSc4TxtWeTGZwDGNaxWljIQGklDKrc0lQtMlZMlKer9p4pN7pCpoNAhG4tVL6LWUIDAkkJBlJJvMcABhIksQAiDvhJAAiKJCJhCWKNoBcSGKYJonRP6gHiywzSMMla0stT4yIWxkz86Skfj1jYWGf/dXgDQCTeHAsd+3F4Mt+Zx6iiK5ohY/GjYEZ7OMLbuaJXgks9XxS0uEAZTXad9VQn6v8cirbqcBPsx+ogkd2eZpbRhJfQVUVarqECSjaIFp1lRla6SZtrpr4GSdWbgMSOPPtD4OtocrUQQkVqbI2nW10fCDFfch1cm4wpwEDjmlRv8qOvZW2mXjvfohlJs+rCITn9hgsYqYbB7PSD1AIKUggwIKB2VsMzoUtn7fZ+v/f6//p1xPjqy9qdXjCVtS2OmnXF///mpz/9/r/wkXdvDst2gjAGU8YB0TuAGW19gy8Hf9u4PyH5XRcXCvDShe0rMR0Ym0G5iZqqNePjuBKfYnhZ+UtVnmq/s2ydw1Gk9vggOoI+o5hRLP7WM0i93PZk4o+VBlBr0PmGb9U2FYl6Kk0MWGyl/o8H8f4XV6g4mGTv7RoncDysKdxrBx0K480EyPulTJehX8x93vk+xqoXFmbde99rFaN7IgAdIA2iHtYzO2Mt/uZuZVsTO/bJDD/MU6IHAqGxOsJ5ESAQnIiQgmolr9KaYLvJIEBBwDCArIU1BJamUuplqaog21kkdYHs9kjMDEm2i1UYUWpFttylmb1rA4sgTQFBBJS5l2GxJIMANTOBRJEsgAAIpSCoJB6ZSuw2qxhIYTotDljUp8vIJgsanNGgPJ80xiAAAm1WbOAQb5pQgJHmyokVHk8xmStMQQAYnITMCZZAsSQBKIE2U0bWW1gBFrTxfSUdGoOCCCbNTsXhZhuAVeJSgYgmZS1kXkAgqanCYiRrM+aA5DTxEYjJzopSggkBCHUm00AKjodiSSFJJkjV4u5tcdOZmEwgNSbYAgRGEiRpJTOmg+QQ7tFAAQJkWSYZ40BQATZBjYHqJOPjUoiYFxtalIuHQmhIpJSSgRJRSetNxCp3WkLkswEgZU7y4CxNEH1Yi51GoEs6sOzARi0N4EkCVxKRoDAOIicoeQ8gYQLACi6hVRHPUmzyEqSXuNLtTSFZhMKQa0pTFI+dw4A0eS4mTvoZgMRktDBf4hWuntzLHBzfC/R3uyt9WPv0Cgqfz5Z3A3WfVRf/UCdPxmDq+RKgHNBPZ+swr1yRAUEBy309Hwh8eKJsZMG1jGFaufThUUrf7VlPWKM8xmRH5AbJCSM7oZw51Q58Gzpie1AidroR6oyHn6nKp3MKODtm9tyWV2hlEENlipTXnfYd5jDUSP/A4UsM6mOkjPvuZIQd9X2FN1XHypsPjTuaIvMc0RD75vlSLl7BqOvAfYyNIMVCbT5DpPdKaTo5rmqIUKW6DdQohH0rwG3wl+h6qc+tfWqIRrhKrw804Z6NTeThysb6qVwZlLPf0dqteT3qplAFkIWshhIGx3I10+sFwyQsYnO5LQsim5bkgQght4BEn3UYZVm7k18b7z431w+B/4Db6VEc6xr/7taSlRFTfSgsLKa/hLdRwIreuD3DgEI1RFiTG/oJb2ISr12VEd27UIAW9TXn37K1zVTVv5exq+srwL6PE1IJU3ef1SCwbPBP7KLhnwXt+eCUldR2JgzRp4hUcnhzRg7MMtBPHsRp3xDFV3JIpqBK67dNi9FGExaGxw19s625bm7ISv6NgYeDx3aiejxv3rjSH2b8BK5+lElQpWlLAExgOlNSXTT34xEREryowJkJtUMlLVeye3WK7jnyLApEC/tAPrSFyJf+1ypSbvxAxx3EQGQgAngQDKtNdesfuJnPzl/++13PO7VrxLTE4jqMDypT39RDgACkRB5gUkyOTF58e8vHxtvvfedJxd5TsRJSpKCU5FwfPjh+/909T+PPnS/bbdeUnS6GU8Z5yAJUMo8n2h3iWHe7TKCWbOHebMJnQ5124IlQAUHYMiBCdHpoMgzzghRbTfMu/lT659eMG9ec2CgPTWNCQNgCRJx/rc/X7V27bpXHvdikReigD/86ne5pFe+7MVSnbZqlshIAkAmZPerZ5615177HfWi59P0NDAg4gBEkiitbVq37ptnX3DEIQcdcNCe0O0ACM1CRo89+vgWC+Y3Bwe7Uy1ihAAoiTVr1/758lqS7XvAQQxlPjV5/XU3DjayvffYI+FIsmMEleV5IRgbHsh+9IMLut38pNe+fGhgIJs9DEkGAACpGSCbWmKQj8upSRAqdSxYmkxPjF1xyRVbb71ij333YJyLHKSEen3wur/+5Y7b7zz4wH2ncrFo4YLtdlgOnW6eq1XECEDIEGs1RAYkuJBEXazNWf3ww+ef/8tDDz34kCMOy1vTTEqms+NMkqBcAhUksdOVhRCNkeaVF/92w+imY489emBkliy6jNVyIfOiW0+5EN1zvvndNG2c8sYTEWXRydOEJQl6YRkspKgNDv37xtsuvfzqI4889NCjjmqNr//7H/7AeXbYwfsltZooJGjPm5w2U3lisLtZI+2l7/lWPkLXVjlXAmkwa/8C1O/+H09opDDm6JZgVfsyRC5iqw1EUKszJ6H7sHl84dbig6HIK6LW33rAvhTkszf/o8uG+qqvMMBpY7G+D2aNr+sIesV7t7sZF2hmqbYZXv9lVcaIuuGwZCP649ETrFRlYqt5HnGjmpwyPxXGiMPWfrNBBjuiZwZc6YPhIBYQV62/iRtMwNVnlh/XR8SEcQL+HyL6kMyYg+6GDrT3qLrKC/RM9P/R5eJfSk+Q+VaxJbqaKF0QzH5BpJ6rC6qatm1FRdxCphm0DlVf7d6JGXGJgDgTTLCUJx0qCg6ESMBZljDGEp4o9cfVNh6rB3VHEOzWW0e2f9LjZpo2aGuGrPtPL9+CYWnQLRWWjjJLq+dhBfr8j0JNFW2RodZniPcj/geMtcUMXyuLOIuF2hnCeGbNYNoHiqu/1jL+g2rKeXCRxaz0Bv+jy4+oVt00d/pX0rc74a/VvqKyyOZgqfJ4G61bnasEj7dBcrgvQ5yLghjX7H215PsR8P+G1WFXNjMF/Dxh+Udf4fvwyet1jGlKrFOk9O+G31M/GBHTReX0J1o1t9nL2X2n561IlOktCYDLG4Be9E+oX/vpqIGQevOPPqVPAElkxEBKKaDZXDO66fs/vfCYY4457qSTZJ7zBIAkCa0l1NhIKYCxrDEAg8PYXvurP1yxfuPUh097V1ZrguwAU+AqAUgf+vsNH/nEZ3b+4692OvCwWr4RWp18aponWUHsssuu/Nll1/CEY14kgMDTvffd6zUvO+LnP/3Vv+55pN1pMZAMOZBstzspsO23Xfb2N7xqux23l92uBHbRhb+59rp/f+6zH99n/z1aY+MIQoIosuwXF/7ugUefesXLXthp5YLXfnjBRdMteNmLjpGim9bqoLxfpvalSCJ22933/fR3f75iu62Xr1hC7Q6A6q9Ims3vnnvB577wrd123o0kgNBzU0hZawz+8ufn3nrbqjM+d/quu2wjWh1RCCGL+kjj+z84f96sBbvuuReTxDn/wY9/MpQN7Pj1nYcSlII4Q0CkbiEZDi+Y85ffX/qxz5/zkqMPfxWewBvNSy++5PY7V/E05SxhiLKQ6r2rXSGoECe+4sUrd9lRyAKARN5Nhxr33H7fRz755VPedOLue+0OHImoyAUM1G67467zfvTLnXZ+3l1333bhRZe94aST3vymE7NmQ3ZzBABi2GB5d7rT7iJIErkoupill1/51+9ccDEfHNp1r92llCgkgSiKHIFGmvU0zWQhRXd6YGQuNIcBsl/+5nePP/nM/5z0P1lzLkAb2p1saESJ2SOr7vjqd39ywH4HvvcjHwDkAC1ot4rJTQAgkUvgJATPatNdcd7Pf/OLiy7bY589oDa4aeLxc77+g5G5c59/2IEFcCEpSQCkECS5ChfpE62IWTGOnb1o0gd6Lro2txiw90/KEOl2zTvb9X1ZrblsIC8K0ULVw5uzKpuhsepmon8KtCKCp0P75Qb7enp2BEKPOdb1OiZo6vWKunpNhWgLVgYJbFI0oiFuuopgv8LywhtbNkq3Vn4uX0HA2E8vVrbimyXfwngR34r6bQa1NDrR/R7xlaC1wHy4h4NClQnzymtzM8rF7MvrxExBz/irCsEeAG3sooG5AID6ZU8MrdVE5SpWE1npGJlEqma7poPpWsjzO6JqFfNIm1J7YA1VFZnBpI9JVYOo+GC5BE6P9Oum28luchqmg8w6MVWCAdax6NmWW7pop3jMlqD1ylZgc8/ERUgyxoCAISOSsltAlyABKLREccYY40ydI2F4bgZIramgsDXTrT6Nmq6gx7ryyR3/h1d5sOygBzz3UgczaVTXE+lq5g+lA9L/KbWa4ogQVM0h4oyH1fere0qLkRe93tJGiCkoasGzIaxKcZVtV2C4rGgEi0Psr15//XGwuSyf+s1owqCHTt9VFQzUe0WnFPTQoAQBtBOpDQ3qqYr60OS+0uM5fAA68Uphx3uBgZg5fq2Gn5pGv4hxQTEq28OIhyamkhL0GeU8atV+Veftwhzf8nqpEkOP7xVvNtob9aiXZSRDVtXglj5XQksAdcqL1sju5YcQyoxTgFqleVOYzPzRBk8T7R6wjRMzuoMApH07g3mAdP5cE0pgJ6Y130o7qIshcI56nzxBIQshAaA5NFRr1gsh1BHmgADAiYD0fldiCZ/q5v++/h+PP7N+7ejks2vH0nr2q4v/2MjqomhJIJJUCEAG115zg0jrl/z170+sWcOou/8uu267fJkg6BR0/S13XPuvW99zyhu2WryQ8/Ti3136v9/58UuOPuzGf992y4PPvOnE4zdtXN/tdIlIEN2+6sErzr/o5S8+fPud0zxv8ay+14EHnvebP77nY2dcfvGPZw3WSchkZFYqU0xZDiwdGkwSJpLB5nAD6klzwSzICzndIpETT4CYELmQBc+an/vcGa875a0f+/Tnf/Str6Q1ztQ+ysbA00889u3zf3ni604+5AWHyLwQRZFxQAQkEELsd9AB3/rpRe9836d//bOvbbVodpLUIUkBR2pZI2dJ1hjKUgl8mAA3CZnUh9hwHTetl0VbSgm1+hDHKy654kOf++bOe+37jlPf0RgckEk2NjF9x72PYlLLGHIOhIwAhCAhadP69fvtvvN2O+8ELJV5Xgio1Qf+ct2No1OtFdttKxlAXkjJu51ukefzF8ydv2jB4q2332Hn3TdsnP7BeT/ZeuniFx3/MujmIu9mg8OX/ObiX//qkvGpNqQMEEQumzX+6DOjU9PFd3/w099ecnljZEQWotNuF4Wopdm8ocG3nHzci154RDI8eOddt1//r1tnz53z+FPPPP7E09/61vfTJF26eOGRh+//zHN3P712fGh4+A9/+GMhEmLpT3/6qxqHjLPdd95uxdL5spBETGDaFXJkZO51V/zlqhv/+Z73vvWol76I8ikE6kgJacrr9XYXJTBeFEnKeHMQijZNta2aJu8kyQDSYoX2coDQc7ic5Sr5X54SijWG0+VqyrqnUGksKaWphxzOsqA+1B86V+pbv14mOHRTeroAHtWRXUgCv693FZGHs9nrvw1GxuRCAGgdNX3a3UxOcrOOYl/HLL4TMq4akoAVxipwFrVuHojaq3BTSvY+vqMe69NW6EuHxbGizYqR6HGZ0r7fXhnIqCTMa7BisKLNPTZw43kTigSzE7QfiPVxabkTCrSZLth/lb4gfSJKuTAaOm3VCGAXnwWU9MkJ+V331ZY6kSf0F/TxBJbsXnqA0L6QABFRnaHrd7DHoDjcErXlg8tQ01bBIQNdejSErpqZKxCGINUhtlJKISUURCCpUBEfQGAcEYExV6GaqmSiGOiUtxce60u/MRVeNM2fMOgXgfLd3pc3aTHw2yBeJGKodHYE+ukWv4gv1Y40Byh7y2Tfaj1QWf657xysro0C5lY9oyTfRscAjDsBZrCs7f7PVh30TqaVjkLA8EOfzY19zZKqG51Zierpb9TcUzNKA0buprf+qmRpvegM+lavykhtpkWo6FdlwLdXFXFtM2x0Zk/2i5/2uOnX3iMt2b9VzVnfzFVGAmysEKoVk1cjOgpohgNkdA4G39TAExHYZYM9dKIpYG6Qf79nexGPEBAlMEDGCAAIOQfOgCESMkqBZQ2OE1PTjPOE15OBJnAGSGrnJ3TbcrolSHKedkX+t7//8/d/ub4jcN3oGE/5t35wforQ6nRkQSiJgHLRWr12U31g+Nqrrrvysj/NXTB3i/fP2267HYq8IMB6vX7AXruf9akPAzYBcIelC9/4/k8ynmy5dMtlex909tmf8em+/babnv/CV9aaA4AoAHlRHHHYoRf86NsnvvZtb3/3x3/yvc+lwJ586OlukT373Oh0nj+zdt1zTz0NyLvTnWnZvfX221ghtl601UCzSVICiNqcRcpn2GF43hkfee8nPvs1ApENbQEAAB0AdsVfrxKMnfHx981ftAjEJHAO4+vzVgcZ705PH3nMoRee/413vOdTZ/7v9//3rPcy1n1u3dicuVsg8MnO9Oq1a7uTG4FlU5Od2uz6mtFnB8ZkA6hRrxNyBuIH5130lfMunjt/wdmf+dj+Bx4I0JKdqVeecOKRL3wJqWMa1TlEKs8j5eRUa7CGottFnuZFns2a8/jDD/78wkteePTBRx55YFqfDTBVp0ZjcAgAttpyUV6IqcnJ5+248uwv/S8WrUv/8Ie9991r/sL53XZb5Pnw8Ow99t2PWCYZElCnKGYND825974nfn/psmXLDznskLTRaE1OTo9PE1FzeKjZqA3Pmd3Nu/WBgav/evUPf/Lr4QULnl2zZmT20NVXXfvAQ48ddeThu+287cW/vvD6m25fvHTZnaseHBwZXL9h7S8u/E3e6hRTrTe/9uUr3vgqYESSSSGygeGpVvf8X148e9bsD773LYNDdeq2kzQZaNbrzYaS0rzbrQ8Pbhpd+8sf/mSbLRcdc9xLivEpE703uwTJHFOkRJ30ofiBbrAGPpwclaA31Dex7tHzD22QyCJ1f8J6r3brf8U4vyL4Ff30X18JlH2lHgfrlSnopQid16H+Nd6xq8E84YeTLdIqZwg1liiFnH1nuvJzRDzagiGh/jKezVfiowTbzZByD+r2xDEAEDMBTKwwahQAKF4BVUlbuR67araSEr+bYZoX7Ljp6jCmzQWGN1ezveN/qHDpe0szhrOJ7KHS+rYeU73dy5cbWyqGc8FkNhGgGUC3sKZgsvcso0BxULuNypdIC8hDvYdHeYoGC1rC/6tLTTXjyEe6rESC8c+96Wkow+DRanIqc9oAoN/BZrri1+ye6lElGZaYQQcAIhBqS4ZUb1hVUTym9IZ9dalHQXUzzm2JT+90sKp6Uke9LOsPC9UQwJ/NdkGOJcWuo5+ZFx6lgDZTqM80M9FaQ9dM2nbPuYnnlHkJ2G92svRqxZ/N6N8On/HF2bTl3SDvUE6fMpVyi4fQmd4+tNluG5XumosCjv0zn4Gw6RXRrrY4S+s9XJUcc4/5xQLQYs5KsMaZoMLvLbdn2sLQsvTCBm7USuYyKNJHh/i0b84LtQIXGSB/fHvMy7iG8hUZ+gBL9LDd1Zd19Sofl9KMgpFgIwfoC7SjEb1HVTl1JA8YaEqg36FodwzoGeUtqUWbF1c/efo5oEHfIb/rXqITfBWEqiLwNiiQv6pD62gGgAKYBCYl1QYHnnzyqfN+8ou16zYV3S4hQZbMHmisXbN+ql1c/89/f/gjH5yemGKIBKLb7mb17JAD9z3x+Jfk0+1CUCOtH/vio/faZ8/1462vf/PcqYmJU9/2VpU3Q0AkSrIUqbjqL38974Lfvu+db1u01RZplu25cjsSlKQ1KYmnKQIBstbkxvrgrAXzZjcHGwmIVqsYf/a5jeuebXfaaZIQAuTd+++9J0uTNKsRADBODKY2rN9n552/9NnTf/qri8cmWw+vuvftHzpreO6chx97rlt0T3r9u5995jkCObphMofi5De8T7Y63/nqWS84/BDqdgDET8/77r0PPi6krDcG2u120qh/4LNnz6rXO518utPuTk/9+457sd740tfPoW4nL4qlS7d61xtevXD+PFkUnPGp9eue//z9v/+1M357+XXtTn79tVd/8ZxfjMwZePKptQUVp7zjPRNjk5KKJ59aW2+krzvprVyKL37u4/vst0dSr/3sh+ed/oUfHHDYYR9531sPPHDX66/6g5By7733ataaC+fPgYQBJEQIIBHV65iLBfNmUbudF4WUOTFIG/xjnzwbBHz4A+/eYsHcS/9w4Tbbbr3llkvuuuPBtevX3/Kvm55a/dwZZ5zdzNj8hVs89eBjJLobNo7NX7QFEIlu54jjXnHEca+OZsMVl/7mz1df++oTjn/Pqe8rz5V87Om83RIT7UOPOGLvAw4+90c/Gxxovv/Udy5ZstW6scl5s+fNnjfroOcfufO+Bz304KN33fdII6u/6PDD9tp3j4mJ6fbE1HYrFhUCeZpiITiD+vDIRRf95vdXXv/Bd755/lZbttevq8+eDTwRBEVeABCIbppyrGXn/uxXH/vY57521sePSbO8GE9TzszRTGYCKW1g4/1lKKTVSeBT2OIlTaJe2RaqTGP37exUnq/y4Dy7rN7La6eym36hzvKW9oVtb85q94McfdFIEj3rWdzSmbw+PZZlpZZ7thas6wgNs1dtZYXlvbe+mfEp9BzImBb0Cjr9b76SV4mtsNI3iyXDtuvhj3i8ephK1UqlB1DB1SDvUX2FPqQOU5WNfbkvlf6244buEkUds2sGbAei9HofImcCrdV8iBYaGVmgYMzIvthCiwthgKZJ37Ajb6uU4C1AKKGoysFxv/YE82iEwFhmIoMqQskAT66x1KA0J8qTNzHtB/PukqBPNpGh4IC/S9OjtmI4++AndZfUThuvqjjk4VHhL4euqtC+bQVsPT7aAZteBjBHugEAet1U+/9dryVJt9UIgseVKNi1HugE3vpMwQI00qnh6kNNDZHeOz0DHtgDL809p18CHpjdkpX8IVREeGbGeunV6wKir1S+ZyXMWiv7hD+mEk28odxcyBA7LlWei/OqTc8922atS8heZ5L9XgRvh7KBB11lNAfJ9NGHx5Hwu7qwnM/EaDQdIRZlx7rLaFoEUC86h76Xb6oqvR3t2pV46untWFOV2zTery+dBKBPmgQzZL7u2bz7VDLE1V0g7xS9ctQYAEpFwqy+R793x2+uHGoJzUQVtPDJs30J6694rFyPT7k3zcpNetXbiIw3iKZIZOaoRA960yf2q33F76lHILJ7wMB/unSZqVXBNAjEx9YM5gUQ/i33oRIQenMxfPeMs4lMYiLyHNKBp9Zu/OEFv16x1dKV22797LrRNEvGGI6Oj/NaNjEx+fAjjwOwWlav1fh0a/LPl13/4KOPnXjy/1ArF6JIGNt71+fByMDE+rFf/uKiUQ6vec2rgGUg2sCZ6WZG3ckf/fyi5x+6z8pd94N8E7U63dZ0Uku4JJ6ko6ObNo6ODo8MT2xcf/XfrscinzdrqMjFny6/9KRnnhSikzGei7w7OXXPI0/wpJHWEpIEiAVhIYp8dOOxxxy51147DQ8NN4ZGDjrk4LmzZ68bvXL9+umdV26/zx47j09MXf7nv81tDL3ypcdMjE/NmTuLZAGMYcKffmr1g/fdD4xvGBt/8NGnBwabTzz8xONYpJgRERXdrhCdduv2O+4ZrGVpmuZd2Zpq0zwgtS0yLzY9s/bQ/ffZdrttBuq1LRYteMEL9ms2apeO/73dae+z284js4a63eInv7ikXk+232abuQvmz1u4GABQFF3J3vPO173s5cfuvtf+/7j+yje/4wPHH/uS/Q44jNe46HQBEFAiciIkWUghGAMQkqV1Bp3O1PjQomWXXPSrf/379q9/9Uv77n/w737z81Pe+ZFvfv1zt/z9hnO++fOhWY01GzYKkQ80GiuWLU7SZMkhB+66+y6LFi8S7TYkLGvWf3neDy+85LLpdnfWrGFkfGhkYNvttr7pH7etfvqZc8753qV/uKIxNIxJSiQR5Ozhkc70xEuOPvR/Xnl8IYq9Dzy4Nbbh9M+decSRRy9eMBtk+6gjXgAgAdIjttoaAG647uqf//K3R7zgkI98+L1JY8gJaHd9Pt2SQPU58++985Yvf+27HJOddlpJxAAZMA7AAbkgkEXOEeqzZl1yySVnffHrr3rZ0SecdHwxNsasedEOKJIPysrB9Sr95Eywb6aChJBRqHpaus0LRgl4uAd9M0RYOq7aEBTO41iL/0drOjD8Rxer9PVstcH7Pw1ZPVvqicaq6Tes8Zjnu3/VFwXsV3eCQXAP9lkz07cFD+b4JPXqWrXzaI2HNUhefJfCshXUlD3bWKW7YUP/QxVerXAd9R+1PzJebVUmxzxbHTyuDor0vfrLSd+xc0RGAZ5+l+VRfNMU3Tyy6sGWeErpyozdNIiq5GVY58uJhSu8+akUNqbbilxqn8jytEXQDhp6301XA8QAMxiRoAu6yAyI9xRl/9r8520DFEiet5uvXJEDdYq7yBAEOHjVq2nDHA/FQQ8wRgF5Cg26etDEQAxBXlQmrKa8RrNElfX4Y+GpLDejLKlrxeeXf0SmCSmWqOoz0DEU9wgi8gubjK5vX3qTrYe9NHnDJbz6jeugF+KCb/nB0wdW7N18rEDwPdjolYn0fFXez7Uzw9ltmwkPcQ28cIBIh1cagR71ej3UXfHQkY33GlVbWUdsoUqcCikNsE4wQ3oUKTufFTSUrepmcMRMrTmGP2E5dG1/jvhQxio9aKm8Wy1t/fWwmkPo6ZYwc+9pwc1DRnIdNXMjIDqwuz5TPE856Hh51XhEuE23+hOREFEhd2Tq+GopxJJ5sz763rcc94rjn1u3niNvNJu3333P2059/6H77/PFM89sd6dSXhsZqHdAfPijp99z+92ACTAEYkQwPTmRdKY3jk01mrXH7n7qjW966/im8al2RxKknEkpOE9XP7emnjU2jG5oT66Z3jA6UB9AnhAAz2rNLLv1ttvf9u4PL95yiw3Prrn8ir8t326HdrszPT2xcpulBxy479imcSZJCsETzgfn/vNft02NtxQ7mwMDfHgYUALB1vNmd0fX77bTLj/+4YEAtTvuvpOIzvnSp9NmUnTguFe9Vko8+4ufhImJPJdUCOQpUPq+938gFzmDYuNE+9T3nTa+aepH3/1q2myixARFVmt+6Zyv/eo3f/zxd760aPGiJEm5pDorZKcLCPXh4YGBQSAJAFvNndPesP6Avfc99OADoLl49VOvWzs6/fnPfphlQwC16278x1ZbLPzut7/cGBqQ4xNFt1MUxcknn4xUZENzn33m8dM+cVYu8Mijj4C8PdXJAUCwBIETIAPgGSImnbzbnp5ComaW1JoDDz/84Be+8qMkbSLDf/7r+rO/9I1m1thpxx3H1q096eTjd9lj77///W8X/ubS97/3LQcddgyA1O5aZ+PkhtGsmU1NTn/73B+v3zh22IEHCyiaA0NT7db3f3jBU4+t3vV5O6583sq580c4YrtdSIDBRvLQo0/86fLLlyye95oTX9WenpZ5++KL/3D3qgff9IY3nPfjCzaObfzWOQvqw4M333Ln/fc8sGzZ1v+86d/r1o9u2Lj+N7/7XTfviqKDQM0022+v3ZYsW5zOmv/cM89+/PQv3HHnql132pGT1PFeRHXYbqfTznNZG97iqj//8T3v/+S+e+zy9a+fuWjx4vbGTUmWIEk7UchIdQRMgmnrX8YR6TVP49SaQZ/uvq8/mcYlukoCAMlAvau0r1WK0V3VnhVyCUK/on7ZppKi8zNkiYkmaiagr27MQxSpIktfaCNtrb6xjHAumj6oKvq717qfJkNYtveesg7Isx20mrjMFCjVYzO6MRm9DKehpzdsCT2FHuaKzJmKfhuO4zY7V8WjCLU479E254fSyUVhK69y+hftu1J96B/xPPZlAMBkkAzaLDdqx67X8oMAjVk3Hh2ANZv3FK/suvvAvbKZQ/QWQrgDQ5H0fIVAtBQKtxkweye2pwD++iXrjNoN3NFyKZuRUMqowgXVYMDUVM4S+KlQ76xb8sTNe/uTqcz0z2sErctakUnwUImnySBilDoguZdAkWVLjJHK/XL0ufXGaPR35G2j0aqk4vvkexUquYekXsJhDwsJdZenygJQCyYd5C3CiHJ4flgzcNSUwATwVE9FUznpsXPjFp9+GW2P7AkfAzn0bpecAr/pgBNGRNFXXW7AQnUXNhYnG02KtoJANw09YXZ6POiI0VUEKrfixsf9cYrQa0O3YyYFeUJD5tlAeZkpatqtZrLn+GvkbJlCpWe8nqOdTn58E6DHfPfqsfrWJg4jjR3oIs0xX3MGYhG5rgGNYN6QabZUKOsTpqVshyoUUSxnHv2WbOutYaheqIp1DpHY4lETesI48YkK+kbEciauJORz1EGAeAb5ddmOOG6YoYksL3gP2YHsEdM3i3YqehSOJvg6X+0x8cN05ZollYYpvBB84637R9ZM+DBIzW/SCstvVwENi4DUkVFaOWuj61tOD4KzkrgZnY2gdvKLIq1lkA4k6STydHBkzuLFW9ZSnqR89rwFG0bXCsFyifUsmzsyWwhlOpgkYAiMJ1mapjWRpFm73R0dHR8aHEjrTRKSM0zSJE35M2vWIcNGfTBLM1GvJWlCQADEpDj0wP0//PZN0+3OpX+6clZz5AOnnrJk+VYFiY7oHHX0C8749Gd8Pv77X38/+IiXdQrB601eiPHJifvuuXvdug2TY+PLly3df989BcnW+PSUKHjKkLFWa7Ld5cSHao362vXj05vG84nxWlZPkowICkm8NsAREmqPzNtieHhgup0v3HKLgup5VyQ43Rycs8W8EWCw1ZYLZs+Z1+4WCUhsTwCTjCdrRzc+dNs9UkqGbM6soW2WLRFAran2QKNbiLwQxcZNk8NDImnMQYQsYblk2dRE3mmpF6czkgVmRPCl//3qHfc88KPvfHHZopFPfvxjz63ZiCxRgywISRSDs0eQJe3p6fHR0SVbLvroJz60fLsdv3/G52677c4tFm7x1a9+Iwd64JGnv/iZ03bdfVee1J7/opcC1PbcdYff/uFPjz61+iAAAHju2Ucee+C+5UtXjAwOJFn26BNPbxob/+Cp73jH+94NIAAGrrj0V7feftvWB+/3vlPf+LLjj+N8pDu1mvM6r88FgNE1Txx85OMb14+JbiHyLktnbRpvL120eOX2y3/328vWrFvHa4Mil+ef99Nbb121x+473nr7qg3r111//T/vuuMuZDjQbDBiswZH5o4MLd9xu/Vr1p/+qbP+ffu9x77wiLXr13WKHCBV80GCzEU+XBuoDW9x7TV/esMp712yZMm53/7i4i0XT6zfWEs5gnqRKBIwI/MmE+oZwzBsY1S82Sgaa+lQnxjN5qFNcArRy1WBmYOqOhabczvdvDJu2Z2PkuJQkjGIvnq1TgoZRKTpIq9L/mdHjqogWn9bCrP2uqqMhO1PdUUuKN47yOe7dqaJanLi+mdCdMVjkRc0s0qiKnu+sKvyskZss81Z/Bo9Vxl3LzkqbozIAoIZsymu2QxEv54aB8AtEC1RSD1Gv4dxjtYSK9Nb8bC1ZO4n7Pml6gr42RP3e7d7yGTfRv4jKamuQCGP0APwwh9V/of1l3oeDeMXjGIr4SM2NzajnpgYha8aPbwbPktErHrhoi+zBKXue88p/EAMAZhSwvqFkJujU2nrsn8RCk6PmeMF05wmMK6QX1O5fAz1+01Ossamov+b0SRq4sxAuTlnu4oZ/p0gh1amG33bU/rRuxc7t/Zcm9ilcq1Ee1QxJEGpCd+hsj8A2F1ofRVCEEQIryovxZXyFWwUk+4T8itPZ0/G43deVVBk7HqFoaiwwqhZgGFUwrzvRHshVdbQRDADyr07lal6a8JmclUiHsvSmUhw6J8bjBS+kauioYp6QHEhvutI62d89U0w2ICqn6Aen3s+VKXoIxoNuwhBVlgssvHWEGuG9Rhr0Wf3CbkqfJ0HhBp5V88fjY7RlCbmUDNTyx0BgAHyrpBjE+PdbndqYgx5rVlLJycn2qJotTqd7tT02CYJGStSEKzTaUkpABkBkkSwQS6C1lRnxYrlv73ogrQxHJFyycUXvO4t7x9oNBCAAQPGEEgSMCkPPOywAw8/vDu2ceoD71+2fOWnP/0ZgPbYxtHm4NCd9zxwx223d/Ox+fMX12q1dnv6uhtu7LZbBTKsDRSTUzfceON3zv3ZutFNq9esP/Sg/fbed9ekVk8HGw1oSkzrjcbQ8CxMMiDIO7KQ0Jw1F2YNQS6L8QlAklK2JiZEUSTQqbUmp1qtTl6MrX9OsmbRZSnvJinIQuRSjq7dkPFapytRFo0UEqSkll31+8u/e+4vu4VsdfJXHf+Sj572toxnGW8yKZ95dn19cHhweIQz1pmebk9MFxI4EmeMzx6RYxPdvMtqjaHBkXPPPf+nF/z2kAP3f+FLXjS1Yd3SrXcYnDfJGE8SBJKErFav/fj8X2wY3fiON792+HkrBwYHmo06FN3dd37eJz781n0OOOgvV//1+z/81QmvfMXxr3gJTxKAOoCYnBhd9cB9tZT/5Ge/fuiBh9at3/js00/fcuudn//MJ1/z6pcxnoIU9TQRRUGtsSfXrLnnrlU/Of+C5cuXf+TD7zrkoIM3rH3yb9f+7oJfXbrPXru9851vGJy1xaxZw/vsuHL+yGwhZK3WmN703K23/FsSY+kAS5N6vT4xPjVnVuPEE15x8uvemOed2+781Mrttj/ttPcNzxkBgIHmAEeepcnWKxYBr/3xkgsu/M3vP/2JD63cfptPf/YrhAxAnxhU5G3g2AX26wt/8dGPf2rr5Ut+9L0vb731ion1G7M0QbR79RHsfzY+5DRgOMOMKZ8JJo9zM04T6fnppqlTEQgAyMy0LL0KOJ7/M7usyZ/ZgwBQOh4l0F2U+Bo5tHXWkiptDgY9xhsvbWW2GPUOmlLYhyrE7FFgw8kAACCr3NEocqnRpKcTfeTmEeOHJMl4IFLzoK/HFbl/fYYkkr3qZ6o8MS8GDq54VWygwq75d2w9No0ZXlUZNiAAktKVKjcROBXkSgb1IAAQViTxjcHx2Li5LIQphuANSrCzyfxBm35Ud5A8veCT6qTa/mAdPBsWIvV6F9tGr6gBlrw7A9P7TNY+IMb9FOIPjRpZUK30hTD0IFw4KMAiNsZuxhf9AJX717Zr3QnNIptS7YHkzDQ0E9B1p6/uQju+3pmLjgi/ywRAFkoFjzFkDJGximKahvIP6kQ/TyPogTYZTcNWCXo7LugxVzl3G8NyAf7ItNibADppBaaA53T5MzcUAE9GAbxc0wyuKJceiBaCR2zIomjftVFMcX8Qtb/Xm56oaZslDia3UZN696n+Zn4z+s/Na2mYpoNrfmzY03sWJkdou6TaKzNgrggBqHR7P1fSqBWvRv/hwCz55ZTKdflCApeMitWCzaNah3PmkhA26hJ3gWazUctwWYpVl4oODwLZ0YrneGjYfJNRHUK1j1H4W4QZNHdCS199hTMdWUUMTspgVE1uPh6pADyE8AA2QMm/pjKVGpUyT0BsDbUa8PjZIxQ2E+fTliHle5JfA7OFSR8KoHQss/2lAAFiUCMQaEOjBQHR6aiqA//QvXIwHFU7GRGQ9NojBshMjcoBZXkh0iTJsmzLLeYm9SbwxtyRoW6eD82aXcsGlizbCpAD1gAEN4FLIyREyIBxSYgMOx150z//Od2VhRQEUE+TWq1GUv7thn836gM8TYEhsERiAlIAY5il991z39333HHwQQdNTorHVq97+olHp6Y2zpszi8v0ur/97a3vPHVicmyHbbfv5t3p1sRjj61+0dFH77TtMjk9xRhftmLFm978RkF0/s9//ezadRMTm35x/sUPPPH0yPDg/fc9tnbd+re867QaZxLh7nsfarXa7zzlvbWEHbDfvse//IWI2BwaaCZDABJAAHApqJY15i3eEqAOgAACoCYJAdjypVvV52wJIAAkQEdu2ARC7rjj9m95y+sQ+de+ee7Tq58ZG137k/MuemLthrzbveeBxxKWvvM9H+5Mt6c7nfsffHzDxvE3v+mdKOUhB+x78gnHDg0Pjrc73zn3m1//zo8l48uXbgWULN5mhw98dBcA7glYDpA+8tDjq5997rNnnsGTIYBpMbFRTI7+zyuOq89e2J7c9IMf/uAFh+x72odPXbx0u87UMxf/5mc33HTHM2ueu/e+B8fHJjaNTU2Ojg8ONfbfZ8/58+chFZ08T2p84by573/323fbfec//P73X/7GuXetenxwaGSvvfe6+6777rnnrosuvGJyvD0wPHvVfY9uWLdh9rzF3anWhz70vuHhIUSRjsy58fLf//XKK5/Z1D39jC/ft2oVIr3pLe86/LD93/nuU+Yu2O6xR27rtPM3vOk1r3/jG+P5Iieh291m222+fNan3/DGk2/6x9+npqY5IgAU3ZwXlNUG5s+Zc+VVV/7rhusO3nfPL531iWXLthxfv7GWcIbAAsilZDgwLqEx8+6S93dmKDFC3J5CNKEgcoFF1rNWi63Q6jvbVs8ouLXaYS3O4Pbsg0F/keaTBKjznw4/+MqtZEHiVKGzT8a6RGq60nuhvkbc76qfBXV3TF9Cfyym1t0nf59DBGrBLODsTUsPvgZdKHm9AR+sWi6DsKrm+l0asBrcEDkw1TUGpxRWVVntgpYf6GHsYw45396Y29hRMZ97cayyDf/JCHsow6lWOIKZiZYYV0MQW3A1agfUzC9HabR3sQfWCXYllnsSkm7pmUkE3fxUCsRv9tyj8CqrvojUSET7eYm+KuntdcS3jdxGkmBBbbSMLWzPV7p9uMRA7fsEBGTMvsa8/KT/IUqSWUXhafagJHmi4irxJxEFD5f74T8DHu6PLquTEMpZ/8DX6nG5ldNovxqyfKaW6ETdIrhMI/mmzyQvgiOxeukeJ+0zScCiW7mJtgsmnOSxL/BEQ/JN9hDDAbI9g6D/oS/h2TJnl33x6N3Hat0YLtH074M3ArE6c49VhHd8F9QS4AdDyXs0QiwlPV8RxfCmIVkX1LlYofmOKi9PcK+xCl3RU9t4zqqdc+Dxv9I8ef2y09LrKZAVWbuapoJOfyCcOqjoReR29roMQzYTJHCLe4PWYj1f2ZY3m8mvwEx5Bmh3V9peuMK+Kon47IsTuX/R7IFBRLWE2NRoN8fY/RPklfP6Yf5FUO/OQu82EE+xK+g3f7zyydXPrl0zWms2RoYGn1uzdnKifcPNt5x59mfb050k4QhFXhR/vvaGOUNDIHKjmqREIEIBwLLsubWjn//fczZt2jA6Np1yxgibjdrwSP2hx9YNDAxKKZS2I0AC5IwJYH/+y9WXXHbZkYcd2O7Kf1zz9+cefbQx2PjS6e8Z3bRp8aJ5r3z1y2+58Z9XXHX1/xz30hXb7nn8cXOOPOiAWbMGCWXG01332HPXfQ8BwCceefimW25vNAaee3btjTf+U0pYs3b9iqWL1j+3NpeikNAWxHjy8IOPCaBtt9sRsxpjyQ3XXP3P2+5J643JVqueskeeWNPN6XNf/OZgvQGCJBLD4k9X3TAx1f3s17830mzWBwY40GCz/ooXHjU8NLj3/vvvffDzAWr/vPHvEiQwvmlyavXq1RNTnbbEwQyffOyJoaEhAs5q2YaNG1tT08jYk08+0wVGBJ/97Oe/cd5FJ53wPw8++lirNU1I1G13WxuRc711hChvT2azl3XabSC5Zu36+bNa+XQrSRh1WpQ1ieT73vPxtWsnLrjge9tvv8d99/xr7Zqn77z1tmefeaY2OHj8sS/805XX7rrrzh/64Pu22nL2gkXb3vqPPz34wMMdSc1CNBuNk096FSGseuC+FUuXDQxtwTK2Yd1z3/jGD6emJlcsW/6Wt5xw+FFHTE+27rr7/jSrL1uy1a577AZE3clxmcv5i5ed/qmPb5pqdQU88cTjG0bX1bKGKGjTWBvxqa9+9WuPPfHov/992ze+9fVnVj/GWb2eNWeP1F/4oqO22Xql6OSHHXH4YUceDlAbn5hKa4mUhRCyPnuEJ4PPPXvPqvsfhm73re96xwff88ahWjK+fmOaJuq134iooyfIgDED84KYiDcL7OZEshPMqDk05rWPqlAF/CrAfkQdREeDhtW9cG6Ttn6eDihh1hDIBLc3q+sCb8p2r4cTZd//Wf7dhqzMV8/ahSR7cKGkZqpcUP9L2f4Fj/q/Vm6zNIYqojamOWxBKcigTf/BEhaIAEQ1njCuMvl3jF2pcgpiIi2QKRHnGlbPM8aginWlGk3xyPb7TSiaI8gFJTnz6zRdq8aUBuxWZDdsBR4Zuu7NYVN/UZqRPS87bmoq4QVfUpWolBG3w/d6T5Q7ZkKflKpAcRC8dgrEIHUI7mzmqppznrhalWE2BwSnxFA4mO4lJnq2+3lhX5osn8uJGIpdnGiMHN02UWhCUH595QrAsd/q14rhDmJbcRUVdKH9x8NFDBhDVGdYIGN2MsekVQhbqQdYfT8QePebdl5ijF06QUYLMkWzLDAAgZ51xIRHT1Vf5Z9jXnqTyG3PRmuLnLz5tYbk+UrVupdV7nFAR8kQKGkIVoF6T5KbbnF80Cgr27HYH4goILAjFa150Q+6gtXgvnrNf8WTijDmvA0sN9H7cqOAAFULb8tp5EC6IlUfciloyFNZkScZ6gFlCOOJ7IsUekWqg6G+h+mdaABVQuJi2aHjF/EfIdj2GrVYRYTpdVwLQCQ2vXrh48jeSw884+8nk/0nejq9oe6olhYrIV4l8bI6D+5REHxDBoAIUq/10E/55xiBPcCLgNQmbNLTz9Fk7IlZRRuTbPsrI+4D6HkcyRMCAPjRQgkgkCgX8tY77l399DN5XtRracr5pslWV+DqJ1f/9tLLEbBZq9cynovisSefXLj7HtDNASSSJClF0ZWUiaKYbLe3WLTg9a89sVt0W1NTtVo9n54GhoOz5915+20//fnvOpOtQuaiyBkmyIAhdoqi3W4Nj8wemTvSqMFQM1281aKhkWbabAiG++yz18c+9JFnX/ngMye9/uSTX3nMC18BAF/94lkTE63PnP3JfONEvmmioA1Qa7Tb7SIvBpqD7/vA29/8jjetX7vuxa9+8wdOffvrX3tSt7upnaevPeU9IOGSX57blcVgowmyC0ny1BNP/e53lzeHh6amJjuFXD+ez589fPVVNxRU1AABKJf5M+s2JZxdc81NdSbr9RpjycqV2x37wmMgbUyNtbvd0cHB+tT09NDwvJE5Cz/6sfcxVnv00UePecVb3v3WN7zlTa8baLKsPnjgEcfOG5n1859+f6iJk2OTWSPrttopS959yms/9omPveeDH8m7XUCGyDlLQB07hAAgeZKmaaJWAiUcU57lKEgWmKRZvX7+j376699ffeTRh//lz9ed89Xvr372qXe+622nfepTA/U0a2Q8nTs2/uZHn3hm/sLZCxZt++gj9576oTOPffExA81mt9POu4LydmNw+KQ3vvWkN77xkgsvWfXIQ5NjY/VGY/+9dj78iBekA4sAWHtq/emf/Nzfbrr5G1//Iko5tW59LcmKyamdVu68007PAwaQzb319jvWrRv56fnnLli8BKD70D03rXt2w84777hmzZrfXHTJyMjQ5HT7+r/9e8/ddjrmmGNY1ui2WjDV6XSmBuYsaDQGgLFCSs7Z+GT70l/94Ls/+Pkdt91z8utPOv2j70aATWuebdTr6jgfgQjIGGcEDJEDqJ3NZkJpneCDqTDXpSOpdiagmWPhpDarXdBNXQ9xetPPVoFWSyDosHxcp+/p6Clt1g1reiJFV4E+yr6GVQG6O0ZtOBsbIJnEY40zf2XEMRML2usqg7joJxvncxbOs1iVBc0do2ld/su9UD58LqAo+ltRqxeCrXigfMJhFarG8CfNWAewPJMcXbZ1z7OtphW0/+ZGLaTEmnybM6msCL16wAx3RebTgRvrqoXkm/4Y75ugLLhe73zb1u+ytPnjYkSGKdMWrtn00zPOeJYmFRihCVsz4Iw8CGHq1u6pj3c8PUDm3aQmqeJBZN9vsiWq0FgcI7H99ZwXJ6JqNErqrZwm9TCEWjhqMrxR/CjMRlaLaHhVAULXaLBPzN4MnV5PFcRXWceZKtzvCsIwZIwjcHf0UO+Log9G9IMfnYfml/SYE9wuqQAqfSxnk5yeCOwPBlJVaZT6qmWyPQr7Z+uza+P7BVyNWvFIrUbJQQimVwas6q6K8vheaEmWogkTPBy2ULEkpMxEP5YatOAGwxyC5cyLd/WLl0Uja0vEB97oejwZQHsrLBiWCATPmiE7awgi+S113g6ocUChdAC7U5b+iehxhSG9pi+uhgpjjT7rgsHyYppBW0ZvRHUFw+qR548rOSJNIwb3+DnkSP2GARHLmJKhD+JKAbPL9qU8wXookKrLs1xhFeDHHYMfAPy1r+HPvlqsGiBTg0VRpHugfwqmXiDlJblTYlYh1u5tZ65n4fi12m1O4i2vedWrTjhhYmx9Pc0ag8O33bHqQ5/81FGHHfrRj3xgcnq0kWaDQ4MT053TPnH6hqfWAUOQgoGsjQxBfR6ASEbHM862WbHla17z+rinAPOG01/86pJlK5YktflDCwcBMN+0gQgReMoIiabb7fGpyQP23/dH3/3S+rVPsSQdHGyAFN28nQ00t1mx7CvfOnfbHXa+7vq/fvhTXzzzkx+FvAAhkXHO68STbiGFlFDks4caC5dv/+ADF+ed7iH77ZNmLGW1ZnNwuFErumJw1mCeS9GVVCBS+9jjXrrHfvsiCin5c89teMtHznzR4Qe97Y0nTHfHWAGAVG+MfPu8H19zwz/PPeezg0OziiLnvDZv/qyRgYGuYJDW0wTTekYEaaOe59So1YmlV157fcaTYw4/bO7soempjYhUdDqzmk0pBeXYrNVlt5NktTPPPINQNOYsl4CMoV7GyThxDqTPtOKMAejdkRI5IAfkRdFpzp378wt+8f6PfwFTuu++Ox647/ZaNnDMi4/cd8+958yZ3Z0an9y4aWje0C47bX/Rby+/86575s9b8JEPf+zeVY+f9bmDa2k2OT5BVGTNxsOPPX7l1dc88ugjt958z1RXSFHstNN2Wy1d/Pd/3jY5Pf3wow9f//fb/3TVDelNNw8NDr/1Ta9ZOn+ObHeAoSRZdCTPUg5IRZcnWUcWD91/V5rSgsUrzjzrC2OtDoCoZ+nypcu+94Mf3Hn7fW9/y+u3X7lDMT0GPCNGjHFErnb5gaR//eO6z37mzDvvvX/+3PlzFy6sZwnl3clWhyc1hshA8HoD6jXo5rKQeg25kmsiM1M8LaEnmBeEiXGntTYQlvLnV3AZPRRY6Ngsq7s6HB/+RGYrEFarEl83UjTdN4sJ9cS2jp0HHzQKRkBIDA4sRVuDco4gP0HhUwkVEMkViR7ujVaVtq4AzR6PtBnTITqFZAO9p6FXZdOOUG0DykA1JqyC1EoI4lnKmCfh8+jfN5a+l4fpFjVVhr0rS/nVmhGvbsJ3IIkq+xWEdR0BRr7K7Stoq81P1bSJvkbOj3fTmV0Kxlid1+xjHAwqdiEYfUar7VeMDbypAOYNoZFweltWwLSpU6N+Jd4z/q5XG2L2vI6eq79U2sdOPRNED6x+Gd5UfHUZLfD/hI0FDVcnf2xjvsvUN2Ng72BYCiyiDUlwM6VXPqRENaI3Ri4iiKgWBiAC02/jCC+/IS/OF/TPiUSYWtfPhHJRcUaL65FWU2YwTWNEfsEgP2IWypqOlhAneNETDH8BQ7QjFqE87pFxI5OPDXWs3Yno33T1VunD+EZARKUL4a3tLRtOu5+lomAZb6Nrq5ouUmdD9aCyXGdVTywlAbD3tbrRMMpBQeMCaQMVadqw5rAKAHMQO3ncqdT8dkKFwu21E2g4ZVx1wUCEPFcQy52KOm6CixElvgX0DZzfQTI3lQeoh4aoPNv744qAEhvK9KKThgw922ON67MJgvtUeXYuOCVp3wcA0bD2MsfGtlX+6qvEQHuUSXO7s0JJxEoeSWtGwARMTaeZekWHFxi1UuahL6uiHAvMv8xpDHSg2dM45PW6z9xilnorfgAAebebJXyXnVduu93K1sankzRLB+dMT3eaCdti/uxttt2+tempjHOeJl0BC+bNffqR1YCEnPGUP/X0EzffvipvtR9/es2G9WOC8B83XdvqimdWP5VwRElJo5Yw/sfL/jxVFBddfuW8OXNEPj131tz9994NgBNBXuTtvJtLbLXzLKsXUBscnjUx2WnWEgKZpazZbLzg8IPf9/GzP/bZz9x356p3veXNH/nIqXm7JQGJSBRCMkYkp6dbeTfPBax/8pFPnvG1lSt3Wbr1lp2xUQBg9aRRS1syF9PjrSmJvJZxlHkxODi4csdZkLcgGxDFvRMTY7uu3H77520PRRuQA3SBz9p26aLrONtx5TbZ0GLDxw61WioEL4tCSEAGraJTyJwjXHrpFV/7zk9feuRRS5YsmhxdU4iCQy1NEIGo6OaCSFCSJUCYDQx0um0pu9YCKPEh9bZuQABGRAASAYgBkASSQAIZQ6Juq/P6V794hx222XLJlvMXLFy+dOutlq0AmG6te05I6LRajfbo7jvtOG/u7N9feuWf/nzFv2+56+wzP7r/fru0J8eJBDCqNdPv/OCH3/7uuYDZnPnz5s2ev3CLuZBknz/nZ00ut1+x5VirO1gf/ORHT737zrs/f9ZZ9919z/e+8YUFc2dRe3LNuvE1Gyc3jo+vG13/5Oo1z65bf+p7Prhq1ap3v/OU97//tJE5i8GEpdevX33lVde97GUvff2bXy9yKXLBsgTNjnIhJSKIPL/n9luefPrJT3/yowcfsNe7Pvix0fXrSBBPElkIISFpNlavfm7VAw/uuOMOWy5bLtsdZAiAIAFZtBDeakjzj5ku/ZSFKQmBJnS/ovrqElhop5oHXCTI8g6k4CKnTShat1iN3r2QUgkfmptevsQvRUSRHk48C+cwku2l7X2ZlM15ku6nqKxfMADltkXTHwx7W27A+dPm6F9taexKH3vkQKUS7KMZEcvWJUAEJcuKZQNjI77KffJcaGYq0drXi2ED6HCFF5TVxi+4WY7i2+/mN78JX/6hRD/aEQlrj5tz1tEyJ8S0qOeebtoOX+RkqvsqKuM16n4yVJlqvXVlvnC7jqIrRO5W2KqtUmlTLT9GVsD5fhUTT3fcDr3aP23kLX6a7PzEoA63DMzqoAjBGAICgOTQoVeZPzXIvCSgBwpH7wOajlgMAUQ2C+pX7jwHI34BO0poOMDH4AbUFzw3TlVqAapUSpVAkDpZXCCABPXyLaaHmog5L81mksM16xSKhK/x1T1PJaJHvDdeQW6/cneAo5fQ8+ZiLeHln6PuhjVVGAY7OUsFybNveg2pBNdOKfPpbdaqEiFbO5kBIl8k0LygxGk4jwxHZCBBGEhm9UFlLq0a4WDP0ro+V1si55lgNEc8t8w9HXwPR8YYRENAxWqKsIcIEcfC3nkhjchz0sMRKVgM7YIq509tq1o8hBNKhXnC5L6VKpNg3mKEALJqwbAET5/bgmG/A7GsinX6IZxA71nftRTQCdryLGD0ZGQG7KzU3CAZrT0hIH2cjlZx6D4AGfaUBKrvBDFd8dV2tTWpznwiVjHNfPAXtKLTbD0vAiBp2mHm1ZrSnDfn7Xt3tEh1AqMZRX+iODtZps/7Ac0dsulTAwbAVI2+UtXj5fSyBCCGiAzb7elua83Gtc/V0myoyCenJgXjGycnOt316555KuNJvZ4Kjt12VxJBUWDCkfHb/33bl756br052O0WhEljYODcn//m6aefXLt2tIYoheSNxtBgHQm3W7HsG988L29PC+RHHnLgfnvsmoMk6PKESaBmfWDO8PAWC2YnvIY8GRxg9Vra6pIQkGXsiCOP2O93l13x1+vOPO397z7lzRzyrmDAALqdrJlkQ/UNG8a6RZGOjLTXb/jI6Wfeedeqn/z4+/XGQKcQtYxBo0nIpltdztI0EZL0W6e6k9OddrsrusOzix/9+o+N5uD+++za2rih0wGWpECtgREASV0h1q4b34INtLuCI6UcOecJSihyKQteG+gWuGnNpjRhgxn/3o9+Idv4+hNfPtist1tdzlktTTrdvJ0XmGSMFYSCcS6RdSanuqJojCSShFBv8CGSUu9CkoBAQkoCKHIpAYCEANFlsmAIYmzsza89mb1jAGDACsfjD6+SxdSiLeanwFi3w5PmHnvstfXWSy/89UU7brf9mWd+4tWvfFljsNHd2EIk5Lw7Nb3jNiu+8uUvLl+8xTXXXPv8ww889KgXD9XY69/xwXZr+n2nnjJ7zrBsw2477SCBPv+VXaYmN3U6U8RncxTnfuf7F/zuz7VmMjQy+PSGDY162siyI15w+PN23AGoeObRVb+88DdLtt3pxS964Q++9x0U7KOnvTerN9qbNmSNjKEgSQxIHXIqSRLKl7/qpOcffsg2O+46Prq2ltV4LUUgxYBcyFpWv+3u+7/0zfM+/L63b7X9TnKqxXgK4JADgQrlSM9eWW2OxiwEU8lE1LVpATBujZs7/pTFaPbGs5IMFBcSJejV+MzWo7NDFC4D8Se5tGrTx4p+G6E1tl+NngSQFFUA1gFFAFL5z95+2OahUCVe7OE3lx+j0IZT1J1q3lLp19BIl4tVdyPSmaXaEIFCM1nVC1eV3Yof1Q/VpgW9wSPPHvcajPJ9//FK1B7e2fw2S+swB96y80MCcAXOBTUURKDcNRwS77kiJab0oDCEXFWPGcDtjLSD4D7u1s8G/QhhS7Vd9xJYPX7zzmQI8KwNtfQ+8aLytqq6imLsX6ZMXgmZ6YYRmfYjVAqizFin5GzU36e8XGfVpR7oE6tyzW1GRPVE0x8RGIEEAgSGwEAldRDUG5crqAjJRfMFvX0VUXcwlgi/F1QtimCJDOTR1oNGUGcAZ/tdsaz24K2vZXo9WD2fPG5Hj4eLIHoQF7QUCp4zoYYnsQtqh8iZNBOTL60q17azmpCq24Eoxg94g+sJZNRPM+V7NBmZZVNPQCSWa6iagOHxQnFL9uSkKMAHFSVCa9Dv1L2Kq5K9VQLcb1KUL2sZPRNZEXQOdUevDC2EYhbGfL3Kqg75QPNq5cpfY0Gfmfp1u6x7XOXYMfWIZPVvplyx+8RczLM0K3taO7AzEuIQKngz1TiWVUqsWjcoO2AKORPtcCkA8CRBAM4wa8zZYkGbZxkMzJ87Z2O9nma1tJbNXbLVIpLAhuogoZ6l3U4bSEohIC922nnn0z78rubg0ODg8NDw4AMPPvznq/5y8L677rnb3lR0kFgO8q57V01snDh0vz223HLe02s3jo1P77BiGTIJ0M2ytCtoaGCAhJCyuPnmW37yk++vuve+3XbattPpzpo9j/MM+PSy5dt84O1vfuCjn2IcEi6KXBSSJQDZYCOpJz/87g+vv/HmXHTvufse3u088cgTn/70R155/AuLThcZZ2kqABiJZnNQ8ozXigQQugWABJSIMHfxon/ddu8vL/rDG084fuutFxedgtfqxBIOxLOBNE1QyixLMasDSWAITAAJRkWasvqsebf+4+8PPvpkqwtXX/evA3fZeudtl534ipfvv9+uJLoMGQKwhI8MNodHmiypJVkCoiBBAMCyGi+YHk0djyKQErgE4iQkUCEBBHU73S4SABUgBZAARJLA07Q13Xni8YeffOrJ1U88Pj42ee0NN730qENPeu1rGiPDtdlzN42O/eKXv3rw4Yfzgr3x9See+OpjN6xbs2rVA1sumDO72ZQErXb+rg++G2Dwkl+du379huVLl2wxa2RydC2S3HGHHQ494uDH77//6z84/9nn1rz05S85/aPvhoFmZ+Pa7sTGLE223nbro446bMnSrfbZ54Dv/Ojc9tTUed89Z3DuYmqtKVobh2fPHZ/qfvMbP7jy0itWP7fu1He9eaedtp/YtCnJ6mrbMOo9zwJISkmc8bkLFg/WpGhv2rD2uW4h6o0aJpxyqWM3SVKIfLrV4jwB4kQIqJYVEBGgOYHaOJHhvAgmXgSNg0W5ZQuP1ikNZplnJ90PyukkWW3BnZPjvI++qrtyLYzfAQ/elPVntRZMyMfcqEEHxc6GM8YY3oGSDnVB0B7nLvgFq3wq58+YEIL/Q6jVjP4znltg44OQZ68Vj/EOUwN7dH+BPBfUXyrtehdminRr5nnH2sgdBQAv56k8NyKy742odOl7Jcf75KK9tJKuN+ZACPKo9EyEwzzbhWRcUJ8UKHsy0UJor2qfhqBI76y6C4cHEmhiNwZXOdjYC18CGe8jWJ1VHeMvRTWCbcZY+YhPNXpNQmkLW/VUgpDn6N+zfDBev5PLHjSQb+99OfLdZgtkyyeHmQQOMubLCXl09vMeS+JK4foCX29ANGiKvXoVkC8qdpAJkDHGGAAyIAYVgh5iLwufzPZZLDXp8cg4W4ZOoyOtrTCJql7wkbRyQLIqJ0g+Gmp6ST24diK+9WrM5a6tIoyly1UbaMfSog+yaah4EM3yRq8SM7gB2X7r5HU+MmgW2IYKRXNG9zpEw5WTzmpCIvtGpeBX26jrtj/HvIvMXkFd1nEJ1G6EkldnEQZCMMhh06ZyvxW/jrgUhQUqK9FPBuo66oUvPE5pOA4hhKtPrVT7deqvJeIdbVV0WtrA7TwiULz16i8nRcHYWQT/b4W2UfaUwo3loTxpsdXeZlDYu2kVdQi5rBxQUF3YR/8KjGsgrsGKfK+8ivFFx0KQWXnrLQfwbYrfiPrLTBwc9Z5P9de9QcV/OGhfKTq1kcEPfGAozIZAKzlhzNXMWbQKqDxoZPLhiEBSt0kAIGu1DBi/+oaba7XG+Pg0T9PBRuORx56YmOo8+PBTl1/2u6mJSQYsrSdCFA899iTP0rxbSAIq8m123H6bXQ4AoI0bn7zpn7dce+0/psfyN51w4rLtdlUvNQGYmFq39vy//bvT7rz4RYcccfihw7OWArTbG5/jKb/17nuvuuHW59aMvv3Uj/3z9lVAcu0zz8waGdl6yaL58+eun+jeeddtt/77pvbk5CH77/e64479wEfOlOPtD37ifUl7Om8LAeyn5/7stNO//NqTXvHUE0+//pQPPv+AAz790Q8fc/RBkDQBCmBNYIxJ+daTXp7VGyytZSmTrY6kXIqcIQwunHvn3Q+97b2fWrpwwTve8D+i2wVJnAuSxEiCpJQjY8gItGNDKAmAgAEhx79e+dePfPzsFSuW5oU47fQvv/SIQ0550xv33HcX0e4CT7NaXQgJyD70rrfVG7XBgTrDvDMlOAJiAsDUItUkTWtZHZHZjDhK0WhkkKbQZYBcioLXMmQoiSSAFKI+a/iqq6658Pd/eeiRp4SYHqwly5csWb71ts/bdY+BoeGnn1x91TU3XPz7P95z193777/Xzbfce+M/b3v9a44Vkr7wlW+f/D/HvvxFh3cmWyPz5qx9evU53/vxHy778yEHHDZ/4VLIqN5oSkzybj41OpYNzN5lz72eu/qaT5/95UsuveJTp7139+dtXXSLXCave8ubX5c2ACRA/S9/uey+VQ9snJjOhie6UwXnbGBw+GMfP23hgvM//4VvdpMaJAkAr9cYFQUDZqSZAAikZEkCyEhOjm8YnbtgiyxroJR5V/Bmc7hB0M4hReDJM8+uzdJs4RYLAEEiN7NQauGXZKI3xrSEWrE8/82UtRjBghQ9z8sGvMKpIQKShBKlVO4nkHRT3oKCEjRWajO0rs7o91qyERpqa/iNnvRMrddtVyjx6LB6LCJsMxeZU9o3+5j913oMtmmfbGswqlNNrsbqhhwxUW88hOHsfU+q0UDrMNJf5b/5nytitz074DVjbGdPy139S9BymaTQ+fSWsAYtV1XU36w64quDu7FV7sFmPz4dPaCxuLFP1uor2sjHJUEjPh88zOGss29BvaOqPFjpY2ZAW8Q3uBWzxFvRVj1MVGq6T1zc0h/iEB9mkDfhjSfgHUMC5hgkC/QjIVZwS0cPCKB0qKSTTFVnKawVILw+3Qhha3SVoa0e+oANPkWBkoxwFCJT8f5exw8piKkG0q6ys6oIofS+2r6unhf26jWUbjevGrFA2foSanvtz05P2CwAdcNEnmbooXbIP0DLrza0B1VrOuIbBlBWTzpvAqlp5WaokS/PJUM3w0sco2qBcoGnzeWU+ssjOkF0wSD71VtTzBiTfTfPeDUZ0ilchdyjN74+jztiKzQM9L3+Cr1XmpW9bLEvyBUeY1XvfEqiUFRU1u9lj/Er0WPwDRn3vo+BK0+wSscv8jyt49rHHM/wikzEZi8T/Qnhl/nmM9+qM2fyoIqD0Z0eXNYdZagOvAU9P+2bVzwDUk24NRgBGUoDoRZXd7dSSVRTbsQ50BWquzZwrMKHQEnCCsK//v3WO1c9WeTtNOEiF1LKZnPWE0+sPf3sb6cJYwidgnKCRx9/dMcVW3XynCUpS9LJ0Y03333DjTfdfv2Nt01tGttmu22Ofdlxs+cumBhbl+c8S5FDZ7e9DjgBG/+44YaPffprs+b8/IVHP/+4F7/gedtt88jDD33mC1+//8HHFy6YveqeB056xUv23mfXZUuWb710aSIm3/Xxz19/011PPPzo6NoNixYuOPzgQ07/5Gnr1m380vfPX7ep/ZpXv3D77bf+ybnnf/D0r7//1FNOP/2dDz706Le/+6Obb71rdLLz+z//bdbw8NBgAxnPC4FS1LM6z+DPN905NTE1ODj8/lNe3ailk9OTV/zpus9/5Yc1kOd8+6wlS7YopjosSZjMgTEAAYBS4uR0DsgYSqacJwJRCD7Q+Ns11574ug8edMB+Z332/VOtia9+5QeX/eW6Z9dNzLtwsJZljXoCLOl0ChBFVkuLQlx/631TE2PbbrXkjW94VbOWCan39SJjPM2MDHBBkGV87Zpn77r3finEvMHGgw8/sfV2KxmvETECJFmwBB97/In7739sp522O/SQfZ63ctttli0dnjWvPTH6ve/88MJLrnjy8Se33GrRGad/8iXHHvGV//3md8/75XbbLh8cbNz4rzv/57iX4cCInJr66fm/+fXvroA0efc733Psi45qsNYdd9zXmmo/9fSzK5dv2WjOGpgzeMrbtj3lra+77PLLTv/051//pg98/5wzDz70wNZUZ2LTtIBJKtpD8+ZNjE92CyKghPE2y7Ja1m13mo3sXe99x0577HHGZ8464zNfqfP06GMORSIQQuoICAEIUchOLoQQyHi9VpeimD08tGL5sj9e869PfOp/RwbqhYRmvTYxPn7x5X/dZsmyrZcuF0VOyEktoibQWVBQi6rIzYIALlaYBfdjj2NJzTQyOVIXNo/hM0lCIFAuqKQQGUTa2iehwjvpCX688v7nuHyv4ohElFRW7JtwF0gO9wfqfoTBSDJJEoDYQgSX0bPVxFWqWlckYLhNcuqTFUgNioVlFn97ILga0QdNqiyHyTDpHHU5h2NZASEysKjW3fStYLSUyIsyehzazKn9xoX32RQ/4pMaYz2EsriBqTPAmJ4TS+RisUHl4Pjbh+aIS+qOdxiLw9ARrCtTGnSEHH3RKj6dFNU+lvPAfUReASI1hkOv+3G//FnSP8vRi+wy7q8OXpBjMhhNEuuJKoxFKvyMiOXXzngcAn2IF6hnyd71e+4NXBkmas+q6tdK59NXEX4KKGQPGHfaIFUDWN2EMtSp55k5hK7SaQgWjRmJ9sSRvNH09FtEWfDexYDWyJG2DQSjRVo9WScbNa4rkxsMV6QN+sSDVE+hxEuITrvFPvUElqXnQgTvIaODvfo3W8bgW/PNV6fkfobgxBqvn72hr8e5IN1kGo1ynn0iaH6yJppACkdrJerxSFWJ5QNvenG70vzEGslIflibv1IATUE/WxtVZUXUmmm089bWH1qrSqm2FIBpmvyGbBDZ62JsenQBbcSgB8G9Kiw/Ged7TTsQGDrVag+bX1Lz1S5u7271rNN9Q/tvdFHweIlh1hssNd9jcjJk6p2EbrJbDWfPxjXF/T7bWWx1oDE/IWqyyzii9TRee1Ztm4YiS+oZZCAAlEgFggBgrXYXGL7iJUcdcMDeG9euadTqwFiSZpxhUYhu0SWQeSeXyKZa3Z/89IKiEPXmQLs93RwceGzVwx/56Jl8YM7Rzz/khYcffPChewEOUGey3aGkmXHKs6Sx29777Lb3vm9/wyuv/9etv/zVxT/9yUUgceeP70Kis//OK0887oU7PG+7LWbPXb7lFlhrAudA8t6bHli16qEdlm111KH7Lt9umx1X7rjdyu1ZmnzvnDMXf/6rl//5ukMP2Gf7HZYSFae+4w2nf/ydSHLXnVb+8Dtf/PO1//jrVX9/4JGn7nvgoaLb5QmiRIm8KIQAkERFt7vv3nthrcYajUfuuuvDZ3xjz5UrPn/Wabs+b0Vr02SSJKgNGhEJINlptaDIgYCRUOs+kYSUBYPa2OjY3rs975yvfGrrrReCyL99zueu/tt1V19z87133zvVbnfbbc4ZSEiQSZIs5WmWiU5n/guHkaeADBHVW1ba09NFrQbAAAkZCCFYVrvn3vu+/u0fTU53mo3aprHpPXfcvpExkoKDZJzT+NjxLznqqBcdvXzpQkiGASS0pkTRnR4bveHGfzWbQ2d97hMvfuHBs0dmiW7+vve8tdPp/OKiS558evWLDj107712k4J4wm+79c7BxsDnP/+JbZ+3O0DrL7/+1bd/+pvxrmyNbnje8mUsqxUTG7uTk1hvvPSlx+20Yssvffm7Y6PjwDljyBEZJVirJWkzL/J2u804Y8g4IiLyNMun2sCTww474vvfGnrtG0/9xS9+d/BB+w3NaoqJFiYJmVRh3u0UnY4kCSA5gux2ms3Gm05+5VNr1v/q4t+nPGEICUs7slixdOnb3nTi3EXzulNtniYAMogeBmZIyb/N/GhYgT7m8g2gnWjefnn9kw8DKqY/+QUQCCQQqSx1zwtdLF416jBbgN98kFl2W6qSE1iKhsZKVQiBZjO6MbqWESE0rDJrkZ3uZxL8DvT3KGy3nG5yFZZwqlbNoU/hPRm2E7nHAeBXWlankVBBVg+iBJnooB7rdaNHKABJnYu3o1Ban6MkylVo3+25WTfe+cYQSENkyqzzGcmqEzjLApdh0A34gE9xNSAssqSWA9Z1c4bTnU/oS5gFOFHeG6y0qGrLyMbHfDZxbAra2sqy6Cfhg+XZId8qZyN4NUQciJ3e6DAViuXT0VAeXPfmQ99gK0seLBLumw/XTVgZr3zU54kP8ij6GgmPnxX2OhJkdewozIDO6svpCkOrEhWlgg1sliSFlIUoGml9opg8+5rvffPGC4o6nrDDS372yrOlEDoiBczQ53XBOp7+WPkd8+MQjmV2vhg9g2X2gA2TmUbA/bG+iaqhFDuwaXnfU6JSarbEMXMIkKez9AdDauQimtS3L1jgNIIPKv0EbMSoyKI4hljxdb3wBsG8D7bKiJJrUWVcoiaq3M9IWgwt5VJaiqys+tzwp6R3UoLbmBJp2ZJJtKooVi+WjKh+w/84wRh0mQDQHbtapc2qu+DRU8muwP+0T/oGrq+lduqiZFgrH/dPH4JKHlYwLOhaRH/lVRkCqw6E2fXeFkQZo9QnhtgH5FRTbgWvHEEA+96syPyVJiEatWDiVu4ND+Re90eyQJ4Va+/q/OEM/uA/sv1ezY75BKWD0B5lPFNslyTBGugyXQEkMhMRwEYD0SyZISMmCGDDRK40AviLD03N6ATG3JNASIQIxKSQ6cjQQw8/dsVlVx5/7DFLdtgRikngKQABMJACgPTslRIShHb7kosvW712/NR3vq41Pl5v1J5dvfoPV9986KEH7LTrPgBUdCZku8swBY5ExAARZNHNC4npQCNtDAOsv/nGf7c68tAD9qTONKvXgAGwuuwW7VZHtHOEolZjE1NT1998z9YrVuy6974AGQCI9ljRamWDDZweu/fRJ7faclEzpTStQy3pTk53WwUgJPVaffZcgHx63bq1m8Y7XYkMGCDDRMqCQHLGkGVbzJvdqGUkxZNPPHrNLQ++8iWHjozMmh7dlCacaUjKCBkA8Xrj37fceveDj73mlS+r1xqFIEBAKUEKYEWnK0bHJhYvmNOZ7ghJtaGhtJlCa3LN2vWjG8em213OkCGrpRkiAGM84ZxlCxfMrzUaJLlEFFLUBgbOO+/HswYHjn3F8TUUopBCUpaxJ1c/c8udd42ObgBJA8PDB+6x81ZbzIdCEEkGSCT54ABk9c50p2gXDIAz4gyELFav27jF/LnNubOLqcnWpgmSYmj27FZ76tp//fve+x46/MD99thlZ8oF4zTZbg8Pz4bGYGt8PKunjz/8+LX/uq3TbS+dN+eAvfeYt3ALkXdJosy7eZEPzB4GKKiTIzFBSMiBgCBPBwb+8LtLJyYnj3vFywabQ3mn4ClHScQSkecCWWN41j2337h+dPzA/ffLOKe8q17eI4suz9K77l51zXX/OOyg/Xffe/d8bIIxRASW8GfWb3xyzaiUggQQA+Rsq4ULly9ZTASUqx2wAqVEkPo9tAb3qbgPecd/ODvkz/oSUKpUWaAnvtZaZK29hRVECBJIEBHUhuTYs+PfP7FetLIDXstfdjZ1u8g5omoUyVpYQ1nULtrWMdwd2teVc2o8PFe1bC57+p8VeQk/Ghx7cQgxm6pDkrEtDI16+JM5EIACvlS2UumU+ro7oMSD/uofc8f6RxZlhLi/TEYIusHWWMLilf6GcYS8aEFYsFwEHLRVUm1QjlbqjgWGEW6fjg8YvK1W3kvkwkG3TYdObEU4Avzu/0f+p5FyvzFNgBFEOwfcxPP9T1PSoslKmB4wFig6rtNRg4bDFMi218t+Qm5qqvY/+3DYb8Dd7uP69jkkFrTGsyz0YaJ72oTDg9BJiI99eSlhLvLkKmo/8D/V1/6Qrny5DpLtkPqIiFDpf44Xk5/X/ic7YeWLf3r82eT8T3TLIowcoXcIsPvgNWoMBDkP3mlAhysj7RWxJ2A+ef8PZ0dQg8dM50b6gYm+em+m/qdBtMEOMnT1mMo10jSuY+h/oisDjl/g/M/wfDmtkQB8rlpG2c54s8PbU+rxU7Eg4LDvf1q1Fkl9EAzYnP8JFlz7ByNEOjY2qIbjmv7y1Avml6+R+vifxkzM0P+s6EWf67/yP4NRCMnw6vOGVFMfaD/yftH3S3qkQi/5NfS2qnH/QqaBGXc9L9zaiGCsSpPbr8Gzv32v/9z/JHMaCMW1GL20Gf9z3T2dP5zBH7yxtt+r2NGfoHQQWqPIUvMyMIdnKunSNIDmvx0APW3NgQ9knrGKMPY/wb1mCUzvLE+JCGyAH1XcHwAQGUGaAUtke7rbbqldiCCEet6skwQGJElKhs3BYailxeQEQkIgknoThrYAOdUZm6IcWJZhmiIAk0LThkwil8RFIaCYymqMD44AtMXoRpRSkBRdZTVSTDLknKFElEktg+ZsoKKY6opcAOMsyYAJaE+xhPFmE6bHRLtLQJIkEoMkBUQpSOYFq6W1Zh3qNUBujmlXy3RI/9eekq0OUM4GmlAbKjat705301qGABwASQIyiYiMEQEbGoakDtNjVEjDTgkEUhYsTZAnYmoSGBfEim5OUmSNJK2nkGTAGehtimrs1dIbhE6HcknIEZGAGALU6iClyrJKtYhK5DDYBKwBCE15e0JMtZgaDkJALIQsgCOvsSRBBowEii4ywFpNtNqdVpsxztMUOctbLZay2pw5wBNoTRZTHYYIjLHGgJRSdAtM6sBY0hwCSAAEAEE+IVtTKqAhAZGELHKeMYYIAggT1C8FEkSC1YeAI7WmJCEiR2QATAKTPCEpQXSzwQYwhHYLcgmIRAKkBCpI5CzNIM2g05ZFDsAIgKQkZOngMDSaAASQAHAACVBQq4VCv4qGpAS16tX4n0rMwfmfYJQ+um1A1rCW9pRU+Z9odJa25uTZJKuIUZ86JCAdkhPPbvruiQ3Rzg48OXnZ56v8Tw/cBZrS6gAyMzRA75Y2f3abPpvKjAKhsGJbbeK7YRZ2YVRRmRGh3iVzqjf0B5olQ+ihHa/+AA6VfvVb7H+Fxt93Aj0j5O2O8oydMX1qXIFsbSWbF8ZTbeEYE1RSqyjxmVzpn4QOs3u7isvRkVqiYYC1RYRAvuwGTZMzPrYnEW3uiy8T4S+OHi80EshGWHNs1UA7kxZqWJ88oMeaNWswy36SniGl6WGqVd49kSdUWtyCc03KmMaDVl43PNON4Ya02AH2ZnVlJMIWN664z7cQ5JZIcjwMGwxwo5neEbiqmFChVHsA3+u6zkhZDtpxNzdKsyOOBFVrkbhfmlchiO1/OiSSzgEiINOGyx80f4zsb57WQb8v5lgUO8sgKl+Cy64VZdjNI+gkTRf2RASjYQmO/UA0L4QAY+d9kiovf4Vt8LDdnxBVYNeRgha7SFUoEj2HNpKIcLLY9q137/fQxn6C46C9MJpT0S4y5R7y2ejH1Xxuuo8a2ftKICAnMj+qtshIGe1sC0QqpsK7C+ME+qGS6VEPIgZrn/xSgWqN5mrUoDfdop4G9ZA+7yeooNyB6M0oZbI9d9GOQmS/zGCpeabmhI7A6QqtMiACY4MwmoaRoffgh22FDG8DhoSPubKRfgPbEaOTQ5sT+oZl1W0OLwuncHRFK7Fj6GKxF5HHTPujI9ivhcJa7YQ3GhwRzavNyXbfrA80nQoOYHKaCWyfyYv7gAnGg7cuAw0PHD8IIr57NUCg2ryGUPuWBIyTBOrkEgsgzOoNXSMRkCR1SCkRgFQ1SUnddge6bQYIHBhkol3kk08ynqZZBg0EQJKF4ZmeBYjEQLIEWdqgbqe7fh0CcJ4gE1wAq3HQB1kBggRABky0hWitZyxhacZqGSAQFSAEJAl0u92pdYwxZIiSODDk6hWQwDhCUgPAfDqHVg6kF7gqaIlEJAWRQIacAwArxibz7kbG06yWeFsHrfkmQFaMj0s5liQctTkkZSIYMtHOqZhOsgSAACSrJUAMCtEZbwN2iJRMIDI0zj4gIvKEJwxJmJAgylYbABgQIuizFBiXE1NFvokASAoQgnPkPEhv8zRBxokIIEcByo6QEPnYOAKr1TJgCFJCIdNaJnM59cxaQkg4S9MEEYmwmJhSW08JJAnIN26QMgcCBMk5R85QBywIANIkoUIQgHao9MUAMZ+eIkmck1pOCEq6kFAQMgTGumMTDIgnDBFBSiAJUs0Olndy2W5zkAx1kAc5J+TdyUk5McGYiSAg8IQjT4GBiw8C6fOHEEHaIIzdrWkNFgEAGRfU3A2Nrqd8jNY0eNBOSOcj2fkHxmtR0k4kJaj/1BJcb85XgTvv8oxzv8eqjuz2kYH/t6yoE69ITJkpWdFqBeoKAG/V5XlWvTrjcDyF7XqwNcwrzODyQEbggroqQlwVNFn9rd+1WT5E5tyOblBHaOciNOA/boyjEa+A4DI0MhCevLLgS7UNdgQlwGQAKmrsfT8QqQjV+XERU8PmWGcdEoRwMYCyFD508BxCH/khul8ipzFqKGgxaGaz5wb9t5eHdKl0F6Ip2qcC97HvoxFGqPyhdE/JjQlwUMRzsDqxdKEnutEzlbGk+KavnDY7vwBZcAKRhfGGBic4gdqn6Cg1k0Trw04NtygaMWt71GhEQ9dzdXecyemRzK8mabPy4eZ9aQs3VY27XyGWxaCCngAih+E8/dc8G0p5ReuGqH5j7Qw8lZWQtdJqPEKLMjMb4ty5Gc2+isGyeL+ygn7j63cBevKhPHfinoKne6vUWq9+VQQWq5ovlypT6JpBN1l85e+9jDJkhz+opYhbpUu/mSt0/r3q4moBA8ZEghzWCXoOzcwuzCRlGj0ZxguczY+fd6ImAUG/8FNKSYQk1cJbBKourLoBZr1UZTcx/KSeq3C/yQPb3hBGShIhnFdqrkgCDsiQSDvQjEAK28Gox4wzdagvU9FnBOAsTVJABFSvPRSerUINgFCo10cTIHKe8AykACkJEDkDFxARCAyAETDknHMOyAEBQaAkIgmSSEpkgLVUQXz9thvSxwIBAKAklvAk0acTIFNdJiQgQikZCRDqRSbIOK81EkkSiZjGYQp5IQJT9TGmnFgiCXprqFZ/knMGepU1MZAarqQpQyT1AlhUu4JRs0EzXu0IliqNKRFIgIkKIIIkAAmMkpTxVJ2tw0AgFUDClAUAApJMAKC+o4NmCEmWKMFDIU2DCAnWkjoAIBDTWT3iCQNkRJJJkIww4wgpACBJJIkkkAgQmNnNiEkCoMypL2/AkAEnE7mV+hGSqIYFgWdcBzil3vYJQIoj6vhC9FQCASDDJK0BSyRwAK6sFwIgCMVtdQaxGlM1IiZkXGUzKxRAYAFjQFGajCrfhDaBGVRtkjTqj5QgBYL0avfaqjJKkQHpb/iUWzWDJ6u1dAJWzYUJYNSZorCO/ro+9Jr6POmpskjXoUaHKqiJultlIx3pcAxfoWHueiAEbFrC/QglrpCGPPEIoCHbf7Iaz4RR0igq7LViPCIIkFqpm2poKCgZdBGjD7ZvpWft28xRia72+KwZMSHiYCaYf4zNC+mMYs8l0+rlmcFHcqogGh4pDviQyPW6zJkYrFoOVKLYyIE0qU4PE0bS5TufcdO6kOmBPfPWioZXIhLHXi4HkBMskwbS510ZRWCxOho59Oep1W/hQLjbFfkBAPCmhlcPeUMeOAihZtDmSdFugAt53fQSNjYFagQeLdMq50X1V092e12o+u09V62AzJRCv5O+TkZz8Jg/Lp6vQGEZK8PkqQW0bLOsKUmjAa0VatOmCS17ybDb70UfLOuSpb4KiuTTia0fybbmC4NxBH8lb9R0wPFA0SpOltRgeaxdhMjTkJZTukfotRLrh1BErNup2QwBf8EfupDz1ZPFf5WW5xibwfK45zhuntFD6MbOo5xC6xa2btU/lX/VIdTQpQwErIdZ0Wql5No5yQrfvYSWYJ8Zm/X6iAAwfkLpee0qOEe0zxUbWRtp8BK5EcGurC0FMTei2JaaLKWYlxMc27SSGvXVYBXbnJsvQR5Ytx/fqe57bzCga7ETxIIUTYOx7KZmBACQYCAy6MOcEdTAoBohj0l+u8ZPtSzypMFMT8MlU4M/B3RP/eW3ljWh4iVjNPzDiAidC2AZYjPqUh2NozUNN2teEAHMUmQC3WtLC4A+nA4RJQIDlIoTQSyO1MpYlfhCBoCEPv4z57hI7dKbrDLp+jUjEQCMF2MVBRERMGl8AeUaSbBLNRWvCBgwo0TVOp7gHBiLP7yxstLlDYFbBRdYdveU8mCR9KmtalkrIBAiYyUG6kitqcs4WqhIJasaSy2ZdZseYYo6dMfeoDJxeuiVcyWJmEaoKiJgZcyEhVWt+sxesu9OIvWAdGXVkVsMEYSWeUJ9kyRItWiKAI3LDsxOEgCGjJlEOOnIjl5taKhVvZek9uhD6AgRkd414XHTzlgjG87wYjA9IlVAdiaSJsC6k1Y1oYupEwALQPS/AAgAEQwIBbWa0tZ0h2bOEOF6RI7LEFmBmYTWQsCTQKTLvMoCdpmL2dNePMVqIVdfi+SI9B8LixiUFFhrDygFwxMS3Kdt+6yU/ZS7R4O16qVB8J9zWts/Jp8x5iOGStNo+0L+cHr3fcLLjKXSQtPooUpw4JuNMJNncBNUMpWsbgh+rwjL9Iqtuh4xI8qWRL/bwVcWh5RNor+qfkuqZYy5Vc4PBHd6SO0Mo9TOK7GP+9oDvM+brc9T0lWTwjZWJfZWARmrrmFTxRjFxLBwProHek6oQEFCOCaewffXGsR1lWd0BLIDgzuzsQBji4y2t3Rpt1RH9+3L9LSxCcgzh3OoejyX05PNCt70YLMaCIJAGsn7sZwKdl9CuIB+fNBxmyy1FQUrq61s2e+S+0zq7W/qYsA8feFcujCF7HoNpTENf9w8kYaensrT/+x8KAqLoCLekh4tnaioNvK0wWOJk/ywR2h4oVCGXSFs0BUZEQIAAMZgBgwJe6dzMuT1nQGUWRY57a7L4FmZyCpFUU7Qj9gPviQaQyr7z0oHZCJ1ZaqVFKAkv2CF8a1oIHZBo997KjCvWj330bUqSZqhrJJv5bL10scz01J98ECvy+EEiy16+P82jESEgFJlqFCvvjPLJdWJCkbF+Swn9auPeqwxdcJP3k+9sqWBsgxNYimzoStnhBLcBHKRLuNtgp5EOqFl4RcBMgATXzdhKDBdIqetzCzQg4raESHQ2SxkQBKQa56gWp+KCCgBkCR5es9ygsDoCmIOe7ijh9FyDrXUIwAw7RdJLV8MQercK9iCDI02Q2n5ZF1Ng+Y8/WvHCY3p0eAtDhcSgDtZw9oj0mBPSk2SzQIF52oTgDTxZu1/KqWprR1aQjzyEEl68TI9dgCabe51QYaFBCTNglvdgImgOJa6gfV8WfdRJT8VwYrNgAAgiTTnFblmRSyqQSfSaWo1pky/UhwkMUYmO6x4J426J3DMgiC6p/Ph0RXrJzIgroy/ykjd3rIDovdPu6fQPKJGCiURD5VZNE2csStpJ2nMefjgf3VZEEaEiEmoDdFfnuFQGgRtojXAFrkaVRAoGhN8LlsI15kwOhg5BtHNchDdXvHNyOaBdrAV2eEcgIDm8qV7a2WjpPfDr5s1LS7Gb+epgRf9UJGR7ljbW6EBHf/pu6DLK6J5CxXosaqIHrJKM+/54b0aCyoqOZ6bgRpO8sGXzJmQXTmuTubtrz5FDnWErXhdcVkpIJeW8Ue/R9M96TQffDjjyam1EGYC99QDFTfdPHKGJkKfZQ/R6ImohhJ+QqP9HZm2vmhYI5Idzz016LCdJ1rGWsV3KvtPyEgvkfEpYsissQpytpafIXkGmPpS5yBp8N2imt6SGeUSDQ50jcauGjoZCyrpf1XpMqpSUBVatCSxPWckeQ39J7bILRbYXEF06LLquZDUyOyUPruHKlkRfVXhCT2vASNjUa6/FAqsIriUN46FuIohnpryk6+ept2c2gT/Yc9qz3DQKoiagfPkBsO3C142AMrIK/jr2nIfvBiZnyRHzwUNaPA96mjQwZ6lEfTDs8v+T6YecyNQlFVWo4IM83kzGWPznKnaQCOjfRw0i6rxAJrRSDbioJIzEkgAJLrXGnP7w2vuqFmizXRpWqlRMPm6eCRL3DC9iTte0nnmYZ2TVdF8TzUbl4BAmkC/ReSk8owECF5aTC+ijdhEVoeS8xXBnt2rvjhPwZMDKxqEhDoQR2Rgm4GIDAzAZ97uTdtpAmBo34Sh3WAwOUNDuG9ETZ2mCm+8Im1nN5Q5Z0VxgznpQECQQMxb7y69ekibNJDM9t+ZQO0ZWDE3VKqogaIOQXqbLtwzaF1QPxBoiNVtq1sIKr0tAZFR3MmIodb90FVpXRwgWuOFSCAGSEAMdAJaJybRSpjy1gmA2RgG00lsPamk6YZUIqPHzpcfPa9cmjIMcFdZaDO3dZ0h7IuRqtL6DsAE+tzJHDJANVGUTKHjln+VGVxW+pXw/j+IoJE5WsQBDzT79hMjcya0p2mKFUNEpJ9eIGMFKfJPDF96YAjPLkZ+pp2a/s04i+Uiub36bQe+shJrDhG8gLTXBYqk3y0XrTAkvaKw5ZvuK3kWoNdwllQ0QiwfQVLC1w1ei+pF6j3NoTFrEZYqpQq9QyNCKryvUWcrb5pzZWzhiDirk4z2q+h2qac2WhoA94DZ8aVdsni+mb+RP+8/6XqrTpByUDXgKgU89GmIs6aVXdJEek4Q6TCEdSZdDLbUhWqv2G/dJ8bAmiCoa5JBVl9UeS8ecc7HLXEq5LMNl0CID73ZYYBgOII9lQmRJBLq2HFiPI6qOK2naHSBXb0OPAzf+GvbPKLDPJ62dRURS/sVg+6jWYHsasayPx9w2OidIElriffX6JYZWJoxFcbMp9y+bSr4KfhmUJhHAAZn+bnHKpr2xdtjSPlhS1PFlLHiaq4K9yPM0cTPGDUedDY2rxXTs3L1hWe2KtRveTpHfdGoMhTXyLpZMxqPTJXkxFfAwPAO2aWQ7leyvPJhjQXnnkqpdkVtLeavJj7EBg4AKwfSLxr5KnaLildxpIgCMso+Z+QDaTzqTZNoEB3xRtOGjZrfyAEMozQCToS8iunsC12iZyj8GtevRs1OPlATQIIozLkjaqmhAtD4/2Hvz2Nu25L7MKxqne/e+959Uzd77iabzambbLKbZHMymzQnSWSbGiNboiRbTmLDjgdASRAbcZA/giBIgDgBYthB4MCwAcFTFNuybMmKBkqKSVETRUkkJVKcJ3FqdrPH99699/vOqvyxVlX9qlatfc593TQSxLtff3efvdeqVVWr5rX23mZW1c2yQ5yO1jwpweZX8NRjK69xhgbwKoyJ+hDdeJw3AremgC2htEVqY7dSMBaszCaw8UOlytIg1nRrsuhyaKWuYLDeLmDao0RlDyurBZkzqVx3IK4LIqQrijQ3ONKciCg6c0Sx0SENQVsyE76g5jC0xJ+EJ1GsSEsTvpJn9MHDKRhgBDTUXZKKF+tMiQKfg4PtsGsgoT60wjR8GS2Vpc1q0nRfi/LfWSHKSVYc7dnbJvriEzUjXTlg0ZJoKSdAZx9dTbd7fgbGukzhFAsql7FR58Ds4BQaFQYQ4iYsxCdujbkJCbcW+BwOARaO34K3cK0Cn9Vfq5+bTRnFrQGzhUZr3yqISdcY+11T4SsjhjVTEUYLfg2Qpz4gs0c7watxIgrcSdiWFYIrUUA48XrgasrtZ6+8s7HKXjaBwgS8PON7eNSvY+Fr1yMPDinOBuyrQR83vARmFynmRksVKa0rFnc3twbAa441gRS6PHExvLwEucINYqucF9kY0xeuYII1vYBGhdkCZA64wJpuR0R6F+md6CwsTSkAZxsDTXV9idCLOCk89UB+maMDpniO/j365+Mi2gowQIvHgQRiblCv7V8DH8Lz0Ng9a3Vw7AsdX6Ntv3D/kkkq8/BLB1d80lvDf2rMc9gshFbzv9WRp5E3x2fgBI97XlaGcuEx6AB7HEg0q8pXjHVVYlZf3XdkwAQzomPDtYU2oKhtUaeg+4Tyjpin8GJPeWjGaOnXMEo8X+n55BHdPdZ6fnLeMT+YmTavMaHoTmk0p0TKbRkf7+TESugSRs1DZ3CGxtJpdOSJq7/OZ/5E5K3N6GKWeqIkpDHVoMhiX+bwX9b40b6LyFwEZoJmrL8hE85smRyzF94Ah0JMrW/CGS+YafrVFnOKOBY7W+A/MaGA3I6IiLrY0J4uhRNNrYZTlbGKLuL5m0x8FR+bMmarYpBjPDEUQ3KwpTVob2jPZzOHT58RxljGFwBp9Ihes5ncHolYlW/ku0/EXELUt92GSZzr3mMeJyNFOY7AJE6KxKFCuLDYruhfOV9UaVZhRm5PVThRa9xvWYjajcw9wD7ozha7lZxpB9rzLYqGSwlzd9yAGBlQXC7WgkP1pClewZfbpL6IXFF0cmPNugSt4q1/NkHVmHkvrR7E+muJdFhVrUyYQkEYYZiUZUvmMPebodeo3TmpcGQ0wxJvfORmdlwJoSACZfJJ9bHUuMeDMMmFeLnXHO28MbMOvZuivWJjDam8TJPIhvxcPJT0AqxMXUGL2RO74/qHdl29UBAB8x/eQOelgoMX8S7M/pKbZXzD9YizOibFGaIW3LEQ2q82rTh2iyLujG30YnFMtAibhNwQx0WS5GgBw7C2vcRqjqvyNurdJSJVmbpI70Jd5Ez+/a3yMMnVqqwVcGMrpxddlazKsuDoMWha9FumZGTC1t4KRmHBk+d7m1wGJFnbhcRQ87bab2GdVllC/hdL2o6WK4VDBk3zycWhQSTG5d26kBFrc+QQKMtVhsBka9omDNWSnlJhtARPETimob6kiiVOSqpl+E/2WTA+oejDNNB8IAMvL2wVrEheSti4qpCKAluZiE58GgF3yoqfdcdcS5xTNOpf4kv8Xu2cW2CUPggnGD6pwhrLrn52OhO1kN4MuYFmx26tHnn8QTs8BmThsJSuIYlq8YhD0YBo6MLYpfb+y/VwEuvC2nJOg69Sxv3Xw46wCN9/yM8+T6cTffoj9Ohj9NybMFRXJ+7/B/NkRt0iBDWvDKiwdTINNeQ1uwGVnQbTXadZLiFfC2eVGHKYMB0adsC0RhPnpzq89tUob+ZzlogL5bnKPm4xRUA1CjN0UQyUWBNR7Llsk5gtDaIBIp060uma3sG8l2MtBKk2TArohTNbuaDqb0JGeLCTLORBL7Hoa8RS8Jz20DDrDupk8WalAN4+YXTOOJECj2ZmynNwFxQTWqeICJdMlR3iA2DoYvhCAMPj5/S5joMbIjASmXuqVENVBw7D3NnLT9xYod1DvnuABhXoqA4KAAypM5KY24mY+sd/meUs9x7S/YcUZMwIHf9ml10kk26G3CaH0C723YSewc+2yvewRR678EYW6+k2DdG56Bfx3KV3Gaw+Goj9haNaNskVu2REtJXbp1EPMoj+d4NBmZZImhhFg5UbPKXkAlVyib374OxiuLJ0MZgCylC3rLCanDWL4Y88kIk+H0w0UTmDOuIWaalghotJHZ/iWPl/XOQOy1BXj1nGKHrPlRmGoaLNHiY2KJcWywmtKRB4maDp0lKStPLyCgBjF29/gVfTwnemM8ld7/3ce5fb822cf3U2Cy05FU/4lEMm0wg4o1TM8pQRtUBxhd+NciAoOAeHLJqF63Dpgq4x63fqKqwCDnYSvd+FY8rI4uokTxCbw0R0DiR2g61lMvPQh7ACtrL8LPEmnhYMEB7F8MgbmL7tFAdbZEjMss+m7yrBNfQw0mWHog1DOwjwtxBQ4K2ehZmBN1Ig89wgHBu6/bGvuC/YavRZWAD4Z87j8eGhbaxpxo5rfY0irwBZTiebAecrl+yqaDe1giIkcnd3evjm9obPlXv3zh//1f6JXxsJOjERN5kLhs2FeZozFnuBaDD5EOcn+sZ/rA7d5JU1MTbjK67HpEtHJOR6pEEzjqkGHEctPQ/DfyumfneGWUnt9DAEJIoENtEL/TCGYlUjlXYVLZoeNQKesXqmAixqN+kchks/P+Isn55WW/HM9TlqGcAfP5LFKs+ZFp6XZs2feQzEicV98EKmRc5hENapSvebuRkQGSnYFYBKHE70DSqDZQJNTR1s0ZjF3h04Glzym0A2rANPrAG+kTHX0ctwh/U3g8dJZhVXVXA9n4lY2g3R+fzLP96ot+dfunnLFwppwgcZBzrXi/4Umx3Y6Ho9BvHWImPcE8yFBeR4cTpydDmwaJPd/BVHWOrJcZJNUzlWRVk86iTNDdHSxSZTfEXC0JtigyEm0W6PY5oD7zUgw5yT5rWrNrzmo5oFV0L4q7M2FY+5HB1zVmenQpgKOtyO9Sg5X+J6RO0a0LtAqChX3bYAg7e60ppcgm9iz2xmv8gdnlY1kIFHJSXUX/QN03A9BZHHsVeh3TB3IM+5m5rF7N+JkFHoDYeZvqY4IFpilS79rp/veu/nuyd3t2cS0c+UW1vFUbFknzJrgNodETjkpMIjWixvTOM9UdkGzwvZ188hehWYL0Ng0l4GG+CFi58HIx5iO1XYglFirl6JjKBmlwjZcoNUEwlkwmCz/bpMassPx8bKaIFmF6gWi18gk4EAIRPL3rFiA+VKx/5IJFyoTkJ6NpZH7D9YIJmivHasUjjPPKGtRWBK6q5cu1a4oqnZ+o0rmGOsELiy4JwyAhUhWSRtuknlnj7/nxLXZAfydKClW5LPNbhbDGrIQmFEYSLqT+j+c+0NnycPnjl/6iP9wz9Dckv3npnLMdyIm1AT+xrkmhLEeGR4d1AYC3MlPJAjSK81GwirLDlYjXvZxQMivYX0GVfDc+a8i0oERQ2M4WrNgGRznRrEi9mI6XoFaYjZi0FiDS7ZqFZO9tl3/LTuMkJID8Y8IXC7oYQJGcUjggz2hUTguWplEkpSsML50ETHwCf7vzAvhKykb1U2HijKJh0mB2QssMuYIsIYQQg1dQTSiS0pHO8gAHrVHKvpcWqYmGW8IhoFHxV4pghTzOZ7cZK4sT9+alu4UeDtOoJlX1BlGxCmUcIwcARzxGwIqOqIyer4y3Rzj8+v9g//VON77fmX2ju/ck4jh5ksxhoYFEa6cNp4gcE0HcSKeP0GZYt8Z8ZawKxtPS/eCG2u3U1Gdg2so2tnRWK2ULQg2T8IxzMmHH8GYmz/gLZZWi44w0/0Q0RRzhIy6UroPBoM+K05HpYnbzDx60kO6lcCrp0iVuCkWW/Pi/iGXqtjCgwrOc8JkOP8pX22tm2pJKmYYvC4dRSLHZcVFccE5rrAlijrVjlQFMjZdkxcsZ8Ygwzd3LVI5S5wHFaFObx5KK0OeV+dSHeCh4foi3kCtvH1NodKJ5MdI9tMw/HAQWJ7ciFMEkxumYWkHtGhzaZn6b2f6a4Tk9zdSj+LdJY25NacoGhkgkThyKvd5OIURtZ7kwGVrFjBrzSAF82FR0GLGaHdmCsRi/UPoAyNVKLHxx9A9QyvQgXL6YLXL8y/l2RSBYopcgmpLf1LgDD6EttzbWtmuwLcYpRmAalIPoC2wuCNd2YqRAg6BdEepvcBTHNtPys5mQacctCBmY9gbXRzrG4dxlD2JuvtRnUr+TtFsLEMPVqILeIH/KD04kkJ/c6w1iDJq8jNi2B4HWfy6ybkqU3mVX5vZeEEj0uBUMxS3Hisi/FccHr+Lf3+S6ePfJx/46f57hW5/yI9+pTwjVrCRurteRpnj4kcNGsj9G7R4xDh8ie8Sjaxe7aA6dbCpBKA7NH2s8WUqCFZo3qV9dDk2vEgsve6eEg5+q3MZCXWjIzMeVKKwvwF8nnli3FVh5gIOnCeo4npsiU9yKQJWGZbFBkybZ7nyuBp6B2ETsjUILBaomvqGC1rAIObrpMGmTlSbEB4Jjai36o1uMCuyQ1WXKIcKD5zyRQ/XsJEog+SKn9IC47ZzBihW69nDEN7mhsPofaaEsiaMHG31wirC3DldQ+tt72Nk+ujuHz6RaCCzHYoMpitDq6wUBNi4tP5k796/o2fb/eekRfeTK/7Ajrfks5OMB8U5sCHnnSCKYuPKek+hx3f9JpkHtgRPkujty7vQNkdmHymn6UEXI6LK/ye5hizVAy861CiVOUw2beChUZLdR3SlnBC5lm0qmK22LSolwd5WcsSO4zY9h5QQAmlMV/ZxVtqKwTaH868FTpfy8GIdtXA+ViQcOFYBaF+W9WxuBZPGxYA1pna4Skb4bgEdisMgpPE8Y7zbv1vd2xeDQCxDetfPgJkdlK0s4BcDdwacTtTP/fxbbXhdGftUL/ZsMP4UDs+A5mEoDaQc6UB1P0JK0KfEU4LeorWppGry9MrThruasSvYdHOv3h3DjJ67eiF+NfHKGxjHnIVfO9/eBWAATckNrp0bIrqoXC2NrjSf2nnxFi5bGHSteLirsib7l68WB/TNV2ar8oolRtuc5srCuVrRzn4FS0wkWZrg9fM3E7Szzdv/0p6+1fIvYfyKz8lH/n5dvMM3dwjbsIn4hMzc2vE40MTKS5knoEIrOwWhKE26X8Ml9Q4mRAnMtn/1t56rjj6EquQaZZw3Duq0GC90/XEY+utU1vEUQJH/EcxpuYI0RgntuHLqyUEeIwkpvzSYbKKSUKbByxo3CKismJMJjPpiv1An5rQStCiOfUHcAhpNM8lRHPdMXABEx8PUF3rkxXC8Bopv2aDrI2IrwuK/J+B75yxvkAwsmUu4rooDklb7FS24zpcspVBnb3r6uR5cEQFW5W0d+qd5Mz9TO0e9ye3P/lX5VMf4+devPeuD9DNQ7m7pW5f3Elgo0258sgLFkWDYwd1Q5asD0m6nCUOefBYyqunkHOucLD2X961Xn4Xyk68yGrq5cVOF9whm2yoEYIq1jO1V8RuXQ71Kiw00rEKfq2Yrz/DELGjQ3Ymx3zQqpdQfwSJ9tqUbzuk+DirwRoU2C6BuTYF1C3HKM2ZJbim5I9LEIrDHDuucghtoInJxtUZvgdDwdfq4EEwOF+Mg8wEBo33Gp0cxc1OY9i1tbysuF4RNU6LcigLWeBbWTwpr/iigdUhyec/iUF0lZNjEr8vYot+wCEBtSYOEhuEp14PQdJEXLFnabydqElv1E9M3EVIpJ2km2tk8hR0fwRrEw1FwgZOa8EvTeU6UA1/M1Y4nHdcYluvVj39MUuzh5WTp0oGDvA5YFS5hrz2kv2s7RZL610Ylw5AjKZzDDFYRvWaWfDNgCH1jPKW4MBKRK5mItMM0egEA9i4Oo8ji34ctUBYzxTvsZ8CHlm0pSS1LTmqit/B3snSalWPS8YH0x1KyLLlsLIu7FiZXi9HxvC+IspUlKYARBZ+69wdF1/wtVJqB5u0E909aa//ktP7fsfdL/x9+aWf7j/x/fc/9/384CV5/Arf+BcmWXi+DVXYY/c5pO9nikGESc7ENuCHJGzfaxVFxZ2ngRUQOOLwiKgKkuVc5oshpJiBEO6u1jXK6LZpvI0oxpbino8UEEEsOv4/N4PiFC+G0fsBnyZ3ycM1hRnyLp7IIbgc4FriE63NGA0CWn31kWESd4qTixlPyp1xikP4gJIARRZcqmd1hPRTZyY5cY/cXJpev208ArDxXk7R+GPqjiHAk/rMJSPLzOBE0yhSLgQZw++fQN1DFE82YyyhqyKDW6zYObeYB/hR2jezfsPeWAzqTJ5vPBNiou7lITUFLNK5tfv3zh/+B4//3vfetAfyurfevOe7SfrcXEki4+O3hqpZStB8tv3U27B/jTqzydUN57EbcCCsfxIrWBhxsYDTLB5Zxh3G+4jhwCsLufSUQ243rriN2iYpvJ4dhwfVXdne8btHR56hpeI43Z+ATS+4L6nrUJuScgn/FEdH632BJ7P2/zRHFf5bGOfupsiQU+vrx4KUo8DWNQnGa/A69wMMdG1q/ofuGZscoecd089lqOqIKm0NARMmKsAeIlClRrPV1byf9p/BijJRY25sw+QuHpzhX8SXGP3QfPKhkzRuz/D9kzTm023rt3QeCnEe75DXByMSMJi6+bPk/Gd4bKid9yYxh7HmxQGOfg74nwF0IsIFWD8BuupMDyTnGuExYZy9BuaxOOsRfAVWSk4yp6LDcS3gNRyGCxqDRNTT6s7W58GoyfevJ5hoaTB26HYPkfTd+ICZYM5gw1gALsFC5dGwXym3cTbb5i7GJPuMtOIm58trpqp1LqAdygyrahRbFbgq+OoIEw3AyHodCaprCo04WrgRnYSbnM/3vui30Tu+lPiR/PR/e/6Fv0EPnqV7z1In4kZ8ImL4qIcICXUh0Y9zzOBbyB6ck7lgNE0pUyIRmhJhf2wAQBcB71bmtNh/6rLEigcyxCNDBmCa5Ck3Z7pa/BemA8V20swOxPMTfErS/K3lK4YHe1fgwbxkXMYr0NBoti46mOijqJQOtsFl5S5V5M+rMEWsk4vBo2drUZHZl2TtgVEhVrbwYL2PM+QH4Uh+biuia9hZH51qey0ziWQ6jRaYspB0b4xAvCeONsO1te9isixjWRRJ+9dWl4mieVTSdEpAaxjazBCIuBOfuwjfe0CvfvjJ3/rP+OMflofP3fvy76A3vptE6HTDp+YBWRpfqNK0EtWrYglJwKoGN6JPaXIt0wBrYlQgxKkNtDyuUtO0y7Je37U/Rs9DXprvT6eVqLiMY9YGn2cskbc6bqA3+SqFNs4TZ3Lj8FbuZaoV/mTPEGUrs0uoa6UPfHu5bkN4ctWjUhUcsfNFbUeijSh0YKBoDkH2NAq2mRBZC+3J/jCTdGJWj0f6E6BIH+UlYeJ8dz1gLKct6Ln9O6MM3P57ADsi5cwwq0PG8ENF5MOfA6Qg9+BfSTZ6fGF8UNzNK07J3dFSIBCmFlUb164jioonjU9NCU1vJmryJo9g0rPgj48YEPLL5tcluhNRV8MsimFrp4c3D56he68K//Inf/2nP/5LX/GGL3r1yaPWGoi5Bco8q7N5agRxGqu3SnhnbkGQOPxz+VBvjRdMCZhIeo/F+EuHlUt7p8bUFdvepU3nIb2PLIV7FyJuTR05wokEoX5PH8+kqs2dhDq15vZEo8CqLDZMV5jvaw7zC8aZYQLnOx96H4E5KgHBAto0WorYnE1jxYDQ7COxGjQYIcYNyFoQ4HLUvvaIXsyZHUUgBzsL/NV+iMxgPht1q+uh0CsgufrfwiknVZ2Wkmgqd3o0yJtgspQSUVgic3NzaMzZlRG84TUUzesInok0kA1ebQ60qwc51YDSuKLeOdyC/D+GEwV5mdJt+TU83TpBa9PGfEP9rr3wjgdf97uffOTH7n7j5+lv/on24lvaO76mv/wKyy21aYrkrDjP+exqFRVfEzH2pUJBr64zgpOra6iAX6LX3RmD5fB32OhedtNfmSyRRU7C7keyV5a6SUOHmURCHLEgreBu8Ysic21UdFk2BOJakAgPWfsbfsfjlMkFz9G0iJDMZF5qA1EVnSaezAiGDu2I0FzcU8qYIamGapXvnQ3WKJb2wiCRhar/yDpaWuZWbGjoT3H25WXjHALhr+XlFf5n4j2RRLTUaxCOiVjrg6+J/QtxHGaLFzalxvZsJTI3+p2lF4Ke4P3tS6N8I9L4wcN2/sSjH/zP7378B9q9dvf6dz73/j9AchZupAEh80Rh9TC7ozZHQijrmyNwIiWSN9UiQ7Ch3noZYhpWl9k4t9oxr09WHvFim2PuOD6AOEtY8C9Dh5FzjolVTRAjbXTpEBQaBA56DHsMFjLWpQ9gmKJkkZZNswo7E5VT7yDdEIv/XD3e2j85aQwPoiGZ6RgqP2y3jWBntVioixD1tGvDztzM5wNrO45LHAMM9VG0gsRk4rLAh7OrwB4dUZo/U2hk3vFgMDUE4IXh5jX6Ew7w4NMeui88xpOJ6BxGT5gf4bI8PZF8hd0UDU06iVDvRPfa6fkHz7bWnn1w/+d+8xf+y7/zF7/o2955aq33fuImJNxJuBGTnImoW0kn0TzG6JEL43pnCT6jUvo9ZbsbHnQwPG/yVDLTR3+YdBbqg2UqEhO+P35TIJeedhGUg8GtrriJaIQFXCjtNiQe1xBlDipxhtJcQJf5MzqSFDxRxQoja7TuK34YVZdG3kYT/HHFoe6SW6NcaQ58tOow4F4kV5abmTe5NH7e7U/AQtb3/YzL0ZyQubRRMkcnMq6uhfNchDUkYxmXyy77KxSd9domRRdGHcy7Nz3o6JxZPwpalLFsrLyAqVGThxoEpZSpcdE1FxDCRdiM5jFqo/P53nt/791HfuH8N/+T/ot/58lf/r/d/7Z/sb3ja+WW6e5Rl869axTaifS9gGILYBooW2mVeUriXIOe2/nI5NVfU8M0zM/8+qsiRfj2FEWXGlFXFqQETWgIn34OSlI44btLyfE02ELUqJ6byVjDgUZ6rUj5C1oYvIKmSWzBP8DSZhwuzh59/Ui69vLMMMEKDRUxsoiQotaZZVNHDY84AQlYBQqYjvzEukxAVazkG1LjMdOquPE1mm6yja48cRR9pxQQKzObiJVuS7hzARgHmLAEu+FMGaecUdggukafzNE6SIth4u9kdmTNY3EjqFpA7/lNXMUljB8ZO9g09qoyCclcwhQ1w2OPFxPf43v36NVff/WH//Td3/qzJ7m7feGFh9/yz/KL75Dz3fgI0sQOyysDuoqcLb6gldMuylrc7nJx19b6wA4kaTdGYOgSPz3iw6lLX55LySB2G3uucsyv6ZAo9IBbRAHvFMoVOL7afTzjgnP1ETWwuCtFS4ELxwCs8+LyD1FK7/7dHUth21USbQY2EZEuvYuEenOOz2TPv9SnkqXMsy2IOOLu/oLiBXjHx2ci5hXi1zR2GUlMW3TgaiTyjNUYlm1omVzet7yMC5sVt+4jMmHpQ9h6v9fa57/09tfdPPzNJ6/eMv9Xf/uvvO9z3/tPfvm3vXr35HzuTaQLceuICUfu/NZZp8tHjMJf83GdpbjuyIJzoIy/lUfgjBXm/jtH4ymPYBsJAx8mmglTa82+4u6xVPLFFPalXKXMh4Z99WtLb0u0AvpC8doMcSFM2QpfHC4m13CCEet2+REJOW7gw6+LmekXX6jQ2a7atPhZgJrt8ULF7bh8mQI9LUxLgfkyyhquEulaIT/34Bv/xSd3t+cf/JO3P/XX++3LD77+e9q7vpHuv0hnofMtyROSM8kZPmk5tjcYEIvOTxp0cxTurlo5NlNq2jml3SN05hExNc0rxpOolsRqFC4A3Ejr4xeEQy5s7AgE9mDUWocamFLENMKtjfDI0mfOMGNdxsCMNabmiPwI1UXINgKlWYKEFi6uZIeDBw7IPQpl27ljI1Js+YJxpmCIUGY+JCbc8DpE2yqMjj77xWC6IgdMRtS7owWUWQcRgJh3HmTafBBAzHZMICv0igDvwu151iY0GWXXqMuzAsuJQMVuSMX47o7iA2ITK6U+I1qyMAYKUSMm6W2KmZAQ6zYxpnaido+I5Pz4/Ks//uRH/szdP/j+eyR3D1988ME/ev/d/4TcPVbWngRHnLMzNFR2r/wsLN7yM9yqnEuo2WEANhf3QCq1qB1D28o6mycDIb2AE26b2eG6AFe0cBGycKJBOBiYa2MJzf2JGSWBmb102BZTVD4TlrIKO9qvK5DO7rQUSaFrtCMSsE8vHdGLAQcrd0C57wKdVqJAc7U2Id3krEhoc+lCXTqpggoBBjpT6/xdcUzlPNwunozv5YDtMztW//BZhPzZhUbL/JfwP7vjPt1R6oAUOqAyN1LQ3k/UPvHKJ/+Dv/T/+Le/7z/kh/efu/fsV7zzy//YP/7PfsO7vuLZZx5I7/owivuAajfW5kgMk+rq6uVWspItvV4HVr6kWYpblC50pKXxlROenGMYejPqU4mSrFIaiDzsvAZw1xwHFrG8dawdrBFN7dumve/dHRyD39DEA51xqvjilqWDtb6D9OwYQrjo65/i+E064/tEQvztUyf+Y/HaYXprrpZVYNt8Y6hyjA3wSk1m0sK4/OIJVu6Vg4qVluCOYVF3NxmZbMg/KcZt+bD9nh5CjCBGjSU3ks7t1F/9jcff9+/c/p0/Ra98/PTCm+6973ecvvhb+XXv4mdfIr4/M9XeZ5BN7LMeON+o8YhxMAEQktlxbnCUeaePONKwVflmf7GLkiAeO0BGoiPAO4MsHoyxFTBTmCzVC0vqW6UNmlWC3Ua26pjG4nvOTsgeqVMgCdcJwhdvwrPcKJELoUyNKyZoHm6U23QIwXLiQZzLjoFdYpuvhA1WIuYWaZN1s0PzgQkJHGBugsB5ks/KblyUg4eF0WigtU/z5fYBaNDfxfaQZXYCmYST6O06oGQNcWxfn7a1XNguOlvbUyaKw1wTHpKlCbB+qlfmw1XjwbYucidPHsmjT/RP/PL5H/29Jz/6vfzrP3uvUX/j59580z//4Ov/h3K+m5D5JHwayq1rdVcUcV2XkvwVkhQsrU/d3EJRJxG9d5hMSMkvVUmHzcOAjvKkwjBxy03a1uIwJawRP2X+uQy67JMpxjVXPwVmW3a1/PE4/yyHQ/IRovkNqj5rdkiaN8ZYQQuW0X36fotyMXI/SixMLDgMZbHtVCIkIzhgHtl+Fxk5aNcOc+cN677tufvBsAwPjjidBLx17CIhaPp1o8ba3Jp1sx4HPI9DQAVnog7TDmbRLDBh6o08jxGSw8eR494tY4s9r4SBTiTTRpwcFtfWFRdHPqgXgNTSHHQM1n7QDDY9uAOcJn1YE0r+ELKwGrV1OqZojUjHJE1Px14WuTufX3zw3Ic/8ZF/7U/8m3/yh/7cO974pttPP/mSh1/4P//OP/o1733/+Xx773SPuXFrxMTcQFCTZbIwQGM6moMQETdHOVIWJHfRMIZ/5/+ZF9kTPEW5EOQr8tk1uso/gzwCNxXjjQ3b7a63GERfHKkAOxC5bCvxr6IPY56ipXkD5JpVRqJ7YZ2S4lDmz94RZ8iTrAAGMo+1LBtL/Eb3lA6Gg2HaiAeJmOD1DqC70G9M+une/WefeziB9k4iM8IwtxLqkpFVyprySRZySdimoNcEHorwJMVWRMEoD0rdVo8vHlfbDMXQsYI1ut3D8aWgN3ZMwUDavUV7PhigNFU5/4Th6kBqwUcbb52LkROQF1yQu3QU+SdoLtFYySTpfLpHjz/yyl/79+7+3p/hj/0q3z1qr3/rzTvfx2/6En7DF/NLb6f7L9LpPjV76kC/DpqQH8tu2ZnZDyHprlpmJiZGJyKiNl6gzQhRtVrzWMffPBiD6DGRwOb7NBdCGvJC2JP/AWMRQg4QXRgUIRfDgRku1w8k4GqrEP5MU+gFscQ4K/gMMzwZYq9JVMKN/MnYIbi475IjTNr8jI0zfcYlNXjMQ3hgtVfcezvKQaMUgGkBsSG9+iaIFjyoYPKfFKGBrLlpdbZHf6BURS4oJyE4UAPR8VfgBpl0oyvUNgZFSCdGOSYis4+wcnjaMdbZFaHe6e7R+ZWPnj/8s+df+dHbX/5R+vDP3Dz61L0XX09v/tKbb/9X7n3Z76Inr8jp3oTQ2ogox1xc6wLEX6ODh5mZlFIVltametUeIj6fbf3TXtEO5mz1Va5DqrGe0pvEgaDEIMJdYwXcKpcDA+8IE592jWKcgvB3wNe7ZZeDqnCMU+qWObVY30VuhlcbFHfjEJyIWpJPvwv+TBA45p+xsF0vmkduuIeDBFyAlPFoWWvt5Scvf9/P/61+ktvH53PvImfWlJBbozYVgrkN3VKDJfP/yrbgdiCsZcUOuWZ2deIqlMQdIqHZwm1b5H+aYhsBXr3YlAtkO4hwggC4JiZuLM2GEoVoRiwHUxfNHmPoPLgWi72OezSBJyvGpKiHM2WdoAO3tIdTC0KjIiYk3fhpr/Axv6P8ce45fXPywkWUYv8jpwmhTdxlsna8v7afpZP0IWiehI7n/qj3fidycz7dO93/gV/44f/0B/6rZ+61Z+5Or/vUzQfuvfXLX/w87nzv3g1za3yixo1PhpvZF5EuMhNdmyZ7N8GQdW7s3Jtvd5Au2iCYt3Col7R5QMMMrTD48CsQroeYRHNAtZikWyKBz8nwuzYH6+OmxIpCtsTlKx7cZkjDoH/ovlnWAB3yT3OyjgmI35R3Zh7vSG7uOlhpRA6b8XNG5cSVNTQZbcdzZFZ7YnBgeiFPw8gQRz8JI7U5ROPGTE1f6zwHGdUNEiHu1JlEztT7/Xv3+Ob0zBve8p6v/ZrPfec77z+4f9MaSZdZ4Z64i2u8GVgmpHD5dBOBr5c0pfHYuV2KV0dbdeYuBx6OjFvx4dD4soA6nJgKLzTz/MO0Oa7W4sgQclRO/HCBl2jhngFM+WfiT4ntBZZq0BzG8gyB1JaYPscyhE51jC7UHsS5ZiJqjYmkn0n6sKF8OlF/fPvTf+7xD/7J/os/2j798XZ+uTWShy/05z5HHrye7j83x+xm6nsTIhZXFmLyx9mQ2jGwGhSxJQ0RouHuZbxsdzzEBnUW5boICTwhJ2qFzNgu3hiCBALLq4tmY6+bYjJ66+PdMmrjoxmPKNqEoalNaD76QGw62E5eJRAYe2REMpfnrVxrTfrUFCgUMDMLW0LuOjMHFetu49gLhSxYcMZOxlk+Q6JA4gqIBzLs6A9Bm0PaR2jUCFgjm4eZFzXFZjCAfUXBeTOdJE/l8rmztoqJLfL4LJvJZXvJpszhnZvTGhNJ76RzLlGe7McMx7kp8szzAWgyd9DhWVi2ubCPZ86vn0THqnKmLt6ZJ+qTjdjYz0n0bnOKeTzuOfnK87WCQnQ+y+1jevKJ/umP0uNPtdZPzz7kF990+oIP3nzNP81v+ar+6NN8uiE+cTsJN7Uv01aYEyGVbptcrGrtjrBMGKhYDtFXJJbWeK5/DlkZnm/uGiiyXqHw2vFlWC+Y1S4NsEnErLVAOVxcXdNjnDocxZYvFrCT2dl1QYQxbrTSYSyZ6rai4BmJmSk0BtpqobE4xmTP1zYCBMgw518kyjzlDsNlFEebTJHRw3nUlqwFEz/pt3/+Z3/g3/hT/2e5f3ry+Cz9TOd+6jNjaCeWxq0xtcaNjbmWT4gIz4ohClagb+KQM1XXpjF5c7rYyqU6pxIhM84EWo7BvfmbYYJnGujsZI3KIXZRpVKcuhpZ/UcJd6Cg/55w6zTk5VdCvzBcJQtTU3T8f8aUJd2EC+4zgRkkpM6ZrTo+/Wd3J6KfjFKURBTd+aQPcsoCAgu1Jg5qpVjTPKCyE/UuvUsXYul9xitCwm1K45nlrp/p0ZmFb+V8e3f78Ob+F55feu9HTs/+2u3to9suvXdhYmmnxm14Ty0xzrkwIdSpcd883bixWKnAOYzZvSm1TP5OP6RmRGxcfSrACgxsPtPek2PvBia1X8GyhZn1RWkMg5QUu2QI2LTC0yyalNssjsU9Ho1s232ESK6VSoU5GMRyMDqaW5OGqUeqcMBSK5tN6ORteHowJt2c5u7DjDlrw6k1qkFm+K1QIoS8E7ixOGYZAT83bnxqzSJCZmrj9SddOlE/39Hd7T3uRHx67uGbvuAL3v4F73nHu7/sK7/pgy+98PB8d248FoeaDUtaBmIUDXXnvXeCn8kT7QIIWVYLsZe3iQTiXS5XL7UuCUWFdejg/FMKXWOrk4R1bgRxHCcFijjAub5UHQ53M9EnLrMgZPFyAhBpNrMMF2woy97RsFgysbysLYYs0nUuGo0viZxa//Sv3P3cX33yM3+df+0n2qd/VT79m+fHj6Ba21jm2+XJIkGam2lba06O58C4WiRxcgg8jMAF8ECjF0+lnJUzUXfHEleE57+dhGfhdc4G+3jqFk1GDdMO3nKqs+LrHmoAEPVI1VNxYyAhaiRD6oV1tdnM8fSdxpVpxC3XFWOjONbWf9YdVKfcjnl+rVSJNTBbMZH07F2nAIqrioDddz6LZmTAikC72VMZHkFREM0+sc9YTVf/bo4TRRdeyGt+FXyJMkOVQTpbH63QCQ2rr0KgC6QwjIkseEzSogGwjbTCDSgNkroN4LGn+keVW+bWNJEUmq4FTCvBlluAL2EBQWeSmazuSEwn5tNNGxkEM7X77cEDefDc6YXX8evfQW9//80XfBO95auIGt89lnYzyz3tBkpWi4KalkSvkRYz509T4iX9UYDQJroJjs+GDAg32NF5sj/WpFT7xndVlalOZdaDY7syQaoONxjZvEs+z4oHV7xiMrUwoErem1QZtvi48MkUlys8ZXZO+TYAWU9g7Po8DkSHY8WXUledaYjYcF1j2y0Lyd/4pR/5P/yVf/cj/ZN3r5xfffVxY5YnchKW3oX6XNw+MZ1G7czTOqGxY3eanE6zLIoYmK8hM0ZqiTigx8Sadw67LwIJK8bDY4+Qqv4swXSzEjEccLZJ06qos9ldCuIs8H+a7w1wzYfyke/BZkpPYBMTdws85i4oSBDIba0HJ0Qilo5CyNImk0ZAC4knVl18LNeKaXqZmpVTAuvNbQiPd8yCBk2fwkLSIlMhSJjJx1z4YiOGqHceu7nvRGwrrCIuTWvOIiduvbOQ9PPtY3r2de983/u/4D39Vz4hwmfqJMJ8ohO31piZxj8jF52UxjVQ6epYRH0tqAPP5zMkSigEARjNTJS9oqssZA8jlKnqzFCAiBLjggtnYxdUjhxVF/is/Kv50Iv+B2ohY72AZhAYZGZEuRJG8BJ68MHq8LUjhRyPuXIGw4FNTFpUDyYiFhrmhdOL7rQw0o16m8Zo3HxzDU6q24FOONfInkbcWmut8fzBjdmI7L0L9ds7efURPX759mMffvLRX7/98R/5sR/6oV946zuf7Xdf9R3ffnrmwfnJLZ/a1ORk06qj8MUT36PtVdc4WYwgJd/iotG1h4hchUDsBKisXS+4zNFPp+oAzmfpYNirHNS+RHZhxzEpYcYdFkAN9mYsT83sUujMt709+5b77/uDN+/5XeeP/NjdL/8d/tgv3chcPVPviKVlC37nVht1lz6OC6ovlEYiRMj24apZJ0+siCA8kvksBamlIWlm15oNZgkJ8pd5tOHA0aGAw+52iVEqWNMkk9M4kPma6SiHN9WVRxrGW3fBjOrl2CrkwQb6TgsFMAKguc4ZjZY9Z2NEDoCdg7uZ+NCMvgYz9TsQvlFR1LR2FQegk3Ghx8MRskAhOHi9neIbiAZ4zrKHDRAY6WCs3BOTCgPnaxJTeroqFI/VBGHCp9eYeD4EYapHvkRSvFkMfNpAtJOQbu05k8iJhPp8REvfOztBWflpLOWLacGpTZJag1Fm6zF9+tYgBrYyzfoLQeEOEXTW84lZ1zOJb+R0vz14tj37Er/0dn7Du+n5t5GQPHlMfEenewrh0NIl9xd/esYYYez8Dho3K/TaT0w+SZ3UjTPKzEEcEdMDe0VSLiLOwIAD0pGGtCK6SaC9C4wbUJENy4Jln7SE8Gsu3mKVVx1TNurZfkoAjoMcuNK1xmxXIkOw8ID7JKYBiGWJ4qW1zFsXjHUWolB/hoHC+jMBn6N3zDbaZAFGOJP8vV//8b/x0z/4ue96V/vE+XOef12TG37AdB4xfZ8a24ibjCXQxnPHJQ1cxTCfF/0ecNxbEbw23BEcobKQySZWIsOKp0zzMC2XWB8dhs0mhgV5XYuaK3UWpIYlUOW7pYPgUVxwA0dn2YthJUqpxq1tbFCmmRNjkY0KzNBisV7x94Kr7xhnuPSMnHZs51VbjAOwQ2wGpecuAClInVpfzZbCACJzVTK+j01kvqFRxhsW5+6o+TARE3Nr3E7MrZ2Yb+TU7vrdm5954x/44B/+0Hs++Onf+A2az+7rE3gj+aSpgapEbgCnV6UgKOsZG++JOBpmJgDL5HUTs+lQ3E3+3GFQiADY7JrqAlT5w0TMEct6obp3p5QX8lQTON11bdTZt8VbBS6AN8EcGyiwSlY8F9X96av1OTNoqJLSVCUyym4wEgujDMMPrQWAuovvce/zQSqwDNA6kTeWLZu6wdGF1L5I79TPT155THdPbj/yS7/4F//8p3/0757u3zx++Td+7T/693/hYx/5on/y9/PNfZmPw/gy+BSwrGoEJXvHyfymxJ1Ege5rHv4xn1K5AJu+6VQrv5DcvXUfbkBV39cQRAtuGW1rAI93GSeOFz9zSGzXFxe/6Q4oYXs4X/KWIZjxqRbzGhtsQRXMCI6vuyWj6waKLbUwZWNLeVSLLMAeKsUsfJJ+pn7H7ebmbR84vf1rKWtLCpvqK/URzAL4aXQjk5WwySJYCKdJyb5qZDzWWCi4sUjLYmrDUc5W2SwN8RQHSHnyHqrxaXhXGEdIH/1ZsfRypgixzG+QBlwlSnH0YAR4yYZ3EIUkWLKfjgOOuYkzUpeqgScgC9IltItT46HxJLObxfFV1FHcFGil9pArAQu4CZi7xfzaLI0zzAICgtEb5wk5PxFhOt2w7bEiVpzdlxTcmQOYlxRMF42SWdEYcYOAVUvuf1q6YGPxB0rIDV06vCZmqOA8qcvnjMlCaWT66p/QL6YkFltcRHgAgDPW+M+pSFMhIUrJl4s7T4VBdd2Fda3yU5gruuRlD5GIchxNA3q71GXMjTvwNel17sxqmoF+9tlnHj7/3O2rj7/khc/7X/y2f6nfnVtrIjL3S44cgomIWpsPgbbGPDatSbe4a2QFTQNP4Jiq39h8JUAATDuoBPybFzUHgB5wGzLf528LM9lKBTPUHCnuXKoLEQpMqgIVDbJ8eKRogPNHvdEaku8OCjEYWiMzHYjE3BI07aSlQxMRwgzXLkOa7sfg0UBL8WUUFOdzZyKSc5fxIEanbre08yxo8/w2FhY7wU6p9AmRvd5G/RCP2wNOa61xa62d2ulEN62dTqd7p/v32un0XHvwBc+98bmb0/Nvf7PSMRNxe5W++W8odRsLrw++Qo/IufT+AZNE1Z+nAL8bbgdLimsbIAnJZOYRIDabFwcPV+LjGa83Cu5GRDKM3SFkAhavcnW+HEeB7kz0/EHYpSCJNtzWXhk0WM+6CLV24ne/84u//GN//S9/5Ef+xm/8yD+kX/qFj/xH/95zz/Dbfv8fuet3dD4zs6RqBihrgT24iZSCHviO8i5eZFBPqngU49YoAJvkYaag6TVF2PgajbsYdc6xiObOF+wa46qn0W4f+kKLDdCqduyRr8d/K8TlrU4SlWNctCdN1KTaMHMtq5GuGp3p9rFaa4tNs/okbinC+HMhEVdxrE0OZUP78e8h1OpAGYDYXWxEDfclsc5lzWtoK6Er5t4sxXAhYAOy6uAxm9vjQLG+erXPKIE8rchff0QdXtNisvs+TQuIJD9rd87nMZyiwCXBDiXf3Cdn8AdD45OxHK6QEXZYPQmNObyRqT5UpIbqc1yMaELMrTVuEqh0kNX3VQp2iJN14ZAVYy6m4vi4gWKkdRZfGQEmuoMJkdqIY1EXYwxyoUIpa7NBV1o4peHtVmhp+4ovMXmCPiUakltrKeTrWABTqfAozCO5dQm3oDRG1ZlqIoIoYQeEL3HPaVEMp22LJWSU9ET+Cq/8ORgJi6c6YIhMxb5we3t+dKZn3/bwzb/vy77tTL3ZA3MaJv7WWcD//vj/k0Psf/OX7tlNsiUi5zOPNwupM+oWrVx8Ag2E3NxlFZZ8Fg4MTPDkKY46JruE8a79Qfd1xIP2r+FYDcRVAJ9+1MoSrXREESg5Rcv1hNYIAESYpbVn3/7Wh//kH3nTt3/H6U/8xx/9y//tk1/91V/7s3/2cz7wDffe9cX90as3NzekJRKDBYvZAsMFe54WGEv36lhBl0A+AtxdXJzIHFQZcBB7ud/0l2dZn/xmDoY0gowDaySFfnNZdF1JgBwbQrSY5oWUmHzBmeO7RKZj04BhzjUDno5c2H/l3jkiP6fcthYKh4TJF5yZILeyRflh53zfBc9PzCI9zEx0mk9CHBQ2iIuJPPLeQnkXiLPotR6byJyX8/RW1cvj4oagbZMLg25h+zwvIHbG1I7VhsQgjsvru3ksHcuK2G7E13Bc4v5Ftm9v7I3t2uOaK6/9OIZ+cHedXI6/j7EMxt/6gsHRLc3DHsjc9lUWMEs3YUY4LD3Wcir5DjiotIKatreM48atszOGKaYxAZUsoiHDwTusFK7Oz3e2QFIXXBlStH/R/DJq/rxY2D5Xpny5HukIhWua+pbOLCE+8mRZro/tfn5nzXsvHsW6fE7dN/2QLQPJ8Tav6u325vU5d7H7MsRc5TYOxcJENzevnG/v+vmTj15uTKd2olF+VXlhWFCEiOSQFhwu8S3a53npwCDbPIudhx2v7G/TgXEX+8wYRKURhGDzw7wKz33EyGdrdbig7DM+CozFkd50ynYz/B7Tao8HmSYt6O/8rb8lC9rhfkOL4tUYBS0bK9JDnvTbKswkpzbeduVrDxba6Ti+LWYTii3+O1SaEk3JLy4/L8YeR/HB1cdulMVr55ZSkFtEL2tMVSKwkLL6AAZA+b/e4sBe6fxpWYLY7pBcWxKYF/dvtv/IsLHNCuanXcQKZGwXNjfp/Xx3d+/1b33PP/ev/MPH5w//Z//F41//9V/7az/w+V/wxecuZxF4d1SyVlaGVc1bsscy2zzYc3tUSMWLcbeSsWi36ffyLt+kD7bTLs6LbQY7zmlD8LTIfLquQU4IvDI+yv4i/ABAIcpYg7UYCMzQMGJOK3uTNOHVnZ+AUGpFJmwHkkY0v78o1BdR3evoRQW8OOFr98Wlbi+WHY+7XGMxFnlDCIUZOMAh3sqDlzb54sWD66nNyooD+5ZalsBXDh9P3wEobRxgfAb+LY/+VFMT+lwh5xfnZYdDeRwjtvq+yhiPpn5/VN79OaCw3zZbpM2RCo4U7e2ovvmTCHJ5FSnZs3K4G4LILLR+DcKhLJs5xuLVipyNmYHyndMKm4L0weNjXLJszPbBNdVrgOUqKwV2Hi4h5qN8EgZvbycyJqhFuHi4vQqblZdJ3zOL1+YYc3emvnrlUH414pjIcu/SeyNup3bTTjenRkSn8YvdXWux/Bj2f5dHCE8mPRYwZN284qiVSKp7/1/CgWuOZBfhfNomQQq5EFuCjglOBlmKnmciORibD875ZjJq8JIKgsAMR4WC/dak2vUWM5K1C8f2+Sc83HQwnDVZZeg60+w2Q4rr4a4EWgZ9LW6jS9SQGmv7tRKSLszXNGGQ7A+xRZMLOEdnGBHYvs7NHQXphtyq8ltxRsppjRcZZNICfESrpN+v6RM0wiJ3r7x87+HDF9/73l+5/199+jc/+dEf+btv+9DvbC+81M/ndmobKKpVmDLF5KV4puO6KufqUILzygwXbLb6xOMUlPHtiIstuRJ/TCM9NlpxBKMVuqSVzM24uZB5AWG0MoeqGmWwinsWC+eIAfDhqa6cYaLxakENO9owM5NOs23zc7a51DbfnGLPQ4y+3ZT6aGyJJ+wI4V1BstPFAAXDjoMuTsPaRleJ2Yy6CdHsEoUjwzFM4j4zMlbkZpQv4tCO3hHOR+oxxdxYWtBFCbS7YRwU4My3BbK/OdDx0dptoIiCQVw3DoKdQtUqAsGVXU6jIq+gzStHUWwZiEjEqcQ97THP/Cx6KkAP2V0pRyG8K+65MBHjQLu7mfcgFtpCFndYrb4v1ioR4H6yCLrmDfgImI9UrA5uUqgFbHj+09yMLLbEH4iP84NBiIHXpc3QIOWQJXkgJe72OL6OaNwu0c4ZL7mo7dLadGW7XXbfDDbXcNr4eu0GXawlExE+r5LCoG3IFRibnnjxW2gmxyQnCGoEcGVzcD+PPh3z7ClE+jkkISE6C0mXu2nJmYgbn1jTzxnLMZF+GIls7p9qOfize9Qh42eEVxlTHAz3/wNHiT+EXMT2ettIIatdk7pvPU5xF77CipmKWX6/xSG4BFDBFC+RwmKoo9W2yGyNr6twEeyDOQo2QylIAdNqbHbr/OuxiujaeIXGC+XZLW0FNZupHBrS7iKvYMvk4fhYsyyQsDRY0V3WiV7iSqaZoSTTN37ZNxsCqD0Zk0s83kLJbXy1hc8PHj567vnn7z72iZ/4sV/+ge971+/5/bevPCG5QRXIL/QdlxZ/mrexLD8JnMWQ39Iz7razml4fE5p61ZjMvaEDUopaL4O1VUdmtgVSmlBgU32VwuVHQNN1K2CljDoqSlj2NAEIjtLEQ7kVqu08I6lqXxVNJ54vEtUhSiLTE3Ii0qfnUZoS1s4G/96J+vdyTsIbTfUlbHT1B97giJGKmsYAx+wl29BgefQfs0BC/u7+ZNyilSIjELrMT7OsjBcY2oKfaG3Q1AltxTk7lhpbg8XQJZAOP5w95tMSLPtuSP6eDfBN59Gz2XFfYJbjkNogoiKlHabiAUQumoW7Rmn6yQtAgyOVKC7WsxgEtrfFqgMM7M9cbvwV3Pdrou05/sy40DQg0S+NyWHO7TnOdXoDyaQJYpz08soVc7Z/3GBRfCvGklm63Ioc+Br/Kf6TRv65LH5uS8tEYw78xQYwzOXwIWWS2b5DGnawsnewm7cg4coVwostKPuJFZkdEE4v/VtuJ0xMey/mPAekCTYCjueZrZWgGGmNXEUxkDn9wiRdpN/d0RORTk/kjogaN/0cwYh1utsJ9Sv6rUczKNKoONZQti9X1oOrUHOxzsp5WKKxE3XIcfFqg9UkzoIWDqBitKt237rPWReAs9rn0cgf0cax7KL5BV/HYkdMKSJ7dQw+TAmYO5zywMUECa9Mca5LqIcMjzND9w3rZLnGUNJaXYmzWO27FCsbcc4CvHVfUJIPV5zjx0VlVVrUxMMsa92wRQRfqFQaj4bniPvunRoT4GL3xw1eNhyuyqVCJI54ijVGMwjNmM19T7rQ8rMnWJfNtXWhZa6MA1hYv7LOSJnSAYn1/aFwl8O/Jmf1e9KLYZha406duoi84Qu/+HO+/L0f+0t/iT/16JWPfYqJuoy3sc2264HIXJO2eUdIPjeoFSnrEcD4oain2hkEo15NxRqd4fxehBFle138vLgVGR4VWWGDhaVFJah2oyFbzu0XifTpA3vBoTVuKvZtBnMjj8QHQRFTWS/V828OSyfCgxYNuiojY6uRIbaPsLaHpPg6HE5/RYk24PWSNw9WGhC2wGA7qv2IHxXVSjujtAYXtAyNPtLef82ZjY77KvSKqphaiv4/BR72b2IYR2jgeEJAozTAuOBSV84YaB+uCtm3riYzp+Dw0u/YBKWK6QLZx9xpZ1T2dD2dOxHlRBBMnRCRbSYJvUMnUcT2Fjo9mLfhL6HNL9Zm2Q0U3pXlcYw0eHrALDawn/7+IVFDNfIEi0aTx2KVk9XTpHLduJXyrqPkswo5aTk3sAHOYGLQxSkfecSJamKWms56yjPChufO3a7VXzwTG8I/ryUGcOarM/a5yp2bAIU93Bo0q6kd74fQSDoywuoSBFyIRVATUbCKwDAREhIR6XdCt52E7sQ+j87M3JiZWF/9gvZESzuQZICJLGi3zmWaWjbm6iKciuGQI2mTnyL+DBhCQueqFJurB55cnIvBES7HehOThAAFqvNzHhk4yqEZk0jEhLJWiY+iHkKw2Zi+nTXXErtDZjsTP+EJ16u8vmfBsZruO0bA0HhjPImI1Ng5CvazeCHjHA/zXDND8370EWIqgxM/P0c5Q9pyF0bW3MhbMpsDhaFyk0jyHTk/hKF5aZO3UCLnxYq+7NOVplq7oG3hWf+wfDrOFxVHxYnip5UNje7V/0fOWLhl3eeMIkUhaio4I4s/BUO6dEzM5HiXQNgJmM9xLoSZW+uPn7zw1re+8Uu/7Nf+4p+/30jGOwKIyY2bTB1USk2g1aMNVEuuF0RRQiM6aLt1TXETXIKPdZDZxt/Az6DmGdu6e8AnR2hWF9uxBRdI7VIOYHJ4OpcrE7vU1Oxph/BuouQJAqGD81DPzDKN+S4IWUYyVQC6NI4IzYs4VNIdPZl6EWI/MwIT0xA4TVNmAg9D2ALL/I1G1SVB0Y767EXJ6WXF5su4CCVx11DmvJERKl1swZcaMyePgRHsWpbQ0+bgJD10jqyYfFJBQSYkTYx2JdtKj0dAVMh44D/slS/Kafc+i9Wyt0TPL1zGiAMjeXF3bqOyeQIUIENVEQ7aMSUThNEiefAmhe9WyzF9rht3dyFJNdCvsccgZEP5gwB+4gQN4p2U6CaTU2D7ejO2Mm64nq2pkN3CIplEtF0ADY7OM664m7i5SCTtI7wr6Z4yXaa9KkpWhkmIS4BUTyDjoPpz0HIDxjS/bxaxT8d2NW/vJ9AYFY4K6EmElQuPBsG0wnTLzG80fw4Kh7OL2HKlGWVFzBZGAVoH2uEcWmKDZbj1YObxXVyTyGTCBswJIQdqVqQKr/IjWuUrXUG9k4inEiQyPojSz53OQkJ3cqckYg4XbFKEXm48NpVDsUTPEwgMbkp7ahfHN0GYnmzq24rDGDT6SOdIJCNNQWgBoeToHzdgOrpuxiEuFvUNRAZnQlDBB/WZhiMtUATSrcf8VAMSLcbRaYAiExSjRVdQyKOCc2gSDaZdx5rmQK9gY55fnVAssQo5fQxERTbFwzjvUgRXLApMSjfjspinJS4lbU2DLrY9W6cDg1ATAqNMIRtuaoFjUlejsuAMZ4vZFBo7GPCGC7PecH85f2iAR5gouidlurCHxZbfCxz1szCbvCBbXEsJDgfMvmkHOWiy3liR53Yj9+6fmeR8lvnN882wwXoI3pEwM0cPXq4SVVJxjVODDKqW/C0OgO+aXJVwjhRBipbzHJ7gK2vl9lM2y5AmoliRr7LBLf9FFrzZWYA+AJPPdGWTSzORfn13hHzdmhNDJRNzXYuSAptT3dHC3r2c+A4EiIsiikfxF+NDcdBiDZPcmFcBacgMo7nnqn6lmmtMEIxKLA+Dak3WWuYkS4QxjsQOqUaT0NnVXDDtt1srZ2z7LG6SdImN1jUywQ2sIbLa7N2Byef4s24bXYg10oQt2tIbDI3XLsvBaQoOLE8QBs0X3JiAs08WxnVHO08oHgk7Kt4SPvGXLXX8h+pn5nNUm2QPpNIlM6QAJKjYaYhsRWHKLXFGnrj+XGHaeTxUkVqqZiWxGpi02CoeIXz0bmuamrpdwBKGx4tJS1gkFFmgzLBUDnxGHT6MxXs9x0tRjJ7iQJSMP+VxwUNfijItiq2CgE17nrGfYnANeRxc3Zrmrac0ZXd856Kf+5mCnKAjHOizTvoKqTpgikEdPH6kwNwQDeBFwZ/rGBNVsWGOUBlD5tjHz2uiVk9QApDoVskQK8bZh5qacwO6a3BjzAQ4qHwHrEDIB4q/5KG2pXE5UJV0T0IBcDe/waKaOqMr4eVNHW6LOX6PJfCntKp+NjwqPiqST4zAACBqx/UR/MFRFwU42IDQnLYKyItMzOubuVZegHvzBVZnFPaG0kaA87QpN5Wsu0Z2bVCvaV4e61IjkA/wKqvwkRC3xjc3LEL9zBrkcNgGAa0vXbsuFLuKt8H4xAgmjljz/uhwc/40M3QAbwfoqYDPzGMJAJckJoT76VYW5PjPRcZX9ll/+BKiVnDcnYOxCiFmUfEoUElJ0vZgdCgafy+1bmjuEpcCMI+eF1R2c5bZV7BaUnCISRV4VhQ/ilA1D0PQs2Sm0VfogCljQGVF/pqjNixY9L/QX7Hfpw2Y6wXUQmiHoRWn2y5pwuIWXUcuNheE4Ws1ONbUazzjcexNRb5wESSRMQB86FzxtSubGs1rM2w7KrAeISrET1HyO2ZOEgcGmdh0CkKRdTi7c0YLADbkxiq1nuC5YbAFCQdX1sNyte+A8yL2LZPZGrOplada9uE4opNWmr3YWBQywFtAaZ4mAAGx2k9ErEgdrF2k8mFlsCBswVNeu0Tc7e3zSxox/iWy0kpqc1B7ThU4tg2H2tZws9qp0ExBpUvvvVeJ3Cy1sXpKJTdNO+ImeDHts0ZsYH7xIvzcBalIZmg3Kt/qqEB0MEIUIdy4q68yUK0Sm8OgHbaVNmFhXFHjpl5yJEdCZChaOKLcA/EVf5UE+4YlF0YUCqfdxsqc1SHBHOT0hGNegno3eEA2Qe7ms5tUdbcNwWE2jF8Ca7aAgw3nDMQbrFK6kkwWZypxCT1Mq0YFxQhc9a40F2ItDU/Wp8OpTrpyvTZwKZIcf0q1CAZGfkIBRZwomrBmOznQWNheegEDBnIsFrA6FRRfiqaNg+QsJK9Dj9th5KVPoB3Xg0poa5diFL8l2dpLvE/kJk83sJGWV4YASGeR8Ui7phk4xUNu2fkS8yIbvXSIOw9Fq8EUDeHHH1OclfAr3q2AwHfsDdWKsOwkI2qpisVZOMdqTzLvxfKCmcHkqaHsNJlqZrOMMaJ8BbA5toa4ayo5ifjiiFVp11mwmEPwXUSbTGYu4OatcmO3jK3JjY0aLioYleY8uwqThpFPlZohdBLCxtSxnMM5Crrzta/tvlFZQTPrnC+nPsSZQ6LiVMafK4qCfFjluEwLOUaSYttWY2/UMiJIDzZWTmh5jbc9ngpLiUmbaGW9e8gg20sZJfwhDMaWKzgnbGihG0xOXAIk95V7W5F8X2lYSgdR+kEnWWYeuTZbo7x8b+8XVsEA4MUo1qY0s+v4Jt4CpkPmVjXCizWQymxjQDkkUwWycB+ZVwATJIry7C8beZu2hACknqzXclz0Tquy2cE6UR4qXfJ2V5Z1D+BcGOAzOySKXpEmBVe5DYbogIQQ2wE5m+aXi8/gGdDwpkGn4oD+SJ/RAIRwi00JqFSYLN4hVx+f9khdd9QjIaqWfglMiTrGeBmIYRLmjZiDDVs3CXGUfrscw3XVcQl9w7/VrQWJo2OnViFxBW1FQxuNkQ15NGi2Ck5OxgPDuLV1EF0cugKOv4/ESyJXsb4TwNRwDqTAeoVbS3q9dgepjPXRp7Bm2y/QJwR8LA0K7WJUjjS6eKc88sGv0Dn3u+AOotpE5EX/Xm/t5aD9xiB5OhOSa40bBJkkLGciIRHq6qeLkCFb9DX5vJqgS409Z7oK5sVWRfJpCQVcSQJ8xbhoHS6pT4XA6FvIxJTZ68gHdUg38mmOWyMm2CYy58gq7d+1CqkbBPujE2SeNmyw0iv3gifbB1EL5KPDkqswjtsZv1gNmqvnwepoPG0nl0UCXkZLrq12FzEIJektxAvDFaGUnhx0JNJEIZAseCvBlp2rwktx+i8gcHysslOhxfj7aczXlUfK6Eo7KXq16h7aFTH5UYenxrW8fFA6pMTA6UL8/GlGt14lalu6VqmqTzcXbqBqFbN6DgtSuzKkth1qXjiP7PUVLEbXufagg8XZz8BT3JOs3pA7Wbrkqon+1kLmvDd+H5iYolAH+LigK1as5IcggnnWiKwKqCNamyLmXg4cIt0gmh8hqqmAZ6sq/02jNkQEzDGo00zzdIAyUsNZBRYvj07ccEKFieZ7lB1oYKkQMdR9NSoztElf4qD0hWgYCFwfxhgiG5Y4Y4jIgLghnAunVtRZHRVZCRCnRSUfjeBS5za9mAyanAGMdclIJwXUi200DquLMzxyE+NowBHjALBHDoT1k7CrDDJ0WMxFIHZiEN4zFIVQhqZmDJP/UtuxyO0FH6AF6XE+B5vXF3KsRDovi3/ZufQ9M4IBHFdW2YhkFdaNUidjEuxGArhYyNF+ojEmfCgsFvUjkBWBiWSoavnbU9YFooAwdhkXMRrAeAh8xChEY4P1SCHFaniPDzcooOVZhsyxJ38BOJi7FJhHhSbTLOpXlHF0mdCsbacuJE26sL/S2572nADSrjYbPgVVyIfVh67V68WwBVUNRhsZVUAIkHYpsdXU510w7DmdpoAJRRdvSxY7RxyQthGVk0pdCjxIxPU9GWejOkpC8uebx58wGLTdE4s7cIQZeIV3N7bNKnFsvNTWF8vW2f5UykUoV+xxijfL5BYjmuwp4bMhvjV3MaqTKBQJt94e/S50mfxrfEVqJFctcEMXBX40kukklC4071FHmKKOqKuwXjxoCdbXLXdidTKA6IOUxyicgYeDRbZLHATepwQjKycJGZKFM4r6ZM4ik5GDjLbLZhjYpDsXAhjGrXb7QCJZuTAd0Tzu4kMjmOM658AIwbOLvZmgCRGFwUcB/PPMwiimDox9jTRtwPZhJ3DiNq5MA8DGZHVGFqUH25UMiy1OpqMwrYg8ebEmcVMJJ+SYxX4EC6r+/U/1+zk+QN7tUmrzBNN8m6QuyLlKa8fVpk9mgQDVQnN4BJtYRXirKISWGi0JStxyuPTsMIyxknF53qTJIpRcdBfr0FkmgLDgqgmElQrZWo/U3Tygi1Jqb5BVD9r0f6y0CYYUHL8/JGqaXY3LKDxZLrgcHBZo8kVCnaA9W8RfqcpSfLlKCecNpPQkd+BT+B5P9NBAHiWuCzAhitAYbl/vmn2U12bRYiOfnao3qROe1m0zFCKbVcODM5OtXe+NJPj3eVQAogxde1hdI4m7HcBoFp6TxRbdxTYI1yGwJX2FDdwnM+Hi7i6n6+AGkOdBSmzllufLkpBkSwCusRPk2YKnoDh62WfeBjfu1CkuM0d1PI/cTXn9GPXcS0eFHwFlvLHkbEYT6ZRiGMEGJCM5NIiYYNlZmPq4YCEEw73Q3d9TSRhMAmLGhlXSFGfw15sjKa+jugEb05YMbesoObfBTCMikMPQQrNWqWAK2s1EEpqtmog/U2iYFM3EQOxhAUpyBIY8mL492iY4cM0z4ZU0GIpcbDIfYhCeh9qOXBY1KuERHUPM+88RIbw20MxWDTPWZO9ueHNbCSp9XZ47sigQHOeB58rKwyvXhvNbJVlj8UgoGGGxZrBp1cwoQAm506QAbXnYyApzpcG9wwi5oouFlIqTzQywRESD4cUeXxWZD14ZrgMFUwbZOR2ouRSOAAPgMUZrzVMGxJBgBjnwIY2FQh5js8MvGFYpDI4VBl1yaT8BOAwYZnsLlUED7l7YUq+0JwI+aBKQx2ccdIZyKhSxdapB6xe4MgV9mgTUlIBG+oBFHmNF2S8aewSQtvTDT4oDiw2JyLJUcCGsACBBCJgN4JUZbDCpUiy4HxxmlHcUEfMuy6paXxhsO/GbDtdARTie/l8JkYmZ2wid2FjvYZRQxx1Ws1MhYVm0EmIHk7LkVLuGa0eHsNiRYL453or/Ks5q8yBjCUK4ZJ6VYdhgGrFg/ZXxYr1jJxlMItEup9ZGESs0mNJYNoohUlkaSyGPgoFOBStmRwlttLBcAFyPrFhmBdFaxBP2Ey5wSwzUCId3uPCRPSQVvMU4XKu2WNdMBicP5A5vj8wiBfGKsk5t/gbL6Uet5UA0j3u1zYtgUtiMLoCMNhE6sreAhP5VDZDxLj+QilgOiLG3KB2XCWH4awAmV3j56ucGdwn/BsndkZsq3xfKplX/g5sxo7MRsis8gg8WuH7WUfA0I1OkZwvk+qcNWqK3Up2SLrMlpfk4NFDDG6Jchd3IwMdjhZ3iw6FX0YrCXDDsj0gUWaMphkt4XSVgM1ebXYkjXXp1/ot9heNEZxxIYgIQngMqJAEsgl6Af6pjKzzZyMcueIhM62SzdskgVJ7QPmmDUCMe7NZi/FrHkKggjFMQ6YnbmzeoWldLKsJgYIqSPF0gfTliaBfCiYh+CEBMmFfRH5Ny6A31olQEXDiyIYjSyFHywHXWJlFQ5RfLnsjS6YfpQ27FyQwL3YDj3Adn0VTGLh9FfUdPighzUc05oXF0X/8EKwG8EGOff89d1NQcFL93BjOYj5EZan0lUbUSTObnF7CIQKqOw2Rx7r2x1hJrDAlgGr/Mb8sSwkAuAQooAB8IyzBxLC/qQb2HVbtE+wafOMOqTLShLev6IWDiq/g2dQBtXGvkSDAzt907Mg3C/kahfGCYI5mO1DqZA+lDNJJ4QFcTyGniRMXLJsU0wnsFHfI8WsG4SPAoCUrsprsmiGBxhMGA5egHy17LAZNOkxOu1E6veAiVv0KQJoIDCkk7QkaXvKtumCbSlyUIoF5mhoGOsHAadhKL4EVBvlEBCgnJPFHwdXQLvRDHVErwl5jr3SCcS9RC6jvJZn8uL8zxtF9WBjQdqa6xIjbMhUqj67LY/nZkLEQ9vOCsvjo/MUHqL8CfqZ7GF4Ypw7fbq4wVlKzO1L/IjQh8GNgRlQCpgPrkHxE3tLE5Al7mK5nNTbRDbXzA07Q4hr+gIUFTpgtnpqZ2NEYTM+icE7+G9qTSErGqyrJS7bxwGx93Z/jssFc8k5tHbsS0IiCzcsy9z6qpFl1E+ya6eX6/22OxbAkqwc0KvTVE8btshaapgOp5lwHdnsAsxMAwbu1VnVr0fZMYe/RlXgMCzSOf52YlEu63LDAzXTC6TS+S7cpyV6yRqgeLV2KEozhEezutSTQOiTVRq4YJCDeN+bL0GZEx50gP+gTMi2SYg4dK7a1LgCAuLWPqIR60KSwmPwa3M97SkE+SUBmRrG2Ca2GVBdavtcUQ2uiEf9SSKYNj0DiGZwrP6YhOteGJ3AghSqbR+EPrVGc1EZRYs6ixpQUtkyALldli81V3QnySsjts5lvMtI0Ktxl+Z2HKEaaGSTF3RKE93l0Rcb9jO/yBeyCx0aiOEFeFcpUEihNt3ln7B7kv8nxDA92arn/GWVz6YYeIeXUIEYTWeNRWNcfsR6bzAOD6kyqflzAtu5fhxbi+T35jy3q8+KSioQeFH7AQRbUmi+Biu3fHjg/l9elVIymSBCD1GJdlqDw34saNi5ap3xxAUjRQdtI9l0cArxkMRrlm66D3XX9IKa7RAagmTEtAC2sNpXJ/u9O73Y7oKIXgx++VF5f7l4756kTw79cfydEEj5Mn9ILMxKaf3UNrdtmFL+2wSyi8PhVXcOr138yjWt4vDaO5A1gV6CygC0eznzLMbbP69xETD6XHwpTZtuq/3oyaXUThHORP46E96N2RZrw01GO4aDCHd58uLk+MkDDTiVszxNB8gv4c2YCnk74LR1HOK8mMQdKRmzgYy/4VqyjF+6+FtHWPww5OmYqPg9Up24XKjF15FMkE1vNSILc9ipmx1yFUalcWv65AFNUsYsYHTnp7LDcLx5Qw8OFjn+P2m9GX7rwlZJXAffXk+iMmD8lpK3ag5a8x2Elmg6bNKsCJiXZ9K4GtBwu9Jryxtn7RwyCWrz2yM1SUkrRsc52icpQznPEYmh5DS52UuLpNzt14bQV2h3MrXM3MWIjtiRg/U27PeSxP8y7aWtEdwo72pu6Zfq0LNjfTZRBmRgNLLSHN5MA/Z4/j4oqoV3eqKVprrrQGWZaPaWF1JXuFdm1OuEAjcDZl7lpCzlW9iIm7q1FF1kYSfUBaPRAR0vd0+3xUR6osJhmNNnZWMA3DWDlLi7pGAsHf8MGVpbiOTEFqGrXGzZL17ezIeLJS39KNnDQ5VUcYYgDPgXg8MhXFL5IJJBLRXMhPAXqkiXFQWs7NZvgSgdm7WTkG4AqLrag8AtYwc+GlDhZDME5GRDGUBQBBmyoaa5nkSsrRLGR5GLOhUGayr6qclLcoxSXdF4VpF/QRJn8MOBmSTMasBxo0ZmeljZgtmtjAydU7wlgKdTcVFcl0K3QR2ssyeBqYd3vdmoF1RfNG84M0yFWYnSCrVdG0Rk9nJFCZjrxyolfxPGl5Mjgu3nMU4blxFVOswvCmqmomVm/FTCDXRoOlmOjxlJDFREMvGcVhwiWaZEMrZ4GgFpi1g1vQ9XnBNXQZotKarn/Gjk4YXJs6HXYlZXeWvG1lyZM78+kQ35dkk+6hosC8alKtzo98NYnyiAcuO7FO1KrjEj25+rDJnlCenQxH8t2R5aJ1Sp0YH5IH322xV1aESEJpJ4KIK1hxi7Hez9OXNqdonK0MmXGaajxEnbicNdjKEyDxouMEzSgJEtsTm5z0ZvyYIXH1GIstmQVDlxwBx+f5HRuPdkYDDkQGjxDYOJRu+FSVJXcrSalsWNgHdBwEWswGVohNdHfdoTIIrDD62CcXO6nS66toKHEfKndsrwp0Z6hOFarIyARe4Jj6By1AjHapEwDHe+73wP54wMBM851JcwmEY5uAXxxnBNtgz5OhTtm3rdDWRxo+iplPFgYz5JwcLhVFizVfCxYLeKeWU0i/bYaCAe2MjY7Z4rlKimhEX6VMyny/UfYCAxqes71OLwQJNHwPxKvJv0CcBtsQhOUGBnODEsz1YuVDvJJsR3TVcB6oEsQVLYuC5NjMWVClQ+tJOuSKl9McVUBhRPPuvffCsqSgB/xKmf2uQ8y76XpMldOyxlaLKHMbA4Ll8OS3yHeKVxNtBz61xjeNRwKK8JURAbhnSepXRmQIozNNTd+Uh9GWZbyLW+4aKPsfe4jGL8hUXZiS3C2+q03NkzdeMAsjqy+UADZOQpAWxt42FdNjmm6Cvq5RElnUVcgDWgmZjctcOnbS/flgIllz4EatlBaLnNbCmNoesO+RVxU4DGYCP4tUed3FoeZ1veshL4io4YlOdv+KNgy94MLoWfU5Lq6tFBl6Hp1QbSOYPOzLQe060GJwMjgBamC62L49uMec1E1o9ODkrFgsA9t8uWnCP/lYLhblp0MfsUs+y8OzApNbouVfImJq49VtTO1Ec/2TmEnGq3Ab6SQE3AadTLrpizdUL8ivxdPoqXOpFIxhBc6VQXxvbKVeqd8OGVlVK5hC8rtg99JxNI98YZZJ/a2TlKpIx50rZJeKAuGd8pN3NZKSfiFWavndJ5heJoUVopmUWBMpfb+6tug99aYBFm0pG0otjJlBH6Q313HTDRDjiSWS4fuofg37JykCP1UOmNLIfBtD2XQvB9DVwRZbgJ64Uy90xyPfY+m1+GlMz866u47PCGepF2RF1ZPy6sLhIVOU5CE0SkVPjIYMONsm/Bzb1SoznIinFFPwKHleOkg+qZg5DIbEwlOhNW7Rbxbk/oYh/sxtgrlzHHx2cqF48euA8JRe3JbPG1NfEOuqla6XwhnLxGS2QaOvguYxrU18rsDum0YsKlSKc9hrtGRuw9Bts8QYSE19luluY6lGDLsVievTy3RRRI77YpsLoxCRhVGkccQ8DenYhfxzg1KqWxHaPp3HuqMb8EWqEsJwdZ5GAnmRAdx/xsTcGrfG811Eeo8DN4CGqdbuYCg3w8GAOjGqB10p1xOSQCqrx4LeEC0XNkEDqcnnrR2NbF/5z3UkVgwZ33gymbaAoxE4zPCBQ51QkwE4yV3NIjuNdu5FX8Ralu5OmsoJJxsEEpH0lYkYXK8myojJhmES/kmsxhKVN9vyvjZj9flsH0WUwi/LuxePEJsKMjmY2oq9T3EgesHTsqvCGIXnl5JAwY/emobcHjFqwNbkJRHE00/NNtHgJNzDcJVN5q1IIAPwZJld0b8xzLnW8iuGgKrYjJJWl2E0jZmSmQCK5gkTc5sz39p822cmNgZ9JkKi+PuiT92tLKeWF+18iEjQtTgjxXipUMa8EJLuHl6/MDOjyQWnf1xiKEt0xeJAuqiskDwxwTvjLWdXKsnmJku4JQmqIZ68YjahqYtZ4VRcgLJwHbcQ2Zvck2MKlkAyOUeHhwVgtBHe7pAQD8ZYQNx+WgAwrqrNKuRKFs0CeOFmjt/K+QXdyTcSnBl+hLAZkQ9mA6JicqMTaGEMNZGg3TH2XOytHxsiUHxZ2QWbOFYTHaJCjGR44RAGJSJu37AxetLo+QXPLewLKoqWf5TdQewhT5nI8FSCebMWzgQ8qohTsT+S1yg1KNtJFfX67sSRvaUsr2nkoqMsErWg4fgUg/L2B2K03rnRmjOJjwEvzUDJ4xwheSZdvsc0lIhCeMGxDWrv0IqUq9lt0okmyAaT9KwI4F1L+qX8NEL5aYoKbAqYVjgks36diE34JPxzkXvThdZHSW2sDfI4C6uxmITbTzL19btGCxOthR8EZa/BpSpwNAZOknHJbozJnGozGl2xEjINNgqBQPYWXaV7pMAKISLb+ugMLIM2Ny8qhLNxMITRjvLCTu3jlxm2JcW7AgDtJ9uSIiFzvJCsfBuTZSIa2idsV2JJJ4Xttd0SWWPNci2JMKUkgvfxQNVNKfX2TshyGJpjLyvGT2mCgFQwOM54r2dHYnlY9MzuGAIQsde6Y1wigQ3lB1d00qJyIm40GQU2szIIPGR13Uu/TI+IjBwQV1dCeASvMKHEzJhGBLCuTLrcLfF2ASI7ZhwsRQ8J1Uw7idmx0lZbPLCSYzaP85btYneMm5rFUA8ZUrqFKFfuo38I2oARwEBllpFaEyJuLRqNTkTkooPSLpl2mUPHBGf7IoOD0FPMXqSyBekWKVA39N3kMzi3abFtJ9PdcWkUxLmMItRchB2/UraJFUBJBifRGN7WQylrMBRp0cHFD6545KMIvWJIQ2axOXEdWWS8d0LVkoKwxS0t9gNcDN6dFYKswWHeAyau/NEIzgmKIYoQNXCXbrSH+qA3Rw+TZndjE5L8YoAaJtc1bo6AJUJOXxZNO3GW6XTFSZOkpJmqun2rnU4GiycuXcmULKFFUOSZ2aYPtmCkSsjcrcFXSzsDpBi6awuwp/MC699QfMu2EQQJEkukzb2htZ+WX3tDHhDHwSN9T45dGCrXaVEAe26bZJFtm6nCQQYkw8Sa+OlcYiblvBKPDRSNYOgsOwt91VpiwBBIpzhTChy1FgWSbQvShFrsR7OWtEgLgUtds27GcRdkm8ItqEixxEEFOgxZ+bW4uLHezfN4fIRt55eqbonRBy2vAXXcIEBg3WRyBeQCzrrwtTR6KphksxDt71OghD8paBQRKbHCjanN2tE6RCG7peM/xiTxGXKYXSc3GRhBqXPMXnY/9n6AzS3LDPU/PzQzyD0FEFnXHGo8l+fLU6azR3uHuS7/eggjlxnkHS8fBzov8K8XuTTIuFryC0wOUYP215FwddtDRZsuYqk9bVpHSHPlP4H3NGA7u3h+FBvtez71RGf08EII8XPWt8POA8XLIlH61F2Sv14sxmXVH4h/0vLStr/3YqKReVJvISTjFNPk/gWF1x9lCnrBP9Z2J5g1TZNSFqONa5bWeCcfHzGrnCPzseOA8Uo6yqbVOJvz13IsKh8Xdi72r8ZPMOGEXzPyq4W5dNMCTvSv2sETpOSlOP535LmwnKH/rrFFHKLgKEf74kWQKzhVQPvMReI1H2IhDloR0tNSfYsj5zzwrBwvDHXw9m8IrGIGF7A9wOBSAycx4xMS/wTiIFsDe749RG0aJJkrwmXx4lpHGdHKfJA8aMj1ErmSxy1xyJnRFbK7DeBfC5F0MxydVfpo/uHpROITq+b2SkeCy6F4BZ0lM9PcWw/WQO2ReJtYahoLYgrUGif2pUWD46gihemiSysrhFwvgY5rwR5xQOAJWomnmVRZ6sqDCaM1xCZ+4go/zwLOxk8PwkadQ8biGWwK9y6e5/lO1FG+dMg6KiaATMTcWuNWfDk6c1IxNUiGemLR8BO57ApriQyUG7o22mzkUzBWrZy3pHJbRGassWIUHqw8BmvL3sa4R/mtKESURdRciM0LUX7ETXy5BYSzfL6c5/PxOoomJUqm4wbXoVS1PFtl6FGaBxNCVVIUR/EPcxuLZtnPMLSB0H0QEQUlCoGCEm4FZtodLHT0PokhesuDHFCGNHJMSkmNVjEurPci/7b1ZntThJEzc+xQ2g4j6G4FI2kiCfPMyUSgqclMDmCddugYSSaCPQujOD3fxLC4PYOTlTeYqIUn0NFxlsCKcgGwPEIJ0pxRTPhLw74Y+Yk0rCohvbiy6w0KrjIxNRnLm2rsiLk1MOxEKj7h7fkOJwnswpy1S7FcvHFJ6VbBUCRy1SjV+N0iZHbQWWycGDVGqoxz0XuGXsZteyvODFoqd59nAWiYbwtxZzL7iMTNDZjzKCz0VpE9SAzMLBqW66ZmvY63ssQivmO7oXsENMSO2/HUO0wOOpNCnSJwMjRo7l5hVRLzhfaGNgs8bNKtWFzqJkY15IPBE5WrLXLmLNZHl32sly5SmXAt0JCBeGWJCcktBo7m7ctIFS3arjBUeT3wdMlQRVw9AJCaw2kUi9VyFmreDlBmd/pTURGap7isCovyr1do+pU1Dom2xa7BKFPBXT+VIStduo8muYPMVtOdNOWc2/u2IJhiQuFJE7FEVA4BSQ4+PVARFwkKR4j7qghmeahtNjW6tDqZDMKaQA8m+0JFMiCOKoNKBc60FVmxttNk8Ur2Th/SYXFwZAQotv6VffyAQkGQkYY2qsNJmQ35Uq9SX/u5di9/7uAcee7NoNsjxY6e8Dkg5YldoWRbs2MzExvFxXqrdiRv7IBNo6NLHV2lUWOe32ChRecj7rJoS6wA192WK8sYrP9N5NA6okfwAOhAAMmlLiIfujiXtnDgxipy0WGHBLcYBWBuh8vWFoFw0VeUU1M2F8A240y1IkiYPqZpkhjxDlYYjRe0QuOTh8BZkOUkIbx6/50FOxa6OTkcEasEW2PWAkY0UKi00EG5MQdx27WMM60or7h74UjHzWUObIyOQj16qq+M82i2VzMSoV1xHOqcI7/ivN7dDJ2X9/e4XXQTpPyIbtWjGwiHONEmxFg29CDGIMwnFpq/vjSOPBorAnjf0+mSuqu8jLYsPQIeixqVrXln81k3eh2hQWICbNgEbWH3PApKxM5jxHGgOxhXbe1oVCUkn9Nd884HrIuaeCz+HIeuSZgjSwjf4Z5cClqmsOKkrA8ZBHPh0C4GgcE8Y+iCfMiZC4FxzOxZhWfltlQWyeQkjqkQcoAaMRrCBWEEZZ+2xccVajPVR7ogR81KPbocVS4ywrrSAa6/3ipcSO6cxyXipKmkaq50iATWbWclSxv2VuVm/bR1In+Zo5wdUFCiiH6O/Euw2V9s5DYfiFjhvwFCtjgLMtCM9X9aOmHY7lfTVUw3KL9oZpFSfUqCnaiGx1PJw6QiBqOw/zYRpdRkzDLlR9Ztd4AI1HHchbjTR2a7K8moLFWoYwlL3veC1a5M8Kr84e7VdNHeza/GOoKvjzwE+D3MFcwCEay+1qEQOiEYxAdiHu+/XZHZcZX93w3bhSirdtYKhpf/pVtzdgLsC4/gR5EosKlwlIM2JeRcwXcAAQAASURBVDRTcsKiEXlwU6k1EriV0iyNm5bivlVIE2M2I+a0lK9pjKAGoGA0llUayYGXp6BqNKGCu3cSS5xQHbF2pq6uFsLo0gBfC3dpYriT4XBDPHAuhhLNzHGsQhYP9KVIoXmunEa7VAJIhTaa+0ss6h35GFRe4uJzcEsHAdm8q5HIpsWFo46rjuN3d53JAxdtd8lnHeRRrlbZLO7IY0xVGJVC5Xy+5Hb3tsq8qXWZ+Pm0ts/7rrx4KcM8OFIHD5zUSg31Dz4PubT3lfbyGSRfNo2jc4TQk1xPD/wseK6Qflq7ncIEp29P+m26GM47hq/UFfEDDI2jH9gfO1tvXY7TgBAm/ITjMlDyo9dALq7lmG3Xuboi6K3qY1XIxe0GIdTQZhkIf4ulQHkDQpzrY/26KrU+6L8cV82vJQIhLlWDsqz05yLmRGq1w1p2Dv4zVk/GoLJyGMBg0hUcI8EdZlm7h5CiYAUrEDsZ3oE9prw4ZZmixV+YYIRBj49V1gRuLSZRb2w9n++UQdDRCB+H5b7pYA3UqvZIxcx4Z2WcgzVmwAoU82ZiGIsbrFfClrxlbbeWpDz1KeT3zREhnImi754WggON1IU2r4tQ58zZikQHbHLDlTyVvcpbGLX03rHZkvINZoYb2L3u5bMwO1hX8kmxd8/I6nZKwkkDGYxWIKzByEgw68HmXtOCOMRiEiZqPC0FM/cUAR6+/UJnsphfcZ9P/jN0VB5L6OhMsNfq6AwOjzLlPL7Zh+eOZU3EJr/HVo2KorGHB2YYxVhgnxrKe5gE0TdthjKerSLmzuXGPIK5jvFcQposKxAS08xNLcwhMLcxFMMLYGLWuj8mRLf7jie4BGZ8H08dwGGvGEumRuFVMQlOLiSBzZnFilgEPZTbZCKmmVUH70MvxqEAwuFyHnpIiKQ+AJmNakEZDO0nkxXb5NgC7QUTJgpB0qJI53BKFUSZUu2mXhiSIGS3JwAWrm9/ApYWx3AwHIeHGonJpukhneyIfTDeAQYqH2ApvM1AaBpsvxNLIpKc88wDJW8UygIfD9PirSOLajKp1XUN3Jg3rIqZ1igSSxjq0UbGCl0tEGx6r+a5yriSyizxfeFtXZXicCkW53RuhcJCKYtII+FZXlx9d2l/gltfct1yHoPFpjnfXQ26W6qwi9B28hZHPUeX0qEDCZwNVFcWaxfUwq5jfEiVRVo5gBJnfhXjTxVLQEmRwU2CKwlQCyCSPBEH8eRrO6YYJLehLjVlI6vkJ0IgOtKfS16OEUyMRtm7THMRBjXLv9i6ShFUQjFCVf5DfLJ0zczUUGfnGUrlChftU0wlE8rpi9YkJFPrPCR8U/pDLj9r8OkQZMa0SOO0wzuTHq8AvQGrWkQTpIEA2YdnVR7j02GYU7QQ6ixljLDr4DM/yrir1LoyvSxgLMcVOrya6TTEav0vwrxwDOAmvksp5fiIkkBMYjUKuE8m5gWEfVizXuDI/hQpGkQclCl6BVardM3xVNx1LrhmUE300Vih3uPmcxmt9pFXDuZNFxGq8A2x9YYgRQgnJVnzQlx3wAKEwoTnK2Yc1NnMv3KI84ILa4RK5XtErjuKPSp5JE5yvM6cpJ0OWKBJMehhnWh/GMAruvDBr3xk44lUHKrUEuDXna6h8DhphGqXBKd7Ge74c4U4mQ2IHnfTNn5i2wOYa4+9xBbqI+VVuBv669eqCgXjlP5EoKbBKOlY5Ax9X0tKsDvCGAlONRAYqKIPV+ipXVkEO8S+FW7BfVvbyqCtWCyw1lECGpZ8VkdZi7lwWEGEKHmQgwl6bVGKTyKpFklFzGvPjF4jqDobqaoMJWDNHfPIGWwMfCDECmyQteOG2UXyed3xmSSfNnRZwLnKzl2SncSZ8r4lq0E7xJAAjK6UVWhVR2IJuf2xFLBq6ZIlveNFrgrLcnn4MHRJ/tNvDrrwnY7ZKLn1qzlf11bo2jBvZBGWWKaNSIbVTYau6cdrUActic8S8UzcMR3XBSJfC0qluIlskXyWCaF55jn0spoh0N7wIY07J2eWsdaBDo5dGxwU1z3WCnSdD/t0zCVxKEqTYT7+77nY/mPcawk5HGy7I0JHXRgkJhb7ikTox7p/kmzLpngZpBws4qE6vfIqoS0cqumO+eRDoZAIx6Q6lZPHLYJbBNFqigOgNhEwyXIFXZL4rdLoeJbBigQ0XCrgBEVoV/P2jQfWEooE5UpCufrhF3l65imEC85WZylWglhlxIqhS3HSF0V9mpYpNhELuPmq1Pwt/vouiJuXKVsD3AL4RCkYn0S44iXOJg8DvIYwfyq3jP/DC6qIUOjlDFkABhymMjP78KDdtlQl4gFKii2kspCJG8cuEHQBsZO5UYfUugXkixzVWLQOultHXSu1Lk6ES/3KnpVHFSGLbyLzQliRg13ooCzx12qnc/VXmzJxF4LMV1VZ83pdFFIB1xnKg1bKItW6arkagOSzC7Hv4NPYwWcw8U2idiSumDCnxqkLSViNkYWiBVUyMpEuNUpIO6mEwFgRSSF7DDdvsyJgZtYRkWxnYst86Lii9B6QsHQtFDP6wU139pnDVAxVTEU7r2DxstqcVnsQpXWfUUJmE4tn1V4Nsml14guGTp4AJN+tUo3uJlpMn4VrOM/s77hK7UulozhrSVoCBK6ZQMvy17BMRBAZjr0n+oUVjdlgfhcas6BWdiOoJEosRB3rDucLsqoiJDLfyaeOz1yfBSAatW2UIh1JLEvtMPhEtTgatq21CHpNYoG94PIC+atSwRC7wbMrLN6dSZRXr5e5sxkfEySAj6/2a5imQV0mDYMWi3tEBBVBETViG4QxNL3Y0y3OxUNj96O4JAdLV4hLWTBQRjjJYFhNBKZh2mcm1x/D+tsPOQQSGiPOJSF2Ymo05yH4gdjNJgtgruhIwORoYoLhTtGTVKugIYpgR4hIiKR7RHbAaXFCMnErA82Eqqwn8MdzGtMEEdtGhV7mCtHXaO86NdmIX8LkCkCWpxsepLbdxf4y/gyTCgyDkyU6id46jL8ZzlDlZXr1FtMIqP3DmAeCyckFRtUYbgNnf2yR9NgRJ5gW0Vr5v6ISw6PQwGewmEd3pQvMit4YPCVw4q3cSsxxMRRboTrsiQze803Oax57JJlcnO6aR5YdrIJuVkoPHYq2qM4zNJuPGduQ6MVayI9GpOBxVhIsJyMClQgsVXSki+w2G/HstZ8K8dIroa0vGb2G+3j9aQ+GtHgnLtFtRtU7dA5U2I16jjzQ2R/J0lqOFIaJ0ZXpIyY6a+ZZjJsC6z1mhf3XgE90rNQYkC1kfnJ4qaDleV+s+rTn6ty0mecNZKEdI4BaNy2TWajLs74L1rGHDWJUFGE6WsgKsiGEbSh2CVdixEBJeKpdcjlpHN3MSuC5CFSpoEtB16IiWV4yGokOidaDcSoPB7rKJBxGudOoqf1PI8YMNp4wheWOA+tHISONqNSXQ/enyPcuwyuWaFJ//LUkgWv2+BR5CoRAaw5/3NVEgkLxtEIcFWEJGhO6Na9gou39Q5xuBUuzx9jOi1xriSk512aS2w7W3+LEoLEbrylqC1Mbu56Q3BnN6w8LPnDE7N6qspZdCeYyumgbQmMXXWMSiTeysTZkptrP5jzLDWmWQZLUXlv4a7G7m64ZzwPmIQ4OWFlUVwXlpUala5EwDPGDDHAO7GXz7qh8UWnHD4YACTxREmi5jLjSkSsI6OMZlxvXGCYcg0j01CszpwuE5LNAJp2YSs451kDHXLONHtxk0CA7nFNREdAT23lBLFiYnbLsDIsP7e2RD2L9I/P1Ih6LVeHl07tbE1RlaCzizwdzCMpXchjyaosQVyRnMOpxTIVAtqU+SBiR8sFaTyEQYCNWasMLLmqqThCtRO+8K947n2yOI0MtuTsyc9NDaNm25IytOk4E1rEiCAOlHkdbFWKPV+y8k3TuveDISDlW1Ap9d4ytkUcTS8S/TutFBiak9acgNrESNLHaBVEJh4LK1IbBASU9XRKAS2Nh+hlcWSTP32idXE/NLhOnKFTMbKyRYWSqeKZU5xW4K19KQZGMw8h1653r1sLiPHJ7teG2WYM1CPTEtgqccjyjadq8W2muHdbIBSMZW+h4lGPsPIXeRTRWl4fYows3QpwiKZLA4vDAp0bbIOQ0g0NUNjDhKSV5UmQGjGkIRsUoWcaLEF42ILs2nE/CExObKWMi3mxqRbu9415pA1MkX45rd2NI4GPNCDywM8P0uVvQsOhoRf6YydhyxzQEmKIvkP95yaxKiMl33ltyyy1k3H+78nFdLkd6ttKwjJGWm0uYKVr1SNZaVhp+UVaSpeCFTPv8VElUxjPiXA4hl96dSxCyG0z3ZBa+6O7PsAQKnxbcQtaAT0HrLeEUCosxfCNJvg4/uzjCRjdX72wUFn1EdfjaEHHugnvNlnVsduCXbXSUItTqVUgkfgzBv3XrzUSWDaWwHZERfkJjDkdBYu0nRmkQA1SvwtpbDqrITN1Xj5jOJoW2D9LJzs41jeKmioiI+jrQcp6c9DojiHbQrBhgzjmyCokSkjCMRBBFHR+32TfzeMdB1DodFNuYOS4MQmxTlttWnmT4TpxfLcQ4hgVmPUy1PSxBMSTFa6NSjACVFlBSY5T4v7jSFl2sMtlDLifrIKgB0nVFZlHkaJ1Kx7SqlWj8j3RGu5hgFETlAzgfiCWh8UpufGcjI0BNbLqM/8Y3QQOrBqZRpIHYGeYvkjUhRF8j20BNxX4lcJ9jpMgq+BJXImDHLpbwK4BtORMCSd1BBLIL06P6pB097n6TcrCmoIkREKTkaNJpUVPjEqZmZ01jELSRSarR1Hu+uLcednE7fTurHodGnKzoVNvzDv6baUhypCm5D40nULBBM8jvJO8MOERaKInQZuj1yA6ULDzQ75Rqu9DM5BDiNJUWBzTB106FSHeW1ipDkV2VEUB8hv/UUAURmwhllzRsAlwMaCp6K+Ll0LTMkYWJBE/kYRcHDj1dNwchPW5XjnzQ6TpC0l0J8HYlAXFe7eHO4NAiYIsMzBObjXLuwktMKwe9hrgQt9ShYLqLlKIvZoiIrE/4VyNSoGa4tmU4XuKeOUysJpCQzPcP5XYHMcG1R8W7suEqtem2gzwOCq84hiHBuOop4PCsXx412QZ1GY3XyODYE4P18Tu7jUvYxOgkljfEHw8gZZWFBuTppTtWR5KImHpMlvtE9yLpHKT0aY6D0HMZpPCvF2QAzeNBqzjKlXNdjHxdyq1tr4waAzrr7gYGIb/ss68lbZmUbYizDLD9tR1iPVLMe9CFq1FY638rwlcoe93kKqu1RFEZQoSCEQ6GiXozNn3Kw2PzGlVrB+0vknkdGkJQJ0GUhhm68giIgf3X9XdtNV3EdXhd8k1jDnUTABdA6L8l6wYI8Owz8uv9TOc7Op9ZCyjTmM8SDONAKUqA6JgILMnC3X3k5X2LqKhsaVlGhliMevl4Ld6wiHsCl8pOmgrGvpUrWDumHkH1JMfHOU96qmNJPteLF0IXSJkkNruqknv13ezysVEIJhC1C/Extj3Gc4HCF8zU5qjrIAD28sgxTIKrMWsqe5WKCucz2Ap2CwuCpLm64SASrUDOXA14Ku7Ub5pc+xVHsQiBfv+SRUWVQYOWH7QJaF0Ot/O+GzpKpwsxeHpZyqUoTNcWsDmA5z0jqr4UtOYy8oXHFG8sV7zQqJLy1IIzBXsMiegGqdRnObZMX2vMsVgy85+lDByKbRWRPDhwELUYs8uCBNYqtNRhsNeqZ10rEJ39JDOieRo6FccEcd7Ud2uKxFNhO+dZZkiV2YFDmBzrDc1d9o0MoVngCkwkTaeXyiHIWAp6Zgsme3p92pVEG3fpvROfZ0HUYYoVTMpJdHPtd6v3cHmEFhwqFhHLwvAqXXPGiydOzGwf2ji38moM2Nctk6AnyV9EwiRoKUSZejLT+K5GUU4NrPDug3ui7KoMh2priFoo8naDM1Hk/3p3p8sWXrM6UPbGKjCsMunOVBZAUVCXyCdhs+LJ9p6JClcM/pLxHVMAaJPBGT/YyHDYjOOsxjCjYBZ1uZuXL7Qxw9L3yFEVYbHWzCQUlsyOF0kgmnG5kvH/y7HZNvCdFa4aBBONOggPVoLdYm+iZNHCulXZsULPbA+6zOXFoAVQ9j4KQTAxAPi79YRIqZ6PZaLe+12n3qWfSaOB6MQMH6R3Wn23sAU33JRNXduEWamyHgndfP5nNq6sSkJXxVhwRDCSZn92yyPBjKNA2mRtpqowe+4c3aWuT7JQnDIzvw43sivHQoYeoI7SkrA0k44DM36LLiafRmwcwQOBRHSmZa+Yga5h4noPHgcpUk54DScaagsW/Iqbd7Eu2thdb4wDfNBpsFYpXahIKn8xnUgMOUhIotOJAgCv0ltW/sOmD3Rskdw5FiszAx/g82+iY3EIUWeM4BqtukYimmUGs188+Ynz6L4LGmQBBpRWiUqRJpgFx9uEfAnekosnZKYiWEyNeA6iUzN132USEENXaFREBAsXg3I1pqM0pHXGhBxCL+e2f1IIVIcu3tEd5PhjkqOED36YsAiRbbpmqHEsCJe4wlAhZ6A4ueRmhBYRIyJqE5robLm7GhAqoZnqvwlZvMNVxAxIBwATEKsZlNmdX9S/i9AExDCs4YQ/GTv8BKCEZiuqRySv7nmcS72+6iThU1c4RzPsWQggja8o3qo4zcsbjgx+SEyoHAcudZEud12kd3LTNpZrNMMomVNilX5nSuqgvKTCToJUQ4vAU/Xg21mMQfka4RyjkS7vBqlHrADWkHX78kXY05Rcx8wNdlnmS3uNt02Q2Brn0Bt19QifQ9EGCMiuPeskKaadLCHCFRxbllv244YrUSB39sTCcd7iA+ZxXhz/D0pUVwpqPVUDtjC9tMmZLikupvP8BG4RH3F8VAmqimmY46M0uZfi1N3hM0t5ii9o07nz+Y7Onbq6tqhJB3j557is9R79a1T6Ypg+EUKvEIdYxXq5MOc4SRAw8CmPDc4iEuV/PnJXtLxGYHjGaVfKR2mv/W++A6Kysz92sgmFr8Mr6rtCs4njOC+uYxAOrcMpp7XVbJQZC72Wd0TPHlfZ+QtEvabjaV2ejUyAGFAla7MgPfl+Rj409E39UQAx24JrDADFGs6wZkNmMNKLxfWTxdBWX4nfJajxYrQhJsblRPCC+OFs+yt/68CSWVaIVx0WQ+6CruVCkaEgnNCyMKAHwU/I12ZbT173hg6DeLcEr0V9QsZ0HPItRyuGnBYyhumHmDEI90UKrjcTiAPWIRI0cjoXAw2WGqQ6GoLQhnFQQVwlhjhYJEOsIuNKYsUDwboBxHfz4USLx6xpnbGvoaECDH5Xghf06x7uapy6hLBoh0pPLES9y7n3s3QyGzioBF5tZQDcoIynUez/NkSMz5KcwJTVI9DKdks3GcjTW+HtH4ntUAoKW/DXOd1knghPRWKLNlG2qFgUDs2MQDs5fHG/tSmxvZhbXn9ElVpOlJicf0wvxyofVZS7/1m9v4W4indXPs6/qv4QZxRs2cBxE0Q0K6NLxrWLCWpnHGQ+4unUkRanqvItEY2nAZ9uKkFYNZgO99c5zaRFZYrn/rCSglarkdw2GVNH2S5Dhui6kHmB4zLJG6HNbbQKyG5up0UZJbzSWs7Ysne6O1Pvs2bXJdqQHOiLDFYVIFMnbaH2bR8THNFY6r4LQLGxi63GEVUMNWgXm4xeUukFyjyEHNnvm88xlEm9xrrOuRBb33XPqvJ4UXhMTo8UfEn/EnqGhkBjg3+hhrW5btIlGj95Mzhha7lLCZAK18NiaPMrBtrZSkRF2M2qTNE7wsmO/DI3QE7ixa06gy7sQjglPCDOFOdSsDVaqwBsg4ZYqArPlBeuRwjkRCIA0IiAZ/AgrFAwetoYAVtui1Nma6oxQDoKw8IRhTBRokCjHLoSrlujtIx9KLaG+c7OVGguMdI6irFKeH7OBPiw5lYmnBDfm7mJY+f0pKClHmUVPLXIF4K9KhTLJbBhsZfk0zS1ngbev3/oKsec5gwR3nTfpZF4yOah+WxA9S/Mx4IYlBJjiKvWL6tYeMdAQGNDrAWV4bqNy7AGXVIE6TGRPcSvUZiEoYMREd9uhxKJwMMW6CB9s86C+YbEbW4k6n6gU4odOADWRxXOIufzmXpvjjNZnAAIp+nTYQWniJW9bCnoakqVSaKh1lAg5hwW8bpVKUm+stRFaQnF8Dfj1IhoUFRNtwgto2dNn5zJGBrRk7oaNk3jo0BXJLjkOQ32kmFfIB9xvnjxYhtZNszTihtMiv60LTeZDWFS0Eqa8YvmI6EYBADw9vACw6AhXeDXEVAAEMMU2w9j5JsdWzKxBTEkcOW5ZgKCCGuiMBV183GwNBYak6Qa04uNzGLj3Q8893qkJ45YN4j5T0icEE+tF4nJ/ACXhk/sTdYyYpKHoBns7F8xvYSREl+bob1IRbY0C0RENPLPs4iuf07ChCi+ACV0zIEeoVVLaFiLLQeAV0m78tgcF+iytxdzChyvTp9lECBPyF5s4FCZkXBldlB8WW3/koHYhC6keBZviw/1TDnVtoWtfnnhXgVGJ5ddxXl2Ns6guO6IT8qMSdfB/NrJGqSt0CT2LSJv6EBJ3DjcIvDLEwSPzefhEYOh846OxT8WTQHrVoeC+KdYaMX8wLQeXyGMClBZSt8KAQJFCcSvte/HTUGfDnEUSC8yhoDUU9goq2qUJmIVGMLPjU7xHSH0NJsavJHgbCawGxKmEz98KA9j7+RK6qQ328NJOMbJETzvfgasVouhrHcmMEncYYuexdU2KmnGHbQgo5cmO0UrTLPWfPAKOjOiNPcWlWYQ9BQsLS2yYe13ORQTEbVt00vHNodcnJMm7QGPXfer8l5ouU3trhirHDeoewQoNsVhVZVKYec9qM0B0VxGeL66d0XaUSgPKU8XCCsi62XZn6SfZ5EnXe5kvBo16DbXXefNkS4ez9UBT8Xngg8dCZrXNROrz1/LsYaMrx0gb85piu70yLkOUlkxpJ0XbV2P4+BjdfOluu0u7pLPrUwHNX2aA0a6pjmXlqWKgDEISrcKLDbJzPX0IJNzqTKiHUXBcKwyi2utsb4reoN0FbVsKRM53PMoQuG9sfkmo0nUcPmysX0KF0drzdgcGW8sv8U04C1q0GrvZZIq0s5n238rIjKWQSWAAlO6ka9DCi+6wp1uB6OB7dkd46jqbEcAD3t5EmJqkQPiuD9bAuJLIuQ3NsNeIxKWZQD22O8gF8KYbeusFwHOse8VOB4cycwetDNk0kVWNHaYhNg81uCKCkqBRoadFC+PEoB9hp76tR7HEfPlcDq7VA+VGeV51bjP/NgYcbcz17G0dCap3FbGkwlKVdrjAr/LWFx5XEtgBT3HOamaHVVfljcMQxZBtKb6O1+MDYo4JOfW6zFqbZtUO0AI0LYKj9l+wSNHBWUtNvT1TyucY2PW/CEV5FaFL4IwtaZGslc6YUTFdpMPXBHvImJ4PbkEvT4Mvbhwe61oFkDFvKzDKd7MJErcFr2FEAH+1HRhfY5AEDA8X1JliUBW9cjYVLk7p6EX0jx/o0KbOo0CSz/3TucuZ2kN8+lQO6LXdECdih0f3WehcxqsXQrWEyGRUaK+UvyHor9aa6sj+pxGH6kFbXcylZIu8TrMTFgQWLodO10hast3LNc2oK15OYIWjh2klxw/nVJSgaAyJkvyKYrS0jpcWt1fdnYKmlZDalFRqo7FrmTdYa6Ta5QgkVoMYA7KLpQ00ZjMqWUyaKA9aQIWna2Qh2OxORPoSIDSuNmoKlGz8T46SG4iVXlDSzBvgRZYkDc7POBhRZw1aieyNbCguImEUNONs1AYyUhRuiJE7AYHDOIIOMYaQDDqOnXD04vuxx1sF25Ep/m8wXSbsy/1uWlU7dM4jS+dmNzQ9QAdLzraXSEpiwoK2MIKc99LW3sXkdhAWT2Bj4Zr7bMOwwPT6DHjnHCKvQLVqoO2LjH3I0zXIvheFo2IzMvM2VZF8LgoMKcIYOroNNgKvO4fCq3Jp6BcycyaBS5GJCokmSC9L00oPrzgKhmFm7BLtJA+Oam9OhzA2HVyShLQawS4l9nJZ7WvJJmX1KVss3q96HvEQNMit5znN4gWAVsCqxejjbZszVXqIkUItRaXzWH2ysF8rWwf9qvAgN0T398+X2ljdGHDNWhX80Sq2ha6lPObCF8dnz0PsFYPHQKazxjRRuDhFZhV4gN7XiRA8u1O2VoHnPyUiMBmFs7XlL12vBmziddqzVZfQGAME9MWj2ndDzZ2VhejZxEmXf8E5YntHadLwe5AarkUzhOQja+/eBQGJd0Pu9jzJI6zIjSPCqMnnpwsFv2yCKxD1EcJiS+xaE4MxKlcsmUFdDkDrDBarsl8YKB3EZFzHyedqVO/O5Pf7SLUmcbz3gkdTFqyhFTZx0Qe3bgrPFixBf4CKQh2cvlzrHFrz64REYdOxJSky7pfIfFH1U1MSC51MTuVYSyBQgJYlSYSFkUUezBx67RaG2wW3FJEeKGgPq41hT4dZnyLoxabWPophy7Yi43iYGGv+e6IvvaprM5VjfeNuBx6Y/2K4GmT2DvwxaVFiEMSUNVDS4GYdTzDU5Z4YsEiCVfcAEwBp0P8L7B2WDm25yBZ5aGL9C4k1Dv1Pm0oMzXm1hq3wWfpalu0NiAgrRzHD24djSG5I7yo1wdU8VV7iHyaUi6UrpbDHcCvyhaWb67hYOyVHvhcMZjOZFk/cE3fuI8FltQzckFQTKbt3wNOW7K+aVJflorusk9tzI9N62XBgCw0pesHuJijTy2qeC7pKaaOqSR65ZHqIHVf/bjaToajq92OdayQnhvnwVGqN+d0MDuMCJodxacHiz5VMp/u+gaf5WQLQedaALMdWy5asDTilUfxCPsKdolUdWFtkxGWi40+Tr1miVKdbs2TasuaJLu/nuuYCPwa7fBNQDJb1mNFbABFpDdzWNc/xb8lOsk2H7L/zP2CKJHVd5PLx9ccTwSLozR/lVjG2YZ3rCGENPtF4c/xqQfzZGZ13lrvibgblII+EX1iE/VrMeLDcJq9DtyQ5U0AMYWY5Cf2eDQA7FWFj45842iswJObDGGUmYiSdJE7ORMR0Z3QeWRiMgdK8mfmKpTAmYtNAqJhl2ECW+OiGm9CpeOsyQJZwYc0wSZGsMHX4YVtsYbZIt3jVC1dWckwgUl12ao2aXGveYIaJkoG71fASh5SZGNQwIpSjgXszIVocxno3fIkUTPAHDcxmMDrIBKbSoQCULMAYzkkoD3VF/U1554bzJsjvzDlJcu7QKlLsLXBRODKkOMuajGyJtLOiWrLJScsRqmAO0+sTQRipkmi4jB+q33mbjHuKZQoPuPkcBdNUztVmMUxL2Hmo5wJXItPsdmA0LhPxzJZ3fh0atFt6mr7iG6a1+GDwQhC4oFkxClN1rAKyuM4caSruoC5txn0KxLz19ao+t1ZDfO5FqoeQ1qFUzvbFZmsHO8nAk4Ylv6I9ZSqEBkLskvHSDITAiyOJ6Q8k+CqEocTWaYARJSMydIRpswEEW2NI5e+a7KxkDooky8nFqFF7hSm1fmDUwPRUSrRcmQY4pAQ9XmthqB41/DBkxRDFzq97Jgoj12UW5jE1Ca6SHO+JfLebJzA38QcUzDEcHA7+OVo6HbU7Q73QQrAng9cq8PHDCQzzptHMdfIAcOT5KfCvTjXzpnZmAl18DBztn0MhhsTC4bk2TEe0rveFaL4EhNZLOSwHW6XktcDwlOwpO0J6S1IjlOKV/RLKzMjc08KftZomzj4Lh/0AzYRE4Mtj0TMJK83bzTbpJxiaTC6hTtApwZsEqEWPxYgXdyBqHQ3Kvkw8hM6UAoPCqKpg/O4BSAfQbuU/s0CdOBvMMcVYCcMHbE9aythlDXSmSbGR+Y+5WD5SmEMeTELQhIs4cTVAQjspySBEQikeBdtwuyxhN4YktyFeqdb4rP0u1MTJmrUTtxO3IjZtpFF1i9stKelTcFs7+2yD9q+QsiuC4u86dPewRXhgJx/BfuOqecYB6xk7KZc0hDNcUh4JwzjtaqvYiJOL5XBwUq+nhtQAnOW+JXwuP4oQ4R0q5iacT3rCjSOsQuZ4aMZw1o0vR5s3/Ycg0BceRCmEDIHbonxTfE54E8yGuJib8YmJL/QEVyURtI7VOeJCkYZMdAB22MUbi3CKOrcjW53jSTlzC6scJ8XhoZLObLh4Q+3JRtznMl6JDQG9h15IDOyJ2M1eGUR380PMAeGcNWcrnuzpeS62Dbm5hZfjcTk6anxzanx6TQwkjvuTGZqeNTutEYf1J9g5tCGM7JtFYzpaZiwWsluSN3EicHVV9apRAA3FjO+WIB5UcQ65seiaq/K+nWxQKP+Zsu4IyNmS3EAgNioXR7sqYPWfsJo2LNUBszdVmiVhIB7FITLUS3CJPA6JEubaMQwTI0kgNcADifNTQlGCEwtX42DxQiqOIpARfHBsQwNHDQ1DoF49U6adHdnl1JeXd7aWcuSQE4uGHpSOdFpnjxmo3RCFKWlynLzYUYBR08kVEWQbcgBV1YFT64kNJvym9/0vg4RCEcNAszzTGWDBmBERmhbL4FCXB2WZ0WxYkyAdTCiRaVc/ESk4Wt0zLM4RuCqMDElIsmkUWRO1vFF0Qqbkwqyangx4zLDGyU2Jz6BA3HsMUGltvpFCLcghQvsvfT+oUXQMStYe/FyBcKaACUPtD+iz7+i46aJiGRg4WBwaodf29sfQ9cwqgyfZlNjAmt3lHxhSYRjltCysqMGJQMJHWt/bIwjEnLYfwzQhzh0Eem9dznLEOFOJ+lqFO61mxu+adTaeLqpUxaga45SisKF5QXuS8tUXJDFpIbGPmIMfyxWi6MFncchL3MyH0fcuQht0+BKhvNhUTy1TJBLT7M95GifWdSiJXxBIJcR9W7BAlUIZ8sW2/ugC5kF4QUrLH69LBVl4LKLtyykKOducd4XmVa+hS9EinqpoAJDpsDhQnOnSceFqdD4IC/AxJMXbdQ2yhrh1Dg3xRNR86iIrWnRVbPHuilk/idwW7jR6YbuPaDTfSKiE5/u3VBrwxNwF+5n6nd0vqPzHd3dUb/j8WDDtcfVquHxAEyxlaoM3PCepSaOYMPSk61sL5NamUcJBet1UgltQ/3cZzVqggHDXWPuZAXjsdVM7jwQhIGcaAyvE3IHGOy0NS/jIDhFAyJpRozXEG49iiqAQpi82D+h9xRH9K3roEw1Y68GX5Apy+evXvsBCdJnA1xxXAv2cPxCfLcttw1DmFrlY3Okpz/mbrY00ZWzWzqulzBniuipCaM9mRys4RL0HRu2BCGPHsJ+77qXxmLjEWjuQbn/tR/XCEopAmiUU/lj030cN8TM1fzOMtJMbTxxP8jXISQF1mjFQex/gMZax/KfNiuxB7602pPyKkdfj8GWKtkT+8ijjRaT+xm+JmJrzOFArwOVr4w5LJotmHnpwL2ugFizKtVsMyExpXndx9bWTuiSuddQkZk605N+16h16UIi1IXoPt+88PzrqN0In24e3IhIb8KnNtxVJ+osJ55fhpm7yXa6tyJ4MLke/oQodoxicmSrORUf2P6IXJIknT8sbzvkTY6Riq9WP9uOUdWJV8zcXi85oV1co5/k9Q8XAeC9O0xEDXske39MtQQduMq5hihKGZItzq4L+APXJI6olBAgdCSdrEW3sUZxMfiOOBz4DDV+B2W+OaQV7NGcbL41wvr9olAHRcM+lUPX+bTzauKGv9TrWRhVFQ64NeEc3QL3v5vtvFcFg4DUcoEfFSqiahyDfUeoqnOxk+eLhnBo1cQ5FSN8HhUC20SMj+41IqFO0p595uG9zg/u3Ty410iEHz3im5vJw1MjIr5/X4iJGp2mUh8XzvOB5SKbOZcdMkrzOTMo/mJewvBgQRd932A4HE4SdbHqAmbtCltAxgwsqchXgzBBfKtTc7g3KigRkGz1jH2YlnZoKx1LKEsoeIerx2i4XBdMj8PC4LhSUcTzpUar2CDX0vl+nU3nd6SI0foBkqFxOa61FLwIoU7ZfbWNFyqJaathFcUxyBBVDCnBrhftHoEapZyfsUpnoe0CDUlS4wNMruwztjF3GThDrtQUZ0FvLxZS/PU5FlhiOrBLAeKGf+WDZRJENDdhhEh/Z8eqUSLVdtE2mJKOQXNEydLpsUi5Z9gJcbOUkZnMcJupah8Rtk18ngStkVuY/UVV4UoK1DNzTKMk2A1rk+bXBlg5kK5jZgF1h1po1zlLmMD3Px05KvDhiNDxsTqAPZDrCpCHY+0dyVP0gAV/X5H3ZPUzQ/IAgz1jt7UomCEIvuK80/KGpTCvvN7aUuix7QwIhiz9/d/4qX/r+//4/ZsHt0/u7u5uzyIs9IBvfurjP3f/xZfaJ+Vn737pj/7Z//XjT778wrMPnzk9w63d8RN6wt/xRd/0Pe/7rtu728an1lrlmpnzwy2HxyYmsKxeCDPP4No58U7qbz6s7EH7GoLQErUxcJXbX0r/nk7wUrh3nA6to6f9Hmoy4gCNQohF0Kgabk2lKHKgaJ9HjRFJukIbhxrmRpbJf7qjpEIxguseXQLzK4uzj+2uRWjJ8QomRz9RuBnciIGmSGgrP4p5ablmbexp5LYOiC9f8zH3RhRuxBmUsPen7Dz6wtyhUZpbyw7MFDr4LtR7a6eXf+gHPv0X/uLNg2fvGkm/o9b7c8/d3Xv2E3/7B9/43HPPPHny6v/7z/+jX/yH/NGPt5t70k4knR69fP+551/8Pf/UzTd8mzx5lVu7qNTFgSVLr0XQ7uNLqbSh7FhBKiuwygOR1qUDVPVyYMDh75IIFsZqQg7QC73Zj7vW/uKYA+DIbYrq37EuWySXwvQcLC4yttsJmWxUzmQ0B2utraMgvStATwtxxRmSHPtZgFXWHEVqMZWKuYRO9GcYKCqQNfI+4Btg99k5dmWjcuoTx9aeF0zBRVlPzWtDKPp4gSY2V4HCb5smeDWYA0QPnC8GHgctdiu3B0e5LVEhpuAkegopUj5snJ4hK6KdA0Svi06vjJ+v0qkSkUq0GMKGec7FS5vxuDGumSxjddQVAF6sTDqdxwGZtT+oNB7Rv9Mu0ZvjJ6TVrh8zqxDHn3hUrMm+g4ABq2ueuU9jCwwCVZWwfZwmqURE2WJnRrkF9OJH4BjrrYNiG4/pX1OqqPKpzGYjIlsl9AuHEHE0gUIkJF3oxHxzeuaH/tFP/PKv/Hw/3X8sT0juSKRL55vTzYNnhejDjz/1X/ytP8PMLMR0QycSevSm04vf+EUfIKI76TfMjRgGMH8mc742TMgoRxqmiLI/4U2TufhVdPedbLH3CLnEgjPDyh6eMdMROTsKjcpgzaDIxwrh2YReJFpDbWUKf7nEtPqvcEPE/1rPsroWL9Y1MAXn1oTCaydChyVQ49As+H6uUPLrxk8VhQFnqgZqU/ToGX6w8dmSphpeenBl7XLkBQGq/2PwFcjsvix31AiFI1xdGk7TthZPWF/SmOL0ZMQUbKCB8WsgelnnZ0zOGskFQGFhIREd8cksMuRRZgJzkch8wdMn40ecR4UShQTuhsDU1jmV9hCKXYwcRKgLnc907+b86PY3v//7Th//lDz7zF2/ZZaz0B2TtPbis8/SbX/1H/7kox/++ze3ItyFhM7UH73y0gc+8MKDF0i6TiQTB8M8J2MxmDlIgDt+Ib4IQIKsEMVZiLZi0q9uy/8SpX1Ko7G7Y1RPMYdbHR4FqIgHf+QCWmS84P7sVMZL2HcFKQOIJJsrmn4eOrqB0l3bKBQmaWFqIgmrSayXJrAjehZzJdEmlJYqULQbRVuueRFzfCwiHQHVyfUAcyG5GDQSmjDEeIZXA76v5KI6r8toByglCLv2pWMtLMkeMQQCUu1PDuS1prILzK+1tKH9YzZolhNYBW4+Xociobx6vLIF69fuT83QeuwaKQKvkWbneF4WqQAyFaJuY1llSilDe+JBpCkYC4vbfFy/RHj2+RkzFWEYs4qK5SpCyIoV18yxynilsUhdvIU0l/h5oEE5xeCprjPkiG6Dq36zt4emTGH9MzdchAaGR0svuFllVgLBD0VXnePCCgLeGJ1o6cNg/Ym2k5mZDbiYR3RixS2gaoQg4RhCDbH2Gol3KyJFPAdZ9DljeClCCCxSCOvOcQiXOxv3O+Rzx/amwsgBc4Nmp7JcmoljZw6RckCIhL7k9Z/7P/32f+Z/9Z/8H9uJqJ/m+5MbCxOdz3RiaXTv5hkSpk7U+Jbv7slz3/X+7/6DX/E7785PTtzKKNwNAGSPwWUGAV67i91blY3XWJUo7d0dFLqzNHb66OC51UALhXIHbEkiewg4hBLJQgHxZvJLW+Zt0eeFfxbBT0HbmPol0kSdFU4DBF89ho+jFFghcDksg1lVPkDQISSqqeX+pqQ50EmJPZI/yhDDVUQRQgOdyodmZxgi+l2El68X8ub4lMsFsgg3Vl2KZ0gGshLmvUIvzwAnAbBtxtowxiaAkxkE83EceGzMHB4Bk/DXfGRxV09Um5FiFhafXhnnKMBqa3Avrhnqy8UIQJhJurz49d/06nf/ro/+h3/8wel5Os1tbY1b713Od3SiRiem+3LTu5yZ6fbR7eltn/f63/c9D77qa86vvEz374+H6LnLtDk5gkoUsqq7UkkhtJq4pRgyiBuxqNmEYbD2YbzCXesJpTnIotE2isEUxXdIkTl67Z8V6tiqrLiUyzJr/sZgsrA6nOGpQUhFkhAtcciNS4lNgpeXL2yOggvxP8M5Xi+QiTSn0ezbSDWzEiFKizbFEw1TKvmsZn+Flry/j+woxJm99HbWtYt1LC+Wjdf0cs38U56/qyuu+XPynsH9X8oc3NIuFIVawwEUHWWNDRDhRGb6WdQyVlNZBA7wa/FiIUneVA3glVNE+LEfjI3Ucdg6hLnasJ5UrVuUGzrqzahUqo5jZ1kG3l74IQHnyDGdngv+i4lZX8WUZ6GSg6xopci5QfY4LYaRRao2ig7gI2ZW13SgJWAtAt8Lh6jlysmnnQefxfUywEoze+dFVsu4hg888tISETz05Zybv4aIqsqIfHjS512wSjcPIVSQnFJAqwvHohWooxukvRczN2Kh/uT85D7dfNcXfPM3f8XXPP70p29a47tOInI+i3RhIREWkbtz7+fe+7mf5Ul/8/03/KEPfOgh3yPiE7fri46p/HF8HIW6q22UzV3xJhfxXEap/NlB8zlQPcrqbj0VT62kBKK3FlQspMGQSOspMeTKONQxQzCy8UbVfukMYn+5C+pIflTbpyDASRbnUqyyubzd1FQHNymOvPJgsKOMU5YduZWT92tIiExCA4JqiKALkQsXp+U1kGaMWCGmLYUFJlyzZd1beEiOhJaXzMkBtBSFlC3GkExc7m6KwZDPxgxCTyc539K9+y/89t9+8+4vfPSx36Qu/XwW6dTvGvXWuDVuTNyIGsmpnU/tjvrDr/7q13/nd/Unj+h0ImYRxqcJoTRTpFXjhhF4pXygIh1/irc8VFTgpQSw3nhxV5hLWhSEouxyRb5BNDMp6HYUna9DeOO9PQg/y3YxVLsegdR9h8kuwzkCGVfMaIkpeX33ZCkCkb+iy2tPGTzWGD5VUk2V17jY/fqMFBunXGvNhPEk5Wnlrc88xjhYvHpq4KMXDHY8n8dKvbm7jYQrCMHkxW4atGOOSkEt1+0q9TqEDnbMrpHU5VwgYHTkwlKqZtNfoxLH3dzZHmnNs1yPSfaqkJ86AHY5LpC+ZN9s0JtaYn2dC6BGIDvdi6jEUHclwKTBR96yluEv6ft/Ads0KmfQUDJgDYB8Z+Reby13t6GK/JAiIlW1pDRSI5OQeP2CVcqpfK6n4mOrwRVEvUA0HLChT3nSVY2ZOovQ7fnurc+/4Z/+wO/5/n/wt/u506n1fraXlxAR9bEWSkTSz/3mVr71iz/wje/4qn4+MzclwwaQFcXEk93KEtqXsIh3oKa6VTEnVDpxqUqdR19YihbQ2KbMl6lNKEWB1sHt8JLEMa9YNErcCLRotMeUooF5G7XZS3YXj8qOqNzSIkLsKejeBO+Kygh8l4Vi4VAFzfYaVZDT1+dBK71cHcVkJzNzZgZ67Aw8SmkqfAimHYmNvLV32Wuvg+1DQCsIIxooNWIw9mbZdZ6wyaCbDwlwYJKxJO0pBtqNFKuNqVPfW2yb1FRQZL4Qv14aWsz+CAuORdvw78M8BTsajFBQVdINpc7i/dtZiML+KGZqTJ2YmvT+7Hve//BbvvM3fuzfuTffZduRj8KNuVOj1k63j588+5a3vuU7voPe+EZ55WW+uTHxGXKTZIZs7thmohJCl4HC8jNdNsulexrzNa0WFRUyHIVg3nMZOnz7imZZ1oRk9UfrKNWXPNz+xbFwWQCXsGjDOokxg+rplNhKscI1nSbXsrL0n6OIyKOJsDHJpj6YeQST0AlG5iB3XULL8WULCvocD8ZnJRLCEas1T0jo0c7vx+H2uDjAldW7TLWclOO0dpfBIgkrFatPLCNqj+bTXc3zaQkgEwIrtg6TYBbGzOpP9+gTVEF4NOkurrVIa1Ond1IR2qqfKjZCGpk+ofupT5MuMlc114lIezkjNgvcqFEjNkthc5rHwrHqDE77jAqI3nRaVPDq+2Oda2VyaZDMPeDVzRDu1I/GXccYt2kxY+jxW935iiMpKgcJvSq4XUGGqMmuIjy86yoEdxeeBoDQ42K1HI+wOn9Fs6c5eJ32UqdSPFQBipJ6kMpTZbF2zUIcS0TEjVprxHJDpw9+/tf+4+/9mldefZlPpzHz0onORHfzP7kVOtP5yfltz7/xj3zt777X220/Dy1rGOVAvO0UlcItl5Evkk+JcrJEWInG3XGxmFeKVlESuRhILcSXpv8Szgu2MQoDv+QSfo0YX8hfC6H+7B9Xqc0lEE9lByDF24UpHjrvjhXLXb0J5rsAt8qHWylsllteoT/e1HxnhVals9cd8evNy6Bht+L103rYMPCWi4lKxWBcES2FJIUy7veiCs39q60Rs9w+YebP+eZvefjer3jysY+fqMndme669LNIl96ZhIla49ao0fl1X/21r/u27zzf3tLphsYnlFmYFgvi5B9Nx+VK8Sah20IM8m5FC16MS6FnaZ18Cx9Nbmob4+4jOclRJdvJZ2W96EqbCfD3CJaW8xC2B7jXY3DxYBZeNnowe9pz0PUao7BJPukpmX/N8uYK8OLy5meC0nocJ6vHKfRVA1fl3YO8nTcUlWOl7OdgLWvXoGh/UVIl7rMFS7NEo+FihFFsMhdbkXltczrLomh3jjI093J57cRRCphgXZ8y8k+H6ZofHeB3DOqpjFv4J4yyplE3Ml+t4ik4FCeGhY4pLM6oB2NBAUREoEiddkn52lr0BIa2QONAu6Gwm4y4wyjNbO4xC8V5yQUp2lW20gl2QVlcne5aCynrP0NN0qLQaMyK9rwwu6tKwxzlWef5wxy/qqIHWGJb1JgQQqKiUSPu4+rbHr7xf/T1f+C//cm/+7g/4Zt7cj57zj/qCb2d7+7uU/vQ+7/1g5/3dY+fPGncxohe8hl4mUisXI8iGgoqih5UQPyvUJKBHIkopiAJl5RNYCPf1A7WrDPkc3ksGks0UfJtOzVetDI5bYQQ2hSB47IyM0ptgbc64lRze5nVsrMkRtiXjmk/F8xhuAJK7Q6hSooeKODHeDW8WA7LMXNmeRZBKU0icLJW6rC4FAuW8QgrN9CmqEBr6wUOz8LooMWthMbr9ixectIc/LpHj04BUZZtNy0MLc1y8IL86kuwoC4mslbc9X6CT1HW237SOk/6RJPpNVNoHE1uGtTPqgXDlSNwHV7rutlLwekbFROxYJNnrCMy+Hl+9dHDL/uKN/ye/8Gv/tRP0JPH7XTq1OUMKLO0RnePXnnure9843f9Pnrdi/zqI7q58VcpzWmaXMfRlR2+xuz4A3VJ1HUxgQ1r2E8ROMTxQvDshhmJRFdsOgEWWqcgGsP1wLXQBILAEayLGNkdWAnnIAlHp4xSKiRaGjcyjYfog6yNoNymjd+LatAwUYiJuey9C0ABFvJn9txsOnBVnU0Fc01a3P0so5IG8TZ6ieGgH+WMOVKZanmAFeZOc81K8Zlg4xSvUp2yr6PKS9SChdxcY1ptCG9WkkPEUrqVBYdwN17NYGPLHQkCC8j5Lq5QqStxli4kpGAgRfLaK8yIQgYxFoQk3oa8pyOAAjM9eBaVQMLCrktZvdsrEt2Ss/aIr4rYRkHohpa8NzRMqCZKIxUjZw5ObbIL/NRC7Bp45L0nhFyA9IGdhHkS3+EX43BVgTmtMp474ekBRGeNMO5C9Jo6MyRvlHLdwBcr1Kzo6sWUZCLNSSix/oEJsQc0YLyE9HEXQUlcpkqmn7feRCNP48EcnxpvFg6eho5jglccaPXwiNDIFWU5DspvZlZ2FtNKODAOtCwoIyMqFfgHPLYJCn3V/ULfGN02Zr493xHRP/Z5X/V73//bXn355dPphvXRJyHqXaQL8fnu9vbtr3/HH/6a38tdv1yH7jhNXUW3IzJ+oAE5mCuoyZcl6oohlCY0MjxMzXxJHOyNnBZMNiIacRYLC2KTjemsSV2cCrhhs+og1aoURvvgUVXqnsKxiGLCO0gFi3CmJ2Jfir7oYXCyI9ywYOTVwZ9IGGPO+5TyQIvEI6FUysDa0sDVPj62M5hT0ms1l3mZ3RkjHJQ2s9NEMNsenKxzlwCaHyHSIfGsYMUcEyy4ImEcmA51nesAlNYZz1sDVg2Id1HPki5P4BLkYfXlhlXwawlVHHClqZhBHrvZhHx7FjMTN2onbiREL33Lt77wwW+6/dgnTkR0e0fnTudO57P0To2FhNvp+W/+1ue+7Vv7k8d0atSQQVnE/ZrAPbSodnfluRrVEJ/4IPPNrihprpPV0BLPU6qSebgYw4uH+NQSuw0DUV8tIoEsaO9S6x1TZRdZjqvQi46gKrS+XCQhVJpTmVzIIr+JBPCiGvTJhes5eQATQ2dJU1gdC0M4kalixrzeFZ2MTbxOITDhFdXVR9OedbtjKwwKkwHtHWRzGLS8ZDiNtbqexHPXtuiJECeqFCfIxiVW4PBBV1dPx3iOIUQ0NSUEu6Vijh7EeavS66qqJwQxQKJ2ubCfd5vBSazHnkZO6iuUnrifV0M4F+dgRG9h2Guk0T1sNDebWFTXLTzYs1ptEgD3GwksZgQwO3ZxnmTrVQRRai5ZbS3JNM48/9nQ7vtvIQOv4kc40CA7RyRglhflEwYopjGALUeMUUkBv+5hZwtBHH5llA7gubfeNeN8FhtMK0zIKNYcYD0EBg3XXSFnsxUAe7IRCWHgHwN353X7fHqOVjVQYObGLERd+qtPHr352c/5577u97/xxTd3kna6YWIW5k6tMwv1u/PD04Pf8zXf/pVv+bK7891NO7XNm2/rY2dJUAQq5rkoRvUrs9CKz9EMCdVzBMzbGHgy00CERs9uZj1TFUZa6CiuAKsRSkUE600JocvHPjKjpMxRSuZ2eYgrX9OxyvzK3pAxpMlBHprW8z4/3GQXdCUZMw8e7at48QqBn7a0JMh9Uw0oub+dKAqRFQhiOHEBvQOuGfK0ahB4y+hUj8fa345TXEyLLD+laAy5Cvst88HgHlwqDoXHB4QoDmdwztyp8c09ub2995Z3vO53fOjmxWfp0WMWkrs7Op+5dxIS5vOjx8+864vf8KHvpsZy7mpEUoqNpjscB1geB9mkxW/ocJFg/zer4KKAmzFVYmUzp9ZyCQ2jGwgA1y4aFwHmV1B3sB0m1iymT+edOpXDBX6xjhibLNHeheRnj65BLAOto4TcG126r0BCOojFxKfJCXMqFX+u2B4w5xqc8QoOdLEEkMAdDXPI4Xy3SALBcFVHDLPrxldM8xHYIsiPprWcmhgypJMieoPC6rXJ5wWFHuopxaMsda8r5GgN9ku9OpB5Z0tYXytyopXXspxvXad3lnXn1+UjmdnM9eXs6uNmYCAQP01AM54Irad6ux07wt5qJGmXjizkhCG0HUPoQuPtD7HRMrqOw3nGAKc5sJBvscmcDZzQuIomL/TnBv9VSwLWQdsCmqtBsOEssS/NbSlzMvlOFgNioOJ7scJ4/gdDieiAGVihVJBQf//b3/PPfO13/1vf+8dfev3rz7d3xESdmahTv7s7f+nnfuEf+prvbnf9zMRE9gF1UW+98grYAPSBqCPha1FwMpvXu4FdsnzKj4cEMNdQVfImCgZpnQOVBDTWAqnawA/dMo6VZ1qY6pjBIa+bYYgofIFnJ7lDQLKqj94DH/Yym2v07GFbYoJqiO2nxvQvxYIVLVqvXW9Yg7LvUoD3i76RMsZFK71EkUPMaoXqcI3dXqnY1Tqa8AoUWQM0rRMjr3xC6Da5L2qt9MaqDcBH8QYTmAkMRClbe24ewVoKqFjuazqEAxkpyqk0RFFxWAVmhIJxTpQMGAMxSScDFBaVOXwjO+sRsJyiom+iUkBJ/yjWQ4enarzwVR945eu/4eN/9i+0N72Z7u6knagRN5K7OzndPPfBb3nmfR/od7d8Os1x44tDRK3nxI9FjeVxSMEWDoHrJ5zIuGQZjCeBQ0jkQ2ScHbTZOlCYCoKfMKnITeU1x63BKFj5AliOwqXKVHftgQS1zG5GTDyEfeuzKa41jdAmO5R1IHsErZknrgPEagnTF+Ci1zCOzfOx8RIJVWuW5D8d1aoXrz8tKbhgNNYrAqQdeoEih3E6ni7W3WVxVdXssKOyDq+7Aa8gDJFIA5XpGVI9zysWFbK9QZgRK8QZ81JNcVfcZH2FT0IjBrfuZM0y44cVs6ucyHlsQtAbk7EYYATaFeAU6YRe8q0IdiNg2F3M+EQzaDoo0xjaxn7/hykoo14t9oS7X0N9CVp/QdQtiPUUCVHUNnY97WZ1NCrxBXODQ6Zz4L6Q57dxRkodbPFSGAuz5APNwQGevrASxseK6WSY54cxvinPtW9qAIt9i70+cNbB8uM/0SunLhuAqcsSJcSNB6mvyuhsykyg/JZJUxIXVi+eqLiI9MKk/GMarHZqp1O7kU4v3nv+D33l73rXmz/3fPf49ODETNyEW+989/xzz/zer/9tX/66d9/K7Ynip4vSghNX/5WI8KUoK1OBlxN5EidawFsQ42BoI3EAXgBei5Wsl3wTBVw/hnmkkt7GzOWK0mVucsHxS5r+mVgCJMq+/045GoqzssPC53fVLDxszwlcuYQkYFXdqLugEhVpc9DYLHOOmJClIKF97C7QJWtVYMc2Hp1YLMWYYm8FEpmpispysYLAWm4Z0V5ABRkO0UuF5PZYIoOAfGZ2Rekx/DxaiPCYuD96dHrb5734oe++edPr7l5+tY34ikka9SePn33n57/+m751MIFPJz6dxuuLClSdBjoSO+UnswZIByF+SRoz6wMHMFhhA1fBiBXe2mzuD/f+haHLkrHrn70t4cUCExcwXtuTvuPXm0ypRv44LDGPB5ZIIa5GCQN7j6mSr6h02JPPCFAW+tfDYrzFDuy61vzepY6v4ch5pq0EzF/FstJrSE2vGhoQiBcue16EeTAcnqcFlO0oa3lui00MIF18cgi8g4NJqV/0uBi30xZZQGqQyAA4FdrW7uKyaryY8+0rErkApIwyg20DUyihiY1b++91RJmv4aFKqg0CmjI0s+umlYLhkCMU1ZOn8GbxUAMp6liu6zTb3WgGjA+xhZg8VWWGQdQEN7gW0YgqVE3M/aQqkb2nO2hRgas/6YEBJ+4UsqBtTl4KwuAUH5m2J7Mx5qs6SnwJ+GsxcKKEaCW3zASwWmPMxJ8rAoJU+GjCwqt1mI7N6YXojfKpNUsVNSGvXDZuMutE9GVv+aI/+DW/8//yF/+9hy8+T7dnakynLq+e3/sFX/yHv/r33Z1v5zdXkIR1ssrD5zeyq3D1edsG3DH9uyADIlZ2VPuPAuZciBcrxBh1SdItBcRpBhZjcsVn0LbLiRb5TOXgUvBi6wBwWitHl6DSKV5T16UXmdczVpxnjyg6j1XCU10Z7IlD8+SkqmT7ppTBAXj/kDc2ewLvOvdq3lxnDNFfMIYenOZVYiQBLnookA3mzCsljjZkhJfqJlp7mQSEsYI6GHNTtKFDb0oT1lFggbGSNjQlknbBaQAtUT3T7A9+JjnhKBXWJoJ29FYIO/QMjix3D/p6DLdRueBMFns+L4qQ9PPt+dn3fd3Db/jmR3/6z9w884YunVrrd506v/BVX/fsV35dPwvziVhnU4UtkKymbEzONeSPF0TYdM/JAjkJ9IqtP0BAM+fOGXhRJFgDLMT/wA75uXZMs5P6ciXq4RCEG4c+wkR2zawUFvYsW66Isu11zBH2zDTVSo2GNZuHSTEoqj5NrTDbo9F1MjVr1SPblbQotF2cgYtJpLMtnVmhRokU+ZAiwMmNGLKqvAVy1MswwFmGDl0M1YOsz7HY4Cm4hozQklECcgw5a3bgto/dunE4hNx7igK2gDMRbPHYjJggykY/yijU4vMRJ9Q7ROKYpXi7i3QZV05G+2nzxXFLiCkSSmm4IqlwZG/bijlPOtB3Wvxh13Uw1PKYpQe59evrz0UdMiHD7FqKGuOQEAJJhLCQthgHtgjCb8FipkSzHRexVQFpuTWuspNg7BhwblZhHkzecW2gZfE3biYG2sBlYJgEUJKSJ4zHHKvQzHNLeqNTCH9oGOVjScrqxEDuQsm4t+YYJgXBKW1GdHGwHLjYsuMXJOaTGl2tuDkm0QXqxQR2RY7hnAIrIq8iNaBxIp2kn588d//Z7/mqD/03P/a9P/exX7n/7P3b8/kJ37344uv+8Df87i969u2v3j26124GAwDT6rMSBhlHLTCvDmdFNV9EzqiSez7dM+KbyEjkQ2A4GKc1hqumBk7jXSNt+XprsMWen2RfWPIDbWUwRnWkmq7NNvNLiWlDhToHNP8cOMIEtwLcqnR9QIiSowwx32OwyzqoSTLrT8Po0PChkVWylpYbnHmGmPD21OCYXbBKBBi2Kvn11GdhnrkOQp0a1zh0A0s0sxoo0+YxRFvqTfsSXOD9BqxyKeJDNiFuQsW6xHpMLC5kbB1BQ2+ld4/eUpzG+JvywdimtjFEKwetl8UlY4649dvH7R2f99Lv/Cde/rt/6/zJx/ce3Ovczo8fP/yS97zhu36XNKbHj+l0ohE1qgJTtOQBz4qBGSuBvwzcIBJOjT1DJduHHiYihWwbkTBc4yhH3Fo7qtBtbUQBfBln4+QPDrTXS5RjgVRoYyI+YkUIV+ehJjXjw+F2PHfDL1ZNqxGGPA1KrkfPLATBzh3dG4VFBUsVnAnRbVhleUbMkiFX2OSTSMK8uaFi7bJmy9uRiWiJQtMi5IpAEnckc3XKhT0Bfh4fE3nRrb8APyDp3kqxSCQYhMNAcHdsRUhdW1rFhXJD9TG8isyAyca3jkFXn7KBGtoUjpSnDBdpM2ii4d/WL1ZCmO1RXzpJ87J8mjUJW1rzCz0z0UYFhohR4CHmKTVxp0GDAykZWQsi+2P6yrj/JbS4CY2jPd2OAYFa1WxqYg5Wj/Ac0YA/XxGWCHexgE5uFyETgXHjQJ8k/AOny1Z0v80Ros60pcdHA+2O2BewggDnCogS4xFsKBJV6BBL0YBzoIC0RtWxPkw0fNPd+e7cz2eRd7/h8/+Fr/8D//qf/jeffe7+7Vnotn31F37593zp7767u73hk8HpogEVJnExkqrRvcDSyIq1cWKUxHn0XpilJWSUdJE8QIRjmnecH27uShSMaYcyaWF+wRsmyZfl3LusYmM6MNWhKUKNGoOOQJhz6Lrswa3LkxcM7kG4oPiFUK1utENKvY6zzdYYjyybOM0VdDRfIjJqcx6r+dChBHNAwcVjog/JpwqJgUVLsrMBT6NssspT2bccN8ZD69BCEWZp8daLEf5FerdwIm71EOPXU+YxNDNP1eZORMJ818/PfuU3PPym7/jof/mfP/fim24fPz6dbl76lm+//5Vfe37509yaEPGprcOlWDimbtdMUHXzQBTLW3ms4xHRcl6DzVPchGaX2n1G2nbVcJoJKL1zuVlvZX+adcJ8BuuvsDNBKLwIoxieY7HSw/qMOSybasCt8Z8aedY3C+Sw25JntZYetvkQTFtkD2NX8dx9oeyK+YsZL16/LB6HA6UUAq/U1CwLANY5JVcpIVlTaL9LWeomozBRP1ZkAFUHvAH2/prkSc/ODqawSEEXkMdzEwsfCn5HqdX70kUiuO6oOgLlRLJ/gwTLys5p7YWzg7itUFNosa5v70iTKHUwhl/O2Vhx9cLhKjCilZjNXUxBtRJSGbt47caT5NpMCWLPulyT7QpwK1dh5nibKHUGkjG1i9OMCOgCiNhQTNyI+gzCxKFmJU1HIRJUCwyHK4MW2ajLwr9iIAyWLF9YArMj7AqA680Uim2RZMDEnAqADIogluoT8VyqYWFi5js5P3fzzO993+/4kz/5V37ol/52e+7B6+nmD37Fd77p/kuvPHn5dLoR0e9kkgzl9bXzTalCCFhoPy7mV8CAMAOZG74dElrwEeuCqYx4lNbrMw53WOVtkyMYJsEtlCNz/Bf0FJe0hlcxD+L+agQids8kNxfPiDl+/C8l01PikgMm9Rn7SnnerzIGW2ahUyff5w53PdxSUNMfxUpt/oZwtPBikIpyVbQgth+neIoJgBfeYn2oAX6EBHb44Bl/GCBxLQvMuSyOparsjNIBND78edD9ipYgRIe9oHWlr09z8LbzBbutllSIuoy002wrM8ujR+1Nb37pQ9/1qR/8/vOnXm1353vveffrvu07RWS+Rlq6rT8tgzp9WRSvCeg+O0eSk92QfIjTQUfa0LaisYruEvpcPq4XaW0vayuzPUxE0jVWYPtIdNzHsozJZjQs9+C8CkFzcZFojXQh+ht3E2sahnplBKlGXvSbvfn7t+wlvJAeo2+ZURjaz8Ly1xZK3U7Y77qs0timSg0HmSi8IigEzUCsRCPM1fUUfea7CXJF0UG2vL7HaNf4wH1YL0BlupyEqjGqqJJfs8SEcGzP4+J8YbkvSEteQMPd/zaanVrEEZdDw5TF8sTKOg6u0K+6TlVhI+vTSRrlTBVIwFcx6B4VFDgcoafnls5dVXz3Nx5NJfGkdxlwzaSgX3jKD6/vsN2RkGOzUN0Kd8Yfo/SGnuYQD8J8Bo+9hwapueJTtQNrZXU+UAGZNWTp0oWocbvh07jTSISkj2kk0v2COjz+i2iRGeKVTWVkMbcblKmqPfQWuwHP4ijso1O4WSZjwJiMImLnDgC2/x1RROoUTc9pRPFjLDGWziUAEUDuvz9LQuY4zTJIoSe3d29/4S1/7Bv+yL/8S/9AXu7f/d5v+73v/u2P7x5xa30sU8uMRJiZuTWm+YlJ5ZEYtvM8sk3IEoTkDRH3SaQhKWzaECgPq5gzZq9UDRlsEP2W6DKkeV2yhcnZYXmmfBNN8XJJ9ztOynjiGemFV6EGcxJGGqCH3rONFs9FdOFO0xoh4tZ4LOiNxK5Ra8xCvOxEWQkUnw6icK4XkFoMEa46sH8RCObGF9dgcQtGdSyKebAOFghjcwOOskhh2gutXpCcBkZUI4mIqDW4rVbQ0JBQUtqMVzvlebKaT0jisxTnSQV46iLr+IM5/iYlUPE06yqMryyow9ik72ZZYsBT9VwuGiuja8ZTlHHqIiOWki69UxehTl1wTkYhob/66Ln3fe3rPvShT/zx/+DBS2999tu+496XvOf8yivc2tz8eBZqYx+COcLR33k4kwQnEnDBeWcOs7AepatYjVVUajV9YKbF3UrycsXgvvsb4DpwSX3SNHhEg5dwUOMAattql9wTDAmJu1dCfUfJnl5KpY2ZmLk16s23qYtQPxMTtRNxu6jdtLBnyaN027TkW9CmAqjZrHm6LAQxM/E2Fy0STcgX2hWo4R3YQ7jJuBLODNMoyqjhAXnM12Ecv1Dx2u9efzDBY/BPhd5+uekKp3GEz1N3eSoffTBw4Y4kDVG4cUxQKwZeiZ7pZ9h5i28HWZVkYXQIQHbKeAU+WC5JJYk1Rireiow16YgehBuq/ldI3dNuy1oxUnIuwLnx2XSvnYQA+DBa4/o6evq4gjxujL+KH6urmBHEDKMkPt/oqAR6xoURdvV+FhI+EXNrrTE1IjqpN6Qq6f/vj9dwaDA7o9p50Uuq3BppkjLl4ru+7Ft+31f/ju/9a3/1j33oX3njwzfc9rsH7XRncSNJI4Is6L8/fksOUCDRoP61MFw6dTp36WfpJMKtCctIPnEVEfIrjyEsMPWH7eq9IS5bGJpPOD7QwavhZsgoEhWfA26a+wT7ZiVA3YQ2GYWlQWup/omJ0FO537IVA932plZP4DySD3urAPnC1cG3r0SExpu/hHqfwE4n5pmI8mcWlFx5/Hczymf3+K3GeUKGRIO7SO/cO0knIuo0v51MfGIWova6l97wXb/703/xvzl9/pe+7ff/gX46tQcPuJ1IZLz29kp0P1tEPS2csv1nl8MH0D7rE8pHlmY5ZJZkydY8MSDtJL2zqGbHB8sPwc4/liBDMm/ZdH5J4cQ/LaGUq3aw+yXQYqOzFjqh3Osbliw6p5z7u6XFmi8jYgQmMATEyewjSqLXGe9iChr3BIZVzSKmpQB23IL4ZuIAMXti1bp/h7drPvlIJBgVlyUZnZHir27LifVRIo1Czs80yiJLtH01B3RB+HHpGBw7lMXQJ9oJxxcXufRWIhrWe58mR3KmpVRF3TotE6cZB66Gkl0hFVdUUrm0jbZU/DIzdIGfcVSQ+dQdqy3IIp4ZUxh63RqQcPO4LqhtCJOq7lZUkbKLsY/gbT7cZ/hSMOVSaU23hVBhsIvKfrKDbuv0DEMz7EjG1lmSPPczMd0/3SeiT9Gn/9av//AP/Pzf/uirn6A7OT+50xBQmInpREzMbfYUEZJO0qmPZR4uYuMxf839yeRmp/HtSn8fjbBQhyhfdPceD/hErXGjxq1pR9SqKdXjV1dBb62ZuRea+wk1lHZr7mqtXBqrHmPgRmzxqm4zHcuMcwXMiw5MLjiWalK/I1v7nGorgzyZ2zCa8Cg3thumdq+d2liG5hP/g4/95C999Ne+8z3f/PDu3h0Rs9BZeu9CfRjzRo1ZuPGptcbM4LeESHqf2yBs5EGfxvqT3UTz9RnUmWj8mVozFw9kTNkgHRZyBeoZMjYX6ctRieCPjUbWmWjsqSKar5sYQsKw50qnZF5sc68BD6my3HsC6XJHneczYYvsq4lUfswZGdOiwjZkPXt2G0SEmISpsc7/4Anb0jAbYTrnLMzyws3z733Lu7/8rV/6eS++/XMevNR7v5PzDTfmJq4RzZQ0Op5oEgSQcvZG71h5X3SNpdEMJj7FSc4JcAZVm9JzZJPlhE2o5eYc86NxE5JbCQeTTHnFguwUiaj3qRNE3DudTnRzQ7eP5KMfvv3pn3z8Mz9x9+GPtNvb8+0d82mWioYV8PCveqmvyQHEWzMY0VZslnjKXzJCGlsxB/VhNpaRyZrdXU6xMYGguzFwCwj/Z3FeWpFAIcz7okbEPls7VH4g1BSF1gjeeyxQcMbpo9aoNW5tngxeNZa50ZZoVAd6p7tO/dzkTL1Tl9bHdhBhIrnh2+ee7a+8Kj/1Uzev/5z2JV/Snzy+OTfpImfhzsQkrVNrdGrUmFojbsbgwZ5B2qROhOx9TiA4Qx9NGCzE0I9TGqc9fMFsJ/yaTBRlqcCHWWxQUC7kmkds6swYezDIDOxYsLwOlEWRNIDaZ5yYVXaNFZhtng8tqnEh83Q64hRjZmFuyqeJVBfqZ+p9JD3TmbXWHtzw/fv8hjc98/6vvHnnu/jFN7jCju0+lkLoi8N3gdZ6WAp6sJPjqvWNzXg5VjYFQk+zwCiH874QsVx1uKqFfnOOcOC0rRSGS6tnFX6wZRG/UTnEIDjxohRR8E99SrhW5R6MBF7x/luEpmEEqSnPwhOSeccrYgr5CfqglH+uc3YwlrdJCz/i15EJBwdHnGsxi5OCk56QTPkSMueSkmTgu+24tEgdIm9hJlctyvm9BiWThBKb8AuQ2aJ39CSnm2pZ+HkNIcd0cdfnEyRK3BX552X9qVAUFe8gEAoc3j9E6h9GTiV9xFAscnO6+dTtJ/7rn/9L3/uTP/DzH//V33z8iY89fuWu37Yucnd37jId/8CiCTWNJkTzFh4/Zdak1fV5rErsij5rgB09sZm+0JuUROqdxD0vpFhMxI2xIzP1uWGLaGxrbHNoazbYMXGVMF8aX5kRZLvjszDyEx55iEKUWfML/sxnSe2RdBKSM8l4GMlaD+vFrbWTtLOw0Ino1IiFHtyTB/fuSztRa71x73JHcu4iXaR36sQntpTIsOhqU0fo350kUe/PYUZ8tpD3083z+ES4SZZGHiZZXYMVl0zSSMe8Ezh91ZOZDbKFslbddsRmWj8Mk9bQiInn1454/mPCM/+ygVg3nqk2hBlQ8uCR7OCAPNxSWeMpDUzEtk1M5szO3LxzFyK54fsPbx4+/+CZFx6+8N43f9EfeP/v/PZ3fJCpjaLVnZyZ+MQNMzFIrWfxBhH26Yp+xe3AmCYw6ItrRACMEFYPkVJKjxJs3pJ7gypsQAzkrDCMqopeK8UZgHlKS6AZvRKmvVTTPMH5PCNaJrr3QH7hZ179C3/65R//h/zpl/vHP9le/nR/+dPSRe5uSYh6H/vcR9WBQB6X8UBkKMqW2pAp4Rqpq1qQwSXFU+Y9eN+A15D0fezj8tBLNs1T74DIkNtYERNj8lhctXPqp9alBiQ11XOSNi+vRaRGociHFyFNKudwTSfTHiCQsfDcTtKazR31LudO587nM/UznTsRtaF+Nyc6Nbq5Od/cnG+4ne5xo36+40502+V8y3dn7p2JqDW6aXRq0ppwm/UjolkBk05dSIT7rFCp4cFJm2Tp5Mz/85wAveJeCOIb3ecMSwA5JWHRih7KTWhhLgUkIkii6uS43VCXYeRpHkblcz5nw+HuHGWO5XpPxggmIWqpPMTSLd5QAiwFVbVmtpeKcld5EaLGwo1a49PpdO8BP3jAL73Qn3vu9AXvfPCN3/zgg9/OzNL7THtkPP/UpougWLGaD/hQllAoXUu2c4pwHVMtsPbxoCD1UwAAF5MiygDKXMunViT12IaXQALeVjMTXIBfTNkImxqDE71mbUovsQMPboJ2zAsuexq+FBqHwL3KoNYhguMj1UpAXiJPGHNyABcw3WTFpZPVLqQuiGlBL/PBvR+sKMdi7FG2E4GGubY7WomYk2U/Lb1EKVqYtrjlo8MFtRQabVMTxZwmIrWIMYYK7ZJVMaC6HYs07k1DLIMLBLXHLEjJ54B+nH+aAo2MazcFPsQIJvZZ5IKR8ow2MlRaluNU+yCr7iQyVmWIpPdTu7k73/4/f+TP/Mc//Kd+7tVf/PTtI7rXukij9jzff+bmPovcUW/SWm/TZPM8xkKYDH/LDV+SMho2DZjV8RBpEthH/CGdhLo5/B6cwNwG3Hg8/CFtLqFi/MWqocx0JiKiUyOaX6geujEczNSTNlYlZrjBnYi6xk+ujRpvaAAgMx+wBTohZuFRpmZm/6bP8N2dZCxmDlTU3xKRjLfWnkXkLDLXPzUNJuaxdtmYGgtTY26Nhenu1HvvN9Jaaydq0omEx1wySafeiYVF2oyAOomcO4mMnFDNBMvMk9zlsV6Xmf3NCIY1W2eVHNLVPWa2DxDZbIxFClGAGpVNYdHHa9ihEQ0JEBHpQyDnf/O68d9leBbgG3EbD0syjbVQ/04ABGRsX3/SfZ7gzwZX9K+SqvRO+vLLIua+kclAJuLWuPHI+sfN5iSKjCerO537+Xy+k9v+RG5fuX105rsHz9x/5pkHz91/4Rve+lX/0tf+kfd/znvP5/Ot3DY+zffimvROQlGRg1ZvS/eZe3UDs4DXHyY8HiEb+8HwuYQVQzvmRcljEz0A5CM7f+TO012VATrfcbuhV195/Bf+60/+uT/bfu3Xn7zyiO/u5O7cXnxIzz7XHjzo5zMJ9d6n9XNTxE5MIN6LKIPRGqypZjRto68ci7G/xT1DmYaNJNCSgbuWBYcRZNW/+dMwGXtW5kCajsIyGykRYy9L7zRSNXGtIbH8Qe0pqZyqoAWeh9ibiIjniqgaECKirhbJx9FCmQixtNlHmMbip5w79c7nTufz6HEaS6anm5GCdiZpIz3jRp3kTGeRc+fzWc5z1y6P5PPUpJ34dBrsH7QN40AdDZKGPTatk+lhxpMEgESAoZxch4Deh8hb9GaAocwPmfDADUfXxBisdpqRGZs46rb9XK8MY2ZVNQxKGLyDMmNiPp2s9Mmuybc+Xal5AiKXH8aSOBFRm6CIqNP4tDWzdJJ+R7dPbvrYkNnkuWfae97z4Ld/97Pf9K1EJL2T22NkXQzOZHqPcMXmJMW1EQ4Gta0dPqRfGpzVDCaNO0AbIKT0Pl3BVDAYYbAnU6Vg3Vjhr3hlwgMFlUFeIdi4M5gALAwxRS8lSfoAtkXq67Aq5EV2sfBwTcN2jTfpoqy0lx3Lvkjs1YkBDG2MgkkXkdVvqu1yM+WlYVzsRUIM/wXnlZYwVkqllltF5lZmeimYiI0OQB3glu6WLeuJGHKiHzVdhCCFXZmQBZgVLzR0DRYphGdpXoAZW0J1CqId6NKxUFEeBjfUV/b5Jy1YhPwTyCB13GX+2UW69C5dRM7SH9575sd+9af+t3/l3/nBD//dO5bHp7uH/OyXvumLv/j1n//BL/zqL3/zFz1sz4xEcwQCzKQPmRp4D3mCoRUZDlhVRDT/JCKSbs66k9AZbT/j7mUeO7fsRwj4qFYeChMaLaqxh6Cjf2PMXkIQ2K/xH0ZZ3FiI28zUEuvHmQUsEdjgW58bM0kjYOoz0SDN7cf2o7GZVoiYpDPdjBWX6d5n8Ny7xw9EbWbLoqEAhLHGGs3eQP7XyrkYs80Bsf5jFWadCF2MgTJ5cvAWZdsAFDrbvISbaPCJRhl/+h2xqCOHbYEEDWvsXZkTPUIthyC70MPFRszIzSorc7OgDS4yt5KPEsu5392d70TkE3cf+we/9hM/9ms/9xMf/pmf+PBPPGqPXnju+Qf3XviD7/2d/5P3fc8LNy8+uXty005D2OeKUc4/MzKJXX781uWfKcGTwBqIV/TqCl6VpMxRy3iCizXhbchYwsl3RzIjQkJ8cyP/8O984t//d/tP/6x8+vGZ+u0b3nDvS77o5vO+8Ln3f+D05rfwzUmETG+Y2yxijcg12SHOPLHbKHdMZHtSZS7BcZxXjDi7hWMGvmsbCOupCbzcflBMIAYDZ80/Aetp+1QbZgnIXajNgkeTGvRHuv0HRSbMJwMGyfZ0izKge3zlYVPjRmz7eEXG/luh3rn3Ubeag3CjmxOfTnRqdGKyjRHE0s/UO92d6Ty833nIvIy9vjcnaifSoiq78ezczYo6YqbzavrXtSuejaW7jSj9EbsLAytoMKGyCX21odjzD+yFs4gFkTlU3yDsdi5qkdmVxhq8jsn1QFdw3YXZ6oTsm1N8Dtk9j7VXlxNjJufGlCghbiTEJ+79TI9fPf/GPzr/7M+9+vd//PwzP80f+82bBzf94cNnvuPbn/uj/wI9fEm6LqSbQE7WBn+m6hVT0EuW77cu/1zN17XJ5wIBk88EYbHVMtWffGqss+DFJf+kGDFEJBGveEh4F8mSf45brzH/5HLEFb194oe36uSTJk8S7RzZdcTzOEHXp6BDS0Ik75ZxgANCMIRT++EM/Kznn47kcqsS44FIAVBbWxdstAFVTBPedW7TNv5ZZ8EmtMjVaSoO+uM1/7QpsHpykgpMPpkIE9o0L57cbfBHtxDzz97rrJ3j86yVlGNRwajFkKXs6G9Y1qzPmlnyolT3c+9n6ed+9+z9h3/nl374f/bn/vc/+elfunlw/+YJ/+Nf+I3/1Fd+19e95b0vnp555t6DRjdE0oXO0s90nlXhaU+GR+VZ0wTD78ZEMXYqHI1Jn+Vq416bhsdle76dSWFpsGM+YJo2QfgSZsQ0MoW44BjDJBER1ObDdQ3ZBs0Y0ClNI3abfzGbyocQaQI516LZ91NxY27MJ+bGTf8bfGhEDnwuHs4QSYM0IeI2F5iJ9NHKEMmOCBTEJFAyTsdkN2OFaDhiCWSKu2RsWZuKqcmrvl7GtoFbNCweE7E/MhuQjKxXm46mdw6DUzzLOkktPRTymgHa8n1Ioq11SNZVVRMTVuxgaYBocGOM0KlTJ+IRkooIf/LJp37ioz/zp370//WXfvb7bu+JtPahd33z//Ib/9XPff4dr969euLTeAZuPNertLEJFQPByQOuptPmOdfevIH7cS8jqRFLdVY0XzE08dAUCk/6m8ymY0dV3AHNlpnjA/fJAasVwGWVFb3BrhA/RThziY+IqJ2e/PW/8rH/+79985sfozt5/PwLz37H73j+W3/76e1vo5sb4ibnM0mnc/cgojGxLtiwFltM3WMsZYGSi5LzybQg5DIIze3LfGRiCN+o6NhczY2T3sDMj22TVeRNkOGKsy//dURdz5JLgsZjSCVlVtTUXFv+qQ1FmEeJZqDUx8LnrKeJQhn1uNmvd5s7Hu2HhRtPcp5OZI+PjlRBSMZjouexgNxnotTG9pITt5Mq8ZwmJplLeXOLij0jodRZ3ZXZ9c0CEplG2hnm9sIjGGM6Bz4HtrMlgT5RrIyGhyGW2QDo+FJjkAIqDhF9MYiJqQANdklocoBcYQFDt0jFKAJQlgBhSIiMyltrPJ/OZRLhLvLkcf/VX/7U9/43r3z/9z/75ImcmL/ifS/9q//a6S1vG1IxMBjzLtksWkweTH8mP7iTAv0BogheiQjiVx8RbBR+gADT4ONwHw2mwPzh9bTYsOZCdbS9T4RCL0xRdAxQ5MLGCqLhhnvyyYomO5yBakKqIcT0w53OYVpC4FawzYXkM2G1pJHIKHdbyf8uG5Xdix1kBPFiUfMFYU5CsoJCI2IQFQyRe5kCn5VdbLkMqQBYgGLhRxS8xPxc1EDSIpN5A4eq2VnVYVMSMhYGroQazSLkFHpNc7+kY5KnPx5iBt8KMKBfK98AO0fMG/DYpAeGYeSfJd+vrXzAMOHqNc/Tqsam/FOMtUJ3/XyfTz/68Z/6Y3/mf/OjL/9iO/MXPff5/+I/9j3f/YXf/Lr7z47n1piaMI0nCM+2P3YIchei8eyTZqGDRyO8stgnWPjJLKOPnPNi8RlGYJOb810ssw8DFIkwyZzf+D9ETOhAs77hDyKyalNotQ6CpzaSTCy7jPHdThAHEZ53ZSy+TOp8SGbiE7dG7cSnmX96kjMYODrO9LPb0EBv+glmSimy8stga1YbZHZU1qknwB8jAyoDbmEj62c/AQgeqwm00jBAd32HfhVWpOLDTZ+9JNIYQLkhRELURCbPPLGtlRMt6hxDffAknfzfDpSQUFODPmMRJuIbajc8ZpZfOb/6l3/2+/6vf/0//OmXf/Gm83e/+zv+9Q/+y+947m2Pzo9u2s149WrTF7FocDNQqFE1tOzfI4sjkhrgAncoqpUWP01rZe4NzjRew1yCymBSStUmqeC3QHvXGGtCBJ0OYRBpZcJUZ1xq/OSH//bH/k//u/svv3r7yVfoq7/qdX/kf3zzxe8WOYucuQsJ8XjCeiQ6TJ5+zGfeTDJN0BKXWvypeqnyqTfS4idNQ0Zq1+DR+tBRUYpTSTELEm9MzcR68AUGtazVv0BCSBoiAIiSP3uo799hZYwPFNaO1DwM7MLuBBSq6RZak2lG+2RFP5Omq5OK8VQnM3GjdoIq5VwyhRdNyXzPF5/GS8TMcvCUm/FCPTEessAD4czzxXlzZsB/6ZCFr3dzl27E32gCkdsTsYr5QY8DKgzv1U5jJhviksL2aRqXQrC7A4lC4zJew8eMM+gt7irB5A/mtDafrmCmxjKmppEwSzu106lR63dPbv/e3/z0f/on6Bd/nhrdfNmXPP+v/uund7xrrIIOxTwyI8emJl1a7Ow2nSM00WItIzdqOAf5p9c1PcbILVNcyAerLk9zXJOgjuHJPeswRFEenRa4pvJQ58wULlp5L5CZ4sArjjX/3BF4kLqUjS+2zOI3e+bE9YrBQnhHVacaWnBJ7ByIYA7wqXmSwpElgSQifCEr69B1/ql/r+PFJgaoDiYqPrKyh1vmnxKaCDgMuL4a94WZAltWLZP3pG/lT8L8WDHHS2Us6nIUofK2iuxrK1M5ejTq3LbgHosNmqgMT8BMH717+V/+0//G9/+jH3rS+Ove9tX/2jf/8//YW7+s3cldv2PiUzu1+YikpVIetfkKjNUUp8DwdH02W9Pl5IiQFuukrnnCnuAMvPtW1JdjvoSKtYNxW08USs/gsgmzvSTW4FqJ1DYG96BaJP8f3t4y0I7qWgBea++ZI1fjCgkkISQE1+JWpLSFFqhS19e+KnV3N9rSV6GllApS3KG4B0IgQZIACXG3q+ecmdl7fT+2z8y5Ce993zdcbs6ds2XttZevNXtCPKChYr1B0tEdBeOa5xtdJF+HggNA9Z6C9j91Ys0sL8/c5D6aScw/JYu0EgBdEZb+Jo8ND0vOevXUdol54qnlvC3lG6GmsSMt8FJNhb6GgqwBmRva3xbzZ9jMbFChrsJJBc8AC6encFO8eXUtJENNvIwBICGnSA0YRXzBhkU/vue3z25dhrLylgPO+tyJHx7FejISEeeIqB8HdQaT4mPUhFdwI6zXHWAgZxL5Ld360X2w+WM3eomACuKvlLfqSmPDualDg6BE1JVr7lDQW2leKipL/E8pSEpinDEmNm3Y9u3PVbZtSxoiPvnE7nd+hPf2yrQJQmj5RwDknUVFAAionZacDHJyysNR+CUW2voXhl/5ci6w3fyvtf8ZsnJplzK6LgKv+dirAin1MUouLWzBie42AiZ/z/iQ1rzOGTkAwf6TEp/hCdcqIqDkpf3T72KdTzKEjSaHWQISusY5QGw7xFyXQCbkA0XeFhSMGdACtL0JlbPwfGjJu4le61BhUF4zjGSuhV/nBAoF3+ZZLhgWwxpFNx4ZyyJsbfxPtZXobaKSd0QAhIxXYrF8Sd/fLqWXX8Jmgx9xRM+nvoijxpEkZFhKqXl7EcmUTpG156z/iUbG2w/gyU/facTcVx5KSl1EKssC5YJ6gRy2bXJqsUySWzvTR3iJqWm7YCHmXIAwD15xbr9NaLgXfQynvQuDeWoZbN5Ym0bO2nJdLJ5yroGx64zBMlIpTbAwH1G7dFCLo+k74frQJ61dabHiVaJzMahMtgp3BN3qoPIkUm6Bu1xvOTD+t7nuZUTu4AmHys1eaquUglG6UjC0DRCYmAXSAzBoCebKsZLfODcpBJh0E3hW0Ah2Vw5mf4VQxGRIqqVko7rYB+sgP7F2AYM1jOxb5gRBG1q1o5ouWLJ5pGwKkIhEjP3ssT/M37woAzhy8iFfO/Hjx06alyatpkyIAXEQjCTmdK9R1yoyCQxRvSMUfWvBCCHrrpie4faXrMPthRU29sG9XDtHUVjcPL8lBgNa9avkBIHL1/q9UCMcvSmCSc2AWoWqp7Kk8Sc9JY/gjuJ3o4E+Gwnt4KGmtakVDSqBPhjWuKzG7fSXA6pEzP6Qt+IcktDhJjAAId8GrFnv/+SRbDpaJRDac6ERVER1OJQ16NxPqMGCPfWGNRvmGQFtl2YWZznGGxDDO8UlGy7wmmlatRtjDjryxlfnCTFEzhARkSEjJjOUKWVDSfOQyQd+6vgP7duz91A6fMOKu+9c/mAURYjGrzNwGabWIUQCsqftqoUay9ottZ3gs4LFXna56LME5vvmP9uIlAmF2MF1M18u+Xi083pjGhsmUCojxzWNcaZNU4uI3OU2UrVzYS4a/Oef+YaNEjg/9pje93+CjR4tkwYjyZABMJe6tDtvmbXkKrvpSYRdXDm0B3KuvaQbCT1+owJvlV4e+fglGbt1af3gyeURO2IAVngvRy0KMgLHWJ68DH7AN769wCl4LZk+igmMGap/Bz+yjIyccHYwe15j3sxXiqRILO3JZIQLg3/KvitvsduEuourDMC8HYTBR5uQD2jCSE2fSPzty9EnEUhCUuXTEqVkIhVDw2z67O4PfBRn7QOVerrgidbD90CWEkOS0j6YUrJof9OIoNgooCUTpjDyirxhnfjyqSj3lXcn9yE3lFXL9tFt3/nc5ZWfz7tKnU8LNoaQ+F3IXPau+7pw+WMCGL3grc6ZIxhwrFeuYlnaaBNDJEiAhEiByrA5FWOVWsRCjlZ1s1CVWKBznqp1b/x1lfg5/hb7LR12sdShHeEqpRm3F7mQohZ15lm4sKN/x8kGTxLZBfqEnSeVgltYpH97R+2vE49eFzugj087dW52KvjDI8CWsyLQN/9IE1Fua4rsEABABN6AVAZA3mRSLW1VFXgztvczA1IMf8Bg0q4N7bd66IDEnUWLiIgsJzFw9+ofiij2kWb+KG3jt26jDgiQSBKJTCDiPWseufuFBzKgKZ0TP3n0BYeO36eZNAUIYOokVVIvO7E/5A2Gxijz5QXYmia3154rVNB2WPgpNNDy2Aqn8uXmvgxgKHQj4/YFq0HwYMDyuQhDxBJ48o9ylkt+Ib6z4kNmccjsc56ADBgjZiLAWsiAPuGWyO4LEZE6XtDh3luyW6VTnwBGPjgDquB+m1EK8hLJJ/sAy4FILNgP9n6I93xDo+n1uz1LxilYCgBF4PNQEeRkgt/fiBFPk5RSo7FPdYOwBdlYgSH34PW/dhPdchAlaktKoMgg608GD5926LuPPn9q96Q1GzdcvejmZ7csrfCKOifFSmXyysPIwDKyt116lcqQNoSwi46l1SYU7ELwIGjRMoNQQuanQPsvlt73YaC8qMmTsFMQiMQ5AiVPzW89cD9LKJ08ZfRHPgnVTmo1GEMgViRhC247hzAAykW6wk0xIsincP1Dnt5rexW+c+6TMtSKQsjB50sHBBezMi+Raoe+wqaEMq1UkjiUmbX5A/oS1RTY+yyfzwUaSWjBBgAT2LEIBdCn7RCp04OQPMNAjaN0NGO+U4hWe5F6ESWZJ0Wlj4dQtuoUsXczMCScasl1zuPTaTF0d8JAUrhxYJ0jXwzn969EZVmCLJVyJZffSANF3p+G9Qywbh/8ZWJhSt8gdJZcqLD0xkkgQn1monmIV0gkIYaHoumzut7y1mTUKJFC49qrxcqXGKI+GLnNO9jtuoKVlYg1v7HdlrZs6bsK//fLOmZOshXFbFEO+HJ1N7wdry2O8Of/4sJifobCD55Sb5sPdOTwqi8/OuoNpj9g+536X+zgCPAVR8uzRslwRmQWKMqhIi8Y24CAu11uGl7/RzJWFg4VximuaHcm2n1qDJzP8Cq1LgIXvTiL0vKvChVlbX3fmAo3y6fepXA2kaPSK3LzOehtLoNy9J+bnsrPrUWjOdonXm05gle/Ybw/slBLJEJ2x8r7+7qGq33sfa8595gpB0GWEkj0jpqRhBykf2wZGg/B4UcPbSSIspDRWA5km6tHKu2bMOyaQlEUSFqzBneeg1mUW78zNgnAK/n1GQ8N2OSmQMjpZiMQzFOGzrRHzGPbwWP8PgjEne6CBURZjKAHr41A2lbGS3R/ELhiEvu7YBc4xBPaESE8vEKtPBRoaEssfXjMmux+Kdya4cyt8DAwM6CVr6F75Ne0BogwyQkzgOtqJ7bwGqJCTXgWxUF7D5MGF8GDPWHoyaw2l2n1L/IhDlo4qvMQg27hqA1v/aMWqAMHJElKlMSlEDLJ0tP2PXXZ1lXrFl6xcPPih9c+tt/42TGLwL6YT5/+jW5rwlUQ2GixwWUbHeDfL9EK6ukAx9cltg6GnOHUvLd03zLW6zZhgJGVihcNAET7uGjAsX7MT/nm3q46YVMGlcIlITJKmkM3XhEnSaurc/RbL2A9o2VjiCGAZGRz2IbkCLz0fCmx2DAdFTNi5NGppXcfqx4Vh7B7Ysvjbz2MEzV6VXq9FlyybK2lCbrGHsyhfai62CIix58UtnPcQEWH3LgkBrx8BCgMS2gG9R45tacKh8XwrizckYD93wBv+CGHY7CSFRyWycecUWm2DaLHeEovG4rQ/fTLVr11exDlQNdfKsQYmi7jI7V7HiGg7qI4nDwSUi+Wsoxs2to9A+8v49UEz1Fb4e5vFugzLXzlZFSFv/XkFusxhU/q5vQyQl3ySvb4ZjOd3TxHonomV7xrsG35kSGIgf74wMM7zjx9+MqrxKpV6e034LhJ0Dsa0hTcKbUG7Z5OdvQfXnljTKun8hcT5CRnyMwBt/gWme1SyI14+sVuPGmpXuJjkEWYxbgbX0VVi6ke8Jbjw18UyCWKw1ebnvrwRzB6wSwdS4aioNwxOCYQy9YTYMYtPT9gwZkxNOcLEAqOMC3NU43sq1BZraZhx5ITiXIjGFUFVreWYKago0tj50a8evTjfetC1VoDIIWA5RdSwEnxc84xsYtVKRg9uFa1wY7YeXMf2s1e7pKVha1ttxy4tDu9NLnm9wks4xfwUOaa5acsJRub/YGyb3PwFSYFTw+UkBaEm8LK4LAEgqZ9sJLd9fILqXbbvX2gSOUjlGbFaly9b+P8+Vuey6Q4eMp+Z886tQvrUlLEODOZJyAt+EzBE4BnagSmUmAp+W5v+K8XyTNtQhlSvqFGBgct7DQINienGyMgkqtuBeMg5kbQt8j/N/gm11iPCdaGVivKL5LMSqEwZrBKndh06XX9Yx98sb9VDN0RduDoEoB5eSh4GPGmwgBXxTXmrZUisGXLQPdj4u8eMl0nzPXCcAzwYwvl0BUvsv0w8CfLINQfrStgvFW0sFsKL3TPX2iMLPtd2S7rKL7FOQZbANaI01lrcvUFjFNCjSrEZ8877YhJB23atv3ulx5evnMl40xKSfq9quCxI+jyJDe02kvt4doF6m/bi/Wc55m/WdwLz3JoJ7WCSG1gGZVNGtZ9+GNqp8WSFQVfFLp47Uh/KIVPYyPLWgufShc9J4SIDjy4ctjRor8PpAQJQObdj5oNdMLN1gyitzLUyUPrghVCPoqNXUpfB4d93OoGNklOdi4tAgJZYJgeDZFBCJLvfARUX8y4lv4goFmyjzWwy7dVJE7UavoMkeP0AZK/KLsKTy04VkEzC2KuvtwOBQaT2jA2H40CM7OQJQM0Stfsl4fe4LePTPSWg+B/rZFZwgAWP+E9N2DwhUuGk/e1hoQZsC1IFmOqSw5snwzsAo2URyPEEHMEaVLTIWc759iRX44FyCHE4DZPAGjFruEOM6nngthgrxpKA+wS10iEoJ8HQiIkiSrzLIQcbnYd81o5dXqaQnL/g7RpPTImA87Pbwb5itRtj2uUt2sh1L2mDQVy0mgzP0SjJZvTFaV1OMWSELVy9cFQnv+1NpBzrEE5gP2FOKYLBW/YZvcv33wtc7cCekI3udMv7fIobeHR1Ny2Y1tQA9IewbgIB/FLG3K7k3On9TQGFTlPuNSds/cw/xVZ7zBUcGEAo2QZ7TATTLjb3l3ReR6BTvxvLdKMgmoDTxFFirvLJnKir81YUEBJO4AD66KI5FyEpc23uY4OynBdxbn+N5zWft1lLQnUC5x9Q86YMZpAiz7nbokAy8xlDn1g9FKevk3MENVTL/esfGzD8FaZybP3P2PP7gkkBEfOMGLImHp3JIBOuVlusELcKF10ZoKePWARsq9qtXazg8itwLvp3/F8BKc+TBpJrwQAoZzfyA6I/hwmbtqmU1tD29VRheRkjApvUu1NWl/YosaaiRgMbtSu/8NcsMJgVO2fpShTKmeiA468nBmhbTJrmRn5aNbqS0JPcgRWp29YGlQERzuQ/Z/IDW1wBv4uWAPDQu5i5U6Am+1xQZBgNidoPPs6BFGFTUJkkw9LfpuNJ+Mv3QAEfqWfwp8K3VOZyHOLQNQvi9C86jLStieRtO/dAeWCMmyljTljZh27x6GjujqX7FyxbNsqAEAG0rS0MwaRPmOs5FdmdHzgfHoKryS8SlDu77n1ud/tA14AAMFTTIEBsIvL4xhHA1a5tlUY6MpOA90QtNGr1aV9QqSLnmJDDRnHPcefTJmQUkAmSQiSEolU9aa1LIMVILhCD0PcPn9rfixdNnoNtFcWyiUM6TTcDn9YDxcQECtY7vUAwGCcAiMYMaIfiydwTpoR80Fb1cB43ca10/xpFIYlN2Mdm81xMigHCJkEmSEbx5SkpauPGif1nGglowNQuy7qtkEyWa53LOUileQWHuweOlJys6HFBiiWyss9r785/qZIG+SLYadKIEQservpJU7tBnm4VDuvtIO3Ds+TcQwFFJRs++xldAI4UW+wS/6tHO3bdbiabltS5EUYrEoy+soOZPKjdjGoA63WLwMEAiEZQzk0jOMn1I88HLp7xNaNtG4VZalEJj1wMCDegvmIGMBTZoiXx8g8u9kKS8VBCr1GiLlds7zsy+S8fA5Y1llVGNBf8JUFw0FlPgTLCb8qbVNqW/uWaqnV6t33vH1fTXiSPDc4OXLKT+ePM4ISae9IoCVjv3Hug9p1A4wRVN5w5bOa9rnLKBmy4wRibIShvE3JNQ4IGL2bRYyg4f4ctnztqD7sXtyBIPDEyv1Dc9OuHbztKiWeXH/9G0s2K9jZtiTgK5TSGUqI1qmjsr5kHSCikVBFwQefW9tBgoUGu9wJaueZYwkNRHpIy9pOgwakRd6GlSIoRL0RPQDoPfWLJeEWJQB9naBJCAESyNYMrh9qDI6WXfuN2acGlYZsIiIDImCEEjwCJwBlDaBRZVqFkVcJVDCGtBo2++bzjeluSgodWjTsbqxQh6P9moL7JfyPGnGBPgdrzwLZf8MGENIBBVKD8qVcal/dHKgqm/yhvBMzTR2TObzV28v8vB4BuEQ0mpotDYt1Qa0w1Vukgc7NbJmCclyi54Bgo8hbtRqvgE0nuV0VUFCk5Ei+zdvnrFWTy6Kh62fb2nuOU5T/j+gf0WPWaJPiwX6ZlfnxaYU59dFHkwbMdEVrlOqmntfj2W2a1w3CXeDfP8oPDS9ae1fahhlkNajuM3bvcdXRG3duXjm0DgAYsJQEQwQiRPUuIi9IbER37jI6QOlWX9JpGtjlTXDll94mUeFbsFwd2BbuTZ6hyRHsYOEyPAqWUMHf64By88BbPCAiUNs2SqcgIrWayfLlopmKiZP4jLmi2UAhiAEiM4xqyIBM6bmhZV3gaYS7Xj6iFXqegPGsHDDiCdFRHIE72863vNVcFsdGAhi5aEWy6RmSNYR6wben8pCZeQvKCcEN5vpblZ3TfR4B2ebBtObdMeSzkCfOzS9HdOol3loE+gM6oeah1VuaLvX2WxidYHGG7o5bmmYYgxMMBIEaza/ytcLHCtFw2W0sIlN6a7SeEbL5ZkYSBdKMXDfTzBN3ZEAHMLEBW4LoRZbMP6Y41qnhUJvbf6hwx9iK1qXMESDo93ijHUGvyVcezt+08jOPDV8eaJbwRAsjQVla22dOf70W7UjlQw/ivMNw4mTMEvcMDejhPZEVELSHxLxcwjZOqSc9C8LXfeXahzoeEIKqxTII3eItAJ7LlJe3PhhoTea8Zeia+VO3da1zw5bJ7YB/wMHs7FUK2uUEeH69ufGx8MEDHr16Vx+ZavVW5nvyF4MhnZQiF2QBpzI90ZQ3s/PKy+imvBpFNFo/f5WQmbbRCwoOgxLl4reh/W/hCbY79z0onTMCAXj3rUjMEYCPfPTX6Kyitu7M7lw5bsXi/dwKC5zuvOLQwyLrIBh95UKHYV9AZdZjQFF+dXGuPCH80zYLupRhw0dTDgkBVWtb1KMTbVG6Lvnzh/z9yE3p20RtJVGbq52HDehbDmp0ICAJgiFubGzbMrxDiGzv0XuOq40GANB1n0qfaK2SFxPhDF5EL5jJakDKd8lxf0BP/hQUjm8ae4osT+klvG0XbXODHpDoZvArsfzp0FtBHg1BqMTobL2g8AlH0oP4kPtWhPuxKDO4N33I6GMzh+5iadoD1Pudq720IHma3+e+PESQ6+eN63+BBo9hR3+AvEVSuHK6yFIHFr/VX3m2SZlQHoEeSi4qAg0ac2T/NSi10QBPgwVmhXFS0dI3WTFj7SXys9Zu4YRIyJAJKeZOnDVr0oxm2nxp84pNjZ3IVAluSEu7WFaoBUe+NNsX1F4oVe0iSroXuuQT1GXglY1UMKpKgcmNZulx5PVaUWHQLzauTzZsQCY7Z+7DurshTZDAviUSpUTL76H6MyCF/9o/Aw7y1H3YJuC8grj02wazWsSiXpGp0g2gc3KpdOBSPAUCKWiLVieU9NTU44mHEWbC4n1f1vpDApW2NxLCxfFC8WrXUg4A5UcrgbsEyJLImvo8cg2A39sJhXCENj3cB6uogu+M1rBwOMzYcX1SxDJrJ1SlIyygoCP9oXIDk78nlhzNT9hY1/z4WhwBXTmAjdSRP5iRuqRVBjWHq5OnRlMnizhOn30OdvYxBJTlTGXSkrmbJU1HNsDoVSkaLJtgRGGey24V05LtHJIRwSiZbze9grzv4Yu2EKy2AGLuL3TKtL0NN8JVTNt4rlFOZ+3edoUqJOywe1gqzmJItS3/eLPbO/l4hxPru015ZYB4m+O0mO9PlvrV/ng5Oe0D9aqucmUdQlC+yhLeBcjlBErHL9L57hlIrnjN2wUqNR3/D1f5MJ6dD5BX6e2g1+cPWbcTTbLH50jfnCkGltzqiHyPOk97xtHU57L4tBzqBQISkqIIl29fs2VwZ5KIuZP26a10CVDPSpA05xigzWmax5RCU4lMzpcMoIg5ukQiXzOH/VHdQnO4gcdZOlpB7pyFwKagEsS7Z0S9aLdX6BQgzRosKlNho1XqS1dAAhgaHDqd677UizQhdHVQA4JJ+lh6NULWMwVKxZGLyTt5TOYfjRu3ejVezgv2xgIdqvEnRlBwBtuCULJ5u5KV6KK55IPutzFw5CW4xYrt6O8Tems337l5SK3diDubDXNeC2kSNnxnA1QhFBaxpp7BMacmB1fxnRPavmEYJnBKGA50+sKLrQY0bMUZ2q1AymQ2tXfSzNF73ZHc9/LGlZsHt02sjxJSMKZLev2pzYLMEKUOeUG25MPebuEOkTYPaTcklF27EtzoMJqDNhcQdQYEhHD6tIBlC28j900q0myhyZ0a0jXDIiWbN6Xb++I4ru07F4BBJjCKgEi/b8WVdqhfRlhhwCFGmmka1aZDGKA11pohEB8nRtQag87IU38NGployV7hQv1F4MgLnSTI2w25K1iBQboaSMmxgPBDIY/+2VRAgOZlm3YyuybDrGG0xW6B3XpPy6jpzdmlij5MqJ4sHggNnki9H0d/VODnw73WWfW20+ALPfw5CE0e2oog7zIK0jPhtKCHHM5cZ6sUUPd3yiRPUaaDDYN6MJAb1Sp9UmKdLA7CoCLZnSP3Z+7S0JiTlJwGU0jyZTRoyaUpE4Pv0CoULX5d0bAVxQT+DhSRa9Dl4dCJTJeEMMuVAEDDTd47ik+anAjZ3Lil2ko4mJiOV3zjSkJQw262wZN0hpHNggLJ41IZakC0C7aYzC/Kc9icMCzKTysJi/miXGbCjVba0fJwSNWBGguX5o+TS3sYjQAQvsTVpcU0wfl4aON2khvQGbQeuvxMUSmE7YAfIQuqBveTEPkxdRv09y3Q7G7JFsH2tlOaOkVpFbGT7gEuilTkEnQlG6S41QPYYxnPjvBltT14TUsadHgoHEY1oveFXkrQQZgjgJBYNdAe+ZPWv44yizgBr7GateAoBuKl2AdyHayQDOcFC4xHvf56bZuSDDAG5lBYTrVb4X6fs0YwyeyIRp/mzHNjelvGLBMOzHBiKD7Di9rc9743ROZRdB5r9nfJ4t0dCUb+kdyR9rWSFpNsau/EelzLSPgbrhcNJqQdRubdevwdRK0Z1Ad1Cz2YiayGs70D3IMNhJo/nFnnLwfzN+x4Xq8i7SJCwBIALhqsCcHst+93OvFajgMCcHWuGHybuxlcQTcPQguMPwKg9WvI/oSk7wt8cih2u4F6uV4SBw1uA4T5HcogdytEf6HWSs7jItwx5+BZ+Moex0YfNidpvRWWXbauOCdhNahFXiNN5Rb7DnhjsFjoPMEU0oE/ZiB3vV5oWuZGA4+8FZ7Uq3ckyE7WNa46KgLob+1opk0wSNDBwXBiP73qCWpN16UVU0HH4h2nwUrsJPttafQ9P2bB+cxdefOuzfba8pJcgHZE+WnnaD91mjIpeK3OJ060cpzs/yGTGZkVChIHmSHX/HSWyJwZ5Jk3/lku/oLDD07shppYs0roAxQXnJd9Zdgw68F8B2VVaR7yOdv8a192HdChxypGWYc2AhhKJmceWhFnYEJ0WCpbnLWz3Jcmo1kikEPd4XYr6O2NrX6H4tlIC/Ur8Dz0s4k++MFYmmCcJwYFZQNmBhdlAEuOJsJaEGYEhPYosvAEWjt9yURWv/k9QjlrCS+nWO3mezMUd9gAR8YCsPxDNhJpfiwPOIZqf3k7RYBEKDKoVuOxYxhj1BzWdd6h5h8py2eN5hwj5czQUila+ocVkqGJWUxqFa1Y+znnjOXg8WfyR/YPaNgd8dhOPqtx3SD+8nPFlvmtby+I8hPkm1hfbjcrd4pxydK+BcNRAVC+ofk2eYghJBCPQjyKzw/TbvwRN8sGhQqFmoUyzlKVmGOj3GL9OGYBjWYiQwaFUEXpWvLN/Kk95zO3RyVJV60zggf0yq8gTNrGnincLYxRbGJwR0E7P7Kwe4Uv4URhgKmEyP1NKYdQsWQgjm02yF7Mf4rHSi4qoWB7+QLc7+hZZqFGdcZrCb+XRXQ1WokQSGRRShWKicB7w6dxqcJhinCSBy2iMTbsPe1B+FtVNpqK3XqGgFXyVrsZzVWmck0UyYLkcbJRZmhfHO/pIiP10eAwUDrqD3Mgw0iChPzFEaEPpKccbftglfaWbw7YDS5IRl/4gxNbzl/Q7klbierHL+x6tSFVFtvwggGmXVAMpJGuMWpOunAgOhtN04Klfp9GHJ48QNVQ6J3744bdDY1q6FIPBaCT7OTUvbftwYICfBV41LmrPsQupuWTkA7gWLyagxx94rbPihjnExEYIgJwAAYcCESWCUpB84pn1pQhwoqLV6XFjVfryRyDRJcu8KYIsqC+3ZPTInllNxIwpc6nliCkGwTGnIKxnRDV3Y10KQ6tCJQxzhEZsohDzAEQOQ8Fv+dQ5JemTQMzuLWvtdYke8BtgTGdwLLPFhqPpmjMIIB7L6UDCwNP2BGzZxj54tTXKjkJletYZmpoKjXeok/leplGoAS9jfwkIJAQRLX159z+6aH06WqOjg3SdG7XAFyy/c4T11C5AGWAHXvPSKkct3tbZHGgv/CkqHFKzd44VDh4vNmDiwj9sWwHJ3PBn8rvaP7V8sRJ4mAy9P8IPpPrC+FmGX0etjbWjpFqwQLJ6Ti04GHY24yvwXb3HKiWgMDKuXJhEepsMwqCejohrpIETDP0KU1ZqAVxZNMLnnrzLKmivHLyzT1xMtIVttAD6oVqaaaeuRjBMS6xy/OGO9ikn1uymb90wHYObS5SWcyOBh3bbZD+2vJECLlZvhkUbJuRjPLc2O0amHFK/M+Ax8ux7Xq1cfKLf1oKcqmtkUDb1W3fSStsvcPernW6r6oCx8/fXHT070sz98GRuwXJ3C9ZSRHtudiN+TCSGRCy9Ug05mRGaDVrXR2aIr5ayoVRzHO/ZXOV0YmrnXh1UZLdbKmh3cUIWAROF3gZ3Rj5u4Ron97zvPX89gRmDxgDJGf8gZnZjGGJJiSL8NgfAGAAAvSoHBmQRJkBCQIpASVIW3eilABqA6FMx7tZHCQepjyCzRGkaU5k1Vz+oRbfFbKxZHvwBBl1Y0cyAKC7Z3W3H7TWyLG1OK4ICb0CHbuxNpYMTieatr4B5rXSADvEO3/UtDKQBgcZ+RqggPCS55XDxfvNzRLRe7yFvAeUnOIODR+jfr17nu7UGxWe52KL0xCCo13BmCoIkBvRmAEaUUT5OR0Q6LqQ23zthIRnGekFkqMEh6k8ibhTMB1puzoK30U2XbxaZb+8TdMMubMuC5rVmQFqWLS0kWMY21eVTDBAXU3IGCECslcXZisK0WIIRQlcj/7bcjlp9DpX2a8hCQ40KTFfqKyOpdgSNCbzFEvGC7EAK72iyAC8KhTDTiFl2IOCwLqxuTUy4Bw5Q47AGDDm8waAJwLAEk2ARy13NW0ExhRYJDuHnSwTkIPZPGdgJLjTFeTjxTYPN8jM4MsTQ/JKkttjSMDxH1FuFMPNeeJ0NhU5BJNBu8G+k3ZgWMPbCwKpSN8rwgRrwhMyQPDe05gDAwmlGkd63IlQ5n1qLFjK89Gsdois2Ncw+pjTAgADWiGzQ85mMYsz0Sgt0pwacoIFzH6GKb2CGvd0lunvJHgITfAJ7QRm7W4k29JKOyOiHYm4C432z9sirsyMcljXlO45n05wh/Ee67ZRoDhCdtJdSfG75QF0ei6A13rRkgIzQgdEDHCqmi/s7YU1DL793Qkv1VhK6Ugd8h6tk6jeQSDIECH0DG17oNxk1KZQZQT/cBd92xj6Svz4XXx/o9glJ1Z0GzQIdQzl8JBbaHE5ZISTP0fONcoBll+FAX4EdEGIGWtbhFzoLcFrXKAELP6Z97ZsTMG5OvlR8grKMo0nPMova10URLRd08iuXW5NnhIPseGPqlSelDnAijodQzM1H+zxjY3wwwiRF6cY84QdrsujJW02tDF4oLhtfvl9kfKNiPQtEyL7QM6uT+cpX5bWmeERR7mpPWItuYzpXEYIxpgMjYV2I40IKBh/tv0y/biCbknt2qP/vRTqfA2SUgqZSZISyDPtddQQC6apJzR0yDTH8r5mz/Gbc9xUPCqs3skvrSihtSmXXyGCRZN3H9G7QUFjbZCiBQ7NTxvkaUsDvUHAR6gbx5vUWQiGMSykITw+ACbpqGD00FO6DQUJCAD5AzE0IaIXV1dgo8NlW5rRKsbT4LmwEgC4GLhZZjC1+R1AbDQYmS+0oDHAuAyfcR3QOM/oD+/P4INsRgkIIgQrdzMcwTTxA/lFEyUIxOeBKENoKEYJ9HPUDJh67xEDjsDUpFyf4WtjkISAyqbBPF9i7t92KwtBHEld5eAED/M2mgZFJg3n9ZVNO/0XzFP4bJ1ef0DvWzdTGeC5TwUdhgicE2cURRhHwBghA+bxX7iqQHuRpTTwHgIwXKzr0xAMn1lRaL3RkDJVnlWJJbTj5tqFwjRcLQAbQOS/FgiRDL1RbsIcw5taHi0ZkYx9qUBuRyJG8mHux7KOsshQ+3NEvnjT4pcK7qYZ2s2K0EaoesznvjavWkGw4aYcbeQUZagZrC/tFIMjn5Cpyetn/kCDkICz/J02Y/jYN50RGFIJJdtXYHo8Eh6g4/QqGEkZEgM6uWpliq/NLLXa05j8wcsKesFvZrAWfGX/yZ0GXSwnKF6hpsUcRLZ7GFVCICkUVQVwAcCIkwUt87eNA4kYtrFEUeat7PIKe9hw24gAKunhSbUR5h0RpPxQuzNmSDGwGxhtM0zBkikMNLJLWdpmFzPmuxQGpFe1m/nNKx+1OEyehv2vPEOi5NuRhg3SYs6gCrv6W1w2g38zl+XOdf//+vKNLwfGCIbKqwGNRkDybva3H8tw8v8jmkJ+LKibyKwVnfxGJfpLgAwMLFKEpAUsaAVg/ivr5d0KwchFRJw21WSK2oMkCcRUCtQPDqqmRemIxnr2dC9pm0Kf0RF4CzkDwDYHDy+mnRfxR2UV+URTYrUGI3iWiTPhjAVjPoIjxMDCcgLZfU/5oUHZA6632Wd99Iuzzr1NDKrAKJ+LV9/be963+bCPntDkpsML3clH5pfxcBQVej0scZpZjGGEZs9tG338h2cxkY9GN5T5wyg3m1dWSLAWiXVFELxkZuDLeXCqZC55J3ugPfvEM3LIt2nI+9/NatECjjN99AHYsJJNlBYksTNojGh25znZ5RIY6rVA2XNn9LnwHuU5mJg11Ayi1RtCpUag6sa8RebYwYoIs982GF8idw0yC1/Y6U3yQRG2Cefn5zKDY3jmWC7bmR8518aHLydeCqeCa09gpLi7uutlYdo9hqqchYhjFAHTh4CHGjDHaQ4rmu2JNPPbaD2ADmmjrv81QQTTUkOHZq0+waA9E9/ykOHPvI4pfDTDUrAvCmrw7+dNGsdXTiQ4PKA/iTedES0A1l3XcskxuDR/EOb6O99A6lcKeUkAm3JU7wKzj5tpTGgBFbwzNSAgvQpGSEhaJusihGIsxBPg4KlgPYbeCnv2iJkwOEwiRKr6SutBi2JPBXgo9H/nUrpBSZMJItgt0tUH5Hub4LaD/OlsKN+KoxLo3UbbbIATTfZYK4dsK+68MCRCaClAbl9cKMRTu84Y0I67dwc8eWIjlFr2EVE4OKCUiAyRAWPmHrgZjSwin0GclPKQZgRa2SosFvMShUK+G8GTIV13j9a20plST/LkIz/hYMXkiWUfo9tyDEeqwqYs8OegJk/eop8dsm0wJLCw5QhLzicz26CumChrt+TcjMV0LhhTwV+qVYe50ERhf4NhQ2ACCaLQ0U7ZueozBLu/6A0RkmNJlAEMp+tBrBhBM72FBMF+ZQSa+86pAtvbN5fCDxYJaNRCAI8HpCtKskAUlpNHmRk818YihPz1FQoAXU5O/Rucp5lbazCRXSN6QFqS8qkrVJW2o5I8wXQ+s9joBRYwWQpZu8AKevAUu5OHc/CYMbfIyLkTANaichI+f8xDASD0cP2qL0uJeYZ0E5EpFwASRLa2iUFebjlToGwOt7zCcvTlDtSzd7xxlYliDXGDHDMaWsOFvEUVhir705C3W7IHhkOspwWDfgXmDB+FJu+GVW7O+QajPO1VSpQmxxxoeg8u9HV+wHfoQezD5UlV9ASRoVM3sQeMbz558s2B5eYnK9NDgiC3XKtecqrUdqHgO/+fYCX+DgXBl1B9IeQ3iiw8tiX6Ng7ksGb7e6WOJZuVL2OG/B+o1YOe0Bs8PGoqpy+8b7SdZ/oyApBt6mNGikhq11N/DAJHvtkZyvERRjMrKSmR9ffBQBb+aUXqbrxNqt2V7+jph0A5hShtqwbM1wRAasMYBx4BY8CZkrzaxQWwm2dXbvV+YLhZwOzUhtoov/no9cm5lejvR0EJaUFcNAjyKy7lKi9wkPsSofQYT80xOQjdPqM3kRZ/TvyQbePYMZzeDowheDkYrYbVfEUF8BVWbVSG+YsyjjeYQn7CMr2uu/qC2KAb1ReuiT351G9fhuoczXoiyXXScSKnB8JxwFcjoekZqKNcvLfUegp2gQoL1VAaWR3e9LSvIm1/cnS3wS8MQ1/3oxeoMSrU2ptWTZkJtYpBuxKr8gwmSANp3rBiKFGd4Gb9T2YW48d0PeR4ZGmjPRaKAH/W0LQoG1lshtOVRJzbX+WGaeE5iBE72r0z1fkEjAWSqBSGcpmJnmL3bxbIrF1RZbso56tVCgXvLn+zOH0YdS9ngN2qA2p/lS/BR2XOQfBWnetZaq47bVvQBlYvO5t5V0sJlr0r7JOWUuHMpW9etWg0hDFCKKEcsMLbqs0h9EZmaBwEBuD/wkUK4lYGuF0iA22Cp337kU0OJzpGaDMCrmzAAkLuKwM7Um0syVupbG8QkdX7wcRWfruAuodxKl+l4XwrK8i1Dihf6VRNKZKkEvPSex26gQIBnBKwksUb0Wk78i0prWZ0BVqJuW9jZ6qfDWAYfeOrdLvdRs24JwAJCMzBsM7D8knV6kwTurbJSf1NYG9Z2El6ZoYHtyMcrT/NR62ZPJPTezJO6+ZCxAHR66iL78g3IlxT536ZzUVE343LZb1Al9AZ1tLq3ShxJ/owJ5G9ODk6Q1c30TtlRY3S2F7/nKkKecGIXrLYZAisIrQ6ToPtCyLHO9568qJHM5TvT5oFOrgM/QSU4eFDIw+B7JYZm9Ph0EGtprQGLNnjQDQCAciGuj08g12vcRQdbdhaQwTSEbURxaIyLizh+wF1CFWj3gzLSSVDEYCJtmJoTBhVl2/so4XAT7paYY3mYR5fZO9C8eVtP7Cz5IQ45Ud7ldoI1WE3qPxP5BzMwWP6RDZDFJY9HNeYhTn5A3pfDY/4yLPSmRACBzJci8lCeqodwQoP81WJlkJNieSgsOMYA8hXWlp+eq0REd0wirLJ8DUageHEMwKAkfJG2AMASILgDH275QBeTtpxHvM51BgHCOZ9YmQJC4AYoJR6TCzZdFTMEJSMapWBJInsS10MDD5f2uC3lbM+Qu2IQajSyX8wCsU4VlYVkfcfWFxrIG29t95DNEs3+s76WtYXczyvn3JVv8AUb4P/wjbSYsmToE4Qa6Ikq0mtELKBFguYv5O+SWFHtR2dOLBYBfNiF4da29PfPQ2dNgwA9EFbQG54p319LlI4ZBy573+iR+a7KRk8KH3FYR250O9q53H5iDJ2uSHmAOwCMosjaNa31Uy5h2sDSNyHvDK2x6zk9JGephQEf3Xkf2ueArVJyBHwMILzmb8T/plfQe7bcC7MfbbwGOy5Lhh2D/HmBbjaaqggglFo5Vvypd6RrwSNxHFSuwCJltXFzKpV99YcMWQbxJbLc6p27d7m5iA0ORsoZuSKLmhxmXYtuY6eqaeHbQehlnPWkfIIwuaTinaOhaacKy2qC5D74RtrAjqSz4n63ODmT59uijlePZyVJB7dlmIyfzMwyZwpruHTZ4wggMl/OnETIk59VMblyCLMB6WYtfPIWw+Q440yHkdAfUKN5wcQmWpc3y0LfAPLIDYS626BfRubNWGY/qyxTE6FufJVY+KbGssAeFOpGDAIeRAYQ84jb/D31NQmGWZjZlp9R9rNkKBCqYYdJPiM6afe0Lup1aVXUudako8nBZjrrR4n8XwQNLYPKrA9C8AgR1kSViTl/GN3qSP1EJAZgx2BGadLWT1ehlYDaZbuLdNlKIwba5du21qATN7PjWjsK59SzWtjy8wBK/d9/5C0eiYyZpTLFOi3/Hk5FmPx6UNLzVIg5xiTNQWsvQNWtWtAzaYogBwZ+0j3haqlcnc/YGf7h91x/64JQ+h7hpPVxkhwVlqpPAWAEjXgglaeFjO7ClSmZ7Uot4ZoOwqDvGZ1s3uyLnc6UV4JeQv3RzVAAlmnP9fKmN32cxlKAhtLx2ucZawbGWbU0AMiMAQyRaP2iGkFGpExPQNUqy/yqDL62so9CwrYDAaY4ANYiRtGudA4U9bzJfXRFMpSmLJxNI1gegYoItLba/fenvsDYGqPDRUAEUnLHSakpufwKNe4T5odjSBABGkceLKCwo93Gf0riRwY1nEicyKeNdEMQzAECfZvjQcpgSkAEIHZ14GCtOATEOm3kKGlcaZgsgxm0nRa26G/d2oiZTlYF9SxpXW/ja+CaOSWCUSSN5Tt4n6McAAfwwZj7jlRbXxgaPpbiWIlNjrYFKXYHfCIEI1gNcOCJTH0VgSGZhT9ByrZi6v6JcSocvXgBjT77iSkMwRYrkzKKIAAB9o8Ae8yOwUIqn6BuEmB+m2cJADIdQcgaeUJGCum7DIb6jN/yaBmJ6WU4AsvMhLYLi8/vFcB7gmxMClUpgLCy/dbfFlibuW/sjTjqYLduBQe2pjjxfU5OURt8JaXk77tAQZA588E31qXJhwn7xcZYZD3B4KWCHnXYNfGebCKXblk+RWBb3Hnu1uzP9h6X/8SOGvQ5yyzO0pMFOf2nd4crCOEFXLgqX+kcaSLa9aDWHPDysbCkn3QghECS4uMmaattJyBgUYw+hAEI5b6um3KgzXqRrCDQr5C61SXtrZ+YxnOy53wAkb9rxHAPzzbJ4ooN74CbJfLbne1kzul8ZURuxACGUNDwbCLKl90BpNVhe637/dbpa3VqaMya1pL2874Fd7UNNJy9IIcm+VZxoBhTQ9b4AuEwACB1G/7tjrgAV9yAOklGlxNkfGCrIzLkarV86g8WgKSdplgDEJPmSNZFEH4W/1CRgDEJEgyAiq3VC1u0INFw61tGYaMKWa0r6AhXdxJaAPsyhagYEP1YBZwNKLKFKOBiU/rM+9JautGJdJRJf6kwZeiAQZgQ/0OXOsMebXMSDbSDMZs1LLAOYSoqAsQlaFBBCSVq4Z6XeRtEwJYmefpGWNKIyAwn54cDSiSJgwpUxvj1iJDuyPB5ad6DIpLCdzSM4Ek0i/rlXoIcn5QO+7YXYVX6q2NfBXD7Tn9nWud0woAntVlW5XXrmh6o0Ck5If/311WC4bKjUBa14SQISDTZbkq5FMIrrp8kzOV2oFl3UvDZJ5x4IQCQwpJMpCJqplRhQHkFARRwA2pAYXgT01CSD4wJlzKGDBGDJyoICW+jeTPhQbR+1FAI7NqFQiBJAnFyEZ25W10MjITAEidzA6gNIYCnTlx7wSG4noCph1Lzy4jkAjMRIrMQpAjqfMbNWwSgFBah0tF19WZX9aoMdJCi3Z0qNOYJwBAaeZVksM5n3oUJx6sKHJxMLVErSGJKWQzPT4YrKojfxFQ2nEcSpTMyPkzWs9YNxoBCFXG2GJbbxJZbrWS3sCmRvBpS0c6lA8vTe5Fu37AzFM7YTm59kDJIoccGeuP2p0D5tf0ukGQvD98ZzTQVZ6toUJI3CoZzA0IQb9CNtJhNsfeVsm6aE552sBEldoZbDa+5rbMHwcVSoI8J5rEQK7jbvk5ObMzb0qAEUfY9vuRBi/Jb5R4lTZLb/XCSKqsLGcS6gtD/CEGw/bBkD4Behgube/t8P+bVztT39lx4f1c0MEq0DInQgeFRkKpN+Zu2QltR/JG8D000PlZo9kCJDrl64M0EhiWGj0Bbz/YrfQB87uVwV06XSit9CglO1UYvQyE3TWu/o/ElSOVonmmrihIsjvl5BZh9zKfDTCrzXOd02xa5biwsn+1kbYe/CoI4QWvRmjtg+QNYPNRGlRw7oFpZBUCQHAfbAxZSkKUEAThnWvhL8n/qPwbh3TyyEEbNSy3SwgMjMvHjJqXjl10zEKqajytkLWBQwTKHwDjDtn8oeE55ZISI6af3mP2tge11vEuwopg66UsFl1+kMwDVqig8nRa/nR7z2QBZdqprAQCAHKLf/Qi6CqKZNZmHTxvWLV6BBWgUDVyypoBIgRJXjhfIx8lWJcWAIEYhiRhYnL+1hnn02omJLdCQjuiQ5pJFtjCNVdTqgxl3+LzEYTe337KEV3u07sMnJogCU3Sw1iogEDSYs+iORzEZhFDu8Y3v81Na6KSNc5MeWNhXDfZbojx/OXqN8pa2emsSaRtKhMTbTeb5zfmjadcgzyYaMQC5W+C1WdhBztirrEJjQd6KwQyf0O5oHomu1eW/skkstCWODuStoE5K819aAyQNl5rvBKDUCcdQ1FsVIaiMR9isk/ZGcPRIyMzuyfWcmvXTOGnQAmsWMCwgzc72aUGyoW0o2KZEgEAGIIAQKm/taeikX3Q30OOVR5g1qIlpCRAIARkIYFyAvUmDLsasxA0SHC7gMa/CQqe9XLsthEBMURJzNY62GMQfH3tQW12SYtE5i/HviSKtKYlZ66B9z4dAgbAABjqzHNOjhAAB5RAwhoQ9mEYDY2pjLG+iYEA9dN+KijHmPIbNRiFlVhtBohW6iPa5wX1Btp4BOkKaEM7kpDpMl61FeDJU7u33tYjEAEDF/8kUmXbZgtt9DIE1bCpbuVwDmBJkSFwXib7AhLw1VBe4rnmaneNYWHEZnFMLwvdXvKACfcU5/JXoswMa+jrwK5Ph/qrtuYbGQWfW7cXqyDteocweH5Fu8u3fUoa+7ZuoPAcCORZIaUC37eYyZvCd9QDMVLm8hbXNaITDrlhPOo1dsQIetaAV1rj4zfIz2KJQQFlNGzON9ZmpyP8sHweHGxaKJiJdmHgF94oVho7yIFaOo6laQBjFOdCAG1W7X/rjNZcBJrC5npDKPiMJRAWdI0HT/5vcm6HLwOKJOHlV5Vl4tFVCQCBoaJFRMngEGLYyRO0IbiAs7xBg6cLbJuosOT8ZSMCGL7syEHtxa4C4nNgthlX9S3zjPWaGHppyhEIK+B/b1JPMQXPIZoZVPZfuy6gnFX1W6IUQCpDaB5sUmUqDICQGAtrYYxzQZ7kKpUfeZrW+kvXVdoicmiJBAg4Z4xxphPmTIBIRUYgkHFmnkeyFVR2rSp9oHUjASNgivIZQ0ASUhBFTGMApMYDsQBchRlGTBXKeqqNAAAYZiSkEAjA9GkoOl9qc5Wl24ra7UYhBQfOK4whQ0L94jIGQJBRRpIY5yq6zQglIABJ/8FPy0fK8dKlqIY7kYSkVGSEECECoRQKfJSMgCERkSAJFDHGpTEKEBmqw11R+6Rk4vBEpE7ZIWKESCiJpBBEEhkiZ+oNwQAK1drnZM7cABONIJ25InMkhTXQlc1PIE0iHPTMmjw4qlSx9YWZETVOdUsp0yxDhjyKGGIqkiRLGecR4wQgjZCwRitq88rHqHtAOCBZbdQbnrf+s060BYlZj4oAdmEq5I0hZQvbPzwAdnEVE5i7bF/at10MGHxZXLRZAIrxS4S8+B4BYE9m5hQMAUkiAiFRlywA+G6Ytba0uxg8VhhoRLR3TAALzWZKAilJCpAEJJVXQgyRRwCoy+StI6oGMDXXRvxoIwPtjhuE+AaEu2diMmC7GUToRUmpgXQxBQIClSpk+jEFBFLhHJPxU/MRAFNVNEiIyLjgTK9CShDqSAEJnAFjJAiE5i3P6QXlOUnGzDMBFqcISh+A9ihAvZpV+UJm8UgEIkOBKElXcig3lTHi3Dx/YIZjjIRU2VFkqF93bcEgQJIAEoChBGCoM52oATDSypPE+kkNg1uOhBw4N6642QwpFZ6RSZAIILU+s7lpVBUhIIVEhsC5ORkdiQiJUEgAIilBSq1LiUjzsRZsRssxtS9Gn6twGQByAAkZkZRoiVaVVav4sSV27Skz4uotRIws45BUpCu1mAqYwOh5G4bQesOZTMbQQYZaPKszvQkoFYwzBAK1UsaAc6UTmA7CaStM84AzAfzwDQMgYNrzRIyQZ8YbBBPyCQSI73zu6vKNjcDwsHah/bNcvml6CIymVzHnq720BPJs2UBMoUFKvqZBNxlZo+xi6hKzpMxQCx9AKMGY2e5wTN8WLYsFtL1yyqJo847gqvlWNJYlzHft5u2qpRXB+anDA37CDp6izBvfzpvIdS/Sp6c7coSdh8SBZJVO0QTBoEB9ZEry57OjYe4rsFaVFgXteGcX9knoueU20ClzA7Qj0cIDrhj0aT+d56P+HzjK0Xv7FuVMENmqg0J7svgoW15gMqpbBilgi1Q8BoURRgh3xWoNxlC/aNDo19C2Q9fBFcCQFmxOkJokJFlVoELWiECgnBCOLEKuo5IAACRJZiAEiUQkGaSEwBQ8INGrjNWqzGIYpXJ1ycBlcFk0w40Rp+ON+m2KiqQQsbPSoYZIIQViDEASxSyqsgoApJBmJDkxSUzok3mRiKlVks6EEhIyQi4Yl5wjSilZzOr1LgBoQAMECCEZIZMkAQRIjPSmM62oGSeubBly+UcCDojYwWsqfJGBSEUWAWb2MCcT+SKz7wRSCEGSkBhDqPDq6GovALRIpFlGmQQJcYUxQM6imMUKR0IKAiAhBIJkRZ/WUgDaxyzVbQkQR9XOqE4Aw2kDBWEmGTECklxKIh7HvBojkWhkKAFNIIIxdTA+80QKAYSJQFK2MXXUOioQJSAaaYOUH28fXgX1ikZzUDNClgmSEpGRRGmzpXo9ksAzsZTtiAiAAoERcGQYISjrlZDZVLzWbjo+I0h2xHWI9aa0RFKLO7pjPpy1hlpDEefIkFBXBCAxZmxfZQr6jGWi4GYSJak9W4aAAKRxPtUgQYFA8XLKxkmHfDgQfaWO7qYiPMtOgXL2BsjppPKwaGin7drMKoxWlPWBVhwxBuu3baONrDwxCkdKEARCABEID3tGf5BBkWY7tScm7OhvoLUJCI3uzwQRIWNQq3pIJZIEUiIRCQkkQSJGkY6raIawERWjLcBQkXmKT1nVxow2uVknHCxgGASbEUECAQoElJIhQ3t+mwAJkuKYcSQhgciQhjti1IRLSbtNwIhHgnNgDBhwSYxziiMWVRBBNhqZEBApwSuYyRV6uwkEIJlOlgXPDaq5lNbgDFik1Icr+ZQSABhlTGao69QlAMukFAQQceMzIxgNAVI5UURSgDAerpAcJGcMgeknBrSKQTQigYzcAAZEjIgEcOUfAoAKJII988agW/mJStChRAKJhCi8B13tvjCkiAMAIiclhJRGlQIkEWcQVUBklGZEyrg0I5BEIpIq/SqBMZD2vePomABBVjhAJJMWF6azejTRvtiJqUgsIwAhpOQoJYEKKIDhLeUGZ+ql4ZoktM2IjJBQCAbAKzGzRIegZRgzQTRGgIRSIK8IQKxVKUkgyyRJKSWIDKGKMUdBJITmGtRsaFjXFfUS6IeBgTGQpA6vRgTk3Of5QLHlpCJZtlS8p6sLwGLRG0PHY00QpGhbOhEVSsLSqcnxth4sSBjoYUxljpVZoVWZSxdZ61mvhbxvve7W68s5JLvpe/rGt1uoJ7pd7ot8RDiz1Q+6lyKn9PIPr/PH91NtzpMwX3nSOa9fgkWFOPQOxQTlq6td8LGXWwKE29Euu2XbOIFn0FgEr+gg2KUYbDro/EnzmnQ3Dgoqwrw7l53AjwhQOKk/stE4bkp3swCbR7lhFVXeTQpw6yJTYZDCSWaH8zA4ZXwd0OwYGB2BJrWrBmct2JtuLh+4V3U5VOyuBRREVSjIfwYyTn8sjG7+tvtB1oTDgJ+N4QMeWn0cGZyTpnJbkWigBODAGaByCmy43gFPHkv4YKJROT41GMdMNyMUJCJgVVbjUQQAAiiFJIOMVDwYkHPGkXdDBwAlMh3OWhllEcbMvnvP2P3oCTtVg6onVgW2+gkoYyF4+PaJVRl0kmTE46HG8CPPzh8aaBx+yIHjx0xMsxSlrFTigebg088tbjUbhxxwyNjuMYlM0WXBmHKBtD0IBERSUJZKJlDFioHLBYuevurf/96yeev+B8274G3vnDx2EmWygpG26IlryQyIgAxAkiD9MKy2i5AIGWMIS1YtveOOOwTQ6898/aw9Zg6lgwhMUCaIhIrcqyQdZwgUsai71hlBxIEzYP1p35+vuUw0s7ec99Yx9R5FhgoJO4d23nb3nVu2bz38sCMPn3eISDOQUpBMmZARMGOJEiJDAgIkJKmym6pEjBFAxPmy1S/dee/de02bdsyhr6lhTJkkAEkSK8iQbrjplocefnjWzH3OP/u8ST1jJUlgiMgAOM/rc02ifqZFpFlHvfuBx+5/8smnjjvumAP2P5gBykydp2R8WWVe6WgF64gqatjM2pgAAggAORAASpWMAPDOV1GGDEMQUuq6L51ptMwKQJnMpGTIo0p0039ufuSxJ6dO3+NNbzhn2tiJj7+wYPGi50468cTZU/YeaAy2soTFzFQaOglngztGYBoO9XW4aWy5y7mniEbItfGoQq3jtLzxHkyzQN+TejzO8BVYo4DaP7mUt7VyMdHQljLmVBnARvv6ktRqg+CmrlwkT51QOE7YtgywwMSxItVJXyIiKUi5oOStAm2OyfzSfqh9lEW7oeSeoAMiUFKORRXs6cEogkzIRgOSlmwOQ9oCKSHiyKtQiwEj7OwCxqjVAilRuwGgX8OsUaqf2PTMN1Ouro/GNTWZCjaNd1f0rRUkQx2KAcmJ8WoNGINWS6SpZOr5T4xrNZAppKnECACFefxVlcA7ww4AVDW6cqGVWSiACZm1mlmr0ervi6r1+phxyJiQEoRgmSApHVMY9Issy1IixsEajFqsEyADzpExEhIj0m/GNbwrpYA0QylRZd6IQAIIYvVYVmtEEgGBc2b8EBf4yTKZZiQyvRiGIDJqNiARph2YeDwAcuVBARBIBiSBZCakyt1JE+kHROACGUfmldGSEUWKHohICEYEiCziShQRIidEIRlJiCIBRJmUKJWbi0SMc5BSNodkJokxkWb6fCxUpTdKvhCABGIuioRoIlcAQpKESArRakadHQKFzDJAZCSYFMrPNW85QADAKOKVGkaRiRtaPSpJZJQJEJKIQApEPZOiCIYMY844x8YQZcIIaSBTWqyfaCdiAAwZJMOVajUdbFBcRR7FtZry4Yd39svhZkUfnaeEvJKYzGw/WEdAM54qtuUMgKtIhmdGtpFmgewwH8gK6Ly0tYITEY1UKRNuYBxFR6z+KACgz0Akcu6ND2ROUAdZLDLKxLjfOZfDrsWEQdG/6a3Fa095QTryFZjgFkjznWtGxk4Ne3lmeiEdbT4Y501RUJivs1I+J/zz7hbaNh64hbUYI7ZEGYERF/YyYte6oL7ZW3rtwsstmACljS29uZSmoRj3HJeuq/I1HebGsTellCPs+G5GAVRTu0km2Bc2A49t7J0QLD2OP3UJfgI687nGMVhu8nygJ/8hpI1As3noLTdg/PGLAZQcXyi/2sYarE8CHqpLvcp8YbRdglGSDnLPB/fhCepv2422KwrcxaXNNgs9urv5bfR3SLtE2hovlbemT7DZ7h9rQehkjX5GgqQEgo6ojpxtSfo29G1Ztn31wnXPrtj0ymAynGUZSWKEMbKeqOug6fvNnLj33mP2mD1m7zpUh5PhTIiIxxEy/zAY1AlCplWYT0XmTz+l7K1EG4iSABFTkdVYbdOmLb/4+S+efPSJL37ji5/88CeyVpokzWp19GML5n/ly18f6Bu88Euf+fi7PswzlslUH2KBwBCJMZ2Dk0SS4ijurHUy4AKAA3DAVavXX/qbSyCjJEk+8qEPVTuqSdKMooizWAJllIHUzo+yE6txhRMzFGMeRwIkoOeXPv+db3+3t6tn3Jgxc6fPrkd1RCZAklRPqkkEJEZNahFAq5WsWLFyy9btIs0izuY/9tjvLv5DR7W+dfP2/fabB0xMnTx13n7zOlh17aYN3/7a1xqN5Ke/u+i4A48EHhMBIQkpW7KVQiZAZxnJPBsVUcQYQwRJUggJiBzp6mv+/asf/vzIE4459K+HTe4dL5RVCyBJbh7Y+u8rr7ntuptPeO1J55xzdr23R0DGABlwABCQSSmNm0Xm2U4ACVwykjKltMbr6zet/vrXvvXcgmdOPOuUH/3oRzMm76VL+CqqiFfJPCQJEeNDydCfr7hi/foNGGGWCYnaq5eCGIsYRyEFRy6kbLYSXonsw36VOE7SJGu1zj/vTUcechQSI6GkvAGPQIislSQxiyGCf1197bV/v3L2gfNOPubEjZx980vfWDD/yWNPPPqCd1xw5plndnV09TcGkRNjCCAJmDVl3NMuJrriSYq84CGfX9uI0V1foSgvCcoaPZ2zRYLPvkZGzJlxefcvV831qqSaJ7XaXkR5bJAzR0pFeRvl4T0sQECSQAgSQmaCRGYEhgeYkS96QHWIhhd911oWQd+WBHGMXT2YZXLD2nTVS7T6leGFi7JNG9Kd2ylpgpDIGcbV6uQJHXPnxHPnwYz9+LSZWO+kVouaTdCHAJEPqbI53Rrcv4EJGwTOjbEMYIpRGUmR8p7uFx597I6rr5iyx/Qz3vjGURMnJ0Ai4h0Rv/e6a2+8+m8TJk3+wGe+OHnW7EaziQCcIwOmfBUAHb8BBGSM4ljVDTDELMtEveOhW2786x//OLBxy7vf+fY3/PcneGcvDg0i5xDHKASkqXLydcUHQbWjXq1WSNXDWtgZqjJ57TbzCHgUnA6mbVuCxrAcHgRVT0DIBCU7dhCk1c5OKSRkqZQSgEiouCepqk9EnewDRjJpNgErHd1xVJUk0aQP1XYTAwBGRJkQHIABcM55rQZSQmYqfhVcjOn6T2MQAqhHLgGEUGExIgIkmSVSSMkjRGARz4S8/V//uvLyv5588mnv+fznsbsnEql+hSmywQ0b/vTrXy5c8OSJp572wU98MuuusaSleFYQEMlITaFIUUrgjIAIUSpJKTJC4Ah/+OmPn3/yiTe9/R3HvvEcWa2AlBVJkAmU6mg9BARCZAiUJq2BnQgURRykJCFQkpCk8IAkKU1JCCHVQXuMRAYykwyFlFmWilY6dvqecb1TEiEy4ty+dFJKKQGYBJSy2tlx2Y9/eO+999VY/M2LL54+b85Vv/vN4kcfP+bUM15/wQXQ051s30qtBDgDEigRGDMeixNMhIionskAzZqglVeY7zIxAnA05kbxhUSZCMoJ6JyxmHeQzIAlVWzg7hcvrzrCuRyFoKEX8y/cyl+eAG8HTMFqz/kwBSBz4sV8+D9exfySAQ7Bx3CYN0OvHZRtRH4z2+FKCc/dqaF1/hD9v7DsESeywjzMThey6/9nD8JdfgR3l209mDRz2Si2+bZIXEEXO6nZZv1VcHmZpeJCsc3noE1h2IIhEY5gqMYBmH/+0Xmzu0LXyHuzu6nmUmwG1O0JNe8K8582YrZLaiGt4Hdtb+asEp80UQuTAr3arpq3EZFpZ1vRke5ntt53sVHVYhKAV5sgyRzPmcmsk9UrUX11Y8Nty+67e+mjG4Y2DIqhhCWJzDKVmpIgBUIqI2BP7XgBGXZXuo+dfshZ+55w6NT9R/PeZpJIkDFnOuipynlJWiIy9RSmbExHgQIu9T8qQKVUFWW4cPFTD9x7fz2qxLwiRAqZpIxkIqaOm7THlMm3PHLjDf++7tSjT5i550wmEFW5KYsoAgGZOo0QCeOo9tIrr9x++53DA8OtpFmv1ceNGf3Yo49x5BBj/+YdN193cyNppa0mQ2wlyahRo04/9Yx99pqdpk3GGAOGDPqHBvoHBmv1msrBoDY6oVqJRJp21DoG+oefWvDMCceeEjHicSQkiCzLRMp5RADAoLu3u1qtrV6z4lOfvnDJk4skIjA+tGOnSBMA+M5Xv1WtVSVl4yaM/8q3v/5fF3zwxZdeWrNqfUe9e3DH4Iq1q4eGB6DCKIOOem30mFE8jplJRur4uWQSpUAppWQCQGDMo43bN//ntruGB1qvLF3xsx/8pKuzR2SCUDDGTj7xlHpHZcnzS3hU2bxxyy9/dhGLOJGod9TiuIIk9z/ooHPOfGNHtRNI6AOVFA0TgCCRie5q18a+jV/+0lcXPDifMb5h3abhVhpB1MqayBmXETJkwFSaTpJgFA8MDf7+j3969slnkHPKUv1kFo9qtRoBtBoNEAIAeK2DIyZJU/3pX5MnjTv8wMM4j9TxU0zFXYFJKYVAmUrBMpHCjp07s1ar2WglSbJu47ot27bs2Lb91utve/zBx0993Wu/8JUvz9tnbiMZEiCRoYsleOofDZuSqZd0PF+Q1uhM/YCng06mKChvDISjBVE686VyRmE3rqIMKatI8UphCrHkXJgw7yUa96kwpusDRNYKsaM7E4TyfXcZe7a3QBAJSUKAEC6Om98Otwm2xJXMA3h6ZAGEDLu6edaQzzzUd8+drSVLk207mMyw0YAkxSSBLNWOEGK2ZfPA8pfp7nto7NjavP2qBx9VO/wYNm6SbDSo2UIOpjhA5WtDw9NUBNvjaYNggYl4aNGtHrPnCBIEw4jx+Y8+ctFf/3bQjFmHHHFU17iJDZGmklfi7iXPLf7nLfd0Ruzwo44dN32vTAiZyQgkzwQnEXGu9AMiA8YQkacpr9WgUgEhYpKQNZY+u+ihRx4b3zlq0t4zqt11GNgeEQCybLiZkeCVOvIYpCCUiBGm2QuPPbr2lVdqcSVLEykzdY42ISJjURzxKAKMWSViHDkAqdA90xogzVqTpkybMXd/xjklqWQ86u5+5PJ///h3v4tqNSKR2BPSVKBBKSup+IoRQMRgKE0P3Wuvr33725P3nZsNDHDOiaThXiRAQpDVShx3oSRoNAa3bF7y3OLh/oGIYdJoplkqszSTGRFGjDHOAVWhbYQIqsqaIUPAShzxmNXr1akz9x29xzTJGDKMGBvoH7j5jttufHxBR73n3B1bexEJRBRFAAjV2sZNm2++/bZXli8fO3HKti2b40ocVzkHxngUMc7iSGQZmAAIOROAiAFkkgCjztqtf77kd7//Y3Ogv17vOuTEk6PJkzBJhTkgWDuHinTiyvaXX/7Cxz+6ppEwhomUABQRoZBMEgCkkppSEIAEjBAzgpSECf4SZ6yVZT/55JdOe9/bJQgSmZQSGCqUq6f6QRJmWaWne8myF+578qlxUUcCOLxp/a9+8NP5O3fue88DDz/y8Blnvu7w44+rdtRBCGb8A0vQjtXVU74qMMGZlvyaOkAScIsaz8YlUxbtJzo8RsdQepTKjLJ8RS7speU/ullMm8CcRfAb7OZVlgLU45OHKN3Y2oih02otQPBQEaSFTAqzEGr0XD4DTR6WEMS8Z0jkSVS/U6Am8h3DQSwMaFGa3zsDqpahYBNatioQzF1jgwVi1Bb1OPFqqcVsqK/4LBhu8MJVVFUlbcp6F5xzsMrVHzxAQoF4/TUW3fXc6P68NnjtVm8dOT+ubXfBaxbCVIKXEj9NY1KP5Cs5n7+KnFO0any/l3J3ylevxiEEtMEgcETk4cSMGmxNGyrNfxvGsPwe/gL1EGg9yBBmj3eDTwDQ5vwhJaktfRXR3vYB5V36rbqdP49DmBcSNC0QEbnJJxnnU++4cT7dOg11uf/Nq9QYQUZEQvZUe9YObbxu0V3/efmRFf2rBpJhFiPnrFaJa1GVKdIVRAKIA0lK0rRF6fbmwMbntj6y8qkDJ8w696DTTtvrxJiqjbQRsUiDg4DqkFxdORfIAEWYihC9EAWZ34gSOWCaZfVqbeOOLXfcddfQtr6jzzrjjNNO64jrA/WBeq2W8uyAOQd89vOfWrly1bNPL37q2af3nbkvViSDGAElUAItEMApQqJMpJ1xx6qVq370g5+I/uGWyHgl7u7uTIaGhZAg4cknnlr07OJWmkEmK1GMUu65156z9p6z395zWmmGMYcIY4ieeOrJL33pK9UoliQpM2oSWRzzof6h1mArTZNr/3X1Q/c8ACAJQQqiTL8/nRAPOOqQn/3iZ9WoPqZnzKknnhQJHDt+fE93z87t2x6874FJkyceceRhDFEI1mimY8dMXLdj85/+548cuRTiZ9/94W/jX2SUYS2iRNbqlfd84H0f//B/N5MmMgCBBLKCfFvfjp/+/GeLn3/uiMMP++ynP91T7UHGbrnjzkULnq511Hds3fG3P12WtFpZs6XQvvOT/ZWO2qa1G0SWLV2y7OVlywVKmaWgjD5Bp5x1+oknnNpZ65YyI008SEBCCpmJ3o6epauWfe3b37npymulELzasXHdppuuu2WPj0ye2jt+OG0QESeGEq1+yyCL4ujMM888/JBDx/T0NBrN7dt31mrx1i3b7r33wSxpnXP22TNmzGg0m3fcddfKl1466NBD5s7br6OrEwhqtVqaNIWQ8+bNS0RDUsSjKIpiCQAkEBkHFkGt2l2JIAaA7s5OAOju6uzo6Zi758y/Xn756pWvXHrJpTdefd1Vf7vyiCOPmDxhPI+iuBrbaI1HjVjkYKsHctwbNDWJyqCbddg8fa3MhcCeKL2swh453Jtz8jwYyxVnuwl9ybV7UswpLA8EfehyzrP1Yq7lwLeBCED7tKCKbyWRlCSkesKN0BywrZs5HFgrVkXFDMAAJCGOeRSJBffvuPeOdNnSbPMWkiiBUxSzSpVVaiglZhmRCoQBIROZxKEhaA63tm5uPbUwefyB2jGnVI87lXp6oX+Htv9koN0DZIIv8wqUYnCIAEJnBwWLK8mObS8+/8JgszVr3v5j95nNR/fWRFphUcLYeZ/85Np16y765xX3Pvz4a84+r9bb0xoc4iyOOiIECUmTpJRKLDOMK5W/X/SLW2+9VbJ4OMlSmXGC1evW7yRopc1v/fznHf9zcX+jGTE2qlbbMjj4tjNe95EvfAFrtbTRAEQW86jZuvyyyy+9665aHGVpKrXQ1tYpEnQwrPM44pw4piQzKSURQ+QIEY8ardbrjzrmWz/6yZiZ07PmDuAR1Krb+nc+tGRpB0APgAAg0EcOaZvbGCwpgABoAfQB9JJoJAnpogVNgcBQMgaMccZgcGDT5k1RZ9e4yXusX7Xy29/85pJ1m2ochtNUgaTMsgiREcUAnEfAIAPIJElDozFjwFlXxN9/9ps+84MfJEQoAZGvX778uUWLpo7q3bpjyw++/KX+wQYhZY1mzCvnvfW8BtCmbdsq3T1PPvPMp//7Ezv7tnd11IlIiAyEPO3YEz70+c9hFCEAAAPGBGPEGQJAo4W1iPP41ssu+/EPfrh1YHB8vXswyXb0902bMbMxsJVkJlEd20ugXAIhgUgCNYcGNyx9OY6jhGGSErUSgchRJBLq1Upvd3d/s7ltsCFBVjmO6ewiITMCENRsNSRQIpsAUqYJj6usowNYpM4pJ1Lvw5RMEvF475kzRnd2jB0zoWf8mHjipG/97AcPPfrEHTfc8qcrrrjh9tt/9aMfn3H+uciRWi0rKL2qcq0sARGAAXfGC2jbMZctc7Jnt+wo26uNWAsiaP77C0qHL7P1qM2JbgVzfyRnpuQK3bpS5zZXVxgOXu6ctJtkJGS20y+7nWTbnWuXeUsPVM+H9L823xZd0HLMh1pMITPX8VXsV+m1y6Logvde6s3/byfPDVPAcHmusnyQXej/nB2Sz8EaFrORnHZ0GzrDOUhy5BoMQxDcs01zc5UttgTnbW6WXsqW2K0s6MiGU4H81OX8TzeLlpuWGcgYjgCFRaIuabUYIlfvra0vsshFh3knCktiSCHcyrVDndcM+NM90Wx8PCO+/W2RCEzIJIY4rlUfXLPgDw/+/cn1i1oyrVaqPbU6ixgwAiJKM33igwSdy5RQQV6JYkBMRbphYNvW4R3PbV3++D6LP3rEu6bVpzbSYQLkxInZ07TMg1au/g0RgbQxqOwAVI+nWGwjAGSAGVY6qg88+uD1114/Y99Zhx15xI033fSb1auTpCXSNEtkz6gejtjd07Nt645LL/3b408uUEcXZkk6MDDwmmOOev8F762KuClbHJEBS5N0aOPWrs7uN5x/zsGHH4wc+nfu2Lmtr1qrtpqtZtLiyDo6aoueXvzQPQ8ODQ4LISSAkOqpGwaA27ZvX/T4UxAxHnESUhIhMBICGCKLuro7o0rcN9i/cesmEgSphPCK61UAlEKM7ul9x9vfss9+c+odHXvsOenZpxY9s3DhhCkTX/v6MyMWTZ+5z+zZczmT//jH3x9/dH4UV4UUjeHhITm4YeNmkBlIwFql1UgZslgCA04EgBhjtHbdussuu3xg6/YTjz6hs95ViasvrVrx299c3OgbnDl3rhTZK8u3VarVgw47+NDDDuvq6d24adODt946NDg0Z/8Dpu+915IXntu2dXutPuqAAw+eMHF80hg64NBD4kolo0znzCWSJCllBXi1p/vhhY9997vfv/fWuxiPznrzucM7+h647+4//uo369as+eLnP7v/zLlCiCRNGUqm5BGSoLSz1vmFT1+IFcxExhAEQcSiv//rHw899HBHreur3/r6kQcd2pDZpne8fdXLL735/PM/+dlPY4RZljDEVqvBJK9XqlImlUp1/tMLbr/zzoHBAQZcmYeITApAHtU76itWvBLXO7dt3f6HP16255QpjdawEGkryUZPmNDf13/vPQ88/ezz5557zumnnJJlmUTSR7R4PAtogyIuTK0C9Ej+uymsMWVaYVshRR6/q8Iz+9iP54vmrQU0YsGEJg0wAa+HM+SMGAtgqBJQV5J7brBehO8pucXlpXVuVD9j0C63Gcbai0IvF/HNrY1IghQgCFUKVApkzBZYIZqnzvWSfG8PQT0bICVUY5Y2+v/9z6E770g2b2VRjNU61qtMOadZJoSALEOR6YcJkEEEGHNWrUEcAQA0GskzC1vPL6s9+Xj3uW/H2fvLnTt0rl7YbIUOCqItznUKGsA4yhr/RiUr7Cj/s1qvP/P4QwsWLphSq7321BN7a2x47SpBpLyXSeNGnXrMof+++eYn5z++7OEHDjjkECZARnxgqI9HrD56HKtUBY+JiJGEavXF5ctvfGT+GI57TphQq9aSNBlbq+49b06aJTs3rd/aTBmPgLP1zdbygf6j58wjAuBccM44AAAxnDBm9J71erWjTpkQQpIkIkkIccRrlUr/0PCWLZsJqF6vTuwZPWrsOIzjDEBmgoQY6NtZi1gmBQKHiAMACFmp1TsZmzZm3MfedcFRJx7X3z8QV2OTEiOSSFIKmQkpk0zccsftl157Y++oXsaRCCRjZFArCQRAJa5sX7vm97/8+QP3P3DB29/23q99Q0hCkWJzgMXVmpARj9QRRSIldV53kibbhvskAAfortQrEedxRJwBQXOgMUwyZRFyDpmsRFGjv//f/75qxbqNE2vVl1esenbpsphSxuPWcDpp4qTHJk58+oXF27fvjBh7pW/wpeXLuypRmmVSQgRAANN6x4MEyRgnBGSCMRlxAmBCVLq6YHjw6ssu+e2vfvXC6rV7jR4zqnvUE4uf/t23v/3u//7UIccd28qStH+Qq3y2YU5qpaMmT/npZX8XaRaPGS0yIQUCwvP33vPdb32dR/jjX/x6xpFHSSn+9O1v/fXa6//73e+74MJP8yhW1QlJkjS2bZ6017Ss2UAJlDWyHTshSwkJgXOGyDkw1hhqdI3qgmYTCUBmA2vXjY7YqaeefNzhh03pql30t3+mFK3etP7BO++Yu99+4ydNUq/6MuynOdGc7quy1MyKTAJAcA92+BV8pZfNNflJmt0JlBXrYwMPxJko7it3eKIRPrkxVTFI+OyUOX/Ic0rViHZSgxsCc44oWTlKDpg2iY1dm79e2SeR+TNnZ1uM5XBBATawcKyTt658Vzc7hOogt6JcTs+193UHeWPq5yjymg7DxyzRHFfpg6psfecfhgcR5eihSBi7WXKJeV3mIAf3tz4cQY/sfW/buChziKiAkPIKMRywoEzdRhtfsZxTDMEYRBkRbD20sgh4KUigjzkosTfarqJwE5UVhf7XqDRmQBtmoe3qp8IoQ2nLktxzfixzhnCuu6Hq3CI0/IZ5fIDawgbW//QIoHiVvd4zhMYjLDSeoP7aKFUysT7zq7B+1csXGfaDkdzW/yRjIYMR9GoaYwEZKQlAHHgmkw5WH8TmpY9d9/cF164Z2lit1LorNYZAJIXIHJPYhIF5el+iIJIggXPWUYmI0aZk55WLb1++Ze2nj3//0RMOTdJEADFCdZJDcRv9x1BdBMunIgAESLK0s965at3qq/5x5cDG7W9645sOOPDAb3/1my8vXWqeKlW4iOKOTgK659a777n5DgAEzoEhpGnf4MD73/5edWQERwYA6jj7zq6OAw464LTTX9vft32gf2D8uPFTpk0e2N5f7eioxPXe7s5f/+bXjz70SL1Wq0QxAJAA4voMYwRkEZ8wafK73vue408+du3qtXEcCyElkZAZIIlMSpIiSyVJkRGQrHfWK/XaHdffdtsNN/f0jIo4BwQQcvHi5371k1+KRMbdlU0r1m/bsmnH1u1fe3F1raM+dvSoAw49mEDcf9d9JIgxdvBhB3/vxz+JEL73ne888uDDJ59xxrved8HhBx0sspRzjvoMGkhl+sj8xwa27pi7/wFvfNMb46i6dvO6n/7iZ8ueWTxzzuzv/vg769asu/hXv9m4bsNxJ5z42S99bs2aNZ+78HPbNmw88YzTv/e970ybOPVHP//JpX/8y5w5c7/67S/tu/fsLBXVaq2zUktFxoBIEEnixLorXYNp45obrv7Fj3/5zBNPAOE73vOeL3/lC1u3bvnuN+V9//nPFZf9fc2qVR/96EfPfv2ZHbWOVitpyoRHDBElERKN6x3zs9/84o477xrVOwrjSJB8eemLg30DUVz94Q9/PHpU7/Bwa/7jC4jg6quufvKphY3mMBDxOGokw1/83OfOPOW0gUZSZZVVq9Zd+sdLN2/cCIyDyIxZw0ESAKt3dlW6urZu2nLxT34mSSVXgKmjUADuuvm2LM32mTnrzNeeSSDIvlTVamrrDJBlY6OoCnIBtMTRVpUnGawYL+tgXVDDzmREPThBhCQl5KSBkTQF1w6c8DRSxTcaAAri2zN8/PhxEO8v8zl1o5yILysushaYM0o8u6GIm5Fj5Aig348iiKTQB36ak9bQOnHGEtQ7iqjfpoEEHR2sf/P2Sy8evOcezAgqNahWCJBE6u06GsOYAUpDWiCJQApkHKuRFCSHBocefGho6fJx73lXfNwpYnAY0tRlqZxZFa4HvX/I4V8hRz3hJ5OEx1Hat/2mK69cuXzlBz/0oS2vrD77jeesHxysqbeRIAJnQ0MDaxvNdS+99MHPfHZyT08HIgD2kagmybe+9Z3XvOX8LE3NoeDY1dHJGXvTWW/82ve/NXr6HtlwixBYVAEgkaai2WIRRxIXf+s7v7r8n51dHahOJ2UcETBJKYrec+Fnz/7Qh5AxUGf6IJMMQWbIop4Ir//jH374l8tAyk+85/1v+sQnOGcckTgHIhIiTdJarTZ69FjZanHOpdRaS0jJGZt90IEHvfGcdPOWuBIDZ+YloggIkGXAMUuzZ19clkhJiEwd+2SsdfXDAFDK5xY+c/nf/tFR65w+c1/I5B6z973osr9laYoRp0wiMpBEJLNWVo2iHatW/PZXv7jt6UV79o759Kc/feRpp2ZJwisxMgAWkxQgxNhxE5JMVBCjCB66765rrrxiXO/Y97zj/FUrV15/y62dPd2vO+3UN7zlrYxF1/77iqcXPXfQ3P3e9d4LJOG111y7ctnSsZPHvvmt5x1xwknJcGvipAmso67CZNoVk0QRq3T2bH7++X9c+ud/X3PdyvXrD5o24wvf/OqW9eu+9s1vXX7rbSteXvGeD3zwrLecWxk9pjUwwDLBK9w6MHGtY9rceasWPT20em3v6LGi1RRZkvRtAMoiino66rXm8NDgjlbfdiYEpY10+7aBRpNIJK0sjmD6vP07esc2B3d0dPc89597f/qTn2xvNQAxZeqIZJREaSY6apWd6zYgQF9/339/5KNpzBKAqFLp27Z1e7PZweDKv181ODzw9S997Q3vOA+leTAbHOVr1Q7gPRhs2Ey6qH3RYs09BmjzVzl+KroKNs9Z9DT0yEU5E7qa+YK5sA3Yh4rCSXMTFUVZ0YovzauUikEcOQPjGZNFyztskpe75Fniof7Kd0T0QpaezwA+QMG/Zp1JB2tbox+gbDu8uaz9mn+vhn+NoCY8iVrybbuOufuYe89i0Ur3vsrpNwWEB5A1+82fIa3ncGGn8wHy60KLOtk6Fyzv37p58r5X+CHnODsgEXMkGszfjh6t7cOCZhhMW9I5BN7dtkEEDUBxD9uSQ3kooTiR3m67hWU+XpvAulkLQVFAGc6xpmUJoLn6W9t2F2swwxV4w5/HRdeMymzPOVCGRlJntyMAIkP9BjXNoWXRDnvWFrrXgUeZTDp4fXva99N7L7l60e0tSDtqXTEyEkKAOgDYBSydeWQscyJgDICBZBKQkEE1jqSgx9Y/s+mun37xpI++bo+T0yzNpAAOKp5phZOCSEIAqprPYYuAA8tAYIwshhtvv+mO2+9CgHq9euQRh//Xpz625NlnJ02YWK/VEQA4CCICJKI0TZMkQcJaZ70WV7du2Tb30P14zCkDjiwjofaOAAb7By7/89/+dfkVwwNDIhX7HLDvpKljX3z+5THjR3d3dSHCoqefVW8FICCmdlAV9wEg58igXq8cccShZ596VgJUCaVzBlJA1swSSWmaEkkZx7y/v3/+g48CQq1W4TFXgnXdhvXPPDp/7JQpZ77hzDH17rvveKVaq73lbW+pddZ+9I3vPPHYYyQEAHSM7h0ebgqQBx16iJDJ8MBOEvJ1rzvrba97UzNtkhCMc2XDMWSbt2+745bbUcLceftNnDqllbTuuOv2y//8FxD02rPOPPO007NWNjDQ9/Of/LxvcJA4X/DUU88tXhx1VM96wxuOP+woADj7nDcuWrgQqlG9Xps8fmImpEjTTAiBmAFFwDtqNYH05JKn/3X5P/999dXrXlkTRfE5b33LhZ/7zF7T99x72h7f+/EP/rrPjBuuv+n+O/+z4pUVjz/56AXvuOCweQfFEA2nLQIikEzSUDp02213PnDnfwIS55FoDN949b+9W+yFRYteWLTIb3XGGa899aSTJMqU0r332vOQww9pNJM9J0/J0rTVSjFixJAyiYiLFj23bvXa0aN7D3vtyfV6feu2LY1Gs9Vskcx6OrvjKN68bcuUaZMABdnyTR2qsfkFn1QDdvSUG1nLCpj66PM2tZO/ObOmbWCb3Evq0CiYkWRHyQAjuXMjf5uLgeWL0HKVYeGw9reXevXfPpKvzymfXYsiKyZMBylBSBAE6nwsK+T8qCOZjgyBGEUMhMB6Bbdv2/qHXw3ed3fEK9jRCQggBKB5JSaCOgBIneQDUiIwUMdcMa5ftCKJ0gwAocIgJbHqlS2//tmYbTurZ7xepoKEUO8CCWpQyOCFBQa4eaCMQBIxJAJiiASYJtVa7Z7bbr/rrns6q5XjX3uyGBxgN93QXLshZZSlGRKkaSIBp3d0VBBbGzatXrO+FkdxFDeSZMrE8bWOurUXkXEFSyzlxo1rb77++qizixFGlYhxlBlJIWSWAImYkrVrVkRSqhdAKVeJKbeY2LgJk8btsYc6SwcARBxniCJLOrp7X7rvnkcef3QgTQ+ePv3Us984fb95raEhVqlwxhl3LzGRg4PYaiFjphgIEECA6Bvob2zZPtjXF8cxY+ZtwYwhZ0LIKIqSZrMx3EKAiOm3YaNHG5gJHkPWaix5YXGzMfjOt5537GmnZFlWGzNq1tQpAVFJIikwikCK6x944MmXlleBn/ia4859z7u69toLhGCcY5YBqdc9cWq10kaLgXz2oUcvufh3QwPD5511yke/eOHO/v7RY3uuuerfo0b1HnfG6Qvuf+ChBx9sAR575DHv+synW0PNbHD4N88v7Ygq+8yYefQb3pg1moyBTBJGAKq0FbHW3Q3N5oLbbr7kt7995LH564eG54yfeOGnP/nac980sG3z1jVrfnXJpXcuXbLqR99fuOCx8y9498EnnJhKmQ4NMCmjagXVgcPN4T/89Cf/eXJhjbGhVgtlBmnChGik2ec+9akkk0JkjWZjVC269qZbbr/zP1mrwQnTKGYx++bXvnPqBW9FYDKTca2yed3qJZu2EEALIAaIAatRFRjKLKlUqp0VjoAvv/B8n6mI7gIc1dFdr9aGh5v9O/paWYsACBgYnRlwLaKRkM461wrWyr/yKtdXfY0s8WyDYlVtUFFSFFDtXT835u4kzXLuRyEF56az/iRYeh/xzRxel2A6P5PWRu4qXWATZXpRZm3BSguVri7Nm8v37gJn5WCUzrWLhRehyrkXIfaKM+6uXi1HH4Yt8hOUDuP1todMFM7tsyP4942DVOYA5T8X4SsBXdkV5oR2KKUfdCncApnmRrRk0Hb7AwvLG8i5Hru6cqaLTpIXupbsuOEldA5IET7X7dUScHsGGwkhUem+5+PTI0wJJY5lPrNcJPGcraoTg4WNITIHtCv7DU0yUR+NYpfsct8eaAy4JFGPqoNy+Jf3/vXKp2+WMfZUeygTRJnWFvZcPoZO/mqYSROLygcwIEaEkFHGGKt2xq9sX/v9O34rTxGvn/FamchMSOOC5oOXkvKFqYYGkCMCASPsrfc8sOCRP/7+L42BfgDYumXL2N5Rn/jwf/UPD7TSJGllUcwizghBQgbEANVB+5mUWb1a66p2R7zKGJNIyJlX2wucRxMmjRs3eeLAzoG+nX1d3R3NwWFEShtJFqeMszTNkHOQJvymzFGzByIRw4NDO3fuWLd5/S2339XZ1VWrViKGCBhVIkmUiUxIlZ0hzqPxE8ZmWWvrtm3qfeURw0xkMedRHAHApMkT33nB23cObHvi8cdqHfXDjjygr3+g2t0xavTofefMmTJxj8OOO/TFxS9cffXVH3j3ezo6agvmL9xr7uxTXntKlmaiJSJVw6bf9sBeXv7K/EfnY8QPP+rIjmo9Edle+8z87Be/0NHVe8aZp6GUiUiGGs16V9eBBx3SU+va/8D9v/mtb3T1jjrt5NcODA1mWXr8Ucf88Gc//MOfL3lp+Yp9994XUklSRrUqUdRb7RzKWk8ve+7Ou/5z8803LX5iYXNgaNb++73/ox95x9vfNWnc2OHmcDWOXnPoEfvvP++oY17zu99e/MKSJZf96a/z5z95/nlvOvsNr5+6xx4EPE0lEEUs6uysIeK557/1xDNO4ZXKYw88eM0VV3V2Vj/0sY/tPXMWkLjskssef+TR1539xtefe87osWM2rV33m19etPrlV6pxRYDAKBrMhvebO/fnP/tFrV6RRKN6eqklkyxFxigVcRx/9ktfuHLJsmYt/tDHP3rsIUcMDg8kIhOpyGT6/JIlkyZPGDd6TO+Y3lbaMv4nWZ6yB1F4Mj6nL+xdBEAgF25qL9Dsbim6Qt+qACoXNWp+BPDP+fWDcCVRYc1qWlBAaL6ELUtsLyfWjfVoFXnR7Ai6jxj1B+1mjdCgLXglqlSqV3EKEBK4vR2qYH8GxgAA6zFu27z9kosGH7gvqtQpiiQJJDSKX73DFRAAGQohQEiWZcgYRu5cUFKBNUIgAZkEKaM6y3b0bfnj7ybEUeWU02RDgpDATVWwwpsnUO3r7/Q9k8EDCQASEGQz47XapuUvX/a3y9at3zBp1OhkuHncOW/602GHNQeGeL2DGENVa6FOiAUEfYq0jOK4tWNbtVqZus8+IknQHfpKEihi8MzSJc8uXNQUGQMXG2GGALvrcfeo3opZp8rq2x3MhoezIUmkXgsAKY9bWdY5ZtSWpS/89kc/ufOZ5/fsqL3nvRfsfezxzaGB4b4ByXhUq8X62ALGCCIilT4F/epHhgCErF6r17u70uZwjMgAkTEeR4iMEDKUcUe9Xq3yOBYAnJBjRLoSCMzbbSQCbl655r77H4gqtbn77huPHtMcGgbGskZT6qO7QQLJNEXEaq365C13/uCXv9zc17/fxImvP/+ceM+p2/v7WJJFjKEgjoBEGEfAsFKrsCTZvHrl8peX7z116hve8LqusWO7xow76phjbrnmGsTqUN/QK88/35Xhsfvue/hrDkceR9Q6603nDGzfsm7NyiiqCBJDrVaFswogMkacRdUqpGLbsqW3XvvvK6/414vLXmSV6OxTTvzwhz9+2JmnE4NRU6Z95PvfP/SE4/7n4t/fPX/+Fdff8OLSF9/89vNPe+Obxs2YRSKTSQKAgAwFbdqy8ZW1aw+bPXufmXtnArZu3rh987qIRTNnzRg1evxg/8DSF5f29+3o7O6Yvsfe40aNqVTiR558dN2mzUPDw0CAkmVDjb32n/eTiy/esnr1pD32oEqtOTSMhJWOKoswArr8kr/cdu/9XSz66U9+vPecffuHBkUiOns646jWWalWx3SsfXn13rNmghRSEpogi2+tYmAO2ILbIn+HzD5i4qs8aRb6gbY+U7fJhwe9hzZ9UWw0QlBIZzjWn30XxRrh8nbHli1Ne5asN/ASEUC/2Km87NAbhyCfWPOqUQq+mbeWkgrknF8a6iYYUSGWzlKK0pwLSmROCvfN1NyA5MURjGm9O1cO1aVFjlaxepQ2YtjBR0jOI/CGpcL9ErByd8iqete3JIrhLb6AW9skdDjDAdBLDJYAEtIleOWn/hNGEO6I/eyram2AqXPNvTi/ZW2/Gtcn9XbEaUHTZANBzXyuCKu8YquAEDtg8Wbp/uWosQgbAES76XaXjt7WvbRtdmN0w2ZBW4NsANDnlhtLC80L7/JOv91yfVopIJHkyIjBHx++6upnb8OOqLNSp0SQfscImvo10M9ioHd4ABi7jgExAobAABkSIwCSUgBhvaO2rn/Tj+/9fT3uPGXPo1utIQAAdQbfCHjzEIOAAIwR1KodL6xa9vOf/2rJwkWdo0YN7dzZSlMpZDWq/Oe+e35z0W+44LwaMeV1MwL9bm1iHBtJ89DDD/nKF740feK0hhjmjEupd1gpxLhaOfrYY15/3hsbzaG1q9bP3GfGhPHj+nf2d3Z3j+0dU+HRD3/ww4sv+l0U6WAEGjkHAD2jeuYcuP/sufvOnjfnjrvu+MInP9vR2UkASIIAOWekjq/QG0aMsUOOOeTTn7vw2OOOfnnJslmzZnEeiSwhlPvsO+u4M0/ZsH7zN7/+7ZhhY7jRGBz+/jd/0GgMTZg44fPf+MZRrzm8ziuz9py+at2aJ5948qZ/X1er1UZPGP+Vb35jr0lThrNGpRIhMvUeTgAgSUuWLhnYvmOv2fscd9IxHCFlcNghRxx6wGGMcR7hy8tX/P5//njzNdcfeOiB57757O5a7cTDjznhkKM4izjnqcgQoaPW8eKy5Y/d92iaiBOOPWFy97g0SwWQFOkDTz5037333vvAg8899vTAzp3A2bg9puy5995CZDdef+3w8FCSJFIKINnT1b2zb8eo0WPGjRu/YdXax+9+8KXnlt5+xx377b/vO95+wYGzD5T6TXSSiI4/9dgPvufdHXG9Umc3XXttVKm+533v3W/v2QDw0H33PP4I7Ttvnwve+pZR9Z5la17585/+JElyHiurtZkkXaw+Z8asH/z8h/fcdvc++8/92le/NmPStEaSIECtUqlUqlE17tu67flFz7zp1DMmjB07KFpdvHrdHbdcfNFval3V7//wB3PHze1r9avzNhTlgxWbjkQte2H+Bpj3GXs2uvUkPeZpq1PyNUhlSjInOvxebZReyXTFSH9p293V0vnRdx3zL9NcZT7xboyDnhJzv+3W6YHNUuzDG5zjcH//P/7Q/8ADUaWDIkZCP6mpeV01J+KATAhZjRlVuAQh0ixpVaOKeiUICACUyuQAkiCzTBKrVsRg/9Y/Xjyuuzs+7DXQEkDS1VuZsX1aCJegXVBEomYmI1ZF/MefL3liwYJ6vZKhHBwciqsdU+fO7V+9at2KVc3BIaFPK2XAFDMR41ymGVI2fd/Zk2bPFQRCCMa5ejAeJDCAJsHJBx387ne+vXfihFYmiAgJQQKPWJplvFKtIVz510tfvPUOACThxwoRgRhCDCgQiEfAGLbSru4uGm5e/tvf33n/A/WIM8Jp++zT2d3VWv3K6PEThhMphOQdFZTAgJCAgQSO+uWciDyKq5yToGefeiYRWf+OHRFnjDHKpADiUcQRsiSJqzXGYfVLS8ZyXqtXWBSrd34RolCv82AchHh2wcKFTzw1b+6seQcfBASRMpyUYkGUACAlAHXUapueX/rbiy56eduWLoZjxo6eO292ZaBfDDfrY8cN7+zjALxWBUmMM/XYAFYqBx9//Je+8vWY8SNed3qjlfz7j3/+25//PGffA9/0nndjvfaa08+YNe+AenfXuL2nDWzZhqkYO23PqVOnLF28aOf2nTDcgFaCEcdqBTlilm5fsfyhO2/7z113P/3sc8PN4THjxx7/mmP++7OfmTFr5rY1q9IkyQA7ertPOPXkjkpl7Ze+tGr9xocXP/vsqlcevOf+0153+muOO3HS3ntDtQqIILJKNe6tVT/60Y8d/+ZzpKQXHrrvO1/7Yk+9+9Nf+dqe8/ZP0+RXX7rwhlvufPMpp73nsxfyKK6yaPCTH9q2ZQuvRqq6nITkUfXQ409c/PgDG1aumHPQkXu9/vUgMkhawBA6atPu+U/8AG4ZGpo0aeKhZ78JZAID/dDbO7hqzdWX/mWvmbOOOv7EWmcXiQwZ87nUWL9EoN6QYz1Q9Q3pZyMM+/2vzTBfUJYIpKIv6Po5FxRVFIrMUeXa7N49x3E3Jiy/6WX2/hfyN/CnQ7u81D8uXw2FBaJl39pJcltk4aeS2XZvCf6hUCOO4OYiJ1ZLQ7e7r1xclNbPpxW18+47Ie0mUl3afb07L5VpP/Iuje12Q1PhT9yNAe28AOY1G+RW6J9H0x4k71hjAOvKFPzIvOfmmKUQbcm1yc1lP+fgaAPfrg59fLWXt7Yi2JEKU+tSU+sA+5GTnK0WBkgwwH8J7vPMaRLo/lFQQbAtmMvShX+knJ6TTOQLDNeR9ScB1PsnI179+6Lr/rHwurSaVWt1KQRwqYM4CjgCEKDfl62ncIesIAIwIF2PxYiBMbVJCkooqXfUXt688rcP/WXi68bOHjWrPxlEBP2+AZVBJeaQondCHZoMiMAASUgexVt2bPnTXy+9++bbK7VqXK/BTpCZOmKEXlz+8lMLn+rq6JTqIRJ1/gURAmOcR1G8o3+gc9TYZjOVIDKShEjqSVQAzjiLo+Gh4Wv+de29d9xb7Yh3bt2516y9xo4fvWXztq7RXaM7uznwRx9/MmKo3lhuIEUiykAcecgR/7zi7z1d3ZMnTVm5cvnYKRN7R40iKUQmMpkJ9Us9lgYgskwI2dnZO2nC5Lec/5Yjj3pN76heErLCOQIcf9gxs37/h8uu+OfPf/6rdOdQXImEyJY+9wIAHHP66We8/qzpY8cnkHZAtd7T3dXbU4ljxviee+114gkn1aK4FsUZSCEykEBCMs5aIln4zNMAsO++c/fYc1oiM0IJyFnEiESzkdx8y63/uvRvSZq8413vnDllT02NsV4j51xUqinI+fPnr1n+yvgpk/r6++pxRRJ11DoR6ZlnFv/mN78bWL+VV+Lps/dpJa1N69Y98p975t//QJokyCNAQGSKH2LGsiydOnWPD33so6vXrLzvnvvvufGu5UtfPve8t/KIpQkxIB7HnPPVK9du2ra9Wq+u37iRcd7f3//yihWz9569+LmFL69YwTnfvHl739AQxPE999+3Y/M2xlilXpWIQggE1kxbcYVv3bT9ofseeui+h7pGjf7OF76ChI1mc/z4cQCAPOK8cu0115111lmzZ8yuxfHjzy38/vd/8PQjj1e7u9ev3wQHqvALOmYhbYIYdyYs6XAZLVdgAgAeZSvtb4yugIUVeoDU+9bVGWJWwpiCGhvVVJPbwJavujBUvHnNrcNIxv7zJZ39l9D/k8JximC7wcMmpSVnbZRoSRsbrUEoyXKUXSb0ZusvfdnsstVkkQNq0xgwJodu/vfOu+6Ko4qMmJRSPahpuqstIUQUrZRNmTL2vz7DenswSQlx8M7rmvfdz4WWsCoBSMr/JAlCSpnxWjXbuH7Hn3437usT+Z4zqJVo0W5iFGDsS1NxaB57M7+VOgWRVaPa7df86x9XX91oJp0xHxpuSSlF2kKK/vXr31/050u2NxscISNCXScJHIAjT5Ex0frWV7/5js/NglqVCJFzpqgJgQQRQW9P98yZM0eNHZekScQZI5TEMpE1Wy1eifu2bxCUSgChX4+hNLdGNEqBJAFZxiLRSqqdnTxLrvjtry+7/LJhKeoxG2g2n370kZ2rV916w23nvuttb/z4f2cQNYYG40qFITISAADIgAmQCIhp0gIhmtu3XPuvy9N/MvW+LEJgPOYxl0kiswwABWJGMhFiUIgdOwaQMWDqGVEGDCRRHEWDA31PPv3E0GD//vvMmX3IQbLVYgTIUG0qIZAEEqLeUU82bfnLxRffN//hjs4O0RjubzYXPPLoun9etXHNugs++uG5Rx89mCSy2WSVKkNiEpAkAB+798w3ffTDstmKOqtL5j/x+/+5eMma9d/59IX7Hn9c0mjsecjBex5xBADKLMlaCYtjykTfYOPp55ccfeog7+zq7eyCLKU0k4w9csP1f7741xs2rl+1dl0qobu7ur1Bjy18evlXv95oNdLhZoWxTErGUFRrFcbWbd8phZg6flzf9r7b77nviacXnnjYvd+86KLevUdTliFD5DyVcuz48RP23hsAtrz0LGdIHCZO36t3z2kA0Du2lwNMmTZ12qEHA8COl5cNDPYJSaTS40TIWJplvFZ5dsHib/zPxVN7R3/tq988/e3ni1bSbLU6h1tDjQSJWlL888qr5512am9PT0PK6sDgxT//6UWX/u2o2ftdvP/Be4wek7UkMuYKPrU/ZBnUGZhBGkM60ZYXGWVPb9pglm+Jul5l4kiZxL5U9OYwRk54GBt6MKP/6iTKDx6KKOcE2985289L2oAJPBkXqM3IpTFHoz4CtFm7PDeOj8Z8Egz16eIBSsJ6VweA0lfhsCPNZZeAaDWWaxOayqUj2OlsFlQ1sQhBdep5SBJmVgOzITw0b2EpQYJRl8WFj0RpIcGVYqbo3lt7w8BYAom18n1UWFr1cGBtEr3CHBIs6QSzF1bn5kJEf+M8bRUW7/irAyKyGPacCG3h6EUVH5m2TEfWbbEywq3Ud0JHdkGVCWd32a1OqzEbmHaNfa6HgnPoO0nFy6DOGF9t2BbyZAI5Cozs9HoQC2XB5CpPzXu/S+2vYGHkkYRywaxMNd+T30/TADgLzPPmC/lrcJSFKKTojjqf2PTsJfOv2Jpu7+jqllIgEnIA1I93ggk+WJGgU6hmKiXjlLVuNpiDlEIQEJGgBLLuzs7HVyz8x8LrLjzho/Wo3hBNpt7LTYTIlE3P0D7aq41gbmwyCcQYI4arV65uDg+fevbravX6rVddF7MojiuI+PH3feSCN7+VEFIiISnNskwIAlU9JoFEmjY7O7omThw7TC1AECAIVcJCmZYgSVbqcceo7lajOdjM1m3cunHL1m2btrKIVSuVCZPGZzIDxkjqd6Sqygp17Ou47tHj9hutkHzO6eccecBr4jhmCEJKIdQbbYQQQgoyHgh19vaMHz8ujuPpe+4lsiSVhBwjYI2k8fLK5c8vWiybWb2rAwgiHs3ad9+MeKWru29g6yYuXly2Yuf27Y88+NCCR5/IJMksW/b8C5//9KePP/64E447bubMmTVey0RGICNkS19adu+d98W16rEnHDOqo6clWwxRyKyZJJ1Rde369ddfc12r0Tju1FMOOvCQv191xaoNa5qNBo950kqimLcaKSGJTDz/3LNdvT1bNmz87je+lZKYNWf2Jz72yYmjx73+zNcvfPLJu26+453vf+/55563cNFT9/7n7iwTlWqVYxRFEec8iisMkRCEEJs2bpg2bdqFF36mI67+4a+X3H3bne/8wAUH7LN/M0tbUjCSGzdvFkJccvEf7rrzLuK4fu36wf5hZPCVCz//q0k/W71y5crlK6WQt15/00vLlkQ8Wrli5ZbNW6SUg/1DWZYhYsQZoUwS8eUvfLlvZ/+//nr55b+/ZM6sfS849y31aoUDdnTWpZT1rq7nFz971513HPqZA19a+cp3v/ODxfMX9IwZ/ekvXnjC0cekomVeUOgLTcfKTuSTx1vGn8gHXEkFWsKHCnICxLyrF8AYaZ5e9Pr4I5SLk9KMYvkI/pWXgb5OwtwdTy2Z92gW5OFuX0HP0rDlbo2hVRGCdbatSQlaEarMhSlBBiLicSxeWLTj5htRMqhGUgolUJ2pSNpbJIYEROPHV19zHFQqJDLGo/rwlsb9Dwkp9O6RJKmdT5KqdFYKkLy7O1n2QnLj1fUPfQoqNRICtKPsoPVNp4LgRpmlvFZd89JLv7v498vXrZ8xbkLWHBZSRAy5JBI077ADz9/8xsEkQSkzIRjjnDMGxCUAR8k4ZWL23DkcICNAbgU3AEEKssbgoUefeOaZjyUilSLLpJCSAIATMUQJVGXYUa91IkhKSQodLHG+hPboRCutju4VQ0NX/+EPf77kz9sGByeNGcNIbmvu3LZ+w+rnl9725BNrNq3fsnHTOy78XNe4CcM7dkaVCJRnwhBYhFyCTMeMG3fKQQf3dHWkaTrQSFJEEjKV2cYtm3Zu3zZ9+t57TJyaZmkiBLGIcX5gkhxx+CHV7k4kihhDxiWRlKJSraxftm7+o4/vOWXiocceHY+d2NrZH8WxpgcCyCRkot7dlWzdculvLvr39dciYk+9NjA8PDTUmP/IYw/c/8Dz27a9svyld334/a89/+2yq1sMDwGrAmPAUSKBlMCjqLeSbNv273/+Y9ma9QfOmHbia09Kd+wY3LqRYSSzlEWxyES1qyOOK81W84WXl20ebqxas2bpIw+lzeGJk/acMHsWIO8YM3rL9h0rVq87+IADjjnhuJVrVt1336PbNm9bvWYtAjJgsTlMsKnOUgOYN32vT33p86LRvPKf/3rm6ac7x0yo9fYQSUKEuFLt6s7i+Jqrr1q7YW0raT392EMtIeVQ44o//3nqjBnrVq149NEFPK488NADzS9/Ieqor335pTVrN8ZRBMCAc8YZSMkZk4KOOP74GVdc/dDyl37y/W9NGNd76CknCSkYI+RICN31zjvuu+/8++4+7k3ndtRqV/z2oquvvmZouHniSaeOnTJV+bFoqd0wLSFpfpRSrwwBpDksOrDAHUtYRwWgYLoZYeLb+jmPS719tqQvgfIndZtgRms1u4hYMQmRM38B8qag9TkVNCNF1rwFFuVhIH5zeHB1G9amxnJ4LP+atyOWZ418g9t6Prm8lplZWTg6Cth+acXvLE680Uoup25cR2OOOsfGiyGUOHGBLZ6rvs45M9DGT/CxFH4oOlG+5+CNY0aHAh1Sm7UH83qn9BXsCOuq5TFQpMic6gXvTbB+Az+XphajYTBuLfi9SpmrFEIP3UHC0+M4U4MQCIK8s+pvqDsUo8QvtfGF8nquHLNq/9h4rbsyqnIbF2B6NywaJzrCIEhEMuRJViSzgOcDCNoAXVyPDXEZCnCLCmRoieHq7CV0eC+rbEc9LgFJSTFEDWpe/sT1y3aurHbVJAKQBIYgA/M3kApkzGj7w8CIBQIEKaVMMmQMANU7QkFkyCPG4xsX33PItIPfuM+pJKQg/dZsayPmVqaLp1RJL4tIiIk9488683Wb1m96y1vPW7Nu7a1XXVfv6KjEFQAYGh58YelSIUhQlgkpRCpElgmZCSFFJrJ0OGnMnDFjj8mTeSVOZcaQeU+ZEGVZpaP+tne+9b8+9fGNm7b0DQz0dHdWWCVtJchZLa709nT//ap/fP3TX2EM1VlJRCQJEIEja8lkaHCYx1xKUanFM2bupV5DqE6JJCFJSiBijKE5IUNI2UpaQqRZiiziMcOYRRu2rP/Wd7//nzvuSlrJsccdO3fu3HvvvgsBv/3D7/YPDV5zzTXXXnX12FG9t1x984tLl/UP9e0zd9/jTzh5oH/nXbffcc3fr7jrlluPPuk1f/zjJVNGTUnTFmc8ken99zzwytIXu8eNPvTQQzhDEsAJhaTeameapZf/7R/LFj/HOT/p5FNWrlz1sY9/bLh/gBgiEmUSOECit73W1cHj6pYNm2688joAmDx7+jsvuGDC2HHT9pz+tW98/Y1vPueYw4+ZNn7SAfPmnXPW2cBYlUcMGCIwZXNoz5uGhoYEyCmTJnVU6p/8+CfOedO5e82YzqpRM20RZYODg3MO2G/79u2dtVoqsq7OrgMP3P+F55ft2LbtpRdf2t6/Y/yECYcf/ZpGszXU6H9pxcsyyaq1jj1m7t0YbnR3dZMAxlGChIgNp60xE8Z+87tf37J92x3X3fSDb3x78oRxJx13giSqVqui1cRaPUuyq6+6bty4SXf9557/3HQLcv7hT33ss//9id6u7sFkOGIRuSOVncsC9kWSXlTIZ0b9wYbFAdTZDeYZz926fJvAQGCEfsiReRbfbefNDT5yj6L69lIEphzNY99Q6u7OgnPC0BqII6nislGAGY/OhMTAxVtVENV7A4EAjBGGhwduvTbbvLVSrwsp0Q/MEzghAYBILIKIxXJ4kFpMDg9XJkwiZACEiBIRpQRJIIlIVVcQqTdVEhED3tXdd9890ZHHVY4+SWCmz080z46a063ckxNmTmkdUyGyUePHM4zHVOsXXPCOR+6/59lnXwABIChLGseddcbxZ5wBmczSlKQEziGKGGMAao8oGxiCakUCoZTAtQBEcnBO33PqzL33QsZ4FLE4YsgYYMR5lqURr3TXak8/8/SSdRtEpt+wSjpRTISAPBJZlmRZx7hxQ9u3/vWXv7rhmmtWb946a4+ppx5x6OPPv7Bmx87ZBx16winH7/ziVx5/8pk//eGSVavWfPwrX564/4Gt/gHMUlatEEngiICUJgefcMIP99tv1LixGEUDA0PDAwNxpbLplVd++dMfP/jUzte/4Zy3fuITSWOYMYY8IpIgZb27q7O3h4TgUQSIUhGDlK+8+NLTzz677157zZk7jxCFlOqZC0TApCkFVXt7h9at/9Ovf/mvf/5jaHjozOOPHzuq9x/XXs8Z7n/IIbP3P+Bnv/zV7YsXr/jhT5cuffndn/zvcXvvPTw4XOEMeCQBICOWJQzj+2+59Yqrr+6t19985ln1zo73vOF1fZnoRmikIuaYpNRZj5sEnLHlK16uxNF1t956x8MPiiydN2PGr/76t9499jz41JO+98uL7rvzzhNOO3X/Y4/eun7tec8uFaly+JEEMc4JiJCkkCzmQ3199Xrn8a8/M+6qT548ZfnSZaec+6baqNFCZIBIMR8ebAwODd99x60P3XELA5LIq73dBMlf/3TJUKPBpCBi1Wr8xONPzn/0MSGgGrE0ky2AJGkJIQgoYoiEMklnHXzgj77/7S9+9asLXln1k29959v1zpmHHUIibbXSHc2ks9bdGNj5j79efthrjr3n3nt+/ds/vLh52/ve8Ob3fOLjHV2dWbPB1RnvBOYgfmuwEpAkAJRGhkj1PnLpWQWhSDEs7QSFESPtxIuTAZDPYgWXL3DQ9CgbsGiMlkjsXK/dK+QoXoEtmP/KOaI5x0Pdtf3KTVE/LeawZO1gNQjmXAso3gcjJK0X4Q9Y2qW0gfnKHmpgIFHWpR+BCGZ2y0csaeEAMDTwKvRKAJc3RSkZoPEtAxeuZKWF5Suzf0ToAfzoiXt+0gTBy9Wl85kd8GhN9vyrX0ZYbx7+0nUV5w4c+PZ7HmAs74vmKt1zDconNrgp2et2HFp6TpXnSo0sMXxJNEIGwM4F/lt/Qn8bvFiD//5PK5PINfWdeLObXlQsD4ofjbM57pIQV8gkI/vfKsGtxU8YqlBWhgcSSQAGmMqkp9L15NbF89ctFDFEcQRS6HpBldjUBWI+YHoGu3B17q5yMBgiSckSrGItyzIBhBKV65VmSa1W2Ti45e5XHjl82oFjou6mSFRODECiPQYU0Zb/MSAAVDYQIiOSDNnrzzhzzn77TZo49vK//x0AkHO1qNvuvvsTH/loLa5JkkIIIkEAJLxTdQmOPPGYg/51UHdHT0M2oiiy2GSMR/W6kPTCkmX/ufPuoeFGR3dtzKhRQGy40YzjuBZXIo4vPr804ozHMWMRGiRw5Eh423/u+sslfx4zbqwQWZKlaStjjCWtFjIEZFJkJCVDrhIjjPM44pVKxDiPIl6pVuIoettb3n7SsSdxZNVKpVqrv+Nd73zvB96bNBorVy1rtdIzznidSFpjxowdbA7KrJmK5tDQwPs/+OH3feSDe0yeEiNb9IH3/f7iX99x2x0d9Z56vSMRiQRCkCITLy5fCoxOOumkfefOyYSMkQFAT6WjKZL/+d0fr7j0cikprtYnTxo/Z87sC959Qd/OvohzkjJLBa9ElbhSrcQE9MQTTz23ePH0vfY6/sTjGMD4iRNH9/SmRK3m0NSp02bsOYMB9osEOI6bOK7CKswdXKJiFOZsz7HjACAB2ZcO9Ywatd+Y0UnaamaJBBjd01vHyk+/8/0t23dUa1UBorfWtXHHpvde8MEtG9adfd6bv/ntb06fNDXNxHCaZJS00hSIBBEHlrRaU/aYWq/VWmlDIiEg59H2gR17TN7jOz/45pZNm5965PHlr7z0htNfhwzWrV0LQu6735ykmS5dsuzrX//Gzq3bsyT5r89/5ouf/dyort7h1nDEOCCInIDIPYVNJpxmY0+ajO0JYI5tSDNge6lU0Dy2vsswuE4QhKJZN7VFHsUhg6tNRRCUWVpWw6F3sL4/kl8bE6zWzt1GEBdFmS8Miy19CWlLifKrU9EOZl7RgUYva6/YZPzUGIgkgTGWPvvM8IL5ccylzMCEf8HU+6gtIAIESSrSxjhDVAazqs0wx2AbXaucT+WFqnIHRALJq5Wk2Wg9ck90yJHQ0UVZol62EfrZFJASGGOdJONRmrS699jzvR/+wMsvLHnb285fumRx+owEQMmQ1zsfuenGm2+4oX9wEKsVlBRzjCLOWUScIWcgZNq/85xz33b8eedRxKQgjIBIAhFI4MBSwOOOOeo973x7JiXncVypkhQkJYuiVIie3t6+bZtXrVkxjOoZBElEJNWzmwBEWZKKWqVjwrhNzz1/yW9+e/edd23YsnnC+DFf/dqXx3ZW71+4kAF0946adeJpX/pedslPfnnXww9fed0NmzZs/NhnP3XQWa/PmoloJlitAJcATGZi1NSp1Xr9vltu2r51y3GnnrHPfgdAvcbTNEnToUx09nRNnjWjhK6kpMEhJJIISFStVft2bn9qwWNA2YEHzZs5a59kaAgYFyRBSBIyrsRxT+e6hU//z29/e/Ntt/ft3HbScSd889vfe/juW/9+7fX1amXarNnHvOH148aPv/g3Fz/24tJNf7l0zZqVH/zkp+cdf8Jw0uKpIMYYg6jeuejue379m4sGBgb3mjTpiGOPrdZrixcuXNlMY4AGQCdAFaC7UkkyyTmP63FHJZIiHdzR3xgY2tE7jkuQacaAHXbGa+ccfWRnby8QTBs1atq+c0AqJcuACDhzxBxzIIA0AySoxEe97szDTz89qleFlAgAEacoPv/tbzv84EN6x41qDbcqleqYMeOuu+pfC55+evr0qYcfffweEydUKvVKlSdZQkhpS1arleZwIxPi6FOOjytRmnEkQg5IkCTZYWed9R2Rff4zF16/ePHR117/vjmzR48bwxi2smx8Vw2p68FHHvvel770xPynlqzdcM7xJ3/uu98aN2Vi1miiPhLPiULL5wgAJNG4ogDqCDEiz04C1xlsuxE8wKIAMd08E9ZPW1G+pRskFMtWGufssWKuzBshn1P6310OQ6USNZTeOpkZvA3FQ4x1O4MhPGfDD8OBcVBBOxAm8WsnNo/CqrY6+xEO6K0CLaJsNhVKcEeFDTbZ3OCOs70xmNfrkB9ihBCtr2V87yv3Zxm8jqI9ET7ig4JGt+lBbFcfnjZz+avTNgJhKX40bRfwEKZ73MjS2/qRgjthSqy4LPXJX5QqJbKpX+P/6iHyXmJh36zLnKs+UDo618W66D4NWCuCvIV7K9SA5OwQY92F7xMJ4tT2VMoCAHaQsAWGJB9Qukei6n4UVLT6tQM+xrwlFRecg7tkVgO1iysUTTSNCLWP4VcE3t28xxjOTwQgiDhGQ9S49Zl7Ng1tqdSqKs6OzAhLJVCsdQThkKhz0opuSBLjDCSlQ8lr55x4wpwj7n7+gfsWP8YZj2MuSJAEjrIWRU8sf3rRvktPn35MU7SkHp4I1OEDKiitpRfp8xlJ0yayVpZ01zuP2P+gZjacpRkAqDMhAeDwgw7+4Ic+NDw0yOOIAwckKaTKLUiSQDA4MDB73n71Wi2TKSFJEIAoSUgpkjTJGo1MwvVXXH39Ff+Oa7Xx48Z1dHc2hhuD/X1pliIgY2ygvx8Itm/fLj2UMECS4ulnnrn12hshYsAkSAABUKlUKhUhpRgedrF4OcYAAQAASURBVNhjEcaM0gRyB/0i7LXnjJOOPWl075gvf+ELs/bZZ+2aDY8+/OiOrVs2rtvCOb/ztlviOMJqXGWVvlb/qDFj5x100ORJU5c9v+TZhU+PnzCpp6f76ONPSIT8wIc/3N05qtVqSIaM4bYd25cuWVKp1048+bixo8dQmnEAHsd9A31/vOQvv/vlb3Zs3cbjKpGQWXbgrDk/++FPU04DAzuTVtLd1QOJYAgcGePRN773jcULnpo8Yfynv3DhxFFjJUCls5pRGiFmzVaEkiL2p7/+acHCBR1xhbOYcSaEBCIA4sgZ44xjmgrGsaNa39G3c+5B+73nHe/i1UoiUgBZjaoLFy9c8vxL9UpFEKVZCoCjRvU+s3jR1o2bK3F1aHBo2bKX16/dADGABCLZbKUswmajxRilrfTmm2487MjDTjjmuGpUzdKMY8Q5H+wbOHjf/b/yzS+vXbX63LPfvGnrtl9f/JsH738YAObM2uegQw/79c9/vnbt6vGTp7z5Q+/9wmcvHNs9emBwIIqjiDGBxICRZhlyHK7iVpAX3wGXaglr5IDUJ8E4CaF8o/D9K8VLnxZWbKHcpN1OdYLR8flhSt90h95n172kPIbM4xn/q2hye1Dbr8vXbblgPBqJ5OU/NawaPmY+KHMs5pAmgw/dK7bvZJWKNQZUStCsUu08kUQkJiXICIExAI5RCoDAGDE0vrhW6qgCc6GmkCShVht4akF12XPxUcdLRJQCDClpdEJIDIboFGgcuRgcPOmkk44/8aSYaHi4BQDKS+TAnn3iieuuvKrPHJdXAYgBImDIkFWqHHC4OXTQgUedwCvIkERCQKj8T5ENN4ZTZE8vfq45dNlgsxnHkUip1WomzWaSpULKnp5OkbSWLFnWItq2cyBrtKpEJAUxBkQYxdXRo6HZeOyGG/7xl78+sWBB346dM6ZN+8gXP3/m+z84/9qrW8ONGoDIMkmw/3EnfKGrc9z//OmKm26/9f6HN23c8MFXXnnDe98LXd2i2QDOMwBJEPHoyXvv/8IXvrh9Z/83PrX9g1/7OsvEYN8ACRkD9A30NTdsHB4cwKgSxTziXNXK82qFxVV9+FomWBSvX7HqP3fe11XtPOLgw+tTpwxs3xlVKphlLOJxVzfs7L/rxhsuv/TSR+Y/Ba3k1BNO/NzXvz3j8EPvvuVaBhDFPCXgnZ2nvfMde8za59Lf/e6aW269/KZbV6/bcOGXvnjMOeekgpAoqtdXLHjyZ9/7/vMvvTyquysmJgCn7jv3j/+4cuemzZVqhQnEeoTAeUe1FlXTpPmnP1z81ONPnHzcce/6r/+Komrv2HFdo0fLZjOTkjivdfUISVteWr5927Yo4tVKTFIgMpLa6pMiU+TPEOJKTFLGHR3jp+3FK/VW0kLGIs4YAQwOn37+W6GZQZVBhoCwacWL//zHZY0kO+Tgw77+7e9CHIvGMK9y2cpYXMkyEVUYNVPJsNEcbu3cUenoBEkkJSKSYEkjOfHssz/1wtI//+uqaXNmjh43ZtvqVa+8sqJBMGHsmOkHHHjTg/dfe90N9Wr9zSef8uUf/XDveXPS4QZwxvyslMnwayninEoyglEdYS2R/Pd/vjpBUZQbvueQdy/bTuCgttO9qixmaZd2TmzRerNQWIOyEGHcRSLIW6w3/K7yMzpban3RsuxI7sPuAAPt8N1enZY1NlK8tHkO1Rak9qOPvKE+tbSjN6VPAHbh3OZ75f5+Ndp898Zv43yqb5WNrwihdOrdqCwovRy17aKXB1fBhCjSkjM2bGe7p2UWyIikiIpQ8nOO3EENW1KgXkJau5AS+CrESASew2oJDfxdKQs5WFMHvTRiacIzLBS2xi16YwJac5PQZCC9r7WJrA7CdTApVxG8bVLNMil64+4Xdr78yIonmlmrhl0opX1Hu4PIi06B3WXUP4T6xUSMIUrZaiQn7HPMJ45+zwG9MydFo1sDzcVrlqRpBsgASEpZjSsbt214aPn8wyfv38VqLWpx84YE/yIwpblmKo1WQVkrRUHAgEcRAEQ8inkMAHPm7Pv1736j3tnJeMQESSGFzKSETIpMJCRpcHAolSlylgGBfqGM5IwxBvvNnvPuj36g0Tc0c8YM5GzpsmUP3ffgzg0D4yeMPeDgg6ZMn4bIGVJvb29HR70axzNmTCMpGWeITMgMGDvu+GM//Jn/rsRRFEcdtRoJfPzx+Y8+9si4saMPOOWkPaZOk1m2ft26xYsWp1lz7732nj1njoSMcc6RZWlWrVYPOexQAOBRtNekaRMnTfjOd37Q6htKWy2QGQB89H0f5BGP4yiu1IHD5nWbmq3GoiefzrIUiOJqrV6v8qgyfd99pk+bpl5gwBlD4o88Mv/pxxbWOjrmzJkTA8uIOPIY43vufeCin/1yeHj46BOO3bmjb8XLL6VZCgDVjupdt9964003tNLGB977kdOPP7nRbGZJWqvV4qgCCC2RVauVrt6uLMsyJAbEEDkgSoo4u/Gmmx6+8+5qvZZKgcgQGWdoA1VElAlZr9XS4SQZbhz/upPfet5berrr2EopoWqN/+NfV/39D5dJJoSQaZLEWOkd1TXQN9hqNADgvjvvnv/o4xKIIuQQd3V1AkkiOdjX30oTIJY1G685+ZjZl166z/R9hptDiMiINYRoDgyfd/o5mwY333TDHVf+/Z/33nM38BgA+rbvfMt5b35u8aLLL7uMYnbkMUfuNWXqwOCgyEQcVwAYB300iURJ5JjIhE2Up+GH8e2/5pexrkjzaLnSt/aBi+tZXzUMJTm5YI5AonwTPVIZW5nxKFhHoVlbuW1VggVU+Wf5sqicMGx/mXHABNUUUG0DdqUrcjNq5xO8Klxl66oAln6YHOyU1VisXD30zEJEkEgkAaVK5llovLCD/H9Y+++4y6rqcBxea+1z7r1Pf6ZXBmYoA8MAQ2cYiqEIqIigRmMvRKOJGlGTaExTE0s0amL9xtijxooIigUbYKU36TAwfZjylNvOOXuv94/dzzn3mUl+7/nAPPeeu8vaa6+9+t5bRzUVAaMgBgGCTEuaGqyyHAoja4QiACgAbKTZzFRxy02N0zZx2uCsj8aboZymEPBsZNRJiAgAoJgQVb/XStNkfHz/9p2yKABAslJFAf3uc17x4tOf/rRuXyI1tcnMrJCREESaJgJRFauOPAJByYIRtaOblZRS5hPDQyNK3n77nY8//FhraKjVagLz8HCS9/KsYBLJzi1Fb7bTbDSOGhpZuXRJMjZc5DkopVglCLLXuf+WW3503bU//8lP7n/oYWS+4NxzX3HVX55y0UXQHOr1sxQJASgVhNDrZStPOuUN/7B02cpV/+9LX/r9gw+2P/LhLZsfu+xlr1669shcKgnMiQDmPTt3bdk/vWhicsXhqxujQ0We01A6MtQYAvjlz37+xKOP5r0MEJlUkqYIKJQ6+5ynXfbqP+XhIc4yIRKQ8skH7n38sUdOOemEE048nrNCnysllILZ7r2//+23v/aNa3/0kyeefHJ0eOiPX/j8V//Zn605/fTu1FQuAQGQMWmmuZSZwpPOOWfF6kPXHrPuI5/+9A233pa/6z2v373nrGdf2pqcuOenN3zyQx/83S2/H281CaHdz9qzs+n4xFmXXDSzc/utN908kqSnPvsyGBqCXgbDLZieve5737lF8ejw6Olnn40LF0GRQ7ePLFmQVEpmfSbxpc/81w9+dH1DUDsvAFhos1ynHCmlAJiVAJgcHU4QTznt5L98z78SCRCCBUKzeef1P/rxNd8dmZzYv3eqk8202zkJ3LL18T888JBC8bvbbnvfu/6pn/dmZmclKZXz8NBQobjZSDkvGonYvX336jWrX/W2t03Mn1/0M0QQBHkuZ6faz7ryyrOuuGJ8KPnapz517Xeuuf/BB1qAeZa//JUvve/BP9yz+ckjly9/+zvftvbkDZ2pNqWUCAHWjWPVKFVOEfFL2ueuc+jDqfCqWsdZSbMqBT/LUYjAOKwm6fkQStxaaD06dhkakwc0VwaNAq2GWfop1NKhag5ZXTSUBlZ6uA2ZAG7zZhxN86WDJ5QjUeZubE4biRSowQhzpemFw57bAI6A8b3bYcYegVJJHyUy/wRVKnG20pSVezyIMqF5X6aiShV0GrVrwSv89VWgQlH1GA6NMUe3CKGArgR1Q8eExVAJHgAOrhkHI5/8scbufY0eEtqiQS0LTM0gPOR2rqoRO7f0XB9OXPuheRK2ukocYwwB9mumtBhDqGIwoskKl0PJMCz9APYCkdIKKhFOjJkEggVWYzaDMxDZfY5+rHMgWfjrlivaXUCuuukarEM+WH8maB7puBG8ZUgZGCTLhNLbNt+zef8WIhIMoBQSAjDYHFgQCAowSGIFl2tnTFBUwCJBlJz3++ccsfHNG//0+PEjO72Zc5eelj4t/dCPPnX3Yw+krYZCUIpTIaTMb3ns9s3HbjlpybHdrEfAZENFhAzg7uR0qzRaIUQCkZCUIAEAJBJ9e/rXvvGtr335S4uWLcn7mVIKzU5LQiLFqpk2Ou2OZPWKV7z80kue2c26gkCIpN/r3rn5vrHx8Y9+6EPTU7P72jOT4+PDovGpz33mkx/9OBKdd+klf/mmv+TpfkGyKRIUcNNvbn744YfWHnoEEkmUUiKz2nTamacddworCQBpmuZF/u+f/NjPf/zjsZWHvOpVrzrnzE25LO685563X/WWLU9On3/++W9+01/28h4JQUQAlCCOT04WoAgwl/nqww579rOf0Wm3J0cmZ6dn9jy1c3qm3e31six/9KFHlMzmLVx48mmnDg03k0QgCAAo8hyS9JQzTp8YmyzyQilJQmRZ9v3vX99pty8577wjjjqaEUQiUBEgjowMrzh05ZFHHvma1776Ux//1CMPPaQKpYDzrD+1d99Xv/x1OdvZt2vqhPXrh5JWL+8XyFleaJun3+32+n2lZJImgOagSQRAEk3RQBQnnXjqhRdfmCQCGIUQlOjDkVnPx+S8+R/5t3+79/Y7ZVf2i4LZbhJlWHf00ceedAwl6eT4+OTYxP33P3zn724FgCOPWbdyxYq+7BRSjU+Mr1y1MpstfvGrm3dt38HI69evP2LtkaMjY08+/rgC6PYzTTx5niHAwtH5fcy/88Nrv/y1r974w5/t3r79kMNWN0dGHr73nump6aZI3vTmN/7ippsef+zRj3z4PxbNW/jsC58x257NVDYELQjMELd03DIwhpxz1JQ4ATjj03DMSs6COdU0yN11lmeJG/h2yz9gmWkeUKizk3dBNADgABKOA3YUFS5ZW0E+V62MnEM/C/NvD9bbGoWTnXVvjE8TD2UAHXwxPAVtx4xJ0n/0oWLnzkQQGyPQ3rDMrnEG0DvTGJhJKdJKscucBTY9l+cXtcfQdEo6SRex2ejceUdzzx5ctgLzDAxDRtufPd0MNIEgIwFK0xIrAgTFqigAGAVJgH6WM1GvPbNry9ZG2li0fD4XhSqKhkhEQyBQIQulFDK0++2djz/aGBoeWbBQSoUMoKBJCYw0X37VADxAw7+bTzrnHKB0bGyUgO+76/YfX/v9bmd6waLR8y657LTzz8/zfGbnLsEKZmaHx0e5yIVqFoq5nyXDw5vvvOvf/umffvnb3yaJWLlk6fOe/7zL/vRVK9at6/eyJjOlibnESxAAAMusl0+uXPXyt7xp0arln/j3/7jtgQf7X/nGuuNOXXbssaroMiCSkO32nr1PIeLaQ1YctWG9FMhdmTQaCEgAjz344J133iUAEoACQBD0FeQAzebwpa98NSMppdJWs7t3362/v6Wb52sPO/yoY9YW7U6idHa2+OX3vvfPH3j/w1t3tDuddYetfslLXnzFy1+2YMXKvNsHRDL7clGkiRCCQXV6vSWHHvaat7150dLF7/rnf/75Pfcs/59vnXTuOY2J8ft+8/uf3fCTZUuXnXXG6b++5fdP7Z3Wbrcsz2/91e/f8MY3D8+bfMNjW1/ytjf2ilzMyLzbbaSNJKG+kp1+1uz3odsV2l0iFTMLkRRK3nn7rTf+4b5VjWR8bEIVeQrCKgGcJAiIImlhIu7afG9R8JLFC4kVpimqghGBxP233/k/X/pSq5m02x1GkJx0uOgWkhFaDI889NCTDz1USJk20sbocDfPs1wWRZYoHhbNhRNjU/umtjy25kWv//N5S5bqhFiV5ZSKZmt4tDG5a/uTH/vYZ770nWu2TE0fNjQ8TNidaa858YS/fMPr/vyv3vH4rl3XXX3tyiOObi5aIrMegDk83/AwdAn7zkPkyN98MbHQ8ppyC9JbL1UNyjIrX8azlFjR8+xXd1ZV28CqOgylWmjvBUWbpT/oqfJBoxDW2WDhcMq2NNgRsNPNI/O4lm0iotMJsdrjQRiBdtYq+8gqxmc4hLrMmrgvc1xl/C4oiVZ2Br8iBCgKxVDVugDwSY/hZJVGV2tV1qvlQfmBQbDBqn55jHGjAwsPttnqYQipekCrVToJzUgDT0A0pWIRYFpSBUZ1bctx1968jNzTNSud62as5jHN1k2NAy0edYmSgxGFrdYtD+v0cbpg8FPFYHY/RD4kjKvAwJnST+LGVvO45th2Uz8P/xsTlG1+snOQmB5CbTgeADgVSOu8poFg9pQxThG0Ea4Anti7vV1kopmA1GRkmD+iPUzZu8wC9qIxzMjMlAAC5Vm2cc0pV5356g0Ta2d7swjUR/XAjs079+9DIRSCziNkBExoZ/epXZ295qgQtnqi7t6NyX3w04ZIIIhICITc6HV2U+Ejjz768x//FBCw1eRCgix8jisBNJrQ6wPRuec8LcUUFSgph5PWlqe2vvu9H+i323//d3+3dfuu973rXSedespHPvSRN/zp6/bu2v3xj378Jz/44WmnnX7eprMQsAXi9vvvfO8/v7fo5mOjw2edfu7+9lTaSBQzAY20hlipft5PhOCimJnajwrGJyaOOOrIyYULcimXLFlMREUhx+fNW7Zk6Uy3jYAiEUNp004PK8ZCqg1rj/vge967dc+2226/u93tnHrCCQsnFkql9k9N/d3f/u0vf/GL004/5SOf+vTQUJL186KXpa1GmjQUqzRJR1pDXCgBJEhs27PttltvGRofueIFVyxdtDiTRUMQC2TB555z7gc/9K/j42OHrj60n0sSSZIIAEhEetmll21+7PEPffBDv77pphtvvvlZlzxDJYj60CWGRAgS1EgaUhZ63giQCJGRgJqNBgCcdsbpb33TVc1mU+b6AgACNkdKSCmHh4av/ta37rvjLu3aIGZioERksnjBc6845+xNROlI2gKh/vWD//bI/Q+MTIz/w7++9+wNJ2X9bg6qmTZWHbL6k5/+xM03/rLI8z9+8YvfdtWbD12xIknE1NT0bLezZPnijuomjWRsZBQQ73zgD//9P1+9+tvffejOuwDgaRc+/Z/f8+7Pfu6zD997j0jF3qn9J6477m/+5i3v/Nu/v+d3t/39u/6Jpbzs4kslq3a/k6QJltabTztwKo5ZwqAvCdX3Z/gfvQHr/gtXq3Na1Tpl3cJ3OemWv9QlOpXYYkm0R/yH9KkxpR7nELquQOW1B0arRYHfEWBwMlKpr4qi4i6pq9HPIDRuQxPUihEwJ20SIjKZWTJyyDIbJAJkuX0zqQKbDfOT4aHM7E1pY62z0vNJVsZ7Z4TxCjrm6mpaHkoIhEQEyKI1JHfv4m1PiBWrgAiUPuotoJIyk9cbrghAan5HRESCWen28yxnQu50P/2hj/zugYeG0rTb77BSDUobqUgJJSgpeXJicqbd3rD+uLf9y7+MLlkG/T5wIZqtrfffv23z40ecePwFz3v+9vvu3v74o8uPWLt8+fIHbrvvmuu/L5EnF996wXMuW7FufX/fvqbiB2757X99/ONLfviTl7/pL+YtXZp3e0WWLzrkkKNP2nD3Aw9sOHr9S17/mo3PuLgxOj493Ubm5vAIA0gd/tV5LUpBAt1etzE8fNnLXtpsND7/n5858eSTj914msoLBEQSzWZj/67tjzz8gGDOe/2ZffsSkUghms0mUJIBbNx4xumnnCaZRSNFSjHhvJflvf5RJ57ACSkpFSCT2LV9229+d8uhy5eetmlTOm9hv9PHJGGpKElGFy6SJFDhSy9//h+/8PknnLVpaHx8ptNNWkOKUOkwI4EgFACpEJQ2Or1eY3T8j1/9CiXlt77+zU2XXjK5cjkAnHLh0169/bULFiw4feOpdz1w3+59MyQSIBKUrlq9Zt2Rx/zs97/62le+cOYF56459ZRipiMSkSaNBhIJc0AUILGSqNjQAheAIBIeF8kVlz3nlVe9WXY7BIikc01ACADApNEqst7f/Nlrntz85MTIGJjd4gKQQcoTz9r4hr/6q8ZwMyGamJi388knPv/FL2zds+vYYzZcdP4FI6PDiNhtt1etPhRz+fH/+Oidjz5++GGHX3Lx0w87dM3CBfM60x1uNEbnzZMAEoCVakyOJ4QP3nb7D7777Z9e94Ob772PAN74shfv27btp7+4qSFEt51d+md/ft+td3/gK1/5909/ptPu/s2/vLu5ZHl/egoBMEm8TWisL3CqijVy7JpDIEYYlDCiVV6rlHhuGCpjATOptsDWdahAYdjr4Ly4ahAsyu0EAABz3JfT30JoQ85gFSs+OIMw0CurEiEoVo5TOnXctx71Yvd/lng0B3Gx6ENsG4fYqMac/1cZm1DBj4fVheNiZ6X/HDoUKhLDzdEcdswcgk97FjyF1A7KAl+rtPuxWA+LE4rm8Lmw6/rmQ/C0Xlsh+BLYgeQlNDRZaj+SpGV9o94knsM1XDbLuUxpYdnAlXJQs+Ph9AAHPxlljELlJ5iqymmxiBCvUFMrGGcAa6CNBHSIFGD1YCBHXzpaIA6OKkD2SaAyf2HmQ4nrHYz/vrpco19jeEzzlXOWXZDQnGJu3S9OR8bA0+h6A0AGlVK6r5jaMbtbMSQgQDKQziBDp4ohgkiEAigKqUdrZpvBaOKEqCDv9zcdcfKbTrvyxIl1nX4nQVEI+bm7v/lfN/3P/tn9opEqfc0JAACLJOnm/R3tPX3IBQhzkK7Jm/MMlu1eLWtRm/v4kIgIiO31fDbjZGx0TAhx/jMvfvNb35r3s9nZKamUUlwUebPZenLrtv/3sU/s2LI1TZsFSGBgpRBg69atP/reD7Ju59LLntOZ7fzu5l8rpG17nlq9aPFb3nzVli1PfOsr33p3oeb/x0dOPGZ9n4qRibF2u337r2/92Mc/efjqIyYm53VlPyWRyyLLWRay3W1Pjk9s273jFz+/kQGWLlk2f8H86dkZkYgs60lmQMiLTCrV73ZBISU4C7OdXndyfGJseAwUIEMjSZcsWnLzb3/9vr9/99j8ead87KNHH3EUAOza/xQlShXqvnvuf+fb39Frz2b9nGXeaKar1qx53p+88ITjjuNcSgVCkGD4/S23PPHII+MLF6w/dp1ALBBQECIywuTo2AXn/pFCtWX79jzLEFExS1Z9mY+Oj/3FG15/x523f++b13zwA/+67thjVh9yWCazPMuAAQmZmRDt5iMfaTI7GZUaGxlpNBpFUSglCQUriQxcSFnIXp43Wq087zMzK0n6ylgAQYIBRkZHjx6flEo1KP38lz/3g+9cOzs13e/2f3vjTaeuO3rJosVJIx1pjlzzw2s/95//tfnJLWedd8Fb3vzmk49dr2lgcnQcALqQySKHlO5+5P7rfvD9q79zzR2/v7U/2x6ZnPcnL33Bn7/2zzccu/7zX/48AIBAFNQt+i96wZ9MT+3/l/d/6M7f3fbX7/zbhx586KUve+mSyUU55HmRa9K0CzOQRAM5j+UFgWxn/4t/Wz7bK1iitqx2BXmhis6+Kdk4rjAE7+P2Q6NOz1oYb7SBusr9ZuHY3Sd/1EEoBTEU/6FLFDH6qaqghNHhkLUi1gsm42LXn6u2KJgbVD2LNBLJvGRETBI1NVXseJIEAoly5qxPF3T804U4Q5MX7G0r+l9gxeiGYgQMAgEQARESgRBY9Hnb46A2KkKKtoJbd3K4twLdRiwCHXslREDFrIC1PcdFwXnemZ19dMuWQ5cvW7Z0VZqkaSNNE9FIhUhaIyNDu7ZvefSRh/YvX1n0C5CSpZR53hweuuu3v33Pe9/39GdcdNkzn/mJ//zP39zy+799698898orX/uOt2cAX/rmN776/e8ffuTRr7zqL9OhFowOP/HE5m/85IZuoVYfvvo5L38ZIeW97vjSZa96wxtOO+W0pasOO/qsMwCwPTuLglAIACAw56AbvBUKEkmIebtLSeP8Z1+29oTjJ+bNm7/ikCLrE5EEFkJsvv+BW2+/YzRNt27d9rXPfm7FilUrTjlFPpJJUAxwxtmbXv62v+nPzgiRIAkEhQCAggkUEBSFEAJl8Yd77r79/j+cceKJp511JlMC2KcEVZZLySdsOuudf/t39991//Nf9ieL1xym2r3uzCymCSAoYCmtwxS1ICISBNTI+v2mSJ7/speddtbZiw5ZIVDk/eywtete87a/EohTu7czIgBJIABQitdsOP7t//h3xTv+evP2rV/8xKff+s+Hji6aL/OMkISOnOvbYpUEKUEpNDY6KMKikMRq6fLl6844k2famApAABIgBJDdodKZaQw1dFq4AiabgsB5fuQppxx+0klARAS7H3nkIzf8YKbTHmqOvOBFL37+X7wOen0glLIQkr/04Q/cs3XrcGPklS+/8vLXvmJodBSQQDIomStQSjVHRqjVmHps87Xf/Mb111x91x13bp1tH3nomj/7i9c95xUv//L7/vnHv7ixlTZQKkobb3jfu7fs3PGVG3765a9+Le90rvzrtxyy4RQoMtnPfLqEDXB5e8oQB/k98/q1jbHE68Rp8/Z2BGc6eqYX8xPTjXeQmbvt9IJzuqAtHx3BXWmnnA/iujRsxiYxWJ5ctW/cEEIGPpcya3ty3QXFXeRnoGJpJInTYUNLwwE55+Ux2ij12vIAaxAqinQcmWTPFesueokKB5bnXI7RwBKLwmUBbZSixLHrs97QCjvQo4oCzs524oCYAfzUl/oKB+tcAqXBQo0BHQYMIZhiP06Xk+iqOJ3DayIc/VQx6kxgnI2OXYatgquoYoinCjKdRVgTdGUGCrDK4L6CoxSMuvPzEoxe/yk5coKLgsJyFhjbhnYAWQsr0l18U3VLsxq6Bzvd5eUQ5CrXEJujJoht0WCMSVjaKHbVVupUvcFFfMnKu5pCgG5rpjdDo5pKvwlH4+Ze/yF90iwB54pHReu+fY89vmszESZILJmsFQgISnEihJJyujvVFENCNPT57/b8T2QGIkLGfr9/zpGnvWnjq04aO7bd7yQguIn/fce3P/urr+3t7m81mlLf5YUAgJI5TRv9bnfzU092i94QJRnn9qRbtLaxKc4A5hQPvX/UDxWRwv2hAABSFVLKhQsWXnT20yRAT/URUUpZSDnRHL3voT9c/Y2vP/HoY1LlDIqVaokhkHTHrbd39k8dtfaoU04+5f577hVCjM+bJwB6eX/p0mVXveUtT+3dNzJvcnxs5NFHH/nARz987jlnX/WWN7/m5Vf+5PofX/NH17zula+b7XQYGaQCpYDV4gULFdD/fP2bd99x99DwyIYNJy1atLjbnW21GiIRJJBIHxKsFEKjlc7Oznzms5+5+Xe/ftall77u1a+TMtenfaRFf9euHY89/Mjk0iVbn9zWO6HfKfp7p/Z3Or2k2ej1ur+++Vfd9mzWz9rTbWC1bPXqUzaedeSaNQSUkBhOG92s+7Mf/bTf6596yqnLli6TSiUmZRBJYVEUCiQKAFDICljlRVGwkqBm++3Rickrnnf59d//0WOPP/bEti0LFyxSWOR5jvZJUCCw9lBjQMapIGAYGh1qJiknqZISdC43M6NgoZAoQaOVohCIKEgoEoIEAua57OTdLM/SJNm7d0+u8pHJiaHhsc988jO/+OlP541NLly6YGxi9Nc3/+axhzcvXbXq79/996euXw8A/azf54KBUWGK1Go2P/X5z37xc1+6765721P7AODciy+88pWvPO+8c4daQ9v37dw3tR8AlFIEyIrzQl35qtcmzcb7//XDD9x694f2fOT3d9x+xeXPefrTzh8bGe0XWbipesAKhXjJ+dch6w9tKec7KjU8NzvgAYWcWIgcyVVeF95mPtiReQCvXpRlGwwc54K+GrE9sJ+u8mNV/vmSGNawAiWwgKMXiJiKfM+ebPs2kZA0N04ho59F5/viaHzMIIHBHecMUnIuUTIjgFKgyu4BQAAkJGRCQM27KL//geTpPRBa2yZAAGVdhSV3ONtguvbjIiASCmRgpexglQLk4ZGhSaKr/uZvz73o6Yg6u59IECtotVo3fu+7n9j2RBORsxyYVS4pSeX+fb+++cZfbX78lL1TQsp9O3c9vnVHp9cXrdahx69/49vf1uvOfOaa7/3m179+wf6X93d0Nt97z+T8eRs3nv7Vn/7iez+4/syLLlxy2JpieqbX600uWvK0510BSaL6mWJOWk1lxTpIlooVACg9QkV5zoCoWHY6lKarjz2O8yJrd/Vtk41Wsz89ddOPf/KHRx5ftXRRE+D67/9gcnT0rR/598lFC7nIGKDRGqJGq5CzAEBKATABUoJcsORcAQ4Pj8zseeoXv/hZp9dft+7YxUcc3lcK0hQYiBmyTAg654Lzzjj33JGJiWx6lrIiSVMuJBUFKqWUYoNuM42kO0KhehklyRHHr1e9ftHuEqDMu6OjEyhox+bHDeEpAICCGZGO3XTmZZc95z3vfc/3vn/dMy9/7qmXPkNlBYCSwMxSyQKLAvIcmFlJQDLUjMQMBJDl/e7+qWJmhtIGMFAiKBEoEgCGNOnv3psryQjKUg+yAsUgpZTMoFQhhaDbbr75u9/47oxi0Wjd+MufdXozCyYXHHn8eiT66Xev+eT/+2SeFX/2Z6975itekoyM9PoKEwYGEolClRQy27f3gTtv++YX//vHN/x8267tY43GCy659GV/8boTzjy9NTxa9POEuZE2G80Wd7tjS5f9/b++N3vTW6+58cbPfeNbj2158k9e9qLzn3lpY3zS3FlmsiWUSyQFCKIUxrFJJm1eqThEU2EzIedBw3PrnVYRm7QlnJETtBe2XBtpdApKzeNMppqw41xPtUwte/TwmFGH/GmA5skQglvLqj2fdAGrOrN/bjEYd1q2YEvd1cR+Bz+1mv0BIENvgkYv42YdqHWtVjHA7tNc8q4U/Iz9Aparx6DwQOwG/lWutBMAUwtI3YlQA6O4dXg42Bk6aNowhAHh6ih1YhlB2fgsd1UHW7SWB5aL1CRP84OmtFYpKpHA/yroOADweqJKKhNfzhPGoL529odVEIPjqmMwDs7n5UMZdtoqYFqnBxslqWzCIwMCKh1XVNBoNPbM7t2xd5dOH5U6AddkHSkS1O/3RsTQmpUbtu3eNtOdbaQNqQo2Ga9MhMjQ73XOW3vWVWe+9vjRI2e6MwISMSS+eN93Pv2br0x1Z0fSYVlI1E4MRH0fQZomU1m2be/OXt4fbbZAFppVVxRGO7sMWqj68TEjob7AzRUmZADozna6SjZIIAkCgkSQkAIgk3m/32NWknMGTkTSTFu/uvnmL37uC0h47gXnHX/UMb+5+VeKOUFatGB+ixIAOPOkjV/90leUUisWL/v6Nd/8wsc+/eRDj37gg+971qXPvPpb1/zPV79+6ulnrF27tif748OjBJhQsmPPri9+4cv/+clP9bvd9Rs2XHrFs5SUSienJiRI6CzZNEkWz1sIABLVL27+5c9/+NPVRxyeQ9ZqpEPNlh7RIYeuolY6MjI8MTneajRbjebQIY3myBACXn7F8/76r/9qtjuTF6rX6SMyCzri8DUT42MJiIKlzPNtu3bcfNPNI+Ojlz//8gXz5ikphRAm25lBZ19rUc5SKaWUkrksmJmB2/32xnM2ffjjH157+JEnbzi51RpKRTIxb0ILY0RBQAAC7KlaCPqYFFCSAXHrth33PPRgkqCSysgZM1eUCNHpd9qzswCAmBCSQFIoBAhAGErFeGOEgQHUq1/+6rM3nb19586+zD7x0U/ffMPPgUTSahSdLiTpULM11Gw9+vDDv1TykFWHrF62qgVNAMgLmWe9BBMh6K577ulPTZ32tD96/gsvf8Z5F6478mgAnu11QCSZPjwZUSqVIs10e0PjI1e+6soly5f+2wc/eutvbvn6577cy/IzTjtj3thkX/XNIVnhMndrzsgvDjf5mz/WpRixioC6EavuQqcHRH+8LB9geXomyOGpdlEBjLfllFyYYf5t1UatsE4GsBecMtRK8eClz1IewO4qFUOBGgihctKX+6MijDl91UmZMJJhWGeSym67v2N3k0hvTjM/ot51aQIpbK9f0YkDDKCkBJZgN+NxXnCee25lEALgrHQd0iIiQYBAhFJy79HNrSyj0RHIctA7Gcqo0GMwzNM0qtsngSJBJE2VCoGRgCgv8kypww5bs+qoI6soXr5iKZHq9jt51gUpFUJzeOh31/3gBz+9YdHQ8Dnnnrt8zeoFkyMLiJrNVAH3etmK44676h/eedSRh89buGBidPh713z3Hz/0b3/2ylc8+5xNN91xxw9vvfXZN9xw2ctXUbPJrPKCc2bKC0EJJimRcMJcKaV0/FOTgVSEAMqktsm8yPdPo45IS6kYWoLuuvHGb1797UwVF190/rFHr333ez7w1e9cfciaI9ZtWLd/ZlYgQCJAJEIIgQIJmZj1lTeCGs2WYoWN9MlHH/3ZL365YHLehg0n0shoMT2bNFLIcwJGZpnlmIjmUNqbmU0YCImlIgahVK68tWMIDwGZSSlgpQhVUcipGQQgPSuKi05XNBJkRCSlFLO+wZL7qmi2muc845nPuPXWjJKh+aNSSoUgi6KQXBQFFAryAgppouikt0oiMCIhMCuVNUEScYJAQmCjAYJM6snQUGN0WB+rpZy/XylgBVKqQvbbHcUqTcSqNatf+/rXbdmy9Xd33Hbt9777w+uum5g/ufrQQwoFjz30SF4Uaw9Zee65GycWzgcAlYBUuZQsiAhYNMSPv/j1T3zyU/c/+DALPPvU0571vOeec9lzVhy+et/u3dzuFv0MEUUjTYSgtJntn1267rh/+thHFv3zB776nW//8Kab73n0kRtv+MVfveufJleu5LyIErm8GWgcPgAmWUCfKoDujvuBDEMvlGA3YhAF1e8AIueOtz3BLrKAOUDIbGNGhKWDQ7jKGOuemjBXjS5ry9ojatBuK/W6sS8DBrRgp2vZnOG4QXM6kWnG4Mnq34ah62tU7LbMOChqVDGro7vgsNZ1naMmGGg5Wddi0bzCOVKIXMlQstTe2mo9hGiKY/jS0EBggjJ7gTyH8RnJQWvqc4loA7vQobFkxZXozQofHTgdcA8tmxGE4EU+zcB4s7vtvPSqp0lP3NGow5Cs/o31T1UVIvb8htVr1YkqGu1XRLSJCi6RytRkcHLXItIJ5jAyH+gHBhjPUNByACfoK5tiPHjO9+TCv4EJWjL60Kq7vs1wbGHc21lq7CVI2E44otJ065o+vYIBAYP4Z2nLt11zgTuq5gkt/oPhV8Hce5i8flWrz5r9R6zc6Axn8leUagSRDoIx9Yp+JjM2CeU2ji1BNLDf6w6L4eef8JznH/usHz1448d/+fl+lg03W5nMleJEIDB2e90/OmrTVRtfe8LoUb2sk1Aimo2vPfS9T/zqC3t6+4dbQ3meKQFg95oaPZBIMnfznlQqQaGjA45kMJAafgzgf9W/sd5oofcVmhOMEAAeeujBj3/iE2mz0e3OIiARJUK0hltPPPnErp27WiNDwMCghhvDs1Mz//3fX3nw7j8sW3XIs571jJSo3++yUk/t3vX1b37n8FWHInGaNpppygh33nnH9d+/lhB37tw1Pm/RZZc/+xtf+9Y9d999zz33rVu3bnbf9N7OzvZs7/4H7v/Ot77z0+t/sm/P3uWHHPKXb3vLsces62a9VIgEqNlspq0UAe+6686f/PLnjSRB5Ecff2Rmav/4vInxsYkGpNt2bX/08c0N0ciL3s9//vORtMl5cf3113dmOog8Ozu1f/ee4VZrenbq4cce6fU6jbRBKJBwdnb28cceFiREKhYvW3bG8SffeedtWzc/cexJJ5x59kZCAQSEBIHFg4RorkBEVkoWMpeFE7EL5i96yYtfvGXLlnv/8GCzmSQkZvbub6QpCGykKWnNyGzqdW4CyIqcBH3ra9+46Re/RFbA1mJFw6kSEqKRPnj/HxAxHUrTpCGAFApiBAAimu22Z9uzszPtqdnpXp7Pzs488cTD7fY0JQ1mVXS6reHRxSsW79u15/FHH/mnd7xz/ryJpSuXXXjR00894eSVK1cuW7yskSa5zF743Oe3e52n9u199tOfdcqJJxHAD2/+SXu2s2L5im1bt+3cvkMIYc+oEkONhsxz0Uyfe+kVaw9f+/FPfuzW3972/Oc8d8m8Rd28A2S5d6CLYHCotD2DIl7yjlSj9Y5O/psVN5AbxD8E/DHsABwntj95JmiXUMhEB7MoU7aukv8JY+Hqct4GeaZtg15lm+sZjI0SB/dqk2OS4e2BbPOIkK0RaARfrAkQsiw6nSYGBp4X5FZ/QSO+dPMKAGUBUgIpkMxKQtZnmevTSf0hF2AbNBzNcjVEAJCs5OwUKMWUAvTRC8tYnQixYRpBJgCl0y9RCBSCEJARhcBG0sgBNj/66Ol792a9biEVEiKhzPOR4eFdTzySFXmuirzIgDkdHZnasuUrX/rKvdt3XHLmppM2bRQjo7lSXYa9u3cIpUZaDZBqzUmnvXHNGsh6nU777jtvu2/Hzie37nzeq15y5o9+/D+/+v1/ffkr6zacctTpp3WnphISICVi4gbtTk1kAGlmxO6ZYQBl1H5tqSpkVIWUqrVw4f7NT375C1+87dHHNxy2+uLnvfDETWc+sXX3Rz/+yff/x7+vXX3ojqf2NgRt3fJkZ/vm/vSsShqUCM3NSAgUQva62BqGtHj0/nt3bH7irHM2bjzzDO4XwmwINidjEpLKJedSkCBUqBSjsBLaFCIiu9/KCx+02/xA6TtCGNneYS0lMEglGaQeIBJJqVYcffQ7/u1DI6MjI8uXQ66GBPV6nULZay4V6/QZo2bqbHBmQCCGxx59/Nuf+xzkWZo0EpESEQMrWRSFpGYLOOvMzKL2QQCAP0kZSNDY8iXACvrZupNPXL502fT+fffefeeXv/HN395xz+6Z2W2/va0HQADjidi176kvfOYzf7j9lpPOOP2I408cXroMRJJ1OiwVpM0FS5fNzrbnzV/0/Bc899KXvmTtccdDmnCnM94aFsB50WeApJWKRgOIklYr7/RXrD/ur//t/es3HPf5z37+Jw8/vOGpKUyaoCTIwtw6Za2a0P8MHFySpNUyb5XGyyHQwQL+wEZVKudaBNzFc0NX02tRkWJbsjriBsNUTxtg4Kh532QEOEQKLoWmRVg4VE+jnsPBotXxBpQIRYbjQ9VSc7+0oGPYoGOpDhafDBWq9aZq+aihspw6iCfUnr3NYx2G0SgOIGkOsjvrNtVO3YgmAyEOddK5Toaa2rGxUfXJot2rEsvD0klU1qCo2Afg0BLWDkmkFjexZC+TTdhydUhV6WzN1zpb1A7SwnlQD3ur2ikh2rQZOJywdu3LylhqHSKRua7fWBsksBirJ/g4g8p3V7Y8wTYHA0ZhpzWJ3nmNxjlI4rb0lt/BG9nDliJGWvJGuF8d56idLfJgKdD3FUbnTxOjcSEyEJB+Q4CFLKSSDMygjA9LAaXY72er5h965ckvuPTI8xY3563YsKCbdz73m6/3e3mzkUosQEG/33vauo1v2fTa48eOnO23U0iaDfGdR370iV99cVdvb2topJAFpAjK3B+AwAwEjKxtF8nAemO0vuQTbEJbDSM1C9KtN5sYJ1AoJSWrBEUvzxpp4w/33vtXb36jP3kIIR1uNZpNAG7vnxlqDXc7PQShlEzSdNNZZ25+7PFj1q8/8cQNALD26GPGF8y/7Te/eeub3jg6OiZSFChkIRWrXq+9e+dOTuiPLnz6YctWdjac+Oo3/Omaw4/adMZGYG5Pz37o3/7tzt/evmXblqe27QaAkzee/sa3vumySy7NZJ8EEgEwLJm/eM0Rq2/71S3fv+a6m3/5q1QIxao9O71nz/75K5aefvLpKYhf/frmN7zuTcPDw7nMntq9O+vn7X7vU//x8S9+9vOIAIqnp6cVw7e/+Y3rrv0eK5UIwQysWBUSE0xECojnX3LR2o985Ftf/u9up7v+mPVLliyTwIISRMNRWSuBwApAKanFvY5RACgBgAxKyo7sv+Md77zv9vtaww0k3L1zR6/XX7l85cTYBCIw2ZtiEQBZAgNAnkshaGZ6av/+vYDMClipQhasGLTFyygaghUAc9HrEwABEgNITkVjujP9j+9699133dVrd/fu2zczMzM1NZUVfeB03sIFS1csXbv2qE3nblp/zLFPPL75hl/85Jc/veneu++79/a7fnPzrxcvWnjSyae9733vO/yQQ9vZ7MjIyKte/nJEHmoMzXSmG2njRz++4eqvf3t0fLzdbu/Z85SUct78yYnxMSQEgY00yVXR6cuT1p3wrn/4x8e3bFl/9DGigZ28IBGlm1rxgASRRNWbYp29o6mXjbgyS50OktsGTAlDqe/8MRxtdlKRDuUgtVp06NUjosFKRjm6WHEPO4kY8sxSWLWmomNzoUBEhNI7HabwHifTU8mJHvlcnT8l1IWM/els0RCbfqgAwIpZKhAUHDUEYKWaddNa69Y6zllKkAWKhLUhmheQKwBEVHaYYSS8pPXpdyzznJVCBGAFZd9FKOJsJW1dIAAyJARImIjWULPZTHXuByKKRjLUEF/4r09ee+23ucgaRIyMSAA81Gh0pqczxUkrzfJc5hLTdP/uHU88+uiQgvPPOXfZykNUlo+Pzy9YXf+j6wuEsXnzuciLflEURS6LXTufvPG3v5oPsHTJsmWnb9x0+um/+d3thxxyyPDEOOe5UJK0q4kVKgWkkAnYTplIWs3GcJKkzYafa33WugJUSsf7FEPaaO5+5NEvf+b/XfuTH88bGXne8//4uLOfxkPDr/qrt41PTv7nf/6/395xNxEi8HXXXTezfQuQoCQhEgykJAshci6ybv+CS5616Y+edtONNypWp27YsGT9uqLdSxBBSQBgIEQFAPpWSu2z1TvRWZ8IgigaaZNEkiTgbGYTbEIdcjZ3VLICE+kEVkoBiDRR2ppSwMyCECSnw63FK5b9/Ic/3r9rDyment23ZfuW5vBQt99HImZ7EauedcX6kGUgHBkWDzzw0J2/f1cjIX1YOiAoxYoVKJYArWYjB05TQiFAMStWWvEj6u/bd/dNNxW9/r69e3bt2rHtya0z7Zmp/Xu3bXlyamoqBTjikEM3nXWaYPHQ/fffec/dX7vu+9f88AcnHHX4qSefsu6441euPfqEM89OhkZUJk95xjP+WamZ6c7GS54+tmQx58VNV1993x13zl+wMO+3H3nkUUqplbZoeBiIOBEgkmy2O7lk2Yuvuuqwww8//bvXvPBPXzuxYD53+6D1DLSeM2NBGbQDsc7U8pzGqJlVU8onZEZ7u7Smjl6JYruTU3Fw1FCsuZX9azaWZdVkMOwCgosfSoZmwLLh4B7jlnUZ/iWGWWfDOIdOGGnRDbnqyoHDDOHpK+QPaPG7Ww8EIcQ2ElsDw04JVBmsmx3dBMQfIn07ttn+jw8BMWksKqUc2BqUMAG15GAtFw7KIJShYr/9zMsm6/gMNtfGTVUat5VrBx2gBu0BB1UDNQRpYCPBZ3+FuGFLCmpjpKV49QDam3uAczwDPdTeLAOAOrs3IJt4ZBGuql0o17j38A6AAzH0rZfcQGjXV31HWIK0nPENdagLBlLmYNUnCSzD+Bez5CKyhgETUw+ELad1OAtTaJQC6LP/rd4Zd19W7EBLMHexvZabHCzF0JQjy9z16kVIgbJef8mCBc8++vxFyeS+9t6R5vBfnPYnRPS5m77ey7OhkeZse+bso05+25mvOWHsqNn+LCqEIbz6sRs+dvNnt83uaA0PK6mUDgVIACRQjECAwIoRgYgSoASQgAQQ+eAF+0FZPCgAMmvf8VqSUrbbbSllXmRFnjUbQ3mRZXl29Ib1f3TheVm/pwBYSlbQbDbSRrJ1y7abfn6jVDw5PkGAhSpareYLXvDHGzdubDZb8+fPlyA3nX7mW9/5V9/95rdAYa/dkVJJJQGhOdQaGx9dtnLVxrM2vfnNr0eUq1Yd9oH3fiBtNjARMitWLFo6f97EHbfcvnzNoc94/mXHn3D8JRdffOJJG7Iik0olQiCDVHLRvEUve+Urdm7bObVvuigKqRgQhkbHj1x/3AUXXXTBH/1RX/aXrVh+/InHKamY+ai1axEEgcqyfqG4yHIUKERKKJQqClkwYN7PpJQIIKVCJCkLELh82Yqs6C1asfKS5zzz0ssvayYJqmBzr6EJVsACkInzoig4ozRBZMWKjcTnZqOx6tBV3/vu1SgJBYyMj59+7qY/efGLJkfHGVjnYTsdXT+9bjfvZi/805de9KwLkkSoghlUXhT6diBBhCiSlvjERz/+q5t+PdRsKVnojT4MoKRK09ajDz3y8+tvSIZaE5Pj8xcvWr5y1ZojDz/6qLVHH7v2sEMOPXTZyoVLFzYh5bPhkoufftd9f3hi6xMPPPjAj669/tGHHzls9aHzJycKKICgk3eSNEHk6Wy2UNlYOrxh/fFf/vwXH33gwXR4qDU0cvzJJ73ghX88f8GCXOYiTRhBUCK52Nvbv3DhwsULF3dlry07KMzOvjC9h7QF71UZsPaJvkDXpYP4dcyaNzFWGGn9EzI5j+ABvN4oxrGh6FQozVlC7zUicmCz1kq4emZV9dQ6D5E1Qct8jwP2xFY7rOeQbIuYUUXMjqGqE4R80pTRgjM0QV1di03bjLKWueWi0eYe24FvmxEYWcqiUHkGKGSeYb8ns75iEGCYm7WivSC1klIfNmMTsoWWKQaGUJcN9+v4iQOrrCOCUiAEKzU70+50+nnWQyGklHv37p3K5NbNT+zdsT0VSStNpTQHvxHC0NBQt5vN7J3udboInLfb81es+Iu3vPniux449/zzhVTNsbHzL7n41lt+e9utd919612gL8BlkArMCagATzvuuHPOOxcScdEznnnkqjVHbzpz2ZrDZKctEEgpJkIlgUhfzOtU35m9+3Y8tW9nUUxPzwYDccOSwICKFYBA3P3wIz/74U+e2Lf/ymde+pLXvKY53GrPzo4vW/GKt151wikn/eC7V9/2+9v37Xtq+xNb/vvhzQKgAANeAZACtAEWoDj91DMev//+n153fUs0jjjiWG4M8f5ZaiQgrSfWmD0MVlIaNBGgIFTUaXe2Kblk70yv0wUAtHttrdPJURcCKAWs3WidTnv//n2z/aLTyYCAQVkLC9rd3ne/8MVv/fDHC8ZGVZHleZb1smVLlg2NDhdFYW7SNQ0zArBS03v3T/eL1a2RFUuWNZIkbSTAqJQqikJvGW40GkzJ7bf9bu9sZ9/eKbuwjN6Vd7vvffs7Htixs2jPdnvdDoACWN5qbjju2GPXHrv68KOOP+nkE846LUGxe8f2u37z29/96le33XvvQ5u33nnf1xri669+0Us2nHmOIFRZjqnYeNmlIBkUtHfuHp4/7/EHHvrXD30YEARCIWXezzadsXF4/jxNsiwIsZFPt5NmuunZl27YdObI6BhnfZYSNLswjMIKJIcmPS1O1gdfgpUY/D/gCorS440K10mwssoBHD3LFPj1QwMValhTZADPoWvWBsQsFwuVzGpMbI6Wy4WN3zO2Cq04CDk2xNgKdE4v7NybUDs1XN3BW9nT4SsG68QXrh1GXMwNrIQ0J2tCUMOU2tAZipaeagLLAyyRWoDs5i9PPqadOAju/QIVSKLGyj14QRHCWfKVhE+lWYR4jvTb2uC9G0vko4kb171GX6sFBrzUtlqpTYjJoCy444Yg9A3FLg5jJZbCfgG0UMJDVXeKScHaVzUA14YrK0iuMB+GIEJu6pfJJlwy7jDIwLURSkcoxz/NEqrQRDQiCM3l/+uj9+oHS9fFNV2XnmcA6gtNjC4aK6NgTsXVpp5mrY00TSlF7jMBKANqUcihxvDdjz74vYdveOnRl400RjtFbyRp/dnJL8ih+MLvvrl7au/5x5z+pk1XHjexdjabBYbmUOu7j9/wsZs/u3lme2NoiIEBJCCgviUPjBwhZIVICRFRM0kblAomYVQqBnNkQ6CwOx0eFCMBsCIAAQoUEp2xceNrr/rzk046JZN5g9OLLryw2+ts2nTOMy6+uJd1mZWO7hEiEuzctev3t9zS7eebzjhTsRSpYCUbmB675hgAzoq8ADkxMvIXf/b6Z178DERiWbBUipVkbjQaCJxSunTpsoUTkx3ZbzUaRJQXebfbQYSh0eFXv/pPRycn1x1z7EkbTpyYHB8eHun1uhJlQgkDI1HBkqg4/+zzjvj0mtnZdiNp6qEVUg63WosWL2oMpd2id+KGEz/3+c/JQultUUUuBYBCJhRFkTOCUgwAhKhPiVR5IVkBcFEUrLNEBI/Pmz82NvrWt/0VMC5cvJAAEClYjgzACkExM6uJ8ck/edmLzzj3rFM2ngp6koz6gyjEa1//mrXrjyIQBJQ0muvWHn3iscenQiipgIIgDwEKkKBe/sqXnXbmaZdf8ZxTTjxRAIFiJsM7BJC2MxGwlQ694EXbDllxyMhIi5mJiBGkkmONoXe882/Oe/r5y1esWLxw4cT4RJKkCybnjY+NjQ6PEQCz6vfzWWgT0IpFK1acu0IBd/vdZzz9om27t114zoVjY2M92VWoADgr+oxKIFGj0S16511w7oc/9uH9+/cnSdpIkqPWHHX8+vVIKCWTQAWgUBEiI85kM8CgI8bseIf1UzmhHvt9HNkyBknjfr9mSQbples130Hr3/NfCPbkuBXvL+MNOvH+78AE9Vz74I9Qn/sJG68zYr2McTEMs6jtNU/BQfR+wQfMrsxiDwAUG6wyGONTBSIWTYMeTikJiUiAktbmC+AnW9HrcQyKQSmpJAwNY2tYEEFrGIByVQhAdDcZe1hDzg3A2q2sVKGoNQIkQErbSzg2g1Mnr8IXDIhIhIiE8yfnr1q+fGx0jBLCoeHDVhxy2trOq17/58edsgFyRiF0kgkricCP3nXHj66+ZnhoeGJ8gkCBzIdao+c9+4pzLugwCJXnqsjPf+YzR9Lk3nvv7XX73XZXygJYEgpNGWPDQ2c9/cLjT9qQ7dqzeu0xR514MpDIun1SrK+7MUqBlUqkfRxKjkyMn3vSyTng8uXLAYCSBBABCVgZlqBMrmmR91dtOPaFL3/piht+9vLXvnbhEWt6+/Y1G42s005aoyc/89lHnXzyjkcem9q7++F77nvs4cf6WaakzIpcMYPiNE3zQi1esvTkMzdRI3nVq64cGR3bsPF07PWIECWbHFc/LQSoAIkNXlEQCQQBvHDBovWrDj368KOGRkdBb/ZVLsvP6cXGeNVXZDNwwXJ0ZPzwZTQ2OQZKCWaSjKy4gKHJyUufe9nDW55oNJpYSGQ+/PAjXnLlqyFJsN9x+hQBCFbAiAonJ8ZWzl902XOff+lLXwTMIm3ogyWU0relcZIkktXH/u5v77v7/tVHHglEwJIKycAg1dC8ifUb1k//trf4yCMmJiZHWkMrlq8646Jzlx962MTI6MTkvBSxEKSY5y9fsXb9+vMvv3znzu1P3H//D6++rtvrX/TCF6ZDQ5znACy7PSZixZDnKQCAOuGkE084dv323btGRkbnjU+edfIpV7zuyiRJVF4QAkoFSmJCqtNlouGJiaLdIyXJ6GcxxypxUYRAX/OOCs9PSpxhkKIV2HXsmABEFYMl560I+77KgCqPFwYHfuqZam3d2CKtmnb6bdW8KTVQNkEtGP83pRQrGEGnofFAqVFSREN4tNj4P0AyRxdwoAHWBspK1WGAhq9/LzdoQuI1PUZGu9vNO6jb0kAGU1/JRo2aDQy7yPgMjb+4WGU4UcE5uoaBJD0gLbzSy8E5ACpPHPPQcjtYvnWbiqv2avhj/NMc+o/xsNc15XXF2FNT1f+qHZXt1UpxZJ0l5fwuVh11EUWOrmBlyyIqJq9uDfwaKBvZpeUaxXb94CUrxUop1UqaP975u7d8/z1PTe/8u/Pe8OL1VyCjVAVSYEMbA8+71guZTTbm3bjt93/37Q883N6atlLWRy4gKOZUNLp5Nn9y8t0Xv+m5qy7qF9lsNjucjuzHzgd//Zn7dz141cZXn7v8tNleG6QaGxn70RM3/9svPvXw1GPp8LBCpZREHeMHIEXhcBig0RB7dux5/jHP+udnvG1eOj5bdASRAmUURkZlrl4Dp5QhABIBE4Hdg0dcSNXr9hVDs9lAQkJS2vGboAIJCASIDAIRGAVRAgKAJEilFDAQI0sGxQIFCcGCAQBJJGAuDKh9+lkGBBJkpgqddyVBMrJQKGWRthpEjX7RL2SRmEsxAVGrWohMDUyHRCtUsPWUd1U3yzMiEpS0RJMAwZ+vX/MwgALW9xAonQxmHZIEkIMsZDEiWgRJwblUjP4oTxMeUgwKFDMjA0iWUkliFgTA2hGjk6KFEAkKQYKABCQJkAIplQKrD6O+x4bBHm/JDFxAoQqmHKkAFlwkioCEEgmQIqaGUKhGxYgEpSBHfYWEnnukBEUOeRNMnp4EhcD9IleF4kIBAhGhQFCsTXGRiKSREmAOhQKVy0KxjjGZbVDMIBCZIRFJQkkCKQAKAAEih0JKCWCy3xSwMjuxlFvl6Hzw2l2v+YUCY9lYFQnM0Z7BCwRmkCATFmPJ6L/88pN//+MPbFhx7Eef9e5NK0+c6bdbaSrA3v4XTu5g56L3vltzxUoLzzocZzd/LQ8sOTXLm0OCXsoOcu9INlqGaSfYgl+jAVh4XPNeYERjcc668CeI+GcJH+adNWKVAilZKSTs/vi6PR/41+FGMvn2d9IJp8m8T5bJ6nUIRBpaBUjDzfwPf9j6D1cNd2YKEpobaNphZrS6HStG0kc6sRBC5Zk4dNXSd74PxsZVP6c02feV/9r7318eEk1opEyIhHqboXGHIxLai4r0LaCtRE61h07cOO9dH+Bmip2ezhABVgCmX+BAHARDYP0fACWi35197NHHZqemV608ZP6yZQLU1s2Pd7LiyHXHiPF5VRLKn9qx9YknEcXCBQubacoAUEgQRAnphCwWIm01QYBeWlKxVErmufVZQUNAmiRFP5eFQgLWjBT0Jn7WA2RK9MlAIAgQEQgFTE9NTe/ZlxCNLVo4PDKsul2Uep0p7fh0i1UCJuOjvW57as/+yUWLk2YD8oKaDSUSCagIW40U9LlL7dnObLuQBSglzRUmjGQ4xFCSUpqIRgIMrArAhJXCQmnMIlgPBQdKNQILAhL6wuqnntq1Y8dTI+Pji5cvHRsbV1lGiCAVSAlSAmvmyYYN69RMgOnO7ENPbAYFqw8/fMGiJUoWlKSGlFOhiuyJx7coQqUUymL+5Lx58ybzdofyAoHBHNbGjMgIKhH33X9vv5evPmzN4sPXAAAkDedECSaWtz94/9TUzOSCeUsWLAYAJSUrxbJAQfum9+/bvWd4fKLRGhKEI2mrNX8cFHO/L7MizzJtSYNASpLm8BA2G1D0dz+5VYjG/FWHcK/PUukMCikV6M0aUkEiCpVvfuyJvlRpq9EaGj5k5UoxMqR6OSMRK1SSWYGUDCClUlISolCKWAEik/XUWNmoWRiiSdKR/SxZvHTflz7T++xnW+3u+Be+Io45BorC5tvro2XD68IjbsaG+xo0lS03u6yqrAUspzKKR11Mr0Y3ZXA2gIuJhcGxOVLsdJGQJVa6A6i5vcX2XLqZMKjjRlcdi7eL4mY5HqCvEtpXsRs05OphLJAr3lLXlFPqwhH6AVqBYPoKzImDcYyWjM+qBl4/wErjpRhpODCnwHsnSt3E+fKhnu+xWJWY3nCMgMeofCno6rbZOZB8WCCsUh2IHbcxmYIK1Yk7KNQHtAUh5mNgIs6FZfqAwGYLEVSeMlu4PE3xREQDd4cRhOB5CzCakgpcNWQT/uTeh2pPNFgOUAF+BufCK3oUJCWDNNzfM8czyNdSSt84YDslC71Gc7R+KGQAbVx4xsd+mI6ySfRVb9WC5YctXvHwY1slgBDAjMBMSFIWw8NDu6f3vvsH/yGeCc9ZeZGSw+2iu7g18coNl+/Np44bPTLLe0oWYyPjNzz56w//7DOP7HuyOTpSgNJ5fUyAWk2P70khRAU80hpaOX/pcDqklArGotl+EAS1eisbBszsZI4CQWJkbERKWSglOQdJiFCALDKljU6tGxFQAqQQFSph7wtBIERAgUh28zoDI+RF1lWFQ5b5B1HvM9NH2CqQDCCIAFiCQiBmmYNMRJLlRcZ9QcIcCgLszlJgAELOOOv1e1Z1ZnPsJYIgSpIEABSr2X6HNNGg217pcMhKCzslJbNkJYFBKbZxNgYUhCklQiTtvIuMiUhJ5yQanYsBQN8cyHbrEgkSScIspXO6IoPeVaFYARMrBpCYF0qR1q2d0wVsUAf17idtkjIgg0AGUMRM7HIiEZGRBYi+7CGCDsxaRsiS80xliJjLWZ2fDApIIDKSIEGJpgqdrEXIgCBR9fM2IipWCrw/ydiHZvUhESqlpJIKmBBzYGAQKBDRdOM9uQAmJcoJSr/2glVYkdw+4TI0BOOlai2r/8Pj2Z9nPpbPWplh2J8vWQHAAzzIvzvAfxyzIMdkI4bLNrmXS0Wt7DMCJjgevC5mGoxg8MMVRLKmDNaWBTD4XQiI+jMrZRU6BVkuhkeaSxeqh/bpLdF6udmjUFhfOYzE5k5CfR+GSNXOXU995F8pbXEhQWa9hx9oggAio8rHmpVXOkz2AkKhCKGx5nAQKWcF2vQPj88avBt2geZ/YimbreF1p5wGQsBsO+/3WNCq4zZA2pCzM/19e8kctcNoF6hIWoetPx6kUrMzqp9pq5iZOZMoBBECYtHvQyJIJEiYCEwEc9KwF1QqlkXe7gGrRCSgU/B19E/zZQRjSwAAKFTAgpAVFDy+YNH40uUAAFmfOx1CwaSAGUmzBmXu12IUwMXUdNpsLjlkJff6qtunREAukQGTlJTK2h1UCgFIiOF5E3qPpT68h/WBZ8wgFec5SOZCMSJIBigMVGznAsFce2ORbHk8MTMhLjls9ZLDjwIAyPuq1yciH6w2wkHPFdnDlxmZJ8cnT9t0CIgU2m3Z61EiUBbaYOaioLRx2LHHmolVEnrdfHqGpDI40zsaGBBQMQjFG07bCI0WzM52d+8hEpQIcMZnoJouW3PksiQBKXl2FqREpVApZlBZvmj+okVLV7Bi1kZpnvV27DQ5UEBpmnCSOLUpn23zzAylAApA9b+NRYeuBiKpUa1tD8WkGZxShMhSirR51IknQiMFfRRdv686HcCEQEJwnBLq0wFJoIqdyuB03HBGwhVglnHI5fyaiB+/pyhYRuVSVY6hYQhU2NAN5gJWXt6B+zFQ6rzOXqc4W/AGMdsDSoOQGR6MFTBH8yW9vL58bfslMzXWxD1CQh3VtWMxzLUH3gYtlTxupZJzwHyQT9WKqG+z2nfYSKhf2Iaq7dSINtu4n4Uy0ZYBCBOF4t9jTSCa47rdh1C7ZMofaoBFBLuldo4CzrXtUXKglm3fDPoeizpc+XkYYO95D3jtrwfx1K6lWuNz0K+lkvXRV8f06lxQB7Ook5jeEDzq9Svr6PLulqi+dm9Eidd6YUbKiiZtC1RYvXYunSSyFZ0G7bPhQ44ccDJC6sv+iubSFfOWykcUoEyEgEJp3RAIZZ7PGxrbtm/3u37wMXWxuuyQi7FIOv3uYc2lq1pLWXKhivGR8Z8+8ev3/+QTD+19fGhkXGmXJ1klzpgxJmBikEaU59nieQvWrTyqiY1M9V1OpjaRzFkc1pxiG0VQ1p51g1eqkEWhQN+WywqlRIWICQo9bGST80laKdQRNkYXcWLUOh0H/lcQOmnNrmsdwSRAbaYqkwCrrw5AYlLABAQCCyWRqIkNBBMMBCAKPA3aOqJEWLNGa6fOc4o6bpKkQEyI6Cq6SLZTslgIYR3vOmTjnF868iKASB8Q7ElKx7fZxHe0VgrAoPqcMyMhku0Kkbztxjocwjp4g2ajkiY5HbVmNgatypVkfZEigULFIvABo9EkyFjdpPHooNJwMbBSTEQpkbmJ3ZK+LgxOzAkEACYm1vHz8BR9vQ6IgkVHSMbZx0BIensPW0druKoIyGzcMg4Lc2wDQ3RQDPuO9Ad2xKtpKZLHdsYD7bHusQgzUTBdyxp16BhZhcHXse9QHJjzayLuXfE/+rreZRj34NS1avQgdMCbF2wLBhaydd+yDTCGPYJDXzySipJXq0sCgLsGGQyzNzSuAEAp7W0w7gHV79O8yeHD1szeez+m+t5FbWnqazbJ7GTQsUt3zASA6vR7v/1dgwRKxTIXUkEjVQ6eEkrtsUGO2FVRiFYrPfZEEAlkPT3sYNDR1DrNEwFBZ6kqQFQgUDFm0zPITIiUpIzQn55hBJE2krQRAKHjukoWRb53n0kKBXukI5LNtEBgvX9TFlkGbPIAFCBJxcCgGIGFIESB+hJHR+LowjyGP4BiICbJQKgAud2RIBlQEBESsiJEIGKpkLQHShpUMaIQMstllgsSKEjPHRYgGEEgIKIgpcczm7OUoCTry0vM3lomQiEEAMosQ0FAZJScwMfkV4eZAAJAY2sJoRDVTFsqiUKQEISISmk7HI0XlJ2tgXrgoBigyIti915ATPT52ta/ioKYSfaLortfM1/IMpJKICIRSM05NDKN+1EB9vdOKZwWzVZzZBQJzG0vXjs3oihrt5WUwpzvp20/c0hvNtuWcsbkTSkliNKkgQYLDAg6sUtPBxIxggLsz7QROHHH8LKZfWCbgUzEkntTUwoRBBFgIgQRITDqNCQ7F8BM5h5YBgBFFKpo1i/lNHrtOUc9BGBQqNN7lEe27l8zcu/5ipcORgwCzcI1nuwSW9ZnI1a5iVGXwobCXsIm3E8BXWnfjOtMqwSlcBwGRyhB9ewc+4RnBZWMKK3MOMWXYyZMld2errAbUAh+bYQnQIjvmuPC1gIpV8GKmMCS0VKrfAcCQLE/9ceZW/VWmZMgtics0UGsupfGNVAkzzHpdQOstg8RBXH1A5rN76HRHsiwuHUyjs4IJA6lR0U22lVWnR4AjrHjfDFBy2G1gUZ7WIYiVaNUvkRyESzBZ1fSlY/IBiIigQGzVAas6hMJpworB/ZWeqmOoraX0jIMajmNKFo7HOcOgB4me5iTgZY1lhEZFPSBrhJ8pqIZoCOdeOQBJiy96YoD3C22Hw5cLDrApau5OgSAgLlSKSQrx5eSBFkobCZKAbIOCAIyZHk2OTG+bd/ud1/38c6F/ecffmmDm1nRUUoJFKPD4z98/Jfvv+Hj9z/12OjwmJJSKWX2yVIwzfqvjYKSwLxbzJucv2piBQIUIAmFjdZiaGA6tBnCcrTgOCcCJYIV64P8UYAgodcrGlc2GqUf0f8bU4W9Wcy0HthmBgZbRd/IhjZPGADN2RqabRAwCmEXtI4LsNM8MTBQdD+hbRDwcy1DykxHehnGykhmpW+LA/2vsxWB2ezLtPqWObVFgTnqxPznsYwg3O2WAGg9OGgit9qORbLHFNtTGnXcwf+nM2+JkPXOOW1Bod+urEO0ZDR6NxFebbQNar+MzndXfsrQ6T6ODFCfrazNYPB7Nc1oyK5Ao2kDIIK9qgcVK8MIdB6hozUz9eboFCoTjDYx2R7R6KvYL9aidauOLXm5abEkfMD9n7akiSvqzyWJVPafBcLG9huKHwvw3KwawLiESrpXPXTWKC5JCA+7AQWC6Chi1dAMR1ADkAVkkLrAjDqQrQAcyev4tk3/MFQGCKxYwchwsmyVzIsUExYaKGLU00aBkgCW4CQrJYhwqEV5AQpBNEUCUu820M4uQL8EMRT7zIoJSfb6yfxFYuWhSq9mJN9LjX/USXENhSMeRELRaJBJHgdExIbeV2kR6/7Vm8YJIU1IKlQKpQS2tIzGOYGW0ESSsGLQu0cVg2Bnh5BmKc7gtGaTXtVg3wJYxqAPKksFiZQBQUoopKcKne8PaOLUxMBMjCDIDle5609QFWAyWgCQUKAgYEGgBAiprWXdKeqKCCIRhp/ZHQMBVh2iiJFtFqhZYkACUyGgYaZPWr7LxpcRTROhO3EdBSWoOzWFtdhgQCAFJChtMAAqBiLKJRY5gN5swfEpyEhEmCQsBGuNU4HNHEe3ldr0LwQIQqmgKMAFKxCQMUlSSu0REqxQsTlIiYNJcwqf5TOUEAIYlBpx57w5qM9YQ0IhUiEECIHaqaOcdDI2sCNYA290Z3eg7Whg9CU2hrgtjiNFLlzzRmJqeV1OCTEc2LOKQOWLzaEBmqLrwoGnkT6ICyLarN/YukUI2F00XgOtK1Aq4/hkyE5L2n/JAnRfwl/nsCSjwqWxhMUsPyk1VAu2bTJSpWuLubUWjsjJsqgO11WvVCnBb6Su41fxuCrAhHy6vpeoTDii0CKqiEDnbTGdGvIMScIsk6gKz7FT1A+wLC68pGFL9QFuQ/UmHmtpIF7me0IFrJnoGhDLBrk9ijF0eUTxUtuHXaTBEphDTwla4AjfvmLZQOVg5HaxhGvJGZ8OrpjLxu0MUoiMYImljfsakBDW+YYC29UEIfR7e/7QYNOfK5vgQ9zVEopmLwPaG6SDxdqweWnmN5y6KATqZ4MRdM6oyc7acOj6leOLn8if0tehgQIXrQLiXPYnJkZ3Te97/w8/1Tu/9+K1zyVOJffHhsd+8OiN7/3xfzy47/GxkXFmVlyg8GKYY2AM4AxIIEFNDs2b15oIh6QNUGW13lAh09qjXzrB4O0qRXPAtNKIQ7KKXyngbD6iVlEV+nlxwTNtXIENxiKZ6KtC1A0aqablqNVSgf3lMWRHH9CgIfo4Gg3h/hCK150tFKW0gLVMWRsGumtycgcAzSUCRq7qxGKjBuqhBQ1aZkj2HWryQCazDAMOw9aXAXbBu8ihM2vNFJuxA6OyF45o48mnYrO7tQCd/WknmO1kWKtFo6iaAmKNT8snAo5NdpswAmlnhKMCBdYLbnwa3lEfTgDbUVTXrpM23saLZ8772m15C+BBPBi4vuYQQWVUlBacF8AeBLb6kJNDjr+WNQv3xpYITRos/eZ6jbBR5YSaCaGP3oSqUsDWaz3iB37hOlOghHGSeNvX6kR6NMw6mQAYkhVriiRJC2UNG0BG9iFBW4cNW0JAzDIuGOYvTIeGerv25DNTaSs1t+mC2eQJepyuW2bUF40QYp4li5bQ6CjLDJQC4S/EiUgQwOhOzB50heZ2ClbISArsSb9gOKBbh1brMQ0qhYqJrcONSCMa0CaqGP1Cu2Ucz7Bnu4IxTgxsFj9OppiFGgzZokwB6N2tjABocjXYiEq0LIN1rgabfXN+LTtEWJ8CMWtmrB1c9gZOz7lLhO+mL5T9jibcRHvMI4DeeGBNazbBetSmvlseFvOMmomSzjVlUAxITsQrZtJWHwIzKXstjc5Q1T1689/yMWsMo/GRKgDyt2h7bmgGS8CojeTKg5YEjfAjezC+VQ2QKFpyShGaAwHZS26tD5lp1kIWFCiT0ozocms0YwYtbWxPCP6eNQ0UWoPWvTR7hqwz0OhxCF5K2l+M4A+grmUHEQdmP+1YLQJ2tkqNsadAg0iu/BQgmsOalieXGWUM4UHw+JJdOrBcwJwrvwSspXSS7QHLV9j1HIUP5qfIIK89qrT0lGNDZbhD3TtUWcIYYxUGtM7QCL2l+HgsW0vOhQjmWN6VuyvByeE8WhUJor+DiMYDPJgSS2+rdOHWUTyYQBEMutNgRV9jeKode20ByiSr1y1UQObAJqxfzVbMOWosNVv6ELXsqSLWWYKmatFd61IvlSjTbYVVBFiuX0GDFB73PqnRivSsVgCLYHV0Eup5WClWA5Dpnv1E+nUVdBaW99Tm0exZudbH/NQLSrpF94Qlx2468tTt9/6oKGSCAlAxMxAwIQoGhALy8QUjU/tnPvLjz2RZ8er1fzzSmPzOgzd88OefemzvkxPDk6yUBAYC46PVYOgIPIJOD2MwZ+HmWd4UjQ0rjlkytKBQkshIupDwPQtAcMYFYOR1RqMLgsmtxQDLCtzxLBjPmdZ7nIi2poifOE3gbJpxdg3o4CdGp1UYgK3j2qkbIZu2vi+j9xs1yI3UzpArz87xi84VHECvQJ+L4hzYeoBG4bRKQlheoT0oqESo+oVOfvZ8FV3Qy0oHVxWVsxFtPM/qzAFVG/wYIiPw5iiSsUIxrGsNP7ZAuKln7ScB9Hav44VWmQJHJwbO4JhfreyY+I5lCYwMjC6kYjmlxYE5LybQfgFsRkpp9ekRcshmPXcxUwMQ7mbG0ievDs391DvOvQIRBAGc945j9mJ7sXHgQEK7tNKqgHLaEwZteIXPL5vQtRmCF/ibTR++LgeICNzAA8VbQMBzaWB6HTiSGlQCGHSYvps1jlw7dNRRxV33JkliItTaknT7QN3A9EKSkhHHLnx6Y9PZYni49eBDT117dbFjG5G9vUPnztvTodFGYZiZEEFKYBo6+wIcHuGsbwJbQOCOvCrJsjDR08kFvawUMyrPc5hRBVh1UXcAYxuEm+3REELstlAMQMzMbK+89ICQtkC0FYEU1LLUzzpDwe8JNQtdsjFX9GqyR8VaHykjmjPIXDsW69ZE1UEiE3j0Zi6xc68ZtmLaICOQzBADWgiVbw5fRkhnnauNVititlvv9aM3xNoVYcBhAjA7CQx8SAyIDKyYhUKlcafs8mRkZfcn24w1B6xuFREUACog0imc4UpjPbN6opxnwXFcs/nZbvy3MAVWoRVQ1g0BAGaXJjvq0dLcTg9beag70bm1bFQK65O0fhpdA9HksZhR2d3VRhf3s4Zm1TKEGl3kmi0vfB8rsAQD1Yf1JEQs2y8Ni4vBXMVwAeNUNptHrJvEMaU63dIYOUamogfY6o2sfSjeDRdoAg4tlquXbEgHHMQl9SfwGPYiI7S4yiGjOc3aUFKx5d5le894qMzuhtouDmypxkcxlZFW+yBYzbZm1KUBsoW8bHmGTIKNWLXfmPWeSrajsLIstJwj4RjogQ5dMchV0RdJT736B6Er8u16MsYKkVT0BbSmVkmYxiRUrjTA+AwR6OaoPOlufLaoszMhxHqoOTtuXHtCRKyHlCCMzMWgx/JLC67rFKsojWmPmctDc6ZUyR2gK2E9wdb6kkLi986FmvinRQf6lV/lHdVngFI1x8ORy8J3U6exWtjBxMaAlc9508DpYgzaj6pYoUKkjLMJnHz28Rfe+MgtW4vdjcaQYqWdjqx3ZQpigkwVY5OjM/tmPvmLLw/R8LzmxIdv/PTDU5vnjc1XhZLIwQQwMGiliE0mGhlmBJAI6vS6G5Yec/Gas0ZoqFP0iDAMPZl0lUB4gRVtdpARNm2Kpfkh8K+yvlocgdHugdTbshmqswGhEgXaj+1inLqC2dSEDGxuewfdowdRL7Iw7DXos5VWaDGnScmtfUNZDiJGBHPUrdW2PLBg7GLUoCBAsBgwGJzP3AN0moX30IaEjOjgMi91ZNpIRcPwXTdmapCDCk6vMdpNwHPt4DxTCDl/OMfGIAzJ1/9Y+ms4K0YjD1DgIVPl6v5BBwJGL8uFBlWO8c5hQXsEqlXMK9XneAJGHwmPoGsMV0jk90UIM8cGeeVr/GvBqKoSFCx1DBpI7FQOa9VwsHLLTlWqTPXcj6d/wOBbiRgslTGqLKfJeZPnXbLz3vtTq6QqtKzEuxDcnKHK8uaqVcMvexWtPoLzfGj9CRN5Z+9X/1soBkH+nFu0EsjYigAIKAT3usPHHNc882lMCN0CkIyBEQ/DrGu9zsqIdPyHywhiYwS6vYQam7GDhPWRShjPra/ifDumT7QaGZj9h+QkLhu+qwFwrkQ0pgTrPpgh0DnAcEmORubHYOQP6JY5/hkZlHGwWOnr4Iz0CQBGndhMAR9hx9Oinv2a91zPJvVbRYWZMUKr6QN8k5qdu12x1umoebNiNk5MPaXsygRms98r7LFhNRGw+A0YJzj/QoBc+4Estfsho5kdU451FndczTcLEPoZrGQI2ZoWk7FFZ9+jnxtDOdHCRyRDAd7NGw5CmTOlgkFxUDmG9oAcJUJEOED3KmwjYOIVDudeYOWnASKhnneZ1g+8m+4AT7X6nP7KSu05zz5xprv9DBYB/2ewNZ04N0Qd5P/nlgce8jTo/cFE88KI6ODQeYUm6/ry5tlcKHfrq6ZQvSle3uVa1oEGPgNgDqeh3rSrfP1ftB8b5IYegsJzKBWl5yCLze2wBjgoap7bewIwF9wHP6KoTvAkSOg82dqED8MIYQWsHMJbaq7WjC67FozgDufJbteJuHjAuO1HDv417D3QWXXiI4I+yZ9mi/bG5SedvvqEb97/w4IlCQIlQQCZvE5tJ0Gfs+F5w7Ozsx//zecR1L7u1PjomJJSoQQr3E1mmPMTK0RCILPfFAgLqZqQXnT42esnjipkYeDSZqG+QC2kfCfFSzhk4xDFsFwof80JItoaIa/lROaRfmMPuLHIQt8tkhGrZvs7Kr09BVmxUemDs2BcmJYCVzqHwDmtxByBUyUerg7WGGrKHR0EVjWMmAO7LKVA6gcEE0Lkm2fHt+zo0TXJHrFa4wsFlWKbEGgVWKeiarcDG0vYz59dLGYrZoW7Wv0Cg8KBk9iZIsbr7Ioa1IbhC59qD46+SjwoVKLcFFrq8hpRUBa9/A36DnwE8cOuHBqd3QKAWFM8rGjzBGtVB91ESdCiR1jASUK/YSyanDN+ICAYfwgCBUE7FvV17IvI3p7pEYQu9O34FGuY2W8o9DDaT2HjBxAkaGMlOs5E4UAcD9Bzafduk5Ldfuvs85o/vrb4w8PJ6LDR84GBCNmzcVb2sK1CpgsX86JlsptBtwMjw8PHHL2/1cJunwU5hJgFoAfOOkue9IlhIxc/C+cv4H6XNCr0FkG7/hy9QjzvHDprDZKwdLyAOwCWA8jBaZnGDxUcDmHtY7eunJvC8RcOSNcuDnJTGvQh9cSbVFjD7pzNZQeiVVcdXdbpnXqPAIMbItiN5mZVot1fYhiTguCeVc9zTYaKIxfLBIKl7da1i2CYMjE/sthDty/E+Af0qXNl8R0bT8HKYnBhX/A9h9zH+OUwVhfQJto4uO3AfR6Nlg3sV7LmCrZ0sE4IIlIy02rBwrC8FnzIfre5h8EIBwCT6YRWOqElHzfFujdlky3cBJDr27AGs/att8EKHlDmsDx9lD4jcDigAIMW6JDPBCN03dgP9lWEDlc1RpIXR9UwhfmR41k1nVn+jK4dhrqzhcK4aDi+AZN14Ifdgi29r8Rzqr/W9mUquJ2oMXxBiNI5DO1KtsGiMIxZB26l04pztRS/rW8n/qDzBBAGd11tLRA0pQiV0VjK8JQnyfNJZ6hXEB52ihZWVz0EwPLDqIVaVEQRy/ITEXUwrkH2eFCGuYQIV2AOEqoi0PFjtPQZSrdARfHSzfQOhoy80yueylprsLTKam1m/Ym1VxQrzNGqJZ6mB/RVwoGB3yLAssSq3lQm41BeDRqg12W8HGQrBupqO9D1twNBX37KjMBoDwOwwIa5RtNe2ylbwWW3WfRl1oTG806+dMXIkl6/T5SAQCAEgSSQ9CFuxECcYd4cT/cWe5/q76dGAwAUSO2hRi+EgzC1Iy0mVpCKZLbTPXbx2gsOPbsBjUwWiKhMVq3jbhpuo4z6DxabdkKDRRX8R/58QEQADAVXIAx8zlaE4ugTltaojSwrA6odrZHhSADkc8yMRCHfINoMXt8q+r68ePMPsNXU2cEAYBMmPWC68djGLC8oM+zoJxcF85LbKQv2Q8kqCObVLxl2Gp7VaexGH6enUoB9AFD2jkXgkFxsM3rWMOo0Wv9m/hg4mCDQ8EMAP5a4rCP9gAbsC/uvB8TTm0aDbZurLXpQ5yYs/XUOTsZgQ0bVnyxVeEy5/0pNBD0HS6nucW8D6fv//YlN/QOzPi51jQNVJV/F0k19CTInT8djR8sUHQdBAoSigAULJ591hUzRUB4xRpeymosZAZRuWLWnhQKcnE8LF9HkhGzPykJygib+qVNww/rIAECNVM60h044RZy6iVlCkXuDXCvyXqY4RHiMeOpDizT7N1pdFqF636DOz9QaoqmrqZuCDGHXgi2MIeWgi+hqZyLZZW2XmlYtkMyeRyQPqZZKpdVm2Cc7bY1DHmJ4jj623NuuDFZX09/cVSv+8eseAdDkCYMfEAQyIabK0Kg3bB4sszdbahm5QqRGF0AMew54j7XyIhFU9go5UzCQVEaHsdi1LIZRuYNg7Uw52W8bDEcWCBsHFcVqqFUcLV/EukVXZrQl9GkW7fbR1z7hPNrhuomxqNFYD1vxwqnSoO6Zq79XZrcWHP9UeVTte6ulWCbsVCl2KkH5CaWbexMBacA3cxNxtQMxY994gDCvgpUyDgZj4ADduO4q1Qd+GwwwmNVo5rwk/d0HjKuELQT6ka8Qivs5JqKE/OrsxCMs2VEc/DtggJ68B6LDIeH/9gyyiNxuBwu7QW+pFgRTFSkyFY8Mh/oc1qCr9LVES/prWbIbYRdDHqsh1Sq1Jas/lXuplilNSt0cDVqtYSM1C8cq2KGQc9z+AGRWB0O1CkV0HevlbtWHbcQQ14yh1F84df5j8DWOD3jBYqW8lkmGa5I5h8bzdr+8rUjT5zYIQVP5zJlLT3rhiZc1Ie3nmUgaRsnQ/krrwSVEqThtNhrNFgAwMhMz2Rv2QG8/8hFiZsWKQSFLTkXame0taU6+5MTLjxpb05e5PTbc5JSW17UJCETD9o5Qjv+Lq7nVg6Wt5KFAMQpQzUwHuRZ69Fih+1jpCYFAQnORoDdUDCJdqbIv12mB8cPgB4/MseHjzBTTpOeOQTcRUtyrSLKTVvSQ3CUMEe8BM+9l5KDZDhXoB6jN7tJ5rp6MrHwMZ8Rv7Ay0qAAMrxt53hMvjmAo4OEOJsyrNwHnDDBkyqmYlpDdxlEj0mye2cEJD9ROiUppDCfoIBoxf2N24RwZwRu2+20iLhUsnmjLRRmTppW491gjqEClP3OdHALz0q0yo2lZNHqdGKNkAeaqa9DZTcHju6s6YkHzPn33UEza8aozBhUiJQl3+0NPu2T8oouybocExetFEybr83tYFpSkvSefaF/79eK2m/N7bun88Nt7rrtOqAIbiV5LgJ7cdKwKGVCIYqYrliwee8kraf4CLjIEDGjBxEjA7vq27/Uowsmx6GaOZpXBsXYOnW7osOQ8KCEWgr7YHhqjR0zhlaihHcA6AsqmgDFZvLUVT3EAh51QsKu7xGoCcLxbyAOrwggtAqM/2t1WdwMlk3JjMng5JhUsqaxYskiNuR1iLJb+rm37UOm7fRkPPngsv0Pwko/NIJBjQeXrM4A5AT1CL4BPqjfbY7Vb0tEHgrNXY72Fw0FiKOrYMcjSwvHw1LESX91OVlnhNo7DEk6iN5barFZds9LLEIUc0X609MM618vTIpaHVPtToHgwh0pKCAvHRd2eZijrFdamdaq5s2MjWKuPY7DxzNWgATEO5ljBYWxpy0hLmvccVijbXcGhJygsHU1raODVqbilTt2Ssr9aOTFggGXYSkWi9evcQUYYlSuHojGGyttp3h1QbcEP0w1B/wH2i3cuw8OViaej1lAc9CHQaAZSD8fAx1bTYBxXnAJeGZvTtCvbZoHsLoFkeL+dqAiBrm5IdaVfoayKOFKfm/B8jQofKDVVbaGm/BxKVNVuqIIdVnB8rO5JOMp5M6ZN8ArnmKGqVV3tho2qUDqpyi5+xzvKT0h5GH60wg1tK4DgD55yB+oTkAQpZfHSDZdvfuqJqx+8QaISQiiprE5BdgsKAJqL9JD0+rR0yeboOpuvxFpCowIFnDaTLCuSHF52ynOeueqPlFIF54Lc0RlsDSeDBqMyeWSTxa1NVghCwej39pSECtYdmluaiAiVzl7Vl4YgGq+D5f0MEGS3sPnOJYpykwbAeteLnTsnVS3zC/Yu2amyumL8b0l3snLQT22AOw7tW7ZHEnnsug5N1mywwNm272GyblojU2N9kUEr1yYfWVv85pBxnUboHOzREsAAEvsBEZntqVUmBSzqjt3GKu9k8OHA8jq281iakWjOfUHwiGBwx86Yc0c5QnNwKI1FVuB79sBGSHUIpWjCKg+CNh/cuSn1jyXP+LTtqoBnP6FW63fwOQGDZlBlGovxG3QDgaLDtt0I0SVoudxIvRT0OMOSbjGIKUePJWMGMifQEpoYmtI8zCbbELDWjs2ZpQBKwcjo5Etfk215Mr/vvsbkRKH0pSaIyl4moRQoiUohIM529n/mk2LhQk4SOTutZmZbw0MqEUaBZ2Z93gozCADFlKay089QLHrxq5ITTpX9HioAm+Bv+Zc9E8svCfsPh6vTie4QaRzwO8tWMLAa2frtXGKgZo2RnuCoVZME2IPNMOjGgsX24G9Ti2wv9hgCC58PsfkZD4MA7gM6P6rX7vR8hm8VMyKwvsjVyKSIkWglhO0JMQPpJFrDZdERTgG7lcVRE5Gur98wgD/VFwD0FsxIlgFA5CGIa4MVK5YdWT0jAsrpDwZBljljzXKtfcKcW+/6di2agRg6iFRRo5+U9Bl3IIuRtwh+2JZybHMuSGUVEV+qhOUDPE4VsOCh25jALjPdFHRCz0yPkZUY0CGEqyooW8FdUCBsvYZdxz9ZnB/Ehk+H8YBzMkdGe7mRQYZWALYXxFbDLlkmg5R1jC824ziyWqvNuor/m/dashimA2YhzUnMFRqAykS4EelFF/4a+RqiM4H9fLkPoRe12jgEeBgoiGOrBkuFbMUQkrkm1JyA5YikxMrjr7UtDBiF/wzlCagOZI6HS2cy1TVSBc6xHQdkzGQtYMwlhELsm3a9l7hv6fFgDBga1x2tXJ2jaDBOFA7qLjbvS5yk9qEKqkK/BdaCXgI0GlUliFFPMVhHQEElr/qGnEQnSCGhvYmkZmS2vAJFhF3ZW5BOvOnsV5+3emO/3VGsRCNlAtARTi2h7TZO4xonJgIgBlA6OYmVYlCsmJXZwsHMqUjyXMlO9rzjL3n5cc8bgmZP9QnRXV/poGewnk7nzADjfzMuXc0+2A/Bzp/VPGylkFQDAehYMNRQPhoZZvdnOomEXhECxzYCm8N3bF+79p1MQ/fXM0gM5zyak2CStN+1OnM+wMpgMFOyOz2QUUSXLd7M3txg+BZAi8RQU/XNuCBrSIZBs+Y1WVsr0G4ccOy9v4iVIl61cq+4Zs6ibxREqpEBzaWCdZXcfx5DJZEV1QC0Xjo3kVEJjBHhx2Bm2acExJy1/gkivYP8dhhJx9LnMuA16K/Aakt4ToXxr7XNWw9GCdQDaleRPCvVsgvDc2Qu89XYkRGJJEAb8XKRTz1x4Qkrlt7YhwwBhVD9Hq1cveAvrqJDDs32TwtkQkSlQCqQCgoFSuorDZmVSFLqZvKxx+Wjj9Fspzk6wmkCiHY3OQADKMVKcqFIJKqXFQom//hFw5dcpnSDaEOykVKpV7wDFs2QTC6LPRMJHdsrYdJNH4Ztmy961ZXo12S0oj3BzDAl3ZU+6lZvwEAgJ1Xs+UMWn+g2Hpg8D8PK9Wm47JOS3FOC10GJjMZt5ZlTKGS9I9qMOhLB6C4gDTisjuEE7Mr0bKWKKRjj0ggkf8y47sxWt2wV0dz4arDkCCyYh1rBa93+boCG5VnYA+ER/BBirPqYFaC9Dv5gggA/JZoIazpBweVYcE1HXPngMBPSoHbGVFao/RY4r60OEMo6DlBd77WrfVU7oSEE0Q86WhKxutgkc/qi1zIRo5UXE2DYjh+M/alGmJdaMHBGe6YDQyiCjE2DhkXWkkZ97KvCog/SovDNVj6Egy/FoFz7BxANkaRygsUuF/vVzAVXBlzX9iDJaGVx3H+0Kq3ywxzKoIENDgSh/qnMeRkSODhJauWm4TTVKk6XMhDWS8/yU/VEzE0hGD++SvB5DgcHOM3IiokDdwllMo5IPSxTq+PFVIql3ioh0BqAdZlwedVOZtxsFezg19ra5q255VHLzoAfGTAQIcJ7DDpbH6pnsQriFtAfwlCV0LVMxP2q9KZb5Q/Hs5epgVW1Qt6r/0cAo4wgKECB1C3aR4wf+pazX3P+oRvz2V6eZ0IIRh2l9J0a2xOBAPWx+eTWJrC5580clwNN0ej1s6KfX7b+/Nee8uIF6by27AKg1AfbGX3LyzMtsdjwh8DCMgufwLlWzU9oZ4ecwhOKMSs0zBcn16054/SZgO8YH7AujqYvv93GWUJaO7YamxMyaAHTnWnXIVuDscr57QeryfnbS9kP3TiYMRqNhSAaqJ7wQFczV8yF2mWpf/bILwFlJZw5iFAnoMYuQMPKEYxXne0BS16RKqkdfm40fyLQhyS73sOPAdKUvwOUS39DzNtVxkYLBo4NXl2yFPEDRwAYxnuiStGQ2Q0xhtjQtCFgCjWzuumve0oaoh1NqNdq6tSzYf/1TrWAezpngYcvlAEcdVVSc11dj0+PFs/Wwd4A4bhW6BqM1LBYdePAJvFYdIoaAJQIw54u4IdZIhb9DxGQ0NsRI0uJHPvlaLREAICEstNJ15+68I1vxTVrsulpzAsC1GFPlgUUCpQ9EQVYjA43lixqLF2UzBvnlBQhCLPNWTErxUpKYEgEqZl2rmD8ihdO/skrodmEIickAGSj+Fqw2fuugvF4u8F9DWWNwWRIZfonQkeh8Y7xgCJ0f8FNIkGHVm/RdpXJLSW9LZYd33UHwrqZ8FaFASn8DOD8etGCNb9j9AHBOA6ikIUlPC/PLNTO9g/7ZbugMXodPLoHo+Y6pLDJcVUhxynzAjv2iuJhJYlZPejdiHp5GBMRgx7BCpPK6q/hGf6UF/CrLjDeNTNzjtsQPB3N9/TkoXdMKprPkHlFY/cQeP7hR6KFMZTVX4h27BpUW4ybl7HoK/cafgELgPvPB4CDlxYg0xeDw57nhCrmWhCzuBqDqgSY85cFoNXoz5UjPJACr4MvhQwRnhykjkw9GBENQYT5GNcR7mJLwH3l4BPEEdfaWgFewWnCECAzGuxggwI9sdZUqWuN4y81glrp/V/20VsyBgFghhaK9FBsVYZgVXqOcBIjCG15q1LaSEZQOASgro3yrEVABxjX84vVE7qtbyJs39FzrdEYvQkENLpfq/RvQa2Z9QB4DW2kn7DVzUrICQYVjgXsuUG1CPGtBdMY7BEJGi8JUFu4gjmoQhs+QQsMsd/cm75u9sEuybKQjP6WRqQ/JDU/GvWtDDEPSEhgDkSssRO4IruqXQTt1/yk+a4q8WZAd5U6OGnveLPOUyFzloFWM1AAdrL2cQuOevt5b5p/yxeve+QXM+3OaKslRMJSAsfuDD0gbb64HaDKJ8iKJGGAqdnZeaPjz9lw4as2PH9la8lM3jaXyBkhhzaqWBLsbH4MMlB0Pib4PS3WYW8Ej2vLo4e9izkSD8E0ldHpZpQ5VPmc6hBMQp08Qh9UKfFHa9R6z7QFKcgJ8U1zZEIGSAFrHoVV7MJlwyS8yoBK6Tw/jQr2lUpqh18jYaINRLLN19a4KNE+WIKzsRI/Gl9d16xZIHULoSxjMBhkMJ31SwjrfrBI1JD6k3ixXJX9+9j2C2ALVYYIceUxuFVf2rBWC3XUdkQBVWHs1tFcftkyMR748Y6ayvsSquZueA7AwlGU9a94nZYaGcRdAcDfvynIckCbt0IE+vJEBu9gcPzFZOuCmu00zzh3Uasx9cX/7N3yuxSIGikrAK3KSEYAIACBDAxKKsnARGkCBLIAZkalrQtFRKBA7ttHC5fNe87zxi5/EQ8Pcb+n9QHfs2c3lYkK0w/Qv3CcP7jLWdOMpRuTGVtOqo4nIFSFlU/3BDCSwp3AROQz3xEU2DNmtSLiQEAwN5ZwleBMarGbTscHDE2ZJkocuTzwUM+zS5IR0C1qAMtt2K3IkEtEX8MO6s7X8a3qDtz3sAlLimjtML/LwhQNXeTsf6k+3t8arLFAN6nTKMprRxMBhvmzEExptcuQNddC5iRXQHPoyNWWcQMLst3K+oipDmA36YQD1PwmzrcBo9SFBsDczDMEu06zCjm5+6zdZ3pQVUOnzKY8zMw+USsYiS1cF43QNOistYMcC1Zz6NgSo3dfo9d3/78/FbV+YMFoJnFQ+foWQo0c7Iw46qrDj5eAB4u8Uv25SB1iKjOydaBJXH4DYMfpSGvwFNev52ox101gAtVTToC3Kq5DApqb8EomcWh6VavVsaTyTJeUlhDHoWLpVkt9swNgrX9dWhpQPrH8wK3ZGcQ483aOhQAH4jk12AsESvhrNX4JAEkgjEIgyq6KWmeJ68LQZ8TLlD2k39zvEnVfBrl+alhjT3v3EICRgMgahhScG2jFlREZNqdK441IUC/vrps47G/O/vM1iw7/1l3Xb973OCQ8NNxCFAokK3PBOalYsipzq2IiEhQkWbY7HQA8aunqF538nGcfc/4kjnbzno6mWk3GOeZDDJZQpoUdG0pwbwEQqKzaolE3jO1mT6H1NBF7GtGcsAxgrn7X1KOU87+zbjPYtwkmblY+IMLJX3sfqKnCVgOxaeixaoFl2jOlrXKmJ6pMYW72nM4WthCkT7lN3ajZh1HAKjRk9/e6Thxm0b+xOGCOm+BQt8F4AXp9IhhCnVgZYKT46bILx5uFBuUUtF2ipgpqS4PH4Pj78AdDNmby6jiEIdSSYkn+YzRLrlAceKp7vF/GEEEwYcxQSRUrB+3te/cGnWZcUWCqcqiGgZoZsEgoySSo0VSMv9ASkXX9ggvAl7h45DJ0yllpnsJN1LUyQL8zp7MiIBrOB2ipm921vrFerPMOrK3GLGfbzQ0bF47Pm/ru/7R/9lP5xNY0TQQJBlCKSZhFzMygABPghJgZFSACEbNkQcg5q9m2oqS57oTR57yw9bQLWCTcaQMR2GO7SjLSMpzKsKxi4X7kgISMC9Eo9JYYSpanK8va6eKWoAp3dQHYJFy39c8tMJ0sbLlcwGcr3JrRHh4LAIj6tAADmN3gak+VQYhHpoI+dAa95S6+G3JnAbDWK9BlxEQ0blBl149j2aVl7moZndJh0MrUgOfaoYMWsGAv73K/VzUJ/9pIDuuZLK8Dh5TSMMzlszbmYGcSAXS4Bh0NsRGnnjg4quJB8F2azQG2P21QOZ4NQSvOE2f/LQutSg2IGGDUasgCKyQbIMjwWA0xuX9C7DoO7fu2lYOAc/ibLuA3NPoadkNdSBiGyGytUj+OJ/vxBgAMetAmIkbcLE7yxBiltSpp1KCFCuMfwHbk+gU3xrB3Z4rHNmFJ3NQDoJFQJ9ci3R28iyayMMO0zIqRU+GIfmy1gEX2UizgqhJkkFExt5lh60INC69CG9tz5m/83olRP1OG/ZSxcZA+izoNq6Zm6CKpHbLVkDGswHVFD2CYhRwmBsbShv+p1DsEaOEYgdGYbGm3qDHGg+kiIO+aUcwxhsqIQqdD6B0AiDrGuIAFFqyug0E1KGtfAaoSt4Rt6l60ALAOcVAVSGiPLar/2fJeJ1HDYVRgs1IftJAHmylr5KQ+B5+RgbQYIzSGCDCgvYLcqWA6NE4I3ay7LF3w+uNfdPLCddc9dMMPH/75E/u3YEJDQ0PNtClIAJPJsEUGZBCABaCCXBXtzkwv66WtxsKxReccefoLjn/myYtPQMXdoktIFB56FsgGx2vd6TmOYxlt1ikBGKn5JsBrJXGgS5TRFqLWiwm0R5qa4sppNWUQbXtYS6bsNQQyi1THushqXWHsztUKlSCMbo31liuHw7KMcwAsA4BT0WVRJiJuid/mU3DJSglkeNhW6UuJenUX/kXM17zOMZdMqQ+ZWcWtJroSvoj1j8jhUM8iayFhmwZXt4rRY6Zm7Yat+K410R1YeAzADFs+5vk4H4w0ijUsxxwH4d/LG7v0QqhK/mAnw2uEga0VZn56KVIDI0bp0A6zNfJlrlGbH8zJt8G2MbJGjF1cQaagrsi2XwUMamo/HXLUvFe9obH2hNnvXS1vv7XY9RQ10mRoiNImA3JKkBAnAtKEmgkoYGDBChUrmcmZLiAmKw9pnH7OyDOfkxx2uMpzyLuYJN6+QPD3cKJlOhgD5WC08+gUvQBTJf7EELiDwoZscyrM0EJnE4ZNopOQxi9p+CBFqy9Y5hanyr8wctdCVcMFzE9G1/JZwqZX/VVzU9Apo0A6HzdozxxAFBFPjUYY2DaGz1oGH0mHGMiIWENDw5BgYHwCWJPGZsA41Hu7IoaMLfD1aDHfI35W5bDxQNnuh62LI9uqbk0HrWOskngY2cWmLQadZudWjIWKbVPhEKOeGP3RQK5YuMatiAc/AQDsHRhGsakbT9BCPIYB7K6sW8etlUSKY1zVhixTDUgQ3d/YjRbo0IFurX8qQ+3Zr+XZboo4rONgdryxzjoNkAFVVdUNM6wT6uiecZbIqhpNiVl0ybCpBa/0cIyowB8ZQV2tGGndcae1SojrbdC3MmCRGQ/g11odKLaOq1xm7iUxWod/P7OIEUFWzI1y9QronmUcpAUbSNuyrRU1bNlpBbaq0egbDz6EBBZpUxXfQSnKUjI+fYMlL6MubstwXe9zP+VRWCO80oNl+XOQULxazSqrVqh7mVQHdUAvCQdruAoJQEz83vtq7ALnrPKwOk3UCQTD2b1OwADm2IfocIaQ/kwjFM6Ha5iIEDtFJ6X0rOUnHr9k7WmHbLj+oZ8+vG/zju6e/fv3SyWRSKAABJCgpFKyULkEyWnamhybt3B4/gmHHHPO4WeccciGxcmCft7LUQoSbDPmQ3alYXLBEocD56QPKM9vatUD1GEiv9QRGcjFw8iIfnR2SMiGa3kSh+KNFQPqQym9vuqlZqi6hCJd90+I2sJj0qfhWEpgfWeBzpIKapoTBB1p22iM/ujYql0zaHGCtj8yJglp2QVsb1MA9HIC2FUsS2VzWZ5flJ7arKYBbNRE42fy5h3qY6IQrI4aRcyMCW7kCTIqY6UH6I8EjKlWvunUY9nPqTab2W49tQOr4wFoUInByuOAVgyCjYMjwrnToKNFa2nWNRYO4GBY26AnTH+NZi7WYIKRGbhCfuMj3gfsrlZa/2/5dKVB7dKKxhJ7CktDKBmr4OMzBrCBwU//IGrMEPlro3T3lvuAp3zLMw3r0HRNpMvOTnHaHDn/4qG1azs33ti77Vbc8ljx6GPZnqdYCEwTbCbYSBQmKBABWBUsFSlMli5prj9dHHpY67Qz0qOPU0OjcnYGmTERjvhinRe8km/m0TN5ALvYLNg6WRDMxiY2Or1h6gg+jOTDjKYjnWejAEt5K64rc4S1s9qRCZH16vDGIQNqjmNI0+wItf4YzYWAAZiV8izF6ecOLkRzTLofJwACCLtQNQWBASCYYZ184Nhv5BUHYFaAiP4k9phC3CfbrfJIclNgqQXtEjejthYjAyCF2oPFOYA3E1y7MQhWY4slUHmdet3M6U1V53pU1KXtaCT4DA1PS7GWFxjxkW5mKSuEIlia4Vcs1/WMtWwChy0E/Cb67Psn0yy7M+9r4I+b56AJ/7KGA2rAlLJg1goLQwYIUGPLez5rbpkNKlY+lBse7EfjKi6iioOMt+rbQIaHzfv9nIY4ddyBByfuupEi1iPqQE9Z38DK/FW6rom5OV49pwg4GAhD4iup5wdTvVLGKacHkpGxlA3fO6EwqIkqWCUSqtqB/n3YQt2FnIOeKqrL4cdwOMzVYlVoDCSxA8X/HoBaasTXsrCFgPqAdl2DFShMumlt7wMZQvwMLOOXf1kbQ6MzY1QWfXpn2HoJYABIfMpGhVICv0hNdLpG0wpFi1fR2Hs62P3om/HQYEzumn1wXNq4yhFBeW+jmyb7goIsVja/K0ZEgZnKu1l/SAxdvuaCc1adtnV6x2+233HrY3fvmn1qX3dqOpvtFX2FkhLRGmqOtEaHsLl83pJzjz7zuCVHHzK+dAGO5kU2m7UFYYpChalQDvuBNAtXJACUBAdiWUTHOWZGZdF4Jtu0XXs1AoKNrQdhtECHUhUCsCJEc3IPgMISeOg0EXTgVbiExq0xjEIdwMlTUw3Bpg4z2lBZhBvfs9v7akU/ubbNoSYAgFrzIuM31sA6tzKbhEMv4E216DoFh/YSObsYh4IatBJguJIcXfoyrO9018pwHdZKqk7NMndrI5wIrxD5fzmoEfbkSKuOUdr8hshFb2N8vjn3M4LVVMtLVWPZ+e7B1z4o/q/LDihK1vMSH2dami+GEvoxVMgGuSdNUe/jCFqpVdWgys09EsPqWCuozNoOV3vUkiscucBrADEPBfTBVckc3Nvhx64AUAERGjYCAMC9ruwqXLxy5LkvGr7wEvXog7M/u6HYtUNmfWhPy/YsshRI2Eh5aCiZt5DGJihNm8ee2DrtTJi3iNNEtmdhah8KgYkoQV3JyAl/szsH4rUftOAdUca3oy8NRaUAkQgrJG9YmT1DzJCvHr45noxBnyYHygSOA9ZmeYdBMGq6NhnOYK1MuyVC8xpj+CmdjYtoG3QbN7R1qtzwrHBVGj5yTn8E9JtRme211E4ExKvddOvRguFv5nwOZ7Ozs8aR2RjoEDhKLJsLtuvq75rTEvqJQZdDYnssrSyK6NyKQzdDofISzTdWmYZm/s4TaFRC33ZgUwy4gKDC6r1WEa2XMiGVWgqpFsr3I8f83bFmjt6X2U/gILe0oaIWbaVae6yuWS1moyTAcIjOLWW1OP3S4YZqYQzsey0c4t/n4E8h1q2XzKc4eIjDERleavqloOCA6xXmVLLDctHnSnkHlSfNAO1VaMPIp4OkCl5N7xX4Q2iNqlBimZVMWvcSIx/bHJLOiaByy6XytdG8OoQ5hhmubA5pdU7KiDBplA7vICwrRFxK4XZDmoP84lXg/ESDKpSRFo/FK76hWyGwd9xqKrORSMeNoOI5iQdLNIxlIamBKVf0TpDg6IUg3OMl5oGMTzewmHoRtFiqLI7yE9LP3D3FT835Qxjowhaqg7u6Z3A3Xl+qKP5zPfYwf7Ns2VhO7vpKg2p0znYwEhMA2O2PAoVsrSYFiCRwVnVRwmgyfPz8o46cv/rZh18wk7X3tqf29qams1nFMqF0rDU2b3hiKGmNNppLhuc3odGT/Wk1QwApJeiBAL+CbHTLGWN6Z4zLXTKUgYBAJlYI5A6MsdFBM1qHVHPxjMdVGCAFRrvWOCikRQiqwKxnAFD6SCcTqNM9mWzfyLDR5wA74cqONBEAtYbEwGzjFWx1CeFqMAQJYUbRcLtkGZxLQ6OGrf5n5s/dOaBVEsXAQHY3hh6RVtnK6UahfEUT+7AbQVEPP14tNm+PbSgFGI2u6sOq6HZkOqjZK3JhMCJcNmakziIN1yhbS8tPnYGGfQBCI9DNdPxwYNQb7cbrHK5GSecKWb13FHvoHJR1IZzS+MJHVeGrewLuEYBod1cOsEuNA8t5wdA7OKAUH5jD+Dywb++gn4H2c0Vz4jqQfHXWUz8wpSeG0gpFyx6CuSyxIfPK9K+UmWedhk8EClS7DUgwPI7Hnz521HFQFDLv8cx+npmFIgMAajVhfELMW0gjo0zI2GBE1e9CewYBMU0DDmxNJuv7MqvKz4rnQQ5E9DcMo3/PJrEfA6pkzzct8oIVoS0pf1lk2C9Y456VdiLZynozrdWwfZwW3NEB7LCuQDEDMYE0hwT4NQp2EQNY4YR+aWsQMZgK07lhcohgj51jZbiqKWmRxQCaayIrtqFuU4cQwo3UzqL2RynbPX7MzucYqETAVgEGREZ7qQ8AYHwRqcVE8LBVJGN9FMCvM+saNFiqXWVeP4Jw2sDyBS/NPd14RhOvF89PSuCGXNBwsgAHAbH4+qFe50F0NBGQH5fybjn6EwzMihgGYem0DKivMOdu8JiVRUptoLjPzUpcXQsvl0tU6vv8w3im5uzEQuJdcpZXuDHZ2wFqRxe5pGyLc3deUyCIWteTYR11/u/FgqWbAUa7mZdAhBk+VzVsgs9lbA8Aa2DwGYDrY18HGS80oIT1ojeB2WOANkolIgSLu9RehSpKsNQaxk4twhjPkQtmQDulWSgZ9qZkpW6I0GqV/wuF1D2u3bAjt4pLv1ZHga6YxSTOsbRrAQhXx0ArlwMpfxDNVmmuRDkAAJBY5JdnJZxdlyQWB9tLIon9p5AHBOZ4HRiGFA3/CZkNEgJaB7FrwATBrC5iA1NIbINPVhpHxM/GL21MIEHADF3ZaRfcpMbi5uTS1nwYPwRKooOBWSrg2aLT5a5AkZDJo8JQ5w8xEQkWw2UC0nbZjU4TAmQknb6qg2is971a64fB3CYPdf0gq1C1Y7NjSVkLjbUChTbx1tS2JxMBItqb4kF78xEYkEmXJURE0ltwS/3ooSvggqSZDp2gBuwd+0op24cCpZAVs2Lp7i4EAEYmo46SbcZcDog6cioA9IkDIBlAKWWXgj5/mkirb+66UBOVYL1BTp/WohRbRZ+VVSu0N5XNG7PPWKuCwFConFAkIgFz9gvaIIdCQKkUowLUppeqniNhmYKjp1B1Ct4Fs6rzomy0pTLdoXJdNuTAi3X0/7NdXI4aHeO0minabwF7tXzbUR1H1FdWVpAQMNR7D/CEXL3UEltfk/7OHAQp69SyUigS6uSqsWxjtdXRSNSI03IrO3wq0eDoSygz4pyTCJKqD7tUxsxyrRoRaHRonbw2ygdmfaKz+zjUuiAgBmBAIJGkLKXqdpgI0xYOjyRiAS4/FJJEX7jiemNVoFTc6aisjwCYJGYRBOZlPIBAGFpmATbuzEEh9MMyATYEVkgcap1KcSERybinEACRpfLOE0QGRFaolD1AyIhJS8asj6oHZmRkIuOZRLIAGIHEGiZCRlJ6mmSOACAEACiJIAtAabifMLVIgb7IidiaIQSMxKBhC5BCmi8SCDKp1EjWrmFkRsWkTyRGBH0kngZbMbAyApiBkch4XEtXHSOA9mdaxV3fssNMSE41dOTEOieZCARp+9PkKLOysTy24spxfjunbt6tJA4owCh8wXJy2ovVPB2NRMTDlhRsu1Fc1VFWUCVYbS6Tl03D3s4pOSh9h45dWNYYjQEQLF16BTVemtrbHFetFAp+ME2CFikDdbgSy6q1JgM9Pxhj4LqMUctBoaCjsHn2c41o88/1JEQ8aqD/rdx8iYvWdGm7xbIotH1ZhDn7ocRmg3FFzDO0izi0951ktBpPiJ+gTO1zMJ7N2gBAQL+/AGZUwP1rf5zDegwLlJytoUHr3mA0rIFgV0wMH/8w0rDeA2LVB/YBw7nGGFh3pZ8CR5hhCmE7tULcz+MgM9tBE1BLtZ06MV23ZbFqAA8AMirhUOTceXUw+M9xCzVWVZ3/ogqn6xpsrLW0/OeIvkI4KaFnwa18bzrUpZ2ULNLAeIyGEgJpR5qEAsOBUqpd9aAcMJ5bgdAdyhozcY9+p50gAPvBI+q7BjioFqbAhU52tpsn6wbvNVnruEaBJBglF9N57tVcMEaUXc6MhAKpJRr6lZ8L59x2SSsYCqOSm5BDKYcAytwlo6+fQ6eJAYOy24WsehJkRDEEf1mBNplYS/hCSpaKhABipS9jZR03VlIxCX1NDIFiJRUKJBRuoaCBGBG0DqhSSqwAQGaTwqvVOwJ3HSYjozImrGJtqmnlSKHgBBFyLuyKUAiQoJBKKmApCyQhSGgblSx1I6AAc/SUPpFRZxBqK7Mh0pyl4gKAFVvEuGXhcU6eqhgEEAAUwAASHEH5OTeKvNLRdQAAGEqaRJQrhWgBM2Y3KVZGu2R25zOS01kcjQ9SMAImBlabd7NqwkXotkZXSgUrJeJfAxYlxp9joLjaDsZbgxGdB4XjimG7PIc65UuFnPfA+x6DztwJtHM0DgMbLDndXYNRAOTgnhCB9UMYwH/DfsMPZVURoCoLQ+vZUQrardCukOFEczZlaBMBUYiEGJizLuTIiCAEG9PIxMWNWqKAkCFNQeqMByuVBuGuuqGjRmpV3mvFiQ3tscm3UNhIgYGltDalQkEokGVRSMlMRIT6GmJl87ZRARAjSDbGpt3OhgAAQgAJzdKQo7QlQAAkJsGEzNxoNoBZ5rk2JtFcGIyaEUpmLqT29SVgbX/QEW2QqG1uNhzFudMJAJHtVa5o9yagYmDJSMjS4I0BWF9sqUDZk/EMe7XQEoLZrYB2lNbxyAqAMRUICFlh1Hy7f16RYEB7rjIBESIyG0aOjugqiqv76/P949/8fJay8+JQFpd0meBHp0rWUYxvIFxnJc0xEsMDjE+oYQseiAEEi6Ecd3pf0HaZvyKiG3cg/hEIkUzvB2SCNspaRjjU6WYHfErTVH6sxCyV8Nr2/75HCNpjk3DFpWEMmu4SIJowylaB/xQJmMgEjZ+IOYVDgzLh1RqHpeDYwT+DkDpoQkpuCG8R1LhHq/3UU5ZXsw8W6AESrfo+sEsjNMYlY2vfKNJxw/VWYnS8VaXKAU2g6jNQAynZVK6LwVU4KFMFeY43BwQUyxgrj646l6VFisH72gJhzfLYA5Zv1MH//z0m/3bQUirFwedacUHAPfSj1E0AlBRwKC0+2xC5IJkBwSRAeSRwVCVQhwxbd7tldcHolnfr2kVAoTcXsQt6A3ptVzeNNt3MJknFHjUPjQEs9HwHI3A/2/NukYUOxSilCil1LqdCqZsnoACvviUzLFYSmFFBQgKFUipN0jQR7ayrkBUCgNI7ExtJo9Vodrjf7+eIqpU0xhojPci6WQ8BSR8pDOa4HcWMhMNiGAAkFJJZsiyk1GqSG6lSzKAkK0UAwm4oUapQCplRYYIibQ4xUNbPAZiRJUlEHmoMK0pkoSZbkzP96bxgIaytqCMdgAzQTBsaS/0is2lt2ggRqAplZlUJHWoI+LgGkQCQtYRnREqFYGClipx1qAisM81nz+rJV8zIrAD7RQ6MopGA3U0NoHIpZSElK2ZWoPTmIEZMU1F2OIDT4kKtK2Y9lmS0amJnmoMX/quFsKTDWd04ZulgOIn7GH2vPGUaMzaw69RZB3YQwSJmBmX36pWfMqutMyNtmD9wEAFAxZj0eTLeuzlHJqxvuVQmNPw8c6trJ+xrDi02HOYc/ssDAFnXqXkTNAZsMhsYwJxF42eJtWoGloWFoLLzyzoydQZXmgIiagvERPrJelDReFiUNJ5dfRSaDWUxRtIR7UL03x3o7ExnALCH9IQldYsELJVSSgf70kZLDDe707MqywFAECaIKk0gTVhBY3yEC9mdnlGoEmBQjrT0Ck6aY8PASna7yppnqFgIAYlgmTOA8uc56VwLBMlKZoq50Wp1+728328mzTzPucixKBIdFlUKESlNkuGhRqsFAqHXLaZnUTIIZKUKmSlEszXC+UQRQSIjIQkQBRIZvyICMihmQYhETIhSiybtPVTO7S+aLUiE7PaMaxQNyHq+9JYJUAQkWQEXihUrTHS4XNu3YI2uPCsUAggdWCYkRKJECB3sLfEDv0BCwvTxTT+rJftUyy4Ga3tGPm7mIGEpoB77v22hNjRlVdxQAwjSPGqcYY7aAm03yhBA26eF2Yqk2FIK1mNlmaLl5WGf4Ygcs0d/y0358avJc9i52NwcAY2Sxmxim3qXNLAvFmlSCC7xpCLB/g+QBDYWk/XuOv3L91INkVmjotpoEPWe2yXpY3Rzw6a/BODM5R6tFUxzl6yJSIZ0ZVTVSECXBUGk33o1zAb8opKVrsJfveLq1aZIqRgsDfWHULLUYSlck/4DxsQcsoJwxdRmOdXatNXHKBJWV6lK0tgGRsSQ9D2HO0gTy+shlV8OUK+iJFh45gi3Rm/iHZEHBtfWgioG3BCqukpACnozmqZT3yAYyR51BWUEOpUEKtSYhJPrO1V2PTjF5YBalP9rDnS16Y4OAyWl01ZiAE8ZbBaVEVkESPqV+z3EUmDosu3cYagkHP0Qy6m5CGD2xzCQ5wJsDQLLo21KTEyyFIJncc9Wo/arLJgDYGBkMpmiQAwKuZk0WzW7cQ/qmVXtLJepoOnpaVa4YP78mf6MJLPntpmkW7Zsvevue4455tjVqw5TXOzfs//mP9y8fNmKI9cclck+CUJAYiQgyTIlkYrGz3/3y4cefujySy+fPzaf0hTSuQCYymcKlsCADKPJUJIkCaSS8x/8/Id5ll9+0eUSJAHlkG3fs+1/fvA/J590+uqVh913z73HrTs+Qe6rnIRWNlBHgwXQE9ufvPu+ezesP3HpwsV5kQGhEPTklie/e921Z27cuO64Y3ucCxQKFGnlMmQ/Dtlmg6b8+jXfoiR5xkWXIKFixVaRB0tFbn5UoQSLqdn9H/nIx9evO+55VzxXNAUoYGJAGG4MUwNDS1MBM6hO0ZH2ECRksjpMAAl6/4NPRLO/h5zMBff9r1av4rDBEt/DoE+vLlQ0ScBSPd+WD7Gav+gYk+2jphLr3Z8HZoIHENtcejmX8IBgqBa7qBlO4BiqFraNBAwgsHodMxk4AohjNvUccrA6Enu06jsqeXyBLX6VAlasQ2F6QyNYvuUJ2JxBYxlh3WjMpJK+3BMB9OnOwKwAUB9KpgP9CMwKEUEp0OkH7pYo0sfAgVNkDfoDKg0x5QnWKL/67BV3UwuC+UbMKhkbgUYDihzS1lNbtn3nv7/8tHOfduS6dZBnWb8rms2fXP+TBx5++LlXXDGzY1dKYvmK5dzrFHkmzICRmSFJOr3+72/+1dDwyIYTjmsOJQUDEDWSxq9/9vO9U/s3nfe0yQUL8kIC6UPgFbFCKTEVaaMBlO7fufN9H/zgmRtPf/YVz2ta5KmZ/VgoHBsBAMj6nX7/8Ue33H37nYsmJ089YUOaCCVlOjScDA9DYjNsRazel0yU8JF9aHcAyR7UxMYdqZiSpCflb35x4+zM7EVPvyBJUi4KoQOebuumFVSsuMgzIJqaaV9z7XXdQr70hS9MEgLFRIQAadocGh0FgUDCRFC1odVpc1YAofMrWBpzy8fZiL5EpMRZWsRoY5tbrGFCrQtAV3WskvM9kte2THQ3Y1iCLe2XFqKvzxAmA9c+6Nqpf+zOWx9CdZw35lolbd5fs1aj6AYc3uLVvHd5cDWFrUJvXqPV1EPdK8ZFNFlRMfebNUHDZgapgiW92UURGSByi8aTVBJn/pAM24eFxNstA4NLiE4AlWYU4wNvIl045NilqEjcwtwvq1RSCk6Gb8rgceTKNXZp3E69pDCjradh5prdMA4/6GEuyUiHGEdM4XEmeDCmjovh6HNCa2KGAzy5iP7wOBgw6pqhehd7TIGIZRO0IqyZvfVTxaN5E5IN200fukCskWDpQ928Yx0Zl8CGSplaJoXBdKh4ykoV3TJxqxKsrVs2d0NQnGA/gDXtqwy222PtK3iSEGannDmaG2SR17+ECFxzqM3Aklz9tfrEAyIAGb20GqRPBq2r7N319r2PTnKVcOImEOwWIbs47RFD/mCZOloMZIJf2Zatmr8MgAqYWSRi+1PbH37gYWQSggzv1rlbSjGzYmZWWktkneVKmBd5lvUnJidWHX7Y+PgkIV5z3fe+893v/cPfvP2Mk07f2dvDhEpyo9X4za9//XfveNe7/uk9x6w5Jufu/Q888Ma/fOsrX/KKt191XKc/2xCpQAJGVkogNZPmb2797Z//2RsOO/TQy59xhcrz2+6/5+H7HyhQ9Xs9ZsvNGQSiELRq9epjNxwvhD4mEqenZ/bv3S9VsW3rln95z/sTwkMXrRJpKlKxdOmSLY9t/Ze/e88r//R1V1xx+cuvfNXrr3ztG173Rs47BStERIUIQAkSJ9+6+ur/+s//+vgnPrFy8bKMmQAblN557z3v+ft3vfd9799wwgm9jEFAODEKkKwE0zqGUoAEvaL37x/92OT8eRdecGGKKUgABEZWer8hGp8DAyQoJoYnUhDbd2775Ic+9pdXvXneS8fctPZV9tTep3bu2DU7O9Pr9kBxs9UUlKSNdPVRhzWGGmzJ3mgm7HU1dgQf8icwLNe+9mpPDTHbk5cCCW5THQMByqZHR+alh72iWuJskZrHIeHa2IBdNo58TQV0G4bn5lW13MN/9Q1CGbaBLZYLGq9uKGxtGcuFI6Fb205FhQv0iSrY8VicugTGHDvAM4dAcp0bfBsTFJgZWTkKsl164jFwmnkO1Up/rg8gmXNe2b4HYFAmkVyZkTBz6XSpyD0S6r72DFqnAfsBBKN1mrRLsQJbmwWiSHfveWpqapYImJLvfOs7H/jov79DqueMjebdXqOVrlp12Le+e90Pf3LDeRde+L1rr/3Fz3/53n9+zwkbjuvt3q1Y6VWQF3lzbPTJzZvf/g/vOfH4E445/rihRlN2upSm2Gp84ztXP/Lo5nUnnzq5dLnKZklY5dUQidq9c/fmJ7d873vXvP/DH/uTHTsWLl2e97Nev5Om6ZFrVmed7h133r17964nNm/eum37k1u33n7X/Vc865nHHLF2cmKcpJpqzz6x+bGZdkdKKFhqXVA7NgVRmjaIqFAyy3rICICi0QDmZrN5+KErF07OU/3M6HqaMTBIKZOhVr/IP/eVrz755NaLnnGxaiSqkEhkAnSofY2sAJALRErnjUNrjPLNn/vmN9u5etWVrxqaGIV+Bkiq152daW/esrXb6+Z5ljaSJEmYodForlq8eHx0jJW0imdIg/4v2vPn6gIyGM92Se2OrE00e3R9NrH+3yrhGNa0jbP5B73f3Gs+gziHZmbORHe8Cy0DtYtCk4HTvCoAWP4Sp4BYqe5eeIZj9i64OJiHKdq7G6IsxF4Y0v1fPV4pj+wZQGB/0qwRT7asDaV5NsKBwIpZ4hw6dGkgaPeyOiFYSsCoCaCxOfzC5VhXLTr3hUvMOi7vMiJqiCKelIPUdecYexkDczzlFgIFMcRbadR+MXm2W3UQ1NhS1f6DZp2WMqgkBx84rn6Axxn2c1kNvmesgBEGuk2Doc4ex7fK0WzEgCgGYCSSa/VgR2XDBaVJNLbJnYETvgx84tFkVQnpIIlt0JKplnSs1QHvJ3TgOWdWzYsamvNTxfgPmwthLlmzSVzXHrMRgh5b5GWIq+6HynqoxAe8QlgDcdC8CWmh1uPQ8nw/uwgem2Ygll2jPRogQFa0LivodczYRpiDkk42eTMAnFWLrnVw68epjAYtjnOwTnZlfbQPIAIpKRtpctsdd7zznf9ABQwNtQqlrPmOjMxKSVbAChjzLFNKFoXM8kLJYv/U9LoTjnnXe99z1qlnznZnR4ZHf/er3/75X/zFZ/7rM0cdfXSn2xltjg7jEAFN79mLoJqITRzOsmzH5i0JCkIYbY0iCQDFzGmSJCK586F73vz2t81Mt9901VULJ+e1u50bf3XzJz72iWaz2ev1GJhZod0jqqT6o4sv+Mejj5wYHpeodu976otf+NKvb/yNQDU1te+uu+4XJF5x5StGxsbGJyeufN1rUcnOTHfbk9tGRycXjC/4q7dc1e9nV776NZQmoPTZGUwp7dq3+7prrxseGl65ckVW5IpBKUVS7p+ZzgrJEopMqb4CkTMJBhBIlOj4hyYZnUHFqACQpSyKogCplGKlGAtgAiWU0rsWGQFAKdUS6d6pfd+8/lsj6fBtd9y2cOHip3Y/9eWvfEXKolDF2qOPPvP0jd+5+jtf/uL/TM9OZ/0eAg+PjLDiibHxT372k2sOPTRXBQZ3/3hyd5QSCAivxcdaHMZOxpod354SAxK11K870sraAFvLFK9yCQ0SRv6WsrDEqIZeoQchcXWVSLOM+ELF11s52bhe6mPEAkog1pcOZXmgFdUxTQt2BEJVjpbmAgb4ibUyZ0+bdo6GaKTmM3MEA1tT0Z5NBgCsrK/cpzF6YVOOFTjYLPGhqUBg91taKWUPcnNnpno93Rm9NqHSQ4iaptgItrBrDI0SxxF9lA+AdZBXqaTZvP7a66+99vpmqwUkf3f7PQroM5/7/PXX/aDT7j3rkqe//k9f3ct6mFAm5THrj/uPT37yLW996z/97d+edMJxSkkFgIw5QCtt3vjr3z/w+OZnPPtZrdGRrCgUMCEX/c5sv5tJLgopi4KlZMzMDRtK4vDwU1u2fOD9H/nWD36wZ3rv8NDw3Xfe9da3vqU9nWVFb2rf3n/4+3fKLH/HO/9uydJlCxbMb7SG1h65btNZT9uwfp1SRd7vD4+N3v7LX3zoE//51OyMECIvJLMUCKpQqUgYoN3v5oVkVq1GmoqEWTUazf8fbe8dOElRLI5X9czs7idfvoMj3JGD5CgZFRUQFQEjYk7wjBhRn6KYc3ioT0XAiJgDigryQECSKFlAgqTL6ZM2zHT9/uiu7uqe3r3jfd9vxPvsznaoqq5cPT3ddnsob7zr7Led9MLTejMzWZab90rb/wAAodJ6ttfpksYsqwB1lqssQ+AN7aS0IiKd5cX0zNTfrr9u9dr1K9eun2p3dYZfv/DCJRNzgKpma/jYY46479773/Xhj1WkO+2ZTFFraGjTzMy8sfH3ve3tTz/+Wd2NG7JWCyty8ZGzXkZ4QEiNXFMXbIbFJIo3YUih44PkpGci+cdbXud227nImE9yX0XxLEiAiKHsCOhFhpMsxmcQAILfHVxThHyXeDdJqKPRPT/vvQTgagUfVKcUQvSSTUEjl1pyjhJ7Pr4w4NtK++HPH/Lkh+ALcuWajU+o7Mmaz2AjbjhR5ERKN883E89SojlW2pU3kPWtMH9hpE2SoM40xPGAjHWTr1eAICEYa8W6y7q5Ep902WWzgEnkgNzLAxNZsb7RcdBRDO2AB1P3crGSBC9W/pHdChiGf/E2xMfAspDodL4HQTQLJmUJ7LsitaCB79tBtNaDgnzTzbyiuR5BOc+GAsYOSCGw9wMIfiAO1YLoKMLaBhou7A+wEqMS1JeuX1ZFcOlmstLcDRgGCnfwYg0e4/Y5RddHHJwbGURXkY+EfnlrQlRbFKm1HGymzf92x6dDvzafj1T7CFV01QqH6BUVIKPldlahkNhQiuqz9Z+fUg1kWbRefwK/bNYh4CV1P9bb14XPLJ0KpEApIr3D8uWvOOP0TKtGo+iVpQkIgUBlik8BRgDodjqtonH9DTf8/Cc/fdYJJ+y591Maw43FCxd1ym6pyxecfPLcOXPPfOObznjZGV/9xtf2fco+jz3y2HBruNfpDA+1ZmYn121YPzs7vW7V6jljY6Sq1evX9srenHnzMqXyHDPIrvnbX9/34Q/ed89DX/jSZ5955DEA0Gg1T3z2iTtvv2OjyFEpVBmycdKa2rOzY3PHW82hSmtQ1CgaSxYv2nPf3RfOmT8zPbNp4/T8OXOOfeYz2p328Mj4zst3mWlPjc0Zp0ztss12F3zzW+9733suvug7p572om0XL53tzSLZHVnX/PWaO2+/461nv22nbZYDQKOw23+33mrJ2NjoyPjYeHNktDlsyIIAbZid7XUISdsXt2i2SAhEmjSCCT8JKnP6r9bKbCu0C6hBI2G70/nuRT947JHHq053bO7Ytdf+5Zqrrx2fO/74iicOOfTgn/zoksf//egdt91+xitP33bp0kr3umXv55f+8r577u22ZzPIK6icHJr9iCyjLkHv/TbPO953Asvj4NLObjAHaej3B9wX/BI1SyozCn5CcSPw2pjM0jFAv9NBAWBcI5N/hV8YZOTdNP3Sk9T3JBJMTpdoJb8lFXpEppAiA5v2uWLnt+ZjYuJroELNPeKh7LsbzUHL7h1GECkYd/IDMnVqTML2JK6Mo2NB82QYgBavpjT/13YIZ1upxiHAaY/N00jaQHFPE2Rqh112PuzYaU1qZHgIW0N/u+Xvu+2087bbbDc9M73Ntts1xieGRkayPOuVvec+5/icvvTBD3/kD1f8aZ/99y3yrNftElWN4ZE169f++Oe/3GPP3V/x6jOG5s4BoKadqQKltKLRsZEsz7PxCT992TFCu/W2W82dN7/K1GnPf96SBePX33LL7s/Yb8fl2z/2yCN77bPf1Vdc2Rgefe857z31+c9vNrLGmBmhV65a255uV5WeM2feUUceqRr58EhLgcoQEaHT6UzMW/jAv/71+fO/WuTNl73w1L333FOXZUWaAHoz7c7MzNaLF0NZWsVK5rBw0sYGGp9dKaVUSZTlOZUazDHuaErOSERVpfPh1oYnJi/49ncvv/avI6NjPawg09/+1neareYTK1Y0suy73/56t6tv+fs/Tj75pP322n3t2nVFs3Xl9dfdcMvfVq9bBwqJ7FnxQKTCREK42H0WNlQ6FHOa/eu2h9RNaTwUs1sY1vqgIwlDv4LHFl+hMkzs0HT8T+ENBIhRcco/0qbRI6RBdUWCULtsaXQLtFE4+KBBnXsT16gHkjJZ1EoPnbzfHxYZvWyRLx4GBuQx2qLLzbRlraOVQqyR4n9z+TVKgBeafwo6bQl5GFR3B0XxuR8z+Vq0bZZoIL+6AmCf0WrwuNimnhO3rfriligDbpGFZlD/T5YsnH2w3qmHSxBx6RYxuusZy2k9wfEkSITC60wGUxh9T0OSuGrBp/sll7E6px/SnFYP1hG2aAFrOwSEh245z8yHkT4mgaV1mWqbVpwwyq0dnFoTAEukvL2QRU1LAYm72KzmrS8CBqlRhoAnwNp8AlbpcAJqAA1aZaqnqz123HWPM3frT8Xg2nqbra740x9e9PKXnHbSybPU6ZZVp+xgrqbbU8869umf+8ynP3LueXfffucO2+/woXM/8tADD2JZbVw3eeG3v3PFn/48Nb1pdnKmN1v++EeXXHnFlTvutOyc971/64Vblb3yp3/41Qc/+CHU8OlPfuKFzz1l49TGblXOmZi7y/bLd9l++QB4NvSmu2WHejDaHHnhKaf2qs7E+MSKJ1be8Jfrli1b9s53v7vsVD1dNTN15113ZphtWr/u0TUrh1rD537kvN/94Tdr163adqulKsvKUg8VzU3Tm374/e/Pmzv/wAMO/PVvfj1bzgwVwxpgfGzs/nvu053qH/+4+U+LFvao1+2V3aqHCnbaYcftli3TGZmXoyChMi8/JVQElaZOr9fpdMqyREVVWZHSPdJUERAqpZRSGapO1dtq3lb/+YEPrF+z4aGH//XNb37r+c9/3iEHHTp/8YJvXvDtO26/o9NtL1y8YLc9d/3wRz88b8R6ru2p2csuu1yJHEHiWcQ+hjR61JPDU+IfQUiLS3wgiDS26x0ZAWY2uxGXQXM3uXRmnauY8y0wBjrzSGHkZYETJvKc7X6l2ihsybiiE6Sla4Sxd0jsx4gUY3JrTfy0VR9lmt7lIjpHRjdCWLapj2wUUDyl7Y/BZzGBLMPWnHEiMs8rO1+BABAVkEb/2nYEZz2I4ZOpfYuBWSa3KE698ZmUTp/1c31Dcpi6e+hWRKlXYLGIM8FGR/O5sYioso0bNuyz376HH/HUTrfXHB4rmtnDDzz0khed9oLnn9SZ7VRAeTPr9cpuWc62Z6cn1x/3zOPGx8cffezRyfb03NHxCqGsemMLlv7gOxfcetvtH//ohzrtmQu/dj4gtoZaY3MmilbrocdWrV6/7i83XrfwocUbVq5RmSrLMsvUfk/Za7ttt124aPE7znlvu+r95vdXveudb73/njtuveOuV5z+wl122bU7O9kYGrv2mmsWzlvYGhl+bO3q6Y3rcpX3et1CwaKRiTlz5vZ6vX333We/o440eUaLaNmFPAdQl3z34l67/cozXvyZT5xXDI+EhNUwPQ3TUzkimIPobCJDEZJ5yFMT9Xqlrqq8qqjXBYUchFmuUVTpdnt0eORFL3/JEc982hNPrPjxz365zXZLz3rTG4jg0p/+7PI//KlCNTF3bPutlrz0tJOPf+7zysn1+ejYThde/Lbb78mz3Jz+pMwzxtqKdpRL8fU98M6jWFnLF45NnETUpA6kBa7vvYpYLoiFPY9y5SD9ZIEDivo84M03kz9LnWC5tJ5tB2/vA2cExHhyqzJrbhxUaovA998Yc4evMDR1kUX2ij18sWCHgTW7dkF9O/IdZVG03saaH+/lBVM6sE3NjdOaBjZHvSAQ2fwuSjFFIpFnVd9mPHvckuhFVEdd1QvCjs4quHWJKsOSa+UgcaomCiQi0wa2Ni12DrIg1ipRCZr4hbYK2xHBtfaVJFM065fsqZM2tUzCzjuA2fnwc9dKqTxaYNVr5IoZgwKPPerIU4SjOpOVGrQfV8hSJ9bux2XMqCqYPGxZrE4/bg8WK7wfhaBByFYDLhhL4BpgLbZni4xh0CACoJ4Okc0CtpfvXwnb919aB67VG8mlGbyLwdsx179Pay1/xFCLWz/K/E8Ow9ao7jBLf9TvbGETFDKS65Ugp9fNfeDuwzjuj3ZxQaUqY3dn2u2eLvNMjTSH+427aXKy7PXGxsZWr1413ZnZtHFjr9tbs3bV0NAwtlSldLvTqcruMcccs+2y7efNmdvtzCqEnEBjXukqzzIEGh8da093OmW7obKMqOpppYoM1WR75u9/v2Xpkq3f8+6zn33McZumNnzy858pmo33v/P9GzszmijP7HtHAEEBaq0BSWsChaSwkRdrNq655Ec//utfrs8Qh0aGh4Zbd99z/99vu+ORVSt0jzDTrZFWb7YzM9W56fobzzrrrF6nu3jxorUb1t//0INvfevbd952J41VkRe//Pmvrr7iz6987eu3Xrr0Ze982aqVTwwPj7XbnVariRWVuvr+xT/44fd/NH/hAiLolF2i6qyzznrVq16lqSIwgRkCx5/I22u11o08z4tcNTIELNA8XUKV1hVppTJEzDB/+pFHIahLfn5Ju9t+5WtevcfOuwLAjTf99fZ/3FFqQsCqrNauWV+A6nXb4yNzRsaGK/PEFCCYlwoSsD8jjBrZzVpCuryTYv61Lo57ptPFkey/B6yVUHs1xhFOGaUaorcCKApXdYXgenoRJGdSSAnxkWFF3N2BTEmLUrvQ1dtYqMUAqS7U56u479VFSED7gK7wQsPFgiAeNXqD7LZqImGe635DgBKkv4qKkJ/HeovyyR9zX1lo/CrCwJKPG5KRcPt83KLZRw+Yx+yzlMA+Ca9RUFqq7zI0RxJ5bhrkz7GbA4gaQGvdGBm9/qqrf/f7P/aqst2eXbhw0d3333fv/Q+f/80LL7/if3qzveZoY3Rk6NY77picnPzyV84fHR4eHx8tiubtt982uXHmpS85DRBHJ+Z0eu2fXPrTuRPjxx5zxO9++9svfOn8iYnxoVazJJqe7WyYms4Kdc4HzyXSoGlsZKSc7YyPj3/wnPduu/32BPqOW278ze+vuOPuB84995N33/H3G275e6PRWjx3zuzszJve9Nqq2/3XQ//6wAfOLTIFihYtWkKl3rhm1Yuf9/y3nP32ZqvRnm1T2QOFJWFPayyrXFfjWy36+w03nnveJ3fYftmZZ76hGB7ZsGaFhkIVRaZUBpSDzqpKlYSksarM0/7W6CkFmcJMaUBNFShsNBtZVWXNht3tQQC6R70eAlTdcmho6NknPhsaQzddfeUPLv3JYQcceOJzTgKAztTk1ddcN2diXrvTbne7mzZuas9Mrlm1anFetIqi12mXvR4QUUVQaRsAE4GqiZVbwGCJEyKZOFGR29QiGKkVEmdXikZss2v+JbEZl+LuRKdfZS4UucBdMLLXvyjgxhB97fOeFPzgNBbfQkRIPQBqc3P9PQ7X3SyP4mN067vvUjB7PDnwwfj3sBNRHxdvwGWNlbdWkaXy3nlkDu2iC6d5i9/R5WjuJuKVRQgmCWBIXFtWTAyMaSqQcOagHyf7yLOWVpGzCH+XkUDR2Du5CXQS2yAdcfoKl28JYqVi2U5lB2DgeqF/BWMMk8s71HJDscvT7+ozb4rsgv/xyTBYMkcQL5+cOLnoKTI6Pgkm2pKrlruX6PTFy8BMfEZcoKacemIPAXyWvB8n+y7xIPGpxVHwSUQ5N/OOHSJCPdIVaZ6A5Z0fEzCi98Sc42IHdCZCwJzCinipQzAC/PpcooLke1nm4TNnfWNnxxBEM+/4glsq8SuAXxrHA2BNhxzd+7pOdfitMxpIaQRCnWkkoOHmULs9e/NdN61as4Y0kNaZyhEgz3NUOG/+gp2X79hstIqi0IiAmBV50SiKrMgp65ZlMZSPjY0i6IKyg/c+sIRqenr6k5/82LyJuZf8+NK/33rzO976lhe96GUA+peX/eZ1r371i1/y4re9+W1rN62bGJ+ngYaGhl79ile97pWv3WHpMq319y/94SfP/fhZbz6rmeXN4dHBJK9AT5czCqGqSpXhxMTE44+vuu2OfyDhbrvvWbSaWQuIdNWr2p0SFHa7vapXEtKKlSu6ne62y7bRZS9TOJS1br7z71/94leHWyMHHXjg8m2XffhDH9q4bkOW5TOzs7+/7HdXXHnl2NBwu9M94ugjj33m0zWYt8LAfgfup22G25xpYU9XRJ1pILN3sdftdjvdTrtTkgYAJFBZludZ1lCAmSJVqKxXdiY7vaxQ3/zGN3faYcclixZ1yk5DNdZt3NBoNHKV5Vmj0Szmz5s7NjIGI2MA0Ov1lEKlzNPKiADugCpec6lExTl9XHQzrSyvAfDDq7UoyQchhgEDIXIsLBjfRCX8jganR8xgyGENPzpFBnbBvM5kEHtWzkOUZQGw0Eg7mmSTwLsZ7NNxEz4eJMjGB436lDVEAydwFHThwQKdKMcFcKrNaIFgSSLTFY8QKsOoBO1/YZeUzMs65FF1EkOpPBGA+czygB0BnfPkdjKxo8e9jbYGAFtbtg42q2g7GIfiFrEAHKnFAVwEChCqSeHspNP6nGT3rmpVAelM4brVa9q6bDaG/ufqa9euX7v7brsqgvvv/VeWZarIR0aanV6v3ek+9OC/x0eGsVDdTrlxw/pNmzZ12tNjE/NmZzsX/dfX/nrT9fs/5YA8axz7zGcu22WX0bHxPMsee+DhL3/tG6vWrWupVk7qBaecstseu02MjxaYDw0P7bHLLr12O8uz9WvXb7dkiS5pzZo1G6Zn293uP++9f92cuUu32mqkNbpu/brRkdYhBx8wZ3zOQw8/9Ps/XrHj9tsftOcecybmZohUEiKqvKC8yABJl5q644sXrX3i8c9+7ot333v3O88+e/HiRSsf/ffCRYs6pZ6d7eRDhXkjCpSktUZdgdYEGgHIvJkTzM7bLFNZqXW71xtF7JRVhl2NhIhZluWGjgSQqbLTLdd1VXPqD1ddvWbT1C477zA7PUW9brtddnslQaU1qLwxPDrWGh5bus022Bzp6UoDqFwBVUDmjGUj626p/aZtkqsrmdwuN/o1Dxs68bE5dRSvwBV8EhY/IsF0zzz7SMHUY50GEP5NwHgSVH5wE1Bo4dg79IFMALwcp9a4rs88lCy69rxhUO7siFC5ST1qpThQccLlgEEqqH65sgFrMDmLG0SkGPtGF1Gg68ItdDwj1aNd7iR5vFI2f1xVmJyR5Omi9JzfhScuX9YL3vfktI4Yx2UMw8BVKKbNXPIVtFH0W18XjAjigJen+EpgvTyAN/a13dEBPBxUDNqE6UqaYQUQa21iA1fjEzlFogTKnCEpwAg5UfI7D4yRj3kyCrD7+/4oySjVDwbkkxzouEiyYODUC2rIGEkilRa5ZMQVEXxgHOMGrzciiV1i5njpZXTGiteGoMGCRnMFSPtG8kFQqR6ckxIOwovI7SIFkmON1TiiTDzKHOhj51ElsizoYmxHAjtgpMMHrwFYTwuB/S1pDYROppTSQAhNRlKvhOGiPSYmeITJa81AVfqRHQnYiXPPcqOozCK514/a4JMfhzPecU/3RrLhR9esPe+TH7/5upu3WbZ9uz0DCJip8bHxh/710GFPPewb55/fajUBgHRFBJlSTCHIQLWnOqs3rNa9Svd6mmDp1kuHWkNzRyaGipHp9iwAVSWVvRIQhoeG8qKYne2UvXKo0QJdVUh5lu+8zY6VrgDgyr9cee77z332s5511pvO+tmvL73zn3fnWUvrKkMFiFmmRlrDQ0PD09PTGyfXtYaGjzzqmD332H1iYu45Z78nhxwA/nTtFee895yjDj/ywx/96GgxBGxO7v3XP894xRmt1tD3fnBR1a1Wrln50AMPHPLUw8dHxgBgzbo1n/vcZ/95571Ltt06V/lw3nz+8Se5lbjrnttGbh4ZVs1W0Tpg/33/4/VvcD/NQHdTd8oujgZA0gCaADUBkNZaZfn9997/7ne+a3p2ujIH3wJkmWoMN599wvEnHf+8hsqwgkY+1Gw1L77ke3feduenP/+5eRNzAaCi8q477l60aEGBqlK0Zu3qP17xp0ULFs7OzuS5uv22O8pelWNhFpn9d8dtgo9qrrnnLs2az3EXUS0V6+zjlhjHYHjZARP9yXoObKZZdtDLloeZRB8AkKVObhZD5x0mCHOaA9GoK9jY/sWFgn7pTORfw1dABFElj2BIHwe0zkRaJ9LPbjVTtOXDpyZrKNb8MOL/2Z2U3vaYkJKQB0QAe2yJNYNeLQbsYl1e6Z/ZPIJnA3vYhjwdxrlQXruJ5ScIn16Wq4jswLg19m4AhgGLDGjtqUeEBJnCcnLTkUcdeehhhwyPjqAq3vz2t01v2vSRD5+79dKlCBqJNm3aODI8fM5/fuw7j/z7wx9411FHHTU1PbV+9Zqq2160ZEmWqbzRvOD8b33iE59Zt3HTUHMoy7J99z9g3/32L7udvNl6eOu7vn3RxQpy6MHo8MjLXnzqHnvt45eh25mdnM4ydfQznnbIwQdOTU4u2Hbbj5x77l333P285zzr8IP2Hx4aXbR44f0PPXzskUdf/K3/yocn7r79tode/LKTn3fixz7+yWr1GiKibifLlQbQiIoo73SH5s6ZmZ7+6Hmf/NGvfj06Mb9otP76l+suuvB7p7zohae86OQGUHt2Ns9zJA1VBaSRKqYwgkLIFCCAUkQwNDz02MpVn/ns54dUNj3TJtAVVRqqHLM9d9rlBc89aWLBXJptN1qNfO6ca668+tsX/vigPZ/yjGOPGhoZBaA169aV3e7E+Hivt2G22736muvmLlhQ9jqo9Z/+5y+KEDADDaAJtfapMb9cgpNjb9A6bZLhONAz90R+yvFboAkdH3Hv2MG1vCMVJ6c8SAAZy1cggKE+czBagYo0h9heEIEcNZNYsLk32VAvuQDAT1cjAm/RiYYK8/hRuWDw5V2s8GatO0KwcM7RN/8Q/2s0TUAsu/vJjiI3gXmdTimwbYgfhqzBxbUWN2ngpYqPGI0go5RoWBGH1K967Bo3ZQMT3xbzIpjDOwYtUHIRa06ofG2Yx0jYW5J961fMuaHHH6GJrk1yBLE8oeyEcV19xqQ1T/Cfc2NS5JUHnSKimxR5vzFg1DIRqqBPg/CRfYgA5nXM0faIejDiwhYwJ7UMXOB0cbsPkZPdCcCHgqmcWdKrce6FB0M0irqElLHleslyRASuPI3uHIkEmqFfZFdJSD/IaNODGjEbr1eevOvZvz/1sEaC6H40clo/hi5Mwi3j3+wzJ4EvVDMmYef+l7MYfr0czxgnS4T10Y8eJeesg5AoOajUAmFTSwX3xJUGXUFFQFVVrVq1Zqdddzn7He/qll2ty6IoGo3m5z792X8/9HCWNzBDgOBhMEIipKHG0NX/c81nPv15BSojWrx40fve9779nrKfmXNifLw5OrJo6yV5kQPAggULGkNDY2OjeZGbO6Uu291Or9OdmJjzzwfvfd97zsky/OyXPjdn7pxvfvPbt955x/DwWKV7GSAqpRDak+3Jyck5cyaaQ02tKWsM7bP3Ptjt/evfD91y441TU5NX/vnqu2+7c/nSZddd+5dH/v3w+qnJmZnZ7Zdtc+A+B82bv+Cxxx9VqDq9zve+94N/PfivAw8+GCvqVr2LfvT9X/7s10u33mpq01RV9ghoana6mRUAePmf//iL3/x6h+XL16xYtfeee13y00v22m+fZx37jE0zk6CgbBAVCGDPeicy3onWpipEhIgzMzN33XFXh3pKKaqISGd5BggHHHCQQlVgTqQVwR+u+cNHPvyRE0468eTnP/fKq6/+7R9+U3a7f/7jled9/KONZnPBvHnTk9Mf+9jHFWBVlc2iuWnDxuGR0bwo7NKTqR1Q4G8J3pE8t0UCFvGODTloM/IpxxHc6dLU7g8nW+zvAWgpt8xJu7J7LZMwYGyM3CGqqeY1R1T8IrRosnUUKHLRdotcN7PlNXiKxg6dUJc8tdkcgYxSDHnyFAWhLsObEiNL8hhmNkKAAKAU+/jC3TZHgyuso5siaQIsy2F1jSjhCj4A86EHX3rg6HQm+U7y9T3mk+1IRESkAPK80+0++PDD6zeu+/ejK66++i9zxifuuf++1evXr1+/btXjqxRUz37mMxbMnVv2yrKqxucvuPPOO398yU+PPPSg7ZctH5kYv+uuu7/xjQt232OPRWsW9HrtvNmoer1///sRpGq7bbf/wY9/smLlqt122qnIs5v/cdt5H//s5z//ibGx8fbGyaLRyDBrtppr1639x9VXb5qZnp6cWbNqxe8vu7zXbl9//d/vufO+fffde/309Jo165/5tGOAsD0z2e52irzIKyqrcqYzM5Q3zfoQIumqqqqxOXPas7PnfeSj3/nB959/4glPrFyz8rEVixdv9ejKlW9405krHvn3q1/7ipGJ0Zk1G3IgBYhaawKbhlAKlIIsA0TIFGRYNBtT09M33XTLkFJVWVVVVaEGAOpVRaV6ZalJE2lAuv7qq9/9vg/lKj/nnW+enJz67YUXrF63/oILvr94wbytlm7b7nVHh5q//Nlvrrnqml7ZKYrs8ZWrWlmeg4KK0J61bpJQflWJ+b3Gy05TsKuBMQN5NvUs5Yxh4AXIKylJfkCj2V0SniRA9b187NhHTBmCKJ5O7COzdV8/kA10XG5T8H4AKdyGQAncnBtU12B1pJJoDrzqKHsrVA/MY6crOWONkH0zgH20U61u0teu1Vc0ibywnGnixDWiaGTJdmJXs3df+/MluYPBU4lRGVklu7tVT/9qkAu7R3xCfSKZAMj+diEqisofZHf/IfmmShn99oMA+gIRoIDo416sHcsowA6CL9u5DrDdCrZFjlMKMgGGAEw2gUHsESVKRP66tpU6zLDEtegw3q6HYP5z/afNbTnekjYhThR9GaSSwgpq7n2PmGS1BFE0X43LXQoEIdHThqDuvHUOtWszBArXqeuIZTjlxtrR+jfi9JYaCBFdWD58rl86k8TekjNWAVyRt+o2sIO12OGGGf/NNrOW3OZzbNQCuoJKQwWadt9r15NOOF4Cf/lll914480KFWkNCkpdVqQBFQGUirQCUpBh3swbw8Mj99/7z/vvvW/qLdP//Nd9f/3rdcu3X37H3/9R9cq/3XprrrJOp33bnXdUvd79/7rvsssvm2pP7bfXfjvusEOWqZGJOffcf+/Z737nzX+96RVveMVuO+/xxOon3vufH6IeZZnSpDOVZwpJ6/+55uovfv4L73jrO4592jM2bFq3aOsl3arbbDb+/fijn/rM5+67/772VGf+nHnX/fWmv91+a5ar4ZHRSpf77LPPzjvuNjQ21ivLUldr1q266MKLDz3sqePD4xXpTrdz9713HXzQgcc8/ajvXnxhY6hAwEZRNPLmbGf2R5f8cNmy5Sc984QvfvGLz3v+c37zu+JrX/va049+WqvRqpSmrCxBC3YkQNCoIQNUhBn0yt4+++578YXfhQwAzVtXKcuVAjU6MaRy6va6Rda48/673vofZy9esvTtZ79juNG4+567rr/2+nand+LzTnrhi1+8as3qPXbf86Mf+9j0zLQuy15ZZlmmy7Ix0hydGK2gJNBkDu4IOcYrPXHikHPLrcPOShnFZ6HRAflVMQHvkevGXC6HFvfYyfC8Kvsx2ZyCp5T1puiPCUH4TG/3bnUEih5usmUuL2BuQ5THjx0420RbK46+hQKAyIuNtCTLfzL5F29jS9tZdhTYJ3NEEEVRd9NUKL0+9B6VX9W6XycVBoiJUr6HIS0ybcyTn+gCA+nhYryagkwgWgFzlkcy0FCMgulCbtu1q3I4TRk8C+oxJFeTFS65rH7wfIIlSHfL5vj4o7ff9dH//Mi9D/1r5bp1uqTJjTOf+MSn2rPTCrNuW++2686HHHjQ0OhQT+t16zeUVfm97/7ga9+6cPfddgPAvBi674H7FyyaeNfZb7nwOxesXbdO5VlWFMPDQ2NzJqZnpv9wxdVPO/qIVtEcnTNx2GEHf/Oi7//5z1e/5KUvpdm2Koqy082bow89+OA57/3Q3fffN3/B/K2XLF65ZlWW5YComsV9Dz501f9cMzvTOfzII3u9LqDKEKlXAWUZIoCCvAAg0ESdbt5sNicm1q5e+8lzP/qF889//Rtec8573vPe977/sUcf2feQg759wdfe/673ffijn7r177d/8IPv3H75svaGTdQtszzjOrJChZRlkBmuxzzLu+3Ojttv99XPf2HhwvlTs7OFgkr3MoJMZcOt5mirWc60G63WrX/7x1ve+d51G2c//8kPH3jwgb+77PILv/PdJ1Y+UeRDZ77xtUNjo8NDw+9/7zt6varb7bZn2lmG3W53Znp2t112rNqdDBF1haTAH4EsFBUvtizYEPkCFoSdgtjG86z04wVjxJ5WnMJNlriEw+rncpGAawlSuJyfzQoTwVlu4SlYpR37sglQPN7SAQjo4S9lRZhqv8ihY+XmwKPgK3ux9cyVkGJhD6RjR2GAC2ZI3r4lgaMw0pDKIgApnDrYPRd6Tb7MIWKVWFtKFMJUfgx83ZNMlVz6XRSOESEbj52KLd0UlBohugI5qbnvMfwsGDLKTA+OfL6fKGRF4ahMjwb0c9OmcQ4gllD5yieyMLNd8M4Ii7blMSk/wcaIWnKDgioo1h4MBCa1iMMDNzxiTLtR3zw+rQNcE0EdMYs5eopZ0VthT0p0GYpQrt2gMXbJBvVYMwQyWp1gHKJ69Cir00IFhmzQh6uDW7Xp4ivBNY5nCTFw6aDP+UODLplokXxcY1e5AUv2dfarLwYRSAR1vToAvvAzJm6HC8HulNWG3jvzvUMk6kPEEyEDLUQrMHzkuhCZcBzBPPdDRLrUG9ZubPe6GyY3btiwYaQ1NDo2tmbNWgDoUaUoA4BKV0iYq6wCAAVlXpW9mcOPPOKpBx/SLJrn//fX//ur32gWzb/eeMPZb3/nttsvffzRJ2anOl/50lebQ412d6bXpU67+9Of/+wXv/5Fr9d9z3ve/ZY3vI2q2Wtu/suHzv3Qny+/cmzOaNkre7o3Mj5+2IGHZKAgDCimp2e0Vnvvte9ee+5usNvY3gR5vt8e+3zg/e//r/P/qzvbfcuZb944uemi733nTW8685D9D6m0njN3Im/kQ0OtoaIxZ2j8nukNFZYnn/TcVt5sdzujzeHXvPKVVVk2R1rf/8F3dekl+ca/33z11Vd9+rOfWThn4YZ167KsOPM/zjztlFMvv+qPzz3+ORvam9C+VdUc2kEKAQAqpdk8I1V6dGx066WLKQNtRBTs+6YqrStdKZVhDlmmTj75uS865SVP2WUPAHjj69/wqle9qtPujI6O3n7nbV/4/Bff/q53v+plL0+y3iy1NWmNZN44H1zkQg4A4AMqIiFgNnSf+YPjIc90mxdaAn9wSOhQ9RMMDDqDcxqjcf0mO+mNeBMSjRoPOviOG6RGQUm9+DQOMeCTUBVuYL+pLHSwRHgoZgidLJkH9bhjjZabvYzCEcsSuzyIgApN/Gn8V032QXWGs+6CAdRytDI7m8rggjQw0ox6FQbRw8kCZOIGQUeMyODZ2z+noQCo250YGz3llBfcctutf776mpOe85z9Dzzolpv/es8/733ec56zww47z5k7Z/keu4/e8FelskbeyLN85epVhxxwwOGHPbVRtDpTM7vstMu7zn7HYUc89cILL1JYIGQAMNxqDQ8NX/zDH/3r3n995L1n/+wXl23csOkjH/vgtTfdfPH3fvSc4585NDI6MzmpFJYzM1svXnjmG1891S132mXHpx566CWX/ODnP//dOe99637773HbP+74zre+t+duux962KFDIy0AtWjJ9PJl285fMBdVhkWDihy1xhyarSFoNe++484Pfeijv7rsd69/9Ss/8tHzxkdHV6/dgKhmN23aefc9L/72N759wXc/9pkv3H3vPz/9sQ8dfuTh1eRU1ellWUYIqBCUAoWgFGoAUATY7fUmRkb32GsPaDYWGkHUJVQlVBV0utX0tKqIKl0SHXv00aec/NxDjj68nJo8+pijdt1j906nPWdizuTU5Cc/9sl99t7z5a9+dX3dodPprFmdKaVKjZkKTF1a32wJc1NCtYRdBRtiyB3xG5vqVx8W9jMQH7tdhydmS+87G8FJIo2JOM+BLj57T4D7EdjoDpQ/rCyEyI9TDz4H6D0Gvx8hIv8yEX6EhiAGYTNVjcjH34JrUNkhbtn3MKotvwZ4zMmf+k1Xd8q3EDbZLCgYblmVyelWDLnaj+DEoG6MeNa6nCQ3dm4RYmlLs4W2jjx0iJvvZyEJ3xicauJjEyC3ZbJ+yLTfXi5CI3AB3mCyuCuMReMP/48XxlVuiFhoYO8BQPw/wVcLqu3lE26bvWLAc5epB6tZ7cuBzXxyzDoDS8ax+XujqMSItYVkByW+adc+UIP+lPfa5TjNBIwup276GT0vHizG0LmLvG6U6j1MLPD48geMyAJgs62ecTESKhl1k4tv6wYQFQJi3mi0isb88Tk5ZkNFszncVHlu3pauCwSAqtIImKlMA1WqoixXBFSVRVaMDY02ikan3a663aOPOuJjH/8YVPo3l112+x23vfnN/6GwGB4ZevDhf3/jm9846IADT37uyahg3333BYDHVj72/nM/cNftd5z9nrf/9je/WbV6RUMVm3pTq8uO4gScIsxVNlYMr161utdtb5hcX1XVhpmNjayRZUpX1YLxucccecSPfnDx0j23e/GLXnj/A/d/8ctfGp+Ys8vOOxkMp2dntl681T96N8y2Z6697vrmUOvwI55alRUCFFlx4L4Ha9BXX3+VebtwBVpl2cbJjZ/5/BcWzN/qxGee+NebblQK163bcPKpJ++x++5f+Oznn37s04us6OguKkQULwYAAkSNkIE5okN1e51NM1O9rNJAoGy0pwiLvGioQmVKI+2xyx7vfvfb25PlAw8+mBW5Oa+l0tXkxvVf/sqXv/edi3bfY8+lCxcC0fTMjK6qPM/yPK965dgATkCxv8RYc3yIkIi0BlKCzcJMaoqNvfFwgMvCGvsyQV9RI61f9SjQNRbGyYxht6QEfiH6N6qzK+IG4UqDPHQagZQLg0IB8pq9BiGLAcMmDusirL2dQBARXB7UKWUuHnoL5OYV+6bCgSw66P5l7cWfayEgEAXqw9sJQbEwnx3QIUwDSCp5hVEvcvNCICJJ5zdM8UKgo5gGTueJLDV4Je1DVwg++C5C7YFAwWvsYEY3sVgUy1LRu4aM/LllIcryrJqZXrho4Utf88rOBe0777rjda999TbbL3vk4QfWrll30vNOGp+YB1QB0fbbb5dnatPU1KP333fHPXc959knLN9+OwDqdNrbb7f9jjvs2BwbGRoenp6e1roHAGNz5z5w771f+eL5zz7u6Uc+/diLfvyzVU+sHhufeO0rTn/tm9783Yt+eOZbz4LJjbpS7XZ30eIlrzrzjYDZpnVrVq5d2+v2dt5h2fTMzAMP/LvT1gfsf3CjyP559x2A2GwNT09t2mH5sqXbLAUAynOzjQpHhyfbnct++tPzPvHpR1c88eEPnPPmN712ZM7cJ554PG8UutKZwu7GDarVPOt979xr36e8/u3vPvX0137pUx858cRnNzKsgDKVASqTbiA0j/va9ENZ9WZmZnKEzoaNhUIse0pXUFZgH1XSZae9/75777zzjk+sX/O3m27OAfJWK2+25s8Z14AXfvM7n//8l9/x9v844uijp6Zm2u1ZXVVApIm63e5oUWw9ZxzK0jpv5oEpX7ewwo+27CZWHYWFZDbmflz9DtwF5MG8jiR+WFJaUnTnySED0N+NZjOFrIbSe+FlUGih8RjGj8xA9DAUf+Hzi9DfZq3j/BBuV1MLliax+ReThPdRUtZpCLEAwliw2Aut4EaQpbC4+sHY152zPufZ+Js1CjvlKVvKQlx9z0hwPzaaGHyI3H13Uz4H2CcS6FeV7RdtebqHgKUKVDG0MkQcHKMOjnawT5s4IAnPMZK+R7JOHDqxITOANG0sftHS9HvCUA4eJX68sSZxz6EpTUbopBuDFbyizHNLHce4e/3ijiQ+WPA41+LUGPASBKRzmsU9Xht4VigHccDVXSPZBdIG2E8dMZKsuoPjAReQhBjXdE2K2/3NmLB9nmhwPgQGcLN7x7/6xlGJOw9T4cTtI1fGjirRTu9PcKNEfepjCfcn1vjOT+KNZqxt06MFutk5SQjgK0DS8YueQvKnrTnt7sGMxgVw1sWrJKnZAyhDo8FzSeNEYHM0ijADpUBlKssyVfa607MzZa8HVVVlut3tal0qRLK1NQ1AChEUEOgKKwJCnWNJ3arbGyq73W7eyPMiX7Z02Rte+3oA+Mtfr95hx+3Pfts7zeR/u+PvF178ncOfevjLT7elvEpXjebQMccd++pXvfr4Zxx3yy03lt1SAaoKhotGlmU6I0TMtMpR5VmeN3IkKBpFlmWtRqvArKd1UWSTnZmvfeu///DbPx14yME/+dWP//ynv/zzzru/8vkvrFqzsuyVCxcufs7xJx6w3/6X/uh753/z6z/60aVHHnrUdkuXzc7MZKh6WM522kWRI2SoVK9XGjN24Q8vvuqKP3/yU58eGxqfbreJoOp1m1i86pWvOvONb/rORRec9YYzy05FusIMybwA1LsM9pNClWNW5IUqskpXaN5bgKaipBQoAMohW7F29ac//dl//vO+XGV5M9NlVVXQGm6NjAz9/ea/L1yy9aWX/PjBhx6enJ6cnppEoKFWozU8smH9uqcd94xXvPzljVajqjSwSAasiV607He3UdFHTX2MDcpRtuBKiK+9n/qF3TUBZyCXxHR0KgnAlMNDmOxP7A4lJhP+AVgHF8DHnRFkRGDeqhqGmkkcbMrT7Kvpp3aw9jWwceT+1twFbho5QA5OACD7VqX0zKb60c/LwQB99GQ0AwtC862ABsjbm+swy5sox7QZOocD2K1D5G8wSLWnzqI5ar8FHTy/hz0QwL4+yxorxKoqi1br2muu/uKXvvbEo4//+te/mTtv/pe/8o01a1YODQ8vWbRkZGT4Bc97zq477rh0q62uv+GGa/7yF6rw+OOfPTzU2rhhoyryqtfttGcao8Mjw8OrNXU6s6Rp/cYNZ5/9vjkTE+d86L1lXszMTBeNfM2Klc997nOO/d53P/vFLx9y4H4HHLT/htXrsNmY7vTWP/LY/IULv3/hxV+/6DtlD0Zb4ytWr5mZ2rRq1XSP1HAzGx/KZ3uz4+Pjs7OdlU+sPvyIowGg1DoDajSbf7vmuk9/7au/+9NVu+20y4XfOP95z3uubs/q2amRoVaeqW63VARYFDPrN7Z7a486/oRfLF78wtNf/dLXvOn73/rGi15y6vTa9djIMkBQJvhUgGRMoVKYZ0VRFJBlebOVAyiFUJWAinRlDq0tmo1HV676zJfP/+vNf5szPg6ZAoLpqc68BWMLFs+/6R+3L95m6xtvvvWjHz3v0cdWrV69ptnMFSAqtWndhr133/W8D7632WhQZY+aQ3TGOO2yAECC642sEPeLLbcMOwAAtJY+s2V45AMLExFRXZRTHoQEuU9IQg5DC2XgNkBCNTOc0VlLYDEOEkTkIKFIaHjzbUpRJSONEFmHLc8fSmsghUYzJANxGVQkNXA4ddLRj6fnlkZlJ53IwD/sHyvWgPWOdby6IJKMrMFlSxlpDBq8jhjzhwNxQDAZ3XdfFZ9R5MAQkRgnalKErU80ID5PrIuoBpl2cug4nqyjI8fc3BrVyWK/KqXEOFKivQvt5gMgInmWtftJxqlgmdyPGcXPIlCMYyMxhqW8K7D7ELRPpCE8EAIA0Nrg6RD2ANQmiiiTXiwZgoqsCsatNi8yWyJRTkjdV/kjBKvPq1Of2ulHv2gyRK7PGnzLwbs7UVsSH7xujhY4QUo3e82H9jWdwAlJXawMEYFj+tjPEeqfwXMSLWxJFPWHH8g5ZQyOGNhk1CJEGGHXv0ZhAyvrWQEDOpEzMyAh2LOOMkJNmXngZmxs7Na//ePd73vfxk2bFFCj2Wi2mldfedXWW2/T6ZaNIgNOTgjnEYEASTWVamCOCGWllcJu2amo+/vfX3755X8845WvLMtyxYoVCxYveGLlijzPJqene73eptlNrWwIM1y8cMn7z35/DtkjDz9EmVKYAYAiyCpQiireNYoaIAeoKkcGIyMKUWXZ7NT0EytXL1i04PEVKz587rmrV6xTubr2uuseePjBsfHRo44+5rknnLTXU54yNjz2yY9+ev7iRaefcUZGmOc5VbqiKsuyobyFSlXdklDnmP352ms+8dGPnf6SF//Ha14HANtvu1WRq4l5EyrLzjj95Vdf8z8f+sB/Ll+27NnPOn6qO0XAqWz0QQgSKYAsyzKVeceBrNOuyNRNEU3FQeGcuRPbbr+dAlIZKMLhkbHp6Znf/vKy2enJopE9dN8Duqr22mevbRYvKrVWucpVoVA1Gg3S/omC2EOquWA1VnY8k7QGST028Aqktj5UCj4hlb5yZZg48n9CYFCGOj4L68HwJTqh5anvM/x+4oSyE8NyEzbtiReyO4gHnoubUEOBpjUsBaFpCT7WipbuNFip6moV3eDxddYXEs4E3SFaVQ8oJpOU0gg7mrr1RQSIzhiRsDhEKXwfLbATLiFOnBTYl2O5FzqWJxNhFcWqVavyPINC/eSnPy0JVq1Z1W7P/PrXv2t3urvvutNRhz91lx133n+/ff7whz9uWLfhPe9+58EHHahBt4ZbFZEmyDFDRIWKQDUaQ6jw/K+c/z9XX/uTH1ywbMedACBHmibdGGpOzJv/1fO/9OznnnrOB/7zBxd/e+78BRunZ6hZZBnmQ61/3vuve+554J3veMduu+60bsMGRYoooywrclSkO1U1PDx8/bXXXnn1dStWrQQArTUh4MjwDTfdctXV173ijFe84z/etGznHcpNU72pqaEF8/VsGwGQKtIaK8gbRQVq/eOP77bXU772uU9+7DNfmJ2ZBlRYZKQyo1ON7bPvIEJQoDKlAAioAl0Bgt18qysrV6BBEely7sTYAQfsOz482u20S02NfGh07sRfrr/2sUceW7Bg3j//ec/tt99+4AEHLpw/D0nnWd5qNcdbrbHx0V6vbA61rIhay2tlyq2as5GJLJnfJldbf3K2MdpZgGEb8SlWm2hjGmJ/J8yU9VMmRgotxwurFc4dMLzbYZFwJQa6LtKBMN/DjSK+md2LG3XvIzF9wx7eKELiwQTW5gxmsuOWRX1R30S9yOHTz3Y5MKJgJmoc1a9qfqZsE5m1ARGUbDO4zNhv6mSDKOTbbJe+vxrWfDKAJYdNBIoiJPPhd/jTIGjlvLU7g0eIC7Pxz06c+vG67xlFkqH17bcdXZjcWARrm4RktzpXO42XWl8SDepDDvL4NleWkz8nXJOw4ioRiHBJQmt/FtOJJqnlIuc+AMh9zlJRp8gg1Lyw9uGVswcWE8sdfMajOH4SHo6xEZ5FAGrrJzI9wg/1LmuwLcftxuNsnNDYiKA9jF4v2ZQaessCXOIMNspZKa0P4WBnhEQvu7cOZRdivIJiiDddFtnADJuGmt1Ee+wCApCykY9SaB73QQ30xIrHbrnl5rLUeZF1OrOgKWs0dtx5p6pXAjUJkB/HRGfUzCm43aoCxGaeE+ksU42sef0tN5133ieLYvg5zzkpy7KiaLSK1nCzpQDzoiiKoqGLTCmtqdPt9spes9UihYjK8LhCzJRCxAwVAiGReUFLVVZAdrG0OfEVqdObbQ0V73rb21566imV1kh45513fPCDHzr99DNOPvXkXq+33fbbFwoXzVswb+Gix55Ydeqppx148CFdKluNZk/rXtVTgBVQ2SvLXq/slVdee9XZb337cGv4iCOO+MkvL90wtWnF449Dpf/nqqs0lNTThx548O9/9bu3nPkfn//i55727GcTVYa6RJrPoQMEG6tneYYK7VdE+4sJOwEUYkf35s2Z/+H3fgBBVaDNU6+T3clPfuITzTxvTExs3LRh/twFy5dv99pXn37MkceZtS2hUoBd6PaqstIVgUngAYHYQsrOepTPkryEzt8SOyow4CDmL4pHgHBvo2c5DDrHXhRaJnfjAosRgYwmgvqkGUR7dYOASCie2KypI/GSSAY7PFdQ3gdjMGoWzlZNDWQQmJ7YSqXGjCgDYnXqh15EY9iVc5/97agSUXvem9ebZCvvmVr96QBA4CeTPayWR2RXOYr83Ti14UML3h+x/q54QzHHrU53R8iL9UYAcfaDM1yiPsAHl4gxPLUCzgsdJuT/K8wAq/bMMUcdtWjJwnXrNo5PTGy77TZnnnnW7PTMJz/+8VazsW7d6rHR4WJ4+Cl77/mTn//s4IMPOu3U548NNWfbHVAZaMgUGjVbks4ajXa7/YfLL//Oty84YN99Hl+x5pKLvrNg4YIVa9avWL3uhz++dHyomL9gyXFHHfP1b3797e/+wCc/9tE5SxZPt9sKFVQlgd5p+fZHHnPYLjvtODk1NTwynCvVaDabRZFlBQFled5qqh///JedsgsAWOQISN3u8150yqFPO/Ype+9RNBuzq9cWWZE3GlD2sDInnJdV1VV5AzudotnKEGdWrT7ogP1+cvF/E4KemSyy3NLUvHhFOLlIBEohaer2dNlDBNIatSbSpAlBI0Bvenbx3DkfeOdbMM91pTFTxZwxmOl8/+e/+uNVf9p68ZJO1dtu2+22WbLkmc889szXvxaazd6mKV32SFdQadRalRUq+44fXuWAoziKDPgsEtfIt2F2CRgieGOfcFCEr+MlzBtly1nScfHSFs8IvjeJb4FrZCHxp2sSAYrNSjbrQuFkzueQRLDRRP0JHzc4/58VRu2yomgNlJwvCkGF18TmTBT6PDxC2Ij8v1FoF47qzY29oSJ97Dd0hHAHgYf47IeNZhcjRtSMgk+ZUI7yDYnKYcrHT4agdUsh60sYQitbutLZZqPHqOYJNZq7EtzgQaIq3+DPbi1c5giEnESQoBRFM5CIY5mnGez+O2/jrEEI0wAcfcIn3O+Q7JL0HEJg+tDZQ+SFMcIlWlAMObkv4vyva2fe27xFmQXB3nH0K7J+9V9BrKwEmETf9MW11uj5hH4JjiRf2S88aV3mHMtJpc797N1c/B47pjxKpHhqHwRkUcOECpA36y1qHQj5XYR2C1IMEplt/3VY4q/Jk8o9BBjykOHuoCVbG0ko7GdE6vAQmx5mM7Pt0Fh582wPAuZZoXX5jGcd96XPfTFvFRVAr9vt9nrrVq1F0EPNRq9bDreQAJRSiD4DpFVVoR4fHa9AP3D/w7PTM+12BxD+dMUVd9125xveeubeu+85225nCoio7HbXrdvYnpnWWpdVL1MKFKqSkCCDTKEioMyMqxAyRIUZImisyrLS1NBVt+xpsm801VRVkFVUVVQ28mKHbZbvsM1y03tsfKQBau7EvLGR4Ztuuenmv918ynNP3XbpVr2q2mq7pS984QvHGq3rb73hoQfvPelZzxsbGS+rLmnM8rxoNtZt3Pjb31z2+GNPfOnrX77qf67+0YUXksJOt2oWzZ///Gc/v/TSLGuc+bY3v/v97/7gB/7z57/81THHPSNXqirN9ley0mTOxCUkgqrSQERau52GyoR9RsdkkKHCima7s4jYaDZAqQceeuCDH/ngb3592Xve+d777vvnr3/5y9ef9fprr7vuda9940tfecYrX3zG8uXLFajZzqyGyh0m3VfuJaMwOxmvBvu0Embb8k6fwUXMkmLHmtvCjOs7yZhHfggMUzQma2ewsQ8YhJipo+nSYd4gs1Sf0uxBl9Helvbtcz3pI4vqHkzwgsv0aPIHBI54A9/N/kWr8cErF2EAkcCccJjwQ+3YcimD+wlQEiMAJO16XCP1DjIxG3i3N5ps4PrYoBUVIagiq7SeO3/e4YcfDQCbNqzvVWVZVTMznSdWrpydmb7pppuff8Kzt9t5t16le5V++tOPXbZ8O43q97//w/RM9/gTnz1nzkS32wWAvCh0Br/73W+//MWv7bB8hzef9fo//v7K3/7pj83hfHKmPTk19aH//Gin3R1uFud84H1veO1rLrzgu8856cQXvuylk9OzipF5+N+P/9eXvpZl2capyUqXRJQXRZErharX7TaK7IknVrU7s81mAwAUKpXlVPa23n77rZct781Mz67bmA8NKU3lbAd0hQCoqawqqiqoSqzKrNNWCESgu7280UCtda/MioYmIJM+JU1VCWVV6aIqq25Z9koquz1UJXY6VaaQKtCaKg1k1JlSgFpDZ7ZdAQyPjRXDQ4/++4mvff0b51/03def8fK9dn/K+879yDEnnHjA/vuf9/FPPPDgI2ee9fpl22yjMjW9YWNWlY08x0w5VUD2H0MRzmwkEzZ1P0iwQB+/wUayYIUItsCWMvu6v1u6f7PfFYqP1y0gN2dg3HSg5Rci5iXEffexuPfM03qdwJn4VHHGmwTyb2zur4O2+DL6xjrFhsj2MYiEg+fCErR+fYoRoipfP40tA78+wSeErvD/Cr8wlkuSHsMDYMLjbeqDPKl5RXr5SXQMoUvEq/XgIQiHIr+iTrqkIIlV2MIibVT5lCw+sBv049zBIeiTuRgiz7hPcoDNXv9vmuj/z8Fr2Mr62ebYOOa3LehSGyL9NQ/veT8ozFTaCND/aCEXsWQttZN2cvilYtyXaz99L7tdBxVQ5akYsGoAqZc0l8BErFVMHAX4eABkXU5G7Uc5EDmPyC+yrycOZLAz2uRofE4Dgd8uw4bDXEplFeihsaEXv/QlS7beaputl5Zag7Le7c7bLiOA9ky70+kQ2V315hzMvMoyUmVVjg+NVD39ma9+/nsXfw9K+to3vjVVzuy7797f+9HFTzv26XPH55Wg8yJHxMWLFx933LH777+vUmru8LwK9ExnGgAUmPOPEFCpzHm8ALw3lRArICIgqojsUzuaSIMGREXZTX/72x8v/2PV7nbLDih84F8Pbtw0ef5/f+2ii7+zbuPqfQ848JjDn/7322+97+57m0Otx594bN/dd3/88cc+8MH377nz3gfss2+7XTUyUoBlr+pW+jmnPP+Ek0464YQTWs3W/nvvVxTFjTfd+N3vff+FL3jRySefXFG13bJl8xeMT8yZu9seeyJAI2+0slaSjVrN5lCrNXdkDi9FzHIadKmrTOXFcAMA1q/f+Jebr/nG17917333fPwTnzrrta//zw+/v6u7zzvlea97/es+/amPX/CN/77u6uvOfPMbn3b40yYmJjTomWoGgJRdd+kOME9AOC3GsNgDsGw2HkOWNb0pMiXoud7wpg/J3HToGhhON44eutehp+jFA9lZ0P4rJw+saBhloK3RQxwV25ojcvkk/UhnUiFYKeZX5iYf7aAw6Svy/iRvch5XohFNTUHGSo5jfSkRHvKTBaa/aRO4rfyCmqTajt0ak5aSzgCxydSmtKKBNIACjmSFl+yHJ+4YPBsaBIsWMVcHNmpZPMYRrZ35KLwa4LNl0L1KwkcU5DIR5isGL8kAxwdo1CVqrbPxsbtvv/2a627YsGHjuo3rHv73I92yc/e99z3+yBNve+s7NOD222734lNfePUf/3DZZb8re517H3hwtjs7OnfhT3/+s04HjzvhOJUpTRoAiiLrtmeHGs3Xv/YVRx5xxCGHHLjttkuPfvrR7W77mxdc0OtVr37l6cPNZllWJzz7uO6zj9tvl1123Hbrcnq6APNgD5LWRZ49Za89l2699eSmjSrLdFUREGYZKujMdoZaI48/8fgDjz3S7XUBAC0zKz053dMV5nmj2SRdka5MyoCIFBCa/SKlBq0zqAiAMoWAut3DLFN5rjBTo8PQKHiJAUgDqnlz5+S5Uopac+cCasgU5BkggdZQaVAAiNAry5k2ahhtDsHY8Mbp2f/55WXf/uGP7rjnvve89e3vfe/Zt1z/116nO3/B3Je89EV5gR8571N33H7ni1986rOeddxW8+ZCt1t1OmY7jg19XC2SEPxbdZi5WC0wXwiu5UI8ghC0IKBzQROyQnJjcmRF/uRAlDwMEDzN4821i17sULViG99wbMpyYFEjoRDQdq0pPEkSe9+rFLImm0F02lPSAsBhGF/otaLFJTwlxepzYqJbeIzeiJ1yCh9yCGtcUFOVXjdGcWDoPIn15KjYEVUUyrwZEr2kp0i1GSNPNzYEgc1w9wJQncqV3Fm/gnnRc5LEHRgX4vHrIai8Pzgikkj5nG4IfL0WJ2eJYCASijukFQkf1TeLhEHOaMXb7SYMHjaJFiViFTlOHHwGIjvAz08UVKO6rrfLFFOpz5iSDt4NEvrJH3gQlxxlsddZfDlgSnBMZ6itLAh7K90c94G8pjEaSkwhMAmQlVgLTibhokBIxsDZMeD1CSMjgZJkcVO7dUU5Ljl0fEt0ml1cjo1l/OnI4V2QwAmzRoAn6QN0v8ul8YQtqLEPBiOzOiNkXaesIxc44BCEiyGd6841yU8IQQNVQ4xAKttoAP/UqFe8ddIIPxLA+ePKlBQ8+nmW93RvfGz8tae/hoCmOtNmxEqXpSktYjHSGB1pjiBiq2hUVY8AclCFzrIeNouhqkuf+uynP/Ghj572ohfuuNMOX/rqVy//45/OfsebTzzh+FUrV69eu1YjEukcUWX5u9/9rkWLFj308MMbpzdmrXzbpdtkoAA0ECmlms2mckcUEpEmyEApNTI8YqBtFhlAVVUVAGigkrRSWPZ6t/ztlgsvvrjRaOQZjo2M5qo5ND6+6267P+O4py/dequjn/6MO/5x21lvPGvx1kuA4L/O/+ree+w+NjrSbI2pPLORL2KeZY2h5oIFC174vBdOdae6U50TjzuhyHIAWL7r8ksu/dHe++170gknVAAllGWv88rTzwCANvU6ndnbb7t9ZmYazUPvgIhIGrrtzqYNk8OtoWuu+0tVdQnNhjVNAEiYF3mz1Vy2ww5zJ+bN9GZXP7Hy9nvv/MmlP7/+put22H7Hr3zlv4458vBer5c1GtAoVqxYsXy77T72sfOOOOqIL/7XV975jnc+/WnPOPW00/bcY/c5C+cikCaNcjOqVIAK2BaYIApdRSHiTRnphRxcYzCp0pxrJxSEzJ6gY/nUCWVSggVLx9O7BnJa0kLm+J6XPw8GskZCbjTofSoQ2B6n5R0AfZOgJPZHAQCq4BFWU0Gtn8wutJGfMmigFFuC2mihgo6GZnIEKj/elMH6I0ENF3ZqIq1Ba1KAdlOcdRSs3hemMhjXLn/EPhipvNCBMO1DCMGyEZqoGNGoZ/d0XY0748vQSTkfnR8y1FpDUdx17/0//MGPN8xsyvKs1LjLTjsvmLcQNZxy8vOOOOzwQw8+8MEHHzz9NW9YstXil5z2oj/96Yrf/O6Y01/60q7uzV+81fDISE+TVgoAFML40PDJp7xgweIlnZmZtqb9Dtxvv0MPBMj/ev2169ZteuHJJ48vWgCzM+2Nm3Bs/A1veiO1Z2c2bGzkWaU1ZIoUzFs4/9inHbPnbjtPTm4cHR0farUazWaWFYhYUTkyPvf3l1/2vZ9cAiq3uBMRQJblRZaBrqiq0LzXWWvQhECNQjWKAjVprdHRmUApwEaDFGJRdKvqgdtuX7VxncrysqcJoKyqZrO1dsP6+x99fNPU1GWX/wHLTmem3VBKAwGQQlQZIsLSrZbutvNO3enOo2vWPHDrIz+69Je//u3vdl6+3ec/eu5zn3N8Nd3esGHDyNhwe7ZTluVpp5661267fuozn//sZ7/8xyuuPOn4Z+216y7Lt96qOTKiDSNUfJoOoWMgDB2agAFD1vL+iGsN/DypdXMlbzmXSd5wwV5c07ep3XAnXi088B98WOsywlL2nMLFAOA+CGnbnsIfwGMsPcW6T8CtUror4UFAhCYD7JShFfBohwLjEKtI78aEDmgKSKG2Jchy2ZybnlLFweShU257OQ3vYp56HOWUMXAQEWjq2EtOMEHNzw4cT8kodRT4J13T6gOufgU6G67X4AmiysgpjkrfiBAFz6nZEyiw8Ypm9G34HLDYpx54JZs9KVpFrMeYBpLQr06VJKbjbv5CYczg9QV401n7VcyhwzuhOxJyqUz31LukAB1MKI9JMtIWEhQqq0gf1moNToOFGq9+yXQJJiTFqmlwmzUoHDUmfXAl4k/gcyxiNyg2AKZpLd1VY/Ek6/CzbiKEQ2/JIj3KMKFX5/45J3Rokm3XH10/NdS0qXCt+Y+1vdGbAwRUohvnTuPcXCDLkeVjOMi6YoQA0O51gKipCgCsoKqUUlA2iuGbbr7pz1dcNX/unDnz5v/215cpzEdHhgkog0yVODE2fulvfvGJD5938skvuOjC73Zpduk223z/0ku++vVv/tc3vjUxMT4xZ1wB5irrVaXCLM9zlWXTU9PrN6w5+ZRTPvi+czqdNhAphQTU7bRz1QSzEoQIoDB7Yt3Kq674s66qomj+8he/BY1FownGQUXo6VJjdcIJxx9+6BHDo6Ot5vC8iYkH7r/v1a99zQnPfe773vKWjp79/iU/+sJnv/SUvfd533vet3L1iv889wNnvOaVnanp7bbefvmyHXpVqZQCgHanN92eJZW3u7Mz07MjWXNy06bZsttoNVatWrtxw+TKtavWdCYnO1PDebOlinXt9SrLxoZHH1u98j0f+ODKJ1bkaE60JQKoqqpslzMznZnZ7llvenNZllmmiKqKtCaNgADV2Nw5n/rsZ5926FG33n/7e977wbvvvnvBooWve9VrX3jaadttvc2qDWsWjM9tNorZ6dlms9kue2W7e+KznnPwQYde+tNLv/v97172qt+/8g2vedc73t5qNnpVz8cRAVuxg0XOrXfCzIyAvhQQMtoWWYJgOnfDRR88ntHt3nuph0puLH4OVPyAJCTOdUHhKYohYh+GmAw2ZrPnRPH7DzDWIZs3gWw9nNjLnLQMQZOOXTxU7eprHqLRTLvI8IiINNCKtQlZv7hNEeCsI9gPZGIYILL/kvBfjUcSje5n4JaOUNZRE5gghCqfF66uiB1I3hVOEyrQg26ikOM8FRGyLKPJTUccetBOO+40NNIcajUqjdtuu+xtZ7/zhhtueP3rX7/7nnteevEF7z/vM70Szv3QuQcfeMArTn/ZeR/79F23337b7f981SsObw0PdbslogKATZs2TU5NT01NT8wvZ9qdIs+n1m4oZ6ZGFi9au27DpsnZDes3qF5vdnJqdGQISj3zxIq8yIu8oSsA0gCAqvHAAw994YvnL1i4YLbdzgsFBJo0aU1a93rd0bHxhx56cO0T6/Oi5VcRAECDrqAiNKcEaW227mitp2fb01Oz5pzkyi+HZf2KqGg1ptatv+DiH/z0D38YGxvrtNuEGjRWFbXLXrcsFag3vOVdVbeLSkGlCbUmaDQKrSgjfNULT/nwRz7wyIp73/+xT19z8z+2WTDvP974utNffMqynXac3jA5PDI81Bqenp6tCPI837jy8d322uc7//3Vn/3m9xd/9/vveO8Hjz3sqZ8778ML58/T7a5SGeoyNnq+qsn/4/UNMylexbkUCz9oYA2i40sMWM4wA9oOaZFkAGygF57bHHJW6J8jiO1IXkXbxROb6OVs4GUrRBD9NELD2u0I6EfigmgqTvBz28ksiHW91199JWIQD0wEMytYSLizGLYE50+7MSHYSyEhcoom9qL6X4kCV7+YLYEZOLczKtd421OLZt0VlekG+Pd99X8E+f/qIp+N9nciOC3/hQfnJjiEi88DphMhgaCbzQSlQqZUkBwR+Ulh17elz0fzBw5BA4zElz6L6wRYOld9F9ddMoqxd4TLTn1KhUnPLM4dpHQTyLUYAFYd/iiZ1T+bADIMouRWEPtITZ8MRgRura5bpzx7FKaJcDidKk4sWV7/wWdAJHEwwsgnY2K3o3bGtCeBGZjCENGZsci/ARf0OecO0MaZxF4Uf3L9nS6KKMirLXNpwe9uRog4pnYadCRV5mtY8HLMwFkqv4kDXNrXsZKhBwKY5J0C1FCBJnZkqqoqGq177733c5/5QpEr1ch7nd6pp5662x67tXuzeSPPVFFR1ak6z3nRaeec8768wMnZ3hvf+MYXvPCU62644Y9X/vHB+x+Cquz2KkLM84JId8pOQzWGx4aWbLPn3nvtrUBVSoPKIMu0JsRsqNUEgExlGSpA1cBi3dr1X/ri1x55+N8jYyPTm6afecLxe+6xa5eqIsvQ1GKw2HrrrZctLbTWuqKiKMbnjO62x67F0FCvV/778Yd/9eufbrXNdl/+4ld3W74dAaxY+ej5X/na3PnzX/3G0ydGRtu9jsrMa17UnDlzh4eHVJ5njYwUgVLNZrNRFI2hxuIlW82dP79ZNCrVzCBDhGbWzJTSVI1PzHnNK17dnumQroh0pTWRRtCZyvOs6FUlVZU9etXsM0bQWne77Z6udthuewLKVTZ30cIzDj3kjJe+fNflO8zqzprpdZgBkW6NtJYsXJQVWbNRlFSundkwd3zOma9703NOOPHb3/n2Nttuk6MicjVNjqkiDnRxH+9NBMcCwGLCEYH42fvuMR+GqkY+khfYasPh4quZhOzgonVQJXMuiORqJyneldOy5Fu/0GMuw8JIlYmd6QywuDz8Fk9jGCxEwhmWfRxhOTnnEHUU412iZotkCLZTFv5hCbkfpJ5rA7lIwvbU8qfe+gTucTSCQ0Nz2Km1DURtQlOYBEkfr8q8svEWIWxhwgHPRRi0kZ51gIhghjhfYpMLkfuLniiyMQAQoSYE0J1y6YIFS5cuJYKqLDuz7WajGGk154yM9cqy1O1bb7qhUI0vfO68455xLGbZJz/3qQ+d88GLL/z+U56y33FPO7rIsk7ZbuQ5kG4V2cI5E80iL7BqEimtFWLRahatYs7YaFapVrM5PNJSZa8wjzvmTRtegSYkqMpWo1i6dOH4yPDcsZG5I0MAGlUGiCpTmcKqJMBsdsOmpVstGR0eBoAcURkm0ho1AWnQ2hSr7VppPXd0VHWrbq/XajZtzsAcAoAIiAoVlHqo1XzWs4/bbrddWo1C6yrLMoWKSCMAEJLWANQrSyJTkiEAVFlOQIr0nrvsRpUearaWb731Vidu87azXrXtjrtUnfb0+k1ZlmGRFxkOt5oZIgAUedFetzYfHnrBqac945gjf/jjn2JZjY6PgyallGAYlypzZQTHSBQvJTNNxMsshM76C87HYAx0igKEF+MgMHFHjYPEhcxkCL5pvdiDtZ5BcMVDIwjnHBMQ80aAoP7HrC6qdDZxJ8WHN3PFlwio6rpdqh3xgACQ2JfKRkiIqHWhnD4X2jyVMvPOSkA46xuyKg4c9sC+SZfTM0EiPPIhjalSpBZMRiH16mi/r/XlTwRUEOMRzJusetVm7FfnjECN4mQHgPmZ09OStVkcol5yZEH2pCSQhCQZKouh6lgEY4f8TRGtGEQLrQhrUBDKrXVtoR3bBG2851FboySrODz8TgZEYOLHIiDUB4pZrMqpgWpviqV0lTcIuwTt3SJKBgjjaoiuUAz9+A7xeu4GeB5MOVEUlACNa+oefiDy1JKE9eAAAG/+93fk+ACClv47CkhkGd/LgtbsN8b+gqRGoAf7pXwihkjGn45DKepIZBhag9ZAutKtrPmHVde/6/JPrFm/8kPHvu0Ve59GRCV1AVmYUeT9ZWYEwClKoUftB7m12DV0AKEkpDB+oRUNlKoYjjmm5gkz2zjT7ZgWxeoAiR1JROaIUa2JyqosimzF4ytvv/Xubq+sdG/u+MS+B+03MW9Op9POs9yQoOrpTGVZU3U6XdAIFY02h5tFow2d6ekZs7sYEVEhAqpMKfNAZ44VlWVZGpPcyPPZqfaVf/5zI8+fd8Jze91uhhkhYZ51et077rxz5ROrCXsF5nvuuef222w3Xc4QQmX9LF2WVdkrDaJ5hlTqdesmR0fGFs1fUFXdlavXNJsjW8+fN92dbeaNbtm7++67m8NDO+64PMes0uZQVVyxdtVNN/1tn/322mrR4tmqnZlEP1AGuHL1mjtuu2e33XfZZpulJfQQVIYqh8ycbNtUTfMOm//FpQEqKBWoHvUKLDTojTMbNVCeZaTLIivu/de/Hrjn/qceeficuXMqogJy3akUqpHhYTNCBzq60hqIQFPonIF1QPyOW/SMxmoO+Ok5UW5nbY6iT0pKQ91hOZeCaerxifzuk/ZiYmJtHEbSVl4LyofyoU9c8/UP//kLeyzY+YsnfOjoZQdtak8NNZoZZKaUHcAYGuCauxDqzRDR5JYkiXjdO4h3cPiMn9ADQsaTbgQ7kpH7GTuC9S4e63qLSNViHHjbVCJpqCrSGolmr/z92s98emikNedd56g996duGzOFqCwsKPS8twwMpI8YAr/HquJA5fGPQrd55ceZkwixQOMRtzTOvEe0zkUef7nWldZdXQEAaNLd7vC8OdfeeOPUpulDD3/q3PlzVjzwYI/Utjtu3yurdrcan5hY99jDd95735L5i5Zvt21eFF0NCFRkcNPNt2So9trnKTlmVbuLQFiVQJVqFDfefgeUtNeeuxdK6U5PeScBzROXWmE+MnLFFVe0AU448XhlypspxTK5ZuVVV129yx577Lrbbt2pSZUXqLXSLk1Qga6o0qC1yrLZqnfrnXf2euVBe+3VzAvq9jBTgAjKvIFYYZYhZlhkMDaeIpShr/ZrbeJPVEAI5kCAbruanM5aLcgzqCpoNGanZwhUlmVZVWUFrFm9+vI/X7Xrjjsd9NTDyulpaDRLrandHRobhkYToIKpaV1qtMciadDEKXwWtzrDRCyBroVwR9Gzi7eA3DdkJbbptcEp5LXIiwPnmDrHM+GkhPqCdV7NdZGOqMUlWcEkQrnpnT+xGrYpSNZtCLpXZouXrP/BBd3vXtSamR377++qXXeFquIHKIPSFtbqgVJJksyFgd+m5RCJl0U437Z/MirzAeTAwh4FNBbuVxgbmKnZ/a3Lf634EWobhrwehGzuIrF8m7kiQhHV2KfOajX7lRg2FdYmaNoHL3krYeWiECVsHPT1b6DgjlsGfwhjzCrJaN+byxCjNPocy8WYykhJLD2KBRrAmkGF1gEZZaQ4IA/tnlj3AVQSwWd96gRZHF68MuhqqrUrvdD1m64x+ciyPns9Eg4+U9isD0VjkUwJ+JZMKn9193ORHXFLHPJBPCoAAQAASURBVDFZ7dGpAcPX4LbBelLqoA8f+BYIJs9fz6bbJuL/YqXYpYy9ZuELsX8dgiaqoGIk76R6rxwg1O8ogLDJSH83yngheKq6n61RQTK1DQKb8SYgzLDT6y3ZavHO2+5k4qsKaLo33e7OFnlh3/ahoShy0tDt9fI8Rw2kYKqc3tSbLLJiqNlUkPFDV0BEWmuqtCaqSl0pbbwvROjpcnR06EXPPQUA2tDNCgUaUGFFVVHkh+x7AOzrqTOr25lSJWlAMBUZlatm1kRtCFSpIl++7bYV6XY5XWT58q231VDNlp1Wo0EArbxxwD77AUBPVwTmsUkiKBcvWHjKiSdN606naiOiBjK+n9Z6qyWLd9pmh07VmdEdv1sTSQMpwNmqU1aljGFsZcHnHYKYxK1KBirPC0Do6R4QTFfTHepmhTktWFOGXertvuuu++++93Q529VlpjIiXRQ5IE52JxUiKIXmhQnMDU6aOMFHwazshQXyBGQ8HbMc/NhVEIq6jWcWR5R7HRw7ehJITWM8Fi5wUiAfLkcK7lf2rPgZQSIXkAIEZERC0n3SwHWHtVZmBHRKhmEzaya71H0U09c6m0aqnRMmRpMA+MfJQvhrsPUpWFoFQLyNEH0XodDi/Cjf97N4eIAs9sEuf+tdsD0HAiJzzKkG8vtveT2FBgq9UqG7pE0HsM5n6LOys8xYggRMbuEQWWtnWJNa0+88JNHaDGdHCx1llWWNPAMArCrMUE9PHfXUw6HZLCc36Q1TWy3fEXIoJ2dAFUOtVndqat6SrY5cuj2UbZpuk4Y8U0QV9XoHHX4YEOnJSarKDExWEwBQd3oHH/RUgKrcuJG6ZZ5lRORDBgBAzFDpdvsZxx4LrWbVKXtT69G/RN3ZGCTQY6NjJ516GpQ9as8WKgdTQ9fEh+dYbYuIVJbNDA87/DAAVW7YAGWJmbLrYso+aFUwVbpau47MkUKaSFcEBBVRWZE5gYrIh2gICAoVgkLMs6xoZEVBvZ4uS0CA2V7RbFCeQa9SpKndWzh/4emvfDV0ZmlyU5Y3KoAsy9RQq5qarfSkyuxJ5/ZVZ4HzxkrJ37cc6lQN+IiSKWTYm00493YWFD1nMKu6if3oDlUhqtL/iRzC0Clwbm46zuL9foBhOonIz8dMG0xtxYd9VcPjyGAzbzvA+Y+IBEiSzkNu/gmqBD7UlEImU+dMXa8NhC/n/UdDhZqTGkUFRBRq36THzz4LBhQJWsi5ZKGk5gvLGp2tKsgx+0RKkafrC+ueOuGel0hji871m4KN/cK5ZlEFLyJO3Z+txwayZTyXCyzDvKdt71hIkNe59bZXRGDBrC6WM40dK6IYJw1kiCPaUxKFHSVvskBqBoFaMFQ6/cHjOH0cUqDeJRncuhfn+LRVmkEDDN10gVpxP/nUjAdpYAwUsVYwm18+ETB7UxjlZfhmMF0fhCIWrQeE1itzzofDqiYjUfZZrq+8JLT1JEUk7uQUEbhXRoBzAQU8sePs+0uiPMmL2ZJzAE4MhA/lnT1O0jm17OFwgIVQo1hC86tzqqQwI+v/RFLeGS4PdB1j1u1iEgYDgeyr2gAgsc9QiCkFgiHsug+ikAhIZarT683MrgJjGlAVRV7kOdroADPEShORzrPMQqooz3JAqEjP6A4QQeVgt1bScoetihIAZJCVVbW+t1EpbOYtQn+MIWma6s1orU3ZBZVSWUZY2dlMrKVBJHZUSXp9Z2Om8iLLu7rX7q3PsBgqGhVphdijqmyXAJTlBSo+2BSwU3Un21NZplAhoNObAAq7VW+6vSbPM1SZ92DZH0fEIi98cctoXevfGYlD8JlsdEU/v/0VoEcVZdCARkWVyc4ZKk12pjfqyaJoZCoDIAIqlVaAWZYzX4ZlT2JFZijj9Yyx3KE/4c/3sKseeC0R74HfFBlX+Wq3AuEF6xKj+FW4MbVOljax5yGdAiLQ5twq0AGUSQgiLQu1nxiD6Mcg+IwEFgXwvA+NAhQCBOsUozAMY2gEjziIvIKqdZEJJ3EnjargkQhl9CYYvCtNBJVjcwiIVbNBtekCzkG36MHCYsBzpoVAVo4SVqdYfBJ+ixxbQsp7AxEg5EZzIKYic6qOibKy9oYNRJAXDaWgt24DKaVazUwpqCrI8u5Ml8pppbIsywAIqhIBCbLe2g2gda4yq+3Iql0CbK9bBwC5UllGYDZmo0OFLbDKu5XW0x2lclU0lCeeuxQoLMtKb9qYoX3XG2jwT+c6JxIRtAZUpPXsqrVE1CgKO5B55TP4/wgBUWVFBk1EAHvWFGmoNDT4PSuODRDNhhZ7XK2yVVBUylASG7nWGnsEVYWagFTZ7pTTMwpVnudYVRkQIRKhyjNFilMFZgrN8g/R+lk28I/UuB2ZJCTAFL3IfRUbXgWrU21cO3r8ORJ7J5RSbQQzOPJHOlB448Ek3giHDoUEQzze4MYB5hvekyoMSoRxrBwdlFIIatP6QDnRBrm2bFYgbFNTUMYX6auXzOLrRF9gd9bc1jxg2KIfCkGr+pRCvduZ6tOnYHaOMtf35Mu52PxS3B48D8gJ/edkeFOPvvpiCOloE5n+sTvujU0cjlpA+y2ZDD55UMntEef7cWQQyy0HoxN99jQRrqsjO0QfwtxxMsQVoFJEaL9U7FtHOIUQeigIIp60ptUPIkMPOWPcEUJR3zx7eGQhWKa4mcCur8cT0tmCHYBHLLkBJJuhufdAQn8pEoe6Ze8vicn7MjtQpxWfPxQm3wMgwgUm+ZhBH8aNZwoDffcVQ+nym1QCWgC7zD4URcGGSaJzsO5ZWpYXPPR9kWAmZtMZ/urSbFLiSHRkEvInkyrinCaCwcZaC5HtwQByjseMuaM8V0XeUqAQ0Jyfa+t75rkJgDxTqBS58BVtJSNTSsUnoFgXA+L4CAFAoWo1MgsNOiwRgRqqQC6JmMDYnXuK3qAjsVwrVKqhAECDzhAbWaEoq4AUEJFSgM28MGhwdgCAIFeomoUGU1JD9uIQiFSGjbwwMKPP0lLEsFaF2PQcWYp5khr4dPBAIVjDmykFpCvQhtXY+FPWyHLInXokJADSYsu0ZkdCxkLgGNu9yc0lRuzMpo/wZ7hR6F9JRpU7JL3jh2JUeUk2FTo49ieDeRBCUx5fgfk2+Rak+o82J+0yCNzBQGtlgyeV6MdwS0zsx8DPk3pAlB/7Au36pr06KfIYnnDS31YHKXxxt94wvU4GKpJk4sbGcfHxZ4iHVzso1V5NubEogUspMQchcCWdmxKymmPzJiCUxSwekM+X4a8eTelP8j0U2U5DXAR3YI3V+wAICvOsAWgOFcKskVOWgUIEDRpIITZy1chRkznpB4lAaw2UNXPzjhPQTujNW1UhbxQKgOxufy9LZDYxEBIoQsyUwiyDLEO/KCgRIETIc6UzTQSkTdiMxmKJoi4CgFKgCUE1mi0AgkoDmp0ZChUAGU3ma/NmDg1gV9zEtJVGF3wG7ohbOdFfIQASaTSZC/NYAACgMts6wMS0ZDKPyLuLkff3OhNUT3l42ya4S7wzSqbRyLGc7x1WBb2qdPwYjhybVnGfhHl1TeUAnkeD8Nf5I15YXf9AJ0SC6s9yM/8Pf7ZPgpLTZXWY0Xm3CIDOeLpTA4gfwQDrrYpiJnjXi41FpFeR0L6FRRhTu7kksC2SrJJsFLVIuIz+6RA3q/VnrDcfKqi6hxRQBW2p0yAM9QapceKfQqNAQt0QH/3k+/PCoih3+1xGTbtSChg3RFwyDWOzRGSSDEGNvuA+NZTQKZMgOhVmor9Fih0ISD2B2Q+FAFNe4hj3KDSqXQNKwXGkFMbeEZP4gDncF9BvHP8hQNP0DavrA1MJMTrGBtSo5JMgEXbkWJvqAMvZWcZrdAhZJQLGzQ591q4+SGIIsYsqDaQAzAdxAAOWPlEXSYlMztP4pBNGTb3mSUyWxBYYfOEIBuD6gD4IQQkAFLgqHQCQMr2I2A7a/3vX3A5ltHGwALJUQtYu+21t1tpFCsZQgL0Nto3hfga2CcyLIMkUawe+V2czIPDv+oNIpsyPxnVHheZVIXxYqPESEFHygrCizvIaRmbiCWmJljK0+azBDbW03S1nOYR/VOSQ5HSCO6nJhfro1stoL02aADNAIqigMoqNvA3lSEYG/uRAM1ZEgd1VS4IzJUYEoJhVtAHDVDERAMwxSeBCQ7fQxIizLQATvzuP3ryUnpRIvoC3m3VbLurG4BwzELIrFtsPGCEsDDeKD+Qpxvds1MveEYuJ4Eopj+gUufQrPNdaMRCOiVe7AmCrUoV3Hl8yI28dFUMyMh4vSiqg88/ArVA4qUO8ru7tg/ThqQ9ACpRzv+Rs5Fyz2kIYAJ1eBIYqdlAc0JgexOHM43iiBJdDP4A80dBZJp20mUbleu+QpDA6pgShCqyGdOUrB7GjfmAKAdyiu025YvcveJoRayOvgS1ninUIZjCeqCSRZV/HwWjXWmtjFozWVJARgXk5DWqbfEOO2VDgagjiTI/Tmdb1V4CkAOxLkBFAAygNoTlykAEocmk21GFZ0qfw0SpprdliCZ5WXn+zonRGjqBCADBP/8YBp6e0oI5/OtVJv9GMhOLAZNS8EgZ/E+OaDCEzOHL8LPhZzh4lOPgfS1nemuE5KrzEkKxAuHdsigXruI/I5kHyELAGNPcEoQHAJTRqgYCFQ+rgIBvl/AA2jKxVPYEZVYmad6D64k8umyBus/VFlOsbQCRcQzZMgjLACpsz20wi2Uag50gh71m5Dl2p2CXtW4zlzUqil5vDM7kjkPXOpVIN8gEpEK2vL1YwZQiCHURWpUWk4C5+J1JcmZQaSUAZVZb66f/6aPYme7wCZnCqINnFBXtJi+C7WK3pXRQUi4JWH/TdllmfWuIl1y7GyLUEIW/s0mCtS9xrYAjNDnFCmiIKB0g5YXWKgF0wkimAJLv2uSO7bLZxSF5wvCwpEEew3rr4GQOy16K+Ou/VYzyIFr1Ga7Jck8qYiCHqdzlt5tVCNG79igDm+iemW4cgxgP1DT4hsRp9u1uBdJo8oD+bGXCJX/ZxhAEeyENuuhAdAHa7/EDx0kRbJMPf/FNMnnbCTIVTxYOgs2OkACE4ggORYyAHO6Dy9hSMjWIHDxV/cEGHs2beh2C6Olazg0lPySgrY8XYG2IMDNsiIkEmfgKOkvtYIxCPf3lfF6oKFJOdPPZeURGH/oiicG0DUFLoc3HGv3NlXHNVnsa8Bux0VQjKqaSgSmN4zAe/HHY4oiDYw42El0IApvDpEXYsi64BT0SRgyMHkXLMozk3J7KkzlVJEbw2fDBN9D2wn85HZ2oLFzBWfJzRIHC5E2EL/NdBWqX2lIUYPIQTaz8m+U0cc+La2hRPXP8Ht1KyuXS4ySkWkgsQ86pfjb6oUgwuSq9185cVTYMHQqZs6CItaF29hRPCQKYR3Vke+6IStvdcWluR2Kb4LKuszwA4LYSW6YLuLIPsO4AmwMqCgkpR6XKTAOBSWN6UIPADu24RzbgqnNxsJQFO66EiIKoSxzpbX0ZblNiKUUUi5LDKz6Yv3GtjzY8ZevYiNI8u2EwHASChZvsig09PGUFqRFDC4XRPVjrFZulgqK7RbLeVSTRwb+uzMacBlGUhyQlO/UmTyce9EoSKLtBZrptkF/SCJgYXMha7uOA4xTtV3uZxZ86D1MBOX314fnOuUbqTJzDG2AOQJvOf3XMT0OLJTBMBZlLAT7q/IZtZJqHJKWiV0JYgUngiHAwbBay7GVpuiUr0IXFCvzjFHmmYutsd272BVzRTv+Lh5kYJiy4Sh36juWSZDIY5kghaxiIlQAWfC/kABUD6v1/x8pO7sM9XGXgk4uj/i6kHxSMSJPkIoozlwGxSG0SlZI1xQOExOYRTBzW3xLjgQVzSTygiMqZSE/EJzFySDYVdTF6P6TYT5f0/M1QuXApibQ7uZhxeM+W2XPzS3MbvYHDJT3s/xAYBFKHZ1G+LeOgcR+squNwMSg5wSg99rcv6ouw+mLXmGX0HYSx8ZS7ptNm4ym9Rtb4bAgHafVjeHIotOb4CI309sgpd0gktkNKaW08MJCFCPhATsVNnOlLohgVmBn3g5P6JPVZRcuSQw8ceFo5orZmaZD8SkCYAMC/eJK9KqU5pjli9n+rspMsRB55UYD4dVJIiAMBvD/eBBAKQXxTPY2ZLUVAiFPh7knuuEwVdtOUR9r58W+mIcW8X6YYKPBI6YPMqfiTecMUchsiEizQbSgKC7EWiDQrCuQGkobYIBY6e3YwWEt0AEzK0o7lEniztgCnuUbN7JoWMCsVs+E8q04j9nGEQ2e40YK5ZCGy0OY+CH0HibIntBmFdb1NFfgTEKPktxwwILWAFhZQhmQf8VAYqA2UeuEYmnXC2IgcSPYXjwNJzLvFMEq+AWV0bDx4BIckbATMH68vS7nfDSba2X73KAnAb26UJBbPkGsxRXwAVuD3C3AadrfAsI6nqrb+jrvgDQiNIrIQoWKWKnuJOHfAyMx3NqIpIvNidx7FCg06i0GpHLTblyNDaip1T3ww22n0D7pgnsYAmnPTGE32GF50pkmSRp92iuO0XhryGJLmMHkQ2coiS2C6eRfSJrYGpfB7JfxMOvNS+USAhxbS/9ybHFxtyg7mE6EoWk+akPr5fJaO+hBRxxde+fJoXlwLtKZSHUdO8n8UXMcApD69wrGFkvITZisdlFKSmorpyc9+iQ914QZmBgiXEkLyB4eU2ELVhJQkAEXsLIMhhiSnKGzvoqBUA7EDBAHFHFQ9nlOdAsSkjygGFNLTOQzR43UmWIWgdB+5jxgL7wG1tt2qtV2Rr/LDCN5a96nawX6wi8YqnixD0mkS0rM1SJ0tc/AxjQskkwk70p7CbRdyww9ZQ8HSrLW7EjQGvpsQnQKeGbBB7h9CikGQQi5W+XMQ0INntNFstOo1yFBgmmutjxiNIwoZjiUqVH7w+SH2KXHx2VjmAiYvOEOjRFP5ReX1wPoDYCQOxJE7d86Jxyh8IkEgT8Tl6rHst1iELCIyoftPLo3d10jD2qwM4FwTYNZG63gSgXBYlZxkCPw3A/14f3Ot/3oPrlkX5ruFY4KxoaNrdAyVWmqShTYivsLYIEY9xZ/kPifsMC0u1n8jdjQqVcqxgfuZyH43I2AiYNtzWiW6sdhwuJMjDtAs8CwpRN5cC1b8WBInVc9i6PxKMiAMsWqkZxDqmp02snOOYCAqQq2D/olwz3kbhSVObWqoEsIZcwo2IuLk330TpIaaGZ5SYkxKzSywsD/t4Fayw1D0q68n5vfMJDV+7GfhEg7RZ6K75IHPAlQpBRXCO0iUFRMwywIyyDMwTiVmGCoAUypllgAhWGCQf+SJAwlXgIfz9eqOA7uGn5FX3lCSVXOjFoCPbN3/YZ+THmr/a1EHjoIEckhSxUqwrUUi7E0nbQonP0qqyYx9bGmRkAhyFXVJEZHfHhjGOU1ZEwPG0WM3AvoSgelRcLhKd3KJfZbCulaicOJg98YgzPKGHxpZYfCA5iNfLiYsgpKofHWMMQC6xcDJrkIRffDt0e2xidmP3MuEdeG/KvvuoppZD+yF/sfY8pEZKWzsKhO6B1lBVRFQREZ8zHJo9A3ZgYd1N7KeNjC6oHR6EiJq0fDnLlhZqJMYxeG4R6jJuJ3VhAPWxV7Kx++TvBvEwP1zKRlROkahwCP/IUw99rzjc8vOErwzkXzGCLTqauObou5+CO3WyO+533jzHkE6ZofvKbeLlc/U0mSp14yc6JECtQ9vPw08MFK1UvdcAy97/im2+k9iBwSfUOa1Psy3qK2cXHwZIkGy5mQgIQpq4xYozlX1nCa11X8cmmgFqQtEXQmewvK4T6tcyZHoIHwExwElq5KH8eMVak2hnthMkgxDzAe4d1dQKiM2UbLfMfW+RrSUFIE40C+MdWMdgDwYRQowG06YGXvBD4NI4hAICWqPNMQ2idFBQmOCQTcRnZKxiG2jo6Qln7jFXYjxIIKtOLYaQ+CjUUiogjQSPW5EPS3hqGW0KCom53LkjbmqxwddrVTdLPG1k69xAtpbgsxt1qydSf/wT2YeSAJxjFjjsFpqabCCIU4WiixwVaxeGjcJ1cowV2GJ+sj72ddD9GM6d/OwqruIfFh0S30J59W4TugXAOg6BuxeTwlGDwEgsf060dr3CeBN8okYWvEJXXZh5vxcgHsZroWTB0+sH95hybKxTKjLUWuxUOe7n9JDzeVA+0N4XfeQHh+qT+gK/O9AnU4CZztDFn5ApQPNiIjuoWEQxkjtdnB04MH9DoXBqSuhtS9yAtQgBpHEU/ONndpDEq1gTeqMuHNMIfkOwuofQA0iWPy1ILh6UZPbpMcnTYkb0vzNxhVK14Xz44B4BmnOtRRzjkeQBw8cEgIMeVxTw6tJn9QywKHS6xV1sDCMCEiITIm33DRkbGvjuINIyEbnD1IYlsdBCzn8SbGEhibMqdS0cmkBe23o7BKfOPeCiaisB4YkYdWe/xITE+7pDDPoCJweq/+RACL6IuMDBhR68hIvgVA5/I7DKwbxGR9e0DTePFU7ihCWipIFgZSpsa9/NoslSZL0gJoLJQYo93YvDZQIYAEZY8haUpPqi1UI+wJDvhO2rabYaNcRcLLF1OB3w5E5L6oNIn1/EUMJbDrJrqccygdUOq7NQOQUPzCf61id9sqmHvnWmVOPk6IFIb8Hg8mczmRsnUHGDAy0zQN398r2deMS6Rmq5wLIlu4c3k8XPCDDPlUn0a7mYoKoH4UKzWCWzIelQ2WTh+/NJQvyNhLkuEcWkL8ByhFb7244D5CIP9QVIs1oHTn7AoDzgf8XUV4++PT/A62uyYyLW1Zsx+6TB6Ozg/RY1de8JgsQKSL6U2bmtcvuQpCoCuG10gdcQXcb9Ads6sJL1n4PRXQPnvqBmLJw9FOZawMAuC3tjQl06PyDc1ST4BFH4mRJs7xY5uMDdQuIXEzg7zbC6OxStQ6gQw1DBaVFzTh/4PkG07IiGwPkVXkbht4V+J/BShhuYydsb48JQJIAUmXZvhwRRo1233rC7XnbthJED8NgDD+MJyPyAzimMkxtCf1Fwk3cABIT2YNvPBO5wYD4khbeL81Dex3V22xSPArkWTianu4jImUNABQioXNUxvvraauJak/BsIu6Js1U+BAW5LsLtkI2T0zq1IFrKzKMQABJS5MHyKxKeF+vRdUYCQBATXL8QI8sCJDpbnLzQIYJCyJDsiayIqFiL1DnWLRj/65JG3lSwFgkCNhZ6lqJor4IPlAQewVvvheHjxJpEiiMfCqyC1A28Fuzp+4fHLb18Uxe8CgI4eKVVGPAQv1gp9Oe/enUoUCcteV5g5flD6K1Y/QJ7CsxuAUwODG/YWMuGzAdhSZsVm1DiTpnYFuGWA2LiWyCl0ka5YGx4EDk6dRIarGhgMCSsdkdwSBfxK7F2j7Se+VciGRX1rcMVcHJIGi+Dhu5eZ5CYhR9JEQajltd1pOOHaaSHQhHOLv8d4uvEykHr8uikKTJXCS7tX+1xgsIAJWxwfHl5x9pNYKmqaU7iFG1QnRdyloypUBAjWXV00i7vUwQ+2u1gXHPmTXNBG/OPkCkSM0rzHfEiBesX4Avx5dKF0kFzlAlB3nyYVwuhLVNEBkiWuUzUx4kAJo74kAxCLECJj4MAc9RLdiHya+9jUZdrqDXdzJQOEc/A/qu5pZjsrgEJEieQ2gI0g+ZRL1daZ2UTxT79hsJki9o9KRQCZNRaS3T6xVDBdOzfc5cghowRBDbxfVg0yDRFK4foV9MppXAU6waHHZNzuZv8YjNhvLcgiRNTpJ6z6d/VKbvIUYhVg8FEA1U2cU8AwfMrwDpu0CzglVcCC27hzBnxE6E8i3BsPGWcJYlmJKmVvSiifayZ//NdnaWUffqR37r9CGT+Y21qwioC693FrkEfA++B9h6H6+XsODnP2G7k4hmZVJa+MaQeHwmRt3NiqGB2f8XQC+LVKSNGihZmIC9bKSUPcGz9xJ3AZQyncM5FH7YPMyvxxySImO5Qd25qpph8eoFAVJgAo+4EINItwPrf9kwA4GQBLWsAIiCqTGUqU+bQUOkHpq6AbiazuwXqJgAjHmdLe8unH70SIgAaYF0GXcm2RFuiQOOUB8RaW1yIaA4cysCUQFGRckwV8WsgxiCzIn2BQhfuRb1tiFCDXXwKlzPEwQ/i1BOjaTnJAmZ1haxo+YA8AtXP7RVSOKXISvgkt/u/SbCwokQM1CmBOboomkl4RhYT9yCls0ZC9SQgt1Ci/xOQUmSQ3CcMxgnAiXVPSIKkTqHgj/2Ibj4JkTCwMjykCDtW/4lpvOqmUAdJpZ4qX4sLsUZCOYRU8hQ3ratw+eFJao76AghgBnWLepCJOe2ZQ6QRwL50B8Adxvf/x9Xf+TEGIVaJ7qqHVU9q3oAXUt0DW0Q1OocFlrj8siVXyNuJ3S5RyxC2hOKLpu7v9G5RITQFLIW/CjMRt5T0wRpsT7bO2a/v/2LRkwYDEWFgyNBvNEjgu6W0/T8WKheRD5w34upED3knKP71rRMm4rc+AIQFi/5QelVcGzlVBwxaDqY/bp7uKGLm3H+PuDyVWosyIsnl6Ke2HE+gxUGUN2y87oawfyvSFZHWwS/GvprMVvTUBwYOR+R8c3U3cth5406QCiWeyt0UyUWMmjnzhyBmsP+EijV2F5DMS74RfOxqM+XII/nv8lAZdA+h8HYkyXnB0vknfWxeBJk2UZjhGNMli21hzylBKddhbYq3hplViXQjyCSZQw6EcmWSxY4ELxuDFXgTKECKhMInN3wJlvzaWX+QCwLk37TmcZdg+D5BBlz4UQHdeAul08Z+Cw3nCNyREs4LFBUQOyB6prOo+yAyttfWYeXCFVnOlT6s/8t0Z10jBkRPAA8UMendc2SAChQvm61+KifFBPVHQQVdeUZHPTNdQuE4EOxNSV5AD2iY4iY3Qrp6YPdwYnxfQpvSeLxDoc4hYuzQTEaegUzSu1q6rYIM0NoIoDIT7PPJt4oxtVQkIR4k/h/MG0iQMTXSvwl8HQSvNpLYenmpPdPt0XGnlcf+pD/y1iEQlfUNhL69YF/B+5g0Qj4PH6gN1uVyXPT/F0+BEKVCDLGDhscTBLSizVrJETAZasUekqeTJ2bN3xVyCeizWqJIYtnKFwvQKzvzaziv0RZy+a1Z9UfOmO5hP6ZqMEloi7lI5HJM4rQ+cHzP8BvEmOH4WZMYWh5AMqQQKD+u18WOEaT+cbbNl2di5etmRbGOHkuPKoXtw/0xtuIfxU7m7FvEzIkJvzwnGKyPl4XosWMLaTWedOzE1obaxZIWtHFra16WLgapK0lZr4p9QvDcR8DlI0eyWpgknUmM+cL5NkH5VCgAx6Q+UW5smiGQgCpBojpVeBCe1WEkAeZPBkTLEgIvXylNXZJQdjS0iliO7AM2TmiS685iZb5LglANjGhSB7ZrLAuesq/sFTn8si7np2bKgrB6cnWDgD9t7gWEpk0ET/i1Xi52Q1tyCTa1ukUp21OgAI6axEYoACcYVhLQt4mstyOf6BKZRw9/ONSA2CpRs3XP/ElpteJQ+8H8JLFw49rwAtILJNCLeNoP7Bv4VXKs2w8RtC/vGBjYP9k02ODoNLJ9pkP4V0wNRO4dzVZi7dD8++DHzbxxgsifQN/L5r+dEfNW0f0eOLjhX86fg/D/+XdkDQ0UQklyIsv3FiGv8ziiRMNmJunOs3oVvLlcrD8QT7jNTiKsOFENMUyR1d+M1tbmAozyScGDEC0BhsNFTflu4HXyaoYuB6Q4xxtTMTgSD4BxUy6mSBrJK6ELnPcvu9QsFtnf+4oX9v1VZvz7VgkZJVfWsekGilcwWF6K74bwioY8bqD/7WWOTMkRM8xc/IkOBDtKQFVh4qLpwDkQslFa2US8acIFOVTNbYpUXN+aQMqcY8iRg6rcgy9nBBiIAXGsmd5/VggIZp8z/yTVB7OiWL5I1iBawaQDJvhCrGDcKr7dn729VhMGzIlNhGLYE117/oDIj0IFashhHwxFvh8rDDayfkjkf9F/BZA6OBrMzSKpQ7y/ReBl7QI4yyKMnH1ll9CA6LpJjq3N7gjRj38DyRUi5kcOc9tJ6jMOZBOfrjuGxEsBkL5v7aLQShj/HnbHEGgBbU1rgPObeKN2+LRpyrAkKJuEuu6PSKNTb19fKWl9WEEbtUKYKULFkWe4sVfQPeWGCiAo2YBogFfggs8QXJfPCMxZLY6q+4qRMjY2wCNd87BF09rgkQyL1+ckIjqeeKAO3bIrXjirYwUbheJYj5FC8LakuOcVwmbapZwb9B5bci4cDM8We/sQmtHk4BFolGTaLaNJNFR9EANivXF6cGIzVkcqctWEajGbYILutV79QJVr6ltGXwPLLfXYIE4YTL0oPmddH0ZWiP0KrBgMnsqGE8saxQSLlXRodQZwmhlNbSFbJGNUouB+xJcYVnSC9XCmv55icf8iENln9E36C+0JEZEd8CcPRfUx/9eqbErcJLdYRgE7F8cCUlfKofkK/VExA0qPT+QSQneWbZI1T95VcYRFN2CIk6GgrZ9hwBEOAp7FHL1va6wJgwEBw4iMD1oAQyvCJpB4LQzEtsIce1I8oV3zmpiwf2LssjDZxERhB5ZCShC54J/vOw4UIi8Jg3JV3e+1IkrI7UkBcZ09unLFZTzE0MarvyWWU3K6XASPtByHHD/2dRrY/3OikvJCTDrBkNs7yyLKQynspvipghP/U9Yj9BmBTTnDFmQbNk+cZPBm096QNpApw8niHnodQvrQk8VDl45CB+XmiAFgP88pFpnv72vXFSouKiPx+y35PyQWcQoYJrAS6OY16FiBiUG0rUmmboy0kJNIDI4hSqIqlUyYR/eCQ0YknPbmuViEHUMJQRaJn1Dtxm5hMA7w6olJPGSsQblbHRtLD+QYFlEq/gAWVmaCnt4YcP3brYRXrWF056gSTEG+i+Bbco3tXBETMIbeFkUMWNMWzs8ghtr3j6yHuR+wloUwUH6ek0KVZoC34i/xEnM5vkZPQbBigG5IQs8WXh/KPIoPitAHqx5rpiYEjxwLJBjDlGqrawMnM96j8QE0mtQ/2p23bM/6Kj3ii7/5+/VmwVBY0zB+1X0zdtU2b5CQi3WQYAWHOji0oX9tI+7LQhzRwVUsY90oV7lGOZZWVh0DSyxuNOmPupHd13r/WFWIWfpOJ6DyGCFbBgh0kLc7m7WGduq+BoikLIBHLUq5Rp8jmifCWuZMedfDIzg11M59LZ2cLJC1ejTYP0fj7nsYzGhEGD/ca6WSnJR4Rcs8IH2n+k25mvVYXdrBELIIeOxDljobEzO8RDsZgspRgJEDj6/TSMze/bPrQoH3+ZWChluCAsjzh+q6LBqiPvYgJ0QMJMESNln8gdrTrmA9HU2kNaBhGwRwxxQFSWBLPr8jL7Rz1iV3e2P4JnLg5h5yd2P5w1rYyJlXgiPv/sHgSVRi4xsgC9br8Ii5LVO+l5yUSeEMEolNRIkMIL9kNEX2+Ksbh90E7xlglNj1v/ida+FIol14lpCcP3Q9DMD+7QDg1sF8NksELAd2K4QPSiLnNUJUnvnBczkgZWOKEuTArG4ZXq5P2MY5q0TsXznSWfrxAnEgHqyXJyUCOJqnEtXkBnRf2SdCRD7GhX1Z4uIC1UfgmRFAGOBUAUX4Qe53Kd9osAUmNTLvaqg8OgCQ3K5pbGOdHEILI4qjJtCBDchvBK1byvqFZvuY+9rn2XcBVNoMe1ClAnG0SNlOkvYpBVnwmcQ4IYApJwIBUZk3W1aaNBFpBJOfI1fVJxahgL+dT8NzhpXiADyqqVXH3Bi5eY5FBEbM9E7ZxDhIOsQcGPxoR3SlPjmz02GhrTT8aUXDpz6ltLBoh/rHaxCZhqq/KhU8ezhNIXUPD+/etCIwEnknI78kUobM9tKFcxgLQWAoI0qx6pEE8mLlxQydKIlJvCWEcMDaUB6fmnzblE+wJshfB1kGJidESyFgqckhOTVFjEFqD5CDIki9xUzmWRqjg6pY3RrSgtsRHCPj9I38xRkBa7FsnoVTekqZM6hJqaiHAC7QW/0q3oF+i82aGZGir2H626o16wvxofdBl6S+rXmHEKrQwdFF6BHZpSXO6oQLRNEHELY4GDMCMLK9bFzCLl4ZQY1WUDM3ToKj6BRrm1frpgpDq8NACklI5QIjhhhAVfFT3zZCKfQdCPtsdZZTYPiwovUtwqOY4u4siQPC3Vp+QfR1I/TDrY5skg/tIfAs04H9RSn7zkL7rv6u0/sBnOT209bO05Ipm76gpn6qx//98PVQ9T+f2Y8Tp2ysViUUKi5F75rVDtUzcYAk/Ys+WQNzBc9pRbFp+tpyFtjMVSMlMUBOLSCiyoi0hkohca5Yod2OJsChGM/BYAebTIiz0/aAO5m+tV4AOcvv79c0XgIpFAYNa1bEp7+sFQDB4H2wcclm+81vSetzudRxcsjQu6hjEPqcAMHRofZe/U44dAh/Go7QoQrZWqAnxD88kKLPNfDHerO0FxPJYSoBkhow4JYYi4gENsdPGCT7Q7wDm+fGDIstyFM7nQryI3+q4Rl5O8EaoBjWdfCmsatLDRW6t4Ek3ZUQWSnhEgY3diwnIch1DbUly7zZhOtmrRtBfw9AGjKIP28JMAlmkigDgNZKE/Q6UFVQVaQ1VJoLoQEfSJfB/xsjE42emLTeJw2edES2UOCCIR2/RXqsn1TWXcXQL2Bn33y0z0aE+iU9aDDZ5tw4x+2R6PDp6raRew67RmT/UHh9OqzdRFcpDX5KqvSaaWRIQ31Ucy7SLlDqZvoKHBrkzs69DJY4MSxvr2ajE+kAcIVfRzep+lIwUz+k6lddHj1cibpG/zECRWnZw2xP0PYQekTUdpNGwAmCNkGMEpIiUoabryPZYUh+SJiA1P3NVPO4CsQVmZTHP/CSBsUb+4HXgHxi+LkW1dQN9pZBGq2AnOzJBEQhWMK3APkh9DEj3o6jfsNrT4bgPimeqrPJD08KtS3q8iSH9WojHCE9Oyb4thZ8ynEh/illfsWiC70UgxhMjDU4//cBU5qxt6Bf/VaK7PVmTncl6hO1UDyeQUoJYsK+1KdDzO1cnNJljcj6KKrdhTFxnShkXQlOM4hFj3UNAtjD/imRMAAgrcfz0dFipAJYO72uV5UN1VJQ+Qyw52c7iZslxsI+ikM8LfBtZ6vdbQEpf4xSjAnLKFjFZhYYjSBODjP2xDQkAgBdJ2c8kZgRQxfdQ+hKcwF4QikzuUxGMJ4g6X05c+jy1eFa2nFEG/LI9GFC4XXJQIfJJMHzJVOexK6/C3dQsIEXIZ/csgOnghZiALD+g59XLgzZZSWyJ2F44gYnZrhRwGbdgkoOt5V851D0GSwuBhKA3ePi/Fk5LVpbiARm55HzDJiQ4M7tcLws3t8tcRTRBLfmJSXQ7mwj3gSiZ8vZqqpyyOxW7NrJQxEBZe64X7JcRnpuS63TSJZHRNLdDRVMR4ZVzeqLMkhKlSdNO4iF6XcJNnMH84uqXeSvgFcCUUq+HnULRUSYN1WjAVWp16xWuqKyxCwnrVMmBAOudfRBXwlkBeyUJE8mBYfn5gbhhm2vdb31AGdLDLPwFHJXAPJXz1NuJiEecjhBP69lOLRwxU0xnq3jyE1UFmRnHcjN7c+6CfCLtIVMlDNQVrZNfCFskoUttUUZHb2jTRhRtVXoD6mXnEr15iyAVIzpzjdjK0NOYwJAdEyOnEHiFmLvdDM4TpIcXisuOQPnb5LXj7wacuMEq/eAcNaT8S8L5b9uEKPs7GgMKH9lPhHVDUM9v2rkD3dDAaXQLOz6eDyREXebdTGmlFPcBkCvgKqqnJmpygqLQqjLwHjVTFVg8gRu4koqKkInuez/xB2d5qHwKJrNVzJZldfYI4bIUTQWZzYDDhKPrOgYVlblDHH1LCi4iYksRljXsa4RQyDOKOJ9CjW3iCFPEie66QqDKV1tW4Awao4s7GC4VA5vBmMtTaE/KfcKOOmXwIiNAOk40BHKVUHlyP0i/6hLn3QAQG1Yc2cAgw14cW09EQ/ONsT+jNdUItpn9epyQPyDSwQwK0e+mbMYYjIAnzjgKmjwMpWamyIsGaBLCoSgR3n2pKuTJk60xGZ8IRrOiQo8BBBfksstVEcMjEzuMBUE1T1aEUMqNzNIyQ+JxsOS+6kv7m6+FH/UvgjnA+Q6IiCWVC2b2Grp2HzM8L51D3XKXiPPM1QKmGfJ2Wev3RC8xx3MyNRgnwPD4z/c4yM8bgygBD65/E4XczYzIkCtE/JgiAZtsX6MmvxPkEpYtTCoHZwlQe9gOPvpR02sbD9EvWERbutmWGMzsLlkKvAzn+azM01JQHhOi1dsJ4g8NRMzpkBymqz/CQ48rBsGfBEKCMQzqcwUlh+k4hWG2qu34CSrqGbjfWwCcIcMGT+KWFfz7kqvfAOHILTdXqGEyQyBJllhBgAATUCaqCJdga6gQsSN1fTq7gYgWjgyd6jRAgCFioXLbpqVCWgEb4EG+zfCWAZGAJyMb/bagib9JuXvm2sg9K/9KsQgnj/sS304LLLYAACki4WLi0XzsNvt3HsfVBUQQVmC1qQ1aA2sBsLxKBzUKxSUwsh3amqZmOqRjomvRDVa6BgJCMuWG46CRa0rbYI+lsQlvJPxEvv/BBCyTXRJvYtI6U1SfbnI9nTJd+uMMQQol4Mp7p9WjxYrMQvWb3tWw7DdAPhMx/j5rARve5U1gAAOR6fzQxNF0WIHsNd5KAo+00xmrAIreJFbcj86b8DxrPjHMTiPRgShLpbMJ1O5ArTIEEnjHgHNCtr+wjk/AiCqKsxzmJysVq6m2U4xPqGK3DSM98yF4ulwdWvv4enjjLoF8SN5kvS9ZCwBW6pm0+VhYUaSxhuDzzVdIYHhVojCTcJa+ZFCdeJuJpZ0ALh1SPt3ilsKa5eszVC4sKZdMkOTBMs5+Zh6PIAoXGBK/boFKNTh79c3Gelt4fibbd83MA3iJQ+K/JAGKcUGFNArRBOlNvFuUk1BQsT/A0idWBzy3holUQuH7Tv4gOWNZK3fTxYakupO/I11YN/ZrP0Vwtg/4+/OH7KxiV+51NCmLuFzBlvE0ixjUtL8wQrepJJorVARwvyhOQtb83LK71317/W9qQwVEij7CgK2KySKUIgg3rRpcZKuFhoXAJ0j4FGI1SjP4CNKYPrY42iZDDypmVJEoOIYOGEv3RI75y6iY+DVgJw3Gt+wD0EUqUhqO/fKs5pwDyUheUDuiOBnsUhAOEBoNikCLbIHMsBmcvK8drVsXkawSkACQiepzhRJjnVDG4SNQ06AfDCSWGV09QCn0MHzNTkkxUpY3W+ftiNJGe+9hMbFjGeWyPlshEET94UjCJsbcSRyZEO3BhhxGtqjZ/zxUt7vMmGvKcagnNYgSjwZWJFwTh17qWQZVWsyK2oiHq21Vip7cP0jD234d6Zw2fxtF08sKrW2CyK4WzCMQyH2NZEv2IJLthygqcNbKYc7nHGwhXaEgsinqc8+YGYKfkg6GyQbooVLLVoEc+ZWU7Pdhx6GbhsqTWVp1sHkoDgZ5YB13YHZl1nc3fc6JBR/d7ZVvHWVZC+RLyLnGsc4SzDcLGRk2R0qRkFJht00TrMZPkJGA1gq7YIQY8STWH0S6TVPBOZ2EThxbBO8xEooqRpXCs3IqsHvnAfwCTRBYQAOfFzwI1RiOLL4jt7iEDG5DKEwInBUWggg9aeJOUKGsAXTy5yRU32GNKZGBn6NxcIFCV2niIFDb6Y/0y3QsQ5X5lOUtDAzIUqLIzSwOIcIxbC2NQkm90NElJcoCRwsYc1P5J1Q8bvQ1+iWiAdlF5YIAbWuoNGgVSt6jz4O7d7IsmXZ8Aj5GThOlaOaiZihWCk7wAZpoQSaiAxT8CCNVGiGPZ1ulGojHImXirWUyL1IMxJzJIAILbxXEFuIAQFw0lLEsWjt17RRqH2tBUi1iRxsrDE3C14we/irGSQEPRAiqdPZQxdaKhpcalH7N8YaBRb9qqD9PjgWEdxCUcvBxhE2RzHiSzYg2RJAZMBsH/mB+TZchf45iCC9Ghpo+VXmd/3gcdTguw7wZ6IUfDAzIheW4sZR+3i+SGX0ASBg6CR/19wVNrRJRPxQwWj1tHEfUuSetdxeFUQge9wPYvzcdkiCzWdVKACToYn0ja3aM1chKgDSOqds0fCioWZrZXvNA5OP7TJnuwwzDW6Tla2weFcnKpqEM6N1z12syL08oOJGTR9aaxIHEIF3FvCx/R2sC+csE8dQQOJYimh2pwwTEBGDYwdVjnC8Uv4oBSus3p0Q0Kae5KxZqzCGdApI0sahKggV6tQgBeA2grJTJpQm+VUyxPNhG7AT5RUQuPvotzBwwU/stBH+kyQuENiozY+HNXvgDhchXvpgKAubl08h3a6jWWqCEA47GLMv+ypm1w9g2CS0jX7vMW8EsjRDcCdnCafPYIsQLngkA2KrkZvRBhj2I2nbsAIiBKURb3rstvtXPTishrYZ3XpRa44uS+f/UW0iqUiiNSHq/2hldIVGMVIvwTgsKM5PlM3cICg3HTGE1thgbcUk/BSM6QCiQC1HSKXUJcbfBFIWPMwb+bbblDfcnK1eoVetgLkLgXqus4nxQ+l1Hj6isB3kusQi4SjjWDqBdR1+MyAbCzEFsQ6MFCkLMytj1n9xJd7vPBeCxeztuQvlmkhd6qRNmm4hJhDQi6vYkkf8DaIB5/06QUVgaRezAkOLoilpAG4Yahvhhbix6xN7PSn0s1OnDEjNEpjNl+GOCKMqRH/WEl7VAHhTgZJ0DnRDcHQ4gQcApM0kSUSnl0DkAQW2XmnUCnfRMqE4gCgyoF5Eg0pr+NyE5VUHrMBbyrhjRr+5hbwcWUZhfQ9Oc/J/ppcqipm77oA1axoZ5bvtCkPDZM4l4o24NWUgcDey7kzfFuhMDiG9FIAjH/kWZjSy+29DnRppWHeb/DE2YqF586pnxEDtsvUWPMjqqZ4KFObOa2bA+FceBp1Tb/zuyDdNxdBpfRzA4IAMO2HYrN4xmjcZQgSMLhcU/Rk2UsCdcYrCjKANeUIhc0wU4NWRxVoxOQm8BE+y3+BwdLOzbDaKwBrnWK4U8PgPZJ5ASjAJgFPCCACaNIjDmJJd5M3Nx4EOqs3GRX0GIZ7L8SYHOqJMGm0RB8+OQkxYIblh+QOEZjkGgttxCBgqwVpbqVjY2sX8H4TZIZFVzb/gahExPrHxqwP7v76EqRZmFAHNCXEK1VE77L9oZN6m7sw1D94402sXqoCKkJQCpVCZWqiyGpbkdq2Uo+Q3KwoHxv8u9A3FnS2/C4PCeWz+EBgx8n94XHSOisPeqlISwEsqSKrEh0oASKuAzr9xqyYAEeQmELPEP7MRsmg5tONp6x1dE/K4i2mtKySsqKA6oy9KlRE1iE0+/xQDIBeOHBIpBIPv6OcXVWkzmycgResOLpvQ/+JVcB2FxIfHkYTwEMbEjdwqgVTA5szTzKauPbLXYkRbICF3igLIbEQYGQIBaA2kgQipAk1AZVk2sLGuu/7mx+5YsWH13Hxim+ElOShNpFTmA+YUWby/FiqPAQnvZIqxNrjQ0WwAPBDOiexvXYAdnYTSgwDaPrFb3EwCn2DFAR1lagCRtAbEob32K/O8Wr2uc91fslZBVQVaIxHoUCZQjOH1AoYsKNVAfFH4wXBvJE1C4pyeEgXAlI1gtoOaC+caCqeqLgICPnKf2O8IxxE/15AKOvt7LCcQcyaJylRKpaDlGklq/sY0DljRrEukWGtLgZ6wTm26Kpj9AeUyxEts3Q8MGyQvnzePXProe52G7puVbJ/nlDj32/gp1YGYNNFYolZjByJRmID4g9PAclxeTfN5M7LpVjPSxRFc7idnvbT3RwhUVWosGjg9PX3zLdn6jVA0abenwMgI9HqgDReLdEwwv9w87bEeALK8EqsuFsw38yGKRym5GNHIg3/934Eo4yWfV2HSmvsy/hGNExZkEK22EMp+I4iAZLMr0i/eqP8qsQiLeO6v37gUt4GEbf0/v+rJAvchDTkAbsG5rE8CgBpA9mbKvtf6GlVPAQdH2ohpGGcBBl/Sxw1hG9QpNUIAS7CTMg1JwukSwecWTW3kDlCymWsYrOZAjGLTnkqTOeHNwzjZz+mq/ARBJoaC1HnAeRY2B1//NACrWwts5M8hAAEqxLIsj1i6394Ld149vfKq+/98ym7HHrhon8w4OmS3FCrjMrJ6Au9HhCbfDe6OmkDxs7yB4reamjYEsUiyh0d+Dqz3cBBYO+ysDMl2gdDKNI9zpCkxJAuerVgDOJIHBjNiRPRFbQcDF3TqPOto490JqhPLELEPY3K2xhGUxPEZji4p2bXAuCqkPbHKra/PnjKA6ED0Uws31X0IXDk/Mefb+QwTBhDZDwjBY2GoCxjrOXeaADhfVbA+rzKIpI+nooxHAzFx3if/nzUqf/TVBbmSAcYhP2FNe5ukAFlsOC9AYM6LHi6Grnnw1r8/cXdF5V7b7LrnVrsYC9w3JR+rpVjxQGjApEWv2xXGXG48F9rGywzzODgOjDW4yfM59R3naL0miNW72JUk2c3fROATLBBlUjD4hOE4/DMF+oQIsbnX/o2n7EF33Nm57s/Nww+DiQWkS7RFW+ZB50BaSJD5hkkq9UIwocQVKBwsWDoCHgFFWwbWyqRs7c1gUC5xLfxY5MTZsHckGjXDZsQpGg4SF6tTkUS3ysgrkr4d0cmoVxF+vVmnO2zQbPIUw8k8Ml9ueuQ6ulUv9tiakAMjKPxdUcgLXR8BrvhAoc0J24DgfLdS3oZK2EMGMoInMrpB2O1vI1jbWxMFKRw+8eoZR7IpRR651fdmDqEAEhbYKV9HDjOggBMFQZhphAIWxkZeXq04fQmCMxEQgUqdjU60r7umvP8+6nSKfQ/AnXYCpZC0fw0Bs5bftCDU/marTHLpzb/KL5VvIPtCsLK+Ze0eQU2zU02nYfjVz2TtL2oJJ1sAxMABjCpmcmijUQkSkWddq8sPrl7kbsopmY3tHLyS7jg5xDpUtRnrs8siVb2LGzxCxPQHsTFHjumrUuZ9EMk24e6WVA2w71LGpc7UJTFKopy+ExKQwgpq/aKQY+uwDubhaOHCxqEpZzsnd8wNvqL1tUcNufH4Z9eaf0itNaQ5yY5QWw65tzAmIImboS/EP1pNJdzlcJxY9EjYd9cGiNfGiWdAZJcL4JGg7lbxpVyLAVdd9vpd/X6TCS0xauxRuKSOSXT1dDmcjRy73SFj2cgDax+98NZLV7fXNPMWVOYBNLSPIMijCwl80cneDNVbHQPjMmwhPghmxsCEudlEEOYsmbDFCP0mqk3inL+68gBAfkDDr7RIhgHGnTD6zJBIyjifPYDZXZGBsYlI/5/zdtnntb0iJSI9F+cwxVhi9J9XC32pwsrK/mQIiIxtgIOEDBDIvnfHybd/hhX9cMArH41TB97eF5Q1Y4UV95oLxqNhXaPYj0nG4XUkloUQHjGnZcZ0otYLjLBblnim+KkBKqJKEVFZjeVj62Y2/v4fV933+IPzhuc+fZcjd1+4Y6fsZmier/LhXAJJ8IBAinZpuy7Yk0L3VBADI23rsXfopJPQYXMfBQnKeH1OAY0xhZ2EgERhtt/ChzedK1sBakAC0JpwdKJ19LHdiqrHV8z88qeqmVOea2M6lFViFh4EUJ4jCNE9KQzCCAosEgvhwZccwR/cGWGCa8jrrUQXP2x9aXgaTHQJNRFJeDB4Ej6cp67i03Lq9Vh8uWHjn/nQQOwzN0VDMNzuHx4SvVYglxOVwh8wHrJ5DCdEiKAgVu8G1EBkpE2KIzSscYFAPF3xd5j6zGLwmwjqxCzWfsmppTAFICW1qzTv4TpES0WAFBSNI6TrJoLCf2MdFuybwmA5bBQLZHeKaC2tY6WrbGwMN6zb8Pvf61VrqxyaT39msWiRLktAJUAQgERctbngEyTu/UMjkDKXVMw1g2n5fUC4FQ4bwW2gdNBCatKwx6BaYtL/7Nfe6Op6l0EbWJLjbG7GyL+tl/6S9wdOGc/Jzp43rBQs+GCipqBJzLnFg0QdNzNwX3S2cOSop/mX5Nc05ClbT04Hm8Stcxf7wpMKXgZN1l9O+nP1lrfHQN1uyZLVuD+QwVBhhoonwNrZl1BZApikotyDsCWXgVw5dZYo4sdgm0borrhB/YNtltqNzXrJqvDImBMRgEJVVtVJuz9tn4W7Fo3iV/dc9Yv7/9hVZZ4VWhufSjjc5G1QbesjBUoXBLt5G9qHcgxVXx5khrYm10qH7eW9GxI2nwQ9w0tM6vMnAZOgV5+eboBCz3KKRNhoCW5A59hPc86OnNH7LD5sRLd4yF6A542QuNL5SXgpASS8kv18D0cDtv2p3yJeiky7/CIsp29uxJMYNsdich8ZhcuSmE76RgLBwGzUdAdyRw+oX5E0SbzI1BGPLycOFC5NCnhwbydy0qSIoKRh1aoAv33jT3/xzytnoH3YDgc/fccjgEgDKVCCi90fJw1CyxNFIWjg93Cul2fu7+LU9C/x5TuyvRF185AoBK4K6qEl/3B3PT0MALEXXWtAztbZ9vKZWHMD5XaXeC7r7/I0Khs68umNffasiLo339i77ipVDFHegAxIISCQMqGm/Q/sV2DCB6kJuRIsmLEXm3JPk0LnF1HgWmsYSZm4HQiZVSrOxtZ860hUU0EZuNHk4EKfWr4J6m5e+ST+48O52NPqK2XExsKD5ROWzIys3tGB5fU4r4V5LNDFWgHjJQgSUiml63xLb8wcIBAutwE01I5SdFk/puiQXKm6f0cS2mTGNMU/oiP5RQsJEqh7DLuLB4cDwH2UGhmLmhDwmgIioDJP/wQbZImAtF9BBA2IeaFytfHXP9d33aPbndahh7SOPBKaQ6g1KGXHTCTUeNA+1bzQoWINJ1ZGbiEZaBl8G+E9efwNn6STd0TA75ywYarTwBJ4d07HwBCUwocVDViEwc3IEesHlSvSgKMVOVsmoGTNn+RkEmsAEUYDr34hKOMUug/C//OyHM7CZDSAudWhsIFFORnDM7LBpNH4DhC5foOx8www8KIaB8oFTUQTfDNhhryfjACBdBDxhiOz3AMSE0K7cSSKVnP7X9IgSYAlxxoKeuMXihLIhea1Fioo6OjdGNnRCyn040YnwsjbNEFAa7sEdLBn6BB4JkfrnICbtM/FkafkB7dk/r7X1VGkk4PgPNffqFgjolYyw6I1pw2cPbZ84GaLoORf0eZvREHAkl70Q0QFShOhQq3Luc15Zx3+ysf/sOL+TY99+dqL5g7PecEOzxzBoV7VBUBSxlk0cafmZSGX2AhdQCBhgyR8W7Y5HT1y5JYFhR5wu6nY1fAEiKcU/D/wShe+GAC5JgZrAnBYk8iVuPk8bHxwAzpF65rbbSh+YSgYRpECAATFDXjThx1cRjjBw0DuV9anzFjc3MqMdB+ILIu5x0DBBYOhm4F1Ulux4hEEsaSPgQF8RiCjkzocqeLho0ndhkJKtHRixLSlWhsuRBAvGLGT5V2C4E8g+uEVQeEX199QKDcRB+wEANpqkgoRCLVq5k2q4IIbLv3m3368qlq3bOG2L9v35N3nLJ/tzeZYoDLQ+21frBlq8KF/RBPDRjUcfI1IQtanrTdI3rrXiRJ9jWkkgjP5mzVS/I0AxE4wqtngQX6SH5//OIq5bay85MaCEEI2d8HYS89Y/9lPNXrl5I9+NJy1ho48hiqisoekUSGAErkgMZMTLmF5/PwR64t+EQIxsCj7BWYtjj6jeVx3x+QBPWJfPFoxEg0Tw4JdjGjIeLSI30JXDsBRoo9O6X+llL3dowp+T7/4GflRDp8fCYwtW63g7CXhONVQ41aR0yFv1YFMNHYtY1oFT1w6RR6qpoDijB9BIEOmdchNzF41j4li6CUMsjtAPEUCS6ki7Jk7kZ1iKORYbCQROGiUypmLrRYG0gQECodaiqqpX/1i6g9XqNkZvXje+Omvzpdso7tdRGNCvQ6BUG9E+Sz5a9zYubwSWwyoEtx1HbVmpATNTKxSi5rqoo1SYZCQ5z5YAPO7/9w/nBPJuJryqMUecQwTKOvA7gZuYa1JBIJf9PQPMQrR1zru5m4STQeOUKXhOzxjEK12SvKMC41kntetoPw1nkV+xdjtiYaNfk0g69pwcCgpUCfIZkNZCVgyNbPZcYKfDJ9IDpF/pCngvhHi5O77IUG7BpKSNU+oj/ZOSYXPp0fqr48EhT5dUujQvQjUpUEpGl3O31dOWQWkIGH2YfIGy4RVVTl1JB7OQN78m35nr2Ma+5pR8vA5ikeKkoFBm6fxs5ofIqtqMhSkSZe6HCpaP77zl5+59psPTa2YNzL+7iNffcpOJ85pTFBFFVQl6YqogpJQa6q0pbs5l0g5wgSEMoBFOPWjLojVSNjtKNZkarMZFo/oSKqIy5M86O5+cv/UwWZc5VAOR+nOcGvnOojnrvikVqtO7WJaMPjxVlc0I1CAChSC8nGLgFYDaajI8Y9JeYgzXW2W1htqByeyGYwtSWQBSMiVpEeaUE5OQ0MAgnPDu95SiXHiNuIKWMs05myqozavggiCaykPS3//MJCYQL7PF0LAmbCyAXl4Qu7kZAByR7v9q46medWKSRYowgyVArWhO/3tv176jZt+vAGn5o6OvPOI179u7xepkhQqpRSieT2SV3ngxJ8gJptEW76Am7skXApBJocbuO7iSiQFB1s193xTKGPxbpMwUwab85+g5icxPIl8F3MKuXmJgMWIAMCE95M//+HMJZfk7bYebYw9+7mNo49XC+brsgTSivggTWQVzh6/GRpIAzmB6wdC/LFP44ikNRUZuLPhT1FjHyumZoluBjY/BDRumdIibt4Bi1Z3OrbwioIBnkrAFs6qUDQAL3ORc+wi4bpqHMB7oe8nhWVw6xjI+qIlLgrQTFJ+iwCQiGPIqJEGqbsl0SzRj6lJvYVkQYOQpD6Vg+Ir+hUx7YnLnlUFlSl+gs4UZhmiou7M9OW/3fSry3ByttvE+a9749jxJ1GeU1WiyiBTwmPwJ1sygCQ/pPVhpGF4CaTS6xcFUa19FDslZqxnlxwtRL0m7tSHfTarP2uzgwssfRmwHreLJGK9CAEhQ9kApE9MiC4Ai7Y6h167xAhqBI+RELJQJwtKlgy9RhcluakxNVdAEEfiiLHB/9jP1DpkE0A6ajiRDxkjGNC1ZNkhyXUysgrBoBph5ectkY5636QsDKiUoqBVNELN5oG7r0GIMwQ6kMKWjhTRxKalH8GRyM3MvzE8JkVpoziZQRiMcnL1g7xAmkSWBRx1oP96pboDQCL+9O3rrWtD18iZQsA4UHKTCgqza7105PyuaKaJiLQGXemqVbS+/bcfffHmix6dWdOosufvcvTrD335HnN3Gsobmog0ldSroKpIa5v6RQW2RgfhMemD3OAU/q5oilbl9XMBAgsqLJu1YD72AwAfj5EcBSNyDtIJ5nejiB1FEXwgQqw42LS6g6mdZhZ/kOevOUqmu2aHADObtjWZW6HnCQBAgybQlbHJpAERNaDnGFPu14HfyLMpG7Z5m0+MI4MX00GSKy6HMtZ9OvtWUqZlV7emocqIRpIt46++8FGbHRPtrT6RU4sVwbiUbJsRLxuXoOV8KRaSVO1bKrBelc6UKnU1U3Zuefyub97w46sevLGT6bnjE28/7IzX7nVai3JNlGGGyoQ+SuIGKTUXa/y+RVKmU2g4vTUVBsF7WuFcEowBDooY34luDZCQGfq4YRHsaUUfmF3pBklU/e4bL5Em7bzpkoumf/WLrD3Tm+0Ve+8798WnZzvsjEMtIAJNANoFruY1nZ5prDJ27ps32/XnASXt+qCXumlf9OOl1mEVnNTGrQ2ZahNxhoRY35I9hSxy9oTQkrMd5AdRKOgrXtMRVDuEOTIwaqcuvYIW9iEUZzcbsSPLCsylFC3NLSQCfAVyHPOctXnDrqMAcFIGOZXn3RnHpjreJhObO3mURRDkKU7V1zQY35Kkci4NywiTQjgrFjj3uIKTGzeo1+0hyOiOvGBAnR2DuK2EV94iTQBpyUxad3BGAsLp2HbbzdO8rw/QLa47Fw/IvhcZzc5bDZgp0hWB7t5+6+Tvf9v9x90ZZJ3hxtyXvXzseSdj3tC9EhWAUiEPOAqFGjKyMP0vAvuyipTF8YFEmBkkfytyVYWOE8ayTwk0pSW8bDiNsLmXcCil3NeEO0sxHaJAMUIVBQsT9EloCmqkR+sD6oDRZLMBZe3NzuIb9DHoyYWOQYpGrlvDgV8dqOkgTdjxPtP3f3hYxs+G/ogAoLyRT+wwqidcyA8m+ERgPiAuin6t/4SRCGA4qDtcqt8Q4RrZz9INF8MmVLCYOracNc1qoLKziPgzon+QfhI363RI5LY89RBrWZvNXhFr2bObePqgpW/kZFjeCQFLwu3iUy6NCj8r1Z6IbSubN+tJEVRUFlnxgzt/85VbLn5wwyO9bm+n+UuftuNRz9jliO3GtpqXj7XyFnvn1mVxT2mY8TlXAAkYeJdxAnlruh1PU9imtmCRE2nuSSdMuc5W4QObDefoOEGUIIdXYMxd1Q6F9IVr41NMBl3wf3gUN3DkW8kX8gAgKEDMjWGOgfJsWoHWRJqPa/OyRc7/deQS4sUII8gVccFrUkDdogOIaN6N64BHw+QRCVEOKi7JH4Hql/Yg2JEZbqnWso+HPuUlim8JfZI27PVLTohM5wEWLuB5uT4mXawr0pr0ZHdqdXvtP1bee+X9f73mXzc+0d1YFPmSkYVvPfwVr9jzpEJnmkhhphSgTffwiDVz6wxqPeNYN5D+igIOmXYN5wB5mksfGxM4B0HuhPnFu3wJ0Y42aUaWaHM2mwIOcDbAvTXGCWikiezCaIsyIiBO/vIHm372M1q3Iet1cXSk2Gu/0UMPy7baDrfaGoeGIcs4LNA+jjWvTq4pJ95/hPKmv3TIgPKnvr6TSBnVmgdjmXAj+MHwrlDT/idDZK/GBDmFAouk1Y8R6TWA2hJzOJFC0C2SXKl4SjGv6YISAUQF4DbM2HhGWQ4nTUS8d0SD1k6dkGMtdPqev5NUztKnETYhwBej+BN9oCiowKoYPX6c1UK5YiHi3qgBRzJkk4qesuio6XQ1m2g3TGiNokWRFHZ//UaTJK/2SbJJY+Dezmb/5V2p0kKx9DGTCmtPBETY65Hu0aZJmlzffvCh3m23TN18U7OrVd7sLZo/8bJXDh9zDAFCVUGWCfaIr9A5GSBoNYTCN3DWcU2MJONP15JvgujV1wyFCcRw0nhaTIYWgpWS8WcytpQNnKCje6TH+RDuEZ+klpYWXNQJ/w/jT4msqzcOGMERJMaaARaw918UCVI8uAWuHtrVvwqJja22a83TbI5Na5kLCA06a0lMM0n9vZdidodOEH8y8skCYBqduslxFAjRdGDL+LMurP1kh2MiMYsIQaP2gWyC+FIneWwZE81R+FSeTqn1xeh1wOSyovzrk4k/pQCavqi1dhaJ3BsmuMjvwXZKmC0Q1GJfxNCXl1zFZSCOBmsm28WfdbcVjMBSRVUzb/51xW1fveniax+5eVM5VQHOa47PG5qzzejCZfO2WTAy1+ieDM2mFmQlihlXQ1EbBgenXw2UrpJsk2TkN6gagJx7755dJADzki9LMwQAlYn0gO/hQmpwC67scx8OYzOo4nEBgEwuk0G0Q7p8qXdzeAATQOy/0Tz/UshJGnSgDR2XMkaRkxaqOHAvDUFUChAQjfE0Lj+BBqAKK35akDSQNpkDNDkFJNBclLFP7DoeDmFxAh9YPuGHYtDOfHJqx/0fgkvuVo0FGwFTetPyANviQPV4v0kcXQA2f6MBwNJTkzLwIHC9F1G5leQ9ujywe9E6/+FVsX4cAoDY3erqjM5qEp9+IrV8yMUEZsmICPlNM6F0EwCRrrTu9jrr25MPrXv8oXUPP7Zx1XTVbg63hhpD+y1+yjue+sqjFu/f0z2DvkLDyz6zwmsWHDwWqwsHkOwm/Z4o78hXfRyC2i54aYpq3ozrJdtIuyXdmv7jBIAP8FcSMA9oTGJS/kxgXsJKAIiZAq1Bqdlbr1t/6U+qe+/JJjdBt4cIODra3G0HWLAkG52ALPdulT2M0+EmLRFC5rxq70/z0WlkmxvEEQFR+cYo5MRsQXS2yiskMw8JhcVrjQIe08dEwkxcYeqA7A4MZnTHuhYmQHNMSU3KDcv7Z0vYaQDz2kVyb19UANbrAxYkDfwcgU1C+jjQqi0mGqMJVhAIFILZDW29EzRSQhqQNJnwEjFDAMwAFVEFVAEhVSURAGnUWttqHvAz1ebRK8VJHLYcQKDJLoElrHgC1nni7p0NAb8JNuYFsVxgnr3hFLC1z6YdCRtigSFnflgNEzmFBODBA6sEkXepAQC/WcvespMECCAAKGmfvJaQeQob90bpVyDg/TrsuKAfxZlzAJdulSkQNxoxIR3DE5FGRNAEVOl2mzZt6j6xUq9ZW65bX2jKR4Zh7vx8333HTntRtnxnKkvQFaCCLEOlvD2TGoVnJ3AejKO61HBYV2u+sceb0j+JjrLC493iqLFZqT4uclQCcilrfpkZm3ExrwAbkc1eHwhDnAI17qyWc99D1YpBl8gDTlKj7iVHN+tfk/FM34DNEbMGSTgXsAaUSjPimCD/VIfHDWvkE/ugmbyTYA+B0WCLlgywt6TLYDMaXyS0AQmS+Rxf37DKdAmlA6RfEHSSsNXiT3+zxq8oW4q+fgTZsj5LFCWGsQKERHbr6idmrRZ5O1J+Df+ZFR3AsfWAzfwTBnnuV2tJ3diCTgEvoSbC1JTJ0FamKIHFfjDf8Js6NzN4NLIgn3BtCMqqKvKiTbO/+OeffnLP7x9e+8imama67JZV2ev2wNhrY6zIHXqAyjw55UQQredvzSYA2FA1zgRrAQiJlbPOinfcEcC5RJ4ydjDDSJotGJFyLdAyB/CWL8GN1h/yzzHbNnYns/H1gBCdnydfy+fW1Ft+iyha/yTMbLgtnGS9BOfLOH0D1tNARMwwywiJAIk0akBQinLIEECrDPIMEXXZndGdSpMG0ERaV6AJADNt3hdh3ShlETBwGZdHKaG1EP4/2v7s67btuA/Dqtbe32lug4u+IYiOJAiCFEGQYAM2EHuTkkhRjSUzsmXJUTzs4Zc85CnDf0EeMhI/ZIyMKB52RizFURQN23IUyw1NMVRLipQsUqRJUALYgSDRXFzce88537f3rDzMWVW/qllz7X0uoIWL76y91pw1q2pWP+daa/OXbxATyRlc2ZmESJfe2MzP2O59oE0GY2QjKysI09a9oz2pCXMFWxfcuivf+s+h1hoDcpdpZXeHzyj5Mj6aQ0y9uEA2Up+azWFaKgVZuIy5M2SHOCuSMqSBhtfXqSRtzCo/fOii3ptyMNw9hxSLATeiA9+/uX+zHZ+9d/8Db3rfv/51P/qj7/2+57YHt3J34MPGG0H6vzr27BrcNp4HTYihB6F+Xncka7NXezY7baJQQMBqRqBgHisfOYao7o9dnxk5UcXkbSMiak22TV59+dW/+1Ov/uzPPPn4b9y88srN3WM+3bXbE/FBmtBGcm4iMqpP6XOpIyPpyRtpCjqE1JIG8Gzmw5wC6WkZ2ZdiyWIrMygUfGWcQa25QFkVuYcuSzNLbdRzmM2XB8cb9qIVHKeSYAbTN65wiEbIMQJ4sqH/Ho8RiJlYw5OpuyDaSLYD0da2UXLczrTxgcZ7uoRFGhFvtG0s51O7vT3f3R3OZxYSaa3X9qgby4037o/es05S5q+9x9GNGLiozNnMmpT/+E2NMjQyGhU3EWGW1t9rZZsDhh0eo6txwOdvko+K+gI6ojNpGgvXjDIcaFhX7tn4SOJ0UZOCWrnRUkq1Aj0mU4UdQp3Ix1EckPGFN6FG0tp2OMrhsN3c327u8eueP37Lhx5+/4/efNNH5HhDp7vxVgoi2rZk9hJ4Qeu9m38WhyV0EOCSDmZUJ0vINu7CnDcNIWOhMZp3NqYJaf6J3LaWgrMKHCAww9be5F19HSUsxRd+I+ZR1OIdxSeYB2c6AZPT0kgG9ZT5Zw0E1c3l1Hb1KIJQPqoZFVEKOGAKmmRjmvqZlrlxulWTAH0oIvx02eaEgCZBVUhg+rqeBQ2KmoZyGSv0EoQ+JcJkaxwDB2Y2WaeSSwVK9ZGYlmZw6BxczEMo51NVJSFPF4W2nFaD4LsOw3A7BzdptkwB62BL62aVA3LTTnPtakyD7qcVClxntteeDnydKrdXRvIgRkTO7XyS84H5/vH+i+eX/vlnPv4rn//kP/3UL/3mZ3/z7nRmklNrJz7Leez6GfGcCDPLYUTwvRQvI9ZiQAymTVMVW0tqRhMRjQ+ndkeibRiffIMQi0iXM+1NP0RCZyYiOTSSJNjxIb+mXURNzyZElNbKIC/RgZouYXThG/ntYCl1ECp8HXX7iNnYcyf6HJTl/z30IeZj3z808kfiAwu1e+3IfPiD08v/8qXfZqFn2/Er3/C227s7Yj6TcGvMGwuJjAdCDxtv2+HAY1IGMloc0Dka/t3qCTTqAuNxyB4sDO/EKnLCSi+7fPr8jmfUpK/rcngEh2Gtuwuf7SI2t2mx1taNTIcjZMLUI0S0gY6NzwWrLDh8JrKl+74Uz0RnnWjWSVNeKRyhXvLrStfGfA187eGwRr0q5cErEW+0yRDkbRPaiGQjYjrTmY7bg8ODdzz7jq9941d95B1f/81vfv+z/Ozj05MmcrMdt14lUBRmS9MDOq3zQNiBkZcFqHbFQ5nJlZb5J8IZ8hyOZdyzYxxN1FhDOYGx4ijJ5Zf18tCHo5tKdOj/K/etBZCukacTMfO9e/LKK69+/Ffbb/3G+dd+tf3O79DdiXijJnJu7XQnre9+EG5ac+jVHWbe2JfoN2bmIXDRG6eTYK6NGPH9ix0/biQs1HQdtb9WJ2RLXQNYfOVc0BwP+CIj5fZ5sXqUpTkKju08sF3cPtCo1WTm6vS4iA2ZZNEqKMWX8bUmRNyIehCDoJhpI2Fu28bbRoeNtgMdOou3MQG9rnZqT06yvfS5B1/4/NZOpxeev3v9m7ZXHm1j57S6IN6GmdQJAk9jZlvG0O61YkadxE6mBukm0SgumPNiHqZNK2/qKMY6sbh3BJtn2AqRvUnNNR5wGFPDIGRMXvsk5QaZabdk2CAMRHoGSvZzuAyTFNIiS0RBs9UmmgH6Xzcc3CddmEg2Pmw8CsHSiDZ5/RsffM3XHL/yK7d3v+/ma7+B7t3Q6ST9RRvbRoeDouBW0GfA582kESwYJPm2ClscDI/OXp1/YpvZ/Ag2YEPTW87LkpboBCOf7XAciAMEW+GYM2SJOIrGAAwgAv7X5J/YZorU9fIVj8lVF8sMNl1k9Y8BB1VFxxZJZC9LJKezyiSvoSh1vCb/DGKQSdA0DEjZLdoyczFlaXSvOOAD/XrGIHVxZB3DLsmItXD4SmACgo7GDDrNPsxp2bgeAumdmgmAtfBJTca46jxfVFXKZHUvBV3nn+TcGBZ7FV8hfG7SWFiLhX47AaU4nclaL48yjvTAzdxhINa4g8ZERETkLOcmsvG2MVOvJW58S3evtkfnHiW085nOzSyb1eC6z1abblsdfcJVkEbOZrjg/USXd8KYx27ZZABpCMP6SOeFApt8gasVBcszcqHxmwsbodKQ8aceWZhVF0DFzZ1Ic2U2Gsdbbw8bs35vo8/O+YHcPLh54a9+8v/7v/4b/+GDw81H3/ih//TP/Ucvv/IF2og3PniWNxKrvpFvBFbE7C8FHfiElSatWYhhj1anhxnDfoumy1bSJtKwxd7vC2Idih8MVQKzTmjAR1quwsweKlGQ7+RXYAg0hui0qe/Xc0kd8iC5MUy84jSbLg6WxWI50rWu7hg0EGNiUVb0rJsa83azHZ/bnjnQRkJnOZ01me2vu52zzg62P1VujDGLg26jzNCA6dmE2a1x0h1UaZ0gxNGoFV5dOHWZTW2qpnsYpN1Kqzfnn4lAkZC/jDnJCJijUucWnlTV8kJT2juqhwNvWzu106svk3Q5anQ6Uzv1xc/+IqIO2MlwtUO8MJCD7bAS7xcHlgds1Um5AfkpmfVjHHt0mB5VUDyVX0HYMztBc4Zj04toytevH4ZxLaAZD0OQ42pPGhNZUuBPBwuRPmCxMfWsw9a7eu7ZTYy0th22Z5555W/+9Vf/D/+7h7Qd/+SfffgX/r3zFz63bQc6HEdmzvpetrGDdjAEaQCWTf7DaZkYm7MfvIctB+ctuWVbx1OTS6L/Efkt7GtM9CnpKBjPh6xbexOMUbSSCeBwgyaduujXBc/sg4uECxJaLxCZAaSRvQ8jsM4d7qj3MW3bxiR0EKK++Eo3D4/PPSTeSJq087DEok/+9PxTh6wWSDL/i/xzcUCIhbJorKJ0cTEgNO5GCJ7JtLsJSGHPIyzDzcxpvzwUQksRqmHEXYEbpdwgRZUJ+6Fl80PN0T4rXtm8M7yJnRbeIR2rPHO+bhcNbHZG5PmneU9MK1j5l3kyDXHlscqc58QpAV/lC1zlnyFgjp59ga37+Zr9lWitWB36mY+KVZR02A0DFbCpkI/1l4CmNwZtt/ntnTMeltnybJSz980dNRpF8zZbGbHJotA8hTF74pTSVwlPhyI0ve8y08+Pq1gqdXiNB4eX52Ri7Pm2uR98wdLdGPcP3A/D0aTdtbM0IeEHdH/09HVJ7S2KyTRtxbCA3GXqHNnUqe6bLXt1d6fB0x+lFtSDYgecMUSaYSZGltaGnyeiw7ZtfBCRFx4fHz95/OC5eze3hzfxM9vhbtsOG22HbRtvSAX9kCQiJQkcLth7vrUQyGhLvozsW+IDTKkMwVOqTFLvyRB9mQ/XONGfTETUPMJ3REik0e35loiY+HA49K2DpC8VKQ7jjVAydkThSvf0spoxTS/LBLXfvUzr5Cz3+6yjDTWTu65dikcNViNdvq+MLHN8bluvrWjsdDpJa8R88+DBiLOJNBwnV+QCDYjmzWALAX9roS7jzOiCnQKkmRNE78OoWdNw3ZZfiL9jH0DuSzrMCgVKcM1s3a9bJyL7VDKrDWtNzuete6jn3nB+9fH53kN65gV+3fPbvXu8bSxnhbJ44+g1xDENp1geRf7Z/8Xkdl5EBa0tFfiS57EcY6mWSh/HGCmiUQF+GjSgefYescdylbjo1euft09EiLeNjwf9JNKBSJMGwQ56ure0cIkQQFQ3OufIDiKpkBLMxxILtbrLWU2ysRMmC55tsZXtBpIBTCB0hHDuwlFhWZh35FPKmsbp8oW9hX95TQFzWAdgdlFAmRhyo7aoGuf6zHOFPIZRA5mnhZ8wlzDTg4ar8OzExumxRdEoaylO4OKjMtGzSPxZjX3xyjzugFxSV6WRo/GeTkH3pxYtLZABkGStx0/ObZ52LJikNUtREvT8aJ1TzUOI2N+uPlURsA7HNPbUxEgJKg3iEEboYQ+DdMWLZT2xWyMWGgGVsNZAu2xVchyDJVYWS55ju4MH7KG6ECFGU3ohqg09dm33ToNrjhU5q0AMQirvgMzTE501bxgcpwiRiNzbtu2wtbHTjlsj4k0aNWqHrW/1M/fLNOQiFMOnCDTdtB8yiYvEtyZ+6UfJtNqFfklHoepXWufF4Yiv4MxWSBGZ2MrdhG20jaWcvmzAYP158jjx1bq8RIhVeNB1wKl6kXTriuCgJlsN0VzuTS2Z7elxZwZzIAnp1TY5Vs7JM+7sAJPIkGNEQ2U2cPwAG9izGOHx+Io+Chm2grIa18WCpR36FnQzvfDOAioDyZnr0brC5f5FZopDmJgytPSTLJ8Cr6W59vgyKeg4GikJGAGRBkk0nJhbKaZGxG2c0AnIYxKR04nOJ9o2fviQ7m77t8PofGrMZ5GDtPGuslQWelrKHO3qSJKvTM4ubRXG0WI62voWQCneEW73m52V8dx1DGhTs+TxWj5bwkUG7En+CJrHDi1iEu7PyLsp0Mq6ZhJEBNW2yPxab3MsneMrE1GOy4D2ghGKcacFfuJqqQjAYghuFTITYAtCnV40X3GNS8jAI/62uQg4nAyWOYIENhwcN8cbycCc7CkiGF04DYH+2EEzvYWoDKavX34sxSxctEVCqJwm2ei4hWU3zGMBsdUy3Yy8Q6bMy9KXuUfrdzGbgqVCDxGyVNi4Hqq7RQ1kxR9C3YiaybVUcDELGflOGUfr6kxYCVundxoicBWL3WmdE9uk/DyWyE0N3Q0rb5n8xR8Mfcdwuk/QanyE77UBRFmNmSFXLiPHxWSL14UQN8MQmSb9tRB18NHbHJHEgbrTz+Uqfz6M9mQRFVDactaFRq0vkJ+iDv8dJndIKDMJbcND481IJOIYr0s88fZJyyeftef7nio2SpZ+BW1ucLHjYqi5e761Hs0azw36PqeNt/EcpVBrdObDmQ9MdDhsGx8OfLhhZqt0sj54sxgu3pqCnt2jblcybUc+aHGrHGAlXvO4KyJ2eFG2uV7StO/V8hJGEOd+LwMJpz0GugObhlF1bz1GXuWHyYinrSArXz4VAnm6ksfBlnoyY1VGJ8VG/UgvUnNNsThuAPGBhpMQ877+LUu0pcUC4AA4vnIRxS3r/YpNpURzpPt6+SkHWo2+I8j7SvlUCl0e6ONTlyu1dj7W43oM0GUY5phEzq2RnEdIwUysTwkOvyoJUMZqNYOUpGxCct+877CIohstgadjBf/640vpfr1M0oLei71Csx75afEcboxdCfo0toWVaggo77L159kqTziv/Hg/Ck+toMUSgq2Svq60gHuBzIisUuGXZDz1IfY2C22QKNXNARZy8yKdyDY8P+iEHTXKnsx+FRYrAZjPsLIo5U6B7N2cJFc83RLAENMRhSC+w6byZYgqAp8hI5ySw+7O4xDBpGhuKTMJKbmaUKWMmUx/Q1doFrIJsrXx/ciqekKJqeCqtKJaN1NNcF4vjyeMURgQCExW5zmTCSzAid1TVWIAUaCsn1ljVb2ZEG3pY/E0ZUhdml90FpKuUp6RHdNy1C4D2qTGoQuUBwC0bsYkwMlHZf1/bc0KGxReQ8txLOqFRNYT0Ar9Px4udPD0JOc2vssU9gVNFwPKk+OtHEPGYQJScHzRsoCf3CDcCjq1QmwxKjxhaU20krvo2p/7MTpaa3QnRNzGfB0O2+FAh4NsXpJh6qlMglf5MhRvmD9TK47N94OSHWbud1nN4wosxwsRyZU8XAh4Qy70lJFbzPZ5fyA4YAYmaR3RS5ykDhUt12KciVuB+lSHNrg1lnyBI5aj1mCXXVQZGC5me9oDOXHjP4JFh1TGq4Xem4UaYSlRRDYN6yLGTNu2HAnBB6RdlGZDwlUvkix9SZgl4oBTbKJgJntWGplOEv7Y5QKl6EM4+Jirwupq6NnHFZDEB+1oMAxaxSlCRNT655IbnYVpvDAPH/tEZ29gUSFLbuQZr1oaaTx3K60W3C0numw/RokCyhy6+/UEYd/2LmhfWXqclBlobnlFl3I4sahu3N53Hf4+LYn3cLsEUcoEcppaJEUDB3w0WQHC8tRMWYlunQpWUuVBE3KEa7jlmzKQqrXFXhib/sdecsmK0grYotyZUtDZx12z8lnWOq1xsfe1TGbmHKCvKS/WY9NK4Cq/TRgWFKl7G4xORVbFYfhrbLCYMh8rWmhF/UJA0rsE6dqPz2fpTCuHiMLQ80gI9MrVi2q18IJvSXLCnFASK01eZkY84gR3PsvQ/QvhLYrOJfDevPbRKHs+q9mIWfujXqKJvYaeQe5UkWMQjWOiZ28ZpBIYm+8h6KlRfAkH29qsBMpm7HukBW1sCG0ehuL54rysb9jxREtN3SKeqrtD/FRgOGRVCnPHsVdCBjTRPVi/FsYaxYQJRly5gSgE3sUhxNzOjR4Ln4jvjfsbc39JsM8gK7yFWRTfw+lvZoIdBRWBV6qrMjPH0hyagJYppgWOZHdN36KUFke6CGOFBiG2GGOQTcw1tem0oFiM2//1QjQH496NcEFGsOn4TlbiwoTxeDkJClgkgX0GDGgifVwBr2Aq7w4gNkAIs4W10XMRFnFzJ6nfeQRNjDEHA4gwdLxLUN/xp5toyDZQsIiEAHJgw2BFIjwiFKfN3po6JtwMu1AeHTtyvFrrohGovwB5cw7eRaYYgIgkT2OgBfvi7WS5FHh6v35vLLZHST1ORCPiCqVXkKYZRZuXMaMQBESSiX03I4nIudH5bjzz2QcbT4wmYYxUR1OzDB8omCtRMrp2i92dExgw2GOA8Wb4nGK4XBMtzZORa6lolGNkO1HwMnukVYcszpEE84Oh5ZSYaRc3hlnwsC+ooUMrSmnaBs3XBHFeTwsbU+P0z5sjZleCz0UkBLCKNzYZVtMoktDyf3XbX+2Sy4WUyazFZAnyhGy4cWwnUtLlcB9lUySt6fWLewFJlW/gyapjxtqnkgJNEE+4IsTuhkZ60mMnHsBdlKQcTndLiuolWWVR4kaZ5RTPmOaD61/meeMe43LNXAfTrpPvpqg14Orc9ZoHduaDnK9W8MIKPDw5KavpTnozg50dZJy7SHKwNisI8yza/KFPz+pQ7xFDYtPaqvNN5ZmAswjEwRZvJri0PHBZRoEE5jKOCK2oWCHGe5zbQ4A8/loEk3GVeJf9Ii0oxaSin9Ha1tSsSq5P4slO4+mioIA4/jrRK6c8Xy7DE9dP6faYigikwF36jtvB3IFNE2oiTVo7t8OJDmImcig5bUwHpq2/QXctFWYxp7Dhy3OYqy4oS4PtORiIR0Ovp8Zz5SyLwSxYvjyMlAAQuv6/x8iGuydIM/uBWwJ2HbRxQgstvLhJwiNHGJkQCaiszJPPhyRDv9drQnXnlkwTDJugrp53mU7SXfUGNgiFCyvFYWM/T+rOmOb5LLkkZcLAtMTwsCIktZHptmNvNEhuPhMm+cr+z4yAckG/ApJY456D6aJ4yOJ8Z/DJ1GpQxLl5t7qNpVGjbXwbeJhWHBHJmlyi/1xciWKX5i7rjt/LTGb0Z5EOvIjCmqG5GGLLZDvKmGmmDm9d2ZFJ5k+ueN/ICkb4keJ0V6wvQLjK7CSgl45V8B2Sz5mVFe9me+12g1mm0BZ6ZtIG+VKITNX7S3CSi75XqaWfXoEAc5k0fhmPwhlOhT+e0MDu5QFe6XKUtboegCwkQVDUh4G9FtVEO8cKed68vT7ggcErlIcuxQ+pJr5ovNp2y7uCVcU+FfDV9aleH4CDSl7HiN2WcyFyCki4tCkBOBcmJh5j/VONl2fC85oEIlHIqGgGM0aOS/mM8tnjw75AjF5Vo2xb7Vfk5oDSNvfis7axelUVw4kiP1DKO3rdkLItQcwMruuV01Np1ob9p8qg4JCXBFOGz1QaJzeoHPaBjPfqexCHkdxxb5dIk2TvYDjbYyvTrR4rSRMhITnL1uS4Mb5gQVg/RQBsgFGIKNQXZbwYV9Bzim0bEoCCLA1cGaxIHnts34YgChbSLYrwUMSqpRVb+txoGYglTCdgGorCpmywKIT6JLlhrFkyTAYQZ8vWDCPj93etnDe46q/Zi1sTxrYln2l0CyIut2osdPiwFClR6IZBSK4RS7MMG4rmeqHLBExJrsIrhWKPwYTJqktmZkm6DJRubFjSwIupcj93MzHWcevdTXkeQTl0HvvGE/HSs5vGbCtFGQd1t6CJhplfwmuiUytmcJjIvnfkxm9cJek7hrrVFnLrY79LRk1b2sS/rB7ckOZEUQECNGSAlrFVTTpCnU+VCRXIGhxbNwSxtAB2FadJ9wmoDTF8g4OZV+bRmMK3eczKMYVeJijomsKWJGsZK9CRBBURoF/SvLgt6UMEOO5IosFCg+m2EI4YsOoIvrJkyPtYYiI+7ZzUVgJXaj/qtTL8nJCo5c964DgyyLxjxQlVNiyG5YlqbrjZjyAIwY8OR8ETMjQUBC2eK4QTRjZHRbSwn1BlyTcNjOY6omTK1QfNwIv1WwXFALlAspe34dM6/R5dOopx1c2P6ximq4lx4CmI5yB217iSOuuLK2kCL9VzAiHB4Gp2ULpSF5y75G7ykvICw7SUF8DGkDd3DrFLslf9bt5mokuUbLFKWKWcsJNp+89QQ5hZ0+VQJrZoT8xoI7FRFofCwwOZlSInkZiPgksQuuQgBx77VLJyVLsqKDgUJWUY90qz5vm1mXCZhPgqktzjNyJ/Y1Nw8dgOWYATmqjuHY6BZ921RY0onFsyIrMwx5jfF8TVoHHe6zvYDhIS3GYwczY5kUZS/69dkA4dBiItHGwaBBwlMEtnSPXIY33qWVtawhZVhKiRzpfkM6ZYQeD/JprhqY+EqApGbOUhi43iDiPNLQgwXDOIUQ2twyg+9LN2pvOZeajUnqYmCiaRAIegfr4EV7hqF4q8joruBF/1TpHz09bTwvtqGwYkEWucAZNdvwjiRET2cmy3OwN0QfPsnyxlDPYA5zkIvODdbmmLUADjTfXRmLn4DVGEER+1Dk0aVbHI/mHGqAgMFQia5qGWZpom7gUfbPu6keqd8OZi5COlyckhS8AEHyqbZTjHH4aE53cW6wfNmU22l/BUxsxCDV/lpwkQTao4rojKh1g0bzcVfopFksGNMicy86Cr2KxKEKakXqCCRpckxpXs7s3dlah97rZPyZ8IGvR7POmBK9P4eOHQanS9GQMhoo03fULeXz6VYnpoD85weSyFNvPBMkz1bf1cwHdPsIvMYRraR0i+Y6h18ofVKBHlfDteNyEDaUuSA3G5919Yo6yCVePyw8IpixkSO6tAbw3G3NxElSO4gk2eCJWP88VlXrQbSe+YaCckRakq/8LC1bdKr1iaGwSkyIgo6wLi2YvmwP/QkIklvBsXoi0LuEXLe5EnWb7W70PaJWqpiCk08ai08nHzeKGvOUHteA1i2GZVMvDzBdnhZxIbUDP3NBV8Ug3dL5qQTijFeMO6B8ETCOMiQ5LcIiEzK0IeDm5gKQwi/fvPaRqS+fDiV68RDCqMnAsHmG9H1E3JvGMcGhZBieMeJghwtNACs6DQFZEudj5PvNomFfPxyJzvvvjKHO04dYUw5hUpBwP/ZPc8BxmL34L/WQCN2ebImGpKQHIr+6tJvGKloHwPo7ab9BDRjNGa4L/Up2AmyXBLmxMcB88MxoneVTDDuSVeziWEpAKslEIvi18HEv1PE2pNWhMhZunvSZ1fUCP4JzDFiEIucSQrUY1wNQMupres3RL5QlK4I5JmYZJYY+yYaI23PV+SLBQMf/NhYZ6euLhwfPv8GKRyEgXd7J1UBEO+parNaMHYd04wEdNYRB38iINb2Fpby6wXcwMlLZCoOCUJLo8efBitwI1LXVdWbb7OcMI+otFgyefqSHTgIyd2qeAVOkmVrXTT5XCfz/q1VTRE0Qdn+USc4XyoXmAvz806zg6dRiIWx86xe0EL/ijmswqqgQSnpfaY0MxiUY7TTctPUIZGODTkvWPOLtVbWDYWzq52z+8mSSkUBfxg/cQDumkxUxZdl861G4RLqKzwXbZaZ1r6k2EGsAhS25a88SuXODlLuhKZkZHsQOHqfDEC5Z3ZuyRORFMaIOZTlt3whX7wwqGdfCkgHJAbfUIsKMg2USw1wTD/gLfjcMEcFMcOV66SsDgKWunl5kzUWCjW7qB5TS6XO+zonv+W+TxkAnACQhzkrDLXhsIS7ZJjeVAIcigzYQe2OYhsgBiEWe1P7Ckisb6MtTDMStBvjvPgQKLARj+XxBhpojXfVnGFxEl0pvEIv8hDnQJCDEIvz6BHhBMaFlMF3OYYOFyZ4Geb5s57Xx/TjOy0PM6XPOXVWURBUZMUPs0CJWai9Aj6ePmPbynCiqbY57gJstLRgy276dMnMNRYaUjogaGxyU7fLJgmns3YyshXLSKfu6gKzDMS5RlDQ+a8cqite+G8QsV/GAw2iLyxVYmyvQgGKzQwt0JEtllOVhHF6KIYRZpDG5MRDe9G9rbsQb0cCU8aGd2Ts8TIQec8UQ1dJgcCbFdximYJ3CsEocFb8ShNJWJQjEWk2sm69nodNYJa1eCLIsxjXDaQQW2ASDM0VZkQPdISd7y/mbSwrV73f0HO+yNqqPvsDTPNGMGAjrhYxxBBrJM4TASVjqTOVvBLEoJWyxGpWCJRZmIjHBihAY2clhTMwSW/HhfetY24+SW7W26lS5iPrRgSrseMF/4V4zMKer9auKhVtLEQLuyLlePCAgYo4ap1D5gQTZ/QJiPIamKZBCwDg41IQZ7byS6VYC6GZUsA7YZPklpKoJfTRJSq2huSPrNAI5bfs85TvDR9ct1eDGZCkrcDmM3TlyX2ZuqokS0gi4OZUH2w1QQOzXGoPPn2QiaZlVjZKPgTZ8H3btv8oPtV2BK65NUAs1vOJEdg9EA+c71A5HfjxcHOYW7GTnVz7JLEoM4PyxGHxXV75efTiuPFIGGFQAhrijeRuO1y24dvsiMXlTwQeZCFUsQIyomFaAhjAQJNLjxvJrNUOjPNZe5Hs9pP/OwNLmSkc/gYBTpIbuqLuMVsBJHkqX2yBjMr5giqQBwGTbIq8bprQTLZcdCBnqo9qWJSFSqV2hFD+TgEh93pMzxD02U7hlaTKHpAQtPUZ8QWVR73Mew1tJWyzxj7SZSiWRR8oiMgnKnZX0++KaHkWGjLJG610Ujjrggkoq10chgtLBPZqRNuhJ2GrKRGHRzHXuXB2NejgilcKoZZtjEsdYg9DDAunJFj8q9jJHOzUu8h5wyEh6/+9kENQRkOcwwyBSAJW+ohxKLNU3BHU8PyyNf72lk3NJt97XNWSsznQgycyjyWca4RWdSovGM9UPp3gsNzn9WxaJOuStAqwlOpJ8FeAJE93E71acpz9g63R7G62cUrrFYZ/CW2C3wACfZ9jFVUBLnWECQqKnYFTvWogO58gAGpb5HjCVB5bvOaj4K2ibQLkc2F3suBi2uSrTtCXd2DVEf/TiHk2vp12Mt3nBS5c3LJMHKIFNaDza/PweQTIj03NVXVOIAkEX3UgKxXbjb8wC6KvNF2YN5G6MNM23bJ/kT5DMk6Dr4Kd9AKw48iEhKenZPdvehNRBIWX7oCVbqzE0esFF599rT+EXOcq/xACRwF1bSFp8iv6JyqCXpU+5XCbYqhWor/lslGui5C+PIAuCigdIVnnwqCwUpYAjG1DARA/3CeEsU53JdCy/b4vMg8948LirzbcQqY8gn1mbLYP1J9IZFOQCoELl7Be3MUxLGUVPG7txv/JKO6n9StBPup2T0nIDz++AAp+VyB0vo+LVh68a5N35di9L4cEUdtcya0eT4PBZe6VzHWNSjZ91fy1mT/JJWaC0L5YPLHq8yyMuE2+9DFY9BKSTiNQkRTiSVOgWtychR6hZnHK2z0yrgarbAVZlIVHJuVayw4lsY/wd9Y4zAW3CgMnjNLC6dQghgc0u8DmZEiQFGH4ODvmNFOKD9ZoYllqnVhZiI8F9GJjXQmYt66XRobcEuIkac8LU7a0am2ovtO5Y4tYNR/9WfIYrGlm9dEkg0NJbF+yy4GCWEmeFG4SnUOafIPq5OPK1E8ykWqmfLJqDgf7C/7SofJa5l8Dg7TCBQsDGds2V+9bQ81zS+4Zr84l8GICJVEse3h+XhkdCxc9GmDx+KDq0j4h9oBRDy6v4LMhnBkYNe2xZIpHvNFViUykvbt+3S3EHjTxEGXjJ0mSGapiT1sSebX7okQrP4qQ9JjUWW+HfmThwYz4znMmLjA6iQJrLYZMkjgS4gNACNo2MGHNWgZfoPNGrN6Jih5mcL0prhr0HgM+hXEzbTey9khOKN0mMSy7aIPRDi9QkTbJoeNiHjbun+wkmenDAcwUcYNRGGhwHik3dxZiWn9eFoKkrcu0oOdXlCfxTjho4ZXzYLpab8o7ubJ/rV3BKDzxE/pUqxVWkEy7LhCMogoCjW5JkUXAwsSirMueieLohuYogON8h8vLj/jofYihh8T2EAcuzePbornxc+JXQVwpLCTC67TO2BLr9OALDguNqv20jOmopk1TryZQzhglzItWFiPi3R2d3IApL0w8pgeVLlUHTxQjB8ctcKVpI6GNoJKuLndsAYaYyBuAs4RCfT5jd8vwQb7/i50MWRgRqGL/gwIB0hh0IWahTh/xO6jW5IQMM5ktktGKhJcZPKPpFagnjgac2rmmspDQVPFyULRrL0RWwfSwFtDL6Y5430hEPvlEQGV2ZLY9dqxBmFcmI5EKXoUc/2RLhuuTKP0/bcTq8X+xA47RyY1Ke7eMZr2f0QXBfd7+yQhhh5W6ktNyR0L2nTDNhsCsMUB8owAjLVEclLjKYyGe54Ej+Aq3Sb8ULVuk3ZZh8Yxnig46aAvTeuFQ9heG6pefOTzvJzAPLfApSBEMqEH3qeAo0kXJQGq/UcO5tzKj7vraSUVG7YHxz2q3qE6I0NALdJZzFelw2SWY7Z30NP+huhjnEYPh15BxvXgGMaga5kBKtda4S3VJ5nFqeOnhHakLyNTWNikSQXCdeqYQgqL2gMlndbdBY0iuBlbZlc9AhpUkjnTsZSh/l4Hu3OVXUZVjBOBcOet6XkqOSS+U+NKlHC0GCLG96rGJMej3vwNnmQleGwiz/gUthCy1gm/YMcNwYq6xG+NqEBJGjHRxrz1h+ZHLolim+Q3CQ9DxjcdEuwETt8sC66JgG3FSKR12vc5sqwRNVn5A9EF/Nnfnoz8Ms3MGPaGUdgnBOq4ILoMxuZhqhgELSnp8EGB4e7be6E3OyiUZ4vaLkX82ClG0pQP2xcNSXKKAnEkd1g94rINzZiLzoOskuoUc9MohaSEX6aNPNZ/aQdTJq+4JdO0k3xeRN4bDCQnFFaI7fycxi1cQ/ZQEI3EYNVnak0CJjxzOlSyqPRW2NIkWWJssH8Ec1gmzDkQJuryiyUeIpprOKDDZMYTFPrCFIvu6Bo2cK9xNjlTHMIDIO8pWoo2K+4htymZJ8iKgYQCbUkNorKvEhnEPCrZ0i4FaIEcsNWTUd0Rm20mhxmiT6Kx1gHZ8NIMUXecliEtxmT9z8aDC0yOMrZaQSvTiURMfbdXo/UUr2saU8SjZbCbyhhpjgFD9buJGltMNr4Nt51GGv8B2rHQksvY1q+2ztU8yoTdmC1efg1s7CbqdA7hYRi37jVwjtv5RU/G3cV7P0LMieDCuaukkE0TZK418UUlRoL+T7YGalq1pMlMmx85XB3bq+JAF4RckZFJbg23Umnz9MCgyaSm8G4Bj7N0L+yyuWQt0Q3ZRbG5/kjIhOkO7fY9DmJdPzaTmi16V0NTNiY8lGTa9qe3d65VMe0OXvnG8nmKSendQg/BTtJCweBUsxAJIKtPLS0ktO2sCX4xISh2ougFlJMXHdiqR+z7yzs+noc6LmgFOf7loRLcS2wcWo1Eey1p8Y4ZVWksshEdOh4bMeu+Em9s2mUCwBaHkVOnIIUyGpJPAP6YCCmxn70nnhaCNCJIuCRgXoCXzGHmZt9oJwzebRZ+GeGrBaMCs6kkQZgRxCWl3IkBhnl6+IyFUyyTxd5YEQ6eqBx9s5FUPNDLz4a0G5NupVfFu+QdZpWbrGXWHkqsTLchXByNwsWYimhMATDXCqNx+crcXZN8UrQzmY1BzL6Ew+RkcgHBg3OUvTWcxJ0woeDptBMETkrsNXF7gsxxUmq3UqZS/k9ALDVKUkrqGULEtojAqZwpFrQ1RmkRCcgIVydfJqTRpjgKQdFyChq1KUIKVjV47jCm9515tfLmiNj+nLo0gh4a5XHGlzAIrV8KsB1RYFw8uViwOMau6O3jpkTR6LAq5ITIQFPQsAvObwNVRknKbUwEpujD9+Z5oQ7CWesvNNcb2MpIBq9KFebraLYoS5EWiiBm7WIRDRw7XWhDwNmDOJCIqvFCMsCas3oHxmn02sMqnpdAGqG4+m1wIdFDB/KVxg5sGw6RsWbGLkHBbvr2oZxuD1RKBogIB+wGKkNVqmJOtrCKBMoJTqVPH+vu5ejOs+HY0TRRl4w4D+mN1akIRPSDAcqOorDDsJMHkYmAdOPybEdmxHYOHiMikOgUVdjQKY7CROxlKY3Rk7XD0xUTmG3bSuISoel6VsaosPbTcUjREgJ3VS7ix/4XOck2y9YmzRTMi12xdKL/oxYPIoNSMRToaMbg7HVi/G8hSWTVSvx0r61hzu3XTjL9SpqebyMFgHx0TcASb64NQmgLzOnWSVqDabMwycKg9H447rawj5fRFrV0Q2h9ZBENgyAmicTyxHXV6G4sN6ax/snETK0pPv6PSY9Z3eD+gwscgCc0iHA9LbwjyqRu7zMJOjCnK2HoEFOACMUu866KeSSfnSL2rA7RL8kmQ+nJkc6pyrDFEmFg+5Ct+2ieOAy/OFhjv4dGydkzReG7CylFG7cMtR7uGL0EszfOjk+hBA5U4XJR0vJkKIwSb7oFSQYdIKslqOLl0vKXdnvGeW7JEIWGqGgOz2EHf+dsQCxhC4QgBAIjR+CJkEBSHpk3tTZhN/6cBenFkuqVJJBHCnm91MMPLuxDHl2I4pKVTcFwRiyz/XAEiDwjAD6T2UB4jMhpVBbLjJjA3WLMggpWjeghh2MS2w22hIBfKQ1VBiYlm8iKjuAqMPiGjmI7lhWH2bZkGlIoQxAGmNmpxHO1gybpvnVQngCZ/RcEBnvpMRERTU/o1T5llcQAMiFwvKLTGhYalT30ZDopf069uwUNSh4zlmtxjd3d5CaTnYImPOM4eYX9Wx+Z60Wv6ycgu4vqV9lhjDwsEw8fzUSbCDXEDY3FakmWJvYvnesCk/oKwt/tXheUZp+9M8BidItcVjq5grmzjJxBcRxdjVo/vygKV8n9FEFDDLFHuOd41mMx3rSMMzVYMLBwPBnvnaztumP4sAtdkovIJ8VdiLyzClYhqUVKl4wV7n1NcHMyefFI0TnB9tBqXHpa3u6N5gEEpOU+mJTMm15qsFz7tQYopf0K+1/ATIaV00XYpYqmw9QHdZNofHqFD8wbtkVUVu5uhn8N06t8ADDcpaaOHKtjzrLi3dWPYsj94xJKpi+0rOleOeJObwktgv2plHqVG1zAaw22hJk6WlVH1ncz/JhIQGopyz0UIxDwhGGXptpIhgKUaKj7lMdVJohDRH5xlNq8rxpoRrIY+aJkx0pQiV7Ef04O5+HmkxS+5o4GGY4Vb3doumiBi/6pOIv4XHmoICqbpFCA/SOFFv0a3L4ETtK/iBXR1UnHKmeBq6XLoF3OS2p3rdeOccUuBd29zdePUDeaUDGwnn+Hd3yHqnNRYy3WCnrhY7WCIbZEw8yqt1oRt2Ug/SWujrHElWrSZKUIyeiM5m42naLeRRa0EdmDotoRq0pQRtLx5nhKaRSivKIhQvZKiSqCdM7GN9+HaDWY7jCyQROBLXSUC3lYuIocisiPZHJUQngc6mUz45R6AlaPp+cCqy03L2p189KIddRV0DCVsY49y9sUXrrY9O7Wcj5yX7DoxEzw1AaSZqKKQMTCeoQsFnJ7I6WUVFe0uIj245pHegzzXhZbLpdb+0nMGBBzMoGgdNhUoBWPC1PWMla9oSgL05HK/B1JW//pUh34N1WLM/CZ6nWp2OyKVGvyokvWvrcHRDdOnGVWVcFBYOGUPa/qxrlYsuCwddPKPfMiJC5Osn1Va9ibMddpdShISAiGXVJtLcUuVsZkEfUmex5K5f6amXyoJsVccT2nEyvC3RToAD7dqjM7f4J/GzoMYH0t1XUnK8ZGxCzbXJnOBE62fNICNVuhmegshzCVsQGDgPXbBh4sisZx1RykWUP9BZccKXI17eIHcCVLlwH0PE0FBJ9DDrLtOKBbSRXnSbaHvDP0iiuf7LOKdkPFnnCl1GKV0ZFd48plqNVK3So73bmY4Ou5MQRCAaJ6Sl2YaktuEmhbdexuqjJP+AdrkKC7QMIlizqQxgnjYgtMadsTcxIsQ5qSW4+6Rhr1pQjJRTsGGMXkAkIpci0Ml0FLzImj49AE8jMjgD+RIRzfkEITMinijTznQsusC+dNGUbO3CVxj0hjti4JelfptSzGEU4Riyk4LAlGaw+KnBBwPQkPq6qSoBvIEzesIUnHUswOdVfhdKVuiYHxutpAXRyOGZI4UwdPBLbDBLMw2AGmDxmoYFEYPNUy+GAfE/JlcNVx2KxH/79TaLCipWZXTJTUq3PmKfmMN1178Wc/7xyMrSkV4ZIDx3kyAdQjiM+U4AhW3LpsuAfTUCA4U2ZLfsincKLQmjsRxONpovHTaZkMUFgdmhzniDAjg0c6iDiwd+kcXHimBCFHZUHeiZg25sO2bXnEAdJL/hYJA73MLLF8U5ukfmknUMujeyA4hb/kLC6DVMIZm67zdDdfEcslwp2kAb7xjHl+a9OSUJHgwi1q9PAxalAlS45V0uGFjs52ZF7pYg242IWce3DZ+VFQtKCxKLH3saYcxuL7q+BWA13ZcpryuqPAiYlA6oqBckyqwNO5gZd0Yg4/++wyMivRZFCWaHrctF7DQvel8QpkvH5HR9yRzNDYLIVZ8WyfwrVBRxQSiry8fgXv8hEtljmHfFG6/6JSYpiYeeNt28drx8maLpcAOs93hDwbTMmaV5j0Nag0v1f0WVy/iEBphf3mFTij38NxI6uCQpm9IYjPYqrT2TeVEkNHuppF+9HVNVNT+f+sIgEx8lgc0pkcFRRADWdFbYXz/vUcahifDf6aJx3R7JLWLNJgL4K1hAoaFeMu8sDQZPdu0RdN/Q6Z5cVLgXjJh7oGFzlj3S/Z7T1yZ4/A04k1pWni3PVHxJKsuAkakZUHqSBXk4CNMWY8smvOichu2VA7mZOdLK03uWQNBIUxeTdDxmYnoRBYMSdTwJAy78g/3c3FxygqrCflUjw3B457mLRIiwYGxS6LoEUFE1++lGMvdNZDUU7imE28aLDunJTEl30LFcXQQuucSIRrzg2x2BtI24u6TB6fgnBcyihDtIsH2Hyca0fZmsV4JVzljXljWINyVA00LmgQ6WscHNy1nkN7iKydzY5MXhMqzRW4DCH+tsSvhDPjo/nbHGzRhFjQ+uA19S1QM3rpZP/oMRPDh5fqVhdlC1NPjGn6yiVFq9/tVz+BA6nYn1D0arX8BwFj7Fijv5C62X1i/YVwzCpyQJK6koMXsLfzmZr5Ze2/mz/sTvG+ABhde4mZzdTABWbhOlNzjS4rTJHpiXBKtk6nmCEA2NHTZXamsnERvYvmghGVaRSTSxdG0TNm2pj21z+dy9FcxmrMDv4UZw3JWRIuYSJ6y1W0EQKDfLEMcLNOuouJ7eb80FyGmZlpH0ZN15LYfcZLPBlDzjGGVm1AOGcqSrNsUxMpy80u0hKXxMM8GOwUfCZoTEzwWgeLlErDa8zIQECWE54Xtay+aJ/DXjj0aJHmNKLiVWxW5pbVkYBzRMmCM6HJiGVRWmeYyK9YP3BWkKVkTx94v4ZAfZbbSr/QTE0dUemR9hhlGXTsjyNhwaDAMqesHjKVOMdD3BcDUPuLAK+AlkjSH0xFpktErDtA438d+4iiX+QZTjCtwHxcZrAX8umslAZ8RnK2OH5ayeFOBH7E8YZixI84ORAinl+rE9ehg3zhnjq9ZYYsTJu4YNp2rw58NbtqqX0spnCBAFvu+2DF8pwgneg8yosJBx+aNYmNQXZ1sNEVQBETNc/fbBXEoizixPOp7KFRzfh3vLGmUSN/wWPxiprkf/R6nJbAZI1aaOxKVrB1wUhI2nh/RrJHrG99YEM8JRsJsRH09EgILUvVJ5MZZ7BUgzTiLA/4sxAG7UD211zLKFKsp4+DBonZIIdX6S1b37F43ZMWqPOxoTqTk+WwDwTyKYs1PSUh/RQCPiMznKQgQWu61tZ8D//UPc5bF38cffJlRO4QgtgUbcAqplRNNMRDx+AiEMoScSPANMwYHVBgzlMyfJS6mgJhRSVFftlyTmbc2oi+u2hgFW0Gx+21AyvdW3hxgdGEc6FZXbpj9NbZaxodLb5aEpr9Ol0jP0kn3HHIKJpIuAgtiahwImn8MTJEny5Hqjhcfi+5Cx3YFfVhZR6orlTGgqsZT4AHxpCzfRhd7D1/EVsTnp0UVOFENoOHmjGxgYaeqPx1GS5XEf3DeJR3D7CZR0XpQpphjTnJDmiBxZ+GT9IHhYygav7HEgZXm9OIYN/rAu3Uq8oEGFPQVcQu82Y8Aj7A9xUvKzUF85uMQ0lIqThlSDbfTWlGoddqfzk+Cr7yIDhTw7NrPhDRiHPX1dGBa1g4mOATgKOztwZ8ETpSgRiWV6CXW9QZ/kKE9qOmuTsXuoL594A2pfPRcHHxZkefMiVzhBeze9AzJzaeEDp0dUyzDXeT1X+KeetBlgyCO1Wd4csAKQtMcppTzkQoCf3lhXpCGlQgzTj7bpYVV6AcXz4uLOwcUL+AGNoL21Y6LjJtMobygJlKTIWsI61lqfR4swYoprhBfIrY4v4N/AB1Dqewo/2uj+VEz5B5/gesc9F9x5qmCGMZ8qY5EdWrMagqdsyVAJqoLmtfCSTv7KoN44ZrxdXk7dZxEpniBywCn+3c+J6iRCWotXCdmMrdirtTTGs/FDAeQ19lRrHx6ti/m/DLF/ZaT3oIajK7kAsAoKCyYxN3p9tx6OHC1TtRJRGKEapix8lrTJ0uH3P4WONydYPUNmVil8lPPrUKjqm6FCK6fhuZc0ncAEv/aMf1eNZDOKBKrXAveDVxU7Z/3XG1YtFK36HcZP/aG2mfDhmZ/lZBrNTbCzoyVwwi6QOYOZimbeON943O+pbZ4styMWcXFA2mp0+ZhKsYC81idDr84BUQdpqVzmM57bXkXCCk1BGerkSVqWsonJv9qzjqvKtq9rSQY3VgaUBZy80hDHhKO7+T6ryWIyYnKWq/ePjQMX2fBvGYrBCQSuBlZUR2jjKpTk1K4xDzumvc6FRZW4pWCI7n+Of6uUsFejNEmsXhxK24N+elMIP9T73a79j2sF2ihc7dFkTp5TklrjuVqlF8aWtuYtJ2nQhFS5w3iI07cx5mv1ej9BmHoBtQ3E8+5+k7pouOECvwdWXdGusEOhpImNWq01SF+jqRVpKqn9AxyBYD2cDl4vXrExfKYjZh0ujq1yU/KqcLgy7NEUwACndksWiOitMmgX9IM48lTWWpOJ2+bp5mTTh+Fl6I2CndtUSi1kyMvcDvBFjXgFNRkAaM5RiaaXfvIHoxFYbntDOJb2mMrk8+l1Vw7YtRRVmmnSgKIwqWObWhBncBScoOPpIwGkQsWV/7rt5V73qTxIEVh8P7MLIZrKkGxMABO/BREk5uQLd1STE1QrQpDuuCmZOuXLKqPLuw5mAAM2IiVAtQJqDdYykJP9MWhqEOYAcIponHVlV7R5RdHcv/YL9xOmA6wVCYAQJ2ZiNDESAOgWJm64YWuEsUnlLIYZPLmEgvjeHQlftJx+SkAhNm4xzmPb4hw4fY0/WcHoS4atElDW3WGKClwnSuvIDejnnEnyhGRDR23s47jp0EYpX88X0uiBN0qBhYTIiF9QfJ012W+ZLniuVUd2VzqLqKFFEgYOjxL4fFBZXWjq674mB1JGi+qhkHA16NmEXCUAwrAxR+lqI7A3HnUimUs7FUW5PnyZKnjMIBTm8Im5GHq7ZGIabDgSeVi3OjYS3Dni9f00EWrazBjmuW+A2YkkWzHZjNQqajgrMzugMACUD2v1RPZ/KUfGhhUgzadGm2+b2vYIPFLFvj1a25mSnDDhBkaegb2YvdzNeTnegtiRJbGN65DcNyH/jCgHFMpGd68VIWHgiSRb+gllUSK+/udcctihKOMCn5T3/HXkxCRZIGhdGZmWi8hBMjhvjgg8Ha4UPiiJmskEQoOSof0BI4svKMff6cDQtn4YjMggQX4/qnSGF95iKKhmWG/YThQkmAYMN+5Dt7x8KxVcotJChG5RHzpWU7Zxxc2mlZsWMPCYI3o1qGA6lOSPxshWq0gZjbJwIQnYarSasxE/RKjgPRInhMQ3IX9XmpU/S/cHG2jmh9nqKWtvZw+yZ4/+BLti+1RrhTaxA5RMBenRqwinFqvN7HmoYp+Ca6B2yJMnEVKIj63H4Bcsld1o3JswB5nvA1GgSmY2cUiRKCki/hnxSCFLgazohGXs+ft3JcdfAI8iAstvF6Kl71ci4PKDCPoif7cjjiJ/jpsJN0+icRwSyjXHEgP5BHT6MXGcU95Clq7hq4JH3Z4UyCc436p0xY7bPdXfayNA/SIdvGLKmzvh+ZiTcyN7KDVXFl8lPXHFw4Bd4rTeZZhvLIRQGY36qWIBuzfHjLZnI1GYxcnJAg8lca+EyvRH2hfHOXCgue672gq7Rqvphu50inzCrhV8aT8dTFcl+75iPYRpmu9Mv9lf8xqAv+o1JqWTBnjosySpVnlxj+y2X5LGCiuFlyNSG8B/aaIQtJuALVxM+5wLGPT81SU+QJAY4nlTNYRxfJ8M4twp5KwpaDv0/rXGBoHLKssIfxwi8R9iLLbCVWHc2ugt8PCIx7AVp0ZJoVUcWWceU6nsSlToxy8msFc1S/Az5p7nUmcdb3frKtHR7IDRcgdnCVMGHdQlkENv6b5TKrN96LeI96wQyHcxdVVJFxiqUcmbEHUDz+T2TL8rzHBNVbTb3GKjUbtoEEIq2sZQMeIrDIhimnml485dwY+ESHMYeY0yExMe5ka5CqdrlHrrNVVs3p0ZS3H+3CRMJPRXgRNey4Lvxps1smn6sANJnyNFyJzNxAyqslzigNVtWuR6I4CXYCcVqQ/D2HVGEXuDr1NTQFTgATDubU/4OJtTzWdXDOdtzcJqSKI1kFzLIsWQrQ1BeUhTUAVIzLFAWmSkFzqFfBcWgEc814dUInkUlaCTChXQdkl48YGoY7+zCFqD8SlbKJS3MHZjeGdYtBk/5GDLwLFkRWJmJHL2eXr7Lj3WdrEy+yNk5xBrE+c4yQpO/j7Ve2WPm19KvEdYrMBgUgfjxw4bUMKuZYQ+xzGp0QMs26zL5jlRuE84i4kKhDjKT0HxwvovvQLxdM6NmkLJ3arm3u4w2vMRuJQjhpCt0WWpOMqugJTSf7eSlVE5pHTAGxhJahVDQHHIjktC40YaIGvP/QICajZ16iGm7HF5dozB3HX7h+MUu5xloGkY633G5V6M3BRgH8Wi+3xMoQwBNn2gKyYxvjkAScgasz9uFuZR5N6C5O4gy5JHPGOSvUHIZNnrE0TcFZjEC5k2bxK4ILI+6r6jAhrPZq8XFELuRrcMLerWK/k2uceFNKdfRHoTIXS/cTf/znRB/YFQ72Vl+VrwyKvqNiu909EnHJTA6L1IyN+sYzgtJ4HgCRk14mYmL/miYlTob3TMwKPAQaRwk+DAKRNB8uiN5OpumpptA/7jcYJMC1gl8WtPd/1SwLQdRY5kWC3cZ1lXMUhrjjJTI8EQ6M7sbARB5yhuqNPokbRmmaDhn1zfo1NRrLMRHSFhtg+FgGHDGgDGMnVGKzksklRTNps4ZU9I2W+S4MqaWFjJXRXnY0ufR3nsQj/+5V3kFIxtwldkLQCAcdGhtjEk8wDPVhw+jOkHHFQcIGZBG8WdYFk2XfeKNY108oGTJs17vZQbJ7wHoJyNymw0kX0x6VLFr9jS+pDb4lRcGu0j9DLigbypVSJhUJs13Cn0licZOIbzCueDszwUfsJg4D93XIIRK3L+oElZWByux0GgvIswqj+icTkXhStpkvrmjyHgLIeUzG7PZAT9LWrN6jt6yFo3sFqf0Wak0MygOZ3VnX9i3kXZnnMEErrqa7gcNDtEx0RR3SGLjHMRA8oxfrYLHq0rsU0z3bwIIJC4Tnn7X4KXbD/ykdy6Rx4fezs64cccatK2Lpy1SAEtvJfL5DcN9syNst28Qboji37w6WzKyx98VBxxCNiCh9l3XTssusceVPjntrZwNlwsFx+k3OuOqYmpVoJLB1nIAhcjUQslTI5yO4Q1JN2D0WwViItMfPFHKU2grnhZdfIZPCgLR0uRZgG2hcR0VfTC5eNB0x4HVK0z1jD9wXBnz24NJk3GBGI5n0Yv/I+ivxE9yuRkOROgn9DZ0x5Uu7jezFcxcEOOp0tZkWfJDA+8M93tglk9UQu81j+FS4TkepJqs4RES2lUeP5C4te1lLmy/ubNbNXSdM9GRhROzaJVPytMe+PkwX85phkogasbXHTB/DxDrinHzOvXd+JXxQsa/sRYSuZu7H5C9WJDM4KUAYQVv0cGGIKj2+5riyy6qZWTdDYx+OQLZZAr0ikJ1w2B3PRd3nrvyo4NJsZYADRB307+Pm+ln4xR2uaOchHjlWy2nPmpCc/FwvL1Ei02JmveApZbpEDE9WXLtH9zo8eT6HkNxvrWM4mhxDuLXAthcU9hPLaygNE8frky/3sVOB+rKA7YcYgVW1KOdSAMVbaHiren3J2iRo4YUIWn2vuz31kYT5NdixAuQV0CAMfo2TlWz4l3jw7KSqiaoj/mXAELAtzxGD1Y+VBq0WOSPGuxEIQpiBxeSz7L9C4UpBskrQNY1LHL8sIluNVFjgkpcpuILcPk2ih0qvHeGiPHGxx3UvHMIkMx5SfCWrPsZAoEHMVwnpUx1V0I1IQKP55lMKy5hcS8yiyhehF4iI7NjqaZgdBBJ4OJ96FbWFKMZPqysySirzEMseky4c50G9RKHDjLEsA8y6U9SPS5xMAENknMJ97xYnlbjPeFGnVGgM1y+XM0uqY9oj8Wl4BG7Xy7syRf9F1ZMIChVCWQD2cxALjnPlyRISrKqwx0lky7KOSTl90NwvVGY3H2MjmFmX8VeGS2IyhQ399T7Me+m2VzObaqVl0TRVzq70bSXYGchcFyiEh8ZkmXiYUbLutm4o0+hLDPUvTyRbd5TYcY5+dNf6BGZG7zvqLpeM15idlJGGOc/8xKS04IDWjAUaiBS74xzzeKKVeniHEE2N5/LnilCfMBJ97l/5DL3Z/FPomhA2NcCLe0n4VMPeq0+hTe0cwKIvBzgJxVweXtdljQOpGS55zsnhJKI6QSs/FTlgHdFEI09mQUIznmxI2XI1F6Fo6+tSo6jdlYbNWLPLHA2nk6NVAxVDeRm8B+tpNkO3b0WicjIiNvFEpFsfAiUkEBwJaEFBdjawGf/qKIPyuDiefWv2njjdl4L2GGBMuxgwBhtsFaboTRZ1pShgteqVPJnNMqJL9kaWUL5Bo0kWPNg2v6EmyWfb9DK0mTDBvWyzv+ua6KxjGKTivYgrwCrSCDRpt0H+THu8EjTaCGVGUb6YTuQGVXtQg/GT0jR7vOTIF/MuV6xwgglatlkBwdG9saNpKK8Kc+UQQQH174ycWTW8hXbSLDnR4KnKKnMyViul2D+AvW5EkqEWoA7dGc4SiUcjJDOcwvjL2JIhJi39p/iOMPNlXS8MB3yZp8SoID7XsxcBSrTg4jMobsV1wVOQCbscRjvpoQhkbfYTi++0O3czFX07RIh/Ot+CL0iGZk87ljI95gMuxXET4Nn0hKKmiAuBzIBA7mteMHC2OuboDUEtwVqX2CLENCPgFh6mU0osdobIRgEMCo6Jlhg6qx4mH4zjLrhSBqTzhDMxb312GXttnnhR0hckrsRqdfHKcOciHFqERL3lzihlEHzhSIqw6CvwN193WYrOb0ZvyNpSklY4JoJNGs09vAbOe0ViMV4J9iJLc6BWWnC6XA8udm2Udr8iwfZ37NQdB26LKGdlsBEZO9v3RtgYE2kfLGDH4XwBeLmlJTYiF8y4fPJa9ZTiKmzdpDKV/eJrECdrc00Wmo7kKj0pqTUemopQO9PpTPbNKs0pDRhCW/pi9i+MKw4znqwNF1iJ2R7bMr2evmi/E3t34oELocKVxzIal1Ubjgs2tb8TuDsCF1kNBwF9YKjku1ergE7fggvL0IWJCx1GWYRuabsHNM8lvKpAUKK1Y9/nYWaeC54UGl2Pmr9+GdKPRQwhF+3AwkrrzRiF23k11yVHZqu0P/T1x35nqKeMOOSpLPNaJouhsynwiBFfce2NXltQ4Z0v3uHhoEfqm+Rm4BNNq3/c/fKk5HxmHb7OZZQ9sMqWmT/73XtG6D8nH5Q7LyrOozM2AykSiwSQdVdP49FS9Fl+QgHDCgP2dxppxY0iCBg+EEwd5NOzg9cJY5qmMDI1FLwn1zw6lndxIF48G4ndM43amSHJkqlLD7OXJkarE8tsAb48YUK5wmreOpXFt3/cpajo4Bk+lKSVHtEwiK3+GHnBRCwbze/Y8FkO7edQdjevmytSc5uLBwY6Zd/9MBRvrbAtJNl5qTGiTvrc8SIBMy2lUd0RYwHRtXvYp4hyUoDYlyDQiAAV0ROPUPwKyor5dbUFDC3Ic4XtMlvPnYhMs9btNIdnIGt5o7pNojGEqlG2w4ouDU1npUjLogptNygJxjliUpOQnKNqcMBP0Rkhgn6FDRgFBy6L9TZC/Z2B1hJn3MWGg19fWTBJz4uOAZ3MdKyUbubJjm1ZmffRRrVrNBvWHFpprmb2cs5Hg9QZs5rQuY3/iKi18QSRIg+balw8pAuLTj7yqJx9eB8GDcM+pJpAd12W1PqTRYwSdbAUjKQs6UjuRmCTyHyLqnkM6qYfaAl9wQIY7ciLcMwWUxyxsmOwThHc4AwzVciXRy47qhkvpTDFWP0DUCU+uNY0j1Uin5QrBO6FG7B/g1Ufym5RQemQxujrA8WD0qNN0fEB7vpBMvAL3iNbm4KUXZ875kVntiTLoEmccdZ5EGBk4ZJL0xRlKYWvbC5tL01yq1624bHivUc80j4SBrRFa7W1IYi0NpL9SLG3ItaP1CUlTamIRIuLsw/5Qr+kt8h3i/i4UdMjsrqzhrLAMHvYIcAoAnmYrYpHbmivmChuSynnDrOV1PLikZAwNOeWE3qxu3gvcwfMXVqGgAYnGI9j1AhZCWJwKj6xHhMMVPrcRHaAwgJV6KdjWrJfcnAJKAL3OLsx5iidHINNn9AWdMb7GdGs04ZA6Fil4nhXRItSM1bMrIZkGm1vH/88BXmjjmjcrLKUto+FTBbRTjf7tfFy51qQBBuShjhqy0znbJZLcpAt6W7yMTOEUq4ShPlieSz9WdWRbQsAWCVzZlP8MxcL8vWdnBxNwoou0Y++9DC3FO4+AaXVMzz7E+QMwCU269izxruewqlVYuawCRYCoCTVBVtKvZ4CKTQCKFpE+hW8aV9ajiwHY9eGXr3fziJAwtYgl0o97i7CvwT2wsVg45UcLm/7XQszrhHvENFywa7R0UIwMzWL7wP59OH2nit8647aTlZxSVedr2LUEuIZDHsCzR6IJ6TST2nUznQ+9fVPkZbiJxpufXRVtFDyieNeRwBua0RYpcJ4wiLAyRKQXle+BJxSU71Uzr6Tru47W/IqZU0VijxrNiKMtkp9Ew4ikuMZhTneJVYVIwqtn4/JxSCoa1xGCTX5cde1KQYbp8HZrqmQEI0V8VIQaBX+6LSYuFHDJnv78zmE/OPKhL8jvu+Rdz27w4lhNI5VOlwDngIwdN+DbVD89QAmTiIjgdYA85Op1+C/Qs6BjcFdR8tqOZE/w9V61hDnAQUF7B58m8C5TRbjeXIXozLj+QAV7JePsp8+WRQ+8zBYbAgdEyXmX8b7fuZPfbJbEDcHHKA5K5DgiCeDklOSNKIs2MkCoLzEd8ntJ0RkQVf6HAAKmpIcJBZ1Lcb1RGFv8B4OdTCgoDLUPL87318pOqRNm9nw2Uk0tashTIis+77T2C+xyC4lcyBLINlUcfZi+nENqgjtGoC8ZsJOZ6CtcHUUhURic5jBBOs1Ho2EWGjbZGOa2SgiPlmTD95V0fl62QALB1/6cY1Xu3jMwa5MJwi0EJXr5GeG/1qOdT4TOL9698Bw02CNiQuEFijue6MKvSW2M4Qie5/QCEkm2O6nPa5BPuvntPchJSHXDFoJj55UdJg3D0Z0Yo9cLe0AehqR492BwNqzjrLUpTSg7PslGHBaG5nrl/G12c7agkZ1rdHpROeznM9EJK3asMvTSWLnrqGCv9qXk7epsbTABQG5Ymd5vqwsyX3X5YwqdxKJsEVRCOWArLwIs5jKnE5yOknnOoDwil+LI9VZZo9QHMCaZSglgT8wTa/RA1xIuSWKArC9VlUm4krBMaWhKLvlxeuPCIpzvjOQuuYIlnRmy6Whx7+x5rUaq4wHksY/FTsWJZiKzyuUwlNj7H/jOJema2+Uyya6jNsroLwOnmUkW9GkrAKSXYz2JyKWxiZAr/FtmgGy7JIPY2UA1mwPw3QUw6w3byIqVx/HUPNNo8cyA5bMUwG4vxw+lImtsDTV+UIqWCK/fgnEqhpasqROU3dTl4xMVSMvwRrMHcwdCBFBcYiq1GuQqY8DraqnEi2s2L+qKVYm2C3c9u3VbMVUcyZWU6omFJQRPVQTEeG0Fq1tHQLuvp6OOU+Yr5QTUTJ/v2+Rk8Spr4uLuwlhCXNGr+9pSUHJjvzg7CcSZkb5oERE1LwMqYPGSmqB8KJqE0ZJzCl4xePPwr7P5CAt2WJoKdGErzNgP2tFsD41+IR96p78DEbA2j+jOnn8WWwyAhmfDuc625Tig8jGGT03CYruUHVGfJhIbKMnNBy3KfK2qKrkajHYEuYkAGgtoSDvyBOE0b5XI5I5d5lpv1JVL15fKXU+sJQ+nP9wieLzECZd2llao9aoiRCxtMCSbuRTwTfMJzMH1QNUkeED+ViXtM99VaTATuNCfaXLCocbOgpFHu74TSLnlLsinW70X5oMS3iMk+OglJfsfIiVFBSfWyqF0Ch0olcCaVSj2MzRyGzAbfTOL5rhy8BqZm8ePS4F43DepeJJVEzAaiq+pDUJPAmL0iJEvG1ktlo0BY1xgm4BA3BlDJatX0TgolcKkC22qZkRhgZycuOypoDBHqAT3k04KEoWmkMIBvpMRLDyCFwwbTXtmOfLHg+RFbEwnqCoVKK7H4wBHfURCiYDVfe9RnuWxkowyv1K3lb79UQ08Edh7Lu2CeHiKFWmdyOdTU/hJKvwrDWZdzF1qmNdaLA6LGlCoUqRDMf3uo3QNJJjyXEYOI5iaJXGd4N+NlF12BSuQDmBewxYDn9NHOUR0mDKpeaSTnaOlexfF+AVEK7suF/nkKdCYDbrKZWN4zK+Z0V67MKpQcRT2W5LL9oBVdOHY/3PazFTDNqEtnF9+FGhJjKeNeK6VDqcysoqRiXZj2b2j5UIvTZoO0OEMsFkaF7DoFOapJtd1114aoBjdwir7ju3ZszWyi45spvnftlzMctr9bmosCElm4EnmezuChQQ7+9o8d4twHXuhg2KxBsxvRh9rpLP0b//CXE8My/CkpCp7gw6DRLzhAmBGIJUY5uzfhqzeX3LgNFupvoUcLp95MUGgdBSiEjauT8JMiyk+KHkFweoZ4gAagqm6bt4TLnHLgrzgHNl0BM4T3nnTbB7xkGFNj1wWPXlvOgxUQI4oNaZg8uHGLZXH09hjqbrXRJ2gC8J3OmijmlHQZiZaRF/0ygHFLk6w3kN1xJPjSMqP+hF0t0jZwiruu01IeXq+nVGpLsow6qEc3HQnZBgFQ8BlhFYBk3z7z3Kkoe7ggdfSjCmEMLgs7/aCXovge5dQtCpz4i5BtkJE6fU6+lGK5NPvFtVCRVT58Ly4YUQgAPkNBwUYpYqkFL0Xb6KA4tLZTGaqnFG6xCPIwyfiikJ1Rj3e/UPx9mjYSeJyiyDNinGyqWvp8kGV1nHReVJli4byoje3N3KBrLvjeYKWWTwsrgC6trvMYUnxYd9jNWI/k/S6SJPGAmqD836YnqNjPQH6+tLROhMfObtAHNHUHEbQbZW1m1HE1tEXNfVVsnnijNzrbdMOCUsCFxl3HZk4JpefiVhcgW2AW27pU2R5I4Q+cQFUEun2CFYIoQhQxplIi9Dcz2FUp/L6ERp9S0HsX1rFcY5o6lDkBwymvxglTRYtgl6L6MwqJXlijsSI7lqnK9qdaawA68h1ypNWaYLLUU8kjSmm2VAUI+VBBUHtKVlmAKrOjHZu+wLd7NfNipdhrVH+d2xG7Y4ABiPn6NOE7SoN1MqTcn6C4oKhgv8jlCkETWxgp90MTAB42FXI+tGODDI7ziaoRWREeKbuO17unS3bKxxSniASgky8x6oDJwPnxujkclwYHhS1SnNwFNJgpHqmknG53pNspN+fWEu6Es7apZGuS1LTmYeI2L7tqc49kkIa2Xqhb0L67zvDhuGiBOgk9XLnvW3WFYsKtlC6gRzEIpXMH6gbLoRU1DTYOR34i5TlVHJLV0qugkX1JHcrtJOxuUmHAt3/E28wsnqRoCIyB9Bd0qqAMYb+xJcpcXorNkjzauCsZkzOEomNnJjFWAr4sK0WNXVi12A61wId1gsHO++HZjNS7rlghoNHTqdsN8HIoWl0xbJgpcyoypSXZh67WRWnpZdLpaH4CgQsONIzqzkaS7VAMY6v2vX0ItkJZWFc8znkNb7uDBALMhQnpVCn/g7X5+Hs58W0+zInFi+PpFU56tVm0RXg1Qh3XbLuAizNIQTOxnzKgpBBF113EVDFCaihzCsYQ0IdJ9hgYioR1uiQtlIWl8CZYSvJjiwgLxf7XJK01OeWxQG4LPw1BAW3mWnC15Z9UVjvcr3unYE474Y0ZhQRE7MYDx86DxUZDFPe34Cu8CxkIi9jRP5PkYHXUXwCBMS5trED7okk7zP4WuPHZcSccj4TBBmSlcvMFM49UjjX/3ragTPf5bpsSqmChVQVjqV1xA655Qy3Y3fCQyKWdj+Wg4JAtA440QkowI9KQ5HCxb6Qpy0EwXuhZJARQc4bzI0bk9FCo3IrAsAYzXMpTh40Z2IiEXzXPWpEQpITNRdx1OGpHrYoqqcqd5xi8tQD3CW9ILiVKUlR4BsXiJIlmk6qnj3ovQG4+fmbEIb7U8GoUHhLtUp3Y04XKtipVea6zhF5p/t655Ti1c4dLZqxGDveE19uUulX7RX2YewQcFgrvK0zKmjdjWq+wGYor00Wa4h4GcrENM+BTDRId2lYPxFvLSzIsrgTCOsKTKPmlCCxJh33JrNuWVdbo+WttF+2QKgyN5Sv9mzREfvNcvzMpKXQGfp2kgoxauF0dCt+wg8MajcKwEbksWWSW2DRh1qRj8yu5XafPkM1vhUx6gWRCpyQrvvsgHQhaPIUXdKTZijMfNEb79GQMAcz+AXMvSeNt9/XoKQfTEsWCFaQ1JD45jttty5iECeNuRa4X8Bjly3xzgCvIhbCrOSjStu4Q+MyZ4KNQQV1CQMDZPe/xvfVGrS+msbmwid5a6dmzZze+ixC4wEExjR4XRCF6cDjiuTlpFrPf1xTWq0TE31tre7hO1qOIkNviyHRD/3mlnkAL3wJ1fY3AmT6agjrSuQDMHEgu058ru0G4epMJO81vMdLOeUwC6ga6DptIzSqot5cJmsSsYBxkrrS4WPv1JMdmN9y2/3YcYSkn5N5GmsMcpimQUBQiJLv0RE3F+XL+P/gNZFI2y+lpm2+MGqXkqUrdd/7L8q9fgyH+XUoL54rJBOEAhxsQFZ8gnbRtkYO9YAacVPzmhUy6CF/bm4LXlC+PrjKXzQuq/M3AVGXWH2WSuHFtWNfRwWbVeoWwzAPkERW++urn0e+EqvhAFYMsr7zAlALOSZyy1VlogdEzb19YjBKpe7TLLIJZmLjSfEFL11XCTVr4QwcxlszxNdwtxhz0UXz6XcSdQ1yRev3PeOUo1rjCVWuN7owsyK5ELSrq6LufyPk9cWR6UKyM6IVYNZDecrq1goFJs0judQ8CtqchCM5YQ2HcdRdMcX/o6Vs2GhbKdNYYDKTWsq7IwXJKyCIqIZrSkMWpVCjWUXM4EqLy+YUgT3V/iPwHe9co2AltWUftavGnxedMTfogaxz71Xx0V3JiSMJ6AhLxzaEgfXADStuoiO1sMlasRnlrP0lyfJqI+IO4YoMyH9FOQ5X1X+BJx5cgACa4ZUytsK2uIoha1GEr6rIbpNiAEIVY67lNVS+FODblPGdRChkh6bC1dSnRofkfOyah/OxQcFNQrt/BsG7v8WxiS1ZWaUB7PgvI4/VvQGmJeuz5Xa+RDgHnr3LH7a2Kpsgn13y1466Qahz0ZluyoYK6O3KtMOOEypGUOwoIWJqEdC9ghfWl9KlsYcAU/ojYhxMmwCNfjS2g8Ii1nvd1trMVm1snHZx8fKSHafKGPXD0/LA6xeU3+iP50O6baTiIi2g2wHIpL+OaPNmKI+jtSg2xYzNhU0MfTwQ/TDge7WqwMJXElI9rM6vYEtyQuK+50ADTFR7zSuA4Sdsp07xUBF/Gn7RLukzcIxPQ6QVmtx9pFSIG/p4pN8zsycY8GZ3mXlipdt3MKsFdzp05PxJ8aiJNQXRUV8t22x1RknPhnfhKfoXWf55dc0zj/TraDU6KpQ6BNAuJKzLxGaAIqmsoO9IBMrxBx46RHgaaxVl4CtsVZwC5Ja4hkN3CYdoaNpmIOYrOM0CQZHpE0wKrtR6k4KxlKDsLwZ5SpRlBg77kZUS8szXwn0TlTMG86Nc1emoNYr753p2tPcEE2c4UJGUjwGw5tA9B/XYOVHmhFXE7CK1iTOhHfpSYCnhIDzRIlRukEbU9owGamW4CQn0QxOt3a36UJtgCLqc5peAc4XTT5IxbRMXK9JL5/u8Lx/eSBuxZUqbt+VdYG/3jg1seK9qHuZsaqlNmkE4x1pLI2lkTRq0mGTnEnOwnIazc5NTu10Op/Orb/h0cUz79PICGSqL2ePE8rzzzo+WGdBxSiV8GBKmXSP1NVxvFhq5k74chErKYdetM4nlSTREBgiFY8i7/KAkxKoa2zzVcuhHNi7E55eOegePpecKF7ZQX1Wc7sx/p3aJzM1mb5+sR6Owf4mZ5nGKfpaBMB7UnfxcYy5WTQYRUQ4Ge4F8NkRExfaLnObahYqJjqvSjESIiEWvkZa91R2vOS20fk8/hutmQ9HORxo629k2JiIpLGcmU5M546Bx4WOXzoJBpqsz27ZxQzajrUBBYxhQN3aUIgAZa2fi6ghHpqLl7em+GI6CXkmbsow7LIhm9FcZ4ArPKz51XlmbOMYhdDzYsf6uERg8vhjH2bOY3PUfvXY8xiv5UimMtza7TaH2iv4lLC8zhFfDFGe6vDME3GQnG1RrAZeecyBR0L+6ef3SzpWy5vo2q7l7RWhwEzdxTXS4tZ+OIp3fX4Efy6OpXpzlWKEZGcXjVVgmcQp9t9HNUAoNXwHwHEeV4Vcn+7oe69HiSGE6VNdjUd6M0Il8aaW4XANYY5r9+3rNXWya4TD22AtIfVdVB3QSHE1r8gfCV2XOFl7hWzg99+RE723RA/BPis9diDqNbCQkwdwVhYaL4GHyVJooiPRaDpEn4WpsTwRethhNgsapL/ikTlYmyry6CsqEJQLwduSEmO1DDZQT4RYYQbb92DLioldq0Ppq6rqEYgNx2VVw2cABEyyoUdoJlpTmo1eP1VPMrOsjSqRdSgVQMyNxUump4ldBsfzB/s2wAja8ofCeMVJdSG2t19EBF49NScVyeYgzjac/eyAZoGaq7CZG7tHmmivWSisHSClQUg/Z8GTtKCtJHZt0MqA0cke2osDCgCJIouNAseHiyZDE7HRTAg2JhwMV8tBa1D1YLFCRWLEAW4mUhHaIRIJ2/YOoWEjMF5BTmgX8zVg8bXGlzUxDTeMkmJlA1+xUcNqfOMVH6Om0z+SfCC5f6DDgY4HIqJtI9ZNt+Mxya03Ndax71oqHeaQkS4us30DGjsi9bPWNVWLovCkoRMHjGOMcsL6C/ZawcM/AYfhu8z9LMYqVqYNnF7plgcyUnAwg5zSI4Sfpo2AZBXb+TwlCDkEUrAMFx2j0HFcRjyTcQOeVpoAjSYyrS4yUSQwfU7e+CebO3CMZofyUupc3YtD8q52uX/Rn2aQc+sk2+YsInNCUQZNpPi+2eRCCLrMHLOsQCx5kMDeUrQMWjaYQKx19aucJYooS3LyN1SJ0GvIokvhT0fh6fD18lONJpcFB3qjtUlg2mcb4LgYdX/kouubL2B0rdcVwlCyRTTaCeTHdhkZC87CI44YSpiHKizt2sMooZUE1rdwOqD1MJeGLaDd+S/qXGeVNIaU1ibx8IhpV45F9H+exgCmyFNRUzwiB0rufYxMqkgzg5ixqhk3QkTDvScKV2++ny/z6qf6gzBnKJSOtE+nCZjdmocEa6XNQ2iZEVn6GNWmYS+rKG0+LodLA8DCpjCTtCat7yuVJszcSPhA53YWJmFp0oTkQIcD80Yb6yuLmIU1+7UN3omovOXPqLxMWVAqiQUhdGkj/pteQDoHWxcVfoaPBgwV1S/aoJWoB1aUyVIpUoaDG+k1BYDP2II/SawAUVkjKCSZSAIRSZTbRM6oqYsLgJD0V1wEUzPRGC1UYV4S4XMOLyLzzwK4oTqF45YWBvdgUf7MkER7nQMUbqZsCdav9yQie+1phGmIDZGYgREaV/D00eIKZfs/YZ65ZGG92doiwI0UQQCh7eFJRx5o1DVyix9A7iLJZkz86jjtPt8uDnvAye2kcl7n9xahx/hwolDEFz8705hk22jbSORMcr45yHGj44FIWBo3ptYGNBE6HpiFti2YkfUxM5lN1yCMntsONUrfjfSfTPrRz9VYyBS3IendP8Goi4zgUNEDeUjwzV/EqgqRe86MjQXk6K0DF2VkSiEI4Ty0lEqwTqIoiE10SdEo0ezcs/J3Rg5yyxpBcaysZZRU+MXAkgoejU3NoYiQtGPqA//UYot8ACsUGLvjhFMkM3HODMui56XL2f9a/IqN10nXVJQJIWK6uEJAUGysy5xoT7HOjuvfR7iOOkqK9mDNF/IlTq8aisfO0JxkChPvKX7RtqyKFMTdHzMEJHvu06SR/VAEWmt2zjAjo/ZBax6xW5s9YvcjnyqFWcXzF3Ki6pbxCnk7ViCRaijNcEJ59iiLY5svpQ23STSYGKsLIYCzlit6VXHNzYRB16FFCQ9jCiqmDA5Adx/BdBcNzY5CzsMZnBn/UvBwGIQQoWamJayZ0D7pWGCa+twlmGuAO0MREzFvx8PhyNuBt+PhcDgctuNGwi/cf+7MZ9pkY6JGN8fjw5v7929ujsfD4XC4ORyPB696zKaHlY7VIZf56eSF89Iz5YR/4ACqBxevkYFgHa621L3rjOcq+Qy9sp2d0dtPjQpiEwI2KSBiEhFx/li4F61EYmA6RuVyZben6zwzN+pOyuJm9dkX/jJN8pN4N4e8O9y+wvdfc3CJQJwSYzeXU4yRWZRYKIrhENl6rJEDTAClZOTiIfAXriFewsmyTrkYoB0tPbNmmv0mZJxT7MMZEX9OTOMSza4E3Y9k9BFiFz/uT9Yx0+HA9+5vD585HA5EdHj2dRsftsPNdrihJny84cORDoeuMtt24EbcGsvY2SJKlFF90ZCHFKx2JT0DHCJjLfKGapn4sziSFO1v57MkjXeCNyZKX2zPdyvBwmEFbPvsni+EB92iSakGWWGCMNTBIp5cqVhP4a5XTecAw1C9iAN+o4KfwljB6AvAukSf2855aexVF+nwhBn09+kOWcQM8/Rd70pmUbhmUlOsa4UIgzLHdbUzLceKFdIZ5/ku4eBfwmFlyqeAWAZ/a0l0swJNU3EtmaaxIgLXE3stkim4dFEpeIzBANYLynSJDQtp2QmuXmOQT50WhTkZvX06IbKM2XIM349WistJdXwBveh7meeRsNod8EobFLUKzEy5xJ5z1xGopTWZ0VK3B7DGOeSeMjkkDt0q35bxyKSNLoEQBbgUNW00CF4cKZnxLp3usZBzWaS6HLvntGoukURaLQQpkIny5UXoOL6tbm/ML9299MnHv3//cH870YHoTHSfjg9vHvz249+/OR7P5/aIHn2SX3z0hS+87pnnmHhjetLao8eP3nz/dW965gWRBhHyZKPh8f2SdwSzP/Ok/87l65hu2YzSxOVyKWznpwFHDRANeLE06/EvArLS/TxwvV7WI9pOhZCPranRPra7sDPTkk4B5r0ABityyVWrKE53szXHnIGhsZm+qkQqKj1By2A1Gyxb/U1IOymQr5gT4CwkZMd/Y6XaxYAZtcwMnjdWsLVMdhlg0spuNKr4BixLQHBXS2CzBZeeqwSqx5/xpRww0hN74eMfE6dSAKeiapkyuAkxBsQUwmIvAcYC/PRzVlY1br2FEBE1eN4E2WHilIAi0t1qCwvDt/bCiK1xE2KSL3yGPvsZuv9MO2xCTIetHQ+Hh8+23/1dvrkvG8vjl+T2lSef+p171KgxnYVu75gav/0d8vwbqDXaNnW2ginAiGNhWJN/5JzfcFpMPGI25NYyso8pLxcEG0apsdqk4OwIhI18YYf9h8YMiJEOMStCSjKjd5wOFT5XmfGqJLsZVHnWdf/oJK5KDXMEtovH9wZphFPKyrEBxKtDMvvfOEvFSumqZB8aufLyuD4Tk353cnSFp3fHBZ+5W9g4jRGrNWO/O1cJTVBHCloEW+NXCgnKcjCITJb/FagUKBY8gVECtgBwBj7jVneAi3PF1m+Glm7QbefzsOpzx/hWQr8F8l3Su3I6KdwObZKpkMJQ4Ja66NZ9lzUOjRQxu5ICIUWkXb3LCYz70HbJfI1vvMNRvPKCkh+lSMR39umoo8G2bQRUWxGzUPzRcagJmmJz6ClCm4+FDoXD2CHqJrOzkMi0yCUELgkpQ0CMTo/xgqD2NADyTzXKMDVJApA86ty074f7BOdnJjWw8BnaL4h6ygoXE9nsMwq9FppjJqO3uGjLjGturbDO5PxiosARFSDC6ybFVPEw91K5QtjXSJJ2Lv1uIUmYG9HMgelKD3I2Ymb+lc/9yz//1/63t7cvt+345O6uO1q5k1f48Uvy6CjHGz687sFDOT25f3yw0XETPsnd6fGTH/vGP/Z//GP/myd3t9u2HbZtY8YpVH4G8ci8ckEdLauEkOrowxkRZmb/mN3/NByoIvTBqSj6apGFKJK8nmsnQWlgvyikUTsOMTDcPywHRuVaj05Rwgv+a5tgfbxBBbHic6nL3u+Kffiu+IvIIA26k67vmJeE/9zX25j42VtjKTvROb4JEGIgaHaptKjB2pi4TLNrpjFgC5Mb0gyFg4hhVIehRtI3inodgNsAlpmTy3qIDEBgKt7ihRxoIW/D/n/C6RjGYV/28GcRfOuo7XyW8/lw7+alv/FXX/q//l8ePPv6EzFtZyY6bXx3s213p3t3dyzH073tdKDDy09uNhKm7Uz8+Mn2uuee/Yv//v0/9sfl0SO6d2+E6Tly0dw3ysluch44cPFg+4OS1uc5xi2xT95/lTa/Jfu90DIOAKaWZEKLSeDourMBDHzIbMEVqYmFbtxIQpUz4Zw+ykylUar4v7Jg+ss1q1cDcEyv2qM1m6Kp3iBIsHITDdEy/8wYWzqkpMe74KXyp6r3k7f51k5sLRQqpDWqk4SEcAkndxolYzv7sXXSG+CDk8XOOy4gyY/7a4IoNL6TOONjrQGBHVwTLdk1S7UAEzlSyrZfrMLUUv1XnldNIFwzfUwlBiAgRQCJirzJfBRNKJRsR6MwvNsiydCEYv6JaerkmxRb+L/iHFKYgLNxZC/Y46TaagS6i78suglUVZtAWnSU6BJ10nubo5C9YmbcsdXnWY7LkWzxs3PGnEmeZsNGHQ76fgQLhY3ATYuFFFGbKyUsYaiylcPKyd4F2SJme2lNwF1VvU8ceKvRB407GkGsmRnTmMMUuhCMEXnx7sYoNmojoibkD66MftWEGplgY5VD8M7ohC0REb3zdW/72Ae+7S//zH/28IXnntzdCZ3lLEIbN7o53BDJHd/+/pNHG7HcvUybNJK728fvvPf2P/zBj0hrTc6bvrGIlSyx6ETjxhR2u9Ul3YDeO+KbDly/wu9IZXQDICdTrqtzp44cHzyQCCcMMfDsHK7reW6HIxyIFAL5E3yT6j49qOpM8YPpydrHaGTNKLiR6jKOlgjkBsqdwrpagN+nT6w55GB7Zmc+ag1ZGCtDto+bl/+q6CH1xUFLq7VjlEktQDSMGn3rdNTiN8GBFq77F11I2qtiIpGFHEbJzIQoZmjr7BHd0lI40biFKJujjgkwRxkC7jxks9GNGXAHwY7IHOMGgAIXq5AIR8G43xVOexlA8R8DOJMQbw++7g89etvbzv/81+696Q1P5NQOB2a+OWx0OLZto3aiR+eb21s+07mdSE58e263dzff9C33v/U72uPH1N+LG5nrk5h94BTCGmPn6XDDG0xit15izaOdM3dGZIGfW4s+FvMw5Oa0PQYey4P98baJLtcypoR0OAF/Ogxu1CAigtePe/Q8/DhaWsaps/c7QU2PbWDTDoEaDYF/II0SxCQZsQouA71vNkrWWG2XWXxHRjkEmbA6FPM6yBlBk0WQs03cm41ACvn7hmRDikJQZiIK6xnRD6YhatslQuu8VIfIPr3EP0xTir6cwvzlIgNivTwYiGPNtIDpCNgaHo58fE+Yj4WYxzpCCDqJaFpIRwQMUOYbcg/GEsXHMrmCt6qUGM/YSaxSAbeSB66Mc+DAKvU1E6W3KU4ZRe6JZG8lMNfafgT4GEUX8RvZ5qPxgtZA2rSIWgUVRQLv9sQmuWQOKosRVWlQFEWzxsq1KK5TVuIcnMsQ3aft1S51liGrIYrSuZFfMceeOXIxChyxgwqc6eF+yyXqUiDSRQekrvPRVCoiKeL8jXAYXnJgVzB6MMMCjK7IAPl2iRfBrLHzobB9eg8IVggOrz6YlXW4+6rzc2mgBQbBy8lVmLhlHIyQXngXkSbtdcdn/r2P/Jk/9N4P3jzZnr33zEO+9/B4/+F2uMcbnU/UTpu0B+14j473D/fuH+/fu7l5/f03/slv+SN//H0fO0vbtkPmbN+UYE8gBapZfXBko991CMQ4Z26sMx/JQ9td3xb1GY3dHOgQgWCotgkleUskZMKUgkjsLBVoNMNeax7kMSJphnjmpPZxxER9pKsEEJC1s3fU1hWyqJvxwpiHoTmz1u+HHfvKYkAKaJHeRA3R8u41A6WLwXYDh73N2hiO7jtMkOnvzuHa7q4gRUsYNkWjmuGzS1okc4C1TklYiNnYb2472eQgIK4nVr5IM6NCJdrMrjtdru3OgfnQlsE+GKoGxEv4xnlDn2eiibZNbm/vffBDz/3rPylveK5tN9vNfT7e8PGGDzdMROcTS2NivrlP92/a/Xvy8Nnbw037yvc88yM/xm97G58aH7Yc2qP3rpRh1qmoi+MN57M66HT0KqT4TAr1bcYV+4T8XQZmDk2El7oM5q70tg7czpP5wjHKfnOg5w5UPT641Bw0zOSaKxzirHGn6JNBGJ1cPjQFgZ/rI4RbAkIYDUWVaSipSb/G3INz81RqhEyWGPew0xBQ/WQA5WA0VpnlFtFJljZN4lp+4aKt5UYmZG+ryZs7hRmmxkX1QNV0Jtm+5LM8SEiGPcFJ+YYhLH4xGsP+gSiPQyEWhSCzUBLwUNkIaGOJdElvHGPvsNjF8aTy5hed7P7dEPRi8pnoSqkB8LAIbwx/f91AFb+phtteFEepKzP3x/13IxQMzzBNSNZwCsAWwELqgVetyURmMLiq8s6EHf7P4Vqe38QTszrQBL//GQDN42kWOyNSnNEkW8HfMyoe9JIdaJhvhDvhvMAcNluXzmXXQfSoAyx2YMIUks3ds0LWKMBgVx6wk4L9w3RC0t8s2gVJwwYNIAyTYm9zoSiFuPLG3KTdne5aa1/7unf9xW/+sSe3t11izud2PrfWhM/CTfgs7XRup/P51M5nak/o7c++9c99yx8/8oF5O27H4AdDdOF/Vyxxl5IDMb2mJKtnn+OwOJVTMokecxWt5sEL8VtYt6c5fIuBXQqhvv6+BBbcGeeTi30cmSIWq6lkLvim4cvTZncFfPfAy+OKUECh7frCi5nw/l1Ohv4KIFfk3gGcr+at+YHxwUizh66A3xLzQx5VWMdV5pEHUtUGm3eVeXORCe4iWfw4U2KNcrNQnxUgBE1NClF3uDcSjb3gGFBXljLTxtTLbdv28Du/9/5HP3Z66QsbH/jU6NT49iSnU3+bODVpIk2EmJoQHQ4PP/qd9/7wHz4/ekzHA2uStBy5jOYXLdPqxKySIl4L3K+BzCiQiY37yuA1tQLCUWJDpIih7zzKVag4tPnWwqSbV8ry6upQD1a4khxcZgyYzEmNgrkyao7UEU5aMoWyyMAgJ5/GzLLiFtCvak+JxhEVgboG+wayEqfOveRamLD+lYYtWyZCLoZkOHrPrxKdM4Qra5F1AnARjf2WyNhQL06hRyqxTDBTAeg6ZbYUw1Wx7Dis/F6khIgExC8ikMbF6gCILE1iTFZAsTnVNwmTtVxUvDiK0t5qGXQZ1kzixWsiqH69DMZm9NIU6JJpblBE+JcPEUEDvttsecv1pabTT4+kVg9sV/Wwu5q/KemNMbjE7imH7O5GC6tmy+qKkocv/YIZuo4JeEcNNRh6aOTR+9gbOnR0Gdv/Nt4cS41gGFqarDKzfrnNd367kEY9GWX6KcofLPIe0+diE5yJNaK7hZEbfjfodt8YoEwQe0CIKKDj4/K0T2AhZyxMp3a6t937sa/6gb/+nv/uF37zV+49uHc+n0iIzkIi1JiYaCMRoQPL3e0z7fgnPvR93/KG95/beaOtb28I4YYhxTSyR8+qVBcgJMl6KF2mnCbPYEeqOZSLWB9jL6MC9v1ghp/NPEI25MbgOvNKT7EZBoo4Ih7hBcuZYgudYlbVgXc4Cow8HXixi3XBtMXRq/iybWjlmfGXQfZtGGy/FEgmfOeI3iNZnqJ5rG1Z1IIPWlxzzLbOLqL8o02gp4lIglMZu6RDT0uTYK5LWBcHGzZtlroSMesU/GXleHzXrt4SF4SAsbVchY9oogMmXXmnmFvMi/KYZV949HaOGExnJo2iQRF8amFuE4wRmYyzfi7IGQKWQkN8tSEYJG1MfJDTaXvTm+99//c/+oWfO9ydeePWziSNGhNvuLjKx8P5lUf33/nOF37wh9vNPT494sOGVdhldMFehDXxmxTfBc1SlWB20veKFLCiN/5gl1gQkMjhCJ9d5gMqzlG9IXjdGokbbtbPxYQJU3qy1Q7DIU/qEIQi05jSICgGVWcVag1DLaJgM8fmDcCeW063E4kRaG542sajK+UPEa1flmPzO8J0i+PjuBzeKKYN0GCC0qxML1sXZsInERTJTKBlGnGs8Cxspw7gjJAsPhvcoRW2l8NWW5kMVxkCzQycr+eLsSJQRn052A6RGknVkYl0pyazNzEb5rNp6oyqnQLUHUqLJMqtBpu+u6GGb4JlHibTuhhxRkbmt+9At6LLnK6LPthmCtffPggjWmg1hM5im4pXal3VfSea1NFkQpQe0twYhT8uIQbVCHMXoUUbiTZu9Ae02ULiyWyEnzPmc4Fykbz5u8QqkfVjUzSHGZLF2592DkA9RS1FrHrNIUOdQvNL5Yc53GG8nmqKMur44J8iboX0U/XRnkk+qNIrcbrAiM/QvMZDM0rVkTy39maYEa7guAI+zWGGY+PDduiB/jufe/tf+NY/cdi2UztvvHHrmyl1H0gjaSTns9yev/ZN7/o3P/RjJNKk9YDLcsoqmpyGlXy+R0LZwLklIWbtFyGj6JOKZUemSZgjTyhObhw3TY/+Ef+JgMpxOMI3AtQQFdNcGoYK9tyq7xuZTGmNFwENtfzPneLOGaDZeb70NXvoZC8S09QrrNk1xxW59NMPtL8gvGvErwTfT67PzPGYKonLdtXQcP+1DL6EDEOg5vbmHuY8zSCVAOOLJ2YLH12Ao6pSzUTEW9dVaU1ae/Dhb7/3XR87vfzFTYjvTnxudHeSuzs5neR8knYiEjndHTZ6+O3ftX3Tt9DpxDc3tG2TVyxpCM4oXQw45vgslNGntC119qJXUjGsUJde2wLW/qNow9NJdTDi4Aad/Urh+PD8kizu1PizOlS2FvDMvwUaoYvmPCdlFJ4H/XJYNV8cW1ON+yC0W3dFEEeRaMpII8JF1USf6pwRqgLZa8x17W+nKyDWdeizM9I1BdArEXsNbcIR9DN4T5V+piyZYZz9/GG93rA4tCaYNHiuy6Ri8bxOOB1FOtQBIdArEISWo5LSi1JFNQ5DGfGTnrCFcAJ6SzIGKQEtluuUpPp8p2WsOAqoz6UwCdWT9vleysBOTLW6ImlbQTJ6ehzH8/9C7hT4Ah6Up6/GUos6Kidx4hhVA6KGGOkvNKdX+lUWSPNV62EFVBEhL8kjnlfZlFAOlGFM2YljJlt5IV8XNXNg2YHBoaA2bJg7M0QbZT9qKzxjcXVtvpy3fVgQVT+3UYNNy2qf2N6PjZj50HnKzN//7u/86Hs/9D/8yt9/9uHzdD6TbCTNOXWg0+n0/HbvJz78Qx94/n2Pbh8R8822WcAtIj2N2lvFm2I8IEqjRi9xKXVQ7rTSHKlMivGHHLiJ/WRxIous+geh1hykqQJ4nSyYZsa2SGmXb3/phZbkxi+cjOFxWDeZd8OualobJi+CrbU4+Q8iNxCKp3IzJPu2BERRfnR2wih2hbF6W0VdARnuSw/CkqmzxbdeTcgWCc0aKgKsoPgCIPvPEp9sK8wUAGdz5aGKHcsVyPnARkn7YVhXCXwrZl9IxPbGcNQdnyOcShg1rDPBO11KGndoGQPDhgGrnYcpixKavM+OO0Sc+xBYf8wLbpNMIk+GwiLVyFYa1mReXekJnaagw6sxkdzeHl7/hmd+4Ac///N/v332pcPN8XQ6jWF7YLYxH1hefeXeV77/uY/9MB2OfD7T4cCOnqNbCnlBKRJmuCGbLHsw9R+hk/GK9Q+Nx8w4TPY8FmpQPsCq+4nALzPOoY2YmQbUB7LuMdHUjPUZjMSczNURIouEcxoYf4U23b3Y4pQTPC75ygBH8pFdbG+50jgY0ImhlK44VW+XNSeoIQQBLPzJ5N9OitLm6oDcGGZEvORt89PR1XVRMXntIkuTCFAkz0MvIouwO/aFzdkFFdHqnFe3SS5LqhrxKxTRlaRl1Z2LZJDjJzRwOCdHp8CZiBlRHyUFImQcVc4E5jj3/H2dibeLnCrIg0VolR9MOybSRWRav2Eeh4V9jVQRjWOxskdoxlBRz9cdGNzt58l4amkn2fMuHhC1CAuZ/ZiZkKyI6HtVSUzPgV3VV39wUvbyf5AQS+1KesF/D5ScMuecROTr4nfpylM0NVOHB+rZMBKhgkAbabjVzcXSl0t2zzbAnvuH4ay+Nn72x3MBvjpAa282LiLS/aKYd2ciDlMBhitih3MPGI7BRZEUm5lBHVhqFSDARXNFrw6OHECt7PAfZlwCPhPveEwHou0oufUXi24AoYGwFHBtSO+TpiQ2s0bhspnvoYpNWnvnc2/5i9/0p274wfncmIjaYMFYBW3Ct/L1b/+qP/2hP9akbbxtvAUCu08a/EshiU7vCIYEL0JTT9fz1Hr7wBGd5fzfHHMrE5DDxiHBlvi4LfwHuiM2cTGBULHRNjHTA8HzixynWPD/MHR5uFbYy568NWq0jRCELV8UplreWDdMmuE2OCEHCEHVUiYNvQFa1STgBtZmZkAHngKpHDjOJ9B9DzEIAkjqt7A4KG87FY9LDpgAGkDlv7jVKFRWBI0rGCyfXx5+p1juq3AIqILATgO7Lxkdp3bd8AUboPNw0aHMbS7KDCJa+FG3HMXQGIfpFUpGfDl2l099GH+4EuYm8vDD3/bwe3/wyeNXSYhPjU5nOp/p3Oh05nOTx7fExwff+V2Hb/j6dj6FpIIDuoabB3kTLW5VwZVFRJN963OTAyQXcJ25DMUmYnc2Ci7FE/PtaZnUfMBsiVCYFA21vSskF5KDfokwDonyXksd4xm6cLe0iLU4pASKnSzV0xVbp7Im68XYLF6YB3V1xcjM5tr0P01ANOBdyMW4Nzyej4qxCnp8wyZMkNPoAxCmphcPiZxwT7SAf50JWlnIgLkOvZg2uKt8MOtZt8dfcJLGqlfceMkyRBtDKTatW9NbQyzvAsY9+DcPTtGIuaMRv4UnCZs+X8vpQAEQh1glk2qnnVvh1dw2bODYFFgO41P5X7PYFwVstPezKCE44rqTdpwuhjdek1mLNMvDY6ErsUpria1ZzOEFNNRVRMgCDx12Iyreihu4M4VHF70Lw3+x49CUbL/SCBNPV9MG/knUDltv1CKI9jyEZY5P6aDtKIQe8cuXCkJQBnUSghMCMgerzK+zhi2cGirVxRzEaA5GDt3duiwmETLdwDQfQvVTSE7SbtsdE33Pez/yYx/82Csvv7wdjjoqSxNhOd3dvv7w4M9984+/+5l3ns7nw+F4PBw3jHpjaqljCYcCM7gMWcU/JWFij8BGqS5iGElGk5nrDwBClhxy5snbIfzg8uAFPGnPFfxCQChJTMxj/7iLy7hdja5CUNyaYj+3dGTl2KDGGbRqVGVPfZ6CxEY1RL+iEZkCng0ieXS6e0iwVCnoJBCGZbI3E7s/YEgvyeJ3ioIHNkHCuTlLgOZqwfqXC8R4Co69SxyxbLBOJiOBWJ2pRclMrl7CXJd8riGUXg97bYC56M26IaCq1yYHd3XSa5hll4kewKaoT2H4YvrxwMcbOZ/o/oMHH/ve7d3val98eeONzmc+CZ/P0hpJO3/xi8d3vue57/8hOh747kTns0ltQWaIzLLDYmsIdMAsdhyDQoE2V9K2mplJa3Z26DhagMdS2wos8osl81iXDQQlgzDgJHtujBtFtr1gIIyY3HG4lihBlKMNEVoxuzwYTHfqiLGNTNet0uBhY+EfRwYaDBf3L053RF0vQOdNwCqEFQlKJ2CxUayco7tdMjdwLCJLQUuGXDymtEqKi+URk+1wp4ozp96T7C3wG7OYSk0LOoNJlxC4Jw+1GO3C9dTRqxgE7mBOBa0f2q/EgN0q0urgSRICNDCTY/wJtwImIidFbFn6IDwS/BSFUiI9hBM7aNFIbNaHYNZT0ghGrMS8cJ1et4OBFggcbWAGozGXLoR0U2nlArPaW/oLlQnvOLaUpOEmr2k7gBR/iY/jh0mdu49/VYqFBOOPjh4UllciMk8K4xY+6psJMK0ToulNP51WMVJ0FFbkTON9FDfbAbPkZ+0bTTQ1dliRGTZASx00cDbfRynQSlPPxCxCt6fTW59947/zbX/iv/mlnz21u+3I7Tz2nDRpB+Jvf98f+vFv+OHT+W7UlsR4aLjPR9jtJ8qNMNGpQE/wUVYUaYUT6mSzGBtbADYkMFC/MXGNpiFKeaEXKOdeEnN5ybUBpU4jzzhdjrDYK0RM9cLEuTqEuVbJR/mCEb06612cM5KlLaBlbUbxbXoRCLo9D19Ua8Z3Ayfg0k2Kb0ibB9elY/QsJAC9PnLFTfzzpKtSVDdJK4DZ6AVswosKkJMyhEG5twpKJkVUVBUxUp0ZPOmtdFC0gxB+dLFZsSnvN8SuMq5ogcC1YzQWa+i4YDGOeTFFJtITLwL/k0s20VZRTkBdtBfuM1gDMxlqP8xjw79cQUi7HJiEaBNu1M6nh1//jc//0A+//B//x/caD6d5Jj4QPXnC928efPfHDl/7wXZ7axjW5Qz0Jkry1MBd3KAENiGk8Mb28mgQGwhwsEh+lyNwtg5nIcBM+RPV7OmXYKox/Hbuj++7sXUUDnMt8aU56IvzHgw/piDMQHTb3bN3CKHN0ZuwOCXjngAUbYeegG1YUfTc5o8eHK2BTO4c7HbgE9hqItK3/khskPtI8dYQXBYTa9CtWbfxFOzh7PvUKeHbKYxcSWlhiRiRf5R1TYBfNmPEMRZ1vb0UzZZgkUAzH4JWICU28OY/rccVX2rIQ4PpWzUGRdHRMPyubOpVPiVLVnCpJYtq660vbLNxk5+1KrNfk7guCmYkvs2caJKx+SIhw+NVSrIU+TJD3sm0XYxJzcsIVC5gK7F4MQt/QSBcSgjNlXrQ+2DwQAtEQwZOUsYcn7eR8EHUkjNMC/mfjLPB2SgdkqVhjuee+ohzX+lE7oC0BOyKdHBnYDPk3XWM0XFVDQdjdTAzkEGGhQLDko7RAafwNhhtzL5AZb8z2lmWuu52KGMpkAOe6KJDr/Jw2q07KTkBTip948kEkjfeDnwQJhb+xnd88Ee+/ru/+IWX6HjDtBHxttH5dHrDw+f/jW//sTfdf8NdO41VntauqVdhC0ZkGSRSYvPLUEmLBcw7/4GnHxOqEQRywyObPHLYLBEYPgl2iTJosktbCJUDHi7fbIhOJjccApIPorXGKASXgGLvKmU2OHphhrmDkYHnXdSvmOL5cKmeLPvsj3OeWb4bg2iOCa7CBCYoHG7Dp2va0/+bD4kd3M5zAMp1vScH3WgW4LKZECa3TxbNRXnKRj9BQgk3vX6qQ6Vvpmi2pYb+7jDBtjtY8MCke1TUDFUWdzG8JilCLEx3J77/zP1v/+jhve9ujx4d+chNiOnAfH7y5Pg1H3juB/412TYi4sNB3zxUDoSZ0JgXmcRhkO9/wZgyUITMQQNmNmICuxTRSxOaDUlgEpnoEg1dZTTPYWyxWXUjbdjiFEYVc1Oz0qneJyCnduxCr0xj/wFfSYtNpviNogmMrtAAh8ma1xj342Zr4ONpgDvjPncMO0py8lloRZkGBEG6ZE6f0jxc6PW00AprGEtXKXAMP6/xFGH1z6HkE5g1Li/uIx2PTAJ0wJVPjIjq9DXlwaXryBd4jhmwFOvIgArvhxDXHwnZa4Au8/YpMjI9WiWKdL1WTl12YE7trWVIPh2+Py0cgxLX6xjawjLkNYQkdOKPAfko+i4Kobx3R+Cx4xTA5eVH8AgY2HWrxONNFUz2eolo1JmjNEZpLiPFaDqxfpgJDrbb38NRBczMeD2WE/oVBO/SwJZdyjRo4f/IE2MiXscr5U/HE9VVMsJhdIQSu6gYSGzmqDE+Jj4jQnTgjVq7O53e9PCFn/ymH/2vfumnGt3xDcmZzod2EP7ur/3wj37g+5+0JxttQiJtvAK707EvvXvCzYmrkRVxfksC9kbGmVLJgrKflbcktdGgRpYMtw4QFWvH2AVwASHq0GTxUJ0Dv8TbKzaohaPH5H0r81ilG1jFVQewbtpPBk4Meq6mDIujU7Qcc0W1OcqPaPWxPG/Xh7WJn27KeAbzZZuXwv4ft4RkExqlYeE2rGOIBXNqBoPZp1h6l9meVD/xEpct7B0Y+NmDqa/odDERGkqNHIWwto5CDRVQg5e9srEWxlLpKI4ZuBAVyMexrEtsJtyNGUwgTZtUgDB/rzR0cDuIgESVXn/svT5LVUU2pnZ3e+9rv+Hh9/3Aq5/4T+8dDtRIjiyn8/bMM89+7HtvvuYDp8ePt5sb3raZpswcrbXXA6eOKCq2OG6YRXTNntld5JVPMXCsgHPpUNWy3s5iBJQVTGnvSxCVoR3g8K53jPOGFPlw7BJvLiCY6hllIkHhscfjpepjY2mMZfM5rk8ZyDAOYvjZ1QgwJZ9GMoP06qpgoF4taUCTvadZp56C5nUTXwaE7UhICwcjgkhjVBkXyoTy5FBqFpYfEWZkx/gVIROY6PKY7ftuZMIM+IwFSQlrrb7yFhd7MnpUB0nmfLIXAylF5DmA9TgcmoVi2zAnbtNwCCKKb8oJUhOw17cohjkV25ngAJwWEHhi+Kyak4maJKFjuRxqTUPBaMr2jXsGOTnumeEociOJAXlLShEMy1QY2pM9GBcqPkH70yDIioT2LDBOgp3nsSA1NDonLMk6GmKq5kUpQeOMo0oZgslMGWLHmbCCa5VaauIuLFlKAk6hT5BjFMrgkOJ1MX0REmoGCcaxvXvZ0WBbcNJGLNtquplvJu5jbN58TGEz0GKBurpzPZpCS0y06+qBKQsa6SjdFkSvuiGDZIIecyWRgG1EYSOiDUtS8WAi6e+5JTnJ+Z4cv+O9H/5TH/rB/8c//q9feMtb293p1fOTr3j2hb/wHX/64fbwyd3tdqAxoAhR7wjvz4/UAYH14VIbPZgmDKGNpC4gR3O8Eg4YxHcljQ1i6NpV8YSYQxwWTfiIeBqI3+ZNGLppa6IGX0myCGcSCT+aGFiZGGvKtp9/aslooLGp0vStsepRpqBn/5DA/2GtDZQydEzLLLlkNNvMlddpOan7tbpkcO0kVNyS9avcUgkWfaSx1UdxGobX7T0dqQxfylOaDbBtuOsiM3a9xu64T7FPBOgNw4ysx+oIzy8k9jYSWxLBVrF5+kjx9Dlh4ljqMHjOyYgPGvahMZhuKCYjsR680Iv4Qk+ENnBlGprGem2YAItysFOyUY2Ime7u+OGzD7/n+x79w39w96sfv//c/fOp3d4+fvBt3/r8D/3Rdjpxa9Sa8GJigPqR8YSrgL/laVYoBVbHgoQ4UGNpVCtoD9Vw1gktJ+GSkZhmlIbNE3VN/ZWZ2MaJFWAM+liYX4ndRCU+eGcxt+goyQSNSApvrAAgdAA2BeVRdVIyxxs2tURHruxgVdAaM/yjB8eRk60LKKnArkyWmwqc+RCSBkwosszieAgfEQcHm67PwTQkjSsJkvjW0NJr2C1AXYde223EagkzfOueyJXRL3IhMGreMZkpEUZ93/9WSpqaxEzDbWBdkqLBKLgjlRM3M8VwrFfYhcs9G4dmlgsMEobGTQKPyWDUJ3QxtdtdLyDuTHefSiZqrdkVBLWESrRZ3jWhIcW1a/F92i5zWiuxMVKD0ywTZxDtPk0u6qVVj1qQpFGCIAVHeuxnHlhSrATAMGETaXXINCpet+XQXRCOWQpHyPjr5gtoFpLhaaVnRbM89GZuqHcQMdebUZhQJSKiM15ceMkKI71WiV/CsEZW7Rge56pNOHBOZU4+ARLTeULRztro3po0oXZ7vnvrc2/+D77nz/30J3/ui6dX5cHx3vnej3zz937/u7/rye2TQ6/iDzs6MGuyKTqIxWR30thzYDQf0wwWzS9McG6T1FqmBuNCktvksvulUnjWxzmB24/nBMFGcUw4TU4ErvFG5MWu6MFGy7QwjjVmsL3mY8Qe7bCARr+h4nkGOL8VaZPti5hh5ixksZ3hj2Z6tuO2QQNQMstb8H3feWTk0cFXG5CASFJ71ru1ug1dEobELJ6ugHZz7oGzvrYTabR0yPKOF4lrg8/ZgOYyg/6a/Xw9HBHkmvN1UJA2Vco5FAanuALYo32RbUkL+7GxPH587wPf8PBH/sgXf+v/dO/BfX710c2b3/jcD//o4V3vbV/8Ih82OpvqM0mzFKcgcxEQBEPJlQcPHaW6GFvyek5fa/5ZHDz5tlX+mYdIliwlUrNrDxMdo+WIUY3JZIumD4QsfnYhOatoMQb6CauOtBnPdMiweX2ZID6x1fstcekjxIWEEf6NGowoLnl9dcSDg5/MRBbgJWjTMS/mrDALfJiyNVb8vc1ixNXQePG1HaV3yNsDh5WdnIgSVeIj3qp2VWGRLdJekjka6rgCDEyrWz2DjrDTp/jSFw8BOkTliaLZatoKZ24McpyYWa57JW7jxbBhwRiOKMevy4Rys54Uy2YwilTSuxMz4NDWcjVltcRmGxaejcWiTL2hgHLVhjBHm2mZgqh9PxK4p827XdNq+2h8VOIjD0fuDrsEKxVVCveYXCoPSGkU7Y5WwkVX+Cw0JKKekWcOjK/cUGtn52kcF8fxXzHEmjWrr6dGf4pYTphUg5Ja7XxElw0uEvBdhD3Y5kojajXlVYwRfqBRTSGhOp+zVkfOp9OH3/71/8F3/C/+w//+f//cw9e9/4X3/Pvf+m+PbToiImfW1T4i5o1Izop5iJKQaInTEPiy4jJeVdtf3NQoUaiMriU06oeva+fIshigAaemkRcaw/MvZ4LyojNrZ76VoqeI+1A1eiwjvB0g4rcZ2jg8NN4XRRlcXwA43CITBdF378LSH6UqkrFYJmJc0mEm8pctpc3WPpKOOwPnxZvEwRRd0Kc5aOgAL5QzJ8DRUYF89+SzNTM9TLV7AOBrS3xJFjC529WYfUhZtNFEoisKsefucL35bLqzDSeKZmTCSbsVaDzlkfmQuD4Ggql0DFiREBKW80nuP/vwu7/v1Z/7e+3n/uG9m4enb/vo/R/4EXnyhEnofBZpIg3cN/zFseKZ/lowN7OzaHLtMfmjKyTEkZhHviTe3rzieJCNBYLVKKnP/mFys26PYVzARNf02awHU/+cNjHTxrrTBOV6WHw1EnWkYbPtDziIbp7mS3ZjDpTtgm1S8VA1fL8qPhOc9/bnGAxMrsf0cfQU6MNukbytnQ1zbWq02LiICaeW0H1nJ2Rp5MvGc0dWbR344B4FWFurdxRegxIzbskhkLoiWVI+M+HGE+cAR27ItFcxoDfXAhzxLEg1PhY5zJPYpUJ0UFN5+F60jliwy0fWUV0e1tUQO/FtqJCscpwFFGNkQjk6TTNoUFBfUqKbsuIMPEMSWExW1sTELMrtwOri7i3oEoXQTS7EM2q7iqRXht2Lpa6+/rk6rnPO1yefEAhCYa2DANeBMrfAa8yQjG9NMun783rfm8ONUHhNLQSgHP4h5qAELESbbrUMEpdjCbX3prEUKgTgEoab2UjjZgeNptJNkyLmOIcvztoZ4yVGuATDCHYhlNJkkw3lPIy+8WdwQUFIj4s36hzkjY8Ptpu/8K1/6r/59Z/6Z5/4pf/VD/6Zb3rj+0/n0zP3nhGRXjIQ/1wke9lWIUTWcN/Y3FEat3xlflKaWQ7ncANjT/1/4nsEF5kaMiI29vD4DWIr8D/9DaA62HhJjNNBIPowIjTyPh6Ofkgtb8F+W58mwv4zByCs5QQciWy5k4WkSZO+UxgiGN76s6emLh25ZTS2t0HX9L3b9w6Gw9Myy86yn3+vEfpXczDszp9TUJPrwLpU3R9/hfrm7NZorHhsvB2gJAacjyaqWx2maE8kjLeaqXgNGsEQ0cuYUcFog9XGu6XnLGPE8LdGIisYkW2jZCbuWzNRt0f1Q18wnWyYGRQ36sHch0aI12w4nFDlpt7yGbSuQZM5RsW8MfHWA45773rf6/7sv/WFf/YL27ve9/xf/He3F94gd7f84IGcmyok02Ej3mjbkHKjC0YLJg/aIPZjR64I8hLV2F2H1QAVe9Zm0atgp8ApGrbGBSkEuuxYgq8u2R4fVQXzSxpOEE2rMr6uXS0fchwsH6UJic7aBzEfwDzM2MwS0dYiLLq7oZG0ExGRsGzEh0OvOvW5nrz6Ap0KOyR3SWm9SsPqeLm32ONScNAXm+m5vrc/ReFEU9rjc+nxdD0W16hqql9SumhMhRm//shoLCI84vA421WQw4OX4fWtF1HKgCqY1yCxJw/7i1HzEYIQSRfGYEssSoDJ60wXr0TP4pBtekXruH8Bsyu5wCBp14uc+xKsIMyDcrK9Ccesa9cdGK/5tcv6nyaXiYiONKohA9xUBZGYFBA+CbBaCre70M/K/AbEo8zuOPStKjLmwsbisI8cks9RhGgiQnLcjtt2OBA9odsXH7/45PSotWabukXO7mBHnETq2zX/tAlVt+8+VmCnqgjZI3y2eGGOswdIkEcY+2zAbUwfG/VhaajDaq3Zu1qYYA5G1WjLL7DvrZTJSJ/bllG3GfUbHoVYUa4y8cBqcIChY2vt3M5jty2N3WBNY2TeiLdGBzkeHxz+yNd/6PzFz33n+z70mUefur27PR64ybkJCYs0OstZREOGsXTGJGMbPVGvBLPOigkgq7aSkIwvAyslar89IkSOO2/hNt60AkLRdiTJbh5Zv50cpsVHNTEdGOrzBG6XhISkibQmpBPR0++NeRDOfFDxGMoiHqyNZ7n0ika/ZDM5+OLZLwN6+kQYilu/1Kjjuz1//w2vf+ZN9/iGiM7n07mdedO3cJr96YCzBbCHO7p+u6XD8QhFjtREDmmvtxUxc382AxcM0cgIeoW4FW3HZ0pQ5FAE1TlVzF0DAywrZNMQF18FzdB6gCTk0m2E9JPW5HymjfnmHvFGt4/bK19oj14lItkOW09Eeeif06+rBPZeCdIsUG3oaBl577xhFixkSMTLke8Fd2Yai9ZejAYXJKPXKD7qqUNTYQWr2dVJxWCYZO4Wqsfyw+gKseDLMXTywH5SeM4erCJcj7po2Gp/N9wOg4ZhN2ql19+6RRwT0kZRrgmRcJNGjYg224zgqz/Eh8N2PJyJ+NnnHr7h9Y+/9dvpjW87vPCGJ7/3yYM0bkQnkXOTdiIhOmxyONC28eHQTYUvYjTV+pHSNJ1qAfV0l8cs/sZYFRTSqdKPJds8sjEPGAfGzhW8Sz+4bFLZtGSGzSm5VwTHbhYL9bY32YhZ32OoJhHnygQwCLbo3I61E/V3tqEAXDwOO2QlBB6BfHujFdQeBxK8acrGw+h3W9yaiHD/O0pswkJ0c8Ove+P23OuYSc5NWutdqDU5HPATEXOu4i5MMR91sBDbZNRba8GzQtFygACCxTadKKvFRugsh9hpQieukkazaSloWbBzQzZZ7uRa0LYW8KubTik6kSmUjUtGbsmTecfGcyLhXRAyD1GcB7LGYH7yKP4T+DOUaaIo+KApP+TE/yky8DaRFzlvqRKnnAsoPshGgSzA/gYJdwQCSzICKfPU2+IoF4dPU+/Bw0A6qCmhXUmFIhzbRDnRKHVww7phCppYhwNZGNrlf5hXwC2Y1t5QTdEs5An+fiJq2iZkDnW4QULzE4wBDATT0o3SwMcet8Vh5iJQmr9ZD1eM8yRzmipAMWyQAyNmwhGAt5H9iVCTdj5s9w+H7bOPf/8Tn/31T3z6137385/8vRd/75UnL9/d3slJzu1ErXWHMl73ZhmWo8BjQHG/5D6QNTg3bMxkj3mQs1UZ2P43QBJvGzGN+G4je+VM9MXKraZMas0kTY0KsGfEQqCTKds0N80eLKA1kLHJoXmk0jsxbRtvYZFhOOfuQOVMcm49zBFpTMKyHTR5anQ8HB8f7l585dX3vP4r292T011jYhFp7SSbiMg2fLXlmN0LWandwxUwsP7ySo37NMUaNKEYG1fMBNksGysoCPWY7jYYCA9HKKpE1CzsZmaPcpl9KIMEnGa1Qm4UaBS/28gSlSO8MW9MfDgcdHUEO4JXGrt/dbQx5Ijh+rqlCo1YZ0iBebx4pSNC7dwaCdEmTIdtO7zxdW98xxu/8h1veM9Xv/3rPvgVH354fHA+n4iJ6UCkG26L5GpAjy+PwbtTHMMBzjCpxlUKBqRThXezXyfatg2xmo8iMohhytzXrCrog6mZhmLiM9Gv08KLGEWjlxnb85lJ+OYe3T46f/xX7/7Fr93+2sfPn/7U3ec+L6fTmZj4MDIyYpLW9VlkaDAR8XhEcKhqV/kxjETUIZ8YxhDMliKEEzjqUuRZKhPqjyfXMYUwgP1GI10ZMkyMOYiKSb5GmyJKhko08k6HsXREHCjpC7yaWbiBU0dIIK0kKHZqpsO8uQFxsyjShIRGjql/hRo1kiajQDA22vJGjUi2RszM20bbdrg50PEgvLWbIzHfPH6Fiei5585PXuFG1IhOjU7t3NqZNzoe6HCgw8aHg4zKVM9qZDCnb9MdBlGkjZKyeih2tRl/zJt0M6Amxjgh5ieiYLtguOqxCRB37WveSRQSiXssHot7g60oB6Lo9DvDem7qtHUiGCbf0NC5MeehMz1QsfKQWeYwaM9LBxRQ3O4EKNbBh+MaK9IaVWy0sak3U2N95SE3ETnTuReWG0nbqBFt2zPPHN/5nuNXf83hve+9/w0fOrzlHUTUzmePNbeNq3dnePRleoSmUNkErBlHay3Fc+qXyCUjKhZOTn7JGHsrimISm8C2T7y1+uglOAi/C8nANKKp7d4SXEA97gdO+EAKBLgpYikqvhjKz36qzARyLgGDYrMy8F4NvcSngrB3gCP2LjG8T84zpJpuVPMW04AtiBBIOAQ6k5A7JuTsgo8TkKFX5yBzDrkSobJlnD7PMBcZb0np6kiCYYgVHS1tBlSXjdeD9x7VvEQ91+bea1rsmamYx+fz+ezVBdR0xeXK/NMuegYcZ0KvB2dm7jCWEDwV8XgdRmnSmpxFGtN2c7z3Oy9+8u/++v/4S7/zjz/90qdefvlzj25ffnR7K2eis8hZ2rmpX+k+wqJ6ZmKCSpNbHcTF+eEmOltn44mHZMPpQFC3bX3dU2tfHsCFfUU2o/58oaZYAwGB9ioUHj/ZY0fmMQ1VC/yJNHhg7StqvLfekjTEawMVMaCtaezHxK2RbEIbH7btsG2dqcfj/ZvDzenJE2lNiKQ1EjmfT8KybcR8UOkj1qVOzcr93Z8ea3ZMxoInkYxt10L2csjBRVtVVZkpyh2Q0k0qk6xb4Wf72QiKNcQnZZlQeurTp8fCH4ZJHpNhD8H0MKv/v0+Oqj2b15URI7GigujbGsLgxYhGMfG0ky79na09mGYiosbU6HzYtof3Hjzz7PMvPP/Gr3rr1//hD/7Qd7z3u5kOp9OpC9KBt23bKHyL3OSPnQVa7UrcjEZcGRFtSGkjXUTUGiiPITSZyq5DN0EAaBaOaIgCJtn6AS9T/ml3VPNLd2WJqLQzNZEeuB8OdPfk8f/4t2//8T86/8a/5M999vR7n25PHp3upB23s3TmCh+YeCPuetQnkFvfrN5E9yWQKQ4RUROtrAxmDTx7FI5R6qQQ4y8L9wfVaJgVURXSJpvRpALKNqTFICSaP6O2yUBupBhEBOtwZqG6hw1WWMs3Okx2dL7B09TIp05tvUBSuekvIiLaxqMF4x8hwrIcpljUGrVG5+Gd6CytuykfjjZ9AIa3Ix2PdHNsxwNvRzqwbHy8ObKc5Mktn++kcTuf+XySs1DjRkLHA28bHTc6bCMZExnrwt1RQAEuVULc08ALhDfumrP1oKbJRuNhliEHojBjsukeRXo+r+3V64dR+9EUKxAH1mHM3EM0MPaciNiDJ2oLTYkJcKqOYSO6CKgFGrIzvZ4wbZbwy353o/H6YKt+mAEWIqI+K7RZ0aKjN7JSHaHJWdr5vIlQawfm44EOhyPTJs8+d3zrWw7v/6rjt3zkwff8wPbGt4+tECJ0OFDflJso9G1TXSU1S1UOgv8ZHIXqkxo3zL4Y5HrKiLJ9i1yqjaraOyIyVznp6PClpfl1GP08ZaShiwlQNUhAdu6b8BW8hV2MM/v5JwEPZziZsws0XBtim+SYdtKhkiLrEkJ3owsxNCA6Ls4FRVaYViYWaT42AKFPRHwSsYlM0sBJVK1B+BU3i5XGJULPgPWFmeHzUaegC5mRgt7pjbJY5raLgNMKpSIOqWoMpNqxj62p2wyczJd1h28yiHzGWRKY8EEXOkaXpWF8KwLz+ifQbU0G1t6/DAwhdInJpMKbuewaWF2W/MCxSa2InNrtzeH+bXv007/y3/3/fvVv//YXPvGZL/w+N3njzRvf+bb3veNN73vT8299cHOPebN8szPTnqHrgQ0Li3PNvovBwX8iRyYq+hTZfBK4aBA499TBtIwysGoKo2gKka5SobT0xIew+hs1DrFuhA8BDlQEBGxUZ12qmHoX0eCuNbIfqtLx4S5mZt4O27bxtnHPKDceAWnfanQWktYX+zS2aTLK4f5t9RGaqqPyL4UOrvryRvjj8Qgy32cjziNUBJBmyscc2rhldZfHZK/fZjfUMNCIrTROVlCuxdz3PhLFgMGBmOGEuEB9T4+HcX4BARKRsYouGmi4saARWfPGxLJ1yWqt3cntF1598TMvfvrTn/2t3//ip169e/zsvYevf/4t3/iej/zoh//ke1///vP51KhtdBj1FMPH+WaRCiSiT39cU9yVZHanup0P7kFLFSqlHtEu+xRMYauCty9MzoMXXmG43JEukhBvx0P7zU+8+Nf+s9t//HOHz3zu9nNf4Gcf0lvfcv99793e9Pbj88/T8YaPmxy2vnpG20bbQXi8vKRvZSOSviNBGlMb+YkqTzAvA+8RcwggOtGgD38PD0jcV7eKdgxem4Of0rII6YflGLnJID6Ohxs4c76dUlKDPqpg9l/LDlFdhtfeiUbCZhrs+ScP09SbbW4wiUgX4tQlHYhEv8zZ11AbNeE2dlC305lO5759lhqTNCeRmY9HOm5ycyPHI9+72Q4HJiZuGxHTJtK4NTmd5XyWs1LXUTkwHQYeyhXPKZx/w3UwgVKCxYF/RzzDRNxINpWWjQm+04y+HaxLtJG44ODXB8l9UZTVTzZIkbtP6MbP/LSl11rUV9HcwhO7aDDtnxH/jVKlvYVHgAvdMQW507KJQvdcXGVgFMUBcaSfB/pMGwtvWj/ZiPRJETq31qi1dmrcGp3bdj7x45fuPvOZu099ml78vHzuRb7Zjm9/8/b+r7v/fT/4zPf8ADWW0x1tGx0OMumVwOqQst1S/OlFlmxTp/wxtAdD1CmlHK8Md4lpFLVMGeGFxSOd2HQ+BHvRvHPy0lGmgvovvOVDo5EdSAimzPrm67QIEMLo6SK5mhhMcCJ+cR69PECyFdpue4q8ssgZaSwg4DuTrmSCmBpFZViITVHluYIi5uCjhnceYp956K6BVLDJZBIarAabCbSOc3ofQa0illRMGedzjlqP7/oYE8UFBQh2vxizOsDCOramvMByhj9CixRz97gq/5zlZqV4o+ucfy50GwOJfLHKP8/tTERnOd8/3v/U53/rv/yF//wXf+sffOHlP7g93X31Wz/0HR/42Hve/FVvev7tzz944f7N/Y37Eg+zxhk6XHcUzMz4WTHgqszqZqlPMfcmhiJEujhH7izNdbkjD1YbBiFUNOBPv+HsSt7fCVDmGVOnAsjwGep6yOKU7oQGJR3AqMFqMiqkeWAEtfF2pO2wHftbMqJasZCcx7pAa8PRq7+HEi4RM209awU9U3NGpPV4cjqVPjOB6R3GgnAMGFO4a1ONnNr8Z6i86G/GuHbQOWyEhF6CdTjSVUK1i9zlEGYqKkhIzskFSkXUCRymFSY9CEDHQYwFQwX6CbMIbUOp5e58e3t3+9LjFz/18if+ycf/4S9//Odeufvi8fjgnW9+3098+5//1nd9Zzs36VvLerlhcDwbdthz9LR2qbL1uMkfZwyHyQt4yJzRsyyTheZTBAZGTBWxXwZdHa5tAlmtq/B4IqCfi/Dh8OQf/J0X//pfpd/4hLz4cnvu2Xvf/JGHH/rw4d3vO7z1zXzv/nY8khAfDrSR9KLVtvG2wTSSVShIxL6ci8aESuZ4QB2aejv7+KwK2DB0Zo5QPVRrOP4ZxgMXWn1sCy90E+i46rnPAJ2cNUj0uNIxtB0IalMirWE6xqp/tucw4WxcYDpgtW7U0XR170ytr4Ke6dyIRNqZpO8VafgIPvG2bZscDn1LLR8P3GsKymQR4tbkdJImY1l1aDATE21M1Fdk9TkGguntJIn05TCaCpJucMnlGS2souEjhmjETNoiVvQnuVGAxjXx+cJ6HEuYMLes0XiPl/cxzHkywOi3xb6O3UdwEru8BTgFAXFg/IlcIuOUAlaDzVrxMTs1HhsSsppCO8vdbXvyRO5u6aWXHv/yL97+ws+dP/nbx/v35G1vefD9P/Tsj/+p7d5DOZ9prHSPT2KZ2nlUanOH4YzZRXOVFPyD35zyTwIDuMw/qdF4g2kXDVVIjXNS3OiGFy57xUqRmSdlJ/8k8wtmlNdpTNKFp8o/aUJsJwYu6qRl/kkFt1dHwuEpUtD4MG1AKUGY39kboS38ZeFZ8rfZdPZX+WcffeRLMyGWEQyexcVPqngIeSNNPr2c0B2sDL6HVdWabZr9Of9EFOf8s0Spzj93kk8dKOGQ8NxLFYPFt1Mwa1RcR6yy05kPnWZu0pjC7KodC5vmcv6p45aaPy0PWh21qMTMWuTLXDadPezp6dD5dP/ew9/6zL/4K3/vL//y7/2TV598/s3Pvutj3/BHvuOrP/b2F96xHQ7d1FNfWRg+s6+4EW9kDx/2AjJkX+jF3Y8FrIhIvxlSHOAVR6Rha2L9lSGcajBMk8Dh9iZCxGKokI7RzLeDjt8N3shgk8mDsZqLw4nBs5TpLKemL9YY+aeIeHWYN88/x/sxLKtRJvYvSDT9TxpMKSt1Y4tbD696ButqwCAU+uCj27PgnERZ4L63UD9kuPMw5H/BVCv/khFF/RTRqd3U3fhbR/r/O0MMQd0txRZE4qqSzbZqmpcZdUJdVIaw6NK2WOppMYHDdIXj/q6MjlYb9On+363PxReffOF//r1/8tP/7G/96m//k9t29443fdWf/uhf/Oh7vqedz02EN9poY/tWKPJMQyIrlTAgkcRYRDZ70ZxX6fNRV+XBjqdC477PS96irEYXjirsMnH4oNGCkxSCM3vrY09UhOh4IN4e/e2//tL/86/RH3zmdHt3/8MfeeZ7f/j+N37j4bnn2vks1PjUVHWZmdp4Fwvzto0kxAil/kBBM6IbMYV9kvYZ3jgfQ1dFVBymVBF6OaOi2wnuSgg2sk4ao4u1/cfgXwuK65qoVz3dsGpYhpoHg90OA6IJV58jdUiEh84nH4ZjU58w/IdgMtwakYzkUxq1RnQe205a6zmXLkr1fzbeNj5sdDjQdqDDZu5Iy1rErUk7SxPuAJuZ8M465oOueLPyzyVQOaOFuUgbg8AomYNn7LyDbnN26BMXgLs7A/cifdWSyM1hf3WGkHSjY/6XxEu3WJcVMhkYztQyWUvGFLCiCSYEohh08US4ZRnjQoosG+oracdf4MegjW1VmnqFRgjQ629BkFE97mxgosOBbo4sG51u5XOfefXv/LePfvqnt1dflWcfPvzBH3r2T/9b2zPPt9snuqy62RgV7j6W/VFHbBUFomjrDILALYt3lymWyQUIn26yYL9OLiXoeBBdr9OGNoVxThEmWOlgemYS3YSA0eCYHQtYtjqUnUZP0Sw6lDK7C0Ds7/ppUl3o8+ElwIscs46KRxrLyY4Y+igwREFLLBW4bCQBAaIzZ2hsBZvZ5fwhNR0xB+4TuE67MiuKNgYHU0fXT0RGRBy9lKqUxYX90R0caSUCWmN2SvNFlPMoIatxy+tzHpukCyYiGnauaAcpsWyNktyq0Z7XqEmFgcd7ChYlLvwds0oPBMwUZ/0BpjsXKgZlTqnxNJrFRbdtvH3m5c/8Jz/7H/2T3/1Hj1999LVf8eE/8e3/5je+85tZ6Mn5VuQk3EWmJwSMgtZf8ggxxViiBB/RH6cavYm7zJtlAreGrIn0QcANvFafqqUcMt8faBd/9QIR7K6CVJwlTY66M/Pa3Mz1TD7CQrJo6X3DGalzH5w/k7pN+8/deM8/twPxgQ4bHXo62uvAygwRkhGaiTRqsAoXOGelYw7KGXiLXJfpcm0BopHU8GBMTzPnzCm0jtOqcyoRlp8OZdbwblFfEgLb50LA/hbKOIjbyNyPyERlPAImRhdgDb59kKUgvPiicqHH1h9DpW2jw/FwcyD63Zc+8f/5xf/X3/vVn3p8e/sVb3nfT37XX/rWd3/09u7JtkHFYQPkwnv4QNQ0mps5szTuUVJySBRve2VUpXxV5ytT2WvcGJAT1z+jsiN6yeV3ky1NeGPh7dX/4W+++B//n49ffPTk1J7/0T/6/E/8meOb33K+vaXzHZ1u6SwsokrPwkRbzz/1yQL2JwgGEYl/5t1IP9yjP/WZaXKZ0Gweqr4iUaQIHjwT5ULJZfW4PbfiIJ7i21sWAYzo3pTBMTRQ3TaBFsVNxAgofKDIAOjwfbVUKRDliuoxW32GN4Z1HQ6g+h7q/sLynoX2zcLUKgkAAQAASURBVInj9beGZD/faNt4Y9kOfDiM16Wam7IwqJ2pG8um75Qyn088PhXHbGvKkJvTKCbRyH9g/kknluEEGGZPgZs9JIUmJH1TyFBpVLzSyY9ZY5fPaIiNe+rbxm9cgfR2DAGBwRA35ykl05HQ8YGY5ugmHWytDaw70v7Egz/sDqT1iAN6ayxgpk2k+YuTNn2J0bbJ8cg397bjPbp7fPsLP/vF//d/cf6t3+IHN8/++E888xN/hh88L3e3tB3686U5/0zkzIpQhhnInMkY7tvARTCaxsgXcalkRibguQjEUzdsOdfLigheAls0SNT2+LNb6Sr3LtOPMgfY4SETzVSVSW+3dTNbylHST+uVWLFDAiLGZmk7bov8U+JqZHbHHG/F/DOsmMX8czHrCCwkNp7jjbmWeJr6hl8ZDsp/iMPQUMGBi/7VEYOysfKJVwaWHHg3GuOETvnnSsb2xS8dWRorfxzExlUvdF1J9U4R5+jgHEqanQx+blDbFVKepiBUcZp5VFRfFYzImYiZt0byN3/xr/3y7/3ik9vH3/S+7/w3vvPf/eo3f+3d6cnj06O2nXijBvHTCNCGl1LDDYSYVzHURhkMnqtTfyvG8oo78dqgeLjLHl8A48KypBFPFix1fKHyjDzXV+5ZjEH6IKBWI4TttXwWhTgk/xuoaPgL3uqyEQlvvWw78k+Dxvr8GTzFiQIjGl0wEdPG0jbaIMfOjEzF+U5SiO+Vca7Stekjb4zvnrDD9rvxCCpYh7OIKABS/4VGOuSMmiRafQMfVLKKe7DVIOayUbzRsVNYFFAarlHjarGn0gjWnLoOjAwDvTSw0dJlxkya+7ooCYmc7k6nE21f8br3/pnv+EuH7eZnfvm//e1P//rf/Pm/8sKDF772rV//5O4Jb9L34Sb2z4zEcrUZ8VRLJmWTtffnl9Ok2GVjlrNu0IWJZadRbOEc3qbQAxGZh1geUdRRk91tiQfMWMQ1Y7gxEZ9/7Z9/7j/5y/deevxkOzz/Ez/++j/7F/iZZ9qTV/l8R01oO/Y4iMbeuyEK+u5NlllQkyiJqzKBd8ce+nuYvD43W5A3kEx9v5QBHA9BW+sUd3YPoJzdrI0VCLAvwoh540Zpox7bvmC0HUUkhPFZIEdcYcyQ9iYbajltvMlQJtJsH14Zpjwh3ohlY6bG/WNS0s4KyiNf7rO2bdu2CYetHqaZLER8GJC3/my4+Nu53bqwajmESz4bJt5Oe6cN34ULE0XE/p6bjvdGRHTQuidpTCf6IgUzJMGHArfN+A/M4mPDHbPh+ew3ThI2tmnjdIXyIx/9rsBTFFx6h/KA/QzBqQmZqNoLk+1272KariId4lgmYjroejALE29Dlzfa2unufDpt9+49+NgP8/3nXvor//f2m7/56L/8L45vfOOD7/8jtB1jahCgRy3X8YigQBSnhXQeRafAP+ewwxqFLaMAQkTJmy8v5sgUHLg/ZmyIhb6SA9RxY8QjFmXxRH46eHG9pDCersqj1mYqCiwyebX/Axd2/ntfGKs3kx2A1eGpdVGX2Ts8F8IgdaiZ2FxwfNlq2hsQyQWcISomCt55iY+xC2dBPXcqMTP8hXggAvfbBcLK8xhFVFkV+dQNzyAyCWE1ZcEFQ37ctQ9zXESxnPSwgKeMSgFVuciXMkmLIlQnRU+4YEIEGzUzKEmgdHEcx6MaMsZkG6n/tJ0yCt9WI4lHHKRI5WlCnUEMkUECMu3xiCKfDmnn4839n/nV//4ffeLvPH7y8le99et+8qP/zte9+QMv3z06yd123IgOMigZPnmEaX1kjw01gJjkSuyP8r7ZXOSDp3PsiALH453lEnoweWpFOAgCw9TD/bzKRmmWLVSieKajopdHwj0QUbPg9iLFlECE/deBaHghtkxqBtRIXRY4EJvpim24fYojNa5UeJBRwo2WrDrQQi94FC6iHcY7BU8QqfSgQDKeuW38FwUjYaX2OlDvsqY4NTm/evf4hQdv/GPf9pOffeWzP/frP/PPf/MXf+qf/a23fuc7nrv/utbOh8MmFHYBOgZdCDZ9F0W0BjvGITJjtCaMRZSVQatsPuGOLebrj7jvyMzDpSJxjTam9JSlJdenSTcPCm2HrT165fP/+f+NPv2588NnH3znd7zh3/5Lcrh/fvTKgUiON9Qanc8QSGpIx8O2CVlKYKy3F5b6qFly6iM6yFiuSWGdRFCu4PB7jvRCsxSSQYP6qLzLbJchSdo7ZPphRrFUFpsA9WdeVDXfTiMWplFZ6KTyYdR/QDVEPZKoWbQ4U4hGGZA12mNnHPMh1a9EvF/lzbxqVlE8+LfPLbTbeM0CKGSR2rFCc5LMZDwj0uNVlz4X4fXdpTybUZgHWVrx0rEv2REg19oR9gnM2DAwzkISZua+o2HrD248eXw+3d3/5m9//otfeOmv/NX2O7/78t/464evfN/NN3xTu33CdDBfwCnGcDmDsTuNQYF16mPOp/9nkamopWPtbDzBZt4ErR+PKwsuwu9ptSRXJx3jvhM/vzu3RiCNpCrovxdrSjj6vJizM3oJRIBLGg2McRHutCYE7SPY8qcvBkJ3UntDMHscUXIEtCWim36BK9buUtlqR6O2znsLxSlViybTqudx1kBUxBKA+J4qVhNNMZRKAky+qtmXXhh1egRJsNXSevlarLMp2aZOyBQaClllh1BCx1yUa/LInySueJLEWKZHWAeGKDmioVRnXu5STTTORKWS2AReB4vQMp92j0qmdjqtmBKjmAFY0SUiOhxvXnz84k//yt/6wuPPPnPvdX/8Iz/5/rd8/ZO7W5Z23A62He3AtknFUiNIPhWL8ScpDhATbW3yOGMWWGHzKmBTFy4ZsFWy89KcQvdzXMIla54mC34O4UU/Yk+iehCrSyhxEXgwAcPL4TatAx+IGfaNoX3rR+t/SGR8kXCsnZJ9PWxHYrIMeMSUuBQZNv8HIApn6WxGUUiZBRIYsQC70aVAuRmp4G4z5rEjHkv7q0P4nKv0LOgB2sdEI94WAdkzaRVmY5VbWiM6M8lGsp2/ePvKmx+87Uc+/Cfe/bb3Pzk/+me/8w8+/gf/8/FwaP2BaAE5VDtPzntJHnZNaqariIYmhOMFtZgDgTLyvIzJ7iAB1oXZg4ZERCLjQcHz6cnP//2Xf+bv3n/4UN79zjf/+f8lHR/I7ePtcBDu2zI3Gk94Huign3awehriJmNCmTRYt2AnhMfx34WVd0tYtYG5HaIWNMaaxqsMJ5N+zr1hZCBtRjbttrWCSrjZPYjYw9FEpO82spJEqmKEE9YoYXClv87U/9PR2P5llm2TrecVB+L+nOeBtsOYUGOA6PZa/88etDe7S8REBxYe9d7gmJRGQWQyN2dmC1F8O3Vp9f1KkJkQsCSYBA47oGhDILEmTzijRojPnyQMbPzJWky/88aX3Fyq8wLgBTDltcrtdBdK4hpNQ2pIWOTAG9/dtkePHnz0D9//7u+i5587ffw3bn/2p9qLn5ftnpzJPp1aeUoYh3zsHOsQq1bUttVixJBXUKWhslLmfyWHRhFwXFpgqY8Ug6T5w9LS3DVlj9P1S0PHZrs+sXvN18jdYIItgBlgQ5K/A2RK/6omcyiyaMzrW1ccWeLL+IXZrLs26leC1ZyE6DJepqsRjMzx27SWkKsJyafWOrjom7GaLeCl5DPjNpkGOA/Ly7YWvUJlhcn807T4iNjCQqdoOL4AwcNV5CmBXL/ETPwJqDFqgZYY6XqZiIg33v7pJ37+k5/7+Cuvvvo9H/7Rj7zro9zo3E586O842CwisGUQJp8HlriO54MVAQ1DNmLFFasyDj3SsiwQm/ITL7mw/1QGI3GhD2eTHlyuTk3gjeNuOq5unKGfxTWU7LjEJQst/NAQyFEGcXYeXHOC3I2wQlSgBnAxqAOCgOwgK3hAsEKZZoCRGNKBIbaJfArUsceHCUjEYNrEBCsXzJOgwj4NcGlBBcQuWrUOUAq7eQNOuF6uKwEqjJCPTv1iT3bZs4UJMX4YnSJDPHyfYJ8eHkb2TCyN5Yu3L3/127/ho+//2O9+7jd+7/O//Uu/9Y/f//YPPnt85nw+Hw9bYl5XlridhCC2KQhIpWUy76tWsmFnVtMIF+s6fYTZqVuWxlPjqnjp2YG75xyilQWCcbTGx2N79eUv/Nf/1fbk7skzz775j/744Svf2z7/4na0vagyijxbs/mZcDM5jPiNuQ6FbrWBBjxgZJIBV8bVPhLQJ0NNNXBmoihOCEH7obmJ1tNI6vjBIhH0Gbq/9KDkJJI31cVCRpUUbI2siVDJ2CuDaN0DFiIGiw9AEIg2FqKtWW/gSXDuRKKv4NkJMsAQ+vBCYzbBdbG9wqgmKrsnnPTRD2exX8pJrWArMZJKeTfvp5Y/U4lW2bxDIDrwAJuqVSt02AUPtNGWmU1dxN0em6Vm4IKwNnJU2MAD+mCeEx7xTcBmuMLssGoV9fhl4609ftQePvfcx37glV/8p6ff//Sjn/3Zm+/6geM3vlHuzqwOQExwSjPGatJNVmxvkjcxvNxs5pwzn47fYztGnKwUEM47Lfv5vBVwttthbTAOrSYpv+/EQp85BLfB8Bcsxzkf1ef5AhYinAihiXUTDyWd6Jyj3DuZwelEUNax4FIgMWPoLQEZ/7njBOEWboMMuxEC/CEDlMxBYUEy8nNuU6M1HL59QNsaw+5GbUMTf+AiWCWFU+Azbora1MLHJc8mGBioy5iLDsG8qaSR7j2ASMP2gmQFmfGc6V0dmTk5O4lHcFmRn1Es3bAUM6vkxIkLj95webo6BhwRdKoaKe4cF1g2eZruApjpdG6/9Imfe/HxZ1948Prv/cC/9szxudP59nBwevyNHL5MMBb4pnf2kExn1aqIVt5B0HuFRXta1I3jenjI/lodkfHTQg/3/xxmeYd3hDt5efzHWtpXzIJWiLUD1zcfU/jgbnYw0NY8+39bWGFWdjiqMpY9h21V9z9cb+BqIFBBsYkYECv4H9gP3U4hPM59RibqBKcTpx/DmR6xJPukoUtyvBE8+7T0/xYcn8IB4IEEtDrGUjYNHAdcjdGBcdgn0FZORX9lVGsiZ2myya3cUjt8+D3f+u63vu/J3eN//ps//5t/8C+OhxvlW4VhgnnJ5UHLFCvQqien2b3CIr+GKmzwodWsXrmmKsyNmUjOv/vbj3/hF+/dHI/vffcz3/GH20tf4P7VxaY2r9sHtoUv/8/VHdAT1sZGJUxtT2cd4Dg3temjuP7oXI6hLYqWYWQchzEuEgkQFCy7XigaqcMYTiF3kxP0ndSWq+7H6wOS677mdSb4ERpwzBFmMwpaHFIbobZM0FOLVvnEOGOQN+FNNp87Nd5KseEjaTHQFUlGhoSe2ctYiraaZ6Rr/GVkESXycSlXjQzMbDcdzICA0Yj4KAM5TBBLHsgEVUUX0AMhDBcRiI6l0wxiHyXBJjTKs+mCEkJx749bf8VHxFbeVXjHI0diYgvYykyLa8cgx5HhMN3iy8JybkTcXvni4R3vfPiRb+bnnrv75Cfltz7J7UzE3T4QicmAzkNt06Q4jY8MD3nuoSFcRAcb3V24AlCvM4EIQhDzkgRQNUHDOzf1cvCI52MQPKWCAZGsYtc6iBTKFxtZQzE0Dy3TCaJy7ZrqlXhWSIZdSesZhEQd1anIiPZwiKMF3OBMFmxJsFY/6iMaUQnh7RUH4LQzKSkGGBH3HlZB0moy0ONfRBNmGS/uTNPO6ui0yrKgZf9rLgpLPfKA1Y8tlTeH355o4HgUKBhIMBAcT4iGu+tpPStcuClWbMArZ5EDH373xd/+3Zf+5cuvfOFr3vrBd73hvY3oPKrHtqNp22jbwI562Mr2tKrpT3cubANZrgAMQPO/GA2zoI8CqOrRhEWy5CkdTh36ObDs6BmHO7J1C3eZBps7NkqAMT4ECb6xKlhd9OmSRwebJzKeLOsfOddoG1jJIc9XxJQEHyYFVungwAIZlLuWO1Hu+zV81aliJQbfyGIuubt/QF7HgYnCfwfIQVxCN260GIWEGK+kDhCLDP5I1nPJ1kFZGmQhs63YhjSY33q41SMnIoVly12aR4DDhUQC42oSEWl9KzXJuX/NaKPHd6++9fXv/ao3fwPL4VMv/s4ffPH3iGjjgyPKFleQjqXcFLMtrv2Zimgr3eDoa0ixaWQL8dO4w2tTUB36Goi+oRGNiAZNOgUsx0O7Oz35xZ+/efS43Z5f9y3fSs+/Th49otZYRv7Z9WawR6Wyb900YIFNmiOqlDJFMdcOjpZOjysaJw4zjQVJIWhpem/NNYQeYR6rdcexigPSJzNngHOcbFMJJ0eJcOM3bKG4Ake4bkVAD1yR3W1of9ahVeEGhYDRuMo0Mh1OXOw3hiswdkpPbdxOa61OiAb7hDx7Mqtttg+Qd27CCjGqXKLMbLZbkT6WUQSCQYPDhD4e7Z0AX4PH8lDDesGnxlnrITDD+S6KprFEkGpwCONlXEMA1Oi69wA+ADeQLYGbRBEfI9MGHrGZ1D0EZUzmoWPcr4rfRJrQuTER3Z5aa8984A/R8y/Iq6+2X/1levFFOh6GgmmQkNCceagjqKOUEQsGXMfOEi8KgfrkQ7TgsjxSrEkQCgT7nC16GgYHwRWjsvyXD8y1plTbW5lVno2VOR1QGa+nTzH9nBi7uPQcde2bQBIGm8LHIRk0MHWcYM7YWhuODhek2WK3hA3h/fl6Hn3wMdpSGhevdLjJqYRwdQ+rVaPQGJjjJBsVc+CxRDIyGeJdDwA4Td9OUaNLGqCRJm5J01oa54urtI4iB9LQlsYYnhZbqFRdNa1E5lU0vGai8f7bbkqZ1bwPd1nTH1xGfN1z36sQcQoL0FN2ztCRQHrHPeUtiRAff/Mz//Klu8+ztA+++0MP7j08yV1jofEVp+77e7mYI3zOP/relWhFWUP12fKamURNHnd4c3n2gJGCdCK5XJgMwaczyQUiaKybXy/dyNjxYsYDGgU3HQjFwHZYRiJmi6rUJGuWw4MeQMcCDDBgljLhoAIu2njLsPNBJEzPWL3VoUrfrrfElwZ4GjPQPRtOwgFE9+kNcgeiEhvHDZBWuBjMToJhfAkSU2iq5omjFRvCY+OWoEwiL5T/nZkS31uor2UgdsXLYYcMRim8MU9emdBzadJkfN6UT3L33Pa693/FB9/wwhtffvzFl08vCsmBD02ayqXvcoflHo3CjEyFzotXYSf+OZzUTAI/iJlak+Ros81hLHJJLGALvhEtY+M2FBEOEIJtnrElIuLtIHevvPo//U/3j8cnzzzz4Bs/3F55hUnofJZtU/0T3ckTlFJ/2/wU8KPAq0khC4f7PA0BUssGI1CCGgSf49Uk1ybtaEPRA8RjtrWWBqAAmqWW3FpX2yCqcMUeuGGxBvnjW4GUL/6P9O221JATEnMf0B6VGGbuT4ty3IwuChJfv9zvqDHv3YcpETPNnXGqPGw1uz5G2MIMryWP3MSl5k4xMEuAZ8LqQcESAChxn6R+h5j61lZFTVy9B2+sl1JJw+QaC3HWgulX3gw2EKnnsEBC+R/svE3+NE82ngsYmk0Xbuc5clghV8CDD4LbAg0djo+qmWQvY/fpb9IaM8mT23tf8c6bd34F/+4nzr/+8fbii4c3vknAX0VZ6lgEozRfH3QFy2FdjEfAyx5RGTAB1KfDdCjonKgdG/dil0VMbJ17zymFrOwzAtGOZqhdpJPdBnUZ5LoYqAREJDFe99iVzVQrwnpd3HYgbJi1OITbTQybSwNqFxdMmd1lNXVu+dS8FN9NSUfmniuf2QE1GlPHlZSGAfHWcIkLoqroKjh0rXWJtNAdDX+SfHdBNrn+dFKmaLrI/gBZwrLEH0EVDUzGRN87HeLKNFmVNZjzzHTFB4qoklkAZkoSGz3LGDoK5EyLuJVhYn8/OVDvesoliNR4oJOmPzeu5GwGa4KhJkPEElD61Gd/58WXPv/g8Mz73voBOhyfnB8Ln8/U+scu41OYzKVUTuilNrlIMyI93UtEuXVuuD4MIf+LSDCTxYWmDkRhD0yA5ZDGXOHTrdnngbdJJQBmmxse5DNRELULlt7HKRqqQ+JxnppgTpftGHQnQ6tToNvm1JNGmLq8zJHJsU3sFtSt/6keaFsfEPmk/2CQvJNuEqgiVtEpdv+/xip5aOsWhTrg4PEUTIUW9GYSNpKNzufTe97yvre98e2vPn759z//ey/fvsRDisQ6lx4rEV7yd7/umEmNTlfAka8dG1PmiIPS06qvz9ZTyAX2NsZsRHI+P/rEJ0+vPrn3znce3/VV8uiV8aXHYc+aB3CzoPr1KzFZ+njGKZa1snhzM8p748EOLUb5gv/CNlobxgya9h/rToU2mYiBDAhYT20SuKAOJekr8sM7NoM2Aq0Qteh1PBkZxOCkmdJB/li3FNasJzYjdXYdyyyDFkM7DuDlkN2cusxMsCVtj0fsfmcR5y7AIdsrreLTd14gGpI5Y46WbT+s78fxkUC8jS3BEWW3pHMq02ZjFDb13gO8EZ3qCeCBVuYrGsrqtuMX9v7wopniwoblwEp4Y7m95edfd/OV7zof791+6tPt8a13m2tPStQavWuOyZ1qDsQU1xLI45aSMsQnJjNjB8GMfYH80zhhhCMALeSUE8Cw8Bf8yfJA5OtRhrzxFGtVOMSOnG6lk2nc1THlkDwDicjEyCA1Lp21h2fVbVNkgzDEZ3dOzZSbDbCS4GJ06FbDF/MiercMM0T/p3Ig6W6x6ewp1a2gPCVZV3y3c1oGm+CLIJw5+dzBvFRM04vZBa9QzHdTUwV0hC6R3ekTTwGUOpPgirOf09ZeiID+sNYSMeNJmLtZbkRfePWzL33xxYf3n3/DM29hkSYnYXuFnPNUf0JpJq3DkPrviKkRwoqafSE9UIiV10ClaBE80DMI1eWscEeHEqLxpRshYtFSGjPp5l63+RyY5skjVIExQdVCjD7rAiU9cyexruM0+29K1yLLgO24CWsMF+mGkZih2o1e3/AZIFNiNorWIrEkEz7OAUIb03UdTSJSimz/Z7BSK5pQzrUFmjgKbg/VmAMmwsdIzlozYQuNkFJ7swd4U6uyGpsnB48QRvGKHGtFQ1eh3fuhcA5UenhhbBHamKWd3/TsW9/yured25PPfvH3X338yvP3XkDWpkphXFhyReWxWrQ2uNFiBs5TYIYtp1hLXFOFIrHRNTNr4Z7zaOG8WLndgeGySSx0evEL26tPnnnLV9Czz8lnPs3HG+ImzEP91apBJ3DhxJIqEW4jwDn5hPfoqAMZe2oA7pBfHIfQYxER9dU2UQ+VRgPkAKrCpilcxp9GGhv0QZGoHgE5ZmXEL7Iqqw4UskDJy9k9AxrfDDIY7i30DxFDYiWOGGggM8FXTTEcVwXuQq5rAdvYherYDkW1f4ckdjpZCybql8ZUGFdtFpgcrAsBo7fohE2ybwQPbdcMmR1gdDeoUERj/TOQzzoLhnxyt+6pwRWDegmAQaoJ3oRnVIPrcg0B+sbvtF6cFFr5oJ2D13I5dAEVaOAiaz/jRERIwbmqyxsC3zkjRLzR6Y7uP7x529ufHI+nl1+m1iJIGby/4ghThuaZKcR4xlKXq4wxh3990sX23Bh+UVqsg/ql4HeCkZ+/+QlILpd205XOTKRu4Whww1NemnOFjGOJ6/YKmXQDT0RlLbwaLZog0g+cGu2lA/Ir0BeHNm6g6hXcyPacggMN4U0YMMdScLPLA8SHCgAwcrow9DftA1VKGOZBYyjoFIs3ntcV57vuGfNnXYpjtZBrUB1u3AbgEGL3eYpXd688CjlZAElKl3VQ0r9d+CmIxoBsKcfY8awdJ1sosu2tBQ9Rnk3oDOhpKgFqbyaCMnCXN6FGdEd3p/Pdcbt3c7hpcm4yvmPQ6CxWzTSImSzx6+wFegktku4GtVEXuSMBPWyUTJITkm5ZyNCfvQtOPTXKIGX8Fxx3f+Ylams/reeGi6Y4Qo+C8wI6pXU8gH3dk3LOUKHAkrlzj8eHFnsiqc+/lGibeS0ooihg2o7TbxW63Gg59+FevVwDSIjbYLhs0mkxV5C9QjqWzGaMIcZYMNd+qrROld/xMJWTMVKijTYivnd48ODmGd62U7vte1osiKKhR7MQ56XqojS+ImeH80Ohs+D1FG4uYdrZGtxiAfapLf/uIXS+OxM3evCgsUg7k5B+iiPEqOwpjVAycTT9YtJy8Yy6PsPmm2YkN4pWceIDTDJjtzRQuY5h5k+MjFlHXNw5mFqU/9RU7BV6QvrUs8pyHWlxFsagi+DpebnK5Gh6rVyi3CgBTGqXiUiLCxs+KJwip/HXZT6wCZ0RquuYeYOCwai3wi266oUREwkjit0A24bwjMfB1WCpDpujUeAJFo4fL4Z/gnvLp2FVjf0/5b2iFf8F+OOhfplB+HCzcWftK658qVMiKkzWOMwpMKvjJWI6HLZnn5XtcL6765aWaNQnZqMHpOTc2tUuMQgQEMEpSjaFiIblEIvrg3SZ7KhKVOY9aGUItRa+IJYgy2O5GQNLPJeOkYK+BiO/479E8uhaGLUGpUHfWbna5UO3kxU+1zDBFkl2G12G02dE4HyA1xOWespiEqGv/gIlv3Z8lb3wppXaZ5Wrml+OQ0g3vMzmpsR2dX2+CxldMeo81vWp2d7k17qZrH+Ewt5wXk7vV45UFJtGL4LqWkrBy3XR1DhbEyhB5eHmn7NvIiLamGXbNiJuRE1af6XQgUj4oC15FGNdHS22951DVku2EFWszsfuUq1gyuT2ybxZ3+WRoo6hxYuZDFDdx7MNW+ul/hvWkCjwM0kcqWh0zOcIxpyd+IOfLhZQmmQJheP8+IfoNcXIgI0fYoVreI7RV3HVVok+l8q6DKIRiybVCNSHQ6Ld6NC82jxwxMq5TFFP5xuzOiTpHIJ5GIgVi9xpQLScOGuWGwpIHwyP/xo54wQgj0Udqx0ygbWyXF1n1bsBQ9jKk2JoiqoGE8lmpOkn57hxO/BGfGA+MG/btnksOamtDRvQCHYgP88QOacPpW6bdbRBsgma9h44XumN/ypJeXUUhp5Kjyln86GzlTOPs+KGwmem7XAQPgfuiMmKDCPjaBORWTeTZ7VuOgFusCj0NPn3+FoInmMG5tjyf67pmvxAlEAqONF6TdVeTsIe5pIAsA+il1CP8Kn9sQc/BJq2Eq4c9OIIG3c39gFCWd76aVMlDIU2UcgkdCbZ/N4wuW5BwRYyswhvRI1t8vocwLsThCgWaxgIGuDEEHbw/e5gCSdDbbBE3RQYtHjY3MDelc7csR4rgaOCc0LqKNXaDT65mtLArzdHsclek2k4L91Ew27lrUnwviAtLlxZxN2EKOc8SO6/2Bke8dFXGYAKGjgZXXUGzG4b1k7VUMR+AgSZX9w2IuJto+Mm26ERbe0cX9eUwwW2SMcjGdcL74eU6zSg7Yw7oezNCGae4oqfEZ/sFJLqJKMjhUkBQzotlrrqrcJoXLAyjEyZxpLyfpXTGIae2sKJdZ3UkbymiqroUZQHAf5g5lnu5XE4VbCtFiE/P4We127MGO/lKU6qzUgPpiYPgi3NOgQt7V8WMDezrkRXskRAe65uBFb0jXMsHJbln3azEh7MunNAbTkOWiWKifLi2zn7yWE2QFXViihoEI49wy8HnaImv44uurerEAaFDggW9gfiIyGio/LIRVwjhas0qhdkwvJ8qoiGXZEp3AhwLo0mmxAT9YhXSBo13abGG7xChmkU6jRrAjYm3WDLNeBdKay5Kfx0ioTAmEXfN3yRxQdR56ICJRa4oE5+avgK9RPJ6QVrraqhl0Rsp5bOMvLTXI37Do2TNGpi90du25V3FhkwAIGozIIrwUFs80+PcHShwTkEJe4kzF49CP/YfdzpIVGrGOkFou11+qgqFjJ55g6emKJVVeIjh4O3UFfvsYG9/sWeUwfXDA7JGoKPGz2JumsUoHzilMmF414dZlZsQA8zx1KMkbptvDU6E8vGG4mHsqgVQEaqq+iP8AR8bWpEUBiyWzX2Bl8uvT5lVlIpn+x+HEjsjKKBXmywKWqmhQVzsxesOnWx22jbNn08kIEJxnUPv0DchmwDcAHl88xgVneQBhdrchdjhruuCAdvGpXJXhLilbAkkMNuMnRRSwmSGdAxXXO2qZ4iJrhz2AbvVUBQLSZgm/Qds0OuxUgTov7GoYYkCuROi1nfNhISacSb2TDrREOfeDBR2kC06XuwIDB3y9J5ga7KWEJ4Gp+hHw68E6UjavtkbEzCjPeUDIlqp8BYJoQjZ8nqy/p4Z8B3WFLXSq0EZlEb4Bnf2hKsozdDv8NJPmHuUYDEOML+XqTAEkWQ/S68S2oIG5T6jLpQN+A4YuCQBVdh9Su89oGZNiKSjWnbpLW+ys+J/NYoZinUBQWYNbaB2Py56lg9araoRmE6sjkzo5ObDH6peutItmCrsqDudSd5K7O+RXuBPQhsziJEATEBcB0ayAuyWNPxUPm1hpFip04CyH6Lpj01dTa72AA5aDHfRIHnTmlCCRAQnPM0tcwU81sKAmIAYhci0ig7Dj3Z/WquYsgY/YKKcS/kePCAYM1Hx8pCJMGUN4XeKABs9QWTVmBBHJRg27ok8dBpAkziVJJo3yQYmTOpY/dkixR35psPtgA4p/q9ukHzkU14HhEv1xGc20OdCEryMr6/4h66BlyhB22c3mRtMarKvBaLLwq0ZjqYSGi82VKnnvrqeaPxSvLRugC1xZ9m9CxacIyjncjq1f/p+RPHoaLeqYqCL1qTGCQVwgKVdWjabE0Qc+aBFSJQ+HX32EmjJTSKmOLsRO1cZw4eymbY06JlKVu8uBs8XXhTE7vPm0gwcXEgbHRJaqxNPFAiIizyiUOAEMrDHcE4m5175pcE0n51DEgyEc8yXPN52mKwbJkYWdmROPlqlFnNNBNv/QMgxEyNiVjg7WUipDvQTNN1fcoMmZt6wEgIv8tARERNPwhAac6djUtlMq4OPYr+JlEcrHM/uVwIu2APy+bRtxMxNRY6MNOBD4exaBKtyfCvvjwNVLh0qimahSaNCnrM8J823RGd60jkKLu+dMY2hh+VVXVDJ7EnZc5ogMQmmh4iMtF4Lzj+l8yQENlSnq67EOmb1EU1msk2+guN8/6f2v9uh8ZwjUeDzoDhC0elgTamzdRoFE6hHhsRbo37NzlGoN5yDCjOIVc4/v8T99/hdhxF/jhcVT1z0g3KWbas5CQH2cYB42zjRAZjMiwZlpyWDEtYll1gYWFJS84YGxvbOOecc5KDnCVZstKNJ8x01/tH55k5V2J/3+d5B3N1zpyeDtXVVZ8K3WPpbt2y4Qub2X31dGT/rz7+SjfqXnpuGMzxRgRFjCbGYBgOQ1j+RNs997jxjZmwtLJ8qI+3AYs79Ugi7RlwgR9h5YWW8GXl4fRWPJLilgkbSYxkiSa6HmJ4MhWATb4tKUu0v4ZLTpsp9lejO4I1gIAIhEAEJEAkjACEFTqh6qrWpyEJwq9V7jzwFqyvM3p1TgnLGG5mU0M8MxxL4OhDLBNiI61s3OzEteMwRh/FEcX6K36NCRshJ6unOBqpkb7Oxig5NEv9qrgfAQlHkPIYA5ODgwKhadGXLmFhf+f/rAqw9G/4qWqMlZ2K4ZovHDJJSJNipZH3aqrOhopwykFbRWK/ct+lFtonoFd8IA/jSoujg2DSC4tl6qsfX039006E/eLyFbVNWQPbVkrzqZkhOH8IjRQ2Z8T3X43+kbKzx11B4KBwu0KTeqzb50L3fySgfiU5Tidje0K9wQMYNKVbNloj8pFwaUQuhGV/sLLF8aSlFZthuDPV7XdwZdgQIdTTAcEKJPVxLK8HwweLjinzW/F0knCV6vxWV4sDi+YuBvXrfKLCIcvB8nDqlSP66DPJbRmN3BxkCAt7H1XBsecco1DRNFsggAFx7GNYjAV6ogR95uikEPbUDuUm+9EFpaLt1m5WgjyyQGr40aLjEI5G5VzxzgGOYF1FGPYr5mrA2HCyj2MwkEDTFtRnwVMbMXvVKnCLzwBEcy9kR/+UXVQOcrqm2COTiG0tMWP+j4BCsCYQ7bqLL3SPFDRuiHTKkjNe5/Y+h3J2ahkdTkS/vKCKKggRAQUCEVICRIgmrwPQMazhKkcgMAvKZsGZoVnb0qzsABMZ4RYTJAjnRMSxvmYv+KcYtxMbvqA/sibcyu5+Kkwo2jFFtIv4ohg2LhSwX9ltVXZJF5YE7EcShkkRnJHjFrF1jSAqZ3dhYesCFAlkuU45ZkfDoOT1jnk7NRgIg8SoyBBJsd3G4cam4xmKAcCeTm/DmbFj20gJtIEkm71kxa0Ga0amsc6hR9MJYzFp8eYmIWBTK7BM8CZYEF6jOlnGJs8WrfILJLlfeTZqAj5o6rnYZ11wnOVVSJ9wvB5MQPFiM7DCFesUM+ngbpZBGnoJYeU8W9aN+R8A/Ks6gl8MIdDJQ7b/MxraVu4xv1mxiKDdFkiYpIxUkngGeYRicwqg6R9zBEKjRArPRlFZAKiweysAnHWoFO47kdxXlDgZXJm/6JR0v8RFp+4LETxdrtDfchnHRl5LhZmuTofbYZrmI2zLDsD4VmzdMT18T8qRqz5pjZW9jcYSifBQD/a5ygi80J/wSygXSkrNrUXPOaGqArv6K9eqE6LFQbolx+EEVpwD5L+HHbZOZOuAi+4XFXQVV+7UUvKcwcAAFEgV10rJ3i4YluVZKNtTXitVoYsiZLLPht+5aotT0QQrmhFFenqmiqFRBQWtNAAIsgmKWtSvpKTwrDcJIDBBsdhQYTAhZRlg6gXg+wQR9/kQbVVZBCAkAkH6zFsMva8WfAAW2JmNWR3XHHW2JKWCQu4pRBekQQgtHLTGfdyobcQSLqjGUrRoJtlOlARIifgAPqvVSbpKUB4qzwqTNKjY44QSa+1oLsvjiAjiux8BCXfLLKECuioUKIzJKgqn1e3KD1wJji3ddLjFzSVHlPO6REOu6LDpr2sXg9uewnZYEBYwRnmVG7tay8R1m5rNrAfIumrVGLzt9FOkvENFWNGs5asQhpCV56BsnbFdw465ld3va3FFIER874qDBks0ND8HCrVidKU7cR6On7qIC7k08dWyO3Qn/yMOQpzixLzY2jf/TxMggEQACRAEUV5tcVD6WQ6MUw+nrUVR3DVo8XWRWctTEoyawxKFIXhgEc1LwGscykZbtFKEBM/Y4nHv7c1AqTB65jBbYQGLok3TgmOKg+UurzS808sLabbWILPfRwe2p6zQUBvYDVoxgAIDSJDtjmi3eRoQAInBmJOKkYCRZUAfazabjVFuHMpQTxNQBTEo0zUy/kFEIDfR+kxBa3KjXbnuKSKzeUUPnZiVpanL6FAK7HOlbG8yuxOt0eShHVuhoC3i4tpBM51a1LKJ9SkHowOfYFBtKEzC6ay6yirckrhC35qBITLbEEXks4NY8kZMVqGX9MALmsFQoyTwiqvRPWQ50UZBAUAIQFQ+luUEZUG59JVUgSUY3JzSCCmvnr5XQcB7rq6SIf2vSjDUD0kGYb0dtVEYZoXiK0VEAuRQ1j4FBVLVJFZ/rpqgilmzrOGT8cHzRhkm6VVSivZPdYXcMjXnhI/0K1802EpTZuVSUUE5BikuJveAY9vQp+xpUmSPyoFwiUdKhrTtTVxV2WwLem7Yo6KeHV1+WVSBIFdTUCyifD/jsww8PBvvxDtdpuhv+dGgwopqvdEUbogrCD9bTxI+psN5GIqQKYVI9dz0c1RY/2dIuGLwc0oqISIRIQggdPlMFlOAE95WERjm1SNSYM+OcxBef2fFASVDJYXOuWgAVgDkrD+CgdmhB/CtW3UapOxbfOcBo4Ys1vNpX+xchH9usgoQK/jZ12Zv+UYBwB+ohIaMhvJAyP50IEseH1h0DozY0asd5qY+zwFlwe6I4eOx1jMS9L28kMLB2vhhJaNHF7vDvm1TEXYxoKyqNseKrodua0rQTrjps2zMsxfNJfcQOkcZml6EDriQ/3Vv3FKwNLZOvaDzntoY9NtVZySYj1nEU+gHHQ3CIUEf9C0GodzcMSMqBgUBs3AgcYxX2PQ5oncEJkNCBGuP7ELlaGa8AvNexnA9O6YL8aRHvBxUZ5quZIYSv7GdjLDr0RAKath+iDx1ISVQECSJ2X8syJ6xpDsQCAU0CybUw2xmK9SO5p4hSLgvzDJGaE8Fz3gfjvu5XNI9wKE8c89ZyWOAtBWjNvrmuIkdczl3ql0Sei7sgJztpEWi3VYZ0zTGLYQMiFKfIaxAyz27OxZ12A1tzNAoDleZBnBsgp8ciPTwDdnusz9kwPolkfXPCgGI0Il1s/6QkUyWtCIAhRIQJJB5zag210AGrKwZ2Xbd/EdkJ4ktdbXFa+WKMerMwrWGj2UtvahYZ1OaFFhGYAJgAaxInyhv1ouJRuo7YAxHBCGYCMGMla0WYwZQEqVbfWhVReBSRQQ3Aj0RSKyt2dj3r+WBCTG4lcCO6IbPrZxzz5s8XqvqdF8MjPFhyFDWRCjSbmR2it7OjJliDvsXTJP7VqGmrFLnwhN2GRiOio6VMBoCCQAYiaNzU12T0a6ikuSxQwoPX2EG4ywJe+dWb6gXCuOMK4ycfUGQsCAh/VI1q9t99qaFLQdxe1MgZi/0QsoXpFV/29U/F7fhsIEmdei89q0UaBvcLIenqogXPhoq5Ih66EgU/GpvcvSU9WqD1ffuc9TYlL6GsMPsxLJ9EvqyVhicc7DFD8+V0oXibrDbV4sA1jNsZQIDsAotz6CHgXKvUlC+7Zh/C7MTRfuxWMZ9RRvrLoffCy360J1RJzbu5SBV2F/rwaygZtzxWMMVJyLGzBWjKJughTgwWCARwkGna8trqNAfv2pjahuRjOijxCGpgisJWcWsPa1pIjEUEx1NMisGLOJaDanlras+osCjz76ywjxOAKQP3BREQC7+CRbgeE0EbsjaIkH21GWn2UriIbLonZMctDrQKjlGV9pcL9DXgyQARv9mOACHBowsKQJTdAUh+MGZeoXVXZj5kIDOiRp6m4p85Fa/e95OAvusMw7kYailOfzX/qY1fnGbcdyDCjcDs1P6TgEE4/SkC8vYnkJw07VSMMedegXjjyheIVIzBAj3wDgoUpqD0ufCOavW/1Fkb6eAbYcLVbHhucKaKOiMIDWi2KPAFWHIFSXzFqqMZbpB5w6CVa1NBTYugSErlkfpBhXzmvlKcZeCL9W5AcDkvSOBw7VcNJqriBPY3eovccJKLCZDHTAL1UIorUvABQr6DLEwJJ3MoS0rJEJ9bJIyww/tbLck2Ao4Z5eBY10G4+YIIDQGSs7q94KOhUiEuE5OLY0LKffhQoTiArU/+4+O/20kPkAAVU3bYy5siiYwErBkQADFgAoQWWIuc1CKiAQgKBemRzQ1aHciOoEatKgdKUqTHy21vBLwGz6U3ifJCuwKcARjVAqYpWQJkCZEghhJIehDiZSSUi8ZIiDQW/pAAQJqq8+PPdSXaP/TzpM8RyIiF+sEYGalTKIm6ellMHtSCSgQSWh4FCzWY1agFEtWSkrJhAoDYAbGk8dWuRIAs2KlMkYkRNR7FIE5V0pJZtYZ5KyUtUcByukehG6cWsxyngMgJMKY/WheROR33louLuwEKaQ5RsIlmmR7YfSRiz9w8CdkV1ctWjsrEm22jsDMKwajMP4nOIHaS91iV0PBql1SXiexldLlIfY3uvTPAObgIle4ZGJFlC241UJr1koU7wrsf2k2DPVXYbgQNhNJzhANeDVme2IcEYE/IbDbwjsGMEY1M8cUK3skvY8vUBmB8q1QIyaXKg64l5ou/QpFDeqeQOdEi0gW9TJCZABcyQlVNrlDEQWOr9C/hXkp/2qbwLBCw2Px5YGYW74eBDAWx1q8IqPOD8H+Go6iusMhS/QbVKWNV1EeiyXNaDB6qrITUOK96Nf4t35GZnWvqgBJxRjjtsrBhuryZU6IhKmdHTfD8a/hpCRBtZa+EWDmwgO+ATtms90vtA+gJGB8vy0WDmR+WG3lZbQwkTZA3QjjkB87izes0FqcvjkE0P4VhurJccaneRW8PozOoEImBgWsvKYKBaSpQGs/KtUMgaBBjAjtKWSFjqEXVBNzhyI/6BKCM8rCbppVgo4B3aqJCzjgF9YceFFtlMui3Lhg0NEqjo6WoK6Iwn67ahyLBYC1ELsBC1VKq7GiZVM8DH9XX5Y2JROidDnBGTC3hXC2pwFMCpeZOY2cS7NT0XksrLXyWnKXCn73RUxQwnAwBk0VpQo75nNFlEZEzAqQTY5g/GS5Nq9r/OfwffJTXfHsanHfR2d4cpVIFrFUyTdRWVm1tyLsSfSh8PuUqto8R8b+ZCIwRoVy7+GA0AmNRi+bzXoWCLk5BAB91rzDxz5WV55/W2coPXfqspVi300NQX5s4d9SD/wuAhXgkAJT25GabYGaa7QAUGxsV5aYJI2BIUhr0G3LiUnrUgEACUSI2tehYSHZX3KlFIpEix1UCkCxZMVsw4x6doLNq0zMkgCR9DJgBlBETERKkVIgksbgALRa0Otxuy0Bc5EgoFAqFSJttXSvepNtKRQiIRKhBMhRqlxJqZSTSE7IMTMJIiGQBAsixSwlk9DiCBNBSaqUNDDIKkYGZEJ7Drw1EZRCZlAKpWSpTJiDMGkM1Ot11evkY2MAQGRfW2O1HCAwaNucRavJtRoyUtaFLEcibjaJiBmw04ZuG5jtKXkAHBmcnpLaEaCUQkpbg5wr2W2T3qKqFCiFigMogVZPxcwTG9eeszBg/fLNKLhfKNdvGaDFEEEBfcsH9ahYwn8riQKMxL+NvIUlWEtZAEBQ9uArVaissHD7AE0zcmtt7sRaJ99rDNLiCnamx1eBjquUe1NbxWhLVDwZaxCH2Ms96WtplLpSdMF58D1Vt0Pjs3oUfbUSuyFGCVlTXxjVqSENu0kM8zCJQqJ7pipvi4OAgv+vr1CzcJF0/dRoqD68AihqjsAzXgkgoUR2fQy5Nx2Lvasw+ItR/Sk3TE5xedfVTmS9TlGmwKNQZSqHdq9nlcIodrLfUbUQibHgJReFRvv0vO8+St8r+3gSNmkGwM4EdeEqDOcpcvyG3dR1h6jGGe5cfqAS7NrmKvsNAMRI2h5EF5/sL3q49Ak8O7PVkHqMVltg8B9Z49Oh3tjPZv6DaD4Y0Wr+ECo61esFN4TrydYQa9IyJXwx/U+kUOL44lS6xug8k/jgbGG2kdFYcXIwf4VZskc8GQJarBwXigcUG1ruX5sxHf5aXAuRpsZIPDnnKQBWWTV6QpzkCR/1/Gx1dajbImTTV9HphecPjwnG5meRCzLE5466dPEiwolGV0qfsIOOhbDvJlZU5ZPUrK4AF5C37oOQdfRXi0kMKzArZlZKqYA3GJic1yXuT0ioMDJfCo1G0x88YHm6LPhMMMdW1hdD2im28TTTVjyjodz1jFYpc0urBAB2qHL8pZTXD0SsQT8CBxxnKKENpHApsGXRYJI1Abz4LTopIPB3WXaxiVbRegk4vzgTHH12PIYA5Wlhz9hBvVioJZRXBqb54UehFpvTipYdFQODUsyEstfdsGHd6NatM2fOmjlzdoKozMsqzX+od2wYqimWStTrlCbZRJvznJhJSVCKk1RqnSAEIKEQIAiJgEgfQouImOfQ6wIQKMWKM6mUYsFKSKU62bon127dsnnewl3mzJmniLpJgogt4O3btz728EMyy3fbc59ZCxdkhIgoEICQmLBeq9cGIE0BEZgMAZQEREgS6PZUt00igVRAt9Pr5cSISACcdbqYZrWhQVCgpAQkZAZGJszsJOlEWURzcoJAIiLUW45VBrlsb9n8/FPPDTQHZs1Z0Gt3kN1GU6siDRsiK5mPjpKUopZyo4X1JuQ9OTaqslyiSpAEEkpl9KQGAwpAAAAyWfsTjfNV1BuiWZ/ctCFJarXmYDbZJq1llQJlk2uJ0KQgBzxjU5pCtotANjhJalk++s1V5vG8Z+qKCwGhgOWsg8Al/Djt5WK/kXS2DyNWGmlY+uaSIIx89Qf8hwU5OG0KAhnlkYBL1wq6UDXGEOQFdLBBzqhA6XIpYeVwYtRElSCNBES/LfRmMrFE277wr9wND9Cr2MbJ+yiqWVBEMYSDeHp9t4tSLmzaU5ddfmbsew5VUmiCVgwNSpI3NlPLjxTIa72dGFdgK9e0ClR8MMZ4krCYrxlVW0HwQLcWcZgxG3yXqoYf65XiGF0hn85XqZv78E6lpVf4NYyWl9myX22FKLqbjiKX9q+hn6lcfbNqdMWpi/Fh2UdhkmFKQ+tHpWJyVOGp4FZS/DHs0E5ezJX8UV2z58idb8C5szXfMrGJMJqZ83uSqrqmi3h8Guol3Rty391x9WTOj8CCzCUgBrZxJW+CugVkj50woL2w2KBAWw7+oh9pMNMlCV5xsl9p1HY8FQG7iqk1HvdgyfdtvV8VITgoGw+BseHhTHAPHMkwvBfd6nP10+Ommehr1SiK4VouF3WBTyuAK7C2K1s+aaLcKDoe3NH0RCK4msGdZi7eKBarfMpZblXHIgVsGfSGrUOMNdQKYk3BIIK1GSUaaTCz097EuAN9rn9A+vxjYqd6oneihqqEHPbsr7ur3NZZv6SN94chFCqF59xNs4qCpRTqn7Cz9i8G2j9WqEHd4TKcYqyhK4bD2/ZGnEXlq59qumIxYPqJaCUxsv4PAJQCKZlUlmWiNTDy5FPf//o3r7rnrne/+rVv+uf3Y7ORd7tJkgBpWU6I+vRmhQAsQQy2JrdsHh+bnDF/ARDlE+1Ev4qVud5ouO2mAADCjogAGCHrKaWABCtmZkpEq9kCQZBLSBtbH3/spz/44QU3XP+eV5324S9+HoemNfOM6nVAvOeWm772hS+1xyb+5TOfPvld7264AbYn5eREZ2Ly2aee2LRhYwaYpIKQleIkrSmpFMDceXOnDw/eccttd91w8wuPOfLYl7683ekSqnpau+/22878y59XrFx54iteuWDFyizrCWaSKk2TtNEAfW4qIigJzJDnkOd5lvWybOtzz6175qmn1q7dPrL9wQcfeuSRR1bstvQTn/7swuXLZa9LhAjeIaLzHYgoY3X+r//wlwvPXz533kc++7n5B66WWffKP57xm3P+umTugg995hPzdlumuuM6JmNYANEc5SqEImKzdZUTonxy8oqzzjj/7HMWz5v/3k9+ZsYui3ojI5oDWCCA0G+sIS2AEcxGVnCRcy+XK3SHZ0YOdH6luJjSrWhK9NM0/rPflFtdQ/Ep9CoILVCJL4N3GBVQIC7ixRsM/R+Rq1OZKDsnJXeyWOGR0JMYoEGXF1d6IhQiWAZIO7iqjZPQ5gkVuulGNdreQTNF1INlbps6arTjumN/6BSFK2z4PrZo/xH0faqiUeyLwF2Jsp3s2bjgkmG7491Otitc3cP+kCzGHuVemULwj3BUVRf+gYVghRdDYCX+//EqYwao5J/gp2oH1s7RrxBcSOxdALeDFoNATp96fcwXvEOvkBuA/TpaqicYQiV2tnaU3iTD5vA9dOV1r80w7BDArP0oSgkslTQhPx/v0YlWKBAVCGHQh64r8iEwMwArZglKQa70PhX9n3ayMBIAKgVg3NuIAlHvxrFRW9Aa0fQYnQQshX0KHhGXvGFWTaDQ0B1G6gJqgWIOTSKnR521GQbQtB8O2N51WpmD2oMtnmjYESJe4aACOx0Y0NGd42CoFnSFXV6oPTUCvWPZDczI9MLKtUKQ40kzVEA3LEcAF/UNKw++B49HO4+ct9LdM5UzBnt0POmNO08vLD0gNANktm8/MMREDLdq2nnH0JPgAuWWxOC1nP8S0s1ylm0Og9zO4EF3yI0uahqxlRssCgzAGBw75J0WqKdQz7B3/WjuC5O00Op413zR+inpck/lotaMDNrCGgolUhDpNyWD4Za8wqUaQtpP4Q2taHSKSwW8FiyhwvBsNMmuJittHdminFcrlm2fHJ31MkPLJF5AOB9MZcSI3ScEB8vMyvR9C7a0+S6B7YUboud0tKfCeJEYLOzCq82tjCIGyAFdVqgE7EmsIXY5f+TRR29f88iJzz6TIwFRFyBFFIA6eokABCBIsJRUq21bt+Gn3/vu/Xfd/Z4PfeSoV71KEfa63Vpav+ysv95w/XWN4WEGUEomIiFCAETCepooKdtj48edcsphJ57S63YSpJGt2x6+8cbn1q/Ps7xeq2/cvP6mO2596Mmnb7/77huuuJQhGRsZReShwYFbbrph7RNPQ5bfffvtM+bP37Jxk1J5LUl323vVygNWb3viqR999/sX33RTM0l7ea/Hec44vV4XlGybnDhq773e94F/vv7yy7/5pzNeteahlfuunrd0N8izyV7n/Av+/r1f//bEgw467JjjF6Rpb7JdryWY5Y/fe9/axx9t1BrdTqeddUe2bdu2fWT71m3dXqZk1hkbe3Lt45s2b1y3cXOnl+UAKcD2DZvvuOnGRUuX6q2Y4X4DBlQsBaJCfPixNWdee+0LZs56x/vfPx9AMj/2xCN/vvrqw3dZ9gGpGEApDt6QZmaOiSSiIpIASimSTLWkNzl59UWX/um8C4YTsW37tvd+8tPL9toja3eUVAzI1pUrgAUSol1i7BSTETFWj4TKLe5AoCudy6wqOud5NuBm4/HwCzDQLwEqDgQFx82C37kdiG8ABiAHnYMuWhHsyc/KOrCi3oarK4z5xBX5X8syqlg+rCfQ4KFUmlqmlUNDhb6FArpg/8R9M8jGqmQvVCtbdF31Qwv1eqhJDX/4QKtXrWB0sK+9pIzKOM3MbFzSxjax0LSvozyEki4Ay9tOkfofA4HJbtROONvAWhx3tw9qMzuYKaOVw34GD7L9GkXYLIWjFAJbWzDjemjenjREDkYY/Wq7jcHNSoUb3Q+VSMyBHNgmFVUVZzcgezjY/raZJnXYogGH9gME84t2Z3Voglb2x3U3eL6CGcNrahOaS2U8/1fBm7Jp5n8N6F+mdvhMgNarq00ggiLm2Du/AzgYUWWwtXJWmdm1VkTzO2PuG9HJTuY60cuKCRBBayMKVEZBiGMQmdRvU0NgpVjVk3pd1MnFKQEAgEAIG/Pc6Yut/aksBkcwb6pgBCAgqbibZ8wKBQIz222ktgI/XK2fCua3B9XhzWBi+u1HdBrDAFObv+2YQWtw3aaX+3pJeB53qyes1ih/qw+i/mkro2AdgD3tom8/q4ZpSwQ8xjGuKF0FIV4ozsU27BJivcjZF3T6ztZnRhWrB4yaCNYkeKJZUnvxDgFNXaPoy7uUnBKd+n4t3jTaIlStsfAtkoUBzMJny11WXEYjQgBW+n0TBvgwK1ARZb17xPyxYQrHfhAJGd+rSslg4qxWaO+kx70q/Gj+MlqtzM4GKj5cdGzEgtVrsrg/RngGTcey2CfTReKt1HiIQB0VAvZ1PzAwAtsQFYL1m9mVbWNQwRDLnBM4Npw9WCgSyyuOz/qPPCPx4+FIS437LKSonbAt9NjFLiKJaUq1mp4PAADFaS2jer01bdr8hXMG7hGDgwPUaFCzKRBFmgjUL1FEJKIsgyxXDCKtbXhs7XVXXHnZQ2s2bt32rmefPv6lL5m+YBFJec1VV33vT3+aAZCgYOB6vSbIaJkkSXrd9mi3NzQ0/bBTX8Z5Qs3mM3fd87Wvfv3u++8dIOoqhUJAInZpNG++6467P3hft9PrdTpKyiShWrOZpoJE+ruzzvrFn//c6XYyqVSef+y9//zZQw/FZhOE2D6ybUsvG542fcbwtI6UW7aNtMdHFuy66977HbRo6YrDDj9i8SWXXXbnXRf99ay3f+JjIJL7b7rp3PPPG261DjniyF2Wr+xOdpCBkBjp+quu+rfvfHtGq6XyXpbLbjfLIZ9s9yQomfPsgYG5c+dMnzZn0eKlw9Onv+AFL9htxfLB4aEFixYpRALhxbWSrJTeN6sUAHN9sDVLiFlzZlJCAMAsm0PNeULMnjdLpAnkOjNIJ5frM4pQnxyIjTpQQsDIjHmuGGrD005/+9sn8+4FF1/yx7POfv75re/96MdWH3II1OpAAEhIAhERAfMc9ak5mhUUgFFhXMykcVzlfI0FTkOMWc08GypCx4FOkwJA4NV25arhTKAfw7N/rTiMemkFjvvs+Z+RzV57szjM4WTsSlbrwv4oVHeX9FFnRfetH3VhLOb3sG/mCXQFppDhfn6Y0fv2S2g16KF7rpCeNIVHL7R1nQUVyOoCijK1cOiHRd83V6Sf5dNvjK7ftvL+kxGl+U51ReKzpJ44LmMV/j/2VhWwdPMPFlAIlhBO+KTtQ3FJFKzQ4HPBhis2B9aDEI63SjWDAzxVgyp/LU5rHyJVe2o0jNsRbSObM6wTPItWznzE/H0W+BQcU7YPp+pkYO0XRtTX9q6qNXABgC/Wf3SFthLjbvDyRxvuaIEOhg9XtNrvUoFvP3BjFExtXyFE821tYnfmrAWvNhtL780MukeIJm8+woU2W5ClUszN2sCW7rZ1o491ZU+xkiz1iYfEBAAEJJAIkZDMXhkLKB3iY9bxT6mUVKyUdSHqYvpZQCTABGnxtPmLBxYrJXuy5zwxDuWhmyozsDK6jk6PKchHKvFDAWwajRfIcOcds9WGQiGozzpl4yBVWHNcQ9xN7+QxX/UU+Po57pC3eqyONhZg2KLydAO2WD/oSnyFS8F9tVHXCkHn9Wjh+XDA6D7t6HLBXi1DLXiJqG/5ukBWRo9eis27XhYVQGnAxf4E/pH4CX9Oj5UOro1g8UIg48382CFi0JcgUaHcg9hKsSaoA2qON/rBCwMpg91BcUG2pHG0IyJXm379UmjNhj0pLzyv7OMRFHUbYNlhMKVy8gyplAJ2bxUO2tDVBu+f0QJUqwW9WBgBFIemIwNALkEQCtTU1an/wTFTvneBa8IEkNBae+hH3QdtBExrvdQByWJrgH06erjGQ/oV2ynIEtcRBgYkkBmOdwSSkkpJqWQus5zHhJyYBCKWUjKLrFvrJZBnQuZCEJFAkYDerowMALLdWbByxSc+97lp//vzi6679vFvfOM9a9e+4+Mfnz179qEvPPTjtXRgcKhGRIiUJkiCEfTrF/Ms37p5yx777MMyE4IgEfVWfeWuSwbqjVa9PtqeaHc6T69bv2X71qFmY+bAtMa8Vj2tJyJRAtY/t2Hb88+DkgsXLFq+516ACEQT4+O7rlyuxsdmLljwzx/7UNadvPCyK97z5je/5A1vzCfHzvvLmb/89a9ef8qJH/zSF9NmevIeK764bfMnvvSVs88//zVvfGM6c9rvf/3Lh59+9uQjX/TqN7xhcM7sztZtKTBKyYDNgYHZM2a10loiuNlotAantbvjDzz6+PjE5DGHHXLaaa9ZufcejYGh1rTp0+rNoeVLTGprLvPJcVQKdFILAgskEswy7/YYkRlzqTIpO91enjMAsFJ5L+tJ2ev1pFT6DgshlSIAoQ/WIgGASZYnCYCSkln7kSmpH3D0MXOmDbXS2l/Ov+Dq669duefue+21R21gIElTJAKSmhGIBBApxGA5AIPN8Xai2bF7oLXBSmMrcIxAdKA3NEL8ReGacZIgQGlFNcGO0cHk0yIWitmeALBZPeYLGukJwVgUACvtYEKlM06Chaibir0/VZcPuEAomuKqdgznquv28ravZ5CDv65Bi+kjQNgHWwcywqsAOwh2tYWXUsrDyMKvXiMHgwhCVf0AfmXotapcNBjuow/BTUmf+9X0xIiVKlFKULakMeN6Qv1oHu/z0st+2lATs3DEYeHB4jBKxq1dNsHKKngQqiLVoX24UzGtPtdUfpOqKyRRNRtXulQcLClh1nIQskwi728Ne74TfQ3r6Ve+krEjuOuRoHbce7npuLhyaZjctDK4qjh/KGo7yBwoJxsEtfhB2nFy2avfF1BGf3x/I33gicAAipWpz6SRGYHNwGTO4LYVOrWkl79iZqjXBu/d/Mivbj3jnnUPZSyVUkop/Upx1Icz6LMZBOlzdrXj1Zu42krXp83rI+v14SsMYN82jiRIUIJEIBKRLJg+6+V7nfDS5ccPilZbde2iBRtoRAffY81TkFqh19AJ4oiszmAJn3R1skvyZEB0gc/AnnCiHULNbpOaijLVvZrJWyWxIRIIF3ZWCgRODTPZPmJpvSCO2/2iCayhMEKr/4dBJoNRh2XJGWQvFACE6Xh85pLpnw3PRWkS1lVtnXPxhCE4RGSwUSCCA+70fBDJK2NyM/tkct9yqO1D3eOcrHEsLtp+bmfA8UaYR+bNDTZ/AzVTfX6asisy1kiRggio7GY0Uo9Q7EfwIXK/xZKzQt/EUKrweFhtyA4u+FlIg/HA0Zh/ZblvntJy0uWlFNqKxlLCWQw6p06/ygNAKWsB2qfsH5Odri1PczCMlR6gAEmBAgVYr2NrgGWmOpNEZh0jkX15o5POkTJxS98NjDnSK/Z+QE9mnlJdR35t/8EzVrxAywAR3TPOncHMSspkeHjdmgf/+LOfPffchoGBQVYSmFkBI4ha+vjjTw0Q3n3PXT/8xr+zBMVSi7NEJJD1BMEJr3jV3i86AlGoXjZ97tzjXvuaeXNnp/9Ov7v66quuuuaVb3rLrDlzjjzppCNPPlkkqUgEABIiiAQRgZAVs1SZkkktlbmkJOEs23XPPb/43W+naYoEnXZHpekffvSD3/3s5x/45Edf8ca3cK+XpnUiqg0PXnPh+T/4xjdRyg9+/nMnn/4mUBJSkXe6kjDP8rQ5sHL1gbvuutv2TnfW7BmrDjsUANbed8/2boYJNYZazzz6SDNJjznm6CP32Xv95k03XXf1lonxC664fOa04UW77qKy8c2PPjR9xmwG5G4GCEeecsru++8PCI2hwemtxsO33/KDn/x0y9ZtRx12xCe/8MUDX3QI1muQNrpbNp/1q1/PWrTomJNPEUkKrHS6ss7pIQQQiWy3u70u1erS6ENkACWlzCUoZsW5hAyMR5a1hBRJfagFRKrXYwBKhGS+8cILHn3woXqzwchEiajXWaKUOXKW1GoDjWYnEU899cRZf/g9K5mkiT7rN8uyRKSnv/2dzVmzIM+ZjIsiEByRhgC/c6+YywZF6REEdKzQ9wxagWL86xWt/PZiGMIl73sXq7lQhwcLLNz5aHazuMI2vQTBrDsH/0zjsTyM5BiEWi34tQoiO3xcCDn4qEVZITEbamstXBU2iby61n0QNu3CNaFUKY4iUF3FZ0MicjQLYGfFaTHTVgxZowoDjVCwK4LOYEGQxZ7rKruyT6gTy3PH0RM7irO5x3bqKtuiUxtvDFWdDp/1RZkrawsmN3yw+Gu56anfGhIYn1P8WoATFZZhPMDQnVGopOzp2Jkoq//VwhIuxHVKVyBDTL2hGYlhlyBayAWKlZdKuYmy6esaYWc1OyiAFZMSii0/0inZseDjSNAD5rBWhmAp/l+uKs6IlnQhiBEYn25gGmFpvIsatoF95b0FwFZvmARCWyWC9XQikszzRtpaM/LEd6/9yRWP3NhTLGopIpNi0g27uKcgVIAEqA+4B5OnCgBKp/QqUJJZKW3Aso6BauFMgEgoUBAmlKLAhyfWrhl5Ugl4w8qXJiByzgAoPmtyp8gbicVqoWCU4Q6rM4YTmJw973MpvLgT9RZBCuNtChT44CYDxI8EPbFrxtyoFBNumoJhFj4Y/R2foIkQdInZtxI9aBdUKAdUTB6v8MuDiMth/ADbbwWIom/radDMjW5Ba3oV0y4K06XpGQbk+qz2KS8Hn0LgUf1jOAZnfhQrC6dFBQiKAXknDsNybVT3vRD53HlPfAAjQNy/GCauChnHOs8Bup2t3lTxD/RhJx3k+lKMzooH0G9UteZlOCf6H4sbrElsjU9WSjESDQ4S57zpGRwYxsFpamICkc3B3Ry9SwFCcy+AOxbCu5b7xNl3RI5SfLjqY/hA8MHJfP+AkyXIMs8Sgdu2bT3r3L/d98yGAYAcoAaAAD2AGsBAkkyrJfffceedN97CAAmiBM4Z6pgwy2nN5so9Vq066kjta+xNTLKSex100Ic/9qHFC+btvs++85ctpeHhma0WiMS+f2UHo5XjE80Zs4DEEw+vGR8dJUHTZ88cbrXmz13Akp9a+9jI1q21Wo0B6q3W2NatS3bZRXZ627Y8f9vN12zevE12u3Pnzl114MHpQKsrVdqTaVJjgNvuuPPQqy9XUt5+2+0JAECy/dHHf/hv37r5gXvnDw08vWlTZ7L945/+7NmNGzduHx+u16+59rr7H3xw7113+8inPrNsn1XdyUkUyey5c+cv2RXqjc7zGy+/+MKz/3TGPQ8++KqXveRTn/3CysMOBQDIu5sff+yX3/nud378o4P3WrV45uxVRx4hsxwhAUImIATVyx+45ZYLzzlz0YKFp7/rvVRL8m7O+iQm7b5lxVKxkvrFIIoRBEG9tnHD+ocffnjJ8uW7rVwBKEAkeXvyvLPPPfOvf53WaipmhQDEoEhJiQKHBpu9bnui0zn/imsuvPIalKpGmCAJQbmUtUbz1Fe/tjlvLuTSsohfOf4oQI1qYkAUih6XNcNF1iyK2fD3KoBu7ZCwjqDRoPXKDMwQ7fX90a+GojgIC+zw0pHYklUAReFWzuOY+golRSXkLIb+0P9biSqnEDa8I0lU9lFGjxdgZ8E2+H97BgyWvxXzawrG2I5b9yBnqhNVXIRwJzVpZbQz6kys0vy3mIYF1g87VNnLwoepp7Yc6650UgfVT0Wf6uDk/7er0KVyhQWDtn9F1YSo5pApOaEsX/pJs3CGw8++L5VzaCSgPffH7WWF4rorfA4jxvp+YvuJEE22H0XBKxBbz2a0GDzrl0EBsRecFgUvewV1wuwsdnUysDJ+QC7ABOPT19Ef0BlsrFjWRNrl7I93n3PN2psajVoLk3beQWZh9lgoZsj16STOjDHbqJDCtc8MVtPq0AUq45jU70sjZAK93QUbjYGB5tCGya1/eOD8PWcuO3jWvmNZRgRWJeghaZXJ0SlsaK03tlSIFjuHkj1wJjk6GdqGD3mbKVLGMXvZCSNNOtQ5ycDeB2S82wiKnYPOezzQjq0om0qHoDpPsuFandiMjtBhvxF9W6bXmi2su8HZoOa2oZ/dUmsQiaE5m6iK2ZKIbgNR6Pg1PbJMFY0lRPFRnrcZvyckFwxXDabBxp3sjLDtqKYUBH4Ejz58+Ar9T8YaQVvIfXPEiqc39CX7WkO3j3dGO5RXuNiiBxWEQYslbeKF7o8PxgYeooJ32buWDc11/E4XNtxeYWGac9L8JDg70/mwXZeC3tvl5bwkQe8RI+UaSSQMz01ySKpPYVebH0NwX/OXu6uAlXuvqp1hu9nN9taOQ0s/ff6DENQcUOufHr3yguyeO3HuwqFXviZZdaBsT5Ldho7Kc6odnTM1TUeCRBl3rmi4pmJGN0MDgKJqDOPPLizF1igI6eoXnFmeAdQ22QhsSaQAUSkFUiJRc3BoUGw68oB9l8xbIHOpELVLcM0jj61/5pkVu69ctnSp3pHPwEmSjG0buf/BB4XktF4DBFYSBdanD7OUzOrAE47f/aCD6q3BTOaP33orKCZKWCc9CpGkCSMqqVgxK8lSAoLijJLanF0WD06fAYS3X33NN7761Wc3buQ8Z5bddnf75MRdX/qaApkBJEIAgACQzM2kwawuuPnGZpp2c5Uh7rd02Ve++R+HvvSU7thESpSmSQJw9fU33Xfv/YmA7VtH6ohKMTCnCT23cd329YAk6vXWrXfeLQkWz5vbEsnEyOjGdZuSttq+bQQRFSsElr0eIDx1xx3f++Z/nHvN1WOjYy8//tgPvOddc+fMfOS2W3udyftuuf3Kqy7/+6VXLV289MUnnTw4YxpIpedAITGRQGLu3XXbLT/40c/23XPlYUcfveKwI9qTE0pKAFCsGKRRsEoCAAECASNCmtxz111f+trX9t9jj89/+V93O/AAlozMixcv3G+fVTUhWHEOSnFOnNTSdLwz+czTj/c6naWLdxmeOTPP8rpI60mCAESUZb20VqvVm5W+MeeRsVLTAZxg0aGXbo4VyysUQn6OwYnBFR57s5H+XuY7D5EViejEgxe7aP8Je+ECANVI2IphL8zto6E5EEp6G7kI1q9bzRabYYDlIuKU3uWA8Vsigg5Eck9nggDYPVCxpPStF7UFA6DvlUfV1WC8ADKjgM+UZokfewDciyVdkoZTzRBnZAX+tTA+6fF30KsQQodRpjIQj0YRojav8oJulIznchOOIBiyTVWxig6EnbSauoJcOj4RktRqrpgIU/XW1OOItXOmYKig3QIHsIBPowLryTfYQas863xiu+RCJqsI7u3Q+1wab9jJnaFGtEY4erDQq6gGmwe7Mxa1t7ZKs1wGYOFz3oBwAjIco6kBLCgPVLnzZDnMEPNbeKfi/SsFp365QNUjfe9XCwPXWfexFJPmqFpkYKVAKZZK+khBn1rR0A8RmFU+kLYe2P74HevuUQmQEEkGq2auHBAtKaUiZmAkZLPvE5gACZEY9OEHdt6U0bnMUinJOvIJivWLEBmQCYTAFLAORCiezJ/fJscbzdrDzz9594ZHDpm1fwJCKTZvd7M6xVpPdsVHQ3GSngs/GAIV+WoqGnvCOuPXlkAEMK8XQNQGHzBbZcpm+Ba9W1yIYOOhXiEh6I1EGnY6QV6cHmdEuhXoFLCRCcEhsEEFlmhxjVrthYdH2TzVuJy1SXT+FrJ98Y4hYQFIg7vlxJjvTpXzBK2h68pGaVUVq8EqNpcfbYdZrX37zXNJcujxhZKtYD+UayrkJQTwSPNLsR0G0LvEA49ZvyuUIQFHRMq+TM4dXaHlGYGtKSROKK9juV/s8j/UlXLl9k7f0qxMPF6Z/Ftjj0YyvyAQ2f4HgIoVgECqUffmq7edc2bvgbup2wVxf7bh6Rkf/myycm/VntQHjQABMFmu7T9aN+/xCuvDtZUk6PtLPJhgIbknLYhDvygAwI6XGCSDyTdRIOXrTj/9xNec1ul28zyDNK2x+taXv/LLJ5484ODD3vfxj3Et6XU6iRD1gcF7r736P7769ZHN24QQAIhC5O2JkQ0bOpPjQmCWq3RgcGj27F984z9//7e/1YUgxblSgihN0lqaZAjdTCklWUkCqBHmLEW38+EPf/Sl73kPILYnxh969OEM4AX77jc0PDzcGmjV67nK20pmvbzXyxhVQkmSpK16HZTsZlmjXl+/ft2VN960afPWsdExvRVYz00OMDjQmjd71pYtW/NMthKU3c7QnFkf+tJnX/mm13a7Hehl11x13fd/8pN58+a/9z3v2mevPbc9/3y93pg1Z95uuy/Luh0hSAHUW80t65797n9+64fnn48AM0S6ZcvIj376860j27udrNOdvOve+xXz4S847HOf+9RhJ54EIPPJSdFoKKX0yVWsJCXJ0hW7z1+44In1G6+69OIVhxwOoBj0G1JZKqOEpfeXIgrRbbdvveO2B556usbU6/aQMc+zpNE4/b3vOvn012pOVMrsx62l6YZH1nzuUx9rT3RPPP7Fb/zg+7NuT5CgWgKIAJjnUiAMzZ0FeY4UyK8QHFh+YuZYaVqjqJINq1k0hk4eQZYZPRSlbP6i0XyWi/tIcrTz7YWtQ89+WdgPbNVqUBw4KFtaeGGb5S4Egj7uVfUCrjBBARBAxZZqJXrhGMVCGcyEI/b2iXMssN3IXtm1fnWWCvRPTukLcQsKIoSrlkecCTGlai7wZNFs3snIWEEOTwX6qqydQls71y6WeUc/7LwmU11F12TUvb5tTl1lWKAK+7JVGwaheBadyrexQzNnij4XqBo+Ug4AFqstoZ6qWYv64RfvlGCjML9crKjiqR3zQ8WF4eIsfwgrd66NsKGq939qi7aqN1HUAt3/q8jspsQgxehm3LXqHgMwsAqGBAxKKqWUZFA66mO3PmsPv+cxRGLzKk4kphTT8Wwy57xWTzvtznErXvSBQ/5pdn3GZN4mROsBIkTUX8m8dkwQeU++AmZWSimppNLK11ieoM+1BQIkShgTRsLkL49f9L+PniFBooJ23mEAgUJxDjo0ZU0kAAZ3kogXv5VXgYNCPcXBjzHb6TsUPh3vGEcAc9ogIiKaMCTal4iH9fgUVhsiNJJOEx0BA/MFreTlIqz2pqJL8Q2PUiiaESVRZ2sj++JWFwlH57bx6jx+ki1SYKtBUW8pInvIkWnPkMVT1aUk6gOtwDuI7JkWtj290AK3rvshmNpKZVIpo/zTgG7vbbwJxVEo6DG646cCR0AEb1ixr0mTrhgeMJIAAVQAdWKZGB0lXRhFuPJtzM84yMHuHfIOL7MamFX/kwMj3Gn5zs8EF+4UrqgwxAZwYHkzRDe90JxSRIeKv+SZLgyCQTGyAqlAKdZnaaPmGtQrx7iAHOf4p5VSDASUivbVl2/91c/ydeuo1cQZ0wGw99ij2375k7mf+CLNmsm9DO3hcmgd8kZhFO1wwyEhgnd8w+zWIMb0iSbDj84pCKsOfJJC4XLj8uoCLKPa6BEzKNCb7gmYFUuAwWkzZixblrU7E5Md0WoOETUGB3oAopbO2nUXag302u16LU2brelrHuwxKyBCAbnERnPDE8/8/L++88jjj8+ZOX1ksp0I8YkvfH5yZNt9996bIqWMGcgJAAmAAATQBGw2aoKImZtp2s3kUJJKaaRFo5bOHmoumr/LV770xeV7rHjq/oek7A0MDAIjKm00SCKiRNQb9YmxUZHU5u665Jw///HeO+9stZppmkipgIiApVI9gKOOPOLj//KJ9Y+u/c0vf3nORZeMjIyNbBkZmDt71cFz6wkgqg3PrMuYG2n9BQcceNhxx44+99zQ8BAD5UqxzAiJGUSSbH1uwwMP3j8jrc0eHJg2bej5rc/ffPedPQAF0EBcteferzzxlJNPPXH+koXPPrJm/sJFUK/3uh0SKUGugwwokn1ecNDRRx1x5plnX3HZVS8//dHhBXPCOSUwKhEAEEhL1EceuP+yyy6bVa+/8lWvXLpqlex0kAiQFqzcY4G1BvXxCbnM60kyCDIhqAmcP3/+8tUHTo6PiyQRaSKEcM5fnpwEmWved+9+Ci0CLTYMLLawOYiyWFFsl5ZjNBMbsaxnHu1viQF4ZyHa1RExbdwxa725B0wxb4J6IBVYpVa1OsxM+h2qtk6wBftebsWh+Q+DbAUVx08KALrS2iwJ1GrbxIgrZarF4KwLqIB56OhnBUvsSQ5/KbRi24+Tq/pehZhPZKTZHkQ2cwk6FC8Eq0CcDOWQyHHLRb0Q/lwFtsNRI1C8lQgc+LETqlShcq/O2Er7yrOIqi4XcyuygQumaT5RCsonRHCQ8OQ6C9GSKTfnGwqWE1gU5WtTioNh2gVo1lSRwuxgKiOgf7aKCD7MGOABl3tVpEDVVTYd+xUuH0CNPhJTvpQdoMZLNomjNEeeY+KecNXXcIoBwL6xOX4kEmR9Lrtqwm1jVpbG2KnwHCIz2/d/9nMAVAseP8GhBerpohkULa6FgCIuFBtWGKPeqrCyZndmYH3oj85XI9B5r2xzJRAdEEdkRgImIABMSNTSWj2tybZcNnPJQQtXDVOrw11rv6OGGuZtcf1fxMKgJCjFSgGDTaPRFisBEghnXO07trb5eG08n6xDaijBSEDKHXnpLRa/5Mr+2kjCYbBCwjXIBV5xb9Aprnot7y2k9b5d3TQxhoUJiAEZJHptBqzMhn5lsx/RkcEuCgBGQAIE1uefeOwb9iQcOYP1qZlyxhayqXvgBAMbDezGh8acKVATrNItCRELbsFupAPUW5ICD5l/xIlxCPCAW+V+6KW1Yt3gekDIyC53KwDeULL5gkH7tsJ+6ZvuGLKgJnDdiOr0LVQIgoispriZUxNs46qCbGY56lO5/hCPYTDrXOwoFtO0bQWFnA2b+RQTxTzJ8Xm2keALpwdtTdUksbcLWTQFqVU4PaKq3Sl0PekxKWal/CucgKEsfBjAs43+BqLRyO+9a8svfiaffaY2PCQFcLfDQohWq3v/PeN/+9PQ2/9Z6YNkSOPNClHuE2O8AwAK82hRluuKue2GHrpUvPsRii6AQEWWh+c0Fvi1pnmcrdcClFLKsWiW9eTkZLvTm5hsJwB1ge1eJgCyvDc6MZEA9drtLMuHavVelklWEsEcq0M0OjJ6x+133PzYo0NAI6A6AEe/+MS3fuCDe63aN5dyaHhw89PP/vbPZ1y75sEVM2a94TWvOfjIw1upoF7WReZa0pvo1geG9zpwtexMiuZAr9vduGW7oAYpvu22u777/f/Oej3MZDeTaZqKRCgEUKyUHBxo9gB2mTf/3W/7p+545/FOV20fydtdEgKkokQAggJYvOvixfsduHi/A5999qnzL71EgUwSlCpTCpHSeqvZqKUMkCAjETRbabPFlGJCCaDsdhFRCMrb7VnzFnz6C5/bvnlzq17n7uSDj6z5w18v2LB564xW66UnnfiWt75ljwNWJ4n4xX//z+VXXP7WN73xlW9/R4+Zux2q15ARCBnktJkzjz766MsvvnjN2ifuuO2mk08/vSaSBJxrFsAezEqEtZSydvu888998LEnVu+x8hWnvbI2NCg7baSEFXdGxzOlelmuTy5WSuW5HEjTrVu3IaKgRLIc27pl+8iYSJIkEaTPZCCsCVFPawkSSImsvdIxJ1XowJiDLe5wEsNJeKNAwHNnQX2Ygm6lREEXrLpZ4O2C7A30stHs/tBeLVPM74HRqisvg5IQa1aD3f7yxxcpGZ9TFAoE8Y4DJhzk5YLF14VsPSeL7Zr3ea2miRD9exUVkJZ9W+DEMkfavxIE+4BMHzKVw1Phg34Qjnesy75vJLmglvuc5Q4Y/A3LB7cr8XqRCKa2ighROWQXWjI7aabGffY1+hhdn06WH/XxsapVXBFLxALwqK4fAb0ZGRYNTDjoN1+W3BHX7Yg4U3BaxYUVtg8AMHAftvTkKTuPyvUAVC/qsmspBAf9OCSuwTzab2RTdCm8kvCu7mncuSpIOCVi87jNcknIOBWPcYUHyxPXx7MQAUGBkkq/0JOtwwMswPZMwoDaHwuke5SgSFAkSS1NFEjuZt1xgZ18UglQ2tsHAAAEZEKgxhD1VUpWClixlCYROLA+QJ9ehAISASQkNBuDbdkRJFih4ujgG7TWYUC2+Gdw02peAuS8tf2THjD6J74beVbKa5+J2IQ9EQC0T5v14Y/EzMggAZllrpRkRQhMAMgux94KYmXiqAyIxMC5Dlkg6akDZBNmVFLmSr+nhvxRH+YkULB71sh1GMHkKVqxJpWOFyEhEQnrFnZWKhdQhAvl6s9KKqOfDIjSxicgIwKhMjzjNvhoa4vZVm9wQ1kVGm+GWZzOXrIWsDFBp57D/uvZ1GrxEwfryfQy+FU36KutbAX9+gqbtrLF3PVmtPurfa8KvOUSa8dClaGOdYF/jMBM8FOplrJML74dy8OXAN8Ux71TfvLSKHCqKSn0nMtdnVKLM9i3CCuwYUpQiglQgYuAQNFDgVRP8qce3/qbn8tnnk5bTSkzUABEzFJCVyT10Yv/Xl+xZ+34U+TkJGpYiwzKbjr3M12wEk1YBsMvwRoP6GNKlbB4Na2sHihSozQpvhkbHTJf0ShFIEIFkIhEANRk3uKMupjWawmhABgeHJozOKgSHO+oROaJEGki9G4JfZgtd7sLFi34yMc/9pr16ymtXXTZ5RfcdMO2LVvnLF956tLlkGfQSK773W+2bt8y2e0duu/+//yxj7bmzb7wjD+vfeCBE045Za8TjtdSjjvdrN0WaX3x0qUnHnvC4NDgrLmzL7766r/fdPOigYH999xj5vShrNfLlVRZhoD1gYFOu3vNXXcwwHHHHvfCE094xdVXzZoxe+FuS1QvwzxDQbWkJgGeeuqZ+2+4cWTzukcfW1snmDFreHjBrO1btj2/fj0wT581s93ppgBIODE2un7NA1vWrW80GoRixvz502fNUgBAKBXPWbbs5D33Ajnx5A03XHTu3594/Ik5QwOr99rjhS849DWvfdX8fVdBr9ednKSEbrrzrk3Pb0qazZe9+a0Tk+Oq0xW1GitUQEla2/eAA/date8td9x2+403nvyylw0MDScASZKAEGAOfkcGwIRqae2Jhx/++wUX1JP0pBNPWr7//p0sS9Ka5hfBSggaag4CgpRK5VmusFlv9mbMTIQgQcPTh4dnzmqIGhIQkSABJIBllvXQveYhBjxTLk7HkEa4uzvhGi+gPyiIo/iyYM78HjM0+wrC59iqDFvGNWvluX3CyG6rSdxjRuRiuDqAdiSZfIyoQhwWsjPchwjlT6k6dnDfIQ+/LVYrZq4Q0WijAKC7ULDm2dMBff1TqtKgG3F3Az9CCQlZLToFVSPxzq5TU5/CF5Oao1ktDAGhauAxgjMlXUgTPGi3hrFH4sZR+w8ak2Ft5XCxc/aHPsVg2RRTQ8Nfd9paqYYTYTTLUac6pm0qMXvK/K9B/WifrYyN+5UTLvIpfDQ7PzQfjSviMTPKSC1630/gdY8Grr/oqrE03UXOCS0+thGneF3shPfB0T68VX380hQ3E4CAt7nP2ApXJEWjWgstRNX2dxL6cQQLDXVIkqWrmhGY0Rgi7rwMMGaBk3IYAHFtotgKKREJEyW1pJakNUpzSBk19GOTdAwodJAbScT2JzIqUBIAAfXplfoiRAAkBgKRYCJAILDQ7xBlMgu0IKBIZ506EgUZkjHNOQjpGjRqs0MiQOdOKTEj5WIclWPE7qKj+hQeZexPBTKhNElqACBB9fKufvMYg0qTdKg2DMCT+Xg76zKBQkbEBAUiKLPDzHeCkBpJHYAzlWdKWioqyVzD2mCjjoAZZO28o7unD2FiMxZkYAV664cxPN2ZDQjQTOsJJAiYs+ypDCB4jyLa+tAygSUNAipQKSWNtAHAPc46va4KUz8BlERh+CvCLUwQOtJM8K8EZWwmbjgbQUVcSnHlYHLBIpEw2TKUUBbEOM1jII8v6hdzeDuEIq4qrwfZDQkc37CrsZghaep2bFm+bITSATJjyHsqQLBETWf8qkdzHheGWiFyFaOVswFxfddKrr6iTVjodiWIiQKY0bElGP4aaIw+LkbmajKhOQbB5lI4ijMoVGR4xbKviYkQgEIUxBOjI2f+vn33XfV6TcqcGU1SIBNAziCg2xs583ezd1+Bi5Zyp4faoxOpIk+8gKzh4EwZc5iDnR9NfHPolaeKPWPTKW5d2ibgh6TxLvYAiFlnVkguLfOtN51NEhchMMAlF1383NNP93o9BhaAQ0MD6596ekiIJx579Iwf/3iy083zHjMOTRt+9OE14+MTzXpNv4hSdSZnzpl74mmvVQKpka7btO6v11+byVx1Jicn20mjvun2B3/zi9/d9dQze82cd/LLX9Fasusjt9728x/97zl33vnuex/80rxFs1YsnxifbKZJjZknxlbut89Xv/cdqtcXLNtt+JILZ6bpcYcc/JWvfWXpPquyyTYgKimRRG1g6Jn77/vwJz55ze23c5rudcKLv91skEjm7rY0Hx8XgoC5XmsQwDkXXXLVdddPTIzLLOvmACp54Ppbf/HzX9y/9rFUUL1eHx8fS2vphi1b/vVb36qlSXt8opmmkwzHrj7oc1/9amPmNJQqHRoY3bJl7QMPPnTXbRdfeulNt91FKl+9996vO+1Vy5av3Lh1y51/+sv4xATLfPPmzbst3uXZzVt/8D8/GBgaOu6Vr+qNj6teF2s1yQwMcxbv8oJDDr3rztvvu/vuxx94cHhomACESIgSIAIkBhAAaa0JgH8/79wnnlm/3/IVp778FVBrqV6WCxJSITMhjG/a+PB99wJLVkpJKSXWWwMjm9b1JCDhk488dvPZZ3fzXi1JRCIIiRWntdq+hx+BCSlWla+8Bi+G7U2HpRyLa1aE4BRpewiQO3LQA1tfuRWHATirDDt4k8SdtBXU6uSW61bsofJCMBxSIGQAgGgHRk5QnxO/GNDL6AynQiLAHbmRCqeS7AiKFn/XxmRsA4QfynkukT5Eq+wNXol0nnncanRme9JMeDodmybCFIyi+5INTCzbKlEGh67NhqT8s/HY++F79MYhsOFAi3ANmCtOUBCYCCI3MbaLrBD2b5fxTXPhyL/SGyb7XP1CXlU61B/JZQNF0QOFmq3SZs8e/fkqXLaFvpXY1dRUslYcJTj6DtES70uOcC6Cw7wKToCyle77VNX5UiOG33SKgGNXD5DCZwNV6VpxAy/wYYX7wFG10JOAQAF0LC0WiBip6nko97lM/LLkTDjQ+AgVnpLYUwVTXByOEyq4EIrcUwoXVDnrHD7Ux9awOUCGAUCh8tsx7Cqw80esdSMA2I2LhIiCdNCNAASgAgKQbNUDuuZYsd06xSZ8pt0kzu9v2kONiFAf24MEhKxfdg+kgICQzVu8GIBB+dQQPSYnlCEQK+B+jQmPliLVs1G9oDDmEaexzQpVKlesw5kkksm8++wzj3c63UUL5g83h2SeswIUODq27dbHbuv28pUrli6YtzCHvAd53pUK7QZABNQ5t6TNRt4yvhURm60GIpm3rSIQ0kRn4unnn86lGhxuzZw1U7rAp87qBVSgrcIg158BQLmDgkZGtnfbGZFotGqNZiMctmLlbCgC0l4DAsiUVEoKEpu3b3nwgYcmup1FCxcs2W3XNKkBAKBMEkpQCERUTIBodvUikkEH+uxjyyFOXITsy2WmZx8pRS1vbKwMo/nCeO4NRAonu1hx4VYZmSEWfrDjCKor6k7XV6/1XCfMq/fQ2AKAMSLCPuLBjNWbJpFfwPXLfgxStsIaAIBZsxb0aQis2HFSJU7uqNCpfaopVYvmoLcdugV37Di05CXDpE72KDM7iP4Vuw6sGCIiEEAt7a15qn39tWmSKu0G0JpGKUQAIGYpmvXu00+2z/pD858/xUnCMvd0C8VcdBwoV9AVgw8+TzCa0qkqQE++ykmLdoyg++S1jt09xkA6wIsI0AC44Lzzzz/v/CZArVaXrGqpoFpzoFa75pprLr/0MlZcS5KcuZvnlKSseGjOLC1eFDAjKmBFUJfczTIFgAkRUdKoN+r1e2+95Za778kBTjju+MOOO25885bpM2accuopdz++9sLbbjvx2qtevXJFlxDynACg2xONxqLlu0OadLdtfuqJp7Zm2WNrnzzvjLMX3HFPlue1Wg0AclYy7z316NrHnnp6Is+fe3aD6nYXLltWrzV6nW4u21hvgCISIAASwtmzZgwPDz/11LPMkHXkow+sufmmGzd3OkOt5tZtI5mUjXqrI3t33n2vBBhM0hqJkV5v0cC0XrfTSmehUA/ffud3/+u/7l3z0IZ1z27ZPtIFGCZx55pHu388o16rbd2ydf1zm0a2b8+VagI1Ws0awkOPrv3et7+V97pHn3AyCMF5zgJzULVWa7/9958/f/7T65+75tLLRK2WIiCSSAToTCGkFACZb7nhhosu+Huz3jj26GP33H913umSIGQFSgIzCVr3wEOf//AH25lM3eHGQqSpmJiYRFDnnnvu3y64oF5LgEQiCBg7WW/u9Bl/vuDixqxZkOWgdRkzVK/c6qUXeYA8VkYvC6s1Kbry9tEKEVt9VJyzQgMZXSgYZkGFYZYwmIb6CEUEMsc3cFQXxwcUBFUXh1QqUwx7FoEkAkTGmfcZxRDOKRG05Z3gdQZwGMyxQNvah6Z7BYCyA7FsPJKh6NjR5VB+wd6bspmdrXyHdfT/tTJTx3HfjkkBAFA6B1VPVdAMxsWj1664r33qrjqyaMpIUvVlTfGw6nLf+l1cYufoazyigjMlfKrwSKFYMSy/c1NfJP5O4AouyB1v4QTtltmPrfMhHn+laV3Zy6n7ZMt5yVAeSDkTLfpVw9admFNXc+L90ACANlZo2B9dpX5uphhFwJdc1Y+d6JcBoFM1AcrClhAhVzAludUCAAzITGanJhIQMREIQpCgX6NtTp8PwL9JnGUAbXu4tx/a+CWgOctZH1hEFMTNiAkYUQEoUIqVybRzwzR9d82BTlbREVMXXzCJq8SgjQMIYiUBAmQj6cv0BAgIis6kseKNFYhkIG25R+975KH/+I//nBxrf+ITHz7+0GNUTRIIALjxnps/9anPCEUf+/THVy5fee2NVy3dbcUxRx0ngHKVC9IIUej+pphs2Lr+ez/44YYNG1/84mNf/erXoATZy4WgNK3f+fDdX/ny11Dy69/6+re84c1Z1kbUOzC9+5jMkRJIYaROsQJIWVxy2eV/+v0Zg8ND73zPO445/PCuyvzk+2Qfd4MY5ECtlYJAoEc2P/7FL3x586bNb3jHmz724Q8P1weZAUjlqpfnXZEmCQmjaJGA3RlXiNpRAYT2peCREjZaXHnaFhgeffCzEonbD2HXrTxlV8aHI03E2Vko2rq0BTVDIIZOVnQnLAEX7d9AGVrY5JmZ0YSykPRU2UGUzooA0yOHDTBw5Frr1vxDpWecb9wtausoxZBozrHn3H6sKl3RTs55f79up2SXhoqnr/yZIuHL/bBDpWUNP1+rNov0WQ4FbwYEM6H3UwNikqixbdTuYa2m9LN+jq0sYUn12sSN1zeOOoEOOkJOZCKsV7vDVH+J7CR9mYn9CAuwxutQS2Q37Rb5GXlsVKhi9wYvC0788F2cym5CJ+GeFwC77bJo+uAwISJRLnMFvGV0YqIzOW14xrzlc4jM24rrzdZ4r71mzaOdbg8Ua/NTCVKSkQF6OeRQB0iFAFZpa2Dy+U03Xn/toyPbD126/I3vf9fcvXfPtm4fXLnyTe9770MPP/TdM88+6+xzDjnm2AW7Ls1GtkGtxszc7mRjE+nwYL1Rnzl9+m4zpnfa7T//6YyBoWa9VkNAVjLLexMT45M9OTbZXTw4MDxrOtXqvdEx4AlspCBI5TkAyV5WB3j9K1/x/o9/fGJ0659//6ef/PDHSSM55JSTv7HbgkSq5vRp42Pj5511zh/POWf5ksWvf93rlq5cnk+0m82WymHesiWD04cgzwHp4VtvPeuvZ3UBhhuNXefMHWoNzZg5rJjXb9i8YdOGbqe7eJfFR+63X9bNVyzZZfEuix5e8/DfL7z4unvu3/SFL/5Xa9phJ5/UHRvBFFFhkqYrlq9YMGfuLXfc+egD9y3ZfY8agUBIkwQQiESSJHWEvDvx9zP/smbNI7vNm3/Ci49Pm62s00FIQDJL1q+rTRIx0GhJyAQRgCSRiiSRrISYJBZJLRkankGUADACI2BKSSOtyW4HWIGSIYQKrUonjvz6qmRpG4jy98oIxZ/Izs4UZGZEJxbcUR0MLjnAJa6A+wkrBElROOj1HFkOTlQH0tIYFDsbAI3b2qmEuhhomlcGx8+wC7vFxqcZsLVhiuQncCYoWnSrMWcgk/2Fmr6+OSuc/fSGOz4qKOKwoX99l9etvie2OQ9xtau6bBSqKuVSFVDF8DMGIFs/qfRbnexzBkO60RXUMRcJ6SRiUACKdl14092JX7TjO9lvIMHngp/Cj1TnHxXahYoVZW5bMugPVNnt8EPxiqlhPR3Bcw5EW+4tPG+LhsvBjY2tjcD2TBPDJBx1vZ9JVhxsUGwK8kZECcZXaMUOzXNsmKlWeSmlvLRCLHFW+C4lr5LDzrrsA2OOIYaMFI7VCj1P1X42ankK2J0/VFk6zC6rND7LXoSKwHrkYi8y6M7YykZ1hHAfOVigbI+9i6CkjU75xEzXuA7XEYBPzdVGHbrzXRkYFSoEcgEKw6FarwCjjfppztTRVH3TEolIkd4rqeyxfRydPcsM4fbWCgr/I5etqK8KNqYP+ogcJCTGJsdve+SukW2jrWarp+TlV1x26SVX1Kh28cWXj7Ynt2/eIpLkwNX7b906eu8t9wzVGs8++exjax796me/tP+BB7Q/23nJKacAgWIWWrkzI6FAeuSJx3/x41+Ojo4uWLDgtNOI8wwlIwCkvHXzlqsvvAwYjz/pxcygpCQSzACKmcxcKlA2Z1BpAK4Y9OtuEJInH3/6onPPrw9Pf/VrXsWAuZQoqDBkfYgUATEoIBqbGBvb3m4NNJ9+et3aB9eObd86um18bHyyPTqZKclKDQzWJydHr7r62vZEVq+lCCwSQZQAg8xzkaZHH33U4gWLJKjIdKtaaPYHM8vBCoHAvR0dMhQ4LgoTtlOXn/FwPVbWUWCOgmAv3MZQ+nlo5McY6eWp++tEfMVVlOxFKefQR6yWrS6MSk7pogus7LjpWPJCCCPCrKh/YE76dSC+GKw3Qw/NCvoIJJGROppHEgIlkQhEAsq9hNVZf2gknBAqy7pXXdzc72AUCWcZulOOXKp7oVNFwRFpvrhoBasGXjUoT2Eh8RxsP2wcyGbluUJa7YGB3qj3owMwYA5w+utOO/qlr+zlmZI5I6SIP//Rj/907vkvPeKIt77vfUmz1uu2Qarp8+bfds2VX/r6v3cmOgTmDCOuJYBIhKgUAQiABBDSRBBdd8mF1954w2CaHvnCg6c3xCM3XDO6ZWSyl6u8O9RsLhkcvP62O6696OI3v/d9KhG5zIkEAdfqtdHNz3faE6849eT9VywDSqlWS2upIAFSoQIG6Mksy2V3sitB7n3oC7pbN9VqIoU018PPpWqItF4jgN2W7rLL3qsAYPV993YAIFELl+26cOkikDkMz4TJ7dddftl41sulXLLrLi9529th+1ZIa1BrgGI1Oga9DJJk9RGH/+A7325vGZk+3Fwwb9602XMac2fIpL7+8Se/+dWvPPzkU29/2ztf9663Y6c7SNwcGhibaO+5555nn31uY7A13mmTtvfynASCEDPnzjlw/9WCeb+DDprsdVABEghBAARCoM4nItprn70OX/fcspUr9z1gtcx6xIxZBjprgpWSctG+e339pz/NcskMKABJNBqtbRvWffYTHxsbGT3t1aed+qY3K8QEbd6rVJikjWnD0OsRG/cBlDBcoDrLbGm5LpRepctBo6JsDApMAVViIcSObeOeRCK+LAbj8FzQESwvzLDSHUn4HV0aDJahv+9NZCIX8XQE5YP7Qf19NuTHib47BwVdj4Nelm8W7pfjjP2aqpoVj/76xwlNWYx57f8QJ6zuU2wt7MQD/a6diXOW7zhOKJofwQDLMdgKWsbgxCUpFXkvcg9XZupiQOMgQTZYeCbRasqgn9Y3gcIxcfWC5ekTca1V5myNflchAdV3tdSD8q9xLLdYZgqzs29PqvwOUz4SPx4ivCnM6X/8QsSkWGPwbxWJ3QKrFhzOBHWdc2jOVsqhSV6Zf8s2o4ALyga0NatPvwlMwhANW38XIypQ7nQpzVaxRiB3cCsBA5ACZZ1SaAdZMJ7tHyawpiMhodkFGhIQCNDtqdMv+3OmJ4exKh+TDEYZfNWDRCcD3Z8Az/v89DCVxzQGLlM/gqkArDgVyTPrnvnyv37jgTvvnTZjmpTZ2Mio7OayRr/5+a9/8bOfj42M1uq1D3/iI0e86IjpM2eQ5EaztfvuK1at2vue2+/65le+xio/9WUvZWZWihUyQCJEV8kbb7l9+/bt+x94wIknnVQH0aWslta0L6XRas2cPy/vZcODQ0rKPJdCGEqAYiZEVIDmvSw2E9ECbcVMUB9opgNDs+bMrjXqklmB0vmRBATuXCQ2coKIennnf3764+uvuHHa9BmbNm4BprQ17ZYbbv/ks5/udbuiRgjwxje9btUeK3/0g/994pEnBYlOd1IkJCgdHBhOBNUG6ot33XWXhbtqZz4Aly0ZKwedHImWU5jaGk51BVp3G0g5lP12rt3GloKSD4SmBzkx/9qNNw7vB216MaVXUVF5Bv3UI1OKwa3PGBIE+3sC/3PgQK+QzmUtY72SUVYFOC5GnRkfH2QX96SvdCzrOw5WVcGt6nWdA7qFAHt/UFnVcswFNiWC7Vc0bxXyqsYcPYLGCiXBgEgIghCBibXaJI189endCIwK0rRz913J9ZcmR5ykeloOmRnDiJQl29CKJrRlwoRzV8JaCRzetTQwB3kaqrKV/b521jECZzZgMOhoFZlR66GhDo8sWbZ8r6OPhjzLOh2sNxJQQ3/4/Zji4enT9jzk4GSw1Rsfhyyrz5rz1EMPAIDUY7Fv2gSkBEDlWS/PdVdYJPdff81PfvijZzdunJ4mV9x22x0feXhsZKQ72WlPdGR3UgBzrrZm2d/O+MuhhxyyYvX+4+2OICESqiNdcsaZZ1904e4rVkybPsCSW826QJFnOl8dRZKCEFLmIEgy3PGzX/ZGt5x66kuOecWr1dgYsSKRUD2pteoZwIbnnh/fuGH9U2uvu+Z6QXTXnff+8ItfOvyIw1cde0Qytv22yy6/4KJLBtPmk8+u/9kvf71i9z1X7LfP+Mat9XpdAApCTAkU77r33ruu3h8YJtfcf+ONN7Y3b1y1dMm8VfvNHh6upyLL5YyZM+YuWXLnlZee9dvf1Zut4084/h0f+MCRJ5/aa08s32MPOTkpkJAlKMqzLB0cfNU73vFKgNkL5l/wh99KAEpSTAQAQCIYMWeo1eunvf3tR7/0lUQ0OHuWyjJCY3qSAgUsEcXwjFVHHoVEoKRiVEol9fr2Rx5RqPJMLlywcM9DD1V5hkL4TCyAbGxM9XoEANIxsOPG2GBkx9mxyHALlAugtz8i5IAbI79+LLeQwyc5PmfBusZdYVcSC/AK0a8ui/XDMvbAgfAqLNkI/XsIO3UsQrddSQO0YjYSiaVKYskPXATd+g+HjwQtT9W3KGklqtJUGmLxgpWrk6cAojJm6hkLVXlPXzFA7m4GULZfh0NjTHOC+1w1WE8T+xGDuY/5JqKGb6LKGNCcamuOzI8KoB6sCA4CRZXugMLNChayUTL3OXRPFPQyBvQM8UF4hauoQmXHA3HWZrj+MY79OtOO3fkgmkhgYp6uNxGOdtggguBYZtSoP3Fv+5pqDlE4agThwYAK1q6pYJviTGE4EYUVWskDrgVrHnhj2I683PFI4OyEZ6SSCEmIFl16YJRt622Z6jZCDnbNhKDQSPoqr2C/y09tyWwk1McCBZ3hChmqgIUFSGZMoPT+n+g5nSGChKAIiZmV5UUEoz8h2Kjh45uGWEhgzo4lE6Rlr/IQoJg2o8GUYRzjbkFvaISQzrtn7AEufWlXpEAkC5kBghixYxYFLFmmlC6aO3/7/E0DQ4MoaGJ4/MnHnySAxYsXzJ4zW2UySWq77bobIOVKYU8S0MkvPmXzp7d89pOfe+jeB//0lzMPP+boWdOmS6USRcAgUDz69JN/+fPf6rX0kCOOOPxFh6WQpq1Ud1MBCFHPlcyzLMuzVtLMG1KIBFjqwWd5JkHazZY2A5b19lBmBmDs9bKs0+lOdPIsRwAGxX7WAM1pDazxNgJ0s+z2W+644sKLAQSAELU6Ed5z111333knIEK7AwAHrz5o/732bo/3xreN77Fqz1mzZ+j3qm/etHXdU8/UBxqSzStfw3TYIoBxMCFYNd6Ui6AR26lgf68kkx1WCZ7zjXnxWHXmnAFjU6KWsknMvi0r/9AxmF7IAMgKFCvz1rGgzyWtUEWicqd8T4JDGjAOA0Zjc834x6ua9j9G4oKDY/EMBHHCOlQqLv4JsRCqXIfVi7M0afqrcalq41Pn5jMigDDF9WJ3WW1AqG0wZkSRYC019hgiKmRWxMwIhMSoz+1GAKaEus9tSu+5Oz3iJLOfQBUSkM3JGLaz4VCKWWohE9o4kVfeZrDOnHTjKBIphDv2qKlw0QTMYZ8mNHY1EZI++HN0bDJ7fuNouzs62UkajUHgsfHJFGBiYnzzxudwbKAzMSHybD5De2JCKsvJCoAlAIOUSoikVidBGQCKBFHccOXVl9x6xyDAQKO+5tG1CNBsDkwbGJg+fXj64MIFc2ZBklx3590X3nnXUX877/377KvqDZnlNSLI5UMPPnjGtdcNX3tdHUAA1BATQURCi1997oBihUhJWts0MjIJsGjx0mNe9yY1PpEK4jy/9fzzL7jgwlajfs0112167gPr1j+75tG105uNO++8945b7/hivb76Va/sbHjmgjP/+tS6DfssXy6Z77nrrj/9/nef+cpXG0ODqtujWgJSKUaZ57mS9TRZv/bxH3z3e2f85eyFM2Z97l+/cvLuq557asNku8tSbnt+k8p7D9586+9+8/sJgIsu+Ps73vXud3/qX7DRyDZs5CwXREopxSxZcZIuWbVfbWgg77Z7vRwQiCjXe/oz2WPFAHmmRH1w1VH79LaPTvR6lEtCEMyJSBAAFOcJZb18vLMNgZVSWZYrJQdbAxs3bpK5ROAtW7dOjo5teW4DpbVavYZIhITINZGmSiEAKv/qTyzLtkCEltnOIquAw9Gq2MqSpbgLOiQcSuMIohZ88SZY6+5ZxBuA+HJXA6ju8CcCIIM/85CrXsYSDiLY7oh+PzxXNhiOofRDf8zGTn/1+zESqgWI6BqOTptzXi5PsYp0WddXNjnScZ26pCWyaTfMSC3rFB/SCrarhJrRWYO2GQ/cw12RYZXBrMfq1euXwnCte86S3Zq91cFhH8Tx1Ra0GIZlA6VYMEr97NiHi4FKiBClqwWCKkxzhQ4EhhDGDFbJPOHNasaq+s17DfrbFqHXSTNVRFU74zvFzwZHewul3Fal6yckdchjBe9MaFoXTd/K/sRtOPEUMmrcYNTJwufKgRdGUXHfBg7LJae+fP5toUJHFO8CZLdEKsRK2bBGu0RDvgyB7RRdDMWKCg5DQzAABNGJ84pOMwAxK1QEpO0XBcrYDaxY56FZ+RLvkLM6QjvQ2JwKAuD+74evPfManJK/j/ZIPb0mGcxh6TqKQZGlgNGG4gpaONeOB3WW+H1Wm9OOfgZjQhEAMJlhK7l0t2Xf+Pevj4+NJwml9fTaG2744me+OG1w6FOf+Zejjj0673YRcc7sOdfcdAMSIgGlYkDUjzzm2M9/+fN33/vAPqv3TdJUUAqqh0hJIrIs/+u5f7vvpltW7L3n/geu/uvZ50jmwWZDKnPSx0MPrZGZzLr5Tbfcsni3Jb1et16vkSIUrFjttnTJsuXLMu4RErPyelYfVKztSqVAqVy/w1wpqRjdZg9AAqWJpEAhogKuJ403vvmNq/bZPxHJLdffev11N9Xqtde/5fR9D1i99tFH/vKHM0e3jzVbDUyo1Wo1Boc/8NEPvPiY4yRLYP7dn/7wk+//b5LURCp0HjV5U8z0rOysKXFmhFmgVAorn3WYwU87lP1e7hfXRqzwLJOWBDSGvOQUKhbtETaWrHPosgK2u7BDrORrKydtVojPsEB4tnDE2hFW28lrKndjVeGdrroavfWHb1ERjr72GZcCIAagohPDXQSABPUmIwpBDMgyB0ZzrhWBfoEUIxGQHJugeXNrB78I2Jy8Y5vzuAUA/XQV/MdsAGI0JYEMNCDQiGMu/OpKWZlckX8bqOKAz62NbL8iExEQkEBCQUQAs2dOT+fMnyV7jfE21tIW4ECrBQADg4Mz5s1NBwfbo2OY9dLZc1rThoCAmYkAQKFi6GWSVW14cNvatRue35QgPvHE45PPP3fk0Ue845UvazQby3bbrdVoDU2bNjA8rTVt+uDgYKvVHJwxTU5OfPMb3/jj3/6e5V2lMqIaqxwlQJ7XGvV6khy8154vPenEgWazm2VAQr+VCyQQMQjBDANDw2OjI3/8y1/WPPZ4c2gaMCjFyWBzZP1zv/35r/5w9bVzEO6/775b77uvDjDQqA80arvMnbNozvwFK5Yj4KV//et5F188c9rgK085cdmypZ/76tfOOvfc/Q5Yfdo/vWNSKdnpCZEoJdNGQzTqa267/fvf/s5ZF/x9VrN16iteccARh3OWKVBAKJAIgJLasa957dcUnXXmX+584N7vfPfbvU77re//0PDwUDYyioSU1tNWSyYppql+332S1ocGB6QCQTzQahFRfXBQIDEAsqrVGkAJtlqtoSGUigA4z+T4OEoFaY1qIhGChEBglkpkGTPXms1mPVGSJTAkkDRqAzOmI5EQCWo3CjMqBgmQZWx3PsTwuLi6CuaAg3ABZ7q4l+XtWLtj/KRvKoruGea26BpKgsDKIXZ+cFPWrIhQZrLfbloyiK0b3BaF4l6Tiou9NVNCWUWop085Qj0+86t9L9rOC9JyyamfrcB+/I8UKGfVTtGWcV73tRl8leCyhHbiqhrgzmufQKwW0z5K7URRyoIt4dq11dpf4whQhArCB0sDCEcCYE+WquqYM5VCUlTwQRXQZwhS86qUqwHivnJ/ogAD6HBRnzGYB0vU9JY42jBbMdZnPzs2cPm3tlc7PqaowAM7ww9lC9O4kAJ2rawnyOkoxcx32OpO9KTQiv5SbHrKlTjF8BODIhk8jA5pH9djmSRkNSNVlVIRj9l5RjBewR3HJezqCu1+qGAwqjj1xDrjHKfojilzDgUoVmZzOYI5B6i85Mt5Hh70+15gcKCsPgLG9oaMRQrmFTHGnYagxbl+qx8BSZDgERy6ttwYTUTUTAqAC4YEEK3ay+IZI0gEQrfWdBgYBQtgSNPac1s2XHn9jcBprVbr9toDrfoTa9dm3d6YHL/t9ru3bRsBUGma1JqNNWvWEEAu5U0330w10Zns1JoDq1bvNzAwsH7dM8Mrh2oiBYZaWrt7zQO//fVv6zXc96ADm83a+9753rRWrzdSzqUQybThISDMu5lkdeXFl9943U29bDIhISDBGopEvO+DH/zgyj27WQcEkU1P9PCW2b6SgRUq/U5SUIgmcdocyiNBsmBE/dYUrFP9ZSee+tITT8lZfbP3reuvu2bB4iXv/8D7Vq/Y8+xL/37O2efABDYa9bSeIpHCfPGihXuuWNnNOyIRM2bOkCpXPbN3TIHSBKWKE38AlNtZV2SdgINs4YK60VNeLt9P9vsK+15sLVgO6zHLMqhXqwKXtYBuLbHtkhUSui5rOIS2bt9uRpoQ2CsTgJB7be3g/eAcnu9YrD/WeVNf0UoJckk9bvRzUjyjCJEC13RZo9ln+4KHQnk7bp0na+J5YV91begpE8k+BpZi9jycNRM6PRRk0KjODyAAod9hTDzZrS9cNPTa16cHHap6HZ35wViepMinWKCKsU/NzGssHUJoAM3yjhF8/FpXEQC+CGxHEs/xlhu+hlra+DViVRveiAIJAdZvWL/2zlsnRid63R4D10CNjY1Mq9U2b9ly57XXpI16NtmRWTZ7/sJHHlzT62YposwlKAV5joCD04bX3X33j3/wg2uuv6HFfPFll8344pdf/eqXf+WLn5+5y644Z0G/2fvAhz54xOrVR59yUn2ohWOTkPeYgAEkq26e775s2Xvf887m0FB3chKTGgBSQsJ4/JABxazZ6+6/+6JLL8rynARrOc4KKBWzZs9cNmvWfosWrViyeP68+QPThm+5+57rrrvu1Lec+oZ3v3/W/Bm3//28H373fzZv3/6ig1a/7PTXLtx18Y233PrjP53xwx/+eHhg8MWveg2kad7uCAnZ2Nj1l1/2o//+74uuu37losXvf/c7X//+9w3OnQ8KZs2dnSSEQvtWeeGKlW/56Ad333/V73/x87MvvPh7P/7RyJZtb3jHOxctXsjMIPOJbVsUQyZlr9dDEpz3xka2Jil2e72tG9YNz5oxsn3LxMj2uhDdrP3sow/NaI/KPNdCmggHmoNDQ4NKsep1IdOTh4igFCcyVwogl92JUVYyl2pyfExMjKdZjwCJMkG6NBEiylwRKHbHnyHoU0xKEieUr6Xlg2R5k0sPuY9s1XzFWq/K3QgjACZA2b9DbIwXE2+0sMcssoL3vlC5PhYMORSW5mAKa0CEi4SmDi8w2xQSDxwRAMoykwHYHtaIfoH7Zqsv0ofyVu/bLARJfPyAgjino4FHV+gjkZb+FqbFrUQzFmlNZ13Y0dmvHPxajBPac1bYV+rmNZJMHJzaZsGqG2Q/OoRthT+5gGsg9Yrh9ehxi+D09/A4IwoObYr0beiMcSPS52AWyhQQdzyvGJOi4opJGhJSXxWn3RXM2qqga6iPDE9DH6jB8Qe0xa2+DSr3qM3C4mCU7Ar5pNyCr0O/ysF69adyV/hZK2B1Aocx+gUzOTjZuIgKy3aTnejAJvfTynaHoP2NlYoaLacquJueqSo64npQNJ6qSVHqeeJybguli+K3nySyInPqxx2mqrat+2VEmJrcmtR/yP5XaNDxJoPJ10QEluboWiWVEckFRo1HyWWVpnxehJOJTmCwftELgNuwoux5IoAKgBEZCYB0AhkA6G2KRjL6vmjFM7WtEa1GCIRRVATLH00TgIBATKgQABJMn1r/7L984V83P/U8IMvJ9sCMaa16bWR0rDe56bvf/DYAYC1JRFpv1BCwO9FRUp35x7/+6Vd/gExircYAaUqnvvFV3/761xfNnCeEmMw6v/n9bx+7/6Hp06YtXDRv4aJFK/bcnYDzTHYm2og4OjqxeeuWBDAhmtg+3m13h4ZbKFFyTiKpJaLRqEmQNiIX6RmnTHRGLiuZpvV6oyl7iogQzctedYZ2DnmWSYVKgFAsU6AkrT+7af1td9yp8mzf/feeN2/Ots7Yxo2bu91ekiSNZlOIVBBKVp12p9fujPU6tXra6faCt6+ZI5EFMBu3A7q+9b9QCxvwy9uF3/Wa7iNNd1Ctn2XPGJVmld1kahsuSfWwrrBu9j9UjYqAI31fLQhKmKA4glAm6DWMgS+sJHu8qK2szhbyAyh0i4P6p15vIbzoV7nr9pT1FPVxoIZCByIX5hxtaNGhUgbVy9Jddhl44aGTV18HCCiEiZ4AMyEgE6Ls9Ab22nv4dW+k/Q7hXIHM+48Q/LryMCgYkQ8ahMPhYN9AWNj+2p8cAbvFjmWwffDagFEhC12bBVgIicBf/O4PZ555tuxmREKy7Kl887btQqpLr7zqtjvuSBETgQzYrNfGOr32RLs50MrNe55UjfDhG677wbe+8+eLLp47e87Ljj/hsbVP/PB/f3n9jTedfPKJhx177OxddklICEJkkFLKLM+UZClZyW6W7bL7yhuuu2HhI4++8KijRVrL8xxEosf7/JZt99x5T73VzLKsVq8hJUREhMiQs+r2ska9/uTjj4xsHwULIEmQ7HWaA83Xv+3Nhx99zKKVK+bOnzM8bXqjXq//8EfXXHP1wLThGQvn33jZBT/49ndve/zJg3Zb+vZ3v3/XAw5UUr3pXe9c8+jjF9x+27/9+zcmR8cOP/a4ZrNRS2o3XXbZv3zlS7ev23D4shWf/+y/HH/aab1Oe+09dw/PmvPII49uHx1L05STBBA645Nps3H4y16xcMmujdbgr//052/978+67ewzX/9XSpLH7r7nz3/+4/axcZn1xtsdxQAgN23akLZqG7Zt/+a3/nP6tGntsbFn1q0bbNWf3bjxy1/4fKvRkEoJAIGUM++xdNmnvvENlaTXnXPe+icebwy2FAMKo/70a6Gf27whB5BE9973wO/+54e5ygUK7X0hQQpAsWokyctf94b64LBiKZAgMnvQmn0O0oPJ6PTLBiJwGfBx+VPwxewhLGihuCBCSRJAZXErqAuVVYvuuCJVWEwGm3PZRqjEgV7pOGha6mohY7Mgc8uUiwRqVVxBKQVTXKVOOoEfVmKiuFaq9NMglTZAJEd2rEdNRQWiRGZV5OjXCrpkMtmu74xv1KckGTXHVuDv4Nq5wViWj7hzB0cicZ/PfeiOfcvE9OHwax/iBOvZMHipayG1q6JZVpmF+TxhtYGm802V+YrLO24KHdnRVYY0UT/DbK++fBIAu51otF89O2amwC7bUQpD307sdMJA8UoM5NAYKGylCvtagYcRTGB2EhERC4nF4Uj8rw63xBkRUTYvl4UgAoLOaQIAE30M92lwGJsE/RpJpRQAK6VYKcWgABRLMMkYClXhFV7OS2mgNZqqHHUQ9DEfgfmBNgSqgn0ZulYuvaoj4qggG8C1V1x2rmHrCDEjZDNvnkWMgwGcUsTgvmlSD027LkEODQztu8+qrdO3DA0PcZ6NjU08uOahoeHB3Q89aGBoiJVs1ZvMDMQj20bvu/Oe9uT46oNWr9h95bOPP9XLes1GgxKxZOESZE5JECbnXXnxH3/7x1a9nvd6eafzwtUH/vrnv+hlPZXn3U5vojP53f/63jVXXkW1Wi5Z5Wr3VXt9+GMfWjBnngSVJgkT7Lpy167sWvK6N5x5zalPOgIA2ctvvuWWLsu82xUJERhHk0gTErRyxfKlS5YxAyNLlkrKRr116eVX3HnTbSRqRxx1xMyBISZK6qlSSgjRbLYEiVqjRiBGJyY5pRqlIhG9Xg/1wZnKbcBxVp1Tb0a7Gw+uobr7jhCyWGl9eUeom9mCmRJyT1milNd+oRiCsZ/ZRgC5SFUrhQqIylt/HFjJ3jSMVAJAsOSjtW8MFg5Lmp/6yE2GEF15pYFYbLFcTwXNgzLWwW474/NsfMkIDIXrKxSUcXyy4CKNx1WaM0cJdPWYKB9DOb0jnstc4uC0xgGHTlx9ncuKdkmwCMRZli5dNvyu99Oe+/H4JCtl4pNxXnXcPyexAyIVwEo4HxxV4F6a46pDJ6kQIPIxB2MKRGMRu7BF08j6zTTAAEoxUwcgZ56YmMw7GSlG4F6eZ0olmMyfPaeXZ9u3jRCrlBAAtiFKIkWYKcWsQEpqtUY3bvz+f33nVxddvMeCRR/76EeOeclJa++550+//cOlV19zz4MPLD3nnIULFjYbDSEoEYIVyzyXSiml8k53vD25fWz0ibVPvPt1p73wyKMZEUChQExICHHDffc+9ZnPAiKyQoEMhICCMBUkkJgVIuQyf3rjZpGITBnVhUox4F4HHrzXEccwUVfmCpiRarVGUkvvuOmWjU9+7NwrLntmw6b9ly3/6Cc/efI/vTWTion3fOGLPv7pT43867/e8MCDn/nSl95+2v1vfe97Z8ybIxq1efPmHz447aPve9+pb3+b7GTX/O2cX/zyVzNnz3v6mSefWL++ltRrjSYgMkHWy2U3222/Az7+hc8R0n0PPrTryt3SRpMEjYyNnHPe354amWgA9AAQQAI0AVqNZKI7cuEV12YAKcAQYq2RTm7Z9vhzm7sACFAHIIAJgH0fWvPhL31RNeDXP//Z5XfcMUuQZEYSiCASAkAJ3JNyoidzgCuuv+GqG24USaJjpCyVPsJ8stsdGhw46viT5s2YyT3FhOjyUR1I86e9ONbCQHla758tE0kWK/88Azp0aCVDpFUDL7HNMwoWFQJaraXLuVQSG9CIF4lpRqcmFA4jZGYGQgid4uiPY4mFnu5isB+S/fCKecPBZeUqgMb0em0XrJSyJRN0MfwwRVTWC91C4qkRs/YXWxrQI3X/txRxKoShwqBNgFEjKsXDKpHDagP09eiGHFKzCrMoRcOmIuKU22ULm91vIXtBaWaLyqwcAgs+YsCvntXR7kgGO98xPnc1FAJFlU7YQrovhH12jbrloe8wh0QrxPe8fufSbLFJterngICAShgsSFc1RhrLTQpAdNpLSWmXhh0l62KxR2V2ckH1oFe6Vc+l7kNFCNQvk7Lo8n2K/CAVlUAM3ypLFZgxGqztXpH+GHDR1MKhT5Nm/2fMyRFAdhgrTgyI5Du6/D6omLKoNx7YBZKxMvQMBsEwOmgT+IbQbKrUOKnwNIKxiTUEYgWSWZstClhJJZVSilixAhThg+gatz1UoDwSZgYwqAKAdSYwhadi2rNE9FfTnq2YrUCMI5/gZh6sZe7kJlewm73N1j3LXsFElAwOwXKeYMNCCMzc4+7SXZZ8/1vfklJOnzFr0+bnf/aTnz7wwN3LVqz6j3//2vKlu3XyTj1tElFST++4/faPfeSTjz848uIXn/D5z332qXXPbBnZ1svl8PDQvBkzpg0OI4r7Hn3w+9/9n+3Pb2k1G1mvi8zT6s2DVu3jevTkxnXPbngOFQChSKjT623dtn23pbudcPhRHch1ctQkt3t5j8gc+umnhnXIUbpbvU73lz/939qvfoNERAIBlHlvJwDLt77r7Z/5zGdAsUKZoBhsDdz/2IO/+tVvx7eP7Ln/fice/2Il5dbRrd3OuMpywqRebxKKtFZLEM8797zNWzaRQES6/ZbbCUWucqn0ybcYRGbR6mUnHWIudJ/AT3hxTmP/R/QMh3fRQpZww3LcVkFGcbHp6ruR7OJCweLa0ivAPo7ocRv7TmPxEf1vH99r5IDsq1+KP/ZZGtFPZhEhR4Oeooly32Pnzv/hKgj+ABygoZ7P5EAA9H6tMjRSAASEzLmiZXvD0BCMjSKRQiueEUBJ1arPePNbadUBamwcQSEAMrI72DsYR/QtOqLD3fBJaCX1ZbgtrKTAUhXcF42nUCPbOJYR/Z5dpNQ+A4Xc6XSZ8Z/e+rbDjjk2y3p51pNSMnLWy2QmiRUCS6VYqTzL6kl6++23/vhXv26PjRnqM4AQnUxOHxh8//vf/6b3vVsMD+26fNnuq1YddfFlN15/7b0PPHjPXXfLLJNKISMiKn0GHiMjilot6/WWLFx8+PEnJIOD2cgYD9SBEt0NmWf1gcFGWrNKSb9pmmpIqdCvMuZeL+PnNo/mMutmgGRP+KZOu5e3e5wkUiSiJkBAt9sdnew1asn4+PjTGzYdsf/qT37i40e/4XVSsZSSiaTkF55yypdAfv1r//bQI4/lwEPDMyipv/CE47+3+4ptz23Z5wUH9MYmEsbWwMA9d9/+/FhnxkBr2sDQniv3OOiA1cBKAGAqOJPZ2PjilXt89mtf2fD008v2WJk2G6zk7vvs+773f+D59RtrrYbMMkLMcpmzlFkuSCRpijaPS/ZyyYoQlVKKlX7PNudy7i67Jo1GnmdLli0/mKHOIFkx69idQiIGVMySARkoEdpFTUgiIQRMBAmiXpbV0pqoNQDYphmFvBrkcQfOWmtCacXH1nyoEgAMFYIpkOiOGYvyOOB9h5piQaYXZQTpAiTKjKHBGUKj2J0TdKnUxyp55rCbVzrWp1MqFTQMAC5yHKTtWosIrdCPoHqVWA9Ni7jDwYlBXkogBFDb/erjEP0BejycPpmQ9siZChr1D1Ri4XOhZJ8huy+u09V9djWVpWv/sF5l38xILKNNnRVkIkfgzYZ/9KqE6zGeqeiAnWksFvAItXRea2hG+lUV8V5frgirZJOsA8EzoSWlOS1cHjtMJq0kXWyJevUYvWegkuQ+blQalK/HGQm6hxU1eIqZrHuAMEocCz63PPvGCyHanet7H9YbSJjyet8BKwJAeP5Q1AqXhxiCjiq556Y0HgyG5x27gnY57aiLZZGB5dat/W3KR6CKQemEWGVycEGx1MfXgJIA5vANJLIZnwqIvZFjoHaMys20ELpj1kz4UxuWOkVTKRtvtTVHA3E6psoedfQBAJc8CcWxlfoXayx0C8mfT6kJwgIYEHLF9VpjeGDgwYcf27515MGHHrzq8it7Y+PtsfEN69YJwInOJCB0e9m8uXNmz5kzb/68NXffPzkx0QBRr9duuOb662+4YdnK3d7zjncvnDZ32+TYGWeefcu119dq9W63lwisNerMvH10RElZa9RqSf2Mv5336INrmgODIhHM3ekzBjZu2HDGX846+AUHj02OQqIEAiUJikCJByqaNKkNcidAznsZ5AoEARDr/GpmVMxKjY+1FSiN7xTALXff/m9f/8adN982OG36ez/wvpW7Lf3pr3924803b9ywsdPpHHX00XvvvfvQ4ECj0ejK7Morr7z8istJCFTMgN2JDqs8z3PD5aGvvXJWzG2E+Ido+bC757RCn8vbe8Zu0c8x+3owFH+Rr8yuisgKsqCoSlMY8RzKTHsYsbsUMGNJNOkFXaUvAcJDHcxzhRePlEWzGXCs1wMHpLlRoQwKGLOwZGLXuIvcGdxjNzBG8jSQ7xz8v/Kq9GIWbumdQ4AI7jg1JCALvGKWQksHexdVlidLdqsffMjYxRfWGy1ExWz2SSrJ0KjXlu+hZA4sIaCu35QWEDDwVbv+g1bHhoucEiqgq4C4AbcYFRC+FrAQmbHlQnUVqgYzestNAMw6pR6y7vDw8BtOP310bOLUV79q6cGHlGivIM9B5sAMikFKQFyyYhkBZd3uLsuXMjBPTk6fO/dd73nvccccd8rrXkuNRm/jZmzWF+2//5v3XnXiq1768L0PPLdufbczmfVyKVmxzDOppMxlrpRiZu7le65c8cKjjuA8R1YgFaSw25JlB+2x52tPPOENb3tr2mgwAxIREhAgEgICsZJSseqMjZ71hz9dd92Ne+61B8ic7PyiICLitCaFwAQxSVbutedrX3LK6W978+JFixYvmH/ECScd8qqX5+0u5FLUU5VLlWco6IiTTvqS4kceeOiEl75kcPaM7sQEpWLFXnvD3klvbIzHJmhoYL/VB376E5967LG1i5YsmT59xr77r1518EHQ6yVErBgEIUA+2Zm1eJdZuy2FibbMMxQ0a5dd3v3xT+RSkTDn66lcMYKNqAesIJVixVIqBlaKWSKAfjlNLUkEig996Yuy25VEipXmLmUNUcWsFCMgpIJI6NQiEoIQdLoUMiPAjHlzIJfGVxO/s9cYEmaVaP4Jz0sDez+4nLe3EswEWxTByloj2txq8bLBK2i3UDiQ2Wzlrc5zsT23PXbiJNDzrl9uYSjnparqb9j1Ag4OF50xCwtPx/DpH70MTjU1VXernGCi+waBHHY9jH7lCpQYxUgDawERwyhoqB/B49OCQg6qZY5szMJYqiI5XPrJfS3CuaogiZfBNgUqNmLi8tYgCQOGUbTQNlIwgwtpLOHs9w27FQledZOrYk72DAn/SEi38ohsgUKX+j3iHqxwbUxtShQmpbLeOElA81IhAz9Kv3IWTRDuDZ7Wt+xfv3y5QDXuv3D6oTTXXF8xEHTSShxvYhfDmO6omv6VuK5CiXiOiypjp+VKwgJJoQqwtLPPF4WV4yfW2a1e7Dq8YQtWzjLGv5V8crYUupCdzb4y5dloGwSweSmlCvS0IRCDYgZ99hBLUFLlSuqziJQOVdoIjkmMIT1XJhNR6Z0XqGOgumYSpt9kh2yUCZszQfVbKThXUinWb6lgVmDVXd9Lt2tPr3Ehb4j1rCeiobdhrYCMfheM5RpzmJ128+gXxjCzQBJA519y/uc/+dXZs2eMbNu6cf1GALr/nvs/8cnPEeDE+BgKaE+291619xf+9YuzZs4GVu1uVyn1wJqH/vs731+39rHDjj/2vf/0HgTotHtrHnmk157YbY8DJ0e2b35uHeoAIiMzNtPGs1s2nX3Oec1aY79DDnp27RMj27YdeMgL7rvvvksvu/Shh9+23957j3XHEyEQUbGyFlWw2oEQ7DZZEoBQazbf+JY3rdp/X0SFOjsPGAEEEgDtte8eOeeIkDCNdcb+58c/vOCv5wLQ6W960+tPP21kfOvZf/vbVedfSgOD+6/e98Mf++dly5b0svZxxx0za+7shETWyzKV57kkos7YJBPPmDFNsURjBsdoANAKOHeGTzDZhd3+hXmnWMIULA8AcCcjekXTTzAXecQqtUIhNmTUp1x5b6Kr3zAYxt3RvziFzsEbAQLYhAz2KDL2XQoEmFOHzsQJiBn7qQvyznc08KSWiWHS2Cy+iapArwEK0If0K3vtPIa/Op1q1arOaYikbV8VUkipc48gA5kYqImje3iL9r94vKBYn7QtJVN98IRTR266AbpdDDQgJEKNjE1ecfHQm96hQJ9pQoYtyQ4DkFlhkXShZu2DRhkcT5ipceeDefnPDDbLMHas9AlQeKTpNz+4S+m9bygQVac9f878D3z8E0qIjFVndFSbCSbrQSmWEvIcpGLWLwQGYth12cpPfvnLoJilVN1uwqAmJ194zDEvPOnFKsvleDtpNiVCZ3QCa7W5u6+au/veIDNQOUgGnb8iFSilcqnyHFiRQiIEmat2h0TCuVSd7okvf/l+hxyyZMmuMxcukICEwERgXi1j31xqWF29b+bs097wxtlz5/DkeELmKHIz30oSAkli7h1y7HH7v/BFg8MDlKQf/8Z+0GzlnR4oRbUUc8mKmYTKc1by8BNOeOGRRwFjNjmZIHKet7dsZaBEJEKQnJwcGBh4/Vvf2svyweEhMTAEjQZnmcokEbJSJryViF6nq1RbIJIQgMSC0lYrQTSTog/8QcsH4RTnOUsJuQQA1m/pVAqZMc9Vt5sSLV68GJKEdVILGvFjGFu/WwitFwbJHb7q+V8pNTrKuUQXEbNi03KYFRUIxlJ0HG0t0TBI0A/WWWFYtAOwsE5KYTOMP4TgMywUZwI68YIcrnLfG/2PsiJdDyNOFnEWiJ4T8PNj6WCgtBZuzgQFDRnNozEyJ0IIkJ45itNZdGzfC2UQWoQejTUbD93pjAAyhXHOsA+h2mHbjUi6eg0XiXH9wQC50IEYTklUS3EWy3PKZVbpHzbUlp4jSAHaluJa6JwkGKgyD/sizFtAQ3EvgxrDm1FYIjauwht2PvsadXFaVDDMUmmAPvQJAphRj0L7OVbrrjDHC4YDuvq8xDB4CXHMPKRBcU7M0wWAEUbmg9ANlEccV1NhwjmkAXZHSfwrBHDIDbokemw0E6zF4mjEVY/os2BDeeIny+EiZZaGyzLwTmPXQuVUhlzC0W1vpk7tCwiuqvjnTlylBowkjJE0Qh8COXoUOMmtBHBM4P2Uzhse2VYA4Cy0mH8pgEsAzCBB5UqZkyQMUzAyANsXzLECJv3CF0CduuacFfbsOg1Mjc4kRMesjBqZ6leMKpZS5ZKlNkh1JDTosR2DcxDZdRJmpwTUDBaQHS/aoUcIz5YrPFm4WIFCFAxqoDUwc9q07Zu3bdq8mQimzZ63+8rdJ7vtZx9fu8suizBNOxOTCxcunjtn7vDQIABkeY5Ez2/YuPm5DYuWLPmnt75j6a67SKWmDw4ddtghTz3xxKtOe801l1151bpn0jQFAMlKJNTNsr9e+Pe7brp5r31Xvf51p//XN78lEnzBIS+oDzYuOvvsn//8l//xzW8kkCAD6pNBgyTkkDwECgDTJAWitNk49vjjXvayl2SqJ9C7cJBQAPVUr5P1gFmxZMX77rfP4cccOX3GnE98/EMzBwbG25Pveuc79tt/v4mRyWOOPao72fnaN/9j0cKFb3jT698Oac6ZUgBESiqp8ryXE4nhmUOSpQFixgPiRaejO/upDDRIdLnlHf/aDxOVJrFcygkXtK4Xd8O0BYGvJsBmfdsqq/vKznBBaU81Bgeg4lp20BvfVNiQdzR6CaO1d6y3A/xRWSf0tRsDXGO3f/XJ1aqUtiEOC0ftC+iAhn7JBMbR5IqPziJmYCZC1e7W9tx72uFHjV7090arBSC1scnAqGD7+ee29t4P9z2At42jUBa9IBOZzQFGPDLYg4/9crOosppwbEPfESTBaGrts14YFSoz/FhMGLO5Dk7n25/0xnqp0kSwEEIIpFQCMgkA1uYRKwl5DoggFCql31CL+q1bUqF+5ZRiJMIsl1LmPUGUYJoAMKKgNGGGzvg4MRMB6pRlRgSBOhIHREggJaOSWQZS6bOLEVnlcsHChQuWLZOTk5NbtyOYJGpmG7TST1tOH5g+c2jufJ5sq6xnGAsREPXprvo90qywPjBQnz6dez3FzI2GyjMExFSAVKgYFUsbscmyHBkwy4XmPMRaUmM96/oAPsRaa6CRJAox6/W426NaDYVApcJ8VkoSRERWqIyDVXZ7Zrc925in2/nhJlQx5Blo+1NKM3fMxEzMIiHM82zLFqldyTYiZ7Q7AgOyIE0iAEJCY4IiGOZUkhQnaULaHQ22ceelDhgv+BzycB9+tqWtLeKny/xb3Iu3g6tiwfRZRoUf0B/XicEicsKljwyukF3FO/HCNFV6oaenIXYLFasoD4F9wHnHlwN7O1G+WGbnSF8yQUumUDUIqrzppL1XnZ6pcGe7tzNDDarh0i8lV10JQdvOemgY/Gqoob/tMFAWmqCVhijsSLXv1NXPRav7sBM3g5q8ev3/tjyrmQAAGXXw0+Op6naipQWMTOa1GJW1VjwcLOU+b+4JfUxQYeW6cs6ysKb9zi6fvjXaVN5+NfULoRcq6fdTEpm84PSD3Y9baslXCgAl9OayCMBb1qXBlWzXHYiJuLBi5QF2iLV9jnewIgNch1JBzlLJXKpcylzITOYAQMiKmAB1AqcClmarqNJ2KrMCQqsbiPWBuGhiQa4nEpRSUuntpTKXeaYkkwSQBqRrB4nylrdhKcs1xuwMouFonkM0kBDd8OwQEf2pUM5ULvrKfMxaF1LAQCAh78r8xceeMP37s7//g+9ffvHFi3db8sGPfGT3FXv87Oc/mb9o1pc//4XpwzPG2xNzZs2dPmPa0LQhRJBZvrUzceUVV/QmJvY+6fiTT31xHdJ21m3U6q979WsOPvAFwzOGr77yao1AAEAk1Kq37nv80f/92a8Shpe+8mWHvOCAkbFRkmr+wvlLd19+zaWXX3jRJSee+uJXn/Ty7e3twspBsv5ZBLQ+W2QAIkoEIQkhAEhynmV5R4I+7lApc+yhYoNggBlajcY73v62o446YrAxvMeK5e1et96ov/Flp738ZaeOT7Ql5+9514cuPPPsg49+0Wte+ap5w3P0a84lSMWSWTGDzPOcJWv8avG5OWfCp1N5AeCZsiD6C8oYnbMB/a8OormFEtZhAVdUQ/xjCMuCo9ZMYQSXZWr/+GUT6i2ndF0EFhBA5xOiGUIA9nRHMTgI3i1Izan2m3MPeyVjuuUfmkLyeMmKEQhyExC5vf1D3tHufUZBnDM0Xc14OaKDG285z8StwGJmS1GX+1+JCAFRn4qNaF7oY8ZQzJHz3k60xOKM09q0k18+etvNcvsICBfJUIwkt2ze9uufzvr0v8LwLGh3QJCNNNlzTliH5d3xHnr8yqI39IPxwsXugQuD6uj0HdiKEdn5PfxEhOQNKRErCA5/cwYBWueykorzHgiCJBEiscmWehp1zooW4QqVQmUCmJwrBkD9ZhpmIEIGoT3JSttEQDkAIRKB0uYrM0tNbO1UZCUhk6AkKEUMQAKAmQAYBWI20VZjEyioliSWD9GvYLRvSAAAZjXRzscm9PtFzMogocsAkTFriVQuuZehEIgIvUwQMQJkEliHtRnta60ZAJQ5CdkzmKW5Zm7VkzKTkCREhEmiT0Vwc6P/pUCJAihgEogk9BQJP1voVQ1bNciGv8g5VAm0UGYgFLUaabbwPdSmJgACkwDSjkcd/wR9urh5nIWOb1vvv+6uzxvxKeVomNTwTgxYDIpiy0/uLngXd1XIyn0BmxfgedcDU7YPlBCPDySY2XbFA2ZnG/Ti+L5b8Q6puqVZMI7tj4FAtPovJAGAj4Iyu6qgSBD7lBtXSEqnojyYMQ+HXSqE49zNONTpeh7quMBzWAavaMvYB/Xit95CHT0ovrQyiv+VqixfPjxY6kYg8ypqLOS7BkWimz4Lxw8q0vKFbJE+QJ8992vcriMiwdDtctzBoKPYT2lPYKCZo/IQCnAPtQ3jVfBb6YpBQlVXsUCaKeqIChbUdGlhVZG04LfAAHZDcR35GkLwVuoZB3QIXxhVSO3VXFOgUqGH7EoWOcz7XAps6+opg5aAEMGgCsvfMUAsM63l7xpjl8hQmr2IVoWb1fFPdF0qUTQMasfNBOvRjV37Z+KdVObHCGm4dqdkM/2IYn2KLRrRCQxFLxVYKa3sFwIABSBBKaCk1kgbA0lTCEoxQetrtcdOsgTWxqdkBSDZddVoSEr0q9DjcyoZlBRKSSUxI1FvUF0woNK7ukCBYiNWnRJ0MtYnsRkHXr+d9DElwOGcqcpC1JQmoVETChhnDk8XNbF27eN1TE88+dRXv+bV5/79/CsuuXLPVbtPmzZ9z5W7j06O10TCDDNmzmGGZ5955vd//P3fz/374IwZRxx91LzZcyZ7HQLIst6i2fOWzF3w8Pon2p02oXlB2UCr1cvlb//0p0duv2uv1atf9YpXdDrjlAAoMTQ0eNzxJxz0osNuue6W3/zyd4cfevjMoaG2bCeoX7kQmNY6A4hRmdMpBCAQYJomjMyoFBIwKzQBbXcuEzMIhF7Wu+Syy59+Zt1gc/DiSy+XeY4JgVIkhEjSsYnxhx95ZHDa9E0bn/+v7/7P4l0Xi0SwVL2sm2c5MCtWk+2J2fPmvPrlr5g2NMwgA7nrs2hiWhcmyv/OlceBlies/7SWdvAEl01bn6r6vtxiFq2BePEKNf45q4kQiCHYF2pUad9miyK88ufKXyr1ViyR0S+omPYe24UTFH0O46WFHnE8JC3Myp3ZkWavHBTo7YH2tCEEBHvQZWmw7MbJoIAJQClCUpMdsXzljJNfuvVXP683mlq2IDNzlgicuPfu+m9+NvTOD3BzkLs9TAS7OCsHnMtWLIV0QLfnk0K83WcwwXOGbiEAcho9oGUfRFHl8zc6F0xWCpAgFoTMIF1eu7Y5gaXU+yp05NM577CWODK6HCPST+k6mFEqkx1KWrEEs2qir/ozgjIvkPbICEGQEJBoMxjAvgGaQ4eh0ouaEYmIiAx8RwIiJuuJIFJkJCcSIgmP/ZhRKWNmM+i51oehIRInNlGIAewB5xjAU3JJG6Dfx0OAxEaWoEvQJESTXcmAbIOZ3vrx49aqjJUCnfaspKGMLksWuWkfETMwELDNIHeTjai3LxtftTaqkVkCA7IbL4NN/vWSZmodGYMBTW3jW6k6MQcqObJUqBK6YMW9Ps/a4vF6sJWGqz/4oAI7zc7G//3C8EgOhorzUQr19x1V/E7H0Nwtg33zDaNvU12xJTDl5TIpnDcB43Z2HAhy+BWx9HyI1tyt//scFD2sBbU5NZwr2aW+kkJtgRWzkxqqYKX4rlZ1c6p64q8Rv/2/uaK+7OithXFn/o+NBLZdyaAKx4sO4FW2XZy3aPNVwfL8x8lVzTdl55FLFSz1EP+P3QhSYqbwNZS7lBjlw+6+QSbo9s1XjcH2Fv2I/Oi83ne9qTSCo87Ea6bPmD1Ciqfc/ROJZja+fvMzAQKohqqNtcfWbn1qVmN6BnkqEq35wWo0Nn+VlPq8Cb17EwCR7VESRCiQCO27xUHrSX0qPKo8H+hObm+PCmNJ6t+0Qx7QvE+0sKXPWhWBE6sExrx8Dx0DjnJsjYZKCRXTmBWwAk6SdHRs/OJLL33igQdnzlv0/MYt//Zv37zkkos7nc6zT6//j2/+57yF89ev37DfAft99AMf3mPFnoMzZt5z5z1PPvH49ue3rtxv1QtecCgq7Km8SSmgmuhM1Go1UNBs1aVS+sgZCfzXC8///W9+V2/Vjz/xuN2XLr382qtULkGqybHO7OkzTzjhhBuvuumGq2765a9+9emPfTSVqWIlzLnE+nwotm4G0BBRCE1akSaphvJAekubxmWAdkccKiDETt79/RlnXXbG32hgGJFYSUbgPKdarVlrigSRFdVqWzZt+9EPf1qv1xXIbLJLKeWZJMQkEd0sW777suOPOmbWtBm5VAafOp8LBhMElstDP1W4lmL+Rc+0gVAoOkv7w5ti8K5QxuWkF+FOwR9Ycnv72gwPeyc+O1AJzlNt+2IXY0F/s/vV4qzgV8u0ujUXHd0Z6YuFtjxeZmCI3I0FKexORCzEPf2Qbbarnxb2M23WYvyy5qAqdBPfv+/a6ASwWbjGdvNY03BRYXTG9lEASnazoeNOHbnm6vzRR6nRVEoiArGCnAWKkcsuToanNd/wT1xrQp6DwABYaWkjfVNOBdiTp0OHaKA7Qy2KNuPZeXYDGO1sH20xWJlnGdb/P0DXwfZiAKdWQkXPCswOBJTGxCma0GZ3rnHFuIrsQPzBqPpgOmOEMSitB4hDx6JuW1nBq+sRFGHSQrKQ70nU+4Bgnq7aP6sdEkDIhNEUmcCO/qz0SF12AzqMbjf4a35FAFCMTpWF1Gbbb6lMnNoxMKGPOoa6Ri8lu4R1kBQc1NDI0pyzZ2fT/EfkZZtWqs741FtY9MYXTQGdzByGxNh0xhGjaJSgJb5DEEbwu9Mf3Rx4/7g5BSj2SVnjPZY5XmboKeJgMtFylyWwx5wcMgBCVGuYNMJBt8PLLTvUcIFL4Rs7hpJVUArzcPgFKnFhfNiSSxIBl2JjxZqNd9k1DwDatrFjLMvYqC9xDwNd54C9rQQj+lXLUFe3e6VfWSD7IXL8qyFOpL2j8Qd0tGLQFQArB/p0DH2vSgC4QIQwgBaEuThUQG4Mein6RQIxaWw0hi33F+hQqVHDTroPJYulvDSC3vql5Ss1Ms0N0Jqg5RqMZI5/KjBx4aZ2RgUH56HTWOGgIkhT7mTEn/GvVgDaUfv1XFBI9nG28sBVEE8M+FkO74ZNMzMRVQY/41i0bSu6QkllRl0Zb4w4reSXqVjD4IbtoyZRf6w+6ecMLIderQcYASCxLKB/82C1glVtk2yLcixd3STqrCJ2sxhwgy/uxGMkJ4s9KY7E7l6qGGcoMW2P3AelmAE4V4NJ/a4n7/7y1s0NqpMAIVIQBInLJ9EwiQGYJSjFLJV2w+rfiAzQItKpmIgAEhQwgmJkEiww5xRo/cRzilVKSS4zAFIAkpVVP0zRinZwJ9K10aLQDBOylL2B/hmriCsnzys7c56BnpZuJjdu3AIAnax78SUXdSfbJJLmwMDWrdt+/8vf6EfXn3riRz7wsX1W7bnXfnvdd8e9ExNjreHBFx17zKo99+71OgliDooQUSAJQkRBQuVZLnNAuPTqa77+9W9ueea5VYcd+PZ/etNwrT40bVB3eHB4cLhWP/21r73p+hsvOffiX//yNyt3X/Gal7ysl+cMSuffBuklGucCEQpBSCiEECKxfKVMLMM4YqwBj8wMSZLusfvu6w4+ZHBo0KxezpuNJlFyz933dNuTRMSgALBGSatW22WXxY20Dikyc5KmaSLyTM6dP6eWpgBg4ggcyadQw1YQH/v9EIm0MFcW7XyaJRZwAgc3wvULUFw1vtmghnI33KGvtkDxXC90qzhKCSoI4ki1+1IhE1v+Lw3f9tD6eqpFQFwnupK2XaewEZDRe9OcEVmZImLar7wZ2bBuLFzCrxEBd3yx+YMA5pUS6EEgOtJ6WrKlG6JiRgDFSKA6XZw+Y+Zr37jp219Pux0hiFkHJZQe57a/nQn1evO1b+G0xrlEMmRFRHOKEitLQBtjVIBCMAlNW5djUtpsFwzfKOgAkBkGitjTqIXoEbBAqxLM+U2qga5TwKTZQyEAujdyKC83Eby5oMNdFqJoUhrVxRbEMxtOUgCsggQDM26DdhDAvxbK9IqtWDZvrVCSFYE+uM6B6YAADIBgD3/Q/SIwOx6NPgn0sFKRde0+60GRZh/0Z6JZY9UczKu75IBF8LhOZdA9YM0PSgeFSTOHtXXZ8J3Be6j326IOk7KP8YJOwTXD0mm0qE9iAruN01lNYMxO0va2Tjm2vOUDuZrs6KLWhcsnnhT8sbHWjE0ZJ1eLlbnU8nB3ZFzSGsdBhWEN5R6ai0PBXBR4VnABFBFMwDgUSRcrIDiQkyUEWDVC/zFkykA5ob8Z8AoXCxcqBrR4z94KdxX7kXurK+ySMvvTY6jqYLTrreOceFDeYN7hNYVLk7kw2VWwNChuBUpM8tC/V/jFG3jganbvI+zXitMT7plo60nQAwqo7R4rTJ2vK6Cn06S2i5aeVpjAlHQLRxp6EUpXyY4KLhWd0BijKVd3NPtWbE/F5M7yn0LpFx4JH9b8UIFUqpHJFOwXnvyC8We/s6ngtiiMIrgR7DtwUGcqrFThiOnHdaxUoSIMJavtT1y7+YsR8XYWCCWFyQ59J8WQSNhiQUw4BeAkhfEoFonnwwJs/+Fi702B8I5/dxfYg3yioHtJ+gQrDwkRlVISQAHUUnq+vfXJbeuAWYhEHzCBQmi3LlmlxopBAiu908YErLXSZGJAk76k0Y1ihQqYkaVCvT1HqcFaq9VqodbKCABKgjRvEIlyG9kAAcsadvixAHFwzanz0McVTw6ExLXJVSFlHSRRLCXnu++x8ohTT125bAkw1uuNTc8///e/nTc8OHjcq1+x69LdEHH1fvulQDOmTVswb+GdnVuTaUO777PqzW9504KZM5XKU0p6qpdLyQiScyUlSwXMY6NjNz1w17//57cfuf/B2sDAksW7PP3Mumc3bHjqiacIMFfy8SefuOOee0bbY3vsueel51+y4dnn/uPfvzU8NHj0YS/SKWrk7BW0MBCRgAQRICSJoETDHFb2rEmrwcnRCxnTRPzTW9746pe+rNUa1DHZgUadiX/yk1/dcfPNkxPjaa1OJBigPdmu1ZPVB+z7+tefvmDegk6nnbMUQmin/6yZM5RShFRkOYwpb9ZCiRUrrmgC/Vy7VR9g3aAab35BGPhx5dE/BNCvfbZVRKq2FEdFzy9xHzVccyaZbdTI+khumBY0RLGuAfblC7UXuDoURAX3eVlXOSRXzgKI3KJ9iGKxDrh45hS6t+DYq+5Q1aVbV2HtOpTi6eZIpvuhe24BmUaGuUJmOdkeOPSIoRefOnbWn5utgVxzAypARhCql20/8/eYJI1Xv4GTOmcdFEJLtJihAICw1cQkZVCq1wGlEMi8Hsbzn/7PzEdYBZs7iOEkRohZpy8XCeqoVtDMpirD6A4kmcN5wIE3Z7gymFdfISFps8n5pH2IxuBcw7N2t7iBzgoAgRSiE9Eu9mgDaoS2u+TFtbMPlUJtoCmyy1J6sW7xRoAJEYiYBBAhkqOBid0qnTSjTMaMN0TBnWak/aDWo+ydRMCCUYJi0AcdM9ucYbALF4xPwz1scq3dCYsArNgmwQZGsT4rCIOtnmBSdsn4BQCJiZBQacmpAFnrUekRqHZwkN3+wvbtQ54HHB8x2gmwqW0ORkQsEyj9otBzjFBCywHHeewdQNKSfCnd50Kx2CfmPxREVgHhclhPOBp0iTaxNIOKiwsmTSBeIBCe9kc70WHJvpetwWjkIDIXjMGONIBm7tm+NXMoAPrBTtdYsaT9vPOod6oL7fm5/QtEZmqh3SlTWH0pgKgSqHqkeoIrFB5YBG2NtKDanck9dl3qf5kp6TeW/uyzg9nsU8OOtGi0vKNlFbdUMEHLvSp3z1ddtOp85koIJLxFU/AvsEmVDrGNU0jsDzf0eMa5CgtXgPYx7klYpOgQr/ZThCSrnB1HE6jQycVmneHi5O5OTHd4JWHnopU1tc8jaAyiBkvOw7JtHkAKP4rwd5sDoGOWMVYsCTIDaLw1hsZ56t0OklW91tAOYERs1hpDAwOIgpGB9AGHAglMOhCDYgUSIAdWjMoShwB1NC5BEACkUQLq15ihfb8oKh17QKlY7/nMFaDZrMoKUbjZj1UPu08ALikqWkvgdGY0evOb16MOCbt/bJpV6KFk1Emrs2dO/8D73v2ed74tSZNeL2dWF19yyblnnTV93uy3vf0tRx195P0PPyg4UbI3PDDQGhqUeTYwOPyyV77ikNUHjoxuf/rZp5NasmTXJYQEjMikJw6J1m9c/81///ZNl146tGD+sS8+cWLr1ne+6Z2YYILYmWwzwk+//8M//PI3vayDlBxy5GEPPvDAPTfe8vOf/mKP3ZcvmrNYqpwR2W360fYnADIq/c4AZpYgpZRSsQITzwECZAapgR4REhEAr1i6pLa8DgqbSQMAnt+25Yzz/vq3s84a3bpl15V7ZFn2/Mbn5sydM3/BwnvuuuvC8y6YP3/+G19/+n577gMAbe4wK8VKv4WNQL+SXr9GwIkbtxkmAt2+AABG+Ccsa9Qvx3fBBT8979t/o3QPfRMjfig8U7GgEazfx4EJaw1GWWJBJboQAxd7OsUVCATDjTqDSJlQp1/+BT9lIYGk2oEaKEXnzKpoulR5ZRkMSLwzMrTK/1r+zsG/ETFdd43UxiCRENzpGiE7gRMDLjGAWCqJM057c2/tY/nttyYDg0opc4gqKhSour1tf/zVDITGy1+v0jp329oE9ehW96DekpvXy9HtNGsOzZgDJKDXRlBAAkCfHaPtDQbFDoYW+8burXCl/QUGHEd7NQDAriP72XEgFJSRUd+Rn06BzQ03ul6vMQUCEJTVCaR8nU6yKgYAhVKSVIgIrEDvrlAAoNxyAkt0/SMiKiGUEG4pC2ZzxiyzPcBHAerTfQCtkYamu4BK18OMxEiKBCcpkCAABLYvygJreSqWSp82ZIhvkToLYhIqScHEUPH/R9tbB1pyVInD51R1X3k6PpORzMRtSMjEiZJAkOASnOCLs8ayLMuigd8uu/wILCy6uFsEC0kIMeIQd/fMZOy9d++793ZXne+PslPVfe9M+L6vCW/6dpecOnX8VFWDPQrIfYcaM1IkdCmUsjDYdTxOQbrFRGToAUBo9+UkQHL5QNRaaO3sEgQitAfVMqPDnFnuJ0wIFIKyTMtMI6JSWCokAtLCu1kIZHe6GuJ34jLemuQitYHHERDcHpaIm7kSrDJNIBrgj6JyYdVuUt9XMZ3UCCiHiZokUIi1OVMwqsGO7OF1AJGCTQOB4VlN26UFtOKBxPH/yDK2HVN9g3GEJAWZ4QahZkiQYCbs3GB7LOOSWFvRYSd4EabEkD1ptS5opEQqtmiksGPlgpygqsqotl8WT8CKmxr1611cr8cqRjxr1vyJjlmKQKoaixCeBALwRTnOuQ/PBouI0TS5FzWjdgXqE4xpyCO6D7hKuq5eQ2Y86mp4gWqbIZxtYmfequH8wtkHUlTydhIAQxzQDtRDGGRLYr85R2kozZiW+KR7SqhflYCOYBCTWHxiRyUEzKpz97iuC2uKjs7ip1Dxn1nFjK2xz+pNsREOKhc0I8y4mD2GiY86pUEEFFiWuf5o16mRs8ZJIvZ0f9WilXsv3/3eLQ+Uuc5kVpYaRAmIoBEIUWggQUKjQHJHR2itQRESgQJA+x1SEMbdR5FJRAANpDWAPbMIlBbk9ImQMss6c/NLmgvXTC8X5pMnIMjvZgRI+T7FjUNgRJqjp5qSmyg+EUQOaYJcZL35+ZvvuHFu+zwRbd6yeW52btvMtquvuaqRZTNznS9/8as//N4Pr7vxumXLln/jq18rB+re++9pNFvjE2NP2X/fcZJX3X3rZz/9H2Pt9of+7cN77rZnb9DNhChVqUuFiK1me3p6ctkuy/c95Kl//w/v/cF3v3PDn69uyGZ3vodCaNKd2e1UDhDEqt12++cPvv/b3/zWRef9YZ+99mzKBoFuZ21pDl2sXFMLpgBJZGJ6anKqMdHIMwDQpBEBUbiTsxEACzUY6AEgFaVS1Gs1W0/MbL70yit/9KMf//QnP9Nz3SOeftJ73/vu//361y64/+7ly/f/6Mc+8qMffP+H3/vRJz9y+mWXXPriU1/y3Gc8a+nKZRIyKgs03i2isNtyHFaDSLFEWJfkAT6lNS9DDjyse/SvUuHKab62AO8xtqe8GeVaovimSmDG2bayykFseBGDgNqZC9P7Yc5nCkHycaq6IuHfIUWG160Dr9J10tZwfMcdISbkEX6gWXmKbKcVBuyausxs4FVt20SIoIoBLlq05K3vfOKJx+j++8XYhNIaAY3jhVKqfrn1+9+cVnrsxa/SrTHdnRPCfeJCExDg+Fhx87XbfvLd8pGH5Jp17UOPaR9xTLZ8pSYNgx6iG4VxQVEFKDi2h6UOuGKOfqFDQ3hWnzk3ZYiTr/sbzkDxu01NUhEJkQAEIElC7TfWIgIoIqU1EAoUCNruSEBFJojmlXVgGxcIE0LLTAuhiRBRCmE+Lo1IYM5lN1EVDYDKuYsuiRqRgU0SKkANbiOk3UBAdvmrJlIEWpkT1K3/CYgoALUmVGZPB4hMSkIBVKLx7wQSQElAgjKUwswyIigA0ERou7ArllGZj8mYDQ/uaCUtzBFOWujSrrM1B1hpt1zc6WaX+fSa12Q1JWVZCYKApHFICQX5pKZdb+y3DwKXimQ1fKARTzdmC1wdNVlMJ16VKzKU81P7Z1g5MzOhTE3oKYaFNVnfqGFurqdTwEw0yqwYEZi2Q2QTzk7gpJKKy30vHRO4a0W+peI6eWlgjj6/89dciUramZKRRTSs8AgJv9M5mdpmdzals0MVw8uG2x00XsV27crQ+irkPaFRsNW+G1ZhB4N8ko7o/yfXSAuoCkvkQQ5pcUcOTjW1FsOzg0a4mEgswjqTg8Xcd97astLQp/SGluQuKINjp7r5f3Flrnvbne98NL8ZcGtLRBGFVCI4V8irYKixKSPDutI8BHlEMQOjs/qdWUOgEaSUfd1f3J5+1REv2dzddt0DN3dAaaE1ahNU0wJJkglAm700SNDEPJcZZeGDr+C2qKDAsiw7811zMKJWWhGBIiAAZWNsghAQldaTzYlTN5x81LoDezQgIOFUjlc9Xu8gRxeXzei2GkKFmodMkV92635Ha7PNP1qrPGtsmul8/r+/cv4vf5vnstOb6w0GQFpkzbG82Zmd/e3Z54CgVt5auXzNjTfe9pOf/+yaS69EmT3x+OOXXX7lC08+pdVoX335lULKLU9slXsIIqVQK1XqsiBNu69d+773vfvwQzYsX7rsKXvt+ZY3v+mZT39mu9288+67PvOpf39i48ZnP++U177+NF2qJSuWHnLIwYsWLTjxxBOf//znrFi6otS6Mze7fbZrspcmGkeKtFalVps3b86yPG80Nm7efPeD9xMogcLgEimc2JnJbGp6Im80pESQuH3bzM033fqbc3//g+/+4IE77szHp44+5bkf/eCHNhx28De+9hUgGPQH++y/38c++tGJhQt+/ctzzvvdeVdddc2lz7vkpae+7NADD162bAlKe1JJWDXKbEryTqNbNWwfg3fcjF9pDx7kROwnFoN4iZxW3pcjmPq555Xsk2CBJWTkrTzvBzAZBzUcGNlyOymdbGQ+dXTrFx3xocRROpfWJx+TJ6hwhEO7i2E7v65yUBAHLwSyKsZZfYoAKBoOBeTVrD8x0fKaFTOAaMIYDg4AsEsN/cDC7PDIdxgAAhBIRNXt5Xvuv+At79j2uf+kLVtFe5x0Yc65JihBZnpQbP3e/+puf+Klr9KLFtFcB7UCs09vvK1u/fO2//nM/E23oZDlffcN/nJNccMVY09/XuvQp9HUtO52sFToD5MhjAAA541A2M6CEBMPscHYKjZC5JY8hiM3vC4klgFy6yCch+70gO1EW6QBoq8g84xAkNaAQILBTJTledZqQKl0pwPm1NwAqFNRZL9XaZolAJASpATErJGLvAG6VPN9jQhCImk0M2d9SDDRZ/DpVBHQQYgghVnenLWbot1WWulBYY4RQvLfitYGEPv1EXfWi9n1CgJFo5GPTwAAFQMqlfI0CCClzFotAKL+AHp9ktqkzFGXaD5+bSeMAAGFQImg7QdknfYUmOdSSCq0HpRmSytbTuacQnTijDxdmi25AlG0xtoACFpTd44UKJEhWaSSyZFGJE2cTOxPir0P74ZCDXsChnXlHpx4gYRrJZUbkSyxXdbGnZJqIawBI4wmnrN3Emd4sxbJhCC8+4lVCemMJweJUzYMQz4OGobOkUFRSy7KnYhV20lIn8b2RAimO0nr/zKACYjXceamlcax8c2wYbXhEPuQ/6xFfe2qS98FuYHVVBzSV60dj87c9ZSKla75MsukCwB3GjJFOHTlWVq7SgMEKUWGN5YlrUUSuozUqAt2D7mi7HxklhNTxLw81M4FRctD0TVYJeDQCzdSUqDCswghdemrYSMDRqV2K3uIrYdhMruN9Uf2BKRh6doAKUDWv2QMNBrJriRBlXHqxoKskltQNmywvKmgWOuWRdR2F+gLIZVZ3Cap0i2PxtUNyjzk318J5u3oIM6O0whuwUSUoE8mYEdtpJ36KsZo8TaCY6PQEStpNm4iYH/QO3z1wX974tvO/PPvbn/s3j4UpS7JGgekgFDY/LvQAJkcqH5HzReoQAijdYXZ7YlApCbk2NrWSlTULwrIQQMBGR2OSHaDohCyJbLj9zv01A3PXdia7hV9iRmySJS1tLwXHewq99uzQ8T4DhfOUKhBZl1G3PaLvknUpKfGp9buskt7TCzfZZexifbEgumx8amtm7Zee821CxYveMGLX3zAQQf0uz3C7Nvf/+5ZP/jBohUrpqYX3nf37T/94Q/XH7h+ojWGmVywbPGiRYuUKkrQgsqSClUqQir6/VWLlr/p1a9H0kWvOGi3Aw7b9yAAuHLlEkUKUK/dbfeXPPd5JVAJ5Wxn7qkHHXTkhsNLXfTUAJX4+g++c+EFF+fNBimFKFAIXepBMdC6vP++BwDE1k3bPnP6Z6YWTAmBQiIasUZI5gvyQjTyxitf/fIXPfeF9z583y/OPPP22+646rIrb/3LDQCwx4HrT372yae95rUHrV9//2MPzc/3QQpN+onNGzccePBHPvqhQzcc9LNf/vLqP135g29+55ILL9lw+CEHH7bhrW95y7IFixQp0k7hINdmYSIiv86jHd27YdNjCidKJf45SqDGNBBuqloKLRgRkFGhEJBPaldb2sGld1DIYcX9HHFQQSQQ+VoRppCSDMhwDV3Td9pXvfkSsZ5TA6FW6sQOk6fROr8ATjL1UW/uH5tptFIEiIQk6nbGjzgB3zi75ctn4FxHtlpKK7skk0rIclJ624+/B1seH3vNG8XKtaCBFOF4S991+8zX/3tw293NJUu1FEAERdG55KLebbdOnfSc9rOeL9ftpfoDKAdoPRB0sjyyFc1ZKHaHY61OThBTzwcuuRLjPmoEXVDHOQrmRvuAJpFotUErrUuUGZmjy20SjxDFoNfb8ujDqGnB5GRDClLa+gQU3BarU9EZVUKQzAAhRxh057Zs3T41OTE2OTkoFAkUlKHPGaECsodqGAVkd2A4PGkpQUoB1JBYzHc627e3x8cbrdbALkjXYHJdiEbXIWlBBKRJSjMWEigAi9781m1bG1k+NTkJRIXSCjEnaACBVt35blEW4622FEJroAxAoCzNmUYmBQpaIJHWCjIpRJbpQoHWZqGfEKD6ve3dbqvZyGWm7O4GZ8yS8wzsmUlCAxChRqNwSQLoXm9udntZlKD1xPgYolRE9rgkImk+duqJmyxLWK84cj5jGoAqebjXUXnidwgjd3JX69Rdwq/r8vTh7PARhm7F2RzSi2vP/kLma2PqwZkXde4QOSkS9lTUCsBKprgWUg8supRDwpYjPJdA8Cl2DMqGYA0rNztov86GrrGqRdiuzGtWWyYP4U5fI/ycoQtK2cyMmqw6Uq95WH2SOlL8UT1uq21orbmLOAyc6G2t81kH2pP0AOqvKnpHIHzUlVBjNRk4rMowUqku7ByRfqyptkN4jRi2/qRxJ4bRIX/F/dhaho+v0fbT0FI7OQve//RyFcD61MaPSw+P4q72CDPRBjzcIfgAbsk7RWwR8gns51AkxsEcqigUwsimtsYcma0qpAaDDSvX77tsz01zW3tlT2lFZCUqaiRSikrQQFrJZvPiB6/88fVn98t+3mhqpQGN/AIpRWdubp9ddn/PkW9cni+e6c3kUtgdPfYj2ijAHJ4jp1pjS9oLBECvGEiUCCEeyWIYPJbjVQBn+EBn/I3lD8fKgRAdGoOkiPq0P6TAQpftifZb3nLa044+ct2aPaYXTE1OjOdZ49wLzv+bt7x1wYIFp73udUcfcvhlf/nTh//14xeed97qPfd4+zvftfvatZ/74mevuvCyD//TB6amJh5/7NHDjj5qxaoVg3KAUpjpMVtfe8WgU8z3ZjqtLBdCzM3Pqq4SzezRRx6b63WzRlMhbu5t7/bnG1kjl6IcDGZ1HwW02+1Ob/6Pf7zkVz/5OTSaUKrA5AKBSDYaMsvnZmauvOQy0KqWWsy1//7rX3bKix999LH/PuNLj9x5L0ix+377HHXCsac86zlPP/G4BWOTc53ZRiNrtRpCYHOsNTkx1unPTo5Nvel1bzz6yMN/ec6vLjj/wmsvv/qsn/zs8cc2veF1rxMgFJTO/nCTErxMCJMVtoJAKIb+lZkkV5bPTaKBK3GbmIcgfos1hoqDKYoVgjPlASBEJ8P2PXfjo4LMw8MU0tEX+SZjkecpm9kqQ5usigV0n1CnmE2SkDy4g2/CMJ0bw5tNo3S+BT/JbGs+AvvXdR76jVurdcdMSsN2YZW82zxp5SUFde6jAUauks2vIQiyX8MgkKj6vbGTn6d7M9u+9lXs9kSzobUmMrsMSsykaOC235wzeOzRsVNe0txwBC5eUtxxU+drX5q/7W45vUARQb9PRCilHJvUM7Pbfvr93k03Tr3ydY3DnkbNNvXmEe3GeiNiKHiizCuoUxYQxuHmKHYR3NpzDCLQLKQnb4KTJSNyE+S1h+9EEAHIRj6zbev5v/51I5PPeOGLWgsWDnp9kBK0gkJlY2O3X33lV/77S1NTE29/97t23Wsv1S8kmBkMipTsObtmbggQtNZZszG7ZfPZP/rxOb8791knnviad71djE0O5nuUoSSBWtstlZqQtAS7hYYQFJhFtoJQUJYRikYuNt1/3y9//JMbbrvzWSef/JxXv5IaDV0U9rhdbXKeSoDZzGuXt2o0SVbMGs37/nLNl//nyxNjE6e96U17HXVEsX27RomammPtR2677Ytf+woV6mUvednBJx6vBwMAJIHCnPcDGkgQaZBYFOraSy679dZbjjj8sP2fugFRotZCiF63e+H5511y5RUnnHDiic95VlmCILLy18yDJ2OBhIAiw0aOmAECahACYduWb3/uszfdcsf6vfZ+69+/r7lsBfQHgCRRCCFoMAAiS7/1Gp/4P5zT/IZ1boH4Jsjx2wgzFz0DB4oNVOrB4VYosoocPLBMGQ3Bif5YtZtmosbDOYImHx2rfgCX+wTkK3QJ3GZGnpaMjEnyMsObYE64VfPGvjvWfVzCmxKY3ARBxyok5iIv6Qpz1me9ewEbm4vE3tYmUpKuh2U+zQ+ou8LAdyJpVtNskNXeDHBzzNsPVBY5hiHPaRWVU5d1Ws/2FiC3BFqry1JPIMkDVX3yeJicIh391CO8NuU1IqEXABj9lt/snHO2Y+cn2GZuRNUNNV55mxocWlZrCDE5MuY51WEBF0ax1W+Z1tJbqlid2RD8zITl49YSIyf149gsRwGmoG0rFLyThmDlyhxYyLEUIIOUekawny8BEUI533lYK0Yeu3xa2dxrl+RFEw8OpqoxZ4Isti2itXaBnBQ2UVZU/bJsYb7H5C7mzH6BCIAShCRpHG4iyoQQQtz9xH2FLsn4U4hgD2ggIaDUCkvYc2rN3gt2G5QDKYQ51U8jaVQkCNzeQEW6rwclkMQMghllfHrvbJrUO5ExtLyKAAhK3msxgHAio3kTH/OBNqlCXFkFQ4HTDhoIyz3W7bn/uv0AQJskgBCa1NyW7d1Fy2a7RVmUGzduvv2OO8enFr/ola/+wN/9XQbQHGv+89Z/uf+eex558OF99lv/ile8cmysNd/roEQSVCpVqBIEZpnIMgENUUqQAmQuJWZ5nk1OTuSZLEEsX750rDWBKDJpDD0kc9wJQJbJZz/rmZNTC9utZlkU1kchk+rQpVZlv0SBWZYRkNYKnNBBNF8DFVkm+/3iacccoYHW73PAG057/Vln/WrDIYc8/4XPO/KoI5ZNLxp0e7Nzc3mWA8BADXShykKjwDzLykG/0y8O2Gv97u/b83nPfu5Pf/7zy/90xfvf/09rlq8sqSQb9dKO4IZIcDcj/q2d1JghnOVErFDcGPJasCMrAgD82kbrHhATI5wqDDycHQ3rGQqjmPbMsZ6x5jGd1AiBSGtWxFa08hxZqViecGtjmEZh4oUbNJQ+J5tPiACLsZdIOfQJCGSeJ7O83VuMpgyjZl3FEZHPgF+KhxEMshAbD7xsRIhdrYsEBAJIC62KYuL5p6puufW7/9vo9bDZIOVEIpQKJUyOz17/l+6990487dh83/3nLjx3cMvtWbutlQLQpAGItC5QlSLLqdmev+GGctN/Tr341LFTXkSNcT3ohfnUBjnVGUjGhp4Ggrwn4sji0Vw2I64uAbPbzVMrQe1XT4jAbPZUuigKOTb256su//jpn5KI04sWH/2c5yJpVWoUUgNlWfbgfff/+ve/X7165eve+EaQkkjbra1EBBpQGCmqCMwpr0gShNJFiY18dvv2iy++7Ofnn3//fffttd++x7zghSrLBGl3UjABmAObhKLSDLDRaDQaRlLZc/U0lVLlM1u3X3bV1T867/wHH7n/wCOPWHfggfZjFFoZvw4gh6bW8/O61zernrMsw2ZOWqPETrd7yTVXP/TQwyt3XbXX0UdNTS2AooBmAzqdX//21//3f76ybvWaQw87fIMUDUQYa0G/r8sCMqm1ICKlylaezc/MfOdHP/rx2Wf901v/Zs8998exFpZlljfmZju/+d25XzvzzAcffODApz51evkK1esJARpBmA/fCARz5BwKAQBa62JAutBKEZEm9dgD9/zyN7+67uY7p14xkUsxv/UJM43zWgPKMZlljSZ5JegcbOQWOoRIHSOylGxSssPAtuDsES9+EuPdCSRM5De3G11JhCqJc8eSA8nXpaF75NU6gDvP160RDi16mILkcm+qEDKjts4Yjr1CBl4A3nCP2fRcN0JThT9Fp3uCURbPWdw6r+cAqCkYPRkCBoOn8j6mE2QfnAxGOboPC7lC4Mbuf9qbuCOMWw49kluHGY2Y/fRqyLdsZx0ZKbABu5u6FWxDx04u9Bmie1WvIx5DuE3aMlHQGAPOskI7atZINckXxk6UNIVu115KCcSJnL3ivjGbLJ/9iuYiwUmtn1LhM2uUJ1Gluu8AweirgvBADAZ1LtpUhdajN8KNG6/HCbGSHKR0Pbxbp1Abv4gjEdHDHY0xskFriROHJGCr7Xswsh16rjsIJKRAUvg7tCImN1TDBj5ViD6u7lSE4Da91yeagknomg1hJHNJgIHu93SXmAuYQSZKRI3mM6DtrKEbeOMjt80Ouo2xlkYwp90CEGnQAJhl28vZ7b0ZrfRMd04glkqZ1rUstTArrYTJtgghJEgHduyLJJowRoL3XgxCkT3iJRN/wGu5dG1bOhdG5SMh9vq9XtEFhaVWQoi8mU9MTBz3rJNXrtl1asGkyLPjjznuY5/6+B133feG174Gy7Jbquc/89lCwq/P+73M8qOPPPLkk08YFH2QVhWPT7aPPfm41XuuPezIQ/q6wBxJgEICIIFAoBdMT53ygucLma8/YD8ilUkpHITmlAUiaDVbrzr1lS983os0gDnNCAC00tp8RM4LcSJtfHcAFIDgPhpKlEspABcsnCqhWDg59c53vv2Yo4/db799Vy1fMas6WzpbmzpriZyAGo1s/UHrZzvdww89pDXWEogyy4TC2c6sbGRP3f/A/fbf99777t9t3TptbF1AcqvrfHoKUvxaF8v8SNBfr18x/RkaGcFJI4SGk128VJ0NVQtAJWHKbAwMxTlsNXzMewmK2a6zYyTqODnWwn/NNcwp37EKGd1sopMSB3uHbdf37k5vcpqwat4CheiBsSzA62Pz3oZBJIBGRNK6LPTkS19dFsXsD7+Tz3dFa8ztVkCTVZPTU1CUMxf8hi76g9AqGxsn0oD26DUibfWXLjBTcmpcPbF527e+rme2jb/kVTQ2RWpgQ0Exsqu+I6cIToE7vIzMT8z/FDN+jY4Xj6RBytZ4G5uNVXvs+bQTjv/lT3/+xTM+v3b1rrsesqHo90uliADKkojGJsYmxiYQEGzO0sSUjPdIBCAykTWaAAgoQGYgBSCBVivX7Pr2d//Nxu1b/njJZRf8/rdHPO2I5pLlUBSACApBIKCCTMCA+mUphCj6xV333ProY4+gyLQmrUsE0FqXqmy320cedeSfb7n5jvvu//05Zx4/15ndvg0EUKFUqRCAFCHCql1XrdhlpSrLrNF4YtOm22+9bdu2LYNSbdy0aY+1a7uznfP+8Idlu6xcu24PITBriGsuv+InZ565apeVq1etenzTY38868zHH964y8rlBx5yyNSiJUqVJM23fwRJcd/d9/7pmmunFy5Zu9/+Y6uXw6AAmQPBkunJ573s1Muu+/Ol11xz/fXXPetlr1JiRmYZCAFSAhL1ewSoEQlACrn9kUd+8ZMfz2yfGfT622Y7SvXve+j+Bx7ZtGB6wX2PPvrxj5++ZfMmkeftvCEE6hL+5q1v3u2QDdTrg3Aft/SHG9e5MzEp/XUCcVjlxHbcySzLqL6rDWDUtRPLEbzEXronFMyaysjsYmZKa9UrjGFWJpNqNcbxjq5gx6TNpgVrmk1s/VpTc6RSSRtPVajzQkcZsfwVhjUo3IhNE0Ss8JMgF2STn9pt7OEofT/8+isU0M5Nt4uP21g2DOGxGvXKtSRDXP3YKGKFxJPx2Afvog0Du4a8d4Z8uBr7q5bv1rXJk6upzTCscOXiePMTwStWm7I3ddtbRlwV89NxASJ7X8fFWHMe2Wgc+jhCFtp0jG5tHru+KxHNER+GJANzOzFOZFccIVffqRh09igfms89ROMNASVKWkziCTEmovtMSpLCqzkBKEjkmOVZU6Pul/1SwD1zD9zdeWCAuiGERjIHzZM57BY0CjGjuk8U2wups3YmpGyUoiwLhQUKKTIzNMFozigbTIFyCDcaptZFcfkr5wtQRcWhQTGhXztGJuFLPgsUKR7WCwEJAJlJgTlqyLUiBCHgmKcd+ZQD1jcyOTU1WVA5PT715pe/Zh56TWgMBgMpQOnylGc++9hjjtagx9rtoigLKMwgNallS5a+62/eRhryVl7qAjI+P6RB777r2k9//HQJsjXWINIiHrrBmSY90WpPtSc9FaAF2BKOtoE5rZ1IMgkrRHOmJQpAACipHNCgq7uLpxc++4QTe+X85t5mkiJrZFig0loL3cjyd737HW887Q2TU5PT05MKlAREIRpZQwHNFp2maO67bq951deoEdiRMQ62hMoochQceUNKCc7jIN9QZMyzGLoLg8VUX+24crkDQQDDglpgqoSRndk8S6wqcOnj4SQGcWDT9PKq1NKehsoIKmDWxMd8DLvyxvcQ2yexbtzx9gZuElYi2ciWD6V2jA/u15omrO5Q+8kH1qwQoEhu+qkaVte/dXkLAgQiFEiKNMDCU98gMJv98Xfl7AyOjdnjZ0ASISklmrkcmyZCAahKhS7vZBGuiZAQARRRf142GqT07E9+KLK8/YJX6qwJWvEFckEU8UgzT4yYHJTPTBmiTmIcnmFiYxKBbwYxj3yn9rQjs58RiMqy6PT7er6/bp/93vvedz7+yENXXP3nyy+/dHrt6lazmaEsyhI0FWUxGPQHg75WpR8FOPgVUdZuPfzA/XffdodoNPJGQ2QChRBSlL2i2WpNLxjbe7ddL77iyvseefgPv/n19MLFQkoppNZQlgWB7s3OLNtl5bp992+1xwb9bd/74Y9++MtfLBif6A16ymx91Los1dTkZLORz8zMdTrdz33hS9/49vegVIigirIoVbvR1Eo3m833/t17X/b61xWzc3J8/C/nnvfJj3x0y9ycIlWWKmvkfaUuu/zqq66+dsXKFRPtic783F33PJA3W3me3XrLrY89/LAkevyxjWuWLfn3z/3XCS99ebFlK+YSFGV53i96f7zk4vsfeejYw4/a78D9H370we727VmzRX3VmpraZ/99jjnmyB/8/JxLLr9sn/3WoxB5likBve5cq9lYvmKlEKIgEEAgcNvWzV/68pcefXTT4oWL+2VZlCVkWZZlUuKfr7vhyquuHpgIB4puZxYAnvOsZ+122CGklc9KkT2VN1p4EbOVTSIApE5LkKFeBARvLhUhtTxVY27YMAjEa31t+6nbFprh54R5PvV8EPgl1sVVh81aAEaKIrISZAOtMfxBuTjOituLc77ez+HGLHgLy5zIhVhFSwI5RxyXkMPifT4XVL1q3Dw2uVgpBjHeAiC1ua/4uf9Z2+wOLnQHfdcZ2X6AFp5qRrEC2wg95e3nsEe07q3f4cJEbG2mlBFuxekiiFcS1nn1HHjy8r+CB3ReBEDEPBEwcSqVQ+Jhs5ZKfM4zRHeR9zHM7/HCIhpFXfhgh85nDZUa8TW8EfLfs+GZuXj4qbUQxhuehVFw5VvnOQxLOWLUV3owadWCSTHG7Vr3uOq+1XYdocI9zyCuFWVy/4owTJUQk98UJCVQPHpeasixUoje4gzy2CmqemMNAWJ3Fd1JfmRWsAmQ2MjunH3g2sdueGjbRk3qjm333rz1nrzZACSN2pxcqIBIQAFKZNnMfOcHt/7mxs13atDj7YkDF+29z9TaDFEToBaEgCAcZOaIyUh9AACIWKxWTU9mX4enbIwV7FAobdccc80S6x5f26ygkwASBEkCEIDTrYklYwsJqCSltSpJ6VIhYCEKIaVAKpQquvNNzEBgr9ujjFB4FUtCiAWTU4CgQBMqJGk6FIYrCJpZY3LhJGosoVSkI6IJK1agKEpNBRhvlEjbJQVBnBkf23g2DsnW85TW/wch7QdAe0V/Ts0Zr1KjJtJlBghgPq63etWqTEqltdJKkxYoFRIhCcQMc6XKTjnIpCSTkzTHXxFRRMH1V6w2KgSaqNYdXom+HakxyX/4gUHjejTCh5v+w1qLn6L3UarMXj8MT3G+kyg5PLrz4Rc6Cw35b3C+4k4G/5h4H7Z0hLuglfejoDZVEp3hX4E3X6i+HT+0MM92lwpnl2QWEDUIRK20knLBK18vpiY63/+2fvRRMTmBeebWCUgiQk2IYI+HTTo2GUHz0RICrfsib1Ch5879bePgp8nd97Zb4j0M4ZaBRwTAPmXCgLc6zKnBYOS6Ahwe4mQbTDvySz0IUYMsddkcH3/wllu++o1vP7x184LJ8UaWFUU5MTn5y9/99qo/X7v/Xnu98OWnLli6DHSptNaaVFlq82VLa8HYT7aUZdmYXvi7c7/24U+c3mg02o2mQiWkbDVaUspm3hgfbz36+KZBWV58xTXXXn/zoNdryizLpABQSmVCPLJ50zOPf/qnPvNf48uX6+0zW7dvv++JJ3ZVSshMAWQSG3neaLQKpaAPa1asRCEGg16vO4+ASpWkNQGpeb1529ZGLjudeZBSC6kRFi9fevQxx5RIsiGVpizP+/1SZlnWELfcesufLr/qKfvv9+bXv26+PyjLcrzVLEu1aOECVZZa6emFC6koTCRKIuTt1sP33nPOub+dmpx++gnH3H7Lre//4IcGRY+UppLyPENBGzdv6Q8G//uDH19w2Z8m25Myywo92LblibXLV3zuc19YsfdexaDMcglEWZZPTi0clPplL33Zs17wnH5vQBKhpLyZA4hmoyEAZJ7dcsvNH/znfyWBCgi0AiLQWhMJbT6lzZUYJ4NY8zH3qmIqeO0ZeReVqyp5fXlMS9XWd3TLTconddGIX+yJFyCjo2lEdhPhjoNuttngt/BW7Eh2MrlXtUJGfL/R+QkItVMcj4X1kFrG1f6RBRl23o0cccWTmi4uBUjkOQfVV6yOEQNhJt2NgMR3yXuKtj0M1XSsWBjCsDmN83U1efIqmMxLTPuNwd+Zq8ZI+qtZa+euJFU2+hrmaT+J6twF3SFsnlScD5q+MvdxGA5ig7PWaOG+AN+plBarZTr6/3g63PdXgo/mHcQg3/3fERavNyvCLMWEjvErwpp1BqPnGGO303frq2Awacg/c4My4LhV8ub/BEDYkK1bt9/zxau/edF9V3aL/qAsAaCZt/JGDkjms+MWVA2KiDJREp13+8W/vfl8yEFk+d7Ld//bw19/4sojqDBk5qJQziC2g9YQIHIjspBBOMQefJgfXN4gDJ/p3chSsxk2P+Ywi0wgu3QDEvNNrJGICIiCEAmUUoPBAFFkQgohCEnIjLQWgBpUCQRIKEEpRVoLiQSkiK2JBRroklCjQAQh7GfjwOUnJRH0yx5qFChQmilFZ1tbeBFQCCFt3lC78LgbhcGazR5qCE6+EIio0XihGoHsnjaQQqBomMMfDaAkicD4r9QtOnpAUsiGaLikHvnJkSikyZkT2W3CJntT1Q5MSRFGu3CHXAj22KyYt+J2LUBRwBJY8rFeoSHbHOxIhy1sdJ+ScRzpJJ7BPgfH2f7cOGPOZA0ELDQIdaKMi4V4aNz2i9UbkxwuUgsAzD/0Hk1wQWPpnG4vJPeQgNfl8BMT4tWgJlQvfpIE48HqwFnsnLfjjTOHdF7Z7XrkjflZtCNCAI1SgNZaCZp6wcsbCxdt+/63irvvkALEWJuk0EGQsq3BbtO9pXqya/9s2hcHhKLszNF8F2zwJyDWQersG99okL4cQVY5ALNy/VEpXMCzWWZqNdjjIQhC5ruWjcaWmdnzL/rDX+68swlYALUBF0xOX37plY9u37rH0qVPOeAph5+4EsqSlCq1Nl6o2Y4JUtgz2wFBCgDIUCxYsaLVyAXhoCyAoNPp9Oc7RVE2Wq0FixfvvtsegIACFk1OCcRer0dlmWd5K8snl2aUt+b7BSBqokZDjglx0rHHvvTlL29NTDRardbYmBRCZhIRQZt4TqlLpbQuBsVgMCCA22+++Stf+kp3dk42MiPtVFkcdPRRTznkqY89eN/GjRvH22N5szXola2JMRTwne9856orrj7isA3vfuc75rs9Tbrdzudne1mj2W63FyxbLpvNcn4O8xwUZc2mLtUF5517/Q037bvPfkccffStt9x2w523T45PZEJoTQRUKiURV+yyS6nUPQ89ookEilxmSmuJzXLQJ61BK3NGptLloBx0en0hYdXaXcuiJESNggSC0kikdEkgWhK7g4HMcjvFVpTaD8w4+vASh5MG80QwMp68z5OYw+gXaMdyhdNk4FJiVlAgRqZ7K9I4cVJMTUzWMVRtJn+uuCNtYvFiH4EJBoT5l23f8dW5dHD2gz97KUg7wz0ETuggVBQKGwlPy7AM2FAJHz/kK1Zqy3gWd7B4rRNV4Yka30qS1Yl+DjMa40FxvYrxw2EDrI7Cp7OYNB+KqBQGNw+GhLmhCNGMxKKTwqwBq5EGW2MqZ7HKeAhVdzEONzAXpUbxVUCFpEzwtfx46xzU5NPhxOqnzQ4JalDceKK7eWsBrTE9IJMevG4IHMcOfE14JcYVJPZDZLO57wjGVE0xhFaTkkeLPRemOnymeyt8Uc1I8r4YmSWdp0WZIWcGRuSFMMXmyCiSGPYws/IgPqLECoYqSEOABPDN2KeB/iCabF4zPIvxWO1UMPjJTk2NGZbMIfBz/KNdVE7wIYCmhmxedO+V5956aSFVO29LVIiCALAkkJY8/RRbySWpKfOmzkhAQeXld1136PKnHL/qsAY2BjAQICwCLHjpvi7k+PK6MiZj8EYXRHAHmuMNUkX+xrgGJxSs+vF7a70pSMHcQ4GZyAwNa5/lk6BAa+MKCiIA87U6AN+3QyyikAjgvk5unE9LEAaVQmQo3CJhQDBfyOPK0BjCbvaITJLCURuFuaSASABA0gAojBGAhECCJSo9Yq2zb70vApKZBAYhIZlVzPareXbG7Kfl2Uw5VkG/WRwhTEXdjMSU4BcWBuJC95wSporpIGoqdXMqizk9Y0Llqn7NLC7JrLVAmPZV8MOTq/KQ631/5mTEw4nDNmz9hnnH4SBX3gR6gq/oEBjWTECEgfoFApUnxJ7U65VKFbNizpFH7eXYIvy2fw0zRuqcFeC9gRPV4fNliAAgpCCtBRBprXr91gnPXrxyl60//E7/6iug3xVyTMqcpKE84VpWJkoUVoqYXrUxbgBRqM5Mc599cfEyUuYbkhjJHA9lRYYzKQOGyjnyzD6PxJiGQAzeQvOESE6mBgISgHkmqd9bt3b137/3XY9v2iSF2PT4E3Mzc/O9/q233TLbmdl3r30WLlik53siE6SVKrUQsjUxjuNjema2tHFCFIC5yGhu9rkve+lBhx3RmhpDgFLRoNf58be/8/2zzlm1eOk73vH2w49+WlGoZrslqZzZ+Hh328z0wsWTy5b1y4EUQg/KqYWLFi9fVnbmZZ6XWnW0nsjyY487bmLlikG3S1IqpdmAAQHM5l3Suj0+KcbGVbe7eetmAqFLBUgIWhWlzPIewVk/P+ub3/ve2MREI28MijKXAlE/+tjG+bL4ydnnXHHNXwZFmUlBQLPb5pDghKcd9Q//+oFlq9corQAgyzJstP580UXf+u73sixrSDG9aMFLX/OK3ffeY8mSZUsXLqBBgVIUZVGqclAUoEkTAYpMZijklq2bW1m2cvVK6nRklmFZgpRKqxJpQPrMc37921+f2+t2lFK6LEmrolStRq5Ja4LZsgjMSUBao3UzHbs6twz8UWjoRaEzTIIO9/RC3j4nr+CiFe4J81T0aMxxkbSIjJSIqqvtRlIFECI5ZkA1rOf5gQDAf1KXqTZOG7WDqFx1+U8HJ3pzAhy6XOEhBl/MpcmTYakC9F4rs+m9hR1ZMkxmUARqaD9Awt6FBs25D8M/O1EFO5Ix1eK8ln/CZFOIdHAXIkaCM+tYOrHaHff0rCKgeBQc+f6RlYHeYQQ3fGcpOEQG9wkgxg9xPHNNyiM4brCQzI53oSsISWoNnRE3VKjQg3uNvNPqRRxmDxiA95+rlEl+pOwkqmrIIwE7UbtReNo05ZqN1BvzVoJjWX9uUA1mwm2yJ8njPEJsvTViiWroDKSjTng/cY9ri4Q/Q+w076sno056Sdbf7tQ1TBAmtFsTNxpRPaa4YdEOtGmlur4ZwqvyIBWL1oVFQq2IdplcvuvCVQ9tf0wMCEogVAKEECgFgHDpFgGEmCFoLYCE0Zm60LmWe0+s2XN8TU4ZIgiSwnGyGIYpD1ltggyHYirWQq5QdWqr6OEk5V4zKRSTr11+BwiCkDRop8XRBavNNx3M1ktroVqdEubRNu82wjJbEoCAlMkSOZFWC7893dLuFdOcRrQXuM4ONyN0hCCMT2sIJoBNfrscAoBAs3MseH5eEds1eQiaC1u0C/0p1RZ2yM5A9txfmULkFpGXRNbkYrkojFzQ5EofusS276ROgAy7PMQjLwYwWlsGALz7WSPtUvltYbTGIfkldIk1YlodZU+E2GTSYeyCOkMgQfaQwQ15G2pXbK8YrlSCR5BAojac+CEY8lFCdDwFwQRA53zZKJE9mgjA/7GZYQOPRSuCmu9k+x609O8+MHP2zzqXXFA+tjEngHYTM2n0otaEgOb4IeF2giLY072E0kJmansHly2eesmrxJJFVA6QQl9h0B6WUTjFKvKCu1CheKdzOac4AY4GUQZUEEJQUSxbvuy1r389kAat5+Y6Y62xm66/7h8/+MEWiJc877m777PHoNdttca0Uhqo0x889MjDq2b2aI63odRlv8gQECGTUhfl8l1WLt9rL9AaZA4A11/8hxtuvumR7TMvfc7zXv2mN48vW6rKUmbZw3fc8f1vfeem2+94zglPf9Vb3jy9Zg30eoAIRTG/bYa0FgKL+QEAFFrfc9vtN/78Z5dfcUWeS12WpDUACIFEhKRBUanLflHsscdexx173O033zTozWvIBp0uKA1KyTzL223V77XHJnZZuRqyDEg3NYw1WnkmuvPlxu3bx1pj42MTLQ0IVJQFLMwFivb4xFijmbfaRbeLANnk+KZ77//SF//7jtvvnpwYK4tCEy5Zs+6Zq3bd/Ngj9951V9Hva6W0JiEQhcjyTGQZaTXodIXAfQ7cd/HiZcWWraRKAQBCUJaVhSKiUqmJiemD1u+HKMbaDQEoEIqilEIAYiNv3HbfvRdcfCkKkO4D7k4JUEUzVcScXwJUd4VVZyl5RTcjrTLe2k4L0L/qCo5iEINR1xjLhhHAjHLAeP2EXYG7oKGt4GOAmwhuc1cs3ciyij1PqArG2OWIfJu4SpqCGzKsHU8TpYhNL6xsEB7dSG0ujm+18OXToFoAI2pnJ7wFYOTtaqAHnLmgO6BxYiAZhRGGhgh1Oi6ZssjI3wHIQ4qxjqLGK4uch9mxvC6rUL9ifIQSGgX/aEqucQUjsNGBSuBmqwJ/AmS9mMKwjRaSuRsBvGtgJydoZDNpYHgn6/HZrNpOHpnu+yu15mO8Qraam67JqrMMdTWCZRuxPkUwnWyVHct7J69jSwf8khMXMY3KJ/A7nLjgOirdP2m3I+bU7HUP3ihIZtp+wgQECiGcAw9amJghAgBqFAQkzD5Cte+SdSfveXROWUlFhtKv6OMgeEcoHBZFBIA29hiHEWK7nA+HbekjP3aOOgqkHIcJHRl5/zu1mKtErYHMH7I/7fmY5DnPzGFQELHb5Zx8kw4C5x3a3hl5Vlk5Ntv9nNVQKYuLQljH6kpqipMMiEQg3CT4ACqnKL8u1XcdxkvuZzXgBM61ZH0xiyhYGUQeZWzNgY8auqeJCxqKcrpyS7aRm//IflcRGggh9Rii5hF80/VaDdEK2WFLjPkaEDP/Fo9sLz6xIQz3gIMsY6I8wZuXOQiY4qpWvrHqjj6jF/VDiuuik2nD9MrQV44WGFYtuXlxQFFxTzVhxn3E2s2pW7/uucI4lQL1fBcXLZ9+0zvaB2/Y/tvf6FtuoK1b83YTG7mWAgT5dCahNUvNanOhARGh28MFC6ff9I780KNo0AfSPshLDBKPHb8qgAFfTeg6PES/0E2zqZ7oEEMnXIg4y8047EKWBEopUKosiubERLfT/c2vf3PlNX8+8YgjTzjhBCGEphIaEokajcbDGx8743OfO/yii05+1nM2HHF43m7qXh+lBJFBLsuiLDduxDxrjk1cdeEf/u2fP3Dtzbe+6XnPe+v73jW+aGp++5ZS0eSiRbPbNt99zz3nX/6ncy+++IZbbv7I6acvXra8+8SWPJMgJGqdSXzakYdnWr/yja9fsHTRBef//ue/OXfp1IQUQmtSWgkhtNImxUhE23v9RY2LdL847hknvuMtb926eeu6fXZXvflMClUUD15//bbNTxx1zBHHHn1EWeislQOhyLLO7Nbvff+7Dz384MnHHPGG015fKmq3mkLBYL4v8mxQqk2PPVIQLVi2TEg5v2XrL3/8/d+f//vxiZYuijxvSClJlRvvvf+/P/dfX/nKV/qlLgCUmy3pbvoACwE+95l/f+2b3qT6fdlqCa20EWqaSGuJsOHg9R/4lw+AEigEEkiJuiwJAFAD0Nlnn33hpX8SQiYch158hhilV3Vof8WEA15MRV9i8MzBPKv038pF8dtIo0ZQ8oex5h3erpOj9TIlsmut1UheeUYWRAQGsgxJ1IjvJuG54PB6eGpFEzN5bV0KUrzOBbW1IujcyIekR4Zdw+QwxT93UKt6OY8t6BH2ipj44vauU/eso5GQ88aT5GforQ5Wu6hx9ChiUk9mwbmg8V7QeB6TuK0X3V4JhVBCLTAuEEDMeIucgmHwszZ9WszDwKHylJNgDVmyMQyEhUWGOXZpsrHyKVQ/hFr7s2IR1zXLHfhKAawtSXVYTkDlI3XzGDyvGNZEejl8BdWcXM5uAWYFxkQVLNoINkxtXG9/RKPhTmbihSZEkqXD8YiH0G5SzZBRSm0Joe+ErKlYiVGPyRjBIIGANEE1axCaInJ/QqMMaaaHkEYHqaCcFOMv3+c5z9/zJCAQgADarNgUIAABUXhnAG3EnYBQE2nQAqEtmkILrbVAqVG71FAyhJRmhFn8ViVw8ksyGFq4OmYDjuy+BJnRU4zfcuyE5EO0SJmIfeISAECHc5t4K8ZQTKS38xnOK74AAQAASURBVCnsazYccotL7VidpZ3wujU+DdvWCIFUW1gw/R5az8ypUSGCV4huNsGbLeaflJ9jA2aEMxPbI46XODW6+xGWS6RFHIdXdhXFioZjr46J3IFDQ7qss17stFI8w+5d8IWGx47taoVKGN+CYsNVI7U61+vsEacJb+g4RfIkjh0faoRF8HIwalrecfKhtg7ZKAZ6HVNp3GtpAsBaosRok1uoZ+UCAUoEEFLofl9nWeOoZyzd76DelRd1fn8u3XWHnpkXrRwakoQwO9tJEwoCTQJRAKJWutuDhdML3vDG1knPo34fyhKlBIGEyPUYVPuPjDdm4aTDcOLNCwm+bzo0QEzWkZdXaNsUJICE1EICKF32G+0xGhTf//r/fuXb31k6veCNb3jd5i1bzvvcr9Y/9aDDTz4ZUUpN3fn58y/90x8u/dPFl1723ne8/TkveFE+PqYGBeZSNxqgdd5syGbzygv+8JF/+7eb7rjrHa973fv/6e8n99236PaaeZ5Jmt+6ec2uKz/+oX/aa/Xq75x99o/PPmvZksXv/+AHJxcv6M91pBBQFDlmrzjtDa9645tknm/e+Pgpp5yy7777jU+OI6IqVKkUWd9Tm4H353utvLnhiEPXH7zh4EMOFXlOCP1Bf2xi8tF77vuPj37yksv/tGzJ4tZ4u9Uay/JMazXozXdmtj/42OOz872fnfObCy++QmZyanqqMTaOgIrKbZs2t0p92mte84a/fZeQ4tY///m73/8eAey+Zs09990HilqNBmqdNxobDj3srYQgsNRalZpIK9JaaVKKMlkWeqLdeuqGQ0hrRAGKUJhgBaHWpKko1aVXXPXQ37yvP9cpioEqCyAalCqXklALwK3zs3aBkJSICELYL6+GdSkjrNiwo63GWIvYgv8cnTetqR5daVvWDIBY1DiZFuqnDkhF0kQaz3kD4bm59cFCHwgPtUdaXFU8UuXGQmgFvVm8CD44WMFGzbIO9i59MvJKzOidtRj/f7i4wbujosFS38HlyzBM/r+6uAU7BFe4gx0fNW8ooSEYBXCi/1NfbrgeHBWfjVhgKKK485bGO2K3v1ZD15jY8T36YDqDeRgwT+IaZRpFoGId5DtPNxg7OTsNOpvrhPExfsXr8M8EpIs4hl7DCCDjNMDc39R5rW3RTxIv7IMc1kj2kRI+GL92y9jioVvivbuHsbfEsioVoJj4NsXszHj14/Jjtgsr1Es1yEBM4TjvEAEEgAAhSCAInnzQdiRagyZNpdaatEnhhryuw0CYIX/GEPHkmHfWmOri2OCuZvI+9Qrsb0xs1eDL2DASgj970+0d8/ixE0LGRvY2n7fyQ17QrZsjcPfeuPRfWvApY++LOdvRjdA6mcFL8bal69EPtpqKc6i0nTqkMfyEn2G1syNFpvA5+sAcMUQc8S5RZifF2x1uj6rZcOrzqN704OIdgE+yb5zpjMAuiaURKNY1FhZapmZMqOUREUtsti3aMmyM54ASFpuIgLKbZ9NoGAM5bLJHhyWI1gW4cnb+64RXvQ5IBCVDlzUBCcgfTGKPgEqWmHlRFC0eqFfqvmSlwDAVlSRoa8t4QeZHkSxIcDznRaPHdAKJH58rEM+VEQeAKKTQQHpuFiYWtk55RXPDYZ0/nNe/4QZ48K7y8U2YodaEQiBoIQCQUGmc76OmfPmy9itf3XrGC3S/i6SEkMYadnGUWAXYTsnJBwB3KFIQDuiFH4UqlgjB2NWO0dBxl63HUGqJxqkZRCG0lIRIJWStZp5nv/jJz778ta9v2rb9Xa97zV777fMf//6Zn/723I+97W2HP/OZMhOdXnfFshUH77f3zXfc+ce/XPfYxz/WmZt78Wtfn0+OF2WhBBFiO29ef9HFn/zIx669/uZ99lg3Pjn5m/PO7/zyLCLoF4NOd77s9fuDXrPVfHjjRql0MSi+8f3vTjSbb3v3u8cnJpVSAoUQmWw2QIDWeumKXV562hshEzYMZk5DUwRaAWjQCgSCQBASSq0GhVaU5TkgDgY9TYACW61GPtF+oju76eGHnpibawLsv9uue+++56LpRTM9/ejMLKFYsnzZsqXL7rz37quuvxEAFoyPT7TaaxctbU4s0ARCSmrkeqDW773Xa1/1qjO++CWtyyzPgGh8ov3iV5/64le/GsoSiAAlSAApoCxBK0ACpXV/UBaF6vWEzMAcSw5ESmkiQFAaqCRAXLhkEaFWpUIhBr2ikUul9NTY2ILO7NaZGxRQlmWAwvqf0i/E5VKZe46G31Pv1JkLQZ2AkzlBgHv+TyQvoyavfJyCCAYWOPZ3qtVuQvGvbBDGwo22pA0ukeso1luVaBM3GtILLQeFCGSQfEPNMxaCAj8E+9DF6ZzZ4UbtgQArwW0HcYYEnSdcbxzGmRMuOYe5K9V2KMGXNxdjOTwEDC8JucXk5Uv0LEq+saScw4vX42nXxLtOPLE01u8eOhMiaieZRW+VxU2BI25mXadgQwXDlRAIRD+ZxA5kDADV9BIRsTLJMJNrhFNan0gYRhX87bAcWgxPbWY+ysWxd1EL5BY0DwGVO1215ArJdAcPzVWpzyUObYeSMnUWiCdzYrIj4Y5QsI5mEnwhIkNjzfyGCJSzrqNFfM5Kr8181l5ZTPzelkl3vCfEF5gzkAjwdngf9XTq2gWIycjbY47sq3XMiRiV58OsYX86j1lymdS0pEekB7q0iSTXkEBEFAKNUeBMIXuCqgY0t2hTpAAAIECQXbPKlBE7XZhHTD22LM05BZBgg6mS6Iwl9zR+FAYQKVGPOBvq9HY8AJ/toHR8/+6dT2dxskLfvqcJTPtl6sgyCkEwnB0A7s43z8WFrx1PsJMqUeA5WCSJXOeeHnfcnV6gUNtyrHXVKC7I05n2WbSe3L4K7qirwqeWdxYQHI8jgO/m07MauXYJ4xk2Aon1hsnZuiFV7XSPIQR+shkjA2fIcNmsvc84ircZ8JUrTO7OtJBWjuRZNfAP5KzPxPWsb6CmkdSiGXKOeVWFVLIOQ2SSfenMbtun42gjA725CH6RADBx72WgF8BORDhisElmBEABgAKRpNBFX+lSLF838eq3jJ+yuXfVpfoPF+nND8H2WdHrq06Hen1QJQopli6Te+49cfJz8qcdX2qNVCJmZkN3sKQCxiwhMpQzTvahLwBnyIM/cjlO5YcxeRcUXOwIAVwML+DArKEnRAGAWolGjgAXnHP25z/3fx/a+MiK6elt8/OfPeOMiy6//LDd9973qYdAo6nKYr4s9ly2/P0f/OBDD9732f/83OW33vqvp3+qOzv7kte/fmzJ0nKgsNWAQfHbs8+8/NorJyenNz6+8YyvfANAt1oNgViWRVlqTViUZV+XbYlLFi5aMT396Pbtn/nqV4uyfPd7/ra9eCEoPSgH2zdv6s93QJP5lBSYLzkpFFJoIrDfHTE73KEsBkgaiBBJyoYQMms2lyxbViq9YvXqj//Hp7du29Yve5dffOn//ewZ7Ynmhz704Wc+95SZzZu/+PnP3/Slr5x0zBFf+NIXJnZZeeHZ5/zj335gYmrqne9461577L140fI1e+9WImoNq/fc87WvefXKJUv23G//Tqcr8qYqFDQaSumffuu75194UStvklYyy/JcIgKiLLVSqux0Ohnot77xbQcdedhg63aZZ1Z8EGAmBYpcwEknHPOx0z/W7/XyvCEItSo2Pbap0c6beb5g4fTZZ5517Y03CJSNPAcpUQgUAojsJ4KJS1cWbYzXezimspKNO3ND2bjChRS/RScWYyFN1TJ2EZDbNOQdA9fskBUVsTaLbMNw9pBnDAwaH8Io2fhT06g2Rga+FR/vTt8b5FakcOzi1I0n7dHwdyr+hnsjvEzVVPViIIKa+cD1rSGEtTHxBEd2X60DU7VFK4B6wBKnrkah+FfMIahE1Tl0yJt16p1t+Rv+JbAUG8j095BRRPdD3DasvB2uyRgk8QzWQxiPKH3oOvUY8PYYxBSVIKQaIK5xWxJ4iCBe3FsTVrZsv3OZYV6lnkSxdlqTdpI2LRcEo51H7ZkarRWDtVYIi4b49mNoqXZkUZkqqqB+opOHftSZ/Rks6ap8SlOs1cxn7AHV7CS0Ax7B20MuImtgADhjyidlnONGvpyDOOgtNyDfOXqpblS+bwFRoDBjA2ZOGfGPYMwbACIS4JJWJMKyOOeA2JNXKcGBtcCqDE/OAU7cIGeLOrR6I9Xj2fwepessqvieU4vI4BHb5oiSyU/gd3WchYkQodsNLYh5s09r+IxHy26ZhRHYoka5RCxBrI1gjUf1QngmzLQjpqgxhxevvgJ+6xa+xgH1IG5CuB59JCNx1eKOg0RMNGQgUuD1ODyRZuYD4y3YyXIcXr8+xwhhL2AxdfPJ4dc/9l4vI8x6eWVeurMujFrk81tXpSYS6fwV4DhhgpuGq4ek5dHOZy1QiSqt16O1Qm9nrqr28azmxXLl+3PVi0leHvkRJlNtJRmBFAKAVLcDUoqpJWMnv7R1yPHlpofLRx7Wd987/8B9sjtHRZktXNg6+JD8wEP05HQ5mEfSQmQAAuz3qFykhEJkhcCsJcagGwNVxyYOY4ARKqESj0kozAlTFIQSEFBrIXB+bua8M8/59Kc/dds99y5ZNA2IP/jpz+YATtp339M/+cmDjzsWlCJSspEXvV7eGnvhm962YtGST336P8676sp/+tSngORpf/93lGdUlCDFrmvXbjhgPSFOT00IkT/08EOzszMHH3jgvvvs12i177zrrj9eevG2bVtedMrzTj315ffdfff3vv/DP952+x8vvPjFL33FPrvsgrq4+errz/i/n7v/wfsbAlRZEkDWaDbGxhRBfzDozHcLpVCIdqs91hxXSnXm53RRCqRMYKPRHBSDg/bd70Of+OSy3Xff8sCDm7Y8QVmW520pZb/fbbQaqoSHH36os3VLOehqgKLUGzc+8fCWbQ898Mhcf14M2pls5JOtTTObN1/5xB777ze+cOFYs33a294+Njl55YV/6JXFNCJoBZrKUt1zx52///0FjXZzUBRKKSTzLVJdagKgflEumpw49UUvx0bDRGAtJQihNcx257d25i+65PIP/su/PrHpiQWLFk+Nj5fl4MEHHs5yOTE5PtFu33XHXVu2zzSarazRgCxDgSAFaAJNbJYdOdcxFBNzbJ2PExIJmfE/oy4mjwliKZAoeEeZPAtac9lVGK5urEpjoILqJS/KrDz1kNS5iPXdOukdrVdn/QbW9AuCK+xYkTU7I9gQgpyqwlrrNvC3w/zn2iv2K5hlyfb2RPam1cZRjyEAtkPPc4dvk7LV334eazIuVAEXorc7ckFrIqGxNqxVHrU+YdQssHN6qsWqHlSiRnfC4I8GwmnPpd8Tghix5qiaEx6RdgNv8VUofHStmq5DizVU5Ka9MjuV5zUDG2bSWMRWZIqTjM6M3tmrpmzo10chOGFQZFX7CRwmDGuaN+suyZ8/VLmCRB7abDLNQaIFgGKiDDImNit2RCjRLInUPDaSxArVyLpFC7+Fyq9Jcciz1BEcBEpfkP9pz18l8gIjRlWEI+bhOVuSazAfxnOwEjhEW6bnngKRO6bI1g4whO5TlLk35AbkFyVaqvZq3LmoAWW+HmKozdtmhVjg2Dk85pf7F02AycUOg1nhdbzNcLi4cTQFTFm6bIibY+ZVWzQRm8EAvve7XKgLLSYcxL4jSyXhvPiEmBm18zFzxIc5sz2w5zaZGqY83RHkF0AEm8fRZUAFR0ul45B/sr043PrhIMcy1IT/PJs63IVQSqxePDfVas1EblCgd4ooqrpaI7lHCL5lais4LUUeeVY1Ro3UrkgJ7Vf9SfYuChNWwqsRtMkcDUm9RpeF3RQzJzq7Z2yePCdx28FgAuMu0BNdiLeBb9b+ozWQkEKQ1rrTIZmJBQsbS5Zk+x6oD5nLux0BmpQWmcQ811rp3pxECSIzy0HA/weByz1oFISBhSLGBQIkawqc7I3Pz2AFQnss8BOhkAA0EqEQZXHvTbf94uc//QAfQOC/5re+s21mdq/dd+ts3ybzfP+9dr/1wYdFnsuxpkINWqlSkSYCVc7NlNu2HvGMEz/ayOiT/37Nrbf1lCoRMylJKcizF77qlesPOaQz6K9Yvnzbxsc/+fFPPPTgQ8886RmvedMbxdj4b3/24/Mvv7hXwrFHH3PSq14Lc9sWTU+t+P5PTnruc1euW9PvdlqTY4N+/6FHHn5k0xMLJ8ZLpRoyKzrzj99977Zupz0xMTW9IJNZv+hteeDhstdtNlvjY+OZlKSpkQlE3N7prlm5WjZylPKi835/+umfKksFpDZufWJzSVOzvU+e/umxZtbOcfOWbQRwyRVX/81b3tnvzT/y+MZ7t8+KJ7a+52/fPzU1RoPB4ukFp3/mM08/9WXFxs1Zu60aeb/XQ9ACkZSCYpBn8o1vOu2FL3khSqFKBVqTJk1IutRKk8BBt9fvdPdev6/qdIU05ycTkgRQeUMsXbSw2y+3zmw76+xfo8y2bd/enZ+XAlvj4+NjE4NuF4nGxtrLly6bmJyamJwgFCAkCOkW1agKd0BEZ162U1zG8acVTNEmBq6cjZyghI8TgsJAxhEtu1+RBPVKPFKRXEcA2w0TVB4Ek8NyewwH8X7rxYhLwMZGaiS7waePAFnwlm0CirMZqRz2z7FOONcsIBzuQw5bMjr6YfKU4pHawfD551aZ18XuDxOflWM3mDBHGIoK8n8rSCCW+/XvfAFvGlF1mGnUxBsc0arjAPloF5Rcppy5c8jjAk41cICraWrjnwcyrFgJiWMMsd2Q2KdDKTgGoIb26vLw1bFz/PAn0bi8qVCjq0M7NXRY6at2gWftGD0t1byKYz3EbKlk3qnSDvteGbm4vJNClI6uCpuzWKIAQTS0MMKE5zxxslL14wvDHObfIWJ6/pAhuZEN1o3EtlLDrh5TZnAOp4QV6zuBzdVAIPRfBCEA7hWiCDGstGPTClXnwQOVMBir4ltAplrc/JCJ1EYLQxDYtKM9WLVy/p5PMdeO2xFgkKtDuDYi0iG0zQdQxTNGiKkyY5TM8TiDqCmKYAySzL5F7gi6ztIxBeMiHUZa0q+mhEibp7YDAF8g7EGJYOPzC2BDeXFDduUGMywSeGr6da15R8ELD3SLCdnCRL7PljfrnegYK3bwQ8PtUTrbYyoBkdF4bSPVi7XkZDcBCLMUQFnEOQ7AUe2OENFM9A6TB4n8iqxD5DNZjalXnc9oxUtF1NUOoYZAd3SlTFeNZRIIbzIRBDQzvnE30eTFsATERhwdmqJAPQBovVwNGhGFFEikqNvRAJpAthpyfDEQUVHCoKfm50GXmcwBnM8p0H8ylKAOKUagxgIqTAJFkEENYmOZVB0ua5bdIhEpoFxmZ5595qfPOCNH+Z43vWHhgukvfP0by6an3/2ud/7697//0a9++8G/f//HT//UUS98PiCBVgiQt1qZlHPbZw4++mn/9sEP3Hvvgyc8+xl5q0llKdttIj2+YpcDd1ldUJljduOfLn7k8cc1yoVLlkAjU+VAa12USjYa2Gyq7VsHs7PPPOX5x51w4vjkdN5qFLqkotj3qU/57Oc+2+sPGu2mHpTtdvveu+444/Nn/OWW21/74he++g1vHB8b37pt2/e+9a2f/eLnzzjmyFe95nWt9hiVqt1qIsL8fH/JiuWLd1mmOp35ubl2O59asFQIuW7P3UFjZ767fXa211OCmrusWLnb6j0KUW6b2Z41m3vsudcBjdZke7zZanXnO0W/Ozk2SYg0KAUCai1VqUkLmQGiFggCutu3bZubbYyPS8BClaABMyQNKIQqCyGwHB/bVBZbNm1custKMxsSAJBQlSvXrPrMf/7Hpi3bFk1PTTQaspn/6eKLv/Tlb2zudJ9z0knveM87Z7Zsn5/vgkBBuqGh0c4RAGWmMgmaSBOa3bDIJSWjgRHGAi9YYxk+iWuY7t350H5t6WD5guFOTv+RumLuo4tZR/Gtut529P2VEeILK0eSVkvUJ2HiRsB8Kngn05c7eQ1vrF6RDRmnlThDvJf6NF0lSpG89U1xaLlHlwD25KgHCKoecugnckGJBV4Tdytys+vmkdv91cRdorN3mgWHoPTJXDWYrA0i76ijUYS9EzCk3UE9TQ61X0aAFzuf9plrbWj5auOckOt7si0PcSYqiwJ2dD05SVjTYTQj6flD8RJE9DDVUrlj49i9cB44Ru8Y/CGRxVxJY2KxiFFqiAEgELq1hP4Z2u0S1jeMwnmuO0RnpxKz+W2PAMzHcJZeohK4y0fuqxjWsEO/aRbRERR6B4Zcms75QcROCvEPPEINEMzcZyRpiY1Nlx8l02f2YZ3v5NHm1hhHs+ynE43/409usYKL5XPIFQDwxxYGUBK/KQzLT4k5nwFNRxUlEqaTT0cAlY3ageu7d9QUhgrJxRc6eRy7RY4Wl9YlZfgImzmdR+DysHHkD2OJ4L0Hv0E0kIAHnwfLKVBCoBNLwAbZ6R5hHkNkIybgIQbfA5Pq5JWyt24Cyfii6PpACMlmdwQCUvg8kaeHBJaq2ATntgbxQUgYPXOvRDU+Vx0tD/cyeeXvh8VW0+dRKC1S2JaonVGSCEDeVyJe3c8a5W+Q7WQcOdSQnWO/1jgcjQJumESObNzExlTEy1tmhiCcwqUN1CiQCCSQnp/XpQIi8/1MKQSIBiiywhoFIFqbJmA7DDQ07GbKsLiRfnySWAbJy19vlYcptaNPzFqfDAttEQBCUUC7deCBBx65YcOGA57ywY9+9Lzf/nqu2yv6+pAjj33qIYc+9PCjd991z+bNT4DMtDm9nAA0QaPRyPJiQIcef/yhz8hBa+r38zwnRA1C9wf9Xr/fLxdNjl13+TW33//Arit2WbhkCQKKUiOiJgKkPJOy1YLts3nWyBc1JYFA0WjIYqDGJxesP/oYyBsAAGoAspGNNQaq6BV6/b7rDz7+6YZLbrjqqv/5wQ9XL1vx3FecCs0m9OZBZqAI8gzKUvf6oPVzX/qSY575jGYj681u37p582C+Pzs7U5ZFljWyRtZuNHMtsoYEFFqA0qC1FppElk8sWrR09RoE0Rpv6U5HSImZAKfESqWUUgB0y3XXf/z//PujG59oZFlndkaQkDkCaZnLUpXj7YlCwaOPP/63f/PWfz7iqH5nPhdSIJAQd918+92PPPj05z8fRf6n88/vbtl09NNPWL1i1xuuuPY7Z//27vseWLpo8UHHHA9gvtxTXnn2r7/zze++7x+WT65aWQ4Kp4EQnF4h8B9gdjRl5LSRakGFOqKwgsoFAFmeyZtYXjdDxJB1RnjQNJFMjO6dbmJ6mNF+2CJNLkSO7k2NTHRNUPrA/CBvcjA+8KNC5D7V8NUcDlIXI00s7FoJSekshJKJdK2MKm0zCQWmcLJJqo4kCSz6aeZDJAph12RQtUtggtLmYLDXUbFEBkE0Lj/HVEVayCeAJwyoc4sI/PEkRlc7IV/RL8Nc0CpNV2enJvcbYcOoE2vS1EDpWqymTPlNoqbBQ1upwDGWDtaPyBsZ8XAIUiKpbSeCqqLlOWbSgVqBYqeEog8ZVuwtZEY0Qyaw6YhRSPXIYSwQ6AwtWScMYv7BWHTwYYwOLRERR8gI8CrWi2NhzgputCP82ORVxoeZhogwkhTDRuKlNrLQ5ZD8bQAxinDGDJ7mMSApWDcqh5HIzsNw5CKAf+16sTYfObqJgErHGZQOcQMJ/fA95vwLYzlBcD9tiViDRQLR2b3uLgKGgRbrXgZjtLSNoSemSLDyz3jOHh/eGIQU0cbH9pCHNXIA7JARO7rRARJX05FM9MY3FWBwfYWsphO17BBadupJvWwN88N79d2h+wiWaRlTZCPEDcfZ4yGal402SBOD8UhGVGtXvnMauahRjWSeQomYazx1huasvuKzR8l0xCxKaD76aO0WIx5AoPsUZDoaH4eKnF4ACNvokZWNQE7krH0WqVhXMxLWfEhxqZ14iDikHBiE1mafq1HSmjawdqIo3rHOZ8IqlCGbSplyJ3JBiXRZRdBbXmJV5IibJDvXKARmANoch4OgNQCAdJoPESByPpntXdVCzuIO52ID+iOEAKK18+hlXt0QgE2w499IyGuSqFET9frHHX/CHruuXbhkiVi+bPtMRxI1Wq3t22cOetph//6RD2/Zsm2/I44A0iQQAYVAzAQgYCZFlg2UpkEvkxJbTRRICKXSRARKLVg0PbN545XXXr21XxyzfPnyFcsJBUoQUgKgVs4tkoiA/blOt9cVjcbE5HRjfEJp6m6bUQASCAHHFi/adN8Djz2+cdH05NjUhCp6qteXmrZv3yYAZuZ785ueEM1mr9vLmo0MRDOTkEkhJCFOLVs2setqLNSFZ/3i6z/4XtlXan4+A2w1WyKTgFQWRSNrZIgAUOii1Grz1pm57vxLn//89/3zP5dCIGkCRNKOWRQgaqCy6MOgPz/oz3bm5joze65bt+suu/T7/VwK0iVmolSUN1t33Ht/tyxINgFAtdoCIQNdav2Ls87++ve+81+9+clFS1556ssmJib+57+/9MyXvOTN73nPg49uPOeqK95w2ps/9uEPHnzcsbmU87MzX/3fb539q98vWLzs3R/8J6G1AAIkEojKCvFok3tFQzHCQB46ZcTCbacajZhezNCLXxDrnu16skUrSiyILm5mEHhuDm+8mqdA2VzhOEuCwuDqhxFcESDQThtWClngIlARALTW/j55xdUD+uoVlzKyuSvtRKZ/7EcGM73qfNaNMYUvubherIjl+kp17VClSEWk10+ER1Fs1Pm3fGEIJcigiiLjzRIwq9jhk6rgJXHOiotfC3bteCJToLo7d7i+i20pZiw7L64e1LgFDwP3BCJnBGrocIcXJSTq3EuPYQAQQtSUtNInWvRYMdLYAzdT1TmqGQVGhAsxGdQMLIUt3V2e9DgsNpQAk7ZfGUvUgRNeERZGitnaOcoSg3Y0ATse4DmDVPBXe6pxXO1Cw5og3NAqYO0WAHTqieLH1dHVsBW60zHMPIeVqHHoyLpH5JUMe4ngDUMjCRAi0VILin3NQa2FOSZwB4XvBzxv45BK4K1JiFSRp+tEJiedu57JkXUKeNCtPP/vxGEwKilpsjrOnZo2J4piRQWQ2NvWQU0XqRpUYNxk6KRWr6cLuo2dEDKbmLzgnzNlRXwrxNHKxlIdeIrW4biL99DFtUdelpAo3Ds5EsYXj5+iRwRAbq8wodmM7bXFMHhDU9HEJLKLCJ32Arc93Rbmm0+QHR8XRxmhKkkTU6AuahvHtXlahICNjSEIWIG0i6Tx2ue8CTaHaBWuexN6rp9VDK/TRu2baAFWOPk7WiAQNa/JqmQuBMHRc2DFKAwMDBUpgMTlTh38THIysRpgsmtNMPX9GSEREIDWAoB6/TzP9li/f2duDvuDZruZSYFSNhq57g0OOu4EMdYabNsGxYCEBEQ7cSgQJYkMMyHAqQYNREoVpSrLZqMp8+wP5577+4v+2BDy4AMPWrVqVW+uO9ZqofHmgICIlFLz8/n09HxZfPMrX7/jzrve9ra/OfKUZ5W9AUhhgs3j09PU7Vx91TUPPbb54P3333vvfWTeQg0IWgqQACgy0chlo5FparTbs1u333zjbajKvfdfP75k6aDb1aUCVV53/S0/+dXvBcJui5e2m81ef1CWRQFUAmYADZFNtFuTk2N5nt12132b5zvrDzyo6A8ozwUCSCnMDGpdlqUmAISyKKlfCNLNDHZdueLjH//Ivvs/pTO7PZeSVEkIed6ene988pOfPOusc0gQaSCZaQAU1HnssT9dffXWwaBUesHk5PTkgub4RIFCAx5w1BEf+uiHtrzv/Xfeffd1V1972Ekn3nzlVXNzM09Zv/9vLvzj93/wo2eedPw+hx0O8/PamH1gjzoYrT0iCUUhfsL/D463rKL3tFwhffQUPISPa5+mioD/a2Qz8nG4vBaxM/EgcHwQnqESosWJGYb26Q4gAFGB1QW7nVUTTLQw7EjgDmHbYVYpby38qpRJ7GnTWkVQJ/3VtDyivBUaFVFfc6BCpEfq2hnVCwMwHRFvk7zJwIms6rJWpsBrnwqE1tZDhofqGt7wdogK4134KrUtxAWix3WIDocDmT5qAPPp09hZivwiD6RXc3VN+Yq8AE+BVvVvnDHmz+oKV+ryDPOooT2ZC9luoFGe4YgTvFgZ7zkP6yt5QjHmRzH4zl3DRMeTvTJIZ2u0UcVnNC2WZj5dCWBsUA2lpEnXOjPR980Me5ODIQTHCwlUXvwGg8xKG7Zc1pWpsERYfhi7+fzeSgWi8IELbzTxAkzZoIM5RVAIldSoCgcqOejBnf0OgEAa3ApZ24U3/My2LQgcHgkmjlum771MZo6TA8MugHJLb6k222k7xuhJtV++0ZaqRe1zrrjMSNIefZ4NowOJfN4ZABN/LWh8cFaCW1QdtQoecfYwXwA2l24VE9bhACIiDIljAEjowUFibFiHGQSgcBBRkily6IkjinwhSjRxfh4TxoyhiB5aYkG064oYLiyzEZAAFIx73fyAL4v+KK2ASQjvk/UqviUWNYzgqqoE9IxXfyVapCpVqsIncjmJHHoMQmoSC1WH1j8MbdZJ+jCPBNbl8xkPsOYGQSSoAks4kJLxWM3FAhzEBuSw7XmBXBlClw+Lcjee1hyJ8+OF2Lt0kXCY6iC3Ak2iW80cdAPDCVngMPTmIIOEVh09mq+VgEYCoFIN5vugS5RCZNLKP0Qhs87Mdux2SWADTeZegslygsui2SlHgSC0AimazaZoN3VZXnTOWV/5ny/f88hjx+67//Ne9KLW1NTME5thbEwKIYXQBCLPsdmWrZacnBwf9G+6+44fnX/+cccde+QLnoMCMxAyk+1GoxwMLvjlWT/55ZmI4pCnHrTHU9ZTv49EVBbmANhcymYjh0YOANnY+G2XXPz3//iPLRSfOP1Tx774Rdjt5M2WGvQWLV6wqJGtXr3mYx/+8JGHbdi4cbPIMkJEBTKTuZSt8bGFixZufPzhf/vwh393wUXj45MCEfMG6RIt0gCIlNJKaQKhylKXBZDuzc9nzfHddt9j0W67L4qpa6o7t2hqsq80qVIjKhS5FEroq/987bU33rjL0qV777OPyPJWu9kQcsH0Apk35+fnDz35GV/95lfvufu+Q44/am525mOf+ORDjzz6mU+ffspJx//y3PM+96X/Of0jyxauWklaE7ilFEbqxKwTFt1QIDG3f8MRFFTjyU45pjErRkKB9tzjwIgsy2ABcOFgp189jFFQ3D9GJwmjTslTb0T7TomHkk4caB2tlDML4uvsdbtQaMQqJAeuq8LGMMIwpYCXeuMw1KUgtIYKX35aT+TMWUfdCisrR2ttTi9B2bK1ig3Jb4ZZnsSbc53VWqFh9iPZhADckbBiLoIkRUcYex0qAcBuU0Jn8niJ6qIQNW5SNV0UtYreHkqBSB3syHqABCE8szbCDXPRvXRbbE02NSa/YU3Vq/IKrVYmLqLcpN0agAMwUXlvqyArUwtnbfueGNInrsFatGBcMmjnqKNYjlRd3ArB+58RSl37CZNALdoZYFUBkpSpnVZTPqs+GnHhkBVqO6g10kbc4RVZM55CwFpnQWcky2OG8QWr4FXTKAiRQRATMbfCXJ/Dhf6Qw2PsibcOSYmOTGKXifGVqrB4fOzXUKiS8jVjTUumflqiLMNfrL4bdZLBqBQKayWWKzXa179krivFuzfRGSvgzWCnkH2hcMO38iSg1XZdK+gA+HR50Rn6rBs+QYKASpdRj6Ga89GttsR4buodwggkV5j4U3tCKVBQ5cQ5Mnbf4vZjPehrYJ1Yxx1KjJ0LPT7ZCOWQVka1XwniVPTHkOpkCNTaak5sJXvbwUV4qggZhh1TjoaaO1F9cvLFrhowb3wda/lYQGJlbKWPH/SORHydGIr5hcPPbfGoFWQ0H4LbFo1W/wnZbOg+AaKUEhCFRAkEEmFsjLKMygIAJQo0e5etRaVRK3tUgEDUBAgCoFf0tjz88G/POvt/vv612++4a7cFi097/aufeuRhnfk+CAEIAkUmRan01tnZudnZni67WzY/9tD9pRosbzTHpqdAU55LbORlWT5+/33n/vyX3/zed269846n7LX3i176sollywZbt+WtlgAUUioAINXr9zUp3e+TKh976MEHHn540dTCbqcLpJG0JKWJisGgNyj7xYBQt6enl4BoTEyIrCGkMIREpEiiLgpQqigGCAqRUAApAAJQhKgAiLRhZSxLDaQFCqVEp9u97e47qd0ezPezPCfSAjBvNHrzne7crEChSZPWJDBrNh+76/YvfvMb2+d7pxx66P4HH3LDn6/tDUrSxfYtmzud2bIY9LcMVq9fv27DQVrTjVdd8ecbb5otSq3xpS9+0S9+89tfnHnO04897tQ3v0l3OiCEBpCk3VKIoFaZ1h5OasO177CEQSICY/OcK4y6Fa2uaFDWXLR5cJjlGwbhU7YRCMO5nIyArUh6HKVS6y6m6OLB4w4PIqq9qj59iutEK6QWbW2jHqSdqsQthNi+T1xQ/vyvsmPrMVNnXMezauoO6TAlMOYVM0PTQxCtaGPmzg6W9vx12pCSG0oPRqoPVVRWFUVzATtDA2k7w+aL5xWHwpMY/Tt3VcUF58+qGBrtPP/Vl9FqCTRDhaDNqvjpcpjZEQw7A2JNsH7Iw7jlUW1n1aSwByjyTGrLxLNuTfuKV02pKPEMluYhkwIJJMayAmc9UXhsrThzKk5YJ8nVgKsGPpbvZXEi6GNYHADkq4QUAvCGvLVvJXKcGY7794MH8EkVvxoZ/WJX8rUYQmIIHVnyIBP6RUjOsreRNDtwZnR69PoFH8EhYjCiyw4AX4jK86NDnA2OJ88W1qj2aCT3MNQxqGBIS05hAQS38tXmwFgBM+0uzZKAxrJAjlsdGpiQDeNzrfpFixZPAVQHg8m4UmiI2SUcdMsQnv4ZCfosrImYBiQ5MCMJFHS7n2o3p1z1O2yFig5hbMWsR2Cy/tOtQqXKqCJAgjtSL+ETs4/BjQHcWOCw565WbK/xqJunk7oqoc0dBVx9p0FNJqYa+XKhQQdYvTQjsodZxY9Dy0Mvl6YwM4DhgTf7EnDAkTLGEBsSsEKBnw/tCN227YC0kV9KWnfpeooajnWyB4ANIZ6awHGIXAIBALJIYHX+AciLDgTHjlYPhCQIIiAigshklispQEiRZYCCZAZZTkoBIKAAk72XAoCQCJUiQBAISpOQiOKOy6/83e9/94fLLrnsymtVWe6+cvVbX/fal73qVUSIZSGlBCHyVruJskfq+z/48a03XE9KzXS6Dz/6yHU33LBq+dIlK5ZBJh+74547b73l9ltvPe/8P1x25RWl1vus2+Odb33z0c84UXd7KBBIg5CNZhMBrrnl1s98+j8IdH9QqEF5y913Fr3eHuvX7LbH7qC0kEIgZFI08zzPxNbtcz/+wY/P+9VvenPdLM9QZEKgFFJkWSPPGg3ZH8zfff99MssBtCU3rYAIlAZhkaYRNGittAl+ZK3m4w899C8f+uhku60Gg0beAIA8y/NMtMfa1912Z6PZKLUWCEIKyOQTjz162023rlyx4hnPeAZOTjXzZmt8fNPmzV/++jcuuuSSslStZl4WhciyRqNx/S03bdyyZf0++69cu2bBxNhxhx3WGp/Yb7/9qCgghLaY7YH2SAlGUOGAFp9EDLTqpF+cUw9FeDinlvXInXAULAdygBgGCikIiAQMeYjAsaCVpZZYyasxK+sZDUe62PbtK9dBSuB8PAwaO10j4Ov6x7FqG50j3SlZ6r8Bw8rZCYicUlsHOOLjuD+XEhiPmcIRS0Z7M7083Ojn7nTVMq55Xpu6cc89MTiDnqWY2DwCpGkBb3T5mHBUPdBLeG7nhmtt1tAOoAWAulU/VYcBWNiXWQw1qjrVlV4RG8xUEm4JYAYZYS4qwr026lFNFSYj4oDVkYRjpjhHNyxNVx1I1Lv3ssBLm0T51V/DkONDn7WJSmszuB/gRhIQ6CrbIlbGRC1GAzGBgyoN+J/+tGQ3WLIaGpIqI4IanjXALygcKWQgyX9GVxKi4KschtWIf46OpdXivfZJzBNeRFtZ5la2eIOM2SVVmGJ29pYLHyvGZREqjXiYuAsL7thWq+KCxHGN8NWYjG+BkmY5JxnFFSJeBMhb4iOLcBi1Qk4JRywdb6H1f3yelgPG1BVyaVtVjm7RZUBLuLVoYaX9BMQX2UMzuQHMBH/NqGM/1/lLWIWOuekWOvR30Q2nHvQzY+bNTWxY5soAhbCU0vXvVDWDPVBHPPwh/OIlf/WNle4B5pomiP3rqCFGZlgdGajFFwZ/xFalf2S+OLPZPBw+OAI18t15UQzG2vFXJWnyvIqWYQZHWpGvTqm0yQbsJXfUWRxoi1ZJpzCzcr4qumAIheqMShKpCA676QyzA54SJDLhFbNdXN9ImBBOokiwQXLrcOB1jWW6WrPDMgznk4ou5shhPVdIgRypc93gCN+pYGGIW4IQg1LN9wcDrSDLQEpRKNuTkN1ef6bX7/cGQACaoCghzxAUIGgCjSgazcuuuPIzZ3yh1OXalav222v3l77gRSc/75Rmq1l0unme6ULRYLDnnnscc9hhG8+/4Nbbbrv2z3+RQjSbeTPPJ5rt55588oEbNkDWuO+ee//1Q/963R13LpicWLBo0UH77PvG0974jBeeQkLqwQAF6qKQ4+3d9tp7j5Wrbr/nvlvv/IbSSkqJAKUqVi9f+aIXvmCv9furQYlZjoiIYqDKbqlVt3PTzTcPunOqRE1QUlFqymSWSdluNaQQeTOf6cxrUqokgAxKAkUoFCgNgCCpLMu5uZmxsbFB0aesMT/f2zYzs32uc9e994KUGaAEJNIZCkABEvuDoijLXn+AKDIQUJbr9jvgQx/5t95s96STno6qXLl27QnHHXf2b3593Q3XXfqny7UmKUWpdENKrZXSes2yZa943nN3XburGhT/5/RPLli8ZMW6tbrXk4BQKrMIOabUeiMioRBPXk79BHFkFUlizodIayBW7ttytglUxoQVr05Re05/OmYmJ0KDlrIFXTmE0IPv2/dhduhiPFpCAMFBAgRMNgi4UXNWsXdcWvlWR5hhlMQlmRz20URed8eSnIPOK5JI1GRsVNc0GMtkrF3HWLdOdXRiysXZg9EGvg5ChOeEFCpD4oq+xhxnDwKQxFHKqbBOC/M2nE84wn8bftUjJFU6iWtgn7lT8esQO8xpGQZY1eEk5wlH8+sgqZt0M3kO59F0jZp3Xi44PRE8fnnRjrFaOwsjsIEetz6Lwot555DHDgAchfBInQt6x1VC6QR4D0YyO4ic4Ib67Sw54A9ica9H4STyP0OIyXdqjQjk5gmwKfQGjxOdXMLbwTN7Zecmfthlg36R2cItLi4xoq2A3GuCYPb5+lU6inwdH1lIxUwFCdYFDRInonUvrrHi43npnkhut7PTkGWsAyIYwsIMDPEZSxQp5iNp7d4HHUoRUiw2fVds6mMZEVnfkF527GZ4djDVlSTx6KOoAJ/imvar3XmNGYsOd7nMXnSxMTuS5ZQTGiCwxrJBcbr61sabUm0RiYda5et7SNV9VJ/4nHpvP95lEY/IFWGNePrgKs+ZTuhZ3xtIaB96yUA8NUEuoBf1HndN8eDQR/Z29qqV5qPjXLb/HRXgfZgKoYtIpoXtVTXxOAyyouZF8oSIOAoiJw1tv1zNOAkbtcrLJx2mdgLZZegEfpLRj9dpWf804Y7QR6SOIoK30DlyZBZcbMsxeFkwwXOEtXacroYgBxKjhJuH5oGwKBKNHIjGJiaeetD63dft3my1ATGToAFISCjLsTzfZ+WqPdeuzjMJRUmkUSnQQAggMxgMoNU6/OgjX/C8U4SUz33us4467LAFy5b153vlfC+XAosCEFRnbpcVK/7+fe876MCDtmzdBgJ0CShIIuy2Zt1Jz3nWkuUrqCjWH3H4yc96Nsrmsccffejhhx552JEr9tqz7M1jWQopqVRACgaDI4897l8/9IHr/3IdkSgGAyISmZAyO3D9/s978YthbFz3Bua4XdDUaOQrly1du2rli1/w/LW7rpnZMqM1oAQAgQIQZSaFBNHtzl16+SU33XzTmlUrpZSaFJIGRUiaFKKAVrOx64oVu65ekwtBKJvNxuplS3dbt/a1r3nN6lWrqACRSdJaZEgEs9253//ud9de8+fVu6xAFLmUqPX04iWvf8e7oFTQn4dOZ3rRwve9+917rlv3+BObisFAFRoRhJB5liFSI2/ssW7dyc86SSBmWbbvUw8krctOV0ppRQxRkBM8mVjRFMye4Go52rLJji2za6tdlchuQYTAFhiarhPQvAUnfv0WYgdfYumF0wd8yr96Yfyv0SrBqKu/uMJw1SvH5NV0Nexd8PWsTVmzM5DBH3HvMAgDLEHRVDY9emSydII3Q+o3LkXDcQYwz8Ako0pjgu5VYtm6h07JUqQR2GA4ALFJygFj9hRT/fZtYlqEFnhJit+i3xBUhxbmLTwJlQc7NZUQ00cijYfl1mpbSKpUYBllE/CQhHFBhzm9PpFc14qBxkFVNViQeZ9hodqoodWCMYJ5YQhNpoaCP5HRSoUdzRRzb9ATsJ+v4Q4k1JkpEM91MAtCg7aNYFHUtDL0ylj439kMEEggwTjLoScp6fphgV8k4gqSO/Y2aZa3MZSCg2zmYpf8Upaghtz/Ir+RXAzS6ZzqolOMOrJtmSoatR+W8zvMb2a/M0lUbcoRAH8U/iFO6g5lnIW4TYYQz7Gdd48gK745qhlyXCP2LKEIbWnp0Ly/H8rw4aHngFCfXIgksli9bA7jDBhEF21MwSC3mhhjy5iAYd4Uc54zQcTF3naocosT3+BUECIv5pQHRKC51sJgGNDcz4pCVOFxrNU8zGBPeworcMkey0K2gHdFOQMEhKRPyHcTwhWBrdC9ZF8pcrXjxDwKNMeUa5uycKl/4em2KoPCxNSZSCyaznDF4KuV7yws6uHlamPYopray8ns5KmLRKKTBhb6yJj0oiYx2kKK3nt6DM1cjjgWt9NrgzUIACn0lgcZKYWpZj0DUxO2kJciwcLystOGk9PO6gjWi1Vy7SaFefPpAJhbzaOuqaHlMR35IZ6BLO9GwshExAGzRg7dzlHHHvPN9QcJiYsWLISiEEII0oAAnbmTn/vcQw47vJnny5Yvh84cEqHSIIBKQOPHdToHHPTUT3z6U61Wa2z5knKu05/tCEQpM1LKeDmCoCiKPQ/Yd6+n7FcUSmvSBFLKRqMhxycAQPX70O9NLlr07n/8h5e84hV77LtPc/ESNd8p5zrCkFNZAmnUpDu96empV7z6VS94/vMHhdJAAJgJ2R4bb05NAKIaFEIglmYBrX7myc/aY+99Wq2x3datXrpiGZWAEkFkIARkwqR/QSk9N3vU8U/b8sSWXXfdFQXYPa6agDRo0KQ3PPXgr3zxS+Ot9i6rVut+b8Ohh33xjM9lzdbqtbvmCxaAUphLEBmKDASCKg899NDHHtu4cvUuhJQhoEAalKrXAwApJAJSWex+wP7v2XvP+e486ZJKJQQiCZlJ0pTlUuSNQpWoFAKUMx0UQmQ5aIqEubcEIuM94U7/3MffHVtEtkkiAb1wjcW5eeK1rl3qg86MsNufWXAZ7bFb7iuNTnOFHg1FGoc6zpjEK2S9bqxRp2TZxe3KiV8xy4W/4HsJzThAxyiIywcGIvBr8F27VV+RJ0VtUIuJ7qgMk+WhyTpLPrEXnJRJxF86Ut8LWyDGrJvKQz5gTLZEUHy6nLE9XBSZwVkbP0APsG0neRn/ZFk19xYreOIeNVcRAdx6UMCzwfCrup4Ia18xizwQA1o1wcmAamqka2K9pk5KpqsdR67FRacZEz+FV2TeKURKkpGd+yY1BfzHxMNRa6M8FD1OstlD1xQMdxdrwyJJVD1NWgKTgORWh2OFnHiz3iXkNombDGfmki9W4cSaCYqGwegQ6zIKXD9XcwYs/1lDTs5d9AUomvshniKn4KrQGHol9BrDxUgIAACEtZZS4JMnsVRHp0uSdLz/p7KugKKWQ0AL/VGwwCmCtcObgFTfsa6J/2DwB3UZDYBBFVUmqD8jIdSMp8I5rCPCsZUXZKv5DyOnoIJj+6gN58nFjbvdlJSc8EOViWPCEdwaKSMBXSDQI9xBTc6ciObIvaqD21RF338YTypVTCu10ceAppouQrzT2xpGfDiXi5Gz1T8OFQxHzBhw9GTx5gacsgSGssPATWAdUjioAEAUEoWRYyxbjggpA9VeVovUqGbfV80iW4std1OVgwFdEN381dcI/ggQWyGfitcdtU1AkffJWuQ/qkhKm/Eyydf2dYgA0O/rcMBSLWlwbnMRPS66qlDEwicSGYmoo7SCcRiYsVI7slRQR3V9x17eGrFg/xNa6bGp6bElyxA09AsqS6ERSUNZUlkuWbZs8ZpVUCqY7+pBgQggCDQIRCgVZJKINNHUyhWlou6WGaEoyxuoSiAtINChACwLrTIBjYYQmciERtkHFEUhELNGjkS6159esXx6zarBfL+7basEmWUZKgVFSWYNJRGgUEVZSpEvWNCUEqQAEISSkPpEUhMCobYnBgnE1bvtsXrvfaEs+p1ut1uQyEgDoEJUoCSgRpQAIMem9jnsKBQC+vPU7aE2/Eo2MKxoydIlS1etBE2qLGgwmF4wvXD58hJoMD8oNm0BKVEKEhJlRohCikXr1i3fax9QA+gVQheAAjIhKbeWulYEqIpSE2KrhaRQKQIgTSUiaSqIRK+XEQoERBRSAroNnsSUQJhsgMifjCmEPffuRBqXT/VeTJNMd/jHLpBUsTkS8qx94PddBN7y0s49dWIqBFABU8vDC/VaIVG9hrFnrR7ngTzOqszXenKicziEHHlsidbwlpyvXid7K4Oxs/ckgY0goOSFu9+pfCADjZHdcJk9yjNEJ86SMGUcIq9VSZzgbeUKQbHCbJKdAB3FYHXeiDcB6+grdQvqs3zMv9qZFUwWnrjHHZGry+LXMXHwmoCHBCp9Gv6MNWtIiFbLJADvxLh2GC/gRav3TK1yGHfu8hDyoF31YMXKNqUne9X62ACQhUlKsw0OHkbXmByS5h1o8LqDUXM675Z8bGFmsSWhixR0dyw70zXW3uEtx4zvzHxPfLGB5C/Hz8H4J2DFXHMmkeLpLARO/Fg1xeP3PwwYzHTmGHUgRS5JgCN6wAxN9zmQSIoyHsZo0UoakLPYIcDILYvCf+CoIdHdbp4j+48iPFpLl8MQApg8VglgD1C1A0N+6mFsmxqc27UnbCUomjZMK7ZLp+aZMRGhk63LjSwetL1Fe09dlcB8VtYjq2HDNHaivU/Al2Izc56AgK1wt7SH6D2EQFnOojI1AIF1Ei+c9iNgg4nImLzDHkidUSmfI86k/jX61UgOr8KmHYZKTvIRqlS8uiUiHvSQwohqRwKh1l8JC6g8ki09jwyjemmTxJHjQF+YbozwGVxuxoAuwU5pG7UC2zt4xOc4iBszSY6azDRE9hFAmPZAJ/aBs+jB5TVDN+Rrgz+KyAsfG/RwPOYnPALGSzWPUrSrwvyGa4vXaD1DHMeMDoUnS9BBwPnGLaMRQmxoGtkOGOlN859lLRR6UFK/AEApEBGF1qA1EAFpNTunthbozshFl6cSRIYwzVJl1R0giixvoFRQFGjoWaDhPjOLQgjADAhBE5QkJIBAISV6ekNU/bLsDVBI2Wii0lQUoJT1A7UGABIAJIQiIq1LAiFACEANQqJAQDCQmw09oLXu9bUqCUAIIbJMy4yEBIEghHG/rTwhKua6WAyE3e6gAQBJW0QS6P5Ad+eBUEiJCNAbFJ2ezjLZyGWzAVKQyDDPSQijdHW/GHR6AkEKgQikFQm0M6CUEyeIRKgISkKlrV8o0FCKICGQou8H+gl12tGRmCNy4gF6BzqPxNkkXHrwQNjLHopiUDyBNq2iMzFlz4fJbkqrFrzgp1AmiEnWpofeUbx7Ss505YAhBuAAmGx3vOZlhbkXzvAAm+WhpEOHGQgoYYN19h5wmWefEENj0ISRnoSgHgJqmQHpNUsi+d2iK/cDUkuXSwn0J0lEBpczwvig2PCDGHGKICkcZHnAQDQKZkch12EBNR5pQfu7wg5nwUNjgi7BlR+vpWannxNvqD4CziAJ5ra1PAAxwJbAzIKkGPhghAfIviLmrP2Yyqz4duxbN9501AySJDWaVA8OArB5ioMylHbn2T5CYkClp5RQIWJaG+93HB6qgyMs5FxTmSCGFidJbMZ4mBvGXyV44OX8Kp+IadzakdjGivglcGuMz8hkMTFE37sXKrYe23nr2oHkQ7A10iISR3y85iY9f6hGXiTMEJ+SVGc/cfTUdf7XX+i4jZsyRlBTLNvsS3YXyIhCRXJjDJRSC7O3yWJz2zEgcN4AQAIk7zWHzn0RJ8JZv86kCgLU/iHWAg+xQQqlSwJQ5Q1E8jhYcrGt52fRasiY6bw9GoJmYTVDNKgAgyPHyLGNp4jYVER+AIPcKmsMwQSAKBMYijr0xrKH44jRAH9qzQNrQsdtu5Wt5PdcuNGHbjD5f+JnJ6Iw1ibkx0ts5BEImJZP1W8oaYfnh1CBxKdKLeYdtXHaTrK+aQBDWBjQrUirpUmmEermA90HXfjLyCJIJKrXf1WTBaPfkbUS98ir71TQEeOmkyuorZ1oKmnVK3XfFEeX+zeESZDjifNYrXyHcOAiUQVMJl1qwfOFOHJjKoqqEhBGFmLK515UoHvvXoTp8C2mlO2ik+ByZXGxdBqdkBACAYShdTQmC5H1mBuZlAIJgDQT0AYGMp4eIuVSEAApheYjy0b7oAACIA2AJgyDvEs0nKTQiG4iABSIDUQiRSWh1qjtJ0aCKtKEQNJs8RDCWt5oVtsigBY+0EMABJhJKSVpAtAAIIhIK0DprBgFXp4JwCwDpUCTlWTcXxeZkJmLIhEiZllGBjGkQSOgtnUFWhrMpD3Xwiy8V2waiEBrJJJaS00Ayk41AWj/ESyb6HSkG8s7jEiFvIZIaS5IX9soowEKBExI6IKoQQHCMD2JrGJQ7uFE3BiUSKSzO6bVQ5GAdO9+JhcOAcriWpeBADhHpkKy2nAKJlUkYVIKA/T18DyJK67MLdpYMzlh45Wb0zDB5GUjSBFoma1iEBETkjFMGGvbWngjv8u5EGkFvjEvtOIcBSCutqJlfZHXy7VnQmg7eTmXgds3sd5O/D0WXGaDjVuspxD31HbmlXXsVdY2W+vlVtbN1tVl4FZhirJzsccSL6VM6ChWuxBskUrOxrNEhaJiiyd07mgXuXU0zMkfgW0XrIcKCVnCrJzOA5Vh2dL8F4/mVywrH/nlnTJN7dzAGg6KKLzWEuNDyFyD1Sbq7AzeQ8qNwzDrPdXYCn1SDObJBsHKAv+CAxsMIKqZAPRuBG83GqZX8jxvYbSRdz6juEUNqL5NSsEDhloM3oulLfQAOaeAAtQuT1FBiXP7vLZ0CjnuzrQ8THWwEA7nOyf4iQ0jFloJUAjxHJv3lBbnLldolTMueEXtG463KYSnMSAuYoxuiT8T7R7f4NRbjTSpGSexBjya6mvYgVQsYnJz4mk3Vo2GAMJo2T5NN1J/x6LTHgUptSNEqHE/bWba1wqh4IAoG+ALHObLEFhGAF2DAd6bIRqftLLRRBY98G2H2GqkzIZcFMVnPApCqj2Jgg8zsyI5TtGLBADk3FQLT11Uu6ZMEjgHx10GqY4fmG2WNuPhSS9G6rV1U6lBkaRjr8lbTKy0RShbfgDWB2TxdgyrRzjdeDvHAW/5jgXymOEVGy7cQPDw1RpDgaDZTABoE2Kxm/aJKIhQRNSOwaw2MQIewmJlcF6oSSBoAgIQGLbKamkRYdKSxlgnDUSofeTR4hoJADQqTdr6gRz3lla1Dk4KloiCcaqnbj41hn2FmQtD6KiVTX4CEWiTXHXDYQIe/byQa8vj3HqGaMiSCLQGAaCdDCYvEa1NFAiaCMg62GC2w/pMhRffBuHmEHGzkC9MAQTiYAEMB7ZVvhGFkIubBlKwFGoGFHSLk3M18sXpWfAjQ+AgWP1r9nIlojaQZO0+vZqr9qXjCGT5VwcxOdoiLXnPnoqIuJE6zMQnxyPVkizkHQ2JA+yfJsko7jY4j7V+kF4414rNEHdg5sbouB6X+SxsEWQ+j545a5hPM/AqXHxj9MsBzMR42g5PAzG95nyDIERrB5Lm99zwR7grtZc/7YID5YeCteCFEblX1gBgXfNh+t0cwXYIo+C9wM69gnjKkirJc2I33vqLnE82Wte4BzygNyU5Zx1W6A3jIe7AgQQXuOcwWKary3By126n5toW9lohRkQMt+0Lwqx5/CQcnXadsHAgJzaJFVMjfeBiCqOj/DXfX7G63OqwgDJEjJqL4gox6Ly1oBxMyXhtaFym9vLoJQDNzZlwRcelxIKSzRGZ9Z1Oe3GbJazlisx7cnuQ7NpQALc8DaL+0K/V8bFWAHMcI0X5WgaxpXqdjMZWJ6co7JpSiz1yQiKMwaHQIcurXt9eoM/I2k+wXLdhIFWogfTSSFLUlP3DiCcq5iwJXwwAwiBtyITAZbqdKwHMeKjwhjcuon58MMDPNtsi7WSEg5NNHATSQGvmWTjY2H3R4GoxHc7IiCI+ilBFDEhvLDlHN2Ixb245ZenzB2ht6xTDlUkOuEo1m4c88UoEpuEIP+5aqvYFkOcxAsvb4SbLb6CqnDAEmyM1Q0FHeCJ3vn2gJx66A2QiiHVUtYHCc/B8nEpYrp+qa2mqcgxjrzLBkxtXwJv7a7DluNZ3Dt46jabFpcRdHJQcDcWam4W8vNHG1/y5EUWqOSgcS3aeWziBOgnrwXUdEpsrBzeh1cdAwALNNSTpz4/zspoLNwcnOsFgBxWRPdMGDk/eBXIdC08kZBjLr3TlOHQShBBAm8Sqnxo2UZpQcLQ7lJJ1aM0iWAaZ39YBzlsj0ASCodmHZ7gPyXp2fKIREOwxvrZzMj26xtDW9mSJ4bFvy3Eoh5yPxvOcozE79y7J7FdFsM6sxkL2n4/Be/YMJMz9Bh+aCjIhXcnG8e3ENjDUeRnCq6RKhDdjzB83v66AXVXA1aKhCq9TrJJwZ9twBwhYLQ6v4ROmg2ouAtA1dk/SZJLqiYxpa7RibTdRUjI0gYnlWgU/iYc5dRtJY/YWueXtAa4BO1FnQRcE67GSP/RRe+MrRmKXBzrZOFPB7CV/FdOpNq3o0OhlrNeqrWGKN7ta3lkRkcKqrTK03+qwKIoqBp3I3S2ueyloZ983+MmMhHzwyZGV9NWrHi+/rybWqsOsdcxCs/GsRPdmmHYRItX04gUEuPQLxlzDmT9mDg52SniugGZoqXpPXI4Ni5JX8Za8tTGyGIwg4hwignhPrBSvnylk+CME+m6gCgNGYjB0GYwJa8V5sqkwOwBkQbEPv+rdFfZjaM26NzUS2TZZ/zziJkwFE3jdVK3mZ8UF7005tPIpbAbxGjRYK+D2YDmbprIH0Pxwsx/eOBD9XMexLdYIsYPpmBKzf9CZlJECYKZTNGaf0UsRF6goAExxIfS0aYvE8iiyGtxQaieLVYx1iNEPlk8owuDoC73iqX3rmIOi3wEWNo3e96yHmTTTVtXxobVb3bz41XP2SSoGybOtW2PPDSAmzsGZbgjpSJ3UGKV4/K7RmPVtECKQNDo7wgJAvlkmceIbUdcfub/kQLemv3eiq80FYB2dk0NnHKp0pTCqzUL7VkPUBkqctgjkgNEriKU5b55s4Cn+QPaQsdv7qn6NB8yFudNgxNu2kisQRCxZnPiuhwOrP4ZBzfoK4HgeQfMnKClyj31J98484cNE1ikCuAMHObPaMTBSsx2gbQu5/xXBzPsBN7WJ6GAcm66ZN0zl6RWsKxYGzuUZeu4DYjEe4L15DvWSgqElmhKtXfTW6pUg/AJ8boQYNha6wJbhEdMNxnWSgTNLIiCN6TGCEPuqhgzZfLlpcqSaiPwgZL3PyQFyXZDrBhFQAAAIjVRxQcE6n6z9AL9DvVs1ECm/0MzwK5ArRUSBqY0Qk6pXIU52juwEIf3YZlQjGjF7GalVjjYndyihYw96ZQ8E66lqoMdIGiqUK0CxV+nQUm0RV0UWOTAEaOY/GBVcCg4TxQmkjhLq4KuRd0k2iRvNUdwwwFzb8E5fXEQjhidg1YN3QXfq8njjy2ifFDijptPqzSDYkCGWi7EdwouMj5BRRR1rJi6fS5LvqA+u8XcIDpt30yUwwwwFAT+YIK3pB+FVM9c6QQwkxB/BRk5YxZCgKzk6w8ld0LTluBi7j8lqZ2bN16yrR0GBpTKtFobhnloiXnYMVt36Wxt8d5MYJw1cTxZ6Z7FRtRleHXhJq+h2QKx1w+PKBZyicLo8NvgIwIV9WHIKwatWNg4fBvAGV2z8UTTnbDykAZgaIuGNdgQBIjiKQcHa9xq0o34gBG1tBh3FTT0b2Racxnb+sx+EM9BifAXNbk/X4AA4FwW8mrY9B1cmXmYDZrGU7yawGYWpYLQcLCxH5eRxC+kVlK7VHGZEaEftumOcxqWDcBvDCIibBczuCraTcTQcJYazfI196gMG5NNoLIEdId/h0Q0tssLsSP1LFhBG7wny6YumMOCZkUEVaXZ2yEnh0K8hJo8LZw6hE7iIyHFucUMA3imwg4t8D0Y9QER2B1gIKFsJ5oI7TByFEAcXAphqaL5IzAmcJGTORh+JO2e7O9ZhlisfRBJ6By/fCIm5HrXSL9BR3UNPFUxMh/hYKhyJgEh4EjZsDehPBLL9uLbcih6KYtke887oMbPq3EJyNQO1eREQWDtWsJHpw00K34WlEIzUS6yOA14QvQSxktixo2G9gJrwSWSPYYydLweNJxkuXAMsThs4PHlA0QFlacR8QCigJwg0A0BgciPgXOSJqnhDzjDpZYUvsfPImJB3M2JYxvGHeUK+QpiQsNrVufZWPGGc0OBYs0AwLJCXLI5veNAHHW8GCUEcVnC75SGMhgkHAEAks/FWi0gvceBtltW3RGZ0HjTPVQSxcosMBSsGg5T08o4hi+cAAgwUSNiKyRCi46TvBw0Bd45oKG6B03BAZyrkmI71P63wdl5yJNkIKNpeza8gnYMJ7skgEma8utX+aGnNZnvD2yBF/QckrMBmLUSCsgIT2RgPG5vpKKzLDwIzrEUKWGb+EQsoBEJLQxPx0ZgcIRyfXGjFViZ3AsJQKqfjeCvBDRIBgK+qiqx8FjEZ7VAh+MX/DKQYUXV1kgcRhTt9zFVhRZkiVLsIKTUDf+zd8bGxQdmilJSJ+4X4XdXmT4Y6zGcLfqanXdYFl1vuJYW6yVxEzkjA6ZAVFju4qj521ajwQFKlzIhcKIxAIBtC6ugyvRZUVqUdWxHQ6XcAb2dQ1DWTV4k6i4UIG1rtWMzzDKrIZTWGSgovlYiqbMCaGvKEKoSWgsBMRvA3hGjPgLCaOdgvDBfub6IemTuDqM2CB9+6XQymNZSoSJBfw2SlNMWgOMOFuRVkWJ3FjYOjaxbiMnwQAmoqCUAD6LAlKEgF4dSQQETzvRlCgSgBnepwnGYGIgN5UUjJ2XWPAkETKntkRBgYAYF25U17VoW63gEQUJDZVIRoVYj3Xrwnx3YFOMw7vw4AzWcitQfWmltkgvzo4PRkZqfRebzC6y1EFARuMREACAQk67+TJiLUgSIsqZJAJNKIwnIZBb5xXjGf2NheIkc9aA+XdEYGhVn18NjmyTpoQEBaW40lXGydwAQjwdtf7kBjcGSKiIQC0C3W8/B4ircSwuDKzKtmp6xoIkMpbuV4aAEBBQk/CkP5hGCXzZFFn3UjyEIWCewqY5ODKkkLVBgnqYSwU2XJez6jLy5lPUhBe/LqUee1LQ9T/1EwMkkJslfBh401ovXdHDRufbdtzTJu2qmb96rkTOJOcVYnaYkAIkDdv81cHZpD9xHp+z/2HL90kzjDcGrIJF2RCRN6pkGAOBiEdbXAC+Mkj5EwKrpjexCCye8skFDTeZtmF7PzColACI6vEKFz+jZx7AOURoCZQ3oCxE5vEHhp4RNc6FjX13eNOfVutoMGzvMoDiNm+25tV2abNfMSwLM4+m4NImMUB81plKQV/IzqwMMYRaEdtbADO+yQkECAII+DQOW14wFHRwmFV8KqxG+qXOtmj9kHYa689AQr1CqsXWkPIFYPPhDCPCTufPJKQ8SeeR2nSnyjARAvtx3UcXOJpxpci0DuXh9rcHKGQTAUtmB6YUQoVUt65MXW+np9Vd3GxVqLAwvWcUrFb6B/ongQVRe0fmw750zUCNrEGXNAVx3Onbyi1I6tXtPjKBB5YSarzY2XPp4lOfcOaXLI27rHsTqtwfsOkZFk/0K7TAhH3i9WeMD8O4qcU6hTLI9m1KQyEZgzzxm51nrvyZMRU7mDWR551SKQ6hDIxeaw/qwc41/6iFV6NQ3Ae40FWERqwzrNiEJJDiiBU2m1XMdxOhSeeuttWOHghSNygClaCog2OMotscgkILCi1k8CaSIhrGkgAIUG0oSaNelcJSRAAdqcfmgNDpuURBSxMI7WVCHaAxuCC4rcC7UOJABpIA0khRQAhRoQAJnPgceXJg2IwmmgTOYmQYMgvNVhGpdCaK0ptkaQ/YsgiLQUmQBR6rJkSBcohBRlWZovnrsW/A5MABASUKBAEhKyLBOFHphj/gEIUEghiXRpPpkO5N1sDdqusbIzJQBJmc/UOLQJlACagqY2IXBL+khAdurARZotPgUIN3+GaKT9OgFq6wVaAjEoIAJpnE/uixj+Mi4r2ayId585ywXbSYBxIy13ehuEwO55sr6fzTYYRxmFEETaLUMjpwhARIdvgKbIhBEgQBNqS5tJxKpy71ISaMjJZ1vSuv7ED+GMPUDQCGCS+a49G64GuwyOsxqCS2SBwBpIwsUkI/nBuYSm3yMVVRihsupUYzCbEyiCnV/blOVob/dg9M6Kjar0o5AuN10Nl4qRURX578ZqN7PDrA50wwhWfmpP2NpBYDuTNLyyjXAn1ETFYpShM9CDi+VBRGCxNzdOKx4cf1vSQTca8JXRwVc1CVj+zCA/BgwclTDBn+wqIN9bPGiH6lCFHH8GJLkyLtTGRYH9/AbZ75eEvsxUapffMAE4qxxN12iYKQBo0cX3mVkoNesVwW8NMXreiVyHArauHmzAP+ifoHj8yO28kkeE65XrBPJGBVjgIbmMy+HWGjMa8DE78qaB6w6jaXI2i/1jYnFIjFaDUxFRCLptAY5EHC8zhnLCIyGtehMkCOrIMIoQSG7hMznygSAwKXFQneQKXXo8I8dXnIi24cc4IFKJEbE5qxFaFSnnO0t8OV8maX705ejWkghDODJRFvXlZCgbFBeYoVXw2oQZeNyQrdh+fgQ10tV3UTvlzFdh/O2H5l30OhsaR//0ro7/AERd9+HvENiqznY06p12j9PGk+DsyAmnaKZqqY2S3/zGSc+AYubkDAM+UK/P1ZGXllWQ4/CEZ5/aOQqczUZUG9RwDYcUJSc8VsWWiVGACe3zTnd4pfEmxjKebDCemhFXNMbaskMQmNqRteEktrIjWrzC6gY4vQAF9qDi8Q67MjZ237ujrBEu+4i3jtKMuZIYZMMwmxCEKc+EXRi3YB1TjHzroQRTiIhAgLAeGtpkmRQyyyQ4GxCtWQlaayKNIAhwYPxEAAKUAkGBBk12T4MhT0ACUCAABYBCLUihkCY5ieYT2wKN22PxgqBNPgxJDRQCoMiV7jvn08y3yZW6fQDGlENUhZIgRCZtQSJEIYVVxFkmS9JkPiPncCUANBBoANIokTRopYUUSAq029FKoLUynrXQCAQktUa7/kaYk/itwNWE1BsMmnmjBA2AAgQKLFQJxj1GAIBSldbEs26VNlSQiQwJe1SgQiTUoAiJtEJEEoQaBSAJ0kITgLTLxSiXDYHOmdMGdYIEZFIAiJJKIwSllBKgrwcIiHalkjNWNCGiRBQgFCjyHGVNKYEmBUtgTxSBQFIIJtohBKAgNM5pLjME6GvmxZuWHIwu7UmgNRFoDRkJJQUJq4NRmPSjcwW95WLegicyLYUU0mASA1yx0CUyPWFJpdLKIFAbu48QTc7Z21XGSxbOinQDJSKbnY3ZjVk95G02ZxjrVLBQbFdyG8s24TUQM3OcPYtCIAClspBBGXYKuhn0jbE6se3nAANmKkUWuX/DVCl7ytuFgMUa8LiCSZxPKy3jkfExJDrYZ/t8DCGCOIwGHfbsqyBo4st6VwQ1E8zwiUnbFhhmVPkEqXGb4p1ywa3xyzMDq7Eh27N9jFZANjjwXrejInK86UfJrElfzY4i1QYeQSlFOTPbwGoFFUZtuIBk0LLAH/tmQFjllmACWPaBhTfId5z45/GAMBTy/GQC3az7aPQcO8AR6IZqw4B+6D5C4WgoHZh7VGFHo/0CRTrAAnOj0U/s6Azwkx/+QgjDOHXqnXs3Zq99WG8+luWxVGV35ATo1tY4oedGHTDnPU/nSLtYZzJuTB+AIzPHvz4cyWgRIf4dW41o9bkfYDq/jjpjZ5iANFnqs60yO5A9jJqqW/HIO6o+rDVbAztHaoQXirRUNT/DXdDEro2SSxiBnXin5LR84tCa19WRDrPCvaddc41EIMVlkP+MBT4lSBhxrA5Gcwp197UX8wI4cKlXDxWE1zRVgS3SqhT/4eXjEdfD7JSEhyD47UGbBUjIK2Ue7GAtYWULJXqmCxoxGnIl0hFNtCGWuIzvv4ZMary4oErDK+6YBRvDE48xFYYsDQD2KEWRlVzJZ+vrYUsUZDA7iNGJka8jZUUEHtPuNdhgfnV1RDXn346+YrW5g0JGRlQZIBTc0XZkMusZmQKnAIBTFImZwyQ/AoACiVJmWalL0oBClkrPzc6RViikzWgYGhektFaasmYODUGgrYVRikaWD7AcUOmMNONiYKYFKhAIMsc/XnapzJpHH3W0BAmaUNgD9AX6tY6gAVCKHMVPf/fTRx9+/JWnvmZ6crw76AgUTgEKsz5UAwiBmqidNXvd7pm/OmfJ9JIXPPuUXlEAKSKUkqTIts5tu+ovVy2aXnLIQRsKPUC3+lNIAUigoCzLXIiyKM8+/9xHH330LW84TSpZFIMMRHusffn1V//mgvNe/8rXrFq6ctDvZUIqApUTAkhAAJJS5LKBQAh4zQ1//v0FF77/b/+ujU2D362z23/22zNXLV5+8gnPeOTxx5YsXjrWbJa6ICJhrRxEBCjpujtueGLjE8cdc7QsBJHOsqw36P383HNQiVe+7KVlv5SAZa41artxCAAJ5+d7GcrxsfGBHhCBVhoFgICb771LimyvtXtqKAn0PQ/fLwB2WbEKAVAjgt1HpJUGgkyI8y/8QzNvHP20p2mkPGsgCBttsKtjrbWBSIUeKNKI4P9n/HABqLVu5vkVf7kql/n6Aw4AYZw7Y9aQ9TjNDQESqFKPN9oXXXv5Hy645LWvfc3aNauVKsyStAyxkTVNrIEpCyq1QgJBCEAKDDXqslSAJJx2Irva1n0pnYBAAwqUQIK0SzcAYCakELlpHgHRhkOE+w+9x5EBFFCQds6zTxGBdTQ8XzljCO04Y6Zn/0ZZp0TjxOV26gqSceSVyuYnf9VIqp0SeaFwImqHmDUWmdZYr8hAcluwahyAuFEmGpnS5U9dg+kj5rlEWtG7ZOF1orZcx9UJjdoaoq4hGhZGtOI2RcR2TKWbYNLHOt9V0aFzTmZc3ftKQVl5yBB9UfR2sD+21g6ubg78fdKruRPAtZcvUPE4bHUC72IhQHWtqCvIHBNiqh6d/jVDZNaWka5xK9a+r6jQ6HKriINVB8EgiojExk0tPfoVAGwykeHdN+FsH4ec2skzNQO5x8CawuSXdQWXm6E1waBRGC7BnGyrhjoJQAEd0UKD2NN091VWCXYLORRWOnDwIFCNhLAIoaQzGmpTeR9M2/OxduoaJvkSAbPzDdpaQxww7xtU/ckav9wZmWCYoM5NTfvls2PDDHWFiaAOvHppvBPXk8POji63NinuoCJY/E20HOZJzlSYCMt29R4OOFFKSX/1A6hRS6atGg/KynouOOIqlYpe/TjRiHGN+KerMmxcf8U1zBvkENobRL/FGupcUA5QfYNO9kYksBPWVc3wuMh9UqOPC1fhT2IEvlgGTlfwtgIMrCUvKI0Yq+k2AYIbEXHfo4MuwybA7Z4xmwKDNvNEFiIggAioVDHZmLr53lsvvvCSk4474YB995/rz7XyxsXXXvHdH/ygNzfTbrVUUQDifHcAGaGA2Znu3FznGc888fWve93kgkkAPdftfOenP125bPUpz3luU2R91fMLHVATaFAlIQJm8htf+TZB44iDjhibag56fSkyQhIoQBn9oU06TggBSFdefOUvf37mPnvs/cxjTtI9BUJLlEAgJAmZkZSFOedf6Ube2Dyz+dvf+P5ua9e+4NmnGGLNZWYWvGaZ/OnPf3H3bXf/8LvfW7FseUFFjg3jhCgiIK0KNT7Zvv+euz7+b5+Ymph++xvfBlAoErlsSMwuPP/iz57+uRec+Lw9lq/tlV3MMyBA+3UBAsSiX2yb3SbzvJU3fvHTM3/8w5++461vLVS/VwzGx8Y2b9vy1TO+eviGQ/bbd5/T3vT244899l/+4R/zRm7MGCQkrWVDzvc6/3PGVx64996Tfvd0UgpAZyjKXvmjb/9kfm7+tFe+plQzZsEp+WwfQq/fP/PMX9183Y3/8Ld/u27VrvPFPAJmUswP+p/85P9ZOL34vz/7X0DYHww++C8fXbNqzb9/6hNlMQAiRGGxTdhutv902cVve/3bTn3VK44/5viB6v35xutmt88ikhpoQqKSCDUQAmmZy/0O2H96wUICjYgCEBHtKllCrbTIxWc+/Z9j4+Nf/uKXGmMNRYqI3EcVtM+CAlCGGSJO5JPXXPGXL3z+iy9+0QsX5RNd2c+EVLpAwF5nvt8vdKkQQEgphZBSNifGEBFKXahivD3+iz/86vI/XVmUAyFFJiUgmH3LRJq08kyYZ7I/GOx/wP4nP/vZ41Pjg7IPABKwM9OZnZ0lIolSgzZGOQr0HIxuJ4MAXLx4UaPV1KSF+WYiBknAQ9GO9SksVnNWlFs3T65t9pKcYxTpKmDOTE3YjwsE/9CqNhfRDBkqz/q8BSZcuOcRKW4WN2VPAdPwLSUyuZpb4AOKh1A1QAFNkMNNB3C3q7LrKSj0YHuzlJnXt97IgBhWiF0TDygR979SfzmO9/q8sDPuwzsyC0fdeloXvPDpUD9o37G3vbnjQuQ8JTaLsU+Efnmta4+8omcY5uTJ+vaauuq2BE/Bt5C+c66Nbwz9ds/0X0fu4DsL7ymaNYb9UNudFOk7thNDqe5143Y4c8W91UUAdlrsIlA/umipAmNM95TbTwkt+oVoAceWvzDZYGrLuKi/b8pZWxbIsCbY+9IYqpt//exjRCeWjKPZcsDXmBzoSMiTIYUsrL8PCRC/rDEQrJ0H4gPy0aIIAjdJAQY/K2ELDYTciIMz9uTtIQzDbMkgQbm0Sy0oZKtGa+Uq1IrBOiucUmarKeyaTGUQCzSkBbjANJjnWTVEjKiwEv2MuT/Ij6gLP8xY19SnfA2sGDHGSHs+hoW7WCNcGc+GcYxhWA2n15BRoHvFzhmydFuZBT9YTyHVpdGQEAZ4pUMwHDAPuMNeTXlyqyKQoYhJ3KG7b9LUsXuaNBKEGzCtwkYUDYpdnKSTvZ1VAKph92BscB5kIKFbxMGJ3KPCwuxxXueC1pKox5eXHKG8X/ThehyWVo0CE8S5E2KW81NaB08EWj2X8OSqf+LPH0rUdV1LVa1T/ztl06rXOwz0UMWvtUPQfuNLsiYb3Qq/NDLsLGSNRDoD+b9f/d/fnXPuGWf8196776kBJsYn9t9rn42PPXbf3feMt9rrdluXt9qd7vZzfvXbW2+6FbTef7/9ESSYxZMiv+DcCy86/49f/cbXXvyCl5RQoEQBqEEDgpASUGUyL/R8WagsE1kmc8xUXhKohmjc/uA9F1582dat2xQV3c48FWpyfLzZzjc9vjWX7f/+/JcuvfxPVJp4JALQ2ERrbGzi4EMOPXTDoUgwIJWB0KCVVmbJZ5ZJBdTr91WpCiFbzdbB6w/61c/OOftXZ73yZa8syzLLcwRotluEoEC1xloAePPtt913z71//3d/15b5QFOzJXLZeHTjxiuvvPLgA5968EEHgdKT45NCCi10ScV8ORAiQ4U/Oevn//GJ/1y7Ztfddlt7yUWXFr3y4x/42IDUbXfe/vKXvfS1r3nNrit26XU6CycXnnTMMV/++td0v/zwRz6MAEQKFJAm0cg2bt54019uOPqop7Xz5nbcnolMAyBio9EusARzUqsggSKDjIg0aI2lEDoH/OVPfzY/O/Nf//lf7XabCLMsh7K/fduM7pcAKFFmWaOzfW6mvS0HoaVQWpuzhQWKRp7fcMt173n7e9et2+2d73pHLgRQ9s2v/O9vf31uq9UYFEUuhNKUSyEQpRSQ4X+d8bnjjz2+oMJmPs3RR9quXgYAKrUqSwWaiKggQiKhtVAaSINGAE26LZr3P/TgjdffPDU5dcfNty8cn77rljuzAkQmtVC777pucmry7z/wgVtuuVVLoQu1dNmSfr8/MT72H5/+1F5r9+wM+kXRH2+PX3rBRV//+reOPf74hUsX9Od7iEhaacJcSCkFApa60KVeuGDhOWefc8CB6489+thFCxcMigERjbcmfvSrn37r698pB2WjkWlSZHYyWx/ZJsqbjaZSZaPV+vgnPnHS0cdvVyW4xCg4s6wqGKxsw8S+8m5SiO4DBIstmB2xHV7D/iNsKSZthrUwJDEbPeHC2HQTN8Eap5pKO7xioTfMWjM5aWszxHZdjUD2EDib12/3ixVwuhSVQtVkEO7nEA1AAMEJYs1U8jwY/Sb3eaLIZQ82uYPP7SV1wPv1V8HuwRhzlsC8sxLRAgUckPOImAlrrajEtg906e0Hm/KPjUiGYuc7iARdLtPmoTCcEGrYau6jz1whUwwH79qBFcMRBuB9GF/Eqj9vibJ0hB0E2v2O6HEF8We+mIdErJ8qX9i3xEQB+aWxkeUdVgaYiSD2xgeUEINNFbnksXXpfDb+wjfN58GZ1b4Ru3qDV6phbIeKioRB9sdNr6fFuqY4jbIBBzr0VRy18nS4646TrkcRmROz4rEgVgZjyqZPUx9jp6+dq8gEFatab2e6ZuPwGEHiuNVJfp6CHqFQfPfVTvmPel1ge6ppPJruimcb/Rxmrw/JwXpXMLjHQYQ78c/omGJJxUVoBHDFDeNxk1ova2e8YtczWwE+ciqGvnyy1Fh1Seqcz7p6QQAT1M9dUmYY0Sd1fJwiOd5ilPXgJ4V3XAuw7yV0vmNTKgzELS6I4Y9FIXteWc0/rJNQdcfyJG4yczEJABiVonRBjVSWupBenbiJIXETGSEZ4xOWAgCekM1abmOG2C+ieVvD8aWZW28eudWDDZnP9Wf32WuvL3z+8+9+33ve9d73fOITnzjkoEMOPmD9hgPWP7pl43e+9e2HH3jo+Gcef/DBh9x6yy3XX3/DxPjY6097y7Of/+zJ6fFS6ZJofHzy82d84b3vfs8//+MHW+3xZ5z09Lmt2zSRADBn4yitc5kXqgdKgyw3b91c9PqylTUbjQaIq6++5sP/8tFmc2zFmuVFf9DMmpp0JmUusuUrd3niic2/PufcrNmQWmjSkEO/23380cff8OY3HLnhcImimUtNWhWl6veVGgCAEPLGW2/+xre/tenxx5cuWbLLihV33Hbn1OTC73/vRxf84SIkzNv5ggXTbzzt9RuesqFTDrZ25h587NGf/uzMyebEvvvsedNtN93/4AOHH3H40qkl199282UXX/qsZz7zxptuePThx0SO7fFxABqbGFu7bre8KRBol0Urjj/m6FZrcmZ+O+VISt9//wPTi6Z3W7Nu0dRiQJicHl+0eNGCqQV/9w9/R1r96YorN2/etGr5im6/sCfyKLrkyqu2bN7ysle9LAPRajWaspnJvNftqWIwKOdzyFvtFoIwByspVB2aL7RqZvmpp744y/DD//LRf37/Bz/92U+1s7FOt1MWg7F2i0jPdzqFUlrrphSyQd1u18y6NtaNxkuuveSf3/dPgPKLX/3KvrvvPaC+EPnb3/72l7zk5XkjR4Asy9BnAAHLotx9zzUllWiOGjLegUscuSAZKqU0aa0VaaVBa1AaNAki0ERQlkXWHvvTZVd89j/PIIKtm+cG/cHHPvKx8akJkclbb7v97J//6ITjT7zw3AvW7bXnC1784t6g25SN35x37sUXX7Jt6xZcC0oXRVkAQDkY7L/fPl/4/P/dfdUawzgllVqpUishkDQoNShLtXBy8aAsn9i6mVCY7Z5SSkV6w8GHTLx7ut1sZrkUSDLLEAX4JXkEmgil1Er3B/Nrd13Th4FAy1Xa87r/OiF49kVnA2HVwjDGe8TXQXGC59rRYqp2JVU1yVEjXpJonzcpwAHAbOBIisTb1L2NG4ZgLfHIka4CAOTi0IlFVRmwPeIltE8QLbf0wwQ3kHTP4I5sm3C2EDfHvVdhF7kH/yj4DB5AC0uMxoDAYDsz94OhGT3BmHa9Wc/+sjyfwbq1wf00BFcAvVlqmnMqnsxuZ6pCySyrQLrB4AgDMX88UTDMxqFiQrRnUptjyOzJQ3aJq1OSAQiu89C6ei7pzBMWzplD9st7bJxxYiWM6Cnan0tM5Pql5LAl8oA6C5Y8qn0ww8MSaXawxGlpKklkYQyVFzAIQDZJHMgu/CIKs0GAIReEgQkcJszuUJ+MDKMOMDusetL0jO0KuIfR6t1QPw6UUdjh7Ngiynm6NupMn9RU82jyhB4I3j42O5V4RsNYPmBjhlEGkMsJ5kwzIBKXbMSKEtfk0OzTiIvPkWmwrosat6XWk6mmfXw33Eqs2pAWCAxvq19ndXVrZHfwMWp9yLioHyrGz/2wE88tdSMdGBC/rVZJGg4/K7RbM0hbOh5gNaVWWU+7o/Rm1Fq12R2GAFwtiieCAGp8kKhTV99AEO7dDTHpkZBl7RBqKC0eDvLjlEf4VUPUMEEwj7yIqBULwMpAHQ3UwBkcb0PtTh78P6S9dYAVR7M3XNXdM8fWYXH34BIgSEIMEoh7QvSJu5MQ4k6Iu7u7uxEC8YQ4MVyX3WXt2Eh3fX+Mn3OW5L7f3FyeszM93dXV3VX1q6rpDgBwJOM6bA75UWgfZIWTDsKUhTeg/rfJg9Aek3y/Wql6hN+jf7tCitAT4OiNdaBfo3m84EsHgIK5Hk6uKJECUZICcmEAEThSGUI8dl3NkcpRF7GWTOuUyds9cv+Dxxx7zAP3P3zj/AEdqqpy+Xynyg777L/3zQtuueWGW7p0675q1Uo9rs294pKdp07jBJaUACiYbuasXl2633zjgsOPPPrjjz6qKE8899yzK5avjmlaPmdoMY0zZEITgv29fDVHPOmU0+qbGo8/4X8nH30cADQ3N3Xu2uHSeZftt9esTCbLNc2wDE2IJYsXv//Be5MnTZ4wbqKtlJKKc4YIH3z4waOPPlKZquBCKNta9sdfP/zwQ92mDW3NbY0NzZ8sXpzNtK3buGHt36uyRnbV8rV/LvujsrJq23FjqiorNjc2csEwT+WJcsY4AGQzufkL5j/y0GPxWBnX9Esuv6p+02Yiuvveu/43+4jPPvmsrbHps0WL33r3vVxbVsQEApiZ3AFHHnbnXbejUgz5rjvutNsuO2tCkySvuPqqr5Z8/8ZbrwGBApK2vWbN6pimAcjGLVua2loPm33EhO0nZO2MLSXXNNs04gl9c+OWZ594fuTI0YOGDnr1g7dsw9bisTjXlVQN6zfnzPzi77/Y0tjY0tyStw0E1rNvj+Ejh+uaJpVSYO+3715tLW2vvfJ6U1Prj8uXPvbEk9XV1T9/97MCedac85vrG8orK/747ff169edc+H5GmdHHXPU0GHDpKKX3njtqsuv7Nyx8/0PPDB6+LD6lgYFMp5MjBw+XActNI0BgJSnTnIqb5NkyDDQ9xFRaUlJNhIpqZTyz3pR5OzP5Jg/zfn0hAnbPvzQfWXx5Clnnduze7dTjz+lT9+eS7799oTjjjVyhs61WFn8/PPOnrnLDKfagf36XF5XR07uhyLfvssb+foNm5JcM5URFzEuhFJkS5uUIlKcccMyjYydbmkzzaxSkoiAkAMzLWPsiFGTRm7rmZjuHsukANzUYggbMaYy85bhgHGFviSikAEWteidBVgoUQn9vUC3Io+ilytDVFB/SREczXDzKys67Sr8bgGY9B5Q+P2Q4RFUU9IRjv4ePm4ThYHZKJ2BVQFRue60F9jYEdno6y3y6/Sso4Jbpa9AUYfa9E1lCoI1LpwO6ixhgwbbPkQ8gwW2N0RywSJHBpGvCd1KMMidDrdFbmPkbFfmgUtn3pFrHPrmuo8snDeDflGQnusb+E475AF+l/nosZVc5OIfeOU8VSriwA6BDxdzusgsHHDymvWgm0OkSwOFXnKeOc4eCkwxDNa9X1/4f31KvBytoC7wGeJpx8BWDSCVC/WRAJB5XQpwvKdVvfHw2B3MC2+eRqeNP9J+uBpDnPTvuFg4nH3nA0HXiUwepR4EDaYIBjW7bMIoBCUKodvQ6LtLx/MkReaGQ3I4GTn8KFQEfJOvSCiFTZ7SpqhPfwk3DvhwHb3xD4QCOHu8kUsYRisr8tqTJ57AW6aBI88rAQAYzTCM+OycIfOnAWJ70c4IRgrd/1eg65v1RRyKVFLgT8To0inZkC9EMSxkPF4WQ6NABYZZFLwB6LPFt6FD2sT94Sma4v4UBprCEf8CqBNIqkL4GiHIL+31t2CU2zOkS9x3JY4768Ili99yRU6I9cW9i+qt0lfRZAixFHwGR/gQzIRofwowuifIoUC/F8L+krz1RhDDHoEwGSG16LzI/DIh/4pfNYTmUgHZW/GnF970+hiZZj7yDDMraCnKsZB3psCh7znvCldTOLfF09Ellw6E4Su4SridgQ+xDj154l9F+w+1b9gUXRQpvfWZB6XdURBdcltrChz/MhEpP9cqVMBbya5h4fIOAQUXDc2NY8aOfujRBzfXNwjO16xb89Gnn5lWvkNlVXVF9ecfL1n40eJ4IjZt+k7Lfvlt5V9/de7cedy247rVdlESgLG0kenTt9+d99yhlNQ10alj57r19cqWDEFwnkimbFuappnPG4l4rFfXnt26dK2uqJTKEoxXlKWGDh06qH8/QSwhdM54XOec81wu99nCJd2799h/n31JgmGZMU0zpETBx4wZM2nKZCDV0LTl5Zdffum5l5Skhvr69es27LP73pOmTrnvgXtOPuY4AFj8zZJzz7tg6pRp8y48N1VWkdD0zc2buWAdyjoa0iAgW8oVq1cPGTzk1ltvbdrS2NravGLlqgceenRzXV3d5rq3Xntj1r77zZ1zXktbWywWq6qq+v33329acOPQIYM6VtTUbdn449JfXnnxtbVrVnXt2mX4sKFfLPnm9x//mDtvXt2GTUpZ8aS+avXaRQu/LK9M/fTrsrq6uqTQ23LZ7n173HzrrcP7DwLBBBNvffDuD198d9UN1/z4yy9nnHFOLJYEwLamVo0w05oGpH1n7p/PW7GULjizTGP89hNuvfOWbh06K2VLsmNcP/qoI3baedfu3botXfrD54u+HDBwUM60jWy6YfMWy7bq/llZ37BFKfXnT79LUE37tCBi3jSW/b5syIChF1924dhRY1at+efiSy4bMXb4maedbliGAQbngogYMqUUAipSrv3DGEfwl5YD59xvjZ0lqpRl2TrXYpommSAgAQqQJElLmibZwLhU1Llbp8oe5S251uZM60Hb7Tt+/JhkLJnJ5ZOpMi2mK1CWabY0t1rKXtewsXvH7psa6jOZrFIqvK5SybK//lx++tnnCg2NfE4T3DIkR8YEl9LK50xd1xVJpun//PHPhMnjTctCIEakMSGYUGSm7Ryg/yETAICSyvENu0raifEi40KLM92UNjhH5biLyhXtni1JYbPdE83BEvWNTcRSQiuQBv6aDv2Bnq1VJIKKpUfYDigqHfYOBi24j4oLF9FG0UdbcY0F6qCIaIrS4N8OzIeQAw48VABh5hTJuILelCLHt+gjrYWxYohp5M9qv6vBoPggLdB8UZqi1n+gfn00GCI8CPYieB4K9E7/COtCdM1ut1oKTOGIaiRvGoJbIFKGXEvfg2rk0U/k7EuOAOimzwbRQfR6RQDO5m/KXwGFw8F8J0thCpw/LUPB0ADze7wOPM+E6B4a5bYS8Sm7b/sL0Zs8Ycb7CAWi8BXBzbP1MJUbf3VoIM+q9zBYaDQLUajr2w5mVcBscqcWen3zgH0wTwsgJIaIDJtBFB4F9A2nCOhyp6vD3ijBvpEcbhpCFRbeRABvQ4nIFQxb8e1QJUEJbxJT2BoruUojtn1ELrnMDPkyvIrCk6Ew4bug8iKii4uHvHLht0KyyE90CVH6H2ID//36d2PPK1YaMvl/RQAwhn4VifQoW/0OExWOfbj5Qrdm6FHhj/98kUuM78rwJoxHDxRBBb9bkeDNVrSAu14LNWZ7bG/3fuR1L9m85JwKtdVe2DlSpvjjxq1Bh9BMoILFEeFloIGCF8OFQz+iu+mGAJlbwH0a0uClZETkx79f//fZUvpCd7ceKnHbb6r4k+atcflflmR7D8N8+X9d1CJke7glQoog8Cn54DXiIHENU389kG//UESohf4Nm6jF4q/UHectAiBSrm3j7rCMhToq0M4u2YqIayKOvDXTNmr4SEWU0pPzb77h7tvvHth/QMfajp061XboXFPfuLlj146mZf70/U8//bx01aoVN95643FHHGdYpqZxoemWsseMHOVsHDdu+DhHfUmwpJKALIZ6XpkHH3pEQo/ddcdNiXjKVIatbIuZM3ebNWXqNIvonUWfrF6+CgHKKpKcsYUffZZrNf7+c/UHn36qpGra0lxZVSE469O35wH77VNV0cEw8rXVHeZeMOe6y698+bWX/3fU/3bYYeqlV17Zu2/fTjVVSkpbyp9+/knX+Z577NaxuqMljd//XPbWO29uP3XyhLGT0tl0VXklIYm4NmL0sMkTxpumqev66jUrv/ji86bGxvc/+mhLa/qhi+Zst+0E27YQGBc8qevlVRWWZQNAa2tba3OrJNWjd590uu3Rp57lRD169/j5jz8ZqaQer6iunrbjjul0urG+aYfJUw3LSiQTjfWNTBe6xgAgJhJf//Ttgqtv6NS50+DhQ3acMuXTjz9EYpZpff/t0huuvYEj0znr27/fKWefus3I4THBzbxlK7NDZbUiqXNNcIYAQmlD+vVXNuw6Y9dFS8aXlVecespp6ZbMKy89zwDqW5r23XOv4cOG33LfHYZtChazLKMsUXbxvLm2bSdjCcMwbrhm/vtvvbP/QQfFIGZJC4Az6UwcEsAYYwDcdR4rkpz5J+JQYDwjkQIAxlljY9NfK/+2bCtvWErZSknBha5rtV06JSsrkZEQYGUsvTL2/uufbqlvHjhooCHzcYyvWbc2n813qKlmgAQsWZXSmOjcoVZnTAhODCQpAEDmbnZr2maXHp0OOvSgzrWdGcBff/956423TN5u4qGzZ5uWuXHThpdfeiOfzZ98+rFDhm7TqUuHTp07GXlDE7qyZEumzVY2kWLInW8MCQiRCS6AQNoyyIwEICRb2fF4PFmWiqod5ygX9BeUu5J945q2Kp68JQ2uLAm+ccTAT+kmjwQqKiLvvcwR3yHg110sKKIHXXh9CEwrX7X4yh688S1EGJFaS+tdTyQ6rCFf8ZdiRMgYx7AE9LcfKLI7fTM+hCZCFXmj50s8j34MVebatKFvKF0ZHN0BAnzvNgIxAERvd2TfdnfNev8TzbDO9sAVAbibcJXoPjLXdeFswOyjCw/9APn1ABADIlAESrqwymefWyOG9tfw+OsGPz1NG+m3y/BQOA7dnHsvpO2miarwhkzOCVYuriA/AINhpeeNiVJIEI39RqFM6GVXcfk+bI7e/mXeaID7EWUJM5MIWKgjBA5cdDOQiww7fxALQ9noTdWIXeKmEXkBRq9JpychMYDeP6SCPzzfhweVvP8P8mkRvCnvYXvfQRB0HH0SneUSsZ0IwEfrzqwLRAKGNqcKGQXoHHQFhD6SB/TRbJBjGwxX+Hcg4dAVYU4fg3XpERZadUXGX5jHHjv9GC+EniNAtLR/u3AubB0YBnZYqIooReGqQrI0FFohcKFRiSCBHzUqDGp5xP3bVRAULVmgZPgUCgkpQUD4ZiimFJ6r7o3S1EbjXcU0k99Eqde9sGEpzkDAuuCG91ZJJODKyuAbbipSisEM9ZmD7YFBfzkVTFK/aX8ehAq4cqOYvkIoXUi6O/k96kM5ij45vsvKKxsG3u15Ady2PX1atBiKHSvBv0X1+32IzAoP6UU6hKHsgOiSiTQBno8ydDNwN4RJjHayOGYORVfBRIeI09E3q7yivhiEIEW2vZkWDpm6KrlorUVeLGB74Z9uq+FZWNCuCI9FxGcfWljthfUjbRYQWlwwMpvR/1HSL1Lcom9Xeao7MI686QPhmYWA5GwBa1qWaSFiXpICSunJTp06j5u87VWXXTl85PDqRMU999/71JNPX3DF3N13nREH/blXXr7u+ms1Lca4YMK2bFOaxDm3AATjCpUhzGV/LVv2+29jRowZ2Ld/Ops1uUUgFShbWulMGpBZlqXrumlaVanK2ooO1913+6033t6hvDqma3kzL5ALFLF4bOHHn3z0yfu2lCAhmYg31m+ZuN246+dfW1VWrWwFwHSuSSmz2Wy2LQ2Md+/RtVNVDSpmSOPZV1++5aa7p++yy+Qpk5VS9Vuabr3nrr9+/eOAffYnlI7ZpGyZzeRk3gaAjJEROq9r3JzJ5Fet2bB8zfoxY0eOGDlSKZnJ5wXnSZ7Im/l0NiM0wQFrqqsP3n+/2QccBADrNq+/7Jprhwzod/pppyR5CryJnctl6jdv/uWXX+ZceoFlqxUrV6z65+/tpkzqVFFLRP+s+WfenHnrVq8fMmJoTNOSoPfo3E1wrjMtk8vmrCzjWiKW3NKcIR0G9eqTzaZ11JBhhrIIYORybYZpSau5pSWmpQb2G5SgeFnHVHO6pSWdbmtt3bilvqa8MpvPm5bZ1tZq5g0CsJjFkNlEHAQyiKH24NMPvvD8S9fdcv3MWTOefPbJ75f+CogaR8E4Ci6ESMVTRMoi1ZZu6dev3+zZs5PxuJKK0M1ZdQ6OlagAQI8nvvvm/Rm77JXNtSkgJSUqEpwxzi6++rLjjz2ecTSsbCpRZqj8008/M7BfnyGDB2sozJz5/gcfJJKp2qpOBGhL9d7r7yb0RDrTWllV/fPPP+XTeWm7sNiZyGbe7Nih03577tWnV0+l5LpN6x6+74Hd95x57DFHW5apaXrd2rV/rli1x6wZQwYMyOQyJkpL2TWJqg8/++DGm27ZuHEzZ5wAOQAQSVJC8JieQIRMLmvbNhOMc86BxROJpsbNO+w67ZK5l3Sr7ZaxM5xxRb7SCxYYBZ+ARSytqDEedSf6MMlboBGDy7fvPZ0akixhQRqEcJ1nENTkaYWCqwA3YkBhVAgWySoqcTuQ5KGn5G5TujVjK0J2IC5DBiWSw+cCM7VY+EfIKCjlmCgFusmp0LPBXGuSwDmnFsDBVM42bo5YZcAYcQ6I6OzM67mK3U2gHUtCEUkJ7ix1qnK23/LwJ2O+IHcibUSokBPnyDgx4U4FIg4KiMg9fYoYERApJx5INjIA6TiBlEMk+V0iDKlej6Hk1KBcCF16PFykDeh+venxkwECcOd0IwQg4ACKO9nwkYF0ambof8fpnbvk7EkX9DwybADAmJNgDxja99gdQAYIgNKfoP6kcZW4aw8QON+fhjW9AvDOXXK5gyFNiOhnOrjdd75ixXD9AICgbFIKlPLWJzkHPbkTKwBcAWbz+hkKj5I3lxgCMXfmMO9Qa/LkBjEAAKXIqd0xQxEBmfNxACAAc0Es+saIx0oHbIP7uQG5CXHk2gXuQDmmmE8AovMbgVA5Y6o8brh8i8ZUg+ELDYV/I8q+AnESSL/SGLGwiH+vlOQpfcd/3XsYmE/+rQLsBIBhtF/wVqmr/WaDyv9jPDPUYqGoLmlbtmdwkv/1WnArjP1DUegSwA9KPGoffLqvlOof/svzgP6SHG7vLe9pxI3puefcaRLRrcWQMGwBl8o69FlUjNjDVnd7Qx9QHnk9kCLtdSzcbsgKCBoqSCT5T5eT2RUhduusLSxabAqU6l3pSqhAhvoiqOTrJUDSv9HqXWGlvzVHT/HYRWVVlJwSyMv5EV5E/4G4dtxgVPgnlfq41zl/pWRjvtgPW31FHilPd0TeK11TiIfgfVMRwe3tXeR1xw24BlfIsPXacn8oUoxY3jYfefLxJZ8uqS4rSySTO+w0bfZ+B1dXVtVvrn/+uee//uqrRDL2xZIvGhobFn20cNXy5XE9tuzXPznnsWSKAZjSfOr555Z8/kVVdVUqoU+eOmWnabtU6YlcLnfDbbdNGjfhxiuvS8USUirFUBFJBOQa59y2bFRIBIxjzsqvXrF65LDhV118cW1thw2bNqYSiQ8+/Oill1/bZ+beu83YVSk7mUgKIa66Zv66tWtAEeeMpFQIQug2k8v+/pMY+2LJkiOPPObyy67efvKEW2677dZb71CK1dc3ffbp58DplgU3ffjepzfcfH3/fgNaMy2cc4fPSimJpJRKiiRJkFKZpoXcHj1iVN8+ffNG1sxRZXm1pSQicsYJSAjNsctWb1y77LdlrS1Nv/y27IPX39k4Zlif3j3jiWRzc0tLS0vfnj1qO9euWrOmfkt9Q8NmKfG+++7/8ovPn3zyqdryDi2Z1vsfeOCrL7+esfv0NWvXmLksILTmWyrj5WnLfuqpZ42cmrjt+E11dUyPPfbwM7vuPMNW0lIKAZjObNt+8pkXXnnpVSBKp9vGjh13+513oq2QUc7IbdmyRReJWDIpOFNKGXlDMeBMIEnOuK2kUopxntCS73zy3tVXXjt95qwj/3dMc/PGX3777e+//0TOEUBaFiIS4R+//qrH4p27dmncsnnkqFEH7n9AKp5QpBT4+JMYgCQJALZt1HasPenkUyUYlmWRGzaFTEvrsGHbIAOpJAHThX7LbXf++MNP82+c37N7t3vvf+DHpT+9/NIr5591fteuXZHM8duOefvdtz9Y+IkCJZBrmq5pOijPAYWOxQaZTPa7n354+OnHNm1YL/NmQ0PDZ58u7NK1y/oN6+vq1n/93bfNTdlHn3iiY221aZuz9tqzf7++Flm9evXZfbdZjQ2NKDQGXDC0bSOZSuVzxoP33Nu7d5+DDjwYBGTSOcu0FNipVCrXlunZtyfjjMAJOjmrNggpOMa/dL/Pc3BLyNQBzzIE3/YDDG1+UgCuosu7SD2X8hyHLDaXSSUkh+eOhRAZJeVJUH+kCIZqdzvuFSEPCXidxVAlfqHQNzkhUosooGi/Cbzd1TyBTkEPfUThaImw8Yteq6FOF7bnvQSEjMgxZIhIOZaoBCDGnGxsZEw5Gz4jIgBD5o62Y767Z+sqIMlQMEFK2kTgpozbEok456BIKgqHXQlAAShAQg7IPWSIiMQIGCIwJ7mAkQN+kBQpIGSKAAicNQakiJEfMnYHyoN7DEE5RyejQzZRKOncYRkDQm9wGEPGXVjrfLTMGRABMWJecFg5aJIDet+CemE5YIwAkDEgJykHkcA9gCmgyc1YJgTnVGeXBmABB1yMjIgASpJFLob3hh1K+CU87M0RhQApFdlAEPbKA3n8dYbfiZd62My1hLzZxZABR5CSJAdGiqQzxZ39cCJn/4Fr8IEi5Ax1jUgpi8Db7sibvQyZAmIuGeA6L4CIMQ4MSEmSyuEFMCJQQAy5QFIOlgRAYB5E9mc9usFQUtLtl3db+ee9uqzy/FFOs47rhLmBd8f8ZQiADJRSBIDMmwgE4BynFWKgt+B8L4BrdPiGZoBfA3lBFLHhnOUX8Y77G2QG2eSe1IqkWv6Lgeqtf/QhCoWILCrtmkphM640BA3HhULCNLAIfc9UNLbjg7+IIR6JqJXuUURgFsnt0vd9ozAsiktIvwgaDEqGMziC+or0SoGcL0VtcSw3wHLkxZEw3NBWh7Wg92Gyou+VRvIlBjPUa4zwJAjKld47KhK1i3CmkCOlu0IYKOuo4g5xmEL/Boa8s59MZFe3cBAv8q6/Nr2fflXo9c6vN0IeBHM13J3CAFhoPocWsbsughsYGhJP9ZeYuOHZ4v8oGfls59yUwqEpNaAF/HTVBpYYCIDIpPUhaIlqKTI53BbCSfuBleTZUGEaQs4jpxoR7pXXQJi7kdVVzKNIVN2TT8Fa8SuOeCkKu11AQ3vhVqKgQk+dRpMxQkKQiBC5bZtr1qxubWlW0lr06mumZR249362rdat2vBJ/tP+AwdUVKT+/HvFmpVrn33i2c5dO/Xo3mPdmvXrNm3IZ/NOT5obGjbX1bW1tX77zRd1mzdN2nYyJMomj5lwwB57PffiS59+8dk+u+1p5E3gCgGc7/cUkM0UQyVBKSQFJA2ruqqmd7++3Ws79erVO6bpy/740zTsEaOGz9hpFyklEHDBJ0+e9OrrG1EwAKaUtCWlRNmq9Wt+/OlXpXDAoG3+WLb8gUfu7dS16ovPP2/d0jBs5NgVq/4+57xzmxqb6zfV/e/4Iw+ffVjezDluXeebRs74X3/89eyLL9TX1+kJvX5TI+di0MBBxx93TEzXnnzqyVdfe/2ay6+ZPGE7l3GM4noMAHTBN7Q23/Pgg4s+XqTyMplKblxfv+CG25Yv/2fQoAGVldWjxoyaOWt3rmmZtGHmLSD86cefunTqPmBA/4zMEkKiMrnfIQccfPChF50/x7IsAohxLaEll638e+Fniw//3+H5XIYltCOOPvLMM8748sslu24/rSWdZgwVSBQ4YviwdavW5S3j56U/NdQ3rlq3+usvvmqs36zr2uYNm5OJsldffIEhNDY0tLa0bd5Q/+orLzW2NGwzbPi247YVTGiEz7/+8rwL5po5c+TwoUmIU1mni+bOA0LFSAjOFNN1wZh2xOwjyioq5lx4oW3mY3G9vLzCVlIBKVIKlbsUXSsHMrlczz69zznzlMqKStu2CUgy6ZjsedvM2YZt2ZXJikWLF99x6+2HH374fnvtqUjmzNx3S3+YMG786Wee9teKv7JG/pZbb924aUMmnbGUJW2lCd027f4D+lvS5og2AgAopWIxPabHJalvv1/a3NAipf3dN9+vWLumbmM9KcynM9K0n3/yhURlss/A3ttP20mgljetAb0Hnnf64OIVBABvv/X25GlTLrnggoK15SyaHOTzyhRcOJLf8xS5lpFnW5N7uZ/Ghpc1IUTiTv6C9Kw7ACj65CpS1FvppZ670szDwMVqMGLileohhIR/obYutDtKoEdvDxtHwLQvpkJS21ckXsOegHbZWmBQeA1GSPMsP8+uLiVhw1VRiFsBVYiEzDkX2LWtyYk4MSfaiYDIvcRJxjkikAJywlBE4PitiVApiSwHoDEOSrqOGiDQeJYYIGgIQApJOQgLAZnQWEwDjYNz4Ixn0KMCaUniOmNcSZs4Q0WMFAqmkCtpAyhEAgUS0NkWi4iQMZcb6HKSISIjBAak8pIASCAwRYQIhAy8zX4RgTHGkAQzGQgbGBAokqBsxjQCRkjISQGSAuZEhxU4wh2AgAE6pxQTMLBjOrcl5fLkyH1EB7owF0WQN54OlCObC65rTElJxJgAZK6zhlTeMEDJuKa7rygC5X4C4HwK4NEfON2llIYtY/GYpqSybMcuC8YbveQxxggYABJDQO6DYgWAQBxRMjAsU0jFNa60hLA0ZRrSshkR81a9Cju5FTGGeUvmTDOmx2Kck/LwpwJAAlAMOPpgB9E7SpksQkmkCQHSJCBgDEEBMNA0kwESF7ZUJBkiAid/wyhvBtuaIMGBpFIAjDiRimnEODNyREicAzCuFAYrAME1uRwClfO5Ldi2wZgplY7EAQmU4/hDpRiQO9Wj697hZ9j2DEyN4IYjLQGCUXIZg/56jbziLkyXXm/dF8o+h34qfuAzBgqfRakqlGKBWI7u1haiJ1J/hJKASM/cdN/CAiM+hDxDtQddLGlMFmO5SGQmZL+St2tTSbI9jNwO4Cn9dykM5euZoveKMWfRq56UClddahAL47GFusO3qwtpLNofxy0SMZVLgfatXwHPS+riUtq58AqmSEA1FuQKhQLXfpmgC4F3wbsXZXsRRIziLt8TEno30okQxitBvrcdF4vO6hJDT9FOurREh6nUoi6+GcZZ6A0tFlFYgEIL+9XO6ISWCqD/+UopS6y09z/s3HSwFxWuDQybg0VLK7wM/dqK9h+KvuND0PaKRGO1COE+UaRcwXxot8L2JzdReF2FvLnBgISpApvsZDx5/rlnx0W8tbnl1FNPK0ukNKaZVq57j67333Pv1EmTAeCxJx+/7tr5F158wezZsxM89vb778275BIjnwOAskT5GWedfcGcuVuam044/n9mzkYCCYQKjj/y2E8//eyRhx8bPXxMnx49MmaGcwQESUqhstFGZBKlhZZFNmfsn7/+fv7FVzp1qM7k08lU4ptvfiDCDz/4RBoW5yyRTJZXlP3w/XfJeEIwnfmdBfjjjz9+/eWX8oqKQw87OFlZ/tab7+ZzxomnnThh0uSDDjuAQC64/qbXXn37jDNOu+zKi9taWh589JXe/XrtuuOOCKBI6Zq+fv2Gu+67f/PGTQDEmSgvq6iqqelcUUugRo0cfcOC2xfcfPMrzz7PGDMt08zbMT3hDMTQAYPvvOXmRx5/9NOPPrv66qt3nDrliaefunH+jY8/+nj/AQNsKx/TEn/89ceSJYvTmTZGWLdx3fQjjoyD1mi36bHYgQcfKE2rvqExbecBmASKaXFL2s+8+FIqkTr3rNPPP/88kvZOUyduM7Dfww88vsOUyUJjNilkyBlOmTJpx+23b2itv/zSq1u3pKVhfv7J519//a2Vt+o2b+IMr7zqak0wXSSyOWPpD0t/PmspMJw+a9aYUaM40H1PP3rVFddM3HbbtWvXZXNZxpgAUZ2o0pgABgAolSSlOBOIDIEN6NMnqcUUyJyybGUrIAmKQPlxFPfQPkATrNZcm0GmNCQwsHWlnMNLOWfABAEHSiQS8y69+JCD9+1QXiXBmnfmBWeedDoTPIb6DtsfPWufPa67/IqetV2KJYApbeTciYxYplXTqcOkbbfdd9asqy+9/Kuvvjrq0COvuuqKg2YfXN+wORbXzzn13Ma6hitvuGLw0MGaiOlcsyyLERp5I6tM4lQer1j05ZK2XHrS+Ik1ZVVpIyNJpduy2XyG63pDU9Pvf/zerUun3j1625bFOBO6YP55CZ7J5OgO8lyMRASo3NxkKpSzkV/FS9lTjVsRKUHZ8JaGHmLxk/CpUOsWtFOi8Xbk7dYIKNa15P/j1fgvYYeSpHic8+0KoogYBT/w4QthtwkMtist2RmHT4W6gwDQRCIm4pypnHTqJ02TiKQsj8eIQAgcOUOOgnO0bOd7e4YAOgdAIoVa/ItPPnr2+ZdPP/GkbYYPsfN5ZZEoq1i/Yf21N90yaduJB++3b0yLK2mTVFLaHLG5tbWptcUC0nTd2R8rXpa0laxMVbRuqf/+59/HThjfrVu3bD6PRAlNW7hocS6XmzRmZHkipZSJJFETqGnuJ3yCAwABSlsSgpXLSdNIp9P5nLFm06ZPPl88qHef/ffeqzyRkEaeMw6EiKgYI8bJlrxDxU/fffPUMy8dtM/eE3eYAG9AkL8MpH7++puX3nxv35kzx0/bXpoGQ0QFoBQiOOATARSiAgaIyjL0ZGJLQ8PzDz/Vt0/vmbOm260typKEDJAxVETI/O1zGVNSoeBcj7352puNzc1Hn3AcMLQsxXWupB1LJDavX3fd9Tf27NLjvMvnmI3N3D0jyQnEKWfMFaFiQIwpApIyWV721x9/3X7PvRMnjD/qkAOlIpQWIPqbEjIg4NwRXISgOALjhNxZx0qRLaVgyBh89N7HL7319gXnnCWl9eIrb+4wZdKUKROVTKO0nXxZiQiMESIwIAkMgTT+69Ifr73rru3GTjrtuCM1XUMlERkwcl0YjIETqWbuVEZdEMN3X3/9vQ8+OvKI2ZMmjJeG6fo/NLZi5T/zb1wwadykww89VMRjoIgUASpAb1diKTGmv/zcc/lM/oDZhykh0CY9rv34zbdLFi/Zd/99O/foYQMyxoRErhT3bAPHEGQAyAUwAiUBAOL8hmuv//LbpRefdcbU7acqZTMg4BooWxpWOMThSAFvffqRyqg5GCpaOq7VjgQo+bSoIHr//QfgQH5Z583wW8XQ+T/QFi34XxoHKIVPMFKkvTb9EE3EhRfKqSm0vEvRVABLQo4CLC2fS15FxYJcVgwR8P/n8uBVQZwtTKMn64MIqu8KgcAs973A/yfl1g5RoZrD/oUSJcPx7RKPS9+OaPBooTCH/eBbMW1e9Z4e3ho0KY0tIdy1aNy+uMnA3xyh1fsKtIS/u8TsDtFdGvGW8sWE2vLKbH3WlTCIivlDRT+iZPyXie0usVLW0X+80Ev2ds7/9OYzhM0pCAe7fc9TZG0XelbcYd2KbVmIFKOVtJd94b1AAO63Uv5/AEC+negxzwmPSCIAiieS5aK8qb4p3Za186aUtoZ6U0PjQw8//MFH71dWVfzz1wpdiFX/rHrxpRcB4YdvfrCMvBYXAKCU4sCYhPKyVDyZVDYBAAdsybX16Nb9jJNO+uDjT9bVre/dvTuRBCLOEBElESkCThKkTbZlm4zzlStX3X3XXRyBOAkthjaXtlq8aMmiRYticV5RURZPlv/x65/jxozUhUAARTIVL29sanrplVdimujVt0dzc/MhRxycN7PIxN677z1z+h7pbNuTzz29cOHCffeZOW/ehTFdv+buu++47e7r51+7x/TdTMtEhLxpbL/91Jefe2b1mrWmbX311Vf33n9/urUNEPJmboeJ21971eXzLr74uVdfPGz/g3OGYRr5VCoJAEoBAdZU1lSWV8VisZ49umyu2/zr739YtmWT2drUTKB4haiprjHyxldff2OZhpEzd91xp6zKKVI2WD279mCcLV+1Bhla0kLAhJb8cdnPzzzxxLy5l1bEYuvXb6iq6FAeTx5w4AFzzp339NPPH3vUEU35NsYYAGWNLILKZbKtLS3IxDYDB5134Tmb1m388aefr7jquuNPOHrmrFmcMY78wrkXScu+5NK5FTU1VdVVKT31z4rl993/4MCB/a6//prTTz29LZNBAFBg2pYU0knuIpskyiTTgci2LENaKMi2pfMtkeMGV0Tg7ruMTiCCAXBEzoSma0wxxhgXUnHXVYYETGi2bY8fNXbcNiO2tDT+8OdPMV1Lxcs0oZfHUq989NaG9etam5vX1K1XSqXbMpJsItI0oUh2qK7pVNOFoeszBVuZrbllf//ZnGvhIP7668/WlubVa1fVb94U15L1mzcsX/53ts1sam5rbmndtGkT56J/n37JeMrxHlYmqlZsWHPGWefOmLHrrtvvzBhjnCECcmRMxJhmWta5557fr2/vR+5/sLqyKpPPoZc1VyAuvCXosMXB5YGLJFQIw2628LIPL3ivvAfbQnKgKKnHt1wc1BqR7p6YjiSS+HrJFwouboPAIRv4F4vbwqDy0LPSLtLI357oKZD4rkANfJtBeQoBxZDNEWk9dOydv+sdemA3YETwri8B3X4CECgCEdfffO31xV99c+4Zp/Xp28dOp5HxH5b++Pk337S2NJu2SUqRbxogs017h8mTZu2ztxCClDTzRuP6za3pTFNzS7Is/s7CRS+/+9HU7bev6VJrGUY+nxdC+3Dxkrc+WhyPlU8YP1bTYtIyQKkONdXlidT9jz786PMvmjYk4jEEFJyVJcstZZ598skzd9353kce7vHuO9dde01ZRaWIxdatWX3BvMuG9hs4dtjwijIu81LTtc319V///EtbaxuZlmXm09mcKWVbNpvPZ+s2bthQV1+/pTWdyxkSWtP5vXeeuvOUKVU9eztpnu6nngyBobSVxsQ/K1Y//dob48aNmsimAMaa0tmX3ny/f/8B46dtLx11woJDKhwE46gbLxsYuaYv/vzLO+9+MC5wh2mTpS1BSYagpGLONnmeRiIgW9q8rGrTli3zLr5Wgjjh7NMsuxWkVNIGzltyuU8XfTF+zBgAroCQc1SEjEgSIENw85+Rc2SMFBEpUrKiuqpuS9OFl1zVtVPX3XfbKdvULLjzzTYwQODcVemOr5oxEsxdFuj4qRE5AqjfVv7z8eIvzj7zdCD1+rvvPvPCS+eec+YRB+0jFUnDZAhKcIrFlJLEEBUoxoQW0ysq19U1PPL8czN2mzZkmyEybQuNExEwlFwIwbhUChCQMQTUue0kvMYSb7z1YbKicuyEiaRrAlEBy+Wzj774/DMvvz9m7HaQipmEgnNm2s6kJkSQxACkad5+z709evY98OijlGUi56ysrK655coFNyNPnHTOKUSgFBEjQO5+met+/ImELJ/N2mBblimElm5re/GNjyWHipqaNqWsTFYZpiTQuSiP6+H16YaRfQMfg5AsFcoLb8X5IqBE4MgtGA7ceZnCEP6H/LY8CO2uzK1enpBEaEecQvSmkz/g01MyrhISVwU1tU9Mcawp7EvzLcuSkjbyli/DirJ8w00gFDg0fXTqZ7hEdM2/ej/Jc/UBQjRSVPLFErG1MFIq6p0vSQoKOCMe7kbBa+23Eh6lCB+KjfbiStp9+n9CF6W6WYDVHbAdpGUW0OtZGVEHSQkKvcngaXQMvR5uPfIYwPseASF4FmrWc914ayQcz/cMsihwdQ2gEGQCz8GCUYaEoVqpSVwyqOsTA+EfJcFqkQsjxIWideGR6nWQ2ss4cF4pOUMc7z/6DPFkTqgxvw9FLYaaE5FS/yLfgj6Ust78Vshj3f8FTPv1hKRnQauON9hDnj5nQ2PryjdF7rYYpIBMUEqATcQIuMYJADlmsvlFiz6vqqosLy9TNm1paX7uhefKK8p1oTU3NOVkXhOCgJgCBQoY6KgxxlFHzhkACCZM29pn371nzNxNEVnKIAClpCY0BGAKuGSMoWsoAqUzbUOHD7nmyssG9u+TzmaQwVNPvvDyS28cc+wRRxxxaCIWTyYSNRUdLrr8kkWLPndsak2PxfTYPQ898PPPP1980cVPP/3ssj+Wda/petD+B6aS5SvXr/36u+9fefnFL5Z8efRRR519xik1lTV3P3z3HXfec9hhhx11+BGZbDam65wLFExwHtdifbv2iJclYwxeev1lEgwAbKlM2zxonwO+W7p03sWXjhs3TnBdWbKiMgUAuhaTtnz+9Zduv/3OdHP2lNPOymTSP3//C5C64MJ5NTUdKqrKzz3/nF7devbp2+/RR56wUe67/36TJ0/ekm0CoWzbJgVxFkdCztBWNgfY2LD5mvnzBw4adNwRszc2bOAMuM4Qca99dl/8+ZIFNywYP37s6G1GNlutDDlnxLgQQrckxISmlOrTvevAXr1/+OUHhmyPffadNnGCAmXmrerqimSibObMmWSRUmBbVpduXa+ff11FWWLQoEESlODMmZeMM8YYcERA4q6DXhOCCBhjiIwxbzU6KwUUEKBi3GZOYpdr3gEAAyUUoYttGCAjZMAlyQqt7L3PPr78yuvqmhqFQiGUZUlUEE+lmptaYsnkm2+89eFHHylSttOQJE0Iy7bGjBxx8403D+7b3zJNAJBEv/z2ywnHHduabrMMK5s1uVLXXDX/3vse7N2359pVK5saslq84uyz5iTKYitXrxo7dtRdt98xZODgTCaNyIjolptu3tLQuPdeeyT0GClCBMYBAQXnpi37dul++CGHzL/hhjffevuY2UdyxsAJbXp7DCG42X/+qiZHJKFrYZP6T0oqXOQ/yJjCN320VQDuMPI/BU25msETgxh9Gn4h+IgAi6grgpOegin2xf7fOgYRLRGmMdwHrzWvGJV6HCU3ogbJRZMMiLPu3bp9vvjzZX8su/PGGwePGKpMe/nKVV9/+b0CRUig3LNJEDgpamlp7VBZtevuu3HGibHffvnlxhtu/nP16kzO6tKj06o1G9taMmeff2l1Rapnjy6ZtmxTJtPYnM6Y1hMvvPr+Bx/FdZ5taRszYsR111/ZobZ2/332ydjm8y+/ucvUKWNGD2/NpB954vlBffuNHLJNx169Tjju6HPPv2iH19+efeRsZOzBhx8xzfwRRx7SqUONkctKpeJ6fNPmhscfeWZDQ71t2rZS8bJk3ZbmdWvXda6pmr7z1G3HbwcKO9d2HDywd88e3TpVV1emyu1chiMyAuBInBHjxLizM2sykajt0EHjAogASdO0muqKmCbAQes+8kHnszoFijgCRwWISjDKpKuqqq66au68eZced9LZN1x16UGH7GNkMkwBcASOIJ3PFIlIgRBCF6DohNOO37R53ZNPPj5x8sRRE8dbmVYlbQBKJOK1tTXxeBwAgDFgPNjiUgExZXO0kBFjiAw4gCaabdm5b58zzzztlz///OrnH3bae/e84Ho8ToDOMkdkmiJUkiEqwRXnrnWLzOmcEISANvJOHTrEY1r9ls1TJ0988bnH7n3g4Ysvu5QpddShB+ZNSwj22+9/vvrhRwpUpq01pseTybJUMgHIOnfuvH7Tr9fefPvQgYOVZSRiwjBMwzIQsGeXLgcecEDHLl0U50zXl/3861vvfdqpa8dcPrfN0GFffvPd3LkXlpWVxbUEkbmxbtM7H3w5eOTonMIbb74tn07P3Hn6dlOmkGUrAsUZSKnHYz9++cWGhqZTzjibaULnjABs2951+k4z99jl1fdfPe6M4xKV1SQlA4UIKCVkTUJUyBRRLJG8/qrL3/ngo5qKyuqONUzo6ZZMZW31/Fvv2Li+3swbqary3377c8ZuM2+bP69caFJKplxXnHcGYpGh7KQsUGDqRpbkfzHdfTu06AUsvOFaPEWr3bVRPZO4va/F3BraI6pk4NF1oPyfBdt/YkBY2LqwGdxPN4oT/7aKdUvd844c8/+E0Fe6//EK3Av/DyyAsBgufhJyQBShkoIKisjaetAJt/pn6SucSfRf8pLCb7ZzH4pN+lBbEGQz+Vk+oVyn9qJc4entLpCSox9g+ygaKoh9oZvSvbVwWbgtX9EHtTgzhLw0j/8wu0qG1v7VhPo/DYo/Z6M8LHJFART0yCOmoHCxUeQXbZeCAhPFh71F3xgX5N+i/0+p5gLZBP4i99z1QYFwdUGu2NZqK4iBlFyKFMis4BisAr8DueDTNYyd9EDX4UKUN0ySoKGQZA0Y3P/GBTeO33Z8IqY//sTjt99x5yXz5u2yy/REeeKVF1689fZbpSkJwLYtpWziinFhWbayJEiHbEZASqoEj0mplE2CcYZoSwJAIESJyAFQKVIEikwrEUt16ti5tqZjMpFMJOMdqspJyW49uvbu0ktKBUCGYSAqRRbnggCSqcSmhs1vvP3O8OEj99pnr7vuvTdeFgOAjhXVq9aumXfF5R9+tHD3Gbs89NB906ZOBRsefeqRq6+8duZuM6+4/PKqqvK2XDrBE0gAUpmmzRhryWZ4XJhSKltJSwIAEjPyRlmq7LQTT1Qk12/aKIBL2y5LpQBAkm3bMpNOD+jfr0OHDhy44DoXWlwXPXv0YQxsKbfUN/fp1XvG7tMffvixHr177bvHPpY0BWfAmCktIEDGkCFZMqXFs2b+lltvXfjewocfeyCbzYKEmuoOlmVks1ml1PEnnvjnsmXXzp9/+603V1dUmdJixIAUgsq15SxQkogz8dfK5c8+8+LYCeMHDujTbLSBUmQj45yUzOTTygJGnAmM6fGZ02fYJLO5nC2JFCp3YFypr4CYNzmZG2Ug5YYrvMnk2h2EhExxlBwATNtkzoxCUIwYKkRAQEbIkTFAYNwCs1fvXiefdEI8petC48S5YI2NzQtuvCnbmkkl4qCwpkPHw484rCJR2ZpNx3QWT6Q0oSVT8cqK8ryRd1bHyg1rJ02ddOH55ze2ps847fRJU0eddeaZ0jKffOaZ5596arsJ291821ldunT64qsvF33xVfdevffafVanDrWmkc+b+S7VXT5ZsuilF1486sijJ4/bzlAmI3e7FCBCZFJahqlOO+nkTz/5+Nabbpm07cTBgwdlchlNaArAQ5iOeHXOhnB3gwmCQCVcnp4p4QUmvZSIQK6EJEbYQRgVhdHUscC4I//Lisg2ACGp4pUOR1mjOxYUO+HCGUFuy5GnIcvTiY2TNzFKxmzD9qR7WkO0b36forgcPUEX6XSoc8HbfsgkVCogxZ29IUGPDExryk7Tnn/mqRNPOOWQI49/4sH7Rk0ef+DBB+2z774AhJw5Z1MAIucCGRKRtC3OuGVYRLJX734nn3bauvqNtoJhwwZ/vGThXbc/ss+sWRPGjOreo3NTU3NTW1vOyj/17Kt9evSZMW1SVWVZWSLZq1ePrt265NPpbcaN3z+Xf/+9Tw4/4IApM3YFgM8XfTl92vbDJ4whK7fPrD2eevTZ3//6PU/2719/+eZb7xx08EGTp00mZRMozpiVzQweMGj+tVcZys5mM3Fd29LWfOFl12/e0HDXzQv2P/wgAARFuWyrknmOjFnALBskuc4i5CweY0JIIttwuIZ5w7AsCwiAlFJKWRY5yZkKAJFpHBQpJ4ZnKcXB5kDSJsdjxJjd2taz34A5F543+/CTPl74+R77757LG6gUj+mInGtMKAaWBVzZprFx7camdFuPnt122GHnb37847133+vatUPesLt06ugQ43w/CwDAGHDuSiGleELLG9aLz7z4ytvvlpWVcyRknLiwkHXqVtvYsKUtnft0yZctcy5sqKtPpspMS5rSzKYzvbt0PfaoI0ZO3LalseG1l19d8s0PQhNAFhdOXo8tLckRhRb/a/mK5qbW+Tfe0a9fr86danUtVlHd4c57Hhw/ctQ2wwZZpvHDL8uuW3BD3z5DOtZUZjJZi2Quawg9hhorL6/4+offvvnxV4E8wZlpWslUoqm52WxtG9Bv4PS9eynbVlx8v3TpE8+/3q1X504dqwYN6GtYuaam1t//XvH5R19M2G7bceOGTxg7EkH8tPTHTNbINDUP7D1g4qTtlGUphlIxrmmWpPl33j1q9OjuXTvec9ttMT1uW7YmxOAhAwcNHfHlt0tvu+Ouvt17GtKylcxn0tuNGjd+ynYggRCVUqCxZf8styB27gUXVFaltFg8l80TsqbGxi0NzYlkfED/3qefdcGqNassZSuMSVCIRJKQATB09xP2g5+RBY6efPOEHLl4BwJrO1idbuwL2/0GAf3FHRZwpU2yiFgqMM8KgpkROy1oKCC8AIKGr0DWhIFBKCLUnhAMWota/kXdCMBYQVTQF7AR+j297IpLDPM4CH4GlYcrjmiLgIKwlPfVQUlqnRI+XoqGfLzN53yl4+Fef5aEA2lRboV+BFozpMtKxQD9V9oJzJYi3uts8cQIF/F65Dbhj0pQb/uWvV+HD5ajbRWOQkRjer0rGPFIjlPBj4Ju+ueGOJwJYZOAeO83htqKYDav9WBShOqPXv6SdQ+qi1DlTkYv1Sm0U0/BFQpORgyYkqMYNjwi8VIonObthI4jsKtgLkEIrxYHaz2h4RFZehqEqIg+L5ATBfgz8lrYIiywtAqFXahcuCkIpkhBxwqm+7+eYeD85ysB5iff+s07+YDeDTdEg4AoFShiAFzjsbI4ckRCLkRM6Ck9BgRmPm3bVoeOHasrKppzzZvq1jGgiqpKBsgABePOxnkxIRRnIqYpoLzM60zXNLbszz8++WRRzjQryxP/LFsxfMwYRERQiktinIgYAJASCf2fFcuvu+kWZGBY6URcr9/YyHX9ldffW/bnXwSk66IsVfbxRx9p8aQlFQBZtgXI9tp7z2369xdC6ImEVAAAXIgvf/x27cYNN908/7AD908wbfPmzfc9eP9td9298y4zbltwY6fOta3ZtBAcERhnmsYtGwCgsiqlCT2hJ7jGnVXAGQNkeSPXt1fvW26YH2OJ1z94NZGK13buAKCktBPx+BknnnjGiScBMJ3FNm7eeOTRxzQ3t9xzxx319RtyyujSsYs07EQytaWhca999hw7ZXQmk29oq0+WJVPxchssREAkEY9v2txwwbw5r7z02u57z3z5ldceffRRXdd++O5HI2/td+iBTY1b9t53vwsvnXvMUUedadO9D9xTridyRoYBJPR4Mhk3TZXQ42vWrJg75+L1a+ovuujiyupyqSxN0wB5IpkyTFNomkTJFANGNtlN2RxDZMBCJ+t5LjdEIHB2GAIAJhgy/3AA8N2xHBiQe/qlYkoxCQBk2+75hc5+/szZrhE5ukcHcMbzUm7TZ8DQPsEOQFLKG++8jcf4kbNnv/ve27P2nPnTz7/8+tPP1115VZfOXcJT3ZRGNp+Lx+MbGjevXrNy3kVzJ0/YTuPafSOGjJ8yYerECal4fKcdp6xc8U+Pvr2nTprEhXro4YdsM3/pJfO2GzfRMoycka8sqzRtc/6CG7r26nn88ccKwdtyubJEGUpknAFnRBQToindUlNeffmllxxwyOwnXnj26ksui+kxS1roHl3l/F8gMJwzGb0VWbREg4XviY7gzUCkRgVQKAUFiu0nAghtoevZF+FXCzSlD+t8kRxpLiSM25M5xXaUZ+SEZXFxnwtbCHGAisiMqNMoUA3chR4c9bfFDCsVCDgUzmdyVCH5b3uEMlQARlPLwMGDHrzvnrmXXPvjL7+MmjBGiwstpYNlAxEgAyFc+WqZwBkAJ1NJSVbWqupQNXX6jrZtSctgIgbKXPje5yeefMzgQYPyeUPZpiKlc1y7cu24caNnzpzFwAJAPZZQpmXaiqRtGkZTS1tzvjWfzynLtKShlWto5777+sctbS3J8uTfq9YsuGHB1199V1ZVZSvrnlvumL7TDsNGjiDTJsvWNOzbvwcm4pzh4iVL7rj3/lym7Y75l0+ftZuZzwld/+37HxfcdHN1eeLcc87q3aO3aRPXGAEQQyZEY0MDMKys6eAc0SkBJJF/agcgSEddONn1QlhSAkjBhJSSlZX9uGjx86++3tjWZhuWbZuAmM2bFYmYZZokYNH33+y3z+H5XF5orKy8XNfYoF69Djv44CFDBnKGy1f+ff2Nd3y19OeysmQuZwBifd3mOx986IiDD5p/3eXOyCsOiilnaIkxImfbIIYMFVJbLrtp8+YKwwZALRHLmdZfK1a1tLT27dF1+o7TtDj/8++VqXjSkNktzU0xXZO5XLPenLPywIW05Mb169asWR1PJvNGngEwxjlnyraVJMu26zbXK2U3NTauQvrxh5858h6du1RVlDVnWkUslrftnLK7dut71+037bTD1Pq6OuSQSecUU5ZpaUIoAj2u2XkbiIhBKpl89+OPr7l2QaKsnDhXkoDU7CNnH3zoQYRKjwvbMrLpPGP4yWdL/lm28tBDDvrfMQe2NjUqgFRZuWWYjERcaMq2XIRkmay8bNH7H7z7waf33HlbJpO++/7HynRd13XTkhXlZVzXOnXu8fqbHxhWXmjcyFvpTGbOyWz8DlNQSmSI3kZOo7cdOWH7ybrQlLIAEUghciKybDvGVccunfI5mwCJoSd7gmRWNxgeEjmIgRkfATuhdLZwZNQXDhSRVSWMaDdQGVrT0M6niz5Mae8qmaTWbuFgm22A6HeJBfZeQdVhwEHOk1LBlkhVfkptKaJCGZsFj/0oWQQPhBNrC4KfFOFjMe2h0JCHDwMXpDd6kWitXxgLw0qFOMqV525txcmJEGVpIYZ0Bz6o30ekUShb1KNILW74N/QUw/0qDC9TcEJPoKG89iIotL3L84VEtVnpMCaE5luYAPA55m7DEwEjBaq/oPvhu04NBZHPEvzx7xdxNjTzPXwX5NtGGg27LQqwcmStuFVR2Efc7uURT1FSt/YGRHY/KskZj7chIVNQs79HUfS14nqguK0Q7/5F4vzL/kOlrn9Jh/CuwhKFvI7I5f9yIbjyH4Ghd3qaZ6K5hpoXl3G+TVOAoJQSwBOobVpf17Yl883X365av6Znj+7JRNxW0gIVY6K6urpjx45C11uzLRfPm7v4sy86de1S26EWAJjG4yiA4Q8//fD7z78ZefObpd/tMnXHskQyZ5lJjH2/dOltd9zd0tTSqVOtHotvO26sLjTGGddQMaWkJBKmaRm23ZbLrF6/WheargvLokzWsknVbd6YSTcLjVVVVHIm1qzb1KtX73zeQMC8ZZRVJI49+shkPN7QsEXTNcfyz+Yy07eftuPkKbU1HWOo/7PynwU33vDSS68JLS6lbGxs7Nmti8E1W0lnT3q0lZIyl8tljDRJrN9Sl23NBHvKACOCfM4EJL0ivn79RkLo0rmrRTZHBKUaW1qaWlo219cjI9OSiLDij7/OOOOMTxZ9Wtu181tvvr5y1fLFny/s3rP3HrP2qIxVfvr9p5ddfMm8iy7ZZZddmrI5jBNjTNO0v1f8taGu8dLLr9x1xq6vvvLKos8+A4U1NZ22NDcPGTyioaEBkE8YP+awQ45QzM5ms5XxREzouia++3PZqn/WKAXrN69a+MlnP/7w6yWXzt1j1q6WMoEhOds6gspm0oZpa0KAYAolSWKMI5CUUtl28EEW+rAAQZG0FcSAMUbBwQ7u5wEcOBFjxAGIODDONIwBgLQVAx7XdF3oTqoXY4whMGSMMYbckZWGtEwrk4zFQPK/Vy+/6/57X3vn3Tvn37T/nnst/mLxoCGDTz/xzP0P2mfqDttfctXlM3ffvbq80rDytm0JoZm2VZWqWvTOO4Zp9e87gBimVT6bzaW3tChShrQSeur8s88789xzjj7+uLa2tFR44bw5Q7cZ1tbSxhB0LmxlX7ng2u9/+OnO228e2H9AJp2RJJ18WUKGnAOAkqQxkTFzkydOPXD/vZ579oUZM3abNnE7U1ngBD9dKOMrHXc3Jk9Pe6p6697QsAwokeBKgQUSUg4hXyA4H42UxIolhExUrISkfsTWac/oaS8iUdQRiMqyf3GfRUgJ1YmuEnJZHTph3DOGILzTLxBEmI2RfQ49lBrwCn2DigCRMa5xmTMHDtvm2Wce4lzlbcNqa+MxoWyFjCtLKaXyeQOBTNNEwWO6iGsxzjiiAml//NbH733yiSmtRFysWrtx6e//XHXFfF3DtnS6qbHJJhmPJ37/Z/XCL7/94IOPMm2typTnnn3m2EmTSRJwgZrOROzhJ59778MPt9S1fL30j8lTpzRurn/q8WffXfh5v4G9JOI9Dz1ZVVHeoaL6xadfFsBGjxwpdM2yFWiClFSWLYTx2vsfXHT5DWWp8qeffGDk2HHZdNaSqq2+/tobb33jnc8uPP34qspqhUickdBIkWIsVlFxx4IFX3z15W033Ths8EAACaSUrZQi59hSZIwUKGkDgB6PNWxYd9G8i0dtM/T0Cy5QiEBkKUpbpmJMS8a5zRlj8WTZhk2bFi/+cvCAvvvttXsuazS1thqGaViWZRoWFxJI6JqZz3fv1u2CC85pSqcz6XRLc1OnLl2+Xbr05tvu1uMxiMcBgCGSUoZhAABwJgEAGUPkjEnD0gCOPeao2YcdbJhmMpnQdO219z645Y4H9thpyrwLzurUuVNba/qbb75DhrtM3wmBK0WCoWColLIa66sqyufMOf9CRBBMkULGkQARLdMEzjkXzzz73BVXXnP+WacedPjsuvUbYprOOZOWpTNm5vJC0wSCRqosmWA6K6tIiFiysloBc/ZXRyVtIKWk4kIo2xaMlSUSXLBYXACiIkVKtTW3PPX0s4u++Q4QlbSatzRzTazZsHndhvU3337Pex98uL5+S00qWVlVkWvL7DNz+mEH7yuQAQKZhq7HMo1bbr3nHgTcZpvBo8eMebVHHyObK08lgSiTywldJLR4siIp4jopbGtLC651rKxAy3K2znKWQyymv/nGm78u/bGpNWMqEHpMcMaQESnLtsvKKtesXDlh1EhkzIOenhXnOb0JscDiD/vOSokU3we0deFQ+LVYSPZRIGsCCzhavVsSim3ZiOkZwpQRgooszKjF/n+5CmN3oRBOgb3uSXUAV+pF8k3abzscYNiKDI8gnKLKSsZ422sP/G/tS6mBf4uahHv97zZzoFiKpgwGBUr5AiIvBwrbjyGWaB09jBE94Mdp4L/inMjfpT5xhMIb7dQcAp9QBEGj9RTlkbafVh5dpEETJWPQWyPLXV7+MiXvM8DScfV/cfN4EPS/zIitX8ULdauYtpB1RcNVHIguKOA28Z+vraFFBAQUXgMlHjvuEdcD6CSnhXbBBg/+hh04Lq0UCKEAjm9FrPxrlzwaXLPXpxAAgNA7I9wzmp2tShHIRsWqE2VLlnw1d948Arl2/dq5F8+bNHHSHnvv2aN79xgTBLDTzrt26dV9yJBBbdn0wEHb9OozqFfPbgP79iMizljOMp57/vlbb7+9trY2oesXzbngkKMP32vPPctSSZLmHjN2GzVihG2bVZUVFRWVsVhSATW2NVvSqCir0JgGRFzDIcMGde3c/bBD9u/SqRMyXtOh+rHHn7r5ltsPO+TgE489OpvP1VTXKJK33HLb+g0bO9RUKgDOOQEYVp5zIA7EgJQCkIxUh4pqhqyprfWlT1679aab16xadfIpJ3Xr2v2mW2/+3ynHP3LPvaNGjWnNtSGAIogn4h++9/Zue++Rz+ZiMS2dzqxdV7fd1O09xlKMCw0FakxK+edfy8vLK2s715qWGYvHvvzm63kXXbZmxYpMNsM4plKVLVvazFx20ddfDhg8fIcdtvty8TcXzbno92U/VVTX/v7HH/vP2mvLli0///qbznQgUISITNOEtO2J4yfOvWAOB1GmJ88748yzzjjZtuRll13186+/3X7jDQQqr0wp1fU3XpuIxwCAlNSY9ua7b59z1gWKWAzF0bNPGjdpwgMP3bnTTtuDVBrXgCEDAo6HzZ6tC6xIlisiS9mKFGcclAKQAODuq0JEoJRr7BMDpmsaZwwAysvLWtM5D3k65jtDpVCCc066BKmApKS8YWTSuQ415fl8njjZlhJcECpyjzIkBaTrMUIluNBB39hc9/SzLz306AM15R0ev//hHSduZytlKXPt6jU9e3V9+923z58398zzzhnx0IMnnXLSzF1mlCfLLGk6E/z1N14dPGRY3559lVIxrjHByyoqNM7Xb65bu2HTpKmTLpk39/rr569fve76u26aufPOnLE8WEyyZFn8ugXX37bgtuNPOXm3XXezLAsANE3njCFjSEopqYgQSHBhgySiww6Y/dJLb3762aJpE7fjHG1SgEBI7rF4nsO5pI+xHa9iZF1vVda62rFEWmzoeKcgoym0+v2ivvgskrAhAnxjKBBQRc+il6/tKPpRRNjuDHfQc3JEPdMAEGhBjBhOFPlBQfkQDY4PwAfp0U2YPOXriWjybztNuYniiAQaZ0IDBAXEk8lsc8PJp5y5asWaVEXKyBvxVEIpbtlGPptlyIxMXo9pMU10re141sknjJmyHY8nlnzz1aNPPz1t6tSe3bt3q+10xAF7WLbKGfnqDrXdunS3bKlpYuiQbbJ5s6yioqEp/cFHn+w2ffqYSZMZFwAQiwlNsNYtrSOGbMMgLhgvjydqu3S9/KqLT6tv6NWv96+/Lzvj7DknHXfM9lO2y2VyPbp1r6xIybzliHXFWCKeuueRh66/655sm9mvd/8nn301/cDjtR06WvnswkWLNZ64/9brD9h/ZiIeMw2Juk7IQONkmMDZTtNnPPbSK2+98+42/fsz4JZpAeMICEoBKgYgJZlOogjAJ4s+f+zZFy6bMwcQUZHKtk6cPH7itIlgmNKWCGTnDb2yoq6+cb8DjxjYt9e8y+dJwwTbZpru+W2ILNu2LCa0ssr40E61JAQicU0HgPc/+aSqonLPPWcBagAkOItrWnNzaz6fRS4YkZI2MCTGSCqQhKQQlK6zVHnqpVffOOqE04cNHnzy8Ud179k93dRYVVUlbeu6BTcv/OzzM045qbZTx2wmF4vHmJNHjcA0seL3Zd//tqy8sjzd1kakqisrqyrKOnet7dGnX1VlBSnV0FCvFFVXVrSl0+++/2G/vn3GjRqTz+S0eKxvr14jBg0Csn//+ddbbr2LAAFQKWlaNnAyDYtz5sz4gX36nnveaTEtTqbKZ/OgCGxbiES8LJlIlQ8dPLR3nx5xXSPL7t235wcff3rvg4/vvcf0mTN2/OefFbl0PllWVp5IjhoxSIvFyTKBSIvFTYLrbrj+m2++SyR0JALAIdsMzKXTG9asyRt5IlBA9c2t2MYBIZczTcOcst2EivIKskxAAC+z2VbUrUfnK6+8vF/vnoQopW3btpTKzJuWZXXtWHvCWefapuHtTgKADFD5sBMZ8yUPgXPkHYIf64wu2gKrt0SmbXiTFfKc6xAgN8DI2xFZ4fwudcpVpIX/hiJKvhipup1KSgi6SFArWjok8drJFC2NCSNsjIT4/rORHaqlOBexuN0gKluqhXDws6CecHPFNISt5PaAT0S5eWFTF4lBgM0Qivkb7mXhHT8oFWgNcJE/FHGyZJA2oC/62y0cuBkK7fxiPhRj9nbzTkNPwxwu1q3hkqUSUwsASqnOOvAh5NYtTMQtqB+IKARBwxSW+tin8PKGoSBqTUVFgkGPkhFUXgpbOTPEKxlKx/g3gVCwxPy0dn/U0DefIhM+CoNLzm6/e76PhZCACuOfIZcVFPUpEB8h30pkugWr5T9d/3f5yMKvOP4IUkDgIU8HfCKAUookcFSPPvn0FRdfOW702Ftvu8m21WNPPXbXvXdNmDh51MjRmxvr2tJtiJjPGku++lLXtWEjR+WymdUr/3n34w9233Vmj85d7rj91quvve6Uk06bM/c8xvC55557/OknHr7voX59+3Xq3KmysjKuJ5jgyFGCNLOmQrli1fLaTl3OO+vsQf37NuWa9Fj8lJOOE6TFVEwpZSozQbGOVdWca5UVVVWJCo0YGVZM108/6WSpVKqyLK/yjHMFCjQEDojAGGeCA/CNDRsbGpvr6urvuf/+TxZ+OmH8hNvuvmvWzOkdUx2n7bT9yaecsv+hh955+x27Tt8JCPNGrqFpS/dePffca+9NdZssyxYIJGnHHaYCADAQnP+9atX6DRumbDvhh1+/f/ed93fccVoC4o3mFq6jFovtOn16ZWVll25dOlR2yKYzN956u2kaH771VkVlxaIvP7/4/IvqN9XdecddX3779YMP3DdwQN+vlnzef8DAoaOGZU3DSX1CYKZtJ1OpKr2iKdfams0IYFpckCEzZpYJTSlqy6URkHGMgyBDKkEC+RPPP3nKcafvPmvPeZde2FBXd/+DD771xlu//PDboiVf9unfOxaPaTEBihA4Y4JQf+PdtxobGhpbWvfZd8++XXvnlcGYkGBKaUtSikiScnJIlFKKZEtrk5HP67F4w6aGREU5A+b6MBTFNP2mu+/45P0PBePImW1ZjAtEUKZau3pdS1PFEYcfjQy5JgRy5xwSzgShIqHdNP/6YQOG/P7Psjffeefl11/bUNd09OzDTjjxmN4duuUNA+IxQEyUpySqbp27Pfzg/R8u/OSW228/59zzHxw8aNfpMw479JC+3Xt98dN3b7/1zrxLLqnt0tGy7eZsi5U3F3722ep/li9ZsnjF2tUnn3Ly3Llz+w/tf/01CxZcd/2m9Zv23W+Pvr16VSVrTFLbTZ1y3yODdthhciyl5SxTaEzalmEYzS3NpmFyTSBnKIkh0zknpLETx91424K+/fuBs3GX+2E+uQjL2TfONeWI3JCdm621teXdjjut8PoPiSjFDu9/q5VCNl1I0rha3Yd8pf3opavbylNq9zA6hBLnfPrqzpXq6P9bqhcY6UQ0qwWx6Fb4ITEkQM75rz//svirb5DxeDzWuVPHnXbdZY9ZMzfUbeYcWpszny354re/ft9u3NgZu+6YSiatnJHJG/lsLs5ZTadasm0ALC9L9O/R5bpLLxw0dFhbtqW5JROLxTlHxjlIAgSha7YtQUGH2tpff1n6y08/pLM5ZIwxjgAcUSl5+knH7nvwwZs3rln49deJWApErKZzl1RZSq+oBkWNzU3l8Vj/odtYbRllWtKSTn4B2TZyDkou+Wbp5vqWIf37a3H9/U8Xr1yxysrnO9Z0OPP4I/939OEVVeX1m+qqa2rKUuUSiByHixAynd5xxx1mTNvhtXffm7XnzBFjaizTcn2nSjqTHBGcTb+I6KN33u3Xp89eB+0LAHY+hwjU0mqbpiUtW0kgMvJGubStbE4paStF2WymLW3bStM0BGKIAjnniIggNAJmGdLKmgxUskZ78blnH3j0qXNOP3nClElrl//ZsXNXpSAeS3ywcPEe0/fYc7fdTzr9hHgiYWXzgACMIWNgk67pqZrqxV99dck187cZ0P/+O28ZO35suqkpFkvqMX3y9lO3XfTlLQ88kc5ZN153eVl1tZHOMV1XCEwIFOLrH36ee91NnWurQZKStmmalmHN2n3nW+5YUF5RxVFvbmljjGm6WLr0pzlz51184QUTx0+mpjbkfOrkyYP7D6ioLvvt11+3bG40pFSAQuPEUCCzpRK6sAw7pnEFRITbjhlz83VXDxgyEJUdE9xsa9uwbv20naYkU6lEIp7L5lubm/VYTIvFbEUVqfKxo7cZNXqobdqM65lsfvkff1u5X4YM7g8AiuFLzz5z990PDB0+fMXy5el0mjGWacted80NH36y0LCsvGFqcZ2Ax2I6IALXO9V26NKhy5hxI0g5B2ADKgW2BZaKiVjX2g61nTsiImOciJRStmURqJbmtGGqZCwGzqcHbmY2Q8aAM0AGIfzpbqMJXmpCgQEdFhc+Yg0+IgDve0BPOISKRNa1a1x6/7oCOPSag0JLef+oPYFQLDbbQUPtBdn8x+2hoOIrHAXdWsDQs2JLYtH/GrEsUe3WHraH0p3R8LNmSuSp/mt3ChsCH6z9X7uyFSxb8nLVhNOSF+oLq9hI+O7/7WqnG/9eXXsl/t/GtyDKHXI0hONksBXQ3w5RJQLpRS/400OBKlEmfG29+VCp/79XCFF7Y+QDxsLqC9zr7dFEJcQahjvkWTjRF10sHzhUIp9zen9G8GexNyvkIQigv1+gMBJZMs5Z4D/waYuiVz/KurVBQDdJ0pG9RIrcZDPPVg6yK0FJWSZSG+s3Pvb406PHTbz/vjt6dOuWM/MTtxvz4ScfP/nkM3PmnJfP5YmIcwYEXDAzb0pl6xrPZrP9txk5Zuz4Hp27mGQcesThJ59+SsfqDtl89tSTT5220w6PPfHE54uWLF/5j22BLRUxcKwsnYt4MmZaZtfuvWPxBAJyFMQQiSmb8tIQJEgpRJSkFADjGiLatkpwDRRWpCoAyVC2AgLmyDxSSFwIjtw2JQB89NGHp55yVry8csSIkffcftvue8/oWNYxbxobmjeOHjr6wfvuO+zIox549JFddp2mIQdQZeXJHWdMu+DMs5VSzpkCAECgspTTNMGBv/PBu+edfcGQEYMbNm3qXNvlsMMOscBQJFHxkcNGTBg1zoFkQtPaWto+Wvj+b3/9U1vdYVND3csvP7/s7z+ffeaFvXabscfes/Byedi+ByeSybPPO6e2ttOW1iYuBAJalpU38lzohMiQcXL3+wCEdDqnCBhDIkAFjJAYAAdEzFvGX6tXjt1+ynULrh7Yt7ekbSbvOOGDDz95+qkXnnn+pWw2bWXzWkwjQqZxZMgF03SOSOPHjZ99yEGMQAB35lLOtFAwItdPoUhxZM2Z5lNPOv3P3/6orK7ZsG79GWefqQkulc28QFZFKtWhqkNM1wVnoBgylNLmmhg0YKACKZWTiYoEinGGDHVdM20rUZZKppIA8Mknn956y90z95p1//0njxkwXBFl8znOOAfIZHPAWYxpecpbUu6108zJE8e//d579913/8cLP9xnz1kaajcsuCFeWbHLzjtIJnUmfvzulw2r165fszY3aeIu06efMXzYLjOm1VSW7TR5h5FPD33k8ceee/6lO266cftddr3j9lsHDuyz3YQJguuGzGeMTG2ydtG3n1979fXKtA1b/bF8zTEnDtCQWWQhQ8E0SVIT/Ij9D7ZBZiGvIEglgMi2QP4RJgqCtRzgsnASWEnB7bvTXOnhi4KwDAnJCq/OQCi0524PtYTgRgycTri/ok2DKyva8/SXxJrkyfLgRqjN8JEoGKmtRApQqFKvJQy4WZQrHGaZB0Ud32fYeQzB50quexsJkYApUkLXN6xf9/qrb2Uss2HLFpTwxeLJs485xifgtFNOWb1mzc3XXj1gxPBMU32+JVvTvZs082BLVGRkMwBgZUw7Z+vx+KeffX7eJZelM+nONbWEyIUgUoZlSktmLVmeSN0+//LuXbt0rK4Vuo6ez1ApKSXZtglAzJZmtk3jDBgHI8c5Q0RNxExL5k0LLJsRMcEZ48qyQSnGBShlWtZl559x7OwDKyorqjtUv/PRZ/c+9GR1svz800+YudfMRGXVL0u/u+LqBQfvOeuQow/jpq2IgANjmp3JsrLUgQfs9+Gnn3268PMRY8YrBtK2iAgkASpEVEoZtgUA337z1YcLF+2/976jh42w02kkIuV4WhjjgiMCENekHo9BJmtLCxERuSYEMORcuJjRSS/kHJwDNxkhZ2UVFZ8tWnjWnMt2mjzpkgvPefLRx59/6pmbbrmpurZTc1PT1InjJo0fe9WCBT/89NOtN1zTsUdXI51DcvdA0mPJd9/79LyLL6tIlt9/z83DRwxZv3pVa1sulzFSqVjnTrX77rnHRwsXP/Pya/0G9T39uP+JZFIhdzfjRTSyeV3TLjr3jGk7TEm3puvq6u954KFVq9YBaF271pZVl6dzOQDI22rxl1+Twonjt4N8lgEoy9Y579mnp1Ry/OTJL2+/PTEmLYlA0ra5JhBAxHVpSSQyTIMzkYonDjzkACVtsG0hxNKvv7/w6vkbGpuEznL5HBDVdqgZO2rkVz/8lG5te/SZFw2Z3bil6ftvl0rLkrbdsKn1hNn7XTzvPEYq39T8+FNPzdhj58MPOOyEk042TdOZsfvss9eOu+wkhBbT4rFkIqZpyWRccIYM4/FETXmFypukiJTnoJZSIiz79c/Zx52iCBiipmu2JM45Y9wgaViybsW6HSaPdw8vZeja6852xA74DLxp/veN6GNCd5n7ghE9WQQAge2FEHJUeV+2k2+PBQLUvwLB4MmBkHgKg8BAZlJYfnhWm9NSSWO6GLuG3ywyxAus1eK8lYKbEUmPQYfc+JvnnHPwtm92biU0FIjWqKT0jelwmSglhZRHUEphMxD+dNMtGXC+kAPFDKSIhojQ73tAS+L8giHwg2Dhusgr6VrOoeA8gROfdxsAvx+hV8g/CsW9GXaXeOwKlBOE//S7EeWW928Bw0PPg3ShgllejHCKWFHAn5KWwNYGBV2U5GAEnxeRku63plQw86H0mAYoNNxuyQh58GVN6P1Sv/xaw++GmNMOSi+ZYYp+j4qWQ7GFUyJmW1CgYFwiwsfFmsEUpWgN7l9R+4oAEESYsq07mf49rFxwFbiLCngUNqRCVBY3GxG46GyBosAPe7p+yGhEAUAwzSSrQ8cO9z90Z1V5VU1NVdbISKV00Pabvu8OkyZv2LzZMqS0pRBCkbKktG1FDBlyhqyyoqxrl04GmKefdRZjHBlvtjLAKJ9vGdB/0GWXX7a5qS6fNREYMHSc9AAIipgQmhBlZclEXM9JUwhdgnQOcWGCESkEIJAda2t33mWnAQN6A4DgDBgoJCKlSJH/AxRjzFIW19msvXeTlkVAo0aPO3fehSPGjt59150r9GTOyrdYaV3oOo815ZsGDh74yKMPbty0CYAMZdd0qp1//XUa02yyTGk5iWYEwJALxhURotxrj1mpyirTNjvV1AwZMmBgv35Zy9BiugKypWw12hzDmytOQu0+c+aYcZsNtOKJ2M6779Z7m2GTpk1oybekysvmXnTRthO3K6+smDJpYtpMc40jA0tZ3Xt1P/n0k3v37m6BBAaAyDgxBqiJGTN2bW1pAwBNcPTkISJKklywc88+/bTTTqxKVbTYWVKkM7HPrL13mr7TyrVrcxlDWQoZcmC6LpAxLgRnPBbTq6sqa8orbFsxjhIlYzhzj1ljth1tg1SMCBUhKbJjsfhue8wcOmxERWV57169pu402QabSAEyZCiVfeLxx558wgnOXFLKBa6I6PwGAGSuac2YCz4EMgVkWbZN9n4H7bfz7rv07d47zmJZKweEnDPGIW9lpu+667BttiFGzu5FLVabriVn7z971112NmyjIlmxxW45/Kgjjznu6M49OufzOdT0Xr26zbvu8h7de0wYN7Y2Xg0AEmxT2qZlVaWqLzpn7uzZh736xjtS2cky3ZJWRuZR5jXOkaEJ+S5du+w6Y+bGTXUVFamTTjxh112mOXOSMcd1h7aSBpkKHXe6coKfPqAiD/R4HyQBBInwIUuoQN6UWMmeaC7xrHQINCJnwtIJI1/Pl3rFwWB+wyXSXkumY4VobVfcBY+KjMWwjVL4zLMZ3HLkS+1ImUK0Sq4KCnXLCz8ERdAzdyP3kQCQGENlmDvutPPgbYZVV1c9+swz9951f0tLS2Vtrd3WqlVUfLt48etvvXv4Qfv37N+PlHnN1Td8+dXX99xz14B+fWXeYIRITObzs2bM6N+vT+fuPV9+78PWttw5p57ar0+vnJHXNU0pJaXS47Fl/6y8/sbbflj624RJU+574O7KqkpSoJQCAFJMKlq3ualx09qVqzdYBhkkjbbGhk3NzS2tvfp2X71uXS5j1LelWxobmpvb0m3ZhCY6d+4UTySICCVxnQ0cMbyqU4d33/7gi+9/+PvvFTtst+2cM44fMGJkvq1VSpNrib//XnX/U09P3H5Cn4FDKJtDAkIGQiNpTZowfnC//m+9++GJxx/HhWYaJiknJZ9xRMs0uaYT0YMPPC5E/PCjDgNEK53hMQ1IkVKMI3KdOxNJE6jHhB5nhLrgUo8DQAzBOZ4LAdGy0ZaADBBBKY6QKK/45a8/515ylWnkDz3soDffeu+K+TfO3nffIaNG/fHHn7Ylx4wdddl1Vw/o3+vMc+euW7P2phuuGTZyuJKSSCWTySVffnPGeRcsX7GyT//+Z513iURqa21pbNxiGlZlRWWvnt2JlGUY1VXV199w249f/3zD/Cu6DOiXb0trqIFtGUYupunDhg7r0LlrVVWu98CBv/3+67MvvgpSJVKp6urK+oYGAFizatUrr7yy607TRo8enmlpY4IxXVMaM/IG0zRb2paUjHNSwLhgOgck27aVJZVUQnCuJwDAJrOppSUZiwvOgOSIsaMfuud2E/HXP5bdc/eDA/r2OOywQzp27DTux+/vuuP+A/bdb5+9d/7rrxVbNtX/+ec/+++1+47Tpg3p21fE4sqSQseD9t2v/8CBvXv3NkyLIWeMJZLJkWNGtzY3maaVyxqmtCTJnJFXRELwXM5IxROaEKAIJRERKAmWZZj5qZMnXHLJ3GRZAiTqmsY5BwDbtBgXSHDqnHm6IAAizkByd2ExhowR48Q5IKJSqJSz4Pz9czxPXRQkhk13r5wLBvzVGbxDvv1FnvcsJHPd76DCVm6xjHUxUrHzKgxqo2GrrUDHiAQKHZno3yl+PWLpFtvpIcIDG91jjI+PsCQELYq2RaovJW7DwjziqdxKZ7dm/BaWLBk5LFF5AHRCxGDwAC1A0r8khP9KjEWkFwAYMtZLMsSvlzwCAgjaDrUefA0/cN0hYTAX6CXfjI+ekFmSCRj95eN5nz++EgxmVzuWQEHl7Y6j+6FOMECRkSoZISvCPhSCoOHm2nN8lOBuAXD3/vVmQzQ9wRmCIvQVHuutzs0SPfJvhpdtJB8tNCkKU7co+lqYmLAQ8MWLW7qdJVlQVdRIFG4HoywsmLD/Ck0LelkMxIs5668Q/5Yzb0qtlGDUicjxaipQChRQOPLtn/eH5EVrGbJBffspRQQgmNCQEVEmny2LVw3r1yE8TbwcOL8uZZElpYqLhE22IoUMFAAST8s8gupc00XUcsdZypExYAjIkBGRDbZNtiRSpBCcDVJRIUnmONt4q52eOHHcdhPHcqbllSkSOgAS+uk1zkEgioAYMiBFQEfOPowhNWYbhgwfetWoUYrIsM0WI82F4EwoJAYMCA1pjxg2YsyIMTYpSSrO9SE9BhMp05Ya6EhAwMid7QAIUlG/nn0GHjbAaViCnZV5VxSCAo6MC/B3Fedsxx2nIbGcmQMd95w+kyEzpQ0EDKBHt54nHPk/BSorDYtsJ23YlvagPv2GnXa6qVROZplgjBhHRkBcg6MOOFSBbYLJNeGkg5NrajMClYyXxWO2DcQEQ0BFkLZzGteG9h+koWDAGCIiY8hCxjnaZFkkkRMAIoGua1dffZkimVU5xQhROnJAaPzYo49gyBkw5+tTS1kMGYBCRIbMtiWC5MQQHSsSGTECYoQO9AxsfenII7LAIgBkaCqrY3V1p6oOpm1n7CxnHDmCE8pm/Jabr2OIBpmSlEJinJFSbWZbKllezipssqSydt9lF5ssS9qMMRtk967djj34MAKQlsrl8wCEnDFAnWlKUiaXqa3peMpxxwBgThp5aTlxGiLgnOftfM+u3c45/SQOnIMAAIssS9mcIzipIwQAwJADgAI3sBsGn+T/8BcMMjdDDb2MeMdmQsCiFRxJPmv/2qqACQtyr3TUJnLUbkFGRrjK9lJtC2ypQi9dMSnFRx9jROFtlfiI1C8uVkrsU5H9UKoXAFF3tMsdx61DioQQ3bt3EeVVvbv3kATuB8CplJU3rr/xtlQidfiRRwFJO68mTtruyedfev7Fly+cczZHJEWMMcrmtxkyeNDwwbFUShnm4J69dpg6sXefXtlMJpGIMxTIeSweGzRgzeuvvh6LMWBs9LbjbNPyTa90Lkcg77jr/ocefcyy1fq6+ieefv7jjxb+/cc/DQ0NNihbEXG67Krr511yVSoZA5uqK8vvvHn+bnvOknmDMa2+vunND1994Mkn//57ha7H+vbrM2TIwJ//XvnF97/WN2whZa1YvooQf1+++tTz5i245orhI0fLXJaApK4bmVxFh9rp03e55e77vvvmO+GkWLr2vpOSQZWV1UsWL3rh1VfPPfmksWNGWw31ghRapCyplSXWb9z82DMv/PLP8rJE0jLzZamUJFpX15AxzEvmXpJOZywpyysqcnmjS03N7EMP7LfNILstwzljmsZ1fdHCz84+94Lf/vq7T79+l1+xoL5ly6knHH35Bec5o4e6Lk1JRLP/d3SPrl1OO+uCmfsfct0l844//n/pTAYUKGn36NaxvCxRU1OTyeWXr1rbo7bDqcccXVZV+cU3Sz///PN999rjmisva2xufOyxZ7786ss/lq/sObB/1rJJEwAolTJsU5EEIqYJZVvS2XVJ2mXllf369N68aTMRvfjaG5vW1R254AZgwpKyvCy1eUvTzbfd+feyP8rLylpzmaxhkhBAyAAz2TQgakKPJZOIyjCyVjZfXlFmGMaWzY3HH3nEGXPOyadbCahDl45cjy37/fdcW6a2Q22P3r10kH06d+laU1OZSvTs2rmmqvKX738GQ07ebuKosSPN1rZsNptMlemMH3fMsSKVXLtmtdBiyBEZS7e2XXD+hV//8jsxls6kCYExFo/HBROELJWK333NNePGj1Wm4fqkSSmprKzc0tz615/LTStXliqvrqqsq2/M5/Ma5+XlqXgs1trclKiqRsFRCHcHQ/Lin5wrZACOm5lQomd2RQM37rorjbwKlyv4SjhY9v6UBCT0TToCoHDWbrGIBfDlWEh8BQYNOZksUSHSvpVfEpf6zbT3VnH/iu45dgWVuBttvWRU8P/tCiAEFEYvIykjEQraoaygQLgeB1cXwBIIjGGEkKLxzFMKF4sK/2IIhNHCBR1sj1cIXtpSCHkVxA8jV2kMVFDmP82B/3SFkW1QfYmDzUrS7KLrEKQJEp0ixoLv0Sh5s0Sft8ai8LhvZZYWmyAB0YUouxjdFaxV1woImzel/ERbpScEPttvzDFmIpPfm0OeLPFE1X+5XITqsqvYABO+ACzoBnhB2ILgckG4HzzLz+8ORj1PAc70qqXCLkf8ChESKfLDOQlBKSezxgkVer1EJ8/JE+PoTg0CMJTNkAlgTgUMkSGXqHLSBn+vSAr5qgAg9Hm/REUECsA/xgMZADATpKkkB8aceB4yBMZCTg4ERLd+J1ZEhKQAmbP1PwAjJkEBIAu2rHQDuEhebwGBGAERJyBEBjZI07IAkXEUXBAGtDojY5KUkjhyhqAIcjIPgBxQkQwUgO8XAzCVbat8MOH8kzA9NO+PFQEqIIYOAmOWtAiIMc3BIpaUOZknVIDoBNKcKk1lG9Lizm4fyIiBQmKAksiSOQJyNpAlV4xTEM0GUNFsGY4cACxSFlgIiIQMkCEiOMf8OSOPgOAcdQmABCSVAkQFEtBzORNIorSV9Y0GzjigE1dnLrh0NrUl56QfdzoBkbtfn6+kvenpuBYIyNl+2bYJABgyRHQC9d7yJwSURNJlsnK1IEOJUoKTFwppO8sQGXcjwgoobeUEExw55wydzYEcdzcjxrlFdt4ynHoQvU3tEJypa5G0LOWcRoOAjHEGzqkE3pGe7rxVAf8pJHIKwQ8iIDFnbybyZ7vHidLoqMjwKBJhwfng/iIOmgQAJ9s5mOiepvHEbrB+Q2FMCtNf6MVsR48GDCkp7sKc8Brx81DaqbwETzz6A9UTVprhSGw4QcQpRCGDJtRCEUglAFCkGDEEACUVkk1SkQKSEoCQiycff+LTTz+df/X1Q0cMVbkcMbb3Pnv/8P3Sx596Yo9ddxkzdrTVmmUIZNsAZGZyUlJ1ecWyv/46fPaJ5ZUVRFRdXS4YF4LFY2JzQ8v6DXUxPYFK2dmcUsAEJykBwDBycZ1fcO7ZQwb0kTY99vQz06fvMmHUmLXr1q/etL5+85ZPPln0/S9LJ08dO3HUuJ79e3ar7V5dXta3X3crl5MEGsOrbrr1ocefAMLuPXvqmt7UWP/Ucy9trKvP5HMDe/eurawaNXzoCf879Kc//n7lpVcvu/y6O++6tXv37mY6g0KQZYOS48eOljnro48Xdu/ZQ3BN2hKkDaBZpq1psXw+//C9D9Smyg44aH+Q0srldV1DywJpA8Rs09jS1LRhw6Z4ImaZhiUpb8mcZbK29A+//G4bprQtXY+ls7menTs3zdgFkCkpGWNA6pH77j9/3pUjhm4za8auTU0tPXv0XPjZknw6C2C5c0W5Kzefye8wa9YT5VXPv/Rqrz49AYmRypv5cdtt++yjDzbV13fqWPPLX/9ccNk1O+8w9fLrLwfA4a+98/tvv24/beq0XXe285mp20788/c/B48cIi1LMESSAEwBbt7c8PHHn2/asHFD/eb6zQ0vvvhGWVlKkUolk6OGj3jy52cef+rphx94ZNpOO+yy47S25lbGkBSRZVeXlw8Y0FdPCMOwpWK//PnX0p9/2278+NGjRyAyqfj7n3xcVpYcP3Kkbea1uFCSasoqU6kESGlksk8/8dRTL7zeY0Dvf5av+eevFWvW1//69/KO5ammlraPFn63pi7d0Li5ecuWl9/6KJc2NtY3xlJ646a6Q/eZddEl80CBsm1lmtK0GSBnAgETydQpJ514aadO8UTCX2qapjON25a5paGptqpKZfNSESogIrDJtqyJ2455d+Gil19/nwmwbbt+S5PO9crySk3nusb79+83ZdIUyLYJLgTjitnoalxERFDA4gicQ950VZO3BpFCgZZSy9u3/MMGHYXv+NrVsyopKObZqkAR/EgAzNHUAAUyzduqzTOR28VQW4koFD6i0HYjIVHotO6bwhig51CBIIvVK1jQbFHIDxCL41HRV7x/S/UtYn97zVFUEYCvjYp4EOFkic/aSjXtD1iBIR+xeCki6z1QGkUhXvSy1NBQCLIGM8lDs+FqA+zkjggEM9b1Sxbhq/YmCnnTzG+9OHgYajp4ryBeGrCkRFw6oilDIcqSUCoMKcIMDIeviudOUa5TiZvRO/+Cr/4F9vvWXmiaeYMSdMG9G44Ih+lrhzJoxz3kZUBE0aw/PUIvFONA12wuYJy7eKMfb0ZsIQ+vhar2f4RmiycJoIA4ECWnHoYHNUpm8eUvi4KHVCiJov6HUld7X3+i689HBGc/U99Qdid/cV4+gocSHDSEoJAYkfImLXNwG3rHeGHBnnVOD8iBBwjkL2W3p4whoHNGKCIiIPM4gADKIUU5iABUtGvoNMgQiBRIBz2FEwYIyAksOa8yhl7IHhGJOb5YBHBxF3qUOCQxhtzvFmNIAO4WsA4hgY3v2rHONrBOpo8ChS6kRSIGIbWHAIjMGwtAF/q5f3KGiMJB6d6OUC5xTooyoINwgAjdUXAGhsgjy4n6Ot8XEgAxH+m5CxgcVO9gLI8JnkyFiFXuT3nGGfgnurnuNgIk5BjCMCqEoPyxIEIF4BxY4Lql/TJ+H51/lQ/enGJufqgi5ruTIbwRDXr/AThzLxBJiMA4c0cHnbkKjHHPz+Bsq0GE3vkCCBwYY5pLQ6DwXAYAIGeMAWeuQPFdsgHgByDlQmKAYHtGCuYzMGcvVYaMnG9e3UkbWtRUsDFj6Arqa+85epxHCCX/tCcTStQQVW/+nX99K/xn+2FMnx6AwmrdpKqtvVtoyURhZdEVEsoYcAUL3g2G0lMCGGKzPzeBgl32mQJSJC1pAfI1y/++4Yabjz76mKNOPIJssyXdlstkdV2bfdiBb7z7zr2PPXbL4OvKNEG2BUQEpGmCpeKzdtu5pqYmY8pkKqFxrsd0JUHTNcuyELEsWTZ69BCua5jLo+MgAQAAyzYBcEC/3pO3n6JyublXXdGrZ9e99tqz98B+Y/O58ooaw7Teee/dQQcccMa5p5aVl9s5QyCSbUlbMsZsgsP332vIwL69evUeMKBnc1NrbafaAf36HXjUcVsatzz52EM9e/eRVo5rCSOTHt6/92tvvLfm7xXdu3dHKRmAALTT6RH9+xyyz8we3TvZ0tI0DTkCATCUoBCRIw3s12tg7z7b9OlptLQwxkBKVFIgyubWrh2qrr78IlsSkLJtq6K6elN9w/6HHLHNoIGPP/kY2Xk7bwihITJSJJW0MmmlcVaWevWxJy648JKDDz7k/ntvue++B954+4P7bpv/7Isvn3neRRXlFZdcdTkQ54pI2gBACoxMbsR2E0ZN2g7zOZnL6wg2kU0Yq6zqWVGWFGzFn39vrN/Sr28/ak2nW9ty2bxSqqG+AQBa27JVHaun7DxZ2bbKpQURSqkQqsoSHSrLn3v5lcbGhmwmY0uJwPbbZ09SJDQcMKj/hrr1F8+7pEN55TlnnW6jImXFEnHbljUdqi6YczYgIyKucabpDz34yN/L/7nm8nnjJm4LAA11dUt/XTpp4na33Xi9NA3uqBvTImlZ2VZNsHGjR7dmDFZZPnrs2Ew6QwyExihv9+zTd/DgoZXlFcmkXlFRdf65Z/br3yeuJdLZFs1WA/v0RkWETOma0oQWiyFHxpmjrzfXN/y5cnl9Y4NgutA4co5ITpC/qbFl1q67VFRXKsmAFCrigkGMX3TZueddcKpNFI+XrV6zZv+Dj+08oMtjD95WlYwbOSNZViESsc/ee1eYJjBNEBBHck4HkAoFbPxnVaatrU+/vrGY5igpf3GVvii0GqOLPGJFlAI4pYzudlvxCKEgC6P4/aLw2v/hKojUFDwCKHhaIOYDeww9gyAQW+1UVQqCQgRW/deehA3nsE27NUEdEBnI2PbLBtCzqGm/z+Fa/+sVUBscTxoCEuHwacg1AIUci3RrKxQEQKK4u5Gdi6jwR8naSj79jxGzfyvvafn22na2RQy5bgB8aFqoHL0K26U5KBRtpB3wGTE//PpCYNOvLYxTCscRXANjazHtdqjF0Ee5/75E/LYpfPhbaDL4NRWw7L9cgbW8tSvYfyiEbwPL3qvIe1QQnnSWhAc+t7bG/KNggzJucTeOEyW9NOvJjec4MEm50cSQhRqeFS5891cVACqF6B6AEBkloqIRJQ8Heta5030IKguzhihwdIYvBuBu/84QlYdC/K64e6xJkAH4RfeBg0oYoMLAp0EuAPNDPoAOIPUNUtcr5Id1PYSEBO5Bvl4XKPTTEWfhVA8nvdH3loXEFwatgI9FwRsGpyMeeAIKLwdCQlKk/KmAvlwFVF4E1Am9hWjB8JxzwSf4gc4I150uuFjbm5deGNdfzwQuvgk5hCJeXa/LruPAW6ehcJ8za7w4rUOzUuAFcSHcqJuoixSMC/jokIIDuNDTvD5R4O3dQt4YICqJzGEZkQNBAwDi8MqZLa7DwusmAQEoIOY1F3EOueMS5oYfPkYAAAZOFNd3QHj5txG8RoCsWNoG8zW0cvzpVhxgjNwM2O0yoHCZRXN1/N+hRfIftIs3Fn5JKjBRKFgybk9KbrAUaivq0yx2pGNEFoZG2dn93bc2HJY5QxqWWhSpK/LDZVPgDCdABYqRUiClZRiGZQEhKHnTbbfl8nnLsi6/9Mpff1tWt7GutaEVdNA13pY3X3jhjb133HXPfWaRZZJSyFBK/u3ib7758edsPlfbsZaIbMtWpJQiEdNM005nM/ls7rV33x0+sO8hBx9UniwzbRttCUAMRUs6l2nLkaKWlnS2zfjsqx92+va7IQP7x1Ophg3rvv3u+7KqDi+88fbMWbtNmTgh09wSY0zTNCYEIwJFE7efNHnGdDPddv2NN/bq2mXU+AmYLCfLTMZiXMRI2RfMmduzR++TTj3lnAvmzD7owFRZBWRzCADSFggyl08lEldfOqeyS+3DjzwtpYXOUgJiAFYum25rnnfhuU2NbWYmAwSMIUjp+NMcdqLMcWRCE4JxzjCRiGtCU5KIyM4bZJgkFRAAY4wzCQwVgW2OGDX86Ucf3HbqFBIxBSqXSTe3th1/8knVqdSaNWvAMjRd2EpKqdwJzbht2Mw0mLKZkoyUYpwYl0rqqLVlMj/89ofOtTEjhgNj8Xg8HtO54M7yZLGYLZUyLT0eA1RgmsqwwDB2332XCRPHxctSlm0bhkWkOECH2g4KbMH08mRFS2smrulnXHz6hO22bduyJZ5MMsFJKZAgLduVdxYStzfVbY7HEx2qKqSZV7lcurFJGQZXigjy6TQXAomYM71MCxWOnjhh9OQpeanqGrasWbO6saEulUoKYABcSqVssmzTtgxLkSZEXONTpu+SSCRBSZk1FOPEGTHOOQPGnSWVy6RPmzMXhejSsWM6nVZIjHHOkTPGhP7bT7/069l70IhhKpdHQhDCtsxPX3h96LjR/6xdufSnX484YvaAgYOOOuLAG+++/5XX3j7s4L2T5QlJJFB78fV3fv/17+NOPl7nzEZUnIFUjAFlc2edf/7bn31+07yLTz7tBAFIypWWGN1HzdXUEedSkAjrLXB0rb0IPPA1eKAi/KCEiyq3KsMiMtYXHJ6qKoRD4QgMRCzdsBXgEBR0MFouFHryxI4vhgoNdFcFetITMKTiA0FatPVLiTLOU1f5+4rRaQPDcrvAERn54ZvdoW5FHoUv34IKnZoT8paGpHhEi5GjJwrHxe8CBllUBVdJnegzAX32ejrRL0wlyIACGkK6JVQEIkG40gHYYjJKXf7TMIJC70vUYhVZoKmDKeQT71JYoumocg9Z44XsCvhPsJUagnY8rhZ1PvRWyY77vyOBQQyahmAgolOiwLCJdtabnJGRK46bQnEl4Cx/jHS8oBAW0e+yLDjg1CfPm2nkTSWPV4CBjPIMlgjNhWICwMGf7WHpgJTAaCYvmyIQGUE/oz8Kr0JvWenpC+G5FJW5HqjwojQhegKiMTJ3HIscXYO8yEEU6l74Xz9GFIaghacleSEuQnKwnQIVxM8hiJ0CIQNQ5OslLGocyNcB/nj6R88T8uL5D4CeEwXd/zCkKbwImI/DKAKkw/+LAJ5DichzoIamkkeZuy8CYtHiCwBPVBSHRif8KDR3onwgf1hDKM9jtd9xRH9/0wAQeLMmus6dV7xvgkOOkkgP3MWBBULZ32Uf3c3KQ1PFbcVBu8qfJORNIULfVeO94PsQChhHHqIK6/JS0g0InHxZx6VBUVZ6XfWJC+wYdw46XxerQFxQiO2BayJwrPrz1f8zQLmMM8YYK1x8jqwJtHJYqhcuvAJlXYI9BX0P/irS5SVeKTJc2vNNBuPrkwrF1EZboQKSggKlFVvQ/RImkdecp2FDCwWcuerO8BKSM+ozLfJ9EoGzhbabOU5AinEOGmN6LNfWtuy3ZcpWn3z6Cee8qqJq1LBtqstrajpVl1eUpSorFlx363fffzdj5q46MilNFk9mm5svvfL6v1au6tOzmx6PC6EBKSE4Ci50hiS4xvR42ZLPF39QVTZj113KyyuZkeeIZBsr129Mt+SeefHNjz9f8tOvv9Q1Nf25cu31829ZcP1VI8b1vWHBjf8sX3nzNVfc9+DDd933yDbDhnaoqLCzaUAARYhkGaYe07bUrT977uXvfbTokbtuKSuvACBSwLWEIkAmqitrr73p1mV/r7j68os79+0v0222mSdAUBKkJKmUUpZhgQ1c0yRjlgJbElNKElnIM3kFqGsMlDQZ10gCOeFbRe4OLIhMIDAkRYAoGOecO7ktDFFxhoy5X2lIhQgCgXL5AcOG9R8zxsxmEMHI2xIQGQdQ+x50gEICLYYITBMO/nQsVkBgiEgESjneIW5bXKpUeeqHP/96b9EXQwb2GTZksJG34kJnXCAXypIAAJYdS8Sb2lo/fPPN7p277rDj9vmmZkRV1aGmqmsXIJREoCQp+c2XX7/y5htH/+/o7j36rVy9oq25ddLuu++/90wjm1aMffLJwrbW9MEHH2ibJhAgQ6WkHo+1mdZvf//TpUuX7r375E0zocf0mC503ZDScUoxzhiyTGtbvrWporyMbLJNkwnx86+/zbn6ukxbujwWtwjignFdRwDOhC2lzlFLJVvTueWr1z125y3TZ+xkZXMoBDmbJzDna3fvBBRkbW2tt9926+xDDspm0kLXSBEpKWKxzZsbd9hp17xlguOXkxYvr3j3hffOv+TiN19+cenSX6+55Y5ddp7esbbTeeeckcvnr778NrDw+BMP00QcADp27n75LXdsN3HsmCmT0ZQSkYi4pjVtrPvlj7+NnPHEa28efPD+nTp2lEoh88BnVNuEl2XYdHYGN2JGYOF73qIHz04IKQUqDCe4gqFdeytSo68tIWLkBKqnQOxFkKbXo+L8tWKhXvijqGCBvQ9hcAKBtVqo2qLZJRHxG7JOI7dDH/NTGPmExwNKQNzCjBuXT+h889JuVKrw/r+n3nj0eNBiq1exXnLH1QcPPmL3fZfBR2/YfjXe7cCiL63agkYLpoer+ArbwtBkIL9c2G1RXDK6ZPxJWwCJS8CQiBnoNxvV6aV6X9TZiAqlokhYSXd2xGqO3ix1tWPqFHsFIg+D4dkK2ix5lYC7BYKpoHzxSgkkUXgggk21ALwIKkaKR377SCf0VIR7HUWIETa1x00KDdFWeFGS31tZooXAMuhCsD+KAoXAqbCIz26HP+gDMwyq9rFB6ISJIHYVjtq5ixvdRNASPQs+pUSXZ779jYQIoBCIgAXqIzxowd+R2KRnkKJ3wld0TFjYoeBPL6enBevQx9UR/BlQ4G9KHdBcGK0i8LGtj0DAn9C+aAm6570THM5bAm0UXx50KsJUDp9DvHOWRthpRRDifHDbY15EvrldKXBHOT8wFFgFF6g6TRXqejfUSuR9qev5/MBnS+G8D1pE8DNMfSeCt95CQjMUVg+Jg0DfQgm1F/QePbkA3v6Fyn8x4qAI8y0y8zFUGAkBkCExxhCIIXdD0QWyxh0b9BlSTBhAQECow6E5006fSsigUj4lCBkcJWsp/BGiq7SUKzB3Ir6VYoqKVFSpOgtsUN9pAVSkoYK57lloxbQXut4j5KNUjCEIYeXSP/7xV2tTbsmSL444/NCH7rtv7erVnbt16tSlCxdaLJF0G5NK07SYUkwpAoUMlCI0DA5kK3PWXrtfdtG5qUSCMSGEjtwba2kzzlMV1YccefQfy5YhAJCUtplIJp9/6tkbbrw1VpZY+vPP6lfVv3efVEVlRVXljOk79+nX9/fffr3/vkd3mrrtEYfvV1mZPOnMOU89+exZZ5zMZFxaNhdM2TLWoTrTlj7pzAs+/nTRbdddNWvWbsq2GBAwKItpsZgAgEvmnDdq7PC5l1y5/6FH3rHg6rETtpXpDJk2apzFBEqFiuJxDZIVjAsEiqfiokMFAU/EkwSKI0FZGbdNLm3gAgnAyCpLEXJwDo8SHAVjgiMCCq7H9ZgmHHHBdMGIEDmABAAkYE7qPqE0bMu0JUIMIJvNWYbJGAOCfDovQWmxmPOVuTthlGQKgQiVZEqC47hUittGZXlZi5F75IlnNm5Yf/mcM1JVlZnGJkgmhWCMAZECAGZbXEvVNzbOv+Pe7bfddocZO0kkpVT9irUbG7esXr9x1eo1y375bW3dhnWbNvfs0rVPn22aW9+68dbbyyuqNm9u/Pn3v3aaNrl1U93Lr725ceOmQ4+cLQ2DMYaMCU3DRPKHzz9YuGTxeaefqsX11vq2eEWKCa5rMWeLY0TQGGtuab3lzrszTVsum3NOLJ5CkiIZV7a9flP92aeeePxRs1tbmgXThCY4Mj2uERFDlUgm331/4bGnnwHKQk2TzHA/bVEKydGCJKUEAGXbJC0kBoxxzoRzUDZjnLFEPKbAzpt5JGLSJs6zjU233nP3lMlTeg8Z2HPZsrgey2SyZCvQxIXnnNG3qjpZoZGUjz/xeN6kc8446Ztvvzrtostee/ShTv0HWLYNBCpvllVVnPS/w2+855GmplbLyANIIuV/gl/SyPWCniGMEPHwoWNVBCv9X0zVcAURwQCl5V9xTRRIiSIZ75kCvgovkmztIM8CcRWQWyQDI3ZmEXXFkrRYf/pYsX2V578bMvACAgIXf0HKTOlqi4RsCVz6Xzgf7Yyv9gLLuXj8tqLUI1VStF+RbY18wBCu/1+Ry3+MbZZ41J62dzVKWBu6u620ZwRuna8FuOi/Xf/nF3wuOnPJN2Ud+gq7WtLYC1vR4aJby2f/rweWFr8J0Qhz6Gq/7/5HQ57tD8WfgIaGOxxj9ypopxFXHHidaN8WKzj/s11Zhu2aWyHR4sO8AiAb9nyUcjKVNBaJPFTjWcAERMpJhyIvVuZuremdoYXghzLc9EP03EthgBdgjyBm5fxVZP8hkOPwjnhTPLsZwQ34EBAD5lMabNwScIK530UyH0940A+8RgN2u//DIJLqHlisAeYPwRhfvodNVDftlqI9DTcV8SyG4qjhwShsxkMmQaai7wIKS3+EIA0jrBKiFnVEI0Z7G8mdKFyc0SRJ8skI9w5D352EIV74s9bADkCMkhmApCiZwZ+FnwWDX5sXM/ebcmakl3FbGE8HzzuOBVX5fouIyPMmN3lpWh77ocTlPA8q8nsSRGyd7rOAR+BX695CJ4zvrigPqRdc5KTEB3/5cdhQtyjKSm9pYphVBfQHtRU1GClYZEyUzFEJJok/3sWR5IK55MS10ZdywZwsFtlFV7E2cX0doSntVevJukCW+CItMBAj9RXEdYutJmdfgrpNmy+95Y4PP/50zOjh115/0/dLf5p77hmTd55GBP6HDATkpJvaSu21z56rV61t2LixS21n1IQiFFyQlJVlldU1tWXJmCLGOUfmBqZISkkKAFrb2oAj5wxICYZgGJ0qq644/5z+A/t279ZdKnvgsKEnnHJmQ8PmAw4+wLDMk045Q8S0E4850m7LHLD7bl8c/MUV82+uqKw49pjDKW+ZuXxMF/8s++Osi69ZvWbNE/fcuud++wEXpmXpmp4si4NFDBkosmxjr332HTd2zFlz5u592HH3zL9q7713R1KbNmza2FDPEEBhOpevrlj5w3c/ZtO51WvWf7X4Ozuf//7HXw1D/vLniiUffsqV5II3t7SgbY8cNbymqtzOmagL4u6HDkyRKZXIZFsbt+TylmVLsHJk5a28pQnNXdwIZCtAzoTmzhpnMBgSKCVtQIacA3Lnw3khuPfNvXJz4cnLdWCIiXhC6OtWr77mlrsffuaFE4874oC997JyptA00LimaVKRYgAAekUKtFjetpuaWpJlSWDaxrq6K69Z8NHib/RETFpWTWVFZaJsm6FDTj35JDCNS668YuPG9cfMPmzypAnzb7vr5tvuHjd2jB5PcASu6Q7A0+Jx1GOk7LfeeOP8iy4bO3zE/2YfkjcMLjgxpsX0RExYUgKASJWh0GVb28JFn9ckyoSmE+NIBJIYMUZMaKlURbmm64wL13eFAP8fbe8daElRLA5Xdc+cdOPezRlYMkuOkpOSg4L4RMWIIj5RBEFRFCSIgmQMIIgYQQVRMSBZlJxzDsvmeOM5Z2a66/tjOs+cu4vv983zsefOdKiqrlw9PQCcETLebI0B5DE8EWLOV4iIIJGkpAyJgChiSFlSrdcACDhPhQRAHkWArJkkzXY7SVIgSYiVRv1Xf7zl6Zde/NrJX6rVu+q1iEfIo2rc1YVAUa36ia+clIk04rXf3/a3FctXfeS4D3/71JPee+Qxv/jdrSed/pW8EE1ZyirRKWd88+3FSx57/HkWc5AEUqpKNdnttUoW9X8cWXX/RWv4jJmw3UuLIKjyyr74k8xfdEEbzwCYT3wXx9AelQOmr21NtnVdLjOr6YvGQzXemUGKzDzO7hiNm94konScGb9IDM/Jcf1mdzIoiU8w+NRnMLXu6NZLgymV+2T84KIhGicNgOFPChAMokTff7bM4XmmYFwXr7prVgHASzp0ALIkxihMY+fzz8rJt02puheB9hxdLvOXxv+cjNuG3HV3CJIn9I3rEtS0wV19Zl42045CIElk6WFLTR1CD9ekhoV3VWlGHdZYx6u4CqabQdeRmYKnCmU9HKggWALdzdUowWXqcOFQpY4W2Ii0tPBbgCnorKlVymVKbhyHB/X5t//11THpse6X51SH711plaV0kyQppFTn6VjXXEVC4LjEIVZ2cfwpUEdmrr1wwiEABGk31oZHwprynBrWqkzDIzbDoLSFCh7UXkilasKClBk2MF8uJwRcZf/MqVV4/be0hO3ZvzK9g+jSxnO+vfa6HVoZQwpHdE7gMThpS+xBh1A8fdWOZacib7HMZ5dd/DqQC1wsgomMVQVQbobOdJj/6Hi+yDDuSEoNWpQVJyM6y+HJJORiDJZVLITWuPolXcNS5E6uIA6PN1c875GB7L8elcgaYIb56UUSAREkIiAw8EhK5acPOeNDIaT///vC4osorhs3fl9nXcgXfHNR6Dw4jzqEixYyzIN67Ud4gyvZcdwUy9sh15XMnXMEUn50WcRWLV35tfMvuuPRx3926YXv2XWnO++674IfXLLLPofss8+e06fOmDjQG8dRV6NRrcYRZ1mWjLXar7z82pNPPr3tJhue+a1v1Ou1LBMMqFKv33HfvSu+uApJQn4OGhIgMh5JSdVqpbur/swzL8ycOZUzBEGQkYRsr/33zT9pnAnZbI5BJqJMQEKrVqz66g8uffSpZ6698Pxttt66PdocTdOzTj15+fKlXzz1tKVLlp34mY/31OtA8rbb/jK4cuUPL/nuXvu/FwD+c/edTz//whabbvbmGwvmb7xpNY6BJESV5po102bN+ckPLjzx5NOfefb5fffZrXvSpN//8afn/fAaASwGbKepyGRKIIGdc+nP4NJrSQggRjy66fYHbvzLXZi1Kl3VZGwkHUt/euX3P33CJ6+/9Morrr9F8phzJkhGETLOhRBZmixZuvStJat32eeDAJKx3EJlDFEIEpJOPvHTHznuw2L16vzwLwAgUh+AAiDGIP8EJeM8qlTU6ksJQr3yLwlYzNut1iMPPXrznXfe9vc7RtaMXPD1rxz/qY/F3b0yFaxSAcYmTZ/a09tz85/+WqnWmyOjvX29jz3zdJKk8zfbFIConfY0Gnvt9p5dd95m47lzNpg3t7e3f+KUSQveWnjaGWevWL7ysvPP++gnPyoJmytXf+msc0/92plbb7nRo08+dvjBh+bHDi1atOjxZ5676Q+/v+POew597/5nnf6VSVOntptpXKkgQK27e9bUKffd968fXv2T1vBoX3//O8sWLli4eLdDDq739I61M84qgJwBJO3mH37/+ycfemisOcqQAwLm+3UBq5Wo0V1/beEiCVH+JW0VeCo1iVKClJIhl1JKISPOLrr4op9ed91Yu8kjzhmrVOJ6vZpkYuXylZQBMs6iCJLk3nvuPvzAA3bdezdI06mTJ2ft5o+uu+b5F56SCJwQGFZq9SxpPv3siyd+7KPVCtth2x2+fsIJ8zebByJDKaXIiGQ6ljz4n4f//I97P3/cpwZ6+qiVcCnz47+1rtbyqAOLXCso/VliVR2FCI56L6+NEEBh962vAXTAgo41L+gr49Ovs8+X+9fj1RsRTYOSfR8ObCHkzo/OhTP/VUW/ScFX9B7pAbx4YB091f+rQ7v2yyRly551uF9w9d0FDo+rKR19HLz8isW4lmUc1snd8HUgXrh/tdDHwlJMQOiJ0KdiCdSeOFHQHRCcIy/GA8YZoBz9zqW50qto69etW5GBC8VSRFvBsDXm0gUtguD4ySVVnHKQPGfeD9XX6XLPvyUHIwOkXjZfZdgG/nnKKo4qS6SV6zKtN83gZpeF1wqBAGSewgIJlAuMk0n0WQAhL0x6OOjX/rX99+v45P5rltVqLmetA6KgnsRda8d1zGMQXch0dHTguoOp2BpD5pOxQCtwWJ9MFUlXJN1Eo4pbNJNqomIOIOkzmYJSuwVMIaQYW62lQ249LloDp3HU5WczkoJIYay3zppJLTuhjaYUV+hlILMO2t6jRQ9cK6s2gyJoD96hXhjdmaIXgRs52ywXOhD7CSQnMkDzzB4OZIAwzOrFQEhOYtWhtwXSIbmtLfveBtoqSw6LLj7rVQbSL5sajFz6gqPNtXJ3zpVGVDUyph1DO52e00iIJ+OhDnFntyRwnoE+Cgi8ynkJJxvQzEzajpZmIsdzpExjM5czhUXBH8errZrcUSEh2smmEaILk+U2f83MH4rVCcymakMUxRT6TzTaPD/CDFGg7J/Q8/3TvrzvfnuydvOwg9+769Zb/OoPf7zjgQfuue9ekulYO+UM8i2OWZYBQoTxtMkTd/6fD9fqdTmWYsSYQIasGkO1xnrqXdVqRQGHyDjjwDmD3u6+mTNnUtbOWhkQABFJosFhygQhA84ZAbTbEYt6enu+ec65L738zk8v/NmQ5EsAAQAASURBVO4HjjpUppJFVZQZG5jww+9fMGnSwA2//vWO8+cf/L59RZaceMJnP/vZE6qNentkuNrd9ffb/n71b37X6O3uqdUO2Hef7q46iQwQWL2RjgxPGBj42RUXZu12RQKtWvP+A/bfZN68JE0qAIwRATKsSMpSKfM9NZx4FHPkLI7jVEKSZSJLRDudv8XGMLhy/iabHPv+QxKZoRQAwBlUKpxxznlcqVSFyNppIgFISgSQCIgsTdJGpbLdFptAMsaEQESUEgBEmiACZwgkmV74tJ20R8YQOQCQlMAkSJknW+NKbXR05Ppf3Xj9zbee+JnjTvns8etvtEEmJEnJqhXMMkjTDdef+5XPH//DG35x9c9vGB0eY0Rdje6PH3PUwXvtmq5aMXvO7It+cD5lWVSJkHMQxAnSZvOvv/vdU8+/dOF3z/3kcf8zunqoUqt88KMfWbp0yXk//ekNv4Jdtt/huGM/BABjaXLGGd/8w23/2Gv3nX/0vXMOPfhQVqtSs80rlbz619Xo+tQxxzz32quXX3ElZDLJ0oxg3uwZHzj0QKpWMJOIQAzT5mhUiXp7642uuLd3oAIs4sjiCoviCuf1Wg0iTlH0zHPPZ2kK+jB5khKJQFLWblOaVaIKSZklCQLOXW/WzDmzKZMR59W4EsURMtbV1fP6a6/HMScecc4kyW+c9rX+/v56pZa2WvM32ezjH/vo3++95+FH/1MhDsQqtSrwiBj7n0Ped8KnP1ohhLj+tfPOBZFSkmaAlCSV/r5rLr3i9LO/d8yRR3zmUx+sSspSwTiilKD3XVmrEpwigEYsrbXQ/geAzihpn2GcmCT0FVyBN8GnowoArA6wmrAwgWsIlPUt2Srpo6OfkPu78zYQ9LWlVaQGMK+apFs79CJznILNzwb5UwehYjBsBi+UmHwn2zdblkK4tjbWdpTaJbRuYOEyN6loKTynE1So747vo2CroD4gYWjaoeyGxt8Ah8LoPNJL4aOsrXLZDsliwRlCKhVsY6mRLjTx/AfD+f6gKgJzn+qTq0JfujOT6NG0FS7sM7YuCvo0Kayn4ySCcc/sCMazHUcPlCJuqKqZUE+CNkR3oxYDigkZHEksbh9DFwtHVPUcZjgHNq1SAOxtr2SiS34ohCxb8AKqDk3dqyR1YUA3SqRIUHcp0OvoC6CURIIEEPG4+sO/nPfXJ387sXfW2cdeOXnitGY6yjjPXWEOHMEcKBYgZCagkATW4zOS3HHtjePuDGmk0+OsQiLKkwwoKQE5Jwm4Izv0DmXbqmeP9d2JzN+BnrVmwKUTeX/78Sf4Zs0KVh7yuCkQLaQ2GjbSppxpvevYDOoQFc0YYBq56FKRthoXbczJkWCr3E1ICEZpo/vYmV+79aQKVGDk1FhAcoZ1/uvmIEBZFF3vNVg5O5nVf+zBVAFWAbPph2bPjnqQB9cF1e+wXv4f92xA8ofX5LKaVIWj1ugjQ8YApKQqVoFlV9/3/T89fNMuG+71qT2/PHtgXpomLC/mOPtvSwNR9duEbmCQKFya6YwadUfoYKccvDrk49FsHFJm3dWbFnRQG27dWUh7An7+WgsjAXW0YWAZHRnL1qx552NH9Y21qu99X+OUb4hli1mlZmd2TFdo1h3BD+XDcqaVcBPYS5Ij7bTeqGGSAhEJyetVWauJpDU2OJSmqZAEBFIIyjKRZcgZI9ao13snTsCMqJ1BBEDijn/9Z+as6ZtsNT+u1SHiABwtDJKIGGNPP/jQ26+/vvdee/d0d8t2AkKClCAzQpQAEmXE8ZEnnkbOgOHUgUnT15uJKYEgYBwYQpZhNc7SZPmiRf0DA93dfQBIcYTVSr7/m3GejDZHhweFzBq9fbWuHtSkJwAiwZKMIVEmKMuIgCoRxTz/OhUhgsw/J8TsB6CUDdCagQgQGSKMjkKzSY06VGNAAhYB44xzxhiwfPcsuGdUG1IDAJKAVhuaCSLk3z1m1crzz76wdMmyXXd/T7VeF5kg5FHMW8NDzz76RFdf72bbbyOHh5GApMz/BwyBwcuvvblmcHTHnXfg1YocbUIcA2f5V7kQABhmJEeHhkaHh2UmKpzVq7V6VxcSQJpSjjUp/YSADEFAtnzxkqaEWXPnIAFIYEQs4m2ZPf/k4ytHRjfdZP7cjTcAgWnafvKRh0aTdPudtu+eOJGaCQjC/CMriAjAADHmY6Mjo8PDSNRutRF5T1dXo6+H0lRKApEh0OIF7zz4zHM7br/tjNkzcr4EBsAjZJyh+pJXe2T4ySefmTtrzvQ5s7M0zd8+ASGRsubw0D/vuHPX3fYamDSxOTx4x9/+vs8hB3VN6AMpIH9PNOccKR/41wNTp07ecIvNodkiSVSJZCaonTAk5FwyNjy0OmknyBhDXqlWWMxZXKl392AicsZQvIQoRSayrBrz479wyuQZU7568v/2szhrJ5wh6PIsmTqtsWh5Mgq9dF6ZGtBmy3vm5pdRtlt8+vShP98yfPml1dWrJvz4Wr7jLpS0VV6Jc18dqLlCrVsWFmrPFQDUoXZWVxhZAE8tu37duhS5ipowmL1YZikdxYNBKzq79dFi7NGy6KnnxYuSqclbIBsJ68A4AN5FwY/V7f8XAxuby8X8jZ3CkRguytDBIPrTO/v2Qn+prIvHJlQoBRWNtbeCHSpDHvSF+UuXuEjhTjYatJfOgHmmv/DKWP6PHVaPEg6r4XREMAxA9Kvs4xHTy+kQMf39Qsen8kDSN7VsoRfGl3sygbCUnQVtH4EjkqUiEwxu3SlfIfg4jrMuHiHsoB3FudzdMvVPF2Y9pj9WAJ7OK5QFje770MWeWnZKbgarhYAMSOSCk386EgEZIoFUL0nlwq4+lamInYNlwwwreuiJKtqZiuh2QLvsoccViD4x7VqrA4xy9xKNLNhmGuciSB4Pkd7k6MQSTulMBQ3kzh1egWFQ5lL/5etxA5n6jYpdPBCcgW0YRYUWZjCFnhfM+eA5nYymRe0hFmLQPKzzodI6KF9x7yBp9bQj9G504VknlebLf5ONab391c7KqLN03O9Ym8IwabAdimhQFXEKEIf0MpxmeMCUbX0dTe4dsjfMQ98I+1fOrgjgZnZIhfrMQFa6lgH8GsLxpio/mqDjgQUdr3HMG1jkAVyd6OBgipl5tEmujJS5Lib3YEb2I9sSPs+zqYRrWYHAoPgvNHsQBylxK9MECNhbq4lMf7MqYpQKlo5GMa8PDEDEgTGIIrXIUoIkEILaCbXbkEkACYIg5ge8b19kHAmhnZCIAQQwpoWSGBCm7a232mrLreZjKmSSAkkAiSokk/nHOQBx+63nIwDUa9BO5UiKnCMCz1IAFJxRO60gmzV7NpIEkRGLAEBIAsY5SJBU6e6qdNUBkSTl1UKl0aUkKQWgzCQTEolQgmyl1MrywwEItbeq3pQjAgKpknJI+tvDCFISJ8GQUTOhdgoAikQ8kiyCKCLOgWkZxvyHBAAgCZLyr92oFDxJJKBma7NNN9psi01ASEraDDmQoFZarVZ32Gd3EBmMjDJAkgIloSQAJAEAtOmmGyHjlGayKahWQWSMiOX1N0Qi5Bj1DQz0T5gAmQApKEkpEyQlIAIxpWTyeJUIpIgAp82chQyFELktRESSshZVtt9jD6xUIBPQSiDicSXaca89AIgymbUyQsaZBCkRgAMQokSEDBr1RqOrW5liIUFK0U6QKBJZfvLwjBnTDp8xjQPg6BgQACEyBowB5+p/CLWoustu7wEpIGkzQCCBUoKQINOuWvXIDxwhRts0MtyI4yOOfr9sp7RqNSIi54AMohgZQ8Td9tkDAajdzlGWqSCSLOKMJABwwgl9A6gWTgmKBEbtLDec+RevgQClZEDIIEuTb5325YnTp1YlZWlqP8Nc6iFpv8RtEO6/Ve6PrncYT1UxkfrTcSwUl0oi7ukF4wkEsUWJJiEtINonKkEAfGVlCzKBb1qmTsfLu3W4jKLyHJhOA7qkoRLCQ74hSPsXQZMgw+gdhWAsox+6F8MzbYz9tURDrjDtXZ4AdcJLR41bcMocbetGWz/DejuuLe98UTk8epVLzLIXtOfi0SGl61ohW0MD9CAGCCgcwlCWKFEjoP+jOHuIq3fPdc7Q6eG8DGYBcIuBZZOVTB96wx7AORFM4TpcLCz71Ge5x+IUJ8uZyi055Ui5hCiGOZ287yILrlW0yaWxM6GzD9IDTV+RiTapA4M6MDiQa7KWuoTjKyNNbu3wARgPz2vn4kJEJK2fq57n5g4ZIDguMgA4sZ7q7/rmrokoiJ1PNINsaVLKsJfOuThFrPB1wdwzdF1DG6X77GJKTxb+fGzlIrnYABABc45TQtBZfA/BTmvheLGW1KbKp6JlK7X2EHTvzARNWnQcYpvgcaEx0ZIeJgdCBWiu7x7IMLrUNrjrNXcgMYYiEDxz29DCFQltlcgjBZhp/DOTLak0zDbGtNyp/kugd0tqPnBmUMxKiqDG0mgM3HWxRDYBiBsROZE5aW8YTQ7G5XkbAZNhRE32QE2oJBMp5lQ0BwkgSWp8zZqCSZEiw5yNdVTmKFzwpckk8zTRrKsQ1P58dRlqJJcNOn9HznQMlL4tsapkou+O5FSwe3kCV8QZx6a58wXSedyQM5xfZjBD5jBzoLNK6o4boxN4vFVI+ekkCQIQEUOVP1LCnb/b3BaYSmAMUCi4SJKUkEkgoe4xAEAShKkADsS5WkZmVByRzL9HS5gJlJKEyCMxW2ABwHyTjwSWr+ZoiwgZRwRAmZOYmMxfpgRIsjyhBywv3xFKofRfmkKeEsiRJgAiJJnPyCQRyfxdSgDAvFZoDxLIlYFJ3iCo74BK5fcjABBDYET6RQ4kBoCofX0C0rkwBEKTEWTqWBiUisBEIEnlxxChnZI6VocBCKXhJFGa5afT5Xv2SZ0mS8AA8uiISRWnKW0UKlWZSRQCMwFSktAaWCGtFhVAZSIACDNB+W4FdPaGSEFjAK0MGMeIAQFIgHYGJIHFmH/OWkr9zak8vGUAUgrAnJkUZRXrY27dkEAQB0Jw0q5ovo2s+V0CtFIgnSLIMwtSgCTIBLUzyMPyJKM0A0RmmE+5AEgA0EpMbhxU0M2QJBDThQKkTKKWLUJGKG3sknM7EUgd/RLNmDUNEkFCMiceUhRDDJVbqKjC8NC+hWk4UA+oWEtrEWUFSIYHiBAA099a1sGPo068PSCug2srZtqgQ+eL9AhaIVovYnwHrxC52aFKHC49oNcr1L5GyXSeC+3Qmsed4K2Dl29sumet/DYBLmBn0WRHLyYuDwXJg9+uiP7bImPuF4nsOutqVB88FTF6C+sUhHJgPVIELk+HAZ2dmYDhsA5pLJhkyWkNlE9ha6OhIyuqofxVCL7OXYxNKL9pjgH10uYQLLIxrkH44zKP6Ro4LfkNdEf1B9cOQk49zxdytYJXeEMcR7KKomf7ut6j9iDBdVcMixVK2Z7SIL8I4JEvpJ37tzEjAQU8n9knUOQi9m6Cfqsv/4urGLcW+b5scPTQUy4jI30Qin6Wo5yfhuvVGQPcHIUVqncMGnbExDx1FrxcB2l+8xoW4DJ+qAOhem0VCzxOGkF0jJydR+mL3HfTKsBqLifqKElxoMM55JIkJBZaVWzG92iev96oo+YCNY1OD5fATBTMiKY5OYMVuL4wE7qqBkoa+Avppa2Ly+kd/Nvp8vWSx9NWph3alIKl2pNPvNKjKvIh7HKXkMHPBLu0dbuAXRd0sc8JmNd31I1c+SK4w9lY3cMeS1BzM9yOh5QnpP+7C8FzuYo6bV1KqYEIK24rOjEeocqHJTuA39KwMTm3XR4IVtzx5QLYwLc+TgvnraDcJBOA+W4hA5QIDAnz7ysy5U1JphYwQ7Ijo3K09BoxKS3+anyZ71NRgOfODTrv3bP8Y8bmOKccNqXfSBV0kJHeL6JHRyl5lultlmRkTyUH3f9JiZIwhy03EiTtaHk/hsCU9sjJIgGAJEr1bWnUnYEYkjHXEigDYMAAJDGSxFj+7U9QGjUfUgKB3q/jrDURMMiLh1DccqKP1TMylOdOVLIWGQBjAHlVU/mYagYJCCAB8zjf18D5Ia7eUTlmObVidzQdAgNgOnQF/f/IgQTLclILTVsCBEaSJKL6OKdJXBJKqdDH/GthxIHUzuf8kgT2i9mEjJmaZM5LZBc0J21eOddI6PUBCYB5jkMC42A2NhIgEki9lIqB0Wbw1OCCOZkf7b3lhWKplq6VYXC0Wm5D0BNFcp+WGDkv8ASLi2vn3PF8IXcrKIUpqdQaKEXXUY12dOGMTPk6pZPazJdiHG3t0KPUkJstABVA6r/P6D0M5ygYeT/y9zabuJFDCIyTrwc/BF3Hyw33Heig4Kr4KAT74oymJzOmA2QumUYs7QhO8Nl5pnB7rzdrWEALOKpAZC97W5jWpWfHZuPRRUvceN9vUWMGa9QpYPHkb50jGnc0r/AOjte0tiG8moCCRT9ygHlXrs272lbgdMuBWEfI3Z/rKgsdPZ51HjZyvbRc5bveW1H1mMiwRMeWBbFuOgFcifLTXcE45ZggAUrG8vP+EQkZMjSGWgmW1clKr6Ep3fjyb5MWljPyAVB6RQyA0BR4pgoQwGVcD2uT9SfXKdeK3wyhp7C01U6ra3Vs6Uihow0+mS29jqAaYpgQNEdIB4TOXKBGMSpP7zJ1LYTdZ0CuAlZg2NUDvRMGzUvPZENQBbC3tOhYV7BWnaxfoNxHcl/AV6bVZK4dAUd3fdGqSJP9cSdUzd3ERt7dks/lk/yGcz4RgPkr5Ft14JVHInTI5jEDaHcwb+O8IgDuZH6yVbvn5NANrBRYbUd6FuOdkbcQltXJoY7nFzlUBpJS5C6iAAnaezM0cPjfTKB4tGiGQVsg5yZBgZ7oD241UgnhVbMgBHU7hkrGdwIDNWW6KBmxqWDXAQpANjiZ5LOPjYuufT9alZWKlioPHNXb017G1QiiPoPKnc8/ERodN9bhvDykJKVkXfcGARiSZM4ecr03MHfQmXIelaznBkDVPF34UL0OnesYkwwGm/QgAGIq4lRHbSADpVsRSCIhyFxgHNqoUJRMxIJESHl+JC/Rm8ghd6lZOD8iAXA3NNJUUqFbjnZO8bwZZQgEmYR8EyljZv8/2u5G5aLmaFLvBRKoQptzXJ+JdpSqB6XwQYVMeRtgNrmvW4HWizoqtxciEDFtUVDp9ZBpFbJ2IhU2WwOpCrN5fC5VLl/vxUHMo1ZmWU3BB4AsJyCCVN4zWDWnsFZWlyDfMGy4j/KoRCkeu0XSGHjXt1P/k5gfXZS3kWYhjPFzpJ5AcSnpVdMsr0Q3fxMMABnmNXxbNUJ018VRtmodPKOujBfou/kakOE0NZ2JgA3ZPRVVcOnDP8lzf/TlOCDeLdCGXGVI7E3y24TGFYwmdHRL0a9TiSFf8Xnc51hqz3Wkzjq97CqPQPxQRutGzXfGdAA5vpAWPzWgWRlnWUw04nlArsbsDKRrtdX3Dsq94vCmhsMdxGnjGBJrpzQLuZ6LrkrmFbYwBHV+U3jwgSGCvplLvetkFOyfmpGUdnYrzEGAgD5fFUkBoc/jZBA6JJoNrVwXxkTvfvRh5YyKYXCwuOTRUzGBLAhn4Fz4Pk/ANi7apfFRSVieL7x/3/a16rUAWNmApQn6Up4swc/VDGZzFSiuRc/PARsB6GGD738WkDerWEjPrMtFvsh17O8JkQ6nDFtLCzoiMmSMMQYs3wyD5vNzZjAXS1cBelrFckF5goQKLb0Z8tvKkJhJdHAesm+w2uFEegoPC9vbE2ujcLydS8oxtXQ0WlX3CrS+wz9aI7izk7FI6HTLnyieKn/p2WhI7Rs5FtETQGMBtAtEEBLadxWs5BeExV1abcedcCxXgIgllO70Lyh/Ui1nuGLGPTXZUwwl3eEHl70NSQsdbE80Xot/eZFr8SpqnALkoedp3CILs6ZkuYTnXp7heyLQ9U+zOOUio5+qZ2UoOIbCyJEXS/n9UH+oqmSuIDL0zVt5eqvs/dKOalAXAj16hkrMxzsE3pmmxHsJg08ALfCWNchQ1OiwnPvdvf/BCjtwOBTKvRUpCR3iSG29UcVg9k80JUcJgoKoIw9H9UJaNJylJyfFYXWMERZfQlVqUbkOSCAD/UUAeQ0zB0AS2eKqt49Rr13+Gc98TKs4lOOrblDIc4bkKixRHqGOfPxSjCKgJpOaHPUfxigole3MAIbIAIBhnKNGNuqG9KJr4Hw7AfYogpw9HGI71EM7iwmoiHSy04CcR/XqbVs1f76ODFRYjoycdSUFBgJDyCvqhh4AjgwQuV8409OBVNkEAFVH1TyvJtCIYS696qE1SfYfu75WN5LtAjp6tyvgOFE5GsyLHzSt8m5mWUKtbi2R5waY7cF6bjdX6nql3jKVK7rAcSq0KLlcu0rkz7FOAxTjDgdkF2DXcCuV3sGweMrW1wFlVpXGL+za9lYyS0ILZ9QS0mrHLgjxtCwpUDq6uIWBAscPy7qowmVYcgx/rHUujbOvKY1IlFq6En+jw9EJJs3hqSEHK7exUxVxwbbm27k8rIsxUhGWkHyWeVScrW936lEyRgHlgIedIY2xkFByYeloATwANuNbjDk7LUHpuLoKEbCZl5Naa+RZct8ROvPYBdEZ3EFOrblT13FgM+NHNmtuQwKHubwf6g8ok9gipQokwgLlQ4SdTBKhq7G0peDIhRCZFLkfwRhH9fJH7mjl9rZY5/XndbhSp9ssTZVr5BTfFOmsDbDM5zhS+h9r4JQ7Y/K27uTgOQaG9GpKa9DcLuAsf6CTgg6ahqa7xtEi0WklUI1jOqFDKd8UWBjIA9IBxkseKeQs7xRpYv6wK1rUboHO8n/qodztyhYTsIvkuAC+kJh8Z0E7gqKDAoVMdken9csvVOyTNyVT6yo0JM1eBh7yoA7wtabQourlBV0p8KXZYYaipKBCicBEOs4Rn3l4QSQJgASR3ornqgh0VKHO1BlwXEYEzTxaDj09QHbEkJ6aSmF2o6By1j2PHly21qH/tJUBJdpFi12qMtc6U/lf6PL/+D2VsGqFVYDMriT63AiGeyQIvVzmPL1cTPLtifpTQlbh5RsstSYzoQoSqdSE9n9sugrs6jsVRi/Z7nrdOcB57IGAxtuzYZVbhNGhICi9ywAImPVT9QeQ8v3GaDEFpTkIpFbonhEFAlVKlYovURKBACBH+5u10NnnPDuD+el4KnZWdTS9Ijqot38hMjKqCgHyA5PCtYRc4NSuZqtoCSS4WjoXLXDNnBpBB2Ooi3P5ma7m/WXt3+uxySGv/p8BRoJ+QVeiRp8Mu+QLxwDM2T75qE6sgogkCZm2Ds5SavWHxHQ9m2lGUgutNIdiDJs5MMrBoqKe5oPb+NZdbKdDripdwVdPNU8Ha+IMYgpN3kPNIopAVmVpP4H0T9NSyaq0R+YYm6xeTPYPxtQaTytSMLJScqkAS+PToZEHtQbBQabkZjgFgMnRkDEJnbp4FrCjLi3p67hwZmrthzlmBfyfqikaE+d5MnneAs1guk044P+7qxCCFmukVuKLlwlBy7YZl/zZ2USOg50dHD3wvLqZblPCXaWO3FqJiRpefxh/FNeC5sN2mNqBoVgULTIn+b3BVY8OM6yjt2EMYKf0xH95BVoJ1PoGqYdxwk63etnpKu2sNZiuc+t1d8IQy8CmV1QOE5FZGeMRmCSdxc7pE9TNy3DTkJMdxXNbrUEKUMxzn8BYzKNKBkki28iQI2f5/h4rSkYrW1idCUB5J4WLlE9jG5rh7BCOjTA0Aou0v+xOyInFc20cU4iWLg4ZTPBql00BoSJxdLCzM6O+YZkATDUeNQ00NqXOreFTlaByIfPlTTdUWXWPVtYnMKJFihRA4DqclN/UrVxUXDQ13j6lzIzkUsqiGzgFpollQyf/YFxASyK/BonWtnlhD2kbbqcL1D0YlDX6EFzGVTL7ovXw1ny6i+t1LJgQXQV2dKZxdg3bBEtP+r+oR9Dt/HgFEDEVWSJTiRJQbVv0dTcFikG5Ud7QoUBYtF3L6BKH/PuYr59PSlcLWn7zm3TKKeaQOyGaQw93RazQWwyDKSCEyhbUrBdLqk5odsL7nXJbjv5WMpPoCOAp2Vdp4jK77V2hQoZQtiag5yddDTPA5iKiwjytb/IuAjVzqTagyK//UKKFrvtEGgQgXVtwmSef0UqwCsOM9JkQJVeT6NpLcvJOKu5Cu4b5IAj6jUTPJklEYBzUqVpGC4JGD4EkoDRPUEK+M8fiyvQ+X6s39KZR0qjpRLnZjukocm0tckTz4icz4bjGUHVF1xwFQZSvs52VcVnGlAPNnmy7OVuVjTVpy4JPn+lVHVgNnBPZyaYiQ6dEYLW4E4ICSiL11U9Xvdlauqaas65a7YfZeu81ObSRhYo+0WLhMK2LjsbDG8EMXzANoRYKFEJBPyhV6NoBNGwC2lMBqb5uROGqergaXtXWwf3TD5PQCgUEewL9QQOnItRobhOP88gvOmnH2pvGJHC1V1SsmoJNzpRdHe+Tfa6xy/k42PZi5gl3fTkUMW3GW2jVMnzjzCV7yOr+9G4vJwouCZTJWRO/mwOesrUF387svHVcHcUMRRNZrKFZCfJulvr8XhLEHdw6xBqfQt9Ol1v87MQYJeNoM6BNLTB1Zpd+aiKl0jcH3X1EpYIUTOX+6YdURMR08sUOgzrRFoYA4TgQrnM5yqS5XT+2FsPtYjC1K6jbeEULY1KVCUOTuS4hg7X2Jmlo9IbHYC5NACAqaqGg9F9Kl1D1/Hd5IPTWzRY0bPxkPCVAwAndk2u8K0nay0eWbDB5XoQR5j5Frm/KMpku7/tPDOSOrLlaPkSb9AZX7ZnaVmrpwBiUQIOjfkXKf1p0Up3f6g0v1wY67cjvZrwkvy7qcLXZJ2oRdXnCGnY9kvnDw8U4S5ZpStNnZPugJqstwDghvGbYEhJ4+GkH2tiscD4yjdft0grATGKXxq2cBrQG/6gOS5yQrRSxseS5pyL0DeNOmR7uc3/pi5pPwe5Q1RVp7aubh50NuBovwCSPJ3LnWgjBIhxrD4+2hhixGKMo/55HEe4ARj+PYn/YbK6bSPKNYlEN+XrNS139H64wjC9r48RsHa+gTSmDaC+ePHGxM2utYt25cuoWeTDgTxPAeBsQnYyo/pPc2qM+hNTEVERuYYEkEQASSq0EyQyrfmn7kxsjs7QqvaZfEA/4URn7/H8IbjYG9Vv0BDongrr+qbnIJ01etdcoIDpvP6L1KlQnluPlksD94o7e90vSqn9BIPXZvABqEylDIKanRZ+jPJZ2LJK+z7RTjqCCdtAfFyN/AC1vaHwrRX0lTPpVRjIEtrbBMoZVgf5Gfc9RtNaezAuTns52Zd/Ng1jTygBkXvzUH9gMpBsI1IFTms/RjEUqwieLvh2BKM9NG3cHTDha1JNA2k0gZ8O2euy6SCW8pB8BOPgGgVWhUwehxXy60I4EP1UKkUgSAjDfNQYG7mtencsaBcXj+MEFqMDhDOcva3+UUsrhLMfOcZn9zt40Pnho249zBfMRlSJcHGpdIpy1T93pSRnYQSQTPBt3IvuiUBkQnRGxsSu46Sj36lTnXMcZOl0dAr9wbu+HNkwdcwxFWULXuOSDlDCY9nPHgaDjRL7TZDk88FvMWCp+95WFu/SBA2Ct59rIPA7/uIQJ6hyuW16Chrmnt087qY0cJLRjWle0pPBTBpb2MpVND9bbxc27F5kbeT7Mebnf0h2LYmaIWJb4cVJgrs5Ujo5BtaitbRtjTZQZBg587pS5vd39y4cXL1q9IJsrKrwipVQmGNSJN2TrOzZWIe0hkQOIgsNEkxiAqokJgDK3SZY0DuKkVT8oe+bbKIUT6qUl29VNQYGpVrk865C64F3aZiY2M9rcJN11GcgB3ZAWzbavoFbniLC7/VibHR0ruWBaS6jCcM32BjhyJEenDLz0iQXBPwBFKQA1lhIGQue2kR+TcXGdKafuZhB0YLSTOmKtPEBTTkYXN/1P7qyj/sanfynxIM3tRtVaVAyOeuHQdjGnf2muchwU6zI6vgI5KsVT6x4l/M2Z+pF9SU7XvdTJoTnfofqPeu0OCRBWDi9fPbayUW1M653eVW0AAOY7JDWxLA/lk7FQF4BFxGQZ3a1/YHNQehwnhgmoHbpfhsHM0vjVALVCYe7bDK4WOP/LiajcKZx8qBm8UHNAs5QFiM3/HDnWcKjQztSqXc4wHIVWq2iQHB1guQ+MCvczP/pfDQMy1Hzs4IiorUNe61PvBKqZVBCq5zAqTLEAAqqNIXbvq5k13/2Yi7vO26vIk6mOxJiWOr2HhBwq5MnjnOddJW5skElOAgKq49DDkovhPJmTzD27wVn7fNj8f9IJQQGQZP5l0jwPQ8QACRhTca8TwgIgMGY/x2JjEF2LUtrVMJ+mPyKgzk2TFmO0zKP2kJCpTGq1os1bcAaaggfdWcCuVxg165dawCW7qqHopzqnruRZ78JVFEZg+XuzWlvmq5JTANXKIkqt2VHvLbYo6NiVrC1WsTUZzQ+o35j1L6sOiDQTW3VvlloRIbfXCO7uGD0ZgHeOAJgUBhqQNMZG1zgcZF/1MoushzAcHHi0TrlB63qNoNEJVu0EqbGOwU5ZPdDssPfrFQCO8XJrXv54xoQhFBq4HrlpaTYEWYnWLGFMm+MZewepGT2l+lomGScUtxcGyjzvGNgVMyB6q5nj6Gr+cHDnmDowqi+wNwZm8zSHRwtXPpAF0p/HcmAwJhgzkEOu7abT3TqGxkS6RkQZG79mpW2h6YKwlgys0T/mg2Q2a+UD485ub6p8FOiehj45osaNVoUdAGAOj9mOvrMTSJLnKAJCEQzQq6C5z6e5NdloiR/WUTUwZIyg98zxKIpMFWSxwbHloJSGB3NxaiVB4ctYRfCAUG++81t74UG46MZwgZFBLNMA7kQGNXC+/wlgrLuDbXCzbLgw5sZwecKJ9V/jjuqEGIjIgBjitL4ZXbx7eSbfXvJGq92sNxpSJsoPUx6M6zyADk2D22BcDm3H3QU3SsY1FIWB/aHAqiZCpEIDNbBNMpMVHuiw1cT1xYOxjPahIjBarshEwjlUTmwfLJe2leSO5lZAvSl97gcwmwcdV8MD0yxlx+VWIm2UexAZUvGX+yphaGyUTvFppAmuALUqX0PgktnhfGdmn5cRXBqViJnlSFNZMo/cBQh0BZj0p0EADR5mbUomDNbWek0IKslil9cmulyGdMdyINDv1uc0E/nNRSsXLFu1vMIasyatP9A1VUqJ+ac7ykjR+SKNoN2xQyHbaIA1CbzkXDBc58qka4M1rzmjBD0sB3is3gEH6yQUtvFoc+K6elr7KHtMeluFnk+pcrcDmLKS2d0YAtuBJOaZ9tMCFAmUx2MOkUYkxlTYqCJA+1IkSglSGpog6G97gkJUe+f51zIZMCR9WrlnyKQEJJASBQEJtT4IhAw4I0RgHDiifRNVoiQQwqpaY5Xdj47oaNlxgpn+uowRVnROWQWWfyZU97WOPTDwuNH9HKXqQhIQiEmJQJgfxMSY9TPA2ZELCKC+mQlIpD7BotfW0hAIkBgCz4HRcTiiREaAjAjyr0EattQnuJpoPF+qfBwCQCH0aZi6Jgouy+b/r+JOwPzjK74Oz7UHQ5I5T5DedK+1vSRgegM25qE+I0QCzMvFmH8cRckgksp8GoC1B0OOBkFU+RKUgIhSoiRjD4kxxX7qPGGDIKP8Oy6eZiaykbk6Z1iF62Z5FNcqa2IyA86eIpvaCC5jYVxTZVIFninzvCtD/1BjaXKY9fSVAtpm3sYWIwEa59IYzN3RFwRgJRrEqEq0XRB0AOAM2ok40OE+2RVyNbZnlMFTGeO5EGHwCZoV7XN/w6FvhUvHNfO5lttQDZ2j7Nwxveg3iDwLrnKAMUAYrDpTuz2sUvItgePHKOYYzyCH1bPOl80CoHdnnbrqLIO54f4IP/HtDl6YwUusIKpzte2bLRA60uOyjJ5BNTJeQbBL0YO6LOcCwSM3/vHP7CkBp0w0xt9dZXRDEbVQ3nMN5HuenUa25kCPbp3bcRddOxLryA/hFYFVZJ4KMwolVI5qOkfMAhHy3K914m+3L2iMnaJWDoacNmHm5AnTFo68vnDF6yuaKyY0JjNDI4dVPBWmDIh+rUtpJ8dFoDDe0ZDr/uq/9t2pUqk2asP+qf1k561M86YXAJgKh08lO7Pv2GkX2nhYTjgL6hCJgikzMPtDGhMPrioza6l66fqLA5kucXka0IV1bQrNPHWQ1ryC+n2hDupVQWUMjNWIoZ0A756tz4BdaLKevDOPcSIU8ghFk0GW3Yw9toM4tNYOi+0Q6Ma8H5k5yBiN4mUAckfwNLuHBqKzpAAIXlirnK1QW9mltEknMrUUAJBSVlhlJBt+dfmLI+3hiV2T+7uncORCirz642PmsAyh8hbzXFHuWOpkm9MplEQMTsmz3Okg7mfdPLJYHsPQ1HWYMV8n5zUmKjbx5vV5Xie/VYa4LHut+MoOosIMtWLk6h6/k7dLErV20zDajFMAJ+SGOm9k6Ofr7TwERSDGiHOFPVOxhJQSKEPGc/VDGZEUuaTaHbA5EPponzyOBcYgf0kf3aoUAUMQEgFACosqMuKMOAPOCTkwVB+EJAJiAALIfKTEKLJ8awoxqatuyFTGHxHNx1EYz9MoyDipb32ASstIQACQRKg1O+a/0Cc/EQJwAslJCJAi78mkBAQu1cuoOaWl4UTppuMYIAAKkAjIUNqEOSgdRblQqqOAkCEyRASGwBgxRoSUf8iUVJoTBCGTKBGkElP1lIAYCsYJiBMxEkAoAclBSvlcoEJcXfZk9r+WsSQACEmEgByZBMctICAGTAKhPnMMCZE4I+QgJTCORIQSZa4uGYGUDEFKffyPhoaZ6rO+x5Bkfl9bYs3CUuahsBYkHaHlwKuUh1LIgPkGViCSOtAXJn7WuhqAEek4KjTIpijk0E0nu4yeda2M+7eax1FHZg0cg2dNufvcgYHAg6p4hc6n0YeOY2CCyfHttBdW5baA7E00nrTDJAFmFhc/CBwPAcfhcVwUC4kJNYqaW2lH8omk0mrWOpAhrx8MFNtY+MtQC6PZoovvO8aOIaBgEO+pM4odzfZCs2PNb+sslgM5dAg23O4UvA9l8Cykg01jt40bKIa5DAuGHVY7O2hNJ5XPZSfVTOiGQeCJiXZtHKvqQuBwhZ0FHbDcrIGx3f6kHRiXNA5ugkgvtF9m0KxVuljucvvOjIOH95s6/QUd6TmeyIdrVhgbQxLk/gpByaDkwm8sbbkPBRHobQJh/gwKRDT3HVkNYVKT+mbO0wn6YJuyq6gYtXhgJkV3tWf9KZu+sOTJFauXPP/2U+v3z4t4LESqXVrQ3w6nEAowPKK9OLPdBcyWIKePETRSuS4HR3IpTME7CJQrH/sCiZnF/EvGbzStjNkD+9aUoxzNvHrGgnkM8CUwjdyWXkrNfI7RB9Jbf8V/lgWtAgcAtEyQ8xf5GwAtfN4uCDfREkooeCj4QyEUKaNflcrB9Frr8XzVaiuxenuV1e+k7KWzWCb69F/SN4JnLRWSQ0TQwZ0yA8o6ephYRA0AefTpyKGn381u8KBgjpa5ybC3um/eoDI09hPKhUuHwPkPqSsLyjOTQlYrtVeXPv/CgmdardakqdMGapMgP//SEXFLak97UPDDhKOapNZaA4DREhZitbfF2ycV6Otgg40zNxXoGeBP7kTBZflWT+PjhdDBeCjfwjXyhu3VftCcws56qqX3pMaUU0JPIeAqFyxykfVlidw2nrySyAARowiN5iPilQrEDWiOSUEAiJUK8Ro1myASyMVbHduTI8WklGrbJBFIApSIxpTn00ogAinN1gATGkmSIBAYAHIUOqaTkjJBUpIUICWql/gkgMS8UgnSvHNJedGVM2AcGAcGSBLiiIDyD0JKKaSUjHHOODGW769jBgVthowNyPESUgKQlBKkoCwTUhIBB4pJy0iOGElJDPKKHzgfDck/SZoHOTInjV5cgny/aa5EpJAAEMUcVAyPymTKjNQ5FgREIsuIRMS4ntl8ATXXOShBEgFnQCL3kryjdLV9d9aeIbjFatA6RBIwwGpEQkCa5hGmI095bslSQRt4AZzleplYHrQioQAJRJKAgCRT7K42LqMkdWoxEiGTJGUmcsYRjCHlX3ZFAqJKDIwoy5SGcPxLtIbP3YFOUggp9fdjpCqbq2/qSmJaGdmrpJrgKG0j9IaYaOQ0t3nWHphUsS+GRuUpE1QIURzrgr4HqFigBNJS19Yp0IGujnu4hf6Y/1dAiTzf5IZGptxnHCvt5gE4UZbtbu44cSDqEfRGf8fpMm1y98s/4VY7IL6f5nTxQDfaF8LLDBs88vwUx9AYxwOdEfJsjpnLjBYGmQ6trPEqA8n7y6GXS2HbwvP7g9n0b/ANKxU4vQwMpcB93iz6mIh+pOKPbFLeIccadeuwtF/ickcJbTeBJWbxCrBTQa9ZtnC3eakPgMHiKMbW7YyNVeLviEAAjJe+0XkKF9OgROmWT104tNOHnk9vEDQ/XN53EA1K37qsVDJ1Pn6Rto44h9iBz+d6rnIdFXz/M5glH7FT+P/uL6Vuy2o8VgnpH7q4bqVT0k6b7PbEW/9ZNrLo4Rfu3Xa9neZMmEeUMkQkEv4k5HJFgYGCG9poOJDk9wv9DIilyioH2OW8Qk7G5ZcC72i4SIOU49BBPwRWwfyyCPmjgs+OoVTbFSCvk+mAnqyGMK1Fh6k5Q7vnkMC+GhTC6v/hKX3DH9ShdcmFJb+p5NlaBnJXz9VgGjwKmRqNwXR0ibrpLJhWuCGpfCF2HzhGxUxHQU/L3iZBEihxAgAkkKB8ABWek8xrJ5QhIyYoe2bBU68veb2nq2+nTXabM2X9LMvUW1mFAYs6DkKeWtsWIKNlVe7UFY/QfofEWofLn32du5ne1hMte7y2Y4rA22FQvsLlY1MZ6+lZ9UObMQr7et10dQcAGca9PYQox5pATBKBlMjZ4Jqh4dWrJ0+dwhnKTIw2m61mq6erwZGYFJE2owhIEiBC5JxFEfIIGVOfZ2baLKkYSQIRcACRQip11oOQIa9EwCPgulyfSSklMAkVTsRIMhKCZH6Oof4sqRSUqc+VEjJADhGXnEvGAJGRrDDWHBkFzuqVGoDgXQ0ATmlLjDUhrhCPACk/yzkXCykEZYJp4wsEyFgUMSCiiAOP1QZlBMhSMdIUzbY+eYAkEVFGkuU5GZL6PVDSXw3Nz9iVkogwH4gBhzwqYIgQ1asQcUoyYECMS4ZIkhPxSgwA0GqTlAyg0mhAxOXQEEl1Zq/VBAAkZRxFEDEQAqSk/P/yT5XlBp0kASFjDBkCkvrApTGejo8ks2SsPdRsVmuVarUuiZCImQgaCSUhIKIk4BIQCBhJjpi0Rqu1OiFmBJIhMUaSsYwoSUWacY4yxx8QCHhe2s35gwGAQMaqjbrMRJYkkjEEYARMSgBcuXQ5QDZp4kTGuCqZqtwaUiaIsjyQRiAhMkTgPMZKjDKTWUacgRCUZ0YIAIEYA5CM8o/joIrAQ9fZk6BArIpGPGhc+oysHKJ/E/SCyjw5UYRnXa7SYkuZL/DuLz9ULlWBrhfkBp/eIzd/3wlBXb8q9Uryju8KlwDataloC27QzuhrN5ZQP5zERwisM04HwEOWcID2YC+NcDqDnw/67pe9uLplbrH7eLynnRa5UIkttZ7F2pUWoneDl3XIint2O15+PKwcc1BhisXCHayYcwlhNWyzzlA7goAlcBtIirxhWdKmnwIil9J8HPkwwJDTroDPeAhGToTZaRXzpEagxbQLXQa97xfqSCrX7aBr3G4dTMPpJlTMB+fyIREhEckGkzfeer0d7nvpjuWDi+96+rYPvecT3XF3WyQMTfxEQDb4VD51EJw4vnnxdd1QRjF4ebfMnhhvuGRni6loOR3QkNAEH+q+H4o4jTV04R/BbFYugpZOO/Qal/xWYzhAkNMskCMb24SJikJuRvMDgkrBduBs249KAC+1/cFmUg8NKrR2kAjWuqSNuRRt0WvumnO/I4YdCwLWYSK7aFRs6/xN3rMC04ZkcqifY4EGNqX9nXPzUO+VUX8LEEJMqPU99ebj/3rx7rFkZItp87eauVNX1N1KmxyjAHCNtxdeOSEoGUiCiqXNQQSvrzh610StxY0rNtPv2+mAcqoSbF6LRqt8XHis01d2JqHONDj80KkQ0TE3ayE1tEbzGzV7EpgzI7TBNHmXQMjQUN2qB+XklchbrtvUPmheaY2OPvbQQ3NmzZq7+Ray3eY8gmoVEO/821+vuvxH11/7k7nrrw/V2l9vvOnn11737W+ese1224qkTUlbtttG20uioeERAQiMUGIemiCAzn4zzhjnLIoiYBjzKOI8L5uBhObY2MiKEUkyjrm6WIycCSlGm60sSaWUDJEzLtJECEIkBrKr3tVVqTHUX0fJt4AiA2QSUaRJpbfvsosvf+bpZ8+74Nz1Nlj/51df+8qbC47/2DFzN9s8bbcIADkjkvnrmowk66pBFGme45ClMDrSGhmVlK0aXLNmcHDlihV33v/AHf9+cNrEiV///Gd32Hbb9shwxBgCsQjaUmZpyhggY4whR8YAMiEJGWOM8potokQADowjQyYzgRlxzjIpF77xFq/V56w3N0sSQpBAlUqlNTL6m2uvTcZaJ3zpfynNRJbec/vtL7/6ylGHHTZ5YKJotzEPyZGRFIjAGl1/uu2vv/nd77/wmU/ttd8+6chIpV4BkQFygHy/riQgYAwZByASQuhPkyIAixEwAkkkM+CVkVVrvn3B999a8ObF371wo43WT8ZGlcJgOesgy/LqMkgJDAgqlX/e/s8rf3LNBd/65uY7bJc1W4Qo8kNbo8rzzzx32Y+vOebwI/fdZ/d2kmDEOZGUFOXOARJJYlH85ltvf++KKz942BH7vHdvaiWEACCRoUT+xTO+2W6O3fDjq3p6eokk6voXALGeOvAKAEGaAjAWRwAIQ4NjK1ePipQzIiGQYQTIOOeMAxEyJrOUogiAkQk+tQiStspGqlzNXJ6ddysNCjArfegVz5QXFZrx3IEiyMuyRmXZx/b9Q3ezm+eMQZniQTOwHseZNDDf6P4o1kZcN2+cCCAIPs1opRBqV8JHyYdTFdk06dHcdGb0bGPBq6YCvvli6BXC0NNw4mSDTBFPNywnp5d26pQjWwTJ+v1OgdaEGeBYTKeUjXoSx9k2rrw5Fbx0Fm1J8t+KsV0La+NnC4PB3Lh9AQm8JSilkglc0cHFdfACO47abbBEBG8vEZF7Z+3RuIu4gjPk+SJUxvHrYMZNqXa8me0ymaQwqn0wYYXWkQsjJs7iuMVh2x5CSnf+Oo7jHTkCRAZCp3KPDi+Hb1BrcDTfFj0oM6nb3L8iKPJR2eVNXE5pDBpbFeOvMnqhjT3rzAe48DfLz2fE921z+AsLn1pMCx98/u5JvVMO2eboiEdJljBEBiB0V7uBk8wYVtU7BoKckpXvt4LjNHekkfX1tHqyjp/zIMDILK0/dCjQdixy1JBGBYy68hfYmim3ZTAoWroEDVyC+biBhwQ5RCuD3p2OPMp6xsGgZEZzIbEVshL3ufOsHgQe4Ts0xyL+pZNgSCjLyesASofRHdDyrW0aYkcZOi9VU/C0MLh+n9sC7bFF6RuXpCtTthchgpTAGGEm0r5q79ur3rzlkRvfWP5yo6u2w7zd15+8WSYzjhzVJy7WCf/xr2KC1t5xjdd/P7472LgAO0He/9MLO/6hpgVDSa2YAtvicJ2/zMESaP/RlzPdkcy+GMaIJMTxkqVLzjj7nNdeX/CNb3z18587YcWqlY89/lijp3H/Aw8+/8Ybd//7/vmrV7/21lu/+c0fnn3tjX/86+5XFy6oA9tkg/VnT5/GEEBSVK+8s2Dx1886b+GKpRGqQ2UlqNcDEQBVyCIwjtrt1re+/OUDjziMhEyStNHd9fvrb/rhVT9NM2p01YiyZqtdqTcgYqPDIySp3WrH1UqaymSsHUeciGQmx5L0I0cefPpJn502bWqWCiEkpIJlHCJOjEkCyhLZ0/PCyy898NgTg8NDMm0Orll+6y033/vP27/+tVPfe+B7Kc2ARTKOEAEyyeL4jVdee+mtNysxjqwabCft5ctXvvrmG48/8dySxcvbScI49vd3R3FEiJSJ1lgbAYWQ1Vpj8cqVP/nlL+964KFKVE1aKUrijIChFCKO40pXNUvTGFg1jqWENBXAaHRkbPMN533piydsvMGGUoiWFBdefPnd/37o+uuv2Xn397QHhyUDiiojo2N/vv2ObKz1uS/+r5A0lmU33fLHf9/3wPv22GdiX2/SblcrVSIgksRZddKEB++//6SvndFbqU2aOgmq9eceefjyH1/dTDOOLMsykDITggA451EUrTd15gfff/hWO26XpikhE0TtsVaWphwYj6OYRy2ipatW3Hf/w7++5eYvfuYTEbKIocwyVV5k0N3o5YT55mmSKCB56sXnn3rmuWYzgTSFVivqblQ4zxVWO2vfftcdBOLAA/bAWnd+IDCKTKYpEMhcd0XR4y+/8pvf/n7LTbfca9890jRFyN/kZBLp5bfermH+FVfroZEkVq8+dP+Df/nL31pZu2dCf6NRW7F0WauVnfjpT19yxeW33X53zGNkWK1EggTJrMIqfX1dq4dac+fOueai786cMY2kUMcX5WOCcq2sH+aKFhrlGeT7HPlFR28ZuXS9dy3hviiHtqXDD92/eHUo7BQshqPwO4Ssna7AzQseFebxIoR1rFl2BKWsINlxBO/o3LVPVELlIrRmN0dZA802RgGHc3VEXu3LBYd38hFK31nLo5iS6LqUzuSznGNHPNMQzOO4s2hbltXeOtSJi4OVM2cJ46nZbCba7UUU0qe4ncqN3ksu3/P1t2oXHOfxmNb1+b32naSJ9OIVPdKSLk56wj3+KpwfynkrkFAfixBysoOXcU45yOu8BaHQUZ0/ZLImUMK7BsQ8DvJnMlkotH19hH3dm/OKy74+x+Z5Va9HXoig/NQGOblrxgd2PvZnd/1okK3++2O3ALADtjmsHjXG0jEgmb9vI/NXajx0SYMLpoJgnpjqAFqmQwfxcskv3M/VRh5eE5UIsouTNTBYYAL9NBAIY/WsUAW+ue9e5zfJqgtyO7gLhEWEXQy9FwbAuaVjpSL3ofNf8uBy7+tp9U4oZwG83bgYdgwnsoGXt4IGHXKal9qaTgEJWhqUc4K5FJxFraDXAhzJRfepB24HLjTK2GAV0M4Z1LITKjPm9tC+lQen4VgCIJZ/wJCQgIGQHKC71v/Skud/9a/rXlj8TELDu8/bb9/5h1Z4nImEM45FB8oYfn3ukXt2hLEWlsod9FfAcuVtxtV9QZLbdiD/bgC/+bPUJzMDoD3STNM+jI6J1JEL3rjm2Nu8vOFm3M2qKynHte/RURUBV6tYsfAAMiPrtJvKarII0nTm3PV+evUPz7/0im9+64LmaKvVHPnZz39X6+8eHB4eGWmedd6Fc+fMXTU89OZbi0TavvTKn1JTZEJ891tf+/hHj0GSqUjjSnWsnTz48CNT58w+4gOHVyJMBQAyKTMh8iNoKEvTeq328tuv/e63f1i2fCVEnJCRJMH5Ltvu1D6u1TMw0DuhBxlLs+yc7104Ojx63NEf3GiTDVYNDX3/oqsmDkw4+uMH9XR3VaoVkWatdrrz1vN7+/uTdoJRVO/rxVoVGAMWqddBSSKyCue1WrXe6GJx/cRTTj3u08dffunFp379jHNao0d95GNZqy2yhBhHhKhau/anP7v0xz/s6xlA5FOmTp44YWDS1AmbbbHJXrvvPmPa1LmzZ8xdb2b/wMRKo8GErKdZNjrKGcvfTu3q6d1og/V7uvtTEq12mqYJZllPd/3x5196+rmX3rPN1lP7+7ASEVGSZAiYtNqz5s5tdDUkUDtJe3q6Dzvq8L/cc9fXv3bGDTdcO3PuXJG0WcS7+nv7evuWjyTYqEdU606r3Y2udibqA/1YibHZEiJDYLxe5d1dt//t7188/YwqVi686PubbLUNJS1WqQgiZBHnESBGEUdkEkhIEu1UAlUbdYxikaW/+Pn1l//op/VqvdlqCkGM82qtwni8cMlSqlZ++KNrbvnNzfVGlTEcazYZZwJEd1fjK5//wlHHHD02OMw5j6oxVOOueqO7u7t/yoCMo3pf79Dq1UNDQ9VKBRhQFO+y265LVq+5+/GnG5zX6tXuRr0R1/p7ugBZvjM2zuQD/3mgWm/sud8+1b7+ancGgKLVSkabucg0Go0oquQSqAJEksDYG6+//sIrL7Uz8ehzL/X3dtcqlVa7fcJnP79s5cpZc6Z/8QtfBBL1evdnjj/h/YcfesA+ezR6um7+y2133PWfJE0hiigzrzDl2yMQQM2g5QmUhUfPDTeC7YlfaEpdSdTGygougD3/3AyCeq+3St04s4X2CPVpbaXFJTAOHjgabPyja73BVdegngnG3+scuJY6lsVxOrYpvFpvvAtr6nS85w1rFK/vy65LjG0B0L/M1IF3ZLs4CAc31zpfvnb6DcnQIczvuVU+lz5hAa0wODm1Wc9Fx2AVSvdsEoZIOKlZU2/RpSbtxiiyh5Dok/lgXH5Af8XtfkkC6LB84c5Kbfg8QSiXmxIYPHQhXBALDAbtdAKhw1u1JVsGOohesH8qeKRKkWVrXT6a8TaDRIkrNGjlyI1vy7YtkAHcbCMrqUubZATZjVt2kysiAETouFnooO0D6vCfyQQGz/TUAebBWiO6UUbJQI5rjIafNdDIEIlo2zm7NXdp/vL+nw431/ztkd+8tfKVw3Y6ZoPeDaUUzawlJAGCROPguk6YAt7doaENifqv58lrgXEBNaB7gYHZeoFmCihc+pYVXdIA6C0TJkIGvfVY9VByaEayLKUXxhvbq5060BRiG7uoTjXVIg/uqSfSnNWkxlQ8aKDyxcEG+2ZuAymBesuQ7N+WOibbo/WFhs3S0Z+LAPSeUaehryJNQ/vIiEenHGnw3k/o4Wty5J+uc5fBv0zw5fGMBUbvc9BaIG9Nmgb+WFpnGFlEFxk7o8O3ajOresnMzq5ILSl330iSRAABAgEZ8pjH1ThKIbvruX/c+tCNS4YXtMWabdff9n92/OS07llplnDmffbT/JAkNbBWLxhdvZbdMppxLc8TuO3DdO+4zkRJbl4/KOb+C418uPw9Y3Yct0MoAZ0NhCOvRvMBGB/EG5DCfJo3sPYiPJOF+kAVrxvY475zAqN6d44hQoWzTbbe+pLzz5kxMG3unDl77LX7oUcc2dXb+5PrrvndjbdeevGFc2fMjBvVBx9+9Jof/vQLXzhh/bmzkySZN2MG5ls5OQdkLI4TxnbbddcTvnBircJFmiIwxtSeRkmUNZtxd89DDz/0j7/dAVJr3CgS7WSTrbfcdLstIa4agP94220xj0/+6pfr3b0AcMMvfrfrLjuc9o3TgMdAqWy2MiEBSIyOAmGrmd79t38+9/JLWZo2uhpxrVKJq4yxqFZ/6a13hlojN//+pv7unuHh0Yn9/RjHfVMmX/ebX8t2dsDBB3dPnZK02rm2Wblmdb2v76KLvr/dNlsjw4G+3rhWjaqViMec8QgEpWmaJkJkIJEhSiLOuUzSib1dn/vUcVCp8ziSJKSQuSh09Q6cespXVq0euvSSH0ye2J8mCeOMpETkJBJM0zpymaYR51m7fcAB773+mh99+oQvn/61b/3qF9csWbJk4cJFraS9aNnSVYMrnn760QqvLVj49vOvvCK5fPn155Oh6Y1Ktbe3t1KJR8ea11573XkXXzVl6tTLLjvzfYcdwhgCyM3nb3npJZcAAo8rgDrIkUSSAIkjjwFISAL24suvLly6+KxvfnPWtCkLFy0eHh5uJ+mkgYGoUnntzdc33WTT9lhrdGyk0WgA0YT+3sefffYn11y7cMkSFkeMY1SrDA4NJ2sGh4eHW2kTI8iaI/ff++8rLr3q7YWLWRzFtWrfQO/ipUvfeP2t9x9+dBzV4hqXzfZeu+x8+cUXTpg4UYqMRzwZbT3w8EO8Ed9151/vvfcumaWTBybO22De1tvMZ3EMKFmVQ4QERIwRsvywYGq2jjji8AMOPwyjeLe99ttxmy3PO+87a9as2WjTjYaGx7bZautDDjuII6vX6/J4sddeux/0/sMr1RqP4rv/9Rgiqt3IiI5UkhYwIzE6x2niAe1PGRvueA+OptVmzTpYysFR5VvV0Nhbow8YACAwFigXR/GUqcB88LLSh3EMcsVN5G0CNCouUHcaETB3Ql/WuEBlV1CIG0eZl9RO/RFKK37B1DYCKDOOEGrvjpeq8TrjgkNDM7LjHzt+kRnfHOnnghfgaD0A05Ugr4y428DKwHNHCQGw7Oq4qXpGz8UvBc+EC/6sYJjccDWZYxocP82fQguDxzxB8pp0rserro9rVe3+Wwj3XSKgGSfHxbeGaCurhXDLdT/M+H5axMi+B5jjvJqJHD70Exlg/bBxnSI9QTBIibCVyV+H+jmBjjEU3OjTQiNFLpN7asGqxdJ41XVtXFYyaHrnD0E5/msR0fG8P/CcbsDwThgaKNFWMZwu1KA2AKQ3TLP3bLo/i+Mb7vnx8rFFj75y72vvvLjLxvu8Z/M9Z/TP7oIqgZRERPl5Eiq2RxWj5HMZS5BbDGbrST7Keo8aueySA2lExutihS8cS//p3pZmc49+4Ji0zhsEXZsC4Qrl3G64haDQ1gXJURaGG01x01Ao0EfKuAHmFQbNn4FLjuhzh8OR6it2elq3jWO9PQXmclF5ekmGc2nD5fwTRmvamATy7KyRB4DLJO5ts0UEHRS89XePHXQMtaIbEhJITW+0i6TiCquec1SKNsED34xsl9wMqVaFOeSRRFJZEZkPzxjLKBlM1zz61tP/ef7e5xY8PSqHm2L1lnO2/dSep2w8eX6atl2HQAOhFFOpvutkRF06BVp4LVtk/29X0Y9RYHSYE51vvtnLN/YdB7fhrmEhN4OE5mMM4CuXIlShI1VWeFhbyZQA9JtlaEwty4BgcHRg0pSzzvsWQ4yr9Wlz5gLAkUcc8dxTz+237949vX0A0FWr/vOvfzv40AMmTZ4CAJCMtVesBs5IMkBGedEsZtWIgZQADBCJJOhPhwiirkolyo+eUfpDSiEyKSvV6u1/vfWWv/7jrQWLBoeGuxvVV958m7Ho0CM/hBEbHBx59vkXX3nrrfsefFRmWX6w0SH77v25z3yqr9GQQC3RuubXN/7t7rt76l1RhZOEeqVar9QFwLLBNZlIf3z19f1dPRGvjDXHxloj1Vr17dff/vg/v3Dh2d/+wumnsTiiZgsA2u1k1vTpu+6669z15mqKSSCpGZwD45xFlKZEbUKGcQXSFNtphFCv1pYPDb7wymsZ44g0MjzUXa8mafrYY4/LtPniSy8s7u4aGhyOY86Q1aJo7qxpMyZNzkabCAA8JkJoJfvuve/Prrr0jbfeXLN6za9//euzz7pg0rTpQ63htN08+PBjhteMpWk7SZKoEn3o2ONhLP3oBz9w/gXfoVrlb3/840WXXLbd5lt88xun77HPPiuWvPPkw49tv8tOA9OmdxEgcsYxl01BAEQgJAMCKbN2G5GDEKPDg/Vq/dADD1p/kw1aY2M5H0Vx9Y3XXnn68qd33XHnjbbcPGk2eRRRJqpdtS2eeOI3N94SV2vAGVTixx979LRvfmc0SUZHR5asWHH0xz7TYPGhB+x30iknLVm6/Mmnn/7dLX96feGivXbe6SPH/M+0yVOnz5iWiaQ1NDp1YGJPTzckCUqKKtU33nzl5TffrNVqN938p9VDI5mUa1au2H2nHX/5i59XIs4YNtvNuFKTDEACcQ6SUBJIUY2jCmS8p7vOocJw5syZUydO5gyTpLl0yaJqlVcrXcMrV4kk6ZnQ6OrpA6DXXnkpbY8yziHiIJ23+IxeUi8bWnEtimEopU5Lfb+wRRe1mtT+PKI2w6B8O0BAZEozFDQPMmN/A/HWTmUhBF3XC2GcsAfKTJBLljBVVwwpnRrX+MMG90saFDSwlx/0vSNtrMe9OgERQOtkE+zKUikDqN8BtuVLo10vE/8Ul8C9Y0uFGjvX7TAuZd60OFVncxdO5HYpvQjGEQ1/WN9hCPo4fqTZd7rWKEThETCVtxsBOsJH4arlh0yU4GFrjx3yLCX3A/5E9O74eYFOw46/TONfeV7AjN8xIw8A6hSostmd+ng4iOs/r0sU7VyRaVyK+dqpCVbkbIDgBCDk1M/IlGDRnqMB4GhmAgD9lUyzCVXVblASUP6xcgCGbJd5e3VXu296+BcvLHii2X7ttieWPPjyXVN7Zs6atN6MgdkDfZMalQZnLO+bHzSoYyePcogI0Kmc7aXQPGzB0t2hkfRc5lwtqAPmVTCjXpYj88K3rzD0xYCViJz6eAsoiezEkqa0ofvkOLqxZx40Ov+v4LXZPVKzKYOobvkaLTfNJjBz7K2OVAuI5ZZY625SX/BzKOnbMbB+uhd061y0Xh8LZP5YH5RmzbaniVwsbBLMh9YsmGqnz+dwgTCVJwp6W76wgV84srEuaLF0q8UAYDauatJ721jVTFhKZz1MPqwmQi4CTgf1UQhJUgghRJakyWgysnx46YIVr7296rXFq5a00mYm2xLggK0+cNQOH5/ZNyeVGSAwdbKnnsivtpVmTh3CaSRIJ8/8/UVmqILGJOffjrGfM5e9a4cgChwFI4QubKXipZMBTiKDOrV1cClVpOa/Bj7l9jm6UXmm3gSOhbY85uVVg5P5UalVTyJyRsD8M5sIDOOuLmA8GRuLOOOV6E+/v+m+f/9n2tTpbyx4Z9Xg0A9/dNXLL7+cpIJR9NRzL37vexcSp9XLVx592GH77LF7DEiSgPOIoxRJrasOPIorlVhZ8jyvwQAgrtcBgEdckFSfKCFBAJmQEPE7/3X/H/9++1GHH7nR+nNqjfqNN//59bdenzVzxjbbbd1Vq175k+tJpjtvs3XfQNfq1cPX33DTQK3r4x87dtKECc3B4b7+novOO/uktz4zc+7Mald9bKgZxxGvVeNq45vfOutn1/3skquvOOiQw4mEzNrNkWajwqOYLV20dNKkKVIKkAI5B4AKj5atWLVk2dJpkyesWL2qXqkwACEkZVJISSSAAJAhx5gzFMQSUa9GUcxbzVZcqT3zylNfPuW01159maCGTFbjGjEcGR4UMjv62E/WeZUx6Ko30iwjJr71lZM+d/yns1XDcZUTgJCyNdKK2rTHnnvuyvaMkB39wQ/utfd+Eednnv2dwcHBH195ydDwyNDQ8OVX/eTZ554/9YsnNuqN9WZOR4K01dp+2+1/dsXlG2660fqbzx9cs+q0r5/x6L8f/dm11/RNnS4AWBzniVahPiRDAJKEYIg8jkhKzvCoQw+bP39+tQJZq9ndVYeolnPQiy+89NBjT3/y481arVar1Qwrzpoz5yPHHL3xRhtk7US2UyTceYed4kblwYcfemfJOxO6uw9470EfPvqI2fNmiUwc+oEjVq1ctnjRqiuvvLi7t48zVqnXIW2lrTalJNttSjIkAob/fvKx4cGRs8/8xqEHHthqN5ctWnLsJ46fPm1md093e2ysVqu/+sab37nk4q9/6RSscJREDCmTAJC1koSSGg0mqWilYnR4tDk80tvbzeL4z7f9dcMNt+jr7xseag2PrPnKqadfeO7FI632kpUrkMecIzCOTHivODh2AsHTS+D5jdb/9aS7REuRba52KNjRrIkia+eRGeelJBgIin7oA+QVkRxXzx2kQxvI1XIx+glrqu4Dv1kAbRgbBKnGDp43gD5e3XF/zYgdAxMnXg2o5AQ/GpLCdOS3DMZ0/yw6N677a6cOa5Kl1scDy9A+/HK1bx10H0sT1yy5bOM5VuAc7OliVxY/FJe7lKQETr3AJY5eJAztml5Nx1fQuffyI4U6pifAcRMLrGXmskRzfC2Xtno/m3MF20b1uoQbEv3piv6goZvH7np1SgA2H5J1Sg4W/DJ+9h4FtVnd2ZdBlyMcKulRgnXvJN1l224tYOQcJFngW13/tMNZOemgEIrRc8dkgJeHcuG1qh0c/xzcFs6/jkYFYAREuWJENn/WDlMGZt3/wh3/fumfC5a9/s7YawuXvfHM2w9FWImiOGIRImPI8lU24qhHc0NO9RqXX9c2jqXHTJbPffAs1h62Oasyg4OqjjnBoOrglw/RAEFAvr/Ip7EHAXE8ySnoYceUqKHyMBusjwsgSfv44ej5jgVNDhcl1xjrsBY1PfXNolko159k/jSTEIANaF11YChksHIGcMen8LF94nsF5LTR0R36R+nkCLrqQy8Z6laeUKGnoSH3GzwWNwYhX9w899I5X2QIpeqjgY5Vs+gqsr6FgAoVNPswFfPnPy0d8i9G5N8tlFJKkpSINJNJJhPBslSkFaxutd4u793ysC1nbNdd6ZFSAgBDBvmH6tWxpoYApTs9Sq5Ag69lU67bz1udwuNAHTsav7S9f3mcVGzt6HTXsqwdXxdoUDKDKs9a6N15xIIjEmzL8Eyp184fV9sDRGBMAkAcpWOjV1526axZc4/+nw+ymGfN5J677/3lTX+au/6svt7+JStW/eDiH7Za6bTpk1upTMZG7r7z3hTgtTdendTdu8duu8ZRBIhAkse8Ua8vXLLs1RdfAICUqBpVgGOWiTTLsjRlwAcG+h9+/LFWO6nV6oqJSDki7dHRrbfc9KSTPj9n9mxE9ujTT9Wr0elfPXm99eZGceX3t/5lav+kU0/5Uk9/dxTVFi9e3h4czD9zSZwl7WS9jTZ547VXb/rNjccd99GNt5wPMgORQlyfOXsayfbY0Oi0aVMBACADiF564bkH/nnH/gccOH39jVujY6DfsKv39S1e8NbhBx/GWATIc+9fEgkhgYApYZNEMmYoMpFmY+d/9euf/fL/ipFFQCiy9M2FC7fdcZfzzvxmO2nW4kozSb/5ne+sXrn6++ee19ff1W625syafeOfbjv/wovH2gnUqurbowiV/p5qrQqZgIhz5NTO1ttg3gYbb5K2mgMTeppjY1tutwMAZM3Rv/z1r2++8fqHP/iB/ikTs6FhSjMgmDN37twN1kMgoOw3v/rVL2747Rc+d/yWW24uBgelTCkTknGOiAAxYwCUfwhzaHA1B+ju66eM9jzs4O1Gxm769S/vvPu+Rq0rrkScsdZY64lnXlw6uObb51+06Qa/B5EKAs6jnq76Zhtv/KUvnjDQNyEZHWOIm82f/81tt06F+NY3vvXwY49+4mMf/+CHj+JJe2T1UPfAxKf/9eCjjzx1wvGfnjx9hkzbAOyHV15R4+zYD38sExlxBhGvEE9ayR//flu1VnvfnnuvP3cOkMhGRwHklpttilGMgDyOGeNXXPETyPDss89Mx5ogBJEgCYzzaqMnrtXaadro7q3UarVqxOJqtV6ZMXP6+w8/asKkLpHI7/3g0v1232fL+ZsLkP+4/Z7nX3hF5olQo0d1/ZPMq01FsXReqS+IXH4jdDt9pUJgTj+08ukECOqmMSqBiS8eOG89P5sH9N1BKLiJ4wV+2pQbXV2oFLnI/D+78sJFuV4LWnboTlrbjwMwODDnDgh29vLXHXLSP/Ih3u0IGk7PjLpV0A4bKY3DZEHxQsSCRVBMacziOoMaeIxuPO/6QeT1sF6376pZ6z9OUXEdYCJ3UiNI1lM0FrAEnVKPWj/Vn+EYvyNAh2q2bTwuDwfvu7oSaitCTpfiG9EdDrwFHT8b6jgtrRcY6imHeSxV1+4+OW08pnKcev+KPDiceNEJSEM83Q6lEPld7EAGLCeDZf713D5PbgL0SPcngcimdk0/bNujt5u380Ov/+vpV59YtnrBSHPVUGulkFl+ojzq9wLB7DdjCgfzQj+50Y8B2hYi7F0CsO8tgn87/+0aEbAoG0SYQddJC6AOR/1Qxm3jLp0O+IxK0tv3SqrnJjx0L42VSoEVzCqQ86qmRxLXWIJeZNSRqEE2eLnOpYc25MwJrK2tBwAfB4+NTe3JrJBnMNRQmjp2JcwkvsGxeOT0UN+isBrWRcsJuYHU2SYAeRAfUM9BBZE59xEAkOw9UhuJ9TwEKuIlDZJHIHLWxNswbufMX1dRwQ3qkDOfAs16oSaHyeZAnnKQ6mHEKj3dvVN6Zs6aMG/nTfbYZs72/dWJlH9PD5ADd0hBQcYhN+Kkz1yC4MRpd61sDD3e0+AyWWFnug6NNQFLc5NkNRIBuKVEReXOBsNX137HUo+pBDj94RMoeHWQl4SDUQKBVJOXWXyV4lID6Aqzm0h1MtaIxBhwNjI4/J//PPTQ0z/9y+13nfaVL26xzVannPrlz372Mz0TJzYqjUOOeP/2793v+M99evac9c888+w3X3/1wgu/OzBhYM2qVXXOIgIhSTIkhpQJArjlT3+5/fa7xsZGeCVGyer1GuPIGZNZhshq1UqaicEVg2olARjDXI4qUTy0ZogzUavVAYBJ6u1qzJ49u9HdAwBMsmqDT50xsVrrBYCJ/T2LhtYohcIYpQLSds+ESTfc9MenXnj1ih9eNjBxQtpMqlENEgCI7rzn/iOOPnrGzBkyEVjFb59z7guPP7XzrnsDgMhS4BwZB4DmSHPCpClf/eqpM6dNX71qVTWqMk4YISPOGAOSJESapaPtFknJU9kcGttmm61grMUYB844Z5kQW265+V7775smrbhSAZFe+7Of1uL4/Ucfhoy1W61qo+elhe9U65VcXUoA4gzi6LFHH3/y+WfXmzu3q1Lt7Zuw+bbbtJqtCsBYqyUJ2u12OjaMcTQ6NpqmaZKKocGh7molHRmt1uoYxaLVJs4aM6Y8eO+/zjrvwr333ue75599/7/uOu1b59R7+kkIAkIiQGI8rtZrSbu9cumSrJV84rjjvvads9orVnaxKEmSf9517x33/GffXd9DkBGyCf39A5MHlqxZs3rlqpWNBo+o2uhupyP/vP2uvt579tp9l0ZPVzI4zHjEASv16uDwyDuLFgkhVgwurwFlnHGo/OXPf7vk4ku22Hqbj3z8IwAwPDj2/Ysu/vGVV1528UWMR1mSUCVmBMTjN155/d+PPbXRRutNnjwwumJF1Kg/+PBjaSa32WYbAEBCmSXrz5m75+67XfaTq+bMnvWZTx3XHByOEBhiJsSqBUsySLMsXbhw4b/uu1sK2nefvbsr9Y8d8+GTTjk5jjlkyaVX/HDP3fd6/9GH8Wp18kD/ad+60HGUSHsEZN5HKTrHaETQ6AAEJyHkOz95F2XLfCtHZLwiMP5D4A+xfBeTq6/AlEd8ifbTqnZqZ4bO59bmw6osvbZgWt94fqDB0AyqmwW+SikYHRsYGIIf4Thmrs6DU+EYG7cNOi6K9XvJ+d59ocs4AHthQxkKivqFoTqBp54qtvIcSO0q5R1BHyCVt9H7J8tQUCvlFxtKsxJrQdnWZQosURa3OGlfz1krGn2zXmQ+B1rGoXooD578hzMpuP8agua+ijcyGc+ZnF72KK/i/Ma2en+FpcUcEet8a91S5gyA0QFr2d/rNHcJ3MlVsTDnQt1pWEPT0scI7vcXyrp3kjLjpzoxVA5G3iZyB/TQ1pzkaqtiUsfrXIpZ5w+35HKkvGQXLaPMPH3tAgkIBBqwCqutN2HDKVvN2HOjA4bbg8uG31m88p122haChBAChBJfxDz2zL+JbuI3MhIN5HidWua1UXAzN8aEaETI/ZecN82Ny2eMi4491Phml62S/Pzwd93VndL9x46t2RyY+ZyCIbSJOEJfOA85SAuP+ukS2f9Xe76u9KCrrFBFk476svYc/Kuw90TdtMrRd7RNQxeoHGQJ9rjQwC66sXlArLyRtgroakdFMdsSMSzoofLtjZlZi56w8BvQjCTno+TnS1h1bLS7o2lNGZTc4UrSOA6SNvQ0zGtSEUy/aqj2EhAAQb4jDxnjUT1uzJg4c2b/rL7KQHe1myEnKYmIISMzeIBfiZySQSY0om6bDldYySxrGbQJlVBR4QRugWpgDxy3Jr8wH5kNUf4quE8DM7YW7nDFjpwTtcjdL63R8A7IUqi42R6DqxZUg1wJYfSFkGeakrS3t+eyH1z4jzvu+vZ558+ZPunMLTbr75u4fPmqNW+9uWT5ssGhoWYre/ONN996+81XX3llwYJ3XnvlFZq3vkiSrq5eYBx4hIxLQdNmTr/4u+fUeyfEMR9cuYrHfOLA5DPPPmfxskXfO+c7kwYmjDabnLNqpZo0W5tuuAG1UyTJIRdn6psw8OxTL3/0k1/YfqvNZk6f9eBDj60eGjr5tK/19TdI8kcffeSBhxkQmzZ5QpKI39/yp5223oZzDlKikBXOm6vXbLPlFocdctDFl/947732OOGLn6NqhIiNemPilBn/uOvue++8/SOf+BTWolO/dMoffvfnyy+6YKPNN89GRzGKQL/zMbh61aYbbnrcR4+bMm1yu91mjFnDqiicmxYphUREJMQsSUZbMoohjhjyGKOly5YveeftwcGhSsyjCFvttJ2Kdxa+E0dxs9Ua6G++9uprDDCO43zJeLUymonrr/v5Vdf/dNrADCGzT37yuO9tv229XkHG+/r7haBarR43egCgb2K9q7snYmzanNmNgQkwMiQz0RocxWql0d//6P2PnHTa15OxsY9//LjGwOQJE6e9/4j35441R2CSKnH8+pIlf7jtL5MnTT7i8PcvfmvBzBnTMUtZmoEQrcGhVctW7rX7ztf97CejI6OcsUql9pc//fmUs8791MeOPfqDR1HW5tV6lqVXX33tddddPzraBMYFY8gYSCEEvPzia8+8+mq13nP1NdfX4vjzJ5740mNPfPtbZy9ftbLVSr7+9TM33HTjV197+dqrbzj80EMOPuywNG1zzoQkzhhUK7//y5/XLF2xqqf7pZde23brzWUmHn/i2f6uno033ki2k6gScWTdXd3fPuvMNatWfu0bZ2608UZ777Vbc+VK1qi/8sTTX/jq6UtXDS5YvvztRUvvves/u+yy/Y7b7jC0cnDpiuWTpwwARJClHCOoQFdfPwA0Go2oWlEH/JBVi3mq2xgyI36+wdZypE29CQyc+2j+4/nK2s6gEn4kOx16R+5K0CUMV3TNY/cmknNijvHziso5+J0nIu0mpvHfkXTCWUfvaK3TQdf8d9WtYuowsBo2aCk7Rak4QtG/H8dqlFqogKRFOzW+VSq2d5cJtfcUlgrJcwgxUEl6bC8GcyLevPQCnWt0rp8f0M3jWzuT59tbQo1HvXCZ9EAaQQQTC7g75ArjOKbQGs3Agy2nud3IQGFjNAJpgEd9hkxZlA6FRQkwBS30YKLQzoGig4fvVBS6FJEvMnMgFAhehLX2eLUAKkKoaqBkXRwU7BwYLIwLc/jheF8x2ZS5naY4n+v7FEG0S1HiTVpXPAhBSy8CvVtR6+J8pxEJEFDj9UZPY0bvzA0nb5LNTXW+nzy33rjjdjOnb1S82WydAy0HgQ7a7C1DGoOy6anp54Vj4Q5FCyCWvvXptPFu2fmk2mxpUEEEd7MekZdX1blMb1hleN3Ix05cEDGHqIAYNCigYIjnFnHIFTrPkw/xJX9Qb80IdPzp8TvZxp0ucpjAQoUuXUyGwofWIZzNRJDzXxdydH4EjzwCGCkI0hmAtq7tUM8bxiJS6pUUL5dkoZHLE/KMI+csApJSyhQzZlyT4mgU3u2o4Aotw+freFpG2YylZtJt0SH4zJ/a8LJzX3T3Qfng+P5QcQEsYEqLkfb59E3NA/7EwZ+dAFDraWYodi3DCgBQSiACoIjh7NnTPnX8J7oatSZlUtL9Dz5y0pdOXjE4ONA/sHr16t/dcuuNf7iFcazyShThiSedTERCJF//0lc+e8LxjEeSkABq3d1HfuADSxYu7J/QV+vtl1nGomjWzGmLFr+1zfbbzJkzN2uO5uE15yjTDLKMMYgJOYEYHtpzt10Gh0dWrBkea7XeXrhgzejYgjfe/sufb5+7/pxtttzyf445atnKoaVLVi5auLhaqey3+16HHrR/T70uWq0YBCKKVKCQp3/pxKUL3znr3B/0NvqO+Z/DRSRWDQ9usummyxcvvO7Xv5u/xVa//MVvrrn2Fxed8+3PHP+JSMiUIIojmaSMcyBottuNRrVarQBi1XnX0bliiCHOf0ohhocTAUmtljHo5iwh2d1V//Otf37s4UdFu00ALKoOjQy12q2dd9s3QsbjqFKtrVg1FPOIxREAYTWWQkZEx33sw4cedvDbCxefec65IyNDC99645RTT1++cs3EqZPuufc+zvATn/h0NYpXjQ49/thjK1et/sgnP8klbbz++h/6wFFb77BtKuD3N9/6tbPPffPtN+ZvuvH8zTYGgs02nz9/h+2ISG3KF4Lx6utvvvmfR57Yaputv3XOWc1Vq6skxOBQDSAWggFJAFatTJ46eWJfnVUrgF0zp05JRTZ5+uTJUyYByDxrVu2q1Wv1Sr0uo5gqsSSMIp4R3H7PvcuWLJ8za1aE/JLLrlqzYvWuu+y8as3y9mh7dGT46WeeWbh48cOPPbHnXntdeOF3Byb2QirbaZq104hHb7365i9uummLLbdAxPMu+sGvrr6GxeylV17adqstJ06dJJI0iiPG4nY7qcX8nLO//ezTT5148ik3/ORHW22xicxo2sxZF5x/boWxY7/45SlTJn/15FPqcVSpV6avP+fnv75x4eIVUyZPWrpqxcjY2Pcuu/zBBx6p1Wv3PfDQihWrgKT+LJT+HwD4Wc+CxJX81hd5t113wNyisLxT6uSBlP7Rev6YHV1fa8s7qjVv6nHbjHO2ezhOybVWrd7Ji10XW1D018eLLdfdxIzrpo8fS1urvw5zoV+O1mao4/hlb7hoO+7eDtP83qd91hWSdQC+DEL1DDyrq8DwpgMfFeMlrQOnOV10/rV0URyHd50HXeerXPJLwPgv5vaURcDV41IoXBTPWVon4pIb0wVFRxvTrGWIsGPZFZkpCtl+Fei5vloQhZrAEr1/x7vQT5k4oPqvMmGJQlQFcdTjaDAQgJCkkKRLcTFWGWeWzsVihhMyulGFC+i4eJh6ieP2W5J4UUUwcJmidYYFYGujoq7pq29cIAFwA7LTmdkO9m0QFX1rs8p0DOeSpJRh1OAO4RyAiPlty8IMJ5bL/7TEMQGe0dodAChM7cHmAuhg3PHKGTtoEwSvCjz9hiV67RytZl7kKSQ0wo4FGFxqObNLs4IIoMrmIfUdUowTG3a64YTs3uRSSgIgSZlM8u21SLq8Pk5g6QxVFDcybzOVweQmFDulsd3BDPBWmfiLD+gP60waBJ+ogzpTASiD37CKQcYTKFttd6ugPngBvfxNAqBhMK2DrfSmsWnjvBFktzobA264Sh9ZZpnM/lJl33wzhIRsrI0xHX7EESmlXd1doyNDby9Z9ImPHnvsMceefuY35m+yyQH7v1dyPPf8C3bbZaej3n/EQ089/r3zL1i9ahXke0oAJYk4ioZWrzr+xC8dctD7jj/hc2mS1qIoiliSZpwzAIjqXQYrVsloaAwlRQBQr2JXZY/37rvLnnumadJM0nqjZ+VnPr/xBvPOPeuMDTfaMOJRtVolKZMkkSQiHlfiSrVRA5lmK5aDlICSR3EyMjYwMOEH3/1O+uVvPvSf/+x9wN4zZvUsXrQoiuCk/z3x57/85VEf/eTmG27486uvOuyDR0QASauNUZSvPiOCdrvZbPEq9vR2v/LCC3/9619bieCIJKQUUoAgIUmKNMuQswqLd9pyq91231lWqhIwQyQpZZYONkcPOuiAb3zlS4sXvVOv15tJev4ll7ea7TNPPx1ADg0PTZ085eEnn7z2+l8Nrh6WWSZFJoXgBFtvsXl18qQFC975zU2/bbWaPT3djUb3mlfebLeSVjuZMmnSimVLR5ut3p4+IUEALl+2SjRbKxYte8/2O2y7914P/vXvX/zKaWvGmrNmz5ZS9tTrQBI4r2AMkAEBICMgjHhdEnIJjGq1WlyrMRIykVwKTNOYWLXRc/+Dj+9/4BGjo82uenXihIFFi5e3EnHRldfce9d9Q4ODURyvGR55/MmnJk/oj6KIGEpiHCmO44ULF//99jt32mY7AnH6l7/0r/v+/fe/3vGRY4/9wXfPG2un++2/T5q0Tv/amb09Xeec/a3Z68994P7/3HrT7z/z8ePW33hDIelf99z59ltv/vJn1wmgz574+b/deccuu+zwwssvH3DCfgCYtpOIM4ZMSDk2ODJ1+rQLzzvvgx/71Knf+ObvrvtZf29PT1/fjjtsX2k0JnZ3z5w07YD37dMcHhZJ+v73HvDi08+8/sYb1a4IgRBlc2hkzcoVjOO89ebMm7tRo9EFQkB+uJT0FIYnt8Yfc/WB99wTWnD0idFOSj7JKCY04+k3aQiBZN7VCDg5M+Q5yXFCCrcCQRZMZ4eS09YP4dxZvAEdM2UVoPEyS4qqJVtIgtnDO+MWM4rQujeLVqNTZTKol3rOveM0h3anQzE5mAhzK9YZ/rVWdMHxfwPm6rgltGwaBZvzuxweAKduX9ibXeCNcSqobrNi4FHsbssh2vTqUq2Hkwc5mf8ndBfLBYPIr/SGeXnXhShFx91VW4Kj8fkc608GD3TWLlAivpfWsXio27hzG94z1UW1V1xP44k2Ob3ITKQrCAUnLSzpB/CU1WBLL7etW3V3OnrZk6gQWDrDK2emQ17Bgfu/uEoLrRaADl2Mj+hQCtXXU1h+FKuSIEnSq7V1RsGYAF9X+WwXgmZYHm1rG0DnrqUjEU5f8kgcYE2A+pjVzlcOqTQZWt1dSwa5UJlzhLWVU/ZPWiBU6K9Lug7VijMHD6jzbf8OA5DaSdZTWzpoiVHG1D9EuGPQ4s/n2VqH/I6+ANf3VlYd3b4+7D7MXhjpSoumuHNGsD8l6nHKrTpgThPSNLGAOyaenFXzORFM83XJc5OCx+2S95KkXqbV7MCAEebfzwDHIoZTG01JMN784z/VV1kKtpj8Q3JeIXBh6Tw7uf8GwaffcPykr9exvBZaKGt0GEnl3ErnKNMRQRtfXTngoX9bybNrjI2kk/aOCSSiRCbbrXpf/wN3/yuFx4dGRqZOnPjp4z66w3veMzYyMnFC3yFHHohSfOe881avXrnLe3beeustf3vDDTHn+QlvJGUmZTWqvfb66w8+/MAO228nRZZnyeqNrmarfcsf/zxnxkwCqlSq9UadSTG5r3/eBhtUIg6IQysH/37j7auaI7V6FRnWa42MRS++8mJPvb58yTtZMrZw0TLBYGxkNEsAOSRpU2Ri5dIVc6ZMOezA/SYPDGSJIAaM82SsOTBp4OJLzolq1UnTJv3p1j/96z//mTxx4v986KjFixef/4MfnP+tr7//Ix8SI4NtYhDHBAhSgpSA0BwdHR0bHegaYFH08COPnHPe9wf6J06bPLHVbjPG84++gJRCyHpX46lnnz1ojz122Gm7ek+3GB6LEQRyFnFE2HKLTXbec28hmpzXRbv5yxt/OzTc+uDRR0HE0qQVV+r9Uyf+6vc3YYWxWleluwsFoaBW0o6bzSxJGbJMUO+ESd85+1tRrfHMU4+d9MUvH/n+I0859dQ0S2MWnXX22bffcdd1P/ph30Bfe3h40uRJYyuWPv7oo5tvNO9zn/vMnff/596776rVGwQkEVISXBISCJCpoDpSJrJEUCoAABIhmDr8FUBKkoJQ9k3s22LjDVevWDHcTABlM0lqlUqNARNZVy3GSjylPmnSxAlMCAQiKQGJcyYi/s+771k1uObkz33myqt/Mmli39e+edpjDzwwZcrAkR/8IOP82Wef/v75333kiafOP+tb2+28w8qli8/4xhmDK9d88fMngiSUcrsdtvnp5Zfvt+duFPGNNtzop9f/7Nnnnm2ONffdew8pMoYkSXLGckFOh8d22fU9t/3hxuGxsa7uOkjBSCbNJKrVunvqrSRdtXzV0Iplvd1d+x+4746779RqJ9WuLhTp5ltuc+wHjznhC5+LmGRRjDLrr9Wo3coP2S/TJtrE+jrHNfSFTh1UXkepJiu/6lg3zD/MC+O5YB0u9H+bU5SUnVF60JveDQ8Cmx5aSa8XIiJifpq1GtYvVLiRYdET8/ehuG5h2feu/p9fxRC+U5w2fjnUSSi6xn6cMLh8cKdzyIj5BJ034RQ9MRzXe1eVH8XXXghqG5QC2RmX8SvDpWi6wIDlqA6Ae860F+7Y8fNxnHnCuZzR1mWDQDFKyoPM8ZEtmbEgdyUxuQ6qXYNdOrbxXcajKri+mdVI4+dQbEnZBduDr/wKnpXGru4VaQ607r9TIFNL43JkKcWDjE4xZ+BSubQEqlwlt9aq2cJNq6A6X8Um2xB1tcEGGqg+NuDRc1wOW5uKK+AcDGfmduOTcs4v53X0/lk3YPycW2Es8MspQdDj/fDO+LJ0LLtK8C69EVDMnRHDtiG5yorf63zZAGGcp/nvji0CKS7aavdMIXK+pVmYA8ArYxVntIqSqcwAlC4rdiBdGG2s/ULS8LtGRhfGAVW4yazxQ7NC6E2j+cX0zIcnMAqrAK+d0tMAnoyHISggGupr+5QbYvUOlbtc6IHqX8XKp4eOxtRLpXuAo57Jt8pqEcmMYPrkr2NZh8/pZF41C2FQz3WKVulm93UwU/VAJ8L0nUrtqYB24dQaGy2fQ0yA9quzTAjCRmPJgoWnfu2MIz5wxJzpsxhBd1f3orcWDI8kN/zqdwcefOBOO+7Y3zfxqWdfWLpk0QYbbNzX3RvHMTBGQIJklgqU9Oobb7VbSTWOSUopBQBUKtHg4OC5Z50XV6JMCJGm1Xp9aHj1Ifvsd9nll06eOABEzz/3zHXX/nLR6pXIcHB0dM3gUJKMNZvNuN73iRNPrdcqWTPt6+9pZemaVWsSISZNmDBlQn8y1qrHtU3nbTh19+lZMsY4SgkyaWOVT5u30YvPPPGpE0968snn14wNT588eWR09ItfOOGPt97669/cuO/ee/ZPmZSNtngMJAkzSUnK6tVVq1auGRyavd5cAFgzNNyo18785mn7vu+9IytXRJV8W42USYqc17saJ3z+S0tWraGIc6IKo1oURUl7cOWgEDQy1k5GRxYvXsgYG22NttKs2UzeXvj2xAkDqwfX1GvVF557cWTN6MLlK55+5ik5MrrZ+utHDGUigUhIKUW+5QD7e7q6J0760x9eGx5pH/y+AyZNnkTtMcpXW8Ck/gmTpk2SjToQNpP2kUcc/qGPfHjKrJkvvPKykBDHERFRXk1jmGcZBGe5hVdvPAJIROAcQCAQgJQg0jTZevNNzzn320OrhxgQcnbbX2776jkXnPCp4977vv3SVjOu1TNBl11x5R9/fwtIAiFkmkXVrmVLlv3yxpv32HXXzTfdaMnS5UuWrdlhj4E999mLNboXLXznoosu++1v/jB71owrvvf9/Q5+n2y2//ekU557/oWfXP7DqevNzcaaKGmLLbacv922raERjPiB+x9w7fU/e+6pZw4/8MAt5m/eGhpmDGTGiQiBSSExJpmk226zDVCWtlqUCpCCMgFphhhXa9VaV6Ovb/12s0VCzFxvFkAFAAAk57zSVZ8xY4aWtxa0WjSWuuKuTpgw7z5g/tqOVjqknFfVwWi8QNeFdtfdK2XOJiDrQGjnB9SbgEjmlTVbo8tnBESlSLQDpyCw+zPQfM5OR5AasyKAfuChkCo4TuSjpJu5Pvq4Tue7jSfHqbm5UUGniM6UOotjuqVO95nXxrdQ48UbumxVEnTk98vg9Id1rH+n2AbBVgrM6AYXzX6odX/+SBEhMJZOnc0mEZybJZN3JmmBGB6yoeX1a3TWK3D2H+kQNDC1qpkF0i3ZjcNahsLOeHY6eNdpDkMxd7jAc7X09OuPHkbjHgYGgf4ohK/awdB/OAiGbokzXBDNObl+KxHk/vC8prVdgQwYR07rFJeLIotU+djhDu0gmIQCTcdJcZWFnSXNHMj1RJ4Ln+8a93RcwOjgUsDZGOLtmnv3l/eWl/NvcTt+oNj8fZv/Jxg6wbOOA7obD95VG0fmsVMbH5h1mmtdrv8zmoFr0Cmt9l9SD83DknGopGFxVN0AC/ddxi/2f/eUcWrmIXzh+IUsQO4AodnC7QDhkgVRnwm87iqdyFrUoETpwe3YiTwII5sm9JSyh54zkqe1AlNkEv9uY8+8eQOGbGAPYLBwkHmntDSdS7rYYnfxGBdROy2AoANH0DC4L2fYsYzmQ0sfa40C3vILwqBD3LhW/+Pf//rKm2/tt9fe7yxYIBH6Jw68+OLLS5Yv7qv3XnHVT3ba/vE1K1cuWbzk1tv+ccxR3cjiSrWCjCNIRsSQSMi3316QpFSpVwkpTRIAaLaakydMuuKyi2fPnrV65WqSVKlFo0NjE3q7erq6SAgSYpPNNr7kyu/LiBNiHeWnT/7qG28v+f5ZZ87fbMPRZpNXq2m7NWnqrMcfe/j4T3/5s5/62BdPOiFmsSSZtdoTa9X26AgQtpstrFZ7Z89a9s7b3/v2Bdf94vcbbzD76isu/s0fbn3p+efXrBncZrttzzjllC+f9vUf/ODyc793TrW7uzU0HMUxAIksA85ffuW1xUtXvG/6zJy4XY36zFnTZ86a2arFlUoFAQBZkmbIWKWnu39gwvDgsCCIGvVsePiqK390zW9vTIAjxr+56Y//vOOeNEk4o6ydLFy6IgPY/6DDa3GcZlmWZqtXDY+1m7/+9e9+c8ONB+271/fO+/b0aVPl6AgAEGWZSFpZBiQaXV3PPPHkJVf8eMstt95ppx2HVq/Ov6AikYCx4eHR/lZPq5nEUcyjaObsGZVaXUiBAMg4EYAuFebMmxFJIhBAIv/4KgAASCJGOkWBjDHO4yTD3kZ3b3cXAAGrDvT3Z2na1dszcdKUnGNazbF3Fi3MT+lBxni1kkXRzTff8sLzL192wTnLVi7FiPN6DAAS8A+//u03vn1+mmUnfPy4j3/2o3M32BBk+tmTTr7rvv+c8+2zjzz68KyZEEdAhgSinQgiJuV+++zx2z/cFFWib5zxFRbz5prBWncXMKzUa2kKAICMCaJmOwHKME/3SJJSyIj39fX0DfTzCP555x1bzZ9/9513XX3dTdOmTarV4+WDg812+tPrf/7AI49MqHcLTCNWO+srJ83bcD1KMlc7Ov4X2BybVQK+P+BqnUC8HMlzd1wU9JOxIlppoFI0xh000CDzb/rOetHnscN2unICkj4GBvSfAIwxsErDOxopvMLMfDijcXPd8ma4w0W/XRXUhcrDyCIenUOjtRSsPMDfxXTaw86Xyy6i4/Z5x8eVjpmHW3Y9Ox3OF1hG9GIwt4u1qUFc4eBYjp1lHjVscd51KXuOV6yyW26tPSUItj6hR4ScJTu9yKoTH9rJU26EB4NWhZ7t9kMyC57D+aW4jBPOeMVkdyHKhnJDUB9ftDzTmW/dr8N6+SPjVLikDvoqww/oCJ19ZFLZDng+h3kUIH3WUekGErt50BkgKkTeBbVaGMpd/vHTBu7gPtj/zbYKtEWBtX1j0HJsECr8n3Z0mNyM/hvN/bL94sbDdfxao+INYP8FLHpR7D7k/1PFsNPwZXMFKK9lnFKV+1/A0+HTRmVNyzk/jAOdDGKwaqUjOEQYH8gCeP42hk5dqXTHpj3LzoZGFLRYZ8roHsW86rp0dCNMAu8VRxca09pTbA60YMNV3dbWMAlsxtaDrUx15G6SE7sHtAlUvo/pu9AAQdy4bhy9LtJBeeQJhJar/MlsQt2lFxgqOnzlOLTefQVKiZ8LaoHs98KzDCsVMTz6u1v/vMfuu2y7/bavvvZqK8mefOq5a67/6f777Hn+uWfffPMfL73sqvftv/fGG8279LKr7r7zrmXLljcaXcCREeMkAUhm6dNPP0MMbr/j7sMOOmjm7JlCiOZos6tR326HHWbNnpUkrQqPgXMAAJBibIySlCR0D0yaN206q1airPmrX/3iuSeeWn+zrQ889IC+3gkGZDG66iu/+FWjp/vjH/nQvHkbQdImZNROxOiQbCfIWM+kgVTSdVdfe9ElP1q5YtWJn/qfTx7/iQ032exfDz34/DNPMIYA8KHjPrJw0eILLroUeHT2mV/r7uturhkCAiElAT7+2JOt1thWW24CADLLMimHh0Yoaw6PDNXiKkMUPG4RccRuxFaSCBIkJUhJUvZPmLDPnrsvGxlded8DB+6/36H777106bJKFEVAlVpdIDTbYzzilUqjUo0fevTxG2/+0/Zbb3nUQQesN2NWT72RNduIkIm0Vu9qdPdkIDNBby9c9O3zzl2wYOFZZ32n2tO9asHC3gm9UoqsnSIhiyNgnBiTUURIWSYhbbMoklKQEEQSQVtrUoIkhQQplUuhyCoYAkiZcxqPonpP11MvvPyRT34+TSXnxDi+/c7iRLDvXHTZ727+cyPmvRMnDo2MPvLk843uXpFmyJCziAFstclGF5799fnbb/OXP/25GlerUQwAKxYvvucffz943z0+dtyxm269TVd316rlSz//hS/fede/vnnW1z7xmU9Tuy0AKeIkCUhmKUmiendj0aKlq1cPA49uue32U774hUpXPUuacYSjQyNpRuo7aIgyYigp3zobNWq1ardoN1euGb7/seceeeSJShT94prLNt1g/dnT+kfbrUmTu5vtGouirka9t9pFIuWct9vUSgQQueKtZD10jspkuRAUhH6UFlI0w2jqY6FNXtY0FS1SX9UgosLrF510TJn2KyRP0YHH+cBpGD+WWSYCyHcIry2cC/RlqeftRUFgoSixwx1qG64RfBcRZgcgS0cumddRq+4P41YUCfduXbR3hY57FeEpHfxdgfIuZl8rzB2el4aga4HLifbXadKiV2ANKrg/vK5OybcIUlg99lMq6+aW6Shpbc08fy/QL27wGeIyjuPqDWF/ONGvmZfcBlBOcyqcAeZJtS9sUQGWIseSA08INBXyOqUc44pxaUQadCSyEYJqpgIAs1VFNw4LtGoocrAxWRZ3djsdOV6b49HlsxZTROg3BEQCQul5nHaTjfnToON8L9Gy/jgBZLnYuDU9SyuTn8glwBDHyjMU0A/HtcbUhD0d5ArXNg6A28ar5nsolUXv7iCFWQy5wmjG+AwWTRdr05uAMKyc2cyXt6HUBdIdxAOJXAFxWCt47w7MwukV8ts4HcncMg/LPqSJfseO+toSCksm6dCXHGAJCjk0Y2mdxmhejERw+aTkchbRoGDzGw7TGhTGCSkDXUiuUATvcjvDmgRhIBehttUYemC7cwEgoEdAl587+BEkyeFw8E+K0KKnZdwxZqiS3kVn0bF3Ba2oZYPAMiEgIMocwCytVGv/+Nvfn3v2lYu+++2enu5m0kpkdsH3Ln76uad+ce21W8zf8q6//51heuIJx0+aOvmPv/9DtbuxetnKXPEhQ0qT2oSJ9991z30PPPCZj3/0icefOPX0My644PzN5m9WqcTtJBkaGmqNjAwNj0SVShzFjHHkCG3BiThDSTQ6MiZa7ag5/MILr/fOmPvGgsXvO+x/9tp9p43mbdA/oX/V8iV/uPnWhctXXX/t5Vtss83Y6lVJOyEeRQBcEGcgAP79wCPf/f4lDz34yMEH7vvFL56w1Q47YHuUAJIsZZxHPAIAaLe/9JWT2mnrokuvfP755y4+7+x587cYW7WGMaSR0QcfenjOrJnbbbMVAJAUxECIJEszJgmkFMgylAKARREhkJQSCIgoSZDzD3zkg8d0HX/3ffc+/MhTO2639TEf+2jSbsZxRbOMyF80lUnC690bbLLJvf9+YMdtt/7UiZ9rr1weAWRJu9rXU+npef6++x957LFtt98piqLnnn3ylj/c/Jnjv3DwgXsvX7iwlSTVVpq1R5YvW7p6aKjVbGaZEESMEQJHBsg5MEZCADKQOTtIIAIpgYgymWWp5EyITEqpzrqTAgVgznyIUmRr1gwODg8mmWw3R0ZHWzzigyOtSqWeJcnqZUtXCdG1YlXGeGt4OBVJmrQRgQFxKXfdb5/deASMAVElrnDkANDV6Dn51JOmzF6vt38AAO6++59nnvmdhcuW9U7ofeKxJ6rHU1qt0mgTKxXKhGxlKLMJ0yY9+uDj53zv+xP6evbYbdfzzr9waPXQGaee1DdtSppm682cLolzjkmr1WaMGEMhawisFg2vHrz1zjt+/oub7nngwY03nTNtUu8RBx06ceKU6ZOnXvXDS5M0qfX2Dy9bvu3uex36voNPPvkLoj1MkjGE/kaN0swRPH3mj3EN7HtKShtYv8RRw1Q4Vd3dLkhKpq3IFi076EPwqaDS8nnzL3YVlNN4vqu3ZbGjK965e1AJBEDyRiv3GvUs9ndZwa0EcsffCFxH1xUuGtxOY5b6FSb/4tJ5XUiEJk/oVi9NR9+5UY2LZ72CQxeyXlYApPunccBsVz8McO11cRIo0AG0aeoUWZlGrtEIPMBS9zscwUHeAVJ19yxyYaV8f6XAKgZ3Kb0IRX3+rTxM6sQPBioosB9o36aUtdxQs1M2pBjFlRHK+n3qvx042fEQC2O4PjB5TTw/VfNGLrxFGS+d132KfnFlLcVIh1PMskZFn6mgEn03s2Tcjn+GAGmBL/XHwmwHdvA4/biuU51BefaQv8tqC/0kQ2509LpF3ZUWJ9OAIboqZEFAWQTEML/FA7W2DqSXnLgUApKTnsIf12lhx3Z9dSpg8d9fBcTBD5xKlwpULEfaWpLTFXy9U4SzzCxZWHJyGerZdfOAzi1ByRkz4Cg+1dgxAOF2BYfeHdSlT58SlrTOiNM8XBUqChvaf8tZvcx2Fq6y4Meaas3FHYmvdasXKoNbfXUbo10o9bZ2QXl5in6cq5jSK520fCitQApM4i20bWlEcvz0bTmnd5hd/4TCT8WEUttIQMuoOmtiJww//omdXKNxgPGdpfy9VBLIJWMAxKrV9vDgNTf+ft5GG+6x5x7AGKYJABx33P90x8duv9VmkGXz52301c9/brMtNq4y9tn//VxzcM3Nv/1tq90GQBJprad7cOWKs86/YFL/pJO/8qVXnn/+0yec+LkTTjz/7LNbrbTWVW80qrXubqxwxiLOuXKmGnVKEjE6xhDrXXXgLOqqnnL6Vz5zwsdrldoFl1997c9+no42o0ZDtDLG44MPO2jKwIRItCsTBhoAWbstRseylqj09D720EMnfvn0CKJf3/DD9+yzX29fFwA0QSLA6NhoJmS+marZatUajdO+dsomm2z4jbPO3XnfAy495+yjjjqie8qk5x95/N8PPnLoIQduOm99AIEIQmJXV3dc76nWR+qVKnIkxtsE9WqMQrSlJEIgEgAJizjHru5aT8SrEZNZBgBZs0UZMcYQCImYkMCQQEiiSqVSjSNeqQFywWJKk1qtIqq1c8+98Iorf7z1/K2WLl1y0GFHH3rI/n+89dYjDjsQsFLvavcCxhFn1Pvtr5+24K2F8+bNirp7arWKECKRkjJE5AhIQgDTziUwIiCSKCmO8oIhYDWOEcEwfM4ckkCImEc7zt9iz912PfXEExLKQMioUr3z77efeu73zvjS/+65+y6t4eG4Wm8l7btvv3PxggU93Q2eSSkFZVwyANHGSFKWAgjOCAC6JvZtOH0qALzx2ms/ufbaX/zitxtssN61V1wxOjz8hdO++qkv/O91V10RT+jPRkdASj6xF6X8wy1/+do3v/3WOwt+eM6ZBx19ZE+tdvGVVzz26OMf+9ixBx+wzxWXfi9irGvqRCCqI1dMPTYMSDf+6KZvXHjFhhuud8NPfrDdDttOmDB50qQpla4eAOjT3D+lrzfi0aQpU6ZNnw4wXUtVE9aMklTveYLUR875kuWqEgSwb2YGkoeBAiBzAJCR9vw/uaUeR6U4PoGjDMdVUQ6M69RirZs1bDPlvq7FJyxOs05NA5Ap3Dq0lhh7nIB2/KswUVD6XGttrdNj3/ChcxaE3XmyLqTpFKK/q6tT8NnpqWlEHabruBOqdJjOJ/YVGdx7aA8wKH9aXLv8QRi8Gd97/MUseqUuDu96x5lGgZnPvJcIjyFA8KjMA167i2IdY8f7tcQv5aUiDcvY3mOYcWYPpigPuAAAItveXxgnTvak2o9XS4Ox8hOxSEdjbqhdvpY6g0jm/9CCiUZ1k4XOkttNsOn/+PtjPZDXRYzJPYMAQC+itkBkmMeJo/J5Nf0wOIMEPZiLE/o/8zeMCTzu0UVTxVvWtTZ/FoMumzkzGa/C3NosApD1WHXwXCLnelgbYPp1cgRwUrUd0lHg4+Cg6Y0DqFNgOl7SXcmJesBLE5ot6R4ThpJdzMKYAqkJoR3QOpz5hmY5/NHJ4RgNr+JiJ/jz/tRgadxJtwl1fZAD1kUxcgdYG4/bpFiAmkoT6KlyPkTnjYM8Y+Lktez2BBNk2pShGSjgEFsR8HLHQfBZqu5NeyOEbhf1A70SaJi/DH0e8ho5qxPCoDnehxn0x4XReep6jlopkBIxIvcBGmzzxdBrQIagqrtSpKBi05xJrekFW0O1oOX/IuY3EQgRGBLnkkSl1n3VL39y+78e/PapX5w2YwYAIFCaiZ133HqLzTdvrl4jhobfs9eeu+y/LwOI69VKVH32kceXrh5MkIgkVmrLFy8+86zzn37upR//4IJZkyfO3Hfvn1xy0dkXfP+Yj3ys1WpHtcpDDz42tHI1EcScEwkhqVKNWyOtSf29k6dNZ5kYWz3UhGx4cOjNN15/+bVX6tXa6KrVo8NDG8ydu9fu7+mpdkmRvvTq68d9+sS4Gm277bb77Lr7LttvM2vapArnlCTrz571vW99Y94mG22y1aYgUQ43lyxb1ujvHR0ee+utt1Eq3pact5O0wemYj3x4+vQZv/75L+NqFNVq2E6u/dWvWVQ7+gPvr1RiaLUa3d0C8JwLL7v2ht8krSyKYwQgJEIkKVjE/vXQwztutkWSZhJ5yiIQWZcEYBBVYmAcAFrtjCGPOOeAHImBRGCMGJNy2YJFw2PNrq4uAEiRdfV0t5rNc8489/tXXXv6V0486Sufe+T+hy656urvXnjVphtv/O+HHp0+bcqUSQMxrwhBJDOU2ejI6HW/+u3YWCKazT333H2H3XcdHhzCKEIpkUW8EueFNCVekiBLSaQMMarG2djoYKvV1agBQP69T5TAAChLJ/T1nnHqV2q16oSJEyCVwBAatSkTeoHBQE/P1JnTxYoqr1aBaPqHjxEka5WYxsYiZEJmqQQJkleqhAxjThwAaGTVmpfefuvmW2751U23ilQc+4H3n3D8J+ZtsjGwKK6wT3/pS8d85OPnn332huuvB1y+/dLLP7rh11dfc12lq+uGyy857LCDKkRnff3UaVMGrvvtzSef/vXvXTJ1++23mTN7Rn//hEoUN7pqDKPmyOg2W2y+0y477rb3Hj+bu/4WW2++3rw5mEisRs88+fg9DzxWr9Yqja4szeJqNDw42E6yP/3jn9OmTmVcZILSdmt6X//+e7+nWqkLoV6AdBKSjobRx8lbA29OEQIlh57+sYafrLpxlbTNjpN+nnscjr4kApK+0TK2IjRmZhtPwdUut9Hu5UYIrl43Gq7EUGq1pW/qOVzNp02ybuLYYgdscm2VEwUUrNJ49ixwU8dp7LVx3+E0JhVy2pPxxW2bcQDQT0OT6qYzDJbqywlOYjpEE8dZsk51hWLpGOwidGw/DgrBpKB5lNQxWcpFooI99fxzfzueoQCZ8y/R9XMdd9r4Trpwkf92CFvAS+Vw0f4NrpVWjjXYm0ZwSPGAw6XrFGr6tU73htEl6IurGzwb4cRAWLyYtAyMQAEgKAfEpbwaokMVqnCmj5qvM9sYp9N16deFSgEvRVaFhZ5VQM9wda1MGvR9ZzoIM9DkUQr3w4n9d46DooTnwZHbxuk0zr55DYChOAJIv3bvtLVnN+nz7iy2Bt7iVbYzwQF8LReW/vQmI20RXVY13OAT2WKhgjHPOe80fcmjMlEsFPN9DiNju4xXHepvFx4sjhA0KhefHDtffgo5Dg9aNxsQ8nZhBLDHKQevKOTtVCdjMJThJZdVvJjLuTzwnFCsDPfQs/FGtL6SHVHHff7m8OJbN+Rg5K2OXXECHYUz34oi+uvnAVm0N8FVyJLoZA0AIkovS+JxAAExcE/FAAA3C2HbonsgJJTra0AfkgKX+0A7asABKfiTxlMR6Dw2QmvBMbxrJMeReT28Ng26Gbp0V9rK4TqtIslEoACIkLsPAEDNVmv7rTY7ZP+9IwWCbLfardEEBHHgILJKpUIIrBK/8NTTN9986z333b9maHTunDkMGTB+7933Xnv9L04/+UuHHH4wJplstg848KB5G25w659ve/al1x58+LGTTzsNkEByBTSDrmp1+dIV55361U+c8MkG0pWXXfn72+9K06yZNBOJMyZPnDNt6nmnnHbIkQfM3HAeEgiZLX9r8Zsvv3LPA//+1yOP/vGPt2w6e4MfXXrhVjtsm64ZnjJl2sFHrg8E2eoh6OpCkX7r7O/e8+DDUydPevjJx47YZ9/+3l4AYgCco5CSjTT32H3X7XbaIWuOxj1dzz3y2C9+8cvdd99zj/fsMLp6sGtgYnu0tWZwzfRp02qVSoVxxrggIUWGUvI4lvV4NE3G2i1gDAEZSYaAjGepHFozmqUZALAII8Y4MoaEjGE1+tPvbr30+l/19Xa/8eY7zZHWnJn5QUcYVetDq1cvX7Ls48cec+Y3T4uyZP999tlmu23/c9d9f7z9rltu+fOaNatACCIZISfgUcyJIUfebjXnr7fBe3beCRkDSQiAnGVpMrh6TTtJEQGloAQYg2aWXnbV1T/53c3TpkxZsHDhylWrtttsc0jaXEjGJCMEQJBUifn0yZMAKRtrIxFDAJArl69cs3JwaPVKarbazWacZYBYiyoYV6QUABIZMgBE4AAghBSwctnywVVjydjoqad+/Xd/vW1g0sCxRx580PsO3GHXnbpqVTHaAmQHHnbkD5ujn//SVy+9+OIrf3xVe9Xqb3ztzF/+5S/77bXX2Wectsvuu4qRpkiSCT29Xz75y4cectDd9//70aeefeOdhXfe9+81I8Np2q7EMUqRpfJ3V/+UVevzd9h+y513gnY7HWtnSTvG2rNPPPGza65PhYgqcTuRxJAhnzV7zuJFC8+94HskBWdsLBXrT5u9/ZZbTJvVAyINPFJH8K145zLriJyRzkL60YYQWjDR2m4t6KBF2VUh+SMCIiSzT8t6f1ZfWCHvpGlzjeqP7ugxned3rZR9h8Lz3l0HTDUMvD6y7iQGmBRADXwVB4Vx/KRxwtHO/knHEUqyyYi25lbqVOieCoWyGUx7KrwBZI2mY6GCZiZTYXzgjug4wRIiGoDRiSuCcM7FvWw/kTOXsUEF112TIgdbp/hLg5x18XyN7Sqjp0vwgLUCe25DKQxdIZM2t8nYgrSa6bwElItKh121UMYw5VcQPxenDm90flgcu6wcrWXbKjYvWHKAx06r5KPmwkEaF1oH9AOUw/OH0PEmO/BbyQQW6LI+bvRPRkicH2YQ7+qwDhg88X45oLsdg5XuEJ6VXl7ZcLwrdI4dZW3gVSemdwxbgxhLy715Vqp79L9YcrOIxbi5Q9N4/AaOXivrDn4OONh14f8yvrW5qbVYwYApF7vzjuu1SX2xPSmxMc544ci7Ms3p7pO0isxykemEnfrZO2tlK7SqsLyBzgiaKR3YzRSIzjeKOqrUIrZ+ezVi4AB1AFt1WOuilPhbxaV0G2lLNM5+HgcOm26xfOTsTsESH67sRgEe6sxwyrj4YluyfGS9i7yZbuqSw/Foi0CR9VEKihHBKcwEMqSAzGNP4EQcEbLks8d99JjDDpszYxokCcSt7Taff+FXvzJj8pSs1WYIgExkQmSyVo2bwyNrlq/abMONPnTk+/fZc08uJZBcb+6c7591xoc+/D91honIOAC1WptvtNF6J31hdHTsxWdffOONt4aaY1mayVRIJEkQx3xkaGjnXXbALIN6ddPNNtpxycKpU6dsvNFGG85bb9p669e7uydP6KtWK4AslZID9G3Ss+GmG+5+4H4rli+566//GBkcmzxtKmQCI06MJWkKxCiqMmRRpbL1lpusXr1q5oyp79ttx0MOOGjy5Emy2axFHBExioQQMoV6XBVpJkZHZ06fctapX95wk83q1epIcxSkmDZx4rGHH3rsRz4AFUDqv7zlNls1R0c5jwgAQIKUhFipV3ffcbvWYHNCTxdmaRURkUHWntrfe/RB+225yUYAUEXGEZAkSImCAKOenq5J/X2Mwb47b7frDtu9b+89SIpqJZbtpKer+6yzvh5HlaoQo802i+IZfQNHH33k3gfst3jRoqWLljSbbSEESmKM8SjinEVxpRpHUyZNmbPB+mJstBrHSARCbrHJhoftv1e9UoUs41IyAikER9xhuy3fXLoQJe60+cZbzZ9/xP57icE1McsPyZWIQIwToGynwJHxKHfiQNKG6693woeO3nj9jVBSzCOOnIhEmkImkHNk+bmUMs5DlnZ7vVnTP/HBD86cMhGE2H3H7TfeeN4++++/+dab13kkhWyNthiPSAgcGzviyKMm9U1M2m2gjFfjQw5475Zbzz/2uE/Mmj09HW1KKVmlkgpRj6Jttpi/xVabj7bTkdHRhW+8vXjpsmaziYgRRyTYdbedoJ2kUlAqKMkYAecRJem++71v/nY7SyBkDAiAAUpsdHdJpHaaARECiUxwwAmTJ1ImlLItOQHAE/CiMHthU7Gz4zkXhVkHEI6DR1awyXOT/aGDbYYlQBem0novrI9ZtY4agnEvNwPrufvoaiEH0rWNV2Zw18VjWevl+njj+3umg8Fo7Ua6fLQywEMFHQyjDx8G9ysaYPp0BDuYya2qlZW2CuB3/iirSWr7LfSWTpuJcA2xR+Hxyfcu17Y4WKmnBTooUtBAiH9Ht8GaUsPKVlLGyWWsS+i17ldnvylcVnubLLSBoxm87uRhsS4Au6h1Fkaz6Ojs2/LwKXrSAJiX/or899/Q0xQrTG7dgDZuv06ZBvN03SOizqApBtIx3Tq9EGnVAYDjBTrcEeTDHI8WdWiguanAOm5m0cJiBSco/TrVfP35RgLC/FuO6EJTjLddWXLmWZfwwCjC8Zq6HK83S6BDOtXIJYgXdOr/rNOLBB3X2nfciUIAHAoEqVjd3aobtQxaDaOON0LRMv115c65VxLoWYCcwAKcOxpOCAhisLbbcnzcCpZeU8NdaC2crj4N88eGczur3TDf7bKJFzuVr6aviDxCaAXq93SXMsg+lpqw8hA2/J4wOLiX5DXsGhD4swRhXSlLlICkOyFj2erVb3/o0O7hdm2/fXq/fV62bCmv1P3ltHsZnKUy/08eoZR9IYeUaFZSrbntC2orCiIgIkNgLOcJqFYBEdotEpKQ0lQQ55wAJSERMATGJQJjLJVyNEl4HHc3GpEkKSSBFCIFQC6lbCc5cDITgMgYjyoRMU4Rt28tIKP83UkheDuVaQKcJSTbIq3Wao16gzEOcQUEQZYJITOGQiIjEWUpQ2CcA0PK0hSJSwAhARnxSDIGyBAZInGQLZG1BUVRFEdRFRmkKUkJjOVbliWgyPVVJniW8IilCLKd5eE0i6KhVitJswm9PVEUSyk4IhAgywWIMIpGW600y7qrdUAEZADAEFKRttK0FtfiSoXyN3/ylZGSISUkh9OMEGuVale9ghLzY2cxTVFkGEeQirTdpphLSZRmEWMxR4gZQP6VTgZMbz5CAGTAI5AIaZqRRM4YEUo52m63k3ZvvcE4l6lAIhAZIYmItTMhpIh4VI2iKJWUpEhS8zoSZ8Aj4hFEOSURAZBEItNWK6lX65wIUmEFDxEYA4aISMiAISCQEBJEM8kqPIoYEwx4pRIRyFaaUUbACBiLORIAiAg51mOQJJOU5e+MChnFFdFsyUxNREAgJCJE1QgZhzgCZBAxAATGABEkQZJSmmX5eVqZYCJDKUkIHkVYjSGHLQdYkiYdA0BFSZLw//H2p82WJMeBKOYeec5dqrqqN3Sju4FGE2jsAEGABElwAYkhSHA4yxvZmEwmmZ6ZZO8PSV/07cnG9Ewmkz7MmyfqzZDzOBwuGG4AhwRBgiRAAL1XVVd3bbfuvWfLDNeHCPdw94jIc6pBe4nGrTyZER7uHr5HZOZqC1MkSA+eaMvMimOstY0GpKTOt1n3kvKpCMAmqlAaKqOCCABxtxuef+7Bb/7bh//X/8vJwwdP/N/++8XPfInWawghbeJGDNDZU+cdXDYjxgbKghVIvAHFb7ulodpZ6LjW31XRMKk6WF6HkJjHQHu0Q4cBTT9laNyXgxU09q1GGDiYP5myZwHDRkEagmOyBoXy1Jjq0lzPnDl6qw5mIMuoMjsq9DR9bRzl/OleJsuTTYlIUDGDcKM4uJ67t0gjpA9NMQkAwFa3LRt6RIcc+PZ7k0+oONxeMOCwxAUMJvRvHXpSVBYg0R0JQXU800g+e6LD4W7zbo1k5nyTLT79MMNqji2ahItn+Uc55hXFBKNV4HiIyTiwjS0Y7P8whisK2gjfwqkvmxhVGREFyGZfqqueYvWAd1qps2mKioJLPE8CVD9WQCoEnyHI48fF4PmDH5JkRSW7lUc3bHcXNu0/eNGyIbRKSWZfKWwPrRu2dNco4vX0s5IlaqQ0OhdEThukDZ9KLDLLjsbSH/Gkl1HACxSq5ctkqY1Rc601nEKoMbgzSM4sVptWGgwBuD3IWk+tWat4LhxsaTd5UupYyt3uaXejpcegOjwoSi9DVZ6tXs1FyIpUqbyiqTSsxwSu3pMWrBwx5mocR52EATY7AIL0oNkUl7hADNO0w8hY0DRAgGk6XixOHr8OGIgoTmN6Pm2ggBRj3vNJEGlI+fs07jaRFktMjzlgQATECJEgUqAI0zQAxBhPlssrJ6eAIY400YibEREQAyIGgoCERAEAI43jFhDCYrFASG/dSTwcEAkowASARHC6PDk9GQAgxilutziOnJNTJMBUvCMEigGRxmk5DHEYYtpjPk7XT07x6jBut9vNNgDEzOfMugl3x8vllStHMT0kCREBKcajsDh+7BTiFHc7xAAxFrtEdLRcPn31MQgBItE4RZrSRy/TZEybHVAcFkOMECJACBCn3S7SFiGkFDftcw2YE7+AMKXYZAiYkwzAq1evXn3ssWmzoSkiEcYJKM0IXQkLDAsigO00jWP+iiRyGoYIQEgRIgImupAAjxYnR09cnbY72o05o0YWbBNM5jBmCMvrj53EzTZO0wIGWm222y1GCEOgAAAE24iAOGCMI1JEDIAhAgQcIIRpvQGAMASKMVdaFgEB4xgJIkwRQgjTAjBAIIiEQDBNWVaIACjVaDGEaZxo3KW8B1AKxJjepgoAMAxpz2LImiIxXVOR5T6oZs6lA+ebVHWSvUFqBIn6Sh4ak/pCJJwgaYoGraH6o0adFwaIANyrKBTWVPZTUOIOlY0+jSC7+Af1ihq3j5cUszCvsLdwdlXM1lFTqxf3DkmxfsTD5SFYfYVSY+j8aDU8X9Pz0IrmTVRjo5T9ddgWTGmp98Q1xu0lKZaZiH4X0t4UtL1xyb79sdNR3bDlfsdhAgglgP2Rpn5v5cJEEY/+ms/3jFw9Vp9vSmL3xTN0WDOYCXWqjMYHYiqhWGg4nHGVTlpYa2DVygkToE4ahQFg61sCbRXLWqtBBPlrA9K1U6epTaRb7CpLCBb/OYryLcNqv1YpqEIxoDa01eWuAquQz7ULvooSgWdrjvlJDDsnuXniRwGWhuMmaDEs1TgpddTf8i2Ka+apaDupSRYzjIDyoF0BLq3sAPZ5ROgrT2dGDMNlSZAUmtb3aBGTOW3XH7QWaArkJ5Z3qUv4UUS5oCDr1y5jkNmWgnPBj/d92U+GQL9oJewXWVRBTlXh1iUMbcERS+LHCi90FUvHPDXImNdviFc1cqgVTbyuXSntzIeai8Zb8qvUVGRZbESLeVoLy7+o5ZCNF49TGpWxLJLNw5kgRxqGIoqg2tkqpDwnyiolhfGUFarePIEoU6K3GkN5fZo8I4RZ/AR0TA8iEUCIcYJxxKCWdCIARsAwjeM0TTgMgDgAAEUgoCnGOAZETLGyWJoQKIQpfW4mUZGlkjASThNSDAABcBrjGEdcLGBYpGcqIQASQIwDxZQAZ7qGgRCmSBBBMgmMRJDe5ouAEANupylOIyDiFMM4DjmZIaCYiB8AZNMbAMYpRkQMAWOkEKZpgmkCguUwqOf/AwaMARcBiGDcxSHNV0w0QxzHOI4QMFAIMIIICwKFECca1zsaBgAYiBAxECFFoAjp+6QRgGgAnnAMtAgxmwYiJKIAKBljQEAMWfKzemOYxomm9PHPCBSBV9imcYow8nMguGC9yyxMaW322xGBv+CCGCNN2xEIAgbEWGyFcjzJWCAiYYgxxnFLMQbEuBuJCDEMgSDGnEohIgQCzCvhMOEwUAhTJJimEHLennWB33ICGDCEiIEQx0QuESKkwkQgCjEm0coyjxiQCAKxKUSWfwwBMFDAzAyKRLG8n0Be+VWstFncLAqqwwqp7pk4Q64VA2hMYRaOXPBKa2oABDQBERClGVTDJeIU9+1cmENdZ0ztVxPyW2QAksnMXx/Lle9iasVe1kF2nc2i7cPkowsFnEmvAl+J+eSno3ImBW2G0XbZjJotqb/n1ie0VQCJ7XkgYkvdrIk3qebYr90Gaub4CK1dNZDgjtTK7XwSpbuo0XlktWbowHqE9S45vW5vpLhBJrFlc2FJQcXOZk11iePUr1pyZCeAxtmwQkcydiA/op6dKlEqbxZUZJqYrSXV7QJQfa7Y2Nx26yZILT8UZHzMYzRbgmQGbvmUg9uCrbrLwVdCYKH6lJdPKn0q9apapPxMu0SlEzKTRkvPn8FETYeB3YWmedpcIvNaMVupsDdZz1Q6IdlZ6aKw1MKuQDnFEMdlH+7Ye1hVKhGddnCGltYNyUSNIIHBhONgZ8BUxVtcM7MFbBfK7y42NIpmHlArminROSeRK3EV+VYMDJ1szebQcKpJlOsBNFPtQntuxEeJJVUet0QBTRILts7qodLTBLlpfR1dKGOQEh/uQcp09YAolBui2zQAxYF0rIeDXoTd1XRcF/FMykWhgUKqoeZ5+oNyLqxJXBXzN4enoe6AI8kp6kWnyn6DIVm5+/KPN3A5CGAul1CIp5r1E0F0JVPIepvTFUhfGQwmnuLqBSGGIfEhEgDBRCluRgxIk/A0TxIiYBhCiAEJQ54jAgAImBa5CCAi4hAwhECYvm8ICAQTUHrjbA7ECznI84wY+GE9KccTpVQ0pCSHECAItrnEk9lIABjSswwD5scZYhKZgV9cjpG9ZkI6bfBFSG/VZ6xiOse0oEkANBmjl/bNEgUxusROOprPd6ERNgTIXdKLWRNH83mCRIUcEV0MAeIE/CrVxK0hMUvEA0JCG1OqjzJrObfTOAWeTPYolHa0ckRB+ZQyXMAASBQJQ0AijBHIlLgACWN6iVjIFowodcwLtuL8UfSuOLMcscRcA80SAiSyIOZTvwEco1TMSFx4qu9ysAiQP7CbmxVVY7sj7PNf0XC2QXQny6o00uGaNvJi55IuEtBEMRKxTpoDu7+sx1MDNDYFqT1SaWILTtodFE9YpQ3taKfBEIe/GaG75FLF7vu7NGB03jmi8kmpO7dcGdS96nyDJcWMYdglYZLbiNZOmTwGkCuDJuvOBPaxrQmp1116ZLqWNqhuBCc9COYgI4YILq1FTY/JDpRnf9QjO6vIxtC+YLqJPF/qwmzVO8ztbkd9l8Ngk2cqZLBaZlfNxI3sV4Q6WpXwxoVSVZZLBRtQwQlIWFEpuVxXJQrThY+F+aXNAbTmR/BWWLaFrAApsB2nTMYoAypTbBt7wevZlBo46JCef/saz7zy69hP3tqMZptfQaY0NYfLEarBJUrm1YlSb+UsLod/wCFI4ZDb523QLhFpsZK5yJmFh7xcaKQL+X3HhraLzYXalupR7IgOyPZ2c6uOjc0eTfi20MQRupCmloKJysWejuh8xlw/OEVhu9CUTNTvKtB4kHsMtY2irng5w5dDMfSozrirksGYLjqSyYN2Zw85agaDkFOlTMsBfkgLvESxM3XZDgwFBAqCcuRAV1ONhW6/iF0PIPE+8qYkgOISBB4B5w88bOaLuLwyqrfbpBiFxaoXc5YSiTTjEYCI0tOe3L2s1MjiBUWcCAhhSnkaQXqEUVZp0oiBRw/Z9A+RCCeQWF+WehABh9QNidKnF8v2yGLc1MSokyw6IFlWWhkGpIkiUBorEkb+goVb38Cc9XBeoDUdzHaEkBQufdUky2rOcxLrs9GJGJm78j4RIoyAFIEgAEEcAUAe3jfuKXsVJAAcQso7EnBeGYsQMWBaE0U14UjJR2BCACBGZhACyHsq84hZAnFACRqkDpL9MWUJosJ/pPwwvI4ZuTmrS16fzxORsmssmPCCWwqwKO9FBySkKStsWkzmvZysEYgARDHhoIPYYhZUqqXraci73UsbAoSIkdN46c7CgUXwCGRrRVIhlbeCsn7W1pK0V8YQst6qn6VDyaLTHESYJpgmmuyLwJFhYtDde4c1EcIR69ld89xeMbCKkjP3pexVBoI9WIlJMSNWrVQgodn33o7mWt97OJpATIEzDdds2TRhVF1sDdqLnJvzOI8k2jmeOerYvufB98ZlLC0mHiuuSsla2UYHFU+qOLAdHelbihXJWYF6rQebFR7PzkX2lSKE6kTn5Ap+i/JGBq7gADsRuQng0hPU+B98FJTIMEEPpM3ngVD9BbSgLAa2ZSP/Wai7VjmSLSRzd38RSA1DXMfLfVV86mwBZ0RkBdLJPWmKEjYO80Ydpf7ZsT5zU6tEF3IE0GBlXapBjqo1FaW6mV4jROQHR9Cksjm3daF0i7QftFPDuieSUUyJt/4GeR6UVdiNiUYnG6wkjmN4ZgsyahsnM1EhVhcYtH0kEoGDaip9zUzFEEWK2FeiIl+vk5slxBRXKNuY94B3qqe1AuptnL1cFFoeggwfsmd3gq2LoHkfi1JU57OFeHSzVsuTEjaluEZJ8xBWxy0JBBL3osxwprY5fSDsY6mQebf2kl+lU9ISf7SqrdRroOqLLCaEqkZmF6o73T35RWKhgK1b5glEKLKRM35kA2K6klSfsCxiiplxQ5ScVImeREgm8GMTDXn1DiiWhS8xLQyDgIgxDJNYGFYNoRZBErbUICWgBPyVOEpD8xKs+uQOAABNvN+y2E+Wh4xb/RJmWdRSpCFCTE+iZrPNEFjGyvbCvBc6wU4oR8S8/ZRz6bQinF5BVMwIfyc4raICIa9lpiamcEUIMQbKz1UmFFSYINNVrlEWEsJciJCB0yOaWn44R4pZ2YsdSTt0OYlhM6jkBh07mRmUpgohvYONOehELs9QUZ30//wfWx/IdZZsFHWdhZcuJxPyMuOERvFgZUcxVwmxqEq+jIx42+Mx0cTYau0mDSn/RRUEoM5HoRR/mel5V4P2IIVZ/gn9liEDIIIYiYhiRP31T9Z9sa6NnFBONEs44hLhNFa+A6FX/XQ3iAiC8ltqamVCiSgg7xdwYzKWHBlapCRchKLgzagPKnJmjmZLxxA9Yj0cV8mycgtc19LEuv5rACKDjaf/u6FOC5nudfa5Vq0MZAnIi6cgauJfD6EV1rUseZryhiZzo6LSlnYkKXBVjEW5iKilSycpTc7YPXo5iGHtB0RVdGcRbXr8xByfIraY00s3BKLmPHHHWjLlrhHOHBW0h8jxYSanFbjaSncTf69lHM0q80KaRwV7JQSgRcsydsGcFgjGiD/SkVWo11VdR/XRi3yBg505+Bpy38rUJrUL7vC830uat6AHD4TSN7HAcavWnUROUTkwU4T7pgrdv8rBuGYNJ9gCnT0ztnngjOhBPHLDNMokeaswSRCyd+K0sGV5F7kH/cirJkJZ0mIRgKM/F0QcqiPvRZN09zkprcuT/mptXZSFba0Ll8+09IS8aSCU3Uz3YxNdn4K2jvao7G80Do90zM3D7ByRHVof791WilJzEKn+GhvKK9EEmmoVSPTxzoBMHFOwVX3ZRRli9ImwnbclFgzzWmIxM8bgyNiorlhPBqiIKymERca5KG2DRZxcyAXAG2KJ3aKAkABILmhlICg0YWkeAoB7eo1SSlou5IzVyIruwG4ucNQTgQCDe32/4jDqtbdEAYsNatiJA5wtp64qbnPWWjGzEjljGktTG+dwMRiRTb6Bw9W3RuBo1iRlumUqQVqwPGTyNQQnG+qn5nVxtPaGwLZKB0ZCPIMU6VoqqeEc0rWWfxAXZJ1wJZcAbD8RIkGcALicklu9B/vnEZPcqZ3DuHp/qwFoZwlmCrpgHTKPenseZv9wwfePuATKuPhaai8mcGlDH6IlWizSj45tx+eaerQ2pFXjeY6hegvRTOIHUAg0K7roG8uOoNT00WJ1hVaNhx9uj5AeGOMVb0je/M8dTmDYytdoN6TLKV8b/oEvHKrYgCox9q1Vr4Sa2CNlA8mfdA5Z/0RpnB6BL6tlqqjgkXGVp1Y8VjLSGZEuTq7qr2MSUCbRrq3oiov0KTUzQ16WZgIjLgLHACQ9VP6NuZJMJbEB55YyBgZaK8Um4OvVxtmKfnUj/z97vrqVWqpS/OuVCYlsFxVyeZJQ9WCyUuvmbnrb2qHnQzQT2KmAUhIbWf4qwQgHJnmuWoGSHodA3q7gsBF9M2uJKriolX/GyvgilvHPYBaQbdEO5KH8yjGUwcjIvBHs0oSRFwZpost6ZHkMQhWYPSGOIq9rFmpdwNOSRr0U1FpTMvzKm0wVPxUDnUL17Z0IT7uOW3jNIkQ5/LUVR4VJqmQIccJw3bIkWZVZDClZT8qfd6gKqIIzASBRWfTOvUneh6MUwkygZRfrlLACsqMHKDVodgDAsJVpympQuMUrPbktInPDFDyhzJF62iLplazo+qAExcqhCT4SpIyOkF4mCxSOYj10Bl/xizdphqIy6ipyfpV3TWDI7HIMBqCIhJSSTzcd5idBet1ufkAy8S3K6muZOi65qf0aZUMpMq94EOYXUgT1KCiYN4dx9SCBZdvNvDLGCk3FTz8YiYD5a1TCwmK6wLoSYY7yKUrIkcdQdp5vYaZczSuLrBCN2gaySwC1xqFsEIif9TJn54nUbwRes9eWVTAyOs1LKWm2ipx6H1E68Hb78kx1YX+a6LTkmbxeoOCjYWdEky2nvLlXVYR4IUnYVSYv2x7zIRO3mldbVFfepDxJxcj013DUzh0VybadhTaY1aofHJxDOmScMd+bKsgcNx2NuFFUIgRqRU5GVBwrJlEt/TXQcORpHhWA4jc9h0QvUAzFjBNH65ebLrJafHMLgI2OniL7+Z+s9/ZZ2ASW5IVjrdhGMn9Ns59KG8j5NqLCqo1oUCaHuSbtXY4g3QrhNfcsnjPREXsmP4/mIpWiRy/c6kk1OTQUYsUsdDTRHGyh/LQpnORiad859PuHQOyuENiTJ32dOl+g0kIGbLnZ4RTtzUOraaghEbGP5dtuPF5r9r2LmomOgQ4cUDNLtNSQg4J8uWKyGnT/5vbF2RUimUCRKuE5+ek/4EidsXDGqoUZTPDQXksnOaDZoq7ULLXt3WKkniSR+DZVSpPqUcqBKC7OMbNY1jxKdrXIzx8VryO1tMrjNrMLlrc095l9joqWnjdgam52aez77EJvURAbh7iEvAr+WPGKOOpw3yHwXnDbe4hXA/AKuO/QYY1c0tgeCIh5d1DIAlrFvVMr7/fL3lNHHjXmfHi7hYiLBW5HGsf0LtbmwQ7ayH4e1cLL52SuN4pCqN+7kD1J1o1UiCkUSaitB1MbGiXMNpYbcz1UeTeFt5q1slvXUYJCXxYYI7cmDhQbl4AXECQZldpPnbWYSL8VGHIEJDZe8hRuEHiDpzYmhqeQNA8QAqjvZGiiCqaIBBQ4xeY9ojFxurTnqosdBThrbAqX9LVMZ8lgS0HVzBTPWEDIqTEgKv3ilpT9unuTWonbLbLKyZAEHPZ58zwDKjrn+WFoxLgoCgFEwMxrUpWKCv/Qd0Hn49MdEgD6XzZopEYkfYtA7c4VTWTaSwfNr8SLwkJ+rhgRYoQZG1EdZn0YRV41R3Kw4FyJnj8REGNUnN1upXaNVFYhxtmXUdz6aK/bsJSSk6geepVT67mwpk7ou+2xTAxcTlBdmxtRTbXogUO/hU0xlyzUjSGaDOwiUzlZnJscD7zdOPuGdlxxSO3AJMY8MFQiOtdxdmNwumhpkbonEM6jXXy+i2rYGbTjE5SPUHTmoiHbtmWVZXffDwJqoBrsewzm2E4iANt9AAC3ruB4kg4r8Pkw24d6ZMwcRDY1w1y26DVnwttwGxqjtkTOCO2BxbDkG3xTl4YpQwmFwzVe1XXEBlkqGTsMxf6BTakxDqRxEZQD7RgDk5RiexjtO2WKS5BZoUdEMDthFjj6EwaIjFEHLchocRDEXdVGQGznEu0rDT2x4qHo8mXCJm77FL1ZN6kFqSfhhS2zqqppMF3clLXQg7ZrB0dbTUhjykRHmsriEK7htKqz8/jvPXjxUQ3WbsYn3pNBzxiIqWvIHSIcHRECjDugyOFski2eK2NasXg7vkJyufJyyhkW9LVL9J3q6fSHMWBkoNU+EQzDCqKlb67wqFviGEpES8Brs6WpQQmLTKOSqLLqJ/NgDEiJzbOXzI/XkTNMuSOpJTAWFo9JZnH+Gox0T1YzvZ8WOVajMrU5EMdsL8Xy5LXOyg0p1taeyXHIugMSlqeCHhoyWk7OElGGV5iDz8U1MuIisrpQuigDKwmxRFpzTdKbf8pfNWnz7sYS4ChU1HS78dSh4QEUxWowkmoZbw5KHIEQx208UFggAWy3GBCOjrnQSzp91ofkdd6FFX4mdZ2zohbivjb7zOZ+DAWAzWOrgYwtOzyBOfDQdOwJ1WysMhOW6IrVQStLe/GVqofFuTt6J/fIo3EhVdq3HNX+rL4zvGi66uVr5wCg3zWUxc0HEio9tlG6btLEfs/ByoEmHMGCifw8vHLdO9CA78daOsftD6rp1SmoLGweuGaATvKbsagetLJ8pL7hlwYG+XvAjOj3D4GWDpdYHxibJoHOLpqnl0B8g3rWR1djyYNF9IJvhzKaM1/kcIdbOnc/KTWQx8HFcLNi1LY7ncmz91SPAhylKiTcrRpP1YAZpF4noegpj4r4foU6idKq9V4rKCJAWsiIxU5FAIi8hUbvnjBVsWblQzy5xSR1MCkrul2yeUMGVDLpV6P1C34rkfA/S4RpWSoA9DyX0M8fUiLxM0ktTzvra/3CrKVXy7zE2MQ6b6ApYyF9mBJNq1oLasmheVApcy9W1YMOWyz+jsxmL21/GAHle1pRCwtyizmGEOXlqtvI79rUoxv71pHthLSVHmlerIbFAHBYLJ99hh5cxMs1bLaAgbicyDtQ028JHgpuidpS58vGyocvOrJgHFG2FTFcb3nVJcwq6EwIb7GVCUEkeUeu8E+Tm8jR48icOpa6hRF+lUtGll9Yw5mNNhEcaGEhTQFkjTaPKirmAJQVM0aVucvGCXgnrLy1SO1rRErFPZabIiHm8yfK2ZP8LI9g8HiiuQV9b42K9VNmubBONLp41/zAibAmG2HIRtXHR6ChYn7fDm/aZdEsg6hHZgvOZbZSzqsD8tSlMFscDNv4/JZdkI3AxSgXuvPyiOJ29hy8SE3aQ7moSC2oFvXRvGbvKavp+WlUHQqLCxKqKxOmth8z8qwxOtgsiy9JYCjSYgHjbnf/HsQ4XL8OR8eQxaVxmPhCGTJ7YtSw6ZpIdrBzTN427ppAKMwEltpQrW2YojAHM34xza3KJsa7uI6x7+EFlTto0lsa5EFEU0oNoEF0s1jMBhFVMOBGqfExVJN6Mlorhb5GZSzT3bm2iqVgaSFeNXK4aWmEah2p9pmK/g6/xDbZiMuC0ahCAwr793IBi2Y2EKPG9mxqP+1sSnRFmnkzMXAu4zFw5GlXuzfpUKTON0OtvFX+Y5BwATzri5CsTANq98R2rbi6Kq2VJqkN5iVtlO5YqPbWRsPhn5B9ZQJobYRZk2grrbrNb4TrHfqOSyfcfdVSSWrVvtWhq8z7DqzPtV8xzr97pJRptgkPoejy7d9zcaWxwa7VyoYWpTOD2DdI/uvZr//25cQdhb0dXRVwpg/PTCNhqwXLQ5proDea6av5X/RiYoXa2ot5PCxK7ezLZZv9BtqCzHeZxwNaLDWHsKIE9I82iK+2qDDCbN3GYn1M8cIEl3La0PpHwMifWU1HMwSZ5ZcGsI4EkjsXSSOCsFhe++xnKQR8+ABuvI6LJUVSnZoAWwQepnMkTkpPhU32KqAp7uPd7wB66whaXnkgCbDirTaqhQt8N7s2l3wq8GocAmitdAkYQyRVJ+U3maFSgKHaNdb1KD8/WWpkzhIq72sYhHJPEYWZEhR6HLYWAWpLWWv2qNmAdA7snp5FKP+RG5/XTXkaKfeSkKVISxm1jiH5IjnA1d3S2wtZh26r+Hlt2ZU8kxa7GAQtaPcKJm8jiJG3spNaFB4wRwwzzPTWMTYXXqnQn76Ue7SE1eX07jswjccfeHHx2LVMLw4uwoPDjvYKl81NDrQpoPniaQFX0m1lHZ3rGiJzA7U1VkMfiudhb2HRYGfg145H3aPWqe3eyB4PC6HT4NbfC0pNEB2qJYTgQWx630K9jlg7ctKIbnsNS9MuB3qC3WHuvFTUyapHlipM9EAdZPTC65zYqHDiUddqcV7HXXoJSjBapQrfu5yYNdVGD6ovmXEbs9JHO+G2aKFt0IIc11ZC0lhF4MZSwEU03LHr/WBnReGMrm1NSHutxq1EczNZwWiHdY54WQUFMbHarJj3JBZs9beELDcM9oVqRCwvITjkUEFd/sNFd/GYBpblnmdpfiqGnWEJ2YiyuFN5S5OfR+V53DTJT2PU1MeduZ8KxmvhU1OpFzM7RSyOokpw3OVpXYyBSi7KKokxPujOiKjOBgsfQNkFLo66xr54L5hIBYvb+LCpckLOA7n6N9pZ0KohLPU4eLoI/BQ1/Lq5oiS/cAPVcwI2RDw8pXRZeo1Ay4wWlKq7ZBnWEIlaOPm6uilWIQuVUA9GMokiRVwMy49/+jz+zyeXq+1f/tflv/jXtN1QJMRSl7FmhH/ruK0ovmDG/xqhQMFEZMfF5x5N9a8ilS2dRDDmhu5KAGUhg1+8xhcQgDzOXP5nXuY5UQNZDS/okn0iMscQ/ExrMTZSFdazTVBwSZm2YKaGkPSCxOcRgP4AL3ErZOrMqqba/4NqYG37iZ8Fte9PEzcK2gwK64qnSh6IGSw2qg4AshtBVCrJ82VmpEwVZvUkxRXxYfxAJQu8rMprJZHqOZTJRDWLpG1dKiHIxOl37WqRTz1IxhCZ5jkRBDNipJBCE6jwZ6/EN6ZZQLEYTKVzXmmmSU2Lc+eYp0QeaBbNksVfjuRJWJVaRKJw5XT3vdfo9m3aTYsXXhiuX0skYcgAxShXhi7/41aNqsAd5Y6iydqznkkEUUNq383kiBGwz3ooFE2P7M7yM9molEjuKvNbjCxCpw2T0FgStN+BkyCHGKbcMprBki/D9P1R239BkT3thavJ4eU38dolrlZGoEyToG3DEi3nhWeFaGXopG/uIK8L0qS3OVxiMBQLrz/4J4ZED5qtYPZNGqANC131oYmDRJjWFPBdhsYBpIBXcwfpTX+8YMho5XadEQ1FnaOd5ihywEpaGR2SU8pD19mNXnIotkVCLIB6TaKhzsU9thuwIQRRXEFeTJBouNJXT7L0R36PRvf5T219mvWJmaoSyZJBFYwWgbBSheowKw+zUWlv1tvX++FsMxqTW8X62Ejd/KTiGGuwBKBIkmszBsqjzk35xGZcDLE9HXl4e7M5cvbYWvEYbQCj/HUG2MbbWhznaswo/al0Ou8yXoAGKw481INY/gaQuov+Vgca/0dkOCYs1Y2Fh5WEF9VQjC5BP1kfw4GR9GW6jCFxmNQsdSdtfijb3qgyaFrc5Cr1FwFDy9f000138zikjSOtCUTO6i6uMOHlzYF1lAClgFNlZYVqIsI4QRiGT36GnrhG683mb/8a4i6HnigQ2UKQrI2QXKzozEjyoyyghMKIR0EwY314+QvLv2gowjZSWrNSS8eTbGSKl2BVwxKsotYoJkUoItA5HKuretyDkSXFB+OurWKj4rCoPuotqzz1ssBGilBkCJifiuEFN2IWlJACtKVldiT5kCbK+BAPVTwrU8XuRAxsVzX4vUvEnlm5MsGKWU7MUaUm2tkxO5grcqeSUpRJA/WPj17FT7iWZtndHeVLtbZ3yaTNamXDCktffadE+eKqJUinojIijVxSa6DZMqRQlNreiJQBZWmPw/Hx6vvfjffuDCfL5Sc+gY8/QZyeY1L3VlxbsO4hU57C7dhGq9TtfMOaQQkSrZxnZQEbnKhLHn/U+2+7s9XAtvxU3sGduyv5us1AmMNt95QAASi8bRJyoGOS9uTmzh7FI4PiM2PRHKvtH0zYibqdj34zCeTuqnAFsux1kQYz4yIVeiKM/HcENStCmyLN6hkvX+at0pSmVBO3rMdtSI5ckVR5nzDMS4jhiEBTCCtvgToAk14iJWCvqzFau4ecVhl+koKg9FUDbAxTIPXuJhLm3j9UEs+2IgqqDnZHnlRCD5A/Uc+hRWWm50SqQlKdNCdGYBp8qsN4ZNtmzqhkH9Q9iAhNmBRlM1NfaWxowCEMRx5yCUok1MetAT1Pa9PAoz/pTEfzYs0JUbhkd3TSpW0S1FOpILTQVOhFmhH0Bj4mtZ5trWSC11VmgVf8bsQkPkurhK2qP4kXz2OACRCU50fdxk1QAYA6olZD2JPSCUubXiySjqjptaWa4ratccT0KYjq2DvpvaM28VTpsofThGp34zTsCeRg3cl8NmhFjWz9jggiRaLFs8+dfPZT27MH0w9eGf/6r+D0lKYdMeDcN2c7nDGwe0kvxJHQOm2gNIWtxrTrL8Vw6N4xXOmewFcXRSAk1UWo0lgqTcX9A8hOU42g/CTGUYyAwj3q5yVzyF/QShyKCiYVdiQw1vUAGzesbSAy4a3Yjmeg5J5CAUEy8zoISETHthXm8cpdNAiVwcqt+j8SQtlDoL5fwCamaTnhNEQTqIxKYR+IkBuPILwwzFAg2LEzNvqNvhV6jkXl1VLWTdpYisdMjGYC9c5v5RdEDtkANzNqBACIhDHPgPqYjcOluIbWqwGEGRy/qyBOc87yjQhiBCIap+H4mN65vf7WX9H9s+G554bPfR6WRzhO+YGrAyxhIyf1HJTffjJAjE9B1ZrW+RCNZltliktu4xsYPMzlzjjg0bNoS4NGSxeXWoDtcdW7Kg4MU5uHBhJjf/mAynYB8vuVFBXl4gxKbArQt9KFg25UaYTFmKK6lODS2myYTOjVyoXqKL2TEEI14+ReTYFmv4i0izESRWDhtNFg9XILwb8/rknY2gmeRqkV2IgwyH/uUMZUw8kWfyb17YFV8u8iIvGkzXUdB6VJC49cJIEys61IyP7bHsfUvjSPRLlbaadqxqCZvvJeeaw3HAD2PnvKiqdR9+E1nyfuOzheK7oE50nVvjUU/MUdA8fTUqtDPQqPJXwon1rpx9D8JTCDSAYklBeWZsitDZzqtjYp6gk0KsjwqEkKNUMVV1py1szirFZ2u9jkpOIb6VZNU+hFmRSxsx5BK1WVmaBvY0jMb+HoLbc6HjkJbPAwzaUUz1rZTmGFmbviQgiaj2G358swjdR+SHUXzQYEA3hODKhBgJcl21+LDNq3aM0MhP1tF9ARFd8GwKs/sgilWase6TRgqRTIoQgqyGs7HNJFXFStFGPE09Orv/Yb6z/55nR+dvHbv/nEZz8/YoBpxGGQgNqMqy0CWiOmfA2TiOj0If8xXTB/iFNsWGN+yptfDQP5CrpnCHidMt10eq1XAMmkeKZyghKuK9uqc0511g66BL2kV9qW8jAob+SphU2cFTHSRbyZpW6qi8/wuJgamzPJKqLjE0WatOXIw3JTsEGBYd2UWhMlVrPiLoqNzWJWc8iOhoxxtjkWPeCJ56HkxZaYRYHMLPc1tbybRha9NRf8y/gKwFJPMc4hD8w0pqxSBXPZpCvss1DnYVEn48ogAwGU15YpGaPCBMZGGUmHNmhwQIAUCWGcwpUnHv7B79I/fA+m3enP/tzy5Y9lw4WNMKDAlq0DZdHWpL6AECA0lqlrq9uJoAqopOAS7BYN4dDIwrQ6XQTMehzSkgXYsIHazPWQF+dLZcsl6YtQHeYLy/vcTZ3TAs9hu3xc9W9CK1BAMapDGmRB8KGC0+QqDkmaqt87W6x2s6OUCXhnijIyfUqd8BTdwNLC4JrUROX2aJvVtW9Nmq81UCPq6NUjyoGlSObm0VrxtlianuqoqgaeEwKE3Ac/W0c7P7IYFvTEB7gYRuAorDN/SoSDxJ8PznvTxT2XYfcfqHIlp5hm/XM+dVcGVTmnDqNMJtOrMM1yWaP+SIdPKqpt0+2BOhet2pAmwgU8fc5p5fcmXnW2wPfPbLanLczVNRs3OYMu6auxAu/1oEqU9x/75reZxLYrptCfA21n6zY9FGqLPD/P9bDzTLD6X8JH0yQbgjR8A0OsrswNKFLQaDdnl/cezqF22ESJJ6Uw848gbM2fjwird5la4mL6iX1QXlWeg+Bwl1HMriUEQCQcjr7ws0df/Pzu/DL+3XdXv/U/DdeuAxFNE6CsfEaQT4OQwDK7Cju0yB4L08ysHHrKBaIFTeY/Ujeb1dH6gjTnFdW2Ca07ZJTtvcLntBeS/GW90EvmX4bXUqY8LJaFN5D9uDoYKspqVvda8RtAFgbefabtMLlJRK/KWEYh4Xx1UPlHvUbIMrmIKCFok6GmowqmpIHYPDMxit3g2qtbCMAr7YpVqOsSZGiAPH9qNdPsANYf3PGsSmmj3iGrwJJQoFWCAMDuTsptrfiDxlZfo8R1XhtWc23zCZEWs2shd0OUySckAoq7MVy/vvu776z/038a7tw9ev+zJ7/6T8Nj12E3grwObK+5U0FHiUEPP2bhU8vzPMLRDvsrR991IxkHc1J1N8sv+yLA/bS8V/8y70H2HN74CS5dYg+83oB/SPfZ9nXFwd617ZqIcMaY/pIbsErhEoaS2r2XuIUhO6B1OGnOOSHXq1nKkDcwBM3MeTzbEX174bQdAsxMuisWuFypgQDroN4Lu5/PnegEDXpEtGi2ECCS/Iqp1ZWSUntwIYNdNPFXfdit4HQrCI0ikDvRzZpw6vKJItRmZWiWMghy0YiBNjgra5e6XlISO+30PGIo7HWrE47ARJi6bqA9uqEhAC40tnRG4+kKnOLEXXms7l4XnAjK+80TXqb2ier1zvu+oSyKXQpyVJB0mBSi6+uuCZIDomlv4mOmThOraq4pTPE1Rcx7J4TDfYllEeSXjkjtAgvrQKqTdSWyrHJQQVjw13XiFtnZDM3Vj1G9TknpuKu/atKARcLZwUOSybo+XZPcrRRSeUV75RtAdgro5ToVziGnBtZEKFB6I5NFGhAQhoGIIBJce/za/+7/ePfvvwcXl6t/92+Hp548+sVfjfcfxHEbwgAmjUgWSCajBF3IPwpLKTlvKs7D+1Oy/5gZR9eoeXCgQHr51PBKJ6o1qGQt97gxLXwChMr8tMIDnSvy4Uwt6etZDIqBs68h4jUCEWyVwdQxikOVpQiYWKrb8K6KeYEnDZA0Fxrvla8758kCv2qoUXUXcg9i5ZRFQHUGAA1FJVLrjYY/cqXju037BuDqSvOGlgRhGDpUyfpTEsShqD1zpswaifMvzAB2Ploi0SGlTXKGk9ehMLMTiQakEWiahicej7fffPD//B/CD16N03jl1//Z8rM/Qdy+x4SKF4IPFVrEW+WfvrQiJtWlrFUegsDWPrOx5AasPtq/2AgBeRwA4zuLJrIbm6u5WDV3/jnHAtUWJJJUQa8i8hVxG3qgIgwZP0ZeJ0sqSNOsFih504CIC6PR9FPNRM7bndbh6PURb/H6AMAvkkCOBqiwvQZijhRC2JeS5rFKCmOjkEwvcnRgQjRQc2q4CuZTKz26ZwJ7kOmzqyzdtU3i/WgitAClpobYYodCu4Nb44ooTkHUfBmlm4VWMN0AJSW2hUQ9o+4WhxHWdmDxgtIH3ddcDNsZL8lUmeUlX+AYWATV5J9GKqB0rEi0P62xbZeyZoSjGSPye6iat/QoejG3B6eJA9UGiC+Wn50go3vUCFe+UaIY9YBLTkHzpghLqf6hcavME0AOL4KVpR5CSrTAz4Jhvg2X9HT32N6EI5mGiQMa1s0Y9Bp9H6vZYEEuevwtkBrPDgVzR4n+jOKUgBI5OdChq8lP6kOZCsO9EiogD2kMTXEALRdVuKFplwDAtWmjldu00lQBqJw9RwDqZsbT8IyoRDP/GMfeVVyxOVbIhcGNXjMSlJjdnU5vSjgDQoQYgfD4c1+89r//P5z/m3+zvH929j/8m8cuVie/+GsxHMeLh1mdhwViXjLF7ALAsCuARCxpJAmjih9QUSZIFFvsj2DbYJnqVp1hw3pj66cNMSDnMCLM1ahoyKgOL+Fo7pXwUW0N1gmmIAD2VHBFKN+zdPuP84T6cKY0kayQqlsAEAAiAPJ2c6PQWBU2K+dTWpfXrSckFaaqCqXtKFYZaGNqM+h8lRyh6l+yJ85s505kBK0a2LmcBioNwu2hhLLyGwgAGBAIIOgJL0NjRBC7at98nKceCWKCw8NFyD8lllfdRHAgMDbE0gyWV1lD5SW4RFOEo+PF8urule+d/X/+X/TXfxsvLk6/8stX/tm/wuURTRMMIYXwhhA0ryJ05qvMT9sYWoWX/Gomzq6moXKANizJ/kLnqsoT6W5yF1Hv4NUNGmlw/27T/heTotxEj1bU8mXFi71t8b8wHyWSx2e/t1P8cftjFc5dz9Pd/yzIoIo5cxDa5lgpnFg4UgjMLXX4BYpXxf1IhUdwInNST5nK+R/x0OF1HjHui1ezXwbg+hCHMVmJyYlcc9RiVnvJJxixydBqYWtS1UgxuqLUMKmzKlNAWueQNbMiuMEB1PxWILShVL0WpmeRATRRaUc0E9T8t79veW7Kq5xQ2u9dA9HN6txSN9AnbmWvjaoaOmu5qxkoZZmRNnYyGhyrUwRSxR3nOBwHeApKegzg7ZfCJY2gnya1pmo2wZMssfDqUfICt7AGACGEIrqV+mmpDiEQgOyGopZJihC5MmrdGKogtzmzsF+oVPEJwA0BFRf1hGmobMpzOR250AiUQ8/Ks3rgrPFKk02415B2HsW4gMrlG12ofHxdrNGVKtdsxni9h4MsnZoON7TgNqe//bsSN1DVzKqMwoPKv23T1KndcPWB/bxWwBgBCCaCxeLKv/zX0717l//j/4hv3Lz/f//vT1597fHf+Jf4vucpEO42NO7ibodhTNFqiXVkSgWjyE+jBUw5fZ5hVDKRCMwz7+wAgdrypNbr0PPEcsl9yak0UTItgXfpIe07U+6mIkfp6Jqw+xEcxbAY0vIcmYeQkElT8RSU320x4MoFMDPTDCv6neDxpzvyoIKk+qcQonmoE0cVONp/Cz7yTKNMCBOT+aYviusiA440R5mHmgXmn8wortp4adKkQH1UKqx1jwkpbHHSUpwumDMilfdzeVBxtWmwigQwcA4RgGNP7ZHy/yWR4a750TjVJMEmAIh1/pnUOQQMAyyP8OpjAQi2q9U3v37+//vN+Dc/gPXq5Kd/8sp/+3/G51+g3Q4QAQOEYKZSTVahzbEIWOMrizgXaKkK11zIW4XRvkHxF+LQleJGgGKnjGub21LXoqI5dCakvtjsy3ZDgysaXflQQ3trlENCDoM4/0H9j/6uSY2z9ulZ7AjBrM14TFD1UnUGWfnsBuG1k25Rh/nRS7ZCfFLUSHUuJEjjZlI3++Bu1digiHZOGytbDL0EnETUEexGFqZ6pRMnQnOH6gU2PumQ5oWQrKJp4cibvNK5XEwtO1KUWOeKUrp9bgauHqKhV5e9Oha0ERFjjCrwYnm1pJWllQwwG9tiLFpiMbM45iRAfs4nhz0yemAP6dXuwmLRJKGISOU+e3WLKoLLF+UfIm4RFJ8VT0z+dlg1qMdDEjj9Xp6xUN5VI4t7jjnNuXMJv5vlGsnipqS8Z3jc7ZgRs/GUvy9erWMhmmXXsly5rwvpHSmomKaRcraLG5QNnzr+87Ogf7TkVgK21mpik3t6Nt0t6Pvuyg2ZfBVastdQPQ1EzH1nCt9TBbT0bdJeI8M4uKumsRZjyYRrfQElSOankJledImAw4Luv/vw//3/OP+3/w4fPoSTk+NPfOrk57588oWfwCefwSeehKNjCAERknVgbCQGylf4DyAqQpwrUfpavhdpuYBs37sHQVm/M72D9FKxFGqLIyhw+K7jPzOGcDQt6JeoAsWapuiMkQbxlSxsUcH0PtXmPqAmPeup7qy5JIbfsFLrLrthK0bEpJMAtPln+e5w5h6W7nqbM/dWfCzUEZTX95To0sY0ORLUq7S6SWKy9NOEV2FASfcSAdbusFFTGz406mJVy2wq5beerhnZ2MYcqEee3gAlSmpvVFZWVpbKqaCExRYr9KNCBUGEEwFD4qpdxk6uXRiVfwJAWiNFRKLLczq7t/7h91d//a3Nn/85vHlrmOLxl3722v/pvxs+8ek4jgCAKVMNXSXJWYcWulq1Z4J4NtzpbYsm1PVgrOnW5S1gbbewm1GWrbgXt2+jKlMSddE2Kj1UMlSi8MKMWfchdYW6kZTjdUsmFTWPXVyEmDV4Zmu9i6AQeJsolQalMZKE3D7rYAT61t5GI31mNCO6Jrad8F44bx/5sONqKpoBQ9PJOpRMPIlpR4JCW0xP33SkzkWKqrSnEWm7CFzn6sIXRaOGUxMFlYC5wysxP9JVc6xJUVFibu8ACsoKWyV/4rC0IM2HT9lv6FvyDIuxQglC9fxnvgG5YqXI1g1mwxOP3MzdphD3LI5r4Cwk8jtvZ4Zm07AvTa1sq9alPZTvhdm4A72bM6IGVjBq+E17moDuwdVyXiefAKBfm7YfiGlaeaA9SUX3bqNjl9oECN3v/W0S1AN4VViPKlklOyXO/u5/4mvfQX7Lvrk5j+8jSHBDOOtLrqbVCDVacU/iUE8vjGv/EZLP/YcPeVpNTHPbopnq241JZq5lOOSSyTjiE++7/t/+d+GpZ85/89+t//772z/9o/GV743/5UP4/AeOP/vp8OKH4drjOAywGHAIhOlDJulDThEIgIjSCSSeYn6xHGLONDKq7AZKiCi+FnQAY+qoJtZRHAk8XImBCyxxOLoeA0pNJcYvflKWjzLqIIVOSD5XqnS6OJVde0g9OIbmgIA0MmVKFBoSOkSKOnouf/JCgfy0mzkxbWsQ0EFe6Sdlq4SEFRQfl6XlCIWg2ZmQrpCfE2T2WP6T7pVxVA2UacqfrTHernwttRQyQPrb4IPT2xyJUwQitek5jUMqTULAwG/ewZywCa/SFOcvIMTKJGsxlo68BptYrEMWzrF1V88KkV5THuGiDqNERMJjNOsbWYVTMSbwmw1KjAgAkQD5m2tEQFPmRgREiqsVPLwzvvbG7sZbu7duxtu34d7Z4smnrnz1q1f+1b8OL344jjsAgBAAA+VYlV/JrHlT5lpfkVNWr/5R2OILu+qp/srSOcErnZRV0MnsAQcRtQ0+2TUfVIgZCyXR7cFD7sWocbFellAWg9vsQUKTID00RA28FDGb6NSTiyYoyuuis3HHTPLZHKKO3rE6sR2MDWmO+yMfPuCsk8giRXvFspmCauhcg9CRjJ/2NMvBvepVp3yPjEZ3Yc+FnJXu1SPV8YyJpak9l4+i0QKJZVilaWb90+X2h1QpNC7d5SlXQttXi9L5p0agWQhxiBXCWi8mmcl1HQ7NZoYVUDilcTAtU99qmL3ZL7QERfomgBxZGNJcr30GkHXDXEBDDymT51ilLtbbbs00WSFuylK7EsGpryuo6PCgoljgq/YyirW/LMAqBLM7z4UHPec9I41uaVGLh+tSmKYCG90mMRDBclLmrpXduVE8yXmiC+l2jvtFRwVWSovNoqyTBA+HxVVMD9nG0kEUrUgACED3v7i2Vi29A2jLmGOBiaF5FPaQJsg8xNoWCvRF6NWMMRGN7AVxsaDdev3tv3r4+7+z/uOvT9//4XK3DSfHx888hY9dhyvXYRhwOaQNeBCJiChGoAgx5Z6xCDYCQiipnxUq0MIu/08cTWtGrGAljkP+Og6J1jPo4AyIT4a0ZFNWpCJwxDLAX9/hB6ep4JbP+KvJpN5QRghptzFn2kBAkn/yrJAs56arQWZYGZO8mlc4qKJJ5FNOJM0rVlMFgFOCMt0luXK2A/MEMVTr8VPyo2aTh4SY30Ej7YD9QNkQhWV6SZPDrDa/JeFlMrNnyfFUaGgPs86WVFL4RRQp1wjySm5ejkzpGKLMJRcOsm4L6UlEIgDFYg7U2mkiFc13fJQ0mUAeZSAAV9En6wSYfp6EPIXFSBiFYeEodontkcBK5KqpgrTZAYggRooTImAkAIxxCuN6vFzTGAnw9IXnl5/69OJnf+7op76E15+g7Q6AKAQIwfBCCWSRHB6QsryrZQdj9oGRZXFmy2k8FBWi1BANc2pdngyoBlXxobHVMm9tV+6BC0zlFkti7AetDlmfsM0PPVwX66fcSKoVX6m762BSwGGZHhW+gmeCwUeZMOCCVJEE5YMk+m+CrZPPZkhW42D9rxhWcdZ5KLM8i4ZAx5PmHDWjCMFDNzT/VnGFj0sTX/ZJBWq1KYy1kIFBqnTRBgMa5fk5ZW4qDLpY2e7EbwoS5YVqrF50pEmg4hCUOfRjkZFbsHPU6uLG1fknY2q2tTeWjA39aiZm0jwXes7PtzeFkD3YTK4o7TUODn6XhA6qvcy2zj/BBCod3Lj9e7B9Pg9XBgeIAjdKfx8JPtrVf8e0/NNq93tZuyPDGpectAWMzFhlWtkBi6pUuuS+45XbZR7W+ae4QUESVbDmZtQ7WG/TNbEJeYkGHL1Nzrj800E2uLjCwWFfxSxckv1aTI5aBDHO3lMHM5z3gzqjHznXCiEYrABAMhBWFi2WUGm3pgoxOxCv7wDQNBo2/xQb6sNXDabqrpEXX++KFMXBM8tc/gkEkOkmAIAwIOJ0753N3//t5Z/8Cbz+Kt2+Ge68Gy8uISwmQhgCpfwrRqK0gxdSXEsEQJSeOU67jkIWeB0Oibzl4ACVxwCgSDkvAG6VZtjMVG6PgBF4KZZ5xv+pVSb7MF3MAYpKPglA3sVWGouNhbSuVJiUMlNtpORvhpZzu+w9Sc4Tj+eWgWJ62QzzRe9OTZ2iSKSgV8U+lJEOVAjKrzjFdIdlApuwiPMZ3h4rhXPFExHt8ryhfXExCW/zEOTe287JYLZgCJBessNmMnNV2Qhea2WR4ZQPuW9kkS+akOVVM8pYLeZNoSrdj6kl6s2sWc8sK4xoKLJZxOWPDQiNdbeJOs8MIuaPv5BSJQErPCAuVWBI8h8odRF1I0wrwym7pvSJGAIICIuj4drV4bnnF8+/EF744NFPfP7oE5/Gp58FAJomSRClFpCBSqlFmxTULPbLZdaqt/PPTHOVNBZG1cGSZqNLbUNAGYMBGWuMmpPtYyYFcreaZrw+Dsk0ZjIcUs3U3XyNjVnXwujI1uSf4vjq7KgMsv9xp3LFVpa5dFHCObMk3kHXhS7zBzrNEKdH1bViGjzaM9F7b+Ks6avl00ZfjEDxQKC84Kw06hQ0QhEJo1lCWH2xAtiU7SoMNiGQR8lOnwmklf+uwc6olSgl2efOOrmu2QOvrGv+314Cc/4JPJEC2hk1sWiuSqG7OOV0ElOnc/puE8Uaglyp4bgkrccyh3+vAuHSsGYbz9yc9LdtYhpMM9nZ/SaqNa9IRmAxAXaXoIbQyi/rVPmWBeuGMzOCPnbgSS+KPZ+LmvQMpR9HHrWEYHmPTvGgmueK1sJMS44nRDlgh60OkwAk/LAtNbedLeGIrG7sCIeK25qlxUraQAjsdEg8Yzx9umZUuEiTdXKs0xaTFBgULzqrF4YHKqTYY0wNwr4RCEAZ3Q2aUr6qSyZea5x1QY0SkmrgykkWgcJBgLK6pQcjp2W+4tGwEplhwhCU2DWtjRDECMMCB5we3KezB/TgXnz7Rnx4TiHEiAD5qVGIRBQhxpR28n8JUz4yHTZ+UM5CNBlAupcbvHiVA15xA5h3onLlCuTRTEzripSzIsTcl9RbmJQs8opmnkEbHytEEp9A5p/KX/GOqJ+LK34rE4ul/JF+s8ATW7ICu4gWK6m2cChPYaIJM1tCK6YSACikIKfogrzlH4G5XQam8k9+Ba+jrp5G0k5YjBAlm6r1VAEqq9woFisrc1nFtpoH5V3BQouis1xnFmpVLZNoRM2FW1a5SdZ31ZGlUA+cTR9BUYQis6AU2jABAQAikh1BFXR5JTdoL0vMn5R7luIJhmzFQ67CYHagWUOJcr4Ykh8MAQLi9SeWL3wwvO994bHr+Ng1AoBxTPlb8ellz34xVC54cuGEzR/FCpmf3iUBtC/q8KB2r71e3E4uUtW4Ad8hCq5hN2oSQyRj1N2hQj6lCmh5BI5AK5HK7JRnbUysoj5U5JAXpZPIai4qtgzQy/4avV4i0WvjQinFmkZHHRE1sU1EAainzi00n3+2kG0G7W6mmrlA6lbMcJ4FG21YEsqgJYY12j+XmzFgo1r27t4Ch6MaqtlppxXclGlKdsB4Sp8TPnqGVQ1bZuSA/FMrY4Mz7YJLjFF+N1o471OB0wzqvZ+3Nxk4u7jqjhpIs/DTS3cPPOq6S42ezc/zDWEjlMDA+tUWJs1Eeg6/ZP9CvQPKrlmD8fYg7lk5fLTVpvbQdvbRvVBH02fLE0a+JZqyFRGfBRUMlbhjJbVe1BUHADjUNOrIdq94iDZFRZcZMR2tlZTODtv0dAQ9RpmMXfkjvTCL1Sq0BiWMEthNBZ0R46aQS6O2eBRmKoLdT2ls5/QgHVRRSyGK7HOImF9Mh47wGfgWLLiOuUlvZwcAyDySz4E70PZUZDiusMYDcmya3kgUIyDCcokyIkUVa1N+vWBmceRgRXayFYal5MuNzmdKoHPExxcCKAkFDjAsvWqbLQEvMiIAv5gIwSgMSUtlq1TOaxf+MbdGQQyNzNu427GYI0MGjzkRZrutWpL6y2bFmMwcJoopTYiwwyzNApbfvESak16OfmT+nLMmRk5j5ZA0cafmUsUR05c1kSJlQXCf7gAwv4qIQdl/3sg/VVyHweNf81cLk5hjMzIKK8l9oTSSRQDLCc9qAU4EgJFSnUa9C6vHrKLmpgphX/GT22XRiZkv8jhw1g5+JJWTqNQrMO55NTflnzmoIoayOEqVGwLAGGmaENI31ELOY3VGZ0yL0wMrV9ltGmk85FBi3bieYPEQDf9YVyqb0Pj+vCMrwJvBq7u792gknwpU2p5bYNpgwZgGFajopIq9nrmrb0ljmVXnfepIzDsUxoPU8pS08b7MmZLWxTmH5UOdBqq2sTJiSm57gcfh4brrSFaDBQFWdLWnz1ka+eRp+skMLGvFKkjuKYIhehbtXl6zV2KVPWxMYG9FugpujcT2MMm3QQ2meqoMU1n+8mmM6t0ZLdRmUpuFwqzNkVoVm7CanWn2fT9OpB41V2weMpZLhN4DhJkG5by+2+tWpaAHGk3dAxCAMIWj3nDosK6Op61suNtdLhm7ty+w7lHejB/e61FTIToBPX7qDjq8xFabR8OEH2fDcgkqQ6DHIv25+SrcPXDU99bocD3wATER1vFBP/nUcLInOMyam14yDvsDGUNXNucAUks7fJPeCwYUD2eHoep+V1NmgQAA5C8VBUCgcWQhCRT08hgCAATMdV8qgsUvrpVWFV2UG/l8zkhviplR3wGbFaBCmSOvMqh2YQw4yXy5mJuTB6qAq3SIIaIexzCvVLBRd5FkKt3SrDIRWDW+JcnEVcCfgswsLFFm7hCYOEmRALBFsR7PcaLFGGVWJPtx0ZVFPVGJQBBI2FKnsq57Q0+dcOtQs0xKi28OPYTGzOtYh+fFS2aZLwHR0qW0SEnBQs0Vrab7Y8yju6hVQHehocwp8OtN0229/1CwJkjmJWSgzU2JcaQ0fkJ0GFKL5OPtcZD1/1GOPVbapxwNFzDniGtQIqn9Qefjt0fIq+eTT74qVRtb9a2gzU5EnRnmo0QI+Wc7K+jHWnLL7yktI9g3ILpjVoJ8nrDHvx50mKXFDri9a0Wd5NMH1OnaTJg6n2kb5ZVC/I/Gg5rfB0qsiOkeNJLVya9L0MVB8x4TPbrO3vVQpQlw/VYGrpeIKwx9zFu/m6r5ZsppmmqOWGON0HkDh5GbbiSnaO3nwRrUfLmr2be5ilh3r5cxPRWCbctaNaGVNgDALwfyoQA3cgj0FsHbVIBYtOLenZDNrJWnswMzARSRUpBKec9uOGG8moBsyGmAZ+9lmKz23zYPbXwxdwcXH+vaW7meopDCCgNzD98Yba+6em1IPI5heKGd+MUuzrsYTjbdA5b31s3kNmq1p1w8KFzh6TA89Cjw9VoRWjplcbNSx/YUikSV0VFFqUWvtcA4gHaF01TmFDeaeaZXfCWlgqPoIAIvP9S6XIVcDTuThd1OfW1AQH2DgiIQYaQILruqjny9NWnGEvFqUnIfbUPQ9knVkOYFK6pPM5xiPTnE9OQWh4aV7cZYNXEXK1z3IaVB6LbNEK++VWOw76jnWm3McCP1Oz0SJ/uYaHh9LlDjh0KpiUiL78pW7GlWEeuvY08sTeeOUnWDPt1LijkdHUltOvqUtSIgpBc4sx8i3l5ogRr7arfkkHfW5hRdLx1auBzMW1Q+KeGmQkfuehNtByZ1F11LAa5REoDe7ZpD5qe3wNILsQzhqL77TGoRTXVpru6CaCSy/02WnjfK+i1XtYxIJNeBX4IKZT+0Qyl4SpCht5jVCDh/VwIHR5WSWGmB5r4gLwPXRDZD6zozaa5/tJNSIsoXrVSroY1dYlnrprhKGgUiCpNbAWFaUYN6slSbapAiUXVYKZKPOnGoAhu+LlLaMI8yNXpbXylJNDkAftNJEuBDVmiB7U7RdIljtWHpPM0LAItOAcZg5+/OfDNzpoYBALNbq+dV/cBjvpfLVGca7104bSSNUMlrdVJDaOLcQaxjVvYdhdKDi4UdQADUddZzR91F5xJ8ko3HrNd3QYHmsMxru/6aLEzzrvhxJYGV0Ne+B8BuptWgNMJmb20zgdwT6CjvgtRJQVvmPxuHYrnm578ZQwHY2EIYeIAsZZXX+Ck82ua7CncRwE9Zc4I0SjWGrRIbzIntj6QpDevRgtcoBwKvFQLmDzoECm3p4Iiz+76LuhPOC5p3Z2oy3KSYMx7fT3SHaJHJOhirwVLjpxmVKeJA1P5UEMuITTnvcKaAbaFKggdVXWoCoRhtf6cKJEjf6cniXhndZ1ca0MjPI9n75Wzf6IXnLT40xvXDKDiV+GXO1yLnIGBr0k3E3GLwDN96VCt2oYdA6h1STQHARArmcwDAxlJ5JewdVGYPvSXtIPFwRrV5q5N8lruur2s5A7kf0Wnktb3tRW7kQg6ddWPeTuKenqe9eMqtYjKpvph+vJf5cuGQAiJJRf1IkT7RiBk/MYOMHUWnmuWiftnenkSlgc/e6HqG1dzRR9pmw7MSPve7HslIggsjOzFTd19npVNexWq6pPZhydFHDoG0XdGCoQyc2V536FEV2ho1ib0gPPa6CDIzm4vU1DMhKyQroQ5E7HygXs2AVuTHwrQ38XN1hTojrcetAZoMs4WAEX1EINJv49RLpntT2Zm7vXYyetMc1W7FFjwZZ92aD/dO0b1Ht6Qn16EYD42t0vKcTc1tnIh2BluFIxELUlIoe75t/RIACSBIVgPpsVtdgj3sUMuJAJWIAms3gnojgrNquD++Sw/2ZOuY9+rWvjb9YeushEDNhQlv/JJppiX/IjFYhVhQVFb1yBjlIum7fnlQnLQNOwROrYPdfd0FOb/6V9lr86aWZoHAFhfLFcGQvYIxLzVS0cuAGgE7P1LHmK72dlLwiMWBmFUIeXaaGZFZkT5P36qI5yO9TbbhjhkQKDZhkXawGi3nPtqh/Cxo7cNJdcNqdacJkOU0vZ9IGRmFvohCYgfrpvtJZm5zj7xrQn6qGAoBY/qyjCa/d1iDGzXYqqUx2EpFQSelVqQTDqakUFkRJH7QsEpuH+3ooG1dTBWjdUKRIKpfg/ViA4nne5D38tYyqASEENhc6+m2X/K0YJvQnCP2/hQA3DuN3MNN/PKtGkmlSvkbRgZb/5CU+zgwaHmukG1FC0Xi7NSRKrCWcMsHBiTPUyhTVVxGx7yb7kp//XrmPiBkN9ro61D7pip0NBA6ldC8emxJ1uiF2tkhQOaKOI0iR41CoQiKnVkoQZNGSMyvNhJViybVtW01w0k2xiGBihzcem97QBscuNVRa+HsYS+WyBmyEJJqpveFIX8XQMZysavGxISj1eBOu0ukBp4JtQiVjvwGVn83f/3B4DmXyyiKU6N0EWv+CfxZivL1UveXB8tzUmYkpJ4jloScASqdwboDtjyB8EQvkboXrWNg8U6KWcRfRZKpX2Fd2ZgQo2yOqN+8lP5oT4n2ShoZJa42DO1/sKS32l4feyslmqQ6ldJFvhk4qBRmJumFVoP0s5n+JeINNFn8SeOa9FJ23nkqevTOXGnT2CenblMj4/zu3FMKahukZn4TTyPN9V3lItm8ECjepjtQzYhHyRIlL9nVcLyIPvoSPKdGasGzsKJtI3jDRDYlBKT3A1cFNulV2IWppdCuKoRCXYKoLVWBoPEqPH400jV7qeJn0VAAEPffqi5XJqhdqkjBk5k4F7K1TLk/mjTOWAkv/w2JnUlfSYmrZrIzcUQiFTyMHppMQ8G4ji+aeOSTCISArQ2GeiCyncpdux3YhHD5rmw1B9bVgpgHquRPhuaJpvSyCH1faYDMdPGpyC/oInUbnGqLXrh6k3dhpSMaNJUZUb6cz0m1rGJRJQStf0wbI+3gD4dMg9VMPdlRDN35bpkUK2mN4gf/H6DcryWJSD5DJy0dIZp72fipLKgmV2Gm+IOGEQTqu6qGD1Vv1UqFcYW6yprI/LbsOBiZ0oFwtTE2/ZSKKtPivJ7BXiAYUyPXKrociPrwkmwvNuH49AAgf2FFY/UoHtkIYhUn1OsBwE4ZWt7/kY6mQpWB+us/svClr+wZgwr+DZXMjUX2kw1qLbuxX2jiVq9t1sknshXUMqRieWUEZiaumFrQOHsn6NRH+sqVfu1AI1AA6tu+oqN/zjp/qejl+5HU7CTKm2WLvW6d1JN36essIqsNMnUWINqk7ytKmhDyEvRMklJ9r4QZkF12V2w78apblqj50laEJLE6DbQ5YGj0mT3cA4dlnP6BiCm5evR43rOvTjIrTDSq+a8zGa2mahX+UcyZXr2hJoYOmoqBALySYsXHJjJEBGBXcd8Tb2eGaCJT3YfZJtlKNfJn+98MYravDQ/FfmExh9JxDvEc96BZdOIB3jMbZ0ZTO1Ueua+/5OSGqnecdljaEzDX/pE9uSDSvPooqtSuoSBqOSl0s7fYg8Ds4buILPlmlOqg0OMtyykeZkMqHdexQqOBWJbaaSBHrnpmyznWjQGgvBvUgXMqrSXLSA6Wn3X4YMIuN4Z3s5Tbm3fol4g3/XXK42TYolGssbIwJaQqfSXOM/XpjAzfNR53Rq1Sx/xpTESTEjF8OyMI9qKxh4xq79DqQIYo08jyhDI9+TEHrUkqMSMtS4rh9fP9pMNggkqU0scwUYG1wDVylABYxBzF9cFRku4SuHUehhFT062hIgKKYKg9sGVMEXXUPKmEXDqFdqhB1UnBASB/pMUkFi2pcT17gDt27B/3UC5INP0gG2zYYyNjrJp1Izfn/R/lwD3OgmaST3+lD6nhknuYljCkka448pvbzWq51XGpkqVGMlnMlWdmrdTZEZb7bXKwjAlWQg2eLVfbrEHPH8q29NBqec50PdlrNrr1Y4oVEQ5bk3vXSWbnKHFCJfa9sZzxZLvlAQpiZZY8GoiNMU1fiY2bqNCMPtY0NKI5eyV9/9PltJTCGlI8JUWMqhCVtZbeU0jcixjLZm2jmSLr7hkxbjBTmSAo64p1nAp2SuTuTMmnXoOdWfFoL77ptLO1W9jZBs2HHmKVFzfD9UoOe/MrFToZhAohHFQ0xZMXABmUq1KgtY76Yod1TfRqevd2Lx1pNrirDl+CldCj+SVV7ZJ4IL23Vq9t2mFs93kMZwoc0tvWuEg3buV4hlLVRU9l+enqkRpf+SqXY05n0i0YK/mCgK0Xaga66Ics5P5aenssUJPr2/c3YhwuzNRG3i0YGyNBvtTbGI2X8cXcpXut4fVPYxk72pPsutju3EOMPxAgF3SaB5ozTQiPmZwNGsfGu2l6TyyX9aUqAmQ5EYmt+4K9hUq0GLM0AQD8YkHRZEcYeVDAzqdji9JYEZhcJ8WKA7q07GCIragO4VgW6mYpuyNSc2EfApiNRH51ShHHTJDn0yodNFdI9SyJcNFj3mdrF44ZsDUyZTb0JNfuG8qk1/JTTJ6y6fZgdrqoKQ+sFKWRmqkwKeFsLV+Bgw3WMQhygpfwyKg7TBqxhAzpdAHVNPCDLWIkXNDiVV74riagazCr+Aeq3y4s1BGUxJNCVC8ecwM541ybvKrejVrWjb1sHXp7oN1iXTvclg7rByRU4O1b2QfTiPROICXATKHaqe7RyHjWS6roz+p4MnuGTtDltIfYOWFKnVRGoOOHMqfKFmhZEqeoHT2yLdAItHTHw9G2At3LBS3AhqjAHmEAGUBNCCo8dOiiw+a2MzUReDuCM9Jeoyf8V3InmuVntmhZy3gKkvW3Uci2ax16xPb6J1v+yt9WUFrDdkbt2KP9GZHq1auHmTZ20AOPkiT3iZHR68SjR10PUBqyG2HYgfya6iyS/TEP/UyWB97MqPeNP8OLR8X8oOOA5PN/jYOqEz18jUeNNXprJeflp9G8H52dDdGaBzp3tzKN5SJ16pA1Y1wIr7TM4NCI7x7haNqRfmssJ8Yw7hcuX3GzZ/uKCfrokJk2l6QluAM6i1fcr6QlCtBDqZH7EBBnbXGJJEoskq/vn0xGQuZf0oB9WGmra7DVZxzAOxJQ/ed7Pdqhp6JeSHT0EwKvyhKvGOcYd64KaUDQXLP9VCh1lAhqVufSkqZ3W/13Uew1OfWBjVlomt+658yYnvePiJZlNLvvamhxx1b3TcDbYJSe8D2kVtpWNauROyA+qCslGuC+3t0uEk65mpwq7II7Ofw4POzZc8wnn+7urA3qwdjfuP2B+n7zfIn6+tp9iKrGB7VBnH8+qSbF+II2d7y7UPBprsqpBKlb8lBVDFO4KZnYe4gi9oT9PWRmm3VY4xVB3amSERs3Ksio/Wsrp8g5p/FJddW6aXL309A4Fu3LeqoJpOKmZI/ZIWaiW6xuZeeddwv15vKQ1K5eBEPJJ+1YXgq5DEKHvREuZ//VZB8UlCOWaoer9DzqoRVSXi6isGou0HXA9BvY6DiFiehuVcXOdPbe6Krn0aNXPnTaViQ/3Q4ONrr0iqYGM1suCzPvx6IKZ6wvEuRVAsFSfybQzGPjJzYEuBArxlTV1QDMq4Y0tsYFqTq8yHkqB1L9MlspmetCmiQS2H7OwMRQSem4mXt6K1YcLufV6iF05lGu+/K/M3KtUUqNWeFOhQr+oxIh3RL8N7uhcTCXkE17gcx0lFBRxEXFgbx0wv/PQYeQj5rDZAWDp0/dsuh2Cl8EZqHPrt60lEKDQXVCSnjK1DCLtc5BucdLgBppBoBqvbat5sRPQ5uIhnQbUkIiBke1d6KVm8eYAxojh4wMe0ljkkgosQxCrvEX6kTGUP/DlGIjB+eVEZ7HDMRMTXpU10ib5pU9qpzFTEwZSDEX1bwwqQqcssbC3RCCMIQvyhq/dAXCYJUYSTPSmLQyKbzUQO5Wqw3w7FmHEtgm8Pq/GU0A2nlWwAvfyDEcK/FTQwsPFZlqrCqc7BlDrU7e2xI/pqvLbX2w9cUyQXWjupfuq3AgnhGZjjr98G5dpKgfDFAduszRZbroFSqoRcIKFWRHoI2zspBUbL4xcBqpyns2UnEVcmurzswp35IRebHaUj1FWSC0J52ItEw1G3Bv+XAlGq8opKmUQb8GhfgdhyjRuCDGDtDFtfMmSxAUf1H+yoit2DXHPLqxxbZwshWyNnikaCG1Apv1V0Ip3VIDL3PdJ7J86kJhmOxU0NR7jpWFrsRd9r8JIesna5dcxi8r+GzKpHMzrl4IhunfosFGGTyRwNMmC+JaW2bsYDYlLRvhDicWntA5USuNBFa5pgIN4KeEo9VGFx4VzU/tO1F1CTI6t8C5aEWJ8ETeY0QdDcFWAazsYVPtHSYHVgGNwsuIh/S0QNzYHXk1R1NO9k80lR0atWil+RXtbSuNHQL5vWf+bs32zj7nDnm1NVKilMPFlOMZeUNEojIEctSCTFG7NKilNCls2lJlGkB6Wh70iOp3myK+asxl62VuDg3twhsyrFAFxsYNG9Wr6gRh16sRR/YkH9Xe0dmgClEVeyu37VGuITlzl/4UQw0ALnuoSx+mdY2pujOnrH24LYgk/3hr7PTSibbKUtRldouktNUFEKYpoIQMLbLNmOZ1TdRUNQNdgxOH3cqZeTOd+WmMLTv6/oBOjAtb+nKjZUzvpZJgsghvwXWGR8YY+DbzBtaRpiSxF4L4SRP8lXHuqUlKwvpQc/BejHl5r0Qrf5iZlO4d38AFPzqoI5Nh1yAZsQa58+7YeXnWPttJx2zg6fdRdZ03WKZpZdSyrUpvBc6cXVUjHRJy1M5Xd9PFJVJtSpRij3bAoGoBtZmq8ZlBuxlj1EikKbeLSB7PFtrWxRwWsDWGdtegxD6Fh4JTJ/h2Fxq2cXby2QQAP21obUIr2FZYGhOjw5um2WiKXGty21+h7MWZYqqK/WqS6T2jc42WTGOxH1k75LJ2ypqoErHoLztwKlBv5JaTbKnk1cT8AIU8fyN2wAlu/pvNQoumWffi1z/nPbfDnvhJAEjxeif+rmf9oLyiBWS+9ta4BSaB1BcBAEMoaOtwSS5WVl+lBBU+fZPhwg3tAA5JzMCJNaJDW7drtJ/1BGg1pDY80JOKfZgfLkuPcJSykR+r26N10RWKmoeXK879EhoiV07/S2W9ZBSJh+4xC4koxVbnILgZeZSfUNGv60Eac/23f1Au881VGcSoO+z1Ty9j4k4qQW1woaU7TXxIP9tQ6WDTFs9xgFWpjg59oqv+VfXaLI3SFAtNWlLKGbbVTKcB3KMlLhU+mQigggrbldl5b0TEVRfKzZqhNc9tlkcdPkEtDH1CPKom+izX3GymP1TNnTbHoF/95SjTiZC9r+oMBD3ZITdOq83hR+UHdMClA7oSTGrUMxb7rLE2Qu04zgcoBbYvyndGaHmkAtwoTb7U0Hkrb0XZGUilQcblERDyV4nINIMUUUmkla/oGlM+4RkBr0rmtRyVrdascD4/6E8fGbToPftJMTV1DS4d0S73lfJfT0+ZubZO2UdAv8kCCrPKlfd2cMHVUGSLnmYgq7C6udgNUv46j9AZub6m5MBdLXpEVL6ExXZYiYo6jOb5Et3coTOrbvXWXSMia1xsHMzyoH7Oj94T+Abfin3VX+tJbzO3ZqIRzNm4BfMSAjqEGS2sJGHuqJWlo3+lbKR8A6gZPGTiXEtNQsOh7yt8FAhNz1hxoFjt/jPSBVFKYp3WZqm+KS7f4i1RbgWwfwg5CwvEecEGxpoRKFvysPO1VmWeetU46DNRq5xUnhwmM6W4Rs5Wj5Vuasr3CXET25oic7Gp2xZzPOCn6Z0GQinDWru2jzkaZnFglXLqKdaCb8xoaxQrv2agJq8cYr1yQzMOQgvc5G8WgSYObZ5XcUk9rhZUkUbJM7WcUL060arX+LSH43o1OuYvxxSbjsDvBjE2mhEStH3dh0T2KzUn/tN0NtzBpIIiD+ongWW3SzKTPrq8wgxkxLog37ek7fpU8zfZX1YqtCQ0na4JMoScfak+1wWYw/K9LA3Gd2E0yazrOfmtB7ZBfF6wS3k+IQ8NuUwvJRJFDNjhWN4EDo+CUiBR0l7uupRQbmsjI5jY0djIlDWHwkDIEV966oCMYRCKXFLmZ7HQjmUwuecYAuCNkopP9uRlJuJnAmyTthiTqGKhW8MBA0x9FN4tr+dTyjR5eSbuUhaBxQp6vqiUDN0nWrsU8VqQkQf1MrbSpXrbCuX438g9lb15nkaPqGNm4d7sZ6u5uaUIgIqyYaMLi0ONmMnVivxTocn6YjPunPecO4jak1eNkuIr11fb9hbgyo8nUMo7uDZ1UQ+qaSKC9AFJIv3EHhsuNdAhRwkkrH+E3vQ1+G9Y6IkiJcY9tLK0dJyINHEmYn6uRWKUXvjJBitYPFCTh005KX5S4SEsncl8lBcxC3RoLaH42loaU2FR80FcgGupkZ4hvZ022z8mMOA97eYqA3Uv7vKhLxEABFXj0DYOgB9caYZDdSyK5ZE9N5w1KiYocsCV6rCjR2sQDVsaIuOjIGw7vZlkWFFULgYTBjQ9yTz0Ej4qzPomsuto92V9hoD+FXc0b9Ds3d64BoJdBc3NZiBYCd8bp3YRYPF1TMxYVYP67vyz4W9sBOk61ozKzml2rg882uzNJwd0txgeVAPTzarmdZJTelVNHcBOHST9kXiJ9I0+YvquZZFOk9D00n0qK9lJzxBV3OTIah1J8nm4IktKGFRIbGmpBWZ+vpqYiG9RfGgVaDwWCqgS3X2ZXH1R/OIMjg0iCnNqcBrpYlFtDK//8zYsy1YHlYababaUEFIEi6M/31BFAz4uqGTy0Q41kz0LBon9VR4LAIDE8T/teR2TgCrpkZmL6pXu0XTCYtb5272HHvoFD90XxwsyZVIAqCtrCA0VgCLoqLYMN2bfvbST2FYZe1WBLqhyL5fyzMXlGlI95epm7WT9w6CCCEnC3qDUVyM6mJFtqMsi9gG/mY2alCdMO5l2MoFzejubJO89nC8/XD6dS+0dZL5dxBc9mLrJ7NAtJ6STxtrRu6KhB1idNIasolBV78iTB4DQINccVNp25bkZue3H0DZq4oGYjZ8WX01+V8g09EeRt145owOcsazPEV0WipW47lEEXfJkx9BpqhQTjaaj+t2OOx5RlItFVuGZhNklhJ4/bGDZTOp6CLQgpVvybyYZCZt+CDv6pZWTHa4brIeUGWjRcCOpnl295QVacpaZSAS8MlOAqBoGdiDoFYZmWu/JVqugNWIo7xCqY1wpIXAhDVUv+UvUWMQoy0p9Vjj5aETDqDZk6+Fa0OamnJu6sEufCfmupRvUE1WX/lx5hrUlO0ydVMwe2JXGH+mo0+OGHeRHfJNZfi9q3AQuywS2Aar9twqmHpT7MfP1LJTFBTkBmU5lqnTQUsShyJcrNCrMkcHXfkGrqtqcnOq7miIlQFBHIZ3sXWoKKd0lxQGo6+Jlqa8VC4l28GvddaE8zbPJCSxwCVERsX5UEK2cyEV5m0TBxoGtcm9uleuXvmDHyHBEYQofZQOhRq+ncC2jU2rYuWhVYJRNUMjrW0aOIZW4eKm9oGLVvsypDM5SKUKJ8ldQ4hCq+OS0gJDHKVItuLOaJMufh5H5bdVp5PsG1rupGUK5n7EyWYBe4TDu3/JYgKDArw3dHuvHCWhBQ1NSLRIKSs1sSkXqqK9rXZIxSc9AgzTS/UW/lFUrQZWrBWgzCKWR0NpQzGJQCSodMYeLGd2RqkVYwS+IGXnJxJm1bak3+RK/o8j4Te4JhtckILJAF5kWieu4HkbIIN9qgM4sI0e35pnR1uOgbS8goZQbVLlOmUdS2x8EJiloDvj86ABcJNXuT9mZZplVA5z348V6oXmCSQdmFUKK+FzATRaI5G9mQLZMKvbU/O/gYzypNZ866zYIa2OMvAkjV0llrnMzHQnkEGNWferLfYainm3NefGROVxX9xLOvPHERwt1YG/Gqz48w+NVJxmLSsyQGZL2TyTFhVJMZ7L0vw1WiBxr+M4biv/F2k25fFsZT5kv47cqCLUqOeYAv6qmvZ5RggHrdCp7kK2W47wdGurDMNTIkK7mI+JCqaEzdnUM2TrqhK0VZoHz79XRi4nnG1S47Me4y+oOxB6QOTun8KlCBwa7N2dzszsz2QoftBdhps9haNTNRLR6bhMQve7WwqSyaLLXSs5FvoxgAFbjen85376Nu7UR/cPdM5NV+UY2/Jpzs9LnvK9KUfzYRjqQyBopN4wLZWTdRwNGedU1wKzsGHxrYVCuHaupB8SyH6nIRkkpXKhb2zHKzhWQwdeokj5De8KY8MR5YqqHdV2wf5jiSPMUtjSjYcm0ePTiBbOHN8TMBlizZkkFO3rG9XAeUhuYRLYqK1MUtTWxliPWleYge+tB3VhTGMX/pHGwP5lV3bc3dm3KM/rlFdW6CgLgc7AMxSwJynsym4RwmGYZ6PQBq+vdwxiSTgvkGHo+eNZ93Is6FabUoc4iYmZzHr2m4bLvgXNwdC2h3FJBuRVTVC1lc3ZuuRe9CtvDgqgeCQccXUVQWVxuV7VsRpAlop0ZFMoCNAGgSrTEpFTG28Dv45/s7xzjDp8HXYMr872POotkJTymncbKqGUNvzlNjXrWwTEMmZEcnuh6EEFFQ2a1evWmdT9Qd3Ho+E3l4FgiRkSSKzO+caPNCJ+qnYYu9arROkAwuC4KnLMXY0LNAvTMCBq3WjIPzBT6mNr3JM9i0rzCeNCBmLj9OEWmrUrWVYVGn96hGiwSag3qWrKqh9c/Mhb6Nct1mVHXb1pVE6zuzpHQr+d1o+F02rFf7WqcvZupSEcIqB1GSyuw/xBm0+h3D1UlcqGTRtEZ2dqIexwAQL3srleu0/zsVDuUXCrz0NYZC6RE1+1JR76ZKeqWIdDvkndMIN/8ILNwSNXDw1STIlVk3SqHrAVNHbqhRlVOIoDKxk1CazbbaHekQkgBKzEtVHGwHLIVETVRjCpBm3cz8iygit6lS2z/rWfF8jyidNJ6bc09F99rRIgHUwhIUkkA/CxiBUG78PIKe2NVnD2xRaI2Z1Q4hooQXap51NBTIZk1Vy9kNcwj2Ef0/SuLuY1G1CFWVgBqQeA3F9Qc8ElhTrxFHHMxwkiJ9wXqtV6CFdQi3Hv3rZIYfR+zASzSJkbDZI8+h0GIObrKfGhazj3RByOjHl41Gu0fj3QbPi1kt+DpFMj1MkpCPghTxZcGM40NwEwAz4ThA+n9IDyuXhJn1QAAiBTL5rdZ21xVzRohRCejV1SXOKDYOdKPHKaIrY+K81l+9ouoMySl5wBmag90Ru44MF7SPO0lqzKnzsBb8ROGqXcOz6A1i3MPh3yiLY8YaOXHC+tawYPz2g0ttI81o3IuppWYRG0Mjfmwc8jORUlQIa8l1nMGol9iM9+NL7ZdiOG/ysZC9TIdVXdJr+F0SHlT2T7mhVCcnSPDvYzLQGulCfVwbhS5rduC+MTCGzTmUb8tkm0voSuZ1XT5WUM1EfaayLcAAQAASURBVCVddFRopyyVGhsbyGCa8ejGK4bXBtKzi/+VtDe8PEuJeWlfU2QNXXrolq9hrNvFhdCLnQr9s2Ub+0REB1dEFyc+QuJe3U3lkF4zZzF7xRIsatEGRY4cmySYYgD6Pdx1hQ/6ilwrJ1i0HUUFNyxdlfx6gW5mX44o5BCqjeE+E9OCXFkcR0ltWWoj1cPIXS+e3k/9Hq++/36rgZ39TFYHJX2K2JxqTurmDy1+HVwbnWySgBaOjgvTbwvQqHYZ5fBQSQco6EvaBJCfPSgASTsKSlGOGdxfqYerEGZSXFt7hVmEue2cvvZvHMwZVl51pZm6GODul3HrGfumoZYAxUTburNXzQoR8j+teCskOmaQfK+Cs4cyd6A9nOrY8QUiYWuBUZGUfBNC2mKNIma18GuMm/i1CGk5xc4Tn5Cf4WzBmd90ChJpFffUagNEXlHyEl8lANYBWSvh6w6HTB5Daw0ye1Drpxu/YahytNeJ4D0KKqgrTToK5YXcH9obOxvLfQ72o1Wr3jIIovOxvZbNmH6vqxTByl3kT0502NGo2lY3sjqk8t6NlhDE4SpSewBNpbIDUpp2DLhLPmuMKkXV889otNVRd9sHWdNCRQ9mFUqneWJV8n/IJnNu7rsOF+vBUZ0gyLOo82A5SKhtnqx8QktmGmKjrta9Gl1QRRx2bP0IlfU4zKwqNKkx4WZVQG5n0BPBDYQLctFFX45XDkhlclD9A615MbEZNZH0KeIem8UPl9bOt3RcNCwv5S/GGPit6Zb2PYcKIkY8huTKtQA1jaMGUl9swtEQPcJE/t3ind5+06C0NSa4OaY3f84l5NAJvGimK+n7n66vETUFPDkdoJivmuq4mVGoHOreLSjQ9uxmLgiquaGyGtPsoi8KaTUmDoImBLGymdhLP9rCoZTYTE1zWb7b141fkNT41l7NuMJ2lGB7UWcfcjsGY/Bc9TAvvDV0NbjrovnD3vPetLC6mF06IxNTvCeWLgCQN0piznPQP8eldMd9EY/6slSTzIhoQcgJN+nFMNCKWum+mMhHKWRkB2O0oyFvxAxoW0UjcCjy7ykqQzQidEOL9QoOkfSv8o29JxI71hu8XNU0dI6ilS2VdHkQIugX/LcEHCR0llUW+Xxi/qdZr8sBjYmaAHJSXV587YjVmmip4ivqns1cKtSBjLakrgEQykoygEm19we9wN0VtoxMJRBFd5xc6Xm0IcNevQCkwn50JzW2UCGFnUxbj26XwoRTFS6cZPXkjZdzS4dDSk5UnRjkKgznQDmTdYj+VP4HO1+/K7llz260XwOePhWobG8VahuE2c9WCGi7HnRXeRUC2FjIkV/bc4ctQdk/QIIqI6Tpb6DeJsjyqiifn5kGMiUqTj8NCbq9j8wdRfqN4mW88m+6a/YIOPTq2EmMgqsZGgnRO4PanNKAi91sSVczNNwfnbamWABImO3MZkHOCyeae/3pLzaTd2/19deHB35J3NIDRKA3JHp8FVoKUCOS2XfkoZLFa+DO4ZnyhT4h7GVqUOo1SsCNSedHPBDS+4fK1/+KvJAk8XPkFTyNyS5G3JENZjK0ANUmyXkCabDXWLcdj/lwi6BDyhY1Nn1npovXqTIroZEUdUSkzIeK82rvRWVHXDPjddgkSgpRMnoVCqM0lg+o1KRZdmTdsgZP62LHzKC+hTwo6JOaBJ5LYPmDlsCUfvpHBd9YAQJANR2iQdwFazieoDkF1hNtUOp2KE8UcFxs365zcPZSFfCCpoJnShabir7oSaytW4mtKyJE2sWUUH7kUoVVCq0qGq1SqyJs4gfbUXIejwUbNeeJJHTw8WLxOlA7OKUsLa7rSIrK/22hrXLJWqKKULelqHarrkLhfOrMphprmYRA2V9kh+ChtbxR9jAtmyaSmuUpu2tETwJ3YyOAeWdt7TJ6os539Y5RysEcmTZywjMO/DejJ8ULxQ2DMGpnmL9oQ2DFoxbIUsyGHG1lPrhQwZyS7t5KgdoxoyXQybZSvdYc6IOwExZmrQGlqcpra2jK2aFpQw5gtrKVs3e5sYZAjGMBXdjaokuESjWwyRgbMSayV/FM8o6Vw0GUzyJ0OmaBpGIwi8VQU6ymiUFZm5ENqQrv1KbfZvTi6BUTZU5m3cicXBXaa7dGRXl1SRHZ0lSDZk7ZKg5ypKXrhuK1dVxTtF60mwqEbCYK5dRklKbal8sLbHXFxkLkr5Xd+DKyWDPSw6t7wIm00yA3oPY3bie5dw1QhNvYUlsjqLQQQN4xV8Ihdr5InEqVsZiIPfEo1++EieTZiuqJPJE3TZRju6v8WVKkIFtjoiTU25oSFYu2Z+mz/k5HR2KUZArkleoo/FKEmiS7oOhcbT7RcycxTGqvk70OkWrgEgN348MehEr4jIIopW7aBGslkWqD2cFCm2gR9UWvRyc49yDZOlSv65h9cM6Xz6vPBM2LvusrEN2gNjoQQ+D6q0sir6Zfmws+zZ81hc7Vq5CHU1AwSoic/BvMVZyf/SvLi6P0kBLIIUfBs0UXuTb61t5cWg6TO+2H4CaGjFlpQC6+ROuVBbIPwbYkm+IIX2lnHeaJAjdXDZjzWHlhQB9k65aHFsYqjDiP0ErB7t9iEtDea1Vn9h7iEMyCZ4pNmkGcnRfNXEUTFouqVMxPQImRc8gMJZAVLJwvzDdAoTdPnSBdX1fmp2mHW9KSfKSyB3IHRZnmLbikzZ0m7WEpzZA8uQo6R6T2PDgIHeHvY3qofwWZOQnIHQdcfMQxGF+rFw+rZKC8FljUrwzPolPuNGh1pi436lGmHWtC0JijOr3j0kwTmo521FX3K1HRtqnAel6KfUyF4DIzTbZU1f6aDJXAtiRyCn+Q3cKaD82ksb7oQgsfOFnO1eEEKFa5VFwSSFJ9S8Zra2SgpeNwX7nvIKIQAi/paRnzRytgK0AakDMcY2eKounpEIdoo1dDry8dOSZ0g6iemahVrSE2WD0DUqcr6qKY5pbPAHBRgakKWeuck64G2t5ra3uOyPiAZIuloy4Qtg5yxk0PofacQrXYJs4DlfxnOBVnTMe9yU/RVs/KqqV2KyrQrMmbOazHb42oAm8Vw2vnb8wFItOhOWiGPCgYsLh5zGbzJhu3tD10mfS2+VYvCPRMRI2d5+9smYM7tExHkqD2MnTOP5tybIqIzeVHFQRLOmQaAxN0YGhVKnMO/ns7mp5YE2Wsoug8UVQpTVATQVE9Gg/6FNxMSm1MVRBJ35NRW0hWCWe5WCA5IW7ZVrZ7bVvkx+qYyEJUdSX/LihUL0BqapSuS7nrbmj71RyNNEApIUcAiFFWCcB5ROvpqa/8oHjekzx33UUYvcNoTQhQ4rxHCD5ijNBUisQElYonHvi0RxXYergJBPlVfiYpzgtisphbxeFY1icTpU1/I73nGSDfcNI0u/o9NiVfUzE/NUq9ASp/o7QYFRsL5EaMa+HrqVcRM+OIulsn2yxXtQ0Q3+pSFOCoBdTabM8nVd9Z80G/LDkkoGoyKuvN19BaSkVxJ7K0WKklMW81i0YX58QcSOsqmEZRYVPlFzVtclf42NtOVjpKSFMy7nbBVMkL6oukUmNS9DKBSt4DIPDbQWQNcDb2ohjdLBsLrJeZtZtofZjETZcrXZPs7PBxEeklIz+smV8j27JaKtWNMt3ie2q7nO0olTKf/OssWwlGjZFzRbp2WAK5oGNQkEUxUH4KeMq7oaQKER1v9pYLsbhys2GquX0lAadcIzTIBNHqhC/Vtg2SxZMECFi7NWKVAdTLOEoBAZNZcAWAFC5XQQZybJxVh3gtsJKQgs9MYqlhY4D+2039dbMtt+wjM0To7UUkr0TzbLHVLW3G805DkzBDjnyoKL6ioq44276ocgw9BTkcRLX5EnholafljuxcgekyVke9MbcdKmVOUSgPOJjIShwFG2HVL/+/CFqa7p5l5mBQ2yV+53zFH87ty5BYwfISLoJfNF5bQsyfhi723FtPERhUe/38oSWHND+Umayj/QpV9ctohF4pMYOydpXp4RzWwJYe/LYqMpcVrrqLkUzLcQQEu9X+kQ+DtpvHFi9U9GAiCdXM2PGeFa6OZiOqu3No4i8KehJilPC6AXsmoNVLl8gW3Eii699Jh9pkY97x03dO2Vxr2rq4uqPRsDGKFjJS/PQodSeODPna4/qGFqFG3tUeIEc/1j3XqlJPbTP57NeDuwfmIJElud96P5wOG5vqk4dT3aX1/uGwlGyzehKQxDiJIi79iYMsxKmwo4WznnElQz2ENMIt/ouCuYvO6LRhg2edeirMdUlWGE37hknxF1ws0cZCgUrTPFP4bINoNSer8g0bCCnLsjMgfq0zlkhSv4kyC71AoWWOWuhZFlZt6kypRDWPyMOOdvlB+Xy2Sud8izVyIkTgE3MLiZwUeO5w1ieXlW9pjd1cxOuJZbV0pu6I1jhdLqd77LM86knZDdM8Ms3xJS9tKG9v6NlYor7otkHKRcPERg6TA9OD4pXeeNWhPWwemcqqlBqaoJrrCs7c4VWuul27MXGgdjpKQKDHJQBS+UYe0p5IXNpeSElzXcxW23Q1++rMqnGoDFDbRjd6STeI/V2tChVRUjxqgkwNGpsY2ziq+ORRvQWP6YynOIjCoipasBmi6lnuOlwNAFfNduEfFpaj7o8a2xRJCVyZiL1HZU8h85t6Vxqxi0pesLLeyrbPeUZDW7lshmnWoboHai9QxK+JP6ofNSDGpuO9WkM3oLjwH9yKUT0qgrx/KGMpCYxCnaHv4wg/V0rU2PVXLFT1PZ8WdW6TjI3/CgEHHXVoJwFLii6dezYVPW901Txai+NWLJE1ufGadXbyzRha4w0NkrXdRdO4XVPJAyKAeql+jqpd5g9gpAQxtWGfygUwqmyYB2Jxo6xXfYHG5LdRJyZArR1glkxhMpom2XCBv8jYoZlEBZDa+cYMmeqS7gjgFmdyL2zNaYVn4yJ5+A00Zqr43lU6zK3Wu3bYen6Ga6jmKXFTSfH1JgCpqHIRCOUZNQLPPgVNFM3paVEfrbGsjLUJ8nG8JclHAFz8ZSyKSDSz645ENMtK4lClxKVj3GJvtTa1bcSMBZSgjJW92YrU0HKpBzatAqV1JuQyaRL13NMueKlT+44cRWO+Qi2qfQnbxHOqb2pZ6Gk52MaCWK5SSVokHLNf2zVwuGWR8TyZZQ21jG+MtcKFkS64VQpbcFQ/tOyJ5yK70MImEYgNuAVnpLopzO1yGykm1s7O7IS36ZSIk+e/NTZiBrDwRHoBdNc+2LnYXnbohh/ho2mQ0VYZnPntUK3wbdkCy2fM6JU/vYhILHd5QJQHIVBsU3x3GtDYj12Qmf+4mJusanehDdIgRu+kkDchF2eYsVZthMhspVvOd9bx+SZk2jjbbwyRfrq1QTW44BAaD1vUC4NKJ/X2EyU8PK56RIIy8JLq2POK3LTPg7PHDn+I/HqzblMkSi+TaL+FepGNdNVDAqpkop2Zypzhf7AOXcDcBNCPNNiSto7lZvyddSKmbeKkVlWlwxolbSiK4jlha8QSpCEmVLD4JN217O5MrESLQFZz46QKxxskC2/11FQRXe8o8mbUk++yDzlgBYtFqdizbtOyEYCAgIInqPjR/ji6RymWKA/EjbWxrkGh3FIPS+hiA9TTDyqVzcNpB2eHqEerQsx8gnrDebney7W8a9cRTOKhSLxTx30yoYbWPibTAKX+UhbYHFSrDchP/QLw2zjKIOkuAeeU7M6UIZKmvR9l3DlX5ryvZl0lrZl16Dicp730zkKcrUZJ97qJmf0HdFZsZapNyN66ie5PQDUc19dHwx7nWXNbKcJ8G7IXFZ7mhnTJHckwSNpjJX9NrBQEbklmVB3naUvU4J0bg6MMAKvUSu+gvC4Is4RkOakFgYMAYqXILRtY6JA39RZFbxmr3iS2DO/+Oa+Q2WOw24fRRmx4Km26bcfa4qD7Ddmkq2F4OnVk36zyqEU2c5CWTKss2boSJlYXS1yFZcypyhEwaboQ4EZPw1Zry5S3ZQonsCi/FmInzw0jLD8z62UGrFtsHP7r51rCqd2xJS6ZKy48U4i1ejk5ybm0UIS2r4STgjCP4xjbED53QbtxG1LaVoa3Wor8RSj2ruZYt/5TZ5VcoyAyFBW61JdvRXt7XsHKDKl146I7SR9qm2YPtoQp1ir+br+LUQhkNJwRb9qKHhrGxiFjLtGripic6JZRiqAWIVfDorvkcKnj1f2Ym/kwc2dDyGJY2HsS6VfWebXKwQq0xLJ4MXWhxJLGp7bRzn7K+MHc2SkCubGbQbKOllpsrGIJZf1UtwyTyj0mhdWHoxU9lvO5yFKoJU/aG4FsmoVawS0Ef7ej/oxLUigoPK5yfmRMDDfrI5uGjn22cY6RlhIAmweIxJ6Tkr1CjouT3biFGheKq7pJA8tCiitFaTKF1kWJ/10O1to36gCjQFy/DvazhNn3N2bQheymAqSqRMbUtnxtL6nQM+87ljISYnPmpQIk9PBH4MDecchLeyhSYRSBVIekP5oPpEhuFqhEH3wcBqBCWu3jy6A8mRpV5FPtjDs2y/xMnXkMRJksW8nbd5AzBBXFiP4xIiEOWzNhsHXVrG5LZFrU95urId/TwTGB1IHy30qhc7xgBQTqc422i8c6kagzEZUiePfggTTBJv7PO2oj1bmUo6MWXtwEuc5xhLGfearthPRnRJhL/Ni2MzI1gYJ10QQOmO3bVlUXRH7djiXd2GobNviZtclSxls4kKOBitB9mkWc52gj0GrXyVtK+qfJZtl08lbnGHtr0s6ZZYeiE7KKIKUW7aELsMahILcVgRllyBUDV5Y2O96/BJdQcTWbd7AW1qCm7HCTmk7soyPyonHaoOeNCPbxns6WzlaRy0tCO/lsXVRINk2HkcxO3G/mw34mAuU9py4L0hPpkCyMsrOMnZU+58obd5WZqImVGEbh56IUaCxB9caSm8Vr88hEtdy29vgo+Oyn85WWQDTDG77lP1RXssT807X32bjlS2rkNFxLbDa/ney7IbcmYIUy6WKAe0pFqkXjLsrrglDgFEPU0l73ZaSOKpehUalTv67k0VPBNgC4dSlUkkJloDYSaeTm13Qyc81U8nuhRZoBrOKggWDt2ZxnKqEdC0thsaupFVzYgUsq2/L10lHcvfQHg30Bql9/Kjo4YzRKCGnGKVg14120wV8NHPRrHUjhpOBYl1aMf/7pvrIxe8yn1sDG0wwn5z73RwDzbxM+Oq2NcfLqXbKvkuk2y9U8ePHjxNhoj0VSy3HYeFl2cNV70rTRB6u3LA3ZGxtCZMIIvH30FIlpKLdYBUTctJWJMaKaBVEHsLNBagg3IupmpWADHArXGkgWB/WpOwCRVWM+qMyO32FoZasg5oNrhWUOdhpy7Waytm4cjhDU0Xw7c2LiiuqVIdIfwVRNQ8FYL90JV3UNVdiiBjTUs9yKXdT8NmSSfj9N4Zx/i4Y792F9kw01ixoa49WcqLyuIf0WvvBw7d6Vbiuxnj2KZ7WSUPxl+pXVCwGAonFSMxamNZ6KEATDfk8t2C6Dmt9h0sRqJgovxpAlzYYmpNBVrVWDeoWwSVBBHzyQmT695Ue2SEo78tyVF6yj+5yGWCz07wz2VkUUwQTqLbDoZ8dZzlRZqKltOfvKTlmLrAqHCJBrUvXbj3UK4eN1RUtpLXiqsaI33R3UgZleJTyVhtuwr1QKlUmpbLJvr3tYwnueuWmImtUZJ/YiS/YWysCeFbUxZeMu1qI2kkY+a3s9c7Sc2iFHZR8EEIck2qiS7eJ1P18zcVxp6/HTimkVoFXj0DFfx9Jqlrt33Wl5VqLTGq0EMNa+YbkiUVZDlVtRX9NEo1AleiyxgQ5XrN4LwkVKi38HaI2SSoRumd1II/L72Vq6pigj0SsFB3QXHSpnB8djyOK8C1FcwkictZRQx9FUi7osk2SStYTsda0Khq0TWfCFCwJNuJcnSISMrDq52FjD8YwzozcV2glDwU/ZcJ5Ma3htLKTtLN/vRgjaeQixda0K1AfgCsDCgkxyEaQygEHVT7hObSqRq1s2Dz2/1CCwqvG1dECHGUmDQsOnKtd5yNF0q7Y4kxGq0WmWLvKtpAmH4aCczp5ojHOaYiJb0DowyCmW8AsFV0LFEb7oU98Kc7Q3+3zp4gwddnVK4QynAtVr34XTA4/7m7R6VXp7CAybFR40YCuGrWjEbmM/pzMj8isrrQMzJ2IUD0m9OqMc3rSNaw8AxwqddEjb4doRKMXIja1YiIJoOF4/lFPXkDTOrTx5XggKLGxdfK/HI0Fw64EHppEAbGXqscj9yiFL8+6jYQgATepU5bWlQQbUI9uWw47Ki9pfmvwmJ7T9rt7mmhuQ8LyFwHyWg4DJ4+Tq3dzhc5IcOjShKqxNwRRcl1p55zkGnYhzD5mdQ+3QK8GHQEPfWM7ajNIWuU6GERSljUizC65jBHzng0pjHniXa5U8lWQJeqJWmh7qG+v781RwAoNgZ8oN2Nfkxh0ExFb+vAfvPHpjMEZIc8smug0cBKByJMUgUE3VYaVAC8iOeKDC+GbNbjRzl1XMJcBY4cA8U+4PNRNbI5sw8RAj8J6DmNK5aHGZgqqsCQjmy2rNox26cFad/xaNoGZWUrHxEQO1KjPfGzVXCbVIat8PuTEbcMzU1LdsjbIuLYmfn0HctOweMr3TNJlFvxy1eOPdLlZhV9Zczm1uZVehsCz1HrVYKhGtG1OFuQTlcVsBDnrJpSF4yvSYB3drGpjG2QNRvcccimYTgJPjmfKAcVUq/dXTQHrnrSwU7Hs82K/2aO6ZOVLvPqk/DjYrcnORiqqYSBeX3mvRcmLWWI1s0mjWw5niZktQQq6x1X5ImlITXUPgnooRQK7HckjXWM+RcdVmSl63tsuqrvbh/I2VLrXE4bsWdXNS6iy1FERZia1IC31elkCJWSIjQP7kTGMfgpVJsMITIUKxDYYPZUVE+Sq0cBrazUqNWhaUeOsFbaiE03KxMfX1apVbd6qz9O6SuONTX81lh0MizVwnBco1QPA1yw5ks27My7wGVZFcteFCxmIz3tgOYLprWg4+OK9raEcG2Fo/5AXDyk82tEWZgo6/0J2aAJiPhpnOBDnBE13TOlXaSKKllwGVOmjP3NCveg7ITJa0b+7sgNYkVjzxTkTvQqp0uYBsRAx23JohalQVUVg8Sy/rzdQiQ5t2N7oaqvCrVXRrCKG+SwZZCXmVh88Sk9UNEAIE9go60Ggc6P5Nozif3rG6TsJNM1YavY5d88S6njLRem33kMNZTnNdiQ0PZRNcKwlZuv1HO3PXJKutWNWN3JDqvcjXcWAZRi1r1UAFlU4o036tVC1pDJyjeqt/cr/8X1VwsnW10Zrq10ANFbcrfDI9BCZoZ8bn3XE11VgxqqBVqSEvsnHgUtkEqFY4mU1sbxvb9yxKNultcL4KG/SGgl4QXljUFDM9S60ygLb5M4ux9SHU1YgVnKGs2dWS2VQbhK6qCH9CAzml1nMEHG5KfCCVmehdhOsiL0+r8FYe13y5iE/amCFIqKLwx4acAZiZ7JFVD6VVs2F0lCOfYV5/7ZVvaGr3GcMZc1m0+tFCPouDtucdXh0Oniuvj4JIHYXQAT7CUZ05UTmnfv89a9QKP+7gPb1plf7fTDW7GBw0fqsRNm51VFwrVOtLMoaovgDkKakLSo2dmdoAuVcnOFTFvaqiVYFD1DbSehRgSfBxrJ+1Q45mqjPf/pH8hMKviXRtjlBH1cXPZN7uT/bqXZTmp9e7WWtTgi5P5oEhXVlJs3yzE1kxIVldIrCvo/QlGw0Lq4sVb/WAwJ28XpH8pezfVSbfPMxcqbnz5cqiR1SrQ3rhY0GT/EyVEI/073/Mo7Nhst88t9nv1IScOj9kIEanrNvtmanmkJ75zeE6JqL4h8rP9IY0wGcUCeZF6AAYkNFuv827gOJXXlfQG34qxaddg/loXl0wrIZpo2rDhirj6CKgU61DUKqMTRuwhBO0L7oi6scrrm89Cw5SN26sztWINHPSGOyASREz2GqQGFKVoLXtnAkidXxmRmmliwYgUfklAUOpoBMXR8qHOqvBFVhEALMfdWaOVeBXriTtI2MiSBHo8vMqrWlVNNTstoOKphPTdx/56OplO/lU9OaTRUaRDUddBGpGlqagXuHeKBwiv7qGQzTj+DgsRblVy9P84oOqYZS5wtbM8VzzcDx1ZbUq30+soKpmp9dGCib8QNohhqz2Z1z6lfhJVVW1WGo+9MfxqQ5X+NQsq3fKFzOan9AxO+VQAWQjbyaXBc0t6WRO8Ph6cdUJZqvUhEDp45OUu9uAoxcHYBW8iKDK1+dqtchgFSHmpzHDLhcyy1mO7UULNLfc1HPI7hUKiiyRertJaqNnTdFufprblZyli7rWrcZiicMyFyCSiaA2RyCo1RRdCFAlcMeB/BHROimqBdIRlQck+Yh2pqLUO9VEuEUSo6re96FYg/mD2s+wmbSzodrKc7Y3p7Xe0KYH1R3Lz34kq5NneZawTGZlyStpsWG6ZY0PlVhHTF0c7OzvIzk1rWnxVQDyA+WOwmC9QbtTEBHZzV0rzjcZReoFctldVkw3+QYR5E8HiTJZolREg+aNjCjAfMbu4hgXn8iWoqo4Ww4ydBXrqplnp9ubMuaGJd2wOlfK21XlSh7UfKA13s74p3MvOWIMWf+bKBXEege7OevaCi+QN1N4bbVywMZOX3PrcpVGl4mTCMDafHlskC/kKoZaDwfLW46gUIxmjgHKCzoURjnWMNJVZKcxjdamG+PgXBhCcXElGjEM7GwEMIe85T7/IoObUMoLs3wxgZdeAD1HgOafGdHtSVQri2d+NpJL5AVA9lze4yrqVHymMZFRazMlnfiW3s1IeZjK4SXbR9D5kl+tHU2eOBV2OW0JRwv+hXoV/YJ9WIPcGSpojZCj4Gb6VocfAMs+tVaRFKSORRQhGQQqX0wxDrm4TgKQCKQpV0JP4RKj41QLMmcwx0vssAwrjDVoxRXi9RJmgkSNWF2+MZYiXXYWRXEjaXIxK8YoZnwWLP/Mgeisi38S3XOkQrEio2ypjYpZynt6x5ZSUNKcfdQDk2GzTklEW5QC9EcIjRpDmVntgaSNGPcyYtRPENjZ05FJo5iqlaqYfS+s7Vpv8zOexkiV6yKyMUbTAJXCuKOyUyZSrCIV1c/utSR1XZ809mNa+DbUm4nUkf+6J00MadrlUNvQGM6UyCaBFbPIJRML0z+iUEUGvaOabPMrUnQrUWpfcm4/Y2e9hPkxg87AInHcVfYkiXlURk3FNgXrJqUB5P3YjiGmzMEuExHztts6YozyhcfyqcdmwqZ+EDiBr1njGCOa4lwGQYSYy/wcieryQddIyuFcfkBk55Rron2isO5fj9W8nxgre/ZCI0Rw8+LqKY0D/exU+Vg33J8DO3tUprg40HzZjpLTFSCK5aUd1MKhbVoBIsh0FPeV5gsJpaSVmCXhmPIdEgZX8NNEEwBA1K9fFs1QIXKG3wChWopRQJ5ga+uYL0mfCdUUYrAPIPTnpzl3dVVbYoNSiWjEc1SrP7vnxEHkjZHGxwUMtbCpYdkyy8WypZkEbEUEX4mxp2Qymw3LUIjKf7AYUXOfxA6ZQgAgAASo3hBrUNOjoLmvGNmPUsjkIeksG5UWN7MN8PtTCMzuX4Wvc7vNhE0kosx+h5OFAgBIYlB8sXq5YOY2Y5zkhzjItBZB41YQ2++cGbjG1k5As7EKfkz0lU1EsieZEUF9PYpzRP38SB009vGsa7vR4UiWEGWjEICUNajEt+uhFC+o6qeNUquXK7/pfwsS2gGquyF42xiChll6sKdHKJwp+JDoVUNuGU39mnGnZUw4J/igNI67cwWm+ipHpk15KJYhUDOkUEcAouTjCL1slw5pIK4wGT9ApMfySVmGpLHfp6rpiLEYYJUDK/tmjsCwy784q5KIaJdfHEbWi7qanAXkT1qD5b8HZ6FqxLz+pj9XokW4+H/dPRcfvIsy45cQIcEgJSsOE4+2QS+bSuJvCOmDVDN0c4JoJGPGJCGirh/PtJlpoJoa1NiPHNS1Bazye4own6YeepAYA88mNXA5QXvFQOrcQs8HdedQKe0Op0B106pi2g6YOGaCBp9k1da7naN2tIkENlSm3HdtscHhMsUITu5a1T4BidiA26Deub6e8Eg8Oh9tAxmZzBCrEvgh9YUGAsYSiLHmcbr5xqOM0mKRXlWrXwqicZg75ttIYnOg/THm7IDRjbQYObY48vyyHDbxUGmtzsDBrh4myVKxQY1naoJG8A1NKabs8g79r+Jous7TI8CRkfIWTJkLQYlq4ahdQfYO79WwNYeoi5JeicRoiM9uYLYvUlFHd7EdSnThIXVkxYJBKNapbqzFwcN1YkAFnsHQ5xK2i9td4sKtegArVXO8MzWF2mN2+uBh32Mj5WH0jgZxDRk/IycNsAmOF+wqyM5Xm8jvFW4vdEVQHfN9r4J7W99JblFrMnRGNpt81pqRrZOXJYS8GKdNIWn4e45eK62JOaNr4Tl3oY4YhJjD/FEVMftTc7mvsHOOAiAH+07l23zJaQTf1WuB0JvKQ6yQIsKbUaiybnuxS5UzazMRzT5JIWM6CkAPRKiQUjeRqYm6rNrh10o+JIDa/4i2Ixc69QY3ao1PWYM2L1xx+388+bItAQAQQ65sc+6dKZMFDWUoK4QAuLRVLpgWXdISZGs+dbkLAHjrllYsDVaMV+eYGb3RrGknTSBjuA1MeW3A53dnKdh2gTS3hvpbsr1VRLQv3C97bFVpw76SX8eXCh80bNQVxAqAL51mZbEFTlewL6mFZaYhyqa79XSYQX2puYzkMjAZmlimCiKUAvT8GR/Ug5qYB1WPFvAOkrptUwYeQT6pAJdYUb95yzBckSCbuzS3nQygpbbGR/BsbC6omtWHk4Q99Fr+A8wJzzzMjpW2qO7Jv1sItpjQ3EcAinXaSnhlMZvzAVzL4o1KEPloLD30sCKrkADmoVBRk8PIgP4wkDUybTtbNAb5T0ZDsdd26ZJchKdOzz0oZ8wVPmZ2ZkaUi037jH5k25f5ODN3ySaZ+0ygcN+aZm5glcVhOBMqGJ7Vmth7KUjPRSoIsgdHb5fYf1TOtceuKuaxODL5XvFz2OIdLlRz2hMAUIYRQwAlNvPIOODNW0azTHJABv8qAqmPsv3hYFtBrS0wzui1x9rHgWok7ubfJdZyBB0PVVdYEFx0lP/oJzKq4FIxVEdEc5lLNVPqio8Y7WB6gHKKTqcZMRYWz5iOj2vQ1cSD1H2tyNATxQLQBSR6JG7vrWAjiLXhB0Al9i3ZNm0o7+BPN4Bxcq3Z2/Y5JSlJE2GCWoOK4BH5QZvwKxKCbTIPwfT8Rzs6yVu7mT2afQjIMnlGNJFPSDctHYr2FrfNgqkiDZWKWpQ7zkZELssXMg7KWqh6iV+oOZj9+4P7A6e8afXkz3vDobnztgodYC6yb0xQ1aJz2MDCYVtKOHaVwBv6R9KDeVa5uxXkZrWr0dEHgbmP/tyQNQNQUssOniTxN6q7dTPHGfK3agOku7if7UOPbuHXCwVuW1pjKaa3cGGPGrEmnofIwqEENlv11OiwNYc2Gs1+fWAHFrPceRe9KnQwVti1Ur9RT/HBuP2vcpj5U7woSjYrcmT/tlzeTL7tgjIP1rXdIzNGN/dJ96NK4N4D8450d1WwaVr7zvls2nAAMztA69s1qEqdWRAOktUeT2sftAcgelhW6ajuXttqk77yRRVnAxon9cjKeOi8QB2lHXA8onj6PHCmwY9+cF4JmoE1wvMzXNeC7SOU2f6o+KqadB18NjFsH4/AimYEO98bWbgI5D9swukOOTtYTVqlLOamWi1OMUWx9Q0bWA3XuDAraV1MUP2DOtBpI908r45HKkZ3a5yd1s22mB7vrOFSnnNWjlZ9pfz0EYMJ4pvLDi7tbFZNHF56mEPK3oK9ND5wyUWNiQhAMQcObsmOlyZKrgJQ3rQElurcMHsfKZoAE4UJQDHnmpDMK2lbupNdw2nWGCw1ew6TgNkof39A2R965rCD7CehTCXf01miK1wZRve54QTP1ctrfHxhr7+ypxHQYFg6e6l1K8Mh9cyMS+qyPhbxIeD6Z+mTl3Kw+YovRGMJUQHShklFVG4DUmfGVYDi6uWtoLDiecZZhpOZbs+mhCYotPsJ+lGktwmH6UrnbRhOTrSkFTgSmyorwBPLxqNjwXp16B5F+5jABsC+U6rZa0ZZUlm0qCQBFIDm6RiJljIhKO0L6iqYanBZi5BbqsLmfgSFoyVEj+EL2WWxCMHgAdqKkWrrGxSEFVHEsLJu6qfdUisdOJrqmJgYT7IaVCuvL3InCDKJjp/NGRdds3DmUloX0Ls1NzdWKxhQXqIBwTBrHnlpME+aNPN2WtYw9YjMD+eIleQr9cQGemKQ/XoRU6aNXr0lBzQgNBdrya9r2ax0bOutMOh5ObAC1QnkiMpT0n7b7RxkK1ttEZ1dK3bcONx+Zv0SMQCzziwONr+WzoQEoC1Cv4bejRwq2otLL0NXIZnd0+udjmYXmyPwoUPFb/fl5m5wsi8iksGI+DlSlLgkj+vXP3t8EzJVHOIm1+sFOGbm2SVi89oaqqHsHT44yTfmgfQcZrBYhhVvx2zoDuIHYwxR2UfrkbUUsn/RH6arDUXTGpcGCOL9ekGF0SMQP0nakeVRDsw/m5ywTq4MqFtStc+HiJRl1g7fv+ZU86KOIfoGy/A8pZBFxGWU6nvoLAXUAiMNSmiWLnENpIGNdmZFIqVfdWibVasxaTUFM3p/0byPVWN0Pxbydk7dpZNQcUdwnNAixK7cfBwJADrRoaiDRdK5w2JO2C5bbFF1NajOpKa2Wd2m+FG+qwXMID2bf86FR71bBTEAI67mfR42fK2gg1cKyOruAbVngRHQkZFpo6S3+DWXf4aAYByk9oAZSJET/qMqDVRotFEjKPsyJ2Ctg1rSW1kbPTJW11qQLEXFtPBZyv+d8VFUE0DO33rQ57Ms3WVehXVTq24tIbDN9toWZY29c0l5IzjUWmJX7jjbAKa/DFBKFgUHh17iN7G9c8MYo+0qXC1qZ2KW4g00ZlkKZNdcLxoC3Rkkeqs9Fzr802m1gbQOI2SWtR2rLbYJAPP1HjdckCIC7ae2ykmIyIiWKhDI22L1JnxFrzXCFsmG+DVIYG+iMkDzEnIhR1EmRl0pqd3NWLIHO8Eu3FKRQ/fVw4LbjKjoKIItIYDlfH6aIzjwM5CqS2RVRuEaQhbwElF4L9x10OJl500ZNV+e0jF3jSAHRHTyRbdxRvfxNlbHXyQbM3TAw7+7Tkdrc8O89/jT3HGNutgH4BxfIRBLPij+5yBdbqJSBMy4AKubDdkoOPcD+0OC1ZJ/mkDYhhOJyOCCM4AfIf8ULEr0ZEfn0ElRYdjs8d9LqUdNzJyN91BHqB0X6uRGeOKST9VEttruiR0qHVGjGKwJAIKbbItz8m45imyIgrbCSvUQdeMmsmoJ3VKuz124gBYWItZanSkokUwykRpZO4pWAzS2fM8OJSp/Cb07QecOtbMmg4r6j/jFy1k+iKBMiBoWyQLEvr2o+1sChAF6FpS78sKrxIP8vQZ8xaPKdenZQ+TZVda2tLVT4c2TmmjQSmhpLwF1lmiw+DQIaMlXBlBfZ/SRfbwd10ORfwondacKedKZWCa2moTCGaU+lFXYDkSpepr/c/KIFrQepGzW4qtdOeAQu8hYJKvjztgl1uk21pxjfr1hTmu5amvecu2Ersd/BXYmp6ok1tg0a+U8E9RUkJPYTK3bycOurlgkbfC0PS74zJHWJCZpGFkRbTRv08Q4Y4bTiAvFYajuzrDbmwUyJA5gfZvlFss+8gSLR6TclSB9tYn7e7svOBtlIEB5TR0mK4yW9eUrtBZrIbDASvaF25PczArIb3avUx2E9DooLfysqY5XKtgnJyfptqgEAaGqe9bGvCFDRtJVE2S00fGB25iHVEix3SFP/TdEGDfUxoz5gmwDOHhLL10h1MvqFb0dxUTQgpHNi2DMJ2JQE9NRuyXRC22PC/0susJONxuSfHq9xmKeicxtFXBVNtgLTOYPVfdUNS8rSDPqSVlY11Q20loOVll6BfGZILJOtLX501bE46ZiIu4tdhKAtY7RMCio4Rk9NC33cFaQrFKsgh7ay8Yeonhhq8RZJq1Lr4ZuxCGFgvaEFcMkAmwmBtFIbtPDay42R6H0Vk32FEWxmrS0gLeMk1KEFlEIfnLzRW0wTYqqplx9A4UM7X7oRniSJq84Nm8DDDKWLpd89hnTvMPZccNJIFid9LOouqCyulDisR4e5Pa3+gZur/7sZPv1T2EGOeWXzMOF7R3oUiyk3uNJZXNgI8Y3Q7hubKa5bQcBRACIkmkQEUKwvCVSVBYDxY0IbKbicc2hBAt0AMMyFSuKyluKCGK5awkliAkG6VtRTYv+m9u4vKhoR5NBLIFaH0pZvoKBJuYxtysr0ZgSUj6+9OXoSTAvXpnUDyw/y95E5m8OFpXRnI/LSQPoM6dJXqsqYgg0akNlFPCQ7CAKcxYGLCpeInYMze78Lxtho5dRyV3BUNhVqVqJSPpeX7UxB0IuMRKrVkyODpzWWoiU1KioidJuMbEqfCmfnODgpkx6sbtuGyvUX0OsabevVBFJaXTEIsGNIgWzrzweUgc9Sg7t0LpVVruSoJZZ6wwteqUUgSNv6jVoIKanG1HfJcPwBtWgJFkh5m2LpBPgvKfrK3PN/avp6Ho4EXkAjzYqKRKiiB+NCMl9GOdo2KBtfRTzJX8liKEO2qbYgOr/OePQ2ieWwdmrJP+l+InVRLOyi7cQldGEdKRIcVB1wORKLT/nx1Xsl8glu9iqRKjcQh0ZMFcRNFEyxVQMQkvfDT/ZqvAYyGUM5VmVW1SZABnElavUozt7AmyHsTgor2bclbJWZDPOhiYjp7eG6d5MBRSCHNV6CoIiPtbqgxAYhySJuqaDhFhiHZkzOwagfHFDbuiJc/EbQzA7FcQdqVmrjIP2AsVBog6/mfOZv/km2dElihAeIIj254pSMx+qDFcSFVdn05qiiixgsv7aOVJeKG9H0CV8zb5A1FD3TZqgfH6ZM+GV/MPq6d1Tn3CCijOcoNgcUoUcWZC6LGVJ6KkwCzLximbFEx4fIWQWMFEE5UuHIhNKgl1Eoc1LaSQ3bFpE1skZ1MrXdNqeVwNvhElWB7B2BvbQWDH+fJ1768aVCRBB7Q4zl6yqALQJXDouPNDCO2+KW4g0IacbpZZb73TNGu8u1pg2pM/HJsqYVBiICovI2+nnKF/PEwVukAhAyvaL8hcvChfUHCOkzzmp2SAxfMiYQyyBBkF0IYiijHT0ATIqpq/ZyfKF3WsBysEXuHLHhBHFEHB4X/Uo45e+pQHp4QsOWgnR3LQbQsVC+RH5n3JXtUEEFNqptBY2awtSHxIdCvJkbwG0sPJGULt/daFU/01fv7vdCrXig3KEunSlQ3N0FQZxvcVuWUlQUTCA+i6h8gSGYIl8FHoWPgAE4C+E+gwVMRQ1ITfLCG5TMElXAlIBXYnOqBj04ufE4Jf/YwTypaXy8WN2NppvBAAQiZiOUplis4uS+mbLV2lQsio68Si3QNl+21U0l9T22l726+OtMmsdxIpGUyKqjbb0VfCLUlCp17t6FkVt2P0aHimWtQwaFqVFVWkRdS9UWw+NlqUEEKQclifXVkXVuEIUEBLEUoLM/49Q5CRhRqhfylcWdsQ1GBFlBUxAMEipnQpPAETsjfYVGbDspNyGCCJpN4rOTBWeoBrDCUkECEgAAXNYgKjFILU1YZzcFREx9QdblGV7xV+WJpWemnlU69IiJmitKwuINGzJWEY4tTdYF+EvUiT8FnvSBp1tSTHCpX/bVJIeX+xJHo5tlYwv0BOwAIDlo4yyrqrhlynVmHvfJB1JnWIdlANB/vgGQJZvDqwJEIg/dJsxH6B4miyHIBEluwg9JKj7+XvSOcyJoiZiyBNv86ZBQU+UIhTycz/tA7RZUVogE2/ui4/Q1gGzzBXTwTOsvUCJkZSod+18EvRqE2T2X5iMphNmksyfikmT3yztKbotiLEwG+9mLW3mY+FO7fiN+kvIgUlUqQxtVdjx3CiKjr6kokERghBGWRHKXQBMdsmyNGGOPmjNQ8diXmyMWchXSoRsZLQ1NiXUxFaCCETlqx+ontmsqRbzoqc8CWpTVCDx1Xx/1wsDKPQSU6qwM0mazTEqDhSEIcsxW6UWWp1DjYG9FUTE9gK7u96yWOVYSDWopkXnEWXthMskCEqIlSNFSMLDFhrRWoBcp7GhSuYLGdHR9t+GcwClttOjDyG9Cyj9iqppErssR0Qxfe2eNTQiDAps1AVCoojpo/Glbk8k+2YRKZfgEGgiSG8uijFpMqSaespKoyhSsplICEOx+IGQI+gEYRjEV1GMMVKhHZNDCWnetZtnPU84S5xJbH+SrcFkBVhTkxWyS/qJMOAIAQETU6R+h4gRKFAZOdEndVKEavGOw6OY1zLzyhkARCJSDwiVzSmY/1CxYTKnxfEQR3aoap/F1rAtiQl9hIDlu2XiieUfFPjg5LjY+hJ1yFiICBAjO6cCsIS/WXqA1YcARHwSlpEisHLyROQnahLzJJmg5PSTMPBHfdUAiReIqbJdNmIRRaE2IEHAQimRwOd4IkNgbIAmMAWM9DIGYU9MOAIBwAQIEBbFkkXKy6MpEMNEgwouiCgW7AARQ1D3o+Q7BAARKGDAQplEHyn2SuKFwpgEOXvxvBpiHo4nbaGAJGozdxnGkOc07x+m9MlvztUGVoOETh4ahGVoi+I8aXw72QWOcSFPDEIgiAhDKHLPep0dbkw7YUIJcCM3AX5mRKkNEFDSLIk+s+UoMxJJ9CISDmIM02xp708QTCBMsagWCtUyWaAYnjweYf6QOGTYCSsiwEhhSIunJaLiQDctg+i5jiWsIYhAGPg+AsRkpDPDQ/Yv/BKgnKAaIRRuJEwnZTGAOD5ApCiszvCRIASUL80n6ySxdwBCCCFwmBWziRWzgiHHREVvpfZJSa3FV4oUIRBh1BuikAWlaG6yqrzEx6NyNihGPJnmSCXRyrZdRSdFepOAIbgliqLSkDyTCjwIRIQIZTmraEeR3vx+pizbjByl+ggAYJRkgnfKUHIrZXBZMCJ2OkIXsldjhumhgWlPfhJZMdkooHU3hS0g9YYINNggkmQqE/xiCUmPnk0ZQAiBISvhT+ADEWLyAqSEiImLQ8RUklDRFntUAgDCCICDfAct+SDRzhggqFXYNLZITsgUyao8IfsANqeEyJWc3E1YT5CKRAKdYJIUDoDLO8ZHaENNuehW4lGx1KnFUGQVRVpFxSLRMASFFxiJEecthcJsydnyBDWpLG8JlSQO6EWCu7LAgeqfTTEkgRFxztU4ZewhKGktaBc1ZMxz+Z5IBVBYCFOKGKMIGwddxQcl2Oy1IZs8DokNXRK7qqKydhIAJVoSluoakoq8AFjLMl0AOIBOjqzrzElcCWIlXsq2nvgLOwhpaYiIYvadMRAQBIlZE9NimS8gwpDL7VB46k1E4VuScsVzNWEAUOw5EGAkQNRFhzxf2pJKXs8KwaaRY1BFq32yw4iaRqkAUSfADll3TXdFEVAJiT8EExE5Jamm4s6MK+5AZLIN2ionKAl2ZHm7L5aWzMO5pC5Kb/Gp6dSRWsSRAEJK1vMGkRpdiR9jCZVoCAgBZHUTACLFzIeEnX0zFTUeMLEXsqwkGnPIVvQKEAHCoAI7aPG2xp5iiuiT6lCOkhCAIlB6eAhTbEXA1g4hpwFKljMrmkOLi3SmEuTlJ2qO5Vf+S8WHY5DF4hwhzNCY/QOb02ySCCjzPpSnvpxfn2cY/0XgjySRvsmFO6WmJpJS0pu7iOQq9iXbIuZd9+3iKSpelbjS5aSSMcHMeOeKQzFhBIQY8lt8qERhkeTVaq1dYlpDuYuKfJK8prEmzNVL55sy6xqFuFaIphCgKUJQg1YqkBwfAsiLK8wRI3PM70XG1LV4YcN/lk8xJSUcV8AZ94DCECUOMcrTAiZOAMhRHhe7EIgDEdRsYa+Z8ioN3DuOmifIwAmJVy9Q92W6kukzpGmPorgqwlbqYJbnCAZ6S/VawZm+LfNF5U0kxRqkICawB0UVfme0ktYmtEsFTahl+S3zBcLwXPkhAkxDk6h6FGoAVJnbqH5SctnOp6mSBAqhakCRA18tA4IlKaOiRTQDjEAQ0Uq4ITnymlmtHMQ11DQ8b38sJoz51TGh3hqYe0l8U1g7hFA6oFYrAKi0EkBCQk73HNrMseqhdwAnX752T8lGenYJ1Rwjl74tuvgs1FpZutefuU51B76qUqYm7tXoFGMUYQi5qFcxhzmLTviJpqiUGhFz3VDRnm1GBB1hFZPC4LJIoKfdeko/L/LB9Kwm1m7sMwvALjXppBg3EScNwJusVNhm3ULwmCclS/2rSQEOaXNWihXbk8lKdyXJL+qhqgS1+6MYoayIVbO2RyTmjS2R7PIHJXbqrn5ETgkz/2U7Rz7qYK7oXS8s9hLulIwSKXhxykk+IFDaJNKY8TSzjifCKpEa8rIqlhwAiEJwJiZVNdOAdbRT7DFTlcROtv+nOlYoSJgjPX6RL4bKGhM/eYEEhBRkx3nuzSFm0TRjXTnMS4YRamGQsggy8jFmHiIkPjicrXjlko72OaaaIH2aag/VxToFFU2ukzIQG9TPPwEAc4hQiIUyN6D1ATWuuXGhTfIDzwdHRsMYURmUbSqbxdwxXyJok8rJJC0WJvZKUn25HnfbKdmZGGEIeHKyCIhTMhYxrjbTOE2pMjRN8eRkeeV0GSB/SWW9ibsx5nIi4HKJR0eLnBhQ3O6maUoumSLBYgjL5ZC8y2Y77SINRNNEu5EWi3B6skhiFiOt1mOMMSAOAxKG5SKcHC8TTTHSarObIgyBponGKR4vF1dPjwimKVKcaLOdUoWTIkSiIcByOQRMdhPHiQBxGXCKNE5xGMLp0SLRjkAxQqSYWu6mOI0REY8Ww3KBqbgzhCyiFGm7oynBX4RcWgocRRBNkdI67BCQAFJslHSCALa7pLsUQkjrP4shrTsAAiTcUnSY3PygSkXbkaaY+mbdG4awCEnBKUbYTXGKFALSFCNgCHiyHEQiIQW1RIi4nWKMEDCxKC+HThMhRCAYCQDgZDkA5rogEExTTAIWI0WAgDgMAQNApBhhnCixaBhwjHGaABFSMSES7qZpCMPRImAgirSbKEYaAqSgbYwUMIQBZQvTdozTRAAUAGKkieDkeLkcMJU+xzFud1NSvzjFcaLjo8XRcgiBUi6x3dJmN2FaZyIAxOOjYRjSci4B0HobiXAIyW1PQxiS9CZ92m6n1WZENlaIeHKyXAyYUliCuFqN2+2EISxC0nU8PVkuFoEiYIBxjOvtBKk+QEQAx0eLZZZxJKLL9bib4nJAINhFWg7h9HjBGzpos502u4gICwxptfvoaLFchBhjCGGa4uV6pCki4gQEMR4fL09PlikqjJFW6900QRggAESio6PF8fEiZSUIsB2n7S7mrQgUifD4aLFYBIoREXa7abWJkB/2o0hwcnJ0vBymGJNerbYTRQiYigtwtByOloMEH5vduN3GxKgIFEI4OV4AQqqFbrbjejsOAQOGJI2JacDLpQ8vt4iwSFpDdLxcHC2HKRIgBcDtbtztIgKGgNM0Dcvh5HgpRnCzm7a7iPzhZgx4crwIvBCYrBmV9/zRcrk4WgaO9mi12o0TJYWlSEdHw/HxAJQKKLTejLuRUjAciQKGKye8YI2w3o7rzYQhrcciEZyeLBZDdqHTRKvNmAwCRZqITo4Wx8dDLl9EuFyN00RptZZiXC6H4+NlintCgNV22m3HhHYkWA54fDyIn1tvpmlKxh9omiLiY1eOF4vsgLe7cbWektjRRAHx5GSxWA5JSqcpXq62Y6QBMcZIQFevHB8tFykOG8e4Wo9AuFhghEgUTo4XywVOE2CAOE2r9S4SLoa8XrQ8WhxlKcJpotV2nEYKAVNh6ORocXw0JBGMkdabcZwoYBLBeHS0PD3mB14Q1ptxtRkHTEaTwhBOjhYBkZAQcLcd15uICIg0TZEAr5wcHR0lIYTtbtyNNIQ0ETQEPFoOgBAJA0KkeLkaiWhAjFMkgNPT5XIZ0l7cMcbNJuZoD4CAjpbL46MBIGlWvNxMCBjyqnY8Wi4Wi5Dqd1Ok1XoapxjyA4J0tFwcHy8oL5fS5WoaY1wETAWho6PF8dGCa5Kw2Uzb3ZhnCnAIw5WTBWciME1xtZmSDEwxUoTHrh6l9agU7aw3E0G2HzTFxdFwtFwAh3nrzbjdjmmjEBEshnB8vAS+HadptZ6IIBVqI8HVq0eBBSwSXa7GhGeypUdHw/FykKB1sxnX22lIdBGEAU+OF8hr7VOMq80YJ0IgRJgmunK6PFouZBV3td6tN1NafJtiXAzDycliGDAFzeM4rbcTEKZCCRGcnh4Nyb8DIMT1dpwmwLRIO8XFYkjRQvZx22m1GUOAISBEwCGcnixCyJUVArq8HHdjTKPHKR4dDSfHQ8qUAuKYOBMJgSYiIjg9WZ4cLyTZWq13m20MQy7jEMDp8WKxDKlCOk202SUnm+JwOFoOi2VIVTMEWm/H7UjLAYloirRcDKcni0hJ3Gi7my5XO8wrugSAJ8fLo6MEHMcpXq4mKQATwOnR8uh4kNhvvRnHMYaQNp7E5XJ5erKYJiKAIeBuHC8uR95+ggRw5XSZghkAmmJcrcYpUsi2E46OFldOl5Fi8l/r7TSOkIM7wqOjcHy0kIWocYqr7bgIGAAmgIDh5HiIOUqCSPHiYpdijxTgnhwvjo4GiU4vV7vdbhowpDWg46Ph+Hghke1mO642YwAMAeIUwxCunBzxamPSlBF5xwoGPD1est8HorjejDGvoVEkOF4ulkcLzKuZtN5Mm90UCBAhEi0GPDleQEilABpHWG8nABpCFoHkYnI1BmG9GXdjTA93EMHRMhwdLVK+EBDXm2m7m5iltBjCldNlGPJTLdvduN5OuXAVp2EIpyfHIeTYfpriarNLdjuZ1OPj5XIxZEGM02qT7B4gwjjRyfHRydGQDEhAyHTlrSA0DLhcJqlFRNiNcb0eiWAIEGMExCuni2EY0t1xnFabkWJ+PCESnRyz7SIMSKvNuN1Oi5Dj28UwnBwv0uJnCGE3Tqv1CIAhQFKlk5Oj5SI/zBdj3OymOMUBMbKkHS0GWdUcd+NqMyGn6YB4crxcLgPlGaPtbgqIR0fsPkolnt0JSIYkGRyZa6AKlHUFghVq70XkXDnxYSb/bMJxhbyFNJ7vLNeZQLR9+J+0l7SVgJqsV+9drFJ/kCqGyomT+KqSk7JJiZLFME3x3v0VBnji8ZMh5E1ef/ytt//q795dximEeLleX3ts+etf/dRHXnh8N47DYrj/cP3bf/jqK2/dP1pEiHB+sfmZn3rpqz//kdNliJGmKX7z27f+9h/uBowh4Gp1+fEPP/Xln/3IY1eWhLDZjH/4zddfe+vB9SvLAWG92Xzg+Se/+PmXrl1dri63f/zt2z946+GSxt12vFhvX/7Q01/+6ZeuXRkA8Px8+7/80es/fOP+Y8dIQBPE55+99pWfe/mFZ64CwHq1/cNvvv7d1+8e4bhajQ9X2xeff/w3fvnTzz97BQkuzrff+OtbN+5cDhR3Y1xv1k9eP/r5L374hWevxSmuNuNf/cPdd++tTkI8O9vcv1gjTJ/+2LOf+/QHr19ZrLfj/bPNg4er9Xb87iv3bt25uLjYHi+Hz37smS994QMB6e7ZjggeOx3u39/efGf1xq2L7XZ37Vr48U899/z7Tu/ev1xHPFkMV0/CW7cefv+1+xerdQB48okrTz9+dVji+599/IX3ncZpevvO5e998+b6cos04TBcv7J87n1Xnn/m6oc++PhyCA8ebr7xnXfuP1gHojAMQHTldPH+Z65+8uUnh0CXm+kvv3v/1u2zuNmGBQDhY1eX1x47et+Tj734wvWrS3j9rbObd3fv3n24Gcfz8812guUAP/7x93/8w08NOL7y5uVEuF1vI4ajAW/dWY9TPD7CJx8//chLT147CeeX49v31gsYX33j7Ob9yzjtXnz/9R//9AeefeLk3r3Lf3jz/MHZGhEGhPVuIoQB4WMfft+PffA6TuN3X7n3/bfOHzsKx8eLp588OXu4XW9pN44/9uLj02bz/bcuHl5sjhfDix94/BMffipu1n/x3Xt37m+uXV1cWeDlNp5drq8cL774+ReffeoUAFaX2z/4rzdv3V0NcVwuYNyNd87Ov/CZD/7cF15aLGAI+MbN87/423cvzi9jnMYpnl+uP/7yM7/00z927cpiO8XFYvE33735jW/fQhoXIZe5v/j5Fz/7yfdjnGAI69X423/0+o3bF6cDLAZcrdcffP7aL//cy9cfO56maVgMf/fDe3/6rZvjZrsItN7uFgN89Zc++cmPPDVSDIAU4RvfuvkX33l7CHQ04Ha7OzkJX/3yJz/+kafHaVwOi9dunH39z988v1gfDbgbp0WAn/3Ci5//7PNplXO1nv7gGzf+/pV7149hGqf756uPfOjJr/3yx65fXU6RMMDf/eDuN//61rgdFwOOUzxahJ/76Q999mPPTFMchuHWncvf+cMfvPvOwwXCJsZxt/38Zz74ta98MiCFgKvV+PvffPPvfnjv6jEGou1u8/GPvv9Xf/FjA1Ly9//w+tmf/eUNmLaAcbXeLRbhn/zCxz7+0pNjnJbLxes3HvyH33/1crU6Gmi7HQnhF37m5V/6mR+bxni8xAcXu//4X167cfvhcaDdGBHj5z713C9/6cPjNC2HYbuLf/wXN/7qe3eeuhK2m916s3vf+679y1/79Olxtjjff/XB//InrxyFiJHGSDjgb/zKpz7x0pOpGPTgfPM//c7fX15sjwNtIozT7kuf/9DPfP5D0zQNA+5i/M9/+up3/uHuY0dDCGG73bzwgcf/xa98ejlkt/TaW+d/9F9vjptVjHGa4nIZ/umvfupDz12lGAPi/Yfr3/76a2dn6+VAEGGzG3/6J1/6qc8+l4zlboq/+19e+/5rd1MuPI3TZz/57C///EdSaEgR/vhbt77zw3tHQAuIl+v1E48f/fOvfuZ9T5xM4xSW4dU3Hv7BN19db9ZHOESASOGrX/7oJz/8BMQYhsU7dy7+/e9//969h0gxTrDebn/uix/+pZ/9yHJJRLjZTr/zx6++8sbZEuLiKGw3mx//5Pt/4ac/fLQM4zQNw+Kv/+HOX/3t23GzDUjn6+2LLzz+tS9/9Pq1o3GMYQh/+Xe3/vI7t3aX6zDQZrdbLvC/+ac/8dEPPTVNcRjC62+d/clf3Hh4tg4Bt+PuaIG/+kuf+OiPPRnjFIbh3XuXv/UHP7z17vljJ4tpHHfj9is//7Evfu6DNMawHO7cX//BN9+6e/f8aAHbcdpst1/+2Y/81Geem6bxaBjuPtj89tdfe+vth088FtI2li998ce+8KlnxikuF4uHF9vf+forP3jt3tWTsJ1iHHc/84UP/eLP/hhCDCGcX25//xtv/vCNBydLRIoXl6tPfvT9X/uljy2HXPL+zvfu/P433zgeYgi0Wm2fe/7xr/3SJ555/Gg30nKB33vl7u/80es0bRcDXVysT0+PvvaVT3/mY89M04SI3/3hvW98+x2kCSiuNrtnnjz56i++/PRTp9M4LZbDrdvnv/X1Vx9e7q4u8fx8dXQUvvbLn/zYh58cYxwCPjjb/v433nz73YcBpt1uDBh/+vMv/exPfDDp3f0H69/949fvnq1Pl7TbTmGAn/rxD33u0++f4rQIw3q9+w+//8MfvvngyhLHaQowfu5Tz3/lFz5KFIchrC93/+EPX33lxtnjR0DjuIu7z33qA7/88y9PY0QEgPCtv7/9p3/55gAjEESA97//8d/4lU9eO07JxnDr7Yf/39/7/rQbQ4ybKQ6B/tWv//iHX3ximqZhCBeXu9/6+ivv3F0tiHABcbf77Kee+4WffCkvZCH+xXduf/Pbby0xThSnafrA89f/+a9+5mSBMcZhGG6/e/E///4rZw9XyyESwRjjv/5nn//wC48RERGO4/Qf/+CHr924F4BCgGmaPv/p57/8Mx9eLsNEMITwF995+8++8/ZRoCOgy/Xm6aev/stf+/T1x4532zEshvOL3W/+5+/ffvcsECHC+Wr9tV/+xBc/84EQYIq0COHPvnXjv/71jSVMYRguN7sXn7v+T3/lU08+fjKO02IRbt85+/d/+MqDB+vHTpcYp8vt5mv/5NOfffl9kcZIgSL97p/c+P6r7w4wAcDl5eUnP/78P/n5l69fWWy3dHw8vPL6u7/3Z6+P4+7KUdhuxscfP/0nv/ixDzx3LfFtu5n+0x+99vc/uHflOAyI6832C599/89/8UNHSxwnOl6Gm++sfu/P3rz77sNFoO04rlfrn/yJF3/lFz66DOkxnPitv731jW+/PYR4NITNZnd8svjKz7/8iY+8bxzjcrm4f3b5X/7rjbffPT8KuBtjjNPnP/Pcz3zhgzFSCDBF+LNv3/7zv7n9+CmO293ZxfoTH3v2N77yicVAFGmxHN56+8F//uNX16vdchF20wiAX/rJF3/6cy+MY1wul7ffPf/3v//Dy4erAWE9jRSnL33hQ7/0pY+M47RYDOvN+PU/f/Nvvn/v2glO42693rz4waf+N7/+2RgnAFwEfPWNB7/1B68EmFJxbbEM//LXf/zlD1yfpmmxGB6eb37zP33/nTvnR8O03Uy7afri51/6tS9/bJriYjFsN/EPv/Hm3//g7vECdtOEED/78Wd/5RdenqaICID4/dfu/dYfvXb9NOA4rXa769eO/9Wvf/bqySJGCgM+PN/929/+u3fuXCyR0oPjv/Sll3/mJ15IaflunH73j1753it3lkARYLvbffFzH/iVX/yoRMT/8Mq7v/3Hrx8FXAQYd7tr147+1dc+98S1ZYxTCMOde+v/5Y/eePDgYYy7aYqLBXz1y5/8xI89BTQBhu12/I9/+IMbb58vAgXAzXbzhc+++KUvfmgxQEpW//I7t/7s27cwxhAgTuPzz1751S9/4qnHTyeaQhhuvH32n7/55ma9PQ40jiMhfe2XP/nSC9dpHNPTZ1//xpvffe3ugmhYhIvL7U98+rlf+OKLx0fDtKNhGf782zf+9Ftv4m4MQ1jtdh945uo//7XPPPP01SnGxRC++8O7v/fNN8fN9vhoGDfb648tf+Orn37+2Ws0xTAM9842v/Mnr92+/eB4EaY4AdCv/OLHP/WR903jCEOIU/zPf/La33z/nZMFHC/w/vn25774kV/66ZcCxmmisAx//je3/vgvbh4NcRjCdrt96QOPf+XnX376ydNxNy2Xix++8eD3vvHWdrO7egQX5xdHR8OvfeUTH33p6SRLd+6vf/dPX731zoMjxHEct1P8hZ/+yC/85IvTOAYciOAb37rxp99+8/GTAISX2/GlD1z/1V/8xBPXT3bTOAx44+3zf/8HP1ytxqsnw2a3O1nCV7708ic/moIZfHg5/uE33njr5tnJQKvdbhzHn/j0B778sz8Wp4ghINF3vnv7D7/xxnKIAWG7Ha9cWX755z7+iY88PY7Tcrl4997l1//s1WmMP/bik889e+3pJ66cXiklaeAnqV1ql/OjslSuP1WYk0az5F7la5wxJjgmZ+WEzyR6nSVGBTCtgauhFmUtuvWyKe7ZTUrrQ1L2bouSP+ffZQlYXU5LjKpVwVqS3lT5GAYEgnv3zr/193f+9C/feurJ4//tP/vM04+fAEVAePBgvHnrAqddWMBut71cb9brMdMLuB3prdsXr71x//QkBAjr1frh+RgjUn7IEB+eb2+9fUZxgiE8uH//2mPLXXqQaYpEePvu5ruv3LtyPCxCiOMGh6PNLl4DIApnD3evvXk2bbdEkWh8+slr24kiIALsJrp7f3vj7curxzBFiDAhDJfrkfmHuw3dvbsa15v1dtrudkeLxdlq9wIGDAQYVmu8/c7m8ny1m8b1evW+9135whYQwkRABGcP4w/fuBg364dnm+00TuMah8WHXnrusdNhinCxiheruNpM33/1/lu3HkyRrp4unnvm2o7ClYF2I51djETw+s3LV9+6eP2tB9O0u359+OAHn37h6cfWG7q/Gq+eENDw1u3V3/7wweXFZUB69plp98HF6cni8ScBQwhE2x298+7qwf0V0QRhuHbl6OrV0ysXU3qC4/xy+u4rDx6cbZZDWC4GDPi+J5bDcjkRwkSbHdy+s37z5vlmtVkscAiLp57G1TZOtHziyXi6HC7XNMGw3cHb717ee7AeCTFOTz5x7cMfejqEcOf+OOFw7+4GFovlQG/euMAA168tHq7ik++7drI4eng53Xs4Iu2+88MHt+9dDLh7cD4+94Fnnnni5MHF+P03V5cXm+UyDEDr7YQLgml84slrH3oBEMK9s907d9erk8XxEUywvXd/i4Bn56tnnrke1/HNm6sAekCFv/Vuu4AIw/DSi0/BCLfv7t6+c3n8YHnteHjn/mq12Zws6ROffOEZQCTajHTr7vqtty8HmgimaZru3z97/tnLcaJFQAhwuYnv3N3ev7fajTsAuLi4uP7E1TEt+EIEwLOzzdtvnxNMvItkevl8l/ckEBDgvfvrV15/sIAJA64uVxFgs5sgPYAE9ODh9u13VpvVOgTY7aYhjOerbepKGCaAO/c3b948WwwwBNxtp8euDhernWjeejPdvv3w3bvnA+I40WKIH3v5WQJMW8K2I92+u3nz5sXxECnS+cPLq1eON7u0JYOI8PxivPn2xXa1CcMwTnT1yuJiPQHbtGmEs7Pd2+9cINBmF3e77Qeev9xFOEnrGwhn59vX3zq7egIAuFmvHrt2dYowDGklBs8vdq++dTZuV4tF2G7G45PhYh0hPw2C2y3cun1x/+zhcgib7TQMcOfeitLzuojjRHfvrd+6cTZg3G4nDPTcs9cBgCLAgAR4597m1TfP757g+nKz3Y3bKYwxyHaTy/X01s2LZZhoimOMi0W4WKdt84QI68149972wYMLinE7URx3dz+yBcxPdMYYb767/t4r96+dLhADTWNYLgl4rwvAahVvvH2xuryAvFtperiaANLTVrgd4Z13V+/ePV8EAMDdbrx/vuP9bBgjnD3c3rjxgMt60/ufvR4pv62RCO892L5163ygiHHa7La78WQ7QUoVAuB2O965c3H28DJgwBAo0tnFjmuXsN3GO3dWt945p2kCHHbbzd2zrTzHBwQXF+Ot2w8hTsvlsNlsP/Ti00RJ1AiALs53N25ebFarIYT1Zntycryb0jZyRAiXl9OtWxfr1WoYcIzT6XFmKUWAAXY7evBg++6dC0Acp7gYpotkSxEBYLeLt++s3rzx8MrpAgG2m9WdB7spZh0ZR7p7f/vmrfPlAong4uL8zoM1P/CG40R37m9u3Do/uzqEMCDQ3bNNWoglhBjjvQebG7fOTo/DboK429x+6XIX8SgAAUwR7p9t37p9cWWJCPDw/PJ9T63GCZbpiUeE+2fbN248PFlMwxAenq9wsdxFBECKAIQXl/HNmw9369ViwNV699i18fxyTCTjIqy3cOPWxW6zJqDzi9X5+ZXLDb0PMe1m3WziGzfP7z5Yny7w4mJ17bHlxSbywiHudvHm2xdv3Lx/vID1ZrcY6JOXI+sdrjbx7XdWN989O12G7W4MAV56cZW8LSCOkd69s3rzjXtHS9zuphCm5557nPI04W6E2++u3rjx8N6CpmkMGF/8wEbEjyDevbd+460Hy0WME0wAE8FqS9eO8pLR+eX4xo3zzXpNY5wIT47h7GLkfWg4Rbh5+/K11+8PAXDAOO5eeOGJvIBLQAj3zjavvnEWpx0RAcakyLQIMdIw0OV6euvW+YMH52EARJx204PzMe2OAKBpgtt316+9cT8AIeJ2t37mqWtjpCPMe2bunG1/+PqDQNMSYL3dXKyn3chPfhFtt/Hm2+c3bj9cEGGAh5frBxcj8fIyADw427z9zjlSxBAuL9ch4Jj27xIAwDjBjVsXN995eOVogUgX55df+NyaXk6o0TjRjbcv/+77d48XdLQI5+fnTz59fZzSo6cEAGcX21tvn4/T7uRo2GzGi/V4sd5B2tcRYBrhzr31a2/ePz1aDAHXu81LH3oqpuc0IwHAZkfv3Nm8ffvyaEFEcH5xcff+eoxwNAARxAhn57vb75wDTEMI6/Xu6pXl5boIzGYHt9+9fOPN+4shjGOcxvHFDzwB+Ul4jET37u9ef/P8yhHFaVqt1u97+toYYRlgAgKAzTbeubc5P18NQ9juJgK493DLjIH1Znrn3ct7984D0Go3QZw++uEVyFoIwdn5+MbN8+unsNtN6/X66PiYn1AnIrhcxzduntG0Wy7DZjMdHYe0YScSAOBuC7feuXz77bPFgtabCQDunW0AALJxwPsPdm/eODsaYL0bEeKzTz/Ga/VIBA/Od99/4+zqAqbdbhqnp586Xm/p6nGS17DbxbffXd18++Ey0EgwIJytxsSWEGAa4d7Z+tbbDweMuzGsN6uXXnwirUYmRVtv45s3Hg4YAZGm+OT1xeUmPnEtbUmgzTa+efP8nXfvI0QEQNzeO9vmBSnCcYKbty9feeP+yQIDhvVm8/wLqxgJ8iJkeHg+3rh5f5omICSYpjhtRn7TEcDlenzr7fPL8/WQv2c1PrycZAvuFOGdu5u3bjwMEIfF4uH5+rnnHp9i2bz74OHmzRtn03bEIWzHXXLfYqvX2+nm7fOL8/XJ0WK33T1xfXG5EVmCzTa+devitTcenBxhCGEI8Xw1AaZ9shQj3jvbvnnz4XJBx8vFw4ebd+9vt5GOQ96je36xe+vmA4rTchjOV5eAuNkRAqZdb+eX4xs3Hl6s1leXYXW5unK6yMFMzMHMWzfP37z54MpR2O6mzTh++mxLABSBBhoj3H2wfvPGw7PTEClcXK4Xi7AapycQEunrzXTj1vndB5dXj5eb7XjlNHzhfCuR0jjGm++sv/fK/dMj2I1TnHbPvf/xLEtEE9G79zZv3nhwekwhhM1mvPrYUcaNAAAenu+++713b9y+/0ffCNevn3zy5Wd+5qdefPmlp8r7mVu5G6pkSjKs+Syu9ECfpM0flDd15+0kvif/1Bldym8x1VNzV96OYsloXyxX0L5a2MIh2ZcuSWnZaFnAlb6FJEmM7dBMMDGM3Xb3+lv3fuvrP/zbH5wdDeGLP/H8v/jVTzx9/Shtx3/37ub8cjsgLI+GEHBAeuz68XII4y5iwO02vnv/YrebFsMQEMfddPX66ZPXT/ILdhAfnm8vzrcQMCCM43TldPnEEyf58fkQ7j9YPThbpyeojpeLJ5688tiVBQIQxQcPNvfPt+MYwwDLxXDl9Pj0dJGWKaZId+6tVutpuUAMMAzDtavHj187GkK2qtvNtJ1otx232ylCPD0+un79ZAgQI41TXF1OY0ybAHdxiqdXjp+4fppex4KIq814ud7tximV8U6PFlevLJcLjEABcbubKMaTk8V6PZ5fbDDglZOj0+PF8dGQvPg0xYC428b/P2t/HnTbltyFgZlr73O+4Y7vvqkmvaqSalCVpFZpKEmmrIkSCCERwoCQJwwRDUET0ES7CTrcNj0R/Ud3BLajowm5RdhhOtxA08bIGgghwAZk0IAmJJVUg2pQDarxvXvfnb7p7L2y/1grM3+51jrn3gfe8d79ztl7DZm5Mn+ZK9fa61yt+cHDS050cjzfuH6UhHcrXS0LJ0qcLs5351c7EZonPtputttJsqSJ5ymxZE58fr6UvaPzJiWh09OtkGw307rKssr9hxfLsnJKKSUWPr22yVnmidc1C9H5+e5qtyam7XbeTOnkZK4v+ieaU5Is221alvz4bLm8WogpcTo53mxmTomXReYNX14snDglfvXBJRHduHmc6jZRKlt+l2V5fLYTouPj7TSl7ZymRFe7fHG5Y5LNZi7ukJhllXkzbbeJhHZLZqLtZi47YM/OdmmeliWfnm42ic8uy+bGNE+8PZryQo/Pd2teSfjkeD4/22ViZrp27ahsWE2Jzi+Wq6tMRLt1vbpaUuJnbp0eH805ryml84vd48cL112g+Wq3Xrt2dOv68cSShaaJHzy6urjYqSkTU7px4+h4m5Y1E/E8pQePr87OlnVdc86Xl8u1a0fP3jmdE5dk5KsPrx48vCSRaU7zxIno+o2j4+NNXnNKLESv3D179OhyntM8JRGeEt+6eXx8NC2rpJkvLtf7r14s65qYciYRuXXr5OaNbZbMnNaFXnn14uJil5jK/qjj7eb27aNpKufy8MNHlw8eXkwpzfNcXmE6PZ2Pj+Z1t0zztAg9fHB5ebkjopyzZDk+3d65fcqyZmIRunf/4uGj3TyVl5Pk+GR755kTkszMnPjx46tXXj1PJNvNPE+8ZLl+/fja8bQsmZkuLvO9BxeUJSVOzLssJ0fznWdOlmXhxCT84MHl5W5JTGUT9fHR5vnnTte17u25e//ywcPLVN5bSmm7mZ67o10zP3p8+cqrF5uZUt1Ox7eeObl2NK25GGC+d/+SJKfEWWTd5dPTo1s3N+tKRMITv3r/8tX7l9PMZfvp0XZ+7rnT8i4KE51drA8eXgrJZkrzTHmVGzdPj7b1Z5zXJd+7f1EWfKbE6yrb482Na7O+QsoPHl49enhBnNJE65JPT4+euX1UXmBIie89vDo/29UDrJi2m/mZ28dJJAtPEz0+u7r76pkIbTZzmlJe6ebNo5NteVMhLUt+8Ohyt0j5vi7r8cnm9s0j3RRDDx5enp/virdYlnz9xtHN61vJlLNsNunB4939+xfEspkTE2/n6cbNo7JPmJkfPLx8fHZZ0KLsOrt+4/j4aJI1c0pXu/z4bJfLuoTwmvPNm8enx1NJ9u926737FxeXS0qcUqKcr904vn66KWd6Xu3k/sPLZVmnieeJ1yWfXDu6fq2awLLIvfvn65q322meprzKvJ2vnc6cMzGtwo8eXl5e7GquNOft8fbmrRPmzMQ5y/0Hl4/PdynxlDhnOTnePHP7mCULV2h65e7jeeLtZibJ02a+det0M0nOkogfn+9efXBRNkZnkbzSnWdObt44WnYrz9Pl5fLo0VXx9MtuJeI7d64dbXhd8jTTbieff/nscrfMU+KcOU3PPXt6/WSz5swTXV7mV+6ercs6b2fOkolu3Ty5fm1ec55SurjM9149J5KyPfRqWa+dbm/fOloX4cR5zfdevby4vCROTHnNcv368Z3bJ3kVZlkyvXLvorztwkyJ+fTa9uaN7bJbiSkx37t/8ejxxTynKfGSaUrpueeuT1z2f6ezi92rDy4SMTOvOecszzxzeno0lRfds8jdexdXV2vZU5iz3L59cuv6pryOy8x3X7149dUzYi5uaJrSc89dSySSKU18cbHcu38uQmVf/G4nd+5cu3YyZREWzkRfevlsd7Ur7+TsrtaTa8eve+E0MRNJSunlVy9effVMMk2JpinN8/TC86fFxKaJL6/Wz33pMZPMxCvTsuRn7pzeurYtIeA0pZfvXZydX84pkcjVbtls5heev76dU4HK3W794t2zi4uFmRLxuspzz1+7cW2b11WYRPjzX3z8+PzqaObtZtrtdkcnR8/fOZ2YV8nzPN2/f/nw8eU0pc2U1jWL8O3bxyfH07pm5pSzvHLv/PH5klIiyle79fatk2dvHxPldaHNJp1drA8eXknO08yJaV3y8cn2xo0jlvo246OHl2dnV5w4pSRZstCtm8enJ/Oy5mniy6v88NHlbrdOKZHIusi160e3bmyXZS0bW199sHv46Goz0ZSSMB0fz7duHJUfN5kSn52tr9w7J5Z5ri95n5xub9/Yrus6Jb64zPcfXa1reQMji/CN65tnbp/o6XHy6oPLR+dL3bYs+eho8/yz15ZlJaF5Tmfny+e++Ihp3Ww2mzmtWW7dOrl+Oq+ZJuar3Xr31fMSJRLRutLx0fzcneO8ZkqJhO4/vLy42FFiWfOyyum17XO3T3Jey5vKjx/vvnTvIpEUBzfP6bk7J8UVpsTrKl94+XHZClEScNdvHN+8XtY7OQvfu392eblMPGXJy249Od089+wpUYElOr9YXn7lPOtvdM7z/Pxz16YkOWdmvtrJF770uOxfnSfKWW7dunb9dCpLr+sqX3zlbN0t82aaU7rcrcfHm2dvHxNRJppTevjo6tHjyxJVlyixRAU5y5T47GK5d/8q5zxNPE2JRG7eOj7e8LoKJ2JOX3zl/OrqajOnxGlZ8vHx5plbR4lZJKc03XtwcXa+S8yS87LKZjPduX283U5rlmnis4vl/oPLZRESyTlvN9Nzz55uN1PB24ur/KV7jy8vl3mejuZEIjdunZ4cz3lZObEI3X9wcX5xxSmVZMfRyfaZm9skkoXmebr/8PLBgwshSsxXV8t8tHnh2dOjDa8rzzM/PFvu3jvbLbKZKCVK0/TMrePT47m873N+sfviy4+XnI/mxEznO7l18+TZ28frbmFmYb736sXjs6ujTRKi3W7dbuZnnz09mnnJNE98drG+fPdsXTMzS84p8bN3Tm9cK3OQtFvXL71yfnGxbOY0JxKRo5Ptndsnsq5CSUhevX/x+OxqM5dDREmIbtw4un6yWdc8z+nx+fL5zz+8++qjT3z61V/7jd959Pjs9/zud/2B73p3Xqvq6q7a+svPYf9p9154mJThdAu2tdoaqT3SF0frN6k/qtesidr8j/vb43289hNn5Z1AbsrBO82074IZKtKo+2P3nN4bW+gLGNcoC7alWJGSCprm9OEPffZv/L0PfPrl3dd/1Rvf/y1vfttLtzeb+gJKff+1aZlkXSWvkok48ZSYE4u6sSy0rlKO0mPiacZTNVmyrGte66ItT1OaJkp6ZH+WmrNM8ecgVpFlkXWVdSUh4kTTVE52kZTKmWz1lKBpMol2PzUjVE4dYOJc304tgs+70rIwEW1mSqmeQ0S5vLJcj9slpnmqp4LNE9tZcLqY7hN+y0iUq7z3KMqLCE2sr1YLiSiGcznjkTYznpvparBmyZlSKhMSykI5l0OLKOfyc1syJd7MXMTDtsZNNf2WheppakJpIjcr4pwlS32XXNVG301dpbzMWWIR9tdN6wLMmklE5pTSVKktiz41by+0ZmGmOZl5V3MsN8pRlxMcw7CsVIegClBYbWtZKOtRIvNEKZVZTH3hKovkXN43oSnxnJo3r6m8CFdS6/PUG46sWSRzOY+gKKfvGBC6WnM5qiQxTzPP7OKtClwTL0REm679nGUtGkU8JzuWuXawZFmXumlj4jTPQYOz0FLe1RZmpmny1xTLkOXMS66H/c9zajoXomWtZ/JyoimVN4aqZLLQUq2DmGmeUP+EiLPQspblCpoSzVMqL1uUgRSiZZEsWYSniXvGd0tRQErMjdhzliUrJUybqcf2cho2ZaGpvKalVBFRFlnKmGbmRPPEoEdV9+pSIUmlvA4mMXHWxoWEmeu76QqfWQoylDHlecITIEmIdms9IzMxbeZweoyQ5LXm4YScsGqMQllyrqdi8JTqTwjYYeBCBUhJx4sYBJOFlrVOqjnxZqYG7gpWEJEUkVYVrUefrJnsCJaUeEqUktXnAiz1KQ/OstotORcrqPhf10yYOBOtazm1habEULc6tXWlssyYiOeZECdFaFnrcHCiOdnZwxU3ykAXgG90TArLUg/CmiY2tDHJ7JayLguEKWivQutafytsmkhfm1Rp53peTs5Snqo8iZnWXM+zKWkIfdm1OsQC73UZnAeYs5RRJmHi8vo3MCXLUlfXi19oWV7LId9c5mmTHv9bAHxdy+urZfcuzymYhoisKk/qCCtwkfU30KbEUbspiyxqWUw8w9HcxJSzNs7MROGpirQcliYkaXKwEiKhWp3rwfG8mdswRNd1iQZHm9AqtC71+PFEvN20kLLmXA5eFuHNZCflOKSUdyBL8DUlBuugnGkpvjYzscyJFcaLcnFRVGN+mtrjHIv/Uj9CUwrkidCyFLsnYtpM5YW8OrJZZCm5NiIhmhJPUzjgsUBWWd+Yi55H3nP9BQFhavWcKoxXr7CZPQyp47LW8/XKknt0E0TFiYiUE4w2k4emTJQroNXodp54isBSlVkSkaTuqRTGyy6ExHMKbFW0VOCemJrqS6Zc48tqpKHrYsLFJXDnv4R2uUqFiecObAsUFwicpjqgFhauqupE0nctRMtaz34tdqRHDNY/y6JgLDRNPEWZK3oQkQx8qxTfWoLqQdd5LYZQbXzSI9O5onE9lZCKpjUIkEVPIK/+q+VrEdHfVZymKhMLmnPOOdddrVNqh5uIVt1IM03trtQssi4kOrGZJrVgPfRYsuRcffqU0jxVkn7roy9//Le/+M53vO6tL93Ja25/aqkeTOOTtaZfmH9Su+QnKqnmh1VwoRF+Im7fPtu+U+y6KcA5Z5sgy2gBFFYrBb5iEW0Oliyd1dBIe4wvjOeIWp38cg35vesCrpJl2kwf/PDn/rt/8JF3vOMN3/NtX37jZFqXLKxHfBdAyXrII1M52EP0d5+ySJl7CDNlYaaUqmcv1ddSm3RC42/aMomsQiKZmJNIYuKU5ok1spVcdYj07AwSolwmscpGzW8lnqeUJp4mYpK8lh9ZqQ6kHoHDRFziUVqXvNovWKRUpi5U9l/pb04yCQtLOeo9sTkA1iOpJs7lSZrqWo0tlJdpgqaW6//rSoseEpoz2a9IcBUHTYnSxDNTSnViSTpVKwtNnOopO+tao2qhOlMSKaf4+No9s5QzFMqrvFLOVpM6yy1Rsf16SBk2pvoThaI+ppBbwsv62wZ6Fu6q055E9fjCktGo1iAizFkPT4efgoApbhEmEU/2S4Jq18xrxl/uqXW5CrS6+jJvF00kMBOnlCZNQNnPCVSTEWI9OLlUyyUfXaGDmfR0ShaSLJTXKo8SlNdX8XXDQxaRNQPs1EmdaGIhC0nO1fpKUJ3KqeM6Iuq2CqFuO8xVi8oYl9OLUtLfEqnuYZXV+GOuvxXGYr8Ll0kTEJmIuWJ0kdaadfS5hMapeAiuQUxRX8AXLq9aVHDJoj/sWzW4vIlcMlwlmZ41ZcDMlCa24a0/BqIoKJSqXyxGJpRz9iObiVOqB7kXoZUTp7QupVSPGS4/zbhkyTmzNsYp1ehQiEh9krJVFYZtTlimCs5X8cqiDlmEbMSYmYrXtLMyISguEdo0Fz7KbjqqOZxcPXGqP2TCReB5FZLMXA+/SilVXRMikhK6VWsQ4SkltxUqU39SKODEPLHNo3OWrD/foiGW+7gSMdpvKDFRqu68SDVn+82QIjUFTBHKpOvpGoGnaUqJWNTCshBZrpeZy3kk9VTqnLMiRh0tVQEWlrxWyKjjl+qx51yPCaE1rxbNEDMnhWmWsjJcKwslopSmVA+xqrm2erqjSNnrkfSAkVzPIRcF/WK2LEJiT6We/cZMZT2c1HBKeqn8+Ez5EYBJf1+oApf/hkpJdLJU9ayIUbStrBvMSX+QSc9H1/w0i9A0G5pRVc7KIonY8dt1rNdyZJ1i75QSJ42kuU4IRRGDiJPFm0x5LXiqz4qwk+p+SWfkXIljShVtOOnpagWOCjlCNJV37omLLNfsP5VVtNu8ChHlnFkpZ6KylmguOeeSepBqxaTnmuubTEUsBq0l+2YIkkVPEVbflSAVlOu8JZMe9Jl44okdWkuMTRpWEaW6qUTPL6qwooeeEaeKOdWR6QygvN7AwiWPUHCfcqa14iETCdfzCIsbVyOqZk1ENLElfUruI2ApJ/1NKKFiYtnS8FR0teZWytBo49UqkyVuuB5ZVNKdqqOpTobrU8mr4TQT20S9esec61G7BeWmORkKCVFe63yxfE9JN5YQEVV9q0ZXXGcq8X01pPobKGrCnPSEpgK2uWqjPmXVmBK11qOryq/bMTHP8J6b6LmxpNY26a+uFmUuv+NXX4Gr6SqNeIoHqRG5CPGkx0pa6ChZDMmZbaGDnfLaNROnGUBP9Hciii4IJzuCkoQyrQY+GrKk+tMVJESyUvk9rFKXiUo6tk416k9pVd8q4n6ZSGSlnKXAnv5qmhohsdRJuJ2HW0MCKue0FcOv6dKaO5v8JM/qlzMZ9BUA4opcpNGyYnJV81R7kpppks2GN1PaCcmat1NIYAggW5idxbdCbfZohbGJJklWijGWjAf3hGiWrKzoRF0Nl7U1toq1I1brrapoLToROscgCOaa+Wd/VatpOPHJZ50LjesGAkQl412XW6wzgIuL9ZOfe/jiCzdunEwXl+uUOE0TJ5rK8pnFPMXVksZq9V/PLgt5w9Z56USYLJDXqDfkUlIRXSpBna+ICtVT7AqYlE49RCxvR3GZhXJKNClG1ZO4qrMzL1uWDaufq21qsyqsQF2dA+qoqDJVIqs75Hqms+UEQBxV53Jdrqy9u0bAeCemykKz6qzMVn8jom+dVeJteGz+QPVnJkUDWC5y40Y9XRGDnbXaZcIxi4+Xez+iRPXnd3SuolW0LusCrIuUyYWlDRprKMzmPiM9bmF1HFjjFX8UChiTOAw1EwGKWifGzg6rsByGinvVeNTBhZjUbwmtncEGVUEiPCNVSSjdiNmyYZ0Csroc0FLopNQXEwLKGpS/ynM0yi1iaTuFzaxuA7tm6FvIHwzxUc8crgrMLhUPEsTfslGaQyJaowNgXNXfEZO5LRc+K1NCQIRWaDWfm79uX3bqvbiyqww0w4WVlUnRoKUZTM9hlPtiTYM2N16jFYgoApd+YkG2X9CqE3dFEpQSslFwuC1TnXdCydhvtHDAbacZjAltJDQu2n+YUrkwzEIbHasBSat0/sd7QbeFVFr2VkjgzHp0hb0WEpTRiX2nfmD40tV1RNSTWG3O4syGLlXLKyZUNNOJP+lMnqq4HUYKu/VgW9affRZvWkxKbIw3PBZumMl/GIWIPNtoARjpbKXQIC5j0sRnbV8jtOrFwi+JuDlUadSxEKBNmygsGiVBvNAkcO23xeC3EzPaW119IefFHKqaNpXfrhUfO1A4MjG79ukNVVFEaR2PEEZoPY2EMR4xkbQY1qCGDk0krOabBNiqkjCs5qJfsfkGVxsfYm2Tpn7cr0H7GcUDGlw1zmBdcHQD12SQyurOiYjIjvSPc4ea507kT1UXa98uIGFx3xjM15yGBtqM94MRSaMLKDZvUytWqMjALsIH3lRFq+aPsnM0Rks25dbfo7IGA6xxxX+771SbpI0AdkqctAI/HrQIjBDwz0wB6RQ2Y6xVB0hnaEI+DQkuUohEUhJinpnXLC/fO7u82L3pDbdTuw/ARDI+DpaIDq9hNnPUaGTGnL15Ge86p9LdDpPHmQ5fMrD3p7kExzV2H0PTJ16AQ8ZqScOUdDnRvE1ve/Mzl7v1/DKn8oonEQmt6mxqt4EeppoedsFW84AdU+6yWuEzgEBttmwMsx8gyVCWiJMWX4nKvtEKDbC3l4TLgj7bTywC5S4z9aua+gnWKFqSwe2g41MT4CyVEs9LmLXFCqSS5IrfAiPsJctrvGKrTuZO6ue6ilJDSHANRFQWNCASNYFbxsbyxahb5XUw0rPfjWauyRTSvwM1xjFlATAZlfQF8OYJYC363T1KXsZun01xJcXDW6TU/4VJQTBndfRid22uULXaU5GN61ClUk6CbrcOXgNpG1z76V5rAz65+wXb51bQAh90BPUrbnxBUbV3SikXyL6RL+Dr7IKhVwEKUUlYDuIRsWGCzju9UBaMHbGuGgJjpZZQp1CeUNTvCvxhGNQWzj1sqc9grN0WzC837n7UNdeeIBTYT3Sxak+1B0z1z273hisBskmVxK8apQWtAexzfJDYjnYHLHtGHJurKE2GMlq5JS6AjP8JAQ2MLcz0VEbWt4WErVbWjhB2KZCFY4kyC/S0Dtv/YlvR7wXeUEKu4mKti0HHqA0G8OV419phwbBYAj2un96Iyi2O8mBIWrpdlG4i4m49kRo0IrxEgRe2OTy37hpDwzL6RxpQEUR9yEtGrkN54k7BrOgh6GmAUQ1QRgOvBSA48eADgaipwURivygSSgeOqYbwDf7B171+RBwVInS2aw5ELZzvUfLhM8HKPpcgwpUocUNqDKQRkZACYcAUZTpyC47EVLzUtb0joMHYu38klXDHmpAODgMJ7ikslSWhbWPDwQixpelaJeM5m+CkLGUXoxwXiB/jpcoOX8R6aNCxn5OJ3haliR1CBvobgZrtrDHzoTrMPqcE8SBO+zAZ8brtrlHCsk4gxLQKb9Pde+d/5yc+cO/ewx/4A+/5yrc/v5btuBCitmuhHQ+Hp6CHLx6YVrxGXTf0zHaD3VhrqyWEgHdRmdUbDuey9r1mK0qil8I8G/fQ9mThyiPkZBwthGpiY07ptz559/NfOvvKr3jumVvbq6tFiDkxMa9CyYy689Q4u3Qn5rdoJFBNIJcdf3ZaUmcSRZcso2waylL3gKoSCrn6RdLEH2XynSZmwWWUyh1mSkRZ4cNarpljNkfgQ4s4wAG0GKkYKRUzlzhxpHDaoU0UDG8NXs3nSn1NmtRUqpXbvlAXTuMH0bzjZRhrioqYXVVZWQ24jf2MdFPX7gIIxSgFfQgkFhVWQPvJVbILVJVwCWsrWgGpqjYFPTeKiDGJCRiMm61MJI0E9nZiQ1Ym2yepMjeUV0UL4lMAj9wwNG1sIHSgW7NZjAkZHJspd9V7QzM3Um/GfQKZCkYaGo6FQilB16RG5YIdeDTx2UmntjowjZNQ0BBtuYRLurIAHtaKtP6RWXksG0VtiHGxIXhJbcKUskCR6AC6ktRiwVGgDMHr1jSg70DBLHaFLJNdnN0iGQSxBPmWaJBXWdazbHKwYIi9xG4VYgw03AHW+7pq5Nm9GMpC1tcUtQ4jmyXoGx9au6i14bNmuwwJAcBd6o4wti0dNYDIQFzctHw8YdRscd44BafuA+iShmHVPcaYCAYRi4dKgLqhkw6oagxRZSQGEt65S88hxHq0XGFNhnJouvnrjPsDXVbVyKOCoYaLmPQ3IPFWxfkjghjDhKb3hQ3SAg9ha5Y17KNqg6qEAyTDHydygD7aLxu9ovuHvbytZjdojN2pbaKQLQmH/ZpGGW1l76B2wyTZB8LGH0VXPqvxY7RoCUM1C/Ai1bgaQmKjjosmH9AHyOeyuyZboKr32LWFQ6XQlXlRGJewFVHJ1a5woblJLLh8GsiNJk069xHAeWmrqsRCw8ZKtFBXPSKfaao+GWfVboxxZZOt0aA1BANlY6sqXlBT3Hd72+L/s96OMITFWPlhfAxzQHFUj4pjPMY40zZwEVnQHKzZtNREWN59K8JSm1W1IVL/U1r1yXGRrb7QgDM89OMkzCKy3U5Hm/kTn/zSz/3Sx972ljs8cc657mhkCk7aDKKJAsmnoBaHhGhkT3ATMKRpXySUV6FjIGwpoCetfyKpYEv7C8L2AAgoA9GjaXEMwroiivX1/W6m3eXy0//84x/51Kt3nvmGZ28fpSQiOmgS0tWCsrKpmAgk55sMAEKiKTQzEyfmVWz3rKU8HMSJUvGWEAog/0SU3MUFmdpEQKi+jlGb18lUDCkAlxSvOERM1e3ANL7lED1ZCxK9QJhIyN80KzVHkgMs0ua7lRNG8wJiYZYwysu0vcX1JZUHgFqspWrgZKAHjJH8UAPrE3CE3QUpQWrGzAfDMD3oSNAXUNc4NIbLDmtdcGJfbKctgbaDzoV2nbogvj6NVbF4ANvdDRaPDaRJcXmhOsMeyHO/UoKg9IO5da8OJhykHaMVuzkkgJti/gX0OQzUIaoHXMRRw2Ch+dSOjEZ6w3VG2ACgJSUgBzlI1mZi69QWNWQZjjQQ1LpvYBTlx+0Y+DduxBIoR1yGUVG3ExuFuR+p+2+gwu73XNvXIqlE1I514KcNiqyf8lxGa9DsQOoOMMhErbiXOyElIf3fktbX6cZon9bKoYdEimxBeToRdd8IBzH0z50+9+TAtEl9sd0YELjvq9TIA2xAMxk9UrWNq88N91yJ2AXPZPmgATnauz1zJR0V1wa1iio5WRum9OpotDQm7gZNBh4gi96LNBiNgZ5mX+r3UUcjNdhHjAUSod86NHWUPAYwkI9sDMjuHluOvjDhzDVj05LR8BHih/jUfT1oa0me7JUBURAnyI5hvSEw5igZOLV/R5aM1mfx10F29w5g3SmC5uXI19WFloXY3H+HVPoXc0wsMVoYWlSL0WV8UEaR3irciL2hcu9AoWozmNXBxamMtQLmIc0426Qd7lTVZiISLjuLd8t6+8bRd3/H2z/x25/97c/c/fzn77/py+6U31Aglp7KfeucTEQOeT4dbddNRuM+dne98Ez5u+L+FvvBa+/jOtFmf5+lOOFmDm0FGgr0fmW+doZD07kwEZnS9JnP3f/ob3/pdc9fe+HZYyqvQ3KIw6UQoX/gg3NcMqAVxkhTBuWr7gU126tpdH1PkjXFwDrUTMzCjvxiiVdrlJjF3sxMparRUJuk8n5F+a+8dVm/tqjCliqrX5VsBolz3UcQgx5WtyW+YGudWl9CKjeo12yUDUNZQwdr1uWtI1DaDeSAdIhsWo5jE5BWdPZfVwptrMZkEVG4XyQGX3EESsMi0s6FvLwoiGlxhvb8HcvKbBf7mbZQXfGocwQdpsiuSY5Alzhs6hLhOlTVodVBooA4cMsQHT8wdfqlzYNMvIypXnl3GXhTCkxOZm0qswhmhUNNnLAqnvILwFJ1s3GNLjgQMtJvn9oiVdg2lB66NTkb8ZYYGmASLtKHTLMVKapusjEMCu2TWqaqsIOOhyhGf40I1YqoIh6DLDtmAvdSsTWurys7ip9o7OQ0sXlZFmbQOqWFfbHQJaLMomuuZs5GqcBnJFiQFpEGNFAkpNmjKgC2FkjQgtTza4LSlBc8lqGF4oaYsaIaG6GoydQFPha0qDRdQ5jqu1eiagNiEKBIYZ0QP1Ataxmgy/VMMQMUPGiyKZzLHr+OPb94Gdh0EG1HgYKonixSB9psxOnph55bkmhgOQ6lSpNYUSzIKLLqnlR/Tf0MxTmgDnXiq4wqDR01bONITeqvMgC6Ubo3Fkw7zC2ZEUaUM7NzYsTYKuPL/RCTU1ZMWF0QUsXFPZs8GHuvdhShsLISBOHdo38U9L3uHmBghVmqFygfHE9YwQeF4GpYhtOpDfSAezQ0o+4vaGyVRLBIxQsDOnH+isI4NqAFqbREEdNoEY35gjyjjhN5LOdKUGpD7G7S7rxhbcGV2HUXUNSoVYeENhACZ+Q8Nt7cZIZpZzBe95EQjdcHgl+qf8fuQk4ZxW9Qzjp0wuxD5E261WGrpqkV9gP4VEwQfbsMyTQvVByyRSRgdTXCweUgZd9ci/LgHqJaIuZUIIGVhdY1v/jCtfd87Vu+8Mrjj33qS/VHCv09NKS/NVfwanXeo7jRag83H3hPItSAEsXTI4WVJCKimYM9WsxMFEeA48cwvXSy4gqPCO3Zf4yTbCJNQVqDvjJd3QWbLjGVyOy3P3vvfLd83de8/rlbx8uamVIiXqEHUujiMOgYuSPxOGjdCFh6uiIv/MRA9Bus5JOIUDnW3wbVZcsJ9N87dlH5ix5uaDagkigpqirFRjkXcSlic3ibmszvxzEJ3gyE46KA4IxEJcDYUKulKqDqstSNYGdtfsXVUhUZpoGKTMgLrCBWxzi8MEL05lCjwySCdbC9RNhyoTEpg6aIUhO25knUN9UVdThhyaCPaAjFj9xwuMFKgHbs8wBvzr5VkhQbql55ebvnHaj/VND2o604/iUSy7xJQBW1tUZJAjiF7YVG6xg+sNGoQm2ipTDgsx0CbwSupIVU8Z+3AvcIfGLX7tc7kDeVG2cffZEDZFnwXSrQqeGIokilvNITxMPxr4A/QKpEhQurRkCO6rBph6jfrnO8xrUW10ke9BtPrvCq7W5kBEpgUUInPuOsbmQi8aGK6ZXG1kiXR4a8s5oRcf1dpLJRuTwV6xOZ0ZgG2+tAD+EQLCjUUSNUjIgpDMd9oN0xxe9L1ZWug9pMMDEL7xVbhVG5DZNIvwdynSvMtQxgWyyMwQZ8L2JtsDaF1KrCQFTgnHtnncC5+QJ+xuJ+ZtOVxq1ZDwLOHAuGPu2FFqvHVA97Vgul2n2EP0BsJooyrL2pzatlBlAFJ9HlRV0+hoRh9Kpjin5A8WQEHlEEKKiggdAotAzOWO2sUUTXtKCTQRTkowEZLt8EpsBv2kseF3RLMqZ3risoKYEISbNBMb0b95D63jWFOCNLq5jtoRI5/gkTxGekm3A7q9fInAcKE9mB/8kY8eZsnIOrZB8zVqpd56IQA5o5d6y9YrqR/U7QRG9Jh8iVEfDTnEslyBLg3oqrnlq4kIIPuAdXIMjX67bnCoSohEAoKygTJ+hKewA4Dprrf7l/p6bwhKplkwq8wiAac4FKrZCWlY628zvf+sLP/PzH7t59tKyZ7Ux50rCnIA4cDi84TLBcUOrUvEHYK1sfERIM4wkSsFrBNQwcmhKQyIt3CPQ0F+Q+VS8Pbino6lUCHBMYv6o21vaZKCVal/yZz91PE7/47HXW3ygfLZY1BuXeCw79JQqfqBnsQQmp3bD9F/tljX1Ej1g0Q7F/uvVJBB4LK0qCyJJEey+3f830ozsIJbuGDKqa/0ghXpx51vd1qmIZN+o2UKLsqZsa/Xd7lZrWRyOojdo/LU/q7IjJFoSeWpU1DTkAeI2KK9mdSLteGssbkNpV5aZclEdfy0o1d21tREHFsb9vDHCy3cTC1I2R/2dNt96sGUYSr+gtcyutveztucQaxeHiGAW1m75ETb1t6Um31GNwU+oJhvharhj+SfOXdTFbfU4n+aizKH2p5he8alAftSZb+pAg0nb04E8zjqZlHp3S4LkzAjfhS/RO7DpktSOrvbK0d9BO3dpMh2szLNA9CqxVI6iHC0DMIciC3jvFce2l0FpzGfLi14FxGSldZwfogJai9uxLaAcliKsCI/b3IK/fk7YsPAq57+7yQfdVaeAv+N/4AVQbfHCAtkPgU6u3uwPB3TWhVYRH1Tlu+wsUw6pg7+4DkrdWNIBWLzBAvhDHIN5X0PBMPBCI67DUD5IIDEYDRBhOwLTB4pXI54gRMxgx/14WxdqpJipjxItDEWmzA7amoaiMuEfzocV2BjUgFwuH2xI+holrX5053Bs682HQMEQlsnhOF528eoR71GeAnD2w65BSvwaNjTUBAbum4qJAa0dNt4CQNTwTWD/UwwcqgdJIaahqAu3ZJzGHKV4rxJne1h510Mhl7DoH643WsC/iiyXLtUHh8lPV8tIbbn7v+9/1rq98wzQnS7XpRKDdiNurYUO0rQiOeOkY3APXnRl2a/x6zaGvvn0/Blgb2hOBidKHi1pD3vrGw2xbbLjYcM0Z02KJ5NaN7bXTDRGV9UTS/DweYFtNep9Xs40dznvNhhtTxc2KWq1lAagoJGIurJLBEhQ06GNbV8mYSX9HRiMaUjtmNwVNYhauOMNRFBrWRM1GWbpZl6xGLGIDQb7Yoq0AIkr9Wsyo5p/wHCboks32QdvF/zUSjGX8h93EoAUbnDhWgsGkyT6oqq3eRVOIiaiawLZHmmFjC4p6g+zCJa7LzWKqG17rCpDu3LBHG5iwD+yWZ82+OWw7bmJpFd4iouAddE3e1xHFlLKMtw+XLdabskPf2pTRFYa+1G7WNgM9FSjLu3UwKsU9lw6k4KotsPkqXPnHlt70njsvkAzMrOIKC1sCpdZSHyxIUtUm1/aqjKaUbqM9r4RD6X9ZocJHzJdei6NRjIjtiXUP8mqxuhbVnHIH/1UDPGGvdi44jJ4a7wEZYFaJKI4zmDqRMuJfW4glBVBbTaKGLu5EiL4WKWpdLuoA1QBbvD9HeW1eQlON8CNX7e5RrVfXxdzJ+Gq0jkZU9qoMivvgZgw8g6Eh4lJ7GTjgdEjFa2sUKh9FBPeHeuygGkIj51YDJEi9ch1stibVPepChBdb+QSGsXHvE7OFrTYBQz1cA9GR0NZBkL+1ppzb4qRbli5/eoNswo5xdK1PrSZq7BAMqArKvogpEXRfybTFTegrKpUNrK8OVONul6YQ5YSI/LcpTEYoNMUnn3hyU6zM3pQ3CbSD3TV4D9Kxor6UX9FYcDDFopcmjwz72Ros9i7LxjrjqoCdQEoa4jhyfoK2I1hx/VshAcBYVMPKkDVDEBZ7dRFJt9lF0FSQH88QauPgTKAB9/vhZQPzqUCPycShv/VoVLfAIVTacNvy2mjlVq1r37C4Y9MexGSnJtm1SoSSAteoG1fIjZXtvjtPQpEGd1O7jjDPWNEkZKgOHkThRTuJHeFIgSaG1r2Ada67BHhZ5MaNk+/6jq8kJsk51SUtrzmcTxYwhsVqJcasGpXTfHmfyg/W4SPqves/jXewr086f2ifigArNNKGYT1clUaJcLfPrgYHnaIxEwvxlL71m7/83e9+453bJwT4qYcQef+sIBMbH+5MG2t28PZSXROoLTAKIXFdu+fQEPgQ1PuCRRyCV7GpHrUX1o+wThIHmbjZVMTcQqfWYgholSyBcF19/2CobU7gAVFf0nwzeHAXthSTgvkBrDYOkEbvAslsLBurtdF9UGVT7uHaJ3syBWfto6asyaqeXMNN6Duw4cMsEiJK9rMvqIcMMqk6bsY/Q5KQJc/autiKz6WqPEHbi7o4SfuB0ap0jyv6wqmHoPNxnH3PWjNuELXq90pYSgRYP5796fzZZcWNXLpRRSnEh+zkDwQBjmavpuCQoWPHz2YKqqCDywxIvTm++xDM3hTSQzIYazWU3q6RzwiYXdnQt+KxAQg0BN/K6Id51rhxfwygXu+NjtQj3PsV1r6a2TMMEwAPRT91YCj37ak2Ypg4U6bgfQedaz32j24YMMeRTl6OuE37o7gPGx+paIuVnvwpnY/8ZcCLDgPqkLPUKX/9pZ2WxJgB9skJuh1rcC/WeceHYxZ8isu+HDqF7BYGXgXYi92NZv1EXapI/GWaJ5NuPTY0Ub3b+dTYbBxVboTY43R3w3XAvAU+x2C2ZiqaHTRWW/GsGT6/MRJILyfICoB5+LhJ4G8cK7QXsCXSUtO8hwENMKh0uB2UAakcElKAWJOPo/lZT6s92rv8Myz+FKUk3rYIQx33/mvfw2LpkNV8KgotWxfKRP0HdwSFHE8AUXAfqZdRl9PsmnKd9vYgkzSOEXsl1qhEmqlNac5DF2u981wNKB8CPANJpiySd2tKnJLtINyLgeD3WSxUb7p0/gOn+1IedPCRNjzWB845N2uPT+gA1n32VYxpaXufTrBkk8XBp81eXF9KtnxkmJ3Tmklq2kcXgmqXKu2Y47SNryqYigUuKqr5WUzgFRqk6pJoqzqiRaNTzUlaLqD8LKz4ywsmDf23LvmZNwFsJ2W3iqXqAMRXvt+ag+7oh7Ju6zaoCxzlhvl/0UxVkwa1DbExuciMMqnyhi3N0aC1B3XdpCtvyhFR7FslAIoBe0rZRd+sy+nUnk0MOk7Ov1LUbAgwf0Bkecc95gAlDfHGGuvhBAx5q+RhZcmdV2vPVpdMUHUZJ1REmYNrdaTDS9MbYNF916F9fzQe62AY0Y9ULetm17Zj3KRvJLUIEquo3odDwwXvBzawU0GZ48q4WbIqKPSDXZvuRHlrV41MXPPsXW/UN22rvWng00jVG9eUKWSzsSIIAF+7im5uPzjjDAzx1nKv3DXbuuVGFKoxiJtmic3gBnBt9iw0r9Y0QghEwyTHyLOcjyABA+P1m/tz9bHfQSnQMX+/tu3OaSsj7kMUox/21g6/wFJXzeIs2gdHfNHenrRFg/ooYVrCbAXYlkaAKrRgbDrQ2j2Mi7cFFs4mvRa+sIIz1sgiCKGfUHkjEh+A+9eKwD57Y438BKUMFAKe+SSC3aGRopIuolUzG/sFKSWGDsWgz5eyiTqtBoMyoUSPa/LEeW8NbHoWwZMinWMVVWJM0dCrUaxizXi7vr8zCsep9uZUBW2DTLDW4OqanDfk0ehpr6hvgYKWPqvSUeWYQ0pzIANBHo02eF5Itdm07EC+jFyYHEsGk4lRemiWmzIULXgc2JN6JoWsbnAOziysg4FfaNgNO8SiGHDGOMhmdowfnmzFFE3tbcyFD2r0kiAFc8M1ui47izS3SySJaGZKU6oem72hUadCUdQez8BwtUKKs+XGaKLIA9A1/DKHpkuZuZGPT/PiG7TDWHy8tqsU7xumw9NoEWlTCM3PpJoKiq4w+j6tCr4qKlhT7DIY4HkryRGM2H5ElF0NtNkMo2NjCU6By2b0uB/GQi3zlKwrTLW26gZRSAN7/dYzW0K53K6vE7NSBQhYW0ox+vQHBnUxaBhDKpljU/l2aigge20NJAa4R8RBSmUUw5I4gG073Yq2qp1TvMyA2Dblorera0PS+PVwsbXC4W6DZbru0e5tAIOqa6qkNBEQLCb4lgYMAmzInPzAjTftg8vwKLaIGcL26maS5IMxiB3FVSH6LSigPXeqTTY9jbrksDwYAJwyCfYn7iADOzru0dcRqg/y49EyTv1jGXIZ+jy60fZGwKpvvao7Atu2riA9wd8LVWY4pu2BO/SjwHJYNuxYihRHZAyT295XURjs1lhC8S4hioFvwdz63oPhRzdAaF8jHdYGa4vIB5hcGdmwls4tT1C87aIOE1puXMzEgVK7B28GY1/UyAyodwLBLSINFXlaX+wgUBFbd3dbLNWwU7dgDNh0d6DrNnACSa2KTjKCenVKjO2xy07/iAgFNnzIPejsVKBoCLO7c9IqnvtoQMiB0v61xDIPARFbw3bwIw80JPoAIjjfH+HVyOk9pgUr4sIAJzB6VIIPkuhKXNBImDRdKbHUiKHfX4f3R0AXxNEtI2G/EsYNkhdCdo4EgLFzY9T6HLMNSMoh7Tgx0KA+DGjVIolvhMYYIwaobggxQRkYUgfBg/Zw6HuN002ffoxrFB/yGD6GH9rxNTfgt2MhIF4LO0FBQIYRgiiqVhPDI18SR77zxd5gc+G8GgiN/qoKG4s2Jh+7iFAt8WkzudVUeN+qpgaZq9Htn+ZInaggaiBAtVKNNJOlqEgoJbpa1o9/4m6S9e1vfW6aUzuTKS12fqFJTxOrzQwNEhRmOOlrmuUB6jac1Svhl3ba2gzInquZLj7lxcxDBe2bGs4HmJm4Hp5RXI9NYtzlhgqxyfInPhYPRgwRiisSZkpeSP9KDcJFm5Jch83w0QiD/2oPqMkNNdhkdKnqYrkt2mGaV0jQNcOd4IZE2Wk4Kku+A2lWLtUntPLF/9CoW9cVoU0l0jreEQ2tmQ3hqokXaplRVhN8SaRl/CXciMKXUdnSLdsnJynkm/deex5GV8kj0NMdJJEXhlF204ujOGKBQI4apjn9Qn62gT7hoGxRwhHB4ZZQzDTEURmjzf7xIYWJ7lmDstGvQO2RcjF+KFK28R0S2BDHbTnp6BlegRjBGlwiJBsQnNY+CccPFei8SLu83DsLhA0fyKHTajPVXYm6UwirPOHi8GdYB4ZKzeYJXiNegtrrS0LNsmus4SERztT8U2vMQ5oG1yjFgE/dZ4z9bAQOGXrcYVZueAmJxJPLbTgYju4wDLFiVXz7EXh8cfi3AQfInOJ/T25w4Fy4L2XPyB3xcOgV1+x0G6JDIWrsQiAnEbtohLi/Bc0XavBak6SeO7cOnkJA2Lf1Egwi/oV4oavbfwsP7BF3H/zi0ZBBK2X0DnE13MXw5LAWUFAwcw1jTOFW128ZgoHAlKN+dedQe1aG41ciDnnM6PRCjVEQ8dS2b21yx1Ig6FCDEMu/lssUuPwdxhva+IEO9ql/M2EhIjvirxqhDVb1BRDWtWN4MFRpLgy3KERgIjRv0tn51Y/+/V/90Z/6wMXlmkVyHsG3wL99330INKw9aLcFwU5ETxjH+P4n5h1FV3KaPWPRUbX+THx7V5VQbLhZ4A4Z0z0/1hIpJCJaFvnIxz9/9+HVe971huunG8qGeza5I3OjbMrYhEygrxKVl1VpRr/jWpb2wIaqa6pZsyTlB1LstZlKl1Mv+GalmFyh+86FqWgrXTV1oiGPsm4ldYuu4Yy//xZe8yyMV9bZPkPL3Bowa5IZuCJN91RhZhJ88RwHQAffgoVewHE21j4s/Uqp23qx7sxobW6YjnHtdR/XDnaVlsrD9Sy8l8f2sHtl1oNNH6dIBBCvtES22llhyG+5qwytAcOM9eK6QmwicG1Lc0FZXCWQPmDVJt9NJOLrjnrDBQUb0Hzu7kpDthcNOWrPN68wZbnckLbRdFM/jQpRDWAAD9/vsvUfXVt2VeWu7f0u1lWXle2WhsILE9nhWECFUxJipn6+0oOXL8vHeEvskCEhWKWqo1D0t1s2qcSyqoVNfS2iAsVwT1Cf+5ZUfHtUSw/Mrip+hYAeGOB9AgC70pBKRntXeZVZ8uCYjG6vYBvE9FK1xUp/E4m1m5Ey9M5OwntJgGF1V4V3D6oDHUG1sNVG+wuNghofjBGYSOx9tfYRqGvgQsBqw+ACIWh+/Yqr8xgiBKTenyKsBU8O/WLGRKjLn5C6TVRuAQAgQN+/QZJEjiK2KGZ10D0IaeDspWpYeMmAYdF/zZs4q5b6qLaHuyfYggzU2CZFIhRYMO5LfefexWLFqcKQC8RoUfoDB01tYNo5jtRWiPHZTB+jEFELkTiMqie98mLFxt6LMGyIvN0YA4O3CoWou28orpDQ7GExesb8AFgFVAy7GGDBLwSc9toH+xTZ2+lRyLt2HO5Rwp2gEl3TSw3VwKK3i71hyd5n1QY44nDch1AoSN6Y1IwNN+0oZPlG2ob5Oish7Gtwud3CSl9DdoS7OLWy4mzeqZJtRGt6KHh5sy7XASEmXq+WzGX1CywpzNQcofZwxTZJ6AMfxzoNgfwDFsEphLlatyyQkq6/zVp54F+stsrqKeaHgSD0fdJW723sKS7JRClfXuYf/Ue//ukvPPzyl37P9dONiYIJTxqxfoa06aMAw3VAWZOECRcppE6rRCi3KWJOqcSsREScSRIJUc5EJJM2UUwis5+lhVCqtiudI+sBwlvjtjCpYVTfEDwKANFEsmpbWZ/WIa804EvkfnShTnRdYYrPQG9W+5K6M5C5vhjrvEYv4qQ3oNzwpdrcjamabVEF2OpaLE88QAjdNFY07pUcVAFruCnS3D6k2RxOEqtOTt15gJsQb/WNdovOfVf7iBnSB5NhK9VR0Huivj+G8xPD09oE+lyQbehVjw2TIoewlEfU4MlePpG7PdQ+8dLeG84BNNVwvS93Y6TO6DDc+YzUu1FbPMBC20ggGGIbJ0CozfkIntKOavYUA45dt3PwIdltmf0TD6/aZCBqM437Gyo5TtIDjxESno7FvpF9l+i/rFNHw9KDvY2e7FGb2nhXcV/LB1UHpFlhszbWwppdg/RfeEhDt6WjEUG+ScmF0oBIuMHeOBrWjbSMDb+xsvAh3uyqQyE/lgCeDoZggE9Po3ADsYyZbWZJTweILTGgAWpPmPcYyEF9LrYy6pRhyMfa1IJOe3d446nYa5FigOP95LxRvz17Dht+A9YcJMldYa95w9Ihd9J0gNbq9mKlJDT+RHsZUhA2i4bLLBp2Hxb/PNgU2TBrDu81rnY+oTDqcuN5ewUdtnUQ3AjaCJPcRvZOQytybgI9Gd4Fm6maKFaornbZQSVMK3NKiW1LQyf6cm/IF1jIEC29kXgGXg22kRFQU9Ff1m75UZ6ZiGi2IMr2jMcUSV0IGL/qOQiAYU2rBywLGaOEmrXQg9seykE9eRa5dTTNzCqHatN1974m5FA92lguZpDKBxESkZQoTTwxMVOdPQoTURZZyuw022SeiYgnSjrFSiyk25rFesGwqtBUDka0MLE0F5G82ZBtDyx7k0gorIVW+agYDRJYOabCTSIipiS06lw4g+LC4kr5Zsf82M/F6hsy3hmRkI2tM55rmUx1Mh/GMrCrSw1C1J0iqPAXzcTXtYV8MbNOQU0da1kmxvOKKmrWHFOZ/LeKN0z6I+2BgWonZAPZWIe1qeSxsiaVi1qqAaywrKTdFI6wmxFuRNWJ0SRDqVGQZYUgyFAeLAkBqOKoJKFmoIbJVUtAv929KQqV/13/R46T8c1wILChGuqyTmoFGxkKCz9IcxNZcpNrrRdzoISZZApveNoHf+8IvJt3XpXRxgUswLwsqg2ZrL2vArNeEu1Xu2pf3nAvIkYTVNX4hrsjXIJZVwMzQC7VulWAcIVZZ6leKfJKXsaXK1wpbVE3CsFa9L+ig9K8fNuUtRuMRMQits5g/DOzLtHX32thaL59qYncGQs4ZsF1DHfT3isp/yizoMAjD8sG+kY8DmhEUXRhvlAAFs/GR+NvNYhg6AUhF62STXBdOwOUw8WfBntKL4qsDCUNeKq/0i5dOQN11n2nB1FzTb+bDV/NZo0OrYC18VSHjNYIbN54XXV2l21oj+sg9ldcMpEdNqlDSfvMHePARIfPHn95QKEDH8CRrazYE3duAxODz5iFZIt6evmJ79Hy3QGjaVUwFgCUMKeKw9qtiLpQHIoaM4fwHGLfSE8VlFYMx1Y4J4LsCoEsxe4AJU5w4wqBPK9NbtmxsHlV4KsTiMWSvmPQ+YgIWjeKtHM1E7j+EWQ4glJXsTDo9Jvm6xcGRsLhtES6Aqn2aLbTZL398pabZVFffIE3+qWxCVRcMayMoxC4lFQCSZI1L0zzMAfrZDB+60IFUoTsjAJhs7o2Ed9WwCy2+ayXDLOQvlDdg01Z/+zsYhh4M/LeLGZGisfJg+ZlJI7yUJgaepjmYqIssgIrAq04Xthwu1bAN3GEKVBSOZoTZ6aLKxGiiaUsp5FkIc4k60qrSBbTbiLilCglTiwTU2JOXPcuk9CUeDuXmI+JKGeh+gqMLaHie2NKHazo+k3HjIoOmS1wt6YYfnnXIFI4cSIu007cC6LzZJmZV5GlLjHWQ7a40VSmXDWGOBFrySLZMh6WXxDlT4SmSZ0O4CkOteGg6Z29wN3EK+SuDKcqcWor1RFrNGBxHrtHBNAjf1vJ/TMKn5xc01yb0gg8a8cxmlBh3k+fMqjyUQbWRp7RvR+CqOATFEKsZ8KIHPkAV1vCplAXeypMjfoeQ2E0fHM+ESQGqWVRPg0cBqughMBSnAhzz2MTx2B3LdEgq35/jjIa9aN+Cyz4fC+4jFDPnoa68SNs+eNOIxsM9T9s8gGcsk6hF4lS2bfDBd4qRcRVx96peq+OejaakyHi0ZY2t0fvrb04s4tZEb9iBjgIpn7CcR2nOytFMizzFC+GRWWwJCeVLSFxwDkoSViNaeOG2lznnR0/2zBFgv0OtlT0Q1Xoh43RYe++bhPqmG0wkB0dLPzqwQRwvg86qgMagVsTQJuRQGHDpbEotN9gIQKPsBUx9yugdDgbGaW0gqRMhgER4xB4RGARRL1v8QBqbmMsXIPzGl1wqz5KkdevzGG2pJlpFAvIRNTGbODCgOt+g6cV4YDVXTaa6+0xAnRXgFZGdvZVQNzzRgIBnd+3cTdJlfcATfGwoLVhAUn5MHhzzf6pHRYFklYxyNN2LSRZnMTwTNlkLzPYeGxcs7n7GMATNfXqtsCmkAUwRe2G4m9huBeA0TLKg0POPbaJ0Yz4Zv62hYiKDVWV6j36Flzzfn+htY2jcpLdwC3tXVWtWKKPOzAiEqohOQErlX8mWrNQXlfJnCbJbSBSuQiBfL0B8yNmSz011BXg8ll6WAUVr9PQjejU2ZVe82ihHFDOo4u9oPDEfbmNZhwo/BQL3/VaMq1gIa3TJbKkkSMeeB8hN/fyuXyZJr5c6dc/fvErHz57dLHMSXKJZzMJUV5lFVlFym+6EfMklIgopZTKEihNXF+bmzZMQsdH9G1fc+NdX3YkIuvq4yS6WshOK5mUirxQbjhCBdlKXqG+RWWrOsxZZJ7qOuWaKQslX7ekVYiEJ02WElFiyokk0zylJHS5imm6oVOxqMRcJ+TEyXBZT7BKTEK0MGemzJK5esJVDZwJczx9ol4f+M1+izmiiaNKE7WWQjUVL1rRjVnrEMEYtBgVvjMMzUEfN76UjJDr31/Y8hK1tFQzDLJoYo+a3I1RkdlFZ76QzrOS+23cZDh28CIooWbINBfgkRTypnY77LiaRudAlYGxr6qdmFdj2tOExxZ7r45jvNHKq8egJ7X6BGBt+thL6Ui4TR/1IzjUQSslehmAeZmMcEMrdx95KAIH9ZALp2DgqjgA1t7gE/1CYP/A9QRpOyuCRBwocbg63CnfG/k7OZ6JCHvTtRluy6ssoRNYTFcqurlET2mUbK3ajCNEWB6BtuAc+0aEeyJi9vEA9D+oPIwfOujbj1Wv7SrhEWvcAmOmdjbM/XEb8/BI/ZjiQKtX1gCxE0IYr+jzIvDu2ZC+D2ilAbuqVq4/XcU9e1JDb4NIePCU3YW0nnifre1L2L2GC2oJBCZiP543ElW/mh2hFpoOBhqa69DMmOdwuEOTl+rCHq3dmrl2UnqNIVXbntOs6tZIM/h0f7EpfiWd3UTRsfSz38Bx4OypIn+MjaIIbZvDYX1gTWGSoibm1qCfJ0cHTcMeH/Y0gGGBlrRg1IBxl3MW7cUBWoimaXrdi7dlWYWZaxje2pG30GiiOyDrYnRJ2FSo2RIJKYmhTbRSaNv384f2LnyP6RmdeVvltR/jbeFtXzp5pArxYiJKabp2ejLNm3lOVk/qcJgHLUhRDKu49nFrdk3Ml4v8g198/Lf/4Suf/p0rFmGWsgBKlIhJcnlHknLd7cKJKRGnRFOq+0sTCxEnmYVJmC52V7/ykcs//4eef/dL27pwyrRWVapakgBuMTVVGYMjoBDnWNcxizKYq5hSuvtofXC2vvT8dkoka21/zfKx37n8Z79x9uVvOvqOr75W1iez0Gbm3/rk1f/wSw/f/saTt7xu8/rn51VEiHJZAk3MJDlTIk3DcUr1i+QsVzvKUmazksscW2gVyZkpSxbeHk3bqb4OGGXOrhDkntz4RyiGXPWe9ZHKfV1pbrNWg9eCgxX6rf52pS7EjjKobh0K6J8pfPzqbIboQ9NU0RLbTUMh/ojWEv2Q1I3pITqpa4ZNJd/gHPQvh6mbxjS2KgnOAHsHpnxhmZv9peGMeOvblQHZ7D0LvsFLqh4IHcZht6im+BDbqWbej6Y+rXESrhR4g1KgKyoQfuk2AVLYCBRMP1Cvm1HYymHc5vpkdwgjBEK9YoK0E1xc6WsNK7gWdipDkERVD1icao4S8vfptTVBEyAqWGiBGpuSgy5Z5OdZHNePgiQw/qCAgqKAn72ksJsORVG6w29PdUnkmoJLilGE9cXcriZytRWCO0KuqO0iOMSosG+pIEXn8dRMTPcQFgXL2Nd291q9GVq1/9FsG2Nipi5m4OEkFufV3aUQaEhkgIGGcTiECGXacAQtr3zttqOV+9YX4qmZAnovsXWDvgvFALVxVaFm5bKyrfYrtVRYla5Nhvxlu5lcsUcNcuBuNPJmoL3VOu2p/fY0SaJmch692si5D+8NO1IptSY11IdYpls3i3VNqnFYSCRKwf7pyODmTz8Ftee4SqJUdATq7BI0N6CZ9c0Kj8Ttm3GqPq6rpk2qZNBp3MCIpLlkUDxMrXXHFUXF2SaIwI4aLYQSbaZJFDYbx15Zg907PSaa2Apex4BpsH/eEqUi4VF0aYTKUoQjAoPbhjWdQkcOC4+O3IVEzqucnhx9/3e/hySfnmyIKKVaM3SkvTgIiMQbUcgNDJLLxRlq/AsPPllhalRbu5ufYo4fdQh+ByY6/L3QI2Hdi1qv78On42D3db8moTSEjrbT973/qzPz9WvbXE5brTOggcMVnPODfdRUvNFIIpz+ya+e/b///r3Pf4GOt9spCTOnxJkSST2MSCgJkaQq+mmSOdGkK5+JSNKassw8CaeV5CZvf/MTlz/0I6/8r//Qc+/8snm9lKW+oUpS107LTA9moa30DlyMW9hEZLPhlx+u//n/7/O/+MEHf+HfeePv+Yab80Q5MzO98nD5z//2F/7mT7z8B3/vs+95+8ntI77aCYksefrpX378F/7Kp974uu0f/X03/w9/4qV8uRAxJbp/Ib/x2+ePH15NTCQ5JTma0jxPmdPtZ9K3vP36o4v1//tP7n7h5XWTsuQ1r3ldZc18tQoRr+t0fkG/6+tv/dFvv/HwPG83MMIhyIgbvtkVVnpd9uetKsPUqTFo1KJRk6LYEcLAtgC+A2Ai7x1zVGoI2BBhY8ViG6PtJ0997bE/28YcFkjHLWi0HDzlE+OJONdAuO0+DupKc7N3vYf6Vsoh9BwWNaqshydK40m9N93xCJ/7ohb2DTcaMYgP2umBPfi17orOp4sde+LbQGN41Wooyg6x+1YPtweOgKPsusI11h6quTMsrdr26fxwx60DOHuSPxygxZjwzhnpC0WWjGJ/JU2wXM+bHuc1IC66x/FgEBGk9IU0JMWnvqDX9N9ECP1KI3VCaSzyNawjjGOxvshT3bTeMUbs2x9Og8cLvNAmltQPQXqypzxQITUiatSpVa5h1r4UVBeqE9b9yDbwLhLuAwTpwlXfYReOk6qlthM8wR52wuPG8CGm7KddBy8IhcLt0WJJP58LpBy8IoA36Do+TQf9wcBEWTEOgX1IjBXpAIipqd9UaEklQqtHfAc38xosl5zFrmMoYT1g1Ffh3dfU9Q3DQSPBrEBp0H60qV4X97XU3N7Hd6Mm4xaGdTUIjajbFWq46xqsxi3F9jkLpYne8PobJDUCecIu9I7UseLrotaQ0n07WNEuxkR0wznDYIU4XpyGtlJjzxrWcWnAEtFx3mc4ycp2GzEA6aCjzovv2kqJv+KtzxORZFmzAN5qj5UHFt2u7P5WNAtUPqiabjf8kc9c/d1/evfjn88nmyTTcnosJ9vEnKRG5sVRrHXan1JKNE00J5pT2R/NQrzKyuvu6nI9320ysVA6Odr+2scu/+p/f+9Pf98z735pc77LZUJY10Rqgjn4bFY5m8J6koKIOHEdBaoTb66iZ+YPf/riJ3720cc+fp53n1mWN/3e996ck4jwdpNeev3mmWv8i//y1b/xD679qe95njjPU/ri/eXXP3k505ZWfsPrjrcz7S6EJ9pspwd31x/+8Qcf+diD60d8dXnJshzN85Tmq5186++6/i1vv/7osfzkz1z81kfz9ZP84OJq3a3Lwhe79XLJU5qn6ej80dW8Sf/u774peWWe2QceQgIALBt/1nGqIhLVR1jA8DUBzKe2KTdy5dEd7PZAddFwU9sLLWh5CLDiPhkfuLpNXxU1UOGkY98WC7KtS7gZs3Fp7behhQSVUX32g0oEgmzlUFBQGjT0MVmVhBio1fdnjUVbmwqhggEk+YpQUOH96A5BsNHmHjFABFQiIMaXRY1+o1cjp1iy6TqwH72buujOL7q5WoChtcY7qCKRUWlDBegG1s5Jl1k8bx2E4aMjpmJFu8rqJezxbIFdH4BO22EDLkBiO8cI5OMNRq5h1wAosk8+fVxaX4gRCVQL/q+JPMyuYpl63k9FSWsclFlfcNJtKbaiJtSNVPWAuCCAgZuxakYBAi9TUCdK/D7hBaGT2O99MdBglhtSqUGqDjawn0xHgf0jZvehc2/HVzl8ONoYRF/wbd6nEnN1iELNsGJfYB7YdbcS5QZeLM0IZzUOl4hJLIg+ctpfIzBpRMS+w6MAb3NSnkA9aFbtS7xku7CN41k1KSZPmqXP6I40qzGKFHEhlFT3zG65ERCHio0+G90wiUVOO19KrnAMeILEIHeOqdjKOJsQmBpCa99CYEcHA5XTFnnMoSKz3auAThjO6usfZvSIKDcNXYKccBSpeeLPVe/V3lVWweOCmlG3F0zx3EjvarQMAtfwiRH6zSWO9zZa/3GfK2zoRYeITDBVNAF6W+QLRDUpP2QH6BH8gPQQBSOKgvNuDZvVe8DWdStbCinBtp3BGWQfM1Bttqd112WBewtYhNZFRGSaoL4TWXApZLdZUD3cZBj9foxzbFwCdIcVZwCRgGy28a0IwVw0E9Fs+E1x5Ayr6xSUudEVFZqY8FQwKudRGq7NRQHxbVEkhdDhMRHlJXMiEcroFlyNwvv7rEhoWqCSoPJTESJ0tEkf+dTZB3/78vHFZpN23/yNN9//9TevbzgLpcRl9StNZZ4tU6LEPE00MaVEiViEVqKcSfKSEv/Uzz/8H3/hbLPZktAuy/Zo/pWPXP7Qj9z/U99/66vfurm4zHlhZslMScrLlFSBCGKwmgbywaJwcCYT6RS0DkOmvMg73rD9t373M39zlz/08fP/81/7zCuPXvqj33ZtO8vt0+nP/lsvvvLq+V//8Zf/1k/dffeXX//Orzohot/89MU/+eVXjq/n7/n2m3/897ywWzJv6tSaic7O6EuvLsvN6Xg7bRNdXKXlajtRlkWIKCW6fjRNabl5Pb/pDZvzK6E0EydK+eJR+q1PrzdupmsnNQJKHkRWRsfv5eG0LWDlwYS0NgtWNDj6ZfB5sGRQnGOd+zpy7dPQxv8bscpOsHXz7eY1yR0cO3xX4Av5KQ+2+t4jcUXdAUzC1VqgYsVIvJAwaNh0hhxXZVCOmhYiFbBPJgB2rGlNdrv4pG3UwoeelwCX2ALOavbk/PryShLhx9e2hB3FooIL52r4aPufIvCmo7ZfHKh2MKSl3AOevrqDk+CD4NEHnes8t5xRXBsfiSf6fu3B/HAJIFqt7y9FxEGpLkiyaIHCCzENK0JNn3GfJjxiMJ9Oi6xRTwFgsza/8rjRiR6yI3EgrPlArRqBjSzgT2/KEDUi1/3K0Z5onnXvOailGA8EQY/TG1pVJWke6xyg7bElJvDeBNgWxLgF7XkrDVkKnHrerV2pdEtC7wY1tbUDnbH9ExChqlQzmy9PhtarjzqlMZ/irTeoqU3qT9cO9/WMvGpEgIAGbIPuCwqqCkTo3eqAhHnDASBt9vru81xDmY9XbtuQY++1b3kTWyvlsE6F8RbHAwqHOL7csemq4wOodttcsXc0bgvEO5VsV1pRizrS1TwVUMTvt8IZiMbfYuRWeoPZHWZ8ei/fL4e3xHsjnigcaPLgq8r8EHlYvMcytIC9ijQMgewrSDBgjHR1IaRKzCmRrTlAJCVdcWofjFyyRJmYZAYiikBUlDw4UFSTqo3Bw81DiwohMkf0tjLtSRWKsuDhsUyI4Ieq2tAdxBActgh9/DMvp5S+7PW3ppRW4tSOLJh9rVRmO4qPNUeqTQoR0eWlXC202+2unUzv//rT7/76o91OKLNQtpCoHjJUXvgMW2ZNWImYP/iJzbJOxHTtmE7n9dXHK6fpVz/66Id/bP1fft+dr33z5nLNeeU0EZXfJim1k7ajSl4pNudkMAZ4VpkUJqKLHd25Mf9Hf+T5l57h/8d/+7nf+uzVD/+3n3nnG9/83q88efXxejTzH/zW537sZ169+2j3wU88eN87jz/7ysWP/bNXPvvy1UsvbN//9TeTrA8v8vVr89VCW+KJKclydXn5xheP/+QfeP2bn02//omz/+YnH33hS9k86vnl7uzx7t3vPfpLf/otV5e7ldLxRk6O6Gd++f6/93/81NF0tOZMVM4HVj1wlkDD7Qaj+9/rhJB105Wg/EX1G1tr66vzGoBM+dUrHwHPohnVGP/AJ4+0ICHSxAzNF9HlFqb2ZOm9e2BEPVLL2fgdP8Pq8L2ti60QOdxgoG5mbkHn4AVbKNr6NO9/z4Q1cCFkgFoIGpMbOz2gN94dDhMsJuCoFu85dkHjri1yOqjEaL+dBGCw9i6L7RVarect8bDg/suK2gDZ2g40PRaw4PiUSYV0W2hwhYi76p3OF2ekmI00anjW7PqBzvwdpKfWT/9mXMM7kHWpfxyUVK4tRdLPHnWtiQ0FW+KGdIqCj4++5cW8kIKgWLvSNcihE08JACHqr0eZnYZnXy5rreQQbo/m1DGcaC0d6K0rYjasBxV7L2Icjj+07iBRDuHSE1zTQGJPanxfK01cDmGfg1b7xbsi3SLF/rRZfz68q3Y44yq40Ngwqg9gQaNIRBAiW0Zo4IWhBnklUr2Gl/qUjdIoEWj9a0C+UnzPmHmo8YQtjsGgGr/cApSEb7H8E/VrD5kgFoypsKM+FdjjWbOZHHbHHuh8FHSRsUkmPdALdzcN8jQp6T3d2ioiSZR8w86wKjqKKALmgPJgL7J3iBpQGXm5fjuPMTiIP6xWMZmRY0jMl7v1ox9/mdf1ne94Yd5MQ1atU8DY0rLAN7fHIT52MuqoQTb7hpryTCRw/pBTiTNFs/ioE745IaSBffETG9S6e/PHT7/LPGdilnVHf/fv/8qa05/59993++bJusuUmEn3B0IXXEOwHgcDaJbnU+LEnHO+fpJOJr66yhcXmWyLTdmGVt72TDwlmpLYsbdUpis5C/M00fl5nliurpY3vX7+tq+79S8/ePbTv7bMm+2/+M3zy4uX/8z33/nar9he7WRdeUqU2viFDNmHuQH1qiBM9o2cZxcyzfLvvv/Zq13+v/83n3rbm05fet38+VeW/+InXs679f7D3fXTa8uUfuE3H18+/p0Pf+zhP/vIxfHpltP0937u/k/+0r3vft/tP/wtz15eZSbeJGHK607e+vrNH/o3b1/b0Ne948ZvfTb/1z/ypYurEyISygvllXgz5edPSY5n3Rosm81KGzna1FXPxLpqUyfRYfzFRodBBgQqX6LYhvMaEZpfaAZWy9aIJe7/wMyT4D2UeD37UHQWovtkWBFdEFqM5Nok4qaoKUYjtvBttPhHJirwvAYfat31KSvKRwiOK1oN+vgDLA9zQo1A9JF+1b8DKBZvDmfrnQFa+Fim+O1ZKRKKN5ivrQvEJBGI+hUTAzT20hYgdqlZa4stUQWx7Ggk9Tvbl/CkI5Iho+iOl5o2nZ7wCr1uibUQRxuwIK7OWCgOYQ1DYYuUWgG4SWc2ZBRryapuwmi1blsg3So+kTIfC5t7SxK912rS04dqwbCbS0UBnhhNElFAwAaqVG07gA1SlRUL+DwMFwxebMFY9cQnkDAGjetxgcNNJrZVUCo7w0iS9qVsd7ZVFdBDt94tBCizWKaMi6oKjK91hAErCKXxLwhu1SQUByhWDSosWMVIC9vwTGGYQTHIG2cXcOVcKFg9R9bI1MkNFm6SR1wwgx2uM2OPgtS2orKSAWydjg6NKi6GKXTdi2ek1xYqc2zCtGnB4H0NsHSzYgbCwjBbL82yUmNsiB5hSUqLNlDniDKAUyLLVwDrVgjW79C6SD0ckFgt16mIG2VHLHRG450ha+DBGs2vhEjnLGKYVnpkUXngbtFKNwE1gJsEd4IpOiUMv5KBJOMQN1pJuAjkjx1DVcE4PMNvQvCYo3YhUGlj3SHqonoonbiidagW0LgAirmckBk9oz+FmR5sxqYgdfO4CqoBeDF0RHKaj61xa++w+gVNAkQ0v+Lj8+3yj8OwmYsarBM2Tens/uXf+fFfEaL/3VveP21IsqQU1LnEGshIcSWWtw3LNvjTVs1XV7JK+L5NCv5yiqqr6lhTjuYBjMLj13ABjI4rBpUb/2TLntwSUihElEV2y3pxcbWuuTwHfofBKtwE8srfbB1ymcZyorSdaDvJMmUphw8RZyFOdeVznuoqKKpTSrQTLmcR7VYWmjLJQvl9X33yjW87/szdux/6ZL62mf/lh87/nxdf/NN/5Pn3vuNot1QzqWbbiK4zbgZX1MqVKYtwoplTXmXa0g9+53Pveuv1WzfS65/Z/PrHL37qXzz8yEcfPn972pFcXeWf/Ez+kYvLI07b69ssF6+eTT/+T8/nY37v19xkIs6UmDiRsHBK2w3Tbr3MIjmdHHHmdLUUzZUSh1zsaBXaLUJMm0TTxOvVKlfr5mQqgWHi8AOA+739/qHHfFgzTeqF1VwHwgso1Chu9SPgUVuwHCl6QHdQrRo+jh5Dxx2dHCXwlFeTX4+8RT5H34b9xInuvstty0HM2q1ODkt2gc+TeBwd39CRur9Iw0WDF4NaECvhNGkgT+5GHb73JLmoezWwIiNpWK1uKAoZTeZ6vF9uNNT7Rd9GRK/BNQxXgVqxH1h1GJ7V5PZSJS9R/FLhcl81b97zI5q97FJBOtvEl4hQhbTxp7hw+kqd/AOpw+uAflr7bviMWZ3XCLz7L1+dPqCceGevrghas0MWa7jqPfqHfplMZOAVX7OaNt0NJhSxQR7obEDdJ+l8IBazLqPnzHZUUZn5h4jZsSCuzXJziAjKaNQbPN+zgG9xisNWxZzIctt68dXRYkaMPukVm45gPqDQvT/HwoYg0mceAbB1HYxDzXYK2hP2BLrDQBzE3V7HDneBc4xWmPucUG1R7JU0qhA69LZP4TKk0fYY1fI+6f3PgE5Ng2OL2wtfnmvSH77IuSuyp27bdXASg44IA9ixoQ0vViJE02IyTen4aDOnJHmvgTe7S8SNtlXFRnNgk0JNJNPT8N/C3Zijdv3Tp8hx7a0ZyOruPa/gaLXvneyahh3hS5stPqTw5UamlVDWmsklPRjC5eghcHQj0uuGEFHOmSRXf5BIhCQLiXBKwqmqFFP9tZXqKBMR0brSulKaiYjWneQsK/NC9OBs+ca3nv7FH7z9wz9x9xd+czk92v7qJ5a/+iN3//wfefYb37693NVVHHHh+PkgOu71959LeNFJmBTg6XInOWciujonZv6Gt59MqSaqrp0c3X7m6s719fUvHp+eTFdXy8o3aBWi9SrLw0fyqS/Qycm0FSaiDddDfRNPWTaXl+lou5kmeuWVy09//orSZslCRIvQsstrnj5/d/qJf/Hg3v3Li116/pTe+Pz0qx/dncwzcSq7lNG/ulnWEWENzJTnuq8L1zkqq7h1oSa/tSHzwWFXECxbeTu2gApCxHAYQw7T6QGWebARbFvXgrgpbFGBx1xiOu+41u4/xJUslAXyMjrnRkkqUSk811dSa/36cpPJiHGibHlXIj+sK+7EseCjM/CAORGQ4/4Hipef4BP2YrCtyBHiZuQmEBNLVvnX1UPNzPk7cnvDM3v1QeChC8Y2AOk/XkpEjJpuC7PHEqqliKt7X7RwXGjFBrdMZUI4ggnPGmqIE9IlnhVVwVz8nXSQUl9RqagUSDTD9jM4fmzBQkOERdbQqLEAfcZU5mBCpjyRPEtVukKWQji4ym2YKPom2KZuYZV8v8rQFbpQ+ikojE6ztAICY/zgtogi4DA0fnIU+GdBHcSFoSKz6IEVKsRUhHA0Y+fhalKEBm+qRGTtimEibLm3ZiLs2k+2hNsF4FjtyBELixDSw91wB35VajoijfYyDjAukRlEu7RQblYuWK6Zk7tDXWcjBV6Qmy9CCLMrEhg2ZKacZCBg4B/8gSdZvEVvoUzOcQswXDp4oHQ1EjNqDEnK2pUOJQAG/HXnHuXVjRqpKwU/EBevou2Yn21loYqhtj/kUU9x86FlTHXFtSfrwTbkViPUwmQ6HpbyiOpYswkjnOkaaQ5BAeokEbye0NRmFIwQMdnvybvQJMDF2O80zAIW9dMG/WCZMlPV4IN04V+gQUOKIgZ0Z+p52UyzQWDFMVZDEDIx24GkAW4xckQQqssoYv01UlCgNLoc+RybY3cewfejYzZFNs7xqCgSEcmrrJvSSa7TEWp1CeUAuu0bxVW1kV9/jbZJyzqAA8ldXC2Ip5GScrXzz31Xt3s4zm1HaYbGQ4wA63CX43v1dppXWpU26yXKyDUTWhhAl1tAImLmLExCbMlWJioOTqhsuCV1B7W3ugpLKRERZaG80pJ5l/gyyyqJ1vUbvuL4L/zAsz/0o1/8+Q9cnZwcffhTu//ix17983/o2fd8+bRb7VwhfOEcSUXv3frNsu13M/ODV5cf/bkHv/Hp9fZx2hBd7vLK67d/7Y3v/sYb51f5/GK9e+/yd33V9b/yv3n7M8f04Fx4IslytGVi/vF/fvcv/5efk5VyMbhU2UmJT46mT3x+99f+wd2bx8sHP/r4X/zLs+un1692KxGti+wyp+3RR39n9xd/+PPrus68Wa+uZro4nTc3btxYlt2UNkgvIzc+AOQq4iirYGoGEzQKQg0YXtT9bqT3XzCvVZoUsBT3DMkO5WjbZsCpAO8AKmLF9jXZPjhkR9HXBoNFGkMwZNDkBTBOqX5P/Da2GUQRjBw1tSGi1eDBjzoCVAPSh51s3InG/JnzBzvT0KhgHhtccKCuE50MAqZQS0AI0dlbo+bBYeyFInC3u3RGuRG8dFVtFJo06OeuxQZrYCdOLQXlLc9QZaID7nrz3ADDTRpQWqcPkPSsEi2xRkX+UC3knshm/9xMoZDCYZq5tpMB0JFERaBIqn+R7EGSqe1+iDBFae97NqTFBBRyMN6gQl2rwf3GGkD+oWUck7lhYfu4Mf9Ib5OK8g8Dfa7iG+b4hCxgLV6g38GrsR63+KzzEEj2BAGGa5isNOqaBqkAQTSPhn6bozRxuCoLWw08N9fmb/7qkgwnQ7JPFNRaiwYyhfcMb0U7o5pbCV009hg7aMqKxkqtssTNMJ6YGP0ArECd8tLNQQVtqyreEFVE3FdZIneB2vbDqEzhaH+MoX4othVmTJg1cgXBgUOtNtvvYh7w3PXLGH+aKYR1QaCIXbTBlWhcCXUSo3vq1UE/AD34HgF2qLpoP5Vd2ZdwZpvOZ8Lwibr8/cMRqWrEgzN/n6kGKbhSoJj2L4N3hgTcSgRhfXlkrxyHbapFU+JExMLZ45++b8RxLdYU0IxAQSDeuwqqRJe7pgqhMN7BLE8H73N1rpiqUE8o3bFkAzqMW3x1tZ2sGgGdH+0I2u+5NVYgmjbz61+8+eDxRUqJyBY0gENwcsHfdW2L/le+MNX9LWvmzLW5KQknZqI5ETNNidNMU9uUCBGtVfKZaLfKKnx1OT0+p0eX9MX7uxduzj/wHc+9fPdLv/mJ82unm1/76OO/8Q/mF3/gmTe9wJc7qacZObbvEYJuj1BpF82VKaVHF/nHf/aVn/i5i+euT7ysj8/ytSN58c72u7/xxm6VJeerVU6O6NaWri6Wo0QzU9rwZqJ55i+7Mx1vJdM0JyKdSDNRIjo5mT75+d1//F9/6vLi8vo637p1R3Z5WYlI1lWWRbLkaV7feGdKwpvNZpH5ascX9/PuYmUWytUlsIlasQPA2N1GdNQNEvgom9cOcAIJgwGU7gs73AA8GaSQ3OJL5zX3DJj5DPeGdbyKITQJ5ibEbK0sJne7vqxQEAVimiPCnmn5QR+vQ9fsaAyT7TZ2ERji4sOE9ICCuuLqaHiwc3Pd1m71S/uIiVSUP9Iy0amJyADuLKbaI7eGZ/QrEm4SOaKisA5mSdRVdGuDjqyjuIQ9DPOXdlo57xe79GVG7qxJkrVhfesp2wZZVywO0gC7XoOFEKlRhKiJ66JKAH2oKwAo5rfIFhmKxbAuxNlkhslWEbpwQyKn2F2roWRqq6KDEg41iijc/nrPnsln/QJrE0y6ThX1M8QmbZTiEyBfkhzpwoClqOoDCwpW3CvTWA04fhaMPcTVSjq5+zNIyvTo3yNPH2DFatwqOVUNMR73mbN7CelvxhAlgqoDBXg/e95EUOoUhwq4z/0dcItawJeVmopw7XMrB3bmVJ4g+lTF7aFnoDftNXIoe5g7OFPhbuUztoKytRFlIsgB9aRqkBNwKbzxVy0et1CX/5lHqtV0xPpPJYSRSxkyENQIaKLGEAg2RYTSnnRrFY1aTPDm0UXGS9vuh3owWCCQks3APUF7oBokXp+KRSkGv+pb9vAMn5+gjx7v1NJi/1R1NhIcRLkGKXvV3rZtCFFZ6WSmzdGc5ilrrNKOiyNJXGfRwMCyXPtYClmGzr261BoBtF9sbDy4nVVWqJ6NATsF/aTRN4MCNHdz5cp7s8A94JPa9sk1TaUoNE/8B3/v11xcrtevHWkJEq3oDl5H1STXoLW4SESdrpT/SrWJiRPtclpWmXR2yYk4UyJKJMyUhSQzkcwTzYlSKZYoJ5l5vXt3/ev/8MGPXOMv3V8mkaMk9x/RZpOEZWb+wEcf/urHjl568XrdLhadnTTDXFNRrsEwqiyZNkwv3qAXnl1fvEb5In8xL7dPp5vHpCJd66/DTDxtkmSaZkrE08TMvGWe8iqTlFnwVGahRIllTuuda8u7np94c8K7zac/t957tEieiGgVvryS3e78a9+2+V/9wOsvzy+38/TM9XT9hP6Hn7/3v//hL5xutnk44gL/s7Cpj/hz9MMYbMBdEwoOKdW86ajPOnXs0NwXhQz+HHm85dJjbLkPWWL5tgvlgw2BkCn11vA7S9wjIhFZXF55EW4At0cu6rTJi3YE4BMI74AE0b17TSosIIkmZOvGDsttImgMyB1BIRdjaxXBpKikFoCrwoEy+jRM5qPf9YFoBkvIkotRNk5/PFQi0K36WABH7birAksZqo6awvC9RlpyFHdGyG9e3ZFChIRKekIbdhvkKYgxh9S7ybbEnmELVRW9ujz7taSYc9GYoNQRHqW3WxVykhzvw6Y3qr7EBBN+PM9mg0zm5ckjBjbVVX0m36pnHUMGupcSrOKCXgoLZaVbNEGjq/5xChq31cWX3yqjGHQIO72Ko2EKJdS9XmtJgZAciDkgSMBhY3pWDpSkUXSCiYcIWYFUjdc8UCIRCa8ghXWUcA/wnLuikfA4ZKVa0ZNIYxOamPpJxyB2wyRxYuRbanBoArTXBsNCuHJnBtL3NEBMYAmMgNAeyQe8dqC21tTWNpjqORk9CjBQglv4GqHhVzGPDBeqef3XtUAzEJBu1e2J3ghszqw1FXeg/+bYoII/MW9ba1Fzif/tS7S56fC5TWdbflNLwW93w4NG0t1gg7+y4XNTZD6QiOwaFsF5WtVPFSHBgPoeZOd6/Fpjs5+T3Ewhxe+G4BDhCWvwxEThLkIaQ+MHBKYTDaijBjKQTkD1UAnqja6wzdrkovMvqa4d5+StQbF74OKXut5pu9183de8eTvlaeaUUrDclhkQvjvBdmjwK0Mgao8gJdy6IAPhwENHgvn68flDHJShbaKNfrBvIzGeeVg/H9J8jxX6J94SE5GsWW5eP759i0lozSJhNQn9b8u3j3N/1WfMnHV9hoTSZpN+7jcuf/ZDZxPl7UxlpZGYc85ZJGfKQrxOF1f0te88/u6vPznZyJrlmdvTZiOPrtK6o1/8jatlXTdT4lU452nDU5ooy5ySCF1eCRHNSbIqadW2Q2/Wq4yVcGa62skzN4/+zB/8su973+X2KP1Pv3L/h/7mby/zUXl1dFmIOAnNH/nM8o//5eMXb/Cji8yJ8iLbmZ+5OX380xd5Uc7dcIRl5fXym9598p/8sTc/f3vzuZfX//D/9Tsf+eQ50zUiykLnWda8vHDn5L1fcXx+vj3appSImd755seUlk3ajklnEhgxZ8O+DrSSiul22LJHNoOUoTRPpdOG1vG9lstIDvszn6aiaawFjVRdARSKixk96eitiIgk1aM9lZggEKwPHlq/hq6K5TL3BhWup5IYDvE+2eMqFQVfyGTT3jEffnvPxhiM34YEQ4MS/lgL0cW68BD3Y3gW4Nh6CFVirNhQdPCsC2s4+sGBgjzdhTuWlU7sRpseSq8JMIfNHzw0hNq2rcXXzs2QzuEilZj1HWgoPC4mxsQ+wQFyn+6qEZad+hF9eXe0TCRoSGVou2lSmgjDV+P/1a82LB4V6OLdpwkGtDpp+FwhMZr/yC5EY2D7dmBZcg/VvXxLuPqUPsGCni46jyDbUh0LY2zf6sZru7pFyNdQMRISCJA9Xzv8gndWD9sZ6WgPS0TPX5Izw4jO9n9jLDg6pWpMZJs26kmsfxo/5J+ireprnHsvGf0BVjxuoSqgvTxgEBAO61Jn8xRqUH83K+iqBQUVVw5dT6dpQ2ftDvMpIGIY40Uihg2U2VdY6+gq0tjltNO/PYR5ITWNUeT0tGaMS73YAzPTssjp0ea7vvVtRDxP9S14p/+Ap65kvWZYGCE6Ue+f9nNXk8sizDx4/5NVz6sEfYGzBeHmUU0uYRqb21d6bMMYzqqZXSH2WGrcIUwkIuuSU0pShczWPRHp7xAoD+iTdNYBueoCsiR1/0NOqWbEmTlx+sDHHv/k/3T/aDudHCUm4ok5SSbKlJiIc2KRL7xydbaTb3338dFEWeQ9bzt+90u7n/vQ2UpyPOVpEpF1SjQlzrRmyXPaiMhm5s1UJcC254uIxI96QTmT6bbGwAqCvApxkne9+fhdLx2dHk9n5+uyCJGkORHRVeaz3bQ5Th/6xON////0oePjabfQui7blOaUjja70w2//PDo+AZfLtgL5yzrKs8/s/2y507WvF47odPj3cpCPAnRkmW9IibJOedMa87LwpuZeaJ1t/LlMh2l+jZ0NGzHWvZfuCDULMJCNe/Dlk12dx4UL9ykGGtaBIOdiOsMq5u2hS5UeOs0bGo3jrSk1e1xyhaXfNkLXYONZsl7joGu7l0I2dlRSa4yq63hhgckCAM75UojBJOM5uaFIKKyGYQYIBkXKmeXnj4NcUoIyGIow0QScMYIpoodlQIcBQ5CLrzUHTXKgy66tWlvkEA1KFXRgxrl96UvI3onvB/DjK2iRiG0IWGuhBjqcB/0DWJmMyoumQgAk3h0A3RtGkz9Y6SuxiGN9CpRuu1I1yUK+RL3SAUTEj0rDu0TRNHQ0tmyt1c1rQ59XbgJcy9orBhcJYpZV85YM5o+gxCQt0dL4nspwsqKchAJtg0DFJTb1ARK6zG5+sJj8GHFFt1b1oVBHQf1DTX1BMG8xHBEedSGtFmYLQCZcMdHG0y+KRVFYeLHt3LaF3lMt1TKob6nC22duBLCFajadpxpUK3qM7Wx4GlCJTMHT/eTKqr3HSNDbs1H8GublnJoEh1KUlDXio0s0YtxoBvfx6nRDIbAcNmsUtWk+iLpJEnUvngagkBWiRD5PjigP6pbgYvgHNWnuJRspFR0ld92gx5S6UrHWkV0rsSqR0A2EdUT6ALG14/oW3spuyWF1X4KJQKM2dYNj3VNCQeK56Fpg73D9x0wvLH9nO56jA+TeHOIg+/5YML7RmFpQnduoC40DtpXLmM77t3ivECFQqyHOZmz9k0LZvAIGuSLM2rAhocEMlMNdHxToYN+akklzJHHNVynMKCQQWAKxJDPc7jrtkXB+qT0FhroFAif9PCpYGXqpyYurw6y9SxOt0ZDiM1VhEF9G0WvXLgv9drUo0sQKKvCYy1nsISjZfF87h2F70VEKBxlMV2mmJ6ES6nyRSvb314o8D29qu6ufNgOMFHLc2ax2UjA4aK57mxASlbC/G1rQ+XQ10SciJlT4pxpztP17bzd0CZlKsk5SiQkkolkXVfmfH6xu/9wvlxy4unyPL/1dZt/77tuPHMtfeqLF5yXVYSZ5kSJ5Wg7vfyAvngvp7rABc7FIBt0pZN6GBci0iAvi1A9TXemBw+vOK8saV0yEV1dyXJ+eczn165td7JZ1szrbiNrXkiO5l3eXlztjje746RvoZpprjmvqwitIiT5aDtt5qMpXUwTZaLLnSxXkmT67Mvrz3/kbF0WWvl4zptZfuE3Lo7nI+G5m376KNmOpCa8MZXBm6bvAZtFw0aSQ5vf+slnJ1b7K+ixem1smx1lKEfGbL106/xxYhayLFFzG9/TdwFKb7ignMBZ0DaBB+/VvkEdmmxcbZc1k1FyWTqhxDoY1bVX2Z+CDeyTQ4h9NZ2hXzH51REN5PKIElaUxeGKwnFJIpWY8mjigD0Mo6AqesMstMXezl05F81MoLaHB+ZJKN36IOwAhRmoq99sLh1acOehf7miVvcziG3z4oFFGK7WgxNRt0mM0LrxQxuVYJFmK4WYOVuHvmexyqSNF556TcxrRMaASG6KsRkVNz1HtGzGyCzRxkub93kbhT41Rmm9zhDE/Bosqu0tHmYspfa+nE7vKpqpfZzjPc0VdXLw6FBNroGcryJi5s6pbCruaRij9rHGAmgTNUB9ePNkt6PoIMaWIipLoAD9T8Njb+rwQ8TRYoYj+gSNCn1ZvdFse9R462gU3Qyi2NoYx1cjNOTBM2lwIJLGbfFAp4wGBP12lFvTLrYZFvCG1iSxkjMdckCjvqgjX4iYayorhkBNZk/bjTcoRF9xx+nenUqdTTliGyzaIwc5qMfwLxAnDbpX9rSogaJVaw0BszAENGGv1jAR/phIMxdtlvT9Q9TqSpsdHlKKaXqROSkTEOk2zjGGY5WtgwY5iD0CkQ2XpBrXLFyzqrZ/I5XhDE2FHx4lP9ZnFKEMcXA0+VS6+iHvGnE7KXloj8DsgRAlomVH//TnP3x+mb/1m99+/fQ4r5ISNsK8V6isWtwiKxX+ExPzlHhiYubETMwvPLN9ywtbkt1mLlNTppSEkyQqqrVJ/NY72699+/HxhlciYl5W+ZqvmN/x5tvnl3nJLDmL0LpIkvzic5sf/Zn7f+1H7xGllDQeQBMB4pqVnD44qBrEVQln5kR0NNNmniae5omFeVnpjc9v/9wPvkh859d+88Hf/YevbLfp+77t9je/++Qn/tkr//QXzq/dnL/rfc/84d/9wpXQu186JqJ5IiJKRPNEwvzooZxdyvFmvvvg8pV7S9lkm4nPLmUVunYy/8qHLv7k/+1jczms7mpNSbbTdHztxrouRNsy2N1IsO3mHw9Uw7AzrYsT5ptrMhPcD5s2+ksCMZQc9cpu7ATuvNRvo8SYpokBXSVMHaCgh2jAS9c0vVldD0EorfwOnJOZKFt9bVRfIW7XGcjcBlKGWEywalLajjR7vgnlhnIMdNZccZQ4BKToZXVMsaUqCx6X8QZLvo5VDAHojezWrzWLOTFGblnCqXs7h1cSiHyJvqFR4t+90WR430kJCCfgaB7R1JTJBw0BLpyOWPsGmHcfI6gAXEe339/U5CnM83IYStvnAqEBTHel0thHGKgR7LqjFJsf5dEUtKNTuiGNZZBk03sOBQR5JrVNqxNsULOofX/Qk6BwvBukRaw1jdEIhSwiYRjFKY3hF3K3l32KNfbJM47duGXMNKOCgc21vA9TP0rUPriLdJYcZHO4w35eDgikPnb6pSxglPRJHYF2d6KRYGQTMI8d+qpmpa5s/bEy3JcZX6oUilx19UUZGKGc+zYm1cGYfzHfSo2MbEmq8QLRWKA7D/LiSXGKFYdzNqxNd3x0UlEYaZXevyMgl/EL/LU6ppgLYQS1Q9q4iTo77tZSqZ2DBWOO7IbpTRSkQ3mFnioVezkiuJIm1BnAQYPz1D7fo386jjF0Hg4kSrjRjg6Ow3Sgp5Rdik0QVVOaYtqJuhKtrJcw+TwOghAjVP2McmErcLC0PLoqNDTOdMAaUmsLb4cJdrPQEEe0G2bKkkn07FCx+wNCmxCI6xx2r0HCAiEQsR+g4kAw3PMS+GLm7Le1s2rP/XvIA3gf7IvYl6ILjqfbTNuXH+7YKSQu6/qzv/iJuw8uv/Fr33L7xvFuySypqVzZDylBnE37xwzSTInTxFPiaeLEtDIxy3e+9+Tr3r3libdz2iRKE5dfYWHTxURzkolpErraESfOQmuWoyQn1yRxZiFKRMJ5Tbeu881TThMtK0tduyusKcHNzg6Ou9WdHSLyl3hY47nElIg2iaeUaGLiVYTe8uL09i+7fbLh/+6E/j8/8pnrz59+/+9+7g+895ntJv3YP/6t69dOvvadp9/1DTfWVRLTsmqyQGhKvJn5Ax99/Jf/q89cv7Z+9ouXv/OZ3dHRlkQS0f0HcnXBx1vOkimTyESJ12nOkudViFbK6l8lku4cwfYwX9sl8y06y7Nd0i4W8DLlFQsb2oGHCDAdHsNGrwAEYfo5MGc3jLYmg9K222bIJifuYAUylqq4NfwX8ofKXpwT4DyoVo4+S6p82m1p4u+lhOaoKJJgFqsiAzOJZAXtMj8h8a6JWI2sYmgX5lQIB2fMoi0RUZP/9ZjFR5AG4Ayy7nNPeoaL+xohdz42FR+16EJx4ZtoYb+Nkyf1ZBojPy78qLzAS5kBmIlwQCpkjhrm3R/ahmVu+lIi61SwWTHV4Ey/GBe0RyLaaKTNPH8wma5qCEc00IlaaV9LkRAaGCO28oIuqrWLuAHIHKK0EYRqNVTELot7DvAl8LlpzXbXV25zDIbUOXcRWNzuwWGE2YwsBgrx7IdmJ5He7MHLFh9C2j6OmA1LoNwi6jjtj/Ztjh5q6zYlksB7k1BjAmHCZlwMaAWLOTAKMduLCSGl0v9wF2FDhO2QzVZqx5X2yrWFq3iOlwSywZycSYoy9ly8WlnRlmBzTWKlXanXhtX0ffiY2L0GS/JGlQbvUJtCk1Ntw/YU7Ck86dVYNZjLP6k0DfYZgxgZLCPHeLJtGtEJReGgj3EGq4RsGx6ypQw0Xp3MBRIjqHo4QAoLtWOTnhsw+x9iiN+CtkNx8BYUaQTYqjgRkr7DFSqKutP17A5CSn9xhz6ZclSDrf5ddO8rdAMNd3IoN4cu0liremWpjdaveOkRvFf1apejtWcim6Fwq31gbM4PE5HoABFA7r8vP7jQfQLWT0nQCkSXRHBrYu/Inblm/62bWEMu2IELr5j+PKWL893P/NLHSeQ7f9c7iBNzJWO4cbXVlvjuVICp5rhZ1t9L75w2gyoHgbA5PImyN8/Jc/8Ohmp4OEDoyfuMhkHAuOSIiUDEviHz50fH8+nlqm7ZCAwujLAHBQ97yDqWRg4zc0op0TyV9c+KHc9cozvX64ZbhMIabNXhYiJaMmViScTlx1pyTpKrlQuJpPLDW5lYhJcsIkK5/HioL4JVvG2Mw79IYApTGUwi9Ydh5onnmSfKJxvJWX7hI+cry7/5VdcTpczH8/ZYhHJed3mhKS2Z796/ykL3HixHm5Rmmpin0lCi+Xh69fH6k//iZVnzZtmsm826O5/nk0T0mbvr5Tq97hp937c9+9bXpYcX6zTRltPR8fSBT5z9zR+7O202eRUiyhnyLN3gVjUHHD44/KNFj+HNtptRx2DzUaRPfZ4LN4p18KVTpBZyvO4cGTW0/GE6ZFTQ99AbMUcvgHQ3PDQfGpK1kb2kMIXKT8KBJ1wHOe6LwE9RPbk58y/2bCSgxgGEqwum4FE7gn2V0Q/fDciEJgdHvnnXDeTt9XncTe/17pNMR8mINOprJB24PgWdpQrk99viQwJIgwmzrD4A6nsUHEnxj/pH9rmjwyq81yhbUTxJNIevkAlqr97htoreEsk2paMYcUDMMa7pXjTeAurG/l8jxVBy4AZiQ0OxwZjC47Dg0xQbw2//WXMnnfmwBZJIPMzyVWKY6ISuKyf7QyNl5ACwPrX6iJJ3yKZLh4EexW3LSrbEjJNK+/rY4+gPkt2N1AGz8elDo+8tUzxMcz35OgDOAO+oMqLrUqLDDdTBbq9RszJGZqAbzaF31k1UeOi8OtRDpnFsgJLV+IjAoKJr7Ngaag9pyK1FEICtD5fmYMCY0ZzBeUODY0epCt9OCFo7p8hNz+gTrjYzMnQEY3zEolLzDN55v0JesiOJ6fzy6qd//qMn2+23fvPb05RJ9NcTnxgPA03QOB67sHc1cd+1V/GG8ZXIPHzRCKCbmwrhLeqI4+VBowHjyEkXRSQmLL3ZGl0MqC5KKkvOGnGK7Umw31WWELRr6rW+UVNMzvM1VJWTWVKi+t+UDExKbjyX2WckpbmxCuVCEgsRJSJmSuVVW2ZiSroTUYSzUKacq9urmSBRZSwLR6quBUiN4pLbNBuuAWRKJFKP+9nMnBLnJX34k+d/7b//zP/1b33uq7/y1tf/R++8/0h2l9OdZ45fuHOcUpqmDa0T5c0qEzFNM88zjqzQKhviF55Jz93ZUJZNOhZZHpzRe999/e4D+YUPnXGm55+d//j3vfC6W5OIlDVXYn7XR+//9b/7hSOecsmDStm1ZJnIqjN7xlfVFTFGLZRD2IHeRQr8FCtgdOkhVeBxeKnM9Q146zQaESJQ1aXaF2nWGjKYHoKwtq+thuUaPWZBSwke/AEW6EXAz7Uik1IDnHKXiQMsYzUHVR/g1obGCkml3fmy49ddXiA0W4TxZlCSIVYjkjpnjuhu9g+iI1gktbiiFUW74MNqTHW0QHyehFM5q3ZVZcPEoLm9qFW+Xt8vs5gc3L/qP3ULn/38h4qqWUsZo1/lBbeBdQgL7bL+07hrAw4JFNaaakToAyDsRwHW1Ek4Fsv7cnMBs8XOakfVjHxM/UeZTK39VCPCKWgXbAWVjebpwagZqhqPVXSUcPvEbcDAgE85bPEYdFTU8Zi6OGLDfZNdFbNSiIn9Br5asxU1QhfZAFlVnRm+kuNLfF+mi9dAnSKouf5CfhG7gXv2baDawwvycjhuUd+tiNu+iC3SctRYMHvgRJcVRIgsEQrTCdWcsNKLktiPt1VRHN4rFeHlCFhQtce1fbEXKFojt30dSttQdgF/yBSsF6BmYIs6D97uDb27oplUEXCYdOOym3o/xVKtV+fVqUiDWkgyTodqE4PxtY7Yu7EtYwyPKvUilV6xmIHdqkWDAIGxDHaorxzY/tg4bGK5H2lHYpBIKp4RFmFbx9TH5/g12jc6DMef+gtPoByd6fbCDx6mtgSxi7g4G/Io3LSN+TBuxG1ztYoNrgJ2+G1NK+Y16vkyAAIqN7azsKATgC9YmWQcP/MFSsMBFBuwr/eH1VzhfEXJC5pwhMRz1/o4HW+2p8fbqIeDHpQo96pWsJ9omgAZUFT6OSFoXV25dJQcbbuLqBLPvwXDe+KetPG1NyUMQgkgsz+vP7iqwXIlLxXrFyHYPlUs1H5TrcYqZJsNDNh8zlDpSonKzttposRCRFkkpTTPlBILNikiIlnI/iOiddUARg1KiIQ5U+JJoas4qcxEZY8urXVyO07UVqY9nPcv4mBRdELKwntpZEr55Pq0PZ1/8mfuvXz38t5dfuvzx4/Orv7xr7zKlN74+s2b7mwy0ZQSUVokEU+JaCH63MP1ZKY7p6mwv9vtdpfrN7zr9l/8418+E62rcGZiOTnhX/3I2Yc+sXv+5tGLd+holvPLZbeTlCRRPj5JL796Pm0SS9qtTES57M/VMII7TbEgpuKRaktUGQNfqOQ7LfRO46y7uCo+bcIK2mNlLaWdKbV9kRpRGzYMqzfhQ6gUt3EAFgeiW0IO5K4a7GkyoBHWQ6K/xljusKWrFGnpXdegrwEAoGOAERN4WkViEUB5SalI3MvpBkhkyrbUeTgNg4pUdEPsVirgScD/NQMnkUXD1DKj9uQzK6PgRHonB/6jTh1Jp74NkfClC5mHl8aIpFuvWOkk6xTnnritGhHKu2GyeK+idB02VgtrKsDAhGwMw3M33zoFhYgDZdvGYQ3nekyF82PBice1xZE40dS2QYZoJgdUpdo0KqvdDAHhiD7KewrsM+oYAh4Ya884WPjoDLmMBV7GaYjz2sFAgprpjn1AiZb/7r30A5AlnQgHRVAZRq8H+4ylaweCgcDwUIpNARUXMmKNkaGtOijXhwDqe5JIZfgxO9rBgu1dZFSVUbhF0Eq8yXDz0MyzPEqcGpa9KddZtvKuAY4ggccAj/t0AJM2Pl4jwxyAgpbkeNdnNYp/VXMG3Ydvo6BCAT/uz97TArdVJXwY5VmgQEU/MZgdFhzcQwL8QAHPkTVFzL0emGt18xGoqgWa3JmV7ECExmCrLXqiMEYppbku+hKD8ehGGCtiphIo06AC79pyQc1wjXa3Kr6OJNazZhvvh8DTetaW40p+okxZ4oOud/DduMlF24gtGsiAAENL+3QuxNJh/6zHLeAgZrGDMYs+W+QtUndxiOdg9ruHsN3FB6kXAQdkFFPWlovRXZKKT8zb7fboiBJTXkWEsnB5AcTI8cArBi17REZENHGaJkqJU0rFd5Z/H57To8uchVKqrxRw2SYuksvMKhOVyaTQmiVrSpCZJp6Y6doJ3TimKl+qGR4RXjOXWWuWfcRVwmt7FW+q1lqehnVeZhLYMG9m4qP5guiKr77737j5J7/3hV/69Xs/9bP3nn/x+nu+/Pj1d+Yly2aeiCTzFU0rEX32ixd/5W998eWXd//277n17/y+1zHTySafn+2Ipmuz5JWIRXg93c5nF8uP/8L9l+/m191O73rr0XM358cX62bDOUuaeJoSzywkkqpws3hA1eWUMBD0P6hyWoIpVnWs2zt9NyE6rGsfTaqpWc5voPhJjVeHQRBXMbyei4iia3mIX+BvGBpUssc0NJBJ+qbJYHuCdmPe1qOBqlYcpI+byXjUxChqZoy+bW06EFhvjVwWfHBxDXxDf7MELWx4B2ENuFDspnKMC3RkmxBIwoJvNb1uM6fD7IjIjienkkiaPVKVhidttY6JEvOv3E5B3czifDm2FbomUCA1UYdNWJjUoEc631wHVoRQNtY8K21DOZmjgnqGiRbUusb6dmtzpbBWwNzbu/cSx0vzeWVzTGdU4eTC+nansK1tGtXRfOLRo9y2GHgiakWiD7i6POeVB0xFp3rogjXZkU80TZEgzI4sJwB374XClXJBqRZPVdXjSYEEEe2nwmXtlo4jWz569Bkrx6ALI+OhzpCPohD8tNA4chlNRFs4RqdzOFFo7RDB+1AQPrKTQn7MZkhRQ5/cOCMKTxE7jaoOqHxtg/RvbzdNIWk8t/0uUKBtn0RLGRhZ/do4bGytqRIGXYUIrbe2WOUh3UPnpw5EAcZQRAFQ7PzO0YwkpEtcmq5q7qsH6iFE+sIzD46M6goPQJeJYAo6rG96pQGNqsS4HwwuNKCIm9IHgztqq7FvVmF1ziWqwSA1E6egGHGN3i5kIglTmH2XbV0a/KjMwBjgY1BzNBMbxMHLrNor9O9jzkyceI3ksvUwph+IDJ5Wb6CZ1L1aYcJZyvTQ7CkwX9CNCoNeU2TG+D7OXet0CTAXUEnPI0F/b4MZMnsd5822EBdHw4N99V6ImSXLdjt/xZc9++hid7SZbOImVTtVcRmg00Zco34nTygRlV8d4SSJ65ufSRU/pfQ//vLDf/Kr9+eJNnOpmVI9GpeIOGfKQpIFJp91FXJOPE/Tbsnf8r84/e5vPJ1lXRYiEmZKzImo7sKVsMPClKODDXH1NK6quYhUBJcp8cOL/IufuJi2W5748dnVe991+y/9ibesy+V/+ndfXvO1d791fv83PUOrcOKjmTe8zLJuNqsQceL7j/iXP3h2+/rl7/2W5+7c2Py5H3jL93771Xu+6trMvCOaE01zShP9/K+e/f1/+vh0M79w6/L3fcvzeZVExHOxBUnMidOa13k76Y9Z2TaoIiA3D0AU49YMU8wrMh71VlFfd8eFZHDVxIGHZVdj6KOK2nfQNQGBlTLs43gL6yL0sFHejJcDjvfVRS3c2XZTbP/u9J6F8GWwv8XcoVli49rDvD0UwF0io3liH4jY6ADnTAS7Lw3RaTCUDeGmOlLyRRrzGpG6Fdd8bRh83a8dfKe9n8lx1Jo3LeMesIqhPiurPqBZXW6ZYTf2qoYB1vdsrquEcT0FsITqbGQqnV4Pk9zOUCDCxMn2SW0J6PHkinMTHQcaM/j1yEI3KfBae3wmUXynrVH1OtVGN6lm6W3yYFmsTvpjitzmYuoY69sRRbQqzKhJTj/4IXHu3BEHm6gFcEAiDmrWkoEwiLb1NjuDVVoEjkQLwwwEZylMagI67NyOFyBA3I3cWKveUiat9wqQiCSCRZtJBXc6DJd7/SBAts8elgx0D4gPihhjrBHEueU1fsGKtYIaJQ05VmySpwNgt6lgiFyIGsZqrMY8FprKB6p3Tdg93UonqrpQErMvhSIhqtvALAoPGKbNkEUxUXu6pYjWPUlsnCiMFA56rF6lpBJ2UQdnVXGCG20wFYPCDP/rx5gkMZAh8k31Ioou7ERRgGRgEO0oPhfLjWqZPsPisvdd+ebffI9JxTUWDYlDVezUnvnpMFDcjI6kXztvxdyx1dhcp9FEFFJ9tU74xlRekovgX7rXPWjVXXqVrgV3tk5IyCDZ94DnQpSqvblFEyci0l+5tOCkY0yAXakcEIX/w8VVhb0NImLiSXJ1+yzWkStYCykKYqCBwuP55Nhpmtyi4hs0RadD/VS/lsf9txCExN3/4fPBKSjtvbq4Alzd/lpAG7iaxPS73vu2Zc3HR5tlzW3LqnsDXIX3bOpXJs5cdtvOiafESX/LpQxOFvntz1584EOPj45pM6clS9k0mzOtuU4+y9BL1ikwp5QokfDEc0qPLtbbt6f3f93pzLyKEPGcUkqJk1B5XdTUGBBY33nrVbC6hfqx3KotCBNNxD/9K/f+6t/59O3T7cWjs9//zc/9b//tN33ik/f/07/9+S9+fnrxlnzft99+37uPzx4vN67NxzNdP1nWnfzGB+//5C998R/97Kuf/tTFczfodc8dnZ5MxPJvfN3pt/I1IdqtkpimiYjSL3744X/2Nz5/9oBuXr/4/d/27LtfOj6/WIXok1+4/OLD3a3jtKz5lz9yniQtkq+WXDBSsqoYN9ogYXwPeE5XcfQ0zeIPm3EjcLaY1Tm4Zp7AusoRGx3GK+pjSjuY+BhS9a964WLDoauRpQwFGkeASV9mzOUkrIiKtXycF9V61JZ8Al2dvF7TNRg3e5G1ovxo/1isNmwEaRwTP6jh0QwkJYjMjxy8JEBuvVdf+mlYkHpCRXDCIRBulBc7KeTs5ayzv9gGx4JPfzFAlQZyfWN7NFpagY7LioTCUGvvmpK+fBsBYTxRcQIYRORBRtu0EFF9S6PXF/xQULAqbarv7AuNhRJ8X9Mx49i1LA/DPehDwsMmCAxzp5H3rtKGiUEgsie+uQaTunL7Nb2SE9oIbsENEd5wPrjY+LS9ArWum/ubbfpwpBkR8KRWnvR8aMvjRlqEoQEyEh2M6p5EijUc73HUzH+FDiCcbSUf0cCFYcIdMhTmVUzRr9tK4wGKuB8+YNOxG+zO9fIJwbOxphjRokugHE08kDFqj5kxaz7WHeA9rjn3Db62yyUcbjxFM4VRcy2wN2BkRJGtmOeCmXykCQkRlw80qmu8FBpUZx00rdmq4JeYuvmdfa5LPb6SxixE2830VW9/feLMiROViS8RUzNrGzf5pKsKswXlp8M6JL3+No1rUV2i64cc0j5tJM3xndT6oVmmGCOxpfnhFW5lreN5MEy4VSBnuX37RITWLGsusV6PEGLxftWoqqnIZvDAievPe3IpzETEOdN6JUw0cTmfiMrGh5WkiiITZxGhREJMmZg4k25dZlqTZKKsmTum8qLpRCnRxEKaGROlLS6INecA1FwEgJdQzYiUTbhCRNdOt9e3fJQv/twf+4rvfM8z/+WPf+rHf/5hPptfuLn84Pe98U/9wTvL5Vqau31zuvMsn+/4Zz949o9+8YPXt1ve8Y0T+ZqvfOP1U77/MC+ZSWSeKCUhos2UPvK58//Lf/Wpj3+C79zmb33vzT/2+5/f7TITzZv0a588/0s/9OlpSiQrczq+dW253F27vikW6viv9gnjolN3AAE27htlaI1JW6o6aQpT9SEaTtlOEPxsjaOi/kI6Fk4AGEM5wr8aWNV0DTTNpJpFA4vkQuss1TcU5rzTUthW9LzbjhZdW9Coogf2iJB2YIBn7HydJ3ahInWgUIsuf6w71lbJvAORINYK3Arz/UauRESYiMeRkPoQnH1TNXqkukRgHl/q7trAZMxDo/ty9xTmLIKI4gU71xI+jbxtzeuZ5IH4ECbYjaDw0LMOoSKEIWAZ96Bycacj2KEXrdU5tgMuUf9HmtR6dQqgdbwmDpxufi7fbEg0Jcy93/PFlm53NMqpDdkKqgQ7Uu3zkydQCAKEuyaAYYbT4VAY2IzqCLbDzTKIelJOWBNAQz2tiG7jN2GCE7aiQRoS/QlXUEadberBulSLmOA+pRE7XgadwT/rkhFY0wjqgXvfcmYQS6g+CImufrVGtfHGOClqPNVgxvsKxyJWcRSqNaXPsT3Dvn4roMlCUJjiOwNNDrU9UOuyHuBr19oFd2PcTCB1Z0RcxlQ6dTrTLJJoirc6IRAmmnXj15pdZZYYwhZJnU57t7YGewqcT7RutSM3SxAtaq3CnXnDGjeFEQna4PYNzei2hEqPksEUtlyFKkZVzJSHWTKPhq8alInCL1jZByJNkIESu6voAl7DxQ3AW7d0MEiaYn1gKuozI1uYv2g2eviCndGoZgUtq6DEVl2AhfjVPhT17DHDDVP5Mk3FeWBrpK21OhvNMIUrLn7bVs1YJICb2AsObgqY6sMBbMyZw0AwrVmOjzbv//avTEnK0aFjvaRG88PO0BIRHdjGLEqJdWAk7tloEfod7osuH+a+QtWAiG3YSjMFHbM4pgX94xPKtlS5qwy2ycymsIhnvZYQJqHUnJlINCKoRoHKQJSIj+Z0vKGjWRKvRFzf+ZxyzpyFM0nOxESJmJNQKm+QMjNPEx/PtNyaXn9r3iZKxFMSKrtYOc+JpqkUVCdOlPR1ZGAliE/9ZYeV5RdGhYjkW951/T/8wTc/vNj9ye998fOvXFzu0sXjzTvfdPRnfuD13/vN15Ylr5k3M69CX/6Ga9/3nS/96D/+7FGa0snpenE5Zf66r3ndt33dc4/PVirxK5MQ5cxpIiI6SvTs9fRJPv/6d93+sz/whlnoKhMxH038jW+78eKt44//zm7aHl1eXKUpf91XP/+Hv+t1jy5kShMuTiBv6G9Hg2cxUQWzVjO0clfPejugaeOqHSUBakOBMc3u3cmc+BNynK0X0WbsI1PjsSp2kEaRXShSHisJDYX7tQz8IAXpFQlkiW68/SSwpFNbd9IMnaNes8Q7+66mHRqM2zCGfcqlY1GnCMMeuiXDYv2dT6dDUAs6hei1Gpz9gNpuFXS0jtCMoIlVyLMLaFmwQ7WJJJ46QSqkm9lUn5kMmpkaLWSfO0onkk5EoWoTblCzIte29OQFCpBEk6i053vRoGsXg7T4Cftp9JyCpPqHbaqiLzS28SEVA/It2sMnw+iN3EVyrx2OST6hcgoFAwEcxT45jD1qtjCUCRmuVuaFAncQMMvpitV4N3Q6ZGpkB128WDq1rFUTI/qLAE07IbOJhO3xQGHCLiyUCxEx0YosNPpQ6UnltApQdCyvidIYbnqxgZ6Gdmxj6VNFdJ0OWPTTxYQ88JhNpmbY4x6CsbWm5c4OrQtnzDXQJ5/7KHjidcBQBT905hWKDpx+eGyd2eyOaoiruQW3KQcC6G/PSVQcZ0G1YVziDSPZ7KYEulyLdTDR3cZg0cK/mGfsITSaeTvK6qUDSJccECYZITxi+FdoZPLQeQ1vfHVtNNaw97zf6FT/bWSIlfUD6ajJdpNihLPfZikqFLd3+jm555I8J9u8nWQN9/v+nhDXzZaAq30r0JK5H2e8ALDgFLQOUfQ6g93VPdzDW51UOWpJHyURhYhSopfvnudMt2+eJKI1NFtCCHt/xf8pSAmsVfZM7bWBsq1Y2U/y/d91533fdIuZysxzFVpXWldZVlmz7DLlLFR++CTJlHie0jTxNPGceJtoM9Gzt9NmkrzSnIiI5kTzxOWHXqZJ3yQFcz+QXCtYUl9WitpTHi+LHM/8J773hWVlEXrds8f/yR976Zu+6uytbzr+prdtlkWYeLOhnGlZ5Lnbm//4j73lO77++XsPr9JEu8v1xdsnX/22a8/dpKsd88RleZmJpkREtKz5zS+e/OU/+dYf/5kH3/aNz77pDi+LbDe8rJSFXriZ/tQfeOYDnzpLKeV87c6zJ9/zTXfe8SKfX8k8sUc0tnmYh8ZcU3J1PPweRhgtMFvkaCNbG2kAGlN/JrMmAAheajgQpVTsf5T3shelNILq308gjJwGxWpZV1KGeIhCFpOYaLh3Td1LE1AYfMRR0EhAgyzz+RX3gz8AnHZqnZ44g5Ka6pFK0CDmCHJw9rV+6HpwearVqQO26hNWPjzOsCmlp6bQqmK/JWLTY4BJXzFxfyaDqCFodW3LdGgEfXUK2pwp0hQDGbrzVOPgvlacOpJ2DSsKzRqBq5NF2yVuwJ0vneXUYTBLRE9OIRjSotUQTPAcpvPGnK4+GeVGmBh3tSXrojNMMLfwxD26Ve9PJYWGULtaV2XsV6epbdZBKcPDUfJjhUEvH8KvFmtqv8Gf6Xulps8YP5XJj8dMAzetzIzf80HmHc+MTqAIT+0JZByM51yPkCgB6ELVoXZjS1WbUeOeHBzEGD4qnnNvQisJjCol2jTvnYLixaAb8YF13HbXEg+yaOb8FlwNYlw4W4gCArd2gQOI1RFdBzBeNI7Nipvm1QsjRNAhlwcAM5BGEIzqmu+nOpyxKh9xe4g9B7gTEy/OkxA+4u9vjbvsQX5APcN+8RafQpzSPRx2Gf/BeuU357rjJ8qY1iqCVVpeArOYB2oAE5qAToLXGSFxvdWQR2hycId68crwW3VejZKr1wPHrQx5OY3lRKgezhqJbpgwF9KBKk6I2pxLe0BRHYth4pEtlcnIvabxUPJtbW6e1tlcBMNog4bz0WGCm25juVbKg6usf3LAFFWogPlGmThlBEK241K6LGNUDEMSj6FLtwL7vPSne5pLhIiyyCTpH/3zD1/t5Pt/71dfOzlaFttJVc8bLehjTtE7xyZt8kmSwYUIeUwlRJzpy57jl56fiSgLLZky1d9NWXM9cCjn0jkRldOMKCVORFOibaJ5opR4XWlRIU8TJ+aUJCVKTIkxVBTwPmyjEnQbmRJF+4qSJMS7TNsNnxxV233m5vSD33GDiNZFpkScKGdipmnidZHrJ/z7v+m61DGWnHnNdLXoBjDtQgqbidc1v/SGoz/7R17IJCIyzyRC00SS5eQk/Qe//wUhylmWTCKyrHyxozlxNGWOAVQInUpBUb0JZhK9fXPqJxqgejQ3L6godiqt1RTopJVwsB4djgp54SjLtrg2anUKbVR8G8ZzUNtsoOYoiRs+JWZzuGkh7nKQmpyOW7zIog9/qC41qf+u1gBkun06sdLBaAzQbVcVOng9uzlCdfl5Xdy2ZDogOuC9oOJfZs7lJAL0C01OVMJKi3UoboMeXlaNjGCtJzhVNdp3UpS7kUYyIb/Q/35l24BAlkGzqr5XrRIGngLdIkSfKkSbrQVpQI9xqoEEhfKB62BR3bIuWDIRhe33IPx2do4zmlDWdNO4p8bvsFE7IFZ9WKqcSpn3hjWiPe6yNqQvSmD3pNWTFyNDO2/SQB62Nla4k6Au1M5NcHTA3kz1tXlGyZX9EWieNrWphUoDuorlVFZkYZVPq6QcJS/6gyvOJnxmC5RA/fwwFWTQGoSO3A8w3HDxQUpBhhUbo9Pt1k3k2oWJTfoMBeN9xxBUoVXam5qlYv/mKuDOqepu7KRmx1C4RG5yI/zQYcWHnhZEWNeb+JWCdKk4cAwCpYA4FkU4F7XTcb4mgjOSbcbd8IJ/TdUVkKB1067RXgkc6KKsoI0VV8yeog+CngQ4823kDCgqDeCF6uEOx8Zbp9YQX2aMtqW6U8bBbC22Oyisn5sNzLC1p4XvYEeQyAiqXD8yBCpdjiJ8NIdVdEfG5Gk40HDiVMWJScN7u5+2iwqiK7cZir5SIaquITRVR0MAf8FSbYNmQ3WAF/PUbJt1FZEBS5lC6CosxImWNSeSaZ6qyqpmtl3uv2rIHGWOBaS7Q+psupthcy/B0EtEePL9t00jteFx5myc1ePxDqh96adA6OgadlQMbhW6/+Di4cPL3dVCp0cikuxtGdaTOkZDXlvuvmgEXma9YrOD8k/5iZTyrukqtAplIsmUs+Q6MFR+kKXIIK9EWUpEsxZXN9XjuUrXiTklSiwpEWpsS3LEPfMPMfqqWRDFxqqskolIZiYqs8GViMoiJIkQJ3XAiSjTbpEsmURyJqHEzGmy4IT1rSwuUsnEeSdZaEpV7LpOQ2umyyXnnNcsi1CmVKbi0Wxa0AwRj2HReOwCSB0oZ5IIkmqeE0yKu7DCOozv+UggkiL27aOkAdNB4caBl4a5peoJfQ1BrsYyJbLB1xw7bxGdjNjy3v7Lm5Ch/IQ8qxWJC1zZXxaynf0tMxJvQcKm47h6xHbWOCjaYTRTB2L4GdcwK0KEiQCNidL37ozyhti92te205bSGCkAadxu9SQZ0FhvelKfovz42stcVfqxPzkwav0YDTpBi2p8WDvPLX5ezwDqTHGgidTuFbUIQX9efkQ+0GjpA95XmDwi6coEDTro6sbNtqVRePoUieV2kmC1XtNZQU+j5S7c8bNwcfsBgTrERj49jS6kh7gncdOWblTptQxEAxXcN18fcP23mTQ2sWjfcgDM8XpLnHwOiFewi4dNUus/Q5semoxI2/Og1DwUL7ZEcqe5Yxb29zVqPhK67zuPC2HjT9L1ON97QuEh3Mmerp7YdVt87zipb/ey5U5QxG4+2Af2o+wVTi54dDM+GxHekReeqngONNI8FLCyoFc4Exw0NqhR7vNosjyghfVfbYnFXtoKpcrMVA92yDTP6fHZ5T/85x+ZE/++b39XPXWXmLt+D1xPpS97g6L2nk6/uLkflzL8/CF3N9zR4ogT/FEDYWT5a4ndWGFMCT3RY8EsudMuIWKSLOdnu4vzK7Hguj6URmu8mgY7jDdju1Vfs6ziOpiJNomYiTOnTEloJiaqU1AyVCdapc5InYKSNUywoqSKJkQizJI5CYhRP0YiLafDFNaJ6z0ScwtCvNp8I9OifVkMUxN/xjNTSrRhFkll9l1m10ncgVvhrLGi1JkCZaFUy9QYe5qYyzlc5Tx2LruFmzR3tZ8wSoMAR0USgmu/1FzNe/pMq9EaGHV1zEQUkBNDmFIG8n8EulU6qeHn3h8N92+4XIkO3FYhPLy0HXdh11zlq/HpzCCgGIoYRdqFtE/EmvDvonwCyx59ENSwSSxD8egGLVOuG8XjEjOL6oxu6S9yZdVRaMj69SwaVcDRt7JEYr/KlIVhcd+DvzVgAynOSHBp2qMm13QzFrGmEQBzoiLDMO9bpxBFA6TPdKTd2BYtSO3HzEh5aMKqABYC/9fOKAxvGHYvU7Wx2W0bOEHfjHpQ7oVqtogrWiIuwDbK3mlvGbHeiexzimq3rSsJFhUCayxt4scbHB4VktwXeeCD6+cNeY1p2W1314WO+sIfKwngLmDwWXM9hguktgUDygr6BLI39VR1iz8FY2yD7YOxw64t8jugkk4vR5l7JVyif+I1GmUwelC4aDLxhgcEoQB4h+LnomXZoplJD91EgLi4GlPuoJVbxg7mQSoMchswrIvs2lAROUhR3dGyJwPCDMWkuw+USXeTqM2iGrlaR2y5qFlX5DA+LpXGGeEXb7+uGceSwfV5J5q3HF2iRoSM991R1AzxEQSRSROPGHjtaVelgVZDgxOMTMlqL2aqYHq+TB2d3nBWo1JqJF2Lxp1GwQWENhyR/G+wowYwnfHulqpsNEaTMJ68AM4UHHlplENt/wGOUNdDeGAw4nCbqi57UHBZ0vLnQ10ZGRHsIyBixCPGbbfNZfbMZt0w+UF+RQ3AZHFxtfzir3xqu9m8/33v3GwSCG9wOZR1V7NHTOKepMG4YIPYpo2yBa487lFE/Pwhe7E9NN+Q2D1AbNjP9ZNm2Hv9TkV73V5bu8hZ1rxkyuUVqdB/A1VPcbFrCUkWEiHbUkuUiT7+RfrCq1kkU/l5z+LrSzXJOed1R1ervPDs9qUXt4llzaQr4KUxkuBmKIvk+kuhgziqlSSyEtGT6t48ghUPIm3TfpeGqfycqYUdoeWC2dlAiequUgPe6lEcFTXXoI4gOyKXOQVT+S0Ze5WhuqXSeY2QjLaW0/4K7gtr+C78fdfYlTY9oUOJCFU5qjOkBuZHKaZAIObf967ycKOzSjThG4pjyfRJ0b2Xw6h+87q2YAbYFoUWAb9Uahx5/4oU0tjxbqAlDendlLKpwtDacF9uf3kE3uKgTvg1eDcnHKbTOK+OmqLEw/IKMFLvNMQJ3pKG+AbWD2wPGVxKEHSwZ5YWd/MNCuzt4tDQkBCGEN55k6Lntp6aQa/s/SLFkKd9BA0MeVQWRN37DbuDyrOvGGlLJU1HI90MrzRq7gGCSbdOn1EGPrRMRWKJYhQkcjSWQ/FhcLs3lh1MPyAA6NdhgrgatQd5omvbq3xPE2ZAE9EhFqM7oNg4ev6hlVRn5TFii2XRDQw7VJVys92r2EF2mtrTxlvLsqh6X2tQPHio0ngTYjRSYEtBq3p6kWBt4Gli/RFdA6TtQUKlMFSBg8xKg7n2nnAc46rBoJejkWPzkQcuZ4RHNw/V1MYxKwnzr30XmF+fKShtBBosdJT9qoJu3+xvgMj7SGpG0TCLVX4jObbzLpxnd/wM3FsTwB0apz6u1Elr3Z8S4h4v6ydRN8ZIKk58P7FYS6qRyxPoCX5moEVlPYfKtsSs+YVpknnDBEu+e71713+fKBssAKhSvZZw5FCnpKKYzfl7kGY5J3w1qXctnfKAorSjQkT+0vvI8RzIDdhlVOacl8vLvDaFVZCg94z+mG0a2/kmayATZZJcd+KS5EWmn/r5+3/vn73MlOd5Wte8ZspCosdAknBe6epq9z3f9ux/8D3PXtvSsjIlkRomsIhqCpUlU5Iy/8y0Zn/lyiLCFCOd0oVmw6uCVm41C8iQOakqWWeC9RXAwrqBf01M+LRRk21MnCkRiS15qDc30RYi6mYclXpIsjOXJGxyLwjby3F0PNTycbBsur+RNNR6BVxPtmvC0AJKjfBKp1Ibh+iPjIFB+8q2tiJFKtFHxixb1K2ObB6F06WjuIggdZVabM1JPLQ8CAJFjXDp70k1VDYeS3TRBHCsKA2UmNnV3IRt8u0sehCiEnWv/vXj0Yc3TpCuP9asvYHYGJyKBoaH3Zpb00GEkoou7JTr2b3d7MYe9mGcwD0wHAgcYWkjPvU8bqzCqqLaBFv/xQWyihlaaJDYmVWZ1AZiAj54R5Oet6qcuinqbeOpHVNcXTCb7CK99og/qBBU2HuxMuGJ4EdRlmCHQ60EApAwIOKiaLXGBM7OtduJuPzamSdb2CBKo69wKWHoqoazPRs3lZGEQVGRmhtAyms5Fbnnv2CDicJ/LWkLO40Q8CbSTHGQSJtltEBYvewRQxd01RyhpAtK/YrerKJhcCitXbrSmhGq09CCjjNVXmg10v2chsnQamk75oGYTJkGghHv1e1SQs8RpQ/MPBE9XG8d28JTI6B5IQ4G2h23KXgPC16lST95hOxoOsZfh5cDTiByGiNJAExdOtjbTLSyUZlmI1UQh/MAc0jaw1fQdwhS2WXhuj8iudl0UIv52nzQE/N+pSE3rz0M1rUv9Stxx90BCROpH/SZg3mBeIrBITlWJx176UgdXO3ks9IHn8Nj6ABcZv0MhsDOSGg4gvTI/bvTE9ht56OjUXZTPvplw0EVtFDdQVbqZJIl5ynr0NcoKK5ndpTDHdijute+YpnG2UZ9w77qwPuc3Lqw+WeVrgOyzlii86G6mNe4E6S7iEiBWOKRShGXtAVWI+192OB3Y5iqPeR1zSklTrpoDaoHKR7rz7Pb7L8zVjlmpqy+OxNlyTmrq2W62tGr9y7v399NG54nzrWqZPObnEjk/CKfXaxrLucJSVKtzCSUmT5uYLYAAQAASURBVBIJUZbaUXk9chVZs6x1IRQdZwddftSWj3pRRzg7Bi1E3LgYfFi3WxSDPVvXdErgU5e3rEnFkg1qEImJU5IMWyq9HYbxQCtT9w0IGFyXUgqOSFXWJpUKFPVFwjAbVV7QZ+tWJQElJ8uUQChcBhpE4pNBb7lV4UKANdU45qDW0hAWcJdVXQs37Wk6Wt9rVGuXIF8cPxvxKnERFWKjH/FYP9MXXCwSs2NXoXITpRoNuSCkNl3/6ivcoLAwUoThA3kE40NMFCYopvPkulV1YvQym0g7wKRK1uNpnKk4VyS4WUMVD/SvyV+Yw2N0zPAOYXQUJe0T7qGTJzW3dkugJZ4Y6xDpllpRGoIG1zmXhR/WlQnTXCVoK/KOZtfI0AasW+Nj7sTKaDXWPIi9tmTI1bjRqNchcIvuMJphPe+DfPcHuyZXhAGWvPHYdQjbC76r1rufDU6whRJUcZQMXq11l4KwyS+OkBPkft+5Lk/Mo5YNIKg20T21lERvhJMTUaioQ6jDbwiCcCNahRlag8iWzcGh/7cHRpCZtp+qYrZmn4mCYAsKhSW+xnitL2d8cLMKRLm0dozRdjDBh1L3uEH+w4ucnr4gbgsjp+D6yLFXeygfYiSGU7Rg67in0/+EcdHbthdHmuDCobJjXOKjuO6kH8LID8luS8bGaXBJpxtGCTP55ibFMnUTBEgz6BgbcWe153UNCyeiajfKNlz5jMEFUwV9hq864orqEE0wcmx3FZVi66ZmolvGCBSxBbqKBZroC+PTDFb0KwJi1l5SCk3Hq93PpZ5dk0raTjNaHMhoYrTma5QPNOI3DcTMMn3cRUJQUau4YrZYIVaSiVJpJXN5OzAKuWOfuqN7B5Tv4cyaNctShygQ/Bhh1KpfY5L4M33A+SFYa8hFb+exRCPKwwubT3+VNShm2szT6fFmSnUckjqTaLp9rxzUqb8yU2bJIlnWLOuaKQuvK607zle0XtJ6RctO1oXWHeeVJSfabdJum/LRlKbExY0SM6dixixEa6a8Us5U3g5dVlozrSuva5mCUs5qUuxzlj0kIjMgFuU+epP6TKTOfkX/xShV4P9ExEyJuYRGZYezSU3UgTb/5cKC4HyfE1NKNfVgo2PWgYM6ZHagMRaacluoQyvElVFjaGG9lDvF8QjSYJupa9ZDUkdY8ExIeoQSpwaCBuAMSeVgV+5EjNBOnoECgc/svARuGl/TtIuUxFKgt30qrL1iDe2BmwLaIGM05GAsTblqPcWSyraB6g4PmJJtQgj9thDWVWstrd5DgGkrDXTGGBLgrIk8sBg2hro01mZ2MjoBGDGDiIVAtAPJcSP5vgjQFJVXPRapwP2ftjUM36xMGwo1dRq1Qy8trYgwWD6MtK0RCO77R7AITujJV2M1PNKY/Tnpp2veWyIkLc6mjILRpMiw9LATfy1HXngfrtzNg3jtN+DWJoKNMVBPnQXJgWYHhmSfnzwi3H4eePSmleps/+e4MPdXsieCcpam8KjTTo33xNqvSd0JQoRAgT18ytHo2RhUrMbFocy4g35UGjqfpNpPHjhg8lAp8DeI7v+a4bMjn3t+GTymvq/ORrjzw0OdHgR4exxNG0dEvx8bx/DgtYRt2KSXBIfAT2XWr+2SsWLt85ZPGORKsUaAmciOiJzStKxytZK+kLiXk3ZR9ymug4GTDxCuxDyxcZupzmW2WMM7AADcjDFOsw3Sb6jSzBqPP83yLl49S6Jps9Lo8fHmXe94Had5s5mJJKFI0du0LqR6Jl8z7O1BSHIS3copQvMkX/2Om5d5Q1NOibPuHZgmmjhNE88zbSdKWb7yy09ONkJEs55qW8RZ1jzryudKRLQKrZlzOUs2ezJK4EVNCEqoMcka+2l0JkR1FSO48LqiU4tqSpgtJBXbj0Tqn6y1KE2ATrHgEfoSC3FdoGXYrbpVYKquEUJErk+4Dq8GZaOkRXAmELn23hGXTYCosZUbcaxdgw5Z/ABZZPE5o1mIJYGsf7Kh2jMdazwi1xsMMyxQboN9zPuDNtQWGsyz82zcuP0gE4ax88Fj62kUqliCqVql6xCx+rW4ianLv+puZtG3i7GTwHZQHQBh1DRsuVuJazTDtAs7RJzxz9Z+k1GTsDCC0iGD0ipuI170wCQXQWOtQXJh6Re/41ok2B0xMZy2Byxw3Y9dbN26abRK0FiaPQJ7AyZfy2grSfO3DEWv/QoQ+ltcuA9d4Q3LY5ujxuLuHAYFRkNTiHOcK6ucbhKEg6ncka6/I9QKlirQ5grmHSoVAiZjxl6FY52LjojXNo/lVwTqOh/WEW8LlY3jDHRE2fngtOJlDlEG3DS6uBtaqRy5SNX1NsZl5KMMSg9aMiqTq9lQDzjUAMFE4korZm7BayFN1cJUzn43aKbaJ7i0xinpn+BtDc7b1XVSnzqWA/A+3I3fuuKWe9e9lnE8eAU9orSt4dq4+PYAaYuOTF4pFDNKAVbiTVTyMhbgfJUC1vdNbOWNFQ6xW5VU2SqkJYNzr31WpxkEYYISf2SCUDIBuQqKS22vh8YmugjPzEkpNhOoIYoJKwWHFkgO4TSAyUAHrAOwWqsM6u1mAioOP7XCTqriWOgGlVD0xcIoGZgomYxt6a2HI5CMKhYT1XfkcGkulsX65EOmEtfn9Smukzs/CukcBVa7Ada6oA5ChSBWqK9uTB2Q2U7VtjXT8fH2fe99B1PelN85HGUsw1pocO/eViMPZBPpxAVMVowKW/elbIkkFg4D3fgvEWaekecB3SOYZzttr3kIR1HpjTD2IiHOafvaP0GFiLyGzt/6ze9YhY4287oKcfKxcyV8TVfVSimTcBEi4XoakXzL1157z9dcM3451UN2ElFiSkRzkinpAf5M0wRKoqF/+aWWNWuh8tqYk5kV7MEfU6eQPc1sDYYHbUDgJ9BK2PEGRl7tSGWt4gQDsdb8E2ubrVrbrjLuqgrFok2zzFSD9UPMWx9dF1gAwJFGU4byVHwOrC2y6b5XGs5my9+q1vozrD1/sp+b6GMJnH5bTOl1y1bRAzOxydL1vpa0pETb5+5tuoaXiBTYlQl5/w4PVIynTTn6wAR54ZgIDc6i6psfABACYHOKUh95ga01nh/GDN2EXfCwyfT3ZwFh/PGUWTvZozjRBrnnyXCNG7K6FYCGDgfcg+pCZl7q6sxItCH2N6OVGmEPh0Hgh0WhfjPMUSC4QLodPjkOZec6dLYy8inBkXdFnmLgBu6/fx6b7Dpxd4xPhYj3pb5C2IxGFDKVFJqKdbXfsKCNhom07B+4dorWhQEDTwGtoaHWuhaliWaAmh77NeZB4KfOpR8ZDFbLX0auUfNkNFxeklzhCiYMPFT7ClI7jPHlPG0Uhkbje3ybqWmE9jMr2h4WDr6opXjcTnMhisItZIwo4s+wXfQJeiduIGq8UIQivx07GgKuW5Lvg3U1tBY8rR+iqLEn0tqkxXvSIv1A5PDOWN1Kb+gtGxfeTNVJBi4plHBFsw9qgfiWTXTP5ACtHyrr3a999p324vGELfaBE3uYD9s0pGJbXekAN1SwUqi8KzcIknrc8ImjA10wr5jmpm4kMV/KVsW7dx8IGhSaX1c52m6+431fIfVHKEGr9p+35+nskX+JhTuv383p9vZhvlzjmG7jucxUsgnO5B6qoftatO/UVilHj1SrYhamb3nca7UsVfJ88+aJUFmJ0BRWXWvVWAq6aK0yRjXWbvk9FU5JkhFLJJSIjlOdQJbyTGUKKhNRYppEJik/dFlWYyXnOuGQuvFVRCgTr5lIaFVRF622jEV9A46J6/mxap4YGNnaVZGJvS+nE12qLbOioilKzQ9oq1WmaqP20mPjGjFCYnwAEYPLypWMqf7sioa1I5VR4NIXOLVpp8zWQwoAuE/FEQz5NmJruo5W0Ku6VIl43UQ7yI/zqPBhS50k0LZoum0UQ/hwKbFSW6xnxitFxgbEC7hZXxVQMIzS4FOTUdCnyURbGOxZ6cxBORIdHlOCzmOWm83CO9StBXqw61APyriPCsR24VX9CE5E8FX+6ERUQ8zh2T1Y/CSop92xVxeqL6w1yuy0oPqYosRsttWVqi6q+RJaI33rzdS5XzrTLgDlzYsVvamhRFlrdu3S7q0bH8vAdSTJog7jHVSSwscu2yoEPyfgEnWKdHz0l8109OB1YG1ZWWzT7UhHM3UNYEEafdl5GEQ6hQOPCu6KiFQtcdxx3qEKryQ1qBlE76KBQlhaTcCUqdLPWKNJGLkdeN7MM/MkXR0yfmxJ3NZrVIqV8xDJGfpGshFHG27BbN3KQM1g9AON+qH258dBdS/R2OILjAhGyVHOzeSm9T8UohN0fI2aYc5fm252vzgbAv8qifZRYqmafxVrxzAhrJyzOgLAHyAPRrf59U4fp4DMYL/ANOh1i3zgu0XDkpGDATH4FG5fufLc53gKOqrAKMg9ioY8IoxQuIfyMsVv9+iLZcPJcMNw6mBikPXVeuM4KIp2HN49jSw4Y63iBW8dqlgRVx6HMMFWPRCMDOu/UNV7cFMGcyJQ0ZiLMeUE7tmlbIPrH12oe2ah2KMCI06ruxZwzqPTEL8XxoSr62BFTQCU1jPAiDWwHlUNfCaoZMEzI8KdD3lIKH1jDafkDNb2uUEeWOq3SWCg1cnjcAN4AfnU7qARaf4i1QPJdFPQWRmgunVY+RXbWAFfmxEdz0XV1EpnQzViaqGsucazat8WSKbaAvpge5+YSGBZS10eejAUlBlJOac2k2Q1HmZme8tUGMadKRGnRFOiiTklsm3ARZcyUc6Uy8onc33rsu6Cs0iYmVNiKu+Npi5z1xqYCxD4ishi0gAHK0G5ykfWSKe2wjBzA70LqBKUKrgyHXbbIhHwir0NUX9bPSzEw60SG55Ye75G26BaLSeB+MaUiMh2qVlqnFvvj6Ez12EvzWiQZlLyk2AgW+hqXY1NqTAgCKNnC9Mxd+MZIyqbwTtnSTJkVWJTOgVxrEbxVtcIlmjzam1WoKDJOeEjwuCFnUHnJWivgiCTngldDTmAukcWsGcN6CDVJzGWmONzVPYaKBl1GKn1QGPj1LNgXKqJRlE2nZJAqI68qe5zEBQ8dUNrAL7ZOqOSVxTETVI2rrGJznc0AmAcW33MYKiNqIeqX2vCWoQfAGiE+i5wcjFACx56BxIFyrufhDUH4B1jiICiVTAwfBqXsI5c8N/KChNJfYuf47++u8qcYpzyw+cEfDgM1w+Ath3FLht4EAMsLWHsx6cDdwyaFgffwIS1Y1VLaFMJDp4AREN6IiY1mQsPVUG7vCtvCb1iUOjSiIStLcohkNSettF4UyxprQb5NlW1cHUl8U26qkZuLMTqO3rNrYnHjh5DF5CkUEZkCj9PzQ2ZVCZHqD02BS36W4VZ4RDXS4Oo9DOAC7gRDXzJDNyYjALVgi2GUzcY4UEJOH3mKfqTA9FXqM1j40zc+50I1ujpuAIAudD0bDaB1HCwpT10oy7DFBQa0Wfmw+qE0tBSOQ4+hWNVd/8SWMMKCqmR1spm8Ao2+nUcPSdbX5BpgD1KVlEL9k00yuldeSgCO5x7UGoPPkTV1lrNNfq9Sh/gca7AlRuhE9nyUYGSsYmQgG9nLqFfMeSTCkseINY3Y+K0rUVW43SQzDB0if4+3hTYWGSzMMyrNFUbUppL5x36+syTFi+JqFk+TUFewzHC3kVa+RJB3NGp+sEMkdYZ0DdszQjMmb70yuMv3T3LIomrB0SvsI+VqvvsliCClsiZEiWN9zkxTymlZFtt9T9mmpjKnHNiTolTojoXTTVzV6RSsMGnHkTElIUzESXmxNNUNvHWGWyhztbgLfYZRQ1Ejuw9SgUs7iXCbXFbJGFF475W2KfRPNtHIUW8YmeM27Ef1Jc4nIbIrTtoeoeAwT1MWJFrK7Dmk7VhiDSU0l618F18GGAs1IgMRlLVo8H28QXgOBZ7RaqBXwxubNw+g7Y1JYTgqEib9dlDy1RTENdYHwzii0OuJ99Zt0144tGNBzCq9bCqGMXgdffckK5wG6bgp4G49ktYowjz1mzDUm/4ji0TmoaCsSv2qHY0YiNclLaEtJ9e6xXMhIlCpF2Hg/e3HxGiH6FmphOtow84Ru0bnVbCZcpOQTTn4bu7jKGSEPmsCfqqYq7Nir1yGcMsgO0WLEi9NKtyWL/FaMLK4l7vqfzG9nGee6geMhluo8bJSM8PaZLEL5GPPkIyLO1Vt4qjj6s7Drod43vxoN57kssZXdxJLT52+Ebj9sAi2gzWP0Rs7LqKTNe/eyuJsDwIBmI0JR74UrM9JxIQaI/NtR+5bEazidz+qy7wjALlAcG4chbnIUJxdEybD5Dt9+BJUFaJxf71rpJB7lpkMleKcca/Ro9NH3tB0wmD1H8QRaMJjSoNLUiAI1H9RB1rR4UaNzqSubSfe8/dFm5WPv/15flkMbrEQhrsSZeN+J5YCcg4EK3U3mVKNM8FHqRe+xuUZtyHs4uu230k7ttSMaB2dM3YQ4iG27VNFRTqKsNW2m6F97AQNNVTSw7hr18szkLMdHW1/r1/9KtHR6ff/91ffXKyWXPZ+kxoJuIv44H6liVZa0/Mz1m1nCh7blGYyoRz4nJQLat3ruVTjRlK8FSSNiWysDlnrsFK+c2W8p8kookokUzMzJRsu60Sl809IFr2W5e5OHvGt6NLrjDKDl6xMmmGHGFTXGERDUBIIJZo7M0IC2k7U05c8G7QwRc1rUK3195MRk0OaS6LKUX2TgxVjzXIDwpmyQPx2FmpTx5kAjqLhqg6IswMCud8hVqkKyzK7774QWVfLFJ8iYBNXFqIfd03soCOVHO70aHXJkrmofbh0RT+U6XBykK5z0qgC4pYt0o14+v9cYsAPUDCv1lAM9WYPZ6jE0roFk0YByhgKWe1U0ZKaq6q2lo1fxoOr1GIJsK4j4b1dF2kUirM4Py45UJN0SwbZU4OshKmoMww2lR5a7KHgmW1mRDcRHrcrStPBZthFsQ+ogMS+8ChDmIzx5Boc1KEUAuB1wDXyKTLNdW+BpIkIomZcs1oIF5QsiO4lH+ABAMcUZnZglUZIyGsBcyGPQ0wCY4HVdhOUGvfVA4QL6Ds0Nlj6O3KiaxWOOibszuRZZjd9D3hfgtRbrs2kWRoX+Xj4+1CRPJYsTXKQPB//EGj1maqISOWu8qbIgi2qin/uN2n4qUKRrtAeUHfiImoIo0YXTwqkDaeMbNSOAqvgXXy1laMOsUr10+RbPSXNOt4wWB0hYXodqmHI8VATmARSzS5Vv2gYpVOVwPTh5cuejiAuMT/UIWSwp31IxxkEuzQboK0yQamkl4hq61SH0a0Kj+EJpBJh0YiB3B+yv7gGS+Ji35OBPQl6pSa/qGVWFFjBTO9LuL03kmHuXDNbQg0UpxmwXOY3/GVAGEiSqmfjjoBsZ12262OfrgJJUl9ZksnwCOHG50AEditvcbMgNI4Lbe7TOQzR0YUDvsKQ5tTosvd+oEPf37d7b7ha75s2k7VrkRftyuav2+KGQZ2oHX9DtZuD2zgq+yiReEzch0Aj6j5/ZW9Si/UyAWf4IenWvB0Vup/YajkcCOSc57SdLmj+4/OVykLlvr7K2zuyOaEwVfgGArVHKWI5HI6LWXmnBIR5wo4nEsjiSUlmiZKiVLilHRpA5Uua0e5MmexRi7bcDPxSiyU18wkm5QnpnkC59mIRpxW+7gHaSqnrB4xFKlTHqVZn/UOju2YjdKftFW60bBomPWctqbJwFM1Kog2grdhYHzcY+d18FGH5038gIR4ekDCICqZkW/cRCktipVKcRWT0N+NcyumonGUbNGkrqP1SYPaHzbLgUsBgg33GIu2pGDwqJVGYpa2l5oK0Nn4/iS6mWPtEGc82siYOqQ6hIzGslPlG6ZbzUZem7hnqGw1h1TfBvHGkUBRZRb9WmQy4gX1yVdvvTPuX80F9diPh6qoXOQPbMe0pvZfUa+QAVzXxI7rJLA5ZKL02qsNfGgjAHjoih1RzUmGh3442EgAQiwt2Qw9s6sn1Oq6YrhtkiJzKcF11E6DKOpKXG20rn6JChxdb33fv1WP2qx1E5S494jw875kw90aeQC2sD+z4T5cHVy6jkVy91WDcEcVRHf2GNoQoe3suQT1KIDhvrmzDrdVYRQSgE6gO6oLxVhprOEdqfhIfB3wiZdQBAP0RIMNYN24wQBzyZc30XkTPupW2x5VZC8hhJ6+ktEsag+uxuCaDyPFG7Y1vCvSRTmjVnXIn2okrMoodGnvd5NPqD+o3TzfKzQGBX+6KeheNeNxGVOOZsLWFqifWxpwd669j6fPQuEnG8Bg2hy57rfUwtOYew28DHYcY1UR7g5l9GYBPJ5MthhYE6ha78r3xUXtlydPoCpGCZGI5Gnis4vdT/7jD/7UT3/kYhGby3i2ekDOIaqkk9647h4Hcqju6MncP3bYEvAf5mMdeSDpRQOk03Zs1QWhJ74Kz23eGr1Uu+JHzImT8OWSSSQlxqmP6CJUmYTWNTrdEKAvKYi4plKWOnVcMmUhFlnXXDIRkolSZk41V2+BhBATZVNiIRFOGpJkISFac/0vqzpzlolFmHY7yovMk0y0ll/N/f9z9tZxUhzN43B198ysnvsdhztBA8FCCCQh7iQh7u5O3N2euLsbIQlxgeAQ3N3h3O9WZqa73j/GenYX8v2980m43dmZ7qrq6vLudu249CgMut99K0WImw6TjUC5XNXBM9VwdrrwSY2MysTqUM7C2P6jnb+xLHT3OHX/9LMniWyU2axkT1jPpiMOWJ6p4pFEWlQAjtYk8noaIoPtUStF6lg5JxdXGzpvRTGRqORQ1WvSz40pUDmfnNp68NHSa8diRGedjOuKOyFGYj1jIS8ZEl4gyx0X32cfYL40sMvlfrPWzyPOCNhb6jouoqcPnAfc1bcyea1HLTiJ72GL9sRuw10i4iItLxZKVWAyhC5jpYs2Z7CJ9JJjrHpSyzvXWc6bSq+QNM/S3c7ELpeQWIz4WN1GXPoF0J0kHv08iqKsRr39h+yQpScGJFNYkr8eWVBa+OoFdPwZGydRDK614aYKnWXHElB+DpRUsOeRObLUmfYeIV0cPV6W52TqwEnd+nk59ZM79zxt6hpOPsHgUYQ4s1mSlc5Lrnj0FBe43OsNrcscNomdNKyvzspyQR1MrLAvSMlTl+ndbIklcJx0hIcfuEzjl/T+WoAUw0YWoCkbp3iT353yHlklYS+3ZEHowC0pEAcefysur7iDhSnRJ5LCB+i3WKT5R6Q2HISsnSo9yrhlI0Te6M0To+DlN9whcunvJL8J+NBwJHmqtPYmkSeOPKFKwCO8DRDKzYGr9SQKu6l/h1Tegw7Z3a7SZr3HLE6j7t8USWw/gwC+EweccIATOfX8h/1U/7lKNI1PXZZCIAT9xr78pM0YjphxqOb8KNt+/ivlnpT2kYWDx6BgKS7wCOsZlr7VQj6J4txzpSNK1HALM1LI7T4jsZAbNvd1naHQKBXXlPyRS0grbJFqm3kS2YZEllMuLl5JGpFXEhIXM6dcyf+qnxQydE4dudutV+MkAYxWLMC55UuZ+i2XDAPuE0WpZoD3gCyvpWqClAptmR9dVk/JfPqmgCtE/KyewvMefJ5AsJSgNOgotZKSUUvr3aWi90F6JqVPWUA6ogUhBUgElVFFht6jH0n5sN/L8Sh8fCsxhiOZMOWnFOB9KVNLirj6XkaIEABQMoQqfRMvtRbOx0/ypt7SXfDfJBmLQDz40kjjiqkMpguAtfCSEWECWAWw0nmbjhEgwS8rYnSsAil+jcLeCkVwIQRXFBJPYG0LEgKRMLW4QwDh3NrJFgR6yS4rL+qsC/UYRSAyAYoAIUAIhy05URlJJHFfnY4cmCIo5ZpqveTnWcu/BXf8UvW1ox3A++zVjHn6icgWaUY14zTr2HJ+8epNJwDHQUR33D3F6bKIrfTliBWAZ9tJ/bnOldOno2l8ZPAvcZKUuCNQPfg8k8UHvKelUot2HZDdLoh8/8BBIMvic3jKYWOnMA4ttrPbRRlk9I+1N0dSGNefzfUNXoq3lCJxvGiE04jEKiDNcqdRlJ+V7Qd025Oh8FHVw9SSxPZzrpQG1xu2RwOJ9yzxGMUBz6OTxMQeZq4fAQ7LuWXmtgSXIPCJHz9Ocqvy0KdcxNW4foISV844YMltyf8D2BUmRH4CXRkpS0ZvhliYSa9IW4140tt5BX16W2Ky1Koplw89v8lPAiJ1m0lZOZRCebCdGSC5uq4cdOGSm5Qz35Ko8dHM957vOwGZ2XwPEN/oysMPjnsv50VBpjGCU3XsaVeXh1y/0gPKYgM54eh6w8TRN34IwJsq3vj6JLCPEdO4KlU4Sz/Ls8bBDNyJB6lXGpHRTU5Klq/sFPnkj6RP/A6n3+byJqoFjURqSWL5hZdneVtuOvGILTcF9moTmXtsJ0QihSyWpaigJOF8FLe6ToHH9yllxqSaJsTxk/33MEUnSQ6GPK4p08H3jKzpXRUo/SoDKwc3rSdR+gn+b5dvHNMqPCUFI18IhAKAHI32ywkb8Qwlo76+93PflcSp0RtJAacg4G6z4tNaLt1cfvCkuwMCcS0dtxsvKi7jLXvpjhSUsXPkbRrlUyMRaR8yEEBy4G1DQxI/srBNnTd2wjtD+aP/CfC9JQEqERocJve7CeAjg33Xfk72Hn0q3nPX0/sFeUT8oHoYpPgdGWmXoebWN9H9uTPXiHRvuGy3n8u1bR3JZd/db+/7bSdTH3470IkyWIaQN+IKy0iqA/UrFz+m2gPOO+CXXSng2X7mgYVKulb3U0ZxOpKmpK9FPPAApEpYsPR82s0DkydT16mCG3yyCRWCupss8pk0fqvLp4SJNAdsMwABAQQSACgtDESCtC0GcZ1Nm9WyszqZFbJb4BwFCiEIouOFAgAABSAMKAAjwBgwQq3qXKs7IUAIIhAMAbqJpgkocF+9vnorhAIBztuzIjQvR3EoKaFLQLjVvJ4UdW943Crr2ozKE33fUkjk5LUcAUM840mGxXnf8W3snjGlW8wAgH0AsK+CVfrXL4XTeIz4/tggEP/TxPNSPVWHfuUnOymS3gdpYma00/wK1LopsTY6fUnfnQ2+pQFICc64EjddCchQyvf8LJ1RUklrRP12U4oR6hJN0s8ZqmxcI8ETp6kugreg2EJWuCSQTBSpAZ/UB4/0KP3vWA7ERimVyR03HR3lJpfJofRXMsD8FJG+ET+pfVQnng0lYemxOrhxLM/Wso2V1PCdRyHwyG8NFqZKefSetVOM7sTzge607NJNwsIJpzokTLtSFy75ws1+1eybegjuVE7t03vWZn9HMKNzR4bNhszeANBPGy8LB6lzB9FdmepMTOIH0U+ilChYij710yxN/ci6Jk3m+DnI+w2Js6AlVSE56X4BGS90Z4oHLKRQWLoyYuQp9kxvSFGCzEo27S3ZatwPBDKp96fhHawQ/Y9IwUTpUafkBuX6SvQKNIiUpk7rMU3/YIYvrjr1c717B/2Dtz+UJC2Z4TlnAsl+hdWJY+s5E8N+3q9kHNJ4Bvp+1ZPcnyM9/LIvXY39xxIn6V3Zv8rkYEs8S7xRcV7wxJP1qCus/7P3DH2kUYCk0V2qdXOegfQv6BNDKQ95mksuefD9coArXc1IotaVkF5Dvohq6pVJtEkuaPrTng7yzXDXENsf+I4Hj5kmsWdW2LpXZh4/D/q1O9jc7gN7f1eG+ePVLHqI7IdQtiOU6QH3fdnhdyweOeT6nxzpe0Wig5eM9gOQ4jelRGkztS//SYHfs0U8UNF+2EqAcfT2i7AnoswsfmZKCXfY9kLq4t1Mzt1/XhmnSQZWti/FlV0OKCSFHa2V+vZ09Ax6ApAmjPyge71L2wtZFTL7S097z2fyx61/KQGkhFFGqOmMQJqYcXjOr0Nte0gSBN4USSTFkJ7RUX3bZyxuJUzZVQN7atstqSeEQACBQnAUAu0UqG3CW6enACOoAFBKKbXigABon7+CQJFSJFRYmQEhFMKCmkia5qBeWb07hS2sXFHv5oyEhFCq2Cc+EqUQy/sFJXJ489ghuccrBFJr1myCUZ+ysKW1sEAl1kjJJqSjky0UbJngK/hACQiQeRV9etPRXbJ+s8jiFhNBWg2EgxuglB5xk6Q2op7OB7DNQnl+SsU3nuNvCxp7wxkLOQc+d2GMtyuIM3NR+i6TUCqMTCkklqQbuBJGwg39ooT4tDrY09ezBcAHmoy486TEAT4QbVZ0ZJpUbuct+nCiFYQgCgDiroB2q+UAUZ6dvkQNuI6GALduCOQHfDzjgOmMsDXsRIDcpiyeJVff32yKu+f+5PIOWGxMXLrIQsQdU1vvuAcpgUsnZ7iJTFs3n+RkmYij2pFIv4F8sq2XSSSpfOtDBKX9NAgI8LnlLv+6ZJGZITVq5T0mf0IXKwd63/IJX3N2bZLnbbj3wBtRr1VXuPmLj20+96IgrtnjlMU4tW+phqmna1zz2yWUHfsWHuCZnCwEAtRj+zTZ69HHedmeB1aptgySHWGwR1dKQMg8Lc09l9AZtKQ0MT26pQhn55NUt2iLFEtUWF6/I7PBr6c9vDySobvWwtVMQMADzq5vc4fGVi4gRSHAqwv0ALLG1Z6ikgwEn1CTpB84CoW4iWefNHERxUwizepGst3RZQ+nOsP97FFBUpAuqXyJJhu+9JCgO6lceY2pUlhq14PJoXkKZi7BpO8+jvWIJyvRlAp1RzB7tRG+38ClmMwDUoWOHxhXFrugO5R3MkyeSSHXPKQ4CXL9R/olxzhdXBzCyyh4GtPDIU3pZXSe/c+mDpFkixJ3oss/e+1LcttrS35A4n4i/5RmRruMKYdsnJJ8aXoAgHdeWmbmSpEs4Ayo61r4pbM9aFJkVmoWvdfl9tNiWuCmFIlsU2YUVSA5xt6TklJyZZXLS+muQabMp0NDlOWEJPlsXeZAsz/qebKJSCwkZS1k1eK5oBkcHMlMSFWGco2m/ICrgDJ53q5YRgAdkRtCCEl1OOj6YEglj2SROcB7M9TvImR0yiSJSjx+cR+z33dib47hLhusSvq8d+McUurT1lkHCGR4IYHMrqNffshCMDNKDnncCIp3Ayklhwzs1BJLaqpi950qbvZ3+ZITLmyEgs5JKIjnTCqqaTWWbk5oYVXVAgSFpYIFAhdCEGHV0wq7QAis8jrqbhhJQHJ6hSdZEQlBhSABSlXGCKLQRw3MOmNiUU4ETG7t80MAAIVtpniBcql+QTLqfAZpJtltzzLbtvUmjKRufQ+77pOsDwhx2NMhH0EABiBsvkIElxrErZj21K/XG7HWRXuKQpY3bncECAEqL7+Ux8qboS4ujslh57FtghHkBACBWv4JdYAhtni1B8pRtFKbUuBdAoE6rE8sWx+dTgkIApwACqAIDJzGXV0hKR2Lt63tR6gTV0TbxCNACQVHiCF4HwCRABI7v0iQUKnGCj06ONLESa6mzwefyeIK4FRLhBCKAsA6Jc6Oc1iT3xU27njJUxgJcdjC5V6kAAIJobYgdauT3H3PEOwV0tI6JS+MAEBTZLUzORCRCN8OsUg8n8QaXyKB6o5vCh3slx1OcCeCJ0cJCGLvYu2xCQUEgsJxgMGzK1x/1LLBfBaR77K5XrYnJCztqWcjRXwvEWLNJonzHbSQgCAEBVIEShyKE1+nVrM2a6E0oPL4eh8dhHzckwkh5yd0pbtDGslsQ+EMsjUd/Tg7fyxx6KgLYYsWew4iIe5iZWu8JPyIC7FrMKAzI4glhVylbk2tlJykYzNx29sBSlzB4oyjJ4X90LvnenqKTtJfrvwTzsJQApyA5U8R4q5tBOEJQ2+GulamM0p2+A1TRs2lBkojII0OOBPfJ2Mz6E+br+SFzHbRj2NPgLUG0ItROkrdkfponXotPPAJIYLajjp1cHSAtcWypSks3CQZ500iT4cTt2sHaHvKOcIEHaxdHIl0R8bb7jPdSpaZ18et8kUy3ZR9XhfmzLMmw8sSTj47PtNYpdyWExd+4bYfYwFAvo2eYPIadFtI7RElXWK9jftDcz+Q/9+u/YkbIPB/sv/2Z7lKkO1vbEg67vsF7v8/gv+HKxOMXof/QfPMNJKaTAl5EfkB1wvIfBEpfeopl/8Hts9INk+1Oijsvx1fsi5Nk2VqWFLcMjyeh5l5UkuQZ5oOB772A5j0qj8LjfIwuAPhQkZQgEJpl/I8buiUEmqp9v0jbneXIdWUdg6xBG964GV/D6bezFiAJXcrBHoDJzWC+xlyyYBLpXfKUlc3cmoNdkrEPH2t8AHaISmb7BMihEAEQomQrAfbALPH0NNeTi823X1dA0FE7lRwBlXYUSW+mdO8fEMskbT6o4CEAwjkQiAi2llN2/agAIRSIHb+0/pM5VgpAUBq2dxUICBgXg47dFDoxFHh8jzGuezuEERAAQgoZL0lUYk4NHTjWMSxw1KHEPxc5qTkPCM7U0TE+WYt4yTM1vHO2jpCbCDRaQwAgQj0jlSXJhJYVg4lgEiEZQ8heBagM6ssLCkhxF5Ji9QzHohLAAd926cWfldNOA4xJYKiiQACmAAFwNoe2TKVkNjOHzr2CTpmDyAgChQynW1VSoBQdJb+On3Z/icDAxAFYYKoAMTuy8UdgBBCqWsMC7Dz5BSlixBisY3FjTZqCALR8T+5gzsTYMcrHGq6bh2xuqbEzcpKWYg0LeAgStw5ZBt5VtjFdrY9Stj5cCDgm0HeByFAgJRfciYbJUCodYgusTxKx/9EIYQQSAhQ6swaBLvgAIhFTgTX0KYAQMEE5BwJR4ZALUangNRyBi2e9VxQT7S5rJJedujC6y4odcx/pGjhxFyDnQBS5IjIkQqgDlfasUeLewkgCiEQKHEL8gn1PAbL2SAOAzszE60pYtOcEkyNxThutbAmlB2+sCcCAcGAAwAHhkA94hMvC02JvW2xnw7u8COAu1cXcWhjpzRRmonuDkboTFHJ7PSRXdIg6ET0wD66yiuldjojlvMAxBICKOwhIwSAAgKAsE6yIuBQ3LEViAuApOYRheAcAChlQCmiw6WunLLLOTw4KXAKAlAIIIQyAOoVFFssaDuKaLlkbmbWEVooiSkbFIuhhUAEEEgRgCInyAkgZZQSCoTasR5ibRhACaEu5ewpJgQAOp6pPYZujIM4HC7cGJlP/UsbVzrywvniCG7HvgG7aas1CwFOiSAAgihAqMVClBB383mb4M7Llop0dkxwAh2IFAQhnFJCKSOUETfHbIfhEIAIASba+yZ45obDG1boztnx3h57N4uJQiAgIdTZFsKzbZxwm6OW3TkP3lMpdVsg33THwh1R6av7ju8V766ts61vNhwux0vvegELN+3jtuac8+5mrmSt7SaN5GdcLOQYmBeXcAnr/eqe2bBfajgI2k85MdI0E86iq9uwlNGXrT4pleSSKgUp56N8WS24QMiY7t9FAYS0k1dSEfQgd/7ZLxGkQiA/aPIz4OYmrI0iHcnhco9rVqW24Ecufbjdv1J/qcj7eQB9Ui71km478T3JgnWw8fB281N+w/4APpiUdPW/IVPeLY61ed7HM34x47TjWHJE9iZcTeC049gxvhG0m7aAcieFKx1dL8J+MgPFPC8UPRK5vJ7i4BDiI6CDCyFpnCmbUJbdbIk4l5ksbUsBgUAsZiAX2TlBD28/2WUYnDsSO0lBTJf0qQIk3bkDyJgUlR725pArkbwYh6W1BKLcmeQ9ZCgH318QKB0Iv3zLfHnsuB80Up4GjwWJEEIIQSnFlGonV53auHs2gAwMAdcZA7BTPUARKSWaAkkTq+vMljjaOSkBdv4TQXDgArhjSYBlBxCggJQApbbdSryiBGvjG8IIKBSQgM6hMJtUFisaA+DIJcAQAAXx1tFJEEvT1nESnAlFvB1OiCPwJXyluY6SUMEUgebNbvc7AQLM8h4FF4iUUgCBAgEooRQce9nhSNeURMd6cdJmtm9nteuaZa4et6LVxN3JiThFmylyyqWE04kTCLCMOvSmDAiTIwLVEBghyCxbllAAoBQsB4XY9cOIQAilBEGgsCP2PhoSQqkzOrYHiY4HTgApcM4FJwpQzeqLSC6hZSPZHjWCaZgCiKYxYjsBxPLAHHDQ9vCBCCTI0RCCIFKKFDgQgkgFR0GodQKQaXJKgSnU4TrixCMALBudUlcsE994u0xmb+knMSGiba+7Y+BVWhEKVppHjncLEJZoEODuJu2VLREAoEiBMifHa/miDpOBY8TbIQzb3QDBBXDLVBNurbBlInHkhkBAogClBJB6deCCKqq1BDtFf1ujJ1w2cZWOu2rClh7uDLYsbAREIZAyBamjGzlyUxeIlDFCXC/ddgqIFZVgVjwFBVJAQBSWG8q5QAB7/KRJanndQpiEMlfbUYJWfYWrm8FRjsJ5BRFNjmj59iAocgQUQAlVAAgSoE6GynHqCJGLDiUKoUQJewbbeNkK3pFCMlX3a3cQn7VjTSvb2aCUECCml+H3atct2jMHWkBhGEgoWEMKaA2ioNZeJwIJIYRR+33nWCwfKE5FOgKzpi23/E+wI302hyMA2IEDAgJAMIKEMe7s1e9ukUDA4VTbEwbGWAot0kxWIqynEUCAEIILUBgwIihBBIoISCilzBKxiMgU4k9GUEQwTROEYKri2VyOweAytSOd7LlDPLjSlmzIefWUlbRORMRebAKEEWRgckAkGoAVyBMWte3IGXU1ko2pXStkSWnL60ErP88ZJYQphFLmWCoOzwHY1UaWJPZ0tA0wsf1yK9jv85yBUEoQBSFgcluME2qLU1f7+ISdk7B1kPZZbyiR1yYyOHoNMvufxJtVPsmTnoiW90SQH/SMXYsersGaZnqhWznphAzcTtMtzpQXZQi9r46RADIruKakY1DJzqpHAPS9SlJ+tVH2+RJpUGW4ZP8zTXshpon4/7gw9dgNN5aaSl70uCTdNHU9HN8Pzhilhi3cBqWpmAE08H71+Z9ys16owv3ol3YZrGhpdNB9yrUWU5G2Wd3vf2Zu2moDnSi4e3d/jCqJKa89SyK7klVuPDPzSs16JwO7shDtNj3quEamC7LLp97QuzRKRc+5bykW2QiXH3FUCEn5iYAnlkHCkUh7QblM4RA81Qr3wyWtZAQAKwyHaIUD3R2p06WFj/Ip8sQa8LRRk1+RXdCM/mfKcLliSELDQc7PRoo1Wp4cJr65l9Kfr4cD8odMRzsynjY19icf3X59D/gDRZQRSpnjBHpQoTOYGcBx7E3Z8LOgpO5sAjBMCKikW4W6P1khBNirQL0GAMDOcRGwbHQZ2HRgAFBwDk5xo73bkAB7Qqdske1jnZSWqCe6HIPPVYwuTrJ4kJgBvG0pUoCzXqMIVkm5qioWGEndRMEJYSpjjFEA4AKdmY/cmh2IhFiOGgFKA5qiGwYCEOCAgECFsAP5lquEhDJqW1sEgHNBCAhJRBIXcmt0CQr0xsvKXhAU1PJ9EIAQLaABkIQhBCIFQUEQewEF9YaGECavHLYyc8yODUlGCQIgEgq2syrc3TEEIhCglKqqmjTRQCvjwCkRVk0dIAVCLXKiAACiBTWw1hKj5RoAZZQxigCGYXDTJIQojBFCBYAAUBUkiCYHqqiAyAWqGqWUGAYCgUg4YArOuelsaUrBRoAoCnMH1PK6UkLy1j8271BChLeBkKopjBDdMBGFt4e+pUYc68vlG86FQM4YIYAUgQvCOXddSmq5BiYgEcAYpWAdOMQFWvMFAay8Fjp1O4hgmhyBKIwAoslRIBBnk2sCQICoqkoI0U3kKChF6wxdpqoKszjPmSkECRAuUAiBluuCSAgolLri3pFPYAcABBBmuT9IQAASpioqEAQwhTOOhITDQQSIJ3XLOUarKBEJElAVUAkBSq2Iv2JbDgoCcI6apljoc84J2KcjoD1kRGEBw+TCjlkhpVIKzBs9p4bV0jQCNQUQUTcFo0AVpiqKYXJTON46gnBKQ21FZ73mF5XefmcIFsHAWQtEKEs3oK2gkvzdL3Ytoe/ct6MTwAUJBhSTC4OjXWzOQYDlTBA3z2MJMoGEERYI2AxjuW+MUU1l4KgYy58EK+gDAECs2gTqtEQoSyZ0SllAA47AheXDoltQbdtZCAAghADgiJxSYoIgXFCm2EoDQSChjNmTgYDCGCPMFEJwOwqHiIR6OpY4+saJVVnDCopCFEQh0BSIAKpCKLWEACEELLlqx8KksRcCFEVh1C70ALQG1iUYoGWeIHJEx2cGn0ZINW9kHeNL8wBBggIt3kbFapmpmgKoWwU7KCwZjgiEEqCUIUUg1ulzQqBA5AIRKVDLabNGR1AGgFTVVGs+WjNbcAH21HZDIwjWQEmBIkAEQoExxysDYsWFOTKVEXBiXQQIESY3CQAF6ghGRxGmSEHiRK7ApqlECJ/V6oyEayn57IhMz0ovpU+PDMD4LJz0V+QrLeti0Sv12JWMJlZ6XiEFVvQhk4IhSKimPEYkgInzg5N1c54BybT7LytSxtd933nJtqF9QRQb9wM3JFs7jtUk4Z76yUZSclMJpBal/F9xSH/pP0mQ2UhGj+x+b0NuT6J/hp5S8+TpnpXf6vQzuKs90Am6St0SD2zPrUgH0GN4P45+KqUMsnMzlSzSiHmj6aCP3l3Zl8o4IhJi7g2XK+ToDJEogP9HRnYsKQ8RFwSHvjJQMrHAJ5ocUQkAtrWNCiMuZoSkksiTBinuqezu+V01b55676ZhhO5qjFT5RlK/ZaA1tTr1UwQtX1oCycPBSg6AXfbki9F61EF0Aqg2vq6pklH2+cjqZXFkmkhfEAFh8YqtC5fvMExO/Tl9N3CbhpZLABkqkOql7T4FAYODaVoWj30JgSZHnWPSwKSBSRN0joaJhom6iTpHk6NuYNJAnaNuoO78ZJhocDQ4co7c2r5IAOdgCmItmxRWvoSAsKF28U2liZ/evrpCYpfLulVJQMAKh9hGnV9Veq07POWYYvbAWR6WlWkQCiObt+/44INPk0mTEKLrnBLCGFm0eOktt9y1b0+tQokwTQBhLVejIAQ3TYMLFP8uWf6/197gSAxdNw2Dc5MQDIfUrKxgVlYoKxrKigTDQY0StKClBIIaC6hMU6imUI1RTaGqQlWFKgpVVaoqVGUsoDDGKDrhaJtgFvCCM4Lf//jzO+9+qBucEtvOsf0/h3YoBCVQU1N/x9S7a2rrLZo0t7Rt27Fn+/Y9u6tqq2sbq6rqd+2ta2yJC3tHKUBA0xSGwU1TcM513VAZnTV79lNPPrNnby0hgMg558LknHNucsvtAQKIxNANysjLL7/+3bQZpmFSSgXnBGDZ8rV33f3Qtu17NFW1htrKdxFEhZHGhvaGxtZISL3/oQenT/9e1ZTVK9dsWL9FCFPT1LfeemfRgiWaolpUsIZQCFNh8MOMn7//4ad4LEEAKKWMMUIpoe7FKGWMMUWhCqUoEJELzgkCEfDPP/P/+GtOe0dMIBqmhQw3OecmNwyum9zk3HKhBWAwyMIhDVAILhBQVUg0rEXDwXAoGAyomqoEAlo4FIiEtIDGiBUvIKAwYmGpG+aPv/zy659/UGfaM0oWL1ny9nvv7NlbFVAVlZGAQi3ErFEzOZ87/9+ffvpd1w2FAnJBAAMBbe3q1W+++W59XROjBLmw1lITAgojmsoCmhIKqJGgFg5oAGCYmEhwk6MpCBdgcqEbnDIlHAooCrUq6gmAorClS1fefOvttdX1KgVTNwMKSSRir7z50QsvvUOZBsKKwKCbum9vN6ob20xT/PTzL9deew3npK09NmfeAsPg8Xjs+x9+WbZ0DVBi18HaiXhQFbJn95577n0gFkso1KraZSbHpM5NQQVQgRSRAlJKLWcfUHAUXGFYV9dcVdOoKYQS3L275qab7lywYCkBgcKakoKgABTEOnebICOEMaYw36U6/2kKC6pqOKCFg1oooAUDKgEnr4aetiGW2PH+A+JElBEBPX1jlQMgIOoJPRhQfvr5t2uuu37l6lVMYRSQMVSZ5a1YazOFVSxhGlyhUFVTP/2H39Zv2EYAheCGrjNK3v/kk6dfeHFfbdOK1Ztq61oURhxPgjhHYVnCTHBughAfffrxm++/19YeIyAYFQoDjVGVAgAHFJQgpYISpAQZQ02lkUgooGlPPvXMO+++GwxoqkIZJQGVBTVKAYXg3OQqo7X19fMX/VtVXaNqCqOgMKaoiiLRlTofFEUJqKqiKICgMBbriNU3toRDgZ9//fX5559DUGrrGrZu3UEoae+I//r7zL9nzaeE2qYXtUQCKArMmjnvnXc/IoRQQEZJyggq1ggqSkhTGbUrVRDsIhHw1DJKH101jdJ/AAgChcm5wTk3TQDctXvXk888/cWX0wllliQXgjshHUvjEkIIY4Qxoqo0oLFwUNE0iymQEkAUCqPJePyu++7++69/GKWCc0RBABSJGxXGVFXRVDWgqcGgFgoFouFgNBrKjgSzIqFISHOMZlvpKwrRApQ4IeQ77p769x+zBTdNk3OTm4bJTdPiXteakMwF2RawFa1LFtuF8uojHFsanUyoZKQSglLJOqBnA7k6Comkaz017d1xEjKuLeKEp70xA7fBVENKrvcD1/qRrL4Us8p6JYM9ZmdC0+97tSEOL4HLSikt2HaMY63Z0Ei0dajkNW4TwfGciWN8+5yg9F0NnCXksn9odyh15Ls8qjhlWY5djtIQyG6Mz0OQoEXLEbUkoMuUGS9vID3IHD4ktt73dZ1pCDyig/Sky0yuk48yDbyQgN+0RldOu06ZZyfKVLehcX/0YeoE1zzbVVrU77g7jtdl/Uq8pK7bNThM51q6LpA2pBK+mYmcyoTucnoi2YggEcrhUSKZys6kREBHXbpPo8snLgou4lYe2DO10Sn5cIkIJGV8fERDdABzZYufeeXPrrgCBKugTyEKo278BaWubefI35zkIPmois5nBwVpyYZFTPTR2XUG0znfx+ySP5ZyKamDmLkqxHekCgHA9Lnh6zwlAewECNJEpux4y6G7/TVs/WoYfOb8zR1x7N29JD+gGhxY+lSFdLHhfHMFC3HqcgDA2zgEqDP3BcrvOXsOEaCAwpvujgdr84T32RovezWV1JDrX9qs4QinNCh9N11xbHXrcYaVYvMY3AUSANBZxYcgNUecdtJnsrOuFRkIBEEJIwDz5s57+umnJk06uqQkLxwOMMoAYOvO7T/9POOG664BAC7sdAIlBICGggGrSC0Y0t59561xo0eNGDbENE1FUZpaWr/8dtqKJcs6Otra29q0UOiQESMvvOiigEIYZa2tHT//8deePTtNPSl0kygUhWAKM3TDSBqmaSCAqrLS0vLjjj++U2WFkRQW9gLRjscLQShtbWt+5KF7hcCLLjrPYnohgDDBqFOmKYAiNrc3//TTj2dMnlxUmE8pvfbGa+f9PaeiU2ctwIx4XCARhDfV1Zx7zqV33X+3pikCKNMI2iv7gDIiEAPR6FtvvdrQ3HTfAw+EQ0Hk6JwFSwAIB0QEIYSBIkjIq2+8csZJZx577JHc5CbnjNEvv/r4px9+ueTic0zTJEAEUgaEEDAMIxoJvvfemxvWrX3nvXcXzp4L3Dz8iInnnHv2uWdfcN/9d+2r3vvUs0/fedvd4w4dETNMSqmqUiDADVPT1N//+LWhuv7goYM7hTu9/cEHM//8g1EFqEIRVUVhlFJGOPKsaM6FF18y6KB+8bjOBbCAkkjqzz//DDfFa6+9kp3dKcGFyqhw1BOxFjkTonM7CfHVtB9iHe2nnnxyTnZECFFVWzdn3rw9u/colFoyTAhBCOTn5h1yyMh+/fsSgKRu7ti5u7q6SguwPXv2fvfd95FIKKAoJaXloaAGlMybO3fu7DnZ0Wh1335NDY0lJWXde/ZUFcUwzGAg0NjY9MJLzzTWNo4aPZox5JwTomoAS5ctvW/q3X179youPsw0TcYoU1hHPL565ZotmzcljSRhSvXeqmhuZPjBw9999/11a9eGI2FEEo1E2tvbYvFYQA307dX/5ttu6dunezzJNYVyIWbO/PPTjz+587a7TNOw7J8du3bec/ed5551rkJ4nFsDBpQSwQklYtq0r997+9Vvv5uuJ2P/zPy7unrfBx99MOufWb//8vumjdtvvuGqG26YOmBwPz1haKpqueKWPtlbvefzLz69/trrsrPCy1euvuueqQU5eUldZ4xRIJwbhBCmsEg4cuMtt/Xv29swTUBkhG3cvOmxhx984unnhw7uu2vv7vfee7t3714HDx8ESJjl+zlahSNRGNuzb98dd97Z0txiGEmr7DkQUBWqUMpsmSREMqmrqsK5OHzixGuuuoJpQRQCvX2jfPaRJ2wdQeOpeyvChpDURTgcWr167fU33DR65PDiwsLa6gbd1AmlAiESyQoHNcuIt1ZD6IapacGlK5bde9+999w1tV/f7nqHzoUJEJoza1ZNdc3EiUc+++TT8fb2J597tl/vbpYKFwhxnQvBGWWAoKgqp2TN6jU7d+4YN3ZMr549W1rauGEKYQaC4Wg0whgFEAQBCRFC1Dc1bd60uamhbt3q1d98/fUhIw+ZO2dOQAtSxgwhigoLO1V2AhCcmwBKMpF48eUXt2ze/MhDj/Xp1/eTzz5auXKFSpXW1nZVU3JzcighjU0NSV3nhllZ2eX8Cy4aM3qUqtB/lyx+87VXb596V1tz+5IFC+oaqp564pnW1paPP3x/186tU++69dCx4yeMH60bXGGKW2TIhfj1j58Xz1946SUXEEJ++WPmCy+8YJXDR0IhVVUBEU00hN6zR7dLLr2iW48eHQldZarjD7hZQ0wZOkRXedk1CJQSTQ3IeqGirGTvvh3Tvv26/4DuQwYNSdUaAADQ3h7ftnNnIhFvampUFU3VAr1698nJiui6ySgRQphE6YjH58+d07Nr7wkTxxuGGdDUhsamex98oKW5JRFPUKCKxhjVGKWWoy8QLU9VDaqmYYwdM+7CSy+ihHEBAMAo0Q3e3NySn59vFXz88fNvPbr0OPKow5iiuuUthsmtwgfJP9yvBUNSItr7ecprw6dWD2wZHaBbuwH7b2pay+8VEGk8UyG3Tdn03tBx7QQKN3Xj7z3DTW9i+yDJjMsBKfYfuP/3SylOa3p7mVOFGS+f7ZPakkt6N8V6gMYxZagOzDUZylPt/tHx81xeOtAr6e//X7o/IGiuzer1mGEJXhp8+/nda9ZPbHSmif01FduMkGXAKjWJl+p8Wn25/pU8MVLbc2Kq+8UoDan938vgh/n8yP34IuifZi6EPuvffdCdCAiUEW6K6tpWAqK8LNdChBw4HYuu7U/cru0vfoli6QbZ9XPe8fO89Xn/XlsGzJ1Lkf09dGed5TLaX91eiPsMce6gdLYKyFv7yClN9x90jFjvDUkK/MdiVq8xAcQ0STyuc6tu1YJT3ozQ1R9SECtt3nj1qa68Jt5nf0UBOGFMp5zE22/HRcXBFN1dO91n5EhICo/ZBoClGNAddDtQ5OyUaBPP/uZ8BSnyRezdORB8SyUsulPLf5YwkrnKQlzYfwHtTV0Eck41pa29Y+XK1Xn5ReXlhbppxnUzGtYAQHARDIeDoQAiIgpESghSQgmFf5es+PHHn7r26LR0yfJ1K1ZdffWVF11wcUtbW6dOlUccMXH6d9/UVNeOGzuOAM748afqfVXnnnNOiCmMKvUNjZ989EFNTXWX8krT1KmmNdTVNTbUlJSUamqQMQJAm5qaOE9269q9srLCPvgDkBKqBUMIiAKZqkycOPHwiROX/vvvGWdODodCwaDGKACAbnIrIKMojBASDUfMRBKIsHYDinfE8gpz7px6a0FhYWtra1Z2dm5e3v133tbS2ojIARRCaXVV9b6qOkXTBIIQPBgO9ejebfLZU36f8fPEI8YPGjTU2joHAbjJw6FQdk42VVVVVYIBZfWGjcVFxZdddVEwFLSZjJBFCxaff/45vXr1AgBFseNBhomJpBkOw6BB/b/64tOq6r2myRsaGmrrqtVgoPeAXpSRlctXqKrSu083Smk4FCTECjwSUJkQIiscwSKuqEwIsXbVqi2bNh0+fkJJaZmeTCKiYRqEkGUrlixdumzS0ccOOqgf54ZpYiiotbQ019XW9uzZM5QVrWtobG5qIVZ9MAErbWqaRjAUzMnNY6pKCampqX7xxRcWLZx/7TXX9ujZc+2atdO/+aampkbTNERklABQwUU0GqaEdO5cGY1GYrGO76d/9+evvxUWl3TEO3Zs3540zFUr10azsnLzcijD9avXNdQ3791TpQWD9fV14w8f99CDD5WUFOtJU6WB5qaGxrrawYOHlhTnSnMMDFOomhaJRAEAKBEoFKIk9eSsf2Z9/cWXHYkYINf15MiRh/bs0mPh3Dnde/Ycf/iEf2b9vWbNiiMnHNG7T/8Nm9bOmvX7Kaee2rdPd4USxlhNQ8O/ixafcvpJpWX5AGCNz6rVa8LhyK2336QwRqhGqBLQSHvMAMBoVBswoE9rW+uatWuTupHUjXXrV69YtnTCuMMJgebGRt3EQyeMCyhMjYSJG0VCEEKgKdQAUzXFNM0VK5b8u2jRVZddnptf2B5rA0QKlCnKhg1rFiyYe9aec/r07mVtq5M0oEfPbobJLzz/nE8++ywrK5Kfl2Nwk3MuOAd7vScCEMooACEq27t3799//jblzHOy8/JjsXZumLqpC5Nbi+oJEEqpEKK0pOz7H6b/9utvl118QTQQ1AW3j4kiXqbHi2RJMseJudoGP3KucwwGlPqGputvunH71o1hLXDtVdfV1jWqAQBG2ls7+vfp9/Ajj/Tp3T2RiBNCTI6UCELInNmzhw8bNmb0IYZpJnWdEsI5D4UjAMjRvPCyi1csW/TbLz9Fgqd17lwOAJs3bXvqyac3bliXl5+bTJpaOCC4vmnTJkVlt912B0GqqQgciMBobvbkM8467tijgwElqRuMMZObTz7x6A/ffdepsltTS1OsvW3T+o0PPfRYVjgSCAcWLV50/HEnPP7oI6FIiBs8kYh37lRx6y233HzTrffefc955523aP7Choa6o448OhAMBwLq7Dmzdu/aPXHs+NyCnPZYbOjQ4f369UZAU/BBgwdl5xd8O+3rksKy1tb2lWtWBiPawEGjAKClubkgr2D0ISMIIQFNpZQCgLVBl5HQmxsagIIV/lq6eNGm9esevP+BRDLR2NRk6Kaq0mAguGHTxkVLlk48YnufPj3buUBmax/m6VxwlbSjC+yRtKw0TVOra+vffvvt7Vs3UUKbm5sZhbzc6Lp162v27b3m6st7du9LGGtublY1lpOV23fAgAsuuLi4IHfW7Dn33Xt7Tm5eU2MLUKHr+tQ77jnn3LMD1ibRjDJGkobR0R5TAgoBCGgqALS1tv4+Y8aQIUNKy7o0NNQRIIaeNKwiPm7VPFBGaCQUXrNj3YwZ35993jnhUIgLJICaonz/6y9ffPLxW++8n5sd5QKEwA8/fn/VqtXBYCCaE23viHXv2uvii84PhgKcC0frupkIiZMl8wb81pgdVLFXl/isadt68BwWybuXTEhngbPfspKoLw0HuhYCcY1XzxLzDBo3y0GcHxyzEDEFBr9vmZ4F9ThDAsvu1w+ql61KSeCBYz0QJz8rt+m0Rlx7x9d9mi0rX77CQwRpjGRQJWMG/aBKkDuNS6Nsj4trhbmZqIxeX0YbFb1dYSyCeBmzFBPUD7M1ftKgWg05YRIHYPC9TjzzD1yYne9e1stb8ChziI+f0bM/ZSCJ17jfiLQg9sD1BL7nREqlt74evYGTCWuh662kJg4NPI/BNZZRooC7R5dHBLAz5wBOabSzlNrv1Ehj7bUO9kpqZ3mKAw6RH5FgcS4/I/hKQS1jG12i+Jry+MKaqX5fSaZG6iJz5zwYYnMIKBSaYsnvfl2hMXLx2WNUlSKCs5Oj/Y6cPvRxr19fp1yYkvx0uM7BSaKt67SkTA3PT/F7fK6oBFB8kFrs7g617KvtD/pU3zDDZbe3n18zN36gy9pWFBE5crt94YCN0pyymgbXy5eTkPI4u9zuMomzXhr8otIToCmRIT/g3tkSKQ68nG2Vwg8yoMK9JW1bmvoSsR1TYm0uQmw+9RbDSpPcDqqBLcf9gRGS0jA62tiZokJR6N69dcuWLqmq2nPeeWdv2LCVKWzQoEHPP/csBWGaupVQ5EJQyglaW5ySvXv3/PzzD7369Bam8eTTT+7ZW/XZV59X7d530smnjDv8sHAgMH7cuAfvv2/jlu3LliwdOHBQdnYomYgzVBExpLBTTjzxxhuujSWSgUDg7z///N+zzz5w/wO9evdOGLrK6Lx589564y1D1wUiCk4oURnM/GfOm6+/mojHmpuaCSPJeLKxpYWb5opJyxAgkhUuKsg/YuKRl152qaaqBMA0+erVK9ramg2d79q7W1OUgwYNiYbCZtLcs2dXezy2e9vO7PyceHv7vl37ho8cTSkVAikljzz+6HfTppcUFCf1hKEboVC4tKyova29ua31occe5AaCABBmQAvF2+IjRo1+6OEHy8tLFi1aNmPGj19/921jXcPdU+8yOC8pLnni8cdnzf1n3Yb1DbU1s/7+u6ahISsnu6Agb9JRkyZPnqJpasLQi4vLCvKLP/n006ra6qq/qsoqKiJaaN+uXS1tbatWrw1p2rZtm7+oq+UCy8vLS8tKyssqmpoaSkqKCAA3jfqGhtLSMiKwZ9ceV111VefOnQUKADBNkzH27bffvPrKayY3AQAFChSM0erqasMw//r991OPPbaltcPgpqLYE4FRpqkUAc4578JLr7ySqUHD0C+44NyK8pJnnnz22aeee/jRh8aMGdW1SyU3TQTgnAMgY4QQyhQlKztXCwQRICc765JLLpw48XBFZYl4/Nuvv2lva5907LHRrKys7OycrOhnn36ycMHi0yef1rNXL0pYYXFhNDvLNLk1VdvbOtrbE/8uXXLdddfs3rOvpLTkyCMnnTn5dIFCC2rBYMAVi7phRIKhq6++8uyzp7z2yuv/zPrziaef7tNvwLZNG0OhyDnnnHP2lCk5WVkrVqw+7/wLDj107Np1q2tr6hKJGAC0t7e/9fa7X3315a6du3p063LyKSc1NLbedced4ycc9uXnXzTX19x0w7WNDU279u3Lzo4cOm7c7bdN7dG1oqGhadf2bcced/wLLzzf2hbjBq5atRpNWrWvWjf0dZs2KArduH7Vls3rVUq7de+uBQM9uvc0kjpQUFVFGLivak9BwcCmpua8/Pybbrk1NzeHECKsjU+BrFi5/Lprr6cKs8INjBJFUYqKCv/34osvPP/Mho1rRo8epaiQn5+dFQkJ9M7vJQACUTes8AjPimbfdsdtFeXllocjSThLQ2BSNygBqrF/Fy01uVVqjdZObSjAsYydjZ5dIQIACFQSmygEFyISDNTUN5137gX//P3XMccff/KJJ3e0JiNZ4YKi3N9++/29t98ZMmBwdlbENA0UAggVAiOh4IpVq+bNnnvhRRd36VIJAFnZUYUSylhpUdGeXTubmmqj4XCPLj3WrF3f2NLcGcoRsayi5OzzpjQ3NYbCgY62mInY3t76xedfEOQjhw7Nyy8o61QcUIJ6UkfE7j26EoVaywwIZclkYvfO7QcfPOzRJ55dsnTJ26+9MqBP3xNPPa2wvKSttXn3nh11tbWGzkNRe7uppG4OGzrspZdfamxs1gLKr3/8NHrEmHvunkoIBIOhurq6wrzCZ154lqnMNExHAJOmpuZYLN67R6/Fyxdv3bJtx7ZdP0//qbG2UTGgI96hmyIY0GKJjvnz5nfE4/n5Bbl5OWWlnWKxjqrqvW2tzWZSjyVjho51NTU9u/e46OLzrcXNCd0giMFQaOasmW+++aZtiqU4AuhYiH4d46kr5wTfqtra76d/pTFt0KDB3bt1I5RWV+07eNSo4048ua62vr0jwYVZXFIa6+hYtXL5nr17jjv2xJLCvIQejyVi55144YgRo7ds3fjGK69QCrFEfO+OPWpQM01eWFiYiLUDkJaWpqraem7yyk6lQKjKlAvOv+joYyYx1VodbS9OFgK54JwjN01K4cOPP/7r9z8Jtdc7GSaqKtu+dfOuHbuSepKLsMkFENQTyap9VbX1tYUFBYZhtDa1xs86PRwKmJ4N69o4jscg39uPKYKSgeCoTyIbEqlKlXjuQcZlR9K4+K1hZzQyNetYH6m9eoZECrie/eP+uF87LYMZmnKl+HUpELq2KUrPyxA6bl6GdzMiZTUhP+TBj+AbTrkpf9c+55V4ww6Qto2P6+0f0Bb1iJDyZIrHYgcQMj0jowMSTRDsmjlIYwlC0loAAHC2fvCRjvi4cD9YOJVuPjvQNVl9dq/bqN9ilGxMCU0bmv+TNe+6heAQ358wtFwSryrTGSTZ+fBZ+2mBA2cQEACIo+xSPUf58sICacD6PzgjhM6OjD5YXBc0XUq4wlkuiE+ZVi7vei6Nb155noHJeWNjLBrWEOUdkrwGHG/R77CkTzVXWGWc44RI7o/nRlpfiNNT5ksaLSfcZL+sgOyY+VkxJSLoIwJJveEHNfOLB7jShcWBLkTKKKWKtaenQGcmpHlX/glm735n7/FjNQQAQDyP0eYKJ6Rl1zYfECR5oCX5KMfjrGFNYVAfQqkwy/Mo1T33xtH6j9qqGoV1ZCPYmwNb2wsieJkxB3kbGpsq6IWgXHmOYB8dQcjaDRu3bt101plnlJeVH33ciV9++eX8OXMjkUgyaSQ7OgDA5EKYXFBKmVWbSo499uhITvSdt98+ctIxF11wfn1j00cff7hs6YpLrrgsHFADwVBWJEsLhRYvXtAUj0086mjTMAxDBDQEQEppYWFhALlARr9OTk5ODgBArz59CYNBQ4bk5+VYsCWGH6wGVaR2PTkIDoysW7f6z99/u+TSS/MKipLJeKIjFgwHFYURoExhsXjsh++nI8eLLroINI0Ssm/frjvvuGNfTVV9U8MjDz7a3tT64Wcfx+IxI8513dy7Y3dTUysQbGqqr2lsjLXHhADKQCBedvGlY0aP4boIRbSa+pqGuoZwODs3N7e4uFAJKgvnz+vbp29ACdTV1Ofm5vcd0D8QDgvElvam1954+dhJxxw8YlhHe3LZqmXfTfvmoUcenDN3Tp+ePY854ThKSTKWKOtU+drLL33X3HbkEUd379FlxdKVTz76WJfOXf/+/e+2ltZkQv/z199jre2rVqxZMG/xv4sW7d694+GHHzE5okAzmThs/LhHn3jyi08/+eqrr+LJJAiYN3vRDbdc39HRzjRlz949Le1tsfaOSFbUNIyioqLqmhpdT6qezYcAsGH9xpamxhNPPXnUyFEdsQ5NC7qMzZjCCAWCBw0crGlBIYTgqKnqCccflx3JaW5piWZFouFw7169DjRfAAilhQUFrW1tupnQNCUajVZ0Kh81ahRjVAgOBHJzsjtVVBwyamRFp8rqPbvDwVAwEDBN0y5/3bFz585t3bt2baxv7WiPffrxR/GO9jMnn04QBTe1ECOEmIahqgpBAUCzs7NysrOLSguTiWSXym7lJUU7tm1NGvrff/9FCM6ZO8fU9dmzZwHBxQsWNdTWZedlAUBzS9OXX30e74jfeNP1jY0NjGk//vjDX3/+OnbcmA1rV55w4rETJk5sbW0tLylbv3Xz26+/MWnikT27dWptaXrpfy8ddcyx9fWN61dvKC3N//77HyNqdMXyFdu27vzko48bGhsfeexxANra2hwOBTpVdH7n3be2bNz68MMPCgLNTa2nnz5lytmTs7OyA0zbtXtHfX2kpaUtvzBPUwJKgG7auKGpqZ7aGx5TIGTRohX/zJ5Z2bli7LhDa6v3ff3VF3oyuWTpoli8AzgGwgEUqDI1Kye7R49ePXt0s2SGQFA1deGiJR99/EEoGFRUBRE01VqzqCTisYpOna+7/loQyE3dWawhiLvthivL0vWU9K9AYgoRCAT+nj3vwQfvFgZ54IHHVq5cEoyEzz777HA09Nbb7/z1199nn3ve3Q/cW1CYn0wmwdrVFpAy9tIrr1R2qjjppOPmL1rc0txUWdlp5dKVm7dsnb9w7q59e2+58XZNYaFAuLCg+JTTTrFEpKayrKywFmQlhcUIpKJTp207Nk3/+lvk2uFHHdGte3dGiJHUW5qas3KiXbp2CaiqrhuUslAwUF9fl4glevTo1a9Pr0SyIzsnu6yi+LDDx2Rn51JCv/z8SzOpR7PDmqKQUIgQwihFFP379A6Fghu2bO7o6FADaigU+v6HH6b/8P3cuQui4ciTTz2dTBqEirOmnDWgX38A2Lpl22effqmpTAV11dpV+UW5O7fs2LNrr5E0163buGDOvFUrVra3tyMhDY0NzQ1NJ59y8j333vvmG2+99dabhJGGmqaxoyeef+HZ7cnEnr17fpzxw/atu6LRUHFZWV1NHQHYuHljY129oqgcwUlSEbB3X/PWmEjjhu7KM9eG7Ii1qwq96orrJhx9xIply0aOHh0JBoHSpqaWLZs3HzLiYM45YyyRSLz55lvzFi7UtAAAaAEtKytn7Khxo0aPyM6OBoOhVatXrd+4+bvp04pLCuMd8Wg4rOtGc2vrG2++/c47Hx4xYcKrr72oaSoSICrVAV966pl4IsYYRUK4rgMFTVF10yjMLbr86isDTDVMw95LTAhCkJumMAUQyjk3TZMpSkJPXH7p9WdOOTOeTAQDQUKAMpqdFdUNEwiVnTN09uey1W0KM8s0cs0j98iJVGt8Py+mzAq/I5pqWMjJEM/uRNnP8l6VfWlpE1Kf++fvwPvmhx4l9DwIfe6HTaJ0q9Qybj0IU2BI9Q/spjybO0NbntnkuYvyB/e1DMTPYFw5tr7Potrv5dlqKA++5xumWbb7d1ZdL0wuifa3QPz1vR4TOlRyHa/0XmSjcP8RgUxhCuJmKaXfU7hGSmTK7bk5u0xdyZ9cgzwtROAmdTHForXY3WVMh6Vlvy0zpkSiZ0bO95BH2+XzxTqc7uS0cPrcJk77aRsxu71lhG1/v2S6EF0UMnh0br8WZzjrbBGBASquZvYWk9pfM0Fl/+9UKvln5X9OE38SGzKAuh9SSFu9WZeS8jCR/kkZfbddidUI8TmjrnjOiLQ9oQBTx4NknJzS/dTYACG6IazjOhxLiPjbtFjVdTtd98rjK+LMRRc6dJkewfPXvN5dIKW1F16ndv2+hGQK2dKvdNkgs740YeXOAcDbM8lPHUIQUWH2zqcmNzgnVLG2KgGXUjKJ3JZdejlSABFBUQP1DfU//Phj/wH9H3n4EUpZIhn/55+/ATmlNNHRDpQGwgFNVWJonatJKaWci0Ag0K1Ll+amlra2dkVRuMD6+vqc3LwePXs21tXEDT0rJyfWEfv++x+7de0+9tAxRjJpYaQwpnOzpq52x649jXW1JuC/C+c3trR+N31a1y7dAIWiKsv/Xdra0sYotU4zsCJkupEsKa+47dZb8/PzrAQO2JkdQilFwNam5rqaWhSCAJic5xfkP/vs07Pnzn38iSfvvP22Lt169O3TKysr2qtvz4FDBwPQtWvWlpcWd+56xIplK0PhMKH2eSTDhg0dOGggpfTfpYu/+OKzW26/feigoRbdQuHQ7q275s7+58abburerXcsngwGA/GkyTmv7FTZtWuXqXdN7dOnD+d8x46dl11y8XvvfTBv9pwbrrvp5FNPoowauqEFAgvnzetS2aUwP4+boqAo/7LLLyMAjz76eGF+/uFHHo4Ek3HjtNNO1wI01tE2oF+/u+99sFuP7iedcHx+Zfltt9/Rq0f3yZMnl5WXvv3uO106dZk06ZhBg4csWbp07vwFGzZtQUIUqnAzHo/FCgvLWpqbOlVWlJeXWEykMAoA8xcuCIaiF55/4SGHDG/viKmq4rC0NwkIVazdTVRV0RgoCpsw4TAgUN/Y+PfM2fX1darCcrJzqKK0x9qSCd3UDSTICO3WtVv/Af3C4fDyFSvvu/f+xsb6svKK5qbmaHZ09boNbS2t7W0tClU6OhIG508++XRbW/v2LVtPPPnEB+9/AAA1Ta2pr//591+HDx/x3rvv5WZnb9u2/a67ppaVVQBAKBSuqat/6+13L7v4sr79+nTEYgplCKAndU3TIuFQIhlXAwoACBRVVdV//D4rETd27dqRTMQ//uCTX376FbjgCAFVAwDTNAsK80656OLLr7jcNM22tvaG+vqVq9b++ssvgWD4mWeeq6goE1xomrpq9epP3v1AUxUAyMvLu/b6a8s7Vfz6048lxUWjxx3S3NBy+tlTmqrqWtsat27eNOKQ4U8/9UI8Fjtj8mmd+/R67tkXysrKC/IKrrzq6oWLF/CkfsoZk4cNGVZVu6+uqeGOO+9u60gkYh1ITD2RCATDiVisd6/+FeUVQqCqKrt37379zVc3blyvaTQZT0TCWU0tjTU1tZ+8/0EgEmKMaapKCCWU6Xrs8PFHvfLKKxAKCi4AkBJaVFSICLGOBGHE2qmFcw5AqquqotFsEKAbSS7slb72SdGOjEoT8rKQtCsAhUAtoG3ctPmRRx8ozCu594F7+/Xp+8qrrz7z1JMrVywLBYPTf/jx7LPPveaqywuKChKJpHXiJgDmZGd//PmXq1etfObpZ/IK8x648Pwu5Z1Pn3z6X3/9sX3rtuaONoXAueecO278uOycrOKiksL8PMM0FKYsWPjvnbff2d7S3KmysqxTp+7dO2/bumXvvn2RSM6nn37W0tjU1twajUbaY7GEkTj80PGXXX5p166dG5uad+3du3jxoua2dsZoa3sLCN7REZ+7cHHJJ59XlHfKzctuaWnWdXPewgUlRcXl5RWGYaxbsy43N7dHr+4hAMERESKRyPffzzjnwgtHjRp1yw03rlyzatmKlbv37Fm/dk2Xyi4D+vVPJpP9+vaeOvUWppGXXnzt77/+GdCnR1lF8UHDBk6YcCQAWb9h7WGHH3rNNTeUlJXedvutDblNt9x0a1Y065RTTu7fr+/nX36+cd3GB+67Z8jBgz/9/Mv33nnnicefI5QChYaGRga0vKy8obG+S2WnoqJCzgUl1D9E1oYRBNz9O+2Ne90snb3fcl5u3sSJx48aNyY3N3fhv4t//nXGHbff3aVL5/fefm/+wjkjRnwYyQondREMsYqKzj16NCiaZgrUdV1w09ozNy83FxgUFxePHjuuMC8/NzcvoSd1PZFIxD/59LNRo0aNHjW2tKwEELRAgDGmG0YibmzetEU3kpY3a5oGoSTW3tHQ1DJ8yBBKSDKZsLb8JQABVWEqa21vM4RJgejJREDTWlvb2tvasrMiJSXFMl8aJgYUYnAUzrHaTnJCyqtYBk8m38g1S9yaOpKmpX2Xa906+QS3Tc8wcG1NN5PmPC+3io6p52ZRUPo5xUZ2LX/iwoBorweyQhGIQIC6FVq+TBM4q+TQpo/cbJqLlZJg92omPfdJNq1kYx/dfIkLo/0WcZYF+SPuHpWI26BEBT+kKUOSlkxzaZfRafTGhWR8bL/JTNd/dkxAkDpyfQJw8oQuJK7BK2cCbTR8ZqeLgi+vk6keONUIT7Gi/Vs4pS/6dZtLrWF2/B5r7qQzBMh8Q5xxRc8tJL7aVx+qFmDpQ0KApJ8E6XCBu04b7cCFh7LzJ82V8PUoffbyTvtxRlzrOS1P73OLievNyisTgdinJbgJRq+C0qsJd71LBEhhPCeH5EDh9GI/SCxRluoZp1BaCjmBPIPcQn/5ZV/lgsRLPhZ1ipy9ySIHVmSW9oSBjzLp+w9J3k4an2TggkzoZbgkEey/LW1rdKDMp29QKCMjBnfhSIIhzd65PaO/7faHjmTw05i4p3DZ4+i3qfz+msR1ft2DdiFD2tZsKdd//uyqRvmuPZwSv9kAE/uMARTCPgOdUgpAVq9et3Txwi7duowcMyYUCJoCqbM3n6c/fRi5rAFgHTPiHIynasrW7TsXz5l/6ZWXhMNhBNi1a/eKZSuPmnQ0AGihYHVN9dS77rzkwstHHHKwlUagFChVAKCirPyQg4cpln8IoqO1Y9TIg6Mqa2VMU1Qg4t9/l+3ctuOWm2/JDmstLQlm71KGsY7EtGnfLZg7t7293dD1+sbGtvaWe+69NzuaGw1rhLDGhkYtGKBgH0Bqwc4oVShFRMYYAjDreDhLqwJQRsPhIEfOOUch9GRSUdQhQ4cxlb36ymuDBg7sP2BAS1t7VVXVlrWb/52zOK+0YOvajds2bsldsaa5vpFSzXJcrUtVlM1bt119xRUqDeTmFipMMU1TIMZj8SOOnDhv3pzTJk+585bbppx7LkcBQhBCYx3xWCypGwZjTFXVtWtWxzqS//77b05e4eCDhwUCgdbWDkQMh1l7W4caUDVVMblZWFh43EknvPD8s0Cxek9Vdij8+x9/Dxo8eOKRh7///vs1tXUDBw8ZMnhgRUU5IJkwfuLY0aMM0+jdu/dBBw1oaWmKtydPOemE4tKSDwPKsGFDrrv2+vyC/Ozs7HvvvS+oaTfdfEtubkEkGoxmRWPxOBCiKVpjc/OWLVt69erRr18/TdNyVZVmmpUIEEvqBKCtvW3p+vVN9fXRaPSggQfNmDHjiccfJyjUUKittR0AwpGwQiihEAyHhClOPfW0Hj17hsNQVb13z96dU86cMvmMM1taGhVFE8LU40k9aYSzIsFwmBLGGGtoanju+Rf27t3HhUkVJRQILFq0+J+/Zx02biylNCs7a/eu3bV1dUOHHQwAmqoyRfn2y+9WLF75wisvDOjfL5FMBlStvSPe2tZOTNHQ0PTHzL9OPvYESkhxQcE11107ZcqUd957f8OGTXdOvWPScceuWLX85edeScSSAIACEUgwFFJVVVFYIhFvb2vduHHryy+9OWrkyK5dKhubWgzDKCkuZISWdS7v2bM7AOTkZB86/vDp330dzcmu3le7ac2G+obmkxKx0eNHV9fsDauBnOyc4QcPrqmpDUVCw4YMGzpkUDyRiGZlnX/euUcedcTNt9503lnnVlSWzV+8JBgO33X77X369ze5ef8DD6iKcvllV2hqoGfPrlnZ2bpuIkBhcdHdd98VT8YSiYRh8ILc3Fdfe7G1ufl/L75cWFgsQBBCCIWO9vYH738g3h6zxlI3DE0NaGqgR/eCF194njH7zB5EwQG4oetJHQgQSriwNm4h1t6tTLEOE5WFoY8vEN0zMxAAuEBAyM/LffmlVypKy/Ly8wjACSed+P330z9864NQNLukrPCoo47s1KkcAFTGTM6FEIqibNiw5fknn1m7ZvXXn33+7ttv1FdV33rTrYePH3fQgH6BQOCTTz7++ssvjzvmqMFDhgBAdV1da0trbl4OIeTbad/k5+U8/OC9Pfv1ZYr64bsfrF+zqU/f3mPHjB897tCmxvr2ltYuXbtGsqMPP/zIxx99PH78uC5dKh996JFp06YTShpbmjes37Ru3aZQMFBfUx8Oh1977R2kEIkEa2tqEwl9ypnn9O/T++nnnurff8BPP//4/kcfnjPl7KeeeIIiIhItFNy4aUOPzl1efObZgwYOaGhqzsnJXjB3/nsfflDeuQIAuBA5OTmBUPDzzz9ftGh+JBzkSKr21sTb9GF3Dlkwc/7q5euHjx4aDUfKS0tzojkD+w/s2at7Ryw+YMCAYUOHbNu+tb219eQTjhcMdT3Zq0evF//3XNduXdZt2HjP3fcNGND/0Uceqq1vyM7KKizI15NJxgBAEHCOJ/UkvSf7ie0JICEAzN5KuHe3rtfeeENBQUGAkbOnTHnwvgeeffqZ+x96qGrv7sa6+qamFk3LTyQSjNIjjztm/FFH5OXmCy4UypIJo7GpsbG5pWrv7kQiWVxUMmrE8F49uhXkFyYSCUVRGhrqZ/zw48TDJpxx5mmcc0ChEEIoZYpWmJv18sv/YyqzNui2IE4mE83NrYBE07R4Is51ExAYha3btj71xOMbNm5obGqq2l19/KTjCspL6hrq6usb73/siZfeeCccDQYCGiMsFosBkrvvuv+Yow/jVmwSAX2Op7T3oHRzf1fmBZPu+9bLmWaIXLLmMyRTh4fY//qMOU9bowRqCqA+h4TI7mcGiDDti/OMl4sjvs5Sr4y+iONLyvilQC+3IL+Fnr8t6Z39dr/f3ON/DeH+rhQH1f/Zj1B6NvWA1q/kgnq+qPzA/mCQbx7IQnaB8NU3HvjR/7JJUy/JvUvlHZL2pDeymKEsFpxSQ/dbBvfh/8cI7v+ybHy/ge9NffuZA5SXH6BZuzXIxPHW2KVSOoWC3pPSr2R/r/h7oASYvRzHvre/zGdmIntAYno4I5Ug6Uy4f6kl47i/fpUMi1Nt6P0+vgOf1w2gWzyQ7nn7wfP5fJYGyFCd/99pTwAgiEAJTBjTWwAwSg0uiMtVlhllc7zfefOyoU7Ngis5vdH2KCZ5/OB4l+iCD5IOIO4XR/uA80xKiYsTI8x0rqlHZuI+bwebfOg7MDpq0zqVAgA0VRUCP/v080ceerCxuV7T2GmnnfXQw4/n5WfpBreOL3cSux4WbrNeVYTTiRYKVNc2fPDeRzV1VbU19StWrx0ycMDuqr3bdmwfNmQIADBKVU3ZtX3XFVdffMM1N1186SWGYVCq7tq154fp0znyf2bPaW1tXbBoftW+6qrq2qSZKCosLauo6Ghp27uvyjCpGlAPP/JwXdcBgNoHiqOiwnHHHjN58uRYrENhypKl/7775ps333p73/4DEnqcIZk1e9Z3305jlBHirLQmoDJmCj0YCgbDIT2pE0oZZYRSQoARMDnEE3FriyUhhGmaXKCiKEIwRSF5BfmEkNzsrP+99Orbr7/eb3D//MK8xuq6Tt0qBw05+PyLLywuLwkE7N0gY7H41q1bHnr8oQnjJ553+SW9enTTk7rgggCYArp27frIY4+99da7Dz/52K7du6+5/npVDViB8/bWNoFoJWM3b97S0txy1ZVXVlR2m/79l8cfc2rfPj3aOtoBQIBAoAKAgqhvaHxu6j2c64889di0T78+8bRTDho8ori8ZMvGrZ++9+menXvjsURzc5NumAnTGDR4EBBIJJNCiFAoWFJUsrN9ZyAUVBQlOxAq6tt/1OjRoWAAAHKzs7Sg1qdfv0QysWXTxspOlXn5eclEIhDQ1m/eUL1vX7Ij/thjjzOVCcE1LUAoQS4IEEIhqAapSnv17nXooYflZOV8/cUX77z1Vkdbm6Kpd9111xlnTj5o4EGlxcUt7a333XtvdjjrpltvjWRnh8IhwU1TN/Lz87KyIgDAGAuFQ4OHDBHIH3vsMYUpRYUFjU3NumHk5+eZ3Kyvazxs3GFnTZlSWVK65N9/a2tqe/Ts0RHr+Puvv3du37q7c5ddu3aWlZYsXrI43tEx6KCBAJAw9e5dK+9/8MFPPvv80ksu/GHGjNLi0tra+nfefe+rr76ora2ua6i/9MKLVl9/4xlnnBEMan379yosLAhoSiCoTDxyYqfy8t27dyLwUFbInovCkuykrqEpHu/Qk/qYcWPOO//8lpamjmQyKzu7vb0NAJhCUJgG5wDQ2t7+3NPPNzfVv/P+24sWLtDjZtXe+u7detXX1j3z6JOCsFUrV23esiMYVBLJZJ9evQGAcy6ECIZCWVlZVXtq5i+cf3a3szqVlimEdOnapXNlJwRobWoZPGzImNEj40ndMPS2jo5gIEQAgmqwd68eCNYRqcQ6ODI/N3fS0UdFI1HDMKy5rht6bk5OOBqxUtycm1RhiIJSunbt2mXLVhqGbhg6UxgjNDs7OxAMHHvccY4YREIoAja1NCeSpnXYpRCcOlrO29TEEVqUEJOb4VA4mh1VVLWwoMAw+IoVK3bv2vX333+vXb06HM0656KzDx9/xNw5c66/7or8vLxhB4849LDDunXvrilqaXlZwjAuu+KK6qpd/8z8a/GChbfeefe4Q8cGg8HKzp0BoHffPrFE/Lvvvps1858///pj245tzz77/LHHHLNnz+5dO7ZPmTLlmOOOA4A/Z/65Y8e2w8YfdsypJwwfNkSY5LdfNxUUFQ0cNDAYUE86/gQwjJy8XN0wjzjqiClnT/ntt9/nzJt9/HEndu3abebMv44+cdKpp53a1hoX3AxowXfeereuofroY44tL+vUo0fPgKbdd9893Xr2/PzTz+bOnTtk6NDc/Jz84nzGsa25eeasmV99/dX33/94+LhxSSP51RdfduvW/dhJR2uaZnJx330PL/936RPPPLVq9SpKoG/fAS1NHZvXb/3686+i2ZF/Fy1ZNnpppy6dGhqaBg8eAgCGYSCApip60myLtYNGFKRgGAV5uX3796MKzcnJpmAmYu3RaLQ11r5nz6629rbu3Xskdd0NudpHc9k6xrnrC8pah7ACIKqqmhsNffbxJ5TghRdecPsdd27asiUrJ1peWVrf2CkrJyo4pygoITlZUaBMmKa1Qrm1rfXee+/iumHoyVgyqQZCTU1N11973cTDj7jiqitNw1RUBSk3ucEYiycSiqJaoWFKKKVk+64di/9dahp6S3OLaejc5DnZ2T379B49eiwBoqhM1VRGKQAJBrQxY8f27tOHEiUaDccTScaoqmoPPfrg0MGDjj76eJ3HGDLGaF52dk19Q05Otm0g+nJxUkZAshsciyCDSSMnM8F9wzWaXNVKnB1N7NSE1JUcUk5PUskuit8Zc0sEHTvCs0PBtTEyWod+yyrFDE2xVazkTApgGepO5X7Qd8dLD9tem7NrTWqO1zHInLfRQTyV7m5uyGrVwcaGM3Nqy+Zqn2WbQm2HvD7wZRfFcjslX9G/iM7vB3i5IGdxqEwqN69LXDPUNR3374h6gwuQMgRu51LZdqaUHbgogEcDZ8Qdg1cyMj37MyXc4R99Dy6XuXyIeDTwJceIA7Nrd4LfOyO+uWLdcXHxqoKJ5HMQa746CsjlJ2/5ZQplrONWHGBcZwTdU3Md3IhMEHTFgweagyx47OxgTyQHzJYIPj71iJDKWo6f4+KXwijusNmNE+vsaKt2yJl4KeNAfBRLjQE5iV+UXFDiDpCEEUDqi+4nr6Q8PdZAnN2YAIgHJCCi4mWEXa71eUeelPY16T3jSFv/heAujM4oHVKv/1vUwRtvTWFcCNPlcVswue6xh7nH/XITVjRLGoyUqoZ0gL0m/b+kc1Y6crb8oAD2druu6QbSaJHUN+Rb1gik0RIBBedccE1Vly3597FHH9qzb080Gq6vb/zk448HDBx81ZWX6TpXVXcE5ZltrwryQeG0zBhZsXLV7Ll/X331DW3tLRedf/Z7732wa+fOSCh77OhDAQAo69S58tVXX/922re33HkrZcqFF10guKitrZ23cJHCSGl5aUlZmYmQnVtQXNZp5bLVra2xy6+4iimsW+duJ59ywqyZf06fNv2Wm2+IxxMW5+q6aZrmwP4HDR82xOL4cCj4+cfvH3boYV17dBGCE0KCQfXnGT8Q5rCyxdOUVu3bd8ZZZ3BTCC4MYVrnfzBFUSgJBLTdO/eUd6pIJo1olCiKolGqqWphYX5HR+zlV16vr6kpLSkq79w5kdSbmhv37d1bU1vNAnTF0uWMklhHfNyh4049a3JAVZcsXvzZ51/khvNuvP22zz/5bHXxilMnn6yoip40srKyfvvrjx+m/TD17qmDBg569LFHuvfoffIpJ1BCBAouxPXXXh8Jh/RkXDcMRkkkHO3ds4tpkJtvvfHNN97o0qUzABgJA03kXITDofnz5i9buvzeB+7p2bO7EmDFpaWHjh1nmubzz//v0PFjH3/uyVuvv2nXrp0dsVivHj0GHNQfAELBIKMUAMKRrJmz5+zYs+uUk07Zs2fvgvkLfv7tt65du+Rk5SxeNL+5tWXZ8pWN9Q2KQl955dWxY8dSyihjKHiP7t22b9+xaNF8Ky4gBBcA1jE8lDKBYvvWLccee9zBB4/KyWWHHz5h3JhDl61Y9vSzT+7bty87K2vkIcMByLfTp1VVVV/54JUHHzz0i8++jMc7jj3+hNLOnV2uH3jQoKlT7xo8dMi/S5ciIaeeflq3Hj2amlq5YUYioXA4OO3bb+bNm3vMMcfceffUTZs2ZeflEEJWr169cPH88RMmIMcNa9ePHjVy594dXbp269a1GwBoqmLo+vChw3v37zvpiElTTj/7408/ycrLGzf+sCMnHfXTDz+8+sqL9z744BETj9q9Y/vG9ZufeuyZ5UtWfPn1N3V19VPvuKuyc8WSxYtiCSMrkgUAAU0DJG+8+e4P38+ort5bUV66bfP2U884/cTjjp4zb+EZp08+bOxhU++6HQCSSbO1oS3WngSARDy5r2rvIUOHlZeV11bXFxWVXHfzFbH2+I8//nTa5Cnlncrvveuen3/56cQTjmdMGTP2UM65wlhA0wgh8Vhs586d33zzdd8+vVcuX1lTU3vV1dceeti4RfMXLf530YqVy3/9+ZdAkDFFufC8S887/3xrL2ehm0gQBSIhZiK+ddvOzl26zJo5e+PmzRdfeFEoHBCIbW2xjo72cChEGQMASikQYIwBwJKlS97/6JP+vfsGQkFDTxDC1q1bHQxoh40/LBIOCyESySQQqKmuvvqaqzZs3KypquAGolWOS8A5AlJwAwUI4JRSimhyccutd517/rnt7e1vvPnWjz98z4BUdCkvzC++/Oprho8YtmLlqoNHDJ8wcfzh48cvW75y9tx/Pvvso5am9oEDhz734kvDhw/p2bUTUdTWto7Kiu6XXnpZJBLevm33N998vWHDmrXrNtTWNb793rsD+h00fsLE3IICQzcAIBAK33PP/V27df38y68+eP+9FUtW5Rbk9O7Tp/Wzr77+7PP2lo7Vy9aMGHNI7149u3TqdMKJxx1x1MTcnBxVUU444XgA+Pa7r0eOGHHF5ZeFwsFgKPDJh+8tm7PwvMsvOeqIo+bMm7t02aKDhww76YTjwqGIrhuGwbOyc6dMOTsnmltcVBJLxtti8V3b9+RFoiZCQ2NTYVHR4CFDhowYWlpR+s+8eTu27zRMVBXWEY8xBsced3T37t3feP21USMPGT1yZCwW+27a97369L7m5msee/SJ2XPmHjToIMaUAf0PAgBVUVSFEUKys7JWLlvx1JNPTz5tsom4ZNm/48ceZgquadqmTVtWrFqzfv0mRWU1NVXXXXPtzbfekkgkCAMgQAEptTW/vEjK9Z2I37IWiFogWFxc+tRTj2zbtvW22+8aOmSwYehtzR3JhAmUGhy5QCKQJwwkHADVABDAcDgwZvToPn0G1NdVf/3N122tLTk5OcOGj3jyuacmHjOpW+fO3EREFII7Bo1ndnDO/545+933P+jfu7fCWDQapYzNmTev5r13P/jww2FDhypMQSGsDfdKS8suOP8Ck5sosKWl/dEnHrvtllu6du386BOPHn/M8RdceC4QQIF79+7788+/L7rookg4iMINlDjbSNrr72RLyw3RphlbkMHOSX/E06DWH7RNTdmSSK1NlZt11TC64/Mf3biGcqqHsD+bKtNaUfDsXPQM3DTDJENjbgLJ35vnJNohDnmfiVT4AZCgHBexMJAx8lnDPhwPmBjM6HJngDPDD5nsYRcwDyYAx1uw33LH1mkfMzCPS3nHKUxLWkluG0gFfiQVZOsGYmpiI83XIC4kQOzcURryKcvzfLNC+kAkmsvDn74uw8erHtI+GsmpG9tW9p2q4e/a/uxfPprmtdo/ILqFtTKSPuaX5qDnRKVfxBnLA18OlPLM94Pmq7r30q/ONE7pkLj/2DeJ7XAhEkKEgGgkcNKxwwgKVaGUkvTZQPzU9ppOR9GOktgPeCvD/WOa/ir6pVb6zxnuAYK3/xA6g2V77XbgDqTxtgC0SiRsuQLoT19LmEDaKGI6f/z/vayz1REtqWW1Ljv+/skNXuDQjUhK8QQPWcc3lUcnbQ477Ti3fXJN9ivlLzblKAE3TAOeiiAuqf3+pvfFt8u2vy8QwvIRYOv2XVu2biot70RAhCOR5uaW1StXAwACR2QA4FZko/u2mzF20ET7MZLUzf4DBrz02ttDBh3U0thQ11B/ww3XRXMKjzhqYllFKSKGggGFkKKCoquuumrXrr2333FbKBQ+88zJA/r3e/XVlwKBQEDTCKXWFBOI+/ZVJ7kZULVwJKKpanlp6emnnvL8/54fO3bM0GFDTMMghCiM6MkkUCCECCSUgEAejyUamhq6024GFxQI50JRVbQiiNReMRKPxXPz8keNGhPrSCiqyhQ1EAwQgowSI6m3d7S3t8WEiUCAKUqIsVgs9t13P0z77uvW1rZZM/+qKOukBYPmzl2bNqwPhYN1NXULFizo37dv99592hKx5paW2vo6K3x70JBBd3Ttkp2VXViQr2rhx556YtRhY7tUViqI8WT8rjvvGHPI+LzcvDPPmpyTlZOTny2s098RFEUpLint1rVLcVHxypUrGuuW6YYwOVxx2eUzZ/5130P3P/rQo107dzI5D4Q0RWFc4JixYwoK86O50Veff+WrT7/esmnzAw891P+ggaMOHd29a5dO5Z3OvfD8n3/5efmy5ccee4J1gotumkuWLNm8ccMPP8zYu3cPAVJXX9/U3DzskOEnnHBqj57dmpubV69b2617zwsuvCQYDgUCar/+/RFBVQMdsXiPHr1feeXlhK4L5EIgIqAQKBAo1XU9Nzt7z+5d99xzT3ZOfk5OrhC0rKKyIDeshmhxURFHBAAhcMPGda++9PLQwQdPmHBES1vb3r173n37jfb2jutvvF4IbhkhZaWlJx5/AqG0uqoq3hFvaWqtra5paKgHxNZAoKy8rCA3v6Wxedv2rQMHHZRfkGfNuNVr1piG+cB9982du2Dp0iXDRw7funHrkROPCkdDAEAoM02sq68/ZNTwZ55++pWXX168bOnpp5zUr/+gwtzw7h1b8/Nyjpl0dN8+fVRVueyqqxoaGrRQuKKyfMe2raFgUNdxyIhDBg4YVFxcBACUMkqJqrKDDxmpG4ldW3Y0NPwbj+uEkIEDBxx55NFPPv1kdl72NVddaXKuBlQtyAAgOyf71ltvqquvue2W23754dfKbhX5+TmDhg7Lysm+4PxzTC72VVXP/OuXrKxIly6d+/XvY3KhaVptXePCRfM/+viD5ubG1avXvP/hx1U1+zqVltx+511dulUWFpds2LLxiAkTDhs3kTBQFNa/3wAUKARYMoUSNBEZo+u37di4fuNNN99S2bnrZVddEo+333H7nYRzQ9fjiWRebp4VmyCUukZwRyxWUVL68CMPRSMRk5uMsrfeeWvaV9+YJgcAzk1LJ2Tn5Jx88unjm1sJIyCAC2sXGFt+IgAiFyYiAKGgKAqjbMjBwxhjTFFGDD+4oCi7f78BAw46KDcnN6QFAeDBe+9JxBLXXnPVKaeefMqpJ7fHYtVV1du37dACgb59e6iUkGDk5VdeaqitPf+ii9RgYM7cf5YuWrZ3z66Kisqs3LzW9pZLL7nk7Cln5+Xn//TTT4LzZDJZkJ9fkJcfS8SzcnOHDD04qEbyy/PbW9pn/zknNz/39DNOu+zyK1raWxobW8pLyqKRSHZWluUFrVy18rrrbti+edtb774dCGpCiIGDB/btN2Th3Dl60vj5l59vuu7meCx++mlncQ6Cc85NwpT2mKFp4ZNPOTErGp6/cCGYPMCUnTt3C1OMGDV85OhRA4cMDAYCy5esAB0PHjZUYcTkPKgFJk44LDcvZ9GChd989m1dVf348RO0cDS/pPDqSUeWFBdddPGFn37y8fczfureq/uo0SMQhaZp8Xjiy6++ee+D93SdT5/+c3Z2QU11VVmnTmedd05ZWWkymfzfCy+Ul3W66667BZjJZLJHt+7JpMEUxfbxBArbQKHgRJNt1ebtW+noK0IoIZSxI48Yn18Qfebpp2fPnnX8ccck4rG2RHsoEg4plHMMBAMEiL0NHBBCCGU0K5pz/rkXDhsxbNu2Lb//8ks8rmuqetGF5y/9d9Hzzz372quvUgoq01SmEAKEUssUQ0RhCkRhGonunTvdOfX2zhWdVFUhhGzfvv3Siy9ta+0ghKhMpWBV54IQYJqmpqqGyc8650wqoLCoAJEyqgjkTGGIqGrK7XfeEdRCF110PqHESvhzjobJuUBCgCmKlPnwLIcUX8WXQ0u9DU78PZP7RVJuuYszJWfjAD6t6y74k64HeND3hJeKy2h5eT6xY0J5Vp9n+Hhckebi+tqSSCR7DMRpxBc8T7GqbDHiUNKP8v7Al3BM9R98D9hmWiqJ/CnQTChJhjy6ptN+x0vGzppzcruOKY0Sbn4ioFOK4H7w9+XR1+9QetyX0cAmTtrZwVlewI8ZuPpAvroPThmjTM/JQP633+ZvyYXBn8v1rR9LCWD5GnDnl489ZAaz3HX7RdcFTfeuDwyzX5LaLzvggIu5ZNZ7ToH1iXhJMNsvTRkRiyUyuHxACABH1Bjt16sYnGiam7xMCwTsh2/dBKTbu5+X0gsrXM78j6yhi5MdIfCHlxAAQAH7UBBn4yl3Oti7AzsMjy7dHAAkpOR1sRlldwr+/5Uw9GPhDonUlsmRC2AECTqlDC6TWUBIskzqW3LqHQ8aHD/ShQ783CxxCPiVdZoYkWMGDqpS274wqO+ji59PXbjeooOdu/LUEaloWZOcA0BhUUF+YWkykYxEw6bJNVUrKy0FACEI900oe1K6m3lZnOdNFgIABAWWFedXlBUJAQXZ0UcefHDqnbfPnbvg1ps/tDmWUgKYiMULSgvuuPP2fv365hYWAIFQOCQQv/7q6+07dhEUhBJuiGgkUlRSdMiYsTlZWYauG4YOACeecNzfs/56+62333nnTcENAKBA21tj999739tvvmkYOtVoS3Pb9u27T5s8ubCwkFKqBhUzbsTiHcLhCmsRbH1j/aiRhz5w7z2maRLGKBBCCKFOvAHFxg2ba2prsrKyOBcKo/PnLbjttptKSopVRbvj9tsPGz9eYaylI15WUnLm2VPa2jvOOuOM06ecc/ppJ1FCTM4JEE1VASA/Ny8/Nw8AdMO46spLfp7x3esvv/zIY49mRaJTzj873q7ffNsNwVAgHktMPOJwIbgpBBJIGnpOdvbd90w9aMBBCmMffPDRunUbtICmG2ZeXtaTTz597LHHDuh90F133ZZI6pQypijJZLJLZadVK1c8eNODdVV1ww8ZiRQfeuChlpa24086bvB11wHAUUdOuvrKKxYtWjR16j2RSBgAaqqqXnnppT17djc2Nh9++ISbb76xW7dus2bOPOaYSRecf7Y1/PNmzYxGo6dPPkXmw3DYKjAO5WZnQ6Yrae3hkUxqwVB2TnY4FOJWHgMAERlloWAQACilP/74Y3FR6cMPPxwKBgKacvU1V7XFWmfP+efkU0+prKwwTc6slbqKYnBu1Y3PXzA/K5ql68lAMKAqKiVQX1sfjWYZhimEAARCqeDmpElHjxwxauDA/uFI5MUX/3ff3fdWlnW+4KILrcNnhcmFQOs4mVNPO3ncYeMC4Wh73KCMIEAirhNOWxtbuRBdKiufeeYJzoWiKhXlZZvWrXvg0UeKCwsYY4GAfXwL52YwFDz9tNMvuPACSsnGTZt37Nwt0AQAStkVl1/S0tr02GNPn3fOuZSShK4HtAAAhIPBispOTz/z+KoVG7Ki2Tt37nzlpVcDwWBzU8tREybl5kVPOP74Tz/68NVXXz3rjPMopWhwpPDHn79df/XV3Xv2zs/Pf/211wYOGrh81eoPKT326CMAoH/v3utXrxozetT5F5xjjQUXIqlbq749AU0J+fa77wLB0MQjJvTp0+Pmm+984olHhw45eNJRR5qmnkzqxcUl1rI6QqkbeRVCqKpWkJ8fCgWt6T9qxIgZ06cLJ4imqioBEglHzj/vXFlKSrYAAgAKRLRdUuKIJoEQpPTYoye9/d7exx9+SFM0VQlFc0KtHe3/zPxn0b/LPvn044L8/KL8QsrU9tbWQUOGXnr5JQV5uVzgww8/+OLz/4uGw+s3bECmnHfe2VPOmRIJhwGIorDGujpumOXl5R3tHV999tXhEw/XNI1zRMBoOHzC0ZNGHjL8jdffbmluLisoH3XImKOOPnLQgH6tbe1PP/3cc0+9cMfUW0884TgAMLlQFVZWXnbG5NPzc4uOO+4YADARKkpL773vTsO4VQA+/9yzY8eNPue880eNHpkVicTjcUS0jsoKBLX1a3chikUL/82JRE+dfPLvv/6VlZUzZ+bcd994e+3adeMOPQyQ9OzZc+BBAwiBRFyPRkMCyLvvvttQU19YWLh7z96bbrzVNHHU2NHHHHUUAAwc0D+ZMD796Osbb7wmJycnkUioivLKy6/ed9+9BYWFRx816fW33uCCr1izbOKEibffegulpK29fdXyJUEtOHHiOGt0DFMkdZ1RasUXVY0qVLFO8bHEPPXqDCXfhtiLWRqb22pr6ys7lx8yctSko4/Zu2cXR1i3ccOq5SsPPexQTdN0gxuJpKUnCWOUMATBreSkAIMLQqiiqkApAhQUFN500y0XXHTBV19+e/QxR3iGLwIgCECBQqApBJqGGdK0rl075+XkokDG2MCBA/OL8o1kEiz1QAmjjBDCOQ8Gg1zw8y84t2r3vm9/mB4OhXTTZIzGk0lD10Oh0Acff7howfzvvv9J1VQ9aSgKBQDGiKqqFsYdcYMySoBQz07yWNznbqUZLL5MlReHt+0J3w45Po/O73ymX74cpv2/W+XrDVRaC7b+Jp594hAZXXvS+lHYh2anIkXcm66xLztVlkcgGSqpKSqS5rqkupAI3paRqc85iS/Pk/TWYaUUDMveIEjnPRKSwbCUzS2fVWcbfcRxQe3si/tVdk2ddn03Uzvy2VjSk65Z7DodaUxF/NaZNPIgfZGxcRwv77RMKwroa8+ipLM0wuYBdymZr09pLx+vC2dLWCmJl0Zhl10s/w19PxH/I46XkdEXcvtKL/bGFNr6npEsYodOLuUs3BAQ5JNLnSc8n1R6G8G74x9pm20zuy72HjDSOMmb0vjz25IXRkDiJ/8U990k/m/2aNsruwGEsNLkdmoQMY1zwZmxxN/8fkM20sqC/TprHtv487hSSy4jewJHcpJA8VHD6VtKGEoOVeYooO9he65lPkBmf1j8Xy90wDB1+GveJt0QE8b0DIUCphAA1JW4KWzj86pdDA8MkP+NlFmV+iSAjP3/Kzr/+RA6LO8T5lK5NWOUgMY5P/TQsTfffOv9995dV1cLACeeeNrFV10VT1r7zlN0tKuT7bb3XpKlDnFq6SkhBATnCECEEEhYOBLuSCb79us34fBDuWkyRQEAwlSqKSbnuXm5l192IRdoCq5Qtnnb9iefeZoB69atWzwRD4XD8Y6OPbt2XnThpdfdfG1AUwQIznk4HB4xfMRvv/zKBaqKCgCmaeimMf6I8UMGDUnoSYKwctUqLvDQ0aMLCopN0MNaaMfOHctXrABTWMqCUsa5WV/flFeQH4pEE/E4pQQACaGAFnGAMjZs2FAuuADCOScEuvbo9uqrryV1/cYbbi4uKinIzweAv/6etXvv7sLCwmA4nBuN7Nq9fe26tW0tbYWFxYMHHyQACCI3TS6E4EIgRiLhxx9/4vLLLh4xeuTOXTv/+eufd95+v2fP7smkblOPECGAAOGmoIoWiWQh0EBAi2aFQqGwoiqU0aaWtoOHDjr/3HPi8bZYPAkIOTk5CqPxuAkAiXiyvq65R4+e9z18V/euPT/48P1HH3z0vPPODwbDpml269a5sKQ4Nz8/OzcbAHXdKCwqevjhh7Ozs598+ilhQllpWSQS4Yhr1q/74N2PNm5eX1Wzd97cRZTRZctXqIFAtx7drrz88q5dun7//Q9z5s4DypLJRCzWIbiwAjuMsHAolDT0rKycq668srm1tbWtLTc/PxRUYrG4QtHWSYRa/LXo3yULFiwYO/bQeCI2d948ymhxcUluVu7qlat++fnXK6+6XKBpGoalDAihh447rKykVAsGsrOyCVAChDGqBFTkyHWjuKyEUqqqqhDCNHlhQUFBXj4i6dK5s+C4bPmqV199uUuXyra2jpzsKAEkzCmIQFJRXm6aZsLQkQtuGFpAY5rKghqjtKGxaf26tfF4LCc3Z+GChQ2NzX/P+nvowEFV1dWUKiNGHFKQn2NyDoQU5BcFg4GWlo6yspJu3TsTIgBA1/X8vLwzJk+eP3ferr17k0lTUbWioiKBSIDU7qvZtG7TuDEjJ51wYlYoFAxrV15+9VmTp0SzgpyL4qKigqLSzdt2TZhwmDXlBDdHjxn94cefAoXb7ritd+9excVF7R3tK1av+f6773bu2bNs6ZI//5r1z+zZv/z6S35+QZ++fY47/qROFRWAwprLJkfG6JbN26Z//fXpk8/o06e3KfDqKy5fs2rlvffcPXTIUEoJIVhcUmTt4awyRsDanwsUyvRkPBQKuuKsat8+Sqg1wRmlikIJQYHIEakr/l0rwgmEWZLDNR0R7SPROAqhKAMHDdq7ZyJjZPu27fF4omtl980VWxN6PBQMR6LZhhBtTXV5hSXlFRWW2m5taV64eGE4FDrquGM6d+mSX1B8wvHHlpeVAYDgnDI27OCDFy1eOG3adz/98GM8Hj9s/HhCiG4kQsHQjB9/fuW1V7Zu21Jf26QFw+FIsHPnSqLAP7P+/PnHn9au29zW2n7b7bcvX770iksvLykr1XU9Pz//sPHjv/vuu3PPmVJbX9/U3F5WWlpYWFDZqVNrrH3u7Nldu3Z57/13v/riq1tuualvv75t7W0AXFU1bpjPPPdM925divKLVC3QqaJizKFjIjnhkcNHPv7okwTolHPOVsOBjo7WQcMGxxM6FxwA8rOz167dGA1GX3r1pd4H9Zr21bRXXnx99KhRFmlzc3OycnIEQJ9+7vJgPnz0wW+/887qtWtXr17RrUvlvpqa9rb27KyslatWPPfMMx2JjnmzF2sBdevOHaaAgQP6X3jhxV27dtF1XdE0VWV791Vv277jkGFDwqGgYXJmR+6IkIwfBAQBhBHBzRm//P7SS8+GNTUSDBqGgZT+8svPTY0t+/bt3Ve97+dffq6paRAosrOiGtXyCgpOm3zmRRedh8LUAmpuYX44EBCITKNEYwTA4GL48IOvuOLKDRtWH3/80QpTqHtEOgEKlACximOBMN3gkXCEEmrtmrRj+46G+no1ELS0FFUopZQSEgoFk0n9+uuu27Z5+5dffzl00MBYLK4oLBjQuGmGQqHPvvjsrtum3v/g44cMH2KYglLgXDCVJg3xzbfT1q9ff/wJx486ZJhucoLW3nLUVqiOZ+LGlDM5n7L2RuexNJXuvbsf5/PA9X5yE97flAWbfjgkSz2joWP5AOnre0C29PbXgYMrsQs4M3mb+/POnLJeBHtL01Qzy8PW868JASEyNvcfGSr/oLnIkhQn1G4q5XJdRymjZH/1dwFeLyj36PNmUsBB6Tu69vb/BYUMvfvAyEDO/bW530cPlPkE2B8pfM2TFGKkdZdpQvlaybTUMMWFk8bF1xz6KOvoJ7fe2AXHedP+S0D+MRNp/g8uQ9pXz4H380aGVtBhe9d/2U+gI/1dt+bA8WX3zwT/RXlfNyk+k6+N1IYytyoP4n5cWUXO2LpRCuf7fp1PkjL2kqT2VvFmol9K7EN+xg1ppCaOJTSEQCCom7B67b6OhDF6eJdoNGhwoPaySnRmolOITpxjvlz45NUvKa17sgid6J7zlLzwH9x6EiKjkLr6wgaFpPzkRlZsjqYeAb0luu6E8IBLZXAnSEcIVRgBgwtN06699qqevXstXbK0c+fOEydMLCnOa4+ZVFEQEYASqbzGGSw/7HYABQggs0KBQjBGCaXf/Thj1bJV77/zoaIwzu3cCyJywQkANw2TaIQQ0zBZgJmmUVBYMPW2Ow4ZeUgyoQeCWm1d7V13TW2LtRFCFUZDKmOMhcPh9ubWREKnlHBOAKC6rpYq5LZbb+vTqxdHAQL/+nvWrt27rrn6mp69enDBGWNLly279bbbwLJDgBBCTJPXVFf17t0PrdI4oMKaz4QgCiCECEEJI5QiAgI1DF5e3qlH9+6bNm0OhkOmaQohdNP87JOPECCZTHa0t1NKZ0z/YeXyFdU1NRPGT+zTt3cgoHHODdPknHOTE0bbYu0jhg+feuc9jz786LbtO15/5fVjjjkyHkvqhq6pCiASy84ihALVjUQimQSChmEEAkEgIJAzSlRVSSaNG266iQsR0/W2ttasaIRQhXNM6sagIUPHjBm5fu0aRmlxcdGqNatHjRp10snHU4K6rmtBTdEChiksY03XDVVVe3TvrmpaeUXZzs27dd2IJfSORFxjgfc/eG9v1b6JRxw15ewppm5wFNU1VR98+P7gQYO7dum6ddv2mTP/CYUjwVAQQaCwYo5IENSAlogniouKTZM3tzQnYvGC/HxCAIVppb1UpgKgFlA5559+8vGMGTMWL1r07NPPCM6LivLz8wsKC0vjSf39998bd9ih/fr1bWlpCwa1RCL+xptvf/jxR9nRsEIJA8I5R0BVCyiaQhBNU7TH4qefceZtt9yCQgghuGEm9aSmqUCwIx4zTZ5bkMMYI4Cc8/b29qrq6vbWDgAwTBM5RwBNUcJZUUoICKytqvv6yy/Xrli5YfOGhfPnC4BOnStXLVvR0tz88AMP9ezeraG+tqi07IlHnyrIH0oIMJXqeoJzHgwHjNZEOBo1TAEAlNF4MllRUfHo40+UlJasWrkyGNCyolmGYWiqVlZe1qlLt/WbNz848pCuXbs+/8JzoVDwtrtuo5QiohJQkSiUUiWgcs4550BJZafKHt26r123FoAkdaOltfXbL7/Kzc2Z8fMv06ZPP+ao486/6FxA1tbSunXr1ukzpneu7FFZUYbCIIxyjgAokD759FOI5KKLzmWM6QYPh0KPPPLo559/AozocS64mZef5xbbuIKAaur6LRvPPGNyW1u7bugUxNbNm6M5RbYIoqAwDQA457oAa0CUv64rliMrCRBJnDiGFVgKSiCqhBLGSDLJBw8eMuigAS0dbV99+fWI4cOGDhqy5/xdA/oOvPTqq+fO/qdb566DhgwCLghTNE3lnIfC4eeefpoS2qmyMjs721qqCgAmF4ZhKEL06dvnq6+/fOrxx4YMG37bXVP79e1jGAYhhAu+fPXyjo72fn370QHq4UcdWVRU9PKLL7304kuTjprUq9+Ao088ftyYsT9+99OH739YWVl58UUXEQLx9vjPP//yysuvlBSVHn7EhI0bNy1euLBvvwEtLc1z584pLyk/dNSY5StXffXNV6PHju7Xvx83TCQQjUSWLVu2cN7cgwcdFG9vr62ry8nJq6+trt1XNWzI4PETDs3KCQ4+ePAbr765Z/fuQ0eOJSC4aSJgWVlFeXH54n8XxpPtvbr1DkWCnTqXT5lyBgIKLkxTNNY1MkZC4ZAQQtdNRVFGjRyZPTHrlVdfnTXr79aW9o6OWGtLG5rimy+//W76j9dee83wEaNj7bHq6prlK5cuW7Jk7JhDe/fqEY91RMKhurq6O2+7Y/6CeY899vh555xlmoaiaZbuco0dqxwGCeFccKCHjR9VVvZ4e2tbW1u7aRhdulQ0NTS99PLL5eWlhx1+eGlpWVFhUTyRME0zFArlFRR07d6dcwEE9u3b8+yzT+fn5ra3NtTVVGmBbABAIdRg4Lprr4knkoioKgqlBIAACkvTCm4F9JBQXLlm+RlnTG5raiUMKBVV+/Y1tiZy8/MQweSmJfQpIUDor7/9UldT/9mnn/YfOKC1tR0oqJRVVlTsq6m++9573n/vnRtvvvvSS8/jaEkpoBQIpY8+8nBrW6z/wH5PP/3IFZdePWnSRAGEgPCKOJ0qKjfDT2x97XC8/9z4DNaXXPwmO5gpxoBsQztDYfctZ3tcMLyd7zO4iCkGckZTM9Uk82wjv0nuf1P2Nl27zksq2XaI9cUPmGsepiR1HUs5xciUrErHnPZlOsF9DBHBWQnm3vV9kMwy4rbspILl3lNasJ0fyQW1QUkNHEhD52vFS8rZw+mz5b2h9+2o5BDMIUeqWQYSV9q3HINNppfLnr5h9Iw7+64HEKYR126cyDycYsynFHe6DzlWrJe/IqkBCj9XQ4afrL5SfB+SPtCWm+AxjOeHEJlczv7MxKWzQ3vpWBfi9eTgkzp9pHGwlpOl0cz93eETKQwEfoq5HpfNKnIQCr0tzACcIhHirRn1CjAd2BEgkRCUiFBQEd5E9rYRslyqFEfHecqZCOnF2B5V5Enqo1iKy0P8RoHbFnFdprRxV1LmoA1xmg/tUdYHZTrr2mAdwAVN7eu/nkkHBAAN0zRMw1qzThCoFLX0if8DN57CZbJn6riy/kd8SsVfjS5NSy/lbVdVO29lBMaZQ+idvQuSxPT7odIU8Zq0xCNNJk0tGDr5xOOOO2qCqqmEqsmEzqyN7N2pJ6kayaP2EcWa8BY3EQIKY3/+/dfTjz953oUXj584Nh5PaMEAAGiKRgkxTO6MNXc0EDBCQ0qgrKxTSbF9Dlt2VrRTWalpJihlgWCwtr7+kw8//uefmStWLz9iwjEEgFCSTOrzFy2ORKLdunZDQpATVVUAkBt6MqlrgWB7R0cwqDHKVFWxcjGUUsZIbV1ddW3t5ZddDYBWdRYAQSBAKNrjSDgCCHsHBIFEcJHU9aRhKJqKjCLils2b1qxe27VbV2GaFAjn/MZbbzh09KFJI5kdzVYVZtkFFs2YogSDmnXI++x5/2iMHNSn3/c//TBuwvie3boIDCWTCV03mbO+liikraXVNM1oKAgATS0tJjcZUyzg4olkNBoNBQPVdXXASG5eLqWgaophGJ06l5111uRnntr26cdfzpo9b93ajU88/lB5RXk8HotEok8+9WRLY0P/fr1++uWnAQP6RaORhGEkTTNLYZQoSlDJyo7O/OuvWGvz4Uccvnnr5jOnnHnWWWc5xWYUkZ97/rnNTc0AcOGF55126qkGAhBq6V8CRHDOTUMIITg3TLNH986zZ89UVLVTpwoA4IiUEQAQAluaW3du28YYm3LWOd26dQ8G1WAwnJWTnZuTnZUVLSut2LRh88x/Zja3NlvMQhntiCU2blynKuycc8/LzsoyDRMIMbkphEABkUh47549n37ycdXuPQDABUdESmk4EtY0bdacuXt37T58/LjHHn/smKOPve7q6xhjPXr2PO30M8rKii3LGBjTNA1RTPt62heffbJl+1YloOzcsaNntx5nTJ5y5llnKkzNycmeO3/e1Ntvv/22W4455tj6+loA1qV7F6uiWBi8oblRIGtraaiurqnat697z14AQAjlhglA+vXtQwk2tzXl5OUFQ4FEMmkYRnFx8Y03X/fW628/eP9D2bk5f/359yNPPV2Qn68buqZq3373Q9Xe7UeOH//ss098+tGnQiRsB0+IRMLQFCUQ0lrb2v6ZO+fZp5+orq9pbGl68cXnGAMAwlE0NjVdeMH5zU1NaClBgRRACYUefPDhn2bM+N/zL/bo3tUwTUVhhmFWlJdee821mqbt3bMbGcvNzZfiS7Ym0JNJFDBi5BhKmcGNUCCgMDWR6FBVJoQQ1g7RhFBCGKWUUWsvXBR2oYSb1JBiZ9a/9kpDRgg3zWBA1Q36youPUw69p/QOhSOJhBEOhrp1rtzdqfOjjzx83NHHX3/T9UyhCd0AhEBAs7Z+rW9uWrBw0cpli9vaOk467Yw+vXpYZd4rVqyo2rPn6GOPv/W2W7t27WqXaBPkpnnJRRffetPNf//154oVq46eOLFXzx4b167aunXnDTdeL3Tz1VdeyNKCN91040mnHJ+blysEosBgKHjEkROWL1920gknnnDSiXPnzV2+fOnRRx3TuXPn/730fFALXnLZZe0dHUm9o6a22nJ0LQxnzZ4DwhgyZNBnX31VkJ9Tva/222+mFRUUImJHR6yjI6YyFg2Hf/5pxnEnHnvyCSfqhmkaZn5B3tS7b/12+neffPrFtGk/mMDvvf++Pn17m4auqoHPP/+yvqZ6UP/en3782ZiRYxRGdNNklJpcJBKGqiiBUHD37t11tdXHnHdOdXXtmVMm33PPPaahAyChbN78eQ89+KCeTACAFfxKJJJ1Nfv27dm3ZctmAKCUCktjOparYzEjCrAitmXFZZVl5ZxzCqAoSm1D3auv/C9pJB+499Gs7PA3X31ZfGjRKaeckp0VFQicc2DM1PV4PBGPJbds3pyMJTraWwPhvMoy+2QdITAQCEXCkZaWFqYqpj+rhYCGaQJCPJ7QNK1b156kG4RCYTWohbRQVlZWZWUnIYRhGoRagp0AwojhI0aOGFVRXmboejgUUFTVQDMnL/f7rz4tK+3y/HOvTZ58sqIqQgimEG6CqqoLlyytq2u47qYbunep6FSc++mnHx08fHhxUZ5pcMfEs03yNPvY0/nEbxBktoEyXikGgM+Oko0P322nUinFkPf2/Lc9wNQ202w4x0T0Gc8SAk6RqK+vjKVwXluQ7mLZhpFjwDgt218o8ftXmRJumSlqdejY6mnr2zxEJDCdPWkzNeV+BgTiGxr0bT4Mkssqv2WD6h2M4IPGe9M13zJafzJpMxjDRPbGUxtJS3RDyvaxrnWY2qfbFDowppLoAEkgX2WsD1BLGfg2jkkHwFcvmQKS09d/uwTS6FhehNNVpmblWeoQ/AB9+KbSATwIz/h3vDjwvlpc5Hrl6a5Oijvq/wF9o5vC01KIhVHa3p6Y9vMqIXDKScO0oIKI1ClEz5BGdtt055EDg8TR3gB5UPu5JIUHUjpKnQweVqnElPYfQm8BupM9tLWSj0YZ3GjiucjOkDguqOvlSLJB2mE7tcjb/zkD+WyxIMxkEk1udUwk8QZ+zky75JlMpDt+QQCu7+nHFOWe0mKHMnEcJQYeTdImrRSTS0kLO26O/LCfCg7k6JAKERCIaXACnCkaIpqmAcCsqKVFSpLaIoITArXFB3rEFEA0lRGAmTP/vu2WW0aPHDv1zlsSyYRhGIwxpqnO4m6KAIRQAgQIEUIggqoFuBCrVq+uqKxobm4MBYMtza0JXc9XVEKAIonH4jQQqGloOPnkMy665FJAZIS2xeP//PHnyBGjQ8FAIplEBMEJEEYIbWtrA4BoNKIqCgEQQjhxTaow9uVX3+Tl5B41aSLnnFKCQAUwa59EbgkBa8oKawhRIFKFBQJaJBIRQkdhMsbeev2Nrr26Kwj33nv3iINH5GfnjB07obKiVKa7wpgSClmf91ZV/frTL599+n5DY9ujTz3Xu1evu+68/cRTjr/g7AtOOO7YAQMHWiWNcd0ghAgAE/mll14UCASDGtu2ZYthErTCaARysqLWQfF1NTXCFLl5eQSAAKqaElADo0aPHDRw4L+LF/77L6nZt6e9LU4pjUSi7777/qOPPvbQI4+MGTnmvPPOqSguvu7GG1RVTSaTlDJumIqiRKPR6d9Pj4aiFWUVDU31RUUFhYUFMkYlxUWEMgDIzc7Nzy/gCFwAWrkABEbROl3KeritveOvv/5UNbWsvIIDCCB52dmNjc2vvfFaU2PDX3/9/thjD19zzY1jxoyEtKtzZeXwQ0bGYu0dsbimaRQoF6gFAocMH3HueRdEoxE9aaoBhTpLGgjArr17Vq1cUVBYDACcC0ppOBxGwNdff/P1N18/88yzLrviiieeePzhhx7845ffr7ri6sOPmnj4hMMVSgHA8lIAYPv23UuWriJq6ISTTxs6dNhBAwaUlhTn5GS5gA0dMrBrRdmwocN79OjRo0cP934gENQN/tRTT3z6yceJRAfyxJZNu8+/5EoAQM61iBYMBAiAbhg7t+0MBSOEEMG5pqqMseOOPt6Imw899EjciLe1xNasXHvaiSdoqvbN19Nuv+WGx598bsK4sYeMHPn+++9ffPHFnHMgwCjV1IDBzdzsrF9++Q1RH3PI6Ndef60oJ7ewqEA3dQJMVRgAK8zPoc521pqmmULcd88977734cOPPHrGGafohmCUUECmMFVR1KwsAFi7eqVAnpefb6EmUHDTNE0BAOXlFcefdMaVV14eCga5sDM7hmEqmmYdw0gptQwsSihlCgEikCC1hT0iuGcqWgLGDghSa8NVRIBQSGtoanv8kfu3b9998+23FxUVxWI6IieamownRo8eec/9Dz76+EM79+288857SksKDJMn4okZf/78/bRpu/fsCoZCRQUlffv30xRGCFmzZs2TTz2+Yf2GwUOHbNu8ubpqX6+ePad9Nx0Bjpw4MRQJRbOyvv36m9ffeP2YY48vyM9XGCsvKt23q5oypf/A3seeePJz/3v2++9/uOuuu7sP644AWiAAANk52REtkJeTl5ebG1ZVI6737NmroCC/b4/ulGjZ2dnZ2dlDBg8R3FRVNRyNChT1TY1//PXbmDFjO9oSe/btmXLmWe+8+ea2LdtuvuUGQkhNXW1DU2NHe8dlV1y6fuO6xx9+tLSw9JCRw01uRiLRYcNGNDY0Tfvy6+amhpKiinWD1x1/3HGUBZ555plXX37lmReeKyspu+D8ix577PGHHrqvta2NUKowmtSTqqIFAtrCBYsMQxx11NHPv/A8CMjJyW5pbQuFIppKi0tK8vKyFUUBAMqYYZilpSWvvPrKY48+vGPrZle5WGNnZf0QXU1g7y/ICDBCmKIkDP7dt9M+fP/1puaWW26975hjjmyPxTZv2v7p55+++NIzRxxxzKWXXF7ZpVPC4ARQTya7d+v10utvMELjSYMpapfKTgYXQJh18A8AhMPhUCRoChMAuLU5mxCAQiAgQH5h0eVXXX/BuecQQEVhjDJVUQglSAhjTGEsnkjGk3FNjQKByk6VVptJk9fUVs/84++ffp6xZcu2sy647Oyzzzuob3eOoBumQsEpCCdN9Y2EKZ27dIuEld79+hqmnjQdMxwk0841z1IMpjRPQ87bQJrVnuFCd4tH10hwLEG0FLoHjs+6B9dKcAqo3L0QXWvS/5Lchmx+789A8jxPxybK6Cp4MFgtyRaRDHvGKsr9X7LFnE5GufIOpc49bk5BGNIMV39z1gNecpWkuaDy57SkltSv7Fg4xLbtQ2fYZMh81pdzO+PIgfyk5EJlxkvKfKCHYFpT0gs2D/4/jBGm+PMyJDZXp3OL/aOtIaTuUlLl/sS+nVpP97DdkSJymte96etWcvEyBCfcHzLkwIiXYCb+1aduGUTKxPJo5DwHdhLSmy5pQ2ynN9GTA57v42/V7gzlHgkgAdANvnlbHaWMC2dXVutsCCK3lsGTcimd4ScA2U3zbhJMQRnTeSBtBa8bZvLCUo4wU1KaSK2UcO67sx8zSAebjazEqdy95fggSvHx/Xie6fGVDBLH7osgCgTBrMVM4E3zAzmeHj7OB7fkwSdr7D9EPnhZ+KtAfAyC4BVseO/7gitORymxPv9xWE48hnrNIjgBFPQLuHSet/+1wCAckVj5AKc54s5vxxO2Ig7gaTEXcbBCiwGFtba3vfzyK598+PGIkaOeee6ZcCjU3hGj7g4CBAAUa1NfIAQJRbALcRBEfX39Y48/9PbbryUSMUYBGLY2dZxwwumIggtRWdnt1JNPmjjh8Jzs7FAoiABC8Gk/TN+zp+rBhx+x5ixjlFLCGDEFcMT6hsa///yTMrJ18xbTxGgkGwA0lf306++fffbZdddel50ViceThFAEah1351HXFQsIApFSohvm6jXLN65fE2/TVRqYMWPG73/PfO/tt4HQRx578J9/5oQU7fvvp1dWdIpEwolkrCC/4OARhwQUtnzFqln/zFy1bOm2bdsQyeFHHDtlyhl9+vRklLz55puff/H19B+///yrz3r27Nm3Z59hw4ZNOPLIkJZjxJOMqYeNPzIvJ6cjkTjsyOMiWjg3N8/UdS0Q+OHnX/76448hAwd++OGHJYVFncorDJMHQ4Hauvq5/8zbsH7NmnXrj5w06cSTTpo9e9aMn2ZQSmfNmfnHL3/dcefUiy+4MD8/7/obb3jlzTf37Ku6/vrrQ9HQ5i2b//z9zzFjx86aNWvO/Dm3XH9zSWlJc3PzU089+fOMGR2xDlNgQWF+MhGb88+84084HQCSehIMisC4IAJBAIAwwyF1+86dP/44o6WxpaAgb/PWrYuWLDvzzCndunVL6MloNLJsxco7b5/a1t76ymtvVlXt++ijd/6a+fdBAwZXduqqBRSgIExumjyRTABAS3NLJCv7jMmT+/bpzTkXAk3T/Ou3369ubKIKI0CYyggAZVRwripKc2Pj+nUbBw0dDgBWzd6CBQtefOnVnTv3Xnn19eefe3Z2NDz1jjsHDxwybfr0ux64N+eFvLKyMkXVAhoDLkyDHz7hiMlTplxx9eWhgBoKhSJZ0Y729uk//Dhv9qzs7Kz2jg7Ojbqaqp17qx557NHu3bogN4GQwsLSa6691jSNxvr6fv37Tpp04r59e8KRCAgycPDQuMFD4XBzS/O7b7+/r3pfcX7uR+9+eNtdUwFA0f4/1t47TpOieByu6p55wuZ0OXOBzJHhyDkKCChRAQUkfFFMGBGUoAgGTIgJEBBQARVBFJCcw8EBRzi443Le27xPmOmu94+eTjOze+fv8w669zzz9HRXVVeu7p5wYHDwz/fc+9aC+ctXrthv/wNOPf2Ta1dvePeDd+/72/0vv/jSw4889rVvXXn2p88MOP/FL2+67Ktf6h/ov+SSLxDJ9xYt+tfDD7Y0Ni18+51f/Pznp518WseYrg+WLJ7/8ksnn/Cx4UolIgoCVqtUF733wXEnfUoSIGPvv7/oqu9//7WXXv75jb/8+MePRmQoJSEDxuqx+NVvftPXs2nSxAl333P3lEnT1f5JAGCMETCVKj/uY8cdccTRDU3NJIgxEHFcKAYfLFny1JPP7L3nniuWLSsX1JY7UOqWkrOFMuljb/GGsgckpSiGhdfmv3n1Nd/deuttrv/R9dOmz+je1PPGG/NXLlsW8GIQBEEQHLj/Pm03/OR7V15+5Xev+Oa3vjV9yqQ33n/v5t/8JmDhp846d+4uO47p7GxobHj04Ue+9rWvrl65evqMra699voJEyZ9/vMX/OJXv3r3/fce+ucDJ530yaamxnvvv/93v/ttU6HhrLM+c+xxx4Sl4r8eefS+e+8vlptEJBhjRx155KxZc371q59d+uWvXHrppWeecerqVatu+cNtTzzx36UfLenu6X38qceee+bZ1WvWLVm2rLWl5cUXny83ND7z4gvVSvWN+a+zgC1ZvOSY444/8eMf/93vf79hbfdXP/+Vhx5+cPL4Kccdf8Ktt/3hs587d4cd5r636P2lS5d2tHcxVmhuavrC57/w97/9fXh4EBHjWPzroX///f77N2xc9/GTPnnUUUf09Pa+v2jRNVdf/c7CdxYtXnz1dT88+eSTYgHXXf/9666/vneg/5tf+xov8EcfffSpp5+aMmnqY489/sC/Hvr0p86YOHHixu5Nzz71xGGHHjwwNNjS3Nra2ty9YeO6dZuKDY1qThgiD4J6PWIBO/20MxM7oU+FJAIikpS4SGo7aMDZUGXo+RdeeOWlF15++YVly5Zus80OF3/+m0ceflAsZVNj45lnnnL4EQc9/tTT99x5+wsvPPu1yy7f/+CDANkuu+x2wSVNc2bNCblaIwtRJGNBhYAPVobv/cu9cRy1NTcv/nBxKWxQcDB9VFWxVGaMHXv00U1NzY3NTSQBAUhKDFi1WnvowQfHjxv79ptvhTxQmry3r+flV15b8uGHixd/8PLzr/T29baPGbPr7ntf+sXLdt9j56aGhmosQRJXAoHIOQLQ3J13/tt99/3wumv32GXufffefeChx43pbImFAGSQODDaIUyyKZ599fjdLBNTf1L1IkcazJYi6z+YZQjW8DpVBvBDHeujm22T+pbyrDRAalWqNeRGFFPJddeZylx6cT4l7ck+qHw8z2NCp/wqPcTzVv0hqHjVc7g8IIzvl65u0ghA24NPvFDZPw0mc3nL40b1Gf2J8GLRkXvFlMdP7gOaE8ycoI6z0C/KudGTyyD6DmQJZYmUjhPSMDp5gmzdNRtGakB8x9ZBUpdR9Oyq8TORXX7PTihno0GDAXkNwItmPWic3jIhilldmITzCKD3vqU6Qkjg9mUlf7jcYNF9KqmC6qW2CN4UuIrFxtUO9PYp1dBJezi8UCwEPAgZYz6U3js1nfIsOHmlnOg0GzeaHpS8uJVe9JElp7GdJsyBRGW7AvJj+wz9nGvUejSlwEgCp/z0Uy62/lCY+uADRlFMoFZaJhYD3bnMC+ozQ5g/6c69OzjCL143lNLzbnc5HeiIU3kBTtJq1JG8jpPhrDZKDv9FZm4RIKjFlGB5OLO03lqvZKW8Zm5E6O7e9NzzLx182FHXXnNlR1trrR6FQUBADBkAhGEREXnAlT8qgEkAIqwLqEXR9BnTd99jr5mzZhIQEGMc3nn77cpwVRAJKaqCyuVSWCwCUbVaK5aKg0PDLzz/8tHHfWyP3XeO6hFnTE1sQ2NDV2dXS1t7FNX/9fAjSz78sKGxYc8952233XaSiIjefe/dmTO2OuXUU6JIADIJaPaFpArj5i9jsHHDpl/d9JuVKz/aZdfdJ02Z/Mc7/njWp8/fe97ejLGbb/rdP/750GuvvfrEfx+La1G5sSyEnD5z1oTJ06ZNmfCXv/z5/nvv3ffAQ8/8zIU77jR3p+1mNzaUonoUSdnV1XXRhZ875rhjnnvxleeefubxp55Z19277wEHAkB7Z+fRRx3/pUu/MGXKpEqlyoMAiCSwaj1uKRa6N/W+Nn/BG28uaGpp/8pXvjJm3LhKtd7SVH7nnfceevBfQSE857wLjjnysI72tu23327jhu5f3vTLtxe8d+11Pzz26MOBoFKtX3zhhUT4wN/+fsaZ3WsWrvnxT37U3z+w1157vfX2Oycdf8oxxx7LedDU1BIGhTETppWHB6r1uKGpecOG92PJS+VGSJwtJghVQZshSG32Pli8+LVX57c0tdSq1SMOP/ZTZ57Z0FiuVCphgX20dFlre9cXLr30mKMPj+N43/3mPfTww889+9xbb70jhUCOUibyGTBer0d77D2vWG6MBIiYwrDQ1TlmwqQpU2bMampuJiDOucpUCRGHQbG4csVHK9YCCwAgLBSGK5Vnnn1u/bqN3/jWt4496hDG+XClNqaz49Nnnn7ooQe/8Mrrr732xtp1qzd19/b01kCI9vauhpbOQqnYOWZ8MWRS1EHGgBSEoYCgGiMrNJVC3tQyfusd95YkZVSXkpCx5tYxArBYDA85/Ih99tr3qKMOHRoeDgIuJUiASjUqlYr1ev2td959d+HbY8aNOfGU0886+6zhSj0sBuvXrf/ngw+OHTv2cxd/ft95e7a3thJBT+9+f/nrfa8vWPidy6888ePHxlEsJJ16yic3dG988IEHPnfBxT3day/83Pndm/ovvfQLGzb1bDV760u+8GVC6uxsHz9x0jY77i6R1GuWBgcGgDU0NTUDAGO4et269WvW/+TGXx5z5MFCyFhKYIEEQGKVyvD8V9948835Lc3Nra0dF19yaVtrUxyLIOClcoEHnAccAJobG5oboR5FQhABxlIwgStXrr7nT3f88+/3BkH4mc+eV25okJIYY0Qoda3MOgmOgkGtOpLMo1I/DI/+2AkfO/qISRMmAMBd99x53z1/DnhxxszZPAikEBJg7g7bf+c733v/gyWlUhkAZs+ac+33r+sc0zlt4gTGkvWHG/t7x0+cce55F+291+7NLW2FkH3/uhu+891vff3rl3327PMPPeRQznljQ9ORRxx72KEHb7fdNmEhvPOuu3/7m9/1bew9/ayPjZ0wsRLJegQ7bLfND37ww9v+eGetFkVxPFQZHhyuTJ4+c9Z2OxZLhZjkHvscUCgUOOf1WrTHvAOlENXacCRgt732CwJerVVLxbJC+pKLL5kyfcpQpXbUEUd1tLaecsrpLU2N/37kkRt//NP33nnvws9f2tLRNlytz5w5+0tf+lJMAgDWrVv/8MP/HhisXPLFr+83b7empiYi2rhp009/euPK1euvuvq6o486ZLgSAdApn/xErVr7z6OPberp6e3ddO01P2SIxx97/PsfLt5lh7kXXHDh+vVrAoYHHHjwPnvtt2zV8ubWFilEW/t65B/19PQCAOOMB/zfjzxyw49uPO8zZx9+xGH1KGKMEYHa323CF0mJcSCSgKxaqfzn3w+//OJz+x14+Pmfu3TX3XaeNHYMAYGUAigIgymTJ5915hl777XnHbfd8fRzz+21/wHFAtt6621nzZoj4kjUJSIBMGQcGSOEwf7Bx594ctWKpR1d7bvsuvde++xLUgacq2W4nHHGA0QcP25cgbNqrU7AgSFJYpw2bNh471//uqm3uxyWTv/U2S2NjQDQ3zf4s5/97KOPlu2z736773fApElTDzxwv5kzJre1tMQirtQiFVImr/wkQIBqROPHjbngkkv+cvddjz/x5K57HHjaKSfyIBBC6qWn1sSOEruM4Nk7Lf7H0t9IvaSdJ2PMHKuGmwfIc3LTt9Me0IiI29Joqm9MtzPtza7R0RyyvJ+0s7u5yDANiv8xg4fr3m7R9KSGMGmb/Mklr6X3wQn2nEbWvzQQje65+sFnejbTZCY/lHEjw82W6fPGJticN+/SdTM0Jv+Vnflc5/ehCZ/AMTIKI0YoOU66Ht2JX/4Xyd0SMafUcm61aiD1oBtCJKvLdSpHU96ue1C3NDcQMpasPwSHZm7I9z9glALLoZdXWUzHOmmhIH8fda44E5E6DjQn/EXjwydD6f+7V2rRguHwkWq+tsekjYEpt3F2MYbK18Yx3Xb300FYPOWE3Robi1Gk1lqC3VngrY5wcRsxtWOTkn5KI1eeNEUd6NCPzw0FclMjmeTNlqyFsHRAgyK6o1EmvMQkDWg4IIMJWGVNBITEABBUwphF9drylWvGjelqa22q1etqGxggMmSM4brunrcWLNxn373DgNUjSYCSQBIwJgf6+z788KNtt9mmrblBAjDEgLN1GzetXLFq621nv7Xg7Y7OMdvOnlap1VEdYFMoEsglS1a0traNHdsu4ljV0YFh/8DQsmUrpk6dUiqF772/uKe7u7mlefKkSVMmjROSOIOlK1ZVK7U5c2ZGsVRvmjG5K9S00veQiBAIkYaGKi+9/AqA2GbO1ltNn7xo8dIZUyaVyiUg4AzqUdTbP7Bq1drhSgURAsZb2tsnTBjX3FB6/c2Fa1dv3HXX7bs6OxhnQoCIqsk5SMiDMFCk7enrX7psVbFcnjV9Mue8Wo+6u3s7OzsZQyGlSmtJIiGJc6gMDfb09AopWpoaOzvHAqIQslQMujd19/cPtjY3dnZ2BJxLKQGRIc5//S0eFObuuLUkqNeqgLxUDOv1+rKVqydPnNC9adOCN99qaWnfccdtB4eGS2GhqbkxFvGjjzwxefLErefMqtdrAihAXqlUXnhx/o47br/1nBnVahWARZJJyTSbyIBTVK8tW768p6e3EBbCsDB+3NgxY7sAgEgWAj48NBzFUUdHh2JzBlCPou6NG/v6+2MhCZhiSSlJvS+yvaO9q6uLgAEgR/H+e+8NDA5vvfWcUqkABMl6z0Q/4+DQ0OLFH3V2ds2ZNV1l09du2Fir1adPnUwAURSBJEmCkHMWEsrKcLVWrdbrdUXhYiEsNDQFYUkKGTDJQXCOwHgUxbVqTR1fpQ4y4YxJ9Q4IAARknIflIkg5PDQUhuUwDIgkAAghJbAolsiQUbRx48ZKpVIsFTva2ltaWuv1ehjyoaHBpUtXTJk8qauzHQBELIAhY6x7U09PT/+smdPqUSyiOudBWChIES9bsWrqtKkyqj3y2JMBL+x/4Lw4qlcqta7Ornq9vuCthbVafccdtzMxXhzHSz5a0dnVOXHCWCFlrVbt3tgzdepUoJikRMYlMALGGSHJj5YsW71ubblUmjx58pSJ4yQACckD7O8ffPHlNw4/ZF/GuRRSHftExAhASGIM+voH3ntnYbVSnTRl2pzZ00MeEkgAlBIkqRqRq2k8HYkAiMQQGAO1CEPGESILAy4kcYZvvb1w6dLlEyZO3Hrr2c2NZZUYJkCGEMcCk/dhJD1GAkRcByLGed/AAEfW2tpKAPV6TEDlYvjyyy+/8877++6/7/RpU2Us4zgCZIViQQgBJD9YvHjtmnUtrR3TZkxrbW0FAgQJJBtKhXq9XqlFjY0NcRwNDA4xZAFX7Eqcc4ZMHXINiFLKWEghBGccEYQQxXKpWCwNDw41NpRq9fqGjT1dXR3lUklIyQO2etXa+a+/GUdil912mTZtUhxFHFmhEEhJDHGoWlm/YUNLY+OYrk4AEIKU77Bs+eqhoaFtt50dxxRHAkAGIY+jaO3a9c0trfVaZcGChc3NzTNnzeAcpYgnjh+/fuPGF154uatzzB57zB0cGAoKASAb7B9YvGTp2LFj5syaKaUAgCefeebDD5ed8+nTw0IopGSAUmcQKHkNIJKdUUIEKervv//B8FBl5513KDc0EoEUEUO925cAGQ8CjgCDg0M9AwPjxo2DRKtBHAsGEkgQILAAkSFDJLFi5apqpVoslTraWzrb22MhhYgBUEjx6GPPbLvddpMnjRVRzBlJYBI4IEOggEOlMvzqq/Pr9dq4ceO3227bhlIBAaIoeub5l6OYdttl+3K5FIaFIOBxLGUcARAhB+Rm2ZLzijkohKy7u7tWq7e3tYfFkpDSLgzKbuZDz6uAZE1S3q++VTWLq1yPyJhlY56N8bZt9Eord6eS8d60l+B6KlnHmZxRjNvquT1oXhdh3BEXMduReT+hd3nuCnoIpnwYSzobiHnnXLhNPQhdLxEAgDADiz+yEwz4h68kjdzNeI6Ph4YAeg2h8U19oowErCkh+Kf+pNxXh0BAaTqbZddurG6qOJkxkVziO440pnxeHf0me6zIP2k3xZkGfRe0jJfu0c1towVAz7P2wIzPqX9Df5Oqv+zWFj+dWrBlHTT/mS49Q2QFavQYJPdKALMsZ2UTNT+5U2yY08Ln9Zbp3vP7ySYfzKpWvdoR/HlBsPNCpLhEHbVChZD39Az/5o7nkQVf+Oy+YYEBgDr00rb36eCtN0ZwfyUAdIdOXX6Qmcba6DELclpAtaa0IKG0JwGkY1oAL6VifrPpPSWrGWm30Iwcgm55UG4CPQ0EAeKatX0S2NiuRsaYSAFoBEGzhltEzh2C/HXtpAmNTtYhCxYQWQXjMqipDiBmBcBVRPamuePoLFeaPeANUjr8d2njSohByC2+Z/6g8wsk71EAQIacYcAAAKJYgDo/UGGEyWu6ECAWFAsSakk0JUuAuDpTH4GEUEf0MgYBZxwpFhAEnKHaZyhJCiDAgHNdqY1iqbhDRbOIGIasVosBoVQImKaYlIAMSJJaFhgJSYBSglC0dwhoFBoAqnNx1UtPC5zCgDHGY0GBOkeHkrPpWR7fxgREFDAkAClBShkLAiAEYgw4Q86YtuSMOfSWkgiQM6jU4ihOLHCyLxcAQRY4BgFDRCJZrwsg9ZI7CEJ1vg8ISSSJBwxISqkICpJICgFqwSphwLQl1eweiSRmqMcxYwBCMM4geVURMIaM82o1AoYMGUlJiEKiJLURCYAUalQIMGAAiIBMCBkJAkDGgCEVgoCh2seVDMtyaaeW9iEIKWs1EQtGAIwRQ2BATK19k4gsWXHNwBMP37UDKUlIIgASUhAJCZKAIXGWjI7IiAiRYgE1mbyWhYPkHJCxMEy4SGNpBMqOJImkBM4xElSPBFESRSd1PSAEKBXVwTwgYikkMUTGAQHUVrdYSJCSIQoASRQEAUeIpYgjkQRYyELOE07WeSohSa0vqFbrhKCWMcaU2Cp1aqiQIKR69QpxzkPOoygCkjw5moUDAmfAABxxAZIgQSptzhkDfYYfUfIyIUmMCKSClrNCiByIkAlBUkq1TlLailnW7BsfAhBBZ2QBEDRnKrkkNbq6hJTqsAT1RkI0upNIIkhJRBKIhAQA4EGAShdJQoaCgHMoBggEQkIkJEkKwwAARCyICBlwzgLOETEWMpakTkVSu8eLYcCYire3yElRgqw4PIqkELJYDEiCJBEGPBayHksVNBTCgAMQSEEQxQTAGAMGxHiSv+Oax5SHKSUQUsgQAOqxjAUpkyelCBgLQx7VY0QoFDgAxHGyq6VejxgHkhIIGcckgkfGGFeLgoz7qmqeYRDEUgIBEAjF9mYNlvb19KRKxqDAuZrTKBJCAmMYMARUL9tGlbwBSjZ4CAlSSWJSVxXKTAMyZMiUKXGoLNTaFSJVTmfIIqFe9yUZEAFSggwyJMagEDDjdBrTYxUCkSSKIkmgXoWHElAvqU2iFEgsNiBCwBlnynJJ9Zoux+v2fEoz9e6V4pbcjHYq/gSHvKjXW6bjzxGG0IlmslB5mfJs/Ol+yYs/7YGgLlheUGhfZ5jnMWXT5dkNVvYX0J62pq7vlNkvvk6xzthI06HDAH3PdY7JXfeoXVa/XpLqVjOWpphxAgFSD0KKJeySQgewlI+bdT3N2E7UoVeIAoAptJriXApeO3/gPO6EdjZMS7ySPDqm408LUspTTLolt4lGDbR/BQ709gHHJXVzFrpPTDGnfl6fZ+Rgioa0ztA5l+OTZ4tYI11uoOFOnEXWFT/dJ2Vm38fPhwssgSBvrYGXMTG3rHOuVJjWaZIKBd7TU/nFrU+ThMsuOqRU4kRgXm7lgpeGIzXbzu3/ITTLCELSySjRk/XGARFV/OlEOZq6DpoElhmRvPnwxNJDWkMzSggKDqqjpCtSobz6J7HQApI3aicJJExoiNoPJ6tY/bHSwKbqpJ6FAH9O3DRbHpou7puJPzMWyCVLWpE7u3gNbBKsHsHk5CqjBbTat9bVdm5lPmOYAIABoHqTIkkgUq8RYeoFLsruEUkgBJSSBEGsCiOJewMMCEEwiBGAkElgDIEjcYaILNGqKlxBvfsaSKrn9a/Kp5GSEAkBlA+HyTt4gAcBR0xeeg9kVlvpEzXIXTrtCAFqWkmOFDC1kU2XdQGQIREJSSSl5nGNdbKaC0AKISQBk6gQQs6AIzIkIJIqqpakNqEyHgAkBUBJLCZVfFB+PCEQA2IQ8SQcQAJGGDBkAQemjs6WAtXxI2o+FL6SAJJKtMoBCSLQ77CTJJXiEZLUklokGTAiGQshFVMyzggYMiakyuAYrzVh8gQgkAGLOZA+pIxJCAAZZ8gZAAkgiapsCUBAsZCUpLQo8X4US2pNJIEJmay7AwYcJIoIGQJwFVfr0J0AMHl9DTKGSESxlCQlMMaQESWRmEhGixnEas0XS/IjKIFJCCQhQ+QInAPnkLzuXqcKQC2Eh0R7ICLjyJAJAUKFncQSpoKkkfIXECRDUo5/EASgqnakqowSQIGtFqUTkQBJjAEBI2AsyR0pxkYLDhABSAmqJMVAAElBUgGKCJIYIJfECFlCWhIqLtWvIwJE4CpHREIKqfQM44whU++AkZKIiOlEkqAkFpJSMScxoIBJhkSAlCRK0DiRjhqGtAVFSoQaEBEZquUGnhJLrKuUBBgEHNTh5er1k2owJWuSAEBleBQFVIEaABliIrcgOBJjIARKE8ASqIUaoA4gAGIgCYGQq7eSsgQkUjEhAEhBgiTJnMoMoSr9Oo6YSpNg8srKxCIyRkllGFQQxYCkhBg46o34SU2YSKrDnDlTh5NT8r4jCZIkqDXwCS5AkiFx9UJjNd1m0wYiEDGG6m3Eau5JAlN7qDkiMjQhF4GUQiYZBDRBvuF6cCy5MvOMCXWaHCEj4Eo/MiWhoCJAAoBkNQcyACRCoTUwaCPFGHAEBiSlIJBAKt+F6o3BSS4pYULlL5Lm9kQbKCUJ+g3yivrSJE4SLBgRIzBvNEWtuh2n2J5uIFhyIgJX7pn1x1L2N+nc4wl7cIO2XKAlIeW56QjTMr8eAT0XxPyWflCZ4EwAbAoLud6C9Vetd5F0r01iztDWHfEcDNB+lIHCfHCxS/msKbfHxKaeJdaPo6WkpaD16U38qdFyiOigZsGH5CdE7xnjC+kHyKEkZC5zC92xzK/Og3ose6Kl263j73mVp2QuFNk1eW2lBJxw0XPPzXdz351fw8XmYBv7qCmbGy8IIJd5XBZyu/HFwa9pOPZU/ZvjXjraFa2L7TO4ESLXLU/RzKA5kp9sieB71GDHchjKqZ9ZstjuwPjF6W3beZR34TRENG28mcyLDFPxp23vQuhwYxhgZbj+9IsfAYmD95tTKnInbeKR3pVTMxG6QxNZWOC9OEUDkJNFce8bNjaJGwdfLwpTUoj6/Suks0yuDrU6J5kDS4Jk7Aw4Ng0G2pKMcLlxeSoCxLxX1hhhVN6iiKXyJYzusUChxdZHwyeZ8939KYlOLd6JVrFaxoeWnF8VkEaTk8+d6fOXrZEBGIFSHr+ig4gjRnaUxEKTxsoXCeNlWw3kUy4ZCokcTWo9L5aYajPDKtpyDmtQMqrgQEJAjkCAXOs76UyaOtQQAZCSVW9GHRglmNBIVyWB9LZw5Vy61lf7xgYj1zaC4V6AxB9DQCKZHPipJk7xvwAAUGvJbGBrxQz0fkY0JFS/k6KWcVGVSCXbcVVaE5P8qm9ITPCsLQYDZODmnRlTPxKo0BpIp1A4JI64zj4ql5gkgQ6UGAMURABMyhiAMa7DaWQkUQjXMfHEm6E+nxeYejMDgCoNo/HsGDKHJY3lACNDSard+PDJbCbTJYkISL+MniUTo7oCAgAhiCEwnhzq7hhe+/qBhHDKMdZpB4aQnESlk9rGpUdkyfSAYtWk2mpnSjKpdYiKuV22QlDEQ0SOQGpRosl2aClnAEAq15AQhKljm1VeR1rIQCZvLZKg14gxhlJtgBJIgOiek4AoKZl0FRIk4Yly3RHs/xLO126MjjGS7AyRdBKrSRZI/6PuqxSHCgrsSQSGGo7ecHwIz6ImnqOWQkV+FTcAAGNovH8yh5dojassEQIIAHUoMiJT/UgbDDMAIYT6yhwOdtUBGYw0wjqhBKjGJUQgVMKqGdDqElIMQsmGei0RgMyirSNGFUwzIiEQUZ//hqjfSuDIPkkdU0KSkJKAIC0Z1AyDXQ+oDnlRSU1EQAlSqKpuAhUAV1qLgCHXvZCQUiVlwM6F9WkUcgpIz3Yr+JkErqmBRkZMFTxlu9DaLMsw9o0MmtsoOWg/0ZnJ6zmN/QeHh1VYLZMDblRqScmUOqlbSwcqw4ae/SNnGg2IyJIFFkiGDywb29YpD0wzsGFPo09UY9AOVPIjJQkmNP0qNvQXQVqovCjIuMvkwOV7IDbYcKYAER1SZ7yKPDfDOQRWdwL6IEmNkPNGBsOdZG85BVW/nb86kqx/5ODtnDej0QGH+JY4VvMYwdbtrdbRSyh9V993D7Q2yCGGA48ZWlMJXVI7bUx6Qvt/Wn2loCXSqsh0nsDoxPb2MlGBHsWsP/YdLhd6ctjRduek1VK0dlEw1RSXArrgaLMAAOgklK2+ND2lyePi6+pgdOCxba1GQa2nMIOm07Wxz8w57SavrUVI6Q8djStlYvcb204sC2l17H5PXf6aUE0Lu/sxsbs2grXxlFXvDuVzmNyhlhEkEVOpGByy70wiCANmGR9SdLUC7EVVNsp1dF3OeVQJY3jSqlndaeatrEhNmeJn1Me2qQ9Bqkm+UAJBZlJT39OpPk2gXL5J2rhM6gSfo7RG3QYZIykTbWMeQdAWZzQWHPFKiXQGEpVa13czM+Q+5WcvMPtAcsc1LxZoy+8pw+hDY2MZt0Ei48ZeumCkXKB0t+hoPUoeQASUREzpz4TnUFtbpsypSieTVj8EoLbfiGRCkABEIprMRrRp2rEksnQA0rZRPcQRgWEixUk1MlnOp1DW7K27SREWAKwkIpfm7TQEMvFHFCI6vZ+4MIh6i5QCQ1sSJZDqjS5aVaKiBndwBQIk5IoQDEDaKAsQGAEIsAtYUGsoUk4VSBWy2xQjcuSUwJsk/JmWP60eTMiq9YEkrmcVEjcKtTyRobNlItDr3Ig4MWYTtAztwcoASdnPGBVECDhIkAQIoEqhKmZmiSsDqI0QBwDg0kQOhOoNhIr8iGploZlrBGSQUNFwDABTNGCSAkfJJlPJkoNQgDGrhREZoiqbMssp2lgIFU8SEIGE5CxsTSpNa5VSAHRXNamom4BDkihBRTWROOBM4Z9MB5ouEZKCnWV9VHUqjso516/sQ0NwBL1bm1mbZoLPRK1wzhklylsdT524Lmo5bfLSJnDAYnqBDwG3b+hOJGlEpeqYPXD/JfAiFLXzEJDrkAEVZ5P7HCQDJjNALgQOkyoOAUVt8JS1ll19MZmcpcVcJifDRQQApCrwyVdkzuOGaQxwiSOdxORG8LTeQSX+ThytGkjU64iQq2XXKrbWG2A4kSRTCzG1O1DQI+pFPVqlAAES4/qFjvY0eGQIhNKIPiI6ImNQcWfUUNU4fABcian2ehO9ZDKAScity5XGKzHcaIwXKdwRAQM0isJs8EqWN1iDxUwPeqaQcdSKgVRVHIAxruu4RNqYoIOU04nFXj3q2h/3p3xL63brL5qzhjbzQBLFgSaFK8KjXK4speBCzPlVC0/K0pkcck7NIm+UkcQbRwE4z7cz7fMe3BzueZDkAT9yT3n3DWVSDE9+m80CtyVtHPHJhLK5oNIW3DTaRYOwRZB4EBkdPjIk5mend6U+Erto/Q83NM5U5/WDlPmcgt7PfOu26LA0ArlviNVM6xLJfTxL8FTx04xhc0P6Ka/clReDII5EvlEvm9VzSGJx9GVwtHPLTGbBfLcWv1DgRCZDY3vI6XBUvkH9lD+w7U6bkhEZaTR1kSgl2wOCXX9L5ufsU25sD+DuxtTxmDPNpnUq8WNM4WgyOeqloCQkEvji60uiGu2569SwWBCxtBWCvL69BSbWXdAPGJ42yUYXcoOsASNtAGzKwvt1dDRT+TnKSpP+rqNGshVT+6TNkzpugBPMW0ODNjGj5SGfVtaTMACpacfEkwGXUXU2mow/QSPoOdLxDACg7g3RMe3OPyrSI13pMz8gJjtLHeqZycLkESCAlBSRRcVN7llCkyaYD7NpqDJ+SQiqxQEIEZhGJFn+6DxKyX8KMKXmwIQTRv1q06B33prKiS4CeIrHOndWBh0boummqefyiTFhDlcYdk9PWtKJaqV9er0iDiE5qgqTqMrgAChlsq1LEpDUfK7nyvqJ4E+EGompl+eowk8y4+4kGiiJgKQ6xhPUujtVmtYM5vwF0iRNSt3oBg5mZgEM6SBR567IoKPqkhlwpMPGoX4/yWdDIT20U6s0AqvnTjUkvSxW69U0dznShOYrWulI/HUr9xmdpIRLiYyWGcWQdiBHIly3x3IjOW10wGNoYzlOk8re90NWcz9JT5FNpfjwo4LKWqqsxcrRwS6dMz4Tgh+MaHNhbySTl+fFOX6Fq8YdfezKmgOx5jRIIkw7kKWnntnkOdIkTtjVmmJw+crF1D5hdLtVCy6e5ABvdLwewBqUbP9aYLT6tf6WIzb2DALP9JIz0eqelik02g/cv4qmNo2GZkBvahxWtcZDR84umuSvrlV6zthA8vjfzorCx/jlhjFQ/0doe7CwJ3R2ON6sQTDUVyKJel4zzoZV2KmpAk+8s/NrGzjemqnzOJWQnMuULLKm3UHQMBqA/WKRs6Gpi1TGXqf8K8VCHni+e5a6CZqeXi+GYn7RI6cftxNHuDH1VJ6PnqeIvDdPWOx0KTzFsqrOjKnOHFGzTX0wyE0oZDzPbMnL6VszIKDHpnnIGjkDyGmb2A1bgnCQsNpdf3fVjQOLXc5mt5sB+tRDf+JyrqyZGvXKavTkgx0ILBVSDJDlW+f3BFzjhqX696ffs/FaW1rLg4apE7WksvEIFMeSSHLOOceU+ORefhnTzSWMeNmwLjXvCbKuVOFoX3UH6qZX/xwheE3YQucSNJzWe7T6y4XVl7eRMdviK3FECOJYvLFwda0ud95hUrkMsc5nOobNzZrYfzHdXwJuWnm52LmXN7XojomjTl5qdMNq5rkR0wZ5ys4dXv0l828CuztZOQC4naSAdDAhcLPmhl3NF6+9o7xIN8Tsg7qFWcJhJgp1ucVdZKB39AKA64M58JsxR5sBQw1TtHBGcJUqUeJPpwXS+PBWP+j/ObRyVrCRgcqnYGLIgVLLsIw75AxtVr2QHstQxj2Ty/e8Ej4wTh3qB8w4hA7hAPSGK0t6Y6vNfQOgetQSEF20kt3Iqn6G0mMVPcsGV4d39MQigCq3ECXlG3dWjWlzZsXm+N1EhmsIzIl9jgVM/FATmicUIyJ9Kg8kdCACm54ysauLkMeAbknNYUZMTQ8qDeU6twQOhRyuM/iQmQmHkG6YneyOc/pTPKn4xN2Ok3J5fYdMIw52rDQ4AHrivUXR3kXeXJHXDHPvWkPssDP5A7seLHm/pDsBO2W6AKw5gLLtyfKWftJL6OX07t5F55PRdsloBs5RLaDZrZWylpr+bsCRwRP9D97qONM8dy+MHtS/meeHkjt2jkYHZ4mmc9tYL7RWyUufu6rGfPWk2LBgMqCNvFHD4sqF6ch8tYA6tTkFl+nSts+GcFaZu8h58b1BxpRr3Bx/plzgEtM3XEbjgjYS3nNaMrxgI4X5ll6olR4a4ciNeNNPmTmwd9xqkqGSzx8+q7jHPWr0k4jMMDtRzpNeL/bfVO84AjFGuQ8OKUw/kLuDbKSYJx/GER2TTOzk6tqRKKfvIfqTsJlZ2wyMIw6U2ye6ekOlJFzJTyyD+6ibq1LNMsFnsrrDj1u0MdKd5KVXRsTp/4keWXOSo3G9aCpvtFTWiihHltOdqu7yzJnRfYbhrZ1BCRQgFIscKFC7WohG5oUsWaxd3NIrnVBL2xnd7Sgz5IBh3v+pdIG7zt947VZZOArQKl4vwWP1qj0VKq2CPY2T6cG5PwLsQARRnarV2B7boQVAu5ZAGTuKnn02MJBT5TCD2KnO6vYRllhrha4/u2qUcpq7z6V9I5tu9BU9mAI4KJcbpGqpH3DyYQl2dgBCQL2/CDKT7PGha0fNhOmgTJsV87OrAfT86pG15skMkAiMUSja29J+kvGsKfUGZqPKUkyeIbuCxNklYlnaCC6ybNSnJ1iHIgmNNWiY0JAS19BVmo7vrd0YfYOS41T8HKVerudC4MV7CW3SeFo33cti6olytZLeh0hW3vT8GGKgLjClbZ2RaDOlhvAEareeoyhsczT9oS6jAQJKNLvbEpydYMlKhwLJs0ekNoyRmR40AuUZOmfOEJhecaxnRzMjIgApoUH9kLuwhzQt9MlVegDlCqFDPq0FtWJRrrCWx4RQyeEutm7vPKoZIVnhanIdiebUG3AM02pg0QiPrtIZ51zhmMySr5eQpFqgjY7wp+stpgTqaUGNn1fwS0ZBnYv1/Ayt/cjgTGbidG05oZ6pDGOypMM182SUMyZOiSv+mpZ6kpzf0CeAq0fM3cQYkV3yoylCbv3a06GQbPy3OhdtVwZUsLbCISC47ASA3osHNBns7KDFwkBP4MKanrIU9cl8TnI5DrFSl5YFx8k2rd1SPrrjJ/KMJnfjMpyNBd1nNWOlbL2BFK1gWEtjEu1JBshhVTD7Isw79FzblTjmaNWLJSTaPE2ayo4OdoQjEy2DnQhPwzq2LuF3Vbu1ISi5M29mylFj/k00DOMM7axkyFuIa9nW9mPtYNb99Ys7DmqpTg13WNSydywHeAYMHa6ytgpTWQ8n9IQkDejaTo0IeR27UaaWzRTsHpY+UjmYKghTJjvFt44hQBejbEcp7ZQzUi4M/l3tQmcUsJX15EfjbKsvqen2mGUUqECzn34gsQvpvKThqsQvcur1ZggjZq4+B+2qebh7iylAY5w4II4mzfjdhuO1zHjSmF16kL0cmI1Sy2+QM19OiiThQGO5/Sc8L82Amvpq4M8f2Y6U6AEEImIMa0KuWLaJSMya2gXqFWJKc6VY1OrYBF9r21PwuEg5PeRFZ3mcZOReh4BoD9hyUFH7P/3sqReyjbJQdqQQMS91qu8nsDmKO/Pilnxl4WmWhLW5EhOPITQCGhkzjiec+m6i4tPLqlNgJz95CxiM7DtSM5JG8/oxsu2jp+FByN346/Xj4eXoOHIR1x0bvtH0SDjDqpaUA2M1h01HaV2g0XYiDx+2xEyQIa3jNyUhHDh8SMa2J1MPeYlL1LueUrilSERaNO1v2tO2qinfRDlGk5z/a/DNz/7CGI2NB4fzkjYTB7q4mD+gHXhf86a0sBN5atPs9+aGEEn7HCl3PtuuHPxAS45x9TIeRkJ+nnraGV3NghpA6t9lEhxZs2jGMh8kWHfRVTlSb/xL5tVHPynhEtiYGzW+SdTk2Gwnww+a8UAjT94nTSDfclFSX7Uq0icC2hnyBDjhaMPwGminBSj5BE9Dpxb9eclGE3lqfMF8Mj2rzhJEXPvjCpiXGbO600q3oZoPTfKIk47RuscSkCy5wTd19nkNhY0E0Axlli968utSBCgZz9p7txXp51L5rETVWCcddWuHXwA0F9v1Tqopul3pZFZCBtWVJM066JHO9STTIPnoOWrCv+m7lfq0O7JylWgVNMoqrSazfYIjVuiM7KQiHDwUuqQW+zmFjyz87vynnXij7Ix2de27HcmIvDeKQ8GcmEoJiGVcPWBCffSVtmNQfN2qo5CULbHNjSiRXgWQyaPY3pWtMILq7mAylADNl94tQKeN4V1P2uzcIABJh69T5kwPYQyBixx4Czi9y9cAaMbybI2j0e0EmWxh2rA5XxG8NbHWVaMke0iZZKpR/2mAKQUPQGpiEdMNvB8xGTatSvSzRMoXdZg1eeGc53Bqswypy+0UM65e3hNuxA5Gazlhj/qFvDt2LNdzNvog5aJTikMgPYq2OY7kGgknRwOgk/13kXH6UUvWfcb20EzaG3ZByN9s6AOtzUsKC6cTSxB1vERCApmceue71V4H7taSzK95agGs5suVJo2vK4kOUum+UmrA0RVKtwUcBwbrf3vkzSiKv3jOgeXGkEgfqOiPmK7Gmf/7PouipHEmRozL0MPR/8d6AsYzTQVQBq3ARcpNbo1wYXaevIGyzdMtR+h3hH2heTcRQJ07yUwjdbiJaerbkpEBUs+kNK+jnUcAdsSLshhnclEODnlJqqS9N6GU+Wy6QNJqPsshNqp3IPNAtPk+w9E5psV4BImbjkabuWN6wujXzrJnXzg6zSo2BBWiJzWvZD2mL3wuvfxfs7ZHj2/qFEbLKIdAD5Q4Jo49zy6a85OZrlYiS58sLdRoXoSUmgdFHnT7TM+3/qBrDw4JfMOcZrSk3qp7S4evHo1Qu3rpDQj6OBDbGxmoSOt1UO+MkFKzBgKQOofJje2QgTknJVHvDEhqG5NKDrpFHEOHlDSnUlDuUbYpLMC7DaAjPgKdHFFDjpBZSybKqX1qaCwEJtxU8phyQzLqf8TLeZA8fZBKY6etuBFVUxzP9DyqRrO2PmVPHBzc76lWLqvpOwgAdomJwiTbieYjLyebNLLPaA3k6yN058KiAqrI7d81wp+oL3RaJx+yMgSaz8hOqjfDFgkPDJ2GViJh5RycBppEuRclYqeQT5Uxyf/rdGyUuNdN+sktsW3ek5ZGziqbEYbwB8gb3RMbrwlp78dXyfnw6vt66bLiHjer5z9puh1V/nJGyb9SzJKC0uIwQmjn2XmyH2xCIWX9kjaGMbR1T24TeVmoEZDRZsdBLUeAfLS8ppuhXXau8iDKmu3slZZFT6v879OYPEtmUY0HDXnfRngW0y6bK3Sb0+l2JtH0lsHBV3L2aVNkTncGiUTmApAjvpmnc7yCPOhHp5Hb5xaxyAjjaA2dmeEsV22JfvAh1B9QE9k8NwKH0sjImF+z91Oj5jw+Oqs4/XtdOo54YhRAIjApZG9fBSUSJCeJE4ecOC5tphV8Pj/7d7S+T3eVvuPOfKo3O453eI1pEYAxuom7r3RaOu2QWawBbqBCPkzZOYA01maDYnoG/fspdzDRy5KgUqdICPOMP7Ldo4+OgCdMl7gzKfn2tgjZ27nRY+I3mH7tQ6RQy6DkAufdJFNMtTlRl1wKWLdwpVSNCUVcl9h0m6FqjiuQQ1gAu67KmX4vOWXgcLdLOat8bbeOPQXUCpR0h26103UKlFJwfATzBW13GmY0wKmhk5wpZC7vnscRZlzHVSV3qJQnpKsBngNmFnZ5atDuh9J6Q82mTQqA7d8yBIFahUyWFLZbYz3NVGieSc+7zsejA4DFnDQjufPlNNXPJZA5AJs+EjqQbp3E86psBCYt6qT9Lf1ZojsAQULibJLUOl0/qapOWjZNSUctFHAImtYwaZ2fSVPahgSQ7I0kS4MMuPpGasm5NQcWbMPV5HSoMbJ86g2Bhhhan3qOTTKznrii0XBaShwf10qZ5RJIEylDDB8xIjD1RXfuLcDeHaOpTcEKHcz1U7550wzkEljruGS2LYIGHEMo+z4CV0mnBF0Da1o4tPApYddKAhi8na4s0xvpAYcqGmpww2tMr4gm+9kysaZexhVwNKy6lbLI/m9u5sjDzFcLLt8mP/vSgUkcQ2CX6piZIMvK3tybZlplgvOvxQjINjUqTWOjbYtlYzKI2aa23uJhqAdI6wVMAPENjWFXN5bOGg8nHUKuIBiyGFAhHTNoMXDJZ/o0+zp0344B8GXCPJV0YwsKiuV0ztgM5YLhmISUKIFhWF8k0yS1VHKIa50zIzF63aFeypJbtLKypZGmrGp20LWwWivvUtJRbTlRt55ZR79oU2K0mRftaIbJWgAPBjOyS2gERz9bBedv3iKnsdex17nS7K7AgjuTTu0IE8SJNCO46sc0McTxhCB9GS1pRnblLjFw5OmOVBKKEtFHS1nbuWeZfBDc5eJubdldK5Jy1/VC/ERA9XJTv0MLqKPPncW84Cghl6nItjUS4j3tGjADCQBksxrWn6c8NByIPbAdJ8OQyhobRNTmDLVOKnH1uq30gd7OUBmCu4i7mVCHP63Gc3ugjH7KkT1vsHTx07kCcElM9qlsCJq63GJpSm/bKUtJBFodSrmLIdP30w2Uleac7TBnbN9QPeAMXDfA8ksiP4mmczSyUZ05Y5sH/SHzFXTelVZZ6mZeasqtTIN6+5vr2/odWp2Q2PjkffTaXNv1F04Aqx0ktHZ4sxc5fw0I7ldSdtYpkxMAs8cjO46ClZfEKXcW2xr7nKKJdh+UmdCyh556SakU07MrLOkL876gMSIEKUfRehxplW1yzEbbKH3gPp0jkP4/mLYCnkIg74b5huRW+xI4E51v4EQPBmccXwYBCHS+CRxi6o+OYU20MLpQa//BAkwMUL8NSSbdkdOOOcObf9A+7/KDMeVkzSIkjJ9YGtctMq3MQq1stsFB0CEqgV09oOfdexRdK0ym0m32yNnEg9OHfT8hpKtmhmUAQa/jclbxm9jNJYX2c5yZtSbaVyyO7rCMkb58xvN/QkQnlsg+5cBgQLFqVp8BpRaw+bA5DG4iN3/PkGmvdJwO0h0zTBY3TMM3kuA7GLtCZ2TDUmMkFe/dT6tjG46kRSjnaUdEM+C6BtvxS4zzkbFKYHNtCcGyGDuduwqG/J9ytJyxGCN4LZkrkcFka6/RQKMspkoFvWQ2x7uQpRVjVpmR3zxhFM0tOrhxXATK8Iq27/mVQ6ViLHPml7mSWaIU+HkeVNq7cNkp967zqOnZDJXlCjuNmuF9DWFXKGejIFe1OFh4j2fBsiZFq4HEeqcmJzWCht9JN2TqKnb9tJussZ3Zbpx+RlZw3oi+nUw/N1oXaSCyiYstvHL1s2vE8wXIV13OMjfUYuS1TXod8cq6L+r2SMROd+jObg7Du848KuueQSo1uZmfNTm8NZIJZ4y6YnMUtPN/TwmLD1WqtRt8WoD8qNL/kB1/ZADTOkCXnIy617+qd8tJyjX3lj2cXvJgcJOh+dCM3EOmR3d4F/3ss4EtReaBDjanlTeE3fqjEPEpbjSCVsamDWZeuZNaZzxCdVT5/hSGeNDeM+p1US4GsSDXcnhKjsAwvVG46Q1YRk37MHuZTqfq5MCiS6bZfK25qZ2zEb0xPRYlnqa9o0FPw5onwI6lsRkXSwW7HMkk+S2Cjv5FuwmNbL+qHmeJoYwfOaUpbQ01zJgUrjzb6volbnPSa/OSGQcETTPtc6IG1hEP7TihmTsTvepkrBnXup7GkDl0S7ozGTGPJM6gdlozIag7C2Bh1EBmdJhej6caKQxA/4NgTgFLs39S7jY+ERCYJTwJHa3NT0WrHhkRQZ3BQogoDTSka056xTISQ0YIqN6xSs70KX/TktBxaQwDuWpPCalqq1+tAqhOrrZcmWClV10SyaS1UfVq0b1Zgsac1Cpi4okY7jBk01OPiTOpj+pVtzVgnho0DpSTnqOErpjRBvpZ0rxIjq5VhsObAh2COtNlnk1GIpNGTkCzyWct0G46Gs38e/t3EEgLipkm8wz4h5baCqMFHJzlSmjWW3ixo0l0UQ7xgFzArSnKJmFAc78mM6CxGronTxytFnEWj/i6L6F2whxIbhtmGBqMknTLWIl+UvdSR0uk6OSRynFvSRNDFQa0NXGAc0XUdGNdUC2IziiuhjVwgkNJ65s4Rs2tuakblqSJaHna1RFmhzPMXIPjVviGyi/uO9kb50I7LVo3O3xi+tL+nSEBWcTA8pxV7ZpGru22ZHXGByMXoMUx8UXSPqX+0YlbUkkfPcdEAG6BKEcDpn0M85MW8CzA9vgVA7l+hAwhyVIL/C70wXmZx8E+4tWc9DPOfZ/NLSPoT5l6Lenkmjt/Hsvk08EPQZ140l46H6k1swO/7tzag0zvSQ+ZwMBygqeinN5S/ejmrr3NNsy/yJ+tNBEcs4XedHn85MiISsfaeoZDk7Tf7vo4kM+N2iwAuD5KqmVu1DRaiGstViLMCkjvtFNw5Mti7Wjy9IZnqzFHpX2e+KDRJ+ZXNHmoVK+OaiPHUthfrCBk1YJD81HIk0/PZAx3vVxqqoy7VY3iepRdaqbVSnKEpsOxVp8rwD1ZS0dh+SB7qiOtSbIa2LU2aDsPcASusj0SOsKC6TapxZ+pyFN3i5hlNi8Edb+m1JlRsm5ytbGh2FCUQpJw2NTR9gQ6hZ7aDeMSwFUl1tm0aVPHFGW4P0UoQHRVW0Yj51RBPb2Z8z4Br5gJPh+Y4jNq4dGskwQiWZnUdCZNAaOOwUxMElSYURCASDvteiyAlMlH+7/ENQUDnCalq8cAfMyULgLAZF07OQv/LNui8T+sWOmHvd718isEkv6pgwowh+Et4onKTViMNNsoeKT1PTTz6ADbJbMWBc2pJqzSJSIgK/9uysTAbYN668w7TjkQILLkPZdAlARR6BCGUhC5EqD4maGuJ7q0NNMPDLVOUhvZmV7wQVpHJzTVWQmnkOqZxWTWCCFJzjG7MM6MrBcNWcYCHer7nGHJAwQgiZB56gySTIkSRLtimPnrllz/xcaKoJ4jXbRF0lXlBAuVIUp8qiS1YiLJ5Kga0GGn/h9YoUTDLQoVRECdhkkicx0aETnTaRxN01FCQEfKzBTo74p5tPojU/7FNHs4s2h40alc5C9ESWmqjBOpx0JNPzK+vR4j6d1VzFqze3ZRH47rjoze4Eljd6FbFnZNB2sdk7uGlcELnsEhphueW9dIQeMsT3UI5IFiWdQoX6NFtS7wLEXShyWD86tOoqK75MJ7t5wLpWPjTDMyCtBRjKRUvENZz3gl9sSip3MH6N0DRzOA97gpV6Nbpk0E1Ml4JTFeyhnT4u9R1/SgvTsnEQZaRsGD2v9u7In55kGtKaXTH96vfuht6I8Ixp/BzKwqePJ9fYdjPIDTDGwbuf17hji/luXgmZJdSxUzdVaWjKrTrOrlGbLRI+g2mg1B6y83KneXcJueHQDT6YOEc8xfw+6+4+QFls7XVHTqDaY8Il9+1DRaPeTjmV7xMNKlFZP7xW/gd+vdcJaLJ0AaAL3efXhyrhSpzWBJ76461OQy67vATltarEznamFa0iQVlTmopSG0LJpYZKeNX9ozYLL0TDnBcNIcWX6c4gKQjgWs2+wwmPuk412A4RfdG6Y6AQUjuPC7RofIE790mJMC2L+pf3PtSkIbHvBpkztlJLh+v3mibXxIyFhcm0xLpzc9ePzQwNz18HLASZtXSJgqszaWHBVB3vs/s1dqeFXfT9/MW2iT0sB5pVdHdztfR1qXazpSVxyJOJaMMWCab9Mt0/KT4yFg1txZvQj+9Gdtyv98ORyBPoSpsVwVnKfDaMQvGT3s/ZT8ISe15XTgCJurgRlI0B51pkNHcAkBuY7vzBlCYI6yFEJKAsaZMm0k9YA6EmJIAUrMsJMdW4s+AiJDCejnolQ3AgGkBJASGGMIiMLqpcTGIFHy6hqlZhCJJWU3IgABnIgTSRICgHjAgZjrxDhLzwkB4lgyhpwxD2bfiCMQEEkgvUAzYShvIy0AAkjkJtyWRFLEgMg4BwBGIplA5ixQJMlQAKEErl8QkbiNalwmKZKCMRaGHPXOaA4gAch5pQcAIEqSJCTxADnnZuWrmruAcyMGxmvSO/2kQhgRQIAQBAicEQdBgEAMiEkGqIZLpkOALmBbugElpdYkX0JIKAklgQTkSSlJEEgUhgct0RGZMlXMWb2tyKgujgwRBAAJGccCGSJjkgAAGUgEiYCCGCXKnQBICgFEYcgAmPWFEQhAxkJI4jxQQqd2/6v1x0QghUBEHjAdgRIJKUGGIWeodCkBMtdbIQD1TikiICIRR8hYEASJkVN/lAgkBiRhes0LaKwzJQigb0Vdp8zMu7bRJrTN8RbSe5LyNGKejkzp2Bwl4voWplKX2zoFdSbMGFVBk0+RDBjanuf2RiOusfP5N7k1sgL2Xa4MiO7ImOk9/RQajZ4BwCoorwqqKO2WtlwD7DKKswE0D0VDLhMc5pkya8bcnvPRV7YiXTHViaGRXQJ3MIcV0PEUwQ1jjWLQEjdS146AOfcwmV9PbXsU/n+7PDn18M149olSJt02UQiZzlQ/5JqY/IFHu52SXbMEaPTu/N/JMPOoQ44GWyrQMgR3f01NV+50+E5X9hoRMRcA23OmK3KR9DvLxNUjjpXyzlKRtXkwlya5PWSQMT84yjbz7Ciy4bb2koSjNXSjHZfdMdvIBxRAY5edUEwpmJxQwAUim4lyQXLvZQzlFl7/zxrAGTkrzBm+VQYpFtRQLJxw5FwGslRChur8/xRABmsy/Y0+tc5qoFzYsmFpfm/ZyryFSQGhjiTWkU5iUDxXI5l3857iHMisqTMGZlRFnBt5jtIYjPcAmuFlEs8ktQtfWxoA3Kr9Zq5cflM3GSOwKGWl1b2ZW5j27vjtbR3JRrxe0hEs3voPZiE1+KfSiWAWw7jFySwqLnurIEy/f0CAiIUQrqtClLwEMPFXGSOAgAVhIUSdnDflNdL6gTOMYlETCABSgpSWHnqRl2AQM5DOKqYUcQGRJAFDZIwFnLOAM92L9tsBHepIIua5zpZsUso4jqWQkvSx9UREkohi4pI4ciwXeBjyWl3IJHuf9I1Aatk9Z0AEYcAAIJb6jZcEkuyKfETiCEQiimOnJKu9Zx1bM0BAZEHAkEtKcjGSZLEQAshaXQICyliIiCQIQEkoJAAAR8lB8KBAQUgQGBZTBT0kKARQLPBYCCGIM8YZgN6aKEkTVj0AhAgqkJZEoDbzIILLG1p7uZ6GlFJhIiQQMGAoJUkpOAkAFMCSqjwDBqp/KeIIEDhjRBQLSVKAComl1S6IhIACGPIC5xyRSAgikZR8UZ1flEgESck5CwuFkAdufAIAcRzHkWCMBQUOBLEEhizgUI9lLZZSFXpFJOM64xxYQSJTa1MZUjFABKrVI2QBY4iASdYLgSNwzmuRlBIIQQrjnxBDLIRMEEWxRMYQgQEUODCGcSyFFEjAAkRggChJvX2UpEw+qEihoRjEkqJYMkRA5AgMQdfq9Ro3f1mJkShHFxjt7ht6rW1MIVDpi3RN1DIrOd91rdVpRtbNNBUx9zetuMxIVsBHWJtn7vvHx6dMjF8rUs39+qf5ahwgv5IJukgOOjsDOnqx6zSddVBZV9J25Wpysj2Cq3tyfanNuTpGZ6PuzU6yXeBgSWod4bRNAMQc19x1nMEQ2W+jV0K4k5/j46cfcfxO+2SuOSV/cpzGhvhW7RhWsSzrujjOfDk85RoyMKVKM0dOptM+k5p99VFbGjtW8qDDDkYC0bfZianKuhIJFo50OVUIc1p9ngeJ3j+akP4CNc3SPhs7nkUaDouIA5YfD+uFG8lrH9DvygCn3U1HKv1xPYfGOCgaTlfeU4zqm1HvpnsfUrhnL5PRoxSP5F2We0mjRXrCPDDJQuTNTVa4XGc7+e4oyOQHGgF+V+ORzx26Wy/VS1qtOc6VGdrhEHDzkVmaaKI7PG+I48+LC2vmYWfNng5v/BpJ3mXSPiM28LS0uZkzsyb56T0Jjq6zIuFpHue+h5SdOF/n+2096+nfJD0Y6sVyptDvViwYEgMIuFHMdkg38LNKwGc7G2dmb2bzGsnKGTNB+ln/QRN0uCv3RrqCVFyN2tZqWmT20CMA5d13f//fs4CjhKB52oAWfrBWCJyzVRcPWPLCQWfqye8wY5ryx3Ch8Tgv2yAPgS1qlpHPxATmP5ijo5zB3MsTkxQyBGTeTDFSK7Pl0jyUlMUIkfEw4KocL8HWEBgy5VirdhIgFirQQndRjPpPSLFmbU+h1NDYXBIxMUSy6+2TJYIFDgHjjHFM7DomCxdV6EcEyFRQZhWyWrso9aE3mCzUiGKqDFdKDaUw4EImBkVHy4knzRgrFot55E2uqoDVq1YPDQyMnzS5UCxKAoYqtAAgACIkEJHEkC9btZqzcExXB0mAJICyQTQCSIJCGBbCcJThFEJCkpTIkUiSJBmEwTvvv9dQLE+aPBERAx6GDaXcJ2tRNBwBIbBkQaxU4htwiAQtWri4rb193NguQYIkMFV2Mws4iQCllBAEvFoXS5cu7exoGzOmo16rA2CxWFj4zntSym232ToIuCuPKm6NYxELoWqMjLFqvT4wNFwIw8ZyQYqYiAQxFS+FQQCMAVCxEEAhAIBavV4IwxIb8eg2dVXqIopEGPJSabQp01Bp/tZWOQiCIAikFIpRQs7WrNvw3Isv7b7zLhMnTxyuRoDIEFtaGuqRrMSgmI4hkhSrVm+SMp44aWIc1RkLGEqmiIXQM1Rdv27t1KlbcY5CAKmiOxIiDVeqS5etb21t7+holjJmDAH5xt6hocG+qVMnFYEJIWLCgCPqCFKF8ERJfqdWj1997dVxXeOmTJ0iETgHmwFEYGjk2ZgPI9u+ygRzO2OrtV8I2i9HSCfsNBc7iX1yfjJGCjOGWn9JHHdfoQI5DpHteySXzJnXrMOR0YYjp609XwrNJwdeXy0C6aXYedFCFgzSClJZfU9VmzDYy73meR650PtlBp9ulN6MbjtPGTLIDz79fkf6KV3oGLHQO0qPTho5zSR5sHk8ldO5o2RzvXqvN7T/UvpbCkhvMlxXDJ3HcrydUT1m1+4nFWTXkzefnQ9Gku2fLJQjMQ1acpt+09kQ0ps40rAmT6RSKiMgZsHOcoTj5qRAG/Gyiadkfc6ILmXK70q5syO1///tMroD88mTaFUHSL8O4QCW+7CWavuRcuY65+imvG4xt4X5mkdiMmN7KivTzC9fZG9mB3OfTqODADIDeh4DZMXdhZCS3Tip2M+zT+A+kH+RXrTlRlpAuiZJflMYgfhbAHxuC2UnDYlcWqmxJVG9LolkoRDkjmh2saQjRnQ7NaoY/XDUK3+5xMxd96qHSVTBZg1Eav2tqjKiAsNb7g9pvJ2I20A6AjjZENmnRe66bQ8m5wsi1Kry6ReWRQTTJrc1FwMhJVrp9JQcZbJ9SptCyj9A32cjb4ZSmQCPC12Y3ayP0TiYswYa3NdoOEGydkRdgXf1tj0Ew2R7rf019slZc2NmxKwatHl+/cHNLRojg3Z2MYrEmk3dwAAIRSwlURTHUggppYwjElAoFQMeNLe0dI3viAUFqu5GJISIY0EADFl/f9/Pf37jxk39N9740yiqxZIRoCQIuKpgkioxDdTrQgpkSaoXdXELGSKiFMQDhowVwoAHQbkYSlKTLBGSlZeKiG+/885Nv/jpJZd8eaedtmMIKvhRpaIkkkUkgmXLV27a1M04l1IyzqvVaP36tZu6u/v7+1ctXz0w0L/wnXfGjB137Q9/MGnSpFhonYgAFBNQLEFK0cTDb3/7W3O22v7zX7iw3FCWRAAkhCRknHEEiAUFnK9as2Ht+rWKGRjjHJEhQwYsCaopCMKGxubx4zsDjlJKASRlXAzCW2+5pb2545LPX9je3rpsxapHH3l0zdo1iByAQs76+wcHhwYmTp54/AknTZm+VT2WMhJS1hkQ5wwBBGcDlfoNP76uHDZcceUVY8e012oxqvCFgAA444wDCFGpVBsbG55/9pmf3vjzz19yyaGHHjQ0NNzYWK7H0fU/uqG9peP666+NIhlHMeOMMc44qiJcGPIw5Ia7F76/6Oe/+NnhBx901plnAoCE5KiXOBZRJDhHKeI///VvH3yw6PTTTp+51Yy+geEPP1yydu2aKKoxxgAAGQMCEUUSJOdBa0vb1tts3dnVMdA3+P6KVZt6uolEuVwqlsqSJAnBWMAYi0Xc3Nw0bdr0cjEkLVxK9IaHK+vXd4/p6iqVQxELXuQrVy674Yc3XP7Nb86YPqkvqjc2lAb6Bxe8/uGUqZM7xo6LYiliSSQZ0nMvvvj73/3yS1/68seOPqq3r6/AAwIqFYuDw8NXXvm9DWs3/Prm3wACYMCDQAKQjAMeDPT1/Oj66/bf98BzPnP64GC1UCrVo8pNv75pw5rV1//4hp5NPV1dYwOMJTEGJATVYqEgFlJKIQPOFi9efMW3vnnB5y6ZOnVCFEmggBAZA4nAkLGAu06Nkl5yPTfU/rijU5wIk2ypwtvkaJSO86ur+3VHukTjGRi9YdbqNPtTnhK0qi3l8Jux3GG1N25y5X53nq4eOQeqD3a30W/ytPdI2knxww7SCwZsI8zaqRQhLVSOP5r2XkyfRjdbXDTA6SBWa31jWh0wUqjbB7LGWsNmjLFnE8jxXfJdaHQsi7ZbvofjHoKA5q5FVLU0xso0sZ5FUukk8BiKnJ2KsGWrYS2vW77zCKKJ6ppkNRalm2kYwENO/+uKqcMNibPiFjO8bs0RX2h5y6lwOZGpu844jcdIAYBhIb2gWFHUdgcJ+vrQlRR0/qUPTzA/aTJ45ZXcJeyjzBIatrEg5SFl0ti5HeXFfvo5e/iI21Uqps2NvR1SefhCAigBOIhlpT7l8dp5tWzncbLG37gxo12G+6y8k/+zv3sbTPdaXSE6AuA2Sw+MqRlPNfIPNzVv99NsnzII6gm/P4flDUb+/lhwvtmZMqvLVPXCBcnVm2r6swxt+NJU/r1fyYqQBdKrKnnawiG2nVOjG/K1tFGj2iKSM6FuVMAZ8JADcUnSDcpMicZirh9OjItiUtPIKqsESQ/pTOY0aeMwJ1mY3RVzvpSRN9GB07k55CTFeQYa38Bro52k67P2zDzqADF6aTS1eNVibnwoAgKQBH0D1UoUR7FEAJJgVh0qODxPANIypHvNjOJ+ywVg5MsaMf0huT9SUsk5Mcg8gJrPXLNmYk73bhoXx1So+EedLYiJp4YZ/BxgnHyGGhB1SRYRwiD4978f/863vzl95qze3t6h3oGwWArLxTiukyARR7IecwbE+CdPPe2yr32pEtV5GKo1v2EYhrriVyqNmTNrxp+uuHrFl7+yzZzpZvTBqqxFohCgjKI/3/u3B/92LyJEUURmTWwCGoGUPAybmhokUXV4uKHccsanP3XCCccxROAcAKJYAiJDJilesWLJSy+9tP9+r+688w6SIBKCJHHOQ44AIITgnA8ND996y++ff+755taWhnJDUAiXfLQ0rkflcqmjoyNgYXNjwzZzZu+9z7z2liYgyRkwBiABgcqlgkFh7YaNT/338R232aG9rVkCRDEQQFMJahFF9YgjSiGKpeD55174yU9uEPW4VC4hA7U+QYmZiKoijkvlEueFm35985zZs9WkSCmien3pksVDnQP1WlWKpoULF950869KYaGrY4yUstRQnjF9RmV4+AfXfH/ShGnbzJ4Z1UVTU6HILXiRhKbG8rbbbP3HP9zy9ic+fuThh4WZMuxwtY5EjY3lMAxfe2P+qhXLpkyeGARBoVgIC4V3331n2UdLDj7noEKhAADmcUESEUnSRytWr1ixXES1pqYWBPjXvx56+blnZLVSCssNjQ0qL8AYmzxp8vTp04OA8YC3d3Q+/K+H/3r33ddcfd3G3u7rrv8BEK9Wa3EUhcVSWApIiKgWFYvFehwffughV155RYGzvr6eX/7q5089/XR7e5uQosADZFiP6yiopaW9d7C3vbn1u9/73r77zhOxUAyv5rq3t/eaa6+dOXP6N7/x9WqtWoBCvV5fv3bN0NAAAHCgkLPHHvvvNVdd9fMbf3bgpAnVSqWttRwiAMBhh+z79DOPXHv1VYccsG9Xe5uR8vsfuP/JJ//7vSuu6uxoJAApYagaB0FQLHCUAIxWr1m5bt1KRJRSAJKU4qNF7w0N9DOk715xRUNLy89/fH0Ui5ioVAxKxfRW/KhefWfhwuaGsDmv4i0TvUt2I3EiztpEOZ6o0c6ub+kW4RL/UXsF7gIuY7QSP8J3lVKXf/yCbq1ycNraKxOZshiuJ+eKPTrAW59ddZr2Qj2ln12Ua9qZMTPQA5C1905nLgCQYOQ8oT54HpjdS+nY54x3ngcdjfwta6OspbYpU9f9SyFJ6oCfHH/abZOsN3E7NdPtuY0pMukGiRXzEg6+tUvOT854Dah3xjt+me/iuyl1z9qS41KbLccuvdycMmXA1t3YNs4NMi1THWbfUUepaR2RzIZxvDmyeXAjLRojBxL0vSTtPBrPLg0R05Nu/CtvvbD2crXEGCXgCLmROQ+OFJZ2iowHT44niUBAevWRhpay2XnbWsM4ivPlabFRYlkckQGs34zu3KH3m27pf8pRJV4Oa5TZ9y/t8TsChhleMr1u3pHOAcYBKqVjbKcG5hxWBxun+b9qWbXlHOU9JkUMR4osuZxEmE6TJt/TCGdmCjMMTFb9qkPMwJ1IExRpYE0aM3s5SkpnZrLN0gvaR9XnqbjA5EoSGuZGB55+9qyYJnyyJpcQOMM4Fh+t7OEkp0/pIK38nDg3Gd6ymO1ME8omNXyzhzoP4cupF6YZ6qeMzRawJ2Tqn/9PV4buqcW0Kd33P3fveSSAavsfEMVSC4bjLzmcYWkH7i9pEfSsaNZu+TnjdPt8iA0QTm+JTsk86s4fJKbATXc6v+tGLnS2awAVp5EAIECGgMniFTdHYf7x5ihROoTgHIciVdXw/Q/eX75s8Xevvmb12jU96zf2Dw79++EHGxrK551/4XC1UgyCeq32m5t//eaC1xFASCmJQmSRiF9/Y8HSxYsr1Uq1Uh0zdsyadWvjOL7hRz88+OCDe3v6JMnx48ftv/+BTU2NQhAim7nVVgcceFAU1cew7AIAAQAASURBVKWMEJEAw4ADIiIyZIxBU1PLiy89+8wzzx57zDE777T7nG1mIcDLr772+9//fu2qVSixoaU54JwFsGb16uFK/bY/3rboww/Xb1jf3d0dVSuFQqG9vevi/7tk7twdiWSpVDz2Y8fOnjNrcKC/rb3zySefePWlF0488cRTTjljwsQJhYAXyyUGMHX6jEKpUKtFRJIRMYZE8JMbf7FgwfyoVm9paV70/gfr12148ukn1m/csHHDRmBAjHEpLv6/S3fYcTuSgjOSUs6audVpp57GGCsUQsYAkCn3mnEcHh7oaOl4f9H7v/nNrzdt2gQAIIEHrKnQBACtTa1hiM0tLUEQMKCuttZPfvKU3Xbdc7gyTCgnjB/36quvPfTAA2HIOUJzOXjjjQVPPP7f5cuXhYWQsaCpuXniuDEfffBRPYp+/rMb7/vr/W0dbaVCiTNABBHHx3zsY7vtvhuy8I35C9586/XH//vfbbfb7o0Fb7z51pt777XXtOkz/vngv3o39a9du+qWW28ZHBwqlcqtLW3777fvxEkTAGDtxu6rrr76pWefmz5jhqCIYjnQ31cqlN57d9HiD39UKhYCHg4OD2/YuO6gAw65/NuXT91qSr1WP+iA/ZtvuOG2227pG+xdv27dUF/vVy77+vY77hzH0erVq2+/448TJ0z43HkXAsgoro/p6mpra6vXo66ujjPOPP2II48MAv7rm345NDBw5RVX1GOq1Srjxoy9569/fuKxxxvLZQCQUmIS5yAidna2T5w49u577jrp5JNmbTUDAEhSwFnAOQA0NTasWrnylz/9cbnId9xpWxlHDMULL7zy7ltvt7U1jRs/Zmxn56uvvnb+5y447vjjJ4wdG8XijTdev+2PdzY1N7d3tP37P49EUTR92owZs+cs/vCDl1548eQTjgsCFvKAIa8T1er1gIeSKAh5udRQDMPZs7f63e9+O3v6VhddciEK8eHipX9/4B/Ll6+I4yiO5PhxXePGj129elVDY8M/HvzbawterdTijvbWkAVCSgDc74AD95u3h5CSiAiYKixp/ZEyIYm2Q+eeq3isq02epTKWM9E82l3MVXh5lxM3ZBziEXSoY++zxsJ7vctoRiRlaJKh3OKDGcLodu28JBpau0UZdZuysRbukaFRDVDb+y2iYHaYEYLGlG3cDCwAQFJmbXCOG+04uHYMF6wktemRKSHdZtGxZo1Sd03NPpnu/8FZIP9E5QylUzZ9pLxwlvLeF13DM8nakUB047RcaHWjEVFMxQC5MDtYjsRa6BZ/RrpMdmm0NtZt9sYyMbPja5NT6x6hWjeyKNjU+eauHILg/8g1m1uv+z9dWxITph8ZEdw0gUbXHZtFxG2AalbIC6RGi951m80Ol+qB3GfTqJLfZAtti9+L0heOa795ZTzKOFqFmaBNE90OQ5uTbMifUJcS/zvDaSOmO1O6Egk4w4Fq/O/H3kVG552xN+dmE7aj5n2Is+tmR6mnjzTnaF2CUVHa3JwG4FiaUS5TQs0GlpD3fZT9nABbaodH6kFbKi/XZPvVDJOzJcaNuLS3Q+ZBt5kTQzq2Au0NX/xsYgZA1SAowwHkTJiZOJXQRbApZ3fbkLHu+tFUEdohhnI0kWQkhBSc8yAI0K5mQjsj9g+Ac0QCWJZCBCm1+8EYmzJ12kkfP35gaJgxtnLVqvfef6eloencc8/p6RtoamwYHBh87fX5w8PDhl6IUKsM3/qH3/3nXw/P3XnXgcFBJClBjJsw7s0333jrjTcFQK0yODg4ePVV1552xql9/cOc8b332n2fvXaTJDkCMMY5CxgnM6UIIWPIaNmyVV/+0lenTZsKAELIrq7OPffco3fT7I72lnETJj755OMP/OPvDINyubBqxap//O3v8/bbe8899ujd2NvY3NjZ1TlmbCdjTErJEOM4XvjWu/39vdNnznjnnXcrlcpHHy578snHg0LQ39MnRRzVomJDeZ/99jvh4yeUyyUSImBsuB7/9re/am1s2XGXuZXhwSmTJpx99lmM8YG+HqK4s70rjqNf/uIX++930NydthUAjGMsxA47bDt37g48b5+jIOAI819f8Ne/3qcmWJAosuC3v7/l1Vdfefnll3nITzv9zMMOPXTjxvVrV6+998/3PfrI49XqMDDeUC6tWbM2FrK1tQUACpytWLns6WefqVfrQggRxYVCgSEwxInjp9TrYtWa1avWrUaBnDHGkDHYe599As43buq+5pprnn/umba2tp6W7h9ef/3K5SvuvvvOSZMn/vvf/6lWK6+89NIHH340ZuzYTT0be7p7b/71TSr+HBoeWLJ40RFHHnb22WfVojpnvFgIkWGtWqvWqlJIxriQ4g+33bJ+w7pavcoREaAQBPPm7b31NnM453/729+32Xq7o444Zsq0KcOVwTUTxt11551N5YZtt541XK22tLS0d3SIOI6FKBfLBx14AAJIgof++c+Plnx4xBFHGTL+96knt9pq5pyt59RqNSEk51xltOMoKhZLF1x4wZsL3rzi8iv+dNfdRFStVUlKKaSUslId/t1vf7vg9df+ePtdEyaMHxoaLgZs2ZIlv/z5z/p7e1o72yqV6uyZs199df5/H3t83ITxiLyvt7dWrQYsuPraa5YvWylkdPGFF31hmznV4f4//uH3H7z7zue/dDFjBIhMUkNDqVQqDlXiuqjX4joJ8dlzz5WSXnnhuXPOO6chDJd89NHzzzwbgywWC4P9g+vXrYUF8UcfLS6H/K0Fr69bu1YK3tTS3NhYbiiVBweHxo2buO/ee4CqgmqNlbcxSBlT7cwlYWjyUasMo0RA/0ye2nJVhlZLpgurhrL5cs9IGQ/XM3a+NSewatV1Kdz1YFoJO19MftMaKdcrT4Y1qt6qdyfAsmuNPABMSGoqtkod5aXF036J41VZFaudGnDeWQreFgjfQqW7N/A7TkTSbfIKymyNzocyzSEWF3+Vmje4wwG257QN9xdxGbDJ+pnoYp31VbWhRYOVnSGnmenZAU/3kPCaZ/oNYbWFNQcKkEbf6QtB8ZumgPEMrP+m0bRPZVwC3esIHq//zgYDgDsXiuvSuWwHYy/4t8P7Jdl8V5ic9iagdqBxODwBLLV53Fnn5yDiDJFUVFK1TcvmVsxyHEv3hJiEz/Q61Rz2y77ZztVOZpi8eMl6fTmPOKg6Y+WRNLUD2MDjS6JVPrbj1F47H0a9ilGLon7fiYHT5TfzfzOJkMN3KWAJCN2sjfsyIa8D5V+Sx3D+5DomgxzYMAcIo2e8yuT/cjnFz5S+yWnrGS+z6w0AABmQS0/jwLsPeqKaVnros7GDl68Qcg++shzhqSCTB04rUp+SCMkqRxLU0zccBBxVl5iXFDMEy9A8x5ahI3HOhCozCGjrWWaoLTkIwHtWXyPWP3MFbTMD+IMZneJ+gASnEY8v2vyFSj0SmVPHKEfVu9Nl7L1L9v9p/BFJ4afVUUee6b4tU2OWicGhdkqbJ73Zu4k/hNrRIL0/HwAJUEjJA95QKEopYkEEyEyvhMY4eRu+Eqvl2XiljkkABBDwQB1/29zYAABTJ09SZ8YyxM62FgCA5gZEklJCoq0JAOI4XrN6dceYrmuuvboeRdVqNQwDQIYMhweHS+XShx8u/vplX127bi3jiCg4Q7VTsF6r1aOIpKjV61LKgHMWhg2lhoaGsqC4Xo04YqFQiuM4imLG2NTJU8455+yAcQBYvWb1HXfcvsP2O46fMPG5Z5899KhDK/VaZWDw6KOOmTt3JyFIShGGAQBwzgFg2rSpe+21x+DQ0PoN69auWnvscceeeMInxk4YF0XV6mAtDAMRSxbgrFkzW1uapVAHAVMQBnGtfso5p5151pmV2jADToxF9YhISiEbG5sGBwd+/9vf16s1L/OMWI+EOh6bodJ1iTNajUUpZMPDg7V6XQm02gZJQhSCAjAIC+H4rjHjx09o72idNGXyznN33Wr2zIBzxgtjx4597713f/3Lm+rVOgDU6vV999pzzsyZANDe0f7EE8+8veCNAw7Yf9pWM7o39be1t1WGBv/213sPOHD/vfbee/269ciga8xYIaWUYsmSRSeffNI5n/ls/0Bf96aeb1z2tQ8/XFKNRaUy9K1vf3O3XXfZsLG7o6Pj9Tff+PH1P+7p6VFoBQTNTY2TpkyePXvWmnVriTCu16UUnZ0dPCxGUYRIDHBMx9j+nn4JAgCqlZqU0NBQbG9rR8RCocAK/PU35t/w4x+9+MLzs2bPHBoa+uijld/6zncXvrNwbGfn1ddcvdNOO9SjOgOoDlaLhcLQUKVaq3+4ePEbry/YcacdGGPLV6587713Dzr4oIbGBkNyISQAEVK1Vp80YeJpp536ta9/49kXnjlw3/0kQKU2TCQZY08++eSf7/nzd6648vgTjxsYGGIBCxk/5OADpk2bJASUSmGpVOro6BBSLl68eHh4iDHe1NjU2FgaGhwSBFEsKpXB2bPnyFhsM2frz573mR/88PsspGKhXCoXAs7iehzxer0arVm6srGpiQfBmM7Oc8+78LU3XkMMkLOd5+70/WuvDovFIAzqtbqI5eKli7/9jW8ecvBhvf3dzcW2b1x1RVyrFkuFYhhGUVwqN+hjv5EIKXnpiyPOZhOfq360KbE/5TqP7q1UFcK6evna09G6ZmdTsmFvZGsyoiLWVjgnMa+Bz0/Da/OIAJlH/chgiy6HmmZJcNoXcIF2oc+lsGM1kg/pKDEDQmpE15jp31wn3vOsMaeDbP+wWZpgAmq+b2DsL+bcdizc5gg/QtY53bFbvgYAk0rJYmH4xwlBKY9tNn9h7kc9ykjXCBij/yGNdzYEzek2xW16rr2ucqdrdPQpr0UqtZF9KAfPBDUd7VsnmyhTRrXvYMp4c6OB+v/gqTrwWWX4/+qPbqZngBF53q5pz/s9E4NsRkVsHocspZTbCE7A4ipb46tumQ7ZHBwjszFmht4y8De/mtLhKEd320PON/O4Rn5Uo+crz5GkIJtYHbk95J0V6BhlRCdKJaQwYCFn6j0USKC2d9kxPSVhSaZTlqkxElI53034pjKf1jfYPDug6svGqSmsglSgaP5SKjOj4Pe3cdqUs/7VEMgSymlm73g5ki2+tLlhHIsBQANHhipSTykszc96u5OxOtnOTPCoggHXN/PKq5jz2V+J706HmzMBe99ksjLzhrpumK+2bHeo0gikeZQsSyBQuVioR2LpslUd7e0trU1xFBOpxcpOrzoctUZGk8kByCbASw3lpcuWffvyy0VM9ahWGR5+5513eMC+/o2vVauiVCwQiBeef27PveelqMo4nzJx8g477CDtSybt1dba3tXZEQQBkFqyKgFYZbjy29///uVXXqzXarVaNQiDUrHY3NR86mmfOvzwQ+M4RmRSyiiqx0IIIaSULMCQhYODQ7fdduvf//63xnLT57/4+YmTJ3Vv3HDI4YfMmD37Zzf8/Ec3/vigffc/+ZOfaGttU6P3Dwz85+FHYlGbNGliqbH4/AvPrFu9ulwu9w30VGpVSULGslAuRfUo4MHixY9Vhut77LU7ckZCFErlQqGw1ewZ48ePy6AFADBc7wqC5DgkPY0IhMWCvelejZwBQKlc5gEiRwDgPACAT37y5NNPO/XiL2wqBoXLv/3NKdOmvfjyi1LKrnGdkyZPqAzX6tVqsRyMHz+2Ftd7ejcRkRRyzJgxY8Z0cR688tprt9x6y4SxE3bdffcJ48dWJRQYbNzYFyK76Ze/6u8fOP2MUwFgYLASR6JYKjW2NO2yyy577rmH4oZ/PfDA7373m+FqdPZZnz7jjNODIMlVNbc0/fWeP0vz/hxiMpY3/uQnDz34YK1WKRdLza3tPGC1SrVardVq1YBhsVRYtWLNrDlbi1gCwONPPfGLn//syCMO//yllzaWGwChsalxcLD/vffeHjN+3Be++OVY1DgPO8eMvfuuux556OH+vl7GmIhlUGDKIWMcWlqbunv6Fr77zs67zCWi559/7j//+k+RBb/5zW82bNy4/fbbH7Df/p1dnVEUMURBJIkOOPDAyy67rFQsE0Bv94aOjjYW4ODQEKK4+vtXn3j8CfWoznjAGQegSZMmhKXiww/9q6u9Y1NPd19/byEoztl662OPOSbgvL9/oFIZHjdu3MDg0J/+dNfOu8zdcbvtevoHSsXyGWee3r1p4y9//ot58w5YvWHtFVddvXD+glJDMYrjpUuXBmF44QUX1aM6cj5cqy368MOLL/jc2DGdY8d0ujrjjjtu33a7ba+65qp33n/3im9c/swzj37mrHNdnlH764iAANUyXBtmJktV9X4oZQNMotvJtpoUvO9YZ5yURGG41izf+BgIIPH29XoQNxT0SnykH3Nugqdv/R8yI5JO+ZsAxKhJa8FMmVeHKp7m84b3gsOUS+QAa8/gA9BZwTQlzOku2qHX/2WxSBMzZS4BwK2VODd0tyYEdSAF0Gc8OYZdE03/RSc2yJlUL4WvX9HpA5l8NLsunQdTVHV2beV7XQDo0kczj2VQ91wLE5tpFHzC+r6KOasieSSzrw9djLTb6plx/Q/5acVMJKwaKbqr9inm8MKKbETgEYMoxw/J5i8sLIkXoV/dSmbtALiTaVByi/moAc9ciXA55LCtdG0nESgDm+Yr24UfgiYYGlZUu31SPJ6KUZMBU4h7VbuRfFHdqTu+r/hMPcodLRV6WNfPGcUPLTwKuAR1ygiOZ+ipU0UhU5hO+D9p6dUItCB4e6W1yKWrUpgSxgw3WhfdGAztUmawBQuPW1XyS9NoOnaBVEA4VEc7hiYr+ZTOSBYAUC6P+jUub3MZKW/XFVxPHbljZR6HlH63T6W0agZO8FuaIVJLXVIbep0Z1ScKWhApOdtT3dOTw1BZA+c0IFulJJfE6IyYBlfbJrN1n0hb8bwKInj21fvqSq0KX1PHAZiuAq0GHKVvTS9kL0qvqdBkdZKLhlQj9TBaV34bbxCNLOdw2IHb1CIql8I4OQIVAOxxeqTLx6gZfpTMio+oo54yS4idGdVKctSEjSWIr6fSLo4eOGOjkmNyXb2jlbMRYpIkURIwKITB2wvfu+GHN7z3/sKxY8Z89tzPnXjicSKOAJhRMknf9lwBr1svyiZEDgAQ1etSShHRYHWwr7d/oL9XyljUaNnSlUFYaG5qlCQqlYoUUo2RODeS4ihKqnl5tAnCsFIZIpIJbFLyAOKo/uLzzyxd8dFxx53MOTY2lNeuWfOPv98/b699g4BH9ToBxUIa4eCcV4ar/3z0oTvuuE3Uo89dcPFhhx3a0d4GANttu/2kSZN32m77G2+6ccGC12/4wY/u+st9Rx95+Pnnntva1trX2/vuovcH+/se/++Ty5cv+3DRu7vN270UNPf0bgKBGDIpqFAsygCcQGO/KBoaGFyzZsO0qdP32HPXpHosiTP+xz/e+vr8+VEsgzAMQy5iSURRFAWcDVcqlWolDIuqUA9ACBKILV+xbqgyENVqRBIRGWMMgYDVq5Wm5tYVK1YEjLsKv6O9HRCLQcAIWttaOWddHV0TJkzcuLH71Zde+WDREhKiua25paW1o62trb1VKYpardbQ0PDy669/8UuXtjS1n3/hec0tTYPVmpBsSIog5Jd88f9uu+32r3/tG2++9eY3vvnNQrEkRMyA14drlUpFzc7w8PC6DZuGh6tHHn30ttvtEAQBEPUPDDY1Nfb19FYqVePtCYpjWZ83b97ZZ59Vq9dLpXJLS/O6jetvv+XWzo62w486SsYxD4OWlpYpk6ZOmTJJSjln9uyd5u76jwf+2dvb9+1vfTsMCnFd1KOoobE8Z/bWHW1tzz//bEtLS1tLc7lY7GjvCIOCoQkmPCYDzocG+h59+JFjjzm6tbW1tbXjkIMPXrV69UMPPrxuw7rb7/jjFd++4lOf/pQQolgsrli6/M4771q+bAkSvvTCSzFFy5YuHewb+PWvfnXnnXfEUXXixIl/uvOOpnLT1ddcM2OraVE9pmLhpRdevvjCz82cuU25VG5sbhgcGFq/Yd1dd9+x4w47/uLXN7395lt33XHH4g8/vPraa88/9/y99thDCFGrVYvFwmfOOWfdmvVLly2fMH5itVKbOG1qQ7m8eMmHlaja0VgeHhzuGjeusamhHolyqRTVY4kyFnG9GrW1tcSAP77hhz/90U+PPuZw4OzgAw86/8ILLr/821KG555zlpAyqkeMMbW6GACBpNJx1t6ijji0ktIqw57ingrwjFnyVmdhcm6Qr+O8OM/63qOqequRE9fGd0vUko78yCzdrwHSdx4dAMj1a3Qr1EM7O9MA8jLA6T4xi5uzatkPJtwm7kenA8cYKfg839AY/ryUqenPdO5skhypeuD4b9p/NO6WPeoWNaWMI5wOchzw1K+pwdDp2YLupIZdIN04GSm9is7i5OPgj5cuwxoUUoGZdX1d79ZEaNr5S7NTGjnLSAg5MXhaCFKOTU5a2VnY6YZpGTRt9SHVg0HH+q85U+Yzr0Eh5zd1R+XhSb3Uzg8qrNduGSXxUtwgPP/yKZyg7p+H4n52estx/TVIGQlEsJUhFxxL86wsJ6dh2cREVqRTs4u+sKQVUb7sOPPldJs8n6joNA3J/IEk9khPGaWfypuFrA7VutGFmrzmtkGet5+FVulkdEiVK1HGIzd9jESuzHOjX1bUrUPtoJOV0Gy3qcBHfc2tGHgPuaH7qNcIzcz627SqJS0hmqMtRZPbiQ6MJcWCKHnRABpcjdzYuHQU6JwMpw4XyYKX8g1G74sccusKqlvpBG0CNn/+UJaL8k22rw0xR/o2y0IjXuikglRGb/ttJ0pJJEHIxN9KWmqYtSkCAADpK9NESUGKNVN4bAYkAPK7tfJI9nWbZva2lDuzN1274mfaVPdEsYhFuVxavXrVdT+47k9/+mMhDOtRtHz5iq6uzv33mxfFgjNGkJyWSWDki6xP6FALkv2o6i2RMDQ0NGPGtK9e9pXh6jADXLt2zdVXXU0SfnjdddV6raGhqa930+pVy4cGBgFAR1yKGvjBBx/ef//9YaEQi7heq8dxFMcxQwzDcNnKlUJEnDETUgOQIMkY22ef/S//9jfr9XqpWFq2dOlzTz9TqdSAQEpSO/aELr4xji8889JPb7xx0oSJLWObuzd2/+tf/1y06INiWJj/yhuC6K23365WhkNeOOSQQ1esXn3vX/6y5x57HHDA/mO6us777DnVWq2vt//Bf/7zo6VLDjr80LFdYxtKZZLQ0NwwPFAplsICY50dnZOmTGtta2Wci1ggQ44QhOH6detXdqwWUjBCSSKOJQHIOGpra4siIYREZCRJSimlDBGHK7WvXvbltWvWhyEjkEHAERnnDIFJEReLxYG+3jWr1wqRvIdDItaq1XK53NrStmlTz8DgYHNraxgWPnbcx8ZNnFAZqkwYP7m1o6WlrX3SxEk7zp07beqUSq0GgHEc//YPt/zg+9cfdvihxxx9REOpJOI4LBdiKYuFYLhv+OWX5x93wvHbb7/jJf/3hcHB2ne/9522lubh6jABvfv++wsXvlsZGnz73YXLly+76OKLzj33vDvu/NNXvvLVL3zpS1MnTUREAQSITL+xUxLFUfyxjx17/PHHG7Zdv3HDE488+vETTjjy6GNSHF2P4u222e76H/7gvvvuf/XllyvVSlgIw2LIA47IF7334d1/uvvVV19pammZNHnie++/F8cRZzxRqwwRMQyCdf1DA0NDU6dPX7lm1X8ff/zkk07ab595u+6804aNGzkLXnrp+euuu6Hc0GDkL47j4cGhwaGh5pbmsBCKupw9Z9vtt9mxHlWHh6tNjU3Nza3Ll6/+95P/+dz5F86cvZUQVQSUJCSwr33zsoMOOLChoeG9998997zzu9d3B0GwdOnSd9/7EBkWSqX2jvYgCJRHi1JWhiuNjU2f/MTJl1321UJQ+vQFZw0ODTc3lF9/7ZXnn3xy0qSJV1//g7ampkKxKGIBCEGAISsUC4XGMqzv3nTdD37w8L8e+ua3v7F+/YZzzv70uZ89/4xPnbFyzbpf/+rng30953zms60tzQAQq9fakkQgBiCStf8IgFIConHQfScj+cf3QB1L7VrBrJuUvZGjtHQ9xAYDOsJC1yhZFwU9KLLOn/OMHs99PKelGwekYTYOEMtzECF7hG+eG+aEcC4YBOnm7gD5/liyjMWzEZh1K9OPpbFC95s3fAYQsscjMu8BbWnUDG4uokCHX8yGGjTugeNseb1kTGF6GxnpmyO47/l21Pl1VKB9Tz0Fifbx0ugrniR9mIIjJpYnt8RpSLPGiA96WIziPKSGTk+Z/5TrXjvP+dDop7wNnJnRFZEU7zudjHilgk9vG3AG7CyyeUrG/JIj65u/yMcXLf9ssZs6GqeNJDse+zl/0xi750Hl0R8gw0uZ/rODg5OCGanX/P5HauBpv8221HB4XwlUzJ/pY4RA2rtL1oC4s5kiHKa6UP+MYGi8J9NPpfToiPWzvD6dcGAEkR/xMgYz2QCSFD4lAVdvFpjQyRljjCmhTDbduaCmpdSPJUxyeGQgcqqGmw1owG4TV5FnlmKBBkEJoDa3/gbNVMxqB0h9TWx/vuz56a30Yb6bu7zMD0mQUhKAdCrqic3QkBmIHK8l+cnYSfemmaMtAid5yDdmBn39yQIGiUI3R2SkOsoOnGV4h3HRdkFAkqQUjLF3Fr7z0EN/b2xqamttGRjoe/OtBf944IH9999HSsE503uXdG+eZ5S8C8RxejBRykBxFLU0t3R1dQB0AMCkSROmTJu8aeOmadOnqqfHj+scP2782rXrNLIEAHEcx3G8aVP3L395U0/vJvXCyQCZRCqEIWfBxg1r1qxdP9A/5HkfiIDYUGpmjFerEQArlUoN5XIcR0QgQQqQQgqRZGcBJHSN7Trvc+cffOBBv/jFz371i58cetgRbe1tzc3NJ3/qJAGwaX334vcXPfv0M5d84SvXXHXFK68eO2vmTAAolcsTy2UAAJDf/+FVleHhvu6+of5hLrFWqwSFUEoslYtvv72wsaHpllt/XwgDKaRUTgiikOLww4/49Dnn1Os1EZNQG2SB6tWopbW5v6f3zrtuj6KaTOJPARTUouqTTz52xilnzNt3v4HBPiCQJGMhgEjEgnGoRfV1GzY4Pg+Vy+WN3Rt7enqeff658z93QVtbS1SPC4Ww0FhYu2YDxaJQDEUt7powftnyFTO3mv3FSy/dfvtthoYG16xeu//++33j61/r3rDhggsu/M53rzzphOMGh/raGlr//eyzX/ni13/84+s+8YkT1q5Zt3LN2r6+vs6O1loUFUqlv/3tHytXrN2wYR0xOTjQ29HW3tzcfNRRR55x5h2r1665+aZftbS01ms1kET6fCqSxHnhjTcW3HP3X5YsW9LU1NjV1fXmW28/+ujjG9avn//665wFDU1NYRiWS8W95u0ze9asKKoXwvDkE0/Yd595ra2tvb19tWqtEIQM+MytZ335q19ZvW41IHR1dP7jnw88+Pd/ChFjcqYiAjLG2PLlK5d8uPS8cz/Hi+E9f/7zscd+rLm5qaWlefz48bVa9eabfzFz1uzDDz9ckGSciVhOnDjhcxee1z8wwDhHRGQMEUUsEEBKYgw72zse/OcDC15/s1atMcYUbo3NzaViaeVHyx/uf2CoMrRiyQqMgQdFRGxuaGxqagQAhlgul4rq9ackhSRALJVLg5XBjxZ/tKm7u6mxqTpcb2xq7OzsrFSrS5etYoQtrS31SJRKRTXbURS98+57zzz39L//8+iCVxdcfNFFX77si08/+/wlF1zw/auv2X67Hb/y5UsnT5x4+513PP/iK4cfesihhx42bfpUKWMiKSIRC0EsYCwAfRCuMkAI6LjKvjpS+jJzWInvGthaVVqhp5SkCRuc6pbVe1mNk7b96KtP37l0DYqtBaEbWjtIKu3OPBXsWDgwLqaxFUmem7mY6SjUpVbOlbM20jkCALUjadu7UbamiiGGW9o1sNiWpjc3INFpcrKxkDUU2v75PbpRU0I6sh1mvXAdt2Tnz5kCbVTzqOUafkfZ+0FIqqnjc3hgOMBnnHY9v3lphTRU5K0r88fPFMCs7+U3tUvh9FDuiNpYJ8CSx41mnlIU84NNTVHjNhj/daTFWR4ial2BK1Ho/pyaLnJmMN2Pi78tfyVxW3Y6XDpY182pdHkrQp0MvvnqsS1BmqX0z/oXN6FGtg/r0ybHZRh5NmM4xNbF+RRUREZuNTzJ4yO6ii7TYkZmXaQ0ddzlH8Yds9hm5MqwpFd+IW8uUq6mK9SO/skgkaQcMiov27mDV1IV94yMKexpBLRv6XXtHfDjjqajoky6yntaSRZiKmRXgBlVrCfbCQeIFPXIBxfcHpxvRoos5yTH0m1mDY1+NqFFalK8NpnveomKeV1qAol5XgoqlwpHHbwNY6A2d6X6TmIONAh4U4CaujkopE18ZhmCx7KZBzPLX3ND0CBLCrNbFC286K7fTa9XzsvPkWNNR0Fsy4JPm60ywR1DcwAupXwR1ySO4DaMBtLm4BjtyqrvNADZ4Nz3D7ZkaGOU1B/T3cDQUG9vX3tHhwQZFkIEqFUrtl1mHGdVujuQd4eAgiBYu279Sy+9Uq/VpBSxiFeuXLmpe9Nrr82vVKrlcqmnv2/ZsuXJ1spERqBSrQwPD5944ic+/elPbdy0qaFc5gEPGU9epUKw6MMPbv71b5rbWgAAGVOlLUSUREJGxTBob2sphIEQURAwxtCcx+swHpNE2229zdwddgo4Q8TGlua5u+w6dvzYgAXlpmLPxp62ac3jJ4x59/2Fq9asKRWL+++7j3pWSqkqeF+57Bv/uO/vUyZPbmxoLJUbOlrbiuWCiGWxWAwKwdtvLnzhpZc2bOieOGGsTotLAIjjeOKkSbO22ip3rnr6BoMgFFJAcnAgABIy5MiPO+H4ww87BHxGkCQRIJY0ddLUyVOmEFEsRMjCX/zqpocefuj9he+0trfuvc8+06ZNbWwoV4frQ9Wh4eHqHbff2t7WMXeHnUqN5SkTp86aPaettUVKUSo1nH/+uaViqamxYWxnx8xZM37725t33WXu+HHjenp7f/nzn82aNWPnnedWK9VPn33GcGUYGIsiIWJRr0VHHHHkpz915sDQ0MqVK35yww1Ll64goq1mzLjm6msvuuiC71/7gx9e/8OAMxHXDStJGSPCwODg0PDQa6++3t29MYoqw8OVqVOn1SJ6/PGnwzBo7+qsDA0zidOmbrX1nNkAVK1VC2FBHWI8MDAQ1aNSqSGqxwveev2ZZx+vDNcLpdL61uYFb7y2qbu3UCpJIkCQJJGhJFq0aFF396ZDDz64obnh/r/+9eF//fvEE48fHBxsaGh44smn7r7rr1d+96qWluZqvRYwTiSLxeJWM6bnTpa5OsZ0ShkTSsPEQRDUqsMvPPtCJOOh+mBcjQcHBxlHAJBSiCgCAAIZR5EUpNi4uakxDAuPP/HUJRdeKiLZNa5DxJEkWRuuvrHgzcFKpdjTd//f/n7JxZ8bGq7IYgERSsXC+vUbrrjyO8uXLD/u+I9fctHFBx1wQLFQOPyQg2740Q1PPfVMY2tTsRCeddYZO83d4e677vnDH24fO37S9OlTpaAoloWQlxvKURQP1wRjymAl+z/BPdwwX8NkNVYi9SPqTj+t6rlEo2oxz8nN3Hbs+wiD5ths9CDVthTT6gzthxwvMB/TjD3z8+WuI26hzwWf3HDDwG3+zVPB9kYOZDkzllqW538jfayAdoDIMfFkfSuLF3qhZsqQ285ThDM/pNKyfgDgQu0f7poKQka/jG+6xY237H5ehDBSnwCj+ReWGciJVDzKeBF1cs8/0hYBMivEcVS4NnP5KLuSYoN045NmwhUvswKajWzhwoXSxc7JchliKDc0D7UMzLndZicuS5KUQkq3+X8no/t8CuIRch/J51QoZed/RPEd7eZmr0yBJKOjMv1uoVQluiRz01VpmwU6L3DwO8yrMGYTRh4fe//Yz1kjiN6GcAtvvoXydawfwqCrx2CLabgFVy51DCqMAREwjmPHNACAFBKYPWIgL7bK0DI7okHHQdhki1wblrtdJvVg+pdMSBiA5UyrL0CfV4F6Y79zRLPXBTrZizwtZAlh67B5uZV8Eugb5o/6QASDQ/VIyMbGIjovCnMWSJvt2WhyrjZmAwKwWXl3hUkKtcyiZ93GLWPm2Ve7iAst95vzerU3oylnUiM2qaX7MebcAulvV0VEhuo017k773zQYUc8+dgjYRhEUTxj2oyTTj4VAIBx8FN7Bi7LK+6QoJPggEJISbJ7Y/ett9y6ZOmS4eHBSqW6ZvUaIeOL/u/iei0qFoJqrfbRh4s/fuKJuiMCgMHBoZ6evrk77bqvDvlS1z777jNn6+07OjujWARBqI7C5oiAbNnypU88+VSlUikWwlUrVqxYvgwZV+aEhEzyTvq12lJSTVYjxqI4bmxo6e3rX7FytRRxwHB4oFJuLDS3NReCYhzVYiGkEEEQMMYYY2vWrP3B9T/4811/3mWX3QZ6e6J6HQDX12vlhgYpCBGamxvb21o62tpUbOxKFWPBf//7SBzHtVqdpJRA9Xq9XoviKCo3lKvD1VqtxnhAYDOunDMRx1G9RkTDlWEpZBgEQRhCYqEhDPhxxx1fKhVAr0ZZu3btvL3mRcO17XfY/itf+lJLcxMA/OinPznkkEN2nbvz/FdfnDBx8neuvKqlqVytRkHAYiHiWDIejBkzliEOVyqNzc0/+9mNn/zEybfdfvt3L7/829/8xqJ3F91+x+2zZk3v7x/gnDU3N1drdSIhSSDQgQfsd/jhhwLAurXr/nTHnSzgiFiPosMOPehrl33tR9ffcOghh4+bMCYIOQ+4wquvr79ar+6x5+6f/OTJ8+btVavW7rv//qVLllz+ne/MmDmzMlxBBhJo44aNQwND06dNUzmwQqFQqdQee/y/zY1Ng/0D9Xo0acrk0z51+gMP/P2G6360ZPFHhUJh9z33HBge3Gqr6ePHjYujiHOUQGEYbtrU89xzL5QKpclTp4wf1zV3p51+8qMb9pm317jx4wYHh353y61zttnm0586QwjBSBe1kN5cuPDJJ56oDA2TEELEnDFARM4AgDPe1tb6yssvBZyhlgAAEFG9q7Pzp7/6eWNDUQKs27Dh8//3BRHVGUd1qggAgASSpKjR1NgoBd165203/+bmxuaGMAxEPUZkzc0NlaHB3/72NwcdfPDxx534pz/ded65nwkLASELOEqClubmU049bfqUmfvM2wMZdPf09g4OLF289INF7x79sWOnTppIJBHZznN32mrG1ied9ObEKVPqsYxiaiiX+voH589/abtttxszpmO4FuszlSFZ8oap7VBK9WlV73tovqZzDbPjVmiF6O/FUppDKTVPPRltYj44RTzzm6PtHXVN/n2T+VadohmTrArTnTv+rqtmEU3B0Fom1LB5RidVhfE9V9dzSlmrZDTHS072tjqH92R9wVQnTkSivkkvJ0CaHp4DR2A2U2llRXqprQlBlSJzjrR0YgNyR0xqPIkl8IFTxj4VdxhgrMHyL7KTYetgDj76F/8lEMaCK4Y24CVdGhvr3bdUNLsTUyBRtoSYEMihp9kN5XRooLQ9kbnh7mt1wEiFWQiZPhEcAoI514q8wXyv1+LrEtxgaijjnOBpvJw0EqbO5LTSfrd1WuxJV2Ypla7/ou3EdwJTORogcFIHaq7TsKXcKrB01xNqmjtU9OXXPbM1+T1p7zGnl2gbNRYyhWrNuMZKpJ/NK0RrvMwUOwkURzl7Ap7SOfk+s+u7q/5dYDRPevNuyedxrId+KobxEyXkWod0Os+DE80Cm0REiTLSYLHIgmEh0LbDlx0LrkcNj40tQo4zZtr7bITJKT5OsOPAYGRT/6p1o+XCRLtaUNNYuCxqIz2HEXIkCEBHNqhsYlLzVXINkiiuCSIKQsYBU2HhlqyVHakKiJniMDpUAP9D6rM3aNp42CvIgUBTwzkyMa9T/8Fc+oIzDdkP4BqbzGUXI2XypFGN/vPEwr7h+olHz21rbahFkqNZVguoLYcxz67ezh0L9GMmYPZVpNPChSMjKi704HoRyYu1nSm0mgtsy6wG910i0L6QOdgXEJFxjiwSYqvp06+/7vs/v3H8ovffHzt27Omnn3nggfsIQZwHjlDi6PTQrgmqlY69m3oWLVq03wEHfPbcz3Rv2oiAy1asuvW2P3R1dp177md7egfKxcLgwMAf/vD7waGhhAYEANDT0z04NNTS1iKlHKrUSsWAiKmTeJl64yXDffbePSKo1WNEBkgADJDVarX3Fy288oor+/t7i4UQgbGg2NDUCFoAeRBIKZWqYIiARIhBwMvlcOLECbvutpuMYolUDIMokmEprFeqzzz5LEPJGTPIv/X2wgsv/FxPd/e111yzYdOGO269FYkaG0pNzU21ao0FrDZc5YwxRgHXVFcXIAAEQfD2m2/FdQIGiChIgAQpCaTo7BhDBMk2TgDj31GSyFFJDVQMKxW5iYAhSiqVCn29vY1NLWEQAsCFF5w/aeLkbwz1MQijWl02yoWLFl1z1VWd7R277LiTjMQ9d9315usLOseNrYn47DM+ffhhhwUBF1JGcYSAhTAYHBqcNHHS5d++8uY//P6kEz+xdMXS71171X77z9vU28s5J4BarSaEAAiACDnv7++v1+tDw1UJsrm1uVgqAgBJioU4++yzyo2l5o6Wjd2byuXGUqmkkNqwboMUcsb0GS0tLdtttx0A/Pne+9597/177rmntbW5Xq9XK5W+gYFdd9/j1FNODQMuhURAzvmrr7121513Hn7YYUuWfNTS1LzDjttP3Wr6znPn1mrVW275w4plyz9/6efbO7sKAe/oaotiwZDFQjaUgo+WfvT66/P32mvexAnjecDPPfezX7r00iuuvOKCCy+6/U9/fPG5F375i1+2trXUoygIuXrDSj0WC99eeP9994koZpCswGWMEaOAc4a8o71jw4a1xWJJOzwIAOVSqbe/94GH/jFz2gxe5G+8+vrqVavDQlFI2T8wsKm7BwCQ8TAMQh2N3/2XP1/5vStP+vjJZ3769C9/8cvV4RrnjJF84fkXX3n+xb/946E99tzt5ptvuvWPt11y0YW9/cNBuSiEbG5pPunkTzz+6GPrNq57+YVX7vnz3d/57vf6Bwcffezpt99btPXMOZOnTajXoz/eftcHHy665qqrCwXWPxyVQv7B4iW/+tVv6nFUHfrj1y67bMZWM+sCuDENKbVkNo64GmUUy0RWISbOutav2VKnDvwA3fN93OhI33XNsv2gIbHllHQAkw7ylE+QOlFEaS+WXlbsYASOR7b5GppCyvPnwMQzbrfGm0SrQx2P3rOSbtBnPLa8hXDuEAiQpXq27QglBbLDmOiEQO87dXxE146PvrAMwd1O5rn1m78citkHnTe4gu/Kqs+peMkibpDLR3zzl+ZL4wlm2RvITF8KzVQWwDrMZrGfETOyE5TyadCN5m0z16H2RoQMx3ixc67zk7kc79LecdEYIThJbBb6j+gf/SFGcmasQnB2lJFGJGeiQft1+UhoPsgAhfq+G6BqQbRCYRyz0bc9j4S27mfUZ1OqF7JdkfOj6Tlxg/2N0nmZjtGgzoKainJz9euIVxpNnaDPzFfqqZG0kzvjuW1cATE5KT8tlrj9LuyZAqrVJEmCNh0lkW2l+cH+7s5UnrLJwqyxwxEe8cP4nCUh6dXJOhwxhpkDBAUmCUifg78lV6rSlrpjf0r94KSbkhs6IjHfvYeN5XRe/eiGoMHoPkjS2pl6CTKn8KrnMrePkYLMFGeMEov66h0FwfsfrBqs1EW8gwpAGACYt6240GsKpvSCy+OWIp4hdgFLws182JIOHUBT1hHUtLl+EjlPpiln5sPGwM5AyfNoDS4hQwQpKQa5x267/fSnP1mzdm1Ha9v4SRMxcdBIhzlaSaQPa7DukbrPASUBAa1dt/6tNxacceaZ6rUcABBF8asvPdfU1HLiCR838Lz9zpuL3v8QAIhIClGt1xZ98GFd1Hacu7Myw4jAEDGJFwFBSilrdSGBAaEkRpICziRRFEVzttn2wgv+r6+3lwdBW1NzsdwwZszYej1SkR5jXGrZVFUsKQkIhgcry1cvX7dmFUlinIVhgRCwH9atWf3hkkUzZs6RUgoidRbwpt7e7Xece+onTznkkIO+/4NrhBSAVBuuMkICKZDqw9V+3j8wOAwAXG/oRju38phjjzvllFORIwAKkorQMpbNTc1D/YP3/OUuEccmIUcECEySEIKEEIwxAMYYgySDAIgQxRFn7LU3Ftxxxx3nnH3Wgfvt19U1hjGs1mpxVBuqDHeyjif/+9++3r5CsYSMberpGa4ON3W2t7Z3trS2jOkaq6aPJDGu2BVLxQIA7Lbn7j3X/+DZp5+Zt+9+Bx98cKlUqkcxEcWx4AwBgCQEARcyLjeUC4VCoVAYGES1ZRgASMqoLngQnnLKqQzxgQceCMOCij8RcfFHH4VBobOjUwjBGfvPo/99/rnndpg7lxUL7324RAhRGRp87LFHFry1cJ95+82YPkUIEYbh4ODQnXf+qVarzJw969777tt7nz1FJK6/+to5s2d//otffPutBWPHjZm3z7w/3nrbhvXd37n88npcjSLBAx4L8e//PDI0NHDGmWdIgE2bevbac88fXn/9lVdedcYZpyPCV7962ceOPapSqQDjnBFDJolkHO+8046XX/4tAMY4D1iAnDFkAJIjYwxLpfJrr8//7uXfqccxaK1KQENDg/95+N/1WlSpVSZPnFKvD1eqtTAIW1ubEWLlEzBkPAgAQEraauaMK7/73RNPOEkKETLGOSHJWIif/uxn+x1w4KGHHVKrV087/cwf/uAHJxxzXOeYzmotKoScc3xj/utf//o37r333nXr1r380kuTJ06YNGH8p846+0c/vO4///r3eRd9tlAId99zl9/devOvfzvp4osuDgKs1es//slP25pbzzj9k/fc88df33zT1ddcx3jouGFJ5GiUUqINRlD6OTeNhpDJOW9Jns5pm9X8yaIZN54xvnTSImsr/IV/5P+U+qyTBB6kWhGnlHcukK6tSdn3FBkyLkTGQuTiYjW8KRQYQD1oTJo3Z3BHPaN/Q7dMgNEueGogs6VffZeutvfnz7e8Ovj0cbLOEAEAQ4vd5pyeLF/lG+W0jQZvbVJu/nr0gf3Li3PcRHlm6C3tHDPBpDOWvU9pcicwuJNjlhWMjoLnrdrBkoHsDI/ajZ2yEbw25wixfIDQYeMMBVICpd0cu37BYUmZk3N3McrGveku1Dfv4NUMqOrJ5MCxrPPqjbtllzOf6g0FCKD3kKeCeS+AIHC+KAbHbJ7H1znmMT8EzV8pnXzdLCI5MjnKU54eSd5nQOlYApB5gUBObxmTQQ7Hbi4E9fYFpMI26w5b/nNXtxg09G9gSaB0jFMK9/gTHPK685sF0hgV81Oy99KzNWk2zXK++9mfWekhonBAKal/oA4gWppK7kOO5tThXwL4/6Q1s6A6pHbNlvdIOqQa6Rr5/FuHTm4aw4l0E1ojeDhlR/QfNoxng/VsIGq6z4ELAYECRqUCT86MSKk6qx7Na65cXUUAjsVH3TJZJOW9pAqdxR4GmqRIb4B3+89Grg5kumypY1FrKnQGFEa0yr49k3ZkdcQIAkMikvVIdHZ1dnV1AkAsQUhSZ6kQpd0JR1jNjJh1GiBBACIirlq3tlKtHnH4EbGIh4aGmxob+/p7GeP9fb1CiGqtxjmvDA0WCgWevB+SwkKhWq098+wzc2Zvvc2cmdVqjSGSTKoS5pQnNaqCnpARUSSp3FD+3AUXd3a0H37IgQZQCVCvxZIEA2xoaOCc2TlGLBYKqllzaytn/LmnnmEhBoUiR0ZEcb1eqQxPmz51zjZzuFqmDCCJdtl5p1133rmxqbFaq61du1YS1Wv1gf5BxnipoVwohERUE7EkCYiBrm6BlkGGsP8BB+65156Qd/X1D3HOpbIuumbKEJFkV2cn57yhzLNPBZwDwNDQwMMP//Pkj5+AiEODgwFjDFkkq5yxarX6wIP/AA6vvvHqQQceVItrF3/x0q9++askiTFWKhSVgeWcFUKudrfGgp586qkbf/qTgIeXf+eK+a+99tWvXHrRxRfvO2+/puYmAIiiKI5jQCqEYTEMF7z55ttvLewf6Hv+hefff//94084CQCEjAGQE4VBiAg9Pf2FUrGjs52Ioiia/8b8rjFd06ZO45wPDQ//5a9/mTRx4jXfu6prXFdPby9HVigWrr/hhx8uWhIGHBGFFGEhfPOtt598/L9nnXVWtVYfHB7ee6+9X3j+ucf+858Z06cMDQ4NDA719ffJWFSGhm+59fd77L3Hx44+aiAeaGpoeOrZ5++8865DDj1k7z13jeJ4bEc7AAghYlHbsH7d2LETy41lXghDCBVVYyEAoKGhYdttt912221z50tdw/VhIeoEEkCf/DwwOGnilB/dcMPG7u6oVi83NqzbsKpnU3fAg9NOO3P33fcixJBjWAiDUhEAGOcH7Lv/AfvuDwArV64qlIrFYhhwfsstt7z22isPPvQwD1lApdNPP+X3v7v5q9/4+p/vvrNWi5BzhvjuuwsbysXp06YsHNs+aeqU5qZGADj9tE9Mnjy+qbmpGkV/uuOuuTvvdMbJp9x5x+3HHPPx6dPGvbPww9ffeP3ee+6dNnV8e0fLpV/4/Jp1m6ZPGR/FxLmr+ZR9dU+80z5R7t4yXyGTc4QbaQFIYgMybrSvwpPGBOBk3Uz84pUoSOsxMxzYJk70YQBF70AVRy27MFsPQPtpGc2aSnfat+yBo2kTf8rLwFpotWYmTZAEUEMvL462xsmluYu8PjoFU0G0Y9Zcb8ClVPpH4yug0bmaFSziSUhg0moOAd1lb46rlx49GSMPWkq1zSxSJkpNCRnwnDY5Pmy2mOMM55rjlI+UA2R2aMM2ec5ieukWpN1Q16Uxd+3hk+QB5kLr3TH9pMKwVBXFfzARtpQoplccesN4pTzNLwokIkJna1JO2sV/ygKptQpluMJKjVnYlp0djbITPNgFh96gPqZEfixkA1KyH1Jzi6aYY3H06gQuhD7uXpigP6g6hVY+hiH1IOB40pZF3fXvdoWIEVD1FQ3d3O15FvYMbR22TCuu5KdELfr637421rZ3oCcn9kiXsxxmTDxOsyTE0SX2n5SCTd3PC0HJ5xZ/uYARMq2rfaXjC7KHHgKY3Z3ptIwvYmkdmLnsqd02/5unrPIEH4gQdWTvalGr4hLI0H6hgEPvYP3+hxcg0mnH7VoqB7mS6mYKRllwOjJm6RbJOmpnSnw2SxyEZGqceUOfMmZl5ggwpbcIedCYKMK9MoRzt8pkHI3/x0ui2i0I1lanSrAjopQd3bUzOVOQvbvFoLtEyECVjJk4R94g5mM6FCfnXPqUOQdkyBCoXo8IgDGGgIwhSTSs4h0DkA8wAEgESSTLxcLa9Rtu/cNts2fN3n6H7SvDQ2EQMM4Z5zFCLIFzXq/X29vaioVC94aNoBMRyPDJp5949plnr7/+xkLI63UIk4gRNQGSd8AgokwGRUSQRDwoffyE40HG/YMDeosWEICUIiwUOA9FPeKMcc6VLpYAA4ODQwNDBHTQQQfuvPMunDgrICIDSZIkQ844Y5xNmjilv79/cHCgo3NMEIYNpUYpxWD/AAuDUqk8fuyE7bbfobGpIQgLYVgoFEIhhZC0auXS4cHBsBBCMg2JXQmD8K47bnv/vXeiWOjal1QVxYZyQ29Pr5CyUCwiIiADEABUKpUjKf7+wD9KxQILGIF6caMEAiISQgwPDQVheO9f7zny0CP23HMvQGxuaQkLhXJjeeWaNcVy+Yaf/wg5/+Uvf3v3n+884+wzV61aOWH8JM6LvABCiFqtFjAWhGFYCOv1aN3aVW+8+cYDDzz0zsJ3pk7d6sovXTZv7z3nz3/tt7/7/VXXXNva2LzfPvsdftQR48ZNCAthW2tzXI+aG5ueevKplavWbtywfqCvb3iw1tbSpjiNM76xe1OpWOjesPHJx/47pqtrypSpiPj8Cy+++sorZ5x6+thxY9asXfPD669/a8FbV1111ZSpk6SQE8eNA4D1GzZsXN8zduyEzo4OIeIwDIcrw3/7x99bWlp322XXJx5/YtKEiaWwdOsttx525GGnfepTG3s2rF6xfM2KNRs2bLzgwgs29mz41a9+PnXytB122ObJp5+58soru9o6/u+ii8Mw2NTb+9KLL/z9/vseeeTRXXbd8ztXXP3wQw/+9MfXP/fsk4ccdNjOc3eaOWtWY3NTvVZf+M47r778shBSSElAiuyIyBmTkqSIGhsaFrz5RhiEhbCoZAkAhIhb2tq23347JRwrli/v6+4ZM24sAGy3zQ7bbr19FNW7xo5hAWfIAUAIUScikIWwEARBqVyux/Le+++/+ntXfeHiLx64/759/YNBGE6dOvlb3/7WhRd8bu4uO3/u3HOR8/Vr1vzmN7/+xImfLJWK3Ru7165Zs3T5qva2FiK57/77DQ4PLv3oo1v/cOtuu+1x6ecv+t1vf//44/897zNnIgIDWrFq1ZSp4994/Y2GYlNjYxkAGIOkJOaow2TzYSKCKV/NDQNyFWdafSV/0UlZ+UoSE+82vd7fVzUpizCyXrVLCwkyWnRUdbwFOj2x2Nb2Z1r7e7d8FDZntM1l4w9K3/9fLu0pAVgvA0fC0z6V92Pi/2R+IuuObY682StjnGCELhx65sPvlwJoCzykLSUlprcLjvSgC7jbJpVuycUwBymPcf1gcqSxU1mTTHt/bARwQpTR+k3iHEg/bsFz44HMWzPBa7klF6Yp4dy0i+4TgLy2BKmczf966Q5H8H5yJ3l0xh/5V5syyANjlG4cRTriwM5msFG0tGmcXrKb08YF2N86PhKcufdSnOTbF/Qh8QQZM4cAOY/l1AadfJOrCDUUOqLzY5ORClp5qup/uVLAj2QmnOFywgCNTtIER2B1jaoOJ1C584gQRfEHS9YWQh4LkkQkVfY5n4tGPyMwH8uRg0MT8+d1u0V0TeqfuTOErtRahrEtbXbBT5GaoiHmzbrt03zzN36Y/knXr/0IFklSTKj23qnh9Y9uMsbuQ/L3UkMOWuamD60X+Fl6WI/Jjp5KxDq62yUIgDqIQj+sgSACsMjqzn1WJNu/4zs52lkCMoCA8+QMTEgSVlIigdTZveTBFA76LjGSCAKQOMOnnn7+vnv++ttb/sAQ6vW4VAoBFNHVIla46093vfjC88Uy/89/Hj7ppNMBICgUVixfes3V3+vqHHfcx44artWDMGRcIaZSg2o5MFLCtagJgIgYS6JYcBIsOeEYgWM9Fn+8/c5XX36pva3t1VdenDxlq6aWVgU3Z/jaq/N/fdPNYcgRCRFFHAMQEjCm3taBQFiv16M4jmU0PFy7/ie/3Gm7OZV6BDJWEcjq1asXLXr/6SefSPQvEmdcShEWg7cXvNHfH6kZTxY/IEqA7u6NlcpwLaJYxFKAICGFBJAkqaGxiWJRq9UqlToAcETkgSRsaCxe+oWv/uc//3rzjflhsZBMBaptKQhEJKgWVbvXb/rBdT8cO24sADzz7DMvvPjSgw/888ijT3ziqSf+ePsd3/nm984+87TOMWNuvf2WSrX2ixt/9Pf7/tzW2hwEoUR+4sc/+fHjj3vm6Wduu/W2latWNbe1jRk78aKLLjni8EPHj+uUAPPmzZs9e+t/Pfqff/z9oQce/OfjT/57cLh21jkXnPuZs2vVoUqtesRRRx926MHdPX1tLa3Van2XnefW6lEYFAYGB6+//vp3Fr5dCgv1enTKaaeOGzt2U0/PTTf/uhAWjz3m2H899NA13/9BVIu+8IVLDz30YCLq6+9/5JF/v/ba6x8tWbJi+erPf/HLDY3lgYGB5ubmj5YsefXlF0888eOFYvDcs8+c/9nzx0+asOde8+bN22v+/Pl/uftPi9/7YLsdd41j0dLSfMH5Fz322GOAslarPfjQP/v7+q753rU77LDdQw8++Ktf3bRhw8b2jq4zPvWZE086eYftZs3dcbu5u8z972OP3XjjjzkLvvH1b55y2iejev2N19/49c2/LZcKwEDGEhF5wBgLOOch5wDQ0NCwcf26gaGhoeEKAKhTjqvV+ooVy6WUvb09d95555//dPf6detnb70tAXAO8+cvuPP227o6ujasWjd1ylQAUKurgSEWkID6evsefeTfH3zwwWGHHfX1b3ytVq8VgoBIxgJPP+305UtX/OwnP16zcuW3Lr+8t693z933OfX004lo2tTpcV1c/o2vl8rlSmWIcx5wXqtVm1vaDz/yqMnTp3z78is6x4+LJc2eNePM08/8/e9ueuzRrd55a8HHTz51bFdrLIgxlXkkh8W0kCmBs6U/z7joQp7RZn45xbX0iflzXQ7HIug/Jg1tFJXfjafxk9+0Rwpgdicaq0laqWNiWRDAvAzB15NWvVOyxAJQq27fymNaRXvYJv04Fs0ArgHQ8JlqiVH7hr5eIUU/5FggNAdMkE+VFBgOsRwfzqVgOqbynOt8P8woYXB+JTNkkrZwTKWNG73QCBwPSRkgtTQHHWitr+ZCbbpLADBVIDODAJSCPC8qw+xPLvoegvYpb2i3cergFtfbsXUrdDF3ikrogK7XEFj7m92plWIL0CzrxJMp98w/ptgUXsj1iX2HyssyWQ40UwzgMoxXlcrnLq+9T6scAmo43enW/xqsta+lKOcj7p8O7NCBzMYC44858wNgX6lD5lvaQVZksGhS+lfIcKCjdCy0Tn3Aae1/IscTcxgmCWi0nso5iAtwpOjUc9DJvHrETSIkYpWuMJPZSzlSaczKl3FYQS+dQPJmxaQtwMKc9JG/EQ99jnUUJrrxtl9x9kQYzRS7Wt2PTSjVj8MVbqSWCpUtSGogXw9YBM3sZ0JQfwYBTBiBHv0twOkQzFfg3ptJAAAIgDFsKBfCIEg2TKXYmpzm6NzJu1xaecrQ5XRFuGSCvLse3O4Hsrov6Vw7J3nrbx34Ukmp9OYa8llZ091XdRmc83g8FdC6aBuLDkbTI0aEsbZ2CG5M6AyhOdA1mSnaaxZIA5OGxHtO964k3dVmWfl17Cv6TwNkOMP8ClqkXVZ3ZDx1GbmToAI7BRgCgDqlUG/8TCiVnQF0eldqtB7T+PGTvvqNbx551NHVeszDAgBKQQ2NjWecdnqtVgOAMWPHDddFNY5OPe2s0884ox4LSSwICscf/4kdd9o1CHi9KtXi1XTC2NFojKFQwSgBIgqJREztS1QYcUadY8Ygsr6BwV123/tjx53Q2tIkpGQIiGzylCkHHXIwMIzjSEoBoFa8gnqLo+JJKYWIBSGFhVJ7R3skCRlnDGMhGGM7zt2jrW38nnvuCSA5Y4AQMCZJhoVgu+12WrN2E+NcAkgCAqZI9bETTzvooAO2nTMriiMRS9IvfhSx4AEnAuDhVlttBcgIATkngFiIr1/21QMP2HflqlWAKIlICrM1hTEMOZdSTJ06Y9/99pZCcM5FTEuXr9pn/8M/ddanFy/58P8u/uqRhx9WrdVPOuGEvffc44mnn3799fkb1q8lEiSgobGloamJc04sKDe17Ln39KOOOGzHHXdsb20CgCgWABATdXV1nHX66UcfceT7H7z//DPPvvLq/K4xYxhn5YbGU049c5/9Dtht7vZmnmoxVau1YiEAFkzbamb3pr4JEycectCB8/bdJxIQSTr8iCM//amzZ2+3zRPPPTNr9rbnfubsAw/cT7F8Y2MDYbCue1NH17jjjj/p6GMOl1IyxolkZ2fXRRd/fte5O9ei2jmfOf+Io49u72g777zzgjB44B8PiJjtue8BHz/p5KnTpg7+f7T9d7wkRdU/jp9T3T0zN4e9m3NkYVkyC2wiJ1GSiDmCgeDzIKiIIkoQRH1EERUkKaJkyTlnWOLmhc2JjTeHCd1d5/dH5e6eu+vn+/q1snemp7rq1KkT3udU6P7iqFGjvnXWWTGPwzA8/fQzPvPpUw855OAwigfKYaGm6Qtf/NRJnzlh2tQpDKFUKo0cOeJb3/j6Z076zCuvvvzOgg+GjRwVxYQsmD1n7pC2YZ7vIQICeowxjzHGfN/z0At8Pwj8DZs2Pf3U8yPHjAIAQA8ApkyZ+pWvfIOAGGObt22vb2k7/7Qzxo4dFcVxoVBoamwcqMQr163/1lnfOeywWZzI9z21aA0aG+o//8UvVsLyUUcee+bnz2xsri8Vy37gxzGFMfdzNRdfcsmESRO3b9/R3NSwxx7Trrjily0tTWFEhxx62OW/umrDhg2lUjmsVLzAowqwnH/afgef+Kmjy+Xwc58/M4wqUcxzucI3vvn10WNHr1u34etnfefIw+cRJw9RTN46MMAyIRaGSVsCvVKHpEmwntRRqzR34nBDF+xJh6ANpKw0y+G5jVcBVc5PwhyiHZFmutIMI5z45PppExslIw2DHtystrVIbze2Wtn025C+GgoYvApFgKY9C5NXJyBNreV6kgtk7KMd5T9VAGqKBjt36uzNS0G0FD1OkEMWDKiSy3bAqKk5FYXuBo9QgRfU3xXU1tQlYLrz0V0RkG6SpBBkOOAM6Km7M/iUpl1SU+g2SxkPkHsnsZStCg93fVlQbTcfTm3v0lL+X7a+28VTZ244DWaPXJKHmPyawWQVCmZ2xDFB+p4zEoN2KKGMCRyJkD54RYZJiWr++yG2HraF3bQ8KK0ZvysDoc2urJQsqa5KgvUcQMI/QOIlw+noF5JDXbWhdPIrkZbKKGm1i2rfSIZ4ZdnVrHDUNKTcrijIGHIrTexGP6leVelhZnZAkU9JAI+6I9Udivhd3UlaTdEFzrmdgzbGVeQ4LABiTy0mQmRn9tJONcjl2KaMzeqMU+YSjj+LEQAQx/Dsy8sHKtHx86fX1eUroXIQqKKuRIbYyAMBIKUZpDuopdU9cCKx00A/YvdePpsVSINGZlrgLcgDxlhpH22GLZEXsUy1pXm6eRcxGhZT0uiqPISpQ8aAXKVzCACIEw+CgMcxQ/A8ZIi+L0+RpZhiiju7e3gc19XU5+tqSuUQABnwwPOAsSiKGWMeIjLZQT1lINikpAi4+JerUx7tFwcTRySguLe7J4yi2pra5tYWHscA5CEyxnwvyerBr5CgHJJIuXEihtTX0xME+SEt9emKOEFfb29NfZ18jzcRJ8oF3o72ruFtzYO0snbd5ubmxiBfExMwhgiECPmc7+8WsVSphIBesVzu7enNFQr1TQ0DA6W6fB4oisOIAPP1tVEMlVKpUi5HccQjXijkCzWFXBDEcVwulRob6kUIH4YVTuB5no8YE4RhBRGDIMcYliPq6e7J5XO+5wNSHPKIAzDwIPaQABlhAICEhEjEeVgue35QU1sbxhCFoe9hPvAZg4Fy2N3V0dzQWF9XE8cxEfc8HxGLpXJnV5fvB21DWhkCJyLOSe10DSOqRKHv5aKYojDyPATgxf6+zs6OQm1t27ChjPlRWGGIvseIGCEUAgYA/eWIOJXKxfJAedjwoYEHpWIREMQJE4iUz9cAQCXkHCCMiTgUarzcbnB+586umrpCPp+PKhHzGCco9vfV19cDUndvTxzx+obGmkIujmMPWUy0c2d7/0Df2FFj8vkg5hxATs+JN9xWogpjnuhsuVLxPJ+I4hhiDlHMfZ/VFrzunoF8PvCAPI9FccQxAPR8H8IwinlMnHvI4ogToh8ExHnMIWCIiDERJwp8rybHSmFUCPww4hEnpsysPBILEojDsjaWZ1amRO5Ll0ZKGSRjUqziKq1H4qNtEyUCUKY+YbIs25flYi2zpuNbNScgjDpagZK10AutopowsD2OeheNdmaSEOOvnA44ltzEHWbeiZyHwSpNqCZbFZuFYXPQteG6xaUs76FttSbFJpWs5o3F16SmAgkE7QdJ0WFTAOlHrI45ft8pVgWgZ+b1KesRTB6k5PTaoU2VMR20QapGEa6LtOlMLvWywEmiRe1Tk2GwAmWpPhih1y9ckz8qj27ToJq2cve2EtglQQ43qjGzm7axlxJzNU+r0V6Kt47A6e9JZkpA5EivC0gSIksAjvxYFWroapZUk6nR6hhqITY1WCwyI6IMgit/sjOqDADYiQOy9c8m0mKiYgC4l4ziUqLlpOfs4o5Ku0TqoXKELlmDsdhW93XSzNFFh2aNr5xRdsdF22JDXvWEmj0xmFxHUGXCxk6DWs2SMTtKJBKG15GrhLAZah3pVZWa4NN+Not7GbQ5A2bHI6l5UVuqtaCSvbLDdpgESSXRBAjPm0b4AKJRI/AyikB59AKHfI7t7Oz/899fI8CLzp5fU5sjAiZWG2KCvabx1LZfgOQsnSxmJzoTbALAtNoJZUxNjJphhQSDRfxpIkmt46pyZXY1600VifjTclKu0VR12OlVGd0Ntr3U4ldKJQYGwjDmdTU5QOSGdj380pYlxjKzZkWJNHi6C4llzYyxVK8NY6yUh3EVtm7byM38SInbYA2VfY4FOgOYMMFSw8WwEbiBppEqC3QZjy2GAgDk/B4QB66iPzGPEhN4jHlIHkNEQAAR2HAOzEMx518JKYxjAhRAy0cg4oAeQ0QG4vWZaJHj8ARMCEpyc54kjEsxjH0G4vQaIopjDogek/Ew2vianL+qRVThLsRERCwG4CT7CxQXfI+Ih1HMuXRL4mhUxjDwmOexSkzcOsUAkfIBCytRGMUeE/ZAekzOpUkv1ARRyMuRWVTNEIg4Q/A99JCB3rss5gNUOkm8uIU4RQTImMc8znmpEnlMHC4X+QwjDmXOEL28Dz4DJt5PisA5AYDvoYo8Q86JMWGwQJxIxDmP4ziMgAN6vhd4XhjHUSTeicJiTgTkI2fAYwKCABA5cATyED0GnKAUSbljQB4C5xwZq6nxEaBcKjPEwGeMeQmLpdFazIE4AFIYiQPDWRgREBFwz8Nc4AUBI4JKGBGAz9QhN8gIiHMOQDEhAPq+5zMslytxWPF9z/clE+KYYoqJPM/3Yo4xB0DknHMgD4EBeECI6HsIKA5DJkTgBMiY73kxQRRzJIg4AbB8gFHEGYPAZ0KYOOeMMeEIdAfjmBiz9Nq6OInomgntiGOIiThBFHHGyPe8OA4ZEAD3mMfRq8TIEALfQroACBhxzpVigDxJGoE4IuQCL+YRAjLxpl8OiGIphPCBGs66RgpEasFpyNjrTLOsXZoO87RDB/ev257zi8Ya1YFOEmLoxq0nSAVQTuMuhjROQPoDBA1us3Cee5OS3UogXEGQMK7SaaL5yY0/QebWLLhihwOgj4QSFLq4MMEnEzFmeQSbQmvbiEs6AdjsM6GFBt8ad2RF8nY9DrISnZXDm6Ynk0hVTxLxp2LmtLjo0VZPOBs7q4tX9tAnf9U8yXyEZAE5gIiQpMcxBlS90TSLUm2p21I9HU+nCwAXQOi/a3nSYajaw2PpiSVYZqztm9k0Wt2xn038lolqVOAEZI5OtYm0Vx47wmq9ftAJHtQdh7+mrBk2gpQsWWTbyF4+5uQFZA8o9aCuEG3DqnttSaB61Ii36Y4JZnQ5sK2IhuVVhNNYFnO2MFpGNYU+EydCWdqFpkwWSLap1aqtsjBgFuWi+EnbV12rGhjzSkWLw5kGQiHxRNInoUSUoS5WBGRzz/gDq8tqdjRhqhzttYNhq5mEsSK3pH7QmoBL1mAmFa24ySqJkJQ5S9OFlnPI5VhHV/GWu94CHp3ztfl1dQHn4FlQxAl2qp9ChNZEsYmJrADQlLOqA8c/W17A0TJw7LfLSuTEnY7KU4uMGzfxpyOQlOhPOlw0mYBEmtB2cBkhdFZPE3E5AcmLkalZWyCyCrpalFWzyX3aOAAgQVlW/Gk9mLBOZDJv5hmL9bsQbsgqbaf9k2bI8TN6XEj/Jym1UQSpStDmF4EOzIiIiBN6noeAAB4CQwAGqFxFzCmOucDT4m0iXDzJCRE9hgyRoZgAVDqjOqItohhB0zQREHLFRUBCIIo5J05EjCFjnu8xxsDzwEvoA4LFBsewciIi8VIZGXzGKscSxzEAIWMIKJwxirAWgTgnImSeHgvRHI9j30PfQ8Y0KABQMS3nUIkiRARkOsOICAyBISCQjhjB1m8CEHE7AOcUc4hiCmMOgAwxlrElMARCjIlxAqAYiRgSAIpo2fc8UQkCiNediiAPERA9IODEOREn5IBhxDknQBAvZo0JkKGHwIBE1MKBkbBzgJzHnHMEBkxwXa7sFkPMOaAHeV/G7Uy0zSkiQgCGgEy6Jk4Qc4g5J0LOKSaRsBPhHHEeE3Fk6DGxkZkY6uyVOOQJADAGiCJOnBhDjwGqNzVoSBHFICJPhkCAYkskQxlFeyCPm7FcP8QxhTEBQwQgQg7AORGPAznjHxOQ5zFfTGcDAlEccyJCZKL+RPDJuVR7hihn+Ak4yQicg2AC+QwRiDGhAowDciJUE/RS2YAhkseYQSeAiCjO4RKL2D3mvCeKtGU0K5hs52h0xFIaeUCRPSFG0rYYh40OILD9esqG2Zfr3TVZqd/dwjaasnqgkt1WabILZC1zUrPBGh8lyK1ih9XdlJPSm9PSj9jTI8qvWycIaExmJ4rJZvxuxZ+ZKfNsiAOOMdS/2n6h2iPOrA4mRw3MNFYKqduA26UzyfnMR3Yz/nQjiuSvVa7ModfU2J7diR7Sj+j4E5SvB407Mh7JEBXXCmWQZ6F18ZvF66TQ2plqM2y2Etn9EiWYxqQODSmilNyRIQoswgzzq8SfRM4hX9nil17RoOpM0ua8AdJOtGCqJ46aaYZXjz/FVyunkBa9qvEn6Ul8l1gyjxCBLVPW8It6zLyuBpwWb9NCbr/bJsOKalFxA2Prk7EMg8efdoChRd2RS7Ucw0Flph0XDGMqO2YbJ3A4nK3+BuDbvXGchzN8ZmkP6o6TfjmEZcSUqFsG1pI3spqxfE6WiNqGEZRVsIZV14mKq0mtsdrQfRWVEpDnYRTy5at2IMV7TRsR+EwacKND2Q4tg50WYYlI0spGJr24vfIpM7hNBqW2vUOBdXR5Mg8kg0JLSez5UqsN0uNqfnWPvRJ3FKVGbnVgpSyizvNZxtRKCwEQceCcCIgTs0fI5aPFJ1RuIisdbHpoYlijKRleLX3fdRIJ3Tb8VSyy40+nIddkgDMc+pP1/hXDXrMFP5EqkquoLYVJdscyOyIOJBEGqS4hACIIBM+YJh5EtBgTxATE1esYUCJUsVdSLwZAyV7jjASzSU5KyKqI1GoMvfpOmgS1XgwRETyGDMFDYIxMzi2lqLqHIuDkXBp/LnC7as22EAiKWtF5krGr5CXKURKssKZ2UTNSbhYV4Sg3m4IQiSEwBh7Id37afkpMghJBTAhEUQycQ5yE+aT/yEERfGbAADyGHgof70Ad7RlR0kacUMSBIiISlZgnGHga5BDJqWlZpwVAFTGCAA/Bk0MDjMnnZbzIgACBy/iTA3ERgwlhk8OGDIAh1+jAk95aZy6QyPCWSLydSx7fpHCIir5AIgHZISYOywaG4KnPtgqo4BAIIIrJxjYI4CF4PjE7menOQKFKsKgfyeYT6BXmzv+J9HIFy0xJH6SzuNrHitfPAqBw2ww8FGkMkVyQcgugZFV1wjXVtm1W52UotUGbDEWUUVkNBdJBiBIeG3sZDZejotbd2ZyynhfmRHtkJfZmdz2aGoz5TVajDKrCQWjdBJWdd8u64ZYyklrRLEeggZApqe8haFKNjABYxsWCL4bbejeIgyvJ6YaY/bcItqlPIolMwKE9qetSaZBH0sEnqZIGCxjjZFtccvyonPd1msjyQUrK1KhpF6mk09rfaHfB8qQZwD3dqHjc9r/2rJF4UNOHaGTJBhgGR6jeJ9Cn0wXbOSQpSeAbtBhruiYBlp7MN9KQGFmbpU5/bWMEoGoyvifJJyl3ygeY/mo+qecVP5UcU/pX1bA9HEaIDZdsOm1rAxZ7rcGyuKRk0wpprVjSblZUqxCGTY4iWVpcLY3yOdURKSGOiDr06LrSuFG3ps1CQvUcYKm5X13BdZMOnyHN2EQ9pvODEZC80JUlW/vM+KOCdKIdy1jo5hQgUdGjbdC0B5EOBU2tyrXYBKhbspAYFXvkky9EgdScnhEuC8nZPi41ADYvkp2yOpR8RKcJ3GXPaLeVwCVKCl2Tb55kYmGaZ6kPSryJGVTp7mX3zCE54fuUPtqrfgy57mpZt1rF7ERTCATky49215LOwrqkaKu1qWSJjt7okvVwlh9QVZEL5eynqnCHADZv7eQcRgxrRIa281cI5//hUmprkZe9eAlc6XRtkFMbpICarY0CNiYfdMbKZDr0TayyNM6siNOP27wwHtWuH9TYa19qDK4qKyhQkFK/Mlp2QvxfN6jF0eKDq1GopVhnFMwyComFGTECuThS409ySNWdE/RIIsm0IyoGAI4AKuy0ew0GJykbJ3+TITcBiJBJFpR9VHAA0KLGcuQECMAAOAIDICaf0O6MCDgCcmAIxADVS4UJOCm0L5ZAk7ViUO+iBt01TLKZ1L+uUQZ94ow+whdIshpRnjclnIY6ssmEXuIXDqDXTomf9KuQ7cElJdFcRJF6cxaXDt1G4wQy2mIgl3QjgFinLG6gItb8RbHCWwbSqNUeHf5b2iJqRAZyUBAV9CIyQY5OSROpxfxkLywiAOLA5dw1kuSWxQQzQiBtQYpBln0h7QlYYosYGPKk81Uxouilhj06D6L7rRpWrWiWZEWLSc46vt8CAUB6Li6he25VhmmGpKTltFyWcR3qLyZqld8THQRAkX2zZ2idh9BhtDKzmoRkM7t7JZ4zHc1evKNKpX5zzSFYThQzfnYe03Vp2Kab2EWv7IBN3yG90inrUUz8zaYp0Sm7cGrwnTkcTZVdmNKSakUdbtNpCXSf/X8dZ/OsUYSkx1TNudS7BDjkDsJE98HsgpgcjP+uc5mIyNEt2+UnbhmPlnjeTUTsoovVrywtTjY1CB5NlPx/JMJ5lrIG1CYgIWmJwL46J2wxkmGTNe7SJTlt7XZ/nHGwadvdClR5hwCTx0m4BbfZpHpWD2mqEjWICU2sBJEfUDpIDQCk0ScJKaoJTHqUxeWmRkFNDDg5pfS4Z7ayS3EVBWy7nckxsmx+0mvYzhNjorjCEcCXaXVXiJzeUyqeqW5LEqKkd6JSyhw4I5DuvrVCJvWI7wRCApw508CqDi7EzNgLOwTlwIG7qTgRWSKzkxVgk2Hct5pH06hCry+yGCBAMREBURTRq++sqYR42vF719X5cWRPc5O7ycc1HGrADT7TCSSNIOV8XAbTXICU9dPu2EpS8wJWYeYuBalmycSTCFhFZJRkOikKC6sZBCBk1PBCzyCSOMXF7JoiAnWAkMmIqKDbeVAmupkiXhKiRsFmuoL+DnJBAsYMUNIwgJjFegYos0gEcoOotJS2FVbmBAGIVPApOqPIFSTIYMZag4QOH5DEylxJKQEBMWtozNHl2ihqGVYGBAFI6aVMraIinivnjuKdlJJIMW3IgIgBcSCGznIQ1U0RWqKMGwGQuJAQZMRVjtEyqkKz9aySeFAOGCBT5otZvOQox8WYYgIxJoYOGdqp8+tJNSp1CkWH5aS6YLLyvMxaBysHggDlKTokAbJZD0coppdIzvoSmSHTA0IiEycFRkFtNaZK7gw/iStRAePQlAxIEZVJFvHGWgQQQ6c0K5F10+sT1NBKyRMhrpAjpmWWaeshH1NsJjXKenhAZ4GZXlkA9joysesT9NZpkQ1Fs8TFXEypsHNX0WAlhQw3ZI+58WPppaDavKnK9Foth0XGQjl33SLqWArxVZ+3a68DtCi0XQZSSllk96rBSlDigPZXPSuFmonyQ8LUC9E2sXWWF0hEXMkgXGuYlXKTv9urKJIEyydVQOD4DqUZ3H3fie3xjWm1wlFln7TFBrT6RilEZDs+8RZ1ZdpVL4QJVmWknzVgAHUl9gR9urOg0Yl4lKkFnUmepyZedCu6Lf2rPZR2WkF9NBxFt0ziqprpSWqfZVOEPCUNiG5FCJtxhQ7XzULN9JI0phFRkiTbWiZ+0ERp5ihRUV1ApeFGLd2Nvs4mQ5nVSyfxE981P2wFdGo1fbElTW2JAmQuj8kYCAkE0lZOiZM9SU1uo1JHUmKTyKSYD1qKxBokgjSr7RrSYZt2dJBlsjMuvbbKdF04PKs7aRkQA5t1PIoVfJqvOiDgnIM1+EL7lGJa5bWmGAsm/7WHz1gJiyzTmbSWmdLG9jMlpRp5IIqVUbIhm8gql/Q0WZ7QccJuVSROHFRCYklqyp64AyGUVj9FZrrY6aPbd7ceXR2Bx8ALPLFXDFNVpLvqfFMrtdBpLAMwODRx23QrOqweZMyCWjGD/YgP2qCgtWzIWGzHrpkFPAK4y4CwWl8VueqD636TFxq5TLi21NoSwh3tpd5SHMWcOXwQCN7YggzZrkKmmu7Qc0WDXY5miHVxrpwlzJTrAi3BTu8dcoddh+dg2EIOg5yFNcrdoFPcUK1/l7YnK6hRZYX5UQBQIhxK2AMCPT/JgDgAU9mMTFapiEm2QHq41BIEg1jMuCoogEgifmByIaKhhAPHxACrNkCEc5qLugEFYNRnRLAZokygWfULekxRzzCq9hPjaPlcCRpQLBNX/3FARmSvDeFAhCpCMb1AkLGxHA79m0gSMCmwqOZshWZyNTpWkxZ71C3VYwQ9BgAAhMz0TUxEEwARcTeoVhKld7YRAABHDiBOu5VFlNCIsFATpoN2W1oRSOcC7IhCEy+As+y+4q0z7iQoUrGm4otiIHC9x107BUmb1ahYzqoXeiQ8JeklLqZhzm0GC3OCTDHb+EtVhAmaFN7QCQ7pmpy5TVLDpAyNXnCbHFKwDDyYf63JM1WTpZiOzbElO2nFVFBqwzL9FGlzIdXDdYPmqwzA9VI5yVJwLjkCyYSteo+nVdCixHWhxg1Yldp3FO1uoptUV4Xs2GbDikEdbJ02oZYNMffEUMo/thW31zTZPM/OuNvVVl2hk3WRze0E0HQ4AkS2F9V/Ejc1Z5LhZXUKLPeQznKnkZz9YELaB2uEHMakwVDVqtDwn8xicjku2Z3TMoCQGFWwOZ7sphX4ZPTGWVtue1Pbkie4rWUzqzmHFeowPdmKDdZ1T7lro60OiT8EgMz+QZVzCgueaAVyVFRVpfbBWB3X38mqSNftLIC3gLBSIDeLoW5qD5m8rIRHpj4NItO6C4p4m1hTva1iGQKfEk4w3dV+Q2du0uJiV05265L/Sd7apLu1VNNfLbHOPTfv4JCiyHBct3xKdSTVCtk06lFNVEP6ptVtq9/Gqwgc4HohxdHEsg81Q2NhZsN7dGlxCLGIt5gsrWfSVlsxWNJUprGZeNY2UxlmGkSsTV3dJaS4paWWWxn27MF0e57yJ9WvzHxI9gIah1g7ZgTDavmrr0tJRCMAHdokmleykmU3SUEZSh2yp1bdGdJMelySbWMAR+5252IMERnFka5CiRtYifvU5UZ2aKP5LD1Rpj5bBrLb2J1eZJUZ3KE6Bau0kLDXAJYRM38so4zZwCUBxiSXLA20s13Og4AMCJlpA43AYYJAUySNgJXVBHClSgJSsLRG9tNaxab7jwAgYiDZHSMWBKBOvFHZBlJBPVrZRMkGm6cMrHokktTGiqzndNRMglwd0JD0uJwjMJLZSjJTkmaZnLQgYoG63gZhdQ/BSiRo30AASNzKGkhqzNAlBkCqjWa4SURZQRcByFlWGybbsTGQmL5GAjKLT+XmUUfyQNkZsCMrOeiKboaaAI2BSPNAc0Ay2Q3/GXOmv5g1S+/2y7gjZ1xFTxV7WMLbyV6Q7J34jWdlmNW6Y92W+o/EyVCKu1bdTHWfBK/BTmKDHPPUU4lLJ3MRZMyYct5gVNj2w0lsYFht+KFlwJIGa3hUBSiUSe+vIHfxTzUbbTVDoAN4hxzZsN0HUTxh+TGDpCoXYsI7yJsWoWQgrFuSwBQe/LImidF6BpPcy3xWS6oF41WUgqnHLY2RfbHX3wpfbpd3/aa9DsBUqB+FdItWCOp61eqXg4YVw5MDUeUpUhOebmFrjG2vJZ5Tspyo3+Kh0zO7h8kx38VYZVCtyHMqs0GiSaO4yzLdFzDYdFjWzBJXyCianLFMkecMGLo/ZOMpW460HUm7F7ueKvetR1wQmHxAuGcAcCQtK9VdVRUNC1CLnDPBYvMoqVHkfE4NVlbHskTlvwG6yunbKCiREXC7q1VcA4hqomry/dmEUXIxcIqSBJOcjIkr29WaAFuIQRnC3bow+RHF2h/zTf8Hu1ZY5c+MhzLAx1EHZ1irxizS1FjWRsuJHYLqf3dp9BRJrnEiIPR97O2rPP7cMqLoi6cc6PksRvQQMjmZDo4ssOnepqRm6I9GKqRXT7eSjlRJYjXTE/nBt2JLUDMbmOCsJkV8SES0xnIbJ0eJxLUg2lrCIYG+FX9bxpmce2jbaEUkxVzmPPT/uUZLmEmDGWz7KylPjgbXGMUgUUJSqUMz25HoNTDSVViimeCbzVWFD9IrQwRITdzUTARr9FBTT0ntlcgJ0YQLZnEJWrWlcmOkOWh3Xv4mwhO5oM6U1FovxNLOwqZ8oj5NQvNP/6tnlKwF1Nq3SrEnsbrLAES53k/aW/kP6L+WJighB9MlVKfuKIUiAES9tNTOY2mVRuuluK4bJJW4sRcSoHrpqUruixAUCMTOT2UBLNItlRb0GHlUi0/1ACVVFUiNjuqSY+FJMx4NPWJo5fSykiQ06U4j+eI9JVJpyYi/MQRW06TGTwmLZSnkaNh4AOSaXkQ9doZyy9IgGAoImFI73Ue9k1TZSEJIrFxEUHIjajE9ANMKWTy3FTehsgRyua3VglYwIjXXqlnJSGw3RUK1hlnNqCmSlSIou2NLm2aXPazaK9o+1/wh3Yh9h/RNU1UCAGo5Qz2aJj2tFi/YlloRKeQKQW0WILs+mQvQ8QBIqyCGw83OWi5c0oHGRCdjD9fBmyHQOx00regMF6lJOcu6W2sR7YLGsKVj9Wxg4T5v6AKL75BcPGk1J37W7CDj4jKeUH3OummjnISTUu0ZqnRC2ZhTqXi2mqDT5VT9hh5Mmil18lWSv/ZAOIbLUkZSRtXyWMqCJFpPQmowMp4I81AsiHBnmJ3lHQkjoT4a021bKHO0l+WqtOYl2WW8ou2NLGaam/aVWHNrfzZr+F2NcM2wehxB6TKhC27S+BK14loTIvYIiY9OQ2gjN1NcSbXsozMuqc6mLtS+F1xmuuJn5Bms7qA06mRcssVhxwgmRMiSGdM/NIhWqym4A52O7mwJVPLsMBIdt6q7ZFyThR2kUwOwCmqZTJsXixvayrv666i6ZS5I8UQugUytK9Bbjpw+GF4qPULjGtDUqRmubDUpMKJIAdslSqRIYI0wWJ9MgKUhxGDxv81PKeM2B9xbRlqUGzV3FH5y4LPksGudyNgMbR4Mt60MgmjbLIBgAAScoReG0co12xEhjMjziYg4mhVs1Sa9leBXZQrZwmlLluM1nNFH62HQRl751eTSAgLRC6sOe6ASFzo0ub+4bizz0ty0epeU3KpGhxJfEIB5AJ7lOLXiqmos555dbbJx0EJgtIe0kVSeGJ1GEpYqoyFnIU2SgioIQpNkyXM6NZTkn22g7BYo8esuCLA6gZJ8C2lRMn9i+RibDCWpZt+oLpHiu15RaPsKBvpZ8/oWVKsLEjXY5JjPXFJLVkdRqbHukJYeNQGY6JsA0ZlaJg2c8fSqSpIPm18cKi0woGJRGaZxVY3mujvqiAAoWMMImXZ5tlO0yROgCslaz6BOUQUAYEgAxGTgR2bqWg0Ioq1aANY+WbA/IKLyRZyQa7bKRcVo1ZtWc2u9nZVsdETXYkUKWugfbSkityEZ/1uXck4EoLZrZrpoTZnzsMP1ZDlySVNlbZJsUvXsb8p6pO4pe25+oARtZtpb2K4kqzPJdjoASumtjgKA3kdq1WG5+SS9MiFk1q7bFSaIStKD9l936lZWapVJ8kiUkGHMYJdLvBUJpPU1k9zBa09WW60WaV8yHqSkZ5cy45hn6UczhjSbPEyOahY9kPY1u9ndXfH8v7lS+MAmhLK9bYaXtCpM/JWtpPz4IOqx272zIxm3PueG3YVEiKhp0QDa4UZC6wcFEqrdapex77vTPxEcJplPANWUzrbdVclK8WmwC610xi5JdrCT5QUzimbmjAZvZZecT9SWlURQfwfriiOfLphIQwuyyla9KKtMdRrSXh8M9rG1VaO4DPiiarCHz9G/7Oar9AIdqaLdfbqK17bb1ya+Kv9QT7xUH1CnDUr8apUHh/i0RCmLjOabppyEhSjksL4mx1iirjTZVe5rya9SILkEuVqN2f6lumAj6BS8+leB6sEVixIO0hVPJ9JF8xXVkyniFHIjI07ZFMhJD2Cen/M8LQbOHIdUBLE0MCFStiLr9J+jUxIjkXyXpc0+oWVWVIHSFqLumWlH3wQAzNrnadtraxeDvuniWKOnCITg1mc6aUNTAARuoXhAJPG2hsSzqG06ApgYL23n5BhpU4NyksbYdytAlYeOutxFi0RSd4w6Jzpk64S6xe2jRZUts/+fCTVQEodqpWkihLACNKUGCQOqB590N1IhiwWN08bLbGJh1hwr6ANXXQwoxyR5P+OSPZEMVM8O5oUo86YlgYluKSKESKH9i5YKu0IuTvRJ8N8xYfo5G1AbI6Q/qWbEKNuxiNtB0jUQATdi4CA3oVv6hSUS30nfaeRHGnxZyDX45pMIzWUBAkclyTTGLHqdg5JMYWttNaIZCMNxWzEsGXfkxRJY9ZeUMKPUVdcWKhptmQWH7wD6dUy6D8mZZJLGLSUIpKCz5r4RVDXoWgtsq+RyngAIuHhljdPvRDis/u/geKXLSlflf7aKGgjFVXScGdlYhr7KrxZPQeZjJG2KC5aVMyLlBlqoDZT6XVRpJd7UK69dBc+QUU1PWuaUJmg1gKQOp55w5MtoSnZhi09qIYZpDgCAc3lGSOLi3HYhbrZJ+hu3axn2ynYFqp6MplL9FbtwtTykGKkssimQsFMmL+XkSKrySf+icVuiwgQlZNn1tHdKlNSf0L3h1k9EAGZvJBLafMFd5XFQUZXVWzRWSNNq06HPu1McUF2r2qgDO+20eKYsZdZg7NMgwu5eWfQk50+YC5rUsOq/CKaPSXVLV65Zlmg6kR3LChgocTO7mzYVlvA4uQ8CAOKcOE80Yo+C8K+2PFkSkErp233IHGKZ8CaLxASOYPqAS2Nd9Y+yHwYiZiXxzLfMy/FlKfIyH3VS9brLhtRUJXpYk6kR0gUMRlERieqPVVJ7Mw7EuT1Vmn0lGJnwaVR9XKpUmkASmt26Xqcuy8Mr7w2+CpNMjVVUHzRxBM7AqqVK5jS2dEXWKizVVaefmNk/y5Bp0AEAgAxHtjUUwzjwPAB12BlZpeXKLbTVA430GP+WpMElRNrMxCoDO4CxOpS+bFuZYGwmxFGPKM0SLh4BUgqu69ClxG+D+tyED7IdWYIUNaaQFgil46S9Jgi+UTKwtcFWshYtbmh+JHTVm8gGXehSrJrXfbKYwcGcA5rw2MlRVA2KbWbMsN7uuR4X665cWAkciJHupv6QWIQCoN72ge6iM1WpZhORsD1GVxHkaTsk3uYCAoHqQADNup0E3cYeKuG21igCAKE898QuBUyRw1Qf5S5H+/AWnXu0lnCpNpWAcsURUiICpFgjeK7kh7nYxJIrqctyjsfK15ieqvXQGSpq9BcgNRcI1gApgXa12HgSF1YoGCyNGlnxjVpQVM25KVcvSjDjjS37a2CmHiyUVdoTyRbD1D2dTXbbtwrLZfiq446YpdnisA3tktIZ2lS7Gm6E0JRJEI3M7JlQT2DicQL3RTbK3EkWUZJYAIDEazzUYmbSZ2dZBjPpd6yV9Rn9sv1zwgmC/mqJKNnvGyW9RtNpIn2hVGnbSaF2au5FKkVV5bgJhXIUpxKjrqsHNT5oOuLS5GAbNIskjbLaje4+uK9WHLMpMUPgNmloS9405t8G5sk9kynk7bZqmSYbZmnqE6vyyflE7sjJEUu24Tao7Feip2R1xPFPdsfsIVHZf+O/HL9vS7TFKXBSANbeHNv+aD6obU4Zo5jZy2zjmFTF3b+qCluyIdJGNUOCbElA586uCENrL5ksrRM7xtphxiOpiixaNcSo2mySLuEl5TSCsE82IFTezfXgmTCxygglFNUiQFtFLZgKH6gwxLKn4HQNEwSpgsZKpy9y/qimrN/Jrhcy/lrmBbNMjTaKkOIQJsplXfaqFlM+sdcYFXywq7T9S5VLD6P8PwNAiuJY4P8swdIPWroMDiWSzuRxf3aPACBFbFIALZeQfNzhP6nluL6iQP7rWBgwbdphEGoR0zCBSP+bZRTTmpIGK5a+UhZYtJEGwj4zRlY45XJeFOs9SGhXLDlqUgfp+jT4NrfIeiqzKxkm1g4ONR3klM1QaXenaFZn3VbEXZ76xbYJcvwsV6MHG12Ia5yzeSWu1ZYZC3R8u/ZZzO45BwCOiOqQHSFLKrZBRYdMo4mZMcV6FFhLv8PTolG880NHKcQkfuPqrCCQyEtyxiAABCBZjIMzZmpHD4Ca7jXmyPoqn3KyJka69LIHlNGPntIx0EKEsuJZBk4KAxOSYUoSCh65G0YYA7E1E0i8EhWI6VAZ5Emd9vYR+SYX+YYQV2dtVjgn64K1X1q96FM+zMWB24IzGaqJkHjbpTmVB5Q0WcZCVK6HltwkoWWmSL1bQW/ed2ybcrKOhAqhUmZSjpG21LYrAHmsk8lSqfGRFQkxlWlNFIZeDYRQNUmB+QN6VJzjcBkAB2AMtDQyXRZBB+hcVSPPnpSvhpUJjqQNcfqe6e8k31Frqn5EmwIV2LtjaqTeSQmRYg5JeRGHeClTR5xAbiHjgICc6RyEYqucVgYEmfJRm3W1xQILKoM6u0q1kuw7AOj1Exa2cd150hInIm2bXRK42U5YNm/SLGogXC22qLNnBvTAoFFy1JKlKHRtL4EznKj6mPaoug4VYFhcsriQdllKMSzPkVHG5UC26wPBUbWvaRC47KRQLQeVmN4RWqvxkPYhrlDvmmTlNOyvgz6jqzWboqx6tLFxnIwLm8gqkGZXlVEwo6TFRt1EVcAMJCXkV2upTbyiQQ+c+WMvmFSKleQJWqbGDWBk1GTRJKBh2ixRElIkel0luZAZCaQLJMUm0bXkD47bybgHKfuX1MFsWlIfrBYcK+uMvfNYZurFvjl4WgQymImUyoSYNIH2ADYVQkfc6QMt5JkarU0NSvWvoleUOqzc/s29j4kOJjhIkirKZKp7Kx1bZhWtlgJSeuF6jdTDAKB2l0g/atTWonkXFkfaJwVDyExTGTSRli+VyuTqiH/mg4dEyIABxLa5dC77fsIvij6r0zqqPJ3+Td/T3M7IGFq+Ttp30TaBOP8W0ST+0WJfascoWkOMpjo9lGies3F7kh2pO5gQBm1w3VwjWb+OHN4Yx5wxjAnA4BxBj+lCgheWBGc61CQm0OjDoryaI073E0wN6ZZSo2UppGvaksYow2FY4Mv4s2Sa2H7OiHkCaYHJ0qOGjHqEyWnN/WNTxFAuw2CKN0T6/ZZIAHpdsBW82VTJnqBmuNybiEgm9LJNEZGaS7X2OnLJNbUSDgFUBGGYhzp7obAiAQPgKPnAVDxgTL22G65KC34x/Zt4k4iV8zI2RXXS0RQdthnAI9/JiQK4MzULCA4CllaQLKIIAJGLzAwnACBr46aDSRDVRJK92MrYU+5SJ36U8DDtMGyB1/Of5ndLgHUvmBoOcTKPLs8ACbldNWTCa5erSnLI4o/VZck4Zk0BktVZXbtiM4CMVIGJWJ0JuklAZa5hCmqvhCCCTzn3JQaNAIBzA6sViW6XRTEz+SU+INfib7qdXMorg2FUX+xUjKrLXrZu3GzaSJr0n1xeb78exJU5m2eKPrn0AJHb5sUdMhWGGt7LqWNjvsi83VdRnMrZo3bFTqcMVWjDLdS+SpXQSMVxNOiGoAnmSGumKCHQfiqNdVAuCyF1apdjOexirhU1PtQyjOQmnxPTVqiaMZKP1lx3ld64tJoemQ+D70sz7VtjXQ14WRFyYh2r1SN7BbUcepcwi1cm7nJ7op8X0zHZlsK5YReRR69oqTNSo6RFCpU7glbUnO64I5j6GGz7plFYsjVQkYimH4Y2txGLEue23V8rQ1F9WA1dGRItOSLF3pwhlBIbFYW62mhKpC4njtotkVXPDVqSnE+iVwkCUnKhn0jeswfLieXRmDB107FVOizUrMqcAnX0YpCfjHvJMrAW2dZTGqVLa6j8lWOerO6ox9U8CYCj6dK4oNscZdIOwuUJ24eQyiBYBlBwNrldLeWn0odyJZ1RyqhabbkjS66IqKosqVDCjLryZItW1wlsm5Poo+Oy7dYU4qBkpzIiQkTQh1YQ1Nbkjpq7p88gl2OIyLxd6bb6zwixSutUecaUSbtFR1ETaU0jOOLJVCuk37+SUnhpBrQ5cPliFdvVUpJdFrMivcyfEpcgwgPgRDwm/Rp1F3u4JliaHUzAD1FeiwFpL757V7pLRmQTAb1+y0eCy4OaTo03UP1NirVxJu6SM6sZbQXJgF6LFiPgKt5SLYMZFun8EEGGNAQEBl2ql5IgAxUxAoA6z0bjIZITGslFB6J3jKvpODSqjgA6jmGqUiQx1QKiHkEiVwANQK0XVT1Tm2ARCDgwBOAIIo6wI1HGlG0U6wKJlE0xUMF6z6eMP4iZMRF80DGqDThVLc4ttSKQAIkRcOkSkMi8/VTzCXVHDc9EV9H4VAJ99o+cTeOqUZLBBOpO20vC7ddcOATLphlQTCDiIC52jXN73buKfdUD1uSfCchROU4RfjBQYY2TMdBH1hDol2SqY4XR4h3PmhZyX9ehWONKmuy7i+aFVLoqLbfSMAREYtrrmgIc0TnsWQq29LPyX3LnUSzfIq0BMuCqM0bpzHSoWjMrFxcQWGukk5eZcOaYzOHKuDZp6AEYquyNZTgkOZbUIgKRSsuQygyp70SoNVuQgUwXtfC9tkcJg42EpCyM4SDJxeak4n/Jds1gBCAS+VMlZonMdwIlyEFKGV4R/JDknz5XU9RpZiUNjEoz33YcenGNvQtU9dzgGOcj2B9JwnuSnxMrgzMvKwy2uwPJcFpxN5GgBG3xMrrmjJaOwdyOO6pnPZv8adchrVOboFIzxqrZzlDb7i9rHVfSdarzF6T9UnzLoiR905LnrLOLnbUUsto0Y/XiilTdBOk6M8pU/90EgYNWk3hIySYavFCtbQDXgQCi2dCrw9K0rREVuCKBNuf1JMygMpJYx1i9YPYsJrqVZD6f8ofVSibFL5P4wTtkxM+NiwbRGhscGtoys2Dq991C6gDZNaRrlrbSJK2BCOzUiSyE7gddVnmcFNSREqJ6Z7sw0/Lu9cQ0ru0XGSe++8puneuXurRBT94c9KIq37R/TNSQRQAy4DEVcv6hB04AJS/WaEg/mHXgjn1jF2peleKUdclqJhlPocRe0rz4auksgFkcrCyykxYBIo6KXLPJ02nKYp6LyvS/1rIjAyLMB6vyhFlXYEN+9T3k5IlibsoUhBYrp+UMiYWCbX3Q1hAB3PGwqDIMNA3JnijCMjwHqn/R0gKdg1Hortp5Txy4xTPmmBCyd3ob4hWzU4ADjR7ZpKWJtSCQGn6m3nnC1ZwaAIjlgaJVhhJBSgETk1oEgMQQOZelOQcRupJmB0MBLkVVnqJctijT92JxLSJDkoGvWRFHAMSJEIgjyZVQOrIBAPCQI8SIGJMvYlkmWMEAgRAJgeRuaYYysYhEwImQGOMkQyTBVz2JpI5TkV/UEMmLSRSkksBmLkP2i+RZG8SQPIgBEYkRMCHNYmLNAwAglvDYpCtQbYlVV3K5pgjikOz5VJAHAklngSI0IERgGmcIpnCup2xIbS1lKPIGLFZhEicj0qpNMd/FUTsPQiIi+VoXgYVQEUyehL6kVc5kElx0xeTKbSS9mFPNixGY4E5hSRk7qA3gytqoMFJFZVxZKMcBalfCFK/UgyZwUtzmchxU5G+NkJRJnYFIqL/sutgBy4AIGBPgDR1ELcvapkYPlHORDtstzderfRkCkVINbcqYxRoihoBaRJTuggl0pXVkytTJlfZAonEzGaxokFSBSnkwYMjF22FlRg7EvDtHbeAQOQETa/wUMwlUgE/A5OkoSqSZMJxIQNxeGUjKN1oKZ0mC3nUDoJPoQmQSGSP7o7bjZpW0uIPCGJkMo+0ZQU+K6ZrNR2UYsmFQ4lKSY6cwjd8VTQl6MPHMLqGQ4zyN7VeHZ5jIM330y39xuTMq6Z+VCWWO51dDr76SHkCVXUGwiyS4ibppUh1MojTzuB5EsIdXJZhQEa8LJ/lgMR5VAYMsJLIxxRXgSMIFSZ2LtUUvSWV9qg1p1g/OTJGN2yhZTPe5On2prlrfpK9OcFZ/zAzUq11YJURwUjxmQDGpZQk4Z1ZZVA2uwBqdzEAr9RM6rUnHgs6I6UngjB4kFswnA7xBeeUkFiwgLSTTaFqys3rw0dEbt5jRK5DAVP9spkOrkG32ytiYW+bS1F5Q88ZHAhA7mBTMVW2nVrqkOZAxjii9ijRWrjHQ3zhwNztpdSpTsCGZi0k4ZW0/yfybJM9NemZ4GGYJT6LT1ikF1sArk0TExeZPYD5jiLtQNJOtM5uW1epGVK5ZlZDNJ8RDYRlphN05cM51WtMcLeRktjUoAAAz/1mNWvMi84xfEzelplfJszgk7PpK8dEZtE929pcq8djhDehbwNR6Uw2Ze0qUtUm3NAwtS6VG3xI2JZqZwj74d1f4TVpazhQ4LehSrpmrqnyQ6KMSJ6l8+g2CQLqHoojCPGTPt2iHasMkM2vBEGIi4Jx5ntzWqA7sQaXzSnJlU2qGDTgnLpcPGt0jO/NIBAL6MoPFmDZFCMSBc0LGzE1Fo4hF1b/S9ir9IqUCBECcx1yctiPP3DNVEREReR4angCQWkIpmMD0Kx4tF6aQiD0urpZpx5caS2XwCADCOAaMPcaimAPzPWFixMyoDOztUXdchuSR+qSlghOQjBWJcxVdW3YAlcMU4qIMm0TvcRwzZLpuIh5HUUwexwBArwdF8+JMtfQZCAB4HMcxkOf5DOVSRRLRo1pqiwCcAyAxBCY2EQLEygUkXYtlTrgKdEAFmAQg3rSluqipVrQDyPQCEam8Bo8pjjkyxpiZgsg0cCK+APHaYxm8AxDEEXHOPd+ThAERl+kX0aQ8BIuJvEscAzHPRybzvp6c5ZUSzwBEIJo86kytO0AAhijXKsslwEAos29CVqRIISAHRB7zmDFEYDEYBdVixFSGWa9ZiDlHBI95QkakTTD+kIiA89hjiMiMaDuemxQcEwRyAmQkNloLTM4BCNFDI7TIOWcMkTEkYuhsMI55TASeJzaJEDMiaa0yVcrJQQUmRm4MXLe11fYsQn4sLcgQAzRuZTBQ6F5WegyNetk0aFyb7V8Eay0VtX5Q/yBA9ubQwUlF3S5AcsNYuv/afdpId7ArUSCNFNWGH8sLZpC3i2oTN+0f3ZkeZSTtWxrpWQ43Az7KkXGgCDkTp5m9tMc5oy8iS6YXNuiSNghRf5XHtr1OtSFQlFtdUFAxE8BYQS6pyfYq6I306QCJDukKQIpp5pjuzox3akOglQ5MEJ4Ybdu0JWmn7B8Sw51FjfV8hknQ4MGQaDCN4DnJbKdtaqq0ktm6WaC7K43T3UP9cnYAHeZll1YYo5qukWasrfhZkq+fUA4YHYotcVY5YXP0iZYXBznt8qomTrrlVCQv5dMSiBSBqR65nXEFu+oyyXT95tmEpdUk73Y6TyNBkWSQu9sYBMwHgDjrFOjdSfogYabWD0qIAjvppEmimzpnl2VafDcxZzFZpSjM8Nl5DlvA7BPSdBvGJmhDYh63ymueJivPUB41jFGMHyzdNlCMhh9ZV5vzY56c1pOLONBpFNwypq9J7+uySWFoTRwAOgKmb1iTrdp9WbUqqJEySemMBVo6YzPJCY2FGXEEQD2hA0kVF1iUqwRZUhnsWgymEcR6jHm+F8UcAOM45nIrmymEiMiYx1CfQ04ARMAA0WMR55zzKKaYixldrmMNQPQ8DxDUDkVzGo0MRDz0PGbDDGVE1IQqAUckTkDEiUuRJUJGREScMwY1OS9ALyaIgSMyxoCJ7Y4AHjJUe26AE6iYIwgCTsS5nH+Tm0IBgIhzvaCXEIEQRdJH0Mss2WbMHDQjLk4gliHrM37qavOIVClXamtyxVKFCD15wo0HgJyQ4hhBxj56oJADKYBKCJ44CBqAxHFBXPg/AOJAMREyxjwGKicq6AQ0B/5yzomJUWTgeR4BxBFHIk4EgIVCTcShVImJkydjEy8WU7MoO8aJExHxqKYQeJ5XLIURB0BC+a5SxkRE4gEBMkbEKQYUoVAcc7GmWmZIAUBZHh5zYIx5MmiRK47lSmXlHVSsgcLgGG01miikAoABInp+IYCIUxRr1VRqg8DkPDYnopgA0SMCII7MByDOgQByOR8AymEMJHMdgiJOgBy48l7ACZHyOQ8QKiEHEtIhk4SiCGNi+ahYlkIkojT9Wh5Sg8aQceAIQCilVxsq4pzUCcsk00O5IAcMKiEPPC8MI2DIEFUaQEyJciJOcrE51eRzAFAKYwSulEMZdiEkiIxhzMX6A4iimNSydx5L7pJQbUJA9ALPQwaAPOY85p7HaguB6FEcxyjiaaLA80F7My4kFhhgxCnn+77PyiHnxOOY4kisiEZlQBTbAJF5ljUzy7eMjUriTw0a1dhnQjWTJrccpPhP/WaspB2tW8GCcRD6UbB8iPLMOpGX2CFjNS90XWdETXuDrLO0fKDVnusz3BBUm2aJFqVYWkzRH5Juy+VdNkEaxdoEADm9sWsj4z1Bs9ytOzGI0gtqf0uqIw6McYnN6g642MY0ZAFxt/+oyxnFyYLC6N63EYMSMIc9eozIppv0MhAAu043bECzNMBYOtEqSmPE9Q3QfUo4LtImFjT2Nr21eGhNbemUpsU6yScXsmRcpAhShKsnrXaT+CUFb406ajV1Ah07+2A/5iggOY+o4nbeIFnCxDkC7pmlKaZeM2drEUAOJ/Wv5oTIFCXqvkmcpaNW26TIWu1wIy3GKT4YLciS/FTiAAxDCbQFkq4pKfnqf6Z8sjL73mCJDFsAKMEDsKIgYTmt3QcuEjbiqo2/w0DXmaRTcqoAAwDn9Dty/wFQCqXH3hhAtIVMVWLRiFI1iCFGMbW39zGEoS11BEDAq0Q9LrNck6cHwbi81BCrvoshdICV6aBjwWWg7P7uXHr+EzN/rzaZK9xFtrMEw6lB814ORx3vKD6pkxucZ9QeoS3bevqLlTiOGbqykqglq1vVnE02XaBEIU2svkTuXWJnLXKpHiU9velpNiWY/KBcjbmtXYtwU3bVZP2bzR1l0aSrRDD8IiNgBMBjXi5Vago1hFRXU3XOPOJidSIiUMyJgHk+q4QCHUM+8BB9QLleVMTDMfE45lxNSVsGVnIqjHmlXCzU1CIicedMG4H8OSDnRDxmQB5DBuAx9DzfYwwZIAIDKEU8LJc9P2AEAJwBMmRqXSVyDowBJ86jWLCD+X5vf39tTS0Qj6KYEBnzROIAPfQ8n1mEorIiaVnnBFFszcfpISEC4EiQz+dWr1vjM3/kiOHbdmxva2uLo5jHke95Yp6YIROhzuBXTHr+0PJzxBGpsTYfRrxULgMyDxGAEXrAAPT6T0CB5zkH34NKGHV199TX1RYK+SiMGUIY8Q3bN3te0NjYzAAQORCqnI8+GYf7DIiotr5mZ3tHuVgaNnS4UIiYUxgRBwKOnjD+nPwcA48BQBjzwGMe8wbvYCWiOFaQxgJTgvNy1bQC8WJ6TmxCBAGfOdTkPSGiQFAul7d1d7e2tDDfjyLOUDgLOUqibj/wxC7cMORBwABYGHHG5Hbzzq7uru7u0aPGxFzMoBtPY1lbcZwx7+7p4zxuaGyOOfcYU4BKypBYeeMzRB9BH3YlBQgAAJnZDyzrJoj1FlttcEjN0nNijLq6u4lzv1CDuaCQ96OYx5w8JpiCcu6UIkDmMT/wvU2fbKuvq21obJA95CKlQ4DIECIOCBT4PgBUwphzXlsTDD5kpTCOw4gACvlc4GMY8XXrN8VhPHrsyEI+BwBExBD7i+XA93KBL+a2xWL4mPPAx57u3mKx2NzS7OdyOc/zst6mJq5iyOOYRO6HEgsBxVE+KQcu2GYFolUiJgQEy02n3AklrGviYf1vIjHrOBRLc5GUV3Utt061uL0yNLiuwaXBKWg1Zy8JI8p42sWp6Xod+EW2pbN5bZUB/Zmspq3uA+qhI0fCBwtore4lyAdUSil5J+GdM3OVXa0FDLMazeZ3UowcpjowziS9VMnsLd1WnSoEHYzcrMvGCTKSxJRApuuz6lVrqlQk4giR6VTVmrSEyJG0pGPXVLhdSyM3/SMp56C76iCewUXdblXFAM7+d/t3m4DsmtAummCO9XRCGPRd5wO5g2FXokUUMWmkqqbY7LbIhqqDXeRqpYbm6oPBqokeuWBVU5voFIKtx9o77vaabVdV0UzUWFpmsK3MqVnWTwuM+ObwIy2gyLnYWJSB5+1UgpMysHQmKVWU/GAMuvOgHCuz6Qc8D/v6yo89tzzw8cunHsCQCFEt8ktwSMasJjHhZqNAjJ0a1jTfrWSc6pcVXWZf6RBOPq/2f4JlDtwwPpU1ySLIebyKLCdsE9mlXfOTIjWhbaZTlUqlXC6JlxwwSwu0X7FggYoJdUZQ1Y2mczpu1BYv3WdR3JGhFGlJclM/Gl7w9MBg2ho7Spk5k0y2t0dDmlIoVPjHqU+CNAJLmEhJuAoQOQGyIGAvv/7+qy+//POf/hDiePvOnp07dvi+XLgXhlGQC/L5fF1dbWtri5gHIeIesmK5fNc9D/d2dn3ne2dXKmFPf1+5UoaYR3EEJNYTYr5QaGhoFHCKAYoFpwCcOBDzPITFi5c88sBD515wftuQljjmDBEYkwMt+c8ZQF19ACLeq8RhpdTR0RuVK/2l/p7unt7entfeWLB105b58+Z95rTPBDmfOAICJ/AZvv7224s/XPztb3+LMRbkDKS++sprz/z8Gfvvv4/vy7iFc/IQkKBcKoWVihgNxhgQMI/FxAGBuJgzBCLymFdXX0+AnMupQc12hJg4D8O4trbwf/93XWPDkF9c9pMrrvzNEYfP/dKZp1UqGMcxAyFstHLVuv7+PibS1bIORARERpyAYVNT8/ARQxnTCwEQAIiT50EURo888dLMvfecOG5Mf7HIyEusxdWyhgilSoToPfPc0088/sz3vv3tvffes1QqNTbUb9m66bJLr5wyZdr3//c8QB6Hked5wJDpbcHACzW+4H93d9dNN97U19v//fPPa21p6u8fqG9srq/3KxWoVCqAgIz5nvfSS6+9/8H7p5x88uTJE3r7+levWdfb0x34nlzRSsh5LOA45zS0bfjYcePEIl4U+0zVeXTJNQ7WRwbiREIiosD3NmzYtHrNmrlz5wU+LFq58vo//flbX//63LmHhpUYPEfhiHjg+11dXW+88fp+++w/Zuyo7e0db7391nFHH0ucAAkRn3zqmRdfevmmv95QHigheuRMkJOcNiZiHhKPHnrk8cUfLP71764hHkY89vQ2DYY+QwBiDIigUg4553JSgrh4KZEwcZxiIBDzy/kgV6itBYCYOOfEudJbsRQaCIG6+/p/8+tf7b3nzONPOv6Pt9x20AEHnvCpE8SeVaFfQOR5GAQF0ekVH398ww03zplz2Kknf5oh84PA8xgDjGLOOecUe8zr6Oi65aa/zZg549RTTwaAJUtXbN++rVwu+Z7n+16QyxFRVAmZ5/l+4HnexIkT6xsaAt/ftn3blk8273/Avk88/vi2Ldt+9JMfvvnBB3EYzzrkoEoYXvub6w6fd/gxx8wTySRhA+Moqsnnn37mmXffee/88747cdLErq7uzZs/KQ70MybPNWKeRwSMsda2tpbWNub52sTbflItXyF9uxpWTq7arFLI1KCAlEEKynFog2z5NdKPg72RIAmO1ZJryzs4xWVhAiK0tmjak6+CxATNANbOMDe0s5fQVFmzNxjIJtV3N6KhNHBPUJQJu7JZb9LyCkmKLtibG3Xz2v+RFQBIy+hMk1lzemZbmtBg1UHLMBhIXaVfIrBJTYaki9kTVlmddW2asCgWIJFUDpbc17hGogA7pZFuLvOrC7m0EBIBJmQNbLjlPOXcVujQpSIpuCCzwuJHadf08mNXqjFVTeIiI4Spg8AM2k4HGEa+LHzoWgcL+maC7IyElqoRqgiGhn/6q0WYXt5iE5F83G598CvVfuYDWsEpddNuzjJVCcistNVtU3NAc9kiPGusk2S55tF+zTIYOUvSpkhBMCGoM+PhNpFkiBs2I8mzLcwdqxITyCn5QlPEpdFmirUxMjkeGfZCdjqKow0b2nOBT/p0EkcQqizDdsTbPKV9hdO4GqzM2kidDymgbYZY6vgr0SM9/0kOH5waMqnXSzUGX9k/aIGkcuohkQE+DaJEBFFIETdfVSQG0jlVaUc4CDTAVScwzH5IbWZtidKTI2lt0vhd1G9+NHZTQqJdJt7SXEn1W9KIhhDlbVXGjizAYv5Yz2su6RDVOiXHWmMTA+d+kBvoH7jvnnuWLP7w0ksuKpfLjz725A03XD986NA4jGvr6gGwpqGmNFA6fP7cH1zw/ZhzBIw5z+X8T7Zuu+KKK44/5uic7/X19Dzx5DP/efD++pra/v5+JMj5AbB46IhhX//6t/fbZ88wjJkv5i+BCIhzZIwIPv5o2QP33HXWd87C1qY4joExlCeqygFFIIZ8wbuLPlq2vKu7u3Nne7lSWr92Qz4fdHR09Pb1+h7LF3I5LHR3t6N8JUxMMaHHkHn33H3XQHffWWd93fe8ZctXLF+2ZMqUyVu2bvvHP/5OWAlybPOmzYWamlmzDsnlcoi4atXa2267Zcf27YyxOIo83+dEtbV1wDDmvFIuMwLGWLlSyQXBeeedP32v6UjARLTNJGcJxOJHIKIP31lQW9/C4zjH8Je/uLyprvbEE48DROLcYxhG8fU33LDwgw/ramo4USxWCANH4gjM9/ze/v7WoW3/93+/mTJpUhyGDBlDJIIYiCHnBDffemsYlf78xz9NnjC2vxT6QJ446QgBUCTyABljQPkceJ73+uuvffTRsmEjhjHPC3I5Ati5fevzzzw1ZvSYlsYazfhKRGHExXbRQj5YvGT5U888Wy4NbNq48YXnn21uaY4q5TiKiqVSc1PzhEmTjjj66MkTx0WVMnDmeX5M0T/uuP2Jxx79wx/+sOmTAK9AUL8t11x7LRCUy2WGEATBQLE/jiIE5nleX1/vCcd/6peXX54vBJVIrDSWEMiYLAnplPWwZB6RI3Hf8zds2njppZeedsbpP7zggp3btz7/9ONHzp8/b84hURQyqa1St4AI8z7F0b//+e+H6x+68W83Xv2rX73+xusnHX9CqVRizOMULVmy6M1XX+c8CqOQIVd7/4UCxoDgeUiAnscA/NJA/+233vq1b35l5ow9ymEsZAHVWjVE5HH00COPvf76mwwxjiMgqoQVBKitqa1EUcyJIXjIiEGlXBk5fOQZZ35+6pSJjOmzmQw3REhWBHjy8Uf6untPOe0za1Yuf+X5ZxHwhE8dz+VsLSeiSok///KLmzZu7Ny586mnnly7ft2O7ZuXLlkchaHn+YHnzZk3//Aj5gIhjzkDIB6/+MJzt9x8Q0931377HXTxJRevX786jiEMwyiqMIaB75WL5XxNHec0YfyE/7vu93u1tORy/tIlS2695cbLfvmLTz5Zt2Tpso0b199889/2mr7XwbMO6urYed99d40ZNeaoo+aA2oLNkDGkKIpWLF/y5huvf+lLZ06kcS+88NzNf7u9VCz5gUdEwkQwxsoDxYlTpl38s4v3nD6tWA4ZU6untRWWcz3GgWvMaYFPCwtYi0EBxHlDXJv3JHZ0kuiJ4C8VXtmX7W5ARQl2nWhmcbIWGVl4BKXhhnQlSTIGjXrQEaXsdU+JyS4VBLokWWwFkMeipmGAjeeU81fO0kXZaC0GdRGFMxz2bQQz+WDIU3wg0wTZAy9b0b5RfU1ATIcJg7HUCIT4V8E4g+DtutxVnQoPJiaLxN5qB+tKVJNY3JhiuCRUnCig2K75bnXX6ZHhMJGkmLuRlT4qEHSpalxh6vAvDVfTZdD9kBJaouQbzYy4Ka6xpMrbjzuQVsUhAAnW2U5EDZej7lpZgFRiS016mRDFNGELqTWCnEwzDg0i6HP0QKI6Qxk6j/BEPTbaTK3szWBL9ZwIotEHXd5MO6HOZ2XZDR3g2NY21Xr6LfTZBd1eWJNBLnmoYnkjA2re34iV2nblGF+7jgw6TWzsio3hXUKWAMBSF+2js2UJWRYHKPnVTUwAspocy+c8dJTFEGCSMK6smZrQKpnmg71f1xgi9fwuRmwXV9WlfZn5pGrhU3KGs4oYVSO1Sp3VpFGqg+CeMKdoGao0+zMpGSxwNoo4CHcTziVx3/WR6pNtiqTapuVV/QzOYDt0KXOhflYDw8iYSSly0j0l3fpgflMaVeIxeQW2as2al1549icX/xgRG+rrpk6acNRRR7Q0N4flqKW1uaG+/j//uf/lF1854ZijAYDHHBl6nheFlWeffx4BL7roQs55Y0PDkObGvMfq6gr19bVAGHhszZqPFyx448AD5xy4/96VSoTgCdI5EQEwDoRULFVahzXV1dUJ3MxBnEiLxMUpO5wxDCulP/7huo8WL5q6xx7lgXJNXU2lGE2cPG7UqJHNzc1Dhw496OADh7QNrSnkfc8T7p9zHgT+1u07Pnzng6t/fXXgBXEcv/ryq4889NCwEcM2b9ncOrTlnXfe7e7s3LZ1x8x9Zx5wwAE1hTwAAPBSsb9cGgiCHBEhJy8I3n7ztc7urlmHzCkU8lHMc/mAx3GF8ygOBeIHhDiM4jgGBE/sZmSM+T4ijho9thxWSuXSpZf+tKa+9tEnnp46ZdrUaRPLlQrnnDF24EH7TRw/tqmhMSaK4pgTRVHoIcacD2luWbPm4xtvumXTxs1TJk0CILG6mJAhgzimfOB946tf+eGPLvrO98676S9/mTxpTKlc8Zm17wAETxEAdu7YuXr1mldffXPKlMkDAwNLlixrbRsyasTwZctWYMD8ArzzzrvlUoUFfiGXHzdhQlNjQxTGngc8jh5++KFbbr5xwtgJo0aP2XfffXt7ezZuWNdQ3+AXci++8My2u9ubWlv22mNSpdjvebkwjI4+8ojr/vCHP1533YqPPurq7tq+deO3vvmdpsYGQOzr73vsiUfHjR172CGzY86L/X3jJkxED8R8oNoOhvoN2LZZNcBMuAlhiTiFcbzPzJlz58299tdX77X3PkObm0cMGzaktRUR84Ef+EyEZAByq2Ucx0Pa2r70pS9fctlPfvrTS5967LHz/+cHnsdq62oRACA/pLWlUMj7nt/a1AAAHKCvPyQABpgv5BlCuVICTnHMPc+fPXf2jP1mvPDciwftP9PzCOX0NSDI6U0iGBgY6O3pBoRKuQxIURzX5AsL3n5z8+ZPTj7ltEK+BgB8D8nzI87DKIw5RVHkeR4n4JyLxUAIyDkPidfX1e6558z2zg4vl/vxxT999pmnXnrxmQMOOnD4sDbOIeaECB1dPZf+/Gd5hjNn7leorZs6dY+6urrtW7dwgp6+3ldfeH7r1vZDDj04CAIiCiPe2Nx0/V/+/Mf/++0LLzyfr6lbtvjD+UccfuBBh4g3tW5Yv2bLJ5/sMX3PuvqG0sDAsGHDRo4cIYLdPffaY9z4catWrezo7OrvH1i8bNHoMSP32W/ffD4XRtGYcaMnTRoj5tKZckeFmgJDGNrWNmzY8Na2Vsa87du29fd0fOaUU0eOGlkOwyiMw0qlrr528eJF7yx4b+fO7T6bpvJoIo2G2haCTqolXVjSArpez4R1oD45ni4RPkHCjNufrY19brBZxfslM4WC8DSadsuYD1oPVBT2/wgTBnvMdawpwDCIfzUlXI9kh1VVoHDye/VW9OhoaFt18apVddJ7ZxXLqkUvLa3q0BPlE0QaGqrgHlO/s7g5gwx7TkeTXB1OJWuxZDnrARWbYTWGKTSCSv7ADasyGGjV5BrwJIHOrJd8wmA5F5arPgjvoPUYwEqyqzgk3dFEuGV9FGGNmZDYvSsbLQ4Cwqr8lBFfJAjUJQcbcevJ6hJvSEg1lirucNktVS1qUCvCAMBaNVBFcWx2VKvQFM18DJyYL11ahw+Y2YKOOQc3I5pE2aDNGLMZ2nRE5Umk0iZmC1E1bPsDQx2BOp8/FjAzM4DNpszupNPf9Cp5VDO9mGXfzLDrdUG71AtVwDeeOdF8NvH6rT0AagHI4G2ZzlhJRA30EjJuvDSJlwRiNi3IgsAv1CDKXWN6HaAYbFJLmNKGTnPKIs5tw8IqxiJaYuMAA+ubEimbJ+qAFy1QCM4zjq9BU6F2TpjI4Zl1ZbpRFO8qR/lqPuIxFxsaPcZAbmxz8ueJVJblZfSWPgDEmKPn++VK5cFHHo3i6MwzzixXwh072+fPnzN//hz9+PIVK5555plLf/bzr33ja1EUcc6BU1AorNu8+c5//P3zZ35u8qQJn2zbNtDX/6mTTpwzezYLWCFfAEDGvHfeeeuXl/6CMZ+Dx9HjxDzRX3F+DgMi6u7uiWJgOZ+ryIMjEDgDVylHm9euGTl8xOVXXRn4QT6fzweF4cNaocpVCUMg8Bj7/e/+b8iQIfPmzSUABt5nTj35oENmrVy1knj45KNPt7W1zJ47d+rUac3Njbl8jgNQzKdMnnjNr68tlUseMs/3GQM/yF195VUL3n3v55f9bMyo0WGlgozFMSeimtq6OI4qlejhhx/6+KOPg0Cu7w0CPyaAOBo2YujWrdv6+/v/7//+0NjQNHHChBdfeuEfd975/fPPaWtrqZQrhZrc8cceWyoWfc8T8bbHGCeKATiPWxrrFy8Z9eSTz6D9wlAAJjfCMeLRZ0/99Kjhw77wpS/+9vfX/e7XV9QU8nHM/cAjQCLOOY9jHgR+JYz+dMOfH3zggTAMkYc/+9nP1q/bcOnPf9o8f/79Dz5IPF78/gfvL3h/oDjQ3tlRm6+59NJLTzrp+DgOgyDX319qb9++1/Tp55x//oEHHvzMM08+8+STX/jyl4877oTA9+69797r/3gDj2IEYF7AmM98HwCOOvzwPfecXsgVHn/yyTGjxh53wvH7zpwBAG+//fbrr766/777f+c7Z4dRnAsCAOgvRREHYMwyfhpWytStTgtq5MTlplY/CqN8Pvc///O/nNiaNSub99mHAHxPKqfneYgmE0cgjpiCT5/8qX/cecdvrv31BRdeeP7539uyddvDjzza1NQUx9GiRUu2t29/9vnnujp7PN+fOHHy1KlTiYBT/ObbH7z++isIUCqV0fMYeMVisbm59bXXXy3UF8JSuVIOvcDzfX/K5MnHHntMPmCe533xC58/47OnlysVIhLn1nqef+1vrnn15deuu+465nnEY/naHCDGGCe+afOWp595qru7lwHjxD2PEfE4jimOPQ82rN/U3tlxxRVXFPKFgAVLP15557//9d1vf6e+robII+LlsFLsH/j817/+3e+ds62z466/315bUzjhhJNGjR5NiJdeegljHnHI5XJRFBGh7/t77Tn9F1devfmTTfmGupa2YZ8+6ZQzPv+5nu7eLZs3v/7ma/19pTnz5h922GH5IOf7LAyjKI66uwcWvL2gu3vgyaeeffetd/t6ep56/Onurt4xo8fv7Oh88aVX2nfsfO2NVzdv+SSOY+A4bOTw+fPmr161uqNjx7JlK7Zu3fT4o48eduihlWJl2tSpp51x6rQp0/RIhTx84fnnOrt6fD8HlifSqXnLKFtYB8nyoRlISk6lk8lmJuo1ZW2Qp2csq+/FNPcURk+tCnQIF48gIsnXQIEB3q73NUKPyXpSyM4OUjGrsO0uEng+xQFdcdUNtJnRDUA10EmGGD2LYdemYauFgKxEgA45qq2gk/NRTiJBgU7JG3vzn02e+80hVzfhdBAyLmf2WOSiFDYwAmn3Og2gnZjBmk0FS3JscI/JUXZJMVAXEJy12XopmumtmruxZv3AGg6DlNT56KYLSDa4SjAoAYX1RqpEMdCG3lmlgI4uU1qKFYGoowyQkItcMG2sgyLHICaH7aCiBk2tTYpbOBXQqCjWedyZgFSb68x0p0aFVj2W/UmYFssIkg22HaVIppA0w9WzTlv2WKPNfmUErAkTApDo1X19iKzGVU3LIlv65xJmz7dY8Zv1x/2oR9gKBBRy1Ic1WMlJMgObaZIl/SoETVoBbcmcOrQgyXbMUEkqzApeoTFJG5ptVJ3YEQAqESHnGZmnLIsN4IZxVtTl9EQRU23NrQksXL+TLq2ULIMSP1Uso6/W/GLySstJ1rgB2NYkow5yP6i6HP3S/QDG4KB9xpQjns8FMVfHEDu+U517b2TUHkmhK6lXM2WsXk4VsX9KCJ3Vumwk5QAT6EDohzKIrtki0jAoeSmnga4kijmcIPA9hgQQVkIAsFerOgkxR3ctE6E0B5Hl8/5b77z7wN33/PSnl+Rrgj/c8Oc1K9f93++ujqOwUFMLAI8//sRVV11z+FGH/+RnP+Y87unr95AVCnlO9OiTTyHDiy74n607dvziiqtGjxj9859dDAwCz4vDShzzXKHQ1NQc5ALRNCdG1n4RAkIiTryjfWd7R8faNWv33XsGcSImTDIKPMbFew4ZNtQ3EnDP9zzfC6OwVCn1rO7knAOJN6kAETFEHvORI4Y3NDf7DD9cuPCZZ5/+3W9/u2HTxvvufQARhg0bViwWa+sKnHhXR2e+Jujo7Fyx8qNt27bNnzd/5syZAMA51RTyai4U4jj2PC/I5SqlclNDY31dbdljYmIemCfOCg4Cb+269a+/9lpdfa3n+XHE/YDxiAPxfE1NV1dnX//Am2+8nSsE9fX1AQZr1q7e3t7e1tYShpVczl+yaMkd//znli3bYs7DSjnmMedxFFYg4vXNDZ98srV9Z5fn+XEcC2IQkTFpBmJi3T29hx0269Kf/uSXV/76hGOPOe2UE8uVkHNp8znnURzlAj8G/vRzT+81Y/rZZ3+7t7f3o5Wr33zjrXKx+Nobbyxfsux73/3e3Dmz161fH8XxggXvvvTSizvbdwBAPp9HAE4xcd7S2jJp6qSxo0cMHTqkp7d3+84dxUop8GuHDm2rrcvHFHGAcrnCwevq6Qg81traPHLYcDHa/cX+Dz54/8233nrpxRcqpeLGjZufePKp9Rs27mzvqKtvOOtb39x33337B8qM5YTCoIHbSYxi58U5B8ZYqVJ57vmXnn3uqdbm5rr6uo3r17/z5ps7Ozrv+Pe/n3/pZR7HNYU8IDY21OVz+VFjx55yyik5zyuXK488/vjS5cvHjBnfUN/EOV+8eNn3z/3enDnzSmH08cqV5Ur5p5dcyjn7ZPuWI+cfcestN3MeAfHVq1c//tgTDfUNPI5LlXLMsaa2tjaf54w/+MB/iKilsYl5rKe3/5hjjj7uuGMF5b7n+Z5XUyhoBeVxXCjk4yguFHJEHCAnWC2EkCF4Hvvgww/XrV1bky/EFPuM+Z7PiSNhGJU3b93Cebx5w5aIorjCc0Httm07iuVKfV2N5zEAVldf29zYOGvWoS3NTS3NTeMnTli+dFmFR+jj0OaWpuamzq4+P58jgkoYA0Bvb29jc/OokcNHjRy+bsvWYnlg65Yt//rXv++6867tO7aUw9LO7d0LFy857LBDNm7afPzxx555xhm1dbXdvT0L318Yh1HHzp7u7u7a+tyi9xdt3dp+2GGz+weKL77wYnt758cfr/rggw8/eP994Hjq6afNmzP37bffvu3W24oDA30DfXf8484dOzrDSnHlulVXXnkVDyEIgklTJ27dsm3Lli0b1q/zvFrfC4w5U6hay4NewYoWSrYwpm1ZLSyC1sH0VVyXasI6CsjZwZOBr/VnTLwnJHkZyKQCRcvduC6/KmHOM1Xo2OWV7fklMNmtGqqQlnKPGoXvDlWUjWm0o7c/WA9hAqRZ5gLdO7t5ZeTrd6ML6qwlFzSS+U+jgSQEceBgsmkZPmWy5b+8BntAYZZdTnTomRP12P/nS4+X1uEEBjW4zmKeU2ZXA5yeORRjUiWWrE7oYJfFlmq/JyPKpNbjoAQ5uLkqCVnNZV1Js0GOzDq1/XeSJuXcSQc5HzOry5YnG9NqJ+CEAcLsaOIFgq6WOdsVzYMXsrMYYDHNIcka2TQJ6uC8xHoHLQoibGAM24Y0egwAGYpjwkAyIBXmJ5euD94JbWrIjRu0fumt4Iqmqpys5ux8oFQ0nQiRZJAjPbJVSSpxoKxnmmhwJUYxX99LZOhIJS3kWjXQuV8GCIRAB+47NuYEiLE+X1Rm63T7TmRmumWBEwK5Qs9BLAkGIqhSCjao/qhbCqIkgLB6Vgo8kDrT3FmYj1oYKcNgiN64W98NGCHpwDgCERFjkAuCYqm8ffu2Ia2t9fX1UczFkSMmy57eH2yjMQJAAuJElAv87Ts7//T7P1EUf+rEE+9/8IHfXHP1t75+VhAEQRCs37D+yaeeuukvf9u5o72lqWn1mjWTJ01qbmwsFkvM8996e8Gf//SnObMO6evv/fMtt9xyy23//Ps/kaiutjaXk+9gQIQgyKNPhCRO+FRjQASgIk3asHbtzq0733tzwf77zJRH55B8rShxABJTvISe99GKlb+49BdhGBFFlUrF9wIRjwlx4pxyflAplT9z8qe/cdY3BwbKv/71NQceeMCkieOvuebqpUs/mjlj5pZPPvlo+YrO7u6RY8bGDHv7i889/VwpLL34ysu/u/raffaeEfEYiDjHzq6uOIqHDGmNY84Yi3mMHsZRNFAslUsl9BgAQ+b5jCFAEPhnffPrJxx7DDHI+b7HPN/3GbKYKMh5f/3Lje8seOfyX/68pa21XBrgIRGDUcOHRXGcz+d9Pzjw4IP7i8Wd7e2AGFbCvv6BMCz7jMUhb2ltWbh04bNPPV1bKHiel8vlYs4ZYwAozphhDJnvxXHssdyWTev+dec/5x8+p6WxvhJGvucJkSMSLxrF+qamM878/AknnCCkYsO6dQsWLFi/adPRRx79/e+f39zcJO6fcPynKuWwUFsAgHcWvPPOu+/39PWuW7e+c+fOm/7y1wMOOrC3ozuO4v/cf/8H734wtK1t3bq127Zsfe7pZ7du2TZt6rTjjjvuww8XPvbow/PmzT3yyCOHtg0p5PPjJk1sHTLk9ttvX7169a+uuKKxpWnb9naPeY899ugjDz18wnHHHnTAfjHnvlIZ+RpMuYfbVQyQa86JAyfy0SuXKsuWf7Tg3fcRiVfipubGzo6dvf2977377kd1H9XV1/qeF4Vhf1//+vVrjzj88JNP+jR43gcLF1555eXz5s1rqmt48sknrrj8sp3tOwt19b/85S8iTnfedfc7b7597jnnB/ng3nvuX7poCQDwOGLMO/6YI/aYOrUSVeJyiEgQ+DnfB7E4hgPn8dZPtu85Y+rAQHn0mFH5wOOcM0+8YJR2tncAUNuQIRyQOI/COCYuMgtimQPnxJAhAgccNWrERT+4sKOzw/c9IGKInucToOd7xKPf/e53m9ZuuP6PfyQP+np7y+VyXU1tS3MDADz93Atr16wOvKC3b+CpZ55auXZ14LGPlq3cuGnrQw89whgLEN945U3Ggt/85rp84J/22dObm5pvuvGvhdrCnMMOnTFzBuOsplDX0NT8wovPL16y8Jzzzp+xz96dO7uBwcBA30MPPzJl4ngAYow1NzVddvnP27t23vTnm5YuXVJbW9fa3LbnjL3P+OLnxo4eUZPPDRs69FvfOivne+eee96c2bPPP/e85qaGAw88oK625q2331y5YuWpp3923ry5r7z2cvGFSn19c0NDw7ZtOx586NEA2R7T9zxszvwJEyaNGDk0imNlSwEAmOWpEFygLA8ATphAZYBNvAc2bAH7u3K1TiQovB5wMgl8e3doBsLQXlm7DhOA2H5d1mhBBunqlF809WlCHedrOWhIpkW1d3CgSdqZSdcOEsRZnJExj9NDE+nZYEBDPQSgZL7fpRj1cSsKJjigQnlAt7PWBIXNGKcXtivXHFU4R7JZ2xL3yQSBab+cUVjPuFZ7UH42Yqe+k0WmC4/UOEqqs6JNI/xV3ugD1XCaTOAlEJks70ArQ4n8zarNTeVn5fUTaJR0OXK5Z6FDAxhJwh8bjyWrRFB6r8GWo6+GGxZ9CaoUDlXfJN4jckfENJi6MP3WnDTSdBMKKoKm5I/OTHWGWqFrZuTGcPOdrMeSW9ntNSGGFgfy2h/V2LtaYm5iYmCMPTGzl2Tm/zXxZCFqA6lTHSQT+zgEZA2B6ihRwtjKP0Q64tC3ZOtKFA0TpQSIj2qY0urlMjO1Od9IOoCOGO2eG/eDkHAS0jAQAADjHAqF4ISjpvsMxNGNVjqr6tk71Q/lATUFPZi5E1GCoVP9J48hIpcj8nHLJ1re1h98etM8X+XXZDsJpRokwUPuaCR/lB5XSgYiyplzyX8C8hjE6sQnwQHL8auxzSZAowgnhypYbNWg9tdWcWSO1BMkD/q3nCtahoPMr9YvBgWk2kkS7fyIAAjidZQQ+MFHKz76299uXrFixZQpk770pS8dcuihUcwlEiAgRNJnZCVJ1y1zJA4AHsPXXnvz33ffcfCsw6646oqH/vPguJFjLv3Fz9at3/DwI4+8/tprG9dvPObYY4cOG/r2m2+9/sbrp5/+2SPmzZswcUJvX/+jjz62Yc36ES1t5513/osvvfjNr37zi188va+nd+OmTeVSmYA8z8/n88uWLi2XKvkgxwA8JIbE5J5YTpx8j7V3dS5evIjzeMvWLQBiXSJyLo+0EFLOGKOYl8ql4cOHT58+o6N9R8yjsBQyD2POGbI4jn3PI8Ka2hoPWW1DHUNcs2btG2++OXPPGVdeedWbb7/9k5/+/IzPnZHLB3+/7fYN6zac9Z3vrlqzurujc9ZBBy5dunjR4iVNTU2IGEdxHEe5XO7ee+/bsX3nD3/4g0JNLSJ4PguCYMjQtpp8vrZGTmGFnEflEIB4HA8bNnTc2NFmIK0hPOKII955a8Ho0cOnTTMLC4kojuPegYG1a9eVisWpkyZNn74HAHnImlua87lCf6nc19/b3FAXU/mpxx5fvWZlTV1NW1tba0urMB4cSLxzNef7BPD0s880NTW98earr7/++sknnRhzjiBBrLCoHvPLxWJ3T5emIYrDRx57ZL/9Dj7plJObm5vK5bC9vWPo0NaBgb5iaSCqlAHgo5UfL/rgw77+/s2fbGaIb7+x4N233tt73xmHH3341q3bN63dCDzu6OioxPGKZUu3bt4ycsSImprciBHDSpXS1VdfvWzJ0kt//jMECDy/ppD3PXborFmzZx+2aMmSYUNap06dsnHD+iULF4m3szAGHkoVF2+NEcvb0Tn/QmZ75GptZGHM8zX5L5x52vHHHVksl/t7e1uamxctXHjDn/7wkx/+5OBDZkU88n0fOG3YuPn6668b0tIa+AER5fK573777O+c/Z3nn3vx9r/fGsUxIW8Z0nbEkUdEHDq7+9q3bvva17/CGPR099x6023itZ1EfGjbkFEjR2zv6PzbzX879OBDjpk3xzYFy5d//NtfX/vHP10/c++9CCCKYw8kWC+WStf98fpRI0Z+//xzkChWj3ieJ97vqq9yJY5jDkB77jlVJLXiGKIoQo8RQRzHtYXg0EMOufvjtYXaQmND3bAhrRodEtHbC95+5YUXC4XaUqXy7oL33nj1reaWxlGjRo0eO3rHtu2cgOI4DGNg9NzTz44fO+5zZ34unw9q62vvv//+O269/S83/WXa9Jn5Qr5QVxOF4b777/OpE0+MOLAYx04YHUY0ZeKkmtpaMSBBkFuxfMXzLz67avWqKAo9yh18yKHDRgx54/VX79+0ZeXqNTWFmn323SeqlAhx7tz5e0yfVipX9tpz+qyDDxw6rPWO9juOPu7I6VOnvff+Oznf//bZZx+w/z4A8M1vnD118sQf/+wSnzECiOKoHEYCRKB6B6+12R4x23wahdP/6qMFBp8xquralXvK8Jha8S0L4CaGLVhuA/GsxtDIvMI8bugMpi67RVLowYXvVrXKTzm3MqiwFpIauu3AgiS6S1GT/GLXmb6lD61xEDMqSGlRQokaCMDNPChopbtob9Ih/V+SCo3ys4i0F/g55bO+GrABCmwgGIocSMAga37ROe1Fi2017Jbmpz7LyUwOG1mUPyWrswTFbSsRwzj3ZXFRnVNG4X3zPZtUU0kiZki3k3krBWurMsolM6n56OZW0JFeSvLLpEhSPUIwK/YN65zm7EhF02/JvF3WXtqqCoDdurIPCn2iK9yZKFMZEzsaSsJgmzZjMRQ9CbOSwS6tahZ1Ng2Q+MkSALO6XmNo00JaSrJXCrgdRx2CujftFjNFVLr15CCkmk7cV7OahiizP9SiNvO4Umu2kAAROCffY5PHt4I8S0K8RcLNj/z3lxxdKzLKKqL/GptWza5nO0Qx/6ksHqltVBKpGEKsD2qXYobls07oUnfSCTbjsxxNStSTnpRVZWSAiMh4TEDyqAntfG2PjFaqyaqGkh+SvxuDom2umz7XHXH9CmnrYuatdZfMg6CZmZDmJCXG4iefdx8jiuOokM9v3fzJlZdf/q+77xI/LFq85Prr/zJz5vRKGHvIYmUxtAmT1kIMutUVYoAEnKipqfG0z39h0vgx//z7PwpB7SWXX7Zl646fXXLp0iWLTvrMpy/43x8cOnsWcVj04cJ/3/fva6+5+t23j/39H34PRAfsv/8VV1y+fv2622+7ZdbBh15y8UU8DBctWXrZzy+rKdSiB0BUU1Pb2b69o7NbdI+hObZSwQi+cNmSrVt2HDZnzrqN60C+4gIkLrOGhAMVBwZmzTrkl5ddksUih8cRJyKqaag765tnbVi/YdGSRbMPPWzOvLmc+IrlH7/w7LMtzUOiKHr/nXc3b9x48IEHIfNP/vSnZ8+ZLRjFYw4ACxYs2LRh4wUXfF+Ic+AHmzauv/HGvzY0NBKnfD7fP9A/e/bcaVOnAAEi9Rcr995z38rVK8vFYj6XC/I5zqlcCU88/oTm5uZSpbhq9drJkydX5PY/RkA1hZrnX3jx3rvua2lpzBfyvb19/aX+bVu2VSol388h+pWwEgRs29YdAP6f//yXMOa/+c1v5xw6JIo4Y+J9tIzzSuDnl634+K333vnOuecsXbjo7n/dc+ghh7a2NJbKFd9jSOJNkNzzfQ9xyaLFSxcvjaJw7Yb1Kz5addRRx51z7rkLFy782y23nXnG6UOHtvq+H0aVsFLxvAAAjjnm6C987sx777t73frVp5x62n4H7L9x/caNm9Z2dbYfuN/+3zn7O+Mnjbvlb3/btHnjGWeecfyxx40YNTIsV/bac/p11/3+5ptu3vrJFs4pjqmvt3/r1i29vT0b12/4wx/+tGTZUh9x0uTJS5YvK1XKQpmYPGpRTl2JHa/C3IJ8UyaQpfLi2M2YE3re+HHjJk8crxVp5aqVNbU1Rxx1ZGvbEPEuSgAYPWbUffePDCsh8zCOogP23feAffcFgA2bNvA46unpJWDFYl+pHFXCck9vd1+pv7unr6bgA8OQQoaMIzIGxXIl4tDd2XXnP+986/W35s+f19fb63u+eHHIv++684Xnn4siXiyX45gK+YBAvCwHwzB66YUX99lnHwAQ5xIzZJ988snNt9yWy+cYYi7wy5Vwxox99tlnBkUcEVav3nDXXf/asnVLzvNr6+oqYRhVwlKlctKnPtXc3Npf7G/v7MwXcuVi2fPQ93w/CBjDr335S9/6+tf+euNfW5obzzn3XM55sVJ8+603uzu7Tzzx+Nlz5nT3dF/xi8sbhrR+5YtfGjF0xKjRIwjwxxf9YO6cOdf/8Y+VShjxqFKuiNN3163dcN+99/T09Xd2drQ0NtXW1q5bu+7ggw8SHn3zJ5/86qqrmxobv/Slr44aOXr6jL0/e/pnN3+y4Zabbl320YrO7v6+np6+nt7+gR4/yLe0DuGcx1FUqZSBaiuVeNPWLR9+8MG40WN6e3q6u3seeODe9evW7NjR/vGKj7Z98kn9n26oqa/r7eudO2fezJkzOSIRZ+gJEWAAxIDEy5nNAaEAtg93ba3+6LgsANvoVzculmNIeE/9mSxbrnyMyhonXS3YaUtIt6/RpdUDK9OR1bfBLoPwsu7a7MpacZqMMUBhJWePoaoye8ZosKy8NWjpy50ese4CQGorjs2vNBjIAs5VMJUFb9B9BA2iskvK6W2LFU7cauTMxr7yryIzTVEmwnZjLzPtrIQP7drAPhbRRfMa7ts1i4XDTpiesedLgI1kOkB/rrJUzwQ8lCxsdEfR50ilQm6oYhJNhukMOMM8aIYJnQ9JQTWM3Y2rOngXZFlhRxIVQwIb6w5hWnQNabaZg6RagLOYoqpwZz6XxvOafscMgaWPdiykIyoj1jrO0XsmTaiRaEJ10J5lBdv2ZAYaVnfMWimjGYqS9FCafF5qq50uq6bHTFWJSNXKjCXlIGGglZxZkamZGbRWymAio8YJ4kpMRL4vJmhkq9L8qqoFcUZprPGS85aaVjelkj3ohnTTNTN7JxrTm1cc5QXdM0Dw1SIZU2MiakMjJSkGJmyI5qMdHOzCZWe/oAWzdFJQSgDEYcXqLQPFaPrUEbnAj0lv0knuPqVUPeiKcoIY89n62anT8RfqVfJybCWTZDolwyOLp7THEi5K9kwOum2uE5YFXKuiSscxj6MIa2oWvPPufQ/c39I6pKY2393Z+drrbz366BMzZ06PeSwiDZuP7kct6EJMGAGFEZ89+5D58+a8/PoLr7z82jVX//roow5/6NEnmhobr/vjH4868nAAKJcrDL39D9hv/wP2mzxuSqlSjCLK52s+d8bpEcHtt9+6994zr/nN76ZOndjR3fvWW28uXbr43O+dW6irLfb35YJ8/0D/imUrGHIQoYV0kShWrsYxf+nFF/c/cL+fXfbz/zn33PfeXbz/ATPK5VDMe3EQC94JAIhTWIlamlr6+osrViwnooHiQBxz4PKkFt/3ckGuqalp1OjRtbW15TCaMH7cL35x2dJly/90/R+nTpuSC/zu/oG1a9auX7W2Zkb9J9u2vvXaa74f9Pf1T5o8+eeXXTq0rY0TIWPMYwAQ+H5DfT0y+cYaHtG2bVv++pe/Bn6Oecz3g67uzisvb5w2dTIixjFvqKv56OOPnn72mbra2tWrVjU1N44YNmpHZ3vgeWd+4QvIWGdHh+d5NYV8zDkRxVHEOa+trdtv/337Sz25QrD33nuPGDmqq7vz7rvufvKJx8/43BcOOviQYrF/3Pjxfb29TzzyyKiRQ0eNHKkEBRhjjCGngDH2yCMP79i69QtfOHPL3Hnf/Oa3n3/+hS9+/rMxR0T0GAEgcYoprq2rvetfd3Xu6A6jyqq1qzs7u047/fK9pk/r7em+5JKfLlm86FdXXtXQGPT29oWVkKEHACOHj1i5etUzzzwzYfyEU085Zdq0qQRw3333//qqa+IKnnzaqas++uiF555rqmucP2/+AQfuXyqV4jislMN8oXDeOed093TnckHfQB/zADjv7eoZOWrMZ8/47PyOw/v7B6ZOmfLSKy/dcdsdxGMQGQqRApAGCpHpHK8+xQMIADgRIRBwIACMI+grF5FHMY+DXKFUGnj2mWeCXG7Hzh2//8P1X/nyV/bZZ69yyHu6e3bubK+rrxeqF1bCIBds+WTbLbffUlNb29c/wNAr9hd3tO9kwJcuWtjT2dPd07l9+8DHy5YDohf4YUgAns+QOI0cOeIrX/zqvQ/cE1bKNTUFAqjJF7Zv3/7Cc8+desrp06ZN6BsoBp4n3jMkLE0u8EcMH1ZfXwfKMHIed3W1/+Pv/xAdYx5UypXvfOd7M2fuxTn3PTZQ7F+48MOu7s7SQOmjFctHjx3X1NjS2dExberUaVOnFosD5WLR9zzK+QgiXRp7nj92zJhVq9es+njlySefOnv2oQBQ4dG99zywdNHikz5zcl1t4d67/vXh+x8ce9ynDjxg/3wuVyqVEKhYLM0+dNaee/6VMW/DJ1tKpSJF8eYNWyrFyqRJU4aPHrl169Z8rmbY8NYPFy6Mw5BzQsD2HTvHjR193vnnjxo98o3XXi1VBvr7uqZOmvqjH1/c2bVz0aIVP73kJ+++9x7nvKmpaey4MYwxz/db61r7BwYWvLNgzap1d97xLwph2ZKl/X29b7+9YPGHi1euXNXV051nbP3a1fUtLd09vb6Xn7HXXp4fRDEniGMEhgw8ZMBJpqiBa7iqQZBxUwQo4b7y+K4nUW8Qtf2AXP1dxb9Vy/jqeTztj+ypBuNrSTWr4aSJQkC6C3dGzm7M8t/KO4E1i6N4AroSSj7okq6djvpjzUZm7+1RvtNd1utWm8ITqPwnaKyKhGoRJSXBuBUIgESmyr0mmIEOkWhhS5u3bswjiciEkolP5puJOE0BRDNkqYAzWYGGHmTozcZ++nwQiVo1FtROXdoR546pTZND1kMWTLL3BinsWw2MZsPTZEjivMghMU9oIVmBi4QYkEJHCmOZWNpEHyCWVqYVQIk5mhsaH5PdW5AqbkIIKRU69qDUeFlt2ct81Y6xwTgj31ni/pYJTW0ukTURp/VQ/EiGceJO4m0sNqxUnEn0QRUVf5kKVuyuu5qFprybXQLBEmMzlFhqnKxBr9WiXv/nol50zbS5KRy9Qv3ZYFtPUzghboa1s1iqBMMiymbg4EYgiwawOmk9gm544pKGyuWgtrO2vNuXxxjzQZ7fL1TEIj1hc0TqyOqG9bscyaQk2FLqTiVmEOQGJy6tEp6hKUXgA6SD/wyWaq5X08Hql3LpmRcmvmHSjrgX54RIlRCeemlJ/0A0fmxrTSEIK7HH9BG4us7BclPpuDdZOClwdpUGJKSeTFRjrCBa91LPKcNblVqXIk2EjHSlVJSjMIzifD6fCwIE9ADFJJV+MZi0ulYnbMVFM1TS8RTywdp1a2+//R/5mrp8IX/Xffe2tLSe/Z1vv/3WW88//TQy1trW2t3RV9OQG+gvT5o89azvfZsRcU5bd+x44D8PvfT8s0OGDCsU8o88+kRza0sh5++1514XXfzj+pq8EKT+Yvm9Be+1DmkhsYxW0EAAwALf27Gz48lHH/nsaZ+bdfBBrS0tf/3LX26+7a+VKMwHPkPAGAA9ABRnvfqBP3bs2I7u7ksv+RkxCMPY93xEyOWDSqUCRBDjiNEjL/jBBXvP2Et09623Ftzw5z998M67a1atiiM8/fOf9zy+7wH7n/CZE2fOnD59+rSpU/fca6+plkQgMnG2D5TKxUpY5lzCmGKpb+rkaT+46EetLS2lcoWIl0qlvWfOQJXd8T08++yzzvjs6UOHD/vWN795zFHHfO7zn+/p6ykEwaTJU2tqazdt3BiGYRAEAMSJA7I44scfd9ynTjju9jtuf+C++/feq3zU0cdNmTx+1MiRr77y8vEnnXj2178GACtWrrrxTzecfPKp3/jWN2trc0QgUg2MYRRR4Ps9PT333XfPCccdP2r4qGmTp02eOuHuu+864qgjm5ubSqVKIWCcOAdAoEq5cujsw4498Vjm+59s/uSeu+/atmVbHMeHzDr44h//+Lvf+15rc8tlv7iMx1GlUvJ9BgA72jtefOHlne1dp5xyyrRpU4UUnXTSSUPbhg0fOayzs+Nfd/yrY2fnqaefMWXKlDAKRR8RoDRQ9D2/vr4eAMrlSqlY9jCIQhoY6IvjSqVY7O/t62jfuXn9xm1btwvR9xh6DIDA9xgicC6XnQtTbXs7AtRWWHg43/d8wDBmjfU1a9asev/dd4499ti2IW2LFn7wu+2bb/3bzTX5fHsclyvlltwQ8VSQC3r7+n562aXvvPXOxMmTOtrbx44dXewf+P655zU1Nj71zNM1uZqf/PBHYSVe9MGiMRPHeZ5UJcYg5ry2pubYY4+69e83L1q4+OBZBxWLFSxAZ1fnypUr/+d/LgQiOTFHTOs+EYVhJa5UQJwwxKBcKU2eOPlP1/8p4hGPOecxj/mYsWPCiCNRFMXjx469/k/X19fWv/v+e98966zLf/HLvWbu3dneMXRYW19PbxRVOjvagSYTASDFUYye5/veR6vW/vkvf61EcMqppwqe5Zj/7W9/u7+vd/LkybfeevurL71y5LHHfPozn+ZxPDDQ73s+Y8gJ+vuLjY2NDKFUHCiXwygMm1uaB8r9Q4Y219bk6utqxk0Y11Df2NnR0d7eKXg/bsL4T534qTfefP2RRx976rHHhwxt+3DBu+PHT5o9b/b8efP23GP6sqWL77vn3vYd7ZMnTxoxfBgAMMTHn3j8kceeeOX55wOGNfmaQk2hq6dzn5kzz/7OeePHjevp6fr77bcPbxty0smfrm9q2b6tfUhbaxRzxNhDrCnIs4gqUcwQGKMYFIhx0JprY3U4kuF/kuBjl5hjsA02u+lGE05zEGc1aFu7dSW91m4dyEEOX6z0fCLESuJdt/cKv5q7Se6anVKo3FcGcUmCSStVluOsdmX8lhprt8wuZSELJdgEDn5lS2pGqd24DAJwnhUWEhO/WBGa0owUIamEvkOOHTQoKGrEIbErVd5TeQGDeLKxqKSuGm+tvlkLnq2YMPvgpMHVqkpCSbuZ/89aaLVcJXQ0jQqpNutdRdmsgtXH6L8h2FFPFROSasKJUq3IRgiVGi+yBlSJ2yB2RlWmDlyuRi+psR1UUcgQpmQ5OXK7ZZPNp91Tuv/uSsXFVY2dTA54COVK9PGaHQxpz6kjTEIeAOSkoyu3g9qrdK7E1Rr3h8QHu/DuiBYRoDr/VgczFoXi7B/HTBhpkfZBy6TtctTYqlUTg0wzqtli+5A0c0x3cleF+sqJd3eVy5WIYm4lQNGKrS0+oG3OUpeZN8k6ZdhJOaeuzLHMSEWTWt9q4LIpR6ZrepZaI2m7XtVLTRCTo8CQeR4R7bvffieedNLzzzzt+f7AwMDh844+4cTjiLh4u2My3E0Zf9AvVCQggJzvrV23/mvf+ObrL788YfKU733vu21Dhl51zVXr1q+97957gsAfKA2072wPgtzw4SP6BkqH9A2c2n9yXaEQx9ED/3nwxxdeNHzY8IbGpssu+/nateuuuuaaiRMmdO3c2dnemRvWGkUx8yDwg/mHzwYADoTMQ+BExDmJNeB33vnvrZ9smT17fiWKv/qts6648oo333rv4IP2Kw0U/ZyPQAARADL0ASAIvLbhbWG5vGrNyrnz5s2ePbe+vtb3/SDwozDu6xt4e8GC5UuX9vb0IKLnYVdXzw9/eNHrr7928IEHhyEViwPFvv7XXnm1p6dr4YcffLJp4/Kly0rl0oMPNgyUSlEcHXrQrGl7TCNOcRwDABEXe5LETrOIx01NzUcedURLc7PmaBTHURgyz2OIpXI4buyYcePGeoz19/cPbxs6ccI4AOCcM8SRo0atXL26v7+/ubmZi8AEkAAq5ZLnscMOmf3qS2+8/vrrJ570mSmTx0+ePKmhvu7Wm24c1tLUVyz945Y7evv7zvj852trczyOQW1Ai2MMo6imkP/7HXdu+2TH1Vdd09bWhsDP/d65P/zRD59+4slvfP3LxYE4jkTeTJydTF/84he+/KUvA8C27VsfuP/e7Tt2ep43MFA6/vhjzz//vGt//ZvZs+c0NjcAxOJdMr29Pfvst29YKW3etOHfd/3b9/yWltbGpoa6+nx3d+cTdz25/KOPJk+eHMdhe2d765DWIBcgYMR5oZDv6e5//Mknx4wa2d/TE5YrYyeMP+9/z3nrzTeuuvKqd955l4fx8Z86IRf4++23b9uwoaBmdAGQc6pUonw+ILVSJPFeZFvSEeTCjSgm3/fCKHrqqad7e7u/9rWvjR4z6scXX/zjS3505VVXX3rJJWEUDvT1Men3cN36ddf+7rfvvvvmVVf96uZbbtm6efPs+XMuuOgHG9dvKNTWzJ0zb9GH7+fztcNaG6d/YY+JU8aLk6h0mpWIDxs+tL629qUXXz7ssEOEDm7bsTVXW5g3bw4HAuKcy73tHqpmGRMJDmQIQITQ3NS8/wH72H2KOS+WysxD4hTkglyhhSEEvt/b2zNh3PgJY8eMHj0y8Lyuup6m5sblH300a9bBgrBcLifeTNXc0nzKZz6zdNHiJYsXlsrlUrHUMqRl1MiRDQ0Tb7n19rv/fdfcuXNmzNx79IRR+XwOOAdADsCQamtrXn7tjXw+175zZ2lgoLml9Xvnfvf5F55/5qmnnnv2hZ6unuNPOiEfsGKxf5/996spFDjnLU3NMfK77r7rnbfenTFj7733mYmI1/3x9x9+sHDatOnDh7adf945X/7Cl5csW3rO+ee3DhkSc6pE4Usvv7J927am5paJk5t//ouf7bPPPi++/CwMw/lHzO3v69u6dWOxp38HjzdsWDdiVDR58qRhI4cTITKsyec2bNy0bdu2PfaY3thQF8ecCBmKd8dqwCQkw+CiDNFJTC3qqfWkdU9YVbn1lOSGIjcrYuF8A4dIH6RhkJGNlSxyyPyiXZu+tD9JzkVYkZ9dN6jcPpnHnY47zHD9vXbZLn12q6B6he55FKqnCOCm/3UX3NfjyLJyBZrsoEkfaz4lVm2lAi2LLeYZ8zWBYO3a9GYaUzXqCsnUVw0e25v0ErG59YieY7RxgQA1KgI3HbABswTnCjzoYUR5hD46z5D1BNl1JKgSI6GwlPyfcwZJ6kOq46C7Yzidnme2GJAV3iWgiyt4DjTVkNEdaNHVrPhLPIWJW2AhWAAz+Sa4Ro7SJURKP+6YlSzwaK+e1ZRkz5TahgIsBgq7YehPqn61EMDoDsnoRD+e3QW10ZqcaN4oOVlyKo2qki7lnvWkuXLXri3OptcCxrZiGlGST5GTs3Aft+IVvU/PqkUicUuRSFWqOQE2zyE9mM5qAotMdLQ0Q+bN23cSNFs+wjyuwwoVTIgOM8b6B8qPP7+kvjY3deIwP2CgtiZZVRrNcuvUowA6+tMX2tOS2ntlTdpljZymOq3vFr/E/Ce5Q+UUSicj/+ur6p7UtMW3WtbNkVNeSTBzQGe1hvWnpHRm27nkrcFKYVXuK0qNKc9gf3UYo8s55iCrdi7GFz0PPa8S8WlTJl955ZVDWpo3bNw8esTwr339W/vus0cYhh5DTiCOGzSmoXrLQk0RYNv2nTvb2089/fQDDti/saFpv3333W+//dbWr/n9H/8wcuTI11579brf/d+ZX/zCZ0//XH9/Xy6fr8nlGGKxUunp7p4xY++DZh04ZvSYIBec9OmT5s+bv+CtV8IorJRKzPcrxRJUOGMRwxrf9xlgBASEcRxHcVxbU3j7vfd/e+1vzvz8Fw+ZPSuO4agjj77j7/+44sorHn7wAeZ55XIU+B4AcUIEf8f2nV2d3fV1dX7gDx858gtnfuGEE49PdGrk6FGrVq7mMXEiiqmzY2e+tub73/+fM848c/jwEY3NTe+9886GdZt3dnRsff7VSqW0bev2T7ZtXvD2gphDT3/PV77wlYt+9AMe8zgMASCsRMKgcSAGiIT9A70bN27yvGCgv4/HMfO8mppCPp/3GCOguFJpb+8FgCFDWsvlUmdPd6lYQo/lczkAOPTQgx+478H2jq7m5mYgyudzABCGoed5YSWcMnnK//7gfxcvWrh1++Y77/zn5s1baurqNm/cfPbZ3/N9/7vnnvPVr35t7JiR5TBkUiyJcyqXK42NDRs3bbruD9efdsbn5s+bM9DfF0bR6aeffue/7/rDH/4we86cqVMmtLe3e4zlKYgiXsjn+/r6SqUSJyiXyvlcDhgBQMyjSqV8zve+u3NHe1dPb0RxkMvX1NQCQE1N7X77zvxo+ZJbbnqodciQclTu6uisr62vb26GGLZs2zh27HjP8x+4977Oju4fX3xx65CmSrlCMQ9qgg8Xffivf/9zzqxDP175UUN9wz4zZoybOHqfffbt6ui8+dab4pDOPe+8KAzz+cK0PabEcewxBMBSufzQg4+8//77Z5xxxqxZB4ojphC4NqT6yBn9KmZkyGOIOTXU137wwaLbbrn1s6d/bv/99uvu7TvqyCP+9/sX3H7b7evXb8jV5vr6BoIgDwDlcvme++576D8PPvLgQyNGjrzjn/8shWFjfcPlv7y8rrYGAR56+LGff7zsyisvr6mvf+PN12YfclgURsJAcx5HUTRQpNpCzejRo19+9eVL4Mf5vB9F0YvPvVhf2zBs+PByOSSCKIp9H4ickwZkAMM5MvSBFUsD/cVSHIZRFMU8BsJcLvB9DxCRQcx5sVgpFHL9/QOe5/UN9JfKFQ5UyBcaG5smTJj45mtvfP1rX/N9ZAzDMGIeQ2TDh7QNP/rIW2+66d//ujMCvnXT5tYhrXvuPXPSpEl3/fuf48ZOHOgv/v3m21589qWrr71mwvgxREQxEVAcR3/4/XX77j3D81khCMaPH7/H9D3yuVxPT++OnZ3bN27+1PEndfbu/Na3vrv3zBme51UqYaGQL+TzLS3NJ5xw/De/9c25c+fedc9db77+5qmnnzasrY0Ihg5tY0EwbNSoQw6d5ft+b3+JMTjvvPNGDhtxzbXXvPPWe7l8HgD6uvs3b9p4/R/++NILLyxdujTv5Rhjz7/4Ur6QHztu4mVX/HLWIQcj0XPPPvfMM89u275jr732+urXvjpq5PBY2D4TNoAy3oN4ml1cu+kFyYQu0m3ZbZkhF58SkxnVvNvuU+nAdvdr0qtnxIHJK3XTBka6PjXtQcmijq//f8ARSc9rwpVdMWRXram9hboqJxozB+qa6iCxKFfhp8ECMZf63b2ygtpBOqN/QkeyMp7RwITA6IZTQPP2v6O42kXqeMbByqi5tRS1uzoNTLXx/98rkxOYkrAUvEKwXhScmJBX0V3VRoVvSGuoMyOYpMwShDTr3OhEqlOKACv2AHtTqd1LS+8z9p0ntEnvAsxiI6oQMpPHg3U1w7S5gZ/6IkNQ+4xx9YNLd5XgM/tC54mqxXZPNFGfuJthK1VLlqmSaSSqlKOK74tDWwTNOjuXmv7bPUIMPaQ/ZFdj52RQWQwlDhn7K7W9RAQAP2sHpoh1s9pyD1UHpTnOLP8gKQ1b06TRdl2IFlnVa7DewaZqAAAKiaKE99HRKepRkvToLcKGhuQCetWY3a9BF4GYZ7OcoEkwpeogUBO89qnMBp+Q2jOMOjlFVqUCTKnoWwwHYww4QTni+++37/U33LBzx87W1taWluYoiuX7SdSWU92AWShlj6TEEsQYEMC+M2c89/Rzo0YNF8f+9ACQQG+/9PT2dHTN3FusX4URw4eWiwNNDa1jRo+ohKHve2EY8TjO5fJf/+rXPvfZMyZNnqiPFBLdQOZFccxEG5wHftDV3bNgwYJpU6dPnDyhVCkjp9ramrXr1593zvkjRoy84AcXEhARDW1r/Z//+d+vf+us3/3+jz/50YV+zMvlIkP0POYxfOvNN3jMp0yZHIVRFIYIrFKuiAWLQBTFvKaQb2luieIKekz0cOiwoTf+5cbJkycRpzVrVj70n//UNdSdc/65nKLWlta/3PCnnu7XZx86+5hjT5gxY+aWbZs9z2OMhRRxTnEcR3GE6EVRHEWRj8xnHqDn+36Q84Mw4DHzPMZEughFlhI9j+XyOc/zPMS6hrpCTQEAli3/qG1Iyxmnn3H7rf94//0Px48bg4hPPvPMiGHD99xzT0SoqSkAY3tO32Pz5s0//NEPSn3F/mJpxPCRv/ztLx59+PHb/3Hz8OFDJo0fAwDlOOYAjGEcURiGjY0NnV1d3znn3IaGpvPPP69QW9fb08s5BIF32WU//8zJJ1966U9v+dtNLc3Nnd09RMA8Vi6VGuobC4UCAIwbN765pZVHMQDkgiCO4pqa2l/88heFQu6+B+6vqaltaGgAgCCfywW57Tt2NjY1XXDBRYWGmqt++Ysxo8d88ctfW7F8+X8euG/WwYcefdwxt9z8t3VrV+/Yvn1Ia3Mc8yAIyuXK088+09xUP33v6c+9+Pxpp57c3dPz/fP+57C5h13yk598sPC93r7eMWNHX/Ora4a2te23788iHglt6+npueeeux966D8dHR3T9vh9Y2NtHHNPnpBpfIlIoSDK05WIqLmxrrun9+qrry7kgh/84MJyucxjqoTRGZ89fcaee9Y11rV3dRbLpWHDhgJAHPEDDjjgzzf8+eBZsxa8924uH+RzuSiKeBSViyXmsYiiUrk4UCxu2bHt4h/9+MILfnT2d77R31f2PC+O4iiMGUEQeA0NjQ8/8siOnZ2trY3btm2785//OnzeEYC8UimjeMkQsYAxIhIvWQnDMOYgsjAeIXES5/sSQ+YxfRAo59zzPASIgQeBH/h+Y1OT73mtrc2FfG7nzp2LFi7eY/rUI4865vbb/76jvWvYkCYg/Oe//33A/gfut8+Mcrmyo71j1ZrVn/70Z8aMGf3hBx8s+WDRYYcd2tI6bNzo8V/7+tdmzNjr/nvvf+WV17q7OvnYUYgMgALPe+31N1esWHHScccsXblivwP3nTJl0hOPP7Fi+dIfXPTD3lLP4g8Wfu6LZ9z0579+8OH7+x+4H2Me5yERDR82sq6ucd2atVu3b3vzrTduveXWY44++pRTP80Yihhy/fqNxWJx08aNY8eM5sQZeMOHj8jnc4V8rhKWOUFPb285rEycNPnB++5vGTLkp5f+vKWlMYqgobFx+bKlt99264YN6+bOPvS1N1//xz/v2GevvY866ognHnvwvnsePOusr9Y31IYRV3s1Udp1NL7CAmAWclTzRUjaioMDhIxJNwXsyRl78tMys7IMSpusbhLaq4LNpi8VupJK1WvfTJbTT8ZIAJbzUjVZhMueKq9tO6/MiU1MsMV1mhoDOLuklMNRThJtvicug85139H6T+RNLaSO8jh8a7eRfVgIagCU4UDd02OTh3nYc1wKdKsjBQHkceEWt3V0pwoaJIoW1lb7Ax1EpFZvWMPi/pQYPt191R03onNCYo0jrPOYwSLZjIrgD6nIIAntJPuk0Nh3ElMhNqI3WCUx7a+fNh1OT3eDEW7rACeLS66oOFOshl+GWiucQCXQaPXeTQMZtZYQ3x07GxZqIdINKIRmAyvFdAupZqxvT404KKynfrVYYLrgpEXs/tujnNiejZaKqUVv6Iyg5jBaX5NhArkLNywJkebJrsDiocMHWcTCokZKLPUglzOaG2jfcRlg/hqhtTb3kU2WrsU86jSXQZEqY+mf8RTJyc+kbVM2NikEIA1nuh9a+MCSU3GTIeZyHvMQMCOTlNGERZ+pVi1wAK2t7m58a+YbtVaQOTTYnPIGyrtYQmjG3bJABKDOH0rwwDJlmPAumQvK9YbyQWLtxGJazZhMJ+3GnI4MCRdQjiHkgCKOTJSFhBpnO9qqRCYKJSZmUxJvWTf3IbSqSwquodGSNpnpsqpB+0ltHoxdU/lLAPAQOIdiqVJXU9M8aSIRD8NQrOezjQmBjL3RGA0AAG5vI5C+FILABx4vWbRo3fr1CxctWrdu/UknnnT66aeIYrW19eDhQHEAAHw/YAj5XK5UrgBg65AWQHrlpVc2bFxfrlT6+ouHHDo7DCsEVFNTxxhraWoUlfSXyn/5618/e9oZU6ZMyPlB4HvLV3x0wYUXrVu56s677h49bmx/XzHvYxzHxxx3zHnnnHvNr36VC7zvnn1WY1NDFMXIMIyjxx5/ZN/9Zo4dO3bN2rWMsbrG+pyYWLSupsbGoOArjlMQBIV87vnnn3vtldc++ngFJ3bFr66YPmUKAKxavXLJ0sXHHn/CIYccsnjZwqlTJs0+7FAA4AB1vl9fVwsA+UIuHxSGtLZIVjTW1zc0jBkzpiafr8nn3ZaBCOrq6urq6gAgDCPf99989fW2oa2bN2565OHHf3Txxccec9SsAw/8++23HXnE/La21gsvvPCLZ35pjz2m53N+R2fXy6+88vbbC5556unxEyZf9IMLV61d84/b75y6x7S//OVEziu/uvyqRR8u+/73z9tz+jQAKFeiXC5fKOTXrV//o4svfvftD2677fZpe0zu6St6QT4fUHd/efYhB19zza8v+P45F/2o/tprrm1uauZxBMQZwlNPPZ7P5zzm9fZ2LV+65KijjwEA5nm5XA4Rawo5ANi+bQcR1NbWEUAQ5BhiFIatQ4YeMuewYW1DHrz/gVmHHfbpT39q3LjR776z4Ljjj5s7d867772zeuXqoUPbkCEgy+dzi5Yse+ett4895igEZIztu+9+jz/+2OuvvXrCCccO9Be3fLKtv7+vobZ+6NBhd/zj9j32nH7m5z5XCUMAaqhvOP2zp61csXTlqhUb162fue9eYRx7vnzxEQcZYAi9YwgA6DFWVwh2tLf/5JKfvvbqq7fdftvYsaO7unvy+TzncT6fP+igAwFg5dp1vd19Y8ePBQA/8I896mgAiOOYeT4w1jqk2ff9xsYGMaZDmocwCLwgaGlsXLtyzb333/fd732LAAqFgueZrMs53/3OjL32amys95jX29+HHv344ot9z29qbNRluFrF3dDQ0DKkZeiwNs/zams8AGgbOoQxqFFv9LGvgYESANTXFQAg5LBjx46uzq577r7H971Vq1b3DfT//LJfHHXMsddf/6d//fPOiy78/vYd7Tfe9NfrfvtHRKytzY/Ij2hpbvnfH/xva3PTuwsXP/Hwoxf94AIAeOXF5z9z2mmjhg4J8rlSGI0ZP5aJrfVIgPDAgw8NHdK6x957r/1k08y991m0aOFf//znCRMmlAb6O3a2r1u3eeeOHS0tLV/52pfytTXf+OpXfT8govETx1940YVX/vKKa6/6NRBxBp8984y62joAWLd+/Q8uumj23ENLAwO/vvba6/7vd1OmTO7pK/b0FwttLZyT50HrkNZHH32sEpa/efb3uzrav/7tb594vFndsHrNPs899yzzcwDw0H8ebGps/u755zXW1w1ta7719ntWrFx70AF7i8lkAA8AgRHEaXZWu4TrcYCsxJwJvA0WzNdBkWVT1V/L6NsORbm4lDdhwFRq0HUPZk7VWgrp4C7XI4FZheUSswsGMLs/STeeme/XnJGQRKMi1fogky1WJejOlCSXhwlqFE5IvolC4ysrTEj3zRkfQbYcSGtSFKxRU4gvkwm2J0+G4m6zbunk0xlXogaBglTA4vYbU3EjApCaYHI5oWJtO45NRCCy0jSJJjDLprhaR4yMZkx7aPI0xrZlT1Esbghcqve3pR4V4EnnFxBM8iYZzig+OZwcrBt2qQSFVjCnuuz8rG/ac0bWrJwiRSA1je7l8lewxreq9qLqk8mIOAckpEsDgDhKPhl5ukQP0qaMRcwLr5I4FpS4mVuaxfqD1YIzcHYtmrgEnlb2NNGwrJi0tbQexfTj6kEnfEpdJkACUwYR5OuNWGLbBegGRFCQyUjMMowWR1KRiXqTIgHnAsBT2uO4QZlSeMMOHYpYySUrXE6QaSLAlDEQ9Zjl3I5+casXzqPy/KEEH9SHZBSXDi+1vbMn+t217JS0kaoryZlNxZCUp9FuQXKKMW/ahGEDxdDzPeWUUeeINWUJ9hmC0PFXGmLsyh1bdiQlKMlxsjJDduy8+5ejE+bIIgOBEOztqYItCMRK5UqxWPJ9z/MC5okTwtCIjOKmglEiRrY3KAsRIURYvHjZeeed53sMGTDfP3TOYXX1tQveXlDIFwD40sULi6XiypUrFrz9drlU9oKgtbVtwpRJXe0d99x7z0svv7Jp3YYwqgwbPiyfrx0/fhKLK929XYuXfFgsTeZR7Ad+FIWr16z1mdc6pJUIujo73357weVXXbVtw6a/3Hjj4Ucf1dVTKuQCwJiIGMGFF/6gq6vzV1ddtXrlx+edd/70PaZ6nv/8y68uX7H8xr/exBgyj8VR9PRTj2/YuC4OI+Z5SFAuV8qVgY+Wf7Rl83ZERkSM4auvvXHTjTft3LG9ubn5kNmHHX3kMePGjlm/ccMbr796019uHDVq3A9++COP0cOP/ufRhx++8Mc/Pf3UkxlAZ0fHu++9S0RLlyzNed7d//6XF/hRyF999eVNGzbdd9/drS1DojhmjDFA5iGiP2/+3Jbm5iVLl73//vubN3+yc9v2ro7ud997/+OVq0aMGr7PPvuMnzA5DKPzz//fT5104r/uvuvMMz4bV+KRo0bnAq+ru/tX11z7+KOPtLYNmTt/7gUXXTRlwrixq8b/6urfLF+1eu+99rzxppvuuPOOv9586+Jzl37+jM+eesqpw4YN6+rseOOdd6+68sqPlq+84Ya/nnDCMX0DIaAPjAFCgH5Xb/Hsb319YKD3Zz/7SU9v31VXXD1l8vhib5+Xyz3//HPr1m7csXMnIBVL4fBhIwDAYyyK4/Yd7UEu6Onpfe2VV+ubmlqHDomJeru7165auWzJks6dOz94771CIbd+7ap8vrBk/wNeeP6Frdu2rFm9sr6ubtVHH7V3dC5ctHDixIltbcOiKHri8ceA+KyDZj3y5KPDhg+rra1/5LFHTzrlM9/41jf7+vt37NwRlcN8oebSS3/a0bnzjn/+8/jjT2hqrI9jXlNT+OpXvrJy+ZJXX3uzubVFQo60bRZWB8ljGHhs8dIlV1115SsvvXrttb858cTj+/oGcrlA6OjOne1RFA8d2rbow4XFUnn69D2JOHHe29eHHquvqV27dm1fb++oESPfeuutzZs3e17Q29vz2msvd3V03fuvfxMPhw5tW7Rk2YuvLZgza//Vq1a9+/77iKwSRQywoaH+wAMOfviRh/sHiksWfVhXW//qG68tX740l/eRsUqlMmr0mIMPOnD9ug3Lli2Nia9bt45x/tijj5bKJd/3Fy76cN26Nf++6658LkcEMedxFIZhZdjwMXPnzYnC8OVXX1u9ZnV7e8err7ySyxceffSJ+sa6YUOHHXf8iSNGjGob0vK1r3751lv++plPH//WgrcrpXC//fYulcqPPP7U1EmTejo677vr7lmHzPrXnXetXbPypZdeKRZLKz9e+uRjj++/z95vv/FGaWDglVdfbqhrnjPn0Jp87oOFS9//4N0vffHzH69cNWzI0GHDh//+979vaqo/69tntw4ZEng5HkF/f/GLX/7ikmXLbvjTnw7c/4D99pU7V0cOHRF4fkdHx1577Mk5PvX4kxMnTuof6D33vPPr8oVLLr6Y+XDiCSf94orLL73kpyNHj80VAkTs6xvw/aCro+POf94xfuy4iRMnRlH5uaefzHlepVKJ4qi+tuaD99/t6+sO8jkAmDhuwouvvvj6G6/NOvCgJUsW1jfVN7U0gZIQnTFHNRWXxh2D+H9peQ3SAKsOx2SrlSuU+EUnlt3W7Ggwud1pELynTX8yNEFt6B3AaEO7qhFZ1aZ24cNcl211UMU3zmKfQRxt1tRQ9q8W0LLez74LF66eTENwSn5LU5IJfrKoTDVoZoMHo0I/PTj21748a94vBUyqxwzpsFkzMBNz78ZVjfukkOtgDycozZgPdCTLtJcWmFSnEzPPaToHC60GDbs0mndNASbf3piGuuovgSseCYRutQJQPT60I1iHbrSY5X5I9CtlydxLdScRNCaKZCpvRqyVMFQ2zYmCqP4kEDE5s6lOJKl3nmfVKKwSmlhUVqPBcWbfMrfWZkvFrkwQKrzizCgmo54MmsF0x15bQoARURSGEaecn2GRkjurTWitZcEKODE5HrbcgMVPDb0grYJoypuiaXcL9v5P13zLWVZTYTIWtUq6KyjUzczCTm0pE+yksrLkEhGI0PPg5GP27i+WC4UgjEkBC7TP4RLhmVhGa/b0m3SajH1NnkN6fytitFaiyMyTzR1jCCyTrRIAKI+ncsZB+3BKEAMu961mExWIbxkSRtINA0AQ+Oq1Oijex6PbdU64tqwZ6VeBAogdbGLVLue8ra151qxZ8+cfMXHS5LFjRj344P0//dGPhraNKJV62zu2lyvRU08++frLr4SVMvP9Y47/1M8vv6xYGtiwbkPgB6ecdtr+Bxw4efLExsaWUSNaP1y4cNL4Sb/7za/rG5or5VI+n4+isK+ne6+99z3woAMrYXjv/ff/9JKf7Ttzn3/+6+55R87u6Cl6fo4DcWAeUsR5fV3h17++euSIkbfd8fc1q9ZeefWv9tt/5s033Thl8tQj5h8OADyOO9t3PvrwQ088/hRjjAB9n1UqlWKpPw7jvoFiuVwhACLsHyiOGDXytNNPP+KI+aNGjkSAD95/79pf/3r1qlXzDj/qx5f8fGhbo8fY32//548vuej3v7tqSEvz3Nmz16xe99vfXtfb210qVgZ4/IvLLudAPKagEBTyheuvvyHmJNCn7/tIVN/QNH36Hi3Nzc8888yfb/jziBHDWoa0nXz6GYfNOXT0qNF77b1XTRBUYioWywcevN/ZZ3/32muveeg/D8zYc6/DDj2MeX7fQKlUqnzv3HNO+vSnpk6Z8srLrz760AMfvv9ex/ZtrU3NRFSJwu98+9unnfHZiy+++Lrf/3HMmAmnnnzik08//dOfXVbf0PSvu+497rj5A8Uw5uQxnwMwgMDDGPz+gdIF55+fzxUu/vFF++174CUXX0Sc54L8j350ycknn7x63dq6uvpKsTJx4sSYc4+xrdt2/v66P3a07wDiGzZs+MbZZw9raysXBx59+OF77r5r29Yt+Vz+hj/+IQrLn2z9ZGd7+8b167fv2LZ9+9abb7mlNl+zefNGQPzlzy+bM2feBRdd2N/X+9orr86bN7+uoe6l51/8xje+1dzWeuDBh5xw/LEfLv7w5r/e+MqLrxx9wqe7e4qtLXVf/uJX3v/gw97evqbGBgDs7et/+aUX1qxbd9qpnx07dmQl5owhFyadjPYjCrdOed/bvnPHFVde+cFbb996822f+vQJ5VLZ9z0A8gO/s6PnpltuX/Thu2PHjn3qyadmzNhr2tRppVIxCPy+vr7Hnnxq1coVH77/4dFHHNXd3fPVr3zVY5gv1JUr5SFtLXMPn/3O2wtydf7nv/C5+x58+C833nTk3FvffPvtS3728/q6+jCqVEqR56PvMQYsotj3vPr6+t9d9/u8l6+tKwCjnTs6jjvuxIMPOvCd9z649te/GTKkpa+3f/lHK3/5yyvCMBSLElqHDLvm6qsBvJhTFIVRVCmXSnPnH3PwIbMgjh544KFnn31q7NixEydPPu7EE/fdd/9Ro0a2tQ1vbWmgOIzj6Lzzv7982bILLrxg6+ZPZk7bu1DIL1my/MLzzz101mH/P97+NOq2JEsIw/aOc+693/C+N7+XL+c5q7LGrCGz5uruopupQYBoJsFCy8sYo2WJBSwzNKLByLKXbNmSkJHkH25YttCSlmiwjG1BN4KG6upuqmvuGrJynoc3ft9733CHcyK2f0TsHXvHiXO/L6tZPlX5vnvPiWHPU8SJezg/+vm/+3f/h//X//Di8y9g6/6D/83fDMG/e/Xd/+q//L+cO3326tV3fedfeemHy6X7r/+7//rxRx78//5//tGD9973hR/7sT/0M3/0L/2Vv/z5H/vCO9ff+fynPzObbf4//u8//wt/7+8d9RgIVl3/V372r25sbh4czQHgq1/96rM/eO6555575+rNf/fP/4UvfvHz195+9zd/89t/5+/8377ya19ZLvr/8m//Fw899EDbtv+n//j/8Of+/J/7a3/t5/7T/+xv3dy7+ff/1Vf/n//gH3zmc5979nvfe+vNN/74H/sTly/ddbA4+u/+27/33e/8YNktl6vlzubm7s3rb1+73veBAH7mj/yR1995/R/8wn//na9//aWXXvoDf+jfeuzh+4nINY1Y9jL7A5Bfm2brq127ihIGVhcICMmBi7ZV9lTFjUziF0ZSIxs45S1xo/nEoPpLMFi2QonsSixHg5sy7C9vJ7fA3pF0IwT2XMPcrMQg5uX1QxvSTIPY2kTTxVP1bBj964nNFGAzAYaN+aNCUllxUhAUIe1IyJiZWFuNLGBSIVNyy1yDKLaYSZIjOx2LnNaOj+YmE5jhFsbFTDsekC8in3FMm9YNGAryFP6q+Qxf6sljmaWQpgMOY61kzfPeQwSgglGGUpE4RTyriSLiYfpJZK9XS8yxRpjDNDLUSL9DYBnGVX8NVi0IRx6hCO2GewxhcMlijY7wlTWLbzzq0NZOPtKtECapiin50bsTJH5W+9IliI0tMpD5PCfihRETVw+BhGhe9VSJ4GJ9DPXkHNKBARAM0QhtIg7ykpiKvxkUY1KYOOq5oZXicbZa8ac5q10qpa4yg2O7S8C6EXWYCCZt8/jDdzXQg4teB3VHIzalfVXfxt4T1SmTdjKJgaKRqm1OqYRNo1erJhpMrT/VYMuz6rXj8ZaV0SsO1xwbCFYtgIXt4vnNC36jJ+gD8aGTdvL1lVQot6Kg2FUlcOWYQxROiKwax4rwcR1sXaws2Sf7j4n1SIgOuMieX7o4QTlT4EFAbBoEJIKPfvTDf/+//4cb/HsGXbe669Jdf/AP/5HJdNKtVtPpbLa50XXee79arbzvH338fd1ydeHipX//r//1tp1sbc9YvIiIPvKRj/6Nv/m//Zf/4peX3cqHAETOtRfOn//8F7947z1X5ovFqdNn/ugf/xN/86//9Ut3XbixN28nE3BAhAEdALUurLpuY9r+7M/+rz//hS/80j/9JQJqED/xyWeeeupjzdQBwNbmqR//bb/9d/2un37ggfvROQo4mTgC6PtweLD///5H/zD+umMf6Cd/6qd+90//7sahXy1v396bTadvvvnWwXzx5//SX/uZn/mDjaPlfBEANjdn/8n/8T/7W//533ru2Rc/+rFPPvDIQ3/t535uuVrONma+D4vFEoAmrp1tbPBSM1AIwQfXuNCHjc3Z/fffBwC/79/4vR//2Cfe/6H3X7l4SRE9dN2CqHFNc2fe/cW/8lduH9z+xV/8xT/9N/+9xx5/eL7sLl668rf/i/+0ATiYL0Pvn/3Bc//N3/tvjuYHv+unf8+D998XBXZvd+/SufP/17/9X337N7936a5LgWjn7Lk/8cf/7T/4h//Ixz7y+N7BKoBrXaMiLppMmt7DvOv/nT/9p3a2t3bOnCeA7e2tn/mDf+wTn3zqkUcefuSRhwXGVdc7xNl0snPuzLMv/PDB+x/4d/+9P/vbf/tPNY3zns6eO/fxpz998cIF53C5XE4nk9nmRqAQOr+1dQobPDzc9ys/3dhAh6v54uFHHp1tbs7nh//mz/yhZ555etnNf/8f+MO/83f87scefexnf/Zn29b9/N/9O99/9tnPfP7H/sDP/OGdna2+D598+hOffPoTABACNY373vef/U/+z//5Z7/w2T/9Z/6M9z54co3j5BOIJECKzgQJoO/6T3zy0//LP/Xv/ORP/vh8MUfAyaT1PqBr4hFeb129+tpbb33kqY//mT/9p0+dPrWazzc3HRB++9vf+4Vf+G9/6qd+x9/4uZ/bO9j/N//QH/2JL35uc2t7a3vnypW7NzYmfe+3d7YmzeT9H/zQm29f74me+cxnfv7nf35rc4OAHDlAcA6mbeucc01LANQA+eA9BQqLw/mFCxcA4Atf/NzFS//xqVMbDpuu7/qu9yEE7x227aTpQ0/oQudDCIguhHD69GmHbrq59ef+wp/9k//2n7z/oQfOnzvXNNPZDH0A3wffLZ0DhObixfP/+//oP/ob/8HfcK75n/0v/lTTNBubm//zP/VnphvTT33+s6tu5drmp37nT4fgu67bmG1Mp9P54ggCbW5tI6IjaKazrc0NAPjij/3Y7/t9v++e++7+Xb/npz/xyU8+cM89f/7P/jkH8M/++b/8hV/4+3t37nz8M1+YbW72hNC0//5f+6uLRUdEr7z6+i/+019+4MH7/sP/3X/40Y88CQDwsY/+9t/5Uz/3N/79u+954C//xb/82KMPzher5fLw9/7efyOE8N0f/LBp3dtvvv3lX/3KhSt3/d7f//vvf+Ce/9Wf/Qtf+qnf5kN44MHHnvnUFz/3mc8u+9ViuTq1sf3KSy//s1/+5XNnzq88nL946S/9xb/6i//kf3z55Vf/rT/5p774+U8jUCBqEAkwAMRf7CFxnNmK/ogXUgyNOHRhE6rtKv9rX/EElRTU9qpVrlGPduz6X+FtxqcwPSTMsjG5jZHXjiLeSo2T14uqPbD8cNK5CvjrCGanXukCKXIjnu5HXQYcwKL8tRGNEYw0fxQ8qBPOCg8JKJ6bXQVcxzrFXNUDiCpo1AA97p6mpwyiJZlOxtkaKzD/pfIBR0usgMMtXmr+Y2c/AYBYspeOVzQcDHxc1DoAqjqFobhKHKsXQx1OgiZBjivL1nbbYwayOrnKmsfJVIm/ddIrieKxYJd5f5YHGjSjkpMlUHUW2TSvluLZW/aezqFK8qqNMXp0QkToPWxvTn7PT3yAMMymTVE6KdkxghmamtzYNczvkLOPsR61nLBIu7z3+tVSAS8XJig9YihIRrbvpMrj6AtN/TfPZ/cmVV52l87ZbTEYCovFvOt7304nhPGcl6SMtuZUE2CS84tzRpclmgxgIq78tgkCqDd/dPEG9Z/8k9nFjmIORFJjLSyQvSM3RgAwh3ln3qXME2Si1EM4mCvVDBIfYSV1U/27vvzmMTTAQQKgc4BEvfcEiIiNw3qNhK8AcHi0AoCmQSIIIfhAswbR4aRtne2uWbPsPAGiiz864e8crtp2AoiE4AAdokNqIDSOiKBx2LatDILqUwC4tbt/8dxOFbyr124009nW1kbfxx9p9MEHJGpbbJ2br5aTydapzUnv/XzZtY4a1/TkphPXOnfnaNU0zWzStK469kmvEAIR9YEoxP3SFAgDuEUXNqZIff/OtRsXL12ctU0fAhECBd/7QDSbtYvFam//znQ6Pb1zenPWIhCFAIH6QO2kmU0mnqDr/XTSeIB+6eddj9giuljSQ4D4c4gOsWnQB2odTZpGyNgFoBAaB31PiBC8bxpsmpYAGocB4Pbto9nmxtbUEcBy1RO6ycS1VS0bvzoPiNQ67AOsum42m/iOun4VwVgsl/OjxfbpnVNbG9QTIDgkAGpcAwDO4XMvvPTiC6986Sd/fDZpVl3fts77tP6JWaTTyUOA0LbOBfKAkwZWXQcpBkZ0rvdEBBRgf37Udd3pnZ3Nzcn8cJ4MCro7+we7e7cfePD+rWnjAZoRjFZdD+C8J2ho0jStOyElfvSLAA7nKyLY2Jg4hzFj7fvQeQDXNIizFqYNoWs8wWzS7B8c3jk4uPfKXf8aAVgsupTNIewfHs1Xq53NnY2NiSfX9dSAnzRN0wAB9IFObUwAoO97RAwhtG3be2pbhwCrvkeA4IP3/dbWFgDMO394OPe+WywXF86f29zYaAB8AE/+7bevXrnnng3Fia4Pr7329ulzp7dPnepW3dbmrG0gALTqxVoiAgJPEIgovzim/0lIAaTHeU9UsswpmE2+jX2StvJ5PYrYrdhD7rhuLDcpmXfUgynjzT21mQb5biINxoCbi4/TPofhUmmA7c9QQXFSC0gCmmhnDqWQFWONpVpsM6EC1Byr8aSgIi6VtEioAXwiBYDqIGCa0KU2tcW9oADaNqTm1S7cfMLMOLUrylzm+IwMThGzRrRQ3RLaVkJ0HcGDymXM616ce8Sai1pDtjFRJhRlrgun0IQlJWrFpIqVMoieBUAHaUimidrzZTuaSe1h1qItGnFzXI+aXB9WVC4g177kA1A0O7JGW1LUomK2IYy9LJlqmJWyKMqjkD+PZicVYquX4DJJhi/QwZApIL9rBFH6ClFDJSy8uQ/LB4q5Be5aobiN9JMQ1ZgRjVvWO4lfxwpDEtizeRT9NHNWgn2xzAWtjASRyC0iWP5rg2fMW75ZCwkYkQEyyrTy8KQ4rUdLEbsTkz0wy0KcmsPgIeU25YUra8BrfaGUx1r2JP6NczTuQgAIGELQg1viqInVRKWagRJo/TZhba9NQlFGq9jVEs/qAu5Lr99qnLv78g6gC6nqp0CFseXkaJqKvCXultUlBlYbBi+DOUj42WRIQ2Brn0U+vSgSAmSXW6qHdp7y1Fj+Ep/CdKc2RrI0QWzP1Dr7o6S6CIAIDhOniAKia1yavvd9t+qCD4Hiyjrv3CEAdOBadBMACBSAcNJi27jGxRQCA0EIAYD4QI2kLwGAoCUiAE++6wOgmwZwsZiLADFvbTA4TEc/hBBSMoyOgkeApo07yQMCLlerIHYU0y9bhhDaySSQ8xRXyYiAGofxTAZE2pg4JFp2HrBpGgwEDgHiZmQIjWt8oN6H3nuEUFgBQHSSwSuuONdMJw0Adt4H7xFd/BFLh0AxGg7QB+gJACD03bTxk3ay7KknBHCRxM5h64ACtQ1OWkDynoigiUeDEJED9D6sfHCuQUQKHVLvqaEm/d4jcODaIDgHrgEH2CIEohC8c+iwAQSggOjiDngCoJADLASCEJzDEPyy8wANoPMBKPQOPR/s4NApU55CXnJZDSKdXCAIviMARAzee2oImxDIIUwnMHGRzgiubZuYQUDrjJPy3vcBHDpC8j6KtLwAI3tQCB00Lv6UZug9Oecc75IkQB/ij82GxhEAdH1Y9tQ2bZQcRNqYYhvPsw3knPMxL4/FGES2kFH7AyJ2Hn0I8YTnKPMOEDBuShB7B8ABPBG0bTNpm95T3/fa5AYioKgu0Vwmo0sABA7RNW0LBD74EIJjXYBYjCNoHDUOGgRE572fTByi8753rvEhBN9HySECIOYzGyzHVgDZLjRN6xz2PkAgcEi+R3TgXOzYOGiACKD31AXwwQUCCNQ4QAfTFtqGfAi+d9NJ6xokot6HyJRAgK4JRCGQ96HvloAAbtI0k6kDAN/1fQiI6JqmmU3RuabrVl0XQjztIkDT4Gw27QIs+9AiEoQGoG0gBHBN08bzrqOuEQSuniYzyCdmmFMR9e5Ee+VAxH4Qj1PvAGVAx7OXrWQcsi3yMLX8U4VXMo1twR/zcOJkBuERacumkxEZB8tp7IWmSa5G6yb5PGEsYVQuz0YIHG0U+We2N1K1TrEW5VinjA4UthkRrmIPA69h2TTjr+LUFHXU4hm9FpHTHlN0hoGrF0OqJ883i3mw+FwLn6QorSPUIr5inqc6q3pvt5RGE5YU+SdVArC62GQWMVeL4HmwWq7r91HYTMSHIgEc5mptVpqhj8MRUCQpiJmxzT8lpuNDT4BxN/mVQGIyJWMDSGpXQ1JUv0nPLM85VEzbg3UZisEbGiUaWColY8XSMOIQykIHRq5cQspdNMGzCJMiF4dsJciFEahexMs++U3Y3F7KIToAAK0VSURBVFynbAAspSzBdlhS/w17qkaKEAODK/cZqSHA0YEBJ/0yrqrJSI6V80/DLmwwhq8AEPI6XHEls6SgXZtbDeFNblEVTZK4V48E0r0EIX5QtDfnD+X6BCNvwEu6TmYUW7yi6AjStxKuXDiuOmZ7ZdyMCY4AuG/94E2k9nd88YmNDSTPxUcQA4ZVphPlB8lmKdxy/IfcSuatS1DCq3T72Z0Y2TVOX8zIyLBaoNPrD8aTU+H8DJFQMT/dMYvxKKgLGEyUuAE+Io+YiOI9xFMwKUDbtMFx+glZvoiaDlxcXnLOOZafEON1AARwAL0PPQWIL1M4QMQGmx6IACkgQjNtsQsAMZoGitFwzIdZHELjMIT4klXvCRwiBkIE76nvV4jYNsB8TJ7UE3U9eIqZAQI6/X4GQlh1HojatiFwgADx3GAKiBA8dr1HdOjc1KEDQgym/Ff+dHYa2KXfoCQH5FxMRiiuyxAhEYZ8gCNNGvSBVvMVNFOAuGPWxV/PiTt7V31YrPoWQ9M0zSSSI4bXARs3c84TBoo5XtOC8wBRMzARgiIN2WBRhC4EQheIosYFBAxASjyggQAEvffd0gNg2zpA5z0CADrnABwQxJ/gVK/JS5HH82AOMFkuBNe0QCEEImwBGyBAbAjCatV3tALXYDN1LtaqsGlEy8j33vc9usY5FwCI+Messy5IBQwxenoKIUSRCwAuCkTg5oHAd54CEbq2bQmQyCGAg36x6ICWbTtxjaMQEF2DmH7YBbg0ks4mdN4H5xy4yWTSOgiO4/DSwmEOoKJ+USCHNIkL6yZaZK5wv/hfIBfIBQBAbBo3aQkoBECKv9bKnAuR4ECNg8ViGYimkwlAAEqrvsnvYzrgVocgFACSY0sRGAVwyKUjbFyDBNgABIK+D0vfBSKCBl0T2ZvkF4L3IXhqGte2DjDEDdKI0PU9ArZtQwQhYE+A6KbTSQjUU7PqQofehW7StK5pidA59IG61ZIQ2tZBstfgg18sVj5KEYSJQ6LQe2gdxpVzIgyx5MR21zgT0Go8COKtg9LRlLHPJ4jItAtON7IVVlPSWl9zPGhJTfgtIBo25bYcDVK5TKHm4TIJctA2KL4OAlzC7H3Mq31rexUNNEYIVR2STwwqFc9FYbKPM+jFZ0XMI06tuiFtENFIGIrDuyXMld2JVJedHH8arUx+uhYUqeGGAOURypnr0aeaGM2GPvMoDljU1cwAJ9tKWpUQwaCygqGejzTJ4V2FHjlGG5JQ7f+DAfB2BAmOc9JXjmWW8oZqQur8SBa84Ybc8hKR0WMX0Cq5LAvldQhHhEm3VTeMwlSHhSpXAE0mImMdLyQmnjW0zBs1alDXhzpJM9scDK/jP0qd6mOyIR7eVhyp6av5IWjdoGIpoqnoPTmkSYNqD7VpT+ntD9I4mVGG8q4uPZZepkaQ5bdBZ5YuVAGZnRUA6+cPEWOWjaas6NnFX2PDMPdXmMvxPwqGOkBQI7K2xUDEz2/cPDo46pd9v9lMKAQVnqFgVBDCQgp6TID04nuBUcZBs7V2Za6olU/hDWkOa+PB36PMsV1XSpnNuxGdRGf7VVQi1vWz5MaIwC66a8tn8UKIJzsTOTAmNGb+BB7A8Xt2Cnp0SGkfgPUp+SVzdNBiwy/pJXkiXoB3rkkVzZi+Spk2/p/L03G2Ji5agWsIYgoQYXdNm4WOfw2BIAA41zggIlK/+Sb76hAdNOggqBeBg5AYUxIb1Z3UcU06RsqBVy4vST0cdQ0vcIFe5BkACLBxE+cwgAuQTTUyFRrnEKYNBig2QkehlRfu0y++IgA4FOoBJ58xI2VAeetA0h2CACooCgAAPjHUuSbSk9c7EUB+dgpj9lNeyMUMAJCXk2MOB8nCpP088YnDxuEGyS+pIACAJ6CQsHDOwWQq1Q8AY1aV5026FjNOjL+Qy80kgEIE5xpwCESeMBhb6ppmgkiIjmK5JAdjCFkYMdGxSeuBQAjojBUx9kb9ZYiIqSo3CYjSMe42QAaM9ZHoy9MiBTq0kwiaIapd0yIBQczEAKBJK9yJA4yT/Ms0REQpSwulXYPCUUBoAF0zIYJALhD5gMofx0IPBEjsdIxD4xpIP56lSJ4AQ9eiA2hbJEICx5RH1zSBiA+pi+RPyXAUSSIAdI2LhEMf0k90KBtHEgYJM0wAUSRdqWHmJkJmenxkQry0FhHRZOpSOnNdBM/4W8jpDurbbDvKHVAKTtLJYfK8OmRRB3/ENhowLCOfSjEbY4xReFS1cyzrIYPGQGtos2tLwUBaezbDRntYC2h0PAHVS0rLdkDgSAbYj6Tm+mWrbK4ZTBOskLBG2JVCEQILqPLHFpIBB8vBddhQO2EwdZKFXRAuiKnDgv16PxfHbydICLEm9ij/KMazjVEcJjMI2UEAQHsbIaMDyjjrt44z5vZTBkqb/my9CCgb65HiUOnBQUytfaPJ9s7vXgGrJ0drAgMVesFEqKyi68h7UJ6QiFSvfQEvzKb+keoKBQZtnNG5tEHlhyS3WUvkLymZTfmvCopjG55UL78SWDOaasLGp1HJYROpah/IUlZbmFWr4voR80jCfMVQs38YxAFj0VsRwnyxO5OFTBoasSdIcZ9ptcwHkI1RDiKBRYAHN8Ka7jUNHs27X//6axsT+MzTD2HjkNA5C3JmHAKHinryaOOZCplBiDqkzUZSccvIWdV0SP6Yl84UN9edP6TNAlhugZIdg8das5skTVPG/JxR7S1YLL/FjZF95xeLjgK/11KxMgNXagFJt0j9bkvkdlwAwsHEtatcDRZuVRvnSdNZAsqu2OOkU0srbZbXwPt+1T1e91GAVCFB3rBRxwqSlPlkdWIIkgJ4gsZHxydLdwmgXAtNeqQdPjoEAmwcAYGLGpDSMBYJAiBseCiCABgDJSzQjGUCRN7ZGcmT9Fvez1QmK/AcDvmQ5GRoMvs8xJDEJb8eICRaIrJoI/DuVExbgdPP45XGMAOQaOQcptgh+bhoVOMvI3FHFxhBl30ZglNeAYFcY+KUFC0rq0uOAAmFCbKQBchhJyR7hjFi19sSBTwACZsjBI4dq4v5o0sTuhhYpxVyzfPMnFgNSDiFKIApp4cmvazJoxUExNgFIKVbyCtHhbWohBnxlk8Llqlj2s+lSgAADaSjAkHlCI0HAiBHKb0T1ZJQg7Hk1BZj/oTWbIoixPCQA2xItduQPkvEEx1u8ryB8eCCCopOJl9FIp7ZKEtmFPMxSI4nySJhqiZpb5scumOFT7NIx6gsDS+yKqFE5ESYELFBoLzNBYnAc9hJACHO49BRHDZXoli0hFrOiwVBCIQoOykca1BKA2K5LQKGkDYwYWBqlq7N+iAb/0AitU7tBhIljtRGsMA4Y7Vv5Ro4xPd8YQYjfcv42NGLWQZYr5/j+CbVa+gOiTcYkwIvaSR3KJ1vcZQoKKQUncsmaqixrLXuBG1xvNYACtBPfhWCJxwDPQyW5Y/8EGs3hhJczMlKNmhyEtEr6TvgaX3xXD1W+UPVUxpYi1O6FBi5kgSCd+F7ayNjCvEqERbPyB/WjFIB9cR6qykwfFSHhsFIKYjtTqqI9l6k75hLF3EktMrlxBOSRbpL1KKepAxUbYRcT8VSX6oXQo4i145w/IWDrwrOTANGUlNlEI0YRbFlzQytqd/pUbhZDf5oNYiocc3RfPXLv/b81qz52Ece2Nx0I7tiGd51cqj8CL8myfFuidsxfFujGvZRq4HVtjrdF+IoyIDnriCjNDnnZlQ+MluekGMTia0GIBvgCdDFtwGTfEcp0DYEkSPLYUG3sFXI5QCNvPYEoJip7Czmxgy/wkx22KUxy3q5Lp9m+R3lmiyimVJ3nIBkBtXdZOSiJWxSBEd5109ABSFGUaIi/pc4Fcu+RKIHLm8hSJ6j3aMEa0IdCpzDphjDHi6dxsmrCCrQUuNQoe6KjMQBGTH1cvDDbBRkSVWCQMGtXBzjYdYprLyABoAonwSCycBTCjC4eE3MDM7fSzVAzjTzrBzFpR+mTqdLJRpqKscXQHO1UPLoDBXxOADAL1+k4raRSFSbQmJGgWwIs/4NTEnWHVQRV9SrrBkAmLK49MIeCxRlCbfndVEujMYsGbkka+qyUt1KuXjK/yJkGaOY03BGnRgYCBFkjU6YwYvrKlAgcYAi9qjkh8kusIi5iDlSMqc8NXFtOWuwEXvWVS2CGudCzyl3FOZSKhOzCUM9RkqHC9OpBSO3TXqFyZiQ2gYQZQMwZqGQV5xyimnsEiAkkRB6O3H7JAgnwSMdy2Zy50Q+11NIH6uBdvsaQA5r7Q6RPIRMWt2WiQlrtc1DZtWrbKW1IrQsEeWnPIgpqyrPKx0TISgHpKiGyz+wTakIRZnqIOVwHj6rvCpXIxtndTBOLhlnwAAVxSFpaBpfqQqjbuSWxEgPDEbK5CVgZbdUsEptBZJSXPr1tSwQKkbAgpXMKRYEM3gmuFoQUBswSupl0iR6mAyzjA2p+JupJI0RLbx2rmTnWcaN6Ao4yB4VM63y4qudS+7k4ND4tXgz7zupqEUOirTNFuIx0xOgcp8DX6yAFIMP7Rotrbkv35MdKhlHswkse17poVdpRAiSNElYrOgJlmvrih2DksqwGcNv9bFoz/IsgqokK+mtTFcobDmfBiCrDype83tfjFdFdHNikPegIfuAgQ9h+qh13QIF/Yssef0tefjc3XSR6pQ16ilCUuGyrDMViIisZzCTaKgYF5OkZs+qXa7xtuofhZSkoBl4FdqKVc4/k6j5V2St4l0BAGDWNhuTiYQOlMS/IL7C19p85NhJazlKEhWTBOVKck9FBVIVW7kFhVYOhLDlm1jaOI0mW6I8qX1avbBgpyLoeIZeu6j4QgjgHHriJA41q0q4B4MpHArdHWgLWvyGfvdEOOiASPvCEjZUMJC+q6EvZJBVIg/GilN0Su49u30SwNyAapBfiWanzLKnNJ8blLEEpOBVh7BRNFVEWMiNaBfbzyjzBfoIOUVEAErr34Ku7CwYWBfNq6T41nOACpIsl1VDx2lMHjqa6USUvE5kgiVQski6XzI2Efm4lIqMfYmAfIn2OK1KZXzV2cfAYFDGImcUkqMaodEJT5F8lpEWJOam9ulmUT3hHZeRbjmeMNMa/Sk2jKvBGeAkHbwDWswKiJfRb4EpP1YQEtlQKzG2b2pEyBuptMg4DBOJeA/DCNFipYekNMjc1XBp86tIlDko2GiTZeDO42oDI9wm1SqbG1SNUkPk5XrI/Gfjw4Gu1hmmC6qWPEcOYACQICDwu7EJJEZj4NfZE2pqqfyRQdA6gxZZhbIZRQ2sZDhZGCU6hn4wNPkSTFBtmaJ+DXhcXIVugqZIReRk2xu/FTBwSmIy9PhQaqz5KiIsGfSYrxtzgcL1NTqPYGXUCLPapjUklHLWejwEiLszxA9JClpwJy9T2xkr6BTlaTtvhlEyfNVILEZkDWloU//q4mFyUfob7wGxrXQv0pmlHUthwrhkKRwR2qL4aLGt3Cs6g2pqhOc4NUl+bChvhYE+BuBkqHRWWcS3ZIfkiKOcrMiIzOzFynzxGbHyVWnUkHRGGLSbxgG3q5fjSrWCxibsktEptMWmSysFkJm3ILtCMOdPpb+CYgGNBKP0XWqj5Rqm1JNN2cEGDfIfL2QkJCmNOFB8iEbe7HEQdSMdU7CTyrHB8GQkEIhR/otTi0sxTVllBrKnowbdNW+FiERiG5LYTABIFM/3O4F86AlRfxByJSPG2bQQNrMG7eYg9Y5Z/KqnUOsilG+qNq3QDkDorkJFe63JG+v3BWrh60m0SIDB4nsGtmmm07bD+EZRrkUpBeMeIouVcRUwLGxayqW/MSsl54YyWbPLOoRZa38ZdjGZvFpAclb/wBdYPKBYGdE4iy3N9e3o3azDEGLkHCQ9y55HzZGHl5uSgiYdSWOk2s4g/2TayEJFtl7a1wl8kviRajS+uWBACQQMWe/YcBT+ixGKQyBAPMKHRyTdiOxgZADCTAQo0TF6w6bYui4Qe5aDXNKdUuiRN+VkQ5inIA6R4z/KKchYUei1VOfhBFPUxkvjmCfMUX/8FGyV05Y82aOjNnTqiQydXghFliMtEnXGZ+5k26mkhm1spmP+k2hsSgtUNuWIT9uHcpeXLgyJbS3A1V81ZZMmKXNVvN2SGaTIVkQ+DIKyQCyyoqG5skiKXqjFGMW+aheo7TtvdUmNmeR6BVkfkGAHyN5N23keroiOWBt4WwDkPzKcBC96rEzhUmCyNdPhJjAZKAVipVMC4xG0bc/eQZeENcW0bRiMaWBDs0w5DKcqCOlAWQDICXfVFMnk5ezmjgCgaVEPCsavIlpAdb+wbscNlBujuYHsbWVVdcg7LOwIN9PhaXaAyZlRQXDi95HFbMlODPbcFkf5UngdFdLlIrmKMaqSkiApHbGBkB+I4J1oc/iw1KJAVx/KopH1nEaRLEm5L8F4VFm7M+rmB3TOKaiq9Gmqk+WEAa+i6gIEms9UmoVSIwdpm5yfq5d5axjp0h2PPSR4AZvKGTJACqu8cq1mWmMXh3ep9pg1Ln5OysLWOZujNA3VwyFpxlYLxeXLVFK919CgPADJAwaUh8z+IgU1Uwu9zLSi5SpNNRKNBVkEoJOoW90+DT8JfqJiDgFp1XsKJ6+BVsyLBsKkoJDbqgoxSTJYy4AQrMmy+w5y6NnmwEOpaPyeBVX6W+3XjrVY0rVQa5SZj+oisqJAbLgtTgI7INx39+lLF7amkyYErj0z6LmKkmv4WJcAXqpmOinUchSirXj2jS57CACCkOlcOv6MpJlhxL7bLjHkId48aGQelSAm0uS0IR0HEwO0FLDHVwIh/yfzovWThbtjxpLQCHkIqzKqRqWcE/9uth6syD/R9k62RJBU4wyvgqwDZWDJzVQzk0R7nL2Att3Ci2RzlLHVhoVXPU2Rr0jcGQf5bLggfwZFudiJslchw3GGcaBl2gQbaiWQ8m4KMx//w2Jk6oEJwJyAK7cAJEIDCk2QnY9xQVtsWhZFVim7chNHjmGccEFpA/fKEaTJy1EhxuaBhFEgQFaLbFqp8uQp2VFuyUhasYWVcVAmhMmSfq2oqIFa01WmLJnmNQ3mRsL29HYx0xHV9Pozs5vHlUVIIXAUF0PsEncBBUHkEPNE6UkGmLQEq8gNcVBpglSozgSVqH7g6QFkWyBlG1D8mmJunystytgofooZV00IMqwA6a1fGjrQ2CKbpRzuI/NHgWTW3dV7FsZwiHnKYOb4KblLc3inYjwU4wxmUzeYiao0ZeQxGwIgzdM8gEIoKVhWA6PgUE4uxUodgeTmaSZVXmYUmAhkuchrU+onwmKkAboAhmwTkeFTFjRlL0NVy/CmyYtYlm2d7BrTpEdIolyRN0sX8+PfWZBYhiXcZgPLGEElFE4DKCugdUG3yXMiC0SwVTQLevov/9ZuVlu052gYbPSuybywoYmaeSk7XxKKedsEG81h9TinQIjl3lo1DwEYKos2ayyl+lBIn/qWpMjuSywoLPOgaI7SYEtSlgTWArGOZo2+yDdYFEABn3eUydYbY0gMRhZfiYjKKzNDysY2fS8NCACwIgi2LCHWRg8T8kKvNX2MUmFZptTmUNjC1jLuF9XaTRym2K5m7mQikkVRyA2tLZszLXM6xyqYngOILPhF1WQYlQBA/JlAOFqsfKC0spAINFpmUl7CWJvhzYHWoLYP5XqkqIm6g0P5UkRvi0f11bxCwgfXuooUliOUDU5wiZZFufcennry3nbqtmYT31M8syS+y6VO20yLJQPlZqyGWT9V+ZuR1Gp3HMTlN2On6hCNygppgdUGB4emKz2oV3cGwDBMpOyHkFviiOiKaxGDGqIwGnIX8tgokkIFGUYkpFjYH4xPKoLg6fKDwUf1NQfVgjGYxEN3Y884oDXK47xlBqxYWUGrU5BdDBnDziaHs3cUV8LtmIbpxS9+dzbd5FxJogFtGnIGoldBk8M24CkLCwlY8WXqOSrnV2BJgE4EmOQnQrWpzYDzVAiCOCmaDIioca5U9jM9yXbmBFgEUQt8EloNVn43h3nANkMtgarYowBzQIy/xnLSUYGlkGoxRDF7awn21l+ibeUqjiAoeEj9wrgRcSu6Us51EEnqskaIXAJzjlsomrIcwsCCZUyVVlKJK8k6uIJcIl2lQQgQcnKpdFIrVhGq1B1Rzp6qbuxE3sugQeUT6xAyBYfjjBpA1slBPzGPdac9gBPtY6a3BlY+/wiUQPVh2L64WabKbEwrNp7qI669XYVrHXjDy9jGmk6WKamdXL07s25qnXwecw3kA8H48eGHUUyVTKo8yvpMPQ2AZYzczxzCopHS8hOpkQyk5+WEHAfioDvZo0yG8NsiF+NtDXcxoqpN50pzufRyInzsrOqmEfn6WMY6ZkacaHm77uXNo1rIV5mf0qQDES8m1C8YFtEDMzOJSnaj2v4eB8eJL46QKJazKwryW5tmoCfG+1THJdO2aK+ARPvQhUCz2eQD77v38OAQG0REOZw+ecqsnVZask6ux+VEaKPSA/35+I4hkLxmDOodX3Uaio5MwNQcqqXf4RxqMbdY55TVDFvKwOKrigMgRoG3bh26Bk5tb5BzYulyVjMYkq2U4mVahiAd34m0q82A5piLrB6Uk4EcM1IWE4FeBIqKsAzVlFxv1MunpGbJg7IOcwVCSWmWY63AICUznhbBiosCXMqfSg2ypVXNQchmVGJUJNSalVppVy5EwyKzAaCEoQigylhxnHg/1qFExNIJ5SRAZmLnVI/UVPzSBNOUs/fsfzOHxSuotQJhIigNMR4tz8gKLam1dszCf8w5bWZWkbpLQZapiBkh9gaqQkeiiFqi2OwnyjAv1cZmvg/xr1NcsLpLmZhFX0UzIMR4PriVt9xA7jFfKBPKUhLkfr4p6zWRpUnUBV0ZyooEiDVWXNPUzgcCCzGTTKJISP6jNIiNBxWgYyayCRHVR1SH8aibCgEAPvRHIY+QlmrLDS3ZKvDdLDKYXvywxfS0/pmIoyNGKLDORjEWhY0WiI5wSp+JgCbMAw21BdqUEfM6lawAWvknEvaZYRGB/0eCvzpYIctMlipRBFDV8aFLzhjLLzXxCo85PU7VUdmCM015Xv0DJJYajKOGl5syTcxKW2GNjSbIkhvPbxYulTNNf1BpgzTKBM7qK9aa55YWeSBbEMhBUrI+3A5y/Rz1BoTslYyCg+agDMsrmSJBZdkeclRgnCMJTzSyar0GdNQhSGJuqufAgmEi1BYSRsForbhjy+pseHVt1EqOHt36DnbAPKTKpJQEWshK2oJIiZwcqOdls5kELJsQLXsMhkYtPVQCq3RCEM8v5mWTLAAVuwYsx0UmrfPIjkDfK7cWGPwVXtVttEMdVE5I5tc+WeGRYRC5K/4IoWoSa8Ik0TE2xclbGGjNKDxEfomADaZomkzNGwYzZ0XXLDykoGQkTYXY0C2HB6oAn+mcjbO9r6jGDRMpcXBzjGsaHAnFtGiazllvs80fkJ0BEBGFPAbKeyoqshehljYaIkRAIARYLkMIYWOzaZxT2Kj5mdWodBxkgwgzVwf/snZnHb1KDSQ8lTBLIyuIFJG09lAIrbafyrjUk89sMeQHsqzQDK+cfDIV1DNry9V9M2z5xhshuudevbpY+Gc+9tDWVuO9AiSGf5TJp+DP8TykuLHwHHFmBFC+GHOh0pBVw8huhPJqlRn2hFf5Ulu6Z5IuRZWExrq5xJzUKJFHRC5BkHRS5AZFDjW7BqiQEgDUfDeeZAgsR9nlCxi1S+FB9msCJAUbkNOsqgiXcJP1dYOxmcOgaApidY2psh5/UOMumZgdeHE3r/6xDA722iDvBOHInmWa/+hYSCLb7LYHJRq147J0jCoPF8OY9yQaackUUQLCi1eGGIrklipMXxNbounDjaP4YI2QVuhUUEh5aA4DCqcIONRlyCwo5F+DrucVl1k0GqlQGzM+4LVGhR1X5q8GLIovavpag4HCb2PiDbkS7AOemVEM2vGjSG0WBksyJXOKuTnwMiOSRQmrrVEvnGbRU+jkiDuZQ4aS24bC2Rl8YpvBU8rOVTaImDGKJEf8DxApcTUSItUQfidFkBhyAQqa1crAwx1WvK1UD1vRylIuyrENmSMWw6Eq2/wN1ctm3HSwRcJ4Z+Ur1C0o9yeJJqsiZiHy3DPJZlUAqtsz110j7kuYr4ceHaPYajuwCOLm0kOVlxdWL51Ko1y7y2CKFOnkM89oYB+hjrSpIkca7ZzlGnbr3SIEyAGx0iZUzyuXNjBqsrRFkisZqugg8mayDDYuWdgYaNACU7X6A7iyC7XEQznnk9KuYdSiWgwqVrZ0T8w/1cNKhxqBaZRTcYVv6eGqCMqwdoMlmZq1NpEqIInLjNkFFWkKMRPMspNN/+LjUqwz4MkQE5Bja6wwhBhC10XHIKc4lX56riSF8l3aPqpsXKf+ADm4Va+aKGkq2Kkdq37Vp6BEdP0iALSxgfoo2ZohHt4RY4mmmSohlNmfomHsTEqozAfxYsOn+iJwemmFh61FV2ToZGJxAMydNII4YrIUSnnaE12xx7IPP3zp5le+/srt/UXjZGPcwK8V1bEhGgDW96kIFbOPpvw76dxVKbUqrIiXGGgKifvRqgfFZ5IRsUITRB1vGMEhDQkwPzAPToIeDqZGTESI8kwxD9WSN1QAmb2QX11pAPEiIKmtQbeM7CwX82T532RcxALiIG8x4GAeuzqoviJpML8tkaSGKp0i0plbGXVdyBRScyM7Wm1s1BzNAUtUZEPvBF+WQxSZyZud41euX2msx00xxjehMnjZcmXvzdRBxYvcg0reJEMaTSnyerUePz041hCoZqSonWDmx9KUWDWAQBsJI4/lDNlqqZTbeFYseqgrF3Go5jsG78JXL9KyMVQJE6wbF6wsHZr7UBqMwi0gy6iinp1y7fchOphcQuaztvbirbU1ZNIpJeAwjUrsxA0lWwf6vF6DqPqOAOLUtSIiWK3VbmtohcUwqC0j2RqlXyEgXn+3Ks2uNqmNFUPTmKHUQU4pdgpIFV6xq8EcA1avMRHMJNSxA2rCW64BpOQTqQznpUygbTKlxVftNuJNAawifSNOQoiSyMqyjtlHoXWnSqfT1CJKAz2rWouBc8/jFIZQNYsbAyIAyJbKBkhaBZXa5Auz5IlcW2x0RV3IifUif/WKAaVAqP3AgI+aS1j5VLmSvpY8yBCLLyVlaJW/y01JNlkUtNJUTftzTFQCpnlSRhSY1DrPyLDJJZN0p3xXGaFkUjNGeoSkmiIvmRyZrnXVHVdojRF/1CZdX8liIsuhICn2VI2m/VnkjRhRtRQtQyta8mQIkAMrxNzJVseE+OzfqxizHJj7SEDE+zg1e/NXrlFKpGTXQhP6uT4ypLQWN2PeNcUQJV9QFr8YrTRI2voghy52buWl0g9DJIFyDp1reA2zHH2AQv1JkTUPHicDjQiF1ZL+5QftocbTwFbgFipJ6Y1UdK3Gqll/xiHaWbOJZc01ApWsAg/xpHh6pyfv6er1vb39xX13nxZfQ4apXLzAtO6T3YNZSDHCkX+R0IDJsYbehMRjZwFKvtn4tjQqyzzFL7EoYhaXrK4mXotDN08zsNnEoCFWvRAuAQmp74O2sRFpSRB0IOc2fI/3s8UGRfNMQSApAGlBkr2dhSRpbhmJk5VJzEqKmpVqSQi1/U3Ez9am5mbEIA2Ob4jDAv8DmUhxuGwRVcVRo8RTDwbOjypDRP9gLJj8MrCeR854YmSpXP7Si9HJg1rlImP04if5PUxtIAulrKu5dtIGbZk+L2eizG5e8yaIK7tarGVoyLtcpc4ipExJgI10BpUIXRAunioFZ7GJ45mlvPSQRESjV8han0Au9u6ysFeMMwEAmypUuqadA2VYrcnOyMZ+UU7sRpXUECS+M7yTIMl4TG009ATaCtgtXqIl/JVFT82WBTSZBHmNNtlywx71jm3VKmlIzHd+NVrBnn4AVjqmTQQYeG+UVb94K2YGTo8MAJROz2DAEhEoT5oNk8DCwxrvNuKhoyAUloMfKNFXym3pguYeIshbnVrXS+sGaTVBNYAsaWIDMY9gqCbY2R2zEkro9UZb8i1spn7Afq6gFRNYyJrhyV5pEGkozKzHtjhk5UXd07TSkVFWU7lH7Cd0OThrLrcTw5KjYxiIenqarBuhbOGWybLZSPtg425wNUJqlnVaET3RmJjQqguUrMnmjlmPYMmM0lC+a+MJMV60BZqMclGwVrKjJC2Fdoa/pB5lsoGiCRWACnwSMPCHsZBKwMi2kKW9oBEA1Y8okw1B8kAJkknqeBaSndIaEkl/dbm3NBVmcxULtUgyCbkyxTK4a84m1st3xqZl/uj32AQwSkAWusfwFNpgnKVF0DxkKqU2yfZg0UVJv12wZYg5yRQ1zMrLfokFqBCJ4V1KL78VJ2dmawqZyRX2ZUOS9d65rB9I5BwezbvrN+dnTk3PnpmFAICEeQNB4QGSoR9Y2SyZqWSjHYF2zBY/tbaRLZvZXWIHH17ZPCmFhUp7ZnUhdbpBuYVj/KpRwDaoMCz9RwE2N5snH7146cIpgUn7w7KMDEZ6q5aHTadd51TggjKvSmS1yaXcbgwpgSDGLutAqj0ogFN7N6Asjp9gtKFLya3qDnmQfFqvDANyKNetEr/cggZaXIXJ3hFGjfWg8sMxsla0S4AnqyNKOBhETcN+xtbejLquYQ9TvMoQAqAc4QJmyzCOh5p9SPXK+AoPLZNWy81bf8OJRuYqxst3UCkblR34LqUKI9ZMDg4iHsPH4/UBFFXVqEX91GIyMmOBgvGpUZ5oONUYU8r7aP7YB8pnD/qI92GrDMlI05hcZA8ogYB6gNpfY6WjWcwD6TKEXM0+GA95db2UNDJ/TE42upytdgUoyVL9suHSg5tJqWijQCA0JEMocNURVTFGDViqsjLPN3ROpEMYdRkCr/czA3vFX9b46ELBaKSp1g47uP52IkUdmhk9D1Wd/uhV53LpXlXjgjJ6iPxK+ZD1eilgDHwt1QOdQqjuGqyp1IhK55uFX4eBSNa8aHSE3HVIoFQE1Ja9tJ3VxCz3NROOCVIJs/4+DPWUwhHkupxuwvOx3io15ybrpMkYrrx4WjQq72kbpe2PIuv4pKg6HSfpqLApA5KquYCxmzV/X4PMDERqasmqM6M0PNrxlqLOenZitR6AVe2Z7ptFphoL472KZSjFvBydd4WNRXQoMQaxgtHgFC4jiyqZlDEIKBAQOcQXXrn1d3/h699//l1E9JT2L47r0XEaRkUANAxchhgVsm1KFuv4h2n902SOsgG6hFqqQukWcsRaVHJztq/XMC1MWGaYiS8EDM2g7CL2kgDg6aceunjhzH33niYTUKVTCjJQBKk4j/GRqdQq2FGqS3SMvyxv8gJe1m0ubZFUkdXSBGNB+p0zow9RANJ3tYcpCinynCQ/5Ki2qRPlfwVGiiUzuyRmURRDrfmCuSiGwngFdALFGM9I8xR4iaJbB2sEIfem7OmgUEiSf3KtIJsswy51J/rGJLmJB5aVDCPv9yE+h0P/EHVGO6Mpb8pGvBTzxTfpcr/CIBcs0wCVNboylDBrl6g4oAtGmOcUySQFNOX2KuhRsKCip8EdLPGQeZxwYqk0XVVSLmaYPUqmo2JGXlnk2julxQ4EiK/ngVQfZaCcmHLxSfQNbXSSaSr1el4GKk0Yg5wVlylsXkEl/uVlo0jJGCVVV/ZMX8SUtIZFtj0UXACuW+a5SP1VG53M3URERoWZR7K0OHy9xbBI9NiAaGgkgq1+eACSFcWs08kM2lU6805OLnWjYpUV2xJWFHtIsl6T3zqn9ADIMCXNzCsviTrR9GUt5SAvaXJ6hycVd8WWc99oYGV1Suic8CjAR1Elfd9utc3kB4lPeDRFL4DckBFSP56SzEuCBXlzpfRQ0pNKmblMaGHO+1Pi6jHrnTZXlnRZ85XtylZPnBtkQmTwbIndrAbJTVEt5Yy0yEYqK00ottsR2zQEY2GNCRWnB8ASQsM22qqpLecMhno7P0FC0VCJfVPrFcZ/YDIiqJRXMwXyeMI7MXoImUXpUy5l8kuRfFyKssdEvE64dvXJqpSoorEepo2ylIKIWfQQJdZuSwRH37QzWV6luxKcpidpXYvRzfbGLqblO7wx0BzKEidJK0zKBKACAIBjUMo35ZvyN5Q0QCgjdjlhgHn3CrAJMhNZHRTJFHnTIZgIEpe5CEh1Zf8i8qC9jYhWlnNDfmmrvTNCEmLk306IEhf7qBU2dlKMEhq6kfwDktEi5sCJwwRluwX37M5yNpDAJOC3BtgzZauV1DOJAaOsDC+H2UJtSCImqGsnwmwtFuojrkpG1TS2mcnu1Ed0GLz/4YtXX3ltd/bjE+Cly2TxMaPPiZjiYBFkDODTy+asy6jagsI9wylyjbLBkyWKFCOAnUHLo2kTpofUFjsDbpHJOlW8wWMGHBjtNdfYzgdkxKYzfPLxC/HmpMHOJ9niNTprzwkkBc3FOGVHMdFaq5RluXmTSSOh04zCh/Hsdj9FNmOaKqwP4j+0ZLD74w4uTcwigXoBQHdkrUp+QMUuxYVQzljDS1X4azU/8ej1MUuoFG4lKIN7KgJTxkn8FypvzUCPTJrViMRrEhvEQaVWJhXXUGT4JDZL8TUjqJishBiYe0aQMO8YT51IPZP0nKSzUX9xKYXr0EQzdBFhEPkwJz2zO3FiloYczwUpCtwzAIAKl/WHwkvHu6KjTCWBQe7kiCP+1m8Z0Rdg6TArE6CUB0xGkqdSQzm2ccDalhwLYSEAKvRQ80kGFL1luSW07JhNqUA95KEWKTHq1iUoAhr7xaNqAcziy3lWZr1qi7qjEhieADN3CBQlCRzHBiD4878ZRWWORMFzMs3SnslXsYmgvaaJaRGI9P5EZQBkeMpBM3sWsQE6IVTipBUPDdKgGGIcgH46+FemGLJpOG05FjdCrXLsbEx4LbZRS17EgVVA0tHhKpSVPpSkr2xoiJHpQXoE7R2NnCbwhkURPTqZkE33U3MC5GAdi8cGah2oSHCruTDULlYGiRuGRVBb5dPTq6HL4Akgex8ttGyHTXximSgpNAKC3W/LLZgHYiIGLsaArDSOt2uzVVFGoDaNIJvTA7IdKMFvCAOgIhkzmg4nhna0gLY4fiF/NLwD9vQs8wO7YsZmMFAb/iQsiUsitJacxj1n9pXOK+8R1aqlDBaibK4gS44M86DKxf9kexQpryL3mh7pKoZ2XIot2UZqPKVcqzxefqPGwhU/RYlVVM3jWUdEiGgCXLsTh+wAYvdIVVCsNdA+u2qqFUESrCUSBNm2oVYN0RzUEFKqWgyWCMrZqHCSCTUb3lP0Vo1zt3YPX3752sP3XXji0YuBF9rGEDEex6ajepmwECVF+fwySK6ViFXJ+JsN/spTFOkgAUFLZZbOhkAKIRpvJY9VJEvocayhGbYML5RXMPirTj5A78NisfKEm9O2aV2QtasqYJmzqTiQlkpNVRSTrGuEgVjGIfumVOZE9Z8NFdR7kcTBFqt2Fk32BgYKeW8so1sEJxxnOYC01J4U3b64lT+mgVlXOS7Q9FGNbZBEVJYVEsaYmScUyQMjrxhQ8nwVAywLxaCGl/VeTU8kDZRgh5DDLMhrpqouxW4GMsMUyjaPIyrpZaCVTvL6GOTdmplgRFyHqjkzcXu5yMdKpXIhZK+jIDX+NL83pYpwTHz7eiFkTon4DJQ4AaTct4QoCE6bJ2GXGo4HiVlomkICcZdvknOMYsrNkiQhFa8Q8txcZWGllWlFs3gaqdknyss7LoIQ20qVVyDA4KR05D0HacbsRpjqRAVHUmshCzFVWCxFxJXS8GTI1OasKbE/QiovdufImLKdzbCB6JkVGqnFZ6VLkomUq0iCuzW1CWpesNH0ZDOaisVSOYmwkhpPGMTGgDDfF3ZqA2QIRAJAbg0ABJh+SVYvEYDWBjJM0ZVHRgc1gDlzRLHpQjKOx5KOmXCH+0hszmI2LDHHiQnjL1arQpK1blbbE8SK6Zg4gIYhBUgESgljC46UBOhIYG0Ec3tla7GESKyO4pWRuxyfKFKyouWSeJ5RQStqL0pue1nvCBwUqSRPNFlJjxhehjIDGWdPtr3wMbExG/QBuXTjxPbsJFI1MBMuG2tpywUAthS8FYfVggubIkrslYb7MJOTVG/VGmoAWwNVgNU4mr85g6C8FwhZzCPMxJZZGbtMJZ6e7R5TS1eKhS/FJa6HDy4mVhfbKikYx3aYbKaNQDETXrxDNhiZTBl5VDtdVElCEGX5VI4mK4FoGRgxTirMTitrFohMpUW9kpZ5O5C6py7VVDRAVsDY9yg7YaZmCmU11RNkZw0iSTIduw+SYdUyAYtRAWveY4Vg3GjUhEFzjaJGmU0fkZICY7aV0Kex47Tcj0psERDUj+mlpwYPNkeQ61XRyvMK7JA5GYKENIuGxtHknElLhZX8gTJXAQCgbXCx9P/qO29f3Z3/xOefPHt6o+9DjK+GCqVH4Dnz3+oe1fqVpceoTkoQsqMwRhFYO4dXO7g7BoGxpMrT8mxjJQzGVa8BFrMVNVe9MaZ+ESDBZNq8/ObBd569cd/lsx//8OXpxPV9SLW9WOZRwpPsUp6GFEDaHQCCvKaeTFUWdb1AJMgMCJislRYonjIWiKQwI4Mgr2FKsF7JD2UklZdL3iFaXcLDegIGYUipQgDAtMKTKaYsFIGWJVJ73kDBbyNkIU6e1nrBLDZ6jS8/LUofJgwxhoUNjypG5hoo5QQHIEuDkuFUC0SEkL0SV4cj3yUSsDRNDA26XpsCXrb8Wg2FToXYlbWIwmwPNSA57LylWrkoCbqNu0soiZYm+Av7AOybEVB2EjIpkB/LeEgQFCMCI4UQKZmYmOMch5gSUbYcQgqxClq7FNkqAp0wYBFSlGR5yuzUnSJriMChpF7GcUMWMkxYZAoSW4hSPHN3ykwRU6P8fY5jRNhR4CQuRKm9MyJDWfSjPCoIsi3IMSM/YJtFYttADGusoYrzN5TVWi/o5EYZjnQLVUFakZ1rDNGABsQoKukJcyyTgrNX7cBI/uOJMf2fLWeW/mwJVe+KqHORiIUxVwgUnUWRhJgZXG6W+MmCF4fkIozeLmJcX0YJc4aSGqd6C6RQgesdAC4ZM0YTZAubAjBjq21gvoNiP2QExS0VBsUwOqfxWXKIrFFkghkqs6nTg+f9itxL8nUeW8FZRuFCS7O1UXoV+i7uRq+HxXlRual4l4mIbEmSFknXtOIjWYI2U8Wqh7X4TByNuPBPWxAlozZpZ/OAxlBiDnqzfOVXAUTbSY0py7vDrTfGvrLTpEyIXNiNX4zly5TXa4LGgCk6BjCXIrGwx9DSzD1cXNCJtMoVEsVYrTGXMcl0N85CaAT8Nc4oZj+OwBvsMphaypm7AwVI/JdlRcMCSYtFbvP4KlXmeG9AvWyuRSTU1sfhZiAQ28VRcUbQNBIFJUVRAZFAaRKm52IXOAtX4Z81WWTnEqzZu5AGm2zbrKq6q/wxrVUVkMHLFZVBkKA3B6gWOrsp2SeIq8Gs3DPrkugYQyUEE/EFXi1lJHVhGxEoIDaAiG++e/ur33zj/vsuf/Kj96pN+KTxSnxRGUOabJjs5zYRq7GVVE0x5VMFAQWu8Fo30wuK8qMx2oBWpq0AbFhSIqPf/Fx/nQDLChgEREQ7m7Ob1/dee2NvOnMffuLitHV9yC7XmBvWshrlZYdYCgYM7+QzKImLIIBUgNLIHHzb0TWukL1o+p3yJOx5HS+OhVBCKeCDkWMl82IgkuJnNVUCzCDlTxCUYSmZoTAy/yJwqaVQtQx3AoPlzeJTFzPTUU1nGjMc2QwVBQw7icSBqL21BApSNWPrAyCoZSiUEY+hKIQAwUSAypSoP7ZUX8hH5rg2SVIzxoRmZp9mPRGGwkRb60t69oEnMtGfzi5RbE8Cj7K8Kgx57gBGwLKQIMR6CjlAInBIgE4FxIoskayoZ2N4Ms9Ik0FyTa2grEw5h2TlpFzYzFYJUcdSUi7BVIghLQGppwPwusTOhiBt3Ez5Z6olaY4BS6lCDFDnoszoIEjGzXQIyKVdg2/WVuXBCh3ImVFp9CSLUx4itY0tQ7IPgz2SxSq9AoZDB85jVAnEAXqgQNqbqoERASAANAggUGlsNcFZV7VFyGcOSCxFWR6CDXUA0uKkA0AXg9ws/5hFRLQVGYZkmYzxQsNlYwRQtdFzcDTMyqcyguQGUBlvTJxVo2m+F+tCceQMw9AB1aBWsItMkinY66XyDIyqn0XwSQ/OxlNrXRabgUmH0oEUrQyY1u8wUNnAakWRJVD1O7F2cGUHHJNe5JcJIekFj1+6HAW5Dn6sHBX3tOg41Ebb+gn+lNwU32L3UayhFApq3JTqWpkhtx/MWVC+wCYHMLkomBlv/IKequRvaVlKwGoCAUkC9OZtvTan+D7cZaNQUCZUTcT4iE6SqKBxqaj+1aQSrVp/GWNYxA2FMFDxSHkA24I7ZnMClrRlRFJ0MJcORRI+pr5VKBMKvaWPATurBMkAKASOTrZKNDHxHCWz8gvpNZ4FHR1PTSW8AgWrOQiKZRA2YruG1lQsBarGQ/OVH3Loi0zfPDECIYa0h4wAALdnzac/dv+jD126/66tEIJziJYQspIyujRbQEwVVtVMR9nH5HqoB8rjof4kA4YQiibR1Rj3rybQ7z+hcdTpqdbvfM6DQKTCa/m3fJ+rSMS5vMYWlkiCG3S//vWXv/wbr3tyn37qwU99/J6tzdZ7AHEYKHs34tIHEo9MFFg+uEKAHPQn/EI2qpTzFExqF0RYCRyKQKcYLihuYSCp2QPI02yZs3w7kH0eqgCL+YcwiAi5mseSjMlphQg4e/209TWLPBAG0yZdvBzErOPiehonG95UxkYkh3HRwwGAcwm4EErjHQELHHQyRHnvDklchgP9BSaMdqpMKpfpQwQYKPExLnApk5wlrcFU7lPk45UUEoFHAnIYRQhTxYldPBEFSqt9Mf8EyDaDuYPIJM32BgEjHcSVAQKAQ0QEdOBQfhU8kZrBzg6JAILn3ZkIhBACklJfSV6Yx7zdgmEjSAu2RJbelOozToQBEXmvLMup6AvFL2nKbA+43GqjL5ewoDRenBtdYHhjV1Mt4hczIwBB4IvMQ0yUl9W0vHJGEAFH4TzExIcVM6m4c4IaMz5O59Ah6N3jQalL/Bj0BhnGGYECpVSHZFCVNidiujR7kyo4+eSeKBlq+ZEwoSYJr327K5WIkS0+gj7pnSCvxQVITiJW2NJfUr8ngrECFhLaEITB8k/a3CNEU8vjyFRHjJYhBF0HhUAY7UAiZvwAICOgQ3RJQxvHwFMS4+SSkypEy6N3BQIigmMtTnpKlCaNHpLLJymoSWmdU+u2UeQdsqyARDapNhKY0PmlgoQhspWAQCE6QftbLRjkkzgvlx2EjdIV6bJ3V8Wz5B3yGiE6x9aPscvgy+ZHdk/RtbHVIshwRCRVwphUVcx57It6Bo0nEGWbSHkpQfnN5FVj4+xvBdpo/fI6FGVAQK3yx8EcstpD1HJZM4gYKI9LgeOBRJ8iRRSHi6x7DllYEIgi1gyp7IXLdDNRjMFLxs+jpxhSNgMGyyK0g5Au5VQKeExp3p2tInECJL1VBVV9vSjgJUnSAZCq+lD0STnYlBobaDPizHDGeUcWOgMM8JmQChSUjfVJl4MsnWdlT8SiwAZC2JZCGRYJ9uZGYECJoFjrzABN4RglJmOlS7Ac04iJGOYfFESveT0mW3opbxBTRwdCISlpCnnyao6SaDYCROQKcYuQI/sU6Zy8dFJDxSgZndgBCKEoRXgDvFCQ0DUo4j0vWVzZK/ELCbl+lzmCanDxMMPj/QAQQopPUUyz6BHJ4j3vMpQDlVL4oFJJTPvzOd2QuDGCFIQjcWaJV+QqGSoQsqxiklLeJkdpWhZFUY60u4rXHDloR4oyTAAQHBA6aBsHITpatqqAIagzzsQBaKUpRLN2y1BZMdVoAxtfAV2/ESJrm0VOmtxulm82HajyT8VpscPGoKr5DB5QoEKKDMM2iUkMzeBt1+HNYi0wry0QNA7mq/CNb7/+7R9cXaz63/s7PvT4Q2d9H4CoaRoXC54UJZICQQj8BpIzQV/EK4SUK8cX3uJiDSZfiiEEzqXBIbpUSEn5JwCEwNY61ttUKksAITEqVpcREcFF0+kIKQIW416HUTHiMwAHFDCEJJMxSKLMyBRgRbwcQuNSdB4Z6gP5QBKvYz6NjAsDIdmQBqBpkWPvBHwMGZELKWLn+A5qkUiHjpB+BH1IERuCnBfKBFdm3/GAWeV1mEAQxA+nHCkZ3cidPsTEEFAC+qTnSEAh5Clcw0URAnRIBCHSJwWF6BKS6a13Lyvq2dJTiF4pgCfy6q3HtomsRf7dNQwUdBGrcbwGFp0qb8p3CA4JnYnmABJzMZky85AAvCcfk1oK6BxnsMm6hEBSQUEgh+h49kh870mKAQ6gaThDAcBIcIz7/ihmZYwlxPzBc9gQqe2SqgAiBKAQohQRIjiMLyun8CYKrRS+ONXNMW1UBwcsEBy0RC/uPflYBCBEIOeyXCIm1MQzNA6dSzqIUZ7VZusmKhuy0AIHklKOgeSU44fYPSZXUckah8TRaAAIIfjA9SCghl1/qkClV2TROXQIjYs0z2wNPm1mJgBHFH9WmtTSg2f+RdiEK5FpPgZclDxb02C0tRHfKOcyW9OIcYuCSj4wVoE4D+c4ICdygPFXyBy6fHA0JB3H1Ms5zE6ZIAD0PvggEg/osi2IihZRahABqJW8EAEJicBTDoqSLjsmQzSDkjon5iYuxEy2J/Ih3iUAcg7SwVqIzgECBULgX1dzLoXhOvoJAUL0vzGTccm+xQDQExGJ/lHD8CdbFyiwBCIva0OqgGAUeJ4M2QSzpwQInoMyAiRy7AOk7OHZiwFRFK1kJ0FcjygIsWgzrAG8iFP6AVjWuwh7ABGbWMUTNyeDixC6KK48fnIf/BRVKhCP+QoBWLcIgbDJNQ4CiJ4L8+DIVapURw4Sa0TeKdRCIkuiWxJmyc0oW+bEFOZ4okwaPEWnjeMwJKpDoOjuBfPI0xhXEjMlQ+5YkREQwBNQyJmMc1x8TGYyxhKGqvwxUlUqvRCNjFAcAdn2JsqkinaSPRcCO/wUh8hACACBQ8O4uTJqiQAakI0nRKucklKWcvASAsk9CR4ACJNpopwVxFiLQxEOqcR+ggQVDHAqMSdmcpTFIhfYjuQtAA5BCaRnriGgA3AOg4SALDMSmTrMRgzjjp8gIJJrUKWzSEmYo3hTlPaIcUxNyYPnHbpRJNLWyMhxieTZXCObE0xrJznUJ4hxiHIcYj9iHBjNaMqJiTdqJcl2GDM4AACXps6VK+dUmJekMagaBjl0znH7OLVaqXQOFcuQUkkuVb6T5c++HimEbF4IQEUaAJjUkL0euhR4YzYRQnNwqN6Jx6RHwMGsA8IGEXIFLBCGZFkphjqKn0ABvUoPENA5yvKtAn5gHRdRAUhiqlQPOG1ObPVJEgkBnAPnctwdy2XRq0bitA6cg74Lr797Z/f26sF7T184uxF8ok3jTGEl24aRq5p2AYONwP8zfeJTyA9ERRnnPCzlLuXUdjEWvfdZWdXipd6fYz1Wrk0WJZz82aagDG78J3kfrAJn8xmBWOaGZJ3M5Xt8/a3dq7cOH3/k4oUzG8H7PlDfB+dcDKkjh6LL9p4QsQ/U9zEyBiAIgZrGNS7JhAPsvY+qAkl6EF2KkhChDxBidT2ZU5y2DSLE108JwfchBHL8YiW6dFYQIAUC31NIVgCRqGmdaxyFJIjBg0+H/hAFIILppHUuxY4UyPN5YIHIOde6ZJQdgvfU+cAxN/kQ1Rl7nw4olfgsJP+JbdN4HxDAOReI0MGkiQVoIsBp6zwBBEKXghVQu8mJsG2QAImCwxhqJKMdQgDApnHBk4/mKwTnMAQi58iHpnGAzvsAbLNieEE8MrLziDGIQ/RshV2DRCk2iclC4xyR+BaMy5QUCAGbJtkFh+gQVn0AgMalLKhpmrZx8ceUAKEPFNR2PUSctE4WPAJRl2IHAgAfqG0adC56ZYfQ+0AUtxEiITnEJua7BIjkCUIvCzmEiG0bCyHokJCg41Ax6lbbOEwuH5sGuz4ENsZE4By2rQsMcO+D9xSlNOYRbdNEHBxCIPTex/A0CmrTOBfXqQI0SCtPnfdtqqyEpnGTtonMdkghUO+JPRpRoKZtHAIFQMQQYMWDA5BDbNsmpoKOc4M+xshIIQA6N22b6Fmii/YhJPGMMa5zLNJIRF1PafmU2No6DD6dAtd7Ikpv3odADrGdNnEh0iF0gUIIjo2+c65pXIhJCGIg6PqAKRMBgEgWWZaHLpcfgIhi97i4RhAogE8aARQgRDCc8z6VMHwIwQfxx84lqkZnFgC816sHMG0bSIfLAxGt+hALBzG+aZzDBqNjA4DgqfchxSGEiDiZuMDRWQjU+YDKPk8aWcFEijYhpc6xloeAqZzhEHoPfUjdA1CDOJ22UcNiPu895TfMCCdNqrg4h4jY+6BcbUoePIt3HyhIJk0ABJNJE/U08jR6VkhVNXLoJm3D4gEhQNcHXtkACtA6hw1yJQ0CgfepSBAZhW0DDoOHWBAJgSCZGAqErcNJ08QkoHEQCLvOR5sTwWtb1zQYKMSV5ChUKeYmcoCTSQOYzKP31IfgmFAA0LatQwqp2k99T32gtkmRj3PNtE3r3ogUAnYJ+FTnmrTOIQZ+p2vlo/Smc5pb55o274PwIXR9cI63kSJOJ00sJzmEEKiPOR+mUkvjHMpZ+ZAsWLQSQORYHSJh+wB9H+I40aJOpq0cH0CBOh48jhYlLvCiWx9SnBvdqos7xgJQrLIS9QFccqsACNNJI8ErIPo+B9IEMGkcAgZOs7suEFAUw0CptBSDGATw/G6MpPZN07JEERGEkMCMxrxtHDrg/T6w7DwANOhiNO8QG66+RK8YAqcmBAAwmTRcUQFAXHYeZWE/wGSSooVI1c6H0JPj9+MbxKZNXxDBB+DtVJFshC7WXKKJhT6EeI+AAF3bOgCK5pGiIgABQCBy0LRtE7dGISIgBB+3YiXdibULiqICGDwBBOcwSodzXCeKaSFhoAAIMaxxgE0TxTiXhhFk1w+iAwoQbQ7xOxmBgCg4XseCgMlDeQIgQvSUknUCQIImBjeMke/F54t9FgMaa15B0q0GXdMmujvAQNB7QkxFOwKcTVtIegqBIPhUvxL7iQ5DSG85rvrQB5o4BEACal3TtpiqYAAUXR6GWHclgknbcIWCiHDlgwOKWQcRNa0Dh5LnhUC9jzsqIz1dI4WftNEmxCA6EDWI6BqQZClATwERnYubclJVJ0gVNcKWBAgaB651UcRiSND7EO1kxH/SuKiWUV5XnUcghxDXR9o2WYiYg3Ue+r53icXUNm7SJG+eTHcIoDZKt03KvKLudH0AorS4R9C2jWNNcQi9j2WdtIsPwbWtS0F4AxQgcAmEAwlknYLgYeU9AiG6KP9t2yBSXDwkwrhQEjsQxIzABV5eiGYzu3JE55q4jyeqj++TKkUVmbSuaVwIUcCiP+KV3Wh1nYvTuajFQHLQI6KL5iWSdbnyt/dXq0X30uu7//hXX0Hn/tjv+dDH3n+x7+OOnLiBDqXik6SEj9uVPajA4wO73iLhkuKNWJt8JUKCfrGyzNSkXiPlpeOuVhacKOacqPsl6c8qGOdQz7ORVXDq16pS3Q8EorL92JWpIzUoVfZQzQBdeOTBc/fde7ZxEEJwrTvYm/+LX39ld29+6tR02jYe6J7LZ576wN3bm00Aahv3ypu7v/aNt33wmy11Pqy6/iNP3vvR919BpMbB/lH/a9986/qtw1mL6NzRfHHhzNbnn3ngwtmZ70PTNl/7ztXv/PBqE3pAWnSrnc3p55957LEHzgbvnXM3bh39+m++c/3W0fZGg45WK//wfec//qG7pw20bfPO9cNf/ea7N28eTqcUAEPf33/Pmac/ev+50xMK1PfhW8/efOG13Ra7nmh+tGrRfe7ph5945LwLIQA9+/KtZ1++5ahf9WH/aHHl4ukvPP3wudNT74Nz7vvPX/3V33z7zHa7MXHz5Wq+6h+99+KnnnqobYAADo78bz53Y+/OvG3D/sGy82FzNvnIE1cevPe0c7RY9F///vWbd44u7rSLZT/3Abz/4KNX3vfYhejOb+4tvv38De998H0f/HKxal3zwcfvfvTBs+Bh1YXnXt09nHvfrw5X3f7+cjpx9185++hDF7Yn6IneubZ/9db86tU7R8EvjhaXLpz96JP3XDy3QSEsFv3N20sMdGP38HDll8vOOdcgXLp06tSkeev6oXPh7Kmt+x84uzVx86V/5fX9F1+5dXA0D75frVb3XDrzuU8/vrOBgHB42H/zB9eu3bjT9f2q7x3Q5z756EP3nY4b5+eL1S995dW9g8XmtOm77s7R/JkPP/TJD98T8w908O1nr3//xWtti+SDD7Q9a7/0hSfO7Uz63jvnrl0/+qVff9X3q4YoIC7n8099/JEPPn5XrA40rfuVr7/x3Ks3Zy20rVutVhfObH3p80+cOz3r+zCdNM++fOs3vvMW9X0zdX3XzVr3pc8/eeXClg8BnZsfLH7pX721d3s+neF00iwW/Sc+dO/7HjkHEAJAA/i177zz/Cu3nPMItFh0D9134XNPP7i10awCTSbNd567+vXvvts20GLwwW9NJ5/65CP333O277u2ba/dOPrnX339zsF8a9o45w7nyw+9/+6nP3R366gjmm40X/nqG1/97lunpq5t3dF88diDl37sU4+c2ZmsVn4ybZ9/5cbXvvdO6P1s6hbLVdvgpz/+8OMPnu9WfjJxt+4sv/wbr7/59u72rPFI0wY/+oH7Pvy+uwA8Olwu/Vd/89oPX7nZOCKgw4P5/fec+dKnHzu903ofHLrnX731je+90/ceHS2X/cWzm8987IF7rux0Kz+ZNO9cO/iVr79xa+9oc4Zd123MmqeevO8D77viybetu3V7+Ru/+e7u7aONqet7P18sH7jn7Gc/9cjUpRDk2Reuf+PZq2c2kQItO3/h7Obnn3n01GbjA7mmeemVW//yG29MYsXXwcTBU0/e+/7HLgQfXNsczfsvf+P1mzcPpq3rgl8tuvvvOftjn30sriI7dG+9u//LX3sb0bcN9Z1fLJcf/9D9H/3A3cH3jWsC0Xd+eO073393a4aByHu6dOHUT37hia0pEsCkde9cP/wfv/JSAwFDCECTBn/800/cd/dOCOAczpf+H3/5pf07i43WUYNd1z1477nPPP1gDGIR3ctv3Pry195oHQWiru8vnN38yS8+eWa7CUQO3bvX9/+nr77Sez9x2HWda/AnP/vk/VdOEZFr3HzR/5Mvv7x7+2g2aymEEPyTj9310SevtI58ANe4b33v3W89+65D3wAcLRYP3H3mJ7/w5PZm4z05hy+/fvur336j6zoHQEitw88+8/iDd+9QCIiwWIV//rXXd3cPJgiuxb7zd53b+uRHHzx1atL3fjJpXnxx95vfv7pYdIjBh7Bcdp9/5tEPP34hlqZXXf/V77zzxjt7jjwBdKv+4tmtz3/60fNnNqL3u3bz4Fe+9sbR0XyjIWjccuU//L77PvzklcaRD9S2zfdeuPHdZ6/5zjcNdr7vuv7pjz305OMXe/LO4eFR97XvvvPOtf2JI0JazLt77zr9mU88dPb0zPuA6F55/eavffMdh2Fril0ffAgf/9AD73/sAgVyDhfL8K++9fYrb+1utC4Q3dk/uuvi6R//7KMXz0yWPsym7XdfufZr33xzAtQ2sFytNibNZ5557LGHzq8637RuPl/98r967Yev7J3bmQKEw/ny8Ycv/7bPPhLLXID4gxdvfON7VycthECHh4vTp2ZfeObh++85NV/6zWlzeOT/xdffeOn1vYunJ33newqPPnDxc598EDFFP99/4eaXv/7aRusc4iqEi2e3vvS5xy6cnoXeu4nbvbP68tfe2t8/nE7cynv0/kPvu+ujH7y3X3WubRYr/7XvvPPqG3sbs8YH6vrVXZd3fuIzj01dimCef+XGr3/jTSTf+7DqurM7W7/jSx+46/xGIGoc3tg7+qVfe32xWs4c9r6fbUw//bEHH7x7J3hCB4ul/5Wvv/nO1YPNGVCAEML995x55uMPtkixdPXiK7tf+fY7DXoHtFz1s6n7XV/64MWzM+9D27jd/eU/+cor86OFQwwIDsIzH33wyUfOA4UGXefpn/36629fu73RQHDQdf5Dj19++qP3IcS9L/itZ9994bU9DJ6Q+r7bmE5/55eePLfdeh+aFn/48u63vvcueh8wdH0PQF/63JMPXDnlKSC6vuv/0f/0wq3b841Z0xAtutWTj1751FP3TSfY9zRp3W8+d+M7P7wagkeg+bLbmrZf+sITVy5u+b7HppnP+3/0yy/eOZif3mi8p8Vq8dlPPvaBxy45CATQNu7XvvnmD1640Tp0LSyXqwfvPff5px86vT3tO9+0zctv7n3rB1f9atW0ruv7jQl+8mMPPXDl9KrrZ9Pm7Xf3f+Wbb9/ZX25suL7zjYOnP/7g+x48F6ifTJq3rh585etv7O/P2wbmy9WsbZ7+2MNPPnYRKbRt8+Lrt77+/Xf7PmzMmq7zDujDT97z/ocvhL5v2/ata4e/8o23jg7np7enq947CB96393ve/QChNA07vCw/80Xbr7xzr7vuwBhuewvnt789McfuHJpgwIcHHVvXjtEosODxTs3510IhDR1eO/d5+6/vDNpYLIxmTZ4OPevvb3/8pt7y9UKgTY2Wgx47uzWR95/6fRWg4DXdhe/8b13V/MVUlj5frXyVy6d/cwnHtjeQAR8+/rRv/jam6tl32LwEPq+e+C+iz/+9MMAHgF9CN9+9tp3f3hta+Y8hOWyu+vi6Z/6sScmmBYnX3l198vfvDppgvfdYrFqGvfTX/rAvZc3iULjmr29+T//6lvLxRIgrLq+beHjH7jng0/cFUJonOuC/9VvvPHtF26c3267VUdI73vw8hc+9QhCIALXuNfeOfiXv/F64wL5sOxp0tKXPv/E/Ze3QwjOudsHy3/8lZeX8+XWtPEUum719Ecffv+jFwHjchx+4wdvfeeH1zYnDTgXfH//PWc/+4mHZi0QETr35rsHX/32m+QDIa267uz27HPPPHp2ZxIz8P3DxT/76huH89XmrAEiH8KnP/HQ/XdtNyHEPaXf+N7V7z53FUOPiF3fPXzfuc996tHtzdZ7alp89vkbX/ve1eC7hkIf/Mas+dLn3nfv5e1V5x3iwbz7p195affOfLNtmkl7OF996mMPfuCx8y4i7tyvf+ON7z37zgQDIC665aP3XfzCpx87fWrS+9A2zatv7X7lG2/OF6vZ1HV9vzlrf+Izj913107vvXPu6Kj7Z7/+2jtX97c2HRCtVv0nnrr/w09cSacuIP3qt95+/pWbkwk0SIeHi3vvPvdjzzxy9vS099QifvP56z94/gZAD0iLZXflws5nPvbAhXObXR+axr3+9u6//Ppbq2W/NcXD+erU1vSLn37k/rt3uuDb1t3cW379e1dv7B7MWlyu/Hy+/NCT93zqo/dgIAT0nn7jO+8+/+rNMxsYCJZdd/nCzqc//tC5M9NV5ydt88pbt7/81deWy35j2hyturaBZ566/yNP3EWBmqbZv7P8yrfevH79cGvmVt77vn/i4UtPP/WAowCIFPC7z1/7xnM3Tm24tnGrrr9wfvuzH7v/1IbzgVrnXnht9x/+4g8P7xwczUM7mzz9kSv3Xd4GgHhOh1otiRWrtKVdjhcoskadNFYSSHkkaRfKVAhqHT11MKOBTc6kSb5ZrH+2+QHPdKIVXAFLDVfJKtHSptLfvEUxhHu455DL/aBfbe7TikP6TSGHeLC/eP2NW4hI4Lp+ef3uM48+cH57czvSYn60eu2NW/v7c4e+D4H88q6Lp/z77po06JxbrVavv7n34mu3Jg4C4OHR8qF7tz7xkSsAm+ggBNjdO3jhpaur+co5WHXLszuzD73/Pkg5M9w+WPzghZtXb+xvbzSB6HD/jqPw1AfuwtYBoO/Du1f3X3nt1myKnfer5WK56j70/isXcOoBfKC3r+1//4fXJs4HgOX8cHtr+uEP3J1IFeDqraNvfv9d6PsAtL9/8NB9R5/48P3nTk8RkShc3T383ovXz2w0DeJytez6VUPwsQ8/sN2CQ0ehe+Ot2y+8dhMhHM6XDmFrBudOTR+873Tr0AfavTN//c07tzbc0eHysOv65bwBfOyRC7GofLjo3nr3MHi/u3fn4OhotViePb1x/91nEc7Gmt7eneWbV492d/dv7O0v5suNDTw6nN995czObOo93dqdv/Ta3tvv7r5zY79bLc+cvnlqe3bp/L3O0XLlr904AqIXXr55be9oseg3N5rZBHvCyzuzd6/fgdAvzvm77znrpggAL7+6+xvfemu5XAB1wXcb00nc+AoIB/PVd5+7+u7V2xBC163Idx94/O6H7jsd9WS17F99a++tq3dahK5fzecHjz94CdJKBQLA9Zv7L71yvW2d937V+Qs701X/WCqPEu3vL3744tVu1TdE4KBbLB5/9G6AEGt0DvHmrcMfvnADybuGutXqvivbn//UY7zTH/cPFs++cD30XdviYtXtzPALn3oi1iMJadX751+99cabe9ONdjZpbt85vPvyzuMPnQUCH8KkcVdv7H/7+281QE0DR4u5Q/jUU/fCZhs16Pbto2dfuAqBWgy9X12+sP2xjz7QOPAEjcOjxerVN27e3D3cmDQecP/OwflzW/5DV1rEWMPbuz1/8829qQtNgweHR1uzpuvuR5gQD/7CS9cXy242dUfz5fYGfvj9dwMAurQOfPX64QsvXt/YaDwRhNXFc9sffN9dDQIirnx4893bP3j+6sQBINy5s+99N//4g2ewjdsAbt6ef++H7x7NV5O2PZof3Xt5+4NPXHHp0BA4WnQvv3rrrau3NyawWMzPnZk+8sAlh0AOEHGx7F95/db1mwezqVsuO9+vTm22afMYYu/p1u35q6/v7mw0wfvFanVwcetjH3lgZ6uNKwN7+/PnX76BIQDRsvebbbj3rp33w4UQqAFYLvuXXrn1yus3ZhOcr3zXrbrV8sc/+xgAxc3ON2/Pv/G9txvo0bnlquv75T1Xzn7c3YMAzhH1dPPGwbPPX9vacMtl34f+wXvO/MTnnkCX3pE9WvYvv7aLfQ8h9OQ3J/D0Rx8SS9r19Pqbu+9e3W+d6wL03cJ7/+lPPhgCEZFztH+w/MHzVx14Iur67p7LWz/+2fcRxU1CdDTvXnzl5tFi0Tr0nZ+0/nOfeCwtyxL4AC+9euO1t/c2p00fqF8tNmeTD7//rljiJwrvXLvzwxfedUiNg9Vy4Sh0fY/YAnnE9vb+4sVXbyyOVgTQh36K/sNP3gd378QC/6rrX3vj1kuv3WyBXIPBd+976MJTH76/cUiIDvHwcPHKa7v7d+ZNgwHCajH/6PvvJjgfl3C8pzfe2vvec2+3jlrXdP3q4OL2J556AM5sRI8wX3Zvv7t369ZBgwQOVsvlXZdO+3C5bZKbuH798LkXbvjeN63re7/qjp547C6H0CLFTVSvv337h89f3WgbbN18fohAnt+MB4D9/dWrr93q+37Sku97RP/A3efgsQux1rpa9W+8tffiyze3Z43v4dbtg9WqXy0fAJzFdarbd5YvvXyTur5pcLFYnNmZfviD9wN7rr4Pb727/4Pnr5/ZarreHx4eTBryn364xRACAtG71w+ffe761lbjQzg8mF++uLXo7gNetOq8f/vtve8/d/XSmVm38j5008Z1H3tw2hCgC0Q3bx8+9+K1ads4oGXX33N5+5mn7rtwZhY3h8wX/auv3Xrn3duTFuadnzbh7ss7cetKi+hDuHr94Dd/eHXaNgGwWy0f3p9/7ulHZjMX947vHyxffOU6eE9Ey1V3/uzGYvk4wkZcnTpadD948d3dvfmsbbrV8tR286En7olrvAguBHr19b3nXr6xNXPLZdd1q8XyyieeeqBxAREC4Y29+fMvXvMAZ0CYv74Pvfeh39l0X/j045fOzeL61eG8f/m1W3duzxHIU2ige/LRS4jn4665EOj6rYMXX77pKAQHoe8vnd2AtN5JgHDz5tH3f3jNd54a6FerC2dnff8EQEtEAO7OwfL7z9/slwuC4EMAWn3m44+mvUxAgeiNt2+/+ubtaYMIYb44OndqI9C9iI4gAOLVG/vf+t5biMGhW626czvTzzz9MM+Mq86/9tbe2+/e2Z40AP7gcP/xh+6iRy86F49jgL29+etv7FHwzuHRYj5rnPcxlCMAODhaPvvCjaODo3aCy1W/vQnvf9/daekT8OBo+YMXrl+7dri51fZ976h/4L7zjz9wLj5drfpX39h96+3d2dQtF6vNGT7+yGXASzEw27s9f+7Fm0dHq+ms6bpucwoP3X8+rnwCwGLRv/b6navXb2/MmuWq25zS3ZfONI9fAiLn3LLrX3zt9g9euOmg9xRW88Uj95956kP3IDp0tOr9O9ePjg77W7sHz7+yu+g9hNXGBD77qendF06tFt2Z2aRtsVuFGzcXL762e/3mwXLlN2bTCYZ77tp66L4zZ7a3AWix6N56687u7gF570NYrrrDg9XHP3zPqc0ZAB3Ol6++vntwsHTUL71fLVeTpnUOfB+axvWBrt84/MHz10/NYNmHo8Xikfvnv+2LT4S4PEu0u7/4/vNXJ+AJaD5fTifhC888cu9dmzFUWCz7F165sbd72Dro+n42o0fuPRdVGB2gx707i5dfuXl9o1kuV871pzZaT4+0acWE7hwuX3j5OgD1nV/1fmsDP/OJhyUoXiz7116/de3mwQSoJ/Dd0YP3X37y0YuxDA4AN24eff+5a7PWASKFjsh/5uMPxPP7AOj2/vJ7P7y2WnaE5Pv+4rnpUx958NzpafAhOFp0/rmXb7xz9c50NkMKXTd/7OHL99+1LVvA33p377vffxspIFLXL8B3z3ziIYeTAAHB7e7NX3r1Zr9aAfk++NNbzeefeVzC9a73r791651rBxNswLW3b9+578rZ9z18tnXplf7dW0cvvHwDfN80uFotsQ/PfOwh3JnGUH3/cP7CK9fv3JlPJ83RfHFmZ/KZjz8IABQAHfSeXn1j74WXrm1ttODw4GD/yl07H3zsctwk0Xt6/e297/zgnc2pQ8Tbd/aJXFx1jGv271w7+OYP3mkoNA0cHBw88cilj3/4Hn4K83n/5pt7u3tHsxYPDo8unN/82IfuAdiJVmLV+RdfvfnG27sbE7dY9Mvl6vLl0xR3VDnnQ3j3+v73n3v39EYbQlitVof3rz7ywXvPwSyumM7n3auv7+7uzWezZr5YbW3A+x6+AABx30nvw2tv3nnh5evbm8181UPfbW9Mnn7qAYiLuhTeunrn699+c2ujbdvmaL64/+5TH3rs8qmNLQoBGmgb3N6AS6fPPvrQpQfvPXvf3WdOn5qGkLbAoM6zUobIL9kNUrmxbbf1S7dF82ddB16u5NVe2wRB38R8NkdOCTFtklBjSSpY2SIrGS4B8M7hCp6xCb8XI+vBCvQyQVdLoACy8ZbhSGDx+6CU9nuk92cO5qvFvA8BiGC1WjUOL1zcmU1crD/N593N3aNVT63DQL5b9WfObZ8/s4kEcYvF9VuH+wcLhw7R9d6fOjW9fPHUpEkL93f2F3t35kDQNM573zTNhfPbG7PWe3INLJfd7p1ltwrxfbvlarmzs3Hh3HZcBw+Bdm/PD+cdgqPgu96fPrt18fwW+gAI6PD2nfnenUXbtK7BfrVCbC5dOLWx0cYX8fePVrd2F41zjcPFcjWdtndd3mldqh7cOVi9e2O/cThtGk/eBzh7auP8ua0QPCAGT7f25geHi6Zt477rzdnk9OmN2SS+aueOFt3h0Wo2bR3B0XLV93Du9MbOzpTSRqCwf7AEjAtNne/99vbm2TMbkwbjdpDlKvQheE/7h8v5fLm5Ob1wdmtzowk+IMLRvFuuwnQ6ub0/7zo/nU5O72xsbbi4RWe18tNpgwQHh6s7865FbCdu59Rs0rrlYgXoZrNJ4yLD4c7+8tatQ08wmzZt686fOzWbpF0GXYDbd+bLhQ+BupXvuv7KldOntidR1vo+XL15uFr5tmkp+MVydfnimQvnNkRIb+4e3bp1QOgahM7T1ubs3rt34sbamO3cuHUAhI1rCCj4cPbs1s52m7THues3D+/sLwBc02Do+8m0uXLXmdnExcLk7f3Frd15VBLf++lscu9dO02D3gcCbJCu3TxcLPumaSetW3Xd6Z3NU1uTQIQE7aTZvT3f2z0idM7hcrna3t64culU3PPjnNu9s9jdmyM0bQurVeecu3xxe2PWBgqNc6veX71+MF/0rXNEEAguXz51dmfmfSAKbdveun10e2/RTprGYbfqtrc2zp7daByGQG3b3Dlc3Lo1B4K2abrQAdCl86dObW9EbfIEu7fnd/aWUU9DCOfPbV04txlVPgS6dWdx52CJ0DTO9d1qOmsuXTjVNugDNY07WnS3bh35AK1rur5rW3f5ws5s5nwIbeMWK39zd75Yhta5QD0CXTh/6vSpaXxHsevD9ZtHi0Xv4uY2oDNnNs/tzKKeEtD+wfL2/rJ1TeMwUGia5uzZjdah9+QczBfdjb05BEQHIZADOHd269Spqfe+Rbfy4eat+WLlIb7E4unU9vTK5VMhhLi373DRvX1tv0HnnAOiru/PnNm8cG4reB/fAN69M799ewGIABhCmE6ae+850/K7wavOX795FHf2+0AQ6MKFra2NVgziO1fvLBadcw4JfQg7pzcunNuMO64d4nzR39w9RERE9FHYLp+JZw05h6tVuLF3FDw51yD5rg+XL+9szZq4MckHeufq/uHhwrkGkLrOXzi/c/HcJm/Egxt784ODJbpm0rjg/cbm5MK5rbTdq8H5vN+7swgBHDofegp06dLObNZA2ssE13ePlgvv0BFS3/ntrcml89uuibKKdw6Xt24dUYCmaRABic6e29qYtTF/c87t7c9v35k7aFyDvu83NqaXL243TXojv/dh9/Z8sQxxP+RqtdrZ2TpzZhbNg2uavduL23fmANg0TXRf585tbm22cTNVINjbXx4dda1zgNB3fvvU9NzZjagaMTrcvb0IhJPGEYTgw6lTs53tqe9D3PJz89bhwdEq7ksMPmxtzS5c2Jo0GCg4bPYPFjd2D5Gwcc6HMJk0Fy5sb220McYKIVzfPdrfX0Vztuq6Uzsbd10+DSEEAofu4HC1uzePfrQPfjZtL57fmrToAznngqebe4cHh6tpO2kcdT5sb83On9tKuQ7CnYPF1RsHDpqmwb7vmwau3HVuc9b4EBy6Ve9v3Vp0nce01ZbOnd8+e3oW3QEA7N1Z3L4zd651ziHRZIqXLp5q2QsfzVc3dg/jW3vkg3N4+fLp2STteVp24er1g25Fk9ZB8D3QlUunNzeaPm4yR9zdW+wfLADQ+9D3/vy57QsXNuJrms65g/ny1u6cAjiH3vvGubvvPjNp056urg9XbxwGn14eAaJLl3a2Nppo2APB3p3F/MgTUCAKvT+1s3HuzEZ8ewwRd2/Pb9+eE7imcUjUTpsrl09F19M6PFh0e3vz3hMCUqDe+3vvObu50QClTbDv3DhYHPmmQURarfrtU7NLF7YcovehaZubu/NbuwchctyHjY3plbtOTRrwPjhsCOida/uLRT+btkBhteouXz5z+tRMIqDdO4ujoz4uW3jvt7Zm0UYFH1zjDg5Xu7fnvifXYNzldOnyqa1pE7fkLJfduzf2l8vQNs77MJ02Fy/ubG20IYTG4arzN3ePVqu+cc2q65rGXb60s7U5CT40rjk4Wt7eX4QQX5PpncMzZ7a2NyfRqi+7sLu3WC461zjvfds2F85tbm600bR2Xb+7v+hWoXHOB6JAm5uTMzsbbYsA1Hs6OuoIYTadHB4sbx90ztHWrNnZ2ZhOnPfUtrGCh30X9g5W82WPhBuzyaSBQH57ezqdOAIIAe4cLhZHXdM06NARNI3bPjWbtAhA80V37eYRBXKuAQreh52djQvnt/rOIyIg3dlf3dqbp3dAfJhttHffcxZ7H/crHh4tr948QoqbHQMBXbq0s705idtPuj5cu3nYrfq2baOXvHBueyfG/Q4owO2D5c3by7ZxEELv++3N2eWLp7yPm8BxvgpXr+37tHvTTRp315VTG9O4pdt1Prx77U7XU+scAK2W3YWLO+dOb0jAfXt/sXtnGV8zD8FvbkwuX94GSntojxb93u15fI2LiJqpu3Jpp3VIRHGP9NXrB8uFb9vWIaz67sLFndNbk7jD3yHcvL24vXdEgM5ht1ptb82u3HW6bVx0K3cOV/sHq0DQIPgQgODy5VOzCXZ92qF77frBweHSoUPXkPcXLpzaOTWJi0Vt427tHt3eX8R31H3vtzZnF85vtY0LFOLa7K29RfDUOBd8T0B3XTm9NZv23jt0IcDN3aODg2XMnHwI5y+cOrczi2d7OIe3bh8d7K9c4xy6vuu3tmfnz222DgNR07g7B6vdO3MHrmlwuexmG5NL57cmbYr5Fyu/d3sZV3G974ng4oXtU1uTGEisen/z1vzwaMWv2bkLF7bO7kz73sepb+/P7+yv4utUXe83ptPz57emk0hzt1j2t3aPVh05hyGEtsFzZze3t6Zx6r4Lt+4sFosO0YUQKIRTpzbOn9uMZ2Cgwzv782s3Dx1g27bkfdO6Sxd3ZtOm96FtnffhzuGqdc3OztTxS87lSSGgVj5jZke5hjV8nTNnZQQ6syvyL5VvoeRwdlKIG2dzRz6aQJoMuqjtsZJ/Epk9v3kvL5Aer5Z/mpO/aGxJk7fq8msMGfz4WIFbSV9pmH+mheVMEkmfCdQxe/ngxmLglCcniNIWdX6gSEGQ3j3AnLtz05Rz633jGi/mH2XeAMj5giS5eoZfVTNI9m2LjACfKJOwTjeH4iXZPFGmEEWTowjOO8wTQdLpYOkVROTzX8slaNAbx7niEtFPC9Rcu5Cd1wJhersizWfkNBUoUO8vN5vUUV7Jh7RyHrvEDYc8AybVI4hDhXwwFMOGXK4Q6o1fiYCxTu4Q09GvrC3qHIk0YP4H4tqmEIRrM8CbDUjO7I29MXM+IZ1WZSi9xVrCFhKebDCyuYlvaaZhAeL2Ys3JiBYfPygiz6AAyRtliMnKEDOJya+wphFB4Y+Yp+L2uWyE8SAokSt+ISee6oGRZYJOZp58GeNdfqyPckdWinjGA+p21qJEnMwLDzwe93EufaP0NjIQgeOTOLVsiRiPQKtmHLtIDnsgimZNjLshUbIcyvLzO37I6PKbn6lzormGQyZF4NVokiPEjASAFhfTN1sD2c6TxmRGJ2kgKXkmE4lsgERdDSHY8sQ5iFjws3xievk4YZdFV0lPfOoICeuUV44la5vS0zR9snRMV2DjoHiRgGIAtOdXjoPM+OkRJSOQBCqrQyIXZa2F7EUgOyxWw9wsuSDMDiL1RS4/621NIsVSVBeZUyZcGVki8XvRfaZnDrRCEJePI0j5NTAems2RCE9mebKeLIqUNRMg/d4wC1UEkd0KCfVlbHEcyi0QGdfElAiMF5fYhaRKm5Lpld8C4LJ4SA5OemlDIlexQy3djN2judInckM++CTBrs8mEn7LvCbWEPnhOwqSKCHJQ4m2O9AEQo4NE2GzOPPAIVA07xxHspNMwGR2UlQwNC94QVYWi02kKUXflyQoRQQq1orniGn0PB/uoENuGZygMM7R1rEw26CUFKsc23YRCj5FUrU3ll9eBRRqlCyHLLnAg2siGHOVArn03nQWLQL+DQhtQSPf09QEnKskEgixKJ27kfRIFNMaSiI50QrZ6aBlrKEaiZDoXEKCiar1Q4q/h5mPVmPbSvmVwUQuUgzHjDY7AiGhxLoZLutiNMNJYreQLBUTvGAZSHiXA+vk0fgcSuFnpo7YRc2leEqF5D3xoCZIr54qYNkfa7uhThnV5s2EBCXotUOJqFx3hKK/du4KWE0RhkTtZs0fgg8oh/5DCl9Au5ykIhJ1ZJnRc2RCiKISeyE1zhACfgqQORPHMjGHyCiH8pyDsT8BMxcEkhM2k0zrnw8IxMfARTfjAMG5dAAWhQD6WGBglstEIZ1Axx4aoWl47xdRPCdNZBuRoo+I8wcA8umFetGcpkHREx+AIGD+bQlsXFb5EM/VSeYjIDo+cCxlMkFnRBD9bnYLxOGMPHcqJqDovRKWFB/rQkuQ0znZeinQEtnzU8heP3n36B6AACgdP8EuMOmKysVZ2ki0Lk8U4oJrIhEfV5kEIAQTjTiHrIOJdwp9QHRycGIUGaEPZb4n7CCdq5SdPaZz6JLOMHcYYT6OJdOHu0czm4rAbM5CPLUp7upHiJOLXQghYpYOiEPNWgAi8nymC5sMYKkiSr8aonxQHNwhpINb80lziJjIwtv7CULwOXJBANcg/xwIQTq4Nf3mEPG5siwz7JUVZxt1pHuIAVs8ISuiFlmW4Ex+PZcnhN8QtVVH0FnTI90C8WnFEVRM5xvbp7megPG0H3bEUeBRGSNVwCEADKq8E6mWg1EWJy0PTZM5DhB3MibMEcCl8z+TBvpQ6LITsok0SvVCumtx4pgvWhnn9NShTDhFrhJlKKIeokA0A6om+4koZBGm81G6QfQ4NUhmKh0fKoG4c7kCwmakwlOQBoH4V6yQJRYAkrx6Gx0gmFydCLQNwGiLmihpUV2CV3x1sZjPgVGIJ6VnA0NaE5mtgRUlIKJrMNbOkIAg+AByiglhPAw5PrYymcBD+YGrOEWyb/ndH2QrkgSDjUzyL40zIlfqixPOAGiJTeOjnPOZ+S7egQVeCVWKmgAh2jcWSAAgLXLEMTqXPYElNoVwCKjlOSqLsiLp+CKufpP3zLJUZ2TjyhKlEkaBLSdlhmgQLXMKdiDpaUIsWWbexZBSHitSDnWmlvGKdxTRIFqwfAA7asiBwMgDMuRWF5SFQWDQSk2Jc0eKisMPnkkG5AZW3fuc6SJg08DA5kvYSIimSJpPyss5avppFZs4gRIoAkQ+TIXHkcPGKUTrrCOBEN9d4czWamLMaY0uOLbv0cBkeYOkKVaY0xl5ACR8iYhQ4hpJUGqMMwAMIrGhplSfxgArSFaXmC7xJ0gwkMWtFkgYkeAfx0pMT5ADy5sOcjh8ZblwMrhEmCysySLHAEu5e2W90UgFsSZG9ii3ovBiA5D6SxyiphZnLQFSFMhkmROLXCWGkegOnQOlZ+lYe8lPEZJ5cmzzOeaMFKWId+wvDJHwFVECv6TFfIoYQjxzCPn37Qp/yjrOmCWrGzwREUs48NCYSwwid/YNzSwjiaDDFLLM0aqXqVwP+ypvKPYC2NAww0nPlRx2CIEteGqTjgHm3DzVrVBXYkZgTF7HrExaHNgk24Gq+Nu1MU577IqCDoAKQJJX4fY6PzGOiCFjFyzAl6CbOdKP04HgopO0sb4peiDBh2mSrABAPGom28PUSleNZfDIHGVW9FM1NlbE0aCfshSpUoB2OUX3KuuxxL3SSOdgtiNK+5GuBk6LwlDAYhoJJXcBxoe27nDQtaAe27IsnPZPCVQePEU6eR6ZWrxO9vbiOTiVET9JwlcAsEU7O7g0SnMVdqnUCFF20YZjyaLoWtJcgcUCVbwozvZFGR89gVgrHdYPB7eIgwSIw6esL5nmBdaQeQhc3VKDwtiF+iOrsza7trWaHUp1K0EvGFoxdJTxAsuy4eBFf0s0DSEmb5JFPfUt7KeqlVcMhZBWSxrDkkVd2cYsMpZoJU+trDJyyoykAMWwTdxexYgN5Emb94ybG2Vr9qwK9IpgyKWzFWfbDgaX7hmfAQrGtSuxqUkFFJpaDDVuwcSxyowAVaHK+UbNyAzwOnZqtPZeM6YyNRhVslHROOIjro27q1U1HFoYO/IIXlkwkHWGFF7Z9qqAgag++ChJGeOYCgXTtwQg3gu5k1bDguCFIGWyQOZH1UcPwBvxLANrYBqMWTnxigLiQJXLUGf0aTbOwFtMTGyi5DnzRS3qHiMVQ8ufwR5a/kwWUvKG5qEdPIIwEnpnANL4qv+I06locRrbSqOApbtn42wDFOLmVOV1wS0hGt8t5Q0A+IfTQUk7CwMA8FakTJNSVHQuUoQxOeWxlIHcMaWIFcRH4pD3YJaRTQTFcomBvDKEhZz0Vya3OjOnvHTiNow0jCkc3M2GYGgcDemzn5L8M5+Sn6inFUJWu9Ivg5VLtHEQPX0OXIqWGuTiTKRB/qnNTfEoN4Zc2j/RxZXWsRwJFA+OvYps/kTzK0GvQQegVKgWFugNaume6pra8Jda3rkGNtZShvA9UVbRTZVf1qYM5kklOlgDaW5JUJEQ1NteKrHmYER6j3ys9K+Oqyddz/rRQ7hADFxkjPVDplkGJYm3LMqK9awgOgia38N1HFJmZFJHrkdUAED2IoPa+FQxb+UTE1n+SJBz9BYRGNhWRFCbiABUni9NUjMrhMX46wBQyaFCRFAj+yQz9F/TpacoA5oxdZBtAuuHrmZHdtSqG7Qy/CMha9yKmv7ECr5OqEbZmsOPou2Jhz7RVci/fVYNGv41XrLq8N4nMUHC6NjHDE6V3W71hnFOmVzdfG/X4MzI36KjGPgJXBsPrvULRf4pUEU4q1CuSTnMyArWMaiguoxysiGyoK5DXY91Qt79qCajmK8aZlv2GzsgxlmDPDo61FaEju1mh3iv1mndNe50auOvHVxEcRSRqo3Ses129ARapmyhRBIjxY5jfXECIwM0fHwMMO89GUjx/DqTlyKMQhJhqMQkUJqlI/2VJXStXqMVy1qkWFKykn9W+pZxoMk/Ayc1g9QSTc8xoIs22WjWPEYZZdbasDfKLY/lbK5C2LaDWs165axyvNqK31XIN5CUrFZHwDVDJ94qy53NfN4/nUEsJY5RK9xRHn408R5Uv0rxMuu8VPYvjNJ678U1jdGsxUYqkkkWMlbno0ke8s08bNG6mDXNt8atVkBdkzeWjakeahyjZWYlLSdpOmnPbaMSA8j7yLyjEVKoYuq3agrBOidVqjybpa2cEi2/h6IFkF+2JMUF4XDuh+xGUgVRJyul6A6CgDrZAE4gNsWlrYiN2ATc4woO3HdE3YdmIPMDAUhzDeoSVuwNgbXUsCI0BnZkd5pWyUmlk9GSFEnyC80kf7UHtA5zLKzW2W0kH8ZYOqcnwMMPcTS1S/uSrQ0cixS1NBpUr4SslTfh3oAnqUiqpX+4Crje7AzItbZc9R5KqJD2+4xPbcRQVSQHYbSQtyyqgDISZVyn4RwLXouvNJxaWKvmINayASutDVABccVxSTQ1lIR1FNbNU0wwPBNj6AmVKGa813AnOcf4gqXGSE8gn3RkKU+1SKtwAypu3qBXAYmHynwwVq7mPnTsXdJzYKorAWBSrCEwYy610tgsE9lJZbkvx1mk4NAYkWKzcQ5DAJJ11ZIvMMu9sVqSTjiqJqAWjQ9XjCSkK+xgxT+KmJqQqiCh9lR5V5hIXY3sNsaoRvfWG6jQxYS8SfVrvtLMu8562+KNwcR6+mKQ6phrb4KWTA6KVJyTpQHY5ek1tsx2DZciSfkNrYBLxyEd1mdYhd9U8LBADhxBdZZiTCJqFSGG1hmGN4srJvG2TfpShi21zpV7PET+eswozFQ16EmKtJjFVt+VRyOG34RVckgwyEssApJNcHD4oKiiRVLr1BsBwIyZfv1Z3HnJHbaPQ45xwDpAaC2d0ObUYhNsz6rZWhshrROo2F3bjqH9ym+wnyzOKm2chIND47cecoCholZEvSibyzy8t/14gEfMQUGWOLU6/6PcYptbm9uVIgKMgaWjs2I0VCJQ1RYW0bShU0HPIqB1JCrWSEVQRZN1p55aDbra4Gw4cG5my34pso14Jfrw/Mb6FtJsN9ufpCRaULjQKzSkUl+UJJWzUGW4KNijPK7SVryYaTu0dgqLlEqp/D+GCToaLqqVosbEo/Nw8vKExmIAZTlw1bwQvyIxqDuhaRVfrMeCJ/UrG/C6skbu5W0IAslwkNJf6GakD9Wox2qD0bTMjwq9VJbGm9BAL3JHA678m2KVIfF0pMWqg7rUOJYwmDuVW9yw5ofyLcVrTlILSYhyLaFsBtNkj7h2IdfUQSQ6wAJ0o5zq0KVSiwlKEbV5i9XZOIu17SeyPxoyFZLop4N8aWwo8yFTg0WoJB0jUT6yrcbc07jXGgImHrm8qYS5Jn+Z92vfRELLBv3ZymVUD6XRaRKo0meEg1UTp7oUGPB5jAq8oZ9cExyW2m6ELJfVixCLpx4FD9W5neUcI2wdMxJD6GsVjzoxtR8FSC8Mi+dRscXIIFXK1Vk5AHxgVNOkWjTEk1oHoTqpeoJe6EQO2bURPGFp0l6Fj+M88zj/WDtIjQFJ9GklZ02VxMThdPAXpWMI15bPVUdry1D+5I4yTs564xj8V53qB1m6Kghwv2wfk8UfWvI0JpNR2W2uT49krLaAx4U1IHbMOePX7qCW2FbGtq0ovUCv0kkO6iXnlUkhl65FPEG35BFU6ED2pkimFixgV0x5TIVYaXMrFzNUhRZgKK6c2bBKpPLByB5WsEpkUaIJoMVCW1sV7mZ9JAvtyfzY2KXDKLlXC4di4xPnodn6ySyyAJAelAuGlp0pKDFFGVmTMv4UOFJSHqqAsC7VElvkG1nAZCFMwWbtaOLD4Ny0ClOMB60BRbLioaEv3yS3BaBc4lWRFtmWYtO1MZQzjEtwjGUqktPKJeAxH40F4WNqxdClcYbVU9DqPwBDmQHKqOmC0sglM6axsxAN3Sl/0MsgUGqZKK0xNZBhk+GSdeVzhQtkNQpkXw+pVP2VOR1F0NpS/bFqHobxgDiI9G/dQoJ55U5um75kGsj2FS2iuo06S3K9CapdUs7Lg+vZzdJMHaEc8cihtVS+wKHCKPZmgnXhEWzKTqZSbKkqRCv1QOQr9Rno4zAR0m2RowI9j9YphXtlfUE5BJ4atcaMaI7l1rHugeOQ1JzNxxpmDc0VsGmRnUalPRsZTYxMGTkZxzvwgBxqvqerrBIzP/PM2r2tBRszCSyqTLahW0zbMCBbftVJRamQjZ6FvvgkM1gfZclIlGdcH5wMy0MsC5V8ZwgXahDEB+ngULs5Lf+yFMJ5fO5fMX7ZD+hHKAe15sEgs0abIJmTh2CtkhDiZMaucis5F9mDIS1Ry6veTGGCI6PVeXwlahYAKvvk+cyQ7CxJgmliYKRqCUX/yks9yGWwfKGdjawUnWT1snoVpqCahpQRi/zwVxaR+L7rCV63yNlX6lkBujDQxZCZrL/VDCAON2q1rWgNwFOqROK+IAs3KNJVthhxC2Xb1Betz4orkVsBCCoWBHSboYcjs5sxtc0zJJTrw45swgEoTmo2fUQbSi4P1jOwGL8MaKynH+PXGrD106G8DSOwYxfDy7iWFUBkm2qN9dQ5y1IGuRCUkULWCUqe+R1saaAeMrd1NVeiIO0SS1JoP1hK6qDYlmE3wEvvYy1Wkf1WGoxbPS2i1UfD61hpKfaKgGVXdf9MVYtLeApzNwRv0N2E1zI/xz32Sd2lVYNgsiIhTfNWmSyxhWYWM8bmLHUciouZGbbHqrRw77qY1Ex3Dm4HG8ZOckU81ziWejm8xvoRm/8jXlV/bCT2BDbHjpjZzSNYqRbvZmaxJUglmUY7tGSJfUEFD2lW5dGLuQY/tSVhuyavoQ3EsHLEv9iAbeAoQY8gPdZfdf0qBEXX4pE3JYFs3RgMsMZFDsYur2rHak5iKUMwCAfHrhHSVcCoFoDyCr814FmmRhy9XdWvk0jqSsfgYLQFYKCwubjDf61ljQiUa8fa4yrRpYL+A2WpaSlrTjUKYCDMm1Zm2kFAqb+OaWvVa9f1VPNolF9Q3fBcBI1lhECxKEzGOJmMAAuqg4pVWArGCS43oU74DKTAbpS5sD+217GGtzoRf1KQqQmQjy1fo3SyGazShqS0NxJTIVMMYDQJrr/2mItZw2BsJPTgAPOYlppl2hq7+Fe6aze/nuZsdUdCNoak7DUy2rAl8v9VNE1p9W/8QsCx/XvrbBgOPhaar9g1HAmH8CPmqn91ZowLD8f8GOCai+pKU3Hj733owR00f2xbI7VFiG+GIjXyiI07yfXekDqJ3SgVvJyv1iN7+nHPbXXypPDVDH9uTMeghLolgBIw5J8K0NNWl78IINvIEqLM68KeH0fp9xC/Uyk6J+pybF0dMZuBscwQ1jibwm9WnosTro2d7CyNjFLlbDELDe0booqbeIxjqacHwaqMIzC1oiUxAJ00HhyEjskPYQ3vYe6AY99OdP3IpvWY6wRaOHqh+n8xpm13wuQhD1uX22pGpp8qTE4wYb3JSWRigA/WH3LQBMmXDy7l4GyqM3K9B0OCI8XK6vhotZi3z5US/149MI0bP5PaEWtomoXD8ZQLYBzopHNqXEbyPT1XQhYxl++HgyIDZHSd6p+Pe+MxdSCOemxcUYuw6ygWoa0N21XugMUysgmrjruMegtD1CM8FvzyGqAzFuge09fma6CxxPLDiU3Q2HsdcZbKUkLxFcunFcob2KoBNf+7DpbkaCSTKMTCjjeSux1zFRAM3TGdwJnRgCpmggIubYiyBI9hJrkpFFCYdwdOGKDXCVe5OWIHWykMJahMLCPLhgMJIrW9RoyHZKRFMSaLOOmMMrma6g+y88tyOVxGwAFqvGIOYndrF4tRKeaUV/8VRGq9DsXQ02D1RS1nxf9VpjBVBEaBX/dI+3uoaGa7l7aJwUxpA8f+qjqnyKLH0Xl7TRaEfKZ0egIhLJfU5EMaoOYaeG/JusrZ+IqDcsPGBNttqBBdY71kq0sDCNpVFx59iK1BEwwKuhyF8Rc8bV0HYLAFq7CuiAUZdEEzrzyRkoOhJTG1Po08qwJaZxsf8l5HJlw+/7Xuc8vVWHXASrXP0Ktl2lTjl6E28fhFjQNMKFbB+wQLbtrynmRNdXhF6hVtBqsBUthMhJIw2hhT0b4BIGv2kuhbFb0gpIE5kRpCJUxIll/cEmUk9ODa7A0Bqq4ElNYp/bWoZQEWQKydzmsaw0UDzLsRT+QLTd/qCm3hyOTmQNO0dRJQ89RjUcVxoU4FJGssSkOXzPjaat2gui8k1d4NzKdRP1tCOCShsRhqDVFijGIVV42oQgxUEsFPeQ2lRkXzGyfSr7qyQQBlwiTzVzBHflK/lFuv24TqnfoyDYdbwifVsj5mXfLFsfO6EgBA/NnKY41bniwNRGTeXDpJbsY/WFt5ZBTHBhJDIdfRQbVMMfT7CIPDBbJnTY1SRFoBLvn0KGFmWZIGskTsj3IwZq0kmWGHBJEVaROu8Gh6duRXD0qMzHBU0DPfLSgwYrU0stI6l5/l31FLk0MhduJK6VKxRI1QJCJQmqOq5Mey5pgi2F2HHEko/1v2yVprrFBuUgJSIDxYegFr3BgkYQgCBghQvLaQzKRePCQtDxlDQQkI7GsvBeQAIO+55V8OZcNqV0F5UMWdqpqv8TKVRak0FgKA08JUNSBj3rrU76JX/QsCGF0AgDGFBy2C63xomYQMgqzKFGOLtdZRjE6qYSOshon8f5tTFSTW0UiNzlUYBzNh9cHoOPWmYxYHGZN14zMpdP24Hi+NT1dGL8c7M924aF81DIOQ1KpxbDNIP46Nq4bXyOwAAIP38Y9hOlHhX+0A5cYLOxphUUUbludND7ZKJ2J6eUOpQT0QEX9VKFnNnFUWztYBY2zKyQSnqL7nD+s0aXQK4+RqBoHb5T8cqggMQLoufgLbJ0C/120OkrQL9JVZinuCdZlBVQogZBnyI16WQHU7NzIN4XuhibbQw/01CZmBHmVvD6RdEKowf82MY3Qh+Xs85U4Q8Q9M7nGWfAx2GvyAsH627iuAFF1lmmHjY1Vv6MWO8yFDMOrr/OUQ5Sjr62/GiWiPf8JNHHUmVlmAaGPKEy7HFaOUCGon/6Nra4aKNUiHcNblHhtZ6e1FlRZr5GS90g93A5RitDaOAkIbsVUWqd4LBYuA5EffC3fMdTK1hSQKNCoMA49Mow/tFEU2ZFqjDmkGlnYN5GhPAsuLQGYeFY6ekDXW/inQSDWp/BlCWPkcb2gvMzQSIvvrIUb1r/pQ7GyqXsPQRw9WDcjWXicibtVYtbwAGUsUaV0ziUFtTF2SSU1icWNw5D3DbWuatjAgiTap9UXZU1xMbYoHdiFrTcsUufBp2ir6SjRHjm0Gc1JuRYNJpZMN5tS2RAC70aK4pNxWSd555DqWGn5MSFn9LpiXRjH1m2EBGPOwldXHwmkNu7Mgp9XZqFclWeznREh2UrbOx6MyeQWAyjp4Hg0y+UCqtDAQGDPCQNSHkpZwyaTiFGIgaOq7oYxNe/lIICl3ocVaQUvpELBCTlj5sg4hFNxEu95S40WJMhlBiqwR75F0VCGvzfvgYGQzclnCNi4HoNACNHAKC6QKCCU1oOwLpk0h5EXKoT/I1jI9ZGUc/WsUGp6Kqhbsz7Y+DUYCc5zfGMz4QjrbruwvUA2bjDAYKhWKmVezVUQo67Ao0Y8ilHljb6izgALzwOPVBIypXho1Fgiz5yJBzkvy3ESmNC214CjjjNmtkGarrYWD0KWQOtDQCtXVfVMezntVjKEz/UjZujH/quGT4YvqNWLZrGqQoeTDCdOVbMDN+AY262ArzqKqHYWFlKNHxhpDOjacF0TUD2CjEgPKvjihyYYifjUAp7UN5U0iK/TuFRnZ0sVQExkfu5lyEEEMLrJvrw0dKCSN1DOj9MwWlPKACTwdm4llYP0fgqUtcyZnVdjyWESi/UpVqqI1KBkkC6djA1Sveprp7MgVjwwFxUZ+jSVNkqM8UpAMgCUxN2plqMABs7wVElt4bShoruybGIHS5mSLhLXtb4PIh5DP4EEtumj/OcFlV72EFpDNsoQGBLTmEGheJAYCQEp/rNVIzmp9iVAxN9tKMqCeBJ1CfrQ1KOXTinpuIOuzYn30Cpz2SQOaWN0seMdCS+mzXUoDiFprEysTJGepSd9Rx6QKSdGyCllUIU2DqBZaSebCHA2SllUV5whJKjxSqztsA0M8bnjkGi4Hrbnyi6WDLtm4o2G74C/qqxeTreKnDipRHYVWSdKx7gDVfoh6hIRmY7TgZwJp6aIwN7GODChV0eFavEIE2Nhk6Wbfmq1nltaMLqn+tkygMcwzWzLzmMdHKjq3E2urd+Pw/3TKJzvlSjZp2GoEydipKdbMlUYrxJBxR7HZ7EfFfwyWB+VcPJOYIQx8g8aH1H+5S/wnb77PCqtOTzbZ8sDdgGLNuq0yMqUm6QjZR3GviYECiE2RNeXxawj1YMLcFIefpH1gNAZwmoThuMZVXLT9rYA3lBkbYUAWIn6qblYum3bn9y5ysDPgiw3VjcMYCvnYNSxY8IzD7segoFwUKJnUqxxZUNkRDhMnrE6hyxEqJxj1AaU5j9mJsIZAnc2QV1HM4QdZfYwgDQjO9zOaoPVb/dWeQCVoSlZTSifSjqz1GWNWQx3W2KuE8ARGmgHTDU16ppBbM4CAamNxIxiqxKOiaWscCqUjqx3DetMg2E5jorVDBYqjCd4oliB7PsukPs8ABXQ5oCxhUQAo2mLpZYy6G1iGYVKpB3HeCmZVUS87jpjQcqDMEUz5PwgPMlLSQyLJ9Qaq0LsxOAvbmJ8opTaGYu1Vph9atnirPoyTxUiUlAAtUzibME5ZI1KELsPIsC6quehSCTkGRtXcKDA8pqsGRM8+vLRaKaNUWPs1jbmBlUYdYlkvy0WeEH244xvZJY947cysUntPdom9ZngjL5mLlWgqg0+UDda6KUqiDEeSBzZ2omFK+/+nSwW6SXXEKpQWu05tGcDVlB80widhGBbz5ljNfqgSS2iKOX1DNFtNtMsac5fr4BzrVcA9GsLmMzOMRwL+XJk6iyhiHjsvkmAxewGKEnqNhfWRQ6rqUaLe81D5LgFp1OwUAzzspUuPOrwzYNgPJbTvRf2H1zD5NHOtk1XVdRyOcoD8Np6RImXQlWiNUXXdZSXzX88WnMrslXys1qaYfvC1CAWizx66wDIprV9iaBRDiGidzSoNzQigI921q8DipWgZh/HJvCyqUQNJH8WSq6TroBtGkOtwqIMxOjWaVqPRFcBQcI1QmkpZHTD1CXkr1PGbma1ht5OUfQ2zKuG4fCiMZDVHKscuh6oAivqDkfqIK7Er4FiLMsGTzbXwG7rrTzUgE0kkrQU4LrABRAIsBhuWJGBA6bLFmMRR6aaL0aL46eRzLbh6hDpiKvrKhLUQjViPgSxVvg1D2PLGsB2ZPzp6KSCusIr438KokuJw7SLVeDhqJc4emudR28HSLVGlAMlij4XYZi0zRQSWjFqJb3jeTAlDBbBkvQulfq/BRHwjRfVKC0ajeg8Dua2S1WQp6pnsvEhfqM48xqoGhArHT74UNBijIn610daF0CeltVhAWOeiVGytWynXy4hLLTNvQC9UMN5CtXyo4o8xH70m0ihA1ACu9fikbDqrTL0Eb75QafNxEGgNYBoxgCe/KvX64zisgv8ThfTHEZcA1O+vqG0DYIoWKgIrqghlnY/sW/L2Wq889TTY1E4qg4+lx6iOLgLIFa4hamBip+JHkFXlCRXRmUQVWZTSWHY84xzCHC2xUnGQIlxgrugxTJlfw4y8l7qYp4rdyBXXBtfEQIOkWJyv9r5mHQ+0Dqvu1fp0ZVlP1siq6xj6lB+mk2YNZpOFACOoFYiqlEMAEQlPIxUIDtlBmUnF6Bk2QPbzhRxRiZuaxY4GghQqiVpj+nURt3xkzKeSwwy4WlSRSEOeDS8tnABVedbMKihfKDuoNubmmMRym2Mln5fE9TgmNFy3llLgmO/Hm/JP+WTIKcyvCfCdoosCRsOjFC3/Z2G0giryrAYdYpYf1cuUkBelrU+N45sitSxlDIDPw2eTa3M1kZ1hCkpJi06i1xmSgTkqltYH7M6syuKq9EGHxhwPAQCQ3QhQNSxx4HUSalWFhcTUNMsqiTbjurWZU3ttVOeNmaFAPCCjrP1+AaB5pGg4HPNkl6r4qzAARMTY2B+/J2KtiRhclIVYbgla1nzpuUpfpiR2OHelS7GymS0QZhStuNn1ZAAIWrKY7NLNrNXmdSc1UAHnYAXS3Kl24clKU6ZwrIuBFLJxsLaLifAn56DVtewmoAT5RLXScmTtGPKQydS/B1skg6DyikQc+o0Lj4UBjDlRZOTuw6hwrUcbTBY76M7HRlIIKccVMSijwSyW3EQ5c7XgXMlyMI1mxpFHws78g/LaVo4hNcQ7Dzgm6TIp6onLsl8hY0P3nRUd2ZxZSzt0mtrq6sGHsJ3E6p6EGgPnxdZX+8TR7pWMF8BZ+5VGGDozjT9ZYSomrQJgF45Hmxn4xm4eR80i+QQAkLpxHMRafDU6DXSM2wziPKjVYtJNXqcZs+hcmElHFymPgLEOsR7D0fLwICwYtBg+KcCv/BqHrisV4Zq+dAiiFj7QPNWd1iJZ8RQ6FNAtzetDZuDBDCf1CidYvzPmQgFTgnvMlBW/YNJmg8RayUe0PBpbfGKvdpyMGcnkm5S8QdpJSJxgrLE6ShNO4umPsfO16z36+uOuuvicaBltbKTqRZU2wyXoE15G8X8EgoyLFtrcyAqG7EQqusi/Ne0dXNpeFLWJITRgYJHRT/qeiHEMRdByMsINxV3w1eHe+GI91HVrzTVojgOOobEAkWUSttV+y7s4E0iZ9GFgSvVT9qqgluVA9USNf9JEtMZsWHvvmGFO0phGRsbRL3KzIN1xyedgasjrc+pfK6dGB6wtIhWMJ44VmyBK8ddWaIQvZtPTCZJPhcvYs1pzPcvAexGd2OryVaFwTScRhocCroXTTGEH+lEvIT9/J/2gmnxaICraXYS2g+f1AKZyVTOT8YPKYGCuylYq3oViOTo9r25uK79m2vA4LPFpG/S6w1fgRNFI4enWrZKvoWIMqo+bKH84kc9UKWth/Nd0WbPkq6hheKdSv0pUnIOOasBoxqnfDyFUFxbUdBWI15cz1X1KsiGpciz0lO+K1+carSmq0VXYVYKXK1KjSQIAGjEtfh44AckGv1JjVuo5KGQa4GO1JumMGkKWZk3ObCYyh5arnSeaDsMXXwEkkbX0g2xMzAP9BrtehDQvNkB2f1KtjJtMEoKlmSImTqZYXqYbZ7oGy7TB4lke0Hp9U2/IbRDWaHU1euCClJ28rjIG68w/KWkxwhaPPKlaxsxROEKNelnIraxkg6kgZtExNlcvP+UBUjclZhnYqLcJGf02i6LbmgVMrTCmjlNDCmxH3UaASuRSP9M8XI7Ww4xKGqUp08oS5PrrOusngCAqdhlXTWq9PIOuVtlid7sdw7w8iVznZZVkaVRRQVXyKQ9owbYlqrzSPm7P7YJzoZJoNl2UnLLcVGWIwa4H0F3IykO1rFYwJvMrEbzCej3awGaOrW2b8EsGLXhsHOcIhMWl3QdoVz4ExSqSigMwWwf1mJ+W8J9EHYoV9YGzs7ZRzyhiLI+U5TSzsPiSHVYcCss2yjjam6X5VchQEQ4AkGWopEZsKZg81alRTW1+QGtoo2r6MibVQy6I+A26KFOhBFOTmoR6Cgy9MAJDskPuiLqVcRN18dCgZp/Gk4wpCAy3cpTjpxHWhHnHxAZrLxpOzeZ4fSqrXKHWcmtAbGygdsXn9zzXYERWR6oReHFTPdKiL34/NZUm+d/asEMZHq4qiWNSk4z6Kb4ZHUJ6J18krVTwSCd2jfqUxGJRdYTjaqdGVGl1MplEGJYUqR9opornV6aGqREH5eY5CC5FwoJKWQiUhy4LHJgP/KihphiE0mOdOuhQsEaxYSww4li18zWErUfFlkZ136ENOAzAa4fQHquk65NPHgIU2fOfqKbWn+YnwwcAkNOX2pMqbPx4FMA85zAjUSOknCFL8rj/Jow5WBJTe85vDtwNWOrdGOVtBDFiHPWsbBQGni9iw6wZ35ktGoflIAqaYSRExUZ9hQrva9auR6u/1msNRY4zNCXr0lVnpbqrNx4XyY+CptwbU4hWZJPAM4ifxq2GGa0QKYVdVYzFfyXVKKS9tCmD4cxTmVvOWNDmQwwUrVMeRMY90EDoyynX5WmCSw5X8l8d+ZSXmHIsm5iVriTjOYoa09ChsarcKZLE9TEK/5sNK6jq1ZjJIjNP9RrsE+SIPT1memohi9Syb0MMJ6lbbHXzeMMuk0lHLpxYTtn5C+5bZRdPpjPYKswVL2qvouxYAd3YKM3uOq+10zV97aDiMuXROtHhduYNEY5ykkXFdC4gM3TgTRTomujxMSBKiLzGexbXe4v19fjDR+PqU9wnvZ5WJMByPLMKI7LZ0ZNJYlX1MvYTcHGNVEKbA8uKsdOu2Zh2DXwd3xEqDWP9Wl9GjG1hgUjmuxmHqhtfynePhV7KxVUNcjUjMvQc04shDCPWeA0d8GQvDZ3oOgnNrWerPM1yYmKDKKvsDkoLzvNXKVk+sn2qENYHyc+Ow/EkJB0WcMuoBirrxuwBzZvvg+kBUUfDJnqRKLp4P3YQDopaUbR4WksrV1JlikBKBo8AAZJ5t7Mkvxbtr5zUXdloY/OlkiUmmxiaryF2OGxRyQD1jGKC9GfjsCoRAQ5e3MszyXAqgoOUXhS/kaucqFIGk6eP7cMHAAA3Gibpv6r7sCxaJDJCDJ0Nv+cN8erC0S9pnh955HJMNiAQ0YxQF17ZagXVPlvwJPnMAUrBZPmM64LTPIOmOAmdibTnFiyoHGRs9CHPaxeOfB5rU3laOWlwXaxzXDCcI63qXMfcHDhrGwTXJ8caFaweVDuOy6q9v5YYEi2zVguoiCDbY9eMTgBYnlA9zMOJ30e3NaTShq0tyyl0xPyvd30aLjT/8iCVqIvspGsUSH+z3TOS2WrVxiA2wRZKc62RZhzod8w3irC3LJeOyaF0KO+vV5rqGKOzw0CsbU5IRSNlmQpjV+ziHKL5Hq5SfotX9wfN12VTSWfWRN4nsGnEEcuxDknUxsJgp0YJkrgPg1FEP1Goyh/YJLDVkBoGdgZgh1cFGYaY5SqVTDGIqiuyNLxRIFsNTCsXKYOK6zmkdd2UP+IstcoqZHNeSv8AjPpVFblhQlUwuio/RaQx0ldFLO8xZ5PxdQR/UnXE2q5dyUPWssX2GPGZJ7qOdawqdh+7YpBGTMjjIstCJ3SPejXWsqWMJNf70OF4x4h8HfgT5vM5vLdAmibDm2X2a+pk1XmVWbNX2ZbEN6dIAu0e5XQzH0NQt8MDWSV1ryqAZPc21a9jSaotcK2erwOuakhRLD8OdZzGfVxJ4mpwW+urDXiiN6qWpnJt8ZGo7biCSKyzoiIwDky0TFeCWEFYrc1RvjFUJ1ZUFCCxJL/d0cqYlEG8pmvxgjpPaiXfLvcD1wsZ5loQY1KMXPEHIsPaExjset0rBdAA6rSiOLlTXXWcbC5iyVgLQT5doli8SuMWVE2Y6VpUTqKVza30GjwaM6bV2lj1VS69HziNkAU7xyBxsvjA8rx024N580AmI1i/GjX8lTzBjwZvSPBQxWLmUPOxyma9xWdEMmUSIcVIKdZ0yZAI8FA8MWBXHA/foHIdSJ7ZLdwg+3MEUlTEL7nH2XHlxxuEzIWEFMnDulh2RBrNHpL6jwQwzlBQJ1sJkVRjYYuK4HC/ViGISqKtD+MNyBqNAsgRn6QASDVkUOwblhXsRs/SCgjiMlZqkTtlxsi3qHJ6Rou6gvY4bla4M0QBZVaeQ0xfAkUpWQ2OIk9giFNzrjM6hcc6MGTHuBLdVIUfWJW8/imiSHb/cN7gILFOrTZUXpFjyg0prEtDxUNCFaNyuZJSbFeArUeUmElG4KDBWLbqwlFZbsjDVFBes7CfggYthEauczwzstRpJ6UcdZnlhTRSZDDXCHlSqioWrwVlJAt15NlVod9MWEF2KBKYm/PiBlgLZvFUDyL4WXQKEVEGbDBUJSK13MmPjbOrybKCq/JUQaJgTzoyOChIgigVV5i0ipS5Fo6sC7sEHypShJIXmqaF46b6FKVBg/wjz2x+1c4vy1ZtPQrulMrCZM+/Sy2/4KoIVsZdpLqOS2Nd8uuN4/AWfTVbgSCwj1MCzv4Sjq+b1wpnSrxTsM5eVCGYHV/IoeyI6UjtK+/6aB+nRIHSzzEc82Zr7RJjzLo+bJLzJRAFMMpsia/B5SwimT+w1mrN5QZ3rJao2Y+9iCGM8qthHWufh09yunaeOkaYO9YP77A3ra5xvEEKfNvPOkJdh8gC8p4vnk6m4LpbEfxQ2aV2oQX0GDJab3CSYhiojEtZyaGEnXQtehy6E41ggKm1PwFSxUj2Khg7sC4nuZT5Vozh6PY4IIbzVN4wy5JpmumgcS05Sf07HrPAsGhYGyvX4yriV67v8ag8Phbd7MqPtK4cjpUm/K1ca2K1EwUWBXXW27psPYbPjAbn+2uYiDoAqM87pgtlxTKONzoTlbZITVv+XTOL9ffrhG7NVfapOfUqLANKlgTHQjLfGzwj8XGlbY32/L0w5uV1/PKFqZTXPhsLUbWfMlUptmsuqdgpLdYTEuhvUOF9rgv/iBo9ricmKTKfZYNrbQwJqt47KINkW+7bStlg3d5CohMWBXhuRLrmhxL+1a7qfe1D8/IRjXco+Vp6kLLwW4SxMY6qjpvDMEp9jwsI8yzHxTzaWea8ZRAvUqJBbJX+X/NnOf06oawSJz1ygwjUb4ErK8JE445jU9RMQRHrVgM964tHKnca8gKQ2vLUkPV1iPQspvl4eMujlLTWWYbRKGtFTJDNg6hw5aTXwAMOo8Mf8YrWcWh4+GM2HdL8tzbpWEjA/wzNcDFf9fcT1qcG1b0wAOh9QPMCS54tZtu2HCI5coY2MX9AnJFNCOzi+S9PqbSOb1aX14hIt8k3MYFn3qsZqXMw8CiQm+JdEUnwznApHRky5S8MgUK3QAML3qoKmjpFxax1IPej9JxnR0VrmQwZoyEU7Gl4KUpUVzsHjZKajaQpSndVdiV+qAAdVlvUCrdmJZcGS2CkWAVSIGJjUhYgFUEI5Hz8Yc2xXDQoAcAUP+srxoZd2rTlT+y5pIeJUQSGNJqGVuhvl/6KdbbUsljtVKIAOcNUUkJMVabpoDYKhVijQSDRgDRNBuozLOMRVdYk81qg+TUaZp+KqyLOxaQlyElDkVhrzTaE8d+aVwX7QlAGdKn1HVnhAciMgwo9LSmKi+pb/SCtQsXBdeShLGQ2kNkAmhebM/MHXBBwZcR6aiHGabw2L0hHmA1BxDQRzyJeAkuylxSOgJnqeSEs+dILNdUadrkWl2fR9kioZsSjNEHD1ekhQAWt9Gq89WgZt2ygrD1fw51inAIYk3Yy/ZmkWSSq7I6ARg+Eav26GJyJPrZukHCtwlx49uoIakVJfJtWGS3YpS8eMQJp0oqbGJUQ8Tv2DAflg4yQsE+zuczaopEFoNZy6KeISS8GkyzWEZBQyAgHdkIZbSgsZqUNLsILu1SVtz+KEzf0kYOxdRgwHGooPKCYpQxadW2qurhUWj9NbUHcmhVjprQ1Vs3W1H0GzoLxMCJaX4XRa5iidrIzYg2aZnbGYL0PGkEk6n65DyvSPId2kM1a3iyjh5VIkVSwoqLM4XV8Ke044LESPCRPcpLxi9BrLACQZlXRUtPqkaEaG5QioVETqqK6yeNUfboKp0fxVdlKVmgxqcyz5J9zCQmx7J1xsXOReoz6nskLUvSnmBg/t0J8DbMm2nAtAgCMadbKQyUnhpcxSdxeb000FlltyBxueMhSUtfNY1iiwa1aBwH5WJSKwSVdrwAQ3WEGgQDkt8XkABskVmXSw1tXmqbWwm7S6HypTZlWbSoOlW8OKUcgOYCJ2IotHBVqIUNe686OobCeRa6uKx7VWcQSZT/JfmR4ad0YuQYzUe1PaqJHQfs866Y1F9K15jNSEIglodRAJRwmuSGqIDYgRYHRydzBmkDcfDVmVJU84qZufuP/mFmNoWbEB6KiARjLjcsxLUbVlsPYVyujSpdsH2u+ytxjMI/YCiBlF7KhKwxlbmBUCjOoY5FOAm9NdD5mvQuuprcdidMZKneyYSGo8XCOMqDXk0ZJ0GF92SJ/05nDqHlfu/SvIBtvRqoNIlorRzJIJZwzX+OmlixHuVE2B8f5l+GwYw/YqmV3HBtlqWU2aIpKHIL8XB5ZO1ksfZRByuA3XUpbqO+PEZ4gVhBLl6T1eoQcRaQIKqLQOr5GQkQiCCtnpWcYsrqVyjYcttQOnoWX2w2bCvUcaKsOfcyIkMrO9vc/1RdT7c29Sgkq4oACQr6pBkYWHEZWd6lGF9XL6MeIaqLaBLpGv3WGYBlauqcKdpnmIi2V8auJsWo/YuZKFmca0kg3YPtZZCBFx9/CZZDNUUpODEiKGKYFxLs2Ys+YWdmqSdqaS1MYAJwb7tMEgCru9Zgisj5QPtStmK4CA6Nmsj4a95K2s4kC6tkjldRL8MvTevfiKVazDIuayRaxhC7ylUD9XjdxPGKgEtpitmmYlbw6tZq4ct+lwaoMGMr6YDgS4lXV1JKsoNoQMsAi0iBCsz3G5FFDmPOQdi7F+EGvH117U/izNnN9L8MRqpPBtOOux1lyHQdAmbmNRqimj/Qt4+kErIFIwK6Nxd8sZ8egHfIIcRC3FmFNEuD6mDloSPqjMCqDxaplOWZYBlK1H59hzVwGTXHe1clt7KhqUSpAtupWTGTIpZWrbFPaweO9HSmpHeliVjAKAVsz0cCgn/Qa4UFpkZSV0GVyGBChMoOK7+3gZUc9Zc0ccV+oFRBMI/WvNonre42kl4kLQ3XIH6OXEBKBReVEE+kMOfuNmgAAPyu/EitOdfza4S4lVFU3ibYBDhTvGBMsvYcMQEJQGZ1qgiZMMcKgHRmY0uGgepUB1H05XByoHgfBo5NWg4HBDYoViIGeomaostLpZo2GY7WkkZnTaEWjMY8PA4XVeWxlZKN6WuAtIMOuVbERghfpGdkGXOnX/RScas6KgusdE1KyJtPTOkEdD2Ba67OBxnppX/NoRDErzY69RGzoBCApqOqkxrKR/lCPRQuQJTAb1Jqp+msCcby1ziIrr+axNux8UzfQkNTNPZ3UXmliAcXKEyOCyEmnqp1VUcwZwHHhaqG1heHVQBVJgTKfZRhJMPy/tkvRbRGOe5lhvJEEZ12XAubhkFXmFB6/Yi6SC9Oam+4PQFbDHHexWR7ATLzwl8caSHKiKinGknET41q/NvMCBByePyQ9M3mKSHRYz1NI2rkljB6CpR5RsYluLOweIKatarLjVYUHLKW2HKgIvqGg6PpqxBCe4qZ0KZuRnieV9ay3BACQIy30KnYxTeF9dQF4LCY7tktuoAIgsBcO9i0Y8EemqBfzBleVqgKGXk4RmcwlSSUMY9MNiQO8XSCW2SEpQikj8knLbXxg0K9Kst3Hom8fL/dDyI1/5XkH9bYxGkIWK4ORvUj3oJAH18WSNVPYsU6KYx4H8yZJGlmrrOLIQJz0EP+qapyky5i6JbtU8IhKfsEao1pTKLJLQGVpfxyXobZqTR+LtkU6xvSxQOtYMqLaM5YZqqgkHNebIMxXTQrtO2o3iy7yudrGIDzEUEE4ElxywxwzlYZdrd+aJumOklgt7UM4zQg23TwpTjXtWM9lDSdLRfwCmo8D4wagT1FiuzGcRbhsZKDYimlDjUIw3hMWIgPaTY91ARi1P4JkDH/1sBplwwWU+xLGyCzVqrKWJCrNCHsDWfwejY/FaaY5KK+AgJFDULFT4W5yTGV94ppAyGBYdRl6QNtScNPCUAxe3mTzMp4nJLRlt3CUAFG41LuMJgajDADQ7mBs7uFViF9Vqi30ZRTBapUlY01sxg1AiY42xMOofZ0nJcqBaaHCkGUDjICNQwVD2cggjD6tXBzOVe15sTivv9ahMmESZNHU90Hdr0U7OlLloYytEOc+DMmq/rqIHE7o4jVSwnXlRI4n71DTx3KBNeyur2sDrzOr/oOgquzxHq/1HdY+LZPPE0hznZ449mh0eqJ6Kn+Sa13yiQBINGLipOw9Uu4auPBamJUnGgGs2j2DWjXj74UMZSx1sq0jtTZjWQ2ONapXX0ZMzGCAknpjGdTJLGIaobLoN3J81tgIBVT50dpcon6tbVLCqrTGLK2LGbe24kdIOEvYsiWK8Axs+ppj5U9SzZK2oyHGui5lwlldKjmOCe+NSsj/jvrW4/rWQGLJqQCnG4zHtRW+jDSsWez1JPqtCdFgsPHhxp6M81HLQDLiZpBjJKDiF1hxxotBw1HGhk8Q1vvVpOeExcGaqVxzrc2Ijhm/NtzxZo3W+5exMhZ/WjfuyIOxDiOPqf6Y9K9LaNjWDMUdJapYR56afTIPRuOiZHNMT+sTTy48FYlc7+rXOl/T2Kasx0JSM4lo1+BGk0/bx/jc95Z82hFO1mUIk2STYw3GryReAwmj/Hxd8mkprVcGBiPVr3Ulv+Gdk9FprNB/kg3hNViyhp1ACscHGX+kK8vDvSrjU9atVhkX1cDGgYqd0NceE72fiMBUOX/omMIhqTbpN8YqaS4MeS8rSwq+ahcxCTm6RZ40FqhUxl+LtqnQISkxxs0pSvgyNP+/0q52224VBGJX3/+VvT8iMDOAye5NV9tzjPKhMCBmZ7sk+Xn9oFxO7czAMqjA6engCwpDWTfE3lnVtNhtIp07mtDJgPRETqWiTNzlg/62Y7pQ4ChrPfPKFThvtWaHKRURh63n6JoPXZdqBDvwwxuPI0XfyksEkFtqRVhC5G9EaFe28iLPl2SUi8Gy4seElhmsaX9IxRvjvg9+aD6PnEjsthr3Zd4SKMk+XaHGJpfPJ8uPtuniEccN8vBn2cNO5CxIQw5aNWs6luqZO+JVW97e00EcRpFFushxUPaxXCMpb8tiWTPJmv1cFLzYfy5KhWg4ikxFeNWO4eFRnvRZhkvUlk7zyEVGMFmcvSls0aIUSShUPbf8zUpSYaHzWC7zydyeIX98XDaZ+0Bq88NOySXpl7XER1Qt8BztRCdneKEXhbmUpaBNhgwfwWiMi65BnAXzkw53vc6jxUKCWlNt/PHpkl53gUHMbjqrjn4qngc9D8cwFYeaQY7hkxoOZbRSKIxgcgut8UOeV81ZnMGy1inK1RmM5zBA89+GWsTYtmz3JfNpLlgFfi4AV2JvONs0szRwkEAnWc+scOBpHxxT42yVt5kB8B3FalhoTITUJGaP5iRwGxjBWU2fu7BGFH19OIszVWqbFVsqJ+mZAAJiE8gbzUB3JV7nphF4gdZmSGdltxpkJRYbF39rEBGBcW+JXjOtO1rr2dfEOrc2UEJqaho4430QYyFjGwIBzNPHUPWyO3VZ/zqPJpT2KZ3DjvunraEGH1YSSxJmVMNnP+Q0kleY2AHg4OrUXmhTqTgyZQgRXrqZtTCKxkBfJj3VdBJpyNV1ISYBfiZ/pel4aLb4YZFn5t2Mqt+OSRv5CwxHMWI+01t2x+TtQkAgahZoczaf51a+nw3ha7dPrWydtPuuY7Myhob3rUT5hF6MaPLaj5UN8iIJwC/mRJy1PjsoAmacu9nrqxeRVFfcOcC0927poOD4pt+F88liZKDlfX7d5AM+eIcWekD9tdaxWIDyDJxLgU5DQmeQbUIWYp6IeeYBjFEnAAeJ3Kx1h3txl8lgntvjhuT6z901Dz0t8HW2snludcKw13NR0GiGl/KtwxqQDYxq9BL513oIBpAc7jv8nfLW/BfsE2k2iL33el6Vsfdz68/+A3QQTBOhXxJxzDZWY8bQzzIEZBsX1JdJrJmQuiIkgW1yjB4SoBd8s6YCmhhPGEazFe8+VGng2l83JyXuXy4xv6m08XDnCVw6KaO/h8Jkc57qxN4mYHAEgccvJI3XHJ1jjHPz4aB1lTWba1SqtkM+9SQlzaOrG15ahpZczUxx5lP0haT5kLXjQ+dnSbTqKg3gzvfqhJVqHTU1AJ4SjordchVG6sz+B/m5ioR7lhKcoBh5alqUfbEWIRJucYCjZ+kYdLZL4WgcMAWznKG22MPlLWTxk6B6X3E2MykIRoHI2dX5LCFyufrZMKFTrQDq7Yd12ZQFb45LLkoJ2TDCAxp15ORteoisS4Gmy5PDsYPrfnr8tfOQz6r4s1a8EwlGyk68rsQ3BBZOjStDEnfVBuyHx8baDL6N+KQ/9VP9Ye+xveNGIhwYgMxizsfbcKPOApQQwM6OhVMbIwoLPHzEKOUMFnfl8Y1nkCSZg1Y3n2MLVdmnN9eliW4z/7L7VsgXyd3habrKG8kZI9cHfwxwf1YlNqCe3D7vWNyvVrUW4kYGhq4PRv9h3VrQW6vGltYwThLvK9sk5eKMJSOGH18+4iIUYpnW8CK6knZQqJ6ypfXlTbxA8NnDlNdXBvXMFCkwNxpF+O36OJFGfDE+t0a1EIiFM1lK/1voxroJUPiUPCEX6bzZW6cs/9XHZGaocP4AA9RNMMHFKrIeZYDJ0ZfMVMHY3jIzCAeZbKAhuOyCKqUVKzIXwQI/t/9YK/E4FupKkBJiPSjiNaGyfAzJN1GiT5k0yrcwUKg/eWNmsF5UJZkzbGXLWeJbTOxPTWFILcOlPFhZWRgIzT8A3mHCud9HktSI1CxZjesWqVrrrUiW/H26nCjmq+3nzLM/bRKQIyEJhZKMgBxfQs1SjFCOl0vjI+djEd4rMu+yWJ5TP4FnrW7BCncJgxElwrmi2e2/mDqMXTI8QAwRgCmcKXc7aQ91YjKe7pG+Pv9VN28UhcNVO+47vosh/QCqYj2LA8jkelstq5OMJuEpcwSKOwVfgazZwPcWh0g7/uAMG4RFaWfhCayMdo1h+ZUOlgszhuEkLfj7dnm21nfvS3tGc14JGjgmIRJDNi7PlOk1tf9zI8hkS5j4lvaEqRojjUHs1WBIrRaXATsGAl2fcs3yNIL0Y52E7yoaLYTF3IITfhcNtZsh6wWc368pX79KFqfR5fISGBdyPvmQEAJBtPGfCM6MIk44DngARhmaNGkTjOctnp+UuRrBmxZfF3rvSIV/OCv4/bqLjMBEMdByGJYbLe+0gYdZPwEFsxqDrfSbmy9ch/99LTdCYdsYif/KeQD1L6A24qfc14GlFhu/XkoAI7B/Qc6SjEL32KTdwo157Gxop1EnIdgcuSH9sqKtAHfZXBK4vW50eoKy5L9dOpNfjfm6ghLcGq6dgsXAvimIX+2gJqGAcLk2cMSE1gc3JjeTen3vSzJFUTGDb7uN4rmzcKNYOUpI6U2T/cAtEmCb2ZiMypW25MnYJiRv6GdLZzxPADWqsrSm1F345YFLbz285EFQ65dbSnVjWJSwQgusqy2md/D2p5jyrD/ibUK0PhbBkwacU+v3DBJYR04SGlWrw6c7vyUnYhWtiX5By+9cbFj3MNqyfTVU5gI4sQR8KJrjXxTpUp00j2GxmGZ6dfWZbY2tKXSUFG1MCNtMYg4WkrQW61zTb2b2vP8WIn2gjRwdWLEYwcfH6rk8A3cLVkcf4RWkxoAVhIy3OxrvTrd2G9oNqf3ayZfObeKhiMwHvDyEeXx8hJfUpyUT6/SFcAaTPR3c242mWAM2+geZcFx6gSjJDluAoCPQYw8wyRJEZXbfD6oHwdImA49I3MZccbilqS/4q3ZBG1MMahm0PmYJF1UIuvBk+83EJIO/n25t1BfcYssM8JhgZfX+JQoWCuRout3nC40FDr4sHv8ZeTUUtFEPzvh3fISuldw6vC3E0B8/XSUNlNy6PrtFj3qCJJ0D3izqzgVubNG9S5H3hncr3p7t+e4yuyTTmHvMdPpIsXW5qap0M+P4v3v32K8gBriYdfsy58HRiuHVAvQoyWbbyjNtw+UjR2OiGFBcZpBQzQQUifSgqWgCnw/TLgtJ6sspZSkpEp2OGvbRhLiG404+Zkl4ngxrlhmLy2Z8/8iJ9ImpPs3c7R2Civ2Xhx4R+W9+pyYEJEBCDNCfHqlx8IEDMDAqdQR4OmJac0rqqHVXbG/8nRPptmIrqo3O1Yh56PPztyA1KRFYjy4c3TKz/5ghOMlq8Ltd8TKUfS/m48XBIUiRw5xVJOi/iKDHj7wEZrY1hJXwHc3wpKGP3aJ/h7R6q0sh2ksTuYERPyOd0loTIkmwEXjBAjXOQte993+d5hGYOxXb4gAAAABJRU5ErkJgglBLAwQUAAAACACFEKtcosjWZ70FAACEIAAAFwAAAGRvY1Byb3BzL3RodW1ibmFpbC5qcGVn7VZrcBNVFD67ezcpbc0QKC0UB8K7MsCkLUIrAjZp2qaUNqQtr3GGSZNNE5omYXfTlk6dkfoA9Yc8fP+xFFR0nHFQ0YI6UkVARwcQCxQYxiJq8TU8FF8D8dzdpAlQhJFfzuzd2f2+nPPdc885e+duoseiX8PQ8hJ7CTAMA2V4QfS0vstuta5wOKtK7BU2dADot7nC4QBrAmgMyqKz1GJaumy5Sd8LLIyCNMiGNJdbChc5HBWAg2rhunHpCDAUD08f3P+vI80jSG4AJgV5yCO5G5G3APABd1iUAXRn0F7QLIeR6+9EniFigsjNlNervJjyOpUvVTQ1TitymovB7XN5kLchn1aXZK9P4moOysgoFYKC6HebaC8cYsjrDwhJ6d7EfYujMRCJrzcG73SpoXoBYg6t3SeWOWO8w+2yVSOfiHx/WLZQ+2TkP0UaaouQTwVgh3nFklpVz97b6qtZgjwTuccv22ti9tZgXWWVOpftbAgtcMY0+92SFXsG45Gf8gn2CjUfDjxCsY32C/kYX6QsFp8rl5qqbfE4rT5rpRqHE1e6yh3Is5GvE0POKjVnrlMIlDrV+NzesOyI5cD1BwOVFWpMYhAkpUbFLvtqytS5ZJaML1GdS5Z7/SX2mL4tHFD2IuZGtooRZ21Mc9Al2krVOOSCEKyNxeRHelzFtLczkM+DxYwLBAhBHT7dEITLYAInlIIFMQwierzghwBaBPQKaPEzd0AD2gbXORSNyhOKemV2P52NqwyuUVc4G9OESBYxk3y855AKMpcUkEIwkfnkPjKPFKO1kMwZmOtIWp+udXYgziqIYFSqWwyW9dmRnMR67eIKv/vAk+eumh26Lmchnk9yB0DCDsSV05Pr39f2/shEjB7Sdf/h9H1tUHWz/vJn+H6+B5+9/MmEgj/Bn8SrF4owt4CSUSPefiUPKSmD5Bq68ZbBhc8+1IWSdFet6A2uz054aCeEtZWXKqF9WsJqPmr+2dxj3mzeav7xmi4P2iVuE7eD+4Dbye3iPgcTt5vr5j7k9nJvcO8lvasb74+Bd6/UG6+WegbrtQABg8Uw2jDBUGwYa5hkqEjEM2QZcg1lhinoGT3w3pLXS67FD8vwGe/q4Gupulr0+qFZqUBSOhyE1dfs/9hsMobkEvs1u7aA7uW4QmfTFeuKwKSbqivU5erKKY/np5uCvkJ82q7ade4bVCAkqZLrnK7sOrpX6ewmxSeBIAstMj1oraHwatFf75NNeWbzbFMRfqoEkz3onjHN5AoETIpLMomCJIhNgmcG0O+gekRfdCrfNybzQMImLwSY+wueWQcTtuURgNclgKyZCVsOnokjXgTomuWOiE2xM59hvgCQvPl56q90C55Np6LRi3he6TcCXN4Qjf7dGY1e3oLxTwLsDkT7QLa1+L0ACxfSUx9SgDDZwNPZeM9jRg/wEiYHD3DKWYC1fiAxe2Vs7bLYbxXZDjauYJ7o4OKcVaTRE2Cl/x5ua9AgtxuDie4GYwqLKXKMEVgjwxmZ6B4Yi7nyqiD+YWVYjvA6fcqQ1DQU7BgKLMNxLOF4nmBpzAPoB2Lkh43LLdINX+TSj1+Vkbdmw+aUCZbt3SOch85NzK8T24ekZmaNHJU9afKUnLumzrx71uyCwnusxbaS0jJ7eXVN7eIl+HrdHsFb7/OvlORIU3PL6taHHn7k0bXrHnt846annn7m2eeef6Fzy9aXXn5l26uvvfnW2zveebdr566PPt7zyd59+z/97MvDX/UcOXqs93jf6W/OfPvd9/1nfzh/4eKvv136/Y8//6J1McANlD5oXdgEhiWEI3paF8M2U4GR8ONydcOKFuldq4aPz1uTkmHZsHl795AJ+c5zI+rEQ6mZE2f2TTpPS1Mqu7XC2v9TZQOFJeo6DukcbjgjZ4T5cOVKDnSwD6aCBhpooIEGGmiggQYaaKCBBhpooIEGGmiggQb/M4j2wj9QSwECFAMUAAAACACFEKtc/Keu0JsBAAD8BgAAEwAAAAAAAAAAAAAAgAEAAAAAW0NvbnRlbnRfVHlwZXNdLnhtbFBLAQIUAxQAAAAIAIUQq1x5JktA+AAAAN4CAAALAAAAAAAAAAAAAACAAcwBAABfcmVscy8ucmVsc1BLAQIUAxQAAAAIAIUQq1yIhgtTaQEAANECAAARAAAAAAAAAAAAAACAAe0CAABkb2NQcm9wcy9jb3JlLnhtbFBLAQIUAxQAAAAIAIUQq1z029sX6wEAAGwEAAAQAAAAAAAAAAAAAACAAYUEAABkb2NQcm9wcy9hcHAueG1sUEsBAhQDFAAAAAgAhRCrXJHX9leuBwAAxhUAABEAAAAAAAAAAAAAAIABngYAAHdvcmQvZG9jdW1lbnQueG1sUEsBAhQDFAAAAAgAhRCrXDY7uKNFAQAATwUAABwAAAAAAAAAAAAAAIABew4AAHdvcmQvX3JlbHMvZG9jdW1lbnQueG1sLnJlbHNQSwECFAMUAAAACACFEKtc5vRR6K0vAACGVQUADwAAAAAAAAAAAAAAgAH6DwAAd29yZC9zdHlsZXMueG1sUEsBAhQDFAAAAAgAhRCrXGB5gtM5NQAAc68GABoAAAAAAAAAAAAAAIAB1D8AAHdvcmQvc3R5bGVzV2l0aEVmZmVjdHMueG1sUEsBAhQDFAAAAAgAhRCrXKM/Rl+/AwAA5wkAABEAAAAAAAAAAAAAAIABRXUAAHdvcmQvc2V0dGluZ3MueG1sUEsBAhQDFAAAAAgAhRCrXOha5VMAAQAAtgEAABQAAAAAAAAAAAAAAIABM3kAAHdvcmQvd2ViU2V0dGluZ3MueG1sUEsBAhQDFAAAAAgAhRCrXPs5oHNjAgAA+woAABIAAAAAAAAAAAAAAIABZXoAAHdvcmQvZm9udFRhYmxlLnhtbFBLAQIUAxQAAAAIAIUQq1yUQSK4xgYAALsqAAAVAAAAAAAAAAAAAACAAfh8AAB3b3JkL3RoZW1lL3RoZW1lMS54bWxQSwECFAMUAAAACACFEKtcnoA616cAAAAGAQAAEwAAAAAAAAAAAAAAgAHxgwAAY3VzdG9tWG1sL2l0ZW0xLnhtbFBLAQIUAxQAAAAIAIUQq1w+yuXVvQAAACcBAAAeAAAAAAAAAAAAAACAAcmEAABjdXN0b21YbWwvX3JlbHMvaXRlbTEueG1sLnJlbHNQSwECFAMUAAAACACFEKtctbtMTeEAAABiAQAAGAAAAAAAAAAAAAAAgAHChQAAY3VzdG9tWG1sL2l0ZW1Qcm9wczEueG1sUEsBAhQDFAAAAAgAhRCrXJDQh4lrAwAAiRUAABIAAAAAAAAAAAAAAIAB2YYAAHdvcmQvbnVtYmVyaW5nLnhtbFBLAQIUAxQAAAAIAIUQq1xyW26XJugRAFUVEgAVAAAAAAAAAAAAAACAAXSKAAB3b3JkL21lZGlhL2ltYWdlMS5wbmdQSwECFAMUAAAACACFEKtcosjWZ70FAACEIAAAFwAAAAAAAAAAAAAAgAHNchIAZG9jUHJvcHMvdGh1bWJuYWlsLmpwZWdQSwUGAAAAABIAEgCkBAAAv3gSAAAA\"},{\"name\":\"时迎超-AI驱动招聘变革从模糊需求到精准匹配的实战之路.pdf\",\"data\":\"data:application/pdf;base64,JVBERi0xLjcKJcKzx9gNCjMgMCBvYmoNPDwvQXV0aG9yICgpIC9Db21tZW50cyAoKSAvQ29tcGFueSAoKSAvQ3JlYXRpb25EYXRlIChEOjIwMjUxMDI3MTY0MjA0KzA4JzAwJykgL0NyZWF0b3IgKP7/AFcAUABTACBvFHk6KSAvS2V5d29yZHMgKCkgL01vZERhdGUgKEQ6MjAyNTEwMjcxNjQyMDQrMDgnMDAnKSAvUHJvZHVjZXIgKCkgL1NvdXJjZU1vZGlmaWVkIChEOjIwMjUxMDI3MTY0MjA0KzA4JzAwJykgL1N1YmplY3QgKCkgL1RpdGxlICgpIC9UcmFwcGVkIC9GYWxzZT4+DWVuZG9iag04IDAgb2JqDTw8L0FJUyBmYWxzZSAvQk0gL05vcm1hbCAvQ0EgMSAvVHlwZSAvRXh0R1N0YXRlIC9jYSAxPj4NZW5kb2JqDTkgMCBvYmoNPDwvQml0c1BlckNvbXBvbmVudCA4IC9Db2xvclNwYWNlIC9EZXZpY2VSR0IgL0ZpbHRlciAvRENURGVjb2RlIC9IZWlnaHQgMTEyNSAvTGVuZ3RoIDc2NjE0IC9TdWJ0eXBlIC9JbWFnZSAvVHlwZSAvWE9iamVjdCAvV2lkdGggMjAwMD4+DQpzdHJlYW0NCv/Y/+AAEEpGSUYAAQEAAAEAAQAA/9sAQwAIBgYHBgUIBwcHCQkICgwUDQwLCwwZEhMPFB0aHx4dGhwcICQuJyAiLCMcHCg3KSwwMTQ0NB8nOT04MjwuMzQy/9sAQwEJCQkMCwwYDQ0YMiEcITIyMjIyMjIyMjIyMjIyMjIyMjIyMjIyMjIyMjIyMjIyMjIyMjIyMjIyMjIyMjIyMjIy/8AAEQgEZQfQAwEiAAIRAQMRAf/EAB8AAAEFAQEBAQEBAAAAAAAAAAABAgMEBQYHCAkKC//EALUQAAIBAwMCBAMFBQQEAAABfQECAwAEEQUSITFBBhNRYQcicRQygZGhCCNCscEVUtHwJDNicoIJChYXGBkaJSYnKCkqNDU2Nzg5OkNERUZHSElKU1RVVldYWVpjZGVmZ2hpanN0dXZ3eHl6g4SFhoeIiYqSk5SVlpeYmZqio6Slpqeoqaqys7S1tre4ubrCw8TFxsfIycrS09TV1tfY2drh4uPk5ebn6Onq8fLz9PX29/j5+v/EAB8BAAMBAQEBAQEBAQEAAAAAAAABAgMEBQYHCAkKC//EALURAAIBAgQEAwQHBQQEAAECdwABAgMRBAUhMQYSQVEHYXETIjKBCBRCkaGxwQkjM1LwFWJy0QoWJDThJfEXGBkaJicoKSo1Njc4OTpDREVGR0hJSlNUVVZXWFlaY2RlZmdoaWpzdHV2d3h5eoKDhIWGh4iJipKTlJWWl5iZmqKjpKWmp6ipqrKztLW2t7i5usLDxMXGx8jJytLT1NXW19jZ2uLj5OXm5+jp6vLz9PX29/j5+v/aAAwDAQACEQMRAD8A9/ooooAKKKKACiiigAooooAKKKKACiiigAooooAKKKKACiiigAooooAKKKKACiiigAooooAKKKKACiiigAooooAKKKKACiiigAooooAKKKKACiiigAooooAKKKKACiiigAooooAKKKKACiiigAooooAKKKKACiiigAooooAKKKKACiiigAooooAKKKKACiiigAooooAKKKKACiiigAooooAKKKKACiiigAooooAKKKKACiiigAooooAKKKKACiiigAooooAKKKKACiiigAooooAKKKKACiiigAooooAKKKKACiiigAooooAKKKKACiiigAooooAKKKKACiiigAooooAKKKKACiiigAooooAKKKKACiiigAooooAKKKKACiiigAooooAKKKKACiiigAooooAKKKKACiiigAooooAKKKKACiiigAooooAKKKKACiiigAooooAKKKKACiiigAooooAKKKKACiiigAooooAKKKKACiiigAooooAKKKKACiiigAprKH4zgjofSnUx1JO5Thh+tACA7spIPm/nQCUOx+Qeho4lXuGH5g0A7sxuPm/nQAnMRz/B/KlYFTvTnPUetAJQhH5B6Gk5iPqn8qAFIDgOhw1HEq4PDD9KGBU705z1HrQQJAHQ4b/PFACo5ztf7386fUfEq4PDD8xSq5zsb7386AH0UUUANZc8jhh0NN4kBVhhh+lSU1lzyOGHQ0ANU/8ALOTr/OgExna3KnofSjiQFWGGH6UBufLk6/zoACDEcqMp3HpTwQRkdDTATEQrcqeh9KeAFGB0oAWiiigAooooAKKKKACiiigAooooAKKKKACiiigAooooAKKKKACiiigAooooAKKKKACiiigCMExttblT0P8ASg5iORyncelAbJMbjn+dAJjIVuVPQ/40ADA/fj59R60HEgDKcMO/9KDmI5HKdx6UEHO9OfUetAACJQVYYYdR6UBufLk69j60cSAMpww6UAiUFWGGHX2oAATEcNyh6H0oIMZ3LyvcelAbny369j60AmI4blOx9KAAjP7yPr6etHEqhlOGH6UEGM7l5U9R6UEZ/eJ1/nQAAiQFXGGHUUAkHY/Oeh9aOJVDKcMP0oBEgKMMMO39aAEyYjg8oeh9KUgxncoyp6igMQdj856H1oyYjg8oeh9KAJKKKKACiiigAooooAKKKKACiiigAooooAKKKKACiiigAooooAKKKKACiiigAooooAKKKKACiiigAooooAKKKKACiiigAooooAKKKKACiiigAooooAKKKKACiiigAooooAKKKKACiiigAooooAKKKKACiiigAooooAKKKKACiiigAooooAKKKKACiiigAooooAKKKKACiiigAooooAKKKKACiiigAooooAKKKKACiiigAooooAKKKKACiiigAooooAKKKKACiiigAooooAKKKKACiiigAooooAKKKKACiiigAooooAKKKKACiiigAooooAKKKKACiiigAooooAKKKKACiiigAooooAKKKKACiiigAooooAKKKKACiiigAooooAKKKKACiiigAooooAKKKKACiiigAooooAKKKKACiiigAooooAKKKKACiiigAooooAKKKKACiiigAooooAKKKKACiiigAooooAKKKKACiiigAooooAKKKKACiiigAooooAKYwZTvXkdxT6YzFGyfuH9KAEID4dD8386OJV9GH5g0EFDvTkHqPWggOA6H5v50AAO4GNxz/OgEodj8g9DRxKvow/MGgHdmOQc/zoAP9Uf9j+VBBU705z1HrQCUOx+Qeho/1R4+5/KgAIEgDocMO/8ASjiVcHhh+lBUqd6c56j1oIDgOhww/wA4oAVWOdjfe/nT6j4lXB4YfmKVWOdrfe/nQA+iiigBrLu5Bww6Gm8SDawww/SpKaybuRww6GgBoP8Ayzk6+vrT1XauM59KZxINrDDD9Keu7bhuT60ALRRRQAUUUUAFFFFABRRRQAUUUUAFFFFABRRRQAUUUUAFFFFABRRRQAUUUUAFFFFABRRRQBH8soIPDD9KAc/u5Ov86CA+GQ4Yd/6UcSrg8MP0oAATGdrHKnoaCDEcj7ncelAOf3cg5/nQCYztY5U9D/SgAI58yPv1HrQQJAGU4Yd6MGI5H3O49KCvPmR9+o9aADiQFWGGHb0oB/5ZydfX1oIEgDKcMO9HEgKsMMP0oAATEcNyh6H0oIMZ3Lyp6j0oB/5ZycnsfWgExHB5TsfSgAIz+8jPP86OJVDKcMP0oIMZ3Lyp6j0oIz+8j6/zoAARICjjDDqKAcHY/Oeh9aCBKAynDD9KARICjjDDtQBJRRRQAUUUUAFFFFABRRRQAUUUUAFFFFABRRRQAUUUUAFFFFABRRRQAUUUUAFFFFABRRRQAUUUUAFFFFABRRRQAUUUUAFFFFABRRRQAUUUUAFFFFABRRRQAUUUUAFFFFABRRRQAUUUUAFFFFABRRRQAUUUUAFFFFABRRRQAUUUUAFFFFABRRRQAUUUUAFFFFABRRRQAUUUUAFFFFABRRRQAUUUUAFFFFABRRRQAUUUUAFFFFABRRRQAUUUUAFFFFABRRRQAUUUUAFFFFABRRRQAUUUUAFFFFABRRRQAUUUUAFFFFABRRRQAUUUUAFFFFABRRRQAUUUUAFFFFABRRRQAUUUUAFFFFABRRRQAUUUUAFFFFABRRRQAUUUUAFFFFABRRRQAUUUUAFFFFABRRRQAUUUUAFFFFABRRRQAUUUUAFFFFABRRRQAUUUUAFFFFABRRRQAUUUUAFFFFABRRRQAUUUUAFFFFABRRRQAUUUUAFFFFABRRRQAUUUUAFFFFABTSwD7WHB6GnU07WJQ0AM5iP+x/KlIKHenIPUUAlTsfkHofWk5iPqn8qAFI3gOh+b+dHEq+jD8waCCp3pyD1HrQRvAdD8386AAHcDHIOf50AlDsc5B6GjiVfRh+YNAO7KSD5v50AJzEePufypSpU705z1HrQCUOx+QehpOYjnqn8qAFIDgOhww7/0o4lXB4YfmKGBU705z1HrQQJAHQ4agBUY52P97+dPqPiVcHhh+lKjnOx/vfzoAfRRRQA103YI4YdDSqSRyMHvS0UAFFFFABRRRQAUUUUAFFFFABRRRQAUUUUAFFFFABRRRQAUUUUAFFFFABRRRQAUUUUAFFFFAEbKQd6fiPWggSAOhww6UHMRz1Q9R6UMCDvTn1HrQAcSrg8MP0oBzmOQDP8AOggSAOhww70cSrgjDD9KAAExnaxyp6GggxHI5Q9R6UA5/dydf50AmM7W5U9DQAFefMj69x60ECQBlOGHeggxHI5Q9R6UMDnzI+vcetABxIpVhhh+lAP/ACzk5PY+tBAkUMpwwoBEilWGGH6UAAJiODynY+lBBjO5eVPUelCn/lnJ17H1oBMRweUPQ+lAARn95Gef50ECVQynDD9KCDGdy8qeo9KGGf3kZ5/nQBJRRRQAUUUUAFFFFABRRXFfED4k6f8AD3+zvt1jc3X27zdnkFfl2bc5yR/fH5UAdrRXiv8Aw0l4f/6Amp/nH/jXo/gnxhaeOPD/APa9nbTW8XnNFsmxuyuOePrQB0dFFFABRRRQAUUUUAFFFFABRRRQAUUUUAFFFFABRRRQAUUUUAFFFFABRRRQAUUUUAFFFFABRRRQAUUUUAFFFFABRRRQAUUUUAFFFFABRRRQAUUUUAFFFFABRRRQAUUUUAFFFFABRRRQAUUUUAFFFFABRRRQAUUUUAFFFFABRRRQAUUUUAFFFFABRRRQAUUUUAFFFFABRRRQAUUUUAFFFFABRRRQAUUUUAFFFFABRRRQAUUUUAFFFFABRRRQAUUUUAFFFFABRRRQAUUUUAFFFFABRRRQAUUUUAFFFFABRRRQAUUUUAFFFFABRRRQAUUUUAFFFFABRRRQAUUUUAFFFFABRRRQAUUUUAFFFFABRRRQAUUUUAFFFFABRRRQAUUUUAFFFFABRRRQAUUUUAFFFFABRRRQAUUUUAFFFFABRRRQAUUUUAFFFFABRRRQAUUUUAFFFFABRRRQAUUUUAFFFFABRRRQAUUUUAFFFFABTWUP3ww6H0p1MdTncv3h+tACA7wUcfN/P3oBKnY/IPQ+tHEq+jD8waAQ4KOPm/nQAnMR/wBj+VKQVO9OQeo9aASp2PyD0PrRzEfVP5UABG8B0Pzfzo4lX0YfmDQQVO9OQeo9aCA4Doef50AAO7KSDn+dAJQ7H5B6GjiVeeGH5g0A7sxyDn+dACcxHI5T+VKwKnenOeo9aASh2vyD0P8ASk5iPH3P5UAKQHAdDhv88UDEq4PDD9KCCp3pznqPWggSAOhww/zigBVY52P97+dPqMESjB4YfpSq5zsf7386AH0UUUAFFFFABRRRQAUUUUAFFFFABRRRQAUUUUAFFFFABRRRQAUUUUAFFFFABRRRQAUjMqKWYgKBkkngCuY8bePdG8C6X9q1KUvcSA/Z7SM/vJj7eg9SePqeK+XPGvxQ8R+NpnS6uTa6dn5LG3YiPH+13c/Xj0AoA+ivEPxo8F+HneH+0G1C4XgxWC+Zg/7+Qv61wN/+0t8xXTvDXHZ7i6/9lVf618/0UAe2J+0lrgPzaFp7L6eY4P55rY0z9pO03hdS8OTRR92trgSH8FYL/OvnuigD7K8OfFDwl4olSPTtVSO7fj7JdDypGPoM8Mf90muxIEgDocMO/wDSvgSvSvAnxm17wnNHbX8kmqaVwGhmfMkY/wBhj/I8fTrQB9YgiVcEYYfpQDnMcg5/nWX4f8RaV4s0iLVdGulmhbg9mRu6uOx9vx6VqcSrgjDD9KAAExna3KnoaCDEcjlO49KAc5jkHP8AOgExna3K9jQAMD/rI+T3HrQQJFDKcMOlBBiORyncelBH/LSPn1HrQAAiRSrDDDtQGOdknXsfWjAkAZThh39KARKCrDDDtQAAmI4PKdj6UEGM7lGVPUelAbny5OvY+tAJiODynY+lAElFFFABRRRQAUUUUAFfP/7TX/Mrf9vf/tGvoCvn/wDaa/5lb/t7/wDaNAHgFfVf7Pn/ACTP/t+l/ktfKlfVf7Pn/JM/+36X+S0AeqUUUUAFFFFABRRRQAUUUUAFFFFABRRRQAUUUUAFFFFABRRRQAUUUUAFFFFABRRRQAUUUUAFFFFABRRRQAUUUUAFFFFABRRRQAUUUUAFFFFABRRRQAUUUUAFFFFABRRRQAUUUUAFFFFABRRRQAUUUUAFFFFABRRRQAUUUUAFFFFABRRRQAUUUUAFFFFABRRRQAUUUUAFFFFABRRRQAUUUUAFFFFABRRRQAUUUUAFFFFABRRRQAUUUUAFFFFABRRRQAUUUUAFFFFABRRRQAUUUUAFFFFABRRRQAUUUUAFFFFABRRRQAUUUUAFFFFABRRRQAUUUUAFFFFABRRRQAUUUUAFFFFABRRRQAUUUUAFFFFABRRRQAUUUUAFFFFABRRRQAUUUUAFFFFABRRRQAUUUUAFFFFABRRRQAUUUUAFFFFABRRRQAUUUUAFFFFABRRRQAUUUUAFFFFABRRRQAUUUUAFFFFABRRRQAUUUUAFMbcp3DkdxT6YzFGyfuHv6UAIRuxJGef50cSr6MPzBoIKHegyD1FBG7EiHn+dAACHBRx8386ASp2PyD0PrRxKvow/MGgHeCjj5v50AH+qP+x/KgqVO9OQeo9aFJU7H5B6H1o/1R9U/lQAEBwHQ8/zo4lXHRh+YNBBU705B6j1oI3gOh+b/PWgAB3ZjkHP86ASh2Ocg9CaOJV5yGH5igHdmOQc/wA6AD/VHP8AB/Kggg705z1HrQCUOxuQeho5iORyn8qAAgSAOhww70cSrg8MP0oKkHenOeo9aCBIA6HDDof6UAKrHOx/vfzp9R8Srg8MP0p67tvzdaAFooooAKKKKACiiigAooooAKKKKACiiigAooooAKKKKACiiigAooooAK5nx14zsfA3hubVLvEkx/d21vnBmkI4HsO5PYfhXTV8d/Fnxq/jLxnO8MpbTLIm3s1B4IB+Z/8AgRGfpj0oA5fxB4g1LxPrM+q6rcGa6mPJ/hQdlUdlHYVmUUUAFFFFABRRRQAUUUUAdR4F8c6l4F15L+yYyWzkLdWpbCzJ/Rh2Pb6Eg/Ymi6xY+JNFtdX0uYSW9wm9G7j1Vh2IOQR6ivhOvZPgF41k0rX38NXMn+h6gS8AY8JMB0H+8Bj6getAH0vxKpU8MP0oBz+7kHP86CBIA6HDDp/hRxKuDww/SgABMZ2typ6H+lBBiOR9zuPSgHP7uQc/zoBMZ2typ6H/ABoACOfMj5PcetHEoDKcMO9BBiORyh6j0oK8+YnXuPWgABEgKsMMOo9KAefLk69j60ECQBlOGHSjiRSrDDCgCSiiigAooooAKKKKACvn/wDaa/5lb/t7/wDaNfQFfP8A+01/zK3/AG9/+0aAPAK+q/2fP+SZ/wDb9L/Ja+VK+q/2fP8Akmf/AG/S/wAloA9UooooAKKKKACiiigAooooAKKKKACiiigAooooAKKKKACiiigAooooAKKKKACiiigAooooAKKKKACiiigAooooAKKKKACiiigAooooAKKKKACiiigAooooAKKKKACiiigAooooAKKKKACiiigAooooAKKKKACiiigAooooAKKKKACiiigAooooAKKKKACiiigAooooAKKKKACiiigAooooAKKKKACiiigAooooAKKKKACiiigAooooAKKKKACiiigAooooAKKKKACiiigAooooAKKKKACiiigAooooAKKKKACiiigAooooAKKKKACiiigAooooAKKKKACiiigAooooAKKKKACiiigAooooAKKKKACiiigAooooAKKKKACiiigAooooAKKKKACiiigAooooAKKKKACiiigAooooAKKKKACivG/iZ8YtV8D+Lf7Is9NsriL7Oku+Ytuy2eOD7Vj+Evj1rXiHxbpekT6Rp8UV5cLEzoX3KD3GTQB75RRRQAUUVFdNMlpM1uoecIxjU9C2OB+dAEtFfPviX4nfFbwhBBNr2j6LZrcMViBKuzkDJwqzE4GRk4xyPUV7LpOr3154GtdZvLZIL6TTxcyQ7SFVym7GCcgZ7E5FAG7RXmXw++IGs+KPhvrniC+itBe2LzrCkMbBDshVxkbiTyx71p/CfxdqfjXwhJquqrbLOLt4VFvGUUKFUjOSeck0Ad1RXnHiPx3q2lfGHQfCltHanT7+BJZmeMmQEtIDg5wPuDt61u/EfxHe+E/Aepa3p6wtdW3lbBMpZPmlVDkAjsx70AdVRWD4L1i68QeDNJ1a9EYubu3WWQRKQoJ9ASa5/wCLnjTU/A3hW11LSo7Z55b1bdhcIWXaUduACOcqKAO+oqtp9w1xpdrcy7Q8kKSPgYGSoJrwl/ix8QfEkmr6t4U0e1/sHTMszSx5YoBnklhubALFV6Agc8EgHv8ARXLfD7xinjnwlb6wIPs829oZ4gSQsi9cH0IIP447V534t+Mup+FPixJotxFZvoVu8KzFY281VeNWZs55I3E4A5Ax15oA9torzZPH2qP8bl8IIlo2lNb+aJAh8wnyd/3t2MZ9ulek0AFFYni648QWvhu5l8L2cN3q4KeTDMQFI3DdnLKPu57143onxK+K+v63faTYaNpEt3p8hjvE2geUQxU8mUBsEHoT0oA9/ppYbtrDr096yPFXiSy8JeG7zWr/AHGG3UYRfvSMThVHuSR9OvavM/DXjf4m+L9Qs7628NWNv4dnuI98khxIId4DspZwWIGTkLjjp2oA9g5iODyn8qUgod6cg9RXLePPHNn4C8PNqF7E1xNI3lW0CnBlfGeT2AA5P+Irk/AHi34jeI9WsbzVNBtbTwzch389U2uF2koQGk3EE7edpBB9DkAHqpG7EkZ5/nRxKvow/MGvOfib451XwbrXhm10tLVo9VneOfzoyxADRgbcEYPzn17U74ieONV8MeKvCen6bHatDq1x5U7TIWON8a8YIxw59aAPRAQ4KOOf50AlDsfkHofWoL2fytPuLhQA8MbOM9iBnmvIfhd8Yb7xdql7o+ux2kd00LTWbQqUDFRlkwSSTj5hjsrUAeyf6o/7H8qUqUO9OQeo9a8/+EXjjU/HHhy8vdXS2WWG7MCeQhUFdinnJPPJrM+IXxSv9A8Rw+FPCunpqGtShS+8FlhLchQoIJO35iSQAMHnnAB6mQHw6H5v88UcSrzww/MGvCj8T/iD4I1S0PjrQIBp1020ywbQV55IZGZSQMnacE+or3GKaK8tYru1kV45EDxuvIdSMj8KAJAd2Y5Bz/OgEodjcg9DXnXwi8car4+0bUbvVktY5ba4WOP7NGVABXPOSa7+6vLeysri4vpFiggjaWWRugRRkt+AFAEuDEcj7np6UpUg705z1HrXhEHxQ+IvjS8uX8EaBCNMt32CS4Clm9AzMwXOMHauSM9T1rpvhx8Ub7XtcuvDXiXTk0/WrcEhUBUSY+8NpyVIGD1ORk8YoA9RIEgDocMO/wDSnq25ckYPcVyfj/xtZ+AvD51WaPz55X8q3tg2PNfGeT2AAyT/AIivNo/GPxql0ka/H4dsXsWXzBbiH5inqI/M8zH6/hQB7tRWfoV7e6jodneajp7adeTRh5bV3DGI+mR+fqM881w/gXx3q3iXx54r0a9jtFtNJneO3MUbBiFlZBuJY54X0FAHpFFecfCDx1q3jvR9RvNWjtUkt7gRILaMqMFc85Y16PQAUV518TviePA5tNN06xGoa3ejMMJJ2xjOFZgPmYluAoxnB5GBm58PdV8eaobx/GWkW2nxbI2tPKADMTncGG9iMfLwQKAO5orzb4j/ABOn8K6nZ+H9C03+0tfvFDJEQSsYJIXIHLEkHjIwBk9q1vAV947vRfHxrplnYgCM2otmUls7t+7Dt0wnp1/IA7OivEvFvxl1Pwp8WJNFuIrN9Ct3hWYrG3mqrxqzNnPJG4nAHIGOvNdInj7VH+Ny+EES0bSmt/NEgQ+YT5O/727GM+3SgD0miuC+Jmu+NfD9lFfeFtNs7qzghmmv5bgj90qAEEDepPG48A9K5/4Z+NfiF4xv7S+v9M05fDkhkWS6hADblU4ABkLD5sfwn+tAHrtFcL8SviND4CsLVIbQ32q3zFba2yQOMZZsc4yQAOpz7GoPAeq/EjUtUZ/F2i2VhpjW7PE0OBJ5m5doK+YxA2luo7c47gHoNFebfFT4han4Sl0nSNBs47nV9UcrF5oJVeQoAGRliWwOcDHNZPgn4keKW+ILeCvGen28N86FoZLcYwwQvzglSpUHBGMEYPsAev0UUUAFFFFAHF/FbxA3hz4catdxPtuJo/s0JHUNIduR7gFj+FfGlfSH7Sl80fh3RLAH5Z7t5iPXYmP/AGpXzfQB6lbfAHxldWsNxHJpflyosi5uGzgjI/hqX/hnrxr/AM9NK/8AAhv/AImu70f9oHR/s1hpkGgatcXISOBEjCMXbAGAM5OTXs1lNNcWUM1xbNazOgZ4GcMYz6Ejgn6UAfL3/DPXjX/nppX/AIEN/wDE1k6f8G/E+q6xfadYy6dcfYcLcXKTkwrIf+WYbby47gA47kHivW/ij8XLDSL7/hGrC6uQ5bbqN3YlTJbp3SMnjzD03fw+56ZekfHvwhoWlW+m6Z4b1C3tIF2pGpj/ABJO7kk8knkk5oA47/hnrxr/AM9NK/8AAhv/AImj/hnrxr/z00r/AMCG/wDia+njeoNKN/sbYIPO298bc4+tec+E/jdo/i3xLZ6Ha6VfwzXO7bJKU2rtUtzg57UAeT/8M9eNf+emlf8AgQ3/AMTR/wAM9eNf+emlf+BDf/E19GeLvFen+DPD8usakJWhRgipEuWdj0Azgfn6V5kf2kvD2DjRdUzjjmP/AOKoA8n8TfCPX/CWkvqGrXmlpGOEiSdmklI5IVdvOBknsACTXEWd3PYX1veWzmOe3kWWNx/CynIP5ivWbr4t6Rqmm63c6pYX1xrupWM9nC42eRZRupUJGCc45BZsZY+2K8foA+7NF1KPWtC0/WLYYS8t0n2/7yg4+ozir5AkAdDhh3/pXnfwRvnufhXpm8lhA8sJ9sOSP0Ir0Qgg7059R60AHEq4YYYfpQDn93J1/nQQJAHQ4Yd/6UcSqQRhh+lAACYztblT0PpSEGI5XlD1HpSg5/dyDn+dAJjO1jlT0P8ASgAK8+ZH17j1oIEgDKcMOh9KCDEcjlO49KGH/LSPr3HrQBJRRRQAUUUUAFFFFABXz/8AtNf8yt/29/8AtGvoCvn/APaa/wCZW/7e/wD2jQB4BX1X+z5/yTP/ALfpf5LXypX1X+z5/wAkz/7fpf5LQB6pRRRQAUUUUAFFFFABRRRQAUUUUAFFFFABRRRQAUUUUAFFFFABRRRQAUUUUAFFFFABRRRQAUUUUAFFFFABRRRQAUUUUAFFFFABRRRQAUUUUAFFFFABRRRQAUUUUAFFFFABRRRQAUUUUAFFFFABRRRQAUUUUAFFFFABRRRQAUUUUAFFFFABRRRQAUUUUAFFFFABRRRQAUUUUAFFFFABRRRQAUUUUAFFFFABRRRQAUUUUAFFFFABRRRQAUUUUAFFFFABRRRQAUUUUAFFFFABRRRQAUUUUAFFFFABRRRQAUUUUAFFFFABRRRQAUUUUAFFFFABRRRQAUUUUAFFFFABRRRQAUUUUAFFFFABRRRQAUUUUAFFFFABRRRQAUUUUAFFFFABRRRQAUUUUAFFFFABRRRQAUUUUAFFFFABRRRQAUUUUAfKn7Qf/JTP+3GL+bVy3wy/5KZ4d/6/o/519U+Ifht4S8Van/aOtaT9qu9gj8z7TKnyjOBhWA7ntVXTPhJ4H0bU7bUbDRPJu7ZxJFJ9rmbaw6HBcg/iKAO1ooooAKp6tqltouj3mqXjFba0haaQqMnaozwO5q5UF5Z2+oWU9ndwrNbToY5Y3GQykYINAHzd4a1fSfiD8QJvFvjfV9PsbKycCy02e4Azg5UYOMqOpPG5j6ZFfQd5e2uo+F7u8sp47i2ltZGjljbcrDaeQe9cp/wpL4ef9C9/5O3H/wAcrsrLRrDTtFi0e0t/LsIovJSLexwmMYyTn8c5oA+ZPAXgNvEXwz17WRr2oWQtWuFNpA37qXbCrfMM85zg+wr1H9nn/kmsn/YQl/8AQUrutG8GeH/D+hXei6Xp/kaddlzPD50jbyyhG+ZmJGVAHBqx4e8NaR4U006dolp9ltDIZTH5jv8AMQATliT2FAHk/jX/AJOW8I/9ecf/AKHPXX/GuN5PhHrgRGYgQMQozwJoyT+AGa6S98IaFqPiaz8RXdj5mrWaBILjznGxQWIG0NtP3m6jvWvcW8N3bS21zDHNBKhSSKRQyupGCCDwQR2oA86+E/jHw9deCdA0ePVrb+00g8k2jPiTcuScKeTwM5FY/wC0f/yT7T/+wrH/AOipa7LSvhd4M0PW4tY03RVt76JmeORbiUhSwIOFLbehPGMVr+JPC2i+LtPjsNcs/tdtHKJkTzXjw4BAOUIPRj+dAEtj/wAivbf9eS/+gCvnP4a+GvEGvfDzU5dI8TzaPb29zP58Uak+fmKM8kEY4BH419NJbxR2q2yLiFUEYXJ4UDGM/SsfQfB2g+GdKudM0ew+zWdyxeWPzpH3EqFPLMSOAOhoA4T9nn/kmsn/AGEJf/QUrhPFPhaPxj8efFWkEf6Q1gJLVi5ULMtvEUz7Z4Psa998PeGtI8KaadO0S0+y2hkMpj8x3+YgAnLEnsKii8IaFB4rn8Tx2O3WZ02SXPnOdy7QuNu7b0UDp2oA+cPg7eX138YNKTUN32i1tZLXDptZVjiZVUj1AAX8K+qq5+y8EeHNO8T3PiSz0yOHVbkN5s6u2G3Y3HbnaCcckDJ59TXQUAFeI/CP/krnxC/6/Jf/AEe9e3ViaR4Q0LQdX1HVdNsfIvdRcvdS+c7eYxYsThmIHJJ4AoA4r4+aTeap8NXks1dxY3SXUyICSYwrKTgdhvDH0AJ7VwXwyttN1CDQ7g/E7ULa7gniU6NPOY1LBxiJVL4ZW4AxnOegPA+jSARgjINcafhX4LTWYNYt9AggvbeVJojBJJGiupBUhFYL1A7YoA4L9onT7qbSdC1ZYTLa2Fw6XMeCR8+zaT6D5CuT3YDvXoHhX4jeGPFUdrDYanCLu4X5bOQ7ZgQuWUr3wAeRkccGunuLe31C1kt7iJJYpFKSRyKGVgeCrA8EH0rmtH+HPhHRNc/tbTtFjtNRAbDxyybQGGDtQttHHoKAPNf2grU3GteC7UStEJZ50Dr95MtCMj6Vz3jLwSfBnj7wUDrd/qhur5Duu23FNssfA577v0r3nXPCWh+JLzT5tbsftM1g5e0fzXTYSVJ4VgD91euelGteEtD1zUdOv9VsftE2nSeZaSea6+U2Qc4VgDyo656UAXtZG7Q790PP2aT8flNfI+kaJeWXgCLx3pMjR3ml6uYZyD0jKRlCeem5ipHfzPQV9hTwJLDJGy74pVKyJnGQRg1h6V4I8OaLoF1o2maakenXZZp7d5HkWQsoU5Lknoo79qAPO/2cNreCdUQ99RP/AKLSsO/1WH4e/tD3+reIY5Bp2oQYhuthbarKg3ADJOChQgc45x0z7R4c8L6L4X0ttP0SzFnAZDKy72c7yACSWJJ4AH4U7XPDmjeKbL7DrmnQ3ca8qHBBU+qsMFT9CKAPHvjT498P6z4ah8O6JdRareXU8cgNvlxCAeMEcFieNo5wTnHGfXPCmm3OjeDNGsJx/pFtYwxTIDn5lQAgH2NZnh/4aeEPC2oi807Rokuh/q55XeUp/u7ydp56jFdb/qj/ALH8qAPnr4EeKdD8O6VrFjrGpwadd/aFkVbpvLDALtIye4I6da9m8Z2M+veA9asbEF7qeykWFVPLsVOFB9+n41m6z8KfBOt6jLqV7oEUlzKS0rRTSRByeSxCMASSck4ya7BUXy18rjaMD6elAHiPwZ+IXhrSfB//AAjus3cWmX1nLKzfafkWUFs5yeNwzjaeeOPbP0DU4fHf7RUWuaLEx0ywhIkuSpXzFEbIGORwSzAAHnavsQPUtc+GPg3xPevfalosZvGP7yWKR4mY+rbCAx9zzWzoHh3R/DWn/wBm6Tp8NnBnJWMcuemWY8sfckmgDyn9ojSrk6VoWsRxGexsbl1uIsEqN+3BbHQfIVz6sB3qLxr4o8P+KNGh8S6b8Rr7Q/KtMf2XaOwmeXJODGrqd2SFz04zuxzXtU8ENxbyWl5DHPbTKUdJVDK6nqrA8EVxY+DHgAXv2r+wE379+w3Evl5zn7u7GPbGO2KAMb4Cza5feDrvUtZvby7W5uiLZ7qdpCUUAEjcTgbsj6g1wnxk8L3HgbXJPFeg6vc2h1mWSKeGFihBYbn+YHlWIzg9Dz6Y+jbe3htLaK3toY4YIlCRxRqFVFAwAAOAAO1ZHiXwhoXi+1httdsftcMDmSNfNePa2MZyjDtQBlfDjwJD4A8OPpyXjXk88xnmmKbAWIAAUZOAAB1J5yeM4HYUdBRQB4L8TrhvCfxu8O+K9RtZJtIEKoXAyFYbwwA9VDBwO/b29h0HxXoPiiJpNF1S3vQqq7rG3zIG6blPK9DwR2q7qelWGtWEljqdnDd2sn3opkDKfQ89/esrwz4G8OeDnuX0HTvsjXIUTHz5JNwXOPvscdT0oA8E+LWnz6T8bItTvtSvdLsL8RPFqFqjM8KhBG+3BHIIyQDkBwcHIB9d+GdjZWa6k1n46m8UCQRFhLc+abb7+ONx27sn0+7XXazoWleIrA2OsWEF7bZ3BJkztOCMqeqnBPIweaoeGfBHh3wcbr+wdO+x/atnnfvpJN23O377HGNx6etAHhninwtH4x+PPirSCP8ASGsBJasXKhZlt4imfbPB9jWR8Hby+u/jBpSahu+0WtrJa4dNrKscTKqkeoAC/hX0fF4Q0KDxXP4njsduszpskufOc7l2hcbd23ooHTtUVl4I8Oad4nufElnpkcOq3IbzZ1dsNuxuO3O0E45IGTz6mgBPHv8AyTvxL/2Crn/0U1cn8BP+SWWv/XzN/wChV6Lf2NtqenXNheR+ba3UTQzJuK7kYEMMjBHBPSqmgeHtL8MaUmmaPa/ZrNGZ1j8xnwScnliT+tAHhP7Q2m3lt4t0LXTLcQ2JhW38+BSWgkSRnyOQNxDZAyM7Dzxx2/wys9NTWHvLH4j3fiQy2jf6Dc3BZowWQ+YUZiVI4HIH3q9I1DTrLVrGSy1G0hu7WUAPDMgdWwcjg+hANYXh74eeFfCmpy6jomlC0upYzE7ieRwUJDEYZiByo6DtQB5n8ZopJ/ij4DhilMMj3CKkoGShMyAH8OtZPhnR9S8D/tDWenalqI1mbULVs304YylSjEH5mJDAxbep+Un149u1fwhoWvavp2q6lY+fe6c4e1l8518tgwYHCsAeQDyDRc+EdDvPFFt4lnsd+r2qeXDcea42rhhjaG2n7zdR3oA26KKKACiiigDwL9plGMXhh/4Q10D9T5X+Br59r6f/AGi9Ma68DWV+i5NlervPojqQT/31s/OvmCgD6n+EPwqh8KWcet6siS63OmUHVbVCOg9WI6nt0Hcmj8YPi6ugRzeHfD04bVWG25uUORaj+6P9v/0H69Owu9U1DWGi8MeH5GgmihRdT1IDiyUqPkTsZiOn90cnsKnj+F3glIkRvDtnKygAyTKXdz6sx5JPcmgD4wZizFmJLE5JJ5JpK+0/+FYeCP8AoWNO/wC/VfLPxO0+00r4j61Y2NtHbWsMqiOGMYVRsU8D8c0AfXb/APInt/14H/0XXyt8FP8AkrOi/Wb/ANFPX1W6/wDFKMuOfsJGP+AV8ifC/WrPQPiPo2o6hIIrVJGSSQnATejIGPsCwz7UAe+/tAgn4ZMQCQL2EnA6fer5Tr73uLaz1SwaC5hgu7SdfmSRQ6Op56HgisH/AIV34M/6FbSP/ARP8KAPiaivr3xp4E8J2fgXxBdWvhvS4riHTriSORLVAyMI2IIIHBB5r5CoA+qvgBuj+GibxhXvJSp/If0r1E5iOR9zuPSuK+Emm/2X8L9EtZU2vLCbg57iRi4/RhXagmM7W5U9DQAEEHenOeo9aCBIA6HDDpQcxHI+53HpQRg705z1HrQADEqlWGGH6UBs/u5Bz/OggSAOhww70ZEoIYYYfpQAAmM7W5U9DQQYjkcp3HpQDn93J1/nQCYztblT0PpQBJRRRQAUUUUAFFFFABXz/wDtNf8AMrf9vf8A7Rr6Ar5//aa/5lb/ALe//aNAHgFfVf7Pn/JM/wDt+l/ktfKlfVf7Pn/JM/8At+l/ktAHqlFFFABRRRQAUUUUAFFFFABRRRQAUUUUAFFFFABRRRQAUUUUAFFFFABRRRQAUUUUAFFFFABRRRQAUUUUAFFFFABRRRQAUUUUAFFFFABRRRQAUUUUAFFFFABRRRQAUUUUAFFFFABRRRQAUUUUAFFFFABRRRQAUUUUAFFFFABRRRQAUUUUAFFFFABRRRQAUUUUAFFFFABRRRQAUUUUAFFFFABRRRQAUUUUAFFFFABRRRQAUUUUAFFFFABRRRQAUUUUAFFFFABRRRQAUUUUAFFFFABRRRQAUUUUAFFFFABRRRQAUUUUAFFFFABRRRQAUUUUAFFFFABRRRQAUUUUAFFFFABRRRQAUUUUAFFFFABRRRQAUUUUAFFFFABRRRQAUUUUAFFFFABRRRQAUUUUAFFFFABRRRQAUUUUAFFFFABRRRQAUUUUAFFFFABRRRQAUUUUAFFFFABRRRQAUUUUAFFFFABRRRQAUUUUAFFFFABTG3Kdw5HcU+mM5Rufunv6UAIRn95GRn+dHEq5HDD8xQQYzuUZU9R/WgjP7yM8/wA6AAEOCjj5qASp2PznofWjiVcjhh+YoBEgKOMN/nmgA/1R/wBj+VBBQ705B6igEqdj856H1o5iOP4P5UABG7Dxnn+dHEq+jD8waCCh3pyD1FBG7Dofm/nQAAhwUcfN/OgEodj8g9D60cSr6MPzBoB3go4+b+dABzEf9j+VBBU705B6j1oBKnY/IPQ+tJzEf9j+VACkBwHQ/NRxKuDww/MGggqd6cg9R60EBwHQ/N/nigAB3ZjkHP8AOnKCq4Jz6U3iVcHhh+YNOXdt+brQA6iiigAooooAKKKKACiiigAooooAKKKKACiiigAooooAKKKKACiiigDF8W6DH4n8J6nosmB9qgZEY9FccofwYA/hXw/c281pdS21xG0c0LmORG6qwOCD+NffVfNvx98Avp+qf8Jbp8JNpdsFvVUf6uXoH+jfz/3qAPI7fxBrVpEYrbWNQhjLlysdy6gsepwD1PrUv/CVeIv+g9qn/gZJ/jWTRQBrf8JV4i/6D2qf+Bkn+NZ1zcz3lw9xdTyTzOcvJK5Zm+pPJqKigDW/4SjxBs2f27qezG3b9rkxj061k0UUAX4Nc1e1hWG31S9hiX7qR3Dqo+gBqT/hJNd/6DWo/wDgU/8AjWZRQBoy6/rM0TxS6tfyRupVke5chgeoIzyKseE/D8/inxTp2jW4O66mCuw/gQcs34KCfwrGr6W+BHgKTRdJbxRfw7b2+TbbRsOUg67vYscH6AetAHsUEMMdtHbxII0hUIij+EAYAFPB3ZjkHP8AOggOA6HDev8ASjiVcHhh+YoAATGdrcqehox5RyPudx6UA7sxyDn+dAJjO1uVPQ0ABBB3x856j1oIEgDocMO/9KMGI5HKdx6UFSDvTnPUetABxKNrDDD9KAc/u5Ov86CBIA6HDDvRxKu1hhh+lAElFFFABRRRQAUUUUAFfP8A+01/zK3/AG9/+0a+gKqXul6fqWz7dY2115ednnwq+3PXGRx0H5UAfBdfVf7Pn/JM/wDt+l/ktd//AMIx4f8A+gFpn/gJH/hV60srSwh8mztobaLOdkMYRc+uBQBPRRRQAUUUUAFFFFABRRRQAUUUUAFFFFABRRRQAUUUUAFFFFABRRRQAUUUUAFFFFABRRRQAUUUUAFFFFABRRRQAUUUUAFFFFABRRRQAUUUUAFFFFABRRRQAUUUUAFFFFABRRRQAUUUUAFFFFABRRRQAUUUUAFFFFABRRRQAUUUUAFFFFABRRRQAUUUUAFFFFABRRRQAUUUUAFFFFABRRRQAUUUUAFFFFABRRRQAUUUUAFFFFABRRRQAUUUUAFFFFABRRRQAUUUUAFFFFABRRRQAUUUUAFFFFABRRRQAUUUUAFFFFABRRRQAUUUUAFFFFABRRRQAUUUUAFFFFABRRRQAUUUUAFFFFABRRRQAUUUUAFFFFABRRRQAUUUUAFFFFABRRRQAUUUUAFFFFABRRRQAUUUUAFFFFABRRRQAUUUUAFFFFABRRRQAUUUUAFFFFABRRRQAUUUUAFFFFABRRRQAUUUUAFFFFABRRRQAU0sN2xh16e9OprBXyh60AMBMRweUPQ+lKQYzuXlT1H9aFJB2Pz6H1pATEcHlD0PpQApGcSRnn+dHEq5HDD9DQQYzuXlT1H+FBG7EkZ5/nQAAhwUcYb0/rQpKnY/Oeh9aOJVyOGH5igHeCjjDf55oATmI+qfypSCh3pyD1FAYqdj856H1pOYj6p/KgBSN2JIz8386OJV9GH5g0EFDvTkHqKCNwDxnn+dAADvBRx8386ASh2PyD0PrRxKvow/MGgHeCjj5v50AJ/qj/sfypSpU705z1HrQpKHY/IPQ0nMR9U/lQApAcB0PzfzpytuXJGD3FNYFTvTnPUetPVgwBHQ0ALRRRQAUUUUAFFFFABRRRQAUUUUAFFFFABRRRQAUUUUAFFFFABRRRQAVXvrG11Ownsb2BJ7WdDHLE4yGU9RViigD5E+J3wsv/A1+93arJc6FK37q4xkxZ6JJ6H0PQ/XivO6++ri2gvLaS2uYY5oJVKyRyKGVgeoIPUV4Z44/Z7iuHkvvCM6wOcs1hcMdh/3H6j6Hj3FAHzxRWtrnhfXPDVwYdZ0u5s2zgNInyN/usPlb8DWTQAUUUUAFFdH4b8B+JvFcijSdJnliJ5uHXZEP+Bnj8Bk1714D+BOlaG0d/r8qanqKEFYQv7iJvofvn3OB7d6AOI+Enwil1m5t9f8R27R6WpD21tIMG5PYsOyf+hfTr9KAeRwB+79B/D/APWpVO4eW4AIH4H6UAlDsfkHoaAAqVO9Oc9R60EBwHQ/NScxH1T+VKwKnenOeo9aADiVcHhh+YNAOcxyDn+dBAcB0OG/zxRxKuDww/MUAAJjO1uVPQ/0pMGI5H3O49KUHdmOQDP86ATGdrHKnof6UADKQd6c56j1oIEgDocMOhpCDEcjlD1HpSsCDvTn1HrQBJRRRQAUUUUAFFFFABRRRQAUUUUAFFFFABRRRQAUUUUAFFFFABRRRQAUUUUAFFFFABRRRQAUUUUAFFFFABRRRQAUUUUAFFFFABRRRQAUUUUAFFFFABRRRQAUUUUAFFFFABRRRQAUUUUAFFFFABRRRQAUUUUAFFFFABRRRQAUUUUAFFFFABRRRQAUUUUAFFFFABRRRQAUUUUAFFFFABRRRQAUUUUAFFFFABRRRQAUUUUAFFFFABRRRQAUUUUAFFFFABRRRQAUUUUAFFFFABRRRQAUUUUAFFFFABRRRQAUUUUAFFFFABRRRQAUUUUAFFFFABRRRQAUUUUAFFFFABRRRQAUUUUAFFFFABRRRQAUUUUAFFFFABRRRQAUUUUAFFFFABRRRQAUUUUAFFFFABRRRQAUUUUAFFFFABRRRQAUUUUAFFFFABRRRQAUUUUAFFFFABRRRQAUUUUAFFFFABRRRQAUUUUAFFFFABRRRQAUUUUAFFFFABRRRQAUUUUAFFFFABTXUNyDhh0NOpjqc716jt60AICJAUcYYdv60BiD5b8+h9aOJV3KcMO/pQCJAUYYYdv60AGTEcH7nY+lBBjO5eVPUUA4PlvznofWjJiOD9zsfSgAIziSM8/zo4lXI4YfpQQYzuXlT1FBG7EkZ5/nQAAhwUcYagMVOx+c9D60cSrkcMPzFAIcFHHzf55oATmI+qfypSCh3pyD1FAYqdj856H1o/1R/wBj+VAARuw6Hn+dHEq+jD8waCCh3pyD1FBG/Doef50AAO8FHHP86AxQ7H5B6GjiVfRh+YNAO/KOPm/nQAn+qP8AsfyqQYxx35pgJQ7H5B6H1p6qFGB0oAWiiigAooooAKKKKACiiigAooooAKKKKACiiigAooooAKKKKACiiigAooooAKKKKAGSxRzxNFNGkkbDDI6ggj3Brlr/AOGXgnUnLXHhrTwx6mGPyif++MV1lFAHny/Bj4fJL83h5cnoTdz4P4b62dO8AeEtFkEln4d05SDxI0Ad1/4E2TXSZD5Rxz/nmgEqdj8g9D60AJt8v5ox8vdR/SlI34dD838/aj/VH/Y/lQQUO9OQeooAOJV9GH5g0A78xuOf50EBwHQ8/wA6OJV9GH5g0AAJQ7H5B6Gk5iP+x/KlB3Zjcc/zoBKHY/IPQ0ABBU705z1HrQQHAdD83+eKT/VH/Y/lSkFTvTnPUetAAMSrg8MPzFAO7Mcg5/nQQJAHQ4b/ADxRxKuDww/MUAAJjO1uVPQ0HMRyOU7j0oBzmOQc/wA6ATGdrHKnoaAJKKKKACiiigAooooAKKKKACiiigAooooAKKKKACiiigAooooAKKKKACiiigAooooAKKKKACiiigAooooAKKKKACiiigAooooAKKKKACiiigAooooAKKKKACiiigAooooAKKKKACiiigAooooAKKKKACiiigAooooAKKKKACiiigAooooAKKKKACiiigAooooAKKKKACiiigAooooAKKKKACiiigAooooAKKKKACiiigAooooAKKKKACiiigAooooAKKKKACiiigAooooAKKKKACiiigAooooAKKKKACiiigAooooAKKKKACiiigAooooAKKKKACiiigAooooAKKKKACiiigAooooAKKKKACiiigAooooAKKKKACiiigAooooAKKKKACiiigAooooAKKKKACiiigAooooAKKKKACiiigAooooAKKKKACiiigAooooAKKKKACiiigAooooAKKKKACiiigAooooAKKKKACiiigAooooAKKKKACiiigAooooAKYxZDuHK9xT6YzbW5+6e/pQAhGf3kfX+dHEqhlOGH6UEGM7l5U9R6UFc/vI+v86AAESAowww60A4Ox+c9D60ECVQynDD9KARICjjDDrQAZMRwfudj6UEGM7l5U9RQCQdj856H1oGYjg8p2PpQAEbsSRnn+dHEq5HDD8waCDGdy8qeooI3YkjPP8AOgABDgo4+b0/rQCVOx+c9D60cSrkcMPzFAIcFHHzUAH+qP8AsfyoIKHenIPUUAlTsfnPQ+tHMR/2P5UABG/Doef50cSr6MPzFBBQ705B6igjdh0PzfzoAAd+UcfN/OnKCq4JzjvTeJV9GH5g05d235utADqKKKACiiigAooooAKKKKACiiigAooooAKKKKACiiigAooooAKKKKACiiigAooooAKKKKAIziUccMP0oBDgo4+ahlz86H5v50cSrkcMPzFAACVOx+Qeh9aP9UfVP5UAhwUcfNQCVOx+Qeh9aAAgod6cg9RQRvAdD8386T/VH/Y/lSkFDvTkHqPWgA4lX0YfmDQDuzG4+b+dBG/Dofm/nRxKvcMPzBoAASh2PyD0NHMR/wBj+VAO7KOOf50AlDsfkHoaAAqVO9Oc9R60ECQB0PzDv/SjmI/7H8qCpU705z1HrQAcSrg8MP0oBz+7kHP86CA4DocNRxKuDww/SgCSiiigAooooAKKKKACiiigAooooAKKKKACiiigAooooAKKKKACiiigAooooAKKKKACiiigAooooAKKKKACiiigAooooAKKKKACiiigAooooAKKKKACiiigAooooAKKKKACiiigAooooAKKKKACiiigAooooAKKKKACiiigAooooAKKKKACiiigAooooAKKKKACiiigAooooAKKKKACiiigAooooAKKKKACiiigAooooAKKKKACiiigAooooAKKKKACiiigAooooAKKKKACiiigAooooAKKKKACiiigAooooAKKKKACiiigAooooAKKKKACiiigAooooAKKKKACiiigAooooAKKKKACiiigAooooAKKKKACiiigAooooAKKKKACiiigAooooAKKKKACiiigAooooAKKKKACiiigAooooAKKKKACiiigAooooAKKKKACiiigAooooAKKKKACiiigAooooAKKKKACiiigAooooAKKKKACiiigAooooAKKKKACmlgW2MOvT3p1NYK+VPUc0ANBMRwTlOx9KCDGdy8qeo9KFJz5cnXsfWgExHB5Q9D6UABGf3kZ5/nQcSrlThh+lBBjO5eV7j0oIz+8jPP86AAESAo4ww7f1oUkHY/Oeh9aOJVypww/SgESAo4ww7f1oAQZiODynY+lKQYzuXlT1FCkg7JOc9D60mTEcHlOx9KAFI3YkjPP86OJVyOGH5g0EGM7lGVPVf60EbsSRkZ/nQAAhwUcfNQpKnY/Oeh9aOJVyOGH5g0A7wUcfN/nmgBOYj6p/KlIKHenIPUUAlTsfnPQ+tJzEfVP5UAKRvw6Hn+dPVty5xg9xTCCh3pyD1FPUhhkdDQAtFFFABRRRQAUUUUAFFFFABRRRQAUUUUAFFFFABRRRQAUUUUAFFFFABRRRQAUUUUAFFFFAEZBQ7l5B6igjdiSM8/zoyYjzyh7+lBBQ7l5B6igA4lXI4YfmDQDvBRx83+eaCN2HjPP86OJVyOGH5g0AAJU7H5B6H1pOYj6p/KlB3go4+b+fvQCVOx+Qeh9aAAgod6cg9R60EbwHQ/N/Ok5iPqn8qUgqd6cg9R60AHEq+jD8waAdwMcg5/nQRvAdD838/ajiVfRh+YNAACUOx+QehpOYjx9z+VKDuzHIOf50AlDtc5B6N/SgAKlTvTnPUetBAkAdDhhScxHj7n8qUgqd6c56j1oAkooooAKKKKACiiigAooooAKKKKACiiigAooooAKKKKACiiigAooooAKKKKACiiigAooooAKKKKACiiigAooooAKKKKACiiigAooooAKKKKACiiigAooooAKKKKACiiigAooooAKKKKACiiigAooooAKKKKACiiigAooooAKKKKACiiigAooooAKKKKACiiigAooooAKKKKACiiigAooooAKKKKACiiigAooooAKKKKACiiigAooooAKKKKACiiigAooooAKKKKACiiigAooooAKKKKACiiigAooooAKKKKACiiigAooooAKKKKACiiigAooooAKKKKACiiigAooooAKKKKACiiigAooooAKKKKACiiigAooooAKKKKACiiigAooooAKKKKACiiigAooooAKKKKACiiigAooooAKKKKACiiigAooooAKKKKACiiigAooooAKKKKACiiigAooooAKKKKACiiigAooooAKKKKACiiigAooooAKKKKACiiigApjpu5Bww6Gn0x1IO9evcetACAiQFWGGHUelAbny5OvY+tGBIAynDCgESAqwww7UAAJiOD9w9D6UEGM7l5U9R6UBufLk69j60AmI4PKdj6UABGf3kfX+dHEq7gcMP0oIMZ3Lyp6igjP7yM8/wA6AAESAo4ww6igMQdj9+h9aOJVDDhh+lAIkBRxhh1/+tQAZMRwfuevpQQYzuUZU9RQGIOx+c9D60Z8o4P3Ox9KAAjdiSM8/wA6OJVyOGH5g0EGM7l5U9RQRuxJGef50AAIcFHGG9KASp2PyD0PrRxKuRww/MUAhwUcfNQAnMR9U/lUgAHTvzTAxU7H5z0PrT1UKMDpQAtFFFABRRRQAUUUUAFFFFABRRRQAUUUUAFFFFABRRRQAUUUUAFFFFABRRRQAUUUUAFFFFAEYYhtj9+h9aMmI4P3PX0oyJMowwR/nNAYg7H5z0PrQAEFDuQZB6igjdiSMjP86P8AVHB+56+lBBQ7lGQeooAOJV9GH5g0AhwUcfN/OgjdiSM8/wA6OJV9GH5g0AAJU7H5B6H1o5iP+x/KgEOCjj5v50AlTsfkHofWgAIKHenIPUUEBwHQ/N/Oj/VH/Y/lQQVO9OQeo9aADiVfRh+YNAO7KSAbv50EbwHQ/NRxKvcMPzBoAASh2PyD0JpDmI56p/KlB3ZjkHP86ASh2PyD0NAElFFFABRRRQAUUUUAFFFFABRRRQAUUUUAFFFFABRRRQAUUUUAFFFFABRRRQAUUUUAFFFFABRRRQAUUUUAFFFFABRRRQAUUUUAFFFFABRRRQAUUUUAFFFFABRRRQAUUUUAFFFFABRRRQAUUUUAFFFFABRRRQAUUUUAFFFFABRRRQAUUUUAFFFFABRRRQAUUUUAFFFFABRRRQAUUUUAFFFFABRRRQAUUUUAFFFFABRRRQAUUUUAFFFFABRRRQAUUUUAFFFFABRRRQAUUUUAFFFFABRRRQAUUUUAFFFFABRRRQAUUUUAFFFFABRRRQAUUUUAFFFFABRRRQAUUUUAFFFFABRRRQAUUUUAFFFFABRRRQAUUUUAFFFFABRRRQAUUUUAFFFFABRRRQAUUUUAFFFFABRRRQAUUUUAFFFFABRRRQAUUUUAFFFFABRRRQAUUUUAFFFFABRRRQAUUUUAFFFFABRRRQAUUUUAFFFFABRRRQAUUUUAFFFFABRRRQAUUUUAFMYsjbuq9x6U+mF9rYb7p70AIRz5kfXuPWggSAMpww7+lBBiOV5Q9R6UFefMj69x60AGRICrDDDtQD/yzk5PY+tBAkAZThh3o4kBVhhhQAAmI4PKdj6UEGM7l5U9RQD/AMs5OT2PrQCYjg8oeh9KAAjP7yM8/wA6OJVBBww/SggxncvKnqPSgrnEkfX+dAACJAUcYYdv60AkHY/PofWjAlXIOGH6UAiQFHGGHagA5iOD9zsfSggody8qeo/rQCQdj856H1oGYjg/c7H0oACN2JEPP86OJVyOGH5g0EGM7l5U9RQRuxJGef50AAIcFHHzU5QQuCc+9N4lXI4YfmDT1JK/MMGgBaKKKACiiigAooooAKKKKACiiigAooooAKKKKACiiigAooooAKKKKACiiigAooooAKKKKAIyBIMg4YfpQCJAUcYahlyd6df50cSrkcMP0oAASDsfnPQ+tH+qOD9z+VAIkBRxhvT+tCkg7H5z0PrQAEFDuTkHqKCN2JEPP86QZiOOqfypSCh3pyD1FABxKvow/MGgEOCjjn+dBG7EiHn+dHEq+jD8waAAEqdj8g9D60f6o/7H8qAQ4KOPmoBKnY/IPQ+tAAQVO9OQeo9aCA+HQ/N/P2pOYj/sfypSpQ705B6j1oAOJV9GH5g0A7sxyDn+dBAcB0Pzfzo4lX0YfmDQBJRRRQAUUUUAFFFFABRRRQAUUUUAFFFFABRRRQAUUUUAFFFFABRRRQAUUUUAFFFFABRRRQAUUUUAFFFFABRRRQAUUUUAFFFFABRRRQAUUUUAFFFFABRRRQAUUUUAFFFFABRRRQAUUUUAFFFFABRRRQAUUUUAFFFFABRRRQAUUUUAFFFFABRRRQAUUUUAFFFFABRRRQAUUUUAFFFFABRRRQAUUUUAFFFFABRRRQAUUUUAFFFFABRRRQAUUUUAFFFFABRRRQAUUUUAFFFFABRRRQAUUUUAFFFFABRRRQAUUUUAFFFFABRRRQAUUUUAFFFFABRRRQAUUUUAFFFFABRRRQAUUUUAFFFFABRRRQAUUUUAFFFFABRRRQAUUUUAFFFFABRRRQAUUUUAFFFFABRRRQAUUUUAFFFFABRRRQAUUUUAFFFFABRRRQAUUUUAFFFFABRRRQAUUUUAFFFFABRRRQAUUUUAFFFFABRRRQAUUUUAFFFFABRRRQAUUUUAFFFFABTSVLbGHUfnTqawV8qeo/SgBoJjO1jlT0Pp7UEGI5HKHqPShTk+XIOf50AmM7WOVPQ0ADDnzI+vcetBAkAZThh+lBBiORyncelDA/6yPr3HrQAAiRSrDDChSc7H5PY+tHEihlOGHf0oBEgKsMMKAAExHB5TsfSggxncvKnqKFJz5cnXsfWgExHB5Q9D6UABGcSRnn+dHEq5Bww/SggxncvKnqKCM/vIzz/OgABEgKOMMOv+NCkg7H5z0PrRxKuRww/SgESAo4wwoATmI4PKevpSkFDuXlT1FCkg7H5z0PrScxHB5Q9/SgBSN2JIzz/Onq25c4x7Uwgody8qeop6kMMjoaAFooooAKKKKACiiigAooooAKKKKACiiigAooooAKKKKACiiigAooooAKKKKACiiigAooooAjIMZLLyp6igjOJIzz/OjJjODyh6H0oIMZ3Lyp6igA4lXI4YfpQCJAUcYYdv60EZxJGef50cSrkcMP0oAASp2PznofWk5iPPKH9KUEOCjjDDrQpKnY/Oeh9aAAgod6cg9RQRuxJGef50cxHn7n8qCCh3pyD1FABxKvow/MGgHeCjj5v50EbsSRnn+dHEq+jD8waABSUOx+Qeh9aTmI+qfypQd4KOPm/nQCUOx+Qeh9aAAgqd6cg9R60EbwHQ/N/Ok5iPqn8qUgqd6cg9R60ASUUUUAFFFFABRRRQAUUUUAFFFFABRRRQAUUUUAFFFFABRRRQAUUUUAFFFFABRRRQAUUUUAFFFFABRRRQAUUUUAFFFFABRRRQAUUUUAFFFFABRRRQAUUUUAFFFFABRRRQAUUUUAFFFFABRRRQAUUUUAFFFFABRRRQAUUUUAFFFFABRRRQAUUUUAFFFFABRRRQAUUUUAFFFFABRRRQAUUUUAFFFFABRRRQAUUUUAFFFFABRRRQAUUUUAFFFFABRRRQAUUUUAFFFFABRRRQAUUUUAFFFFABRRRQAUUUUAFFFFABRRRQAUUUUAFFFFABRRRQAUUUUAFFFFABRRRQAUUUUAFFFFABRRRQAUUUUAFFFFABRRRQAUUUUAFFFFABRRRQAUUUUAFFFFABRRRQAUUUUAFFFFABRRRQAUUUUAFFFFABRRRQAUUUUAFFFFABRRRQAUUUUAFFFFABRRRQAUUUUAFFFFABRRRQAUUUUAFFFFABRRRQAUUUUAFFFFABRRRQAUx03cqcMOhp9McMDvXr3HrQAgIlBVhhh+lAbP7uQc/zoIEgDocMO/8ASjIlBVhhh+lAACYztblT0PpQQYjkcp3HpQDn93J1/nQCYztY5U9D6UABH/LSPr3HrRxKAynDD9KCDEcjlO49KCP+WkfXuPWgABEgKsMMO1Abny5OvY+tHEoDKcMO/pQCJAVYYYdRQAAmI4PKHofSggxncvKnqKAefLk5J6H1oBMRweU7H0oACM/vI+v86OJVyOGH6UEGM7l5U9R/WgjOJIzz/OgABEgKOMMO39aAxB2PznofWjiVcg4YfpQCJAUcYYdv60AJzEcHlO3tTsbCWH3T1FICQdknOeh9aTPlHn7nr6UAS9aKjIKHcvK9xTiSybkIP9aAHUU1W3qccHuPSkV8na3DD9aAH0UwOVba/foaGYo2T9z19KAH0U1iwAZeR3FG4smUI/GgB1FNV94OOGHUelIrnO1uG/nQA+imbyrYfoehoZihyeU7+1AD6KaxbAZeR6etG7emUNADqKYr7wR0YdR6UK53bW4bt70APopm8o2G6HoaHYoc9V7+1AD6KaxO0MmD7etAbemUPPvQA6imK+7IPDDqKFchtr9ex9aAH0UwuUb5vunofSh2ZTu6r3oAfTSQ2VzzikYsVDIc+3rScSjcpww7+lAAGIPlvz6H1oyYjg/c7H0oBEgKMMMO39aAcHy5Oc9D60ABBjO5RlT1AoIziSMjP86MmI4P3Ox9KCDGdyjKnqP60AHEq5HDD8xQCJAUcYYf5zQRuxJGRn+dHEq5HDD8xQABiDsfnPQ+tJzEeeU/lSghwUcYYdv60AlTsfnPQ+tAAQUO9OQeooI3YkjPP86P9UefufyoIKHenIPUUAHEq+jD8waAd4KOPm/nQRuxJGef50cSr6MPzBoAASh2PyD0PrScxH1T+VKCHyjj5v50AlDsfkHofWgCSiiigAooooAKKKKACiiigAooooAKKKKACiiigAooooAKKKKACiiigAooooAKKKKACiiigAooooAKKKKACiiigAooooAKKKKACiiigAooooAKKKKACiiigAooooAKKKKACiiigAooooAKKKKACiiigAooooAKKKKACiiigAooooAKKKKACiiigAooooAKKKKACiiigAooooAKKKKACiiigAooooAKKKKACiiigAooooAKKKKACiiigAooooAKKKKACiiigAooooAKKKKACiiigAooooAKKKKACiiigAooooAKKKKACiiigAooooAKKKKACiiigAooooAKKKKACiiigAooooAKKKKACiiigAooooAKKKKACiiigAooooAKKKKACiiigAooooAKKKKACiiigAooooAKKKKACiiigAooooAKKKKACiiigAooooAKKKKACiiigAooooAKKKKACiiigAooooAKKKKACiiigAooooAKKKKACiiigAooooAKKKKACmMSjbuq9/an0wvtfDDg9DQAhUg74+c9R60ECQB0OGHf+lJgxHI5Q9R6UpUg7079R60AHEq7WGGH6UA5/dydf50ECQB0OGHSjiVSrDDD9KAAExnaxyvY+lBBiOV+4eo9KAc/u5Ov86ATGdrcr2PpQAEc+ZH17j1oIEgDKcMO/pQQYjleUPUelBXnzI+vcetABxICrDDDtQDzsk59D60ECQBlOGHf0oBEgKsMMO1AACYjg8p2PpQQYzuXlT1FAPPlyfgfWgZiODynY+lAARn95Gef50cSjIOGH6UEGM7lGVPUUEZxJGef50AAIkBRxhh/nigEg7H5z0PrQQJVBHDD9KARICjjDDrQAcxHB+56+lBBQ715B6igEg7H5z0PrSDMRx/B29qAFI3YkjPP86OJV9GH5g0EFDvXkHqKCN2JEPP86AAEOCjj5v50AlTsfkHofWjiVc9GH5g0A7wUcfN/OgA5iP8AsfyoIKnenIPUetAJU7H5B6H1pP8AVH/Y/lQApAcB0Pzfzo4lX0YfmDQVKnenIPUetBG8B0PzfzoAAd2UkHP86ASh2PyD0Jo4lX0YfmDQDuBjkHP86AE5iOf4P5UpBB3pznqPWgEodjcg9DScxHjlP5UAKQJAHQ4Yf5waOJVweGH6UFSp3pznqPWggSAOhww6f/XoAAc5jkAz/OgExnaxyp6E0cSrg8MP0oBzmOQc/wA6AAgxHI5TuPSgjnzI+c9R60AmM7W5U9DQQYjkfcPUelAAQJAGU4Yd/wClHEqlWGGH6UFcHzE5z1HrQQJAGU4YdD/SgAB/5Zydf50AmM7WOU7H0o4lUqwww/SgH/lnJ19fWgAIMZ3Lyh6j0oI/5aR9f50AmI7TynY+lBBjO5eUPUelABgSAMpww/SgESAqwww60FefMj6/zoIEqhlOGHT2oAAcHY/PofWgExHB5TsfSgESAq4ww6ihSQdknPofWgAIMZ3Lyp6j/CgjOJIzz/OgZiODynY+lBBjO5eVPUUAHEoyOGH5igEOCjjDelBGcSRnn+dHEq5HDD8xQAAlTsfnPQ+tHMRx/B/KgESAo4w3+eaASp2PznofWgAIKHenIPUUEbsSRnn+dHMRx/B/Kggod6DIPUUAHEq+jD8waAd4KOPm/nQRuxJGef50cSr6MPzBoAkooooAKKKKACiiigAooooAKKKKACiiigAooooAKKKKACiiigAooooAKKKKACiiigAooooAKKKKACiiigAooooAKKKKACiiigAooooAKKKKACiiigAooooAKKKKACiiigAooooAKKKKACiiigAooooAKKKKACiiigAooooAKKKKACiiigAooooAKKKKACiiigAooooAKKKKACiiigAooooAKKKKACiiigAooooAKKKKACiiigAooooAKKKKACiiigAooooAKKKKACiiigAooooAKKKKACiiigAooooAKKKKACiiigAooooAKKKKACiiigAooooAKKKKACiiigAooooAKKKKACiiigAooooAKKKKACiiigAooooAKKKKACiiigAooooAKKKKACiiigAooooAKKKKACiiigAooooAKKKKACiiigAooooAKKKKACiiigAooooAKKKKACiiigAooooAKKKKACiiigAooooAKKKKACiiigAooooAKKKKACiiigAppKsSjdx+dOprAPxnkfpQA0Exnaxyp6H+lGDEcjlO49KAc5jkAz/OgExna3KnoaAAgg+YnOeo9aCBIA6HDD/OKDmI5H3O49KGBB8xOfUetABxKpVhhh+lAOf3cnX19aCBIA6HDDoaARKpVhhh+lAACYjtblT0PpQQYjleUPUelCn/AJZydfX1oBMZ2typ6H0oAGBz5kfXuPWggSqGU4YfpQQYjuXlD1HpQw/5aR9e49aAAESKVYYYdqFJz5cnPofWg4kUMpww/SgESAqwww7UAAJiODynY+lBBjO5eVPUf1oUnPlyfgfWgExHB5Q9D6UABGf3kZ5/nRxKuQcMP0oIMZ3KMqeooIziSM8/zoAARICjjDDt/WhSQdj8+h9aOJVyDhh+lAIkBRxhh2oATmI4PKfypSCh3JyD1FAJB2PznofWk5iOP4P5UAKRuxIh5/nRxKvcMPzBoIKHcnIPUUEbsPGef50AAO8FHHzfzoUlTsfkHofWjiVfRh+YNAO8FHHzfzoATmI+qfypSCp3pyD1HrQCVOx+Qeh9aTmI+qfyoAUjeA6H5v5+1HEq+jD8waCCp3pyD1HrQRvAdD8386AAHdmOQc/zoBKHa/IPQ/0o4lX0YfmDQDuykg5/nQAnMRyOU9PSlYFTvTnPUetAJQ7H5B6Gg5iORyn8qAAgSAOhww7/ANKOJVweGH6UMCp3pznqPWggSAOhw3r/AEoAAc5jkHP86ATGdrcqeho4lXB4YfpQDnMcg5/nQAEGI5HKdx6UMCD5ic+o9aATGdrcqehoIMRyOU7j0oACBIAynDDoaARKpVhhh+lDA58yPn1HrQQJAGU4Yd6ABT/yzk69j60AmI4PKdj6UAiQFWGGH6UKefLk69j60ABBjO5eVPUelBH/AC0j6+nrQCYjtblD0PpQQYzuXlT1HpQAYEqhlOGHf0oBEgKuMMO39aCM/vI+vp60cSqGU4Yd/SgAUkHZJz6H1oGYjg8p2PpQCJAVcYYdqFJB2Sc+h9aAAgxncvKnqKCM4kjPP86MmI4PKHofSggxncvKnqP60AHEq5HDD9DQCHBRxhv880EZxJGef50cSrkcMPzBoAFJU7H5z0PrScxHHVD+lKCHBRxhv880Bip2PznofWgAIKHenIPUUEbsOh5/nScxH/Y/lSkFDvTkHqKAJKKKKACiiigAooooAKKKKACiiigAooooAKKKKACiiigAooooAKKKKACiiigAooooAKKKKACiiigAooooAKKKKACiiigAooooAKKKKACiiigAooooAKKKKACiiigAooooAKKKKACiiigAooooAKKKKACiiigAooooAKKKKACiiigAooooAKKKKACiiigAooooAKKKKACiiigAooooAKKKKACiiigAooooAKKKKACiiigAooooAKKKKACiiigAooooAKKKKACiiigAooooAKKKKACiiigAooooAKKKKACiiigAooooAKKKKACiiigAooooAKKKKACiiigAooooAKKKKACiiigAooooAKKKKACiiigAooooAKKKKACiiigAooooAKKKKACiiigAooooAKKKKACiiigAooooAKKKKACiiigAooooAKKKKACiiigAooooAKKKKACiiigAooooAKKKKACiiigAooooAKKKKACiiigAooooAKKKKACiiigAooooAKY6ZO5ThhT6YwYHevPqPWgBOJVweGH6UA5zHIOf50ECQB0OG9f6UcSrg8MPzFAACYyFblT0NBzEcjlO49KAc/u5Bz/OgExna3KnoaAAgg7059R60ECQB1OGH+cUEGI5H3O49KCMHenPqPWgABEoKsMMO3pQG58uQc9veggSAOpww6GjIlUqwww/SgABMR2typ6H0oIMR3KMoeo9KAefLk6/zoBMR2typ6H0oACP+WkfX09aOJQGU4YfpQQYjuH3O49KCOfMj6+nrQAAiQFWGGHagNg7H/A+tHEqhlOGH6UAiQFWGGHagAyYjg8oeh9KCDGdyjKnqKAcHy5Oc9D60Z8o4PKdj6UABGcSR9f50cSrkcMP0oIMZ3Lyp6igjOJIzz/OgABEgKOMMKA207H5z0PrRxKuRww/SgEOCjjDCgAyYjg/c9fSggodyDIPUUBip2PznofWk/1R5+5/KgBSN2JIzz/OjiVfRh+YNBBQ715B6igjdiRDz/OgABD5Rx838/egMVOx+Qeh9aOJV7hh+YNAIfKOPm/nQAnMR9U/lSkFTvTkHqPWgEodj8g9D60n+qP+x/KgBSA4Dofm/nRxKvcMPzBoIKnenIPUetBAcB0PzfzoAAd2Y3HP86ASh2NyD0NHEq+jD8waAd2Y5Bz/ADoAQ5iORyn8qUgg705z1HrQCUO1uQeho/1RyPuenpQAECQB0OGH+cUcSrg8MP0oIIO9Oc9R60ECQB0OGFAADnMcg5/nQCYyFblT0P8ASjiVSDww/SgHP7uQc/zoADmI5HKdx6UEc+ZHye49aATGdrcqehoIMRyOU7j0oAOJAGU4Yd6ARICrDDDt6UEc74/xHrRgSAMpww70AAbny5OvY+tAJiO08oeh9KMiQFWGGH6UA8+XJ17H1oACDGdyjKnqPSgjP7yPr/OgExHDcoeh9KCDGdy8r3HpQAcSqGU4YfpQCJAUYYYdaCM/vI+v86OJVDKcMP0oAAxB2P36H1oyYjg/c7H0oBEgKMMMOtAYg7H5z0PrQAEGM7l5U9RQRuxJGef50Z8o4PKdj6UEGMll5U9RQAcSrkcMPzFAIcFHGGHb+tBG7EkZ5/nRxKuRww/MUAAYqdj856H1pP8AVH1T+VKCHBRx8w/zxQGKnY/Oeh9aAJKKKKACiiigAooooAKKKKACiiigAooooAKKKKACiiigAooooAKKKKACiiigAooooAKKKKACiiigAooooAKKKKACiiigAooooAKKKKACiiigAooooAKKKKACiiigAooooAKKKKACiiigAooooAKKKKACiiigAooooAKKKKACiiigAooooAKKKKACiiigAooooAKKKKACiiigAooooAKKKKACiiigAooooAKKKKACiiigAooooAKKKKACiiigAooooAKKKKACiiigAooooAKKKKACiiigAooooAKKKKACiiigAooooAKKKKACiiigAooooAKKKKACiiigAooooAKKKKACiiigAooooAKKKKACiiigAooooAKKKKACiiigAooooAKKKKACiiigAooooAKKKKACiiigAooooAKKKKACiiigAooooAKKKKACiiigAooooAKKKKACiiigAooooAKKKKACiiigAooooAKKKKACiiigAooooAKKKKACiiigAooooAKYzFGyeU7+1PppbD4YcHoaAGlSp3pznqPWggOA6HDDv/Sk5iOR9z+VKVKnenOeo9aADiVcHhh+YoBz+7kHP86CBIA6HDDv/SjiVcHhh+hoAATGdrcqehowYjkfcPUelAOf3cg5/nQCYztY5U9D/SgAIwfMj5z1HrQQJAGU4YdDSYMRyPudx6UpUg+ZHznqPWgA4lUqwww7elAP/LOTr6+tBAkAZDhh3/pRxKpVhhh29KAAExna3Kdj6UEGM7l5Q9R6UA/8s5OT6+tAJiO1uU7H0oACOfMj69/eggSgMpww/SggxnK8p3HpQV58yPr3HrQAAiQFWGGHagHB2Sc+h9aCBKoZThh39KARICrDDDr/AI0AAJiOD9zsfSggxncvKnqKFJB2PznofWgZiODynY+lAARn95Gef50cSrkcMP0oIMZ3Lyp6j+tBGcSRnn+dAACJAUcYb0/rQCVOx+c9D60cSrkcMPzFAIkBRxhh2/rQAn+qOOqfypSCh3pyD1FAJU7H5z0PrScxHn7n8qAFI3YeMjd/OjiVfRh+YNBUod6cg9V/rQRuxJGef50AAIcFHHzfzoBKHY/IPQ+tHEq+jD8waAd4KOPm/n70AHMR/wBj+VBBU705B6j1oBKHY/IPQ+tJzEf9j+VACkBwHQ/N/OjiVcdGH5g0FSp3pyD1HrQRvAdD8386AAHdmOQc/wA6ASh2tyvY0cSrg8MPzBoB3ZjkHP8AOgA5iOR9z09KCCDvTnPUetAJQ7W5B6H+lJzEcj7np6UAKQJAHQ4Yd/6UcSrgjDD9KCpB3pznqPWggSAOhww7/wBKAAHP7uTr/OgExnaxyvY0cSrgjDD9KAc/u5Bz/OgAIMRyOUPUelBHPmR9e49aATGdrHKnof6UEGI5HKdx6UABAkAZThh3oBEgKsMMP0oK8+ZH17j1oIEgDKcMOhoAAf8AlnJ17H1oBMRweUPQ+lHEqlWGGH6UA/8ALOTk9j60ABBjO5eVPUelBGf3kfX+dAJiODyh6H0oIMZ3KMqeo9KAAgSjcpww/SgESAo4ww6igjP7yPr/ADoIEq7lOGHf0oAASDsfnPQ+tAzEcH7nY+lAIkBRxhh2/rQCQfLk5z0PrQAEGM7l5U9QKCN2JIyM/wA6QZiOD9zsfSlIMZ3KMqeq/wBaADiVcjhh+YoBDgo4+agjdiSM8/zo4lXI4YfmDQBJRRRQAUUUUAFFFFABRRRQAUUUUAFFFFABRRRQAUUUUAFFFFABRRRQAUUUUAFFFFABRRRQAUUUUAFFFFABRRRQAUUUUAFFFFABRRRQAUUUUAFFFFABRRRQAUUUUAFFFFABRRRQAUUUUAFFFFABRRRQAUUUUAFFFFABRRRQAUUUUAFFFFABRRRQAUUUUAFFFFABRRRQAUUUUAFFFFABRRRQAUUUUAFFFFABRRRQAUUUUAFFFFABRRRQAUUUUAFFFFABRRRQAUUUUAFFFFABRRRQAUUUUAFFFFABRRRQAUUUUAFFFFABRRRQAUUUUAFFFFABRRRQAUUUUAFFFFABRRRQAUUUUAFFFFABRRRQAUUUUAFFFFABRRRQAUUUUAFFFFABRRRQAUUUUAFFFFABRRRQAUUUUAFFFFABRRRQAUUUUAFFFFABRRRQAUUUUAFFFFABRRRQAUUUUAFFFFABRRRQAUUUUAFFFFABRRRQAUUUUAFFFFABRRRQAUUUUAFFFFABTSVYlG9KdTWUPxnkdD6UANBKHa5yD0NJzEcjlP5UoO7Mcg5/nQCUOx+QehoAGBB3pznqPWggSAOhww/zg0nMRyPufypWBB3pznqPWgA4lXB4YfmKAc/u5Bz/ADoIEgDocMKOJVweGH6UAAJjO1jlT0P+NIQYjkcp3HpSg5zHIOf50AmM7W5U9D/jQAMpB3x8+o9aCBIAyHDDoaQgxHI5Q9R6UrAg74+fUetAAMSqVYYYdfahT/yzk69veggSAMpww6UAiRSrDDD9KAAExHa3KHofSggxncvKHqPShT/yzk69j60AmM7W5Q9D6UADD/lpH19PWg4lUMpww/SggxncvKdx6UEf8tI+vp60AAIkBVhhh1oBIOyTn0PrRxKu5Thh+lAIkBVxhh2oABmI4PKHofSggxncvKnqKAxB2Sc+h9aMmI4P3Ox9KAAjOJIzz/OjiVcgkMP0oIMZ3Lyp6igjOJIyM/zoAAQ4KOMMOv8A9ahSVOx+c9D60cSrkcMP0oBDgo4ww/zxQAnMR55Q/pSkFDvTkHqKAxU7H5z0PrScxH/Y/lQApG7Dxnn+dHEq+jD8waCCh3pyD1FBG4B4zz/OgAB3go4+b+dAJQ7H5B6H1o4lX0YfmDQDvyjj5v50AJzEfVP5UpBU705B6j1oBKHY/IPQ+tJzEfVP5UAKRvAdD8386OJVweGH5g0MCp3pyD1HrQRvAdD81AADuzHIOf50AlDsbkHoaOJVweGH5g0A7sxyDn+dACcxHI5Tv7UrKQd6c+o9aASh2typ6Gk5iORyh6j0oAUgSAOhww6f4GjiVcHhh+lDAg705z1HrQQJAHQ4YdKAAHP7uQc/zoBMZ2typ6GgESrgjDD9KAc5jkHP86AAgxHI5Q9R6UMDnzI+T3HrQCYztblT0NBBiORyncelAAQJAGU4Yd6BiQFWGGH6UEH78fJ7j1o4kAZThh3oAFJ+5J17H1oBMRweUPQ+lAIkBVhhh1HpQDz5cnXsfWgAIMZ3Lyp6j0oIz+8jPP8AOgExHB5Q9D6UEGM7l5XuKAA4lUMpww/SgESAo4ww60EZ/eR9f50cSruXhh+lAApIPlvznofWkGYjg8oeh9KUESAo4ww6j+tCsQdknOeh9aAAgxncvKnqP8KCN2JIzz/OkyYjg/c7H0pSDGdy8qeooAkooooAKKKKACiiigAooooAKKKKACiiigAooooAKKKKACiiigAooooAKKKKACiiigAooooAKKKKACiiigAooooAKKKKACiiigAooooAKKKKACiiigAooooAKKKKACiiigAooooAKKKKACiiigAooooAKKKKACiiigAooooAKKKKACiiigAooooAKKKKACiiigAooooAKKKKACiiigAooooAKKKKACiiigAooooAKKKKACiiigAooooAKKKKACiiigAooooAKKKKACiiigAooooAKKKKACiiigAooooAKKKKACiiigAooooAKKKKACiiigAooooAKKKKACiiigAooooAKKKKACiiigAooooAKKKKACiiigAooooAKKKKACiiigAooooAKKKKACiiigAooooAKKKKACiiigAooooAKKKKACiiigAooooAKKKKACiiigAooooAKKKKACiiigAooooAKKKKACiiigAooooAKKKKACiiigAooooAKKKKACiiigApjqSdy8MP1p9McMp3rz6igBOJV9GH5g0A7sxyDn+dBAcB0Pzfzo4lX0YfmDQAAlDsbkHoaOYjkcp/KgHdmOQc/wA6ASh2NyD0NAAQQd6c56j1oIEgDocMP84o5iOR9z+VBBB3pznqPWgA4lXBGGH6UA5zHIOf50ECQB0OGFHEq4PDD9KAAExna3Knof6UEGI5HKdx6UA5zHIBn+dAJjO1jlT0NAARg+YnOeo9aMCQBlOGFBBiOR9zuPSgjnzE5z1HrQAAiQFWGGHb0oB58uTr2PrQQJAGU4Yd6OJQVYYYdvSgABMR2nlD0PpQQYjuUZU9R6UA/wDLOTr6+tAJiO1uU7H0oACP+WkfX+dHEqhlOGH6UEGM7l5U9R6UEZ/eR9f50AAIkBRhhh2oDYPlvznofWjiUBlOGH6UAiQFGGGFABkxHB+52PpQQYzuUZU9R/WgHB8t+c9D60Z8o4PKdj6UABGf3kZGf50cSrkcMPzFBBjO5eVPUUEZxJGef50AAIcFHGG9P60AlTsfnPQ+tHEq5Bww/SgEOCjjDDt/WgA5iP8AsfyoIKHenIPUUA7TsfnPQ+tJ/qj/ALH8qAFI3YkQ8/zo4lXuGH5g0EFDvTkHqKCN2HQ8/wA6AAHflHHzfzoDFDsfkHoaOJV9GH5g0AhwUcc/zoAP9UfVP5UEFTvTnPUetAJQ7H5B6Gj/AFR/2P5UABAcB0Pzf54o4lXnhh+YNBBU705B6j1oIDgOh+agAB3ZjkHP86ASh2typ6H+lHEq4PDD8xQDuzHIOf50AHMRyOU9PSggg705z1HrQCYztblT0NH+qORyncelAAQJAHQ4Yf5xQCJVwRhh+lBXB3pznqPWggSAOhww7/0oAAc5jkHP86ATGdrcqeho4lGDww/SgHP7uTr/ADoACDEcgZTuPSgjnzI+T3HrQCYztY5XsfSggxHI5TuPSgA4kAZThhQCJAVYYYdqCOfMj5J6j1oIEgDKcMKAANz5cnXsfWgExHB5TsfSgESAqwww7UBufLfr2PrQAEGM7lGVPUelBGf3kfX+dAJiODyh6H0oIMZ3LyvcelABxKoYHDD9KARICjjDDt/WgjP7yPr/ADo4lXKnDD9KAAMQdj856H1oyYjg8p2PpQCJAUcYYdqASDsfnPQ+tAElFFFABRRRQAUUUUAFFFFABRRRQAUUUUAFFFFABRRRQAUUUUAFFFFABRRRQAUUUUAFFFFABRRRQAUUUUAFFFFABRRRQAUUUUAFFFFABRRRQAUUUUAFFFFABRRRQAUUUUAFFFFABRRRQAUUUUAFFFFABRRRQAUUUUAFFFFABRRRQAUUUUAFFFFABRRRQAUUUUAFFFFABRRRQAUUUUAFFFFABRRRQAUUUUAFFFFABRRRQAUUUUAFFFFABRRRQAUUUUAFFFFABRRRQAUUUUAFFFFABRRRQAUUUUAFFFFABRRRQAUUUUAFFFFABRRRQAUUUUAFFFFABRRRQAUUUUAFFFFABRRRQAUUUUAFFFFABRRRQAUUUUAFFFFABRRRQAUUUUAFFFFABRRRQAUUUUAFFFFABRRRQAUUUUAFFFFABRRRQAUUUUAFFFFABRRRQAUUUUAFFFFABRRRQAUUUUAFFFFABRRRQAUUUUAFFFFABRRRQAUUUUAFFFFABRRRQAUUUUAFMZijZP3O/tT6aWw+1hwehoAaVKnenIPUetBAcB0PzfzpP9UfVD+lKVKnenIPUetABxKvPDD8waAd2Y3HP86CN4Dofm/nRxKuOjD8waAAEodjcg9DRzEcj7n8qAd2Y5Bz/OgEodjHIPQ0ABUg705z1HrQQJAHQ4YUnMRyOU/lSlSDvTnPUetABxKuCMMP0oBz+7kHP86CBIA6HDDv/SjiVcHhh+lAACYztblT0NBBiOR9w9R6UA5zHIOf50AmM7W5U9DQAEc+YnPqPWggSAMpww70EGI5HKdx6UMpz5ide49aADiVSrDDDt6UA/8ALOTr2PrQQJAGU4YdDRxKpVhhh19qAAExHDcp2PpQQYzuXlT1HpQp58uTr2PrQCYjtPKHofSgAIz+8j6/zoIEqhlOGH6UEGM7l5U9R6UEZ/eR9f50AAIkBRxhh2oBIOx+fQ+tBAlUMpww/SgESAo4ww/zmgAGYjg8p2PpQQYzuXlT1FAJB2PznofWgZiODynY+lAARnEkZ5/nRxKuRww/MUEGMllGVPUUEZxJGef50AAIcFHGGoBKnY/Oeh9aOJVyOGH5igEOCjj5qADmI+qfyoIKHenIPUUKSp2PznofWk/1R9U/lQApG7EiHn+dHEq+jD8waCCh3pyD1FBG7Dofm/nQAA7wUcc/zoBKHY/IPQ0cSr3DD8waAd4KOPm/nQAf6o/7H8qCCp3pznqPWgEodj8g9DScxH/Y/lQApAcB0PzUcSrg8MPzBoKlTvTkHqPWggOA6H5v88UAAO7KSDn+dAJQ7W5U9DRxKuDww/MGgHdmOQc/zoAOYjkcoeo9KCpB3pznqPWgExna3KnoaTBiOR9zuPSgBSBIA6HDDv8A0o4lUgjDD9KCpB3pznqPWggSAOhww6UAAOf3cg5/nQCYztblT0P9KOJVIPDD9KAc/u5Ov86AAgxHI5Q9R6UEc+ZH17j1oBMZ2scqehoIMRyOUPUelAAQJAGU4Yd6OJAVYYYdqGXnzI+vcetBAkAZThh0NAAD/wAs5OvY+tAJiODynY+lHEilWGGFAPPlycnsfWgAIMZ3Lyp6igjJ8yM8/wA6ATEcHlOx9KCDGdy8qeooAMCUAjhh+lAIkBRxhh2oK5PmRkZ/nRxKoIOGH6UASUUUUAFFFFABRRRQAUUUUAFFFFABRRRQAUUUUAFFFFABRRRQAUUUUAFFFFABRRRQAUUUUAFFFFABRRRQAUUUUAFFFFABRRRQAUUUUAFFFFABRRRQAUUUUAFFFFABRRRQAUUUUAFFFFABRRRQAUUUUAFFFFABRRRQAUUUUAFFFFABRRRQAUUUUAFFFFABRRRQAUUUUAFFFFABRRRQAUUUUAFFFFABRRRQAUUUUAFFFFABRRRQAUUUUAFFFFABRRRQAUUUUAFFFFABRRRQAUUUUAFFFFABRRRQAUUUUAFFFFABRRRQAUUUUAFFFFABRRRQAUUUUAFFFFABRRRQAUUUUAFFFFABRRRQAUUUUAFFFFABRRRQAUUUUAFFFFABRRRQAUUUUAFFFFABRRRQAUUUUAFFFFABRRRQAUUUUAFFFFABRRRQAUUUUAFFFFABRRRQAUUUUAFFFFABRRRQAUUUUAFFFFABRRRQAUUUUAFFFFABRRRQAUUUUAFFFFABRRRQAU1trEoadTWUPxnDDofSgBqkodj8g9DScxH1T+VKDvyjj5v5+9AYodj8g9D60ADAqd6cg9R60EbwHQ/NRzEf9j+VBBU705B6j1oAOJV9GH5g0A7sxyDn+dBAcB0Pzfz9qOJV54YfmDQAAlDtfkHoaTmI5HKHqPSlB3ZjkHP86ASh2vyD0NAAwIO9Oc9R60ECQB0OGHf+lIcxHI+56elKwIO9Oc9R60AHEq4PDD9KAc/u5Ov86CBIA6HDDv8A0oGJVwRhh+lAACYztY5U9DQQYjkcoeo9KAc/u5Bz/OgExna3Knof6UADDnzI+fUetBAkUMpww7+lBBiOQMp3HpTgFzuHf070ANBEqlWGGHahT/yzk5PY+tPKgkHHI70MoYYIoAYCYjg8oeh9KCDGdy8qeo9KeQCMHkUABRgdKAGEZ/eRnn+dBxKoZThh+lPVQucDGaNo3bsc0AMBEgKOMMOo/rQpIOx+c9D608qCQT1FDKGGCKAIxmI4PKdj6UpBjO5eVPUf1qTAIwelIAFGB0oAYRuxJGef50cSrkcMPzBp4ULnAxmjaN27HNADAQ4KOPm/zzQrFTsfnPQ+tPKgkEjkdKCoYYIyKAI+Yj6of0pSCh3pyD1FPxxjtQqhRgdKAGEb8PGfm/nRxKvow/MGnhQpJAxmjaN27HNADAd4KOPm/nQCUOx+Qehp5UNjI6dKCAwwRkUAR8xH1T+VKQVO9OQeo9akxxikVQowOlADCA4DocNRxKuDww/MGnhQCSB160bRu3d6AGA7sxyDn+dAJjO1uVPQ/wBKeyhsZHSggEYIyKAIzmI5HKHqPSlYEHzE59R608DAxQqhRgdKAGECQB0OGHQ/0o4lXDDDDt6U8KAxIHJ60FQWDY5HegBinP7uTr6+tAJjO1jlT0PpT2UN1FBAIweRQAwgxHcOUPUelDDnzI+vcetPAwMChVC9BigBhAkUMpww7+lAIkUqwww6in7QGLAcmgqCQccigBik58uTk9j60AmI4PKHofSnsoYYIoIBGDyKAGEGM7l5U9RQRnDxkZ/nTwAowOlL0oAKKKKACiiigAooooAKKKKACiiigAooooAKKKKACiiigAooooAKKKKACiiigAooooAKKKKACiiigAooooAKKKKACiiigAooooAKKKKACiiigAooooAKKKKACiiigAooooAKKKKACiiigAooooAKKKKACiiigAooooAKKKKACiiigAooooAKKKKACiiigAooooAKKKKACiiigAooooAKKKKACiiigAooooAKKKKACiiigAooooAKKKKACiiigAooooAKKKKACiiigAooooAKKKKACiiigAooooAKKKKACiiigAooooAKKKKACiiigAooooAKKKKACiiigAooooAKKKKACiiigAooooAKKKKACiiigAooooAKKKKACiiigAooooAKKKKACiiigAooooAKKKKACiiigAooooAKKKKACiiigAooooAKKKKACiiigAooooAKKKKACiiigAooooAKKKKACiiigAooooAKKKKACiiigAooooAKKKKACiiigAooooAKY6kncv3h+tPpjblO4cjuKAE4lXuGH5g0A7wUcfN/Ogjdh4z8386OJV9GH5g0AAJQ7H5B6H1o/wBUf9j+VAIcFHHzfzoBKHY/IPQ0ABBU705B6j1oIDgOh+b+dH+qP+x/Kggqd6cg9R60AHEq4PDD8waAd2Y5Bz/OggOA6H5qOJVweGH5g0AAJQ7X5U9DQcxHI5T09KAd2Y5AM/zoBKHa3KnoaAAgg705z1HrQQJAHQ4YUf6o5H3PT0oIIO9Oc9R60AHEqkHhh+lAOf3cg5/nQQJAHQ4Yd6OJRgjDD9KAAExkK3KnoaeFCjA6UwHP7uTr/Onqu1cZzigBaKKKACiiigAooooAKKKKACiiigAooooAKKKKACiiigAooooAKKKKACiiigAooooAKKKKACiiigAooooAKKKKACiiigAooooAKKKKACiiigAooooAKKKKACiiigAooooAKKKKACiiigAooooAKKKKACiiigAooooAKKKKACiiigAooooAKKKKACiiigAooooAKKKKACiiigAooooAKKKKACiiigAooooAKKKKACiiigAooooAKKKKACiiigAooooAKKKKACiiigAooooAKKKKACiiigAooooAKKKKACiiigAooooAKKKKACiiigAooooAKKKKACiiigAooooAKKKKACiiigAooooAKKKKACiiigAooooAKKKKACiiigAooooAKKKKACiiigAooooAKKKKACiiigAooooAKKKKACiiigAooooAKKKKACiiigAooooAKKKKACiiigAooooAKKKKACiiigAooooAKKKKACiiigAooooAKKKKACiiigAooooAKKKKACiiigAooooAKKKKACiiigAooooAKKKKACiiigAooooAKKKKACiiigAooooAKKKKACiiigAooooAKKKKACiiigAooooAKKKKACiiigApjMUbJ+4e/pT6aWAbaw4PT3oAaQUO9OQeooI3YdDz/Ok5iP8AsfypSCh3pyD1FABxKvow/MGgHeCjjn+dBG7EiH5v50cSr6MPzBoAASh2PyD0NHMR/wBj+VAO8FHHzfzoBKHY/IPQ+tAAQVO9OQeo9aCA4DofmpOYj/sfypSpU705B6j1oAOJVweGH5igHdmOQc/zoIDgOh+b/PFHEq4PDD8waAAEodrcqehowYjkfc7j0oB3ZjkHP86ASh2typ6GgAIIO9Oc9R60ECQB0OGHf+lJgxHI5TuPSlKkHenOeo9aADiVcEYYfpT13bfm60wgSAOhww6H+lPUllyRg9xQAtFFFABRRRQAUUUUAFFFFABRRRQAUUUUAFFFFABRRRQAUUUUAFFFFABRRRQAUUUUAFFFFABRRRQAUUUUAFFFFABRRRQAUUUUAFFFFABRRRQAUUUUAFFFFABRRRQAUUUUAFFFFABRRRQAUUUUAFFFFABRRRQAUUUUAFFFFABRRRQAUUUUAFFFFABRRRQAUUUUAFFFFABRRRQAUUUUAFFFFABRRRQAUUUUAFFFFABRRRQAUUUUAFFFFABRRRQAUUUUAFFFFABRRRQAUUUUAFFFFABRRRQAUUUUAFFFFABRRRQAUUUUAFFFFABRRRQAUUUUAFFFFABRRRQAUUUUAFFFFABRRRQAUUUUAFFFFABRRRQAUUUUAFFFFABRRRQAUUUUAFFFFABRRRQAUUUUAFFFFABRRRQAUUUUAFFFFABRRRQAUUUUAFFFFABRRRQAUUUUAFFFFABRRRQAUUUUAFFFFABRRRQAUUUUAFFFFABRRRQAUUUUAFFFFABRRRQAUUUUAFFFFABRRRQAUUUUAFFFFABRRRQAUUUUAFFFFABRRRQAUUUUAFFFFABRRRQAUUUUAFFFFABRRRQAUUUUAFFFFABRRRQAUUUUAFFFFABRRRQAU1trEoadTXUP0OGHQ+lADVJU7H5z0PrScxH1T+VKCHBRxhvT+tAJU7H5z0PrQAEFDvTkHqKCN2HQ8/zpOYj/ALH8qUgod6cg9RQAcSr6MPzBoB35Rx8386CNwDofm/nRxKvcMPzBoAASh2PyD0PrScxH1T+VKDvBRx8386ASh2PyD0NAAQVO9Oc9R60EBwHQ/N/Ok5iPqn8qVgVO9Oc9R60AHEq4PDD8waAd2Y5Bz/OgjeA6H5qOJVweGH5g0AAJQ7W5U9DScxHI5TuPSlB3ZjkHP86ASh2typ6GgAYEHenPqPWnqwZcjpUZzEcjlO49KkGMZHQ0ALRRRQAUUUUAFFFFABRRRQAUUUUAFFFFABRRRQAUUUUAFFFFABRRRQAUUUUAFFFFABRRRQAUUUUAFFFFABRRRQAUUUUAFFFFABRRRQAUUUUAFFFFABRRRQAUUUUAFFFFABRRRQAUUUUAFFFFABRRRQAUUUUAFFFFABRRRQAUUUUAFFFFABRRRQAUUUUAFFFFABRRRQAUUUUAFFFFABRRRQAUUUUAFFFFABRRRQAUUUUAFFFFABRRRQAUUUUAFFFFABRRRQAUUUUAFFFFABRRRQAUUUUAFFFFABRRRQAUUUUAFFFFABRRRQAUUUUAFFFFABRRRQAUUUUAFFFFABRRRQAUUUUAFFFFABRRRQAUUUUAFFFFABRRRQAUUUUAFFFFABRRRQAUUUUAFFFFABRRRQAUUUUAFFFFABRRRQAUUUUAFFFFABRRRQAUUUUAFFFFABRRRQAUUUUAFFFFABRRRQAUUUUAFFFFABRRRQAUUUUAFFFFABRRRQAUUUUAFFFFABRRRQAUUUUAFFFFABRRRQAUUUUAFFFFABRRRQAUUUUAFFFFABRRRQAUUUUAFFFFABRRRQAUUUUAFFFFABRRRQAUUUUAFFFFABRRRQAUUUUAFMdTncv3h+tPpjblO4cjuKAE4lXI4YfmDQCHBRx83+eaCN2JIzz/ADo4lXI4YfmKAAEqdj856H1pP9Uf9j+VKCHBRx83+eaASp2PznofWgAIKHenIPUUEb8Oh5/nSf6o/wCx/KlIKHenIPUUAHEq+jD8waAQ4Mbjn+dBAfEkZ5/nRxKvow/MGgADFDsfkHoaT/VH/Y/lSgh8o4+b+dAJQ7H5B6H1oACCp3pznqPWggOA6H5v88Uf6o/7H8qCCp3pyD1HrQAcSrg8MPzBoB3ZjkHP86CA4Dofm/zxRxKuDww/MGgABMZ2typ6GnqoUYHSmA7sxyDn+dPUFVwTmgBaKKKACiiigAooooAKKKKACiiigAooooAKKKKACiiigAooooAKKKKACiiigAooooAKKKKACiiigAooooAKKKKACiiigAooooAKKKKACiiigAooooAKKKKACiiigAooooAKKKKACiiigAooooAKKKKACiiigAooooAKKKKACiiigAooooAKKKKACiiigAooooAKKKKACiiigAooooAKKKKACiiigAooooAKKKKACiiigAooooAKKKKACiiigAooooAKKKKACiiigAooooAKKKKACiiigAooooAKKKKACiiigAooooAKKKKACiiigAooooAKKKKACiiigAooooAKKKKACiiigAooooAKKKKACiiigAooooAKKKKACiiigAooooAKKKKACiiigAooooAKKKKACiiigAooooAKKKKACiiigAooooAKKKKACiiigAooooAKKKKACiiigAooooAKKKKACiiigAooooAKKKKACiiigAooooAKKKKACiiigAooooAKKKKACiiigAooooAKKKKACiiigAooooAKKKKACiiigAooooAKKKKACiiigAooooAKKKKACiiigAooooAKKKKACiiigAooooAKKKKACiiigApjMUbn7p7+lPppYbtjDr096AGkGM7l5U9R/WgjdiSM8/zpBmI4PKdj6UpBjO5eVPUUAHEq5HDD8xQCHBRx83+eaCN2JIzz/OjiVcjhh+YNAACVOx+c9D60f6o/7H8qAQ4KOPmoBKnY/Oeh9aAAgod6cg9RQRvw6H5v50nMR9U/lSkFDvTkHqPWgA4lXuGH5g0A7wUcfN/Ogjfh0Pzfzo4lX0YfmDQAAlDsfkHoaOYj/sfyoB3go4+b+dAJQ7H5B6GgAKlTvTnPUetBAcB0OG/zxScxH/Y/lSlSp3pznqPWgA4lXB4YfmDT13bfm60wgOA6HDU9TuXJGD3FAC0UUUAFFFFABRRRQAUUUUAFFFFABRRRQAUUUUAFFFFABRRRQAUUUUAFFFFABRRRQAUUUUAFFFFABRRRQAUUUUAFFFFABRRRQAUUUUAFFFFABRRRQAUUUUAFFFFABRRRQAUUUUAFFFFABRRRQAUUUUAFFFFABRRRQAUUUUAFFFFABRRRQAUUUUAFFFFABRRRQAUUUUAFFFFABRRRQAUUUUAFFFFABRRRQAUUUUAFFFFABRRRQAUUUUAFFFFABRRRQAUUUUAFFFFABRRRQAUUUUAFFFFABRRRQAUUUUAFFFFABRRRQAUUUUAFFFFABRRRQAUUUUAFFFFABRRRQAUUUUAFFFFABRRRQAUUUUAFFFFABRRRQAUUUUAFFFFABRRRQAUUUUAFFFFABRRRQAUUUUAFFFFABRRRQAUUUUAFFFFABRRRQAUUUUAFFFFABRRRQAUUUUAFFFFABRRRQAUUUUAFFFFABRRRQAUUUUAFFFFABRRRQAUUUUAFFFFABRRRQAUUUUAFFFFABRRRQAUUUUAFFFFABRRRQAUUUUAFFFFABRRRQAUUUUAFFFFABRRRQAUUUUAFFFFABRRRQAUUUUAFFFFABRRRQAUUUUAFFFFABTW2vlD1606muobocMOhoAapIOx+fQ+tJkxHB5TsfSlBEgKOMMO39aASDsfnPQ+tAAQYzuXlT1FBG7EkZ5/nRkxHB+52PpQQUO5RlT1FABxKuRww/MGgEOCjj5qCN2JIzz/OjiVcjhh+YoAASp2PyD0PrScxH1T+VKCHBRxhqASp2PyD0PrQAEFDvTkHqKCN4Dxn5v50nMR9U/lSkFDvTkHqKADiVfRh+YNAO4FHHzfzoI3gOh5/nRxKvow/MGgABKHY/IPQ0nMR9U/lSg7spIOf50AlDsfkHoaABgVO9Oc9R609WDKCOlM5iPqn8qeMY46GgBaKKKACiiigAooooAKKKKACiiigAooooAKKKKACiiigAooooAKKKKACiiigAooooAKKKKACiiigAooooAKKKKACiiigAooooAKKKKACiiigAooooAKKKKACiiigAooooAKKKKACiiigAooooAKKKKACiiigAooooAKKKKACiiigAooooAKKKKACiiigAooooAKKKKACiiigAooooAKKKKACiiigAooooAKKKKACiiigAooooAKKKKACiiigAooooAKKKKACiiigAooooAKKKKACiiigAooooAKKKKACiiigAooooAKKKKACiiigAooooAKKKKACiiigAooooAKKKKACiiigAooooAKKKKACiiigAooooAKKKKACiiigAooooAKKKKACiiigAooooAKKKKACiiigAooooAKKKKACiiigAooooAKKKKACiiigAooooAKKKKACiiigAooooAKKKKACiiigAooooAKKKKACiiigAooooAKKKKACiiigAooooAKKKKACiiigAooooAKKKKACiiigAooooAKKKKACiiigAooooAKKKKACiiigAooooAKKKKACiiigAooooAKKKKACiiigAooooAKKKKACiiigApjqc71+96etPpjFkO4cr3FACcSrkHDD9KARICjjDDtQRn95Gef50cSqCDhh+lAAGwfLfnPQ+tGfKOD9z19KARICjjDDr/8AWoBwdj856H1oACCh3Lyp6igjdiSM8/zo/wBUcH7nY+lBBQ7l5U9RQAcSrkcMPzBoBDgo4+agjdiSM8/zo4lXI4YfmDQABip2PyD0PrR/qj/sfyoBDgo4+b/PNAJU7H5B6H1oACCh3pyD1FBG8B0PP86OYj/sfyoIKHenIPUUAHEq+jD8waAd2UcfN/Ogjfh0Pzfzo4lXuGH5g0AAJQ7H5B6GnqoUYHSmA7gUkHzfzoUlCFbp2NAElFMZihyeU/lSsWADLyO4oAdRTc70yh596FbeCOjDqPSgB1FMVzna/Dfzo3FWw3Q9DQA+imMzIc9V7+1KxbAZMH29aAHUU3dvTKHn3pFfcCOjDqKAH0UxXO7a/XsfWgsUbDfdPQ+lAD6KYzMp3dV7+opWJKhkIPt60AOopobemVOD70ivuyDww6igB9FMVyG2v17H1oLFG+b7p7+lAD6KYxZfmHK9xSkkqGQg/wBaAHUU0NvX5Tg/ypEfOVbhh2oAfRTA5DbX79D60MxRstyp7+lAD6KY5ZfmHI7ilJLJuQigB1FNDb1ODg/ypFck7W4YfrQA+imBirbX79DQzFGyeU/lQA+imMWGGXkdxS5LJlCM0AOopitvBxww6j0oVzna3DfzoAfRTNxVsP0PQ0MzIcnlO/tQA+imMWwGXkenrS53plDzQA6imK28EdGHUelCuc7X4bt70APooooAKKKKACiiigAooooAKKKKACiiigAooooAKKKKACiiigAooooAKKKKACiiigAooooAKKKKACiiigAooooAKKKKACiiigAooooAKKKKACiiigAooooAKKKKACiiigAooooAKKKKACiiigAooooAKKKKACiiigAooooAKKKKACiiigAooooAKKKKACiiigAooooAKKKKACiiigAooooAKKKKACiiigAooooAKKKKACiiigAooooAKKKKACiiigAooooAKKKKACiiigAooooAKKKKACiiigAooooAKKKKACiiigAooooAKKKKACiiigAooooAKKKKACiiigAooooAKKKKACiiigAooooAKKKKACiiigAooooAKKKKACiiigAooooAKKKKACiiigAooooAKKKKACiiigAooooAKKKKACiiigAooooAKKKKACiiigAooooAKKKKACiiigAooooAKKKKACiiigAooooAKKKKACiiigAooooAKKKKACiiigApjOUbn7p7+lPppYbtjDr096AGkGMllGVPUf1oK5/eR9f50gJiOCcoeh9KUgxncvKnqPSgAIEqgjhh+lAIkBRxhh2/rQRnEkZ5/nRxKuQcMP0oAFJB2PznofWkGYjg8p2PpSgiQFHGGHb+tAJB2PznofWgAIKHcvIPUUEbsSRnn+dIMxHB5TsfSlIMZ3LyD1FABxKuRww/MGgEOCjj5qCN2JIzz/OjiVcjhh+YNAACVOx+Qeh9aOYj/sfyoBDgo4+agEqdj8g9D60ABUod6cg9R60Eb8Oh+b+ftScxH1T+VKVKHenIPUUAHEq+jD8waAd4Mcg5/nQRvAdDz/OjiVfRh+YNAACUOx+Qeh/pScxHj7n8qUHdmNxz/OgEodj8g9DQAFSp3pznqPWggOA6HDDv/Sk5iOeqfypSpU705z1HrQAcSrg8MPzFAO7Mcg5/nQQJAHQ4Yd6OJVweGH5igABMZ2scqehowYjkcoeo9KAc5jkHP86ATGdrHKnof6UABUg705z1HrQQJAHU4YdDSEGI5HKHqPSlZSD5ic+o9aADiVdrDDD9KAc/u5OT6+tBAkAZThh3/pRxKpVhhh+lAACYztblex9KCDEcryh6j096Af8AlnJ1/nQCYjtY5U9D6e1AAV58yPr396CBKAynDDofSggxHcvKHqPShh/y0j6+nrQAcSAqwww7UA8+W/PofWggSqGU4Yd/SgESAqwww7UAAzEcHlOx9KCDGdy8qeo/rQDg+W/PofWgExHB5TsfSgAIz+8Q8/zo4lXI4YfpQQYzuXlT1H9aCM4kjPP86AAESAo4ww7f1oBIOx+c9D60cSrkcMP0oBEgKOMMP85oAOYjg/c/lQQUO9OQeooUlTsfnPQ+tJzEcHlP5UAKRuxIh5/nRxKuejD8waCCh3pyD1FBG7EkZ5/nQAAhwUcc/wA6ASp2PyD0PrRxKvow/MGgHeCjj5v5+9ACf6o/7H8qUgod6cg9R60AlDsfkHofWk5iPqn8qAFI34dD8386OJV9GH5g0FSp3pyD1HrQQHAdD8386AAHdmOQc/zoBKHY3IPQ0cSrjow/MGgHdmOQc/zoAMGI5HKenpQVIO9Oc9R60AlDsbkHoaTHlHI+4e3pQApAkAdDhh3/AKUcSrg8MP0oZSDvTnPUetBAkAdDhhQBJRRRQAUUUUAFFFFABRRRQAUUUUAFFFFABRRRQAUUUUAFFFFABRRRQAUUUUAFFFFABRRRQAUUUUAFFFFABRRRQAUUUUAFFFFABRRRQAUUUUAFFFFABRRRQAUUUUAFFFFABRRRQAUUUUAFFFFABRRRQAUUUUAFFFFABRRRQAUUUUAFFFFABRRRQAUUUUAFFFFABRRRQAUUUUAFFFFABRRRQAUUUUAFFFFABRRRQAUUUUAFFFFABRRRQAUUUUAFFFFABRRRQAUUUUAFFFFABRRRQAUUUUAFFFFABRRRQAUUUUAFFFFABRRRQAUUUUAFFFFABRRRQAUUUUAFFFFABRRRQAUUUUAFFFFABRRRQAUUUUAFFFFABRRRQAUUUUAFFFFABRRRQAUUUUAFFFFABRRRQAUUUUAFFFFABRRRQAUUUUAFFFFABRRRQAUUUUAFFFFABRRRQAUUUUAFFFFABRRRQAUUUUAFFFFABRRRQAUUUUAFFFFABRRRQAUUUUAFFFFABTWCvlT1p1Mdd3IOGHQ0AIpOfLk5PY+tAJiODyh6H0oBEgKsMMO1Abny5PwPrQAEGM7l5XuKCM4kjPP86ATEcHlOx9KCDGdy8qeooAOJVyOGH6UAiQFHGGH+c0EZ/eRnn+dHEq5Bww/SgABIOx+c9D60mTEcHlPX0pQRICjjDDqKAxB2PznofWgAIKHcvIPUf1oI3YkjPP8AOjJiOD9z19KCCh3LyD1FABxKuRww/MUA7wUcfNQRuxJGef50cSrkcMPzBoAASp2PyD0PrScxH1T+VKCHBRx8386AxU7H5B6H1oACCh3pyD1FBG8B0PzfzpOYj6p/KlIKHenIPUetABxKvcMPzBoB3ZjcfN/OgjeA6H5v50cSr6MPzBoAASh2PyD0NJzEc9U/lSg7sxyDn+dAJQ7H5B6GgAYFTvTn1HrQQJAHQ4b1/pScxHjlP5UrAqd6c56j1oAOJVweGH5igHOY5AM/zoIEgDofmoyJVweGH6UAAJjO1jlT0NIcxHI5TuPSlBzmOQc/zoBMZ2typ6GgAYEHzE59R60ECQBkOGHSg5iORyncelBGDvTnPUetAACJVKsMMP0oVufLk6/zowJAGU4Yd6ARKCrDDDt6UAAJiO1jlT0PpQQYjuHKHqPSgHny5Ovr60AmI7W5Q9D6UADA/wCsj6+nrRxKoZThh+lBBiO5RlD1HpQR/wAtI+v86AAESAqwwwoUkHy359D60cSqGU4YfpQCJAVYYYdRQAgJiODyh6H0pSDGdy8qeo/rQGIPlv36H1pMmI4PKHofSgBSM4kjPP8AOjiVcg4YfpQQYzuUZU9RQRnEkZ5/nQAAhwUcYYf5zQpKnY/Oeh9aOJVyOGH6UAhwUcYYdqAE5iPPKH9KUgod68g9RQCVOx+c9D60nMRx/B/KgBSN2JIzz/OjiVe4YfmDQQUO9OQeooI3YeM8/wA6AAHeCjj5v50AlTsfkHofWjiVfRh+YNAO8FHHzfzoATmI+qfypWBU705B6j1oBKnY/IPQ+tJzEf8AY/lQApG8B0Pzfz9qOJV9GH5g0EFTvTkHqPWggOA6H5v50AAO7Mcg5/nQCUO1zkHof6UcSr6MPzBoB3ZjkHP86AE5iORynp6UrAg705z1HrQCUO1uQehoOYjkcp39qAJKKKKACiiigAooooAKKKKACiiigAooooAKKKKACiiigAooooAKKKKACiiigAooooAKKKKACiiigAooooAKKKKACiiigAooooAKKKKACiiigAooooAKKKKACiiigAooooAKKKKACiiigAooooAKKKKACiiigAooooAKKKKACiiigAooooAKKKKACiiigAooooAKKKKACiiigAooooAKKKKACiiigAooooAKKKKACiiigAooooAKKKKACiiigAooooAKKKKACiiigAooooAKKKKACiiigAooooAKKKKACiiigAooooAKKKKACiiigAooooAKKKKACiiigAooooAKKKKACiiigAooooAKKKKACiiigAooooAKKKKACiiigAooooAKKKKACiiigAooooAKKKKACiiigAooooAKKKKACiiigAooooAKKKKACiiigAooooAKKKKACiiigAooooAKKKKACiiigAooooAKKKKACiiigAooooAKKKKACiiigAooooAKY6kHevXuPWn0xiyNu6r3HpQAnEoDKcMO/pQCJAVYYYdqCOfMj69x60cSAMpww/SgAB58uTn0PrQCYjg8oeh9KARICrDDDtQDz5cnOeh9aAAgxncvK9xQRn95Gef50AmI4PKdj6UEGM7lGVPUf1oAOJVyOGH6UAiQFHGGHUUEZ/eRnn+dHEoyDhh+lAACQdj856H1o/1RwfufyoBEgKOMMO39aASDsfnPQ+tAAQUO9eQeooI3YkQ8/wA6OYjg/c/lQQUO5eVPUUAHEq5HDD8xQCHBRx81BG7EkZ5/nRxKuejD8waAAEqdj8g9D60f6o/7H8qAd4KOPmoBKnY/IPQ+tAAQUO9OQeo9aCA4Dofm/nR/qj/sfyoIKnenIPUetABxKvow/MGgHdmNxz/OggOA6H5v50cSr6MPzBoAASh2PyD0NH+qPH3P5UA7spIOf50AlDtc5B6H+lAAQQd6c56j1oIEgDocNRzEePufyoKlTvTnPUetABxKMHhh+YoBz+7kHP8AOggOA6HDDv8A0o4lXB4YfmKAAExna3KnoaDmI5H3O49KAc5jkHP86ATGdrcr2NAARz5kfPqPWjiQBlOGHeggxHI+53HpQVwd8fOeo9aADIlBVhhh29KAefLk69j60ECQBlOGHejiUFWGGH6UAAJiOG5Q9D6UEGM7l5TuPSgH/lnJ17e9AJjOG5TsfSgAI/5aR9f50cSqGU4YfpQQYzuXlD1HpQR/y0j6+nrQAAiQFWGGHagNg7JOc9D60cSgMpww7+lAIkBVxhh2/rQAA+UcHlOx9KCDGdyjKnqKAcHZJznofWgExHB+52PpQAEZxJGef50cSrkcMPzFBBjO5eVPUf1oIz+8jPP86AAEOCjjDD/OaA207H5z0PrRxKuRww/SgEOCjjDf55oAP9UefufyoIKHenIPUUAlTsfnPQ+tH+qP+x/KgAI3YeM8/wA6OJV9GH5g0EFDvTkHqKCN2HjPP86AAEPlHHzfzoBKHY/IPQ+tHEq+jD8waAQ4KOPm/nQAf6o/7H8qCCp3pyD1HrQCUOx+Qeh9aOYj/sfyoACA4Dofmo4lXByGH5g0EFTvTkHqPWggOA6H5vX19qAAHdmOQc/zoBKHa3IPQ0cSrg8MPzBoB3ZjkAz/ADoAkooooAKKKKACiiigAooooAKKKKACiiigAooooAKKKKACiiigAooooAKKKKACiiigAooooAKKKKACiiigAooooAKKKKACiiigAooooAKKKKACiiigAooooAKKKKACiiigAooooAKKKKACiiigAooooAKKKKACiiigAooooAKKKKACiiigAooooAKKKKACiiigAooooAKKKKACiiigAooooAKKKKACiiigAooooAKKKKACiiigAooooAKKKKACiiigAooooAKKKKACiiigAooooAKKKKACiiigAooooAKKKKACiiigAooooAKKKKACiiigAooooAKKKKACiiigAooooAKKKKACiiigAooooAKKKKACiiigAooooAKKKKACiiigAooooAKKKKACiiigAooooAKKKKACiiigAooooAKKKKACiiigAooooAKKKKACiiigAooooAKKKKACiiigAooooAKKKKACiiigAooooAKKKKACiiigAooooAKKKKACiiigAphfa2G+6e9PppILbGHUd+9ADSDEcryh6j0oK8+ZH17j1oBMZ2scqeh9KCDEdy8oeo9KAAgSAMpww7+lAIkBVhhhQy8+ZH17j1oIEqhlOGHT2oAAefLk59D60AmI4PKHofSgYkUqwww60KTnZJ17H1oACDGdy8qeooK5xJGef50gzEcHlD0PpSkGM7lGVPUf4UAHEq5Bww/SgESAo4wwoYZ/eRnn+dHEqgjhh+lAACQdj856H1o5iOD9z19KARICjjDDrQpIOx+c9D60ABBQ7k5B6igjdiSM8/zpOYjg/c/lSkFDvTkHqKADiVfRh+YNAIcFHHzfzoI3YkjPP86OJV9GH5g0AAJU7H5B6H1o5iP+x/KgHeCjj5v50AlTsfkHofWgAKlTvTkHqPWggOA6H5v50nMR/wBj+VKQVO9OQeo9aADiVfRh+YNAO7KSDn+dBG8B0Pzfzo4lXnIYfmDQAAlDsfkHoaTmI5H3P5UoO4GOQc/zoBKHY3IPQ/40ABUqd6c56j1oIEgDocN6/wBKTmI5HKH9KUgg705z1HrQAcSrg8MP0oBzmOQc/wA6CBIA6HDDp/hRxKuDww/SgABMZ2typ6GjBiORyncelAOcxyDn+dAJjO1jlT0P9KAAqQd8fXuPWggSAMpww6GkIMRyOUPUelKykHzI+T3HrQAcSqVYYYfpQD/yzk69j60ECQBlOGHQ0cSqVYYYfpQAAmM7Tyh6H0oIMZ3L9w9R6UKT/q5Ovr60AmI7TynY+lAAV/5aR9fT1owJVDKcMO/pQQYzuXlT1HpQy5PmR9f50AAIkBVxhh1FAJB2Sc+h9aCBKoZThh09qARICjjDDqKAAZiODynY+lBBjO5eVPUUKSDsfn0PrQMxHB5TsfSgAIziSM8/zo4lXI4YfpQQYzuXlT1FBGcSRnn+dAACJAUcYb0oUlTsfnPQ+tHEq5HDD8xQCHBRxhv880AHMRx/B/Kggod6cg9RQpKnY/Oeh9aTmI+qfyoAUjdiSM/N/OjiVfRh+YNBBQ705B6igjdiRD8386AAHeCjj5v50AlDsfkHofWjiVe4YfmDQDvBSQfN/OgBOYj/ALH8qUqVO9OQeo9aFJQ7H5B6Gk5iPqh/SgBSA4Dofm/nRxKuDww/MGggqd6c56j1oI3gOh+agCSiiigAooooAKKKKACiiigAooooAKKKKACiiigAooooAKKKKACiiigAooooAKKKKACiiigAooooAKKKKACiiigAooooAKKKKACiiigAooooAKKKKACiiigAooooAKKKKACiiigAooooAKKKKACiiigAooooAKKKKACiiigAooooAKKKKACiiigAooooAKKKKACiiigAooooAKKKKACiiigAooooAKKKKACiiigAooooAKKKKACiiigAooooAKKKKACiiigAooooAKKKKACiiigAooooAKKKKACiiigAooooAKKKKACiiigAooooAKKKKACiiigAooooAKKKKACiiigAooooAKKKKACiiigAooooAKKKKACiiigAooooAKKKKACiiigAooooAKKKKACiiigAooooAKKKKACiiigAooooAKKKKACiiigAooooAKKKKACiiigAooooAKKKKACiiigAooooAKKKKACiiigAooooAKKKKACiiigAooooAKKKKACmsFfKnqOfpTqY67uQcMOhoART/wAs5Ovr60AmM7W5U9D6UAiVSrDDDt6UA5PlydfX1oACDEdw5Q9R6UEf8tI+vcetAJjO1uUPQ+lBBiO5eU7j0oAOJFDKcMO/pQCJAVYYYdv60Ef8tI+vp60cSqGU4YfpQAKTny5OfQ+tICYjg8p2PpSgiQFWGGHagNz5cnfofWgAIMZ3KMqeo/rQRn95Gef50ZMRweU7H0oIMZ3KMqeo/rQAcSrkcMP0oBEgKOMMO39aCM/vI+v86OJVyOGH6UACkg7H5z0PrScxHB5T+VKCJAUcYYdv60Bip2PznofWgAIKHcnIPUUEbsPGef50n+qODyn8qUgod6DIPUUAHEq+jD8waAd4KOPm/nQRuxJGef50cSr6MPzBoAASp2PyD0PrScxH/Y/lSg7wUcfN/OgEqdj8g9D60ABBU705B6j1oI3gOh+b+ftScxH/AGP5UpBU705B6j1oAOJV9GH5g0A7sxyDn+dBAcB0PP8AOjiVfRh+YNAACUO1+Qeh/pScxHI5T09KUHdmOQc/zoBKHY3IPQ0ADAg705z1HrQQJAHQ4Yf5xScxHI+5/KlYEHenOeo9aADiVcHhh+lCnOY5Bz/OggSAOhww/wA4o4lXBGGH6UAAJjO1uVPQ0EGI5HKdx6UA5zHIOf50AmM7W5U9DQAMDnfHz6j1oIEgDKcMO9BzEcjlD1HpQRz5kfPqPWgABEilWGGHb0oU/wDLOTk9j60HEgDKcMO9AIkBVhhh29KAAExHa3KHofSggxncoyp6j096A3Plydex9aATEQrcoeh9KAAjP7yM8/zoOJVDKcMP0oIMR3KMr3HpQR/y0j6/zoAARICjjDDt/WgMQdknPofWjiVdynDD9KARICjjDDt/WgABMRweU7H0oIMZ3Lyp6j+tAYg7H59D60ZMRweU7H0oACM4kjPP86OJVyOGH5iggxncoyp6igjOJIzz/OgABDgo4w3+eaFJU7H5z0PrRxKuRww/MUAhwUcYb/PNACcxH1T+VKQUO9OQeooDFTsfnPQ+tJzEf9j+VACkbsOh5/nRxKvow/MGggod6cg9RQRuAkQ8/wA6AAHeCkg5/nQCUOx+Qeho4lX0YfmDQDvyjj5v50AJzEf9j+VKwKnenIPUetAJQ7H5B6H1pOYj6p/KgCWiiigAooooAKKKKACiiigAooooAKKKKACiiigAooooAKKKKACiiigAooooAKKKKACiiigAooooAKKKKACiiigAooooAKKKKACiiigAooooAKKKKACiiigAooooAKKKKACiiigAooooAKKKKACiiigAooooAKKKKACiiigAooooAKKKKACiiigAooooAKKKKACiiigAooooAKKKKACiiigAooooAKKKKACiiigAooooAKKKKACiiigAooooAKKKKACiiigAooooAKKKKACiiigAooooAKKKKACiiigAooooAKKKKACiiigAooooAKKKKACiiigAooooAKKKKACiiigAooooAKKKKACiiigAooooAKKKKACiiigAooooAKKKKACiiigAooooAKKKKACiiigAooooAKKKKACiiigAooooAKKKKACiiigAooooAKKKKACiiigAooooAKKKKACiiigAooooAKKKKACiiigAooooAKKKKACiiigAooooAKKKKACmMGB3r17j1p9MYlG3dV7+1ACECQBkOGHf+lGRKCrDDD9KCuDvTnPUetBAkAZThh3oAAf+WcnX+dAJjO1uVPQ+lHEoKsMMP0oB/wCWcnX+dAAQYjuXlO49KCOfMj69x60AmM7W5TsfSggxncvKHqPSgA4lUMpww/SgESAowww60Ef8tI+vf3oIEoDKcMO/pQABsHy35z0PrRkxHB5TsfSgESAqwww7f1oBwdj8+h9aAAgxksvKnqKCM4kjPP8AOgExHB5TsfSggxncvKnqKADiVcjhh+lAIcFHGGH+c0EZxJGef50cSrkcMP0oAA207H5z0PrR/qjz9z+VAIkBRxhhQCVOx+c9D60ABBQ705B6igjdiRDz/Oj/AFRwfufyoIKHenIPUUAHEq+jD8waAd4KOPm/nQRuxIh5/nRxKvow/MGgADFDsfkHofWj/VH1T+VAIcFHHzfzoBKHY/IPQ+tAAQVO9OQeo9aCN4Dofmo/1R/2P5UEFTvTkHqPWgA4lXHIYfmKAd2Y3HP86CA4Dofm/nRxKuOjD8xQAAlDsbkHoaOYjkcp/KgHdmOQc/zoBKHaxyD0NAAQQd6c56j1oIEgDocMO/8ASjmI5H3P5UEEHenOeo9aADiVSCMMP0oBz+7kHP8AOggSAOhww70cSrg8MP0oAATGdrcqehoIMRyOU7j0oBz+7k6/zoBMZ2scqehoACOfMT8R60cSAMpwwoIMRyPudx6UEc+YnOeo9aADIlBVhhh+lAbny5OvY+tBAkAZThh3o4kBVhhh29KAAExHB5Q9D6UEGM7l5U9R6UA/8s5Ovr60AmI4PKdj6UABGf3kfX+dHEqhlOGH6UEGM7l5U9R6UEZ/eR9f50AAIkBRhhhQGwfLfnPQ+tHEoDKcMP0oBEgKOMMOtACZ8o4P3Ox9KUgxncoyp6igEg7H5z0PrQMxHB5TsfSgAI3YkjPP86OJVyOGH5iggxncvKnqKCN2JIzz/OgABDgo4wwoDFTsfnPQ+tHEq5HDD9KAQ4KOPmoAP9Uf9j+VBBQ705B6igEqdj856H1o/wBUf9j+VAARvxIh5/nRxKvcMPzBoIKHenIPUUEb8Oh5/nQAA78o4+b+dAJQ7H5B6GjiVfRh+YNAO8FHHP8AOgCSiiigAooooAKKKKACiiigAooooAKKKKACiiigAooooAKKKKACiiigAooooAKKKKACiiigAooooAKKKKACiiigAooooAKKKKACiiigAooooAKKKKACiiigAooooAKKKKACiiigAooooAKKKKACiiigAooooAKKKKACiiigAooooAKKKKACiiigAooooAKKKKACiiigAooooAKKKKACiiigAooooAKKKKACiiigAooooAKKKKACiiigAooooAKKKKACiiigAooooAKKKKACiiigAooooAKKKKACiiigAooooAKKKKACiiigAooooAKKKKACiiigAooooAKKKKACiiigAooooAKKKKACiiigAooooAKKKKACiiigAooooAKKKKACiiigAooooAKKKKACiiigAooooAKKKKACiiigAooooAKKKKACiiigAooooAKKKKACiiigAooooAKKKKACiiigAooooAKKKKACiiigAooooAKKKKACiiigAooooAKKKKACmF9r4YfKehp9NJUsUbuO/egBuDEcjlD1HpQVIO9PxHrQCYztY5U9D/SkIMRyOU7j0oAUgSAMpww6GjiRSrDDD9KGBB8yPn1HrQQJAGU4Yd6AAH/lnJ19fWgExna3KnofSjiRSrDDD9KAf+WcnX19aAAgxncvKHqPSgr/AMtI+vp60AmI7WOUPQ+lBBjO5eVPUelAAQJQGU4Yd/SgESAqwww7UEf8tI+vp60HEq7lOGH6UAAOD5b8+h9aBmI4PKdj6UAiQFWGGHUf1oUkHY/Oeh9aAAgxncvKnqKCM4kjPP8AOkBMRweU7H0pSDGdy8qeo/rQAcSrkcMP0oBEgKOPm/zzQRuxJGef50cSrkHDD8waAAEqdj856H1pOYjjqn8qUEOCjjDen9aASp2PznofWgAIKHenIPUUEbsSIef50nMR5+5/KlIKHenIPUUAHEq+jD8waAd4KOPm/nQRuxIh5/nRxKvcMPzBoAASh2PyD0PrScxH/Y/lSg7wUcfN/OgEodj8g9D60ABUqd6cg9R60EBwHQ/N/Ok5iPqn8qUgqd6cg9R60AHEq4PDD8waAd2Y5Bz/ADoI3gOh+b+ftRxKuDww/MGgABKHa3IPQ0mDEcj7np6UoO7Mcg5/nQCUO1zkHo39KAAqQd6c56j1oIEgDocMOh/pScxHI5T09KVgQd6c56j1oAOJVwRhh+lAOf3cg5/nQQJAHQ4Yd/6UcSrg8MP0oAATGdrcqehoIMRyPudx6UA5/dydf50AmM7W5U9DQAFefMj69x60ECQBlOGHeggxHI5TuPShgc+ZH17j1oAOJQVYYYdvSgH/AJZydex9aCBIAynDDvQCJFKsMMOo9KAAExHB5TsfSggxncvKnqPShT/yzk69j60AmI4PKdj6UABGT5kfX+dBAlUMOGH6UEGM7l5U9R6UEZ/eRnn+dAACJAUcYYUKSDsfn0PrQcSrlThh+lAIkBRxhh2/rQAgzEcHlOx9KUgxncvKnqKFJB2Sc56H1pBmI4PKdj6UAKRuxJGef50cSrkcMPzFBBjO5eVPUf1oI3YkjPP86AAEOCjj5v8APNAJU7H5z0PrRxKuRww/MGgHeCjjDf55oATmI/7H8qUgod6cg9RQCVOx+c9D60nMR9U/lQApG/Dxnn+dHEq+jD8waCCh3pyD1FBG8B4zz/OgCSiiigAooooAKKKKACiiigAooooAKKKKACiiigAooooAKKKKACiiigAooooAKKKKACiiigAooooAKKKKACiiigAooooAKKKKACiiigAooooAKKKKACiiigAooooAKKKKACiiigAooooAKKKKACiiigAooooAKKKKACiiigAooooAKKKKACiiigAooooAKKKKACiiigAooooAKKKKACiiigAooooAKKKKACiiigAooooAKKKKACiiigAooooAKKKKACiiigAooooAKKKKACiiigAooooAKKKKACiiigAooooAKKKKACiiigAooooAKKKKACiiigAooooAKKKKACiiigAooooAKKKKACiiigAooooAKKKKACiiigAooooAKKKKACiiigAooooAKKKKACiiigAooooAKKKKACiiigAooooAKKKKACiiigAooooAKKKKACiiigAooooAKKKKACiiigAooooAKKKKACiiigAooooAKKKKACiiigAooooAKKKKACmsFf5c8j9KdTHTJ3KcMOlACKc5jkAz/OgExna3KnoaOJVwQQw/SgHOY5Bz/OgAOYjkfc7j0oYHO+Pn1HrQCYztblT0NBzEcjlO49KAAgSAMpww70AiQFWGGH6UEc+YnPqPWjiQBlOGFAAD/wAs5OvY+tAJjOG5Q9D6UAiUFWGGHb0oDc+XJ17H1oACDGdy8p3HpQR/y0j6+nrQCYjg8oeh9KCDGdyjKnqPSgA4kXcpww/SgESAq4ww6igjP7yPr/OjiVQy8MP0oAFJB8uTnPQ+tJkxHB5Q9D6UoIkBRxhh1FAYg7H59D60ABBjO5eVPUf4UEZxJGef50AmI4PKdj6U9VC5x35oAZxKuQcMP0oBDgo4wwp+0bt2OaCoJBI5HSgBgJU7H5z0PrScxH/Y/lUhUMMEZFLgYx2oAjIKHenIPUUEbgHjPP8AOngBRgdKAoBOBjNADOJV9GH5g0A7wUcfN/On7Ru3Y5oKg4yOnSgBgJU7H5B6H1pOYj/sfyqQgMMEZFLjjFAEbAqd6cg9R60EbwHQ/N/OnhQowOlAUAkgdetADOJVweGH5g0A7spIBu/nT9o3bsc+tBUNjI6UAMBKHa/KnoaQ5iORyncelSEBhgjIpQMDHagCNgQd6c56j1oIEgDocMO9PChRgDAoCgEkDk9aAGcSrg8MP0oBz+7k6/zp+0Fg2OfWgqG6igBgJjO1uVPQ0EGI5HKdx6U8gEYIyKAABgdKAGMDnfH17j1oOJAGU4Yd6eFC9BigKAxIHJ60AMBEgKsMMOvtQp58uTr2PrTyoJBxyO9DKGGCM0AMBMRweUPQ+lBBjO5eV7j0p5AIwelCrtGB0oAYwz+8j6/zo4lXcpww/SnKoUnHQ9qNo3bhwe9ADQRICjjDDrQCQdknOeh9acyhiD3HQ0rKGGDQAzJiODynY+lBBjO5eVPUU/HGDzQq7RgdKAGEbsSRnn+dHEq5HDD8wacFCkkcZ6ijaN24cGgBoIcFHHzelAJU7H5z0PrTmUNgnqOhpSoZcMM0AR8xH/Y/lSkFDvTkHqKeBxg80Ku0YHSgBaKKKACiiigAooooAKKKKACiiigAooooAKKKKACiiigAooooAKKKKACiiigAooooAKKKKACiiigAooooAKKKKACiiigAooooAKKKKACiiigAooooAKKKKACiiigAooooAKKKKACiiigAooooAKKKKACiiigAooooAKKKKACiiigAooooAKKKKACiiigAooooAKKKKACiiigAooooAKKKKACiiigAooooAKKKKACiiigAooooAKKKKACiiigAooooAKKKKACiiigAooooAKKKKACiiigAooooAKKKKACiiigAooooAKKKKACiiigAooooAKKKKACiiigAooooAKKKKACiiigAooooAKKKKACiiigAooooAKKKKACiiigAooooAKKKKACiiigAooooAKKKKACiiigAooooAKKKKACiiigAooooAKKKKACiiigAooooAKKKKACiiigAooooAKKKKACiiigAooooAKKKKACiiigAooooAKKKKACiiigAooooAKY4YHevPqPWn0xmKNu6r39qAEIEgDocMO/9KOJVweGH6UFSDvTnPUetBAkAdDhh/nFAADn93IOf50AmM7W5U9DRxKuDww/SgHOY5Bz/ADoACDEcjlO49KCOfMTn1HrQCYztblexowYjkfcPUelAAQJAGU4Yd6ARKCrDDD9KCvPmR9+o9aCBIAynDDvQAA8+XJ19fWgExHDcp2PpRxKCrDDDt6UA/wAEnX19aAAgxncvKnqPSgjP7yPr/OgExHBOU7H0oIMZ3Lyp6j0oAOJQGU4YfpQCJAVcYYdv60Fc/vI+v86MCUBlOGH6UAAODsk5z0PrT1XauB07UwESAq4ww7U9QQuGOT60ALRRRQAUUUUAFFFFABRRRQAUUUUAFFFFABRRRQAUUUUAFFFFABRRRQAUUUUAFFFFABRRRQAUUUUAFFFFABRRRQAUUUUAFFFFABRRRQAUUUUAFFFFABRRRQAUUUUAFFFFABRRRQAUUUUAFFFFABRRRQAUUUUAFFFFABRRRQAUUUUAFFFFABRRRQAUUUUAFFFFABRRRQAUUUUAFFFFABRRRQAUUUUAFFFFABRRRQAUUUUAFFFFABRRRQAUUUUAFFFFABRRRQAUUUUAFFFFABRRRQAUUUUAFFFFABRRRQAUUUUAFFFFABRRRQAUUUUAFFFFABRRRQAUUUUAFFFFABRRRQAUUUUAFFFFABRRRQAUUUUAFFFFABRRRQAUUUUAFFFFABRRRQAUUUUAFFFFABRRRQAUUUUAFFFFABRRRQAUUUUAFFFFABRRRQAUUUUAFFFFABRRRQAUUUUAFFFFABRRRQAUUUUAFFFFABRRRQAUUUUAFFFFABRRRQAUUUUAFFFFABRRRQAUUUUAFFFFABRRRQAUUUUAFFFFABRRRQAUUUUAFFFFABRRRQAUUUUAFFFFABRRRQAUUUUAFFFFABRRRQAUUUUAFFFFABRRRQAUUUUAFNLbXww4PQ06mkqxKN3H50AMwYjkcp6elKVIO9Oc9R60AlDtY5B6Gk5iORynp6UAKQJAHQ4YUcSrg8MP0oYEHenOeo9aCBIA6HDD/OKAAHP7uQc/zoBMZ2typ6GjiVcHhh+lAOf3cnX+dAAQYjkcoeo9KGXnzI+vcetAJjO1uVPQ0EGI5HKHqPSgAIEgDKcMO9HEqlWGGH6UMpzvj69x60ECRQynDCgAB/5ZycnsfWgExHB5Q9D6UAiRSrDDDr7UKefLk69j60ABBjO5eVPUelBGT5kfX+dAJiO08oeh9KCDGdy8qeo9KAAgSqGU4YfpT1JK/MMHvTCM/vIzz/OnqwZcigBaKKKACiiigAooooAKKKKACiiigAooooAKKKKACiiigAooooAKKKKACiiigAooooAKKKKACiiigAooooAKKKKACiiigAooooAKKKKACiiigAooooAKKKKACiiigAooooAKKKKACiiigAooooAKKKKACiiigAooooAKKKKACiiigAooooAKKKKACiiigAooooAKKKKACiiigAooooAKKKKACiiigAooooAKKKKACiiigAooooAKKKKACiiigAooooAKKKKACiiigAooooAKKKKACiiigAooooAKKKKACiiigAooooAKKKKACiiigAooooAKKKKACiiigAooooAKKKKACiiigAooooAKKKKACiiigAooooAKKKKACiiigAooooAKKKKACiiigAooooAKKKKACiiigAooooAKKKKACiiigAooooAKKKKACiiigAooooAKKKKACiiigAooooAKKKKACiiigAooooAKKKKACiiigAooooAKKKKACiiigAooooAKKKKACiiigAooooAKKKKACiiigAooooAKKKKACiiigAooooAKKKKACiiigAooooAKKKKACiiigAooooAKKKKACiiigAooooAKKKKACiiigAprKH4zyO/pTqY6kncvDD9aAEB3ZjkHP86ASh2vyp6GjiVcHIYfmDQDuzHIOf50AIcxHI5T09KUgg705z1HrQCUO1uVPQ0HMRyPud/agAIEgDocMO9HEq4Iww/Sggg705z1HrQQJAHQ4Yd/6UAAOf3cnX+dAJjO1uVPQ+lGRKuCMMP0oBz+7kHP86AAgxHI5TuPShhz5kfXuPWgExna3Knof6UEGI5AyncelAAQJAGU4Yd6ARICrDDD9KCP+WkfPqPWjAkAZThh3oAFbny5OvY+tAJiODyh6H0oBEgKsMMO3pQG58uTr2PrQAEGM7l5XuPSnggjI6GmAmI4PKHofSngADA6UALRRRQAUUUUAFFFFABRRRQAUUUUAFFFFABRRRQAUUUUAFFFFABRRRQAUUUUAFFFFABRRRQAUUUUAFFFFABRRRQAUUUUAFFFFABRRRQAUUUUAFFFFABRRRQAUUUUAFFFFABRRRQAUUUUAFFFFABRRRQAUUUUAFFFFABRRRQAUUUUAFFFFABRRRQAUUUUAFFFFABRRRQAUUUUAFFFFABRRRQAUUUUAFFFFABRRRQAUUUUAFFFFABRRRQAUUUUAFFFFABRRRQAUUUUAFFFFABRRRQAUUUUAFFFFABRRRQAUUUUAFFFFABRRRQAUUUUAFFFFABRRRQAUUUUAFFFFABRRRQAUUUUAFFFFABRRRQAUUUUAFFFFABRRRQAUUUUAFFFFABRRRQAUUUUAFFFFABRRRQAUUUUAFFFFABRRRQAUUUUAFFFFABRRRQAUUUUAFFFFABRRRQAUUUUAFFFFABRRRQAUUUUAFFFFABRRRQAUUUUAFFFFABRRRQAUUUUAFFFFABRRRQAUUUUAFFFFABRRRQAUUUUAFFFFABRRRQAUUUUAFFFFABRRRQAUUUUAFFFFABRRRQAUUUUAFFFFABRRRQAUUUUAFFFFABRRRQAUUUUAFIQQcj8qWigBjLu+dDhhScSrg8MPzBpxGDkfiKRl3fMvDCgBAd2Y5Bz/OgEodrcg9DRxKuDww/MGgHdmOQc/wA6AA/ujkfc7j0oIIO9Oc9R60AlDtblT0NGDEcjlD29KAAgSAOhww6H/GjiVSDww/SgqQd6c56j1oIEgDocMOn/ANegABz+7kxn+dAJjO1jlT0NHEq4Iww/SgHP7uQc/wA6AAgxHI+53HpQRz5kf4j1oBMZ2tyvY+lBBiOR9w9R6UAHEgDKcMO9AIkBVhhh+lBHPmR9e49aCBIAynDDoaAAHny5OvY+tPVdq4zkUziQFWGGHb0p67guGOT60ALRRRQAUUUUAFFFFABRRRQAUUUUAFFFFABRRRQAUUUUAFFFFABRRRQAUUUUAFFFFABRRRQAUUUUAFFFFABRRRQAUUUUAFFFFABRRRQAUUUUAFFFFABRRRQAUUUUAFFFFABRRRQAUUUUAFFFFABRRRQAUUUUAFFFFABRRRQAUUUUAFFFFABRRRQAUUUUAFFFFABRRRQAUUUUAFFFFABRRRQAUUUUAFFFFABRRRQAUUUUAFFFFABRRRQAUUUUAFFFFABRRRQAUUUUAFFFFABRRRQAUUUUAFFFFABRRRQAUUUUAFFFFABRRRQAUUUUAFFFFABRRRQAUUUUAFFFFABRRRQAUUUUAFFFFABRRRQAUUUUAFFFFABRRRQAUUUUAFFFFABRRRQAUUUUAFFFFABRRRQAUUUUAFFFFABRRRQAUUUUAFFFFABRRRQAUUUUAFFFFABRRRQAUUUUAFFFFABRRRQAUUUUAFFFFABRRRQAUUUUAFFFFABRRRQAUUUUAFFFFABRRRQAUUUUAFFFFABRRRQAUUUUAFFFFABRRRQAUUUUAFFFFABRRRQAUUUUAFFFFABRRRQAUUUUAFFFFABRRRQAUUUUAFFFFABRRRQAUUUUAFFFFABTSCDkfiKdRQAxl3YdThhScSrg8MPzBpxBByPxFIy7vnQ4YUAIDuzHIOf50AlDtY5U9D/SjiVcHhh+YoB3ZSQc/wA6AEwYjkfc7j0pSpB3x856j1oBKHaxyp6GkOYjkcoeo9KAFIEgDocMO/8ASjiVcMMMP0oYEHenPqPWggSAOhww7/0oAAc/u5Ov86ATGdrcqeh9KOJVIPDD9KAc/u5Ov86AAgxHK8p3HpQV58yPr3HrQCYztblT0NBBiORyh6j0oACBIAynDDoaepJXkYPemMOfMj69x609WDLkUALRRRQAUUUUAFFFFABRRRQAUUUUAFFFFABRRRQAUUUUAFFFFABRRRQAUUUUAFFFFABRRRQAUUUUAFFFFABRRRQAUUUUAFFFFABRRRQAUUUUAFFFFABRRRQAUUUUAFFFFABRRRQAUUUUAFFFFABRRRQAUUUUAFFFFABRRRQAUUUUAFFFFABRRRQAUUUUAFFFFABRRRQAUUUUAFFFFABRRRQAUUUUAFFFFABRRRQAUUUUAFFFFABRRRQAUUUUAFFFFABRRRQAUUUUAFFFFABRRRQAUUUUAFFFFABRRRQAUUUUAFFFFABRRRQAUUUUAFFFFABRRRQAUUUUAFFFFABRRRQAUUUUAFFFFABRRRQAUUUUAFFFFABRRRQAUUUUAFFFFABRRRQAUUUUAFFFFABRRRQAUUUUAFFFFABRRRQAUUUUAFFFFABRRRQAUUUUAFFFFABRRRQAUUUUAFFFFABRRRQAUUUUAFFFFABRRRQAUUUUAFFFFABRRRQAUUUUAFFFFABRRRQAUUUUAFFFFABRRRQAUUUUAFFFFABRRRQAUUUUAFFFFABRRRQAUUUUAFFFFABRRRQAUUUUAFFFFABRRRQAUUUUAFFFFABRRRQAUUUUAFGecUUx1JO5fvD9aAH0U1HDD0I6j0p1ABTSCDkfiPWnUUAMZd2HQ4YUnEq4PDD8xTiCDkfiPWkK7sOpwwoAQHdmOQc/zoBKHa3KnoaOJVweGH5igHdmOQc/zoATmI5HKdx6UrAg705z1HrQCYztblT0NBzEcjlO49KAAgSAOhww6UDEqkEYYfpQRg705z1HrQQJAHQ4YUAAOf3cg5/nQCYztblT0NAIlUgjDD9KAckxyDn+dAAQYjkDKHqPSnjBGR0NMBMZCtyp6H0p4UKMDpQAtFFFABRRRQAUUUUAFFFFABRRRQAUUUUAFFFFABRRRQAUUUUAFFFFABRRRQAUUUUAFFFFABRRRQAUUUUAFFFFABRRRQAUUUUAFFFFABRRRQAUUUUAFFFFABRRRQAUUUUAFFFFABRRRQAUUUUAFFFFABRRRQAUUUUAFFFFABRRRQAUUUUAFFFFABRRRQAUUUUAFFFFABRRRQAUUUUAFFFFABRRRQAUUUUAFFFFABRRRQAUUUUAFFFFABRRRQAUUUUAFFFFABRRRQAUUUUAFFFFABRRRQAUUUUAFFFFABRRRQAUUUUAFFFFABRRRQAUUUUAFFFFABRRRQAUUUUAFFFFABRRRQAUUUUAFFFFABRRRQAUUUUAFFFFABRRRQAUUUUAFFFFABRRRQAUUUUAFFFFABRRRQAUUUUAFFFFABRRRQAUUUUAFFFFABRRRQAUUUUAFFFFABRRRQAUUUUAFFFFABRRRQAUUUUAFFFFABRRRQAUUUUAFFFFABRRRQAUUUUAFFFFABRRRQAUUUUAFFFFABRRRQAUUUUAFFFFABRRRQAUUUUAFFFFABRRRQAUUUUAFFFFABRRRQAUUUUAFFFFABRRRQAUUUUAFFFFABRRRQAUxtynevI7in0xmKNk/cPf0oAQjdh0PP8AOnK4YehHUelNKlDvTkHqKCN2HQ8/zoAkopqsGHoR1HpTqACmkEHI/EetOooAYy7sOpwwpOJVweGH5g04gg5H4j1pGXdh1OGFACA7sxyDn+dAJjO1uVPQ0cSrg8MPzBoB3ZjkHP8AOgA/1RyPudx6UEYPmJznqPWgExna3Knof6UYMRyPudx6UABAkAdDhh3o4lGGGGH6UFSDvTnPUetBAkAdDhh3/pQAA5/dydf509V2rjOaZxKpVhhh+lPXdtw3X1oAWiiigAooooAKKKKACiiigAooooAKKKKACiiigAooooAKKKKACiiigAooooAKKKKACiiigAoopAQTjuKAFopMjOO9BIHWgBaKQnAyaXPGRQAUUgII4oBBOO4oAWikyM470EgdaAFooJwM0ZyMigAopAQelAIJx3oAWiiigAooooAKKKKACiiigAooooAKKKKACiiigAooooAKKKKACiiigAooooAKKKKACiiigAooooAKKKKACiiigAooooAKKKKACiiigAooooAKKKKACiiigAooooAKKKKACiiigAooooAKKKKACiiigAooooAKKKKACiiigAooooAKKKKACiiigAooooAKKKKACiiigAooooAKKKKACiiigAooooAKKKKACiiigAooooAKKKKACiiigAooooAKKKKACiiigAooooAKKKKACiiigAooooAKKKKACiiigAooooAKKKKACiiigAooooAKKKKACiiigAooooAKKKKACiiigAooooAKKKKACiiigAooooAKKKKACiiigAooooAKKKKACiiigAooooAKKKKACiiigAooooAKKKKACiiigAooooAKKKKACiiigAooooAKKKKACiiigAooooAKKKKACiiigAooooAKKKKACiiigAooooAKKKKACiiigAooooAKKKKACmlgH2sOD0p1NbaxKGgBnMR9U/lSkFDvTkHqKFJU7H5z0PrScxH1T+VACkbgHQ8/zpysGHoR1HpTSCh3pyD1FBG4B0PP86AJKKajhh6EdR6U6gAppBB3L+I9adRQBGy7sOhwwo4lXB4YfmDTiCDuX8R60jLuwyHDCgBAd2Y5Bz/OgExna3KnoaOJVweGH5igHdmOQc/zoATBiORyncelKykHfH36j1oBMZ2typ6GkIMRyOU7j0oAUgSAOhww6f8A16epJXJGD3FMYEHenOeo9aerBlBFAC0UUUAFFFFABRRRQAUUUUAFFFFABRRRQAUUUUAFFFFABRRRQAUUUUAFFFFABRRRQAUUUUANfcMMvOOo9aaQJAHQ4YdP/r052KYOPl7+1NYEHenOeo9aADiVcHhh+YoBzmOQDP8AOggSAOhww6GjiVcEYYfmKAAExnaxyp6H/GkIMRyOU7j0pQc5jkHP86ATGdrcqehoAGUg74+fUetBAkAZThh0NBzEcjlD1HpQwIPmR8+o9aADiVSrDDD9KAf+WcnX+dBAkAZThh0NAIkUqwww/SgABMR2tyh6H0oIMZ3Lyh6j0oU/8s5OvY+tAJiO1uUPQ+lAAR/y0j6+nrQcSqGU4YfpQQYzuXlD1HpQw/5aR9fT1oAkooooAKKKKACiiigAooooAKKKKACiiigAooooAKKKKACiiigAooooAKKKKACiiigAooooAKKKKACiiigAooooAKKKKACiiigAooooAKKKKACiiigAooooAKKKKACiiigAooooAKKKKACiiigAooooAKKKKACiiigAooooAKKKKACiiigAooooAKKKKACiiigAooooAKKKKACiiigAooooAKKKKACiiigAooooAKKKKACiiigAooooAKKKKACiiigAooooAKKKKACiiigAooooAKKKKACiiigAooooAKKKKACiiigAooooAKKKKACiiigAooooAKKKKACiiigAooooAKKKKACiiigAooooAKKKKACiiigAooooAKKKKACiiigAooooAKKKKACiiigAooooAKKKKACiiigAooooAKKKKACiiigAooooAKKKKACiiigAooooAKKKKACiiigAooooAKKKKACiiigAooooAKKKKACiiigAooooAKKKKACiiigAprqH6HDDofSnUx1Ody/eH60AICHBRxhvT+tAJU7H5B6H1o4lXI4YfmDQCHBRx81ABzEf+mf8qCCh3pyD1FAJU7H5B6H1o5iP+x/KgAI3AOh5/nTkcMPQjqPSmkFDvTkHqKCN4Doef50ASUU1HDD0I6j0p1ABTSCDuX8R606igBjDd86HDCk4lXB4YfmDTiCDuX8R60hG/DqcMKAEBzmOQc/zoBMZ2typ6H+lHEq4PDD8xQDuzHIOf50AIcxHI+53HpUgxjI6GmAmM7W5U9DT1UKMDpQAtFFFABRRRQAUUUUAFFFFABRRRQAUUUUAFFFFABRRRQAUUUUAFFFFABRRRQAUUUUAFFFFADWYAgHvTeYjx9z+VPbaflPemAlDsbkHoaAAgg705z1HrQQJAHQ4Yd/6Un+qOeqfypSCp3pznqPWgA4lXBGGH6UA5zHIOf50ECQB0OG/zxRxKuDww/MUAAJjO1uVPQ/0oOYjkcp3HpQDnMcg5/nQCYztblT0NAAQQd8fOeo9aCBIAynDDpQQYjkcp3HpQRz5ic+o9aAAESKVYYYdvSgH/lnJ17H1owJAGU4Yd6ARKCrDDDt6UAAJiO1uUPQ+lBBjO5RlO49KAefLk69j60AmI7W5TsfSgCSiiigAooooAKKKKACiiigAooooAKKKKACiiigAooooAKKKKACiiigAooooAKKKKACiiigAooooAKKKKACiiigAooooAKKKKACiiigAooooAKKKKACiiigAooooAKKKKACiiigAooooAKKKKACiiigAooooAKKKKACiiigAooooAKKKKACiiigAooooAKKKKACiiigAooooAKKKKACiiigAooooAKKKKACiiigAooooAKKKKACiiigAooooAKKKKACiiigAooooAKKKKACiiigAooooAKKKKACiiigAooooAKKKKACiiigAooooAKKKKACiiigAooooAKKKKACiiigAooooAKKKKACiiigAooooAKKKKACiiigAooooAKKKKACiiigAooooAKKKKACiiigAooooAKKKKACiiigAooooAKKKKACiiigAooooAKKKKACiiigAooooAKKKKACiiigAooooAKKKKACiiigAooooAKKKKACiiigAooooAKKKKACmNuU7hyO4p9MZijc/dPf0oAQjdiSMjP8AOjiVcjhh+YNBBjO5RkHqP60EbsSRnn+dAACHBRx81AJU7H5B6H1o4lXI4YfmKAQ4KOPmoAP9Uf8AY/lQQUO9OQeooBKnY/IPQ+tHMR9U/lQAEbwHQ8/zpyuGHoR1HpTSCh3pyD1FBG8B0PzfzoAkopqOGHoR1FOoAKaQQdy/iPWnUUARkb8Ohwwo4lXB4YfmKcQQdy/iPWmld+HU4YUAAOcxyDn+dPUbVxnOKZxKuDww/MU9d235utAC0UUUAFFFFABRRRQAUUUUAFFFFABRRRQAUUUUAFFFFABRRRQAUUUUAFFFFABRRRQAUUUUANdA49D2PpTQd2Y5Bz/OnOpOCpww6U3iVeeGH5g0AAJQ7G5B6Gj/AFRyPufyoB3ZjkHP86ASh2tyD0NAAVIO9Oc9R60ECQB0OGFJgxHjlPT0pSpB3pznqPWgA4lXB4YfpQDn93IOf50ECQB0OGFHEq4PDD9KAAExna3KnoaCDEcj7ncelAOcxyDn+dAJjO1uVPQ0ABHPmR8+o9aCBIAynDDvQQYjkcp3HpQynO9OvcetABkSgqwww7elAP8Ayzk69j60ECQBlOGHSjiVSrDDD9KAJKKKKACiiigAooooAKKKKACiiigAooooAKKKKACiiigAooooAKKKKACiiigAooooAKKKKACiiigAooooAKKKKACiiigAooooAKKKKACiiigAooooAKKKKACiiigAooooAKKKKACiiigAooooAKKKKACiiigAooooAKKKKACiiigAooooAKKKKACiiigAooooAKKKKACiiigAooooAKKKKACiiigAooooAKKKKACiiigAooooAKKKKACiiigAooooAKKKKACiiigAooooAKKKKACiiigAooooAKKKKACiiigAooooAKKKKACiiigAooooAKKKKACiiigAooooAKKKKACiiigAooooAKKKKACiiigAooooAKKKKACiiigAooooAKKKKACiiigAooooAKKKKACiiigAooooAKKKKACiiigAooooAKKKKACiiigAooooAKKKKACiiigAooooAKKKKACiiigAooooAKKKKACiiigAooooAKKKKACiiigAooooAKaWG7aw69PenU1tr5Q9etADBmI4PKdj6UpBQ715B6ihWIOx+c9D60nMRweU7H0oAUjdiSM8/wA6OJVyOGH5g0EFDuXkHqP60EbsSRnn+dAACHBRx8386ASp2PznofWjiVcjhh+YNAO8FHHzf55oAT/VH1T+VKVKHenIPUetCkqdj8g9D60nMR9U/wDQaAFI34dD8386cjhh6EdR6U0god6cg9V9aCN4Doef50ASUU1HDD0I6j0p1ABTSCDuX8R606igCNl34dDhhT1O5ckYPcUhBB3L+I9aUEMMigBaKKKACiiigAooooAKKKKACiiigAooooAKKKKACiiigAooooAKKKKACiiigAooooAKKKKAGvuGGXnHUU0jeA6H5v50522YJHy9z6U0gqd6cg9R60AHEq+jD8waAd2Y5Bz/ADoI3gOh+b+dHEq9ww/MGgABKHaxyD0NJ/qjkcoe3pSg7sxyDn+dAJQ7X5B6H+lAAVIO9Oc9R60ECQB0OGHf+lJzEcjlP5UrAg705z1HrQAcSrg8MP0oBzmOTr/OggSAOhww7/0o4lUg8MP0oAATGdrcqeh/pSEGI5HKHqPSlBz+7kHP86ATGdrHKnof6UABXnzI/wAR60ECQBlOGHQ0EGI5HKdx6UMDnzI+fUetAElFFFABRRRQAUUUUAFFFFABRRRQAUUUUAFFFFABRRRQAUUUUAFFFFABRRRQAUUUUAFFFFABRRRQAUUUUAFFFFABRRRQAUUUUAFFFFABRRRQAUUUUAFFFFABRRRQAUUUUAFFFFABRRRQAUUUUAFFFFABRRRQAUUUUAFFFFABRRRQAUUUUAFFFFABRRRQAUUUUAFFFFABRRRQAUUUUAFFFFABRRRQAUUUUAFFFFABRRRQAUUUUAFFFFABRRRQAUUUUAFFFFABRRRQAUUUUAFFFFABRRRQAUUUUAFFFFABRRRQAUUUUAFFFFABRRRQAUUUUAFFFFABRRRQAUUUUAFFFFABRRRQAUUUUAFFFFABRRRQAUUUUAFFFFABRRRQAUUUUAFFFFABRRRQAUUUUAFFFFABRRRQAUUUUAFFFFABRRRQAUUUUAFFFFABRRRQAUUUUAFFFFABRRRQAUUUUAFFFFABRRRQAUUUUAFFFFABRRRQAUUUUAFFFFABRRRQAUUUUAFNdQ3Q4YdDTqY6nO9fvenrQAgIkBRxhh2/rQGIOx+c9D60cSrkHDD9KARICjjDDqKAE5iOD9zsfSlIKHcvKnqKAxB2PznofWj/AFRwfudvagAI3YkjPP8AOjiVcjIYfmDQQUO5eQeooI3YkjPP86AAHeCjj5qASp2PyD0PrRxKuRww/MGgEOCjj5v50AJzEfVP5UrAod6cg9RQGKnY/IPQ+tJ/qj/sfyoAUjeA6Hn+dORww9COo9KaQVO9OQeo9aCN4Dofm/nQBJRTUcMPQjqKdQAUUUUAFFFFABRRRQAUUUUAFFFFABRRRQAUUUUAFFFFABRRRQAUUUUAFFFFABRRRQAUUUUAFFFFADWYAgHvTOYj6p/KpGCsNp70wEodj8g9D60ABBU705B6j1oIDgOh+b+dH+qP+x/Kggqd6cg9R60AHEq4PDD8waAd2Y5Bz/OggOA6H5qOJVweGH5g0AAJQ7W5B6Gk5iORyn8qUHdmOQc/zoBKHa3IPQ0ABBB3pznqPWggSAOhww6f/Xo5iORynp6UEEHenOeo9aADiVSDww/SgHOY5AM/zoIEgDocMOhoyJVwRhh+lAACYztblT0NBBiORyncelAOcxyDn+dAJjO1uVPQ0ASUUUUAFFFFABRRRQAUUUUAFFFFABRRRQAUUUUAFFFFABRRRQAUUUUAFFFFABRRRQAUUUUAFFFFABRRRQAUUUUAFFFFABRRRQAUUUUAFFFFABRRRQAUUUUAFFFFABRRRQAUUUUAFFFFABRRRQAUUUUAFFFFABRRRQAUUUUAFFFFABRRRQAUUUUAFFFFABRRRQAUUUUAFFFFABRRRQAUUUUAFFFFABRRRQAUUUUAFFFFABRRRQAUUUUAFFFFABRRRQAUUUUAFFFFABRRRQAUUUUAFFFFABRRRQAUUUUAFFFFABRRRQAUUUUAFFFFABRRRQAUUUUAFFFFABRRRQAUUUUAFFFFABRRRQAUUUUAFFFFABRRRQAUUUUAFFFFABRRRQAUUUUAFFFFABRRRQAUUUUAFFFFABRRRQAUUUUAFFFFABRRRQAUUUUAFFFFABRRRQAUUUUAFFFFABRRRQAUUUUAFFFFABRRRQAUUUUAFFFFABRRRQAUUUUAFFFFABRRRQAUxtytuHK9xT6YzFW5+6e/pQAhGf3kZGf50cSrkHDD9KCDGdy8qeo/rQRn95Gef50AAIkBRxhh/nNAJB2PznofWjAlXI4YfpQCJAUcYYf5zQAcxHB+56+lBBQ7k5B6igEg7H5z0PrRzEcH7n8qAAjdiSM8/wA6OJV44YfmDQQUO5OQeooI3YkjPP8AOgABDgo4+b+fvQCVOx+Qeh9aOJV9GH5g0A7wUcfNQAf6o/7H8qCCp3pyD1HrQCVOx+Qeh9aOYj/sfyoACA+HQ/N/OnI4YehHUelNIKnenIPUetBAfDofm/nQBJRTUfcPQjqPSnUAFFFFABRRRQAUUUUAFFFFABRRRQAUUUUAFFFFABRRRQAUUUUAFFFFABRRRQAUUUUAFFFFADXQMPQjofSmghwUcfN/OnOpOCp5H603iVfRh+YNAACUOx+Qeh9aP9Uf9j+VAO8FHHP86ASh2PyD0NAAQVO9OQeo9aCA4Dofmo5iP+x/Kggqd6cg9R60AHEq4PDD8waAd2Y5Bz/OggOA6H5qOJVweGH5g0AAJQ7W5U9D/SjmI5H3O49KAd2Y5Bz/ADoBKHa3KnoaAAgg705z1HrQQJAHQ4Yd/wClJgxHI+53HpSlSDvTnPUetABxKuCMMP0oBz+7kHP86CBIA6HDDv8A0o4lXB4YfpQBJRRRQAUUUUAFFFFABRRRQAUUUUAFFFFABRRRQAUUUUAFFFFABRRRQAUUUUAFFFFABRRRQAUUUUAFFFFABRRRQAUUUUAFFFFABRRRQAUUUUAFFFFABRRRQAUUUUAFFFFABRRRQAUUUUAFFFFABRRRQAUUUUAFFFFABRRRQAUUUUAFFFFABRRRQAUUUUAFFFFABRRRQAUUUUAFFFFABRRRQAUUUUAFFFFABRRRQAUUUUAFFFFABRRRQAUUUUAFFFFABRRRQAUUUUAFFFFABRRRQAUUUUAFFFFABRRRQAUUUUAFFFFABRRRQAUUUUAFFFFABRRRQAUUUUAFFFFABRRRQAUUUUAFFFFABRRRQAUUUUAFFFFABRRRQAUUUUAFFFFABRRRQAUUUUAFFFFABRRRQAUUUUAFFFFABRRRQAUUUUAFFFFABRRRQAUUUUAFFFFABRRRQAUUUUAFFFFABRRRQAUUUUAFFFFABRRRQAUUUUAFFFFABRRRQAUUUUAFFFFABTSw3bGHXp706msFfKHrQA0ExHB5Q9D6UEGM7l5U9RQrHOyT8D60AmI4PKdj6UABGcSRnn+dHEq5HDD9KCDGdy8qeooIz+8jPP8AOgABEgKOMN6UAkHY/Oeh9aOJVyOGH6UAiQFHGGH+c0AJzEcHlP5UpBQ705B6ihSQdj856H1pOYjg8p/KgBSN2JIz8386OJV9GH5g0EFDuTkHqKCN2JIzz/OgAB3go4+b+dAJU7H5B6H1o4lX0YfmDQDvBRx8386AE5iP+x/KlKlTvTkHqPWhSVOx+Qeh9aTmI+qfyoAUjeA6H5v505HDD0I6j0prAqd6cg9R60EbwHQ/NQBJRTUcOPQjqKdQAUUUUAFFFFABRRRQAUUUUAFFFFABRRRQAUUUUAFFFFABRRRQAUUUUAFFFFABRRRQA1yy4IGQOoppG7EiH5v505n2YJHy9z6U0god6cg9RQAcSr6MPzBoB3go4+b+dBG4B0Pzfzo4lXuGH5g0ACkodj8g9D60n+qPqn8qUHeCjj5v50AlDsfkHoaABgVO9Oc9R60EBwHQ/NScxH1T+VKwKnenIPUetABxKuDww/MGgHdmOQc/zoI3gOh+b/PFHEq4PDD8waAAExna3KnoaTBiORyncelKDuzHIOf50AlDtY5U9D/SgAZSDvTnPUetBAkAdDhhScxHI5TuPSlYEHenOeo9aAJKKKKACiiigAooooAKKKKACiiigAooooAKKKKACiiigAooooAKKKKACiiigAooooAKKKKACiiigAooooAKKKKACiiigAooooAKKKKACiiigAooooAKKKKACiiigAooooAKKKKACiiigAooooAKKKKACiiigAooooAKKKKACiiigAooooAKKKKACiiigAooooAKKKKACiiigAooooAKKKKACiiigAooooAKKKKACiiigAooooAKKKKACiiigAooooAKKKKACiiigAooooAKKKKACiiigAooooAKKKKACiiigAooooAKKKKACiiigAooooAKKKKACiiigAooooAKKKKACiiigAooooAKKKKACiiigAooooAKKKKACiiigAooooAKKKKACiiigAooooAKKKKACiiigAooooAKKKKACiiigAooooAKKKKACiiigAooooAKKKKACiiigAooooAKKKKACiiigAooooAKKKKACiiigAooooAKKKKACiiigAooooAKY67uQcMOhp9MdSDvXr6etACAiQFXGGHb+tAY58uT8D60cSjcpww7+lAIkBVhhh2oAMmI4P3Ox9KCDGdyjKnqKA2D5b856H1oyYjg8p2PpQAEZ/eRnn+dHEq5HDD9KCDGdyjKnqKCM4kjPP8AOgABEgKOMMO39aAxB2PznofWjiVcjhh+YoBEgKOMMO39aAE5iOD9z19KUgod6cg9RQCVOx+c9D60f6o8/c/lQAEbsSRnn+dHEq+jD8waCCh3ryD1FBG7EiHn+dAADvBRx8386AxU7H5B6H1o4lX0YfmDQCHyjj5v5+9ACcxH1T+VKwKHenIPUetAJQ7H5B6H1pP9Uf8AY/8AQaAFIDgOh+b/ADxTkcOPQjqPSmkFTvTkHqPWggOA6Hn+ftQBJRTUcMPQjqPSnUAFFFFABRRRQAUUUUAFFFFABRRRQAUUUUAFFFFABRRRQAUUUUAFFFFABRRRQA1mAIU96ZzEcfwfyqRgrDae9MBKnY/Oeh9aAAgod6DIPUCgjdiRD8386T/VH/Y/lSkFDvQZB6igA4lX0YfmDQDvyjjn+dBAcCSM8/zo4lX0YfmDQABih2PyD0NJzEf9j+VKCHyjj5v50AlDsfkHofWgAIKnenOeo9aCA4Dofm/zxSf6o/7H8qUgqd6c56j1oAOJVweGH5g0A7sxyDn+dBAcB0Pzf54o4lXB4YfmKAAEodrcqeh/pSHMRyOU7j0pQd2Y5Bz/ADoBMZ2typ6GgCSiiigAooooAKKKKACiiigAooooAKKKKACiiigAooooAKKKKACiiigAooooAKKKKACiiigAooooAKKKKACiiigAooooAKKKKACiiigAooooAKKKKACiiigAooooAKKKKACiiigAooooAKKKKACiiigAooooAKKKKACiiigAooooAKKKKACiiigAooooAKKKKACiiigAooooAKKKKACiiigAooooAKKKKACiiigAooooAKKKKACiiigAooooAKKKKACiiigAooooAKKKKACiiigAooooAKKKKACiiigAooooAKKKKACiiigAooooAKKKKACiiigAooooAKKKKACiiigAooooAKKKKACiiigAooooAKKKKACiiigAooooAKKKKACiiigAooooAKKKKACiiigAooooAKKKKACiiigAooooAKKKKACiiigAooooAKKKKACiiigAooooAKKKKACiiigAooooAKKKKACiiigAooooAKKKKACiiigAooooAKKKKACmMWQ7uq9xT6YzbW+b7p7+lACEc+ZH19PWggSqGU4YfpQQYjuXlD1HpQV58yPr396ADIkBRhhh1oBwfLfnPQ+tBAlUMpww/SgESAqwwwoAATEcHlOx9KCDGdy8qeooUkHY/PofWgZiODynY+lAARnEkZ5/nRxKuQcMPzFBBjO5eVPUUEZxJGef50AAIkBRxhh2/rQCVOx+c9D60cSrkHDD8xQCJAUcfNQAcxHB+5/Kggod68g9RQCVOx+c9D60nMRx1T+VACkbsSRnn+dHEq+jD8waCCh3pyD1FBG7Dxn5v50AAO8FHHzfzoBKHY/IPQ+tHEq+jD8waAQ4KOOf50AJ/qj/ALH8qUgqd6cg9R60AlTsfkHofWk/1R/2P5UAKQHAdD8386cjhh6EdRTSpU705B6j1oIDgOh+agCSimo+4ehHUU6gAooooAKKKKACiiigAooooAKKKKACiiigAooooAKKKKACiiigAooooAa6bh1wR0NNBDgo4+b/AD0pzhuCp5Hb1pvEq5HDD8xQAAlTsfnPQ+tJ/qj6p/KlBDgo4+agEqdj856H1oACCh3pyD1FBG7Dofm/nSf6o/7H8qUgod6cg9RQAcSr6MPzBoB35Rx8386CN2HQ/N/OjiVfRh+YNAACUOx+Qeho/wBUf9j+VAO8FHHzfzoBKHY/IPQ0ABBU705B6j1oIDgOh+Yf5xScxH/Y/lSkFTvTnPUetABxKuDww/MUA7sxyAZ/nQQHAdDhqOJVweGH5g0ASUUUUAFFFFABRRRQAUUUUAFFFFABRRRQAUUUUAFFFFABRRRQAUUUUAFFFFABRRRQAUUUUAFFFFABRRRQAUUUUAFFFFABRRRQAUUUUAFFFFABRRRQAUUUUAFFFFABRRRQAUUUUAFFFFABRRRQAUUUUAFFFFABRRRQAUUUUAFFFFABRRRQAUUUUAFFFFABRRRQAUUUUAFFFFABRRRQAUUUUAFFFFABRRRQAUUUUAFFFFABRRRQAUUUUAFFFFABRRRQAUUUUAFFFFABRRRQAUUUUAFFFFABRRRQAUUUUAFFFFABRRRQAUUUUAFFFFABRRRQAUUUUAFFFFABRRRQAUUUUAFFFFABRRRQAUUUUAFFFFABRRRQAUUUUAFFFFABRRRQAUUUUAFFFFABRRRQAUUUUAFFFFABRRRQAUUUUAFFFFABRRRQAUUUUAFFFFABRRRQAUUUUAFFFFABRRRQAUUUUAFFFFABRRRQAUUUUAFFFFABRRRQAUUUUAFFFFABRRRQAU0sC2xh19e9OprBXyp6igBoJiOG5Q9D6UEGM7l5Q9R6UKefLk69j60AmI4Y5Q9D6UABH/LSPr6etBxKoZThh+lBBjO5eUPUelBGf3kfX09aAAESAq4ww7UAkHZJznofWjiRdynDD9KARICrjDDt/WgAGYjg8oeh9KCDGdyjKnqKFYg7JOc9D60ZMRweU7H0oACM4kjPP86OJVyOGH5iggxncvKnqP60EZxJGef50AAIcFHGGoBKnY/Oeh9aOJVyOGH5igEOCjjDD/OaAE5iPPKfypSCh3pyD1FAJU7H5z0PrScxH1T+VACkbsPGef50cSr6MPzBoIKHenIPUUEbgHjPP86AAHeCjj5v50AlDsfkHofWjiVfRh+YNAO8FHHzfzoATmI/7H8qUgqd6cg9R60AlDsfkHofWjmI/wCx/KgAIDgOh+anI+4ehHUU0gqd6cjuPWggOA6H5v8APFAElFNR9w9COo9KdQAUUUUAFFFFABRRRQAUUUUAFFFFABRRRQAUUUUAFFFFABRRRQA1yy4IGQOoppG7EkZ5/nTmfYRkcHv6U0gody8r3FABxKuRww/MGgEOCjjDen9aCN2JIzz/ADo4lXI4YfoaAAEqdj856H1pOYj6p/KlB3go4+agEqdj856H1oACCh3pyD1FBG7Dofm/nRzEfVP5UEFDvTkHqKADiVfRh+YNAO4FHHP86CN4Dxnn+dHEq+jD8waAAEodj8g9DScxH1T+VKDuBSQfN/OgEodj8g9DQAEFTvTnPUetBAcB0OG/zxRzEfVP5UMCp3pznqPWgCSiiigAooooAKKKKACiiigAooooAKKKKACiiigAooooAKKKKACiiigAooooAKKKKACiiigAooooAKKKKACiiigAooooAKKKKACiiigAooooAKKKKACiiigAooooAKKKKACiiigAooooAKKKKACiiigAooooAKKKKACiiigAooooAKKKKACiiigAooooAKKKKACiiigAooooAKKKKACiiigAooooAKKKKACiiigAooooAKKKKACiiigAooooAKKKKACiiigAooooAKKKKACiiigAooooAKKKKACiiigAooooAKKKKACiiigAooooAKKKKACiiigAooooAKKKKACiiigAooooAKKKKACiiigAooooAKKKKACiiigAooooAKKKKACiiigAooooAKKKKACiiigAooooAKKKKACiiigAooooAKKKKACiiigAooooAKKKKACiiigAooooAKKKKACiiigAooooAKKKKACiiigAooooAKKKKACiiigAooooAKKKKACmOu7kHDDoafTHUg7169x60AICJVKsMMO3pQG58uTr2PrQQJAGU4Yd6MiUFWGGHb0oAATEdp5TsfSggxncvKnqPSgHny5OvY+tAJiOD9w9D6UABH/LSPr6etHEoDKcMP0oIMZ3Lyp6j0oIz+8j6/zoAARICrjDDqKAxB2P36H1o4lUMpww/SgESAo4ww6igAyYjg/c7H0oIMZ3KMqeooDEHY/fofWgExHB+52PpQAEZxJGef50cSrkcMPzFBBjO5eVPUUEbsSRnn+dAACHBRxhvSgMVOx+c9D60cSrkcMPzFAIcFHGGFACcxH/AGP5UpBQ70GQeooDFTsfnPQ+tH+qP+x/KgAI3YeM/N/OjiVfRh+YNBBQ70GQeooI3YkQ8/zoAAd+UcfN/OgEodj8g9D60cSr6MPzBoB35Rx8386AE5iP+x/KlIKnenOeo9aASh2PyD0NJ/qj6p/KgBSA4Dofm/nTkfcPQjqKaQVO9OQeo9aCA4Dofm/z1oAkopqOGHoR1FOoAKKKKACiiigAooooAKKKKACiiigAooooAKKKKACiiigBrFchT3puTEcH7nY+lOZQw2mmhsHY/Oeh9aAAgxncoyp6igjdiSM8/wA6M+UcH7nY+lBBjO5RlT1FABxKuRww/MGgEOCjj5qCN2JIzz/OjiVcjhh+YNAAGKnY/IPQ+tJzEf8AY/lSghwUcfNQCVOx+c9D60ABBQ705B6igjeA6H5v50f6o/7H8qCCh3pyD1FABxKvow/MGgHdlJB8386CN4Dofm/nRxKvcMPzBoAASh2PyD0NJzEfVP5UoO7KOOf50AlDsfkHoaAJKKKKACiiigAooooAKKKKACiiigAooooAKKKKACiiigAooooAKKKKACiiigAooooAKKKKACiiigAooooAKKKKACiiigAooooAKKKKACiiigAooooAKKKKACiiigAooooAKKKKACiiigAooooAKKKKACiiigAooooAKKKKACiiigAooooAKKKKACiiigAooooAKKKKACiiigAooooAKKKKACiiigAooooAKKKKACiiigAooooAKKKKACiiigAooooAKKKKACiiigAooooAKKKKACiiigAooooAKKKKACiiigAooooAKKKKACiiigAooooAKKKKACiiigAooooAKKKKACiiigAooooAKKKKACiiigAooooAKKKKACiiigAooooAKKKKACiiigAooooAKKKKACiiigAooooAKKKKACiiigAooooAKKKKACiiigAooooAKKKKACiiigAooooAKKKKACiiigAooooAKKKKACiiigAooooAKKKKACiiigAooooAKYxKNu6r3HpT6YX2thh8p6GgBCvPmR856j1oIEgDKcMO9BBiORyh6j0oK8+ZH17j1oAOJAVYYYdvSgH/AJZydex9aCBIAynDDvRxIpVhhh+lAACYjg8p2PpQQYzuXlT1Hp70A/8ALOTr2PrQCYjtPKHofSgAIz+8jPPf3oIEoDKcMO/pQQYzuXlT1HpQVz+8j6+nrQAAiQFHGGHb+tAODsk5z0PrQQJQGU4Yd/SgESAo4ww7UAAzEcH7nY+lBBjO5eVPUf1oUkHy359D60DMRweU7H0oACN2JIzz/OjiVcjhh+YoIMZ3Lyp6j+tBG7EkZ5/nQAAhwUcYb/PNAJU7H5z0PrRxKuRww/MGgESAo4+b/PNAB/qj/sfyoIKHenIPUUAlTsfnPQ+tJzEf9j+VACkbsSIef50cSr6MPzBoIKHenIPUUEbsSIfm/nQAA7wUcc/zoBKHY/IPQ0cSr6MPzBoB35Rx8386AE/1R/2P/QaUgqd6cg9R60AlDsfkHoT3pOYj6p/KgBSA4Dofm9f6U5H3D0I6imlSp3pznqPWggOA6H5v88UASUU1H3D0I6inUAFFFFABRRRQAUUUUAFFFFABRRRQAUUUUAFFFFADXTdjBww6GmgiQFHGGHb+tOcNwynkdvWmkCVcjhh+lAACQdj856H1o/1Rwfudj6UAiQFHGGHb+tAJB2PznofWgAIKHcvIPUf1oI3YkjPP86TmI4PKHofSlIMZ3Lyp6igA4lXI4YfmDQCHBRx83+eaCN2JIzz/ADo4lXI4YfmDQAAlTsfkHofWj/VH/Y/9BoBDgo4+b/PNAJU7H5B6H1oACCh3pyD1A70EB8Oh+b+ftScxH/pn/KlKlDvTkHqKADiVfRh+YNAO4GOQc/zoIDgOh5/nRxKvow/MGgCSiiigAooooAKKKKACiiigAooooAKKKKACiiigAooooAKKKKACiiigAooooAKKKKACiiigAooooAKKKKACiiigAooooAKKKKACiiigAooooAKKKKACiiigAooooAKKKKACiiigAooooAKKKKACiiigAooooAKKKKACiiigAooooAKKKKACiiigAooooAKKKKACiiigAooooAKKKKACiiigAooooAKKKKACiiigAooooAKKKKACiiigAooooAKKKKACiiigAooooAKKKKACiiigAooooAKKKKACiiigAooooAKKKKACiiigAooooAKKKKACiiigAooooAKKKKACiiigAooooAKKKKACiiigAooooAKKKKACiiigAooooAKKKKACiiigAooooAKKKKACiiigAooooAKKKKACiiigAooooAKKKKACiiigAooooAKKKKACiiigAooooAKKKKACiiigAooooAKKKKACiiigAooooAKKKKACiiigAooooAKKKKACmkqW2MOo/OnU1gr5XuP0oAaCYztY5U9DQQYjkcoeo9KFOcxyDn+dAJjO1jlT0NAAQc+YnJ7j1oIEgDKcMOlBBiORyncelDA58yPn1HrQADEilWGGH6UKefLfr2PrQQJAGU4Yd6ARICrDDD9KAEBMR2nlD0PpSkGMll5U9R6UA/8ALOTr2PrQCYjg8oeh9KABlyfMjPP86DiVQynDD9KCDGdy8qeooIz+8j6/zoAARICjjDDrQpIPlvznofWjiVdynDD9KARICjjDDrQADMRweU7H0oIMZ3Lyp6ihSQdj856H1pMmI4PKHofSgBSN2JIzz/OjiVcjhh+YNBBjO5eVPUUEbsPGef50AAIcFHGG/wA80KSp2PznofWjiVcjhh+hoBDgo4+agBOYj6p/KlIKHenIPUUAlTsfnPQ+tJzEf9j+VACkb8SIfm/nRxKvcMPzBoIKHenIPUUEb8PGef50AAO8FHHzfzoUlDsfkHoaOJV9GH5g0A7wUkHP86AE5iPqh/SlYFTvTnPUetAJQ7H5B6Gk5iP+x/KgBSN4DofmpyPuHoR1FNYFTvTkHqPWgjeA6HDUASUU1H3D0I6inUAFFFFABRRRQAUUUUAFFFFABRRRQAUUUUANclcEDI700jOJIzz/ADpzPtIz0Pf0ppBjO5eVPUUAHEqgg4YfpQCJAUcYYdv60EZxJGef50cSrkHDD9KABSQdj856H1pBmI4PKdj6UoIkBRxhh1FCkg7H5z0PrQAEFDvXkHqKCN2JIzz/ADpOYjg8p2PpSkFDuXlT1FABxKuRww/MGgHeCjj5v89KCN2JIzz/ADo4lXI4YfmDQAKSp2PznofWk5iPqh/SlBDgo4+b+dAJU7H5z0PrQAEFDvTkHqKCN4Dofm/nScxH1T+VKQUO9OQeo9aAJKKKKACiiigAooooAKKKKACiiigAooooAKKKKACiiigAooooAKKKKACiiigAooooAKKKKACiiigAooooAKKKKACiiigAooooAKKKKACiiigAooooAKKKKACiiigAooooAKKKKACiiigAooooAKKKKACiiigAooooAKKKKACiiigAooooAKKKKACiiigAooooAKKKKACiiigAooooAKKKKACiiigAooooAKKKKACiiigAooooAKKKKACiiigAooooAKKKKACiiigAooooAKKKKACiiigAooooAKKKKACiiigAooooAKKKKACiiigAooooAKKKKACiiigAooooAKKKKACiiigAooooAKKKKACiiigAooooAKKKKACiiigAooooAKKKKACiiigAooooAKKKKACiiigAooooAKKKKACiiigAooooAKKKKACiiigAooooAKKKKACiiigAooooAKKKKACiiigAooooAKKKKACiiigAooooAKKKKACiiigAooooAKY6Z5U4YdDT6Y4YHevPqPWgBMiVcEYYfpQDnMcg5/nQQJAHQ4Yd/wClHEoIIww/SgABMZ2typ6Gg5iORyncelAOf3cnX+dAJjO1uVPQ0ABH/LSPk9x60cSAMpww70EGI5H3O49KCOfMj79R60AAIkBVhhh29KA3Plydex9aCBIAynDDoaARICrDDDrQAAmI4PKHofSggxncoyp6j0oB58uTr2PrQCYjg8p2PpQAEZ/eR9f50cSruHDD9KCDGdy8qeo9KCM/vI+v86AAESAo4ww7f1oDEHY/Oeh9aOJV3KcMP0oBEgKOMMO39aADJiODynY+lBBjO5RlT1FAbB2Sc56H1oyYjg/c7H0oACN2JIyM/wA6OJVyOGH5iggxncvKnqP60EbsSRnn+dAACHBRx83+eaAxU7H5z0PrRxKuRww/MUAhwUcfN/nmgBOYj/sfypSCh3oMg9RQCVOx+c9D60f6o/7H8qAAjeA8Z5/nRxKvow/MGggod6cg9RQRvAdDz/OgAB35jcfN/OgEodj8g9DRxKvow/MGgHdmNx8386AE5iPqn8qUgqd6c56j1oBKHY/IPQ0f6o/7H8qAAgOA6H5qcj7h0wR1FNIKnenIPUetBAcB0OG9f6UASUU1HDezDqKdQAUUUUAFFFFABRRRQAUUUUAFFFFACMVyFPemAmI4P3Ox9Kcyhhg00Nz5cnJPQ+tAAQYzuUZU9QKCM/vI+v8AOgExHB5TsfSggxncoyp6j+tABxKuRww/SgESAo4ww/zmgjOJIyM/zo4lXIOGH6UAAYg7H5z0PrRkxHB+56+lAIkBRxhh2/rQCQdj856H1oACCh3KMg9RQRuxJGef50cxHB+529qCCh3Lyp6igA4lXI4YfmDQCHyjj5v880EbsSRnn+dHEq5GQw/MGgADFTsfkHofWjmI+qfyoBDgo4+agEqdj8g9D60ASUUUUAFFFFABRRRQAUUUUAFFFFABRRRQAUUUUAFFFFABRRRQAUUUUAFFFFABRRRQAUUUUAFFFFABRRRQAUUUUAFFFFABRRRQAUUUUAFFFFABRRRQAUUUUAFFFFABRRRQAUUUUAFFFFABRRRQAUUUUAFFFFABRRRQAUUUUAFFFFABRRRQAUUUUAFFFFABRRRQAUUUUAFFFFABRRRQAUUUUAFFFFABRRRQAUUUUAFFFFABRRRQAUUUUAFFFFABRRRQAUUUUAFFFFABRRRQAUUUUAFFFFABRRRQAUUUUAFFFFABRRRQAUUUUAFFFFABRRRQAUUUUAFFFFABRRRQAUUUUAFFFFABRRRQAUUUUAFFFFABRRRQAUUUUAFFFFABRRRQAUUUUAFFFFABRRRQAUUUUAFFFFABRRRQAUUUUAFFFFABRRRQAUUUUAFFFFABRRRQAUUUUAFFFFABRRRQAUUUUAFFFFABRRRQAUUUUAFFFFABRRRQAUUUUAFFFFABRRRQAUxmKNu6p39qfTS218MOD0NADSpB3pznqPWggSAOhww7/wBKTBiORyh7elKVIO9Oc9R60AHEq4PDD9KAc/u5Ov8AOggSAOhww6UcSrgjDD9KAAExna3K9jQQYjkcp3HpQDn93IOf50AmM7W5U9DQAEc+ZH17j1oIEgDKcMO9IQYjkcoeo9KUrz5kfXuPWgA4kBVhhh2oB/gk69j60ECQBlOGHejiRSrDDDtQAAmI4PKdj6UEGM7l5U9R6UA/8s5OT2PrQCYjg8p2PpQAEZ/eRnn+dHEq5Bww/Sggxncoyp6igrk+ZGef50AAIkBRxhh1FAJB2PznofWggSqGHDD9KARICjjDDr/9agA5iOD9zsfSggxncvKnqKFJB2PznofWgZiOD9zsfSgAI3YkjPP86OJVyOGH5iggxncvKnqKCN2JIzz/ADoAAQ4KOPmoBKnY/Oeh9aOJVyOGH5igEOCjj5qAD/VH/Y/lQQUO9OQeo9aASp2PyD0PrRzEf9j+VAARvw6H5v50cSr6MPzBoIKHenIPUUEb8Oh+b+dAADuyjj5v50AlDsfkHoaOJV9GH5g0A7gUkHP86ADmI/7H8qCpU705z1HrQCUOx+QehpOYjxyn8qAFIDgOh+anI+4ehHUU0gqd6c56j1oIDgOhww/zzQBJRTUfcOmCOop1ABRRRQAUUUUAFFFFABRRRQA113YIOGHQ00ESAqwwwpzhuCvUdvWmkCQBlOGHT2oAAf8AlnJyex9aATEcHlOx9KOJFKsMMO1AJzsk59D60ABBjO5eVPUUEZ/eRnn+dAzEcHlOx9KCDGdy8qeooAOJRkHDD9KARICjjDDt/Wgrn95H1/nRxKuRww/SgABIOx+c9D60cxHB+5/KgESAo4w1Ckg7H5z0PrQAEFDuTlT1FBG7EkZ5/nScxHB5T19KUgodyDIPUUAHEq56MPzBoBDgo4+b+dBG7Dxnn+dHEq+jD8waAJKKKKACiiigAooooAKKKKACiiigAooooAKKKKACiiigAooooAKKKKACiiigAooooAKKKKACiiigAooooAKKKKACiiigAooooAKKKKACiiigAooooAKKKKACiiigAooooAKKKKACiiigAooooAKKKKACiiigAooooAKKKKACiiigAooooAKKKKACiiigAooooAKKKKACiiigAooooAKKKKACiiigAooooAKKKKACiiigAooooAKKKKACiiigAooooAKKKKACiiigAooooAKKKKACiiigAooooAKKKKACiiigAooooAKKKKACiiigAooooAKKKKACiiigAooooAKKKKACiiigAooooAKKKKACiiigAooooAKKKKACiiigAooooAKKKKACiiigAooooAKKKKACiiigAooooAKKKKACiiigAooooAKKKKACiiigAooooAKKKKACiiigAooooAKKKKACiiigAooooAKKKKACiiigAooooAKKKKACiiigAooooAKaSrEo3cfnTqayh+M8jv6UANBMZ2scqejf0pMGI5HKdx6UoO7Mcg5/nQCYztblT0NAAwIPmJznqPWggSAOhww7/wBKQ5iOR9zuPSlYEHenOeo9aADiVcEYYfpQpz+7k6/zoIEgDocMO/8ASgESrhhhh+lAACYztY5U9DQQYjkcoeo9KAc/u5Bz/OgExna3KnofSgAYHPmR9e49aCBIAynDDv6UEGI5HKdx6UMP+WkfXuPWgABEgKsMMO1APPlycnsfWjiQBlOGFAIkBVhhhQAAmI4PKdj6UEGM7l5U9R6e9Cnny5OvY+tAJiODyh6H0oACM/vIzz/Og4lXIOGH6UEGM7lGVPUenvQRn95H1/nQAAiQFHGGHb+tCkg7H59D60cSrlThh+lAIkBRxhh2oABmI4PKdj6UEGM7l5U9R/WgEg7H5z0PrRkxHB+56+lAARuxJGef50cSrkcMPzBoIKHcvKnqP60EbsSRnn+dAADvBRxhv880AlTsfkHofWjiVcjhh+YNAO8FHHzUAJzEfVP5UpBQ705B6igEqdj8g9D60nMR/wBj+VACkbwHQ/N/OjiVfRh+YNBBQ705B6igjeA6Hn+dAADuBSQc/wA6ASh2Ocg9G/pRxKvow/MGgHdlHHzfzoATmI8cp/6DSsCp3pznqPWgEodj8g9DScxHPVP5UAKQHAdDhh3/AKU5H3Dphh1FNYFTvTnPUetBAcB0Pzf54oAkopqPuHow6inUAFFFFABRRRQAUUUUANdiuDjK96aw/wCWkfXuPWnM4UjPQ96aQYjuHKdx6UABAlUMpww7+lAIkBVhhh2/rQw/5aR9fT1o4lUMpww7+lAApOfLk59D60AmI4PKdj6UAiQFWGGHagE58uT8D60ABBjO5eVPUf1oIz+8jPP86ATEcHlD0PpQQYzuUZU9R/WgA4lXI4YfpQCJAUcYYdv60EZxJGef50cSrkcMP0oAFJB2PznofWk5iODyn8qUESAo4ww7f1oUkHY/Oeh9aAAgodycg9RQRuxJGef50cxHB5T+VBBQ7k5B6igCSiiigAooooAKKKKACiiigAooooAKKKKACiiigAooooAKKKKACiiigAooooAKKKKACiiigAooooAKKKKACiiigAooooAKKKKACiiigAooooAKKKKACiiigAooooAKKKKACiiigAooooAKKKKACiiigAooooAKKKKACiiigAooooAKKKKACiiigAooooAKKKKACiiigAooooAKKKKACiiigAooooAKKKKACiiigAooooAKKKKACiiigAooooAKKKKACiiigAooooAKKKKACiiigAooooAKKKKACiiigAooooAKKKKACiiigAooooAKKKKACiiigAooooAKKKKACiiigAooooAKKKKACiiigAooooAKKKKACiiigAooooAKKKKACiiigAooooAKKKKACiiigAooooAKKKKACiiigAooooAKKKKACiiigAooooAKKKKACiiigAooooAKKKKACiiigAooooAKKKKACiiigAooooAKKKKACiiigAooooAKKKKACmOmTuU4YU+mOGU7159R60AJxKuDkMPzFAO7Mbjn+dBAcB0Pzf54o4lXB4YfmKAAExkK3KnoaDmI5HKdx6UA7sxyDn+dAJjO1uVPQ0ABBB3pznqPWggSAOhwwox5RyPudx6UEYO9Oc9R60AAIlUgjDD9KA2T5cg5/nQQJAHQ4YdDRxKpU8MP0oAATGdrcqeh9KCDEcjlO49KAc/u5Ov86ATGdrcqehoACOfMj5PcetHEgDKcMP0oIMRyPudx6UEc+YnXuPWgABEgKsMMO1AbnZJ17H1owJAGU4Yd/SgESAqwww7UAAJiODyh6H0oIMZ3KMqeooB58uTknofWgExHBOU7H0oACM/vI+v86OJVBHDD9KCDGSy8qeooIz+8jPP86AAESAo4wwoDYOx+c9D60cSrkHDD9KARICjjDCgAyYjg8p6+lBBQ7lGQeooDEHY/Oeh9aP8AVHB+52PpQAEbsSRnn+dHEq5HDD8waCCh3Lyp6igjdiSM8/zoAAQ4KOMNQCVOx+Qeh9aOJVyOGH5g0AhwUcfNQAcxH1T+VBBQ705B6igEqdj8g9D60f6o/wCx/KgAI3gOh+b+dHEq9ww/MGggod6cg9R60EB8Oh+b+ftQAA7so4+b+dAJQ7H5B6GjiVfRh+YNAO7Mbjn+dACf6o56p/KlIKnenOeo9aASh2ucg9DSf6o/7H8qAFIDgOhw1OR9w6YI6imkFTvTnPUetBAkAdDhqAJKKaj7vYjqKdQAUUUUAFFFFACMV+6e9MBMRCtyp6H0pzKHGD+FNB/5Zydf50ABBiO5eUPUelBHPmR9fT1oBMR2typ6H0oIMRyvKdx6UAHEqhlOGH6UAiQFWGGHWgjnzI+vf3o4lAZThh+lAAG58t/wPrRkxHB5TsfSgESAqwwwoDc+W/PofWgAIMZ3KMqeooIziSM8/wA6MmI4PKdj6UEGMll5U9RQAcSrkcMPzFAIkBRxhh2/rQRnEkZ5/nRxKuRww/SgADEHY/Oeh9aOYjg8p/KgESAo4wwoBIOx+c9D60ASUUUUAFFFFABRRRQAUUUUAFFFFABRRRQAUUUUAFFFFABRRRQAUUUUAFFFFABRRRQAUUUUAFFFFABRRRQAUUUUAFFFFABRRRQAUUUUAFFFFABRRRQAUUUUAFFFFABRRRQAUUUUAFFFFABRRRQAUUUUAFFFFABRRRQAUUUUAFFFFABRRRQAUUUUAFFFFABRRRQAUUUUAFFFFABRRRQAUUUUAFFFFABRRRQAUUUUAFFFFABRRRQAUUUUAFFFFABRRRQAUUUUAFFFFABRRRQAUUUUAFFFFABRRRQAUUUUAFFFFABRRRQAUUUUAFFFFABRRRQAUUUUAFFFFABRRRQAUUUUAFFFFABRRRQAUUUUAFFFFABRRRQAUUUUAFFFFABRRRQAUUUUAFFFFABRRRQAUUUUAFFFFABRRRQAUUUUAFFFFABRRRQAUUUUAFFFFABRRRQAUUUUAFFFFABRRRQAUUUUAFFFFABRRRQAUUUUAFFFFABRRRQAUUUUAFFFFABRRRQAUxmKNk8p39qfTS2H2sOD0NADSpU705z1HrQQHAdD83+eKTmI/wCx/KlKlTvTnPUetABxKuDww/MGgHdmOQc/zoIDgOhw3+eKOJVweGH5igABMZ2typ6GjBiOR9zuPSgHdmOQc/zoBMZ2scqeh/pQAFSDvTv1HrQQJAHQ4Yd6TBiOR9zuPSlKkHfHznqPWgA4lXawww/SgHP7uTr/ADoIEgDocMO/9KOJV2sMMP0oAATGdrcr2PpQQYjkcoeo9KAc/u5Ov86ATGdrcr2PpQAEc+ZH17j1oIEgDKcMO9BBiORyh6j0oK8+ZH17j1oAOJAVYYYdvSgE/ck59D60ECUBlOGHQ+lOA3phhg0ANBMRweU7H0oIMZ3Lyp6ilB/gfnPQ+tICYjg8p2PpQAEZ/eRnn+dHEq5HDD9KCDGdy8qeooIz+8jPP86AAESAo4ww7f1oBIOx+c9D60YEq5Bww/SgESAo4ww7f1oABmI4PKdvaggody8qeooBIOx+c9D60nMRweU9fSgBSN2JIzz/ADo4lXI4YfmKCCh3IMg9R/WgjdiSM8/zoAAQ4KOPmoBKnY/IPQ+tHEq5HDD8waAQ4KOPm/zzQAcxH/Y/lQQUO9OQeooBKnY/IPQ+tHMR9U/lQAEBwHQ/N/OjiVfRh+YNBBQ705B6j1oI3gOh+b+dAADuyjjn+dAJQ7H5B6GjiVfRh+YNAO7Mbjn+dABzEf8AY/lQQVO9Oc9R60AlDsfkHoaTmI8fc/lQApAcB0OGHenI+7tgjqKaVIO9Oc9R60ECQB0OGHf+lAElFNR9w6YYdRTqACiiigBrruwQcMOhpvEqlWGGH6U593BXt29aaQJAGU4YdDQAA/8ALOTr/OgExHaxyp6H0o4lUqwww/SgH/lnJ1/nQAEGI7l5Q9R6UEf8tI+vcetAJiO1jlT0PpQQYjuXlT1HpQAHEoDKcMP0oyJAVYYYdqCOfMj69x60ECVQynDDv6UAAODsfn0PrQMxHB+52PpQCJAVYYYdqAcfu5Oc9D60ABBjO5eVPUUEZxJGRn+dAJiODynY+lBBjO5RlT1H9aADiVcjhh+lAIkBRxhqCM4kjPP86OJVyOGH6UASUUUUAFFFFABRRRQAUUUUAFFFFABRRRQAUUUUAFFFFABRRRQAUUUUAFFFFABRRRQAUUUUAFFFFABRRRQAUUUUAFFFFABRRRQAUUUUAFFFFABRRRQAUUUUAFFFFABRRRQAUUUUAFFFFABRRRQAUUUUAFFFFABRRRQAUUUUAFFFFABRRRQAUUUUAFFFFABRRRQAUUUUAFFFFABRRRQAUUUUAFFFFABRRRQAUUUUAFFFFABRRRQAUUUUAFFFFABRRRQAUUUUAFFFFABRRRQAUUUUAFFFFABRRRQAUUUUAFFFFABRRRQAUUUUAFFFFABRRRQAUUUUAFFFFABRRRQAUUUUAFFFFABRRRQAUUUUAFFFFABRRRQAUUUUAFFFFABRRRQAUUUUAFFFFABRRRQAUUUUAFFFFABRRRQAUUUUAFFFFABRRRQAUUUUAFFFFABRRRQAUUUUAFFFFABRRRQAUUUUAFFFFABRRRQAUUUUAFFFFABRRRQAUUUUAFFFFABRRRQAU07WJRvSnU1lD8ZwR0PpQA0Eodj8g9DScxH1T+VKDuykg+b+dAJQ7H5B6GgAIKnenOeo9aCA4DocNRzEf9j+VBBU705z1HrQAcSrg8MPzFAOcpIOf50EBwHQ/NRxKuDww/MUAAJjO1jlT0P+NIcxHI5TuPSlB3ZjkHP86ATGdrcqeh/xoAGBB3pz6j1oIEgDocMO9IcxHI5TuPSlYEHenPqPWgA4lUq3DD9KFOf3cnX+dBAkAdDhh0oBEqlWGGH6UAAJjO1uVPQ+lBBiORyh6j0oBz+7k6/zoBMZ2typ6H0oAGH/AC0j69x609WDLkUwgxHKjKdx6U8EEZHQ0ADKGGDTQcfI/Oeh9afSEBhg0AMBMRweUPQ+lBBjO5eVPUUoOPkfnPQ+tICYjg8oeh9KAAjOJIzz/OjiVcgkMP0oIMZ3KMqeooIz+8jIz/OgABEgKOMMOv8A9ahWIOx+c9D60cSrkcMP0oBEgKOMMOv/ANagBOYjg8p6+lKQUO9eQeooUkHY/Oeh9aTmI4P3P5UAKRuxJGef50cSrxww/MGggod6cg9RQRuw8Z5/nQAA7wUcfN/OhSVOx+Qeh9aOJVyOGH5g0A7wUcfN/OgBOYj6p/KlIKnenIPUetAYqdj8g9D60cxH/Y/lQAEbwHQ/N/OjiVfRh+YNBBU705B6j1oI3gOh+b+dAADuykg+b+dAJQ7H5B6GjiVfRh+YNAO7Mcg5/nQAnMRz1T+VKwKnenOeo9aASh2PyD0NJzEcjlP5UAKQJAHQ4YdP8DTkfcPRh1FNYEHenOeo9aCA4DocN2oAkopqPu7YYdRTqACmMpB3L17j1p9FAEZAkAZThh3oGJVKsMMP0pWUg7l69x60hAkAZThh0NAAp/5ZydfX1oBMZ2tyh6H0oBEgKsMMO3pQp/5ZydfX1oACDGdy8oeo9KGH/LSPr6etAJjO1uUPQ+lBBjO5eUPUelAAcSqGU4YfpQCJAVYYYdaCP+WkfXv70cSqGXhh09qABSQdj8+h9aQExHB5Q9D6UoIkBRxhh1FCsQdknOeh9aAAgxncvKnqKCM4kjPP86QExHB5TsfSlIMZ3KMqeooAkooooAKKKKACiiigAooooAKKKKACiiigAooooAKKKKACiiigAooooAKKKKACiiigAooooAKKKKACiiigAooooAKKKKACiiigAooooAKKKKACiiigAooooAKKKKACiiigAooooAKKKKACiiigAooooAKKKKACiiigAooooAKKKKACiiigAooooAKKKKACiiigAooooAKKKKACiiigAooooAKKKKACiiigAooooAKKKKACiiigAooooAKKKKACiiigAooooAKKKKACiiigAooooAKKKKACiiigAooooAKKKKACiiigAooooAKKKKACiiigAooooAKKKKACiiigAooooAKKKKACiiigAooooAKKKKACiiigAooooAKKKKACiiigAooooAKKKKACiiigAooooAKKKKACiiigAooooAKKKKACiiigAooooAKKKKACiiigAooooAKKKKACiiigAooooAKKKKACiiigAooooAKKKKACiiigAooooAKKKKACiiigApjqSdy8MP1p9Mbcp3ryO4oATiVe4YfmDQDuzG45/nQQHw6H5v50cSr6MPzBoAASh2PyD0NHMR/2P5UA7sxuOf50AlDsfkHoaAAgqd6c56j1oIDgOhw3r/Sk/wBUf9j+VKQVO9Oc9R60AHEq4PDD8waAd2Y5Bz/OggSAOh+ajiVcHhh+YoAATGdrHKnof6UHMRyOU7j0oB3fu5AM/wA6ATGdrcqehNAARg+ZHznqPWggSAOpww7/ANKDmI5H3O49KCMHenOeo9aAAESjawww7elAOf3cnX19aCBIA6nDDvRxKCrDDD9KAAExna3KnofSnhQowOlMBz+7k6/zp6rtXGc0ALRRRQAhAYYNNzj5H5z0PrT6QgMMGgBmTEcHlOx9KCDGdyjKnqP60vT5G5B6H1pATEcHlOx9KAAjP7yM8/zo4lXI4YfpQQYzuXlT1FBGcSRnn+dAACJAUcYYdv60BiDsfnPQ+tHEq5Bww/SgESAo4ww7UAHMRwfuevpQQUO5BkHqKAcHY/Oeh9aP9UcH7n8qAAjdiRDz/OjiVc9GH5g0EFDuTkHqKCN2JIzz/OgAB3go4+b+fvQGKnY/IPQ+tHEq+jD8waAQ4KOPm/nQAf6o/wCx/Kggqd6cg9R60AlTsfkHofWj/VH/AGP5UABAcB0Pzfz9qOJV9GH5g0EFTvTkHqPWggOA6H5v50AAO7Mcg5/nQGKHa/IPRv6UcSr6MPzBoB3ZSQDP86AE5iPH3P5UpBU705z1HrQCUOx+QehNJ/qjkfc/lQApAkAdDhh3/pTkfd1GGHUU0gqd6c56j1oIEgDocMP84oAkopqPu46MOop1ABTGUg7l69x60+igCMgSAMpww70AiUFWGGHb0pWUg7l69x60hAkAZThhQAA8+XJ17H1oBMR2tynY+lHEoKsMMP0oB/5Zydex9aAAgxncoyvcelBGf3kfX+dAJiO1uUPQ+lBBjO5fudx6UAHEqhlOGHf0oBEgKuMMO39aCM/vI+vp60cSgMpww/SgABwfLk5z0PrRkxHB5TsfSgESAo4ww6igHB2P36H1oAkooooAKKKKACiiigAooooAKKKKACiiigAooooAKKKKACiiigAooooAKKKKACiiigAooooAKKKKACiiigAooooAKKKKACiiigAooooAKKKKACiiigAooooAKKKKACiiigAooooAKKKKACiiigAooooAKKKKACiiigAooooAKKKKACiiigAooooAKKKKACiiigAooooAKKKKACiiigAooooAKKKKACiiigAooooAKKKKACiiigAooooAKKKKACiiigAooooAKKKKACiiigAooooAKKKKACiiigAooooAKKKKACiiigAooooAKKKKACiiigAooooAKKKKACiiigAooooAKKKKACiiigAooooAKKKKACiiigAooooAKKKKACiiigAooooAKKKKACiiigAooooAKKKKACiiigAooooAKKKKACiiigAooooAKKKKACiiigAooooAKKKKACiiigAooooAKKKKACiiigAooooAKKKKACiiigAooooAKKKKACiiigApjMUbJ+4f0p9NLYfaw4PQ0ANIKHenIPUUEb8Oh+b+dJzEfVP5UpBQ705B6igA4lX0YfmDQDuBRxz/ADoI3gOh+b+dHEq+jD8waAAEodjcg9DR/qjx9z+VAO4GNxz/ADoBKHY5yD0NAAVKnenOeo9aCA4DocMOlJzEePufypWUqd6c56j1oAOJVweGH6UA5zHIOf50EBwHQ4Yd/wClHEq4PDD9KAAExna3KnoaMGI5HKHqPSgHOY5Bz/OgExna3KnoaAAgg+YnPqPWggSAMpww6GjBiORyncelBUg+Yn4j1oAOJVKsMMP0p67tuG6+tMIEgDqcMOhp6klckYPcUALRRRQAUUUUAIQCMGk/2W5B6H1p1IQCMGgBgzEcHlOx9KCDGdy8qeop3+y3IPf1pozEcH7nY+lAARnEkZ5/nRxKuRww/SggxksvKnqKCM4kjPP86AAESAo4w1AJU7H5z0PrRxKuRww/SgESAo4wwoAOYjg8p6+lBBQ7kGQeooUlTsfnPQ+tJzEcdU/lQApG7EiHn+dHEq+jD8waCCh3pyD1FBG7EiHn+dAADvBRxz/OgEqdj8g9D60cSr6MPzBoB3go4+b+dABzEf8AY/lQQVO9OQeo9aASp2PyD0PrScxH/Y/lQApAcB0PzUcSrzkMPzBoKlTvTkHqPWggOA6H5v5+1AADuykg5/nQCUOxuR2NHEq88MPzBoB3ZjkHP86AD/VHI5T+VBUg705z1HrQCUO1uQehpMGI5H3PT0oAUgSAOhww/wA4pyPu68MOoppUg705z1HrQQJAHQ4YdP8ACgCSimo+7qMMOop1ABTGUg7l69x60+igCMgSAMpww70cSqVYYYfpSspB3L17j1pCBIAynDDvQAA/8s5Ovr60AmI7TynY+lHEqlWGGH6UA/8ALOTk+vrQAEGM7l5U9R6UEZPmR9f50AmI7TynY+lBBiO5eVPUelAAQJQGU4YfpQCJAUcYYdRQVyfMjPP86CBKoZThh+lAElFFFABRRRQAUUUUAFFFFABRRRQAUUUUAFFFFABRRRQAUUUUAFFFFABRRRQAUUUUAFFFFABRRRQAUUUUAFFFFABRRRQAUUUUAFFFFABRRRQAUUUUAFFFFABRRRQAUUUUAFFFFABRRRQAUUUUAFFFFABRRRQAUUUUAFFFFABRRRQAUUUUAFFFFABRRRQAUUUUAFFFFABRRRQAUUUUAFFFFABRRRQAUUUUAFFFFABRRRQAUUUUAFFFFABRRRQAUUUUAFFFFABRRRQAUUUUAFFFFABRRRQAUUUUAFFFFABRRRQAUUUUAFFFFABRRRQAUUUUAFFFFABRRRQAUUUUAFFFFABRRRQAUUUUAFFFFABRRRQAUUUUAFFFFABRRRQAUUUUAFFFFABRRRQAUUUUAFFFFABRRRQAUUUUAFFFFABRRRQAUUUUAFFFFABRRRQAUUUUAFFFFABRRRQAUUUUAFFFFABRRRQAUUUUAFFFFABRRRQAUUUUAFFFFABRRRQAUUUUAFNbaxKGnU1lD98MOh9KAGqSp2PyD0PrScxH1T+VKDvBRx83+eaAxU7H5B6H1oACCh3pyD1HrQRvAdD8386TmI/7H8qUgod6cg9R60AHEq+jD8waAd2UcfN/OgjeA6H5v50cSr6MPzBoAASh2PyD0NJzEc9UP6UoO7KSDn+dAJQ7H5B6GgAYFTvTn1HrQQJAHQ4b/PFIcxHPVP5UrAg705z1HrQAcSrg8MP0oBzmOQc/zoIDgOhw1HEq4PDD9KAAExna3KnoaCDEcjlD1HpQDnMcg5/nQCYztblT0P8ASgAYEHen4j1p6sGUEUwgxHI5TuPSnjBGR0NAC0UUUAFFFFABRRRQAEAjBpv+y3IPQ06gjIwaAIwTEcHlD0PpQQYzuXlT1H9ad/styDTcmI4P3Ox9KAAjOJIzz/OjiVcjhh+lBBjO5eVPUUEZxJGef50AAIcFHGGH+c0KSp2PznofWjiVcjhh+lAIcFHGGHb+tACcxHHVD+lKQUO9OQeooDFTsfnPQ+tJzEefufyoAUjdh0PP86OJV9GH5g0EFDvTkHqKCNwDxnn+dAADvBRx8386ASp2PyD0PrRxKvow/MGgHeCjj5v50AJzEfVP5UpBU705B6j1oBKHY/IPQ+tJzEfVP5UAKQHAdD8386OJVx0YfmDQwKnenIPUetBG8B0PzUAAO7Mcg5/nQCUO1+Qeho4lXB4YfmDQDuzHIOf50AJzEcjlD29KVgQd6c56j1oBKHY3IPQ0hzEcjlO/tQApAkAdDhh3pyPu4Iww6imkEHenOeo9aCBIA6HDDv8A0oAkopqPu4Iww6inUAFNZSDuXr3HrTqKAIyBIAynDCgESKVYYYdfanMpB3L17j1pCA43KcMOhoARTz5cnXsfWgExHDHKHofSgESAqwww/SgMc+XJ17H1oACDGdy8qeo9KGGcSRnn+dAJiODyh6H0oIMZ3Lyp6j0oAkooooAKKKKACiiigAooooAKKKKACiiigAooooAKKKKACiiigAooooAKKKKACiiigAooooAKKKKACiiigAooooAKKKKACiiigAooooAKKKKACiiigAooooAKKKKACiiigAooooAKKKKACiiigAooooAKKKKACiiigAooooAKKKKACiiigAooooAKKKKACiiigAooooAKKKKACiiigAooooAKKKKACiiigAooooAKKKKACiiigAooooAKKKKACiiigAooooAKKKKACiiigAooooAKKKKACiiigAooooAKKKKACiiigAooooAKKKKACiiigAooooAKKKKACiiigAooooAKKKKACiiigAooooAKKKKACiiigAooooAKKKKACiiigAooooAKKKKACiiigAooooAKKKKACiiigAooooAKKKKACiiigAooooAKKKKACiiigAooooAKKKKACiiigAooooAKKKKACiiigAooooAKKKKACiiigAooooAKKKKACiiigApjqc7l+8P1p9Mfcp3jkdxQAnEq5GQw/MGgHeCjj5qCN2JIyN386OJV9GH5g0AAJU7H5B6H1o5iP+x/KgEOCjj5v50AlTsfkHofWgAIKnenIPUetBAcB0PP86P9Uf8AY/lQQVO9OQeo9aADiVfRh+YNAO7Mcg5/nQQHAdD8386OJV9GH5g0AAJQ7X5B6Gj/AFRz/B/KgHdmOQc/zoBKHa/IPQ0ABBU705z1HrQQJAHQ4b/PFH+qOf4P5UEEHenOeo9aADiVcHhh+YoBz+7kHP8AOggSAOhww70cSrg8MPzFAACYyFblT0P+NPVQowOlMBzmOQc/zp6jauM5xQAtFFFABRRRQAUUUUAFFFFAARkYNN/2W5Bp1BGRzQBHkxHB5TsfSggxncvK9xTvZuQaaD5Rwfudj6UABGcSRnn+dHEq5GQw/MUEGM7l5XuBQRnEkZGf50AAIkBRxhh1/wDrUAlTsfnPQ+tHEq5HDD8xQCJAUcfN/nkUAJzEeeU/lSkFDvTkHqKAxU7H5z0PrR/qj/sfyoACNwEiHn+dHEq+jD8waCCh3pyD1FBG7Dxnn+dAACHyjj5v50AlDsfkHofWjiVfRh+YNAIcFHHzfzoAT/VH/Y/lSkFTvTkHqPWgEodj8g9D60f6o/7H8qAAgOA6H5qOJVweGH5g0EFTvTkHqPWggOA6H5vWgAB3Zjcc/wA6ASh2NyD0NHEq4PDD8waAd2Y5Bz/OgBDmI5HKd/alIIO9Oc9R60AlDtblT0NGPKOR9z09KAAgSAOhwwpyPuyDww6imlSDvTnPUetBAkAdDhhQBJRTUfdkEYYdRTqACmspB3L17j1p1FADCA4DKcMO9ICJAVYYYdvSnFcHcvXv70hAcblOGHQ0AIG58uTr2PrQCYjg8oeh9KMiQFWGGHb0oB58uTr2PrQBJRRRQAUUUUAFFFFABRRRQAUUUUAFFFFABRRRQAUUUUAFFFFABRRRQAUUUUAFFFFABRRRQAUUUUAFFFFABRRRQAUUUUAFFFFABRRRQAUUUUAFFFFABRRRQAUUUUAFFFFABRRRQAUUUUAFFFFABRRRQAUUUUAFFFFABRRRQAUUUUAFFFFABRRRQAUUUUAFFFFABRRRQAUUUUAFFFFABRRRQAUUUUAFFFFABRRRQAUUUUAFFFFABRRRQAUUUUAFFFFABRRRQAUUUUAFFFFABRRRQAUUUUAFFFFABRRRQAUUUUAFFFFABRRRQAUUUUAFFFFABRRRQAUUUUAFFFFABRRRQAUUUUAFFFFABRRRQAUUUUAFFFFABRRRQAUUUUAFFFFABRRRQAUUUUAFFFFABRRRQAUUUUAFFFFABRRRQAUUUUAFFFFABRRRQAUUUUAFFFFABRRRQAUUUUAFFFFABRRRQAUUUUAFFFFABRRRQAUUUUAFFFFABRRRQAUUUUAFFFFABTGYo2T9w9/Sn00sN21hwenvQA0godyDIPUf1oI3YkjPP86TmI4PKfypSCh3pyD1FABxKuejD8waAQ4KOOf5+9BG7EkZ5/nRxKvow/MGgABKnY/IPQ+tHMR/2P5UA7wUcfN/OgEqdj8g9D60ABBU705B6j1oI3gOh+b+dJzEfVP5UpUqd6cg9R60AHEq+jD8waAd2Y5Bz/OggOA6H5v50cSr6MPzBoAASh2PyD0NHMR4+5/KgHdmOQc/zoBKHY/IPQ0ABBB3pznqPWggSAOhww7/ANKTmI5HKfypSpB3pznqPWgA4lXBGGH5inru2/N1phAkAdDhh0/wp6ksuSMHuKAFooooAKKKKACiiigAooooAKKKKADrSdsHkGlooAjBMRwfudj6UEGM7lGVPUf1p+Ox5FMGYjg8oeh9KAAjP7yMjP8AOjiVcjhh+YoIMZ3Lyp6igjOJIzz/ADoAARICjjDen9aASp2PznofWjiVcjhh+lAIcFHGGoAOYj/sfyoIKHenIPUUAlTsfnPQ+tJzEf8AY/lQApG7EiH5v50cSr6MPzBoIKHenIPUUEbsOh+b+dAADvBRxz/OgEodj8g9D60cSr6MPzBoB3go45/nQAcxH/Y/lQVKnenIPUetAJQ7H5B6Gk5iP+x/KgBSA4Dofm/n7UcSrg8MPzBoIKnenIPUetBAcB0PzUAAO7Mcg5/nQCYztY5U9D/SjiVcHhh+YNAO7KSAZ/nQAYMRyPuenpQQQd6c56j1oBMZ2scqehNJgxHI5Q9R6UAKQJAHQ4Yd/wClOR93BGGHUU0qQd6c56j1oIEgDocMO9AElFNR93B4YdRTqACmkYO5ev8AOnUUAMZQ4DKcMOhpOJAVYYYfpTiDncvX+dIyhwGU4YdDQA+iiigAooooAKKKKACiiigAooooAKKKKACiiigAooooAKKKKACiiigAooooAKKKKACiiigAooooAKKKKACiiigAooooAKKKKACiiigAooooAKKKKACiiigAooooAKKKKACiiigAooooAKKKKACiiigAooooAKKKKACiiigAooooAKKKKACiiigAooooAKKKKACiiigAooooAKKKKACiiigAooooAKKKKACiiigAooooAKKKKACiiigAooooAKKKKACiiigAooooAKKKKACiiigAooooAKKKKACiiigAooooAKKKKACiiigAooooAKKKKACiiigAooooAKKKKACiiigAooooAKKKKACiiigAooooAKKKKACiiigAooooAKKKKACiiigAooooAKKKKACiiigAooooAKKKKACiiigAooooAKKKKACiiigAooooAKKKKACiiigAooooAKKKKACiiigAooooAKKKKACiiigAooooAKKKKACiiigAooooAKKKKACkZQwIPSiigBkbFtytztOM+tIp2SeX1XGR7UUUADfu3BHRjgillG0eYOCP1oooAVlDoD0PUH0pEPmxfMPaiigAjJJZDzt7+tIP3coQcqRke1FFAA/7tgy9GOCKWUYG8cMP1oooAUgSID0PUH0pEPmx/MPY0UUAEZO5ozzt70g/dyhB91u3pRRQASfu2Dr3OCPWpaKKACiiigAooooAKKKKACiiigAooooAKKKKACkxnIPIoooAjQlJDH1GMj2ob93IMdGPIoooAWUbB5i9R196Vl3qD0I5BoooARD5sXzDrRGxO5G528Z9aKKAEU7JfL6qRke1Dfu3BXoxwRRRQAso2jzBwR+tKQJEB6HqD6UUUAIh82P5h7URsdzIedveiigBB+7lCD7p5HtQ/wC7YMvc4IoooAWUYG8cMP1pSBIgJ4PUe1FFACRnzIzuHsaIyQzRnkDoaKKAEH7uUKPut29KJP3Z3r3OCPWiigB0i8bxww70qNuQN0yKKKAHUUUUAFMf5fmHX+dFFAH/2Q0KZW5kc3RyZWFtDWVuZG9iag0yMSAwIG9iag08PC9CaXRzUGVyQ29tcG9uZW50IDggL0NvbG9yU3BhY2UgL0RldmljZUdyYXkgL0ZpbHRlciAvRmxhdGVEZWNvZGUgL0hlaWdodCAxNzcgL0xlbmd0aCAzOTA0IC9NYXR0ZSBbMCAwIDBdIC9TdWJ0eXBlIC9JbWFnZSAvVHlwZSAvWE9iamVjdCAvV2lkdGggMjM0Pj4NCnN0cmVhbQ0KeJztnXl0VNUdx3nLbNkmmSRM9oQkJCEQAgmQhZCEJfsG2UN2yEKWAbWKW3HhKFZbrbXV0tLaVkXqoRZFERVXUFBR0OLWQz3gUQ+tVq1bEUVe35tJYpZ58/u9d++d0/bw+zv39/t93vvlzV2+995p087beTtv/9cmhqHMRj9yMBTTl2q4iJMSzrbxsnEcRy3yVjDkmRpXTDrxNiNBJSnZYBBFgVpgwzk45G6jHFOQY1KIx59Ak2729bGYjSKduNOmmREh98ohLSYjlZD5aFDpeLAtMMDXbKCEiiF9PNgWZPW3yI+XPORv8KRSZVSE3SbHFXgKoCjSJ2OiI8NCrb4mkfjpWj7TQHpPanJ8VGiAxUDhCeNI96fNTkmMDQv0MRKHbNIAKn1SkDV/VmxogFmk8VIxpIcKl+Rkzp5ht1oMpCH3aCGVNhXlL0iJsvmSP2Ek6cvVFcWFi1IphLSf1US6f2VZ/vwEu9Useon0aEuDHHLejFB/EyHpBZpApTNdq4pz5CfsY6RQvhjS17rbm2qWL0gMCzATkh7RRiptba4unBc/nfgJY0n/0rumra4kKymctIzmaASVjrXXFWclRwRaKHyTMKTH1vV0NpblOiMSkd6olfTchubKJWmxwTS+SRjS1wf7upoqclNISYUPtJJKO1pXLc9MtBP/26BJ+7ubKxanRBKSFmkGlU52NpTlzIoMIv998yrpXdpJpStaqgrmxoX4kZevF0n9vtJB+nBb7YoFM8Mo/KR6kbRDB6j0UZf8LVR+UonL14uk+/SQSltW1xTKnRby8vUeaRRizO/GnpZ/UheR/5R7k/RSXaDSlz1NFYtnR5OXr9dIuTf0kUq3tdYsnU+hR+g10gydoNLhjvqRHuH/COmtekm/HZR7hHNi5B4hWfl6i9TwoV5S6XetK5dlJNhJy9dbpBW6QaW3OxpKs53BiV6qt0jv00967qLmqvy0WNIeoZdIA7/WTyrtbFMGNKTzAF4i7SUAld6TBzS5xAMaL5HuJyGVrmqpLkgnHdB4hzSeCFTa21ZbtJB0QOMd0qvISD/taiwnHtB4hZQ7TkYq3URhQOMV0hxCUOnAyICGpEfoFdJfkpKe7muqyJsdY/MlKF9vkJo+ISWV7pB7hIQDGm+Q1kIBToApHO2oLyGc4vYG6QOA/7N3gymcdShT3M4Bjd6X6gXSkG8B/29dC+dwtzLFnWAP0F++XiAdgvzv3PAxmMNxeUCTk0LSI/QC6YuQ/2scB+AkNrZU5c8lGdCwJ02G3H/gcMCiKGmXMsVNMqBhT3od5H6PY/gCeFB3yjXFHaS7R8iclH8Xcn+9Y3jwJTiLzS3VhekEPULmpIWQ91My6DpEL+qJdrIBDXPSOyHve2XSvnVnwCw+X9NUTjLFzZrU53PI+48cQ+t6Og7BadyyumYpgayENWkL5PzD9cOy+9afwGkc6lBED7oHNKxJ90LOH3cMD/R2NNbD5Xumv7kiT/8UN2PSsO8g5zfJxbu2tbb4WTiPbcoUt+4BDWPSiyDfH8vF29fdXFX4Q0Qe8oAmW/eAhjHpq5DvJ+Xi7emoL83N+QbMg0yzw5Z0Luj7ZmfxrlyemfwknAiRZoct6Y8h1586v7zKq5qB0BSe7CDQ7DAlFU9Brp9xfnnrS7JSopKgYaxslxNodpiSloCub3UV77KMhDDbE3AmD41qdv7bSO+BPH82VrwxIdZhOBMSzQ5LUv9/Q573jxZvckSQXwxC5kyg2WFJ2gV6/vlo8cZPD7CYn4JTIdDssCQFM/9iw1jxBvuajA44FQLNDkPSGFBq9byzeBtKnR0fgyEaoc3Sr9lhSHo56Ph2Z/GuWp6RIKcuCgbEKuuIZkfHgIYdKfcW5PerC8cVr1HgxQvhXPRrdtiRLgD9vjBavE41OM8JsYhkXJodHeXLjvQ20O/WkeLNdImNON5wEE7mLb2aHWakho8gt6cvciiOq/JH11s48WI4Gd2aHWakVaDbw47hwd7xb4gTEhDZ6NXsMCPdCbrdphRv2/iFJd6AmPfVq9lhRRoEzgt9/QOleFuUUhz9knIi/MukW7PDirQf9HpEKV5lk8j3nxdOABdxJN2aHVakz4Fe71TmedtqnZMIoz8ZvOEonI5OzQ4jUvjT8s3FI8U7NzZE7ja4mnHiJkQ++jQ7jEivAZ2+Olq8ysdl9LeRE2Yj8tGn2WFDyr0DOv2Dq3hXjC9epXyPwfmc7lU0O9EaNTtsSBeDPr/d6CreAtc699gjEhGaB32aHTakvwJ9HnMWb+PkqT5OSEckpEuzw4TU/C/Q590jxTt5QZ83gEMgnZodJqT1cK6XOobk4q2eVLxK+V6PyEiPZocJ6W7Q5RsjxTulW8cJ8GjPpdnJ1qjZYUEaCs9R3+sYGnBXvHL5GjES2Y3NmjU7LEjhma/vLh8t3riJxauU702IlHRodliQHgY9vq1oG9wVr1K+2YiUdGh2GJCmwh7vU4q3vbbI3WvhjScQOV2rWbPDgPQG0OG5K+XiXbNazjVuaq6ceAsip32aNTv0Sfn3QIfHXcVb7rb+OCEPkdNnmjU79EmXwQ53Kgvhoy9lSvnxRvhZ6dDs0Cf9Pexwk7N4a9wWr1K+8LSiDs0OdVLfL0B/7yjF26VSvEr5ggo8SYdmhzppK+zvz87irVP9ovBmcC1d0q7ZoU76GOzv6pHiVZs34ETMthOtmh3apBGg1Eo66Sxe+dOpNhfECSsQWWnV7NAmRczCP+gq3pEVX7ekFsxe63u1aXYok3KIyZETh1968dBzzz6x54E/3bdj+/bt90y27dvvRWQlndCm2aFMOg+TIi3TptmhTHozc7xx9pBrQIPU7NAlFf/OHG+cadPs0CUtY043wTRpduiSor4k9EyTZocqacBp5nATTJNmhyrpGuZsk0yLZocq6TPM0SaZFs0OTdJY1mBT7BsNmh2apFcyJ5tid+I1OxRJub8yB5tiGjQ7FEkXMeeaaho0OxRJf8Gcy43hNTv0SI3wFmgG9h764FB6pCuZU7k1tGaHHun9zKHcGlqzQ43UBu9hYmKfYDU71EgHmDOp2I3IAQ01UoRglY1hNTu0SGcyJ1IzrGaHFin+2hjqhtTsUCLVcG0MdUNqdiiRLmHOo25IzQ4l0m3MeTwYTrNDh1TTtTHUDafZoUPayJzGo12C0ezQIX2YOYxHQ2l2qJDiro15/3XthhARSkjNDhXSDZh0Tqxf73A4hoeHhoYG8fYCChWj2aFC+gommwdl0OGhwYF1/VrsdhQpRrNDgxR3bcxmBXSgv7dnTbcG60Md/IvR7NAgRV0b8/56x/DgQN/azvbWlmYN9jzGOUazQ4FUeB+TyyPKG+3rbmuqW1ldWVmBti0oUoRmhwIpRpQgSTc4hgb7ulvrKouX5uctxtsK1FrP17BmhwIp6toY5zFIa9vqygqy5qelzpqVgrRZqY9j3Eu/BjU75KR+X2Iy2afsqu1sqizITE2MjY7EWxTimAfZjoEDGnLSdlQmzpNk2mqLslLjwkNtQYFYC7LFwWdEyfYdqNkhJ0VdGzN6kkx+enyYzd/XgjcfP9wNhaBmh5gUd23MM65jkErkIYfNz2wU8WYw9aBIQc0OMelGVB63jR3GIT9155W8SON50Y6bX4U0O6SkuGtjxg7jcP4QaNpiyPGGR1GkkGaHlBR3bczB70+S0XyaFCfAu3YVgzQ7pKQ/RWWx9fuTZLQfxCCE4+4S3bK62tMUNyGp4R+YHE5POIxD6+EavAFxRpTk0uwsVNfsEJLiro0ZO89A1xF6nIDrPACaHULSP6Jy+O34k2Q0H4LDCVGwaFixnzk1O2oDGjJS3LUxri3hY4dxaARVyhd3lYlnzQ4ZKe5H/TXXlnDdVxxxAuKQHQnS7JCR4p71Xc5dtfpPeccdsiMBmh0i0hmo+GcvHX+egZ4jPVGH7EiAZoeIFHP4giS96e48A03GiZegInnU7JCQIq+N2eH2PANNpKhDdiTPmh0SUsxGUefGxEG3W8I1GG+A97Qq5kmzQ0J6Byr639R31aKNE69AxZI2qWt2CEiR18bc72FXLZpUSMGRetDsEJCC18a47KqxXbW6i1cp39dQwTxodghId6Fiv+t5YyLSOPFqVDQPmh39pCG4qYDd4zcm6r4chhNwSyIeNDv6ScFrY1x2HbAxEWm84U1UOHXNjn5S3HrfKWhjItI4EbzTxGWqmh3dpLieoPTo6MZEwssCOQF5/e8ralPcukmTcIG30CleZZ88bn38SJfKgIb/J9z4oJM0N2XibFf7zvt3PbjnsacPvHD4lSNH3duRu4aHBno7G4kuEXEZJ2buePjRpw4cekk1mmLPXSY/V/flu2THrt2P7Hv24IsvqznYf5nzPy138rweb/S1xczJq2js6OkfUF2+H+hb00rhpku5fI1+oTPmFVY3d/WuU1cLeAjHG3xs0XMKqjw56O9RJsgnLU8qoUPi0vMrG9q7e/pUrae7vbGywP15BppMSTQqNbe0rrWrp1c1XO/artW1xW7/UWUHQVGpeeUNbar59vYorSd/UzjBJD/k9Pyy2ua2ji416+xobawpykqJJOg2jMQTzdawxMzCyvqW9k498XjREhiRnF1c09iqlm9n++qGyqWTZwycpLFpuSsqV9U3NqlZY8OqyuK89PjpAWTF66qh4JjU7OXlKz3Ea2qoqykrXJAcMXU0IT+qAHtCRn5pdW2Dh2yLFk8e4cqRfW1RKZmLlxWXlZeXu126Ly8vKy0qzJ2fFGnTd63GeOMNFqs9Pi2rYEVJmUo8JWDJioLsufF265TqVV5NSEzqwiXLi1Xal5eXFi3NzUiKCPKZcOKYEnl6bMrczKzsXFXLyV44f87MqGA/E9lt4NNcjzYoPD513oKsHCBgYqTNb8q315Vw3Kz0TNX2OdmLMtKSokP8J55JwAtGH+v0qLjEpGT11fvkpMT4mPBgf7OB9JXKmYom3yB71AzPAZNnqgXkwITlxgmxESEBlomNlcg+VluoPTzCg4WHTQ8O9KMAqiFgSJCfxShMPdCFF40+AXL7MA+N7SFB/lMac4JotPj6B1it6qv3VqvV389iMgi6b/OclCoUUI4Y4OdjdhsQbq/WmOMFg9FkNntavTebTUalJQVQXECL2WQyiu6fLNxerTEnNxUEz8v38h/wNF4oOqAzosqThdurNsat4VPixEckak8z2/N23s4bc/sPEMj3Hw0KZW5kc3RyZWFtDWVuZG9iag0yMCAwIG9iag08PC9CaXRzUGVyQ29tcG9uZW50IDggL0NvbG9yU3BhY2UgL0RldmljZVJHQiAvRmlsdGVyIC9EQ1REZWNvZGUgL0hlaWdodCAxNzcgL0xlbmd0aCA2MDEwIC9TTWFzayAyMSAwIFIgL1N1YnR5cGUgL0ltYWdlIC9UeXBlIC9YT2JqZWN0IC9XaWR0aCAyMzQ+Pg0Kc3RyZWFtDQr/2P/gABBKRklGAAEBAAABAAEAAP/bAEMACAYGBwYFCAcHBwkJCAoMFA0MCwsMGRITDxQdGh8eHRocHCAkLicgIiwjHBwoNyksMDE0NDQfJzk9ODI8LjM0Mv/bAEMBCQkJDAsMGA0NGDIhHCEyMjIyMjIyMjIyMjIyMjIyMjIyMjIyMjIyMjIyMjIyMjIyMjIyMjIyMjIyMjIyMjIyMv/AABEIALEA6gMBIgACEQEDEQH/xAAfAAABBQEBAQEBAQAAAAAAAAAAAQIDBAUGBwgJCgv/xAC1EAACAQMDAgQDBQUEBAAAAX0BAgMABBEFEiExQQYTUWEHInEUMoGRoQgjQrHBFVLR8CQzYnKCCQoWFxgZGiUmJygpKjQ1Njc4OTpDREVGR0hJSlNUVVZXWFlaY2RlZmdoaWpzdHV2d3h5eoOEhYaHiImKkpOUlZaXmJmaoqOkpaanqKmqsrO0tba3uLm6wsPExcbHyMnK0tPU1dbX2Nna4eLj5OXm5+jp6vHy8/T19vf4+fr/xAAfAQADAQEBAQEBAQEBAAAAAAAAAQIDBAUGBwgJCgv/xAC1EQACAQIEBAMEBwUEBAABAncAAQIDEQQFITEGEkFRB2FxEyIygQgUQpGhscEJIzNS8BVictEKFiQ04SXxFxgZGiYnKCkqNTY3ODk6Q0RFRkdISUpTVFVWV1hZWmNkZWZnaGlqc3R1dnd4eXqCg4SFhoeIiYqSk5SVlpeYmZqio6Slpqeoqaqys7S1tre4ubrCw8TFxsfIycrS09TV1tfY2dri4+Tl5ufo6ery8/T19vf4+fr/2gAMAwEAAhEDEQA/APn+iiigAooooAKKKKACuq8D+ANX8fX11baW9tELaMPLLcMwQZOAPlBOTg9uxrla950CM+BvgDNe/wCr1LxFJhD0YRkED8NgZgf9sUAZP/DOHiv/AKCmi/8Af2X/AON0f8M4eK/+gpov/f2X/wCN1w3nzf8APV/++jR583/PV/8Avo0Adz/wzh4r/wCgpov/AH9l/wDjdH/DOHiv/oKaL/39l/8AjdcN583/AD1f/vo0efN/z1f/AL6NAHQeKPgj4l8K+H7nWbm6065t7bBlS2kcuFJAzhkAwM8815rXvPwd1KO+u9X8Kai7PaatauArHPzBSGA9ypJ/4CK8T1jTJ9F1q90u6GJ7Sd4X9ypxkex60AUqKKKACiiigAooooAKKKKANfwx4dvfFniK00TT2iW5uiwVpmIRQqliSQCeintXpn/DOHiv/oKaL/39l/8Ajdc78Ef+Su6J9Lj/ANESVZ8dzSjx7rwErgC+l4DH+8aANn/hnDxX/wBBTRf+/sv/AMbo/wCGcPFf/QU0X/v7L/8AG64bz5v+er/99Gjz5v8Anq//AH0aAO5/4Zw8V/8AQU0X/v7L/wDG68v8Q6Fd+GtfvNGvjG1zaSbHaJsqeAQQSBxgjtXoHw3mlPxE0QGVyDcdCx9DWF8Xv+Sra/8A9dl/9FrQBxNFFFABRRRQAUUUUAFFFFAGp4b0WbxF4k07R4Mh7udYtw/hUn5m/AZP4V698Z9VhfX7Lw9ZYSz0i2WMIvRWIHH4KEH51Q+AmkwwX+s+L74YtNItWCMf77AliPcICP8AgYrjdU1CbVtVu9RuDma5maV/Ysc4oAqUUU+KKSeVIoo2kkchVRBksT0AHegBlFS3NrcWdw0F1BLBMn3o5UKsPqDzUVAGjoGrS6Fr9hqkOd1rMsmB/EAeR+IyPxro/j7okVv4rsvEVnhrPWbZZA69C6gAn8VKH864uvU7mL/hN/2fp4vv6h4dk8xfUxqM/l5bMP8AgFAHg1FFFABRRRQAUUUUAFFFFAHoPwR/5K7on0uP/RElTePP+R+17/r+l/8AQjUPwR/5K7on0uP/AERJU3jz/kfte/6/pf8A0I0Ac9RRRQB1Xw2/5KLof/Xx/Q1i/F7/AJKtr/8A12X/ANFrW18Nv+Si6H/18f0NYvxe/wCSra//ANdl/wDRa0AcTRRRQAUUUUAFFFFABRRXUfDvw5/wlXjvStLZN1u0okuPTyk+Zh+IGPqRQB6pq0X/AAg/wL0jQx+7v9ab7Tcjodpw5z7geWv515TXefF3Xv7a8d3MMbZt9PUWsYHTcOXP/fRI/AVwdABXb/COyN58SdMOMpAJJm9sIcfqRXEV6v8ACJY9C0bxN4xuVHl2Nq0UeejMBvYfXhB/wKgCv8dbUw+OLecD5Z7JDn1IZgf0xXmFesfESZvFPwy8JeLFO+Ty/IuWHdyMMT9HjYfjXk9ABXo/wZ1iOz8Wy6Tc4a01WAwsjdC4BK5+o3D/AIFXnFWLG8m07ULa9t22z28qyxn0ZTkfyoAy/F2gyeGPFup6NJn/AEWdkQnqyHlD+KkH8axa9n+POmw3/wDYPjSxX/RtTtljlI7OBuXPvtJH/AK8YoAKKKKACiiigAooooA9B+CP/JXdE+lx/wCiJKm8ef8AI/a9/wBf0v8A6Eah+CP/ACV3RPpcf+iJKm8ef8j9r3/X9L/6EaAOeooooA6r4bf8lF0P/r4/oaxfi9/yVbX/APrsv/ota2vht/yUXQ/+vj+hrF+L3/JVtf8A+uy/+i1oA4miiigAooooAKKKKACvb/gtap4b8IeJfHVyg3RRG1tN3cjBI+hYxj8DXiSI0kioilnYgKoGSSe1e+fERV8IfDzw34IhIEwjFxebT1bnP4F2c/8AARQB5VLK80zyysXkdizMepJ5JplFFABXp/j2X/hEPgbonh5fkvNYkFxcDoSow5B9wTEv4Vxng7RT4h8X6ZphXdHNODL/ANc1+Z//AB0GrXx118ax8Rp7SJs2+mRLaoB03fef8cnb/wABoA6b4SS/8JV8MvE/g2Q7p4R9qtFPXJ5AHsHQf9915mRg4Na3wd8Qf8I/8StMd32294TZzc9n4X/x8IfwrU+I2if2D471O1VdsMknnw+mx/mwPoSR+FAHK0UUUAereH4v+E2+COueHCN99pJ+02g6nHLgD3JEi/8AAhXgdev/AAl17+xPHtokj7be+BtZPTLfdP8A30FH4muL+JHhz/hFvH2q6aibbfzfOt+OPLf5lA+mdv4UAcpRRRQAUUUUAFFFFAHoPwR/5K7on0uP/RElTePP+R+17/r+l/8AQjUPwR/5K7on0uP/AERJU3jz/kfte/6/pf8A0I0Ac9RRRQB1Xw2/5KLof/Xx/Q1i/F7/AJKtr/8A12X/ANFrW18Nv+Si6H/18f0NYvxe/wCSra//ANdl/wDRa0AcTRRRQAUUUUAFFFFAHoPwY8Of8JF8R7EyJutrDN5LkcfIRsH/AH2V/AGrnxB17/hI/G2o3yPugWTyYPTy04BH15P411Hw9i/4Qv4L614nf5L7V2+z2h77RlFI/EyN/wABFeYUAFFFFAHqnwegh0m28QeMLxf9H020ZUz3bG5se+FA/wCBV4Ze3k2oX9xe3Lb57iVpZG9WYkk/ma9u8aS/8If8BdJ0VfkvNclE8w6Epw5/IeUp/GvCqAHRyPFIskbFXQhlYHkEdDXvfxOKeJ/BXhfxrCoLTwCC5K9mIJx9AwkH414FXufwrl/4Sv4T+JfCL/Pc2n+k2i9+fmAH/A0Of9+gDzKiiigB0cjxSpJGxV0IZWHUEdDXo/xotk8S+DfDXjm3Qb3jFrd7R0JyR+AcSD8RXm1esfDtF8X/AA78S+CZiDN5ZubPcejcEfgHVD/wI0AeA0Uro0bsjqVZTggjBBpKACiiigAooooA9B+CP/JXdE+lx/6Ikqbx5/yP2vf9f0v/AKEah+CP/JXdE+lx/wCiJKm8ef8AI/a9/wBf0v8A6EaAOeooooA6r4bf8lF0P/r4/oaxfi9/yVbX/wDrsv8A6LWtr4bf8lF0P/r4/oaxfi9/yVbX/wDrsv8A6LWgDiaKKKACiiigAq1pthPquqWmnWq7ri6mSGMerMQB/OqterfATQY77xnPrl0ALPRrczM7dBIwIXP0G8/8BFAHR/GC6g0uDQvBtg3+i6XbKzgd2xtXPvgE/wDA68srV8S6zJ4g8Sahqsmc3MzOoP8ACvRR+CgD8KyqACtjwpox8QeKtN0sAlbidRJjsg5c/wDfINY9ep/Bu1g09td8WXo/0bS7RsE+pBZse4Vcf8CoA5b4868NV+ILafCw+zaVCtuqr03n5mx+YX/gNeX1Z1G/n1TU7vULlt091M80h9WYkn9TVagAr0D4L+IP7A+Jen732wX+bKX/AIHjb/4+Frz+nwyyQTRzROUkjYMjDqCDkGgD0n4g6J/YHjjVLJV2wmUzQjtsf5gB9M4/CuZr1f4qCPxH4W8MeNbdRi7txBcbf4WI3Afg3mD8K8ooAK6n4d69/wAI744028d9sDyeRP6bH4JP0OD+FctRQBsfGTw5/wAI78SNQWNNttfYvIeOPnzuH4OG/DFcDXunxKi/4TH4PaD4sT57zTW+zXh74OEJP/Agh/4Ga8LoAKKKKACiiigD0H4I/wDJXdE+lx/6Ikqbx5/yP2vf9f0v/oRqH4I/8ld0T6XH/oiSpvHn/I/a9/1/S/8AoRoA56iiigDqvht/yUXQ/wDr4/oaxfi9/wAlW1//AK7L/wCi1ra+G3/JRdD/AOvj+hrF+L3/ACVbX/8Arsv/AKLWgDiaKKKACiiigAr3nT4v+EH/AGflJ+TUfEcm4+ojYfy8tfzkrx/wnoUnibxXpmjR5/0udUcjqqdXb8FBP4V6r8ZtYjuvFUGjWuFs9JgWFUXoHIBOPoNo/CgDzeiiigAr0rwb8Q9C0HwbP4f1XQpL2KeVnm2spWUHHUH6AfhXmtFAHqP/AAmHww/6J/H/AN8R/wCNH/CYfDD/AKJ/H/3xH/jXl1FAHqP/AAmHww/6J/H/AN8R/wCNH/CYfDD/AKJ/H/3xH/jXl1FAHqHiX4j+HdR8Cy+GdI8PSWUJZWhGVCRHfvJAHc8/nXl9FFABRRRQB6r8I5oNb0vxD4KvWxBqNs0kWf4WxtYj3+4f+A14Xe2c+n39xZXKFJ7eVopFP8LKcEfmK7jwnrbeHfFWnaqCQkEwMgHeM8OP++Sa0fjv4fXSfHx1K3A+yatCLlGX7u8fK+P0b/gVAHl9FFFABRRRQB6D8Ef+Su6J9Lj/ANESVN48/wCR+17/AK/pf/QjUPwR/wCSu6J9Lj/0RJU3jz/kfte/6/pf/QjQBz1FFFAHVfDb/kouh/8AXx/Q1i/F7/kq2v8A/XZf/Ra1tfDb/kouh/8AXx/Q1i/F7/kq2v8A/XZf/Ra0AcTRRRQAUUUUAez/AAH02HTxr3jS+T/RtMtmiiJ7uRubHvtAH/A64a/vZtS1C5vrht09xK0sh9WY5P8AOvT/ABJF/wAIR8FtD8MgbL7VD9pux37OwPuCUX/gJryigAooooAKK9M8J+E/CsPgGfxX4xluIrVrjyofKZuRnbwFGSS24f8AAaX7b8EP+frVP++Jf8KAPMqK9N+2/BD/AJ+tU/74l/wo+2/BD/n61T/viX/CgDzKivTftvwQ/wCfrVP++Jf8KPtvwQ/5+tU/74l/woA8yor037b8EP8An61T/viX/CrV34V8DeI/A+r6x4Lmu5LnTcO6ylhwOWyrDpt3EEdxQB5RRRRQAV6j4ki/4Tb4A2moD59Q8PS7JO5MYwp/8cKMf9w15dXp3wY1KF9Y1Lw1ffNZ6vashQ92AOR+KF/yFAHhdFaOvaRPoGv3+k3H+ts53hJx97BwD9CMH8azqACiiigD0H4I/wDJXdE+lx/6Ikqbx5/yP2vf9f0v/oRqH4I/8ld0T6XH/oiSpvHn/I/a9/1/S/8AoRoA56iiigDqvht/yUXQ/wDr4/oaxfi9/wAlW1//AK7L/wCi1ra+G3/JRdD/AOvj+hrF+L3/ACVbX/8Arsv/AKLWgDiaKKKACuu+GPhz/hKfiBpdg6brZJPtFxkceWnzEH6kBf8AgVcjXuPwft18K/D/AMSeOJ1AmdPstmWHUjH6Fyo/4AaAMr4r69/bvj292Put7L/RIsdPlzuP/fRb8MVxNKzM7s7sWZjkknkmkoAKdFG80qRRqWd2Cqo6knoKbXa/CjRf7a+IFgHXdDZ5u5P+Afd/8eK0AaXxwuU0Hw54X8E27j/RoBc3AHdgCqn8T5prxKuu+J2v/wDCSfETWL5H3QJMYICOmyP5QR9cE/jXI0AFFFFABRRRQAV6x8AdbSz8a3Gi3JBtdXtmiKN0Z1BYZ/4DvH415PV7RdUm0TXLHVLf/XWk6TKPUqQcfQ9KAOq8Q6S+heItQ0uTObWdowT/ABLn5T+IwfxrNr0/40WEMur6X4ks/mtNWtFYOP4mUDB/FGT8q8woAKvaNqc2i61ZanB/rbWZZQPXBzj8en41RooA7n4+6PD/AG9pnimyG6z1m1Vi4HV1AwfxQp+RryCveoov+E3+AN/YY36h4fk8+Ludi5b/ANAMigf7IrwWgAooooA9B+CP/JXdE+lx/wCiJKm8ef8AI/a9/wBf0v8A6Eah+CP/ACV3RPpcf+iJKm8ef8j9r3/X9L/6EaAOeooooA6r4bf8lF0P/r4/oaxfi9/yVbX/APrsv/ota2vht/yUXQ/+vj+hrF+L3/JVtf8A+uy/+i1oA4miiigB8MMlxPHDCheWRgiKOrEnAFe9fE4x+FvBvhrwPbMMwQi4utv8TcjP4uZD+VcR8EfDy698SbOSUAwachvXB7lSAn/jzKfwr0Xxr8MvGHifxdqGqKtn5Mj7YA1xgiNRheMccDP1JoA8aor0b/hSXjD+5Y/+BH/1qP8AhSXjD+5Y/wDgR/8AWoA85r1fwJJ/wiPwr8UeL2+S4lT7NaMeu77qkf8AA3H/AHxWd/wpLxh/csf/AAI/+tU3xokXwv4G8MeCIZFMir9puth4JGRn6F2c/wDARQB4bRRRQAUUUUAFFFFABRRRQB7vpEv/AAmX7PLwn577w9Mcevlrz+WxyP8AgFeXV2vwA1mODxbfeH7rBtdYtWTYejOgJA/75Mn6Vq3HwQ8VJcyrB9ieEORG5nwWXPBxj0oA81or0b/hSXjD+5Y/+BH/ANaj/hSXjD+5Y/8AgR/9agBnwb1tdN8aiwnINrqcRt3Vuhfquf1X/gVea+NvD7eFvGeq6OQRHbznyie8Z+ZD/wB8kV6na/BvxrZXkF1B9iSaCRZI2Fx0YHIPT1FO/aK0Fkn0XxGY1jluIvstyqnOHUbl+vVhn/ZFAHhdFFFAHoPwR/5K7on0uP8A0RJU3jz/AJH7Xv8Ar+l/9CNQfBIgfF3Q8n/nv/6Ikr0PxT8IvFGreKtU1C1WzNvc3Lyxlp8HaTkZGKAPIqK9G/4Ul4w/uWP/AIEf/Wo/4Ul4w/uWP/gR/wDWoAw/ht/yUXQ/+vj+hrF+L3/JVtf/AOuy/wDota9T8G/CbxNonjDTNSvBZrb20u+QrNk4wegxXlnxeIPxW1/B/wCW6/8AotaAOJooooAntL26sJ/Ps7ma3lxjzIZCjY9Mir3/AAlHiD/oO6n/AOBcn+NZVFAGr/wlHiD/AKDup/8AgXJ/jR/wlHiD/oO6n/4Fyf41lUUAav8AwlHiD/oO6n/4Fyf41Ru726v5/PvLma4lxjzJpC7Y9MmoKKACiiigAooooAKKKKACiiigB8M0tvMk0MjxyodyujFWU+oI6Vpf8JR4g/6Dup/+Bcn+NZVFAGr/AMJR4g/6Dup/+Bcn+NH/AAlHiD/oO6n/AOBcn+NZVFAGr/wlHiD/AKDup/8AgXJ/jVW91TUNS2fbr+6utmdvnzM+3PXGTxVSigAooooAfDNLbTJNBK8UqHKujFWU+oI6Vpf8JR4g/wCg7qf/AIFyf41lUUAav/CUeIP+g7qf/gXJ/jR/wlHiD/oO6n/4Fyf41lUUAav/AAlHiD/oO6n/AOBcn+NZsssk8ryyyNJI5LM7nJYnuT3plFABRRRQAUUUUAFFFFABRRRQAUUUUAFFFFABRRRQAUUUUAFFFFABRRRQAUUUUAFFFFABRRRQAUUUUAFFFFABRRRQB//ZDQplbmRzdHJlYW0NZW5kb2JqDTIzIDAgb2JqDTw8L0JpdHNQZXJDb21wb25lbnQgOCAvQ29sb3JTcGFjZSAvRGV2aWNlR3JheSAvRmlsdGVyIC9GbGF0ZURlY29kZSAvSGVpZ2h0IDIyMSAvTGVuZ3RoIDM4MDk5IC9NYXR0ZSBbMCAwIDBdIC9TdWJ0eXBlIC9JbWFnZSAvVHlwZSAvWE9iamVjdCAvV2lkdGggMTI3ND4+DQpzdHJlYW0NCnic7F1nYBtV1nW3bMtN7r3JvVe5W26y5CZ3y5Z7b3ISElIgkISaQMICgcDSCRA6LCwtlPCxtKWGpS4sHUIPhBYgkPibNzPqM3dmZEku8fkF8bw3b0YzZ957995zbGxWsIIVrGAFK1jBClawghWsYAUrWMEKVrCCFaxgBStYgdVhG51mu9BjWMFJj5A1G3FsokCFLYLlzu3mRQOPlTcDgK0H3X3zsl/osTHBNnpo76dzc2fYWvjRWsEKYNi+MwegxB6DnaWe0IvpT/yEk52d3cqrQQm7++nv26cxi/i+kayH8KOnvYODBR8t7nA44y5anGpnIk/n3kzb5w1JK9y/oHCBiG9uxtnZyckBe0AtcWrHE8CZ8x0dHRwW05uxeCCEfrFNjtiNW4T3TYf1cKh4PJ6zxR4tE6CE7mo9TtPcx/oB0OdzqM9F+EudLOBDP/icysOd7+qCPaCW+Hl40JnLXV1deIvpzVg8SIDu21lu2H1zdlxU982Q9RDe9fT0cHflLZ6BroPu6iSiaUd7e6409TvQ5ycui4z7TzJ4QD/43OoAP1+Bp6uzRagPZL4agbeXh9siejMWD0DmO08g8PLguzgtlvtGxXo4OgMD/ATu2EAXxzhh5pv19HTnu3D/oEDM9ynG/Xw33qL5pU42eEE/+NypMVERIf5ebs4OFvh5QOaTh4UG+WNvhuNieTMWD0DmuzA8NDjAxwNR30KPk571EJ4QxkSG+Hosmh8YZL51QYH+Pl58HtfBQsz3WRDifo/F85E6yeAD/eBzZ2RnpiZEBXq5WuLTDDKfMiUpLirEx51nCc5d2gCZb3dKUnxMmJ/ngjNKJMB6CCeas9Piw/3QD7yg41QDZL7NccKo8EABn+sMAGK+Q/GxGPdjv9SimfaeXPCDfvC586rKS/JSovw9LPF8gsw3VVqUlxEfIuCvPBeGAJnv2rJiUWbiwjPKavC5Qrirojg7PlTgtkh+YJD5zhflZiYLgzkPFmK+L/PzMO6P8MOmvYuD+08yBIBP587mRqk4Nz7E29UCvw7IfOvrZZVFGTEBnrpvcM9lC4HdssWVfwAy3y0NtVUl2XHBFvnFOOBZ8LlC+LW9piQjJtDTZXFM+kDmu1haVZafFh3AdbAQ830tk2Dcn7B4uP8kQxD4dF6i7GySFqeE+7g5WZn5zuxsra8UJehxbgU4Vsvhr2iLpjVyBch8dyjaGiVF2C+2wJPlc5hv6zVNkoIk9GgtihcfZL4r25pqK7CnUcDxewIx3zftLQ2Skowof3fnRXEDTjaEgg/nZYO9HQ3ijEg/7D0y+6lB5junr7tVVpISJtDh3BFwrBZEKc8ZJTUskh1HkPnu6Ve214szovzcF5ZQIqBkTQKHFI3lWcIAD57DYrivIPNd16tokZWkhvvyuc0AIOb7rk/Z3liZGxvoafoNCH3wTXPgH352i2pVYxWEgw/n5aOD3U2VWdHWZ77tI/2KRnFahO6ztmDMV4TyD4zSGm355oQz6/sGMt99I4PdzVXZMQs+k3iA+bZub5MWJIVynUdZCCDz3Tjch9E09j3h+B6AzDcyqGyVFsQHe7mYzHwXMd9kVtjqQFTUOBeJSZRbHikLy7WR4B25fGK4p6U6Oxq9R2Y/Nch8F44PKZsqMiIXBfMVovwDlNaoO+sLhxL0ueP4Zju88Iz5voHMd//4cG+rJBebSi0w89UzX/LBrkZxRvSCczQBkPluxp7G5qoszu8BxHyHJ0b6O+qKE0O8TWe+a5hvMiuc4+KCsqodnjRTf+wwhepiFmwTKRoc22WTI72t1cQMwuynBplv58RIT0tlJvrKLjzzlQpjIkP9UW6PzuzkVDOf5Ae87ozFkhpkvn9Ojva11+TFBi408zl+zHjFJ9a2SdBW7qIIboLMdwt6DyTZMQHmZL6p8UFFQ0lS6CJgvnVeXp7ubjw4udfseMTJyclxwYpYYsGx7Z4c6VMzn9nHBzPfJMZ8VZl664sFYz5JbnZaYlSAfurVZjOf5Bc3VxcXVM7E9BGEmW8KYz6pCO0eLSzz2Z3BfMmPKOpL0/BN5IWf9IEfsn3YXW2T5KBNSS5DtQWZb3p8qKuxNBlf7pt4/eZivvGQ4EA/gTuc4mZ2PMbnu+ElqkZPfMILn5sPn+y0p1LxiAfHdonOnG/hmE995gVjPrmkoiQ3OcJP7y6Ym/l+FQi8Pd1ZVAouEeYL/ZPxko+OtFTnxgVZMrFl5H2W7wc80h9++P7wd9989eUXhw5xeemY+vz+u2+/ZurzrWo72viDuZivPzFeGBniG2im7ljigJ+vwMvD1dk46f5a854o2dHBeDWVCDb5G8F80f6WiBQuHeZrb2mUlmXH6ueemZ35wsNC4tKT42MiI8LDQgFUQ708c9r61RM9DaWZiTGR4XQ9CMz9U1LAzvEu5mu+sbOOyJmyFEvbHTXXz7NweNnRgU62yFzM11uYn5MWFwqHO82Op6IiwoL9vSkqY24z74mKiW1M/bllMthk1wrzYTjWp+yQSwoS9RO6zc18R1OT1/9l5j7pcBrbaIrpsHWQMI/ji56mymzhfPI6GOBg+Xtpcbzngr241ElV5mI+Za2kvDBDGGOm7ljiuYy05PioIG/jD5+Zma/C28uT72ogOJEGNsH4pxeP7VpiK2bJMN+vI4M97XUlyWECSzLfb+KSV83cJS0+cSLlD839m2pha897l3kgO9plhZZMbFkOzPc/7L1F8jsUNcNmYr4T3e0t9ZX5SeA+ivnxUkVZUW4qKuMx/PnNzHy1aBvT20BwIgNscgFivqqFyOdbTMx3ZGJ0QNFYlootyyzJfI31b5q5S1occnNzpd5bNh/snVhEv1/rtmxiy3JgvvdDQ4ICfDxdKajPTMz380BfV2ttSWqSebpji4NNDdJyUTJFvZGZma89MV4YEWQgOJEFNtm+wnwYvpkaH+qWiw2Yj0XskhN+7+oAnQHMiS98iGiKJQVd7ByCfmMciKUTW5YD832UlBAXHRbgSSGYZCbm+3IMZWqL0+GtL7Pj9e7OZllZJkX9npmZb7QoPztVGKy/rM4Fm5xPMB/n3HVWWDLM99n0xLDS8sw32MdieWgefBkeHhLk520Z3UUStvbONzGPxMKJLcuB+T4pKRRlJqGkKqPsFzMx3/8mxwa7myoyrMx8bw72KeRVuULjPAQzM9+aWkl5QRouOaU9jwhsci7OfJmLhPlGzXo72OMDNfPp7UeZnfnGht8zc5e0+Do1JTE2MgijPiMBU3sHM8HR2bWceSS/j7VL8xPDfN1dnBznfUrjZ2w5MN/n9bLq0rykMAoRCjMx30H0gFuf+d4aG+ppk+bHBxlFuMzMfKe1N9dV5KE6QZ33twBscvYK82F4e3qCWO1alPn+mByzGvN9Ky4tzE0VBnoZJdFectxaY7AAXg80dJ5bDsz3RWebXFqaGe3vbpSiaSbmexpnvvJ0K+/zvT052t9RW5hgXLlsZubb2tfVIi0yiFAWgU22TWpqyE5i5nsNMV9jWUqYZZlvevx/Zu6SFt/J62vK81PCffkGOyye1hqBZaAydOxbDsz3ZX9Pp7wqD08ntQzzPUwuaqzNfFNjA511VmC+c4f7OhvKUiP0xPZKwSZbV5gPw4tknZGlmW/Casz3fVdHS604O8aoGsvXWiOwDNa7GqS+LQfm+2oUWxTKCqlEXczEfHeSn3a4rMHseBtVLtcVJYZYmvm2jw12yyvS9eRPbMRgkzNx5svQ0w0wG5YM8z09PT7YRdSWO2p/oSXNfIN9imYJ2mExeOaWOPOdRjj2aU19lgXzTYz2dyJRF4sx33XkA27lfD6rMd8ObErbbEhjsM7x5hXmw/AE9mAo6kuS9PWEljLz/TA23NteS/HMLXHm2xYWEuQv0HGeWw7M9/UU8fhRiLqYifkuxc9QnBhnnu7YwmrMd8GksfCTTRXY5DSsCUaWkVy1aFlhyTDfw+SDsYyYb3JsgPJlWuLMtyM5MS461E/rZbksmE+75LAQ852HNtxqCxNOAubTbtrVgE02rTAfhvsof6ElzXxT6GUqTV5uzHdZaZEoIwEFbkhpieXFfEZFfmZivk1TY/0dsvx4WLLO7FgQ5tOcSAY22bDCfBhunxqniEEtZeY7QhmzsVnyzHdNvayyOCs2SJO4tcJ8bDA7NdqPpM2E5umOLRaW+erAJqci5qs42ZnvRnwxUBAf7LnCfIsbezvbGqoLk8OQ7hV+PSvMxwK/zCDh1Zpca2u1LCzzNYJN1k4g5kuP9LW66+RiYr6ryMWAfq75CvMtPuxDznNlOl6BK8zHAl/NIOl1SXYMbE1hdiwA8+mkrzaDTU5RM9+iUKlaKObbjTFfu0wUp19fuMJ8iw93jAx0Ia9AjW/MCvOxwPszpDBJlFm6Yw3rMd/eo8cx/KUHhjbHjxs3AfFBmmEBEYLtWc//2wivgWf+6MP333vnjYOvvPTiCy8Qxz95o/nuBSdcSG6DBHqsMN/ixp3jyCswJwY5z60wH1u8NkNs50fBRoxmh/WY7zvz9keNPYYFRAhwdfBixzlTuJ+ZUN/PbIX5Fh/unkROQYTn5snAfFeY5QTqst2ICLN0xxrWY74fzdsfNa4xLCBCYGG+ygJfy7aevf2iPdffcsfd/7hPFwxeN/+8n8B9dGA47xlT2vdphfkWM+7Gt+qJb9TJwHyib81xAnXZbriVfTiWGfNdhQqIDLWzzcN83/gEhApTi2rbe4fHJyentHgMbHZsdlalUs1MT0/RgYE5T8VmEq2SHNxtVXtRtWa5Ji0+WGG+eUPLfOS+xDJnPltH3+CYDHFz79j0qjWnQHgDOIG6bDcszGrXhONZjPmsolhgJeYLQ9rZeAGR9mrMw3zfhkUKk7NL69qU/cMjozr4F9jsp1nEe1OT4+NjY6OUYFBmmtXxYdJ56iTrNp5xzkWAofY799xzz90kvqA/7B78sNs3TNFqtXx88cUX/02DfdBY39E7lG42u8J8SwgQ89nzPAKFuZIW5eDo+MQkDSYw/Bc4wfXqE8DM9/kLWhjv2tPhm7kPXqBu+Bg2o+jvtIZK1QU/mbc/alyLCojC/PRduc3DfN8lp2bkFlXWt3R29/bp4hWw2deI+CbHR4YGB/r7+6gAM9+xGUpNflt7Z48AYc5F9A2v0Jlr3kx71BE0JZ3BqHlilE6f7wDREdYNepC3QYN9UO/QnXTnPFmYz36hR2QGfAkxn7O7f0zHY/9+6ZVXDxrj1dtHRwgMfwacYLe6OjMUHMcO/NGC1k4UOPcEtprZd+rMDGpo0HJyfLivXVZgrJuxNJlvb2mRKDMxws+Dp+NNax7mO1xSWlZeJa2XN7e0tbXrAFZx/wgnvuF+ZVdnRzsVOuDT/jxDqdWFP3XRWXTkguEKYq45geaa9HHpI8SUdGJ8ZJCW+chJKzZlxZ5i0ProQb1Dt9Od82RhPps7FnpI88cDiJio63Zt7Z34vhGAfcsF+Le+t6fnCHCC89U1SiHgOHaQH+hxtHhii6fwpn++skeFMd2EftvR4YHuZgkSHrSwJrN1mO+WellVSXa8vjeteZjvh3oMdXUymVQqrdEFHLR+QzU9NT7c29nSWCczaEiAYXTfzlDW8BFPXdoO+oZX4Iw2OozmmvSu8UfUU9J+Jd2S5IC6o/6+3t7e9dBgHyQOHSIOPZvunCcN8zlkFFfUdY6dcvq287bvuAAAuG54ZufOnRdeeCHUnhLgYIk+GTvdNj05NtBZX2wgFUTA3slNEPo7/TkuUigUHe1tLa1Q+tpp6kx9JuZDj9YYtnYaHBgYOP/dz7YODAwO4v9Di3GNCdXPT5w7PjoyPKRzfH9vV1t9eXaMfuQQ4VxwIFzx1yarMN+tirZGSVFqhF7ys3mY7wg2Z2tplFWWFRWIRHlaFMPNnp3BiK+vo74atcujQBnc/rMZJO9VkR6hX8lia+fkKghJBH6kPYhyRwZ6urGH70r6q0LENzbcp+xseZvmkCdUM3hHio621pYWFTTYB4hzKolDT6c750nDfHaOroLQpJL6zr4R+o0whLuhfm/V20NgDyh0dhjf5UArQIZOJpCkmKwwgUKfz8bOgecB6Qyc2twkb6iTSsCChVXqfNVg6Ki57Sr0TR3sU3YpOqefw/7hUI9C0dWFcWsnhg5K6D32h+5Y1avs7iKOx1q0tzXXVxUaUAUOlw27r7j6xtv/8eD+xw88OV88cfG0VZjvtn5le0N5pr6HqnmY78eBPmWHvKYkJz0pPi5Wiwa42cMzU2MDisaK/IzkBN1mGuTA7f9HpDulRehZr6GnzsUzIGoLfcM9M1MTI/1drfJ6mfRi2qOOIK4a6u1orq+h89t9AnU00NXaWFsjqaoahAb7AHHOlgZZTXVV1Wq6c548zOfg4h2SUCht6e4fGoFwJ9TvrZo9BLAPI8DMR+5yjDJ0OozLyIrijLfD8IWHSx5wkm7sgSkvLchrAY75VV22G8DAfPhT2N3e3Ni27w/8X/Y2yuXyxgZsHVZLA4NVzIn/XNyFGhAtsEdUXJgZF+ztaqj4bmvP8wyKE0nbUBYHl21FakxaJbZ7+8hgd3NVjn7ym5mYb3S4T9FULUoRRoQEBWoxDTe7ZXpypLdNWpAWq99Mg1S4/RuUppP4U+fmHbSJvuGe6cnRga6mmvLiAhH91PAIPiVtr68qyaerasGYbwy7qzXiwrzsrCzoKZ57gDinpAw/dIjunCcN89lin6fA2NyK+lZFdw8EMGJ+K+Ko8dGhAXzPjD1A5sOIbwqb7OP7ElAnyu5OausAdHl2Dk6A3NJxaXWluFiUkdQFDORrddmufxB4c7djj9ZgV7Os6qxvyH/5o7uysrJcXFJcVFhYQIUe416O7j+lvAxrgZqIcjNTYsN8+bohATXzoZh1dVNX//Ao+01FGoyOWIX5bp0Y6W1F25a6v5N5mO+nCWQLWpkdF+Yv8PL00IAhk/3SaVyM2qiZBilw+5cordfwp87ZzfsU+oZ7plExlaQ4OzUxnm7diTMfPiUVpSfS7TU9MY3d1DZZcXZKvDA6qhoa7APYxWI0X5yFH0oXuzmJmM/e2d0vKr2wUtbQ1NwCACyN3IfvIfQrFe1tUB9GOAb0eRgjPuyB7u3C9yUANMsbpJR2UeRD2E9/jm/r66RVpXkpQqjk/QNN7kIgeHO3T6HHuWZE5/v8TEFBfl52empSYkI8FagNl7+6tiktJRm1iY0OD/Z1dzEyvCeih5niulZFT1//vNEHxXfMhlsmR/uMilzNxHzYqrBbXp4RHejNd+FpASe1zJ2JZDgby1KjArz0mmmQBrd/GqOJ7sbSFCOasLXHqA/YdduDgnKNZdmJ0WHBa2mPOoJNSfvaZYVpseEv0hzyBDYCZVNlTlJ0aFCAH2iXhwKB3fKKnMSo0MAAP7p9gJOJ+bCJeXBcuqhYXFEJ4e9Qv/vQPiu25qyXSaqrwG70ATPf9OTYoLJNXlvD0Gd5WVFeGpVFKEF9p9Kf4932FrmsIj85Cjhm7j/qsl2/APDmbscWHoq+B0/o/tu63JyMlPjoiLCQYApE0861/rMuKjIcZf76ebtrvQN03iwnvm94SkFlXVNrO/UOIge0t1uF+fZSlfebifkQBWGTrwg/d56jg70aXrDswu+zU+MDiroiZNXs7GhPgWz4tI8R+VTJoQIXg3wqjPqcJukb7kExs9rClKggX+9Z2qOOYBO6npaqnPgw/3/THfP0v558/OH77rz1phuuv+66p8HRkofuww+ly3c4eZjPBpuY8wUh0fHJaRkZmQD+BvW7D1vo9Ssaq0sLcrOhTgzxB9DnYbTL0dMqKy8SZWdBnWRgc6r4qGCBm7PhopB4CHfRn+MFZVd7o6QwOeI8YCDPEj7j6RG+TMw3OnzTUf1/+7pClJUsDAv0FXh7eXkaYhzorS0k0N9X4OXuxjOodCV+NUdXryBhRkFZpUQqmzek34MXZiZcT5T3x+qV9zPEIFiCYL6ylHAkPGmrQRPc6pMZMmiPW6zbUgD2HJ77J6UBEfnBtQd+3T1T+PQ3PtTXw5WeII+QBvfYTPZ5eCDmAy3zORyy1hAsgt2GigXo6+TI4wsCQsIiIqMgQNyAMR++b1GYmRQXA/ZiAJj5JkcHFPVluakJwmiwF2x2FOzvzec5UCvF3UJ/jkcH+7paZMXJ4VcBA3lEs4/tD97c7VOXfmX0j7eX5qfHhvp58V1djPEM0FtPaKCfwJPv4kxFfDa22PfKJ0SYnJGdJ8qfL0Siw+CFmQnXUAmbmJH5jBy/ba6GW70wo+Fi4x1iHLD/3NxdeIp7USJVPpWt7Rh9wz1EvW8stk5xmqA96gi5jRjh6/4cPBDzgZb5bGLWn3nW9ouv2nvbXff+g1bh4b77Hvxl7vH79HQgwPPdb6QZAZbNGB/ODpdP45vMesxnY4dRn5uHt8DX1w/CFmhA+/ANE3FWQmRIINiLAUDmwwNvNfkpMWFB/mAvvj4CLw83Z6PdMBIH6M9x1+hQb3tdSXIYlLNzl7psVwAz3/VvUfzj8XFxblK4n6ers6ODIaBdpK+SorGZohef50RFfPj3yt0nKDwqJjbODDCLsAMTrlKHyK3FfI4MhH7nDFF2G6OXZ6MLhtHdTGnDoQawd7yHPHGAB8+BniCPkFcVLnBbBMyH8t/CU8oaFAMjQD7B6R/NzX1+6jQO8p8+Ak73mrpAT4uHgcOP6ktMTM+wzl6YGBtUNlcRP7XmJbKzd3DiubjxYdCHoDDcvUY13t9alZcsDA+mTA+gAdTnYTTVaqnMRjMmD3hsbq4uPCdsxkfNfEAJx7XIqrceY77/AwZyg6Y6DmY+arwtK8kQBmHfdns7wwUVfQ7r3NzVOanYCt7Xg2KTT0N9fC8fv4DAwKD54xtgJGbDHipJJ0syH+yhNDd3EXXxmQ6gkD+GawlPPiqPe2bma6kmFILpD9NhoWcZLsVsgJkvNKm4tk05MEwt74Dhb7+gTj5ZM4nIhhSC+BA43Wvq1DWtZsSDwOFH9SQmzvnx6O0TmgQFGCODfZ0N5YTsuPYlQtzn6MSAjea9w8zAmU9enh4V4OnGc4YH5+joQDk1wgFs3/8NBSWQuygk1XKZxlTVFOab2y0pSMbjzoYD9P6VvtFxZWVxTqowxIdPvXmJvleOzi58dw+jzUNT8LUpF8b5RuBbLTlCPUknSzIfQ2XmX6eodRdpzUQYVO4vpbThWK7M5+DiFRyfXy1v7+6hVHfo6+u/hwzvfTCLcdMIXpzX3/c+cLrX8NQ1Pc2I+4HDj+pKTJyCXuyPtw4SdVL9NJoTJHqVnc3S4tRwX/2PHMZ9dnZUsS0dgDWBlsBhYtc6FffIhMdmh+uc0xCfC3COLQSpJYV8CRy0XbOm8TPlOn7uqchB2chGgWf6dIa5uRfb5bKKQnKySHllxOfK2ZkqGYMrXKzCfBcTzBdjLeYLYxDU/1BFvOXGSSkarIF72EFpw7FMmc/WgecREJNZIqlvam2j1HcYfFXTzX+nRob6e7sVSAmCTm0B4TU8Z3eoT6nQaEZAG09HdSQmBgiRkRMPDxN1T9SaEyTa2loapeK8hBCBK+VHjiq8pQaU92ERHNb5DeyBgdEQngaQbdBq0kI8BEqvOQ07qAOXTDGJ+eYO1JakRfl7GKYj238EtNnZ193WUFWQEkGZpEj+WsTXymj70AQYR2YsgF3qhHArMR+glYLjcRWh/EpZ8E3gTLiHLXiIli5CstyYz96J7xOWmF0krpRQiDvU1Jyiu2fyxkhvV3tzY71MJoUE4A6i1LWhno7mhjoZKRlxK3D4URVe1oIkJhoOqv/x8I7WZnlDfS2Sq6CSncAhqS4vyUuleA2ZsWDMF0r7RWYHIDPhJzKtIS4eGghZtot92U1jvrnTqkWJYQI3g8mbHGjx7cTIoLKtriwjmnbzHQH6UnGBnVWY70KqeILlmM+TqRj58hl8yka3WEWgr6nFsZ4qZqMBwHzPXHn5xTu2rJ0Y6G5vpd/XWmTMZ+fo4uEXHpeSkZ1LIe6Qf7l+UPZVZUu9pLykMF9EV3OMcBBPXWurqyotyic1I64HDj+KCkRxiYniB3T++fmeyvLSYuxUIkrdCYTcnMzUhKhAb8O3kAWWLPO10Z/iUzKtQVgIjOOopmzXw8Rszk+bxFnCQE+DbNfHgRb3ouJyRWN5Fn3Y0aywCvOdTyVgbDnmY5ivzR07hahKzKEhLgTqGhs1Tqio1u8azNsKc3ExH14D7+kXHB4VIzTWdigwyqJ+vklSKspISYyHnPQOziD13XqxSKsZsQc4/CgqU+6SV+RnXqr377/tLsxOT0lKiKfUnUAQxkRFhAR4o5zfk4b5gCKi19UVuVAlwTeasl13U/PY90oLUyL89NetycDxf27Ef+FGcYa++bfFYBXmOwdf4lmL+YJ+YWjztoqo2gVCu1BC1Bx6DynF6NVYdsxnh1Gfu7ePn3+AUZJGG8VO8VMov1cYEfqq8Z80OIj9Bj0tElGqVmoCmmdjd3wU1fOlG9VEv9uVKIwKDw0OokstCfD3FXhixMf9bVqyzAekYD9NVORmRvUB49CW7fJ9TLyU30cqc3FFTp3bDqW0/FuF16rXlyAVEJqwo1lhFebbRiXdbjHmYzQcvZ0IcJQZKa3o4COwh2/IJ4OGOpcb8+HUx3Pl890NhR18LjpB1dcjpVkJkcF+LwOnO4iHMcszY0P9BaRkxIXA4eS3JldpvC9//JrksCB/HwFRKUWhPuHOd3VxMoH4li7zXUd/in/iX/2KjEhAVoMo221BZbsmM9/cC3WlGdEBururUErL3E4V/m2TFqDqgHldPEtYhfnOpOIJSzGfiPJd1MGJM9DXpZMMcFDfYzfYhuMj7ZNB9XladsynyScwSChIpuO2+0TJUUE+LwGnO4jnypamRmo1I+h08hGOEtP0ph+o/vhxe7CftwcqlqLKX3B2dnICUt8ALFnmA3LCb1LXpZ0DjENbtusmMPlizpXkJ4X76KxcTwMO/liFL8SaKrOFVMpbFoBVmO90coKtx3wSs3T9vQ7z4beLRydirMF7+NelrQbPSaEJcDCU7b4xM0l8OH1PEubD098MU8ocBn+m7e22rLhQP5D5yLSyMB8+j9SMgMpkceaTN39K8+cbY31QvacTcrSnzH5jzgShwJJlPmCDdbc6oQvScduvlZ80nfm+aS/Pjg3CC+PxQfGgDLq9KmI6Qix2rcF8gPOh+bCRqmLCDVoLscWJe/DqSfSskPkp5zO2uRV9XXqaK7OA8PkGuIt/ayWZTxLmQzDIC/ABPWFuSBcGg6tdtKtTV0isbYgOIacFjPmGlO30weJDXb6ebqicy6heilUCHDWWLPMBHHP2NPHFCYWy/e/WlO26ms58c/fIilMj/TTvGFDNPvfzKappPBiQh7uuWWGxC246mg2nUq4NHQIj4rPKW/onZteu30ACrJT8+6ZNG0moj18zhYtbaE2oyhh8clEQCWXzoYUWsJX6JNzHExphUsqNwmXKfPqQMnw0/54aA0Y48E+8XuUztP7CmQ/S+Zi7I86bqHU333xhqTKfA7Dhs46szgiBYng3qkXYvF29Tb+av2aq8hKwSyGmcPZQXvujKF0TO2VZupUiu9hNKqhpaB+YPe2s7Tv/dvElBMDLeedSHJfo4wGwzSmURmX2Tny/yIxyOSqEnyABOulcRNa4k0bJOMbHhnrbazWiKaHMNSkvq4hcTmy64UX3dQln2Cu8R/tNPEmZzw1KQSGwOxXMauHOfLD2y9w3wz4ers60RfwmYKkyH+CXdlStzxb0H2Acl6sr3LxdYOaDRCbm5t5qKMuICSTncJBhwvEziB0oaX5iiKGDsKu4ikS1WSGR1jW3Zer7UNHv3mC4l9JyCtRwnFtFw3xuPuGpJbVtyv7BYRL0wk0YLiJq3HHLF3WDIdyKBfsh8RfI+QVwHDguJefVOUJaiSobwDYSxw3ab+LJyXz50AdcjV2vA3/kznw3MJ7wgRRvOokjk7BUmQ+wz/pCo88GTdm1ZbsMzHfB/8A/X1qDKxegSZwt9Gq+rELpFkp5RZaR3aQD9PmcN94okbUpB4dHSMMnkPnu1LOtVgOuF1Mh5qtIj9TXB8AlQBLzqxpaFd1KEgNQN7uIovXB/r6eHnUDZVdHc62YDAjZgZYxBL5cpcKDIuL0SF+6bL5oKPyOcKn2m0gVIlnuzMc7n3FPgRGcme8SFuf8ftTXE037zMR9S5X5gLSJt2fIHPxASCdws6Zsl+cFDnjHDnB19KOyIjuOUP8thY7bRazDaouSwwUGO1AR4PnnjXppswKX4ehFAIu/btOzrVYDSkiYOz5NaU6LHBoDhZnFlbIGeROJdqifXciEdqivq6OtpbmZbCBvrK8pzyeqnO0uY3Gpt2I3eRQtdtHWIPXj5cY4czwblOezDvM9owv406t3KN23nj3z5VLJUXIFV+Y77zfgr1r8I96b72Kuad9SZT4glvCcOkc5BhrHKlTdiZftMjGfCtaPfBRXLnDnOdhB+2EfzRJBx6qcWKN0i0iw/3mjQdLY2oFsfluR5RPIfDfr2VarcRbU5BiRHWQYCbW1d+b7hMZniIpKxeXlFTikUD+7ZpAJbbu8VlJVSRxeUV4uLinMSSWsWLayuNKf1qpIjwshtc6KjU0YnemPFmu038SFYr4DelKd26DeHtQ7lM6igS3zOZ/HoITDDhyZb44ykY8CX/ehaR+lnDlnLFXm20J/hodxa6GKjMhcYBg6ZbvOMPNtV20Cv0gn1leLEkOxeRzo6HU9mvIh0UAKh3FLM19VbaNcXl8rlVRXVVWBTpQ34rbVCmRbLanSAEpSnPuN2pbb1s6R5+4bEh2flJKaRgJySJ7bhXFWX3tdRVFeVka6ukVqcmJsZBAqywTZV4371UGktEhjG3cE9/XMRpy43gX5TaQiT+swH7HtgEt7joGlyg/qHXoB8zmhty4HkiHgAK7Mxx63Cc017VuqzAckbNxKZOqlRUBzDLJsNwdpB3iCA94+M/0P8ICPmsSZSLngZuCYH9bgW++tEhGu9Kt/4RZmvsYKibSmsqxIlJudlZUFvvrX4rbVcmRbnZOlwSqoyS8k81HYcru4CwKCQ8PDI0jEQf3sRO6JTZWitARhVKS6RXhYSKCfl5uzExySJnH03Acf/sft11923rrhlkpRSkww1lQzD7X1zh7ex1T0i/DJDCjVYh3mI5U9h5E45wDgbY4xn96hdFlzrJjPbef8d/gIWI755g51ELt98w7yLlXmA4LgV6gz/7uBYXyoLdt1YmK+KdV34BHX4coFadA6gZyN4GIFRhm2Fma+dolUUlmSm54UJ4yOjgZXu1ehFXlrTVFWcryOPRSUpTj3ozYj3MCWGzeC8RIIfNQA4vGI+cb6O+uK02PDg/x8NU0E3p7urs5uoCu0BvdTCqQf//OPo7/89Avrl/ogg42HdZiPVPbsUnR2dIBCqg/i/tXqQ+mmh2yYrxrSl+cGCzIftnyKNMu0b8psA2KJLzXM5+I4j7ED2zXnk6aBofSWp4SeizoBl4H5pifH4Pym3waRcgE05ftjo6Zkl4LxLcx8/XJ5XXVxZgKyovb3Pwoduoeg5+yEqJBArT1UP9TkezXzGdlyY9TnxHNxddMA1MTZSRiWJ4b7e7vzNU1cXV2cnULYhUB/XGcWDer9+JNhWI6nhTWY7wlS2bNFXl9XKwO/PA+gyNCg+tB1zOekYT4f5rwSXZy45yPgr1yZj9tc8yO5OaZ93o8fPvz9D0d+/Onnn38BwTQcuLUG312FcgYatHn5JoKuxg/DBkKTNzEE2hl+TlO2y8h8aM8fEqCdm3u2riS9DJryPYWntHQTKS1Gu0cWZr7xzjZ5TUl6TIift4e7OxTvRg4UqNo/JSrIx9Nd4wTVAzX5lo75SCMYR60VjAfUz058MyAnNljA5+k7sWQBv7UublU9ye5AGDep9S6oy3atw3wo3NPTVl8tLiksKFBAvT1AHFpHHEqXMsnEfLbd3L4aP++e+Qj4M9fY7i5u/qjHrwgzQ26fvbNHgDBH0tIzPD41DQCqgcWwnwgxzcxAfeCedZOjA5302VIsYUuvM39MpY7NQXkQj+os0hiZb6hnA5z3v02Sfxfw5xPbiGwLlNJCUbJrYeZT9Xa1ykpSowK83HjOzuDndRfSqZblJ4T6uLto3aGgXYO5r4haL8qKB1vcCUYDN6ifnYTMX0yAp4ujvU4j+wlwlqrFZ6tVrHYDmbATlVJRLN/VsArzTU8ijWKxKBPpcoJmcw8QkSExUgtNiKf7qRiYL/Yxbpfw8ZkqszKfat0r3Abwdrmvh6tJ4lRa2Du7+0dnVTZ1DYyMa+qMKHA5PJT9ePERMqVjwPgo9oWS0WZLsQSwcPpmhpCZjw2EpP91S5TAuQjGfGMDXc2Pgsd82aaApnwHVaRcJpHSYvjoWZj51g72dtSXpkb4ufMc7R3BQ3cQm/tIhMFJq4UBMt8hnPloa710AZlGIebrwcWu9HfXfOHokg7+plLNsiRJEOsJhSXa6ZF1mA9Zs1aLUmMjQ0OCwDzRB7APs7K5SpQSG4Ed2sR8TuOLct7yO7cr+NcpKjMz38z0TZBnjjH+2BLkjXRg5jHtwwss08vq2pR9g0MAGL6n+zXFR8NQL0NDgwM9nfJqURyq2jd91Kn0I3lvRm0ACwnD71WXKDEzHxLWbmyHcy3veAj660UalRbjlBYbizPfqSMDigYxKRDjBB56LhnwxjUHNVoYSqjJp3CVqy54UD87dXbXtDdIeojtVT49i91kFvVtTPhWBZdwWIX5Pt514XlbN6oGu1oa62ql0H713Nv4oTODCvxQug0eiPkq3uU2/j9uwBNpPgIOMYH5Jrd8xm0YT2X4eLg4cVeh18DeyU0QllxY3dDaoejqpgekqTqHmI8oPurrUSqBXrq7uxTtTbKyzGj/eUnUAfpvL86o5dGhojCdsl0HJuZDq4lShtU+hA9niQTb6jyKlBYbizPfxvFBbDmaRoiXuIKHbtXosOtOvHqhJh/hkXR2dVFQP1TMFwhKJenhyAbsAZy4ivXxtDiIPlIdtQXxwTSf5mVWvRZ8C8euvjwXEd/UBBQJ5s58U5NjkxyX3D+M+nu5zWPaZ+fo4hUUm1lUKa1raARwNjyM/SrkmNnX1d7SLJdD/TTWy6rL8pBm4Xz0SvrpR/LoDFFCH+UHfUR26JQoMTJfL7Y8z4e8e2Fci6e0KAiVFopMCQsz3ybdVGN4T3MzaZuoH9YE623fZ5+lxJH57MbYpvZjuEKFwqFT869AuBev+kabJTSf5mXFfI5rwTpuCry0Dl/djY98ABzEmfnw0qGeXRwHc4dQ4G76tM/OwZnvGxafnltYXFoGYCM8iP24Y2aHXFZdKRZD/ZSWFImykqPQRvY81ujAaO4gUmvTI/ygBapO2S4L5muViFIhB3EQ36zGs5jbavITqFXorcF86sLaAPDQDZQOFENQk3fJbTHaQlktuDFfBSQAZ4hn0Vp3fKgXEhBhhwsY0vmWFfOJuRbpHtu3SkXYgvdB1cRcmQ+bQo4OKNtbRjnWkHzS6Ofp5uxoWn6Lrb2ji4dvSFRsQlJyCoAZeAz7p9F2WENlUW5mWirUT3JSYnxMeICXq5P9PBKZgV3Hq4kt99TwcGi8q3VKlJiZr6U6NymWy5uoi1s1Wcw0OsHWZL4I8NC1VMry8Lv+NrFhyiZLiQvzJf2TyyV+fSqKIY30dcx7ufvrKrQx0UwkelKKvSwf5vNkoX6jjy/PI1a6o4M9HdDuIHfmGx/qaa+XShv2ckvt++tvoQKmtGb/unoCDQZolDe1dnT19PUPDEJg2A74/IrLL9l13hmnzk6ODg+BHQ0M9PcqO9tamhp1RxHPTVUaUFu+UB27yASG+xuhZJUrDPRwtncHr2w7/kpmx0c2wneADj+eos5iTqJZEVqT+RLAQ2e16d06bz2oq/fGNOv8TPbMl3gzpxfgzx0qwtZO3s+lGRWeJRIvxfSazgDz3b9jx3Y1nqI9atEwHyQQT4nn1Svdge7WOsgShTPzYdMmRWNlSXFZ5dpvuY3ptSJfTzC/xR8uwFpw/FWOrERYq00bGSBrcToeuyhKDKkCTvctIiOybJcd88WGhdxt0pX9Q6WaIrKYkc4cFTtYk/kyoCOPz1CqjE5DbV4jK2ZY5GeyZb6025gc1gywj1jrKltqij/m1tIIF6tDuzS6pCDzXUHqSiNdV/qSnkXDfKAShTF+3zurXukqmqVl0MKUO/ON9LXLinMys0QlLc9zG9avjQFgfksNt+6sj7NQxj5r2cH3afs5jhKZO1FsrhM420c6ZbtsmK8yKyYkIJOdipg+jq5HU77+dhl1FjOCNZkvHzryD2rmAxULXmFIAtEBS+ab5ch7eEILns9bW5q1l2NbA3w8iyu1yPJpQ7sg8xGpXeNIWJq+1HjRMB8Psk8zwmfnaFe6jdVFWZDgOXdN5mGU+pASH5+UkV9xxZ9cxjV3XXQwym+how5QG20x4Dw+382FxzJQY0uvq/u9RmQIKkl+Q6dslxXzZUYH+vowZPZQYr/Ga5IyixnBmswnho78iVplFLItnnuRYD7c98I8zMc1Ke/9NSiuOzqgaCjPSQAzcJhxpWqGVLOnUWoBmW8Pkdo1NNDX23st7VGLhvlswr5h38OBU7Qr3fqK/DRw29sE5sPekKy4iLDwmOSc0hkueRTHR9NiQ/08XejiBoue+S7w8xV4ubuyoz6Aqz7UJDJDsmbqsl18dsOK+aICvL1Cuds4Hjud1GIups5iRrAm84GVUIep/RbXQ22eV28umI356KruafDNJhUeQupuqhYlRUbMq4zjvVUqohgvI5IuwAEzH74W7O5sb22hF7lYPMxnW842C+inPXor3dzk6GCo3swU7zV5eXp0sL9/UER8RmED/S6pEXZXF2fFh/ujokfK52/RM98lURFhSFDNmY0fI6D09qomKwGqOtEt22XFfBlR/p7unpOcL+spsnCtKjeO1mvSmswHKsJ/Sa21B+4HPaPWhzAb8znfy+XqfjoL3+Qb7mmVFqVFBQpgwygYf51LFtsUA4nZEPPhqV2dzfVSSRWdOvKiYj57cDqvxVun6650i7MSIgK8YadxzsyHokqR/t6eXn4hwlRR+cVsi9nuw5i4NDsx3M+dhjkWPfP9PSMtOS4y0MuVTYJzGX0/B2bUztdQzF7PWZAd8/l5uPEFXDNb/jqTeJfqS9Iiab0mrcl8YG7eJ5rvgd5rfwbU5inYtUIXbCMc3rAyjh5+v0C9yVdXlikMErizfJcp8c9ZUj82L45Git4GZj40kM6GqpL8nCx6EenFxHw8NlUyx+5eRa50+7tb69BKF1tdukKy/iYyX7ivh5uruyAwMjG7ZIydQs8LowPdLbLS7LgQbxrmWPTMt7eirCgnJcrfg3ovTB+Abs89ZCJzpO9+6Gw6Zbtsmc/dxYXP9TY+p9ItXKOZRViT+cAa0PepFadAC4wDZmc+Z4dU1kvWPy5FxDc50t/ZUJ4Tj3K7QE8AGP9dRarZizMAS2SI+Qj1gIKMpNgYeiHlRcR8Drwg2N4I4XMiiQ8ppSqapGU52ErXx93FCdqONYn5ylLCffg8J56bl39YXHpBHZtitv/NTmDU1ywpTI2kLI+yWQLMd7u8vkacmxCCfhrGSR+gUnud+vvhA21E7NGJSLJlPj7P2cXjHk4XdeIs0n6jlKZwDYc1me906Mi3qHVXwMLFx/BQemG8+ZgvfOh2tpd2bDdOfKMDCnmVKAlb8fCcnFmq+Rnj6434Z6q3raYgkTanhYH5xgYU9SUZ8RHBAfSP6CJiPntn91IGnZYTj60hItajg8r2hqqizPgIIovEAswXJnBzcnBwQpUVMSl54l2gliTCVxuQcQwqq8+gFQJY9Mx3T3dHkxQIA+iBzmgFw8G77rh17zW7d2wD3/EX77xj341XXXL+ltPqHZlrOEjmc3Z0ck3jJOjzEq5VgIrfaArXcFiT+c6HjjxIrT4AtnlEnUTErL3DgvlE3ZdA2RIG+OOyWbxcdxD/6uMVkfYO17Nvr4fvzyTToRvEmVT6sWqAzIfSlwqSIgMFniraoxYT8zm5CTaADQ9fog5t9He11JaLUoVopYvikP8GWpnMfKiyy96Rx8dWvAlZxWMM8i0/bSN2Ojow5ouiqzZc9Mx332AvtmLJpL0APdxkxhPLHRi817T5Lw4Ozu70O9fGOHGeWquAyn5DA2syH+ha+yJ6PxoIpwAd5gO+M3NzD8IejbpgYL6xLTe/yviV18VvF5PEp2ypKUqPwfeI7exBTS16fLVFRaZDS/KTkJWeaczX11aTFx+Crbrpg2GLh/lwV+QgqE7wxQ0qMrTR2yGXlGQnRQUhkQCUO2cZ5sMWfLb2Ds5unn5hsdiK90nooo7tIoNbLTWFaKW8RPf5HsBm081VSBqOBfNByntccTrPB/y7DvPZ2zu6hHCQ7X5VvWOOtAropUzAAuP5Y6Mu84FePk9T1+BeBLW5H+XsmIH5Xv4P13yUH/HgBk58spIMYbC3G3oj7YI5dkPgnY34G47SoUvSo6HdZoj58MKgbGTE5zROe9QiYj580pdAuz/w89WzOkl8lYUZceH+XmqFAEsxH+7g4uTi7hMcnZwrvoQ+xnviaiK41d9ZL85GYrrUL9iiZ74H0Q6LhCikZWQ+c/jAq7HBMxD8uy7z2dk78xmkG3RATvnQjjmNVgEBu2fmew0Q3p3RVam6Hzr08WnKeoxLoTb34syXj5iP6XcDmY8zvt6qJr5WWWlmHDbPckZTEVt7SJaRBn/dv5ogPiJSgj5TtBcDMh+hqI9+bHrboEXEfNikj+fu10ZTJP3aaUQuCxnayE2JCcE14Il9eMsxH+Hbx/cOjMBWvJO0ObR3zxIZ7F34Hq8v3Tb6ome+h1BVf01eLCvm+96MJ14XEAX+XZf5bLHlgTfrjShyytdWk0/luKYDx8yCMln76OpNW88573xNzfv2Oxn6/2WHToU8Hc5FhajdGl8JoOAZrVwp6zFAI4I7CeaLszbzvbdJpSW+rPhQH74z/kra2oNETYk3ycKskX4F/BYhMDJfFv6Zoz9sMTEfUmryDKRU3T26V53LMkCENhIiAgU6BbL/B5zuRWPm2wwc/qNRZA2teF09/UJj0/Lr/0Xd6P+M9nipI6OLn/nU7hnMb5B5X6G1whTw73rMh5YHdSw7Vk/5GsWZ0fAa3s7JzSc8taxB0T8yPjGpwSMMJ7gNN32ansIr5GkxMY7WA6UpRKrKG1CHdxNZyQkGzPd3qM3tOnJfVmS+Z9boEF92fJivO4+ci9i1cevpxJsXqdd0GPFVE28RUEm0rJgPrXddvSPeMW7xzplkLguq2pCJidCGm7NWFEXy+S+//nr0t99+//33Pwzw7Q51wF+7BRL6Kjr8KNXhv9yqdsjGRkcerrvivZyqjvf11ep9WWlxekwQfR4wWLW0GMCF+cwaEtiQUwT+fbuechO2PPAAV4xaEFO+vrYaUp4KYD5HV0FoUrGsVdk/NDyiwedw/8dPw1/YSbxAnh7DQ/3drbIiUiIL7HMf8cAa5uZdA7cZtRDzfUU/1r9uW0VuvCtb1MSnvsG2QZxO8vBWFWkhM9TXiRFfWgxDNr05mY9Dkdb8cJhWjd7W3pnvU2W4m3aUUCDFqzbaG4nQho++/jG2/PEKSSis7egfnTB0bcQ3TIktEPWDZGvP8wgU5klae0eMTR4nUUi9RE/Xm1zxBqAV77Tx3vrH6wji62mTlWTGBqOIFM2aalkxX4E5T7y5Cp7E6TMf+kZmsopA6kz5oCQJ/CFydPEKjhdVNrQqlD0agBIpGN6dxWcqo0MDfX29PfToVrTWV6otQOilHjBcR2aoGEQrQA/qm9S/G7OvCkfm+/Q0Om2cH3aRxVQD3S3Skqz4MNxWTvOKQcpxOjjx7Uu3bsNpD/EesaYrTBMGedPHdRHMyXzD3HQ4Tcf9UxrlbMM4FL7VZ5Cy+dYl555zztlnbduyeeO62fEBRZOsvCgvKyM1OSkpMTExAUdSSkZuaa1ibNX608/cuk0fW888bf3sSIe0JDcjJYk8PDk9p1jSNqQ69bQzthgcv3XL6RvWjCtx68wkonvsNEnJKWmZuUV5cekFTYYFI9+dToR1e9vryrLiQtRbHVRYVszXbM4Tb23uAP+uz3x49icrX9eXySmftCAJZWhC6dm22EQyIDqjqFLW2NTcogaT59HtZJ6VEhXI06O5qUFWWZSBV8cwWK/toY5W0EvNYbhhivX+LEfm+2z8Suo/vL5JszptrinJRDM+3XJ1+91Qr78f+fqTt1944p5rd5wyg9tDT6FZ88hgrwJPV4tB0wdQNQNgvq8PPL7/gXv2XX/Vnt2X/kJ7lA7zOQUmpOVXtg5Or924+UwLYhM+q6qn1I+1xb67niG6af9Hb4Iq06yOC4Vpooob9aTLfj13lojEd9SLcxLCfAHiW17MB+lPccY2ZT/4d0Pmwx6UcBbqPsfP1pvygRkfeHJBSHyGqERcUakBwybQidOJr15nEyqQr6RHhbhYlBEfgqeowSvBv+HadEYrV7Ck4hqC+VjE5MNAJyNjfD41RVXAdOxOjRVEp1xSlBEX6qsz48NgF3D1ww898ugTB5588sATjz7y0P333HHLjddcednFO8/evFaFsx2+IsP3RyfGx0dHhvp7FK0NkpKcpKhAbzfgLUIwpxq9k5OLZ3B8vrStZ2hMd4fX3JiYGMOmR7XUuhL4Vp9Yu959ffNqrgqJFsVHYbGpIvGmH7X/8tcl6nyWhoo8vHQH+MmWFfMx+MBxw7ZB+gQEBAPmwzdGVjN3+zz7KR+x4vAJiYlPTsvQII8hv+1d/KvX215fWSLKycokGuW25mSS0HSUnpYcHx3igx4Pm3Swy/Nx27E8w5UrWLF3FWFOTq9nh+CYu+p2jnaqc3NfTE+rjA2+PibjsGODPWh1mi5EV6aXg2KL0nPjRTWtPcPjk1M60PLABEZ44+Njo8gderCvp7ujpV4iFqXHhQd4MRGf2ZkvMDa3Sq7oHRwehnZr54fh4cE+RbMEzeYpKm3QE+2r1p786bpZFdM+i3XxWUhkfLqoTKkNw9yo0tYsJkf6e4BmZsuK+cAtd67YMgr6TBgxH9raFTB6RP21lf2Uj0gucBcEhIRFREapwaSxeQfSekZynKK0xNho1CJu8M4jc2/ERiNEaREZERYSICAWhIBPMYYzSBYzmL+BZkBXqOUQ6ZjPp+68/zNJNO9LbEV7usG+5J//XK1JtWirq8BXp3yevgsD2o/wj84sb+zsGxoZIzBKQM0Dw0NDg4MD/f19vcpuRXtLY211aX5GYlQwsnRgkgU3K/M58tBQy2TNHV1KJbBXO08olV0dLbXibOoNZ1sUtgshdkefXTs1MwPKWlgdn4VFxSZh6yHpP8h/uJ8M63c1VReQNYvAT7asmO9Bc5548wToM2HMfGhtyuhG9C9tYDcMKIXSPHsokOXpLfD19VODZpNLDWyxS2h4i1JiwoL8/YI79xH2tCOBCAH+/uqOfH0E3p5kIlYP2Oe6ScRiRnrEoOTdZVOUbYjLShi6liJhgiW+Qkta/c3O98/REciUleWi1anxHo89ShJKLqxp7lT29Q9gBIehD0cvBsQDyu6uLkVnRzvywaqTVokLc9MTokP9vZlsvBDMy3zOfJ/wJJG4pr6xqdmCaJLXS8vzU2gyFbEPr6uX5C/slp+DArVT7JP1rYHPhXEJyamZOYXl5+Ehr2emZ2bUNYtp0Yy6dsuK+Uz1f6TExkmOzIfWpp5M5LuZy5SPoD4nnqubG18DBvmg/xHl9fWl6THBvn7NezWu3M8JfHwQ13m4u5M9ubm58pyIDFTQNPiECuNqCqtZsFbwEoItYwIMilRcyzY9cJjhJsH4Gq3mB5/Q/sMvt2hTLTrkElwgk2p1iqpRA4XZZdLGlvYOhHYcbW2tra14yKdJLm9sqK+TSSVVFWVFouz0pNjIEH+BuytKV2P6qczKfA5OLl6BMak5haW6O7zmR0V5WVEuiltT0wT2Mef7rHnzxvqm7sHR8XF4EWRtfIHv3aSnZ4pKhj6dm3tjYmISSWYpW6UlGYyReCbmu5TAJQCeADuY+4C5h0vAED4X5uMi08+ItZPwJ86Y+dCkr5Sh18u4TPlQnxj3OTg6aZHIcII7cMcIpAIT2bFXr6al1MfXB5vkubo4O6s7w62d0Bh2QF3+OkNmZfi56ymxg1lnuxBbkiZ2mqt02PwSNxcZKnw7gz3fPb3qqtITz2xUERM+ooq0ID0uzM+TiqzsHJz5vuFJuSWVElltba0MQSqtqamRSKqrq6owGhCLy0qKiwpEudkZqUnxwsjQQD9vDzeeExsHLHMw34a3vjz06ccffvgBhg8//PiTTz799DML49NPP/nk44/eOx1Nao3ZHU9tiUwtrGlRDgwNgfK1VsdXFeLSIlFWSnJqVkHtzXcN9g+PjWHfvrba0szYECCRjwTIfH/M6tjl0YDeVwDHfhb1BKDULgfmszdrFtQs5zkf2kn6G0Ovh2Zxq8lydlM+vFNbOwz2aoCzM4wHNhPGsFVTd/xg8KebAoOwFxlbuDmSXaF+yYcdFCz4bobSaNwGDDJfqBb/12W+foa7wwqHkXm9okkjsnyYxHfffvvN1199eehz7HX+BHudKYBRyWefH/riiy8N8IUGhwh8jgGnBdQT3tWHlzvYUXGDBuZgvifn24fpCEOfQSOCRxkLXkHCzNLaVoWyu3vhhkeBb+QNsqqS3OS42PjU3NKaps6egcF+ZVtdWba2ZhEAA/Pp2OXRgKEacr+mnoC+CzDDlAPzcUrSZ8LxGROYzy6VcUpzO3Y9HbLCZHZTPmMwpPfji93h8/b/aPyn3zJjosLIZaDhicGF62ek6SS6VN3vKJjdtZ1gvmh/3XkioBzLHkeQtGF7HagUYwmUOjhQcIMG5mA+jpay5kSqqwvP2clooownVoXG54hl8ma5fOGGR4Fvuztb6itFSdHh4dEJGYVV9a2dXZ0ttXgiH5jPQgBmPrxCb3xkcIDYBKYCgy7dfmIDZniwn7aHXjAgyoH5srjfPXr8bgLz2dg9ydjvL+vQ/CkXux5GxU4q+DHMa+9Urdr9NE227K7M9MRI6pAXOO1+b4YwnTSw27U5CDU6l4r5OGbuUeMnPIJTAyoKWgKNLgQ30LxSS5z5sr29PPiuzg6Gzwa+3sW3CKoryxdueBT4brCvq6WmMCkiKCAwTJiKwkHyBmlZTmK4nwePWcCdgflQsGSot7uzvY2uHOA8eHj70Y7+yECPooO2h5bXoQ44MB9byQBW+NkU5uti0fEBZKQHKpJCYNhqOX76XvoigS/KS3KTIlB+p1Gwlb7RHJJkpjSdtAG/WNt0LNs1Lcwyafh1Gne14C69Mk+0eXt5urs6O9JQ3xJnvuKQoABfQmRP/9FApRwBEYkZuaKc7IUbHgUOjw33tdcWJ4X7C7x9g6KSsgrLKsRF2YkR9E6TumBgPkR8Pe3yOqmkuooakMoMhv0oEDfQ1dJYW0PbBRiS5cB8I9zvHj2+n+aa1WJj4/UVi46Pb+5uLMPnT6YwH4MqwjsqimWuBtukYkJkznDv1xPs9GmM+XA9K4Ge6SQ8UTyTYD79vcESePTs8Du+kVlxsTn64oKekGC0T8qjeauWOPNJE+NiwolcIP3rQqUcnv5hMfHxscKFGx4FDhOVd8lhvh58d2//cGFyRnZWahxgsasHmPmI4t/aimJRbnYWNRjyuvdPT6HUwhpxIfbJoOkC8izhwnwMJMwNX5vAfAzRHhJvKuWgiRcEPoPdxy2q94C/vtYiK0mn0vVPBjt9RNeKU6eVcSGFDjZTRUVg3S+W+BNnPrHV9/nGEuOFEXiCNOWkb4kzn6JQlJ1Cmd5ih1Gfh09AcHCgabLWlsLhKcInMUzAd+FhIwwKjxYKI4N9PVxYvVlMzIfRaqM4Ly0xNkY3/V8HDBOt/bhrlbQ4OyVeGEPdQzQYI+TAfKBSJld8zp358lmWNe5qrkTK5OxCu/pohXv+c4Pqeujva5qrKT2PYJXGu3WtOHVagW5mm9T2xrrMZ5ZX58QMUm2zPvOtK8rPTiXyJSzEfBMLyHyjMok4PzUSGXMbxXftnVz4nl5ent4LNzwKqBW2kDmKoxOP7+njHxiAJy+wmlIwMN8k0tMqSBWGBwdocv/1wWDssh8lcTRV5CRGhQbS9OBHI65KgAPzcXN+ZMBH0xOwAIIR8zmyFWX+qkuKS/OZMOljsFj6j2pmFbRlt7+T2ucSvtIbcTH6EkMxehtaPXCE9drbo2VLF3j4LDGL61VysXwyC7bUSsoL0qMDPKm9OJY4861ub64tz40LwjXL9EGk07u4uLgt3PAooGU+7E2yd3BycXP3REEaR4ZEPhKMzNfTUp0TH+bv7eHOp0Q7PLxHcCHzkrToYF9sWNSA9Ku5MJ9Zn5v3ODMfQ6adDm5pKMuIDmDlna4PR8McPQNcp5qZhIyYj460VOdRPN07wV4vJySZjQQ9voManUJkwhjEgzl5c9Jh7cSCMN/57SiJgtYzaokz3/peRYu0MInSHoFIp3d0MK9hynyhw3yOKOPV0cmZRyTmsHqXYOZDQT3s8Y0O9OLznKnRAg/vEUJ5Pyncz9OVrosDUAccmO9j7nePHm9xZb5oUNxTD0eHJfksazj0UQX3+/ta1fQEuNt5Q2ddSaqxER88W76AxjT8J6jRKkrmA6eJbLEB94y3OvPt6utqlZWkhBtEuNUwB/NB7j0Wxubhvg7cm8CNiteJdHpYxdHa0GM+W8TO9mDCpQHg6rU7brvlBuS7vWndmlWz1NgPD+/o7bfedN2eXWdvXr92NV0XYAccmI9OqtckHJwep7dGRTDU52Mo49PDgQZxJvIg5DrpY8hhewkX4oa0AA71UO4xwrZkp2uFSfWagRLUKsR8RjmAZjHH27wwzHfJcL+iQUxE5Sl+myXOfGeODXbJxUaZS3pwXLjhUUCP+dAbiOiZsbxag+WkWPCyOc/7Akfm45RSc2K9tDA5nHNii90huNsrkdtePyg9fH67rDDJyGkLnL2dmKX+CWyhRseniexnws1XA9DijSWOnbIwzLd7fEjZZJDAqYMlznxbCfflSF+A+RwWbngUMGQ+jlhOzOc3tubU087auefavftuv4MVAIW5p7kxXwiUR2eM/zZVZMcFe4HSicYohjv9ZY0Kea8oIB57GeOMTEOXX9hY+KcZank+cAZwDM9+rjCcQ4CSfqxw7M3d0wvDfJdPYD+4YW62Fkuc+bapdydWmG+RgAPz2drzPAPjkOju0NiEnuouHTbRn/eJKQZRHj3ms2Xpu6bBRbXFeAoBp0kfg8/HM4RAVeNdwDHHV7fVGCW2VIDdfj6Dy64YiVTxoUa/Tev6mGsAKiMw47t/XXEKKfNl/QiHxkdoeTMf9dXhWGE+a4Ir88XmVTd19Q2NjLLBafTnfZgT8ym4XtZ3iqo8PEzIgfrsGOIDl6pQ8mSrtA866J+KhtK0SP08ajhx8a0ZqkI0GxsB1OgXkvnC9ZlvHoUXx9+791xCOmhitL+zvgSOR1sAug5qFD/aCvNZGSvMpwGy7gyIyS6va1Uoe/vY4HT6897Hhfn8vuV8XXfUl3LNbGGo/TqySoVmQ/KKXMg2/KeBlurcuCC96AocOHlOR6pF96UApXF+xJlPnGrAfFvgS6Af9b+vPZU0gpwcR2660sILmVuZFyvMt8J81gQn5nN294tMK6yslbe0trEBMOe7c2qMPfPdwv26/hhDmS0+XDJbGGpUDmDrQOxeyYrSzoAOu6qzrhhPzdCeGA5L/5OYvhkGK2wioEbfo0Z4ra/eY6mCL4ESJz5+6EKNTuT42MhQv7K9viIXFFO1BFaYb4X5rAlOzOfk5h0Sl1lQWlktqWGDDfTnvZkD8zG6b1DhmUZxFqfMFkeGieUOwoCjKjchBXL2+VDZVJkt1LOcgVfRe4mIguH0zSYWavQtNfPBfh9UOHzT6STtTU4gI8iBPiWSZStMZRAJMj/mwXxHtaA/aIX5uOFFnPkovYLZYDkxH64l5hsmTErPys5lhVPoz3vd1Ng4ODAt8/l9btKVbZYVpkRwyGyphbs7hG/9KxpK06ODQSfcrSixRfdD6Qd3fDHxbTUSLADlB74i6NKwEcM1UOAinPempjDaGx7s7+nubGuqk5SJ0oRnce5qnjCd+a6YxZXJcUdf+uXB4mc+G7Daysr4YQNRTr7CfDakSaNPUFhkdIyQFQChmSvZM99e067sw6bKHC6ZLTfD3d2H3Cb72qX5iWF+oFLhs12N4gxdxRbYcnLuTLwAsdiobBcUgj2EM5+RvksBfCoKXETIgo8ND/YpFe0t8lpJebEIOUGeybmreWI+zEc4MiBHX/rK6yXAfPzGzp6R2dPP27X7ir///SrmgpzrrsZxFUcwVKfjOHGJaoq6nJwllhfz4aoSXgI//wAa4M6LgSHZzdMV6D8AZ/BLp0ZZMh8bOVJK7KktSWOvUOoKqofOnThDRdQaYktob6/3gSP/nGqViOJxyiV6Btb8GI6vmhpHBYgJhsVrIIt9Sq1slQCeigoXkTa6PYr25gZZlbgoLzMlPio0wBuITlkG82A+wiFpDFn63kB7FMZ8oGqRZXEGZbWhAewcXQWhySX1nX0j45OTs18zdfraGrULD2DDY4StbGQuH56dwZ9L43JyllhWzIerSji7uPHdPSjhlSAZPeempz5GZhl/Fnh5eZ1Kf96dbJkvkXtcl8QRJdKMYqvZwiCK819isVtfkhru68HfAh16F5KQ0Flng2vjua9mtMVregMtg1p9jET0CAtFXebzhy+CArtUGPEN9ylaGqSVpQXZ6UlxUWFBfgIPt42cu5onTGe+PcjUYWx4oK9Hqbya9iiM+XaYZL1uDrymcRwAMpmRb6d3SGKhtLW7f2hkZOR8Rlm2t06ZmUEbtJANjyEuZnMT3l9NxvMK4oNM83VYXsxnQ3o06uoh8Hg8QVrdxDk3HvifXqHpBN+dDwRBz2fJfNGg3zaM++rLMmLYZrZAGiwYbkJuk31tNWg25+YS/Rdw6OH+lqqcWG3xLjRBRO/EFLaIrsmLDfTQ/wVqoFbvUwfeuNe870LquH0dDZKy/KzUBNwIUuDp7sZzgmeqFsA8mI8wdcAW681y+gwi5Kw0NNzT1qoYGJ9ZvW79Bi2g/ZTfN23atJHEBlOxDvu8DHbLjR0H9IEci4Ni8yob2hTK3t7evocYb9p7a5GRz9BAfx+9lY8e+m5lo3L56xYVSl7taalGpUVsmMEIy4z5EPdpHBq9U2qGNl9+30FqNSWVu4c7EB/cOjk6Bg6MZD5g2siIP6drCpLC2WW2hMEPxB+nYk/CkLKpHJWm8Zx44DN5aUdtUXK4WismAB7k/hkq51wbBlONd/HtZ4z59KtF4AphKuxCpcid9eX5GYkx4SEBvgJPvpsL0iJaz7Wn+WI+zIeqCtsbZdUVYvo0RNxTrqOhqlLapOgdGh2f0OIBYFivq31dsXXihOkYH+nvbChLpVOiIX8+e56Hf1R6UVWtvLmltbW1mzm298mGseF+ZRdy8mGDXlZCXSf2zKJ6pUFFg8nq5suP+Wz4sSVtqu03Hfjvz3DH63x8BICLzWmTI2yYrxbefWPAy43l2bHYbJ1FkANIPUR4Ca9cQ6l6SP3KwQm0Rn1HKa/IwiabxBvcBPe8d4ZKXRlDB9TqbZrA2yfwyYyxawr5DVWKUoRhgT7IHgyXYLO3s53PJ8ckzIP5ME7ra68tL8jJSNtCexTGfMO9HfWV4ur6VkXvwNCwFpBH10MaX1e0jWgyBvu6W2VF1Pp8GuAelCHxGfkl5ZXV1dWSmuljjLft8Bl9XW3yehnu586ESXYyZvdhxIdSuFqxmUMojV4iE5YN8wU0jJ5x+d3PfsCaic4MCw2h326eW8eK+armqQ9zlqwoNcJYI5nimYP8NebQVtI0snmU5OHlGfYOnt9DR29qlxYkqiU2GYohLiATmY32vsEiuTdomA/Ww6LAzincZyZdGOLryXfhIT9sQotoKTEfWko2VYhS46Mj6BfpOPO114lLymsaWtoV3UoNeqCZ8lWEr+vQQF9vj9J0EOa1uoEvKqC8MZ9QYWJqRlZ2dnZOroiFJ8DRs1tqq0oLRbk52QzIOZ+ZSBFeXaXCVYk61LtFJkz5lg3zhTKoFRtjR1JSwt30f55lxXxXcD2rAT5rrcyND0YUxPDjMVid/rhaRfjyEJN/O3unv0OHH+hqKNMYX8IBxeNr8FhFmZHzmg14e/5Do2D/pOGBf71z57lQRzvRLqMMpep4uBCTPbK7JcV82HS8vjgdm7b60acTIObraZOVFBSWVUnrGuVNGoAbzmcSvq7KzvaWluYmk4HNyioL06P8YR4h8sYCQ8OjoqNjYoSx8SlPMt+4v3ZXFeemJ8XHCmNA5DzK3BfCoXUY8SFjM3llXoJprg42y4f5mjl3vKekKJ8+avAXtsaD65EQ861i+kY9ziDcOndtHe6GxvjZ2gd386QKj8DWkinKtnYORdDhv49js0NcY9nOhgcKjM59rk6bMlpVgIqyr9AkAeqrP//0/DXYUwzkk2PMNzna1ybJjQ3ywp5wXeFJmPnOVycPo+xhtrgO7HI+zIeikPmJ4f5e7vTqEIj5lC01hdlZufmFJWXl5RVqQEnbv84iX9d+RUu9tLqyssJElJeLS4vy0uNo/ZVIoOQJHt9T4OPn5+/vHxAYEp7DJgXlgTJ8lzYoMMCfHp2MSTIEftmmwhV40b1KwS2TTFnsLhvmy+Pc8d46WTX9duqvbJhv4EOGc3y3bj3D6vvnPokoMZRRmN4Xpqe5C8hIlzpka2vPexs6/pbO+pJUIrGFQeH+3zOEFr1ROp8NGGJ4kWA+o2Sra7SHfPbwLqIuDTQu3YkW8dXZMQGGETwm5lNv+3PY5b8G7HJezIfYOy7Ym8+jL4k8Qjio56UkZvWcf1ZWWjqJtDRgU2Zu7s0333j9tVdffuG5Z595+l9c8NSuzAwM5DlSU5LiokJ8+AyJBkTemCuf747Bw9PbN7jzOHjXyEHWJEaF+Au8PD3caeDPzrJ1bu7YLhTdmBjuxabHGTGBrDbJqbBcmI+hAosCd3a0yul3jr/HmA+WWcaYjzGhZc+s6k6GQx5pEGfGMJbvMiztvlyFi9Y1lKWpHcztHMGQyFdaVXqGyv878aQWqh8ALKJ4Hmc+4zRTclPxj1dv3Dg9Q5bjzkAd7cS3U7OwpbkTJ+Yjk4dHuez6gzsE82E+QuBQGIC9pvR7BDjzKVbvvO99FMa/hLBkjYyMiIgADanngU5siRlNniM8LDTIX0Dro66BLe7E5kRkjvFc3QVBrMoIf5gUhvh5ubu60JjxiBn2sTU4cRUe3Rjp66gXZzPOUQEsF+azZe//Q+L+PmU7fSbbF9jSg4n5gMgwgZexiccqhkTn42tqCpKNPYH0Yf8R3Ml9KpyfZChsQexQ2zpEgt/inR2ywmQUBrZ7Fe76ohly0mX0woOSAc/S+LWhfOwvb9/Q1jU4NjVFqBAMgxuGBPNlGucuwMx3njp5mMu2P6zWNS/mQy3xW0h/sUcvuv25zzW5S/fi1UbI69U3gPOzzRKDoaEhwUH4OXx8BN5eHm4Y8THOoGy1iWMOjs5ugpB7WZ3shrgggburs6ODvTE8LmVpVT03d8csHt0YUDRW5iWG+/Kd2XlMGqPa5NtmJTzAMrb7JteOHx4Z6Kb3tfiQmfk2MqTNzP16OtqQgJdQc3OvN1VkxwbB5bsMYjDHN5OVa1oNFlt7p0egJq91y8szYwLcnRmy+f5cg31flc0VFPYTYFjvXzQlb3b9m8tCk4rrOvtHxseR5NRAnxIMEpvKfOrk4dbmJjlbwGKn82Y+vCVbMasbkRO1jwBbHvJzWTbhjE7Ee34CL+Qo6+aKzcecHFhal9mSsHNw5vsIwY0VDd6sCBTwXfBTGKCSaddIi8dx4hsb7G6qzk+ORPEY09a6NjZ8zoxhXfx67qS6ggBO/YCSPSnx2Phw72Hav76DUckw2H7Hf5nOsA/fkBhj+ll3yJAwPZjZwlC/8aa2ck2TFm3nACpCnVjbVpOPVOn74a4/IGLGVCmu4MbMARrms3Vw8QqOL5C2KgeGhgf7e5WKtuZWqCOTmW9qbKinrVFWXVkuZouzwS6ty3yX+QcE+Pt6ubu5OM9b+Y8OzRHhoUF+3u4oR9LJ0dHBwZ6Ddxnxc6I0F79CdokVv58T5uPu4mRIrgFsBApIvLRKE90oSotGm3wmrnUxOMUkZZXUKcdXbzjtjDNNwB0MQ926dQsGU3rGsXoKCaxLjOxvjAA6jlHhwORIH3344eD0xBDMfK8wneCdVYj4RgbOYTjuq/aqvPgQKLMljaGHa3GZFqJyTb1haGvvBZoiPaJoKEvH+IRhqfK4igzSGhRjYAAjoY/RxEVsHZBjQG6VvKNbqezqaJXX11SCMRZTmQ9PjpOJUfJwKlvAXVqX+XaEhYeFBvp4YOvD+aZO0aIpMV4YGeKLpwshP11bjryHfk87RxfPwE52eXhzL5f6ebrqe4HbT3LIR3ttNUF8Pa2ykgxhkLeJCS3kmZ34fpEZ5Y1dAyPjExMcFBVIMIRk9uvU1piAiYnx0cHu5qpsTcUBHdayv38EnsKW0fTVrf9mZD4m/HYmsSHR3foiw5E315emR/sD5bsMvj2/rCEq1yr0TNXsnK6HGv061FKdFxcUyLCHdBWhV1AQH2xUF34b1O4RtTu5QTOkm+0flVEqbWxuaW7EJaeycqCOTGS+c/F8r/K81PjoyHC2AEMtVma+sxKTEuOiggV8Zwezuqnqoq0gLzNZGCxwc2btz20EW3snV+9gMDFJB7+fE+rN191MLGR6OXTx5hqc+LBPWm1ZFhHdMHGTD8Heyc0nPLW0tk3ZPzTMWk9BC4Zt/v06tTWmYHhooKejQZxpHNszALhkosIzU6MAtT2FLfKGuHaph31EaWF3i2yQIe7/25AkPzGMPkoV+ifc/v80lWuoFlf9LNg6wHu412ENUsMZRJJPbCSqdqnm3PdBDR/ERtSBC2nwDJgPe97CkvJKK6urK8sKczOS46NBcWeTmW+0v6O2KBUlD/sIWALe2DUH83llsxX33FZYmJ+TihZ0fJYTKu7ollaViVKjoI8uM+zsnfk+YSxqOQj8t9kHzTEJ6ou4lctw/7sWJz48rJsTH+qDfRRMJmwbUnIrsaCqoU3RrezhDgbzv/24vBpRW2MKlEpFu1xSlMpoy53N5R4iPDc1OgWMe3p8cJBrl7p4exX+ecLm5WV5TMGvJzFqB4TpmQzLduhVrqlvkq09DyyS/bQHqdL/A+76EzJ0Yly1y7D5eD8N89mg1VFAVHJWnig3Ky0pNiosyD8Y6shU5iOEaxLC/Lzc3diiH+xyfszXNX3mlfs/ZB3CnNsmk1aX5aFUTzAnfV7ob5PLynOZKtYYQGz1RUJWp/q4O9mLiCHzz/6Ny2jfX6fCt4/6OhoqchPD/dxNj27gQMIzgcLM4ipZg7ypmTvA0iPEfEhXsl/Z2d7aYkLvzU1NjbXVpdnxIUx1yaAHIhX+PTW2hv6v903Nj/nItS7+eUouZfiFT6yXFibTcnsQQ+vPZpHBeHejoWyFnSOcqndOu6xQxJAh/ahKXbtmrOHxDNTwXhpRP8IsJTBCGBcXGx0RgktO+UIdmc58GE1lC4O83XhOjiwBT4BNZ75XHnuds4jj1vZWeU0J8gcFE73nhcEeRbO0KMnQZoAjUEWbZ0As+Djo4aezgrBpn8vUl5wG+79TSeLrbKwUJUX4e5iawqwdN5qsJmSIisvKaYtbADBI4+4namua66WSKpNqa8rFJQVZSRE4w4PXcYTTfZybe2lqDEj2vQNjvgGOPeqCXOui0sKkqHCm8Mu7TRX0wvRMU767SI3GQgOhDVsHODLyQrdczJSFehkpfJsUYhTgsAFDPHcRzBdnzHx2Ds5uXn6BQUGB/r7ennxXF2cPqCPTmQ8lQBPbp2wBCtxY3HtNH2f0KtsbcM0xBhcC03FsdKi3o55JmYoZ+FZfUCpDYqguPh/3GfiA22DfXEsQX79CXpWfEhkwr7AuMWxs+eHhGxodn5yqqZfhArB6E60aUdahvLokPyczw5T+01OTE4Th/p4uDGEc2/9wu5Nzr0yNbaX/615stTYP5nsLj+siGZ3ClKggv1j69BkCF9eizBbKVyrid7jpX5tIz7UcoVZs1MbROyxJBG/0HZ9tkzBIpxw7hZAlFcUZrVptbN6BWt6OMV+7TBRnnIaJTRGcXd09vTw93UntFTeoo3kwn9ojmPULAvsKWJf5Ng0PkJE98D7PB79M4lGgNEM7Uc4gxKuy2aX1mYZX1miJryA1KtBzXmFdYtTIu8LDJyAkLDwi0gQwBED3o+yC1pqirKS4mChT+o+MCA8J9EWxcHhua8uwY2WE16bGgNXgVRjz9XPsUQtyrdvfUVeaIQwSeHoxqOvNHVZU5SFheorvGJO/0bcX7b78yr9fdeWeyy674uq9t93/xAtvfXKYYRFL4D4Fw2dr7i0VLs5XRVHBYWPzMdRyH2I+KSXz2do7OPFcXFx4zqTklAvUkRmYj/W7sJiYb9049jWT5AgDgtnvDXLE9ygxrqnCyEiZO1BCs29YAfuEZK54brWG+KoLUqMDvbgSX/FdDxjgQYSHHn5k//5HTQPTmN94/T+vvvz80/934PHHHjPxFPv3P/LwQw+hgaIR3xyH530bXRvTotAQr0+NXUL/193YmwvWFoDYq1nr5saHCPiubv4gTWC4s740I5pKmD7HYg/+3I8DsMU4NnMjta/SIyiMab6BWt6kLr2hkApHlgEIaskpHtTRUmA+W+/k2gnwdnDHLJ7Hin1yuBt1ssVXuPIixnzzXO2qoxzhYtPsV5lxYJWW+ApTo4O8OVfrslGUWfR4Ar0zxtnmgI8aJd6aGruK/q8Xzof5XtFZ60b4ubs48fhMuYFHWiX5SWHGwvT2jAnT88AtTPkSm9E2n6KuiFL4FlShuYHGvIN4UWz18maXNPM57nj2Q4b9CFNwjCyXjvYHvGLmiU8Izdk0Qwt5E4BHOfwjqyxCfSfu0SW+tBic+DgO2BLjsjreduHhiuQGq1/QFoIC70yNAWUz27A3t9fEAf6wgYzrYmtdXEbHwZHndRBu8x9FozgL36jT/0ktF9hjgU9VwDafHdj0GoL5GEtvEJY085n6kDDgJ8R8uEYNOz0AU/A/xHxycaoZmI8M8EZVMK1tTMCxq2fJPD5d4uO4yWf+YS0A3vHy9OC78QyvPp1jN+9NjQEKUhtNZ74Tl6p017puuESyawPU5Ld7J3vbpIVJRunMSZwynsyNh3DVv+ZKyr0tMCI7dwWSpKvJFTKV3iAsaeYzfUsExDczajtnzs4l/9/elwe0VaXtk7CHPRACBEIgQCBsgYQtEAgEAoGwBcIW9rWlhdbdOjpW61J37Xw6bq3LaN3G/VPHdeZznXHfpzp1nHGfUX92HHVstfV33nNvQkjuvbnZgDo8/1nJuSc39z7nXZ+XNd7C0+AR83lX1UIAEryxSZlaN1O2rvH1hVbi64fkBhCfBxXMvt7VqmAfFpiIdmx9Zn4TnbF/fo5B5WALstlc9DfQ4dFFoobZRPi60BnEDQyNoo+IHn7yZGiO7dCWODIMz+2xFT7FOQswTaOjlrLuQcT40V2EGOfPn/kqGD/jMT7cTE7+dn82O2u8TD0N3kNwcW2LtO4d327y0+2gzoInj3boqogYnwcVzL7d1CrhL7IcqUQkcKxz4VAPl6TFU/Nz9AH+g+BsMM/2vpxG5ebDY8DXnV7yddHPBKVDaroettfPwkxp6W4qx1OTlx5C7l00H1kZfEpI3BvUoPrnlHphfiUvwsynyhJSJ0KX4ahmvljGz3iM/WQMLn3AP+sDnqWeiewhoEgkgp+SVeNGXZ9rvH4iITE7OdLXrqsszEyK86zJ2Jd7WjX8tapCWSQTCxwSoRz2jd2HPnvryduPnZ+ln71zwDXznbfldqoEwaGzCV93oKNBJbNJxkK9+M2Uy/z9skVSf8Kkr8xb1qoSdB3rb+QXPLhAhNmphzkzq8btRDYzDOn92TNfgHudCGzxpjUG50Iy2xs8QTMfz0OAZxOJqK/cVcUAexx5YAsmvtmJYbOxoSI/I8kzi+9nwnx/M+gbapS5jkLUHNedg4e/eOfZ+2+4+BeLMJlmfsM0fd70Y3A2mEv6z1tYOIdiOuhti6SAmL4qH0vGEltERp+cIgX45fX4p53fMDM+2NXkwHxXuvxC/sXZ1nluEqp6YOZpcDsIAXZcB+jqqTy6mY+tBIF7eNEag3M58cBzPEQzH89TYJ1Sviir9DYfbfC7q7BVsGFmwtLTpi2TS5KIMVQe7M1HO1pdfGg2tetrijMcWx4Y5sYe+vT1J267fPuWBWIW1zyIZs3NTNAXnb/rmvl2Isba8oTjv766hZgSYDZoijOFS+NROIEhkZc4/vF39xwHGl7zG2FqYG+bVpmTbN887r/YNit8TErAVFO7Q2bGD//SWpQR5Zp5jm7m88/59AzRL12QxlBz6i3uppkS5TGs1FfCLOvPFp/uIIhvenzIZKhT5aULPSa+nwfzfTRqMXfoyux7tTCo1NUOffzKIzdfeuqiHeVt2DCHNbMmxyz01PIKOBvML8LOBWSqzV62fAj0FyeRUwLaYTyKvXIiNyg8bfn07x//sI3QLpybmRwdNLXWV+RDQmTpO7mQwfE37l4gFKrKqWpaAgIYhG4QtpE0IfjZMx+D7IUXeJzwRPNThRMnnHTK9p27rrlh7213/PZON8Hoit+GmI9KN9tzWKlP8QsflDj+8QTi7ZgeHehq1pTmihNjPCa+nwfzfYwMpJ7mSifRy2XF7ke+ePsPt//PL0nKmyfGD87NwiyuyYmJ8dHRYctAL3037TPAfMzB5Z1ghk+ObrLvF/7xAhyzmxjqaqyQ2/m6AYTRt6yH7ZUzicGIG2anxobMHc21ZfkZy+W1E/01eYYV8HCPSUtnPU3zK0PTM8Lx1nI0FsxzdDOff2Z4PUh6oqn8SF5kvLhAY4TJJRvn3cSdTNe4gUY91gtYqa941G1xGgd8f8MiEeKbHOnvbKpW5OBR8x4rqHq5m7WBT0Ciq9V5rFcm8b9/+OBP91979jE2K8+e8sbHRkcsQ4MDfeYeU6fRQN/d+giEWfoZt7ETB177enqvXxIOvYMsaOlpqSYFH5c2yA0KS1wyMt+/xMZ745a+LkN9lSI3PcmhOH2ndzfKO7xp1TvNp656YJYQ2WJHWK6eyqOb+aSMH/IUd1k90TjMfIWaVrNlfGp6xk3cx3SNq+k0FL0AQX3iMVfDVl3j6d0nYeIbNrfrqoqyRAlR3qizeL2dtYBPIHNqrHEKzHKOefrWczYPdPSPz2yct3dsCcobtgwN9Jt7Td2d7W2GZr2uvraB/hp3QsK/j3EbO0EWu6+9pdmw5UPyn16GUaC4oKWuJCs5drn+AAhaWEV/P792kdSqnp4Y7u9u1VUr5dJUQaxDjWbC13QXXwHstnN2KWwCzgdMHz68YC3Ede73dcLRzXzBfik2vwW3DapzCeZLy1fru/qGRkbdBeP8vV10SmLegMON6rrx/zFdljWO/O2xyxdwUrdQmsJiFDATfLKh1cYnZDLeifmCwmOSZZUtvSOTs3NkLI+08jDldXUa2wz6xgatprqqXFVSXMCQnbwOnA3mGP7OeTz7rrZaU9/xIP6Xz4/fDKfU+EBnQ1luqpO6PCcoLBa7xt/snZ/fRPLeyIDJ2KhRFWSJk/hR4Q4Zey7zMDC/4ttjicwuOLtUlSkMxwZ82lqIS6F04ISjm/k49OPqvcB1Vk80NiIcuY+5ZdqW9u6eXnfxFNM1LmA50NUdiGbv+86nN+KDB3YYgfii2IwCpodP97Ra+GSpDGmZE8YJDIsWZqkaOwdGJyYR58GQ6cH+Pkx5rS2I8uo06ooypaIwP0+WLc1IT2Po9N0FzkYv4zZ2ouem31hbplCo1A1nIuvsh7M3IjtzbsLSra8ichXL33lOYDD0sB367ahlam4j+ktIbPS262vLi3LSk+JjnMc8cwXuyq36Dk/YMruUzm7wC4yf/nIztL01FP83MJ/3jh0FfmX1RGN54bwYYWZhuaa+Ud/sLhiris9yo7eaDbgVO3xaxWzDh/dtbxOGuj8T0w5+2ddKg575YIxcca2hu29wCMy8HuzYkpSnKlUUynNzsjIl4jRRSpJQkMA/kf4aZ8FbzzzUaOdGqF2pKpJlywpVmqE/fnnFxAyyNCeHew01xZlJMc4CyzB3bPjSVk1b3+jU7OzM5NiQubNZW1Esk6QkxETCmGeHX5YbzJxG8Cd24OEepqYyysxuIOPIyZ9++pgQQCpiJYDkD+Z7+9GHH7j39huvuXzXJRdfdCFLMCuN0DGfHwzzH1/aQthjOeg5Cg2LiEvOzCssUZaVlbuJ/UxXOdWNDkOXyJi51dukBiOO7Lv5mFo+yDn+91a10DFfADckgp+aV1Hf0t7Z2YHMvCYdcmwry5YoL1WULEwUxPPjQA84ksfgChwHIRCXzAeDgHMlaWkZMoVaZ+wdGkOm5rC5ra40O4VqFCiHG8yLE8nKdMgqHZ8YJRIbJXmZIkEsOXve4QPc4ERXYs7+wj483GPQabgHgUxXsozvuSOA5A/m8wPomM/D9m4afL//Dzft3ErOlILSrfCQkLBIvjA1PUOa5TYYRQNPIPtsaKRW2UPQf43/REmX4YMHzx8t4XkwGXhltudn0DNfUDj4BRU12notmHnKkiLk2FopT5AQz4+NiY6KjOBhPeAQPf0l/oMnW5gYt7GTmHGTnZooEKZmFZZrDd39luEhMwyGSqOciAd5ryiBpLC6uatvcKAPJzbys9KE/CheaDCVKc8JCvOfOhszdu/9/UO/vf6y0+d76+TJPHtjlCMZusvFGEwsA8JeACmGaaU1z3wBjOOC3cG/3npkzxmQ+oIY8OyEpVsHPTBhIHIWEcNPEAiFSW4imbGsbtGNanNaiPp2rbSsxo/vPrhroSUr2B3+W+Et+ge0zIfHeoFfUKxQdeuKc7Iy0sGxBSvPSnlhoYjygrG0qZyi9cyKT0GXrreLcRuH//639/e/+/Ybr736yiuvvvbGm2/ve/cv+9/b/5d3//zWG6+98vJLL730oiPQv7386mtvvv3Ou/v3oz/c9+e33nwdffxl+GP48z2R3GVy0+gLJfpY6pclDly37D8P/fuLj/+67603Xn3p1f2sigxfckcAiVH1Ze0zn7siQXQ4vLhIVLbPb9wwh4cD4b7BUPSsBoWER0RGRbuNAqbrHSIlADPdioXagZs/95v3ffTlPcChd/73ilNG6jJDKSXaHbB62/Qh6JkPaonikF8gkb6B/u7rvz7/4A0XnjzdU1eQHGHPeaAHHHMcU8XIW7hV312tU+8xb6fRjp+t4PCTV3wTgPsYRFvZ4Bl3BJDKmVZa+8zH9ZEQ8QFrpdPszNTE2HB/p16dTwg2criBwSEhoQhh7mEj0/X+TUgAsqu5dITQuP0B39SueI0jnzz/212nzXZVS6PorcDV3qRPQMt8eKwX9gucHJAfP3/nxd/fd9Ovzz/r9G3Hbd226wnmIqwn8UPBKCbqF5yG/fCliB8nMFTAYJr6DQdPPt27BR6Hesh2lgJIjO/n2mc+zmO+Wf8AqV0xOT46PNhnatdrSrOTSZUzxH0eIITRD/3CncojO/CbTrnrQ6aFVw/f/e3lx+/cfdFpCyPtlUHLTMHV3plPQM98ARzCL4jkuxow4QJ3b94wZek2+ma/buAMkJvmLVW3QE7kuBXfxU8//d/CgneJunuhHpKi5pISjKpGRwHzXe6b9Q9gBc7pMctAb3dHq75eXZoL8WLyWhwPwFwZgPPv3e6MXguUmXfcu0K5DK9xR6D9tJ7V3o1PwMR8hF8QEuJldem1OEDvv6lXdDgHMjFxkUttOsjoi1/58/XIGQubn/Zqhb225ivXzNfNuNJRwHyuZneyxAFy2ITJ2Kyrqy4vyc9KE0SHUQ6fZ4UYF4op1vx7OossFCe5YeueF1d1NIK7+BqymLbE4WrvxidgYL4Aq1/gZZjqLKwR1OKb/bqBi3NzstJT4qOWGnW4weFUGjT+xSvI+rjWqxWuIWVAnAWQQoWidKksv1ipUpaWFBcVac5ilvVY+8wXwFAksAwH//rkzefdTvu/D8DUk7H+jqbaitJCeU6mOCk+ernuOGf+tt9cs+v8M045ZuP4YF9Xa1OdWlWUJ5WIU2E+Q2x0VHRMbFwcPz4hUVw2sttV6+MrrPLvvOK+02564V+s79KawY2Q07QVi632bnwCRuYLIPyC4726wuGtWCmD7RPtO1yprlAW5qQu+Thg9MWuuH+xE1kf3t3BC+lkQAzu6s8cBcwndv3Zb/c9dv1ZIEK7mVqZG3AAq/x06ioVedJ0UVJifEykgzhJtQ+/DUgyQ/69jib/zolX9Z101SOrrBHpOQ4pkxIT+LgxCu7gc6u9H1/gmXnXUrJNXl3hswXcuNXoow2zx/UGfb1akZVkp0+KjL5ZXyz93T//+tozD7Oa3vvqImgMMioSuMKpRDO8zKkZ3rVwtgOOAuYLZJw8/NUbD129pJa2kd4bObB548youbW6OFuclBAXExURHurQzqj26fe5Ezs2tRTdie0X3f3qaopl+AI35mRlpouEcWRhLX9sfsuJp5//q6uv+81Ne32D15g38PUtt9zioyuRuHYR0RKVVos9Er26ay/C5B2zgVlv3R/YazYZdVXLhk8ioy/G03FWB7/82xvPPXrXjVecd+pWEODf9AtWXst5WE+fUebDBY5sgRuIm68cmM/tsRJHAfNxaLpVj/zj5Xsv37ZgI70Nc3Mz0zfQrn8ARnyamspkaYLYSF5YaIhTdXuQT9u4r6Abw7Hyz73v8Z+2irKSwtwMPJyXAwYEj5+aT6ocui1zSIkrmHfwMK7OhPJMXwE9QFOjZgNVDMnuYfSqAPgeXMisr/NmDY9wx+hQT2tt8bK5F8jom3BjiR+/+uDt5x+/9+YrL/jlsZsJjULi5m/cuHGB1Rzo18Hkmx4738PvAPhyM10zvNuVQhfQCf2tIebb6/S3hz/64x2XHE+QHvHMglraxPjYCH389ADR66yQJsXyQoOX1XVa4asBFxgnE1koZwuCWZ3t6MDthpam+pqyggwhMc2QGxQeJ8pTG3o8UTmkxq+Yd/AwUZaOtUF9hOnJsUGTvoJRUJHj1VyYXxHV7Rpv1vAId02NDXQ6DPbmBIZEv8X8scP/+njfi7+//5arLz7zeFKRlaC7jSDLugEku9Ddn555ls0ejuwkZKVHjnj+Pd7ZTDd6Ld7dpc49CphvWfXIwfef2nv+Mfi4J3RxSdIbHbEM9pt76EtgDhB9L0XpCdhDo6rJHfPh1/liYX5unFKMPoR+Ps3Rgm8n+3q72/W1SlkKMdMLOluTc8p17b2Dw26rHFLjYuYtPLyAx1VMg1CejzBiGegx1iuzhNEMzOfCFGXE4eOI09e3YRU2uAcGlDc5TKlFRh/l/Mt/vffykw/ctvvSs05csDfulrPd9BRW34e7P8IuxvYnbPKNmtve9fx7PG5tjHJuCXX3rTrrKGA+q3j3N28/eh2RxyC8W0x6k1bSM3V1tLU00Q9XOUAOHRLzI+hKWVJ8+HWeIYYpU0kyH/3u7p3Iuh7sbdeV55LTDDmBYVGJGYqaprZOk/syh5Q4l3kLDxNT40aGBvrMvrlgb4+ps1WnLkwXRNJLTHC8KQV5f4Hovar0Yg3PcC+iHNANWuYkIqMvalkx/o8fvXDf7p3Hk3w3b6M7G9tNT00C3QHbDVtAfb+/z2zudWGdk/jhdGzyDXbqnH041rhuM6083jVuLrVtqcVqeRh+7TBfQOwbP33y+JWnzQxPzs1vsob0ZkEYF6TAB/p6TZ3trc1NDbXVFaozadc/QA7+Zuj447gw/t3B1UREoiKbYpjyLb67DDU+8W9n0teLs9OTowOdjeWyFCJbCD39fJGspKpO16T3DVyIiTy8eROMy+ztNBpamn10ycaG2koFtRCUT46tBxaICAjzLG1/4F4iPJa9PDyGLHWbPPTnf7zlvK1WqwL7UnNzTmw3DGw30I/YzmTq7uxsN7YZDM2n/MhqC48RJl9vS/UWz7/HNqJIlqo9YMy9lY4sHgXMxw1N4osLao0DY9NzG3AeYwqT3hAmPWNrc2M9SAcpCuWyLPo+bDbM57sZlAePI8bIU4lUcUR+zewefuG8xYVzX/IimuIKd8zDrMqBjgYlMiIIi5YbFBaVkJYlLy5RqnwDF0P3HkY29YTFZGjQVFWU+eiSypIiuVSEhaDoiC9A6MV920n6AaVerOEZlpjP/hgGo+959H8PPr/npI2biKA5GT8iZoyMjY6MkGyHLOseU3dXZ4exrdXQrG/SNdTX1daoqypm2M0B/PZkwuTrqFeWe/xo7l8gHDeqUrEc95b6ejPdQI+1xHwQPs9Vt/RYxienpiaRp2VBpNfTjY57vU6rUZcriwvycqQSsShZSP++sGE+37WSP7dANK9RCRZwAo/12XWc8M0jvySSntuf8rLHlBZfHbt508aZsb42TRE0JeNfixMYHB6VkJwm8UTmkBIzzJt4mBi7XVtWJM/x0RWl0oz01CQXE0m4nid3PyJH75QVe7yEp6BmPnizKv70zHZj19DE7EZrpnCSmJ055MB2LZjttLWa6qrKcnRIKIoK8+W5su5/s9vBrdjkG+ltrsqXvOnp19hLGs24YMLhJQ78yq2l3qNtq19DzMcJCotJylLp2s2DlmGcx+juwKRXU1VWWpSfm50pSRMlJQr4cTHR9GEYNswX61IZkS0usp1OzrLZnMAIvwwXQfjo5uOInCc8xMfe6x/b8hZ0gQ0QMa+QiaztDhxuYEh4ZCw/QZAo9A1GmDfx8PzcpKVLVyaXilOSfHTJREECPwaIj6HbkOt53+ktxGmoK2FUN/MLaJgPdPYT0guqDb3DE9NkpnDYAnr7pi5Ed8B2jTrMduoltsuT5WRnZWZI0sVpIlENS23nD7Zik2+gQ1uSleJpA9u3x1uD5xQzrLnuKZs8u3nDNLJM1jjzBYZGCiRF1U3GLhORx2ioq6ksQ66JLDszHUgvgR8bA81UYaEbaNdnw3yBz/joy+xfJMesyEVUwh8hOh9dZxl+eP5SIv8zv2EOPcRjo6PTu1kVWrmHL4/BM2QGjLXFGUs/FrT0h4LMoQc6h5RgHkoLzDcx0F5bLBUJ0IHnE0RFwTPkWN/u+Ixc5+l9O3AsWCyD7bWFck+X8Bg0zEfk5LOV9e1myyjybS2DRPyoRa+rr9MgV7ZMWaooLiwg2E6K2S5VlJKcBIdEPJ8fF0vfM7UcFy1A8+hIj75SnpYw6eG3uB8bzb36MqrgOde9WuZbaCOGa4j5ArghMGagtFqrQycQ5DFwSA+5JilJAoL0QBQ3JDg4KJC+IYcF8wVwz/LRl7l4AQqPeptxsbnj6QTpAN/PVfrn3dsWrAqEUxOjloE+s7lvYPiMZ31mx5LYCw+x1eTj2fLkiPqCSJlDn4BZsv2n35Eni1gQg9jKVwhxrm93ZL5tnt63mxcIi0Wd52ZIygegYz4w+uLF8srG9p4+ZOl1tbfi+FGFqqS4ENEdNdvFoJMmKjIygscLD2cpav/cInla1ikyhTEyz77EV8djo7lLR9F4gb6Ke3Wy59K21a8p5oPwuVhWVKpUlhKkh0UE4kFFgCQ9LDmLnln66BAr5vOuLdOG1xaJ36ihhOrrQCFVvm+FWQ4+d+mi1dybmRwbHujtMhqamw3GLvPgpls/9eWlviBMvn6jpshhYCqH65HMIQ1cCBf/jvB7ckX8iJAgH17W5Qgm5vFB9Ni/ZYHsIsqSeriE56BjPni1YoSZRWpdS2ubQd9Qqy6H+BHo7cOMEWA7oLu4WKA7YDuYNRIehnWokaURHBSyyCai8s0p+LS0oNMyN5UfGe6ZJ7JngQjz1VKFkAI4me6sdWCRLHJzpoO1xHwQPo9OEEkys6SZOI8hiEceDjH+ICSY0AEnS5O9Yz5O1EFffJVvTyVPOA1UDzqr88GUwAt9cSES7918gjW6NzsNs7dMxuZ6TVV5RZWmoaXd1D+84yl2CTg2uJl8iBvLZc6evCcyhzRwkW0imA8aLsJxXbqvwEx7CIWe3bbvzyRzm9piicSzJbwALfPhESMpWUXl6prqqrKSwjwifgSzM+Po2C6IOGm4IL7P5aaxqGO+fgF8IMiJQYAkLMSjir4XFwlHqqUSdwc4vVVB7miePrlAylM450rWEvMFQPg8ig/B88QEPia98HA8/YAkvaW/9JL5Ahlnh7PFnkUyqFEho/yNQBE39TNfXAnhHw+csWAz96bGRwbNna2NtRUlBbk5OXmFpVV1emN339DsNW/5pszl863YaeuHxC5Tya/XYMF8lK3r/gbPs/u4m+xgaKmSi9I8WsEb0DJfAIwY4adkyPIL5LnZGWIyaB5N+LLUbLfsiEDUaXKlvvL6FixVMNSlK4Omn5CgTR58hU9PQGc7WqSzoVRKOciV+4Qbq124QMhdObdYrS3mg/B5WEQkRKFxHoMgParpiN4xX0CgLwJ9jywSeax2mClKOXISjD5Pfn0nHPjDhdZpcnPY3Os3tbc0VKuKcjORbZwsEkvzFOWaxtZO8+DI1tu80gcicRNh8nU3llmrmP2Etcp8XI+Uxe4mngn03iqzhL7sFWIHeubjIH83Mi5RlJaWKkoCX4qMH0HUfIntuLQGMTzK6VceZrr4d6ctEEXMhuoCaJAJCvSgrOfrM2AR9C3QIuDsUjAfu14SjA8XbY0GTs/PmmI+HD4PCQ2FMyiYjvQwvGQ+rg+k017eQuaxmivzRNQXQ0ZfON/raZJfP3mZlfaQlzs5Njxo7mprqqsqLciWiBLjkbMSFy9MzZAVqqqx02sZ3XaXt+T3T8LkQ35LoYQizOxDrFXm4/zeg9t23yLxTPQa1PnieG+qoT0DPfPBiJFQXnQcnw+pwgi7oDlJd65uR1BYtFDax6R3dTOZ3mjXlsKA62AuN9htKd5vzrMeHToVYisKRyqAQ1/X4YSrF3Ahc6OSotFgbTGf3ZAg5jnYXjIfJ9LrgNjzW/HhNN4PeaxE5yeNuE5gSCTz1FVXOPDk/2yx0h72cof6wNyrKS/Ok4qTE+LQQ4wQER0nSEnPzkdOb1Nbl3lgeOzkO9/zxu39jc3ky/Gvybd2mc/9arQff7NIPBPkyy/w8OZ7Dgbmw9OVwngRRNQ8yOUb5vhpGHKeUaS9nraH7RXs605ZTFDRgq01TiDjbCAKfHE2EN+GqZHeFnWBOIHyyOXUsF7uvS243LZTW5ye4NRowMx8D+3Zs2f37t3XuoVXGJdkZr4AW/Sc+YfwlvkCn2R9+6jxOPARHE7dOI/FC6EuDoOcmueCR58/dtGiHe2Bl9vT2dpYV1lakJMhEoLcND66g9EjHRWbkISc3uLyGjD8+oZGxo+5/lVP2zv+ASbfzEqYfGuX+U5x96Z9dh4Q3/wsPBP45Y/x8O57jrsZmM9ajwSmHtdlatvpw9CxnZqr0m56j/rSX51M+LrmVkhvRIdhUbOz3dv+vlMggbdherTPSNiNlO2FrIWqfjibKE9orZanxjmxATPznWud2o3VHFhiN+OSLpmPFbxkvgDuDra3jxL/2b2IiW9quMdQUwSFvjR6R+iB4TV4dInDf7n7rIXltDfQ29Wm11bD0BBxsiAuOiI8JBjXZyA7OTg0PDImXijKyCkoraxtNHT29CPym7vkUY9KXW7E7RtWk4+hvdV7rFXmCxhw75Yduh801TZtnJ209LSgZ0IYHRbsrq6It/jql7i6lELQEwM9KGQwz/27weEGhUcnSuRl2va9VGbfkV3Y150Y7GxQ5YCmGVyf0+HO7g/etQUTH7KZO3XlefbC0svAejL33kWywKicqtzWBfNZa2YJOQd2uIpxyTXCfF4F+l47HZ/uc1Mj5ra60uzk2HDa2W4QGb7X7Qt888INJ+Ezx472zN3G5oaaCoU8W4LNPV4YnguEr0tMS8ROb7JYmlukUmv1bYj8LCPjkyfd9ALLnksbPrOafDWF6dQuh++wZpnPLaWVI8/jzPv8xtkJS29rbWk2fvkDBWnZCk3H8OzCsSectAJYgEeyR1+WRZkUxfD4HsIZHiuU5ClrmhYoosiPLhKWgElflY/cVOLynCQ37uAfcSP6PCK+wS59VYFEEBVGfeRyWfrQj9lnIJ2fYmbmOweIbw7rRI2OjrAEs6jj2mA+bwJ9H125iE93ID5jfVluajwDOUCSo4ydvg+Jw+89YE3k4kyulfZadJqKkgJZRlpSAph7odjcW7oOTg6F8bDhJ8mSK8qr6zH5DY2MTcxsv+2179zYwg1QWACtp2U5yX42+dYu8/HZ36+vHt1O+EZz0+OWnlatUobHn6HTiMdPy9cY+0anZjesBOamJ4a6dFTxfK+BjD5EfYni7KIKbef/Ot6B/VtJX7etViFdclMDaVxjJ3z/9JnWOzg20KWvLpbiHAl1OIxdBPZxWwayKk/k7Oy6Yj78go9Bi1RvD1swq+yuEeYL/D9Wt88Z7129hdBHn5kYNhsbyuXptIcTeaXQyBtZr/7JH646wc7Ym54cx04u0F5laaEsE3m5fBzdC3LuQiCdXmT4JSSlZuTkK8prgPxMfYPDoxNTM9tv/hPLtvNPtxIFqa0rYPKtXebjPOjyRv34zZcfv/f8XecvEufUhtmp0UGToU6ZK06AZwJOPRDvbzENoh9gJTA5ZjEbqU0c7+8HUF90QkqGvLS68fTls2y+PnUB+7oDHQ0qmYhvEz7ksqplPvTmTceTpaqzk6P9nfpqRVZKHI2vy7Kx8Me9S9mmEsrCQFfMhyzY0X5Te2uLXt/EEucwLrk2mC+AS69tyoAvHtlhbZqF072tvjxfkkh7OJFXCg7PY9Uy8tnTN/xiYcnYQz7u2MhQf08XcnIx7UnFKYnxMVHIy11u7i2BMPwg4scXJKdh8qvWNhk6us0DFmT6TU2f+OuH9rnup7uOSNJ161T+N/nWMPOFVjd3DMwcc8oZZ593/vkXXHD+eTvPPefss84884ztp5+67aTjj1kk5lWQKu44827p69RrSnPFguhwCHSBUEBSdllDm6l/0LISGBro7dCraQrhvL4h3MAQqAlMyy6s0A6+aPcjHb4MO5aTlmW+LgJ3kfnX/eGLfU/eccFWYtDORnRyjFvM7Y3q4iwRH2xmmo24ELkA7D97KdtUkZdKFTJ0wXyQaOlvb6pVV5Qp2YI5KbZWmM/tvMO/3rhrh62ceHpiZKDbUFcmlwhjwpl03ojKFlf2+ZGPn9xzio31bMae2dTZqq+vqSBoTxgfi2doUph7dlcDww97vQT5yRUqdZ2uxdjZ0zdoGR1H7Dd3+u5H9zFN+PxkywqafGuY+QJDo4VZqqZuy8TMHFUmb8nHBFnj6YkxS7+pTadW5KSRxIeDvAJJkboB3f+ulUBne2uTRpmTQuHc+eKOEDWB8ckZeaXVTVcvxXCgfhscS7NBU5wptLMEOGnLWs1++P7rLz75+/43X3zq0ftv3X3ZOSeR446I6WLo5Bju726tryiUpvDJMaeUULl4m37af+UWW7YJZyCjKbwyZuY7G9dtNFaV5MuypGyxlXHJNcJ8nNB7WNa7/fDVh28/eddVp9rGXuIuisHe9qaa0tz0xBgmTXMMdPLnM5SXHHznd1ecuDR1BFhvYnR4qL+3u93QqK0uVxQgJxdZe5j2qLxcx29GVC+E86IQ+SWlSrLyipQVNfVNhvYuYD9s+83Mbbvinuc/oo4/7iHO75Ux+dYy84VECiQKrdE8PD5JlcmzepiToOI+OjzY121s0qgKpKL4KPIwhKxAXEp2UZm6Vltf3+Bv1Ndr62oqS/LEzPEXb+4JNFlFxiamZSGz7xgrqz1LOJZj/UYtZt2lF4ITKKipbzGNblg89lh7G3mTdYooOf8DawZCZxK6g0p5RjIj8QXEMT0wh/5yPxkyxFMMWuvIbJPTaq6YD6t1KGQSUZIwkSXmGJdcK8yHjuPEzFJdl4WY+uEa5NgCMMdGBns7W7QVRdlpgpjwECaBS+JSIRHUkb4jHz+799wtDqw3NoKNvTZ9g6ZKVSzPyUhLXqI9Rk25pSti8gsNx5ZfkihdKstXqKo0DfpWYD/k+Y6OTwL9bdx+1T3Pvudg/328oibf2mW+AG5IBD9NrtZ3mAcswxSwepig4t7Xa+owNNZWFMnS7dWeyW7ZnLyCwqIVQaFcJrWZnH4AmH0h4YTZV9NDeLzvLm4G+wqGDlXkpcUva/JG9zAhvajO2D8KEybsjGQ87cg23A2miw1AZxK6gzliYWwEE/EFcPc5PSY//Ouz99969qFbr9qxhTRQNsxOjw/1tGpVuQ5bsoJ5xtR26KBrqZSjnzMGFB1ZYYhxyUttzOdYVO0OpmnX/4od88FvEi8u1LRB3m2OIk3mmDXDBxMmpqF+U0dLvbokLyMFne4hrsmIExRW5GheHfnshTsvPd6O9GbtWM/YAsZeSWFuliQ1ScCPWaI99jX3XEx+yO2NjktITEnLyMotLEG2R4PeYOw0mfvB+APfd2Z2bu64ndfe89SfPye3eA1h8nWtjMkX4EK89f5VZD6I0mWVaJpaO7pM9ui2AjuYnaDibmjWadWqIllGSkIMem2tW+WAiRSXmCxKE6evBMTi1BRhfLTr09hz2My+7KLKhhuQ3/SPY0HgHgf51IUS7FjaMR/O8VQ12+d4sJGMJ1lah7sN9OOHXqcpL85FdzCaF8JEfAEc2YW7LvvVFVfv3nP9tVfuuvCc7accYx0STJYeE64zxKNUpAXsvFzCn7759tvvvvvP999/f9AR3z+9GRcCqrKR381eFpL/GMOSryySkzSd51a4g0Ja9/EFQhA3P9Vx8rcD0HMdmyKraOoaGIGxHy5yZpPEXKrhIRx7a9JWlcqz0hJj8enu8oUEo+/WpR0e+vtzv71kifSA9aanJsfJxY2GJm1NhbJInpMpFglBNt192iMvi8kvJCw8IioWTD9xRnZeoaKsSlPf2NLW0dWD6W90fGKS4L8N8yftvPqOR68HPwFK8VfG5AsIueff36LHhfJpOXjwg1Px2Us52s7fgKx8fFpuSaVG26Br1DmC8C/rtdo6mFlRriyWZ0tSBLGR4favLaK+0IiomDh+/MoAunIj2ZzG3twXLjb7UjLkKs2JH7x/wuQMsgomh3sNGlzQsszchAkTQmmptrW7z5bjGUJWMgw7wqMse0zd6ORobWmq11QqC2UZInQHw1zs3xqBNVkmZzdstDZZWO0TwkAZHR7oMUI8SkxrAROr6E3DUxReH6E5U5KZCMcIW6D7AvM0mmiXtMmtenH7C8anNx172s5Lf33tnuuvv2EJV29BdrdVkMvF7YPRsZqWTvPAkMucGfxWMLYAE1N1uSJPmpbEh7OJ1euIfn8llkz+x6sP7d6xaIsY2ky9UTxJGNt6mkpVcb5Mmp4KPm50JC8sNNgT2iMvTCQ8wO+Njo3H7JeVW1CsrKiubWgC+jOZ+9C3HxkdA/7DBAhj76bHBzsblNnJNO1DvgWE0zJKdN3UYYf5uWlcm7sazMcNDotKSJWiG6YosUFhRTECci8LCwtgZkV2ZnpqUkJslIPKPVFlGc7jRawQoCuXWWffFzcGm7JCsUyh1hl7LWOTUxPD5jatMkfkmETFYtBp8gpts7GzCxvJnWAkt7cb8bSjZn1TY4O2Do9ULIAsniAO3cEgF9YEjsBmKOrb+0cmpmdmyCYLbKBg+2QEbIhuo56IR9G6/tZ41+D49Jyj1zc3OzXa364tIg5/tuBCRiujpKFzcGzayZFE9s3YQEd9scS5hdgtWLc9NDGzYXnGbW4KGSzVeSKXzIdHxyo1jQZjR6dLdLTjsQVaTZVKIc/JSBXyYyLC2D5iHG4Ir+3SbRMdPegw2Dg/T44SJkhvGA+Y62hrbtTWVCoR62VJ0pKFCXFYUQNkujxrN7JdG8iPMP0iY4D9UtIk0hx5oUKF6K++sRk5v93Af4OWYSBAxIDowBw0NavzaTrGfQ2YjiNR1HcMUDwt6C5Njw91NyqlQt/X5roEHjQXj46L9AwHSDCweykWg/BTSlIi+sUiKaZ7APcFBQeHrAxAY8/TY9KtOxMUwotJEEkLyrWG7n6LZbAXavrTEpxqUZC7GyPMyFeqa7VkEgaM5FpNTbVaXVlBjDsqkOfmSCVpkMWL5LHhbRyBza9u7upDhzbRY4HDrtg+6TPDuMaWxtpKBRGPoot5Yv4srjOaLejcdwS8A4ZqlzEzx9sCk54Ka1t7h0aplhzqMWgKqISm3YE18daHaB/zvhXTk2NDpmbKsU3LAdr3AnGuAhGA1iXAo1FXqEqLgJhSk6BpFprH2D5i2D7PVECkd2qGSGXZjxIGffDqCpL1UsDFjQJjzyMfl+rqWD8+KASzX3QsPyExGRl/0py8AoWyvKqmrqGpGdi/uwcIENm/g33dhtoS2o5xH4MMuLb2UD0t6C6RtbmrwXzYtomJi08QOCKBAOFgYllj+MWop3tY22VXCn7nPeLWhIRH8pNwN5uxy9TVWg81/dFOETWi6S09O6+gyGokFxTk58vlebky27ij1BQYqUjUbLF54hGdxiZnK+ua27t7enuhxwKCr12EfWJobkIGSqWyKDczlYxHUa8Cpo84X93U3tM/OOSIgT5TW0O5u9qU3GAePzWvstFo6qNc0qiryKXqJ3EH+H0pANofGsa8b8WIBTn4Daosih7l5cDa94LUjJy8/IJCV8AeDYwtQMQEXRRk0yzb3YI6M1+UW9HYOTAyPoFTWTbS02lhwFyhPAd5uMB64OJiCRYvjT2HHSyxHy8yCr3NAiGiP0lmdi4y/xD/IfrXIQJsa++AiL2+TpVLWf7pB6BbEyfKq9Chp2XA6WkZGuzvIWpzV8T+dAAxaI4XEUkN0r/kYRV34hdbCdZZE8C1fRGxiWk5xRV1jfrG2rJ8ytJW3PkRkwCGc7qdkZwqEsG0I3LcURwxXYxNzRaxKPL4EsRyVU19ox7Q1NSogyHBdeTczBIwUNJFifwoXih9PIrgz9IaXYuz09fR3tZcX0WIzrjxkxJJMUW1rqWt3cltbG9raVDb9/Z5BnhfUmSqumZ04CxvnuvubNWpiySujQRC+x7ZP6lpYlcgPBoYW4Bjb8RT7sZ2OYFhUYkZRdX6zt7+gYGlUcIaPEoYZi2JkhORrWdjPX+8RCT7BYeEYuMvJg5Zf0kpqWKJNFsmLygqUZZXVmvqtPXa2qpSPxaFOQA/LVKFuoHqaUEsbND5rzbXFcjaSGb3MpiUNf7voT0MItGRkJIpV5RXlpfkSYSxVKWt+M8iIcdDGsl8QFxcbKz9cLcwtx56MFpiEtNlhSXKsrIylUqpLC1RFCNzMh9MyWwpNlAS4qJ4jPEoKDlKSJMpytWaujonH6+mSlWUneLm6Y+TYqmy4jK1ptZ5SY26rChHxPfyDEe+arRAkq+qRqaK3h5NjfWaSsXygkqabWLteyAANkC/FTkNyZPDnYOZOrukptFgNEIqq6HONj8dTD2rPrjtAfDXS2RlP5L+omJi+fECxH+itPQMRIB5+YXIKymUZ0Glor+Kwhx2FBgSyRflUD4t2ro6jbpcQfbBrsBmnHcHrir19LblHuZ/F+0BrImOtExZXi5UOlC/cVbDOcJqJfMIKxmmHVkHgFhHKrK9NDJaeDECCNlkIUilmRB7RfYkOTeTMFCwDcmwJjnwLAO5PQVOyJfnZkmYW0kob0lwWFQ8XjKfaslsSUo8dY2NG9eA7y6UyAqKS5VKlR1gYGWeVBQPe3a5T5x4C+e5SL3xeDaPxmNzjDgNchQV1RpNDaSyYKpmJjqbkoifKcJ27K1AfJqkP8L6Q85cFLb/EAEi+xcKz8SpSbgobEVeZpgQQfu0FBTI83IyUv1Ym8tuj+xntv03gehm4yemiETC+GgeTTEKmWJbZiTDrCNy/kegBwcHYW/GJQiEwiShUJiYCKFXMCexfRIFBkoobXe7DXZOn6PXh3w89GbGMUQJ6e5IMMxQS6JeUuTJks7bhviBIEUsyXRonsvMSE9N4kexuQCZ92QH4pfylJiIEglRJnIrcSorQ0zOT4+Ownakv2095w0R9EeMDQf6xwQYywevJJ7v96Iw+52A6UD9tODHJTmR79fa3HV4DCxiEBEdGxfH+MBQ5ni8OkvwhXnoiQVERUURYVceOTeTpYFC7p7a6YPYI6tEs+OSyI9EnhTVmrAk+4IQhmuAaE5cvACGVNoB8T+U/8IFWC3DPvHm3ZFPvN9CeL1TYdBpfBxJeqG0A+b8D84S/9kIMCISH5n+Lgqz2wTT08KH6aMRrmpb17FKsNYrhhN57ZW9MHJZrLCZk1b7hF2mZMnpcwYxrsTd70SqJdEsGe7JkhTXwBNVIp265yIjV/TFZQsOjirGkdwfaWfprQrp2e+MY41mWSvPglkVF/js+kxPC4yDXeG3ah1uAFPQylQRLr8uxyH+am9KurEIrdMXxLZLnmpJ6jWDfFWmRuTdnLrn4M1dg4k23OwNYTUej3GU8KqBJECuFz69x1emf1rw87L2fs112EA8NavksXgbgOXQO30eL0q/pq/edifaX6L/NfmmkMfjUiprLW4yAO7ralyTPuywZm/UOtaxaqDsn1vtTdHB9nav4T2uYx3rWMc61rGOdaxjHetYxzrWsY51rGMd61jHOtaxjnWs4yjA/wfEXg/uDQplbmRzdHJlYW0NZW5kb2JqDTIyIDAgb2JqDTw8L0JpdHNQZXJDb21wb25lbnQgOCAvQ29sb3JTcGFjZSAvRGV2aWNlUkdCIC9GaWx0ZXIgL0RDVERlY29kZSAvSGVpZ2h0IDIyMSAvTGVuZ3RoIDQzNTEzIC9TTWFzayAyMyAwIFIgL1N1YnR5cGUgL0ltYWdlIC9UeXBlIC9YT2JqZWN0IC9XaWR0aCAxMjc0Pj4NCnN0cmVhbQ0K/9j/4AAQSkZJRgABAQAAAQABAAD/2wBDAAgGBgcGBQgHBwcJCQgKDBQNDAsLDBkSEw8UHRofHh0aHBwgJC4nICIsIxwcKDcpLDAxNDQ0Hyc5PTgyPC4zNDL/2wBDAQkJCQwLDBgNDRgyIRwhMjIyMjIyMjIyMjIyMjIyMjIyMjIyMjIyMjIyMjIyMjIyMjIyMjIyMjIyMjIyMjIyMjL/wAARCADdBPoDASIAAhEBAxEB/8QAHwAAAQUBAQEBAQEAAAAAAAAAAAECAwQFBgcICQoL/8QAtRAAAgEDAwIEAwUFBAQAAAF9AQIDAAQRBRIhMUEGE1FhByJxFDKBkaEII0KxwRVS0fAkM2JyggkKFhcYGRolJicoKSo0NTY3ODk6Q0RFRkdISUpTVFVWV1hZWmNkZWZnaGlqc3R1dnd4eXqDhIWGh4iJipKTlJWWl5iZmqKjpKWmp6ipqrKztLW2t7i5usLDxMXGx8jJytLT1NXW19jZ2uHi4+Tl5ufo6erx8vP09fb3+Pn6/8QAHwEAAwEBAQEBAQEBAQAAAAAAAAECAwQFBgcICQoL/8QAtREAAgECBAQDBAcFBAQAAQJ3AAECAxEEBSExBhJBUQdhcRMiMoEIFEKRobHBCSMzUvAVYnLRChYkNOEl8RcYGRomJygpKjU2Nzg5OkNERUZHSElKU1RVVldYWVpjZGVmZ2hpanN0dXZ3eHl6goOEhYaHiImKkpOUlZaXmJmaoqOkpaanqKmqsrO0tba3uLm6wsPExcbHyMnK0tPU1dbX2Nna4uPk5ebn6Onq8vP09fb3+Pn6/9oADAMBAAIRAxEAPwD5/ooooAKKKKACiiigAooooAKKKKACiiigAooooAKKKKACiiigAooooAKKKKACiiigAooooAKKKKACiiigAooooAKKKKACiiigAooooAKKKKANLQdCv/Eut22kaZEJby5JEaswUcAsSSfQAn8K73/hQXjr/n2sv/ApapfA8Z+Lmjeyz/8Aoh61vGviPXIfG+txQ6zqMcUd7KiIl04CgMQABngUAVv+FBeOv+fay/8AApaP+FBeOv8An2sv/Apay/8AhJ/EH/Qd1P8A8C5P8aP+En8Qf9B3U/8AwLk/xoAw/Fng3WfBWoQ2WtQRxyzR+bGY5A6suSOo9xWBXtH7RxP/AAk2iAnJFhk5/wB814vQAUUUUAFFFFABRRRQAUUUUAFFFFAHcab8IfHOr6ZbajZ6JvtbmMSxO1zChZCMg4ZgRkc81a/4Uh8Qv+gCv/gZB/8AF16P411vVdF+GfgFtM1C5szLp0YkMEpTdiGLGcfU155/wnPiv/oY9U/8Cn/xoAj/AOFIfEL/AKAK/wDgZB/8XWN4k+HXirwjYR32t6Wba2kkESyCaOQbiCQDtY44Brd/4TnxX/0Meqf+BT/412Xji+u9S/Zy0S7vrmW5uZNQ+eWVizNh5gMk+wAoA8HooooAKK7/AMP/AAb8W+JdEttXsYbRbW5BaLzZwrEAkZxg+laf/DP/AI4/uaf/AOBP/wBagDy2ivUv+Gf/ABx/c0//AMCf/rUf8M/+OP7mn/8AgT/9agDy2ivUv+Gf/HH9zT//AAJ/+tR/wz/44/uaf/4E/wD1qAPLaK9S/wCGf/HH9zT/APwJ/wDrUf8ADP8A44/uaf8A+BP/ANagDy2ivUv+Gf8Axx/c0/8A8Cf/AK1H/DP/AI4/uaf/AOBP/wBagDy2ivUv+Gf/ABx/c0//AMCf/rUf8M/+OP7mn/8AgT/9agDy2ivUv+Gf/HH9zT//AAJ/+tR/wz/44/uaf/4E/wD1qAPLaK9S/wCGf/HH9zT/APwJ/wDrVwXiPw9qHhbXLjR9UjRLuDbuCOGUggEEH6EUAZVFFFABRRRQAUUUUAFFFFABRRRQAUUUUAFFFFABRRRQAV3On/B/x1qmnW1/aaJutrmNZYma6hQspGQcFwRketcNX0T4+1zVdF8B+Azpeo3Vn5unDzPIlKbsRQ4zjrjJ/OgDzj/hSHxC/wCgCv8A4GQf/F0f8KQ+IX/QBX/wMg/+LqT/AITnxX/0Meqf+BT/AONH/Cc+K/8AoY9U/wDAp/8AGgDE8RfDbxZ4U00ahrOlG3tC4j8xZ45AGPQEKxI6Vyle9+KdRvNU/Zvgur+6lubhr4BpZWLMQJGxkmvBKACiiigAooooAKKKKACiiigAooooAKKKKACiiigAoorqfh74Rh8b+LIdFm1AWKvG8gfZvZtoztUZHOMn6A0ActTo43lkWONGd2OAqjJJ+le8z+GPhD4LupLbUm1HWdQgbbJC275WHbA2L+ZNL/wt7TdFjMXhPwhp+nrjAkdQC31CAf8AoRoA8z0f4WeNdc2ta+H7qONv+WlyBAuPX58Z/DNW/GXwn8Q+CNEt9V1KSzlgllETi2dmMTEEjdlR1weR3+tbuq/FPxjqu5X1eS2jP8Fooix/wIfN+tdV8PLs+OPCXiDwRqty8s08RuLSWZyxVsjufRwjY92oA+faKluraazu5rW4jMc8LtHIjdVYHBB/EVFQAUUUUAFFFFABRRRQAUUUUAFFFFABRRRQAUUUUAFT2Vlc6lfQWVnA89zO4jiiQZLMegFQV13wt/5Kf4e/6/F/kaAJ/wDhUXj3/oW7n/vtP/iqP+FRePf+hbuf++0/+Kr0P4ieOvE+lePdVsbHWLiC2idBHGmMKNin09TXL/8ACyvGX/QwXX/jv+FAGJ/wqLx7/wBC3c/99p/8VXPa74b1jwzeJaa1YS2c7p5iLJj5lzjII4PQ13n/AAsrxl/0MF1/47/hWz+0cxbxHoTHkmwJP/fZoA8WooooAKKKKACiiigDf0DwT4k8UW0txoukz3kMT7HkTAUNjOMkjnBH5itb/hUXj3/oW7n/AL7T/wCKr0T4Y6jd6T8A/E19YztBcxagxjkXGVykA7+xNct/wsrxl/0MF1/47/hQBif8Ki8e/wDQt3P/AH2n/wAVTJvhR46gheaTw3dBEUs2GQnA9gcmt7/hZXjL/oYLr/x3/CvR/hF4s13xBqmrW+q6lLdxR2m9FkA+Vt2M8D3oA+aKKKKACiiigAooooAKKKKACvpi28UjwP8ABzwnd2el2lxJdRqrCQYHKlieOpJr5nr3fxf/AMkO8Ef7q/8AoBoAm/4XnqH/AEL+mf8Aj1H/AAvPUP8AoX9M/wDHq8oooA9X/wCF56h/0L+mf+PUf8Lz1D/oX9M/8eryiigD1f8A4XnqH/Qv6Z/49R/wvPUP+hf0z/x6vKKKAPV/+F56h/0L+mf+PV0Hgn4pXfinxbZaPNolhDFP5haSMHK7UZu/uAK8Ir0X4Jweb8Q43x/qbWV/5L/7NQB558RzD/wsjxCII0jjW+lQKgwAQcHj6g168dB+GvhXwP4Yv9c8Nz3lxqdlHK0kLsxLmNGYnMigcvxivEPFVx9r8Ya3c5z51/PJn6yMa9i+JP8AyTX4e/8AYOT/ANExUAR/2z8Gf+hM1H/P/baj+2fgz/0Jmo/5/wC21eYUUAen/wBs/Bn/AKEzUf8AP/baj+2fgz/0Jmo/5/7bV5hRQB6f/bPwZ/6EzUf8/wDbaj+2fgz/ANCZqP8An/ttXmFFAHp/9s/Bn/oTNR/z/wBtqP7Z+DP/AEJmo/5/7bV5hRQB6f8A2z8Gf+hM1H/P/baj+2fgz/0Jmo/5/wC21eYUUAen/wBs/Bn/AKEzUf8AP/baj+2fgz/0Jmo/5/7bV5hRQB7VoGh/C3xpbapBpXhe5tpra2MhkmdlxkEAriRuQfWvm+vfPgj/AMfPiP8A68P6mvA6ACiiigD17Qfgcmq+FdO12+8V2unJfRiRUkt8gZyQNxdcnA9Kuf8ACh9K/wCih6Z/35X/AOO1d8Y/8kS8Df8AXNf/AEWa8uoA9E/4UPpX/RQ9M/78r/8AHaP+FD6V/wBFD0z/AL8r/wDHa87ooA9E/wCFD6V/0UPTP+/K/wDx2j/hQ+lf9FD0z/vyv/x2vO6KAPRP+FD6V/0UPTP+/K//AB2j/hQ+lf8ARQ9M/wC/K/8Ax2vO6KAPRP8AhQ+lf9FD0z/vyv8A8dqaD9nu2vS8dj45sbmZVLbI7YN+eJCQMkc4rzWvUvgN/wAjvff9g1//AEZHQB4TIhileNsblYqce1Nqa8/4/rj/AK6N/OoaAPRPgaM/FrSfZJ//AES9Hjc58d6//wBhCf8A9DNP+BYz8WNM9op//RTVF40OfHXiD/sI3H/oxqAMOiinRjMij1IoA7/9pDjxhpC+mn/+1HrxivZf2kD/AMVxpY9NNU/+RJK8aoAKKKKACiiigAooooAKKKKACiiigD3r4kf8ky+Hv/YOT/0TFXldeqfEj/kmXw9/7Byf+iYq8roAK9K8V/8AJs2g/wDYQP8A6MnrzWvSvFf/ACbNoP8A2ED/AOjJ6APD6KKKAPftXvbux/Z+8ISWl1Nbu0wUtDIUJGJeMivOf+Eh1v8A6DGof+BL/wCNd/4h/wCTe/B//Xcfylry6gDS/wCEh1v/AKDGof8AgS/+NH/CQ63/ANBjUP8AwJf/ABrNooA0v+Eh1v8A6DGof+BL/wCNH/CQ63/0GNQ/8CX/AMazaKANL/hIdb/6DGof+BL/AONH/CQ63/0GNQ/8CX/xrNooA0v+Eh1v/oMah/4Ev/jR/wAJDrf/AEGNQ/8AAl/8azaKANL/AISHW/8AoMah/wCBL/40f8JDrf8A0GNQ/wDAl/8AGs2igDS/4SHW/wDoMah/4Ev/AI0f8JDrf/QY1D/wJf8AxrNooA7DwTrWr3PjjQ4ZdVvpI2vYgyNcOQw3DIIzyKy/je+/4ua0P7ogX/yCh/rV34bx+Z8RdDX0uQ35An+lZHxgk834r6+3pKi/lGg/pQBw9XNJhjuNZsYJV3RyXEaOvqCwBFU6v6F/yMGm/wDX1F/6GKAPo7xtrfgvwVrkelN4A0i7JgWXzBbQpjJIxjYfTr71zn/CyfBP/RNNJ/79Q/8Axqq3xz/5H6L/AK8Y/wD0J680oA9U/wCFk+Cf+iaaT/36h/8AjVH/AAsnwT/0TTSf+/UP/wAaryuigD1T/hZPgn/ommk/9+of/jVH/CyfBP8A0TTSf+/UP/xqvK6KAPVP+Fk+Cf8Aommk/wDfqH/41R/wsnwT/wBE00n/AL9Q/wDxqvK6KAPVP+Fk+Cf+iaaT/wB+of8A41XT+CtR8F+PLy909fAek2flW5kL/Z4mJGQuBhAQeeteCV6x8Bv+Rm1X/rx/9nWgDy/w98MfF3inSl1PSNK8+zZiiyNPHHuI4OAzA9e9av8Awo74g/8AQET/AMDIf/i67rR9SvtK/ZtsbnT7ue1n+2uvmQuUbBlfIyK4b/hN/Ff/AEMeq/8AgW/+NACf8KO+IP8A0BE/8DIf/i6P+FHfEH/oCJ/4GQ//ABdL/wAJv4r/AOhj1X/wLf8Axo/4TfxX/wBDHqv/AIFv/jQAn/CjviD/ANARP/AyH/4uu++L1nPp3hHwPZXKbLi3s2ilXIOGWOEEZHB5FcF/wm/iv/oY9V/8C3/xrP1LWdT1h431PULq8aMEIbiVn2g9cZPFAFGiiigD2GDw3qnir9nq10zR7cXF2bwuIzIqcCRs8sQK87/4Ud8Qf+gIn/gZD/8AF1W0/wAS65pNt9n0/WL60g3FvLguGRc+uAatf8Jv4r/6GPVf/At/8aAE/wCFHfEH/oCJ/wCBkP8A8XR/wo74g/8AQET/AMDIf/i6X/hN/Ff/AEMeq/8AgW/+NH/Cb+K/+hj1X/wLf/GgBP8AhR3xB/6Aif8AgZD/APF1zXifwXr/AINmt4tdsPsrXCloiJEcMBjPKk9Mj866b/hN/Ff/AEMeq/8AgW/+NdT8fpZJ9H8ESyuzyPZyszMcliVhJJoA8SooooAKK6/4c+BX+IHiGbS11BbFYbZrhpTF5hwGVcBcjuw713p+BegAkH4k6aCOoMEf/wAeoA8Tor2v/hRnh/8A6KVpv/fiP/49R/wozw//ANFK03/vxH/8eoA8Uor2v/hRnh//AKKVpv8A34j/APj1H/CjPD//AEUrTf8AvxH/APHqAPFKK9r/AOFGeH/+ilab/wB+I/8A49R/wozw/wD9FK03/vxH/wDHqAPFK0vD+s3Hh7xBYavan99aTLKBnG4A8qfYjI/GvWf+FGeH/wDopWm/9+I//j1H/CjPD/8A0UrTf+/Ef/x6gC18Y9Mt577TPFmnfNY6xbqxcD+MKCCfqpH/AHya8wr3XU9F0TTPg1c+HLjxZp2py2AaezlVkRgQdwQKHYknLKPZvavCqACtjwrrsnhrxPYatHkiCUGRR/Eh4YfiCax6KAOv+O3hyPTvF0OvWQDWGtRCdXX7vmADdj6gq3/AjXlVfQWiDRviJ8K08Ma1rNtpl9ps6m2uJyuQg6EAsu4bSy4B4wprI/4UZ4f/AOilab/34j/+PUAeKUV7X/wozw//ANFK03/vxH/8eo/4UZ4f/wCilab/AN+I/wD49QB4pRXtf/CjPD//AEUrTf8AvxH/APHqP+FGeH/+ilab/wB+I/8A49QB4pRXtf8Awozw/wD9FK03/vxH/wDHqP8AhRnh/wD6KVpv/fiP/wCPUAeKUV7X/wAKM8P/APRStN/78R//AB6j/hRnh/8A6KVpv/fiP/49QB4pRXa/En4fP8PdXtLI6kt+lzD5qyCHyiMEggjcfzzXFUAdZ8PPA0vj/wARS6TFfJZCK2a4eVoy/AZVwBkc5Yd678/AbS1Yq3xC00EHBBgXj/yLVT9nD/koWof9gqT/ANGxVxd5/wAftx/10b+dAHff8KH0r/ooemf9+V/+O0f8KH0r/ooemf8Aflf/AI7XndFAHon/AAofSv8Aooemf9+V/wDjtbHhX4R6R4a8U6drLePNNuBZzCXyhGi78ds+YcflXkdFAHVfEq7t734h6xcWs8c0LSqFkjYMpwig4I68g1ytFFABXu/xC8FaL8RrnTNQi8ZadYrBaiPadkm7JznO8Y69K8IooA9E/wCFD6V/0UPTP+/K/wDx2j/hQ+lf9FD0z/vyv/x2vO6KAPRP+FD6V/0UPTP+/K//AB2j/hQ+lf8ARQ9M/wC/K/8Ax2vO6KAPRP8AhQ+lf9FD0z/vyv8A8do/4UPpX/RQ9M/78r/8drzuigD2mTQtK8C/BrX9ETxJY6nNdTidDEVViSY12hQzE/cJz/hXi1FFABXqHwRv7Ky8Qamt7eQWwms9qNM4UE7h0z39q8vooA9E/wCFD6V/0UPTP+/K/wDx2j/hQ+lf9FD0z/vyv/x2vO6KAPRP+FD6V/0UPTP+/K//AB2j/hQ+lf8ARQ9M/wC/K/8Ax2vO6KAPSrb9nyzvJfKtPHdjPLjOyK2DHH0EteNapYSaVq97p0rq8lpO8DMvQlWKkj8q9c+C/wDyUe2/64S/+g15n4y/5HjxB/2Erj/0a1AGJRRRQAV714rikk+B3gnYjNhVztGcfIa8Fr1bwf8AGfxdp1jpXhnTNP0q6KslrbefG+9izYUEhwOpAzigDlPs1x/zwl/74NH2a4/54S/98Gvoz7X8Y/8AoHeEf++5/wD4qj7X8Y/+gd4Q/wC+5/8A4qgD5z+zXH/PCX/vg0fZrj/nhL/3wa+jPtfxj/6B3hD/AL7n/wDiq4DxN8a/H3hPXZ9H1TStAW6hCk+WkrKQwBBB8z0NAHmLQSou54nUepUio69y03x3qXjf4MeKNU1e1s4miZraNbdGCn5UOTuY85cV4bQAV6r8B41XxTql233YbAgn0y6n/wBlryqvVfhEfsvh3xtqJ4+z2AIP/AJWP/oIoA8HmlaeeSZvvOxY/UnNe7fEn/kmvw9/7Byf+iYq8Gr3n4k/8k1+Hv8A2Dk/9ExUAeWUUUUAFFeseBbPwzp/wt1fxRruipqLWl2UIIBbbiMADJwOXJrP/wCFo/DL/oQX/wC+Y/8AGgDzeivULX4hfD6+837J8Nrq48pDJJ5MCPsUdWODwPeq/wDwtH4Zf9CC/wD3zH/jQB5vRXpH/C0fhl/0IL/98x/40f8AC0fhl/0IL/8AfMf+NAHm9Fekf8LR+GX/AEIL/wDfMf8AjXc+B18G+PNMvr/TvBEEEVs4jU3AUCV8ZIBGegI/MUAfP1Fe2+ItS8NeFSx1b4VXcUK/8vCRxyRf99qSB9Dg1zX/AAtH4Zf9CC//AHzH/jQBe+CP/Hz4j/68P6mvA694t/jV4M0izvV0TwfNaXFxCYyy7FDcHGSCTjJrwegAooooA938Y/8AJEvA3/XNf/RZry6vcZvCGpeMvg54Ot9Ka38yCFHfznKjGwjjAPeuX/4Uf4u/vad/3/P/AMTQB5tRXpP/AAo/xd/e07/v+f8A4mj/AIUf4u/vad/3/P8A8TQB5tRXpP8Awo/xd/e07/v+f/iaP+FH+Lv72nf9/wA//E0AebUV6T/wo/xd/e07/v8An/4mj/hR/i7+9p3/AH/P/wATQB5tXqXwG/5He+/7Br/+jI6rf8KP8Xf3tO/7/n/4mu3+F/w51zwh4kub/UzaeTJZtCvkyljuLo3oOMKaAPng+EfEuoPJdWXh3Vrm3kdiksNlI6MMnoQuDR/wgvi//oVdc/8ABdL/APE1754n8Xav4U+HHg6XRriOJri0QOWjV8gRqR1HvXD/APC5PGv/AEEYf/AWP/CgCP4L+FfEOl/Eyxu9R0HVLO2SKYNNcWckaAlCBkkAVgeMDnxvr59dRuP/AEY1dH/wuTxr/wBBGH/wFj/wrh7q5mvbua6uHMk80jSSOerMTkn8zQBFUtsM3UQ9XH86ipVYqwZSQQcgjtQB6d8fvDmu6z42sJ9L0XUb6BNORGktbV5VDeZIcEqCM4I49xXlP/CC+L/+hV1z/wAF0v8A8TXoa/GLxqqhf7SiOBjJto8n9KX/AIXJ41/6CMP/AICx/wCFAHnf/CC+L/8AoVdc/wDBdL/8TR/wgvi//oVdc/8ABdL/APE16J/wuTxr/wBBGH/wFj/wo/4XJ41/6CMP/gLH/hQB53/wgvi//oVdc/8ABdL/APE0f8IL4v8A+hV1z/wXS/8AxNeif8Lk8a/9BGH/AMBY/wDCj/hcnjX/AKCMP/gLH/hQB5pe+E/Emm2j3d94f1W1tkxvmns5ERe3JIwKx6+kYPFereKfgj4vu9XmSaWJWiRljCfLtU4wPc183UAFW7DStR1RnXT7C6vGQAuLeFpCoPrgHFVK91+Bt9NpfgTxvqFsVFxbQiWMsMjcschGR35oA8j/AOER8S/9C7q3/gFJ/wDE0f8ACI+Jf+hd1b/wCk/+Jr1D/hdXjL/n4tP/AAGFH/C6vGX/AD8Wn/gMKANT4nQy2/w48AwzRvFLHYKjo6lWVhDECCD0INeUV0Pifxrrfi/7MNWnjdbbd5axxhAC2Mnjr0Fc9QAV6prunX2p/s26FDp9lcXcq3zOY7eJpGC+ZMM4APHI/OvK67DQfib4m8N6RFpdhcwC1iLGNZIQxXJJIz9ST+NAHBf8Ij4l/wChd1b/AMApP/iaP+ER8S/9C7q3/gFJ/wDE16h/wurxl/z8Wn/gMK2fCPxY8U6v4t0vTrya1a3ubhY5AsABwfQ0AW73wvres/Azwtp1hp00l5BLulhbCMgHmA5DEdyK4j/hVnjX/oAzf9/Y/wD4qrPxU8e+K9E+Jms2Gm67eW1pE0WyFH+VcxITj05JP41x/wDwtLxz/wBDNf8A/fY/woA6f/hVnjX/AKAM3/f2P/4qqGseBvEugWBvtT0mW3tgwUyFlYAnpnBOKx/+FpeOf+hmv/8Avsf4V6pda1qeq/s4wX2sXkl1dXd5tWWTG4qsrYHv9w0AeRUUUUAW9M0u91nUIrDTrd7i6lzsjTqcDJ6+wNdL/wAKs8a/9AGb/v7H/wDFVo/BeIyfEe1Yf8s4JWP/AHzj+tc54n+J3jGHxZrMVp4ivYrZL6dYY1cYVBIwUDjoBigDS/4VZ41/6AM3/f2P/wCKo/4VZ41/6AM3/f2P/wCKrmP+FpeOf+hmv/8Avsf4Uf8AC0vHP/QzX/8A32P8KAOn/wCFWeNf+gDN/wB/Y/8A4qs3WvBfiLw7aJd6tpcttA77BIWVhuxnHBOOhrK/4Wl45/6Ga/8A++x/hXqOs6rf6z+zpomoandSXN5PfNvlkOWbEkwGfwAH4UAeS0UUUAdn8KI/N+JujL6NI35ROf6VyXxOl874m+Im9L11/Lj+ldv8G49/xKsG/uRTN/5DI/rXnnjqXzviB4jkzkNqdzj6eY2KAOfq/oX/ACMGm/8AX1F/6GKoVLbXD2l3DcxY8yF1kXIyMg5FAHtnxz/5H6L/AK8Y/wD0J680r17wn8dNR8TeLdL0i80HT1S7mWFpUZty57jOfyrkPijDFB8SdZjhjWNPMQ7VGBkxqT+pJoA5Ciiuy+FUMVx8S9HjmjSRN0p2uMjIicg/gQDQBxtFeteKvjlfaB4r1TSIPD2myxWdw8Ku5bLBTjJxWp8Ofi7c+NfF8Wi3ehWFvFJFI/mRZJBUZ6GgDxGitXxNGkPivWIokVI0vplVVGAoDnAArKoAK9Y+A3/Izar/ANeP/s60z4FQwv4j1SSWFJGjssruUHHzDOPSsxv2jNZWGRYNA0yJ2UgMC/B7HGeaALdt/wAmx2P/AF/t/wCjXrzKvTbb/k2Ox/6/2/8ARr15lQAUVo+H0WTxJpaOoZGu4gykZBG8cV7D8TPjFrHgjxc2jWGm2E0K26Sb59+7LZ9CBjigDw2ivQf+GkfEn/QH0n8pP/iq3PjJeHVfDvg3VZIo0nvLV5n2DpuSJseuAWOKAPIqKKKACiva9E8VXHgf4D2+tWFpbzXBvGQrKDtOZCMnBBJwK5X/AIaR8Sf9AfSfyk/+KoA8+or3Xw18Qb74i/Dvxo+p2NnD9isX2CENg5ic5O4nkFRivCqACvRfjz/yAvAv/XjJ/wCgw151Xovx5/5AXgX/AK8ZP/QYaAPFKKKKAPYv2cP+R91H/sFv/wCjYq4e4/4+Zf8AfP8AOu4/Zw/5H3Uf+wW//o2KuHuP+PmX/fP86AI6KKKACiiigAooooAKKKKACiiigAooooAKKKKACiiigAooooAKKKKACiiigD0L9or/AJDXh7/sHn/0KvF69o/aK/5DXh7/ALB5/wDQq8XoA9g/Zw/5KFqH/YKk/wDRsVcXef8AH7cf9dG/nW58E/FGj+E/Gtzea1d/ZbaaweBZCjMA5eNgDtBPRTXYSab8GJZXkbxhqOXYscA9/wDtjQB5bRXqH9lfBb/ocNR/I/8Axmj+yvgt/wBDhqP5H/4zQB5fRXqH9lfBb/ocNR/I/wDxmrWmeF/hFrGpQadYeKtSmu7htkUYONx9MmECgDyWit3xlocPhvxbqOkW0sksNs4CPJjcQVDc44zzWFQAUUV7JrPgH4a+FhaQ+IPEepWtzPEJFGQQw6EgCI4GfU0AeN0V6h/ZXwW/6HDUfyP/AMZo/sr4Lf8AQ4aj+R/+M0AeX0V6h/ZXwW/6HDUfyP8A8Zo/sr4Lf9DhqP5H/wCM0AeX0V6h/ZXwW/6HDUfyP/xmj+yvgt/0OGo/kf8A4zQB5fRXqmreBvBNx4C1PxJ4W1m+vRZOELSEbN2VypBRT0cHNeV0AFFFdv8ADPwbYeM9ZvLbUbi4hgt7fzf3DKrE7gOpBGOvagDiKK9Q/sr4Lf8AQ4aj+R/+M0f2V8Fv+hw1H8j/APGaAPL6K9Q/sr4Lf9DhqP5H/wCM0f2V8Fv+hw1H8j/8ZoAofBf/AJKPbf8AXCX/ANBrzPxl/wAjx4g/7CVx/wCjWr3Pwzf/AAj8J60mq2Hiy6knRGQLOjMuCMHgRA/rXgniO9h1LxPq1/bEmC5vZpoyRglWckcfQ0AZlFFFABXW/DC2+1/E7w7HjO29ST/vj5v/AGWuSr0b4GW32j4saW+MiCOaQ/8Aftl/mwoA3vifruo/8LF1eO31C6ihjdI1SOZlVcRqDgA+uTXIf25q/wD0Fb7/AMCH/wAaveNbj7V4412bOQb6YA+wcgfoKwqAO1+H2oapf+P9Ft5NRvJENyGZWnYghQWORn2rnvjJdfa/ivrrg5CSRxD22xqp/UGur+DVt5/xJspMZ8iGWT/xwr/7NXnPji6+3ePfEFyDlX1Gcr/u7yB+mKAPU/Dg+x/szam3Q3d/ke/7yMfyQ15nXp9wPsX7M+gx9Gub1iffMkrD9FFeYUAFepeCj9k+C/jq86eZC8GfrHj/ANnry2vT7U/Yv2afEMvRrm9AHvl4VP6A0AeFV7z8Sf8Akmvw9/7Byf8AomKvBq95+JP/ACTX4e/9g5P/AETFQB5ZRRRQB6nosEtz+zl4mggieWWS+CpGilmYloOAB1NY3hj4JSR2Q1rxzfpoumLhjAXAmf2J6Ln05btgV1Xw41vW9C+FWtX+maXBdrbXbSBnmII+RNx2AchQAfvDqfSvMdf8S6v4mvftWrXslw4+4h4SMeiqOBQB6ppnxR8LeHNTs9F8O6JHbaD5my5uWUh3B4346nHBJbJI4wK8v+LfgceDvFRks0H9j6hmezZeVX+9Hn2yMexFYteueGGg+Jvw6u/BeoSKNVsE87Tpn64HC/lnaf8AZYelAHz7RU13aT2F5PZ3UTRXEEjRyxsOVYHBB/GoaAFALEAAkngAV9A+K2k+H3ws8P8AhS0leDUrnF1ePGxVgc7iMj/bIAPolcB8GPC3/CS/EC1knTdZaaPtc+ehKn5F/FsHHoDVr4g+I/8AhJ/Gd9fI+62RvJtvTy14BH1OW/GgDY0L4weKdICxXU8eqW3QpdjLY/3xz+ea1pb34UeOeNW0qTw9qD9bi2+VM/VRtP1ZB9a8qrp/h94d/wCEm8aWFi6brZG8+49PLXkg/U4X8aAKPxN+Go+H8tjLDq0d/aX+8w5Ta6hcdcEgj5hyPyrgK9C+M/if/hJPiFdrC+6z04fY4cHglT85/Fs8+gFee0AFFFFAF231jVLSEQ22pXkMS9EjnZVH4A1L/wAJDrf/AEGNQ/8AAl/8azaKANL/AISHW/8AoMah/wCBL/40f8JDrf8A0GNQ/wDAl/8AGs2igDS/4SHW/wDoMah/4Ev/AI0f8JDrf/QY1D/wJf8AxrNooA0v+Eh1v/oMah/4Ev8A40f8JDrf/QY1D/wJf/Gs2igDS/4SHW/+gxqH/gS/+NI2v6y6Mj6tfsrDBBuXII/Os6igD3n4gf8AJJvh/wD9eUf/AKJSvLK9T+IH/JJvh/8A9eUf/olK8soAKKKKACiiigAooooAKKKKACiiigD1Dw98n7PXjB/W4K/pF/jXhNe66T8n7N3itv717j9YBXhVABXtnwd/5Jj8Qf8Ar0P/AKKkrxOvbfg4C3wy+IAUEk2pwB/1ykoA84oqX7NP/wA8ZP8Avk0fZp/+eMn/AHyaAIqKc6PGcOrKfQjFNoAKKKekUkgykbsPUDNADK6T4ff8lB0L/r8T+dYH2af/AJ4yf98muk+H8Ew+IGhExSAC7TJKn1oAzfjR/wAlc17/AHof/RMdcFXe/Gj/AJK5r3+9D/6JjrgqACvfPiHF/wAI78MPB3hdvlnEYuJ0/uuF5/8AHpH/ACrz74SeEW8W+O7SOWPdYWRF1dEjjap+Vf8AgTYGPTPpW18S/Ei+JvG15cwvvtLf/Rrcg8FVJyR9WLH6EUAchRRRQB6p8DYUh13WNWl4hs7Ahm9NzA/yQ14VczvdXc1xJ9+V2dvqTk17pob/APCL/APxHrDfJPqrG1h9WU/u+PpukP4V4NQAUUUUAFe66mPJ/Zr8LJ/fvSfzac14VXvHisfZfgT4Ktm4aQrMB7FGP/s4oA8tooooA9J+B8fmfEAt/wA87ORv1Uf1ryLxDL5/ibVZv+el5M35uTXtPwGjH/CXajO33Y7BgT6ZkQ/0rwieUz3Esp6u5Y/ic0AR0UUUAdZ8MP8Akpvh3/r9Sus+K3/JTda/34//AEUlcn8MP+Sm+Hf+v1K6z4rf8lN1r/fj/wDRSUAcbXa/CT/kp+jfWb/0S9cVXZ/CiWOH4m6M8jqi7pRljgZMTgD8SQKAOP8AiT/yUrxH/wBf8v8A6FXR/AX/AJKnaf8AXvN/6DXaeK/gRrGv+LNU1e31nTY4ry5eZEk37lDHODgVq/Df4O6n4K8YQ61e6tYTwxxSJsh3biWGO4FAHk/iv/kcNb/6/wCf/wBGNWRWr4nkSXxZrMkbK6PfTsrKcggucEVlUAesfAn/AJDus/8AXj/7MK8Br374E/8AId1n/rx/9mFeA0Ae523/ACbHY/8AX+3/AKNevMq9Ntv+TY7H/r/b/wBGvXmVAGhoMiQ+ItMlldUjS7iZmY4CgOMk17D8RvhWvjnxUdatvEun2yNAkflyDccrnnIb3rw6igD0P/hnuX/ob9L/AO+D/wDFVrfGKO3sdB8IaTFeQ3MtjavC7RsDnasShsZ4B2mvJqKACiiigD2jQtAt/GnwNg0FNXtbK4W7aQtKQduJCcEZBGQc1zX/AAz3L/0N+l/98H/4qvPKKAPcvD/guD4d/D3xjDc69ZXjX9k4TyyFwRG4A5PJJYCvDaKKACvRfjz/AMgLwL/14yf+gw151Xovx5/5AXgX/rxk/wDQYaAPFKKKKAPTfgb4k0jwz40u7nWb1LOCaweFJHB2796Ng46cKa6yTw58JpJHf/hOZRuJONy//EV4NRQB7v8A8Iz8Jv8Aoepf++l/+Io/4Rn4Tf8AQ9S/99L/APEV4RRQB7v/AMIz8Jv+h6l/76X/AOIrT0j4b/D/AF/7R/ZPii/vfs6eZL5Khtg9/k6+3U1594A+El/4piGr6vKdK8PoN73MuFaVR12Z4A/2jx6Zru7v4paV4RNrovgfTIBpVrIDNLICDceuD15/vHnpxgcgFI+GPhMDg+Opf++l/wDiKt6Z4F+GetajDp+neMri4u5iRHEjJlsAk4ynoDWd8QPAuneM9Gfx14Kj3O2W1CwQfMG6swUdGHUjv1Hvw/wd/wCSsaB/11k/9FPQA/xPpCaB4m1HSo5WlS1mMauwwSO2fesmuo+I3/JRNc/6+j/IVy9AFixtvtuoW1ru2edKse7GcZIGf1r1nWfh38OvDt6tlrHi65tLoxiTy3ZM7TkA8KfQ15bof/Iwab/19Rf+hiug/aD/AOSmD/rxi/m1AHRf8Iz8Jv8Aoepf++l/+IrQ0b4efDnxDfGx0jxfcXV1sLiJGTOB1PKc9a+eK9Q+AP8AyVCH/r0m/kKAOf1Oz/s/Vbyy37/s87xbsY3bWIz+lVa1PEv/ACNWsf8AX7N/6Gay6ANPw7pS654j07S3lMSXVwkTOoyVBPJFelap4E+GmialNp2peMbi2vIceZE7JlcgMP4PQg1wvgD/AJKBoP8A1+x/zqp8av8Akruu/WD/ANER0Adz/wAIz8Jv+h6l/wC+l/8AiKP+EZ+E3/Q9S/8AfS//ABFYfwp+H1pNbP418VhYdBssvDHKOLhgepHdQeMfxHj1B66+1H4f/FmV7XVLZtD1fJS1vcqC4/hDNwD2+VvoDQBm/wDCM/Cb/oepf++l/wDiKP8AhGfhN/0PUv8A30v/AMRXnfjf4ZeIPA0xe8g+06cWxHfQAmM+gbuh9j+BNcZQB7v/AMIz8Jv+h6l/76X/AOIo/wCEZ+E3/Q9S/wDfS/8AxFeEUUAeqfHLxLoniLXtJOiX6XsVtaGN5EBwDuOBkgZOK8roooAKKKKACiiigArrvhb/AMlP8Pf9fi/yNcjXXfC3/kp/h7/r8X+RoA6j4qf8lL1r/ron/ota4+uw+Kn/ACUvWv8Aron/AKLWuPoAK9D/AGi1J8QaDgE/6Af/AEM155XqcPx38RRQRxtp2mOUUKWKOCcd/vUAeD7G/un8qNjf3T+Ve9/8L78Q/wDQL0v/AL5k/wDiqP8AhffiH/oF6X/3zJ/8VQB4Jsb+6fyo2N/dP5V73/wvvxD/ANAvS/8AvmT/AOKo/wCF9+If+gXpf/fMn/xVAHgmxv7p/KjY390/lXvf/C+/EP8A0C9L/wC+ZP8A4qj/AIX34h/6Bel/98yf/FUAU/AYI/Z08VZBH/EwP/oMFea16F4j+L+t+JNCudIuLKwhhuAA7xK+7AIPGWI7V57QAV6v8Cf+Q5rP/Xj/AOzCvKK9X+BP/Ic1n/rx/wDZhQB4FRRRQAUUUUAFFFFABRRRQAV69+zpbeb8QLycj5YNOcg+5dB/LNeQ17V8AR9mtfGOqdPstigz9RI3/slAHB39x9r1G6uc582V5PzJNV6KKAPVPgTEo8U6neP9yCwYE+mXU/yU14VdTtdXc1w/3pXZz9Sc17t8K2+weC/HWqngw2B2H3EcjH/2WvBKAPePGY+yfBPwNadPNjSfH1jz/wCz15bXqvxbH2Xwx4I04ceRYYI+iRKP5GvKqACvTPEJ+x/szaevQ3l/g+/7yQ/+yV5nXpPxLP2X4FeDbPp5swnx/wAAc/8As9AHiFe8/En/AJJr8Pf+wcn/AKJirwavefiT/wAk1+Hv/YOT/wBExUAeWUUUUAe9/CDUrLSfhjf3eosq2g1MxyMwyoDiJMn2ywz7ZrzD4ieE28I+Kp7WNT9hn/fWrH+4T936qePyPeuk0v8A5Ns8U/8AX6P5wVZ0G5HxX+EzadIfM8SaAB5RP3pkxx9dyjaf9pQT1oA8mrQ0PWbvw/rVrqtk22e3cMB2Yd1PsRkH61nkEEgjBHaigD0P4yeHbTXNKsviLoSZtbxFS/RRyj/dDH3z8h9wPWvFq9w+FPiK1E914Q1oLJpGrqYwrnhZCMY9tw4+oWue0z4T3g+MC+FbtXexgf7VJPjAktQcg/VuE9iT6UAdbosH/Cufgg90w8vWfEZG3syRkfL+SEn2L15TXd/FjxKuv+L3t7Zh9g00G2hC/dJH32H4jH0UVwlABXrPhOQeAfhNrPjCXCX9+Ps9hnr3VSP+BbmPsgrzfQdHn1/XbLSrb/W3UoTOM7R3b6AZP4V1Hx3163Gp6b4O007bDRoVDqDx5hUAA+u1cfixoA8hZizFmJJJySe9JRRQAV32m/Bnxvq2mW2oWumRfZ7mJZYi9zGpKMMg4J4yOa4Gvofx9rGp6T8P/AR03UryyMmnLv8As07R78RRYztIzjJ/OgDgP+FE+Pv+gZb/APgXH/jR/wAKJ8ff9Ay3/wDAuP8AxqD/AITHxR/0Mmsf+B0v/wAVR/wmPij/AKGTWP8AwOl/+KoAn/4UT4+/6Blv/wCBcf8AjR/wonx9/wBAy3/8C4/8ag/4THxR/wBDJrH/AIHS/wDxVH/CY+KP+hk1j/wOl/8AiqAJ/wDhRPj7/oGW/wD4Fx/40f8ACifH3/QMt/8AwLj/AMag/wCEx8Uf9DJrH/gdL/8AFUf8Jj4o/wChk1j/AMDpf/iqAJ/+FE+Pv+gZb/8AgXH/AI0f8KJ8ff8AQMt//AuP/GoP+Ex8Uf8AQyax/wCB0v8A8VR/wmPij/oZNY/8Dpf/AIqgCf8A4UT4+/6Blv8A+Bcf+NH/AAonx9/0DLf/AMC4/wDGoP8AhMfFH/Qyax/4HS//ABVH/CY+KP8AoZNY/wDA6X/4qgD2NZte0PwFZW/iL4dWmpQaLZgNI97BJhI1wXCspI+VcnHpXD/8Lk8Ff9Ez07/vmH/43W14D1jU9W+Hfj46lqN5emPTn2faZ2k25ilzjcTjOB+VfPNAH0v8P/Fng74ga9PpEfgLTbIpatP5hhifIDKuOEGPvdfavFbyNYr64jQYRJGVR6AGux/ZyGfiJfH00uQ/+RYq4++O7ULk+srH9TQBXrR0C2jvPEel2syB4pruKN1PdS4BH61nVteD13+NtBX11G3H/kRaAPUfHXjbwb4I8TSaI/gDTbxo4kkMqwxIPmGcY2Gua/4XJ4K/6Jnp3/fMP/xuuc+O7bvitqA/uwwD/wAhg/1rzagD2z/hcngr/omenf8AfMP/AMbq58XrHSItM8LalpWlW2n/ANoW8krpBGqcbY2UHaACRvPNeD1738WuPCvgRfTT2/8AQIaAPKqKKKAPT7X93+zL4jb+9fJ/6MgFeFV7ofk/Zj1j/bvk/wDRsX+FeF0AFdl4F+Jes/D9L2PS4LKeO7Kl1ukZsFc4I2sPWuNooA9i/wCGj/Fn/QL0X/v1L/8AHKP+Gj/Fn/QL0X/v1L/8crx2igD6E+L1++seDvBerTxxpcXlr58gjGAC8cbEDOTjJ9a8hr1T4kf8ky+Hv/YOT/0TFXldABXtdr4wvfAnwD0XV9MtrWW4ku3iZbhWKkGSXn5SDn5R3rxSvSvFf/Js2g/9hA/+jJ6AKP8Aw0f4s/6Bei/9+pf/AI5R/wANH+LP+gXov/fqX/45XjtFAGr4k8QXninxDea3qAiW6umDOsSkKMKFAAJJ6Ad6p6fp93quoQWFjA9xdTuEiiQZLE1Y0PQdT8R6pHp2k2cl1dSdEQcKPVj0A9zXu1hp+hfBHSDNM0Op+MbqPAA+7AD6dwvvwW9h0AGamLX4R/D0eGrKZJPEeqpvvZ0/5ZqRg4PXAGVX/gTcV5DVrUtSu9X1Ge/v52nup23O7dz/AEHYDtVWgAqeys59Rv7eytkLz3EixRqO7E4FQV6l8KtHtdKtdQ8ea1+70/TI28gkfffGCR6nnaPUt7UAUPjlqEGj6Z4e8C2UgMdhAs9xju+Nq59/vsf94V4tX0ZceGfAPiXwvbePvE0+oLLqrZnkjkZhHJyNgCqcKu3aPYCsQ+FPgnL93xFqsf8AwF/6w0AeHUV7h/wg3wZf7vi7Vl/4EB/OGgeBPg3Gd7eL9VZR/DuHP5Q5oA8d0bSLzXtZtNKsIjJc3UgjRQPXufYDkn0Fe0/Ga7t7W60PwxaPui0izCNjsSFCg++1Af8AgVTxeM/AvgO1mj8DaQ1xqMi7Df3QPA+rfMf90BRXl99e3OpX097eTNNczuXkkbqxNAFeiiigD1b4On7JpHjHUjwLawBz/wABkb/2WvA6948KN/ZfwK8aak3y/aA1qD65VU/nLXg9ABRRRQB1nww/5Kb4d/6/UrrPit/yU3Wv9+P/ANFJXJ/DD/kpvh3/AK/UrrPit/yU3Wv9+P8A9FJQBxtFFFABRRRQAUUUUAesfAn/AJDus/8AXj/7MK8Br374E/8AId1n/rx/9mFeA0Ae523/ACbHY/8AX+3/AKNevMq9Ntv+TY7H/r/b/wBGvXmVAE9lavfX1vaRFRJPKsSlugLHAz+depz/AAOe1cJc+KdPhcjO2RNpx68tXnHhz/kZ9J/6/Yf/AEMVsfH/AP5KfJ/15w/1oA6v/hS8X/Q4aX+Q/wDiq5jxz4BufBH2Bpb+G8ivQ5R41K427c/h8wryqvevij/yIXw//wCwd/7ShoA8rooooA9C8K/Cq48S+Gk1x9ZtbG3d2UCVCcYO3JOQBzWp/wAKXi/6HDS/yH/xVVda/wCTZbb/AK//AP2q1eG0Ae66l8Gp7LQr/VLbxBY3iWULzOkaHkKpYjIJwcA15hXo3wa/5Jv8Q/8AryP/AKJlrzmgAr0X48/8gLwL/wBeMn/oMNedV6L8ef8AkBeBf+vGT/0GGgDxSiiigAoor0HwN8I9d8YBL2cf2Zo2NzXlwuN699i8bvrwPftQBxGm6ZfavfxWOnWst1dSnCRRLuY//W969t0P4beHPh5Yxa74/niutQI3W+lR4cZ9x/Gf/HR78Van8X+FfhvYS6R4EtI7q/YbZ9Um+fJ+v8X0GFHvXl+pane6vfSXuoXUlzcyHLSSNk/T2HsKAOl8afETVvGEvksfsmmIf3VnEfl46Fj/ABH9B2FcfRRQB0Xg3xjqHg3WFvLQ74HwtxbE4WVf6Edj2+mRXq+leCtI1jx3ofxB8JPGtm8zm/tOFMbmNgWA7HJGV98jg14/4b8Lar4r1IWWl25cjBklbhIh6se38z2r2zwpc+GPh9r1l4Msrp9R13UpP9MkRvki2ozDI6L3wvXnJPSgDyL4jf8AJRNc/wCvo/yFcvXUfEb/AJKJrn/X0f5CuXoAv6H/AMjBpv8A19Rf+hiug/aD/wCSmD/rxi/m1c/of/Iwab/19Rf+hiug/aD/AOSmD/rxi/m1AHlVeofAH/kqEP8A16TfyFeX16h8Af8AkqEP/XpN/IUAZPiX/katY/6/Zv8A0M1l1qeJf+Rq1j/r9m/9DNZdAHR+AP8AkoGg/wDX7H/Ou51j4ct4w+NniHUtUJt/D1i0LXMzHaJCIIzsB7ccsew9yK4bwB/yUDQf+v2P+de7eLrjTvG/9reCLHWv7P1q2dHeGQYFwNgcD/aX5hnHIK9MdQDyH4i+Oh4kuY9L0pRb6BY4S3iRdokwMBiOwxwB2H1rhK0tc0DU/DepPYapavBMvIzyrj1U9CKzaAO98IfFDUtAhGm6pGNV0Z12PbT/ADMi9CFJ6j/ZPH0q9r3wo0LxlYSa78OryMSfem0qVtu0+i5+4fY/KexArzSrulatf6Jfx32m3Ultcp0eM/oR0I9jxQByl9YXemXstlfW0ttcxNtkilUqyn3BqvX0JF4i8JfFOyj0vxjbx6drKrst9SiwoJ7cnp/utkehBxXl/jr4Za74FuC91H9q01mxFfQqdh9Aw/hb2P4E0AcXRRRQAUUUUAFFFFABXXfC3/kp/h7/AK/F/ka5GtrwjrcXhzxdpesTRPLFaXCyOiEBiO+M96AO8+Kn/JS9a/66J/6LWuPr1TUvin8K9Y1CW/v/AAnqk91NgySFEBbAAHSX0Aqr/wALA+D/AP0Jmpf98r/8eoA81or0r/hYHwf/AOhM1L/vlf8A49R/wsD4P/8AQmal/wB8r/8AHqAPNaK9Ng8d/CC4uIoV8G6kGkcICVXjJx/z1rP+Lvh/TPDni+C10m1Ftby2aTNGrEjcXdSRk+iigDgqKKKACivUfh5pHhhfAmu+I/EOltfLYS8qpO4IFBwo3AZye5qD/hYHwf8A+hM1L/vlf/j1AHmtFelf8LA+D/8A0Jmpf98r/wDHqP8AhYHwf/6EzUv++V/+PUAea16v8Cf+Q5rP/Xj/AOzCqX/CwPg//wBCZqX/AHyv/wAeq9p3xh+HPh9LqXQ/DGp21zNEUztQBvQEmQ4GfQUAeA0UUUAFFFFABRRRQAUUUUAFe3fCgfY/g945v+nmqbfP/bPH/tSvEa9x8MD7B+zTq8nRry/4Pr88Sn9ENAHmlFFFAHqOgt/Z/wCz14uvTwZ5jCD6g+Wn83NeFxRtNMkS/edgo+pr6AOh6pqP7OMNlpFjNd3N7d+Y0UQy20Snn/xwV51oPwv8ZDxFphufDt9HALuLzHdMBV3jJPsBQB33x3dU8S6VZr92GwBA+rsP/Za8pr0b43T+b8QmTP8AqbSJP5t/7NXnNABXovxvP2Xwb4B08fwWTFh9I4gP5mvOwCSABknpXrvxw8IeItc1LQ4tG0i5vbe0syjPCuQrE9PyUUAfPde8/En/AJJr8Pf+wcn/AKJirynUvAPizR7CW/1DQL63tYsGSV4/lXJxz6c16t8Sf+Sa/D3/ALByf+iYqAPLKKKKAPUNL/5Ns8U/9fo/nBXmHgDxdN4K8X2mrJua3z5V1Gv/AC0ib7w+o4I9wK9P0v8A5Ns8U/8AX6P5wV4TQB7T8WPDMOm6zDr2mbX0nWF8+N4/uhyMnHsQdw+p9K88r074V6pB458D6h8PtUlAurdDPpsr9QAc4/4Cx/75YjtXnF5Zz6fez2d1GY7iBzHIh6qwOCKAIVZkYMpKsDkEHBBr2wfF2yf4eyTMyjxX5H2TcIzuP/TTdjGMZbGfvdq8SooAOpooq1pun3GranbafaJvuLmRYkHuTjn2oA9M+F1tbeGfDmt+PtSQeVZwtFaqeN7cZx7klUB9zXhmo39xqupXWoXb+Zc3MrTSt6sxyf517D8bdXt9E0rR/h9pb/uLGJZrsjjc+PlB9zlnI/2lrxWgAooooAK96+J3/JPvh9/2Dh/6KhrwWvofx7o2qav8P/AQ0zTbu9MWnL5n2eFpNuYosZwDjOD+VAHj1Fbn/CF+Kf8AoW9X/wDAKT/Cj/hC/FP/AELer/8AgFJ/hQBh0Vf1HRNV0gRnUtMvLMSZ2G4gaPdjrjIGaoUAFFFS21tcXlzHbWsEk88h2pFEhZmPoAOTQBFRW5/whfin/oW9X/8AAKT/AAo/4QvxT/0Ler/+AUn+FAGHRW5/whfin/oW9X/8ApP8KP8AhC/FP/Qt6v8A+AUn+FAHb/DP/knfxB/7Bzf+ipq8Gr6H8CaNqmkfDzx6NT067sjLpz+WLiFo92Ipc4yBnqPzr54oA9j/AGb0z471J/TTGH5yx/4Vwszb55H/ALzE/rXf/s6Dy9e1+6/55WA5+rZ/9lrz2gAroPAqb/HugD/p/hP5ODXP11Hw5TzPiJoa+l0G/IE/0oAp/G993xc1of3RAP8AyAh/rXntdz8YpPN+LGvt6Sxr+USD+lcNQAV738XuPD3glfTTz/6BFXgle+fGP5dL8Hp6WB/9BjoA8pooooA9Nu/k/Zju/wDbv1/9Gr/hXhle5at8n7Mif7d+P/Rp/wAK8NoAKKKKACiiigD3r4kf8ky+Hv8A2Dk/9ExV5XXqnxI/5Jl8Pf8AsHJ/6JiryugAr0rxX/ybNoP/AGED/wCjJ681r0vxX/ybPoP/AGED/wCjJ6APEER5JFRFLOxAVVGSSewr1bwv8DdVvIBqfiq6TQdKQb381gJiv0PCf8C59q5Dw54I8Zapd291ouiXxeN1kiuGj8tAwOQQ74Xg+9fRPjXwfrfjLwFZTX0aw+IrOMu9tBKWilb+IDtk4BHoeM96AOKv/H+geDNMk0P4eWCRkjE2pSLlnPqM8sfc8DsMV5bc3U97cyXN1NJNPK255JGLMx9STUbKyOUdSrKcEEYINJQAUUVt+FvCup+LdWWw06LOMGWZvuRL6sf6dTQBP4M8I3njHXo7C3BSBcPcz44iT1+p6Aev41p/GLxpZyrbeCfDpCaNpeFmaM8TSr2z3C85PdiT2Brb8c+MdM+HegSeCfB8u/UXGNR1BT8ynGCAR/H2/wBkcdenhNAHuXwql/4Sf4T+KfCj/PPa/wClWynryNwA/wCBx/8Aj9eZ10fwL1v+yPibaQM+2HUIntXz0yRuX/x5QPxqHxnpH9heMtW04LtjiuGMY9Eb5l/8dIoAwqKKKACiiigAoor1HwJ4Ei06D/hL/GGLHSLMedHFOMGUjoSvXGcYHVjjjHUAb8Qv+KS+B+h+G5fkv9TmFxPGeoUHec+4JjH4GvCq6r4g+M7jxz4rn1SRWjtlHlWsJP8Aq4h0z7nJJ9z7VytABRRRQB1nww/5Kb4d/wCv1K6z4rf8lN1r/fj/APRSVyfww/5Kb4d/6/UrrPit/wAlN1r/AH4//RSUAcbXTfD3R7LX/HWmaZqMZktJmcyIGK7tsbMBkc9QOlczXa/CT/kp+jfWb/0S9AHSa1q/wb0LWrzSrvw5qTXFpK0MhjeQruBwcEyirnhST4ReMddTR9N8PX6XMiM4M8kirhRk8iU1478Sf+SleI/+v+X/ANCro/gL/wAlTtP+veb/ANBoAydds4tP8Q6lZQZ8m3upYk3HJ2q5Az+ArPrX8V/8jhrf/X/P/wCjGrIoA9Y+BP8AyHdZ/wCvH/2YV4DXv3wJ/wCQ7rP/AF4/+zCvAaAPc7b/AJNjsf8Ar/b/ANGvXmVem23/ACbHY/8AX+3/AKNevMqALFjdtYahbXiKGe3lWVVPQlSDj9K9UvPjLo+pTCe/8BWN1NtC+ZPMjtj0yYicV5HRQB6p/wALW8Nf9E30r/vqP/4zXPePPHw8appsMWlR6dBYK6pGku/O7aMD5VAACjAxXGUUAFFFFAHovhf4oW+g+FI/D9/4bt9Vt45GcebMApyd3KlGBIJ61f8A+FreGv8Aom+lf99R/wDxmvK6KAPUr74u2Enh/U9K0zwfaab9vgeF5IZlA+ZSuSqxrkgE45ry2iigAr0X48/8gLwL/wBeMn/oMNedV6L8ef8AkBeBf+vGT/0GGgDxSiiigD3/AEHwD4R8A+FLPxf4i3a7POqPbxRJugVmXcox0P8AvNx6DNcv4v8AiRrfi0tA7/Y9N/hs4DhSO24/xfy9qn+EPji1MUngXxKRLouo5S3aQ8QyMfu57AnkHs3Pcmsfxl4Uu/B/iGbTbjLxH57ebHEsZ6H69iPUUAc/RRVmw0+81S9js7C2kuLmU4SONck/59aAK1d74M+Gd54gh/tXVpf7L0KMb3uZSFMijqVzwB/tHj61v2vhLwz8NtOj1vx1cR3OoMN1vpcWHyfp/Gfc4Ue/Fea+PfihrXjmcwyN9j0lDmKxhb5eOhc/xH9B2AoA6/xd8W7HR9Nbwz8PIRZ2S5WXUVGHkPQlM8/8DPPpjANcl8H3aT4t6E7sWZppCWJySfKeuFrufg7/AMlY0D/rrJ/6KegDV+I3/JRNc/6+j/IVy9dR8Rv+Sia5/wBfR/kK5egC/of/ACMGm/8AX1F/6GK6D9oP/kpg/wCvGL+bVz+h/wDIwab/ANfUX/oYroP2g/8Akpg/68Yv5tQB5VXqHwB/5KhD/wBek38hXl9eofAH/kqEP/XpN/IUAZPiX/katY/6/Zv/AEM1l1qeJf8AkatY/wCv2b/0M1l0AdH4A/5KBoP/AF+x/wA6g+Mc81r8ZNZuLeV4po3gZJI2KspEMeCCOhqfwB/yUDQf+v2P+dVPjV/yV3XfrB/6IjoA7Dwx8VtJ8V6dH4b+IsKSKflg1QDBRugL4+6f9oceo6ms3xr8N9R8Kj7dbP8A2ho0mGju4udoPTfjp9Rwf0ryOvQfh/8AFbVPBhFhdKdR0KTKyWcpzsB6lCen+6eD7ZzQBiUV6trXgHR/F2kt4l+H06TxHmfTc4aNupCg/dP+yfwOMCvK5I5IZXilRkkQlWRhgqR1BFADa7/wf8TrzQ7b+yNahGq6HIvlvbzAMyKey54I/wBk8emK4Ctnwx4av/Fetw6ZYJ8zfNJKR8sSd2P+eTxQB1Hi74S6bq+jy+Kfh/dLcWADPNYM3zRYGWCE85A52tz6E5ArxivcPiT4ysPB2hH4f+EZMFQV1O8U/MzH7yZH8R/i9B8vrjw+gAooooAv6LpNxrut2Wk2pRZ7yZYY2kOFBY4yfavWf+Gb/EA663pX/kT/AOJrgPht/wAlK8Of9f8AF/6FXZfFv/kp+s/WH/0SlAF3/hm/xB/0HNK/8if/ABNH/DN/iD/oOaV/5E/+Jrz2igD0L/hm/wAQf9BzSv8AyJ/8TR/wzf4g/wCg5pX/AJE/+Jrz2igD0L/hm/xB/wBBzSv/ACJ/8TR/wzf4g/6Dmlf+RP8A4mvPaKAPSLT9nXXoLyCZtb0srHIrEDfnAOf7tTfHWWOTx3bBHVimnxqwBztO+Q4P4EH8a8xooAKKKKAPYvhnpJ8SfCzxRoUFzFDc3UpVTIeFyi4JA5xwa5//AIZv8Qf9BzSv/In/AMTXntFAHoX/AAzf4g/6Dmlf+RP/AImj/hm/xB/0HNK/8if/ABNee0UAehf8M3+IP+g5pX/kT/4mj/hm/wAQf9BzSv8AyJ/8TXntFAHoX/DN/iD/AKDmlf8AkT/4mj/hm/xB/wBBzSv/ACJ/8TXntFAHdX/7PPiGx026vBq+mS+RE0pRS4LBRnA+XrxXj9e9/Bz/AJBvjD/rwH8pK8EoAKKKKACiiigAr3W7H2D9mrw9D0a6vCze4LysP0ArwqvefHo+w/CPwHYdDJbLMR7+UpP6yUAeWUUUUAdJpPj7xRoenR2GnavLBaxk7I9iMFycnGQe5NXf+FqeNv8AoPS/9+Y//ia46igC5qmqX2tajLf6jcvcXUuN8j4ycDA6cdBVOiigABIOQcEV2C/FLxqiBRr02AMDMUZP5lea4+igD2RfEWra/wDAHxXfaveNczLN5KOyquF/dccAd2NZ3xJ/5Jr8Pf8AsHJ/6JiqO0/c/szeJG/v3q/rJAKk+JP/ACTX4e/9g5P/AETFQB5ZRRRQB6hpf/Jtnin/AK/R/OCvCa920v8A5Ns8U/8AX6P5wV4TQBo6Brd54c16y1ewfbc2sokX0Yd1PsRkH2Ne0/E/TLTxBo+m/EDRVzaX8ardqOqP0BPuCCh9wPWvBa93+BLXGo+FfE2laugPhkR73mkbAikI+YL/AMBAY+hAPegDy6inyhFlcRsWjDEKxGCR2OKZQAV6p8K9PtdC0vVvHurLi006JktgervjnHvyEHux9K8rr1b4lpJcfA/w7J4dP/EjiZftqj74fGAW9vMLZ/2itAHiWtavda9rV5qt6+65u5Wlc9gSeg9gOB7CqFFFABRRRQAV3mm/GPxxpWmW2n2uroLe2jWKIPbRMVVRgDJXJwOK4OigD0b/AIXn8QP+gvF/4Bxf/E1LbfGv4iXd1DbQarE80zrGiizi5YnAH3fWvNK9A+C+hf258TdN3Juhsc3knts+7/4+UoA9F+OeqS+domhyTCWa3g8+4cADe7fKDgdPuscf7VeQV0vxA1j+3fHWrXqtuiExiiI6bE+UEfXGfxrmqACvT/gvp8Mer6p4kvfltNJtGcuf4WYHJ/BFf8xXmFep6uzeEP2fYbVARqHiOcfKB82xuePYoqj/AIHQByNz8d/Hct1NJBqUMMTOzJELWMhFJ4XJXJwOOai/4Xn8QP8AoLxf+AcX/wATVLw/8IfGniLY8OkPZ27f8t74+SuPXB+Yj6A13EPwi8F+FgJPGfixZZ15NnZ/KfoQNzke+FoA5T/hefxA/wCgvF/4Bxf/ABNH/C8/iB/0F4v/AADi/wDia9LsNI+H3jnw3rfhzwvoUdnew2/m21xNEPNdh0IcktjdgHJ6NXzhJG8UjRyKUdCVZWGCCOoNAHdal8Y/HGraZc6fd6shtrmNopVS2jUsjDBGQuRkcVwdFFAHtXwGHk6L44venk2KYP8AwGU/+y153XpHwnH2T4P+Or7p5qGDP/bMj/2pXm9ABXZfCmPzfiZoq+jyN+UTn+lcbXffBqLzPiTYt/zzimb/AMcI/rQBxHxQl874neIm9Lx1/Lj+lclW/wCOJvtHj/xFLnIbU7gj6eY2KwKACvfPjR8sPhVP7tgf5JXgde+/G/5bvw7H/dsf6j/CgDyiiiigD0zxB8n7Mun/AO3qH/tWT/CvDa9x8VfJ+zNoQ/vagf8A0ZMf6V4dQAUUV6d4D+E1v4p8MyeI9V8QwaVpscxjbcgJ4wMlmYBckgDrQB5jQASQAMk9q91TQvgv4d/19zf69OvVQzEZ9tuxT+ZqwvxX0DQxt8LeCrG0I6TyKqsfqFGT/wB9UAN+JSNH8Nfh+jqVZdPQFSMEHyYq8qrpPFvjnWfGcsDao0Cx2+4xRQR7VXdjPUknoOprm6ACvTPDXxb/AOEc8H2eirocV1Nau7RzSy/KMuzA7ducjcR1rzOigDvNW+MHjDVNyx3sdjGf4bSMKf8Avo5b8jXTfBLUru88Ra1d3tzPdSizDF5pC7H5vU147Xq/wK51rWl9bH/2YUAM+IOgaf4k0OH4geGBvtLkbr6FR80b9CxHYg8N+fcmvK66r4J+LrnSPFSeHpYvtWlay3kS27YIVyMB8HjpwR3HrgV7XpHwe8O6PqNxqDQtqD72e2t7g4ijHUKRzu9MnP0oA8j8GfDPU/E6i/vG/s7RkG97uYYLqOuwHr/vHge/SrfjD4paX4d0l/Cvw8UQwDK3Gpr96Q9DsPUn/b/757Gus8deCfih42ZrZ77RbHSQfksYLmTaQOm8+X8x/T0FcL/wzr4y/wCfzRv/AAIk/wDjdAHkhJZizEkk5JPekr1z/hnXxl/z+aN/4ESf/G6P+GdfGX/P5o3/AIESf/G6APLtK1CXSdXstRh/1tpOk6fVWBH8q+lvGvgTT/HOrwa/p/iKwtori2TcJCG3Yzhsg+hAx7V51/wzr4y/5/NG/wDAiT/43R/wzr4y/wCfzRv/AAIk/wDjdAHQf8KatV+/400tfwH/AMXSf8Kj0RP9d8QdKT/gKf1lFYH/AAzr4y/5/NG/8CJP/jdH/DOvjL/n80b/AMCJP/jdAG8fhv4Jt/8Aj5+JWl5HULJCp/LzDTD4b+Eun/NfeOJLgL1FuwbP/fKMaxP+GdfGX/P5o3/gRJ/8bo/4Z18Zf8/mjf8AgRJ/8boA2D8Rvhn4R+fwx4dm1S+X7lzdAqoPqC+SD9FFeaeMviDr/jm6WTVbkLbRnMVpCNsUfvjufc5Ndn/wzr4y/wCfzRv/AAIk/wDjdH/DOvjL/n80b/wIk/8AjdAHkdFeo6n8BPF+laVd6hLPpUsdtE0zpFO+4qoycZQDOB615dQAUUUUAdZ8MP8Akpvh3/r9Sus+K3/JTda/34//AEUlcn8MP+Sm+Hf+v1K6z4rf8lN1r/fj/wDRSUAcbXa/CT/kp+jfWb/0S9cVVnT9Qu9Kv4b6xuHt7qE7o5EOCpxj+RoA6Tx58NfGWpePNcvbPQLqa2nvJJIpEK4ZScg9a3fg54A8VaD8QrfUNV0W4tLRIJQ0shXAJXAHX1rC/wCFn+NP+g/cf98J/wDE0f8ACzvGn/QfuP8AvlP8KAMnxX/yOGt/9f8AP/6MasinzSyXE0k0zs8sjF3djksSckmmUAesfAn/AJDus/8AXj/7MK8Br374E/8AId1n/rx/9mFcj4K+Dh8W+E18Q3HiG30y3aVowJIdwABxksWUDJoA6LwV4o8B3XwltvC/ifWZrGWK4eR1jifd98spBCMMc0/7B8FP+hs1L/vh/wD4zVT/AIUNpn/RQdM/78r/APHaP+FDaZ/0UHTP+/K//HaALf2D4Kf9DZqX/fD/APxmj7B8FP8AobNS/wC+H/8AjNVP+FDaZ/0UHTP+/K//AB2j/hQ2mf8ARQdM/wC/K/8Ax2gC39g+Cn/Q2al/3w//AMZo+wfBT/obNS/74f8A+M1U/wCFDaZ/0UHTP+/K/wDx2j/hQ2mf9FB0z/vyv/x2gC39g+Cn/Q2al/3w/wD8Zo+wfBT/AKGzUv8Avh//AIzVT/hQ2mf9FB0z/vyv/wAdo/4UNpn/AEUHTP8Avyv/AMdoAt/YPgp/0Nmpf98P/wDGaPsHwU/6GzUv++H/APjNVP8AhQ2mf9FB0z/vyv8A8do/4UNpn/RQdM/78r/8doAt/YPgp/0Nmpf98P8A/GaPsHwU/wChs1L/AL4f/wCM1U/4UNpn/RQdM/78r/8AHaP+FDaZ/wBFB0z/AL8r/wDHaALf2D4Kf9DZqX/fD/8AxmsH40+K/DviJPDtn4dvmvIdOgkjdzGy4B2BR8wGThDnitP/AIUNpn/RQdM/78r/APHaP+FDaZ/0UHTP+/K//HaAPFaK9J8e/CVvBXhu21yHXrfU7aa4EH7uHZyQxyCGYEfKRXm1AB0r6C8NahF8X/h5Jot7Iv8AwlGjpvt5XPMydASffhW99p718+1r+GPEd94T8Q2ms6ewE1u2Sh+7Ip4ZW9iP8aAPRvCfww1zxJM0lxGdN0+JiJbm4XHTqFU4yRg+gGOtemQWlzoXhsx/C3QodSln3RvrM88YVipKkjJBfBB6YTI7814p45+LfiHxsGtncWGmH/lzt2OH/wB9urfTge1eg22p3+lfs2eHrjTry4tJzeSKZIJCjYM0/GR24FAHI6p8IvifreoS3+p2JuruU5eWW+iJPt97gew4FU/+FG/ED/oDR/8AgZD/APFU3/hNvFX/AEMmrf8AgZJ/jR/wm3ir/oZNW/8AAyT/ABoAd/wo34gf9AaP/wADIf8A4qtrwl8LviJ4U8U2GuReHoLhrRy3lNfRKHBUqRndxwTzWH/wm3ir/oZNW/8AAyT/ABo/4TbxV/0Mmrf+Bkn+NAHuE934rupmmuPhJpksrnLPJqtuzN9SUqPf4l/6I/pH/gztv/jdeJ/8Jt4q/wChk1b/AMDJP8aP+E28Vf8AQyat/wCBkn+NAHt0c/iiKRZI/hDpSOhDKy6pbAgjoQdled+Pvh/8RPHfidtZk8MwWY8lIVhXUInwFz1bIyck9hXK/wDCbeKv+hk1b/wMk/xo/wCE28Vf9DJq3/gZJ/jQA7/hRvxA/wCgNH/4GQ//ABVdL4D+HnxE8D+KItaj8NQXmyN42ha/iTcGHZsnHbsa5j/hNvFX/Qyat/4GSf40f8Jt4q/6GTVv/AyT/GgD2+W48UzSvLL8ItKkkdizu2qW5LE9STs5NM3+Jf8Aoj+kf+DO2/8AjdeJ/wDCbeKv+hk1b/wMk/xo/wCE28Vf9DJq3/gZJ/jQB7hDdeKreZJoPhHpcUqHKumqW6sp9QQnFeW+Mfhj8RPF/iy/12Xw7BbNdsp8lb6JggVQoGdwzwo7Vg/8Jt4q/wChk1b/AMDJP8aP+E28Vf8AQyat/wCBkn+NADv+FG/ED/oDR/8AgZD/APFUf8KN+IH/AEBo/wDwMh/+Kpv/AAm3ir/oZNW/8DJP8aP+E28Vf9DJq3/gZJ/jQBr6B8O/it4Lvzq+k2HkyRKTIi3UTLKo5Ksu75h7dfTmustrvwr8arP5fL0bxfGnKn7s+B/4+P8Ax5fcDmx8Gtf1jV9X1eLUtVvbyNLLcq3E7SBTuHIBNfOsE8ttPHPBK8U0bBkkRirKR0II6GgD0G48F6/beJo/D8unyDUJWxGo+64/vBum3vntg5ru/Fev2Pwg8Lf8IxoMyS+Jr1A15eL1hBHX2PPyjsPmPXnG0j9oPVLTw3Lbajp8d5rMUZjtL84HXvIMckYB4xnAz614/e3tzqN9Pe3k7z3M7mSWVzksx6k0AQszO5d2LMxySTkk0lFFABRRRQB1Pw2/5KV4c/6/4v8A0Kuy+Lf/ACU/WfrD/wCiUrjfht/yUrw5/wBf8X/oVdl8W/8Akp+s/WH/ANEpQBxVFFFABRXu/jT4i3/w58K+EI9L0+zmW9svnEwbC7EixjaR13muJ/4aR8R/9AbSfyk/+KoA8+or0H/hpHxH/wBAbSfyk/8AiqP+GkfEf/QG0n8pP/iqAPPqK9HtP2i/EM95BC2jaUFkkVSQJM4Jx/eqf47Ronju2Koql9PjZiBjcd8gyfwAH4UAeY0UUUAFFexfDPV38N/CvxRrtvbxS3NrKXUSDhsIuASOccmue/4aR8R/9AbSfyk/+KoA8+or0H/hpHxH/wBAbSfyk/8AiqP+GkfEf/QG0n8pP/iqAPPqK9B/4aR8R/8AQG0n8pP/AIquo8T+JZvGvwIg129tIIbl7wLtiB2rtdlyM5I496APFqKKKAPVfg5/yDfGH/XgP5SV4JXvfwc/5BvjD/rwH8pK8EoAKKKKACiiigAr6a+J3gvxBrVl4btNI057mGwszG5WRF2thBjDEdlr5lrq4/iZ42iiSNPE2ohUAUAy54HuaAOs/wCFVeNv+gFJ/wB/ov8A4qj/AIVV42/6AUn/AH+i/wDiq5X/AIWh44/6GfUP+/lH/C0PHH/Qz6h/38oA6r/hVXjb/oBSf9/ov/iqP+FVeNv+gFJ/3+i/+Krlf+FoeOP+hn1D/v5R/wALQ8cf9DPqH/fygDqv+FVeNv8AoBSf9/ov/iqpar4A8U6Jp0l/qOkSw2sWN8m9GC5OBnaSeprC/wCFoeOP+hn1D/v5Xqmka7qut/s7a/favfTXlwb0RrJM2SF3wjH0yT+dAHklFFFAHp0/7r9mPUP+mt8v/o1P/ial+JP/ACTX4e/9g5P/AETFUGtnyf2ZLb/ptf8A/tVv/ian+JP/ACTX4e/9g5P/AETFQB5ZRRRQB6hpf/Jtnin/AK/R/OCvCa920v8A5Ns8U/8AX6P5wV4TQBd0jSbzXdXtdLsIjLdXUgjjUep7n0A6k9gK9y8fXln4I8IWPw90WQFwgl1GZeC5POD7secdlCjpVf4a6PbfD3wRc+PtYhB1C7j8rTIH67W6H/gWM57KPevNr++udT1C4vryUy3E7mSRz3JoAr0UUUAFemfCfX7V5rzwdrIEml6wrIqseFlIxgem4cfULXmdOjkeKRJI3ZHQhlZTggjoRQBU8Y+GLrwf4pvdFust5L5ikIx5kZ5VvxH5HI7VhV7541s0+KHwvt/FFqinXdFUpeoo5eMctx/4+P8AgQrwOgAooooAKKKKACvcfhHF/wAIv8MvFHjBxtnlH2W1Y9cgYBHsXcf98V4eqs7hFUszHAAHJNe+fEVF8J/Dvwx4LiIEyxC4uwp/i5z+BdnP/AaAPKKKKKANPw7pEmveItP0qPObqdYyR/CufmP4DJ/CvXdX8cWen/H7RdG2xf2fZW39njIyIpZQpBX06RL7DdWB8G7GCzudY8WX3y2mk2rEMf7xBLEe4UEf8CFeLapqtzqut3erTORc3Nw1wzA9GLZ4+lAHs3xT8TeLLLxZfaRNq08ViCHgjg/dBom5GSuC2OQcnqDXmJJJJJyT3r1jx66+NPhp4e8bQgG5jQW17tHQ5wc+gDg4/wB8V5PQB0PgjxC3hjxfYamWIgV/LnA7xtw35dfqBT/jf4YXQPHst7bqPsOrL9riZem8/wCsH5/N/wADFc3XqupQ/wDCwfgRvA8zVvDbZ/2miUc/gY/zMdAHglFFFAHuXhtf7N/Zo1KTo2oX5Kn1+eNT+kZrzOvUvEyf2P8AAXwdpf3WuiLoj1BDOf1kFeW0AFenfAqDzfHdxJjiKwkbPuXQf1NeY16v8FT9jTxRqx4FnYg7vT7zf+yUAeH6vcfa9av7nOfOuJJM/ViapUUUAFe/fHf5de0eP+7Y/wDsx/wrwSJd8yJ/eYCvefj22fGGnL6WCn85H/woA8pooooA9K8bfu/2bvDK/wB7Uf8A4+a8Pr2/4g/J+zz4ST1vg3/js3+NeIUAFe4eCT9r/Zw8Swd4b/I+gMDf414fXt3wpP2j4O+ObXr5ambH/bPP/slAHm9FFFABRRRQAUUV6X4b8A+G/wDhDLfxb4r12SzsJnZVjjXByGZcZwSSdpOAOlAHmlewfAexvE13UbqS0nW0ks9qzNGQjNvXgN0JxmsuT4mfDbwv8vhrwo+o3C9Lm7G0Z9QX3MPyFc1rvx28Z6urxWtxb6XAwxttI/mx/vtkg+4xQBg/C9SvxR8PqeovFH867D4oahex/EjWUju50RXQBVkIA/dr71x/wu/5Kh4e/wCvxf610/xU/wCSl61/10T/ANFrQBzP9p3/APz/AFz/AN/W/wAaP7Tv/wDn+uf+/rf41VooAtf2nf8A/P8AXP8A39b/ABo/tO//AOf65/7+t/jVWigC1/ad/wD8/wBc/wDf1v8AGj+07/8A5/rn/v63+NVaKALX9p3/APz/AFz/AN/W/wAaP7Tv/wDn+uf+/rf41VooAtf2nf8A/P8AXP8A39b/ABo/tO//AOf65/7+t/jVWigC1/ad/wD8/wBc/wDf1v8AGj+07/8A5/rn/v63+NVaKAPWvhbdXFz4R8d+fPLLt08Y3uWx+7m9a+f696+E/wDyKXj3/sHr/wCi5q8FoAKKKKAOs+GH/JTfDv8A1+pXWfFb/kputf78f/opK5P4Yf8AJTfDv/X6ldZ8Vv8Akputf78f/opKAONoorb8I6B/wlHimx0b7R9nFyzZl27toVSx4/4DQBiUV6xdfDPwVY3Utrd/ESwguImKyRSyRKyEdQQXyDUun/Crwjq12LTTfH1neXLAkRW5ikcgdTgPmgDyKireqWJ0zVrywZxI1rO8JcDG7axGf0qpQB6x8Cf+Q7rP/Xj/AOzCqmnf8myR/wDX+f8A0aat/An/AJDus/8AXj/7MKq6YjP+zKgRSx+3ngDP/LWgDzGipPs83/PGT/vk0fZ5v+eMn/fJoAjop7RSIMtGyj1IxTKACiinKjOcIpY+gGaAG0VJ9nm/54yf98mj7PN/zxk/75NAEdFSfZ5v+eMn/fJo+zzf88ZP++TQBHRUn2eb/njJ/wB8mj7PN/zxk/75NAEdFSfZ5v8AnjJ/3yaPs83/ADxk/wC+TQB6N4x/5Nq8O/8AYR/9mnrw+vcfGasn7Nnh1WBBGo9CP9qevDqACiiigAr3Sf8A5Nj8O/8AX8//AKNnrwuvo/w14XvfGP7Peg6Zps1sk6XMsrGdyFAE03HAPPzCgDxaivT/APhRHir/AJ/NJ/7/AEn/AMRXHeKvCGq+DtRSz1RYyZE3xywsWRx3wSByO4x/OgDBooooAKK6Twh4J1Txrc3MGmy2sZt0DyNcSFRycDGASeh7V1f/AAojxV/z+aT/AN/pP/iKAPMKK9P/AOFEeKv+fzSf+/0n/wARR/wojxV/z+aT/wB/pP8A4igDzCivT/8AhRHir/n80n/v9J/8RR/wojxV/wA/mk/9/pP/AIigDzCivT/+FEeKv+fzSf8Av9J/8RR/wojxV/z+aT/3+k/+IoA8wor09vgT4qCsfteknAzgTSc/+OV5k6GORkbG5SQcHNADaKKKAPV/gT/yHNZ/68f/AGYV4FX0H8EraSzXX9bucQ6dFamNp5Dhcj5jz7AZP1FfPlABRRRQAUUUUAFFFFAHU/Db/kpXhz/r/i/9Crsvi3/yU/WfrD/6JSuN+G3/ACUrw5/1/wAX/oVdl8W/+Sn6z9Yf/RKUAcVRRRQB658WvC2ueJPDHgg6NplxfeRYt5vkrnZuSHGfrg/lXlX/AAq/xx/0LGof9+66Sz+JfjCws4bS21uVIIUEcamONtqgYAyVJqf/AIWr42/6Dsn/AH4i/wDiaAOU/wCFX+OP+hY1D/v3R/wq/wAcf9CxqH/fuur/AOFq+Nv+g7J/34i/+Jo/4Wr42/6Dsn/fiL/4mgDnbD4Y+Nk1G1ZvDV+qrMhJMeABkV6B8eP+R6s/+wdH/wCjJKwf+Fq+Nv8AoOyf9+Iv/ia53Wdc1PxDf/bdVu3urnYEDsAMKOgAAAA5P50AZ9FFFAHrXgbT7vVfgr4vsbGBp7qZ2WOJOrHYpwK8s/4Vf44/6FjUP+/damheL9f8NRSxaPqUlrHMwZ1CqwJHfDA4rX/4Wr42/wCg7J/34i/+JoA5T/hV/jj/AKFjUP8Av3R/wq/xx/0LGof9+66v/havjb/oOyf9+Iv/AImj/havjb/oOyf9+Iv/AImgDlP+FX+OP+hY1D/v3Xql1o+oaH+zlbWOqWklrdLelmikGGAMrEZFct/wtXxt/wBB2T/vxF/8TWbrXjjxJ4ishZ6rqslxbBw/llEUEjpnaBmgDn6KKKAPVfg5/wAg3xh/14D+UleCV738HP8AkG+MP+vAfykrwSgAooooAKKKKAL+kaJqmv3htNJsLi9uAu8xwIWIXpk46Dkc+9dXbfBzx/dY2eHZUHrLPEn/AKEwrov2drz7P8Q7m3J4udPkUD/aDo38gaj1vx34wi1a9tJPEF8vkzvFiN/L+6xH8OPSgCG1/Z+8cXGPNTTrb/rrc5x/3yGrWT9nbU4FDan4l0q0XuVDMP8Ax7bXH3HiLW7zP2nWdQmz/wA9Lp2/mazmZnYszFiepJzQB6Mvwd8EWH/IT+IttIR1WDy1P5b2NSr4X+Cumf67WdT1Fx1XL4P4qij9a8zooA9Y1nwz8O9U+Fev6z4Z0WW3lscKk80j794KnIy54IbHNU9EHk/syXX/AE2v/wD2qv8A8TUvhb5vgN40X0Zj/wCOp/hTIR5P7Mem/wDTe+b/ANGyf/E0AeY0UUUAeleMD5H7NXh5P+emofzadv6VZ+JP/JNfh7/2Dk/9ExVV+I58n4CeD7f+/ciT/wAckP8A7NVr4k/8k1+Hv/YOT/0TFQB5ZRRRQB6hpf8AybZ4p/6/R/OCuK+E/gL/AITLxEbi/Xbomn4lu3Y4V+4jz74yfQA+or0Xwdot54i+BGu6RYIGurrURGmTgDmAkn2ABJ+lQeONRsPAnhOD4feH5MybA+pXA4ZyRkg+7cZ9FwKAOa+JHjL/AISzXtlodmk2WYrSMDAI7vj3wMegA964uiigAr1NPg9cH4ctrTSTjWfL+0racbfK67SMZ37eevtjvWZ8LfCUOs6pLreq7Y9F0r99M8nCO6jcFPsB8x9sDvTLb40XEnxhXW5ZHTQX/wBC8k9Ft88OR/ez8579RQBwVFdv8UfCi+GvFLy2qj+zdQBuLYr90Z+8o+hPHsRXEUAdp8M/Fo8K+KE+0v8A8S29xBdA9AD91/wJ/ImsD4seCT4L8YSx2yY0u9zcWbDoFJ+ZP+Ak4+hX1rKr1zTIk+KvwruPD0zK2v6MoksnY8uoGFGfcfIf+Ak0AfPtFOkjeKRo5FZHQlWVhggjqDTaACiiigDvfg54b/4ST4jaesibrWxP2ybjjCEbR+LlfwzWn8Rde/4SLxxqN4j7reN/Igx02JxkfU5P411HgaD/AIQL4Man4kkHl6nrZ8m0zwwTlVI/8ff3AWvLaACiiuh8D6CfEnjHTtNZd0LSb5/+ua/M35gY+pFAHX+NJf8AhCvgVpehr8l/rsnnTjodnDt+Q8pT+NeE16R8b/Eg174iXNvC+bXTFFnGB03Dlz/30SP+AivN6APbPgdfxa5o3iLwLeuPLvIDcW27+FsBWI9wdjD/AHTXn11bS2d3NazoUmhdo5FPZgcEfmKp+CvEL+FvGWl6ypIS3nHmgd4z8rj/AL5Jr0v4yaImm+Mv7RtwDa6pELhGX7pfo2Prw3/AqAPO69A+EHiBdI8ZLY3BBs9UX7NIrfd3/wABI+uV/wCBV5/To5HikWSNiroQysDggjoaAGeP/DLeEfGupaRtIgjk325PeJuV+uAcH3BrBsrSW/vrezhGZZ5ViQerMcD9TXtnxatU8Y/DzQvHdsgNxAotb7aOmTjn2D5x/wBdBXF/BjRDrfxO0vcm6GyLXknts+6f++ylAHdfG6eK31XRNDgP7nTrEYHpuO3H5Iv515ZXTfELVxrfjzV7xW3RicxRkdCqfICPrtz+NczQAV6n4Tb+yPgZ401U/KbkNag+uVCD9ZTXllemeN3/ALA/Z80DTOk+q3AnceqfNJn/ANF0AeG0UUUAWdOTzNUtE/vTIP8Ax4V7b8d23eOrQf3dOjH/AJEkrxrw+nmeJNLT+9eRD83FevfHF93xAUf3bKMfqx/rQB5tRRRQB6T8Sfk+BHg1PWcN/wCOSf414hXt3xS+T4L+CE9SG/8AIZ/xrxGgAr2v4Fn7R4X8eWJ58yxTA+qTA/zFeKV3nww+IUXw/v8AUZ7jTnvoryAR7FkCYYHIzkHjk0ARaXoGr63Js0zTbq7OcExREgfU9B+Nd3pnwU16WH7TrN5ZaTbKMuZXDso9cA7f/HqxtZ/aA8UXcf2fR7ay0e3AwgijEjqPTLfL+SivONX8Q6zr83m6tql3etnI8+UsF+gPA/CgD1H4heA7DwfYaRd6fqb30d8rkyELtYAKQykdiG9/rXBV6p8SP+SZfD3/ALByf+iYq8roAK9K8V/8mzaD/wBhA/8AoyevNa9K8V/8mzaD/wBhA/8AoyegDw+iiigDrvhb/wAlP8Pf9fi/yNdR8VP+Sl61/wBdE/8ARa1y/wALf+Sn+Hv+vxf5Guo+Kn/JS9a/66J/6LWgDj6KKKAPTNJ+Ceu6tpFnqKahp8SXUKzIjs5IVhkZwvXBFXP+FCa//wBBXTfzk/8AiazfjT/yT74e/wDXl/7ShrxOgD37/hQmv/8AQV0385P/AImj/hQmv/8AQV0385P/AImvAaKAPfv+FCa//wBBXTfzk/8AiaP+FCa//wBBXTfzk/8Aia8BooA9+/4UJr//AEFdN/OT/wCJrm/GXw11XwVp9vfXt1aTwzS+SPJLZVsEjIIHYGvJa921/wD5N48If9fI/lNQB5fRRRQB6p8J/wDkUvHv/YPX/wBFzV4LXvXwn/5FLx7/ANg9f/Rc1eC0AFFFFAHWfDD/AJKb4d/6/UrrPit/yU3Wv9+P/wBFJXJ/DD/kpvh3/r9Sus+K3/JTda/34/8A0UlAHG12vwk/5Kfo31m/9EvXFV2vwk/5Kfo31m/9EvQBxvxJ/wCSleI/+v8Al/8AQq6P4C/8lTtP+veb/wBBrnPiT/yUrxH/ANf8v/oVdH8Bf+Sp2n/XvN/6DQBQ8V/8jhrf/X/P/wCjGrIrX8V/8jhrf/X/AD/+jGrIoA9Y+BP/ACHdZ/68f/ZhXCeDvjH4h8F6Cuj2Npp09skjSIbiNyy7uSMqw4z/ADrtPghfWVn4g1QXl3BbLJZ4VppAgPzDOCahT4f/AAm0PnVvFtxqUq9UtWBRv+/asf8Ax6gCh/w0f4s/6Bei/wDfqX/45R/w0f4s/wCgXov/AH6l/wDjlaXj3w14FT4QjX/DOkNbFrpY4ppGcyHDFWzuY8HBrwugD6Y1jxjqHiL4Bzazq9vaxXGoziGFIEYLtEuM4Yk5+R+/pXhterfElP7D+HXgvw2OHS3E8y+jhACfxZ3rymgAr134bXx8J/DLxV4sWKN5oyIoRIOCygbQcc4LSDOD2ryKvSvCnxE0LSfBR8N6z4fbUIGlaSQZUpJ8wYZB7ggfkKAKP/DR/iz/AKBei/8AfqX/AOOUf8NH+LP+gXov/fqX/wCOVrf8Jp8NP+iewf8AfuOj/hNPhp/0T2D/AL9x0AZP/DR/iz/oF6L/AN+pf/jlH/DR/iz/AKBei/8AfqX/AOOVrf8ACafDT/onsH/fuOj/AITT4af9E9g/79x0AZP/AA0f4s/6Bei/9+pf/jlH/DR/iz/oF6L/AN+pf/jla3/CafDT/onsH/fuOj/hNPhp/wBE9g/79x0AZP8Aw0f4s/6Bei/9+pf/AI5R/wANH+LP+gXov/fqX/45XXeFtT+HXinxFa6PB4DtYZLgORI8SELtUt2+mK8O8cWVpp3jrXbKxiENrBfSxxxr0UBiMCgDe8bfFrXvHekQ6ZqNrYQW8cwn/wBGjcMzAEDJZjx8xrgqKKACiiigAqaK8ubdNkNxNGpOcI5Az+FQ0UAWv7Tv/wDn9uf+/rf417r4N1aD4s+A5PC2rXAHiPTE8yzuZTlpVHAJPU9lb8Dya8Aq9o2sX2gaxa6rp0xhu7Zw8bj9QfUEZBHcGgDfvLO40+9ms7uJoriFykkbDlWHUVBXsGu2Nj8WfCSeLvD8SprdqgTULJeWbA6e5HVT3HHUYrx8jBwetAGnoGv6h4a1eHU9NmMc8ZwQfuuvdWHcH/PNeo+INHtPi9op17wxdvZeJLdALqxMxUS4GAPr/dboehx28bq9pOr3+halFqGm3L29zEcq69x3BHcH0NAHN3k+safeS2l5NewXELFJIpHZWUjsQah/tO//AOf25/7+t/jXvjy+FPjNZx2uqCPR/FaJthuUHyze3P3h/sk5HY9a8d8X+Btd8E3/ANm1e0KxMSIrmP5opf8Adb19jg+1AGL/AGnf/wDP7c/9/W/xo/tO/wD+f25/7+t/jVWtLRNA1XxJqKWGkWM13ct/DGOFHqx6KPc8UAV/7Tv/APn9uf8Av63+Nem+APhrrXiKAa34g1K60rw9GPMaWWYo8y/7OTwv+0fwz26TSfh/4U+GdrFq3ja5i1LWCN8GmxfMin/dP3vq2F9icVy/jL4g6v4yn2Tt9m09DmKziPyj0LH+I+/5AUAdD40+JcUmnDw14SV7PRoV8ppgSHnXuATyFPOSeWzz3B8xoooAK3fCPhW98X67FptmCqfenmIysSd2P9B3NVdA0HUPEurw6ZpsJknkPJP3UXuzHsBXofjLxPp/wr8Nt4P8MTiTXbhc6hfL96LI9ezYPA/hHPU5oAx/i34ysdP06L4feGG2adZfLeyof9bIDnZnvg8se7cdq8bpSSSSTknqTSUAFFFFABRRRQAUUUUAdT8Nv+SleHP+v+L/ANCrsvi3/wAlP1n6w/8AolK888KavFoHizStXnjeSGzukmdExuKg5OM969l1X4kfCPXNTm1HUfD2rT3c2PMkK7d2AFHAmA6AUAeUUV6V/wAJn8Fv+hX1b9f/AI9R/wAJn8Fv+hX1b9f/AI9QB5rRXpX/AAmfwW/6FfVv1/8Aj1H/AAmfwW/6FfVv1/8Aj1AHmtFelf8ACZ/Bb/oV9W/X/wCPUf8ACZ/Bb/oV9W/X/wCPUAea0V6dB4t+DE88cK+F9VDSMFBO7GScf89qzPi14c0vwz4uhs9Jtzb28tmkxj3swDFnU4JJP8IoA4SiiigAor0/4e6F4Wk8D654j8SafJeR2EvIR2BCBQeAGUEknuai/wCEz+C3/Qr6t+v/AMeoA81or0r/AITP4Lf9Cvq36/8Ax6j/AITP4Lf9Cvq36/8Ax6gDzWivSv8AhM/gt/0K+rfr/wDHqP8AhM/gt/0K+rfr/wDHqAPNaK9K/wCEz+C3/Qr6t+v/AMeo/wCEz+C3/Qr6t+v/AMeoAt/Bz/kG+MP+vAfykrwSvfIPir8NtC0nVYfD2hapb3F7btEdyghjghclpDgZbsK8DoAKKKKACiiigDvPgzefYvivojE4WV5IT77o2A/XFaHxDtfsfxC12LGM3bS/99/P/wCzVx3g28/s/wAb6Fd5wIb+Bm+m8Z/TNewfFTwjrepfES6uNM0i8uo7iGJzJFCxTIXbgt0H3aAPKqK7uy+D3jS8wX06O2U957hB+gJP6VtJ8Dr+2jEmr+IdLsY+7AlgP++tooA8qor1NvBHw30v/kK/EGCYj7y2jx5/IbzUTX/wR0z/AJa6nqpHosoz+iUASeDvm+CXjhfRGP8A5DH+FM1QfZ/2bfC0XQyXhOPYtO1Vda+LXg6Dwbq3h7wt4bu7VdQiaNpJiqjLDG4/MxOB0Gau+Lh9n+Bvgi36bwsuP+AE/wDs1AHltFFFAHo/xdPk/CnwFb/34BJj/tkn/wAVVz4k/wDJNfh7/wBg5P8A0TFVH47nyPD3gWy6GKxfI/4BCB/I1e+JP/JNfh7/ANg5P/RMVAHllFFFAHsnw48RX2g/CrW7iw0m7u54bp2jkjUGNSY0GTzkhcZOB0xyM5HkFzczXl1Lc3MrSzyuXkkY5LMTkk17H4A8QzeFPgnreuW8Ec8lpqG4RSEgMD5KkZHTgnn+dVZdC8K/Fexl1XwlNHp2uqu+506XChj3OB0/3l4PcAmgDyGtHQtEvPEWtW2l2Cbp52wCeijux9gOai1LSr/SNQksNQtZbe6jOGjcc/h6j3HWvVLdoPg34Ak1e7RD4p1ZNlrA4yYR15HovBb1O0e9AGN8W/Edn4Z0G1+HPh+T93CobUpl6u3XYfcn5j/wEeorxKpbm5mvLqW5uZWlnmcySSOclmJyST65qKgD3zwZdL8TvhRceGrhg2u6IA9mzH5njA+QfllD6fKa8qZWRyjqVZTggjBBqLwN4qn8G+LrLWItzRxtsuIx/wAtIjwy/lyPcCvSvi34dgs9Xt/EemFZNK1lRMrp90SEZP8A30Du/P0oA85ra8J+Irjwt4ktNVt8t5bbZYwf9ZGeGX8unvg1qeE/hxr/AItZZbe3+zWJPN3cAqmP9kdW/Dj3FdXc678PfhUDHYIPEfiKPgy5BSJv97lV+gy3YkUAc58c/CEenavbeK9OjK6drIDyDbt2TEbuQem4fN9Q1eR11HjHx/4g8cXSyatdD7PG26K1hG2KP6DufckmuXoAK6HwP4VuPGXi2y0eAMI5G33EgH+riH3m/Lge5Fc9X0Ta2Nt8F/h8Jo3S58S62mFuEGUjAAPyn0XcD/tEjsOADC+LviC3vdct/D+m7U03Ro/IRE+75gABA/3QAv4H1rzmlZmd2d2LMxySTkk0lABXtHwY0S7t9A1zxHaW6zX7RtbWMbEKGYDcck8AFtgz7GvF60tP8Q61pVu1vp2r31pCzbjHb3DxqT64B60Aa7fAv4gXUzzT2lt5kjFnZ7tCSScknBNSx/s+eN3+9/Zqf71yf6KayX8WeI5Pv+INVb63kh/rVd9e1iT7+rX7f71y5/rQB1Uf7OXi5v8AWajoqD/rtKT/AOi67rx/4ZuLL4NaZBrF5bS6po2xBLGxxImdgUZwSduwn/dNeJSXt1L/AKy5mf8A3pCagoAKKKKAPVPhJeW+sWOt+CNRb/RdTgZ4c/wvjDY98YYf7lS/D/Rbj4a+BvFfiLUoxFqTSPYWufVGKZX1Bc5+iZrzXQ9Wn0LXLLVLb/W2sqyAZ+8B1H0IyPxruvip8Q7XxeLGx0oyiwhHnSeYu0tKeAMf7Iz+ZoA82JycnrRRRQBc0rT5dW1ez06H/WXUyQr7FiBn9a639oLVIn8U6ZoFscW+k2arsH8LPg4/74WP86v/AAX0hLvxbNq9zhbTSoGmZ26B2BAz+G8/hXlPirW38SeKtT1h8/6XcNIgPVUzhR+CgD8KAMeiiigDa8HR+b430CP+/qVuv5yLXp3xpfd8Rrkf3LeIf+O5/rXnvw6i874keG0xnGowP/3y4P8ASu4+L0vmfE3VQDkIIV/8hJ/jQBw9FFFAHo/xb+T4TeA09YQ3/kJf8a8Sr2z4znyvh38Pof8Apzz+UUX+NeJ0AFFFFABRRRQB718SP+SZfD3/ALByf+iYq8rr1T4kf8ky+Hv/AGDk/wDRMVeV0AFeleK/+TZtB/7CB/8ARk9ea16V4r/5Nm0H/sIH/wBGT0AeH0UUUAdd8Lf+Sn+Hv+vxf5Guo+Kn/JS9a/66J/6LWuX+Fv8AyU/w9/1+L/I11HxU/wCSl61/10T/ANFrQBx9FFFAHo3xp/5J98Pf+vL/ANpQ14nXtnxp/wCSffD3/ry/9pQ14nQAUUUUAFFFFABXu2v/APJvHhD/AK+R/KavCa921/8A5N48If8AXyP5TUAeX0UUUAeqfCf/AJFLx7/2D1/9FzV4LXvXwn/5FLx7/wBg9f8A0XNXgtABUtta3F7cJb2sEs87nCRxIWZvoByairv/AILXwsfitoxYjZMZIT/wKNsfrigC78NPA3iqHx/od9P4e1K3tYLpZJJZ7dolVR1OWAq58Vv+Sm61/vx/+ikrofHXxE8Y6T4v1XSoNWMFvBORGqQRghDyvO3PQjvXml7fXWpXst5ezvPcytukkkOSxoAr10/w81ey0Hx3pmpajKYrSFpBI4Utt3RsoOBz1IrmKKAPXdXvvg3LrV5q1xYX2rXdzK0rlfMC7j1wGZBj61HbfFXwx4fct4a8DWltLt2+eSkb49CVUk/99V5NRQBZ1C9k1HUrq+mCiW5meZwvQFiScfnVaiigAooooA9L8YH7N+zX4ej6GbUOffLTt/SvJfCml/234t0jTCu5bq8ijf8A3Sw3H8s16x8Sz5PwK8GW/wDfmEn/AI45/wDZq5L4KCwT4nWFxqF1Bbx28csiGZwqs+wqBk9/mJ/CgDqvjZqP2z4gPbA5Wyto4ce5y5/9DH5V5zXtHiH4bafr/iK/1V/HGlxm6maQIdp2KTwM7+cDArM/4U/pn/Q96V/3yv8A8coA8qor1X/hT+mf9D3pX/fK/wDxyj/hT+mf9D3pX/fK/wDxygDyqivVf+FP6Z/0Pelf98r/APHKP+FP6Z/0Pelf98r/APHKAPKqK9V/4U/pn/Q96V/3yv8A8cqLUvg8tp4e1DVrLxNZ3yWUTSusUfB2jJG4McHFAHl9FFFAHf8AwZj3/Emyb+5DM3/jhH9a848cSeb4+8Ryf3tTuSP+/rV6j8D49/xALf3LOVv1Uf1ryPxFL5/ifVpf795M35uTQBmUUUUAFFFFABRRRQAUUUUAdH4K8Zal4H8QR6pp7bkPyXFuxwsyd1Pv6Hsfyr1zxZ4W03xvon/Cb+Cx5gkBa+sVHzq/VjtHRh3HfqM558ArpvBHjjVfAutC/wBPffC+FuLVz8ky+h9COx7fTIIAUV67rPhfRviVo7+KvBBRb7re6aSFbf1PHZv0bqOc58llikgmeGaNo5UYq6OMFSOoI7GgBoJBBBwR0Ir0jw38VZY7D+xfFtmutaQ42MZVDSqPx4fHvz715tRQB6q3ww+Geoy/8JBa+KWtdDHM1kXG9W/ugt8w+hBJ7Gk1L4n6b4f05tF+H+lRafaDhrx4/nc/3gDkk/7TZPsK8rooAmuru4vrqS5u55J55DueSRizMfcmoaKKACtnw14Y1PxXqq2GmQ726yStwkS/3mPb+Z7Vt+Cvhzqfi1/tUh+xaQhzLeSjAIHUID1Pv0H6Vp+L/ihpXhbSpPCvw8VY0Hy3OqKcs7dCUbuf9vt/D2NAGj4m8WaP8JdGk8NeFXS68RTLi9vyAfJP/wAUOy9B1OT18EmmluJ5JppHklkYs7ucsxPJJPc01mZ3LuxZmOSSckmkoAKKKKACiiigAooooA6nwZ8P9c8dy3iaMtvi0CGV55NgG7O0dCTna35V1v8Awz141/v6X/4Et/8AE1r/AAHd4vDHj6SN2R1s4mVlOCCEnwQa4f8AtzVv+gpe/wDgQ/8AjQB0P/DPXjX+/pf/AIEt/wDE0f8ADPXjX+/pf/gS3/xNc9/bmrf9BS9/8CH/AMaP7c1b/oKXv/gQ/wDjQB0P/DPXjX+/pf8A4Et/8TR/wz141/v6X/4Et/8AE1z39uat/wBBS9/8CH/xo/tzVv8AoKXv/gQ/+NAHQ/8ADPXjX+/pf/gS3/xNH/DPXjX+/pf/AIEt/wDE1z39uat/0FL3/wACH/xo/tzVv+gpe/8AgQ/+NAHQ/wDDPXjX+/pf/gS3/wATR/wz141/v6X/AOBLf/E1z39uat/0FL3/AMCH/wAaP7c1b/oKXv8A4EP/AI0AdRZfs/8AjOG/t5Xk0sIkqsx+0NwAR/s1s/Hcg+OrTB6adHn/AL+SV59/bmrf9BS9/wDAh/8AGqk881zKZZ5ZJZD1eRixP4mgCOiiigD2H4c6Pc+IfhH4q0eyaIXV1KUj8xsLnYuMkA46Vx3/AAz141/v6X/4Et/8TXLW17d2e77LdTQbvveVIVz9cVY/tzVv+gpe/wDgQ/8AjQB0P/DPXjX+/pf/AIEt/wDE0f8ADPXjX+/pf/gS3/xNc9/bmrf9BS9/8CH/AMaP7c1b/oKXv/gQ/wDjQB0P/DPXjX+/pf8A4Et/8TR/wz141/v6X/4Et/8AE1z39uat/wBBS9/8CH/xo/tzVv8AoKXv/gQ/+NAHQ/8ADPXjX+/pf/gS3/xNH/DPXjX+/pf/AIEt/wDE1z39uat/0FL3/wACH/xo/tzVv+gpe/8AgQ/+NAHQ/wDDPXjX+/pf/gS3/wATR/wz141/v6X/AOBLf/E1z39uat/0FL3/AMCH/wAaP7c1b/oKXv8A4EP/AI0AdD/wz141/v6X/wCBLf8AxNeda9od74b1y70fUUVbu1bbIEbcOQCCD6EEGvSfh9rGpy+P9Ejk1K8dGuVVladiCDnIIzXP/GX/AJK1r3/XSL/0UlAHC0UUUAOR2jdXQkMpBBHY16RefHfx5dRhI9QtrXAwWhtUyff5gf0rzWigDo7/AMf+L9Tz9r8Sam6nqi3LIp/4CpArn5ZpZ5DJNI8jnqzsST+Jr3P4Nw+H2+G3iK+1Hw/Yapc6fM07ieBHZo/LBABYHH3XNOPiv4V3f/H34CMWev2dEH8mWgDweivdDJ8EbvlvD+pWxPffL/ISkU06R8EJefN1SH2zKf6GgDw5VZ2CqCzE4AAySa97+LEZ0vwl4J0OT5bi1sQJk7qVSNf5hvyosdR+EfhCddQ0fS7zVNRiO6Bp92EbsfnwB9dpI7VwXijxLfeK9cm1S/IDuAqRr92NB0Uf56k0AY1OjRpZUjUZZiFA9zTa2fCVmdQ8YaNa4yJL2IN/u7hn9M0AdP8AtGSqninRbBTxBpwYD6uw/wDZK0/iT/yTX4e/9g5P/RMVcj8eb4XfxTvIgci0t4Yf/Hd//s9dd8Sf+Sa/D3/sHJ/6JioA8sooooA9Q0v/AJNs8U/9fo/nBXiWn6heaVfRXthcy211C26OWJirKfrXqvgz4m3/AIN0ifTILC1uoJZjN+9JBBKhSOOoworf/wCF5Xv/AELmmfrQA3w18aPD2sQW7ePNNjbU9O/e217FBu8xh0G0fdb/AMdzzxgV5L418X33jbxLcatekqrfJBDnIhjHRR/MnuSa9c/4Xle/9C5pn60f8Lyvf+hc0z9aAPAqK99/4Xle/wDQuaZ+tH/C8r3/AKFzTP1oA8Cr2LwB8VtD0nwRJoPizT5NRSzlEthH5SyBuc7TuPGDnn0JHbB2/wDheV7/ANC5pn60f8Lyvf8AoXNM/WgDg/Gnxf8AEfi5XtI5BpmlEbRaWrEbl9Hbq304HtXn1e+/8Lyvf+hc0z9aP+F5Xv8A0LmmfrQB4FRX0VpHxmutR1qxspPD2nKlxcRwsy5yAzAEj868/wDjvbw2/wAULoQxJGGt4WYIoGTt68d+KAPNa978G3A+JXwiuvDkzB9b0MB7Qn7zxgHYPyynt8prwSuo+HviyTwZ4ystWBb7Nu8q6QfxQt976kcMPdRQAhBUkEEEcEGkr0D4teGo9I8SrqtiFbTdWX7RE6cqHPLAexyGH+97V5/QAUUUAEnAGTQAUVdg0fVLrH2fTbyXP/POBm/kK04PA3iu4x5fh3U+e72zKP1AoA5+iuyg+FPja4xt0ORR6yTRp/Nq0oPgp4xmxvhs4f8ArpcA/wDoINAHndFeqx/AfXlXddatpcK9yGdsfmoq7ZfAqO6Dn/hLLZ/L++ILcPt+p3jFAHjtFT31vHaahc20U6XEcUrRrMn3ZACQGHsetQUAFFFdH4F8NP4q8W2enbSbcN5tyR2iXlvz4H1IoA7e5huPB/wJa3tYJZNY8Rn7kSFnWFhycDnHl/kZK8Il0+9g/wBdZ3Ef+/Ew/mK+ltK+IMWpfH+TRYHX+zYbOTT7cL93zVId2H/fBX32isnXPjJ4q0LxFqOmS2OlOLW4eMExSAlQeD9/uMGgD52IwcGlAJIAGSegFe+/8L41lx++0bTH/wC+/wCpNJ/wvXU1+aLQdMSTs3zf4igDE+DPgLUU8QxeLNZt3sNI01GmWS5XZ5rbSAQD/CM5z04A9cc54s1hdf8AFep6ogIjuJ2aPPXYOFz74ArS8T/EXxH4siNvf3Sx2hOTbW67EJ9+ST+JNcpQAUUUoBYgAZJ4AoA9E+PB8rQfAtr3isXz/wB8wj+leKV7R+0Uwi13w/YA/wCo0/OPq2P/AGSvF6ACiitzwz4P13xhdTW+hWJupIEDy/vEQKCcDliB+FAGHRXoo+BnxAPXR4h9byH/AOKqe1+A3jue6jimsLe2iZgGme6jYIPXCkk/gKAOu+JH/JMvh7/2Dk/9ExV5XXpvxh1GyS50Xw1YSiWPRbXyXYHOGwq7T7gIM/WvMqACvSvFf/Js2g/9hA/+jJ681r0rxX/ybNoP/YQP/oyegDw+iiigDrvhb/yU/wAPf9fi/wAjXUfFT/kpetf9dE/9FrXL/C3/AJKf4e/6/F/ka6j4qf8AJS9a/wCuif8AotaAOPooooA9t8ceAta8deAfBK6KLdjaWKmTzpdnDRR4xxz90157/wAKA8cf88tP/wDAr/61YcGuatbQrDBql7FEgwqR3Dqo+gBqT/hI9c/6DOo/+BT/AONAGx/woDxx/wA8tP8A/Ar/AOtR/wAKA8cf88tP/wDAr/61Y/8Awkeuf9BnUf8AwKf/ABo/4SPXP+gzqP8A4FP/AI0AbH/CgPHH/PLT/wDwK/8ArUf8KA8cf88tP/8AAr/61Y//AAkeuf8AQZ1H/wACn/xo/wCEj1z/AKDOo/8AgU/+NAGx/wAKA8cf88tP/wDAr/61dt490S78OfBTwzo9+Y/tdtdBZBG25c7ZTwe/WvMf+Ej1z/oM6j/4FP8A41Wu9Sv78KLy9ubkJ93zpWfb9MmgCrRRRQB6p8J/+RS8e/8AYPX/ANFzV4LXvXwn/wCRS8e/9g9f/Rc1eC0AFbHhS/8A7L8X6Nfk4FvfQyN9A4J/TNY9FAHtfxssvsvxDkmxj7VbRS59cAp/7JXnVerfGJv7S0rwjr45+22OWb6qjj/0M15ZDDLcSCOGJ5HPRUUkn8BQAyium0/4e+LtTx9n0C8APRpk8ofm+K6iy+B3iOVPNv7zT7GIDLb5C7D8hj9aAPMaK9UfwJ8PNE/5D3j2GV1+9FaMgYe2BvP6Vr+EV+Ees+IotE0fT7nUbp0ZxPcq+zCjJyGI/wDQaAPFKK0fEFrDZeJNUtLddkMF3LHGuc4VXIA/IVnUAdD4Q8Haj4z1OWy06SCMxR+ZJJOxCgZA7Aknmu1f4WeGtG58R+OrC2YfehjKK34bmyf++ad8CCRr2sEcH7D/AOzCvAaAPXPi94r8M6n4e8PeH/DWoPexaYGV5CjAYCqq5JAyTgngYryOiigAoorv/D3wc8WeJtBttZsI7P7LcAmPzZ9rEAkZxjjkGgDgKK9Mf4C+O16WVo/+7dL/AFqFvgX4/XppMLfS8i/q1AHnNFehn4H/ABBH/MDQ/wDb5B/8XSf8KQ+IX/QBX/wMg/8Ai6APPa9v+GQ+y/A3xpdn/lrK0P8A44g/9nrmrP4EePbmdY5tOtrVCeZJruMqP++Cx/Suz8WNpngH4cReAtPvEvNRuJRNqEidFOQxz6ElVAHXC89aAPKKKKKAPU/gNHu8aX0n93T3H5yR/wCFeGXcvn3k8v8AfkZvzOa93+B5+z3fiG/PCW9jy3pyT/7Ka8CoAKKKKACitbT/AAt4g1VFfT9D1K6RuQ8Nq7qR9QMV0lj8HPHt+Rs8PyxKf4riWOPH4M2f0oA4WivX7L9nbxRIvmahqWlWUQ5bMjOy/koH61oJ8IfAekc694+jlYfejtPLVh+GXP6UAeIVJBBNczLDbxSSyt91I1LE/gK9ySX4MaB/x66Pe6zMvSSbcVP1DlR/47Ur/GcabCYPDPhbTNMi6DK5/wDHUCj+dAHnejfCLxxre1otDmtoj/y0vCIQPfDfMfwBrtrf4GaTokaz+M/F9pZjGTb2pAZvoz8n8ENYmrfEvxdrG5Z9anhjP/LO2xCMeny4J/EmuVkkeWRpJHZ3Y5LMck/jQB65p3jD4d/D0yHwjpF1f3rp5b3crsocZ9W5HIHRRXnXinxFP4q1+fVrm3hgklCjZCMAADAznqfesaigAooooAKKKKACiiigD16x+MWmX2hDQ/Evh1ZbExLE4tHwrKMY+Q4x07NWfJ4O+D/iPnTdcutEnbpFO5CL9fMB/R68xooA7+7/AGetTmiM+g+ItL1KHsWJjJ+m3cP1rk9R+D3jzTcl9AmnQdGtpElz+Ckn9Ko29zPaSiW2nkhkHR43KkfiK6Sx+I/jDTseRr92wHadhN/6GDQBwF9oWsaZn7fpV9aY6+fbvHj8xWfXuNn8cvFdvgTxafdDuZISp/8AHWA/SrbfF7Sb7jV/Aul3efvMdh/RkP8AOgDwOivd28VfCm95vfAbQk9fsyIP/QWWmGP4IXfJ0jU7Qn0eU/8As7UAeF0V7x4k+HPw7j+G994q0q51KGNY2Fq0jnEkudqrtZckFuOPc9q8HoA9r+Bf/IqfEH/rxj/9AnrzqvQ/gJdad/Z3jDTb7Uraxe+t4Y42nkVcjEqkgEjONw/OtL/hUOkf9D9pX/fKf/HKAPKqK9V/4VDpH/Q/aV/3yn/xyj/hUOkf9D9pX/fKf/HKAPKqK9V/4VDpH/Q/aV/3yn/xyj/hUOkf9D9pX/fKf/HKAPKqK9V/4VDpH/Q/aV/3yn/xyj/hUOkf9D9pX/fKf/HKAPKqK9V/4VDpH/Q/aV/3yn/xyj/hUOkf9D9pX/fKf/HKAPKqK9WX4P6U7BV8eaWzMcABFJJ/7+Vx3jjwhL4K11NMlu0ut8CzrIqbOCWGCMnup70Ac1RRRQAUV3Pgj4cN4x0q91KTV4dPt7WTYzSR7v4ckk5AAAIrc/4VDpH/AEP2lf8AfKf/ABygDyqivVf+FQ6R/wBD9pX/AHyn/wAco/4VDpH/AEP2lf8AfKf/ABygDyqivVf+FQ6R/wBD9pX/AHyn/wAco/4VDpH/AEP2lf8AfKf/ABygDyqivVf+FQ6R/wBD9pX/AHyn/wAco/4VDpH/AEP2lf8AfKf/ABygDyqivVf+FQ6R/wBD9pX/AHyn/wAco/4VDpH/AEP2lf8AfKf/ABygDkfh3/yUPQv+vpazPjL/AMla17/rpF/6KSvVfDfw40fQfEdhqreONLmFrKJPLGxd2O2fM4ryT4s3ltqHxQ1y5s7iO4gaVAskTBlOI1BwR15BFAHF0UUUAFFFFAHtH7PUy3Wo+JdCkPyX1gGIP+ySh/8ARtefyI0UjRuMMpKkehFdB8C777H8VdPjJwt1FNAf++Cw/VRUPjOz+weNdatgMKl7LtH+yWJH6EUAYdFFFABRRRQAV6J8F9IN/wCOkvnX9xp0LzOx6BiNqj9Sf+A1xWj6LqOv6jHYaZayXFw/8KDhR6k9APc16R4v1Gx+FHgCTwpp9yk3iPVUzeyx/wDLJCMH3HGVUdeS3FAHjvjHWBr/AIy1jVVOY7m7keM/7GcL/wCOgV698Sf+Sa/D3/sHJ/6Jirwave/iNG8nw1+HuxGbGnJnAz/yxioA8qoqT7PN/wA8ZP8Avk0fZ5v+eMn/AHyaAI6Kk+zzf88ZP++TR9nm/wCeMn/fJoAjoqT7PN/zxk/75NH2eb/njJ/3yaAI6Kk+zzf88ZP++TR9nm/54yf98mgCOipPs83/ADxk/wC+TR9nm/54yf8AfJoAjoqT7PN/zxk/75NH2eb/AJ4yf98mgDR8Mf8AI2aN/wBf0H/oYrU+Pv8AyVG4/wCvWH+VZ/hi3m/4SzRv3Mn/AB/Qfwn++K0Pj7/yVG4/69Yf5UAeYUUUUAe+fD2/074hfDKfwjrWoR2l5pLLJbXMpBKxdjyRnaNynngFajlg+Dnhn5b7V7rXblfvJbsWQn2KYX/x414PRQB7c/xd8BaZxo3w+imx917vy1b88Of1qJv2idShBGn+GdLth2BZm/ltrxaigD1m4/aH8aTZ8uHSoP8Arnbsf/QnNZNx8cPiBPkLrSQg9o7SL+ZUmvPKKAOtuPih44us+Z4n1Bc/885PL/8AQcVlXHizxHd5+0+INVmz/wA9LyRv5mseigDoPDHhvWfHPiCHS7LzJpX+aSaQkrCnd2PoP1PFeveMta03wL4ZXwD4Wf5wCNSux952P3lJH8R7+gwv04v4T/E+DwDcXNrfaf59jeOrSzQ8TRkDA6/eHPTjv9K7DW/hrY6/p7+IfAWorqdo5LSWjPmRD1IBPOf9lufrmgDyuinywyW8zwzRvHKhKujqQVI6gg9KZQAV65Yyj4WfCa51yUBNf1sCOzU/ejUj5T+Ay59yoNc78MfBy+JNba+1ABdG0797cu/CuRyEz6cZPsPcVy3xS8cN448WyXELMNMtQYbJDx8meXx6sefpgdqAOf8ADGsNofizS9XLH/RbuOVz3KhhuH4jI/GvVvjZpgs/HX22MDy7+2SbcOhYfIf0VT+NeJV7342f/hIvg74O8RD5pYEFrM3cnbtYn/gUX60AeVUUUUAFFFFABW54O0mTW/GGlaeilhJcIX9kU7mP/fINY0MMtxMkMEbyyuwVERSWYnoAB1r2DS7W1+DnhC48R60I28RX0ZisrMnJTvg/oWPYADqeQDgfjvqyap8T7qKNgyWMEdrkdMjLsPwLkfhXmlTXd1PfXk93cyNLcTyNJI7dWZjkk/iahoAK9X/Z81b7B8RWsWb5NQtJIgP9tcOD+St+deUV0PgPUzo/j3Qr7dtWO9iDn/YZtrfoTQB2fiDxJ4q0nxFqOnHxHq4FtcyRD/TZOQGIB6+mKy5PGHiaWNo5PEWrMjDBU3khB/Wuj+MdgLH4jXjgYW6ijnA/4DtP6qa4KgAJJJJOSepooooAK9K8bf6L+zh4agbh5b/cB7Eztn9R+defafYXGqajb2FpGZLi4kEcajuScV3Hx4vrfT4/Dng60kDLpdqHmx/eICrn3wpP/AhQB4xRRRQB13wt/wCSn+Hv+vxf5Guo+Kn/ACUvWv8Aron/AKLWuX+Fv/JT/D3/AF+L/I11HxU/5KXrX/XRP/Ra0AcfRRRQAUV6JpfwY8TatpVpqMM+mxxXUSzIsszhgrDIzhCOhHerf/CiPFX/AD96T/3+k/8AiKAPMKK9P/4UR4q/5+9J/wC/0n/xFH/CiPFX/P3pP/f6T/4igDzCivT/APhRHir/AJ+9J/7/AEn/AMRR/wAKI8Vf8/ek/wDf6T/4igDzCivT/wDhRHir/n70n/v9J/8AEVz3i34c634MsYL3UpLOSCaXygbeRmw2CeQVHYH8qAORooooA9U+E/8AyKXj3/sHr/6LmrwWvevhP/yKXj3/ALB6/wDouavBaACiiigD2zRfjB4VtvAmj6PrnhybVL3Tk2KsqRmLjIUgkk/dwMbe1Q3H7Qt9bRmLQPDGl6bF0AbL4/BdgrxmigDvdT+M3jzU8q2uPbRn+C1iSPH/AAIDd+tcfqGs6pqz79R1K8vGznNxO0h/UmqVFABXpnwF/wCSp2n/AF7zf+g15nXpnwF/5Knaf9e83/oNAFDxX/yOGt/9f8//AKMasitfxX/yOGt/9f8AP/6MasigD1j4E/8AId1n/rx/9mFeA1798Cf+Q7rP/Xj/AOzCvAaACiiigAr3r4bahdaz8DvEWkW1zNFeaU5nhaGQqwQ/vABj1KyD8a8Fr1r9n3VVtvHVzpMxBh1OzePYejOnzD/x3f8AnQBhJ4r8RR/c1/VF+l5IP61KvjTxSvTxJq/43sh/rVLWtObSNdv9NfO61uHhye+1iAaoUAb48c+Kx/zMeqf+BT/40v8AwnXiz/oY9U/8CX/xrn6KANufxj4muojHP4g1N4zwVN2+D9RmsQkk5JyTRRQAUUV2ngP4fXvi28W5uA1tosJ3T3TfKGA6qhPU+/Qd/QgHQ6Kf+EQ+BHiDWZv3dxrOba3B4LKQYwR78yN9BXglel/F/wAdWniTUrXRND2roOkjy4Nn3ZXAxuH+yAML+J715pQAUUUUAfTvgvxnq3ir4SSR6Dcpb+ItGjSJ4xGreaij5SFII+ZR/wB9L6GvMLz4i+ML3Im8QXq56+Swi/8AQAK5z4deMJfBPjC11MFjaMfJu4x/HEx549Rww9xXd/FfwxFo3iCPVtO2tpWrL9ohZPuhjywHschh7H2oA4e61C9vm3Xd3cXDes0hc/qar0UUAFFFFABRRV3TtI1LV5vK06wubuT+7BEXx9cdKAKVFekaT8FvEl5H5+pyWuk24GWaeQMwHrhePzIq5LD8JPBXOoanL4iv0/5Y2/zpn/gJC/gzGgDzrStF1PW7n7PplhcXcvcRITt+p6Ae5r0Ox+EKaZZjUvGuuWukWY6xrIpc+24/KD9N1Y2s/HvVPsxsfCmk2eh2Y4Uqiu49wMBF/I/WvLdU1jUtbvDd6pf3F5cH/lpPIXI9hnoPYUAe3DxV8GN/9g/2ZdfZTx/avlNnd67s+Zj/AIDj2qPUvhA19Z/2n4M1i21mxblU8xQ49tw+Un67fpXhFaGj67qugXgu9J1C4sp+7QyFd3sR0I9jQB0Oo6VqGkXRttRs57WYfwTIVJ9xnqPeqld7pPx6uLm1Fh4y0Oz1m0PBkVFV/qVIKk/TbWxHpPwp8afNouuvoV6/S2uzhQfTDnBPsr0AeVUV6Lq/wX8U6eDLZLb6nBjIa3kAbH+62P0JrhtQ0nUdKl8rUbC5tH/uzxMmfpkc0AU6KKKACiiigArV8N6HceJPENlpNtw9xIFZsZ2KOWb8ACayq9Z8CLD4E+H2rePL5FNzKht9Pjf+I5wPzbr7ITQBz3xx8SW/26x8F6SQum6MiiRVPDS7cAH12r+rNXkNS3VzNe3c11cyNJPM7SSO3VmJySfxNRUAFFFFABRRRQAUUUUAFFFFABRRRQBZ03/kKWn/AF2T/wBCFe2/Hj/kerP/ALB0f/oySvEtN/5Clp/12T/0IV7b8eP+R6s/+wdH/wCjJKAPL6KKKAPUfC3/ACQbxp/vH/0FK8Ir3fwt/wAkG8af7x/9BSvCKACiiigAooooAKKKKACiiigAooooAKKKKACiiigDd8FaxFoHjXRtVuGKW9tdo8zAZIjzhjgdeCa9r8QSfCDxHrl1q934tu4p7khnSFSEBCgcAxE9vWvneigD3X+yfgv/ANDjqX5H/wCM0f2b8FR18X6kf+At/wDGa8KooA91+x/BJOvirUm/7ZyH+UNJ9o+B9p8/9pale7edmyYbvb7i/wA68LooA9n1f422WladJpfgDQo9KibhrudFMh9wvOT7sW+lePXd3cX93Ld3c8k9xKxeSWRizMT3JPWoaKACvVNG+PnijRdEstLisdJmis4EgjeWKTcVUYGcOBnAHavK6KAPYv8Aho/xZ/0C9F/79S//AByj/ho/xZ/0C9F/79S//HK8dooA9i/4aP8AFn/QL0X/AL9S/wDxyj/ho/xZ/wBAvRf+/Uv/AMcrx2igD2L/AIaP8Wf9AvRf+/Uv/wAco/4aP8Wf9AvRf+/Uv/xyvHaKAPYv+Gj/ABZ/0C9F/wC/Uv8A8co/4aP8Wf8AQL0X/v1L/wDHK8dooA9i/wCGj/Fn/QL0X/v1L/8AHKP+Gj/Fn/QL0X/v1L/8crx2igD2L/ho/wAWf9AvRf8Av1L/APHKP+Gj/Fn/AEC9F/79S/8AxyvHaKAPYv8Aho/xZ/0C9F/79S//AByvOfFviq/8Z+IJdZ1JIEnkVU2QKVRQowAMkn8zWHRQAUUUUAFFFFABRRRQAUUUUAFFFFABWx4c8Uax4T1Nb/Rr2S2m6Oo5SQejL0IrHooA+g7DXvCPxkt0tNTWPRPFYXbHKv3Jz6DP3v8AdPzDsTzXJSfDPxJD4sh8PyWh82YkpcrkwmMdX3eg9OvIGMkV5UrFWDKSGByCO1epaV8ePFGneFp9JlEd3d7NlvqErfvIh0+YYw5HYn8c0AbfxU8UWPhXw/H8OvDUnyoAdTuFPLseShPqeregwvqK8Rp8ssk0ryyu0kjsWd2OSxPUk9zTKACvffhZZt41+DWs+Fo5oku7e7DwGQnCBirgnAJwSrjp3rwKnJJJESY3ZCeCVOKAPeV+AniL+LU9KH0eQ/8AslPPwJ1SP/X67pkf/fX9QK8EaaV/vSOfqxplAHvh+DljBze+N9LtwOvyr/VxTD4I+G2mfNqnxBt5wv3ltJI8/kpc14NRQB7pN8UfAvgmF4/A+htfX5BUX92CoHvlvnP0AUV5B4h8Sar4p1aTUtYu3uLh+BnhUXsqjoB7VlUUAFFFFABSqzIwZSQwOQR2NJRQB9D/ABe0y+1//hHNa0+wuLr7VYDebeFn29HGcDj75/WvN08IeJZPueHtWb6WUn+FS6X8bPGej6RaaZbXNqYLWJYYjJbhmCKMAE98DAqaT47+PX+7qNsn+7aR/wBQaACL4f8Ai6b7vh3UB/vwlf54rXsPg/4zvZFV9NjtEP8Ay0uJ0AH4KSf0rnJvjT8QZuD4gZR6Jawr/JKxr/4g+MNTRo7vxJqbxt95FuGRT9QuAaAPY9/hX4L2kt1c3kWseLGQrFbxniHI7/3R6k8kdB1rwTV9WvNd1e61TUJjLd3Uhkkc+p7D0A6AdgKpkkkkkknqTSUAFFFFAHXfC3/kp/h7/r8X+Rrr/ijZ3T/EnWWW2mZS6EEISD+7WvMdE1e60DW7PVrIp9ptJRLHvXKkjsR6V6f/AMNG+MP+gfon/fiX/wCOUAcf9hu/+fWf/v2aPsN3/wA+s/8A37Ndh/w0b4w/6B+if9+Jf/jlH/DRvjD/AKB+if8AfiX/AOOUAanxluLm08AeAFimmhY2WGCMVORFF1rxf+09Q/5/rn/v83+NdL44+I+teP8A7ENWis4ks9/lpaxsoJbGSdzE/wAIrkKALX9p6h/z/XP/AH+b/Gj+09Q/5/rn/v8AN/jVWigC1/aeof8AP9c/9/m/xo/tPUP+f65/7/N/jVWigC1/aeof8/1z/wB/m/xr3LXxc3n7PvhJ8SzyfaAWPLHpL1rwOvSfDXxt8UeF/D9ro1nbaXNbWwKxtcQuXwSTglXA7+lAGJ9hu/8An1n/AO/Zo+w3f/PrP/37Ndh/w0b4w/6B+if9+Jf/AI5R/wANG+MP+gfon/fiX/45QB0Hwrgmh8I+O/Nikjzp4xuUjP7uavAa9U1T4/eLdV0q70+S00iKO6haF3igk3BWGDjLkZwfSvK6ACiiigAooooAKKKKACvTPgL/AMlTtP8Ar3m/9BrzOt7wf4qvPBniSDWrKGGaWJWQxzA7WDDB6EGgDf8AFf8AyOGt/wDX/P8A+jGrIr0M/tHa2Tk6BpZP1f8AxpP+Gjda/wChf0r83/xoA1vgT/yHdZ/68f8A2YV4DXs0v7RmvtbyxxaJpkTOpUON5wcdcZ5rxmgAooooAK3PBusf8I/4z0fVS21La6RpD/sZw/8A46TWHRQB9PeNfhDfeJ/FFzrWmahZRQXao5WQt94KASMAgg4B/Guf/wCFCa//ANBXTfzk/wDia8BooA9+/wCFCa//ANBXTfzk/wDiaP8AhQmv/wDQV0385P8A4mvAaKAPfv8AhQmv/wDQV0385P8A4mkPwXhsfm1nxfplkg+8SB/NmWvAqKAPeWf4QeDv3txqE3iS9TkRRfvIyfwwmPqx+lcX44+L2seLLU6XZQppOigbRaW55dR0DsMcf7IAH1rzqigAooooAKKKKACvePhzeJ8Q/hjqHgu7cHU9LXz9PdjyV/hH4ElD/suK8Hrf8F+Kbnwb4qstat1MghYiWLdjzYzwy/l09CAaALMkbxSNHIpV0JVlYYII6g1p6f4Y17VcfYNHvrhT/FHAxX88Yrtrv4/adBcSz6N4JsobiRi7XEzqGZjySQqAk577q57Uvj744vsi3nsrAH/n2tgT+blqANfTvgx4wvsGa2trFT3uZx/JNxrVf4Y+FdA+bxT43tIGX71vAVV/wySx/wC+a8g1Txr4n1rcNR17ULhG6xtOwT/vkHH6VhUAe6P4w+EHhr/kGaLda7cL0knQ7D9fMwPySsnVf2gvEEsP2bQdM0/R7ccJtTzXX6ZAX/x2vIaKANjWvFWv+I33axq95eDOQksp2D6L90fgKx6KKACiiigAooooAKKKKANvRPGPiPw4R/ZGs3logOfLSQmM/VDlT+Veh6Z+0H4iii+z63punatAeH3J5Tt9cZX/AMdryGigD3JPH3wm8Qcav4WuNKnbrJar8i/9+yCf++anTwh8Mdc50Xx0tq7fdS8ZR+ADhDXg1FAHvM/wN1eSLztK1nTL6Ls25kz9MBh+tYd38JPGtpk/2R5yj+KGeNs/hnP6V5RbXlzZSeZa3E0D/wB6Jyp/MV0Vl8SPGmn4EHibU8DoJZzKB+DZoA6rS/hz4mvtctNPudGv7WOaQLJcSW7BI17sWxjp781Z+OfiWCbVrLwhpZC6bosYRlU8GXbjHvtXj6lqy7b46ePoEKvqsM/GAZbSPI/75Arz24uJru6lubiRpJpnMkjsclmJySfxoAiooooAKKKKACiiigAooooAKKKKACiiigCzpv8AyFLT/rsn/oQr3L46W083ji0aKCR1/s6MZVCR/rJK8GjkaKVJEOHRgyn0Ir1tf2jPGKqAbHRWIGMmCTJ/8iUAch9hu/8An1n/AO/Zo+w3f/PrP/37Ndh/w0b4w/6B+if9+Jf/AI5R/wANG+MP+gfon/fiX/45QBu+G4JofgN4z82J48s2N6kZ+VK8Er0vxF8cPFPiXQbvR7u20uG3uk2SNBC4fbnOAWcjt6V5pQAUUUUAFFFFABRRRQAUUUUAFFFFABRRRQAUUUUAFFFFABRRRQAUUUUAFFFFABRRRQAUUUUAFFFFABRRRQAUUUUAFFFFABRRRQAUUUUAFFFFABRRRQAUUUUAFFFFABRRRQAUUUUAFFFFABRRRQAUUUUAFFFFABRRRQAUUUUAFFFFABRRRQAUUUUAFFFFABRRRQAUUUUAFFFFABRRRQAUUUUAFFFFABRRRQAUUUUAFFFFABRRRQAUUUUAFFFFABRRRQAUUUUAFFFFABRRRQAUUUUAFFFFABRRRQAUUUUAFFFFABRRRQAUUUUAFFFFABRRRQAUUUUAFFFFABRRRQAUUUUAFFFFABRRRQAUUUUAFFFFABRRRQAUUUUAFFFFABRRRQAUUUUAFFFFABRRRQAUUUUAFFFFABRRRQAUUUUAFFFFABRRRQAUUUUAFFFFABRRRQAUUUUAFFFFAH//2Q0KZW5kc3RyZWFtDWVuZG9iag02IDAgb2JqDTw8L0NvbnRlbnRzIDcgMCBSIC9NZWRpYUJveCBbMCAwIDk2MCA1NDBdIC9QYXJlbnQgMiAwIFIgL1Jlc291cmNlcyA8PC9FeHRHU3RhdGUgPDwvR1M4IDggMCBSPj4gL0ZvbnQgPDwvRlQxMCAxMCAwIFIgL0ZUMTUgMTUgMCBSPj4gL1hPYmplY3QgPDwvSU0yMCAyMCAwIFIgL0lNMjIgMjIgMCBSIC9JTTkgOSAwIFI+Pj4+IC9UeXBlIC9QYWdlPj4NZW5kb2JqDTcgMCBvYmoNPDwvRmlsdGVyIC9GbGF0ZURlY29kZSAvTGVuZ3RoIDQ5Mj4+DQpzdHJlYW0NCniclVTbatwwEH0v6B/mORDtaKTRBUJgbWdDC3loa+gHlCYQsi1OH/r7HUn2risnJcF4dziaOUc+I82kDKA8l/mPHcL3o5pURpKvwPMP9e0Cfkpefp4fZHl3+zXCw+827f5CfVaokeGPIriT95O8jyUN4cvtqW4qVUWWbdJMWVuC4LP87uNdguEXCJcQVVkpnlQ3qt1hNAhEBsb7KlVYSmScTj4Ak9eGLIxHdeUPvbseHz/cjLKztxOwNhi3BHXLxQHrgSU9wlHQGj3lyBpNTsK8vo7njOJQ2cfJzf9uiLXl+YPotf2srWGwYuyWyDkH1pF27AoNhsRCU7IvpWC4wtTvGySg/xdhMmbr5quabMFG1v6kGQ6Nwn7oWmTfv0PBonwROIo6LiJoYqYk8WumROM3yDan2yDZZzBoz0h4A/O26mWtuYPauATr36Wb25X5rDB4fMkMstJeb4Gc1yHV04uOc8PAnw2OtakrJAXXIF3o2ioaGsQdcMNj25yhZebqxlrLcKt1kxrEV+fXSN+3WtSq77twPkoQxJV50nHQKflimBVfCaPmYOfJQ1hHzwTOBG1sqjVBclMCa1CzjUCy5pNZaqjWrCak3HeK+f4GAmmIXD/PGVmmZB6xLl8OWcCcxE7LnFiW8/MXB5UsYA0KZW5kc3RyZWFtDWVuZG9iag0yNCAwIG9iag08PC9Db250ZW50cyAyNSAwIFIgL01lZGlhQm94IFswIDAgOTYwIDU0MF0gL1BhcmVudCAyIDAgUiAvUmVzb3VyY2VzIDw8L0V4dEdTdGF0ZSA8PC9HUzggOCAwIFI+PiAvRm9udCA8PC9GVDEwIDEwIDAgUiAvRlQxNSAxNSAwIFI+PiAvWE9iamVjdCA8PC9JTTkgOSAwIFI+Pj4+IC9UeXBlIC9QYWdlPj4NZW5kb2JqDTI1IDAgb2JqDTw8L0ZpbHRlciAvRmxhdGVEZWNvZGUgL0xlbmd0aCA1Mjc+Pg0Kc3RyZWFtDQp4nLVU22rcMBB9L+gf5jlQrW6jC4SCvV6HFvLQxtAPKE0gdFs2fejvd2R5Xe/ILcFLMcLD8ejMmSONT0KDoudtfqFT8OUoTiIjyRfg5av4fAPfKS8/L0/0eXf3EOHpJ097vBEfhZIK4ZcwcE/rA63nMU3Bp7t532ncNZZFmySaXJuC4HP53fv7BN0PIC4iKmVp80m0g9j1g1ZgjIbhsZQaWcZIO5l8ADReamNhOIpb3+/x3fD85jCQstcToNQq1gRF8uiA9YCUHuFIaIm+5chqaRyF+fsynjJGh0Yds5v/FITS4tSQqfUsToT4Tcz5wYDz0jnwmJE/p0IeT+vs5RKbhCCElFaEODqcFANoG2QozqjYJ1ICUeUkGLpb5RvDvJpLnZ0rRVxUK0WsTtKTE0amcnpKaZ9LmOTPJZQOl+f5KuYsPypN3GqWnzqXufOGiTskvYU7horbBmTc6Hi1pqtydGRIq3lOiA1HlL9E0GjNcuIh8V1dzxDf4hXOWvQSvSvtN8hlx6r92qLYctl4MFxkshtEYrS1yGg6Rp72aQO5pzGvyFHxo/TdFnvLSFxQr83EFt3TtEX667rwd+p4zbgtyVvX8tudtuie521J/v8Grh6dNqhLxNmmv8IlZ6y0UY+NWFdd+dTySV1ptttz2fyvoLDljTSaI9hUiGO1JoXbbtuy1dXb1szU+fkN2bDOmg0KZW5kc3RyZWFtDWVuZG9iag0yNiAwIG9iag08PC9Db250ZW50cyAyNyAwIFIgL01lZGlhQm94IFswIDAgOTYwIDU0MF0gL1BhcmVudCAyIDAgUiAvUmVzb3VyY2VzIDw8L0V4dEdTdGF0ZSA8PC9HUzggOCAwIFI+PiAvRm9udCA8PC9GVDEwIDEwIDAgUiAvRlQxNSAxNSAwIFI+PiAvWE9iamVjdCA8PC9JTTkgOSAwIFI+Pj4+IC9UeXBlIC9QYWdlPj4NZW5kb2JqDTI3IDAgb2JqDTw8L0ZpbHRlciAvRmxhdGVEZWNvZGUgL0xlbmd0aCA1MzI+Pg0Kc3RyZWFtDQp4nLVU24rbMBB9L/gf5nmhijTSSBpYCnYcLy3sQ1tDP6B0F5amJduH/n4lXxJn5JYsm2KUiOOZOXOOND5UBnR63uY/chq+7qtDlRH2I/D8rfpyAz9SXH6eH9Przd3nCI+/ZNjDTfWx0koT/K4Q7tP6kNbTEKbh090x7zBkDbRkWRFm7rQJPtNv3t8ztD8h1UqFRtqUfKiavtp0vdGAaKB/GKmGKsPOOMU+AKFXBi30++rWd1v/rn96s+tTZ5cXIGV0LAuMLQ8OWA+UwiPsEzruvuedNQpd2ub3y/0UMTg09HF0858NkbI0CcKyn8WJpPoYc3xAcF45B54ycjqV5PG0Zi+X2NQIQWBeacSlw+EYwNigwuiMjh2nTiDqHAR9e6t9jcKrI9Xs3Ejiol4hsSYqRM5eKCIeWbTJegHZzyzahPMjvai4s1E5C2hYOT3V5tbl2jlhqh3YCMQGEgg5mVW3RYyJAmmMjAmxloj25wihkf3EHcusthOIb+h0DipSGu3F7+n45ZvLLLSUxoPH+dI1SVmxsKe0MDZSFu1QimArs7AVCG8LM+ogK2vxBXix7vlenglfu5d8JSKMUdn0LfwrUXwl0TwMS57GNfLK8msFuegLnv83UOVoNEGfI87W3XW8c4hKm0GSdcXl5UbO5IrsdisFyPnX1EhJtZEI1QXiBNfU4TXu5kL36tWsjzz5+QPwfcIBDQplbmRzdHJlYW0NZW5kb2JqDTMxIDAgb2JqDTw8L0JpdHNQZXJDb21wb25lbnQgOCAvQ29sb3JTcGFjZSAvRGV2aWNlR3JheSAvRmlsdGVyIC9GbGF0ZURlY29kZSAvSGVpZ2h0IDQzNyAvTGVuZ3RoIDQzMzkgL01hdHRlIFswIDAgMF0gL1N1YnR5cGUgL0ltYWdlIC9UeXBlIC9YT2JqZWN0IC9XaWR0aCAxMTY1Pj4NCnN0cmVhbQ0KeJzt3Wd320a3gFGXuLf0YjuO4zhxIsmiSv7/X7uXwMygEaRjs8x5qb2/24vSWnjWOQMQunULAAAAAAAAAAAAAAAAAAAAAAAAAAAAAOK6Ddw0tbMzUvuXAQSgQ0AcQgSEETNFd4BjEi9HygMkVXOkQsBEjRwJETDrsDn6VIjuAjfFp4JUJ0W1fytANRVyNJ+iDZ/xK+CY/Lci7b1GcynSHrjR1gRpvzlaTZEMAY2ZHu2xRistmu/QPeCmmC/Svmu0JkUqBDfeSo+mOdpni8YlGn6s+8BNMVekYY72UaO5Fk1CtPpBHwDHZ0OTBjnaV43mVrRBivQHbqhpkaY1urPjGq0bi4YlGn6+h8Cxm0nSbI52WqM1LepLtD5Cj4Bjsj5KfY/2V6PVFo1SNOlQ7d8VcDCTIq3kaMc1WtuirkTTCj0Gjt+0SV2P9lajDS3qSrRSoSfAMVtpUtejDTXaQ4v6sagr0WqEngLHaTVKXY9Gw9FuazRa0kYtSinqQjSXoGfAsZnLUhekLkeTGu1gUdvUokGKBhkaf+7nwDGZDVPpUZejfdToUy0almiuPy+AYzJXpnGPNtdoPy1qp6JcokGGRp/8a+CYzJSpBCn1qB2O9lCjQYyGLXqQWtSmKJeoz9Dgc38DHJuVMpUgpR6l4ag9OBrXaLsYfbpFKUU5RNMCfQscn2mXcpBKjvZTo/GSNm5Rl6JUoj5D5RN/BxyncZZykNoelRxNazRY1HYwGKVnHcvRdWpRk6JUoi5D6cN+DxyzQZVykNoeNTnKNXqYavRVX6MtRqOZJS3NRXlF61KUQ9RX6IehH4FjMLqu+yblIPU5yqvag65G40Vtqxbd6Vt0v7SojEVNilKIugp1n/0n4NiM25SL1PaoyVEejnKN7vc12mpRmy5p98qSllvUp6gtUZeh9Il/Bo7VIEupSG2PuhylGpVF7d50UfvsFv0fwLxffumilILU9CjnaK5G241GtX9aIKyXL1/+0shFanrU5ait0ZMnjx89GhxibzUa1f5pgbBeNV6mJLU96nI0rlF3bDQ6wxYjYEd+fb2Ug9T2KOeo1Ki5pzZY1CajkRgBO/Lm10YXpC5Hy+Eo16g5NhoualvE6HbtnxYI67ff3ix1Qco5KjXqF7WdjEZiBKzz9u3b30qQSo7a4ShtapPR6N52o5EYAev8/vvvqUe/tfNRGY7a2aiN0YvRGfbgCFuMgB169+5d16M0HS1zNKrRYDQa7WmfH6PbYgSs88cf7wY9anNUajQcjUY31L50TxMjYK337/8oPWpy1NXo575G3Wg0OMIWI2C3/nz/vvSoydFyOCo1GsSoG42229PECFjrrz///LPkqFnWco1ejms0G6M7YgTszF9LbY9yjroaTWI0vZ8mRsBOffjwoc9RV6PXXY36PU2MgD36+0PJURqOmhq9eTMzGg33tC+L0W0xAtb6e6nNURqOlrNRc0+tLGrjPS0/hP2lJ9hiBKz3zz//9DnKNWoXtTwaiRFwECfjGpVFrTk1Gh4aDZ80EiNg905Ouhx1NWoXtXY0Gh0arZxgixGwM6cnbY5Kjcqi9mb10Kg5wRYjYE9OT0/LcJRq1I9G7aHRpttpYgTszNlpm6NSo2ZRK6dGr17OnGCLEbAXZ2dnXY0Go1He0yYn2MMvhHz+g0ZiBKz3sa/RYDR6+/bNm/4Ee3w7TYyAPfg4rlE7GpUj7O4E+8WLwRdC8qtnxQjYpY+jGjWj0fv3f0xjNLq3L0bAHpyXGpXRKO9p3Qn2p+7tixGwC+fjGnV7mhgBB3Wea9QsamVPy/fT8u20TzxoJEbALizaGpXRaLyniRFwMIt+NBruaYMYfb/5qUcxAnZhMaxRt6d1MWofNBIjYO8Wi7KopT1tGKPXYgQcymIwGpVDo+ZJo3Rvf/gIthgBe3TR1mi4p+UYvRUj4IAuRnva8AQ7xeinEqNnT8UI2J8mRovRoVF3O02MgMO5uJjG6MNqjL75WoyA/bpoalT2NDECatkQozftl9PECDiElRj9LUZABRfjQyMxAuoQIyAEMQJCECMghMPF6LYYAetdDm6n9V9OG8Tox5k38n/R3yoSI2ADMQJCECMgBDECQhAjIAQxAkIQIyAEMQJCECMgBDECQhAjIAQxAkIQIyAEMQJCECMgBDECQhAjIAQxAkIQIyAEMQJCECMgBDECQhAjIAQxAkIQIyAEMQJCECMgBDECQhAjIAQxAkIQIyAEMQJCECMgBDECQhAjIAQxAkIQIyAEMQJCECMgBDECQhAjIAQxAkIQIyAEMQJCECMgBDECQhAjIIQrMQIiuLoUIyCAq8tLMQLqW8boUoyA6poYXYgRUFsbowsxAioTIyCEFKOFGAF15RgtxAioqsRoIUZATddiBERwfZVjdC5GQEXXV1c5RudiBNQjRkAIyxhd5Rh9FCOgmiZGlzlGZ2IE1NLG6FKMgMrECAhhFKMzMQIqSTG6ECOgrnGMTsUIqCPH6EKMgKrECAhBjIAQSowuUoxOxAioQoyAEP4VIyCCLkYLMQIqEiMghGmMTsQIqEGMgBDECAjh32sxAgIQIyAEMQJCECMgBDECQhAjIAQxAkLwnBEQghgBIYgREIJv7QMhiBEQghgBIXjtLBCCF/IDIUxi5O+mAXX4I45ACGIEhCBGQAg5RosUoxMxAuoQIyCEFKOFGAF1jWJ0KkZAJW2MLsQIqGwYo1MxAmppYnQhRkBtgxidiRFQTfM+fjECqrtOz18vmtcZiRFQzfWlGAEBdDH6KEZARVc5RudiBNQkRkAIOUbnYgRUlWJ0LkZAXWIEhNDGaCFGQGViBITQxGghRkBt5Z2zYgRUJUZACOk7+2IEVCZGQAhXF2IEBCBGQAhiBIQgRkAIYgSEIEZACGIEhCBGQAhiBITgCWwgBDECQhAjIASvEAFC8KZHIAQxAkLwQn4gBDECQvBHHIEQUowWYgTUJUZACDlGCzECqhIjIITrHKOFGAE1XV/lGJ2LEVCRGAEhXF9d5RidixFQzzJGV2IEVNfE6DLF6KMYAdUMY3QmRkAtbYwuxQioTIyAEFKMLlKMzsQIqESMgBByjC5SjE7FCKhDjIAQxAgIocToQoyAmsQICOHfcYxOxAioQoyAEMQICKGL0UKMgIrECAjh32sxAgIQIyAEMQJCmMboRIyAGsQICEGMgBD6GC3ECKhHjIAQ/r2+FiOgPjECQhAjIARnRkAIYgSEIEZACGIEhOAJbCAEMQJCECMghOlrZ8UIqEKMgBC8kB8Iwd9NA0K4FiMgAjECQigxWogRUNMkRv+IEVCFGAEh5BgtxAioahyjEzEC6kgxWogRUFcbo4sco1MxAioRIyCEJkYXOUanYgTU0rzOKMfoTIyAatJfTRMjoLLryxKjj2IE1NPF6KMYARVdiREQQYnRuRgBNeUYnYsRUFWK0bkYAXWJERBCG6OFGAGVNTFaiBFQW3mZkRgBVaVvpokRUFn7x2TFCKhNjIAQxAgIQYyAEMQICEGMgBDECAhBjIAQxAgIQYyAEMQICEGMgBDECAhBjIAQxAgIQYyAEMQICEGMgBDECAhBjIAQxAgIQYyAEA4Xo1tiBKzXtmjRtqiN0d/TGP3Qxuj5szZGDx8+uN/G6G4bo89qkRgBG4gREIIYASGIERCCGAEhDG6mnZ2eiBFQyUqMPogRUMGGGP36+tUvYgQcxvjISIyASpoWjWP012qMmgewxQjYpzQYdTfTBjF6I0bA4ZQtbRCjP98vY/Q2x+jHEqOnT8QI2J8yGI3u7Dcx+k2MgAMabWnjO/u/vn6ZYvSNGAH7NhiM0pY2iNErMQIOZdii0fl1itFPyxh9K0bA3pUlLW9pzZHRJEb9u9XECNibfjAabGndt0HECDiQ3KLJlvbu9/Zm2uSts4/bt86KEbAH4xaNtjQxAg6ntCgPRvkpo+7Ofv5q2vh9/Pe+6H38YgRsMGpRv6WNY/TixTMxAvZq3KJuS3v7pj2/HjyAvfVfKhIjYIO+Re2S1t9L+/X1+DGj0fdkxQjYsSZFuUX9YDQ4v+7v7M8/8yhGwE60KepaVAaj7shocjNNjIA9aVLUnhflFvXH16+mN9Nm7+yLEbATZSxKLRoORt359fjOvhgB+9ClqG9RGoza1zyOz69zjL4SI2Dnxi3KS1q3pa2cX3d39sUI2Km/+xSVFjWD0eqR0fYxuiVGwFpNiZYpSmNRWdL6wWjTzbTPfMxIjIANSoraFr1rW5ROjF4Oj4xmz6/FCNidv/oU9S2aGYzECNirVKKSor5Fm7Y0MQJ2rilRSlEzFpUWTQaj+Rh97vm1GAHrlRK1KWrPrnOLRoPR+Mho8DVZMQJ2o5SoTVHfosFgNNjSVo+MPitGt8QIWGdQopSirkUrg9G2W5oYAet1JWpT1I5F4xbN3ksTI2DHykyUpqLUop9//qld0qaDUffK2S/c0sQIWKuEqE9Re3a9bFFe0oZfBVm5sf+ZMbpV+6cFwmo7lELUpahr0XQw2u74WoyA9ZoO5RAtS1RSlHa08TNGOxiMxAhY51UOUSpRSVHXotHp9fD4WoyAnUoZakO0LFGfokmL5gcjMQJ2JWWo6dAyRMsS9SlKLRotaf2J0RfG6Fb6Z81/sPyPlmlb/p/37z948PDho8ePnzx9+uz58xcvvv76m2++/fa77777/vvl5/nhx8ZPrZ+BY5Uu8vZ6/yGXqKRotkXbDUbDGHU1ut/W6FGu0SBHqUepSClJfZaAI9Jd3z+kDuUS9SnKLRocGG07GE1Go1KjB6VGT3KN2hw1PWqC1BYpN6n4ETgGo+s6XerfpRAtS9SmKLXoSWnR4MBoq8GoxGiwqH1VFrWHqUZ9jpoetUFqi1SaBBypdKF/m0O0LFGXotSih4PD6/GS9kUxmlvU8mxUatTmKPeoDVJOUlcl4OiUizxd8l+XErUpKi16sHJgtMVgNB2NJjXqc5R71AapJGmYJeCI9Jd4uuRflBJ1KVpp0daD0X+pUc5R06M2SCVJky4BR2JwhadL/nkqUUrRvlo0jNGoRukOf85R6VEbpJKkFytlAv73ja7vdMk/60vUpijf05+0aNsYba5ROxx1PUpBKkl6PlMm4H/d6PrO1/zTrkRpLNpLi0qM1tdo3KM+SXNlAv7XjS/wfNX3JfpUi7aI0cYaDXPU9qhP0lyYgCMwusbzdf94lKL9tGi8qI1rlHPU9igFqUvSSpaA4zG4zvOV/yiXKKdo2qLtl7S1NeqHozZHqUddkcZRAo5Pf7Hnq/9hTlE/Fu28ReNFbVKjNkepRyVIoyYBR6u/5B92JRqMRast2jpG62vU5ij1KAdp1CTgyHXX/YOuRE2K9tWiuRqNc5R7NCiSNMFxWr3Iy+V/fyVFu2/R2hq1Oco96oI0HyXgyAwv+ft9idoU7a1F0xpNc1R6NEkScPT6i//ebIp23aK+RivDUc7RqEjKBEds9VLvKvDVurFody2ar1HO0SBIs00CjtTw0i85uLvnFq3UKOeo69G4SMAN0mfg7t25FW23LRrUaJKjQY80CW6U8cV/d02Kdt2imRp1OVopEnCjDFpwZ/8tGtaoy9GwR5IEN884AXdWU7SPFq3J0TRI6gTHa8PVPmjC3lM0rtEwR5uLBBy3cQxuH6JFG3MkSnDDzCXgUCma5mg+SMCNNI7DvlO0miNBAu5Ms3CIFM3lSJPgppqtwaFStDZH+gTH7b9d+IdM0X/PEXDDHDpFggSsqBMiRQJ6lTs0VvuXARxc7ewAAAAAAAAAAAAAAAAAAAAAAAAAAAAQ1P8DEiOGvw0KZW5kc3RyZWFtDWVuZG9iag0zMCAwIG9iag08PC9CaXRzUGVyQ29tcG9uZW50IDggL0NvbG9yU3BhY2UgL0RldmljZVJHQiAvRmlsdGVyIC9EQ1REZWNvZGUgL0hlaWdodCA0MzcgL0xlbmd0aCAxNDk4NCAvU01hc2sgMzEgMCBSIC9TdWJ0eXBlIC9JbWFnZSAvVHlwZSAvWE9iamVjdCAvV2lkdGggMTE2NT4+DQpzdHJlYW0NCv/Y/+AAEEpGSUYAAQEAAAEAAQAA/9sAQwAIBgYHBgUIBwcHCQkICgwUDQwLCwwZEhMPFB0aHx4dGhwcICQuJyAiLCMcHCg3KSwwMTQ0NB8nOT04MjwuMzQy/9sAQwEJCQkMCwwYDQ0YMiEcITIyMjIyMjIyMjIyMjIyMjIyMjIyMjIyMjIyMjIyMjIyMjIyMjIyMjIyMjIyMjIyMjIy/8AAEQgBtQSNAwEiAAIRAQMRAf/EAB8AAAEFAQEBAQEBAAAAAAAAAAABAgMEBQYHCAkKC//EALUQAAIBAwMCBAMFBQQEAAABfQECAwAEEQUSITFBBhNRYQcicRQygZGhCCNCscEVUtHwJDNicoIJChYXGBkaJSYnKCkqNDU2Nzg5OkNERUZHSElKU1RVVldYWVpjZGVmZ2hpanN0dXZ3eHl6g4SFhoeIiYqSk5SVlpeYmZqio6Slpqeoqaqys7S1tre4ubrCw8TFxsfIycrS09TV1tfY2drh4uPk5ebn6Onq8fLz9PX29/j5+v/EAB8BAAMBAQEBAQEBAQEAAAAAAAABAgMEBQYHCAkKC//EALURAAIBAgQEAwQHBQQEAAECdwABAgMRBAUhMQYSQVEHYXETIjKBCBRCkaGxwQkjM1LwFWJy0QoWJDThJfEXGBkaJicoKSo1Njc4OTpDREVGR0hJSlNUVVZXWFlaY2RlZmdoaWpzdHV2d3h5eoKDhIWGh4iJipKTlJWWl5iZmqKjpKWmp6ipqrKztLW2t7i5usLDxMXGx8jJytLT1NXW19jZ2uLj5OXm5+jp6vLz9PX29/j5+v/aAAwDAQACEQMRAD8A+f6KKKACiiigAooooAKKKKACiiigAooooAKKKKACiiigAooooAKKKKACiiigAooooAKKKKACiiigAooooAKKKKACiiigAooooAKKKKACiiigAooooAKKKKACiiigAooooAKKKKACiiigAooooAKKKKACiiigAooooAKKKKACiiigAooooAKKKKACiiigAooooAKKKKACiiigAooooAKKKKACiiigAooooAKKKKACiiigAooooAKKKKACiiigAooooAKKKKACiiigAooooAKKKKACiiigAooooAKKKKACiiigAooooAKKKKACiiigAooooAKKKKACiiigAooooAKKKKACiiigAooooAKKKKACiiigAooooAKKKKACiiigAooooAKKKKACiiigAooooAKKKKACiijFABRS4ooASilooASilooASilooASilooASilooASilooASilooASilooASilooASilooASilooASilooASilooASilooASilooASilooASilooASilooASilooASilooASilooASilooASilooASilooASilooASilooASilooASilooASilooASilooASilooASilooASilooASilooASilooASilooASilooASilooASilooASilooASilooASilooASilooASilooASilooASilooASilooASilooASilooASilooASilooASilooASilooASilooASilooASilooASilooASilooASilooASilooASilooASilooASilooASiloxQAlFGKKACiiigAooooAKKKKACiiigAooooAKKKWgApcUAU4CgBuKXFPxS7aAI8UuKfto20AMxRipNtG2gCPFGKk20baAI8UYqTbRtoAjxRipNtG2gCPFGKk20baAI8UYqTbRtoAjxRipNtG2gCPFGKk20baAI8UYqTbRtoAjxRipNtG2gCPFGKk20baAI8UYqTbRtoAjxRipNtG2gCPFGKk20baAI8UYqTbRtoAjxRipNtG2gCPFGKk20baAI8UYqTbRtoAjxRipNtG2gCPFGKk20baAI8UYqTbRtoAjxRipNtG2gCPFGKk20baAI8UYqTbRtoAjxRipNtG2gCPFGKk20baAI8UYqTbRtoAjxRipNtG2gCPFGKk20baAI8UYqTbRtoAjxRipNtG2gCPFGKk20baAI8UYqTbRtoAjxRipNtG2gCPFGKk20baAI8UYqTbRtoAjxRipNtG2gCPFGKk20baAI8UYqTbRtoAjxRipNtG2gCPFGKk20baAI8UYqTbRtoAjxRipNtG2gCPFGKk20baAI8UYqTbRtoAjxRipNtG2gCPFGKk20baAI8UYqTbRtoAjxRipNtG2gCPFGKk20baAI8UYqTbRtoAjxRipNtG2gCPFGKk20baAI8UYqTbRtoAjxRipNtG2gCPFGKk20baAI8UYqTbRtoAjxRipNtG2gCPFGKk20baAI8UYqTbRtoAjxRipNtG2gCPFJipNtG2gCPFJipNtJigBmKSnkU0igBtFLSUAFFFFABRRRQAUUUUAFbkHgvxVdW8Vxb+GtZmglQPHJHYSsrqRkEELggjnNYdfb/gT/AJJ54a/7BVr/AOiloA+Qf+EE8X/9Cprn/gul/wDiaUeBPF//AEKuuf8Agul/+Jr7dooA+JB4E8X/APQq65/4L5f/AImnDwL4u/6FbW//AAXy/wDxNfbNFAHxQPAvi3/oVtb/APBfL/8AE07/AIQXxb/0K2t/+C+X/wCJr7VooA+Kv+EF8W/9Ctrf/gvl/wDiaX/hBfFv/Qr63/4L5f8A4mvtSigD4r/4QXxb/wBCvrf/AIL5f/iaP+EF8W/9Cvrf/gvl/wDia+1KKAPiv/hBfFv/AEK+t/8Agvl/+Jo/4QXxb/0K+t/+C+X/AOJr7UooA+K/+EF8W/8AQr63/wCC+X/4mj/hBfFv/Qr63/4L5f8A4mvtSigD4r/4QXxb/wBCvrf/AIL5f/iaP+EF8W/9Cvrf/gvl/wDia+1KKAPiv/hBfFv/AEK+t/8Agvl/+Jo/4QXxb/0K+t/+C+X/AOJr7UooA+K/+EF8W/8AQr63/wCC+X/4mj/hBfFv/Qr63/4L5f8A4mvtSigD4r/4QXxb/wBCvrf/AIL5f/iaP+EF8W/9Cvrf/gvl/wDia+1KKAPiv/hBfFv/AEK+t/8Agvl/+Jo/4QXxb/0K+t/+C+X/AOJr7UooA+K/+EF8W/8AQr63/wCC+X/4mj/hBfFv/Qr63/4L5f8A4mvtSigD4r/4QXxb/wBCvrf/AIL5f/iaP+EF8W/9Cvrf/gvl/wDia+1KKAPiv/hBfFv/AEK+t/8Agvl/+Jo/4QXxb/0K+t/+C+X/AOJr7UooA+K/+EF8W/8AQr63/wCC+X/4mj/hBfFv/Qr63/4L5f8A4mvtSigD4r/4QXxb/wBCvrf/AIL5f/iaP+EF8W/9Cvrf/gvl/wDia+1KKAPiv/hBfFv/AEK+t/8Agvl/+Jo/4QXxb/0K+t/+C+X/AOJr7UooA+K/+EF8W/8AQr63/wCC+X/4mj/hBfFv/Qr63/4L5f8A4mvtSigD4r/4QXxb/wBCvrf/AIL5f/iaP+EF8W/9Cvrf/gvl/wDia+1KKAPiv/hBfFv/AEK+t/8Agvl/+Jo/4QXxb/0K+t/+C+X/AOJr7UooA+K/+EF8W/8AQr63/wCC+X/4mj/hBfFv/Qr63/4L5f8A4mvtSigD4r/4QXxb/wBCvrf/AIL5f/iaP+EF8W/9Cvrf/gvl/wDia+1KKAPiv/hBfFv/AEK+t/8Agvl/+Jo/4QXxb/0K+t/+C+X/AOJr7UooA+K/+EF8W/8AQr63/wCC+X/4mj/hBfFv/Qr63/4L5f8A4mvtSigD4r/4QXxb/wBCvrf/AIL5f/iaP+EF8W/9Cvrf/gvl/wDia+1KKAPiv/hBfFv/AEK+t/8Agvl/+Jo/4QXxb/0K+t/+C+X/AOJr7UooA+K/+EF8W/8AQr63/wCC+X/4mj/hBfFv/Qr63/4L5f8A4mvtSigD4r/4QXxb/wBCvrf/AIL5f/iaP+EF8W/9Cvrf/gvl/wDia+1KKAPiv/hBfFv/AEK+t/8Agvl/+Jo/4QXxb/0K+t/+C+X/AOJr7UooA+K/+EF8W/8AQr63/wCC+X/4mj/hBfFv/Qr63/4L5f8A4mvtSigD4r/4QXxb/wBCvrf/AIL5f/iaP+EF8W/9Cvrf/gvl/wDia+1KKAPiv/hBfFv/AEK+t/8Agvl/+Jo/4QXxb/0K+t/+C+X/AOJr7UooA+K/+EF8W/8AQr63/wCC+X/4mj/hBfFv/Qr63/4L5f8A4mvtSigD4r/4QXxb/wBCvrf/AIL5f/iaP+EF8W/9Cvrf/gvl/wDia+1KKAPiv/hBfFv/AEK+t/8Agvl/+Jo/4QXxb/0K+t/+C+X/AOJr7UooA+K/+EF8W/8AQr63/wCC+X/4mj/hBfFv/Qr63/4L5f8A4mvtSigD4r/4QXxb/wBCvrf/AIL5f/iaP+EF8W/9Cvrf/gvl/wDia+1KKAPiv/hBfFv/AEK+t/8Agvl/+Jo/4QXxb/0K+t/+C+X/AOJr7UooA+K/+EF8W/8AQr63/wCC+X/4mj/hBfFv/Qr63/4L5f8A4mvtSigD4r/4QXxb/wBCvrf/AIL5f/iaP+EF8W/9Cvrf/gvl/wDia+1KKAPiv/hBfFv/AEK+t/8Agvl/+Jo/4QXxb/0K+t/+C+X/AOJr7UooA+K/+EF8W/8AQr63/wCC+X/4mj/hBfFv/Qr63/4L5f8A4mvtSigD4r/4QXxb/wBCvrf/AIL5f/iaP+EF8W/9Cvrf/gvl/wDia+1KKAPiv/hBfFv/AEK+t/8Agvl/+Jo/4QXxb/0K+t/+C+X/AOJr7UooA+K/+EF8W/8AQr63/wCC+X/4mj/hBfFv/Qr63/4L5f8A4mvtSigD4r/4QXxb/wBCvrf/AIL5f/iaP+EF8W/9Cvrf/gvl/wDia+1KKAPiv/hBfFv/AEK+t/8Agvl/+Jo/4QXxb/0K+t/+C+X/AOJr7UooA+K/+EF8W/8AQr63/wCC+X/4mj/hBfFv/Qr63/4L5f8A4mvtSigD4r/4QXxb/wBCvrf/AIL5f/iaP+EF8W/9Cvrf/gvl/wDia+1KKAPiv/hBfFv/AEK+t/8Agvl/+Jo/4QXxb/0K+t/+C+X/AOJr7UooA+K/+EF8W/8AQr63/wCC+X/4mj/hBfFv/Qr63/4L5f8A4mvtSigD4r/4QXxb/wBCvrf/AIL5f/iaP+EF8W/9Cvrf/gvl/wDia+1KKAPiv/hBfFv/AEK+t/8Agvl/+Jo/4QXxb/0K+t/+C+X/AOJr7UooA+K/+EF8W/8AQr63/wCC+X/4mj/hBfFv/Qr63/4L5f8A4mvtSigD4r/4QXxb/wBCvrf/AIL5f/iaP+EF8W/9Cvrf/gvl/wDia+1KKAPiv/hBfFv/AEK+t/8Agvl/+Jo/4QXxb/0K+t/+C+X/AOJr7UooA+K/+EF8W/8AQr63/wCC+X/4mj/hBfFv/Qr63/4L5f8A4mvtSigD4r/4QXxb/wBCvrf/AIL5f/iaP+EF8W/9Cvrf/gvl/wDia+1KKAPiv/hBfFv/AEK+t/8Agvl/+Jo/4QXxb/0K+t/+C+X/AOJr7UooA+K/+EF8W/8AQr63/wCC+X/4mj/hBfFv/Qr63/4L5f8A4mvtSigD4r/4QXxb/wBCvrf/AIL5f/iaP+EF8W/9Cvrf/gvl/wDia+1KKAPiv/hBfFv/AEK+t/8Agvl/+Jo/4QXxb/0K+t/+C+X/AOJr7UooA+K/+EF8W/8AQr63/wCC+X/4mj/hBfFv/Qr63/4L5f8A4mvtSigD4r/4QXxb/wBCvrf/AIL5f/iaP+EF8W/9Cvrf/gvl/wDia+1KKAPiv/hBfFv/AEK+t/8Agvl/+JrA219518JlaAK+2kK1OVppWgCuVphFTkVGRQBERSU8imGgBKKKKACiiigAooooAK+3/An/ACTzw1/2CrX/ANFLXxBX2/4E/wCSeeGv+wVa/wDopaAOgooooAKKKKACiiigAooooAKKKKACiiigAooooAKKKKACiiigAooooAKKKKACiiigAooooAKKKKACiiigAooooAKKKKACiiigAooooAKKKKACiiigAooooAKKKKACiiigAooooAKKKKACiiigAooooAKKKKACiiigAooooAKKKKACiiigAooooAKKKKACiiigAooooAKKKKACiiigAooooAKKKKACiiigAooooAKKKKACiiigAooooAKKKKACiiigAooooAKKKKACiiigAooooAKKKKACiiigAooooAKKKKACiiigAooooAKKKKACiiigAooooAKKKKACiiigAooooAKKKKACvhcivuivhsigCIioyKmIpjCgCBhUTCp2FQtQBEaYakNRmgBpopTSUAFFFFABRRRQAV9v+BP+SeeGv+wVa/8Aopa+IK+3/An/ACTzw1/2CrX/ANFLQB0FFFFABRRRQAUUUUAFFFFABRRRQAUUUUAFFFFABRRRQAUUUUAFFFFABRRRQAUUUUAFFFFABRRRQAUUUUAFFFFABRRRQAUUUUAFFFFABRRRQAUUUUAFFFFABRRRQAUUUUAFFFFABRRRQAUUUUAFFFFABRRRQAUUUUAFFFFABRRRQAUUUUAFFFFABRRRQAUUUUAFFFFABRRRQAUUUUAFFFFABRRRQAUUUUAFFFFABRRRQAUUUUAFFFFABRRRQAUUUUAFFFFABRRRQAUUUUAFFFFABRRRQAUUUUAFFFFABRRRQAUUUUAFFFFABRRRQAUUUUAFFFFABRRRQAUUUUAFFFFABRRRQAV8OkV9xV8PGgCM0xqkNRtQBC9QtU7VA1AERphp7Uw0ANNJSmkoAKKKKACiiigAr7f8Cf8AJPPDX/YKtf8A0UtfEFfb/gT/AJJ54a/7BVr/AOiloA6CiiigAooooAKKKKACiiigAooooAKKKKACiiigAooooAKKKKACiiigAooooAKKKKACiiigAooooAKKKKACiiigAooooAKKKKACiiigAooooAKKKKACiiigAooooAKKKKACiiigAooooAKKKKACiiigAooooAKKKKACiiigAooooAKKKKACiiigAooooAKKKKACiiigAooooAKKKKACiiigAooooAKKKKACiiigAooooAKKKKACiiigAooooAKKKKACiiigAooooAKKKKACiiigAooooAKKKKACiiigAooooAKKKKACiiigAooooAKKKKACiiigAooooAKKKKACiiigAooooAK+HjX3DXw8aAGmo2qQ1G1AEL1C1TPULUAQtTDT2phoAaaSlpKACiiigAooooAK+3/An/JPPDX/AGCrX/0UtfEFfb/gT/knnhr/ALBVr/6KWgDoKKKKACiiigAooooAKKKKACiiigAooooAKKKKACiiigAooooAKKKKACiiigAooooAKKKKACiiigAooooAKKKKACiiigAooooAKKKKACiiigAooooAKKKKACiiigAooooAKKKKACiiigAooooAKKKKACiiigAooooAKKKKACiiigAooooAKKKKACiiigAooooAKKKKACiiigAooooAKKKKACiiigAooooAKKKKACiiigAooooAKKKKACiiigAooooAKKKKACiiigAooooAKKKKACiiigAooooAKKKKACiiigAooooAKKKKACiiigAooooAKKKKACiiigAooooAKKKKACiiigAr4eNfcNfDxoAaajapDUbUAQvULVM9QtQBC1MNPamGgBtJS0lABRRRQAUUUUAFfb/gT/knnhr/ALBVr/6KWviCvt/wJ/yTzw1/2CrX/wBFLQB0FFFFABRRRQAUUUUAFFFFABRRRQAUUUUAFFFFABRRRQAUUUUAFFFFABRRRQAUUUUAFFFFABRRRQAUUUUAFFFFABRRRQAUUUUAFFFFABRRRQAUUUUAFFFFABRRRQAUUUUAFFFFABRRRQAUUUUAFFFFABRRRQAUUUUAFFFFABRRRQAUUUUAFFFFABRRRQAUUUUAFFFFABRRRQAUUUUAFFFFABRRRQAUUUUAFFFFABRRRQAUUUUAFFFFABRRRQAUUUUAFFFFABRRRQAUUUUAFFFFABRRRQAUUUUAFFFFABRRRQAUUUUAFFFFABRRRQAUUUUAFFFFABRRRQAUUUUAFFFFABRRRQAV8PGvuGvh40ANNRtUhqNqAIXqFqmeoWoAhamGntTDQA2kpaSgAooooAKKKKACvt/wJ/yTzw1/2CrX/wBFLXxBX2/4E/5J54a/7BVr/wCiloA6CiiigAooooAKKKKACiiigAooooAKKKKACiiigAooooAKKKKACiiigAooooAKKKKACiiigAooooAKKKKACiiigAooooAKKKKACiiigAooooAKKKKACiiigAooooAKKKKACiiigAooooAKKKKACiiigAooooAKKKKACiiigAooooAKKKKACiiigAooooAKKKKACiiigAooooAKKKKACiiigAooooAKKKKACiiigAooooAKKKKACiiigAooooAKKKKACiiigAooooAKKKKACiiigAooooAKKKKACiiigAooooAKKKKACiiigAooooAKKKKACiiigAooooAKKKKACiiigAooooAK+HjX3DXw8aAGmo2qQ1G1AEL1C1TPULUAQtTDT2phoAbSUtJQAUUUUAFFFFABX2/4E/5J54a/7BVr/wCilr4gr7f8Cf8AJPPDX/YKtf8A0UtAHQUUUUAFFFFABRRRQAUUUUAFFFFABRRRQAUUUUAFFFFABRRRQAUUUUAFFFFABRRRQAUUUUAFFFFABRRRQAUUUUAFFFFABRRRQAUUUUAFFFFABRRRQAUUUUAFFFFABRRRQAUUUUAFFFFABRRRQAUUUUAFFFFABRRRQAUUUUAFFFFABRRRQAUUUUAFFFFABRRRQAUUUUAFFFFABRRRQAUUUUAFFFFABRRRQAUUUUAFFFFABRRRQAUUUUAFFFFABRRRQAUUUUAFFFFABRRRQAUUUUAFFFFABRRRQAUUUUAFFFFABRRRQAUUUUAFFFFABRRRQAUUUUAFFFFABRRRQAUUUUAFFFFABXw+1fcFfD5oAYajapDUbUAQvULVM9QtQBC1MNPamGgBtJS0lABRRRQAUUUUAFfb/gT/AJJ54a/7BVr/AOilr4gr7f8AAn/JPPDX/YKtf/RS0AdBRRRQAUUUUAFFFFABRRRQAUUUUAFFFFABRRRQAUUUUAFFFFABRRRQAUUUUAFFFFABRRRQAUUUUAFFFFABRRRQAUUUUAFFFFABRRRQAUUUUAFFFFABRRRQAUUUUAFFFFABRRRQAUUUUAFFFFABRRRQAUUUUAFFFFABRRRQAUUUUAFFFFABRRRQAUUUUAFFFFABRRRQAUUUUAFFFFABRRRQAUUUUAFFFFABRRRQAUUUUAFFFFABRRRQAUUUUAFFFFABRRRQAUUUUAFFFFABRRRQAUUUUAFFFFABRRRQAUUUUAFFFFABRRRQAUUUUAFFFFABRRRQAUUUUAFFFFABRRRQAUUUUAFfD5r7gr4fNADGqNqkao2oAheoWqZ6hagCFqYae1MNADaSlpKACiiigAooooAK+3/An/JPPDX/AGCrX/0UtfEFfb/gT/knnhr/ALBVr/6KWgDoKKKKACiiigAooooAKKKKACiiigAooooAKKKKACiiigAooooAKKKKACiiigAooooAKKKKACiiigAooooAKKKKACiiigAooooAKKKKACiiigAooooAKKKKACiiigAooooAKKKKACiiigAooooAKKKKACiiigAooooAKKKKACiiigAooooAKKKKACiiigAooooAKKKKACiiigAooooAKKKKACiiigAooooAKKKKACiiigAooooAKKKKACiiigAooooAKKKKACiiigAooooAKKKKACiiigAooooAKKKKACiiigAooooAKKKKACiiigAooooAKKKKACiiigAooooAKKKKACiiigAr4fNfcFfD56UAMao2qQ1G1AEL1C1TPULUAQtTDT2phoAbSUtJQAUUUUAFFFFABX2/4E/5J54a/wCwVa/+ilr4gr7f8Cf8k88Nf9gq1/8ARS0AdBRRRQAUUUUAFFFFABRRRQAUUUUAFFFFABRRRQAUUUUAFFFFABRRRQAUUUUAFFFFABRRRQAUUUUAFFFFABRRRQAUUUUAFFFFABRRRQAUUUUAFFFFABRRRQAUUUUAFFFFABRRRQAUUUUAFFFFABRRRQAUUUUAFFFFABRRRQAUUUUAFFFFABRRRQAUUUUAFFFFABRRRQAUUUUAFFFFABRRRQAUUUUAFFFFABRRRQAUUUUAFFFFABRRRQAUUUUAFFFFABRRRQAUUUUAFFFFABRRRQAUUUUAFFFFABRRRQAUUUUAFFFFABRRRQAUUUUAFFFFABRRRQAUUUUAFFFFABRRRQAUUUUAFfDxr7hr4eNADTUbVIajagCF6hapnqFqAIWphp7Uw0ANpKWkoAKKKKACiiigAr7f8Cf8k88Nf9gq1/8ARS18QV9v+BP+SeeGv+wVa/8AopaAOgooooAKKKKACiiigAooooAKKKKACiiigAooooAKKKKACiiigAooooAKKKKACiiigAooooAKKKKACiiigAooooAKKKKACiiigAooooAKKKKACiiigAooooAKKKKACiiigAooooAKKKKACiiigAooooAKKKKACiiigAooooAKKKKACiiigAooooAKKKKACiiigAooooAKKKKACiiigAooooAKKKKACiiigAooooAKKKKACiiigAooooAKKKKACiiigAooooAKKKKACiiigAooooAKKKKACiiigAooooAKKKKACiiigAooooAKKKKACiiigAooooAKKKKACiiigAooooAKKKKACvh419w18PGgBpqNqkNRtQBC9QtUz1C1AELUw09qYaAG0lLSUAFFFFABRRRQAV9v+BP+SeeGv+wVa/8Aopa+IK+3/An/ACTzw1/2CrX/ANFLQB0FFFFABRRRQAUUUUAFFFFABRRRQAUUUUAFFFFABRRRQAUUUUAFFFFABRRRQAUUUUAFFFFABRRRQAUUUUAFFFFABRRRQAUUUUAFFFFABRRRQAUUUUAFFFFABRRRQAUUUUAFFFFABRRRQAUUUUAFFFFABRRRQAUUUUAFFFFABRRRQAUUUUAFFFFABRRRQAUUUUAFFFFABRRRQAUUUUAFFFFABRRRQAUUUUAFFFFABRRRQAUUUUAFFFFABRRRQAUUUUAFFFFABRRRQAUUUUAFFFFABRRRQAUUUUAFFFFABRRRQAUUUUAFFFFABRRRQAUUUUAFFFFABRRRQAUUUUAFFFFABRRRQAV8PGvuGvh9qAGGo2qQ1G1AEL1C1TPULUAQtTDT2phoAbSUtJQAUUUUAFFFFABX2/4E/wCSeeGv+wVa/wDopa+IK+3/AAJ/yTzw1/2CrX/0UtAHQUUUUAFFFFABRRRQAUUUUAFFFFABRRRQAUUUUAFFFFABRRRQAUUUUAFFFFABRRRQAUUUUAFFFFABRRRQAUUUUAFFFFABRRRQAUUUUAFFFFABRRRQAUUUUAFFFFABRRRQAUUUUAFFFFABRRRQAUUUUAFFFFABRRRQAUUUUAFFFFABRRRQAUUUUAFFFFABRRRQAUUUUAFFFFABRRRQAUUUUAFFFFABRRRQAUUUUAFFFFABRRRQAUUUUAFFFFABRRRQAUUUUAFFFFABRRRQAUUUUAFFFFABRRRQAUUUUAFFFFABRRRQAUUUUAFFFFABRRRQAUUUUAFFFFABRRRQAUUUUAFFFFABXw+a+4K+HzQAxqjapGqNqAIXqFqmeoWoAhamGntTDQA2kpaSgAooooAKKKKACvt/wJ/yTzw1/wBgq1/9FLXxBX2/4E/5J54a/wCwVa/+iloA6CiiigAooooAKKKKACiiigAooooAKKKKACiiigAooooAKKKKACiiigAooooAKKKKACiiigAooooAKKKKACiiigAooooAKKKKACiiigAooooAKKKKACiiigAooooAKKKKACiiigAooooAKKKKACiiigAooooAKKKKACiiigAooooAKKKKACiiigAooooAKKKKACiiigAooooAKKKKACiiigAooooAKKKKACiiigAooooAKKKKACiiigAooooAKKKKACiiigAooooAKKKKACiiigAooooAKKKKACiiigAooooAKKKKACiiigAooooAKKKKACiiigAooooAKKKKACiiigAooooAK+IGr7fr4fNADGqNqkao2oAheoWqZ6hagCFqYae1MNADaSlpKACiiigAooooAK+3/An/ACTzw1/2CrX/ANFLXxBX2/4E/wCSeeGv+wVa/wDopaAOgooooAKKKKACiiigAooooAKKKKACiiigAooooAKKKKACiiigAooooAKKKKACiiigAooooAKKKKACiiigAooooAKKKKACiiigAooooAKKKKACiiigAooooAKKKKACiiigAooooAKKKKACiiigAooooAKKKKACiiigAooooAKKKKACiiigAooooAKKKKACiiigAooooAKKKKACiiigAooooAKKKKACiiigAooooAKKKKACiiigAooooAKKKKACiiigAooooAKKKKACiiigAooooAKKKKACiiigAooooAKKKKACiiigAooooAKKKKACiiigAooooAKKKKACiiigAooooAKKKKACvh819wV8PmgBhqNqkNRtQBC9QtUz1C1AELUw09qYaAG0lLSUAFFFFABRRRQAV9v+BP8Aknnhr/sFWv8A6KWviCvt/wACf8k88Nf9gq1/9FLQB0FFFFABRRRQAUUUUAFFFFABRRRQAUUUUAFFFFABRRRQAUUUUAFFFFABRRRQAUUUUAFFFFABRRRQAUUUUAFFFFABRRRQAUUUUAFFFFABRRRQAUUUUAFFFFABRRRQAUUUUAFFFFABRRRQAUUUUAFFFFABRRRQAUUUUAFFFFABRRRQAUUUUAFFFFABRRRQAUUUUAFFFFABRRRQAUUUUAFFFFABRRRQAUUUUAFFFFABRRRQAUUUUAFFFFABRRRQAUUUUAFFFFABRRRQAUUUUAFFFFABRRRQAUUUUAFFFFABRRRQAUUUUAFFFFABRRRQAUUUUAFFFFABRRRQAUUUUAFFFFABRRRQAV8PGvuGvh40ANNRtUhqNqAIXqFqmeoWoAhamGntTDQA2kpaSgAooooAKKKKACvt/wACf8k88Nf9gq1/9FLXxBX2/wCBP+SeeGv+wVa/+iloA6CiiigAooooAKKKKACiiigAooooAKKKKACiiigAooooAKKKKACiiigAooooAKKKKACiiigAooooAKKKKACiiigAooooAKKKKACiiigAooooAKKKKACiiigAooooAKKKKACiiigAooooAKKKKACiiigAooooAKKKKACiiigAooooAKKKKACiiigAooooAKKKKACiiigAooooAKKKKACiiigAooooAKKKKACiiigAooooAKKKKACiiigAooooAKKKKACiiigAooooAKKKKACiiigAooooAKKKKACiiigAooooAKKKKACiiigAooooAKKKKACiiigAooooAKKKKACiiigAooooAK+HjX3DXw8aAGmo2qQ1G1AEL1C1TPULUAQtTDT2phoAbSUtJQAUUUUAFFFFABX2/wCBP+SeeGv+wVa/+ilr4gr7f8Cf8k88Nf8AYKtf/RS0AdBRRRQAUUUUAFFFFABRRRQAUUUUAFFFFABRRRQAUUUUAFFFFABRRRQAUUUUAFFFFABRRRQAUUUUAFFFFABRRRQAUUUUAFFFFABRRRQAUUUUAFFFFABRRRQAUUUUAFFFFABRRRQAUUUUAFFFFABRRRQAUUUUAFFFFABRRRQAUUUUAFFFFABRRRQAUUUUAFFFFABRRRQAUUUUAFFFFABRRRQAUUUUAFFFFABRRRQAUUUUAFFFFABRRRQAUUUUAFFFFABRRRQAUUUUAFFFFABRRRQAUUUUAFFFFABRRRQAUUUUAFFFFABRRRQAUUUUAFFFFABRRRQAUUUUAFFFFABRRRQAUUUUAFfDxr7hr4dNACGo2p5qNqAInqBqnaoGoAiamGnmmGgBppKU0lABRRRQAUUUUAFfb/gT/knnhr/sFWv/AKKWviCvt/wJ/wAk88Nf9gq1/wDRS0AdBRRRQAUUUUAFFFFABRRRQAUUUUAFFFFABRRRQAUUUUAFFFFABRRRQAUUUUAFFFFABRRRQAUUUUAFFFFABRRRQAUUUUAFFFFABRRRQAUUUUAFFFFABRRRQAUUUUAFFFFABRRRQAUUUUAFFFFABRRRQAUUUUAFFFFABRRRQAUUUUAFFFFABRRRQAUUUUAFFFFABRRRQAUUUUAFFFFABRRRQAUUUUAFFFFABRRRQAUUUUAFFFFABRRRQAUUUUAFFFFABRRRQAUUUUAFFFFABRRRQAUUUUAFFFFABRRRQAUUUUAFFFFABRRRQAUUUUAFFFFABRRRQAUUUUAFFFFABRRRQAUUUUAFfDhNfcdfDRNAATUZNOJpjGgCNqhapWNQtQBGaYacaYaAENJQaKACiiigAooooAK+3/An/JPPDX/YKtf/AEUtfEFfYfgvxp4VtfAvh63uPEujQzxaZbJJHJfxKyMIlBBBbIIPGKAO8orn/wDhO/CH/Q16H/4MYv8A4qj/AITrwh/0NWh/+DGL/wCKoA6CisD/AITrwh/0NWh/+DCL/wCKo/4Tnwj/ANDTon/gwi/+KoA36Kwf+E48Jf8AQ06J/wCDCL/4qj/hOPCX/Q06J/4MIv8A4qgDeorB/wCE48Jf9DRon/gwi/8AiqP+E38Jf9DRon/gwi/+KoA3qKwf+E38Jf8AQ0aJ/wCDCL/4qj/hN/CX/Q0aJ/4MIv8A4qgDeorB/wCE38Jf9DRon/gwi/8AiqP+E38Jf9DRon/gwi/+KoA3qKwf+E38Jf8AQ0aJ/wCDCL/4qj/hN/CX/Q0aJ/4MIv8A4qgDeorB/wCE38Jf9DRon/gwi/8AiqP+E38Jf9DRon/gwi/+KoA3qKwf+E38Jf8AQ0aJ/wCDCL/4qj/hN/CX/Q0aJ/4MIv8A4qgDeorB/wCE38Jf9DRon/gwi/8AiqP+E38Jf9DRon/gwi/+KoA3qKwf+E38Jf8AQ0aJ/wCDCL/4qj/hN/CX/Q0aJ/4MIv8A4qgDeorB/wCE38Jf9DRon/gwi/8AiqP+E38Jf9DRon/gwi/+KoA3qKwf+E38Jf8AQ0aJ/wCDCL/4qj/hN/CX/Q0aJ/4MIv8A4qgDeorB/wCE38Jf9DRon/gwi/8AiqP+E38Jf9DRon/gwi/+KoA3qKwf+E38Jf8AQ0aJ/wCDCL/4qj/hN/CX/Q0aJ/4MIv8A4qgDeorB/wCE38Jf9DRon/gwi/8AiqP+E38Jf9DRon/gwi/+KoA3qKwf+E38Jf8AQ0aJ/wCDCL/4qj/hN/CX/Q0aJ/4MIv8A4qgDeorB/wCE38Jf9DRon/gwi/8AiqP+E38Jf9DRon/gwi/+KoA3qKwf+E38Jf8AQ0aJ/wCDCL/4qj/hN/CX/Q0aJ/4MIv8A4qgDeorB/wCE38Jf9DRon/gwi/8AiqP+E38Jf9DRon/gwi/+KoA3qKwf+E38Jf8AQ0aJ/wCDCL/4qj/hN/CX/Q0aJ/4MIv8A4qgDeorB/wCE38Jf9DRon/gwi/8AiqP+E38Jf9DRon/gwi/+KoA3qKwf+E38Jf8AQ0aJ/wCDCL/4qj/hN/CX/Q0aJ/4MIv8A4qgDeorB/wCE38Jf9DRon/gwi/8AiqP+E38Jf9DRon/gwi/+KoA3qKwf+E38Jf8AQ0aJ/wCDCL/4qj/hN/CX/Q0aJ/4MIv8A4qgDeorB/wCE38Jf9DRon/gwi/8AiqP+E38Jf9DRon/gwi/+KoA3qKwf+E38Jf8AQ0aJ/wCDCL/4qj/hN/CX/Q0aJ/4MIv8A4qgDeorB/wCE38Jf9DRon/gwi/8AiqP+E38Jf9DRon/gwi/+KoA3qKwf+E38Jf8AQ0aJ/wCDCL/4qj/hN/CX/Q0aJ/4MIv8A4qgDeorB/wCE38Jf9DRon/gwi/8AiqP+E38Jf9DRon/gwi/+KoA3qKwf+E38Jf8AQ0aJ/wCDCL/4qj/hN/CX/Q0aJ/4MIv8A4qgDeorB/wCE38Jf9DRon/gwi/8AiqP+E38Jf9DRon/gwi/+KoA3qKwf+E38Jf8AQ0aJ/wCDCL/4qj/hN/CX/Q0aJ/4MIv8A4qgDeorB/wCE38Jf9DRon/gwi/8AiqP+E38Jf9DRon/gwi/+KoA3qKwf+E38Jf8AQ0aJ/wCDCL/4qj/hN/CX/Q0aJ/4MIv8A4qgDeorB/wCE38Jf9DRon/gwi/8AiqP+E38Jf9DRon/gwi/+KoA3qKwf+E38Jf8AQ0aJ/wCDCL/4qj/hN/CX/Q0aJ/4MIv8A4qgDeorB/wCE38Jf9DRon/gwi/8AiqP+E38Jf9DRon/gwi/+KoA3qKwf+E38Jf8AQ0aJ/wCDCL/4qj/hN/CX/Q0aJ/4MIv8A4qgDeorB/wCE38Jf9DRon/gwi/8AiqP+E38Jf9DRon/gwi/+KoA3qKwf+E38Jf8AQ0aJ/wCDCL/4qj/hN/CX/Q0aJ/4MIv8A4qgDeorB/wCE38Jf9DRon/gwi/8AiqP+E38Jf9DRon/gwi/+KoA3qKwf+E38Jf8AQ0aJ/wCDCL/4qj/hN/CX/Q0aJ/4MIv8A4qgDeorB/wCE38Jf9DRon/gwi/8AiqP+E38Jf9DRon/gwi/+KoA3qKwf+E38Jf8AQ0aJ/wCDCL/4qj/hN/CX/Q0aJ/4MIv8A4qgDeorB/wCE38Jf9DRon/gwi/8AiqP+E38Jf9DRon/gwi/+KoA3qKwf+E38Jf8AQ0aJ/wCDCL/4qj/hN/CX/Q0aJ/4MIv8A4qgDeorB/wCE38Jf9DRon/gwi/8AiqP+E38Jf9DRon/gwi/+KoA3qKwf+E38Jf8AQ0aJ/wCDCL/4qj/hN/CX/Q0aJ/4MIv8A4qgDeorB/wCE38Jf9DRon/gwi/8AiqP+E38Jf9DRon/gwi/+KoA3qKwf+E38Jf8AQ0aJ/wCDCL/4qj/hN/CX/Q0aJ/4MIv8A4qgDeorB/wCE38Jf9DRon/gwi/8AiqP+E38Jf9DRon/gwi/+KoA3qKwf+E38Jf8AQ0aJ/wCDCL/4qj/hN/CX/Q0aJ/4MIv8A4qgDeorB/wCE38Jf9DRon/gwi/8AiqP+E38Jf9DRon/gwi/+KoA3qKwf+E38Jf8AQ0aJ/wCDCL/4qj/hN/CX/Q0aJ/4MIv8A4qgDeorB/wCE38Jf9DRon/gwi/8AiqP+E38Jf9DRon/gwi/+KoA3qKwf+E38Jf8AQ0aJ/wCDCL/4qj/hN/CX/Q0aJ/4MIv8A4qgDeorB/wCE38Jf9DRon/gwi/8AiqP+E38Jf9DRon/gwi/+KoA3qKwf+E38Jf8AQ0aJ/wCDCL/4qj/hN/CX/Q0aJ/4MIv8A4qgDeorB/wCE38Jf9DRon/gwi/8AiqP+E38Jf9DRon/gwi/+KoA3qKwf+E38Jf8AQ0aJ/wCDCL/4qj/hN/CX/Q0aJ/4MIv8A4qgDeorB/wCE38Jf9DRon/gwi/8AiqP+E38Jf9DRon/gwi/+KoA3qKwf+E38Jf8AQ0aJ/wCDCL/4qj/hN/CX/Q0aJ/4MIv8A4qgDeorB/wCE38Jf9DRon/gwi/8AiqP+E38Jf9DRon/gwi/+KoA3qKwf+E38Jf8AQ0aJ/wCDCL/4qj/hN/CX/Q0aJ/4MIv8A4qgDer4WLV9l/wDCceEv+ho0T/wYRf8AxVfF+6gCQtTCaaWphagAY1ExpxNRk0ANNNNKTTaAENFFFABRRRQAUUUUAFFFFAC0oNNpaAHg08GogaUGgCYNS7qizS5oAl3Ubqi3UbqAJt1G6od1G6gCbdRuqHdRuoAm3Ubqh3UbqAJt1G6od1G6gCbdRuqHdRuoAm3Ubqh3UbqAJt1G6od1G6gCbdRuqHdRuoAm3Ubqh3UbqAJt1G6od1G6gCbdRuqHdRuoAm3Ubqh3UbqAJt1G6od1G6gCbdRuqHdRuoAm3Ubqh3UbqAJt1G6od1G6gCbdRuqHdRuoAm3Ubqh3UbqAJt1G6od1G6gCbdRuqHdRuoAm3Ubqh3UbqAJt1G6od1G6gCbdRuqHdRuoAm3Ubqh3UbqAJt1G6od1G6gCbdRuqHdRuoAm3Ubqh3UbqAJt1G6od1G6gCbdRuqHdRuoAm3Ubqh3UbqAJt1G6od1G6gCbdRuqHdRuoAm3Ubqh3UbqAJt1G6od1G6gCbdRuqHdRuoAm3Ubqh3UbqAJt1G6od1G6gCbdRuqHdRuoAm3Ubqh3UbqAJt1G6od1G6gCbdRuqHdRuoAm3Ubqh3UbqAJt1G6od1G6gCbdRuqHdRuoAm3Ubqh3UbqAJt1G6od1G6gCbdRuqHdRuoAm3Ubqh3UbqAJt1G6od1G6gCbdRuqHdRuoAm3Ubqh3UbqAJt1G6od1G6gCbdRuqHdRuoAm3Ubqh3UbqAJt1G6od1G6gCbdRuqHdRuoAm3Ubqh3UbqAJt1G6od1G6gCbdRuqHdRuoAm3Ubqh3UbqAJt1G6od1G6gCXdRuqLdRuoAk3U0tTM0maAHE00mkJpCaAAmkopKACiiigAooooAKKKKACiiigAooooAWikooAdmjNNzS5oAdmjNNzRmgB2aM02igB2aM02igB2aM02igB2aM02igB2aM02igB2aM02igB2aM02igB2aM02igB2aM02igB2aM02igB2aM02igB2aM02igB2aM02igB2aM02igB2aM02igB2aM02igB2aM02igB2aM02igB2aM02igB2aM02igB2aM02igB2aM02igB2aM02igB2aM02igB2aM02igB2aM02igB2aM02igB2aM02igB2aM02igB2aM02igB2aM02igB2aM02igB2aM02igB2aM02igB2aM02igB2aM02igB2aM02igB2aM02igB2aM02igB2aM02igB2aM02igB2aM02igB2aM02igB2aM02igB2aM02igB2aM02igB2aM02igB2aM02igB2aM02igB2aM02igB2aM02igB2aM02igB2aM02igB2aM02igB2aM02igB2aM02igB2aM02igB2aM02igB2aM02igB2aM02igB2aM02igB2aM03NGaAFzRmkzSZoAWikooAKKKKACiiigAooooAKKKKACiiigAooooAKKKKACiiigAooooAKKKKACiiigAooooAKKKKACiiigAooooAKKKKACiiigAooooAKKKKACiiigAooooAKKKKACiiigAooooAKKKKACiiigAooooAKKKKACiiigAooooAKKKKACiiigAooooAKKKKACiiigAooooAKKKKACiiigAooooAKKKKACiiigAooooAKKKKACiiigAooooAKKKKACiiigAooooAKKKKACiiigAooooAKKKKACiiigAooooAKKKKACiiigAooooAKKKKACiiigAooooAKKKKACiiigAooooAKKKKACiiigAooooAKKKKACiiigAooooAKKKKACiiigAooooAKKKKACiiigAooooAKKKKACiiigAooooAKKKKACiiigAooooAKKKKACiiigAooooAKKKKACiiigAooooAKKKKACiiigAooooAKKKKACiiigAooooAKKKKACiiigAooooAKKKKACiiigAooooAKKKKACiiigAooooAKKKKACiiigAooooAKKKKACiiigAooooAKKKKACiiigAooooAKKKKACiiigAooooAKKKKACiiigAooooAKKKKACiiigAooooAKKKKACiiigAooooAKKKKACiiigAooooAKKKKACiiigAooooAKKKKACiiigAooooAKKKKACiiigAooooAKKKKACiiigAooooAKKKKACiiigAooooAKKKKACiiigAooooAKKKKACiiigAooooAKKKKACiiigD//ZDQplbmRzdHJlYW0NZW5kb2JqDTM4IDAgb2JqDTw8L0JpdHNQZXJDb21wb25lbnQgOCAvQ29sb3JTcGFjZSAvRGV2aWNlR3JheSAvRmlsdGVyIC9GbGF0ZURlY29kZSAvSGVpZ2h0IDQzNyAvTGVuZ3RoIDQwMDUgL01hdHRlIFswIDAgMF0gL1N1YnR5cGUgL0ltYWdlIC9UeXBlIC9YT2JqZWN0IC9XaWR0aCAxMTY1Pj4NCnN0cmVhbQ0KeJzt3WmX00a3gFHmbsZmCEMYGkIgECCB9///uHutkkqqkmUz2LJP1Ht/D8uwVj3rnJLsXLoEAAAAAAAAAAAAAAAAAAAAAAAAAAAAAHFdBi6aY2encux/DCAAHQLiECIgjJgpugIsSbwcKQ/QOmqOVAgYOUaOhAiYdNgcfS9EV4GL4ntBOk6Kjv2vAhzNEXI0naItn/EasCQ/VqTZazSVIu2BC21DkObN0XqKZAhoTPRoxhqttWi6Q9eBi2K6SHPXaEOKVAguvLUejXM0Z4vqEpUf6wZwUUwVqczRHDWaatEoROsf9ARYni1NKnI0V42mVrQiRfoDF9S4SOMaXdlzjTaNRWWJys93CizdRJImc7TXGm1o0VCizRG6CSzJ5igNPZqvRustqlI06tCx/62AgxkVaS1He67Rxhb1JRpX6BawfOMm9T2arUZbWtSXaK1Ct4ElW2tS36MtNZqhRcNY1JdoPUJ3gGVaj1Lfo2o42m+NqiWtalGboj5EUwm6CyzNVJb6IPU5GtVoD4vathYVKSoyVH/ue8CSTIYp96jP0Rw1+l6LyhJN9ecMWJKpMtU92l6jeVqUpqKuREWGqk9+H1iSiTLlILU9SsPRDDUqYlS26KRtUUpRV6IhQ8XnfgAszVqZcpDaHrXDUbo4qmu0W4y+36I2RV2IxgV6CCzPuEtdkHKO5qlRvaTVLepT1JZoyFD+xI+AZaqz1AUp9SjnaFyjYlHbw2DUvuuYr67bFjUpakvUZ6j9sL8BS1ZUqQtS6lGTo65Gp22Nrg012mE0mljS2rmoW9H6FHUhGir0uPQEWILqXA9N6oI05Khb1U76GtWL2k4tujK06EZuUR6LmhS1Ieor1H/2p8DS1G3qipR61OSoG466Gt0YarTTojZe0q7nJa1r0ZCiVKI+Q+0nfgYsVZGltkipR32O2hrlRe36eFH76Rb9H8C033/vo9QGqelRl6OpGu02Gh37bwuE9fz5898bXZGaHvU5SjW6ffvWzZvFJfZOo9Gx/7ZAWC8az9skpR71Oapr1F8bVXfYYgTsyauXK12QUo+6HOUaNc/UikVtNBqJEbAn568afZD6HK2Go65GzbVRuajtEKPLx/7bAmG9fn2+0gepy1Gu0bCo7WU0EiNgkzdv3rzOQco5SsNRu6mNRqPru41GYgRs8scff7Q9ep3mozwcpdkoxeisusMurrDFCNijt2/f9j1qp6NVjqoaFaNRtaf9fIwuixGwyZ9/vi16lHKUa1SORtUDtV/d08QI2Ojduz9zj5oc9TV6NtSoH42KK2wxAvbr/bt3uUdNjlbDUa5REaN+NNptTxMjYKO/3r9/n3PULGtdjZ7XNZqM0RUxAvbmr5XUoy5HfY1GMRo/TxMjYK8+fPgw5Kiv0cu+RsOeJkbAjD5+yDlqh6OmRufnE6NRuaf9WowuixGw0ceVlKN2OFrNRs0ztbyo1Xta9xL2r95gixGw2d9//z3kqKtRWtS60UiMgIP4VNcoL2rNrVF5aVS+aSRGwP59+tTnqK9RWtTSaFRdGq3dYIsRsDefP6Uc5RrlRe18/dKoucEWI2Amnz9/zsNRW6NhNEqXRtsep4kRsDdfPqcc5Ro1i1q+NXrxfOIGW4yAWXz58qWvUTEadXva6Aa7/ELIz79oJEbAZv8MNSpGozdvzs+HG+z6cZoYATP4p65RGo3yFXZ/g312VnwhpPvpWTEC9umfqkbNaPTu3Z/jGFXP9sUImMG/uUZ5NOr2tP4G+3vP9sUI2Id/6xr1e5oYAQf1b1ejZlHLe1r3PK17nPadF43ECNiHr6lGeTSq9zQxAg7m6zAalXtaEaPftr/1KEbAPnwta9TvaX2M0otGYgTM7uvXvKi1e1oZo5diBBzK12I0ypdGzZtG7bP98hVsMQJm9C3VqNzTuhi9ESPggL5Ve1p5g93G6GmO0d07YgTMp4nR1+rSqH+cJkbA4Xz7No7Rh/UYPbgvRsC8vjU1ynuaGAHHsiVG5+nLaWIEHMJajD6KEXAE3+pLIzECjkOMgBDECAhBjIAQDhejy2IEbPa/4nHa8OW0IkZPJn6R/5f+X0ViBGwhRkAIYgSEIEZACGIEhCBGQAhiBIQgRkAIYgSEIEZACGIEhCBGQAhiBIQgRkAIYgSEIEZACGIEhCBGQAhiBIQgRkAIYgSEIEZACGIEhCBGQAhiBIQgRkAIYgSEIEZACGIEhCBGQAhiBIQgRkAIYgSEIEZACGIEhCBGQAhiBIQgRkAIYgSEIEZACGIEhCBGQAhiBIQgRkAIYgSEIEZACGIEhCBGQAhiBIQgRkAIYgSEIEZACGIEhCBGQAhiBIQgRkAIYgSEIEZACGIEhCBGQAhiBIQgRkAIYgSEIEZACGIEhCBGQAhiBIQgRkAIYgSEIEZACGIEhCBGQAhiBIQgRkAIYgSEIEZACGIEhCBGQAhiBIQgRkAIYgSEIEZACGIEhCBGQAhiBIQgRkAIYgSEIEZACGIEhCBGQAhiBIQgRkAIYgSEIEZACGIEhCBGQAhiBIQgRkAIYgSEIEZACGIEhCBGQAhiBIQgRkAIYgSEIEZACGIEhCBGQAhiBIQgRkAIYgSEIEZACGIEhCBGQAhiBIQgRkAIYgSEIEZACGIEhCBGQAhiBIQgRkAIYgSEIEZACGIEhCBGQAhiBIQgRkAIYgSEIEZACGIEhCBGQAhiBIQgRkAIYgSEIEZACGIEhCBGQAhiBIQgRkAIYgSEIEZACGIEhCBGQAhiBIQgRkAIYgSEIEZACGIEhCBGQAhiBIQgRkAIYgSEIEZACGIEhCBGQAhiBIQgRkAIYgSEIEZACGIEhCBGQAhiBIQgRkAIYgSEIEZACGIEhCBGQAhiBIQgRkAIYgSEIEZACGIEhCBGQAhiBIQgRkAIYgSEIEZACGIEhCBGQAhiBIQgRkAIYgSEIEZACGIEhCBGQAhiBIQgRkAIYgSEIEZACGIEhCBGQAhiBIQgRkAIYgSEIEZACGIEhCBGQAhiBIQgRkAIYgSEIEZACGIEhCBGQAhiBIQgRkAIYgSEIEZACGIEhCBGQAhiBIQgRkAIYgSEIEZACGIEhCBGQAhiBIQgRkAIYgSEIEZACGIEhCBGQAhiBIQgRkAIYgSEIEZACGIEhCBGQAhiBIQgRkAIYgSEIEZACGIEhHC4GF0SI2Cz1KKvqUUpRh/HMXqcYnTvborR6enJjRSjqylGP9UiMQK2ECMgBDECQhAjIAQxAkIoHqZ9+fxJjIAjWYvRBzECjmBLjF69fPG7GAGHUV8ZiRFwJE2L6hj9tR6j5gVsMQLm1A5G/cO0IkbnYgQcTt7Sihi9f7eK0ZsuRk9yjO7cFiNgPnkwqp7sNzF6LUbAAVVbWv1k/9XL522MHogRMLdiMGq3tCJGL8QIOJSyRdX9dRujp6sYPRQjYHZ5Seu2tObKaBSj4bfVxAiYzTAYFVta/20QMQIOpGvRaEt7+0d6mDb61dlb6VdnxQiYQd2iaksTI+Bwcou6wah7y6h/st99Na3+Pf7rv/R7/GIEbFG1aNjS6hidnd0VI2BWdYv6Le3Nebq/Ll7A3vn/VCRGwBZDi9KSNjxLe/Wyfs2o+p6sGAF71qSoa9EwGBX318OT/el3HsUI2IuUor5FeTDqr4xGD9PECJhJk6J0X9S1aLi+fjF+mDb5ZF+MgL3IY1HbonIw6u+v6yf7YgTMoU/R0KJ2MEo/81jfX3cxuiZGwN7VLeqWtH5LW7u/7p/sixGwVx+HFOUWNYPR+pXR7jG6JEbARk2JVilqx6K8pA2D0baHaT/5mpEYAVvkFKUWvU0tam+MnpdXRpP312IE7M9fQ4qGFk0MRmIEzKotUU7R0KJtW5oYAXvXlKhNUTMW5RaNBqPpGP3s/bUYAZvlEqUUpbvrrkXVYFRfGRVfkxUjYD9yiVKKhhYVg1Gxpa1fGf1UjC6JEbBJUaI2RX2L1gajXbc0MQI260uUUpTGorpFk8/SxAjYszwTtVNR26Jnz56mJW08GPU/OfuLW5oYARvlEA0pSnfXqxZ1S1r5VZC1B/s/GaNLx/7bAmGlDrUh6lPUt2g8GO12fS1GwGZNh7oQrUqUU9TuaPU7RnsYjMQI2ORFF6K2RDlFfYuq2+vy+lqMgL1qM5RCtCrRkKJRi6YHIzEC9qXNUNOhVYhWJRpS1LaoWtKGG6NfjNGl9j9r/oDVH7RK2+rPvHHj5OT09OatW7fv3Ll7797Z2f37Dx48fPjo0aPfflt9nsdPGk+TZ8BStYc8nffHXYlyiiZbtNtgVMaor9GNVKObXY2KHLU9aovUJmnIErAg/fl+3HaoK9GQoq5FxYXRroPRaDTKNTrJNbrd1SjlqOlRE6RUpK5J2RNgCapz3R71R22IViVKKWpbdDu3qLgw2mkwyjEqFrVreVE7bWs05KjpUQpSKlJuErBQ7UF/2IVoVaI+RW2LTovL63pJ+6UYTS1q3WyUa5Ry1PUoBalLUl8lYHHyIW+P/P1copSi3KKTtQujHQaj8Wg0qtGQo65HKUg5SWWWgAUZjnh75M9yifoUrbVo58HoR2rU5ajpUQpSTtKoS8BCFCe8PfL32hK1KZqrRWWMqhq1T/i7HOUepSDlJJ2tlQn476vOd3vk7w4lSinqnumPWrRrjLbXKA1HfY/aIOUk3ZsoE/BfV53v7szf6UvUjkWztCjHaHON6h4NSZoqE/BfVx/w7tQPJfpei3aI0dYalTlKPRqSNBUmYAGqM96d+1tViuZpUb2o1TXqcpR61AapT9JaloDlKM55d/JvdiXqUjRu0e5L2sYaDcNRylHbo75IdZSA5RkOe3f6T7sUDWPR3ltUL2qjGqUctT3KQaqaBCzWcORP+xIVY9F6i3aO0eYapRy1PeqCVDUJWLj+3J/0JWpSNFeLpmpU56jrUVEkaYJlWj/k+fjfWEvR/lu0sUYpR12P+iBNRwlYmPLI3xhKlFI0W4vGNRrnKPdolCRg8YbDf30yRftu0VCjteGoy1FVJGWCBVs/6n0Frm0ai/bXoukadTkqgjTZJGChyqOfc3B15hat1ajLUd+jukjABTJk4OrVqRVtvy0qajTKUdEjTYILpT78VzekaN8tmqhRn6O1IgEXStGCK/O3qKxRn6OyR5IEF0+dgCvrKZqjRRtyNA6SOsFybTntRRNmT1FdozJH24sELFsdg8uHaNHWHIkSXDBTCThUisY5mg4ScCHVcZg7Res5EiTgyjgLh0jRVI40CS6qyRocKkUbc6RPsGw/dvAPmaIfzxFwwRw6RYIErDlOiBQJGBy5Q7Vj/2MAB3fs7AAAAAAAAAAAAAAAAAAAAAAAAAAAABDU/wP2P3v7DQplbmRzdHJlYW0NZW5kb2JqDTM3IDAgb2JqDTw8L0JpdHNQZXJDb21wb25lbnQgOCAvQ29sb3JTcGFjZSAvRGV2aWNlUkdCIC9GaWx0ZXIgL0RDVERlY29kZSAvSGVpZ2h0IDQzNyAvTGVuZ3RoIDE1MDE1IC9TTWFzayAzOCAwIFIgL1N1YnR5cGUgL0ltYWdlIC9UeXBlIC9YT2JqZWN0IC9XaWR0aCAxMTY1Pj4NCnN0cmVhbQ0K/9j/4AAQSkZJRgABAQAAAQABAAD/2wBDAAgGBgcGBQgHBwcJCQgKDBQNDAsLDBkSEw8UHRofHh0aHBwgJC4nICIsIxwcKDcpLDAxNDQ0Hyc5PTgyPC4zNDL/2wBDAQkJCQwLDBgNDRgyIRwhMjIyMjIyMjIyMjIyMjIyMjIyMjIyMjIyMjIyMjIyMjIyMjIyMjIyMjIyMjIyMjIyMjL/wAARCAG1BI0DASIAAhEBAxEB/8QAHwAAAQUBAQEBAQEAAAAAAAAAAAECAwQFBgcICQoL/8QAtRAAAgEDAwIEAwUFBAQAAAF9AQIDAAQRBRIhMUEGE1FhByJxFDKBkaEII0KxwRVS0fAkM2JyggkKFhcYGRolJicoKSo0NTY3ODk6Q0RFRkdISUpTVFVWV1hZWmNkZWZnaGlqc3R1dnd4eXqDhIWGh4iJipKTlJWWl5iZmqKjpKWmp6ipqrKztLW2t7i5usLDxMXGx8jJytLT1NXW19jZ2uHi4+Tl5ufo6erx8vP09fb3+Pn6/8QAHwEAAwEBAQEBAQEBAQAAAAAAAAECAwQFBgcICQoL/8QAtREAAgECBAQDBAcFBAQAAQJ3AAECAxEEBSExBhJBUQdhcRMiMoEIFEKRobHBCSMzUvAVYnLRChYkNOEl8RcYGRomJygpKjU2Nzg5OkNERUZHSElKU1RVVldYWVpjZGVmZ2hpanN0dXZ3eHl6goOEhYaHiImKkpOUlZaXmJmaoqOkpaanqKmqsrO0tba3uLm6wsPExcbHyMnK0tPU1dbX2Nna4uPk5ebn6Onq8vP09fb3+Pn6/9oADAMBAAIRAxEAPwD5/ooooAKKKKACiiigAooooAKKKKACiiigAooooAKKKKACiiigAooooAKKKKACiiigAooooAKKKKACiiigAooooAKKKKACiiigAooooAKKKKACiiigAooooAKKKKACiiigAooooAKKKKACiiigAooooAKKKKACiiigAooooAKKKKACiiigAooooAKKKKACiiigAooooAKKKKACiiigAooooAKKKKACiiigAooooAKKKKACiiigAooooAKKKKACiiigAooooAKKKKACiiigAooooAKKKKACiiigAooooAKKKKACiiigAooooAKKKKACiiigAooooAKKKKACiiigAooooAKKKKACiiigAooooAKKKKACiiigAooooAKKKKACiiigAooooAKKKKACiiigAooooAKKKMUAFFLiigBKKWigBKKWigBKKWigBKKWigBKKWigBKKWigBKKWigBKKWigBKKWigBKKWigBKKWigBKKWigBKKWigBKKWigBKKWigBKKWigBKKWigBKKWigBKKWigBKKWigBKKWigBKKWigBKKWigBKKWigBKKWigBKKWigBKKWigBKKWigBKKWigBKKWigBKKWigBKKWigBKKWigBKKWigBKKWigBKKWigBKKWigBKKWigBKKWigBKKWigBKKWigBKKWigBKKWigBKKWigBKKWigBKKWigBKKWigBKKWigBKKWigBKKWigBKKWigBKKWigBKKWigBKKWigBKKWigBKKWigBKKWigBKKWigBKKWigBKKWigBKKWigBKKWigBKKWigBKKWjFACUUYooAKKKKACiiigAooooAKKKKACiiigAoopaAClxQBTgKAG4pcU/FLtoAjxS4p+2jbQAzFGKk20baAI8UYqTbRtoAjxRipNtG2gCPFGKk20baAI8UYqTbRtoAjxRipNtG2gCPFGKk20baAI8UYqTbRtoAjxRipNtG2gCPFGKk20baAI8UYqTbRtoAjxRipNtG2gCPFGKk20baAI8UYqTbRtoAjxRipNtG2gCPFGKk20baAI8UYqTbRtoAjxRipNtG2gCPFGKk20baAI8UYqTbRtoAjxRipNtG2gCPFGKk20baAI8UYqTbRtoAjxRipNtG2gCPFGKk20baAI8UYqTbRtoAjxRipNtG2gCPFGKk20baAI8UYqTbRtoAjxRipNtG2gCPFGKk20baAI8UYqTbRtoAjxRipNtG2gCPFGKk20baAI8UYqTbRtoAjxRipNtG2gCPFGKk20baAI8UYqTbRtoAjxRipNtG2gCPFGKk20baAI8UYqTbRtoAjxRipNtG2gCPFGKk20baAI8UYqTbRtoAjxRipNtG2gCPFGKk20baAI8UYqTbRtoAjxRipNtG2gCPFGKk20baAI8UYqTbRtoAjxRipNtG2gCPFGKk20baAI8UYqTbRtoAjxRipNtG2gCPFGKk20baAI8UYqTbRtoAjxRipNtG2gCPFGKk20baAI8UYqTbRtoAjxRipNtG2gCPFGKk20baAI8UmKk20baAI8UmKk20mKAGYpKeRTSKAG0UtJQAUUUUAFFFFABRRRQAVuQeC/FV1bxXFv4a1maCVA8ckdhKyupGQQQuCCOc1h19v+BP8Aknnhr/sFWv8A6KWgD5B/4QTxf/0Kmuf+C6X/AOJpR4E8X/8AQq65/wCC6X/4mvt2igD4kHgTxf8A9Crrn/gvl/8AiacPAvi7/oVtb/8ABfL/APE19s0UAfFA8C+Lf+hW1v8A8F8v/wATTv8AhBfFv/Qra3/4L5f/AImvtWigD4q/4QXxb/0K2t/+C+X/AOJpf+EF8W/9Cvrf/gvl/wDia+1KKAPiv/hBfFv/AEK+t/8Agvl/+Jo/4QXxb/0K+t/+C+X/AOJr7UooA+K/+EF8W/8AQr63/wCC+X/4mj/hBfFv/Qr63/4L5f8A4mvtSigD4r/4QXxb/wBCvrf/AIL5f/iaP+EF8W/9Cvrf/gvl/wDia+1KKAPiv/hBfFv/AEK+t/8Agvl/+Jo/4QXxb/0K+t/+C+X/AOJr7UooA+K/+EF8W/8AQr63/wCC+X/4mj/hBfFv/Qr63/4L5f8A4mvtSigD4r/4QXxb/wBCvrf/AIL5f/iaP+EF8W/9Cvrf/gvl/wDia+1KKAPiv/hBfFv/AEK+t/8Agvl/+Jo/4QXxb/0K+t/+C+X/AOJr7UooA+K/+EF8W/8AQr63/wCC+X/4mj/hBfFv/Qr63/4L5f8A4mvtSigD4r/4QXxb/wBCvrf/AIL5f/iaP+EF8W/9Cvrf/gvl/wDia+1KKAPiv/hBfFv/AEK+t/8Agvl/+Jo/4QXxb/0K+t/+C+X/AOJr7UooA+K/+EF8W/8AQr63/wCC+X/4mj/hBfFv/Qr63/4L5f8A4mvtSigD4r/4QXxb/wBCvrf/AIL5f/iaP+EF8W/9Cvrf/gvl/wDia+1KKAPiv/hBfFv/AEK+t/8Agvl/+Jo/4QXxb/0K+t/+C+X/AOJr7UooA+K/+EF8W/8AQr63/wCC+X/4mj/hBfFv/Qr63/4L5f8A4mvtSigD4r/4QXxb/wBCvrf/AIL5f/iaP+EF8W/9Cvrf/gvl/wDia+1KKAPiv/hBfFv/AEK+t/8Agvl/+Jo/4QXxb/0K+t/+C+X/AOJr7UooA+K/+EF8W/8AQr63/wCC+X/4mj/hBfFv/Qr63/4L5f8A4mvtSigD4r/4QXxb/wBCvrf/AIL5f/iaP+EF8W/9Cvrf/gvl/wDia+1KKAPiv/hBfFv/AEK+t/8Agvl/+Jo/4QXxb/0K+t/+C+X/AOJr7UooA+K/+EF8W/8AQr63/wCC+X/4mj/hBfFv/Qr63/4L5f8A4mvtSigD4r/4QXxb/wBCvrf/AIL5f/iaP+EF8W/9Cvrf/gvl/wDia+1KKAPiv/hBfFv/AEK+t/8Agvl/+Jo/4QXxb/0K+t/+C+X/AOJr7UooA+K/+EF8W/8AQr63/wCC+X/4mj/hBfFv/Qr63/4L5f8A4mvtSigD4r/4QXxb/wBCvrf/AIL5f/iaP+EF8W/9Cvrf/gvl/wDia+1KKAPiv/hBfFv/AEK+t/8Agvl/+Jo/4QXxb/0K+t/+C+X/AOJr7UooA+K/+EF8W/8AQr63/wCC+X/4mj/hBfFv/Qr63/4L5f8A4mvtSigD4r/4QXxb/wBCvrf/AIL5f/iaP+EF8W/9Cvrf/gvl/wDia+1KKAPiv/hBfFv/AEK+t/8Agvl/+Jo/4QXxb/0K+t/+C+X/AOJr7UooA+K/+EF8W/8AQr63/wCC+X/4mj/hBfFv/Qr63/4L5f8A4mvtSigD4r/4QXxb/wBCvrf/AIL5f/iaP+EF8W/9Cvrf/gvl/wDia+1KKAPiv/hBfFv/AEK+t/8Agvl/+Jo/4QXxb/0K+t/+C+X/AOJr7UooA+K/+EF8W/8AQr63/wCC+X/4mj/hBfFv/Qr63/4L5f8A4mvtSigD4r/4QXxb/wBCvrf/AIL5f/iaP+EF8W/9Cvrf/gvl/wDia+1KKAPiv/hBfFv/AEK+t/8Agvl/+Jo/4QXxb/0K+t/+C+X/AOJr7UooA+K/+EF8W/8AQr63/wCC+X/4mj/hBfFv/Qr63/4L5f8A4mvtSigD4r/4QXxb/wBCvrf/AIL5f/iaP+EF8W/9Cvrf/gvl/wDia+1KKAPiv/hBfFv/AEK+t/8Agvl/+Jo/4QXxb/0K+t/+C+X/AOJr7UooA+K/+EF8W/8AQr63/wCC+X/4mj/hBfFv/Qr63/4L5f8A4mvtSigD4r/4QXxb/wBCvrf/AIL5f/iaP+EF8W/9Cvrf/gvl/wDia+1KKAPiv/hBfFv/AEK+t/8Agvl/+Jo/4QXxb/0K+t/+C+X/AOJr7UooA+K/+EF8W/8AQr63/wCC+X/4mj/hBfFv/Qr63/4L5f8A4mvtSigD4r/4QXxb/wBCvrf/AIL5f/iaP+EF8W/9Cvrf/gvl/wDia+1KKAPiv/hBfFv/AEK+t/8Agvl/+Jo/4QXxb/0K+t/+C+X/AOJr7UooA+K/+EF8W/8AQr63/wCC+X/4mj/hBfFv/Qr63/4L5f8A4mvtSigD4r/4QXxb/wBCvrf/AIL5f/iaP+EF8W/9Cvrf/gvl/wDia+1KKAPiv/hBfFv/AEK+t/8Agvl/+Jo/4QXxb/0K+t/+C+X/AOJr7UooA+K/+EF8W/8AQr63/wCC+X/4mj/hBfFv/Qr63/4L5f8A4mvtSigD4r/4QXxb/wBCvrf/AIL5f/iaP+EF8W/9Cvrf/gvl/wDia+1KKAPiv/hBfFv/AEK+t/8Agvl/+Jo/4QXxb/0K+t/+C+X/AOJr7UooA+K/+EF8W/8AQr63/wCC+X/4mj/hBfFv/Qr63/4L5f8A4mvtSigD4r/4QXxb/wBCvrf/AIL5f/iaP+EF8W/9Cvrf/gvl/wDia+1KKAPiv/hBfFv/AEK+t/8Agvl/+Jo/4QXxb/0K+t/+C+X/AOJr7UooA+K/+EF8W/8AQr63/wCC+X/4mj/hBfFv/Qr63/4L5f8A4mvtSigD4r/4QXxb/wBCvrf/AIL5f/iaP+EF8W/9Cvrf/gvl/wDia+1KKAPiv/hBfFv/AEK+t/8Agvl/+Jo/4QXxb/0K+t/+C+X/AOJr7UooA+K/+EF8W/8AQr63/wCC+X/4mj/hBfFv/Qr63/4L5f8A4mvtSigD4r/4QXxb/wBCvrf/AIL5f/iaP+EF8W/9Cvrf/gvl/wDia+1KKAPiv/hBfFv/AEK+t/8Agvl/+Jo/4QXxb/0K+t/+C+X/AOJr7UooA+K/+EF8W/8AQr63/wCC+X/4mj/hBfFv/Qr63/4L5f8A4mvtSigD4r/4QXxb/wBCvrf/AIL5f/iaP+EF8W/9Cvrf/gvl/wDia+1KKAPiv/hBfFv/AEK+t/8Agvl/+Jo/4QXxb/0K+t/+C+X/AOJr7UooA+K/+EF8W/8AQr63/wCC+X/4msDbX3nXwmVoAr7aQrU5WmlaAK5WmEVORUZFAERFJTyKYaAEooooAKKKKACiiigAr7f8Cf8AJPPDX/YKtf8A0UtfEFfb/gT/AJJ54a/7BVr/AOiloA6CiiigAooooAKKKKACiiigAooooAKKKKACiiigAooooAKKKKACiiigAooooAKKKKACiiigAooooAKKKKACiiigAooooAKKKKACiiigAooooAKKKKACiiigAooooAKKKKACiiigAooooAKKKKACiiigAooooAKKKKACiiigAooooAKKKKACiiigAooooAKKKKACiiigAooooAKKKKACiiigAooooAKKKKACiiigAooooAKKKKACiiigAooooAKKKKACiiigAooooAKKKKACiiigAooooAKKKKACiiigAooooAKKKKACiiigAooooAKKKKACiiigAooooAKKKKACiiigAooooAK+FyK+6K+GyKAIiKjIqYimMKAIGFRMKnYVC1AERphqQ1GaAGmilNJQAUUUUAFFFFABX2/4E/5J54a/7BVr/wCilr4gr7f8Cf8AJPPDX/YKtf8A0UtAHQUUUUAFFFFABRRRQAUUUUAFFFFABRRRQAUUUUAFFFFABRRRQAUUUUAFFFFABRRRQAUUUUAFFFFABRRRQAUUUUAFFFFABRRRQAUUUUAFFFFABRRRQAUUUUAFFFFABRRRQAUUUUAFFFFABRRRQAUUUUAFFFFABRRRQAUUUUAFFFFABRRRQAUUUUAFFFFABRRRQAUUUUAFFFFABRRRQAUUUUAFFFFABRRRQAUUUUAFFFFABRRRQAUUUUAFFFFABRRRQAUUUUAFFFFABRRRQAUUUUAFFFFABRRRQAUUUUAFFFFABRRRQAUUUUAFFFFABRRRQAUUUUAFFFFABRRRQAUUUUAFFFFABXw6RX3FXw8aAIzTGqQ1G1AEL1C1TtUDUARGmGntTDQA00lKaSgAooooAKKKKACvt/wJ/wAk88Nf9gq1/wDRS18QV9v+BP8Aknnhr/sFWv8A6KWgDoKKKKACiiigAooooAKKKKACiiigAooooAKKKKACiiigAooooAKKKKACiiigAooooAKKKKACiiigAooooAKKKKACiiigAooooAKKKKACiiigAooooAKKKKACiiigAooooAKKKKACiiigAooooAKKKKACiiigAooooAKKKKACiiigAooooAKKKKACiiigAooooAKKKKACiiigAooooAKKKKACiiigAooooAKKKKACiiigAooooAKKKKACiiigAooooAKKKKACiiigAooooAKKKKACiiigAooooAKKKKACiiigAooooAKKKKACiiigAooooAKKKKACiiigAooooAKKKKACiiigAr4eNfcNfDxoAaajapDUbUAQvULVM9QtQBC1MNPamGgBppKWkoAKKKKACiiigAr7f8Cf8k88Nf8AYKtf/RS18QV9v+BP+SeeGv8AsFWv/opaAOgooooAKKKKACiiigAooooAKKKKACiiigAooooAKKKKACiiigAooooAKKKKACiiigAooooAKKKKACiiigAooooAKKKKACiiigAooooAKKKKACiiigAooooAKKKKACiiigAooooAKKKKACiiigAooooAKKKKACiiigAooooAKKKKACiiigAooooAKKKKACiiigAooooAKKKKACiiigAooooAKKKKACiiigAooooAKKKKACiiigAooooAKKKKACiiigAooooAKKKKACiiigAooooAKKKKACiiigAooooAKKKKACiiigAooooAKKKKACiiigAooooAKKKKACiiigAooooAKKKKACvh419w18PGgBpqNqkNRtQBC9QtUz1C1AELUw09qYaAG0lLSUAFFFFABRRRQAV9v+BP+SeeGv8AsFWv/opa+IK+3/An/JPPDX/YKtf/AEUtAHQUUUUAFFFFABRRRQAUUUUAFFFFABRRRQAUUUUAFFFFABRRRQAUUUUAFFFFABRRRQAUUUUAFFFFABRRRQAUUUUAFFFFABRRRQAUUUUAFFFFABRRRQAUUUUAFFFFABRRRQAUUUUAFFFFABRRRQAUUUUAFFFFABRRRQAUUUUAFFFFABRRRQAUUUUAFFFFABRRRQAUUUUAFFFFABRRRQAUUUUAFFFFABRRRQAUUUUAFFFFABRRRQAUUUUAFFFFABRRRQAUUUUAFFFFABRRRQAUUUUAFFFFABRRRQAUUUUAFFFFABRRRQAUUUUAFFFFABRRRQAUUUUAFFFFABRRRQAUUUUAFFFFABXw8a+4a+HjQA01G1SGo2oAheoWqZ6hagCFqYae1MNADaSlpKACiiigAooooAK+3/An/JPPDX/YKtf/AEUtfEFfb/gT/knnhr/sFWv/AKKWgDoKKKKACiiigAooooAKKKKACiiigAooooAKKKKACiiigAooooAKKKKACiiigAooooAKKKKACiiigAooooAKKKKACiiigAooooAKKKKACiiigAooooAKKKKACiiigAooooAKKKKACiiigAooooAKKKKACiiigAooooAKKKKACiiigAooooAKKKKACiiigAooooAKKKKACiiigAooooAKKKKACiiigAooooAKKKKACiiigAooooAKKKKACiiigAooooAKKKKACiiigAooooAKKKKACiiigAooooAKKKKACiiigAooooAKKKKACiiigAooooAKKKKACiiigAooooAKKKKACiiigAr4eNfcNfDxoAaajapDUbUAQvULVM9QtQBC1MNPamGgBtJS0lABRRRQAUUUUAFfb/gT/knnhr/sFWv/AKKWviCvt/wJ/wAk88Nf9gq1/wDRS0AdBRRRQAUUUUAFFFFABRRRQAUUUUAFFFFABRRRQAUUUUAFFFFABRRRQAUUUUAFFFFABRRRQAUUUUAFFFFABRRRQAUUUUAFFFFABRRRQAUUUUAFFFFABRRRQAUUUUAFFFFABRRRQAUUUUAFFFFABRRRQAUUUUAFFFFABRRRQAUUUUAFFFFABRRRQAUUUUAFFFFABRRRQAUUUUAFFFFABRRRQAUUUUAFFFFABRRRQAUUUUAFFFFABRRRQAUUUUAFFFFABRRRQAUUUUAFFFFABRRRQAUUUUAFFFFABRRRQAUUUUAFFFFABRRRQAUUUUAFFFFABRRRQAUUUUAFFFFABRRRQAUUUUAFfDxr7hr4eNADTUbVIajagCF6hapnqFqAIWphp7Uw0ANpKWkoAKKKKACiiigAr7f8Cf8AJPPDX/YKtf8A0UtfEFfb/gT/AJJ54a/7BVr/AOiloA6CiiigAooooAKKKKACiiigAooooAKKKKACiiigAooooAKKKKACiiigAooooAKKKKACiiigAooooAKKKKACiiigAooooAKKKKACiiigAooooAKKKKACiiigAooooAKKKKACiiigAooooAKKKKACiiigAooooAKKKKACiiigAooooAKKKKACiiigAooooAKKKKACiiigAooooAKKKKACiiigAooooAKKKKACiiigAooooAKKKKACiiigAooooAKKKKACiiigAooooAKKKKACiiigAooooAKKKKACiiigAooooAKKKKACiiigAooooAKKKKACiiigAooooAKKKKACiiigAooooAK+HjX3DXw8aAGmo2qQ1G1AEL1C1TPULUAQtTDT2phoAbSUtJQAUUUUAFFFFABX2/4E/wCSeeGv+wVa/wDopa+IK+3/AAJ/yTzw1/2CrX/0UtAHQUUUUAFFFFABRRRQAUUUUAFFFFABRRRQAUUUUAFFFFABRRRQAUUUUAFFFFABRRRQAUUUUAFFFFABRRRQAUUUUAFFFFABRRRQAUUUUAFFFFABRRRQAUUUUAFFFFABRRRQAUUUUAFFFFABRRRQAUUUUAFFFFABRRRQAUUUUAFFFFABRRRQAUUUUAFFFFABRRRQAUUUUAFFFFABRRRQAUUUUAFFFFABRRRQAUUUUAFFFFABRRRQAUUUUAFFFFABRRRQAUUUUAFFFFABRRRQAUUUUAFFFFABRRRQAUUUUAFFFFABRRRQAUUUUAFFFFABRRRQAUUUUAFFFFABRRRQAUUUUAFFFFABXw8a+4a+HjQA01G1SGo2oAheoWqZ6hagCFqYae1MNADaSlpKACiiigAooooAK+3/AAJ/yTzw1/2CrX/0UtfEFfb/AIE/5J54a/7BVr/6KWgDoKKKKACiiigAooooAKKKKACiiigAooooAKKKKACiiigAooooAKKKKACiiigAooooAKKKKACiiigAooooAKKKKACiiigAooooAKKKKACiiigAooooAKKKKACiiigAooooAKKKKACiiigAooooAKKKKACiiigAooooAKKKKACiiigAooooAKKKKACiiigAooooAKKKKACiiigAooooAKKKKACiiigAooooAKKKKACiiigAooooAKKKKACiiigAooooAKKKKACiiigAooooAKKKKACiiigAooooAKKKKACiiigAooooAKKKKACiiigAooooAKKKKACiiigAooooAKKKKACiiigAr4eNfcNfDxoAaajapDUbUAQvULVM9QtQBC1MNPamGgBtJS0lABRRRQAUUUUAFfb/AIE/5J54a/7BVr/6KWviCvt/wJ/yTzw1/wBgq1/9FLQB0FFFFABRRRQAUUUUAFFFFABRRRQAUUUUAFFFFABRRRQAUUUUAFFFFABRRRQAUUUUAFFFFABRRRQAUUUUAFFFFABRRRQAUUUUAFFFFABRRRQAUUUUAFFFFABRRRQAUUUUAFFFFABRRRQAUUUUAFFFFABRRRQAUUUUAFFFFABRRRQAUUUUAFFFFABRRRQAUUUUAFFFFABRRRQAUUUUAFFFFABRRRQAUUUUAFFFFABRRRQAUUUUAFFFFABRRRQAUUUUAFFFFABRRRQAUUUUAFFFFABRRRQAUUUUAFFFFABRRRQAUUUUAFFFFABRRRQAUUUUAFFFFABRRRQAUUUUAFFFFABRRRQAV8PGvuGvh40ANNRtUhqNqAIXqFqmeoWoAhamGntTDQA2kpaSgAooooAKKKKACvt/wJ/yTzw1/wBgq1/9FLXxBX2/4E/5J54a/wCwVa/+iloA6CiiigAooooAKKKKACiiigAooooAKKKKACiiigAooooAKKKKACiiigAooooAKKKKACiiigAooooAKKKKACiiigAooooAKKKKACiiigAooooAKKKKACiiigAooooAKKKKACiiigAooooAKKKKACiiigAooooAKKKKACiiigAooooAKKKKACiiigAooooAKKKKACiiigAooooAKKKKACiiigAooooAKKKKACiiigAooooAKKKKACiiigAooooAKKKKACiiigAooooAKKKKACiiigAooooAKKKKACiiigAooooAKKKKACiiigAooooAKKKKACiiigAooooAKKKKACiiigAooooAK+HjX3DXw8aAGmo2qQ1G1AEL1C1TPULUAQtTDT2phoAbSUtJQAUUUUAFFFFABX2/4E/5J54a/wCwVa/+ilr4gr7f8Cf8k88Nf9gq1/8ARS0AdBRRRQAUUUUAFFFFABRRRQAUUUUAFFFFABRRRQAUUUUAFFFFABRRRQAUUUUAFFFFABRRRQAUUUUAFFFFABRRRQAUUUUAFFFFABRRRQAUUUUAFFFFABRRRQAUUUUAFFFFABRRRQAUUUUAFFFFABRRRQAUUUUAFFFFABRRRQAUUUUAFFFFABRRRQAUUUUAFFFFABRRRQAUUUUAFFFFABRRRQAUUUUAFFFFABRRRQAUUUUAFFFFABRRRQAUUUUAFFFFABRRRQAUUUUAFFFFABRRRQAUUUUAFFFFABRRRQAUUUUAFFFFABRRRQAUUUUAFFFFABRRRQAUUUUAFFFFABRRRQAUUUUAFfDxr7hr4eNADTUbVIajagCF6hapnqFqAIWphp7Uw0ANpKWkoAKKKKACiiigAr7f8Cf8k88Nf9gq1/8ARS18QV9v+BP+SeeGv+wVa/8AopaAOgooooAKKKKACiiigAooooAKKKKACiiigAooooAKKKKACiiigAooooAKKKKACiiigAooooAKKKKACiiigAooooAKKKKACiiigAooooAKKKKACiiigAooooAKKKKACiiigAooooAKKKKACiiigAooooAKKKKACiiigAooooAKKKKACiiigAooooAKKKKACiiigAooooAKKKKACiiigAooooAKKKKACiiigAooooAKKKKACiiigAooooAKKKKACiiigAooooAKKKKACiiigAooooAKKKKACiiigAooooAKKKKACiiigAooooAKKKKACiiigAooooAKKKKACiiigAooooAKKKKACvh419w18PGgBpqNqkNRtQBC9QtUz1C1AELUw09qYaAG0lLSUAFFFFABRRRQAV9v+BP+SeeGv+wVa/8Aopa+IK+3/An/ACTzw1/2CrX/ANFLQB0FFFFABRRRQAUUUUAFFFFABRRRQAUUUUAFFFFABRRRQAUUUUAFFFFABRRRQAUUUUAFFFFABRRRQAUUUUAFFFFABRRRQAUUUUAFFFFABRRRQAUUUUAFFFFABRRRQAUUUUAFFFFABRRRQAUUUUAFFFFABRRRQAUUUUAFFFFABRRRQAUUUUAFFFFABRRRQAUUUUAFFFFABRRRQAUUUUAFFFFABRRRQAUUUUAFFFFABRRRQAUUUUAFFFFABRRRQAUUUUAFFFFABRRRQAUUUUAFFFFABRRRQAUUUUAFFFFABRRRQAUUUUAFFFFABRRRQAUUUUAFFFFABRRRQAUUUUAFFFFABRRRQAV8PGvuGvh40ANNRtUhqNqAIXqFqmeoWoAhamGntTDQA2kpaSgAooooAKKKKACvt/wJ/wAk88Nf9gq1/wDRS18QV9v+BP8Aknnhr/sFWv8A6KWgDoKKKKACiiigAooooAKKKKACiiigAooooAKKKKACiiigAooooAKKKKACiiigAooooAKKKKACiiigAooooAKKKKACiiigAooooAKKKKACiiigAooooAKKKKACiiigAooooAKKKKACiiigAooooAKKKKACiiigAooooAKKKKACiiigAooooAKKKKACiiigAooooAKKKKACiiigAooooAKKKKACiiigAooooAKKKKACiiigAooooAKKKKACiiigAooooAKKKKACiiigAooooAKKKKACiiigAooooAKKKKACiiigAooooAKKKKACiiigAooooAKKKKACiiigAooooAKKKKACiiigAr4eNfcNfDxoAaajapDUbUAQvULVM9QtQBC1MNPamGgBtJS0lABRRRQAUUUUAFfb/gT/AJJ54a/7BVr/AOilr4gr7f8AAn/JPPDX/YKtf/RS0AdBRRRQAUUUUAFFFFABRRRQAUUUUAFFFFABRRRQAUUUUAFFFFABRRRQAUUUUAFFFFABRRRQAUUUUAFFFFABRRRQAUUUUAFFFFABRRRQAUUUUAFFFFABRRRQAUUUUAFFFFABRRRQAUUUUAFFFFABRRRQAUUUUAFFFFABRRRQAUUUUAFFFFABRRRQAUUUUAFFFFABRRRQAUUUUAFFFFABRRRQAUUUUAFFFFABRRRQAUUUUAFFFFABRRRQAUUUUAFFFFABRRRQAUUUUAFFFFABRRRQAUUUUAFFFFABRRRQAUUUUAFFFFABRRRQAUUUUAFFFFABRRRQAUUUUAFFFFABRRRQAUUUUAFfDxr7hr4eNADTUbVIajagCF6hapnqFqAIWphp7Uw0ANpKWkoAKKKKACiiigAr7f8AAn/JPPDX/YKtf/RS18QV9v8AgT/knnhr/sFWv/opaAOgooooAKKKKACiiigAooooAKKKKACiiigAooooAKKKKACiiigAooooAKKKKACiiigAooooAKKKKACiiigAooooAKKKKACiiigAooooAKKKKACiiigAooooAKKKKACiiigAooooAKKKKACiiigAooooAKKKKACiiigAooooAKKKKACiiigAooooAKKKKACiiigAooooAKKKKACiiigAooooAKKKKACiiigAooooAKKKKACiiigAooooAKKKKACiiigAooooAKKKKACiiigAooooAKKKKACiiigAooooAKKKKACiiigAooooAKKKKACiiigAooooAKKKKACiiigAooooAKKKKACvh419w18OmgBDUbU81G1AET1A1TtUDUARNTDTzTDQA00lKaSgAooooAKKKKACvt/wJ/yTzw1/2CrX/wBFLXxBX2/4E/5J54a/7BVr/wCiloA6CiiigAooooAKKKKACiiigAooooAKKKKACiiigAooooAKKKKACiiigAooooAKKKKACiiigAooooAKKKKACiiigAooooAKKKKACiiigAooooAKKKKACiiigAooooAKKKKACiiigAooooAKKKKACiiigAooooAKKKKACiiigAooooAKKKKACiiigAooooAKKKKACiiigAooooAKKKKACiiigAooooAKKKKACiiigAooooAKKKKACiiigAooooAKKKKACiiigAooooAKKKKACiiigAooooAKKKKACiiigAooooAKKKKACiiigAooooAKKKKACiiigAooooAKKKKACiiigAooooAK+HCa+46+GiaAAmoyacTTGNAEbVC1SsahagCM0w040w0AIaSg0UAFFFFABRRRQAV9v+BP+SeeGv8AsFWv/opa+IK+w/BfjTwra+BfD1vceJdGhni0y2SSOS/iVkYRKCCC2QQeMUAd5RXP/wDCd+EP+hr0P/wYxf8AxVH/AAnXhD/oatD/APBjF/8AFUAdBRWB/wAJ14Q/6GrQ/wDwYRf/ABVH/Cc+Ef8AoadE/wDBhF/8VQBv0Vg/8Jx4S/6GnRP/AAYRf/FUf8Jx4S/6GnRP/BhF/wDFUAb1FYP/AAnHhL/oaNE/8GEX/wAVR/wm/hL/AKGjRP8AwYRf/FUAb1FYP/Cb+Ev+ho0T/wAGEX/xVH/Cb+Ev+ho0T/wYRf8AxVAG9RWD/wAJv4S/6GjRP/BhF/8AFUf8Jv4S/wCho0T/AMGEX/xVAG9RWD/wm/hL/oaNE/8ABhF/8VR/wm/hL/oaNE/8GEX/AMVQBvUVg/8ACb+Ev+ho0T/wYRf/ABVH/Cb+Ev8AoaNE/wDBhF/8VQBvUVg/8Jv4S/6GjRP/AAYRf/FUf8Jv4S/6GjRP/BhF/wDFUAb1FYP/AAm/hL/oaNE/8GEX/wAVR/wm/hL/AKGjRP8AwYRf/FUAb1FYP/Cb+Ev+ho0T/wAGEX/xVH/Cb+Ev+ho0T/wYRf8AxVAG9RWD/wAJv4S/6GjRP/BhF/8AFUf8Jv4S/wCho0T/AMGEX/xVAG9RWD/wm/hL/oaNE/8ABhF/8VR/wm/hL/oaNE/8GEX/AMVQBvUVg/8ACb+Ev+ho0T/wYRf/ABVH/Cb+Ev8AoaNE/wDBhF/8VQBvUVg/8Jv4S/6GjRP/AAYRf/FUf8Jv4S/6GjRP/BhF/wDFUAb1FYP/AAm/hL/oaNE/8GEX/wAVR/wm/hL/AKGjRP8AwYRf/FUAb1FYP/Cb+Ev+ho0T/wAGEX/xVH/Cb+Ev+ho0T/wYRf8AxVAG9RWD/wAJv4S/6GjRP/BhF/8AFUf8Jv4S/wCho0T/AMGEX/xVAG9RWD/wm/hL/oaNE/8ABhF/8VR/wm/hL/oaNE/8GEX/AMVQBvUVg/8ACb+Ev+ho0T/wYRf/ABVH/Cb+Ev8AoaNE/wDBhF/8VQBvUVg/8Jv4S/6GjRP/AAYRf/FUf8Jv4S/6GjRP/BhF/wDFUAb1FYP/AAm/hL/oaNE/8GEX/wAVR/wm/hL/AKGjRP8AwYRf/FUAb1FYP/Cb+Ev+ho0T/wAGEX/xVH/Cb+Ev+ho0T/wYRf8AxVAG9RWD/wAJv4S/6GjRP/BhF/8AFUf8Jv4S/wCho0T/AMGEX/xVAG9RWD/wm/hL/oaNE/8ABhF/8VR/wm/hL/oaNE/8GEX/AMVQBvUVg/8ACb+Ev+ho0T/wYRf/ABVH/Cb+Ev8AoaNE/wDBhF/8VQBvUVg/8Jv4S/6GjRP/AAYRf/FUf8Jv4S/6GjRP/BhF/wDFUAb1FYP/AAm/hL/oaNE/8GEX/wAVR/wm/hL/AKGjRP8AwYRf/FUAb1FYP/Cb+Ev+ho0T/wAGEX/xVH/Cb+Ev+ho0T/wYRf8AxVAG9RWD/wAJv4S/6GjRP/BhF/8AFUf8Jv4S/wCho0T/AMGEX/xVAG9RWD/wm/hL/oaNE/8ABhF/8VR/wm/hL/oaNE/8GEX/AMVQBvUVg/8ACb+Ev+ho0T/wYRf/ABVH/Cb+Ev8AoaNE/wDBhF/8VQBvUVg/8Jv4S/6GjRP/AAYRf/FUf8Jv4S/6GjRP/BhF/wDFUAb1FYP/AAm/hL/oaNE/8GEX/wAVR/wm/hL/AKGjRP8AwYRf/FUAb1FYP/Cb+Ev+ho0T/wAGEX/xVH/Cb+Ev+ho0T/wYRf8AxVAG9RWD/wAJv4S/6GjRP/BhF/8AFUf8Jv4S/wCho0T/AMGEX/xVAG9RWD/wm/hL/oaNE/8ABhF/8VR/wm/hL/oaNE/8GEX/AMVQBvUVg/8ACb+Ev+ho0T/wYRf/ABVH/Cb+Ev8AoaNE/wDBhF/8VQBvUVg/8Jv4S/6GjRP/AAYRf/FUf8Jv4S/6GjRP/BhF/wDFUAb1FYP/AAm/hL/oaNE/8GEX/wAVR/wm/hL/AKGjRP8AwYRf/FUAb1FYP/Cb+Ev+ho0T/wAGEX/xVH/Cb+Ev+ho0T/wYRf8AxVAG9RWD/wAJv4S/6GjRP/BhF/8AFUf8Jv4S/wCho0T/AMGEX/xVAG9RWD/wm/hL/oaNE/8ABhF/8VR/wm/hL/oaNE/8GEX/AMVQBvUVg/8ACb+Ev+ho0T/wYRf/ABVH/Cb+Ev8AoaNE/wDBhF/8VQBvUVg/8Jv4S/6GjRP/AAYRf/FUf8Jv4S/6GjRP/BhF/wDFUAb1FYP/AAm/hL/oaNE/8GEX/wAVR/wm/hL/AKGjRP8AwYRf/FUAb1FYP/Cb+Ev+ho0T/wAGEX/xVH/Cb+Ev+ho0T/wYRf8AxVAG9RWD/wAJv4S/6GjRP/BhF/8AFUf8Jv4S/wCho0T/AMGEX/xVAG9RWD/wm/hL/oaNE/8ABhF/8VR/wm/hL/oaNE/8GEX/AMVQBvUVg/8ACb+Ev+ho0T/wYRf/ABVH/Cb+Ev8AoaNE/wDBhF/8VQBvUVg/8Jv4S/6GjRP/AAYRf/FUf8Jv4S/6GjRP/BhF/wDFUAb1FYP/AAm/hL/oaNE/8GEX/wAVR/wm/hL/AKGjRP8AwYRf/FUAb1FYP/Cb+Ev+ho0T/wAGEX/xVH/Cb+Ev+ho0T/wYRf8AxVAG9RWD/wAJv4S/6GjRP/BhF/8AFUf8Jv4S/wCho0T/AMGEX/xVAG9RWD/wm/hL/oaNE/8ABhF/8VR/wm/hL/oaNE/8GEX/AMVQBvUVg/8ACb+Ev+ho0T/wYRf/ABVH/Cb+Ev8AoaNE/wDBhF/8VQBvUVg/8Jv4S/6GjRP/AAYRf/FUf8Jv4S/6GjRP/BhF/wDFUAb1FYP/AAm/hL/oaNE/8GEX/wAVR/wm/hL/AKGjRP8AwYRf/FUAb1FYP/Cb+Ev+ho0T/wAGEX/xVH/Cb+Ev+ho0T/wYRf8AxVAG9RWD/wAJv4S/6GjRP/BhF/8AFUf8Jv4S/wCho0T/AMGEX/xVAG9RWD/wm/hL/oaNE/8ABhF/8VR/wm/hL/oaNE/8GEX/AMVQBvUVg/8ACb+Ev+ho0T/wYRf/ABVH/Cb+Ev8AoaNE/wDBhF/8VQBvUVg/8Jv4S/6GjRP/AAYRf/FUf8Jv4S/6GjRP/BhF/wDFUAb1FYP/AAm/hL/oaNE/8GEX/wAVR/wm/hL/AKGjRP8AwYRf/FUAb1FYP/Cb+Ev+ho0T/wAGEX/xVH/Cb+Ev+ho0T/wYRf8AxVAG9XwsWr7L/wCE48Jf9DRon/gwi/8Aiq+L91AEhamE00tTC1AAxqJjTiajJoAaaaaUmm0AIaKKKACiiigAooooAKKKKAFpQabS0APBp4NRA0oNAEwal3VFmlzQBLuo3VFuo3UATbqN1Q7qN1AE26jdUO6jdQBNuo3VDuo3UATbqN1Q7qN1AE26jdUO6jdQBNuo3VDuo3UATbqN1Q7qN1AE26jdUO6jdQBNuo3VDuo3UATbqN1Q7qN1AE26jdUO6jdQBNuo3VDuo3UATbqN1Q7qN1AE26jdUO6jdQBNuo3VDuo3UATbqN1Q7qN1AE26jdUO6jdQBNuo3VDuo3UATbqN1Q7qN1AE26jdUO6jdQBNuo3VDuo3UATbqN1Q7qN1AE26jdUO6jdQBNuo3VDuo3UATbqN1Q7qN1AE26jdUO6jdQBNuo3VDuo3UATbqN1Q7qN1AE26jdUO6jdQBNuo3VDuo3UATbqN1Q7qN1AE26jdUO6jdQBNuo3VDuo3UATbqN1Q7qN1AE26jdUO6jdQBNuo3VDuo3UATbqN1Q7qN1AE26jdUO6jdQBNuo3VDuo3UATbqN1Q7qN1AE26jdUO6jdQBNuo3VDuo3UATbqN1Q7qN1AE26jdUO6jdQBNuo3VDuo3UATbqN1Q7qN1AE26jdUO6jdQBNuo3VDuo3UATbqN1Q7qN1AE26jdUO6jdQBNuo3VDuo3UATbqN1Q7qN1AE26jdUO6jdQBNuo3VDuo3UATbqN1Q7qN1AE26jdUO6jdQBNuo3VDuo3UATbqN1Q7qN1AE26jdUO6jdQBNuo3VDuo3UATbqN1Q7qN1AEu6jdUW6jdQBJuppamZpM0AOJppNITSE0ABNJRSUAFFFFABRRRQAUUUUAFFFFABRRRQAtFJRQA7NGabmlzQA7NGabmjNADs0ZptFADs0ZptFADs0ZptFADs0ZptFADs0ZptFADs0ZptFADs0ZptFADs0ZptFADs0ZptFADs0ZptFADs0ZptFADs0ZptFADs0ZptFADs0ZptFADs0ZptFADs0ZptFADs0ZptFADs0ZptFADs0ZptFADs0ZptFADs0ZptFADs0ZptFADs0ZptFADs0ZptFADs0ZptFADs0ZptFADs0ZptFADs0ZptFADs0ZptFADs0ZptFADs0ZptFADs0ZptFADs0ZptFADs0ZptFADs0ZptFADs0ZptFADs0ZptFADs0ZptFADs0ZptFADs0ZptFADs0ZptFADs0ZptFADs0ZptFADs0ZptFADs0ZptFADs0ZptFADs0ZptFADs0ZptFADs0ZptFADs0ZptFADs0ZptFADs0ZptFADs0ZptFADs0ZptFADs0ZptFADs0ZptFADs0ZptFADs0ZptFADs0ZptFADs0ZptFADs0ZptFADs0ZpuaM0ALmjNJmkzQAtFJRQAUUUUAFFFFABRRRQAUUUUAFFFFABRRRQAUUUUAFFFFABRRRQAUUUUAFFFFABRRRQAUUUUAFFFFABRRRQAUUUUAFFFFABRRRQAUUUUAFFFFABRRRQAUUUUAFFFFABRRRQAUUUUAFFFFABRRRQAUUUUAFFFFABRRRQAUUUUAFFFFABRRRQAUUUUAFFFFABRRRQAUUUUAFFFFABRRRQAUUUUAFFFFABRRRQAUUUUAFFFFABRRRQAUUUUAFFFFABRRRQAUUUUAFFFFABRRRQAUUUUAFFFFABRRRQAUUUUAFFFFABRRRQAUUUUAFFFFABRRRQAUUUUAFFFFABRRRQAUUUUAFFFFABRRRQAUUUUAFFFFABRRRQAUUUUAFFFFABRRRQAUUUUAFFFFABRRRQAUUUUAFFFFABRRRQAUUUUAFFFFABRRRQAUUUUAFFFFABRRRQAUUUUAFFFFABRRRQAUUUUAFFFFABRRRQAUUUUAFFFFABRRRQAUUUUAFFFFABRRRQAUUUUAFFFFABRRRQAUUUUAFFFFABRRRQAUUUUAFFFFABRRRQAUUUUAFFFFABRRRQAUUUUAFFFFABRRRQAUUUUAFFFFABRRRQAUUUUAFFFFABRRRQAUUUUAFFFFABRRRQAUUUUAFFFFABRRRQAUUUUAFFFFABRRRQAUUUUAFFFFABRRRQAUUUUAFFFFABRRRQAUUUUAFFFFABRRRQAUUUUAFFFFABRRRQAUUUUAFFFFABRRRQAUUUUAFFFFABRRRQAUUUUAFFFFABRRRQAUUUUAFFFFAH//ZDQplbmRzdHJlYW0NZW5kb2JqDTI4IDAgb2JqDTw8L0NvbnRlbnRzIDI5IDAgUiAvTWVkaWFCb3ggWzAgMCA5NjAgNTQwXSAvUGFyZW50IDIgMCBSIC9SZXNvdXJjZXMgPDwvRXh0R1N0YXRlIDw8L0dTOCA4IDAgUj4+IC9Gb250IDw8L0ZUMTAgMTAgMCBSIC9GVDE1IDE1IDAgUiAvRlQzMiAzMiAwIFIgL0ZUMzkgMzkgMCBSIC9GVDQ0IDQ0IDAgUj4+IC9YT2JqZWN0IDw8L0lNMzAgMzAgMCBSIC9JTTM3IDM3IDAgUiAvSU05IDkgMCBSPj4+PiAvVHlwZSAvUGFnZT4+DWVuZG9iag0yOSAwIG9iag08PC9GaWx0ZXIgL0ZsYXRlRGVjb2RlIC9MZW5ndGggMTE5MDY+Pg0Kc3RyZWFtDQp4nM1926olSZLd+0D+w3kemN3hd3doBOfkpZFgHmZUoA8o1COGbImaedDvy+2yzMxjZ1ZlZRaiabo7Y50ID7+YLTM3s/D9y7v0cu3//BP9X6vXy89/e/fLO0JWF+A//ue7//GPL/9730f/+Y9/23/+01/++3z5t/+83/bXf3z3L++ux9Ve/u+7/PLP+7//bf/33/m26+Vf/2LP/cJP8WtbWY+W6d37H6PT6//0X/95vXz4Py+7rd2QvHY//Mu7t5/e/enTT+l6yTm9/PRXeRW3wv9K9bH6eGm5P1IuLz/97d2f+6f347/89O//8PGn3bNvb6A90jWfG5Au8wyU/tL27fPlbxuVf32mf5X0yHX/k/4e/6138AxxP2w2f7VD7VGaDih/rT9xavbNbX2hoVYfef9vebRWuZ1rfai7nZfW6ZaXnz78+Ror3ZAy2g1p9f7U64ene9K8IW/pfs+Yr3fk6ifScrr3Z35c96c+fLoh/a35/Oxp2xL0y0uZaU8kBL2WR8l9g4+1XvIcj16Syl25XPAwqSW/lPTFSV2P3l5yuh5zTzzP6sg80pLvo3DkmvX9DVmfXp+FtH3lrVu0n15b33+6N9nebkhbd2SNdb/nwx0pfdyQum4DKq3U+z3XvCE9v97fXtrToL861Xk9z/Wa95e8jfvMvr2/v7b0+zT0/OHbO6Jrvrmqox+v6Xes3mhPz6tOhR6pTsWFSU9jTfd7Rvtwl7S3p4XhJf/GsSZSjVtnn6evtvwkznekjafOPi3M27gP8fldY318euou+f3jvZ3x/umpjzWQRK7j5XrUzbRq3vrYBPGSSnnkze/7Kk+6TI9U00sn2uhbDdejbhYZG9Wr+fLz5vr1mBXXm/v332e4vYytvckao8vW9VX7ab3kV/LTcnenh+lubYxeuruLl9ElPa59kcvP79BTvRvj0MZ0kPKqn48xq506Le9hsNpLvb5ksOaex6tsu9V3R8WCXpP1az/gAvL+JoXf1HbKX2hcDMnvbqo+N5XbTN/TVP9Cr2rqtyGL4kVE1TUgqq4BeXsrN6S/f2rn9dN3dLtcX1qpj/fGa7kNpLQw4Wpf3Q35NUNb90SNVGFox83Qmm/1a4w02fSV/X/W57cnw/J2vZ0T8k1Np9Se2m7t2ax++p6263hqe6zrzta9fE/bYz233e50Gwnv29vevstT25V7eRr7+yzV674mX/N5TuTuKdV8t1/PdL/S+vrIvu5EXbwiNeVHt9X+ARv7+1ctPb3/C57JeHK+2t1Bm0/O12t9Mr/1PrI27+vxhVX8+DzXH8NYxWKUqz/2BsfMZLn2VmNve9T4lCs/Nh+IZeKL7FZSr91K6t1q9tCUWkV9k1nJQiRe3UqWuh++qlnJUvfje/bxsn2ZullJvTQribsxDG1MBymv+vkc8/ebyZSEfcv2CtZMsv79Nd3Z99O8k/1142PsL6KJGHcz0oQPoql5YnrdScV23u5PvX66m6zX99F3rttL3z7EnslKG2O9LHsTW9ZL25M2tt+R8njMWfaWuNu/f35He+48pv+15L1htmflajfcWAL0eu9nRykv9mzfKzuXtKz/3vfivYpor/TZo8s/Y39e13wMJu762BsVHstGMt1JJqjstWekMZBZkBjYL0hbdMbMiswiCFlFQeg6PZbcsLY4JAa2RVAkb1EjDyWzB0lIpdFtN7yWqgi9edvVvu3o5z3ELVXkRe65awDqNRjZ2zxFuHNli26bjKRHpjHuOe5lKdLZG62PVQsjebuOk5E8kiK9iaPYs9xTHmk1Rq4rKTI6PZV3LxojdSvMYrd3apf3O9ZgJC/pDxvgVKSjn3nhSp6MlCQN7+EU9qVnbwpsYyfeNTNJu+bW28TINaR/e0b7flPey8NAIh0sDNQMhCaOkNQE2VOh4rgyN5yImhojo3Bv0nZvemFk+46KDBoUIfLQnjdyqzdQZf420mkmCCnyqvZIohY6WRugMA0hZfLUqKpsQyxXm4z6+fetNOtoY/+tHG/Z3e7j6Mnc659jZ0me+jEe2sUcY94+eMk5zkumnUyJc7eRVUec37w1gqcBS5DLY0txXKW8Z6oeK5kpGrfiam897yNFgchbROqKQrM7dpGMuFxlCvBE0du9yCVF8dzI3GQfRHi/tNQZxZy7kaIqUDdIVV1dqBurRpWibtDqutptpK0SVbPQfEXt3R3LPCpT8EKGMgcOIIQl33iCkEVdNi5pu/PJyYYvaQTGRoTkFAiLAXqzkRojYwTeY4T6q9woSDF2Pu9Y1hNppT1qmseb2h51i53p++Gju8LfPp6xBS0dI97CqD3BrOwFzSXOXN1ucplxdpvs+X0BGq1VjWu0kTVqXMeWeRMT1nobElUxyEPbnoUMATKzkXnKVdsTUVeUvb0Ru0SuIJ8b6X0EEW7bN5EeQ8o3MqSD0IS2HxaagLZsZPQUNaptRrxG1DoKa+WomBtYqj6qu51GB41n/d5I1zEoB2xkyfKCJ8jotkglGygV/MN0s5G6DkbaSFNKUtbaSJcJVGIjQDQM3EeIzBb4kZBZwZ98tSK/hr8LBYcmlKXDa5TJQ0+U7ENv1SCEEanRCKNWw+ITo7bH5w72yecXJszXAGbO1wmm0JZSjaUvNuypC4SaXJcZWGWXK1hulz1YdxdPeAAuwvASXMzhSbgqwNtwdYFH4ioFr8XVDp6Nq6Y6P6a9cI9Mv82DMg5wLws84Z4YuASuGtjGnTnwkTt8SlnmEoLT3GsE70XPcg17KLDn3ff8/O5/yZDknprVs8YzGDEabeuO1AGE+XW71KPekZ6AMKG2PbBmiBD3GPYuCjruQadl7cwiyEQ7swh1d7vmyzbRmTmFua8rG9L4njWx9hep+r5nXoZkeWqIXdkI2SlaxzYhDflagnQIDNHMXnyV3w1kkYaS4Rv3lVliEq5piPv6GrhjTZGpaZK5VMpmgjwXNhGbDyo87HIpkjtkfmSW51wrkC5Ahst99cqImG0CmjwDTaqsE3sXPBqQIXrTGpClpihfE0heom3qXheZB9JIIR5CUhFEr1dNosVXBZIrI2XCj69T7lkdvn7tcs+q8OwvEqLNDw3X3JdN1Lpq4jARy1xKVhvJYgSXzsPWMia47cHODoSWlpCBe+aSe1bBPXMoohO83VvmnbkFogMpiuiqkAkWazpqA5KUPFUCJrt9RLBJGW0jWUj5Ev7fxN27kHLNFUjNgpgBqJfcMxK2I2XKPUPdeYpZyLtW70CKGuq2FFlFjERSs7aRJIYkjan2aGQJWpOlUoRklBBtZ0sRycVGmr69UFRGABg6FiZCOgA2shtosJelSCv96kByV6QpMrThLg40IXhKDB2ZZjV9ZJEVYfNNyIRBnzIqN+ht5APZtunSt5sbQEwfkS2PedyeqqnekFnb8fbOnBB7uG1lT8coBnvpcaTbpRv1mI2N4Cmdsfm4ZjlmdbKFDRO/91jrWJrJ+7u4eot3QnGFN6LvVinY7to1R5QUQnqJ0rSR2aPAEVB6FMrtB/Y0ouBm8qRrFO5Mu48RFYCQcijJ9kJpCxMUiRB9SpVtI2OmqJCE9KizGUxkek0I66zpPtV65IMfuPrj4JCNDPW/lWcIYX41LiL/e6zIV5mDhIHSNrBGZD0CmNmVFzN4yJiTkLQiu2aSgBYZmJC2IkvnyXbWeJyu2eoY0/O+OxoDAtQZU4ORqS6nRqNCCBs4MzwUvuTdjJomuuaVhO3iLVG0bgTkGQ1gIeO7opEkhJwDN6R793Xlw9gSkg6DXMj89mi0CeFRqlmnXR2phht+QkhAzDfYwIjOA13PGv0L2iuOFH0QQsiEu5+yd5gp1ejLMJKCv8PICC4RA+RWq8/E21R2beBVCdKC58UI7RTMOxMkBw+OkbGClyfIDJ4gIyt6i4LU4FESgk3+eVnz7YGU8q1R0rD44sJZj9i5rbopHQMoe0/Sj0FSVGEdE5G3bZ/HZG1kHbOZobKY8Mz70Lgm+XGNY9k2MOextHtv0eex/BReKoeIbDM+IVU8ps3AOhMqZmVZJENFkZAKyWNhpWTpwD0s0Jw+xT0s9IW8k0MxCOkISrHyFIrqQeVYwQipUDAJrG7LpYogekpAPTR5Ixpsga4ToiSofFA28aweOWMjLQG5NKQ8O+JoPM7Kcf7AThRYa4bMoaG2HDmOwnEdnMY8SMg09kxyT7oQNmE+JSQfjEtRoQGW5jD0BmTNlbYLueEtMjshM5I/LeJEYHJojNGMCofWpfIimBmu+1jRFFEcSedKzRUheQaLxus1otEjpOAWNoy0PMNM5ZC46RLigIHN5HsiqFP0qS4xRxhqClA1BHXYmBOiYSg1+Hnx8NwnICCZI9ElGjynORJTosFTWAvuB0WDZUbhohCiLrC6MSQKGpIRT4elRa8v3JHg+rC7xIg5WV3uqd2cLH131XbVNeNo9eG+EYKAO3t4BFyGcLR6wubCU9yIB+XZmwyIepyMoB32SgOinuvxFHu3B8IecHi7esmhh+pJ+yDU2Q7jVIc8zIU67WG+1LEPc6q+f5h32R74yugGIqydbjLC+upGJMiAblaCnOiGxmUJmx6XN2yMXCSxeXKxxQbLRRubMBd/bNRcRbCZczXChs9VDZtCV0dsHF1lsbl0rcYG1DUfm1RnB2xknUGw2QXHYDvsLIQtsxEVdtXOZdh5O91hb+6MiP27syb2+M6siAM4+yJW4AyNaIKzOCIOzvSISrg1QOTCDQaiG25UEAFxw4MYiRsnhFHcgGmkxW0cgjFuBhGwcVOJoI6bUwR+3OQiOORmGQEkN90IMbl5RxjKXQBEqtxNsGCWuRIW8DJvw4Ji5pFY4AxeiwfX4Nl4AE6dHwvRwT3yGB48KI/zqZPloUD4YR4uhK/mIUX4cx52hM8XEfELY/hSfMcDSdad4IH+9Uv1b4XKP64v1fFu4tC0UEuorI+VPBzM3+xT91ZxbTP4NyZrR2DJHElK6GVzxFYgu+dsh8K5fNfLyuwDSsMUl6YKuZosWnFDtoshj2S8By1g7FLLQKkj1F7knHgbgBqIzJQvFRL4t9de2F+5usKelaty8V4GtRe5UlzASi8yVbjxdw7d/u2lF0C0U/Ko9/ap7IJetu2bV10QYBH3/Xdi6W5FGFsYCckWg6cwfSbLshByl2uxBwj1Z058Q7hoN5q3q9dXTBnkPb5pMW1+dWMn4zPyDnl7beWKqYm90929ByK9y5zj+2wpDkKuaSHh1nm6S8yU5EzmAbFbyqYQYvRLCZdMSbUKhJIy2xo9ZgONU+KGkDxB45TcyZRUq2YxGgPZoqW0M9gUswcLY7UdCgJKQlqJ8kx7A7ZZYKnNo1wUIfpqSVcRkAZMMKW0SMImAMp6EYBwZocIahBNUmeEIHgp6TVCrgxPY/CICn+489nSdIxoNk1SeYTMYQHEJEBDjJESgoyIsWX92FfZ4oK1n3/npGNsg/OS8S2Suow9kfRm7K2kQOOIJE0aRq2Z1DAzmm21udN8rE+upmzD/Gta15dIE79hFTU5HFZaE8hBGDTJHARGE9FBpiRXHcRO09lBNDXlHcRX0+Iu4Zo5D0qg2XXXE03AB1XSJH1QN03kB5WUXH/QWi0HCIqtJQOu+ygrcH5A6YFziBQnOMugfMF5SAscnKpQA+F0hjoJ8B0qKZQQP2upBcg43pC2N9GOJhLKZvAaCtlcOfSEhmUVG9xZ/v/hw9n/2yxSwwMu9VFjAUouZAHitG136vLQE7+YtCWH2S+yLwsLVCZ/lBAWcXtByUIavNAbUd2CLJBfZJFIlhfyeSrilyxSVapBg9hRaWdCEIFFczseScysSi95Irp3VgGn8lAL69KgNjC0ykP1pLZQVsG6VBuKZqBvdU+OxspVJSuRC+LgrLaUYJ7QdNZsChsu6Drr/kZKxxac+WEjTe4Bh1CIcoJ5mGcouV0OLuJ094x8VfcuugIhSiNA9Aust5FkfgozIyEFxMkXPRKr/1moNzSg7Bxeogwe+qEsH/qqliCMR61FGLNalDAvanN87mCWfH5hunwNYN18nWABfS3VSPpyw466SKipdamBNTbBgsF22YNRd/GE4XcRhm/gYg7/wVUBLoarC9wQVym4Kq52cGdcNdXjMe2FT2T6bW6TcYC5VqAJ875AJOqeGdOYA2dcZE6e8RX8QGM0dxTBeu5Lghml0MK58+Ztep2F3LKszoKvh+1d0Oh1R8qyAglm192VnO7I5fukyQMgYfedEyMp7q4I6dXamUWQbNu4Ijx91VBqwYAVC9NOjxApxcFukJG4Ycy8LweQhexzRhUF7TtpGa8S96aMXFZ0XOSeYUXHldux/ITug0lAWrXiCx5m59jxZ9tPk5xlbKfXUKDZRp2NxLANtmzdGdFXyfae5LevEAFgYKimUIyAZL44QtpESI2xBtKdKyOyQPEIRi4gS81R9/qLLE919awl9sFa2RExofiI6KlFVaoYsdnAABRnYaSgQotiMcQANcV4DSFlWZSHzQb1qwPh/mykgI6KkE1tVoKRxRbWghhUZp7bnSigtcx2hHzaGKciFtMApsayGLEAGLNPtToeCYkxGS4LpBUxmGmhwI1Ca4xYPK4KybYjQseIxl0kikfIHFaAUbMgUhan0UBi7wSzQAFDBhpq9BKbl84r9NkCj4xc2LBQcJKQjltWkoe6yLHGOAmZqAYcakqmV1awVEhe4jOCqQxUlGOIKFkeWWOygqCQohSxdVdDtJdiu4KgFH002YtfE/Hfgac8sNzFQqaEWvTEFjwiTb2LpHXwErKOiIS1BYEnQKHviEh4/HyKgh0nMms73i6h+IhItD6OQiL6caQS9Y+zITYszphkD+KsSoYhzjznIOLiSJoirp+kMuIaS7rDxUAzIkFSNGviwiR5lSBumnoJIqnpmSC2msJxydYsTxB+zQQFBdFsUVAizSgFRdOsk+ui5KWCtmZwkGm0preC1msKzIlBs2SBOzSPFvhFc22BgzQdF3hKMnaByiSn52SnWb/AhxkMZJyp2cPAq5phDNyrWcjAz5qpDByu2czA85LwDKZAc6LBXGjeNJgUza0Gs6P512CaNEcbzJekcd3AaaI3mEBNBgczqQnjYEo1qRzMrSae3SJrbjoYbc1fB8OuOe5g/DUPHhwESZUHH0Kz6cHP0Ix78EU0K+/uiibu3aHR1L77PJr9d7cIBQLuOaGGwL0r1Bm4B4ZaBPfSUK/gnhxqGtzbQ92De4SojXCvEfUT7llKhYX7nuHaShwsNtDW0eqFMLG9+drbxnb0biNtxhFscdJCKoySkDA3EngtXstBs5UlBB5mNE8or046ATY1vC6cO+xx6QjxjzFodembo9SiBBBSo5CQXhdDlgD+lU2XW5JVbrA4ErIQjGCRzf5Rioo1IRX3sORvOtNEF7RjI5q5hAZtVlxQO1YyArwOKssteaDsiVSVgHVo86ZoDblA4zfSE6oymBU4LoBqCmYOQry+AvFkFG7wKBMH9wNFUWwtkhjH2nAHE91GEBdRMiRE1hKEuc1ba4idMKkSYgVvJFkbuBKomuO1GyhWXNE5NqgJLtA7IRlmgk0AmeNi1XcaY1TdhSlJ9Oka7mFrQ8iyasAqocrUD6tFiIaRxLBRxHOgEpFNHyETt7B5ZG8FwVU2oezRWHkFrSX5QZLLhineSNIiPbXWFIG9YvUkI8lKLnl6Gj4xUceAARRhsutAR0UVBITYvSCk4jM+9kDYmYs1oYxYHemQGP6lkRnxdRiIBRcUZlYlg8vE52YxoF4VAcn8LH51Ze/4s3tnHK3GU1mfmgNf8LCXR4i5fbUpcDiLhBSLRWUNgxe4qux0EmKRfHZMA6LO6/FU0xA8WlYnOLxdHWXvoPrSYQzqb4dxqk8e5kL99jBf6tv7lKr7H2ZddghhYXQTEdZONxq+vLoVCRKg25UgJbqjcUnCrselDTsjF0jsnlxoscFywcYmzIUfGzVXEGzmXImw4XNFw57QlRH7RldY7C1dp7H/dL3HFtW5AdtY5w9sdZ1jsB12HsKW2bkK22rnM+y8nfKwO3dWxA7eiBObfOdWBAKcfxEscI5GQMF5HEEHMD3CEm4LELowa4HohhsUREDc6CBK4oYJkRQ3XhprcfuGcIybQIRs3EwirGOWFJEfN7YIDrlBRgDJjTaCTG7YEYhy449glTsICGi5E4Ggl/sZCIyZK4LQmXkrFl0zj8YicOb1IEhnjpHF8cx3slif+VcWDzQfzGKG5qdZXNF8OY89wt87kBprK9xvPBD/oCx4n99VbUFe/doSruUW7enoiELmolr5Qrko9Jy5fGHtRaJDi8g3JBon+sH1z+w28IlYuGO79YvOAkELuKYXJC56AJJpW66nRlILXK5U/B16LdUM3AtFtI/6/DGAp4qGwnTUraShbKQfwezMSLYQ+FiE0MYdQfJZCyO12OeJm14JkW/WObLe6Z66l9oOk2CksPspCJ+RwvkS/56Pepjgb+85TNzyxR6pKkuvjIBUKZeyl/ta+IiaUgpz8Yyjqm232GQNLE6aedkGp+YEISmnA1UQAaXEHl1fw75BK3T4yx64faPa+DgYMppg1MyLTZEF8DBVJJX99FTt3supiEY3B+cOCjMgjAmfjLWnpiAGOekAGcqoNLNbFyEJHyKQtcsM4HObxElPQvSD2T3X12qMILKUmWJIWqdVVZKzQYimgikPNpMgXtKZFyNqFRIHZBhICLN1VYNqVajXElXBuQ+uPLXDAbvSec/Yf1tHO/J9THzX3LPdju7I17Sxy+R5xlFlIZ0w8kyzMuPs5MSfz4YZJEPD5wXZLHP2tMaFoAzrbHGxKKPfalxQyuifa547f3XiYrGJPCugkkNHXUTZIhqvM8ofFZ8yPZmMZj7LNogxbwCTC3q52JUMqkB7zxaUhYIFqUV94nR6izrHgYmolpSl3xQSVJcKBkiGXb2pQjMQAF1POorQSKJtgrsYAZEQkrhdkA0h5LQ7IRFChSNOWowcxMYICbWRHyPcshCkIDVQdbxnz414cNYOJWfL8S7yGo/uLBbT2OUFxxTD2lKZNYihQyepnHF2yPtJyeePkvW5xxmmGhM7c4JXgYtMSlgokshe41qyRNa43iyROUgESaSVwLDQ0BlJFs5jsWJnA0EDkjwWySibhDeUQbD88rPFJZxa79jasw5QB7CRbwrMim8gWJM0CBW0jZK0F75nYI2kENvEbpq1luJyGaVKrNmFjmPCvpi1n1biOhiC1q9gX8wsQqKSPcjOgGa4wUUb6QUI8xUh+i2nclqpbJID7xGC7AJTIwF2ugT8Ag1rgmLDPUrD3owQdXiRcnnojPJ96LDahDAotRth3GpbfG5gf3z+1ET5FMOK+TLA0vlSqTH01YS99BWHSXWpgNk1wYFldtmC9Xbpg4V3CYUXYEIMN8HFHK6EqwK8DVcXeCSuUfBaXOvg2bhmwvsx5TUPyRTcvCgjAfO0jCbMGwOTmMNmZONOHQjJHT+QljuHymvuP4L63McEPUqlgxPo3Qv1Uge+J3crdZBn4pkS3GrNdyTbpiBL52qLxd2MVGuH5JEU0qrRaZPCSPMTJAYPO3uhxeyCdLRDARpCejhlogride7ELxwCs6dWEsTW96pyz5y+hxMrMJsdK0Hn/FFEzp7a20lBCu6pLEvZqygqs7OfekaffFQWnORVNklESeMw5PYQtdKW186RuJIg+tkLbYtZlCovliIs/huxwuJRxKCUjM00CwohqjJ85HBudmTMRvIUZCBA0IaoTG/w2VsXs9QL9PWiBSVFs28/KKvCSIcGN70HVUkbKUWQgSDHxe/aojLBDSTAjHSULNMJWMQEV4X339naLp435RgSQgqFj4N1COmIwgiVXqhNJIRWghAtFejs/RLSOqJClamePFwcQEfhl6JpAUWSIlbdMJMYy1pAnWMpksGuRElMnRmbDyozYySBpbMwcJpWVk3LxWkVIFRDRoj6xYQMeapa1RsFy5nJFwJ0Qw31RC0Dfe7C7F9RPNfYMhZ2h8TQlDoY0TUmRO/JCFWmLkCthhQ1NBWHJi31APQDJEJGVwSx1Mr2voRjIcrqiqCaYRYxah3FDFOvrZYhN3m3OmqE6BBGhlmmox8YsVLwPvQeCzSnrObTPICUbkBr0mF3CTCjjmDg/tSaZ8OD7XF8+eAod+ygnBIXBzE4Nh4HKrXXcTImf4MVposswjhmdHJtc5z1JfQQVmZh5Fi8xecSxAVeHJYMQkDBxxnEhK7bIUmUCpkpShshOqOXf7HaD6klhN9kgk2syk6VCX+WL9aCghCrsriZEhGijqsqGrNqjrq4Eemh6Sux6jWjTtOnMHNGvWemPbiBmfbgD2XawDHKtIGHmGlX5CpCRqQzceGd8PgY1YMUmWZrJE797jOQK//rIGC+u0WS5hZTJHJCWotkzx2N9oAAvUVtBo2urGhXCMkt2h7NfQf7REgv0YaRqzmTWzm67ivaQcoNn7aSELaEZk+LfBgXbC4hY0a7TPn3uaLtZiSad9rmtRJdAN74teAlFPlWLjgSjBzOBkl979EhYST6LFzBX6JfIzX97vrIhwDBO2KAtoLmQcnWdQYvS5DoiTFCDrt5a4K04NExMkvw+gSJniEjawXv8UAqvkvwrX+5I/lsZxvedUcogB/f3sPBltLDjax2jIISzukY6UZslmU2GpIhNmPNyjIwq5QSG3Hi28OvJVKSwkmXEsxF3EbWl+xcO0SAkBmlhJJ9dmgHSxIhdi4GC1ui718OgSTEajtIZmnfaFUlJNUE2OcvLPkp2TEpqh0phWNSOEB07XU6lIwQu4cVkTySZOexcERzoWof6kyeTUVAg1We6/BBAkwL5CBNkAlTx0b0oCTQy3a0VgOZEAMR4IdV6C3FSyeGhuC6VUrwqzpbqECIlxcEKGleHeIHYqX8YDrIl7KBHXy95HrgZAqOizY7M1cpnpCOb63YDJDDa0d8sqkgZKI0gs0JH5RuBmYpYkaIzRIFNM0IsekiJKE0gs0bZxBh8NgEcgbRDCdHU6X+IZhSQjoQNre0X7czmdgkE1KtBJFkh9KK1WojusRpcfSvmn/aoOBDGOkgATiLgr2IK6GQTf0MBsw54Tcl3lQHd4URfG+X5Jbe4L+w08MICkO7hu81WwzniRHURrB/RYhVhmaErA83jQCrhJg6hJYQkGJ3byP6dTdcwoCo20iIBfSXxsJDiJ/cT0I6qm1lRiOiI/eH2NENiDrD4eXqMB8IO9VhEOp4h4GKb+5Toc57mC118MOM6iYgzLpuFMLKFBs4Vk83HGGBdVMShED3LUFQdG/jsoT9j8sb9kgmkrqLcqHFRssFG5sxF35s2FxBsKlzJdJ9n+sZtoaui9g+ur5ii+k6jW2o6z22qs4N2M46f2DL6xyDbbHzELbOzlXYXjufWUrOKA/bdCdFbOWdOLHdd3JFSMAJGGEDJ2mEFpzIEX5wskeIwg0CwhhuMxDqcLuCcIjbHoRM3D4hrOI2DIEXt3MIzrgtRADH7SWCPG5TEQgys4tYkVtmxJPceiPmZAYeYSl3ARC5cjcB0S13JRABc3cDUTLzSBBIM6fFgm3m11hAznwfD9qpd+RxPfhPHvtr8bOrGf0wjyHCV/M4I/w5j0XC5/N4JfxCj2nCd4yIyOAZKf2e0ofBO7HM9X5a+9Cfah8qKaH/bEZZlE+ZXvtAP8a2LbLlH/Q61D7gDlQ2oAW95he0HmofaqKS+WK1D3Wb0HUteweuvfYBiHZZnz8G8FT7UJmTSqh9IKQMi1TTmygjWyzgvQTBNQXJK5cYIZpNgfRKtG/HOVOsvZLw20pzPH6RxYd8cMx+/3+qXmKz521N1sXPHvtfww7D0fzA6nbMr+YQlh92rXmGRb/WiU/POBexqp0vpPmKtWdeo86a01gFBdRIe6xslRiaGllUJY1SMU6fLDt0HEy7iC3AvbwxWHYEKDI168I5A8jmzIXfetCEz6ScCz585ZzQnPaVluaNJm3zpto8co83kKyIkLNPc/B25bNnqEg6LZTIWayN1CPRtYGj9GGOR0ZujLNlk3TSCjClieSBO1UCPW0QaTlCLtRCQHXShWgap/fCPZoBDO1oljC8SzOJoTuabfQeSz4SI0LC0oaMnKbPCvKePnPIjfrsIn/qC4Acqy8S8rC+kMjV+lojn+vygJSvy4xsWVyqkDZ2yUNq2aVTk88uwMhPu5Ajh+2KoGlu1xVkwl2fkC13ndOEuqslcu6uusjLu3pL5t4IwHL7RhJI/zuRoETAyQZlBE5IKDUAZaEWwUkN9QpOfKhpADl+troH0HS8p/L3BLGdxn5ufFdDoM96sycrpaPH3T5rwKioEvYc+bByE5mdSs5PHTZ/9aLPjeIMV6o/6WERCLADSjvZmfQYYR3pZ8/sNA5aajIkqDRhaah8sEoLArP9XBTZqlBVD5+I3BGgXr+KZiVnYOFrLhJfQhY+AaOub4W0n4khDagUjbLzepsi1c55JE0iZGErTcpWKV9b7aCH2RjRQ7xUaauH6lSxCdH6CtF9AjqKIIgeCJjY7hKBVPpD96J+BnKKHMTIiDxVudwX+YSl9+AsaOE7RmzLSZxIiJ92KO4AIVZHv857hH9jO0zR8VXC4rE7QvSxy2IK4rDEWsSRi0XxyVGj49MnZsnnVw1XWAI1bmGZxP6FlVQT6YutVjTIg1raIDNqjYNcqcV2wVOjHmRTDX+QX3UOgoirAxHUQJ2MoCrqiARtUmfFFU79GdNI9XhMY+EUmU7Db3K1h2/lxOD+F8jDfTQQjPtxICH39EBU7g2CzNxjBOG5VwlSlGoHp8273+nVDnxP9x/Q4OsavX5udTwh3WsbpHfXcdQDI17asGQAl29LJiPymzDYzBCy/CS72RmZdmoebYpoakrykx6qIFfcW1U+ZM0AoXmsLW3QaFXMveVT5S4STlQo0DaPlrJcdqxDboxoAkC3iyQAOO5EtpSMWMU97ToJmVZEPPj3DxfiLrp7Jcny38egDS4jOW6CSTw1IaEbZUZioQMBy37IjmVEP2D5bHty/nnNAm+b9u2MJNvtD1GWPPERQ+tie3LH9xMUI6j8EY5FDYoo3boQWWh8T7WyYYlHMJJizILVOYEVKK7ByGXREDonkINu8PV7kqe0elZjKEQd+ktVxjedDfpni8UQMrIVP7CR7Ry2/Gwxncq7Xit+4GneLu3EwW8UGyIEpSASP2LEaqhnUps57HS4pUhXWm1ZWLR2EC2FsxhBzQJJHNmvhGMcchZa1S9oNW5G7Jw8kjaEr1NBmdtg2aHyWNRmDzHO+J0/CeJVzoChWrtleagfwUBC1hUDhoTMI6hYPdmmgUdG7LS6pWY/Z5wESfEMQVDFUNXMZxxWR3FQBgYQipWyLcv4jGwCQBUDBVwZ6dgMUVBWEAvlTr3H6iMoMhcRCQBX/p1tfFKX0g1obSoCT4Cn9EAwcH9qzbNhCWvHl0vo+0QoPB4HISH0OFCJssfJkEh8nC+J1sc5lYh+mHYJ+seVWRh5tg0dpQ7iAkt6IQiBZCCCnGiSIsiSJjKCvGmuI8ik5kOC3GrOJIi25lWC+GvuJaiI5meCGmkOJ6ia5nlcGTUVFPRV00Wu0ppRClqvWafADJqZCuyh2avAMJrhCiykWbDAVJIoC2SmbrvRnebaAiVqPi7QpubsArVqXi/Qr+b+AkVrfjDQuOYQA9VLmjFYA81EBouh2cpgVTSjGSyPZj2DddLMaLBgmj0NVk4zrMESahbWjaUmaoM91VxusLma7w12WXPCwXZL1jiYd00sBxdAk8/BTdAEdXAlNIkd3A3NcweXRFLh7rRosty8Gsmmm9ej2Xb3i5CQd98JSXv3r5DYdx8MyX/301Ag4L4cigjM3UOdgXuEqEVwr/FA7McwbaNfnxDfWvNThen/htR+vJ2yQOvoIB2EkY9BFDthAwMtDzsMUuYiWx0B5itbeh9zmu2nR3TaMw64w7pYns0Wzj7RwdJu2V7n6osjGCXkwv7PpOhC1gplDnTYXI3SyAgCDZSrWET0R5kD7yeC1FO8aNknGVzlQIj/kAfHh4YtlJY5EOK/0tElHNyaVSBR9JKQgRAGlzmshpIplDkQslAKwWUOq8EEocyBkGps0yRU1ow4KBFNsbPLTojgWwp+ehVlDoTYuRJc5kBBuXXUfS2SJBxsw2UOK0P+UOZASMWnUlzmsHL4qd3F1yVZVcPgkOGwj6umRBW1/h5VDstOq9AiBwKsro6LHBYffeDWhgGzP1zjsC47E0hrHJZsVdywccwTlo5LHAjoMKpTQ6d9wahyicOkzWA0s4QUq3ng2PTigyvcWhNy+Q9w9KqIFTRwDHzi7HmUOBBiX7lwicOctrpS4kCA/aoqlzhM/1EHLXEgpMBzSXJLnlbzkKWZjFoFrnAgoMCv4goHRlAFwRUOFIye5mkhPG2RIy5x4IA1oktTh2CndXGFAwH+yU3WW3J0FxmxwP3SuHcI5VM6npEMRGfUER24P8QVDgHRCofwcq1wCB3UCgcfgxY4hGFKgUOYCa1wCLOlFQ5hRrXCIcy6Vjj4whQbN9ZOCxzC8mqBQxABLXAIYqIFDi5JKHBwaUOBg0ukVji40KLCwQUbFQ4u/KhwMP1AgYOrkBY4uJahwME1EQUOpqyob3B9Rn2D6zzqG5wXUN9g1IHyBmcXlDcYAaG6wTkK1Q1GY5ZyM6JDcYNTIYobnC5R3OCUiuIGp10UNzg1o7jB6RvFDU7xKG5wM4DiBrcUKG5wa4LiBrc4KG5wq4TiBrdcKG5w64biBreAKG5wK4niBrekKG5wa4vqBrfIqG4wo43iBrfrqG4wy4/iBncOLKJlDoRFvczJsMiYOSIWPIOz4uE1+DMegYPP41E6uEUeycvHz+X24F15RBAemEcN1UnzwCL8OI89wtfz+CT8QY9hwmc8EH8qeJ7fV91AXv+WCi1uGFbccPG9//oXaVKutEn+yu1LTbYiP/tDJwcmKZi4av+426Tq5n3Xy08f/nyt959uyMjtRLZJTfd71r2d2sYNKX2E4oxv7Xbv7bnb11W+p6lxcfHV2VTiftLWWft5pU/fgHz4jg6MS+zN0YE++n3qPq2nqZtffx0dM7Otxq+sOI27Y7zz11fhK02NTef3ptbbp+9pig3LraltsGnIed6lzhGVut/7uk4frTy9rr+djfdP68O9A+nWgT3e335qXfWGvM58Q8r97duk3O/p7z/e7/lYbkir4zdbHut+z3ZTb8hb7V9s57uFZMlJBTzVTx0onz693juQX79DmyDefNjjVk2RyY/XE6G9/7sktKPbP0ZoZ1M/QGgH0kWSd1ftnvn0VH9Cnt/+K9z1daps2zG9z9IzVf4YMeY2+JfF/gBiPJpqb3c2W/lJMb/Cb8dTIswRGfd2nlW+fbqTyXi7k9L69NtUVtN9FHvrcCe3cqeO/ulOm18gpfb+3p/XJ0pMTwQoQvuH0VSeZBmwZN/Air395uR/ldwO5PXXDdmv0x0VzK7tUgrd9TspNbGkf3d0d3T7x+jubOoHSOmPoLvne36E7o6h/dF0VyoVbuQ/gu6OplQII1Fcvz4JX3HV6HjGp36Kk0NV7pjhJquw99gH8vs9QznQ9XjdH0unv7dL4/pCl646n8bbBHGpa0xfqVwn8rs7QAH0+xJ8icDvhum13Cn92wn84Ngno6PUdPjh37PvmK0/D61eP6QFfXFJHzX1h7u1FDqgE1fFixaRC1Tw+hsq9pXGZ/tC438XBuLo0o8ZiLOp/580rhv8owNC47+7KS54vY+l1+9pin6r9z7DP2ZKKtUKz/5HmJKzqSxsv9wK5+8NMlC57NH464cn1vrmsMNhEdqdx+bHu+6/5rs7/cx1b+lmWXJ7u9uaWe7u9Gh3pD3x6rd4s2PcGXt+dOmi//w/UQiYEQ0KZW5kc3RyZWFtDWVuZG9iag01MiAwIG9iag08PC9CaXRzUGVyQ29tcG9uZW50IDggL0NvbG9yU3BhY2UgL0RldmljZUdyYXkgL0ZpbHRlciAvRmxhdGVEZWNvZGUgL0hlaWdodCAyNTcgL0xlbmd0aCA0MzkxIC9NYXR0ZSBbMCAwIDBdIC9TdWJ0eXBlIC9JbWFnZSAvVHlwZSAvWE9iamVjdCAvV2lkdGggMTUxOD4+DQpzdHJlYW0NCnic7d1pY5tGu4Dh7HFWt2nTJVvTNG3apm3y/v8fd44EDMwAQkgCYTTX9TW2WCTdmjxg+9YtAAAAAAAAAAAAAAAAAAAAAAAAAAAAAAAAAAAAAABydRuAaS0d9tjS5wIgA0IPkA2lB8jFjWz9HQDGu3G9l3aA81iy9zIPcGYL9F7pARZx1t7vK/1dAKaxr/iLtH7pkwJwsc7f+/7WD+ziPQDGG5f8uXPf13pxB5jRjuLP2vtu63Ue4Bx6gj9f7jux7w/9fQCm0Z/8mXO/o/UyDzCzTvDbvZ8x9mnq4716AMA0+pIf936G3PfFvlX67n4+BOBQA9GPej9T7vumOFHrBZ7JXF1dnXVj451vt6DRTn4793emzf2uhX2c+nj3DnoPcZEezeWm7MdhRu7lsWebi9TT/N7eT5n7HbFvUr+78ku+wVjCYwaNO02LPoUsa3f1m+DPlvtu7JPWt0K/9KliOWfJZUaWfj65AVrJ7/R+2tzvjH2d+nbml36TsIAnzGPpJ5YFtaNfB3+u3A/Evk59J/NLv0U4r6er9myPpffv6dJPL0voRL8O/kDup499s7CvU9+t/NLvEM5mXy1HeN5rggc+dJPDDni0ifd26eeY8+pWvw5+sryfNPfJHCeJfdn6uvR9jZ/4Bc+N1FfF61mNyPK8O3CEsbt6zCcNF6av+3Xx6963cn/6LGco9lHro86nuz3ifcmqtav2DYNGnqQDPzG4IL3lD8Gvez9D7vfFPk59X+CnXyNxk6SJ+naVXuy30J6N/BDgsvSlPw3+cO5niX2xrq9SH3U+2fFp1kPcUAdGc8B3vU57zGO2uMf4h5xqN/d+AHBpetIfil8Gv1jeT5/7qPZx7B+WsS9aX6W+6Xy022dcBrGAgXZ+P6MxWZ5z+0cZuav7P2KWftKZXyf9ofhl8MvlfTG8T3N/Uu33x75sfVX6duKnWt5wI+0K1su1+WGf6TY19iQNfVYs/bwzv3b4q+KH3s+S+3SOk8a+bn2Z+qbzYYfHrMBYr76+7+3mbj92nfBox25yj7n3KLWr/0s/85xB2v2q+EXwQ+/buY9mOacv7csfqgrXZ8vYb1tfpr7ufLmvk/znlxusuzRulfGnAeO+at/37nP4Yx+4C1Pt9MDX9cd/6Sefc4iyXxW/CP6291Xur8rc32tyf/zivmeOU67sqylO3fqq9E3mk1XJeRdEnEUnVT83Xp3FNFt7PdaUu7x3x5Ov6/ssWPrpZyY9/58LyS+CH3pfTXMe1rlPZzmnxP5OE/sHIfZhYb9tfVn6OvP1ro9fhrEudYDa5Rpdz8SbnY57vOENDW9x2NjjmGBfe+I/9j8LrFsa/yr5RfC3va+W91XuHzS5P2WW057j3A9znCr2TeuL1NedL3f4uP8jswrt9Wkndm/ezmlni8O/z7r1o+z+/Bj6wk75+1b8XKSo+2Xyi+DXvS9zH2Y599uznENj/38ALKP6RK+aXwW/6n1f7k9a3C99sADZCv+Vq5K/DX7d+yL3T548fvQoulJ7yuJ+6YMFyFY9wiuLH/U+zX09uk8u1Ko9wDq8DVduQvCr3ofcb+/MiWY5rcW92gOsw7tw1b4sft37zfK+yv12dB/Pco6v/e2lDxYgW7/88m6jLn7V+5D7ZpYzxeJe7QGW8v79+19C8UPvi+V9OcxpLe7vn7S4V3uApfz6669l8H8pVvhheV+s7ovaXycXaqPrtGoPsB4fPnyog1+u7ze9T3IfLe6TUc7Btb+t9gBL+e23D1Hwi96H3MeL++S2nCNHOWoPsJiPH38Lwd/2vs79T03u68V9dJ1W7QFW5fePH0Pwt73fLO9D7qPa14v7k0Y5ag+wmD9+//330PvtPKfK/as09721v6P2AGvxx0YR/Kr3de5btW/flaP2AGvy6dOnpvd17t/UuW9GOWoPsF5/fgq9L5f329y/e9ezuI9HOUfV/rbaAyzmz42i9+XyfrO6396ZE2Y56Sin+nHaIy/Tqj3Acv7666+m91Xui1lOtbhXe4BL8Hea+zDL2U7u48F9fMe92gOszt9/172vc1/McorFfTK471ymVXuAtfj8d9H7kPswy3nXHdxvL9OqPcA6ff78OSzvy9w3i/ticD90U47aA6zFP5+L3ofcb2c5YXL/+lXPZVq1B1ijf/75p859tLivRjmty7Tx7044+IZ7tQdYzr9N7qPF/fv37941l2nTm3LUHmB9/k1zXyzuw3Xa+jLt9XX0uxOqv1ao9gAr8m+S++3i/uPH39q1T27BVHuA9fkv5D4s7qtRTn2Zdt8tmGoPsAL/pbmvRzlqD3BJ/qtyv53lhFFOdVdOdVPOnhvu1R5gBb4UuQ+L+3SUo/YAl+JLs7iPRzlR7b8f/vEqtQdYgS9x7utRTl374oZ7tQdYuy9fwiynHOXEtX+j9gAX4ku0uA+D++0d9+UtmPEP06o9wHp9LXIfj3Kq2r9Xe4DL8TUZ5cSXacva/xhq/+yp2gOs1rb2X5LBfX1TjtoDXIyvX9u1/9St/bffqD3Aqn3d5j6MctQe4EIN1P5d8Yty1B7gAnRq/6faA1yer+ngXu0BLpLaA+RA7QFyoPYAOThb7W+rPcBy/hfdlNP8opyo9j/0/Bnye0f8GXK1B1iQ2gPkQO0BcqD2ADlQe4AcqD1ADtQeIAdqD5ADtQfIgdoD5EDtAXKg9gA5UHuAHKg9QA7UHiAHag+QA7UHyIHaA+RA7QFyoPYAOVB7gByoPUAO1B4gB2oPkAO1B8iB2gPkQO0BcqD2ADlQe4AcqD1ADtQeIAdqD5ADtQfIgdoD5EDtAXKg9gA5UHuAHKg9QA7UHiAHag+QA7UHyIHaA+RA7QFyoPYAOVB7gByoPUAO1B4gB2oPkAO1B8iB2gPkQO0BcqD2ADk4W+1vqT3AcorYfyliX9T+z3btXxa1f/6sqP3V1cMHRe3vFrU/JPZqD7AgtQfIgdoD5EDtAXKg9gA5iG7J+efz32oPcJk6tf+k9gCXZ6D2b9+8/lntAS5COrZXe4DLtI19Wvs/urXf/iit2gOsWLm0r2/JiWr/Tu0BLkYY5ES1//3jpvbvq9r/EGr/9InaA6xWWNonN2Bua/+L2gNcjmSQk96A+fbNq7L236o9wMpFS/tykBPV/rXaA1yIOPbJRdqy9j9uav9C7QHWLsxxqkHOdmzfqn3zx0zUHmCtmqV9NMipf3GC2gNchir2rUHOh1+LW3Jaf6jwcfGHCtUeYH3S2CeDHLUHuBgh9tXSvrrbvr4Bs/o1OekfIb9/zB8hV3uABSWxbwY5ae2vr5+pPcCapbGvBznv3xUXaaMfpY1qf0/tAVamiX0xx2nuyHn7Jr3dPvmlaGoPsC7b1lexb5b20UXa5gbM/h+uUnuANShaX8c+LO3rsX3rlhy1B1inbeuLmX0V++Ya7ev2LTm9N2CqPcAahIV9Gft4aV9fpE1vwFR7gBWqW9/EvlzaF3+4Kr1IW9X+ntoDrE0a+2qOUw9yOhdp6xsw1R5gTf5sWh9iv13ad8f2J9f+ltoDLGab+k3ry4V9mOM0S/uhW3IOu91e7QEWFFpfxP5DEftyav8qHtv3XqRVe4DV+KNpfRP7nqW92gOsWZn60Pom9kODHLUHWJtt6svWbxf2IfatpX1/7Q+8SKv2AMsJqS9aX1ygrWKfLO3TsX30O9HUHmAVQuqL1jexj5b20SCnO7Y/pPa31B5gKVHqy9bXse8s7U8c5Kg9wHLq1BetLxb2aex778hRe4B1Cav6cl1fxv6nn34s5jjtpX39VwqPG+SoPcBiQumb1hcXaDexr+Y48W9N6Nx/eVjtby19sADZKkJflr5ufR379tL+pGu0ag+wnG3oq9JvUh9aX45x0nvtT1/aqz3AUl5XpS9TH1pfxz65RBtfo1V7gDUpO1+UfpP6pvWt2Pcv7dUeYCXKzm9Dvyn9JvVN68vYJ3OcZmp/XO1vld+1/f7N42w+OjYP+eDBw4dXV48eP37y9Omz58+vr7/55ttvX7z47rvvvv9+szsvf9j6sfATGz/XXpVeR94s4vXoXXjd61Vq8B+7X5Aat8UxxhzAIYd6wGlMD/fnAa1Tkj7g27a9uzD6YEafsJOM3ULyRd3TtvRb9qYoM1oU9WWV+tD63tiftLSPa1/n/kGR+0dV7qPel8Evk182v+l+1qKnr/WW31PEscHs/56hR9tl79cOhWyfMTtwA+0/h63jHH4Hd0/H2Kf2sKf/xCOd7lHDI+/6t+5ZW/oNeyPUBX1Zhr5KfdP6KvbR0P7EpX1rcR9y/zDk/kmV+6L32+Bvi18kv4p+8EPWouew+6Zfh0mXLAefgNO+e2atPdv/Pu47iKFULnZkZ9B32pZ+uy4tKWcZ0+/K0m9SX7S+jP2TEPtoaH/K0j7UPprl3AuznKsy903vt8Evil8kP0Sfrf7PvamXA3OY+ZU92Tb3HMQcp6ZnV1+OM7TXYz8zDt21w87YGew6cUu/V2+UMqUvqtJvUl+3voz9VXSFNp3jHFP7vllOtboPuS96XwW/KH7V/Dr7JB99A2/+HlP+z2h0hEZ87dDxtF6x+x5qYuOP4bBH23cuD3kTj9jAbM/ygQc69KjjNrn/cTp5YytktIzqNyH1RetD7B92hvbHL+3bi/tW7pveV8Evih+aH3c/e/GzePAn/E1y9Gt36R2f1fDb9UV34ZN++54Sn/94zrnhHWcsd01Ey6heh9TXre/E/tSl/ZjcV73fBr8ofmh+K/y5i5/Jo5O5nElfySftwrTHNYF979aeF8COw9hZwcs1fM7yFTW0jOrzMvVl62eKfVz7JPfljZhV70Pwi+KH5l930p+39NmctJ4zmvUlfeJmq68805k4aEfHvATOseOHn/kzGnXOspQUtIzqsyb1ReurWy9bsT+x9sO5L5b3dfDL4ofmP+9Jf9Z6n9dRWZvGvpfYcm+96TZ6xAGPfbQDTuj418AkT+xBB33coYYHPnir47/4fG/Emy8paFXVp3Xqy4X9HLEPtd+d+zT4TfP70p+5Uc+0F/7KHfwa2Jvisx/C9dm3e5434FqkCa262qR+X+yPr/1g7uPeF8Fvmt9XfpZ+GU1n9wFd6hGPc8prINv8Tf4+W72kolVZHyetnyX26SwnzX3V+yL4ZfHr5ne6T2npl9GpMj3sUZyMoxz5krp0UUmrtj6qUl+1vh37k+c4O3PfLO+L3pfBr5OfVp/E0q+i42R/AgY5B0eb8IV1cZqcVn29qlrfLOynjn06y2nlvuh9GfxQ/CT69LkRL6Ax+7LUaTjle89t8oM/w27NvfGxjjx3GWmielWnPlrYd2N/au13577ofRn8qvhJ9Nlj7HM95Ytm/y7Nc6x7NjrNZo865FGPduJpPXYDczzFB+/Pvi8++BEn2NWM1GV9WKd+2/qZYt+X+7T3VfCj5Gs/jDR3xFmZbkZDYB90Wj957Hfmvuh9Ffy6+P3VB+AgcVQfNKkvWj9X7Nu5b/c+BL/VfABO1OT1fm/rJ459k/vO8r7qfZJ86Qc4WjemdWfv7VrYTxb7/txXvY+K3xt9AI4SxzUE9+68se/kvup9Hfw0+QBMpgnt3bt9U5xJYx/lvtX7KPiiDzChNK93d7R+4tj35L7ufSf5AEwoqu2d2WMf577ufRx8zQeYWhrZO93WzxD7Hb1vF1/+AY410NOounO3Ps193Pvh5ANwijS3t88Q+8Heqz7ApPoie6bWt3vfX3wAZpDmd+bWd3uv+ACza4f3DK3v673oA8yjt7dnav3O3vsAADjFuLSesfXjew/ApM7cesUHOLtFSi/5AOezbOhTS58LgIuzdNgBAAAAAAAAAAAAAAAAAAAAAAAAAAAAAAAAAAAAAFjI/wOlDIO9DQplbmRzdHJlYW0NZW5kb2JqDTUxIDAgb2JqDTw8L0JpdHNQZXJDb21wb25lbnQgOCAvQ29sb3JTcGFjZSAvRGV2aWNlUkdCIC9GaWx0ZXIgL0RDVERlY29kZSAvSGVpZ2h0IDI1NyAvTGVuZ3RoIDE0Nzc2IC9TTWFzayA1MiAwIFIgL1N1YnR5cGUgL0ltYWdlIC9UeXBlIC9YT2JqZWN0IC9XaWR0aCAxNTE4Pj4NCnN0cmVhbQ0K/9j/4AAQSkZJRgABAQAAAQABAAD/2wBDAAgGBgcGBQgHBwcJCQgKDBQNDAsLDBkSEw8UHRofHh0aHBwgJC4nICIsIxwcKDcpLDAxNDQ0Hyc5PTgyPC4zNDL/2wBDAQkJCQwLDBgNDRgyIRwhMjIyMjIyMjIyMjIyMjIyMjIyMjIyMjIyMjIyMjIyMjIyMjIyMjIyMjIyMjIyMjIyMjL/wAARCAEBBe4DASIAAhEBAxEB/8QAHwAAAQUBAQEBAQEAAAAAAAAAAAECAwQFBgcICQoL/8QAtRAAAgEDAwIEAwUFBAQAAAF9AQIDAAQRBRIhMUEGE1FhByJxFDKBkaEII0KxwRVS0fAkM2JyggkKFhcYGRolJicoKSo0NTY3ODk6Q0RFRkdISUpTVFVWV1hZWmNkZWZnaGlqc3R1dnd4eXqDhIWGh4iJipKTlJWWl5iZmqKjpKWmp6ipqrKztLW2t7i5usLDxMXGx8jJytLT1NXW19jZ2uHi4+Tl5ufo6erx8vP09fb3+Pn6/8QAHwEAAwEBAQEBAQEBAQAAAAAAAAECAwQFBgcICQoL/8QAtREAAgECBAQDBAcFBAQAAQJ3AAECAxEEBSExBhJBUQdhcRMiMoEIFEKRobHBCSMzUvAVYnLRChYkNOEl8RcYGRomJygpKjU2Nzg5OkNERUZHSElKU1RVVldYWVpjZGVmZ2hpanN0dXZ3eHl6goOEhYaHiImKkpOUlZaXmJmaoqOkpaanqKmqsrO0tba3uLm6wsPExcbHyMnK0tPU1dbX2Nna4uPk5ebn6Onq8vP09fb3+Pn6/9oADAMBAAIRAxEAPwD5/ooooAKKKKACiiigAooooAKKKKACiiigAooooAKKKKACiiigAooooAKKKKACiiigAooooAKKKKACiiigAooooAKKKKACiiigAooooAKKKKACiiigAooooAKKKKACiiigAooooAKKKKACiiigAooooAKKKKACiiigAooooAKKKKACiiigAooooAKKKKACiiigAooooAKKKKACiiigAooooAKKKKACiiigAooooAKKKKACiiigAooooAKKKKACiiigAooooAKKKKACiiigAooooAKKKKACiiigAooooAKKKKACiiigAooooAKKKKACiiigAooooAKKKKACiiigAooooAKKKKACiiigAooooAKKKKACiiigAooooAKKKKACiiigAooooAKKKKACiiigAooooAKKKKACiiigAooooAKKKKACiiigAooooAKKKKACiiigAooooAKKKKACiiigAooooAKKKKACiiigAooooAKKKKACiiigAooooAKKKKACiiigAooooAKKKKACiijFABRS4ooASilooASilooASilooASilooASilooASilooASilooASilooASilooASilooASilooASilooASilooASilooASilooASilooASilooASilooASilooASilooASilooASilooASilooASilooASilooASilooASilooASilooASilooASilooASilooASilooASilooASilooASilooASilooASilooASilooASilooASilooASilooASilooASilooASilooASilooASilooASilooASilooASilooASilooASilooASilooASilooASilooASilooASilooASilooASilooASilooASilooASilooASilooASilooASilooASilooASilooASilooASilooASilooASilooASilooASilooASilooASilooASilooASilooASilooASilooASilooASilooASilooASilooASilooASilooASilooASilooASijFFABRRRQAUUUUAFFFFABRRRQAUUUUAFFFLQAUuKAKcBQA3FLin4pdtAEeKXFP20baAGYoxUm2jbQBHijFSbaNtAEeKMVJto20AR4oxUm2jbQBHijFSbaNtAEeKMVJto20AR4oxUm2jbQBHijFSbaNtAEeKMVJto20AR4oxUm2jbQBHijFSbaNtAEeKMVJto20AR4oxUm2jbQBHijFSbaNtAEeKMVJto20AR4oxUm2jbQBHijFSbaNtAEeKMVJto20AR4oxUm2jbQBHijFSbaNtAEeKMVJto20AR4oxUm2jbQBHijFSbaNtAEeKMVJto20AR4oxUm2jbQBHijFSbaNtAEeKMVJto20AR4oxUm2jbQBHijFSbaNtAEeKMVJto20AR4oxUm2jbQBHijFSbKNlAEeKMVJso2UAR4oxUmyjZQBHijFSbKNlAEeKMVJso2UAR4oxUmyjZQBHijFSbKNlAEeKMVJso2UAR4oxUmyjZQBHijFSbKNlAEeKMVJso2UAR4oxUmyjbQBHijFSbaNtAEeKMVJso2UAR4oxUmyjZQBHijFSbKNlAEeKMVJso2UAR4oxUmyjZQBHijFSbKNlAEeKMVJso2UAR4oxUmyjbQBHijFSbaNtAEeKMVJto20AR4oxUm2jbQBHijFSbaNtAEeKMVJto20AR4oxUm2jbQBHijFSbaNtAEeKMVJto20AR4oxUm2jbQBHijFSbaNtAEeKMVJto20AR4oxUm2jbQBHijFSbaNtAEeKMVJto20AR4oxUm2jbQBHijFSbaNtAEeKMVJto20AR4oxUm2jbQBHijFSbaNtAEeKMVJto20AR4oxUm2jbQBHijFSbaNtAEeKMVJto20AR4oxUm2jbQBHijFSbaNtAEeKMVJto20AR4oxUm2jbQBHijFSbaNtAEeKMVJto20AR4oxUm2jbQBHijFSbaNtAEeKTFSbaNtAEeKMVJtpMUAR4pKeRSEUAMopaSgAooooAKKKKACiiigArcg8F+Krq3iuLfw1rM0EqB45I7CVldSMgghcEEc5rDr7f8AAn/JPPDX/YKtf/RS0AfIP/CCeL/+hU1z/wAF0v8A8TSjwJ4v/wChV1z/AMF0v/xNfbtFAHxIPAni/wD6FXXP/BfL/wDE04eBfF3/AEK2t/8Agvl/+Jr7ZooA+KB4F8W/9Ctrf/gvl/8Aiad/wgvi3/oVtb/8F8v/AMTX2rRQB8Vf8IL4t/6FbW//AAXy/wDxNL/wgvi3/oV9b/8ABfL/APE19qUUAfFf/CC+Lf8AoV9b/wDBfL/8TR/wgvi3/oV9b/8ABfL/APE19qUUAfFf/CC+Lf8AoV9b/wDBfL/8TR/wgvi3/oV9b/8ABfL/APE19qUUAfFf/CC+Lf8AoV9b/wDBfL/8TR/wgvi3/oV9b/8ABfL/APE19qUUAfFf/CC+Lf8AoV9b/wDBfL/8TR/wgvi3/oV9b/8ABfL/APE19qUUAfFf/CC+Lf8AoV9b/wDBfL/8TR/wgvi3/oV9b/8ABfL/APE19qUUAfFf/CC+Lf8AoV9b/wDBfL/8TR/wgvi3/oV9b/8ABfL/APE19qUUAfFf/CC+Lf8AoV9b/wDBfL/8TR/wgvi3/oV9b/8ABfL/APE19qUUAfFf/CC+Lf8AoV9b/wDBfL/8TR/wgvi3/oV9b/8ABfL/APE19qUUAfFf/CC+Lf8AoV9b/wDBfL/8TR/wgvi3/oV9b/8ABfL/APE19qUUAfFf/CC+Lf8AoV9b/wDBfL/8TR/wgvi3/oV9b/8ABfL/APE19qUUAfFf/CC+Lf8AoV9b/wDBfL/8TR/wgvi3/oV9b/8ABfL/APE19qUUAfFf/CC+Lf8AoV9b/wDBfL/8TR/wgvi3/oV9b/8ABfL/APE19qUUAfFf/CC+Lf8AoV9b/wDBfL/8TR/wgvi3/oV9b/8ABfL/APE19qUUAfFf/CC+Lf8AoV9b/wDBfL/8TR/wgvi3/oV9b/8ABfL/APE19qUUAfFf/CC+Lf8AoV9b/wDBfL/8TR/wgvi3/oV9b/8ABfL/APE19qUUAfFf/CC+Lf8AoV9b/wDBfL/8TR/wgvi3/oV9b/8ABfL/APE19qUUAfFf/CC+Lf8AoV9b/wDBfL/8TR/wgvi3/oV9b/8ABfL/APE19qUUAfFf/CC+Lf8AoV9b/wDBfL/8TR/wgvi3/oV9b/8ABfL/APE19qUUAfFf/CC+Lf8AoV9b/wDBfL/8TR/wgvi3/oV9b/8ABfL/APE19qUUAfFf/CC+Lf8AoV9b/wDBfL/8TR/wgvi3/oV9b/8ABfL/APE19qUUAfFf/CC+Lf8AoV9b/wDBfL/8TR/wgvi3/oV9b/8ABfL/APE19qUUAfFf/CC+Lf8AoV9b/wDBfL/8TR/wgvi3/oV9b/8ABfL/APE19qUUAfFf/CC+Lf8AoV9b/wDBfL/8TR/wgvi3/oV9b/8ABfL/APE19qUUAfFf/CC+Lf8AoV9b/wDBfL/8TR/wgvi3/oV9b/8ABfL/APE19qUUAfFf/CC+Lf8AoV9b/wDBfL/8TR/wgvi3/oV9b/8ABfL/APE19qUUAfFf/CC+Lf8AoV9b/wDBfL/8TR/wgvi3/oV9b/8ABfL/APE19qUUAfFf/CC+Lf8AoV9b/wDBfL/8TR/wgvi3/oV9b/8ABfL/APE19qUUAfFf/CC+Lf8AoV9b/wDBfL/8TR/wgvi3/oV9b/8ABfL/APE19qUUAfFf/CC+Lf8AoV9b/wDBfL/8TR/wgvi3/oV9b/8ABfL/APE19qUUAfFf/CC+Lf8AoV9b/wDBfL/8TR/wgvi3/oV9b/8ABfL/APE19qUUAfFn/CC+Lf8AoV9b/wDBfL/8TR/wg3i3/oV9a/8ABfL/APE19p0UAfFn/CC+Lf8AoV9a/wDBfL/8TR/wgviz/oV9a/8ABfL/APE19p0UAfFn/CC+LP8AoV9a/wDACX/4mj/hBfFn/Qr61/4AS/8AxNfadFAHxZ/wgviz/oV9a/8ABfL/APE0f8IL4s/6FfWv/BfL/wDE19p0UAfFv/CC+LP+hX1r/wAAJf8A4mj/AIQXxZ/0K+tf+AEv/wATX2lRQB8W/wDCC+LP+hX1r/wAl/8AiaP+EF8Wf9CvrX/gBL/8TX2lRQB8Wf8ACC+LP+hX1r/wAl/+Jo/4QXxZ/wBCvrX/AIAS/wDxNfadFAHxZ/wgviz/AKFfWv8AwXy//E0f8IL4t/6FfWv/AAXy/wDxNfadFAHxZ/wgviz/AKFfWv8AwXy//E0f8IL4s/6FfWv/AAXy/wDxNfadFAHxZ/wgviz/AKFfWv8AwXy//E0f8IL4s/6FfWv/AAXy/wDxNfadFAHxZ/wgviz/AKFfWv8AwAl/+Jpf+EF8Wf8AQr61/wCAEv8A8TX2lRQB8W/8IL4s/wChX1r/AMAJf/iaP+EF8Wf9CvrX/gvl/wDia+0qKAPi3/hBfFn/AEK+tf8Agvl/+Jo/4QXxZ/0K+tf+C+X/AOJr7SooA+Lf+EF8Wf8AQr61/wCC+X/4mj/hBfFn/Qr61/4L5f8A4mvtKigD4t/4QXxZ/wBCvrX/AIL5f/iaP+EF8Wf9CvrX/gBL/wDE19pUUAfFn/CC+LP+hX1r/wAF8v8A8TR/wgviz/oV9a/8F8v/AMTX2nRQB8Wf8IL4s/6FfWv/AAAl/wDiaX/hBfFn/Qr61/4AS/8AxNfaVFAHxb/wgviz/oV9a/8ABfL/APE0n/CC+LP+hX1r/wAAJf8A4mvtOigD4s/4QXxZ/wBCvrX/AIL5f/iaP+EF8W/9CvrX/gvl/wDia+06KAPiz/hBfFv/AEK+tf8Agvl/+Jo/4QXxZ/0K+tf+C+X/AOJr7TooA+LP+EF8Wf8AQr61/wCC+X/4mj/hBfFn/Qr61/4L5f8A4mvtOigD4s/4QXxb/wBCvrX/AIL5f/iaP+EG8W/9CvrX/gvl/wDia+06KAPiz/hBfFn/AEK+t/8Agvl/+JpP+EF8W/8AQr63/wCC+X/4mvtSigD4r/4QXxb/ANCvrf8A4L5f/iaP+EF8W/8AQr63/wCC+X/4mvtSigD4r/4QXxb/ANCvrf8A4L5f/iaP+EF8W/8AQr63/wCC+X/4mvtSigD4r/4QXxb/ANCvrf8A4L5f/iaP+EF8W/8AQr63/wCC+X/4mvtSigD4r/4QXxb/ANCvrf8A4L5f/iaP+EF8W/8AQr63/wCC+X/4mvtSigD4r/4QXxb/ANCvrf8A4L5f/iaP+EF8W/8AQr63/wCC+X/4mvtSigD4r/4QXxb/ANCvrf8A4L5f/iaP+EF8W/8AQr63/wCC+X/4mvtSigD4r/4QXxb/ANCvrf8A4L5f/iaP+EF8W/8AQr63/wCC+X/4mvtSigD4r/4QXxb/ANCvrf8A4L5f/iaP+EF8W/8AQr63/wCC+X/4mvtSigD4r/4QXxb/ANCvrf8A4L5f/iaP+EF8W/8AQr63/wCC+X/4mvtSigD4r/4QXxb/ANCvrf8A4L5f/iaP+EF8W/8AQr63/wCC+X/4mvtSigD4r/4QXxb/ANCvrf8A4L5f/iaP+EF8W/8AQr63/wCC+X/4mvtSigD4r/4QXxb/ANCvrf8A4L5f/iaP+EF8W/8AQr63/wCC+X/4mvtSigD4r/4QXxb/ANCvrf8A4L5f/iaP+EF8W/8AQr63/wCC+X/4mvtSigD4r/4QXxb/ANCvrf8A4L5f/iaP+EF8W/8AQr63/wCC+X/4mvtSigD4r/4QXxb/ANCvrf8A4L5f/iaP+EF8W/8AQr63/wCC+X/4mvtSigD4r/4QXxb/ANCvrf8A4L5f/iaP+EF8W/8AQr63/wCC+X/4mvtSigD4r/4QXxb/ANCvrf8A4L5f/iaP+EF8W/8AQr63/wCC+X/4mvtSigD4r/4QXxb/ANCvrf8A4L5f/iaP+EF8W/8AQr63/wCC+X/4mvtSigD4r/4QXxb/ANCvrf8A4L5f/iaP+EF8W/8AQr63/wCC+X/4mvtSigD4r/4QXxb/ANCvrf8A4L5f/iaP+EF8W/8AQr63/wCC+X/4mvtSigD4r/4QXxb/ANCvrf8A4L5f/iaP+EF8W/8AQr63/wCC+X/4mvtSigD4r/4QXxb/ANCvrf8A4L5f/iaP+EF8W/8AQr63/wCC+X/4mvtSigD4r/4QXxb/ANCvrf8A4L5f/iaP+EF8W/8AQr63/wCC+X/4mvtSigD4r/4QXxb/ANCvrf8A4L5f/iaP+EF8W/8AQr63/wCC+X/4mvtSigD4r/4QXxb/ANCvrf8A4L5f/iaP+EF8W/8AQr63/wCC+X/4mvtSigD4r/4QXxb/ANCvrf8A4L5f/iaP+EF8W/8AQr63/wCC+X/4mvtSigD4r/4QXxb/ANCvrf8A4L5f/iaP+EF8W/8AQr63/wCC+X/4mvtSigD4r/4QXxb/ANCvrf8A4L5f/iaP+EF8W/8AQr63/wCC+X/4mvtSigD4r/4QXxb/ANCvrf8A4L5f/iaP+EF8W/8AQr63/wCC+X/4mvtSigD4r/4QXxb/ANCvrf8A4L5f/iaP+EF8W/8AQr63/wCC+X/4mvtSigD4r/4QXxb/ANCvrf8A4L5f/iayL3T7vTbt7S+tZ7W5jxvhnjKOuRkZUjI4IP419118nfGVc/FfWz/1w/8AREdAHnu2mlanK00rQBAVphFTkVGwoAiIptPIppoAbRQaKACiiigAooooAK+3/An/ACTzw1/2CrX/ANFLXxBX2/4E/wCSeeGv+wVa/wDopaAOgooooAKKKKACiiigAooooAKKKKACiiigAooooAKKKKACiiigAooooAKKKKACiiigAooooAKKKKACiiigAooooAKKKKACiiigAooooAKKKKACiiigAooooAKKKKACiiigAooooAKKKKACiiigAooooAKKKKACiiigAooooAKKKKACiiigAooooAKKKKACiiigAooooAKKKKACiiigAooooAKKKKACiiigAooooAKKKKACiiigAooooAKKKKACiiigAooooAKKKKACiiigAooooAKKKKACiiigAooooAKKKKACiiigAooooAKKKKACiiigAooooAKKKKACiiigAooooAKKKKACiiigAooooAKKKKACiiigAooooAKKKKACiiigAooooAKKKKACiiigAooooAKKKKACiiigAooooAKKKKACiiigAooooAKKKKACiiigAooooAKKKKACiiigAr5R+MY/4urrX/bD/wBER19XV8qfGIf8XU1r/th/6IjoA4EimEVMRTCKAIGFRMKnYVE1AEJphqRqjNADaSlpKACiiigAooooAK+3/An/ACTzw1/2CrX/ANFLXxBX2/4E/wCSeeGv+wVa/wDopaAOgooooAKKKKACiiigAooooAKKKKACiiigAooooAKKKKACiiigAooooAKKKKACiiigAooooAKKKKACiiigAooooAKKKKACiiigAooooAKKKKACiiigAooooAKKKKACiiigAooooAKKKKACiiigAooooAKKKKACiiigAooooAKKKKACiiigAooooAKKKKACiiigAooooAKKKKACiiigAooooAKKKKACiiigAooooAKKKKACiiigAooooAKKKKACiiigAooooAKKKKACiiigAooooAKKKKACiiigAooooAKKKKACiiigAooooAKKKKACiiigAooooAKKKKACiiigAooooAKKKKACiiigAooooAKKKKACiiigAooooAKKKKACiiigAooooAKKKKACiiigAooooAKKKKACiiigAooooAKKKKACiiigAooooAKKKKACiiigAooooAKKKKACiiigAr5V+MP/ACVPWf8Ath/6Ijr6qr5W+MP/ACVPWf8Ath/6IjoA4QimGpDTGoAhaoGqw1QNQBC1RmpGqM0ANpKWkoAKKKKACiiigAr7f8Cf8k88Nf8AYKtf/RS18QV9v+BP+SeeGv8AsFWv/opaAOgooooAKKKKACiiigAooooAKKKKACiiigAooooAKKKKACiiigAooooAKKKKACiiigAooooAKKKKACiiigAooooAKKKKACiiigAooooAKKKKACiiigAooooAKKKKACiiigAooooAKKKKACiiigAooooAKKKKACiiigAooooAKKKKACiiigAooooAKKKKACiiigAooooAKKKKACiiigAooooAKKKKACiiigAooooAKKKKACiiigAooooAKKKKACiiigAooooAKKKKACiiigAooooAKKKKACiiigAooooAKKKKACiiigAooooAKKKKACiiigAooooAKKKKACiiigAooooAKKKKACiiigAooooAKKKKACiiigAooooAKKKKACiiigAooooAKKKKACiiigAooooAKKKKACiiigAooooAKKKKACiiigAooooAKKKKACiiigAooooAKKKKACiiigAr5X+MH/JUtZ/7Yf8AoiOvqivlf4wf8lS1n/th/wCiI6AOENMannpTGoAiaoGqdqgagCJqjNSNUZoAZSUtJQAUUUUAFFFFABX2/wCBP+SeeGv+wVa/+ilr4gr7f8Cf8k88Nf8AYKtf/RS0AdBRRRQAUUUUAFFFFABRRRQAUUUUAFFFFABRRRQAUUUUAFFFFABRRRQAUUUUAFFFFABRRRQAUUUUAFFFFABRRRQAUUUUAFFFFABRRRQAUUUUAFFFFABRRRQAUUUUAFFFFABRRRQAUUUUAFFFFABRRRQAUUUUAFFFFABRRRQAUUUUAFFFFABRRRQAUUUUAFFFFABRRRQAUUUUAFFFFABRRRQAUUUUAFFFFABRRRQAUUUUAFFFFABRRRQAUUUUAFFFFABRRRQAUUUUAFFFFABRRRQAUUUUAFFFFABRRRQAUUUUAFFFFABRRRQAUUUUAFFFFABRRRQAUUUUAFFFFABRRRQAUUUUAFFFFABRRRQAUUUUAFFFFABRRRQAUUUUAFFFFABRRRQAUUUUAFFFFABRRRQAUUUUAFFFFABRRRQAUUUUAFFFFABRRRQAUUUUAFFFFABRRRQAUUUUAFFFFABXyv8AGD/kqWs/9sP/AERHX1RXyv8AGD/kqWs/9sP/AERHQBwh6UxqeelMagCJqgap2qBqAImqM1I1RmgBlJS0lABRRRQAUUUUAFfb/gT/AJJ54a/7BVr/AOilr4gr7f8AAn/JPPDX/YKtf/RS0AdBRRRQAUUUUAFFFFABRRRQAUUUUAFFFFABRRRQAUUUUAFFFFABRRRQAUUUUAFFFFABRRRQAUUUUAFFFFABRRRQAUUUUAFFFFABRRRQAUUUUAFFFFABRRRQAUUUUAFFFFABRRRQAUUUUAFFFFABRRRQAUUUUAFFFFABRRRQAUUUUAFFFFABRRRQAUUUUAFFFFABRRRQAUUUUAFFFFABRRRQAUUUUAFFFFABRRRQAUUUUAFFFFABRRRQAUUUUAFFFFABRRRQAUUUUAFFFFABRRRQAUUUUAFFFFABRRRQAUUUUAFFFFABRRRQAUUUUAFFFFABRRRQAUUUUAFFFFABRRRQAUUUUAFFFFABRRRQAUUUUAFFFFABRRRQAUUUUAFFFFABRRRQAUUUUAFFFFABRRRQAUUUUAFFFFABRRRQAUUUUAFFFFABRRRQAUUUUAFFFFABRRRQAUUUUAFFFFABXyv8YP8AkqWs/wDbD/0RHX1RXyv8YP8AkqWs/wDbD/0RHQBwh6UxqeelMagCJqgap2qBqAImqM1I1RmgBlJS0lABRRRQAUUUUAFfb/gT/knnhr/sFWv/AKKWviCvt/wJ/wAk88Nf9gq1/wDRS0AdBRRRQAUUUUAFFFFABRRRQAUUUUAFFFFABRRRQAUUUUAFFFFABRRRQAUUUUAFFFFABRRRQAUUUUAFFFFABRRRQAUUUUAFFFFABRRRQAUUUUAFFFFABRRRQAUUUUAFFFFABRRRQAUUUUAFFFFABRRRQAUUUUAFFFFABRRRQAUUUUAFFFFABRRRQAUUUUAFFFFABRRRQAUUUUAFFFFABRRRQAUUUUAFFFFABRRRQAUUUUAFFFFABRRRQAUUUUAFFFFABRRRQAUUUUAFFFFABRRRQAUUUUAFFFFABRRRQAUUUUAFFFFABRRRQAUUUUAFFFFABRRRQAUUUUAFFFFABRRRQAUUUUAFFFFABRRRQAUUUUAFFFFABRRRQAUUUUAFFFFABRRRQAUUUUAFFFFABRRRQAUUUUAFFFFABRRRQAUUUUAFFFFABRRRQAUUUUAFFFFABRRRQAUUUUAFFFFABXyv8YP+Spaz/wBsP/REdfVFfK/xg/5KlrP/AGw/9ER0AcIelManmmNQBE1QNU7VA1AETVGakaozQAykpaSgAooooAKKKKACvt/wJ/yTzw1/2CrX/wBFLXxBX2/4E/5J54a/7BVr/wCiloA6CiiigAooooAKKKKACiiigAooooAKKKKACiiigAooooAKKKKACiiigAooooAKKKKACiiigAooooAKKKKACiiigAooooAKKKKACiiigAooooAKKKKACiiigAooooAKKKKACiiigAooooAKKKKACiiigAooooAKKKKACiiigAooooAKKKKACiiigAooooAKKKKACiiigAooooAKKKKACiiigAooooAKKKKACiiigAooooAKKKKACiiigAooooAKKKKACiiigAooooAKKKKACiiigAooooAKKKKACiiigAooooAKKKKACiiigAooooAKKKKACiiigAooooAKKKKACiiigAooooAKKKKACiiigAooooAKKKKACiiigAooooAKKKKACiiigAooooAKKKKACiiigAooooAKKKKACiiigAooooAKKKKACiiigAooooAKKKKACiiigAooooAKKKKACvlb4w/8lT1n/th/6Ijr6pr5W+MP/JU9Z/7Yf+iI6AOFNManE0xqAI2qBqmaoWoAhaozUjVGaAG0lLSUAFFFFABRRRQAV9v+BP8Aknnhr/sFWv8A6KWviCvt/wACf8k88Nf9gq1/9FLQB0FFFFABRRRQAUUUUAFFFFABRRRQAUUUUAFFFFABRRRQAUUUUAFFFFABRRRQAUUUUAFFFFABRRRQAUUUUAFFFFABRRRQAUUUUAFFFFABRRRQAUUUUAFFFFABRRRQAUUUUAFFFFABRRRQAUUUUAFFFFABRRRQAUUUUAFFFFABRRRQAUUUUAFFFFABRRRQAUUUUAFFFFABRRRQAUUUUAFFFFABRRRQAUUUUAFFFFABRRRQAUUUUAFFFFABRRRQAUUUUAFFFFABRRRQAUUUUAFFFFABRRRQAUUUUAFFFFABRRRQAUUUUAFFFFABRRRQAUUUUAFFFFABRRRQAUUUUAFFFFABRRRQAUUUUAFFFFABRRRQAUUUUAFFFFABRRRQAUUUUAFFFFABRRRQAUUUUAFFFFABRRRQAUUUUAFFFFABRRRQAUUUUAFFFFABRRRQAUUUUAFFFFABRRRQAUUUUAFfKnxiP/F1Na/7Yf8AoiOvquvlL4xn/i6utf8AbD/0RHQBwxNMJoJppNADWNQtUjGoWNADGqM080w0ANpKWkoAKKKKACiiigAr7f8AAn/JPPDX/YKtf/RS18QV3Fh8X/HemadbWFnrvl2trEkMKfZIDtRQAoyUycADrQB9j0V8gf8AC7fiH/0MP/klb/8AxunD42fEP/oYP/JK3/8AjdAH17RXyGPjX8Qv+hg/8k7f/wCN04fGr4g/9DB/5J2//wARQB9dUV8jj41fED/oP/8AknB/8RS/8Lp+IH/Qf/8AJOD/AOIoA+t6K+Sf+F0+P/8AoP8A/knB/wDEUf8AC6fH/wD0H/8AyTg/+IoA+tqK+Sf+F0eP/wDoP/8AknB/8RR/wujx/wD9B/8A8k4P/iKAPraivkn/AIXR4/8A+g//AOScH/xFH/C6PH//AEH/APyTg/8AiKAPraivkn/hdHj/AP6D/wD5Jwf/ABFH/C6PH/8A0H//ACTg/wDiKAPraivkn/hdHj//AKD/AP5Jwf8AxFH/AAujx/8A9B//AMk4P/iKAPraivkn/hdHj/8A6D//AJJwf/EUf8Lo8f8A/Qf/APJOD/4igD62or5J/wCF0eP/APoP/wDknB/8RR/wujx//wBB/wD8k4P/AIigD62or5J/4XR4/wD+g/8A+ScH/wARR/wujx//ANB//wAk4P8A4igD62or5J/4XR4//wCg/wD+ScH/AMRR/wALo8f/APQf/wDJOD/4igD62or5J/4XR4//AOg//wCScH/xFH/C6PH/AP0H/wDyTg/+IoA+tqK+Sf8AhdHj/wD6D/8A5Jwf/EUf8Lo8f/8AQf8A/JOD/wCIoA+tqK+Sf+F0eP8A/oP/APknB/8AEUf8Lo8f/wDQf/8AJOD/AOIoA+tqK+Sf+F0eP/8AoP8A/knB/wDEUf8AC6PH/wD0H/8AyTg/+IoA+tqK+Sf+F0eP/wDoP/8AknB/8RR/wujx/wD9B/8A8k4P/iKAPraivkn/AIXR4/8A+g//AOScH/xFH/C6PH//AEH/APyTg/8AiKAPraivkn/hdHj/AP6D/wD5Jwf/ABFH/C6PH/8A0H//ACTg/wDiKAPraivkn/hdHj//AKD/AP5Jwf8AxFH/AAujx/8A9B//AMk4P/iKAPraivkn/hdHj/8A6D//AJJwf/EUv/C6PH//AEH/APyTg/8AiKAPrWivkr/hdHj/AP6D/wD5Jwf/ABFH/C6PH/8A0H//ACTg/wDiKAPrWivkr/hdHj//AKD3/knB/wDEUf8AC6PH3/Qe/wDJOD/4igD61or5K/4XR4+/6D3/AJJwf/EUf8Lo8f8A/Qf/APJOD/4igD61or5K/wCF0eP/APoPf+ScH/xFH/C6PH3/AEHv/JOD/wCIoA+taK+Sv+F0ePv+g9/5Jwf/ABFH/C6PH3/Qe/8AJOD/AOIoA+taK+Sv+F0ePv8AoPf+ScH/AMRR/wALo8f/APQe/wDJOD/4igD61or5K/4XR4//AOg9/wCScH/xFH/C6PH3/Qe/8k4P/iKAPrWivkr/AIXR4/8A+g9/5Jwf/EUf8Lo8f/8AQf8A/JOD/wCIoA+taK+Sv+F0eP8A/oP/APknB/8AEUf8Lo8f/wDQf/8AJOD/AOIoA+taK+Sv+F0eP/8AoP8A/knB/wDEUf8AC6PH/wD0Hv8AyTg/+IoA+taK+Sv+F0eP/wDoPf8AknB/8RR/wujx/wD9B/8A8k4P/iKAPrWivkr/AIXR4/8A+g//AOScH/xFH/C6PH//AEH/APyTg/8AiKAPrWivkr/hdHj7/oP/APknB/8AEUf8Lo8ff9B//wAk4P8A4igD61or5K/4XR4//wCg/wD+ScH/AMRR/wALo8f/APQf/wDJOD/4igD61or5K/4XR4+/6D//AJJwf/EUf8Lo8ff9B/8A8k4P/iKAPrWivkr/AIXR4/8A+g//AOScH/xFH/C6PH//AEH/APyTg/8AiKAPrWivkr/hdHj/AP6D/wD5Jwf/ABFH/C6PH/8A0H//ACTg/wDiKAPrWivkr/hdHj//AKD/AP5Jwf8AxFH/AAujx/8A9B//AMk4P/iKAPrWivkr/hdHj/8A6D//AJJwf/EUf8Lo8f8A/Qf/APJOD/4igD61or5K/wCF0eP/APoP/wDknB/8RR/wujx//wBB/wD8k4P/AIigD61or5K/4XR4/wD+g/8A+ScH/wARR/wujx//ANB//wAk4P8A4igD61or5K/4XR4//wCg/wD+ScH/AMRR/wALo8f/APQf/wDJOD/4igD61or5K/4XR4//AOg//wCScH/xFH/C6PH/AP0H/wDyTg/+IoA+taK+Sv8AhdHj/wD6D/8A5Jwf/EUf8Lo8f/8AQf8A/JOD/wCIoA+taK+Sv+F0eP8A/oP/APknB/8AEUf8Lo8f/wDQf/8AJOD/AOIoA+taK+Sv+F0eP/8AoP8A/knB/wDEUf8AC6PH/wD0H/8AyTg/+IoA+taK+Sv+F0eP/wDoP/8AknB/8RR/wujx/wD9B7/yTg/+IoA+taK+Sv8AhdHj7/oPf+ScH/xFH/C6PH//AEHv/JOD/wCIoA+taK+Sv+F0eP8A/oP/APknB/8AEUf8Lo8f/wDQf/8AJOD/AOIoA+taK+Sv+F0eP/8AoP8A/knB/wDEUf8AC6fH/wD0H/8AyTg/+IoA+taK+Sf+F0eP/wDoP/8AknB/8RR/wujx/wD9B/8A8k4P/iKAPraivkn/AIXR4/8A+g//AOScH/xFL/wunx//ANB//wAk4P8A4igD61or5K/4XR4//wCg/wD+ScH/AMRR/wALo8f/APQf/wDJOD/4igD61or5L/4XR4+/6D3/AJJwf/EUf8Lo8ff9B7/yTg/+IoA+tKK+S/8AhdHj7/oPf+ScH/xFH/C6PH3/AEHv/JOD/wCIoA+tKK+Sv+F0ePv+g9/5Jwf/ABFH/C6PH3/Qe/8AJOD/AOIoA+taK+Sv+F0ePv8AoPf+ScH/AMRR/wALo8ff9B7/AMk4P/iKAPrWivkr/hdHj7/oPf8AknB/8RR/wujx/wD9B7/yTg/+IoA+taK+Sv8AhdHj/wD6D/8A5Jwf/EUf8Lo8f/8AQf8A/JOD/wCIoA+taK+Sv+F0eP8A/oP/APknB/8AEUf8Lo8f/wDQf/8AJOD/AOIoA+taK+Sv+F0eP/8AoP8A/knB/wDEUf8AC6PH/wD0H/8AyTg/+IoA+taK+Sv+F0eP/wDoP/8AknB/8RR/wujx9/0Hv/JOD/4igD61or5K/wCF0ePv+g9/5Jwf/EUf8Lo8ff8AQe/8k4P/AIigD61or5K/4XR4/wD+g9/5Jwf/ABFH/C6PH/8A0H//ACTg/wDiKAPrWivkr/hdHj//AKD/AP5Jwf8AxFH/AAujx/8A9B//AMk4P/iKAPrWivkr/hdHj/8A6D//AJJwf/EUf8Lo8f8A/Qf/APJOD/4igD61or5K/wCF0eP/APoP/wDknB/8RR/wujx//wBB/wD8k4P/AIigD61or5K/4XR4/wD+g9/5Jwf/ABFH/C6PH/8A0H//ACTg/wDiKAPrWivkr/hdHj//AKD/AP5Jwf8AxFH/AAujx/8A9B//AMk4P/iKAPrWivkr/hdHj/8A6D//AJJwf/EUn/C6PH//AEH/APyTg/8AiKAPraivkn/hdHj/AP6D/wD5Jwf/ABFH/C6PH/8A0H//ACTg/wDiKAPraivkn/hdHj//AKD/AP5Jwf8AxFH/AAujx/8A9B//AMk4P/iKAPraivkn/hdHj/8A6D//AJJwf/EUf8Lo8f8A/Qf/APJOD/4igD62or5J/wCF0eP/APoP/wDknB/8RR/wujx//wBB/wD8k4P/AIigD62or5J/4XR4/wD+g/8A+ScH/wARR/wujx//ANB//wAk4P8A4igD62or5J/4XR4//wCg/wD+ScH/AMRR/wALo8f/APQf/wDJOD/4igD62or5J/4XR4//AOg//wCScH/xFH/C6PH/AP0H/wDyTg/+IoA+tqK+Sf8AhdHj/wD6D/8A5Jwf/EUf8Lo8f/8AQf8A/JOD/wCIoA+tqK+Sf+F0eP8A/oP/APknB/8AEUf8Lo8f/wDQf/8AJOD/AOIoA+tqK+Sf+F0eP/8AoP8A/knB/wDEUf8AC6PH/wD0H/8AyTg/+IoA+tqK+Sf+F0eP/wDoP/8AknB/8RR/wujx/wD9B/8A8k4P/iKAPraivkn/AIXR4/8A+g//AOScH/xFH/C6PH//AEH/APyTg/8AiKAPraivkn/hdHj/AP6D/wD5Jwf/ABFH/C6PH/8A0H//ACTg/wDiKAPraivkn/hdHj//AKD/AP5Jwf8AxFH/AAujx/8A9B//AMk4P/iKAPraivkn/hdHj/8A6D//AJJwf/EUf8Lo8f8A/Qf/APJOD/4igD62or5J/wCF0eP/APoP/wDknB/8RR/wujx//wBB/wD8k4P/AIigD62r5O+MrY+K+tf9sP8A0RHUX/C6PH//AEH/APyTg/8AiK5LWtc1DxDq0+qapcfaL2fb5kuxU3bVCjhQB0AHSgCqWppao91IWoAcTUTGlLVGTQAE0w0pNNoAQ0UUUAFFFFABRRRQAUUUUAFLSUUAPBpwNR0uaAJM0u6o80ZoAl3UbqjzRmgCTdRuqPNGaAJN1G6o80ZoAk3UbqjzRmgCTdRuqPNGaAJN1G6o80ZoAk3UbqjzRmgCTdRuqPNGaAJN1G6o80ZoAk3UbqjzRmgCTdRuqPNGaAJN1G6o80ZoAk3UbqjzRmgCTdRuqPNGaAJN1G6o80ZoAk3UbqjzRmgCTdRuqPNGaAJN1G6o80ZoAl3Ub6izRmgCXfRvqLNGaAJd9G+os0ZoAl30b6izRmgCXfRvqLNGaAJd9G+os0ZoAl30b6izRmgCXfRuqLNGaAJd1G6os0ZoAl3Ub6izRmgCXfRuqLNGaAJN1G6o80ZoAk3UbqjzRmgCTdRuqPNGaAJN1G6o80ZoAk3UbqjzRmgCTdS7qizRmgCXfRvqLNGaAJd1JuqPNGaAJN1G6o80ZoAk3Uu6os0ZoAl3Ub6izRmgCXfRvqLNGaAJd1G6os0ZoAl3Ub6izRmgCXdRuqLNGaAJd1G+os0ZoAl30b6izRmgCXfRuqLNGaAJN1G6o80ZoAk3UbqjzRmgCTdRuqPNGaAJN1LvqLNGaAJd9G+os0ZoAl30b6izRmgCXfRvqLNGaAJd9G+os0ZoAl30b6izRmgCXdRuqLNGaAJN1G6o80ZoAl3UbqizRmgCXfRvqLNGaAJd9G+os0ZoAl30b6izRmgCXfRvqLNGaAJd9G6os0ZoAl3Ub6izRmgCXfRvqLNGaAJd9JuqPNGaAJN1G6o80ZoAk3UbqjzRmgCTdRuqPNGaAJN1G6o80ZoAk3UbqjzRmgCTdRuqPNGaAJN1G6o80ZoAk3UbqjzRmgCTdRuqPNGaAJN1G6o80ZoAk3UbqjzRmgCTdRuqPNGaAJN1G6o80ZoAk3UbqjzRmgCTdRuqPNGaAJN1G6o80ZoAk3UbqjzRmgCTdRuqPNGaAH7qTNNzSZoAcTTSaTNJQAUlFFABRRRQAUUUUAFFFFABRRRQAUUUUAFLmkooAWikooAWikooAXNGaSigBc0ZpKKAFzRmkooAXNGaSigBc0ZpKKAFzRmkooAXNGaSigBc0ZpKKAFzRmkooAXNGaSigBc0ZpKKAFzRmkooAXNGaSigBc0ZpKKAFzRmkooAXNGaSigBc0ZpKKAFzRmkooAXNGaSigBc0ZpKKAFzRmkooAXNGaSigBc0ZpKKAFzRmkooAXNGaSigBc0ZpKKAFzRmkooAXNGaSigBc0ZpKKAFzRmkooAXNGaSigBc0ZpKKAFzRmkooAXNGaSigBc0ZpKKAFzRmkooAXNGaSigBc0ZpKKAFzRmkooAXNGaSigBc0ZpKKAFzRmkooAXNGaSigBc0ZpKKAFzRmkooAXNGaSigBc0ZpKKAFzRmkooAXNGaSigBc0ZpKKAFzRmkooAXNGaSigBc0ZpKKAFzRmkooAXNGaSigBc0ZpKKAFzRmkooAXNGaSigBc0ZpKKAFzRmkooAXNGaSigBc0ZpKKAFzRmkooAXNGaSigBc0ZpKKAFzRmkooAXNGaSigBc0ZpKKAFzRmkooAXNGaSigBc0ZpKKAFzRmkooAXNGaSigBc0ZpKKAFzRmkooAXNGaSigBc0ZpKKAFzRmkooAXNGaSigBc0ZpKKAFzRmkooAXNGaSigBc0ZpKKAFopKKAFopKKAFzSUUUAFFFFABRRRQAUUUUAFFFFABRRRQAUUUUAFFFFABRRRQAUUUUAFFFFABRRRQAUUUUAFFFFABRRRQAUUUUAFFFFABRRRQAUUUUAFFFFABRRRQAUUUUAFFFFABRRRQAUUUUAFFFFABRRRQAUUUUAFFFFABRRRQAUUUUAFFFFABRRRQAUUUUAFFFFABRRRQAUUUUAFFFFABRRRQAUUUUAFFFFABRRRQAUUUUAFFFFABRRRQAUUUUAFFFFABRRRQAUUUUAFFFFABRRRQAUUUUAFFFFABRRRQAUUUUAFFFFABRRRQAUUUUAFFFFABRRRQAUUUUAFFFFABRRRQAUUUUAFFFFABRRRQAUUUUAFFFFABRRRQAUUUUAFFFFABRRRQAUUUUAFFFFABRRRQAUUUUAFFFFABRRRQAUUUUAFFFFABRRRQAUUUUAFFFFABRRRQAUUUUAFFFFABRRRQAUUUUAFFFFABRRRQAUUUUAFFFFABRRRQAUUUUAFFFFABRRRQAUUUUAFFFFABRRRQAUUUUAFFFFABRRRQAUUUUAFFFFABRRRQAUUUUAFFFFABRRRQAUUUUAFFFFABRRRQAUUUUAFFFFABRRRQAUUUUAFFFFABRRRQAUUUUAFFFFABRRRQAUUUUAFFFFABRRRQAUUUUAFFFFABRRRQAUUUUAFFFFABRRRQAUUUUAFFFFABRRRQAUUUUAFFFFABRRRQAUUUUAFFFFABRRRQAUUUUAFFFFABRRRQAUUUUAFFFFABRRRQAUUUUAFFFFABRRRQAUUUUAFFFFABRRRQAUUUUAFFFFABRRRQAUUUUAFFFFABRRRQAUUUUAFFFFABRRRQAUUUUAFFFFABRRRQAUUUUAFFFFABRRRQAUUUUAFFFFABRRRQAUUUUAFFFFABRRRQAUUUUAFFFFABRRRQAUUUUAFFFFABRRRQAUUUUAFFFFABRRRQAUUUUAFFFFABRRRQAUUUUAFFFFABRRRQAUUUUAFFFFABRRRQAUUUUAFFFFABRRRQAUUUUAFFFFAH//2Q0KZW5kc3RyZWFtDWVuZG9iag00OSAwIG9iag08PC9Db250ZW50cyA1MCAwIFIgL01lZGlhQm94IFswIDAgOTYwIDU0MF0gL1BhcmVudCAyIDAgUiAvUmVzb3VyY2VzIDw8L0V4dEdTdGF0ZSA8PC9HUzggOCAwIFI+PiAvRm9udCA8PC9GVDEwIDEwIDAgUiAvRlQxNSAxNSAwIFIgL0ZUMzIgMzIgMCBSPj4gL1hPYmplY3QgPDwvSU01MSA1MSAwIFIgL0lNOSA5IDAgUj4+Pj4gL1R5cGUgL1BhZ2U+Pg1lbmRvYmoNNTAgMCBvYmoNPDwvRmlsdGVyIC9GbGF0ZURlY29kZSAvTGVuZ3RoIDcxNDA+Pg0Kc3RyZWFtDQp4nM2d26pkyXGG7w39Dvta4FIeIk8gDHtPdwsbdGF7wA8wWDJij83IF3p9Z/4RGZErVvVMtySEGWam6+vKb0VkVNXKw6pVP32IL2H+84/rf4XCyw8/fvjpwyKjMvjTf374j1+9/Pd83vrnT3+Yf/3r3/57f/nD//qn/f5XH/71Q3iE8vLnD+nld/Pff5n//hFPCy//9ltt9xNa4bAlj0dJ69jzD62uw//6n383Xj7+z8t0TREfdjb+6cPb9x9+/fn7GF5Sii/f/54PBQv+FOkxanspqT5iyi/f//jhN/Xzd/2fvv/jP3z6fkb29YLyiKHfBRwyeiDXlzKf3l9+nJT/9L7+lOMj0fzj+vvzz/IM9BDi0N782YDKIxdJKH0pnrNr5pPLeCIq9Ejzv/HRBucVxkeanpdS11Nevv/4m9BGdCS3cu+8Lx0i5u6PQfGTM77Sd/6ooV5JSdHHUZuPtZTiyWffitpHT4aPp8TuyFv05v5p3Prl9dYvOb2k/qyGKdEj0niJgx7E/dI7Yk3djkqfHaHR/XNS9s+ht2+IIzbEMbv3kb4+jlqaP6pvlePnT/45bXx9ZHm+82PtZw+FxMbYtjHk+xv5y8bijfXz+OhiHCE87c+TtOGe88TzN69UJo7+qNRrL874moYj5eOrI7m6fPLnz/45b8kTap609t3XR0+jPUrIZzVfv7v3q3/F3J8zJb+UT3h7u/XLq39N15i+PvoSCNGf7xLy/VGbP+o8Ad7eNz7We/R074X2+etjrS091jvk6OlCPrLbKziU5F6vmdI3vFtrLTjq0UMU/GtxkP/UqJE8+c7H+vaJnp1vcnx2vmnz3NhpnrPTI+4TTk94c+ZkgXw3HJGT0kHkpHSQzh96p+fJx8+XQ5vn6zr7L4THCLsyfKY5lHKmOUNrPthWfEIl+2DLuH+2fDG0mh99lXaGWLqUb7TsA+HBwXmQL4T/lYeNqd2PG3Ci/1oDzf95Q//8dqt3+6bOCJVm89kpqf1dO+N23G/rjHnGTN7Qb3G+tm9w9vBIY7zkFh+hxX0a5rcxRT0NJwwQYrATMz6mvzbwkB5E7ihvr76KJfj3H735Nwu/R7/hw2IlN2aS+7D8lr68eD75w94DKbH692hwREawMkafp5M5vTn+u8fr97/h2cB6kc/51JMKzZfr7DsK5VG0QplPkpm0HjyIiXPWsUlBor3bU/A5Ey2HwOPpWPK10dG93xxuXAPf4eP1r5a/QNsezXfD4HfkaqEjru8cydUOfZs5/fKwuc3/Vz5aK/6c+sqfyucZ8NWf7+jjbdQQ/Xnzjeq3j+jXp8Acy/+/ii2XeQ4s6dJtI92GgeQHQKXdhhJ/yTA9jM/fMl1YA+5O1478u0YbfEFeX79h0Iop5pjxt/DIOV8+u+OwT+r0DYPLNKfzkZzznl395CeMI9wmjK/f8qIu+THWcft84WguT06Ov9gbFKbpb9wbF+ff4W1UcnqUVNAbabS/SS6F6oOac35pIrVPYrXEl/O/WASLc8ywhuChzqHZePnRQH/QBO8A6SngJu/e8f7hvxTF+dSLNqZHvVjugJu8e8dFS4jl0NY5Nr1YboCO8PsJDm1HLKZN8UgxPQPS5N07Tm1KiOXQliPF9BSkI/x+gkPbXMnScBW6g+ZKpsC0a8nzos3ZVegOoiuZgkNbXMlycxW6g+JKpuDQDleyOZe8VugGpMm7d5xayq5k8w13rdAdZFcyBYe2u5KV4Cp0A9Lk3TtObUmuZIVche4guZIpOLTVlax0V6E7qK5kCkxbgyvZmsNdLHcQXMkUHFpyJavNVegOyJVMwaEdrmRz2nOt0A1Ik3fvOLUtu5LN6c21QneQXckUHNrmStaGq9AdNFcyBabt0ZWsk6vQHURXMgWHtriS9e4qdAfFlUyBaUdwJRvJVegOgiuZgkNLrmSjugrdAbmSKTi0/VqyteR0qdAN7Cbv3nFoU0jXkqU51wpX7Q2ka8kMHNp6LVkK41qhJ6BeS2bAtDFeS5ZivlboCYjXkhk4tOVasjXdqlfLDZRryQwc2uFKNocF15LdQBzXkhkwbcquZKm6Ct1BdiVTcGibK1kOrkI3kJormQLT5uRKlslV6A6SK5mCQ1tdyXJ3FbqD6kqmwLQUXMkouQrdQXAlU3BoyZWMmqvQHZArmYJD213JSnQVugHqrmQKTFuyK1kprkJ3kF3JFBza5kpWhqvQHTRXMgWmrdGVrGZXoTuIrmQKDm1xJavdVegOiiuZgkM7XMlachW6gTpcyRSYtpErWauuQndArmQKDm13JevBVegGWnclU2DanlzJOrkK3UFyJVNwaKsrWR+uQndQXckUmHYEV7KRXYXuILiSKTi0xZVsNFehOyiuZAoO7biWLId4rdAN7Cbv3nFoc8jXkuVQrhV6AvK1ZAYObbuWLMdwrdAdhHYtmQHTxngtWY50rdATEK8lM3Bo3epHjm6x4wlwqx8GTJvc6kdObrHjCXCrHwYOrVv9yMktdjwBbvXDwKF1qx85u8WOO0hu9cOAabNb/cjZLXY8AW71w8Chdasf6wqUa4XuwK1+GDAtudWPTG6x4wlwqx8GDq1b/cjkFjueALf6YeDQutWPXNxixx2QW/0wYNriVj/WTsC1QnfgVj8MHFq3+pGrW+y4g+JWPwyYtrrVj1zdYscT4FY/DBxat/qRq1vseALc6ocB0za3+pGbW+x4Atzqh4FD61Y/cnOLHU+AW/0wcGjd6kfubrHjDppb/TBg2u5WP3J3ix1PgFv9MHBo3epH7m6x4wlwqx8GTDvc6kcebrHjCXCrHwYOrVv9yMMtdjwBbvXDgGopuNUPCm6x4wlwqx8GDq1b/aDgFjueALf6YeDQutUPiuFaoTsIbvXDgGmjW/2g6BY7ngC3+mHg0LrVD4puseMJcKsfBkyb3OoHJbfY8QS41Q8Dh9atftAcFrRCp+UG3OqHgd9jX2rOuEqr62qSx6hxqudMaGxAywSQADKD1UTAbPLuHSvi2h5to7y08xMubhCXBUAsAGgiIMcNzLG0LVpwAVp6ZAG9Q7sAWxKDaOGHuIE5oK0aXG/Qds2ol7wadc05Maga/rp45d07lnb2uAZH0zonQjuhnpYEQCQMgkVP+7Ea4CSLbEU6Z0E7mzagWCACRAZkocf9WA1wdo2rrYvn50fbTqXVpQAQJwBaCOj7sRqWcySLqyxn0UxaTsu5gCgYJAu87MdqgLNZXHG9Debsp8y/AwhwDFx+AgeDZpHHsYE58O6a06wsmtrx9przn7ZJWx4mLApCoiYQ+lBiHnYXDbEWdreZlxBiU9PMg5CieYQylJiH3cOiTHDPT7i4SVzFZSImJmglJA0l5oE7Zo2yjA531exKZ3eVHgiPISRLJpOMrsQ87O4aZalwzznRzq4UmEDExASthNSuxDxwz/mXRpnZTZpdSewm6YFpEpIsk9yVmIfd1aIM7O6aHaErAeDhlwSasDd0BeaANweNkFpb3pw1M6qrGQB7+fFqwo/n/99vDvaSRUfsbTMrYpLRbAH28GPS+KkpMAd7xwxGLBHelc0mqxUeswaSodHHpsAMsM5p2I5tjtlgLTMnIRXdCQJRE5B3/K03BWZhc9Po5jwH5jGzEsJnRxAWCWg7hVaqArPAvL5Ys1mCuZBmlgNEICwSEDWJVBWYhc1FI0yDzV0zS41FfSdfBZSdRB1VgVlgrkEjTBXmOVfamSVCwUBYJCDsJGqtCszCZrIIM5urZpYiiypKB5MQQnVBct3k8LC7W4xhnVDiHEDs3GKHaRExFSar1XaHssnhgbsljTI2dhfNbvYy3JNst5CkmRScoLyH3et0nJkRu8fMTkjCa3aRbUrsrpYJlU0OD48K13GERbj7GokxCQPuRcREQqJlghOt97C7aJQBg5fY13BMSGVT0x4gIUUzoU6bHB52D4uywD2iZhcyTItsE5PVahMZ4l49cI9sUSZ2V80uBHZX7QESki0TDLy8h91Nolxnt+VeG7l5k7ZeqSBiyiBotcmgTQ7Pcq+d2bjZHGItN0l2kxC7Cec5mIQkzSRjYOY97K4WZWZ3l+wmiWyaZLuFzFab5LzJ4YE7BosywB2TZtdxsgIRUxISLJOQNzk87CYZHq+zHLubjLonKQXtGn8ta7mFkGaSWt7k8LC7y7RgnenScqcoY+9JEkyLbBOT1WoTjNS8B+6ULcrI7iJj8PmZP9hdtAeikGyZxLTJ4WF30yhbZ/fQ7Fpl09AeiEKaZhJ72uTwwJ2jRVngzlmza3m9UkG2SUi0TEra5PCwu1iUKcLdNbsW2NS1B6KQYplgpOY97B4aZR1wU9LsaoNpkcpnsMBktdpkxE0OD9xEGmWt7K6aXSV2T7JNQmarTTAj9h52d4sSk+RUgmZXI167i2wTk9Vqkxw3OTxwl2RRwkw6Mi+dzfzFamQtJO089iM1sLPquLk0SIcOyUthxeDEl1RI5QTQuRuYBeIaLDh8rtas4/GCiTHI1ggJFj9tYBYWFwsQHVybTito4MW6iGi6kGI5xA3MwuKhAVJbU6/UoqZFFZ5FtpnJarUJRmzeA3fLFiOxu2hmlNldNPkuJFsemIt4D7ubRYkp9NoW3skRpswgc0gHE5PVarvj2OTwwN2jRpk7u0mzy1gTARF3E7JO9EIwZ/IedleNMpcOd9fsMrFpDfbEJKRqJg2DNu+BewSLMsE90h6hZ8yZAbZISLBEMGbzGlbTHkenwea6R+ips6dq+lUIaRp19E3MwuK+I0yYQa+tYhmg40yFx9uCU8BqsUHtm5hjaXNIGl5u0JY9xUgJ2qJpVwbJ4sc82TlY2zS4wNqxM8KLB4/FUhg0Cx9DNOeANsYdXMS0Oce8M8IQBo+3lkHU8Atmyc7B2qLBEWvbzihieQSgFtYIKZYAtU3MwuKh4WHavDaL4z4DQbOAiInJarMPFdsmZoE45R1g6BXiurMKlcVrMCdiIVlzIAzKnIXFXQPExDnnoINwXpxmIh4mq9Em3O1XDcw56Tg5JFaTjsFDYDVp7iQkWRqYKXsPuysHuT7AB7s7j8FxEsKrFIRNWUjVRPKoSswDN/HSA48e1pxrbR/HTTBZZiImIUEzyXg7eg+7yaLM7G6cHU5FbGraA1kIWSa5KDEPu4dFiflzLlGz65gtM2FTYoJW4g5FiXngLlmj7I3dRbPrOMkzIXYLyZpJwmzZe9jdLEoiuIdm1xObFhG3kNVKCEZk3gN3jRZlhLuSZtcwWmHCpigkWiaRlJiH3UWjbJ3dncfguKUOmxYRt5CimcROSswD99o62SaMl+boj8fgi2DFhImYhATLBOMj72E3WZQpw115DL5IYFPVHohCyDLB6Mx72N01yjrg7ryWC4LZMhM2BSZoJWRkJeaBe22lbFbZXTS7Suwu2gNBSNJMAmbL3sPualFmdg/NrmLFhImYhFTLJGcl5oF7ba1sFtacK4+s2ZUOEwhfJzuERMsEQzTvYXfRKNdIfrmbZlcKmxr2eOAWUrCWANKSEvOwe1iUmD9TiJpdwRiEiZh4VIJWQigpMc9yr+/zaZSR3VWzIwz2mbCpC8mWCWbL3sPupgNnwgba2o7eg3KqMMWgPdCZoJUQjNK8B+6117JZYTfpoJwyu0l7oAtJlgmmF97D7mpRJnZ3HZRTYFPXHuhCqmWSohLzwL32WoRlzJ8pJc0uY8WECZuakKCZNMyTvIfdpFFiSZhS0+QysahpBzQhpIngM8BZWNwtxPWepBw1s4yZMhPRMEEjIQbUAvHaatkI3qJZpc7eRRIsVUjmm4ssrz7eDrY2jS41aIemlLBIwkS0QlYjIU2BWiDG5pcgXBtAlDWnhFE7E/EIiZYCRm3ew+6i4+cU2N11XB4Hm7qmXoQUyyMMJeZh99CJQ8QMmkrSwXnE5IKJuJmglZA2lJgH7rXlshmxu+r4PGKJhImYhJBlgvmy97C7W5SYQVMNml3EBQVMxMQErYTEocQ8cK9tF2HrK+/LTZpdaOwm7QESkjQTwrDNe9hdNcpQ2D00u0BsGtoDJKRqJlS6EvPAjY0XYZhBU8uaHW87M4lsEhIsE0yYvYfdRaLs2FJe7ibZrdMhmi3A6sxgtREwjJiFzUNi5M+Aae5Rclsnw9UMQEQAaCOA35LOAjM2XfgL6iOzucggfZ0KYS64VgYiBtmSwLzZW9jcZCIxGabSNIIM0TtvOTNgEeam3EbMoSkxC8zYcBFPYzPJAH2dmFhNmn0SEjWNhPmz97C7WoyEs8DomlvnKEHEJKRaIhiuec9yF2y4CIvLXULS7Bom0UzYFIUEywRrBd7DbtIoW2d31ex4B5qJuIWQZhJ7VWIedneLEnPrEqNm1/A6ZsIiBmjEoFQFZoEZ2y3CUoG5aG4tsHkRFglYjRhgqOYtbG4aYR1sHppZbSzCWssCQUDbSYRRFJgFZmy1CMO0uqQsQ/Mue9BMWCQg7iQCptDewuaig+ea2dxkYD4JVlCYsEhA0SRyUWAWNg+LMKxp2LoxRBRScPEBkwnmARigEZsxRPMWmLHJIp7G5irTi0kKmysnP80CMifRsC3+frOwuVuEmE6Xtai9CcYUTFjEAI0YECkwC8zYYBEW2UyaGWH5hAlEXUDSJDBx9hY2V41wfibC3DUzqixan9iD1ULqzqJjjOY1UGN3RViBumRNjTDUBNlqIWtfSwg2ObyH3WRBJnY3TY4CmybZJiFkiaS8yeFh99AoM2bS8wNHR+MZaycgYmpMVqtNRt7k8MCNnRYx1QR30eF4JnYX7YEmJGsmDUM172F3sygzu4eOyHNk09AeaEKaZZLTJocH7hYtSsyk54teJxYJ82YQMVUh0TLBvNl72F00ytTY3TW7hLUTkO0WUjQTvorQe+DGdoswWrOv0pNml3DtAcg2CQmWCYZq3sNusigju6tmFwebKjZHlqkIIcskxk0OD7u7Rhkxky4jaHYR82aQ7WayWm3S4yaHB27stwgr7C6aXcRMDWSbhCTLBPNm72F3tSgTu4cOzmNg08D2EExCqmWS4iaHB1c9Y9clycluXUwdso7NA2acICIiIVETwSTDWVhcNMRQIW46MA/EmqbZk5CiWWC05CwsHhbg+iCZBddRecCiCcjWRBYPy0GBWSDG3gsQrHL3TZwI2Vo16ywkWwL7sRjY2CQyvqBmWlOQfNZJEI4UNOXMZLXaBOMz74EbGy/CMrtJUlqnQXYTzr0wCUmWA+bM3sPualHyqyJ1yazJnjOIuJOQ2WofLYxNDg/c2H0RE2bRNSfNrsvV+QlDBLiFBM2ELyX0HnaTRUmoYm4yIl+nQjZNsk1CyDLBMM172N1l1DxZhFu+TcCnQphwoaWYmGBeJiT2TQ4P3Nh+YdY6u4uMyJvsOoOIKQrJmglfTug97G4aZSvsHjK3WKdCNBvaAfy9htVmg9I3OSwwY/NFGFaI6rrp2iYIcYEtYhAtCwzVvIXNRSOsg81dM8POL4CIAoOiSfCFhN7C5qERVsyga02aGQbgAFsEsNpsUNsmhwVmbLsIy2yumlnFegmIDPGCEMK8CAQzZu9hd7cY+cO0Bc2tYBINAtP8kGeyWm03Pjy9B25su4ipsZs0u1LYvYZ44haSJJMqlxF6D7vrHj0XYvXY43LehQbYHiHV8uBzwNUCMfZcGGEGXXvew3LCYgmAaLqQYElguuwsLC47QOoF4rYH5cQvvAW2WEjRHDqGaM7C4qEBFohH3FkRThcAW8NktdmklE3MAjG2WhglFpedFfE7Y4GtEZItB8yUnYXFbQeYMXNuIeysMpZJAETTQNBmk1E2McsSN2yyyOmNIKadVSYWr+FcYY2QqDm0SpuYhcVVA8ws7jurHFnTsYsEjZB1UheSaROzQIztFTmxQRzTziphkgwgmiokWA6BNjELi2kHmBqLqw7AE1ZHmIhZCGkSfKmg07C56ywh0RomtRR1/J1w3QETETFBKyEYJ3kP3GtnZbPI7qLj7zjYXTT9IiRZIhiUeQ+7m0YZO7uHziRiZdPQDihCmmbC1wp6D9xrd2UzzJ1bzppdxCIJEzEJiZYJf5HOedhdLMqU4G6aXQxsatoDRUixTFJWYh52D40yDLjX3eo3wUyZCcFETNCK3XzhoPfAvTZaNqvsrppdIHYvIm4hq5UQzJS9h93dosTcuZWg2QX+TiWImCK7u2WSkxLzwL02WjYL7CYZjK8TILsJVwkskoUkywQzZe9hd5XJAn8xcbm7DMkr8n4XIm4hVTPhSwe9B+610bIZ5s5ztidD8nUKhAlETEKCZUJRiXnYTRZlZHeTyUWVPWcmbEpCyDKJUYl52D00yo658xyWanYd1x0wETeTOjQTvnrQe+BeGy2b4UzTiibXM6uLdkASki2RokAtLG4WIl4jbWhmPbCGL/uFRkizLJICteyvIa+bju8fcvrZu0J33pK73Cf3yU9d3O6JfLv39Fcdrma+ZOSrbvX7MvP50v33v+5oc4Cf/NHekrtT+P4tpp/9FZOKW1Vfb3B9+22a4m8vPLq/mfZ4O+7PPs9Z7WVdglz2b47NIs8X3ktc32bH9a3r8fzAWrfVXQuKCV9brS8xDnxHLa1FisQP6eWHD+ueQesngfjxurgx4esI+/nr5j9r7Xj71uOS9vFWe36Mq7vQXp6/7k/W1vPFV9fXAfvLPt66i9hsvsOp/LVFjVaerdmIbWfLR/vBZS8/JHb9abTLL4qVFwrPb2Q98GWK9RXD+SS+j3VB2SnYvZ8/n3cfXxfijWQ9vx6vb8BrT62Z4BjWkwW7J9rza//bKsH70euikf38tYddYlcfHlfr+f1497w+X/pKfdKX+3jS8zsc6XmNdtdpZ7PrKNnunr9m/8WfcPtSh6+r6tZY++zw+vbZdfgcDV1J/vyp34py/krP2sRct/PcRcHjWKwTx7oiU/t47UuGbjVZ63O7BFg5CDyQ2s+vYe3Eqg0Pu5VkP94l2U+XPlSb9PE+mlRkByMV2aHu8u1Mdnkl012Qa+bfXJC1V0VzpH8W5K2T7+wWjs6uRJfPnvV4TUW1e2jdvsQ6j/rlo6eVePnoabi/kX1UzdHePFGpDQ+PT579eHf2frr0j9qk//bRpLN3MNLZO9RdmZ3Jrpxkujv7mvk3d/ZUztiunR2y/JSLndP4tzrWaubPED7v5Ke/UPL0V0R+whUk84WGW5Xg4j55jBHbeuWtjbr0QtT4HhjrievGJfr38pjb2/P17y/+9/0DmE9vlr+fi+8qHrGsm3Ee6v2ekCPvv5WH3Nievf/64tY4Ynr58/FTJ/hptjBPWajP2mehhnvjptl2bfKuL/Pw72/OoPUHONd4NV9+L8XIL334raWRuN7SEeuy5y9hHW82+SWsk3C1T8JjioMQ/9LJ+Sn62n7mFfFLv7vzxR8PyuuGvPMdta6RWJd78q8t3X4r6G3431/6mp8jk9+2PH9h6PXj1/1EzhcDptjuAYf4lT/o82Xt+uWd6LTt1cdfbz+eVm4kV09eU3zan39NwLiMwwf81/fDOoMU373lVscv9QMfev3zf7lw60cNCmVuZHN0cmVhbQ1lbmRvYmoNNTMgMCBvYmoNPDwvQ29udGVudHMgNTQgMCBSIC9NZWRpYUJveCBbMCAwIDk2MCA1NDBdIC9QYXJlbnQgMiAwIFIgL1Jlc291cmNlcyA8PC9FeHRHU3RhdGUgPDwvR1M4IDggMCBSPj4gL0ZvbnQgPDwvRlQxMCAxMCAwIFIgL0ZUMTUgMTUgMCBSPj4gL1hPYmplY3QgPDwvSU05IDkgMCBSPj4+PiAvVHlwZSAvUGFnZT4+DWVuZG9iag01NCAwIG9iag08PC9GaWx0ZXIgL0ZsYXRlRGVjb2RlIC9MZW5ndGggNTM0Pj4NCnN0cmVhbQ0KeJy1VNtqGzEQfS/sP8xzoLJuI2kgBHa93tBCHtou9ANKEwhxi9OH/n5H2ovXs25x2wQhr3w0M2fmaKRDZUDzeJs/6DV82VeHKiMUBuD5a/X5Cr6xXR7PD7y9uf2U4OGHNLu/qj5UWmmEn5WFO57veT4WMw0fb2e/Q/EqtOhIoc3cvIgh02/e3RG034FjcaCBlp0PVdNXm643Gqw10N8PVCVKWRmvKERAG5SxDvp9dR26Ld30j292PWd2eQBURqd1gCHlooALgGyeYM/osHrKK2eU9bzM+8v1aFEUKnnMav4xIVQOx4LsOp/FiXB8m7J9tOCD8h4CZuR4KqzxOCctl9iYCEIkOpOI58OhFMG4qOKgjE5dzgSSzkbQt9c61PaolYqeYPl7pJU7M7lP+gy581ZZS6wRf7mywq5NyOyWwsSuTTw96r8m8sEq75iH/9HIQ63PPNlh5IlkBOIiCgS99KrblY1JAmmMtImplogOpwhaI/NJO5JebSeQ0ODLqOUQVYo0qFWjrCCtlFirlRpZAe6szJec9LKtQGi7qruOMnLR73/qntrxpPBz7SgfjvkCTM/IRU2fSOlgfs+SRDmXBJ8afRm78Y1sR6J/iI1Gr2K/3gVZt3oT9SniXd29xrM0iuj5VQqEpVDnV31Ljbx5Z8Rot7Isecs1NrLQ2kgE6xXiBdeY4Uv0/7Lws51Zz0R5/ALUZsSADQplbmRzdHJlYW0NZW5kb2JqDTU4IDAgb2JqDTw8L0JpdHNQZXJDb21wb25lbnQgOCAvQ29sb3JTcGFjZSAvRGV2aWNlR3JheSAvRmlsdGVyIC9GbGF0ZURlY29kZSAvSGVpZ2h0IDI5MSAvTGVuZ3RoIDQxMzkgL01hdHRlIFswIDAgMF0gL1N1YnR5cGUgL0ltYWdlIC9UeXBlIC9YT2JqZWN0IC9XaWR0aCAyNzEyPj4NCnN0cmVhbQ0KeJzt3emW08YWgFHmbsZmhsscAoEACdz3f7h7rRqkKlk2gyW7cO/9n0T2ykq+nKMqX7gAAAAAAAAAAAAAAAAAAAAAAAAAAAAAAAAAAAAAAAAAAAAAAAAAAAAAAAAAAAAAAAAAAAAAAE24CADAeXPoBC0d+rsAAKABkhQAgGZoUgAAWtFklV4CAOCYNFemIhQAgOiQZSpIAQAYOUCZalIAACbttUy/16SXAQA4L77Xpgep0kN/KQAAHMz+y3S6Src84hUAAI7Jj8Xp0mE6VaUyFADgXNvQpouW6XqVKlIAADoTabpcmK5l6XSSXgUA4LyYjtOFw3RDlQpSAIBzby1Nx2W6YJbWUVo+1TUAAM6LqTgty3SBMJ3K0lGTrj/nCQAAx2dLnhZlulCYTu3wiyqVogAA59Q4TsdhemneMN00LC2jtHy8UwAAjt1EnU6W6ZxhuiFLhyjd3KPXAQA4Jpv7dEjTxcJ0PUurKh0l6aG/KgAA9mYUp2tlOm+YbszSPkrHQXoDAIDjN87TPk2XCtMtWdpH6VqQ3gQA4Jit5WmfplvCdP4sHYalfZSu9+gtAACO03qf9mlajUxnDdNqi19laazSvkmnavQ2AADHZqpQ+zbty3QUprtv8rdlaVGlRZHWj30HAIBjMtmoOU37Ml0gTL+XpWWUTqXoGQAAx2QqUus03R6mi2RpmJWmKC2KtHrwuwAAHJOJSM1tGtM0jEznD9OiS8ssPYlZGqo0RelQpMVj3wMA4NisRWpu05imcWQaXjKtw3SnLv1+lsYqTU06jtH7AAAcn3GipjbNZbpImNZb/DpL+yqNUToUaX7gBwAAHKe6UFObhjTNZToO02KTv/u4NF6nn088xSztqjRGaV+k8VkfAgBwzIpATW0a0rQr0xSmpzFMrwxh+usD04ktfpyWph1+X6WpSYcgfVR6DOzZk8GhH4Wj8WTaoR8L2K+q8YY8TW06lGna5Z/0YVpv8nfJ0ktDll7LWZqHpV2Vxibtg7R/9A3/FoN2PP2+9p9wOQf+7L+X3/97G30C/8QAG9WZmuI0pGlXpmlkmsL02hCmu2zyx1v8q3mLn7J0qNIQpX2Rxgfe7b+GMLv/7Oo3e9xZ7e+D/ugfWPCJNv49F/ou9/t9H+SfrCU/z498zAP8/X/Eb/z1QlAUaozTkKZ9mcYwzZv8q+NN/s9m6f8AAGBa+t+iVKcpTVOZToXpTgPTQ39YAACa9ezZs35oH9q0KNMQpjdv3rh+vTj7tMvA9NAfFgCAZj3vPIt1GtK0L9M6TPtXTKujT7oUAIB5vHyxkto0pGkq0xym3an8YpM/GpjqUgAA5vHqZadv075MHz7MYdq9Ylpu8n+9Sy8e+sMCANCs169frfRtmso0h+mwyZ9jYKpLAQDY5M2bN69zm+YyDSPTuMofDUyv7jQw1aUAAGzyxx9/xDR9HaameWQaJqahS8+qo0/FySddCgDAfN6+fdunaZyZrsq0CtNiYFot8n+6Sy/qUgAANvnzz7dFmoYyzWFaDkyrI/m/uMjXpQAAbPTu3Z85Tbsy7cP06RCm/cC0OPmkSwEAmNX7d+9ymnZl+vp1H6ZFl/YD050W+boUAICN/nr//n0u026bn8L0WR2mk116SZcCADCXv1ZCmqYy7cN01KXjE/m6FACAOX348GEo0z5MX/RhOizydSkAAMv5+CGXaRyZdmH66tXEwLRc5P9Sl17UpQAAbPRxJZRpHJm+fdsdfuo3+fUiP/3k0y8efNKlAABs9vfffw9lmsI0bPLTwFSXAgCwD5/qMM2b/O4N0/IF0/IGU10KAMDsPn3qy7QP07DJDwPT6gXTtYNPuhQAgLl8/hTKNIdp3uS/Wn/BtDv4pEsBAFjG58+f88g0hukwMA0vmG47kK9LAQCYy5fPoUxzmHab/PyG6fNnEwefdCkAAEv48uVLH6bFwDQt8kcHn8pfIv3pC0x1KQAAm/0zhGkxMH3z5tWr4eBTfSBflwIAML9/6jANA9N88qk/+HR2VvwS6dW4yNelAADM6J8qTLuB6bt3f467tLooSpcCADC/f3OY5oFpWuT3B5++d1GULgUAYAb/1mHaL/J1KQAA+/RvCtNuk58X+elEfjqQ/50LTHUpAAAz+BrCNA9M60W+LgUAYF++DgPTcpFfdOnD7Rfr61IAAGbwtQzTfpHfd2m4wFSXAgCwtK9f8yY/LvLLLn2hSwEA2JOvxcA0v2Da3WAaL4oqf/BJlwIAsJxvIUzLRX7q0je6FACA/flWLfLLg0+xS5/kLg0/+KRLAQBYRtelX6sXTPsD+boUAIC9+fZt3KUf1rv03l1dCgDAor51YZoX+boUAIAD2dKl3Q+R6lIAAPZirUs/6lIAAPbvW/2CqS4FAOAgdCkAAC3QpQAAtECXAgDQgr116UVdCgDAZv8tDuTnHyKtuvRx6NKzO6FLr5+enIQuvRK69GfCVJcCALCFLgUAoAW6FACAFuhSAABaoEsBAGiBLgUAoAW6FACAFuhSAABaoEsBAGiBLgUAoAW6FACAFuhSAABaoEsBAGiBLgUAoAW6FACAFuhSAABaoEsBAGiBLgUAoAW6FACAFuhSAABaoEsBAGiBLgUAoAW6FACAFuhSAABaoEsBAGiBLgUAoAW6FACAFuhSAABaoEsBAGiBLgUAoAW6FACAFuhSAABaoEsBAGiBLgUAoAW6FACAFuhSAABaoEsBAGiBLgUAoAW6FACAFuhSAABaoEsBAGiBLgUAoAW6FACAFuhSAABaoEsBAGiBLgUAoAW6FACAFuhSAABaoEsBAGiBLgUAoAW6FACAFuhSAABaoEsBAGiBLgUAoAW6FACAFuhSAABaoEsBAGiBLgUAoAW6FACAFuhSAABaoEsBAGiBLgUAoAW6FACAFuhSAABaoEsBAGiBLgUAoAW6FACAFuhSAABaoEsBAGiBLgUAoAW6FACAFuhSAABaoEsBAGiBLgUAoAW6FACAFuhSAABaoEsBAGiBLgUAoAW6FACAFuhSAABaoEsBAGiBLgUAoAW6FACAFuhSAABaoEsBAGiBLgUAoAW6FACAFuytSy/oUgAANgtZ+jVkaejSj+MufRS69M7t0KWnpyfXQpdeDl36M1mqSwEA2EKXAgDQAl0KAEALdCkAAC3QpQAAtKA4jv/l8yddCgDAYax16QddCgDA/m3p0pcvnv9HlwIAsBf166W6FACAw+iytO7Sv9a7tPu5J10KAMCC4ri0P45fdOkrXQoAwN7kNX7Rpe/frbr0TerSx7lLb93UpQAALCaPS6troroufa1LAQDYn2qNX18T9fLFs9il93QpAAALK8alcY1fdOlzXQoAwJ6UWVode4pd+mTVpfd1KQAAS8tb/LTG714vHXXpg9ylN3QpAABLGcalxRq//xlSXQoAwH6kLB2t8d/+EY7jP3v65PHDqktPdCkAAEuos7Ra4+tSAAD2JmdpGpem20v7a6LCzz3lLr0euvRq7NJLuhQAgPlUWTqs8esuPTu7rUsBAFhSnaX9Gv/Nq3Dsqfi5p6JLr+hSAABmNmRp2OIPp/FfvqivL71VXl+qSwEAmFdXpSlLh3FpcexpuCZq+lp9XQoAwBxClfZZmsel/eulo+P4uhQAgGV0VRreLU1ZOpx6ej4+jj95TZQuBQBgDnlYGrO0HJf2x57qa6J0KQAAC+irdMjSOC598bxb41fHnlKXXtGlAADMrc7StMXv1/hrx576a6J0KQAAc/o4VGnO0m5cuv566c5dekGXAgCwURelqyqNw9K8xR/GpduO4//c9aW6FACALXKVhix9G7I0vl36rHy9dPLYky4FAGA2fw1VOmTpxLhUlwIAsKQYpblKhyzdtsbXpQAAzK2L0lil3bA0Z+loXDrdpT957EmXAgCwWY7SUKXhyFPK0mpcWr9eemUYl+pSAABmkaM0VOmQpcW4tFjjr79e+jNdekGXAgCwSRGlsUr7LF0bl+64xtelAABs1kdpqNIwLK2zdPI0vi4FAGBeeVIaZ6UxS58+fRK2+ONxafdjTzus8XUpAAAb5SYdqjQceVpladril79BunZL1M916YVDf1gAAJoVkjQ2aV+lfZaOx6U7nXrSpQAAbNYlaWrSVZTmKo1L/Pru0t3HpboUAIBNnqcmjVGaq7TP0urQU3nqSZcCADCnWKShSVdROlTpKEunx6W6FACAmcQi7ZJ01aSrKB2qNGZptcUf3i79tS69EP9U9+dXf51V5K7+kteunZycnl6/cePmrVu379w5O7t79969+/cfPHjw8OHqcR497jwJngIAcKxi8IX2e5SiNFfpZJbuNC4tu7QP02shTK+nMC3KNKZpjNNYp0OhAgBwRPrWexSTNEXpUKUpS4uXS3ccl44GpjlMT3KY3kxhGsq0S9OuTUOcpjzNHgMAcAyqxovZ9yA26SpKQ5XGLL2Zs7R4uXSXcWnu0mKTfyVv8k9jmA5l2qVpaNMQpzlPAQA4UjH67qcmXUVpX6UxS0+LM0/1Fv9XunRqk58mpjlMQ5mmNA1tmuq0D1QAAI5ODr6Yf3dzlIYqzVl6svZy6a+PS8cD01GYDmWa0jS0aa7TslABADgiQ+7F/DvLUdpX6VqW7jou/ZEwTWXapWlo01yno0QFAOBIFLUX8+9OjNJYpQtladmlVZjG66JSmeY0DW2a6/RsLVIBAPj9Va0X8+/2EKWhStMFUaMs3bFLt4dpGJn2aRrbNNfpnYlIBQDgd1e1Xuq/W32UxmHpElmau3RzmNZpOtTpVKQCAPC7q2MvFeAQpd/L0l/v0q1hWpZpSNOhTqcaFQCAI1D1XmrAG1WVLpKl9Sa/DtNUpiFNY5v2dbpWqAAAHI+i+VIFXk9Rmqp0nKU7b/E3hukwMg1lGtO0j9O6TwEAOD5D+KUSPE1VOgxL587SepM/CtNQpjFNc5tWeQoAwNEa8u+0j9JiWLqepbt26eYwDWUa0zS1aZWnAAAcub4BT/oo7ap0oSydCtO6TFOaFnGqUgEAjtN68OUUvLZWpbNn6cYwDWWa0rRv0+k+BQDgyJT5d22I0lClS2XpOEzHZZrTdFSnAAAcvSEEr05W6cxZOoTp2sg0lWkVpyIVAOCIrWdfX4RXNg1LZ8vS6TBNZVq06WSeAgBwpMoMzGl4edksXQvTVKZ9mtZxCgDAOTIk4eXLUzv8WbO0CNNRmRZpKk8BAM6VOgQvb6jSmbN0Ikz7Ml2LUwAAzpWiCy8tnqVlmPZlWqapOgUAOH/qHLy0XqULZOmGMh23qVAFADheW8qv6MOlq7QO07JMt8cpAADHrQ7Di3vI0q1lqk8BAM6ZqRzcU5WOy3S6TQEAOJfqUFy4StfLVJsCAHBpnIh7qNKpMpWnAADn1WQZ7qlKN5apVAUAOG4/FoF7rNIfL1MAAM6ZPVepNgUAYM1BmlScAgAwOGyS1g79XQAAsHeHTlAAAAAAAAAAAAAAAAAAAAAAAAAAAAAAAAAAAAAAAAAAAAAAAAAAAAAAAAAAAAAAAAAAoAX/BwiJKO4NCmVuZHN0cmVhbQ1lbmRvYmoNNTcgMCBvYmoNPDwvQml0c1BlckNvbXBvbmVudCA4IC9Db2xvclNwYWNlIC9EZXZpY2VSR0IgL0ZpbHRlciAvRENURGVjb2RlIC9IZWlnaHQgMjkxIC9MZW5ndGggMjczNzggL1NNYXNrIDU4IDAgUiAvU3VidHlwZSAvSW1hZ2UgL1R5cGUgL1hPYmplY3QgL1dpZHRoIDI3MTI+Pg0Kc3RyZWFtDQr/2P/gABBKRklGAAEBAAABAAEAAP/bAEMACAYGBwYFCAcHBwkJCAoMFA0MCwsMGRITDxQdGh8eHRocHCAkLicgIiwjHBwoNyksMDE0NDQfJzk9ODI8LjM0Mv/bAEMBCQkJDAsMGA0NGDIhHCEyMjIyMjIyMjIyMjIyMjIyMjIyMjIyMjIyMjIyMjIyMjIyMjIyMjIyMjIyMjIyMjIyMv/AABEIASMKmAMBIgACEQEDEQH/xAAfAAABBQEBAQEBAQAAAAAAAAAAAQIDBAUGBwgJCgv/xAC1EAACAQMDAgQDBQUEBAAAAX0BAgMABBEFEiExQQYTUWEHInEUMoGRoQgjQrHBFVLR8CQzYnKCCQoWFxgZGiUmJygpKjQ1Njc4OTpDREVGR0hJSlNUVVZXWFlaY2RlZmdoaWpzdHV2d3h5eoOEhYaHiImKkpOUlZaXmJmaoqOkpaanqKmqsrO0tba3uLm6wsPExcbHyMnK0tPU1dbX2Nna4eLj5OXm5+jp6vHy8/T19vf4+fr/xAAfAQADAQEBAQEBAQEBAAAAAAAAAQIDBAUGBwgJCgv/xAC1EQACAQIEBAMEBwUEBAABAncAAQIDEQQFITEGEkFRB2FxEyIygQgUQpGhscEJIzNS8BVictEKFiQ04SXxFxgZGiYnKCkqNTY3ODk6Q0RFRkdISUpTVFVWV1hZWmNkZWZnaGlqc3R1dnd4eXqCg4SFhoeIiYqSk5SVlpeYmZqio6Slpqeoqaqys7S1tre4ubrCw8TFxsfIycrS09TV1tfY2dri4+Tl5ufo6ery8/T19vf4+fr/2gAMAwEAAhEDEQA/APn+iiigAooooAKKKKACiiigAooooAKKKKACiiigAooooAKKKKACiiigAooooAKKKKACiiigAooooAKKKKACiiigAooooAKKKKACiiigAooooAKKKKACiiigAooooAKKKKACiiigAooooAKKKKACiiigAooooAKKKKACiiigAooooAKKKKACiiigAooooAKKKKACiiigAooooAKKKKACiiigAooooAKKKKACiiigAooooAKKKKACiiigAooooAKKKKACiiigAooooAKKKKACiiigAooooAKKKKACiiigAooooAKKKKACiiigAooooAKKKKACiiigAooooAKKKKACiiigAooooAKKKKACiiigAooooAKKKKACiiigAooooAKKKKACiiigAooooAKKKKACiiigAooooAKKKKACiiigAooooAKKKKACiiigAooooAKKKKACiiigAooooAKKKKACiiigAooooAKKKKACiiigAooooAKKKKACiiigAooooAKKKKACiiigAooooAKKKKACiiigAooooAKKKKACiiigAooooAKKKKACiiigAooooAKKKKACiiigAooooAKKKKACiiigAooooAKKKKACiiigAooooAKKKKACiiigAooooAKKKKACiiigAooooAKKKKACiiigAooooAKKKKACiiigAooooAKKKKACiiigAooooAKKKKACiiigAooooAKKKKACiiigAooooAKKKKACiiigAooooAKKKKACiiigAooooAKKKKACiiigAooooAKKKKACiiigAooooAKKKKACiiigAooooAKKKKACiiigAooooAKKKKACiiigAooooAKKKKACiiigAooooAKKKKACiiigAooooAKKKKACiiigAooooAKKKKACiiigAooooAKKKKACiiigAooooAKKKMUAFFLRQAlFLRQAlFLRQAlFLRQAlFLRQAlFLRQAlFLRQAlFLRQAlFLRQAlFLRQAlFLRQAlFLRQAlFLRQAlFLRQAlFLRQAlFLRQAlFLRQAlFLRQAlFLRQAlFLRQAlFLRQAlFLRQAlFLRQAlFLRQAlFLRQAlFLRQAlFLRQAlFLRQAlFLRQAlFLRQAlFLRQAlFLRQAlFLRQAlFLRQAlFLRQAlFLRQAlFLRQAlFLRQAlFLRQAlFLRQAlFLRQAlFLRQAlFLRQAlFLRQAlFLRQAlFLRQAlFLRQAlFLRQAlFLRQAlFLRQAlFLRQAlFLRQAlFLRQAlFLRQAlFLRQAlFLRQAlFLRQAlFLRQAlFLRQAlFLRQAlFLRQAlFLRQAlFLRQAlFLRQAlFLRQAlFLRQAlFLRQAlFLRQAlFLRQAlFLRQAlFLRQAlFLRQAlFLRQAlFLRQAlFLRQAlFLRQAlFLRQAlFLRQAlFLRQAlFLRQAlFLRQAlFLRQAlFLRQAlFLRQAlFLRQAlFLRQAlFLRQAlFLRQAlFLRQAlFLRQAlFLRQAlFLRQAlFLRQAlFLRQAlFLRQAlFLRQAlFLRQAlFLRQAlFLRQAlFLRQAlFLRQAlFLRQAlFLRQAlFLRQAlFLRQAlFLRQAlFLRQAlFLRQAlFLRQAlFLRQAlFLRQAlFLRQAlFLRQAlFLRQAlFLRQAlFLRQAlFLRQAlFLRQAlFLRQAlFLRQAlFLRQAlFLRQAlFLRQAlFLRQAlFLRQAlFLRQAlFLRQAlFLRQAlFLRQAlFLRQAlFLRQAlFLRQAlFLRQAlFLRQAlFLRQAlFLRQAlFLRQAlFLRQAlFLRQAlFLRQAlFLRQAlFLRQAlFLRQAlFLRQAlFLRQAlFLRQAlFLRQAlFLRQAlFLRQAlFLRQAlFLRQAlFLRQAlFLRQAlFLRQAlFLRQAlFLRQAlFLRQAlFLRQAlFLRQAlFLRQAlFLRQAlFLSYoAKKKKACiiigAooooAKKKKACiiigAooooAKKKWgApcUoFKBQAmKMU/FLtoAjxS4p+2jbQAzFGKk20baAI8UYqTbRtoAjxRipNtG2gCPFGKk20baAI8UYqTbRtoAjxRipNtG2gCPFGKk20baAI8UYqTbRtoAjxRipNtG2gCPFGKk20baAI8UYqTbRtoAjxRipNtG2gCPFGKk20baAI8UYqTbRtoAjxRipNtG2gCPFGKk20baAI8UYqTbRtoAjxRipNtG2gCPFGKk20baAI8UYqTbRtoAjxRipNtG2gCPFGKk20baAI8UYqTbRtoAjxRipNtG2gCPFGKk20baAI8UYqTbRtoAjxRipNtG2gCPFGKk20baAI8UYqTbRtoAjxRipNtG2gCPFGKk20baAI8UYqTbRtoAjxRipNtG2gCPFGKk20baAI8UYqTbRtoAjxRipNtG2gCPFGKk20baAI8UYqTbRtoAjxRipNtG2gCPFGKk20baAI8UYqTbRtoAjxRipNtG2gCPFGKk20baAI8UYqTbRtoAjxRipNtG2gCPFGKk20baAI8UYqTbRtoAjxRipNtG2gCPFGKk20baAI8UYqTbRtoAjxRipNtG2gCPFGKk20baAI8UYqTbRtoAjxRipNtG2gCPFGKk20baAI8UYqTbRtoAjxRipNtG2gCPFGKk20baAI8UYqTbRtoAjxRipNtG2gCPFGKk20baAI8UYqTbRtoAjxRipNtG2gCPFGKk20baAI8UYqTbRtoAjxRipNtG2gCPFGKk20baAI8UYqTbRtoAjxRipNtG2gCPFGKk20baAI8UYqTbRtoAjxRipNtG2gCPFGKk20baAI8UYqTbRtoAjxRipNtG2gCPFGKk20baAI8UYqTbRtoAjxRipNtG2gCPFGKk20baAI8UYqTbRtoAjxRipNtG2gCPFGKk20baAI8UYqTbRtoAjxRipNtG2gCPFGKk20baAI8UYqTbRtoAjxRipNtG2gCPFGKk20baAI8UYqTbRtoAjxRipNtG2gCPFGKk20baAI8UYqTbRtoAjxRipNtG2gCPFGKk20baAI8UYqTbRtoAjxRipNtG2gCPFGKk20baAI8UYqTbRtoAjxRipNtG2gCPFGKk20baAI8UYqTbRtoAjxRipNtG2gCPFGKk20baAI8UYqTbRtoAjxRipNtG2gCPFGKk20baAI8UYqTbRtoAjxRipNtG2gCPFGKk20baAI8UYqTbRtoAjxRipNtG2gCPFGKk20baAI8UYqTbRtoAjxRipNtG2gCPFGKk20baAI8UYqTbRtoAjxRipNtG2gCPFGKk20baAI8UYqTbRtoAjxRipNtG2gCPFGKk20baAI8UYqTbRtoAjxRipNtG2gCPFGKk20baAI8UYqTbRtoAjxRipNtG2gCPFGKk20baAI8UYqTbRtoAjxRipNtG2gCPFGKk20baAI8UYqTbRtoAjxRipNtG2gCPFGKk20baAI8UYqTbRtoAjxRipNtG2gCPFGKk20baAI8UYqTbRtoAjxRipNtG2gCPFGKk20baAI8UYqTbRtoAjxRipNtG2gCPFGKk20baAI8UYqTbRtoAjxRipNtG2gCPFGKk20baAI8UYqTbRtoAjxRipNtG2gCPFGKk20baAI8UYqTbRtoAjxRipNtG2gCPFGKk20baAI8UYqTbRtoAjxRipNtG2gCPFGKk20baAI8UYqTbRtoAjxRipNtG2gCPFGKk20baAI8UYqTbSbaAI8UYqTbRtoAjxSYqTFIRQBHSU8im0AJRRRQAUUUUAFFFFABRRRQAV0H/CCeMP+hU1z/wAF03/xNc/X3/QB8Q/8IJ4v/wChU1z/AMF0v/xNKPAni/8A6FXXP/BdL/8AE19u0UAfEg8CeLv+hV1z/wAF8v8A8TTx4F8Xf9Ctrf8A4L5f/ia+2KKAPigeBfFv/Qra3/4L5f8A4mnf8IL4t/6FbW//AAXy/wDxNfatFAHxV/wgvi3/AKFfW/8AwXy//E0v/CC+Lf8AoV9b/wDBfL/8TX2pRQB8V/8ACC+Lf+hX1v8A8F8v/wATR/wgvi3/AKFfW/8AwXy//E19qUUAfFf/AAgvi3/oV9b/APBfL/8AE0f8IL4t/wChX1v/AMF8v/xNfalFAHxX/wAIL4t/6FfW/wDwXy//ABNH/CC+Lf8AoV9b/wDBfL/8TX2pRQB8V/8ACC+Lf+hX1v8A8F8v/wATR/wgvi3/AKFfW/8AwXy//E19qUUAfFf/AAgvi3/oV9b/APBfL/8AE0f8IL4t/wChX1v/AMF8v/xNfalFAHxX/wAIL4t/6FfW/wDwXy//ABNH/CC+Lf8AoV9b/wDBfL/8TX2pRQB8V/8ACC+Lf+hX1v8A8F8v/wATR/wgvi3/AKFfW/8AwXy//E19qUUAfFf/AAgvi3/oV9b/APBfL/8AE0f8IL4t/wChX1v/AMF8v/xNfalFAHxX/wAIL4t/6FfW/wDwXy//ABNH/CC+Lf8AoV9b/wDBfL/8TX2pRQB8V/8ACC+Lf+hX1v8A8F8v/wATR/wgvi3/AKFfW/8AwXy//E19qUUAfFf/AAgvi3/oV9b/APBfL/8AE0f8IL4t/wChX1v/AMF8v/xNfalFAHxX/wAIL4t/6FfW/wDwXy//ABNH/CC+Lf8AoV9b/wDBfL/8TX2pRQB8V/8ACC+Lf+hX1v8A8F8v/wATR/wgvi3/AKFfW/8AwXy//E19qUUAfFf/AAgvi3/oV9b/APBfL/8AE0f8IL4t/wChX1v/AMF8v/xNfalFAHxX/wAIL4t/6FfW/wDwXy//ABNH/CC+Lf8AoV9b/wDBfL/8TX2pRQB8V/8ACC+Lf+hX1v8A8F8v/wATR/wgvi3/AKFfW/8AwXy//E19qUUAfFf/AAgvi3/oV9b/APBfL/8AE0f8IL4t/wChX1v/AMF8v/xNfalFAHxX/wAIL4t/6FfW/wDwXy//ABNH/CC+Lf8AoV9b/wDBfL/8TX2pRQB8V/8ACC+Lf+hX1v8A8F8v/wATR/wgvi3/AKFfW/8AwXy//E19qUUAfFf/AAgvi3/oV9b/APBfL/8AE0f8IL4t/wChX1v/AMF8v/xNfalFAHxX/wAIL4t/6FfW/wDwXy//ABNH/CC+Lf8AoV9b/wDBfL/8TX2pRQB8V/8ACC+Lf+hX1v8A8F8v/wATR/wgvi3/AKFfW/8AwXy//E19qUUAfFf/AAgvi3/oV9b/APBfL/8AE0f8IL4t/wChX1v/AMF8v/xNfalFAHxX/wAIL4t/6FfW/wDwXy//ABNH/CC+Lf8AoV9b/wDBfL/8TX2pRQB8V/8ACC+Lf+hX1v8A8F8v/wATR/wgvi3/AKFfW/8AwXy//E19qUUAfFf/AAgvi3/oV9b/APBfL/8AE0f8IL4t/wChX1v/AMF8v/xNfalFAHxX/wAIL4t/6FfW/wDwXy//ABNH/CC+Lf8AoV9b/wDBfL/8TX2pRQB8V/8ACC+Lf+hX1v8A8F8v/wATR/wgvi3/AKFfW/8AwXy//E19qUUAfFf/AAgvi3/oV9b/APBfL/8AE0f8IL4t/wChX1v/AMF8v/xNfalFAHxX/wAIL4t/6FfW/wDwXy//ABNH/CC+Lf8AoV9b/wDBfL/8TX2pRQB8V/8ACC+Lf+hX1v8A8F8v/wATR/wgvi3/AKFfW/8AwXy//E19qUUAfFf/AAgvi3/oV9b/APBfL/8AE0f8IL4t/wChX1v/AMF8v/xNfalFAHxX/wAIL4t/6FfW/wDwXy//ABNH/CC+Lf8AoV9b/wDBfL/8TX2pRQB8V/8ACC+Lf+hX1v8A8F8v/wATR/wgvi3/AKFfW/8AwXy//E19qUUAfFf/AAgvi3/oV9b/APBfL/8AE0f8IL4t/wChX1v/AMF8v/xNfalFAHxX/wAIL4t/6FfW/wDwXy//ABNH/CC+Lf8AoV9b/wDBfL/8TX2pRQB8V/8ACC+Lf+hX1v8A8F8v/wATR/wgvi3/AKFfW/8AwXy//E19qUUAfFf/AAgvi3/oV9b/APBfL/8AE0f8IL4t/wChX1v/AMF8v/xNfalFAHxX/wAIL4t/6FfW/wDwXy//ABNH/CC+Lf8AoV9b/wDBfL/8TX2pRQB8V/8ACC+Lf+hX1v8A8F8v/wATR/wgvi3/AKFfW/8AwXy//E19qUUAfFf/AAgvi3/oV9b/APBfL/8AE0f8IL4t/wChX1v/AMF8v/xNfalFAHxX/wAIL4t/6FfW/wDwXy//ABNH/CC+Lf8AoV9b/wDBfL/8TX2pRQB8V/8ACC+Lf+hX1v8A8F8v/wATR/wgvi3/AKFfW/8AwXy//E19qUUAfFf/AAgvi3/oV9b/APBfL/8AE0f8IL4t/wChX1v/AMF8v/xNfalFAHxX/wAIL4t/6FfW/wDwXy//ABNH/CC+Lf8AoV9b/wDBfL/8TX2pRQB8V/8ACC+Lf+hX1v8A8F8v/wATR/wgvi3/AKFfW/8AwXy//E19qUUAfFf/AAgvi3/oV9b/APBfL/8AE0f8IL4t/wChX1v/AMF8v/xNfalFAHxX/wAIL4t/6FfW/wDwXy//ABNH/CC+Lf8AoV9b/wDBfL/8TX2pRQB8V/8ACC+Lf+hX1v8A8F8v/wATR/wgvi3/AKFfW/8AwXy//E19qUUAfFf/AAgvi3/oV9b/APBfL/8AE0f8IL4t/wChX1v/AMF8v/xNfalFAHxX/wAIL4t/6FfW/wDwXy//ABNH/CC+Lf8AoV9b/wDBfL/8TX2pRQB8V/8ACC+Lf+hX1v8A8F8v/wATR/wgvi3/AKFfW/8AwXy//E19qUUAfFf/AAgvi3/oV9b/APBfL/8AE0f8IL4t/wChX1v/AMF8v/xNfalFAHxX/wAIL4t/6FfW/wDwXy//ABNH/CC+Lf8AoV9b/wDBfL/8TX2pRQB8V/8ACC+Lf+hX1v8A8F8v/wATR/wgvi3/AKFfW/8AwXy//E19qUUAfFf/AAgvi3/oV9b/APBfL/8AE0f8IL4t/wChX1v/AMF8v/xNfalFAHxX/wAIL4t/6FfW/wDwXy//ABNH/CC+Lf8AoV9b/wDBfL/8TX2pRQB8V/8ACC+Lf+hX1v8A8F8v/wATR/wgvi3/AKFfW/8AwXy//E19qUUAfFf/AAgvi3/oV9b/APBfL/8AE0f8IL4t/wChX1v/AMF8v/xNfalFAHxX/wAIL4t/6FfW/wDwXy//ABNH/CC+Lf8AoV9b/wDBfL/8TX2pRQB8V/8ACC+Lf+hX1v8A8F8v/wATR/wgvi3/AKFfW/8AwXy//E19qUUAfFf/AAgvi3/oV9b/APBfL/8AE0f8IL4t/wChX1v/AMF8v/xNfalFAHxX/wAIL4t/6FfW/wDwXy//ABNH/CC+Lf8AoV9b/wDBfL/8TX2pRQB8V/8ACC+Lf+hX1v8A8F8v/wATR/wgvi3/AKFfW/8AwXy//E19qUUAfFf/AAgvi3/oV9b/APBfL/8AE0f8IL4t/wChX1v/AMF8v/xNfalFAHxX/wAIL4t/6FfW/wDwXy//ABNH/CC+Lf8AoV9b/wDBfL/8TX2pRQB8V/8ACC+Lf+hX1v8A8F8v/wATR/wgvi3/AKFfW/8AwXy//E19qUUAfFf/AAgvi3/oV9b/APBfL/8AE0f8IL4t/wChX1v/AMF8v/xNfalFAHxX/wAIL4t/6FfW/wDwXy//ABNH/CC+Lf8AoV9b/wDBfL/8TX2pRQB8V/8ACC+Lf+hX1v8A8F8v/wATR/wgvi3/AKFfW/8AwXy//E19qUUAfFf/AAgvi3/oV9b/APBfL/8AE0f8IL4t/wChX1v/AMF8v/xNfalFAHxX/wAIL4t/6FfW/wDwXy//ABNH/CC+Lf8AoV9b/wDBfL/8TX2pRQB8V/8ACC+Lf+hX1v8A8F8v/wATR/wgvi3/AKFfW/8AwXy//E19qUUAfFf/AAgvi3/oV9b/APBfL/8AE0f8IL4t/wChX1v/AMF8v/xNfalFAHxX/wAIL4t/6FfW/wDwXy//ABNH/CC+Lf8AoV9b/wDBfL/8TX2pRQB8V/8ACC+Lf+hX1v8A8F8v/wATR/wgvi3/AKFfW/8AwXy//E19qUUAfFf/AAgvi3/oV9b/APBfL/8AE0f8IL4t/wChX1v/AMF8v/xNfalFAHxX/wAIL4t/6FfW/wDwXy//ABNH/CC+Lf8AoV9b/wDBfL/8TX2pRQB8V/8ACC+Lf+hX1v8A8F8v/wATR/wgvi3/AKFfW/8AwXy//E19qUUAfFf/AAgvi3/oV9b/APBfL/8AE0f8IL4t/wChX1v/AMF8v/xNfalFAHxX/wAIL4t/6FfW/wDwXy//ABNH/CC+Lf8AoV9b/wDBfL/8TX2pRQB8V/8ACC+Lf+hX1v8A8F8v/wATR/wgvi3/AKFfW/8AwXy//E19qUUAfFf/AAgvi3/oV9b/APBfL/8AE0f8IL4t/wChX1v/AMF8v/xNfalFAHxX/wAIL4t/6FfW/wDwXy//ABNH/CC+Lf8AoV9b/wDBfL/8TX2pRQB8V/8ACC+Lf+hX1v8A8F8v/wATR/wgvi3/AKFfW/8AwXy//E19qUUAfFf/AAgvi3/oV9b/APBfL/8AE0f8IL4t/wChX1v/AMF8v/xNfalFAHxX/wAIL4t/6FfW/wDwXy//ABNH/CC+Lf8AoV9b/wDBfL/8TX2pRQB8V/8ACC+Lf+hX1v8A8F8v/wATR/wgvi3/AKFfW/8AwXy//E19qUUAfFf/AAgvi3/oV9b/APBfL/8AE0f8IL4t/wChX1v/AMF8v/xNfalFAHxX/wAIL4t/6FfW/wDwXy//ABNH/CC+Lf8AoV9b/wDBfL/8TX2pRQB8V/8ACC+Lf+hX1v8A8F8v/wATR/wgvi3/AKFfW/8AwXy//E19qUUAfFf/AAgvi3/oV9b/APBfL/8AE0f8IL4t/wChX1v/AMF8v/xNfalFAHxX/wAIL4t/6FfW/wDwXy//ABNH/CC+Lf8AoV9b/wDBfL/8TX2pRQB8V/8ACC+Lf+hX1v8A8F8v/wATR/wgvi3/AKFfW/8AwXy//E19qUUAfFf/AAgvi3/oV9b/APBfL/8AE0f8IL4t/wChX1v/AMF8v/xNfalFAHxX/wAIL4t/6FfW/wDwXy//ABNH/CC+Lf8AoV9b/wDBfL/8TX2pRQB8V/8ACC+Lf+hX1v8A8F8v/wATR/wgvi3/AKFfW/8AwXy//E19qUUAfFf/AAgvi3/oV9b/APBfL/8AE0f8IL4t/wChX1v/AMF8v/xNfalFAHxX/wAIL4t/6FfW/wDwXy//ABNH/CC+Lf8AoV9b/wDBfL/8TX2pRQB8V/8ACC+Lf+hX1v8A8F8v/wATR/wgvi3/AKFfW/8AwXy//E19qUUAfFf/AAgvi3/oV9b/APBfL/8AE0f8IL4t/wChX1v/AMF8v/xNfalFAHxX/wAIL4t/6FfW/wDwXy//ABNH/CC+Lf8AoV9b/wDBfL/8TX2pRQB8V/8ACC+Lf+hX1v8A8F8v/wATR/wgvi3/AKFfW/8AwXy//E19qUUAfFf/AAgvi3/oV9b/APBfL/8AE0f8IL4t/wChX1v/AMF8v/xNfalFAHxX/wAIL4t/6FfW/wDwXy//ABNH/CC+Lf8AoV9b/wDBfL/8TX2pRQB8V/8ACC+Lf+hX1v8A8F8v/wATR/wgvi3/AKFfW/8AwXy//E19qUUAfFf/AAgvi3/oV9b/APBfL/8AE0f8IL4t/wChX1v/AMF8v/xNfalFAHxX/wAIL4t/6FfW/wDwXy//ABNH/CC+Lf8AoV9b/wDBfL/8TX2pRQB8V/8ACC+Lf+hX1v8A8F8v/wATR/wgvi3/AKFfW/8AwXy//E19qUUAfFf/AAgvi3/oV9b/APBfL/8AE0f8IL4t/wChX1v/AMF8v/xNfalFAHxX/wAIL4t/6FfW/wDwXy//ABNH/CC+Lf8AoV9b/wDBfL/8TX2pRQB8V/8ACC+Lf+hX1v8A8F8v/wATR/wgvi3/AKFfW/8AwXy//E19qUUAfFf/AAgvi3/oV9b/APBfL/8AE0f8IL4t/wChX1v/AMF8v/xNfalFAHxX/wAIL4t/6FfW/wDwXy//ABNH/CC+Lf8AoV9b/wDBfL/8TX2pRQB8V/8ACC+Lf+hX1v8A8F8v/wATR/wgvi3/AKFfW/8AwXy//E19qUUAfFf/AAgvi3/oV9b/APBfL/8AE0f8IL4t/wChX1v/AMF8v/xNfalFAHxX/wAIL4t/6FfW/wDwXy//ABNH/CC+Lf8AoV9b/wDBfL/8TX2pRQB8V/8ACC+Lf+hX1v8A8F8v/wATR/wgvi3/AKFfW/8AwXy//E19qUUAfFf/AAgvi3/oV9b/APBfL/8AE0f8IL4t/wChX1v/AMF8v/xNfalFAHxX/wAIL4t/6FfW/wDwXy//ABNH/CC+Lf8AoV9b/wDBfL/8TX2pRQB8V/8ACC+Lf+hX1v8A8F8v/wATR/wgvi3/AKFfW/8AwXy//E19qUUAfFf/AAgvi3/oV9b/APBfL/8AE0f8IL4t/wChX1v/AMF8v/xNfalFAHxX/wAIL4t/6FfW/wDwXy//ABNH/CC+Lf8AoV9b/wDBfL/8TX2pRQB8V/8ACC+Lf+hX1v8A8F8v/wATR/wgvi3/AKFfW/8AwXy//E19qUUAfFf/AAgvi3/oV9b/APBfL/8AE0f8IL4t/wChX1v/AMF8v/xNfalFAHxX/wAIL4t/6FfW/wDwXy//ABNH/CC+Lf8AoV9b/wDBfL/8TX2pRQB8V/8ACC+Lf+hX1v8A8F8v/wATR/wgvi3/AKFfW/8AwXy//E19qUUAfFf/AAgvi3/oV9b/APBfL/8AE0f8IL4t/wChX1v/AMF8v/xNfalFAHxX/wAIL4t/6FfW/wDwXy//ABNH/CC+Lf8AoV9b/wDBfL/8TX2pRQB8V/8ACC+Lf+hX1v8A8F8v/wATR/wgvi3/AKFfW/8AwXy//E19qUUAfFf/AAgvi3/oV9b/APBfL/8AE0f8IL4t/wChX1v/AMF8v/xNfalFAHxX/wAIL4t/6FfW/wDwXy//ABNH/CC+Lf8AoV9b/wDBfL/8TX2pRQB8V/8ACC+Lf+hX1v8A8F8v/wATR/wgvi3/AKFfW/8AwXy//E19qUUAfFf/AAgvi3/oV9b/APBfL/8AE0f8IL4t/wChX1v/AMF8v/xNfalFAHxX/wAIL4t/6FfW/wDwXy//ABNH/CC+Lf8AoV9b/wDBfL/8TX2pRQB8V/8ACC+Lf+hX1v8A8F8v/wATR/wgvi3/AKFfW/8AwXy//E19qUUAfFf/AAgvi3/oV9b/APBfL/8AE0f8IL4t/wChX1v/AMF8v/xNfalFAHxX/wAIL4t/6FfW/wDwXy//ABNH/CC+Lf8AoV9b/wDBfL/8TX2pRQB8V/8ACC+Lf+hX1v8A8F8v/wATR/wgvi3/AKFfW/8AwXy//E19qUUAfFf/AAgvi3/oV9b/APBfL/8AE0f8IL4t/wChX1v/AMF8v/xNfalFAHxX/wAIL4t/6FfW/wDwXy//ABNH/CC+Lf8AoV9b/wDBfL/8TX2pRQB8V/8ACC+Lf+hX1v8A8F8v/wATR/wgvi3/AKFfW/8AwXy//E19qUUAfFf/AAgvi3/oV9b/APBfL/8AE0f8IL4t/wChX1v/AMF8v/xNfalFAHxX/wAIL4t/6FfW/wDwXy//ABNH/CC+Lf8AoV9b/wDBfL/8TX2pRQB8V/8ACC+Lf+hX1v8A8F8v/wATR/wgvi3/AKFfW/8AwXy//E19qUUAfFf/AAgvi3/oV9b/APBfL/8AE0f8IL4t/wChX1v/AMF8v/xNfalFAHxX/wAIL4t/6FfW/wDwXy//ABNH/CC+Lf8AoV9b/wDBfL/8TX2pRQB8V/8ACC+Lf+hX1v8A8F8v/wATR/wgvi3/AKFfW/8AwXy//E19qUUAfFf/AAgvi3/oV9b/APBfL/8AE0f8IL4t/wChX1v/AMF8v/xNfalFAHxX/wAIL4t/6FfW/wDwXy//ABNH/CC+Lf8AoV9b/wDBfL/8TX2pRQB8V/8ACC+Lf+hX1v8A8F8v/wATR/wgvi3/AKFfW/8AwXy//E19qUUAfFf/AAgvi3/oV9b/APBfL/8AE0f8IL4t/wChX1v/AMF8v/xNfalFAHxX/wAIL4t/6FfW/wDwXy//ABNH/CC+Lf8AoV9b/wDBfL/8TX2pRQB8V/8ACC+Lf+hX1v8A8F8v/wATR/wgvi3/AKFfW/8AwXy//E19qUUAfFf/AAgvi3/oV9b/APBfL/8AE0f8IL4t/wChX1v/AMF8v/xNfalFAHxX/wAIL4t/6FfW/wDwXy//ABNH/CC+Lf8AoV9b/wDBfL/8TX2pRQB8V/8ACC+Lf+hX1v8A8F8v/wATR/wgvi3/AKFfW/8AwXy//E19qUUAfFf/AAgvi3/oV9b/APBfL/8AE0f8IL4t/wChX1v/AMF8v/xNfalFAHwxqOkajpFwtvqdhdWUzLvWO5haNiuSMgMAcZB59jVPbXr/AO0IM+PrH/sFx/8Ao2WvJitAFcrTStWCtMIoArkU0ipmFRkUAR0lONIaAEooooAKKKKACiiigAr7/r4Ar7/oAKKKKACiiigAooooAKKKKACiiigAooooAKKKKACiiigAooooAKKKKACiiigAooooAKKKKACiiigAooooAKKKKACiiigAooooAKKKKACiiigAooooAKKKKACiiigAooooAKKKKACiiigAooooAKKKKACiiigAooooAKKKKACiiigAooooAKKKKACiiigAooooAKKKKACiiigAooooAKKKKACiiigAooooAKKKKACiiigAooooAKKKKACiiigAooooAKKKKACiiigAooooAKKKKACiiigAooooAKKKKACiiigAooooAKKKKACiiigAooooAKKKKACiiigAooooAKKKKACiiigAooooAKKKKACiiigAooooAKKKKACiiigAooooAKKKKACiiigAooooAKKKKACiiigAooooAKKKKACiiigAooooAKKKKACiiigAooooAKKKKACiiigAooooAKKKKACiiigAooooAKKKKACiiigAooooAKKKKACiiigAooooAKKKKACiiigAooooAKKKKACiiigAooooAKKKKACiiigAooooAKKKKACiiigAooooAKKKKACiiigAooooAKKKKACiiigAooooAKKKKACiiigAooooAKKKKACiiigAooooAKKKKACiiigAooooAKKKKACiiigAooooAKKKKACiiigAooooAKKKKACiiigAooooAKKKKACiiigAooooAKKKKACiiigAooooAKKKKACiiigAooooAKKKKACiiigAooooAKKKKACiiigAooooAKKKKACiiigAooooAKKKKACiiigAooooAKKKKACiiigAooooAKKKKACiiigAooooAKKKKACiiigAooooA+bv2gRnx5Y/9gyP/wBGy15ORXrXx/H/ABXdj/2DI/8A0bLXlBFAERFRsKmIqNhQBAwqI1M1RNQBGabTjTaAEooooAKKKKACiiigAr7/AK+AK+/6ACiiigAooooAKKKKACiiigAooooAKKKKACiiigAooooAKKKKACiiigAooooAKKKKACiiigAooooAKKKKACiiigAooooAKKKKACiiigAooooAKKKKACiiigAooooAKKKKACiiigAooooAKKKKACiiigAooooAKKKKACiiigAooooAKKKKACiiigAooooAKKKKACiiigAooooAKKKKACiiigAooooAKKKKACiiigAooooAKKKKACiiigAooooAKKKKACiiigAooooAKKKKACiiigAooooAKKKKACiiigAooooAKKKKACiiigAooooAKKKKACiiigAooooAKKKKACiiigAooooAKKKKACiiigAooooAKKKKACiiigAooooAKKKKACiiigAooooAKKKKACiiigAooooAKKKKACiiigAooooAKKKKACiiigAooooAKKKKACiiigAooooAKKKKACiiigAooooAKKKKACiiigAooooAKKKKACiiigAooooAKKKKACiiigAooooAKKKKACiiigAooooAKKKKACiiigAooooAKKKKACiiigAooooAKKKKACiiigAooooAKKKKACiiigAooooAKKKKACiiigAooooAKKKKACiiigAooooAKKKKACiiigAooooAKKKKACiiigAooooAKKKKACiiigAooooAKKKKACiiigAooooAKKKKACiiigAooooAKKKKACiiigAooooAKKKKACiiigAooooAKKKKACiiigAooooAKKKKACiiigAooooAKKKKACiiigAooooAKKKKACiiigAooooAKKKKACiiigAooooAKKKKACiiigAooooAKKKKACiiigAooooAKKKKAPnL4/f8j3Y/9gyP/wBGy15QRXq/x+/5Hqx/7Bkf/o2WvKTQBGajapWqJqAIGqJqmeoWoAjNMp5plACUUUUAFFFFABRRRQAV9/18AV9/0AFFFFABRRRQAUUUUAFFFFABRRRQAUUUUAFFFFABRRRQAUUUUAFFFFABRRRQAUUUUAFFFFABRRRQAUUUUAFFFFABRRRQAUUUUAFFFFABRRRQAUUUUAFFFFABRRRQAUUUUAFFFFABRRRQAUUUUAFFFFABRRRQAUUUUAFFFFABRRRQAUUUUAFFFFABRRRQAUUUUAFFFFABRRRQAUUUUAFFFFABRRRQAUUUUAFFFFABRRRQAUUUUAFFFFABRRRQAUUUUAFFFFABRRRQAUUUUAFFFFABRRRQAUUUUAFFFFABRRRQAUUUUAFFFFABRRRQAUUUUAFFFFABRRRQAUUUUAFFFFABRRRQAUUUUAFFFFABRRRQAUUUUAFFFFABRRRQAUUUUAFFFFABRRRQAUUUUAFFFFABRRRQAUUUUAFFFFABRRRQAUUUUAFFFFABRRRQAUUUUAFFFFABRRRQAUUUUAFFFFABRRRQAUUUUAFFFFABRRRQAUUUUAFFFFABRRRQAUUUUAFFFFABRRRQAUUUUAFFFFABRRRQAUUUUAFFFFABRRRQAUUUUAFFFFABRRRQAUUUUAFFFFABRRRQAUUUUAFFFFABRRRQAUUUUAFFFFABRRRQAUUUUAFFFFABRRRQAUUUUAFFFFABRRRQAUUUUAFFFFABRRRQAUUUUAFFFFABRRRQAUUUUAFFFFABRRRQAUUUUAFFFFABRRRQAUUUUAFFFFABRRRQAUUUUAFFFFABRRRQAUUUUAFFFFABRRRQAUUUUAFFFFABRRRQAUUUUAFFFFABRRRQAUUUUAFFFFABRRRQAUUUUAFFFFABRRRQAUUUUAFFFFABRRRQAUUUUAFFFFABRRRQAUUUUAfOfx9/5Hqx/wCwZH/6Nlryk16t8ff+R6sv+wZH/wCjZa8pNAEbVG1SNUbUAQPULVM9QtQBGaZTzTDQAlFFFABRRRQAUUUUAFff9fAFff8AQAUUUUAFFFFABRRRQAUUUUAFFFFABRRRQAUUUUAFFFFABRRRQAUUUUAFFFFABRRRQAUUUUAFFFFABRRRQAUUUUAFFFFABRRRQAUUUUAFFFFABRRRQAUUUUAFFFFABRRRQAUUUUAFFFFABRRRQAUUUUAFFFFABRRRQAUUUUAFFFFABRRRQAUUUUAFFFFABRRRQAUUUUAFFFFABRRRQAUUUUAFFFFABRRRQAUUUUAFFFFABRRRQAUUUUAFFFFABRRRQAUUUUAFFFFABRRRQAUUUUAFFFFABRRRQAUUUUAFFFFABRRRQAUUUUAFFFFABRRRQAUUUUAFFFFABRRRQAUUUUAFFFFABRRRQAUUUUAFFFFABRRRQAUUUUAFFFFABRRRQAUUUUAFFFFABRRRQAUUUUAFFFFABRRRQAUUUUAFFFFABRRRQAUUUUAFFFFABRRRQAUUUUAFFFFABRRRQAUUUUAFFFFABRRRQAUUUUAFFFFABRRRQAUUUUAFFFFABRRRQAUUUUAFFFFABRRRQAUUUUAFFFFABRRRQAUUUUAFFFFABRRRQAUUUUAFFFFABRRRQAUUUUAFFFFABRRRQAUUUUAFFFFABRRRQAUUUUAFFFFABRRRQAUUUUAFFFFABRRRQAUUUUAFFFFABRRRQAUUUUAFFFFABRRRQAUUUUAFFFFABRRRQAUUUUAFFFFABRRRQAUUUUAFFFFABRRRQAUUUUAFFFFABRRRQAUUUUAFFFFABRRRQAUUUUAFFFFABRRRQAUUUUAFFFFABRRRQAUUUUAFFFFABRRRQAUUUUAFFFFABRRRQAUUUUAFFFFABRRRQAUUUUAFFFFABRRRQAUUUUAFFFFABRRRQB85/H3/AJHqy/7Bkf8A6Nlryk16t8ff+R6sv+wZH/6Nlryk0ARtUbVI1RtQBA9QtUz1C1AEZphp5phoASiiigAooooAKKKKACvv+vgCvv8AoAKKKKACiiigAooooAKKKKACiiigAooooAKKKKACiiigAooooAKKKKACiiigAooooAKKKKACiiigAooooAKKKKACiiigAooooAKKKKACiiigAooooAKKKKACiiigAooooAKKKKACiiigAooooAKKKKACiiigAooooAKKKKACiiigAooooAKKKKACiiigAooooAKKKKACiiigAooooAKKKKACiiigAooooAKKKKACiiigAooooAKKKKACiiigAooooAKKKKACiiigAooooAKKKKACiiigAooooAKKKKACiiigAooooAKKKKACiiigAooooAKKKKACiiigAooooAKKKKACiiigAooooAKKKKACiiigAooooAKKKKACiiigAooooAKKKKACiiigAooooAKKKKACiiigAooooAKKKKACiiigAooooAKKKKACiiigAooooAKKKKACiiigAooooAKKKKACiiigAooooAKKKKACiiigAooooAKKKKACiiigAooooAKKKKACiiigAooooAKKKKACiiigAooooAKKKKACiiigAooooAKKKKACiiigAooooAKKKKACiiigAooooAKKKKACiiigAooooAKKKKACiiigAooooAKKKKACiiigAooooAKKKKACiiigAooooAKKKKACiiigAooooAKKKKACiiigAooooAKKKKACiiigAooooAKKKKACiiigAooooAKKKKACiiigAooooAKKKKACiiigAooooAKKKKACiiigAooooAKKKKACiiigAooooAKKKKACiiigAooooAKKKKACiiigAooooAKKKKACiiigAooooAKKKKACiiigAooooAKKKKACiiigAooooA+c/j7/AMj1Zf8AYMj/APRsteUmvVvj7/yPVl/2DI//AEbLXlJoAjao2qRqjagCB6hapnqFqAIzTDTzTDQAlFFFABRRRQAUUUUAFff9fAFff9ABRRRQAUUUUAFFFFABRRRQAUUUUAFFFFABRRRQAUUUUAFFFFABRRRQAUUUUAFFFFABRRRQAUUUUAFFFFABRRRQAUUUUAFFFFABRRRQAUUUUAFFFFABRRRQAUUUUAFFFFABRRRQAUUUUAFFFFABRRRQAUUUUAFFFFABRRRQAUUUUAFFFFABRRRQAUUUUAFFFFABRRRQAUUUUAFFFFABRRRQAUUUUAFFFFABRRRQAUUUUAFFFFABRRRQAUUUUAFFFFABRRRQAUUUUAFFFFABRRRQAUUUUAFFFFABRRRQAUUUUAFFFFABRRRQAUUUUAFFFFABRRRQAUUUUAFFFFABRRRQAUUUUAFFFFABRRRQAUUUUAFFFFABRRRQAUUUUAFFFFABRRRQAUUUUAFFFFABRRRQAUUUUAFFFFABRRRQAUUUUAFFFFABRRRQAUUUUAFFFFABRRRQAUUUUAFFFFABRRRQAUUUUAFFFFABRRRQAUUUUAFFFFABRRRQAUUUUAFFFFABRRRQAUUUUAFFFFABRRRQAUUUUAFFFFABRRRQAUUUUAFFFFABRRRQAUUUUAFFFFABRRRQAUUUUAFFFFABRRRQAUUUUAFFFFABRRRQAUUUUAFFFFABRRRQAUUUUAFFFFABRRRQAUUUUAFFFFABRRRQAUUUUAFFFFABRRRQAUUUUAFFFFABRRRQAUUUUAFFFFABRRRQAUUUUAFFFFABRRRQAUUUUAFFFFABRRRQAUUUUAFFFFABRRRQAUUUUAFFFFABRRRQAUUUUAFFFFABRRRQAUUUUAFFFFABRRRQAUUUUAFFFFABRRRQAUUUUAFFFFABRRRQAUUUUAFFFFABRRRQAUUUUAFFFFAHzn8ff+R6sv8AsGR/+jZa8pNerfH3/kerL/sGR/8Ao2WvKTQBG1RtUjVG1AED1C1TPULUARmmGnmmGgBKKKKACiiigAooooAK+/6+AK+/6ACiiigAooooAKKKKACiiigAooooAKKKKACiiigAooooAKKKKACiiigAooooAKKKKACiiigAooooAKKKKACiiigAooooAKKKKACiiigAooooAKKKKACiiigAooooAKKKKACiiigAooooAKKKKACiiigAooooAKKKKACiiigAooooAKKKKACiiigAooooAKKKKACiiigAooooAKKKKACiiigAooooAKKKKACiiigAooooAKKKKACiiigAooooAKKKKACiiigAooooAKKKKACiiigAooooAKKKKACiiigAooooAKKKKACiiigAooooAKKKKACiiigAooooAKKKKACiiigAooooAKKKKACiiigAooooAKKKKACiiigAooooAKKKKACiiigAooooAKKKKACiiigAooooAKKKKACiiigAooooAKKKKACiiigAooooAKKKKACiiigAooooAKKKKACiiigAooooAKKKKACiiigAooooAKKKKACiiigAooooAKKKKACiiigAooooAKKKKACiiigAooooAKKKKACiiigAooooAKKKKACiiigAooooAKKKKACiiigAooooAKKKKACiiigAooooAKKKKACiiigAooooAKKKKACiiigAooooAKKKKACiiigAooooAKKKKACiiigAooooAKKKKACiiigAooooAKKKKACiiigAooooAKKKKACiiigAooooAKKKKACiiigAooooAKKKKACiiigAooooAKKKKACiiigAooooAKKKKACiiigAooooAKKKKACiiigAooooAKKKKACiiigAooooAKKKKACiiigAooooAKKKKACiiigAooooAKKKKACiiigAooooAKKKKAPnP4+/8j1Zf9gyP/0bLXlJr1b4+/8AI9WX/YMj/wDRsteUmgCNqjapGqNqAIHqFqmeoWoAjNMNPNMNACUUUUAFFFFABRRRQAV9/wBfAFff9ABRRRQAUUUUAFFFFABRRRQAUUUUAFFFFABRRRQAUUUUAFFFFABRRRQAUUUUAFFFFABRRRQAUUUUAFFFFABRRRQAUUUUAFFFFABRRRQAUUUUAFFFFABRRRQAUUUUAFFFFABRRRQAUUUUAFFFFABRRRQAUUUUAFFFFABRRRQAUUUUAFFFFABRRRQAUUUUAFFFFABRRRQAUUUUAFFFFABRRRQAUUUUAFFFFABRRRQAUUUUAFFFFABRRRQAUUUUAFFFFABRRRQAUUUUAFFFFABRRRQAUUUUAFFFFABRRRQAUUUUAFFFFABRRRQAUUUUAFFFFABRRRQAUUUUAFFFFABRRRQAUUUUAFFFFABRRRQAUUUUAFFFFABRRRQAUUUUAFFFFABRRRQAUUUUAFFFFABRRRQAUUUUAFFFFABRRRQAUUUUAFFFFABRRRQAUUUUAFFFFABRRRQAUUUUAFFFFABRRRQAUUUUAFFFFABRRRQAUUUUAFFFFABRRRQAUUUUAFFFFABRRRQAUUUUAFFFFABRRRQAUUUUAFFFFABRRRQAUUUUAFFFFABRRRQAUUUUAFFFFABRRRQAUUUUAFFFFABRRRQAUUUUAFFFFABRRRQAUUUUAFFFFABRRRQAUUUUAFFFFABRRRQAUUUUAFFFFABRRRQAUUUUAFFFFABRRRQAUUUUAFFFFABRRRQAUUUUAFFFFABRRRQAUUUUAFFFFABRRRQAUUUUAFFFFABRRRQAUUUUAFFFFABRRRQAUUUUAFFFFABRRRQAUUUUAFFFFABRRRQAUUUUAFFFFABRRRQAUUUUAFFFFABRRRQAUUUUAFFFFABRRRQAUUUUAFFFFABRRRQAUUUUAFFFFAHzn8ff+R6sv+wZH/6Nlryk16t8ff8AkerL/sGR/wDo2WvKTQBG1RtUjVG1AED1C1TPULUARmmGnmmGgBKKKKACiiigAooooAK+/wCvgCvv+gAooooAKKKKACiiigAooooAKKKKACiiigAooooAKKKKACiiigAooooAKKKKACiiigAooooAKKKKACiiigAooooAKKKKACiiigAooooAKKKKACiiigAooooAKKKKACiiigAooooAKKKKACiiigAooooAKKKKACiiigAooooAKKKKACiiigAooooAKKKKACiiigAooooAKKKKACiiigAooooAKKKKACiiigAooooAKKKKACiiigAooooAKKKKACiiigAooooAKKKKACiiigAooooAKKKKACiiigAooooAKKKKACiiigAooooAKKKKACiiigAooooAKKKKACiiigAooooAKKKKACiiigAooooAKKKKACiiigAooooAKKKKACiiigAooooAKKKKACiiigAooooAKKKKACiiigAooooAKKKKACiiigAooooAKKKKACiiigAooooAKKKKACiiigAooooAKKKKACiiigAooooAKKKKACiiigAooooAKKKKACiiigAooooAKKKKACiiigAooooAKKKKACiiigAooooAKKKKACiiigAooooAKKKKACiiigAooooAKKKKACiiigAooooAKKKKACiiigAooooAKKKKACiiigAooooAKKKKACiiigAooooAKKKKACiiigAooooAKKKKACiiigAooooAKKKKACiiigAooooAKKKKACiiigAooooAKKKKACiiigAooooAKKKKACiiigAooooAKKKKACiiigAooooAKKKKACiiigAooooAKKKKACiiigAooooAKKKKACiiigAooooAKKKKACiiigAooooAKKKKACiiigAooooAKKKKACiiigAooooAKKKKACiiigD5z+P3/I9WP/YMj/8ARsteUGvVvj9/yPdj/wBgyP8A9Gy15SaAGNUbVI1RNQBC9QtUz1C1AEZplPNMoASiiigAooooAKKKKACvv+vgCvv+gAooooAKKKKACiiigAooooAKKKKACiiigAooooAKKKKACiiigAooooAKKKKACiiigAooooAKKKKACiiigAooooAKKKKACiiigAooooAKKKKACiiigAooooAKKKKACiiigAooooAKKKKACiiigAooooAKKKKACiiigAooooAKKKKACiiigAooooAKKKKACiiigAooooAKKKKACiiigAooooAKKKKACiiigAooooAKKKKACiiigAooooAKKKKACiiigAooooAKKKKACiiigAooooAKKKKACiiigAooooAKKKKACiiigAooooAKKKKACiiigAooooAKKKKACiiigAooooAKKKKACiiigAooooAKKKKACiiigAooooAKKKKACiiigAooooAKKKKACiiigAooooAKKKKACiiigAooooAKKKKACiiigAooooAKKKKACiiigAooooAKKKKACiiigAooooAKKKKACiiigAooooAKKKKACiiigAooooAKKKKACiiigAooooAKKKKACiiigAooooAKKKKACiiigAooooAKKKKACiiigAooooAKKKKACiiigAooooAKKKKACiiigAooooAKKKKACiiigAooooAKKKKACiiigAooooAKKKKACiiigAooooAKKKKACiiigAooooAKKKKACiiigAooooAKKKKACiiigAooooAKKKKACiiigAooooAKKKKACiiigAooooAKKKKACiiigAooooAKKKKACiiigAooooAKKKKACiiigAooooAKKKKACiiigAooooAKKKKACiiigAooooAKKKKACiiigAooooAKKKKACiiigAooooAKKKKACiiigAooooAKKKKACiiigD5x+P5/4rux/wCwZH/6NlrygmvVv2gDjx5Y/wDYMj/9Gy15OTQAhNRsacTUbGgCNqhapWNRNQAw0ynGm0AJRRRQAUUUUAFFFFABX3/XwBX0/wD8NHeD/wDoG65/34h/+O0AewUV5B/w0d4Q/wCgbrn/AH4i/wDjtH/DRvhD/oHa5/34i/8AjtAHr9FeQ/8ADRfhA/8AMO1z/vxF/wDHad/w0V4R/wCgdrf/AH4i/wDjtAHrlFeSf8NEeEf+gdrf/fiL/wCO0f8ADQ/hL/oHa3/34i/+OUAet0V5J/w0P4S/6B2t/wDfmL/45S/8ND+Ev+gfrf8A35i/+OUAetUV5L/w0N4S/wCgdrf/AH4i/wDjlH/DQ3hL/oHa3/34i/8AjlAHrVFeS/8ADQ3hL/oHa3/34i/+OUf8NDeEv+gdrf8A34i/+OUAetUV5L/w0N4S/wCgdrf/AH4i/wDjlH/DQ3hL/oHa3/34i/8AjlAHrVFeS/8ADQ3hL/oHa3/34i/+OUf8NDeEv+gdrf8A34i/+OUAetUV5L/w0N4S/wCgdrf/AH4i/wDjlH/DQ3hL/oHa3/34i/8AjlAHrVFeS/8ADQ3hL/oHa3/34i/+OUf8NDeEv+gdrf8A34i/+OUAetUV5L/w0N4S/wCgdrf/AH4i/wDjlH/DQ3hL/oHa3/34i/8AjlAHrVFeS/8ADQ3hL/oHa3/34i/+OUf8NDeEv+gdrf8A34i/+OUAetUV5L/w0N4S/wCgdrf/AH4i/wDjlH/DQ3hL/oHa3/34i/8AjlAHrVFeS/8ADQ3hL/oHa3/34i/+OUf8NDeEv+gdrf8A34i/+OUAetUV5L/w0N4S/wCgdrf/AH4i/wDjlH/DQ3hL/oHa3/34i/8AjlAHrVFeS/8ADQ3hL/oHa3/34i/+OUf8NDeEv+gdrf8A34i/+OUAetUV5L/w0N4S/wCgdrf/AH4i/wDjlH/DQ3hL/oHa3/34i/8AjlAHrVFeS/8ADQ3hL/oHa3/34i/+OUf8NDeEv+gdrf8A34i/+OUAetUV5L/w0N4S/wCgdrf/AH4i/wDjlH/DQ3hL/oHa3/34i/8AjlAHrVFeS/8ADQ3hL/oHa3/34i/+OUf8NDeEv+gdrf8A34i/+OUAetUV5L/w0N4S/wCgdrf/AH4i/wDjlH/DQ3hL/oHa3/34i/8AjlAHrVFeS/8ADQ3hL/oHa3/34i/+OUf8NDeEv+gdrf8A34i/+OUAetUV5L/w0N4S/wCgdrf/AH4i/wDjlH/DQ3hL/oHa3/34i/8AjlAHrVFeS/8ADQ3hL/oHa3/34i/+OUf8NDeEv+gdrf8A34i/+OUAetUV5L/w0N4S/wCgdrf/AH4i/wDjlH/DQ3hL/oHa3/34i/8AjlAHrVFeS/8ADQ3hL/oHa3/34i/+OUf8NDeEv+gdrf8A34i/+OUAetUV5L/w0N4S/wCgdrf/AH4i/wDjlH/DQ3hL/oHa3/34i/8AjlAHrVFeS/8ADQ3hL/oHa3/34i/+OUf8NDeEv+gdrf8A34i/+OUAetUV5L/w0N4S/wCgdrf/AH4i/wDjlH/DQ3hL/oHa3/34i/8AjlAHrVFeS/8ADQ3hL/oHa3/34i/+OUf8NDeEv+gdrf8A34i/+OUAetUV5L/w0N4S/wCgdrf/AH4i/wDjlH/DQ3hL/oHa3/34i/8AjlAHrVFeS/8ADQ3hL/oHa3/34i/+OUf8NDeEv+gdrf8A34i/+OUAetUV5L/w0N4S/wCgdrf/AH4i/wDjlH/DQ3hL/oHa3/34i/8AjlAHrVFeS/8ADQ3hL/oHa3/34i/+OUf8NDeEv+gdrf8A34i/+OUAetUV5L/w0N4S/wCgdrf/AH4i/wDjlH/DQ3hL/oHa3/34i/8AjlAHrVFeS/8ADQ3hL/oHa3/34i/+OUf8NDeEv+gdrf8A34i/+OUAetUV5L/w0N4S/wCgdrf/AH4i/wDjlH/DQ3hL/oHa3/34i/8AjlAHrVFeS/8ADQ3hL/oHa3/34i/+OUf8NDeEv+gdrf8A34i/+OUAetUV5L/w0N4S/wCgdrf/AH4i/wDjlH/DQ3hL/oHa3/34i/8AjlAHrVFeS/8ADQ3hL/oHa3/34i/+OUf8NDeEv+gdrf8A34i/+OUAetUV5L/w0N4S/wCgdrf/AH4i/wDjlH/DQ3hL/oHa3/34i/8AjlAHrVFeS/8ADQ3hL/oHa3/34i/+OUf8NDeEv+gdrf8A34i/+OUAetUV5L/w0N4S/wCgdrf/AH4i/wDjlH/DQ3hL/oHa3/34i/8AjlAHrVFeS/8ADQ3hL/oHa3/34i/+OUf8NDeEv+gdrf8A34i/+OUAetUV5L/w0N4S/wCgdrf/AH4i/wDjlH/DQ3hL/oHa3/34i/8AjlAHrVFeS/8ADQ3hL/oHa3/34i/+OUf8NDeEv+gdrf8A34i/+OUAetUV5L/w0N4S/wCgdrf/AH4i/wDjlH/DQ3hL/oHa3/34i/8AjlAHrVFeS/8ADQ3hL/oHa3/34i/+OUf8NDeEv+gdrf8A34i/+OUAetUV5L/w0N4S/wCgdrf/AH4i/wDjlH/DQ3hL/oHa3/34i/8AjlAHrVFeS/8ADQ3hL/oHa3/34i/+OUf8NDeEv+gdrf8A34i/+OUAetUV5L/w0N4S/wCgdrf/AH4i/wDjlH/DQ3hL/oHa3/34i/8AjlAHrVFeS/8ADQ3hL/oHa3/34i/+OUf8NDeEv+gdrf8A34i/+OUAetUV5L/w0N4S/wCgdrf/AH4i/wDjlH/DQ3hL/oHa3/34i/8AjlAHrVFeS/8ADQ3hL/oHa3/34i/+OUf8NDeEv+gdrf8A34i/+OUAetUV5L/w0N4S/wCgdrf/AH4i/wDjlH/DQ3hL/oHa3/34i/8AjlAHrVFeS/8ADQ3hL/oHa3/34i/+OUf8NDeEv+gdrf8A34i/+OUAetUV5L/w0N4S/wCgdrf/AH4i/wDjlH/DQ3hL/oHa3/34i/8AjlAHrVFeS/8ADQ3hL/oHa3/34i/+OUf8NDeEv+gdrf8A34i/+OUAetUV5L/w0N4S/wCgdrf/AH4i/wDjlH/DQ3hL/oHa3/34i/8AjlAHrVFeS/8ADQ3hL/oHa3/34i/+OUf8NDeEv+gdrf8A34i/+OUAetUV5L/w0N4S/wCgdrf/AH4i/wDjlH/DQ3hL/oHa3/34i/8AjlAHrVFeS/8ADQ3hL/oHa3/34i/+OUf8NDeEv+gdrf8A34i/+OUAetUV5L/w0N4S/wCgdrf/AH4i/wDjlH/DQ3hL/oHa3/34i/8AjlAHrVFeS/8ADQ3hL/oHa3/34i/+OUf8NDeEv+gdrf8A34i/+OUAetUV5L/w0N4S/wCgdrf/AH4i/wDjlH/DQ3hL/oHa3/34i/8AjlAHrVFeS/8ADQ3hL/oHa3/34i/+OUf8NDeEv+gdrf8A34i/+OUAetUV5L/w0N4S/wCgdrf/AH4i/wDjlH/DQ3hL/oHa3/34i/8AjlAHrVFeS/8ADQ3hL/oHa3/34i/+OUf8NDeEv+gdrf8A34i/+OUAetUV5L/w0N4S/wCgdrf/AH4i/wDjlH/DQ3hL/oHa3/34i/8AjlAHrVFeS/8ADQ3hL/oHa3/34i/+OUf8NDeEv+gdrf8A34i/+OUAetUV5L/w0N4S/wCgdrf/AH4i/wDjlH/DQ3hL/oHa3/34i/8AjlAHrVFeS/8ADQ3hL/oHa3/34i/+OUf8NDeEv+gdrf8A34i/+OUAetUV5L/w0N4S/wCgdrf/AH4i/wDjlH/DQ3hL/oHa3/34i/8AjlAHrVFeS/8ADQ3hL/oHa3/34i/+OUf8NDeEv+gdrf8A34i/+OUAetUV5L/w0N4S/wCgdrf/AH4i/wDjlH/DQ3hL/oHa3/34i/8AjlAHrVFeS/8ADQ3hL/oHa3/34i/+OUf8NDeEv+gdrf8A34i/+OUAetUV5L/w0N4S/wCgdrf/AH4i/wDjlH/DQ3hL/oHa3/34i/8AjlAHrVFeS/8ADQ3hL/oHa3/34i/+OUf8NDeEv+gdrf8A34i/+OUAetUV5L/w0N4S/wCgdrf/AH4i/wDjlH/DQ3hL/oHa3/34i/8AjlAHrVFeS/8ADQ3hL/oHa3/34i/+OUf8NDeEv+gdrf8A34i/+OUAetUV5L/w0N4S/wCgdrf/AH4i/wDjlH/DQ3hL/oHa3/34i/8AjlAHrVFeS/8ADQ3hL/oHa3/34i/+OUf8NDeEv+gdrf8A34i/+OUAetUV5L/w0N4S/wCgdrf/AH4i/wDjlH/DQ3hL/oHa3/34i/8AjlAHrVFeS/8ADQ3hL/oHa3/34i/+OUf8NDeEv+gdrf8A34i/+OUAetUV5L/w0N4S/wCgdrf/AH4i/wDjlH/DQ3hL/oHa3/34i/8AjlAHrVFeS/8ADQ3hL/oHa3/34i/+OUf8NDeEv+gdrf8A34i/+OUAetUV5L/w0N4S/wCgdrf/AH4i/wDjlH/DQ3hL/oHa3/34i/8AjlAHrVFeS/8ADQ3hL/oHa3/34i/+OUf8NDeEv+gdrf8A34i/+OUAetUV5L/w0N4S/wCgdrf/AH4i/wDjlH/DQ3hL/oHa3/34i/8AjlAHrVFeS/8ADQ3hL/oHa3/34i/+OUf8NDeEv+gdrf8A34i/+OUAetUV5L/w0N4S/wCgdrf/AH4i/wDjlH/DQ3hL/oHa3/34i/8AjlAHrVFeS/8ADQ3hL/oHa3/34i/+OUf8NDeEv+gdrf8A34i/+OUAetUV5L/w0N4S/wCgdrf/AH4i/wDjlH/DQ3hL/oHa3/34i/8AjlAHrVFeS/8ADQ3hL/oHa3/34i/+OUf8NDeEv+gdrf8A34i/+OUAetUV5L/w0N4S/wCgdrf/AH4i/wDjlH/DQ3hL/oHa3/34i/8AjlAHrVFeS/8ADQ3hL/oHa3/34i/+OUf8NDeEv+gdrf8A34i/+OUAetUV5L/w0N4S/wCgdrf/AH4i/wDjlH/DQ3hL/oHa3/34i/8AjlAHrVFeS/8ADQ3hL/oHa3/34i/+OUf8NDeEv+gdrf8A34i/+OUAetUV5L/w0N4S/wCgdrf/AH4i/wDjlH/DQ3hL/oHa3/34i/8AjlAHrVFeS/8ADQ3hL/oHa3/34i/+OUf8NDeEv+gdrf8A34i/+OUAetUV5L/w0N4S/wCgdrf/AH4i/wDjlH/DQ3hL/oHa3/34i/8AjlAHrVFeS/8ADQ3hL/oHa3/34i/+OUf8NDeEv+gdrf8A34i/+OUAetUV5L/w0N4S/wCgdrf/AH4i/wDjlH/DQ3hL/oHa3/34i/8AjlAHrVFeS/8ADQ3hL/oHa3/34i/+OUf8NDeEv+gdrf8A34i/+OUAetUV5L/w0N4S/wCgdrf/AH4i/wDjlH/DQ3hL/oHa3/34i/8AjlAHrVFeS/8ADQ3hL/oHa3/34i/+OUf8NDeEv+gdrf8A34i/+OUAetUV5L/w0N4S/wCgdrf/AH4i/wDjlH/DQ3hL/oHa3/34i/8AjlAHrVFeS/8ADQ3hL/oHa3/34i/+OUf8NDeEv+gdrf8A34i/+OUAetUV5L/w0N4S/wCgdrf/AH4i/wDjlH/DQ3hL/oHa3/34i/8AjlAHrVFeS/8ADQ3hL/oHa3/34i/+OUf8NDeEv+gdrf8A34i/+OUAetUV5L/w0N4S/wCgdrf/AH4i/wDjlH/DQ3hL/oHa3/34i/8AjlAHrVFeS/8ADQ3hL/oHa3/34i/+OUf8NDeEv+gdrf8A34i/+OUAetUV5L/w0N4S/wCgdrf/AH4i/wDjlH/DQ3hL/oHa3/34i/8AjlAHrVFeS/8ADQ3hL/oHa3/34i/+OUf8NDeEv+gdrf8A34i/+OUAetUV5L/w0N4S/wCgdrf/AH4i/wDjlH/DQ3hL/oHa3/34i/8AjlAHrVFeS/8ADQ3hL/oHa3/34i/+OUf8NDeEv+gdrf8A34i/+OUAetUV5L/w0N4S/wCgdrf/AH4i/wDjlH/DQ3hL/oHa3/34i/8AjlAHrVFeS/8ADQ3hL/oHa3/34i/+OUf8NDeEv+gdrf8A34i/+OUAetUV5L/w0N4S/wCgdrf/AH4i/wDjlH/DQ3hL/oHa3/34i/8AjlAHrVFeS/8ADQ3hL/oHa3/34i/+OUf8NDeEv+gdrf8A34i/+OUAetUV5L/w0N4S/wCgdrf/AH4i/wDjlH/DQ3hL/oHa3/34i/8AjlAHrVFeS/8ADQ3hL/oHa3/34i/+OUf8NDeEv+gdrf8A34i/+OUAetUV5L/w0N4S/wCgdrf/AH4i/wDjlH/DQ3hL/oHa3/34i/8AjlAHrVFeS/8ADQ3hL/oHa3/34i/+OUf8NDeEv+gdrf8A34i/+OUAetUV5L/w0N4S/wCgdrf/AH4i/wDjlH/DQ3hL/oHa3/34i/8AjlAHrVFeS/8ADQ3hL/oHa3/34i/+OUf8NDeEv+gdrf8A34i/+OUAetUV5L/w0N4S/wCgdrf/AH4i/wDjlH/DQ3hL/oHa3/34i/8AjlAHrVFeS/8ADQ3hL/oHa3/34i/+OUf8NDeEv+gdrf8A34i/+OUAetUV5L/w0N4S/wCgdrf/AH4i/wDjlH/DQ3hL/oHa3/34i/8AjlAHrVFeS/8ADQ3hL/oHa3/34i/+OUf8NDeEv+gdrf8A34i/+OUAetUV5L/w0N4S/wCgdrf/AH4i/wDjlH/DQ3hL/oHa3/34i/8AjlAHrVFeS/8ADQ3hL/oHa3/34i/+OUf8NDeEv+gdrf8A34i/+OUAetUV5L/w0N4S/wCgdrf/AH4i/wDjlH/DQ3hL/oHa3/34i/8AjlAHrVFeS/8ADQ3hL/oHa3/34i/+OUf8NDeEv+gdrf8A34i/+OUAetUV5L/w0N4S/wCgdrf/AH4i/wDjlH/DQ3hL/oHa3/34i/8AjlAHrVFeS/8ADQ3hL/oHa3/34i/+OUf8NDeEv+gdrf8A34i/+OUAetUV5L/w0N4S/wCgdrf/AH4i/wDjlH/DQ3hL/oHa3/34i/8AjlAHrVFeS/8ADQ3hL/oHa3/34i/+OUf8NDeEv+gdrf8A34i/+OUAetUV5L/w0N4S/wCgdrf/AH4i/wDjlH/DQ3hL/oHa3/34i/8AjlAHrVFeS/8ADQ3hL/oHa3/34i/+OUf8NDeEv+gdrf8A34i/+OUAetUV5L/w0N4S/wCgdrf/AH4i/wDjlH/DQ3hL/oHa3/34i/8AjlAHrVFeS/8ADQ3hL/oHa3/34i/+OUf8NDeEv+gdrf8A34i/+OUAetUV5L/w0N4S/wCgdrf/AH4i/wDjlH/DQ3hL/oHa3/34i/8AjlAHrVFeS/8ADQ3hL/oHa3/34i/+OUf8NDeEv+gdrf8A34i/+OUAetUV5L/w0N4S/wCgdrf/AH4i/wDjlH/DQ3hL/oHa3/34i/8AjlAHrVFeS/8ADQ3hL/oHa3/34i/+OUf8NDeEv+gdrf8A34i/+OUAetUV5L/w0N4S/wCgdrf/AH4i/wDjlH/DQ3hL/oHa3/34i/8AjlAHrVFeS/8ADQ3hL/oHa3/34i/+OUf8NDeEv+gdrf8A34i/+OUAetUV5L/w0N4S/wCgdrf/AH4i/wDjlH/DQ3hL/oHa3/34i/8AjlAHrVFeS/8ADQ3hL/oHa3/34i/+OUf8NDeEv+gdrf8A34i/+OUAetUV5L/w0N4S/wCgdrf/AH4i/wDjlH/DQ3hL/oHa3/34i/8AjlAHrVFeS/8ADQ3hL/oHa3/34i/+OUf8NDeEv+gdrf8A34i/+OUAetUV5L/w0N4S/wCgdrf/AH4i/wDjlH/DQ3hL/oHa3/34i/8AjlAHrVFeS/8ADQ3hL/oHa3/34i/+OUf8NDeEv+gdrf8A34i/+OUAetUV5L/w0N4S/wCgdrf/AH4i/wDjlH/DQ3hL/oHa3/34i/8AjlAHrVFeS/8ADQ3hL/oHa3/34i/+OUf8NDeEv+gdrf8A34i/+OUAetUV5L/w0N4S/wCgdrf/AH4i/wDjlH/DQ3hL/oHa3/34i/8AjlAHrVFeS/8ADQ3hL/oHa3/34i/+OUf8NDeEv+gdrf8A34i/+OUAetUV5L/w0N4S/wCgdrf/AH4i/wDjlH/DQ3hL/oHa3/34i/8AjlAHrVFeS/8ADQ3hL/oHa3/34i/+OUf8NDeEv+gdrf8A34i/+OUAetUV5L/w0N4S/wCgdrf/AH4i/wDjlH/DQ3hL/oHa3/34i/8AjlAHrVFeS/8ADQ3hL/oHa3/34i/+OUf8ND+Ev+gfrf8A35i/+OUAcP8AtBHHj2x/7Bkf/o2WvJi1dn8U/GmneN/E9tqemQ3UUMVmtuy3Kqrbg7tkbWIxhh39a4ctQA8tUbGkLUwtQAMajJpSaYTQA00lKaaaACiiigAooooAKKKKACiiigBaUGm0tADwacDUYNKDQBKGpd1RZpc0AS7qN1RbqM0AS7qN1RZozQBLuo3VFmjNAEu6jdUWaM0AS7qN1RZozQBLuo3VFmjNAEu6jdUWaM0AS7qN1RZozQBLuo3VFmjNAEu6jdUWaM0AS7qN1RZozQBLuo3VFmjNAEu6jdUWaM0AS7qN1RZozQBLuo3VFmjNAEu6jdUWaM0AS7qN1RZozQBLuo3VFmjNAEu6jdUWaM0AS7qN1RZozQBLuo3VFmjNAEu6jdUWaM0AS7qN1RZozQBLuo3VFmjNAEu6jdUWaM0AS7qN1RZozQBLuo3VFmjNAEu6jdUWaM0AS7qN1RZozQBLuo3VFmjNAEu6jdUWaM0AS7qN1RZozQBLuo3VFmjNAEu6jdUWaM0AS7qN1RZozQBLuo3VFmjNAEu6jdUWaM0AS7qN1RZozQBLuo3VFmjNAEu6jdUWaM0AS7qN1RZozQBLuo3VFmjNAEu6jdUWaM0AS7qN1RZozQBLuo3VFmjNAEu6jdUWaM0AS7qN1RZozQBLuo3VFmjNAEu6jdUWaM0AS7qN1RZozQBLuo3VFmjNAEu6jdUWaM0AS7qN1RZozQBLuo3VFmjNAEu6jdUWaM0AS7qN1RZozQBLuo3VFmjNAEu6jdUWaM0AS7qN1RZozQBLuo3VFmjNAEu6jdUWaM0AS7qN1RZozQBLuo3VFmjNAEu6jdUWaM0AS7qN1RZozQBLuo3VFmjNAEu6jdUWaM0AS7qN1RZozQBLuo3VFmjNAEu6jdUWaM0AS7qN1RZozQBLuo3VFmjNAEu6jdUWaM0AS7qN1RZozQBLuo3VFmjNAEu6jdUWaM0AS7qN1RZozQBLuo3VFmjNAEu6jdUWaM0AS7qN1RZozQBLuo3VFmjNAEu6jdUWaM0AS7qN1RZozQBLuo3VFmjNAEu6jdUWaM0AS7qN1RZozQBLuo3VFmjNAEu6jdUWaM0AS7qN1RZozQBLuo3VFmjNAEu6jdUWaM0AS7qN1RZozQBLuo3VFmjNAEu6jdUWaM0AS7qN1RZozQBLuo3VFmjNAEu6jdUWaM0AS7qN1RZozQBLuo3VFmjNAEu6jdUWaM0AS7qN1RZozQBLuo3VFmjNAEu6jdUWaM0AS7qN1RZozQBLuo3VFmjNAEu6jdUWaM0AS7qN1RZozQBLuo3VFmjNAEu6jdUWaM0AS7qN1RZozQBLuo3VFmjNAEu6jdUWaM0AS7qN1RZozQBLuo3VFmjNAEu6jdUWaM0AS7qN1RZozQBLuo3VFmjNAEu6jdUWaM0AS7qN1RZozQBLuo3VFmjNAEu6jdUWaM0AS7qN1RZozQBLuo3VFmjNAEu6jdUWaM0AS7qN1RZozQBLuo3VFmjNAEu6jdUWaM0AS7qN1RZozQBLuo3VFmjNAEu6jdUWaM0AS7qN1RZozQBLuo3VFmjNAEu6jdUWaM0AS7qN1RZozQBLuo3VFmjNAEu6jdUWaM0AS7qN1RZozQBLuo3VFmjNAEu6jdUWaM0AS7qN1RZozQBLuo3VFmjNAEu6jdUWaM0AS7qN1RZozQBLuo3VFmjNAEu6jdUWaM0AS7qN1RZozQBLuo3VFmjNAEu6jdUWaM0AS7qN1RZozQBLuo3VFmjNAEu6jdUWaM0AS7qN1RZozQBLuo3VFmjNAEu6jdUWaM0AS7qN1RZozQBLuo3VFmjNAEu6jdUWaM0AS7qN1RZozQBLuo3VFmjNAEu6k3VHuozQA8tTSabmkJoAUmmk0E0lABSUUUAFFFFABRRRQAUUUUAFFFFABRRRQAZpaSigBc0uabRmgB2aM03NGaAHZozTc0ZoAdmjNNzRmgB2aM03NGaAHZozTc0ZoAdmjNNzRmgB2aM03NGaAHZozTc0ZoAdmjNNzRmgB2aM03NGaAHZozTc0ZoAdmjNNzRmgB2aM03NGaAHZozTc0ZoAdmjNNzRmgB2aM03NGaAHZozTc0ZoAdmjNNzRmgB2aM03NGaAHZozTc0ZoAdmjNNzRmgB2aM03NGaAHZozTc0ZoAdmjNNzRmgB2aM03NGaAHZozTc0ZoAdmjNNzRmgB2aM03NGaAHZozTc0ZoAdmjNNzRmgB2aM03NGaAHZozTc0ZoAdmjNNzRmgB2aM03NGaAHZozTc0ZoAdmjNNzRmgB2aM03NGaAHZozTc0ZoAdmjNNzRmgB2aM03NGaAHZozTc0ZoAdmjNNzRmgB2aM03NGaAHZozTc0ZoAdmjNNzRmgB2aM03NGaAHZozTc0ZoAdmjNNzRmgB2aM03NGaAHZozTc0ZoAdmjNNzRmgB2aM03NGaAHZozTc0ZoAdmjNNzRmgB2aM03NGaAHZozTc0ZoAdmjNNzRmgB2aM03NGaAHZozTc0ZoAdmjNNzRmgB2aM03NGaAHZozTc0ZoAdmjNNzRmgB2aM03NGaAHZozTc0ZoAdmjNNzRmgB2aM03NGaAHZozTc0ZoAdmjNNzRmgB2aM03NGaAHZozTc0ZoAdmjNNzRmgB2aM03NGaAHZozTc0ZoAdmjNNzRmgB2aM03NGaAHZozTc0ZoAdmjNNzRmgB2aM03NGaAHZozTc0ZoAdmjNNzRmgB2aM03NGaAHZozTc0ZoAdmjNNzRmgB2aM03NGaAHZozTc0ZoAdmjNNzRmgB2aM03NGaAHZozTc0ZoAdmjNNzRmgB2aM03NGaAHZozTc0ZoAdmjNNzRmgB2aM03NGaAHZozTc0ZoAdmjNNzRmgB2aM03NGaAHZozTc0ZoAdmjNNzRmgB2aM03NGaAHZozTc0ZoAdmjNNzRmgB2aM03NGaAHZozTc0ZoAdmjNNzRmgB2aM03NGaAHZozTc0ZoAdmjNNzRmgB2aM03NGaAHZozTc0ZoAdmjNNzRmgB2aM03NGaAHZozTc0ZoAdmjNNzRmgB2aM03NGaAHZozTc0ZoAdmjNNzRmgB2aM03NGaAHZozTc0ZoAdmjNNzRmgB2aM03NGaAHZozTc0ZoAdmjNNzRmgB2aM03NGaAHZozTc0ZoAdmjNNzRmgB2aM03NGaAHZozTc0ZoAdmjNNzRmgB2aM03NGaAHZozTc0ZoAdmjNNzRmgB2aM03NGaAHZozTc0ZoAdmjNNzRmgB2aM03NGaAHZozTc0ZoAdmjNNzRmgB2aM03NGaAHZozTc0ZoAdmjNNzRmgB2aM03NGaAHZozTc0ZoAdmjNNzRmgB2aM03NGaAHZozTc0ZoAdmjNNzRmgB2aM03NGaAHZozTc0ZoAdmjNNzRmgB2aM03NGaAHZozTc0ZoAdmjNNzRmgB2aM03NGaAHZozTc0ZoAdmjNNzRmgB2aM03NGaAHZozTc0ZoAdmjNNzRmgB2aM03NGaAHZpKSigBc0lFFABRRRQAUUUUAFFFFABRRRQAUUUUAFFFFABRRRQAUUUUAFFFFABRRRQAUUUUAFFFFABRRRQAUUUUAFFFFABRRRQAUUUUAFFFFABRRRQAUUUUAFFFFABRRRQAUUUUAFFFFABRRRQAUUUUAFFFFABRRRQAUUUUAFFFFABRRRQAUUUUAFFFFABRRRQAUUUUAFFFFABRRRQAUUUUAFFFFABRRRQAUUUUAFFFFABRRRQAUUUUAFFFFABRRRQAUUUUAFFFFABRRRQAUUUUAFFFFABRRRQAUUUUAFFFFABRRRQAUUUUAFFFFABRRRQAUUUUAFFFFABRRRQAUUUUAFFFFABRRRQAUUUUAFFFFABRRRQAUUUUAFFFFABRRRQAUUUUAFFFFABRRRQAUUUUAFFFFABRRRQAUUUUAFFFFABRRRQAUUUUAFFFFABRRRQAUUUUAFFFFABRRRQAUUUUAFFFFABRRRQAUUUUAFFFFABRRRQAUUUUAFFFFABRRRQAUUUUAFFFFABRRRQAUUUUAFFFFABRRRQAUUUUAFFFFABRRRQAUUUUAFFFFABRRRQAUUUUAFFFFABRRRQAUUUUAFFFFABRRRQAUUUUAFFFFABRRRQAUUUUAFFFFABRRRQAUUUUAFFFFABRRRQAUUUUAFFFFABRRRQAUUUUAFFFFABRRRQAUUUUAFFFFABRRRQAUUUUAFFFFABRRRQAUUUUAFFFFABRRRQAUUUUAFFFFABRRRQAUUUUAFFFFABRRRQAUUUUAFFFFABRRRQAUUUUAFFFFABRRRQAUUUUAFFFFABRRRQAUUUUAFFFFABRRRQAUUUUAFFFFABRRRQAUUUUAFFFFABRRRQAUUUUAFFFFABRRRQAUUUUAFFFFABRRRQAUUUUAFFFFABRRRQAUUUUAFFFFABRRRQAUUUUAFFFFABRRRQAUUUUAFFFFABRRRQAUUUUAFFFFABRRRQAUUUUAFFFFABRRRQAUUUUAFFFFABRRRQAUUUUAFFFFABRRRQAUUUUAFFFFABRRRQAUUUUAFFFFABRRRQAUUUUAFFFFABRRRQAUUUUAFFFFABRRRQAUUUUAFFFFABRRRQAUUUUAFFFFABRRRQAUUUUAFFFFABRRRQAUUUUAFFFFABRRRQAUUUUAFFFFABRRRQAUUUUAFFFFABRRRQAUUUUAFFFFABRRRQAUUUUAFFFFABRRRQAUUUUAFFFFABRRRQAUUUUAFFFFABRRRQAUUUUAFFFFABRRRQAUUUUAFFFFABRRRQAUUUUAFFFFABRRRQAUUUUAFFFFABRRRQAUUUUAFFFFABRRRQAUUUUAFFFFABRRRQAUUUUAFFFFABRRRQAUUUUAFFFFABRRRQAUUUUAFFFFABRRRQAUUUUAFFFFABRRRQAUUUUAFFFFABRRRQAUUUUAFFFFABRRRQAUUUUAFFFFABRRRQAUUUUAFFFFABRRRQAUUUUAFFFFABRRRQAUUUUAFFFFABRRRQAUUUUAFFFFABRRRQAUUUUAFFFFABRRRQAUUUUAFFFFABRRRQAUUUUAFFFFABRRRQAUUUUAFFFFABRRRQAUUUUAFFFFABRRRQAUUUUAFFFFABRRRQAUUUUAFFFFABRRRQAUUUUAFFFFABRRRQAUUUUAFFFFABRRRQAUUUUAFFFFABRRRQAUUUUAFFFFABRRRQAUUUUAFFFFABRRRQAUUUUAFFFFABRRRQAUUUUAFFFFABRRRQAUUUUAFFFFABRRRQAUUUUAFFFFABRRRQAUUUUAFFFFABRRRQAUUUUAFFFFABRRRQAUUUUAFFFFABRRRQAUUUUAFFFFABRRRQB/9kNCmVuZHN0cmVhbQ1lbmRvYmoNNTkgMCBvYmoNPDwvQml0c1BlckNvbXBvbmVudCA4IC9Db2xvclNwYWNlIC9EZXZpY2VSR0IgL0ZpbHRlciAvRENURGVjb2RlIC9IZWlnaHQgNDE5IC9MZW5ndGggNTU2NjcgL1N1YnR5cGUgL0ltYWdlIC9UeXBlIC9YT2JqZWN0IC9XaWR0aCA5ODQ+Pg0Kc3RyZWFtDQr/2P/gABBKRklGAAEBAAABAAEAAP/bAEMACAYGBwYFCAcHBwkJCAoMFA0MCwsMGRITDxQdGh8eHRocHCAkLicgIiwjHBwoNyksMDE0NDQfJzk9ODI8LjM0Mv/bAEMBCQkJDAsMGA0NGDIhHCEyMjIyMjIyMjIyMjIyMjIyMjIyMjIyMjIyMjIyMjIyMjIyMjIyMjIyMjIyMjIyMjIyMv/AABEIAaMD2AMBIgACEQEDEQH/xAAfAAABBQEBAQEBAQAAAAAAAAAAAQIDBAUGBwgJCgv/xAC1EAACAQMDAgQDBQUEBAAAAX0BAgMABBEFEiExQQYTUWEHInEUMoGRoQgjQrHBFVLR8CQzYnKCCQoWFxgZGiUmJygpKjQ1Njc4OTpDREVGR0hJSlNUVVZXWFlaY2RlZmdoaWpzdHV2d3h5eoOEhYaHiImKkpOUlZaXmJmaoqOkpaanqKmqsrO0tba3uLm6wsPExcbHyMnK0tPU1dbX2Nna4eLj5OXm5+jp6vHy8/T19vf4+fr/xAAfAQADAQEBAQEBAQEBAAAAAAAAAQIDBAUGBwgJCgv/xAC1EQACAQIEBAMEBwUEBAABAncAAQIDEQQFITEGEkFRB2FxEyIygQgUQpGhscEJIzNS8BVictEKFiQ04SXxFxgZGiYnKCkqNTY3ODk6Q0RFRkdISUpTVFVWV1hZWmNkZWZnaGlqc3R1dnd4eXqCg4SFhoeIiYqSk5SVlpeYmZqio6Slpqeoqaqys7S1tre4ubrCw8TFxsfIycrS09TV1tfY2dri4+Tl5ufo6ery8/T19vf4+fr/2gAMAwEAAhEDEQA/APe4f9X+NSVHD/q/xqSgAoJAGScAUUUAcRqXim5mvr2HTLyPyUwkc8eyRdxUEnpzgnpntUGl6trvnRLdat9oBlGf9HRMrxxwKw7M32sNcao32aIy3MyFIwQMRyNGOOecIPxqK71V7HUYNJiZl1C62i3lCgojsdqls+jDJ4PHrSTuhtWdjc8SeLtT03XYLW3l2xPCHI2qcnLeq+wqSz1vW7+0kvl1Lyo4Sd0PkI2/Az1xxnOK5PWdP1i3vEh1q6gudRKAxSxcKqZOAflXnIbt3rS0S01SPTZXkuYTaq5MqAcsoAyBx6e9MR1Vjrt/qaJaRzeRPJnFxtVtuOfu4weBiqmralrvhvztTudX+32lvt3Wf2ZIt+7C/fAJGC2enbFUY9e0mzhAtra4S7X7r4BAyeerentTdda41vwncSeYMzbfvjHRx6D2oAvQeKtQ8Q6VFJYP/Zkrktvws2ACRjBA611Hh65uLvRIZLuXzZw8kbybQu8rIy5wOBnHSuF8EeHNXt2juLq6tn0sxuqQqTvDbuv3R3z3710ENq0OhXN7/bV7YW9tLdsyQ+VsAWaQk5dGP60m7K40rnQ6Zq1hrEEk+n3K3EUcrQuyg8Opww59DTbrW9MsriW3ub2GKaKA3LozcrEOrfSvNPhXaX9xpl9aXGq6jYXKz/a/JjEPzRzfMrnchOTzmtDWfD2mDWbu/vNYsdQuixCpf6k9ubSPaAyL5Z5zjJBApvQS1O6i1zS57m0t4r6B5ruHz7dA3MsfHzD1HNaFeL+DrXSNcvoNQsPI0D7DcLDbSxak8rXkSk5jCSEFUJ9vwr2imxdbBRRRSGFFFFABRRRQAUUUUAFFFFABRRRQAUUUUAFFFFABRRRQAUUUUAFFFFABRRRQAUUUUAFFFFABRRRQAUUUUAFFFFABRRRQAUUUUAFFFFABRRRQAUUUUAFFFFABRRRQAUUUUAFFFFABRRRQAUUUUAFFFFABRTDIM4Apc8/e69sUALketMdj07UcB+PmzSuMgE8GgBmcHJJpxBDZ7HikA9Ofan7eME0xDMEtnPGcc08gnHTg07GKKQxAMDFLQSB1ppbgEY5OKAHUhYAgetA+uaaFynvQAuWOcdu1ITnafegHHPY/oaADx9c0wAcoVPUUdgduSacQD1FLSAQDCgUtFFABRRRQAUUUUAFFFFABRRVe9WM2zGaZ4Yl+ZmR9vHpnr+VAFiiucVrmSO3hkmnjjk86RMuRJtA+QE9e+afLLJNYWkqTzm/mRPKRHIXg8sR0x65quUVzoKKyJgy6tAlvPO8xffMC5KJHjoR0HbHemavJKbl0WaSJYrV5l2MVywPGcdR7Uhm1RXOTXV3DKLiRbgs0kXlFT+62HAII6ZyT79K3ZbqGGVIpHw7/AHRg80WFcmorK1gBY9yTXAuWGyCOJyMt64HX3zxiqrTXAvDM0770uY4NgY7dpUZ46dTnNCVwbsb9Fc/cTSWkly9pPPKsEDmZpHLDf2A7ZHPSrmkyYkkhf7SJQiuVmk3gg/xA9s+lFtAualFc4Lu4jm+1ec7M8syGMsdoCg446Dp+tWtHmJkRZjciWWESfvZNyv6kD+Hr04osFzZorMUPfNeMZJgscnlqkcm3O0evbJrKe7kNlbwzzuGWdgw81RIGBO1ctwQO578UJDOoorntOvp5rrEtzIVEpUAzQ4x2yAMn8Km1h7mKd5cXPkJAWjMLYAkHOW9sevHWiwG3RWLdPNc6d512pS0VAzojfPLx69hUsq3Frp1zFId8CwMUlJ+YDHQjv9aGrAtTVorkilssNuUltTJvj4S1KN1H8Wa6CKVk1ea2LFkaMSrk5284I/lTcbCuXaKKKkYUUUUARw/6v8akqOH/AFf41JQAUUUUAeRwxReHL3WNJuNUR5FunkhEjhDiUCTCqT6uRx1NZuoRSzRyX6Ru8lvGWW4VSTGVyQQ3bHX2r1+40PSLu6N1c6XYzXBIJlkt0ZzjgckZ7CpBpeniF4RYWoicEOghXawPByMc0JWG3d3Z5JowvdY8HX944uL67SYpHM2ZZFACHAbkjqePep9Na9t/DV/Bc+fHcuJNkcmVdsoAMA8nmvVrTTrGwgaCzsre3hZtzRwxKik+uAOvA/Kh9OspXDyWdu7DozRKSP0oEebJpskvwteRLJn1XPDCImf/AFw9t33f0p1rdQW3w9Syu544tTXO6CZwsw/e5GVPzfdwfpXpiW8Ea7UhjVfRVAFVZtE0q4naebTLKSZusj26ljxjqRnpQB4tpuraoniKS3j1C7FqseVjWZtg4HQZx1JrttM0PU/EmiWdpfXCR6J588txGpYzXTee5CsTwE7nBJNdimg6PHJ5iaVYq/TcLdAfzxV2KGKCIRwxpHGM4VFAAzz0FAHP634euZNQtNY0OaG11O2TySsoPlXEOeY3xyMdQR0qxrGiPqNkyW0enW91MpEss1p52MjBxyvPufyrbootdWBaO5h+HvC1hoOiWNgIYbiS1jC/aGhUMzevtzW5RRTbuCVgooopAFFFFABRRRQAUUUUAFFFFABRRRQAUUUUAFFFFABRRRQAUUUUAFFFFABRRRQAUUUUAFFFFABRRRQAUUUUAFFFFABRRRQAUUUUAFFFFABRRRQAUUUUAFFFFABRRRQAUUUUAFFFFABRRSM2BmgBaKjJO7DH8BTkPUHtQA6mtgHOPxp1BGRigCE9T6inBvkI7ilCHILYNOAAOe9MBCC3AGPelC+pzS0UgCikLdMc5pe3NACFgKTdkgA4zS5HJ9Kbg4z3zmgBR97DdR0NAAbcexpPvHoRxilC4xk5xQAgxuG38aVPu06igAxiiiigAooooAKKKKACiiigAooooAKKKKACq93Zw3sSxzb9qsGG1ivI6dKsUUAU5NMt5YVjkaZ9pJDGVtwyMEZznHtTTpVt5/nIZo32hP3crKNo6DANXqKd2BTj0yCG4eaN51Z33sBK2CfcZpZ9Nt7lUEodtgIzvOSD1BPce1W6KVwKradbtcrOVYspDBd525AwDt6Zq1RRQBUn06C4uRcM0yyhdgaOVl4/Cg6bbNci4KsZBj+M4JAwCR3OO9W6KLgUYNKtrdDGhlMZBBjeVmU568E1JBp8Fvu8sybmIyxkJOB0GfT2q1RTuwKi6dbJdNcBDvbJwWJUE9SB0yaW2sLe0kLxK24rtG5idq+gz0HtVqilcCidOVpZwxIikcSjYxVlfocEf561LDYWsMQjWFSBk5cbiSepJNWaKLgVYNPtrcuViQlnL5Kjg+1F1p8F4waYOcDBCuQGHXBA6irVFFwIbm2S6tXt2JVHGPl7UXNslzB5LlghI3AdwO1TUUAVrm0+1MgaZ1jUgmNQMMQcjJxn8qIrZhfTXUhBLKEQDso5/UmrNFABRRRQAUUUUARw/wCr/GpKjh/1f41JQAUUUjcKcjPHSgCJ7qCO5it2kAmlDMidyBjP8xS3FzDaQNPPIEiXG5j2ycVwL6d9oTWtQi0XTongLxrHOvMaqu4MAFILEnJz7CpdX0mVfCr4sLW0km8stNYuyYXIyW4GTzwORTtp/XUOp28t3bwzwwySqsk5IjB/iIGcflVW41/SLS4lguNStopotu9HkAIz04rj7qzhtb77De21hNqFwsf2aRkV14OGaRmG7J4PJ5zgdKra5H5euy7oZ4xGluuyG3Yxthj3DAAem4Gmkrib0O4ttf0y7uvs0Fzvl+bAEbANt64OMHHsaJNf06NY2MsjK67lMcEjj05wpwfY81wgSQRGf7PcRRy2988cjzkq4PI2pn5PyFaF/Hqsmr3BtJdSAW5i2JEknl7fkLfMHC465+U0JbA9Ds7bUrS7szdxTjyFJDO4Kbcdc7sYx71Uj8S6JNs8vVbRy6s6hZASQOvFV7GcRabqO1ojN9ouWRXPBIY9uuK89sJJfOv1kVQgjZCAzjywyBsR/McZbH4flSSv9wz1WbUrG2iiluLyCFJRmMyyBN3fjNVofEei3GfK1ayYhimPPUEnp681x16dQtdJe0iuo0tReC2le4d5JFXYMqpwxHfn34qGHUJ5dSsv7ITS7aUSCzMeJGSSNemQUGMc4Oc896pRuxX0O/l1SygkdJbhUZGVWBzwW6Z9j69KG1K0WGeXzSyQNskKIzYPpgA569q4vXtKWKO5vv7BkQgklhJbssjFupLqzdT+HpWjoFgNDspJdR0zyZfL2yzoEIly3ChI/rjOKm2lw6mu3ibSkUs0s6qBkk2soAH/AHzVi51zSrOES3OoW0KmPzRvkAJXrkDqaw5nuINK1Brazu4LE2znN5LgR4U8Ihyw7cHj0xVfX9NuH0qwkS8kjgUR+bE8YKKFUEchGYcgdciiyA6a11jTL10S11C1mdxlUjmUsR9M5p82pWdvJJHLOqPGELA54DHC/meK5nQl1HUb2Yves9lGCv2iB02yP0Kg+Up49QevFUZGu1W/S9jlM8EdrGzEZMoWY4YfUU7ahfQ7ia6gt5IY5ZArzPsjB6scE4/IGoptV063uPImv7WObj928yhuenBOa47XtNurvRoLi6CSahNMWhtJo/MYbmB2L8wC4Uc/jUUNxp407Vk8+zLs0PlqqCInpwEJJGOmPUUJD6nZXOtafaBjNcAFZBEVVWZtxGQMAE9KWy1ey1GWSK2lZpI1DMrxMhAOcH5gPQ1y15cPHqkkS3UMt3bXsbK1yQh8vywQpKrz8znAwT1rX02a4k129ub2SyQRQpAwhmJ2tuY/NuAI6jHrSS0Eb7OqKWY4UDJPtVSLVbGaKWWO5QpEgkdjkYUjIbnqMVxmpLbS6zdTv/ZswlvEt/LuYAzkAAOVYtwB9O1UbMWzaE0ltDb2srwiCBo/Lj3tGRvd3YEBScYB6/jQldXG97Hdza/pFuYxPqVtE0m3aryBW5GRkHkfjVr7faFIHW4jZLhtkTI24OcE8EewP5V5rfQC5Nu6M8calXDvIE8yQlsjcZFDMSCeAOorb2srWE+qXDpaJYSOiLuhdCCnJIYndzjr/OnYVzrbfUbS6k8uGdHcqWC9CQDgkevIxUkt3BDcQ28koWWbPlqf4sDJ/SuK8Oafb2U5k1F7o3FvMiQBp5G8tpBuK4zjvzn0rCmtoUleSZ7JlaaZnclWMOHON/7piufc0W1C56xWZN4j0WCZIZdVs1kZigXzl4I6g88dO9UvCkb2mgRQTjyS8jmLJA3hiWBAwOx6Y7dKwdWtrrTtcluZNWCIsW2KS5VU46sAREVPOPfoOaVtbBurnb2t7aXqs1pdQ3CqcMYpA4B98UyDUrO5kjSGdXaRWdAM8hTtJ/A8Vz1rb60NCF9I1wLxJBMlqGX5kB+6dqLyyk8HocVmW5u2Swjso5BcT21xGrL1iDTjLH0wM/jRbWwXO3e9tonmR5VDQxiSQf3VOef0NJa3ttehjbyrIEIDY7ZAI/QiuG1yw2X2rt9giINqg3fZftDv9/525G37vXntTtHhdr2+aK1leVo0RZIYArj92nAmJwOM8Y/GhK9wbsdc+v6RHdTWsmp2kc8JAkR5VUrnnvT7jWtMtVt3nv7aNLkkQu0g2vgZ4PSuLtmmnjcC50i2sHZg1hNefOpBIIZ9pODjJAPXvzUmtyLcaXpd/HZNErRAmSAgpEFIKqvyE8npgDOKdhnWpr2kSTmBdTtDL8uF85cnPIxzzn2pkniHTopGjd59ykg4tZTz9QtcL4eubj+2NPubuWRGuJGUh4RmUMTgY2AgZ5znjmu8mttXaZ2h1O2jjJ+VGsyxA+u8Z/Khqwrlmyv7fUI2e3aQqpwd8TJ/6EBUMmt6TDI0cmqWSOpwytcICD6EZqa38+3hC311DLIzYV1j8sHPQYJPP41werx3p8SS3luszRxzLEZFngkKMxxtVGXCZ7nOfUUuth9Dt11iwe0muhPiCE4eRkYD8Mjke4zVhruBLmO3aULNKpZFP8QHXH51xVxeXc2gWxRZEkgulMhedJ0Y8nlyygEEZ24GDjjFZ32N57+Qx6bpNxLPOkSTy8gHaXIZQmNxAO4jHJ9qdhXO5vPEWj6fdfZbvUraGcKXKM4yAOTn0+nenWuv6Re3EkFrqNtLLGMsiSAnGM8evHpXEa9dp5qy2JSKKO3DmK3BVWbb3ZWUtgAAUmiIl80wuNlxI8Ba3huN5QNtIPO5jggnr7UW0uPqjtH8R6Ukmz7Q7ttD/u4Xfg8jopoHiTS2iEizyspYr8tvISCOoIC8H615u1jJFYm6trVZVjCLIYrYFThBkZKtggnr3xXoPhO0ms9BjiuECzF2ZsQiLJz12gDFNxRKZKvibSWuoLY3LpNcNsiWSCRN7egyorRW6ge6ktlkUzRqGdB1UHOM/kaxtAtI55rzUpy014bmWJZJDu8tFbAVR/COO3WuVm0W5a81Wdonu3juhvuphCUxtUkFSpfABOAPwqUk9Bs9EuLmG1jEk8gRCwXcemT0z6VQfxHosZjEmqWiFzhQ0oBzz1B6dD1rl7e4s4rbUre38mG3e4MyxTb4UeLG3AwpJyVPAHOKxfPvdlu0ZiS2jcfYkjkAVODzIzRnZnJxvxTSA9JbVrBQ5N1GQkXnEg5BT+8COo+lR2uuadeCYwzsfJQPIHidCqnODhgOODXL6nd3CyPZy3Aug9pHOIBIqxHDfMPMVBhSBnnrVjSbmbxBqN1eQXKQxpbrE01lMGDNkkKVdO2Tz796VtLhc6qS9torZLh5lELlQrg5BLEAdPUkU6a5ht2iWWQI0z+XGD/E2Ccfoa4ghr/wvaSpq8wdZYEkhhEQRG8wDoF4PfGfwqXxFaLDexx3M1reEWsjK+qOq7Tn+DaoGfwoasNanYpdQvPLCsgMkIBkUD7uelZh8VaMu7ddONr7CDbyZ3Yzj7vpzXPHR4rXTLW4kghleVrd0vXAMwYlcqT6Y6EduKpXyTX7XoN1FerDePKUisDKuDFtzw2PbrwR+FDVr/12Enf+vU7S28QaXdwtLDdAxqVDMyMoG77p5A4Pr0qzNqNnb30FlLcIlzOCYoyeWx1rhNKtZLXw3c3QZ7VDDCWBs1iRx0O7duDDB68VpeU0zalDDbwzW6OskmoXEp3bQA3G3nI5xjAFNpJgnc657mGO4igeQCWXOxf72OtS5rjdVRdQls3EF3cpDFhWuNN89ZNwB3dV5xUNlaW/254LjS4Gje1kdlj04283BUYGGJIO4/lSsFzsnu7eO6itnlVZpQzRoTywHXH51X1HWLDStn22fy94JXCM3A6ngHAHrXA/adKtr6KC60MRt5+WjayQ7I9p/i7AnbgMAevJq5rUdlHY27WCXOnRkuphISISLIyqwBfIXI6Y4p22C52n9qWP2sWv2lBMSAFORyRkDPripUvLeTz9sqn7O22X/ZOM/wAiK4MWqW/iO5Wf7CzARTKsoa7aNRkZJZh5eOPzGKWXTYkj1if7Fp0MaXaiVJIBIVUouSpyBnnOPXPrSsCO6F9bGzW7Ey+Qyhlf1B6VHJqtjEoZ7qJQVLAs2BgHB5+vauLFki+Gl8uC2nQ3EcUMkVqoeQA4yV+bnrjjNRWdqWnSEWtyLxJJTGYAi7cBeCGTauc/ewD9afKtQud9HIJkDqSVYBhxjj8akXBBGR9BWTpN7p8cFppsNzE86wKQgkLZGOuSOfWtORpIoZHSHzJAMqgYDcfTJ6UnoCGyyLDbtNIwRIwWZvTFUrrXtMsmBmncA4+cQuynPTDAEd6mZri40mZpVlsJSrHhkdlx3zyK5RdQmvtDhjt5Qsf2a2dT5OF8wyqCwHGRn8KEruwN2VzsbW9gu7driFmMWTkvGyHj2YA0iajaSC2Kzri5GYSeN/fj/CsnVNP1S4tVVngnKIxaRbia2yf91Cc8eprm9Kjns49HeR7SRGCKbV72SRjuIw4RhgFcE8UJJgzsZPEeiwztDJqtmsigkqZl4xwe/X2pf+Eg0f7E14NTtTbqAS6yg4yM9u/tXG3OoTwzsfLvL+UsY2khNsVCse2EPX0yenNX4GWTQ7yVrqcQQxhhAHh3EAEclApA/Lp1otpcfWxtyeLNAjVi2r2Y2sqn96Dy3Tp/kd60Jb21ggWea7hS3ccSvIAp9MHpXm62dtDtk2xoqshzFeK7DsMATHJ5rs9W3W+mvHaytNdbkT5suwOPlOwcZ9uARnNNpJCWpOviXQmjRhq1nsd9qHzh1549uh61Zm1Swt4Fne7jMDoXDK24FR1IxniuOa7upLPT0W205YWLSSszbGizlSxKrhBuOAR/jU2sQ3IvHhubdSjWBDGB2YyHIBJwOFGc4A68kUNAdND4g0u5lEKXJVihceZE8Y2jknLADimHxLoKCVjq9l+6++fPU9s8c8/hXG6LFNaa/asmlzSMYWKEIFBU4HaNQeo5JxSP/aJuFW6juCQW+2mGW18pc8KGO3A7D5s9KbigT7neLrOmuqtHewSBshTG4fJAyQMZ5xzjrVaLxNpUz7I55mYNsIFtLwfQ/LxWI73sNhpzao6W588o3miKSOTKsVchQOeAOCM/jXPWKr5lnLB9jhLXSyJLHFD5uSehUSbsc9OuKSir2BvQ7yfxRo9tO8Mt0wdHKECGRhuHUZC4OKfD4i0u4gnliuGZYIxI4MTKdpzggEDOccYrEsra5v7y5iWJljt7m6czNwrOwKBR+ZJ9KzruC5lae2uYWtLiO0tkjIdpCSrv8yiMgk9cAkc9aVths6mbxNpVtI8VxPJFJGAZFaBzsz0yQMfrVu41SytmkWWb541DsiqWYKehwASRXn1zdfZGuAJHjtphHbRhFEbeenzbyrbsICcMTnGOtb2o3k2nakQb1p7ltNZ4j5SnawxlgQvAPU5OKdhXNu18Q6beXAt4JpWk3bcG3kGD1wSVwPxq811CtyLYuPOKGQJjnaDgn9axNOj1CS91OSK4i8oyjMLxkFmMSc7weB+FYV1pl7Drqea0EJ+yO29tVuQFG4c7jyPp0pW2/roB3Nvcw3cCzW8iyRt0ZTWe/iPS0leMzSsyMUbZbyMARwRkLiqfhm8UaQ6y+S0scrxl4H3/AGllAy4JwWJrjpLSaS7vZWspFzM8jCSFdyKSSC37tscepp21sPoeix6vYS6a+orcqLSPdvlcFQu04OQeRjFMg17SLnyxDqlm7S42KJ1y2egxnOfauF8ueHwXGWtogLe5ZvLvIN8Mokc4IAIBwD6fgKzNPu54tTtvs8iPIlykC/ayZ1j3EfMi4XaRnjnpxTUbuwm9LnrtFZTNr6sQsOmuo4DNK6k++Npx+ZqtqEepXOm3MepjTYbTyyXcM8mAOeVIXI49agZsfaoPtf2XzV8/Z5mzPO3OM/nSyXMMU8MDyBZZs+WvdsDJrz1YYZZLNoLHTp4rm2MwaDRxI6YIG0gScdfzpNXtIreJ4Xi0/MemjyvtIMUkeWc/u1O75vbPpVcornoUd3BK0ypKpMLbZP8AZOM/yqg3iXQ1MgOr2WY13N+/Xgc+/PTtWHNpEenXdi32WGSVr1Sl1gebLlWJDn1469MVk3jakb5hNDcK5lYzrBLbbY4edof5eMAj72e9JIL6XO4i1rTJ0R4b+3kV2CgpIG+YjIHHQnHSqy+KNJZ2RZ5iynDAWspIPv8ALWJuvIdItmv9sEK3aAO5hdJYmb5d20Y+UY5GK51RGfMni+xJuuhIJlihWUEOOi+ZuA46dcGmo3dgb0PSjquniV4mvrZZUXc6NKoZR1yRnIqJNd0yQStHdpJHCu95EBZAP94DB/PiuI1aGb7RqAe3lBWaUNcmHEbF0jVQD3ye1bslxrFta6qpvLJlsoQwX7GQGyuSCN/4UtLXH1sdC9/aIJS1wgESCRyT0U9D9OKJNRs4SBLcxxEx+b+8O35fXmvPbkm7vJpVs4rmGRYTCRfSxCJW2qq7F4A3ZYfTNakonNpaQXVxNdyi1ljeOKTLCZSo+VwN+eeeT9KdhXOmg17SLqZoYNTtJJA23Ysykk4zxzz+FQp4m0qRQySzup5DLaykH6HbXGaG9m+oPHFFqYmidHJG9ncgfOHG8q38IyOKusLyO9upIdNvzDI4Maq9xAEUKAF2px2/WiwXOsi1zTpoJJluCFjcIweNlYMeQNpAJ/KpJdW0+HPmXcQwgf72cgkgY9eQRgc1xWoI11pkKDT1Nx/aDRMMtcO2Iyc5kVmB4HbjFVNNtBLiFba5iukt3BaLZGqKZGBDbk+Tpn5QCfSiwf1+J6PNdQW8aPNIEV2CKSOpPQVNXI39hYXt1plnbzXLzOY5XWG7k2RxKv3sZwueMcAmrsFrFa67eW/2q5FqLRGcS3cjbSWPILNxwO1KwXNp720iuUtpLqFLhxlImkAZvoOpoF7am7NoLmE3IG4wiQbwPXb1rmNSk0y41WTTbeS2jmaaOW8uJJQGTGCqrk5LEAdOB171WheApbwZUaoNWZpFJHmBctuY99uzv06UJA2dhFe2k88kEN1DJNH9+NJAWX6gcilgvLW6aRbe5hmMZ2uI3DbT6HHSuT0+TSr69SSxMKafZxSpEkUgM1zkYYgA7towcdyears9v9tYaXK00Mth5aLYx5e3TIwrDPLHkZOCMHiiwztLa6gvIFnt5BJE33WHQ9qhvtW07TFzfX1vb5GQJJACRnHA6mvPRYst1YK+kpE2x8xDRsjoOvz/ADY9a1L6Uw21tDsnWLy9v2OGCCEltx5Ebhjzxjt707CudVBr2kXVz9ng1O0kmyAEWZSST6c8/hWhXBaNfzXF9buzXVpLJIPMFw1thwMgDhAT6cHNd7SasCYUUUUhhRRRQBHD/q/xqSo4f9X+NSUAFFFBIAyelAGddaBpN7K0tzYQSu33iy9frSwaHpdrHJHDYwokgAdQvDYORUDeKtBSZoW1a0Dqu4jzB0+vr7VPaa5pV/D5trqFvKm0MSHHAIyMjtT1AlGl2Cxyxizh2ykmQFAdxPrSxadZQW728drEsUgw6beG4xz606W+toY5XeZAsShnwclQehwKkWeJ5PLWRS4UMVzyAehxSArHR9OMrSmyhLtF5JJX+DGNv0qxPbQ3Nu1vNGrwsMMh6EVDHqVpLBBMk2Y55PLjO0/M3PH6Go7zW9M0+5S3vL6CCZ1LKjtg4HegBU0fT44o4o7WNIo1ZVRRgAN9786gXwzoqNuXTbcNnJO3qasWWr2GpANZ3KTKY/MDLnG3OOv4dKqP4q0GOR0bVrQMi7mHmDpz+vB4p6gTNoWn/YktIoTbxJJ5q/Z3MZDeuRz3qK38OWVvOkwlvHKSeaFkundd/wDeIJwTU8Gu6Tc24uIdRtniP8XmDjjOD6HFNbX9LV5VF2riFS0rIpZY8dmYDAPseTRqhaMsXem2V9JFJdW0czRHMZcZ2n/Iq1UDXluls9wZV8pE3sRzgYznFZn/AAlekiISmS4EeM7zaS4x6520a7DLt1pGn31wk91aRTSpjazjOMc1dpAwKbs/LjOapJrGnulu63Sbbk4iPPzcZ/Dp3peQeZMLC0WOaNbeNUm/1igYDcYrPPhXQT10q2OeuUqa817T7C4SGeSUO6llKQO6kDryoI470y38RaddTQxRvOGn/wBUXtpEV+C3BKgdATT1AntNH06wk8y1s4onGcMq8jPWnPpWnyvI8ljbs8hBdjGCWI6Gq/8AwkFn/wA8r/8A8AJv/iKm07WLHVrV7mzn3wo5jZmRkww6j5gKNQJV0+zW7N0LWIXBOTJtG7PA6/gKLjT7S6cySwIzldpfHJGQcZ9MikttRs7tpFguEdopDG4zghh2ol1C3iM6kyM0AUyLHGzkZ6YAHP4UgEfSrCWHyXs4GjyTtKDucn8zR/ZVgLh7j7HB5sihHbYOQOgqvb6/p11cy26SSpLFH5rrLA8e1fU7gKnGq2LQW0wuF8u5IER5+bIz+HHrT1AQ6Tp5nknazhaWTh2Zc5/OhdI09UgQWcO2A5iBXOzkHj8QD+FLeana2Ii81pGMxIjWKJpC2Bk8KCelR2+tWdzdpar9oSZ1LIs1tJHuAxnBZQD1FGoEj6Tp8moLfvaRG7XGJSvzelSW1haWcLRW9tFFG2dyogAOeufXrVS48Q6RaeZ9o1CGPyyQ25scjrj1/ClbxBo625nOpWvlA7dwkB564+vtS6ASRaRYQOHhtUjIk835RgbsEZ/WrcsUc0ZjlRXQ9VYZBqg3iDSYwnnX8MDMoYJO3lvg+qtgikvNfsLAv9oNyEQBmkW1kZMeu4KR+tOzAnuNKsLu2it57WOSGL7iMOFqmPCmgggjSrYEdMJirlnqdvfOyxJcqVGSZbaSMfmwGaSDVrC5aNYrlCZI/NQHIymcZ596NQFg0qwtUmWG0iRZhtkAX74xjBqaC1gtQwghSMMQTtGM4GP5AU4zwgZMseP94VFa39rewpNbzo6P905xnnHQ0gGrpdggwtlbgEkn90OpOT2pF0qwSWKVbOEPCuyM7R8g9B6VVufE+iWj7JtTtg+/yyqvuIbOOQOnue1XLPUbLUAxs7uG4CfeMThsflT13Aellax7SlvECucEIMjPXmqB8M6KSSdOgyeTxV2HUbK4upLaG7gknj+/GkgLL9RSQalY3TyrBeQStD/rAkgOz6+lICCHQtMtxiG0jjG8OQvGSOlP/sbTd0DfYoc25LRfL9wnuPeprO/s9QRns7qG4VThjE4YA/hSSX9pFazXLXEfkwEiRwchSOoOO/tT1ARtNsXnaZrSEyMcsxQZJ9frzTJdH06ayWzks4Wt1bcIyvAPr9asLcwMoYTJgjI+YVQuPEmi2tyLafU7WOYkrtMgyCOefT8aQFifS7G5tY7Wa1jeCIAJGR8qgDHT6VPNbQ3Fs9vLGrwuu1kI4I9Kp2Wv6TqLlLPULeZxuyquM8dTj096hk8TaXHIE86V2KB/3dvI/wApJAPC9Dg09QHSeGtFlUK+mWxUDAGzj16VOujacli1ktpGLZzuaPHBNV28S6WscDiaV1nj82Py4JGJXOMkBeOfWli8R6dLNHEHnVpG2qXtpFGfqVwKNRaF+1tYLK3W3toUihT7qIMAVVudC0u8uWuLixhkmbG5yOTioX8T6GhQHVbU722grIGGffHT6mnSeItJSAzLexyoHEf7jMp3HoMLk9qNdxk9rpOn2W77NZwxliGJC8kjpzUkGnWVtAYIbSFIj1QIMH6+tV4NcsLhkVZXQu+xRLE0ZJwT/EB2FWri9trWGSWedESNSzEnoPpRqA2fTrO5WNZrWKRYyCgZBgY6cUh02yNylx9liEyKVVwoBAPBFPe8t44WlMgZVXcdnzHH0HNU38RaREqNJfworuY1ZzgFgMnk/wA6QFmPTbKK1W2jtIUgVgwjVAACDkHHrkU6extLpw9xbQysFKgyIGwD1HNRf2vp5jgkF3E0c5IidWyrEdgRxSW+s6fdPCkF1G7zKWRR1wODkdueOaeoAdH05rqK5NnEZogFjcryoHAxRdaPp17GkdzZwyJHnapXgZ68U+91Oy07Z9rnWMucKDkn68dvfoKtAhlDKQQeQR3pAZ8GgaTbRvHDp8CI4AZQvBAORx9aLnQdKvLgz3FhBJKQAWK8kDpTT4i0YXRtjqdqJgcFDIOucY+vt1qebVLOCK5kkm+S2x5pVSdpPbgcn2FPXcPIsvFHLC0ToDGw2lexHpVKDQ9LtopoobKFEmXbIAPvD0NVX8T6ai72kuET+81rIAB7nbxVmfVrW2m2Mt0xABJjtZHBBHGCFIP4UWYEsVhY2tuYIbSFITgFAgwcevrUUejaakwZbCAMobaSgOAxycfjUdprlhe372MTy/adnmGKWB4yF9fmAqVtStFXcZicM6DahOSoy2MDnFAhv9kab8g+wwfuW3qQg4NKmj6dCFZLKAbHLj5c8nqfrSz6rZ28VvMXd45+IvJjaUvxngKCelRw6zYyXMVvi6SWUlY/OtZYwxAzgFlA6A0agT/2XZm4acWsPmOQSwXk46Gon0DSpI1jawgKIWZRt6E9fzqcalZFrpRcJm1/13+xxn+VOOoWq2RvDMPIChywB4B9utIY2LS7CC5S4itIUmSMRq6qAQo6AVbqgda01Q+buP5Cueeu7pj1z7UXOr2tpMIpFuWYruHlW0kgI+qqRT1AvHGDnp3zWVceHdGupzNNpttJI/V2XrjpUtpq1peXP2dDOspUuFmt3jyB1xuAz1FSz39naqvnzooZwi85yT0HFGwDraxtbC1aC2gSKI5JRRwSaEtLeLaEgiV0XCEIMgegNQjVLBooJFnHlztsTAPLdSCO2MHOeneoU8RaI90LdNTtTLgHAkHOTjr65HSgRd+zW5SNBDHtVw6qFAAb1x6057S3lEqywRssow+VHzD0PrVT+3tK8+SNbyNjECZXXJSPH95hwp9iafHrelzQTzxX9vLHAu6UxyBto98UDJG0vT3Qq1lblT28pf8ACpLiztrqGSGeFHjkADqR97HrTJNRs4ZII5bhEefiMMcZOM49uKlmuYbe3e4mlVIUG5nJ4ApPzBEVtptlaQvDb2sMcb/eVUGD9aWPT7SIJstox5aGNfl6Keo+lLbXtteWa3cEoaBhu3njA75z0/GqLeKNCSSOM6rabpM7cSAjj37U9QLCaNpsbzullCrTrslIXG4en0qxDZ20Ft9nigjSHGNgUYP1FV21rS0t0uG1C1ELsUWQyjDEdgfWo11/TJXCW90ty2cEWymXb7ttB2j3NGoEsOkadbhRFZwqFk80Db0fpke9Kuk6cioqWNsoQgriIDBHQirlQ3V3BZQ+bcyCOPIUu3QE9M+lIDPbwzozzSzSWEbySuZHZskknrU9jounabcSzWdssLyqEfaTggZxx+JqGbxFYW8whkF2HLFVAs5SGI9CF5/Crj39vFp5vpWeO3C7yXjZSB7qRkflT1sAkWmWMLM0dpCrMuxiEHK+n05qOXRtNmsls5LKFrZBhYyvAHpUzX1tHcGB5lSUR+ZtbjK9yPXFZr+LvDyGQNq9r+7xuw+evTHr+FAE9v4d0e0nWe30+COVTuDKuCD61dktLeaXzJII3fYU3MoPy5zj6cVQn8S6LbQRTS6lbiKVtiMH3An8P1Paol8XaA8kca6pAWkcxqMnqOufQe54NGrFoaTWVsxh/dKBDnYAMBcjB4ptvp1laQmKC1hjjIwVCDke/rTdQ1bT9Kj8y/vIbdSCR5jYJA64Heqg8U6CZliGrWm9l3AeaOn1/pRqxlsaVp6pIgs4dkjB3XYMFh0OKc2mWDFSbK3yjBlPljgg5BH41VuvEOmWUbSTXDbUco5SJ32MOxwDjqOvWgeIdONvLOWuFiixuZraRepwAMryc9hRqBqVFPbw3UflzxLImQdrDIyORWSPFeklyge6LglSos5s5AyR93sDVltdsRHHKrSPE8H2jekZIVOxI689hjNIBJ/Duj3Nw082nW7St1fZgmpF0PS1i8oafblNuzDRg8Zzjn6mmWmvWF9IyQvNuWLzsSW8iZT1G4DP4UybxFpsEKztJM8BTeJYreR0x/vKpFPXYCwdI09rxrxrSI3DAgyEc4Ix/KpraytbSDyLeCOOLuqrwfr602zvYr6NnhWZQpwfNheM/kwGaYuqWTQwzeeBFM5jRyCAWBIxk9OQetGuwDY9H02LdssoAGkEhGwY3Doce1O/sjTthT7BbbSdx/dDrnOfzq5UVxcwWkDT3EqRRL953bAH40rgEttDO0bSxI5ibem4Z2t6j3pGtLdxMGhQ+cMS5H3x059ay18XeH2241e1+Zyg+fuP89elTXPiTRbTy/P1O1TzNu394DnPQ/T3p2YFg6Tp5tpbb7HD5Mx3SJsGGPvUL+H9IkgihfTrdo4gRGpT7uTk4/GktvEWjXlybe31K2kmDbdiyDJOM8ev4VZttSsbxpVtryCYxf6wRyBtv1x06UagB02yIhH2SH9yQY8IBsPtT7uzt76AwXUSyxEglW6cVFFqunT20lzDfW8kEX35FkBVfqe1KNUsGsTei9tzajrN5g2D8elIBI9KsIrZLeO0iWKMkqgXgEggn8QT+dQP4d0eSOKN9OtykQ2oNnQZzj86syalZR2K3rXMZtmxtlU7gcnAxjrzU3nw/wDPWP8A76FPUCOOwtIkmSO3jRZs+YFXG/jHNQQ6Lp1tbTW8FpHFHMMSBBjd9TVg3lsASbiIAEA/OOCTgfrSG9tg04aZV8ggSFuApIyOTSAU2NozBmtoSw6EoCfzp/kReaZfKTzCMF9oyR6ZprXUK3UdqX/fSI0irg8qCATn8R+dR/2jZixa9a4RbZM7pG4AwcHr70ASR2drFJ5kdtCj/wB5UAP506OCKEsY4kQscsVUDJ96zI/FOhzECLUoJGMfm7UJJ2/T8enWrGoa1pulKGv72G3yMgSNgkew609QLjQxvKkrIpkTIViOVz1xR5Ufm+b5a+Zjbuxzj0zWbD4l0Se6+zRapavNxhRIOc9MevSpZtc0uCPe99BgnaArhizegA5J9hSsBaW0tkjjjWCMJGcoNowp9R6VNVSDU7O5keOOYCRFVnRwVK7uRkHGD7VboAKKKKACiiigCOH/AFf41JUcP+r/ABqSgApGOFJHUClooA4SLUNTimvTmDzBEDCLhCNysSAqj7x+YHG7selamhWJv9OKaiLeQKQGiidx5cgG1gRxt+g47ityLStPguDcRWVuk5JYyLGAxJ6nNTrbwpO86xIsrgBnC8sB0yadxHB66Gk1e4VrmdB532VApbasflK5GEUscn1p2meeqXBdLy4e6ilzCzsDIyuqowJCuowe/QV3aQxRu7pGiu53OwGCxxjJ/AVFFY2kFzLcxW0STy/6yRUAZ/qe9F9LDZwei2F7F4f05BJHBNJeDbcI7SDI35yjHA6duuaTxncap5doLpI4njAy1vvJ3FwMhgOAR2613UemWcUEECQgRwSeZGu4/K3PP6mm3ekadfyCS7sbedwMBpYwxx+NO93cVjhbSNmubWfcYp42t7fMTuigF2wu0kDOwDOR396uypqn9qGyjN5czFT5zC+iBCDpuHl/LkngH3rq4tE0qGRJItOtUeMkoyxKCpPpxT/7J0/7GbT7Db/ZicmLyxtJznpRcLGVodmt7Yu141xKiyFFhndWEZX5TtKgZBrAazuZ9euyzXV1DLLEn2O4xsYcnc+F+6MEgHrx1rvIIIbWBIYIkiiQYVEXAA9hTJbO2nWVZbeJ1mAEgZQd4HQH1pX1uFtLHHaZp5lhlMFpFBPcWY2zxQApKgJ3IVGAGJI78jHoaoNYvBpu+80vykSPMu3R4cIAOcHfnj1r0SGGK3hSGGNY4kG1UQYCj0AqrPo+m3N19pnsLaWfg+Y8QLcdOadxmfqKzy+Gbm1GoL9q+zF2cIFYJj+7njjjNcbqkFre3mmT2ujtKkZCRvHbptuHC5bJJGem3njqe1ektawPK8rRhndPLbPOV9MfjSm3gPlZhj/dHMfyj5O3HpSTs7itpY4nUpLO6udNNhJPAogmVrWBQqwEqR84xhOcg5I6VHosyvdrLIGSO2uLcq4+YTAxGEFfbdzn0rupraC4jaOaGORGwWVlBBxzzUcmnWUt1HdSWkD3EQxHK0YLKPY9qaYWM3xKongsLRpHWK5vEjlVHKl0wxK5HODgZqr4stbePw9Bax/Z7aAXESjfhY0Ge/GAK2zptib4XptIDdDpMYxv9OvWpZ7aC5CieGOUIwdQ6g4I6HnvUjPMbazaW/tY4Uga488PEiJt81FOd6sUUbfoa2UiI8ZTW1tcPZ3ju8rTF2ljZdoCpgtjd95sHkY44rs7mztryDybm3imi/uSIGH5GkWws1tmtltYRA2d0YQbTnrkVXMKxxTWt2mg6vPcX0EsbXREiy24UORIoyzZ+77elSaTpUF7d3VzHDpVykU6qYIQGttpUZKjGA/v+FdjHY2kVoLRLaFbYdIgg29c9OnWmT6XYXMbRzWVvIjMGZWjBBI4BPvSuFjhZ7iBNNsoi1lHHBHJcxCW4eAtlmG1NhGeKntrqC31+J4UtvMWf7IsL3sjS4dQS21iR2Fdr/Z9nsCfZINoTywPLGAv936e1KLCzDBhawhg4fPljO71+tNP+v68gaPNbmK6vV8lmZnid4mtLaXEYAboF4zwCTk5PJqW4tryHw9f2iXly0yuu7FyHVAMZ3cHH0Hf6V6FNpdhcQmGayt5Iy/mFGjBG71+vvT47CzitPssdrCtvjHlBAF656fWi+lh9bnIJeQ2lrq8OoXKw3T2yDZdToXY4boeMj04rZ1s48F3HP8Ay6j+QrYeztpC5e3iYuAGLIDuA7Gqcvh7RppGeXS7N2bli0KnP6UriStYXWop7jQrqK2uPIkaIjzAMlRjnHviuP1DSYkt9CmWE3NxNgZNukxCCLhQrEDA69epzXZW+i6XaSGS30+1icqVLJEAcHqKtfZoP3X7mP8Ac/6v5R8nGOPTihOwHFXdpby28FlPBb25MfJGnR+cu59oGMlUBJ469DT7C103SrqySKKyjfK70ls8GE5xkP1UkjjJIz36V2U9tBdQvDcQxyxuMMjqCCPcVDbaXp9ksi21lbwrJ98JGBu+vrRcLHnF5EkItb91a2WUTMlxJdbUkBctjGRg4546113hqytbTQ7QzxS2zuwIWe4JLHnBxnHI5xWzDpen28zSw2VvHI4AZljAJA6CmRaPp1ucwWUMXziQ+WgXLDoTjr1p30sD1dzl4Liw1SUx6VLbRW9nDMlpEko82aQqQxAzkKOevJPPao47jSpYNO8xozaWumyLfgH7i4X5XxzncDx16124ijVtyxoG9QozS+WnzfIvzdeOtK/9ff8A5jOQt76S6S91Ow8uS4nSOGO2tJEd4Ysn52GcbuTx24HrWZbxTS+H7u0tNOvWCahIRC8SMG5H3wW5x1I7mvQljRCSiKueuBinAAdBincVjzWHT5P7WuR/ZjHEcZK/2RBxy3bfx/n0rVa+votbGPKhgCu0ZuUKRoygZHPP3TzjC5HGa7IRRrK0oRRIwAZgOSB05/E1XfStPlu/tUllbvccfvWjBbjpzRcLHJ2H9p3NjqBmSyMxjYtbszqCCxZGZfTH59DWNcW0k6wzi0kmm+xI7FgrFxgksAc4GSegFelvbQSTCV4Y2kClQ5UEgHqM+lRT6ZY3NstvPZwSQqAFjeMFQB04pXGcJarF5FjDdRC1QWIVFltDcDG/I+Xnt34pmhqkAtoSiCT7QhH+gGAkZbq2Bntx6V3NzommXk0ctzYwyvHH5ab1yFX0A6UxfD+kRzRzR6dbRyRMHR0QKQfqKfN/XzFb+vkef3El3NdJe28AMAcRvDHLKkOGIUHKtgYOOBn6CtO7a0XQ4YZxEtytwTcwupJQhGO07iSw9CetdrLp1lPPFPLaQPLD/q3aMEp9PSpZbW3nZWlgjkZehZQcUr6WH1uecGxg8lrK4trKSWyjklZktlQhfJH3sd9zcH2q3eWEepk2dpDaiVofL3SWcbF2RFLfOec/NjPY12X9h6UYzH/ZtpsLbyvkrgtyc9Pc/nU13p1lfIqXdpDOqnKiRAwB/GnzCSOXsbeO0lnWKINOItoks9PjjkifgsmRxuwR14/KsP7QtrqrwRJqEG6Zne6VQZVJI/dFixTnnrz046V6GmmWMdk1klnAtq2d0IjAU/UVIlnbR232ZLeJYAMeWEAXH0ovrcLaWOYvNKW+tYFg8PuFRNivNLGkiAEnGGDDnrmsvw9pFxNcteSaTG9sZQsGZYg0JRsF8qgJOR0zjiu3TTLFLI2SWcC2p6whBsPfp0qaC3htYFggiSKJBhURQAB7Ci9gscDfx3dtqJFkboSSXKwTMb5CzggnkMhKg9fTrXReHFhttP3mWSOOR9kaSXIkUn/ZOB19BxxxVw+GtDLFjpFiSepMC/4VNBo2m2qhbeyghUOr4iQKNw6Hj0ovpYHueZPbH+03t2ExY3Bn8z9993djrjOccZx+NdRDb/atI1GMRs1kwCf6MdwUBssEz98jqWPU5A6V2DQxO5do1LFdhJHJX0+lQT6dZXNsltPaQyQJjbGyAquOmBSvpYfW5w0+k6dPbm32XBDGVE8pIy5KkAYGwdc89MV2szNDpcsgJRo4D3zghahXw5oincuk2QPqIFB/lVifStPubeOCeyt5YYv9Wjxgqv0FDd1YS3uZmj6etv4aWSzby7q5gEr3Mnzuzlc7mJ69enSuUu7SC4s7GSGSbzraJHuZEndeXdVA4OASCxOK9JCKqBFUBQMAAcAVW+wWK28lt9lgEMvLx+WNrfUd6L63BLQ5DW49NtbBbWxt79EtLogGDLjzGAyuS4PO7sfWqkNtPHrFtEY9WEwBlVjACVGQpxulIHDYziu3h02xtzELeyt4/IyY9sYGwnrj0zU5jQyi42L5ijaGxyB3Gaadgep5/Z2EF/f29sX02N2acsIMececgSjuvqO9ao02Jr27t10ezdljhMkEW2NA3zfN0wfYEV0/2G2GMW0IxnDBBwD1/Oi0sbSxh22trFCrHJWJAoJ/ClcDhE0e6fXhCmmq0cCCSdJZoWMgbIVc+XwODnv0ro7lYPs1tYppNz9ohjGxbdtotzjgebxxx2z05FbNtYWtp5ht7aKFpTukMagFj7+tWGVXUqwBUjBB7ihsLanLSXE8erRy34SIwafK5USbioyoyxwAScHpXKyfZdPtIkmTTrtbaCGd40tUEgfcAYyRnJxknPPGa9Hg0jTbWOSO3sLaJJMb1SIANjpn1qdrS2aZZmgiMq52uUGRnrzQnb+vUDgrhIUe0iLRZV2F1FDIsaOX2ttRApLgAqCRzgYPWqltDMNeimWSRLl2RTHvG9ELnDmLdnHU46Adq9Fh0+zt4DDBawxxHOURABz1496jGj6aLYW4sLYQq24R+UMA+uKadgscJOl6l/rM00t2bUrGT5sq/KOxcYHHXGOnGa0NbuP7Qvp5NJuoJ/LSFnKPG0YAYn5yTgAdfyrsntLeTzN8ETeaAJMoDvA6Z9aZJp1lK4eS0gZlIIJjGQR0pX28gtucDefPOZoLazuxK6o87pDcMzlc8tjngdB0qa5Ta+lwR6ja2UAt/OhVrgRxKQQMDAIY5JPt26V3B0+za6juTawmeMYSTYNyj2PapGtbdpBI0EZcLtDFRkDrincLHHaF9oOuXUMOsQzFoPOkkhlEyZyV5GAAeAc9649rqe9uZ542lkaCRxayIspWfjkgZ578AivXzZ2pZ2NvFudPLY7Bkr6H2pq6dZJcpcraQrOibEkCDcq+gPpRcZxDs95o2mmKVriVEnlRNjKy4Tbj5WJPzHrnvVW0tLeDVsxai08sl3DG8eXUSAgbthD87e/XBHNd9LpOnTqyy2Ns6t94NGDnnP8APmpXsrWSAQPbxNCOAhQYH4Uc2txW0sR2mqWV9PPBbTrJJAcSKARj8+v1FU/EzeVoVxP57wiLDHaAQwyBggg5Bz0rQhs7W2lllgt4o5JTukZEALn1PrU5AIwRkVIzkZbm51C9gFvcm3IvcQl4gTGptwcbTjuT19ai8W6XfS6Zd3EjW0iJBjeZZUY+p2qdvWt8+G9EZix0myLE5JMC5J/Krq2VqtmLRbeIWwXb5W0bcemKdw6nF24ksNVkt/ttjukgcHyrh5GtCqn5/wB4SFzkDnHSqUt/eeeqiHUp45c75luo2DbRnPEXzY9Rn2r0XyowSdi5bg8daDDEXRzGhaPIQ45XPXHpTuKxxF/sn8Nedc38lxm4EQR7uNkQkjh2XaOPfpms/TLeFNXtF+0wBpJSoa0vFZwTyTgMeMjng16K9tBIoV4Y2UMHAKgjd6/Wg2tuWVjBGWQ7lOwZB9RQpWBq6Of8QNMtiF0+SMW3nE3cpu1XjoUywYckjisPTDrQvY3Rbnz/ADTIIrq9jzJAewGzOOnTGPQV3UllayzxzSW8Tyx52OyAlc9cGi6srW+QJd20U6g5AkQMAfxpJ2G9TgtceIzT2k91DLKt6oxcpESo2Kw3OwAAzkDuaZafJZao8ckDL5tuzw2oiKE71A2lOAeOhrvzY2hbcbaEnfvyUH3sYz9ccUy50uxu4JYZ7WJo5dvmLtxvwcjOOtNOyE9TB+w6jEiagtqjTPNNNJbmYKUDqAPmwQSABmueWFIrS2vdjuP7PjTy1gZg0hTC5YnGeQBtBI5rtj4a0Mgg6TZYP/TFf8Ktpp9pHZw2gt0MEKhY0YbgoAwOvtSuM43w68k+q/Ym1CVZbW18iaSOQbJ8cKY8jquTuI6GmLqUl14eeFZnK/YrjezRhd7hwN3QZ69Rwa7f7DabYF+zRYgOYhsH7s9OPSq1zoek3kxmudNtJpSMF5IVJI+pFO+okrFG90vUrq1iie5t7oqxYu5kh+gHlt/OuQs4ZNOsbK4Mtgzeaw+yNcSs04MhXGwsQcHnp2r0Sz0+z09GSztYbdWOWESBQT+FSR20ESqscMaBc7QqgYzzQnYLaD0kSQHY6ttO07TnBHUVna/I0WlOyXZtmDLhxKsZPP3QzAgZ+lXIrK3guprmKIJLNjzCvG7HQkdM+9TMqsMMoI9CKkZ5wl/efaChg1KKIfvFme6jUAnI3H91le/JA75q/JeXwurDbcrcwtsVpnwyM+CVJcDBIOc7B06kV23kxeY0nlrvYbS2OSPSq0+lafdSrLPY28rqu1WeMEgegqriscxp093dajdS38likB3udjOvmw7QpYdmGR16jjnBFVJJrbWNOvLjTngWGKyMFpaQSAyvFkFmZQcgYGAP8a7mS2glMZkhjYxHKZUHaenHpTlijQ5WNVPqBilcZxt5qOijUZ9QZoptNitoQfLYbWmDkxr6ZHv071Pby6eLR769uLVpLi7Eu+FxJFaSbcLuIOOAOSe9dX5Ue3b5a7c5xjigRRhSojUKeoA4NFxWOB8m4udMSK3tpr2JLyRhKkCSQzZYEybWYDu2AOM81Bp1k66ndk6Y7hJkJUaTDx8o/wBv5fw+tejgBQAAAB0ApqRRxu7oiqznLkDBY9OaalYGrnO67YQQWkMVuHgF7cpFPsbJZTuJHzZA59q5OETXCRy/abtgYmn3BpP3bInyFi6bW6Afyr06SGKbZ5kavsYMu4ZwR3HvUV1Y2l9Gsd1bRTojblWRAwB9eaSdhvU4t7a6u/Gdpcpa5jFuSfNuJEMpBTcy4OAORxjBwfarlm+r2uh3UkDwTW7iYx+YhBhbecAgA71P5iuqNpA13HdGMedGhjVs9FJBIx+Api6faCzaz8hGt2JJjYbgcnJ6+9DelgR5XpqySxX1vICY3fyAGMgYfMu1VPYDJOK6ORJ4NJeUXNwbSOeeLy/tSqOJCF5dWLHjAFdQvh7RkJK6VZgn0hX/AAqeLStPgeJorK3RoVKxlYwNgJyQPSm5Cscvp8epPfWX2s39rJcjcSbmOTIUbtrDYDjHHXjNT+KNPEVjDBYSXFoZJ4y0kWCq/OoBbIOTkjAroodNsbe6kuobSCO4kzvlVAGbPqankijmTZIiuuQcMMjIOQfzpN6oEcBJp4mR1uNMS63pI8hlTM86qygvkrkE87R6V38JRoIzGCEKjaCMEDFRpZWsd3JdpbxLcyDa8oUbmHoTU9F9A6hRRRSGFFFFAEcP+r/GpKjh/wBX+NSUAFFFIQSCAcH1oAx7jxPp1tdzWrGdpYTtfZCzAHGeuKu6dqdtqtu09qXKK5Rt6FSCO2D9a5S70q+i1O6aeF543KlZ0s7UlzjnJcg8dOlafhp4oYbhjO0UXnmIwywRRDzOMkbODnjvVJKwnudJWVeeJdHsLpba6vo45i2zac8HGefyrVrkNQvb6DxIAJ44rcswUzKVjDqhIbGdx+XIJGB93rzUrcfQ27HxHpGpTNDaX0ckgZl28jkdetRT+KdLgkSMvM7OpdfLhZgVzjOcdM1iab/ad414LiWyM8iOywOsiCSNj8rEbsEfhntmsRraW6Syk+zl7hrXdvyo8znJIBkGADwBjiqshHeL4h0r+z4b57xIoJiQhl+UkgkHg89qnudW0+zMP2i8hj87mPc4+Yeo9ua4ux1ODT9EsEe2t7XUbiJ0t3uGwkcTEMzFixyMnpwTjoKs5sNLW6ikmWW3n0xIrSUnInxuyq+pyQcD1FDVgWp1cuq2EN6lnJeQrcvjbGW5OelTyXMEU0UMkqLLMSI0J5bAycCuLF1Yu0WiyTW1rKvkPqE0rgPJIoUhVz1bgZPb61JdveHxfp1zcabdB/PljiYFCojCHGPm79TnHaiwXOp/tWx+1zWxuolmhxvVmAxkZHX2qO71qws7cTNN5ilwgEA8w7j0GFz6Vw2q6deJaXckthdBTKpV5La2dnyRksxYnJOeOmMCtC4hNnaQC4tZ4EN5GS8lrCuRhuAsRO76EUW0C+puHxZpoBJS7wBni2c8flU8/iXR7YOJL1N6AFkUFmGRkDAGc4I4riEWG3v711Z2hdCFc6WI8nyyM52DaM8dql1kXN9KtvbKiyQohVosqSdoOHIbGD0ySvHrRZBc7NfEmkOrFL6NisbSFBndtAycDrUMfirS5I3kLzRxqm8vJCyjH41zNnMiaNeSXkUVtNc2m63RAxVlI6hmJO7JwRxxg1TEEG2S3C2rx3+9YoxboGUh0UMDjOMbjz6UWV7BfS56Kb6zVVY3UADcgmQc1Fb6vp90geK8hILFQC4BJBx0+orjCLUW3lxRRIBcSuXW3jdVQyhBjcCAMknj0qfTtNTTbiCKYxXMqSF3iitITlC3+sBC5AyRxnI/ChJAdLL4h02BZTNM8fkrucPGwI+bb0xzzTl8QaU9rNcx3sTxQY8wqfu59a4vWXaDUjKlnfXFzIgV2k2SOihiTIuyT5cdsgCtqzhS+0kJDpsl8xKyNcX9xHmQ7SA4Kb+QOnAFFtLje9jXPiXRwXH2+HcrqmAwyxbkY9R7+xq7dX1tZWxuJ5VWPseu70AHc+wrgrfR7ufXGihsYHgtFBnhe8VxKWBwCfK6fkata9ALM7oFEF3FaM8WNRK+VtXlUUoQQPwJoaQdTtLS8gvrdZ7dw6N+BB9COx9qnrkfDMQkv2lkd/tCxq0ri/Mu8kdGXaB059RxXXUmrCTuFFFFIYUUUUAFFFFABRRRQAUUUUAFFFFABRRRQAUUUUAFFFFABRRRQAUUUUAFFFFABRRRQAUUUUAFFFFABRRRQAUhYAgetLSEZB9aAEO4AnOPagfeYHvSE5C56d6XG7nGCOlADR8pOenSnLyW9DSgYpaAG7eME06iigAooooAKKKKACiiigAooooAKKKKACiiigAooooAKKKKACiiigAooooAKKKKACiiigAooooAKKKKACiiigAooooAKKKKACiiigAooooAKKKKACiiigAooooAKKKKACiiigAooooAKKKKACiiigAooooAjh/1f41JUcP+r/GpKACiiigCC5s7W9QJd20M6A5CyxhgD+NNbTrJrE2RtYRakY8kIAv5DpVmigBFUIgVegGBVeTT7Ka4+0SWdu83H7xolLcdOcZqzRQAxoYnkSR40Z0ztYqCVz1we1RyWVpNbC2ltYXgHSJowV/LpU9FADUjSONY0RVRRhVUYAHoBTqKKACiiigBrxpKhSRFdT2YZFQ3lha6hEsV5bxzxq4cJIMjI6HFWKKAM5/D+jOjK2k2OGGD/o6j+lWZbG0uLZbee2hlhXGI5EDAY6cGrFFADDDE0XlNGhjAxsKjGPpUB02wLs5srYu67WYxLlhjGDx0xVqigCAWdqLT7ILaEW2NvkhBsx6belNtdPsrEsbSzt7ct97yolTP1wKs0UAQ29pbWisttbxQhjuYRoFyfU470RWdrBNLLFbQxyy8yOiAF/qe9TUUAQW1na2YYWttDAHO5hEgXcfU4qGfSNMuZmmuNOtJZW6vJArMfxIq7RQBTt9J020mEttp9rDKOA8cKqR+IFXKKKACiiigAooooAKKKKACiiigAooooAKKKKACiiigAooooAKKKKACiiigAooooAKKKKACiiigAooooAKKKKACiiigAooooAKKKKACiiigAooooAKKKKACiiigAooooAKKKKACiiigAooooAKKKKACiiigAooooAKKKKACiiigAooooAKKKKACiiigAooooAKKKKACiiigAooooAKKKKACiiigAooooAKKKKACiiigAooooAKKKKACiiigAooooAKKKKAI4f8AV/jUlRw/6v8AGpKACiiigAopuW/uj86Mt/dH50AOopuW/uj86Mt/dH50AOopuW/uj86Mt/dH50AOopuW/uj86Mt/dH50AOopuW/uj86Mt/dH50AOopuW/uj86Mt/dH50AOopuW/uj86Mt/dH50AOopuW/uj86Mt/dH50AOopuW/uj86Mt/dH50AOopuW/uj86Mt/dH50AOopuW/uj86Mt/dH50AOopuW/uj86Mt/dH50AOopuW/uj86Mt/dH50AOopuW/uj86Mt/dH50AOopuW/uj86Mt/dH50AOopuW/uj86Mt/dH50AOopuW/uj86Mt/dH50AOopuW/uj86Mt/dH50AOopuW/uj86Mt/dH50AOopuW/uj86Mt/dH50AOopuW/uj86Mt/dH50AOopuW/uj86Mt/dH50AOopuW/uj86Mt/dH50AOopuW/uj86Mt/dH50AOopuW/uj86Mt/dH50AOopuW/uj86Mt/dH50AOopuW/uj86Mt/dH50AOopuW/uj86Mt/dH50AOopuW/uj86Mt/dH50AOopuW/uj86Mt/dH50AOopuW/uj86Mt/dH50AOopuW/uj86Mt/dH50AOopuW/uj86Mt/dH50AOopuW/uj86Mt/dH50AOopuW/uj86Mt/dH50AOopuW/uj86Mt/dH50AOopuW/uj86Mt/dH50AOopuW/uj86Mt/dH50AOopuW/uj86Mt/dH50AOopuW/uj86Mt/dH50AOopuW/uj86Mt/dH50AOopuW/uj86Mt/dH50AOopuW/uj86Mt/dH50AOopuW/uj86Mt/dH50AOopuW/uj86Mt/dH50AOopuW/uj86Mt/dH50AOopuW/uj86Mt/dH50AOopuW/uj86Mt/dH50AOopuW/uj86Mt/dH50AOopuW/uj86Mt/dH50AOopuW/uj86Mt/dH50AOopuW/uj86Mt/dH50AOopuW/uj86Mt/dH50AOopuW/uj86Mt/dH50AOopuW/uj86Mt/dH50AOopuW/uj86Mt/dH50AOopuW/uj86Mt/dH50AOopuW/uj86UE9xj8aAFooooAKKKKAI4f9X+NSVHD/AKv8akoAKKKKACiiigAooooAKKKKACiiigAooooAKKKKACiiigAooooAKKKKACiiigAooooAKKKKACiiigAooooAKKKKACiiigAooooAKKKKACiiigAooooAKKKKACiiigAooooAKKKKACiiigAooooAKKKKACiiigAooooAKKKKACiiigAooooAKKKKACiiigAooooAKKKKACiiigAooooAKKKKACiiigAooooAKKKKACiiigAooooAKKKKACiiigAooooAKKKKACiiigAooooAKKKKACiiigAooooAKKKKACiiigAooooAKKKKACiiigAooooAKKKKAI4f9X+NSVHD/q/xqSgAoopGOFJ9BQBB9utTqH2D7RH9rEfm+Tu+bZnG7Hpmkiv7Se8ns4rmJ7mAAyxKwLJnpkds18x6xfG78ZSy2eoQQTXDNEZobq6Ijbf93JXOT02gFRmt7R5NSnvzc22s6npmr3+tJZT2KlciJV4ZtwySEHXpRH3ref8Anb9Qlpc+gZ7q3tYJJ55kjijUs7s2AoHUmmWeoWeoWkV3Z3MU9vKu6OSNwVYeoNeE+OdOVPH09rDHbNBEomkt0e43zbhnMhUHjPYcVS0qzjPiuwjaysI4buRYU0wC5ijHPLI7dG7+lEfesEtD6Ck1KyivlsZLqFbp4zKsLOAxQdWx6e9Iuq6czBVv7UknAAmXn9a8Zu5taHxI1v5LeZbeMGeSHEjR2Sj/AFCq3G5+/OaxZtMtbi9sfENp4b0Ky0+0mEo0uG8RLuYDkMx6cHHy0R1t/X9f10B6XPoSa8tbdwk1zDGxGcO4Bx+NR/2pp/8Az/W3/f5f8a8p8W2ltqvxLie68ODWnXRY5FsGZQQTIecnjgGuQ0iTRrfR9T1PUvhxb3llDeOnno6IIBkARn1IJ6+9C/r77A/6+659Ho6yIHRgykZBByDS1T0mO2i0ezSzgW3thCnlwr0RcZAq5Tas7CTurhRRRSGFFFFABRRRQAUUUUAFFFFABRRRQAUUUUAFFFFABRRRQAUUUUAFFFFABRRRQAUUUUAFFFFABRRRQAUUUUAFFFFABRRRQAUUUUAFFFFABRRRQAUUUUAFFFFABRRRQAUUUUAFFFFABRRRQAUUUUAFFFFABRRRQAUUUUAFFFFABRRRQAUUUUAFFFFABRRRQAUUUUAFFFFABRRRQAUUUUAFFFFABRRRQAUUUUAFFFFABRRRQAUUUUAFFFFABRRRQAUUUUAFFFFABRRRQAUUUUAFFFFABRRRQAUUUUARw/6v8akqOH/V/jUlABSN909uKWigDwe28GeIF8X7bea8tbK2eaeO8SOEBnY5BQHJyemSOMcVes9H8XzeNbbxpJo1oJfMW2aykkxII8bTMWHG6vYDYQbiRuGewNOFnGOhb860XIrW6GT9o7+Z5hq3gu48R/EvU7y6gSKyNpEIppYBKjMOoHzDmsu08FalZ/ELSZLXRjHZWNyXkvRGkaSLjggBifwxXs3kJ6n86XyF96lcsbW6DfO73PLL3wtq8Xiq51uHwloUyCZpCyTubi4UjBwG+VWIrEi8N3cfiybVG+GbNp72yxpZfaIvkkByXznHPSvbvJX3pfKX3pJJWt0KfM9zynUdN8af8JDquu6fpUS3V3bQ2ForTL/osZGWc+pU8fjVTVPC/iW08LxeB9K0ZbmzlMclxqzTgAyFw7kr16j8q9h8tfel2D3o0/r+u4e8R26eRbRQ9fLQLn6DFS5o2ijFDd9QStoLRRRSKCiiigAooooAKKKKACiiigAoopCcDNAC0ZphcEfKfem8nnrigCQnjIGaYWymc89eKReuOooAO0jnpkCmBICDn2paZhiQemP1p9IAooooAKKKKACiiigAooooAKKKKACiiigAooooAKKKKACiiigAooooAKKKKACiiigAooooAKKKKACiiigAooooAKKKKACiiigAooooAKKKKACiiigAooooAKKKKACiiigAooooAKKKKACiiigAooooAKKKKACiiigAooooAKKKKACiiigAooooAKKKKACiiigAooooAKKKKACiiigAooooAKKKKACiiigAooooAKKKKACiiigAooooAjh/1f41JUcP+r/GpKAKGtakukaTPfNjbFt6jPVgP61zEHjs3ZIt0jJHXdGw/rWt42QyeEL5BjJ8vr/10WvMdKBs2kL/ADbsdO1AHff8Jbdf884P++W/xqlf+MNcXy/7PtrF+u/zVbjpjHzD3rB+2x/3Wp8dyjZwG4oAvf8ACZeLv+fLSvyf/wCLq5Z+LfEUit9ptdOVs8bA3/xVZHnr6Gp4JFYE4NAGz/wlOs/8+9l/3y3/AMVWvpWtXV1bu91HCrhsARg4xj6/WuV3j3qtP4007w9ILS7gunkdfMBiVSMHI7sPSgD0H+0T6L+RrlfEXjm50bUltoYrdlMYfLoxOckdmHpWH/wtHRP+fXUP+/af/F1h6xfxeKL1b6yDxxCMRkTABsgk9ifWgDof+Fn33/PC0/79v/8AFVetviHczQh2itgST0jb/wCKrz/+yZ8/fj/M/wCFOEy2P7iQFmHOV96APQ/+E+n/AOecH/ftv/iqsR+JfEN0vm2lrYNCfulwwP8A6FXmv9pQf3ZPyH+Ndbo3iO0g02NGinPuAP8AGgDoP7c8Vf8APnpv/j3/AMVR/wAJdfw/u7mG2WZfvBFYjP8A31VD/hKbHHEVxn/dX/Gq0llJqTm8iZVSXkBzgigDY/4TOf8A55wf98N/jWlD4oheFGfAYqCQEOM/nXJ/2Lcf34vzP+FasHh26aBCJYeQO5/woA2v+EntvX/xw1A1/wCJpHZ7a1sGgJJjLFsle2fm64rP/wCEbu/+esP/AH0f8K04tat7SJbeSOUtEAhKgYJH40AR/bPFv/Pnpv5t/wDFVkPrnjpXYDT9HwDxy3/xdb3/AAkVp/zzn/75H+NUzdozFgGweaAMv+3vHX/QP0f83/8Ai6sf8LN8O8fvpzj/AKYmrZuUxwGrwryz6igD2xfiZ4fkdVWWbcTgfuTWqPEtmwBBbGP7hrwCIGOVHPIUgnFdYnjbTVRQYLrIH91f/iqAPUZvEcPkOLcBptp8sMpwWxxnn1rB/wCEi8aZz9g0n/x//wCLrlbLxhp9zfW8CQ3IaSRUBKrjJOPWvRf7Nm/vJ+ZoAw38U+L7dGmuLHSxBGN8hUOSFHJx8/pXb6bdG+0u0uyADPCkpwMD5lB/rXLa1p8yaHfsWTAt5D1P901vaAD/AMI1pQ/6cov/AEAUAae4YODnFGSME4waQ4KBh2pGAxjJPoKAJKKKKACiiigAooooAKKKKACiiigAooooAKKKKACiiigAooooAKKKKACiiigAooooAKKKKACiiigAooooAKKKKACiiigAooooAKKKKACiiigAooooAKKKKACiiigAooooAKKKKACiiigAooooAKKKKACiiigAooooAKKKKACiiigAooooAKKKKACiiigAooooAKKKKACiiigAooooAKKKKACiiigAooooAKKKKACiiigAooooAjh/1f41JUcP+r/GpKAMvxFa/bdCubffs37fmxnGGB/pXBt4c8r/AJes5/6Z/wD167HxrqU2keEb6+gWNpYvL2iQErzIo5wR61wHhrxPe689yt1FboIQpXylYdc9ck+lAF3+w/8Ap4/8c/8Ar0q6R5Wf3+c/7H/160t59qp3t3JAU2hTnPUUAR/2d/01/wDHf/r1i63rX/COzRRfZ/tHmqWzv2Yx+BrT/tOb+7H+R/xrD120j1eaGS4LKY1IHlnH880AVP8AhPP+ob/5H/8Asa0tO8L/APCw4G1X7Z/Z/kt9m8ryvNzgBt2cr/fxjHasL/hHLP8A56T/APfQ/wAK09O8UXvg62aw0+K3kilczE3CszZIA7EcfLQBrH4N4/5j3/kn/wDZ1QvND/4RKcaf9o+17lEvmbNmM5GMZPp+tSf8LU1z/n10/wD79v8A/F1pWB/4TO3Op6j+6nVjCFt/lXaOe+Tn5j3oAwftv/TP9ajfTft7ef5vl54xtz0/Gus/4RKw/wCetz/30v8AhXN6xM2jai9lbgNGoBBk5PIz2xQBV/sD/p5/8h//AF66TSvCvm6fG32zHX/ll7/WuV/tu5/uRfkf8a7vw/qE0miwOVQZzxg+poAj/wCERA/5ff8AyF/9ekOo/wBln7F5Xm+Vxv3bc/hitg3smPur+Veea9rNzFrd0ipFgNxwfQe9AHV/8JD/ANOv/kT/AOtVlPHXkosf9nZ2jGfPx/7LXnX9u3X9yL8j/jXpOk+D9P1LR7O9mmuVluIUkcIygAkZOPloAZ/wn4/6Bn/kx/8AY1kS6950ryfZsbjnG/8A+tXT/wDCBaX/AM97z/vtf/ia8t1XUJbDV72ziVDHBO8SlxyQrEDPvxQB1P8AbP8A07/+P/8A1q6qK33wo27GVBxivIRrdzn7kX5H/GvcLK1R7G3Ys2WjUn8qAM823H3/ANK8tPhvBIF3kf8AXP8A+vXtJsY/7z/mK8sM7Z6LQBlx+GfMkVPtmNxxny+n610K/B3cAf7cIz/06f8A2dUftUkfzqF3LyMjiof+Fua90Fnp2P8Arm//AMXQBuWXwk+x39vc/wBub/JlWTb9kxnBzjO+vSPL968ft/ixrs1zHG1pp2GYA4jfPJ/3663/AIS/UD/yyt/++T/jQB0XiBMeHNTOelrL/wCgGrXh058OaSf+nKL/ANAFcNrPiq+m0S+iaK3AeB1JCnoVI9a7jwyd3hTR2PU2MJ/8cFAGns9zj0p1FFABRRRQAUUUUAFFFFABRRRQAUUUUAFFFFABRRRQAUUUUAFFFFABRRRQAUUUUAFFFFABRRRQAUUUUAFFFFABRRRQAUUUUAFFFFABRRRQAUUUUAFFFFABRRRQAUUUUAFFFFABRRRQAUUUUAFFFFABRRRQAUUUUAFFFFABRRRQAUUUUAFFFFABRRRQAUUUUAFFFFABVTURb/Zt9zI6xIckIxG49hxyfpVuoLqzgvAgnUtsbcpDFSD68GgDBKXBghguZJo9lvLMq7yGGCNuSOpANTzAzraPFJM1/KI34c7Y143Ejpg8/XNacmmWk0SRyozqmcFpGJ56jOcke1B0y1Nw04R1kbGSkrLnHTgHFVcVil5Y/tqMWskzMjM1yzOSoBHC+menA9Kh1R5Ptd1IJXU20UbRBWIGSxySO/TFacWmWsEjPEsilmLECV8EnqcZxSyadazSRySRbmjAAJY8gcjPPP40r7AZMrXNtqCySRzF5LtVSTf8hjP8OM9evb8a22uY1uFgO/e3IwjEfnjFR/YLYXX2ny/3uc53HAOMZx0z71ZouBj6rGGnQQPMb1yvlhXOI1B5Yjpj61XR5DfrN5r73vHgIDHGwLwMdO2c1qyabbSXLXBWQSsAGZZWXIHToaU6dam4afyv3jA5O49xgnGcZx3oTsDMWd3tkvJrCSYwJFsaRnLbpN3Vc9wM89K0dLZY3uLfy5Y5I9pKPKZBgjgg+/ep4dLtLeMxRxt5ZXZsaRmXH0JxT4bG3t1xErDLBid7Ekj1JOT9KdwMfTi0k9sZJJH+1xSGYFzjIbjHpjpxVzR4VzcXSFxHI5SNS7MAqnGeT1Jz+lXIbC2t5nlii2u+cnJPU5OB259Klhhjt4VhiXbGowBnpSuBJRRRSGFFFFAEcP8Aq/xqSo4f9X+NSUAYvi3R59e8MXmmWzxpNNs2tKSFGHVjnAJ6D0rzyy+GvizSy5sNS0yIyY35Zmzjp1jPrXrtIc4OOvbNAHlS+FPHLzvAuvaUZUAZkHVQemf3XtU6eEfE0Kg6tq2msGYJGdxXk9vuDrUsmmXTX2p3MyzXMiXeJLhkiWLYMZBJYMAATjFaFtPa/YtRtbeWI2pujKEluDGhgwBw5VuCwPT3p20DqZJ8PzL5e7WtJBk4UGfGe/8AdqddH0+yLJq2o2JfAZSsr4CnvkDFUGFwxsylpCIflFgFEbeb8pHzO0R7ZI3beMV6Bfq6eEbhWREcWjArGQQPl7YAH5ChqyuC1djmbTRtCvGZYLm1kKrvJ81xgeuelcr4m8KR3WoRyafrGlwxCPYVllcksGOSMIeORXqV5tPhch1kbNuoCxnDMSBgficCuDtYr+w8P2Vw0lykqp5avEJ3DKXA6ocLg/wn8OtOyvYSelzm4/hvqs1tHcJreiGGTOxzOwDYODjKV3XgbRrXTtD+z3ep2F1NLOXja2n3AggDHIBzkHtT9Q0e4fwqojuFwCwZZ7RgSGb5mPmKzqeTz071FpVrdSarb28BtWijUO89skMgiGPlBPlDk+xz3oSTC51M1tpts2yZkRtjSfM5B2r1P0FZN/4N0rUrn7W1ukhkUYbzXGRjjocVWvvtK39xb3KzP5NpdeXNIOHRgpAz3x0ra0P7VNBLczGRIiESCJhjaqrgtj3OfwApJaXBvUxf+FfaRzmzjGPWaT/GkPhe9soSLOa1gtEBIDux2jqexrqYjdfa5zKsIt/lEDAkseOd349MVy3im2tLn7XvsblQEIlukjkJY4zhAvT3Y8f0TGhP+Ee1gRecb+yEWN24sQMeudtZf/CGWWpzTzPdWc0yn96yTNjIH09Kv6ZBZW2nE/2fdIPIxFdmB2z8o+VkfgnsDjBqnpssqaPBDqU0YaMu8duoHmAZbmMRjdkHIIIxiqkrXFF3sEXw2tZokkj8lkYblYTPgj8q7Ww0+Sx0+C0VkCwoEXBJ4AwKb4duUudCtGRZFCxqp8yNkOcDoCBke9W7Q3htWN6IEn3NjySSu3Py9e+MZpSVmwTuiDz0IuD9oiIt/wDXYP3OM8/hXP3fgjw7O0uoXNtEfOYyvL9okAJY5zwcck1i+XcXUK291BHN/pXzKz+RI+5j8wALNlsc5xhRwKnNrG/hy4MelWke4rJEouG+WPdtGQOuD9AR3p20C+tguPDHgm1eWOZbeN4uHBuJfl+vNPj0bxy8atZ65pv2UjMPyg/J/Dz5fpip5hfRQ36wPGnkgwySG5VSyKudiIyNtHJ5zknrXW6aEGm2qRqVj8lNgJyQMDilbQLnHf2N8QRydd07H+4P/jVZ58Aa7gE3dj/323/xFelleAB696UA9zmkM8yPw/1xgQLuxPH99v8A4isf/hUGsf8APzp3/f2T/wCIr2bpRQB47B8JNYiuI5PtOn4Rg3EsnY/7ldR/whWof89rX/vtv/ia7qigDgbjwLfz28kRmtcOpU/O3/xNdnpVodP0eysmILW9vHESpyPlUDj8qt0UAFFFFABRRRQAUUUUAFFFFABRRRQAUUUUAFFFFABRRRQAUUUUAFFFFABRRRQAUUUUAFFFFABRRRQAUUUUAFFFFABRRRQAUUUUAFFFFABRRRQAUUUUAFFFFABRRRQAUUUUAFFFFABRRRQAUUUUAFFFFABRRRQAUUUUAFFFFABRRRQAUUUUAFFFFABRRRQAUUUUAFFFFABRRRQAUUUUAFFFFABRRRQAUUUUAFFFFABRRRQAUUUUAFFFFAEcP+r/ABqSo4f9X+NSUAFFFFAGbcaBpt1cvcSwP5r8sUmdM/gpAp1tomm2jF4rVS5IbfITIwI6YLEkVoUUAUbfRtNtbV7aKxtxC4w6FAd/puz1/GoJ/Dek3BbzLZtrDBRZnVcem0HAH4Vqbhx703dvUgdaYFC10TTrCZZYIpFdRhQZ5GGOnQkioZ/D2lXEaI9qdiAKEErqoAORwDjrWnnoTjI6mlHXkfe4zRcRWtbOGyhMVurqmc4Z2fn6sSafDZ28dxJNHEEkkGHKcbvr2z79alAJIznB4zTgvzD270XAyJfDWkzTGSa1d3wRkzSdD1H3uhq7Zaba2RZreNkLLtIMjMMfQmrtFF2MQL8oB5pskSTRPFIoZHBVge4p9IWwcAZNIBERY41jQYVQAB6Co47aCC28iOMLEc/IPckn+ZqVj8p9aYSdoPcHBo3DYIolhhSKFAkaKFUegFBG5DnnmnZIYAnOaE6H60AUoNKsLWdJYrOKN0BCFR0z1P1Pr1NV18PaRtYfZBh3DlQ7dQcjv0zzjpWrg5yT0pwAHQU7gZ02haVcSSvPp1rK0pJdpIgxJPuavRRJDGscYwqgKB6AdKfRSAKKKKACiiigAooooAKKKKACiiigAooooAKKKKACiiigAooooAKKKKACiiigAooooAKKKKACiiigAooooAKKKKACiiigAooooAKKKKACiiigAooooAKKKKACiiigAooooAKKKKACiiigAooooAKKKKACiiigAooooAKKKKACiiigAooooAKKKKACiiigAooooAKKKKACiiigAooooAKKKKACiiigAooooAKKKKACiiigAooooAKKKKACiiigAooooAKKKKACiiigCOH/AFf41JUcP+r/ABqSgAooooAYXOcAd8ZNKMh8E54pgVslWbrz0oAfcTuJA46CmAn8Iz1B4FOzg5+6D60bWPIYjPHIpwUgY3fpQA3HJA+v407aSPmP5UbT/e/SjB/vH8qQDqKZ/wADpMtjJbg+1AEmaD0qMoQy/MevpSkPnhuPpQAcsCCeRQAWwc4I4NBVtwIY+/FGw5Pznn2oAMEnbnpzmlCfMT1z60BCOjH8qMH+8fyoAUKAc80tNwf7x/KjB/vH8qAHUU3B/vH8qMH+8fyoAdRTcH+8fyowf7x/KgB1FNwf7x/KjB/vH8qAHUU3B/vH8qMH+8fyoAdRTcH+8fyowf7x/KgB1FNwf7x/KjB/vH8qAHUU3B/vH8qMH+8fyoAdRTcH+8fyowf7x/KgB1FNwf7x/KjB/vH8qAHUU3B/vH8qMH+8fyoAdRTcH+8fyowf7x/KgB1FNwf7x/KjB/vH8qAHUU3B/vH8qMH+8fyoAdRTcH+8fyowf7x/KgB1FNwf7x/KjB/vH8qAHUU3B/vH8qMH+8fyoAdRTcH+8fyowf7x/KgB1FNwf7x/KjB/vH8qAHUU3B/vH8qMH+8fyoAdRTcH+8fyowf7x/KgB1FNwf7x/KjB/vH8qAHUU3B/vH8qMH+8fyoAdRTcH+8fyowf7x/KgB1FNwf7x/KjB/vH8qAHUU3B/vH8qMH+8fyoAdRTcH+8fyowf7x/KgB1FNwf7x/KjB/vH8qAHUU3B/vH8qMH+8fyoAdRTcH+8fyowf7x/KgB1FNwf7x/KjB/vH8qAHUU3B/vH8qMH+8fyoAdRTcH+8fyowf7x/KgB1FNwf7x/KjB/vH8qAHUU3B/vH8qMH+8fyoAdRTcH+8fyowf7x/KgB1FNwf7x/KjB/vH8qAHUU3B/vH8qMH+8fyoAdRTcH+8fyowf7x/KgB1FNwf7x/KjB/vH8qAHUU3B/vH8qMH+8fyoAdRTcH+8fyowf7x/KgB1FNwf7x/KjB/vH8qAHUU3B/vH8qMH+8fyoAdRTcH+8fyowf7x/KgB1FNwf7x/KjB/vH8qAHUU3B/vH8qMH+8fyoAdRTcH+8fyowf7x/KgB1FNwf7x/KjB/vH8qAHUU3B/vH8qMH+8fyoAdRTcH+8fypQCOpzQAtFFFABRRRQBHD/AKv8akqOH/V/jUlABRRRQAhGcUAADApaM84oAKKbuPUjikAyCc/NmgBSwHY8dTSEnPseBQhySPXmgDKEeh4oAQ/dGByKUgBeTx2FKQSMZwO9OxQA3BwvtTqKKACiiigAooooAKKKKACiiigAooooAKKKKACiiigAooooAKKKKACiiigAooooAKKKKACiiigAooooAKKKKACiiigAooooAKKKKACiiigAooooAKKKKACiiigAooooAKKKKACiiigAooooAKKKKACiiigAooooAKKKKACiiigAooooAKKKKACiiigAooooAKKKKACiiigAooooAKKKKACiiigAooooAKKKKACiiigAooooAKKKKACiiigAooooAKKKKACiiigAooooAKKKKACiiigAooooAKKKKACiiigCOH/V/jUlRw/6v8akoAKKKKAMrxF4hsPDGjTapqMhWGPgKvLSMeiqO5NM8PeILHxPosOrae5MUnVGxuQjqrDsa4DXNA1+ZtU8WeKJbaVdISSXS9NjJMIK8q7+p6cUuieHNejk03xV4Xuba3TVljm1PTpQfIJblnQdj7UR13/4b+vwCWm39f1+J6Zf3aWVlPdSKzJBGZWVepAGcCoNF1SPXNHtdUt43jiuoxIqSY3D64yK5r4na5HpHhCezjIbUdSH2S1iXlmZuCcegFVPhPqbL4ffw1fYi1TRnMEsJPOzOVYeo5x+FEdb/wBev6A9Lf16fqdNfeIrKw8Q6doUiSyXl8jyII1yEVRklvQVmWfxD0e5stNupILy3hv7h7aJ2h3KrqcYYrkDJ6Vwk+nX+ofE3xM+s6hPp/kWPnW89o4Vo7dTwATnAPOawfAmk3l7cWen3HiHU9PsJNPN+BFMqhD5hUHkYHTOaIu9r/1v+iYS0v8A12/Vo9e1T4g+HtI8SW2h3V7GtzLkSNvG2A4BUPzkFs8VDZ/Evwxd6xdab/aEcUkMqxI8hAWZj2T6HjnFec+L4rW3+I6S6lqlxFaWdr5ySvMhMp2DaE2oSMkck59sVgQzwjw9PeDxBYT6jd3MV4trLE4dJFbhPNI5GD+dEel/61/4cJeR9KUVR0WO9j0WzTUZhNeiIec4HBbvV6m1Z2EndXCiiikMKKKKACiiigAooooAKKKKACiiigAooooAKKKKACiiigAooooAKKKKACiiigAooooAKKKKACiiigAooooAKKKKACiiigAooooAKKKKACiiigAooooAKKKKACiiigAooooAKKKKACiiigAooooAKKKKACiiigAooooAKKKKACiiigAooooAKKKKACiiigAooooAKKKKACiiigAooooAKKKKACiiigAooooAKKKKACiiigAooooAKKKKACiiigAooooAKKKKACiiigAooooAKKKKACiiigAooooAjh/1f41JUcP+r/GpKACkPAJpaKAOV8QwXWt+H9R01JhG91A8QLDhSRjmp/DtrPpHh+w02SYO9tAsTMvQkDtXQGKMnJjUn1xS+VGP4F/KteePRGPs5dzhdP8AA6J4wuPEmrajLqV0HP2JJRhbZPQD1HrS+IvAqaxr9rr2nalPpWqxFVkngH+tjHUEeuOK7nYv90flS7V/uj8qi6VrLYrlldu+5514m+H934i1y7vF1prS2uraK2ljRMu6K2WBPoaTxF8N5NVu4X0rV2023+wjT5oREH3QA9Aexr0bav8AdH5UbR6D8qWlrW/r+mVaV73/AK0/yR59qngXU9auE0+71tIvDUSIi2dvAFlkVQBtd/TjtSa74G1jXJksP7U0+28PxyxuttFZ4mCpghd+fb0r0LaPQUYHoKL63Cz2GA4AA6CnA07A9KKBpBRRRSGFFFFABRRRQAUUUUAFFFFABRRRQAUUUUAFFFFABRRRQAUUUUAFFFFABRRRQAUUUUAFFFFABRRRQAUUUUAFFFFABRRRQAUUUUAFFFFABRRRQAUUUUAFFFFABRRRQAUUUUAFFFFABRRRQAUUUUAFFFFABRRRQAUUUUAFFFFABRRRQAUUUUAFFFFABRRRQAUUUUAFFFFABRRRQAUUUUAFFFFABRRRQAUUU0vg4xQA6kLAHHeo9zcGhuzDofSgCQH5iPSlqM4zzxxTkbcOetADqKKKACiiigAooooAKKKKACiiigAooooAKKKKACiiigAooooAKKKKAI4f9X+NSVHD/q/xqSgAooooAKKj8+H7R9n81PO27/Lz823pnHpUlABRTXcRoztnCgk4Gawx4w0lo5nVp3ERIby4Wb1546ZweuKAN6isqz8Rafe28c6tNHG7KgMsLINzDgZIxUUvirTIZfKkF4r+YIsGzl+8eg+7Ts72C5tUVVudRtLSCSaedEWMZfnkD6dael7ayIHS4icFdw2uDkdc0gJ6KyB4ksjD5whvzFt3bxYzYx6529Kty6pZQ2tvcyzqkNwVWJm43FulFgLlFRJcwSNtSaNm9FYE1nv4k0iLcJr2OIoMsJAVK8kYIPf5TxQBq0VlweItJurX7Tb3iSxDbuKAnZu6Fh2/Gll1+whvGtnafcsohZxbuUDnGAWxjuO9Oz2C5p0VDFdQzTzQI4MsJAdOhGRkfh70Wt3Dew+bA+9NxXOCOQcHr70gJqKoyazp8WorYPcoLlv4ecA9gT0BPYHk0+61SysZRFdXCQsUMg38AgdeelAFuisi18UaJeymK31KB3DmPGcZb2z1+opT4k0058qSWcb/ACwYIHkDNgkgFQckAHPpTswNaiqdjqdvqPmiDzQ0LBZEliaNlJGRwwB6VcpAFFVptQtLe7itZp0SaVWZFY4yBjJ/UU83dusTy+fGUjGWYMDgUATUVlHxJo6pGTqEOZUV403fMwPTC9ST6dadNrtnbwxSypdKJc7VNtJuGPVcZH407MDTorIs/Eum38qR27TsXOFZrd1X8yMVbuNVsbUIZbqIb3CLhs8n6UrAXKKq2mpWd9a/abe5jeIA7mzjbjrn0/GmQatZXMsEccp3TxmSLcpXeoPUZHP+HNFgLtFVZ9RtLaSVJ51jMUXnOX4CpnGSenUVHZ6xY6hM0dnN5+0ZMkakoPbdjGfbOaAL1FFVr6/ttOtjPdSbIwccAkk+gA5JoAs0VSOrWGyJhcxsJSgTYd2d5wvT1INVp/E+iW0vlSalAJN+wop3FT7gdB7niiwGtRVBNb02Wzku4ryKWCNgrPEd4BJwOnualGpWZuprb7RGJoQpdScYzyKLAWqKyb/xJpmm3Dw3Esm9EEj7IXcKp6EkAjtUmna7YapM0Ns8hkVBJh4mTKnuMgZosBpUUVG88MRAklRCegZgKAJKKp2uq2F7HvguomAYoQWwQwOCCDzVObxTocDBX1OAkv5fytuwffHTp1NFgNiis5Nd0uWCWeG8imjiIEhiO/ZnpnHQe9Mn8QWFvdNbyNPuR1jZ1gdkVmAIBYDHcd+9OzA1KKhjuoZbmW3SQGaLBdOhAPQ/Si1u4byNpIH3KrshOCOQcGkBNRRVa71C0sFQ3U6RB2Cgse5OB/8AroAs0VWXUbN7h7dbiMyIFYjd2PT+VZ0/irSrad4ZJJ9ySeUdtu7Dd6ZAwaANqisxPEGnyadPfiSTyIH2SZhYMG4424yeo7d6Y/iKyiXfLDfxJkAvJZSqoycckrxTswNaism78R6fY3MtvP8AaVeJd74tpCAvQHIXBGeKkt9dsbidoczxOsZkPnwPENo6nLADikBpUVif8Jh4f8hZv7Vt9jEAYbkZOOR1H9KmfxFpoMPlyyTrM2yNreF5FLemVBGadmBq0VlJ4hsnvDaCO885cbgbOUbQTgEnbgDg81GfFugLMYjqttvCbz83GPr/AEpWA2aKpafrGn6qm6xu4pwFDHYeQD0yO1XaGrAFFULjV4LadoXt71mXqY7SR1/AhSDUNr4i067vpbNHmS4ij82RJoHj2r6ksBigDVorI/4SXS2s47qKaSeGSTygYYXch/7pAGQfrU41uwNgL1pjHCZPKzIhU7923bgjOc07AaFFRJcwSNtSaNmPZXBNUX8Q6VE7JNeJEy53CUFdvOOc0gNOismHxPok9qbmPU7fygASxfGM9Mg01/E2nRkhlvMhPMIFnKSqZI3H5eBwadmBsUVkz+JNNt5FjaSZmaNZB5cDt8rDIPAqW313TbpoVhuVZplLKuCCABk59PxpWA0aKoLrWnPZxXa3SGCVwiP6knAp19q1hptkby7uo4rfIXeTkEk4AGOtAF2is6317Sbu4S3t9RtpJnztjWQFmx1wKktdWsr2aSO1m87ywd7xqSikdi3TPt1oAu0VUbUrRNOF+8wW2KeYHYEZGM9OtJLqtjBa/aZLqIRbQ2d2eD7UWAuUVSbV9PWYQm7i3n/a4zkDGemeRxUsN9bXEoihmWRjGJQV5BU8A56UAWKKKq3l/HYhDJFcvvzjyYHkx9doOKALVFZVr4hsr1lEEd6wZtm82coUEHBySuBUbeLNBWcwnVbbeFLfe4xnHX+lOwGzRVDTta03VhmwvIp/lDEIeQD6jtV+lawBRRRQAUUUUAFFNLgZpGYbQfegBxYDvSF8EY5BphOwYyP60oG5MDgUAHBJLHHbApOwJz6ZpVxuHHankZGKYEeeeePWnKuRyOO1PxRSAaFHGeSO9OoozQAUhIFNBLHrjjtQM7vUjigBwIIyKWmLkMc9+afQAUUUUAFFFFABRRRQAUUUUAFFFFABRRRQAUUUUAFFFFAEcP8Aq/xqSo4f9X+NSUAFFFFAHN29lb2XjiV4lKmWx3yOzElj5nqa6KORJY1kjdXRhlWU5BHsaUgHqKhtbO3skdLaIRI7lyq9Mnrgdvwo6WDrcklOIXPzcKfudfw968nO62sriK7tp4/tGoOCZpEK42seeAAwxzyOvFet1T/sqy3h/IG4StMDk/fYEE/kTTWgPY4PSbi3ttMkK3P2dIryGMKJE2Sg7c5HOcDPftmsefR9RivTfm1lE0scmJlLGQnfxkgZHHr2r1S20qytYzHFbqQc5MhLsc9clsmof+Ee0X/oE2P/AIDp/hVc2txW0sYM2hR63rdxMrW0JtCi7/scchdymW3E9eopx0NfDVhe6islrOyRu/zWkcfJ/wBpRkDHYdq6qGCG3j8uCJI067UUAfpTpI45o2jlRXRhgqwyD+FTcLHm/wDoCW7WwfTmjE6W/wBpF7N5IVoy3J39eMfjUtxBJrFvoMy4mQebAkMUwWLCZUMGZWySFHWu/NnbF95t4i+Q27YM5AwD9ccVHLptjPbi3msreSENuEbRAqD1zjHXmncLHD24h0q8sGngCXFvNN5skcI4VwVjUybVDdR09Kr3Mtyb2RLC6tRKyqZ5IWdXuFy2FQsf3hJJPy+gAPau7h0TSreVZYdNs45EOVdIFBH0OKtfZoBP5/kx+dt2+ZtG7b6Z9KLgcHY3V1beHzP9vdFtp4QkEUpklRCyqVkQgkcZ+XrUbag8sp0aM2avNdh1HmuJeSG3s+cBx/d65GMYr0MojBgVUhuoI61D9gs/sn2T7JB9mxjyfLGzH06Uc2twsc4Ujj8RzabLrF4hkgieL96PMY5cEA7c7eB9KTQNJMmkSP8A2lqGDJKu3zwB98+3H1rp47W3hffHBEj7Qm5UAO0dB9BSG0tmt3tzbxGF87o9g2tnrkUrj6nBf2Vex3A0tIZ1tpImkaH+01IJ3DksY85/X34rRv4002ONFvbxJxZSMczLL5WAAu0sPvZO0Hvnmug/4R3RP+gRYf8AgOn+FTR6Tp0Xl+XYWqeX9zbEo285444ouI4+3u2sLyKKXUJY4LUSK8fkqA4wmVO3ksS4weuR71m22lXKWWpTtC+Fu3dUj+d4iB0O5xxg9Qc8kV6LJp1lLIsklnbu6v5is0YJDf3gfXgc0y40rTrv/j4sLab5i37yJW5PU8jrRcLGH4YKado099deZDG6rNI0sYGflHIwzEj6104IZQR0IzVJNF0yKJ4orC3iSQguIowm7ByM4x3q9RJ3dwSsjg9a0ae68T3hQPcu9qjr5kyIsXzOAACjZHFR2zW0U9zGlhHI89gkJQwCGOWRAzOTlRwMjnHXFdtd6ZYX7K15ZW9wyjCmWIMQPbIqJNE0qNXVNMs1Ei7XAgUbh6HjkUdLD63PP8uLDTrQXcNq0UMFwV+3rbRkYz8qlSd3HJ9atX7pc2NndCH7S8kUj+ZJieRVRju+fgbPoM16AlrbxnKQRKdoXhAOB0H0FN+x2u0L9mhwAygbBwG6j8e9NyFY860iDdqFukmlW8DLIilJIcqj43jBDZzjnPSrur6dHceStjp8cazXqGO4uraNAOvyhcbmUnrnGB61239n2QuVufskHnr92XyxuHGOD16DFOksrWW6jupLaF7iMYSVkBZfoeoo5tgscpBYQDR7pdSA0+4ifzJsW6LD7AYGJF9ATn1FR3EWoz2uj/2leRyPc3CKYPs6o8QIJyrA5VgMV2UtvDOUM0SSGNtyb1B2n1HoaiGnWS3pvBZwC6PWbyxv9PvdaVwscBrWjE61fM81zHM1vHHAvnFjLufblhnGT19vSuk0yJ7fW9RFxql5JBZhMCeUbQGTJLcCt9raB51naGNpV4VyoLD6H8TSm3hJkJijzKMSHaPn7c+tF9LDtqSAggEHIPeuX8RQE67p0iyXu4xyjZbOoY4APy7uM+9dFa2sNnbpb26bIk+6oJIH0pt3YWd+ipeWsNwqnKiWMMAfbNLqHQ4eztWiSCV+TJdW6SsWBJlEr7gcdxkZI4qi+nSNqlzLYgXEUsg2Ok53JESQN27nbuB6Zx9K9BTSNNR4nTT7VWiG2MiFQUHoOOOpom0bS7gIJtOtJBGuxN8KnavoOOBVXEefTaSYvDFzbbozKbpH3RzsyRRFlAwAQDznpx171eu7CSzS8FxonnxCJ0M0iRsudpPm7mYseeAOwAru/stv9nFv5EXkqABHsG0AdOKjutPsr1ka6tIJ2j+4ZYw236Z6UXGjh7rT4tQmKJIhkktktVRrVGG9IyxAkb7vB7DrWloUNnpmryFrqMMLcRuPsqQhCPmIZl4JANdPdWNpexiO7tYZ0U7gssYYA+vNLBY2ltbm3gtYYoTkmNIwq89eBRzCsTAggEHIPQiud8WW1peWsdl5EEmoXTCKAtGrsgyCzcjoB1rdtbWGzt1t7dBHEmdqgnA78U7yIvPM/lJ5xXb5m0btvpn0qeozlotJjstesYHNjcLIkjsBYxIy7QMEEDI5Irmb/VZrPVl/4mV1bwZYJ5ksvyDPLBVjGQe+c47V6Tb6ZYWkkklvZW8MknDtHEFLfUgc0kOmWFupWGytowWDkJEo+YdD061VxHGxXcieH5r5b/UPtUUkTM7Et5i7gP8AnmuQQTwM1Xm1Jnkl0iM2Ya5ug6q8jiVskNvZ84Vxj7p544Fd5Bp9latI1vaQRGX/AFhSMLu+uOtKLCzFobUWkAtyCDF5Y2EfTpRfULHOSJHD4jbTpdYvF863jeL96PMLbmBCnGcdM/nT/DVktvbTXcmo3ZSO4m3LLMNmAx5PH410UdpbQuHit4kYIEDKgBCjoPp7U5YIUjaNYkCMSWUKMHPXIpXC1x4IIBBBB6EVy3i0rBJDO8Fvc/IyLAYwZTnq4OCdq9cAV0lraw2VutvbxiOJM7UB4HOePan+TF53neWnmldu/b82PTPpS6jPPLS1sovE9vbSSWd3DMyXH2ryVVY3VCFhGBhc8MBnsap6laC5vHng06S6826EjSQ3UbISf4Qxj5PHqcd69L+w2nkND9lh8pm3lPLG0tnOceuakaKNwoaNWCncoIzg+oquYVjitNtI5tA1GxiTG+QStAHSWXt8pQhNv3QRnFZ8GnTz3k8DwX7LC6YDQo2MjOWBlxXoF1Y2l6my7tYZ0znbKgYZ9eaq/wDCO6J/0CLD/wAB0/woUgscprao+tXzC9uGAtEWRy2IEYMSVY4wOMEKDnJqKAG+t5Wa3dZ2luIVtmGWYswkDHkY4xwe9d59jttkSfZ4tkRDRrsGEI6EelNWws1vGvFtYBdMMGYRjeR9etK4zzCaDUgs90q3xWDekkLHbhmxnq2Rn2HPWt+aa/hh0n7RdzRTQyFjAIPOmKbWAYjJPP3c9ORXX3OnWV5JHJc2kEzxnKNJGGK/TPSrGBnOOafMKxyGmXGqW2t6hc3MYk80xPLAi5eFWGFAPfbjke5qxe2Sw63++1i9hga3aR3MyqF+YcZK8DnpXSiKNZWkWNRI4AZgOTjpk0GKNpBIY1LgbdxHOPSlcZz2lapa6fpt3cXOoPNYrdGO3mb59y7V4G0cjO7oK6KORJY1kjYMjgMpHcGo7i0t7qAwXEEU0R5KSIGX8jUoAVQqgADgAdqAKupzGDS7qRZNjrC5Vs4wQDWE2nWdr4CuQsePPsjJK7MS8jlM5ZupOa6C70+zvwgvLSC4CHKiWMNt+mamaKN49jorJx8pGRx0pdGHVM8ktLXVrKOdorO8kMeZpUuQAq8NhiofJPA+bPHvW1dafc3enaJ5ls8P79lForCNDlGbeS2/J+vv613gs7VXmYW8Qaf/AFpCDMnGPm9ePWi4srW7gEFxbQzQjGI5EDKMdODVcwrHBwpDpNzZtc2wWe2u3ld44QxWMoVVTIFUMcsOB/Sorya5/tFhp95Zi5YAyXEbOrTJu+4rscOxPYdMY4ruYtD0mCVZItMs0kQ5VlgUEH1BxVo20BnE5gj85V2iTaNwHXGfSi4HnMEki6RBFPdvHBHeQhIo5Ge5hAJ6pglT7cmtZrhIbrUFJ1CXzdPVIzPEzyOS0mOFGQPqB712m1c5wM+uKaIoxKZQi+YVCl8ckDtn05NJu4zzfV1kjlVSLeIxW8Mckk1ukpUqEyAW4A+c5qFI5BD9oeOJYprOfyygCowVCMhR0HSvTGtoHRkaCNldtzKVBBPqffio206yad52s7czOmx5DGNzL6E+ntTuKxxel6dBqF9dzQjSJzAkJEVuo+zNndnI5+fHftUV3DHBpolig00W73s0KGfCiLc5OVz8o6dcZruZtPsriN45rSCRHxuV4wQ2OmfXFPSzto4Y4Ut4lii5jQIAE+g7UX1Cxw9he3Ca3aR21zZXMs4MYaW8W5aMAFjt2gEdMfzqCCw1e5ubxvLuLmA3aloJbwxsEC8byB6YPH0r0E28LOjmKMuhyrFRlT7elKsUalyqKC5yxA+99fWk2FjzZdKupPC1yGsBFaS2UTB2n84AqGLOA33WIwOKuXmlRSaEYntIDDaqv+kvbKjzHIwo45Azy3f867zyIfI8jyk8nbt8vaNuPTHpUc1hZ3LRNPaQStCcxF4wdn0z0p82oW0ONurCaPxpG9rbYtkjJCxwIrAjA+UHAIAOM8dat+H/ALZb660BsGRPIG+SQrGx+YndsXI574I5ya60xoZBIUXzAMBscgemaPLjEhk2L5hG0tjkj0zSTsDVyO2uobyHzbd98e5l3YI5BwevuKlLKvVgPqajt7eK1gSCBAkaDCrnpUN3plhfOr3dlb3DKMKZYgxA/EUhlDw06f2U3zr/AMfE3f8A2zWXeRXGparcJpd5dxlGMct08wEcR4yiLjLEfl9a3V8P6MjBl0mxUg5BFuowfyp8+iaVczNNPptnLK3LO8Ckn6kinoBDpLR2v/Ep+1zXc9vEryTSBeQxIHTAHQ8Y6VqVXtLG0sEZLS1ht1Y5YRRhQT74qweB0zQ9QCkJA60x2OOOKFJzjufWkArPjpz60pBK8gUcsMZHvTVIHqW6UANHQelOXGMN+FLsPsKcFxTEMC54I4HX3pwUADPX1p1FIYgAA4paTcOxzSZIxkcGgB2aQnBwBzTR8uflJ96XOWB9qAG5zjd2PNOxtbjoaCuW9j1oCnIyc4oAQA7VI6ilAJJJGKUDAxS0AIFx9fWloooAKKKKACiiigAooooAKKKKACiiigAooooAKKKKACiiigCOH/V/jUlRw/6v8akoAKKKD04oAwYtR1SLVbSC9W2Au2kAt4gS8Sr0YtnBHTPA5IrerB03SNSstQmu57u0uZJid8hgYSbedqA7yAB6YrVspLqSA/bIFimVip2NuVx/eHcA+h5psCzXOeKtUvtNFuLS5hhWTduLRhmGMcjLAYrZvNOtL8xm6hEhjO5MkjB/CszxHpWoarHFDY3ItlIYSuZXAxjptXG7PTk8CkBmaP4ovbrU4IblY5YpIkDSW7JsV2ZtpxuJ6ACodS8T6kq3f2OOSKQXAgX7REqpGegAZmXLH73cAYqUeEJ/JkI+zwTFYxGbdmQRKv8AAPYc4Yj+I8VZfwvLCZZLX7JumkDSRiPapAOeCQx3HgE/XiqdhalVtf1FfC91frqNg9xECu1gqFCGwSSGcHOOMDms2+8S6i9xcNBqyRKqqFREyqtwpxmIlvmPqOtap8NXy6dNbxwWGbrJkTosLGQsCp284B9uQOlR3fg+9vbxLk3pg+cloxKzhhggbiQM544GMe9Glw6FibxLJLe21rYM00v2TzWAj4kdsBAfQZJY+gpNJ8TXlw6W1z9gM0bNHLidw7FMgkDYF5xnrWrY6ZPBdWkzhFEUDROvmFySSMfMQM8CodN0BrRZJJbmd3aaWQQi4bySGYkAr06HnijT+vUNf69DD1HxTdw3ayf2jbWy4CrB5QljZm6bpdygH6ce5q5qWu31jpdg895C0s0oimksrcyICxAwrFiAwHqDn0p0Xhe4kmRyLeyRcq4Q/aHkB/2nAC/guferVz4TsTa2dvawosVvMshiflWO4F2PqxAIz7mjTQCo3ie6iufNGnXb2McLFmZo1ZirBS+Mgj6fpVXV/EmoRavHZwXbWyFjI2/TmLKg6Yy/zAnjIArRfwVpLXwYWiC2MRBHmNu3Fs5HNaGqaOb5hNDMkcyrtHmwrKh9Mqf6EUk9h9zOs/EUi29xcXLSXMMQBLR2ZiCjOCSS5B65x7UkWtXK3q+dOPs4vLhHO0f6tEJHNW7PSG07Q5LaGytpbick3AMuwSk8FiwX07Y46Vhr4a1XyoreSztHtkuJJSn25wWVhgKW8vPH609BGrc687ESW4uUke081LeSEBW3Y2tvPAwSM5JGKhtr+7tNQSN9Sn1KGS2O4wRxyGOUEdkAIGM9c1NqmjX2ptb3BW3RxC0EtqX3RsrHnLbckDjgAZ9RUekeHrvSdSS4f7FdZTyhIsfktCnoAM7u3JwfehW/r5h/X5EV54mmi8NtPGl09yF4njtG2Ah9pyCODxyKfrPiWaC2t2tUFqXk+c3ytEdq4JwCpyO3tmnpoWpnw/eWE09sTKzGJUBAXLlvmbqT+Aq74h0WTWrDyI51jIUja0akNn3IJX6iloBmjW9c+0yslnazCRQ0FuJW3FQdpYEIRgk55PSnN4gvp9RuV0+3e5VJkt0iCgA4yZH3HHH8Iyeop8Ph+/gaO+juYxfQAxwRMS0Yiz9xj1JPB3Y4I6Yq8dBguru6kvoI5I5GRo0DH5SFwemKegB4f1G+v7NXvLKSLriVnQhvmIxhTWxWFpegxaNpztbW0f24I4DIxwSSSBz+Fa9oJ1s4RdOHuAg8xgMAtjmkMw9T128stbWJbGWS0ijDSsjp8xZgq9Tnrniiz1PUpL20aaW2NtcTzRCNYSGUIWwd245+76U7UtAuNR1hb1J0tfJ2lNi7vPI5AkB42g9AOe+arroes/u0N3ZpHHJO6FI23qZN2DnODjd0wKOgPctadrk93rMkEsSLZTB/scgzlyhw+fr1HtUMfia4urrT/s2myi1uZXQyyOgJCg5IG7PUflTk8IWNslk9iqwXVq6sJsE7x0YEZ/iGalg0CW1tdNjiukL2cruWaM4dX3ZGM8H5utGgtSGDxSslokiWlxclYvOuGiVV8pMkZILcnAJwMnirT+JLRYLqZY5Hjt5Y4yVx828KQRz0+YVRg8L3VlbGGz1BEE0IguC0OcgE4ZeeGwxHOR7Us/haYmaG2vUjs5nhkZHi3OGj2jAbPQhR2zTVrgXIvEcMtxdKtrMYLcyK8wKkApnIK53L0OCRzTbS61u5gtr8JaNBOVY2oBDpG3feTgkDnGB9ajk8ONc6wLy5lt2RS+DHBsldWBGx2BwyjPpngVJBpGpwQw2a6qq2ULDYUhxMUHRC2cY7EgAkUkDGvrlwviFbYRR/2d5n2ZpudwmK7gPTHb6mmi81m4OozW01mI7Wdo0geBsuFAPL7uCc+lQnwZZvpzK5U6izmb7YAciXduDYz24H0qwNI1WP7ZFFqFskF3IZHb7OxkXcADtO7Hbjij+v6/EfU1rG7W+sILtAVWZA4B7Z7U+5kMNrNKoBZELDPsKq20U9jNBZxQK1gkQVZA/zoR/eB6g+oq3PF51vLFnG9CufTIpS62CPS5zFpr16V0yR77T7o3m0PbwRlXjyuc53tkDvkCpNM8WiSxgm1O0ktvMt2nWUYKOF+9gAkjrxnrWvp+kW2n2UMMcMIljhERlWIKWwME/jWYfCiyWFjaS3RKW1tJAxVMFtwHI54xj3qnbX+u4l0uJf+J54NOuXTTZoryOJZo4ZivzoSBuyDjjuM5qy/iOOOZw1ncfZ4XWK4uBtKxOccHnJwSASAQKhm8PXl5Bc/bb+N7h7f7PE0cJVVGQckZOSSBnke1K/h65dpoftsa2d1Ks9zGsR3F+CQjZ4UkDqCfeloGtg/wCEm+0W19La2kmyCOUpMxUqWTPDAHcvI7gZptt4qQWhe/s57aUWyXCrw3mhjj5QCcHJAweeajm8Ly3N7NcTXNurNFLGskNvsdw4IHmEHDAZ9BU1z4YF0Iw10V2Wa26lU5DKwYP+Y6UK3X+t/wDgDfl/Ww+TxMlvFL9psLqK5jeNTb/KzESHCkEHBGc9+1XtO1Nb8zxNBJb3FuwWWGQglcjIOQSCCPSsPVtH1I273RnWfUJZ7ZQYYSEjRHznbkk9STzWjDZahp7T3q+TeXdzKpnVcxjYBgBMk8jryeaNP6+QjarHi8QRTajPbJbSmKB2SSfcuEIGTlc7gPfGK2K5+68Nvfaut3cTW5jVywaODZMVIxsZwcFfwzSQ+gkvifNnJKlnNDvgkmtJJgNs20Z6A5HHODjikt/EpfMRgee6Z0SOGJQuSYw7clsYGepx6U3/AIRq5ktltbi/V4beB4bbbFhhuXblzn5iBxxilj8MzW04ure8QXKSK8ZeIlceWEYEA5OcZ6iq0FqMsfFm+znmvrWSJ41mkCqoyVR9u3r97p7Vck8S2w8lYIJp5Z0jaKNMZYuCQuScDABJz0qovhWRobNZ77fJDdPPKwiwJVY5KYzwM4/KpIvDL21uhgvALqG5aeGR48qARtCEZ5G3jqKWn9f1/Vh/1/X9dSVfEqSS29vFY3D3UrSI0OVBiZMbtxJx0OQR1qpYeLo5rGaaaEyNbCRrloB8sIDEKDk/eIHT8eKt2egSW+oQX012JJ1aV5sJgMzhR8ozwBt96gtPC8unrmzvUikkWVZyYQVl3MWUlc9RnHuKNANXTNRbUYWka1kgweNzK6uPVWUkGr1c9Y6PeaMl3c2q2ss8zKzW8KmGIgZztBJwxz16V0CklQSpUkcg9qHboJGD/wAJEU1270xovNmR0EMUX3thUFnbJwAM9fwpg8X2bSlUhd423iF1kQmVlBOAu7cM4OMgdKkn8OF9VuNThuBHdPLG6P5ecKF2sjc8gjP049Kbp+gPpUo2yWptISzIFtB5xBz8pbPOM9hk8UK1hklx4otIIfNWKSRDDHKGBUD94cICScDPPJ4FRXHiC7SbTVh02VjcvIrQkru+Vcgq27bj3zUek6NPHodwkbiOS4mLxi6h3hYgfkRlOOMduCM0/TfDH2Ce0mE6DyZZJTFHGVjG5du1ASdoHXvRoIlXxPFPBC1nZXNzLJE0rQrtDRqDtOcnGcgjA64p+l63JqerXEMdv/oSwRyxTZGW3Z6jOf07VVt/Dd1YIj2N9Glx5bxSNJCWVlZywIGRgjJ749qsWui3Oku8lhNHIPsyRBJwcll7lh0zk9qNBv8Ar8Dcrk/FWqajY6hbx2dwI4vJaSVQ6hjggZAKMW69AM11EDySW8byxGKRlBaMsDtPpkda53XPDV1rOomcXEMUaqioCjFiBknkEFTuI6HtS6h0MjSdd1SbWbWKW/3Q7maVXK4KAEcHyl5zjgHPtWgdT8RGaykSO1EF5ct5SSuyt5e0lQw2cdM55PNGmeF9StZy13fxXERmZzG/mMCD35bAbnrzVq88IabNc2bw2kSpFKWlDM2WXaRxz6kVWgtTdtTdNADdpCkueRC5ZcfUgfyqasv7D/ZEI/smyiZWcGaPeQSOmVJ4yPQ1qUmMwb/XJ7XW4oI4o2sY2RLuU5yjSZC47dcZ/wB4VU1XXr+FtTgt/JjaGSOOOUrkoGXJJXPzH2FTP4Psbq3vTfBZru6d3M4BUrn7uBn+Hj8qkXw0Jluvtt00j3HlsXiXYQyrtz369aNLB1OZXxfq8twqLcxqYQplQWOd27Of+WnbGRyM131nIZbOGRpUlZlBLou0N9Bk4/M1yT+C3kltYZGMkMcgd7g3BDMBnjZtwD05z+FdLHb3Fvd2sFvhbCKFg+cEs3AUevqabtYWpPfTtbWFxOmzdHGzjfnbwM845rjLXxRrNxCyRrDcSpskPlo2SpPIwV5HoBkjHfrXZ38DXWn3NuhAaWJkBPTJGK5FvB91Gzm22qEEWzN0wZypyfmC/J+GaUbX1G9tBb3VdS+xLJ/ajWdybjYkc0aRiROCx2lGZcZ4HJ796rWV9fJe20MniPFu8hDnzA7knOAN8I74HWtVfD17KNp+z2SFJo1SBixjDhcHOAWOQSSfWox4UuLSZBbXBmSTasplcIFAYNkKq/MeO5FUmhO9htz4j1Cze4u2NnLZAtGixs7NvTOcEJyTxx0yDzT7LxDrD2O5rK1nZEhLSpM23DqWLMAnAAHOM9asf2HqEeoyatA1ml44Mf2cofKCHvnru7k8Z6e9Q2fhq503T5tOSO1vbaWTzg0zGMo5PPCjkDsMj096lWsHUhTxLfi5lcz6XJE4URw+ZKCp74Plc5461Zu/FE9rLbwzQWlrI9ukzrdTsu0kkbeEPTHU461FJ4T+zLam3t4bxlVxMJriSMMTyCMbuByAPSj/AIR3V5dMnhlubNJJoUgZVRioRcnAORg5J5weO1PQNRmma1rBuUa7ks3jKzExI5Bwh6glQF7Dk4PtVYa7rsRu3kubRwGDRrBbNNHGCOFaQMuPc4PtV6x8O39tqLyySWzRXUomuduRgYI8pQQcoSQc8d6hg8I3ESMNuljMjsuYZSQCxI6OB0PYCjQCxqWu31rplm9vJa3V3ked5DKUc90ALbhnPB596zrPxdqM+pRW01lLbos7iQz+WpcZwqqc44798jFW18LNFpun2v2LTTPDEUe7YNlSeu1RgtnA5LfnQng23sVQW9tb3sO4M8d4zAls53BuR15wVPtimrXE72IpPFl+dVvWt7NmsLfEQMkUgG7u5KoeOf0zWi+tXjWt4kqw291bzJGpikDIxIzyXC4HrUd5oUs2o3s32K1uBNtZHlmKlCFx02kGmWui6m81y9zNBtmOWDgTbm4G7G1VBAAAGDS0sPqZUvibVVMES38PnrIDcJHaeaEUk/xbwD0HAANa8uuTiNvKuJJbj7KGCG28uNmJwHDEkAAnkEmqUPgt5bX/AEprQTlss0cWRP14l6AjGOFC46Zq9qHhy5uBb+WbTYtv9mltgmyFlJznHJwOPlBH1o0AbDfXMGomI38+oQPbDDwRpJ5coJz9wcDGOtJceIXTQlukS5Mvy/vUtW2n59p4PQ9Rj1NS6NoN7pN95shtLsSLsMqp5LRKOwUZDc9zg+5pItD1P/hHpNPnuLZnMitGqKQqjzN5y3Un8BQ2hBqPiDItLa2Fxa3N3cCMNPAV2KOWbB7dvqajj1OWTWjaT6/aJCkSzK9sqJuJYja24tngdsda2NVsJL02hjEZMM6yMH43KAeOlYqaTerq5vDomkCMwrF5Xn9CGJ3f6r3/AEoQ2VbnxFqr6sxtJ4TalWRLeG3M8mRn5m5Xr7E471teHdWl1CF47y4tnuwS3lwIy7U7ZyTz64OKp3Xhtb6+kvbqytndGYwwCZwHbpudsccdABx71NDp+qWej3UVi0NvdSS7403l0iXAGAzA+hPTv0o0sHU6E5xx1phyDjOc1Hai4FrELlkaYIPMZBgFu+Kkz8x4JPQUhh1QEdRQWBYZPA5pdvvjPUU7ApAIckcfrQFxj2FLRQAUUUUAFFFFABRRRQAUUUUAFFFFABRRRQAUUUUAFFFFABRRRQAUUUUAFFFFAEcP+r/GpKjh/wBX+NSUAFFFFAFeO+tJbqS1juoXuI+XiWQFl+o6irFcdDLYf25ph09kKpLKrWYXbJCSDvkc5JxkDg46j2rsEdZEV0YMrDIYHIIp2DqLUNxdwWuzz5VTe21c9zjP9KjvJ7uEx/ZrL7SGOHPmhNg9eetYPjC0FwtjI6WYjSU7pZ4vMZPlJ4B4xx6+lIC+ninSHZQs83zAEE2soGCcA524wT36VozXttbyRJLMqtK+xB6nGcfpXm8NpNHHEzadcJi0t2Lm/YgAyfe256f7ParOs6VPP4jlZNMi4j3BLeBWxuJ5c7TljjNU0rpCTPQLi8t7WBp5plSJPvN1A+tU5fEeiwTrDJqlosjEgAyjggZ59PxrktNtkttJ1VrmF7aeGRFQxRIkhBAIU/KAwJPQ1j3/AJ76jdSSM5ezmkVfKEiqcDHQNx+GKLah0PSzrGmAgfb7YsYzKqrKCWUDOQByRwaF1jT3uYrZLpHnkAZY1yWAIyCQPujHc4rzTUnnnNsnmebNNao/lojLjMLfNvznA9M5NaGmw3UFu6/b5DFJFKGWIjZJshBGdwLZ5wcHtRy7gtbeZ3n9q2JtGuhcKYFcxlwD97dtx+fFPudRsrIIbq8ggD52mSQLnHpmuG0vTIdQuSII9IcxWscn2e2IaGU5PEox970PbrU9xDBFZ3ixTLaol3Iy2tvESzEKMhQrLwO56UmrBc6eLxJokxITVbMkNsx5yjn+tXFvrZ4p5VmBWAsJeuUI5OR1rzixtZbKePzL9N0solMqMxhjJwSHYy4DD+6evbNa10EvptWsI3mvb4zeXDslKBAUHMhTA2jJ4bJ7U2uwJnZPe20dl9seZVt9ofzG4GD0qE6xp6xpI13EqMGILHGNvXPoRnoa5K9shaeHrm0NjKt5F5SYd2nikBYANGHyPwxkVmWFoy3i272Nyt2LhjF5CpGyERqQSCu3B3fexkUWWtgvseitfWyWBvmkxbBN5cqeF9cdamaRFjMjMFQDcWPAA9a427sdPm0K1skeSS9uAYo0hupOfnO9iAQCBzkkY/Srl1YxadrFmtrNeoDBM0ircPIWAUYwrEjOTxxSaA1l8QaS6u4v4fKQgGYtiPJ7Bz8pPsDUy6tp8kCzx3sEkTSCMPG4YbicAcfUVw2lm5tJBJqc0qwDUyd80qeWpychuBhvfoah8QzW8y3V1bmyuBHdM0e6IyhiVUfKQCvc8H+lNL+vu/zC/wDX3/5HoZvrVbtbUzoJ2QuqE9R0OKpv4h02J5EklmV0xlWtpATk4G0bfm59M1xzR251VbCew01L6d45I28lBHEuOY2BGQ3Tjqc5HSpNQ07UItSkgaJrmZ8SPLC8kjJGXJGELLtI4HynoKLbBc7CHXNPn8/bM6fZ08yUSwvGVXnnDAZHBqx/aFr/AKP++X/SeYuvzcZ/Dj1ry/TbxZ7KWKWdLiRkhadr7OBiXADEu3y8tngV0GkaRBdC5u/s2m3UKXDo0CANAi4GWj4wD6+tDVgOuuNTsrRmSe6ijZYzKVZudg6n3qK21zSrx1S21G1ldhuVElBYjGenWuXinjttGgBlnmSO0W5W1SLKZ3YXoM4zjI56e1LZ3qXVzp9pI0oe3mkBuirLvBiJ3guB0JPHQYpWC50cviHTIViZp5GWVdyNHBI4I+qqefbrT4Nd024sY72O5/cStsjZkZS59gRk/l2rznV7K81uzjlgR72CGFWLqePM81gWwpALY64Gattb3lxpNlE9vJPIbucIJIvMYIAPu7wxAp2Vrh1sd9JrGnRHD3cfIUjBzuDfdxjrn2qxPdQ2/lea+3zXEacHlj0Fec2Fsk1uy/Zp4pEtf38qOscYQs24P8pK4A6LjPNdDfabp+oa3Z2sJuHlRhPceXdShY12/LxuwpJIwBg0WC51dFYOmQxWOuanHHNN9nihiJWWd5Ap+Yk/MTjjFbVvPFdW8c8Lh4pFDIw7g96kZDPqNnbXCQT3EccrjIVj26ZPpzxz3ph1fTxL5RuoxJuZSvcbfvE+gHr0ri/GNvNLrNy8NoJRFaq7OLdHweepKk9vWpLGO1iuTdtFNb2kV2TI0soETOvAI+Xcx69TgU0rq4PTQ7GbVbGDZvuU+eNpV2/NlB1YY7ciifVtOtoo5bi+toklGUaSUKG+mTXnOtWtrJcx3ctukDXFgZREbiJFQbjgKHXHuQuDkmpVYW/h2zW1dIomnUyvC8csm8RkoAI19QOoJp20uK+tv62O9j13Spb42Sahbm5BA8veMnIyMevHpUEvibSYZJI5J5leNgjA20v3j0H3ec+1eaC2mBEkR1AIizyxFUdgpDY3BvMHvk449DXQ3sc2o317Et6t4BNBL5cVl5wO0dD82046EE0cqFfU6y18SaTeRTSw3WY4Y/NdnjdAF9fmAz07Ur+I9KSK3lW5aWO4B8poYnlDY6j5QefbrXn1np7f8IvczeTLGXhRYylqISziXjBVvnPPTiobUapYWrCOzvJoo87hOroIyxH3Qr7lY+uec9u5yodz1OG9tp7RLqOUNC671bBGR9OtOtru3u4I5reZJI5F3KynqK8z8T2++PTBc6c9qrKI1EYjH3DnBMhyFHtyferPhg2411gbFZTEglEoMKJAo4LDaAx69DRyrcLnZXHifRbaeOGTUrXc7lMiVSEIH8XPHSrD6zp62guluVmgLbA9uplGfT5AaxdD0/VG0iCSHUYYYpNzqjWYYgFiRzuGetUNW0eWxsES5WC+uLi8kaNlhO4Fxn5V5GcKc5pW6DOhh8TaVPJ5cUs7Nv2H/RZeG9CdvHWtC5vbazgea4mVI0+8T25xXl9tFFI679IjjVyGYSQna6sQisxC5AyO2MVs+JLK0kstRa201HdlVXna1RVhfcAWVyAzfTnPrT5VoJM7a3v7W6EnkTo/lMUcZwVI7EVCNY05oBMLuPYZPK99+cbcdc+1czZaeYPtsN1p2mR3W0fK9qEtmiU8tvAJJ6Eg9PTjNZcOizf2PaTHStE2zXYZWaJtxDOcZ+X7uP0pW1C+lz0K4u7e0t3nnlVIkXczE9BT1mjdQVdSCMjmuE8S6VcyJp8TaZYqd4TFrCGZsAkAZXhR6Y5qPRNNki16OK40+NA0EjJ59sgG4YweFB70JA2dudUsRHcublAtscTf7HGen0qSe8t7a2a4mlCxLjLdepwP1NeczWtrc2t7AGsLR7WLLypCm27IbPyEKMLnCnr6fW/Y2yXOi2V5ahLKK41BZZ7aFQGRiwCoeONuM4x1p2Bux1I8S6GZ2g/taz8xQMgzKOvv6+1Xo722lWZklB8gkSeq4GeR9Oa4MDU4NZltLbUZZbu4nJMTt5cnljjecxkYC45HXPvV262XF5q2niS4vr0OqQKkpQrlOd7Jt+UEn734UraaD6nX/bbc2P20OTb7PM3hSfl65xjNUrrxDpdnjzrhsGMS7o4XkUIejEqCAPrWHb2b6Zot5Bi7s760ttwnSd5IpABnK78gcjkYBFZVzrflpcoVtnOpQLj7TK6SzZXbtAx+7AOcZwOc807a6C9Tv1u4GuBbiVfNKeYE7lfUetNW9t3NwFcsbc7ZQqklTgHGMc8EdK5q5R9P1DTIbvVp4hNA6szvGSj4H3Ds6849/Sn6Xp8keo6xIdYvVENyCTIybW/dIct8o/QjgUrf18wTL7eLdFSPzGupVX5uTbSj7v3v4e2ea0LDUrTUonktZC6o21tyMhB+jAGvN7+Ga80eacz/AG1IBcjcmnh1G4g7gxbHbO4ZxmteCCKy0mRLmS5tfPlZ0iSzEasAgJLRq3IAU9wDnmi2gdTsrXUrO9mlitrhJHiOHCnp/iPcVarhFSW1uojfXZis1LFHW38uSPIBBiKk4THJByB0xXaRXUDTC2WYPMIhJjqSp4DenOKGguTk4GTUFveW11As0MytG3Q9M9u9Nvpzb2juIZpSRt2wrubnvjNcNFphhgVG08bUXmWfRYz0HVjv/M0kM7O61mxtLkW8kkrSlN+2KB5PlzjPyg4qOPX9PkmSLfOjuSF8y1lQE4zjLKB2rmIoHuJbfyraOLdpsUrmF3hSLJJJCxkE9+KbpunJbWkNwr3Uhlv5Nkk7yfOm1sHax46dcZptW/rzsK9/68rnUQeItLuIp5Y7ltkCq0haJ1wD0PIGQfatMkAZJAHvXn1rIbvSrnS7Ql7q8EW12QjaABu69VUDAPTJArW1q7t9X0vTVMsMTPcgyrOgdYyineHUkDg+vtRYEb8+rWFtN5MtyiuNuRzxuJAJPQDIpt1rFlaXP2eVpjKFDlYreSTAOcE7VOOhrz6L7HNeJGbXTGaeOTM0VsgVI4pDlgvIyyjj1rV1dxJPc6i1w1pAixR26JG6yTKVDAAK67iCx4AOKdg6nWQ6zZTwTzRtMVgIEim3kDqT0+UruPXsKrL4o0lkVxNPsZ9gc2soXdnGMlcdeKytCuoNOk1RjfQ3VrHEkz3C7s7sEbSSzHOAOOvtWNNJLa6dDpc88yXUsou4WjcYtpGJbExIIVRuyM9elFlcL6HojyIgJZgMDNRW15b3kCT28ySRyDKsp61wXj213TWIuIZHDgRiePyt0hHzclz8o78dah8NfZ/7fCfYFnKKJVkBgRIQDgsCoDE8jg8UJXBux2lz4n0W0nSGXUrbc0nlnEqnY3+1zx0q0NV09rNrxLyGS3VgpkjcOAcgY4zzkisLRLDUpNMWa31GGGGV3kRGtAxCliRzuGfWobrSb+xS3Ml1HcCTUxO6JHsEuVwoPJAwR/KlboN+RsHxNpSrvM0wj3bfM+yy7M5x97bjr3q5LqdjA0yzXUUXkhTIXbaFz0yTxXn7PeSyHTzJfG0xnb9qh8stvzjdt6Z4xnr3rVntZbfWb+88qK3bEW4WwRX+bPLSMp/Hj3zTtohX1sdRZ6xp+oEizu4Z2AyVRhkD1Ip4voTcvbiZPNVQ5TP8Jrj7GG7gt9Ys5VuUtoIGIWS4jcZdSxztUE9yPSsiS1gjR7dnt5RIqojxorh5CPuqfLxu9iaLAeky3EUdxHEzYkcFlGCSQOv86pR67YS3UVurTrNK21BLbSLuPtlQK5fVkNrf6YJjLa3csMcMcomYrEdw3s6g4AwAOmCTWra2eqSeJbwS6pGxjhiBYWgB2ndkKdx29PeiyC5uf2jZvDHciYGF5PKVsHl923H58VNczxWcEk88gjhXG5sdO1ef2Vk12dOsZnuZIjcuys0rBmxIxY/KQABgckZy3FWxFqdzolr5t2v2KO+Vozku8i+YQFYk9jg+9FgejZ2kN3bStIkcqsYW2OP7rYBx+RFWOtcBfaPFa+IpYobP7STbRvK7WCXJdyz5ZssME/56V2NpqFnJP9hhlTzokG6ILt28DjHTj0HSlbQOpZubiO0gaaXfsXrsQufyAJNV4NWsrmGSWKU7IiRJvUoVwM8hgD0pNS+zNp1z9rcpCFJZwcFMdCPfOMe9cpYWL32mzT6hBDLeJ5v2xJ4lyNy5Rlz04C8fX0pdGPsdb/aVoIYZ2uFEU3MZ7MMZz9MflUMGu6Rdzvb22o2sswO3YkgJJPp6/hXKraywJo62cIghezLZt3CSO6ruwMggDJyeOT16U+wa/XXrRrf7W0F4pmdjcxHft2jP3ARgHBH+FXyq9ib6XOhm8R6ZEyxyPcq7NtQGzm+ZvQfLz0q1/atqbKS6LvHBGcO0sTpj8CAT17VU1kYv9G5P/H5/7I1Q+Kreee1tDHcCKFLqNpF25MnzDA+mefwqUM14by2laSOOZWaFtjj+6cA4/IimnUrMXRtftMfnDGVz3xnH1wM4645rir/SIrXxFJFDafaWNqjyu1glwXcu+WbJGCf89KpXlo/9uSSixUWyXcaF1t1UAfKCMhcg89c5FCSYPQ76PWNPl3eXdI22LzWxn5U9T6fjRc6xp9pZR3lxdxxW8hUI7HAO7pXCrZLNoyvHFewpLAxghLqXYllLiNAvIx3bqD9aozINKkkkEH2eUGNfmHlOAxYAEoNqkjGSASeOO9OwXPTI9SspXgWO6if7QCYSrZEmOuD0NSR3UMjzIkgLQnEnbacZ/lXKfb2s5dImazntreSOTFgwRlj29Hzj5euSSauaLelNSvJbn5IdQcz2hI+8igDH1wA2PQ0mguaD+JtDjZA2rWeXbauJlPP4dKtQ6pYXEMs0F7byxRDMjpIGCfUjpXmd5fQ3WrX7tOWEUxlQOZFMaY4bGRtHXnArY0pTrnhKJYrq5kkhuS5Kk7WQucHLAhgByOSKfLpcL6nX2OuaVqTItnqNtM7ruVEkG4j/AHetF5rulWDSLd6jbQvGMsjSDcPw61yLSQvqV1PY6vdS6hG6Q27PJGVnTKlgpKBTySCFOeKf4rsrma6vGmlZbQRgvMz+UiA5wMlwGP4UWWgHYWuqaffOUtL23ncDJWKUMQPwq3XIeERMby5/fhokUbtr+arZ6YfewBHce9dVbXMN5bpcW8gkicZVh0NJqwJle/1jTtL2/bryGAuRtDtgnJx09PeoYPEOj3V59kg1K1kn4wqyA5z6HoT7Cue8Zy3i6jYxRtFHDIDh5Z/KHHLc7156YzWJ4cj1Gy1SytYprSUEN/qbsSkcksSu/GMH0zmnFXQN2O6m8R6bbyeXK9yrb9g/0SbBb0B28/hU6avYtbC4aYxRFxGGnjaL5j0HzAViavaausmnb9XhbN4gXFmBg4bn73NW7tL61jh+16uzGWZYkENsq53cYIJP1zxjHelZWGW/+Ei0YSyRNqlokkbmN1eUKQw7c1JcazYWqymWZv3JAkCRs5XIyCQoJx79K4yTVIksr+2EMxhmhkSNWiceUE4XOVxlvmOc9ak1qKe9uZ9OtJnuXMsKtEGAKoUbchIwdmccE9aLAddYa3YancS29rLI0sIBkVoXTbnpncBWhXnvgSC6068eG4SW3t47cllcsEVt/HU4zivQqJJLYSZE9zCl1HbM4E0qsyLjqFxn+YpLe6hukdoH3qjlGOCMMOCK5rxLHMmtWs0U0xJtZx5YcKijKAsTwQOcnB7VnaRaXFtdac1i0mLoTSzRyyyfvIi6gEAscHByD1oSuD0Opl8QabFKIjNI0h3fJHBI7DacHIVSR+NWLLUrXUDKLd3LREB1kiaMjPThgDXnOovL5ckMhvIxEHtizMxdg8zbOd27G0d859K6nwd5m26MhlLFIuJVIYDB4OSTTtpcHvY6iiiipGFFFFAEcP8Aq/xqSo4f9X+NSUAFFFHagBgijDs4jXcwwxxyaitLK3sY2jto/LjZy+0E4BPXA7fQVyt54s1CHWfsqWtsyW+fPEUryAk/dXIj+UjqR71JceKr19GluoLe0ibzfIUvOwKtjJyGjHQc07O1wOuqtc6fZ3kiSXNrFM6AhTIgOAeuK52bxBqbMk1vHYNDBGJbgC4ZgVYcciPg9/p2qpfa9qKy3EltdlY0RgzMYTDG+0EBWOGPJxlgAaLMVzq7jTLG6ljluLSGV48bGdASuORip/Ii8x5PLXe67WbHJHoa4jT/ABZLJcTyJeS3MMFvKzRXPkIzOuMbfLycdeelXIte1h3i0/y7Rr1XQyTrP+5dTk7d23hjjAGDT5WFzo4dJ063g8mGygSIyCXaqADeOjfXinTabZXEDwS2sTxO5kZCowzHufesKTxFdvJaxpZuszTSRskQMiOynbt37cL6kkdBVWz8T6nO1k8scQjuLgRMosplCgsRxKTtPT05pWbDY6z7PD5Pk+UnlbduzaMYxjGPpUa6fZpEka2sIRAyqoQYAbqB9a5n+27+8u1iW5axhkujGXkiVXjAUnbtcc5wDu98Cm3ms6hpy30UeoxXhRoVjlkUAqX3ZAEanJ44yKLDOmbS7B43jazg2OoRl8sAFR0B9qWLTrKG0NrFawpblSpjVAFIPUY965WPxLrFwkbx2wCbZUd4oZJcMCuDtChs4JHOBnn2rQ1DWtSt9Ihkj02585xF+9BiIyxAIwWBzzjpRZiub0VnbQwCCK3iSIADYqADj2qrNoWlXBBm062crnGYx3OT+tMttYabUVsp9PurWVozIplKEEAgH7rH1rEt/FkoEoll0skTSBfOvDE4UMQAVEZxwPWjUZvQaHpdqxaDT7eMnGSsY7HI/WkfQdJkhMT6dbGMuZCpjH3j1P1rFudX1G6lszbSqkUkMsp+wvHMHCsoB3SBQAMnNULLXdTurhmjn1DyYbuGFmnit9jhmXP3eejcEZHvTs2I7K3sLS0bdb20UR2hMogHyjoPpUdrpVhZTvNa2cMMr8M6IAT361zdlq+pvFqt1LfBo7e2kdUeJQFfc23GBkgBR171Z8RardW3hKHULaZgzIjOyRk5BA6EA7f5UtR9bG+bG0ZdrW0RBk83BQEb/wC99fej7DaeVJF9miEchy6BBhj6kfhXBXuseII7izC3dyPlDSgQFACU9DETjP1/CtqbxNNp7ATQzykWokIl2IMgjLnHzKDnHKdqfKxXOgOl6ebZ7Y2UBhc7mTyxhjnOT71DJoGkS7/M062be+98xj5m9TWH4f8AFc2pam1lP9kkLyyhGgn3FVUDHG0ZHPXP4V1tJpoZTGlacEjQWNsFjGEHlDAHH+A/Kkn0fTbmLyprG3ePfv2mMY3euPWsrxLrV5pc9rHaiH5wztvDliFxxhUbA5GT19KoR+IdYmfeLVhC4ieMxQs4bIG4B8YUZzy3OOw60JN6hsdRDYW1vcPPFEEkZFjODwFXoAOg/CoP7GszeNdSCWaQhgBNM7qobrhScDPTgVzUXjG+L3GLNGR5XEJlcxGNRxlgygEcHkMfSpG1fXYvDct693Yqdyi3mlh8szevyl8Antz+FGu4dbHQTaDpNxKZZdOtnc4yxjGafHo2mRRNFHYwKjZyoQYORg/pXI2Pi7U7qJbr91cRPcoBDboiyKm3nOZDjJBx34rTv9dtZYPtEPiD7C3k7xbskZOcZGcgn9aGmhLc2H0DSJPK36bat5S7Y8xD5RnOBVkWNosEsK28QilJMihRhieufWuf0jWBNBG664uo3ckG5bPEaZfbnAIXIrPufEevaapa7tolWMMjs0cxRmz8pyIuT9OD2xTad7An1Osg0qxtbWW2t7WOGGXO9Yht3ZGO3tVmKNIYkijUKiKFUDsB0rE/4ntxpEUhZ7e7jOHWFo285f7w3LgH0Bx71XM+oQNYS/2ndN51ysT29zbxodpznooPbqDilbUL6XNy502yvQwubWGbdjO9Ac46flUY0bTBeG8Fhb/aCc+Z5Y3Z9c1iSa5qy6+9rGmmmHyDIFe8x/FgHITg+o5+tWNHu9S1jSEaa7htZ2AfzLZ1kJHOQVZcKPzo1tcZtvaW0kwle3iaQLtDMgJA9KekMUYISJFB5+VQK5LT7671DVrq2TxHKsMRWOItbxBpWxklTtwV7cehqLVfEmpaPfva7jchZYokPkHc7FQSMqNvPpwfSi3QVzqJdI06eKKOWxt3SIYjVowQo9qdc6ZY3kSxXNpDLGrbgrIMA+tc7Z+Ib2ecrcTKkqGTEKWkkcbhSQS8rBgBkdRjnisv/hJdburWwmR/LWSAmRoV3BmyMHmJsd+gx70WYXOwttB0mzkEltp1tE46FIwMd6sJp9nHHLGltEElffIoUYZvU+prkptW1MaFY3D6vFa3kjlWim8tA6huTyuQQMdB+FQ2Ooait7bW7+JYDDJIQzefHK+T0AzGvU8d6dmwujtpbW3uHR5oI5GjzsLqDtz1xTfsFpuY/ZYcshRjsHKnqD7VzUut6rNqFzHDIIora4aPaumTT+YAB1ZTjv2qaPxDfDSNYuZI42mscbM27w7sqDyrHI6+tK2lx9bHTKqooVQFUDAA6AUySGKVo2kjVzG25CwztOMZH4E1waeMtUjZWZ7SUSSoNnlqNoJAwCJSf0NbOo+Iruz1aYxxQS2Nv5aOgl/eyM5GCq7TnGemeabixJm0+kadI8TvY27NFjyyYx8uDkY/GpLrT7O+aM3VtFMYm3J5ig7T6isCHX9ShgV7q3tWWcTPG4uD8gUFtrKE4wODgnkVnW/inWJoCqQRzSoY5D5avkoW+b5SgOMHjAJ459aVmM7WaCK5iaKaNZI26qwyDSyQxSqqyRqwUhlBGcEdDWHaavqH9nyyyWFzcOJHAKIsWABnOxyCB6ZyeKj07xDc/wBn2El/pt2puCief+72lm6HAfOPwosI6B4o5HR3RWZDlCRyp9qr/wBl2H2ma4+yQ+dMpSSTYNzg9QT6ViX3iKWx125tjJYiFI0Krc3BhO45zjCNntTJ/FTf2fLIJdOQllijlhujKqO3dvkGABk/hRYZ0JsbRlhU20JWA5iBQYQ+3pR9htfMeT7PFvdg7NtGWYdCfcVztz4ku47mIRvYRRJywvJzE8ykfe27Dt5//VUt34oMdnEiwMl5KPmKKZo4PclR83HIH8qLMR0MlvDLJHJJEjPGcoxGSp9qqT6Jpd0QZ9PtpCCTlox3OT+tZml+I0ljkt7qR1mjHy3MsDRpLxnODjB9R+Xtztx431JLuEJPYGEMwkYIm0ADjJ87j8SKLO4XO2tdG02xkMlrYwQuRtLIgGR6VLHp1lEsipaQqJSWcBB8xPXNc1L4nvf7KtLiCSylkldxKwX5UCru/wCemM477sVQsvF99f6l9mllWICRBH9mWIednqDvkPH+7zTs27BdWudlFplhB5Pl2cC+QCIsIPkycnHpU6wQo0rLEgMpzIQPvHGMn14AqSs/WpZoNPaWGWSEIwMkkaqzKmeThgQcVNxjrvRtMvypu7C3mKLtXfGDgen0pLbRNLtGLW9hbxEgqSsYHB6iubHiDVU0O4kge2upBDJPFcSPsZowSFYKEKnp6jqPWrt9qypGvn69Fp10sWZLdPLcbsZ6suf5U3oCNi10bTLGUyWthbwuRtLJGAcelWEtoY7iS4VMSyKqs2ewzgfqa5vSNaEtvDL/AG6t/dyQgrZ4jTc5GcAgZHNK+uaw17AEt9PiAfy5YHuXJctwu0+X0zkZ5HWm072FdWudTVK80jTtQlWW8soJ3UYDSICQKwNV1bWIrizicCwZ3YMIys4dQyAHJUEDDHjAOcUR6q321Yjq2rM4IYwnTMZGen+rzjtSS6g2bl1oWl3tytxdWUU0qoI1LjICg5wB0pieHdIiuI54tPgjljOVdFwRxj+tUdbXU7SL7Tb6vMiyTogjMEZChmA7rn86k1K8m8PaPc3V1qEl3IcJCHjRTvPAACgZ5P6UdB9TXitLeB98UEaNsCZVQDtHQfSm/YLT7Q9x9mh85xhn2DJ+prl28UX1nfRx3C2htpY8RTXE3kh2TAdvuHgk8ewqPVvFt5aXaQI1hHvsnnBFyWycfKRlOfYd6LMR1Emk6dLE8UljbtHI4kdTGMMw6E+9LDpljb3L3ENpCkz8s6oMn8a5i11nUIL2ya5uLt4JFYyLKtuQcKTx5ZLZzVabxNqwtbacXFvELkeeiPCu5ELHCHdIueBjOKdnsB2L6bYyTCZ7SFpB0YoM9c/zGafFZWsMbxxW8SI5JdQgwxPXPrXKT+INbOjJewxQujSbHkijT5AWC95SM857j1p8euaoLuRDFclIGi+Z/s+HDcYJDgZJ6bTSs9gv1OkTTLCOKKNbOARwkmNdgwhPXHp1pxtLMMWFtFuKFCQgztPUfTiuV/4STU5NRubdY4CNzxxqu8lWUHGCUAJyOecccUp8QarHp8jtbyJcNEioGt3VI5GOM8rl/wABjoMUWYzrgFjSNI1CoAAqjgAelRzW8c8RjnRXUchWGRXJzeJNTuZIoLWCKBxJtBP77zzj7oX5So55Y9Ku6xrF7ZJ5WY47pbZpTsAfJC8nB+6gPc8mhoSNxrK1ZOLaLHl+X9wfc/u/Si3sbO0aTyLaNPNwX2Ljfxjn1rj9O8SXq3kay6ja30RgkkZIZVY5UcD5Y1xzx3qyniLWG0eymFvaLLLLGpaS5CkgvjG3bxxwT296dnsCZ0sOl2UUU0KWcKRTcyIFGH+vrVj7LAbc2/kx+SRjy9o24+lYMfiGW6t7KaFFWWWWSJoFzIrlc8CQAAH5cjOM1i23i6/u9VFrI+0LtKi0WEGQ5wVO+Rh+RzSSb0DbU7K10yxslK21pDEGGCEQDI9KdaWFpYiQWltFD5jbn2KBuPqaw7/xBd/8TCK2S2ga0I+eaY7iPlJOwIePmxnNXba9vdQa6tGMNrLCq7pYJPNKkjOMMgHT60We4FttL04o8bWUG2RdjDYORnOD7Z5qRbW3ECWwt41gTHloF4XHTArEgh1WXWbmzbXJjHFGjg/Z4snOevy+1JqGuywasmm2zmWeG33yApne7fKg46c5Jx2oA31jjWUzeUBIyhWfHJA//WajWzt47mW5jto1nf70gUAt9TXP6b4llvIvs1zLYw3KF45iLnLgrkMwXZjtnFZ7a7P/AMI59tTxIDMbjyEPlRbdxbAB+XoB8xosB2kkKTIBJGkikhtrDIyOQaZc6faX0Xl3dvHMuc4dcise6vr7Tk01YpJ9RW5uAGmCxLlSpOB09M59q56Hxfrjakm82BgeTy/LUx5AzwQfN5Y9MdB700ruyDbU737NBvifyk3RAiM7fuAjHHpUKaZYx3MtylpCs8oKySBBuYHqCatjkDjHtWX4gv7jTdJe5tWgWRWUfvumCcHHzKM9+T2qRob/AMIxoRxnSbQ46fuhxVm30jTrSNo7eygjR2DMqoACR0P4VyNr4w1BRB5/lXSh2MhtvLDGNVJYkeYQDnHStTxD4iu9KurcQKotpB88j2csm0npgqQD6YHIqndCWp0ghiE7TiNRKyhS+OSB0GfxNQSaZYyzJNJaQtIj+YrFBkN6/Wua0DxHc6pc+ZI13IBFl4o7MpEHx90EjOeOpYDPSpp/EE8xmms5AIDDbyRhkGQXlKsD+AxSs07BdG3baPptnM81tY28MjghmSMAkHrRbaLplnIJLawt4nGcMkYB5rH1jxG4s5E0yW2huC7xpNduFQFepUfxc8Dtkc1VtPE1+b22W8ls4LRl3SSTwPCzeyZchjnHPT3oSbB6HWT28NzEY54kkRuCrjINJNbQXCos0SSBGDKGXO0joRUgIIBByDUF9PLb2rPCsLSdAJpfLX88H+VIYW1haWcbR29tFEjElgigZJ9agfRdMkUq9hbspk80gxjBb1+tcxD4j1yTT7WTbpmZLryi5usMVBI5GzA+719O1aepX2pveWUNoZh5kDySLZ+VJyCB96TAxyelOzA3ZbO2nt/Ilt4nhxjYyAj8qrpoumR3P2lbC3E39/yxmsnTrrVl1j7Nc/amRrZ5EW7WFcsGUDBjz696rDxJqa3NzPLDp6WcJEABvD80mcEg+XkjJA6djRbsI6QafZrM0yW0aSsmwui7Tt9MipYII7a3jghUJFGoVVHYCseXVtUit1lGnWkgyQxjvCwGOnRMkn0AqtY6trcxuNtrYXm1g6iK6ZSqN0GTHgng+lFmB0EtrbzujzQRyMmdhdQSueuKRbO2WVZVt4hImdrBACM9ea5OPV7+W9vlm1C7iijkKosFmshXDMOynjAHJ71o6TdyajHMkOq38pdQUmlshGE57EoAT7Gi2gGu+nWUl8l69rE10gwspUFh9D+NPntIbmWCSVNzQPvj5PDYxn361hRRas+t3Fidcn2RwpIG+zxZJJI/u+1Go67LZ6pFptvIZ7iK3Mko2DMjH5UXjoSTk47CgZrX2lW2oupuTOygAGNZ3VG5z8yg4P40XGj6bdgfaLG3kwxb5oweT1NYWleKLq4ItrlLD7TEzRyqLs+YSuckLsx245px1vXJ30qSDT7RIrtidrXRJYbCQCfL49eM0WYrmzDoWlW7M0Wn26FlKHEY5B6irdtbRWdslvCpWKMYUEk4HpzWSlzeajbTySXR0trWVo5vLKSqQADnLr059KzNDu73VzM3/CQzJ+9YRQtbxLIUXjcQV79eOxFGrDY6e4srW7x9ot45cAqN6g8HGR+g/KkisLSG6kuoraJLiQAPIqgMwHqa4+bxVqcGqLZKqys88qR/uGxtXIyxAwQOOh+tXLDW9R1GCQws8t6YQRbratDHHuxhi7hskDJ9DjpRbS4/I6hYIld3WNA7kFmA5JHAzUdpYWlgrraW0UIdtz7FxuPqa46XxJr8TrFJbxRSXGyGIvDMAJM4JXMXQ+/T6V2VnJcS2cT3UPkzlfnjDhtp+o60WsK5PRRRSGFFFFAEcP8Aq/xqSo4f9X+NSUAFIQCCD0NLRQBy8/hG3mv7y5KbUKoII4yozhec5U4571BB4Wuj4eurJjDA8szyojos4GVAAJKgA5HUCtuTxFpkUjRvLKGUkHFvIefrtqzYanZ6kkjWkvmCNtrgqVKn3BANPWwX1OVHhK9ENusItoRbIFKFi32vkNiQgDC5HHGeKs6lodzf3Mc40m2hMceSYLgI7uSp+8E4C4P1rrKzbrXtOspniuJpEdPvYgcgfiFxRzNiscqnhPXCJmkuo3SUT4t5ZmfaXHDFsAE8enetW00W7s1v2k0/TZhP5QWC3zCh25yTkHB6c1ow+JtIuE3x3RMewvvMLhdoGc5IxirJ1fTVDFr+2ULjLNIAORnqevFNt7ArGGfDt1NbwSyiBbmKSWb5SxZSz7tgbIGOxJFZ1r4d1K3jsiNKgFxBcCZ5f7QYhvmJIC7cDrXXRapZTiMxzhhI7IhwQGIGTj1GOc9KrQ+I9KuJY44rklpG2oTE4DH0BIxSTYMzIPDcolMbwWUdtLJ50x2eZISDkDcwOSc8noB0AovfDMkwe0iS3Fk9wk4MaLG6gZyvC4PbBP0q6/izSFfYss8jBwjCO2kYpnu3y8CrNtr+l3aTPFdqEh/1jyK0ar9SwAo1GczD4Xv7Zo5FtUkT96rW32vZkMVI3ME+YfL0AFbkenahcNapeGCO2tdriGDjzZAMjPHyqD0A9Pwq1F4h0WZmEerWTFW2EeevX8+afd6zY2MwiuJJFcjcNsLuMfUAii7FYpR2WoX+oyXN5GLJRb+SnkT73yWySDtGOgFQ3elX9u8Zs7m/uucsJL4Rgf8AjhzWnZa1YahcNb205aVV3lGjZDjpn5gKv0bDOQk0O9ibS1awivvJglEwabYgdmVu4O7vwRilj0/WUBEtksjT3kM0swuF+VUZeihQMAL6111FF/6/EDlLbwze/aUFzcIbVgwlRe6+YXCDjkHPJP0pdW8P3Vzo13pvM1op8y2RX2sec+W3sD056YHauqoouHW553qPhPUTNevGjTpJsiiL4ZyPLAyST0B4z14rbbwlHPOrSqkZNmkTTRH94JFPUH0x/wDqrqaKOZisc7pHhuSxvnu5725lZZ5XjR5dylWAGTwPm4rY043bWStfYE7MxKgAbRk7R9QMVaoouM57xFoT6tcQzBBIsMMiqnmBCzMVxyVbjAPasy18OalZy4EEMwZYsF7g7ImVQCTHt+YjHHPp0rtKKE7A9Ti7rwxfC722oLxB2cTTXAJG4k4VduFAJPvSnwdNaaQYoWW5u5JFZ8MY41xk5VSTg5PXqa7Oii+gdTz/AEzwvrWn20aNbW0jxjnNx94hWC87eANxNdS9tfWnh6CytreKecQiJt0uxR8uCc4Oea16KG77gtHcqQWSjSYbGf5wsKxvtJGcADqOawJvCdvca1blrALYwZbc13IzO2OMLn5SDnnNdVRRfW4raWMttFRIUt7S6ubSAMWdYnJZj2+ZskfhWfHosv8AaMAjsIoLeK485rhrgyyS4BAGCOMk564rpKKLjsYNr4ctGv7m7u9OsBvGyKJIVIVQep45Y/p0osvDcEOkQWhSO3faFuGtlCmVf7pYDODW9RRcDHTQ4Wu75Z4ImspkiWOMfw7VI/D2IrJvvCVzLeSywy288TeXhbrezfIOmQcc8c4zwK66ilcDnbLRLqxjhLJFcstq6ujvw8jPvIyQePesm58L6ncaYkL22nuUhjhCHG/5cEuJCpwe2MdBXcUU763CxyUfh28e3SKNVsf3E8RcSh2Bfbhsqq/3TQPDF7aTqIblriORo/MMkhRYwsgbIXncTjHUV1tFF2K2ljkX8MXsl/fT7bIrPcNIm+SbdggddrAdvSlg8Nzw2V9BcWVrdLPOjrEtxIi4CgEknJ/DNdbRRfSw+tzh73wddXBhRgrKWBYRXMiRoAecqSS/HYkYNXbzw1cyalLLbW+mrbmWBkLxnzUVCpIU9uhrq6KOZisc1faTe315OY7O3to/LmAcS5Mzum0EjHy+/WstvCF5AzG0TaEMJU/aArOVbJwQny/rXc0UJ2G9TnIdN1RrF7JI7ewhmcmRo3MjqnAIBIG5jz8x6VYns72a4s7OO0hhsLWVHEvnZZlVSANuOOcd+1bdFFxWMK80a5SFntb/AFKaXPEZuwg/PaaonQr64tJxdRb3nlj+R7tuFRcAuygFuecDH1rq6KLjORm8NX1xdxCXylQuGklhnkUKoUjbtJ+bJweo6VNceHrx7qzdYtMmWG2MTC6jaQZ3ZyoJJ/M11FFF2FjndN0e9sdWnvTbaagNr5aJaIYtzbs/N1/OsGHwNqZu5ftF6vl3ZaS5kjJwpIIARTn2yTn6V6BRRcDkZdC1aTTIbSfy7kQRSxA+dtZt2FByVPRc9fWrEuj6xIRM9xBLmeOZrbJAQJ0Csc/iSPpiumoov1FYqW5vGv7szALbDasIwMnj5jn8QPwpuqQXV1Zm3tZFjMp2SSHqqHqQO5xxV2ikM5m50G4g0Q6ZZwxXC7JIYJJJNht42GAOh3fp0FbN8LuPT/Ls7dJ5SuzDy+WBxjOcGrtFD13BaFCG1mt9CitAS00duI8o+3LBccHBx9cVzKeEdSfEiahNaBX81bfzzIpk6ZJwMevyge9drRTvrcVtLHLP4f1G6EazXTJtSRHd5POLZK4xkDAO36imweG7tt/meVFLEqGGcNvLyhyxkIwMZyRjJ4NdXRRcLHO6qut39usC6ZbqEmSQMbzqFbPTZ3xVi6j1LVNPura40+C3ZoyIm+0eZ83/AHyMfWtqijoPrcxr/R5r7VLOcXM0EUMLozQSbXJJXHY5HB/SoL3QHdpTbFWaS0lheSVvnd2ACljjmugopAtDmLLQLy31Gwne20iJIM72tYSjnKkde4quPDWokWylrUpFbLGVkllwG3MSQEK9iOT6V19FO7A48+GruTTYbS6t4LiQXRfebh9kce8MBtbO7gEYNLP4Xvo7xb22e1MxTykjRPKjtueHQDOWGT1/DFdfRRcVji5PCN19rMse3zJJJpHlaQYG7dtG3bk9R34qzb6DeSWjRTxCFhEmZUuN8srqQRhyvyDjsO9dXRRcZw48J6leN5c7Q21uXDEF/OOB0GcKdwIznOB6VpXnhny4yNORC/2OSAyTSEu5ONu5jkkda6YkDrSFuBjnNF2KxztjoV5Z6lBeTSRXGSS8SkoluxHLRjvnvn61Tbwl/aFvHb6jDapFACVkjUNI75JBJI4UZ6dzXWMTjBpSArAjoaLgc4NM1FYLZYrTTontpfOIhGxZ2AKjgD5cgn1wcVUi0bU0jii8q5aOJ1kEbagCuQc4x5fSutwNxB+opVHzZAwKLhY5afSdQkcyS2Uc0khlMgW5CAq4xs+6egCnPqKs6VDq2m2kkf8AZsMkrNuLG8+92Azs7AAfhXQgc5JyaWi4znIl1yLVrm+/sq3ImjRNn23ptz/se9aENrcPqsN9LDHD/o7JIivuIYsD1wM8CtOii4GDp2h3VlHJL9tnExllkSEy5h+ZiRkYz355qrP4WmfT5Fa6FxcY/cK6hUhy25seuemTziuooouDMK58Pkg+Rd3CxJKbiKBGCbZMdmwSByePeubbwfrKQ2/lvC6q4byWkIKbSCuW6NyOcAV6DRQm0D1Kdub1r+488KtsqoIgB1bBLHPp0H4VHrUF7cac0dg5S4LDa3mmPHqSQD+VaFFIDirbwddAAXf2d2Ak/eI7hnkYYMjHqcjgrUv/AAjupxBbhH825QIuGnwWHzbyGKkKeQBgdBXYUU7iscxZaNfo8F1LFBHJaAJFEH5kUAj5mAHtjIOMH1rPl0LV9975GnQxJdeWdpvidhEhc4+TgHPHpXb0UX1uFjmjpd5PpUGnDTobdI2wHN477R/e+UKWJJPU1HaeHGsb+zjtLYw29swZrk3js0oA5Bj6ck11NFFwsVITdtqVz5gC2iqgiGBlm5LHPp0H4GjU7c3Vi8a21vcP/AlwMoD6ng9Kt0UhnOHwnZR2VhBHZ2cjwzK80jwqC453dvU9Kj1PR55tSgMOkW8llbxMkapdmDliDnCrx0NdPRTuByllpF5BqqzJpaW0LwtDKy6g0jAEg5GR2wfTrVSTw1dR6T/Z0WjWEwSTdHPJMMhfM3beUJ6cde9dtRRcVjlr3SLu+sUtV0uKyj3klLa7CKM/xHCZJ+mD71DD4Z1ezlacarcXLS4Mq+eYyMcAK2DkAevJrr6KLhY5R/Dl8JPtBlScLM8gtSdodS+4Avj12k5B6Y71ZsdKv9IRLi3jhmmeEJPAZNgZgSQwbB6AkdOeK6Kii4WOcjXXE1ie/wD7KtyJYlj2fbemCTn7nvWhFa3EmqW19LBHCRA6Sor7juJXHOBngVp0UXGYWm6DLbmZ7i9ufnnlfyUl/d7WYkcY9D+dVpvBunrPp4t4G8mBj5m64kyRtIGOfXHpXTUUXAx08N2UaLAhlFp5pme3Lllkfj7xPJAx06UkOhRyxXSXqKS9288LxsQ0ecYIPUHitmii4HGXXhG/aeeWKW0lLSySI0m8SDdwPmBwMZJ4HJz61sWugInnwXA8y2aOFEw7Kx2LjJxj+dbdFFwOVg8KW82tSXN1YiO3jjMcOLuR2JJ5bqNuRxjNdLbW0VpbpBCpWNOACxb9TzUtFF+gWCiiikAUUUUARw/6v8akpsalEwadQAUUUUAc9Ncxz6gZ9NtL+WdGxI8R8uKTHBDF/lbHTgZ9KfpE4in1q5u2jjCTjzWDZVdsa559q17u0t763MFzEJIiclTUK6VZJp7WEcCx2zdUTjPOTT6AXEdZEV1OVYZB9RXOeJLi5vdPvrS0MkMMMTG4ucYzgZ2JnqT3PQD3rowAAAOAKbLFHPC8UqB43BVlI4IpMEcxqN1ew+HLmK5tla2ezJjngGAvy52svb2I4+lcvY2hm1dlE5Yz3MQjMRhfyRgscqFwDjqenOK9P8qPyvK2L5e3btI4x6VBHptjFOk8dnAkqAhXSMAgHr0qr63FbSxxc9nNepod3eTRTE+Y5mmjUMMIxC8LgLxnoTVDSbNhq9m1tbrPGhSdJYjuUbifvMIgRjB6mu+k0TTJvL8yyhby0KICvCqewpknh/SZLs3TWEPnkglwME46dKFKzCSucPe36veG5uLawlnuQ7/Pa7sKjlAMmQc8dhU8krr4Xvbfyo4os29xGiRCIrvfJBDMyjp34rvoLaC2TZBEka88KMdTk/qSaqpoumpFNELKExzMHkVlyHIOQTnrRfSw2cRq1y8mlzqZZyCvRp7Ijr6Ku78ua6xp9Sn1M2dnc28EcVtHITJAZCSxYf3hj7tXX0jTZEKPp9qVPUeSv+FJeaNp2oSJJdWkcjou1WPBA9OKLisZbCfTdchvdV1C3dJIWhj8uAx4I+ck/M3GB1rbtLy3v7dbi1lWWJsgMvtVODw9pNu7PFYQhmQoSRn5T1HNXLSzt7G3W3tYViiXOFUcc0hk9FFFIAooooAKKKKACiiigAooooAKKKKACiiigAooooAKKKKACiiigAooooAKKKKACiiigAooooAKKKKACiiigAooooAKKKKACiiigAooooAKKKKACiiigAooooAKKKKACiiigAooooAKKKKACiiigAooooAKQ5xx1paKAGrz15IpMZDEevFKRzn1GDQFIxk9KAEJDY9e9LtPAJ4FOooAKKKKACiiigAooooAKKKKACiiigAooooAKKKKACiiigAooooAKKKKACiiigAooooAKKKKACiiigAooooAKKKKACiiigAooooAKKKKACiiigAooooAKKKKACiiigAooooAKKKKACiiigAooooAKKKKACiiigAooooAKKKKACiiigAooooAKKKKACiiigAooooAKKKKACiiigAooooAKKKKACiiigAooooAKKKKACiiigAooooAKKKKACiiigAooooAKKKKACiiigAooooAKKKKACiiigAooooAKKKKACiiigAooooAKKKKACiiigAooooAKKKKACiiigAooooAKKKKACiiigAooooAKKKKACiiigAooooAKKKKACiiigAooooAKKKKACiiigAooooAKKKKACiiigAooooAKKKKACiiigAooooAKKKKACiiigD/2Q0KZW5kc3RyZWFtDWVuZG9iag02MCAwIG9iag08PC9CaXRzUGVyQ29tcG9uZW50IDggL0NvbG9yU3BhY2UgL0RldmljZVJHQiAvRmlsdGVyIC9EQ1REZWNvZGUgL0hlaWdodCA4NzMgL0xlbmd0aCAxMTcwNzQgL1N1YnR5cGUgL0ltYWdlIC9UeXBlIC9YT2JqZWN0IC9XaWR0aCAxNDk3Pj4NCnN0cmVhbQ0K/9j/4AAQSkZJRgABAQAAAQABAAD/2wBDAAgGBgcGBQgHBwcJCQgKDBQNDAsLDBkSEw8UHRofHh0aHBwgJC4nICIsIxwcKDcpLDAxNDQ0Hyc5PTgyPC4zNDL/2wBDAQkJCQwLDBgNDRgyIRwhMjIyMjIyMjIyMjIyMjIyMjIyMjIyMjIyMjIyMjIyMjIyMjIyMjIyMjIyMjIyMjIyMjL/wAARCANpBdkDASIAAhEBAxEB/8QAHwAAAQUBAQEBAQEAAAAAAAAAAAECAwQFBgcICQoL/8QAtRAAAgEDAwIEAwUFBAQAAAF9AQIDAAQRBRIhMUEGE1FhByJxFDKBkaEII0KxwRVS0fAkM2JyggkKFhcYGRolJicoKSo0NTY3ODk6Q0RFRkdISUpTVFVWV1hZWmNkZWZnaGlqc3R1dnd4eXqDhIWGh4iJipKTlJWWl5iZmqKjpKWmp6ipqrKztLW2t7i5usLDxMXGx8jJytLT1NXW19jZ2uHi4+Tl5ufo6erx8vP09fb3+Pn6/8QAHwEAAwEBAQEBAQEBAQAAAAAAAAECAwQFBgcICQoL/8QAtREAAgECBAQDBAcFBAQAAQJ3AAECAxEEBSExBhJBUQdhcRMiMoEIFEKRobHBCSMzUvAVYnLRChYkNOEl8RcYGRomJygpKjU2Nzg5OkNERUZHSElKU1RVVldYWVpjZGVmZ2hpanN0dXZ3eHl6goOEhYaHiImKkpOUlZaXmJmaoqOkpaanqKmqsrO0tba3uLm6wsPExcbHyMnK0tPU1dbX2Nna4uPk5ebn6Onq8vP09fb3+Pn6/9oADAMBAAIRAxEAPwD1Lw5o62TSzuJyEJhs/MuXkCQbY8qqliFG9D2zwO2K6ONdzY7Vl6N9r8m4+0f6rzv9G6f6vauen+3v68/hitiD+KtJ7kQ2JgMDAooorMsKKKKACiiigAooooAKKKKACiiigAooooAKKKKACiiigBn3ZPY0H5nx2HNOZdwpCgJyetABuU/L1pNh6bjingAdKKAADAxRRRQAUUUUAFFFFABRRRQAUUUUAFFFFABRRRQAUUUUAFFFFABRRRQAUUUUAFFFFABRRRQAUUUUAFFFFABRRRQAUUUUAFFFFABRRRQAUUUUAFFFFABRRRQAUUUUAFFFFABRRRQAUUUUAFFFFABRRRQAUUUUAFFFFABRRRQAUUUUAFFFFABRRRQAVUv9OttSSJbkS/upPMjaKZ4mVtpXIZCD0Yjr3q3RQBXsrKDT7Vba2VliDM3zyM5JZizEsxJJJJPJ71YoooAKKKKACiiigAooooAKKKKACiiigAooooAKKKKACiiigAooooAKKKKACiiigAooooAKKKKACiiigAooooAKKKKACiiigAooooAKKKKACiiigAooooAKKKKACiiigAooooAKKKKACiiigAooooAKKKKACiiigAooooAKKKKACiiigAooooAKKKKACiiigAooooAKKKKACiiigAooooAKKKKACiiigAooooAKKKKACiiigAooooAK5X/hW3hL/oE/+TMv/wAVXVUUAYOjfa/JuPtH+q87/Run+r2rnp/t7+vP4YrYg/irH0b7X5Nx9o/1Xnf6N0/1e1c9P9vf15/DFbEH8VaVNyIbE1FFFZlhRRRQAUUUUAFFFFABRRSEgUALRTC+O1MMxzwKAJqKrmQmpYzlKAH0UUUAFFFFABRRRQAUUUUAFFFFABRRRQAUUUUAFFFFABRRRQAUUUUAFFFFABRRRQAUUUUAFFFFABRRRQAUUUUAFFFFABRRRQAUUUUAFFFFABRRRQAUUUUAFFFFABRRRQAUUUUAFFFFABRRRQAUUUUAFFFFABRRRQAUUUUAFFFFABRRRQAUUUUAFFFFABRRRQAUUUUAFFFFABRRRQAUUUUAFFFFABRRRQAUUUUAFFFFABRRRQAUUUUAFFFFABRRRQAUUUUAFFFFABRRRQAUUUUAFFFFABRRRQAUUUUAFFFFABRRRQAUUUUAFFFFABRRRQAUUUUAFFFFABRRRQAUUUUAFFFFABRRRQAUUUUAFFFFABRRRQAUUUUAFFFFABRRRQAUUUUAFFFFABRRRQAUUEgdaQMG6UALRTEJ3MCehp9ABRRRQAUUUUAFFFFABRRRQAUUUUAFFFFABRRRQAUUUUAFFFFAGDo/2vybj7R/qvO/0bp/q9q56f7e/rz+GK2IP4qyNH+1+TcfaP8AVed/o3T/AFe1c9P9vf15/DFa8H8VaVNyIbE1FFFZlhRRRQAUUUUAFVr28jsbfzpASM4wOpqd3WNC7HCjqa4q9unu7qRyzFNxKqT0rSEOZmdSfKh+seNLrT4Ukis4n3OR8zHpWR/wsm//AOgdbf8AfRqh4m/484P+uh/lXM1jWfLOyOnDRU6acjto/iNfSSKh0+3AY4zuNXf+E0uv+fOH/vo1wFv/AMfEf+9WyetYOcu51RpQ7HTf8Jpdf8+cP/fRqvN8Q723k8sWFuQBnJY1g1m33/HyfoK1oNylZmOJhGMLxR1n/Cyr7/oH2/8A32a2vDfjKfWr2WC4tY4lRAwKMTk5x3rzCuk8Ftt1K4b+7ED+tdE0lFs5aS5pqLPWqK42fxTeeawjEaKDjBGasWXiw7wt2g2n+Ne34Vz+1jex6Dy6uo81jqqKbHIksayRsGVhkEU6tDgasFFFFAEc8oghaQjIUZrGbX5N3yQLj3NaGrf8g2b6f1rmKANb+3pv+eCfmak/tqb/AJ4p+ZrFqcdKBm/ZaiLpmVlCkDPWr1cmGKnIPSulhuY3hRmdVJAOCwoET0V5f8Z/Fk+iaBbWum3jQ3dzL/rIXwygc/rW98Nr3VLrwda3WuXiy3E3zLuIyF7Zoj7yb7BL3Wl3OyoqPz4v+eqf99CnqwYZUgj1BoAWiivAdD1/WZfjYbGTVbx7P7U6+Q0p2Y54xRHWaj6/gD0i5dj36iiigAooqq18gYqkckmOCUXIpqLewm7Fqiqn2/8A6drj/vik+3/9O0//AHxVezkHMi5RVT7cf+fW4/74o+3f9O1x/wB8Uckg5kW6Kp/b/wDp2uP++KX7d/07XH/fFHJIOZFuiqn27/p1uP8Avik+3jvbzgeuyjkkHMi5RTI5UlQOhyDT6gYUUUUAFFFFABRRRQAUUUUAFFFFABRRRQAUUUUAFFFFABRRRQAUUUUAFFFFABRRRQAUUUUAFFFFABRRRQAUUUUAFFFFABRRRQAUUUUAFFFFABRRRQAUUUUAFFFFABRRRQAUUUUAFFFFABRRRQAUUUUAFFFFABRRRQAUUUUAFFFFABRRRQAUUUUAFFFFABRRRQAUUUUAFFFFABRRRQAUUUUAFFFFABRRRQAUUUUAFFFFABRRRQAUUUUAFFFFABRRRQAUUUUAFFFFABRRRQAUUUUAFFFFABRRRQAUUUUAFFFFABRTd685OMetNY5wc/L3oAczBRmmPME7HmkAJBA6A1DPy478fhVJXYmweUsc/pSLNJ03AYpi9xTQOcnvWlkTcl819xw1KJ3PBPNRnhqNpPJPNFkMm85/Wjzn9aj6dTSbl/vL+dFkFyXzn9aPOf1qLI/vD86XI9R+dFkFyTzn9aPOf1qP8RRRZBck85/Wjzn9ajoosgJPOf1o85/Wo6KLICTzn9aPOf1qLK/3l/Ojcv8AeX86LILkvnP61JHNk4b86r0UOKYXL1FIvKj6UtYlBRRRQBhaP9r8m4+0f6rzv9G6f6vauen+3v68/hiteD+KsjR/tfk3H2j/AFXnf6N0/wBXtXPT/b39efwxWvB/FWlTciGxNRRRWZYUUUUAFRNcRq2CTn6UlxL5agdzVEZLDPrVxhfVmU520Ry2reJYXup7Z55NiOVK44rN/tmx/vt/3zWNqv8AyF7z/rs1VK9SNCNkeTLET5ma+puusQxxWfzPG25t3HFZn9h3/wDcT/vqr+i/8fEv+5WzXj41ctZpH0OXe/h1J+ZzUWi3yTIxRMA5PzVpfYLjP3V/OtQdadXG2d6ikZP2C4/ur+dYupo0F6Uk4baDxXYVyfiD/kLN/uLWtCTUjKvBSjZlDcK3fC11Fb3d0XJG6HAwO+a56tPRP+PmX/crqlJtWMsNQj7WJ01tLbwQSTzR+dMWwsbfdA9TRdPb3Fj9qiiEMqNtdF+6c9MVUo7Y7Z6VzciPoU/e5uv9aHV+DL9p4JrViT5fzLnsDXVVnWcEFuRNHEqu6DcVGM8VoKwYZFaxVlY+cxc41KrnFWTFoooqjmM/W5Ug0ieSQkKAM4+tcd/a1p/fb/vmup8Uf8i7d/7o/mK83pMaN/8Ata0/vt/3zVoahbYHzN+VctWiOg+lC1E9DY/tC2/vN+Vcp4k8DX/jS8S50zVTarAMSKcjOenetStXT7W/vdB1a10yeOC8lQLHK4JCkj2olorocXd2Z8+W/hu+1fxgfD1teG7mWQoJySVwOpruL74N69penT3UniFVhgjLkAsOB+NY+nR+J/hP4he+u9HW4EmQ0xBZSpPJBHQn3ra8d/F6HxL4XXTNLtpoJbni43noPQY96G/3a5dX+oJe++bRHIeDPDGteNr2e2s9RlhWFdzSu7Eew616hqs/jb4feH9J0vRbQ6pIdxnlELSY9K6P4TeFD4a8JpLOoF3e4mk9hj5R+Vd9Wk1b3V8yIO/vP5Hgn/Cxfir/ANC23/gG1cBY6zr0Hjc6rbWRfWvNLfZ/LJ+Y9Rtr66r5x0An/hfZOeftb/1qIa1EvJly/ht+hp/8LE+Kv/Qtv/4BtXoPw48QeKNetrt/EunGzeNgIgYTHuH413VFNOxLVxkxxBIR/dP8qzDNdwWEDWlmLl2UbgZAmPetKf8A495P90/yrKma9/s2COxjG90GZCfuj/GtaSv9/UT3MWTxDqY8QxWv9n4O0gxeeNpb6+vtW6l1fvaXLXNkLRkjYoRKHycVzTCZNShtzo9ySYmyDKu5j/ezWwbq8tNJuY9RiPEe2KTOS5PAU+9dtanG0eWK+/z9TKDfM7v+rGRaXSy2yPNe68ZG+95aHbn24rR0683aJdPNc37IszIshX96o96fbaVdW1hCZtduLcBRlSFCofTJo0m5Sz0nUbh7k3CxzP8AvWx89OpKMk+XXVf1sKKd1cq3utahawboLoTKke7etozK/wDwKl07UXnU3Es+om4khLbTEVgU4zxUFzcyqsFne6hPbxyW+5lt4s7sk8YA44p+n3/kzT28GoXVzBHaFgs0WCpHAwMc1bpr2btHX+uthX95a/195T07VbgzQsmqXK/uj5z3q/ulc9MVqaXrNzc3RW41bTmQSGMRouGf3HNUba6uI5TeXVrM1vPGirGwXbI4GPunmtPS7aDS7hba6ghDz/vEkKDG49VB7U63JZ6a/L59OglfozasuJrpR0EnA/CrlU7P/X3f/XT+lXK8qp8R0x2CiiioGFFFFABRRRQAUUUUAFFFFABRRRQAUUUUAFFFFABRRRQAUUUUAFFFFABRRRQAUUUUAFFFFABRRRQAUUUUAFFFFABRRRQAUUUUAFFFFABRRRQAUUUUAFFFFABRRRQAUUUUAFFFFABRRRQAUUUUAFFFFABRRRQAUUUUAFFFFABRRRQAUUUUAFFFFABRRRQAUUUUAFFFFABRRRQAUUUUAFFFFABRRRQAUUUUAFFFFABRRRQAUUUUAFFFFABRRRQAUUUUAFFFFABRRRQAUUUUAFFFFABRRRQAUhYL1NRliQDnAzg4pfkXjqaAHMfkyDTQ7MnA6d6VBhcMPpTQcuQvANMByquNx59zTRgsyjoaFUFiDzipcD0oAhz0I+90IqCf5pOvarQGJDxwarzoA4HtVR3EyLknHpSSMqRlnYKo5JNPxiqOpD/UM4JhD/OBW0I8zsQ3ZCb4NRkCCSZNozt6bh606yZ0nmtmcusZ+Vj1+lVhJm4Y27+dO/CsB8sa1oW1sttHtBLMTlmPUmtZ2irErVjb4gWUrFQ2B0bpWMY4jL/rrUApnocf/rrcnTfER5piHdhj+tYhUxys8pkZuQrRqrDHuKug9GEyWxEazW4zA5YHO0Hcv1qJMpukiQmQBh9Tnr+VW7FGlG83RV88JsAOPemQLKyPJ5e2NVYbs/e5q3LVkpaIYxmNrEiTJhXHGw5B9/WrVxODdQW8jglRvkK8DioZEQJA4f8AeOy5XNWbmJBe24X5WcNkjr0qG02vmHQqSS3bLG7wkq0uUJfHHpirV21xLb7JIhErHDYfkj2qK9t5U8nN3K2XwMgcVLdRPEsIed5cyjBbHFK6dmrfiPVXKTLIEWBmuzGepxkbf8as2DZLI0twZEX7snAI9aoyNlrgk5YOcZ3Z/TirkEyh2k3httuMnOea0mnyiTsyE/ZYrMsbZnlyfm2kjr61Yj/s9njU2rq7cDcpAzSbi9tFZocsx3SEdFHWp7iRJLm2RHV8Nng5xUNvbXr1Gi7RRRXKaF1PuD6UtIn3B9KWsCwooooAwtH+1+TcfaP9V53+jdP9XtXPT/b39efwxWvB/FWRo/2vybj7R/qvO/0bp/q9q56f7e/rz+GK14P4q0qbkQ2JqKKKzLCiiigCleH94o9qgX7w+tN1fzEkjdSQCMcVmiaXI/eN+ddUIXimcVWpabR5/qv/ACGLz/rs1VK0L8A6jckjJMhyar7F/uivWjB2R4sqquy1ov8Ax8S/7lbVZOlACaTAx8tama8HMIfv38j6jKqi+rL1f5jx1p1Rg807NcElY9WD5h1cn4g/5Czf7i11Way7+CKS7LPGrNgckVthYc87I58ZVVGnzPuctketaeh/8fMv+5V37Lb/APPFPyqzYwRJK5SNVOOwr0VhJS0uedDNKdKSm4vQlo9PrVnYv90UmxePlHWq/s+fdHT/AKy0P5H+B38X+pj/ANwfyqaFsPjPWnwovkR/KPuj+VSBFByAK47EOaaFooooIMfxR/yLt3/uj+YrzbI9RXrs0EVzC0UyK8bdVYcGqR0TTR/y4Qf980mhnl+R6itIEYHI6V3n9jaZ/wA+EH/fNSf2VYf8+cX/AHzTWgnqef5HrVTxJ8Q/+EAaK0j0d5ri4jWQSSNtRvofWvTV0mwzn7HEP+A0zUdC0rVjCdQsLe5MJzH5qA7fpQ7u1gVlufPmoeKPHnxJMmn2lg62Tkboo48BfcseorWT4B6l/YnnHVI11QciED93/wB9dc17zDBFbxiOGNI0UYCqMAVJRZJaBd31Pmqw8W+OvhzqKafqEM08JYBYbgFg/YbW7CvYfFXivVtF8DQa1Bpub6TZutiCduevSusu7C0vhGLq2im8tg6b1B2kdxU5UEYIBHpQ23Gz3BJKV1seCD40eLf+heH/AH7b/CuHstZ1qy8Y/wDCSppUzXPmGTyzE23J/CvrLy0/uL+VHlp/cX8qFo7rcHqrHgh+NHi3H/IvD/v23+FeweD9Yute8MWepXsHkXEy5ePBG3862/LT+4v5U4AAYAwKd9LCa1Edd6Mp7jFUEM1sgiNu8gXgMnpWhRTjK2gNGcZSZBIbGXeBgNgZFK8pkAD2MrAHIBANaFFVzrsKxmzOLiMxz6fJIh6q6gg01ViSDyF0xlh6+WEG38q1KKftNLWDlM8TFX3ixlDYxu2jOPSgzsZBIbGbeBgNgZx6VoUUuddgsZzy+Yys9hKzKcqSoyD7UPIZQA9jK2DkbgOD61o0Uc67BYr2kLxq7yY3yNuIHarFFFQ3d3KWgUUUUgCiiigAooooAKKKKACiiigAooooAKKKKACiiigAooooAKKKKACiiigAooooAKKKKACiiigAooooAKKKKACiiigAooooAKKKKACiiigAooooAKKKKACiiigAooooAKKKKACiiigAooooAKKKKACiiigAooooAKKKKACiiigAooooAKKKKACiiigAooooAKKKKACiiigAooooAKKKKACiiigAooooAKKKKACiiigAooooAKKKKACiiigAooooAKKKKACiiigAooooAKKKYXw2Ov0oAfTC4PC9aUFiDlajYcgH/CgAJbgE59QKeuce1M/l+QpU+Vie1MQiEYIbp1oYkAbVxT3GMMO1ABZ8noOlADVI4L5z60rkYBHXtTlUgYPTtTsUhjFB3knvT6KKACq1x98fSrNRyx7xkdRVRdmJlWggEYIyD2oIK9RTSSRxWpIipHEDsRVz6CnbvYikJyAaUjIoASRVdCGUMPQ02OKOJsxoqZHO0YzTs5SlIyo9aLgNeNC3mbF3j+LHNAjTbgKAD2FLkkYwc0uOMUXAj8mLzAwjTcO+KkKqSCQCR0PpSgY6UUXAQqrY3KDjpmgqrY3AHHIzS0UAIFCggKAD1AHWmrBCmdsSLnrgdafRTuAioi52qBu64HWmpBDG25IkVvUDFPoouwCiipI4ixyRgUm7DLK/cH0paKKwKCiiigDC0f7X5Nx9o/1Xnf6N0/1e1c9P9vf15/DFa8H8VZGj/a/JuPtH+q87/Run+r2rnp/t7+vP4YrXg/irSpuRDYmooorMsKKKKAIbm3S4j2uM46Vy6yxtK6K4LI2CPSuurzXV3m03XrpYm25bd0655rtwceduNzzsfP2ajOxjX3/H/cf9dDUFTyjzZXkY/MxyaQQj1Neyk0jwXNN3LGl/66T/AHa06o2MQjZmBJyKu5r5/MP47+R9TlcksMvmOHWnVGDyKkzXm1Nz2KNSKTCs68/4+T9BWjmqVygackntXTgdKvyOPNJp0NO5UqxZ/wCsb6Uzyh6mrNlCDI3J6V7UJLmR85U1i0S0en1qf7OP7xo+zg4wTXRzo4+RnoMP+oj/AN0fyp9Mi4hT/dFPrwXufULYKKKKQwooooATA9KMClyPWjI9aACijI9aTI9RQAtFJuX1H50bh6igBaKTI9RRkeooAWik3L6j86Ny/wB4fnQAtFJvX+8PzpN6/wB4fnQA6im71/vD86PMT++v50AOopvmJ/fX86PMT++v50AOoqKS5hj+9IBUX2+ItgODQBaoqD7UnqKY92B90A0AWqKqrdMwztFSrMp6kA07AS0UUUgCiiigAooooAKKKKACiiigAooooAKKKKACiiigAooooAKKKKACiiigAooooAKKKKACiiigAooooAKKKKACiiigAooooAKKKKACiiigAooooAKKKKACiiigAooooAKKKKACiiigAooooAKKKKACiiigAooooAKKKKACiiigAooooAKKKKACiiigAooooAKKKKACiiigAooooAKKKKACiiigAooooAKKKKACiiigAooooAKKKKACiiigAooooAKKKKACiiigAoophU8gnIoADIA2BzQDuJBxj0phGRRnA56e1MQ4KpyAfwofao46inNhRuAFGFHPHNIYgZmwQMCiQA4OcU1WIyFGfQ07aW+9+lMBnB6kginjLNnHGKdgZzilpAIFAGMcUvSiigAoopGbb9fSgBaQkDqaQNk4IwaAgA55NAAxwuRQoPUnNIoyGHagI2OWoAcw+U0iAbRwKQElWB6ilT7ooAaFGWTA9RQrADDDBFPK5IPpS4FAEQX923HWpABgcUtFACYHpS4HpRRQAYHpRgelFFABgelGB6UUUAGB6UYHpRRQAYHpRgelFFABgelFFFABRRRQAUUUUAYWj/a/JuPtH+q87/Run+r2rnp/t7+vP4YrXg/irI0f7X5Vx9o/1Xnf6N0/1e1c9P8Ab39efwxWvB/FWlTciGxNRRRWZYUUUUAFcT42stk8N4o+Vhsb6121UtW09NT06W2bALD5W9DW+Hq+yqKRzYuj7ai4LfoeU5FOXLfdBJrVXRPIlK3DEspwQK0bWK2h4SNQfpXpzx8V8KufP08HJ/FoY9urISrDDAdKsVbvIMzNOgJ3dQB0qt5b/wBw/lXjYmftKjkfQ4NRp0VG/cQdRT6aI3B+6fyp+D6VxzTuehTnG24lVZ/9b+FW8H0qvNHI0mVRiMdhXRg1apr2OXMJRdLR9SCrVj/rH+lQeTL/AM82/KrdhbzNK+2Fz8vYV6sWrniPVFmrNjtN0NwyMGmfZLn/AJ95P++as2FnO10A0TqMHkrWkpLleooQlzLQ65PuL9KWkUYUD2pa8k95BRRRQA1ztUkVCXLdallIEZJOBVbzE/vD86YDqSk8xP7w/Ojev94UmAtQz/w1LvX+8KhmZTt5FAMjpyffFMyPUU5CN45piJ6KKKCivJ/rDTadJ/rDTakCKb+Goqlm/hqKgAqA/eP1qeoSjbj8ppoQ2nx9TSbG/umnRq2T8poYD6cn+sX60m0+hpUBDqSDjNIC3RSbl/vCjcv94VYiZPu06mRsNnUU7I9RTEWbdiSQanqtbEF257VZqWNBTXdY0Z2OFUZJp1c34juZBcxWwcrGVy2KErsbNMajNIu+O1LRnoS2CRVu2uUuoRInHYg9jXHixJwVu49nrvwfyqbSp3ttVjhjlLxu20+hq3FdCbnV3E32e2km8uSXYpbZGMs2OwHrXKXXxAhsrdri68Pa9DCuMu9pgDP412Fc149OPCF3/vJ/6EKxk7K5pFXdhlv40NzJGq+HNeVZCMO1phQD3Jz0rY1PWLbSmtFnEhe6mWGNUXJyfX2qxY/8g+3/AOua/wAq891O51u8+JVuVtQtrDbzpZRynHmSgDLH29Kt6S5f60Ijdx5vI7m21yxu7+7s4pR5lqwWUkgAN6fWrFxexw2ss0atcGNc+XBhmb6CvKdW8JQ2HiLSYhoy6xfXMckl2r3Hlea2M5J6cV1Oj6Ff2dpcvpWhWXh+9YgB5JvtKuv0B4pfZ/r0G/iJrj4gw2nl/afD2vRea4jj3Wn3mPQDnrV/T/FLX97HbHQNatg//LW4ttqL9TmuN8QHxX/bNhaXWs6afs2b13jtWxGE6bhnnOa6ayi8Y3KwXI1rSpLZ8NxZsCy/nxQrPX+v63+4Jaaf1/WxuXGtWlvq8OmNva4kjMpCrkIg7sewrMfx94ViZlfW7VShw2SeP0rkItQ1Fdd1OO8eyg1F5Bho79BI0a9I1H8IOMn61Hq10+vRlbjxH4f0uLILWXySHI6rI3cfSl0T/r+v67DejaO/vfEUFvpsF/aWt3qUE/KGyj35Hr1FMsPFNhfaDLrBWe3t4t29Z02uCO2PWuYvbrVJvDFrPa29gbexuEYSQXaxwzIvcH+Eexrk9KlvdVt0tLm/tbP7NdSNFb+WZ4p5B85LEfewOg9ab3aX9bf8ES2T/rr/AMA9a0DxBYeJNMS/092aJiQVddrKfcdq1K8y0q21E+IbPUoNesQ98n+ptbJlWYDqXGeCOma9NptdRJ9AooopDAkAZJwKyrzXra2bZH+9fvt6CrOpWTX1v5azNGfbofrXHz2UsDHgOoONycirik9xNnX2WqW16B5b4fujcGrtcXZ6XNcPy4hIG4ZPzflXU6eWksEEhLHBBJ70pJLYEyY3MAzmaPj/AGxVTTtastTtftEEoCbiuHIByPxriNX8P+GL3UZdK0nR4J9RfJnnDNst/Usc/e9q5/w74V0PRNOF1qmnfbtOklKPcu7FoGz1IB+5/Koi7vXt/kVLT+vU9S1TxJo+jLGdQ1CGDzPuZOd30xUen+JLS+iWSWC5sVeQRxfa02eaT0288iuP8bRx6F4NEmgPp8WnMuFiMJlaUk/wHPpUOm3uoa14dtkvkh1WwGyK4gigaGe3/uvgnnGO3WnHW/kJ6WZ6DZ6rb313d20Iffavsk3DAz7VerlfCkP2fVNZiDu4SYAM5yx4711VC2TDqwooooAguruGzh82ZsL+prO/4SSx9Jf++Kg8U/6i2/3z/Kst7ASxxC2t7hXb77OPlx61airXYmzfg1+ynlWMF1LdCy4FamQBkniuKWOwEwhAmkcH76njP0rsCsVxalWw8Trg57ilNW2Ba7lHVdfsNHtknuJQweRY1WMgkknHTNXvtMH/AD3j/wC+xXkBsPCGo+JLu4g0kzaVpZMciWqPK08x9geg/nRZ3Xg6bWtQtpvCd2baHZ5Ijs5TIMjneM8c9KmOq/r+vMb0b8j1PVNatNJggmnLsk86wIYxu+Zun4U/U9WttKsJruclkhXc6pgtj1xmvLPH9nCtjolpoN3e2LzzxmG1BxHD3DMp5DelXbKw0zWtfsrPUNHJZo2W4udSVvNunUcheQOOue9FrrTu/wAgdlZvselWOo2mpWsNzazpJHKgdcMM4NTyypDGXkYKoGck4rgfC40DTdWvXg0mG1jtyUGowhliIB5Xk8Y6ZrZ1fVfCOuaRKl9qOn3NqjDO6cbQ2OOQaJNWugS1szTt/EFjc6I+qxMxt0RnYYG7A68VHaeIVvL+K2i0zUfKlQOt0YcQ4xn72a828PWQu/C9zF4XiispjC4u5bi1dlnXnGxs4rR0KWS/l0q3XXtTuLvA8+LT5AlvAF7MCOOnSmtZW9P1B6L7/wBDsdQ8Utp97JbDQdZuQn/LW3ttyN9Dms61+IcF6shtfD+vTCNzG5S0+6w6g89a7DoK5PwGc2+s/wDYUn/mKS7A9r/11N601VLjSjqE1tc2aKpdo7lNjqB6iqcfirTng06UmRP7QcpArrgnHc89OKxfiXc6qvh42elwsTcZE82cCOMcnP16Vg+I/DovPC8+q6jAjpbWcKadCrEbB8uTx3NK+jl0X9f18xpaqPVnp4uICcCaMk9gwqSvN/D/AIcT7TYyy+BILZRtY3Q1AOV4+9t6mvSKpqxKdwooopDCiiigAooooAKKKKACiiigAooooAKKKKACiiigAooooAKKKKACiiigAooooAKKKKACiiigAooooAKKKKACiiigAooooAKKKKACiiigAooooAKKKaWO7aBzQA6kDAnAPNRkEMN54NBIBBUcCgCWiiigAqNxj5hnipKCMjFAET8MD2NGCRz+ZpRGccnntTyARzzTAYuWjxTtgPJ5p1FIAooooAKKM8UwMzdBgepoAfSE4HTNLRQAw7wM5/CkJyytTnPGB1NBX5MUADjK+4pC3yAjqaA/GCDmgJlAOhoAUYQYJoJbsM0BADnqfenUANC4ByeTSgYAFLRQAUUUUAFFFFABRRRQAUUUUAFFFFABRRRQAUUUUAFFFFABRRRQAUUUUAYWkfa/KuPtH+q87/Run+r2rnp/t7+vP4YrXg/irI0j7X5Vx9o/1Xnf6N0/1e1c9P8Ab39efwxWvB/FWlTciGxNRRRWZYUUUUAFFFFAGLrmmNOhubcfvVHzKP4hXIm4IJDDBHBr0isDW/DiX2Z7UiO47js1XGXRnnYzDSl79PfsZ+j3LXkUliItyY3Fl+8KZc2zQSsAGKD+Laa59ptQ0S8yyvDKvcjgirV94svL+3EJ2xr/ABbf4qvld9DzPrlNQ5at1JF5vun6VXrMi1Zo49pXd7k0f2t/0zH50crMvrVJ9TTqeL/V1jrqy/xJj6Gp01m1RcEP+VHKyo4il3NStPQyftMvP8FZem+Zqr4t4JQvd3GFFdDpulz2kzvIyEMuBipl2PQw0XOSnHYvZPrU0akck0qxhTzzT6zPVSCiiigoKKKKAILz/j1f6VlVq3n/AB6v9KyqqImFS9qiqXtQwCmSdqfTJO1SwGU+H/XLTKfD/rlpDLlFFFUSVpP9Y1Np0n+sam1BQyTtTKfJ2plNAFP7Uyn9qYBSikoFJgLSN900tI33TSKIaKKKogsQ/wCrH1qSo4f9WPrUlWhFmy/1j/SrtUrL77/SrtS9xoKwdf02a5dLiFd5UbSBW9RQnZjOD+wXX/Pu/wCVaWj6VcG9jnkQokZzz3NdVRVObFYqaldT2Vk89tZSXkq9IY2ClvxPFcV4i1PxDreiTWEXhC9jeQqQz3EeBgg+vtXoFFZtX3KTtschb+JNeht4oj4Nv/kUKT9oi/xq5d2V7eeKdE1EWxSGGGUTZYZjLAYHvXR0VV9bkpWVkcf4k8LjxB4o0yS6tnlsIUfzGWUoQSOOhzVk6MvhexlPhvTXmup2C4kuGZV/2juPQe1dPRSSsrIe7uzk4PCk0Gj6o80/2rWNQT97Mfu57KvoorJ+0+JrzRbXRl8OXVo4ZEkumuE2BQeTwc9K9CopW1+78P8Ahw/4P4/8Mee2+lalYNPc6R4U06IJITMLxt89yem5G6DI9ao6hBqF7ren36eAGWO3LGVC0OXz/OvUKKfVeQeRyDRi90tLy48ITJNaORDY+YgDZ6nAO0/jXPxaZqUKyTy+FrrfPefa447aaNTBwBtOeOcdq9Poo6/16/oHSx5z4ch1Oy8TTXD+Ebm1tpfkgP2hGEKk5ckZ7tzxXo1FFHSwdWwooooARhuUr6jFcpc6VfWEpa3ZpI2PUf1FdZRTUrCaMDSNJuEuVvLlyGA4XOT+NbrIrRshHykYIHFOoobvuNaHOXHgbw/ParAbEqiMzjy5XQsx6kkHJ/Gsrwr4B03T7cTXdi63SyNhXnZ1K54yucH8a7iiktHcHqrHI6r4KshZSNp8Db0VjDb7/kVyfvDPSpR4YvrgW8h1m7s4/JRJrWFUw2Bg5bGf1rqaKAZw/h7wHYabrt7eNZyptn3WzG5dsj1Izz+NdxRRR0SDq2FFFFAGXrenyX9sgiwXjOQPWs21ttZilQSK7RY2ld46V01FUpWVhWOcGm38WYI4o8dFnzyFNbQsojp32KTLRlNjc4yKs0Um77jWhwlpa6j4X1rVJrDw9JdWtxIvlLbyImAB1Oaraff+I7PxFqupv4RvWjvRHsQXMeV2rjnmvRKKS0B9fM4zXNMu9bsLG9i0lre+N7C88cjgsqIT3HFR+IdK1nxcpsRZppsEEnF3K+ZT7x7en4129FGn9fILs5fQYNR02OPQ73SYJLRVP+lQEeWR/tK3JY9TVvV7K1sdLlNn4egvWY/8e8Uca59+Rit2ih67gtDidM0LxA/hyw037Sml2/lnzxGN0yEn7oP3cVmN4a1jR7STw7ploZLG4lWRb+JwjxruBYSdyTz09a9Joo63A5WTxDrVtI1vF4Rv5o4zsWQXEeHA78msTw7feItFivkl8IXsn2m8kuF2XEfAboDz1r0WigOljmbqbU9f8MX8UmjzWNwylEhmkVi/vkcUuu6Vd3vgJtNih33LW8cZj3Y5GMjP4GulopNJpruCdmpdjltI8CaJp5tLpLWZLqEBsm5kYBsemcV1NFFU3cSVgooopDCiiigAooooAKKKKACiiigAooooAKKKKACiiigAooooAKKKKACiiigAooooAKKKKACiiigAooooAKKKKACiiigAooooAKKKCQOtABRTC46LyTTfMbGcj6UASkgdTUauTkAZpWxkHBJpi55ydozTAdkg5ZvwFD9nHFJkKMqv4mnnlOfSgBjqNuScmlBLrgDA96WMDaDjmhQRuA/CgAjPGD1FKpO9gaFXBJJyTTqQBRRRQAUUUhYDqaAFopjP8oI70oBHJOaAAvzgDJo3ZBwOfSlAA6U1eXJ7UAIo2tg96UBhkADHqaVxxnuKXcNuaAEDHJU8GgJzkkk0g+Zw2MAU+gBjZD5AzxSgNnJP4CnUUAFFFFABRRRQAUUUUAFFFFABRRRQAUUUUAFFFFABRRRQAUUUUAFFFFABRRRQAUUUUAFFFFAGFpH2vyrj7R/qvO/0bp/q9q56f7e/rz+GK14P4qyNI+1+VcfaP9V53+jdP9XtXPT/AG9/Xn8MVrwfxVpU3IhsTUUUVmWFFFFABRRRQAUUUUAQXNnb3kXl3EKSJ6MK5m+8CWc5LWk7wMex+YV1tFNSa2OevhaNf+JG55vP4E1VCRDNFIPUnFQDwRr2eVt8f9dK9Poq/ayPPeR4Vu+q+Z55beAb9z/pF3HEP9kbq6DT/Bmm2ZDzBriQf3z8v5V0dFJ1JM6KOV4Wk7qN356jY40iQJGoVRwABinUUVB6GwUUUUAFFFFABRRRQA2QBoyCMiq/kx/3Fqy3Q5qGmIZ5Mf8AcWk8tP7oqSm0mNDfLT+6KZJGnHyipaZJ2pAReWn90UBFByFANOopgJmjNFFIY4IpGSoJo2J/dFKvQUtMQ6OGNs5RTT/s8P8AzyX8qIe9SUAR/Z4f+eS/lVVo0DkBR1q9VR/vt9aAI9i/3RUkUaFjlAeKbUkP3j9KQD/Jj/uLSNDHsPyL0qSkf7h+lMCoIUP8Apfs6/3FpakSUqRnkelAEkMMYiGUWpPJj/uLTkYMuR0p1ADVRU+6APpTqM0ZFABRRkUm4UALRSbhRuFAC0Um4UjOFUk0AOoqL7QvoaPtC+hoAlopu8UbxQA6io2mVcZBpv2hfQ0ATUVEJ1Jxg07zB6UAPopnmD0pPNHoaAJKKj80ehpyuG6UAOopM0ZoAWiiigAopCwBpN4oAdRTS4FJ5goAfRTPNFN+0L6GgCWiovtC+hpRMp7GgCSimeYKVXDHFADqKKKACiiigAooooAKKKKACiiigAooooAKKKKACiiigAooooAKKKKACiiigAooooAKKKKACiiigAooooAKKKKACiiigAooooAKKKKACiiigAooooAKKKKACiiigAooooAKKKKACiim7vm20AOprOq9TTZDgDGc0E5jJIGTQAFmxnGBSNgMCckGlJO3BwBjqaOGTC9RTENwce4oxgkdM9hRkcHOc9adswDzgUAOTOMYxSFcNkKD+NIn3jgHbUlIZG28kfLwO2af1HIxS0UAIAFGBS0UUAFFISB1NKDkUAFIzbRTHYhx6DrSucFT2oAUbiDnj6UhUBSe/qaMvjOB9KUndGSPSgAAzGB7UmxsfeNKn3BQS2cAfjQA3cdh9RxShgAAozSquBg85604ADpQAnUc0AADApaKACiiigAooooAKKKKACiiigAooooAKKKKACiiigAooooAKKKKACiiigAooooAKKKKACiiigAooooAKKKKAMLSPtflXH2j/Ved/o3T/V7Vz0/29/Xn8MVrwfxVkaR9r8q4+0f6rzv9G6f6vauen+3v68/hiteD+KtKm5ENiaiiisywooooAKKKKACiiigAooooAKKKKACiiigAooooAKKKKACiiigAooooAiuJBFAzkEgelUv7Ri/uPVm//wCPKT6ViVSQmaX9oxf3Hp/2lPQ1lVbHQUNILlr7SnoapahrEFj5fmRyNvzjbT6wvEfW2+hoSVxNuxd/4Sa0/wCeM36U5PEdrI4QQy5P0rlKltv+PhKpxQlJnWf2zb/885KP7Zt/+eclYlFZl3Nk+IbVDtMUuR9KT/hI7X/nlL+lc7L/AK1qZSKSOst/EFs+7EUvH0qb+3bf/nnJXL2fR/wq1VIl7m//AG5b/wDPOSsyTxPaLK4MM3B9qpjrWHP/AMfEn+8amWhUFfc6b/hKLP8A54zfpUsHiezLH9zN09q5Cprf7zfSpUmW4JI6/wD4Sa0/54zfpR/wklo/yiGbJ47Vy9OT/WL9aq5nY6X+2YP+eclH9swf885KxaK0sjO7Ow0+4W5tFlQEAkjBq1ms3Q/+QWn+8a0ahlDZJAgBIPNM+0L6GkuPur9ar0wLP2hfQ1XOoxZ+49JWcep+tNILmj/aMX9x6Q6pCONj1nUxvvUNILmp/asP9x6P7Ril+RUcE+tZNSQf65akZpeaPQ0eaPQ1FRSuMjOu24OPLk44o/t22/55S1gt99vqaStLGdzdbWbd8Yjk4pv9rQf3HrGXvTqVkO7NlNWg3j5Hqb+1oP8Anm9YSfeFS0WKWpsf2tB/ceqE/imzhneNoZiVPJGKrVzuof8AH/N9allJHT/8JbY/88J/0q3ZeI7W5D7IpRtxnOK4StbRek31FEdWKSsjr/7Zg/55yUq6xAzqvlycnFYlOj/10f8AvCr5UZ8zOsoooqCyjNfxxTMjKxI9Kj/tOH+49VL3/j9l+tV6uyFc0ZNVhRMlH61D/bVv/wA85Kzrn/VfjVSploylqbZ1u3Ck+XJwKpf8JNaf88Zv0qg33G+hrGpAzqP+EmtP+eM36VbtNbt7iMsscgAOOa4ytfSf+PZ/9+gR0n9pw/3Hqe0vY559iqwOM81h1d0r/j9/4CaAN2iiigAooooAKKKKACiiigAooooAKKKKACiiigAooooAKKKKACiiigAooooAKKKKACiiigAooooAKKKKACiiigAooooAKKKKACiiigAooooAKKKKACiiigAooooAKKD0qLexUHoPWgCQkDqaRj8hINIUG0nqcdTScmKgBGJwpAyRQwJAYn8qVThSrdqRdxG3p9aYh+QF9qjQEkg8Y6ClXap5yD7048yDA+tAxE2kZbr3zSZG/joeDTvLG4n9KfQA3YNuBTscYoopAFFFBIHWgAooByMikOccdaAFpofLEU1Rtbae9K4wAR2oAQABzu/WnhgehoKq2CRTXABBHXNACZBLEnrxSDLrtx071IFA5Ao24Yn1oAbvwMEHNKq4TBp1FACAbRgUtFFABRRRQAUUUUAFFFFABRRRQAUUUUAFFFFABRRRQAUUUUAFFFFABRRRQAUUUUAFFFFABRRRQAUUUUAFFFFABRRRQAUUUUAYWkfa/KuPtH+q87/Run+r2rnp/t7+vP4YrXg/irI0j7X5Vx9o/wBV53+jdP8AV7Vz0/29/Xn8MVrwfxVpU3IhsTUUUVmWFFFFABRRRQAUUUUAFFFFABRRRQAUUUUAFFFFABRRRQAUUUUAFFFFAFe9UtaSBQScdBWP5E3/ADyf8q6CimnYDn/Im/55P+VWRFJgfu2/KteihsVjJ8qT/nm35Vi6/aXMpt/Lt5HxnO1c4rsKKE7A0ebf2fe/8+c//fBqS3sLwXCE2kwH+4a9FoquYXKcT9juv+faX/vmj7Hdf8+0v/fNdtRUFHASWN2ZDi1m/wC+ab9gvP8An1m/74r0Gigdzh7Szul37raUfVas/ZLn/n3k/wC+a6+igT1OQFrc5/495P8AvmsWbT70zyEWc5BY/wAFek0Umrji+U8z/s6+/wCfOf8A74NSwafehjm0nHH9w16PRS5SnO5599hvP+fWb/vmnJY3e9f9Fm6/3a7+inYm5xX2O6/595f++aPsd1/z7y/9812tFXzEcpnaNG8emqroytuPBFX6dRUjsQTqSowCeag2P/dP5Veop3GUdj/3T+VZ5glyf3T9fSt6ihMVjB8ib/nk/wCVRtBNn/VP+VdFRQ3cLHOfZ5v+eL/lUkMEwmUmJwPpW/RSGZflyf3G/Kjy5P7jflWpRSsBxrWlzvb/AEeXqf4aT7Jc/wDPvL/3zXZ0VfMTynHLaXP/AD7yf98077Jc/wDPvJ/3zXX0UcwcpyK2txuH7iT/AL5qX7Ncf88JP++a6milcpaHLfZp/wDnhJ/3zWDfafetfSstpMQTwQhr0eik9R3PMP7Nvv8Anzn/AO+DWnpFldxibfayrnGMrXeUULQG7qxy32a4/wCeEn/fNOjtpxKhMMmNw/hrp6KrmI5QoooqSjEvIZWu5CsbEE9QKh8ib/nk/wCVdDRVcwrHM3FvOYsCGQ8/3aq/ZLn/AJ95P++a7CipepSdjjmtLnY3+jydP7tZH9n3v/PpP/3wa9IooBs83/s+9/59J/8Avg1q6XaXKW7h7eVTu7rXZ0UCOZ+zz/8APF/++auaZDKl5l42UbTyRW1RQAUUUUAFFFFABRRRQAUUUUAFFFFABRRRQAUUUUAFFFFABRRRQAUUUUAFFFFABRRRQAUUUUAFFFFABRRRQAUUUUAFFFFABRRRQAUUUUAFFFFABRRRQAUUUUAFFFFACMcKaZHypU1JTG+Vg3boaAGtlFI6rToyNoGRSH53x2HWnFFPamAjfK4b8DQgJJY04AAYpaQBjNFFFABRRSEgDNAC0hYL1puXxnAx6UmQXU9jQA7du4BwfekKDBJOTikkOMEdacTlCfagAT7go35OACaE+4KdQA1xxnuKX7y/WlpAABgUAIoIXBoCAHJJJ96dRQAUUUUAFFFFABRRRQAUUUUAFFFFABRRRQAUUUUAFFFFABRRRQAUUUUAFFFFABRRRQAUUUUAFFFFABRRRQAUUUUAFFFFABRRRQAUUUUAFFFFAGFpH2vyrj7R/qvO/wBG6f6vauen+3v68/hiteD+KsjSPtflXH2j/Ved/o3T/V7Vz0/29/Xn8MVrwfxVpU3IhsTUUUVmWFFFFABRRRQAUUUUAFFFFABRRRQAUUUUAFFFFABRRRQAUUUUAFFFFABRRRQAUUUUAFFFFABRRRQAUUUUAFFFFABRRRQAUUUUAFFFFABRRRQAUUUUAFFFFABRRRQAUUUUAFFFFABRRRQAUUUUAFFFFABRRRQAUUUUAFFFFABRRRQAUUUUAFFFFABRRRQAUUUUAFFFFABRRRQAUUUUAFFFFABRRRQAUUUUAFFFFABRRRQAUUUUAFFFFABRRRQAUUUUAFFFFABRRRQAUUUUAFFFFABRRRQAUUUUAFFFFABRRRQAUUUUAFFFFABRRRQAUUUUAFFFFABRRRQAUhAIwaWigAxiiiigAopNy5xkU1idwUHGaAH0zcTnaM4oOUPUkH1oj7j3oAMl1wPxpAOGT8qU/LID2NDcMG/OgADEDBBzSIOqn608nHYn6Uig5LHvQAhCqp9aVR8gBpdoznHNLQAijaMUtFFABRRRQAUUUUAFFFFABRRRQAUUUUAFFFFABRRRQAUUUUAFFFFABRRRQAUUUUAFFFFABRRRQAUUUUAFFFFABRRRQAUUUUAFFFFABRRRQAUUUUAFFFFABRRRQBh6R9r8u4+0f6rzv9G6f6vauen+3v68/hitaD+KsnSPtfl3H2j/AFXnf6N0/wBXtXPT/b39efwxWtB/FWlTciGxNRRRWZYUUUUAFFFRu+DgUASUVX3H1NGT6mnYCxRVfJ9TRk+posBYoqvk+poyfU0WAsUVXyfU0ZPqaLAWKKr5PqaMn1NFgLFFV8n1NGT6miwFiiq+T6mjJ9TRYCxRVfJ9TRk+posBYoqvk+poyfU0WAsUVXyfU0ZPqaLAWKKr5PqaMn1NFgLFFV8n1NGT6miwFiiq+T6mjJ9TRYCxRVfJ9TRk+posBYoqvk+poyfU0WAsUVXyfU0ZPqaLAWKKr5PqaMn1NFgLFFV8n1NGT6miwFiiq+T6mjJ9TRYCxRVfJ9TRk+posBYoqvk+poyfU0WAsUVXyfU0ZPqaLAWKKr5PqaMn1NFgLFFV8n1NGT6miwFiiq+T6mjJ9TRYCxRVfJ9TRk+posBYoqvk+poyfU0WAsUVXyfU0ZPqaLAWKKr5PqaMn1NFgLFFV8n1NGT6miwFiiq+T6mjJ9TRYCxRVfJ9TRk+posBYoqvk+poyfU0WAsUVXyfU0ZPqaLAWKKr5PqaMn1NFgLFFV8n1NGT6miwFiiq+T6mjJ9TRYCxRVfJ9TRk+posBYoqvk+poyfU0WAsUVXyfU0ZPqaLAWKKr5PqaMn1NFgLFFV8n1NGT6miwFiiq+T6mjJ9TRYCxRVfJ9TRk+posBYoqvk+poyfU0WAsUVXyfU0ZPqaLAWKKr5PqaMn1NFgLFFV8n1NGT6miwFiiq+T6mjJ9TRYCxRVfJ9TRk+posBYoqvk+poyfU0WAsUVXyfU0ZPqaLAWKKr5PqaMn1NFgLFFV8n1NGT6miwFiiq+T6mjJ9TRYCxRVfJ9TRk+posBYoqvk+poyfU0WAsUVXyfU0ZPqaLAWKKr5PqaMn1NFgLFFV8n1NGT6miwFiiq+T6mjJ9TRYCcnAzTQS646HvUOSe9NyQ+cnmiwiyygIeKachVb0qFiSduT70u7tmiwFhhlTTBnAYDPrUGHHAbinDIGATRYCY/OwwDgU8jIwar5PqaMn1NFgLFFV8n1NGT6miwyxRVfJ9TRk+posBYoqvk+poyfU0WAsUVXyfU0ZPqaLAWKKr5PqaMn1NFgLFFV8n1NGT6miwFiiq+T6mjJ9TRYCxRVfJ9TRk+posBYoqvk+poyfU0WAsUVXyfU0ZPqaLAWKKr5PqaMn1NFgLFFV8n1NGT6miwFiiq+T6mjJ9TRYCxRVfJ9TRk+posBYoqvk+poyfU0WAsUVXyfU0ZPqaLAWKKr5PqaMn1NFgLFFV8n1NGT6miwFiiq+T6mjJ9TRYCxRVfJ9TRk+posBYoqvk+poyfU0WAsUVXyfU0ZPqaLAWKKr5PqaekhBwelFgJaKKKQBRRRQBh6R9r8u4+0f6rzv8ARun+r2rnp/t7+vP4YrWg/irJ0j7X5dx9o/1Xnf6N0/1e1c9P9vf15/DFa0H8VaVNyIbE1FFFZlhRRRQAVXPU1YqueppoBKKKKYgooooAKKKKACiiigAooooAKKKKACiiigAooooAKKKKACiiigAooooAKKKKACiiigAooooAKKKKACiiigAooooAKKKKACiiigAooooAKKKKACiiigAooooAKKKKACiiigAooooAKKKKACiiigAooooAKKKKACiiigAooooAKKKKACiiigAooooAKKKKACiiigAooooAKKKKACiiigAooooAKKKKACiiigAooooAKKKKACiiigAooooAKKKKACiiigAooooAKKKKACiiigAooooAKKKKACiiigAooooAKKKKACiiigAooooAKKKKACiiigApGGRS0UAN255PWlAA6ClooAKKKKACiiigAooooAKKKKACiiigAooooAKKKKACiiigAooooAKKKKACiiigAooooAKKKKACiiigAooooAKKKKACiiigAooooAKKKKACiiigAooooAKKKKACiiigAooooAKKKKALA+6KWkX7opakYUUUUAYek/a/LuPtH+q87/Run+r2Lnp/t7+vP4YrWg/irJ0n7X5dx9o/1Xnf6N0/1exc9P8Ab39efwxWtB/FWlTciGxNRRRWZYUUUUAFVz1NWKrnqaaASiiimIjnuILWPzLieKGP+/K4Ufma57xD450bw/aQXDXEV55syw7LaZWK57nnpWtrWnDVNJnthFbySFSY/tCB0DdiRXh3ji806Dw3DZXWkadYeILa7QyJbIpE8Y6spHY+lTez18ikrnrEHxA8PT+Jn0IXsS3Cxh1lMg8t8/wg+orLvvidHZSaiD4e1CSLT5BHPKjptBPT86wNA1Cy8YX9jF4c8N6fBb2+19QuZ7ZeD/cX3PrXL+Koozq3itvs2oMUu4gskLYgQZHDjv7U7PmSf9arX8SU7pv0PTLb4ivfXtxaWXhnUbiW3RZJQJEG0EZHU0P8T9Kh8LjXZ7G8jQzmAW+MvuBweRxXP6H/AGnoPiHVbuTQtQube9tYxDJbqpB+TqcnpWRqaS6P8Ibiy1OGS0u7q+aWKCQfMVLZzkZApSdlf0+++xUVd/P8LHayfFXQl1H7GlveufsxuN5iKjgZ24Iz+PSpNO+I0d9daXHNoV9aQ6ln7PcSupU47nFeVW17BF4jnkkuFKHSJEDid5huK8Dcw4+lXvDI0k6p4MW0vZ57olxcwySMyx8dADwPwq0tV/Xf/JEN+635foj1YeOdJPiG90cuoktYfN84yrsk4ztXnrWJb/FW3utPkv4dDuTbR7ss1zErcdflJzXErp9npXiXW7mbVNIjsnd3WBLVpZd3ICjI+X8KzNFh0pvA9zJJrVml0RIVtTpwlkJ7Df1BrNN8t/JGjSUreZ7v4e1uHxHoVrq1vFJFFcLuVJPvDnHNadcj8MMj4daSrKysIyCrDBHJ7V11azSUmkZRd0FFFFSUFc0PHmgT6nPpVjd/a9ViyPsaAhmYdQCeK6ZfvCvIfBFvAdU8dXZhQ3MNy/lTbfnTg9D2qW7Xb2SbKSuvml951OoePrzS5LaO98JalE11J5UI82M739ODTdO+IF1qz3KWPhLUpmtZDFMPNQbXHbk15Zplv/wkK+GoJdRv7rUZ712nDXLHZGD1H90+9N1BLbw9pviiEalqNnq8N1/oqrO48xSep7Mcd6dmnZ+f6f5iXvWt5fjf/I99i1W3W2ikv3i06VxkwXMyhl/Wufh+Iuhy+LpPDrSpHIkfmC6aZfKb2Bz1rjtZTTkn0fxLrunand29jYJ5rGBXgkLDqSTnOaqaLrVvDa3+seIPBiNobt5llLDZJhI/c55o669L/wDA/wAxLWOnW3/BPVdQ8TaHpenSX91qlsLWIgO8cgfbnpwKk0XXdM8RWH23SroXNtnbvAI5/GvPPDWk6Pfahqur2mi30en6lbbkjubVVt1x0I5rT+DwC+ErlVAAF24AHbmnFatPtf8AGwN7W72/C56DWF4g1qDRrC5vruQpBAMkA4LH0HvW7Xkvxm026utIjvY7opbWsv7yHs5PQ+9NNpNoVrtI6XQvGWl67pMWoLdx2qydIp51Dj6jNa8Wo204Y297FOVBYiKUMcfhXk+p2TaNYaHdLcaTeC9mjjeH7DHlQcdwc1qaJZW8HxH8TRWEBtgloFRYExtJHYetdPNq16/grmFtE+/6uxrD4o6WL6K0ktb6KV5WjYMOUA/iI64NTSfE3Q49ZTT83pVk3ef5LYHttxmuE1KysNBnstbmtfEEWowHie7jDfaH/hyM8D6U2x1jVNSnj8WXl3qMd7Cpg82GyjMaD05PJqFN7PpuW4rdfI9L1LxvpmmW9hcObqSC8fYrrGw2e7Z6c1De+Nhb+IW0Sy0y81C7WETnyXCgKfrWFrmt6zBBoNybktb306xS211aqGP+1x0qnpTXum/EDXYNPsrKe7cB/Mu7llOzHIXiqbd7eb/BL/O5KWl/Jfi/6R2vh3xTF4i0+5vI7e4tlt5GjkSU5II69KXw54qtPE0dwbUTxSW8hjkjlGGGO9cd4HB1XUNZuLG1OmSRuy/aIbgywvIepCHirvg661nX9JvZRqcFnfR3jRNcx2q5lA9R604ybt6J/kKStf1/zOi0zxZBqfiO+0WKGdJ7NdzyMflb6V11vIZIQx69K8R8N2GsSfETXIYNc8m5VP3lx9mVvM/4D2r2XSI54tNjjubj7RMvDS7du4+uO1ZyfNSjJ7lrSbSL1Ju+bb7Zpab/AMtv+A1iajqZNMlvA80hIRFLMQMnH0p9FAHPt420BMGS7lQEgAvbuBk/UVbvfEemafKsdzLKrMoYbYWbg/QVnXYGveL0sZPmstOUSyL2aTsD9OtaFzc+JEuXW0sNPkg/haSchj9Rijog6lVfF1nds0ek21xqM6ffiRfLKD1O6tawup7u3824spbN848qVgT9eK5HSbjxGNf1cxWGntKSnmK05AHpg45roU1W5sLZ5/EC2llHnCNC7OD9eKelhdS7qGo2ml2pub2YRRDjJ5JPsO9R2GsWOpwvLaTF1T7wZCrD8DzWHrDLqzadrGmRnUre0l3PCgOW9wD1NVRf39141int7B7Z2s32xXPyM5GMbsdB6Ukv1/Ib7/1uar+M9Cj3F7mZQvUm3fA/SnReI5rspJYaLd3do5Gy5VlVWHrg81R1u68TtoV8J9O01YjC28pcMSBjtxS6Tc+KBo9oIdO01oxEu0tcMCRjvxTSBnR3F5BaJG1w/l+YwRRjOWPasy/1+S11U6fbaVc3syxiRjEygAH61DcGW+8R6dbTIoa2j+0Sqhyqv25rF1t9JbxvMNUvprRFtk2mKRkJ/wC+aS3XzDo/kbM3ia8tUWS68OXsMJYKZDIhC5OO1dADuUEdxmvOdVPhn7LH9h1m8nuPOTbHJPIwPzehGK9FT/VJ/uinbQXUdRRRSGFFFFABRRRQAUUUUAFFFFABRRRQAUUUUAFFFFABRRRQAUUUUAFFFFABRRRQAUUUUAFFFFABRRRQAUUUUAFFFFABRRRQAUUUUAFFFFABRRRQAUUUUAFFFFABRRRQAUUUUAFFFFABRRRQAUUUUAFFFFABRRRQAUUUUAFFFFABRRRQAUUUUAFFFFABRRRQAUUUUAFFFFABRRRQAUUUUAFFFFABRRRQAUUUUAFFFFABRRRQAUUUUAFFFFABRRRQAUUUUAFFFFABRRRQAUUUUAFFFFABRRRQAUUUUAFFFFABRRRQAUUUUAFFFFABRRRQAUUUUAFFFFAFhfuilpF+6KWpGFFFFAGHpP2vy7j7R/qvO/0bp/q9i56f7e/rz+GK1oP4qydJ+1+XcfaP9V53+jdP9XsXPT/b39efwxWtB/FWlTciGxNRRRWZYUUUUAFVz1NWKrnqaaASiiimIyPEmjXGu6Q1lbalPp7sRulh6le4P1FecX/wvuP9E0/StDgihhuVkfVLi7EkzoDyMentXr1FJK0uZDburHISeBvsGtf2t4c1A6XPLj7VDt3QzY77fX3rnte+GmsXtvrEkGrCaa/lSUQRjylyDzuPfjpXqFFFv6+7/ILnAeH/AARqpury78QX84d7YWcEcU2QseOc++aqHwf4rn8Kjw5NeQi1juwqzlgztbZz+BHpXpVFP+vxv/XqxLT+vK39eh5v4j+Hus3VxcHRdWVILi0W3ljnUEtj0Papf+EV1oa74fEWn20OnaPH/rhMC8zbemO3Neh0Ulp/Xr/mD10+X5f5HnOqaN4q1G7nnGl3cPmAgJDqqKg/DbWD4e8C+LdE097aSzuCzStJm21NI159ip5r2SihK2w27mXoA1BNLSLUrP7NNH8oBnErOPUsB1rUoopt31ElYKKKKAFX7wrxjwVq1rH4r8YaExk+3ahcv5A2HacAjk9q9mqJbW2SUyrbQrIf4xGA351Nrt32asO9lZd0/uPM/B3w+8R+HrMSrcaRaX+5vna185wpP9/NXfF3hTxnrvhy7sP7U0u6aUD92LXyi2D/AH88V6JRVPXcUfd1RxGo6drsnh230T/hGrPUYY7ZULzXYVd4XH3e+K5aD4R+Ip9Kt7W98VbbdGEv9nmPfCjenXkV7BRS6t9WC0SXY4k65qvhrwpeP4rsYLe1t4/Kjnsm3CTPA+Qfdql8G5Fl8Hzyrna907DIxwTXoMkccqFJY0kQ9VdQR+RpI4ooV2xRJGv91FCj9Ka0bb6qwNaJLox9cf440KbxBoF7p0LhJnw8e7oSOgrsKa8aSfeUGmrWafUTvdNdDx9PCd3/AGbDbSeCrJbiNV/0qG/CuGH8Q9DUujeFPEVp4lXUIy9hGwzcPPdC4aduwOAOK9Y+zQ/88xR9mh/55iteeN7mfJK1jx/XvBfimfW9P1K1vItRuYZC7vdPiFM9AsftS6l8N9Ta4/tKC8tby4Z/NlsJIylvIx64GeK9f+zQ/wDPMUfZof8AnmKSlBDtI808R+Hda8Q6Xo0UNvBp09rLvkUSbxFgcbfWs6+8E+JfEtzDNqWoxaabRPLheH55JQepZh/KvXPs0P8AzzFH2aH/AJ5ihyg9wUZLY4PwppWqeHLddGezt5LJNx+3pIFZyfVOufeqfgvwVc6FdXF5qN20kjzvJDArfJHk9frivSPs0P8AzzFH2aH/AJ5iqVWN+bqL2btY880Dw5qOneOdX1e4WMWl0mIir5Yn3HavQbQEW4z604W0IORGKl6VEprkUF0KUXzOT6hTcHzN3bGKdRWZYUUUUAZek6QdNutQuHn817ybzCcY2jGMVqDrRRQBkaZp1xaazql1KFEVyV8sg5PHrWsQGGGUEe4zS0UAUNTsbq6hj+wXhsp423KwXKN7MvcVW0rRp7W/n1HUbtbu+lUJvVNqovoBWxRQtAepT1e2lvNHvLWEAyywsiAnAyadplvJaaXa28oAkjjCsAcjIFWqKFoBQtdOa21K+vjIJJLnbtXGNuBjFVNF0ia3ubzUNREbXl0/KgZCIOgFbVFC0B6nO63a6tqDfYrfTLdLXzEb7UZVyADk/LiuhA2qFznAxmloo6WAKKKKACiiigAooooAKKKKACiiigAooooAKKKKACiiigAooooAKKKKACiiigAooooAKKKKACiiigAooooAKKKKACiiigAooooAKKKKACiiigAooooAKKKKACiiigAooooAKKKKACiiigAooooAKKKKACiiigAooooAKKKKACiiigAooooAKKKKACiiigAooooAKKKKACiiigAooooAKKKKACiiigAooooAKKKKACiiigAooooAKKKKACiiigAooooAKKKKACiiigAooooAKKKKACiiigAooooAKKKKACiiigAooooAKKKKACiiigAooooAKKKKACiiigCwv3RS0i/dFLUjCiiigDD0n7X5dx9o/wBV53+jdP8AV7Fz0/29/Xn8MVrQfxVk6T9r8u4+0f6rzv8ARun+r2Lnp/t7+vP4YrWg/irSpuRDYmooorMsKKKKACq56mrFQyKQc9qaAZRRRTEFFFFABRRRQAUUUUAFFFFABRRRQAUUUUAFFFFABRRRQAUUUUAFFFFABRRRQAUUUUAFFFFABRRRQAUUUUAFFFFABRRRQAUUUUAFFFFABRRRQAUUUUAFFFFABRRRQAUUUUAFFFFABRRRQAUUUUAFFFFABRRRQAUUUUAFFFFABRRRQAUUUUAFFFFABRRRQAUUUUAFFFFABRRRQAUUUUAFFFFABRRRQAUUUUAFFFFABRRRQAUUUUAFFFFABRRRQAUUUUAFFFFABRRRQAUUUUAFFFFABRRRQAUUUUAFFFFABRRRQAUUUUAFFFFABRRRQAUUUUAFFFFABRRRQAUUUUAFFFFABRRRQAUUUUAFFFFABRRRQAUUUUAFFFFABRRRQAUUUUAFFFFABRRRQAUUUUAFFFFABRRRQAUUUUAFFFFABRRRQAUUUUAFFFFABRRRQAUUUUAFFFFABRRRQAUUUqqWNAE6/dFLRRUjCiiigDD0n7X5dx9o/wBV53+jdP8AV7Fz0/29/Xn8MVrQfxVk6T9r8u4+0f6rzv8ARun+r2Lnp/t7+vP4YrWg/irSpuRDYmooorMsKKKKACiiigBuxfSjYvpTqKAG7F9KNi+lOooAbsX0o2L6U6igBuxfSjYvpTqKAG7F9KNi+lOooAbsX0o2L6U6igBuxfSjYvpTqKAG7F9KNi+lOooAbsX0o2L6U6igBuxfSjYvpTqKAG7F9KNi+lOooAbsX0o2L6U6igBuxfSjYvpTqKAG7F9KNi+lOooAbsX0o2L6U6igBuxfSjYvpTqKAG7F9KNi+lOooAbsX0o2L6U6igBuxfSjYvpTqKAG7F9KNi+lOooAbsX0o2L6U6igBuxfSjYvpTqKAG7F9KNi+lOooAbsX0o2L6U6igBuxfSjYvpTqKAG7F9KNi+lOooAbsX0o2L6U6igBuxfSjYvpTqKAG7F9KNi+lOooAbsX0o2L6U6igBuxfSjYvpTqKAG7F9KNi+lOooAbsX0o2L6U6igBuxfSjYvpTqKAG7F9KNi+lOooAbsX0o2L6U6igBuxfSjYvpTqKAG7F9KNi+lOooAbsX0o2L6U6igBuxfSjYvpTqKAG7F9KNi+lOooAbsX0o2L6U6igBuxfSjYvpTqKAG7F9KNi+lOooAbsX0o2L6U6igBuxfSjYvpTqKAG7F9KNi+lOooAbsX0o2L6U6igBuxfSjYvpTqKAG7F9KNi+lOooAbsX0o2L6U6igBuxfSjYvpTqKAG7F9KNi+lOooAbsX0o2L6U6igBuxfSjYvpTqKAG7F9KNi+lOooAbsX0o2L6U6igBuxfSjYvpTqKAG7F9KNi+lOooAbsX0o2L6U6igBuxfSjYvpTqKAG7F9KNi+lOooAbsX0o2L6U6igBuxfSjYvpTqKAG7F9KNi+lOooAbsX0o2L6U6igBuxfSjYvpTqKAG7F9KNi+lOooAbsX0o2L6U6igBuxfSjYvpTqKAG7F9KNi+lOooAbsX0o2L6U6igBuxfSjYvpTqKAG7F9KNi+lOooAbsX0o2L6U6igBuxfSjYvpTqKAG7F9KNi+lOooAbsX0o2L6U6igBuxfSjYvpTqKAG7F9KNi+lOooAbsX0o2L6U6igBuxfSjYvpTqKAG7F9KNi+lOooAbsX0o2L6U6igBuxfSjYvpTqKAG7F9KNi+lOooAbsX0o2L6U6igBuxfSnAAdKKKACiiigAooooAw9J+1+XcfaP9V53+jdP9XsXPT/b39efwxWtB/FWTpP2vy7j7R/qvO/0bp/q9i56f7e/rz+GK1oP4q0qbkQ2JqKKKzLCiiigAooooAKKKKACiiigAooooAKKKKACiiigAooooAKKKKACiiigAooooAKKKKACiiigAooooAKKKKACiiigAooooAKKKKACiiigAooooAKKKKACiiigAooooAKKKKACiiigAooooAKKKKACiiigAooooAKKKKACiiigAooooAKKKKACiiigAooooAKKKKACiiigAooooAKKKKACiiigAooooAKKKKACiiigAooooAKKKKACiiigAooooAKKKKACiiigAooooAKKKKACiiigAooooAKKKKACiiigAooooAKKKKACiiigAooooAKKKKACiiigAooooAKKKKACiiigAooooAKKKKACiiigAooooAKKKKACiiigAooooAKKKKACiiigAooooAKKKKACiiigAooooAKKKKACiiigAooooAKKKKACiiigAooooAKKKKACiiigAooooAKKKKACiiigAooooAKKKKACiiigAooooAw9K+17Ln7R/qvO/0bp/q9i56f7e/rz+GK1oP4qydK+17Ln7R/qvO/0bp/q9i56f7e/rz+GK1oP4q0qbkQ2JqKKKzLCiiigApu5v7h/OnUUAN3N/cP50bm/uH86dRQA3c39w/nRub+4fzp1FADdzf3D+dG5v7h/OnUUAN3N/cP50bm/uH86dRQA3c39w/nRub+4fzp1FADdzf3D+dG5v7h/OnUUAN3N/cP50bm/uH86dRQA3c39w/nRub+4fzp1FADdzf3D+dG5v7h/OnUUAN3N/cP50bm/uH86dRQA3c39w/nRub+4fzp1FADdzf3D+dG5v7h/OnUUAN3N/cP50bm/uH86dRQA3c39w/nRub+4fzp1FADdzf3D+dG5v7h/OnUUAN3N/cP50bm/uH86dRQA3c39w/nRub+4fzp1FADdzf3D+dG5v7h/OnUUAN3N/cP50bm/uH86dRQA3c39w/nRub+4fzp1FADdzf3D+dG5v7h/OnUUAN3N/cP50bm/uH86dRQA3c39w/nRub+4fzp1FADdzf3D+dG5v7h/OnUUAN3N/cP50bm/uH86dRQA3c39w/nRub+4fzp1FADdzf3D+dG5v7h/OnUUAN3N/cP50bm/uH86dRQA3c39w/nRub+4fzp1FADdzf3D+dG5v7h/OnUUAN3N/cP50bm/uH86dRQA3c39w/nRub+4fzp1FADdzf3D+dG5v7h/OnUUAN3N/cP50bm/uH86dRQA3c39w/nRub+4fzp1FADdzf3D+dG5v7h/OnUUAN3N/cP50bm/uH86Gbb0GTSKxPJIx6UwDeScbD+dLub+4fzpoO2Rs9Kk60AN3N/cP50bm/uH86dRSAbub+4fzo3N/cP506igBu5v7h/Ojc39w/nTqKAG7m/uH86Nzf3D+dOooAbub+4fzo3N/cP506igBu5v7h/Ojc39w/nTqKAG7m/uH86Nzf3D+dOooAbub+4fzo3N/cP506igBu5v7h/Ojc39w/nTqKAG7m/uH86Nzf3D+dOooAbub+4fzo3N/cP506igBu5v7h/Ojc39w/nTqKAG7m/uH86Nzf3D+dOooAbub+4fzo3N/cP506igBu5v7h/Ojc39w/nTqKAG7m/uH86Nzf3D+dOooAbub+4fzo3N/cP506igBu5v7h/Ojc39w/nTqKAG7m/uH86Nzf3D+dOooAbub+4fzo3N/cP506igBu5v7h/Ojc39w/nTqKAG7m/uH86Nzf3D+dOooAbub+4fzo3N/cP506igBu5v7h/Ojc39w/nTqKAG7m/uH86Nzf3D+dOooAbub+4fzo3N/cP506igBu5v7h/Ojc39w/nTqKAG7m/uH86Nzf3D+dOooAbub+4fzo3N/cP506igBu5v7h/Ojc39w/nTqKAG7m/uH86Nzf3D+dOooAbub+4fzo3N/cP506igBu5v7h/Ojc39w/nTqKAG7m/uH86Nzf3D+dOooAbub+4fzo3N/cP506igBu5v7h/Ojc39w/nTqKAG7m/uH86Nzf3D+dOooAbub+4fzo3N/cP506igBu5v7h/Ojc39w/nTqKAG7m/uH86Nzf3D+dOooAbub+4fzo3N/cP506igBu5v7h/Ojc39w/nTqKAG7m/uH86Nzf3D+dOooAbub+4fzo3N/cP506igBu5v7h/Ojc39w/nTqKAG7m/uH86Nzf3D+dOooAbub+4fzo3N/cP506igBu5v7h/Ojc39w/nTqKAG7m/uH86Nzf3D+dOooAbub+4fzpNzf3D+dPooAKKKKACiiigDD0r7XsuftH+q87/Run+r2Lnp/t7+vP4YrWg/irJ0r7XsuftH+q87/AEbp/q9i56f7e/rz+GK1oP4q0qbkQ2JqKKKzLCiiigAooooAKKKKACiiigAooooAKKKKACiiigAooooAKKKKACiiigAooooAKKKKACiiigAooooAKKKKACiiigAooooAKKKKACiiigAooooAKKKKACiiigAooooAKKKKACiiigAooooAKKKKACiiigAooooAKKKKACiiigAooooAKKKKACiiigAooooAKKCcDNJkYznigBaQsF60wMxJ28j3oJJBz95aABnypxwc4pCWyOcn2o4Jyw4PSgkDqfwFMQ4MWBxwajXCuQRmnr8rZPANIVIBbvnNAC9ZBxwRRny2xng/pSldxBBwKUIoHSkMdRR0ooAKKKKACiiigAooooAKKKKACiiigAooooAKKKKACiiigAooooAKKKKACiiigAooooAKKKKACiiigAooooAKKKKACiiigAooooAKKKKACiiigAooooAKKKKACiiigAooooAKKKKACiiigAooooAKKKKACiiigAooooAKKKKACiiigAooooAKKKKACiiigAooooAKKKKACiiigAooooAKKKKACiiigAooooAKKKKACiiigAooooAKKKKACiiigAooooAKKKKACiiigAooooAw9K+17Ln7R/qvO/0bp/q9i56f7e/rz+GK1oP4qytK+17Ln7R/qvO/0bp/q9i56f7e/rz+GK1YP4q0qbkQ2JqKKKzLCiiigAoorNvdf0nTp/IvNQt4JcZ2O+DQBpUVi/8ACXeHv+gxaf8AfwUo8W+H2YAavaEngDzBQBs0VT1LVLXStLm1G6k220Sb2YelYN38QdBs/DtprjzSNZ3UgijKplix9qP6+8DqqKjgmWeCOZM7XUMMjnBqLUL6DTNPnvbltsMCF3PsKH7u4LXYs0Vzdl460G88Npr73f2bT3baJLgbearj4m+Cz08Q2f8A30f8KNnYPM6yiqNvrGnXek/2pBdxvY7DJ54Py7R1NYf/AAsrwZ/0Mdh/38o62Dpc6qiuV/4WV4M/6GOw/wC/laGkeLdA1+4eDStWtruVBuZImyQKLAbVFFFABRRRQAUUUUAFFFFABRRRQAUUUUAFFFFABRRRQAUUUUAFFFFABRRRQAUUUUAFFFFABRRRQAUUUUAFFFFABRRRQAUUUUAFFFFABRRRQAUUUUAFFFFABRRRQAUUUUAFFFHSgAoppdQM5pQc9sfWgALADJNN3M33Rj3NNAyGA6g5pSzYyflFMBVJZT0zTVGMqxpVIB+XJPc0jAhgzc0AKrnGAMkUoVi244+lA4kPuKfSAiweU/GjnrjI6EVIVywNLQAwKSemB6U+iigAooooAKKQnAzTCSxUdARmgCSmbmblcY96QjYc5O09aFOzgjjtQA5W3exHWnVGMiTPTNSUAFFFFABRRRQAUUUUAFFFFABRRRQAUUUUAFFFFABRRRQAUUUUAFFFFABRRRQAUUUUAFFFFABRRRQAUUUUAFFFFABRRRQAUUUUAFFFFABRRRQAUUUUAFFFFABRRRQAUUUUAFFFFABRRRQAUUUUAFFFFABRRRQAUUUUAFFFFABRRRQAUUUUAFFFFABRRRQAUUUUAFFFFABRRRQAUUUUAFFFFABRRRQAUUUUAFFFFABRRRQAUUUUAFFFFABRRRQAUUUUAFFFFAGJpX2vZc/aP9V53+jdP9XsXPT/AG9/Xn8MVqwfxVlaV9r2XP2j/Ved/o3T/V7Fz0/29/Xn8MVqwfxVpU3IhsTUUUVmWFFFFABXHeJPhnoHinVP7Q1H7V5+0L+7l2jH0rsaKVkx3Pm7xt4G0fQfHGi6TZG5FreMBLvlyfwNekxfBPwkjxyL9u3KQw/0jv8AlXOfFAH/AIWn4Y46uK9qX7o+lOm/3al1uyZ/xOXpZHj3xu8RR2OiW3hm1k/eXAHmjPIjHArlNdjm8VS6b4f0ndBZaPYLcSyFeN2M5+ua6P42+GLZIf8AhIy5M7bYQnYe9dxDp1nb+Apr2G3jS5uNOXzZAOWwnGazvanKb3Tb+dtPuNLe/GK2a/VXPKPCza54g0f7ZcfEptMdZGjFvKwyAOAecVpeOn13SfB9ho0+pT6zaXkpluNRQcmMfwjH865TwjL8PU0Zh4nhlfUPOflAcbc8V6F4tt9S8SeAtJtPBFuJNJkGHDMEYKOgye1a1NtO69CIb6+Zk+HvEunXtnO2s29pb+DbeNY7e1uE3PK46lR3rlvFE1h4gh8/w54OFpokEg829igO9x357Cu3h8NeIdb8GrpNzoukQXGnyqbWKOUN25Zse9Zceu/EG28SL4TiNklyIgwjVF2baUtZefTz82KOkf606aHcaRq+g6n8K7+DQGf7Na2TxlJFwynac5rzrwnceANL8F2jeJNOhl1C4RnRzAXJHQciu9Nte+GfhdrT61FbQXcwk3GAABiwwK5/w4+k6J8EotT1e2gklaJxB5igsScgAfzpTes5eS+/yKgtIR83+RzfhDXvAIjvv+Em0izD+b/o3l2xPye9es+A38EXz3N34UsIoHTCSusRQ89ua5n4VeFbUeAptQ1Kwikmui8ieamSFAOMUnwKjH2HWZhxuuSMDpwTWiVpOL3S/wAl/wAOZt3Sktm/8/8AI9eoooqCwooooAKKKKACiiigAooooAKKKKACiiigAooooAKKKKACiiigAooooAKKKKACiiigAooooAKKKKACiiigAooooAKKKKACiiigAooooAKKKKACiiigAoopM/nQAtGRnFM39cgimtuyGxj3oAlqJmbP9BTwoHOeT601xtxjp3oAaQDwBj6dacmN2D1pucD/AApcYIOee2KYgwUbPrQ65wCSSaccupBGDSqvO49aBjEBxwcY7U4hmXHFOAAJPrS0gECgHPeloooAKKKTcM4zQAtISAMmlPSowpdRk8UAOZsLkd6aQyjOSfUUclCvcU9TuUGgBCcoT7U3oqt6UDhWHpTlGUAPpTAVuVP0pFPyAmk2HoGOKeBgYpAMGWYHGAKfRRQAUUUUAFFFFABRRRQAUUUUAFFFFABRRRQAUUUUAFFFFABRRRQAUUUUAFFFFABRRRQAUUUUAFFFFABRRRQAUUUUAFFFFABRRRQAUUUUAFFFFABRRRQAUUUUAFFFFABRRRQAUUUUAFFFFABRRRQAUUUUAFFFFABRRRQAUUUUAFFFFABRRRQAUUUUAFFFFABRRRQAUUUUAFFFFABRRRQAUUUUAFFFFABRRRQAUUUUAFFFFABRRRQAUUUUAFFFFABRRRQAUUUUAYmlfa9lz9o/1Xnf6N0/1exc9P8Ab39efwxWrB/FWVpf2vZc/aP9V53+jdP9XsXPT/b39efwxWrB/FWlTciGxNRRRWZYUUUUAFeR694E1nVddu72DxVf2sUj5WFJSFX6V65VObT0kkLqxUnrVwUL3kRNztaJ4vN8H9Qu5457jxPdTTR/ckkbLL9D2q4PhZr5H/I66mP+2pr1oafj/lp+lPFlj+P9Kt+z6Gf708/8ZeENU1jwNaaNa3H2i6hYFpZm5bHeumOnXJ8GjTMj7R9kEPXjdjFbotsfx/pS/Z/9qplyyUk/tb/kOKmuXyPP/h74IGheGzaa1YWc12Z3fcYw3yk8cmrvinwIniNbaO21a60mCAY8qz4VvwrtPI/2qPI/2qJOMtwiprY8ui+HGveG13+E/EO24l4uJLxN24e1ZZ+Hfj5vEX9vnXtP/tPZs83YcY9MV7N5P+1S+V71Ol7le9a1jzDUPA/i3xH4audN8Q65bzSNIrwtCu0AA85qvffCa81TW9PjvdVD6BZxqEtgMEMOox059a9X8r3pfL96NE7/ANbWHaVrHmXi7wR4r1HUAnh3WYrHSvJWI27Mw24GOMV0XgHwevgzQPsTT+fcSOZJXHTJ7Cur2e9Ls96E7X8wabt5CA0uaNvvS4pDsFLRiikUFFFFABRRRQAUUUUAFFFFABRRRQAUUUUAFFFFABRRRQAUUUUAFFFFABRRRQAUUUUAFFFFABRRRQAUUUUAFFFFABRRRQAUUUUAFFFFABTd47cn0p1MJG77v40AMZjkHOPYUoODmg8HB/Kk7cH8qYiTLZ5AxSNubIxgetBO6LNG44AAJNIYiKCOeSKc5+Xjk00ISck4z2FPChegoAbtYHjGD60oTByTk06igAooooAKKTcoOMikcngDvQA6mbiT8o/Og5TnJI75pwxjjpQA0nepHQihWUKOgoTklvWnAAdBQAZBGRSR/cpq8MwHSnR/coARvlcHseDRtKn5eh7Gn0UANC4U88mlAwMUtFABRRRQAUUUUAFFFFABRRRQAUUUUAFFFFABRRRQAUUUUAFFFFABRRRQAUUUUAFFFFABRRRQAUUUUAFFFFABRRRQAUUUUAFFFFABRRRQAUUUUAFFFFABRRRQAUUUUAFFFFABRRRQAUUUUAFFFFABRRRQAUUUUAFFFFABRRRQAUUUUAFFFFABRRRQAUUUUAFFFFABRRRQAUUUUAFFFFABRRRQAUUUUAFFFFABRRRQAUUUUAFFFFABRRRQAUUUUAFFFFABRRRQAUUUUAFFFFAGJpf2vZc/aP8AVed/o3T/AFexc9P9vf15/DFasH8VZWl/a9lz9o/1Xnf6N0/1exc9P9vf15/DFasH8VaVNyIbE1FFFZlhRRRQAUUUUAFFFFABRRRQAUUUUAFFFFABRRRQAUUUUAFFFFABRRRQAUUUUAFFFFABRRRQAUUUUAFFFFABRRRQAUUUUAFFFFABRRRQAUUUUAFFFFABRRRQAUUUUAFFFFABRRRQAUUUZoAKKTcAcZpj/eGT8tADi4HHU+1JuYEEjANMYgYKDpTiCy5Y8e1MCSimocqKXIzjvSAWkYZU0tFAELNuAPcdaft4z9404KBnA60tADVTCkHvThwKKKACiiigAo6U0MGJA7U1QCTuOSDQBJSEZGKXIpu8E4AJoANqhcYpnOwH0NOfkhR3pcqOM0ALwy/Wo8nyv0p2wjhTxTgoAxQA0MSMKKUruxk/lTqKAEAAGBSgAdKKKACiiigAooooAKKKKACiiigAooooAKKKKACiiigAooooAKKKKACiiigAooooAKKKKACiiigAooooAKKKKACiiigAooooAKKKKACiiigAooooAKKKKACiiigAooooAKKKKACiiigAooooAKKKKACiiigAooooAKKKKACiiigAooooAKKKKACiiigAooooAKKKKACiiigAooooAKKKKACiiigAooooAKKKKACiiigAooooAKKKKACiiigAooooAKKKKACiiigAooooAKKKKACiiigAooooAxNL+17Ln7R/qvO/0bp/q9i56f7e/rz+GK1YP4qytL+17Ln7R/qvO/0bp/q9i56f7e/rz+GK1YP4q0qbkQ2JqKKKzLCiiigAqCSbshpZ5NgAB5NVtwzQBXkml3t+8br603zpf+ejfnVKbVLVJ3RmbKtg/LTP7Ws/77f980WEaQuJf75pftEv981kS69YW6hpHcAnAwlRf8JRpf8Az0k/74pgbn2iX++aXz5f75rDXxNpbMFEkmT/ALFTf27Yf33/AO+aANbz5f75pfPl/vmsj+3bD++//fNRSeKNLifY8kgP+5QBufaJf75qRLt1PzHI+lc5/wAJZpH/AD1l/wC/ZpV8U6U5wskn/fFFmFzr45UlGVOaVXRs7WBx1welcLqmtWd5YtFBfX1vJ1U2x2MxxwCfSuBgs7Dwr4avb2+8WagZ7iYLLa2VzkxFv7/ripel2Na2R7yrq4yrBh6g5pGdUGXYKDxycV5F4S0fQtP05LdfiHdGSaTeqW92Iwd3QbTk5rA+ImoaxNqE0QlluNMttQt44mabBD4Hy49/Wqt7yj/XT/MI6q574ZEVgrOoY9AT1p1eC6rJ4ql8YWev3yxWEwnFrZ2c+XRQBzJx1+tbXhv4h+J7/wARWFneCxmhuo5HCxRFWJXpgk+1JaoGem6h4h0jSbuC0v8AUILe4uDiKN2+Z+3ArTr5tsZx4k+IF9eeKjq0d3AT9lhsIiXjwccegrvrC80zVdQudMtfE3iyLUIIGnaG5k2EKB7rSXw3fr8v63B/E0j1SqFnremX9/c2NpexTXVt/rolPzJ9a4D4Y6xreteCtQnn1UyXkdzIkdxdjeEUHuOK5P4cXuqal4916a01WwjuZm/el4CfOwcfIM8dKpL3+Xyv+QnpG/nY9x1DULTSrKS9v7hLe2iGXkc4Cj3p9pd299aRXVrKssEqhkkU8MD3FeL/ABb1nxHpWjPpN7f2N3HfKd0UVsVZIweuc11HhjTL+b4f2E2pa9NaWkVsskTWH7lkQDo5Oc1Kd4uXYpqzS7na6hr2laXd21rfX0ME9y22GNzy59BWjXzdozJ4n8WXOp6lceIrzT7NitjcQIZJFIPdgOPWu1uta0exaFb7xB42tBM4jjacFQWPbO2mtl3f9L5ie7XY9ZeWOL/WSImf7zAU03EAXcZowPXcK8W+JEVtpviDw4l7cT3tqkMru11ISX9NxGM1zMGj3Ftb+EY5LU3xvrmWdbR5iiup6KTniiOv32/P/IJOyufR63Nuxws8RPoHFLcXENrbvPPIscUY3O7HAArwzxVpcmm6z4cb/hGYtFD3yjzIbzzfM6cECus+J2r3Gpm38FaOfMv9QIFzt/5ZRdyT2od3Fcu7dhq19drXPQBqlidN/tEXcX2PZv8AO3fLj1zU1vcQ3dvHcW8iyQyDcjqcgiuYh8LaNJ4Ql8IRzRuIoQkgV/mViOGI7Vzvw31y50iW48E6yduo2Jb7Ju4E0XbB709OZpfLz7k68qb+fl2PSTdW6kgzxAjqC4pPtdt/z8Rf99ivPLrw9NcXcs0nw7s5XdiTIdSUFveo08L7nUSfDmyRCfmb+0gcD6UkNnpSSxyfcdW/3Tmn15H8IY1g8TeKoIwVijnVUTcSFHoM165T6J90n94dWuzsFMklSJNznAp9cv48v77TPDdxdadD51yiEovp7+9LTdh6F5PFmiy6q2lx3qPfr963XlhV/wDtCL+6/wD3zXzn4JjsJvtOqX9zr41d5D5klhETtHoTW/qmpQS+DtV1fQfEuvvNZEIRcSbQre4xW3LFRuzO8nKyPZ7nXLCzRXuZfKVmCKX4yT2qG38TaVd301jb3Sy3UGPNiXlk+teXazfWF98O9Lh1t7uW7vI1aCWKMuxlHTp3rnPBjJc65rT6le3ujBUjDyvKElHpuOO9PkipuPYXM3Dm/rc91h8S6VcajPp0NyHvYADLAB8yD3p9zr+nWTRLdTiEzPsjD8bm9BXhOkDSf+Fia2JPFV1BbeUuy+W4Aab2LY5rsPEuk+Hdc02z0658QRpeRMr29zLNmQ8/rmhQi4p9wcmpNf1semNqtqn332f7xA/nSLq1o/3JA3+6Qf6145qNhJ4i+I2n6Q8E8thpcIM0lwSPN47+uauwaP8A8I38RpLy306dNKeAKgtwXG76ZojCLa7O/wCH+YnKST7q34/5HqLa/pyXiWbzhbl13LEfvEeuKLzX9P0+3a4vJvJhXq7jgVwWp6R4f1rxRYX66msOqW/PlxSYkcehFUvHuuwTeHprZLO/L+YBloCFP4+lTKKjBvqVFtySPTrTWLO/gjntZfMilGUcdGFWR947jj2FebeGfENpBpGmaetnqG/y1USLbExj/gXpXpKAjHy5OByadWEYv3dhU5OW44f7C49zTmUlME5NNcHHJ5PYU9RhQKxNRgJZcAUiLnIY5x2p0fAP1p20bs0wGKQJCB0p2PnzSgAdBS0gCiiigAooJwKZuJ+6PxNAD6QMCcCmHLRZPWlDqAKAFILHHQUnIbbk4NOyCM9qavJLflQAEbGBHTpSlATmlYZUikGSnoaAG42OMdD2qSmhcHJOTTqAGsoYg0oUL0FLRQAUUUUAFFFFABRRRQAUUUUAFFFFABRRRQAUUUUAFFFFABRRRQAUUUUAFFFFABRRRQAUUUUAFFFFABRRRQAUUUUAFFFFABRRRQAUUUUAFFFFABRRRQAUUUUAFFFFABRRRQAUUUUAFFFFABRRRQAUUUUAFFFFABRRRQAUUUUAFFFFABRRRQAUUUUAFFFFABRRRQAUUUUAFFFFABRRRQAUUUUAFNd0iQu7BVUZJPanVHNBFcRGKZA6Hqp70AQW2qWV5IY7e5SRxzgUsmpWUV0LZ7lFmP8AATzWTN5d5r9rHZoAtpkyyKOBx92qIjWTRNSnfBlM+7ceoIPFUkt/63FrsdJdalZ2TKtzcJGzcgGnm9tltftRmQQYzvzxVJ3s7axF/conmNEAWIyW46CsY2t3H4cSNbV3ea43iIfwqT0PpRboF+p0drqVneuy206yMoyQM1Jc3UFpEZbiVY0Hdqo2OoE3hsri0FtPs3KAwYMPqKg1QCXXNNicgpkttPc0W1BM1oLmC5hE0MqvH/eB4qG31Syu5TFBcpI47A1zlzIbe11qOM4QSDhe2etX7W4hinsornTlgBXFvJuB5x+lCVwehv0VDcXUFqga4mSJScAscU6OWK4iDxuro3dTkGpGVjq+ni5+zm6j83dt257+lSXV/a2QU3M6Rhum7vWRrcdslqum2sKm4mcFUQcrzyxpUhEviB45sP5VoFAbn6mnpa4GxLe20FuLiWZFiPIYng0ltfW14he3mWRV6kdqytEigl0pXuFRlglfYW6KATUFsWnu9S1C1iYQGPZGAP8AWEdwKGtxGtHrOnTTCKO6RnJwAM9ausyopZiAoGST2rnNMvJdOtbOK80/yY3O0S7gTuPTI7Vf8RMRo0oBxuKqT7E05K2wJ3LlrqFpfbvs06S7eu3tTW1SxW6+zNcxibONue9ZjRpba9ZiLaqtblWwMZArLKBtMlQLusjcFzdkfMOfTr+NCSb/AK72C+h2VV3vrWNZWedAIvvkn7tJLMINNeZDuCRblPrxxVPTLOCXSYmuI1cufNbd6nmlYL7Fy11C0vd32adJCvUDtTry8hsbZp52wi+nU+wrFgY3evy3llEGihjMe4cCRvQVNLaypG2pakRM8Cl0gX7q/wCJ96Gh9TSsb6HULVZ4Cdp7MMEfUVHfakli8UZhmleT7qxLk1UFtMVXUNO2xvMoaSFj8r/4H3qtrDo19p/2mc2hIJZlfBHtmnZXEnpctya4IULy6ffIg6sYuB+taH2mHMSlwGlGUB6mua1E2X2GTZrc8rY4QzghvwrT1ZcaHHOoxJCqOp7jpmhpAbFFR28nnW8cuMb1DfnUlSNBRRRQBiaX9r23P2j/AFXnf6N0/wBXsXPT/b39efwxWrB/FWVpf2vbc/aP9V53+jdP9XsXPT/b39efwxWrB/FWlTciGxNRRRWZYUUUUAU7v/WD6VCOoqxdqdytz6VXAORwfyoEcfef8f0/++agqxeI/wBtn/dv98/wmofLk/55v/3yaoRn6p/qY/8AerMrV1OOQwx4ikPzdlNZvlS/88Zf++DQMIf9cn1rTrPiil85P3MnX+4a0vLk/wCeUn/fJpANrLv/APj6P0Fa3lyf88pP++TWXfRSm6OIZOg/gNOO4mVKmt/vn6UzyZv+eMv/AHwamt4pd5/cy9P7hqnsIlPQiqh8ET3LQ6zoEdtcR2BMr2V1CymafvyeGHpV4QylgBDJknH3DXb6F4f1LQ7S9uE1KW/u7hQ0UNydscRHRRjoKjpe5S3PM/Gd/a6xo/hO+XSE068bUlSaEwBGVh1HTkU74kyWFtp8VvptvcvI2qRS3DOhVd46KCeua6vV/CfijxbrmkTa22nWljYS+cUtXZ3Zh06itf4heFb7xVpdhbWEsMbW92k7eaTgqvYY70Lo9tfwuv8AIpbryX+f+ZyfjC9vI7GbxDrFmbB44Psmm2juHcyvwX44qloWkf2V4/8ACFlJxMmmtJKB/eIzXSXngfXNd8QyarrN5bFLIf8AEstI8mMN/efPWrWl+FdbuvHqeJtdNlGbe2MEENozEc9Sc0Q0af8AWz/Ftkv4WvK3z0/BL9TmZBqp+OOoDRms0uPsq7vtQYpj/gPOatz+HfFumeNLrxFNY22qyXlk1sY7J/LERxgE7+tdVrXgZdQ8Rw6/p2pzaZqMaFGkjjDiQe4NP/4R7xN/0OUv/gBFUpe6l6r77lt+833t+CX+Rw2g6Xd6X4C1TwrbXEY8Szbp5bZTyiOemeh49K5Pwn4StLPX9a+06jJZyaKI5vtW7BHdgfryK9o8PeDk0bVrzV7u+k1HUroANcSRhNqjsAOlc/ZfDQz+Jtfu9bMU+nag6PHDG7A5U5+aqTfPzdbfirW/Al2cbPa/333OR1u2udf8H+JPGeoIyrPB5NhG3VYgfvfU110Hh+98S/DHQ9Pg1A2do9shuig+d0x90Va8W6F4n13SLnQLK30q30uVVjWUyPvVB/s4xXWaRpS6RoFrpaPvFvAIgx74GM1LScJJeVvkv8x3d131/Q8J+Ht1Bp2nX1qfEOr6eEunVY7S28xWAOMk7TzS+PL6K6XR0j1/VdRIvkPl3lt5Srz1B2jmvUvh54T1DwlpuoQXssEj3F080flE4APTOayfFPhTxX4yutPhvxplpY2l0J90Mjs7AHjqMVV7yj8haLmt5mR8SLWxvfGnha21Jo1tHgcSGRtqjjua4TSP7SvL7w9YJdzRGK9mSzuhzhe23PUV7L4m8FT674u0HUCLWTT7AETwzjJcew6GqXi3wJqmteIdIm0m5tdNsbEHDRp86E9dq9KUdGn5v83ZiavG3kv+GPPbnU7m8Nkut6lqWo69Z6p5cOnKiqBg/ePGcEV63q0uh+D9P1DxTNZx295NGGlYnLu2OFz/AIVit8OLnSZ7PV9E1ES67ANstxeJkXKk87vQ47ir3jP4fN44+xm81ie0SBQTbwoGQv689aJX5LLf/htvW33lK3Nrsch8PYxD/afxF8T3JtVuWPlbmIUL9O/tXpP9meHvEs9jriwwXcsPzW9yjcr+I/kaxZvA+rXGmLps3icyWaqEWJtOiIAHTFVvBXw8v/BerzG316WfSnXJtnjHLn+X4VWl7LRLYjW13q3ucukGl6j8ZPEFtr13ts44EaJJbpokDcdORUmhLYWXxtlstHuy+niw3CNLkypuxz3Neht4H8Oy67c6zPpsU95cqFkaYb149AeBUd/pFxpjxy+GdF0ZZSCHeVfLIHsVFRH3VHyVi5e85ef/AAP8ji/hR/yN3i//AK+R/OvWa4zwH4OufDbalfahNHJf6hMZJRDnYo7AZrs6raMV2SX4C3lJ92wrN1UAqoIBG1uv0rSqlqMLSIrKM7eoqqfxET+E8U+Hv9vmTW/7Hl09IjdOH+1Bic57YqGXwj4mstC1zQ105bs6lcCX7bFIFjUHrweeK7KHwRcadqt5e6LrU+nLdndJAIBIufUZq02g+I2RlPi2fDAg/wChJWqg+RK2tkv6+4hz95td7lLS5pH8NWsGg3ely/2cBFcyXqHajrwSPT61wGr6zq0+s6lDokGl3F+U829vLSNmGF5x82Qa9Etvh9pEejf2bc/aZ0dy8zq5jMxPXdjrWNongDV9F1G//s++g06wnOI/Kj81wnYHdTmpOX9b2/K4oWUf62v+Zl23ie6bSNPlC+GZ5roAJB9lJkz33ADirfj6CFdO0GXU4bUXBuky9tHtUDt15xVtPhiujaiusaBOBqSHIW4X92xJ+Y+2a6DWPDA8TW9gNYAVraXzXhhyUkI6DPXFOzfrdMFZPyszl9eeFPFmnam0Qn0S6xbzSo7KRJjgk+g7VW0S2hvfidcRaM0selWKfvSszMrv2PJrdm8H6rrd4V1m6it9KiYeRY2S/Ky/7R7GrVp4WvfDLEeGPJNtI5aW1us/nv6miCs035/0/wCvUJPRr+vkYfi6Wz0z4g6Jqc+yGOFWMjKnJB+nXmtXx5cm+8BSTrFIFkKkIx2nHv6Vr3Xhe01DXrXWbyNnuIItnlYymc5zUniXw+viXRZNMknlt0kIJkRckVMoSdNx/rcakudSG+E2YeEdMXoPIHCnIrtlUNGmfQVzGiaR/Zml2mmQs8iW6BA7DBI9a6lRhQPQU8S03oKimkN8oeppwGBjOaWiuY3CiiigAoppfnAGTThnHNACEgEZPWkckDjqaa43NgdhQx3Rhh1FADgoX60p+6fpTQgK5PU96FJKEHtxQAqfcFLgAdBSR/cFBUMec0ANUZDAdO1KFYgAnA9qeBgYFFACAYGKWiigAooooAKKKKACiiigAooooAKKKKACiiigAooooAKKKKACiiigAooooAKKKKACiiigAooooAKKKKACiiigAooooAKKKKACiiigAooooAKKKKACiiigAooooAKKKKACiiigAooooAKKKKACiiigAooooAKKKKACiiigAooooAKKKKACiiigAooooAKKKKACiiigAooooAKKKKACiiigAooooAKKKKACiiigAqtqENxcWUkVrKsUrDAcjpVmigDI06y1GxSOHNl5I++VVtze/wBahl0S5LTQRTxrZzSB3Ug7h7DtW7RT5ne4rdDEvNKvZdRjnhktmgiUCOKZSQp9eKttDqclsM3EMdwrZGwHYw9DnmtCii47GVb6fefbJL27lhe42bIlQHYv9ade2FxdLbzpJEl5AchiDtPqPWtOii4GRDou6yuYrqQNNctud0GAD2xRDpl5LcwPfTxPHb/6tYwQSfU5rXoouxWGSRRyjEkauB2YZpQgSPbGqqMcADAFOopDMC00zVrSaWYS2UssrZMjq27HpVm8067e6W7tJoo5zH5cm8EqR7VrUU7gYVxolydMgs7a4jVVbdLvBxIep6dquW9vqAiaGWS2iTbhDbqQV/PitGii4rGMdN1C7lgW+uIWghbdiNSGcjpnNW7qzkvrS4t52QK/+rKA5H1q9RQ3cZkWemXQuhcX80cjpH5SCMEDHcnPeq/9iXq2z2C3MQsWfPQ+YFPb0rfoouKxXltVawe1X7pjKD8sVjJBdahoS2VvOsMsTeXLvz0Hbj1roaasaKzMqgM33iB1ouMoafb39tsilFmtuq4CwqwP61PqULz6bcRRDc7oQo9TVqik9QWhBZRtFYwRuMOqAEe+KpCxe51d7m6iXyo12RK2DnPU1qUU763ElZWMXVLZ5Va1t9LUhxjzhtAX+tO1nI0uOyX5pZtsYA/U1sU0xozq5VSy9CRyKLjGwxiGCOIdEUL+VSUUUgCiiigDE0v7XtuftH+q87/Run+r2Lnp/t7+vP4YrVg/irK0v7XtuftH+q87/Run+r2Lnp/t7+vP4YrVg/irSpuRDYmooorMsKKKKACiiigBMD0FGB6ClooATA9BRtHoKWigBNo9BRgegpaKAEwPQUYHoKWigBNo9BRtHoKWigBMD0FLRRQAUUUUAFFFFABRRRQAUUUUAFFFFABRRRQAUUUUAFFFFABRRRQAUUUUAFFFFABSFgBkml7VEqhlyOoNADixP3Vz70ZzHmlVsqfUdRSIMx4pgNC74+v4UYUx9gaXBVtoOM0BRvxjPcmgAVtwAA59aAuxxnnNKVYcqfwNKV3EEn8KAGglWKgZ7il2sSCSBin0UgDFGBRRQAUUU3f/AHRmgB1FNU7lyacRkYoAaHDE47U3kMGPfjFKw2kEfSnMMqaAGnKvkDOaN5B+YYzSq2VyaaxD8DmgAG7e2F/OhVIcgn3qSigBm1hwG4pyjaMUtFABRRRQAUUUUAFFFFABRRRQAUUUUAFFFFABRRRQAUUUUAFFFFABRRRQAUUUUAFFFFABRRRQAUUUUAFFFFABRRRQAUUUUAFFFFABRRRQAUUUUAFFFFABRRRQAUUUUAFFFFABRRRQAUUUUAFFFFABRRRQAUUUUAFFFFABRRRQAUUUUAFFFFABRRRQAUUUUAFFFFABRRRQAUUUUAFFFFABRRRQAUUUUAFFFFABRRRQAUUUUAFFFFABRRRQAUUUUAFFFFABRRRQAUUUUAFFFFABRRRQAUUUUAFFFFABRRRQAUUUUAFFFFABRRRQAUUUUAFFFFABRRRQBiaX9r23P2j/AFXnf6N0/wBXsXPT/b39efwxWrB/FWVpf2vbc/aP9V53+jdP9XsXPT/b39efwxWrB/FWlTciGxNRRRWZYUUUUAFQySkHC/nU1VG+8frTQDvNf1o81/WmVgX2t6kniA6Tp2n287iESs80xTr2p9bCOi81/WjzX9a5+y8QSG4vbTVbVbW6tYvOIiberR+oNVo/EWrPYDVf7Ih/ss/NuWUmXZ67fWiwHU+a/rSrMwPPNQQypcQRzRklHUMufSn0NAmWwcjIoZgq5NNi/wBWKSb/AFf41IyMzMTxxSea/rTKPqcCmIf5r+tHmv61zQ1/Ur+S4fRtMiuLWBijSzylC5HXaO9aematBqWm/bQrQhciRZBgow6inbS4dbGl5r+tHmv61geHvEQ1yS4jeAW7xnKLnJdM4DVXi13Wr6/vbfTtLtJI7V9heWcqWP0xRYDp/Nf1o81/WsjRdY/tRZ45oDb3lu22aEnOD6g9xWpRYLliOTdwetSVWi/1gqzUsZFJLtOB1qPzX9aST/WN9abTEP8ANf1o81/WsfWNZOnPBa21ubm/uDiGHOB9WPYVDZ6zeLqi6dq1ilrNKu6F4XLo+OoJ7GmlcHob3mv60ea/rWB4g8SRaFNZQeV5091MsYXONoJ6mmXet6n/AG/JpWnafbztHEJWeaYpxQlcHodF5r+tHmv61h6XrU9zqEum6jaLaX0a7wqNuR19Qa2aLATRyknDfnU1VF+8PrVukxkckmzgdai81/Wlm/1n4VHQIf5r+tHmv61XubhLW1luJCAkaljmszw7rv8AbtpJI8At54z80Wc4U9D+NMDb81/WjzX9ayNF1c6ut4TCIvs9w0Iwc7sd61KLAWUfep9aRRsbHrUcH3z9KmcZXjqKQyCaTB+Xg+tMEsijHUe1NwS2TTqYhTI7AHODSh3GeeTWFe61ef2w2laVZRXNzGgeUzSFFUHpg96s6Tqkl+9xb3Nt9nvLdsSxg5X6qe4oSugehq+a/rR5r+tRhlbIV0YjqAwNc/Z+Iru+gilg03eDdtbyYf7ig/eoSu7A9Fc6TzX9aPNf1qjqV6LDTri5UJJJEhcRlgC1Ps7r7XYxXGApdAxUHO2gC35z/wB6kMz9AeTUQClRkjnoc9aTcCcbl3jtuGT+FFgJfNkHVsj6UplfHWoZHUKcsoIGcFgKp6RqX9p6f9pdFh+cpgt6HFFgNFZX2jmjzJT/ABYqNXQYUugb+6WGfyp9AD/NbGDyKnQ5QE1VqzF/qxSYxThATUBlbtgCpZvufjVehCH+a/rR5r+tV7qb7NZzzhd3lRs+31wM1jf8JNGvhy31SSDE1xgRWynJdj2FAzofNf1o81/WqlnLcPZxy30UdvMwyyB8hfxNThlIBDKQehBHNNqwk7knmv60ea/rTMjOMjPpmopp1jtpZkZJPLUthWB6UnZK40ruxY81/WjzX9azNE1QavpNvesqRPMCfK35I5xV8sqkBnVSegZgM02rOzEnck81/WjzX9azrvVrWxvrSzmLebdHEeMYH1q9QBKkxz83IqeqdW1+6PpSYxHfYuagMr+tPn/hqGhCH+a/rR5r+tZ+r3MtnpFzcQECVEypIzz9K4aDxVq81gbs6hfeWg/eMNNXCn86aVwPSfNf1o81/WuK0nW9Xk1+ztLue5aCdGJE9osXQcYIJq9feMLC1v7+yeeOJ7aIlXbJ3SdhihoE7nT+a/rR5r+tc9p3i3R7m1thLqcJuZFG5QD94/hW9Q1YE7kizMDzyKnBBGRVSrMX+rFJjHMwVcmoDMxPBxUk33PxqvQgH+a/rR5r+tMrBfxNGniUaV5I8okJ9o3f8tCMhcU0ruwulzofNf1o81/Wuf1PWtQt9ch0rT7GC4lkjMhaaUoABTbbXNRGq/2ZqOnwW9zJEXtzFKWRyOxPahK4PQ6LzX9aPNf1rk59f8Q2+qwac2j2JnnUshFycYHrxWg2s3Vvqmnafd2kSTXSMzmOTcEx6etFgubnmv60ea/rXPvrd/eXk8Gi2EN0lu2yWWeQou70X1pq+JgdKvrhrVo7yx4mtnOOfY+nvR0uPrY6LzX9aPNf1rMOpEeHxqnlDJgEvl59s4zWbJ4mla00wWlkst/qC744WfCKB1y1Ftbf1/Wgr6XOl81/WjzX9axbDVrt9RbTtUs0tbrZ5iGJy6Mv19aqLr+pX7zvo+mRXFrAxUyzylC5HXaO9FgOl81/WjzX9azdM1aHU9M+2hWiC5EiOMFGHUVS8P8AiJdcluI2gEDx/Mi5zvQnAai2tgvpc3/Nf1o81/WuXt9e1vULm8TT9KtJIraXyy0twVLH6VpaLrA1aGUPCYLqBtk8J/hPt7UJXVwehrea/rUscm/g9ar0+L/WCkBZooopDCiiigAooooAKKKKACiiigAooooAKKKKACiiigAooooAKKKKACiiigAooooAKKKKACiiigAooooAKKKKACiiigAooooAKKKKACiiigAooooAKKKKACiiigAooooAKKKKACiiigAooooAKKKKACiiigAooooAKKKKACiiigAooooAKKKKACiiigAooooAKKKKACiiigAooooAKKKKACiiigAooooAxNL+17bn7R/qvO/0bp/q9i56f7e/rz+GK1YP4qytL+17bn7R/qvO/wBG6f6vYuen+3v68/hitWD+KtKm5ENiaiiisywooooAKqN94/WrdVG+8frTQCVx99HqMnxBcadcwQSfY13GaMuCK7Cq4sLUagb8RD7UUEZkz/CO1NaO/qLo1/W5jwaWdOe/1fWrlbuaSLy3MUZCrH3AWsyTT5dL0cavoGtv9gRDJ9muTviIPYDtXZkAgggEHqD3rGHhPQxceeLLD7t+3zG25/3c4oAvaXdm/wBLtbtovKM0YYp6VbpAAAAAABwAO1LTer0EtEWYv9WKSb/V/jSxf6sUk3+r/GpKK9R3CNJaTRp99o2VfqRUlFDV1YFoznfBc0f/AAj5g3BZbaV1mUnBU56moNc1yG/0CSLSlM0l1N9mUAbNx7kH0961L3w3pGoXJuLm0zKfvMjlN31x1qyNKsRLbSC2UNbAiHHATPXiqdm7sS02OTMt/pGt6XeXWkLZW+0WsjrOH3emce9anhYf8TbXuR/x8r39q3L2xttRtjb3cQliJDbSccjoazJvCOhzzPM9m3mP94rMy5+uDRfv5/o/8xW/T8CnoUi3Xi7XLmA5gGyMsOjMBzXT1BaWdtYWy29rCsUS9FH9T3qel0S7D6tj4v8AWCrNVov9YKs0mMqv/rG+tNpz/wCsb602mI5m9ZbTx9Y3FwwWGa2aGNm6B89K2rrVLS0v4bKQlrqVS0aKu44Hf2p99YWupWzW95CssR7Hgj6HtUGnaJp2ks7WVvsd+CzOXP5npQtrA97nAa1qaSot1dWd8l296n3rchVRW4UHua6fT5BP49uZFDKGsgQHGCOe4robyyt9RjjS7j81Y3Eignow6GqN/wCG9J1O7+1XdqXnxt3rIynHpwaadv68rA1f+vO5myutz8RYFhOTbWjCYjtk8A109U9P0qx0qExWUAiVjkkksx+pPNXKXRIOrYq/eH1q3VRfvD61bpMZXm/1n4VHUk3+s/Co6Yjm/F808ltbaXaQ+fcXcgzHv2/KOevaqNvcXuneLYJbzS1sIL6PycLMHDOPu9OldUbG2a/W+MQNyqbFkz0X0pL3T7TUUjS7hEixuJE5xtYd6Fp/X9dAeph+Dv8AV6v/ANf8n9K6Wq9pYWtgJRaxCMSuZHwerHvVijsHVvzZJB98/SrFV4Pvn6VYpMZTPWig9aCcDNMRzd7YWGsa7OlrqFzY6vBGA7Qtt3KehPqKzjq2rwWWtabLNFcXdlCCt3Eu3OfX3FdHqOiadqzpJeWod0GFdWKNj6ipbPTbLT7b7PawKkTfeB+Yt9SetH2bDvrc5P7DbaRdeH7nTMi4ujtuSrE+aCuSSPrVSEtb21gsZ+9qz5569a7Cz8P6Xptw1xZ2vlyt/EXLY+gPSnLoumjyl+yrtjl85OTw/rVX1v8A1uTbS39bP/M5GW2stR0XXtRuyVv4XdN5Y5jA6AD0qRJXsrVYEYkahbRquDg5JwcfhXT3nh3Sb24e4uLMNJIAJCGIDfUCp5NIsJPsxNspNr/qefuVKtaz8vyG97rz/Q5bTDNcXltpkm5pNLV5W56kZCg/hVCVEfwnLrbyMNVjuiUl3EMG3fcx6V3sFha291PdQwhJ7ggyuOrYqo/h3SZL5b17MGdW3g7jtz67elUpa3f9dxWMGCwt9S8YXkt4vmtFaRusZJwreuKyPDjvc3dtFrKf8S1pn+ybWwrSBj9+vQE0+1jvZr1IQLiZQkj5+8o6Cq50LTDYrZfZF+zK/mKmTw2c5z9aUXYGr/15HH6hYtbz6hqU1qmpQpKGF7BcbJYAD93HfFd7bzLcWsUyFijoGG4c496zJ/C+jXN2bmWzzKSCdshAJHqBwa1wAAAAABwAKL+7Yb3uFWYv9WKrVZi/1YqWAk33PxqvVib7n41XoQFXUv8AkE3uenkP/I155oqahpdlpniDUBHc2Ma+X5aj/j3Un74r0uSNJonikG5HUqw9QetQRafaQ6f9gjgUWm3Z5R5GPSmna7Xl+oPVWZy/iaaW/wBZ0q1itVv7KZGkEPn+Wspxxz7VnpaXtvYXjeXHbrY3KzRW6XHmmFf4lOO2K60+G9IbTU082n+io25F3nKn2PUVFPpsWk6Jc22kaaZWmBUxh+STxkk9ad+Vaf1qFr2uYkbDXLPWNViv1tkuFWO3mY/Ko7g/U8VBYIuk3YtZ9JNhPcWj4aCfzI5iB1I7V0ukaJBYeHodLmiR49v7xMcZPWnWXhzSdPZ2trUqzqUJaRm4PUDPSiSWqW3/AAAT2b/rY4eLTba18HaRqcQZb03KDztxyAXOR9K1ntLbWdT1+TVfmks0xbhmI8tdudw/GunOi6cdPhsDar9lhYNHHk/KQcg/nUeoeH9K1SdJ7y18yRRtDByuR6HHX8aJO7fz/QUVa39dTjYoI9Tn8LT30Ymldipdycso6GvRT1x6VRvNG06/igiubYMluQYgpK7CPTFXhwAPSm3f7wSsFW1+6PpVSra/dH0qGURT/wANQ1NP/DUNCEZXiRwmgXPzBS21QT6k4rz/AFBmYXhvFnka3iWKG6soCscmCMh+xx616TqOmw6nFHFcFvLVtxUfxexrKn8E6FNbyQpbywh+6TNwfXGcU1pqPt/X9bGRokf/ABM5bjSvtiyXSb51vYD8xA6I54Wp/L1XTtGu7dPDaFCjs00t2rOc55PHNbFr4V0i0eKSKGbzIsFWadzyPbOK1biIXFvLCxIWRChI6jNOTXQmOm5zOlXmtLpdr5fhiB1Ea4f7QgJGOvSuniZ3hRpY/LkIyyZztPpmm2tutpaRW6EssahQT1OKlobBIKsxf6sVWqzF/qxUsYk/3PxqvVif7n41XoQEF5dJY2U90/3YkLfXHauAe21p/DrXA0Rd7S/bFuTcDcBnI+Xr0rv7yzt7+2a2uo/MhYglc4zipfLQReVtHl7du329Ka016j8jiZbm71XxVpd1pdxDBJNZFt0ybwBjkYqxpAu5/GMw12aM39tHi1SJdqOh6sPeugs9C0ywmSa1tRHJGCEbcTgHqKludLsry7gu7iAPcW5zFJkgrVXSenn+NyWm1934GLqX/I+aT/1xb+dJrIJ8aaMB1MMoFb0ljazX0V7JEGuYhtSTPQUS2FrPeQ3ksQa4hBEb5+6D1qV08r/qN9TD8GMI7K8snIW6guX81Dwef4vpWTeD7ff+Jrm2O+BLby2ZeQzjk11GoaBpeqTCa7ti0gGNyOUJ+uOtW7WztrG2W3toUjhH8IHX6+tD1XnYadn87/qYX2qFvh0s/mL5f2MLkHvjGKp29npt5p2h6feXE9pqKwb7eWI7WHqAf6Vrr4T0NbnzxY4ffvx5jbc/7vSr2oaXY6pbrBe26yRqQVwdpU+xHIpt3bff/g/5kpWSXb/gHOwy6rp2sDQbq8S/FzA7RTFcSx/7x71c8FzRHw6INyrLbSOsyk4KnPU1padoun6UWNlb7GbqzMWb8zzUN74b0jULk3FzaZlPVkcpu+oHWi4zL1zW4r/QWh0pTLLdzfZkGNm455IPp71QMl/pGu6XeXOkLZW20WsjLOH3Z+7nHvXWDSrES20gtlDWwKw44CD6VJe2NtqNsbe7iEsRIbaTjkdDQmk7/wBf1uD1Vv6/rYw/CI/0jWuRj7Z1z7Uzw263XiLXruE5t2kRAw6MwGDVuTwfoUsryNZuHf7xWZlz+RrWtbS3srdLe2iWKJRgKtC0+635f5A9b+tyanxf6wUynxf6wUgLNFFFSMKKKKACiiigAooooAKKKKACiiigAooooAKKKKACiiigAooooAKKKKACiiigAooooAKKKKACiiigAooooAKKKKACiiigAooooAKKKKACiiigAooooAKKKKACiiigAooooAKKKKACiiigAooooAKKKKACiiigAooooAKKKKACiiigAooooAKKKKACiiigAooooAKKKKACiiigAooooAKKKKACiiigDE0v7XtuftH+q87/AEbp/q9i56f7e/rz+GK1YP4qytM+17bn7R/qvO/0bp/q9i56f7e/rz+GK1YP4q0qbkQ2JqKKKzLCiiigAqGSIk5X8qmooAq+W/8Ado8t/wC7VqincCr5b/3aPLf+7Vqii4FXy3/u0oiYnkYqzRRcBANoAFDKGXBpaKQFYxOD0zSeW/8Adq1RTuBV8t/7tHlv/dq1RRcCr5b/AN2jy3/u1aoouBV8t/7tHlv/AHatUUXAijj28nrUtFFICKSMk7lqLy3/ALtWqKdwKvlv/do8t/7tWqKLgVfLf+7R5b/3atUUXAq+W/8Ado8t/wC7Vqii4EMcRBy35VNRRSAjkj3cjrUPlv8A3atUU7gVfLf+7R5b/wB2rVFFwKvlv/do8t/7tWqKLgMjj2DnrT6KKQEEsTZygzmoljcEqVq5THGMN6U7gVyjgfdpPJfZjac1YY/Mp7U4FiemBRcRVCtjkUCJyv3TVsqCckUtFxlTyX7gml8t/wC7Vqii4FXy3/u0eW/92rVFFwKvlv8A3aPLf+7Vqii4FXy3/u0eW/8Adq1RRcCsImJ5GKsAbQAKWikAjKGXBquYnB6ZqzRQBV8t/wC7R5b/AN2rVFO4FXy3/u0eW/8Adq1RRcCr5b/3aPLf+7Vqii4FXy3/ALtHlv8A3atUUXAq+W/92jy3/u1aoouBXSJieeBViiikA2RN6+9QGN/SrNFAFXy3/u0eW/8Adq1RTuBV8t/7tHlv/dq1RRcCr5b/AN2jy3/u1aoouBWWJieRirAGBgUtFIBGXcuKrmJwemas0UAVfLf+7R5b/wB2rVFO4FXy3/u0eW/92rVFFwKvlv8A3aPLf+7Vqii4FXy3/u0eW/8Adq1RRcCr5b/3aPLf+7Vqii4FXy3/ALtHlv8A3atUUXAq+W/92jy3/u1aoouBV8t/7tHlv/dq1RRcCr5b/wB2poo9vJ61JRRcAooopAFFFFABRRRQAUUUUAFFFFABRRRQAUUUUAFFFFABRRRQAUUUUAFFFFABRRRQAUUUUAFFFFABRRRQAUUUUAFFFFABRRRQAUUUUAFFFFABRRRQAUUUUAFFFFABRRRQAUUUUAFFFFABRRRQAUUUUAFFFFABRRRQAUUUUAFFFFABRRRQAUUUUAFFFFABRRRQAUUUUAFFFFABRRRQAUUUUAFFFFABRRRQBi6Z9r23P2j/AFXnf6N0/wBXsXPT/b39efwxWpB/FWXpn2vbc/aP9V53+jdP9XsXPT/b39efwxWpB/FWlTciGxNRRRWZYUUUUAFFFc9deILyXVLnS9L015riHAaeU4hUkZ5xz+VHkB0NFcqdX8SSaq+mw22medFGryM7vt59KbD4nv10HU7u5trZbqymaIrGzFDjHPr3p20uHW39dzrKK88fx5qCW3nb9Lb5c7QkwP0zjFbJ8YbpLWKK2/ePLFHLuPA3rnK0+ViujqqKxLt/EwuX+xxaWbfPyGVnDY98cVmaZq/inVYZJYbXSUEchjIaSTqKSVxvQ66isWbU9VsbaHz9Je7uGB3/AGMjYv8A30c1l2ni3Vp47ln8L32Y5GVduOg9c9/pRYDrqK5rSvEupX8duZ/Dt7D5v3nyu1eevJzU2q+KLfR9chsrshIJITIZArMQc4xgChpp2C9zforn/wDhNtA/5/H/AO/En/xNQap430ux09bmGbzGc4RWjcA/pRZgdPRXLyeI76/ubWHQ47SUSxeYz3O9QPYDrV7RtZnutPuJ9Sjhikt3Kv5JLLx3Hei3cVzaorldO8daXdrctLKUWKUopWJzuXselVdQ+INnDcmOzIlUR7xuikBY91Ax1osxnaUVhy69MLCy1GGykltJseaApEkee+PTNWtX1NtOtoJY0V/NlVMMccGizWgr9TSoqrqF/FpunTXs5AjiQsff2rn9I8d6ZfWaGeUJeFSzQJG/y+g5HpSWozqqK5X/AITOQ2n2waDqH2TOPO+XGM4z1qTVfGNnpmoW9vnzdwBmjSNmkjDdG4GMetOzA6aiuPTx9aI94s8MrCP5oGhgkxIOw5H3q0NJ8RHW9Llaxe3OoRj5onDKqHsDnnpRZ2uK6Ogork7XV/EN6zLbtoburFSm+QNkdeOtSPq/iCw1Kyg1G204w3MmzdA77h+dFgbOoopjSxoyq7qrN90E4J+lPpDCiq19cyWlq00VrJcuOkUeNx/OucXxrK999iTw9qLz7d2F2lcf7wOKEr7A9DrKKxNPv9XvL8ebb2lva4yYXkJuE+oHFMPiILqV8JFVdOs1AknALEuewA9KdgN6iuQHxA0s6x9mVy9psz5yROSjejDFb0WuWE2mPqMcrNbJ1YRtn8sZos0rh1saNFcXb/EKzuZ7gbWgWNTsjlhfzHbscAfdrb8O+IYNfs2dVaK4jOJYmUqR789jRysV0bNHWue1HxVbaVrwsLwiOEw+ZvCsxznGMAUv/CbaB/z+P/34k/8AiaErq43ob4AApaxb/wAS2Vr4ffVomMsfSNdpBdvQDrVS08baS9nE91M8UxUF0EEmFPp0os9QOlorNsNbstYt530udJni4IZSuGxxnIzWMni6c6iLD+zzLdpEzSxRNnJBx8p6EGi2tg6XOrorkV8X6k2rSWf/AAjV7hYw+0Mu/n15xirdx4muVu4rG20e5e9khEhRiAsWTgbzn+VFmB0dFcpPq/iSG/tdO+zaYbqZDITvfYAD+dS2Ovan5urW+oW9qs9iiupgZirZGec0norh1sdNRXnkfjzUJLfzt2lrwTsKTEj8cYrR/wCE4Y6THMLVTdNEspAJ8vBfbwetU4tCTudlRXP6t4w0vSI5EuJj9pVAwiEbHJI4GcYqtYeOdLlsIZL2Yw3DLl41hkIU+nSlZhc6misgeIrC40yW8tLlCoby1aVGVd56A8Z61Vn1bVvs0RjTTbW55Esd5MR+K47H3osxnQ0Vykms+ILU20txHpMtrLMsTNbyOSM+meKvS+MdChuJYGvSZIm2uFidtp9MgUWA3aK5DTfH+nzmdb5ZLcxyFUfyXKyL2I4qbVfHGmWuhvqFlOtwc7UUowBOeQeOKLMOtjqaK43VPGc8UlodPjgNtPGWM88cm0H0+UVP4d8TX2ratLaTw27QpFvE8CyAZz0O4UcrFdHV0VyMnjqyXUbm2VhJGqnypkidlDjgq+B6+lQH4gwDTEf7NKL0vsZTDJsX/azjO2hJjeh2tFYVzrctzoqalo8tnLDgmR5t4UAegHNVba/8TXkYktv7DlQjOVkkOPr6UWFc6eiuf0rVtVk1ybTNTgtEZIxIr27MQc/WugoaHcKKKxdY1m40q4jcWZuLTGJTEcvGSeDj+7S8gNqiuS/trxE100PlaTFJhnWKSRy4QdzjpVzQ9V1fULr/AEmGxezKZWe1djhv7pB5BppCudDRWRrGrTaRNbzSQq2nsdk0ufmjJ6H6VrKwZQykEEZBFLpcYtFZF+/iEXRGnxaa1vjgzs4bP4cVk6lrPiHSLR7m+OhxRqM4MkmW9gO9AHW0Vy+leJb7/hH59V16zisFU/ulDH5wenX1puj+K7nV1u7b7HFbahAu4LLKDGc9OQc02nquwr9TqqK4aPxZrgt7e5ng0rypZ1i8tJWMhBbGQKu6j4g1qPUNRisLWxaGxQO5ndgzcZ4xRYZ1lFctceIdTkXSUsLa0M99D5reezBV46DFNh8UXw0SW7uLWD7TFefZmSNiVPPUd6OV7f12FfY6uiuYj8VyrayyyafJLILnyI4oOWbjPerVvqWtX06eVpIs4VbEv2tvmI/2dv8AWiwXN2iub/4SDUdQu7i00jTMtBKY2ubo4iyOoGOc1BFrHiS7v7u2tbbTB9lIVzI78nHbHal5jOrorj38XXkfhJNVe3tluDKYmUligw2M8c1nSeO7+IKxOmSgsBtRZgTn0JGKpRbdhN2Vz0GiuZ/4S1JNSgt44MRGWSOZ36rtAORjr1qO38cafc6pc2kThhHGWjPlsCzDseOKVhnVUVx8fiDXxDa3k9ppws55QmEd94B/SuwHIosK4UUU13WNC7sFUdSTgCkMdRXMR+LS8F9Ilsly1vMY1jglXJUfxHJ6VlQfEO4lgsn/ALGYm4JB2zpg/wC7z/Omk3/XcHod5RWJPrk0L6XvtDALx2WRZm5jAGe3FVbvxa9tdJCmjXk6yuUhkiZGWQ+xzRZh5nS0Vz1t4sheS6S+sbmwNsqs/mqG4PTG3NUIPHMN7pt3LZiN7mJ9saMrBWGcAk0WYHYUVzdjq2tLq9taanb2Kx3Ee9Wt3YkfXNR6x4v/ALO1FLe0sJr5FbZO8P8AyzY9BnpRbWwrnUUVxt541voZRHD4evGeIhrhGIykZ6EY4rWt9flls7i4udOmsVjjLo1y6gOcZAGDRbS4+tjcornbbxhpw0m3vL+eOFpgSVjBcL9cZx+NVNM8faXd+cLh3j2ylYnWFysi9mBxRyu9hX0udbRTPNTyxJvAVgMFjjr0rN03V2nuLq0vVjhurc5IB+VkPRhn9aQzVoqrey3S2Ly6ekU02Mort8rfiKx9R1zUY2022srWBb+83Foblj+7CjnO2gDoqK5/R9W1SfWbrTtTgtEeGISB7dmIOT3zVDW/HKWGp29lpto2oO0m2dk4VB6bumadtUu4d/I6+iuSuvGz2Xl+foN+DIwVQhRiSfYHp71o6/4jh0PTI7iRD9omwIoSpJJ79PShoOtjcormZvGenjQZ7+2lWaaHarRbWB3ntgjPrVvTPFOl6nNHaxXQN2ybvL8tlB9cZFFmK63Nuiucu7nxVbxzTLBpBijBYZeTJAqDT9S8V6lYxXcVtpCpIMgM8mRQlcb0OqorJ1fVZtJ0YXDRxyXjbUWIE7Wc9h3rOvPGdlputJYXrpEoiDSvtZsOeijAoSuB09FY1p4p0nUJ/s9pcNJMVJCmJ1zj3IrnH8Y6ulp9qdNLijd3WGNjIzvtOOgoswO8orz6DxzqcsMbynS7dnx8kqTAqfQnGK173VfEtrd2cCW+lP8AaiQrF34IGafKxXOqorzrUPiBqVjPcxGDTw0EgjKHzCST1ORxiug8LeI7jXLi9hnW2/0fbh4NwDZGejc0lFtXQN20Z0tFFFIYUVxmu6jqq6iwhOo2sS8DYIdr+43HNYNtrmuzXVxE1/f7YyAu1YM/jk/yppXB6HqNFYPhy9vJrV1vY7r5fmFxcbAGHoNpxTPEHiiHSLSKa1a3u3aUIYlmXOD6c0NWdhJ3VzoaK5u38Uz3M6RLotz8x5IljOPfAaqd14v1Fb/ZZ6FLJZxSGOaWWRYySP7gJ5os72C52FFcVJ4w1kxEW+gK0xk+UNdJgp+B61Nc+PLaDR7i6e2kguYnCeRMpOTnnlaLMfWx19FcHc+PJ31OSCy+xiBY1dXnSXLZ9lHFSWnjHUptStbYxWU6TPtYwJKCg9fmGKai2JtLU7iiuZh8Qanq8jrpGmBY45CrXF4cI2Dg7dvOarw634kvGvWtbXTBHauyN5jvkkdelSPyOuorj7rxddweF9P1QQWyTXTbWDliic+3Jqivjm+W4gRjpsqySBCI1lVuT2LDFVyu9vkJuyud9RXLr4rlu75LextQwZJT+8ODuRsY47VlWHi/Vby9uo4YUICGX98jBYQOxxzSsNne0V5qvjjV/wC13jM+neUIQQvlS7c5+mc/pXU3XiSTTbCykubQ3FxdcBbY4X1zlsY/GhxaFfWx0NFcOnj26uLvNtorNaRllnZ50Dhh6DPIrW0bxbFq5D/Y5La3Kk+dNImPyzmjlYXOiornbXxfp/8AZv2u/uIIcytGqxkuTg8cDJqnY+P9Nke5S+L24jkwkphfZIp6EcfnRZjOuorlNc8awaTepCgSRDbmYvhjz/COOmferNr4y0y5sDcRs8kiKpkjWNhjPHUiiztcDoqKy9O1V77Ur+2MSqlsU2sDy25c81qUrAFFFYUviFrLV5ba+g2Wm3dFdJ8y8dQ3oaAN2iuQufiDpUd/aRQTeZBLnzJDE+V9Mcc1dvvFUDaFcahpG27aFgpUowwfcYzTaaVw62OiorzBfiTrHlM8thZw4kCAOso3A/xDjpWhovjnVtR1WC1n0+BI5JjGSqSBtuPvjIxinyMV0d/RXGReK9Vk1Dm2sVshcvCxLt5gROrelKnj+z/su5upgEk+drZAjkSKOhJAwMmlbS4+tjsqK56y8YaZPo8F9NMU34VgsTnDYzjpVC1+IOnut2lwkqTQsfLVYXPmr2I4oaauCdzsKK57R/FtjqSW8crNHeSjmLynAB9MkUkXiu3/ALT1S1naNVs13qVbJdQMn2zQ01uCdzoqK5uz8W295qsMAe3jtpbbzw7yjcDnoecUviHX5tLS3ltbjTvJlJAacuxY/wCzsoaaBanR0V5m/wAR9RSGWTy9NPlyeXtAly3uOK6DQvFFxqMszXM2nmGGPfIIBJvUfRhzT5Xa4rnWUVzN1450WG1lkiuGeRVJVTC4BP5Vn2/xDtXlszLGxhmjzKY4nJib345FJRbC521FQ2tzFeWyXEDFonGVJBGfwNTUthhRTJpY4ImkkdEUd3OBXKHxpINBfUEskuJFLhkilXCAdC2TnFAHXUVxEPj64luLSIaLIxni34WZMk+3PT61vS628Oq2drLCsMc9u0rmRsFCMcenenytCubNFcvJ4unS8S1XQb6SSQFoyjIQ6juDnpWlouuDWDco1nPay2z7HSbGc4z2os9x3NaiiikAUUUUAYumfa9tz9o/1Xnf6N0/1exc9P8Ab39efwxWpB/FWXpn2vbc/aP9V53+jdP9XsXPT/b39efwxWpB/FWlTciGxNRRRWZYUUUUAFcMul2t/wCK9ckub66thGY/9RcGMEbep9a7msOTwjo9xqk+o3Nt9ouJmU5kY4XHTAoW9w6WMrQpLQeKbpra6M1uLZAssj5J/E1RjZf7H14ZB36kyrjuTjFdFN4YtbvVri5uljltpY1QQbcAEd+Kkm8O2v2e1tLVEt7SGUStEg+8R0p7r+u9xf1+FjhZNR8QTtDIdUjVBA/7g24KYXsR36URStPqcMzKFMl3athVwP8AVnpXU3vgmG6niEd7PBAoYOqH5m3HJ59Kkn8OXs15ZR/a4F02zdXjiEX7wlRgZaqTV0/63FJbnS/w/hXOeDf+PC7/AOvl6kktPFJkYx6np4jJ+UG2YkD86o6doXibTIXig1WwKu5c7rY9T+NSv0/yG+i8/wDM6PUreG6sJY555YIsZaSKTYyj61wf2JtZdofD1zqzxAlWv5rthGp9VH8VdNfaLqmraDPY39/Abh2BSSGMqvBzgjPNMj0/xTDGsceo6YiKMBVtSAP1oWlxvYm0u2i8L6csWo6xNcyuSTNcv94+w7VhX+q6fJrT6hY+K7e1do/KZGt/M4Bz3rYh0PVLrVLa71i+t547bcY4oYioJI6nJOa3HtYijbIYg+OCUHWm3rdiXY4h9bvGgme08X2txLGhfyxYgZpnii6v9U0TT7ZG2OVW4uJwnyg/wjHua17nQdevYntri/09baTh/Jtir7c9jmtfUNJW70gWETiMAKAxGeBQ2t/Nf1/XYP8Ag/1+Zi6a12/ie2jvDG1xDZgs0fRgTwcdqXSdRg060vmmkCvJdMkS93bsBWtpGjNp9xc3VxP59zOQC+MBVHRR7VmweF7tNbS5kvYmsopzOkIj+bcfU0t3by/W4bL5r8rHIwx6vp2nzXNpcYmn1ArNC77Ru9vT3p66jratZSywA3Nz5lvHIkm8qcfePoBXYxeGZBqPnTXQe3E73AiC4+c9Mn2qonglYopJkvXOo7y8M7crFz0A9Kaf9fcv8xta/wBeb/yKN68dhc6JqKavcPG8vl3DGYmJsL83H1FSeKNRbWLXT4dLVmlaX7QNwwfLU8t9D2rXHhS0k0yytbvEzWjmVcjCNIcnJHpk9Ks6Rog0957m5l+0Xk5+eUjAC9lUdgKd9fRi/wArf18h0m3XtCRrWWNRKoZWkjDgfVTXE6fJqR1vWLX+2IwSDmT7IoWfC8qp7YFdUdAvrWW7TTdR+z2tzljGVyY2PUoe1Sy+FrGTRYtOG9TFykwPz7u5J96nTV/1/X5jXYx4/wDkm7fT/wBnFTX11A8JtzpGs7mVN1xZRYL4HHzZ5FMHgeb+yjaf29f5JzsDjyuucbcdK6l4p0sDFbyIs4TajuuQD6kU5NXbFFWSX9dDy++knuNQSw0yLxNEUAeeRnLOg9Anv613ui3kEpkJ028tHVBvnu4ghkxxyc8mk0bR7611K51DUbuKe4mRU/cxlFAHtWtd2lvfWz29zEJYX+8h6GhvSwWu7nL6nqHh+/ufNtop72+iYAtp6kyqB6njimXtxdXes6I91a/Z1aVzHGxy23AwWHY10dxZyxWRi0v7PbTABUZo8qB9BWZaaJqUurQahrF9DO1srCFIIygBPUnJ5oi0mvIHszQ1DRrHUL6zurkN51qxaHD45Pt3rRrN1DRLbUr6zu5nmWS0YtGEfAJPqO9aVSth9ShrIVtKnV47qRWXBW1/1h+leVRQNp8ioLDxBo1h53Bhl8w3BPY/3TXqmq2d7fRxw2t6bWMt+9dB85X0U9jWPN4ZvHe1tYryKPTLeRZRHsJkZgc8tmnDRhLYo+H722tXngm0m+06WbKJeXXztL6bm9fasrRm1EzTw2Et5c+VI/2d3hEMTydy7dWrsJdCmh1A3mnXjQ+YcywSfPGxx1A7Gqc/ha5l2yf2nI85fcXkHEQPXywPu/jmnfqKxzEGpa7HYfZYNOto7ue5aM3X2nlpR1J4+7W/qkmo32iW4msb0aiudyW0/lpuA6sw7HtV2+8NP9gsYtLuFgms33o8y7wx77vU0610O9g0e8gluoZ7u6cu7uh8vJ7bc9KG7r+vL/ggt1/Xf/gHnMSJ9oV3v9RW9Y7W2Sk3Lf7G3pgeua6Dw9FBZagLy8XUnuFGJLnzi6hR/wA9R0X6c1uWPg/y4US6uyqLkGC0HlxMPcHJ/WujtbK2srYW9tCkcIGAoHFPmtsK1zirvVbBtZm1Cw8WW9sZUCMjW3mcD3NNl1y9NrPLZ+LrW5kiXd5a2QGa7eS1jMTCOKEOQdpKAgGubuNA1y+ia2u7/TxbOR5ghtirkA5wDmpW1ivMyfF9nJeaXpeqXNxcOVePENv8p3Ecke9OsUuE12we0h16GAE+e1+/7vGOOprqtY0g6hpiW1vIsUkLK8TMMgEdMism90PxBqUAgvrzS54gc7Wtm6/99VSlZ6dybXSv2KmmXCPqXiFIpUee5uNkCGTZvwvOGFZuqf2paRJa22lWcN8Y2SFba8JkAJyzYxyfetqw8H3EU6vc3cMKxIVgWxj8vYT1bJzzT5fBapqsV5Y3slsTCY55V5mkJ53bj0P4UrLRf1oO+7OLhEzXCiKCa61QgJJFFqj+cvruGOAK6N9O+3+K4YtQmntJE09dwguSpzu6Fu9dBN4XtZdkqXNzBeKoRryJgssgHZjjmmTeD9LvLuO51BZb2VIhEDM5PGc54xzT5gt/X3GPaCxi8WWMdneyXMccLq0kspcg56ZNPaVF1jxRIWBTyYuQcj7prYu/DVtdajbylYxaRQmEwbeGGfWnS+GrJNMksLCJLSGZgZdgJLD0qXZq3qvvY1o7+n4HD/bdedLSGHU1toopjEsQhB6Dv61WuLiW6haaZUDm2RSY02qSJscDtXa6j4PivGTyLuW3Hm+Y5U/N0x8vp0qO78LXjWMGmWd7FHpyYL+ZHulYht33qq93fzEla39dRfEFvqN3LppsktJ4ICJJIpptm5gOPwrOt9W8SHxDeoLSxYiKM+Ubv5F68jjqa6CbwnodzMZp9Ojkkb7zEnJ/WqEXgPRU1Se5aziaB0VUh+b5SOpznvSTQW0+4PEM08/hmBrpIkuPtEW9In3qp3jvXPa1HYP4svzeajZWjBU2i5tvNLcdvSurufCliNPa106JLTdKkjEZOdpz3Nay2FoszzfZ4jLJje5XJbFLT+vRD6W/rc890VUTwrAI3V4xq52uqbVYZPIHYVoa34i0qzuxbw3KW6B8tLa5LrKe7pj5l9a17vRNWvr6ITX1qmnxTiZYooSH46AnNPm0bVry4lSfUIIbRjlfssO2UenzHP8AKne7v/XQVv6+8ybDxfpv9vTefrccsCW6ruwQrPnkgAcU3xPfwXnhW8bQltJrd3H2iRTtKEsOcY5Nao8GWMCL9hnntJM5kkiIzKfV8jmmX+g6xqGmfYJb+zWN2/eslvgsoORjng0aaf11BaO5ymqXtxa6gJJteiYwqm8icxYwOR5YGDn61JomptLrlvdNrCSxMzEoLpmLgjhfLxgH8a6m68MTakkyX92jx4KxRRxhVx2L9yaWz8Mz6V5H9nXUaKMCWKSMMmPVe4NOLXUTWmhm389tdFVGj+IrZI88WkflqcnJJweawdNurqfWxeW9v4jOnWzlRHnzfOYdQwPTHpXo2pxajLbBdNuIIJs8tNGXGPoKh0HSpNI08wTTCaV5Gld1GAS3XApRdtRy10EstQsoNKNy9s+mwKTlLhBGR74rDS+0n+0VvNDsLy5kbOZLNMQsx/v/AONdPdadaX0kL3VukrQtuj3fwmq+o22plEXSJ7W2wfnEsRYH6YIpX1uPpYyNKaZ/GV81yipN9nj3KrZC8dAa6jIzjIz6Vj6Lo9xY3F1e31ytxe3JG9kXagAGAAKXT9Nnj13UNRuBgzYjjAbPyDv7UdkLuzYrmtdtraHWtPvY554b+R/JRY+VkGDww9PeulrHvNHnudYXUBcKDFCUgQrkK5/iPrS63H0OH12+1Xw+iLHpsEdzPOGaSK6LyuAejEjpXU+HYbuS+fUH0+0t47hMs9vcFg59SuMZ96dJ4VMlgiPdGS8aZZZrmQZL47D0FSnQb20uriTStQFvDOvMLruVH/vL6VSdlYTV3/XcqeJf+J/ex+HIH+RxvvGU8onYfXOKt+G7p7czaJdN/pNnwmf44v4T78davaNo0Gj27KjNLcSHdNO/LSN6mo9Z0Qal5dxbzta38PMU69vYjuPaktNAeuprVyLWFtqHxCka7j84W1qrwq/Kq27rj1roJ4tSOmKkFxAt7gZlaMlCe/FUNH0W+ttUuNS1K8iuLmVBGPJj2Kqg56ULSV+wPWInjKGKbwrfCVEYKgILDIU5HNeU2406ESTNfxy+XlvLtYjG5/EdvavZNY006tY/ZDL5cTsDJgcsoOcVQ/4R5hrcVzH9kisoxnykhw7N6lvSiLtcctjhtO8S41O38+10JmihXbNuKleexx19q6qzgGpa3r0G/as8SDevOMr1rZTRY116XUSIijwLEI/LHBBJz+tUJvCsk+tXV+urXlqswUCO2bZ0Hf1ptp/iK1tvIj03wvfWl5ZT3er/AGmOzjMcUYgCce5Brn7pGk8LanEn+sfVSq/NtySR37V0/wDwi83/AEMOs/8Af8f4VXtPCD29vFby3zTxJeG6YuPmc9smi93r/WqDbb+tGcjJpbHS/s9ut1a37XRjIW5MmXC5yCa1tFiW41PTBZ6jqUs8WWvVlnLIpHBUg+9akvhS/wD7WlvYNRjUNIZI1aPOwkYJHvirMPheXTrhbnTNQkSd2H2kzjeJh6kevvTUu/8AWn5Ca0t/W5iabpdjcXGtXd3qN3ahL2TIiuTGuB3wK0fDUsH9paw0UweEuNkjt94Y9TWjb+ENGgvpb5rbzrqSYzGSViSGPp2xTB4Usp7y9lv447mK4k3pGQRs49qnpbyKerb8zmIZCvgu38vHmm7lMee5DE/0qnPqevPLJdTanFLH5CyGB7cFCCRxj1967ufw/byy2aIFitLUNshQY5IIz+RrLn8DwXF2pN7cJarGqeUhwWx/ePcVSa5r+f6f8AT2/rvf9Tn7CYQ6/BcSAhVvLhzgf7A6U/TTqy6trGouyKk0LSS28gwVTBAwfpzXULoV/Nr1veXd3bta2pbyYo4trcjHzHv0pNR8Nz315cSJe+VDchVlULyVB6Z96lbIDNkUjwto57NOjD6Guttru3u1c28qyCNijbT0YdRWfq+jve6ZFbWUqW8kDK0RZdyjHTIrPi0TWNM00NZX0cl6JWmlUrtjmLdRjt7U7p39f8gtt6f5nT1U1R4o9MnaeISx7cGMjIb0H51YiLtChlUJIQNyg5waeQCMEZqWug0+p47YaJenR9SkjsbYs0xDRqg8yLn7q5+8PalntzcwTWsFozXCqAUGmIhB/wB7dx9a7W78J3MsVxHHNaSLNcGYi4iLAZ9MEVSPw5tLeISWjRtdscubjc8fPYKDx7Val38vyE1/XzE1vSrZr7QJ7ueYIfllQzfuwAnPFWAbCfXNFt9LgWO3j3zKqLtGAcZx6GtL/hF7e4sLGG8WNnsyWjSMFYt3Ylev60220C+s47i6hvYn1WcjM0seURR0VVHQUXswtdfIzprt7PxDr1xAjST+RFHHGB1Y5xWFp8WoWHhm5huJo5bd7pV5G1kcsDj39K7XRNFubG4u7zULlLm8uSNzRptUAdABVWLwu/2yNp7sSWsczT+SFxuY9M/SpWmj7f5f8EH38/0C8Ig8R6Y0hCqlsdxPQYrlNauLC4vZx5llHbzHO1NReJZQejFQMZNdlr+iXmpzxTWN3FbyKhjbzI9wKnrj3qceHbGTRYdOuIklWJFUPtG4Edx70J9WPbQ8sLxWLXU73kU0cuB5UWpOGx6E7ea37a6jl8M3VstrBeIVPkqblrgq2O+QMYFdHeeHtUuQLVb2z+w5AO+3zKVH+10z+Fbz2Mf2F7aJVTdGUDBR6YzTk7xaElZo800s6xpXhVQ1vpUdpMwLOJSjyr/d4HU1sabrGozXlkklkLVwAIdMgcHavd5D2HoK1T4UlFtYwx3MSPChSS4Ef7zB/uHoD+FPbwfBbGO50y4lttQQ5e5Y7jN7P6iq5le7FbSy/r+v67GNqU89+17ePJJ9nS9ighQn5eGGWA+tdlfW1k9vNLdJGoMRR5GHIU+9Vda0mXVNJFtHOsM6ssiybcruBz09KzbnSfE99btbXOq2IhkwH8u3IYjvjmo3jy/1siutzC3vL4Sv4FurmGXSyTbyQSFd8f8AAT6jFWW1CW01W0ubKyt7ye5jEbXc9yQI3A5TpxmusudItrrR30xtywPGIyUODj61hJ4L3xvZy3hh0xTmO2tBs3eu8nOTTvqxdEUbWOfXvE8wurM2s0EQD3NldkoTnhWGOaxtakv7S+udCurzTn0wqHkiK/Z2fPPBXNdfp/hu80IxwaRqGLLdl4bpfMI56KeMfjT73wqb7Wbi/Oo3MCyoqhIMDoO5INGmltgXW55nBeppUL6nogsrS7jHl7p7ppiU9ApGK7W7bWkudCm8yDUL2Qu6h18lQCnTjNWLjwBE2nTWlvq9+gkB4dlZcn1GK0dQ8NyX40wLqE1sbMYLwfKzfLjg9qrmWn9dBWMGx06+1DXdWvp4YoNUtnjaKNX3xZ2/zI71qPcT3fiXRWuIDbyeVKXjPYjHQ+lWtN8P3eknUpINReee6KmOS6G4qQMc460y20TVm1P+0dQvraW4iiaO3EURVVz1JGeam+3l/kN9fM2NU/5BV3/1xb+VUPCn/ItWf+6f51Um0/xVPDJC2qadsdSpxbNnB/GorHR/FGnWUdrBqunmOMYUtbHP86S6/L9QfT5/oVvFlhdz63pd29wFtYbhVjiHUuQfmP0qv4osU0bSLNheCKZ75JZbuRN2GJ6kentXRXGlXt9Z2aXl1EbiCcSs8aEK2OwFSazpB1ZbQCVUEE6ykMudwHahaWXn/kD118v8zI0fVvtM8yP4kt9RAiJ8qO2EZHHXNc41ncT2GkNao3zyy4PnmHJLZA3CvQr7Txc2M0EBSB5V2l1UZAPWshvDd1HKJbe8TfbxiOzSVMpHxyxHdvei6vf+uoW0/ryOJubXUr6Bolt5t63Bi8ttRMhYqecKRzXTa/a6p/bOkGLVI7dCSI1eAHyztGcknmtK18L/APEnltr24El1JO1x9ojXbsc919KJPCcV8Uk1a6mvnRcCKRv3Qb1Cjn9aq/4BbV+ehwuszNZwX0R8R2ZMl0jmFIdxJBGWJ7fSuv8ACcgn1bUrltYt9RaUR4eKPYQAMcrUWoeGddv7b7K19pkcKsCoS0OQAeBnNbOmWes20zte3NjLGV4WCAxnP1zQmlG39bL/ACB7/wBd7mwCDnBBxS1keH9Nm0+2uGueLi4maZxu3Yz2rXqBnA+M7G4m8SWlwts0sC27KWECzAHP90kfnXMWdqzXt6BaMSCOP7NRsfhu4rt9V8Majqd89xK+luOieZAxYD0JDVmRfD+8imlk8zS38w52tbvhfp81VDRWf9ahLc0NBspoPAFxbXIFs7RyD95hQuQeuOlZNnpj21qlu+gaBK8UId3M/JXH3zxW3beFr4Wf2C4ubSOyMgkaO1iKlsHoSSeDWnc6Cs2sRXscgRBbNbSRbeGU9KG9W1/Wgltb+tzmtP0uRtf0y7Gn6TYxjLq1tNlpV9uOaj8U2819rqPIbqWO2z5Ua2SSR89eS3NdFB4beLSrW1+0jzrSXfDKF+6Oy/TFR6p4QsrmNpLO0tEu3bLSTKzA+vANDeq8gXU8/jgfUUuImtXi8qQBXt9NQMMc9d3BrrNcW8h8FstrBC/mKv2iVwI3U7hg7RnJ9qu6V4E0u1t3+320FxcO25mQMqj2AzU+o+FgdMksNGNvYxTMDNlC5bHpzxTbWi9AjvdnG6l5yXV+x1VY7rbGgm8wwKxA54AOad4Vu577X7eT+0cwFcfZmvmdtw6tjHI9q6qLw7rFjG6WV9ZESOZJDcW5clj6c9KTSdB17TBFEL/TmhViWxakOQTk4OaE9CWtDJ0LTNPbTrm/vNTvLYLdSFljuiij5/7orR8OyRCx1orKCjTSbGZvvDBrT0/who2nXH2hLUSXG9pPNlJY5P6VFD4RsHa5OoRR3QlmMqAgjZntwal6pry/yLe9/O/5nNefJB4M0R4Meem+RMjI+U5qq+o64t5LNcalFcxBoi0L2424JHT0PvXcXPh6C5uItxCWsMLRRxIMbdwwTWc/gmGXUjcSXk/kDZshQ4BK9N3r0p3Td/MTWn9f11Oc0gRjVYfPd4o9t0WcHaQN/Y1maFd2Uc2uXEsmpq5DyQBpyvmoPU+td7F4fvJ9b+3apc200KRtHHDFEV4Jz83PNVLnw3cz2+uxm3hJuf8Aj2+Ycf4UXsvl+o7XfzOMN7bLE2oeYvm+Vz/xNZN5HXb92unvhbPHoEclvPdxOpmaFz5rkFc9+tR3XhTU0soLOGa+nWSIJK5uY1WMkYPGMkVsnw9fwTQ3NnewrcQWy28XmxllAHU4z1qm1/XzJt/X3HEQ2VrKbuawsboWzysSr6Wr+Ue65J7V0fhu10JvCpuINIlugmY3LWoEkxHfbVybwW+oGW41DU5xczACVbVjHE+OmVq9a2PiKCNo2v8AT9gXEYS3I2+meaTfutD63OQ0eO8g0WS50/QIlVpWCTRoGnQZ/ueo+tXptamvFjt9PtNXlu7XEc0c9uCkgPUOM8fXtW7a6Pren6XDb2eoWgn3M8zyQkqxJzwM8VUtdC8TWl5d3UerWBkumVpN1scZAwMc0XV9f6/rUH5GP4kuL2ylvbeCZxJLbhpIbexVwiY6F89Kqpqeoz6alldXVyAI0YQy2Qj3Lnghga7WbQDcpcTTT/6dcW3kSOown1C1Fa+Gmsne6ivZZr0wiKNrg7o4wPRaV9Nf63H2t/W3/BI/D/8AyHdZ+sP/AKBXSVz2n6FqEEOoyXOoqb68KnzYU2hMDAwK0tJOpfZCmqLF56MVDxnh17NjtQ9RIv1xOq29tp97q0VrcTs9xa+bJbnmNTn72ex9q7asCTw7JKdWeS5BlvsKjbf9WoHSofX0ZSOYmuPEH9o6EW0yyDqn7oC4OGGO/HFSNdaultqn/ErMt1LdBZI7a42bB676118EKfs7y63qrSwLiNxMBt+nFMfwlex2txbxX8Vyk8vmOb5C5PpyCK0bTf8AXdEJOy/rozktU03VZUaKaF7dYWVhJPqhZZD/AHV961NNGtwX9hMdKuyJXwQ+p7xGPV1qS6+Hl1dxqhk0uLawbMdu+Tjty1aFj4S1CwvI7mFtJjdD95Ld849vmppoGmYVrZwy3jmdy8VxezwSRK2Dz3+nrUmnxXln4a3wrJLYzWc0ToOVhK5wfxrq9J8KWmm3F1dyJHLezSu4n2nKhu1V/wDhHNVg0JNKtNQt1iZXWZpISSwbPTnjrUdLFdb+ZUv7qe18E2TIsfk+QpkY3JhYcfwkDrXG6dciXfeS3aiSXoH1J1dV/unC816kNDtRYwQMivLBB5UcjjOOMZxWPY+CTa2iRNrV/kdRGVC/gMVV1zNit7qRj+Hb27utSuLKzxKDGPNna+aURg91BA5pltoVvH/a9iVmmS3mV/3SbpH7kD611OkeGzpWrT3n2+e5WWMJibBYY9wBTX0XUre9vrvTr2COW6cN+9iLBQB9aTauCW5x/wDxKB4qA/4RO78n7Kf9H+yjdnP3tua1dfkjtraxns7LUNPS0HmqyWYdEz2YZ4NXf7C8Tf2t/aX9rWHn+V5WPsx27c59au3mm69e6eltLeadIWz5we3JVh2wM0N6IEtX/XQ4KGbWbqxvWu3vks5pvtAkisUbcOu488dOldN4XvJrjVBfXA1GcTQ+Wk0lmIY1UHPJzQnw3s5Y2NzdzwyPjellIY4jjp8pzXQ2OmXqRS2moXMN1YlNkabCr4/2j3p3VtBWvuYWpana2MGqWsF9PqBdSfssab2hJ6tu/u/yrG0m71a1stL07Ub/AOx6fIu+O7RM+YM8Rk/wmuv1HRbs2a2ejSWlnAUKSB4SxI9jmr9rpVvDo8WmzKs8SR7DvH3qSaWvp+o3r+P6F2MqY12tuXHBznNOrEu9P1CxNs2itGIIgEazc/Ky56g9jW0M4GRg+lLzAy/EbRjRJ1e2W5ZxtjiYZDMeleZWOiXieGYmS0glVpss0cQaQYP3SpPzAV7CyhlIrjpvBty9lDaiazljR2YmaJiRn0wRiiOjfy/Mb1RyZt2vWVLS1Z3jmTdjTki24IJ+bdxXTaxpmnJ4vtbi/nle2e2keRJZd0fBHAHp7UjfDq2tUT+zmhZz/rDeBpAfpgjFblx4bhuPsty/lm8tIdkGQTEjeu2qclp/XQSWrM+xNtceLbUWUPlwW1nkKBgKG6DFWfDIB1TXnBPzXfQ/7op1voOoabZsbC+iN/M++4uLiMtv9gB0FW9A0eTSbab7RcCe6uJDJNIq7QT7Cl/l+twf9fdY16KKKkYUUUUAYumfa8XP2j/Ved/o3T/V7Fz0/wBvf15/DFakH8VZemfa8XP2j/Ved/o3T/V7Fz0/29/Xn8MVqQfxVpU3IhsTUUUVmWFFFFABRRULXVujFWuIlYdQXANAE1FICCMggj1FCsrDKkEeoNAC0U3eu0tuG0dTnilBDAFSCD0IoAWik3Lu27hnrjNQ/bbUHBuYf+/goAnopqSJIoaN1ZT3U5FKXVSAWAJ6AmgBaKRWV1DKQQehBoyCSARkdRQAtFJuXdtyN3XGeaCwUEsQAO5oAWiikVlYZUgj1BoAWikVlYZVgcccGjIzjIz6UALRRSbl3bdw3dcZ5oAWiikZlUZYgD1JoAWiiigAopoljPR1POOvf0pWZVGWIA9SaAFoppdBnLKMHB5pQytnBBxwcHpQAtFFFABRTJJY4hmSREHqxxSrIjpvV1ZfUHIoAdRQCCMg5B70EgDJOBQAUUisrqGUgg9CDS0AFFFNDo2drA4ODg9KAHUVCLu2LbRcRFumN4qXcM4yMntQAtFIzBQSxAA7mlByMjpQAUUhYKCWIAHUmgEMAQQQehFAC0UUm5d23cN2M4zzQAtFFFABRRTJJY4gDJIqA8DccZoAfRUJu7ZThriIH0LintNEiB2lRUPRiwANAD6KhW7tnYKtxExPQBwal3Lu27hu64zzQAtFIWAYKSMnoKMjdtyM9cUALRSFlUgFgCemT1oZlUZYgD1JoAWiiigAopCyrjcwGeBk9aGZVxuYDJwMnrQAtFFIGDDKkEexoAWik3Lu25GfTNRtdW6sVaeIEdi4oAlopiSxygmN1cD+6c0vmRlC4ddo6nPAoAdRUH2y1/5+Yf8AvsU5LmCVtsc0bt6KwNAEtFJuXdt3DdjOM80gkQttDqT0xmgB1FFFABRRSBlOcMDjrz0oAWikBDDKkEHuKWgAopCQoJJAA6k0yOeGYkRyo5HXawNAElFIrqxIVgSODg9KNwJIyMjqKAFopC6hgpYBj0GeTUclxBE22SaND6MwFAEtFNWSNk3q6lf7wPFOoAKKQMrEgMDjg4PShmVBlmAHqTQAtFNMiLnc6jHXJp1ABRTfMT5vnX5evPSlBBAIOQe4oAWikZlRdzMFHqTigsq4ywGeBk9aAFoopCyggEgE9BnrQAtFFFABRSKyt91gfoaWgAopNyhgpYbj0GeaWgAopFZWGVYEdODRuXdt3Dd6Z5oAWikLKCASAT0GetDMFGWIA9SaAFoopFZWGVYH6GgBaKKQsFGWIA9TQAtFFICCMg5FAC0UUgZSSAwJHUA9KAFooooAKKKKACiiigAooooAKKKKACiiigAooooAKKKKACiiigAooooAKKKKACiiigAooooAKKKKACiiigAooooAKKKKACiiigAooooAKKKKACiiigAooooAKKKKACiiigAooooAKKKKACiiigAooooAKKKKACiiigAooooAKKKMgUAFFM35+6M0qtuHPWgB1FFFAGLpn2vFz9o/1Xnf6N0/1exc9P8Ab39efwxWpB/FWXpn2vFz9o/1Xnf6N0/1exc9P9vf15/DFakH8VaVNyIbE1FFFZlhRRRQAVwPiO30q2ub9NT062M06BrWcKQXJ425/vZrvq4nxHDN4ovhaWSjydNbz3mI+9IOiCjr/Ww+g62j1hIxpltrFvC1tbLmKW13HGOobPNUdH1a58PeA3v728SVCrLbxpHhg2T1Pet57iwmhtNW1GVLG9ELJtlcJnI5HPWsqztYZvhq0k0Ks0cErRlh0znkU5PSV/61YoL4V/Ww2yj1BIbPTbfVIYlvIDKI5rXzN2eWBbPJ5qWxtdW0G9tdKbX45fPYtHEbTO1fQHPAptzPbNpGiyw3tot9ZhG8uSdVO0gA5z7VPp+raZf+Jb7UW1K0AjUW9sGlAP8AtEfjV/a08/8Agfn+ZH2Vfy/r9TIlvr6H4gvBPrNsHSEfL5HLg/wAZ+9Via48JR3KRzeGrwTTE7QbM5c9TjmoL2xh0rX7h5IDfXTQGYYXJaU9CPQVKlvA97oOmyXguLkiY3WyXLKWXvzx6VMdl/XcqW7f9bI3Le3S702N9HW80kWrZWKSLar+oK965S61TW7nxZPNJHNAYIQsUSWpn+VupIz8pNaYbULi1t/DkyXReO52Sz7SAYhyp3fkKg1eeO38a36tqGpWn7iLAsoy+7jvwaF8V/X8h9Gu3+ZF4W1LXDAsFvJKYwzFY3sSqfTfniq0ovI9Ue9uW18vKGF0tqvlohHQqe47frVnw7LGEW2uNQ1pjKzJ9nlt2EbZ9Tj+tJf+HL6wuY0ksdNa1kODMPOIT0BG79afVC7mbZl7potT83xFJOzFJGhGP3XYA+orupoLkeHktrO2n1BZwd63txskUH1PrXFSaEZNUs7SyuNGkZmO6O2kkKj/AHgG6V1FxpHh/T9Ohi1iKF7hMkR27yEnP91c5NErOIlfmM6C98W2Fkmhmzt3u5Ebybh7oHavv7gVsaa+rabos0M+lJEIoSVMVx5jSP34/WsNPBsV3MdXTTGiijGIbFpm/er6k54Na2k2PhafcILX7PdMpVoJZHV/fAJ5HuKUtU+41o12OXs9SZdCML6xdWzvc4STy/ICyE/NubncBVDV7+7i1cyrfSLcJEcFNR3YOO3H6UubS20+6t7KJhK908UsZjaTzIyeqj29adNdNJrsMkckyDyztBuIVIGPccfQ81S1af8AWwnomv63Os1DWNZvNOsNL06Bv7VliSW4KyYEScdX7E/1qu154gXxjAx0eH7QLRgIzd8EZHOcda2ru5sLuxtx/b6afNtBZ4p49z8dCe9cw6Wv/CWxL/wl8xX7M3+kefHkcj5c9KS+L7/yYfZ+780dlDca7dWtwLi1t9OkA/dy+aJh75HFcZfa3eXdzJpd54n0k2kqECdIMkMOx5+X2NdHHfWOnaXen/hIDqTmMlVeVHb6ALV/w9pUMOg2iXFpD5uzc2Yxnkk/1pdX/Xcd9v67HIWXiO++0PZJ4s03yLdVQTy2/wAznHbnn61p+J9Zu4NLSAX93bnywZb63si6NnupzxXX/YLP/n0g4/6Zj/CuU8Y6eiqlz9pmM24eQn2lIki9cA8EHuKTd7DitTjY9VvP7PFhe3c9m/mCRCmnlnck/K5bPU11bavdaj4Ski1FZ7G7TC+bNbE+ac8FRnknisiysru6d7e2MkgP34raNo0b1LO/Uf7tdBf6Pc6boMn/ABO3tX2jy0LDy4z6Lu5zVSatqTHfQ5PTLzUIdUuJda1BoFiZWKy2xKzYHy5PZ/atm0utdgtobq1v7WP+0bvm3eDcyE9ec9hWb4f1CSK9gF1LqlppylpJf7QjVklP1xx7Zq/YTrH4q/tS6huYtGkkY2jyD5RI3BYjqoPbNVbVf1/V7Cez/r+rX1PRUDBFDkFsckDGTTqzbvV0ttRsbNIWma7Jw6kYUAZya0qy8y/I53xkqNo2DpbX7lgqqse/Zn+LHfFcPfTW9t4dW2sHngtkiZT5l55Du/fKYOa7XxpMbXTYbuGZku4JQ8Ma5JlP90Ada4a7vhLoLRrJOJFiYz75I4suck5Rxu/KiOzG90WPCmp6omrWFvZu11G1uPMie+3qvvjHB9q6q6k1l9ZfTBrVsjyoZI4nssgp6bs8mue8JX7Wr2JeZvLKBSHu4Qo49AN1b/ia5s7mSzu7DUbH7dZThtjXCruX+Jetaz+JIzjsys1lrPhfTCz6/Att5mFU2e4qWPCqM9K6zTVu1sk+23CTzEZLpHsBH0rk7zWdL1rxNbW8moWq2dgPOkLTLtkkPQD1xXY213bXkfmWs8UyZxujYMP0qNbXZWlzFmj1pdSMu3daLMGISXkoF9P6VlpqFpKupz6NZ3326UiKS2lUooc/xEHp7mu0rzy/dl1jWbe9jMGn3JG65Z9rEgdEHVj9Kny8v8ivPz/zJ9S8I2ll4bge2sI5NRhdJHeLlz82WxzzVnVtbtJksZ3h1WxlR12TNbEKOcbW56GuUS30+cW9m+nXNnEHAfVCJQHUegz8v1Ndf4uu7NfCCSQXKy26yRgOjb92CPTqa0e6b7kJaW8iPxX4ijfQ9QtP7P1INt2+b9nITqOd2elXtL1/7ZaQWdvZajBM0QCTTWp8tTjqTmota1NdT8FalcRwTRRbMKZV2luRzjqK3rOaOHR4JZXVI1hUszHAAxUaJO497W8/0OO1u81rT7i3sdR1zT1gu1ZXeS1wAMfWo9Lurm2hi0+z8Z6dLztjV4AW9gOa07Fk17XZtZuI1XTLaMxW5mUYc55fntUOszaVfapotvprWk0guxI/2faxVQDycdBVR6J9QfVroR+ILh7KaJ9Vv9ZWOGLMr6dCVjY+pP8ASsW3OnKZdTuovFVtLtx5wkLboxyCTW/4tvpRepbJNPGiLuIhu4o93sVbmuHs5obW5lQ6Jq8wZRIsktx++jJONwHTb+FKGqHI73wtL5uoyyQ3OtS2skIKLqEZ29eoauurk/CmqTyyvaTPJNxuEkt3HIw9sLW1qmmT6gY/J1O7stmc+QR831yKJbkxNE9DXm2jz2d6Wk1e01jU5fPZV3RGSFMNwV9K9Dt4Wt7RInmkmZFwZH+83ua47wzca7Hpxs7fSTEpmkK3Vw4CgbifudaUfiZT+H+vMg0rQtKvtP1i4uLCOSRJZNjODlQM4FVbm3F14O8PRNJDGmRl513IAPUVe0q41GOw1OG1043ry3EiyMkqoEJyO9Q6hp06aTp2jMnmS29o7yqnOCMYFPt/27+Cuw6v5/5GTDbabLqkEdpqujtNBMrERQGItz0VsnNXtNuZLzVYpLy+ljzb3CmcvgoBJgc+1UZo4/7Ua0S0P2hpIWGyH7gBGST2rU0+GzsPEKQyXlvdww2szzMjAqoL5waf/B/In08jG1Ozvoijxahq0+qRq3klJdyyof8AloG7DHUVLDYaxHqVtcyNeTC7RYwbfU90nHVun3R+lXNTkvofDdtqFndNp0U1z5cUMSb1MTHqR1ycdBWPI32F7d9PaKzneVYvOgtJUYBjzgvwKcewPY6jxD/adhqOh29vatdRxTExyzXPzyNjkGsfU9Y1q/03WVFmxgWZFzNLtaFvQL3Ga39Yi1KW+0q00+GW8nsn82W4uDtXkY69+vas27Ba316wubu1ivpZY2w8oQN7jPapX9fehvpb+tGatlPrtxJf6VdXcT3CW8bxvAvllC3bNb2j2l5ai4+1zySF3BQO+7aMD+tYGjSR2/iZYbK+GpefEWurhnDmPaPlUEcDvXZUPv3Eu39bHG6xBqer+IzFbahDax6fiZFeLduYjvzWfDd6v4luLSBrmG0ltJC4mkhyk7jptXPal1v+xD4qvv7XtZ5z5K+X5SO2OO+2rujw6VceD4RdzrawLMxgld9jRnPGCe9ENr/1uOXxW/rYv6Xf6ut/qNldzW95Lbxq8exPKBJ7HrWKbnxF4eurrUm0uEWMu0NbfbA21yQNw496uWjaXqN3rEl5LFJpxZIzM0mFdh/tA1my+GNL8RSCDS7CW1tEJMl27uCxHRVBPI96F0Yaa37mro6+JINSmur7TLZ3uXG6VbsYjQdAFxXM+JdPT+2ddaLSoJlESO8zS7WiJ6kDvW3a6X4btrgWmq6d9juY8YlkmcRyehDZxk+lZXinSLya51bUJNLRYfKUQXTz5Che+0evvRpdf12DWzuXbttR0e1iXTNJggFzGsMcq3YAYkdSvr71fu7a4s/h/fW1zZx2jIn8E3mbuRlifrWA3h+DXEt0tII5Lm2QTXM8LuI5TjiMZPWtuCXShpH2TSNNDXF3KsVxbSbmEZHXfk8D+dOSumur/r/MIuzT6L+vyOP1C005bCyMeq6O7GaMMIrchlHcsc8j1re0KCzh8XaebW/065JSTcLOLYRx35Oa0zcWs0lzbPdadpdxZzbYlIQCRR/eB7fSp4dUt5tSS7tNKhmtrWQwPdQKM7iOSuOq0+bqv6uiWtLFBvEsUF3e6zFF9skBMOyNuYIx/e9y1c5b+JJYLGOcw2n2ue787zPteGUk8BlxwBXRxwyreXlzp66nc28m83Hm7Io92D/CQCQPauXCW82mWHl3WqOy3AaRUtMqg5yVOOcUoq1vkVLW/wDXQ9T0HVH1ew+0SLbqwYriCbzF498VqVzmi3ttZ+H7i6Se7uIodzsbiLy247YwK2dOuzf6fDdGFofNXdsY5IpSWrsC2LJOATycelcTe6rDa3d7dW9lrCCSNlljNqfLZuzA54rtiQASTgDqa5fVNQbxDKdG0os0LHF1dr9xV7qp7k1Fr6FJ21ZT0DxTDa+HrRJNN1VgkZy62pZTyec5p3iXWxd6Jpt5ZT3sVvcT7W+zjbKR6AVLqF3BolveRLrFu0CwMotHceYjbcAKBVSKNpIfDunxqTKg+1SgjGxcHn8zWjak7+a/W/5EK8Vbyf5f8Eg/0NuJV8Xyx/xRyKxVh6EelaFheaZp/nvpPhzULe4MZPNqUDkds5rFt9WNw1w1zruuJIJnXZb2+5FAPABCmr2g6pLcX+sWx1TUZ7WK2VlaeLbKhOclRjJod7fIfUrWc+pT6Zey6dZXTRkF7glvJmklzztJ7AcVkQQakklxq3mXPlvGHMf9qYlULwQ3HrxWulrdppk0S3txBZuoNvcanIMbs5yqjDbs+tVIpvEkN2mpTLZyWaw+T9rktm+bJ5JjHPUdaFvp/WgG+2p2F6dIj1C01C2vGCvDKoJwT/CX7570+z0ODW9Su9T1jT02v+7t45vvBR3I7E1D4guL02ui3UMcV7NHKJGMB2xYHfJ6Cucu/wCzk1C4uI9Nm1d5hukWEybIX9QwOGX2FLdv5i6L5G9o06aRo93pV3peoFEdz+5hLKVJ42nNXdJ8QwWmjw7I9Tv4y7IrLbEugB+63uKXwamn2mkvDb3wkuJMyyROxDR+21jkAVW8F6xE6z2EMM0j/aZWeTYQijP97oab3a9AvpfzKugeJIre91hjp2qSeZdswCWxYr7Hng1b1zUxrOqWWj2qM7D/AEiaJzsPHIUnsc1f8LnOo69z/wAvzfyFQavJZ6T4ltbyQLEvlu8jDqxxU3Xu37foU7+9b+tTn9S1fU116eC90SJjPEsDRLd8AnkHNdBp+o6roOg3Mmvwoqwf6hlm8xpB2U+9Y15G5tIdcvV8lru9R/n4EcYGFz6cV0C6jba5qV5aqsFzaWkaSJKp3DeQe/Tih6Qff+n+otOa/T+l+hmafEZPAGo6jI7NcX8Uk8hJxjIIA/IUuhahf6/Z6dFppkttPto0825YczEDlV9veqg0241DwOXluCbOO2kK28QILtk/ePoK0k8SWWm+EbX7Fc2kt4sMarbq4JLHAIwOfWqdk3buv+ALdJev6GH4tjibU7qyle9miwshEmoeWgY9AoxWObXVl+wJrBuxuXfCs2o+X8w6Y44PtWxrF40mqzXnlzxXKqEdbe8hO/Hohyc1Qi1DWZWI1A6qiSfvIGnlijAQ9ASw+9RG6Q5O50FnqU0HhaG9t9T+yy3MpBbUpvNCYOCF9elUr67fUGgaXxtpsbwSCRGjgCnI/HpVzT9Us9N8LvbfZleSMlbZGmSd5ZD/ALvuazdU1K1uNAsI5fslvqsVyglW5iCYPPOMcr70fa07oXT7zYsteujqNsjeJtKu4mbDxrHsYj25NL/auu6prpvNIszNpluDGA83lCV+7dOQKl0y5xfR/a9R8NyR9ltgA+e2Oalvm0+4umeHxabNBx5MM8YVfwpPcfczPDN94gjtrv7Po0EoNw5YtdgYOenStzVLrVY9NiupL6z0hhkSiZRKue3zcVynh6O1a2us+MJrb9+/AnjG7n73PrW7qs8F7BpOnWt2moyG5VncsHyq9SccU2tl6BfVv1ObXWrm/Zb2+8UadbXdk7bRFb7tw9jn5ga1tG8Q6nfLHJJ4h0t5CGb7KsWGYD1OeOK7UWFnx/okHH/TMf4UyWyskhkYwQRjaQX2AYGOeaTkkgtc4L+19Ts5721EVtZRXsX2iGVbvckZB5Ocd6gbXr06jNerLpYkktxCP9P5Uj+LpVBNSa2GoQCcefbjyoJoQJEEbMMc9AfarFxpd5Z3rXT6hcxqZDE87woBsA4PTFPS13/X9Jhre39dP8joLvVLG7stNt57i6N0SPJv7dC0YkPGN3f3rR8ZTG18LHzn3NvjVmHGTuHNYszX994O0eW2i+1XRm3jChVbDHk44AqxFDceKJ0s7mUT21q7PPMowjSHoi+oHr7UNavyf5WYo7J+X+Z0+qXEkGhzzwPEriLKvK21R7k1wOg6vcWN1/Zo8Taa1vHhy/lZaVmPKg5/Wuo0zV7eytp9L1d1jls1P+t6Sxjow9axYLe5S7fxJFYq9rcP5X2XygCIv4Xxjg55qdE2+n9WHrZLqJY2VxfeF59XfWtUFwDIwCXGEGGOOMdKPFdm8/hG31OS/vBJ5cRKCbbGT6n396raZ4jsLfwbPZMt0ZMyjK27FeWPfpUGuOLnTreyi1C5877PE32d5kiiHA5yw+b8Kpp3t5oFv95VnvpDZuP7RkPydP7Zz+m2ul02yt9O8FNe3Gq6gkbwbyftH3MEnC8cZrkJLy+muLqzS6PEI2B7i3wCfU45H0re0iO2vdGvtOlu7q7nitWJtXdZI0OOCrLwTntTl8LBfEv67EWm3tw+kyzW93rs9+oVzFN3jLfwjvxQNbuJrzWV06z1RLmeWPYRCQUx13elQSSamPslxc6ZeWwgjiB2Zcsoxzx/KprrXoAmvMI76P7WU8l2t3UHHqe1HX+u6/r7yX/X4/19x6VFu8lN33tozn1p9ctL4vhsdTttMa1d8rGrS7wCC3TC9SPeupqGupSfQKKKKQwooooAKKKKACiiigAooooAKKKKACiiigAooooAKKKKACiiigAooooAKKKKACiiigAooooAKKKKACiiigAooooAKKKKACiiigAooooAKKKKACiiigAooooAKKKKACiiigAooooAKKKKACiiigAooooAKTcAM5pjM30H600gYwBj3NMCUHNR4yG9jmlUgtg5z70nzK+T3oAUuduQuB6mlTAY85JprhiME8ntSxgjv07UASUUUUgMXTPteLn7R/qvO/0bp/q9i56f7e/rz+GK1IP4qy9N+14uftH+q87/AEbp/q9i56f7e/rz+GK1IP4q0qbkQ2JqKKKzLCiiigApqRxxAiNFQE5O0YyadRQBXubGzvCpurWCfb93zYw2PzqXyYhD5Plp5WNuzaNuPTFPooApSaPpkr75NOtHb1aFSf5Ug0XSgwYabZgjofIXj9KvUUXAZ5UfmeZ5aeZjG7bzj0zUUdhZw3DXEdpAkzdZFjAY/jViigApgijWRpAih24ZgOT9TT6KACkIDAggEHgg0tFAFWDTbG1lMtvZW8Uh4LRxKp/MCpWtbd7hZ2gjMyjCyFRuH0NS0UAFQtaW73C3DQRNMowJCgLAfWpqKAIUtbeNw6QRK4zhggBGetQPo2lyMzPp1ozMckmFSSfyq7RQBRbRtLbG7TbQ44GYF4/Sk/sTScY/syzx/wBcF/wq/RQBTj0jTYX3xafaow7rCoP8quUUUAFQXNlaXgUXVtDOF6eYgbH51PRQAiqqKFUBVAwABgCo5reC5ULPDHKoOQHUMAfXmpaKAI5YIp4zHNEkkZ6q6gj8qV4YpYjFJGjxkYKMuR+VPooArfYLb7al35Y85E8tT2C+wqzRRQAx4YpHR3jRmQ5VmUEqfb0qvPpen3Mvmz2NtLJ/feJWP5kVbooAojRdKVgw02zDDkEQL/hQ2i6UzFm02zLHkkwLz+lXqKAKH9iaTjH9mWf/AH4X/CrVva29pH5dtBFCmc7Y0Cj9KloouAVFNa29wyNPBFKUOULoDtPqM9KlooAa8aSoySIrowwVYZBFQrYWaQLAlrAsSnKoIwFB9QKsUUANkjSVCkiK6HqrDINI0UbxGJ41aMjBQjII9MU+igBnkxGHyfLTysbdm0Yx6YqC302wtJPMtrK3hfGN0cSqcfgKtUUAVZ9MsLmXzZ7K2lk/vvErH8yKmMEJYsYk3FdhO0Z2+n0qSigCrb6bY2khkt7K3hc8Fo4lU/mBVqiigAooooAZHFHFu8uNU3HJ2jGTSiNA5cIu8jBbHJp1FADBFGrs6xoGf7xA5P1qCPTbGLzPLsrdPM+/tiUbvrxzVqigCMwRFUUxIVQgqNowpHp6UskUcq7ZEV1znDDIzT6KACqs+mWF1L5txY200mMbpIlY/mRVqigCvbWNpZ7vstrDBu+95UYXP1xViiigBojQOzhFDN1YDk1DLYWc8XlTWsEkYO7Y8YIz64qxRQBW/s6xFt9mFnb+RnPl+UNufXGMVYACgAAADgAdqWigCK4toLqPy7iGOZAc7ZFDDPrzTmijeLynjVoyMbSMjH0p9FAEcMENvH5cESRJ/dRQB+lCQRRyPIkSK7/fYKAW+p71JRQBUm0rTrmUyT2FtLIerPErE/iRU0FvBaxCO3hjijH8MahR+QqWigBCAwIIBB4INIiJGgSNFRR0VRgCnUUAQ3dpDfWr21wu6KQYZc4yKkjjWKNY0GFUBQPQCnUUABAIIIyD2qOGCG3j8uCJIkznaigDP4VJRQBUk0rTpZzNJYWzyk5LtEpbP1xVgRRh94jXfjbuxzj0+lPooAakaRLtjRUXOcKMUgijEplEaiQjBbHJH1p9FAEU9tBchRPBHKFO5Q6hsH1GakKgqVIBBGCDS0UARrbwrB5CwxiHGPLCjbj0xRDBFbRCKCJIox0VFAA/AVJRQBAtlarcPcLbQiZxhpAg3MPc1JFDFAmyKNI067UUAU+igBiRRxlikaqXOWKjGT6mmy20E5BmhjkI6b1BxUtFAEc1vDcRGKaKOSM9UdQR+RplvZ2tohS2toYUPVY0Cg/lU9FADFijSPy0jVU6bQMD8qqppGmxyiVNPtFkByGEKgg/XFXaKAKf9k6d5/n/AGC183O7zPJXdn1zipri0trxAlzbxTIDkLIgYfrU1FAFWHTLC3YNBZW0ZU5BSJRg/gKW406xu5PMuLO3mcDG6SIMcfiKs0UAUV0XS0cOmm2asOQRAoI/SkOiaSSSdMsyT1PkL/hV+igCgdE0k9dMs/8Avwv+FT29hZ2pBt7WCEjp5cYX+VWKKLgFIyq6lXUMpGCCMg0tFAFaLTrKCJoorO3jjc5ZFjABPuMVNLDFNEYpY0kjPBRlBB/Cn0UAMjijijEcaKkYGAqjAA+lEUMUCbIo0jTOdqLgU+igCGa0trhg01vFIwGAXQEgenNSgADAHHpS0UARrBEkXlLEix8/IFGPyqGfTbG52efZW8uwYXfErbR6DIq1RQBQ/sTScY/syz/78L/hVi2srWzBFrbQwA9RGgXP5VPRRcAprokiFHVWU9VYZBp1FAEDWVq86TtbQtMgwshQFlHsanoooAKKKKACiiigAooooAKKKKACiiigAooooAKKKKACiiigAooooAKKKKACiiigAooooAKKKKACiiigAooooAKKKKACiiigAooooAKKKKACiiigAooooAKKKKACiiigAooooAKKKKACiiigAopNw574qN3PXpQBLTfMHuKYDggn9afls/d4oAYxJIYDHvT1XuTmhiTlQv4mmoueGJ47UwBxtwR0703OP/rVI5AX1puGHQAg9qAExyD09KcfnUjGCKAnIJPTtT6AGKCSGP5U4AAk+tLRSAKKKKAMXTfteLn7R/qvO/0bp/q9i56f7e/rz+GK1IP4qy9N+14uftH+q87/AEbp/q9i56f7e/rz+GK1IP4q0qbkQ2JqKKKzLCiiigAooooAKKKKACiijtQBzEfiXVLuW7+w6CZ4LeVojI10qbivXgioV8V6u+lHUx4dP2UKWLfa0zgdeMe1c1bHw2bnV/7UFybr7ZJ/qvMxjt93iqMZ8LDwk24Xf23y2wf3u3OTj2qktL+gPe3mz006/psVtbS3d3BatPGJFSWQA4IrPuPGuj2+pwWrXlu0MwOJ0mBCt6EdvrViKCzbwzb3F3BBJ5dmp3SIGwNvvXN+H9M1eTR45bey0IwSkuhuIW34J74osuZrsSn7qfc6+21zS72YQWuoW00xBIRJASaqnXni068uLmxlhltTgxueH9NrdDms/wAP+ZqVvfpLa2Nld28zQLPZRDjA6jNYk11K+hNLq0t3qUdpd4aKPahkA6FvYH0pNdCl+pup4o1KO4sFvdCa3hvJBGkguVbBIyMgCti41aO01OCznjdFnGIpf4S390+hrktb1d79NOiuNI1CzZplNrNDJGxDY6gdxirupw6lpl/pedZnnSaZY3SWNMf73TrTtt6k30+Rv61qy6PZJctC0oaVI9oOPvHGas3l2llZSXUiSMiLuKxqWb8AOtcV4s0bUINMWSTX7yVWuYwI2RMDLcdB2rWuNNvtP065nn8SXjL5XBZE+U+o4qX8N/66FfaSFXxpbC1N9LZ3K2DP5cUqruZ27gqOV/GoYvHdqFZr3TNStB5myMvASHHY8dM+lcVpj6zHpy2l4YbmzvJnINwSqxkHknbzmrUJjV/tFvHYTSW371UdrgZx3G7g1ooq+pN9DurzxRBDeGxtbW5ur4oGESoQOf7zdFqq/iTVRfJYpoBa7MZkdPtSgKPrjms6K0u9T8U3stvqc9hm3jdvKVSDkD1qzpiFPGQQ3pvStoQZyRk8jjjipS2v5/qNve3l+hct/FEjaZqV1c6c0E1gSHh80Nkj0IrKbx/Itsbg2FoVCb8DUU3YxnpjrTJcfYPFSnvMwx61iT3uoSeRHDp2jrbeW6tE8PMgVMncccfhQrP8PyHt952cnjC0WGArDI00nl7o842bhkc960NR1hLC8srRYmmnu5NoRTjavdj7CvPGmWe5SRY1jBMBEanhRtHArfha6tvHL3+rSpHEYHESE8RoMc/U07LT5/gibv8ABfidLDq6S61daaYipt4hIZC3BBqCXxRpMenSX32uPylLKpY7d7DsM9a5RLefxR4wvRHNLaac0KeaOj3C54x6CtrxJYqdLt7DT9KivIYpAJYoyoaMDkYz34qGtFcpbsv2XirSbrT0unvraIlAzRmYEp7GjSvFWl6qibLuBJZGKpEZQWP4VxE17Lqfhq8UWos7mJ2B8qKN2dc42lQM8DvVrRhpUN5Z2lrrtyZxzFC9kqF8dslc/rV2V2Td2O1udYSDW7XS44WllmUu5U8RqO5+ppLTW4rm51GJ0MSWLAPIzcEEZzXNaPNPpviXVL3W5kWR4QwUc7F3YCj1qppOmzeJPEGqyXEklvpgmRmtejSnHBb2x2qUvy/Ubf5nd2F9b6laJdWrF4X+62MZqzVG6s7e/wBLn0+GXyY2UxkwEAx/THQ1Jp1kNO06CzWWSUQptDyHLN7mjQNS1WLd6lrcNw62+hLPCv3ZftaLkfQjith0WSNkb7rDBrzq6hj0681Q6TNcQwxhYjsuBlmI5/1hxxSK6G1p/i3U9Q1VbJPD0uzPz3K3CtEo74bHJ9q39T1IacsBMRk82QR4BxjNeX6LNftoNoItRuLZElCsd6EKrHkgDn862PFdlpFuunWXl3d5eKV2gOw8xSefm6Zq2kml5kX39GdVrPirTdItpnNzbyzxEboBMA3WrVpr+mX6ZtL2CZ9m/wAtHBbGPSvNr7VWttUhktLLTmkjPlPEbSR3VPVyRzj1FavhO6Q393HHJps0sgd5ZIbV43Bx93JGBj0qbe62NvU2Y/Fmqz6W2pxeHi1mAzBzdoCVBPOMe1Ol8U6rbWkN7c+HzHayFfnF2jEBsYOMe9cXbHwwfCknni6N/skyV83buyfT5akvD4ZGjWf2MXQvt0WC/m7c5GevFWormtbqhN6P5npdzrml2c3k3WoW0MoAJSSQAisxPG2j/wBrvYyXlui7N0cwmBVvUexqXxRFYxaBeXc9tA0giwHaMFs9BzWNYaTrkOlQAWHh4qsYP7yFt34+9Qrat9B9vP8A4B0TeJdHFvNMmpWriJdzbZRWVceOLNNIgvbVIrh5ZREY/PVfLJ/vHtUFpOb3wbJfLolk1zIrq0UMYC8EjPPbjNYkOlXL+H7JWtZZneQSq1mI1WNhxjDfezTtq16Bfb5m5B44eS+tbeSxt8TyCMGK9SQgnvgCtzVtah0p7eNl3yTNjG7G1R1Yn0Fef2snmahG7297JJaXHMLtbxHeO3GDW7LBdW3i+S9mje/kmtvktBjCL6DPFNpaBrqaEXjnSJI71zcwL9mYhAZh+946ir8PibTJtFOp/aoREqBnHmA7SR90+9cdDbXcMGqo/hRSbh8od8X7rI4B9KnuvtEHh2yt5vD7QNDcRAx5Qicge39aVtPu/wCCHX7/APgHT6b4o07UdJN8s8SskZkkhEgZkA9aNL8VaXqVvE/2y2jmk6Q+cGauXewk1nxAYv7NbSWWAOIjt2zkHgNt7VcvBb3MNgBpcNldJdrHKPKAKkehA5FFk36/52E20vT/ACuaGo+N7PT45GNhqLlG2n/R2VTz6mopvHtlFeW1v/Z+pETBjk2zAjHoO9Z17f6xJ4quLddOka42/wCjMzhoY4x1ZlHc9qXT7K71PVrq5m1u6sNScbjaqoIjj7Y3D88UlaybKejZvyeK7GPTzdtFdR8sqRywlGYgZ6H+dMuPFdra6dp93Ogj+2uFVXkAC+5NctfJHqPhy3vNd1Hzo4BLtXGHkfkAgLVfTbWMeHIzJbKHuFENnDKd5K5yznPTvTstfkLy9f6+R6Db67pN1MsNvqVrLK3CokoJNU9Q8U6fput2+mXEsaPIhd3eQKEA6Z+tcjpdhANQsJra2iV3unEL7QPlXgHjtVM26WPiTUYtU1m4Wd8OzR2glBJ7DIOAKLK4XdmegjxLoZIA1azyen74U3W/EVjodg1xNNGz7d0cXmAGQe1cYqC58G6nNNEkpWYJBcS2qxsVyO2BVnxk0V14XisoBDJcRwo8ku0MY0BAOD2OaTVvw/EcdX951cfibRnto5m1K1RXHGZR19Ki07xTpmpahPZw3MJkjbamJQfN46isW2YaXpkdpfWNpeXTYFntiXMuR3GOMdzS+GNGSC51iLEaXfm/69I1yhI/h44xTaV2Sm+VG5/brx2d9Nc2MsElp1Rj8rjsQ3Q5rOXxTqUb2LXmgtBb3kqxrJ9pViC3TIArEnuJn0S5Oqz3epQ2d1hoo9qNKo6bvbPpU+t6y99Z2Mdxo1/aBpka1mhkjZg3YgZ5FEV89hv/AD/r5HW3WrR2Wo29rPG6pccRzdV3eh9KTWtVXRtON20LSgOqbQcdTj+tc/qsOpaZNpj/ANs3E6SzLG8csSYPv061U8X6Pfw6NJNJr13KhmTETImBlhjoO1JLb1/yGtztbm6htLVrieRI41GSztgD8axrXxfp1zpr3S7pHjfZJDb/AL1lPrx1HvUMljd6TZTXd1qF1qsYjwLSSJCHPbtXNeE9Ulivrye406OzlnLtLJs+XCjhVxwMd80dxLZHSx+OtJkjWVYr/wApjtEhtW25zjrVm/8AE0Vtfx6fb2k895LgxqRsRh14c8dKw2VoPh1Asu4F5V4PUgyVneKU1R/E+nx6XqMgeIZ8raMRnbnA+o9abS5rB0uv61Ogn8cW6XAhttL1G5ZJNk/lwnEXqfetXSPEFnrbzLapcKYTh/NiKYPpz3rzt7j7X/pt5FZQzzkll3Tljju2zius8GytDLc2AhtViCidXt2c793GTu5zxTUVYTep1tZd/rBtdQt7C2tjc3UvzFAwUIndiT/KtSua0IfaPEmuTy8yK6RjPZcVC3KexrS6mses2+nCIs8qM7MD9wD1+tVdS8S2OmXws5Y7qWfZv2wQF8D3xXFahpuijV9ZeRJ0uEUR28ZlcF3PdTnnPpXSaJA1r4jEDFiy6cmdxyc7qaV0n/XUT0bX9dC8viqwfTkvoobySJnKbUt2LAj1HaqMXjyykuriH+z9SHk45FsxJz6jtVAXN9beFdRksImkkN1IHIcKVXPJBPeqL3GpXeiIhhn03SZ1BM/JnjjXqWPcntQtf67je9vX8Df0rxvZ6nFCwsNQjaVto/0dmUc4+8OK1NX8RaVocLSX93HEQu7y85cj2HWsCKC702+0iOHXZ7uzuSy+WyIAVA7ECqOv6cdN1WKPTxttnQtIFkiaTzCf+mnOMelNpX0EjXsPHel3N0ILqWG2Mg3QN5wYOvvj7p9jXUgggEHIPevLJResmIC+8sP9a1rt698c16NpOnWum2QitFIRzvPzl8k9cE02la4k3cvUyWQRRNIQxCjJCjJp9IxIRioyQOB61DKOWuvHdlbPCv8AZ+pHzZAnNsy4+metJ/wnll/aRtP7P1LiMPu+zNnr/d6/jWPa6nrcmq3xXTJGvYn8yVpHDRiMfdRMdGp1lYXX2HUb2LxHdRX6BpLmHYp2NjO35hnHT2qla12Gt7HQXXjDTrSO0lnJhjuCcif5HQDuVPNUX8cebGk2m2C3sLzCFWW5VTuPTIPTNZWtx6pfW2gzBdPnMjLh7hPnZsZ57YrLNlfS6TFby21iyy6mcR24KF2BOQT6elNJfiK/9fed9a6rqYkZtT0lLG1VSzTtdK4H4Cq9l4tttTN5Fp4inuYH2xRCcDzhjOQfSsTwzd2NpbavK8ckcCsR9kuHLEEdQN3WsbQ5L2yt9VuJo47SEz/8fNtGvnRk9FGeMHIFKyb+Qa2+Z2w1bxESM+GwBnn/AE1P8KNe8WW2gfZFuIJJJpmG+KL5mjXu3viuXnvNVtLu4W41zUhbxJGzFYo96bh/Fx2rVvJUt55bWx09tT1OWACS5nIVW4459/8AZoa2C5ZvPHVlb23mx2N/I+QfLaAoSvdhnrgc1esvFmnXsMkypcwwxx+YZJ4SikexPWuXjXXY5VuYtJvJNSQbW82eMx7D/DjOQvv1q5NfWtzoklhJpVxDNEfM8lZVIU5+8GJ29exoaVgRctPiBplzDJI9rfRiNiGPkEgDsSe2aSz8f2N08qNYagrI3yhbcvvTs3HQGuR1CPUri3nEN1feZMoVg91AqMB6gGrFpqd0mpx/6TqT3ECLuTz7cKy/3c96pRQmzvpdaWDUrS2lt3SG6X91MT/F12kduK1a5rxc7N4ZS5KmOVJInUEglTuHGa6ONi0asepAJqOg+w6iiikMKydQ1+207U4LOfCrIhd5mYKsYHrWseAcDNcFFefYPEOtXOuiOTcq+TAF35XHAA9aFuHQ3P8AhMtHXUxave2wiZNyTiYFSe4PpU954p0i10+S7S+tpVTgBZR8x9PrXDxK9vdW/iRtMhuE1DMC2gjULF/c6989a3NXtrqx8KulzpUF1cS5ZjBGipBnp9cU5K0bgtZW/r+rk9z47hW4jjs4bedGjDmR7tYwCe3PUilsvGrXOpW9nJZQDz22horxZCPqAK5l7qXTL1TPFoysYI12vbs65IyNoAzn1qXw9qNxf6hbx3EOlJciZmj3WjxPt/2SAB+dWoq/9dyG3b+ux1p8Um7nkt9I06e9licrIW/dIMejHg1AvijVJ5bpbXQDKtqcSMbpV5xkgcVm6Dpt5Nb3dyuvXNlCLl8xqqbBz6mrvh7mLX8P5n7w/P8A3vlPNR0v5X/L/Mvrbzt+ZPc+LxB4etNU+xc3EgjETzBQpPqx4qmPHbrPAkljbFZZVj/dXyOwycZwBzWbI4Twho7GNJSt0G8txkNjPUVQ+337X3m3On6O1srQuIo4ipTc2AVI5zVJK79Seh26eKrKXUIraMMY3DbpWO0IV65pkHi/TLm5vIIZ4Xa3AKbZQfN4z8tclo80UerwzTANGvnMwIznk8UzRBcx3OtXb2FqbWXDhlQK8IYHafpjrUtWXyuUt/nY6e28VahIbKS40NoLW7cIkv2lWIz0yAK0dZ8R2GiyQx3E0QklYDa0gUqPX6ViSKU0Pw4rDBE8efzqt40VNU1TTobUw+ZDIGaXYGzk4Ck/0qmlzW87fkRF3jd9r/mdJdeKdGtoJH/tG1ZlXcEEoyapab4102/eRGdI2SET4WQP8vfp0IrkTqGpS38tnPoscoMrRZSKPBAU8DjPvVnR5Le90txMotLCCAQuI4QJJpP4gOMnFJLS/wDX9bFPf+v67nR2fjnSr1btoyz+RJtRIvneUf3go5xUdt48sri8uLf+z9RHlMFBFuxJyO47Vy9jcfZp9Uu3f+w7RbjBlSEPKOBheAcDvUVzqUNhfRTWXibUybyUfaZGtP4QvBGV+nSmktAvoz0LUNdh0+40+OVCFvHCB2O3Z9c1Hf8AiW1s/MWON53inSCQDgKWPr3rlrzTGm13TLq5vGvYbp1EXmKVIwp5I7GsXWLXw/aWipNJcS6ibtTcSKkoUjPOO3Sklqr/ANbAeug5ANYMHizTGu7u3urmC1e3k2YklALe+Kq+H5fDlsk0+nSPCMBXa5Z1H/j9ZMFtPatMFvPC1yrys4kuDl8E5wTRbUE9Dqf+Em0P/oLWf/f4Ut9rcVrdW1pBGbq6nIIjjP3U7sT2Fcybi4t7qy8208NXEE9wsLG1Qllz39KddMLzxRHptray2dvNIzS3Y4aV1Gdo7hf0otqgvublxqeux3DpD4fEsQPyyfbEXcPpjitDTri9ubcvfWP2SXOPL80ScfUVzusaZq2n6dcXcXiS9ynKoY0I5PTpTrjRtQl8OTO2r3N1cFFmiLgLsYc/w0tEtR63RrSa2qatd2HkMTb24nL7uGz2qzpOoLqmmQ3qxmMSgnaTnHOK5DTdQTVdXvbyMg79MTcPRucimaJK2pHRtNglIjtUae42kjPJAU/jTS6f11/yE31/rZfqzoZfF2kxaubA3cGRGWMnmjAYHG361St/FWqXieZa6CHjZmEZa8RS+OpAxWDfLexeMjFJDoaStA23dE20gnPJ/v07TLlLS90WC5/dyEzgqynIJ6D8aVtEwbs3/XQ6W28WwSaTbX01jdqZyR5cMZlKkepFU7bx/ZXEVw/9naiPKYji3LZx6+lQ6TBfr4TtoVtC8TO4njLGOQAscFT7daLpLyPWLPS4dbltrb7K0zzBUyx3YGSeOlNpXt/XcZoaR4ztNWEASxv42mOAWtyUH1bpXSVymgzzRa5c2za19vtERdrHYAGPYFe9dXRK3QS3Cql5qlhpxUXl5BblvuiRwufzq3XJeKhYW2oW99OUa7WFkhjmt2liOTyTgcVPUosy+NtHi1eGyN3bmKVCwuFmBUEdj6VrWmtaZfTeVaX9tNJjOyOQE1wA8Sw7CQvh/aDtJ+wy4z6dOtafh+Wyv9chupPs8d3EjBFtLR40Kkc7iwqraENnTyeI9FikaOTVLRXU4ZTKMg1iv4/0xVkkDwmOKYxyHzxnb/fA7iuftnv9N0OXUV0/R7izFyw/fRkykGTHXp3qcSRwXd9pltZWy6lcToYcwAiNG5LdOgoS1/ryKen9ep1F94rs7ZreO2ilupbkA25QYjkJ6Df0FVLzxtHbO1vFpV/cXkbATQxREhM9Tu6HFYHjFLx7zS7bSdT2yK6/u41Xy0bswx3JrPluZbt2utRitI7gMYSWMxkfb3Ij4oST1Ez0DSvEllq93LbW8d0ksQy4lhKbfzpkXiSBxeyyRPHb20/kLIDu8x/QCuX0eS9hiu7PTYbLddQGVJ4mkJyOPm381Vht7BNGsLPVbqb7HHPI0iJG7NK46ElelFlf+vmK+n9djvrPUxd311bCJl8jHzE/eyM03V9WXSooT5RmlmkEccSnBYmvPLE+EV1W9Mq3vlBgY8CbP445/Ot2aCXU/FdmLkf8Sw2+LaPJDf7x7g0W2G3udFc6w8N5c2sVo80kEIlwGA3ewq1p2o2+p2SXVux2HqGGCp7gjsa8z1LRLFNfkNqs6WyXUNuSJ3+YkHcM5rrLvQotJ0u6t/DsSw3NwP3pMpJRT1bBPWpdlC/9f1Ydvet/X9XL8HiOO4sNRvY7ZzBaMyq27/W4HOP5VYGu2aWFjdXDeUbzb5cZ5JJGcVysWowWHw/WxUG4u3hkAjj6nk5Y+lX/AApoYt9PttW1a6W5uTAojZ+EhTHAGe/vVctm/K36kp3Sfe/6WNrWNct9Ga1+0bVjnk2F2cKE9zR/wk2h/wDQWs/+/wAKyPEIS+v7Oe11HRj9n3B4b2QFWJ9h6VUAu2OE/wCEQduyqCSaS2uynvob9z4n0eCwlu01C2kVAcBZRycdPrVeHxHNqWmwXej2Ud8XAMsYuVUxE9jmud1C9F34HfGnWMd9cs8arDENgKk5bn2FRaS18unaXZmd9PmmjBj+womJVx99s85HenbcTe3zOttNS1uW5VLrQhbwn70gulfH4Ac08eJNNNjd3RlKC0BMqSDay49j61yuh3mo3N7ZxXuuX++ZmKYjTy329V6ZqbxWljrdnqg8uVf7PI3uuAsj++OTilLRDjvY0ofHelOli8k0CJc8H98CYj23Ctv+17BtOlv4rqKW2iBLPGwI4ryuZ9NJ0sjWLo/Mu7OngbOO3y8/rW/q8Vxc+FEj065Z7EMXnneERM+Oi7cCqlHt3JjLudK/iXy9DtNSkspFFzIqCIsMgE4B/rWk+p2kepR6e0v+lSLvCDk49TXHeLdTFxpFpp+nYa5V4sygfJCeMZ9fpW/p+jpolpLM0oudUnyWnmIBkf0HoPYVLtZvzf5IavovIVfFemjV7uwuLiG3NuVG6WUDeT6D2q7Bqiz6xNp6xn91EsvmZ4YGuFjtT/Zl1pGqW1u+r3VyCW2AkBznIJ54xWlc6TdXPi6VrG+e2ubSzj8sDlH7YYelOy6/1oDert/Wpta5ruoaRNGIdIN1C5CiQTqvzHtg1j6j4+l0y4uIJ9KVZLdVaRWu1B57KMc0niKTxBPY2DmGyhbzVDo5YnfnqMdqw/EVtqMT63PdnRd0sced7ZfIHOwdR+NJLv5/p/mPd/d+Z12geLP7bv3tWtEiIjEgaO4WUY9Djoa6WuJ8LwT/ANtLPIdK2G2Cj7Cw/wDHh1zXS32t2OnTCK4dw5XcAsbNx+ApyS6Exbf9eRo0Vz6+MtIZyokuOOubZ/8ACkHjXRScCW4/8BpP8KVmUdDRXPf8Jton/PW4/wDAaT/Cj/hNtE/563H/AIDSf4UWYG8Sobkc1k6trtrpFzbQXDIpnbBLPt2j1Jq7Y39vqtn9ptSzRkkAuhU5Hsea4K/tJLfxZdNqWpzL58QKlIBIE9AAQcUJe9Zh0bOyfX9HiwG1S0XPTMg5o1XX7LStM+1yTRvuAMa7wDJz2rlrEx3ela35gFzBbxsIbie0CHp24pNXvLC28AQRTbJ7loE8rEe4g8d/4c02v0/EI6s6Z/E9hFEH2zyoE3GSGIuo9sio7TXLnUGjubbTiNMkBb7VJKEIA77TzXNaheeVZBJdTv8AS5ZIcrYRQK46dcqO9J4VmWdLGyPiC+WbaSbOW2CqQOq5I6Yppb/13Jvov67HXJrln9vkg3L5KQecbjeNpGcYrMPjm0ikuTc6dqMVtF9248gsrj146CuZvJYZNa1AeH9LS++yRH907ERls8keo9qi+1X8WifbbrSLye3yJFt2uF8iNs+x3Y9jSirq43poel6dfwapYRXttuMMq7kLLtJH0q1VHSbqW6sEkmsHsT0ELEHA/Cr1KSswWqCkyM4zzSnpxSKoX6+tIYtFFFAGLpv2vFz9o/1Xnf6N0/1exc9P9vf15/DFakH8VZem/a8XP2j/AFXnf6N0/wBXsXPT/b39efwxWpB/FWlTciGxNRRRWZYUUUUAFFFFABRRRQAUUUUAQi2jjhlSCNIy+Sdoxlj3NUtG017LQ4bC7EchUMHAGVIJJ/rWnRQBg6xpF5q0kNgJI7fSQAZRH998dF9hU9+dYtfKh0izsngVcfvpCuPpgVr0UAY/h3S59MsZPtbo11cSmaXZ90Mew9qxf+ETvLO/mfT5YybvPnXM53GME9Fj+6a7KinfW4dLHGW3hDUNGuPt1hqIvJ1GBDdoAg9lI+4PpV7WtK1jV4dMaOWC0uYZBJK6/OEP+yD1/GuloouxWOe1PQbq50GCxS686dJkkeWbjdhsnp0rZurSO7tjDMoZcdD0zViikM5CHwrdeXZRTvE0cU8jyAE8qx4x71FfeE7iGYx6XCskMibGlurp2MYPXavSu0op3FY5p/BttPqJvLi8uixjSPy4pDGvyjvjrSSeFY31hpExBYm38vbAxR92euRXTUUXCxz0vhmOHT0sbFisb3AlneVyzOO4yaz9Q8G3Us0K2V+II9zmSQoCyhlxgDoa7Gii4zkLnw7qDPZ2MENmtlAULXRY+c+0emMVr3Ojm68QQ3kqxSWyQsjI4yST04rYoou/6+4VjmrvTtYs9fm1HS4rSdZ4ljZJ3KbcHtgVDaeFZbtbu41aV4rq5l8wraTsqrgYAz3rq6KXQZy+meEIbTSJLZiIbpnY/aoD+8xnIy3U1No+i6jZ6xPc6jcR34KgRXDja6ewXoPr3roqKd3e4raWMddHLeIp7+dIpIWiVUDDJDA5zWe1hr2m6vf3Gmw2VxFdsrkzyMpUgYxwK6iiktBnPaboFzFoN5az3Pk3d47yPLAc+Wzf3T7Vr6daNYadBavcSXDRJtMsn3n9zVqincViK4jea2kiSQxs6kBwMlfeuauvD89ppcNhYWFjfpy0r3zHJc9W6GuqopDOf0fwrY2OhrZz2kBmeIpM6Lgtnrz1qvcaLqoTT7CGSGaztm3tPKxEnB4GBx7V1FFPmd7itpY4ybw7rOoa29+0iabNjAuLedpCR0wUPFamhaXqOjk2Mrw3Vmcu103Ersf7w6H61v0UX0sN66lDUNPEui3FjaJHFvjZEAGFBP0qS2slGmW9rcokvlxqrAjIyAKt0UgMG+0a71fV4zeyIumW7B44U6yt6t7D0p2qt4iLyQ6daWDQMu1XllYMPwArcoo6WDrcwYtMvtL8LLp9iIZ7oIVPnMVUls56fWs1PDGqTfY1mvI7dbFQ0BiG7MvckHt2rsKKd9bitpY4S00DW7a4nmn0jRbyaWcy+dKx3c/hW9eadqL6ml9amBZBb+UAxOFY9/fFbtFDd/6+QzHsPD9vbWE8FyzXMt1zcSv1c+vt7VlXHh7WHsf7Pjv0MUNwkltPINzoo6gjviutoovrcDnLDRdWtdbe+u9RS9Hk7EzEIyD+Hao3sde1TU7NtQhs4LW2lMn7mRmZ+OBgiunooTFbf+vI4W58PXc+tz31jproXkG+Se9eNnx6KO3pWvq8/wBmv7e4/sS9u7qKMhJbdQVGRyCc10dFLokPrc5rR9Cki8Lpb3MMQvTHJtLDPll88Z/Gq3/CLXTW1nD5qRskOyeUEliP7q+gPc111FNvW4HL2Gjai+q2c15BaWtrYoyQR27li2fXIp9zYa1Za7c32lw2c0dyihxPIVKkemBXS0UXFY4W90LXNQuzdXGn2jyZDBDfyeXkdPlxitBPC88fhO6sFaE31yS7vj5QxYEjPpXVUUX0sPrcxf7IayVr2zgim1MxqmZnO0Adh6UmgWF/bSXt1qKwJPcyb9kLFlUY9TW3RRcVtLHHP4UvLTUpp9PljZ7st5txOSfKBPRY+h/Gm2/g+/0i5F/Zal9ruE6QXMYEf0XH3Pwrs6KE2thvXc5rWtL1jWLHTgklvaXcUokldcuEx/dz1/GpNT0G7uvDg09Lvz7gyq7TTcbsNk8DpXQ0UX/O4eY3afL298YrkE8MapLbDTprqOKwe4eafysl5FPRfYetdjRSWjuHSxzOoadrOoOmn/Z7OHTEkQrIshMm1SCBjGO1WL/QWm1i0vLYRqsbM0u48tkECt6incDkIvBw/ss+eXa9TdtEU7Rq2egJFXfDmkXtjcz3F5FBCWjWJIoXLgKO5J710VFF2Jq4VgS291pviQ3ltbvPbXoVJwg5jYDAb6etb9FJb3H0scte+FW8QXf2nXJeIHJtI7divlf7W7qTSHw7rS6qtzDrYjAtxE0pgVmfBzyDwK6qimnYHqcbJ4euI/DUunX0b6jLNOz/ALlzGGycgtjoKt6Fp17pNpdrd2QMZX5Yo7lpy3sA3Sunoovo13A4qztZ7zVNLjtdIu7GzsDI5N0AMlhwBye9VdU8N65qd1fTTabpEjXACo7uxaMDuOK7+ii4HmzeDdXZ5GGj6IN8AhADN8pH8XTrXSW0PiOy0CGNIrP7TbceUjErKg7ZPQ10tFNybFZENpM89rHLJC0LsuWjbqp9Kkk/1bcE8HgdadRUvUaOF03w9eW2rLeWmnNBA03mN518+8+pZOhNXNcZvtN8lpoV9Ld3EBt/tCqPLIPQk57ZrrqKbd9GHW5zlroNwZtK+0unkWEA2oOplxjP0qhJ4c1hTaLbS2yeXdyTtISSVBPGB0JrsqKLu9xW0scfb+GNRHiaO7vZbe5tU3OzlcO7kf3egp//AAilzJc3Ms0yGI3X2mO3H3ZCFwAx7YNdbRRe2w2r/wBf13OZ0/Rr+5u9SudYjtozdxrEI4GLAADGee9QX2ka7FYWljYfZbkW2Gjurhyrqw9hXW0UXA4mbT/Fz30t5Db6ZDNLCIZCsrc+/TrWto2nXi2TWGqadYLa7fuxuX3t3LAj8a6Cii/QVjlbnwbZ2tzNeabp9k7yL81tPGNhbsQf4aZo/hVPt9xeappWmxF1VY4YF3KuO/I611tFCbQNXOf1qzuNU1Cy09bdlsY2Es0v8Jx0Ue+a6Ciil0sPrcZMzJC7KpZgpIUdTWZ4ctbq10eMXryNcuzO/mNkjJ4H5VrUUIArF/sdj4gutRdIXDxKsO4ZZWA/StqigDlNL8Pai+mtY6tNCLYbgsUIzk5yH3HkEVJc2PiFtHfTs2lyd2wTyMVJj9SB3rp6KHqHmcP/AMIhqpFrOt9FFfLOHkmC7gEUYXAPU4rS/sLWTq1lc3WsLdwwEko0CxkZ7jFdNRT5mKxzVl4KsLaeSaee5uWkkLsjyERnPbZ0NR2/hBJGvVu5JI4ZZg8S20rR4XGMHFdTRRf+v69BnP3HhxZZbWCMrHY28LIqjltx6GstvBV1JqQJ1Dy7JVjyqoC0pQ559PwrtKKE3uFjl7XRtQm8QR3V3a2VvawKyosBJMmT1YYpt94dv7q7vo45Yo7O9kj8zH3gijkCuqoov/X4gYevaZd3FnaDTVhMttKrqkpIUgdsis+Lw5fxaHaxKbf7bHMZ5DztJznGa6yikKy/r+vM5CfwneywWSperDKJ2muZVHJz1C/yqXTfDFzp+tQYkRtNtQ7Q7iTJubrn6V1VFNOwNXMPTtEeG41b7YI5Ib2cuqjn5SO/vVKXRtUm1XT4hHbx6bYy+ZG5lZpW4PBB+tdTRQnYb1uY2saZdXmo6ddW5jxayF2DnGeKx9XtPFerW8cLWemRiOZZQRMxztOcdK7GiktAMO2g1PUd0Gu6bp5tsZUI5kyfoRSX/h6xS1ZrDRNNkuOyzRhV/MCt2incEchZ6Bfy6havc6fpthbW7+btsySXYdM8Ctu906a41zTrxGQRW2/eD1ORgYrUoouKxz+vQa3fK9naW9mbSTAaWSRg455wMVevF1K1sIo9Mht55FAVhO5UY/CtKil0sPqcMmj+JYtSuryGw0mIXEAhMaSsAOvPT3qzotj4k0i1it007SjjiSUSsGYZzk8V2FFO4b6nO2/h0va38t+sc95dtuPPyrj7oB7Vnv4X1JLOK882G61gTpKxlYhNq9EB/rXZUUXtsHqcsmk67cWk8d1cRxteT7pgjlhHFj7qZ9aNT0K9jv7W40yC1uIorb7M0F0xAIznPvXU0UX/AK/ADj7fQtUnu7NJ9P02wtLecTsLRjl2HQEYFa1vb3knim5upTKlokKpEhPys3c4raoouKwVl6ousSyJBp5gihcESXDnLx+6r0NalFIZz134fki8PCxsGV51kExaXgSP1JOOmapXFl4s1C4haVrOzjiR12wys28kY5yO1ddRQByN34SvZNJisYdSxbxqGNuYgBI4OeW6gZqMeGtXtrr+2YbiCfVpY/KnST5Y9h7Ajnj9a7KindisclF4Se2stMSHyxPDMslw5J+bnPFOi8ILJFctds/nGV5IjBM0fB6AkV1dFDf9fd/kFv6+/wDzOW0HQ7+0vWnuobeBEhMUaRStITk5JJNa2h2E2m2DQTFSxlZ/l6YNadFF/wCvxCxl2Gnz22rX91IyGOdgUA6j61V1vTdRub6K7054VljiKAyZ4JPWt6ikM5a78MTxaDbWti6SXUFwtyzTEgSv3yR61Y0vTNTa+vdQ1NbeOeeIQrHCxZQB3yfrXQ0UPW/mC0sYFn4fMPhyWxcRLdSRujSoOuSSOfxrLk0rxJd6NHos8FhHaBVjeZJWLbRjtj2rs6Kd9biSsrIyx4b0YgbtLs2bHLGFcmsK40XUY7iT7F4f0NVGRHKThx78DrXY0UXGYdvoRt/DZ08FHuDG3zsOjN1/Ws228PalpkUV3AYLu/SBYFjmYqkSj72COea66ii+rYraWOYtPDEx0C0tZ7gQ3kMvnCWIbtrZyQM9qlk8NyR+G7vT4Ljzbm4JZp5BjLE5yQK6Kik9b+Y1o7nJf8IvrUqWZm8RtvtcNGFtEwCBj8a0LrSdRuNBuLKfUFu7iT7sjRCMAemBW7RTbbEkkc/q+gyXOhx21ksMc8bpLgjCuy464+lVZNP1/VL+zm1G3sYYrRzMixSsxd8EAHI6V1VFFwscqfCt1dXg1e4v/L1gcRyIgKRL/cAPX6mhIfEsV/JeJpumG4dBG0huHG5R04xxXU5GOtDNjsTRcZzl1oWoa7HD/a14IIRzJaWw4LdiJOorG1TwzqV1az2kOkaThhtS5mlZpcdiTjOa7jJLtk7aUYz8oJPqaA8zm9D0u+sJ08/SNKtVC7TLbE7z+ldGxCj5Oop5BZCD1pqsSuFX6027iSsL8zDOQBSo25femIuSVYnjtSrgSEDpSGPyM470tNwd+e2KdSAK5/U7HVotaXUdLjtpi0fluk7lce4xXQUUdbh5HEajo2u6rOJbvT7VsADYl/IqH6qBihvDWsLoVzaxLZ/aL6RTPliFiUHgLxzxXb0U79A63ObudC1V9XW6stTWzQQLGx8oSFiPY0z/AIR/VpNXtbi+1YXlvGrqy+SImXcMZG2um3DOM80h3E4HA9aL/wBeorGNYaGNO1kz26RpaC38pUHXOckms/WdGv7iObTtNtrSOyuHDyyPIdwOcnC9K6gEhtpPXvSEbCCPxo6r+vMO42JMIqMc7AFqamlATnJpuNjDB4PagBxcZwOT7UueQKXGKTHzA0hi0UUUAYum/a8XP2j/AFXnf6N0/wBXsXPT/b39efwxWpB/FWXpv2v/AEn7R/qvO/0bp/q9i56f7e/rz+GK1IP4q0qbkQ2JqKKKzLCiiigAoorlJDq+p+Jb+0t9Xezgt1XaqQq2cj1NC1dg6XOrorlrG+1HTPEv9kX999uilgMySlAjJt6ggdqS0l1nxJ5l5bagdNsQxWAJEHaQD+I56U7dg9TqqK5+zl1qzhv4NQKziCJngvAAPM46FR0NYlnPqd1owv38XJFKUL+UYo8A+nrS8wO7orN0G9uNQ0O1urpFSaRMsF6fWub8Q+I7S8u5dHGpS6csf+tuFiYsT2C4H502mnyiTurnbUV5nF4me31q1gi8TzXFlGN1w8tngY7KCBnNddqWppeaJHd6dezRxPIAbiCIOVHclT2ocdLgnrY3qK4Oa1mhkWbUGur+/SX91KsjRoYxgklV44HY1aTV7nUdVtLidJba13EWtqv+tnPd2HZaErg3Y7KiuAuPEF0/jK6tltL+ErbFcAqdvfeFJwawhe+ILq0u3gv9RZJzujJMK5HvzlfwoSurjeh65RXGaVqOsnRLe6gvrWcSnBOpERFSOMDbwaj1jUvEUmlXCiXRRwDmC4Yv1HShqwLU7eiuM0y18Tw3yak32JraVAZoUldiwxwVzwDWbqN59r0m/eKS/tV+2xxTW0rYKNu5KsDkAihqzt/W9hJ3PRaK8u3aY2qvYf2bqKqIi3mnUeeuM/e6Vbu7rV7HwzaXNleXItkLrN5aq747HLdaGrK4J3dj0aivI/D2reJ9Q0xo7F7q5gMTIzzqo2N6g/eNdToWsayblLF49PltreHdPPHI7Mvsc/xe1NxsFzs6K4G88R6fZ22pC21aSWKVCY42ifdG+eQDjpWpp3jTQ4tLthPftvWMby0T9frikk7XBvWx1VFcT4g10HVrKEaw9nptxAXLxQ7zJ7dMiqJtdJvtS0y00+7vJLKV28399IpLAep5oUWwbSPRKK4zT7RdL1/V7S2luPJW2DKskrPg46jNc3a2Ew022nurixVp+FM2oyqzEnjIHAoSv/Xr/kB6vRXmT3mq2GjwadNcMpFvubbJvOd56P8AStTV9dht4Y9viSWyljgXMItd+5scfMRQ1b+vUfkdzRXl+jXzJafaLjxfew3NwfMliNmWCn0GRxXR2Wpxz6RqUUety6hOkLOGe3MRQY+gpyjZMSd2dbRXkl7CY/Dn2lNJ1yObah+0m6O3kjnr3+nerlxD9lewlh0rWbNzcIDNPclkwexGT1pqOtgb0uen0VVvr2PTtNmvJv8AVwoXbHfFc/bW/iLV7Qah/awsTKN8VtHCrKB2yTzzUDOqorjdZ1rXLPwrHcvCtrqImEbDAZXHqPY1tjWwvhxtTkQCRI8vGD0bHSm1a7BbpGvRXA6dqviXU/Dd3exXCC9tbkt5IjBDxjnZ+XetG58UPqWk2cejMBqN78oBGfJx94sPbmjlf9eYrr+vI62iucOqXFj4hW0u7tTaxWZkkdlAyw70zR77VNfvjqKObXSF4hjKAtP/ALR9B6UJX/r5Bc6aisDxhqcmmeH7iSO2nkDIVMkRA8v3Ncbf6vqt3pulxWs2oW8rwqwjBjw4XgtuJ/ShK43oeo0V5ppd3rTeJPLm1K+jW4A8vzFiZWK9QQp+X6iuibVPEKsw8zQODjm4bP40+UVzqaK88kXxJquqXlqH04+ZEr5juH2rjoVI967PRU1OLTY49WeB7pRgvDnDe/PelbS4X1saFFFIzKiFmICgZJPakMWiuAtfFF1LqtxNYwNdC6kMUSFsBdvGR7HrWM+ravp+ptpra3cx6jczbtxiV7ZSfRuoFNRbsDdrnrFFc1rlvp0um215qEs9xtKR77WYqGZjjPyn1rC1rQtPsNb0iBbm7it7hyJd124BGPUmhLWwdLnoVFc7Z2Oh6IJr+3upZPLT5/8ASWlwPpk1DZXcuq6imoX1zHZ2sOfJtTMAzZ/ifn9KLCudRRXI/bptAvppIZf7R0yZt7COUPJbnvxnlazPEPiS/XUormwnsY4IVEsQllKtcqeq7e3PrQlew+56DRXn+qeIbsXcVzbG3ZhBsuY5JiscZ/i574p2harrN1p17Ym6hlNqo8u6s2EkjknONregPWi2n9dxX/r5HfUV5Z4h1Gf7NHanxXdjzeXdrYIseDyGKjINa1rc38lvabPEGoGSc/uYDaxl5FHVvp9aajcGzvaK4Pxf/ZVnPH55vGv7hcBllkCJ/tMF4FZAfwzZacn/ABMr7UbpOZQJZgx9gBSSurjZ6nRWF4Xi0r+zzc6VJO8c2CwmkZmU+hDdKbrDavPqMdtaziwslQvLekKxz2UA8UNWdhJ3Vzforj7XxPdQeGr66nxcS20pginAws5PAbj3Pal+1axok+n3Woaj9rt7thHLEYgohJGcgjr6c0WC/wCv4HX0Vxy3Wta4b+9sNQ+yQWsjRxQ+UG80r1LE8jPtV2LxbCdGsbkwSTXd1kJawjLMR1xmi39eo+p0lFcZp/iyebWNVa6imhtrO3DtbSIA6Hvz3q9a+Mra4a2eSyuoLS5IWK6kUBGY9B60WYro6WisfTdRF1rWpWommfyCo2OgCrn0I5P41T8UX2Z7DSIJzHc3kwOVOCEXk/n0pW2XcffyOkorzZZvDYvb4azqN3HOk5UDzpAAO33eKsaFeaXFfa6Le/uf7MSKP53Z2KEg5IzzTtpfyuGzseg0Vx1vBYalokNxquqNcwLLst7iKR4ywPADAd6p2mg6Qdb1G1ury5SOIqIle9Zeo570W1sK+lzvaK5C5nSLXYbOx1B7SSGMKUnOUmjx95Sf4hXL6xqusx3Fop1HUR+/AHEIz9MHn8aErj2PV6K4SPVNVi0i8mfULhZRsVDcJF8uTgkbT/Osq88Q6lDaNDPNPfCO8RVuodqAj+6cGny62FfS/r+Vz1CivO5dct73Upo9Z1q4srdZF2WSx4J9AXUVc8Qanqyao0OmXFyLeKzEwWCJWJ5PJ3dqVtLjWrsdxRXj8Gq6zHaS6uuoakbmVQGz5Ri4OOFzxXf+FJdTntpJNRe8JbaV+0xonbtt7fWm42FzHQ0UUVIworkNR1eS78SiKyjnuotOG+WK2YZZz0B7EVhN4hurq7vLNLDVY72ScvbhCp2FeoPOMe1NK4M9MorlrjxNcaf4Te+1O0ezvQPLWOQg7n7EY7VT1RJ9L8BwvJeSmQskss285G5gTz6c0W1+aX3iudrRXN6frF7rmoibT126TCCDK68zt/s+3vWXf+J9Yti0F9FptqZAcRu0pbb0ySoxRZjO4orznR/E2qQCLTI9Q0m7uWyYllMquw9ORz9a1tZ1y+XQLe1u41s9UvpPJVI2zs5+9n0/xpuLWwk+52FFec+K9T8Q6RpcNq0dmQzDyzDK/mkL65rodNu9fvrJJbhtOt7WSLImhdmdTjj73FK2jaC+qTOloryi/v8AWINZtZV1LU2csYs/udrL1yADjP1qPTtY1N72e6utW1GEvN9n3hYiigdMrnr6kU1G4N2PW6K4rVZ9Wt3t47bW5Z90Xyi3t0Z5COrEn5QPxrAtZdVkvJZY/E039pOuze0Q+ysQc7B23Y7+tJK4z1SiuK07V9Q0+C+utXvJ5IreMb4JYVSRWPQgrwQazbLxDq1vozxwQSy3FxdsLYg7nK9xg+lFtbCuej0Vwei+INRTU9V3aLqU+Zh8mVPl/KOOv48VfvtU09pr7yb+WG+NsfMtmyMHHHJ4B+lJ6K41q7HW0V5HbyXdpaRXdvLf2AW3IuJpJvPMjH+6uTg1ueHvEkFjpl5M2q3Wp29uAI0eDD/XPeqcbX8hJ3t5noFFeY3Gpa48x1l01m0aZRHHFFHG8QBPy8E9TxzW74Y1nWI5Y7DxBbXYu5ySkroioAO3HejlBs7GiuAv9WhuPEGoWWr6zNBZxOAttFERuH++oyKdp+lafq+v3EInvHsordTCBcOvU855z+dJK6uDdtDvaK87HnReCNVhhnmJS5McbPKcgbsY3daz73SrpFNtFPYLeldyImpyl+OuMnGfrTSv/Xlcf9fjY9Uorz6XU7+TV4LeSdykN0qBVOMjA4J70jeIbuTxRqkK21/blLfBwVYxY53bScHIpW/r5XFc9CoryH7Z4gn06d477UWWZvMQloRlevPOR9K2rvXZbfRLK4m1qV1nyxWWHa59BleOKbjZBfU9EorzuPVtYl1OwK39hPG8LnLSMhI919ao+H5JRrelSeVqMbSzSCSaaYtHKMngDNCjrYTlZHqVFFFSUFFc1r14BrGn2hS9t5JJMQ3cWDHu7qwzzkZrjrqe3t4dRvLq3vbyYXUi5S8MaqAcAYz/ACFNK4PQ9Worz/SYwNS/4lhu7V5bZyI5p/Ow2OD1Irmn1/xCuvi2F7qDah5OzZ5Uewtn8se/Wmo3dv66/wCQr6X/AK6f5nstFednVfEmm3M17cw2gmlRFjtp5GDE9DtA4zmp9TR7rVv+Juk5nFuuy3s5nUGQ9uP5mlYLne0V45DBdWsBWYxXV685jWzN9KJkb+4QPQd667S7CK2l1SyuJZooTCrOr3LHYxHZieKbVlcL6na0V5Vb2OnvplhK+oz+bJf+TJm9b/V5Pv8ATmurLTtGiPOLDRrZtodpN8k+PQ88H86HELnVUVy0eoxS+I3TS9TR5Xi+e0nDAZA4YHFZ0U/ipvFUwC6aZUtxui81/LGT1+tJK9gbtc7qiuOuPEt0uh3f9oJHb3C3Btd9tudV/wBr1rF1fUtYgis2tob2HS7XLLexEM8oI7q3Xmiwz0uiuE0vVtfivoZp4NTurKVRgSxRIcnvwc4xTv7fa+8QyS2SzTXUBMUdkwZAF/ic9j7U+XWwrnc0V51eahql/rt9AtrJY+fbLt+2z7EQgn5htPet231HVrPw+qTT6fd3+fLWWOYCMe7ZpW0uPrY6iivL7aXUdKnum1DxHdC6mPmZto1mikPZUz938cV1PhqbUQJm1XWYJ/OI+zxfIJEH+1jqafLpcVzp6K86vdc1DTdXu4F16W7kgGY7UWygyN1K7ugAH41jpr2rpOs9peagJ7x/MkikERQAdQuTxQo3G9D12iuO1PxJHfeHIEt3kgub6YW0e8gODnluKyp20GHWb6HW9Quo2iKqmJpAAMf7NK2thX0uejUVwHh+60+PxVdDRp7q6tlst5ieR2y27tuqlb+JLuWPXZFTULURyglxscxY424J4ot/XzsF/wCvlc9MoryJrzxBBYQPJfaiFhk8xyGhOF9Rzk/Sul1PXY7JdHhlv7i4uWbzCPL2tICOBxxT5QudxRXD391rkl3YvHqF3p63tx5X2ea3jYxjBOQaS5kv4LnVNOvtblkjjthIsxhClGPf5eTStoP+vxsdtHNHLu8uRX2na205wfSlEiM7IHUsvVQeRXkmkXUF5Hqkk96vlpLmNFMiB2IwWJUZxVW0ijbU7kkRBCB8xnuACO+DjJ/Gmoivuez0VzX2m80y3S+gm+1aaYQFg2nerY42nqc+9cY/ijUFtrx5ZrZZZJi2xjJvTHQDAxSsF9LnqxcA46n0ppc49BnFc/4e1m71R5Fme0ZY0Ugwh92ffcMflW9xnGc5702rAncTHUfqakG4oMcH3pnGff1NcVqcQuNc1AzwXt3FGF2x205j2epPIpdRnbbSHOVLUrbtuScewrz+3jsTII49G1cljji+Df8As9OtdSurPRUWG5eDdqZty8rbyiZ9TTsI9AQYUCkj/i+tcfaa9f2esX1qWl1iKNU8swBAQT+ODUC69qD+M0zo+oorWoUwkr8vzffxnGKVgudyVBbNAUDoK8x8UXWqW8jumq6hIIJQ8bR+UqZJ6HByce9UpNZ1d9Ydp9R1MLaRh12CEEZ67hnBppXVxs9corz3XJpT4btZX1aa9WSYMSpEbAf3TsrLUyRQSqbAZuIA8O2+lP8AHt+b0/Cjl3Qrnq1FeZaLYT2Or2cV1JHdsZyhlivJSUb0Kng4r0sKB1OTQ0kCYb8/dGaTlkOetc14iF9HdxpbaxcxPcZSO2hgRsccsSeg965nWpruxtbWwfxTcGSfndFCGRADySw5pLUb0PS1KhR0FPrg11qSHSb65s/EcmpTxIESJ7YIVc9O3NRabq2pz2F9amCeO+uJtkfnNjbkDd06Y60Nbiv3O+HzOT2HFOIyCK4KHxVq9raiJbSzkWJM7hIxLANtJ+uab4t8UEz2mk210kE7bZp5G3bQP7mV55p21D1O+Xdsx3HrQFJOWOa43T/Eus6nI8Nk+jSyRruZS0qkD15FbvhvVpta0dLueKOOUsyssZJXIOOM0WYXNeiiipGFFFFAGLpv2v8A0n7R/qvO/wBG6f6vYuen+3v68/hitOFQ27IrM037X/pP2j/Ved/o3T/V7Fz0/wBvf15/DFacIbnBxWlTciGxIpwxTP0p9RkYZT1OakrMsKKKKACuLGjx6r4x1XfdXtuVVMG3lKA8d/Wu0pAqgkgDJ6nFC0dw6WOE0OEaN4gvNJ1Rppru6U/Zb6YljIn9zPYip9M1Kz0jSn0LWppLCSElElyV81SeGVhXZlFZgxUEjoSOlI8MUuPMjR8dNyg079wscHo7O+qaobG61G60gWLBJriQujSf7JPtVbSn8FDQI1vVsTd7CHDId+78utejKiIu1VVV9AMCo/stvnPkRZ/3BRcDH8HQ3Fv4bt45w4GSY1f7yp2BrP1WO8k8ZItjqEVlJ9k5aSIPuG7oM113Ss/UdD0zV2Rr+zjnZPulsgj8qG7yuJKysYEOh61by3U0XiS28y5O6TNouCQMDvTIkgtPD50u7vZJL1JNxWwk2uzN0HHTPpWp/wAIX4d/6Bkf/fTf41oafo2naUjJY2kcIY5O0ZJP1NO6sHmeceH7O7sb/ULi/a+8qG6PmSQ3Rbaf9te49TW1pUDaheudNnmuMtun1SUY3DORHF7etdbLo2nTRXEUlpGUuH3zLz87epq3FDHBEsUSKkajCqowAKOYLHncmjRp4qvpb8zTXLWzSboD84GcAL+Fc7vis7yHThbllxhml0oGQE/d74OfWvW7vR9Pvnd7m1SR3TYzHIJX04pIdE023sWsorSNbd87k5Oc+/WiLsv68waMDQNN0248PR2V7ZtIlux2/a4QmSe6jNZOgR+Gzp8toq2iaqzyoi7fnzk4FdSfCOgmEQnTozGrbgu5uv51qxWltCFEcEa7BhcKMihtO/mCVjltL8SrBpWn2Yj8y/E62k0JbDIe7fSse+tL5tXubGaJUt73URLGrctKq4J47Aeveu5Ojac2qDUjZxfbQMedjnFWDaW7XQujEpnC7Q56gUr3d/6/rQNlZHlllHNeXhb+ybcw+fIjH7AFQKCcESE9a2V09G8Ox366h9mEDPlXQSrjOMhT3967LUNH0/VYVhvbZZo1OQpJAB/Cq1x4W0S6iiin06J0hXbGpJwo/One6sO2tzz/AFTT9Q0mPTbO21qRo7lSBLZ26icKOQOvI5rb8LaVKdQFxNfXyLCOY3hEAmb+82Cdxre/4Qrw5kH+yocjoctx+tSReEtChk8yPT0VsEZ3N0P40+Ylq5n6xef2/cf2Hpjbk3D7ZOo+WNQfu59TUetzXWmaBqUNxJbvarEVgdcKw7BNv9a6azsbXT7dYLSBIYh0VRWe/hXQ5Lw3b6dE05feXJJ+b1xnFRpt0Kvrc5t7saTr+k/6Hc3O2xxstot5HHpU97fXb+ItKubqxaIAuY4kO6Rlweo7H2rtAigghQCBjOKhls7ea5iuJIVaaLPlueq59Krm1v6/jf8AzJtpb0/C3+RySXMzXes6zLZ3NpbmBY1FymxmOMdK5abTbG1SJtQgjPlTRB3lXopJyPpXrFxbw3URinjWSM9VbpUdxYWl2EFxbxyBGDqGHQjoaSY2r/15WPMYdPc+HhqERjW0EbIgJwSN5xgHtXb6ppv9p+F4bcW5n+RCUWXyycAd6vXugaVqE8U13ZRyyRfcJyNvOeg4rRACgADAHQU27oOtzze6+zN5dlZTa9Hqk52xw3E5TYP7ze1dLcW76J4Mmgubx7mcxFDLKcl3YYArbu9PtL+PZdQJIuQeevHvTrizt7qJIp4lkRGDKrdAR0NJu6sNaO5wet+GYrPwaJjfaiXCR5ja5JQEkZ4qXWtDt7G202dNQvpn+0x/u5rkuv8A3zXcXVpBe25guYllibGUbocciqLeHNIfUEv2sYzdIQVkJOQR+OKalrfzuK2lvUdrmntqmg3VkhAeWIqufWsbTPFumWemR22oym1vbZBHJbyKQxIHb1z2rq6ja3hdtzQxs3qVBNSuo+3kcV4g1C51PwzbXU9jJa7rtPLjfliueCR2zS3ST/8ACRjQFjb7NPKLvfjjA+8pNduVVhhlBHoRRtXduwM+uKadn/Xl/kJ6/wBev+Zy/gobY9VABAF64GR2wKZ4fsbaHxhr0scAV9yAHHQEZOPxrqwqrnaoGeuBQFUEkAAnqcdaE9b+VvyG+q87/icVrGjQa147hhumk+zralmjU4D+xqfRb2Xw9qn/AAj2oMTA5zYTEcMv9wn1FddtXduwM+uKRkRiCyqSOhI6URdlYT11Oc8bWE1/ocieYFtUVnmXPLgDgfnXG6lY2dlYWN3HFchYrRSym1E8OSAeBng5r1OeCO5heGZA8bjDKehFZ48OaQt3HdCxj86MAI2TwBwOM4pR0Gzz3ww6XGoWd+9pMrxsUZbewEahj1y2elbniPT/AA7ZazpM9xa2kcEkknnsV4Py8bse9dRc+H9KvLtbqezR516Pkj+RosvD+k6fLJJa2MSPJ948tn86tyV7ita5zqX2ladrVjf2LRLpU0RtvMjGER85GfStzTNfhvhK8uyBBcNBCxb/AFpHpV+4sLS7tHtJ7eN7dxhoyvBqrL4f0yXSxpv2VFtl+6q8bT6g+tTcdjTpk0STwvFICUcFWA9DTbWD7NbRweY8mxdu5zlj9alpMEecQ6DLO0hsyY7ezldf3cm1wO2DVG13xyPFDF50+SHhEW53B6ho+i57tmvSZNKsZLae3e2QwznMq8jcafaWFpYQrFawJEijAAHOPr1pp9/ITV9jm9diitfClrCLeK0ImhJgQjCfOKi8TxWl74g0CC5WGaFpG3I5BB4rd1Dw3o+q3AnvrGOeUDG5ien51VPgrw4SCdKhJHQktx+tNPq+9x9LIvWOmaTpzO1jbW0BYfMYwBmuXm0nRta8Wx/Z7G3e3tA7XcoX5XcjAUnuRW/D4T0K3Zmi06NSylSQzcg9utXV0mwTTv7PW1RbUjBjHAx/OlfW4uljlm03TLTx5psenW8MLLA7yCEdR05xVXxXaPc+JrKKHRLC6kaQPueTDuoHO4Y4Fdfp2g6XpEjvYWUcDuMMy5JI/Gp1060W4nnECebONsj92HpRfbyC2/mcHHpMVzeXsmnaVbXdvCNrRzS/u/NP3tp9qi8NWt1b+GDcRaUlvvBUXNkPMncbjkbe31r0S2sraztRbW8KxwgYCKOKW1tLext1t7aJYolzhF6DPNO+6Cx5jrL3VpbLcWMWrQQwDJiu7IOsrZ+87E81chUS2wl+x68t0xEkc8Vtjy3P3sc/dPpXodxbQ3du8FxGJIn4ZW6GnoixoqIMKowB6ChSCxiXl/rEZiFjY206GMFmuJ/LYN6EYNYGm3+vLrWqNHpmntIzrvU3eAvHY45rpLrwrol7cvc3OnxyTSHLMWbk/nUP/CFeHAcjSogT1IZuf1oTQ+li5o/ntDJJdWltbXDtllgk3g+5NUdZ1i1tL77DrFsi6bNHkXEnKFu6kVoadoem6SztYWqwF/vbSTn8zV540lGJEVx6MM0na4I88W0uL/RNYOmRP/ZglSSzjxgEKcnYPTir1/q1t4kGl6fp8nmT+YslwoU5hUDnd6c8V2yqqKFVQqjoAMCmpDFGxZI0Vj1IUAmncX/B/E4rTtYt/DsGqafqUnlXIneSFNp/eq3Tb61TsraTw9Poeo6iClsInSViOIWbOM/nXoLwxSMGeNGYdCVBNK6LIu11DL6EZFJO2v8AXYGr6dDzy41G31PUvEVxaqzQixAEm3Ak+nrTp9Vs9b8LaZpNg3mXz+UDEAcx46sfQV2mp6at9pVxZxFITKhQMF6U7TNPTT7C2t8I0kUYQyBQC2BQml+H4XB3/P8AQwvDqlfFWug54KDJHXijxDYxLr2lXkeEu5HaMStztGOOK6kKoJIUAnqcdagurG1vQouYVk2527u2Rg0X28h2387nmviF9XNs8VpqdrdRJODMyWgQB88DPc10+gC9kvZprvUreScJtuIBaCN844yc8it86TYGzS0+yx/Z0IKpjgEdDUj2FrJeR3bQIbiMELJ3ANF7Kwmru557FqH2nw80It3jhjv4yssnyhzv5wPSty203StR8Taq99b207IY9jSYOPl7Vtah4c0jVJVkvbCKZ1GFLZGB+Bqp/wAIV4c5/wCJVDz1+Zuf1ppr+vRL9BvW/wDXW5X1V4bvWoNKW2t5beO2d5d6A7RjgA9q4TR7Jm01GWwkdMthv7LEg6/3yea9VttI0+zdnt7VEZkEbEZyVHQUp0qxOnf2f9mUWnTygSBSTsG/9eR5lp1rCuj6/K9pmQXEalRBsYrx8oUE4qqLJboTyG0+y6Wl2g+zyLtbdjqR9K9W0/SbDS4GhsrVIY2bcwHOT681Jd2FpfReVcwJKmc4Yd6rms7+n6Caurev5HCWlpDb28DW+42z6soi3nJwPQ+laNwL2/8AEerS6ZdQwPFAtuGmQMrOCSVIP1rqf7Ns/Igh+zp5cDBolxwpHQiql14b0e9BFxYRvly55Iyx78Gpv/X3D/r8bnm2+F2WCGfTX1ZpPLFv/ZowHHUls42+9em2dy1npMLancwecqhZHThA3oKkk0jT5rM2j2kRgK7duMcfXrVe38N6Ra2s9tBYxpDP/rFySG/M03LSwra3NQEMAQQQehFBGQR61V03T49Ms1tYXkaJPu+Y2So9PpVupdho4xJbDw3rerTACOMRq+O7uf5kmqdhaSWeu6LNdDZcXTTzyBjjaWwcV2U+k6fc3K3M1rHJMrBgzDuOlJqOj6fq6Il/apOqHK7s8flTTtZ/11Bq9/66WOc1eW11zTtTnlgBOnu8cTbsgnH3sVn+IrW9u/DdvLeyKlmghEcCHIfpy59Pau0g0iwttPNjDaxpakYMY6GpZ7G1ubI2c0CPbFQpjI4wO1CdtvIW+/mZupammlQWNtZxxs08qwIqkYjBHXHoKrPYeJEBLeIrdR2zZr/jV2y8MaLp9ytza6fHHMvR8kkfmatajpVjq0KxX1us0anIViRz+FD8gRxnh/S9c1NW1htYg+0vIyqz2iuUAOMKc8A4q5rtg1na2l/qdytzdxzBTOI9mE64AFdba2kFjbJbW0SxQoMKi9BRcWlvdqq3ESyKrbgGHQ+tNvVW6Bbe/W551r82q39tLqw0+E2cjqlu0sm11X1x71taLPdWTNpGtWcMNtcqWtdrb0xjlSf1/GuqubO3u4PIuIVkiyDtI446Us1rBcQGCaJXjI27SO1K6tYOtzyy60X7VrtjFZvYNZvOUWYWQC7sHgc/MBUGm6DE15cRalLaRWS3rKJRajDsD90nPy57CvV/7PtMW4+zoBbnMIA+4cY4pE0yyjhmiW2jEczF5FxwzHqapSsDVzi/GtjPZaXbNaaotjpayJH5MUYCgMcEk9x7VVa8tv7O+w/8JZpn2ULgRCxG0frXdnSNPNlFZtaxtbxMGSNhkKRyKn+x22MfZ4cf7gqb6ND7HH+Dbe8vtEaS81EX9kWdRHLGDkg8Hd6e1LodrNcaO72d3Ba3Md3KFlkiEhA4yACeK661sraygMNtCkURJbaowMnrVC48MaLdKqzafGyqxYDJHJ6ng027u4ktDltDttZOsavs163RluB5hNup8w4HI54p3il7TUvEFlpsl8sZEREzKPvHqFz2Jre/4Qrw4M40qEZ64Zuf1q//AGFpZtJLU2URhkADrjrjpz1outPIfV+ZwukaLqlvqETQWlrphEMii5UiQvnpuXPBrZ8MabfQ+FprXU72NUeN1CGNVMWSeSc81p/8IZ4e/wCgZH/323+NSx+FNDiikiTT4wkmN43Nzjp3oburC2OFu9PtmthLaXmp3Wn2OPNla4KpI2cYT0xW9c6dbaNHFr0V/dXLwxjFvcXHmbi2OAe1ddJZW0tobR4ENuV2mPHGKy4fCGgW8ySxaZErocqcscH8TQpf1+YWMHTdYktdf1ZU0y7uJZZFIMUeUU46M3an2eoz2fiXUbi6sJnnMCboLQeYRz+FdqFVc4UDPXAqFLO3ju5LpIVWeQBXcdSKV9gscM8FwvhmW3mgkgl1C7JjikGHAznkfhXN39rpdupkuIIlkkhm2sync0mRj8a9fktoZpY5ZI1Z4zlGP8JqN9Os5LpLl7aNpkBVXK8gGhOz/rtYf9fjc4E6fcWV7YzSGMm4uFaNQ3PQdRTP7Fij1/V3vjPNdG3LmS3+/knAwPpXcDQNKXUzqQso/tmc+bzn/Cn3ei6dfNK1zaJI0qhXJyCw9OKG7iS/Q8kDxQXqaYLbKhNhZ9KBkDHoOuDkd66O5tprjwxY6bHFdQ2cL/vpZEEbEg8bQM4ruE0TTY9PawW0jFs3VOefx60W2iadZ2htILVEgLbimSRn15NU5XCx5dqdsLKXVUuLW4v7mJ0dLwRfcUYOC1a+lW19b6h4fe5vEeCR3kjt/LCtGDk8nvXoU9nbXMPkzQq8ZIJUjg46VXGiaaNT/tEWkf2zGPN5zihSsJxuWre5gukLwSrIoOCVOcGpazrXRbSx1Ga8tg8TTD95Gp+Rj649a0ago5nxdFeF9MuLOEObacyuznCooU5JNcXKkoSyIs47h71ppzILLznIzxwTwK9WngiuYWhmQPG3DKehoEESxiNY1ChdoAGMD0oTsD1/r+u5wGjWHnXtvBNELCaW3ff5AEZB9SAeKifRplkvpYNatmexhMbRtaLtIHzDvyfeuyg8MaLbCYRWEa+cNshycsPzqt/whPhz/oFQ89eW5/Wqb/r7xJf19x5/p1tqOoxRzT6jqkjz4Ku9orLDnujZ+X610tzpsKau8El5fyCG1VvMhmxLIR7963R4M8PAYGmRgegZgP50kvg7RJ50kltNyxpsSMudqj86bknt/WgW3/rqjjbd9OhvBFeXEcDStjzrlhb3iD13DO7PStuC2sLa51iK5k+1WiwKxa4feW44ye9ar+B/DMjbn0e3dvVsk/qaltPCWjWRnENqBFMQWiLErkdDSbTVg63OS/4RzTINH0V5NOhD3F6hbcvO1snaa0ZrWCHVPs2ngXt3G2IbdVxBZr2Zh03V2FxZ290IxPCriNg6Z/hI7iktLG1sYylrAkSk5O0dTRzahbQ4/WtYgsPE1pOzi4lt4THIsQ58w9B7Zq1p8txo8M+qajDNdX184LQ2oD+SoHC9a6KTSrCWGaJ7WJkmOZAR941nDwZ4eHTTIx/wNv8AGknpYLGLFEV8O3T315Jpou71psLjzNp6Jx0JrIngjubj7NFHqciEY8m7ctJzxnB/1a/7Vd7YaFpemb/sdnHFvILck5x061YvNPtNQgeC6gWSN+GB4z+Iouug9ep574eik011utQea4t7eUwtulMqwHPDL7ds1ofaNQPiG5W41WL964UW1nEHkWLsS/8ADXY2em2en2YtLW3SK3HSMDj9ajOjacbWW2+yR+TKSXUcbs9eetNy1FY861mLQtN8Q27id9WkbdA8F1MZAjn7pJ7DNdB/ZWl/8I/NFM2lQ3MJ3yusIaOJj7Z5OK6b+x9O+w/YvscP2fbs2be3161DB4d0i2t0ghsIliR/MC8n5vX3ovpYOtzhms7yCLTzp2qWsMV5chCsdkE3jB5IzyK0ND0yyGsPDNLZC8jyUhaxEUgI6ODnkV1Q0DSl1IaiLKP7WORJzkfQdKtT2NrczRTTQI8kTbkcjkH60cwNHmUobTpNTtBBdSrBdSSvdFPk5XoT61Xi0q5S60oSeH9NZpYmceZNjzQect6GvVrmytryEw3EKyRlgxUjgkdKgvtH0/UlUXdrHKFXaM5GB6cUlL+vlYbVzhLWwh/sTT7poEjuY9RMaBDlYwScge1N8SNqwtb2C11W1uT1uQtoF2jtlvWu9j0fT4rOO0S0jFvG25I+wPrSrpGnpZNZraRi3b7yY4P1pt3YktDk9GTV7hl8zVbZb5bcKYTaBX2EcYbuKxINBtY7PWopBdPc+cqNJbrvZiRk7lJ5Ga9Kk06zlkgke3QvB/qm7rxiq1z4e0m8Egnso38xw78kbm9eDQ3rf+t7glt/XQ8pR4r26n0/7NhQNqtHpQDkj73fjFdrqd2ItO0J4rW4d1k2pC0eJDgdx2rpJ9F0y4sVsprSNrdMbU5GMe/WpLaztLO1W2toAsSAhVGTj8TTcrhb9fxOajubjWfEdokrRgWBMs3lnKIx4C7u5xSvcznxPrb2MaTzpbxrGOwYjua3l0XTDpzWQs4xbMSzRjIyc55PWn2Gl2VhE62NukAc5fb1J+tToB5xpg1jTPDmqweduT7Sw86P5WR+pyfTtUTag0Nujm/ImBXgakzknI/h216INBtGsbi33SbJ5fNfnnP+FRXGgW15cxSPPMsSAA26hRG2PXjP61XN38g/4JShubm/19VSWQW1pbZkUHAdyMjP4Vyr6hJHoF3Gddt4AZW22z2+5uvrXpqxpG2NqgEY4FQxWVpbKY47WMLncAFB5pX1/rvcVtP67GN4Y1IXaGF9bt9QZYxhYodmz61q2N/DqEUrW6tticoWYYyR1xVj7Ou1vLjSLIxlQAabp+nw6baC3g3FAxYljkkk5NDd2NKxYUAgMBk1xGowyXd94gt4ITLMY0xGD97npXc9Kgjs7eK6luY4VWaUAO46tipGcPb+Hb77Zpsx0PTdOW3kV5JY5ssRjpjFULoxNomZbdrqH+223RIu4uMngDvXoeoaZZarAIb6BZowchSSOfwpbLTrPTrVba0t0ihU5CKOh9arm6v+tv8AIVrf16/5nEaLp1jqeq6xbxWE2mw7I2RXj8tkcZwwFa8AI8cxo8wmZdOCs47/ADV0s1vDcRSRSxhkkXa49RVDTtD0nS5ZGsbKOF3XazAkkj05NF/6+VgscD4u0uIzXI04WTIrqZgtoP3WSOr56n0qrc+GpoNevIZZbJbUQIZZ1sx8me4XPHua9MGl2K2rW32WMWztuaPHU5zk/jU5tLdLlpxCpkkUK7Y6gdBQnZWG9Xf+tzjNV07T7fRtPsdOWErIGkLxDAbaudxrO0/yLrTheLqUUnkxhNhXasID5ILdya7uPR9Nh80LYxoJs78d89fpSf2Lpvkw24sIvKgYNGgGAp9ff8aE+ordDjtH3TavB5iNbzG5a4VZht82M9Cnqa9BC7hkk5NV5rK3uZYjcQo7QtviJH3T7VY2sPukY96G9A63OF8ZWjy6zZyw22qbtu2a4tG+UJ/dx3Jq/Bp82mBNT0e3d0lZRNayL84Tp8voe5ravtAstUuBJfCSeNVwsJchAf72B3pJtCi/s+Oysbm40+KNsj7M+D9MnNCdlYGrsxQs1z4h1pbe2hlmRYSiy8AHB5+orEsI7m1bWbqWYTX32loTct8sUC7RubHY4/Ou30jRINISYpLNPNM26Sedtzv9TUraPp7pKjWkZWWUTOMfecdzS208rfkP/M4Ka32aDd3wBVJPLhtlJwzLuGWx7nmtjXLGWPX9IGnSxWUrK5aZowwzx1B710DeHtJfURqDWMZugciQ54/DpU2o6TYatEsV/bJOincA2eD+FO+wrdDl5Fu9H1R9QvZp9Wnlh8pBa2yqq/Xmp/Bd1LCjaPJAqvAhlkcNnDM2dp98GtEeDPDw6aZGP+Bt/jWjp2lWOkxNFY2yQIx3MFzyfxoTVv6/rqDVy5RRRUjCiiigDifDWtz31xZxSapYXgubNrp4bdNr2jDyhsJ3txl26gHIPbgdhB0asvTftf8ApP2j/Ved/o3T/V7Fz0/29/Xn8MVqQfxVclZkxd0SBcHJOTTqKKgoKKKKACiisi98RWmnyzx3SyxtEAy5X/WAnHy+tAGvRXOXnjnQLLAkvNz7whRUJK/Xir1v4k0m7tp57e9SSOBd0hwRgfjinZ2uBq0VQtdXtbvTPt6PiLYZCCRkAeop2n6pa6jaxXETgCUZVWYbiPpmizFfqXaKZLKkMbSSOERRksTwBWZpPiKx1maWO38xWTlfMXb5i/3l9RS3Hsa1FVr6+g0+1e4nYBUGcZGT9KyrzxVa2xs0htrm8kukLoluoYgD154o3A3qKwbLxPHdanDYS6dfWksylozPGArY68g1eh1i1lvry0yUe0AaQtwMYzmnYDQorNg1uzudRis4C0jSxGZJAPlKg460mq6w2lmPGn3VyH/ihAIX65IpAadFcg3xAtEjldtM1ALE2xzsX5W9PvVq6Z4h/tKbZ/Zt5Am3d5soUL+hNOzFc2qKqz6jaW9vJM08ZVFLEBxms6HxVpkstojSeWt2m6J3IAz/AHTzwaSVxm3RSKyuoZWDA9CDml6UAFFZ9jq8OoXdxDbxStHAdpn2/IzdwD3xUljqUF/BLNEGWONipZhjOOpFAFyisMeMPD5l8oapDv3bcYPX0zitc3MCkgzxgjsXFFgJaKyrfxBYz6nPp5kEc8Q3DewAdfVTnmtAXMDAkTRkDrhhxQBLRWbqWu2Ol26zzzKYi4VmVgdme556VcS7tpMbLiJs9MOOaAJqKia5gRtrzRqfQsBVGw16wv3uI0mVJYH2SI7AEeh69DQBp0VXuL2G3s5bosHjiUs2w56Vz8XjRJ4lli0fUWjblW2pyP8AvqhK4HUUVi6V4kh1S/ey+x3NtMkfmYmA5Gcdia2qbVguFFFZer+INN0NFN9PsZhlEVSWb6AUgNSiuaXx74dzIHvxFsUNmRCucjtxUun+NdB1IwpDehZZjhInUhj+lPlYro6CisKfxFPDcPENB1WQKcB0iBVvcc1GPE9wSB/wjur8/wDTEf40JXGdDRWdqGtWumWkdxc7k3sq7ONwJ9RUF9rr2k4SHSr+8QqGEtsgZfpnNKwGxRWVp2sS38kiPpV/ahF3Bp4wob2HPWq8/iqxg057sRzyFJfJaFF/eBvTFOwG7RXNT+L2toGnn0DVo4kGWdoRgD161q3msW1lYQ3cu7ZKVCADklulFmBoUVmajr1jpkcctxIPKZgrSKwIj9256VPPqdrDYy3YlWSONN58sgnFLpcN3YuUVySePLaR4UTS9QLTAmIbV+YDr/FRF4/sZQjmwvkiaQReYyLgNnHPNVyvYV1udbRWLrHinStCure3vpijTnqBkIPVvQVVuvHXh+1WBzeiRJX27kUnb7n0FJK+wzpKKz9O1zTNXZ1sLtJygy20EYH4io9Y16z0VI/P8ySSQ4SKJdzH1OPSk9NwWpqUVDbXMN3bJcQOHiddwYelYt7420CxD+ZfBmRtrKqMSD+VFtbAtVc6Ciuak8e+HY5oI/t27zv4gjYXjvxWjH4g02fTbi/tZ/tEMAy+xTn6c02mldgtXY1KK5xPFUsiB08PauysMg+SOR+dW9K8Qx6nfTWTWV3aXESBylwgXIJxkc0WYro2KKzrvWrOz1O30+V8TzgsoyMADuat/a7Y/wDLxF/32KQyaiqV9qcOntAZ1fypW2mUDKoe249s1mt4z0SOAyzXXlfewrKSWx6YoA36KwdN8Y6HqhiWC9Alk+7G6kH+WKsx6/azSXsUCvNLa8GNMEuf9nnmm00FzVornf8AhKLjGf8AhHNY/wC/I/xrVi1S0kuI7VpBFdPGJPIk4YCizC5dorGl8S2Mc19EpaRrJQZNpHJPYc8mr9vqFtd26zW8qyhl3BVYEn8KXS4eRaoqlpmqQarbtLCHUoxR43GGQjsRV2gAooooAKKKKACiiigAooooAKKKKACiiigAooooAKKKKACiiigAooooAKKKKACiiigAooooAKKKKACiiigAooooAKKKKACiiigAooooAKKKKACiiigAooooAKKKKACiiigAooooAKKKKACiiigAooooAKKKKACiiigAooooAKKKKACiiigAooooAKKKKACiiigAooooAKKKKAIgu4HnkGnocj0I6imKCjc96dIABuBwaYCIMoRQAUbA70KWUYK/iKU/OuRwaAG7fnwec88U7DL93BHpSquCSepp1IBhBbGeBTsDOe9LRQAUUUUAFFNZsYA6mkJZfvHIoAUuB7mlVtwzjFAAA4FNj+7+NADzyKYw24I7UvzE+gpSMjFAAw3LikQ5X6UJnbg9qULgk+tADXII2jk08dKQADoKWgAooooAKKKKACiiigAooooAKKKKACiiigArxX/hb/iD/nz0z/v1J/8AF17VRQBjad9r/wBK+0f6rzv9G6f6vYuen+3v68/hitOD+KszTvtf+lfaP9V53+jdP9XsXPT/AG9/Xn8MVpwfxVpU3IhsTUUUVmWFFFFABXCa8bbULm5jv4NVl2EeTstCY48HO4ep967uuT8SaRr2o2Fz5d4eGHk21sdgkXIyHJ/pQtxo5SXW7vXzLGryxW9tMGjCacXbjoWOat3OsR6v4cD3PmXsC3cYbZZmIOM8qBn5jW7N4Tn1i2H9o+TayRlWt/sjMpUAfdk5+al1DSvEM2lxwj+zjNHcRvF5KsqqAeS2ev4Vd1t5r9CNTAXT7bUdfmt9Gsp9Oh+xhp4JYjGZwG6DJ4z0zV2az0XGlXOm6Ylrci9WN1wVZDg5B9q2rCx11PEcl/qQtZUFp5cZtsqM7s4IP86imTVdZ1WxEukNYQW84meVpVbfgEYwKE9V/XUb6/10MjxDe6nc6olrNcSQ7Pn+xQWhuAy9i5B/SqV/f6lJHHNNdXNsbc7kmTSGUoPTOeldPfadrv8AwlMl9phtI4WgVC9xkgkegHNRapZeL7vS7i387Sn8xCpVEcE/Qk4pJ2ihtalHxE15e+GftN9pFrdoiB1uGm2YB/i29vpWZpyi0vdMl/s+3sojZysGhm3iTgck9q6m90m9vtM0vSyvl2yqhu23DooHyj8RVa+8Nzzai9naKINKuPnuDkdf7qDqM96O67iWyb/r+v66mZpcrS3Hh0wOskq204HOQGweCapR6VdefrBurwJeqVWW5eTAEbdQfUYNbVhZa3Zypp9vp/2eBLnebwSIQY/THXmrjW2oWOrardrpf22K4KhIxIo3AD3pt3173/z/AFsJX/L+vwuclHFoVv4jt4YfE90lrHalRKt1gqcj5QcdPatbxF9gaz0yNL+3v4438wpe3e0yqf8Aa709oNTOvpqH/CIr5KwGIxebFySevpWjqa3V/pAhbwy4aUFGVJYt0a+xPFDbsv66saSu/wCuh57HJp98mowRaZpcLm4BSSS8wFHHC+o9/eus8MDTn1mVNmm28U1v5P2e3uvN80564qKLwl4jmsmht72G0t2XYIbyFJHQezKO9dHo+nyQ27WD6THYmGPal5DtO4+qjqPxptq39dhb2MfUdB0nTbS/bUtP06KDafs9wCVJJ6KRnr71z+hRWl5a2emDw7ZnUmG4zT8K0efvr6n2rrdS0M2MTNa6VLqt5OhSS5lmAI9yDx+Qq9b+G4Ljw/ZWeoR/6Rbx4WRDho29jUp219P1G+nz/Q2rS1is7WO3hjWONBgKo4H0qnr9y9noN7PGcOsZwf0q3Z272tpHA88k7IMGST7zfWkvbVL2ymtnHyyKVNRPVMqGjRgPbQ2XgQYuLiBYofNaSBtrk9evvWBpFh9jOlx2Or3c6SwST3Efnbo9pBwcfWt/Tby+i0WXThYma/tP3W1xiNx2bJ6j2qpYeEL3TJ5dQtr5ftdypFxAR+5weyDqKuT1k+jJjsk91/X9epDMif8ACv8AcEXPmDnaP79WvEvhbT7my/tCKwR7qJ1mfGcygdVP1qk+i+KW0L7Cf7P8jzAfKAPmbd2evTNb1xca9PM1tY2UFsqY/wBIuW3q49lXkH6035d/8hR8zB1DTfDEukwtYaZbSXV6NkAQHcCep/CtGfw34c0zRPJvFitY3VUml3ld5HPJ+tQw+DLnS7yTUtM1Rzfy/fW5G6I568DkfhW1ZS31272uq6ZGFjH+u3Bo5D7KeR+NJ+TH1OCurXQ4xLKuqeH/ACVyVT7KXOPT73JpdCh0G7RpdWudIhAkVrU2hMcmB3bnjPpXTeItOnvQ2m2mgxeVIV/0wFFC85PHWuhTTbJUUGztyQAM+Uv+FNS0uJrWxxOr2nhuW7kmt9T0xbmR90rXY83twByMVgyjTl1GK2t7vw7MMhpna3KKq+xzyfavTr+2hgtXmg0mG7mHSIKqlvxIrL8PaNiW/vL7TIbdrmQMsDBX2ADHUcUov8ByKUEVhBpl1b+GoIb+CYk3CLdbBHkds1k6Xpq3lhHLbeC7VoeQrSXoy2D1r0JLS2jjdI4I0Vxhgihc/lXKal4Y02xZBZeGnvA2S3l3RjC/gWoT1C2gzTdO1DTNR+1Wfha3tmdRG5S+BG3Oc4x1rtB05rkPDehy22ty6h/Zr6bB5PlC3a4Mu5s53dTj0rYttTvF1h9PvbMqrZaC4j5Rl9D6Gh62Ql1Zr1yvjURC1hkF6lvdK37sPMI8jvgkHBxXVVl+ILW4udInFlFG94F/dFlUkH2zUPuWuxwFpqdskiprc1jcxGJ4UVpxKZCxyN5A4AxjNXNIkW21KJrfUNMmlmHlQRCQf6GD2X+/RHpmvCNd9lqW/HzbZLfGfyra8N6dqkcl41/bbBhfsxuRGzKe5ygrV2V2RuCyeIX1GWwTXLNriKPzHAsjhQffPWs+z1jX59OhvLnWLK3WaZoV/wBEJAIJHJzxnFbiW13oNjm2sX1O8uHLXEiyKhJ9ee3bFJo2gkeFjp2pRLulZ2ZM52ZYkc+oqb6MZy3jiBvIsYLqC3v9UMgaSVV2Dyx/D14zVuTU9SsbGVdNltrD7Nb+cbB7Yt5Y9C+e9a2oaBeHRYoU2XN4sqZl6FkXpnPeqd9pGq29nqMSWf2+71LKvOsgRYlxgDB5IFF9Lef+QdU35E2kX2uak0sQ1i08+ONWaM2hG3IyCOeRzWXfXcknhr7fdxxvdi/CTPbx4MuwkA49a6WHQ7i3v9PvoZUR4rYQXKkf6wAcY/GsOw0TxDBcuuY41eWR0ZiGSJS2en9/0PSnfXT+rMS+HX+tCfX/ABRBceH72EabqqF4iu57UgD6mqt7LeXPiLQbSaHGmBCvzf8ALVtg/Sul1Gw1P7HB9hvi08A+ZZwCs47hqp6ja6jeT6LerY7Xtmd5YfMHy/LgAH3pK116jd7W8mZ+k6Jo11d6laahpFl51rJ1VCAyEZBxmnaHp6XOn6nNYWdjZI8jRQt5RYMg6lhnnNR3x1qa5uby18O3EV1PB5B3XSbCM9T71d0671ax0pLNPDUyiKPaP9JT5jijXl+X9f15j6/P+v68jh7uzW6s5BZWsczBsB4NMZeQecNuq9p9khvrO2ENtbXEh/dmbSmUbgM9d3WrenaFcW9ttvPCM885Yszrf7Qcn0BqU6Xe2+qWN9YeE5oWtnLOGvg24EYwMk1adiWr3LGsXVjaaqNMSP7ZfXWGvXKb2CAdFHY+gp8+o6TFDczHRtVlleDyy89mSMCteTSHbVdOvoLJYCWL3HzAsCR3Pem6jBe6alzHptjc3y3e4lTOqrET6Z55rJ/DbqUviv0M/RNdup/DMZs7OVZooyZZ549iBRnkf3selYljf6mkkl5Fe3V1JN/y3fSWbj0Bz0rtbHTri38IiwdQbgW7JtB7nPGfxrM0qx8XWmmQW4m0pAi4Cujkj6kHFW2uaRMfhRlaDfalBrMkEEzyNMPMNlNaG3XHdlJPFSalrMkniSWzl064kdfltrVov3cp/idm9BWrZ6drx8VwX2pm0khSBkD2+Rgn1B5rMvLK9bxHc32nDWJ23eXIyyoiLj+FQw6e4pbtfMfRjbG31TWtTkv4r2ztnjGIrOe3DtCBwW7YzVr+1zJ4RlGquTNPO9qGtIMliDxhfwq3rF3pmn6ja3lzHdpepEeIIWfeCPusQMHms630jV5fD2nG0iSO5F8bkCfoiHJyw69+lGjVun/BGtHf+tiCzOni0uA+seJYPsUQeRZXMZ2+wxT9CvLK014zpNq80t9FsgF/ERkjn7/pVi70XxBdDVzeLayyT2gihMBKqT6HNPj0nxI+oaI98bKS3tSSwgyGX5cc56/hTTu9SWrLT+tEc3c2sknifUP7b1HS45ztKC7i3hVxwF5FSLY6dd+EdYujaWMk1s5SK5tkKBueo5rp76zvLLxFc3sWiDU4rlF53oNhHb5qzL+z1a/dg+j6jHakgmzjuYVjOPXHNJP3Uv63KfxX/rY09TnCWOn21wl/JbmJTLHaQF9/HQt2HtXLf2w1g8WhaYk8MLq5bzdPLOMk8AZ9K6jS9F1yPT/Ke8W0WdjJKEy0sZ7Kp6dqqaR4c1WWwNjqUUIti7+bJI5a4kyeGVgePpR1ZK0SKOgamsNx/Y91O88EcZ8yJ9OMZUHuzZ4rL0B0t9Q1S9g02G0jDM8N4ylxAvoV967PS/Dt7peLFZbSbS+jGUMZ3Hu3Q1Tn8N39zd36fJFYyzrIUB5lRf4R6Zptq9/L9QtpbzKMuv69BdtHLqtqtuIFm877Ec4Y4GVzwPet2/8AJe0sIL6eOXUZ2xb3MUP3SR94DtxVey0y81LWb24vtN+x2slmLVY3kVy3PXjpU+k+Hb21v7e4v7uKdLWEwwKikEDPBOe+OKTs9H/W49d1/W3/AATz3+zbK3j1eKbU9OE0c8i4u4y0z++7NdZ4HtLGOZZIbzTJ5RF922i2yL9TmhPDeuu2qRpHpccNzcOyNcRF5MHvkVs6LpuraWyC7Olm3jTDG2hZZDimpaa9l+QSWundjbE/ZvG99bxgCOeATsB/eziukrntAhlu9SvtZmjaMTny4FcYYIPUfWuhqdkkHVhRXK65F4lfXrdtOdxZgr9x1Cjn5t4PJH0rqVztG7G7HOKXS4+thaKKKACiiigAooooAKKKKACiiigAooooAKKKKACiiigAooooAKKKKACiiigAooooAKKKKACiiigAooooAKKKKACiiigAooooAKKKKACiiigAooooAKKKKACiiigAooooAKKKKACiiigAooooAKKKKACiiigAooooAKKKKACiiigAooooAKKKKACiiigAooooAKKKKAGuMrx1FJgsQT0FPooAKKKKACijpSBgehoAWimcuxGcAelA67GOfSgBQ+VJHamqoZcnqaU/K49DxRtYZCnj3oAbyfdlNKxLjABHrmgDbJj25pzE9APxpgCHKUkf3fxpyjauKXAFIAooooAKKKKACiiigAooooAKKKKACiiigAooooAKKKKACiiigAooooAxtO+1/wClfaP9V53+jdP9XsXPT/b39efwxWnB/FWZp32v/SvtH+q87/Run+r2Lnp/t7+vP4YrTg/irSpuRDYmooorMsKKKKACiiigAooooAKKKKACiiigAooooAKKKKACiiigAooooAKKKKACiiigAooooAKKKKACiiigAooooAKKKKACiiigAooooAKKKKACiiigAooooAKKKKACiiigAooooAKKKKACiiigAooooAKKKKACiiigAooooAKKKKACiiigAooooAKKKKACiiigAooooAKKKKACiiigAooooAKKKKACiiigAooooAKKKKACiiigAooooAKKKKACiiigAooooAKKKKACiiigAooooAKKKKACiiigAooooAKKKKACiiigAooooAKKKKACiiigAooooAKKKKACiiigAooooAKKKKACiiigAooooAKKKKACiiigAooooAKKKKACiiigAooooAKKKKACiiigAooooAKKKQkgcDmgBScDNM3MRkDikXIYqec808nAoAYx3BT2JpWXjI4IoC/u8d+tKrbl9+9ADVPz5/vUsnY+hpFXcp+vBpdrH7x4pgKw3LR8xX0NOopANVcck5NOoooAKKKKACiiigAooooAKKKKACiiigAooooAKKKKACiiigAooooAKKKKACiiigDG077X/pX2j/Ved/o3T/V7Fz0/29/Xn8MVpwfxVmad9r/0r7R/qvO/0bp/q9i56f7e/rz+GK04P4q0qbkQ2JqKKKzLCiiigAooooAKKKKACiiigDE8VXMlpojSRzzQ/vFDPCMuB3x71xieJ7u0tJZLDWJJUdwsR1OI7mPtjGB7mu5164lt7W2MJAL3KIcrnIOa4y3stRuPD0kumag09ykzf6IqRsUXdyPm6UR6jfT+u5NYa9q9vdQWlx4i0idH+YyhSx5PKkg4HoDWnLY3jeLI7ddc1AW8sTTbFcbQeOBx0rK0+3u11a2tLtL6187/AJ6W8Gx8c4OBmk1a30HT/FiXTLPMPLZsQSO/73IwvB4+laacy+f5GbvZ/IvX1he/8JJa6ba+INUBkVpZ/wB4CEUdMcdzWneQ6ho1ink67Cq7vmm1P5j9ARiucbRbmXxPp93ezSRX1+spIRj+6AX5V98V1ukzPqdrLaarZq09q/lv5iZV/Rhn1FTryr+upT+K5zFrq2uIbnzvFGhYZyY9xzx7c8Vf0C81y4ESS69pFzs5mSMbn2/UGptNsdLj17WzPaWaRI0WC8ahV+X36UtglhL4zkNgtuYorYB/IVdvPqRQnt6fpcH1/rqPudRv4lkaDUba5jvGMVmIlyyt3OehA61UspvEr2k6w6zp9y1plZHe2YEsBnrnmm3GoWGmwa3dWWnlJoJfKDxqWG8jqFHT3xWdp2uw2U8NhayzT2s9s/m5t2XbMRknJHTrSW2n9aX/AK9UN+f9f1/mbCazeXejafc/bbaDUXfP2dn2rOO4Ga5/xJrstlqcz213rs6xti4itiFSFsdAxFaEjWg8GaPNciBZvNQozgbhz2JrH1fQtQvptdu4LZHi8/5SzyBm4HKgcEU+r+f6C6f15m74MvZ5tQkW81bUp5ZI/MitrqLaET6/xH3rQu9T1dPFM8Wn2bXsEMKiSLz1jCseQea57wrFPba80qWplMVmAyx+Zyc9Mvxn6VevbZdQvXvLjwhqXnyAB2S6C5x06NVS+JCWzv8A1sbn9reIf+hZ/wDJ6OqGs6n4jgFtIotLCGdSjCUGQxydgWHHPrWHqOmW8elXUp0PUbB0TKTSXhI3dujGt3UIYkm04Zmlur2DyTATmNwFzl/QA85HNS0NM5dfFPiZUutPF3HPPAMGW3tmlJbPTI4ro9A1/Ubq1mvLq8jnt7UbZo47N1lD+gz1rnUutQN1LCsX2A2uYAdNmjVZB3LBznPvW94R1a8MNzHMttBp1nlWlkkzMx/vMR8pp/Zb8hNWdija+O2g0ZpGeaS5+1hQJ4iC0ZPRfUgdqmtfGd7/AGtqrw6fd3dnGyH94RF5IIweD71mR3Yu9EjRbSUrHqaMlw6YGS3QZ5rVvbLU7jUNfWIRR2jPG8rzBgSqqCdnbtS0tf8ArZFb3/rqbOrapNPf6ZYWUxhmn/fy4PIjA5H8qxLCa3u4XlvPGF1bz72DRC5RdvPoRT4oUn12w1TTVxcXdo2wXJO0AdM47Y9KwdZ+3QXVpFDpeizrFcBi8CFgX/usT1oS1t/W4tbGza6ld/2HrQh1ie4SG7WOG6LhmCnGcHp3qrJr+qaPbSNb6jPdmeTFqLmEyl8cMAVxirM8U1t4evbpotLjtZJUkkFkGzuDDOQen0rNuLcalCItPeJbJbxZYxdSmEAFTuPZsZ9KfW3p+gdF8ySPxV4hsJoluJ2eCZyzyy2DjyieiAd/au8utesbAWC3UjI962yIbDy3v6V55a2kl1cRTI+mxi1vQr7b5yxCnlgGOMV6Lf6lpdpJZLeyw77h9tuWXdub2NN20Frc0qz9c1KPSdIuLyRguxcL9TwK0K5/xjYRXugTPMWxBiRVHQkHvWT2NI7mE3iHVp9Fk0+xjme/iBEt43IVepYe+Ogp/hfxJqms6rHbw39lfWkKf6S4haORT0HBPPNZt1Y6ha208skjw2tzJkJzskGBgkryD6dqfo9vaS6nb28tkZCWEm6NsSKw/idk+Uj2rVWbZk37p0GsXPiTS4Zr37Xp7WqOD5ZhYNtJx1z1qlH4l1Nr3UdRtLJr3TIv3Y23CoFK/eOD1rOl03R9Tlvo9QkuZLyS5KRxwysWxn+70A+tQ6tJb6XqTaDp8iiyv9iSOvK2+Ou5h0J96mOqXn/wC3o35bnR6h4k1GHws2p/Yo7GVpEVBPIHUKTjccVTGtakyjPijQAD1wOR9Pmq94qSFtBsrKPbIJZ4kRRzuAIz9Risz7Q817dRQWnhmCOCTywLoYc++BQrNv8Art/mLor/ANf1Y0dLnsLe8DjxU99IwI8iS4VlJ9gKoQ+JdZjuZtWn01zpMhWOP/SFHlgHBYipNMuy2u/YZ7LQ3zA0qzWC5KkeuelYiwsfDsLN4gLKZxmxOzH3unrR1/ruHT+u1zft9d1m6vbjUbHTXvNMKbYf9IWMHHVsH8qh1vxTdLpFreQXNtYiY7JIJjmXrglT04rYl02WyEt3aTLHaSQMZ7cj5Qdv3l9DXHavaRX3hfToGtlaAMHaYrzkt0B980K10vQL6c3r+RoatqOtwlbOx1N2sXjBjvo7Zp5Ce+SvFaPhzVddvtSeO7dGsYYwWle1aJnP4muUmsodLnvIVDyxxTCOMu8gSJfTalaWj2iXV/ZDbNbrciWN9sshWRdvUB+RTWq0/rS4pab/ANa2NH/hKJFi1fWI7hpLaOQW9pABkMw6nHUnNJa+M1GssJ01Bo/IXMa2jcP3OOuKbpelTiOaLTILJjaXWU+1bsLxjI296dEfFH/CU3AX+yvP8ldwJfbj+dJW0/roN9f66kniLVLuaaH7NHqFvbrEJGnW4W3Tn+E7h1rnRf6wb9l+3X/2UQiTd/aMeOuM78Y/Ct7X31RJ7O3nuLiW5ulP+i2cSNH8vJP7yueW91VUczR6j9hLiGMLBBndnoRj1pxB+Z1vhO+u5LmWCdL2WN13pcTXCzJxxgFRSW+ra2dY1I2mnNf2qS+WhNwsYQjqADVfQri/txdnbqM0lphTp7pEmd3IIK8VUm06Ge4lnbwfqaySsXfZd7QSe+A1D+IS2OgOreIcf8iz/wCT0dZmpa5eSa2+nS6laaVbiJWcu373J6hW6Vk3mnQwR20sek3+nT/aYwhlui27nkYDGr95f6RZ+Nr0anEkpaFAimDzOePY4pWV18/yuPo/66ixxT3uuQafa+I7+S18hpPOilUljnucU+3ur+007xFCdRubh7QsIZZSCy8etNi1C3tPFCXc1m9jAtq37sJk4yOcLUMdwtxpmv3kav5F5NshZ1K7ieOh5o3X3/8ApQdfu/IpGPxKNPR9+q+dJFuj/wCJhHljtzwuMn6Vbn1/Vo4YLSSVopEWEu5GHJI5Brn59Ns2lglvJJA6l0LtOV2kR8Y545q79ku/sFvfzKxhlEAWVmyWOKpWbXyJez+Z03iPXdbtENnZaUTLcHyre4E68se+3qKks9W8QRW6W76F580SgSMb5Mk+p4rO1u/0u51iK4XW76yubVTGBFaswGevVaxLLUoV1S+b/hKNRj3EfvBZ5L8dxt4qYrQqR215qd2NKjF3aS2M9xJ5SiOZWZPQ5HFY+oainmizuNV1cXNqMStp8J2t6Z4PNTXeo2+o6dp5t7mS58q6VXkkjKEn6ECs27sfO8Qamz6FqF7lhtkguDEvTp1GaXV/12/zDp/Xn/kWIZZFXTtQsNc1O5hmm2GO5YYPsRjirFtrevt4ru7c6UzRLCCITcrheeGz71VtrK507Q9Gt7iAwSi7yI3bcRzxk1Ja6RJe+Nr8ancNI/2fcqxEqqAnHGOTx60+v3/khf8AA/Nj7nXfEa+JbOEaMyK0Lk2wu0Ifkc57Yrak8QvY20b6npt1BLISBHAvn4A7krXDS6bpNtcT6ZLEZtUEmyC5N220Ke5OeCPSu08+Tw/p1lpVrFNfXjJtQtkjjqzMe1GnKrDe5j6n44tF1fT4kbUIY23+bGbZgzAjjAPXmtHQtcDXRs3kv51c/unuLRlZfXc3Sql7pTHWdHF9J5t1M0hkkU/dO3gL6AVr22p3VjeJp+pwuQx2wXSAlZPQH0NCtb+u4M0tSufsemXNxnHlxls/hWd4Svn1HwxZXUs5mkkUlnbqTk1R167Gs3qeHbM795DXjr0jj7rn1PpS28kXhbVDZy7YtNujmCTosb91PoKUV+O39f1sEunkXvFUl5FoEz2TXCzAr81uuXAzzgfSuY+0w4/5C3ir/vyf/ia2/Fds19Po8AE7W73P73yWYfLtPUjtWJPF4ag8RppjNIYSmWmF3IQj9gSDgfjRAcv6+82tAuL0+Hb2WeW7dlkk8iS6XbIUA4JFc9Z3bPZQy3eseImmkBZvs8e5ByehArS0eGGC41+OzleSzWMCNjKZFzg5wSTWZ5cs+m6FH9hvb2Hy3LRW0pj5yeScinu/u/Ji6ff+aC+vHi0+eaz1jxEs8QDL9pj2ofmAwciut1bVbnT9N0+aEI7zzxRPv9G6/jXJTWN3a6Lrkj2N1Z2jpH5cVxP5hzkZPU4rQ8Q6PZ6p9niFtIbp4lL3LSsscCgfe64zT7eof8H9DQ1LVNWtvFkdvY2zXkRttzQeaIwDnrk1pC51e50ud2tYtOul+55sglXHqdtcXdaNoNnrCtC02ol4AkdvbzuzM+eSXBwB+NacfhW4stB1KVZmgubmNvl85nEKYztGe/qal2Uf67jXxf12KD+NNSgsyZ7yzmed2iQ2cTMYOwduf0pNK8YajaXyW1/dPdWcK/vrj7E6uD2B9PrWIZrS50+CKytnkMiwxMkaGMyPjkA9z70r2aK2rEaFqKbCvzNdZEP+9zzWiSuRK9j0KTUJJ9agfTNRt7hCoE9mZBuA6hh6GpNYvZrfWtIgjmZFmmIdR0YYPFc/qM0emeItJntbITXMlpgJEgBckdWPp9aW/wDteu6kmo22CNJTdheVeX+ID1wM1GisVvc7uiqun6hBqNhHdwOGjdc/T1B96LHULXUoDNaSiSMMV3Adx1pW6Dv1LVee33ibVE8Rzxx3Mlon3IraWyeUOB1cEV6FXBazZ3Nt4stnm8Rz26PDIyuUQbBkfKPWiPxah0Zoax4kgt7OyRdYtRdC4jWfy3A4z83HUCp9Z1K0vbaCS11SdLcS7JZ7GZfkJ6buvGaq65Y2R0zTZRDDM73UW6ZoVDSc9Tx3rX1n+zNK0O6320SRSKV8uNApdjwAAO+aHovn/kKOr+Rh6fe6np1/qMUM0+rRJJHHELmdUOSuThiMGlj13Xj4sWCbSnig8nLw/aVIUf3vf6VV8N6V5uh3OgXwaG/UiZXJywB5Ug+3Q1qWySp41iS4ZWlFkA7Doxquq/ro/wBRX0f9dV+hVt/EN7ZwXV5Gy6rYPIEtirhZFctgo2emKYNf8RDxQ8P9jOVFtu+y/akwOfvZx+FVNWaCa11I2kUdjCL+NDcR/wAT5GWweKg8h/8AhLZE/wCEubP2PP2jMfPzfd9KS7/1sN9f66mjrmsalqXh2C7sZf7NkFwY5Ua4VDx1AY8VyJ1fxBA1rBPrcjzyF9zR38ez27cf1raCXA0azP8Aa4is/tMomY2vntKc8MMAgVj3Yg+0Q+ZrDveb3+zOumhY0XH8Y25Y/Smkkw3SOh8JXerm+P8AaerrNGsJMp+2JIM9iAOlaMuu6hb2DiG7iucy/ubqGEzqyejBehFUvD0EkutK0esRz2aQk3ET6eIix+u0fLUe+OTwzrMemqz4usCK1O1iM9sdKJb/ANdxLTX+tiCLxHe6jez22oXmowiDBRtOtWRmz13A5NS+J9bjhtbSS21bWLe4dUAiWPGVzglgR1qvfaYsVlNNbeFtVt7kqP34uyxHucNk1P4jOPE2ltNHNMq2qO8ayKm4g55Le9Flov62GurDw9qEOoW063fiPVoZgrEtMRGqqGwCCR1rS0rVIbHUr8nXptQsYIBIzySB9h9sVyN2N11cxss3klAyxTOjhd0gJA29vrXf3Vnokepx6e2nIJb6E7vLXapVfXFD7/1sJdv63MK18Y3dvo93M8c00rXWy2Yru3qe2B6VPpXjNP7U1IXKajLGHXykFqx2fLzx25p2iWVxNp8sthFatdW17J5RuS21RwO3eotG/wCEm/t/WPLGmeZ5qedu34+6Pu/h60o2/D/Ib2f9dTuYZRPCkqhgrgMAwwfxFPqON84R2TzQoLKp/wA8VJUsaKmo3FxaWUk1ra/aZV58vzAmR9TXIeFfE2sajYXTDT/tjxyvjN0gI54XHbHrXV6vHdT2RgtQMykK5J6Iev6VwugwQaVZRzafbyvqBuZYI1QfK65P3z6DrmnHqEtlb+tzRufEuu/8JLZ2S6OyOY2Z7cXSEMPUntipdY8Q6vb63JZ2xihijgSRgbdpmyT0+WpItOew8SaW9xIJbuZZGml9TxwPYVS1pJLnUtcmtTKSsUULeVnOd3I4o7fMX/AKR8WavJqa2FxPIsDxl2kt7CRZRz/CD/OtCW8lGgslpqOrBjOqtNdJskAx0XIqmbHw5HrsNnIpybTc1ybqTKP/AHC2cD15q3p9u1x4L3SXWyK3uXcSTsWygJxgnrVO1v67hrf+uwnhy+uZPEMEY1C+ntpIn3R3ThsEdxgVa0bWdckur2NdOa9gS6KCY3CpsHpg+lc1bTTW8a3SSHTrqONtqSj5mVv4xnjFacccmiz2RsvEjXYvJwZ4SUO7I5PHIppXa+753E3a/wB/ySOl1zxTY6Qy2puIft8nEcTuAAfVj2FY9n4jTR7ndqWvWl/b3DDLRyDMDegH93+VQXthbr4mk05NQi0+3EPm5kRHZ2J/vPzUOq6fBYaXcXVv4jtpZYk3LH5MB3H04FTG1rlNXdjp/EWsS2OhLe6c8TtI6KjsCy4Y4zgda4qbxLr99qDWq6g9uLchy0GnuTJ7Eelbmp20cGhabBaJie8uYpduTgkYJIHYfSsrWI7ltcm/tWPSbSYrmOZ7mVPOQd+D2oWj+f6IV7xRZ0nxdq91estw6mKJyGSOxkBYfXOAfrUH/CU6t/ajSvrGl2ltcZ8uGY72hx2OOhNa3g9b2TS7sJaw2to/zW88DszS5/iG/wDrXP3K3i3q2lxbaoJp87S0Fvh/+BY603vbyBaq5JD4p1iSeK/bX9JigmJiML5IjweHx15rp57vUJIbOza+jF5KplW6thiIgdiO4xXGGw1PTZ7Kxgsb9YpSw2yQwMzcZ4P+NdPBFcRahpa3LTGXyJPlmVQy+3y8UStbQWpSvNcsbqR7k6vrsSINrm1hIiBHUjg1oWLXFpqpWPVr27t5rMzL9oYHB7EcVmWV1qzeF7nTYdAvJDIXVZd6qDk9cHnFaSQyQalbQySG3kTTvmYYJTHXrxUvb+uzKW/9d0cjFr2qNHbyHVbrfJPsb/S0PG7H3MZFaEk+uyXMs8NzqjWK7wFN7GsjbTgkDHSoopZ5tSjNhd3F7AYjLI8NtD5kZDYJbjp9OatW1tqBU3aWMk1nGksaShcM+853bTzgYqnotPP+vwJW/wDX9dToLfUJhJpv2O/Fw7xjzrS4mXzGH9761nnXvEQ1zU4hpTsscGVi+0riP/az3+lPvI7O2m0CPzIUusEecEAcDHB55/Oqllo2q393qmoRazfJCUMaO0Khpsegx07Una7+Y47L5G3oOtam+hm61DTpQETKusgdpTn0HSq8eoGV76PVtZOnzttxFHIFFuOw3Hgse9Gh6RrMOhqY9Xm8x49qxzxACPnqMc5qXwjp0B0u7hulS7ZbyQNJOgYuQeppu12JPRFVBpiOrnxvdMFIOGu0wfrxUmqeJIjqSJZ6gHW1ALQRON9w56KPbHOanl0vTx4xhT7Ba7DbE48lcHk+1ZusudN8RLdxyaRsAEcUfks0kfqTtHH41N72+ZVtykx1afT7W+bWtRhludQ8h4lddqKSeBx7VpWk2q2k2q26aypW2kXE2ofMFB+mK5ybT9FlsbWeWdRcS6ptlBuSuFJP8OePrXT+FbLT01PWba2CTWm9cBn80H8TnNX3/rsT0T/rqUYdW1pb+eR/FGheQwGzJyv4DPFWNIvtfuJGi/4SLRZ5DISEUb2K57YNXV07TU8Z3CvZWixLZBiDEoUfN16U2VNMl8W6aunC0yiNI/2ZV6dOSKSa0G+pXv8AW5Zf7Yaw1CdHt7cmSGaEqUbsyE9qyv7QWGeztptW8SPLOuWeNflBxnjjn8Kn8SyXUWtawI7cmK4to4fOfhQT/CPUmsW5NqmsSWgsI5JLZ0iA82YyHIGSCvApQ1t/X9bjlpf+u3/BOhXVNasNEuZbW5kujDcBS9zGZHEePRfSsXRfHGtT3LrFL/aSeewdUtmBQHpz0A9jWzZaZdT6depZTiFYp9zwzFtrgDOGI+ase4g1fw/pY1G1n01Fup8JcQK+U3/7P8QGKa8/L8kLdad3+bN/SPEetRfZLO70p7i4uHb94LpflA65HbArtRkgZGD6V5p4fttSvdYjddWg+0/euLiO1dXlUdvmG0fhXoTahaxX8dg8w+1Om9UxyQO9ElsJPVlqsHxRe6lpth9rsbmzhROGFypIYnpgg8VvVx3jqMoun3dzKBYQXSeZEFLb8+o7/So6otGNfeLNSnZLBNRSOZMTNeWlq0kcg6lQPT1Na3hbxdcajcmDUzhpWItmS2ZFcDvk1yuyK8uVWLTbm6ijgeTy4W8kopJwSOOParGgWStc6MP7OvLTzS6m4km3K4weFGeK0SVtv6/pGcn/AF/Xqbeo6vd3S6jeQ6lJbWKXCWyOjAbcffOah1SW0tdJuLi18a3ck6Rlo1+1IdzemMUlnp8lro93aWyaebKC7ff9vLYJB46daxbM3lzrN/HcaTosUU6KrNLGRGo7YxyM1MV0Rbdnd/1qdRrmt6jHoVvFbPJBI1ukk9+UyIgcdB/ESe1ZsXivVVK2/wDaKyTKgOG0yXcR6kZqXxRaX8emaal3qLW8BdUeOyiMkagchuRnsKypb7dr0Mp8Q6rJEEwtxHZEFD6MNvIpx1v6k7Jeh2PhrUdT1V3nlvbaW3QlHRbZ4nDf8CNdLXnHhMvf3uow2/iK+ErTucG3A3dPm5HB9q6X/hH9W/6Gi9/78x/4UpIa6nQOOMjqKxPEF9KslpYWs/kzzvlnB5RB1NRf8I/q3/Q0Xv8A35j/AMKzdQ0KBdfsRdTS3T3KGOZ3OCVH06Ulug6M0Dc6lrcV4unT+RbxrtguAOZJB1P+7TE8QGXSp45JobDVbdcSC7Hy5H8XuDWNpXhrSL7WtQ+zrN/ZluoijWO4cIJB97GDU+kxD/hCpCtut3K7SRRmUb2C7iOSfSh/Dp5DW/zK1trurS6I2pWOoRXV20u2eBUMixqDjKKORUdlrHiaOaK3hu2vHnn5Nxp7oI1PXn0FYtnoltZW9jLF5pEry+bFGxTzCp4JI5qWIJc21wwgZDHGXEkMs42Edju4NWrXId7Ha6rqkj+INP0mG8MTqpnu2Tj5AOn51iXPjh5Yw4W7jX7XtQxW7ENGPfvn2q0+lRx65bGICSe9ti0jSk4Y7cYOOcVFrEXiO1s7CAppEcSTKsaxb+COnXtUrpf+tf8AgFPr/XT/AIJsXniq2Oi3N1DDfoVG0E2zBgexx6VhnxbcXPhe0gs3nbVZ8LulHl555OTx+Nbt1dana6PfPrclgimMiL7MWyTjpg9T9Ky9I1W2bwxbRXOlXEpMfkxgxcynngdx+NJdfl+oX2+f6F1vEeraeLVL7QnVJGWLzRdI2T6kCsvU/EetQatcYWyi8r5YImvkUH1Ljr9KbOmoR2+l291CYLY3YECTPulXvhiOMVnXdnez6jq729pdyR+a2WiiiZfzbmn1v6/p/mC/y/X/ACNaXxXetqcO1obVJocE3EoESN/eH94fSp7XWNQl0e5uLbUYStrKRLdTIZElGP4AvQVnaXdXbtp2nxadFep9hUqJkUrCxJ5bPOPpWrdAp4U1W3e4ilni4ljhj2JEcZ2jA6UT91O3n+YR1a+X5GHdeI/EctxZvb3DtDvy5TTpANuO+eo+lbmiazq2pag8TX9sVgw00LWbxvtPpk1yNsYfssXMH3B3uvT2rb8D/wDIf1UxbM+UmMeZjP8AwPmratdepN9L+ho2XiuW41vUILe2vbhgB5MDxFACOvJ6VVfxJry3H9rjSXWwVDFJbNdJnfnqB61WnstYu77WHuprcvGgZraMuI3Ucg5HzZrlre1hdXuNunyyTzKkenzTSo6P7Z/PJqYq9in1PQ7+e5vTp73smoaP5+VxBOuAx6BuO9VtI1PVrSO4ijSXVh9qeOJp7hY32j6jmk1C0XTPBr6ddwRm7uWKQwwSM5Lnpgtzx60mi6abzw/HpjN5GqabKCXPdhzn6GkrXdv6/wCGE9lf+v8Ahx+ma7rT+I76O802RLaNAzIJlfyvoB97PtTdL8WXFw2pfZrO9vZI33RxOnlhU9Mnv7Vc0/zx4o1kRbPtHkpjfnbu/wAK5uWz1WSy1a6u3hmMM4aW1UyBM+q7fmJ+tL/L9UV1+f6GiniTX4LltTbSXlsbrakNt9qQsr+wq5q+v6jFf2Vm1xZ6UJ4S8puW3FPYEcZrhbDT43aBYRp13cXU58q1eeVHgPfjPb866i5NhomvaZDq8UJVbVgUVGmUH2zk1bS0X9bE3er/AK3JpfMlv9OsrHxNezw3Dt5k0cqswIHQEDgVqaKLuz8UXuny6ldXcKRI6/aGBIJ+grNuL22Gu6VcpYNZWqs7KRGB5gx94KOav6HdR6p4q1DULUSNamJE3uhTJx05pL/MH1+X6HV0UUVBQUUUUAFFFFAGNp32v/SvtH+q87/Run+r2Lnp/t7+vP4YrTg/irM077X/AKV9o/1Xnf6N0/1exc9P9vf15/DFacH8VaVNyIbE1FFFZlhRRRQAUUUUAFFFFABRRRQBQ1bSLbWbZbe6MoRXDgxSFCCOnIpbfR7G0hkjtrdYTKu13jGGb3J9avUUeQGNp/hmw069+1o9zNMF2q1xMZNo9s9K0raytbQyG2t44jI25yigbj6mp6Kd2BUn022ub+2vZFJnttwjOemRg1boopAUTo9i0l28kCyfasecr/MrY6cVJZ6bZaejLZWsNuG6+WgXP5VaooAzdG0kaRbyx+c00kshkeRlwSTVbVNK1a/llWDWvs1rIu0xC2ViB3+Y81t0UbgZEfhrTFgtopbdZxbxeUnm/Nx34qoPBunrwl3qSKOirdsAPoK6KindisYtn4atbK7juI7u/dk6LJcsyn6g1ryxiaF42LAMMEqcEfQ0+ik9dxrQ59PB+nLMkkk99MEbcEmuWZSfcHrWmul2q6n/AGhtY3Hl+WCW4VfYdqu0U7sLGQPC+i+bLK+nQSySsWZ5UDEn8aktPD+l2UdxFBZxrDcNukixlSfpWnRSuBUv9NttSsTZ3CHyjjGw7SuOmD2rIPgzT2Xa93qTr3VrtiCPQ10VFAGZcaDY3CxKUePyojEhjcqVX2xS/wBg6f5VtEsGxLaTzIwpx83qfWtKindhYyp/D2nXE0sjRsvm4LojFVYg5yR6+9WLvSNOvyhu7KCcoMKZEDECrtFIDFg8I6Bb79mlWx3uXO6MNgn0z0FaT2NpIIQ9tEwhOYsqDsPt6VYop3YBUF5aRX1pJbTgmKQYYA44qeikBmXmhWl8LdZXuAkAwESUqrD0YdxVy1s7axh8m1gjhjznbGuBU9FAWMlPDemxQ3SRRvG9ySZZkciQ5OfvdasW+jafa2TWkdpF5LjEisud/u3qavUUB5mTaeHNPs54pY1lJhZmiV5CwTIwcDsKT/hGNFM8s0mnQSyytud5UDEn8a16KLgZVv4c0mzv/tlrZxwTeWYyYhtBB9hUA8H6CIlQadFlW3iTHz5znO7rW5RTuwMbUfDVnqc3mTz3ijbtKR3DKpHuBVqfRrK406KweI/Z4tuxVOMY6VfopXCxUtdNtrO4uJ4VIkuCGkJOcmqll4dsrHUDfK9zLOc4M0xcLnrgHpWtRRcCtaWFvZNM0CkGZ975OcmhbC3XUHvgp891CE54wParNFAFSfTba41C2vpFJntwwjOeBuGDxVWXw7p01mbVo38oyebw5BDeua1aKAM/S9GtdI8825lZp2DSPLIXYke5qzeWiXtq9vI8iK4wWjcqw+hFT0UPUNjDtPCmn2l3Hc+bdzvHyguLhpFB9cHvWutvCk7zrEglcYZwvJ+pqWindhYqHTbY6mNR2n7SE8sNnjH0p13YwXyxrcKWWNw6jPcdKs0UgMy88P6XfyxSXNnHJ5bFgpHyknuR3qG48Madc30VzJ5/7rbshWUiIY6fL0rZooTtsAVWgsYLe6nuY1IlnILnPWrNFAFa8sLe/EQnUsI3Drg45qz2oooAxI/C1gmpLfNJdSyqxZVlnZlUn0BoTwtp8a3QWS633R/eS+e28DOcA9hW3RRcDLXw7pAtTbGwgZGILFkBLMP4ie596sabpsOl2xt4ZJnTcWzNIXIz7ntVyincLFaewt7m7t7qRSZbckxkHpkYNTSxiaF42LAMMEqcH86fRS6WAp6dplppVv5NpFtBOWY8s59Se5qW8s7fULV7a6hWWFxhlYZFT0UPXcFpsYT+FLF4YYhc36pCNqhblhke/rV+HR9Ot7WS2js4RDL/AKxdg+f/AHvWr1FO4WMqLw7p1vO0lvE0CMhQwxNtjOep2jjPvV2xsoNOs47W3UrFGMKCc+9WKKLgY2peGrHVbnzrqS6I4zEs7BDj1XpT73w7ZX92k9w1wVUAeSJSImA7FehrWopXArWenWenIyWdrDbqxyRGgXP5VYZVdCrAFWGCD3FLRRuBRfSLKS6tbhoRutQRCo4VfwqleeFdNvriSaXz1aRt8gSYqHPuO9bdFFwKs+nW1xA0TJt3R+VvU4YL6A06zsrewtI7W2jEcKDAUVYooAzoNFtbN7t7PdC1zywByoPqF6A1Lpenx6Vp0VnESyxg/MRgkk5zVyigArPu9E0+/v4ry7t1mlhUrHv5C++PWtCijzAq3un29+kSTqSsUgkXBxhh0pLnTba8ubeedN725LRgngH1xVuigCvcWUFyH3Ltd02GROHA9jVHTPDtjpU8s8LXEk0g2l55S5A9AT0rWooAyW8N6Y+mDTngL23meYVZs7mznn1pT4Z0MjH9k2eP+uIrVoouBgnwjpojWKGS7tolJISC4ZFGfYVC/gjTJJUlkuNQaSPOxjdNlc9cV0lFO7AwE8JWKtlrrUJFIIKSXTMpB9RT5/CWlzGMxLNamNdmbaUxlh7461uUUXYHPf8ACHWP/P8Aap/4GPVj/hFdJd4Xubc3Twx+WjXDeYce+eprZoouwMSTwlojmUrYxxebH5beV8nGc9u/vT9O8NWGmXZuo2uZZtuwPPMZCo9BnpWxRRdhYw5fCunyR7Eku4VMhkPkzsmWPXOKqp4G0uN5JI7jUUeTl2W7YFvrXTUUJ2Axp/DsTzWtxb3M8Fxb4Ak3bi6+jZ61s0UUrhYKp2OmW2m27wWysqO7Octk5PWrlFAGPZ+G7Ky1E3yyXMs+CAZpi4XPXAPSmTeFrCVWCyXcJeQyu0M7KWY+pHWtuii4GfFommw2b2gs4Whk/wBYrKD5h9W9TVf/AIRjTeVKSmEyCTyDIfLBHQBemPatiincCjqGkWOqQiK7t0kUDA45A9Aaqf8ACKaIJIJI9OhikgYMjRLtIP4da2aKE7bBa5l3Xh3Sr7UDfXdnHPMU2ZkG4AfQ1FP4T0G4geF9KtVVhglIwpH0IrZopB5mbcaFZXQg8xZAbdCkRVyCoIxx71Wt/CmkwoVmha8z0N43mlfpnpW3RRcLGLD4Ysre+W6imvEKNuWIXDeWPbb0x7Vp3VpBeRiO4iVwDlcj7p9R6Gp6KHqHmY1l4ZsbG+W8WS6mmXO3z52cLnrgHpWhLYW817DeOpM0QIQ56A1Zop3CwyaITQvExYBhglTgj6Gsa28J6bbG5O65la4j8t2mmLnb6AnpW5RSA5+Xwbo7ypJDFLaOibN1rIYyw98daT/hDrI/8v2qf+Bj10NFO7Axx4Z0wwvHJE8zOgQySuWfA6c+vvVX/hDrEY/03VOP+nx66Kii7AydO8P22mXLTxXN7IzLtxNcM4/I1ag0y2traeCEOiTuzuQxzlupB7VcopN3AydM8O2Wl3T3MT3Mszrt3TzGTA9s9Kvx2VrDNLNFBGksv+sdVALfU1PRRuBjxeFdDi3/APEst3Z2Ls0iBiSevJqxp2iafpMs72NusHnHLqnC59h2rQop3YWKb6ZaSXsl28e6WSLyX3HIK5zjFFnpOn6czNZ2UFuzDBMcYUkfhVyikBVu9Otr6WCS4Tf5Db0BPG71xTLvSra7t5YcPD5rbneBtjMfqKu0UAYJ8Jad9gFmst4ke4szLcMGcn1Peqv/AAgWkGOOMy35SMhkX7U2FPqK6iindgYEfhKzjkRxe6kSpyAbtiKvx6Uiay+pNIXcwiFVI+6M561oUUXYrBTJYYpgoljVwrBl3DOCOhp9FIZRj0izjnu5ghMl2MSsTkkYxgegqnaeFtNsr2K6i88vF/q0aUlF+graooTtsD13Mk+HNNacSvEz/vDKUZyULHuRU40ax+0XUzQh2uVCyhuQQOnFX6KPICtY2UWn2wt4TIY1JxvYsR7fSo9T0uLVIVilmuIlU5zBKUP5irtFD1Ap6bptvpVr9ntg20sWZnbczE9ST3q5RRQ3cAqjf6Ta6kyNcB9yAhSjFSM9avUUAY1x4Z0+eyhtEM9vDFnC28pjznrnHWtC0sLeysUs4E2wqu0DNWaKL3Ay4PD+n2zWzRxsDbMzx/MeC3Wm6j4es9VuknuZLk7cfu1mKoceq961qKdwKjadbNeQ3RQ+bCuxCDwB9KdeWFvfrGJ1LCNw64OORVmikBFNbQXBjM0SSGNtybhnafUVIy70KkkAjHFLRQBh2/hTT7e+jvGkup5I2LIJ52dVJ7gGpbnw5Y3NvLCWuI1lk8xzFKVJP1Hateii4GFceEtMnW3ANzCYI/LRoZihK+hI61G/gzS5LT7MXvBGW3MRcMC5/wBo966Gindgc8vg6xRQq3mphQMAC7bikg8Gabb3ou0nv/P4y5umO4DoD610VFF2FjCXwnp6QzRpNeqZX3vILht59s+lSR+FtIWHZJaieTGPPm+eT/vo81s0UXAy7PQLKzmhmHnSywgrG80hcjPXrVi7023u4pUYNG0oAeSFtjnHuKuUUnqC0MrT/D1lpsFxFA05af8A1kskpZz/AMCPNVl8JaelmLaOa9jXdvLpcsHY+571vUU7sDH/AOEX0gwbDagy4x9o/wCWufXf1z71dtdNtrRYtiF5I02LLIdz492PNW6KLsLFS4022ub23vJVJmt8+WQemat0UUgCiiigAooooAKKKKAMbTvtf+lfaP8AVed/o3T/AFexc9P9vf15/DFacH8VZmnfa83X2j/Ved/o3T/V7Fz0/wBvf15/DFacH8VaVNyIbE1FFFZlhRRRQAVkah4l07Tbz7JO0zTbdxWKFnwPwFa9ef8AiNrSPxPNJcw3s7mILHHaSlCT15wRQt0g6M6iy8T6XfXDQRyyRyKu8ieJo+PX5gKlfxBpiRzSNcgJBMIZGwcKx/p715p59ncWN3KLPULa5e2YBbiXzEZQw6E85rbs4b6bT9YFjFDPi5/ewS9JE2jIz2NVb+vmJM7G+8QaTp0Mkl1qFugjXcy+YC2Pp1pbXX9IvY4ng1K1fzQCi+au459s5rjNV09Zr62t38NSS6fFGsjPFsaSRv7pYnO0Vbs50GvxB/DItbSUBUleCPdE/bGOx9aEkDeh0s/iHS4LiO3+1LLK7bQkPzlT746fjVD/AITfRTuKtcuoJG5LZyOPfFcZ50mm/EOWJdRcKV2tLDaoNzH+A/41bjn1fTPK06B9biSQuIY/ssTZ6k4OaErpPuN6No9A07UbbVbJLyzcvC+cEgjp7GrdYfhS3a00VLd4LqJlZiftIAZiTknA4rcokknoJO61EJCgkkADqTWOPFehGOd/7UtgIW2vlwDn2HetggMCCAQeCDXj93YS+drHkWMxt1uDkx2sbIPX5jyPwqVq7eX+Q+lz0K58ZaLbSCM3DykoHzDEzgA+4FXRr2ntpcOpCUm0mICybDxn19BXGJbSLq9ylpqqaWosoyVCKQ/y+9T6CzND4bt2ctDJBOJEP3X+o71dl/Xz/wAhJ9f62udJe+KNNsbjyZTcM2AQYoGdSPqBil0/xPpmp3n2SB5hNt37ZYWTI/EVxb6x4kGn3N1A+oCOLf5ZitYjEAuccnnHFdDazy3et6PPKwMkun7mIGAScZpW0B6aFyTxno8byruuWETFXZLdyoI68gUweN9FKK5e5EbEAObZwv54rz/VT/ZuqT6bI0btczOfNW4mVY8+qgYP4VPY6Re6osVharC0a4P2o3cu0kHkBG6mnGKaT/rzCTt/X3HqX9o2v2uO1MoE0sfmIp43D2pb6/ttNt/PupNkeQucZ5Nc3rUt5aalpiTWNnNbhwkMvmMJEbHX6VR8WyeIzpLi4ttNEHmrgpI+7rx1qbbeof5HdAggEdDVe+voNNtGurlisK43MATjNc/dReJL7TJ7a6OnWkbxYE0Mz5U/U1z0ljpgjNvNperXKgBXcXwKP6n7/Siwz0hHWWNZEIZWAII7inV5mdPtJ4xbWVlqdjKcCOaa+Hlx49Ru6VoeIEdtY062lhv71BbEsllMVyePmPIzTa1/rzFfQ7K51G2tJ4oJnIllVmRQpJYKMmnWV9BqFss9u+5D6jBH1HavNks9Gv8AUNNnVNRt4hNLDMJ7ltyEL654rqfB9naRrd3dnaywwySFUaSZn80D+LB6c0WVgb/r+vQ6imJLHIm+ORWT+8pyKy9fsLzULNore/a0h2N5pRQWYY6A9qw/DaT/APCuWS1R5J/LdUUHljU9G+xXVHTJq+mySiJNQtWkJwEWZSc/TNXa4Ky87QUsZtX0DTYoXZU8+BcyRuehbI7n0rt7q7gsrV7m4fZCgyzYJwPwqpJIlNsmorjLLxxp8niG9il1AGzCx+R+5b7x69s11lxcrBZyXIVnVULhVHLcdBUtWV2PrYYNRtTqD2Il/fpH5jLjovrmmJq9jJqAsUnVp2TzFA5DL6g9DXn6XuqzafqE66dOz3UubqaIjdFEB90A98VZm1G1udO0022lalYKjKtne7FwpPTPPIPeqS2/rf8Ar5ib3/rY7HVtesNFMIvHcNMSI1SMuWx14FZ3/Cc6L5nl7rrzMZ2fZnzj1xiszXF1CTU9AW4vorG8/e7p4wGUcD+961WFvff8JYV/4Std32MHzvKj6bvu46e9CS6+Y3/X3nXaTr1hrXnCydy0JAkV4yhUnpwat3l3FY2slzOWEUYyxVSSB9BXI+HbM3WpeIbW7v2vN7Rhp0IQkbe23pWZquk2tl4ijsYbfVb2AwFpIYbpic9icnpSa1SXX/K4l1v0PRIJ4rmBJoXDxuMqw6EVXn1O0tr6Gzml2TTDKbhgN7Z6Z9q4W20/SIry00+TR9bsROSsW65YJkcno1b13d3tlrVnpjWVnLaMD9mlkYs6so6nP86bSuF31Ll74t0qwvZbSZ5zNEAXEcDOFz7gVch1qxn0pdTjmzaMMiQqRge9czpGu6LYQ3gu9YSa9uJCZ2SJyEP90cdqZoUmp/8ACOyQ6cdKv7KMsqOzuN4zyGGOtJqyH1+Z28ciSxrJGwZGGQwPBFV7HULbUY5JLWTesbmNjjGGHUVzej3WtTaHZyaTY6fHAVYMk0r/ACkMeB7VQ8LS+JBaXP2a200p9rk3l5HBB3c4x2puOrQr6JnWXeu6dZyiKS5RpS20xx/Oyn3A5AqCfxTodvdQ28mqWwkmyEAkBHHqe341xGs6pf6R44juP7MsWKwsZmhJyYz1LepFV4IEkVriys7uO3uWMiK1pAc59NxzihK6TB6Ox6cmo2UsEs8V1DLHECXaNwwXv2ogvre5sFvY3zbsm8MRjj1rznbp1r4Y+xPHdWscd2FvC6iN33c/wdqI4bee/msfDlzNJp5g/wBJjZ3LbO4QN3oa3t/Wlwv/AF87HpFndw31pHcwEtFIMqSMZFNN9brqC2O8/aGTzNoH8OcZriTp2l2yaXdaNcXeHuFjKm4YgDuCpNY4m8Pp4gla4mvczXDR8yyho1H06gt2osm7L+v6uF9P6/roenz3sFvcQwSPiSY7UUDOanZgilmIAAySa8qfS7q/8SXBVrRYrZFVRLfyLuDDII7g461qarcalpfhV9PhhjaWYsS8M7Sqkf8AESzc5pW003Y+tjr/AO39O/s2PUPP/wBGkkEavtPLE4/nWg0sasqs6hm+6CeT9K4nxZPbab4R0+1t1VpvMhMNuvVyCDj2rX0fSLua8XWNZYG8K4ihQ/JAp7e596dlr6ivovMfN4x0q3mkjkF2GjJDEWzkce+KiTxzosqCSJrp0PRltXIP6VvXf/HlP/1zb+VY/gv/AJFOw/3T/M0lbX5DZpyalbRad9vkcpbhdxLKQQPpSJqdpJcQQLJmWePzUXByV9fauW8cX9y1xZaZDA7W7SJJcyY427uBn1zWb4k0qb5dXu47kXUlysEUFtKVIi9BjuetC118/wCvzE+3l/X5Ho9FcdoFhCuqI40nWbVlUkSXVwWT6Y3GuxoasCYVRvtYsNOB+03KK4GfLBy5+ijk1erz3x5dXtjrelz2un2k8gmVomyRKxHUH2pLdIfRnVXfirRLKGOS41GBA7BQpb5gT6jqPxq/bajZXjFba8gmYDJEcgYgfhXmfmxapeT6pa2dxGZTslK20TIXHXBcg1o6JPFoq6mYrC6OpyxiVTJAibh90bdvGAeaq1ldivd6Hbw6vYzyXKJOo+zMElZuFB9MmpIL63ubma3ik3SQ43jHTNcBZWd7faFZ2T3MVqZLiSa8uWKn5g3QA9as6bbXn9s6gB4rVNrLl/Lj/efrRy62f9bCvpdf1ud/RWHL4t0S0lNvPqAMseAxEbHJ/AYpn/Ca+H/+gh/5Cf8AwpWZRuySRxAGR1QE4BY45qC8v7ewSN7hyokcRrgZJJ6VnJquieIbW4t45xNGq5f5GXb7gkCsFtNi1nToLy4uppNKsoWaIFikjuM8kjtxxS23/pBvsdxWdf69punBvPukMi9Yozvf/vkc1xumaWuqwaRf6aL2NZJS07G7dlRQemCec1PYw6n/AMJPrFxptjpsrLKoMtySHXjoCB0quXW39dP8xX0v/XX/ACNyTxpo8cixl7gyFA+1bdyQD0yMcVYTxPpT6Q+qLO32VG2sfLOQemMdaztDM58W6qbkIs5gi3iMkqDz0zWFKqyeD9RV87WvwDg4ON46UrL+vVf5jWrt52/A6VvGmkINz/a0XIG5rVwB+OK05NYsIpYI2uFLzsEQDk5PY+leZ3V1pslwbcabrX2XaWM/2lmPysBnaTgrVy3Kt4ghaLob1Cu79M1XKiW9L/1sd3Lr2nxW9zOZGZbZ9kqohZlP0HNZkvj7QYYPPlmuI4s43tbuFz9cVj6hqN9Zx6xdfZ7e11KPYnm25LB1J4yG4zXJRLew6vJi71SQeSZvLl8p13Z67SduP1pRSZT0PXI9ZsZEtX80qt1/qi6ld3tz3q/XETahfXXhnTrm5tra6gZl84yMUdTngrjjNTyaPpk+vva3QvYpJl8yF1u3CyccgDPBFDWv3kp6HTW2o2t2bgRSg/Zn2SkjAU4zVeTxBo8UbSNqlntUZOJlJ/LNct4X0CxW/wBWl3zgwXDIu+ZiuNv8QPB/GsnVZLc2MsNtHozRpKIzdSwiPzvVBx19xSttbsvxK9Tu7TxPol7bJcQ6pa7G6b5Qp/I1aXVbF7iGBblGaZd0RByrj2PQ155amKwsZIptN04Trs/crEsi28R6vu6sR3Fbd/MFXRoooLO506VgIriPKOj+qgcY9qrlV9Cb6anVXuoW2nrG1zJsEjhF4zkmrVed+LIbuylsIr3xLKRLcAqPsy/ux/e47Cus0izvo3FxNrrahA6/Kvkoo+uRUpXVxvR2NWWaKCNpJpEjjXqztgD8aZb3dteRmS2uIpkBxujcMM/hXNeMowZNMmu0kk0uKbN0iAn/AHSw7jNYk+r2sGrTPoCCK1eyfcUQom8ZwQMDn3pLa4+q/rrY71dQsnuTbLeQNOODEJAW/LrTp760tpEjnuoYnf7qvIFLfTNcRd6TbWfgWDU4YkXUI0S4+0AfOzEjOW6nrRr+mXl5d3FwNMa9+22yJBIuP9GcdSc9PwqmrOwk7q53bSxoyq0iqX4UE4z9KfXE22q2Vtdw3Gr3iLDaqILcsC29wPmcY7dvwrs4Zo54UlicPG4yrDoRSaBMqtq1mv2seYSbQAzAKTtz/OnnUbQaadQ80G1CeZ5g5+WsjRwDr+uBsbS0ec/Q1DqNlBo/hTUIYZy8E24Qr2TdwFHtml0+SGt/mzpIZkuIEmjOUdQyn1BqvLqdpBqMNhJJi5mUsiY6gdaXTYzFplrG3VYlB/KuW8RtfL420k6ekD3HkPxOxC4z7U7e9YS+G52dFZGnyeIGuwNRt9PS3wcmCRi2fxFa9DQwoormPGH9mx2iz3f2mSdAfKht5mQt9cdqluw0rm9Ff2819NZxvumhALjHTPTmrNeNWCQJD5rzQNLIdzMbm4VvocDmuj8MJY3ct7NKJQbVT80N1KysCPRu9W42RNzuVv7dr97Hfi4VQ+wjGR6j1pUvYJL6SzV8zxqGdcdAeleeLY6PLZR6ksExm84xJEb2TziuegHqfTpVEwLJNq51Bbqyv9qLZx/aGVyp+6Dg8mhR6A2erebGZTFvXzANxTPOPXFEsiwxPI5wiAsT6AVyOo2lrpltpiJJdJfiFljkVtzMAuSHJ6iuVkjt2TyWuo2kkjJIkvZt5OM9B8v4Urb2Hfqenafqtnqce+1kLDGcEEHHrg9qnurmKztpLidtsUa7mPoK4LwnHpdrKl7FHJtt7NWuLmSdiASPu46VoH7ReeHNX1i4d1W6ibyYmPCRjpx605K2wl5nYRSpPCksZyjqGU+oNEs0UCb5ZEjXOMswArlbr7Raw6Zd6fehb1rdVFnIcrOAM49j71X1e21HxFeW6XMv9j2VvtlBl2lpJPTB4IFK2oLY6tNRtpNRksFkzcxoHZMdFPQ1arzu3trz/hLrtR4pVXFumZ/Kj+YZPGM44rojZbtFu/7R1iXUYVBctDiNlAGcAoaGrK4+tv62Nq9voNPt/PuWKxAgFgCcZqcEMAQcg9CK8sh037TctKdF1+60u4jDLG9x90+w3cg9eamsdKlW5mNzoevrCWAhiS6O1FHc/N1NNRE2eiJqNrJey2glAniXc6Hggev0qGTXdJjDbtStMr1AmUn8s1itc2cupSwS6dc21za2zeXPL0dMeuefxrk9JuprK3jhn0bRIgA0kNzdKczDOcg460kr/wBeo/6/L/M9Ai8R6fNp0t8nnmGM4b9w278BjJqi/jrRItvmPdJuOButnGT6dKv+Hr691LSkur+1jt5HJ2rGSQy9jz61Q8XEj+ysf8/0f86drSt6Cvpf1LNn4p02/u0toRdeY/Tfbuo/MituivO9V2yeJdWa5stWvIoQhBtJiqxjbk5GRS0vYdup2t1rNlaSTRyO5khUO6ohYgHoeKuQzR3EKSxOHjcZVh3FeZW9noUl8167X0drJZ+cu+5YMcdRnP6Vv6foWmDwxBLepcafCuZfLF242Z98+nanay1/rf8AyFe70/rRHUz3sFtPbwSvtkuGKxjHUgZqxXlF/wCHzf3+m3NjLfQWsspWJJJ2LSADO7nlc9K63QdL0iW4E8D3kd5bt+8t5rlyUPuCeRRy6A2dVRRRUjCiiigAooooAKKKKACiiigAooooAKKKKACiiigAooooAKKKKACiiigAooooAKKKKACiiigAooooAKKKKACiiigAooooAKKKKACiiigAooooAKKKKACiiigAooooAKKKKACiiigAooooAKKKKACiiigDG077Xm6+0f6rzv8ARun+r2Lnp/t7+vP4YrTg/irM077Xm6+0f6rzv9G6f6vYuen+3v68/hitOD+KtKm5ENiaiiisywooooAK4640W+v9QuL/AMrZ/pGUV+DsCY4+prsaKOtw6WPObHQr5omm1XT5RZRwvH5cJ3TSZIP3e3Spo7fUDoeqeRp92gv7wIkbpiRYjgFiO3FegUU7/wBfiHmcV/Z15eQ312tpNDHHZGztonGJHx/ER2qkq61pUv8Aolhctc3NpFHHJ5e5I2Awd3pXoVFCet/66/5itp/Xl/kcZDop07W3kktZbmD7KWmkVMmSTvj3rEu7VZdUs5orXxX5MZYyFs7kyONvpXp1FCdv69f8wsc7Z6iLTw3cyxR6iht1O06ip3sT0+ozWtpL3UulW0l6V+0tGDJtGBn6VbKhhhgCPQ0tDe4WI7jH2eTO/G0/6v734e9cDF4Ku7qxupku9QtfPk3i1a4J3j/aPqa9CopLQZ57DokMFlc32raNdXckmIYINnnPEACM59Per2i6Ze2zeHBJayIIYZRJkf6vPQGu0oquYVjk/wDhCraKxnSfUdUkRtzPFDOVUg84C1DZTSSaxbzW2k6hDaWNkYx58W1mI6AeprsqKVx7nmN3pd7Pe/2nqFnrShwWtYraXzGiY92/u/SnTeD9We307VFkvLm9ijJlhluijA9tpx+lemUU1K2wrXepyGvf2ldWOiy2mnSzXKShmikO3bgc7j2+tT65bapeeGgk8Iku2mVjHCMhRnp749a6iilf87hb8rf195S1DyV0t/tFrJcxbMNCibi3tiuY07wnZX+pfb7jRoLS0WPbDbFfmbP8Tjsfau0opLTUfSx5pBYWun2VzbN4UuJ74Sv5Un2bdGQW+XnPTFbNjDrpuJdSGnR+fHEkEUDv5a/7RHt6V2VFO4NXf9ep5pL4f1vULGbTTZrCwmNzNKThXY/8s0Pce9dJoBvLnU2lNrc2NlBbiBbaVdql88sPUe9dPRQn/X4fkJq/9fMjnQyQSIvVlIFc/pWhXtt4R/st7k213822WE52kng10lFLv5jOSbTtf1cWtlqsNvDaQuHkljl3NMV6cY455rrcDGMcUUU27isZlro4ttcvdR80N9pVF8vaPl2+9adFFIZxTQauIb7T7SzdXvJzumkGESM9T7mnXSyXDabolnp16sVncJvnmixGUUdQe9dnRTTtb5fhsD1v8/x3MzU9B07WJraS/gE32fJRGPy8+o71hjwlpn/CVN/xJ4fsX2Qc7Pl37v54rr6KE7AYsWl2HhqC9u9NsZC0uGaCEZ3EDAwO1VNKtLqwW91zU4XkvrjnyYF3mNB0UeprpaKLsLHJie41/wASadOmnXltbWYd3a6j2ZLDAAHepPFWm6hc3dnfWUjRrags5jTfIfZVrqKKXa3QPU8/bTvEsxmm0m0jsbecfvEnk/eS++MfIx71u6LKsOlzaemk3Vo8EZ3Bkyrt32t/FXR0U27poFo0zlPB0Wtw2EUF7ZpaWsYYqC2ZHJY9R/DVzwpa3FrZXa3ELxM11Iyhh1BPBrfoobu2xJWVjjrzRriHxF58UUsySW8xeTGQGYcLWVJ4SuH0eC8myrrBseA2nmyr8x+7zwa9GooTtt/W/wDmN6vX+tv8jz5bPUpLSS5tNNnZzdRmOK4GxiFXGW9BWvpw1dvEkl5qOmLbotvhTC/mBvbPrXVUUX/r5WFb+vnc46SRtW1azistIvLNFnM08s8GxSR368k0zVdB1i+1nTxeahJNaCVzutYhE0QxxlufpXaUUJ22B6nBeIPD97H50kOlWeoRMoXznTM6AcH/AHzWxcaPFZ+CJbDTLaUAxfJGw+ck+vvXS0UX0sO2tzjtZ0Apoa3FtbyzXm+GSTJ3PtUglV/wqS51a+1W7sYrLT9UtY4pPMuGlh2BkA6Dnk5rraKLisc3ceJ/Mt5Y10TWcspUf6L/APXrO8O63LpehWtncaJq/mxKQ222yOp75rtaKLjZzesvNrGiQS29lcoxmQmKWPa4AYckU7xfYT6jY2kEKTN/pKlmhOGUeue1dFRR/nf8v8g/yt+f+ZkafoEen3QuF1DUpiBjZPcl1/Km6Vf3d9q2pByv2SCTyogFwScZJz3rZpAqrnAAz1wKL9xWFrltd0iaTWbC9hSSZjcoXwOI1APNdTRSWjTH0aPP18K3V9BPPKFhaK5ldY5rfzd6kdQM1b8L2cyXxItbuOGG0MO+4i8suxbPA9K7WimnpYVtbnMaP4ftLrTAuq6cjyJNIVEyZIBNV9P8JaX/AGvqHn6NAINy+UWTj8K6+ii+twtpYjjgihjWOONVRRgKBwBT9i/3R+VLRSGZet2d1fWItbUqiyuBM3QiPvj3rMltb3WmSxSB7HSYWCyFxh5sfwgdl9+9dPRQtAZz0ttdaDemewt2uLCUqJbeMfNEem5R3HtVO30LXBquoTx6hHaWl1IG2LHucjHr/Ca62immDOPtdH1S31vUVsbmS3BijVLq4Tzd+M569TTpfD1xBYWmmKzXBmnM1zPt2rkc9O1ddRRcDzm78P62t0ltb2iSb4JFeRnwiAyAjn1x2q0dO8vXLKK006+DwzCS4nkT902B/Ca7yihSaE1c8+1C21K4+2SX+lzC1vmX5bdfMkQKejL71QvdK0+W5aay0O/t90PlbH03eoP97GeteoUUJ2GcL5F/caFZaVp2nXAVPneW6TysbT0x71cvtcuJrdUi0nUre9i4Wb7F5qqe+Oea66ihu4krHG6FOyRXFnJZ6kbm9ZmluZrPZHkjHIz0pb3wrqt1ZiG4v9PmjiU+XG2nr8vHbniuxoobGtDhPDnhzXbTSYRHe21oy7sI9kCy568571Jq1jrMcVlbWlpHcNZN57yqnlqfZV7n2rt6Kbk27it0OG0+8ignkvb7SdavL6VdryPZ/Kq/3VGeBV3w40dvqc0NnaapbWko3iG5g2xxt/snPH0rrKKLhYz9WGqCBH0vyWlVstFLwJB6Z7VjWuh32p3l5e60kULSwG3ighbcEU9Tnua6mipGcX/Yuu3GnQ6FcR2406NgrXIky7xqeBt7HpXSapBdvpbW+n7VlYBAzHGxe5rQopt33ElZ6HJajoF9bS20mlQQThbZrZ45n2hc/wAQ963dE09tL0i3s3fe0a4JA71oUUXdrBY4+bQNRfUNSvLy6ljsZGDC2s/9ZJt6c/0pj6HqHiOGOO6VtL02EZt7eNv3hbszemPSuzooTsrD63ObtNZ1DTrIxappt3PPC/lCS1i3iUY4bHase91We48VWGpJoer/AGeCJkfNtzknjAzXeUUX1uK2ljDt/Eq3FxHD/Y+rR72275LbCr7k56U9L+7m8UvZxlRZwwB5Pl5Lk9M1s0gVQSQACepxQAtZmtWSz6ddPFAHuTCUUgfNg9hWnRUtXVik7O5x8XhmK10eOaW71ouqAtDDPls+gGKTwvDLaS6pe/ZNSEBx5a3gzM+B2FdjRVuTd2SkrJHEPourXepr4kS3gt7pMbLRlyWT/aPZv5VDqGj6zr+pW+vC0itnsW3W9rMPnmHfcf4fau9opJ226bBbv1OMv4dV1WQX62UkQa38iKF+GR2OGYj0xUF74TFgI7iFbq7uSEjjhjO2NWC4LP6iu6oov2D1PP8ARrXUtD83SrrSjcWQDzXEsUW4TE9FUf0rbkvdW1aDyLDSVt7NxsZ70bWT/tn3H410tFDd9wMbSPD8Wmv9onla6vSu0zP0Ueij+Ee1U9cutOmuvs994fvr7yvuutrvXn0Oa6Wii+o1oeZxWmmL4guLl/CN8bFoVWNPsfRh1OM1tGeFtHu9P0fQL2zacbTvt/LX5uCevYV2VFDd1YOtytp1qbLTra1LbjFGqE+uBirNFFDd3cSVlY4fXrbVL25nuhZzR2vNu/lDdK8fqF984qpGkEsapqdhr13HGuyOJbTZGq9vlzyR616HRQtFYb11OS0bU5NL02RHtNbuY0kxEstt+8VT268getVNe1ibUvsPkaHq/wC4uUlfdbY+Ude9dxRTvrcVtLGAvikM4X+xdYGTjJtcAfrWXDa68tpqE8NhE0+oOwdZZdnlqBgHHfiuzoqdBnmg0LVJ4NNnfTm+z6T8jQMMPcj+Igenp61v6dpDa6817qyXaQ+cWtrSY7Qi4GMrXWUVXMKxxWqeEs6ppphvNVePzW8xhcE+UMdvStqHwxZW0sNwkl091CSRM8xLyD+6x7j2rbopXdrDsctomo+IbjXZ4b+2ZbQFuWh2hPTa38VdTRRR0QdWwooopAFFFFABRRRQAUUUUAFFFFABRRRQAUUUUAFFFFABRRRQAUUUUAFFFFABRRRQAUUUUAFFFFABRRRQAUUUUAFFFFABRRRQAUUUUAFFFFABRRRQAUUUUAFFFFABRRRQAUUUUAFFFFABRRRQAUUUUAY2nfa83X2j/Ved/o3T/V7Fz0/29/Xn8MVpwfxVmaf9rzdfaP8AVed/o3T/AFexc9P9vf15/DFacH8VaVNyIbE1FFFZlhRRRQAUUUUAFFFFABRRRQAUUUUAFFFFABRRRQAUUUUAFFFFABRRRQAUUUUAFFFFABRRRQAUUUUAFFFFABRRRQAUUUUAFFFFABRRRQAUUUUAFFFFABRRRQAUUUUAFFFFABRRRQAUUUUAFFFFABRRRQAUUUUAFFFFABRRRQAUUUUAFFFFABRRRQAUUUUAFFFFABRRRQAUUUUAFFFFABRRRQAUUUUAFFFFABRRRQAUUUUAFFFFABRRRQAUUUUAFFFFABRRRQAUUUUAFFFFABRRRQAUUUUAFFFFABRRRQAUUUUAFFFFABRRRQAUUUUAFFFFABRRRQAUUUUAFFFFABRRRQAUUUUAFFFFABRRRQAUUUUAFFFFABRRRQAUUUUAFFFFABRRRQAUUUUAFFFFABRRRQAUUUUAFFFFABRRRQAUUUUAFFFFABRRRQAUUUUAFFFFABRRRQAUUUUAFFFFABRRRQAUUUUAFFFFABRRRQAUUUUAY2n/AGvN19o/1Xnf6N0/1exc9P8Ab39efwxWnB/FWZp/2vN19o/1Xnf6N0/1exc9P9vf15/DFacH8VaVNyIbE1FFFZlhRRRQAUUUUAFFFFABRRRQAUUUUAFFFFABRRRQAUUUUAFFFFABRRRQAUUUUAFFFFABRRRQAUUUUAFFFFABRRRQAUUUUAFFFFABRRRQAUUUUAFFFFABRRRQAUUUUAFFFFABRRRQAUUUUAFFFFABRRRQAUUUUAFFFFABRRRQAUUUUAFFFFABRRRQAUUUUAFFFFABRRRQAUUUUAFFFFABRRRQAUUUUAFFFFABRRRQAUUUUAFFFFABRRRQAUUUUAFFFFABRRRQAUUUUAFFFFABRRRQAUUUUAFFFFABRRRQAUUUUAFFFFABRRRQAUUUUAFFFFABRRRQAUUUUAFFFFABRRRQAUUUUAFFFFABRRRQAUUUUAFFFFABRRRQAUUUUAFFFFABRRRQAUUUUAFFFFABRRRQAUUUUAFFFFABRRRQAUUUUAFFFFABRRRQAUUUUAFFFFABRRRQAUUUUAFFFFABRRRQAUUUUAFFFFABRRRQAUUUUAY2n/a83X2j/Ved/o3T/V7Fz0/29/Xn8MVpwfxVmaf9rzdfaP8AVed/o3T/AFexc9P9vf15/DFacH8VaVNyIbE1FFFZlhRRRQAU3yx7/nTqKAG+WPf86PLHv+dOooAb5Y9/zo8se/506igBvlj3/Ojyx7/nTqKAG+WPf86PLHv+dOooAb5Y9/zo8se/506igBvlj3/Ojyx7/nTqKAG+WPf86PLHv+dOooAb5Y9/zo8se/506igBvlj3/Ojyx7/nTqKAG+WPf86PLHv+dOooAb5Y9/zo8se/506igBvlj3/Ojyx7/nTqKAG+WPf86PLHv+dOooAb5Y9/zo8se/506igBvlj3/Ojyx7/nTqKAG+WPf86PLHv+dOooAb5Y9/zo8se/506igBvlj3/Ojyx7/nTqKAG+WPf86PLHv+dOooAb5Y9/zo8se/506igBvlj3/Ojyx7/nTqKAG+WPf86PLHv+dOooAb5Y9/zo8se/506igBvlj3/Ojyx7/nTqKAG+WPf86PLHv+dOooAb5Y9/zo8se/506igBvlj3/Ojyx7/nTqKAG+WPf86PLHv+dOooAb5Y9/zo8se/506igBvlj3/Ojyx7/nTqKAG+WPf86PLHv+dOooAb5Y9/zo8se/506igBvlj3/Ojyx7/nTqKAG+WPf86PLHv+dOooAb5Y9/zo8se/506igBvlj3/Ojyx7/nTqKAG+WPf86PLHv+dOooAb5Y9/zo8se/506igBvlj3/Ojyx7/nTqKAG+WPf86PLHv+dOooAb5Y9/zo8se/506igBvlj3/Ojyx7/nTqKAG+WPf86PLHv+dOooAb5Y9/zo8se/506igBvlj3/Ojyx7/nTqKAG+WPf86PLHv+dOooAb5Y9/zo8se/506igBvlj3/Ojyx7/nTqKAG+WPf86PLHv+dOooAb5Y9/zo8se/507Izim7vn24oAPLHv+dHlj3/OnUUAN8se/wCdHlj3/OnUUAN8se/50eWPf86dRQA3yx7/AJ0eWPf86dRQA3yx7/nR5Y9/zp1FADfLHv8AnR5Y9/zp1FADfLHv+dHlj3/OnUUAN8se/wCdHlj3/OnUUAN8se/50eWPf86dRQA3yx7/AJ0eWPf86dRQA3yx7/nR5Y9/zp1FADfLHv8AnR5Y9/zp1FADfLHv+dHlj3/OnUUAN8se/wCdHlj3/OnUUAN8se/50eWPf86dRQA3yx7/AJ0eWPf86dRQA3yx7/nR5Y9/zp1FADfLHv8AnR5Y9/zp1FADfLHv+dHlj3/OnUUAN8se/wCdHlj3/OnUUAN8se/50eWPf86dRQA3yx7/AJ0eWPf86dRQA3yx7/nR5Y9/zp1FADfLHv8AnR5Y9/zp1FADfLHv+dHlj3/OnUUAN8se/wCdHlj3/OnUUAN8se/50eWPf86dRQA3yx7/AJ0eWPf86dRQA3yx7/nR5Y9/zp1FADfLHv8AnR5Y9/zp1FADfLHv+dHlj3/OnUUAN8se/wCdHlj3/OnUUAN8se/50eWPf86dRQA3yx7/AJ0eWPf86dRQA3yx7/nR5Y9/zp1FADfLHv8AnR5Y9/zp1FADfLHv+dHlj3/OnUUAN8se/wCdJ5Y9/wA6fRQAdBRRRQAUUUUAY+n/AGvN19o/1Xnf6N0/1exc9P8Ab39efwxWlB/FWbp/2vN19o/1Xnf6N0/1exc9P9vf15/DFaUH8VaVNyIbE1FFFZlhRRRQAUUUUAFFFFABRRRQAUUUUAFFFFABRRRQAUUUUAFFFFABRRRQAUUUUAFFFFABRRRQAUUUUAFFFFABRRRQAUUUUAFFFFABRRRQAUUUUAFFFFABRRRQAUUUUAFFFFABRRRQAUUUUAFFFFABRRRQAUUUUAFFFFABRRRQAUUUUAFFFFABRRRQAUUUUAFFFFABRRRQAUUUUAFFFFABRRRQAUUUUAFFFFABRRRQAUUUUAFFFFABRRRQAUUUUAFFFFABRRRmgAoprMQMimEt8wJzxQBJvUd6RskcHFR446bfrTlOWKnOD0zTAapAJ43N609v9YpphGJOOBTmyNpY0AOVs8HgjtTqiYlyCg5HepFJI5GDSAWiiigAooooAKKKKACiiigAooooAKKKKACiiigAooooAKKKKACiiigAooooAKKKKACiiigAooooAKKKKACiiigAooooAKKKKACiiigAooooAKKKKACiiigAooooAKKKKACiiigAooooAKKKKACiiigAooooAKKKKACiiigAooooAKKKKACiiigAooooAKKKKACiiigAooooAKKKKAMfT/tebr7R/qvO/wBG6f6vYuen+3v68/hitKD+Ks3T/tebr7R/qvO/0bp/q9i56f7e/rz+GK0oP4q0qbkQ2JqKKKzLCiiigAoorxvxb8RPGmh+LG0m1022ZJj/AKJvQkyD86V9VHuO2jZ7JRXlOueIfiJYaf8A2lGukQ28dusk0cx/eK2ORiszQPF3xL8SaYL+xbQ1hLFQJSFbI9qe9/IXbzPaaK868deMNf8ACPhbSrkRWr6lcSiKYYymcdqyotf+LM0KSpomnFHUMpz2P40d/IOifc9aorxPXfH3xH8NW0dzq2l6fDC7hAw55J+td1408Xf8I/4IF+G/066iCW6L1LsO30zSekeb5DSvJI7KivMNL1zxMvhaHSbXUbS78XBRLJFdNjCHn88Vz3iLxt8TPC0UTaomiK8rbUiiYO7H6elN6OwlqrnuFFcvZavrKfD06tqUMceqLaNMybcKGAJHFefaH4u+KfiLSBqmnWWjtanOGc7Tx14zQ9JOPYFrFS7ntNFeN6X4o+KetLM2nQaDOIW2SFZPun0612PhG48ey6hKPFNpp8NqF/dm2bJLe9NK4m7HZ0UUUhhRRRQAUUUUAFFFFABRRRQAUUUUAFFFFABRRRQAUUUUAFFFFABRRRQAUUUUAFFFFABRRRQAUUUUAFFFFABRRRQAUUUUAFFFFABRRRQAUUUUAFFFFABRRRQAUUUUAFFFFABRRRQAUUUUAFFFFABRRRQAUUUUAFFFFABRRRQAUUUUAFFFFABRRRQAUUUUAFFFFABRRRQAUUUxnxnjpQA+imYLDLHA9BSJ1ZQeKAFDgjnr6U0Aud3T6UHEb8DOaBuDFRxnmmAuArbezUgyBkdR1p4QdTkn1prKN4z0NACd+AOe5o5GDzu96ds69vSlCc5JyaAE25B4wTShcqNw5FOopAFFFFABRSEgDJpA4Jx396AHUUwAOTnt2oU7X2547UAPooooAKKKKACiiigAooooAKKKKACiiigAooooAKKKKACiiigAooooAKKKKACiiigAooooAKKKKACiiigAooooAKKKKACiiigAooooAKKKKACiiigAooooAKKKKACiiigAooooAKKKKACiiigAooooAKKKKACiiigAooooAKKKKACiiigAooooAKKKKACiiigAooooAx9P+17rr7R/qvO/0bp/q9i56f7e/rz+GK0oP4qzbD7XuuvtH+q87/Run+r2Lnp/t7+vP4YrSg/irSpuRDYmooorMsKKKKACvJfiHn/hbHhDHo3869arwvxro/jXxF45+0W9vHaw6fkWt033QDzmiN/aRt0dwduSV3urfeR6/pNrr/xo1Gx1Ka4+xJZ+ayI5GcD06Vzuq6bobeCU13Qk1CzK332Yxyy8HB68VJqN7G+sFNHu7rU/El1bizuWRP3S9iQeufrVieC88MaXbeGfGNm/9itMJkvbQZ2v6H+tFONox8rfPXX8AlJOT87/AJf5nVfGXLeCPD2WwTLH8x7fJ1rMtdA3WkLf8LIWPKA7PN+7x061e+Ml3ZXPgjQZbVzLaGddrYxuULXLwal8MxbxiXwjrDSbRuYI2Ce5o6y9QveMbdv1KnjnS/sOmW8n/CXDWMzKPJD5289a7f4safp58N6NqlxfvDdwRKIIUPMjY4+mPWvOPFd54NnsYV8P6Ff6fdeau6S5UhSuenNeo/EK78NLpWiR69o1/qDCFWh+zA4HHIJFJr3P+3v0GmuZej/M5exs9V8LeFBr1hfWNxrV+wS5uXkDvbIemKg/4Rvw3qVrJfaz45E2uOd6zDOxG9Mf4VqeGNV8CQWF5Z6noR0bTp2Dobp3YzMPrXOvJ4F/4WeHV4P+Ed8kfNzt31T1lbvt5f5Ep2j6fiek+H7zVbj4Z64+q6rDqKJFLHDPGOqhe9cj4Ts/F0/w7tLjw/qsVnZRRSGdHXJY8k4/CtrxN4m8N2Pw11C18Hsk0TuI5BCCQm7gk1zlx4jm0fwJp3gXRopJdYuYwLhgp+QNz/UUpXblbfRLze442Sjfa7fotit8PNO8aXWl6he+HdVhtLcylpt6A+YwB5Feh/CLxLrXiGDVP7YuzctbyhEbaAO+elZtj4l0H4X+G18NX5l/tAQmSQKv3mYdAan+BcEq+HL+7eN0Se5YpuGMjP8A9erVuaSWqS/HREP4U3o2/wALP/gHq9FJuFGagu4tFFFABRRRQAUUUUAFFFFABRRRQAUUUUAFFFFABRRRQAUUUUAFFFFABRRRQAUUUUAFFFFABRRRQAUUUUAFFFFABRRRQAUUUUAFFFFABRRRQAUUUUAFFFFABRRRQAUUUUAFFFFABRRRQAUUUUAFFFFABRRRQAUUUUAFFFFABRRRQAUUUUAFFFFABRRRQAUU0sAQD370bwTgUAOJA61H5hwTtprj6/U0HJ6/rTAerfiT6UmR5jD1FICVYdcGldcDcOtAhrAAcsT7UqtuGBhaU4ICqOtAUbipHHagBWTgkdfWkzl1I9KdsGMc4+tKAAMCkMWgjNFFABRRRQAUU0uADSbiYye9ADtwzjIpaYEBTp+NKpyCD1FADM5Ck+tPdcj3FNA3R4pQ4I54I60wAAn5lPXqKRlIIJOTmlTO2lCnOWOTSAdRRRQAUUUUAFFFFABRRRQAUUUUAFFFFABRRRQAUUUUAFFFFABRRRQAUUUUAFFFFABRRRQAUUUUAFFFFABRRRQAUUUUAFFFFABRRRQAUUUUAFFFFABRRRQAUUUUAFFFFABRRRQAUUUUAFFFFABRRRQAUUUUAFFFFABRRRQAUUUUAFFFFABRRRQAUUUUAFFFFABRRRQBj2H2vddfaP8AVed/o3T/AFexc9P9vf15/DFaUH8VZth9r3XX2j/Ved/o3T/V7Fz0/wBvf15/DFaUH8VaVNyIbE1FFFZlhRRRQAViTxvHO+4Hk5BrbpCAeoBq4T5SJw50cvY6NpthdTXNpYww3Ex3SSKmGY1dubK11C2a2vLeOeBusci5Brb2j0H5UYHoKt1U1axn7J3vc57UfD+l6vaW9rfWccsFuQ0SEcKR6VoR28EcaxpDGFUAAbBwK0cD0pcD0qecfsvMwdV0DStbgWDULKKaNG3KCvQ1oJFHGiIqLtQYUEdBV7A9KMD0pcw/Z+ZkX+j6bqqIuoWFvcqhyolQHFUv+EO8M/8AQCsf+/QrpMUUrorlfcxbfw7otrBJBb6XaxRSEF0WMAMR0zU40nThqC6gLKAXipsWbZ8wX0zWnRRzByGNf+G9E1a5FzqGlWtzOowJJYwSBWhb28NpAkFvEkUSDCogwBVmilcfKMFLTqKLjsJS0UUhhRRRQAUUUUAFFFFABRRRQAUUUUAFFFFABRRRQAUUUUAFFFFABRRRQAUUUUAFFFFABRRRQAUUUUAFFFFABRRRQAUUUUAFFFFABRRRQAUUUUAFFFFABRRRQAUUUUAFFFFABRRRQAUUUUAFFFFABRRRQAUUUUAFFFFABRRRQAUUUUAFIWC9aQls4xx61Gwz16+9AEm/JwPzow+eoNR9hnr70/aPvZNMBGQlSScmlDqFGBz6Cl27+cnHpTRhGIPA6igBzjcvvTACTx196dneCAPxo8sEDrkUAN6Y4+bPNPCkZ5yKUKB0FLSAaqhadRRQAUUUgZScA0ALQTgZppDMeuBSDIYqTkUAKGLdBx706oxuAwB+NOVsnBGDQAiDr9aMYcjs1CfxfWlZcjjrQAiHHynqKB/rGx6UpUN160oUKOKAEj+7SlQTkilAx0ooAKKKKACiiigAooooAKKKKACiiigAooooAKKKKACiiigAooooAKKKKACiiigAooooAKKKKACiiigAooooAKKKKACiiigAooooAKKKKACiiigAooooAKKKKACiiigAooooAKKKKACiiigAooooAKKKKACiiigAooooAKKKKACiiigAooooAKKKKACiiigAooooAKKKKACiiigDHsPte66+0f6rzv8ARun+r2Lnp/t7+vP4YrSg/iqvF/qI/of5mrEH8VXJ3ZMVZE1FFFQUFFFFABRRRQAUUUUAFFFFABRRRQAUUUUAFFFFABRRRQAUUUUAFFFFABRRRQAUUUUAFFFFABRRRQAUUUUAFFFFABRRRQAUUUUAFFFFABRRRQAUUUUAFFFFABRRRQAUUUUAFFFFABRRRQAUUUUAFFFFABRRRQAUUUUAFFFFABRRRQAUUUUAFFFFABRRRQAUUUUAFFFFABRRRQAUUUUAFFFFABRUT/fFS0AFFFFADH3DkHgU1uMEdDUh6Goz/qaAE9v/AK5pyfdKntRH900J99qYhVDFAAcUoQDk8n3p1FIYUUUUAFFFFABTN5P3RkU49DQv3RQAxm3IPrzTmUFeByOlM/gb61IOlACK2VyaReSWP4Ug+4/1py/cH0oAUsF601fmfd2pR0FOoAagIzn1p1FFABRRRQAUUUUAFFFFABRRRQAUUUUAFFFFABRRRQAUUUUAFFFFABRRRQAUUUUAFFFFABRRRQAUUUUAFFFFABRRRQAUUUUAFFFFABRRRQAUUUUAFFFFABRRRQAUUUUAFFFFABRRRQAUUUUAFFFFABRRRQAUUUUAFFFFABRRRQAUUUUAFFFFABRRRQAUUUUAFFFFABRRRQAUUUUAFFFFABRRRQB//9kNCmVuZHN0cmVhbQ1lbmRvYmoNNTUgMCBvYmoNPDwvQ29udGVudHMgNTYgMCBSIC9NZWRpYUJveCBbMCAwIDk2MCA1NDBdIC9QYXJlbnQgMiAwIFIgL1Jlc291cmNlcyA8PC9FeHRHU3RhdGUgPDwvR1M4IDggMCBSPj4gL0ZvbnQgPDwvRlQxMCAxMCAwIFIgL0ZUMTUgMTUgMCBSIC9GVDMyIDMyIDAgUiAvRlQ0NCA0NCAwIFI+PiAvWE9iamVjdCA8PC9JTTU3IDU3IDAgUiAvSU01OSA1OSAwIFIgL0lNNjAgNjAgMCBSIC9JTTkgOSAwIFI+Pj4+IC9UeXBlIC9QYWdlPj4NZW5kb2JqDTU2IDAgb2JqDTw8L0ZpbHRlciAvRmxhdGVEZWNvZGUgL0xlbmd0aCAxNDYyPj4NCnN0cmVhbQ0KeJytWduK40YQfQ/4H/S8kJ6+VXU1hIBk2UsC+5CsIR8QsgvLTMJsHvL7KallS6qSxpbHmPHIR6XTpy7dXZJed66y/Pmx+wfRVn++7F53HZKxAN//2v3xofqb7brP9698+unjZ6q+/ivNvnzY/bazxkL1385Xn/jvV/771pvZ6vePl+te+6v6YSFkA74bmw8SdsM//fIpV+0/FXMxURmWL37dNafd0/HkbOW9q05fylA9S3/kosmYKvBonA/V6WX3Ex739c+nbz8cTqzsdgIwzpImKJL7CASsgM2pemG0HD13R8EZH/mwOz89Hiz6CPU6LtF8UxCYAINDfk3PNDRsDHmBCKLx/I1MF3se28SGeRjqTKpTy0jOAgkJdPDWhnCB5BgQo2CsWxAIOJI6nLRJtURi3EvEO8mTrEDooD2cRJODzPX2WhElQ2nwLYMBwCqisRgqh1wiOQ9VCmks00l8AvPr+HhMJnJZOucMQZhlIcgsqJgvcwYbNKd1aQMDFyZIhpL3qSqIJHWiEwimKK8CyVMnlAgkgQSUCPlWIHmfFWJv9xqc1157t4UhWMUQoJFRqkudBlmDt45CC9nxzt3OgHbB0zrIeNatzEu00hfCo0SsjljwlaeltYysyYmFhG5CDUKw9h2lp3HYYxZIdhJJHuYIlJBMbTAJGy5GFEjARo7VOzTjORwl0rZSj01zxEOj/HJJ8oBEIkkvtEJs5FXNXmqGfouYMS/sgquJCinqTHkXNzAQaYakVKU9yfgflfKkp8vquDEuKteb2DoDLCk/ysrJdLheS0dZAxBlJTdZ1UmQNuhlBTZJjaXnyA2amzpKhShr6b450tSykiNIhTUqPXIeWVKaycmxaierCGF/dc7WSSI6hmszVC+9bqkhChYMAm/83MWlrr3raonaPnrBT7RJBIbNbUSiQlLdKGRxpixri9ZpbWFhrsV4zbvAc+7MYEm3HqsagifjFEPUEV5nCMGAFQx12ssI23YDJ4Lm5GnZcTqbzpzWhg2ciWMlOaG0uROddSKJ5CQRau6owBRM2FKBw4yejlvWkwmSdZX2+rdW4FTbSgWu7DJn7zK3YuntClxhOFfgjGG5AlcYgue2SjAQiTXTt2GxAlc40WrOoQJzvFKAa5R8b20FJSa52UIKcsE7qAaklUvyUKRTZKFIr6Yx2GTCu9I4Z7gnjTOGB6VRqHpEGmeUutNtGok8KkU+Gve+FM0Y7krRlOFRKZqrekiKppTZqkbrKNsYamT7EaO6SjctqoVOBzmHH5X82N3AvSv5M4a7kj9leFTy56oekvwpZSKZ6tTK+Znoeu9Ze7kUQ6t6apK9+W3JX+0gsNulXeVjNhjz7Q1Etk4g5KJEDg9uapMLSuymnvbsLZKhM8Gmlha7WS8IYO9lnxSU41E5DrLzG+5PpjZWIrXd0IGlgErsprY2cZkTCgJXOuVAd3XKCbwBoSlaGZxoVXu60ijPW1hpE+GwPbdExl6qCzcsg8jhkgTW95pcHm8soF/RHU/JC1KXm49xUYq9/2li0q8oLo1Rh6YgYURyyczFfesLQuPgWo7f8OQoOTKAMw/xmDesyYnXeUHA5YPFEze6fyiIf8v/IWjuLRsVkZuY8XaHiDdPcO+ICLksCZZ0L6j0okRUzcQSoZTHa0p74d/kJXknDP1S78DP43qrg3xLkoSDmWRXE3DDwpa5DCVleY61bap3bba/LOMgb9eHR1qz5VfeJEdUO6Naxm9Zu3Ju5Z6rNojpwym+zbO+mn73by2B5xcnAgJ/v+wgdu8Ghp/PO+C1lwvfJ9+9h32+nM7exO415nDx5edw+mI+4X4+vwpGrt3pd1ER0UQaZQAapFEGoiGa8A6nx3HL1Zffw/lR9oT9efZO+pV7g2ACllQ7G/rFJnXmkXtU9mZ4rze8fmb70Isp9oG6N4TFPvjO22KOtph3n/8BIv2dkQ0KZW5kc3RyZWFtDWVuZG9iag02NCAwIG9iag08PC9CaXRzUGVyQ29tcG9uZW50IDggL0NvbG9yU3BhY2UgL0RldmljZUdyYXkgL0ZpbHRlciAvRmxhdGVEZWNvZGUgL0hlaWdodCAyOTEgL0xlbmd0aCAzNzQyIC9NYXR0ZSBbMCAwIDBdIC9TdWJ0eXBlIC9JbWFnZSAvVHlwZSAvWE9iamVjdCAvV2lkdGggMTc3ND4+DQpzdHJlYW0NCnic7d1pe9PGGoBh9oQ17HDYS6FQoIXz/3/cOdYs0oysmDi2IzTc93dS2e3Vh/fVSLl0CQAAAAAAAAAAAAAAAAAAAAAAAAAAAAAAAAAAAAAAAAAAAIDWXAaAPZq7a5W5vwwAWid0APwmlA6A38Ov2borAHBGv17vpA2ACzBr72QOgIs0R++UDoCLd7G9+1nprgLAHvysePO0bu5vBYA2zdC76dZtuMZrAHBGZ0vewXM31TpxA+BQTineYXu33jqdA+DgJoJ3wNytxW46dNcBYA+mk3fo3J3SOpkD4JDWgjfu3SFjV6euvKwbALAHU8kre3eI3E3FblS69Qs9AoCtbIhe0btD5W5qi1m0TuAA2L9x8sa5u7Ln3J022JWpK6/vGAB2MNG8yd7tNXenxG5I3emVuwkAZ3R69YbgHS5367GrWjcK3dzfFQBtGCVvrXd7zt2psetTN87cLQDYyTh6ffAOlrsNsetTt5a52wBwTmvR64O3IXcHiN0w2PWpW6/cHQDY2nr1+uBV491+c1ftMavYxdb1pZtq3F0A2MJU9/ri9b0b5W4Pu8xNsStaV3Suvu57AHBGk+XLwet7d4jc/Sx2ZeqmAncCAGc0lb46eJtzd5jYhbkupa7oXHXl9wHgjCbSl4sXgxfGuwPkrqhdGbujGLvQupS6oXPFdT8AgC2spS8XLwYvjnfh5l2du91q9/PYxdal0o0T9xAAtjIOXype7t1hclfvMevY9a2LqRs6l6/4EQBsre5eKl4IXu7dOHfFLnMPo118qDyfT4mx61oXU9d3Ll7sYwA4pyJ7qXgheF3vUu6OY+6uDbnbYbib2GPGyS5tMfvWpdINmXtSegqwjWfT5r4sDqsKxxC9VLyhd2mbedTnrt5l7hS7K0PsbuTY5cGua10sXZ+5/tpP+U92Ns/PYu6LrJzpircw9+e5YM1+e7/kRW1l9AmW/a+Dvarjl5IXgtf1Lo13KXc3htzttMsc7zGv5z1mit3QupC6vnPxinf7/8qu/rO7hV/+Hsz5Dexmyd/LQa/0gj/NPj/LWR3y85zlY87wz29R0b2YvBC8vncxd3mXeX28y9w6dv8DgBmkvzek5qXgpd5N5W634W7uTwvA7+nFixf9rByKV/Qu5O727Vs3bxYnVXYa7ub+tAD8nl52XsTmheD1vatz19+6qw6qqB0AS/D61UoqXghe6l3OXXcys9hljoY7tQNgCd687vTF63u3Gu9S7rpbd+Uuc4faXZ770wLwe3r79s1KX7zUu5y7YZe5l+FO7QCYxbt3797m4uXehfEuLjNHw9313YY7tQNgFn/88UcM3tsw4eXxLkx3oXYn1UGV4pyK2gGwFO/fv++DF+e7Ve+q3BXDXbXK3L52l9UOgFn8+ef7Inihdzl35XBXHcs87ypT7QCYx4cPf+bgdb3rc/d8yF0/3BXnVNQOgAX5+OFDDl7Xu9V4l3NX1K4f7nZbZaodAPP46+PHj7l33T4z5e5FnbvJ2l1ROwCW4a+VELzUuz53o9qNT2WqHQDL8enTp6F3fe5e9bkbVplqB8BSff6UexfHuy53b95MDHflKvN8tbusdgDM4/NK6F0c71bTXXcyM+8y61Vmep3KeY+pqB0AM/n777+H3qXchV1mGu7UDoDl+1LnLu8yuzt35Y278ok7tQNgYb586XvX5y7sMsNwV924WzumonYALMPXL6F3OXd5l/lm/cZdd0xF7QBYoq9fv+bxLuZuGO7CjbtNhzLVDoBl+PY19C7nrttl5jt3L19MHFNROwCW59u3b33uiuEurTJHx1TKd4dt/8Cd2gEwk3+G3BXD3bt3b94Mx1TqQ5lqB8DS/FPnLgx3+ZxKf0zl5KR4d9j1uMpUOwAW458qd91w9+HDn+PaVY8gqB0AS/Nvzl0e7tIqsz+m8rNHENQOgF/ev3Xu+lWm2gHQjn9T7rpdZl5lplOZ6VDmTx64UzsAfnnfQ+7ycFevMtUOgDZ8H4a7cpVZ1O7x5sfL1Q6AX973Mnf9KrOvXXjgTu0AWLbv3/MuM64yy9q9UjsAmvC9GO7yjbvuibv4CEL5MhW1A2CpfoTclavMVLt3agdAK35Uq8zymEqs3bNcu7t31A6Ahepq9726cdcfylQ7ABrx48e4dp/Wa/fgvtoBsGA/utzlVabaAdCkDbV7E16UqXYALN5a7T6rHQCt+VHfuFM7ABqkdgC0T+0AaJ/aAdC+i6vdZbUDYCb/LQ5lDi/KLGr39PHw61xv3jw+Ogq1uxZqt1Xu1A6AuagdAO1TOwDap3YAtE/tAGif2gHQPrUDoH1qB0D71A6A9qkdAO1TOwDap3YAtE/tAGif2gHQPrUDoH1qB0D71A6A9qkdAO1TOwDap3YAtE/tAGif2gHQPrUDoH1qB0D71A6A9qkdAO1TOwDap3YAtE/tAGif2gHQPrUDoH1qB0D71A6A9qkdAO1TOwDap3YAtE/tAGif2gHQPrUDoH1qB0D71A6A9qkdAO1TOwDap3YAtE/tAGif2gHQPrUDoH1qB0D71A6A9qkdAO1TOwDap3YAtE/tAGif2gHQPrUDoH1qB0D71A6A9qkdAO1TOwDap3YAtE/tAGif2gHQPrUDoH1qB0D71A6A9qkdAO1TOwDap3YAtE/tAGif2gHQPrUDoH1qB0D71A6A9qkdAO1TOwDap3YAtE/tAGif2gHQPrUDoH1qB0D71A6A9qkdAO1TOwDap3YAtE/tAGif2gHQPrUDoH0XV7tLagfATELsvofYhdp9HtfuSajdvbuhdsfHRzdC7a6G2m0VO7UDYC5qB0D71A6A9qkdAO1TOwDaVxzJ/Pb1i9oB0KK12n1SOwBas6F2r1+9/I/aAdCA+rad2gHQoi52de3+Wq9d9yoVtQNgseJo1x/JLGr3Ru0AaEReZBa1+/hhVbt3qXZPc+3u3FY7ABYqj3bVAwhd7d6qHQCtqBaZ9QMIr1+9iLV7oHYALFox2sVFZlG7l2oHQBPK2FWHVGLtnq1q91DtAFi2vMdMi8zutt2odsMvc1U7AJZpGO2KRWb/4jC1A6AFKXajReb7P8KRzBfPnz19XNXuSO0AWJ46dtUiU+0AaESOXRrt0tN2/QMI6TWZsXY3Q+2ux9pdUTsAlqKK3bDIrGt3cnJX7QBYrjp2/SLz3ZtwSKV4lUpRu2tqB8CiDLELe8zhRObrV/XjdtVLodUOgCXpWpdiN4x2xSGV4QGE6YfL1Q6AX19oXR+7PNr1t+1GRzLVDoAl6loX7tml2A1nVF6Oj2ROPoCgdgD8+vJgF2NXjnb9IZX6AQS1A2Bx+tYNsYujXfjF5fUhlVS7a2oHwLLUsUt7zH6RuXZIpX8AQe0AWI7PQ+ty7LrRbv223e61u6R2AMyjS92qdXGwy3vMYbTbdCRzy8ft1A6AueTWhdi9D7GLd+1elLftJg+pqB0AC/HX0LohdhOjndoBsFwxdbl1Q+w2LTLVDoBl6VIXW9cNdjl2o9FuunbbHlJROwBmklMXWhcOqKTYVaNdfduueCe02gGwADl1oXVD7IrRrlhkrt+226p2l9QOgFkUqYut62O3NtrtushUOwBm0qcutC4MdnXsJk9kqh0AS5KnujjXxdg9f/4s7DHHo133IpVdFplqB8A8cumG1oUDKqvYpT1m+dawtecPtqzdpbk/LQC/pxC6WLq+dX3sxqPdbmdU1A6AmXShS6VbpS63Lq4x62ft9jDaqR0As3iZShdTl1vXx646olKeUVE7AJYjdi6UbpW6oXWj2E2PdmoHwCLEznWhW5VulbqhdTF21R5zuGt3ztpdin+s+wGrH7Rq5+pn3rhxdHR8fPPWrdt37ty9d+/k5P79Bw8ePnz06NHjx6vrefK08yx4DgDnECsSgvIkpS63bjJ2u412Ze363N0IubuZclf0LgYvJi82b+geAJxNH5AnMXQpdUPrUuyKm3a7jnaj4S7n7ijn7nbKXehdF7yueCF5KXrZUwD4iSocsSWPYulWqQuti7G7nWNX3LTbabTLtSt2mdfyLvM45m7oXRe8ULyQvBw9ANheLMnDVLpV6vrWxdgdFydU6j3muWo3tctM013OXehdCl4oXmpenz0A2EauSGzK/Zy60Locu6O1m3Y7jHbj4W6Uu6F3KXiheLl5ZfcA4GyGhsSmnOTU9a1bi93Oo91Zcpd61wUvFC83bxQ+APi5IiGxKfdi6mLrDhW7snZV7uKDCKl3OXiheLl5J2vpA4CNqoDEptwdUhdalx49GMVu19ptzl0Y7/rgxeLl5t2bSB8AbFAFJEXlTp+6ONgdJHa5dqfnrg7e0Lyp9AHABnVBUlaG1P0sdjvUbmPuyt6F4A3NmyofAGxWRSSF5VbVusPErt5l1rlLvQvBi8Xrm7fWPQA4kyIkKS03U+pS68ax232PeWruhvEu9C4Gr09eXT0A2MpQk5SX49S6YbDbe+zqXeYod6F3MXi5eFX0AOA8hqYc96krBrv12O1cu9NzF3oXg5eKV0UPAM6vD8tRn7qudYeK3VTu6t6l4BXJ0z4AtrZekdyXG2ut23/sTs1d6F0KXl+86eoBwNmVTbkxpC607mCxG+du3LscvFHzAGAXQ12uT7Zu37Ebcrc23qXeVcmTPgDOZ70lfWaunTbY7S9207lLvSuKNxk9ANhe2Zbcm6sHjt1a7lLv+uDVyQOA/Rg6c/Xq1BZzv7ErcjfqXRE80QNgX+q6XD2ldfuO3UTu+t6tJQ8A9qWIzZXDx67MXd+7MniaB8Be1Y25st66Q8TulN6Niyd/AJzLhpwU0Tl46+rclb3bnDwAOLe6NpcvInYbe6d6AOzPVGMuqnXj3k0XDwD2ra7PoVu33jvFA+Cwxt25iNZN9U70ADiAydxcVOtO7Z0AAnBuZyvLRbbu7L0DgP256NYpHgAXa57SSR4AF2Tm0NXm/jIAaMvcXQMAAAAAAAAAAAAAAAAAAAAAAAAAAAAAAAAAAAAAAAAAgIv2f+MH34cNCmVuZHN0cmVhbQ1lbmRvYmoNNjMgMCBvYmoNPDwvQml0c1BlckNvbXBvbmVudCA4IC9Db2xvclNwYWNlIC9EZXZpY2VSR0IgL0ZpbHRlciAvRENURGVjb2RlIC9IZWlnaHQgMjkxIC9MZW5ndGggMTg0MzQgL1NNYXNrIDY0IDAgUiAvU3VidHlwZSAvSW1hZ2UgL1R5cGUgL1hPYmplY3QgL1dpZHRoIDE3NzQ+Pg0Kc3RyZWFtDQr/2P/gABBKRklGAAEBAAABAAEAAP/bAEMACAYGBwYFCAcHBwkJCAoMFA0MCwsMGRITDxQdGh8eHRocHCAkLicgIiwjHBwoNyksMDE0NDQfJzk9ODI8LjM0Mv/bAEMBCQkJDAsMGA0NGDIhHCEyMjIyMjIyMjIyMjIyMjIyMjIyMjIyMjIyMjIyMjIyMjIyMjIyMjIyMjIyMjIyMjIyMv/AABEIASMG7gMBIgACEQEDEQH/xAAfAAABBQEBAQEBAQAAAAAAAAAAAQIDBAUGBwgJCgv/xAC1EAACAQMDAgQDBQUEBAAAAX0BAgMABBEFEiExQQYTUWEHInEUMoGRoQgjQrHBFVLR8CQzYnKCCQoWFxgZGiUmJygpKjQ1Njc4OTpDREVGR0hJSlNUVVZXWFlaY2RlZmdoaWpzdHV2d3h5eoOEhYaHiImKkpOUlZaXmJmaoqOkpaanqKmqsrO0tba3uLm6wsPExcbHyMnK0tPU1dbX2Nna4eLj5OXm5+jp6vHy8/T19vf4+fr/xAAfAQADAQEBAQEBAQEBAAAAAAAAAQIDBAUGBwgJCgv/xAC1EQACAQIEBAMEBwUEBAABAncAAQIDEQQFITEGEkFRB2FxEyIygQgUQpGhscEJIzNS8BVictEKFiQ04SXxFxgZGiYnKCkqNTY3ODk6Q0RFRkdISUpTVFVWV1hZWmNkZWZnaGlqc3R1dnd4eXqCg4SFhoeIiYqSk5SVlpeYmZqio6Slpqeoqaqys7S1tre4ubrCw8TFxsfIycrS09TV1tfY2dri4+Tl5ufo6ery8/T19vf4+fr/2gAMAwEAAhEDEQA/APn+iiigAooooAKKKKACiiigAooooAKKKKACiiigAooooAKKKKACiiigAooooAKKKKACiiigAooooAKKKKACiiigAooooAKKKKACiiigAooooAKKKKACiiigAooooAKKKKACiiigAooooAKKKKACiiigAooooAKKKKACiiigAooooAKKKKACiiigAooooAKKKKACiiigAooooAKKKKACiiigAooooAKKKKACiiigAooooAKKKKACiiigAooooAKKKKACiiigAooooAKKKKACiiigAooooAKKKKACiiigAooooAKKKKACiiigAooooAKKKKACiiigAooooAKKKKACiiigAooooAKKKKACiiigAooooAKKKKACiiigAooooAKKKKACiiigAooooAKKKKACiiigAooooAKKKKACiiigAooooAKKKKACiiigAooooAKKKKACiiigAooooAKKKKACiiigAooooAKKKKACiiigAooooAKKKKACiiigAooooAKKKKACiiigAooooAKKKKACiiigAooooAKKKKACiiigAooooAKKKKACiiigAooooAKKKKACiiigAooooAKKKKACiiigAooooAKKKKACiijFABRS4ooASilooASilooASilooASilooASilooASilooASilooASilooASilooASilooASilooASilooASilooASilooASilooASilooASilooASilooASilooASilooASilooASilooASilooASilooASilooASilooASilooASilooASilooASilooASilooASilooASilooASilooASilooASilooASilooASilooASilooASilooASilooASilooASilooASilooASilooASilooASilooASilooASilooASilooASilooASilooASilooASilooASilooASilooASilooASilooASilooASilooASilooASilooASilooASilooASilooASilooASilooASilooASilooASilooASilooASilooASilooASilooASilooASilooASilooASilooASilooASilooASilooASilooASilooASilooASilooASilooASilooASilooASilooASilooASilooASilooASilooASilooASilooASilooASilooASilooASilooASilooASilooASiloxQAlFGKKACiiigAooooAKKKKACiiigAooooAKKKWgApcUAU4CgBuKXFPxS7aAI8UuKfto20AMxRipNtG2gCPFGKk20baAI8UYqTbRtoAjxRipNtG2gCPFGKk20baAI8UYqTbRtoAjxRipNtG2gCPFGKk20baAI8UYqTbRtoAjxRipNtG2gCPFGKk20baAI8UYqTbRtoAjxRipNtG2gCPFGKk20baAI8UYqTbRtoAjxRipNtG2gCPFGKk20baAI8UYqTbRtoAjxRipNtG2gCPFGKk20baAI8UYqTbRtoAjxRipNtG2gCPFGKk20baAI8UYqTbRtoAjxRipNtG2gCPFGKk20baAI8UYqTbRtoAjxRipNtG2gCPFGKk20baAI8UYqTbRtoAjxRipNtG2gCPFGKk20baAI8UYqTbRtoAjxRipNtG2gCPFGKk20baAI8UYqTbRtoAjxRipNtG2gCPFGKk20baAI8UYqTbRtoAjxRipNtG2gCPFGKk20baAI8UYqTbRtoAjxRipNtG2gCPFGKk20baAI8UYqTbRtoAjxRipNtG2gCPFGKk20baAI8UYqTbRtoAjxRipNtG2gCPFGKk20baAI8UYqTbRtoAjxRipNtG2gCPFGKk20baAI8UYqTbRtoAjxRipNtG2gCPFGKk20baAI8UYqTbRtoAjxRipNtG2gCPFGKk20baAI8UYqTbRtoAjxRipNtG2gCPFGKk20baAI8UYqTbRtoAjxRipNtG2gCPFGKk20baAI8UYqTbRtoAjxRipNtG2gCPFGKk20baAI8UYqTbRtoAjxRipNtG2gCPFGKk20baAI8UYqTbRtoAjxRipNtG2gCPFGKk20baAI8UYqTbRtoAjxRipNtG2gCPFGKk20baAI8UYqTbRtoAjxRipNtG2gCPFGKk20baAI8UYqTbRtoAjxRipNtG2gCPFGKk20baAI8UYqTbRtoAjxRipNtG2gCPFGKk20baAI8UYqTbRtoAjxRipNtG2gCPFGKk20baAI8UYqTbRtoAjxRipNtG2gCPFGKk20baAI8UYqTbRtoAjxRipNtG2gCPFGKk20baAI8UYqTbRtoAjxRipNtG2gCPFGKk20baAI8UYqTbRtoAjxSYqTbRtoAjxSYqXbSYoAjxSU8imkUANopaSgAooooAKKKKACiiigArcg8F+Krq3iuLfw1rM0EqB45I7CVldSMgghcEEc5rDr7f8AAn/JPPDX/YKtf/RS0AfIP/CCeL/+hU1z/wAF0v8A8TSjwJ4v/wChV1z/AMF0v/xNfbtFAHxIPAni/wD6FXXP/BfL/wDE04eBfF3/AEK2t/8Agvl/+Jr7ZooA+KB4F8W/9Ctrf/gvl/8Aiad/wgvi3/oVtb/8F8v/AMTX2rRQB8Vf8IL4t/6FbW//AAXy/wDxNL/wgvi3/oV9b/8ABfL/APE19qUUAfFf/CC+Lf8AoV9b/wDBfL/8TR/wgvi3/oV9b/8ABfL/APE19qUUAfFf/CC+Lf8AoV9b/wDBfL/8TR/wgvi3/oV9b/8ABfL/APE19qUUAfFf/CC+Lf8AoV9b/wDBfL/8TR/wgvi3/oV9b/8ABfL/APE19qUUAfFf/CC+Lf8AoV9b/wDBfL/8TR/wgvi3/oV9b/8ABfL/APE19qUUAfFf/CC+Lf8AoV9b/wDBfL/8TR/wgvi3/oV9b/8ABfL/APE19qUUAfFf/CC+Lf8AoV9b/wDBfL/8TR/wgvi3/oV9b/8ABfL/APE19qUUAfFf/CC+Lf8AoV9b/wDBfL/8TR/wgvi3/oV9b/8ABfL/APE19qUUAfFf/CC+Lf8AoV9b/wDBfL/8TR/wgvi3/oV9b/8ABfL/APE19qUUAfFf/CC+Lf8AoV9b/wDBfL/8TR/wgvi3/oV9b/8ABfL/APE19qUUAfFf/CC+Lf8AoV9b/wDBfL/8TR/wgvi3/oV9b/8ABfL/APE19qUUAfFf/CC+Lf8AoV9b/wDBfL/8TR/wgvi3/oV9b/8ABfL/APE19qUUAfFf/CC+Lf8AoV9b/wDBfL/8TR/wgvi3/oV9b/8ABfL/APE19qUUAfFf/CC+Lf8AoV9b/wDBfL/8TR/wgvi3/oV9b/8ABfL/APE19qUUAfFf/CC+Lf8AoV9b/wDBfL/8TR/wgvi3/oV9b/8ABfL/APE19qUUAfFf/CC+Lf8AoV9b/wDBfL/8TR/wgvi3/oV9b/8ABfL/APE19qUUAfFf/CC+Lf8AoV9b/wDBfL/8TR/wgvi3/oV9b/8ABfL/APE19qUUAfFf/CC+Lf8AoV9b/wDBfL/8TR/wgvi3/oV9b/8ABfL/APE19qUUAfFf/CC+Lf8AoV9b/wDBfL/8TR/wgvi3/oV9b/8ABfL/APE19qUUAfFf/CC+Lf8AoV9b/wDBfL/8TR/wgvi3/oV9b/8ABfL/APE19qUUAfFf/CC+Lf8AoV9b/wDBfL/8TR/wgvi3/oV9b/8ABfL/APE19qUUAfFf/CC+Lf8AoV9b/wDBfL/8TR/wgvi3/oV9b/8ABfL/APE19qUUAfFf/CC+Lf8AoV9b/wDBfL/8TR/wgvi3/oV9b/8ABfL/APE19qUUAfFf/CC+Lf8AoV9b/wDBfL/8TR/wgvi3/oV9b/8ABfL/APE19qUUAfFf/CC+Lf8AoV9b/wDBfL/8TR/wgvi3/oV9b/8ABfL/APE19qUUAfFf/CC+Lf8AoV9b/wDBfL/8TR/wgvi3/oV9b/8ABfL/APE19qUUAfFf/CC+Lf8AoV9b/wDBfL/8TR/wgvi3/oV9b/8ABfL/APE19qUUAfFf/CC+Lf8AoV9b/wDBfL/8TR/wgvi3/oV9b/8ABfL/APE19qUUAfFf/CC+Lf8AoV9b/wDBfL/8TR/wgvi3/oV9b/8ABfL/APE19qUUAfFf/CC+Lf8AoV9b/wDBfL/8TR/wgvi3/oV9b/8ABfL/APE19qUUAfFf/CC+Lf8AoV9b/wDBfL/8TR/wgvi3/oV9b/8ABfL/APE19qUUAfFf/CC+Lf8AoV9b/wDBfL/8TR/wgvi3/oV9b/8ABfL/APE19qUUAfFf/CC+Lf8AoV9b/wDBfL/8TR/wgvi3/oV9b/8ABfL/APE19qUUAfFf/CC+Lf8AoV9b/wDBfL/8TR/wgvi3/oV9b/8ABfL/APE19qUUAfFf/CC+Lf8AoV9b/wDBfL/8TR/wgvi3/oV9b/8ABfL/APE19qUUAfFf/CC+Lf8AoV9b/wDBfL/8TR/wgvi3/oV9b/8ABfL/APE19qUUAfFf/CC+Lf8AoV9b/wDBfL/8TR/wgvi3/oV9b/8ABfL/APE19qUUAfFf/CC+Lf8AoV9b/wDBfL/8TR/wgvi3/oV9b/8ABfL/APE19qUUAfFf/CC+Lf8AoV9b/wDBfL/8TR/wgvi3/oV9b/8ABfL/APE19qUUAfFf/CC+Lf8AoV9b/wDBfL/8TR/wgvi3/oV9b/8ABfL/APE19qUUAfFf/CC+Lf8AoV9b/wDBfL/8TR/wgvi3/oV9b/8ABfL/APE19qUUAfFf/CC+Lf8AoV9b/wDBfL/8TR/wgvi3/oV9b/8ABfL/APE19qUUAfFf/CC+Lf8AoV9b/wDBfL/8TR/wgvi3/oV9b/8ABfL/APE19qUUAfFf/CC+Lf8AoV9b/wDBfL/8TR/wgvi3/oV9b/8ABfL/APE19qUUAfFf/CC+Lf8AoV9b/wDBfL/8TR/wgvi3/oV9b/8ABfL/APE19qUUAfFf/CC+Lf8AoV9b/wDBfL/8TR/wgvi3/oV9b/8ABfL/APE19qUUAfFf/CC+Lf8AoV9b/wDBfL/8TR/wgvi3/oV9b/8ABfL/APE19qUUAfFf/CC+Lf8AoV9b/wDBfL/8TR/wgvi3/oV9b/8ABfL/APE19qUUAfFf/CC+Lf8AoV9b/wDBfL/8TR/wgvi3/oV9b/8ABfL/APE19qUUAfFf/CC+Lf8AoV9b/wDBfL/8TR/wgvi3/oV9b/8ABfL/APE19qUUAfFf/CC+Lf8AoV9b/wDBfL/8TR/wgvi3/oV9b/8ABfL/APE19qUUAfFf/CC+Lf8AoV9b/wDBfL/8TR/wgvi3/oV9b/8ABfL/APE19qUUAfFf/CC+Lf8AoV9b/wDBfL/8TR/wgvi3/oV9b/8ABfL/APE19qUUAfFf/CC+Lf8AoV9b/wDBfL/8TR/wgvi3/oV9b/8ABfL/APE19qUUAfFf/CC+Lf8AoV9b/wDBfL/8TR/wgvi3/oV9b/8ABfL/APE19qUUAfFf/CC+Lf8AoV9b/wDBfL/8TR/wgvi3/oV9b/8ABfL/APE19qUUAfFf/CC+Lf8AoV9b/wDBfL/8TR/wgvi3/oV9b/8ABfL/APE19qUUAfFf/CC+Lf8AoV9b/wDBfL/8TR/wgvi3/oV9b/8ABfL/APE19qUUAfFf/CC+Lf8AoV9b/wDBfL/8TR/wgvi3/oV9b/8ABfL/APE19qUUAfFf/CC+Lf8AoV9b/wDBfL/8TR/wgvi3/oV9b/8ABfL/APE19qUUAfFf/CC+Lf8AoV9b/wDBfL/8TR/wgvi3/oV9b/8ABfL/APE19qUUAfFf/CC+Lf8AoV9b/wDBfL/8TR/wgvi3/oV9b/8ABfL/APE19qUUAfFf/CC+Lf8AoV9b/wDBfL/8TR/wgvi3/oV9b/8ABfL/APE19qUUAfFf/CC+Lf8AoV9b/wDBfL/8TR/wgvi3/oV9b/8ABfL/APE19qUUAfFf/CC+Lf8AoV9b/wDBfL/8TR/wgvi3/oV9b/8ABfL/APE19qUUAfFf/CC+Lf8AoV9b/wDBfL/8TR/wgvi3/oV9b/8ABfL/APE19qUUAfFf/CC+Lf8AoV9b/wDBfL/8TR/wgvi3/oV9b/8ABfL/APE19qUUAfFf/CC+Lf8AoV9b/wDBfL/8TR/wgvi3/oV9b/8ABfL/APE19qUUAfFf/CC+Lf8AoV9b/wDBfL/8TR/wgvi3/oV9b/8ABfL/APE19qUUAfFf/CC+Lf8AoV9b/wDBfL/8TR/wgvi3/oV9b/8ABfL/APE19qUUAfFf/CC+Lf8AoV9b/wDBfL/8TR/wgvi3/oV9b/8ABfL/APE19qUUAfFf/CC+Lf8AoV9b/wDBfL/8TR/wgvi3/oV9b/8ABfL/APE19qUUAfFf/CC+Lf8AoV9b/wDBfL/8TR/wgvi3/oV9b/8ABfL/APE19qUUAfFf/CC+Lf8AoV9b/wDBfL/8TR/wgvi3/oV9b/8ABfL/APE19qUUAfFf/CC+Lf8AoV9b/wDBfL/8TR/wgvi3/oV9b/8ABfL/APE19qUUAfFf/CC+Lf8AoV9b/wDBfL/8TR/wgvi3/oV9b/8ABfL/APE19qUUAfFf/CC+Lf8AoV9b/wDBfL/8TR/wgvi3/oV9b/8ABfL/APE19qUUAfFf/CC+Lf8AoV9b/wDBfL/8TR/wgvi3/oV9b/8ABfL/APE19qUUAfFf/CC+Lf8AoV9b/wDBfL/8TR/wgvi3/oV9b/8ABfL/APE19qUUAfFf/CC+Lf8AoV9b/wDBfL/8TR/wgvi3/oV9b/8ABfL/APE19qUUAfFf/CC+Lf8AoV9b/wDBfL/8TR/wgvi3/oV9b/8ABfL/APE19qUUAfFf/CC+Lf8AoV9b/wDBfL/8TR/wgvi3/oV9b/8ABfL/APE19qUUAfFf/CC+Lf8AoV9b/wDBfL/8TR/wgvi3/oV9b/8ABfL/APE19qUUAfFf/CC+Lf8AoV9b/wDBfL/8TR/wgvi3/oV9b/8ABfL/APE19qUUAfFf/CC+Lf8AoV9b/wDBfL/8TR/wgvi3/oV9b/8ABfL/APE19qUUAfFf/CC+Lf8AoV9b/wDBfL/8TR/wgvi3/oV9b/8ABfL/APE19qUUAfFf/CC+Lf8AoV9b/wDBfL/8TR/wgvi3/oV9b/8ABfL/APE19qUUAfFf/CC+Lf8AoV9b/wDBfL/8TR/wgvi3/oV9b/8ABfL/APE19qUUAfFf/CC+Lf8AoV9b/wDBfL/8TR/wgvi3/oV9b/8ABfL/APE19qUUAfFf/CC+Lf8AoV9b/wDBfL/8TR/wgvi3/oV9b/8ABfL/APE19qUUAfFf/CC+Lf8AoV9b/wDBfL/8TR/wgvi3/oV9b/8ABfL/APE19qUUAfFf/CC+Lf8AoV9b/wDBfL/8TR/wgvi3/oV9b/8ABfL/APE19qUUAfFf/CC+Lf8AoV9b/wDBfL/8TR/wgvi3/oV9b/8ABfL/APE19qUUAfFf/CC+Lf8AoV9b/wDBfL/8TR/wgvi3/oV9b/8ABfL/APE19qUUAfFf/CC+Lf8AoV9b/wDBfL/8TR/wgvi3/oV9b/8ABfL/APE19qUUAfFf/CC+Lf8AoV9b/wDBfL/8TR/wgvi3/oV9b/8ABfL/APE19qUUAfFf/CC+Lf8AoV9b/wDBfL/8TR/wgvi3/oV9b/8ABfL/APE19qUUAfFf/CC+Lf8AoV9b/wDBfL/8TR/wgvi3/oV9b/8ABfL/APE19qUUAfFf/CC+Lf8AoV9b/wDBfL/8TR/wgvi3/oV9b/8ABfL/APE19qUUAfFf/CC+Lf8AoV9b/wDBfL/8TR/wgvi3/oV9b/8ABfL/APE19qUUAfFf/CC+Lf8AoV9b/wDBfL/8TWJPbTWtxJb3ETxTRMUkjkUqyMDggg8gg9q+76+MPG6/8V94j/7Clz/6NagDmttIVqcrTStAEBWmEVORUTCgCIikp5FNNADaKKKACiiigAooooAK+3/An/JPPDX/AGCrX/0UtfEFfb/gT/knnhr/ALBVr/6KWgDoKKKKACiiigAooooAKKKKACiiigAooooAKKKKACiiigAooooAKKKKACiiigAooooAKKKKACiiigAooooAKKKKACiiigAooooAKKKKACiiigAooooAKKKKACiiigAooooAKKKKACiiigAooooAKKKKACiiigAooooAKKKKACiiigAooooAKKKKACiiigAooooAKKKKACiiigAooooAKKKKACiiigAooooAKKKKACiiigAooooAKKKKACiiigAooooAKKKKACiiigAooooAKKKKACiiigAooooAKKKKACiiigAooooAKKKKACiiigAooooAKKKKACiiigAooooAKKKKACiiigAooooAKKKKACiiigAooooAKKKKACiiigAooooAKKKKACiiigAooooAKKKKACiiigAooooAKKKKACiiigAooooAKKKKACiiigAooooAKKKKACiiigAooooAKKKKACiiigAooooAKKKKACiiigAooooAKKKKACiiigAooooAKKKKACiiigAooooAKKKKACiiigAooooAKKKKACvjTxsP+K88Rf8AYTuf/RrV9l18b+NR/wAV34h/7Cdz/wCjWoA54imEVMRTCKAIGFRMKnYVC1AEJphqQ0w0ANNJSmkoAKKKKACiiigAr7f8Cf8AJPPDX/YKtf8A0UtfEFfb/gT/AJJ54a/7BVr/AOiloA6CiiigAooooAKKKKACiiigAooooAKKKKACiiigAooooAKKKKACiiigAooooAKKKKACiiigAooooAKKKKACiiigAooooAKKKKACiiigAooooAKKKKACiiigAooooAKKKKACiiigAooooAKKKKACiiigAooooAKKKKACiiigAooooAKKKKACiiigAooooAKKKKACiiigAooooAKKKKACiiigAooooAKKKKACiiigAooooAKKKKACiiigAooooAKKKKACiiigAooooAKKKKACiiigAooooAKKKKACiiigAooooAKKKKACiiigAooooAKKKKACiiigAooooAKKKKACiiigAooooAKKKKACiiigAooooAKKKKACiiigAooooAKKKKACiiigAooooAKKKKACiiigAooooAKKKKACiiigAooooAKKKKACiiigAooooAKKKKACiiigAooooAKKKKACiiigAooooAKKKKACiiigAooooAKKKKACiiigAooooAKKKKACiiigAooooAKKKKACiiigAooooAKKKKACiiigAr458a/8j34h/wCwnc/+jWr7Gr468a/8j34h/wCwnc/+jWoAwCKjNSmo2oAhaoWqdqgagCJqjNSNUZoAbSUtJQAUUUUAFFFFABX2/wCBP+SeeGv+wVa/+ilr4gr7f8Cf8k88Nf8AYKtf/RS0AdBRRRQAUUUUAFFFFABRRRQAUUUUAFFFFABRRRQAUUUUAFFFFABRRRQAUUUUAFFFFABRRRQAUUUUAFFFFABRRRQAUUUUAFFFFABRRRQAUUUUAFFFFABRRRQAUUUUAFFFFABRRRQAUUUUAFFFFABRRRQAUUUUAFFFFABRRRQAUUUUAFFFFABRRRQAUUUUAFFFFABRRRQAUUUUAFFFFABRRRQAUUUUAFFFFABRRRQAUUUUAFFFFABRRRQAUUUUAFFFFABRRRQAUUUUAFFFFABRRRQAUUUUAFFFFABRRRQAUUUUAFFFFABRRRQAUUUUAFFFFABRRRQAUUUUAFFFFABRRRQAUUUUAFFFFABRRRQAUUUUAFFFFABRRRQAUUUUAFFFFABRRRQAUUUUAFFFFABRRRQAUUUUAFFFFABRRRQAUUUUAFFFFABRRRQAUUUUAFFFFABRRRQAUUUUAFFFFABRRRQAUUUUAFFFFABRRRQAUUUUAFFFFABRRRQAUUUUAFFFFABRRRQAUUUUAFFFFABRRRQAUUUUAFFFFABRRRQAV8deNf8AkevEP/YTuf8A0a1fYtfHXjX/AJHrxD/2E7n/ANGtQBgmo2qQ1G1AETVA1TtUDUARNUZqRqjNADaSlpKACiiigAooooAK+3/An/JPPDX/AGCrX/0UtfEFfb/gT/knnhr/ALBVr/6KWgDoKKKKACiiigAooooAKKKKACiiigAooooAKKKKACiiigAooooAKKKKACiiigAooooAKKKKACiiigAooooAKKKKACiiigAooooAKKKKACiiigAooooAKKKKACiiigAooooAKKKKACiiigAooooAKKKKACiiigAooooAKKKKACiiigAooooAKKKKACiiigAooooAKKKKACiiigAooooAKKKKACiiigAooooAKKKKACiiigAooooAKKKKACiiigAooooAKKKKACiiigAooooAKKKKACiiigAooooAKKKKACiiigAooooAKKKKACiiigAooooAKKKKACiiigAooooAKKKKACiiigAooooAKKKKACiiigAooooAKKKKACiiigAooooAKKKKACiiigAooooAKKKKACiiigAooooAKKKKACiiigAooooAKKKKACiiigAooooAKKKKACiiigAooooAKKKKACiiigAooooAKKKKACiiigAooooAKKKKACiiigAooooAKKKKACiiigAooooAKKKKACiiigAooooAKKKKACvjrxr/AMj14h/7Cdz/AOjWr7Fr468a/wDI9eIf+wnc/wDo1qAME1G1SGo2oAiaoGqdqgagCJqjNSNUZoAbSUtJQAUUUUAFFFFABX2/4E/5J54a/wCwVa/+ilr4gr7f8Cf8k88Nf9gq1/8ARS0AdBRRRQAUUUUAFFFFABRRRQAUUUUAFFFFABRRRQAUUUUAFFFFABRRRQAUUUUAFFFFABRRRQAUUUUAFFFFABRRRQAUUUUAFFFFABRRRQAUUUUAFFFFABRRRQAUUUUAFFFFABRRRQAUUUUAFFFFABRRRQAUUUUAFFFFABRRRQAUUUUAFFFFABRRRQAUUUUAFFFFABRRRQAUUUUAFFFFABRRRQAUUUUAFFFFABRRRQAUUUUAFFFFABRRRQAUUUUAFFFFABRRRQAUUUUAFFFFABRRRQAUUUUAFFFFABRRRQAUUUUAFFFFABRRRQAUUUUAFFFFABRRRQAUUUUAFFFFABRRRQAUUUUAFFFFABRRRQAUUUUAFFFFABRRRQAUUUUAFFFFABRRRQAUUUUAFFFFABRRRQAUUUUAFFFFABRRRQAUUUUAFFFFABRRRQAUUUUAFFFFABRRRQAUUUUAFFFFABRRRQAUUUUAFFFFABRRRQAUUUUAFFFFABRRRQAUUUUAFFFFABRRRQAUUUUAFFFFABRRRQAUUUUAFFFFABRRRQAV8deNf+R68Q/9hO5/9GtX2LXx141/5HrxD/2E7n/0a1AGCajapDUbUARNUDVO1QNQBE1RmpGqM0ANpKWkoAKKKKACiiigAr7f8Cf8k88Nf9gq1/8ARS18QV9v+BP+SeeGv+wVa/8AopaAOgooooAKKKKACiiigAooooAKKKKACiiigAooooAKKKKACiiigAooooAKKKKACiiigAooooAKKKKACiiigAooooAKKKKACiiigAooooAKKKKACiiigAooooAKKKKACiiigAooooAKKKKACiiigAooooAKKKKACiiigAooooAKKKKACiiigAooooAKKKKACiiigAooooAKKKKACiiigAooooAKKKKACiiigAooooAKKKKACiiigAooooAKKKKACiiigAooooAKKKKACiiigAooooAKKKKACiiigAooooAKKKKACiiigAooooAKKKKACiiigAooooAKKKKACiiigAooooAKKKKACiiigAooooAKKKKACiiigAooooAKKKKACiiigAooooAKKKKACiiigAooooAKKKKACiiigAooooAKKKKACiiigAooooAKKKKACiiigAooooAKKKKACiiigAooooAKKKKACiiigAooooAKKKKACiiigAooooAKKKKACiiigAooooAKKKKACiiigAooooAKKKKACiiigAooooAK+OvGv/I9eIf+wnc/+jWr7Fr468a/8j14h/7Cdz/6NagDBNRtUhqNqAImqBqnaoGoAiaozUjVGaAG0lLSUAFFFFABRRRQAV9v+BP+SeeGv+wVa/8Aopa+IK+3/An/ACTzw1/2CrX/ANFLQB0FFFFABRRRQAUUUUAFFFFABRRRQAUUUUAFFFFABRRRQAUUUUAFFFFABRRRQAUUUUAFFFFABRRRQAUUUUAFFFFABRRRQAUUUUAFFFFABRRRQAUUUUAFFFFABRRRQAUUUUAFFFFABRRRQAUUUUAFFFFABRRRQAUUUUAFFFFABRRRQAUUUUAFFFFABRRRQAUUUUAFFFFABRRRQAUUUUAFFFFABRRRQAUUUUAFFFFABRRRQAUUUUAFFFFABRRRQAUUUUAFFFFABRRRQAUUUUAFFFFABRRRQAUUUUAFFFFABRRRQAUUUUAFFFFABRRRQAUUUUAFFFFABRRRQAUUUUAFFFFABRRRQAUUUUAFFFFABRRRQAUUUUAFFFFABRRRQAUUUUAFFFFABRRRQAUUUUAFFFFABRRRQAUUUUAFFFFABRRRQAUUUUAFFFFABRRRQAUUUUAFFFFABRRRQAUUUUAFFFFABRRRQAUUUUAFFFFABRRRQAUUUUAFFFFABRRRQAUUUUAFFFFABRRRQAUUUUAFFFFABRRRQAUUUUAFFFFABXx141/5HrxD/wBhO5/9GtX2LXx141/5HrxD/wBhO5/9GtQBgmo2qQ1G1AETVA1TtUDUARNUZqRqjNADaSlpKACiiigAooooAK+3/An/ACTzw1/2CrX/ANFLXxBX2/4E/wCSeeGv+wVa/wDopaAOgooooAKKKKACiiigAooooAKKKKACiiigAooooAKKKKACiiigAooooAKKKKACiiigAooooAKKKKACiiigAooooAKKKKACiiigAooooAKKKKACiiigAooooAKKKKACiiigAooooAKKKKACiiigAooooAKKKKACiiigAooooAKKKKACiiigAooooAKKKKACiiigAooooAKKKKACiiigAooooAKKKKACiiigAooooAKKKKACiiigAooooAKKKKACiiigAooooAKKKKACiiigAooooAKKKKACiiigAooooAKKKKACiiigAooooAKKKKACiiigAooooAKKKKACiiigAooooAKKKKACiiigAooooAKKKKACiiigAooooAKKKKACiiigAooooAKKKKACiiigAooooAKKKKACiiigAooooAKKKKACiiigAooooAKKKKACiiigAooooAKKKKACiiigAooooAKKKKACiiigAooooAKKKKACiiigAooooAKKKKACiiigAooooAKKKKACiiigAooooAKKKKACiiigAooooAK+OvGv/I9eIf8AsJ3P/o1q+xa+OvGv/I9eIf8AsJ3P/o1qAME1G1SGo2oAiaoGqdqgagCJqjNSNUZoAbSUtJQAUUUUAFFFFABX2/4E/wCSeeGv+wVa/wDopa+IK+3/AAJ/yTzw1/2CrX/0UtAHQUUUUAFFFFABRRRQAUUUUAFFFFABRRRQAUUUUAFFFFABRRRQAUUUUAFFFFABRRRQAUUUUAFFFFABRRRQAUUUUAFFFFABRRRQAUUUUAFFFFABRRRQAUUUUAFFFFABRRRQAUUUUAFFFFABRRRQAUUUUAFFFFABRRRQAUUUUAFFFFABRRRQAUUUUAFFFFABRRRQAUUUUAFFFFABRRRQAUUUUAFFFFABRRRQAUUUUAFFFFABRRRQAUUUUAFFFFABRRRQAUUUUAFFFFABRRRQAUUUUAFFFFABRRRQAUUUUAFFFFABRRRQAUUUUAFFFFABRRRQAUUUUAFFFFABRRRQAUUUUAFFFFABRRRQAUUUUAFFFFABRRRQAUUUUAFFFFABRRRQAUUUUAFFFFABRRRQAUUUUAFFFFABRRRQAUUUUAFFFFABRRRQAUUUUAFFFFABRRRQAUUUUAFFFFABRRRQAUUUUAFFFFABRRRQAUUUUAFFFFABRRRQAUUUUAFFFFABRRRQAUUUUAFFFFABRRRQAUUUUAFFFFABRRRQAUUUUAFfHXjX/kevEP8A2E7n/wBGtX2LXx141/5HvxD/ANhO5/8ARrUAYJqNqeaY1AET1A1TtUDUARNUZqRqjNADaSlpKACiiigAooooAK+3/An/ACTzw1/2CrX/ANFLXxBX2/4E/wCSeeGv+wVa/wDopaAOgooooAKKKKACiiigAooooAKKKKACiiigAooooAKKKKACiiigAooooAKKKKACiiigAooooAKKKKACiiigAooooAKKKKACiiigAooooAKKKKACiiigAooooAKKKKACiiigAooooAKKKKACiiigAooooAKKKKACiiigAooooAKKKKACiiigAooooAKKKKACiiigAooooAKKKKACiiigAooooAKKKKACiiigAooooAKKKKACiiigAooooAKKKKACiiigAooooAKKKKACiiigAooooAKKKKACiiigAooooAKKKKACiiigAooooAKKKKACiiigAooooAKKKKACiiigAooooAKKKKACiiigAooooAKKKKACiiigAooooAKKKKACiiigAooooAKKKKACiiigAooooAKKKKACiiigAooooAKKKKACiiigAooooAKKKKACiiigAooooAKKKKACiiigAooooAKKKKACiiigAooooAKKKKACiiigAooooAKKKKACiiigAooooAKKKKACiiigAooooAKKKKACiiigAooooAK+OPGp/wCK78Q/9hO5/wDRrV9j18beNj/xXniL/sJ3P/o1qAMMmoyaUmmE0ANaoGqVjULGgCNqYaeajNACUlKaSgAooooAKKKKACvt/wACf8k88Nf9gq1/9FLXxBX0X4a+PvhXRvCukaXcafrLT2VlDbyNHDEVLIgUkZkBxkegoA90oryD/ho7wh/0Ddc/78Rf/HaP+GjfCH/QO1z/AL8Rf/HaAPX6K8h/4aL8If8AQO1z/vxF/wDHad/w0V4R/wCgdrf/AH4i/wDjtAHrlFeR/wDDRHhH/oHa3/34i/8AjtL/AMNEeEf+gdrf/fiL/wCOUAet0V5J/wAND+Ev+gdrf/fmL/45S/8ADQ/hL/oH63/35i/+OUAetUV5L/w0N4S/6B2t/wDfiL/45R/w0N4S/wCgdrf/AH4i/wDjlAHrVFeS/wDDQ3hL/oHa3/34i/8AjlH/AA0N4S/6B2t/9+Iv/jlAHrVFeS/8NDeEv+gdrf8A34i/+OUf8NDeEv8AoHa3/wB+Iv8A45QB61RXkv8Aw0N4S/6B2t/9+Iv/AI5R/wANDeEv+gdrf/fiL/45QB61RXkv/DQ3hL/oHa3/AN+Iv/jlH/DQ3hL/AKB2t/8AfiL/AOOUAetUV5L/AMNDeEv+gdrf/fiL/wCOUf8ADQ3hL/oHa3/34i/+OUAetUV5L/w0N4S/6B2t/wDfiL/45R/w0N4S/wCgdrf/AH4i/wDjlAHrVFeS/wDDQ3hL/oHa3/34i/8AjlH/AA0N4S/6B2t/9+Iv/jlAHrVFeS/8NDeEv+gdrf8A34i/+OUf8NDeEv8AoHa3/wB+Iv8A45QB61RXkv8Aw0N4S/6B2t/9+Iv/AI5R/wANDeEv+gdrf/fiL/45QB61RXkv/DQ3hL/oHa3/AN+Iv/jlH/DQ3hL/AKB2t/8AfiL/AOOUAetUV5L/AMNDeEv+gdrf/fiL/wCOUf8ADQ3hL/oHa3/34i/+OUAetUV5L/w0N4S/6B2t/wDfiL/45R/w0N4S/wCgdrf/AH4i/wDjlAHrVFeS/wDDQ3hL/oHa3/34i/8AjlH/AA0N4S/6B2t/9+Iv/jlAHrVFeS/8NDeEv+gdrf8A34i/+OUf8NDeEv8AoHa3/wB+Iv8A45QB61RXkv8Aw0N4S/6B2t/9+Iv/AI5R/wANDeEv+gdrf/fiL/45QB61RXkv/DQ3hL/oHa3/AN+Iv/jlH/DQ3hL/AKB2t/8AfiL/AOOUAetUV5L/AMNDeEv+gdrf/fiL/wCOUf8ADQ3hL/oHa3/34i/+OUAetUV5L/w0N4S/6B2t/wDfiL/45R/w0N4S/wCgdrf/AH4i/wDjlAHrVFeS/wDDQ3hL/oHa3/34i/8AjlH/AA0N4S/6B2t/9+Iv/jlAHrVFeS/8NDeEv+gdrf8A34i/+OUf8NDeEv8AoHa3/wB+Iv8A45QB61RXkv8Aw0N4S/6B2t/9+Iv/AI5R/wANDeEv+gdrf/fiL/45QB61RXkv/DQ3hL/oHa3/AN+Iv/jlH/DQ3hL/AKB2t/8AfiL/AOOUAetUV5L/AMNDeEv+gdrf/fiL/wCOUf8ADQ3hL/oHa3/34i/+OUAetUV5L/w0N4S/6B2t/wDfiL/45R/w0N4S/wCgdrf/AH4i/wDjlAHrVFeS/wDDQ3hL/oHa3/34i/8AjlH/AA0N4S/6B2t/9+Iv/jlAHrVFeS/8NDeEv+gdrf8A34i/+OUf8NDeEv8AoHa3/wB+Iv8A45QB61RXkv8Aw0N4S/6B2t/9+Iv/AI5R/wANDeEv+gdrf/fiL/45QB61RXkv/DQ3hL/oHa3/AN+Iv/jlH/DQ3hL/AKB2t/8AfiL/AOOUAetUV5L/AMNDeEv+gdrf/fiL/wCOUf8ADQ3hL/oHa3/34i/+OUAetUV5L/w0N4S/6B2t/wDfiL/45R/w0N4S/wCgdrf/AH4i/wDjlAHrVFeS/wDDQ3hL/oHa3/34i/8AjlH/AA0N4S/6B2t/9+Iv/jlAHrVFeS/8NDeEv+gdrf8A34i/+OUf8NDeEv8AoHa3/wB+Iv8A45QB61RXkv8Aw0N4S/6B2t/9+Iv/AI5R/wANDeEv+gdrf/fiL/45QB61RXkv/DQ3hL/oHa3/AN+Iv/jlH/DQ3hL/AKB2t/8AfiL/AOOUAetUV5L/AMNDeEv+gdrf/fiL/wCOUf8ADQ3hL/oHa3/34i/+OUAetUV5L/w0N4S/6B2t/wDfiL/45R/w0N4S/wCgdrf/AH4i/wDjlAHrVFeS/wDDQ3hL/oHa3/34i/8AjlH/AA0N4S/6B2t/9+Iv/jlAHrVFeS/8NDeEv+gdrf8A34i/+OUf8NDeEv8AoHa3/wB+Iv8A45QB61RXkv8Aw0N4S/6B2t/9+Iv/AI5R/wANDeEv+gdrf/fiL/45QB61RXkv/DQ3hL/oHa3/AN+Iv/jlH/DQ3hL/AKB2t/8AfiL/AOOUAetUV5L/AMNDeEv+gdrf/fiL/wCOUf8ADQ3hL/oHa3/34i/+OUAetUV5L/w0N4S/6B2t/wDfiL/45R/w0N4S/wCgdrf/AH4i/wDjlAHrVFeS/wDDQ3hL/oHa3/34i/8AjlH/AA0N4S/6B2t/9+Iv/jlAHrVFeS/8NDeEv+gdrf8A34i/+OUf8NDeEv8AoHa3/wB+Iv8A45QB61RXkv8Aw0N4S/6B2t/9+Iv/AI5R/wANDeEv+gdrf/fiL/45QB61RXkv/DQ3hL/oHa3/AN+Iv/jlH/DQ3hL/AKB2t/8AfiL/AOOUAetUV5L/AMNDeEv+gdrf/fiL/wCOUf8ADQ3hL/oHa3/34i/+OUAetUV5L/w0N4S/6B2t/wDfiL/45R/w0N4S/wCgdrf/AH4i/wDjlAHrVFeS/wDDQ3hL/oHa3/34i/8AjlH/AA0N4S/6B2t/9+Iv/jlAHrVFeS/8NDeEv+gdrf8A34i/+OUf8NDeEv8AoHa3/wB+Iv8A45QB61RXkv8Aw0N4S/6B2t/9+Iv/AI5R/wANDeEv+gdrf/fiL/45QB61RXkv/DQ3hL/oHa3/AN+Iv/jlH/DQ3hL/AKB2t/8AfiL/AOOUAetUV5L/AMNDeEv+gdrf/fiL/wCOUf8ADQ3hL/oHa3/34i/+OUAetUV5L/w0N4S/6B2t/wDfiL/45R/w0N4S/wCgdrf/AH4i/wDjlAHrVFeS/wDDQ3hL/oHa3/34i/8AjlH/AA0N4S/6B2t/9+Iv/jlAHrVFeS/8NDeEv+gdrf8A34i/+OUf8NDeEv8AoHa3/wB+Iv8A45QB61RXkv8Aw0N4S/6B2t/9+Iv/AI5R/wANDeEv+gdrf/fiL/45QB61RXkv/DQ3hL/oHa3/AN+Iv/jlH/DQ3hL/AKB2t/8AfiL/AOOUAetUV5L/AMNDeEv+gdrf/fiL/wCOUf8ADQ3hL/oHa3/34i/+OUAetUV5L/w0N4S/6B2t/wDfiL/45R/w0N4S/wCgdrf/AH4i/wDjlAHrVFeS/wDDQ3hL/oHa3/34i/8AjlH/AA0N4S/6B2t/9+Iv/jlAHrVFeS/8NDeEv+gdrf8A34i/+OUf8NDeEv8AoHa3/wB+Iv8A45QB61RXkv8Aw0N4S/6B2t/9+Iv/AI5R/wANDeEv+gdrf/fiL/45QB61RXkv/DQ3hL/oHa3/AN+Iv/jlH/DQ3hL/AKB2t/8AfiL/AOOUAetUV5L/AMNDeEv+gdrf/fiL/wCOUf8ADQ3hL/oHa3/34i/+OUAetUV5L/w0N4S/6B2t/wDfiL/45R/w0N4S/wCgdrf/AH4i/wDjlAHrVFeS/wDDQ3hL/oHa3/34i/8AjlH/AA0N4S/6B2t/9+Iv/jlAHrVFeS/8NDeEv+gdrf8A34i/+OUf8NDeEv8AoHa3/wB+Iv8A45QB61RXkv8Aw0N4S/6B2t/9+Iv/AI5R/wANDeEv+gdrf/fiL/45QB61RXkv/DQ3hL/oHa3/AN+Iv/jlH/DQ3hL/AKB2t/8AfiL/AOOUAetUV5L/AMNDeEv+gdrf/fiL/wCOUf8ADQ3hL/oHa3/34i/+OUAetUV5L/w0N4S/6B2t/wDfiL/45R/w0N4S/wCgdrf/AH4i/wDjlAHrVFeS/wDDQ3hL/oHa3/34i/8AjlH/AA0N4S/6B2t/9+Iv/jlAHrVFeS/8NDeEv+gdrf8A34i/+OUf8NDeEv8AoHa3/wB+Iv8A45QB61RXkv8Aw0N4S/6B2t/9+Iv/AI5R/wANDeEv+gdrf/fiL/45QB61RXkv/DQ3hL/oHa3/AN+Iv/jlH/DQ3hL/AKB2t/8AfiL/AOOUAetUV5L/AMNDeEv+gdrf/fiL/wCOUf8ADQ3hL/oHa3/34i/+OUAetUV5L/w0N4S/6B2t/wDfiL/45R/w0N4S/wCgdrf/AH4i/wDjlAHrVFeS/wDDQ3hL/oHa3/34i/8AjlH/AA0N4S/6B2t/9+Iv/jlAHrVFeS/8NDeEv+gdrf8A34i/+OUf8NDeEv8AoHa3/wB+Iv8A45QB61RXkv8Aw0N4S/6B2t/9+Iv/AI5R/wANDeEv+gdrf/fiL/45QB61RXkv/DQ3hL/oHa3/AN+Iv/jlH/DQ3hL/AKB2t/8AfiL/AOOUAetUV5L/AMNDeEv+gdrf/fiL/wCOUf8ADQ3hL/oHa3/34i/+OUAetUV5L/w0N4S/6B2t/wDfiL/45R/w0N4S/wCgdrf/AH4i/wDjlAHrVFeS/wDDQ3hL/oHa3/34i/8AjlH/AA0N4S/6B2t/9+Iv/jlAHrVFeS/8NDeEv+gdrf8A34i/+OUf8NDeEv8AoHa3/wB+Iv8A45QB61RXkv8Aw0N4S/6B2t/9+Iv/AI5R/wANDeEv+gdrf/fiL/45QB61RXkv/DQ3hL/oHa3/AN+Iv/jlH/DQ3hL/AKB2t/8AfiL/AOOUAetUV5L/AMNDeEv+gdrf/fiL/wCOUf8ADQ3hL/oHa3/34i/+OUAetUV5L/w0N4S/6B2t/wDfiL/45R/w0N4S/wCgdrf/AH4i/wDjlAHrVFeS/wDDQ3hL/oHa3/34i/8AjlH/AA0N4S/6B2t/9+Iv/jlAHrVFeS/8NDeEv+gdrf8A34i/+OUf8NDeEv8AoHa3/wB+Iv8A45QB61RXkv8Aw0N4S/6B2t/9+Iv/AI5R/wANDeEv+gdrf/fiL/45QB61RXkv/DQ3hL/oHa3/AN+Iv/jlH/DQ3hL/AKB2t/8AfiL/AOOUAetUV5L/AMNDeEv+gdrf/fiL/wCOUf8ADQ3hL/oHa3/34i/+OUAetUV5L/w0N4S/6B2t/wDfiL/45R/w0N4S/wCgdrf/AH4i/wDjlAHrVFeS/wDDQ3hL/oHa3/34i/8AjlH/AA0N4S/6B2t/9+Iv/jlAHrVFeS/8NDeEv+gdrf8A34i/+OUf8NDeEv8AoHa3/wB+Iv8A45QB61Xxn42b/ivfEX/YTuf/AEa1e5f8ND+Ev+gfrf8A35i/+OV8+eI9Th1fxPq2pW6usN5eTXEayABgruWAOCRnB9aAKJamFqYWppagBWNRsaUtUZNACE0w0pNNoAQ0UUUAFFFFABRRRQAUUUUAFOBptLQA4Gng1FmnA0AShqXdUWaXNAEu6jdUW6jdQBLuo3VFmjNAEu6jdUWaM0AS7qN1RZozQBLuo3VFmjNAEu6jdUWaM0AS7qN1RZozQBLuo3VFmjNAEu6jdUWaM0AS7qN1RZozQBLuo3VFmjNAEu6jdUWaM0AS7qN1RZozQBLuo3VFmjNAEu6jdUWaM0AS7qN1RZozQBLuo3VFmjNAEu6jdUWaM0AS7qN1RZozQBLuo3VFmjNAEu6jdUWaM0AS7qN1RZozQBLuo3VFmjNAEu6jdUWaM0AS7qN1RZozQBLuo3VFmjNAEu6jdUWaM0AS7qN1RZozQBLuo3VFmjNAEu6jdUWaM0AS7qN1RZozQBLuo3VFmjNAEu6jdUWaM0AS7qN1RZozQBLuo3VFmjNAEu6jdUWaM0AS7qN1RZozQBLuo3VFmjNAEu6jdUWaM0AS7qN1RZozQBLuo3VFmjNAEu6jdUWaM0AS7qN1RZozQBLuo3VFmjNAEu6jdUWaM0AS7qN1RZozQBLuo3VFmjNAEu6jdUWaM0AS7qN1RZozQBLuo3VFmjNAEu6jdUWaM0AS7qN1RZozQBLuo3VFmjNAEu6jdUWaM0AS7qN1RZozQBLuo3VFmjNAEu6jdUWaM0AS7qN1RZozQBLuo3VFmjNAEu6jdUWaM0AS7qN1RZozQBLuo3VFmjNAEu6jdUWaM0AS7qN1RZozQBLuo3VFmjNAEu6jdUWaM0AS7qN1RZozQBLuo3VFmjNAEu6jdUWaM0AS7qN1RZozQBLuo3VFmjNAEu6jdUWaM0AS7qN1RZozQBLuo3VFmjNAEu6jdUWaM0AS7qN1RZozQBLuo3VFmjNAEu6jdUWaM0AS7qN1RZozQBLuo3VFmjNAEu6jdUWaM0AS7qN1RZozQBLuo3VFmjNAEu6jdUWaM0AS7qN1RZozQBLuo3VFmjNAEu6jdUWaM0AS7qN1RZozQBLuo3VFmjNAEu6jdUWaM0AS7qN1RZozQBLuo3VFmjNAEu6jdUWaM0AS7qN1RZozQBLuo3VFmjNAEu6jdUWaM0AS7qN1RZozQBLuo3VFmjNAEu6jdUWaM0AS7qN1RZozQBLuo3VFuo3UASbqQtTM0maAHE0wmgmm5oAUmm0tJQAUUUUAFFFFABRRRQAUUUUAFFFFABmlpKKAFzS5ptGaAHZozTc0ZoAdmjNNzRmgB2aM03NGaAHZozTc0ZoAdmjNNzRmgB2aM03NGaAHZozTc0ZoAdmjNNzRmgB2aM03NGaAHZozTc0ZoAdmjNNzRmgB2aM03NGaAHZozTc0ZoAdmjNNzRmgB2aM03NGaAHZozTc0ZoAdmjNNzRmgB2aM03NGaAHZozTc0ZoAdmjNNzRmgB2aM03NGaAHZozTc0ZoAdmjNNzRmgB2aM03NGaAHZozTc0ZoAdmjNNzRmgB2aM03NGaAHZozTc0ZoAdmjNNzRmgB2aM03NGaAHZozTc0ZoAdmjNNzRmgB2aM03NGaAHZozTc0ZoAdmjNNzRmgB2aM03NGaAHZozTc0ZoAdmjNNzRmgB2aM03NGaAHZozTc0ZoAdmjNNzRmgB2aM03NGaAHZozTc0ZoAdmjNNzRmgB2aM03NGaAHZozTc0ZoAdmjNNzRmgB2aM03NGaAHZozTc0ZoAdmjNNzRmgB2aM03NGaAHZozTc0ZoAdmjNNzRmgB2aM03NGaAHZozTc0ZoAdmjNNzRmgB2aM03NGaAHZozTc0ZoAdmjNNzRmgB2aM03NGaAHZozTc0ZoAdmjNNzRmgB2aM03NGaAHZozTc0ZoAdmjNNzRmgB2aM03NGaAHZozTc0ZoAdmjNNzRmgB2aM03NGaAHZozTc0ZoAdmjNNzRmgB2aM03NGaAHZozTc0ZoAdmjNNzRmgB2aM03NGaAHZozTc0ZoAdmjNNzRmgB2aM03NGaAHZozTc0ZoAdmjNNzRmgB2aM03NGaAHZozTc0ZoAdmjNNzRmgB2aM03NGaAHZozTc0ZoAdmjNNzRmgB2aM03NGaAHZozTc0ZoAdmjNNzRmgB2aM03NGaAHZozTc0ZoAdmjNNzRmgB2aM03NGaAHZozTc0ZoAdmjNNzRmgB2aM03NGaAHZozTc0ZoAdmjNNzRmgB2aM03NGaAHZozTc0ZoAdmjNNzRmgB2aTNJmigBaTNFFABRRRQAUUUUAFFFFABRRRQAUUUUAFFFFABRRRQAUUUUAFFFFABRRRQAUUUUAFFFFABRRRQAUUUUAFFFFABRRRQAUUUUAFFFFABRRRQAUUUUAFFFFABRRRQAUUUUAFFFFABRRRQAUUUUAFFFFABRRRQAUUUUAFFFFABRRRQAUUUUAFFFFABRRRQAUUUUAFFFFABRRRQAUUUUAFFFFABRRRQAUUUUAFFFFABRRRQAUUUUAFFFFABRRRQAUUUUAFFFFABRRRQAUUUUAFFFFABRRRQAUUUUAFFFFABRRRQAUUUUAFFFFABRRRQAUUUUAFFFFABRRRQAUUUUAFFFFABRRRQAUUUUAFFFFABRRRQAUUUUAFFFFABRRRQAUUUUAFFFFABRRRQAUUUUAFFFFABRRRQAUUUUAFFFFABRRRQAUUUUAFFFFABRRRQAUUUUAFFFFABRRRQAUUUUAFFFFABRRRQAUUUUAFFFFABRRRQAUUUUAFFFFABRRRQAUUUUAFFFFABRRRQAUUUUAFFFFABRRRQAUUUUAFFFFABRRRQAUUUUAFFFFABRRRQAUUUUAFFFFABRRRQAUUUUAFFFFABRRRQAUUUUAFFFFABRRRQAUUUUAFFFFABRRRQAUUUUAFFFFABRRRQAUUUUAFFFFABRRRQAUUUUAFFFFABRRRQAUUUUAFFFFABRRRQAUUUUAFFFFABRRRQAUUUUAFFFFABRRRQAUUUUAFFFFABRRRQAUUUUAFFFFABRRRQAUUUUAFFFFABRRRQAUUUUAFFFFABRRRQAUUUUAFFFFABRRRQAUUUUAFFFFABRRRQAUUUUAFFFFABRRRQAUUUUAFFFFABRRRQAUUUUAFFFFABRRRQAUUUUAFFFFABRRRQAUUUUAFFFFABRRRQAUUUUAFFFFABRRRQAUUUUAFFFFABRRRQAUUUUAFFFFABRRRQAUUUUAFFFFABRRRQAUUUUAFFFFABRRRQAUUUUAFFFFABRRRQAUUUUAFFFFABRRRQAUUUUAFFFFABRRRQAUUUUAFFFFABRRRQAUUUUAFFFFABRRRQAUUUUAFFFFABRRRQAUUUUAFFFFABRRRQAUUUUAFFFFABRRRQAUUUUAFFFFABRRRQAUUUUAFFFFABRRRQAUUUUAFFFFABRRRQAUUUUAFFFFABRRRQAUUUUAFFFFABRRRQAUUUUAFFFFAH//2Q0KZW5kc3RyZWFtDWVuZG9iag02NiAwIG9iag08PC9CaXRzUGVyQ29tcG9uZW50IDggL0NvbG9yU3BhY2UgL0RldmljZUdyYXkgL0ZpbHRlciAvRmxhdGVEZWNvZGUgL0hlaWdodCA0OTUgL0xlbmd0aCA0MjkzIC9NYXR0ZSBbMCAwIDBdIC9TdWJ0eXBlIC9JbWFnZSAvVHlwZSAvWE9iamVjdCAvV2lkdGggMTExND4+DQpzdHJlYW0NCnic7d3pdhPHFoBR5nkmzGMIBAIED3n/Z7tXXdVDVasl29KRLaG9/4cI1qpvnVPdli9dAgAAAAAAAAAAAAAAAAAAAAAAAAAAgN1wGdhpF92QykX/YwDRRAXYEFUBNmM7u3IF2Frb1xYZgd/ShbZFUuD3dhFtURXYB+fblpOqchXYSSfV5WK6ctH/KkCMC2jLdFeWfMZrwNY6XV42npaprggJ/D4W1GWzbZnviqbAb2giLhtMy1xYpqNyHdhJ03nZdFoWdEVS4PcyF5dxWzYZljor5ce6AeykqbyUbdlEWqbCMqrK/Ae9CWy5JYEp2rKptExtQkVXxAR+B+O8jNNyJTgtiwaWMivl57sF7JSJvky2JTQtC8IyZGVxUW4DW2txYYa4bC4t82GpujKKykX/WwGrGeVlri3BaVkYlj4r46TcAXbMODB9XDaWliVh6bMyl5S7wM6YC0wflyVp2UBYhoGlz8p8Ue4BO2C+MH1cqrElNi3VLlSFJXelr8pUT+4DW22qMX1d+raM0hKwDy0LS9GVoin1534AbK3JynRx6duyibScFJYyK1MxeQhsranM1HFZnpbNhCXNK21WiqZUn/wRsLUmMtPVJccljS0bSEtRljIsN3NYUlfarAxNKT73Y2CrzWWmq0uOSx5b0mVLnZb1ynJyWHJX2qqMc/IE2HLjyLR16dqymbTUu1Adlr4rOStDU7pP/BTYAXVj2rqkuHRtGael2IcCRpb8glx3d5vD0nQlZ6VvSv6wfwA7o0hMW5cUl6YtbVpu5bRcG9KyxtAysQvliaXdhPqutFUZkvKs9BzYOtUhHQLT1mVoS7sR3ezTUu9Da4XlyhCWG11YuoGl6UquSp+U/rO/ALZaHZo2LykuTVvasaVNy40hLWvtQ+Nd6Hq3C7VhGbqSstI3JX/il8BOKBqT85Li0rclp6Xbh66P96Ezh+V/wF549aovTK5LE5e2LVNpWW9ouei/LXA+Xr9+/arR5qWJS9+WlJa7d+/cvl3c4q41tFz03xY4H28ar3NfUlz6ttRp6a9aqktcZQGmvHs709YlxaVtS5eW5glRsQ+NhhZlAaa8f9fo69K3ZTa2tGlprlrKfWiNsly+6L8tcD4+fHg/09elbUuXlmEfChlalAX2xMePHz90denaksaWvBCNhpbr6w0tygJ74s8//8xx+ZAml25sSVNLKsvD6hK3uMNVFmCRT58+9XHJc8usLVVaiqGlWofOXpbLygJ74q+/PhVxSW3p0lIOLdXjoVXXIWWBffH5819dXJq29Gl5OaSlH1qKO1xlAZb48vlzF5emLbOxpUtLUZZ+aFlvHVIW2Bd/f/nypWtLsxO1aXldp2WyLFeUBZj290yKS9uWPi2jsoyfDikLsNjXr1+HtvRpedunZViHlAU4rW9fu7bksaVJy/v3E0NLuQ6tVpbLygL74ttMakseW2ZTS/OEqNuH6nWofQ131StcZYG98c8//wxtadOS9qF2aFEW4Oy+12np9qHmpqW8aCnfaFEW4ATfv/dt6dOS9qE0tFQXLXNXuMoCTPvxPbWlS0u3D72fv2hprnCVBTiNHz9+dGNLTsswtKSLlmUPh5QFmPbzR2pLl5ZmH+puWt68nrjCVRbgZD9//uzTUgwt7To0usIt3+8/+wstygJ7498hLcXQ8vHj+/fDFW79cEhZgJP8W6clDS3dHW5/hfvwYfF+f/uNlcoCLPRvlZZmaPn8+a9xWarHzsoCnORXl5ZuaGnXof4K96THzsoCzPlVp6Vfh5QFWN2vNi3NPtStQ+3Tofbh0AkvtCgLMOcgpaUbWup1SFmA1RwMQ0u5DhVl+WP5q3LKAsw5KNPSr0N9WdILLcoCnM3BQbcP5XWoLMtbZQFWclAMLd1FS/NGS37sXL6EqyzAaR2mtJTrUFuWj8oCrOqwWofKK9xclhddWe7fUxbglJqyHFQXLf3DIWUBVnR4OC7L1/myPH6kLMAZHDZp6dYhZQFCLCnL+/SDQ8oCnNlcWb4pC7Cuo/qiRVmAAMoCxDs6UhYg2tHRkbIAwc6vLJeVBfbGcUpLfjg0/OBQUZbnE1+xvdKvBVEW2B/KAsRrynKoLEAoZQHipbIcKgsQSVmAeLksB8oCBFIWIJ6yAPH+UxYgXFuWA2UB4igLEE9ZgHj/HeeyHCgLEEZZgHjKAsT77/hYWYBgygLEUxYgnrIA8fqy/FIWIIqyAPGUBYg3K8uxsgCxlAWIpyxAPGUB4ikLEM+zISCesgDxlAWIpyxAPD+RCMRTFiCesgDxfA8uEE9ZgHjKAsRTFiCesgDxut/rrCxAHL8xHoinLEA8ZQHiHeey/FIWII6yAPGUBYiXy/JLWYBAqSwHygJEUhYgnrIA8ZqyHCgLEEpZgHjNjzorCxArfwuusgCRlAWId3yoLEC0I2UBwikLEE9ZgHjKAsRTFiCesgDxlAWIpyxAPGUB4ikLEE9ZgHjKAsRTFiCesgDxlAWIpyxAPGUB4ikLEE9ZgHjKAsRTFiCesgDxlAWIpyxAPGUB4ikLEE9ZgHjKAsRTFiDesbIA4Y6PlAWIpixAvOOjI2UBgikLEG9WliNlAWIpCxCvKcuhsgChlAWIl8pyqCxAJGUB4ikLEC+X5UBZgEDKAsRTFiCesgDxlAWI918uy4GyAHGUBYinLEA8ZQHiKQsQT1mAeMoCxFMWIJ6yAPGUBYinLEA8ZQHiKQsQ71hZgHC+RQGIpyxAPGUB4ikLEE9ZgHjKAsTzOxKBeMoCxFMWIF4qy4GyAJGUBYinLEC8piwHygKEUhYg3nGzDCkLEOo4fzuLsgCBlAWId3yoLEC0I2UBwikLEE9ZgHjKAsRTFiCesgDxlAWIpyxAPGUB4ikLEE9ZgHjKAsRTFiCesgDxlAWIpyxAPGUB4ikLEE9ZgHjKAsRTFiCesgDxlAWIpyxAPGUB4ikLEE9ZgHjKAsRTFiCesgDxlAWIpyxAPGUB4ikLEE9ZgHjKAsRTFiCesgDxlAWIpyxAPGUB4ikLEE9ZgHjKAsRTFiCesgDxlAWIpyxAPGUB4ikLEE9ZgHjKAsRTFiDesbIA4ZQFiKcsQDxlAeIpCxBPWYB4x0fKAkRTFiCesgDxlAWIpyxAPGUB4ikLEE9ZgHjKAsRTFiCesgDxlAWIpyxAPGUB4ikLEM/3swDxlAWIpyxAPGUB4ikLEE9ZgHjKAsTzG+OBeMoCxFMWIJ6yAPGUBYinLEA8ZQHiKQsQT1mAeMoCxFMWIJ6yAPGUBYinLEA8ZQHiKQsQT1mAeMoCxFMWIJ6yAPGUBYinLEA8ZQHiKQsQT1mAeMoCxFMWIJ6yAPGUBYinLEA8ZQHiKQsQT1mAeMoCxFMWIJ6yAPGUBYinLEA8ZQHiKQsQT1mAeMoCxFMWIJ6yAPGUBYinLEA8ZQHiKQsQT1mAeMoCxFMWIJ6yAPGUBYinLEA8ZQHiKQsQT1mAeMoCxFMWIJ6yAPGUBYinLEA8ZQHiKQsQT1mAeMoCxFMWIJ6yAPGUBYinLEA8ZQHiKQsQT1mAeMoCxDu/slxSFtgbKSwHKSypLN/GZXmWyvLgfirLrVs3b6SyXE1lOVNYlAX2h7IA8ZQFiKcsQDxlAeIVj4Z+/viuLECEubJ8VRZgXUvK8u7tm1fKAqygvmZRFiBCE5a6LH/Pl6V5BVdZgFPLI0v/aKgoy3tlAVbULUNFWb58npXlY1uW511Z7t1VFuCUupGleujclOWDsgCrqpah+qHzu7evc1keKwtwJsXIkpehoixvlAVYSRmW6gI3l+XFrCxPlAU4m24Xapeh5pplVJbhi5+UBTidYWQplqH+5X5lAVbRhmW0DH36Mz0aGn1Z5Z30ZZXKApykDku1DCkLsKIuLO3I0r7N0j90bn9sqP6C7esrfcG2ssD+qMIyLEN1WR4+vK8swOnVYemXoY/v0wVu8Qru2r8URFlgfwxhSbvQ8GTo3dv6dZbqBxKVBVim6UoblmFkKS5wh4fO0y/KKQswL3WlD0s3svTXLKNHQ8oCnEbTlXTH0oZluL99M340NPnQWVmAed3AksNSjiz9BW790FlZgBP1XRnCkkeW9IVy9QVuW5ZrygIsV4el3YX6ZWjuArd/6KwswGLfhq50YWlGlvlrlvXLcklZYF80WZl1JQ8s3S40jCzLHg2d8XUWZYH90XUlheVTCku+ZXldXrNMXuAqC7DA30NXhrBMjCzKApxezkrXlSEsy5YhZQGWa7KSu9IMLF1YRiPLdFnOeoGrLLA3uqykrqTL2zYs1chSX7MUP4+oLMCELiupK0NYipGlWIbmr1nOVJZLygJ7oshK7koflrmRZd1lSFlgb/RZSV1JA0sdlsknQ8oCLNNNK3leyWF5+fJF2oXGI0v/TZUrLkPKAvuiq8rQlXR5OwtLuwuVb/bPPXM+Y1kuXfTfFjgfKSq5Kn1X+rCMR5b17m+VBfZGE5W2KrOsdF3Jq1D9LkvAyKIssCfetFXJWem60oelur4t72+VBVgsNyVVZZaVoSujsEyPLMoCTMpNaaIyq8osK0NXcliqXWi4ZVmxLJfyf9b8AbM/aNap2Z9548bNm7du3b5z5+69e/cfPHj48NGjx4+fPHn69Okff8w+z7PnjRfJy7N6tZIz/2+AWj6x6fA+a7PSdWUyLOuNLGVZ+rTcSGm53aalaEuOS85L7svQmLM5xT8BEKQ/rM9yVNqsDF1pw1Jcsqw7soyGli4tN7u03G3TktrSxKWpS8pLG5jOc2DrVIc0n9unuSqzrKSu5LDc7cJSXLKsNbJ0ZSn2oWvdPnQrp2VoSxOXVJeUly4wwC7Ip/ZJW5VZVvqu5LDcKm5v611opbJM7UPt1NKlJbWljUuqS9uXPjHAdutObD6/j7qspK50Ybk5d8myxsgyHlpGaRna0sYl1aXrS9kYYFsN5zWf34ddVvquzIVl7ZHlNGlp29LEJdWl68soMsA2Ko5rPr8PclZyVzYVlrIsVVryw+e2LV1cUl26vjycywywZarDms/v/SErqSvt4+ZRWNYty/K0pLGlj0uuS9eXBxOZAbZKdVjbA3yvz0oeWDYSlq4si9NSx2Xoy1RmgK1Sn9b2CA9ZOSksa5RlaVrKtqS4DH2ZqgywbaoD2x7iO1VXNhOWeh+q09K2JcUl16Xvy1xjgC1VHNr2GN9us9J2ZRyW9XehhWkZxpbUlhyXPi91YYAtN5zc9ijfarsyDCzhYan3oVFaUltyXLq6VIEBdsNwfm/1WSkGlvmwrF2WxWlJbclxaetSBQbYJf0hvtlnpenKpsIylZa6LW1cirzoDOyA+RPbneUbc12JD8vCtKS2tHHp6zJdGGCblef3xpCV1JWNhWWclnFburiM+gLsluEkX5/sSnRYhrTMjS1tW6q8yAzsivlz2x/pa4sGlriwTKelbUtRl8nAALugPMfd2b664bDMpaVtSx+XOi/ArhrO9NWrU5tQbFiKtIzaUsRFYGB31Sf56oKuRIdlIi19W+byAuyu4mBf2XxYyrT0bSnjoi+w4+rzfGW+K5sIy4K2jOsiNbAjlhzd4oBvvCt1Wsq2LM8LsEPqk335PMKytC0KA7ts6jyfV1fGbZmuC7D76pO+6a7Mt0Vd4HczPuPn0ZWptggM/BYmj/Z5dWVhW8QGdsjpTvF5duX0bQF22Xl3RV3gd3cxVZEX+G1dcFRqF/2PAaznohsCAAAAAAAAAAAAAAAAAAAAAAAAAAAAp/N/MOb6XA0KZW5kc3RyZWFtDWVuZG9iag02NSAwIG9iag08PC9CaXRzUGVyQ29tcG9uZW50IDggL0NvbG9yU3BhY2UgL0RldmljZVJHQiAvRmlsdGVyIC9EQ1REZWNvZGUgL0hlaWdodCA0OTUgL0xlbmd0aCAxNDI4OSAvU01hc2sgNjYgMCBSIC9TdWJ0eXBlIC9JbWFnZSAvVHlwZSAvWE9iamVjdCAvV2lkdGggMTExND4+DQpzdHJlYW0NCv/Y/+AAEEpGSUYAAQEAAAEAAQAA/9sAQwAIBgYHBgUIBwcHCQkICgwUDQwLCwwZEhMPFB0aHx4dGhwcICQuJyAiLCMcHCg3KSwwMTQ0NB8nOT04MjwuMzQy/9sAQwEJCQkMCwwYDQ0YMiEcITIyMjIyMjIyMjIyMjIyMjIyMjIyMjIyMjIyMjIyMjIyMjIyMjIyMjIyMjIyMjIyMjIy/8AAEQgB7wRaAwEiAAIRAQMRAf/EAB8AAAEFAQEBAQEBAAAAAAAAAAABAgMEBQYHCAkKC//EALUQAAIBAwMCBAMFBQQEAAABfQECAwAEEQUSITFBBhNRYQcicRQygZGhCCNCscEVUtHwJDNicoIJChYXGBkaJSYnKCkqNDU2Nzg5OkNERUZHSElKU1RVVldYWVpjZGVmZ2hpanN0dXZ3eHl6g4SFhoeIiYqSk5SVlpeYmZqio6Slpqeoqaqys7S1tre4ubrCw8TFxsfIycrS09TV1tfY2drh4uPk5ebn6Onq8fLz9PX29/j5+v/EAB8BAAMBAQEBAQEBAQEAAAAAAAABAgMEBQYHCAkKC//EALURAAIBAgQEAwQHBQQEAAECdwABAgMRBAUhMQYSQVEHYXETIjKBCBRCkaGxwQkjM1LwFWJy0QoWJDThJfEXGBkaJicoKSo1Njc4OTpDREVGR0hJSlNUVVZXWFlaY2RlZmdoaWpzdHV2d3h5eoKDhIWGh4iJipKTlJWWl5iZmqKjpKWmp6ipqrKztLW2t7i5usLDxMXGx8jJytLT1NXW19jZ2uLj5OXm5+jp6vLz9PX29/j5+v/aAAwDAQACEQMRAD8A+f6KKKACiiigAooooAKKKKACiiigAooooAKKKKACiiigAooooAKKKKACiiigAooooAKKKKACiiigAooooAKKKKACiiigAooooAKKKKACiiigAooooAKKKKACiiigAooooAKKKKACiiigAooooAKKKKACiiigAooooAKKKKACiiigAooooAKKKKACiiigAooooAKKKKACiiigAooooAKKKKACiiigAooooAKKKKACiiigAooooAKKKKACiiigAooooAKKKKACiiigAooooAKKKKACiiigAooooAKKKKACiiigAooooAKKKKACiiigAooooAKKKKACiiigAooooAKKKKACiiigAooooAKKKKACiiigAooooAKKKKACiiigAooooAKKKKACiijFABRS4ooASilooASilooASilooASilooASilooASilooASilooASilooASilooASilooASilooASilooASilooASilooASilooASilooASilooASilooASilooASilooASilooASilooASilooASilooASilooASilooASilooASilooASilooASilooASilooASilooASilooASilooASilooASilooASilooASilooASilooASilooASilooASilooASilooASilooASilooASilooASilooASilooASilooASilooASilooASilooASilooASilooASilooASilooASilooASilooASilooASilooASiloxQAlFFFABRRRQAUUUUAFFFFABRRRQAUUUUAFFFLQAUuKAKcBQA3FLin4pdtAEeKXFP20baAGYoxUm2jbQBHijFSbaNtAEeKMVJto20AR4oxUm2jbQBHijFSbaNtAEeKMVJto20AR4oxUm2jbQBHijFSbaNtAEeKMVJto20AR4oxUm2jbQBHijFSbaNtAEeKMVJto20AR4oxUm2jbQBHijFSbaNtAEeKMVJto20AR4oxUm2jbQBHijFSbaNtAEeKMVJto20AR4oxUm2jbQBHijFSbaNtAEeKMVJto20AR4oxUm2jbQBHijFSbaNtAEeKMVJto20AR4oxUm2jbQBHijFSbaNtAEeKMVJto20AR4oxUm2jbQBHijFSbaNtAEeKMVJto20AR4oxUm2jbQBHijFSbaNtAEeKMVJto20AR4oxUm2jbQBHijFSbaNtAEeKMVJto20AR4oxUm2jbQBHijFSbaNtAEeKMVJto20AR4oxUm2jbQBHijFSbaNtAEeKMVJto20AR4oxUm2jbQBHijFSbaNtAEeKMVJto20AR4oxUm2jbQBHijFSbaNtAEeKMVJto20AR4oxUm2jbQBHijFSbaNtAEeKMVJto20AR4oxUm2jbQBHijFSbaNtAEeKMVJto20AR4oxUm2jbQBHijFSbaNtAEeKMVJto20AR4oxUm2jbQBHikxUm2jbQBHikxUmKQigCOinEUhFADaKWkoAKKKKACiiigAooooAK3IPBfiq6t4ri38NazNBKgeOSOwlZXUjIIIXBBHOaw6+3/An/ACTzw1/2CrX/ANFLQB8g/wDCCeL/APoVNc/8F0v/AMTSjwJ4v/6FXXP/AAXS/wDxNfbtFAHxIPAni/8A6FXXP/BfL/8AE04eBfF3/Qra3/4L5f8A4mvtmigD4oHgXxb/ANCtrf8A4L5f/iad/wAIL4t/6FbW/wDwXy//ABNfatFAHxV/wgvi3/oVtb/8F8v/AMTS/wDCC+Lf+hX1v/wXy/8AxNfalFAHxX/wgvi3/oV9b/8ABfL/APE0f8IL4t/6FfW//BfL/wDE19qUUAfFf/CC+Lf+hX1v/wAF8v8A8TR/wgvi3/oV9b/8F8v/AMTX2pRQB8V/8IL4t/6FfW//AAXy/wDxNH/CC+Lf+hX1v/wXy/8AxNfalFAHxX/wgvi3/oV9b/8ABfL/APE0f8IL4t/6FfW//BfL/wDE19qUUAfFf/CC+Lf+hX1v/wAF8v8A8TR/wgvi3/oV9b/8F8v/AMTX2pRQB8V/8IL4t/6FfW//AAXy/wDxNH/CC+Lf+hX1v/wXy/8AxNfalFAHxX/wgvi3/oV9b/8ABfL/APE0f8IL4t/6FfW//BfL/wDE19qUUAfFf/CC+Lf+hX1v/wAF8v8A8TR/wgvi3/oV9b/8F8v/AMTX2pRQB8V/8IL4t/6FfW//AAXy/wDxNH/CC+Lf+hX1v/wXy/8AxNfalFAHxX/wgvi3/oV9b/8ABfL/APE0f8IL4t/6FfW//BfL/wDE19qUUAfFf/CC+Lf+hX1v/wAF8v8A8TR/wgvi3/oV9b/8F8v/AMTX2pRQB8V/8IL4t/6FfW//AAXy/wDxNH/CC+Lf+hX1v/wXy/8AxNfalFAHxX/wgvi3/oV9b/8ABfL/APE0f8IL4t/6FfW//BfL/wDE19qUUAfFf/CC+Lf+hX1v/wAF8v8A8TR/wgvi3/oV9b/8F8v/AMTX2pRQB8V/8IL4t/6FfW//AAXy/wDxNH/CC+Lf+hX1v/wXy/8AxNfalFAHxX/wgvi3/oV9b/8ABfL/APE0f8IL4t/6FfW//BfL/wDE19qUUAfFf/CC+Lf+hX1v/wAF8v8A8TR/wgvi3/oV9b/8F8v/AMTX2pRQB8V/8IL4t/6FfW//AAXy/wDxNH/CC+Lf+hX1v/wXy/8AxNfalFAHxX/wgvi3/oV9b/8ABfL/APE0f8IL4t/6FfW//BfL/wDE19qUUAfFf/CC+Lf+hX1v/wAF8v8A8TR/wgvi3/oV9b/8F8v/AMTX2pRQB8V/8IL4t/6FfW//AAXy/wDxNH/CC+Lf+hX1v/wXy/8AxNfalFAHxX/wgvi3/oV9b/8ABfL/APE0f8IL4t/6FfW//BfL/wDE19qUUAfFf/CC+Lf+hX1v/wAF8v8A8TR/wgvi3/oV9b/8F8v/AMTX2pRQB8V/8IL4t/6FfW//AAXy/wDxNH/CC+Lf+hX1v/wXy/8AxNfalFAHxX/wgvi3/oV9b/8ABfL/APE0f8IL4t/6FfW//BfL/wDE19qUUAfFf/CC+Lf+hX1v/wAF8v8A8TR/wgvi3/oV9b/8F8v/AMTX2pRQB8V/8IL4t/6FfW//AAXy/wDxNH/CC+Lf+hX1v/wXy/8AxNfalFAHxX/wgvi3/oV9b/8ABfL/APE0f8IL4t/6FfW//BfL/wDE19qUUAfFf/CC+Lf+hX1v/wAF8v8A8TR/wgvi3/oV9b/8F8v/AMTX2pRQB8V/8IL4t/6FfW//AAXy/wDxNH/CC+Lf+hX1v/wXy/8AxNfalFAHxX/wgvi3/oV9b/8ABfL/APE0f8IL4t/6FfW//BfL/wDE19qUUAfFf/CC+Lf+hX1v/wAF8v8A8TR/wgvi3/oV9b/8F8v/AMTX2pRQB8V/8IL4t/6FfW//AAXy/wDxNH/CC+Lf+hX1v/wXy/8AxNfalFAHxX/wgvi3/oV9b/8ABfL/APE0f8IL4t/6FfW//BfL/wDE19qUUAfFf/CC+Lf+hX1v/wAF8v8A8TR/wgvi3/oV9b/8F8v/AMTX2pRQB8V/8IL4t/6FfW//AAXy/wDxNH/CC+Lf+hX1v/wXy/8AxNfalFAHxX/wgvi3/oV9b/8ABfL/APE0f8IL4t/6FfW//BfL/wDE19qUUAfFf/CC+Lf+hX1v/wAF8v8A8TR/wgvi3/oV9b/8F8v/AMTX2pRQB8V/8IL4t/6FfW//AAXy/wDxNH/CC+Lf+hX1v/wXy/8AxNfalFAHxX/wgvi3/oV9b/8ABfL/APE0f8IL4t/6FfW//BfL/wDE19qUUAfFf/CC+Lf+hX1v/wAF8v8A8TR/wgvi3/oV9b/8F8v/AMTX2pRQB8V/8IL4t/6FfW//AAXy/wDxNH/CC+Lf+hX1v/wXy/8AxNfalFAHxX/wgvi3/oV9b/8ABfL/APE0f8IL4t/6FfW//BfL/wDE19qUUAfFf/CC+Lf+hX1v/wAF8v8A8TR/wgvi3/oV9b/8F8v/AMTX2pRQB8V/8IL4t/6FfW//AAXy/wDxNH/CC+Lf+hX1v/wXy/8AxNfalFAHxX/wgvi3/oV9b/8ABfL/APE0f8IL4t/6FfW//BfL/wDE19qUUAfFf/CC+Lf+hX1v/wAF8v8A8TR/wgvi3/oV9b/8F8v/AMTX2pRQB8V/8IL4t/6FfW//AAXy/wDxNH/CC+Lf+hX1v/wXy/8AxNfalFAHxX/wgvi3/oV9b/8ABfL/APE0f8IL4t/6FfW//BfL/wDE19qUUAfFf/CC+Lf+hX1v/wAF8v8A8TR/wgvi3/oV9b/8F8v/AMTX2pRQB8V/8IL4t/6FfW//AAXy/wDxNH/CC+Lf+hX1v/wXy/8AxNfalFAHxX/wgvi3/oV9b/8ABfL/APE0f8IL4t/6FfW//BfL/wDE19qUUAfFf/CC+Lf+hX1v/wAF8v8A8TR/wgvi3/oV9b/8F8v/AMTX2pRQB8V/8IL4t/6FfW//AAXy/wDxNH/CC+Lf+hX1v/wXy/8AxNfalFAHxX/wgvi3/oV9b/8ABfL/APE0f8IL4t/6FfW//BfL/wDE19qUUAfFf/CC+Lf+hX1v/wAF8v8A8TR/wgvi3/oV9b/8F8v/AMTX2pRQB8V/8IL4t/6FfW//AAXy/wDxNH/CC+Lf+hX1v/wXy/8AxNfalFAHxX/wgvi3/oV9b/8ABfL/APE0f8IL4t/6FfW//BfL/wDE19qUUAfD+o+Gtc0i3W41PRtRsoWbYslzavGpbBOAWAGcA8exrM219N/tCDPgGx/7Ckf/AKKlr5qK0AQFaaVqcrTCtAEBFMIqdhUZFAERpKeabQAlFFFABRRRQAUUUUAFfb/gT/knnhr/ALBVr/6KWviCvt/wJ/yTzw1/2CrX/wBFLQB0FFFFABRRRQAUUUUAFFFFABRRRQAUUUUAFFFFABRRRQAUUUUAFFFFABRRRQAUUUUAFFFFABRRRQAUUUUAFFFFABRRRQAUUUUAFFFFABRRRQAUUUUAFFFFABRRRQAUUUUAFFFFABRRRQAUUUUAFFFFABRRRQAUUUUAFFFFABRRRQAUUUUAFFFFABRRRQAUUUUAFFFFABRRRQAUUUUAFFFFABRRRQAUUUUAFFFFABRRRQAUUUUAFFFFABRRRQAUUUUAFFFFABRRRQAUUUUAFFFFABRRRQAUUUUAFFFFABRRRQAUUUUAFFFFABRRRQAUUUUAFFFFABRRRQB5R+0CM+A7H/sJx/8AoqWvm4ivpP4//wDIh2P/AGE4/wD0VLXzeRQBERUbCpiKjYUAQMKiYVO1QtQBGaZTzTDQAlFFFABRRRQAUUUUAFfb/gT/AJJ54a/7BVr/AOilr4gr7f8AAn/JPPDX/YKtf/RS0AdBRRRQAUUUUAFFFFABRRRQAUUUUAFFFFABRRRQAUUUUAFFFFABRRRQAUUUUAFFFFABRRRQAUUUUAFFFFABRRRQAUUUUAFFFFABRRRQAUUUUAFFFFABRRRQAUUUUAFFFFABRRRQAUUUUAFFFFABRRRQAUUUUAFFFFABRRRQAUUUUAFFFFABRRRQAUUUUAFFFFABRRRQAUUUUAFFFFABRRRQAUUUUAFFFFABRRRQAUUUUAFFFFABRRRQAUUUUAFFFFABRRRQAUUUUAFFFFABRRRQAUUUUAFFFFABRRRQAUUUUAFFFFABRRRQAUUUUAFFFFABRRRQAUUUUAeVfH7/AJESx/7Ccf8A6Klr5xIr6P8Aj7/yIlj/ANhOP/0VLXziaAIyKjapTUbUAQPULVM9QtQBGaYae1MNADaKKKACiiigAooooAK+3/An/JPPDX/YKtf/AEUtfEFfb/gT/knnhr/sFWv/AKKWgDoKKKKACiiigAooooAKKKKACiiigAooooAKKKKACiiigAooooAKKKKACiiigAooooAKKKKACiiigAooooAKKKKACiiigAooooAKKKKACiiigAooooAKKKKACiiigAooooAKKKKACiiigAooooAKKKKACiiigAooooAKKKKACiiigAooooAKKKKACiiigAooooAKKKKACiiigAooooAKKKKACiiigAooooAKKKKACiiigAooooAKKKKACiiigAooooAKKKKACiiigAooooAKKKKACiiigAooooAKKKKACiiigAooooAKKKKACiiigAooooAKKKKACiiigDyv4+/8iJY/9hOP/wBFS184mvo74+/8iJY/9hOP/wBFS184nrQAw1G1SGo2oAheoWqZ6hagCJqYaeaYaAG0UGigAooooAKKKKACvt/wJ/yTzw1/2CrX/wBFLXxBX2/4E/5J54a/7BVr/wCiloA6CiiigAooooAKKKKACiiigAooooAKKKKACiiigAooooAKKKKACiiigAooooAKKKKACiiigAooooAKKKKACiiigAooooAKKKKACiiigAooooAKKKKACiiigAooooAKKKKACiiigAooooAKKKKACiiigAooooAKKKKACiiigAooooAKKKKACiiigAooooAKKKKACiiigAooooAKKKKACiiigAooooAKKKKACiiigAooooAKKKKACiiigAooooAKKKKACiiigAooooAKKKKACiiigAooooAKKKKACiiigAooooAKKKKACiiigAooooAKKKKACiiigAooooA8r+Pv/IiWX/YTj/8ARUtfOJ619HfHz/kRbH/sJx/+ipa+cj1oAjNRtUhqNqAIXqFqmeoWoAiNMNPNMNADTRQaKACiiigAooooAK+3/An/ACTzw1/2CrX/ANFLXxBX2/4E/wCSeeGv+wVa/wDopaAOgooooAKKKKACiiigAooooAKKKKACiiigAooooAKKKKACiiigAooooAKKKKACiiigAooooAKKKKACiiigAooooAKKKKACiiigAooooAKKKKACiiigAooooAKKKKACiiigAooooAKKKKACiiigAooooAKKKKACiiigAooooAKKKKACiiigAooooAKKKKACiiigAooooAKKKKACiiigAooooAKKKKACiiigAooooAKKKKACiiigAooooAKKKKACiiigAooooAKKKKACiiigAooooAKKKKACiiigAooooAKKKKACiiigAooooAKKKKACiiigAooooAKKKKAPK/j5/wAiLY/9hOP/ANFS185HrX0b8ff+REsv+wnH/wCipa+cT1oAYajapDUbUAQvULVM9QtQBEaYaeaYaAGmig0UAFFFFABRRRQAV9v+BP8Aknnhr/sFWv8A6KWviCvt/wACf8k88Nf9gq1/9FLQB0FFFFABRRRQAUUUUAFFFFABRRRQAUUUUAFFFFABRRRQAUUUUAFFFFABRRRQAUUUUAFFFFABRRRQAUUUUAFFFFABRRRQAUUUUAFFFFABRRRQAUUUUAFFFFABRRRQAUUUUAFFFFABRRRQAUUUUAFFFFABRRRQAUUUUAFFFFABRRRQAUUUUAFFFFABRRRQAUUUUAFFFFABRRRQAUUUUAFFFFABRRRQAUUUUAFFFFABRRRQAUUUUAFFFFABRRRQAUUUUAFFFFABRRRQAUUUUAFFFFABRRRQAUUUUAFFFFABRRRQAUUUUAFFFFABRRRQAUUUUAFFFFABRRRQB5X8ff8AkRLH/sJx/wDoqWvnE9a+jvj7/wAiJY/9hOP/ANFS184nrQAw1G1SGo2oAheoWqZ6hagCI0w080w0ANNFBooAKKKKACiiigAr7f8AAn/JPPDX/YKtf/RS18QV9v8AgT/knnhr/sFWv/opaAOgooooAKKKKACiiigAooooAKKKKACiiigAooooAKKKKACiiigAooooAKKKKACiiigAooooAKKKKACiiigAooooAKKKKACiiigAooooAKKKKACiiigAooooAKKKKACiiigAooooAKKKKACiiigAooooAKKKKACiiigAooooAKKKKACiiigAooooAKKKKACiiigAooooAKKKKACiiigAooooAKKKKACiiigAooooAKKKKACiiigAooooAKKKKACiiigAooooAKKKKACiiigAooooAKKKKACiiigAooooAKKKKACiiigAooooAKKKKACiiigAooooAKKKKAPK/j7/AMiJY/8AYTj/APRUtfOJ619HfH3/AJESx/7Ccf8A6Klr5xPWgBhqNqkNRtQBC9QtUz1C1AERphp5phoAaaKDRQAUUUUAFFFFABX2/wCBP+SeeGv+wVa/+ilr4gr7f8Cf8k88Nf8AYKtf/RS0AdBRRRQAUUUUAFFFFABRRRQAUUUUAFFFFABRRRQAUUUUAFFFFABRRRQAUUUUAFFFFABRRRQAUUUUAFFFFABRRRQAUUUUAFFFFABRRRQAUUUUAFFFFABRRRQAUUUUAFFFFABRRRQAUUUUAFFFFABRRRQAUUUUAFFFFABRRRQAUUUUAFFFFABRRRQAUUUUAFFFFABRRRQAUUUUAFFFFABRRRQAUUUUAFFFFABRRRQAUUUUAFFFFABRRRQAUUUUAFFFFABRRRQAUUUUAFFFFABRRRQAUUUUAFFFFABRRRQAUUUUAFFFFABRRRQAUUUUAFFFFABRRRQAUUUUAeV/H3/kRLH/ALCcf/oqWvnE9a+jvj7/AMiJY/8AYTj/APRUtfOJ60AMNRtUhqNqAIXqFqmeoWoAiNMNPNMNADTRQaKACiiigAooooAK+3/An/JPPDX/AGCrX/0UtfEFfb/gT/knnhr/ALBVr/6KWgDoKKKKACiiigAooooAKKKKACiiigAooooAKKKKACiiigAooooAKKKKACiiigAooooAKKKKACiiigAooooAKKKKACiiigAooooAKKKKACiiigAooooAKKKKACiiigAooooAKKKKACiiigAooooAKKKKACiiigAooooAKKKKACiiigAooooAKKKKACiiigAooooAKKKKACiiigAooooAKKKKACiiigAooooAKKKKACiiigAooooAKKKKACiiigAooooAKKKKACiiigAooooAKKKKACiiigAooooAKKKKACiiigAooooAKKKKACiiigAooooAKKKKACiiigDyv4+/8iJY/wDYTj/9FS184nrX0d8ff+REsf8AsJx/+ipa+cT1oAYajapDUbUAQvULVM9QtQBEaYaeaYaAGmig0UAFFFFABRRRQAV9v+BP+SeeGv8AsFWv/opa+IK+3/An/JPPDX/YKtf/AEUtAHQUUUUAFFFFABRRRQAUUUUAFFFFABRRRQAUUUUAFFFFABRRRQAUUUUAFFFFABRRRQAUUUUAFFFFABRRRQAUUUUAFFFFABRRRQAUUUUAFFFFABRRRQAUUUUAFFFFABRRRQAUUUUAFFFFABRRRQAUUUUAFFFFABRRRQAUUUUAFFFFABRRRQAUUUUAFFFFABRRRQAUUUUAFFFFABRRRQAUUUUAFFFFABRRRQAUUUUAFFFFABRRRQAUUUUAFFFFABRRRQAUUUUAFFFFABRRRQAUUUUAFFFFABRRRQAUUUUAFFFFABRRRQAUUUUAFFFFABRRRQAUUUUAFFFFAHlfx9/5ESy/7Ccf/oqWvnE9a+jvj7/yIlj/ANhOP/0VLXzietADDUbVIajagCF6hapnqFqAIjTDTzTDQA00UGigAooooAKKKKACvt/wJ/yTzw1/2CrX/wBFLXxBX2/4E/5J54a/7BVr/wCiloA6CiiigAooooAKKKKACiiigAooooAKKKKACiiigAooooAKKKKACiiigAooooAKKKKACiiigAooooAKKKKACiiigAooooAKKKKACiiigAooooAKKKKACiiigAooooAKKKKACiiigAooooAKKKKACiiigAooooAKKKKACiiigAooooAKKKKACiiigAooooAKKKKACiiigAooooAKKKKACiiigAooooAKKKKACiiigAooooAKKKKACiiigAooooAKKKKACiiigAooooAKKKKACiiigAooooAKKKKACiiigAooooAKKKKACiiigAooooAKKKKACiiigAooooA8r+Pv/IiWP/YTj/8ARUtfOJ619HfH3/kRLH/sJx/+ipa+cT1oAYajapDUbUAQvULVM9QtQBEaYaeaYaAGmig0UAFFFFABRRRQAV9v+BP+SeeGv+wVa/8Aopa+IK+3/An/ACTzw1/2CrX/ANFLQB0FFFFABRRRQAUUUUAFFFFABRRRQAUUUUAFFFFABRRRQAUUUUAFFFFABRRRQAUUUUAFFFFABRRRQAUUUUAFFFFABRRRQAUUUUAFFFFABRRRQAUUUUAFFFFABRRRQAUUUUAFFFFABRRRQAUUUUAFFFFABRRRQAUUUUAFFFFABRRRQAUUUUAFFFFABRRRQAUUUUAFFFFABRRRQAUUUUAFFFFABRRRQAUUUUAFFFFABRRRQAUUUUAFFFFABRRRQAUUUUAFFFFABRRRQAUUUUAFFFFABRRRQAUUUUAFFFFABRRRQAUUUUAFFFFABRRRQAUUUUAFFFFABRRRQB5X8ff+REsf+wnH/wCipa+cT1r6O+Pv/IiWP/YTj/8ARUtfOJ60AMNRtUhqNqAIXqFqmeoWoAiNMNPNMNADTRQaKACiiigAooooAK+3/An/ACTzw1/2CrX/ANFLXxBX2/4E/wCSeeGv+wVa/wDopaAOgooooAKKKKACiiigAooooAKKKKACiiigAooooAKKKKACiiigAooooAKKKKACiiigAooooAKKKKACiiigAooooAKKKKACiiigAooooAKKKKACiiigAooooAKKKKACiiigAooooAKKKKACiiigAooooAKKKKACiiigAooooAKKKKACiiigAooooAKKKKACiiigAooooAKKKKACiiigAooooAKKKKACiiigAooooAKKKKACiiigAooooAKKKKACiiigAooooAKKKKACiiigAooooAKKKKACiiigAooooAKKKKACiiigAooooAKKKKACiiigAooooAKKKKAPK/j7/wAiJY/9hOP/ANFS184nrX0d8ff+REsf+wnH/wCipa+cT1oAYajapDUbUAQvULVM9QtQBEaYaeaYaAGmig0UAFFFFABRRRQAV9v+BP8Aknnhr/sFWv8A6KWviCvt/wACf8k88Nf9gq1/9FLQB0FFFFABRRRQAUUUUAFFFFABRRRQAUUUUAFFFFABRRRQAUUUUAFFFFABRRRQAUUUUAFFFFABRRRQAUUUUAFFFFABRRRQAUUUUAFFFFABRRRQAUUUUAFFFFABRRRQAUUUUAFFFFABRRRQAUUUUAFFFFABRRRQAUUUUAFFFFABRRRQAUUUUAFFFFABRRRQAUUUUAFFFFABRRRQAUUUUAFFFFABRRRQAUUUUAFFFFABRRRQAUUUUAFFFFABRRRQAUUUUAFFFFABRRRQAUUUUAFFFFABRRRQAUUUUAFFFFABRRRQAUUUUAFFFFABRRRQAUUUUAFFFFABRRRQB5X8ff8AkRLH/sJx/wDoqWvnE9a+jvj7/wAiJY/9hOP/ANFS184nrQAw1G1SGo2oAheoWqZ6hagCI0w080w0ANNFBooAKKKKACiiigAr7f8AAn/JPPDX/YKtf/RS18QV9v8AgT/knnhr/sFWv/opaAOgooooAKKKKACiiigAooooAKKKKACiiigAooooAKKKKACiiigAooooAKKKKACiiigAooooAKKKKACiiigAooooAKKKKACiiigAooooAKKKKACiiigAooooAKKKKACiiigAooooAKKKKACiiigAooooAKKKKACiiigAooooAKKKKACiiigAooooAKKKKACiiigAooooAKKKKACiiigAooooAKKKKACiiigAooooAKKKKACiiigAooooAKKKKACiiigAooooAKKKKACiiigAooooAKKKKACiiigAooooAKKKKACiiigAooooAKKKKACiiigAooooAKKKKAPK/j7/AMiJY/8AYTj/APRUtfOJ619HfH3/AJESx/7Ccf8A6Klr5xPWgBhqNqkNRtQBC9QtUz1C1AERphp5phoAaaKDRQAUUUUAFFFFABX2/wCBP+SeeGv+wVa/+ilr4gr7f8Cf8k88Nf8AYKtf/RS0AdBRRRQAUUUUAFFFFABRRRQAUUUUAFFFFABRRRQAUUUUAFFFFABRRRQAUUUUAFFFFABRRRQAUUUUAFFFFABRRRQAUUUUAFFFFABRRRQAUUUUAFFFFABRRRQAUUUUAFFFFABRRRQAUUUUAFFFFABRRRQAUUUUAFFFFABRRRQAUUUUAFFFFABRRRQAUUUUAFFFFABRRRQAUUUUAFFFFABRRRQAUUUUAFFFFABRRRQAUUUUAFFFFABRRRQAUUUUAFFFFABRRRQAUUUUAFFFFABRRRQAUUUUAFFFFABRRRQAUUUUAFFFFABRRRQAUUUUAFFFFABRRRQAUUUUAeV/H3/kRLH/ALCcf/oqWvnE9a+jvj7/AMiJY/8AYTj/APRUtfOJ60AMNRtUhqNqAIXqFqmeoWoAiNMNPNMNADTRQaKACiiigAooooAK+3/An/JPPDX/AGCrX/0UtfEFfb/gT/knnhr/ALBVr/6KWgDoKKKKACiiigAooooAKKKKACiiigAooooAKKKKACiiigAooooAKKKKACiiigAooooAKKKKACiiigAooooAKKKKACiiigAooooAKKKKACiiigAooooAKKKKACiiigAooooAKKKKACiiigAooooAKKKKACiiigAooooAKKKKACiiigAooooAKKKKACiiigAooooAKKKKACiiigAooooAKKKKACiiigAooooAKKKKACiiigAooooAKKKKACiiigAooooAKKKKACiiigAooooAKKKKACiiigAooooAKKKKACiiigAooooAKKKKACiiigAooooAKKKKACiiigDyv4+/8iJY/wDYTj/9FS184nrX0d8ff+REsf8AsJx/+ipa+cT1oAYajapDUbUAQvULVM9QtQBEaYaeaYaAGmig0UAFFFFABRRRQAV9v+BP+SeeGv8AsFWv/opa+IK+3/An/JPPDX/YKtf/AEUtAHQUUUUAFFFFABRRRQAUUUUAFFFFABRRRQAUUUUAFFFFABRRRQAUUUUAFFFFABRRRQAUUUUAFFFFABRRRQAUUUUAFFFFABRRRQAUUUUAFFFFABRRRQAUUUUAFFFFABRRRQAUUUUAFFFFABRRRQAUUUUAFFFFABRRRQAUUUUAFFFFABRRRQAUUUUAFFFFABRRRQAUUUUAFFFFABRRRQAUUUUAFFFFABRRRQAUUUUAFFFFABRRRQAUUUUAFFFFABRRRQAUUUUAFFFFABRRRQAUUUUAFFFFABRRRQAUUUUAFFFFABRRRQAUUUUAFFFFABRRRQAUUUUAFFFFAHlfx9/5ESx/7Ccf/oqWvnE9a+jvj7/yIlj/ANhOP/0VLXzietADDUbVIajagCF6hapnqFqAIjTDTzTDQA00UGigAooooAKKKKACvt/wJ/yTzw1/2CrX/wBFLXxBX2/4E/5J54a/7BVr/wCiloA6CiiigAooooAKKKKACiiigAooooAKKKKACiiigAooooAKKKKACiiigAooooAKKKKACiiigAooooAKKKKACiiigAooooAKKKKACiiigAooooAKKKKACiiigAooooAKKKKACiiigAooooAKKKKACiiigAooooAKKKKACiiigAooooAKKKKACiiigAooooAKKKKACiiigAooooAKKKKACiiigAooooAKKKKACiiigAooooAKKKKACiiigAooooAKKKKACiiigAooooAKKKKACiiigAooooAKKKKACiiigAooooAKKKKACiiigAooooAKKKKACiiigAooooA8r+Pv/IiWP/YTj/8ARUtfOJ619HfH3/kRLH/sJx/+ipa+cT1oAYajapDUbUAQvULVM9QtQBEaYaeaYaAGmig0UAFFFFABRRRQAV9v+BP+SeeGv+wVa/8Aopa+IK+3/An/ACTzw1/2CrX/ANFLQB0FFFFABRRRQAUUUUAFFFFABRRRQAUUUUAFFFFABRRRQAUUUUAFFFFABRRRQAUUUUAFFFFABRRRQAUUUUAFFFFABRRRQAUUUUAFFFFABRRRQAUUUUAFFFFABRRRQAUUUUAFFFFABRRRQAUUUUAFFFFABRRRQAUUUUAFFFFABRRRQAUUUUAFFFFABRRRQAUUUUAFFFFABRRRQAUUUUAFFFFABRRRQAUUUUAFFFFABRRRQAUUUUAFFFFABRRRQAUUUUAFFFFABRRRQAUUUUAFFFFABRRRQAUUUUAFFFFABRRRQAUUUUAFFFFABRRRQAUUUUAFFFFABRRRQB5X8ff+REsf+wnH/wCipa+cT1r6O+Pv/IiWP/YTj/8ARUtfOJ60AMNRtUhqNqAIXqFqmeoWoAiNMNPNMNADTRQaKACiiigAooooAK+3/An/ACTzw1/2CrX/ANFLXxBX2/4E/wCSeeGv+wVa/wDopaAOgooooAKKKKACiiigAooooAKKKKACiiigAooooAKKKKACiiigAooooAKKKKACiiigAooooAKKKKACiiigAooooAKKKKACiiigAooooAKKKKACiiigAooooAKKKKACiiigAooooAKKKKACiiigAooooAKKKKACiiigAooooAKKKKACiiigAooooAKKKKACiiigAooooAKKKKACiiigAooooAKKKKACiiigAooooAKKKKACiiigAooooAKKKKACiiigAooooAKKKKACiiigAooooAKKKKACiiigAooooAKKKKACiiigAooooAKKKKACiiigAooooAKKKKAPK/j7/wAiJY/9hOP/ANFS184nrX0d8ff+REsf+wnH/wCipa+cTQAw1G1SGo2oAheoWqZ6hagCI0w09qYaAGmiiigAooooAKKKKACvt/wJ/wAk88Nf9gq1/wDRS18QV9v+BP8Aknnhr/sFWv8A6KWgDoKKKKACiiigAooooAKKKKACiiigAooooAKKKKACiiigAooooAKKKKACiiigAooooAKKKKACiiigAooooAKKKKACiiigAooooAKKKKACiiigAooooAKKKKACiiigAooooAKKKKACiiigAooooAKKKKACiiigAooooAKKKKACiiigAooooAKKKKACiiigAooooAKKKKACiiigAooooAKKKKACiiigAooooAKKKKACiiigAooooAKKKKACiiigAooooAKKKKACiiigAooooAKKKKACiiigAooooAKKKKACiiigAooooAKKKKACiiigAooooAKKKKACiiigDyv4+/8AIiWP/YTj/wDRUtfOJr6N+P3/ACIlj/2E4/8A0VLXziTQA01G1PJqNqAIXqFqmeoWoAjamGnmmGgBtFFFABRRRQAUUUUAFfb/AIE/5J54a/7BVr/6KWviCvt/wJ/yTzw1/wBgq1/9FLQB0FFFFABRRRQAUUUUAFFFFABRRRQAUUUUAFFFFABRRRQAUUUUAFFFFABRRRQAUUUUAFFFFABRRRQAUUUUAFFFFABRRRQAUUUUAFFFFABRRRQAUUUUAFFFFABRRRQAUUUUAFFFFABRRRQAUUUUAFFFFABRRRQAUUUUAFFFFABRRRQAUUUUAFFFFABRRRQAUUUUAFFFFABRRRQAUUUUAFFFFABRRRQAUUUUAFFFFABRRRQAUUUUAFFFFABRRRQAUUUUAFFFFABRRRQAUUUUAFFFFABRRRQAUUUUAFFFFABRRRQAUUUUAFFFFABRRRQAUUUUAFFFFABRRRQB5T8f/wDkQ7H/ALCcf/oqWvnAmvo79oE48BWP/YTj/wDRUtfNpNACk1GxpSaYxoAY1QtUjGomNADDTDTzTKAEooooAKKKKACiiigAr7f8Cf8AJPPDX/YKtf8A0UtfEFFAH3/RXwDSg0AfftFfAgNPBoA++KK+CQ1O3UAfelFfBm6jdQB950V8GbqN1AH3nRXwZuo3UAfedFfBm6jdQB950V8GbqN1AH3nRXwZuo3UAfedFfBm6jdQB950V8GbqN1AH3nRXwZuo3UAfedFfBm6jdQB950V8GbqN1AH3nRXwZuo3UAfedFfBm6jdQB950V8GbqN1AH3nRXwZuo3UAfedFfBm6jdQB950V8GbqN1AH3nRXwZuo3UAfedFfBm6jdQB950V8GbqN1AH3nRXwZuo3UAfedFfBm6jdQB950V8GbqN1AH3nRXwZuo3UAfedFfBm6jdQB950V8GbqN1AH3nRXwZuo3UAfedFfBm6jdQB950V8GbqN1AH3nRXwZuo3UAfedFfBm6jdQB950V8GbqN1AH3nRXwZuo3UAfedFfBm6jdQB950V8GbqN1AH3nRXwZuo3UAfedFfBm6jdQB950V8GbqN1AH3nRXwZuo3UAfedFfBm6jdQB950V8GbqN1AH3nRXwZuo3UAfedFfBm6jdQB950V8GbqN1AH3nRXwZuo3UAfedFfBm6jdQB950V8GbqN1AH3nRXwZuo3UAfedFfBm6jdQB950V8GbqN1AH3nRXwZuo3UAfedFfBm6jdQB950V8GbqN1AH3nRXwZuo3UAfedFfBm6jdQB950V8GbqN1AH3nRXwZuo3UAfedFfBm6jdQB950V8GbqN1AH01+0IceAbH/sKR/+ipa+ai1RbqTdQBKWphamFqaWoAVjUZNKTTCaAA02ikoAKKKKACiiigAooooAKKKKAClpKKAHA04GmUZoAkzS5qPNLmgCTdRuqPNGaAJN1G6o80ZoAk3UbqjzRmgCTdRuqPNGaAJN1G6o80ZoAk3UbqjzRmgCTdRuqPNGaAJN1G6o80ZoAk3UbqjzRmgCTdRuqPNGaAJN1G6o80ZoAk3UbqjzRmgCTdRuqPNGaAJN1G6o80ZoAk3UbqjzRmgCTdRuqPNGaAJN1G6o80ZoAk3UbqjzRmgCTdRuqPNGaAJN1G6o80ZoAk3UbqjzRmgCTdRuqPNGaAJN1G6o80ZoAk3UbqjzRmgCTdRuqPNGaAJN1G6o80ZoAk3UbqjzRmgCTdRuqPNGaAJN1G6o80ZoAk3UbqjzRmgCTdRuqPNGaAJN1G6o80ZoAk3UbqjzRmgCTdRuqPNGaAJN1G6o80ZoAk3UbqjzRmgCTdRuqPNGaAJN1G6o80ZoAk3UbqjzRmgCTdRuqPNGaAJN1G6o80ZoAk3UbqjzRmgCTdRuqPNGaAJN1G6o80ZoAk3UbqjzRmgCTdRuqPNGaAJN1G6o80ZoAk3UbqjzRmgCTdRuqPNGaAJN1G6o80ZoAk3UbqjzRmgCTdRuqPNGaAJN1G6o80ZoAk3UbqjzRmgCTdRuqPNGaAJN1G6o80ZoAk3UbqjzRmgCTdRuqPNGaAJN1G6o80ZoAk3Um6mZozQA/NNzTc0ZoAUmmk0UlAC0lFFABRRRQAUUUUAFFFFABRRRQAUUUUAFFFFAC5opKKAFopKKAFopKKAFopKKAFopKKAFopKKAFopKKAFopKKAFopKKAFopKKAFopKKAFopKKAFopKKAFopKKAFopKKAFopKKAFopKKAFopKKAFopKKAFopKKAFopKKAFopKKAFopKKAFopKKAFopKKAFopKKAFopKKAFopKKAFopKKAFopKKAFopKKAFopKKAFopKKAFopKKAFopKKAFopKKAFopKKAFopKKAFopKKAFopKKAFopKKAFopKKAFopKKAFopKKAFopKKAFopKKAFopKKAFopKKAFopKKAFopKKAFopKKAFopKKAFopKKAFopKKAFopKKAFopKKAFopKKAFopKKAFopKKAFopKKAFopKKAFzSZoooAKKKKACiiigAooooAKKKKACiiigAooooAKKKKACiiigAooooAKKKKACiiigAooooAKKKKACiiigAooooAKKKKACiiigAooooAKKKKACiiigAooooAKKKKACiiigAooooAKKKKACiiigAooooAKKKKACiiigAooooAKKKKACiiigAooooAKKKKACiiigAooooAKKKKACiiigAooooAKKKKACiiigAooooAKKKKACiiigAooooAKKKKACiiigAooooAKKKKACiiigAooooAKKKKACiiigAooooAKKKKACiiigAooooAKKKKACiiigAooooAKKKKACiiigAooooAKKKKACiiigAooooAKKKKACiiigAooooAKKKKACiiigAooooAKKKKACiiigD//2Q0KZW5kc3RyZWFtDWVuZG9iag02OCAwIG9iag08PC9CaXRzUGVyQ29tcG9uZW50IDggL0NvbG9yU3BhY2UgL0RldmljZUdyYXkgL0ZpbHRlciAvRmxhdGVEZWNvZGUgL0hlaWdodCA0OTUgL0xlbmd0aCA0NzcyIC9NYXR0ZSBbMCAwIDBdIC9TdWJ0eXBlIC9JbWFnZSAvVHlwZSAvWE9iamVjdCAvV2lkdGggOTQ3Pj4NCnN0cmVhbQ0KeJzt3ed2VMe2gFGcABvbOAfAgMkoIiQRfN7/ue7tXWGH7i0RWlLXGj3n/8NoGP7Oqqqdrl0DAAAAAAAAAAAAAAAAAAAAAAAgoC+AeZuOc2LT/xgQiFohHrlCOG0G+yVso/ai1Sd8mo1Gq1X4TJuIVq6wlquN9kO5fgVMfSjbzQS76X8VaN4Gop0P9pzf+DVso4/r9tKbnQtWofARzsj2cqNdDVas8Clmqr3EZleKna/1G2BqvtvLbvaMYLUKH2ml2uVoL7PYaa/jn3UdmJrrdhztZTQ7V+xSrqs/9AZsr3PKHUV7Wc3OLYpHwaoUzrXc7XKzX15ws2eN2HGv4993E8hmwp2N9kKbPaPYodezU/0WttHZ6Q7VXl6zq8VOgl2qddP/VtCcpW5Xor3gZs8stu91udXvgGq53L7aS2v2nGL7XldavQXcurVSbl/tOc1eQrHDiO17XU31e9huq+n21U4G7cU2O1kWT4rNwfa5zoX6A2yruXj7bPtol5q9gKXxecWOgh3FOv3dP8I2ms23VttHexnNfqjYca9zld6GbTTX77Ta85u9nGLThC29jmKd/PKfYBvN9FuzzdWmQXsJzY6SHRd7Ixebgi29DrGOfvfPsK1W+q3Z5mrzoE0b2mmz6yX74WJzsCXX5U5/ge21XG/JtkZ7Oc1Ol8XTYvtgc69DrPUX/wrbbRpvyTZVW6Ndbna0NL6AIZvvoKgHT7nYLtjcax9r/rG/Ab/9Nmq3ZJuq7aItzd7MzX49NLvGmJ1ZFucZWxbFfbAl16HV38f+gG0y+a9/KLdkO0RbFsc3+manS+O1iv1yKPZ6LbaO2C7YnGvfav/b/4RtNS24dJuq7aItg7Y0e31odq2l8fKy+Ju6LC7FDsGmXvtY8y/+C7bdKN7cbaq2jzY3W5fG3ywvjT+52P8D1vP33326Oduu2hLtXLPrjdlN/20hvDt37vzdKd121fbRpmYX+9lvvx0dQa01Zjf9t4Xw7nbu5HBTtX2002b77ezkBEqycMX+ubdQsk3Vlmhrs9258WhpvDRmJQtX7P4/nT7bPtrFoC3NdtvZ8dJ4jWS/2PTfFsJ78OD+Qp9tibY2OyyNL2TMShbW9fDhwwc12xptGrR5bbw0Zr9Zb8xKFtb177//5mofpFlbB22asynZ25MTqNEBlGRhAx49etRXmyftItpJs6MxO1kZf3qyX0gW1vX48aNRtSna2ux4zE4OjT93ZSxZWNuTJ49rtV20fbN/Dc32Y3Z0ACVZ2IynT57UartoF4O2NjtKth+z662MJQtre/b06dMabbc8Ls3emTY7m+yXkoUr92whVVui7ZtdSnb5zFiysBHPnz8fou2bvdc3O6yMJQsNePG8RpsHbdfs/fszY3a8Mv68ZL+QLKztxUKKNg/axZztzo3r0ni6Mi43QH3u+ZNkYX0vX74coi3NpqVxGbOShabsTJutS+NuNzvezI6vzEoWNmdnp4+2bzYtjdOYnWxmV86fJAtXbncnRVubrUvj+6ub2e78SbKwYbu7u3XQ5maHMZs2s+cdGUsWrtz+boq2Ntstjetu9u6dmfMnycJG7e/v79VmR2O2rIyXzp/Gtyx++oVZycL6Drpm93bzfrYfsw8f3r8/nD9Nj4wlCxt0MG02jdl6ANWfP92+PbplsbxMRrKwCQel2b3UbDdmnzx5vJzs5CqPZGGDDmuzu7t5zJaVcX/+9KGrPJKFq3Q4bbZfGUsWmvSqNLvX7WfLyricGZcj4w9cmJUsXKWjV68O+zHbNTtaGUsWmrNINje7ly/PlpXxKNnfzr+XQrJwlY7Gze7kMTtKNl2YlSw04yg3e9ivjF8Myd6TLLSmJnuYb1zsDo3Tldl8lWd8+5NkoQGvU7OLZA+GlXFK9qFkoUGv65g9OKjJLprtVsY52T9rsj98L1nYvC7Zo5zs/v5uvTSbNrOShfYcvx4lm+6mSGfG02R//kmy0Ibj4+N+ZbzYzdZkH0sWmrRI9vUo2d2a7KN8x6JkoS0ni2Rfj5N9KVlo2MnJItnFnB1tZsv9T5KFBp2kZo+O+mR3+lsWJQvtOT3plsZHR6/6ZF9KFtp1enpSDo37ZPu7jCULzTlNzb5Oj83u7+/n+59Ksv9caLJfSBbW9zY1+zo1u1/Pn8bJ/jHzvrbPeiuqZOECvH3zZrGdfd1d6EnJ7uUHA8odi5KFxiySfZMPjdPKuCT7VLLQpi7ZvJs96u9/kiw0KyV7Ok52Z/xcgGShLe9Kst11nplk/5YsNOXdsDJ+Vd5M8XL8KI9koSnv3uYzY8lCCO/fds2mM2PJQvvev8vJnnTJHuZkX5Sn7yQLzXlfV8ZnJPuXZKEl79+9q8l2D+DtDXcsShYa9F9N9liyEMB/izHbXZldTfZfyUJ7xsm+kiy0bkj2OF+YlSy07L/37xeb2dPunsVRss+GZP+ULDTkf5KFSCQLoUySfSVZaJxkIZRFsu8lC2FIFkKRLIQiWQhFshCKZCEUF3kgFHc/QSiShVA8yQOhdMl6XhbCWHorhWShbV4kA6H89+6s17V5wyI06D/vMYZIpq8e97UAaNyHvskjWWjK5Mt3PqMFrfN9WQilJOsr7hBDOnxK9z4dvTrIyb6QLDTr3Zsu2eOVZB/lZP+SLDTl7Zu6Lj46lCw0ryT7eki2e5Dn6eOc7B3JQlu6ZNMlnnT6tEh2R7LQsHrr0+tX42SfSBba9DY/ErAYsq8O9/fHT7gvkr0rWWhMfiHFYifbvattf393ePZOstCgelE2b2Vzss9KsvckC63pngjohmz35F23Lq43Py2SvS9ZaM5peoinG7KShQBOT+rhU032RUn2gWShPd29it0Vnj7Zl5KFhp0cp4d4+mR3arIPJQsNOslPBNRkd2qy/0oWWnRSLsrmZHclC23r7lXsk93rk30kWWjS8WyyjyULbRonu1eTfSJZaNQo2X3JQvOGZA/6ZJ9KFlrVJ3vQJ/tMstCsmuxhn+xzyUK7SrKHkoUQVpJ9IVloWE72sE/2pWShZSnZV5KFIJaSfSlZaNpxfh+qZCGGabI7koW2SRZCkSyEIlkIRbIQimQhFMlCKJKFUKZ3P0kWGueGRQhl6UkeyULbJAuhLD/iLllommQhlJXXtUkWWrbyUlTJQstW32MsWWjY6tcCJAsNO1n9Jo9koV2ShVBOjlc/VilZaNbJ8fHKJ6ElC81aJHssWQjjdJzsvk9CQ+NO08pYshCEZCGU05PuzLgmuydZaNtssk8lC43KyR5JFmJ4c3JyMkq2PjArWWiTZCGUN6cp2SPJQghv0mZWshDEcrK7koWWSRZCkSyE8ub0VLIQR032SLIQQUr2WLIQhGQhlLeShUgkC6FIFkKRLIQiWQhFshCKizwQimQhFPcYQyie5IFQJAuhSBZC8e4nCMUbFiEU7zGGUOaT9YEPaNQb3+SBSHz5DkLxfVkIJX3FXbIQRUr2qCa7K1lo2+mxZCGQLtmjmuyeZKFxJzPJPpUstCptZUuye5KF1qUbKSQLUZy87pPdL8k+kyw067hP9qAk+1yy0C7JQih9sgcl2ReShYbVZA8lCxGUZA9rsi8lCy3LyR7WZF9KFpqWkn1Vk92RLLStS/aVZCGK+haZlOyuZKFx+Q7jnOyuZKF13UfvSrJ7koXmve6T3ZcstK9Pdl+yEEBN9kCyEEFJ9kCyEEJO9kCyEENK9lCyEER9JkCyEEL5gpZkIYbybQ/JQgxHkoVIJAuhSBZCkSyEIlkIRbIQimQhFMlCKJKFUCQLoUgWQpEshCJZCEWyEIpkIRTJQiiShVAkC6FIFkKRLIQiWQhFshCKZCEUyUIokoVQJAuhSBZCkSyEIlkIRbIQimQhFMlCKJKFUCQLoUgWQpEshCJZCEWyEIpkIRTJQiiShVAkC6FIFkKRLIQiWQhFshCKZCEUyUIokoVQJAuhSBZCkSyEIlkIRbIQimQhFMlCKJKFUCQLoUgWQpEshCJZCEWyEIpkIRTJQiiShVAkC6FIFkKRLIQiWQhFshCKZCEUyUIokoVQJAuhSBZCkSyEIlkIRbIQimQhFMlCKJKFUCQLoUgWQpEshCJZCEWyEIpkIRTJQiiShVAkC6FIFkKRLIQiWQhFshCKZCEUyUIokoVQJAuhSBZCkSyEIlkIRbIQimQhFMlCKJKFUCQLoUgWQpEshCJZCEWyEIpkIRTJQiiShVAkC6FIFkKRLIQiWQhFshCKZCEUyUIokoVQJAuhSBZCkSyEIlkIRbIQimQhFMlCKJKFUCQLoUgWQpEshCJZCOXqkr0mWVhfKvYwFZuSfbGc7O8p2R9/SMnevHnjekr2q5TsJxUrWbgAkoVQJAuhSBZCkSyEMjow3tvdkSw0biXZ55KFhp2T7D/37v4tWWjLdCsrWWhcV+w02WeryXY3P0kWWpCHbH9gPEr2vmShPXVdPEr26ZNFsg9Lsn/UZL+/JVnYvDpkJ9d4umQfSBYaNFkXT6/x/HPvTk72Z8lCK0ZDNq+LR8nelSy0Zlzs5PQpJ/vnItlfJAvNqMvisi7utrJLyQ5PuEsWNm4YsqN1cX+/omShMaXYpXXxo3/TgfHSe2S+S++RkSxs0LTYybpYstCeWmwZsuWqbH+Np9xiPH1b2zef9bY2ycIFmBQ7rIunyd6+/YNkoQnTYvt18cP76fRpdPPT2u9ElSxcgKHYtCwezov/uTe9LDt5KkCysCFdsKXYYciOTp+Gazzzd1JIFq5UCrYvtg7Zfiu7dGAsWdiwLti0jy3FDodPd5cPjGev8UgWrlQdsbnY8ZDtT5+m13gkC5vUBzsUm4dseiXF9PSpJPu1ZGFjpsWWZXG/Ll45feqv8UgWNuLFEGwtthuyq1vZ9ZO9JllYW9frItg8YuuyeBiy5x0Yf+JlWcnCBajBpmIfpWLzTvbOeCs7e/okWbh6z4Zgh2JnhqxkoQm51xrsUOx562LJwsZ0veZguxFbi10asvPJfurpk2RhfbXXFGw6eSrFTobsdCs7eihAsnC1aq8p2KHY0ZAdrYtXt7KflOw1ycK6Rr3mYPtiV4bsuutiycL6+l5TsGnEToudPS+WLGxIna95wuZiF/vYtCxeHrL9S2Q+c10sWVhbzXUINp08LYoty+LxzYorl3g+Mdlrm/7bQnip1pxrH2xf7PKQXe/wSbKwvq7Wkuui1xpsXhVPr8lewJCVLKzrbsk191qD7YudnD2ND58kCxuRY025Lnodgl0qdn7IShauWo61q3WR66LXIdhc7GRZPOxkPzPZa/l/1v0Biz9o8X8Aiz/z+vUbN27e/Pa77259//0PP/54+/ZPP/388y+//Prrr7/9tvg9v//R+TP5C7ZdTiFV8XvptQY7W+x6Q3acbN/s9dTst6XZUbS52txtDneIF7ZQX8HvudbS6xBsKXa0kV13yC6N2drsjdrsrdJsirartss2dVvKrf6AbTL5rz8H8WvOddFrCjYXe6sWO9rIrjVka7KjpfHXdWl8Mzc7RNtVm7JN3dZyYcvlHH4puS567YPNxd4cHT1Nl8Wflezc0rjM2dpsirZUm7It4fbtwtaqKeQwfqq9pmBrsTdWNrJrDNnlMbvU7BBtqTZlW8MdxwtbaAghh3G79toHu1Ls2kP2Y5ot0XbVpmxruEv1wpYZdZDD+DH3moO9rGLHyU6azdd6SrS12pRtDff2Sr+wPSYV5DB+GHpNwZarO0vFrpvs+c2mQdtXm7Ot4f440y9si0kFpYzv+17ziL2UYmuyZzc7rXYId65f2BbTDEobQ68fKnaNZM9tdhxtqnYIdy5f2CKTEkod302CvZxip0vjabMl2lRtzrYPdyVe2D6jGkof35ZeS7DLxa6/LD6z2WHQpmhztX2303Rhew1JlEZulmCHEXvhxU6XxkvNpmhztTXbSbmw9YYwbva9jkbsarFrJ3t2synaXG3JdlIukPR13Oh77YK9rGLnmp1GW6oddStgtttqCjWS6yvBXnyxZzaboi3V9tnOpwtbahzG9aHXFOylFbvc7HK0tdqlcIFiSOSb2WAvutih2ZVBW6KddKtfuLEaRN/K12eN2Isrdr7ZEu0o29lyYcuNA6nRfHXJxa40W6Ltq512C6wYYvnqq7lF8cUWO2p2KdpRtcqFGdNEvjoj2IsudqbZPtqVboEZo2K+vPxix8320Y6rFS6cZRrKl6vBXkaxZ0S7nK2G4ZwmRuVcerDTZsfRnt8t0Jkm88VVFHtutNKFWXOhXFWwy9HOZwucY5rQZQe7Gq1s4aMtx3MVwc5Fq1w432wzVxXsmdGqGDofl8dVBvvx0QKzrjpY2cJn20yuuoVPt+Fapzb9jwHN2nScAAAAAAAAAAAAAAAAAAAAAAAAfJb/B36dQ4sNCmVuZHN0cmVhbQ1lbmRvYmoNNjcgMCBvYmoNPDwvQml0c1BlckNvbXBvbmVudCA4IC9Db2xvclNwYWNlIC9EZXZpY2VSR0IgL0ZpbHRlciAvRENURGVjb2RlIC9IZWlnaHQgNDk1IC9MZW5ndGggMTE4OTYgL1NNYXNrIDY4IDAgUiAvU3VidHlwZSAvSW1hZ2UgL1R5cGUgL1hPYmplY3QgL1dpZHRoIDk0Nz4+DQpzdHJlYW0NCv/Y/+AAEEpGSUYAAQEAAAEAAQAA/9sAQwAIBgYHBgUIBwcHCQkICgwUDQwLCwwZEhMPFB0aHx4dGhwcICQuJyAiLCMcHCg3KSwwMTQ0NB8nOT04MjwuMzQy/9sAQwEJCQkMCwwYDQ0YMiEcITIyMjIyMjIyMjIyMjIyMjIyMjIyMjIyMjIyMjIyMjIyMjIyMjIyMjIyMjIyMjIyMjIy/8AAEQgB7wOzAwEiAAIRAQMRAf/EAB8AAAEFAQEBAQEBAAAAAAAAAAABAgMEBQYHCAkKC//EALUQAAIBAwMCBAMFBQQEAAABfQECAwAEEQUSITFBBhNRYQcicRQygZGhCCNCscEVUtHwJDNicoIJChYXGBkaJSYnKCkqNDU2Nzg5OkNERUZHSElKU1RVVldYWVpjZGVmZ2hpanN0dXZ3eHl6g4SFhoeIiYqSk5SVlpeYmZqio6Slpqeoqaqys7S1tre4ubrCw8TFxsfIycrS09TV1tfY2drh4uPk5ebn6Onq8fLz9PX29/j5+v/EAB8BAAMBAQEBAQEBAQEAAAAAAAABAgMEBQYHCAkKC//EALURAAIBAgQEAwQHBQQEAAECdwABAgMRBAUhMQYSQVEHYXETIjKBCBRCkaGxwQkjM1LwFWJy0QoWJDThJfEXGBkaJicoKSo1Njc4OTpDREVGR0hJSlNUVVZXWFlaY2RlZmdoaWpzdHV2d3h5eoKDhIWGh4iJipKTlJWWl5iZmqKjpKWmp6ipqrKztLW2t7i5usLDxMXGx8jJytLT1NXW19jZ2uLj5OXm5+jp6vLz9PX29/j5+v/aAAwDAQACEQMRAD8A+f6KKKACiiigAooooAKKKKACiiigAooooAKKKKACiiigAooooAKKKKACiiigAooooAKKKKACiiigAooooAKKKKACiiigAooooAKKKKACiiigAooooAKKKKACiiigAooooAKKKKACiiigAooooAKKKKACiiigAooooAKKKKACiiigAooooAKKKKACiiigAooooAKKKKACiiigAooooAKKKKACiiigAooooAKKKKACiiigAooooAKKKKACiiigAooooAKKKKACiiigAooooAKKKKACiiigAooooAKKKKACiiigAooooAKKKKACiiigAooooAKKKKACiiigAooooAKKKMUAFFLRQAlFLRQAlFLRQAlFLRQAlFLRQAlFLRQAlFLRQAlFLRQAlFLRQAlFLRQAlFLRQAlFLRQAlFLRQAlFLRQAlFLRQAlFLRQAlFLRQAlFLRQAlFLRQAlFLRQAlFLRQAlFLRQAlFLRQAlFLRQAlFLRQAlFLRQAlFLRQAlFLRQAlFLRQAlFLRQAlFLRQAlFLRQAlFLRQAlFLRQAlFLRQAlFLRQAlFLRQAlFLRQAlFLRQAlFLRQAlFLRQAlFLRQAlFLRQAlFLRQAlFLRQAlFLRQAlFLRQAlFLRQAlFLRQAlFLRQAlFLRQAlFLikoAKKKKACiiigAooooAKKKKACiiigAooooAKKKWgApcUoFKBQAmKMU/FLtoAjxS4p+2jbQAzFGKk20baAI8UYqTbRtoAjxRipNtG2gCPFGKk20baAI8UYqTbRtoAjxRipNtG2gCPFGKk20baAI8UYqTbRtoAjxRipNtG2gCPFGKk20baAI8UYqTbRtoAjxRipNtG2gCPFGKk20baAI8UYqTbRtoAjxRipNtG2gCPFGKk20baAI8UYqTbRtoAjxRipNtG2gCPFGKk20baAI8UYqTbRtoAjxRipNtG2gCPFGKk20baAI8UYqTbRtoAjxRipNtG2gCPFGKk20baAI8UYqTbRtoAjxRipNtG2gCPFGKk20baAI8UYqTbRtoAjxRipNtG2gCPFGKk20baAI8UYqTbRtoAjxRipNtG2gCPFGKk20baAI8UYqTbRtoAjxRipNtG2gCPFGKk20baAI8UYqTbRtoAjxRipNtG2gCPFGKk20baAI8UYqTbRtoAjxRipNtG2gCPFGKk20baAI8UYqTbRtoAjxRipNtG2gCPFGKk20baAI8UYqTbRtoAjxRipNtJtoAjxRipNtJigCPFJUhFNIoAbSU4ikoASiiigAooooAKKKKACiiigAroP+EE8Yf9Cprn/gum/+Jrn6+/6APiH/AIQTxf8A9Cprn/gul/8AiaUeBPF//Qq65/4Lpf8A4mvt2igD4kHgTxd/0Kuuf+C+X/4mnjwL4u/6FbW//BfL/wDE19sUUAfFA8C+Lf8AoVtb/wDBfL/8TTv+EF8W/wDQra3/AOC+X/4mvtWigD4q/wCEF8W/9Cvrf/gvl/8AiaX/AIQXxb/0K+t/+C+X/wCJr7UooA+K/wDhBfFv/Qr63/4L5f8A4mj/AIQXxb/0K+t/+C+X/wCJr7UooA+K/wDhBfFv/Qr63/4L5f8A4mj/AIQXxb/0K+t/+C+X/wCJr7UooA+K/wDhBfFv/Qr63/4L5f8A4mj/AIQXxb/0K+t/+C+X/wCJr7UooA+K/wDhBfFv/Qr63/4L5f8A4mj/AIQXxb/0K+t/+C+X/wCJr7UooA+K/wDhBfFv/Qr63/4L5f8A4mj/AIQXxb/0K+t/+C+X/wCJr7UooA+K/wDhBfFv/Qr63/4L5f8A4mj/AIQXxb/0K+t/+C+X/wCJr7UooA+K/wDhBfFv/Qr63/4L5f8A4mj/AIQXxb/0K+t/+C+X/wCJr7UooA+K/wDhBfFv/Qr63/4L5f8A4mj/AIQXxb/0K+t/+C+X/wCJr7UooA+K/wDhBfFv/Qr63/4L5f8A4mj/AIQXxb/0K+t/+C+X/wCJr7UooA+K/wDhBfFv/Qr63/4L5f8A4mj/AIQXxb/0K+t/+C+X/wCJr7UooA+K/wDhBfFv/Qr63/4L5f8A4mj/AIQXxb/0K+t/+C+X/wCJr7UooA+K/wDhBfFv/Qr63/4L5f8A4mj/AIQXxb/0K+t/+C+X/wCJr7UooA+K/wDhBfFv/Qr63/4L5f8A4mj/AIQXxb/0K+t/+C+X/wCJr7UooA+K/wDhBfFv/Qr63/4L5f8A4mj/AIQXxb/0K+t/+C+X/wCJr7UooA+K/wDhBfFv/Qr63/4L5f8A4mj/AIQXxb/0K+t/+C+X/wCJr7UooA+K/wDhBfFv/Qr63/4L5f8A4mj/AIQXxb/0K+t/+C+X/wCJr7UooA+K/wDhBfFv/Qr63/4L5f8A4mj/AIQXxb/0K+t/+C+X/wCJr7UooA+K/wDhBfFv/Qr63/4L5f8A4mj/AIQXxb/0K+t/+C+X/wCJr7UooA+K/wDhBfFv/Qr63/4L5f8A4mj/AIQXxb/0K+t/+C+X/wCJr7UooA+K/wDhBfFv/Qr63/4L5f8A4mj/AIQXxb/0K+t/+C+X/wCJr7UooA+K/wDhBfFv/Qr63/4L5f8A4mj/AIQXxb/0K+t/+C+X/wCJr7UooA+K/wDhBfFv/Qr63/4L5f8A4mj/AIQXxb/0K+t/+C+X/wCJr7UooA+K/wDhBfFv/Qr63/4L5f8A4mj/AIQXxb/0K+t/+C+X/wCJr7UooA+K/wDhBfFv/Qr63/4L5f8A4mj/AIQXxb/0K+t/+C+X/wCJr7UooA+K/wDhBfFv/Qr63/4L5f8A4mj/AIQXxb/0K+t/+C+X/wCJr7UooA+K/wDhBfFv/Qr63/4L5f8A4mj/AIQXxb/0K+t/+C+X/wCJr7UooA+K/wDhBfFv/Qr63/4L5f8A4mj/AIQXxb/0K+t/+C+X/wCJr7UooA+K/wDhBfFv/Qr63/4L5f8A4mj/AIQXxb/0K+t/+C+X/wCJr7UooA+K/wDhBfFv/Qr63/4L5f8A4mj/AIQXxb/0K+t/+C+X/wCJr7UooA+K/wDhBfFv/Qr63/4L5f8A4mj/AIQXxb/0K+t/+C+X/wCJr7UooA+K/wDhBfFv/Qr63/4L5f8A4mj/AIQXxb/0K+t/+C+X/wCJr7UooA+K/wDhBfFv/Qr63/4L5f8A4mj/AIQXxb/0K+t/+C+X/wCJr7UooA+K/wDhBfFv/Qr63/4L5f8A4mj/AIQXxb/0K+t/+C+X/wCJr7UooA+K/wDhBfFv/Qr63/4L5f8A4mj/AIQXxb/0K+t/+C+X/wCJr7UooA+K/wDhBfFv/Qr63/4L5f8A4mj/AIQXxb/0K+t/+C+X/wCJr7UooA+K/wDhBfFv/Qr63/4L5f8A4mj/AIQXxb/0K+t/+C+X/wCJr7UooA+K/wDhBfFv/Qr63/4L5f8A4mj/AIQXxb/0K+t/+C+X/wCJr7UooA+K/wDhBfFv/Qr63/4L5f8A4mj/AIQXxb/0K+t/+C+X/wCJr7UooA+K/wDhBfFv/Qr63/4L5f8A4mj/AIQXxb/0K+t/+C+X/wCJr7UooA+K/wDhBfFv/Qr63/4L5f8A4mj/AIQXxb/0K+t/+C+X/wCJr7UooA+K/wDhBfFv/Qr63/4L5f8A4mj/AIQXxb/0K+t/+C+X/wCJr7UooA+K/wDhBfFv/Qr63/4L5f8A4mj/AIQXxb/0K+t/+C+X/wCJr7UooA+K/wDhBfFv/Qr63/4L5f8A4mj/AIQXxb/0K+t/+C+X/wCJr7UooA+K/wDhBfFv/Qr63/4L5f8A4mj/AIQXxb/0K+t/+C+X/wCJr7UooA+K/wDhBfFv/Qr63/4L5f8A4mj/AIQXxb/0K+t/+C+X/wCJr7UooA+K/wDhBfFv/Qr63/4L5f8A4mj/AIQXxb/0K+t/+C+X/wCJr7UooA+K/wDhBfFv/Qr63/4L5f8A4mj/AIQXxb/0K+t/+C+X/wCJr7UooA+K/wDhBfFv/Qr63/4L5f8A4mqeo+Gtc0i3W41PRtRsoWbYslzavGpbBOAWAGcA8exr7gryf9oQZ8A2P/YUj/8ARUtAHzJtpCtTlaaVoAgK0wipytMYUAQEU01KRTDQAyilpKACiiigAooooAKKKKACvv8Ar4Ar7/oAKKKKACiiigAooooAKKKKACiiigAooooAKKKKACiiigAooooAKKKKACiiigAooooAKKKKACiiigAooooAKKKKACiiigAooooAKKKKACiiigAooooAKKKKACiiigAooooAKKKKACiiigAooooAKKKKACiiigAooooAKKKKACiiigAooooAKKKKACiiigAooooAKKKKACiiigAooooAKKKKACiiigAooooAKKKKACiiigAooooAKKKKACiiigAooooAKKKKACiiigAooooAK8o/aBGfAdj/ANhOP/0VLXq9eVfH/wD5EOx/7Ccf/oqWgD5sIppFSkUwigCFhUTCp2FRNQBAwphqRqjNADKSlNJQAUUUUAFFFFABRRRQAV9/18AV9/0AFFFFABRRRQAUUUUAFFFFABRRRQAUUUUAFFFFABRRRQAUUUUAFFFFABRRRQAUUUUAFFFFABRRRQAUUUUAFFFFABRRRQAUUUUAFFFFABRRRQAUUUUAFFFFABRRRQAUUUUAFFFFABRRRQAUUUUAFFFFABRRRQAUUUUAFFFFABRRRQAUUUUAFFFFABRRRQAUUUUAFFFFABRRRQAUUUUAFFFFABRRRQAUUUUAFFFFABRRRQAUUUUAFFFFABRRRQAUUUUAFFFFABRRRQAUUUUAFeVfH7/kRLH/ALCcf/oqWvVa8r+Pv/Ii2X/YTj/9FS0AfOBFMIqU1GwoAiaoXqdqgegCFqjNSNUbUAMNNpxptABRRRQAUUUUAFFFFABX3/XwBX3/AEAFFFFABRRRQAUUUUAFFFFABRRRQAUUUUAFFFFABRRRQAUUUUAFFFFABRRRQAUUUUAFFFFABRRRQAUUUUAFFFFABRRRQAUUUUAFFFFABRRRQAUUUUAFFFFABRRRQAUUUUAFFFFABRRRQAUUUUAFFFFABRRRQAUUUUAFFFFABRRRQAUUUUAFFFFABRRRQAUUUUAFFFFABRRRQAUUUUAFFFFABRRRQAUUUUAFFFFABRRRQAUUUUAFFFFABRRRQAUUUUAFFFFABRRRQAUUUUAFeWfHz/kRbL/sJR/+ipa9Try349/8iLZf9hKP/wBFS0AfOJqNqlbrUbUAQtUL1O1QPQBC1RNUrVEaAGGm04000AFFFFABRRRQAUUUUAFff9fAFff9ABRRRQAUUUUAFFFFABRRRQAUUUUAFFFFABRRRQAUUUUAFFFFABRRRQAUUUUAFFFFABRRRQAUUUUAFFFFABRRRQAUUUUAFFFFABRRRQAUUUUAFFFFABRRRQAUUUUAFFFFABRRRQAUUUUAFFFFABRRRQAUUUUAFFFFABRRRQAUUUUAFFFFABRRRQAUUUUAFFFFABRRRQAUUUUAFFFFABRRRQAUUUUAFFFFABRRRQAUUUUAFFFFABRRRQAUUUUAFFFFABRRRQAUUUUAFFFFABXlvx6/5Eay/wCwlH/6Klr1KvLfj1/yI1l/2Eo//RUtAHzm1RGpm61CaAImqB6naoHoAhaojUrVEaAGGmmnGmmgAooooAKKKKACiiigAr7/AK+AK+/6ACiiigAooooAKKKKACiiigAooooAKKKKACiiigAooooAKKKKACiiigAooooAKKKKACiiigAooooAKKKKACiiigAooooAKKKKACiiigAooooAKKKKACiiigAooooAKKKKACiiigAooooAKKKKACiiigAooooAKKKKACiiigAooooAKKKKACiiigAooooAKKKKACiiigAooooAKKKKACiiigAooooAKKKKACiiigAooooAKKKKACiiigAooooAKKKKACiiigAooooAKKKKACvLfj1/yI1l/wBhKP8A9FS16lXlvx7/AORGsv8AsJR/+ipaAPnNqiNStUTUARNUD1O1QPQBC1RGpWqI0AMNNNONNNABRRRQAUUUUAFFFFABX3/XwBX3/QAUUUUAFFFFABRRRQAUUUUAFFFFABRRRQAUUUUAFFFFABRRRQAUUUUAFFFFABRRRQAUUUUAFFFFABRRRQAUUUUAFFFFABRRRQAUUUUAFFFFABRRRQAUUUUAFFFFABRRRQAUUUUAFFFFABRRRQAUUUUAFFFFABRRRQAUUUUAFFFFABRRRQAUUUUAFFFFABRRRQAUUUUAFFFFABRRRQAUUUUAFFFFABRRRQAUUUUAFFFFABRRRQAUUUUAFFFFABRRRQAUUUUAFFFFABRRRQAV5Z8e/wDkRbL/ALCUf/oqWvU68s+Pn/Ii2X/YTj/9FS0AfOZ61G1PPWo2oAiaoXqZqhegCFqiNStURoAYaaacaaaACiiigAooooAKKKKACvv+vgCvv+gAooooAKKKKACiiigAooooAKKKKACiiigAooooAKKKKACiiigAooooAKKKKACiiigAooooAKKKKACiiigAooooAKKKKACiiigAooooAKKKKACiiigAooooAKKKKACiiigAooooAKKKKACiiigAooooAKKKKACiiigAooooAKKKKACiiigAooooAKKKKACiiigAooooAKKKKACiiigAooooAKKKKACiiigAooooAKKKKACiiigAooooAKKKKACiiigAooooAKKKKACiiigAryv4+f8AIi2P/YTj/wDRUteqV5X8fP8AkRbH/sJx/wDoqWgD5yNRmpD1qM0ARtUL1M1QvQBC1RGpWqI0AMNNNONNNABRRRQAUUUUAFFFFABX3/XwBX3/AEAFFFFABRRRQAUUUUAFFFFABRRRQAUUUUAFFFFABRRRQAUUUUAFFFFABRRRQAUUUUAFFFFABRRRQAUUUUAFFFFABRRRQAUUUUAFFFFABRRRQAUUUUAFFFFABRRRQAUUUUAFFFFABRRRQAUUUUAFFFFABRRRQAUUUUAFFFFABRRRQAUUUUAFFFFABRRRQAUUUUAFFFFABRRRQAUUUUAFFFFABRRRQAUUUUAFFFFABRRRQAUUUUAFFFFABRRRQAUUUUAFFFFABRRRQAUUUUAFeV/Hz/kRbH/sJx/+ipa9Uryv4+f8iLY/9hOP/wBFS0AfOR61GakNRmgCNqhepmqF6AIWqI1K1RGgBhpppxppoAKKKKACiiigAooooAK+/wCvgCvv+gAooooAKKKKACiiigAooooAKKKKACiiigAooooAKKKKACiiigAooooAKKKKACiiigAooooAKKKKACiiigAooooAKKKKACiiigAooooAKKKKACiiigAooooAKKKKACiiigAooooAKKKKACiiigAooooAKKKKACiiigAooooAKKKKACiiigAooooAKKKKACiiigAooooAKKKKACiiigAooooAKKKKACiiigAooooAKKKKACiiigAooooAKKKKACiiigAooooAKKKKACiiigAryz4+f8iLZf8AYSj/APRUtep15Z8fP+RFsf8AsJx/+ipaAPnI9ajapDUbUARNUL1M1QvQBC1RGpWqI0AMNNNONNNABRRRQAUUUUAFFFFABX3/AF8AV9/0AFFFFABRRRQAUUUUAFFFFABRRRQAUUUUAFFFFABRRRQAUUUUAFFFFABRRRQAUUUUAFFFFABRRRQAUUUUAFFFFABRRRQAUUUUAFFFFABRRRQAUUUUAFFFFABRRRQAUUUUAFFFFABRRRQAUUUUAFFFFABRRRQAUUUUAFFFFABRRRQAUUUUAFFFFABRRRQAUUUUAFFFFABRRRQAUUUUAFFFFABRRRQAUUUUAFFFFABRRRQAUUUUAFFFFABRRRQAUUUUAFFFFABRRRQAUUUUAFeWfHz/AJEWy/7CUf8A6Klr1OvLPj5/yItl/wBhKP8A9FS0AfORqNulSGo26UARNUL1M1QvQBC1RGpWqI0AMNNNONNNABRRRQAUUUUAFFFFABX3/XwBX3/QAUUUUAFFFFABRRRQAUUUUAFFFFABRRRQAUUUUAFFFFABRRRQAUUUUAFFFFABRRRQAUUUUAFFFFABRRRQAUUUUAFFFFABRRRQAUUUUAFFFFABRRRQAUUUUAFFFFABRRRQAUUUUAFFFFABRRRQAUUUUAFFFFABRRRQAUUUUAFFFFABRRRQAUUUUAFFFFABRRRQAUUUUAFFFFABRRRQAUUUUAFFFFABRRRQAUUUUAFFFFABRRRQAUUUUAFFFFABRRRQAUUUUAFFFFABRRRQAV5Z8fP+RFsf+wnH/wCipa9Tryz4+f8AIi2X/YTj/wDRUtAHzketRtUh61G1AETVC9TNUL0AQtURqVqiNADDTTTjTTQAUUUUAFFFFABRRRQAV9/18AV9/wBABRRRQAUUUUAFFFFABRRRQAUUUUAFFFFABRRRQAUUUUAFFFFABRRRQAUUUUAFFFFABRRRQAUUUUAFFFFABRRRQAUUUUAFFFFABRRRQAUUUUAFFFFABRRRQAUUUUAFFFFABRRRQAUUUUAFFFFABRRRQAUUUUAFFFFABRRRQAUUUUAFFFFABRRRQAUUUUAFFFFABRRRQAUUUUAFFFFABRRRQAUUUUAFFFFABRRRQAUUUUAFFFFABRRRQAUUUUAFFFFABRRRQAUUUUAFFFFABXlfx8/5EWx/7Ccf/oqWvVK8r+Pv/IiWP/YTj/8ARUtAHzketRmnnrTDQBG1QvUzVC9AELVEalaojQAw0004000AFFFFABRRRQAUUUUAFff9fAFff9ABRRRQAUUUUAFFFFABRRRQAUUUUAFFFFABRRRQAUUUUAFFFFABRRRQAUUUUAFFFFABRRRQAUUUUAFFFFABRRRQAUUUUAFFFFABRRRQAUUUUAFFFFABRRRQAUUUUAFFFFABRRRQAUUUUAFFFFABRRRQAUUUUAFFFFABRRRQAUUUUAFFFFABRRRQAUUUUAFFFFABRRRQAUUUUAFFFFABRRRQAUUUUAFFFFABRRRQAUUUUAFFFFABRRRQAUUUUAFFFFABRRRQAUUUUAFFFFABXlfx9/5ESx/7Ccf/AKKlr1SvK/j7/wAiJY/9hOP/ANFS0AfOJ60w089aYaAI2qF6maoXoAhaojUrVEaAGGmmnGmmgAooooAKKKKACiiigAr7/r4Ar7/oAKKKKACiiigAooooAKKKKACiiigAooooAKKKKACiiigAooooAKKKKACiiigAooooAKKKKACiiigAooooAKKKKACiiigAooooAKKKKACiiigAooooAKKKKACiiigAooooAKKKKACiiigAooooAKKKKACiiigAooooAKKKKACiiigAooooAKKKKACiiigAooooAKKKKACiiigAooooAKKKKACiiigAooooAKKKKACiiigAooooAKKKKACiiigAooooAKKKKACiiigAooooAK8r+Pv/ACIlj/2E4/8A0VLXqleV/H3/AJESx/7Ccf8A6KloA+cT1php560w0ARtUL1M1QvQBC1RGpWqI0AMNNNONNNABRRRQAUUUUAFFFFABX3/AF8AV9/0AFFFFABRRRQAUUUUAFFFFABRRRQAUUUUAFFFFABRRRQAUUUUAFFFFABRRRQAUUUUAFFFFABRRRQAUUUUAFFFFABRRRQAUUUUAFFFFABRRRQAUUUUAFFFFABRRRQAUUUUAFFFFABRRRQAUUUUAFFFFABRRRQAUUUUAFFFFABRRRQAUUUUAFFFFABRRRQAUUUUAFFFFABRRRQAUUUUAFFFFABRRRQAUUUUAFFFFABRRRQAUUUUAFFFFABRRRQAUUUUAFFFFABRRRQAUUUUAFeV/H3/AJESx/7Ccf8A6Klr1SvK/j7/AMiJY/8AYTj/APRUtAHzietMNPPWmGgCNqhepmqF6AIWqI1K1RGgBhpppxppoAKKKKACiiigAooooAK+/wCvgCvv+gAooooAKKKKACiiigAooooAKKKKACiiigAooooAKKKKACiiigAooooAKKKKACiiigAooooAKKKKACiiigAooooAKKKKACiiigAooooAKKKKACiiigAooooAKKKKACiiigAooooAKKKKACiiigAooooAKKKKACiiigAooooAKKKKACiiigAooooAKKKKACiiigAooooAKKKKACiiigAooooAKKKKACiiigAooooAKKKKACiiigAooooAKKKKACiiigAooooAKKKKACiiigAryv4+/wDIiWP/AGE4/wD0VLXqleV/H3/kRLH/ALCcf/oqWgD5xPWmGnnrTDQBG1QvUzVC9AELVEalaojQAw0004000AFFFFABRRRQAUUUUAFff9fAFff9ABRRRQAUUUUAFFFFABRRRQAUUUUAFFFFABRRRQAUUUUAFFFFABRRRQAUUUUAFFFFABRRRQAUUUUAFFFFABRRRQAUUUUAFFFFABRRRQAUUUUAFFFFABRRRQAUUUUAFFFFABRRRQAUUUUAFFFFABRRRQAUUUUAFFFFABRRRQAUUUUAFFFFABRRRQAUUUUAFFFFABRRRQAUUUUAFFFFABRRRQAUUUUAFFFFABRRRQAUUUUAFFFFABRRRQAUUUUAFFFFABRRRQAUUUUAFFFFABXlfx9/5ESx/wCwnH/6Klr1SvK/j7/yIlj/ANhOP/0VLQB84nrTDTz1phoAjaoXqZqhegCFqiNStURoAYaaacaaaACiiigAooooAKKKKACvv+vgCvv+gAooooAKKKKACiiigAooooAKKKKACiiigAooooAKKKKACiiigAooooAKKKKACiiigAooooAKKKKACiiigAooooAKKKKACiiigAooooAKKKKACiiigAooooAKKKKACiiigAooooAKKKKACiiigAooooAKKKKACiiigAooooAKKKKACiiigAooooAKKKKACiiigAooooAKKKKACiiigAooooAKKKKACiiigAooooAKKKKACiiigAooooAKKKKACiiigAooooAKKKKACiiigAryv4+/8iJY/wDYTj/9FS16pXlfx9/5ESx/7Ccf/oqWgD5xPWmGnnrTDQBG1QvUzVC9AELVEalaojQAw0004000AFFFFABRRRQAUUUUAFff9fAFff8AQAUUUUAFFFFABRRRQAUUUUAFFFFABRRRQAUUUUAFFFFABRRRQAUUUUAFFFFABRRRQAUUUUAFFFFABRRRQAUUUUAFFFFABRRRQAUUUUAFFFFABRRRQAUUUUAFFFFABRRRQAUUUUAFFFFABRRRQAUUUUAFFFFABRRRQAUUUUAFFFFABRRRQAUUUUAFFFFABRRRQAUUUUAFFFFABRRRQAUUUUAFFFFABRRRQAUUUUAFFFFABRRRQAUUUUAFFFFABRRRQAUUUUAFFFFABRRRQAV5X8ff+REsf+wnH/6Klr1SvK/j7/yIlj/2E4//AEVLQB84nrTDTz1phoAjaoXqZqhegCFqiNStURoAYaaacaaaACiiigAooooAKKKKACvv+vgCvv8AoAKKKKACiiigAooooAKKKKACiiigAooooAKKKKACiiigAooooAKKKKACiiigAooooAKKKKACiiigAooooAKKKKACiiigAooooAKKKKACiiigAooooAKKKKACiiigAooooAKKKKACiiigAooooAKKKKACiiigAooooAKKKKACiiigAooooAKKKKACiiigAooooAKKKKACiiigAooooAKKKKACiiigAooooAKKKKACiiigAooooAKKKKACiiigAooooAKKKKACiiigAooooAK8r+Pv/IiWP/YTj/8ARUteqV5X8ff+REsf+wnH/wCipaAPnE9aYaeetMNAEbVC9TNUL0AQtURqVqiNADDTTTjTTQAUUUUAFFFFABRRRQAV9/18AV9/0AFFFFABRRRQAUUUUAFFFFABRRRQAUUUUAFFFFABRRRQAUUUUAFFFFABRRRQAUUUUAFFFFABRRRQAUUUUAFFFFABRRRQAUUUUAFFFFABRRRQAUUUUAFFFFABRRRQAUUUUAFFFFABRRRQAUUUUAFFFFABRRRQAUUUUAFFFFABRRRQAUUUUAFFFFABRRRQAUUUUAFFFFABRRRQAUUUUAFFFFABRRRQAUUUUAFFFFABRRRQAUUUUAFFFFABRRRQAUUUUAFFFFABRRRQAUUUUAFeV/H3/kRLH/sJx/8AoqWvVK8r+Pv/ACIlj/2E4/8A0VLQB84nrTDTzTDQBG1QvUzVC9AELVEalaomoAYaaacabQAUUUUAFFFFABRRRQAV9/18AV9/0AFFFFABRRRQAUUUUAFFFFABRRRQAUUUUAFFFFABRRRQAUUUUAFFFFABRRRQAUUUUAFFFFABRRRQAUUUUAFFFFABRRRQAUUUUAFFFFABRRRQAUUUUAFFFFABRRRQAUUUUAFFFFABRRRQAUUUUAFFFFABRRRQAUUUUAFFFFABRRRQAUUUUAFFFFABRRRQAUUUUAFFFFABRRRQAUUUUAFFFFABRRRQAUUUUAFFFFABRRRQAUUUUAFFFFABRRRQAUUUUAFFFFABRRRQAUUUUAFeV/H3/kRLH/sJx/8AoqWvVK8q+P3/ACIlj/2E4/8A0VLQB85GmGnE0wmgBjVA9TNUL0AQtUbVI1RmgBhptONNoAKKKKACiiigAooooAK+/wCvgCvv+gAooooAKKKKACiiigAooooAKKKKACiiigAooooAKKKKACiiigAooooAKKKKACiiigAooooAKKKKACiiigAooooAKKKKACiiigAooooAKKKKACiiigAooooAKKKKACiiigAooooAKKKKACiiigAooooAKKKKACiiigAooooAKKKKACiiigAooooAKKKKACiiigAooooAKKKKACiiigAooooAKKKKACiiigAooooAKKKKACiiigAooooAKKKKACiiigAooooAKKKKACiiigAryn4//wDIh2P/AGE4/wD0VLXq1eUftAnHgKx/7Ccf/oqWgD5xJphNITTSaAEY1E1PY1ExoAjaozT2NMNADDSUtJQAUUUUAFFFFABRRRQAV9/18AUUAff9FfANKDQB9+0V8Cg04NQB98UV8FBqXdQB96UV8GbqN1AH3nRXwZuo3UAfedFfBm6jdQB950V8GbqN1AH3nRXwZuo3UAfedFfBm6jdQB950V8GbqN1AH3nRXwZuo3UAfedFfBm6jdQB950V8GbqN1AH3nRXwZuo3UAfedFfBm6jdQB950V8GbqN1AH3nRXwZuo3UAfedFfBm6jdQB950V8GbqN1AH3nRXwZuo3UAfedFfBm6jdQB950V8GbqN1AH3nRXwZuo3UAfedFfBm6jdQB950V8GbqN1AH3nRXwZuo3UAfedFfBm6jdQB950V8GbqN1AH3nRXwZuo3UAfedFfBm6jdQB950V8GbqN1AH3nRXwZuo3UAfedFfBm6jdQB950V8GbqN1AH3nRXwZuo3UAfedFfBm6jdQB950V8GbqN1AH3nRXwZuo3UAfedFfBm6jdQB950V8GbqN1AH3nRXwZuo3UAfedFfBm6jdQB950V8GbqN1AH3nRXwZuo3UAfedFfBm6jdQB950V8GbqN1AH3nRXwZuo3UAfedFfBm6jdQB950V8GbqN1AH3nRXwZuo3UAfedFfBm6jdQB9515N+0IceAbH/sKR/8AoqWvmXdRuoAlLUhaot1IWoAeWqNjSFqaTQAhNNNBNNoAKSiigAooooAKKKKACiiigAooooAKWkooAcDTs0ylzQA/NLmo80uaAJN1G6o80ZoAk3UbqjzRmgCTdRuqPNGaAJN1G6o80ZoAk3UbqjzRmgCTdRuqPNGaAJN1G6o80ZoAk3UbqjzRmgCTdRuqPNGaAJN1G6o80ZoAk3UbqjzRmgCTdRuqPNGaAJN1G6o80ZoAk3UbqjzRmgCTdRuqPNGaAJN1G6o80ZoAk3UbqjzRmgCTdRuqPNGaAJN1G6o80ZoAk3UbqjzRmgCTdRuqPNGaAJN1G6o80ZoAk3UbqjzRmgCTdRuqPNGaAJN1G6o80ZoAk3UbqjzRmgCTdRuqPNGaAJN1G6o80ZoAk3UbqjzRmgCTdRuqPNGaAJN1G6o80ZoAk3UbqjzRmgCTdRuqPNGaAJN1G6o80ZoAk3UbqjzRmgCTdRuqPNGaAJN1G6o80ZoAk3UbqjzRmgCTdRuqPNGaAJN1G6o80ZoAk3UbqjzRmgCTdRuqPNGaAJN1G6o80ZoAk3UbqjzRmgCTdRuqPNGaAJN1G6o80ZoAk3UbqjzRmgCTdRuqPNGaAJN1G6o80ZoAfuozTM0maAHZpCaTNJQAE0UlFABRRRQAUUUUAFFFFABRRRQAUUUUAFFFFABRmiigBc0UlFAC0UlFAC0UlFAC0UlFAC0UlFAC0UlFAC0UlFAC0UlFAC0UlFAC0UlFAC0UlFAC0UlFAC0UlFAC0UlFAC0UlFAC0UlFAC0UlFAC0UlFAC0UlFAC0UlFAC0UlFAC0UlFAC0UlFAC0UlFAC0UlFAC0UlFAC0UlFAC0UlFAC0UlFAC0UlFAC0UlFAC0UlFAC0UlFAC0UlFAC0UlFAC0UlFAC0UlFAC0UlFAC0UlFAC0UlFAC0UlFAC0UlFAC0UlFAC0UlFAC0UlFAC0UlFAC0UlFAC0UlFAC0UlFAC0UlFAC0ZpKKADNFFFABRRRQAUUUUAFFFFABRRRQAUUUUAFFFFABRRRQAUUUUAFFFFABRRRQAUUUUAFFFFABRRRQAUUUUAFFFFABRRRQAUUUUAFFFFABRRRQAUUUUAFFFFABRRRQAUUUUAFFFFABRRRQAUUUUAFFFFABRRRQAUUUUAFFFFABRRRQAUUUUAFFFFABRRRQAUUUUAFFFFABRRRQAUUUUAFFFFABRRRQAUUUUAFFFFABRRRQAUUUUAFFFFABRRRQAUUUUAFFFFABRRRQAUUUUAFFFFABRRRQAUUUUAFFFFABRRRQAUUUUAFFFFABRRRQAUUUUAFFFFABRRRQAUUUUAFFFFABRRRQB/9kNCmVuZHN0cmVhbQ1lbmRvYmoNNjEgMCBvYmoNPDwvQ29udGVudHMgNjIgMCBSIC9NZWRpYUJveCBbMCAwIDk2MCA1NDBdIC9QYXJlbnQgMiAwIFIgL1Jlc291cmNlcyA8PC9FeHRHU3RhdGUgPDwvR1M4IDggMCBSPj4gL0ZvbnQgPDwvRlQxMCAxMCAwIFIgL0ZUMTUgMTUgMCBSIC9GVDMyIDMyIDAgUj4+IC9YT2JqZWN0IDw8L0lNNjMgNjMgMCBSIC9JTTY1IDY1IDAgUiAvSU02NyA2NyAwIFIgL0lNOSA5IDAgUj4+Pj4gL1R5cGUgL1BhZ2U+Pg1lbmRvYmoNNjIgMCBvYmoNPDwvRmlsdGVyIC9GbGF0ZURlY29kZSAvTGVuZ3RoIDEzNDk+Pg0Kc3RyZWFtDQp4nM1YW6sbNxB+L+x/0HOgijSa0QVKYNdehxby0MbQH3BoAiGn5aQP/fsd7Wpvo7WPbVIoxuesxqNvLhrNJ+1LY5Xhz4/5H6FRT8/NS5MlyY+Cb380v79Rf7Je/nz7zD+/ff8xqs9/S7VPb5pfG6MNqX8aUB/4+wt/vwxqRv32fp73MswazJJLmiDb5ofgs/m3P39I6viXYiwGGs3y5JemOzdvT2drFIBV50+jqQFleLKokw+KwGsLTp2fm5/86dC9O3/5oT+zZ7cDkLYm1gCjy0MGnFfE6lE9s3R8+pqfnNWA/Jh/Xz8XjSFDgx9zNq86RNpRCQgu+bNODStT2gEi1MB/PcPhgGM6zDgsyirqfGRJSkLiAtXJu2TCuihtEKJAbI/3IKbKa7JRem1JSEIrJYgHKQErcYIRktjX+WiX3POScHW+KIpGh+BGvxNpIs+eJ+0tKuu5olIqRe3dUtWr4B0bqIMH9AzLENbqSG6zaE4uWpXQC5gRakwzphS4wAqmMe4OTA4VQGCOhbP2kzBKz70VEnRSp6WDkCRzFJKyTCuJR4lc23I+SByQyOkgkdPBrAogkNtswEVStvWlnJFzdc7Amm3Wb4cjW8E56qpkokzmmLpHTHpDexHYq63pAhTsJKN1cjHao5flYmSEeOyFJHSHqpQd8EbY67bgk055e7i8i4snyQx9AeJSXv1JSNLo7UrSOSckbdlmK5yxuFcS9N1WAl0UEi5cKcEgkUObHrDeGqmDSUaKKCNFgAo5SJ1oX43Ch2qWqaKoPPRtLyR0kraSlTjYV7ZArjIeZezhuGLeqfs77vARUzlCeWDGd0MpG6YEl6J2MUztn/bbv93lPuZ85xzbd9oZnFp15h9mlzC36lpi6gMPV/wFK97oJK2UfDlY8u68lLRBSNB0leQkJDWyNxI5nuSsUitrndLJVsinVkjCoZZEIeHGWengjbHfmuGyjs4CnymnDPfS/7Y1r0Z9yyqkXmbPexnRiFzT+67/wCfHyn9j+6oOK8k9dQgxDnW4sULjyW69Xv74apbSCf6j6o0ID6w78g6bIrplR6QovAXqZEToZd2WnrvWiVVtt4/s61tq1fdyr6WTtP69qnfM2L2rwMwellWo8tDbCvNyZ6ZYY5ZD9GZH+Cs7wjBPBGU08vWu3KkhH6n4GE6ZWp6HoY0un8t1igqM15Gx+J6ogZkETNJsfBhG9dQ4Gq7RZZzvnFZ7irO+89zhA0xww9BP1nh6GTMKDLOLts+z1QzG/JYPSJOxPMyzJ2fG8ddmdrboz7GMcCXSwdbTNu5yQ97e+TdXZVJodg9vmC+LbAujDi5MjXYoMTRLQY20sJKUO8ZKMt4xNkS/HGeV42BTgi3jE+UGRpLxg2D8+QXCtQKjgNomktTf3VVglbmLe8QbTpg0V/clKmfrVYcJshvHo+xUserG/89zwr1Jm9ZoQ1g7B4wbKCx52U4TVklDGRo78AAVfi9bNZWglc18PJo/nNg1b7ZU8UvNm9XKYpA6eyl6fVaHstLqcyNBVbFVMdxiq2K3uzqGoKSqP9hhHZNdBOFqC/HclMkvnJTH3vqJRDwEZkI7c4yHpFeUFKJZ+ChE0BzdrBu420QzQw1DXPhoGhc+mrVHApnBCr8MliYyKl5MXDQ7WXTnGEaoKcRCRtuIH2cjz8dmH+OWjTDZLdM4cii4p7zUWDMWSMZionm3/55FbLH91xzsD2dAcW/SAHEqluF9hYVVbbir2/cCNnIFCmxePHmTRnn/Hu/Wa0lMUhI6FJJ0qnSAthJav5TKn38BUWRIVw0KZW5kc3RyZWFtDWVuZG9iag03MiAwIG9iag08PC9CaXRzUGVyQ29tcG9uZW50IDggL0NvbG9yU3BhY2UgL0RldmljZUdyYXkgL0ZpbHRlciAvRmxhdGVEZWNvZGUgL0hlaWdodCA0MTUgL0xlbmd0aCA0MTcwIC9NYXR0ZSBbMCAwIDBdIC9TdWJ0eXBlIC9JbWFnZSAvVHlwZSAvWE9iamVjdCAvV2lkdGggMTc3ND4+DQpzdHJlYW0NCnic7d3bdtNIt4BRzkk4hTN0gEDT0NBAN/zv/3B7WyWVVCUrThzbMVrMeQ9Dyc031qqScu0aAAAAAAAAAAAAAAAAAAAAAAAAAAAAAAAAAAAAAAAAAAAAANFcB4At2nfXKvv+ZQAQndAB8JtQOgB+D79m624AwAX9er2TNgCuwF57J3MAXKV99E7pALh6V9u780p3EwC24Lzi7ad1+/6tABDTHno33boVz3gLAC7oYsnbee6mWiduAOzKGcXbbe+WW6dzAOzcRPB2mLul2E2H7jYAbMF08naduzNaJ3MA7NJS8Ma922Xs6tSVj3UHALZgKnll73aRu6nYjUq3/KAHALCWFdErerer3E1tMYvWCRwA2zdO3jh3N7acu7MGuzJ15fMdAsAGJpo32but5u6M2A2pO7tyRwBwQWdXbwje7nK3HLuqdaPQ7ft3BUAMo+Qt9W7LuTszdn3qxpm7CwAbGUevD97Ocrcidn3qljJ3DwAuaSl6ffBW5G4HsRsGuz51y5W7DwBrW65eH7xqvNtu7qo9ZhW7tnV96aYa9wAA1jDVvb54fe9GudvCLnNV7IrWFZ2rn/shAFzQZPly8Pre7SJ358WuTN1U4I4B4IKm0lcHb3XudhO7NNd1qSs6Vz35IwC4oIn05eK1wUvj3Q5yV9SujN1BG7vUui51Q+eK534MAGtYSl8uXhu8drxLh3d17jar3fmxa1vXlW6cuCcAsJZx+Lri5d7tJnf1HrOOXd+6NnVD5/ITPwWAtdXd64qXgpd7N85dscvcwmjXvlSe76e0sWta16au71z7sM8A4JKK7HXFS8Fretfl7rDN3a0hdxsMdxN7zHay67aYfeu60g2Ze156AQDnqMIxRK8r3tC7bpt50Oeu3mVuFLsbQ+zu5Njlwa5pXVu6PnP9s78EgDXU8euSl4LX9K4b77rc3Rlyt9Euc7zHvJ33mF3shtal1PWda5/4FQBcQtG9NnkpeH3v2tzlXebt8S5z7dj9HwDswR9/9NVri9cEr+vdVO42G+72/dMC8Hs6OTn5o9Elrwle37uUu3v37h4dFTdVNhru9v3TAvB7et04aZuXgtf3rs5df3RXXVRROwDm4O2bha54KXhd73LumpuZxS5zNNypHQBzcPq20Rev791ivOty1xzdlbvMDWp3fd8/LQC/p3fvThf64nW9y7kbdplbGe7UDoC9eP/+/btcvNy7NN61y8zRcHd7s+FO7QDYiz///LMN3rs04eXxLk13qXbH1UWV4p6K2gEwFx8+fOiD1853i95VuSuGu2qVuX7trqsdAHvx118fiuCl3uXclcNddS3zsqtMtQNgPz5+/CsHr+ldn7tXQ+764a64p6J2AMzIp48fc/Ca3i3Gu5y7onb9cLfZKlPtANiPvz99+pR71+wzu9yd1LmbrN0NtQNgHv5eSMHretfnblS78a1MtQNgPj5//jz0rs/dmz53wypT7QCYqy+fc+/a8a7J3enpxHBXrjIvV7vragfAfnxZSL1rx7vFdNfczMy7zHqV2X1O5bLXVNQOgD35559/ht51uUu7zG64UzsA5u9rnbu8y2xO7sqDu/KNO7UDYGa+fu171+cu7TLTcFcd3C1dU1E7AObh29fUu5y7vMs8XT64a66pqB0Ac/Tt27c83rW5G4a7dHC36lKm2gEwD9+/pd7l3DW7zHxy9/pk4pqK2gEwP9+/f+9zVwx33SpzdE2l/HbY+i/cqR0Ae/LvkLtiuHv//vR0uKZSX8pUOwDm5t86d2m4y/dU+msqx8fFt8Nut6tMtQNgNv6tctcMdx8//jWuXfUKgtoBMDf/5dzl4a5bZfbXVM57BUHtAPjl/Vfnrl9lqh0AcfzX5a7ZZeZVZncrs7uUec4Ld2oHwC/vR8pdHu7qVabaARDDj2G4K1eZRe2erX69XO0A+OX9KHPXrzL72qUX7tQOgHn78SPvMttVZlm7N2oHQAg/iuEuH9w1b9y1ryCUH1NROwDm6mfKXbnK7Gr3Xu0AiOJntcosr6m0tXuZa/fgvtoBMFNN7X5UB3f9pUy1AyCInz/Htfu8XLvHj9QOgBn72eQurzLVDoCQVtTuNH0oU+0AmL2l2n1ROwCi+Vkf3KkdAAGpHQDxqR0A8akdAPFdXe2uqx0Ae/K/4lLm8KHMonYvng1/zvXo6PDgINXuVqrdWrlTOwD2Re0AiE/tAIhP7QCIT+0AiE/tAIhP7QCIT+0AiE/tAIhP7QCIT+0AiE/tAIhP7QCIT+0AiE/tAIhP7QCIT+0AiE/tAIhP7QCIT+0AiE/tAIhP7QCIT+0AiE/tAIhP7QCIT+0AiE/tAIhP7QCIT+0AiE/tAIhP7QCIT+0AiE/tAIhP7QCIT+0AiE/tAIhP7QCIT+0AiE/tAIhP7QCIT+0AiE/tAIhP7QCIT+0AiE/tAIhP7QCIT+0AiE/tAIhP7QCIT+0AiE/tAIhP7QCIT+0AiE/tAIhP7QCIT+0AiE/tAIhP7QCIT+0AiE/tAIhP7QCIT+0AiE/tAIhP7QCIT+0AiE/tAIhP7QCIT+0AiE/tAIhP7QCIT+0AiE/tAIhP7QCIT+0AiE/tAIhP7QCIT+0AiE/tAIhP7QCIT+0AiE/tAIhP7QCIT+0AiE/tAIhP7QCIT+0AiE/tAIhP7QCIT+0AiE/tAIhP7QCIT+0AiE/tAIhP7QCIT+0AiE/tAIhP7QCIT+0AiE/tAIhP7QCIT+0AiE/tAIhP7QCIT+0AiE/tAIhP7QCIT+0AiE/tAIhP7QCIT+0AiE/tAIhP7QCIT+0AiE/tAIhP7QCIT+0AiE/tAIhP7QCIT+0AiE/tAIhP7QCIT+0AiE/tAIhP7QCIT+0AiE/tAIhP7QCIT+0AiE/tAIhP7QCIT+0AiE/tAIhP7QCIT+0AiE/tAIhP7QCIT+0AiE/tAIhP7QCIT+0AiE/tAIhP7QCIT+0AiE/tAIhP7QCIT+0AiE/tAIhP7QCIT+0AiE/tAIhP7QCIT+0AiE/tAIhP7QCIT+0AiE/tAIhP7QCIT+0AiE/tAIhP7QCIT+0AiE/tAIhP7QCIT+0AiE/tAIhP7QCIT+0AiE/tAIhP7QCIT+0AiE/tAIhP7QCIT+0AiE/tAIhP7QCIT+0AiE/tAIhP7QCIT+0AiE/tAIhP7QCIT+0AiE/tAIhP7QCIT+0AiE/tAIhP7QCIT+0AiE/tAIhP7QCIT+0AiE/tAIhP7QCIT+0AiE/tAIhP7QCIT+0AiE/tAIhP7QCIT+0AiE/tAIhP7QCIT+0AiE/tAIhP7QCIT+0AiE/tAIhP7QCIT+0AiE/tAIjv6mp3Te0A2JMUux8pdql2X8a1e55q9/BBqt3h4cGdVLubqXZrxU7tANgXtQMgPrUDID61AyA+tQMgvuJK5vdvX9UOgIiWavdZ7QCIZkXt3r55/YfaARBAfWyndgBE1MSurt3fy7VrPqWidgDMVjva9Vcyi9qdqh0AQeRFZlG7Tx8XtXvf1e5Frt39e2oHwEzl0a56AaGp3Tu1AyCKapFZv4Dw9s1JW7vHagfArBWjXbvILGr3Wu0ACKGMXXVJpa3dy0XtnqgdAPOW95jdIrM5thvVbvhjrmoHwDwNo12xyOw/HKZ2AETQxW60yPzwZ7qSefLq5YtnVe0O1A6A+aljVy0y1Q6AIHLsutGue9uufwGh+0xmW7ujVLvbbe1uqB0Ac1HFblhk1rU7Pn6gdgDMVx27fpH5/jRdUik+pVLU7pbaATArQ+zSHnO4kfn2Tf26XfVRaLUDYE6a1nWxG0a74pLK8ALC9MvlagfAry+1ro9dHu36Y7vRlUy1A2COmtalM7sudsMdldfjK5mTLyCoHQC/vjzYtbErR7v+kkr9AoLaATA7feuG2LWjXfrD5fUlla52t9QOgHmpY9ftMftF5tIllf4FBLUDYD6+DK3LsWtGu+Vju81rd03tANiPJnWL1rWDXd5jDqPdqiuZa75up3YA7EtuXYrdhxS79tTupDy2m7ykonYAzMTfQ+uG2E2MdmoHwHy1qcutG2K3apGpdgDMS5O6tnXNYJdjNxrtpmu37iUVtQNgT3LqUuvSBZUudtVoVx/bFd+EVjsAZiCnLrVuiF0x2hWLzOVju7Vqd03tANiLInVt6/rYLY12my4y1Q6APelTl1qXBrs6dpM3MtUOgDnJU10717Wxe/XqZdpjjke75kMqmywy1Q6A/cilG1qXLqgsYtftMcuvhi29f7Bm7a7t+6cF4PeUQteWrm9dH7vxaLfZHRW1A2BPmtB1pVukLreuXWPW79ptYbRTOwD24nVXujZ1uXV97KorKuUdFbUDYD7azqXSLVI3tG4Uu+nRTu0AmIW2c03oFqVbpG5oXRu7ao85nNpdsnbX2n/W/AeL/2jRzsX/eefOwcHh4dHdu/fu33/w8OHx8aNHjx8/efL06dNnzxbP8/xF42XyCgAuoa1ICsrzLnW5dZOx22y0K2vX5+5Oyt1Rl7uid23w2uS1zRu6BwAX0wfkeRu6LnVD67rYFYd2m452o+Eu5+4g5+5el7vUuyZ4TfFS8rroZS8A4BxVONqWPG1Lt0hdal0bu3s5dsWh3UajXa5dscu8lXeZh23uht41wUvFS8nL0QOA9bUledKVbpG6vnVt7A6LGyr1HvNStZvaZXbTXc5d6l0XvFS8rnl99gBgHbkibVMe5dSl1uXYHSwd2m0w2o2Hu1Huht51wUvFy80ruwcAFzM0pG3KcU5d37ql2G082l0kd13vmuCl4uXmjcIHAOcrEtI25WGburZ1u4pdWbsqd+2LCF3vcvBS8XLzjpfSBwArVQFpm/JgSF1qXffqwSh2m9Zude7SeNcHry1ebt7DifQBwApVQLqo3O9T1w52O4ldrt3ZuauDNzRvKn0AsEJdkC4rQ+rOi90GtVuZu7J3KXhD86bKBwCrVRHpwnK3at1uYlfvMuvcdb1LwWuL1zdvqXsAcCFFSLq0HHWp61o3jt3me8wzczeMd6l3bfD65NXVA4C1DDXp8nLYtW4Y7LYeu3qXOcpd6l0bvFy8KnoAcBlDUw771BWD3XLsNq7d2blLvWuD1xWvih4AXF4floM+dU3rdhW7qdzVveuCVyRP+wBY23JFcl/uLLVu+7E7M3epd13w+uJNVw8ALq5syp0hdal1O4vdOHfj3uXgjZoHAJsY6nJ7snXbjt2Qu6XxrutdlTzpA+ByllvSZ+bWWYPd9mI3nbuud0XxJqMHAOsr25J7c3PHsVvKXde7Pnh18gBgO4bO3Lw5tcXcbuyK3I16VwRP9ADYlrouN89o3bZjN5G7vndLyQOAbSlic2P3sStz1/euDJ7mAbBVdWNuLLduF7E7o3fj4skfAJeyIidFdHbeujp3Ze9WJw8ALq2uzfWriN3K3qkeANsz1Zirat24d9PFA4Btq+uz69Yt907xANitcXeuonVTvRM9AHZgMjdX1bozeyeAAFzaxcpyla27eO8AYHuuunWKB8DV2k/pJA+AK7Ln0NX2/csAIJZ9dw0AAAAAAAAAAAAAAAAAAAAAAAAAAAAAAAAAAAAAAAAAAACAbft/jttYyA0KZW5kc3RyZWFtDWVuZG9iag03MSAwIG9iag08PC9CaXRzUGVyQ29tcG9uZW50IDggL0NvbG9yU3BhY2UgL0RldmljZVJHQiAvRmlsdGVyIC9EQ1REZWNvZGUgL0hlaWdodCA0MTUgL0xlbmd0aCAxODc4OCAvU01hc2sgNzIgMCBSIC9TdWJ0eXBlIC9JbWFnZSAvVHlwZSAvWE9iamVjdCAvV2lkdGggMTc3ND4+DQpzdHJlYW0NCv/Y/+AAEEpGSUYAAQEAAAEAAQAA/9sAQwAIBgYHBgUIBwcHCQkICgwUDQwLCwwZEhMPFB0aHx4dGhwcICQuJyAiLCMcHCg3KSwwMTQ0NB8nOT04MjwuMzQy/9sAQwEJCQkMCwwYDQ0YMiEcITIyMjIyMjIyMjIyMjIyMjIyMjIyMjIyMjIyMjIyMjIyMjIyMjIyMjIyMjIyMjIyMjIy/8AAEQgBnwbuAwEiAAIRAQMRAf/EAB8AAAEFAQEBAQEBAAAAAAAAAAABAgMEBQYHCAkKC//EALUQAAIBAwMCBAMFBQQEAAABfQECAwAEEQUSITFBBhNRYQcicRQygZGhCCNCscEVUtHwJDNicoIJChYXGBkaJSYnKCkqNDU2Nzg5OkNERUZHSElKU1RVVldYWVpjZGVmZ2hpanN0dXZ3eHl6g4SFhoeIiYqSk5SVlpeYmZqio6Slpqeoqaqys7S1tre4ubrCw8TFxsfIycrS09TV1tfY2drh4uPk5ebn6Onq8fLz9PX29/j5+v/EAB8BAAMBAQEBAQEBAQEAAAAAAAABAgMEBQYHCAkKC//EALURAAIBAgQEAwQHBQQEAAECdwABAgMRBAUhMQYSQVEHYXETIjKBCBRCkaGxwQkjM1LwFWJy0QoWJDThJfEXGBkaJicoKSo1Njc4OTpDREVGR0hJSlNUVVZXWFlaY2RlZmdoaWpzdHV2d3h5eoKDhIWGh4iJipKTlJWWl5iZmqKjpKWmp6ipqrKztLW2t7i5usLDxMXGx8jJytLT1NXW19jZ2uLj5OXm5+jp6vLz9PX29/j5+v/aAAwDAQACEQMRAD8A+f6KKKACiiigAooooAKKKKACiiigAooooAKKKKACiiigAooooAKKKKACiiigAooooAKKKKACiiigAooooAKKKKACiiigAooooAKKKKACiiigAooooAKKKKACiiigAooooAKKKKACiiigAooooAKKKKACiiigAooooAKKKKACiiigAooooAKKKKACiiigAooooAKKKKACiiigAooooAKKKKACiiigAooooAKKKKACiiigAooooAKKKKACiiigAooooAKKKKACiiigAooooAKKKKACiiigAooooAKKKKACiiigAooooAKKKKACiiigAooooAKKKKACiiigAooooAKKKKACiiigAooooAKKKKACiiigAooooAKKKKACiiigAooooAKKKKACiiigAooooAKKKKACiiigAooooAKKKKACiiigAooooAKKKKACiiigAooooAKKKKACiiigAooooAKKKKACiiigAooooAKKKKACiiigAooooAKKKKACiiigAooooAKKKKACiiigAooooAKKKKACiiigAooooAKKKKACiiigAooooAKKKKACiiigAooooAKKKKACiiigAooooAKKKKACiiigAooooAKKKMUAFFLiigBKKWigBKKWigBKKWigBKKWigBKKWigBKKWigBKKWigBKKWigBKKWigBKKWigBKKWigBKKWigBKKWigBKKWigBKKWigBKKWigBKKWigBKKWigBKKWigBKKWigBKKWigBKKWigBKKWigBKKWigBKKWigBKKWigBKKWigBKKWigBKKWigBKKWigBKKWigBKKWigBKKWigBKKWigBKKWigBKKWigBKKWigBKKWigBKKWigBKKWigBKKWigBKKWigBKKWigBKKWigBKKWigBKKWigBKKWigBKKWigBKKWigBKKWigBKKWigBKKWigBKKWigBKKWigBKKWigBKKWigBKKWigBKKWigBKKWigBKKWigBKKWigBKKWigBKKWigBKKWigBKKWigBKKWigBKKWigBKKWigBKKWigBKKWigBKKWigBKKWigBKKWigBKKWigBKKWigBKKWigBKKWigBKKWigBKKWigBKKWigBKKWigBKKWigBKKWigBKKWigBKKWigBKKWigBKKWigBKKWigBKKWigBKKWigBKKWigBKKWigBKKWigBKKWigBKKWigBKKWigBKKWigBKKWigBKKWigBKKWigBKKWigBKKWjFACUUYooAKKKKACiiigAooooAKKKKACiiigAoopaAClxQBTgKAG4pcU/FLtoAjxS4p+2jbQAzFGKk20baAI8UYqTbRtoAjxRipNtG2gCPFGKk20baAI8UYqTbRtoAjxRipNtG2gCPFGKk20baAI8UYqTbRtoAjxRipNtG2gCPFGKk20baAI8UYqTbRtoAjxRipNtG2gCPFGKk20baAI8UYqTbRtoAjxRipNtG2gCPFGKk20baAI8UYqTbRtoAjxRipNtG2gCPFGKk20baAI8UYqTbRtoAjxRipNtG2gCPFGKk20baAI8UYqTbRtoAjxRipNtG2gCPFGKk20baAI8UYqTbRtoAjxRipNtG2gCPFGKk20baAI8UYqTbRtoAjxRipNtG2gCPFGKk20baAI8UYqTbRtoAjxRipNtG2gCPFGKk20baAI8UYqTbRtoAjxRipNtG2gCPFGKk20baAI8UYqTbRtoAjxRipNtG2gCPFGKk20baAI8UYqTbRtoAjxRipNtG2gCPFGKk20baAI8UYqTbRtoAjxRipNtG2gCPFGKk20baAI8UYqTbRtoAjxRipNtG2gCPFGKk20baAI8UYqTbRtoAjxRipNtG2gCPFGKk20baAI8UYqTbRtoAjxRipNtG2gCPFGKk20baAI8UYqTbRtoAjxRipNtG2gCPFGKk20baAI8UYqTbRtoAjxRipNtG2gCPFGKk20baAI8UYqTbRtoAjxRipNtG2gCPFGKk20baAI8UYqTbRtoAjxRipNtG2gCPFGKk20baAI8UYqTbRtoAjxRipNtG2gCPFGKk20baAI8UYqTbRtoAjxRipNtG2gCPFGKk20baAI8UYqTbRtoAjxRipNtG2gCPFGKk20baAI8UYqTbRtoAjxRipNtG2gCPFGKk20baAI8UYqTbRtoAjxRipNtG2gCPFGKk20baAI8UYqTbRtoAjxRipNtG2gCPFGKk20baAI8UYqTbRtoAjxRipNtG2gCPFGKk20baAI8UYqTbRtoAjxRipNtG2gCPFGKk20baAI8UYqTbRtoAjxRipNtG2gCPFGKk20baAI8UYqTbRtoAjxRipNtG2gCPFGKk20baAI8UYqTbRtoAjxRipNtG2gCPFJipNtG2gCPFJipdtJigCPFJTyKaRQA2ilpKACiiigAooooAKKKKACtyDwX4qureK4t/DWszQSoHjkjsJWV1IyCCFwQRzmsOvt/wACf8k88Nf9gq1/9FLQB8g/8IJ4v/6FTXP/AAXS/wDxNKPAni//AKFXXP8AwXS//E19u0UAfEg8CeL/APoVdc/8F8v/AMTTh4F8Xf8AQra3/wCC+X/4mvtmigD4oHgXxb/0K2t/+C+X/wCJp3/CC+Lf+hW1v/wXy/8AxNfatFAHxV/wgvi3/oVtb/8ABfL/APE0v/CC+Lf+hX1v/wAF8v8A8TX2pRQB8V/8IL4t/wChX1v/AMF8v/xNH/CC+Lf+hX1v/wAF8v8A8TX2pRQB8V/8IL4t/wChX1v/AMF8v/xNH/CC+Lf+hX1v/wAF8v8A8TX2pRQB8V/8IL4t/wChX1v/AMF8v/xNH/CC+Lf+hX1v/wAF8v8A8TX2pRQB8V/8IL4t/wChX1v/AMF8v/xNH/CC+Lf+hX1v/wAF8v8A8TX2pRQB8V/8IL4t/wChX1v/AMF8v/xNH/CC+Lf+hX1v/wAF8v8A8TX2pRQB8V/8IL4t/wChX1v/AMF8v/xNH/CC+Lf+hX1v/wAF8v8A8TX2pRQB8V/8IL4t/wChX1v/AMF8v/xNH/CC+Lf+hX1v/wAF8v8A8TX2pRQB8V/8IL4t/wChX1v/AMF8v/xNH/CC+Lf+hX1v/wAF8v8A8TX2pRQB8V/8IL4t/wChX1v/AMF8v/xNH/CC+Lf+hX1v/wAF8v8A8TX2pRQB8V/8IL4t/wChX1v/AMF8v/xNH/CC+Lf+hX1v/wAF8v8A8TX2pRQB8V/8IL4t/wChX1v/AMF8v/xNH/CC+Lf+hX1v/wAF8v8A8TX2pRQB8V/8IL4t/wChX1v/AMF8v/xNH/CC+Lf+hX1v/wAF8v8A8TX2pRQB8V/8IL4t/wChX1v/AMF8v/xNH/CC+Lf+hX1v/wAF8v8A8TX2pRQB8V/8IL4t/wChX1v/AMF8v/xNH/CC+Lf+hX1v/wAF8v8A8TX2pRQB8V/8IL4t/wChX1v/AMF8v/xNH/CC+Lf+hX1v/wAF8v8A8TX2pRQB8V/8IL4t/wChX1v/AMF8v/xNH/CC+Lf+hX1v/wAF8v8A8TX2pRQB8V/8IL4t/wChX1v/AMF8v/xNH/CC+Lf+hX1v/wAF8v8A8TX2pRQB8V/8IL4t/wChX1v/AMF8v/xNH/CC+Lf+hX1v/wAF8v8A8TX2pRQB8V/8IL4t/wChX1v/AMF8v/xNH/CC+Lf+hX1v/wAF8v8A8TX2pRQB8V/8IL4t/wChX1v/AMF8v/xNH/CC+Lf+hX1v/wAF8v8A8TX2pRQB8V/8IL4t/wChX1v/AMF8v/xNH/CC+Lf+hX1v/wAF8v8A8TX2pRQB8V/8IL4t/wChX1v/AMF8v/xNH/CC+Lf+hX1v/wAF8v8A8TX2pRQB8V/8IL4t/wChX1v/AMF8v/xNH/CC+Lf+hX1v/wAF8v8A8TX2pRQB8V/8IL4t/wChX1v/AMF8v/xNH/CC+Lf+hX1v/wAF8v8A8TX2pRQB8V/8IL4t/wChX1v/AMF8v/xNH/CC+Lf+hX1v/wAF8v8A8TX2pRQB8V/8IL4t/wChX1v/AMF8v/xNH/CC+Lf+hX1v/wAF8v8A8TX2pRQB8V/8IL4t/wChX1v/AMF8v/xNH/CC+Lf+hX1v/wAF8v8A8TX2pRQB8V/8IL4t/wChX1v/AMF8v/xNH/CC+Lf+hX1v/wAF8v8A8TX2pRQB8V/8IL4t/wChX1v/AMF8v/xNH/CC+Lf+hX1v/wAF8v8A8TX2pRQB8V/8IL4t/wChX1v/AMF8v/xNH/CC+Lf+hX1v/wAF8v8A8TX2pRQB8V/8IL4t/wChX1v/AMF8v/xNH/CC+Lf+hX1v/wAF8v8A8TX2pRQB8V/8IL4t/wChX1v/AMF8v/xNH/CC+Lf+hX1v/wAF8v8A8TX2pRQB8V/8IL4t/wChX1v/AMF8v/xNH/CC+Lf+hX1v/wAF8v8A8TX2pRQB8V/8IL4t/wChX1v/AMF8v/xNH/CC+Lf+hX1v/wAF8v8A8TX2pRQB8V/8IL4t/wChX1v/AMF8v/xNH/CC+Lf+hX1v/wAF8v8A8TX2pRQB8V/8IL4t/wChX1v/AMF8v/xNH/CC+Lf+hX1v/wAF8v8A8TX2pRQB8V/8IL4t/wChX1v/AMF8v/xNH/CC+Lf+hX1v/wAF8v8A8TX2pRQB8V/8IL4t/wChX1v/AMF8v/xNH/CC+Lf+hX1v/wAF8v8A8TX2pRQB8V/8IL4t/wChX1v/AMF8v/xNH/CC+Lf+hX1v/wAF8v8A8TX2pRQB8V/8IL4t/wChX1v/AMF8v/xNH/CC+Lf+hX1v/wAF8v8A8TX2pRQB8V/8IL4t/wChX1v/AMF8v/xNH/CC+Lf+hX1v/wAF8v8A8TX2pRQB8V/8IL4t/wChX1v/AMF8v/xNH/CC+Lf+hX1v/wAF8v8A8TX2pRQB8V/8IL4t/wChX1v/AMF8v/xNH/CC+Lf+hX1v/wAF8v8A8TX2pRQB8V/8IL4t/wChX1v/AMF8v/xNH/CC+Lf+hX1v/wAF8v8A8TX2pRQB8V/8IL4t/wChX1v/AMF8v/xNH/CC+Lf+hX1v/wAF8v8A8TX2pRQB8V/8IL4t/wChX1v/AMF8v/xNH/CC+Lf+hX1v/wAF8v8A8TX2pRQB8V/8IL4t/wChX1v/AMF8v/xNH/CC+Lf+hX1v/wAF8v8A8TX2pRQB8V/8IL4t/wChX1v/AMF8v/xNH/CC+Lf+hX1v/wAF8v8A8TX2pRQB8V/8IL4t/wChX1v/AMF8v/xNH/CC+Lf+hX1v/wAF8v8A8TX2pRQB8V/8IL4t/wChX1v/AMF8v/xNH/CC+Lf+hX1v/wAF8v8A8TX2pRQB8V/8IL4t/wChX1v/AMF8v/xNH/CC+Lf+hX1v/wAF8v8A8TX2pRQB8V/8IL4t/wChX1v/AMF8v/xNH/CC+Lf+hX1v/wAF8v8A8TX2pRQB8V/8IL4t/wChX1v/AMF8v/xNH/CC+Lf+hX1v/wAF8v8A8TX2pRQB8V/8IL4t/wChX1v/AMF8v/xNH/CC+Lf+hX1v/wAF8v8A8TX2pRQB8V/8IL4t/wChX1v/AMF8v/xNH/CC+Lf+hX1v/wAF8v8A8TX2pRQB8V/8IL4t/wChX1v/AMF8v/xNH/CC+Lf+hX1v/wAF8v8A8TX2pRQB8V/8IL4t/wChX1v/AMF8v/xNH/CC+Lf+hX1v/wAF8v8A8TX2pRQB8V/8IL4t/wChX1v/AMF8v/xNH/CC+Lf+hX1v/wAF8v8A8TX2pRQB8V/8IL4t/wChX1v/AMF8v/xNH/CC+Lf+hX1v/wAF8v8A8TX2pRQB8V/8IL4t/wChX1v/AMF8v/xNH/CC+Lf+hX1v/wAF8v8A8TX2pRQB8V/8IL4t/wChX1v/AMF8v/xNH/CC+Lf+hX1v/wAF8v8A8TX2pRQB8V/8IL4t/wChX1v/AMF8v/xNH/CC+Lf+hX1v/wAF8v8A8TX2pRQB8V/8IL4t/wChX1v/AMF8v/xNH/CC+Lf+hX1v/wAF8v8A8TX2pRQB8V/8IL4t/wChX1v/AMF8v/xNH/CC+Lf+hX1v/wAF8v8A8TX2pRQB8V/8IL4t/wChX1v/AMF8v/xNH/CC+Lf+hX1v/wAF8v8A8TX2pRQB8V/8IL4t/wChX1v/AMF8v/xNH/CC+Lf+hX1v/wAF8v8A8TX2pRQB8V/8IL4t/wChX1v/AMF8v/xNH/CC+Lf+hX1v/wAF8v8A8TX2pRQB8V/8IL4t/wChX1v/AMF8v/xNH/CC+Lf+hX1v/wAF8v8A8TX2pRQB8V/8IL4t/wChX1v/AMF8v/xNH/CC+Lf+hX1v/wAF8v8A8TX2pRQB8V/8IL4t/wChX1v/AMF8v/xNH/CC+Lf+hX1v/wAF8v8A8TX2pRQB8V/8IL4t/wChX1v/AMF8v/xNH/CC+Lf+hX1v/wAF8v8A8TX2pRQB8V/8IL4t/wChX1v/AMF8v/xNH/CC+Lf+hX1v/wAF8v8A8TX2pRQB8V/8IL4t/wChX1v/AMF8v/xNH/CC+Lf+hX1v/wAF8v8A8TX2pRQB8V/8IL4t/wChX1v/AMF8v/xNH/CC+Lf+hX1v/wAF8v8A8TX2pRQB8V/8IL4t/wChX1v/AMF8v/xNH/CC+Lf+hX1v/wAF8v8A8TX2pRQB8V/8IL4t/wChX1v/AMF8v/xNH/CC+Lf+hX1v/wAF8v8A8TX2pRQB8V/8IL4t/wChX1v/AMF8v/xNH/CC+Lf+hX1v/wAF8v8A8TX2pRQB8V/8IL4t/wChX1v/AMF8v/xNH/CC+Lf+hX1v/wAF8v8A8TX2pRQB8V/8IL4t/wChX1v/AMF8v/xNH/CC+Lf+hX1v/wAF8v8A8TX2pRQB8V/8IL4t/wChX1v/AMF8v/xNH/CC+Lf+hX1v/wAF8v8A8TX2pRQB8V/8IL4t/wChX1v/AMF8v/xNH/CC+Lf+hX1v/wAF8v8A8TX2pRQB8V/8IL4t/wChX1v/AMF8v/xNH/CC+Lf+hX1v/wAF8v8A8TX2pRQB8V/8IL4t/wChX1v/AMF8v/xNH/CC+Lf+hX1v/wAF8v8A8TX2pRQB8V/8IL4t/wChX1v/AMF8v/xNH/CC+Lf+hX1v/wAF8v8A8TX2pRQB8V/8IL4t/wChX1v/AMF8v/xNH/CC+Lf+hX1v/wAF8v8A8TX2pRQB8V/8IL4t/wChX1v/AMF8v/xNH/CC+Lf+hX1v/wAF8v8A8TX2pRQB8V/8IL4t/wChX1v/AMF8v/xNH/CC+Lf+hX1v/wAF8v8A8TX2pRQB8V/8IL4t/wChX1v/AMF8v/xNH/CC+Lf+hX1v/wAF8v8A8TX2pRQB8V/8IL4t/wChX1v/AMF8v/xNH/CC+Lf+hX1v/wAF8v8A8TX2pRQB8V/8IL4t/wChX1v/AMF8v/xNH/CC+Lf+hX1v/wAF8v8A8TX2pRQB8V/8IL4t/wChX1v/AMF8v/xNH/CC+Lf+hX1v/wAF8v8A8TX2pRQB8V/8IL4t/wChX1v/AMF8v/xNH/CC+Lf+hX1v/wAF8v8A8TX2pRQB8V/8IL4t/wChX1v/AMF8v/xNH/CC+Lf+hX1v/wAF8v8A8TX2pRQB8V/8IL4t/wChX1v/AMF8v/xNH/CC+Lf+hX1v/wAF8v8A8TX2pRQB8V/8IL4t/wChX1v/AMF8v/xNH/CC+Lf+hX1v/wAF8v8A8TX2pRQB8V/8IL4t/wChX1v/AMF8v/xNH/CC+Lf+hX1v/wAF8v8A8TX2pRQB8V/8IL4t/wChX1v/AMF8v/xNH/CC+Lf+hX1v/wAF8v8A8TX2pRQB8V/8IL4t/wChX1v/AMF8v/xNH/CC+Lf+hX1v/wAF8v8A8TX2pRQB8V/8IL4t/wChX1v/AMF8v/xNH/CC+Lf+hX1v/wAF8v8A8TX2pRQB8V/8IL4t/wChX1v/AMF8v/xNYk9tNa3ElvcRPFNExSSORSrIwOCCDyCD2r7vr4w8br/xX3iP/sKXP/o1qAOa20hWpytNK0AQFaYRU5FRMKAIiKSnkU00ANooooAKKKKACiiigAr7f8Cf8k88Nf8AYKtf/RS18QV9v+BP+SeeGv8AsFWv/opaAOgooooAKKKKACiiigAooooAKKKKACiiigAooooAKKKKACiiigAooooAKKKKACiiigAooooAKKKKACiiigAooooAKKKKACiiigAooooAKKKKACiiigAooooAKKKKACiiigAooooAKKKKACiiigAooooAKKKKACiiigAooooAKKKKACiiigAooooAKKKKACiiigAooooAKKKKACiiigAooooAKKKKACiiigAooooAKKKKACiiigAooooAKKKKACiiigAooooAKKKKACiiigAooooAKKKKACiiigAooooAKKKKACiiigAooooAKKKKACiiigAooooAKKKKACiiigAooooAKKKKACiiigAooooAKKKKACiiigAooooAKKKKACiiigAooooAKKKKACiiigAooooAKKKKACiiigAooooAKKKKACiiigAooooAKKKKACiiigAooooAKKKKACiiigAooooAKKKKACiiigAooooAKKKKACiiigAooooAKKKKACiiigAooooAKKKKACiiigAooooAKKKKACiiigAooooAK+NPGw/4rzxF/wBhO5/9GtX2XXxv41H/ABXfiH/sJ3P/AKNagDniKYRUxFMIoAgYVEwqdhULUAQmmGpDTDQA00lKaSgAooooAKKKKACvt/wJ/wAk88Nf9gq1/wDRS18QV9v+BP8Aknnhr/sFWv8A6KWgDoKKKKACiiigAooooAKKKKACiiigAooooAKKKKACiiigAooooAKKKKACiiigAooooAKKKKACiiigAooooAKKKKACiiigAooooAKKKKACiiigAooooAKKKKACiiigAooooAKKKKACiiigAooooAKKKKACiiigAooooAKKKKACiiigAooooAKKKKACiiigAooooAKKKKACiiigAooooAKKKKACiiigAooooAKKKKACiiigAooooAKKKKACiiigAooooAKKKKACiiigAooooAKKKKACiiigAooooAKKKKACiiigAooooAKKKKACiiigAooooAKKKKACiiigAooooAKKKKACiiigAooooAKKKKACiiigAooooAKKKKACiiigAooooAKKKKACiiigAooooAKKKKACiiigAooooAKKKKACiiigAooooAKKKKACiiigAooooAKKKKACiiigAooooAKKKKACiiigAooooAKKKKACiiigAooooAKKKKACiiigAooooAKKKKACiiigAooooAKKKKACiiigAooooAKKKKACvjnxr/yPfiH/ALCdz/6Navsavjrxr/yPfiH/ALCdz/6NagDAIqM1KajagCFqhap2qBqAImqM1I1RmgBtJS0lABRRRQAUUUUAFfb/AIE/5J54a/7BVr/6KWviCvt/wJ/yTzw1/wBgq1/9FLQB0FFFFABRRRQAUUUUAFFFFABRRRQAUUUUAFFFFABRRRQAUUUUAFFFFABRRRQAUUUUAFFFFABRRRQAUUUUAFFFFABRRRQAUUUUAFFFFABRRRQAUUUUAFFFFABRRRQAUUUUAFFFFABRRRQAUUUUAFFFFABRRRQAUUUUAFFFFABRRRQAUUUUAFFFFABRRRQAUUUUAFFFFABRRRQAUUUUAFFFFABRRRQAUUUUAFFFFABRRRQAUUUUAFFFFABRRRQAUUUUAFFFFABRRRQAUUUUAFFFFABRRRQAUUUUAFFFFABRRRQAUUUUAFFFFABRRRQAUUUUAFFFFABRRRQAUUUUAFFFFABRRRQAUUUUAFFFFABRRRQAUUUUAFFFFABRRRQAUUUUAFFFFABRRRQAUUUUAFFFFABRRRQAUUUUAFFFFABRRRQAUUUUAFFFFABRRRQAUUUUAFFFFABRRRQAUUUUAFFFFABRRRQAUUUUAFFFFABRRRQAUUUUAFFFFABRRRQAUUUUAFFFFABRRRQAUUUUAFFFFABRRRQAUUUUAFFFFABXx141/wCR68Q/9hO5/wDRrV9i18deNf8AkevEP/YTuf8A0a1AGCajapDUbUARNUDVO1QNQBE1RmpGqM0ANpKWkoAKKKKACiiigAr7f8Cf8k88Nf8AYKtf/RS18QV9v+BP+SeeGv8AsFWv/opaAOgooooAKKKKACiiigAooooAKKKKACiiigAooooAKKKKACiiigAooooAKKKKACiiigAooooAKKKKACiiigAooooAKKKKACiiigAooooAKKKKACiiigAooooAKKKKACiiigAooooAKKKKACiiigAooooAKKKKACiiigAooooAKKKKACiiigAooooAKKKKACiiigAooooAKKKKACiiigAooooAKKKKACiiigAooooAKKKKACiiigAooooAKKKKACiiigAooooAKKKKACiiigAooooAKKKKACiiigAooooAKKKKACiiigAooooAKKKKACiiigAooooAKKKKACiiigAooooAKKKKACiiigAooooAKKKKACiiigAooooAKKKKACiiigAooooAKKKKACiiigAooooAKKKKACiiigAooooAKKKKACiiigAooooAKKKKACiiigAooooAKKKKACiiigAooooAKKKKACiiigAooooAKKKKACiiigAooooAKKKKACiiigAooooAKKKKACiiigAooooAKKKKACiiigAooooAK+OvGv8AyPXiH/sJ3P8A6NavsWvjrxr/AMj14h/7Cdz/AOjWoAwTUbVIajagCJqgap2qBqAImqM1I1RmgBtJS0lABRRRQAUUUUAFfb/gT/knnhr/ALBVr/6KWviCvt/wJ/yTzw1/2CrX/wBFLQB0FFFFABRRRQAUUUUAFFFFABRRRQAUUUUAFFFFABRRRQAUUUUAFFFFABRRRQAUUUUAFFFFABRRRQAUUUUAFFFFABRRRQAUUUUAFFFFABRRRQAUUUUAFFFFABRRRQAUUUUAFFFFABRRRQAUUUUAFFFFABRRRQAUUUUAFFFFABRRRQAUUUUAFFFFABRRRQAUUUUAFFFFABRRRQAUUUUAFFFFABRRRQAUUUUAFFFFABRRRQAUUUUAFFFFABRRRQAUUUUAFFFFABRRRQAUUUUAFFFFABRRRQAUUUUAFFFFABRRRQAUUUUAFFFFABRRRQAUUUUAFFFFABRRRQAUUUUAFFFFABRRRQAUUUUAFFFFABRRRQAUUUUAFFFFABRRRQAUUUUAFFFFABRRRQAUUUUAFFFFABRRRQAUUUUAFFFFABRRRQAUUUUAFFFFABRRRQAUUUUAFFFFABRRRQAUUUUAFFFFABRRRQAUUUUAFFFFABRRRQAUUUUAFFFFABRRRQAUUUUAFFFFABRRRQAUUUUAFFFFABRRRQAUUUUAFFFFABXx141/5HrxD/2E7n/0a1fYtfHXjX/kevEP/YTuf/RrUAYJqNqkNRtQBE1QNU7VA1AETVGakaozQA2kpaSgAooooAKKKKACvt/wJ/yTzw1/2CrX/wBFLXxBX2/4E/5J54a/7BVr/wCiloA6CiiigAooooAKKKKACiiigAooooAKKKKACiiigAooooAKKKKACiiigAooooAKKKKACiiigAooooAKKKKACiiigAooooAKKKKACiiigAooooAKKKKACiiigAooooAKKKKACiiigAooooAKKKKACiiigAooooAKKKKACiiigAooooAKKKKACiiigAooooAKKKKACiiigAooooAKKKKACiiigAooooAKKKKACiiigAooooAKKKKACiiigAooooAKKKKACiiigAooooAKKKKACiiigAooooAKKKKACiiigAooooAKKKKACiiigAooooAKKKKACiiigAooooAKKKKACiiigAooooAKKKKACiiigAooooAKKKKACiiigAooooAKKKKACiiigAooooAKKKKACiiigAooooAKKKKACiiigAooooAKKKKACiiigAooooAKKKKACiiigAooooAKKKKACiiigAooooAKKKKACiiigAooooAKKKKACiiigAooooAKKKKACiiigAooooAKKKKACiiigAooooAKKKKACiiigAr468a/8j14h/7Cdz/6NavsWvjrxr/yPXiH/sJ3P/o1qAME1G1SGo2oAiaoGqdqgagCJqjNSNUZoAbSUtJQAUUUUAFFFFABX2/4E/5J54a/7BVr/wCilr4gr7f8Cf8AJPPDX/YKtf8A0UtAHQUUUUAFFFFABRRRQAUUUUAFFFFABRRRQAUUUUAFFFFABRRRQAUUUUAFFFFABRRRQAUUUUAFFFFABRRRQAUUUUAFFFFABRRRQAUUUUAFFFFABRRRQAUUUUAFFFFABRRRQAUUUUAFFFFABRRRQAUUUUAFFFFABRRRQAUUUUAFFFFABRRRQAUUUUAFFFFABRRRQAUUUUAFFFFABRRRQAUUUUAFFFFABRRRQAUUUUAFFFFABRRRQAUUUUAFFFFABRRRQAUUUUAFFFFABRRRQAUUUUAFFFFABRRRQAUUUUAFFFFABRRRQAUUUUAFFFFABRRRQAUUUUAFFFFABRRRQAUUUUAFFFFABRRRQAUUUUAFFFFABRRRQAUUUUAFFFFABRRRQAUUUUAFFFFABRRRQAUUUUAFFFFABRRRQAUUUUAFFFFABRRRQAUUUUAFFFFABRRRQAUUUUAFFFFABRRRQAUUUUAFFFFABRRRQAUUUUAFFFFABRRRQAUUUUAFFFFABRRRQAUUUUAFFFFABRRRQAUUUUAFFFFABRRRQAUUUUAFfHXjX/kevEP/AGE7n/0a1fYtfHXjX/kevEP/AGE7n/0a1AGCajapDUbUARNUDVO1QNQBE1RmpGqM0ANpKWkoAKKKKACiiigAr7f8Cf8AJPPDX/YKtf8A0UtfEFfb/gT/AJJ54a/7BVr/AOiloA6CiiigAooooAKKKKACiiigAooooAKKKKACiiigAooooAKKKKACiiigAooooAKKKKACiiigAooooAKKKKACiiigAooooAKKKKACiiigAooooAKKKKACiiigAooooAKKKKACiiigAooooAKKKKACiiigAooooAKKKKACiiigAooooAKKKKACiiigAooooAKKKKACiiigAooooAKKKKACiiigAooooAKKKKACiiigAooooAKKKKACiiigAooooAKKKKACiiigAooooAKKKKACiiigAooooAKKKKACiiigAooooAKKKKACiiigAooooAKKKKACiiigAooooAKKKKACiiigAooooAKKKKACiiigAooooAKKKKACiiigAooooAKKKKACiiigAooooAKKKKACiiigAooooAKKKKACiiigAooooAKKKKACiiigAooooAKKKKACiiigAooooAKKKKACiiigAooooAKKKKACiiigAooooAKKKKACiiigAooooAKKKKACiiigAooooAKKKKACiiigAooooAKKKKACiiigAr468a/8j14h/wCwnc/+jWr7Fr468a/8j14h/wCwnc/+jWoAwTUbVIajagCJqgap2qBqAImqM1I1RmgBtJS0lABRRRQAUUUUAFfb/gT/AJJ54a/7BVr/AOilr4gr7f8AAn/JPPDX/YKtf/RS0AdBRRRQAUUUUAFFFFABRRRQAUUUUAFFFFABRRRQAUUUUAFFFFABRRRQAUUUUAFFFFABRRRQAUUUUAFFFFABRRRQAUUUUAFFFFABRRRQAUUUUAFFFFABRRRQAUUUUAFFFFABRRRQAUUUUAFFFFABRRRQAUUUUAFFFFABRRRQAUUUUAFFFFABRRRQAUUUUAFFFFABRRRQAUUUUAFFFFABRRRQAUUUUAFFFFABRRRQAUUUUAFFFFABRRRQAUUUUAFFFFABRRRQAUUUUAFFFFABRRRQAUUUUAFFFFABRRRQAUUUUAFFFFABRRRQAUUUUAFFFFABRRRQAUUUUAFFFFABRRRQAUUUUAFFFFABRRRQAUUUUAFFFFABRRRQAUUUUAFFFFABRRRQAUUUUAFFFFABRRRQAUUUUAFFFFABRRRQAUUUUAFFFFABRRRQAUUUUAFFFFABRRRQAUUUUAFFFFABRRRQAUUUUAFFFFABRRRQAUUUUAFFFFABRRRQAUUUUAFFFFABRRRQAUUUUAFFFFABRRRQAUUUUAFFFFABRRRQAV8deNf+R68Q/wDYTuf/AEa1fYtfHXjX/kevEP8A2E7n/wBGtQBgmo2qQ1G1AETVA1TtUDUARNUZqRqjNADaSlpKACiiigAooooAK+3/AAJ/yTzw1/2CrX/0UtfEFfb/AIE/5J54a/7BVr/6KWgDoKKKKACiiigAooooAKKKKACiiigAooooAKKKKACiiigAooooAKKKKACiiigAooooAKKKKACiiigAooooAKKKKACiiigAooooAKKKKACiiigAooooAKKKKACiiigAooooAKKKKACiiigAooooAKKKKACiiigAooooAKKKKACiiigAooooAKKKKACiiigAooooAKKKKACiiigAooooAKKKKACiiigAooooAKKKKACiiigAooooAKKKKACiiigAooooAKKKKACiiigAooooAKKKKACiiigAooooAKKKKACiiigAooooAKKKKACiiigAooooAKKKKACiiigAooooAKKKKACiiigAooooAKKKKACiiigAooooAKKKKACiiigAooooAKKKKACiiigAooooAKKKKACiiigAooooAKKKKACiiigAooooAKKKKACiiigAooooAKKKKACiiigAooooAKKKKACiiigAooooAKKKKACiiigAooooAKKKKACiiigAooooAKKKKACiiigAooooAKKKKACiiigAooooAKKKKACvjrxr/wAj14h/7Cdz/wCjWr7Fr468a/8AI9eIf+wnc/8Ao1qAME1G1SGo2oAiaoGqdqgagCJqjNSNUZoAbSUtJQAUUUUAFFFFABX2/wCBP+SeeGv+wVa/+ilr4gr7f8Cf8k88Nf8AYKtf/RS0AdBRRRQAUUUUAFFFFABRRRQAUUUUAFFFFABRRRQAUUUUAFFFFABRRRQAUUUUAFFFFABRRRQAUUUUAFFFFABRRRQAUUUUAFFFFABRRRQAUUUUAFFFFABRRRQAUUUUAFFFFABRRRQAUUUUAFFFFABRRRQAUUUUAFFFFABRRRQAUUUUAFFFFABRRRQAUUUUAFFFFABRRRQAUUUUAFFFFABRRRQAUUUUAFFFFABRRRQAUUUUAFFFFABRRRQAUUUUAFFFFABRRRQAUUUUAFFFFABRRRQAUUUUAFFFFABRRRQAUUUUAFFFFABRRRQAUUUUAFFFFABRRRQAUUUUAFFFFABRRRQAUUUUAFFFFABRRRQAUUUUAFFFFABRRRQAUUUUAFFFFABRRRQAUUUUAFFFFABRRRQAUUUUAFFFFABRRRQAUUUUAFFFFABRRRQAUUUUAFFFFABRRRQAUUUUAFFFFABRRRQAUUUUAFFFFABRRRQAUUUUAFFFFABRRRQAUUUUAFFFFABRRRQAUUUUAFFFFABRRRQAUUUUAFFFFABRRRQAV8deNf8AkevEP/YTuf8A0a1fYtfHXjX/AJHrxD/2E7n/ANGtQBgmo2qQ1G1AETVA1TtUDUARNUZqRqjNADaSlpKACiiigAooooAK+3/An/JPPDX/AGCrX/0UtfEFfb/gT/knnhr/ALBVr/6KWgDoKKKKACiiigAooooAKKKKACiiigAooooAKKKKACiiigAooooAKKKKACiiigAooooAKKKKACiiigAooooAKKKKACiiigAooooAKKKKACiiigAooooAKKKKACiiigAooooAKKKKACiiigAooooAKKKKACiiigAooooAKKKKACiiigAooooAKKKKACiiigAooooAKKKKACiiigAooooAKKKKACiiigAooooAKKKKACiiigAooooAKKKKACiiigAooooAKKKKACiiigAooooAKKKKACiiigAooooAKKKKACiiigAooooAKKKKACiiigAooooAKKKKACiiigAooooAKKKKACiiigAooooAKKKKACiiigAooooAKKKKACiiigAooooAKKKKACiiigAooooAKKKKACiiigAooooAKKKKACiiigAooooAKKKKACiiigAooooAKKKKACiiigAooooAKKKKACiiigAooooAKKKKACiiigAooooAKKKKACiiigAooooAKKKKACiiigAooooAKKKKACiiigAooooAKKKKACvjrxr/AMj14h/7Cdz/AOjWr7Fr468a/wDI9eIf+wnc/wDo1qAME1G1SGo2oAiaoGqdqgagCJqjNSNUZoAbSUtJQAUUUUAFFFFABX2/4E/5J54a/wCwVa/+ilr4gr7f8Cf8k88Nf9gq1/8ARS0AdBRRRQAUUUUAFFFFABRRRQAUUUUAFFFFABRRRQAUUUUAFFFFABRRRQAUUUUAFFFFABRRRQAUUUUAFFFFABRRRQAUUUUAFFFFABRRRQAUUUUAFFFFABRRRQAUUUUAFFFFABRRRQAUUUUAFFFFABRRRQAUUUUAFFFFABRRRQAUUUUAFFFFABRRRQAUUUUAFFFFABRRRQAUUUUAFFFFABRRRQAUUUUAFFFFABRRRQAUUUUAFFFFABRRRQAUUUUAFFFFABRRRQAUUUUAFFFFABRRRQAUUUUAFFFFABRRRQAUUUUAFFFFABRRRQAUUUUAFFFFABRRRQAUUUUAFFFFABRRRQAUUUUAFFFFABRRRQAUUUUAFFFFABRRRQAUUUUAFFFFABRRRQAUUUUAFFFFABRRRQAUUUUAFFFFABRRRQAUUUUAFFFFABRRRQAUUUUAFFFFABRRRQAUUUUAFFFFABRRRQAUUUUAFFFFABRRRQAUUUUAFFFFABRRRQAUUUUAFFFFABRRRQAUUUUAFFFFABRRRQAUUUUAFFFFABRRRQAV8deNf+R68Q/9hO5/9GtX2LXx141/5HrxD/2E7n/0a1AGCajapDUbUARNUDVO1QNQBE1RmpGqM0ANpKWkoAKKKKACiiigAr7f8Cf8k88Nf9gq1/8ARS18QV9v+BP+SeeGv+wVa/8AopaAOgooooAKKKKACiiigAooooAKKKKACiiigAooooAKKKKACiiigAooooAKKKKACiiigAooooAKKKKACiiigAooooAKKKKACiiigAooooAKKKKACiiigAooooAKKKKACiiigAooooAKKKKACiiigAooooAKKKKACiiigAooooAKKKKACiiigAooooAKKKKACiiigAooooAKKKKACiiigAooooAKKKKACiiigAooooAKKKKACiiigAooooAKKKKACiiigAooooAKKKKACiiigAooooAKKKKACiiigAooooAKKKKACiiigAooooAKKKKACiiigAooooAKKKKACiiigAooooAKKKKACiiigAooooAKKKKACiiigAooooAKKKKACiiigAooooAKKKKACiiigAooooAKKKKACiiigAooooAKKKKACiiigAooooAKKKKACiiigAooooAKKKKACiiigAooooAKKKKACiiigAooooAKKKKACiiigAooooAKKKKACiiigAooooAKKKKACiiigAooooAKKKKACiiigAooooAK+OvGv/I9eIf+wnc/+jWr7Fr468a/8j14h/7Cdz/6NagDBNRtUhqNqAImqBqnaoGoAiaozUjVGaAG0lLSUAFFFFABRRRQAV9v+BP+SeeGv+wVa/8Aopa+IK+3/An/ACTzw1/2CrX/ANFLQB0FFFFABRRRQAUUUUAFFFFABRRRQAUUUUAFFFFABRRRQAUUUUAFFFFABRRRQAUUUUAFFFFABRRRQAUUUUAFFFFABRRRQAUUUUAFFFFABRRRQAUUUUAFFFFABRRRQAUUUUAFFFFABRRRQAUUUUAFFFFABRRRQAUUUUAFFFFABRRRQAUUUUAFFFFABRRRQAUUUUAFFFFABRRRQAUUUUAFFFFABRRRQAUUUUAFFFFABRRRQAUUUUAFFFFABRRRQAUUUUAFFFFABRRRQAUUUUAFFFFABRRRQAUUUUAFFFFABRRRQAUUUUAFFFFABRRRQAUUUUAFFFFABRRRQAUUUUAFFFFABRRRQAUUUUAFFFFABRRRQAUUUUAFFFFABRRRQAUUUUAFFFFABRRRQAUUUUAFFFFABRRRQAUUUUAFFFFABRRRQAUUUUAFFFFABRRRQAUUUUAFFFFABRRRQAUUUUAFFFFABRRRQAUUUUAFFFFABRRRQAUUUUAFFFFABRRRQAUUUUAFFFFABRRRQAUUUUAFFFFABRRRQAUUUUAFFFFABXx141/5HrxD/wBhO5/9GtX2LXx141/5HrxD/wBhO5/9GtQBgmo2qQ1G1AETVA1TtUDUARNUZqRqjNADaSlpKACiiigAooooAK+3/An/ACTzw1/2CrX/ANFLXxBX2/4E/wCSeeGv+wVa/wDopaAOgooooAKKKKACiiigAooooAKKKKACiiigAooooAKKKKACiiigAooooAKKKKACiiigAooooAKKKKACiiigAooooAKKKKACiiigAooooAKKKKACiiigAooooAKKKKACiiigAooooAKKKKACiiigAooooAKKKKACiiigAooooAKKKKACiiigAooooAKKKKACiiigAooooAKKKKACiiigAooooAKKKKACiiigAooooAKKKKACiiigAooooAKKKKACiiigAooooAKKKKACiiigAooooAKKKKACiiigAooooAKKKKACiiigAooooAKKKKACiiigAooooAKKKKACiiigAooooAKKKKACiiigAooooAKKKKACiiigAooooAKKKKACiiigAooooAKKKKACiiigAooooAKKKKACiiigAooooAKKKKACiiigAooooAKKKKACiiigAooooAKKKKACiiigAooooAKKKKACiiigAooooAKKKKACiiigAooooAKKKKACiiigAooooAKKKKACiiigAooooAKKKKACiiigAooooAK+OvGv/I9eIf8AsJ3P/o1q+xa+OvGv/I9eIf8AsJ3P/o1qAME1G1SGo2oAiaoGqdqgagCJqjNSNUZoAbSUtJQAUUUUAFFFFABX2/4E/wCSeeGv+wVa/wDopa+IK+3/AAJ/yTzw1/2CrX/0UtAHQUUUUAFFFFABRRRQAUUUUAFFFFABRRRQAUUUUAFFFFABRRRQAUUUUAFFFFABRRRQAUUUUAFFFFABRRRQAUUUUAFFFFABRRRQAUUUUAFFFFABRRRQAUUUUAFFFFABRRRQAUUUUAFFFFABRRRQAUUUUAFFFFABRRRQAUUUUAFFFFABRRRQAUUUUAFFFFABRRRQAUUUUAFFFFABRRRQAUUUUAFFFFABRRRQAUUUUAFFFFABRRRQAUUUUAFFFFABRRRQAUUUUAFFFFABRRRQAUUUUAFFFFABRRRQAUUUUAFFFFABRRRQAUUUUAFFFFABRRRQAUUUUAFFFFABRRRQAUUUUAFFFFABRRRQAUUUUAFFFFABRRRQAUUUUAFFFFABRRRQAUUUUAFFFFABRRRQAUUUUAFFFFABRRRQAUUUUAFFFFABRRRQAUUUUAFFFFABRRRQAUUUUAFFFFABRRRQAUUUUAFFFFABRRRQAUUUUAFFFFABRRRQAUUUUAFFFFABRRRQAUUUUAFFFFABRRRQAUUUUAFFFFABRRRQAUUUUAFfHXjX/ke/EP8A2E7n/wBGtX2LXxz41P8AxXfiH/sJ3P8A6NagDCNRtTiaYTQBG1QNUzVC1AETVGakaozQA2kpaSgAooooAKKKKACvt/wJ/wAk88Nf9gq1/wDRS18QV9v+BP8Aknnhr/sFWv8A6KWgDoKKKKACiiigAooooAKKKKACiiigAooooAKKKKACiiigAooooAKKKKACiiigAooooAKKKKACiiigAooooAKKKKACiiigAooooAKKKKACiiigAooooAKKKKACiiigAooooAKKKKACiiigAooooAKKKKACiiigAooooAKKKKACiiigAooooAKKKKACiiigAooooAKKKKACiiigAooooAKKKKACiiigAooooAKKKKACiiigAooooAKKKKACiiigAooooAKKKKACiiigAooooAKKKKACiiigAooooAKKKKACiiigAooooAKKKKACiiigAooooAKKKKACiiigAooooAKKKKACiiigAooooAKKKKACiiigAooooAKKKKACiiigAooooAKKKKACiiigAooooAKKKKACiiigAooooAKKKKACiiigAooooAKKKKACiiigAooooAKKKKACiiigAooooAKKKKACiiigAooooAKKKKACiiigAooooAKKKKACiiigAooooAKKKKACiiigAooooAKKKKACiiigAooooAKKKKACvjfxqf8AivPEX/YTuf8A0a1fZFfGnjY/8V54i/7Cdz/6NagDDJphNBNNJoAaxqFqexqJjQAw0w040w0AIaSlNJQAUUUUAFFFFABX2/4E/wCSeeGv+wVa/wDopa+IKKAPv+ivgGlBoA+/aK+BAaeDQB98UV8EhqduoA+9KK+DN1G6gD7zor4M3UbqAPvOivgzdRuoA+86K+DN1G6gD7zor4M3UbqAPvOivgzdRuoA+86K+DN1G6gD7zor4M3UbqAPvOivgzdRuoA+86K+DN1G6gD7zor4M3UbqAPvOivgzdRuoA+86K+DN1G6gD7zor4M3UbqAPvOivgzdRuoA+86K+DN1G6gD7zor4M3UbqAPvOivgzdRuoA+86K+DN1G6gD7zor4M3UbqAPvOivgzdRuoA+86K+DN1G6gD7zor4M3UbqAPvOivgzdRuoA+86K+DN1G6gD7zor4M3UbqAPvOivgzdRuoA+86K+DN1G6gD7zor4M3UbqAPvOivgzdRuoA+86K+DN1G6gD7zor4M3UbqAPvOivgzdRuoA+86K+DN1G6gD7zor4M3UbqAPvOivgzdRuoA+86K+DN1G6gD7zor4M3UbqAPvOivgzdRuoA+86K+DN1G6gD7zor4M3UbqAPvOivgzdRuoA+86K+DN1G6gD7zor4M3UbqAPvOivgzdRuoA+86K+DN1G6gD7zor4M3UbqAPvOivgzdRuoA+86K+DN1G6gD7zor4M3UbqAPvOivgzdRuoA+86K+DN1G6gD7zor4M3UbqAPvOivgzdRuoA+86K+DN1G6gD7zor4M3UbqAPvOivgzdRuoA+86K+DN1G6gD7zor4M3UbqAPvOivgzdRuoA+86K+DN1G6gD7zor4M3UbqAPvOivgzdRuoA+86K+DN1G6gD7zor4M3UbqAPvOivgzdRuoA+86K+DN1G6gD7zor4M3UbqAPvOivgzdRuoA+86K+DN1G6gD7zor4M3UbqAPvOivgzdRuoA+86K+DN1G6gD7zor4M3UbqAPvOivgzdRuoA+86K+DN1G6gD7zor4M3UbqAPvOivgzdRuoA+86K+DN1G6gD7zor4M3UbqAPvOivgzdRuoA+86K+DN1G6gD7zor4M3UbqAPvOivgzdRuoA+86K+DN1G6gD7zor4M3UbqAPvOivgzdRuoA+86K+DN1G6gD7zor4M3UbqAPvOivgzdRuoA+86K+DN1G6gD7zor4M3UbqAPvOivgzdRuoA+86K+DN1G6gD7zor4M3UbqAPvOivgzdRuoA+86K+DN1G6gD7zor4M3UbqAPvOivgzdRuoA+86K+DN1G6gD7zr4w8bt/xX3iP/ALClz/6Naub3UbqAJS1MLUzdTS1ADiajJoJphNAATTDSk0lACUUUUAFFFFABRRRQAUUUUAFLSUUAOBpwNMozQBJmlzUeaXNAEm6jdUeaM0ASbqN1R5ozQBJuo3VHmjNAEm6jdUeaM0ASbqN1R5ozQBJuo3VHmjNAEm6jdUeaM0ASbqN1R5ozQBJuo3VHmjNAEm6jdUeaM0ASbqN1R5ozQBJuo3VHmjNAEm6jdUeaM0ASbqN1R5ozQBJuo3VHmjNAEm6jdUeaM0ASbqN1R5ozQBJuo3VHmjNAEm6jdUeaM0ASbqN1R5ozQBJuo3VHmjNAEm6jdUeaM0ASbqN1R5ozQBJuo3VHmjNAEm6jdUeaM0ASbqN1R5ozQBJuo3VHmjNAEm6jdUeaM0ASbqN1R5ozQBJuo3VHmjNAEm6jdUeaM0ASbqN1R5ozQBJuo3VHmjNAEm6jdUeaM0ASbqN1R5ozQBJuo3VHmjNAEm6jdUeaM0ASbqN1R5ozQBJuo3VHmjNAEm6jdUeaM0ASbqN1R5ozQBJuo3VHmjNAEm6jdUeaM0ASbqN1R5ozQBJuo3VHmjNAEm6jdUeaM0ASbqN1R5ozQBJuo3VHmjNAEm6jdUeaM0ASbqN1R5ozQBJuo3VHmjNAEm6jdUeaM0ASbqN1R5ozQBJuo3VHmjNAEm6jdUeaM0ASbqN1R5ozQBJuo3VHmjNAEm6jdUeaM0ASbqN1R5ozQBJuo3VHmjNAEm6jdUeaM0ASbqN1R5ozQBJuo3VHmjNAEm6jdUeaM0ASbqN1R5ozQBJuo3VHmjNAEm6jdUeaM0ASbqN1R5ozQBJuo3VHmjNAEm6jdUeaM0ASbqN1R5ozQBJuo3VHmjNAEm6jdUeaM0ASbqN1R5ozQBJuo3VHmjNAEm6jdUeaM0ASbqN1R5ozQBJuo3VHmjNAEm6jdUeaM0ASbqN1R5ozQBJuo3VHmjNAEm6jdUeaM0ASbqN1R5ozQBJuo3VHmjNAEm6jdUeaM0ASbqN1R5ozQBJuo3VHmjNAEm6jdUeaM0ASbqN1R5ozQBJuo3VHmjNAEm6jdUeaM0ASbqN1R5ozQBJuo3VHmjNAEm6jdUeaM0ASbqN1R5ozQBJuo3VHmjNAEm6jdUeaM0ASbqN1R5ozQBJuo3VHmjNAEm6jdUeaM0ASbqN1R5ozQA/NJmm5pM0AOJppNJmigApKKKACiiigAooooAKKKKACiiigAooooAKKKKAFzRSUUALRSUUALRSUUALRSUUALRSUUALRSUUALRSUUALRSUUALRSUUALRSUUALRSUUALRSUUALRSUUALRSUUALRSUUALRSUUALRSUUALRSUUALRSUUALRSUUALRSUUALRSUUALRSUUALRSUUALRSUUALRSUUALRSUUALRSUUALRSUUALRSUUALRSUUALRSUUALRSUUALRSUUALRSUUALRSUUALRSUUALRSUUALRSUUALRSUUALRSUUALRSUUALRSUUALRSUUALRSUUALRSUUALRSUUALRSUUALRSUUALRSUUALRSUUALRSUUALRSUUALRSUUALRSUUALRSUUALRSUUALRSUUALRSUUALRSUUALRSUUALRSUUALRSUUALRSUUALRSUUALRSUUALRSUUALRSUUALRSUUALRSUUALRSUUALRSUUALRSUUALRSUUALRSUUALRSUUALRSUUALRSUUALRSUUALRSUUALRSUUALRSUUALRSUUALRSUUALRSUUALRSUUALRSUUALRSUUALRSUUALRSUUALRSUUALRSUUALRSUUALRSUUALRSUUALRSUUALRSUUALRSUUALRSUUALRSUUALRSUUALRSUUALRmkooAKKKKACiiigAooooAKKKKACiiigAooooAKKKKACiiigAooooAKKKKACiiigAooooAKKKKACiiigAooooAKKKKACiiigAooooAKKKKACiiigAooooAKKKKACiiigAooooAKKKKACiiigAooooAKKKKACiiigAooooAKKKKACiiigAooooAKKKKACiiigAooooAKKKKACiiigAooooAKKKKACiiigAooooAKKKKACiiigAooooAKKKKACiiigAooooAKKKKACiiigAooooAKKKKACiiigAooooAKKKKACiiigAooooAKKKKACiiigAooooAKKKKACiiigAooooAKKKKACiiigAooooAKKKKACiiigAooooAKKKKACiiigAooooAKKKKACiiigAooooAKKKKACiiigAooooAKKKKACiiigAooooAKKKKACiiigAooooAKKKKACiiigAooooAKKKKACiiigAooooAKKKKACiiigAooooAKKKKACiiigAooooAKKKKACiiigAooooAKKKKACiiigAooooAKKKKACiiigAooooAKKKKACiiigAooooAKKKKACiiigAooooAKKKKACiiigAooooAKKKKAP//ZDQplbmRzdHJlYW0NZW5kb2JqDTczIDAgb2JqDTw8L0JpdHNQZXJDb21wb25lbnQgOCAvQ29sb3JTcGFjZSAvRGV2aWNlUkdCIC9GaWx0ZXIgL0RDVERlY29kZSAvSGVpZ2h0IDcyOSAvTGVuZ3RoIDU3MTk2IC9TdWJ0eXBlIC9JbWFnZSAvVHlwZSAvWE9iamVjdCAvV2lkdGggMTEwMT4+DQpzdHJlYW0NCv/Y/+AAEEpGSUYAAQEAAAEAAQAA/9sAQwAIBgYHBgUIBwcHCQkICgwUDQwLCwwZEhMPFB0aHx4dGhwcICQuJyAiLCMcHCg3KSwwMTQ0NB8nOT04MjwuMzQy/9sAQwEJCQkMCwwYDQ0YMiEcITIyMjIyMjIyMjIyMjIyMjIyMjIyMjIyMjIyMjIyMjIyMjIyMjIyMjIyMjIyMjIyMjIy/8AAEQgC2QRNAwEiAAIRAQMRAf/EAB8AAAEFAQEBAQEBAAAAAAAAAAABAgMEBQYHCAkKC//EALUQAAIBAwMCBAMFBQQEAAABfQECAwAEEQUSITFBBhNRYQcicRQygZGhCCNCscEVUtHwJDNicoIJChYXGBkaJSYnKCkqNDU2Nzg5OkNERUZHSElKU1RVVldYWVpjZGVmZ2hpanN0dXZ3eHl6g4SFhoeIiYqSk5SVlpeYmZqio6Slpqeoqaqys7S1tre4ubrCw8TFxsfIycrS09TV1tfY2drh4uPk5ebn6Onq8fLz9PX29/j5+v/EAB8BAAMBAQEBAQEBAQEAAAAAAAABAgMEBQYHCAkKC//EALURAAIBAgQEAwQHBQQEAAECdwABAgMRBAUhMQYSQVEHYXETIjKBCBRCkaGxwQkjM1LwFWJy0QoWJDThJfEXGBkaJicoKSo1Njc4OTpDREVGR0hJSlNUVVZXWFlaY2RlZmdoaWpzdHV2d3h5eoKDhIWGh4iJipKTlJWWl5iZmqKjpKWmp6ipqrKztLW2t7i5usLDxMXGx8jJytLT1NXW19jZ2uLj5OXm5+jp6vLz9PX29/j5+v/aAAwDAQACEQMRAD8A9/ooooAKKKKACiiigAooooAKKKKACiiigAooooAKKKKACiiigAooooAKKKKACiiigAooooAKKKKACiiigAooooAKKKKACiiigAooooAKKKKACiiigAooooAKKKKACiiqWrSzQaZPLbjMqqSPyoAu0V83H4neMp9WnsraLdJGTkbz/hS6T8U/Fd3fy28iH919/wCc8fpQB9IUV812fxO8bapNKtjAZQjEHDn1x6Va0z4n+Kk8SWun6jGY/McAgueh/CgD6IeRI/vuq/U0oIYZByK8e+LmvX9jYae9levCzum7Yw9av6vrHiOPwJpk+jMZrp4lLndgnk56UAep0V8y6r8Q/HmjR771vL9vNOf5VoeBfiN4u8Q+IbaBxI1szfO2Tj+VAH0VRTYyTGpbrgZpJW2xM3oKAE86Ldt8xd3pmpK+fNM8Ratc/FaS0/tCY2yyY8snjrX0EOgoAWiuG+KHiK98OeGzd2LYl3KBzjqa8hm+I3jWws7XULp8Ws3IIlzxn6UAfSkkscQzI6oPVjim/aYNwXzky3QbuteD+OfiF/a/g63l0y9kjuFH7zHBrJPiPVE8UeH1fUJRE7pvBPB+WgD6TphljVtpdQx7E1zOmeOtEvd8KXJMkK/PkdMV5P4u8dSf8LFshY6pItkMB1UjHWgD6BJwMmozcQgEmVMDqc14x4h8Y+J/MuG097b7IQSjG4AOMeleYjxp4rbTrwHUCV8xckyjI+lAH1ujrIu5GDD1Bp1fPfg/xd4wlsLdFkt5Y/V7gBj+FO1/4q+JLHX2021txI4VeA5PJoA+gqK+edH+L3iA+I7Wx1KARI7gNljwD9a9YPxG8Oou2S9AcDkcdfzoA6rz4g23zF3emakr5lvPH12/xJV4tVm/s8y/dyMYyK9Z8b6/qS6FDfaDcIA4B3NIEB5oA9AyB3o3D1FfNt14y8bRRNK1/BhRnAugaztI+IXjHWpZYob9EKdTJOF/nQB9RGRB1YfnSghhkEEV85f2l41mUrJrMKZ7rdrXokGtahpng3bc38Zv2B2OZRzxxzQB6VRXz6fFPjgklb+1x2/0xawbj4m+L49UGntdpvJxuE+R+dAH0/uHqKUEHoa+fP7b8YOgzrEI/wC3pa9H8GeIyullNVvkmuFHJWQN/KgDunkSP77qv1NKCGGQQR7V88/FL4lvPqNvbaJfyxBHIcrx2r0rwh460m602C1a+aW5CKXLAdcUAd0ZYw20uob0zT6+a9W+It8/xJUJqMkVhFJtdVPBANewWnxH0G8UQQXZeYrxx3/OgDs8j1o3D1FfNuvfEPxY/jC70zTJXbZIQqh+3HtUV74r+IunWxuLnekY6kyH/CgD6X3D1FGR618z2Hi74h6nD51qXkT1Eh/wp2lfELxfb+L7LTNTkdd8gDKXPTH0oA+l6CcDJrzHx/r/AIh0lbabTWjWF0XJeXbzjmuAn+IXi8wODcW446i5FAH0Sk8MjlElRmHUA81JXyLoXjrxTHr8zpqBdznKvKAv512SfEHxizhRNbEk4/4+RQB9EUVzvg651S70SKbVAvnMM/K26uioAKKKKACiiigAooooAKKKKACiiigAooooAKKKKACiiigAooooAKKKKACiiigAooooAKKKKACiiigAooooAKKKKACiiigAooooAKKKKACiiigAooooAKKKKACiiigAooooAKKKKACiiigAooooAKKKKACiiigAooooAKKKKACiiigAooooAKKKKACiiigAooooAKKKKACiiigAooooAKKKKACiiigAooooAKKKKACiiigAqK5/49Zf9w/yqWorn/j1l/3D/KgD5WvP7d/4WFqf9hzeVLu5IIHb3qXwOLv+0dd+3NvuPLXcfxpZNLv9T+IeqLYXotmDHLEZ7VZ+Hdnu8Uarpt3dqZZQq+Zjqc0AdX8ELq1gk1ITyxId7/fYD+P3rB8fzJP8TbQ2roxyuChB5o/4VPay63cWkHiMJcZ3lFBHBNXvDPwrtR4kjePXluJrZgzIVOeD70Acb8QrfxTHcI2ouxti48kE/lXU6H4r8SeDPBv2rUI2mjkAFuCeikEfzrf+N0QgsdOj4+WRBn8aTxZrej2nwv062uAkt28KhEB56kUAeOX3iq58T6x9o1qZ2g3ZK4yB7V6l4Z+KHhXw7bRW9jp6IeAXAPNcdFodlo/gI3l9EDd3hVoQeoHQ0zVPDkGm+DdMu3g2zzknJ+tAH1Lo+px6vpsV5GMLIMijWrpbPR7qdiAEQnNZnghQnhSzHbaP5CvPvjH48gs9MfRbKQPcTAq4U9ARQB5JoniH7P8AEw3Zb5XuNufbNfW9nOtzaRTKcq65Br5Pk+Hl/aeDo9eCt5/mb+nO3Gc17R8JvHVtrWiw6dPKFu4FC7SeTigC78XdKu9W8LGGzVWk3qQGbHQ14Fftr1+9j4YubcB4vlVQ+e9e7fGWaSHwsrRuVPmx8g/7VeIXlzqEPibT59PQyXQBKjuaAIfGPg3UPDMSu5CW8gHy5HNSeJI7iW80iO0fZOwQIc4wdtV/G994m1WWGXWY3jjB+QGrfinTbi71DSLK3JE8qoEI9dtAHqnw++G0drot1c6qwa4uVIZ854PNeNaxpelW/j/7CJsWwm2s3416H4Y1bxdp+majp92rtHDAShOK85bw5c3niyCG8cq94wcE9smgDY1iOC28SCytpPtFmsL7RnjjpXPpDF/Zt6TbjIkXBz0rsvEHhHT/AAfqUcc2rqs7oQNyk8dKyBY6cIZIhqi7JCCw2Hk0AVtHme3vdMEI8vcTkg9a6JNWsdJ+Ka3WoNiELGScZ7VD4b0zS77X7O0GqI7oTsTaann0C11n4r/YLrBiwinnHY0AUfEuraVrnxGtZ7WT/RiUDMF6da6HRPAfhXxRqE8UOpMJwSSpTFYeo+G7HRvilp9hbAGFnTIznqDXRat4K1rw740ttQ0OJ5IJSpcL7mgDgbrwfb23xCXRVmJi83bux7ivWPFtpe6TpsGgw6QL+zjXG9mI6GuEkeZ/izbtcIUmMnzKex3CvUPir8QJPDUaafa2u+4nQkSY6DOKAPB/EF1bBmsItGjtbknG5ZCcVf0XSWtLRRcaHBcSHne02CaydHA1zxE82pvh2OSa7saVpwAH2r+dAGcLaPPHhq2/7/mu2tbOLV/DtxJq2hRxRWkZeMbyQcV5t4jcabPB9iuSctz19K992Pc/C9tqgyPbfnwKAPD7M2epPKLPw7buqMRlpiK5m7tSviRYv7NiTn/UiTIPPrW7o1s1hLcLeWMjkuSCHxWHeSRnxKrC2YJn7m7nr60AdNfLbaZAJbrw5bqmQMicmvSfDOh6PJ4Jm1m0sVgmeMngk4ry3XYhfWax2thIr5HJkz3r2Pwpby23wqeOVdrCM5FAHlvw98LaN4j1bURqpjwjErvP+1WHbWNzaeL72y0XBP3Uw3HU1P4U8GX/AIq1S/FletbmNiTjPPNXPAOjSW/xCk02aYs+Qpc/U0AdD4I+FVv4g+0zaxcKLne2UBBrCGhW3h/4kpY2zlo1J/nW9bWPiHwZ8RzHDHLNBcPk+m0mqN/uufiuGYbWOSR6c0AUl1GXSvifqN5DF5roz4T14FP8Y/FXVtd0aXTrnSTbo5HznPap9PvbbTfi3f3N2R5KM5ORnsKb4+8Vt471JNL0GyVo14BRR81AFXwZ8TdW8OaSlnbaQ1wn98A0t/qs2s/ErSr2eHyZHkTKenBrT8H+MLrwHcJpHiDT1EXQF0HFQ+JL231D4saZc2oAidkIwMfwmgDq/iPrkk629hcaUJ4I41YOSQOleVz6lo6loRo6eYRgYYmvob4gHTv+ETjiu7yKzZ4wBIyZ7V81XItNLvt2m6gl5KT98L3/ABoAXTbAw3z3M+miSBslUYkYrbs7nT5brFvoaPJG3RWJ5qTT5Lq+hZtW1qK2AU4jMXLD8Ku+AvFekeGPE8y3FuJIHfCzN06YoA92+HmtXOqaTsnsjbLEAFXmuzrP0jULHU7NLmwZGiYZyoxWhQAUUUUAFFFFABRRRQAUUUUAFFFFABRRRQAUUUUAFFFFABRRRQAUUUUAFFFFABRRRQAUUUUAFFFFABRRRQAUUUUAFFFFABRRRQAUUUUAFFFFABRRRQAUUUUAFFFFABRRRQAUUUUAFFFFABRRRQAUUUUAFFFFABRRRQAUUUUAFFFFABRRRQAUUUUAFFFFABRRRQAUUUUAFFFFABRRRQAUUUUAFFFFABRRRQAUUUUAFFFFABVLVoZrjTJ4oDiRkIX8qu0UAfNDfCnxZJqdze+e0W8kltpGf1rlNDhbQ/Ed7c3N1++s8N1I3GvsBlDoVPQjBrmo/AOgpdz3Jtt7z/f3YIoA8y+EehXWtapdeIb7zNjnbHknBw3/ANeszxSl/wCAPHy6haF/IuSAcnIyTmvfbDT7bTbYW9rEscYOcKMVDqOi2GqPE13Akhjbcu5QeaAPm7xHB478e3gD2UjWm7MTrGAMdu9a2m/C6+srL+0fEcjvHbDckZJHTnH6V9DRW0EKBY4kQDoFUClmgjuImilRXRhggjNAHyjeXd34v1oXC2sg0mxbhFwNo681Y8WeL4PFU2naTpto6pA20cg19JReF9JgtpreK1jRJfvbVAzVTTvA+g6ZcCeCyjLg5yyg0Aee+MfFer+CvB1nb2dq4aRMeaQCF+UVxXw+8Aap4u1tda1pZPs4ff8APn5ue1fRmo6PY6pAIbuBJEHQFQcVYtrWC0hWKCJY0UYAUYoAqTaNZzaQdNMQ8gpsxjtXzR4y8H634C8QtqmliT7KX3Ky5wOehr6oqC6sra9iMdzBHKh7OoNAHzZ4k8cax4h8BxtqFjICHQiXAAbntXJWOpa3cata6jpunSO8Gf4QRX1sNB0wWy25soDEvRTGMVJHpGmwjEVjbIP9mICgD5na+1T4i+J7DT7i18vyX+cBAMce1a3xDC+HPHGj3MkZEFv5eT9ExXvdn4e0ywvZLu3tY0mfqwUU3V/Dmma4oF9bJJjoSozQB4n8P76bxZ44uZVUmyEQyOx5pPGkEdt8WtJiiUKihQAP96vbtI8O6boaFbG3SPPUhRmq194Q0rUNXi1OeNjcxY2nNAHhfxmYL4xsiXVBtPzMMgfMKopfQeWP+Jvp3T/njXv+q+C9H1m+jvL2AySR9M9OtWB4V0QDH9nW3/fpf8KAPmvwtIkvxMtCk8UwyfmiXA6VP4j0jWNQ+JUi6XuSUhdrgfWvoGPwLoUOrJqMVqI50ORsAArcXT7NZhMLWES/39gz+dAHy5p/h/X7H4jacdUWSWQSKS+O3Nex+KfidYeFbmOyvLUtJ5YYEkV6E1lavKJWt4mkHRigyPxrE1vwTo3iC5FxfQb5AMAj0oA+c9D1B/FvxTS9toWCmTfjrxkV9G+IPC+l6srXt5BvmggcIfwzTtF8HaNoMhksrVFf+8QM1uyIJI2RvusCDQB8bCWKz8Y3f76OBA/BccV0X9r2/wD0FrT/AL4Ne/QfDvw9BfvefZBJK5yd4BFaX/CKaH/0DLX/AL9L/hQB8leJLyO5uLfZdwz4b/lmMdq9r1bxFa6f4Gs7GS4WCV4lwzHjlRXc6j8PPDupFDLYohU5HlqF/pWr/wAI5pZto4JLSKVIwAvmICeKAPmNrmAkk6xa/wDfJrlbnadeVxcxsmf9YBxX2F/wiuif9A22/wC/S/4Uf8Ipof8A0DLX/v0v+FAHzMLiDA/4nFr/AN8mvQPC/iC1fw3eacLxLiVk42HpXrP/AAiuif8AQNtv+/S/4U9fDekxxukdlDHuGCUQA0AfKvhjVvFumapfHw1bGYsx34jDYGfc1r/DKa/uPiaJdRQpcs4LjGOcmvozSfCOk6NNJLaQYaT72cUtt4S0m01I38NuFuCc7sCgDz3xf8VrHw9rj2tzpheZRw529K818LXc3i34jy6hFAyJtZ+ewr6D1bwLoetXv2u8t98uMZ4q7pfhjSdHRls7SNCwwWCjP50AfLWuaxFo/wARdSmmt2njLupRSAeQPWtTw/8AETRPDkxmsvD1x5h7u6tX0APh/oH9rPqT2oknckneAR+Va/8Awj2jf9Aqz/78L/hQB84a/wDE/SfEUkcl74enLocgqyisK21+PX/iJpdxFbNborqoRsdgR2r6s/4R7Rv+gVZ/9+F/wrIm+H3h+XVo9RFosc8ZBXywFH5UAef/ABQ13Q3srXTNSsbiecRqyLFKFJyK8+0PStH09pLnX9LuLS1kUmEySAfTmvpa58PaZd3Ec9xaRSSRgAFkB6VV1vwfpGvQJDdwYRegTAoA+cvA+n6drHj65jiR5rMK7RruznA4rX8QXEGmalc2mseG50sTJ+6lXavH1r3LQfBWi+HZDJYW4Dn+JsE1r3emWN8hW5tYZQf76A0Acx8OJtMl8Ox/2XHIsIHG991dlVWw06102AQ2sSxoOyjFWqACiiigAooooAKKKKACiiigAooooAKKKKACiiigAooooAKKKKACiiigAooooAKKKKACiiigAooooAKKKKACiiigAooooAKKKKACiiigAooooAKKKKACiiigAooooAKKKKACiiigAooooAKKKKACiiigAooooAKKKKACiiigAooooAKKKKACiiigAooooAKKKKACiiigAooooAKKKKACiiigAooooAKKKKACiiigAooooAKKKKACiiigAooooAKKKKACiiigAooooAKKKKACiiigAooooAKKKKACiiigAooooAKKKKACiiigAooooAKKKKACiiigAooooAKKKKACiiigAooooAKKKKACiiigAooooAKKKKACiiigAooooAKKKKACiiigAooooAKKKKACiiigAooooAKKKKACiiigAooooAKKKKACiiigAooooAKKKKACiiigAooooAKKKKACiiigAooooAKKKKACiiigAooooAKKKKACiiigAooooAKKKKACiiigAooooAKKKKACiiigAooooAKKKKACiiigAooooAKKKKACiorieO1t3mlOEQZJrFPjHRwSDcHj/ZNAG/RVPT9TtdTiMlrJvUHFXKACiiigAooooAKKKKACiiigAooooAKKKKACiiigAooooAKKKKACiiigAooooAKKKKACiiigAooooAKKKKACiiigAooooAKKKKACiiigAooooAKKKKACiiigAooooAKKKKACiiigAooooAKKKKACiiigAooooAKKKKACiiigAooooAKKKKACiiigAooooAKKKKACiiigAooooAKKKKACiiigAooooAKKKKACiiigAooooAKKKKACiiigAooooAKKKKACiiigAooooAKKKKACiiigAooooAKKKKACiiigAooooAKKKKACiiigAooooAKKKKACiiqeoapZaVCJb24SFDwCxoAuUVyN78SPDlm8SC/ilLtt+VunvSXHxJ8OwTxRfbY38zHzBuBQB19FYkPi/Qp8+VqUDYGThqqnx94YEnl/2xbbs4xu/wDrUAdLRWGfFOnm5t4o3Eiz5KyKeOKSXxVpyXFpFE4m+0uUVkPAIoA3aKyJvEFvb6umnyxsjOAVcngk9qin8YaDbTNFLqUCOpwQW6UAblFYC+NfDzsFXVLck8AbqivfHWgWavuv4XkU4EYbkn0oA6Siub0vxW+oZefSLqztxz50pG0j8Kt3niaxtrKO7RxPC5wGQ0Aa00STxNFIMowwRWJeeGtLW2lcQfMBnrW5G4liSQdGUMPxqK9/48pf92gDlfBarHLcov3Q5AFdjXlFl4ztPDN7cR3MDylnJGxgK0f+Fv6V/wA+U/8A32K6oYLETjzRg2iHUit2ejUV51/wt/Sv+fKf/vsUf8Lf0r/nxn/77FX/AGdiv+fbF7WHc9Forzr/AIW/pX/PjP8A99ij/hb+lf8APjP/AN9ij+zsV/z7Ye2p9z0WivOv+Fv6V/z4z/8AfYo/4W/pX/PjP/32KP7OxX/Pth7an3PRaK86/wCFv6V/z4z/APfYo/4W/pX/AD4z/wDfYo/s7Ff8+2Htqfc9Forzr/hb+lf8+M//AH2KP+Fv6V/z4z/99ij+zsV/z7Ye2p9z0WivOv8Ahb+lf8+M/wD32KP+Fv6V/wA+M/8A32KP7OxX/Pth7an3PRaK86/4W/pX/PjP/wB9ij/hb+lf8+M//fYo/s7Ff8+2Htqfc9Forzr/AIW/pX/PjP8A99ij/hb+lf8APjP/AN9ij+zsV/z7Ye2p9z0WivOv+Fv6V/z4z/8AfYo/4W/pX/PjP/32KP7OxX/Pth7an3PRaK86/wCFv6V/z4z/APfYo/4W/pX/AD4z/wDfYo/s7Ff8+2Htqfc9Forzr/hb+lf8+M//AH2KP+Fv6V/z4z/99ij+zsV/z7Ye2p9z0WivOv8Ahb+lf8+M/wD32KP+Fv6V/wA+M/8A32KP7OxX/Pth7an3PRaK86/4W/pX/PjP/wB9ij/hb+lf8+M//fYo/s7Ff8+2Htqfc9Forzr/AIW/pX/PjP8A99ij/hb+lf8APjP/AN9ij+zsV/z7Ye2p9z0WivOv+Fv6V/z4z/8AfYo/4W/pX/PjP/32KP7OxX/Pth7an3PRaK86/wCFv6V/z4z/APfYo/4W/pX/AD4z/wDfYo/s7Ff8+2Htqfc9Forzr/hb+lf8+M//AH2KP+Fv6V/z4z/99ij+zsV/z7Ye2p9z0WivOv8Ahb+lf8+M/wD32KP+Fv6V/wA+M/8A32KP7OxX/Pth7an3PRaK86/4W/pX/PjP/wB9ij/hb+lf8+M//fYo/s7Ff8+2Htqfc9Forzr/AIW/pX/PjP8A99ij/hb+lf8APjP/AN9ij+zsV/z7Ye2p9z0WivOv+Fv6V/z4z/8AfYo/4W/pX/PjP/32KP7OxX/Pth7an3PRaK86/wCFv6V/z4z/APfYo/4W/pX/AD4z/wDfYo/s7Ff8+2Htqfc9Forzr/hb+lf8+M//AH2KP+Fv6V/z4z/99ij+zsV/z7Ye2p9z0WivOv8Ahb+lf8+M/wD32KP+Fv6V/wA+M/8A32KP7OxX/Pth7an3PRaK86/4W/pX/PjP/wB9ij/hb+lf8+M//fYo/s7Ff8+2Htqfc9Forzr/AIW/pX/PjP8A99ij/hb+lf8APjP/AN9ij+zsV/z7Ye2p9z0WivOv+Fv6V/z4z/8AfYo/4W/pX/PjP/32KP7OxX/Pth7an3PRaK86/wCFv6V/z4z/APfYo/4W/pX/AD4z/wDfYo/s7Ff8+2Htqfc9Forzr/hb+lf8+M//AH2KP+Fv6V/z4z/99ij+zsV/z7Ye2p9z0WivOv8Ahb+lf8+M/wD32KP+Fv6V/wA+M/8A32KP7OxX/Pth7an3PRaK86/4W/pX/PjP/wB9ij/hb+lf8+M//fYo/s7Ff8+2Htqfc9Forzr/AIW/pX/PjP8A99ij/hb+lf8APjP/AN9ij+zsV/z7Ye2p9z0WivOv+Fv6V/z4z/8AfYo/4W/pX/PjP/32KP7OxX/Pth7an3PRaK86/wCFv6V/z4z/APfYo/4W/pX/AD4z/wDfYo/s7Ff8+2Htqfc9Forzr/hb+lf8+M//AH2KP+Fv6V/z4z/99ij+zsV/z7Ye2p9z0WivOv8Ahb+lf8+M/wD32KP+Fv6V/wA+M/8A32KP7OxX/Pth7an3PRaK86/4W/pX/PjP/wB9ij/hb+lf8+M//fYo/s7Ff8+2Htqfc9Forzr/AIW/pX/PjP8A99ij/hb+lf8APjP/AN9ij+zsV/z7Ye2p9z0WivOv+Fv6V/z4z/8AfYo/4W/pX/PjP/32KP7OxX/Pth7an3PRaK86/wCFv6V/z4z/APfYo/4W/pX/AD4z/wDfYo/s7Ff8+2Htqfc9Forzr/hb+lf8+M//AH2KP+Fv6V/z4z/99ij+zsV/z7Ye2p9z0WivOv8Ahb+lf8+M/wD32KP+Fv6V/wA+M/8A32KP7OxX/Pth7an3PRaK86/4W/pX/PjP/wB9ij/hb+lf8+M//fYo/s7Ff8+2Htqfc9Forzr/AIW/pX/PjP8A99ik/wCFv6V/z4z/APfYo/s7Ff8APth7WHc9Gorzr/hb+lf8+U//AH2K1fD/AMQbHxBfm0gtpY2AzlmBrOeCxFOLlODSQ1Ui9EzsKKKK5iworP1bW9O0O3+0aldx20X96Q4FYX/CzfBv/Qfs/wDvs/4UAdbRWVp3iTSNWtHurG/hnhQZZ0PArKl+JPhCGVo5NdtFdTggseD+VAHVUVU07VLLVrYXFjcJPEejIeKt0AFFZ2p67pmj7Pt95Fb7yAu84z2q2t1C1v8AaBIpixnd2xQBNRWHF4v0Ga5FvHqcDSk4Chuc1qXN7bWdq1zcTLHCoyXboBQBYoqC0vLe+gE1tKskZ6MvSp6ACiiigAooooAKKKKACiiigAooooAKKKKACiiigAooooAKxfFCXH9jTSW0VvJLGpIE6bhW1XM+NrOa70YiG6a325JYNjP1oA8iutA1a4u7XUmfTPnn2CNY+Mj2rqDZ6nf6zDYW9ppSzJEHJeAY4riU0m/j177JJqMixIBKp38ZPeugstJuL3U7mVdTukMNsx82N+pHvQB2sel6pplrc3moQaY2yJtohhx2rx8XWpXOof2kLewAZt23yuK9E0XTLmTwtfXtxqt5OyxsNjvkfdNcTbLEfCceyzvjcFR84iO386ANU+NEudSsjJbBGhVg3lqAvI7VU8P6xPda5pVr8o23Lshx65q54c8PWt7Baq+4u6sZPUVJpdhFbXOiyQoPNF1IAT3xQB0niW88TadeWkjNp8rM+I1EeX6cVh3lr9u1wHVLJlVogxMS7fmqDxDpuv3vi+Evc7ZU2tGiv8vTisdLiSaG/OoXGqtcwllBgUsgx70AbwsLaz1a3bT7GWUZBYOu7vU/j/W7aDTUjbQmhlM8ZEnlAZ59a5qG8S2srK5iuNXWYyoGaRSExnnmtvxm0/iSxil8xxb28qRlgepJyDQB1cGv3N14Z8htOuIl8v77LgVkrz4Esf8Aro3860LDTNbstE8gSm5tHTgucsOKpy281r4Jsop42Rw7ZVhg9aAPUbP/AI8bf/rmv8qS9/48pv8AdpbP/jxt/wDrmv8AKkvf+PKb/doA+dPF3/IWk+prn66Dxd/yFpPrXP1+g5Q39Rg0ePXfvBRRRXqJGFkFFFFOwrRCiiiiwWiFFFFFgtEKKKKLBaIUUUUWC0QoooosFohRRRRYLRCiiiiwWiFFFFFgtEKKKKLBaIUUUUWC0QoooosFohRRRRYLRCiiiiwWiFFFFFgtEKKKKLBaIUUUUWC0QoooosFohRRRRYLRCiiiiwWiFFFFFgtEKKKKLBaIUUUUWC0QoooosFohRRRRYLRCiiiiwWiFFFFFgtEKKKKLBaIUUUUWC0QoooosFohRRRRYLRCiiiiwWiFFFFFgtEKKKKLBaIUUUUWC0QoooosFohRRRRYLRCiiiiwWiFFFFFgtEKKKKLBaIUUUUWC0QoooosFohR1oootYaSCu4+F//Iyt/uD+dcPmu4+F/wDyMrf7g/nXmZy/9jnc3wzftUe9UUUV+eHsGbrGh2WuW32e9jDx+hFea+NvCXhrRNLKwWim7l4jXAr1tiFUsegGa8sJ/wCEo+JJQ/PbWLfgcigC/pXhyPwv8PbkJxI8Zc/jg1574Sl8EvayJq5j+1tcPkkjpmvfrpLUWTJdBPIC4YP0xXE+IPCng2TRrqUW9lC20kSoACD60AdXoNvp9vpka6YVNuRkbauXt5FY2klxMwVEUnmvPfhLNKuk3UckrtBHMyxs5/hHSsv4r6vrP2i2tNNtZ57U4aQwoWzz04oA5bxzcXniS4TWCWSyhuESEdmBYc16jrH2r/hXyC13b9q529cd68e8UeLr1/Dttp40Se2iikQhmhK5w2a9i+HutT69oAS8snhVFAAkQjdQByl++jP4OjjszEdT52hMeZnNaD3Fz4lls9EiLeTEqm4b1UjGPzrS8XRaRolriysIP7QlyIgq85rmrawu7O/s9J+0PBLdPulmU4bDDOM+1AHrdlaRWVpHbxKAqKBxVivOtGnvtG8YtpLXk13AYw26VskE16LQAUUUUAFFFFABRRRQAUUUUAFFFFABRRRQAUUUUAFFFFABWL4l0ebWNP8AJhlKkZJTPD+xraooA85svBN9cT3M+pWlsjmHyoVR9w46GtTQ/CEml6ReQsQ084YLzwMjpXZUUAcnpnhy8tPDV1p77RLKCFw3sRWFa+A9ch8PJZ/2zcK6pjygw2/TNek0UAefeCPBeo6QLhtVkBduE2sGxVg+CJrW801rWTzI7edpHLkA813NFAHKX/h27ufFEOopt8lFQHLc8Cuftvh7qrSX4k1Sa2huJGIWJgRgmvS6KAPML/4a6m1hBaQ6vcTxJIpKSkAYFb+p+EWfwrFpljGiyiWN25xnaa7CigCpp9vJaabHCwHmIuMZ71yOs6Z4n12/igns7SGxRuZEmy2PpXc0UARwR+VBHH/cUL+Qpl7/AMeU3+7U9QXv/HlL/u0AfPHiqCWXVpDHE7jJ+6pNYP2O6/59pv8Av2a908K2VvdXV0ZolciQ9a6r+x7D/n2SveweePD0VS5L28zjqYRTd2z5h+x3X/PtN/3waPsd1/z7Tf8Afs19Pf2PYf8APslH9j2H/PsldX+sr/59/iR9R/vHzD9juv8An2m/79mj7Hdf8+03/fs19Pf2PYf8+yUf2PYf8+yUf6yy/wCff4h9R/vfgfMP2O6/59pv+/Zo+x3X/PtN/wB+zX09/Y9h/wA+yUf2PYf8+yUf6yy/59/iH1H+9+B8w/Y7r/n2m/79mj7Hdf8APtN/37NfT39j2H/PslH9j2H/AD7JR/rLL/n3+IfUf734HzD9juv+fab/AL9mj7Hdf8+03/fs19Pf2PYf8+yUf2PYf8+yUf6yy/59/iH1H+9+B8w/Y7r/AJ9pv+/Zo+x3X/PtN/37NfT39j2H/PslH9j2H/PslH+ssv8An3+IfUf734HzD9juv+fab/v2aPsd1/z7Tf8Afs19Pf2PYf8APslH9j2H/PslH+ssv+ff4h9R/vfgfMP2O6/59pv+/Zo+x3X/AD7Tf9+zX09/Y9h/z7JR/Y9h/wA+yUf6yy/59/iH1H+9+B8w/Y7r/n2m/wC/Zo+x3X/PtN/37NfT39j2H/PslH9j2H/PslH+ssv+ff4h9R/vfgfMP2O6/wCfab/v2aPsd1/z7Tf9+zX09/Y9h/z7JR/Y9h/z7JR/rLL/AJ9/iH1H+9+B8w/Y7r/n2m/79mj7Hdf8+03/AH7NfT39j2H/AD7JR/Y9h/z7JR/rLL/n3+IfUf734HzD9juv+fab/v2aPsd1/wA+03/fs19Pf2PYf8+yUf2PYf8APslH+ssv+ff4h9R/vfgfMP2O6/59pv8Av2aPsd1/z7Tf9+zX09/Y9h/z7JR/Y9h/z7JR/rLL/n3+IfUf734HzD9juv8An2m/79mj7Hdf8+03/fs19Pf2PYf8+yUf2PYf8+yUf6yy/wCff4h9R/vfgfMP2O6/59pv+/Zo+x3X/PtN/wB+zX09/Y9h/wA+yUf2PYf8+yUf6yy/59/iH1H+9+B8w/Y7r/n2m/79mj7Hdf8APtN/37NfT39j2H/PslH9j2H/AD7JR/rLL/n3+IfUf734HzD9juv+fab/AL9mj7Hdf8+03/fs19Pf2PYf8+yUf2PYf8+yUf6yy/59/iH1H+9+B8w/Y7r/AJ9pv+/Zo+x3X/PtN/37NfT39j2H/PslH9j2H/PslH+ssv8An3+IfUf734HzD9juv+fab/v2aPsd1/z7Tf8Afs19Pf2PYf8APslH9j2H/PslH+ssv+ff4h9R/vfgfMP2O6/59pv+/Zo+x3X/AD7Tf9+zX09/Y9h/z7JR/Y9h/wA+yUf6yy/59/iH1H+9+B8w/Y7r/n2m/wC/Zo+x3X/PtN/37NfT39j2H/PslH9j2H/PslH+ssv+ff4h9R/vfgfMP2O6/wCfab/v2aPsd1/z7Tf9+zX09/Y9h/z7JR/Y9h/z7JR/rLL/AJ9/iH1H+9+B8w/Y7r/n2m/79mj7Hdf8+03/AH7NfT39j2H/AD7JR/Y9h/z7JR/rLL/n3+IfUf734HzD9juv+fab/v2aPsd1/wA+03/fs19Pf2PYf8+yUf2PYf8APslH+ssv+ff4h9R/vfgfMP2O6/59pv8Av2aPsd1/z7Tf9+zX09/Y9h/z7JR/Y9h/z7JR/rLL/n3+IfUf734HzD9juv8An2m/79mj7Hdf8+03/fs19Pf2PYf8+yUf2PYf8+yUf6yy/wCff4h9R/vfgfMP2O6/59pv+/Zo+x3X/PtN/wB+zX09/Y9h/wA+yUf2PYf8+yUf6yy/59/iH1H+9+B8w/Y7r/n2m/79mj7Hdf8APtN/37NfT39j2H/PslH9j2H/AD7JR/rLL/n3+IfUf734HzD9juv+fab/AL9mj7Hdf8+03/fs19Pf2PYf8+yUf2PYf8+yUf6yy/59/iH1H+9+B8w/Y7r/AJ9pv+/Zo+x3X/PtN/37NfT39j2H/PslH9j2H/PslH+ssv8An3+IfUf734HzD9juv+fab/v2aPsd1/z7Tf8Afs19Pf2PYf8APslH9j2H/PslH+ssv+ff4h9R/vfgfMP2O6/59pv+/Zo+x3X/AD7Tf9+zX09/Y9h/z7JR/Y9h/wA+yUf6yy/59/iH1H+9+B8w/Y7r/n2m/wC/Zo+x3X/PtN/37NfT39j2H/PslH9j2H/PslH+ssv+ff4h9R/vfgfMP2O6/wCfab/v2aPsd1/z7Tf9+zX09/Y9h/z7JR/Y9h/z7JR/rLL/AJ9/iH1H+9+B8w/Y7r/n2m/79mj7Hdf8+03/AH7NfT39j2H/AD7JR/Y9h/z7JR/rLL/n3+IfUf734HzD9juv+fab/v2aPsd1/wA+03/fs19Pf2PYf8+yUf2PYf8APslH+ssv+ff4h9R/vfgfMP2O6/59pv8Av2aPsd1/z7Tf9+zX09/Y9h/z7JR/Y9h/z7JR/rLL/n3+IfUf734HzD9juv8An2m/79mj7Hdf8+03/fs19Pf2PYf8+yUf2PYf8+yUf6yy/wCff4h9R/vfgfMP2O6/59pv+/Zo+x3X/PtN/wB+zX09/Y9h/wA+yUf2PYf8+yUf6yy/59/iH1H+9+B8w/Y7r/n2m/79mj7Hdf8APtN/37NfT39j2H/PslH9j2H/AD7JR/rLL/n3+IfUf734HzD9juv+fab/AL9mj7Hdf8+03/fs19Pf2PYf8+yUf2PYf8+yUf6yy/59/iH1H+9+B8w/Y7r/AJ9pv+/Zo+x3X/PtN/37NfT39j2H/PslH9j2H/PslH+ssv8An3+IfUf734HzD9juv+fab/v2aPsd1/z7Tf8Afs19Pf2PYf8APslH9j2H/PslH+ssv+ff4h9R/vfgfMP2O6/59pv+/Zo+x3X/AD7Tf9+zX09/Y9h/z7JR/Y9h/wA+yUf6yv8A59/iH1HvI+Yfsd1/z7Tf98Gu2+GVtPH4kYvDIo2DllI717R/Y9h/z7JUsGn2ts++KFVb1FcuMzyWJpOlyWv5mlLCRpy5kyzRRRXgnWMmj82F48kblIyO1c94b8Iw+Hrm6uFneaS4OWLgcV0lFAGfrelrrGlT2LStGJV27l6ivOF+DcjygXHiS/mtt2WhZV2keler0UAYUXhm2tNBbS7FzbKU2+ZGOQfWrOhaS+j6eLaS7lumH8cmM/pWpRQBz/irwvF4nsUtZZniCyK+VAPQ5rXsbQWVlHbKxYIMAmrNFAHNt4Sim8RjV7m4kmKHMcbAYX6UviDwnFrU8NzFcSWtzCcrJGBnpjvXR0UAc1onhMaZfNe3N5Ld3DLt3ygZx+FdLRRQAUUUUAFFFFABRRRQAUUUUAFFFFABRRRQAUUUUAFFFFABRRRQAUUUUAFFFFABRRRQAUUUUAFFFFABRRRQBBe3DWtnLOqbygyF9a4668aTvFJGdNYZGM5rtyARgjI96q3sEP2OU+Un3f7ooA5bwPJ5rXEhGNzk49K7SuO8GgC4u8dPMauxpu3QAooopAFFFFABRRRQAUUUUAFFFFABRRRQAUUUUAFFFFABRRRQAUUUUAFFFFABRRRQAUUUUAFFFFABRRRQAUUUUAFFFFABRRRQAUUUUAFFFFABRRRQAUUUUAFFFFABRRRQAUUUUAFFFFABRRRQAUUUUAFFFFABRRRQAUUUUAFFFFABRRRQAUUUUAFFFFABRRRQAUUUUAFFFFABRRRQAUUUUAFFFFABRRRQAUUUUAFFFFABRRRQAUUUUAFFFFABRRRQAUUUUAFFFFABRRRQAUUUUAFFFFABRRRQAUUUUAFFFFABRRRQAVnavqcumW4lisZ7sk/chxmtGigDhb/4hz6bbNcXPhrUUjXqTtp1l8QLm/tUuLfwzqTxuMqRt5q58RP+RVuP90/yqx4F/wCRRsP+uS0Aaun6g97Y/aZbSW1O3Jjl6isG08VSzXGpvJtW2tThWx14rQ8W6wmj6DcTE/OVKqB1JINeZ6D/AGjq+hQWaQsGuvmmfHTB70Ad14b8bWeqWTXF3eQRncQFPB4NdBBremXUmyC9ikb0U15UbWw0LxXJaNZTzxAL8kS5wcc1uySR3ltJHpWnT2kxHMkyYA/GgDdTx7pEmoXFmJVRoVyXZuCc9Kr+HvHVlqTXQuryBPLlKr2yKz7fT/Ctnp7ie9tDdEZkJYZ3d6wvBa+GvMv/ALTd2y/v227mHSgD1CPVbS8hk+w3Ec0gU4CnPOK5+y8WX3mT213pVw1xEcDYAN/uKtw2Wm3NhMujXMRfB+eNuhxWBptlc3cNzY6xfpGbdgongfDjvyaAJ774izWLIk3h3UI2kOFLbcVqaa3ime5inuLi1Fm3zGMRYfH1rzjxbpejJJa/Z/EVxPzzm4ziuw0XRNGllg+zeJbqeVQD5YuM9vSgDUvvGNxZ3zWiaFfTsozujxg1mTfEqSC+Wzfw3qImYZC/Lmp/Fdtc2dxBqmnzs7w48yPdncoHpWNqOpB/FdnduPn8hGK980AdBH43uTcpDJ4d1CIuQMtjipdU8YR2dz5cY+VFJlY/wkdj71n6db3OuaxNf387QQpmOONTjI9awNd+xS6lPplpJv2ozSsTklgKAJLf4xRR3jLc2UrwOwETpgce9dhN4smUxtbaLeXUTgESRYxXjEanfZL9lUqEbA212uieM73StMsLM2zP5zMEO3NAHqdtM08CyNG0ZYZ2t1FNvf8Ajym/3aSymkntEkkXazDOKW9/48pv92gDxq68Y33hrUZktAm1mJO5c0z/AIW5rX92H/v2K5zxd/yFJB/tVz/NfY5fleGqYWNScbtnnVcTOMuVHof/AAtzWv7sP/fsUf8AC3Na/uw/9+xXnlFeh/YuD/kMPrNXueh/8Lc1r+7D/wB+xR/wtzWv7sP/AH7FeeUUf2Lgv5A+s1e56H/wtzWv7sP/AH7FH/C3Na/uw/8AfsV55RR/YuC/kD6zV7nof/C3Na/uw/8AfsUf8Lc1r+7D/wB+xXnlFH9i4L+QPrNXueh/8Lc1r+7D/wB+xR/wtzWv7sP/AH7FeeUUf2Lgv5A+s1e56H/wtzWv7sP/AH7FH/C3Na/uw/8AfsV55RR/YuC/kD6zV7nof/C3Na/uw/8AfsUf8Lc1r+7D/wB+xXnlFH9i4L+QPrNXueh/8Lc1r+7D/wB+xR/wtzWv7sP/AH7FeeUUf2Lgv5A+s1e56H/wtzWv7sP/AH7FH/C3Na/uw/8AfsV55RR/YuC/kD6zV7nof/C3Na/uw/8AfsUf8Lc1r+7D/wB+xXnlFH9i4L+QPrNXueh/8Lc1r+7D/wB+xR/wtzWv7sP/AH7FeeUUf2Lgv5A+s1e56H/wtzWv7sP/AH7FH/C3Na/uw/8AfsV55RR/YuC/kD6zV7nof/C3Na/uw/8AfsUf8Lc1r+7D/wB+xXnlFH9i4L+QPrNXueh/8Lc1r+7D/wB+xR/wtzWv7sP/AH7FeeUUf2Lgv5A+s1e56H/wtzWv7sP/AH7FH/C3Na/uw/8AfsV55RR/YuC/kD6zV7nof/C3Na/uw/8AfsUf8Lc1r+7D/wB+xXnlFH9i4L+QPrNXueh/8Lc1r+7D/wB+xR/wtzWv7sP/AH7FeeUUf2Lgv5A+s1e56H/wtzWv7sP/AH7FH/C3Na/uw/8AfsV55RR/YuC/kD6zV7nof/C3Na/uw/8AfsUf8Lc1r+7D/wB+xXnlFH9i4L+QPrNXueh/8Lc1r+7D/wB+xR/wtzWv7sP/AH7FeeUd6TybBpaQGsTVXU9D/wCFua1/dh/79ivSvBev3PiDSFurkKHP90Yr5xOa93+Ff/ItJ+P868bOsvw+HoRnSjZ3OrDV5VJNM7yiiivmDtOb8UeMLXwxEDJBJcynpFERurE8PfFXTdb1IWM1nPYTN90TsOfyrc8UX+j6REt7qdssoBwCVBrzJr3SfGXjSyfSkjthCMtkAE4INAHpni7xja+ErJbme3kn3YwsZAJ5rmtN+Lceo3sduvh7UI95xvYrgVV+LcN21vZNbWc10sZBZY13dGqroHxC0/7fBaalob2LNgK8sQWgD1uN/MjV8EbgDg1x3i/4h2nhK7jtpLGe6lkxhYiPTPeuwikSWJXjIKMMjFeN/ESS9s/G9tfx6VcXsMewkJHuHAoA6vw98S01/UBaDRL22z/HIRitXWPGUOmXws4LKe9n27ikJGQK5vwl480vUtQ+x3GmfYLs/dWSMITS3H2nw/4xmv5bOa5hlRtpiXOM0AdboHii211JQsTwTQnEkUh+ZTjPNFr4ngvNck0yCCRzGcPKCNorzhNRudPvdQvEiMM1/LmOJhhtpGCSPauz8LnR9FtVim1C3N8/+t3P8xNAHY0UisGUMpyD0IpaACiiigAooooAKKKKACiiigAooooAKKKKACiiigAooooAKKKKACiiigAooooAKKKKACiiigAooooAKKKKACiiigAooooAKKKKACiiigAooooAKKKKACiiigAooooAKKKKACiiigAooooAKKKKACiiigAooooAKhmu7a3OJp44z/tMBU1Zep6DY6swa6iVyOmRQBzvxB1Gyk8L3Cpdwsdp4Dg9qs+B9Ssk8J2CvdwKwiXILipZfAOhToUls43U9itLF4D0KGMJHaRqo6ALQBc1e00/WLGRmeOYRoSACCM4zWV4CRV06QAdDxW5Z6DZ2FvLDbII1kBBwPbFLo2jRaNA0UcjOG7kYoA4TUG1dfH1x/ZdvbSt8uRM2O1dRps+tLI41y3sILcjqknX86vx6DFHrcmpiVjI+Mrjjireo6Zb6pB5NygdPQigDCvNJ8JPDK5t9PLkE5yM5/OuS8E6X4Zlk1D7Tb2JxcMF3kdK7E+B9FIwbVMf7tRxeANAg3eVZRLuOThetAF6L+xNKsbltOFrHtjZisRHOBXn2jmW/wBL1nVpC3lXEodQfTFd/b+EtKti2y3TDKVPHUGrkGh6fb6d9gitkW3xjYBxQBwnh2Lwk+jQm6063eXnczJz1qraLpX/AAsG3TS4EgQsMhBjtXfQ+FtEgjCJp0IA9qWDwzpFrfreQWUUc68hlHNAFC48HrcSs51S7Xcc4BGK4bVfCyx+Nre3/tG5IKL8xIzXr9Yt34chu9bj1NpmEiAAKAMcUAZreCRsIXV7wHHqK4RdJh0fxRcRSSTTbo5N7gZY8da9nrmNQ8Hream1/FqE1tK2QTGo6HqKAPEH1DSo9fggF1qghjyrHyuRmu8eOGJ/DqQGQx73IMgw1dnD4F0dISJYFmnblpmX5ifWoI/AwGsQX02q3E0cBzHbuo2rQB1cX+pT/dFR3v8Ax5Tf7tTAbVAHQDFQ3v8Ax5S/7tAHzr4u/wCQtJ9a56u01zQr/VtTla0i3gMc81mf8IRrv/PqPzr7nLMbh44WMJzV13Z5delOVVtI56iui/4QjXf+fUfnR/whGuf8+o/OvQ/tDCf8/F95iqNTsznaK6L/AIQjXP8An1H50f8ACEa5/wA+o/Oj+0MJ/wA/F94exqdmc7RXRf8ACEa5/wA+o/Oj/hCNc/59R+dH9oYT/n4vvD2NTsznaK6L/hCNc/59R+dH/CEa5/z6j86P7Qwn/PxfeHsanZnO0V0X/CEa5/z6j86P+EI1z/n1H50f2hhP+fi+8PY1OzOdorov+EI1z/n1H50f8IRrn/PqPzo/tDCf8/F94exqdmc7RXRf8IRrn/PqPzo/4QjXP+fUfnR/aGE/5+L7w9jU7M52iui/4QjXP+fUfnR/whGuf8+o/Oj+0MJ/z8X3h7Gp2ZztFdF/whGuf8+o/Oj/AIQjXP8An1H50f2hhP8An4vvD2NTsznaK6L/AIQjXP8An1H50f8ACEa5/wA+o/Oj+0MJ/wA/F94exqdmc7RXRf8ACEa5/wA+o/Oj/hCNc/59R+dH9oYT/n4vvD2NTsznaK6L/hCNc/59R+dH/CEa5/z6j86P7Qwn/PxfeHsanZnO0V0X/CEa5/z6j86P+EI1z/n1H50f2hhP+fi+8PY1OzOdorov+EI1z/n1H50f8IRrn/PqPzo/tDCf8/F94exqdmc7RXRf8IRrn/PqPzo/4QjXP+fUfnR/aGE/5+L7w9jU7M52iui/4QjXP+fUfnR/whGuf8+o/Oj+0MJ/z8X3h7Gp2ZztFdF/whGuf8+o/Oj/AIQjXP8An1H50f2hhP8An4vvD2NTsznaK6L/AIQjXP8An1H50f8ACEa5/wA+o/Oj+0MJ/wA/F94exqdmc7RXRf8ACEa5/wA+o/Oj/hCNc/59R+dH9oYT/n4vvD2NTsznaK6L/hCNc/59R+dH/CEa7/z6j86P7Qwn/PxfeHsanZnO17t8K/8AkWk/H+deVf8ACEa7/wA+o/OvYPh3pl1pmgrDdJsfnivDz7FUauHUKck9eh1YSnOM25I7Giiivkj0DlfEWu+HYrtdP1qJGBG4eavy/nXm3iOTQ5Ne0/8A4RSMR3W9dxtl+XbuGcke1er654S0XxFj+07GKcjoXGah0TwP4f8AD8pl07ToYXP8SjFACah4m07Q0todVk2PIudx6fnXnfxB1vRvEJtbPSoxcXrN8rxru28+or0zXvCmj+JFUanZx3AXgbxnFVdF8B+HdBnM2n6bBDIf4lXBoAsWOoW+labZW95KscrqFAJxk4qvf+MtDsdQNneTLHIED5fABBrR1Hw/puqzwTXdskrwHdGWHQ1m6x4B8O67Os2oadDM6qFBZc8CgDzjWb3T/Efj6wbRIN7ROrSTIvGB7167qN5BpumvcXJGEXPPc1U0Pwno3h1Cum2MUGTn5Bir+o6Za6pb+RdxLJHnOGFAHmMNld64l74jmVtihhap6IR1/MVBDa6TL4ES7cxnVCQWc48zOa9Yt7C2trJbOKJVgVdoQdMVjf8ACFaH9oM32KLJOcYoAm8JNcP4etzdEmTHU9a3KbHGkUYRFCqBgAU6gAooooAKKKKACiiigAooooAKKKKACiiigAooooAKKKKACiiigAooooAKKKKACiiigAooooAKKKKACiiigAooooAKKKKACiiigAooooAKKKKACiiigAooooAKKKKACiiigAooooAKKKKACiiigAooooAKKKKACiiigAooooAKKKKACiiigAooooAKKKKACiiigAooooAKKKKACiiigAqC9/48pv8AdpL3z/sUv2b/AF235PrXFXR8X+XJuJ8vv8o6U0rgXPBwBuLvIH+sauw2r/dH5VxfgfzN0/m/f3Hd9a7WlawMTav90flRtX+6PypaKAE2r/dH5UbV/uj8qWigBNq/3R+VG1f7o/KlooATav8AdH5UbV/uj8qWigBNq/3R+VG1f7o/KlooATav90flRtX+6PypaKAE2r/dH5UbV/uj8qWigBNq/wB0flRtX+6PypaKAE2r/dH5UbV/uj8qWigBNq/3R+VG1f7o/KlooATav90flRtX+6PypaKAE2r/AHR+VG1f7o/KlooATav90flRtX+6PypaKAE2r/dH5UbV/uj8qWigBNq/3R+VG1f7o/KlooATav8AdH5UbV/uj8qWigBNq/3R+VG1f7o/KlooATav90flRtX+6PypaKAE2r/dH5UbV/uj8qWigBNq/wB0flRtX+6PypaKAE2r/dH5UoAHSiigAooooAKKKKACiiigAooooAKKKKACiiigAooooAKKKKACiiigAooooAKKKKACiiigAooooAKKKKACiiigAooooAKKKKACiiigAooooAKKKKACiiigAooooAKKKKACiiigAooooAKKKKACiiigAooooAKKKKACiiigAooooAKKKKACiiigAooooAKKKKACiiigAooooAKKKKACiiigAoorn/F+oalpeiS3emtEssYJPmrkUAdBRXlsniTxpDJZb7nTityQOIumRV7TNW8Z6xcTpbXOnoIXKHfF1IoA9EorifC/iDWrrW7vTtXe3cwFhuhTaOBVG58RXEvjSTyi72loWSREPUnpQB6JRXmvijxbqBjin0qzuN8Z5UjOa6DSfGH21IYpLC4jmYAEsBgGgDqqK8+1HWPF0WvSWUFzYRQ7A0Zki657VjQeK/G0+m3l4LjTgts7IR5PXFAHrVFeV2/inxg5si1zp7m4CsY1i+YKa6DU/F2o6VE7TaZOwQ7TIq/KT60AdpRXGaXfeJ9UthqAns0sXQsEMfzjj1p3gbUbm++1/aHLFTx+dAHY1Be/8eUv+7U9QXv/AB5Tf7tAHK+DTm5u/wDro1djXz5r+r3unapKttM0YLH7pIrK/wCEr1j/AJ/JP++jXs4fJK9emqkGrM554mEXyvc+mKK+Zv8AhK9Z/wCfyT/vo0f8JVrP/P5J/wB9Gt/9XcV3Rn9dh2Ppmivmb/hKtZ/5/JP++jR/wlWs/wDP5J/30aP9XcV3QfXYdj6Zor5m/wCEq1n/AJ/JP++jR/wlWs/8/kn/AH0aP9XcV3QfXYdj6Zor5m/4SrWf+fyT/vo0f8JVrP8Az+Sf99Gj/V3Fd0H12HY+maK+Zv8AhKtZ/wCfyT/vo0f8JVrP/P5J/wB9Gj/V3Fd0H12HY+maK+Zv+Eq1n/n8k/76NH/CVaz/AM/kn/fRo/1dxXdB9dh2Ppmivmb/AISrWf8An8k/76NH/CVaz/z+Sf8AfRo/1dxXdB9dh2Ppmivmb/hKtZ/5/JP++jR/wlWs/wDP5J/30aP9XcV3QfXYdj6Zor5m/wCEq1n/AJ/JP++jR/wlWs/8/kn/AH0aP9XcV3QfXYdj6Zor5m/4SrWf+fyT/vo0f8JVrP8Az+Sf99Gj/V3Fd0H12HY+maK+Zv8AhKtZ/wCfyT/vo0f8JVrP/P5J/wB9Gj/V3Fd0H12HY+maK+Zv+Eq1n/n8k/76NH/CVaz/AM/kn/fRo/1dxXdB9dh2Ppmivmb/AISrWf8An8k/76NH/CVaz/z+Sf8AfRo/1dxXdB9dh2Ppmivmb/hKtZ/5/JP++jR/wlWs/wDP5J/30aP9XcV3QfXYdj6Zor5m/wCEq1n/AJ/JP++jR/wlWs/8/kn/AH0aP9XcV3QfXYdj6Zor5m/4SrWf+fyT/vo0f8JVrP8Az+Sf99Gj/V3Fd0H12HY+maK+Zv8AhKtZ/wCfyT/vo0v/AAlWs/8AP5J/30aP9XMV3Q1jIM+mKK+Zx4r1j/n8k/77Nel/CnVrzU5b4XUzSBUBG45xzXJi8or4Wn7SbVjSniI1HZHptFFFeUbhRWD4p1a+0rTTJp9q09wxCqAucE9zXnJ+IHjPQ72Btfs4/skjBcxw7SCTgc0AeyUVzPiLxdb6J4d/tPaWZwNiDqSa88PxC8cWsQ1K6sE/s3OSBDhsfWgD2mis3QtWi1vSYb2L7rjkeh71yni7VPGlpqITQoYXt9o5eLcc0Ad7RXiF/wCO/iJpU0CXcFqPNcKB5GDzXY3vizWEi0+wt0jXVbmMSMXT5V5weKAO+oridJ8Satb68dJ1zyXlYEo8KbVwOtWJfEt7eeJF0/TAhgiOJ3Zc/TFAHXUVX+04wD171JHKr8CgCSiiigAooooAKKKKACiiigAooooAKKKKACiiigAooooAKKKKACiiigAooooAKKKKACiiigAooooAKKKKACiiigAooooAKKKKACiiigAooooAKKKKACiiigAooooAKKKKACiiigAooooAKKKKACiiigAooooAKKKKACiiigAooooAKKKKACiiigAooooAK5nx7/yKV91/1Z6da6aub8bR3E/h+a3to98sqlVFAHlGnGM6vpgQ6lnev/HwPk6dq6nQfEY0XUr+OXTb2bdMxDRREisnUofECXelRapHBawRuuHhky2Md667QJ7vUdQuDa5S2RCm7puf1oA53SNTubnWtXvLayuI2kLqqyIQRlaq+BNOvWuNbW9Ym6d9zc9DtrtPD2oNHql3YX8Spd5JRx/GoHJzWPpGowab4p1uW4WQp5+PkXJ6UAavgmWOewmtbpFe4t87yw5rP0aOXUvHF3NExFrAFKqOmehrJl1yPSdV1PUbSK5aK4xhPKPp6VpeAdbs7WwxPFci6mds5iPTORQBm+NJrux1iESiSWUtmMQ8n2rnYRfw2VxarYal5c7Mzfuz1NdL8QZB/wAJVp7i5uLcFlO+Bct0pwuFx/yMGt/9+qAMLQDdDV4baOKeO6SLEf2kY4rqfEtz4pGgPFcRWuwEAkZrE0qQP8QLY/bry6Hkn5rldpHNdb4v1j7fJHodgpknaRWcgcKAeeaAMzQLrxRF4XiSOC1MYiOCc5xWX4Fu/ESvd/Z4bcgt827PrXqFvaCy0X7OOiREfpXJ/Dvrff739aAO1tWma3UzgCTuB0pL3/jyl/3anqC9/wCPKX/doA+dPF3/ACF5Pqa5+ug8Xf8AIXk+prn6/Q8o/wB0pnj4j+Mwooor0jAKKKKACiiigAooooAKKKKACiiigAooooAKKKKACiiigAooooAKKKKACiiigAooooAKKKKACiiigAooooAKO1FHamCCvV/g1/rtQ/65j+deUV6v8Gv9dqH/AFzH868TPv8Ac36nTg/jPW6KKK+EPWMzXryaw0uS5ggM8ichAuSa8X1rxbqHiO8s7XWtNms7QOpLtGV5Dcda9T8X+J7nwzClwlm1xBkB9ilmH4CvOfEXjX/hOYItL07SbnzWkU754GQKAeeTQBpfEFoZP7FtomDWrd+x5rutcs7d/B8sLKvl+SP5Vx/izwner4KsvIBku7IA49ecmsO6+It7rOhjRLfTLpb518sloHCjHvigDsvhQ7Hwqyk5VbiQD/vqu6d1jQuxwoGSa4jSmTwF4Ph+0RSyszNIwjQscnntV7xPrMh8GzXdrFLvliJVdh3Dj0oA5mx8zxf44kncE2VmSoz03A1s+KdDu31i21bS9huIV2bX6YJ5qX4faU9h4bEzqRNcnzW3DByRW1fXQs7WSdgzbFJwBk0Aeb65cX9pqH9o35j+2tlYo4j0U8E4q3oviCw8PwNG8Fxc3LczSxLuA+ppNJ0+58S6jda1eIyxgMLaNhjgj0PTmqWkXaaRDqFle2s5mfgFIiwP40Aej6dqNvqlotzbNuRv0q6rFWyK534e6VLY+HgJ1Kl3Zgp7AnNdE6lWINAFyKQOPepKoRvsbNXVYMMigB1FFFABRRRQAUUUUAFFFFABRRRQAUUUUAFFFFABRRRQAUUUUAFFFFABRRRQAUUUUAFFFFABRRRQAUUUUAFFFFABRRRQAUUUUAFFFFABRRRQAUUUUAFFFFABRRRQAUUUUAFFFFABRRRQAUUUUAFFFFABRRRQAUUUUAFFFFABRRRQAUUUUAFFFFABRRRQBRvtIsNTx9stkmx03VNaWVtYReVbRLGnotWKKAKj6ZZyXi3bwIZ1UqH7gGo00XTknlnW1QSSnc7f3jV+igCp/Zln/wA+6Uq6daIwZYFBFWqKAKF1ounXtylxcWsckqY2seoqT+zLL/n3SrdFAGd/YOmfaxdfY4/PC7Q/fFOtdG0+yupbm3tUjmlOXcdSav0UAIyhlKkZBGCKq2WmWen7/skCRb/vbe9W6KACoL3/AI8pf92pJpUgiaWQ4RRkmsS78S6U1tKguRuxjGKAPNJ/Btx4l1GeSFyoViO1H/Co7/8A57H8xXb+C3Ek1y6nKlyRXZV6NHNcVRgoQlZIxlh6cnzNHi3/AAqO/wD+ex/MUf8ACo7/AP57H8xXtNFaf21jf5/wRP1Wl2PFv+FR3/8Az2P5ij/hUd//AM9j+Yr2mij+2sb/AD/gg+q0ux4t/wAKjv8A/nsfzFH/AAqO/wD+ex/MV7TRR/bWN/n/AAQfVaXY8W/4VHf/APPY/mKP+FR3/wDz2P5ivaaKP7axv8/4IPqtLseLf8Kjv/8AnsfzFH/Co7//AJ7H8xXtNFH9tY3+f8EH1Wl2PFv+FR3/APz2P5ij/hUd/wD89j+Yr2mij+2sb/P+CD6rS7Hi3/Co7/8A57H8xR/wqO//AOex/MV7TRR/bWN/n/BB9Vpdjxb/AIVHf/8APY/mKP8AhUd//wA9j+Yr2mij+2sb/P8Agg+q0ux4t/wqO/8A+ex/MUf8Kjv/APnsfzFe00Uf21jf5/wQfVaXY8W/4VHf/wDPY/mKP+FR3/8Az2P5ivaaKP7axv8AP+CD6rS7Hi3/AAqO/wD+ex/MUf8ACo7/AP57H8xXtNFH9tY3+f8ABB9Vpdjxb/hUd/8A89j+Yo/4VHf/APPY/mK9poo/trG/z/gg+q0ux4t/wqO//wCex/MUf8Kjv/8AnsfzFe00Uf21jf5/wQfVaXY8W/4VHf8A/PY/mKP+FR3/APz2P5ivaaKP7axv8/4IPqtLseLf8Kjv/wDnsfzFH/Co7/8A57H8xXtNFH9tY3+f8EH1Wl2PFv8AhUd//wA9j+Yo/wCFR3//AD2P5ivaaKP7axv8/wCCD6rS7Hi3/Co7/wD57H8xR/wqO/8A+ex/MV7TRR/beN/n/BB9Vpdjxb/hUd//AM9j+YrtPAnhCfww9y0z7vNUAdPWu1orHEZlicRDkqSui4UIQd4oKKKK4DUZJEkybZFDL6GoorK2hbdHEqn1FWKKAEIBGCOKgSxtkk3rCob1qxRQAySKOVdrqGHoaRoY2j2MoK+lSE4GTVaafstACtIkabEGAOMVUdRICGGQe1O5Y1PHb55NAFVI0jUKigKOwp8dtbySZkiUt6mpJYih46VEDg0AXyVjTjgDtVOV97Uhdm6mpYYSxyelAEFSwyFWwTxUssGRlarEYNAGiDkZFFVYJcHaatUAFFFFABRRRQAUUUUAFFFFABRRRQAUUUUAFFFFABRRRQAUUUUAFFFFABRRRQAUUUUAFFFFABRRRQAUUUUAFFFFABRRRQAUUUUAFFFFABRRRQAUUUUAFFFFABRRRQAUUUUAFFFFABRRRQAUUUUAFFFFABRRRQAUUUUAFFFFABRRRQAUUUUAFFFFABRSMyopZjhR1NQW19a3m77POkm04O09DQBYooqOaaOCMvK4RR3NAElFVm1C0SNZGnQI33TnrVgEMAQcg0ALRRWedasl1L7A0qifGQpPNAGhRRUU9zDax+ZPIsaZxk0AS0VXe+tY4lledAjdGJ61OrBlBByDQBHc28d3bvBKCY3GGAOK5+68IaQltK6wvuAz9810tQXv/HlL/u0Acp4KjEUtyijCq5Arsq810fxPp+h3lyl5IFLOSMnFbf8AwsfQf+fhf++q0jRqSV1F29CeZXtc6+iuQ/4WPoP/AD8L/wB9Uf8ACx9B/wCfhf8Avqq+rVv5H9wc8e519Fch/wALH0H/AJ+F/wC+qP8AhY+g/wDPwv8A31T+rVv5H9wc8e519Fch/wALH0H/AJ+F/wC+qP8AhY+g/wDPwv8A31R9WrfyP7g549zr6K5D/hY+g/8APwv/AH1R/wALH0H/AJ+F/wC+qPq1b+R/cHPHudfRXIf8LH0H/n4X/vqj/hY+g/8APwv/AH1R9WrfyP7g549zr6K5D/hY+g/8/C/99Uf8LH0H/n4X/vqj6tW/kf3Bzx7nX0VyH/Cx9B/5+F/76o/4WPoP/Pwv/fVH1at/I/uDnj3OvorkP+Fj6D/z8L/31R/wsfQf+fhf++qPq1b+R/cHPHudfRXIf8LH0H/n4X/vqj/hY+g/8/C/99UfVq38j+4OePc6+iuQ/wCFj6D/AM/C/wDfVH/Cx9B/5+F/76o+rVv5H9wc8e519Fch/wALH0H/AJ+F/wC+qP8AhY+g/wDPwv8A31R9WrfyP7g549zr6K5D/hY+g/8APwv/AH1R/wALH0H/AJ+F/wC+qPq1b+R/cHPHudfRXIf8LG0L/n4X/vquos7qK+tIrmE5jkXcp9qznSnD4k0NST2J6KKKgYUVRvNZ07T3CXd5FCx7MasW11BeQia3lWSM9GXpQBNRVK91aw04gXl1HCT03mpbS9tr6LzbWZZU/vLQBYoopskiRIXdgqjqTQA6io4LiK5jEkMgdD3FVLvWtNsJfKuryKJ/7rGgC/RTI5EljEiMGQjIIqOG9tp5WjimV3Xqo7UAT0UU13CDJoAUkAZNN85M4zVaScvwOlQ0AaDAOhAPWqToUbmpIJcHaTxU8iB0oApo21gavI4ZciqDAqcUquyjAoAnnlH3RVanKpdqsi3GzHegCqDg1dikDrxVN12tg0K5Q5FAFySVU471TdtzE0jMWOTUsUBfk9KAGxIWbiro4HNMysK4qvJOWPHSgC5RUUUocY71LQAUUUUAFFFFABRRRQAUUUUAFFFFABRRRQAUUUUAFFFFABRRRQAUUUUAFFFFABRRRQAUUUUAFFFFABRRRQAUUUUAFFFFABRRRQAUUUUAFFFFABRRRQAUUUUAFFFFABRRRQAUUUUAFFFFABRRRQAUUUUAFFFFABRRRQAUUUUAFFFFABUVxcwWkRknlWNB1ZjgVLVDVdLh1SBY52bYpyVHQ/WgDj9X1q98SStp+lKyWp+WS47Y74NZ+n6VP4VuPtel3T31v0nTcXIbvWh4Tui1vqVskaxxxM4AX2OKxvCviiPT31K3ksbuYG4bJjiLCgD0Gz8QWl/YPPBIPNRCxiz8wIHQ1y2seIhrHhG5dSY5o5FDL0INbelabYX7nULa3ltSwIaMpt3Z9RXnniKGfSNU1O28tvIupg6kDgYoAt6rPKPC2ksJGBJ5Ofeu0l8QvFfWOl267pZVUM3ULx3rhNabZ4P0tvQE/rW/4Ggn1LV59WnjZU8tFjDDHI4oATxFfeLdHmgZZrQxTSFc7TwKjufC/iLUZ4NUe7tFkQBwy5GR712viDShq+lS24x5hU7D6GvP18c/ZrF9AlO3UMmFPTHQGgCzoWo+L9W1G5hE1n5UEhQttPOKl8T6i+panp/hz7Qv2hsSylDjlW5rpPDOjSaZoj8qbmcb2OeN2K4V9JfRviDDqN85eaWKRyFOcdOBQBu/EL/QNGtUjkKKrLzn3p1x4vmkltNN0YCecgCRsbgvHeuM+I3iWbxCsFha208VsWAeZkI79jXonhrQtN8L6Il05BfYC8z9fzoA6mEuYEMn39o3fWmXv/HlL/u063uI7qESxMGQ9CKbe/8AHlN/u0AfOvi7/kLSfWud5rofF3GrSfWufr9CymP+xwujyK91WYUYoor0rIwvIMUYooosF5BijFFFFgvIMUYooosF5BijFFFFgvIMUYooosF5BijFFFFgvIMUYooosF5BijFFFFgvIMUYooosF5BijFFFFgvIMUYooosF5AOtfS/hH/kVNN/64LXzR3r6X8If8ippv/XFa+Y4kS9nC3dndgm23c26bIGMbBfvEcU6kdgiFmOABk18kegedXfwyi1q7mu9Wv7rceVEUpAFZHw+N1pPizUNEiuJLi0iQMrOxbBLGuh1fxHf63eHStAUHnEszcAfQ1seF/CsHh6B5HYyXUnMkjdeuetAGFqHw3XxBqEt1q19chSTsWKQgAVz/g6Gfw747m0a2upbiz2lvnYtiup1zxPd392dJ0FA8+cSSH7qj6+tX/C/hJNFZ7u5cy3spy7nnGewNAHUnpXk3xB0vxJd/bLr7b5FlC2I1jYqSPevWa5rx5/yKd19RQBm/DuWX/hB4XZmeQK3JOSawtCgtNUbU59WmIn5G12+6AeCK6H4ZDPg62H1/nVnW/DOlDz9Qmla3Xb+8CYAI96AOQ0TxHc2Hhq4g3tJPJPJHb5OT14/Su28I6O+naf51wzNcTne249M9q81WVw0mrpBtt0JjtkIwN6/xfiK3bnU9Y0SOxvnuDIly6hkLZAB9KAPTJJQn1qrJIXPtVeC4N1bxzHjeM1IOtAABmnmNgucVYhiAGTzUxAIxQBndDVqCXPymoZYyjH0pikqcigC3NEGGR1qn0q7FKHGDUU0OPmFADbdgGwatkgDJNZ/Q05pWYYoAfOys3FQgZOBTlQucCrMUITlutADI4OhapXkWMYFJLMFGBVQkk5NACu5c80gUscCnJGXPFW0iVPrQA2GLYMnrU1IzBRk1WNwd/tQBaopFO4ZFLQAUUUUAFFFFABRRRQAUUUUAFFFFABRRRQAUUUUAFFFFABRRRQAUUUUAFFFFABRRRQAUUUUAFFFFABRRRQAUUUUAFFFFABRRRQAUUUUAFFFFABRRRQAUUUUAFFFFABRRRQAUUUUAFFFFABRRRQAUUUUAFFFFABRRRQAUUUUAFU9TuJ7WzeS3iEkgHCnvVyigDyfRP8AhIdMa+L6dEfPZiPmPc59Ks+GbjX9FW6EmmxHzZS4+Y9/wr07A9BRgegoA5y01zVJonaSwRCvQAnmuZ8S3Os6zprwppMIlJBDbjXpWB6UmB6CgDxi9sPEV1o1lZDToswdfnPPP0rtNN1jVbaKKAaVEgCgHBNdngegowPQUAchJN4k1iQxRxpaQHgyo/zD6A1G3w30uZDNOxk1Aji7ZRvU12lFAHEQReJtAKwjbfWwOBJLJ82PoKi1KKW98XaXLNbna1u+8AEgHNd5SbRnOBmgDjfG2gTXekRppsCBo2U7M4HXNZGrza/rGhf2SthHHvAUtuPGK9KpMD0FAFDRbE6dpMFsfvKoz9cVZvf+PKb/AHanqC9/48pf92gD528WoW1WQgZ5Nc/sf+6fyr27w/oGmatd3T31qkzBzgtXRf8ACE+Hf+gZFX0eEz5YekqfJexxVMJzy5rnzfsf+635UbH/ALrflX0h/wAIT4e/6BkVH/CE+Hv+gZFXT/rKv5PxM/qL7nzfsf8Aut+VGx/7rflX0h/whPh7/oGRUf8ACE+Hv+gZFR/rKv5PxD6i+5837H/ut+VGx/7rflX0h/whPh7/AKBkVH/CE+Hv+gZFR/rKv5PxD6i+5837H/ut+VGx/wC635V9If8ACE+Hv+gZFR/whPh7/oGRUf6yr+T8Q+ovufN+x/7rflRsf+635V9If8IT4e/6BkVH/CE+Hv8AoGRUf6yr+T8Q+ovufN+x/wC635UbH/ut+VfSH/CE+Hv+gZFR/wAIT4e/6BkVH+sq/k/EPqL7nzfsf+635UbH/ut+VfSH/CE+Hv8AoGRUf8IT4e/6BkVH+sq/k/EPqL7nzfsf+635UbH/ALrflX0h/wAIT4e/6BkVH/CE+Hv+gZFR/rKv5PxD6i+5837H/ut+VGx/7rflX0h/whPh7/oGRUf8IT4e/wCgZFR/rKv5PxD6i+5837H/ALrflRsf+635V9If8IT4e/6BkVH/AAhPh7/oGRUf6yr+T8Q+ovufN+x/7rflRsf+635V9If8IT4e/wCgZFR/whPh7/oGRUf6yr+T8Q+ovufN+x/7rflRsf8Aut+VfSH/AAhPh7/oGRUf8IT4e/6BkVH+sq/k/EPqL7nzdtbP3W/Kvpbwjx4U03/ritR/8IV4e/6BsVbVvbxWtukEKBI0GFUdhXlZnmn11RSjax00KHsiWq97C1xZyxIcM6kA1YoryDoPF4Phz400+4mbTtbmgjkYnCSKO/0rovDfhrxjZXjPqutT3MJAG1pAf6V6NRQB4y3w58YWepXNxpmszW6TOzYSRR1OfStzw94Z8a2WoiXUtcnngx9xpFI/lXpVFAHO6Ppus22s3U97evLauxMcbMCFGKu+I9MfWNGms0OGfHNatFAGF4T0STQNDisZG3Mmec1X8V6He69DFaRS+XbMSJsHqPpXSFgvU0gdW6GgDntT8K2954dXTYf3RjX5WUfxYxmue/4RLWbxraDUHUWtswKlXBLY9RXolBGRigDMhh8uJY0HCjApelaARV6Cq08eGyOlABDKQQp6VbrN6VN552Y70ATTsu0g8mqdKSScmnJGX6UAIjbWBq6rCRaospU4NPikKN7UALNEVYkdKakbOeKu8OtJ8sa+lACIixioZps8LTJZS546VFQAdakij3tgmo6khba9AFxECDApJJAg96ZLMFHHWqrMWPJoAV5GY9aZUscRc89KSWPY1AEkEuDtNWqzgcHNX4zlBQA6iiigAooooAKKKKACiiigAooooAKKKKACiiigAooooAKKKKACiiigAooooAKKKKACiiigAooooAKKKKACiiigAooooAKKKKACiiigAooooAKKKKACiiigAooooAKKKKACiiigAooooAKKKKACiiigAooooAKKKKACiiigAooooAKKKKACiiigAooooAKKKKACiiigAooooAgvLkWlpLcMMhBnFcjc+OIpIpIhatyMZrtGUMpVgCD1Bqle2luLOUiCMHb/AHBQBzPgiQSvcSAY3OTiu0rj/BoxcXQGMeYa7CgAooooAKKKKACiiigAooooAKKKKACiiigAooooAKKKKACiiigAooooAKKKKACiiigAooooAKKKKACiiigAooooAKY8gQUyWYIMDrVRmLHJNADnkLnrSKxU9aaAT0ooAvxyBxT6z0co2avKwZc0AOpCARg0tFAFGaPY3HSo60HQOuDVKRCjYNACxR7zVxECDAqijFWyKvIwZQaAIp4t3zCqnQ1onGOapTFS/wAtADoZSpwelWJE8xeKo1ahmyNpoAr7Dv245qzHABy1TbRnOOaWgCjMu16jqzcjkGq4GTgUAHJNTww5OTT4YQBkjmp6AEAAHFQXPQVYqrctk4oAr1eh/wBWKo1ehGIxQBJRRRQAUUUUAFFFFABRRRQAUUUUAFFFFABRRRQAUUUUAFFFFABRRRQAUUUUAFFFFABRRRQAUUUUAFFFFABRRRQAUUUUAFFFFABRRRQAUUUUAFFFFABRRRQAUUUUAFFFFABRRRQAUUUUAFFFFABRRRQAVka5ra6LFFLJEzRs2GYdFHqa165Xxfr9hpsBttQsbiaGQYLxpkCgC3d+KYraKOSO0mnSRQwaPGOazbr4hWllH5l1YXESf3mIrlfFGuyR21vpmlGOJZYg6vLwQCK4jTr/AFa6vZE1Ce0lS1BG1jkNigD3IeLtN/sMarJIIYWXcm89ay4fiToUmjC9N7Er/wDPMtzWPD4i0y88CzXGoWMZhjKxBIkGASDjFeWNf6fHcx2Kac/2Zskkp83FAHt8nj7Tzoy39u4myeUQ8iukfU7WDT0vLqVYYmQOWc8DIrxW+ittR8LwnSYzBGp+YMME81JqupahbtPpl9Kr28dsjDnPUUAetW/inQrqZYYNUt5JGOFVW5NaV1OLa0lnxkIpbivHNXl0xrjRhpiRRzlk3GMAEnFbi/2lqunX3k3hHlBlZWbnigDudF1hdXtHnVCu04waop4qiGry6fNbyI4yUJx84HpXIeEbHUoNDvp2ufkVG4Dd9pqF76WDwNa6h8jXZKL50nUAnnmgDsH8YhHK/wBlXRx3GKLXxra3GowWUlrNBLM21PMI5Ncdqk91p+mLeJf20j5X5Q+etXNXZT4n8NTFVUtJkkD/AGaAOw1vxCmkXdlA0bMbmTYCO3Ga2POQQiVyFXGST2rzPxzrtk2q6OEmTdHcZPPTilk1YatKsN7qsMMY6LDJgkUAd1aeILK+vntbaQSFM7mU8A+lU7PxRFea9caasbfuCVZu2QKo2d9oWmWLxWUsXnFThyRkn3ryy5thB4vE8+qSI10xkfyJMDqBQB7De+KhaXDRDTriXH8S4wagXxkGYL/ZV2M/SuMTUJLnxA+n297GLeM4Dyvyfxqzf3F1pV7abLy3mDtgqGyaAPToJfPhWTaVyM4NMvf+PKb/AHafbndbRN6oD+lMvf8Ajym/3aAPJk8aDwxf3EbQtJucnjFWf+Fwx/8APpJ+lcL4u/5C0n1Nc9X12X5Pha+HjUknqedVxU4Ssj1r/hcKf8+kn6Uf8LhT/n0k/IV5LRXb/YGD7P7zP67M9a/4XCn/AD6SfkKP+Fwp/wA+kn5CvJaKP7AwfZ/eH12Z61/wuFP+fST8hR/wuFP+fST8hXktFH9gYPs/vD67M9a/4XCn/PpJ+Qo/4XCn/PpJ+QryWij+wMH2f3h9dmetf8LhT/n0k/IUf8LhT/n0k/IV5LRR/YGD7P7w+uzPWv8AhcKf8+kn5Cj/AIXCn/PpJ+QryWij+wMH2f3h9dmetf8AC4U/59JPyFH/AAuFP+fST8hXktFH9gYPs/vD67M9a/4XCn/PpJ+Qo/4XCn/PpJ+QryWij+wMH2f3h9dmetf8LhT/AJ9JPyFH/C4U/wCfST8hXktFH9gYPs/vD67M9a/4XDH/AM+kn6Uf8Lhj/wCfST9K8lopf2Bg+z+8Prsz3nwr8QE8R6kLQQOhOeTiu5rwr4U/8jKv0P8AKvda+UzPDww+IdOGyPQozc4KTCkZlRSzHAHU0tZ+s6e2qaZNaJK8RkUrvQ4IrgNShJ4y0VNSSwS8jlnY42q3INbc08cEDTSuFRRkk9hXiF/4Yt/Dnj3To4pZJHbYWZzkk5r1PxdazXfhe5ihco3lk5B7YoAxLj4seG7e+Nt9oVsNt3hxiuysL+21K0S6tZVkicZDKcivEdCl8H23g9rXUEtzqITaxcDfuwa9A+GNnLaeGY98haNh8gJ6CgDpta1q10LT5Ly7bESDJ5xXHRfGDw7LMsasck4HzipPizu/4RKYLG0mRyqjOa5bw54t8E7LWzudCWCfAUyzQgDOPWgD1O816ysdMjvpnCxyAFAT97jpWVZ+NLLULkWwVoHYZUOeorn/AB1m4h0ue2UPZRzBmVBxtxWJrN3b3OpWdxZR7FgUM7gcYHUUAegarrlrpZjE7ZeRgFUHk5OK0oAZ0VgCAfWvPdGMWt662rajKq26ErArngg9DXp1s0Twq0LKyEcEUALHCFHNRzw4+YVZpCARg0AZ1SxSlD7UTRFDkdKioA0QcjNLUNu2VxU1ABUU0e9fcVLRQBnEYODT45Sh9qmnjyMgVVoAmedm4HSoetFWoYeNxoArlGAyRTQcGtB0DLiqUiFDzQBahkDrjvUtZ6sVORV2N965oAbMhccUscQUdOakooAKKKjlk2LQAskgRevNUWJY5NKzFjk00DJoAdGu5gKvqMKBUUMW0ZPWpqACiiigAooooAKKKKACiiigAooooAKKKKACiiigAooooAKKKKACiiigAooooAKKKKACiiigAooooAKKKKACiiigAooooAKKKKACiiigAooooAKKKKACiiigAooooAKKKKACiiigAooooAKKKKACiiigArkPiLIieGpQzqpIOMmuvrmfEPhX/hIrtRczsLVQP3eAQT3oA87ura6vNY05bK1t7l/skfyznC1l2VjqUOpaqJNO0pSN4IkkwBx2rv4/Buo2F1vtJi+0bUdiAVXsKr3Xge8vWdrmCKQudzFm6mgDE0SC5/4QS6AsoZj5qHZ1XoelcRcXWoL4jt86dGrAMAmDg17JZ+H9WsNN+x2xEUa4CorcAVRPgC81C/F3d6hLBKn3THg0Ac/aiSezsLVrWOBpmPypVHxMUGv6kJY9yx2keQBnNdtD4JvrS5M41GW5dP8AVGTAwas6P4M2391e6vi5edAhV+RgGgDiJrnSbjVtCSysXhkEibmMRXPFdvLoLabcX17FIBbywNuTP8R9q6JtC0xnidrKItEQYzj7uKzdX8M3GqyErq9zbxEYMSKCCKAMnw4c+EtRI6bG/wDQTXK32z/hWVr5gYpujyFGT96vS7PQobDRJNOhYkNGVL4wScYzVbSfDNta6JFp15GtwiAcP6igDzfWv7Jn0NEtLW8M+VxmA461uaon/FR+GFZf+WgyD/u13d3pqfZGS0iVJAPlI4xXOWvhfULjXrbUNRuGcWzbo1JBFAGT430fTl1bRiLOIb7nDcdeKg8U+GtPs7i01WytYHMe3zYlGTtHtW1478O6prstgNOfyvKl3GQNgrx2rW0PwyunwZvLh7ydl2s8gGcenFAEWjWvh3V7JLiCxtwxHzKV5U/SuD8Y6NBf+KIItLtIw9ujM4UcHBziuzvvCEsF0bnRbp7MucvHHgBj681c0Dw2dNkubm5lMt1O2S7dRxigDhx9hM1hPPpqQCVT5rBCCp7VdlgsP+EptLO0t0nVTmR2H3eK3tT8DSanKxk1q6WMnIjCjAqva/Dx7O5a4h127WRsbmCLzigDtowBGoHQACor3/jym/3aW1ha3t1jeVpWA++3U0l7/wAeU3+7QB86eLv+QtJ9a56uq8TWdxdarKYYZJME/dUmsP8AsbUf+fSb/vg/4V91leJowwUYuaTPJrwk56IpCirv9jaj/wA+k3/fB/wpf7G1H/n0m/74P+Fen9bpfzr7zL2U+xRoq9/Y2o/8+k3/AHwf8KP7G1H/AJ9Jv++D/hR9apfzr7xeyn2KNFXv7G1H/n0m/wC+D/hR/Y2o/wDPpN/3wf8ACj61S/nX3h7KfYo0Ve/sbUf+fSb/AL4P+FH9jaj/AM+k3/fB/wAKPrVL+dfeHsp9ijRV7+xtR/59Jv8Avg/4Uf2NqP8Az6Tf98H/AAo+tUv5194eyn2KNFXv7G1H/n0m/wC+D/hR/Y2o/wDPpN/3wf8ACj61S/nX3h7KfYo0Ve/sbUf+fSb/AL4P+FH9jaj/AM+k3/fB/wAKPrVL+dfeHsp9ijRV7+xtR/59Jv8Avg/4Uf2NqP8Az6Tf98H/AAo+tUv5194eyn2KNFXv7G1H/n0m/wC+D/hR/Y2o/wDPpN/3wf8ACj61S/nX3h7KfYo0Ve/sbUv+fSb/AL4P+FINF1H/AJ9Jv++D/hUyxdBK7mg9lN7o7D4U/wDIzD6H+Ve614n8MNNurbxEHmt5I1weWUjtXtlfE51OM8ZKUXdaHrYdWppBRRRXlGx5V41/5KPpv0T+ddB8Sb26svCRa1Lgs6q7J1CnrWxqXha01PWYdSlYiWLGBj0rUvLG3v7R7W5jWSJhgq1AHkOkeFfBl54VjvLq7t2vGi3NI7Lv3c+9a/wrvpo7e9hluGexhYCKWU4yKlm+DOgPdmVZDHGWz5QQY+ldcvhTTotBOkW0SwQEAfIKAJdW1DSFtFa9eGSB+AWYFa8z+Iy+F38PyfZVtjdFT5PkEMc/hXbX/gCwv9BXSZJWES5w20Z5rC0z4RaLpd+lw3+klDlQ6AYoA1fCFuZvCttHeJuBQcOO2K5nxBHHf6umjaRAkaD5pnjHbuK9OSxUWxhU+WNu1dvaqOk+GLPSXnlT95NMxZnYYPNAHnOi6dHe6neWU8xjis90caZ7Yzmug+Ht9c/bNTsJJWlt7eUJEzHtir2q+DIbm/N1b3MlnKwIcxKPmz1zmtHRtGt9FtvKgGWP35MYLH1NAHR0VFA25KloAZKMoaoHg1fkOIzVA9aAJrdsPVyqduMvVygAooooAOtVZ4tvzCrVIyhhg0AZ1WoJcjaailiKH2qMHByKANGqlw2WxUiTDyuTzVUnJzQAlSRSFD7UwKSOKSgDRVgy5FLVSCXb8p6VbByMigAqOVN6Y71JRQBn7DuxirUcAXBPWpdoznHNLQAUUUUAFFFFABRRRQAUUUUAFFFFABRRRQAUUUUAFFFFABRRRQAUUUUAFFFFABRRRQAUUUUAFFFFABRRRQAUUUUAFFFFABRRRQAUUUUAFFFFABRRRQAUUUUAFFFFABRRRQAUUUUAFFFFABRRRQAUUUUAFFFFABRRRQAUUUUAFFFFABRRRQAUUUUAFFFFABRRRQAUUUUAFFFFABRRRQAVBe/8eU3+7SXzzR2Mr26F5gvyqO5rjbnUPExhkDWrhMc8CgCx4PRTc3WVB/eN1Fdh5Uf9xfyrjfA5djcGQYcsc/Wu0o2Ab5cf9xfyo8uP+4v5U6igBvlx/wBxfyo8uP8AuL+VOooAb5cf9xfyo8uP+4v5U6igBvlx/wBxfyo8uP8AuL+VOooAb5cf9xfyo8uP+4v5U6igBvlx/wBxfyo8uP8AuL+VOooAb5cf9xfyo8uP+4v5U6igBvlx/wBxfyo8uP8AuL+VOooAb5cf9xfyo8uP+4v5U6igBvlx/wBxfyo8uP8AuL+VOooAaEVTkKB9BTqKKACiiigApkkgRc96fTJEDrQBTaQs2aswSbhg9aqMu1iKVWKnIoA0KKhWdSuSeaYlxl+elAFmigHIooAjljDr71RIwa0j0NZ8nDmgCW3bD49at1Qj++KvjpQA113KRVF12titCopIg5BoAZbpgbqsU3hFqrLMWOB0oAsmVQcZpwII4rOyangkw2CaALdFHWigBrrvUiqLoUODWhUUyqUyaAKVFFPiXc+KALEEYC5PemzQ4ywqwBgYoIyMUAZ1WreTjaTUUsRVuOlPigPBNAFqigdKKACiiigAooooAKKKKACiiigAooooAKKKKACiiigAooooAKKKKACiiigAooooAKKKKACiiigAooooAKKKKACiiigAooooAKKKKACiiigAooooAKKKKACiiigAooooAKKKKACiiigAooooAKKKKACiiigAooooAKKKKACiiigAooooAKKrX9ytpZyys4UqpIz9K5bRvFrS6XLczIbh0PEcI5NAHZUV5rfeOtZOp272eg3xtNx8zMeTit+DxPeatZ3C2mmXNtOiZUzrwTQB1dFcU3iq7fwteXXkmK6twww44JHelXxfNb6fpbzKGkuigbA9aAO0ormLPWrqbxY1g23yQrHpzxWb4n8X3ekeJbOytbWS5R0Yuka5bINAHc0Vx48cy4/5F3U/++RU9r4ykubhIjoWoRhjjc6jAoA6miuU1fxK+mazbIzJ9mnIUjupxzmo4/FYg1/7NcSx/Z3QFHHqaAOvori7bxXPqPiZra1ZBZx5VmYdW9jVzVNS1u3u2FuIvJz8pZM5oA6iiuP/ALR8UH/llF/37qk3i3V7DW7Oxv4V23DEAqmKAO9qvegfYpeB92p0O5Fb1Gahvf8Ajym/3aAOW8HY+03eP+ejV2FeE6n4p1HQNTmSzZArMSdwzVX/AIWbr/8Afi/75r06OUYqtTVWK0ZhLEwi7M+gKK+f/wDhZuv/AN+L/vmj/hZuv/34v++a6P7AxnZfeT9apn0BRXz/AP8ACzdf/vxf980f8LN1/wDvxf8AfNH9gYzy+8PrVM+gKK+f/wDhZuv/AN+L/vmj/hZuv/34v++aP7Axnl94fWqZ9AUV8/8A/Czdf/vxf980f8LN1/8Avxf980f2BjPL7w+tUz6Aor5//wCFm6//AH4v++aP+Fm6/wD34v8Avmj+wMZ5feH1qmfQFFfP/wDws3X/AO/F/wB80f8ACzdf/vxf980f2BjPL7w+tUz6Aor5/wD+Fm6//fi/75o/4Wbr/wDfi/75o/sDGeX3h9apn0BRXz//AMLN1/8Avxf980f8LN1/+/F/3zR/YGM8vvD61TPoCivn/wD4Wbr/APfi/wC+aP8AhZuv/wB+L/vmj+wMZ5feH1qmfQFFfP8A/wALN1/+/F/3zR/ws7Xv78X/AHzU/wBg4zsvvH9apn0BRXC/DfxHf+IbW9e9KkxOAu0Y7V3VeVVpSpTcJbo3jJSV0FFFZ2s63ZaHZm5vJVRf4QTgsfQVmM0aK4Pw18RrfxL4gksLaB0jRN2WxzXQeKPEtr4Z0try4yTnaqjqSelAGtNFuGR1qoRg4ry+H4u6ms0ct3o1zFZSEAStGAOfevSLO+j1G0juoSCkgyCKAJ6UAk8Vy/izxPcaFEiWdjNdXEmQqxrmsDw58TLibXIdO1nTprOSZgqeYoXmgD1OEMB81S1yuveKnsryGw0+PzbqTB4GQAe9JofiqW61F9N1GLyrlQWHGARQB1R6GqDnLGsebxNJceIBpllHvVQfMkAyFI7VrUASQ/6wVeqrbLzmrVABTHcIM02WYIMDrVRnLnJNACvKXNM60oBY4FWYoMctQBWKkdRSVekjDr71TZSpwaALEEuflNWKzgcHIq5FKHGD1oAlqG4UlMipqCMigDNq5Am1cmkMAL57VOBgYoAKKKKAAgGiiigAooooAKKKKACiiigAooooAKKKKACiiigAooooAKKKKACiiigAooooAKKKKACiiigAooooAKKKKACiiigAooooAKKKKACiiigAooooAKKKKACiiigAooooAKKKKACiiigAooooAKKKKACiiigAooooAKKKKACiiigAooooAKKKKACiiigDK1/T01DS50d3QBCcr9K858PwW2iaPPds1y/b5RnFeh+ItSFhp0irFJJJIpVQqE8njnFeavZ+IbDw5cG7iiigZl+7Jzj6UAQWnjyawsLq2iZpCf8AUtJ1685q3p2rz32hTLBPdiePLtIOnJ6Zrc0PSvC02iRyXKWbTEHcWYZz+dZOgtDHZ67HbEGBYjtCcj71AF4Stc/Di+lkAMvzqW7ms69BGm+Hc/34qybW+1MeHJraaPy4J5XjjXJ3E/Suh1u2eG18PR7WyrRZ4oA19N/5H5/9x6ZrHh3xAfFaaxpZtWChgFmb1qKO1e78aywpcSQMY3+dOorRPgq//wChr1P/AMdoAbnx3/zx0v8A76NV9K8Qa83iNtJ1WG0HTDQ89aSXw+beQrL40vlZeqs6CqGg27XXjK6MdzLOkari4Pf8elABfeGHtPMudTa4uS0jFFh+baM8VhalfaNYqJLq11LcPugx8/hXc3XhK7LvM3irUYkyTj5cCuE1nw5Le+JrW0XxHe3SZUlsq238qANHRNJh8Q2i3Oki8tGWUMwnXZur0C80U39hFDLcSI6Ljch71iW/gS6tQBF4m1IKOdoC4qSWPxK0v2O32GGP5fPaTDt70APtItQ0C5C3F9C9merTyfP+FYev3sOoeLtEeL5l8xufwrXTw5aW7Btc1VrstyI7llwv0rHu0tbnxtpkWnIphgc7jHyo49aAPR4/9Wv0FRXv/HlN/u1MowoHtUN7/wAeU3+7QB86+Lv+QtJ9TXO4rovF3/IWk+tc9X6FlGuBgjxsR8YAUUUV6dkYXQUUUUWQaBRRRRZBoFFFFFkGgUUUUWQaBRRRRZBoFFFFFkGgUUUUWQaBRRRRZBoGKTFLRT2BtdD1/wCDr7NP1En++v8AKvSo5SZMHoa8v+EX/Hjf/wC+v8q9Jzhs1+c5oksXNLue3Qf7tGhWfqmi2esLEt5EsixtuAYZFXY3DJkmgSKWxmvPNTyTwzaQWfxSuoreJY0EJwFGO9b3xVtLe40BHllVWjlVwrH72DnFZOhow+K12xU48o8496f8Wra5zZXZheezikQyIqlu/oKAOPvfHFtqmg22kPp0sRBUNJJHhBz2NeueFbaKLw/axW8gkjC8MDmvNdb8X+E9S0L7HZabK1w2AifZ2wDXX+Dr5fCngqy/tbzVLDAVVyRzQBq+K9VtvDtqt7NZy3BXkeUm4ivMRrlt4z8a6fKYDZpbyBx567GY4IxXoniHxzpOmzxxalbTPbSD5XEJbtXnOu6rpfibxBpqeHbKVZVmy0xhK4GPWgDtNWsrvS/EkOtW8bTxFFjZVGTgVkanf3C6u2ryRmKSVTBFGww3PQkV6D9oGm6Sktw3MUY3H3AriLK3ufFN3e6vdBhFCrJAhHU9jQBqeGr/AE3QoWN3JvvJjumYchW6V2cbxXcKz27h435BBzXlWkvYDSNUW+QG83EfOMMTt7V2/wAO454/ClqJtwygwG6igDqY1CJUcs+DhaSeRgcY4qtQApJJyaVELnihF3MBV5ECDigBkUIQc9aloooAKhni3DI61NRQBnEYNKjbWzU9xH3AqtQBfRw4p9UInKsPSrwIYZFAC0UUUAFFFFABRRRQAUUUUAFFFFABRRRQAUUUUAFFFFABRRRQAUUUUAFFFFABRRRQAUUUUAFFFFABRRRQAUUUUAFFFFABRRRQAUUUUAFFFFABRRRQAUUUUAFFFFABRRRQAUUUUAFFFFABRRRQAUUUUAFFFFABRRRQAUUUUAFFFFABRRRQAUUUUAFFFFABRRRQAYzVPU9Ng1Wye1uFDRt1Bq5RQBzMPgDw1FFs/suFvcg1Z0rwlpWjrMlrbIkcwwyAcdc1u0UAc1e+Eob3Wbe7eUiGDBSHHAI71uT6fa3JjM0KuYyCue1WaKAM6LR7aHVDfqo80gjOPWtE8jFFFAGLd+EtCv7hp7nTopJW6sc81d0/SbHSovLsbdIU9Fq7RQBFcW0N3A0M6B42GGU96zrHw1o+mXBns7GKKU9WXrWtRQAUUUUAZmpeH9K1dla/s45yvQt2pdO0HS9JJNjZxwE9dtaVFABUF7/x5S/7tT1WvXX7FN8w+760AeKaj4U1TxDqUz2EKuqsQSWxVb/hVviT/n3j/wC/gr03wd/x8Xf/AF0auwr1KGcYqjBQi9EYyw8JO7PA/wDhVviT/n3j/wC/go/4Vb4k/wCfeP8A7+CvfKK2/t7Gd0T9Vp9jwP8A4Vb4k/594/8Av4KP+FW+JP8An3j/AO/gr3yij+3sZ3X3B9Vp9jwP/hVviT/n3j/7+Cj/AIVb4k/594/+/gr3yij+3sZ3X3B9Vp9jwP8A4Vb4k/594/8Av4KP+FW+JP8An3j/AO/gr3yij+3sZ3X3B9Vp9jwP/hVviT/n3j/7+Cj/AIVb4k/594/+/gr3yij+3sZ3X3B9Vp9jwP8A4Vb4k/594/8Av4KP+FW+JP8An3j/AO/gr3yij+3sZ3X3B9Vp9jwP/hVviT/n3j/7+Cj/AIVb4k/594/+/gr3yij+3sZ3X3B9Vp9jwP8A4Vb4k/594/8Av4KP+FW+JP8An3j/AO/gr3yij+3sZ3X3B9Vp9jwP/hVviT/n3j/7+Ck/4Vb4k/594/8Av4K98ZgoyarPOSeKP7exvdfcH1WmeGf8Kt8Sf8+8f/fwUv8Awq3xH/z7x/8AfwV7tFMG4PWpqX9vYzuH1WmcF8P/AAvqHh6yu47+NVaRgVw2e1dY3WrsjhRzVJiCeK8yvXnWm6k92bxioqyAMQMZoBIORSAZqxHATgmsRkVtplklybxLdFuGGC/c1bmgjuImilQOjDBB708AAYFLQBhW/g7w/aXAuINMhSUdGArSvdMstQjWO7t1lRegbtVuigDOvtB0zUoEgvLSOWJPuq3aorHw1pOl7jYWUcDHqVFa1FAGTeWUNzE0FxGHjPBB70lvbQ2sIhgjCRgYCitGdNy5qnQBlXHhrR7u6FzPYxPNnO49c1vWcaxRBUG1R0FVh1FX48bBigAkQOtUnXa2K0KiliDjI60AUgcHNXIJNwwetVCCpwaVGKnIoA0KKjjkDj3qSgAooJwOaryzjGFoAdLMoBHeqhOTSE5NOVCxwKAEAJPFXIVKrzSxxBB71JQAUUUUAFFFFABRRRQAUUUUAFFFFABRRRQAUUUUAFFFFABRRRQAUUUUAFFFFABRRRQAUUUUAFFFFABRRRQAUUUUAFFFFABRRRQAUUUUAFFFFABRRRQAUUUUAFFFFABRRRQAUUUUAFFFFABRRRQAUUUUAFFFFABRRRQAUUUUAFFFFABRRRQAUUUUAFFFFABRSFgoyTgUKwYZByKAFoopCwXqcUALRSblzjPNLQAUUhIAyTgUblwDnrQAtFFFABRRRQAUUEgdaKACikBB6GloAKKKKAK97FJPZSxQvskZcK3pXHXHhzWFjkdr8FQMkbTXc1Be/wDHlL/u0Acl4IRka4VmywYgmu0rgPDmtabpl3dLe3kUDFyQHOK6X/hLvD//AEFbb/vqrVOb1UWK6NqisX/hLvD/AP0Fbb/vqj/hLvD/AP0Fbb/vqn7Kp/K/uDmXc2qKxf8AhLvD/wD0Fbb/AL6o/wCEu8P/APQVtv8Avqj2VT+V/cHMu5tUVi/8Jd4f/wCgrbf99Uf8Jd4f/wCgrbf99Ueyqfyv7g5l3NqisX/hLvD/AP0Fbb/vqj/hLvD/AP0Fbb/vqj2VT+V/cHMu5tUVi/8ACXeH/wDoK23/AH1R/wAJd4f/AOgrbf8AfVHsqn8r+4OZdzaorF/4S7w//wBBW2/76o/4S7w//wBBW2/76o9lU/lf3BzLubVFYv8Awl3h/wD6C1t/31R/wl3h/wD6C1t/31R7Kp/K/uDmXc2qKxf+Eu8P/wDQVtv++qP+Eu8P/wDQWtv++qPZVP5X9wcy7mtKhccVTYFTg1V/4S7w/wD9Ba2/76pv/CTaBcOETVLdnY4ADdaPZ1P5X9wXXct5weKkWdlXFRttOChBUjIIpKzGOZixyTTaUKSM4pKALMEQxuPNWaoxSFGHpV0HIzQAtFFIWCjJoAWiolnUtipaACiig8CgCGd9q49ap1JK5ZzTFG5gKAEqWKUofallhKLmoaANEHIzS1Vgmx8pq1QBXniz8wqrWl1qnPHtbIHFADYpNjZ7VbEi7c5qhS5OMZoAmlm3cDpUFFTxQbuWoAZFEXPtVxUVRwKVVCjApaACiiigAooooAKKKKACiiigAooooAKKKKACiiigAooooAKKKKACiiigAooooAKKKKACiiigAooooAKKKKACiiigAooooAKKKKACiiigAooooAKKKKACiiigAooooAKKKKACiiigAooooAKKKKACiiigAooooAKKKKACiiigAooooAKKKKACiiigAooooAKgury3soTLcSrGg7scVPXL+LtJWexnv3nkIhTcIP4Gx60AYGt6jf8AiyU2WmO9taL9+4zjI74IqXw7qF34Yk/s/VJXntm5juScjHbJNPF4G+H93cRQpAVRuIx7VS0LxNpt94ctLW+sbudtgBYwkjPrQB3N/rdrY6Z9vGZocgZj56964/xlrBubPTrqyndI5SD8rY71s2/h2FdJuWiuJ2hmQskMnATjgAV5lJcyR2kOmS53WrhefrQB2F5e3K+NtJjE8gjbG5d3B+WtfWPGcUNvqEFpDI9xbQh8gZBycVyfia9XTvE+nXLdEA/9Bro/Aem/aNPuL69iDNcMykMOq5yKAOf1Xxi3/CLJDLcFLydyPlbBANas+pW974atIEvnjuY0B3b8ZYetct48RbjxJBFpFhbutqRJISPl981szQ6zbaN9vOmaP5YTcPnoA6vw7rRk077PcTpJcIh5U9cCuNi1y7vtc1GKa+8pYZdqgNjjFdR4MZtQ0GS+u9Pt7eUr8piHbFcP/q73WJLc6cz+Zk/aJAp6dqAN77Q//QUP/fw03RtbuovFMVoLrz4mIyN2TXK297fv4bebbo+4esw39fSun8E73uLe5uf7KVt3WOUGT8qALPinx9CLW5sY7O9iuMEKwGOapaf8RbhtBe3XT7uW7VMBguR9TVCWdpvG1+kkRnQRKVBGQOTVe1uZY9d1BIw0Ki0JCgY5oA3fDXjGewt2+3adqMkk0md23IBPpVPxj4yvLTW7OJFmSCWJnKLwwOaZJeXX9i2LLM243EYznrzSeL57+21KN7iys5WIPlHOX25oAz/+Ezk9L786veGvF93eeLLOzUziKRsMJTXKOdTfUVuxaEBc/ugp2mug8PXmoT65CsOn2kdyD8pfg0Ae2joKgvf+PKX/AHafB5nkp5wAkxzjpTL3/jyl/wB2gD528WsRqsmDjk1z29v7xrf8Xf8AIWk+prn6/QsqjzYSDZ5FfmdRpMXc394/nRvb+8fzpKK9LlXYwv3Yu9v7x/Oje394/nSUUcq7Bddxd7f3j+dG9v7x/Okoo5V2C67i72/vH86N7f3j+dJRRyrsF13F3t/eP50b2/vGkoo5V2C4u5v7x/Ojc394/nSUUuWIri7mP8RpDIw/iNIWxUZOal8o7+Y4yv8A3jSCR/7x/Om4oxipXKtWF7EyyNj7xqzp0jDU7c7iPnHSqQOKu6WFbU7bPTeKU4xdOTfYcZSTR9Hacd2m2xyT+7HWrscRc9OKi0q3H9nWxByvlitIAAYFfmc9ZM9yOw3YqRnjoK8n8ceOdU06WeHTbCURxEB5XT5fzr1uuM+JFvEngu/dI1DMBkgdeakY/wAI6hPqegQ3Nwf3jZzXN+KfGmpzaqNB0BQ1y2N0jDIXNbXgYFfCcJ+teU6LBrWseJdUj01ljm3MDKWwQNx6GgD0zwqni/TL/ZrksE8LjgxA8V2d5O/kyNGMsASB715Lo2s+IvDPiWPSNan+0RzAFXLbiM16xksmV644oA8t1aDx7cXE97aTW8VuhLBGBBx1rofBHjO71LQbk36YuLUYYgYBNZPinVfG8Nzcw2On27WfI35O7birvw2XTr3Q7i0w4vHGJxIuDmgCJNQ1290efXI7hFVCdqZPY46V0EnjAL4SW8xm7kykaDqzDFZE/hjWNO06ewWaFdLOSztJhgCc1ztjdwC8S6lVmtLdsW8ePvyDhuKAPRtBgvxpqz3zAySncB6A1uW8Z+8a5fT/ABjHLfx2F5bvAZFHlkqQDnoOa69AAvHSgBWUMuDVGWMo1X6huFymaAKYODV6F9ye9Uas2x60AWaRlDDBpaKAKMsexvamAEnAq9JGHHNNjhCc96AGRwAAE1YAxRRQAUUUUAFFFFABRRRQAUUUUAFFFFABRRRQAUUUUAFFFFABRRRQAUUUUAFFFFABRRRQAUUUUAFFFFABRRRQAUUUUAFFFFABRRRQAUUUUAFFFFABRRRQAUUUUAFFFFABRRRQAUUUUAFFFFABRRRQAUUUUAFFFFABRRRQAUUUUAFFFFABRRRQAUUUUAFFFFABRRRQAVzXjXVIbHQbiF45nedCiCOMtz+FdLSFQeoB+tAHj8HiO2Twbcaa1rffaHBAH2ZsdPWtfw14u0nTtDtra5s74TRoA2LVjzXpHlp/cX8qPLT+4v5UAc9/wmOmDTzdeTeeVwNv2ds8+1efeK9X0q/nhm03TrtZNwMrfZmBPNex7FxjaMfSk8tP7i/lQB4vqWr2OoeI7C4msLyS0ix5ga2b09K66fxnbPp5stDsrpbhhiMSQMig/Wu68tP7i/lRsT+6PyoA84sptM0DTJo7+OW5vrrJcLGX68447VgS6d4quNr3FuqaJv3hEfLbfTbj0r1yPSrKK4adIFErdWq3gYxgYoA5SHX9Kg8OPHZrIgSEqiNGVPQ44rza70GzTwhJrd/YB57mWN87CWxnnivZZNE06WYzPbIXPU1NLptpPbLbyQq0S9FPQUAeMJo2kXa/btG0QThV+eG4iaNfw9a0fBGh6Wupm/u7RYJy2Fh28IR6Zr1yOGOGMJGgVR2AqpLo1hNci4e3Uyjo1AHnMWg3D+KdSvWu7q0t1hUgwpnPNVtA0z7b4ou5POvJ7YwbGe4i2nr6V66EUDAAxjFAVR0AH4UAeV6otrPdWul6ZBcloZ1Zi8JVcA880zxqtpc61bNHPdpdQoUxFFuXr3NerbF/uj8qrJptokkkiwLuk+8fWgDx3+ztSu9ZsLe21W6+dGMqgDAI6VY0uGPR/FsMurT3puEbgCHcn/fVerW2jWFnOZoLdUkP8Qqxc2VvdrtniVx7igCWN1kjV16EAior3/jym/3alRFjQKowBwBUV7/x5S/7tAHzr4uA/tSTk53Vz2RXs+keF9O169uXvYlkKuQM1s/8K08P/wDPon5V9Pgc9o0aEac4u6OKrhHOblc+f80Zr6A/4Vp4f/59E/Kj/hWnh/8A59E/Kuz/AFjw38r/AAMfqVRbNHz/AJozX0B/wrTw/wD8+iflR/wrTw//AM+iflT/ANY8N/K/wD6nU7o+f80Zr6A/4Vp4f/59E/Kj/hWnh/8A59E/Kj/WPDfyv8A+p1O6Pn/NGa+gP+FaeH/+fRPyo/4Vp4f/AOfRPyo/1jw38r/APqdTuj5/zRX0B/wrTw//AM+iflR/wrXw/wD8+iflR/rHhv5X+AfU6ndHz/TGftX0H/wrXw//AM+iflVeT4caArf8eaflR/rFh39lh9Tq90eAnmgda97/AOFdaB/z5p+VH/Cu9A/59E/Kj/WDDdmP6nV7o8IVaGXivf4/hz4edf8Aj0TP0p//AArXw/8A8+iflUviPDfyP8A+p1OrR889BVzSsHVLcEnBcZr3SX4deHl6WiZ+lJH4B0CGRJEs0DKcg4qamf4aaas9RvCTVrM6zSQBpNqAcjyxV2qdqyQxpCowqjAq5XyDab0PRQVy3xCtpbrwfeRQoXcgYAHvXUEgDmq00u75R0pAc34Nhe38LQQTIVcE5BFee6lb6z4F8Rz6hp9kLm0uOq5PBzk8CvXqUR7x90H6igDyTRbfWvGfiSPV9QtBbW0GAq5Ocj2NdxZ6/fXN/eWMdgFMKt5bnI3EDiuhCheAAPpSqdrZAGaAPMbj4jeKLJpLCbQVeUfJvG8jP1xW58O/Duo2091rGqIsU92Q2xWziu8jkjbG5Vz9KsDHagDh/Gs19qdxBolijhZjiWTBAA+vSqHiLw3JpdtpN1ZwB4rGTzZVHU/Lg4HfmvRsDOcDNKQD1FAHmcjyeL9fsJLS3ljitSru0qFOnUDNelqNqgelAVR0AH0FLQAVFP8A6upar3LYGKAKtWbbvVardsuFzQBPRRRQAUUUUAFFFFABRRRQAUUUUAFFFFABRRRQAUUUUAFFFFABRRRQAUUUUAFFFFABRRRQAUUUUAFFFFABRRRQAUUUUAFFFFABRRRQAUUUUAFFFFABRRRQAUUUUAFFFFABRRRQAUUUUAFFFFABRRRQAUUUUAFFFFABRRRQAUUUUAFFFFABRRRQAUUUUAFFFFABRRRQAUUUUAFFFFABRRRQAUUUUAFFFFABRRRQAUUUUAFFFFABRRRQAUUUUAFFFFABRRRQBHcTx20DzSttRBkmsC78WaS1tKguQWIx0roJoknhaKQZRhgisK78MaWttK4hO7GetAGZ4KcSS3Lr91nJFdnXG+CkEc1yi9A5ArsqACiiigAooooAKKKKACiimNKi96AH0VF56etOEqk4BoAfTWQP1p1FAEbxBkwKpspU4NaFQzx7lyOtAFVHKHIqZ7jK4HWq5GDRQAE5NLtOM4qaKHeMnpVgxjZtFAFCrcEm4YPWq8kZQ+1NUlTkUAWrhSRkVUq7E4kTmk8gbs9qAIYoS3J6VaVAq4FKAAMCloAozJtao6uTrlM1ToAKlSZlqMAnpSYxQBcW4UjmpQwPes6lDEd6ANGiqHmsB1qeGbPBoAsVBPHuGR1qejrQBnKpZsVfRdqgUxYQr7qloAKKKKACiiigAooooAKKKKACiiigAooooAKKKKACiiigAooooAKKKKACiiigAooooAKKKKACiiigAooooAKKKKACiiigAooooAKKKKACiiigAooooAKKKKACiiigAooooAKKKKACiiigAooooAKKKKACiiigAooooAKKKKACiiigAooooAKKKKACiiigAqpJqdnFeJaPcIs7nCoTyat15VfarC/xZht3zhGGCOnSgD1WsjUPFGjaXcm3vL+GKUDcVZsHFaynKgjpivFPHLwDxtcRzQq/m2ypuYZ2+9AHqJ8XaGFVjqMG1hkHd1po8YaEzADUYMk4HzVzenXXh+y0q2im0wTFYxl/LBFTQ614WmYmHSFYqcHbEODQB1t1qkFtp324Zkh9V9KTTNXs9WtftFpMrp3wc4rFvdIg8S2CCKae2g248tTt/SuB1vws/g9Yo9O1K6CXBwwMnSgD1C28RWd3q0mnwZeSPG5geOavXuoWunw+bdTLEnqxxXDaN8O4bLbdx6ld+bIAzMZOveup1mS10/RWkurdrtI1+7t3E0AV5fHHh2HHmarbrngZeqs3jiIv/wAS/TLrUIv+elvgrXl8uoWOo3TX2oaE8MEb/u41hxux04rr9K1i91RoLbSbNNOteCwmTYx+lAHoGm3r6hZpO9tLbFhny5eoq5UcCNHAiucsByakoAKiuLiK1haWZwiKMkntUtMlhjnjMcqB0PUEcGgDEbxjoKZ3ajAMdfmpkfjfw9KCY9Ut2x1w9LrOgaSukXbjTrcMIyc7BXI/DXRtNuLK9M1lA5FwwG5AaAPQNP1ex1ME2dwkuOu05qvceILaDWYtMKM0silsg8DFWo7Oy0yCSS3t4oVVSx2LjtXltr4jgude1fURlzBJ5URHP3hQB6PZ+ILa+1W4sIUYvAQGbPFazMFUsTgCvERplxpuoW15c6jLatfkmU79oGOldlZabYNPGU8RSzt18vz85/CgDoJvGOg285hl1KBZM42luadN4t0S3AMuoQKCM8t2rzzXrzRk8WWYOm5Cuob9397iuh8Yvott4ZM7WUCNMuxCyDI4oA6CDxjoNyyrDqUDljgYapG8R2i6zHpuCZJEZw2eMCsTwdo2jnw/byQ29rJcFA2doOGrkr//AISNPiPF5YsgRDJsB6beM5oA7zVPHOiaWGV7pJJl48pW+ajTfHehakibbyOOVv8AlkzfMK8r1oapfa8LhbTTnkgyGCLwc+tGlf2lZ67572emo8xAAdeBj0oA94VgyhgcgjINQ3v/AB5S/wC7RZmU2kZm2hyozs6dKL3/AI8pf92gDzGx8ZWXhq+uI7mGRyzkjaRWn/wt3SP+fSf/AL6FeX+Lv+QvJ9TXP19ZgMlw9fDxqTvdnn1cTONRxR7f/wALd0j/AJ9J/wDvoUv/AAt3SP8An0n/AO+hXh9Fdn+r2E8zP65UPcP+Fu6R/wA+k/8A30KT/hbukf8APpP/AN9CvEKKP9XsJ5i+uVD2/wD4W7pH/PpP/wB9Cj/hbujj/l0n/wC+hXiFMY0nw/hF3H9cqHtkvxd0puBazgfUVD/wtfSj/wAu0/8A30K8WpyrmpWQYZ9x/W6h7N/wtfSf+fWf/voUv/C19KH/AC7T/wDfQrxrYKay4ofD+G8w+t1D2yP4uaWvW1nP4ipx8XdHP/LpP/30K8KpytQsgwvmL65UPdP+FuaR/wA+k/8A30K6Hwz4us/FCTNaxOgibadxHpXzd2r1r4Nf6i//AOug/lXFmeUYfDYZ1YXurG1DETnU5WeoTwjG4VVrSIyMVUmh2nI6V8udw1bqO3jJlcKo7mkstXsNRdktLqOZl+8FOcVyHi3w9fa7sjivHgtwfn2NgkVzfwji+wXuo27SPJskddzHJODQB6nqmoWWnWrTXs8cMY/ic4rn7DxfoOp3P2ez1O3mlP8ACjZNJ4k8OJ4kmQXM0ggXqing15v4z8Mab4bubKfSGMV4ZUXYnGQWGaAPZ45ChyOlM1HXtN0iATahdxW6HvIcVW04yNYQmX75XmvOPi5PAP7PiuiPs5J359KAO/tfHvhi9uUt7fWLWSVzhVV+Sa1r7V7DTYllu7mOJH+6WOM15p4TtPAd3eW5sfKF0gUjOM5xWh4o2DxfYrf4/s4bNu/7ucUAdvZa3p2qqwsruOYjqEOaqXOqWVrdLbzXCJK/3VJ5NcI17Y6b4xlu9MKixS3y3lfcLf41oaBYSa1q8uuXq/ISfIVv7poA7qH/AFgq00Kt2qmhwwxV8dKAK5tvQ1GYHB6VdooAoGNgehoCOpzg1fwKTA9KAGxsWXkU+jGKKACiiigAooooAKKKKACiiigAooooAKKKKACiiigAooooAKKKKACiiigAooooAKKKKACiiigAooooAKKKKACiiigAooooAKKKKACiiigAooooAKKKKACiiigAooooAKKKKACiiigAooooAKKKKACiiigAooooAKKKKACiiigAooooAKKKKACiiigAooooAKKKbIWEbFBlsHA96AMvxBrEOj6ZLNIw34wq9yTXntr4Xu73R5deII1JiWTPUc8fpXSL4YvtY1Y3etyfuUOY7fIZa7FIkjiEaqAoGMUAZHhzWYtV05MNiaMbHU9cjivPPE32NvGmopdFf+PIbc9c+1dVqHhi+sNU/tPQpNrsf3lvkKr/AFNVv+ENk1PxX/amq2ULxmBV2ls4YdaAOd0/VpZ4otMtbSORgoLM2eFpbB5dNsNTubazjlCXih854Xv+ldle6DJpMUkug6bBLcSArh224BpfDHh+4tNLvI9TRfMu23PGDkDjGKAK0Wjpr9lFqVrrd3ZwyLu2REACvPfFGg3uo6vHb6frN9dpbn96zYIH0xXet4b1UN/ZlmwsdNXgPE2Sw+hrotF8P2ei2pihQFnHzvjBb60Acpovhs6jYo0PifUgVG0pkZGPaujvIZNK0QxeeLlhn57lsVQ1Dwxc2tw99ok7Qy9TAuAr/U1JcaJqHiC1hGqSfZgp+eGM7lce9AHDSadq13Hc6skiyQwAkQs/yAjuKink1e/srR5JFtHYBkeNuB7ZNd1f+Dpprf7LY6nNZ2pXa0UYGG/Or8fhayOhx6bcATKgADMOcjvQBD4ZuNRg0xv7YlhIQgJKsmdw9Sa6GOVJkDxurKehBzWBbeF1i0ubT5rp54GP7tXA+TjtTfDGl6lpBntbmQyWqkeSxPOPpQB0lFFZ+r2V1fW3l2l9LaP/AH48Z/WgBdb/AOQLd/8AXM1x3wv/AOPG+/6+Gq5ceEtcuIHhfxPfFXGDwtUdI+HuqaNHIlr4lvVEjbjhV60Adpq9nJfafJbxyFC3BIPbvXA+D/D9laa3qNi8KyIko+8OpA611el6LqlnOXutbubtMEbJAMUzSdFubPxBf3sgHlzybl57YoA5r4hPY2+q6Z9stmmgG7MaIWP5VY0bUvCz30C2uh3MMxxtka0ZQD9a3tb0W5v9asbqIDy4Sd3NdAY90Ow8cYoA8z8XX+l2HieyneHzEVlLiJdxAx3xWP4jmPjNJ5LdHTTrWLeoYY+Ye1emL4V0sGR2tkaZ+shHNVtS0KCy8NXtrYQqpkRjgDqTQBw2iR3vh+wstTtWd7VlVZIx0Ge+KW91S41HxvBc6ZaSSDyJELOhCjPvXdeFtOMfhuG1vIgflAZTWmdMjhsXt7A/Zd3Ro+1AHhmpaNrGmarPLNOY2uG3KkDZ/SnaZomq6nqcF19qZobZsyec2MV65ZeE445xc31y95cAEB5AMjNY118PbiWe58jWrmG2uMboVUbaAO2s3R7SLYysAoGVOR0ovf8Ajyl/3ai0ywj0ywjtYzlUHX1qW9/48pv92gD508Xf8heT6mufrpPFcMsmrSFI3bk/dUmsD7Lcf8+8v/fBr9BymcVhYJs8mvF+1bsRUVL9muP+feX/AL4NH2a4/wCfeX/vg16PtIdzmsyKipfs1wP+XeX/AL4NJ9nuD/y7y/8AfBo9pHuFmRnpUR61a+yXOP8Aj3l/74NRm0uQf+PeX/vg1LqRfUEQjrUtKLW4z/x7y/8AfBqT7Lcf8+8v/fBpxnFbsepFRUv2a4/595f++DR9luP+feX/AL4NN1Idw1Kz9abVh7W5z/x7y/8AfBpv2W4/595f++DWfNHuAg6V638Gv9Rf/wDXQfyrylbW5I/495f++DXrPwdikjgvvMjdMyD7ykdq8vPJxeCkr9V+Z04VP2qZ6rSMu5cUtFfCnqmbdxlI3+leZfDf/kNar/12k/8AQq9bmiEsTKe4rjvD/hFPD99dTrcPIZ3ZsMAMZOaAGeJ/E66TttINrXkvCKx45qroHheKa8TVdduop7kjKxGQMqZ9Kq+Lvh6/iXVYr+LVrizkRdo8pQf51RtvhTqokR/+Ex1E7SCRsTmgD02YQqBtdAD0Gaw9Y03RNTZItVhtpT/CJcUy68J3U5sSNZuEFsuGwo/ec96y/F3gmTxFLBJBqk9nJD0eNQSfzoA4nx1oei6Hc2V1ofl212HOEt8fNxXrsWm2eraLZnUreObESsfMHQ7RXB6J8LobHUUvdS1KbUpIyCnnqPlP4V6FcW7XemyWcUzQFk2q69VoA831a3tdQ1dtN0W1SG0t/wB5M0YwGI6ioNPtr7U7W+uI9TntY7MlY4omGCAM816HoHhe20Kymh3mZ5mLO7DBOetc1ceBpkvLlrLVp7aCdizxIowc0AXfAuqXOp6SpuiWkjwCx712w6VgaFpEOkWcdrDyFGC2OtdAOlABRRRQAUUUUAFFFFABRRRQAUUUUAFFFFABRRRQAUUUUAFFFFABRRRQAUUUUAFFFFABRRRQAUUUUAFFFFABRRRQAUUUUAFFFFABRRRQAUUUUAFFFFABRRRQAUUUUAFFFFABRRRQAUUUUAFFFFABRRRQAUUUUAFFFFABRRRQAUUUUAFFFFABRRRQAUUUUAFFFFABRRRQAUUUUAFFFFABRRRQAUUUUAFFFFABRRRQAUUUUAFFFFABRRRQAUUUUAFFFFABRRRQAUUUUAFHWiigAxjpRRRQAUUUUAFQXv8Ax5S/7tF5cG1s5ZwhcoM7R3rj7rxq7RSRf2dIMjGd1NK4DfCthb3N1dGeJXPmHrXVf2Lp/wDz7J+Vc14HkMrXEhGNzk49K7Si7CxQ/sXT/wDn2T8qQ6Ppyjm2T8qvO4UVUeQuaLvuFinJplgTgW6Y+lMGlWIP/Hun5VdHJwKsRw92qlOSWjAqR6RYsATbJ+VRT6RZBv8Aj3T8q1wMCopV3jjrSU5LZhZGQNKsQf8Aj3T8qtppGnsv/Hun5U4gg4NKHK9DTcpPdgJ/Yun/APPsn5Uh0bTgObZPyqUTsBTGkLdTSu+4WKcmlWJbi3TH0pF0mx3D/R0/KrlPjGXAp8819oBg0ewIGbZPyqxbWdvaAiCMJnripx0oqW29wCiiikAVFLEHGe9S0UAZxGDinwybG9qmmhz8wqqeDQBcllGzjvVOlySKAMnFACY4pVYqcirghBjx3qo6lGwaALcUgkXBqGaIg7h0qJH2NmroYSJQBVgUmSrtQxxFGJqagAooooAKKKKACiiigAooooAKKKKACiiigAooooAKKKKACiiigAooooAKKKKACiiigAooooAKKKKACiiigAooooAKKKKACiiigAooooAKKKKACiiigAooooAKKKKACiiigAooooAKKKKACiiigAooooAKKKKACiiigAooooAKKKKACiiigAooooAKKKKACiiigAooooAKKKKACiiigAooooAKKKKACiiigAooooAKKKrX17Dp9o9xO4VEGSSaALNFcpY+KbqewmvGsJpYxIQixryR2NRf8Jvcf9C9qX/fFAHYUVlaZrQvrQ3FxbS2YBAxOMHms7xR4jk0YWzQBWEpxkjPegDpqK5K48UzxeI7HTgq7Ljqce2a3r7V7TT7WaaWVf3K7mUHnFAF+iuVvvFwTw62pW0LKSxVFcdSKlu9a1GLQLXUIbcyOyh5EVcnHfFAHS0VnaVqo1LTFvPJeL5dxR+ormz8QUe/ubW20e+nNu+1mjUEUAdrRXH/APCb3H/Qval/3xT9N8cR3urJp82m3drIxwDMMCgDraK57XfFdhpenzTx3ULyRgnYDk1XtfHWjz6Ib9ruJWVclC3OaAOpork/DvjWx1eGWSe5hjG/EYJxkVDr/wARNP0G+htXt5pzKpZWjxjANAHZUV55/wALYsP+gfd/kKt6P8S7DV9Xh05LO4jklOAXxigDtyAwwQCPQ1UvbaD7HKRDHnb/AHRVztUF5/x5y5/u0AjkvCL7ZbsAdJGHFdWspCEHrXjk/jO48N31xFCikNITyM1EfizqW/Ijix/uV6WHyrE14KcIq3qYyxMFJxfQ9iJYnk0mDXj5+LGpMeIov++KafivqYP+ri/74rb+w8Z2X3krFU2j2m3UZ561Zrw5fi1qanPlxf8AfFSSfF7U2+7HEB/uUv7DxnZfeH1qmezSy44WoFkYNmvGj8WNUP8Ayzi/74pR8VtU/wCecX/fFUsjxnZfeH1ql3PbSglUGoGhcHgZrx8fFzVVACxRf98Uf8Ld1f8A55Q/98VP9iY3+UPrVLuevGNx2NKInPavIP8Ahbmr/wDPKH/vij/hburf88oc/wC5SeS41fYGsTSfU9mjg28mlMeHyKxPBuuT+INCW9uAokLlflGOlbruFHWvLnBwk4vdGy11HFgo5NRG4UGq0shYkk8VxPiL4jaboF39lEMt3PzlIMEipGehq4YcGnVxHhPx7YeIpTHHHJbzL1il+9XbBgRkUALRXE+JfiVpfh68+yCGW8n7xwYJFWfC3j7TvFEjRRRSW86jJilxuxQB1tU502vn1rn9T8c29jfPawWNxeNGCXMIyFx61a07xDa61Ztcxgx7B86N1XvzQBoVNbpubPYVgaV4ih1a/ntreGQrE20y/wAJ+ldREmxMUAPqKaLeMjrUtFAGcVIbHerUEZUZNSeWu/dT6ACiiigAooooAKKKKACiiigAooooAKKKKACiiigAooooAKKKKACiiigAooooAKKKKACiiigAooooAKKKKACiiigAooooAKKKKACiiigAooooAKKKKACiiigAooooAKKKKACiiigAooooAKKKKACiiigAooooAKKKKACiiigAooooAKKKKACiiigAooooAKKKKACiiigAooooAKKKKACiiigAooooAKKKKACiiigAooooAK5PxqsK2YuLy4EdpF8zJu+/7YrrK4n4haANU0e5uJZ3EcMe4RjGCaAKWg32qwWX2q3iDwMcRIAcbe1P1Tx1qOkJG1zZYEjhBhT1NdF4OQR+HLZFGAEAH5Vz3xM/49rD/r6j/nQBenur/XNBn86EwlRvUgY6DNcNearJqOh6ak5zNEQHz1+9XrkLwrpiLNIiKyY+dgK8p8U6RZ6RfLNBfRuk8gbYHXC80AaOrTLb+M9Klc4CjOf+A1Y0PSv+EuGpzXU8qQXCmEbT0w3asfxLHBqnibTbZL2OMOAC6uOOK72zn0rwr4fKpcxSCMFjsYEsfoDQB5Z430e20C8sdNTVdQliMg3xhskAjsK1YzYxWag33iJYlX+7xitS00JddF3requkUrArBvYDaAeDz7VQvfGPn2g8PQxt9pLeWZip2bemd3SgDo/Cem2c1nLfWWp6hLGFIMc545FcUsaW2r6vcSXeqRgy5AtBkdO9en6Lp8Oh+FjGroxWEl3UggkA968szqZsNQ1SC6aO3nmUAbsDB4oAkj1a1fTDd/2h4hwO+3itTwjBFf6/b3qS6nMN33rpeKx/sV5YW39n3Opt9hkGVeJwx9efStjwNc313qH2e0u7l7KI8O64DetAFfUJGvfE95YKmmxxIgbNw20nJqrZmNL68sZrXTpY44DIPJ+YE1MdOurzxvqJh0iwvgsK7jdybccmo9K0y4k8U31sLCxtJHtdoW2l3LnPc0AXlltrbTLSeOwt1LzIhAXoDVLxW4bXIbi2sJmNujR4eM7Tk9q0tTsX02ysLSaSJphcxkrG4bvUnjsaudVsU06dI0MR3K8gUE5oA4h9e1VdQWEaGhiOct5RrZ0G6dfEdre3GnSoImziKM1HOPFEF7bWreSZLhSyYlyMCtLwsNdj8XW631zEIC3KLKD+lAHsUEomhSQKVDDOCOaZe/8AHlL/ALtTDoKhvf8Ajym/3aAPnLxiP+JtJ9TXOqhNdL4uwdVkPbJrnQfSv0DKl/scGePXa9owAxxTW6UM+KYWJr0m0jFLQKKKKhsdhR1p+RUdFNTsFvMeXoD80yl59KalcVvMlopF6UxmIqm9BW8z334ZSbPByjv5rV1RYnrXHfDTJ8Ip/wBdWrs0iZ/pX5tjNMRO3c9yl8CK9wjvbyhAd2w4/KvIPC76XaeM9YXXPKWYzny2nwBjaM4zXuCxrGprzLxXZ+CdY1Ob+0iILqAkMSgBY9e55rlLOcu77Tk+JliNIKbWLeY0X3Wr2SKVvIxnkrXifhbSrG+8YxyaRblbC0JHmlNu/Neuw6paSXTWkcymZAMqCMigDzDwlLpVt431T+3zEsx+41xgDG446+1Lql9psfxIs/7EZAJCiu0X3T+Va/iS28Faxqzx6oRBdxgFnZAMjt1NYHhPR7HU/GqvpFsVsLXB8wpt3EGgDorOebwzrGpC7srif7SzOjxRlhg9qyYru5tUuraBfLuNQlEoQ8FE6HPpXqmvanbaRpktzMRuCnYPU9q8zawvZNHuPEk4YT3Eg8oDqkbdRQB2fhdNJ0q1js0vbdp8fN84yTXXA5HFeOajY6ZB4Vsb2w8sakzJmRCN5+bnNer6WZTpsBm+/tGaALlFFFABRRRQAUUUUAFFFFABRRRQAUUUUAFFFFABRRRQAUUUUAFFFFABRRRQAUUUUAFFFFABRRRQAUUUUAFFFFABRRRQAUUUUAFFFFABRRRQAUUUUAFFFFABRRRQAUUUUAFFFFABRRRQAUUUUAFFFFABRRRQAUUUUAFFFFABRRRQAUUUUAFFFFABRRRQAUUUUAFFFFABRRRQAUUUUAFFFFABRRRQAUUUUAFFFFABRRRQAUUUUAFFFFABVPVLBdT02ezdiqyrtJHarlFAGdZ6WbHS/scM7KQuBIByPeudn8D3d9exzajrtxdwxuHWF0GAQeK7OigDP1DRrTUrZYLiMMi9Aaw5vh34euMebYxtjpkV1lFAHJH4c+HTKspsI969DjpVhfAuhqwP2NDj2rpaKAOVl8GC6uP9Mv5Li0AwluyjatX/APhEtFFv5IsowuPStuigDk5PB9yVeCHWZ4rNgR5AUbQPSi98C2t14Zi0SO4aKJNuWVfvYOa6yigDmbPwNo9tYm2kt1lBGGLDrUVp4Pm024X+zdVltLQHJtkUbTXV0UAZUfh/T45JpRAvmzoEkfuwqHT/AArpWm3Ulxb2qJK4wzDrituigDBbwhpDXv2trVDNncGx0NU7vwVFqN5LPfXbzhiTGjLxH9K6qigDj9O8C/ZdTiu7rUpbpYgRHG6gBQe1T3vgewmuhdWbfZLjOfMQZNdTRQBHDG0UKIzlyoALHvTL3/jym/3anqC9/wCPKb/doA8H13Q9Q1bU5TZxeYoY5rN/4QnXTwLTn617B4PUG5u8gH941dfsT+6v5V6+HzmvQpKkkrI55YaEndnzY/gbXkYq1qMj/apU8Ca+5wtr+tfR7wI/JUflT1jRRgKPyrq/1ir/AMqM3godz5tPgfXRx9k/Wmf8IPrv/PqPzr6RnChPuj8qqbV/uj8qI8RYjrFB9Sh3PnweB9dx/wAev60f8IPrn/Pr+tfR8SLs+6Pyp+xP7q/lUviLE30S+4f1KmfNv/CD65/z6/rTh4I13/n0/Wvo5/LQfdX8qquwb+EY+lC4hxPVIPqVM+eD4L13/n1H/fVIPA+uk/8AHqP++q+hgik8KPyqeKADqo/KqfEVe1uVC+pQWtzl/AGj3WmeHEt7tNknmM2M54rsFUKMCgAAYAxUckoTp1rwqtR1Zub6nXFWVhzuFXmuO1vwPoGv3n2q/wBPill/vGulkcueaRVLHisxmdpWiWOj2otrG3WKMDGFqKDw5p9pqkmoR2yrcyY3OOpxXQxRBBz1pJ49y5A5oA47WfAnh/Xrv7Tf2EUsvTc1dDoekafo1qLawt0hQdlqTpTlYq2aAE1TRbHVxGLyFZQjBlB9RVl7G3ez+yNEphxt29sVLG4dc0+gDnLfwRodtcLNHZRhl6cdK6IAKoA6ClooAKKKKACiiigAooooAKKKKACiiigAooooAKKKKACiiigAooooAKKKKACiiigAooooAKKKKACiiigAooooAKKKKACiiigAooooAKKKKACiiigAooooAKKKKACiiigAooooAKKKKACiiigAooooAKKKKACiiigAooooAKKKKACiiigAooooAKKKKACiiigAooooAKKKKACiiigAooooAKKKKACiiigAooooAKKKKACiiigAooooAKKKKACiiigAooooAKKKKACiiigAooooAKKKKACiiigAooooAKKKKACiiigCvfeeLKX7N/rtvycZ5ri7qbxf5UgZP3ff92Old5UF7/x5S/7tAHI+Bt+648z7+47vrXa1x/g3/j4u/wDro1dhRe+oBRRQaAKs75bAqFQScVLLGQc0sCfNmgCwgwopkkwTgdaSWXbwKqkknJNA7Cu5c5NCqWPFKilmxVtIwgxTEMii28nrU1ISFGTVeSfIwtIB0s+OBVYkscmk61NFEWOSOKYDI4y7VbSMIOKcFAHAoLBRk0gFqvLOBwKbJcZ4Wq/WgAJyc05ULHgU+KIufaraoFGAKAEjj2Lin0UUAFFFFABRRRQAUUUUAFFFFABRRRQAUUUUAFFFFABRRRQAUUUUAFFFFABRRRQAUUUUAFFFFABRRRQAUUUUAFFFFABRRRQAUUUUAFFFFABRRRQAUUUUAFFFFABRRRQAUUUUAFFFFABRRRQAUUUUAFFFFABRRRQAUUUUAFFFFABRRRQAUUUUAFFFFABRRRQAUUUUAFFFFABRRRQAUUUUAFFFFABRRRQAUUUUAFB6cdaKKAOa1JfFpum/s97AQZ+XzAc1yNz4n8bW/iSHRydOMkhwG2nFep15jqv/ACVSy/3x/KgDpbJfGf2mM3cmnmDPzbAc4qXxfqkthpaRROFuJzsXHrXRj7o+leR+NtQvdQ8X6dBbowtoplJLDGT3oAv+I/FFzpVpplorSPN8jzFOoHeugtfHNnJboUtLqQY+8BnNZEnhyaLTtQ1G/wBskrRsIxnOFxVXww2vjR4Bb6dZPFtGGYnOKAOom8cWEBjV4JhJIMrHjmuc8R+PBHcWggt7mMEnIIxmo7xHbx1o/wBthijfyZC6r90c1B4xu0uNZtF020S4S2P70quf5UAdSnjqzSFGmtbiNdoyzDAqTX/F8ekJZmOCSY3TAIEGeozWJ4gv9N1PwRcS2yIsix4KkYYEY7Vb1WG0fw7YPPPFC0aK29mAZflHSgCjq3izUr62a2sreRLrGQNtP03xlqVvapbXtqz3SJlgq9cVy1vJNrc8kWjX7IEyGuZn2sT6A+lXY7mKCVbDWL5orscJcxMDuHoT70Ad3oPika5ZXsqQvHJbcEOMc4zXDf8ACf8Aiq4v7mO1trdoo2wCUrrYJ7HQdBlbY1wZR87Wy72YkYycV53b6oLG5uXtbS/ZWOTuhPFAGxL438ZRRlza22B/0zNdjoWs6xrvhn7VCIEvSWUbh8uRXnKeJ5NQhZY7O9ZTwSsJNdJoWs3Ftoh0/SrO5W4yWL3UZRRn3oAta1rXi3QrN7i8u9JRVGQDwTWb4c8W+LvEETPHcaUnzYVWHJo/siz1WV7jW9USdwMeR5gZAak0rStKt7CeJ7uK1fzC0TwuMhewoA7DT38SQJJJqn2WRQCQIBya5nxH49vdNs9n2CZJZOEynrxWno99qFjE8j3Ed3YopIl37mJxx0rzrX9WuNd8W27agl7HYEM0SwRkvj6UAdtoXiTWLfTI1u7KeSXGSdma27LxJe3NykbafMqseWKdK4cXVmqYF74lAA4/0c1qeAtTlk1a/Q3N9NBGilVuVww59KAOki8R3EPid9MvkVImRTEwGMk9qp2Wq3Fr40lsJ5CYnj3pk+prK8R+INNvbyCU2OpLLbSbt6255xx1pk/iTRrm7hv2sdVE0SgbhbHnFAHReIfFE2n6nb6fYoJZ5CCwxnC55rB8S+MprPXrW2jhnBCkNgcE5qtpev6bFqs+oSWOqTTyEhGa2J2g9q5zxTfyXWqx30RKFJQm2TjGT3oA2L/4geIoLm7CS6fEkLhVSUYY5rVtfiFdw6eJr63Ejr99oV4FcTqNrcT3GoyfZbW4AlTdI5yV+lWryCSO90+0imQQXx2uu7gYoA9ttLgXVrHOAQHUNg+4pL3/AI8pv92ltIxFZwoOioo/Skvf+PKb/doA8E17Wb7TNUlW1neMFiTtOKy/+Ev1r/n9l/77NSeLv+QtJ9a56vuMqwlCeDjOUU2eTXq1FKyZu/8ACX61/wA/sv8A32aP+Eu1r/n9l/77NYdFel9Qw38iMfaz7s3P+Eu1k9byU/8AAjS/8JdrIHF5KP8AgRrCo71X1LD2tyIPaz7s228Xayf+XuT/AL6NR/8ACXax/wA/cn/fRrI7Uwr3pfVaK2gvuD2sv5mbY8Yawp4vJP8Avo0//hMdZ/5/Zf8Avo1z1AqJYWg94IpVJ/zM328Y6z0+2S/99Gr2h+KdWn1q1ie6kKs+CNxrksZrX8PLjXrP/rpWOIw1GNCTUFoi6dSXMtT6Vs4t1vG7dSoNXAMdKhtP+POH/cH8qc8qoPevz5u7ueuZ3iDXLfQNKlvZzwo4Hqa8nf4h+M71Df2mnx/2cTuG6I7ttdj8RrC41Xw3IsA3OjiTb6gc1xWjfESxtPDCaVNYXQu44ihUQnGcGkB6H4W8Qx+I9KjulG2Qj50PUGt92jtrd55ztRBkk15r8HC866hI6bVLAhcdK6b4nXb2Xgq9eJip2dRQBy158Q/EeqahLF4YsEe3iOGkkjyDg4ODXVWniu+i8NS3up2xiukBG3bgEivOPDz+L08Ppc+H7K2W1BLMZGKsx78V1ui6tJ478O3NjOgivoSysBwNw4oAlbxX4ltLe31K6jtjYTuoUIvzAGug1zxWthpVvNagPc3BXy4+pwTjOK5PUNN19dGis79baKytcNvV/mIFUtI1KzjvV1TURLNBD8ltCi7mZT3x9aAPUtJkvJdOhkvwguGXLBBgZq9WFonirT9bkeKBZYpUODHMu1vyrdoAKKKKACiiigAooooAKKKKACiiigAooooAKKKKACiiigAooooAKKKKACiiigAooooAKKKKACiiigAooooAKKKKACiiigAooooAKKKKACiiigAooooAKKKKACiiigAooooAKKKKACiiigAooooAKKKKACiiigAooooAKKKKACiiigAooooAKKKKACiiigAooooAKKKKACiiigAooooAKKKKACiiigApGYIhY9AMmloIyMGgDn5fGWlQytG4udy9cQk153qPiC0l+ItrerFdGBWyW8k+letNp1oxJMKkmm/2XZf8+6flQBkR+NdJcqoF1k+sJrJ8WLAZdKlgTaHuA3THauuGm2gORAtFzplpeeV58IfyjuTPY0AZ+ugnwxOAcHyT/KuR8MeGdVudFgli8SX0CMoIjQLgV6JNbRT25gkQNGRgr7U21tILKBYLeMJGowFHagDy/XtAv5/FulWh1G7LCJw1yFGTz37V32i+HbPRLVkjG92H7yQjlvrWsYkaQOVBYdDT6APIvFVtpkbXg057pJphtMCwnYTn1rovEHhy01Dwd513HueK2UhSOhwK7I2FqX3mFd3ripJ7aK5t3glQNE42lfUUAeR+HYvDtvpgjk+0owPISAkVT8VwaDcQWqW4uHczoMPCVHWvXYNE062j2RWyKvpTbnQNMuwontUcKwYexFAGPaR2fhrw99oU43J8qgd+cVyWi+JdQsnv7jVrebyLnJi2oWIGMdK9JutIsbyOOOeBXSPG0HtirDWsDxiNo1KjtigDxfQLlmSZxrerWKsxIjit+OvvXa6VqUX9n3Ns2p317IycNcRbcc1139l2Y/5YJ+VKNOtApAhUA8GgDyrwjP4Zjs7oalp7Sz/aZPm8ktxmtjUbnwYdOuPL0tg+w4P2dutdra6BplmjLBaIgZixA7k1LJpFjLGyPboVYYIoA5H4cQ21xoVwqxDyTKCqkY7VQ8RHUbXx1p40i0hmkWJwEkfaOvrXf2GmWmmRNFZwrEjHJAofTLSS+S9aEG4QEK/cA0AcrNrHjOGMmXSdLjGOrXeKzfBNze3fifUpr2KGOQoufJfevX1ruNT0aw1eLyr6ASp6E1Hpfh/TNGRksLVYQ3XHegDnPEuvXF9cf2Lo+4zScSSjgID3B6V0Fjpc8OifY5rqR5WTBkOMg1Zs9JsbCR3toFRnOWI71doA86i13UPCGpPZ6sZJ7OQkxzn5iPQcV5z4nudQm1i71AWZn0x7lWzgn0xwK9/v9Ls9Uh8q8gWVOuDTYtHsILL7HHbIIMY2UAeJuLXVYLqa0v7q081lJtoI8r+PeprfS7SSEPPNd/aYiDAPJ4B78163Y+FNF02SWS0sUjaU5cjvV7+zLMf8sFoANMkMmnQE5yEA5+lSXv8Ax5Tf7tTKoRQqjAFQ3v8Ax5Tf7tAHzp4u/wCQtJ9TXP16PP4OuPEuoTyQuV2sRR/wqTUP+ex/SvscuzPCUsLGlUlqvI86rh5yd0ecUV6P/wAKk1D/AJ7H9KP+FSX/APz2P5Cu/wDtvBfz/gzH6tW7HnFFej/8Kkv/APnsfyFH/CpNQ/57H8hR/beC/n/Bh9Wrdjzik7V6R/wqTUP+ex/IUf8ACpNQ/wCex/IUf21gv5/wYfVq3Y80ZaZXpp+Ed+f+Wx/IVG3wlvlPMx/IUlm+DltP8A+r1ux5ypwa1/D/ADr1n/10rrf+FUXn/Pc/kKvaR8NLqx1S3uZJiVjbJGBWeIzPCyoyip3uioUKqkm0esQzBbOEDrsH8qiZixyaRF2RInoAKmihL8npXwrPVTM3VbiWz06WeKHzSikleeRivKLvxnp+owtb6f4ecatL8rM0DqBng/NXuQiUKVIBBqFNPtEk3rAgb1xSA47wnp7eDvCRu71WadgDIFG4/pU+sqnjjwXcrbxupkUhQ6lTwfeuxeNZEKMoKntSRxJEm1FCr6CgDxfSfiPJ4Y0l9GvdMn+1xEhAkLsrDtyPpXSfDLR7uIXWrXcXlNdOzKnsTkV30mn2ksm94ELepFWFVUUKoAA7CgDz3xRdXfiHXIdDtVkWBSHmfaQCAeRVHUbGPw14s065kt2bT4YGjGxS2CTxwK9NWCJZC4QBj3omt4p12yoGHvQB55pajWfHh1OzjkS3TIZnQrnI969HqKG3igGIkCj2qWgAooooAKKKKACiiigAooooAKKKKACiiigAooooAKKKKACiiigAooooAKKKKACiiigAooooAKKKKACiiigAooooAKKKKACiiigAooooAKKKKACiiigAooooAKKKKACiiigAooooAKKKKACiiigAooooAKKKKACiiigAooooAKKKKACiiigAooooAKKKKACiiigAooooAKKKKACiiigAooooAKKKKACiiigAooooAKKKKACiiigAooooAKKKKACiiigAooooAKKKKACiiigAooooAKKKKACiiigAooooAKKKKAGSypDE0kjbUUZJrGvPEmlG2lQXa7sYxWvc28d1bvBLnY4wcHFc7deDdHS3kkEcu4DI/eGgCp4LZXmuXQ5BckGuyrjPBKLFJcog+VXIFdnQAUUUUAFFFFABRRRQAU10DCnUUAUGBVsGgGrUsQccdabHAF5NADY4d3JqwAFGBS9KKACiiigAooooAKKKKACiiigAooooAKKKKACiiigAooooAKKKKACiiigAooooAKKKKACiiigAooooAKKKKACiiigAooooAKKKKACiiigAooooAKKKKACiiigAooooAKKKKACiiigAooooAKKKKACiiigAooooAKKKKACiiigAooooAKKKKACiiigAooooAKKKKACiiigAooooAKKKKACiiigAooooAKKKKACiiigAooooAKKKKACiiigAoooPIxQAUVzepeERqN00/wDa1/DuP3Y5MAV5/faPdW/ji20ldc1HyJGwT5vPSgD2SmSyxwxl5GCqOST2rmbLwWLS5jn/ALZ1GTac7XkyDVfxzqAt7S209ZSr3L+XnPPIoA6pr22WJZWmQIxwrZ4NTBgwBByDXkXibUbxfsNhp53paIskpHP3eoro9M8S65fWMc0FpH5ZHGVNAHbzTRW8e+Vwi9MmmNeW6KrNMoDfdJPWvLNe1vxLcC5jubZIbRDgvgj6Yrk4tX1R7SGIfa5EjJ2tyc0AfQBuoBKsRlXzG6Lnk028vIbG2eedgsajJJrw2x1jWJ9dWWJpPtZACRy5xkV02uaxr9x4PuDdWqq3zK2VPSgD0+C4jubdZozlGGQagtdUtbyeSCKVTJGcMoPNeYx+IfEdrpljHFBEkOxcyMCABj1pkFtq9nePrcV1bgOdpAf5ST3oA9dpCQASeAK4jRNe1ebTNSlu0jJgOInX7rDbnOa5yLxhqsmmJcz31gnmcbN/I7UAeqw3UFznyZVfHXB6VNXjkd5eaGLjUk1iydZACYhLnH0Fdl4W1W+1GYPLe2csZAO2J8sKAOxooooAKRmVFLMcAdTTZWKQuw6hSa81TVtf16/1K0intYYYpNg3Ng4IoA9IguYbld0MiuvqKlrzvS9M8QaTaC3hvrNlHdpOTV3w3reqza/c6fftA6xqpBjOetAHb1ELiFpTEJFMgGdveuevtU1yG6ZLe2jaMdCVNcNqesa7H4ugMcQWYhdy4OCKAPX6ie4hjkWN5FV25CnvXLx6zr4cGW0TYOThTmuQ8ReNYv8AhLLKNrW8j2xshGzGTkcigD1yivI7Cyn1rxXPFJquo28MhzGnmYOMVY1zSJtG1zTYLXWr+V5nIKyS5FAHqlQXv/HlN/u0+AEW8YY5OwZP4Uy9/wCPKb/doA890bxLYaJeXKXbhSzkjnFbn/CxND/57D/vqvG/F3/IVk9dxrnQPevpcFkVKvh41OZ6nFUxfJLlsfQ3/CxND/57D/vqj/hYmh/89h/31Xz1j3NGPc11/wCrVL+dmX159j6F/wCFiaH/AM9h/wB9Uf8ACxND/wCew/76r56x7mjHuaP9WqX87D68+x9C/wDCxND/AOew/wC+qP8AhYmh/wDPYf8AfVfPWPc0Y9zR/q1S/nYfXn2PoX/hYmh/89h/31R/wsTQ/wDnsP8AvqvnrHuaMe5o/wBWqX87D68+x9C/8LE0P/nsP++qlt/HmjXNwkMcw3OcD5q+dce5rS8P8a9Z/wDXSscRw/TpUpTjNuyLp4xyklY+n0YOgYdCMilqG0/484f9wfyqavlTvAnAyazpNd0qKcwPfQrKDjYW5zWH8RNXuNH8MSS2x2ySMI93pniuD0v4bJqfhhNZuNVuzevH5uRJxkZ/woA9oVg6hlOQe9LXA/DDWbi+0uWyuZDJLanaXJzmuo8SauuiaHc3zf8ALNcigCzd6tp9gwW7u4oWPQOcVYiuYZofOjkVo+u4HivDNM0iz8TtJqXibXzamRyIohNtwM8cH2rtLuzbQfBk0dhfSXMTA7ZN+4gfWgDtY9a02W4MEd7C0o42BuauSSpCheRgqjqTXk1/bWlt4Z069tp8XrOhYqfmP1rTv9VvNfFhotqzCRlDzuO2DyPyoA9FhniuYhJDIroejDoakqrp9kmn2UdtH91BjmrVABRRRQAUUUUAFFFFABRRRQAUUUUAFFFFABRRRQAUUUUAFFFFABRRRQAUUUUAFFFFABRRRQAUUUUAFFFFABRRRQAUUUUAFFFFABRRRQAUUUUAFFFFABRRRQAUUUUAFFFFABRRRQAUUUUAFFFFABRRRQAUUUUAFFFFABRRRQAUUUUAFFFFABRRRQAUUUUAFFFFABRRRQAUUUUAFFFFABRRRQAUUUUAFFFNclUYgZIGQKAHV5jqv/JVLL/fH8q6SfxFrEczImlxsoPB3GuMvV8Q3HjKDVxpcflxtkjefSgD1wfdH0ryPxfZahqHiywu5iY7ZJwqKD1I712EfiTWWZVbSowO53mofFizXL6U/lHd54LBRnHFADZvD0Gl6Df3AcvLMjMWbqMisPwzYzPpEDDxCYRgfu/OUYrt9bjMnhqdApJMRGAPaub8MeCtGuNEgludPjMzKCxZTnNAB4q1HT7fw+mnX93LJ5gB86MBicGuKj17w1plrHE+o6hjtiKux13wzOR5cGlW8lpCDsy+MD6V5pqmnjUr2GztdG2S7sH5GA/OgDo9O1Hw+PEVnqMd5eSPGwZVePg8V13j+41iXw9KbC3gazeLLO74YAjsKxrTwXqEKxOui2oZQMHzK2tdGuTaCdONjGZJF2cP0FAGOnhrxFeeHrI2lyJwVUtFNJhcY6VAl74hnuT4cXQ9LDBCceaccd662LUNU0fT7W2jsElKxKGJY8HFcxbS+IIfFzaqdLj8sxsuN570AbFnpuo6J4SvE1LywW4SNGyqjB4FcFeL4e/4RW2hvtPnjnf/AJbRQE9/Wu91m51zXtPFolikOXVmIc9AeaZc2mo3enjSY9LheOMYVmcigDzG+sPDy6fmZbxYjj5hBya9h8D2einSIrrTbHySRtLvGUY4rlf+EH15Via5k+2RISfs0jAKv0rpYrrWZ7GSyt7NbN0XCPGx4P40AdjRXNeF9avL3zLPUImS5iJy2Dhh0zmuloAjuP8Aj2l/3D/KvHdJSxbxDrBuby5ibzxxGuR0r2K45t5R/sn+VeS6QLiDXtXJ0ZLgNMMNJkdqANcxaRj/AJCV9/37FV/Bq26+Mr0W80sq7V5kGDV8zzY/5F22/wC+mqp4VWceLb6VtPFsNi4C5wfxoA6jVLjxZHeEaZY2MtvgYaWYqc159qtz4uPjWBpLCwFxsXCiY4/Ou6uPEWrxTMiaXGyg8Hcea5a/m1+68Txakulx7EUDG89qAOptrzxisu6+0/TktwMsyTEnFef+ILebxF44haOR4QiMI2XvyK7s+ItXmBjfSYijcH5z0rK1aIWmuaXcLamONbdiyxqSBzQBRurDUfDd9YanfvvEKkO4bJOfWrGmyjxR43F7Hlra0wyt2ORT9Zl1PxuhsLKFoLFvvTHKt+RqPRLa9+H6/ZJLcz2OeZhkt+QoA9LAwMVBe/8AHlL/ALtLa3KXduk0edrDPIwaS9/48pf92gD508Xf8haT61z9dF4tVjqkmBn5jXPbH/un8q/QspkvqcLs8fEJuq7ISinbH/un8qNj/wB0/lXoqce5gr9htFO2P/dP5UbH/un8qfPHuPXsNop2x/7p/KjY/wDdP5Uc8e4a9htFO2P/AHT+VGx/7p/Kjnj3DXsNrS8P/wDIes/+ulZ+x/7p/KtLw+jf29Z/Kf8AWelcuNnH6vPXozSkm5rQ+mLT/jzh/wBwfyqaobT/AI84f9wfyqavzU9ox/E2iwa7o0tnOwUNyrHse1eUN4Z8a6HpsludRiGkxoQsn2gbiMelew6vZSX+my28UrRSMp2uvUGvLh8P/F9862Wpa/cy6cCPkJUgge1AF74O2TxWN3cszOspBDN3ra+KqSP4IvRGDnZ2+tbC6C2leGv7N0dzbyIMI6cEUllo11deH3sNana5d8hmfnigDzvw38OdL13wol3f3Bkm5G44O3pVz4aCW4XUdGupDcWkbuiljnjOMVWm+Hniywlls9H1y4h02Qk+WpUDk5PFd74Q8KQ+GNP8sN5k7ndJIRySetAHO+JdI0vw/a+YHaWVzthhI4DHpWHpK6hBqMOnxHyr++QzySZwUxwQDXZ3Hhe51TxOt/fvutoh+7j6jIPBo8QeGLqXVoNX0t9t1EpTZnAIJ55oAp6NrGo6d4nbRL6Qzq5JjkY5OBXd1yWieHbz+2H1fVW/0jPyJnIXPXmutoAKKKKACiiigAooooAKKKKACiiigAooooAKKKKACiiigAooooAKKKKACiiigAooooAKKKKACiiigAooooAKKKKACiiigAooooAKKKKACiiigAooooAKKKKACiiigAooooAKKKKACiiigAooooAKKKKACiiigAooooAKKKKACiiigAooooAKKKKACiiigAooooAKKKKACiiigAooooAKKKKACiiigAooooATavoPyo2r/dH5UtFACbV/uj8qCqnGQDj2paKAEIBGCOKAAowAAPalooAOtRiGIHIjTPripKKACkIB6gUtFACbQeoFG1f7o/KlooATaPQUYHoKWigApMAdhS0UAIEUHIUA+uKWiigApojQEkIuT7U6igBNq/3R+VIEUHIUA+uKdRQAm1fQflRtX+6PypaKAE2r/dH5UhRW6qD9RTqKAGqip91QPoKVkVhhlB+opaKAEAAGAMCob3/jyl/3aLy5WztJLhhlYxkiuRuvHVu8UkQtmyRjOaAKOgaBpur3ly99biVg5AJrof8AhBvD3/QPT86zfBEgme4kAxucnFdpVRqTirJsTSepzv8Awg3h7/oHp+dH/CDeHv8AoHp+ddFRVe1n3YcqOd/4Qbw9/wBA9Pzo/wCEG8Pf9A9PzroqKPaz7sOVHO/8IN4e/wCgen50f8IN4e/6B6fnXRUUe1n3YcqOd/4Qbw9/0D0/Oj/hBvD3/QPT866Kij2s+7DlRzv/AAg3h7/oHp+dSQeDNCt5llisVV1OQc9K3qKTqTejYWQiqFUKBgAYFLRRUDCiiigAooooAKKKKACiiigAooooAKKKKACiiigAooooAKKKKACiiigAooooAKKKKACiiigAooooAKKKKACiiigAooooAKKKKACiiigAooooAKKKKACiiigAooooAKKKKACiiigAooooAKKKKACiiigAooooAKKKKACiiigAooooAKKKKACiiigAooooAKKKKACiiigAooooAKKKKACiiigAooooAKKKKACiiigAooooAKKKKACiiigAooooAKKKKACiiigAooooAKKKKACiimTSpBE0sjBUUZJNAD6Kwm8UWbaXc30R3JBnPvirOjazDq2nR3anaHAODQBqUVR1O/NjYPcxxtLtP3UGTisaDxnbT2IuEtZ3cfejUfMv1oA6eiuOk8fW5mFtHY3K3LcKrDrWro+rXt7M4ubV4UAyCy4oA3KKZ50f98Vzk/iyOPWZdOSJmdIjICB1xQB01FZGi65HqsTkxPE6HDB+K0zPGATvHFAElFYGm+JoNQ1m808DabYgEnoc1tmeJRkyKAPegCSisl/FGhxuUfVLZWHBBesM/ETR11z7AbuLy9uRKG+WgDsqKxx4q0FiANVtST/t1Br3ii20exiuF/feaw2hOcgnGaAN+iuQ/wCFgWXz7bO4kCfeZRwKhtvHMmpyr/Z+n3Dwk4LlcigDtGVXUqwBB6giqV7ZWos5SLeHO3rsFWoXMkKsylSRyDTL3/jym/3aAOV8G4FxdAAABzXY15BH40TwzqE8bRM+5ieBVr/hb8X/AD7v+QrshgMTUXNCDaM3VgnZs9Voryr/AIW/F/z7v+Qo/wCFvxf8+z/kKv8AsvF/8+2L29Pueq0V5V/wt+L/AJ9n/IUf8Lfi/wCfZ/yFH9l4z/n2w9vT7nqtFeVf8Lfi/wCfZ/yFH/C34v8An2f8hR/ZeM/59sPb0+56rRXlX/C34v8An2f8hR/wt+L/AJ9n/IUf2XjP+fbD29Pueq0V5V/wt+L/AJ9n/IV0/g7xonime5iWJk8lA2SPU1nVwOIox56kGkONWEnZM66iiiuQ0CisnXPEWneH7Uz306IOyk4JrH0T4i6Frt2LaCcJIegZhzQB11FAORkVka94k07w7a+ffTKo7LnBNAGvRXJaH8RNC127+zW84WU9FZhzWvrHiCz0ZE8475HOFjU8mgDWorG0jxJZ6w7Rx5imXrG/3qludetLfU47DJedwTtU9KANSiiigAooooAKKKKACiiigAooooAKKKKACiiigAooooAKKKKACiiigAooooAKKKKACiiigAooooAKKKKACiiigAooooAKKKKACiiigAooooAKKKKACiiigAooooAKKKKACiiigAooooAKKKKACiiigAooooAKKKKACiiigAooooAKKKKACiiigAooooAKKKKACiiigAooooAKKKKACiiigAooooAKKKKACiiigAooooAKKKKACiiigAooooAK5LxjNd3Cx6bb5jjlOJZTwApHrXW1WvbaG7t2hmI2sMc0AeZ6v4V0zT/DVz5Ouy7vLLMiyDBNHhLQbGbQbd38QXERKj5RKBitjxP4T0uHQLyRNu4RkjgVX8HeFdMuPD1vJJt3FR2FAGvfWF/Y6Gf7IuvtZBDEzPnIHWs61hm1LT1uUSGxkP8AredoJre1ia38PeGZjEwCquxcepBxXB77tvBFrLd3LgzEEljjHNAGbe2k6eNLQDUYd27hxIOOK7G7h1KDRru4XUhIEjz8kmcU+Lwt4XkijuHuLQzbQdxkXOcfWuXtbpLWLXbaK4EkXkYjAYEZ3dqAKen6pAlk81/da6CHOWRCVA+tT2WhwXni6KRNUvVhltfMDs2Gwa19U1eGLwqukRxXDXM6cYiO3ketc94oml05NJFjJm7aFIJNp4QHqSaAO10DS9PuL68hs9RvneJjHIzHjOKbrvh2HS7F5X1u/wB5GFXeMkmotO1Wy8IadFEQ091cx+a7Iu4s3TtVGPUGv78atriXK22CYIEiLAj3HUc0AcH4c0y/h8VXjXeo3aRbhvdW59s17Lp/hOJHiuRqt5OnXY7ZU1wOl67o9z4j1pJ4bkxTFdoEBJHHpXSeHddu9Nu47G4jnls5mIhlZDuH1HagDN+IUWmaa1t9m0+2cs/73auWxiuOF5ohIY6Y+718quqnAkbV7+Yec0EZZEfp96qMdtqcth9rW00faV3AG7AP5UAL4Mk0y81xkuNOgW1VCwaVMHNXX1CLW/HDWSRbbO0glVAB8pwMgis+aIz6NBcmNIJftKRsIjkEHrzW9Baw2nieFIUCg2kucd+KAMjR9ftLCDVbaTTrqZjxujiLDp61oeBvGNnZaHHb/wBmX7MHbJSAkdaTw14istO+32kpYySnAwMgcd60/DWswaHHfwXDbVhwy++T2oA721uFurdZlRkDDo4waS9/48pf92odK1GPVbFbqMEKxIGRipr3/jyl/wB2gD508Xf8heT6mufroPF3/IXk+prn6/Q8o/3SmePiP4zCiiivSMAooooAKKKKACiiigAr1P4M/wDH/qX/AFyX+deWV6n8Gf8Aj/1L/rkv868fPf8Ac5fI6cJ/EPX6KKK+CPWPGvGKQX3xJsrXVZMWPlk7X+6TkYp/xDsPD+jw2d5o4toLpZEUCDAyC3NdZ418O6F4gkjgv7sWdyOUm4BAB9Sa8w17wzp9he2um2eqTavdySKwdwDsAbkZWgD3XRZ2udIt5XOWZRms7xLY6HIIrrWhEYoiSBLjb+taOniLTtLgimlSMKoGXYCszxAvh/V1Gm6s8DK3QSEbT+OaAPMtTttC1HxvpQ8MpFG8UytKYMbcYPp710+uRSWfjC0ur+MyWnlooOMgN61y/iLSNH8Kazp0/hm4RLiSXa0VuQQwx3wTXr4gt77SIH1GJHHlhmD9AcUAecXWpQ2/iyTVLRDHbrCyZxgM9bvhK3ikupNa1KaMXFwd0Su3Kqe1YN5CviDVp4tPgEWnWWXO0cM60/SbFNV0zUb24uSssJPlrkfJ8ucCgD1ZWDAFSCD3FLXKeAL26vfDsLXTs7AcM3U11dABRRRQAUUUUAFFFFABRRRQAUUUUAFFFFABRRRQAUUUUAFFFFABRRRQAUUUUAFFFFABRRRQAUUUUAFFFFABRRRQAUUUUAFFFFABRRRQAUUUUAFFFFABRRRQAUUUUAFFFFABRRRQAUUUUAFFFFABRRRQAUUUUAFFFFABRRRQAUUUUAFFFFABRRRQAUUUUAFFFFABRRRQAUUUUAFFFFABRRRQAUUUUAFFFFABRRRQAUUUUAFFFFABRRRQAVjaxo93qTqbfUpbUDsgBzWzRQBxlx4JvruB4Z9euHjcYZSg5FJa+B7yygWC312eONRgKEHFdpRQByz+D3urE2t/qMl0hdX+dR2q5qXhWw1PSo9OmQG3THy4rdooA5dfh74XVAv9lRHjGear23w70izuN9vGEjJyYwODXYUUAVJNOga38pVCkLtVgOlYtv4K0uJZzLEssspOZGHPNdLRQBzOmeDbawvhcvMZggKxqw+4PSugktopE2mMHAwKmooA4zQ/DU1p4o1S7nt1EEzKYznrXX+RHtACDjpUlFAHKQ+EEYX8c8haO6UqQR0yc0J8OvDSW3lnTInbGNxzzXV0UAefS+B7hpI7eFvJso5RIEXkcGumPhu3N8t1u+dY2j6djW3RQBzNv4F0aBJj9mRpZTlpMck1WvvAVnfQIjzEODy+3lq6+igCtYWUen2cdtEPlQU69/48pf8AdqeoL3/jym/3aAPnzxPZ3Fzq0nkxO/J+6CaxP7Iv/wDn1l/75Ne5eEI0e5utyK37xuozXX+RD/zyj/75Fe3hs8rYemqcYqyOWeFjKXM2fL39kX//AD6y/wDfJo/si/8A+fWX/vk19Q+RD/zyj/75FHkQ/wDPKP8A75FdH+slf+VE/Uodz5e/si//AOfWX/vk0f2Rf/8APrL/AN8mvqHyIf8AnlH/AN8ijyIf+eUf/fIo/wBZK/8AKg+pQ7ny9/ZF/wD8+sv/AHyaP7Iv/wDn1l/75NfUPkQ/88o/++RR5EP/ADyj/wC+RR/rJX/lQfUodz5e/si//wCfWX/vk0f2Rf8A/PrL/wB8mvqHyIf+eUf/AHyKPIh/55R/98ij/WSv/Kg+pQ7ny9/ZF/8A8+sv/fJr0z4QWdxa32omaJ0BiXG4Ed69V8iH/nlH/wB8inLGifcRV+gxXLjM6q4qk6UopIunho05cyHUUUV4x0nM+KvBVh4qjUXPyOvRwMmqvhf4d6R4ZmM8UYluO0hHIrsKKAMbxB4fh1+1WCZygUg8CsjxB8PdM1+1him+WSIYEgHPSuwooA4Tw98LdG0K9W72ieVeUZh9012GoWQvrGS1DmNXXbkVbooAytH0G00exa1hUEPy5x941i3HgWFrqWS2vHt4pm3SRKvDV19FAFTTdOt9Lso7W2QLGgwAKt0UUAFFFFABRRRQAUUUUAFFFFABRRRQAUUUUAFFFFABRRRQAUUUUAFFFFABRRRQAUUUUAFFFFABRRRQAUUUUAFFFFABRRRQAUUUUAFFFFABRRRQAUUUUAFFFFABRRRQAUUUUAFFFFABRRRQAUUUUAFFFFABRRRQAUUUUAFFFFABRRRQAUUUUAFFFFABRRRQAUUUUAFFFFABRRRQAUUUUAFFFFABRRRQAUUUUAFFFFABRRRQAUUUUAFFFFABRRRQAUUUUAFFFFABRRRQAUUUUAFFFFABRRRQAUUUUAFFFFABRRRQBXvnmispXt0LyhflUdzXHT6j4pljdPsEm08Y2iu5PSo6AOb8I6deWkcst5E0TuxO1hXUUg6UtABRRRQAUUUUAFFFFABRRRQAUUUUAFFFFABRRRQAUUUUAFFFFABRRRQAUUUUAFFFFABRRRQAUUUUAFFFFABRRRQAUUUUAFFFFABRRRQAUUUUAFFFFABRRRQAUUUUAFFFFABRRRQAUUUUAFFFFABRRRQAUUUUAFFFFABRRRQAUUUUAFFFFABRRRQAUUUUAFFFFABRRRQAUUUUAFFFFABRRRQAUUUUAFFFFABRRRQAUUUUAFFFFABRRRQAUUUUAFFFFABRRRQAUUUUAFFFFABRRRQB/9kNCmVuZHN0cmVhbQ1lbmRvYmoNNzQgMCBvYmoNPDwvQml0c1BlckNvbXBvbmVudCA4IC9Db2xvclNwYWNlIC9EZXZpY2VSR0IgL0ZpbHRlciAvRENURGVjb2RlIC9IZWlnaHQgODEgL0xlbmd0aCAxMzI1NyAvU3VidHlwZSAvSW1hZ2UgL1R5cGUgL1hPYmplY3QgL1dpZHRoIDg0Mz4+DQpzdHJlYW0NCv/Y/+AAEEpGSUYAAQEAAAEAAQAA/9sAQwAIBgYHBgUIBwcHCQkICgwUDQwLCwwZEhMPFB0aHx4dGhwcICQuJyAiLCMcHCg3KSwwMTQ0NB8nOT04MjwuMzQy/9sAQwEJCQkMCwwYDQ0YMiEcITIyMjIyMjIyMjIyMjIyMjIyMjIyMjIyMjIyMjIyMjIyMjIyMjIyMjIyMjIyMjIyMjIy/8AAEQgAUQNLAwEiAAIRAQMRAf/EAB8AAAEFAQEBAQEBAAAAAAAAAAABAgMEBQYHCAkKC//EALUQAAIBAwMCBAMFBQQEAAABfQECAwAEEQUSITFBBhNRYQcicRQygZGhCCNCscEVUtHwJDNicoIJChYXGBkaJSYnKCkqNDU2Nzg5OkNERUZHSElKU1RVVldYWVpjZGVmZ2hpanN0dXZ3eHl6g4SFhoeIiYqSk5SVlpeYmZqio6Slpqeoqaqys7S1tre4ubrCw8TFxsfIycrS09TV1tfY2drh4uPk5ebn6Onq8fLz9PX29/j5+v/EAB8BAAMBAQEBAQEBAQEAAAAAAAABAgMEBQYHCAkKC//EALURAAIBAgQEAwQHBQQEAAECdwABAgMRBAUhMQYSQVEHYXETIjKBCBRCkaGxwQkjM1LwFWJy0QoWJDThJfEXGBkaJicoKSo1Njc4OTpDREVGR0hJSlNUVVZXWFlaY2RlZmdoaWpzdHV2d3h5eoKDhIWGh4iJipKTlJWWl5iZmqKjpKWmp6ipqrKztLW2t7i5usLDxMXGx8jJytLT1NXW19jZ2uLj5OXm5+jp6vLz9PX29/j5+v/aAAwDAQACEQMRAD8A9/rI1u6nt/K8mQpnOa16w/EP/LH8a8rOqs6WCnODs1b8zfDRUqqTRmf2nf8A/Pwfyo/tO/8A+fg/lVXNGa+A/tTF/wDPx/eet7GH8pYfVL8RsRcHIHpXUafI8unwSSNudkBJ9a42U/um+ldfpX/ILtv9wV9Zw3iq1eM/ayvbuefjKag1ZWLlFFMmlWCF5HOFUEmvqDiHZGcZ5pc4rgNG8Q3ep6/fXpk26ZBjbnv2NQ+LfiHYQaXJHZXyR3jAiMYyWNAHotFcLoHj+0l0yL7e4SfABB7+9TyeNDba1BDcQMtnOBsmJ4JPQUAdnRTVcOgdTkEZBrkLPxPcz+Np9IYfukYgfgKAOxopCcDJrmLLxDLP4su9NYjyolUj8aAOoorh38eXk2r3Fhp2hTXjQjLMjgd8VHdePtS0+e2S/wDDlxbpPIIw7SDAJoA7yiuX8Q+L20SK3aKwe6knxtRWAPNZM3j/AFS3Vmm8M3CKjBXJkHy0Ad9RWFb+KbGS0tJpmELXSkohNVLDxDPdeLLvTT/qogpU/WgDqKKKKACiisPxB4ltNDgk86QLJ5ZZRQBuUV5/4d+JVhfacst5Oqykcg0eIfiVYWNj5lnOrSZHA+tAHoFFYWheJrTWoV8hw0m0EgVTvPEeuwXLRw+GLmZB0dXGDQB1NFee3XxF1S01COym8L3KzyY2qZBzmtSPxP4geRVbwndKpOCxkHFAHXUAg9DmuU8VeIZ9P0lUtoGOoTD5IQeR2rmvDvjjXlP9lz+H7ie8hO2UhwOaAPUKK4a48e30eqf2dD4fnmuR95A4yKksPHV1ca2NKu9EmtJzjAdwc5oA7WivPpPiLqC311bReHLiQ24LMRIOmetPs/HGp6tp73Vvo8sIifD7nBzigDvqK4rVfGjw6fZ/Zov9NuCv7rIyATg1ratq1xpvhsXjjbcDG4UAb9FcraeJNQl8PQX1vpsl7K4JZUYDFZVl8QNWv7mW3t/C1y8kX3gJBxQB39FcRa+O7uTV30y60Oa2uQoYIzgk5qk/xJv1Fyy+G7ho4CQzCQdqAPRKK88/4WVdN5CR6BO0syB1TzB0qlYfEXXJdQvo38PzusDkFQ6/JxmgD1CisXR/EMWp6KupSx/Z0K7mVjnFYjfFTwot79lOpxeZnGOaAO1oqvDe289qLmOQGEjO7tXKXXxR8K2l8bSXU4hKDgjnrQB2dFVbTUbW9s1u4JVeEjduHTFcvffFDwtp981pPqUSyq20jnrQB2VFUrDVrPUrAXtrMskBXduHpXLXnxW8KWN29tPqUSyIcMOeKAO2orI0HxJpviO1+0adcLNH6isHxJ4y/snXbaxjb5dwMx9FIoA7WiuRl+ImhW4QTXaKWOBnuanXx1o74xOpz0oA6eise/1i5i01LvTtPkvt+CERgOPxrltY8d6zp2nSTT+GbiJcbQxkXgnpQB6CCD0NFea+GvFXib+ykebw7cXBbJDh1Ga6jTvEN9Osj6lo8thEgzvkcEH8qAOiorz25+Jc8M7pHoc0iKSA4cYNZ4+LEl3e/wBnrpklrMwz5jOCF96APUqK4Cz1u/8AtKNPr0DRk8p5VX/EXjaXRJbZbfS5L1JxlXRgB1xQB2FFcAPiHqK6kllN4buI5GBPMg7VLaeO9U1AubHw1czovBZZBQB3VFcpofjCfU9Yl0y70qWynjUMQ7A8Gn3HiCePxj/ZQH7rylf86AOoorl7/wAR63a3Lxw+GrmeNTxIrgA1zn/C1bkaymmN4enE7HBHmDjmgD0uio7eRpYEkdCjEZKntTbqXyLaSX+6pNAE1Fcr4N8Q3GvpcSTfdRiq/gcV080ghhaQjIUZoAfRXAP8Rrr9/JDoM8ltDIUaYOMcVc1fxkItCsr+zxunlRWTqVyaAOzorkNG8Tz3uv3FnNxFGTz9BWnruu2llpMkwuVRip2mgDcBB6UmR6ivNdJ8fSw+H451t2v5dzbthxtGeK5i++KOq/atS2adKi+SNilh8hz1oA9y60V5t4T+IF9qawW8mkSlmIBl3jFbes+Jp7DxBaWKABJcbvbJoA66iuJk8Zra+Mxpl1Ksdv5bNuPqK0LnxzpELOsc6yuv8I7mgDpqK5i28XibS5bx7N42jxmMtzVC78aqmpWIjYC2mfDH04oA7aiuQvPGQ/sG4voYihTcqEnqRW9o9697pcFxKQHdA2M0AaNFcfdeLptL15rO/t2S3YExyk8H0FVIfH2oX11dxaf4enuktn2M6uMdM0Ad3RXDL421po3kXwtclU+8fMXirtn4vvNR0YX1no00snOYVcZGKAOsorgtL8f6nqt49vD4aucxn5z5g+Wj/hP9TfV5NNh8NXMk8ahyBIOlAHe0Vw2mePNR1DV/7PPh24jcH5yZB8o9a17/AMUR2l3NZyRmOYRPIhJ64FAHRUVw+keOfPsLdpozJcS4IQccd6u23iSW78VyadHjyYj8/wCVAHV0U1nUKSGHA9a4jTvGcrzam067ktFLAAjnnFAHc0VxFr411m+iMtr4WuZYs4DCQc0278catp6xyXvhi5giZwu9pBgZoA7mioLK5F5ZxXAXaJFzip6ACsPxD/yx/GtysLxE6p5O4gda8jPIuWAml5fmjowrtVRh0U3zo/74o86P++K/O/YVf5X9x7HNEJf9S/0rr9K/5Bdt/uCuOklRomAcdK7LS/8AkF23+4K+u4XhKCqcysedjmnaxbrn/GNtqF34eni05gsx9s8d66CsnxGJ20WdbeeOGUjAd+gr604Dyjw6160q2Hltb2dkS1xI44fNOtNY8PeIPFoudRurS3tbMjy0ZcFmGQc4HNaXhiwOnMIb3UbeZ2Yl9rcMKmOmadfeOnW2s4DDDGjttQYOetAFHWPGGkab4ttpbO6sbixlCxMiRj5fU9K6PVdf0a/FpHeadKsDSKYpVYKCe2KyvCWi6Rd2Opm+tofLSeT5yoyoz61a8YR2S6LpIsirxLdRqrDnigDop/Ev9ngW8WlXUyKMBlYc15zp/iN0+JFzc/2ZcElm/dgjI4r2C2WBraJWCFymcEc151pkUf8AwtW7Gxcb24x7CgDpptetNUs5YtRtriwgxzI8m39RXmdhb+Ff+E1vA+syCAKu1/tLcnvzXt89rbPA4lgjZMcgqMV43ava2vja71BtOhfTGwpbyxhMdTQBJoU8VtJ4hlspyyLa5R9xP8XrVrWriS60DRpJWLMbtOT9KNS0k6Rp2qXsUsJivoSkKJ65zTdDtbzxX4cswGji+xXIL7hjhaANrxZxPpH1T+dYs8ry3fiIFmKrdgcngfLXQeLrOZ0sZ4V8yOAKWZenBzXH2OrQ3M2twsCsl1dB4iejDGOKANaf/j28N/7jfzrZ0T/koV//ALkf8qrTaLfNb6Dtgc+Sjb+OnNWdFGPiHqAPUKn8qAOh1/Xb7S720htdNnukmfa7x4wgx1Oa3onMkKOylSwBIPao57i2idBPIisxwobuamBBAI6UALWXrsds+k3fmxxswhfG5QT0Nalee+OhpEIkee7uzcupCwQy4zn2oA8+8O+G472x83+z7qTOPmjfAo8QeG47K2SX+z7qPDDmR8jrT9F0610zSZ7y81G6idyCkCzEbR6EUuq2NnqOmWt7bahdykcvCZic8+lAHslhJbWOhxTw2yM6xKdsagE8CqB8ZSAkf2Jecf7QrL8FxaNMI5Le8uvPAAME8uf0ruvs8P8AzzX8qAPHfEHiV5vGllP/AGXcKV2/ISMmu7/4TOT/AKAl5/30tYHiaGMePrABFx8navRvs8P/ADzX8qAOO1l9T1GzGp2clvYGJDkXcW8+teZaBqnidfEF5fS3lrbxzOMXMkPyN24r1fxZoLX9rJN5zxwxRs2xGxkgZFebaL5WraP5V1cwRqOig4IoAvWmp32m+Onmu0/tCVsEvbjaDx71ettSfVPifDKbOW3A2cSEehqCCztbC3zHqELOoyHZst+ddL8PLoapZyXNxHC8yOwEgXng4HNAHJX0WryeJtYOn3tvAgt/nEsZYkZrS8HeH7TWdEmXUJ5Q4lOTFIUB/KsrUbCwuvE+rtdXskDLb5ULJtzzT/CNjpd5pF55l/co0LMf3cxGQKADQ/Bulan4nvorqe6KW0hSLE7DA61v+MfCGnR+G2aO4uz5ZAGbhjXDeGtFVPFU7Xl1eR2dw5MUglIznpzXaeL/AArLYaFK1rfTvCWGRLISaAIPDT2HhzwvBLA8813OpCxGUnPbgGtPQWuvD1s93dWE09xckkiPAwM5HWudhsxovgW3u7ZjJO+MGU7tvPaust/DurXNrFK14vzKDjJ9KAM3TLW91rx5NrEtlNbW6xIF8zuRn0rmruHWGXV2tb62jtgz7o3jJY89jXVaFe31h4wvNKupkaGKBHz9TXC30mjzTas0moSLOGciNJcA8+lAEmowLNc6OJYbiUfZVyIH2Hr61XtdE8i81OWbS9WWJ2JjP2jHGO/rWiWuYvDthe2jxyYKxkkZKitpJo2t0M+pQLu4ILd6ANnwjpEWq+CILOUyJGVGRuIbr61B4s8I+GtL8L3BkhVGA4cn5s/XFaCajD4T8OPeSypJE2PL2HjmsPT7eLxJdLqOt6nD5BOUgV8D8RQBjfb77TPhNMC7rI/mCMk84yMfpW9ovw80iTwcTNAXuLiPeZGOSCwB61N8SbeC68DzHTdjpAhIEfTsKvaH4t0s+C0le7iVoYQrKW5yABQBifDiKS407UtGmkfy45njU7jkL061u3/gnw5p2i3LTwgny2JkkOTnHriue8BXy2Flq2tXCkQGZ2U+o606G5/4TO6+1XupRwacDlIg+1iPegBvwzSSDQNXKM5s+fILHPy7TXGeH/EHhjT9QvhrdsksruMM2OPzFe6acdItdP8AIs3hMEa4IXHT3rFv4/B11YTSPHp/KnLBFz+dAE+l3+mf8I7JdeHUSQbcqkQFctpeqQaTqMo1Swe71SY8pxwpOV4NZvw1uRp9xq8tpDPc2KcxInOeecVLcajeyeOjrH/CPX5t9iLtMfPGaAG+Ntchnl0vGgvDtuQeVX5vaustPEVuY4l/4RuQZAGdqVyPjXxOLqTSz/YN7DsuQ3zoBu9hXV2/jILBGP8AhGdROB18sUAbGs6gkelopsLh0lX7kLBSteL+I0tdR1OHTLC11RjnM0bXJYjBr0vWNc1bVrI22m6XNauyEl7hOFHevOvCVm1vqupm8vIxcrIAWY+3agDaEWhaakFtNZ6xE7DCqbwjJ9q6rSdQ02xsXgntL2C2I5kuZt3H1rivGEcbaS06X0TTRkbCrc9a6nRNU1Cy0aEanpbajC6gL5EeT075oAiu7ca2/wBm02ylghc4Nw5BUj1GK59/hrE3iYxBpwog3CfzDt3/AOHtXS6lqkGpBV/sHWrcL0EA2/yrzzxRPcyanDYadb63CzYLB5DuI9qAPQbGGLRyLbVbOWREOPtKkBcetM8dOt3Bpn9jXMWDt2SEbl+9UHhe+bRdO+zXWh6xds3Uzjf/ADpfHMqXNnprwwGwU7cK427fm9qAK0dvq8HjCMardwXDmNtpij244rpPh5Ki2NwGYA7j/OuStHjh8bQRz3yTh1IyrZxxXRWHg7RUup4hqlyso+ZkjnIxn2oAIDJL8SNRFu6rIbePaxGQDk1hXdl4o/4WNt/tOz87y1IbyTjbngVv+GvD8Gn+IbzVbW/+0WmwId77mBB55rI1bVrxvGj6lZ2cggWMJ5zrlARQBD418YeIrOeLSRaOqvhJLkKArHpx3FSeHdW0Xw+4VtNuZb4qWkeSQMeOpGelWfMm8V6ml5cxBLOzG5nxgMw5yPaoLO3GoXGr6sI18lN6RHHUFaAPStG1aDWtOjvLdSsbjIBNVfFl6th4dup2OMLis74eqU8IWZbA/d5rD8YXzeJNUh8PWLblLfv2HRe9AGb8H9QmU3ljdDYwYumR1y1epXilrOUAZJWuC1vTP+EYnsdUtkPlw48/b3AFddNfxXvh6W5t5AQ0WcqehoA8jN3qtmLvSH0+VRc3DbXIGOai1zw7qWiQ6aWlLWzzRl1OeGzVi8aG6lhW7upFxPnKvhqTxE13eTWFuZZDElzH5SseWXPU0AW4Le+vPFN1bWT7C0h3HHbjNdH47s7XSPArqQ7yRgBfm5Oaw7XR5rrxreeRcNFNEzY+YgdAea1NfstS1O3hju3SSKFG80oOCe1AHnlpqFk3hOKCOX7HdAnc8jZHX0FZ9zGxl1E/29p7Ztl5EZ+f2HvXoFtbWFp4A+2yWkTyRFsEoDnnvVe31SaWBXW30UAjo0AzigDF8LK39safH/a1vcBmUGOAFSPrW14r8L2S+NLQGa6xKQT++PGT2qxoF6mo+KfsctvZpLGgdXtowoqDxPok8njazS6uXKMVI2MQRzQBf1PwbJpniGC/s0luoBEylSxZsn3NaUVzfQQNHFohyRjc0Sk1zXiIva+OLaxLalcW6wP+7t5DuOD1qS9EKWkjJp/iJGCnDNIcCgDZttI1HTNJvL+a+t7SWfBP2hCVH4V5pfaz4gfxJbiSe1+yo/7udYcIT3rt7WS7m+HkN4ZS5iByJjuzz3rIsYtXvLR9clbTRaw9IzH0xxQA/XdQuL7+y9Hubq3ureWXMr2ieWApFaepaBDpmq2Frp1xeHIVthnY5FXotOW68Dzagtsq3EbOwIXn8KreCLqXxT4hF+VKxWsQhIb+8tAGzb6yL/U5NGvtPdXhhZkkcDPFcvo+qSWCa+kGr2dhI0/H2hC24be2K1NW1e10vx5NJOw/49ZBgHmsfTtTjstLvtQFpA5urlChuIwwAPFAEPhXXbtI7xbnxHYGJgcxlDubjsa6jw9rcOi+B7i9kcYG4j35rIXWVXVY9OntNLcTRsd0EIBGBVW50b+0vh9K/mMiRMSQpxn5qANXwJ4os9OixfwPBLdTNiWRhggnIpdO8U6HF8Rr24k1KBYjbqocnjOelZsElg9/4chDxOFnw69f4e9bHhbSrDU/Gd/eC0t3txH5YGwY3A80AR6B4n0UeNLp/wC0oArhgpz1OarePtV1WEyy6fqNhO7IwWFYMuEPXmtLQtIsG8aXqCzgwFbaNg45rB8THULTxE2kWn2QPdZZXlTO1emM0AY/gjVNXGmK0t/Y27pGSsc0GWYY7Vq+GdPtPE0uqaretcxTrz+7lKDP4VZ0ywurHWrLR71LWU7Dlok549aTxXdN4U1ia3hh2x6gQECDAGKANnwXoEepaDPLdXN2Q7MoPnt0BriLTSNLtp9ZEl3MsiofLUzH5ju/WvVtG0SaLwjFaJJ5bMC5IOOvNea6dp1vZx6+zkySCI4LnODu7UAWtI8Rajp+hyfZ/FOkwiPJWGSElvpVZ/EmpeItPQX/AIl0vYkykxrCQxFaVlrOlLpMmlx+HpLq8eHdvjiB60/QNTsNCtBHqnhidfNlCrI8IwM0Aen6C8T6Ja+TKsqhB8y9DWlVexMLWcT28YjiZcqoGMVYoAKimtobjHnRK+Om4VLWJ4g8Vab4a8n+0GkXzc7dibulVGnKo+WKuxNpas0f7Nsv+faP/vmj+zbL/n2j/wC+a5L/AIWr4a/563H/AH6NH/C1fDX/AD1uP+/Rrb6jX/59v7ifaw7nW/2bZf8APtH+VWVVUUKoAUdAK4pfip4bZgBJcZP/AEyNdfZ3UV9ZxXUJJjlXcuRg4rOdCdL442KUlLZk9V7yzivoDDKMqasUVmM5jVPDINoItOtrcOesjjDD6Vb0Pw1baPA2GaSaQfPI3X6VuUUAecv4Q8QWgvbSwa3NndsxYyP8w3HJxUXibwtqf/CO6fp2nBWmjkRmYngEV6XRQByXhjwzfadILzUb6WW4KkeXuygz6VQsNBvYviFc6iyjyGZiD+Fd5RQBk+ITef2VIlioMzDAzWZY+Gray8LS2d0nmeYC0mBknJzXU0EAjB6UAeW6PoV1r18VmEsWnWzkxLIMEsDg8elR2VnrOjW2oaZDbHE8jlHUHgHpXqqqqDCjApaAPPE07XbqxtdJztj2AzSE8+4rVvvAWn3OkxW0I8qeEDZMow2Rz1rrqKAOXjtPEtlpENvbNbyzqMM0rdah8O+HL+11i51XVGj+0zAfLEcqMV11FAGDrfhiLW7u1uJLueE277wsZwG4xzW3FH5USRgkhQBk0+igArlfEGgXdzdpd6faWc0wGCbjtXVUUAea6j4W8R6jbPDJp+kruOSynmk03wt4j020SCPT9JbZ0ZjzXpdFAHKeH9AvLa9a6v7Wzhk4x9nrc1X+0fsv/EsWIzf9NTgVfooA4S28Ma3f+IotT1loF8oDaIWzyK7uiigCjrKs+kXaqCSYmwB34NeVeEA9npvl3Gh73H8TwnNexkZGDSKqqMKMCgDzu4uUaBwPD6ZI/wCeJqf4c2kw0e5SWF7be74G3aR81d9SKqr0GKAOIuPh3YpFe3HnSz3EynBk571zWjeFNTj3actvHFC0m55QMEr6V67RQBzGpeELa50WK0hJSSAAxuODkciucv5teudF/sm5tt8oIBkUEg/jXpVFAHnmr+HL9vBNvY2yqbhMHDdOtXbVPHEVrHGItOwqgcufSu2ooA880XQ9bfxje3usRwhZYET90cjg1d1rwHpRsLuS1sojdSqfmK85rtqKAOY0TRYLDwzFBPZxu6ICV25ycVyPiGzudXgSysdGihJlRjIYyMAHmvVaKAOT1HwVba14Yh0i7mkjVFGWj61zK/BSwUYXXNSAHYOK9SooA5vQvB1roulSae1xNdxOCG885Nc1J8G9Ie9adb+7SJmLGBSNhz7V6TRQBg3HhSwm0A6OmYoCu0lBg9K4tPglp0a7Y9a1JFHQBxgV6lRQBx/h/wAAW2gW1zAuoXdws/UytnHGOKwn+DGmvMXOrX4QnPl7htr02igDM0XQrHQbNbayiCKByQME1p0UUAcn4z0m51KTTDbrkQ3IdvpXUQKUgRT1AqSigCOdS9vIo6lCB+VeV6b4V1+DWNSmhsbCWOWQFTcdelesUUAeU+IPC3iO80uSE6bpaAkcxfe616F4dtZLPRLeCUYdVwR+FalFAFHVP7R+y/8AEtWIz/8ATU4FcrYeG9ZuvEq6trH2dSiBVELZ6V3FFABXOa14PtNdv4rm7nlKxjiP+HrXR0UAeX6r4RmsNfW8sLZJFXIG4V0PhLwzJZRS3eoHddz8P3wO1dfRQBwtr4fvNG8UM1p8+nXJAeNug7k4rr5NNtZbZrcwqsbdVA4NW6KAOK17Sr6cxaTpcSQWjYMjDjI71Xk8N6/BZDS7NLRbHgFy2HIrvaKAONvrPU9I0K20rSUVn27S7dhVzwr4Vj0OIzzMZbyXmSRuT+ddNRQBBeWkN9avbzoGjcYINefSeHdX0a4ksbWV5NMuiQTnLJnk4r0iigDiLL4fadY2ryPJNcyffHm8kGquh+Fbq615tR1EARQZSGPtjscV6DRQB5xf2eqaR4pu7y3g82K5DkEAnBIwK1NE0rUF8NTi7Ym4nGdpPSuzooA85l8O37eApNPVFNwS2AenWo7Hw74jis40/svSDgdW616VRQB5no3h3WbPxlJqF5aWsUfkqALfpkVZurG/1rxfDcNAUhgxyRjODXodFAHnGr6Lr48dxalpUcBCwupMpwOav30XjiezliaLTsMpBw5z0ruKKAPPNNifQfBiWup2bzyNnKRpuHWuSm8HeI9Vea4siLawIyLYkrn8K9uaNX+8oOKdjAxQB5pNf6nqNlD4fsrJoPlCTyMhUYxjIP1FQ2OhXvgLUI5LMSXFpOR5o6kMepr08IoYsFAJ70rKGGGGRQBwPiHwrDfxrqVtB5l1cfLiQfdU9auxeArOfw/a6fcu4Me0sV7kHNdiAAMDpS0Aed6rosGmXP8AoenmWUKVWTZnGferOkeGbuXwXLp8wCTTZ49Oc13dFAHnl54JOnaH/oMMb6guSjt2P1rovCPh8aDpYR+Z5CXc+55NdDRQBx+kaTdWniq6vJF/dMGxWB4uD63qBg03T3W8Q7RO8ZAH0Nen01Y0UkqoBPWgDyPRdH1zwnftqGrKb1mBwy5dgasz+F9R8bu2p6gWg8v5rZBwR9RXqjKrjDDIoAAGAMCgDidF1zUbfT5rG7tJDc24wGCEqw6DmuWt/C2r3t6GZPLhuJSJQePlzmvXtiht2Bn1p1AHmFt4e8R6X4labSorYwiAJmU4qbxFpvjHVLa3iuorLylmVj5bEng16TRQBV02JoNOgif7yrg1aoooAK8n+M/TTP8AgVesV5P8Z+mmf8Cr1ck/36Hz/I58V/CZ5LRRRX6AeQPi/wBcn1r6a8Nf8i1p/wD1xFfMsX+uT/er6a8Nf8i1p/8A1xFfJ8S7wPQwPU1apanqMel2bXMoJRSAcDNXaw/FG86VIFkCLjnNfLHeZ9z4zji1O0gjjVoJzgyE4xxTr3xnBFolxqFvGX8rOFYEZINeLXeuSP4mgtWkZbWN/lfHX1rpfEGoSSjS9DWcBZpfncDoCM0AewaVfm/06G5dVRpFDbc+orEv/FbWfieLShCjI6by+7pzXIXVtrmn6tp+nW2skxuEyAnRSKy9a0q/g8dwLLquWMWd2336UAd7J45hOoXFpbwGVoH2McHrRJ40kiQu9iwUck4NcJoE99a65qyw3a/685YqOeKtHxNq2oXV5pwlXMeVztHPFAHpOh6/ba1py3kZCIf73H86vPf2iqT9pg4/6aCuN8GaYsnhdrLUQNxzuXdjvWJbaDpA1uWwvdMZEb/Vy+eeaAOs8OeMY9aubqKXyIRCzAHzBzg4rpEu7aRtqXETH0Dg14r4a0HQIf7UnuoC4iZ9qiQjOGrrPBuiWjSvevpzWx3ExEzbsjtQB0Oo61qlhqKoNPV7Q8eZuOfyrNk+IVst5cWyRAtbvsctkAGrs15rcGrGM2X2i0YH5sgba8q8RFgfEBCZJ1GMbRxnjpQB30XxPsp7mS3RE8xDhsniuh0XxGNYkKrGoA7qc15hbaDbf2f53/CIkuUJMn2nrx1rofhLkW14pi8raeEJzjn1oA9Morm5PFJTxKmkfZGIbH73PHNdJQAV514t8YXtpq6W+m7zFEN07L2weR+VehuNyEeoryrxp9r8P2l7LCQFuWIK4yTkYoA6PTPHsWo2wuI7c+TtLb8Gm2/xAju4mlt7UvGP4sGuH8KXl8/hMWsVwAUhIaMpgjg1peDfFOj6d4aktbyXbOAwIMZPNAHXQ+O7S40WXUo4yUizuGDxg4rPf4m2scEczWzBJG2qcHk1znht0n8DavIg+VtxGR/tVi3Cah/ZemGaRTB9qbAwPSgD06Lxk3223jmtdkE4Gxxk8mpE8WNc+JhplpAskSqS8uehHauf1vSL+Pw8b2HV0TZDuVNg44qHwT4auhZR6gNXUPMRJICvJNAHXeLfEbeHNOjuUiWUtMkeC2PvHFF/4lNlaRT/AGfeHXccZOK4v4p6XenTIZ/7Q/dG4jATb6t1rQkvX0fw8lm90Ly7uFAjUL0HQ0AXrL4gpqERltrRnQd8Gp7Hx5bX32xViIktUDuuD0ziqOi6jpXhPRUstQkC3JySNmevNZfhi1lubzW9WMeLaeEKhI64agDVPxMthCJjbt5ZcoDg9RT5fiPb5aOG33yiPzNpB6VwLpf/ANlQkuv2f7c/y4FJdSpBrrbr37LutMD93uz7UAdnpfxON3BLLcWQjVJAmQSa73T7xNQsIbuP7kq7hXz/AGMyw6VcxyaoVZ51Kx+Sfmr3Dwnx4W0/P/PIUAbNNkkWJC7sFUdSadXF+PdUljgt9KtmInvWKAjt3oA6bT9Xs9TZxauX2HBOOKvVyxaHwZ4VNzHb+Z5aeZIM9TxmrcPii2l8NtrOAI1TcVz+lAG9RXL+GPGln4m025vIVCLAxBGfQVjTfE+GIzOtkWgjnWEybu7UAeg0Vzuu+LbXRNCXVJAGRsYGfWiz8XWl34W/txQBDjOM0AdFRXB2vxJinu7OGSzMaXUpjRy3pWl4o8cWfhn7N5yhzMwHXoCM5oA6qiud1XxZbaZolvqRUOs+Nq57mtSy1A3ekx33l7d8e/ZQBeqvfXiWNnJcSfdQZNeb6n8XG06+ntzpDsImxu3daS0+Ig8XaNexx2JiVF5bOe1AHdeH9ftvENj9qtvuZI6ehrXrwzwj8QLbw14dESW7XMvmPuUdua9K8H+N7Hxbas8H7uZCd8Xcc4oA6miuA8SfE6DQ782sFk10y/eIyMVp+EvHdh4oglKjyZo87oz2AoA6yivO9d+LFhpl+9pZW5vJIzh9uRtNX/CvxG0/xHO1s6fZrodIm6mgDtaK4rV/iNYaNrD6fcpgr/FnrWVp/wAXbG51RLW6tGto3basjE80AddrfiWDRLm2hljdjO+wbVJx+VbMUgliSQdGGa5rxF4mstKksDLAswunCox7ZGc1F4h8c2nhxbQ3EfyT7ec9M0AdbRXl8nxks4tRWF7Jlt2cKJiTg5r0mzvIb+0jubdw8UgypHcUAT0Vi+IfE2n+G7Mz3soU4+VfWuR0f4rRanqcdq+nPDG7YEhJoA9Iorl/E/jnTfDVuplffcOMxxDqxxmuY0/4xWk97HDe2LWsbnAkYmgD0+iuO134g2GiTW4YB451DK4PY1ixfGDTv7XNrc25htznbOc4NAHpdRXE8dtC0shIReuBXnGp/GCysr4xQ2jTW+4L5wJA+td5p9/a67pSXMDB4ZVoAlsNStdSh821kDrkj3q3XnWls3hvx3Np4JFpdbRGD69TXoo5GaACiiigAooooAKKKKACiiigAooooAKKKKACiiigAooooAKKKKACiiigAooooAKKKKACiiigAooooAKKKKACvJ/jP00z/gVesVynjPwf/wAJULb96E8nPXPOa7stxEMPiY1Z7L/Iyrwc4OKPniivW/8AhT4/5+k/M0f8KfH/AD9J+Zr6v/WDCeZ5/wBTqHk8X+uT/er6a8Nf8i1p/wD1xFefp8IArqTdLwc9TXpem2n2DTbe0znykC5rwc5zCli3H2fQ68NRlTTuWq474hSLb6P9oktZriNOqxvtrsawvFV1YQ6S8V+rSK44jU4LfSvEOo8ltTd3Vv8A2xdeH5nsY+Ywu0FfXJ71vLplrdeC5NXtbOSGaIuwEjbiMVz7+HPE92s66ZFPbaSefs8+Wdhnsc11tzq91e6XD4e0zT5I5XUJMzKCEGOp/EUAUPC11ceLNfN9AdkcECxhyMgOvBqprGjSjx/EdQufObyt2UyuOav6Pp198O70DymuLK45coPuseTye1Q6wNW1/wAQNfWelXUUYgKK7gEN7igChpkmi2mqas98sjMbnbGFkxkEVHp9vYW3iC9urnT7hbVnyjeb2xV+88L6xaxWEttamS4YK0pKZAOe9dDfw+JJbCSMW1qcqRgW4zQBoabpGk63pSzWDyJE/pIa5vxHpVjYsbW0kkn1BuFUSHINaHh/TfEFv4Xt7SFVtpjnf5idOa6LR/DEGlQNLKTPdNyzud35Z6UAeKeD9KuINQum1Nne1ZiGIJATnnNev6f4SsmWG5t7mQpwy4kOKyPAtkJLzU47iHKM78MP9o1rNoOp6Re+bpVxm3ZstHJliPp6UAUNV1e4TxjDYW8uIY7VnfPPSuYXR4tdtNcmlukt4Xvo3DtnB4q9c6XrU2p3t6LKUTOGhVtvG0960bHwfexaXZQzsTFHHvmjXIZ3ByKAOZksorfV7az+3P8AY5EbLbziu78A6DDpFjLLb3iXMUx4Zc+vvWNYWN3rHjBZ5dJntLOEMv71Rg5Haul0PQ7rRtSuFSUGyfGxDkketAHQ+TEZN/lpv/vbRmpK5mTwvM/ihNWF5II1x+68w449uldNQA1wxRghw2ODXkfj6yvtJkTUbm/jd2mVUJT5UUnuO9evV518VUdtPtGS3afbPGSijk/NQBy09v8AbLiO7/4THTInAIKpAVHPsKW61aXRbVBb+INKuwSAY1tfmPPqRXUwazEIEB8GXp467ErD8WX4vNPWOLwtdWrFh+8ZFAHPtQB2GqWdvb+BrloIwnmQhmwMcnBrzTUdItrLQtOvpJ2C/aWLZc4HFesXukz6x4Ziso5BEHiAbd9BXCeIfhwmn21i9il7dyJKWkTzSy9PQ0AR+JbCxbwgtxZXjyyzLsRVkPLY6VY+HehRaho6rPNKlxCQrJ5h4IrV0HQ73VryGbULQ21tb42QsuMsO9XdY0a+0bWE1XR42dWOJYVGc56nHSgDnfiZpesR6XCrajE1h9ojURbDuHzcc1LqdrPocOmJpsqrcTL/AKyZd4HPvVvxjdal4gs7Wxh0S8RjNHI0hAwoDd6n8Y6VqjjSzp8DSPCuGIXIHNAFptB8WyxCV9a05jtz81pmq/h3VNRurDU7TUJIZGhQ4aKMIOuOlXRceLPs4XEP3cY8r2rN8JeH766GpRazDLEJ1I3J8mfm7UAefXMmkx6ckn9oqt0t65KFjwM+la2oajfaVNYzJrGnlJ1VQz2+7aD65ro9c+HVhp1pANKtZpnMxZ97bzz9a617G1tNDt3l0oXMkcY/dqils/jQBw3nzXpWH/hKtGZmIAAtMHP5V6Podnd2OmxwXdzHOyjAaNdorzbVob7X9UsobLw9cWESSK7yOigcHPavWo12RhfSgB1eceJWB+IuirKfkE3y/lXo9cN8QdPkVbTWbdC0lkxcgdT2oA6rVrGPUdHntHGVlj214da6u0dlJ4aMnzyXjR7f9nOK9u0TU4NW0uGeFw3ygNjsQOa5f/hW9l/wlw1zdyMEJnjOeuKAPPvPbwFcXGlE7Uu4GK/7x4FdRaeGUm+F4Z1HnSqtwx75UGug8W+ALXxRqVreSPsaAjocZAOa6hLCJNM+wgDyxGUx7UAeH2l+fFdnpWiGTcVhbzV9COlQSanJpmm3PhHdiQkBB+Oa9M8NfDy08P61c6ijbmlbKjOdvFNu/hzZ3fjKPX2b5lbJTJwfwoAwPG2iLpvhDT72EbZLIedkepUVhXKDxvNO6P5iwWSFcdnAwa9j1jSIdX0ibT5QNkibPpWH4S8D23heznhRt5lZiSTngnOKAPMrbVH16XTtAJy1rMu8ew4r3S3hS2tUhGAqLjFcdoXw7tNG8S3Grq25pc/KSTjJq/rfhafVNVS8jvZIlWMpsDsBz7CgDD8VanHqd/8A2FpFvC9yxxNIIwdmOoP4VoN4dtfD/gy4t4UXfs+ZgOprkrj4MTzalNerq0qSytklZnFbmh/Da50tJkn1Sa4WQYw8zN/OgCt8KNJsm8NyyPAjs7vksoPeszwZHFpnxC1mOIbIViVto6csa9D8L+HE8OaYbNH3AsTnPqap6b4NisfEN3qhfcbhAhXPoc0AefP4g13X9ZuRoFlElvFIySSSQq/Q8msjwybyLxBrKvOkk/2eXd5S7QDj0rsr34RRSaw95aX89vFI+50SZlznr0rZ8P8Aw8tdD1V7xJC4dCrBmJJz9aAML4TQabPaXjSpHJeeYPM3gE5x71S8XRWkPxG0waaFW4w3mrHx39K1dd+E0N9qUl5p19PZtKSzhJmUE/QVq+E/h3aeHZTdXE0l1d/89JHL4/OgDjLuOxl+Ldul/twSMBuh4ra+LUWlweG1CJFHdEHydigEnHtWHrmhxa78TXtJHePccBkYqRx6it7R/hJFaaol3qF9PdpG25EeZmA/A0AY/izzTp/hfzc7vNTr/uCpviBbx3V7oMcoypePIrufEXhGHXJLA7gi2jhlHToMUzWvB0er3FjK0mPsrKRyecUAZHj3RrAeCV220amMqVYKAePetf4eOW8F6cWOT5Q6/jWnrmiLrGjmwZtoPesp/B7Dwtb6PBdPF5O351cg8HPUUAcb46aGT4gaXDqLYsiWzk8e1elC10mO1ibyoFTaNrBAKxtY8C2etaJFZXTuZoxhZQxDfn1rn9D+FUumanHc3Gq3M0UbZEZncj8iaAMi+FrL8YUTUSDFsi8hW6E4P9K6X4l2mkx+E5GkihjkwfKKqAS2PatHxZ4CsfEsKNueG6jHySoxUjjA5HNc1pfwhEN8kuo6lcXUSHIjadiM/Q0AcbNbtdTeHUugSMRYB7jNdp8WtHsR4Wt3SBEZbiJQyAA4LV0mp+CLe+1KyuY2CLa7Qq5x0NX/ABT4cTxJpaWTvtCyrJnP905oA5qXSLGP4ZoBbxkiLO4qCe/erXwqYnwhACc4J/nXQSaEsnh0aVu+ULtzUXhzRIvC+ii18wFI8ksTQBzHizjxzomz73n8/lXoaf6tfoK8506N/Enj6XUVBaztdpjbsT0NekAYGKACiiigAooooAKKKKACiiigAooooAKKKKACiiigAooooAKKKKACiiigAooooAKKKKACiiigAooooAKKKKACiiigAooooAKKKKACua8V9bf6/wBaKKAN21/49E/3awtJ/wCRhu/9wfzoooAu+Iv+PEfWrunf8eEH+4KKKALVLRRQAg6UN900UUAYOgf8fFz/ALx/nW/RRQAlL2oooAavenUUUAFFFFABWB4l/wBXB/10X+dFFAGxF/q1+lZev/8AHl+IoooA1rb/AI9o/wDdFSHpRRQAL0pT0oooAZ3px60UUALSCiigANB6UUUANXrT6KKACszxB/yBLn/doooAw/AH/IIf/rq/866+iigAooooAKKKKACiiigAooooAKKKKACiiigAooooAKD0NFFAHlCf8lg/4F/SvV6KKACiiigAooooAKKKKACiiigAooooAKo6v/yDJ/8AdoooA53wB/yDZf8Afb+ddhRRQAUUUUAFFFFABRRRQAUUUUAFFFFABRRRQAUUUUAFFFFABRRRQAUUUUAFFFFABRRRQAUUUUAFFFFABRRRQB//2Q0KZW5kc3RyZWFtDWVuZG9iag02OSAwIG9iag08PC9Db250ZW50cyA3MCAwIFIgL01lZGlhQm94IFswIDAgOTYwIDU0MF0gL1BhcmVudCAyIDAgUiAvUmVzb3VyY2VzIDw8L0V4dEdTdGF0ZSA8PC9HUzggOCAwIFI+PiAvRm9udCA8PC9GVDEwIDEwIDAgUiAvRlQxNSAxNSAwIFIgL0ZUMzIgMzIgMCBSPj4gL1hPYmplY3QgPDwvSU03MSA3MSAwIFIgL0lNNzMgNzMgMCBSIC9JTTc0IDc0IDAgUiAvSU05IDkgMCBSPj4+PiAvVHlwZSAvUGFnZT4+DWVuZG9iag03MCAwIG9iag08PC9GaWx0ZXIgL0ZsYXRlRGVjb2RlIC9MZW5ndGggMTE1Mz4+DQpzdHJlYW0NCnic3VjdquM2EL4v+B10vVAdSTPSSFAKjp0sLezFtoE+QOkuLDkt2V709TuWndgeJSdOk5yelpDETEbf/H4aRfvKKsOvb7svj0b9+lztq06SQi/4+lv1yzv1O+t1r6+f+een9z9H9flPqfbpXfWxMtp49Vfl1Ad+/8jvL1nNqJ/eH9ft86ps1kPS3nW2+YFCZ/7phw9JtX8oxmKg3iwv3lerbfW02VqjnLNq+6k3lVHyk0WdAinvgrYO1Pa5+i5smub77Zdv1lv2bDmA19bEEqB3OWcAgvKsHtUzS/unXfcEVjvkx+736fOgkTOU/Thm80WHvAY/BOTO+TNNDSv7dALIo3b8GRgOM45Z4YpxWNSpqG3LkpSEBMiXyTtnwkKUNjyiQKzbaxBT4bW3UXptvZBQLSWIjZQ4K3HICElcl/mox9xzSbg798pHo4lgIBF4biFk15MOFpUzXqOhoavJjm09iR7YQhm94/ZB7p8O0hmYVQ1k1YqMnsEMVGIaew0CRaarQOj7ZOrVUPmJhMgKyZDfiQRXMrqIUifVTkhCLKy3chUEWh4j+hMxLvANod4st+KtO2HFRBlLkPFOY7GzHcAe9qcX7YZQ2h14BQWvpvGCzMDAtGl1UiOr4+qLdaeWZCe0eH6XA6dcPLVduuB0Ig4tWE3H0DA76eIYmglC4jMFZjpY6PiyuGc9ATjhCTUoMdtaSFIL0pO6EZKIUtK3xAyn8D80RR4WIa+EpN5IW/dCXiUpCfVS5IV1CfZEXSDEi7711Z9KympiLCLCdjIw8rloz20+DAuHRvPZICSFfPbhA8cwJaCfEntGcjrioEzdwGHuMnWRSJM7qOOgXnkDOgAPHZ7ECZ0CS3mM5qNZNdMgd1YDtc0YSSNrPB8laPigxpJdRjktOazaFTi7AZ+Qz1gz/INkRCOEM5IRTeIc8KOz2sYp/kEyokVnzkhGNImzExkEE3RKL+UYuLoXNAgvaHQemhN1+njmiD6u5Abs2ivOfjbnzuWZN2YyPUYCHY/6kkj81eW/IxK6YXqt5eaV0kiAl9zuyom92xTyoe8xblPg0S7d9k7u/hHtIrdfK9veBh26bkx+dJsaOTyokRsZFqMureS2lTbFEJpU7R+0hjGls8bATZD89wkkpOu7jTfOwe8bjdikoUiyWcs93RWztkggkuyo2wvxJuhDkO3M69AfnmzAYx1skBLTj0ZMo87bpBi4pCldQzGQktej2MzZ+1BsDvkgis2TfC+K3VyIt0SxeR36v2cPpthrMSzAVQxzfuX+PYZNnb0Tw2aQj2LYLMn3YdgdCrGEYa9FsFkZLP0fZhhnMDdtoutm2MPYM3Wkb2wV4WDDRX9Tp3vt4KSNm8kzy9+dxtN/aPTMMvrA0bPcd+svtX6MOoagHA8ZQ9T7Htby0qbeyGM4kdRJTVG6IC+dhvvSaVNYcVUFPhZN0ZpbuhOM9gYVInAT2EN5Mqmss2Pqb6IAOh2kEWqLS8AifjoxCeSqZIy84CsqtIRudXHdiVauSk1R+3w9N/bk3xU/HEANCmVuZHN0cmVhbQ1lbmRvYmoNNzggMCBvYmoNPDwvQml0c1BlckNvbXBvbmVudCA4IC9Db2xvclNwYWNlIC9EZXZpY2VHcmF5IC9GaWx0ZXIgL0ZsYXRlRGVjb2RlIC9IZWlnaHQgNDE1IC9MZW5ndGggNDQzNSAvTWF0dGUgWzAgMCAwXSAvU3VidHlwZSAvSW1hZ2UgL1R5cGUgL1hPYmplY3QgL1dpZHRoIDE3NzQ+Pg0Kc3RyZWFtDQp4nO3dWXvURreAUWabMGUgQIAQQpgx2Azf//9p57RKqlKVWja2u9tNb9a6h0f2zfvsXSX50iUAAAAAAAAAAAAAAAAAAAAAAAAAAAAAAAAAAAAAAAAAAAAAorkMAGu07a41tv3LACA6oQPgJ6F0APwcfszWXQGAU/rxeidtAFyArfZO5gC4SNvondIBcPEutnffK91VAFiD7xVvO63b9m8FgJi20Lv51p3wjNcA4JROl7yN526udeIGwKYcU7zN9m65dToHwMbNBG+DuVuK3XzorgPAGswnb9O5O6Z1MgfAJi0Fb9q7TcauTV39WDcAYA3mklf3bhO5m4vdpHTLD7oHAGdyQvSq3m0qd3NbzKp1AgfA+k2TN83dlTXn7rjBrk5d/Xz7ALCCmebN9m6tuTsmdmPqjq/cTQA4peOrNwZvc7lbjl3Tuknotv27AiCGSfKWerfm3B0bu5K6aeZ+AYCVTKNXgrex3J0Qu5K6pczdAoBzWopeCd4JudtA7MbBrqRuuXK3AeDMlqtXgteMd+vNXbPHbGLXt66Ubq5xdwDgDOa6V4pXejfJ3Rp2mSfFrmpd1bn2ue8CwCnNli8Hr/RuE7n7Xuzq1M0F7h4AnNJc+trgnZy7zcQuzXVD6qrONU/+KwCc0kz6cvH64KXxbgO5q2pXx26vj11q3ZC6sXPVc/8GAGewlL5cvD54/XiXDu/a3K1Wu+/Hrm/dULpp4n4HgDOZhm8oXu7dZnLX7jHb2JXW9akbO5ef+A8AOLO2e0PxUvBy76a5q3aZaxjt+pfK8/2UPnZd6/rUlc71D3sfAM6pyt5QvBS8rndD7vb73F0bc7fCcDezx+wnu2GLWVo3lG7M3J+1BwDwHU04xugNxRt7N2wz90ru2l3mSrG7MsbuRo5dHuy61vWlK5krz/4QAM6gjd+QvBS8rnfDeDfk7saYu5V2mdM95vW8xxxiN7Yupa50rn/iRwBwDlX3+uSl4JXe9bnLu8zr013mmWP3fwCwBX/9VarXF68L3tC7udytNtxt+6cF4Of0+PHjvzpD8rrgld6l3N269cvNm9VNlZWGu23/tAD8nJ50HvfNS8ErvWtzV47umosqagfALvj76cJQvBS8oXc5d93NzGqXORnu1A6AXfDs704pXundYrwbctcd3dW7zBVqd3nbPy0AP6d//nm2UIo39C7nbtxlrmW4UzsAtuL58+f/5OLl3qXxrl9mToa766sNd2oHwFb8+++/ffD+SRNeHu/SdJdqd6+5qFLdU1E7AHbFixcvSvD6+W7RuyZ31XDXrDLPXrvLagfAVvz334sqeKl3OXf1cNdcyzzvKlPtANiOly//y8Hreldy92jMXRnuqnsqagfADnn18mUOXte7xXiXc1fVrgx3q60y1Q6A7Xj96tWr3Ltunznk7nGbu9naXVE7AHbD64UUvKF3JXeT2k1vZaodALvjzZs3Y+9K7p6W3I2rTLUDYFe9fZN71493Xe6ePZsZ7upV5vlqd1ntANiOtwupd/14t5juupuZeZfZrjKHz6mc95qK2gGwJe/evRt7N+Qu7TKH4U7tANh979vc5V1md3JXH9zVb9ypHQA75v370ruSu7TLTMNdc3C3dE1F7QDYDR/ep97l3OVd5rPlg7vumoraAbCLPnz4kMe7PnfjcJcO7k66lKl2AOyGgw+pdzl33S4zn9w9eTxzTUXtANg9BwcHJXfVcDesMifXVOpvh539hTu1A2BLPo65q4a758+fPRuvqbSXMtUOgF3zsc1dGu7yPZVyTeXeverbYdf7VabaAbAzPja564a7ly//m9aueQVB7QDYNZ9y7vJwN6wyyzWV772CoHYA/PA+tbkrq0y1AyCOT0Puul1mXmUOtzKHS5nfeeFO7QD44R2m3OXhrl1lqh0AMRyOw129yqxqd//k18vVDoAf3mGdu7LKLLVLL9ypHQC77fAw7zL7VWZdu6dqB0AIh9Vwlw/uujfu+lcQ6o+pqB0Au+oo5a5eZQ61e652AERx1Kwy62sqfe0e5trdua12AOyornaHzcFduZSpdgAEcXQ0rd2b5dr99qvaAbDDjrrc5VWm2gEQ0gm1e5Y+lKl2AOy8pdq9VTsAojlqD+7UDoCA1A6A+NQOgPjUDoD4Lq52l9UOgC35XF3KHD+UWdXuwf3xz7nevLm/t5dqdy3V7ky5UzsAtkXtAIhP7QCIT+0AiE/tAIhP7QCIT+0AiE/tAIhP7QCIT+0AiE/tAIhP7QCIT+0AiE/tAIhP7QCIT+0AiE/tAIhP7QCIT+0AiE/tAIhP7QCIT+0AiE/tAIhP7QCIT+0AiE/tAIhP7QCIT+0AiE/tAIhP7QCIT+0AiE/tAIhP7QCIT+0AiE/tAIhP7QCIT+0AiE/tAIhP7QCIT+0AiE/tAIhP7QCIT+0AiE/tAIhP7QCIT+0AiE/tAIhP7QCIT+0AiE/tAIhP7QCIT+0AiE/tAIhP7QCIT+0AiE/tAIhP7QCIT+0AiE/tAIhP7QCIT+0AiE/tAIhP7QCIT+0AiE/tAIhP7QCIT+0AiE/tAIhP7QCIT+0AiE/tAIhP7QCIT+0AiE/tAIhP7QCIT+0AiE/tAIhP7QCIT+0AiE/tAIhP7QCIT+0AiE/tAIjvi9oBEN6Xz5/VDoDgFrX7rHYAxNbV7kjtAAgt1e5I7QCIrK/dodoBENhQu0O1AyCuXLtF7tQOgKDUDoD4vpbafVI7AIL6+qXU7qPaARDT1y9fSu0O1A6AkBa1+1Jqd6B2AETU1e5zqd0HtQMgoFS7z2oHQGR97Y5y7d6rHQDxDLU7UjsA4sq1Oxpq917tAAhnqXbv1A6AaErtDtUOgKjG2h0OtXurdgAE803tAAjv29dSu09D7d6oHQCxfPv6tdTuo9oBENJc7V6rHQChLGr3Ve0AiK2p3Ue1AyAitQMgvv+pHQDhdbX7onYAhKZ2AMSndgDEp3YAxPe/b2oHQHRqB0B8be0O1A6AgGZr90rtAIgk1e6L2gEQmdoBEJ/aARCf2gEQ3/++fVM7AIJTOwDiUzsA4lM7AOJTOwDicycTgPjUDoD4fCcTgPjav+aqdgBENPu3y9UOgFC62n3211wBCO2b2gEQXlO7A7UDIKJ0JVPtAAit+5LKtHav1A6AUOraHagdACF9+1Jq91HtAIjp63LtXqsdALGMtfs01O6N2gEQTKndJ7UDIKql2r1VOwCiybU7VDsAwhpqd5hr907tAAinr91hrt07tQMgnlS7I7UDILKudkeldu/VDoCAug+Hldp9UDsAIur/AkJfuw9qB0BIXz+X2h2oHQAxfVE7AMIrtfv4Ue0ACCrX7pPaARDWULtPagdAXH3tPqkdAIGl2h2qHQCRdbU7VDsAQuu/pKJ2AET25UjtAIjus9oBEJ7aARCf2gEQn9oBEJ/aARCf2gEQn9oBEJ/aARCf2gEQn9oBEJ/aARCf2gEQn9oBEJ/aARCf2gEQn9oBEJ/aARCf2gEQn9oBEJ/aARCf2gEQn9oBEJ/aARCf2gEQn9oBEJ/aARCf2gEQn9oBEJ/aARCf2gEQn9oBEJ/aARCf2gEQn9oBEJ/aARCf2gEQn9oBEJ/aARCf2gEQn9oBEJ/aARCf2gEQn9oBEJ/aARCf2gEQn9oBEJ/aARCf2gEQ38XV7pLaAbAlKXaHKXapdm+ntfsz1e7unVS7/f29G6l2V1PtzhQ7tQNgW9QOgPjUDoD41A6A+NQOgPiqK5kHH96rHQARLdXujdoBEM0Jtfv76ZO/1A6AANpjO7UDIKIudm3tXi/XrvuUitoBsLP60a5cyaxq90ztAAgiLzKr2r16uajd86F2D3Ltbt9SOwB2VB7tmhcQutr9o3YARNEsMtsXEP5++riv3W9qB8BOq0a7fpFZ1e6J2gEQQh275pJKX7uHi9r9rnYA7La8xxwWmd2x3aR24x9zVTsAdtM42lWLzPLhMLUDIIIhdpNF5ot/05XMx48ePrjf1G5P7QDYPW3smkWm2gEQRI7dMNoNb9uVFxCGz2T2tbuZane9r90VtQNgVzSxGxeZbe3u3bujdgDsrjZ2ZZH5/Fm6pFJ9SqWq3TW1A2CnjLFLe8zxRubfT9vX7ZqPQqsdALuka90Qu3G0qy6pjC8gzL9crnYA/PhS60rs8mhXju0mVzLVDoBd1LUundkNsRvvqDyZXsmcfQFB7QD48eXBro9dPdqVSyrtCwhqB8DOKa0bY9ePdukPl7eXVIbaXVM7AHZLG7thj1kWmUuXVMoLCGoHwO54O7Yux64b7ZaP7Vav3SW1A2A7utQtWtcPdnmPOY52J13JPOPrdmoHwLbk1qXYvUix60/tHtfHdrOXVNQOgB3xemzdGLuZ0U7tANhdfepy68bYnbTIVDsAdkuXur513WCXYzcZ7eZrd9ZLKmoHwJbk1KXWpQsqQ+ya0a49tqu+Ca12AOyAnLrUujF21WhXLTKXj+3OVLtLagfAVlSp61tXYrc02q26yFQ7ALakpC61Lg12bexmb2SqHQC7JE91/VzXx+7Ro4dpjzkd7boPqayyyFQ7ALYjl25sXbqgsojdsMesvxq29P7BGWt3ads/LQA/pxS6vnSldSV209FutTsqagfAlnShG0q3SF1uXb/GbN+1W8Nop3YAbMWToXR96nLrSuyaKyr1HRW1A2B39J1LpVukbmzdJHbzo53aAbAT+s51oVuUbpG6sXV97Jo95nhqd87aXer/WfcfLP6jRTsX/+eNG3t7+/s3f/nl1u3bd+7evXfv119/++333//444/79xfP8+eDzsPkEQCcQ1+RFJQ/h9Tl1s3GbrXRrq5dyd2NlLubQ+6q3vXB65PXN2/sHgCcTgnIn33ohtSNrRtiVx3arTraTYa7nLu9nLtbQ+5S77rgdcVLyRuilz0AgO9owtG35I++dIvUpdb1sbuVY1cd2q002uXaVbvMa3mXud/nbuxdF7xUvJS8HD0AOLu+JL8PpVukrrSuj91+dUOl3WOeq3Zzu8xhusu5S70bgpeKNzSvZA8AziJXpG/Krzl1qXU5dntLh3YrjHbT4W6Su7F3Q/BS8XLz6u4BwOmMDembci+nrrRuKXYrj3anyd3Quy54qXi5eZPwAcD3VQnpm3K3T13fuk3Frq5dk7v+RYShdzl4qXi5efeW0gcAJ2oC0jflzpi61Lrh1YNJ7Fat3cm5S+NdCV5fvNy8uzPpA4ATNAEZonK7pK4f7DYSu1y743PXBm9s3lz6AOAEbUGGrIyp+17sVqjdibmre5eCNzZvrnwAcLImIkNYfmlat5nYtbvMNndD71Lw+uKV5i11DwBOpQrJkJabQ+qG1k1jt/oe89jcjeNd6l0fvJK8tnoAcCZjTYa87A+tGwe7tceu3WVOcpd61wcvF6+JHgCcx9iU/ZK6arBbjt3KtTs+d6l3ffCG4jXRA4DzK2HZK6nrWrep2M3lru3dELwqedoHwJktVyT35cZS69Yfu2Nzl3o3BK8Ub756AHB6dVNujKlLrdtY7Ka5m/YuB2/SPABYxViX67OtW3fsxtwtjXdD75rkSR8A57PckpKZa8cNduuL3Xzuht5VxZuNHgCcXd2W3JurG47dUu6G3pXgtckDgPUYO3P16twWc72xq3I36V0VPNEDYF3aulw9pnXrjt1M7krvlpIHAOtSxebK5mNX5670rg6e5gGwVm1jriy3bhOxO6Z30+LJHwDnckJOquhsvHVt7urenZw8ADi3tjaXLyJ2J/ZO9QBYn7nGXFTrpr2bLx4ArFtbn023brl3igfAZk27cxGtm+ud6AGwAbO5uajWHds7AQTg3E5Xlots3el7BwDrc9GtUzwALtZ2Sid5AFyQLYeute1fBgCxbLtrAAAAAAAAAAAAAAAAAAAAAAAAAAAAAAAAAAAAAAAAAAAAAKzb/wOYymEjDQplbmRzdHJlYW0NZW5kb2JqDTc3IDAgb2JqDTw8L0JpdHNQZXJDb21wb25lbnQgOCAvQ29sb3JTcGFjZSAvRGV2aWNlUkdCIC9GaWx0ZXIgL0RDVERlY29kZSAvSGVpZ2h0IDQxNSAvTGVuZ3RoIDE4NzkwIC9TTWFzayA3OCAwIFIgL1N1YnR5cGUgL0ltYWdlIC9UeXBlIC9YT2JqZWN0IC9XaWR0aCAxNzc0Pj4NCnN0cmVhbQ0K/9j/4AAQSkZJRgABAQAAAQABAAD/2wBDAAgGBgcGBQgHBwcJCQgKDBQNDAsLDBkSEw8UHRofHh0aHBwgJC4nICIsIxwcKDcpLDAxNDQ0Hyc5PTgyPC4zNDL/2wBDAQkJCQwLDBgNDRgyIRwhMjIyMjIyMjIyMjIyMjIyMjIyMjIyMjIyMjIyMjIyMjIyMjIyMjIyMjIyMjIyMjIyMjL/wAARCAGfBu4DASIAAhEBAxEB/8QAHwAAAQUBAQEBAQEAAAAAAAAAAAECAwQFBgcICQoL/8QAtRAAAgEDAwIEAwUFBAQAAAF9AQIDAAQRBRIhMUEGE1FhByJxFDKBkaEII0KxwRVS0fAkM2JyggkKFhcYGRolJicoKSo0NTY3ODk6Q0RFRkdISUpTVFVWV1hZWmNkZWZnaGlqc3R1dnd4eXqDhIWGh4iJipKTlJWWl5iZmqKjpKWmp6ipqrKztLW2t7i5usLDxMXGx8jJytLT1NXW19jZ2uHi4+Tl5ufo6erx8vP09fb3+Pn6/8QAHwEAAwEBAQEBAQEBAQAAAAAAAAECAwQFBgcICQoL/8QAtREAAgECBAQDBAcFBAQAAQJ3AAECAxEEBSExBhJBUQdhcRMiMoEIFEKRobHBCSMzUvAVYnLRChYkNOEl8RcYGRomJygpKjU2Nzg5OkNERUZHSElKU1RVVldYWVpjZGVmZ2hpanN0dXZ3eHl6goOEhYaHiImKkpOUlZaXmJmaoqOkpaanqKmqsrO0tba3uLm6wsPExcbHyMnK0tPU1dbX2Nna4uPk5ebn6Onq8vP09fb3+Pn6/9oADAMBAAIRAxEAPwD5/ooooAKKKKACiiigAooooAKKKKACiiigAooooAKKKKACiiigAooooAKKKKACiiigAooooAKKKKACiiigAooooAKKKKACiiigAooooAKKKKACiiigAooooAKKKKACiiigAooooAKKKKACiiigAooooAKKKKACiiigAooooAKKKKACiiigAooooAKKKKACiiigAooooAKKKKACiiigAooooAKKKKACiiigAooooAKKKKACiiigAooooAKKKKACiiigAooooAKKKKACiiigAooooAKKKKACiiigAooooAKKKKACiiigAooooAKKKKACiiigAooooAKKKKACiiigAooooAKKKKACiiigAooooAKKKKACiiigAooooAKKKKACiiigAooooAKKKKACiiigAooooAKKKKACiiigAooooAKKKKACiiigAooooAKKKKACiiigAooooAKKKKACiiigAooooAKKKKACiiigAooooAKKKKACiiigAooooAKKKKACiiigAooooAKKKKACiiigAooooAKKKKACiiigAooooAKKKKACiiigAooooAKKKKACiiigAooooAKKKKACiiigAooooAKKKKACiiigAoooxQAUUuKKAEopaKAEopaKAEopaKAEopaKAEopaKAEopaKAEopaKAEopaKAEopaKAEopaKAEopaKAEopaKAEopaKAEopaKAEopaKAEopaKAEopaKAEopaKAEopaKAEopaKAEopaKAEopaKAEopaKAEopaKAEopaKAEopaKAEopaKAEopaKAEopaKAEopaKAEopaKAEopaKAEopaKAEopaKAEopaKAEopaKAEopaKAEopaKAEopaKAEopaKAEopaKAEopaKAEopaKAEopaKAEopaKAEopaKAEopaKAEopaKAEopaKAEopaKAEopaKAEopaKAEopaKAEopaKAEopaKAEopaKAEopaKAEopaKAEopaKAEopaKAEopaKAEopaKAEopaKAEopaKAEopaKAEopaKAEopaKAEopaKAEopaKAEopaKAEopaKAEopaKAEopaKAEopaKAEopaKAEopaKAEopaKAEopaKAEopaKAEopaKAEopaKAEopaKAEopaKAEopaKAEopaKAEopaKAEopaKAEopaKAEopaKAEopaKAEopaKAEopaKAEopaKAEopaKAEopaKAEopaKAEopaKAEopaKAEopaKAEopaKAEopaKAEopaMUAJRRiigAooooAKKKKACiiigAooooAKKKKACiiloAKXFAFOAoAbilxT8Uu2gCPFLin7aNtADMUYqTbRtoAjxRipNtG2gCPFGKk20baAI8UYqTbRtoAjxRipNtG2gCPFGKk20baAI8UYqTbRtoAjxRipNtG2gCPFGKk20baAI8UYqTbRtoAjxRipNtG2gCPFGKk20baAI8UYqTbRtoAjxRipNtG2gCPFGKk20baAI8UYqTbRtoAjxRipNtG2gCPFGKk20baAI8UYqTbRtoAjxRipNtG2gCPFGKk20baAI8UYqTbRtoAjxRipNtG2gCPFGKk20baAI8UYqTbRtoAjxRipNtG2gCPFGKk20baAI8UYqTbRtoAjxRipNtG2gCPFGKk20baAI8UYqTbRtoAjxRipNtG2gCPFGKk20baAI8UYqTbRtoAjxRipNtG2gCPFGKk20baAI8UYqTbRtoAjxRipNtG2gCPFGKk20baAI8UYqTbRtoAjxRipNtG2gCPFGKk20baAI8UYqTbRtoAjxRipNtG2gCPFGKk20baAI8UYqTbRtoAjxRipNtG2gCPFGKk20baAI8UYqTbRtoAjxRipNtG2gCPFGKk20baAI8UYqTbRtoAjxRipNtG2gCPFGKk20baAI8UYqTbRtoAjxRipNtG2gCPFGKk20baAI8UYqTbRtoAjxRipNtG2gCPFGKk20baAI8UYqTbRtoAjxRipNtG2gCPFGKk20baAI8UYqTbRtoAjxRipNtG2gCPFGKk20baAI8UYqTbRtoAjxRipNtG2gCPFGKk20baAI8UYqTbRtoAjxRipNtG2gCPFGKk20baAI8UYqTbRtoAjxRipNtG2gCPFGKk20baAI8UYqTbRtoAjxRipNtG2gCPFGKk20baAI8UYqTbRtoAjxRipNtG2gCPFGKk20baAI8UYqTbRtoAjxRipNtG2gCPFGKk20baAI8UYqTbRtoAjxRipNtG2gCPFGKk20baAI8UYqTbRtoAjxRipNtG2gCPFGKk20baAI8UYqTbRtoAjxRipNtG2gCPFGKk20baAI8UYqTbRtoAjxRipNtG2gCPFGKk20baAI8UYqTbRtoAjxRipNtG2gCPFGKk20baAI8UmKk20baAI8UmKl20mKAI8UlPIppFADaKWkoAKKKKACiiigAooooAK3IPBfiq6t4ri38NazNBKgeOSOwlZXUjIIIXBBHOaw6+3/AAJ/yTzw1/2CrX/0UtAHyD/wgni//oVNc/8ABdL/APE0o8CeL/8AoVdc/wDBdL/8TX27RQB8SDwJ4v8A+hV1z/wXy/8AxNOHgXxd/wBCtrf/AIL5f/ia+2aKAPigeBfFv/Qra3/4L5f/AImnf8IL4t/6FbW//BfL/wDE19q0UAfFX/CC+Lf+hW1v/wAF8v8A8TS/8IL4t/6FfW//AAXy/wDxNfalFAHxX/wgvi3/AKFfW/8AwXy//E0f8IL4t/6FfW//AAXy/wDxNfalFAHxX/wgvi3/AKFfW/8AwXy//E0f8IL4t/6FfW//AAXy/wDxNfalFAHxX/wgvi3/AKFfW/8AwXy//E0f8IL4t/6FfW//AAXy/wDxNfalFAHxX/wgvi3/AKFfW/8AwXy//E0f8IL4t/6FfW//AAXy/wDxNfalFAHxX/wgvi3/AKFfW/8AwXy//E0f8IL4t/6FfW//AAXy/wDxNfalFAHxX/wgvi3/AKFfW/8AwXy//E0f8IL4t/6FfW//AAXy/wDxNfalFAHxX/wgvi3/AKFfW/8AwXy//E0f8IL4t/6FfW//AAXy/wDxNfalFAHxX/wgvi3/AKFfW/8AwXy//E0f8IL4t/6FfW//AAXy/wDxNfalFAHxX/wgvi3/AKFfW/8AwXy//E0f8IL4t/6FfW//AAXy/wDxNfalFAHxX/wgvi3/AKFfW/8AwXy//E0f8IL4t/6FfW//AAXy/wDxNfalFAHxX/wgvi3/AKFfW/8AwXy//E0f8IL4t/6FfW//AAXy/wDxNfalFAHxX/wgvi3/AKFfW/8AwXy//E0f8IL4t/6FfW//AAXy/wDxNfalFAHxX/wgvi3/AKFfW/8AwXy//E0f8IL4t/6FfW//AAXy/wDxNfalFAHxX/wgvi3/AKFfW/8AwXy//E0f8IL4t/6FfW//AAXy/wDxNfalFAHxX/wgvi3/AKFfW/8AwXy//E0f8IL4t/6FfW//AAXy/wDxNfalFAHxX/wgvi3/AKFfW/8AwXy//E0f8IL4t/6FfW//AAXy/wDxNfalFAHxX/wgvi3/AKFfW/8AwXy//E0f8IL4t/6FfW//AAXy/wDxNfalFAHxX/wgvi3/AKFfW/8AwXy//E0f8IL4t/6FfW//AAXy/wDxNfalFAHxX/wgvi3/AKFfW/8AwXy//E0f8IL4t/6FfW//AAXy/wDxNfalFAHxX/wgvi3/AKFfW/8AwXy//E0f8IL4t/6FfW//AAXy/wDxNfalFAHxX/wgvi3/AKFfW/8AwXy//E0f8IL4t/6FfW//AAXy/wDxNfalFAHxX/wgvi3/AKFfW/8AwXy//E0f8IL4t/6FfW//AAXy/wDxNfalFAHxX/wgvi3/AKFfW/8AwXy//E0f8IL4t/6FfW//AAXy/wDxNfalFAHxX/wgvi3/AKFfW/8AwXy//E0f8IL4t/6FfW//AAXy/wDxNfalFAHxX/wgvi3/AKFfW/8AwXy//E0f8IL4t/6FfW//AAXy/wDxNfalFAHxX/wgvi3/AKFfW/8AwXy//E0f8IL4t/6FfW//AAXy/wDxNfalFAHxX/wgvi3/AKFfW/8AwXy//E0f8IL4t/6FfW//AAXy/wDxNfalFAHxX/wgvi3/AKFfW/8AwXy//E0f8IL4t/6FfW//AAXy/wDxNfalFAHxX/wgvi3/AKFfW/8AwXy//E0f8IL4t/6FfW//AAXy/wDxNfalFAHxX/wgvi3/AKFfW/8AwXy//E0f8IL4t/6FfW//AAXy/wDxNfalFAHxX/wgvi3/AKFfW/8AwXy//E0f8IL4t/6FfW//AAXy/wDxNfalFAHxX/wgvi3/AKFfW/8AwXy//E0f8IL4t/6FfW//AAXy/wDxNfalFAHxX/wgvi3/AKFfW/8AwXy//E0f8IL4t/6FfW//AAXy/wDxNfalFAHxX/wgvi3/AKFfW/8AwXy//E0f8IL4t/6FfW//AAXy/wDxNfalFAHxX/wgvi3/AKFfW/8AwXy//E0f8IL4t/6FfW//AAXy/wDxNfalFAHxX/wgvi3/AKFfW/8AwXy//E0f8IL4t/6FfW//AAXy/wDxNfalFAHxX/wgvi3/AKFfW/8AwXy//E0f8IL4t/6FfW//AAXy/wDxNfalFAHxX/wgvi3/AKFfW/8AwXy//E0f8IL4t/6FfW//AAXy/wDxNfalFAHxX/wgvi3/AKFfW/8AwXy//E0f8IL4t/6FfW//AAXy/wDxNfalFAHxX/wgvi3/AKFfW/8AwXy//E0f8IL4t/6FfW//AAXy/wDxNfalFAHxX/wgvi3/AKFfW/8AwXy//E0f8IL4t/6FfW//AAXy/wDxNfalFAHxX/wgvi3/AKFfW/8AwXy//E0f8IL4t/6FfW//AAXy/wDxNfalFAHxX/wgvi3/AKFfW/8AwXy//E0f8IL4t/6FfW//AAXy/wDxNfalFAHxX/wgvi3/AKFfW/8AwXy//E0f8IL4t/6FfW//AAXy/wDxNfalFAHxX/wgvi3/AKFfW/8AwXy//E0f8IL4t/6FfW//AAXy/wDxNfalFAHxX/wgvi3/AKFfW/8AwXy//E0f8IL4t/6FfW//AAXy/wDxNfalFAHxX/wgvi3/AKFfW/8AwXy//E0f8IL4t/6FfW//AAXy/wDxNfalFAHxX/wgvi3/AKFfW/8AwXy//E0f8IL4t/6FfW//AAXy/wDxNfalFAHxX/wgvi3/AKFfW/8AwXy//E0f8IL4t/6FfW//AAXy/wDxNfalFAHxX/wgvi3/AKFfW/8AwXy//E0f8IL4t/6FfW//AAXy/wDxNfalFAHxX/wgvi3/AKFfW/8AwXy//E0f8IL4t/6FfW//AAXy/wDxNfalFAHxX/wgvi3/AKFfW/8AwXy//E0f8IL4t/6FfW//AAXy/wDxNfalFAHxX/wgvi3/AKFfW/8AwXy//E0f8IL4t/6FfW//AAXy/wDxNfalFAHxX/wgvi3/AKFfW/8AwXy//E0f8IL4t/6FfW//AAXy/wDxNfalFAHxX/wgvi3/AKFfW/8AwXy//E0f8IL4t/6FfW//AAXy/wDxNfalFAHxX/wgvi3/AKFfW/8AwXy//E0f8IL4t/6FfW//AAXy/wDxNfalFAHxX/wgvi3/AKFfW/8AwXy//E0f8IL4t/6FfW//AAXy/wDxNfalFAHxX/wgvi3/AKFfW/8AwXy//E0f8IL4t/6FfW//AAXy/wDxNfalFAHxX/wgvi3/AKFfW/8AwXy//E0f8IL4t/6FfW//AAXy/wDxNfalFAHxX/wgvi3/AKFfW/8AwXy//E0f8IL4t/6FfW//AAXy/wDxNfalFAHxX/wgvi3/AKFfW/8AwXy//E0f8IL4t/6FfW//AAXy/wDxNfalFAHxX/wgvi3/AKFfW/8AwXy//E0f8IL4t/6FfW//AAXy/wDxNfalFAHxX/wgvi3/AKFfW/8AwXy//E0f8IL4t/6FfW//AAXy/wDxNfalFAHxX/wgvi3/AKFfW/8AwXy//E0f8IL4t/6FfW//AAXy/wDxNfalFAHxX/wgvi3/AKFfW/8AwXy//E0f8IL4t/6FfW//AAXy/wDxNfalFAHxX/wgvi3/AKFfW/8AwXy//E0f8IL4t/6FfW//AAXy/wDxNfalFAHxX/wgvi3/AKFfW/8AwXy//E0f8IL4t/6FfW//AAXy/wDxNfalFAHxX/wgvi3/AKFfW/8AwXy//E0f8IL4t/6FfW//AAXy/wDxNfalFAHxX/wgvi3/AKFfW/8AwXy//E0f8IL4t/6FfW//AAXy/wDxNfalFAHxX/wgvi3/AKFfW/8AwXy//E0f8IL4t/6FfW//AAXy/wDxNfalFAHxX/wgvi3/AKFfW/8AwXy//E0f8IL4t/6FfW//AAXy/wDxNfalFAHxX/wgvi3/AKFfW/8AwXy//E0f8IL4t/6FfW//AAXy/wDxNfalFAHxX/wgvi3/AKFfW/8AwXy//E0f8IL4t/6FfW//AAXy/wDxNfalFAHxX/wgvi3/AKFfW/8AwXy//E0f8IL4t/6FfW//AAXy/wDxNfalFAHxX/wgvi3/AKFfW/8AwXy//E0f8IL4t/6FfW//AAXy/wDxNfalFAHxX/wgvi3/AKFfW/8AwXy//E0f8IL4t/6FfW//AAXy/wDxNfalFAHxX/wgvi3/AKFfW/8AwXy//E0f8IL4t/6FfW//AAXy/wDxNfalFAHxX/wgvi3/AKFfW/8AwXy//E0f8IL4t/6FfW//AAXy/wDxNfalFAHxX/wgvi3/AKFfW/8AwXy//E0f8IL4t/6FfW//AAXy/wDxNfalFAHxX/wgvi3/AKFfW/8AwXy//E0f8IL4t/6FfW//AAXy/wDxNfalFAHxX/wgvi3/AKFfW/8AwXy//E0f8IL4t/6FfW//AAXy/wDxNfalFAHxX/wgvi3/AKFfW/8AwXy//E0f8IL4t/6FfW//AAXy/wDxNfalFAHxX/wgvi3/AKFfW/8AwXy//E0f8IL4t/6FfW//AAXy/wDxNfalFAHxX/wgvi3/AKFfW/8AwXy//E0f8IL4t/6FfW//AAXy/wDxNfalFAHxX/wgvi3/AKFfW/8AwXy//E0f8IL4t/6FfW//AAXy/wDxNfalFAHxX/wgvi3/AKFfW/8AwXy//E0f8IL4t/6FfW//AAXy/wDxNfalFAHxX/wgvi3/AKFfW/8AwXy//E0f8IL4t/6FfW//AAXy/wDxNfalFAHxX/wgvi3/AKFfW/8AwXy//E0f8IL4t/6FfW//AAXy/wDxNfalFAHxX/wgvi3/AKFfW/8AwXy//E0f8IL4t/6FfW//AAXy/wDxNfalFAHxX/wgvi3/AKFfW/8AwXy//E0f8IL4t/6FfW//AAXy/wDxNfalFAHxX/wgvi3/AKFfW/8AwXy//E0f8IL4t/6FfW//AAXy/wDxNfalFAHxX/wgvi3/AKFfW/8AwXy//E0f8IL4t/6FfW//AAXy/wDxNfalFAHxX/wgvi3/AKFfW/8AwXy//E0f8IL4t/6FfW//AAXy/wDxNfalFAHxX/wgvi3/AKFfW/8AwXy//E0f8IL4t/6FfW//AAXy/wDxNfalFAHxX/wgvi3/AKFfW/8AwXy//E0f8IL4t/6FfW//AAXy/wDxNfalFAHxX/wgvi3/AKFfW/8AwXy//E0f8IL4t/6FfW//AAXy/wDxNfalFAHxX/wgvi3/AKFfW/8AwXy//E0f8IL4t/6FfW//AAXy/wDxNfalFAHxX/wgvi3/AKFfW/8AwXy//E0f8IL4t/6FfW//AAXy/wDxNfalFAHxX/wgvi3/AKFfW/8AwXy//E0f8IL4t/6FfW//AAXy/wDxNfalFAHxX/wgvi3/AKFfW/8AwXy//E1iT201rcSW9xE8U0TFJI5FKsjA4IIPIIPavu+vjDxuv/FfeI/+wpc/+jWoA5rbSFanK00rQBAVphFTkVEwoAiIpKeRTTQA2iiigAooooAKKKKACvt/wJ/yTzw1/wBgq1/9FLXxBX2/4E/5J54a/wCwVa/+iloA6CiiigAooooAKKKKACiiigAooooAKKKKACiiigAooooAKKKKACiiigAooooAKKKKACiiigAooooAKKKKACiiigAooooAKKKKACiiigAooooAKKKKACiiigAooooAKKKKACiiigAooooAKKKKACiiigAooooAKKKKACiiigAooooAKKKKACiiigAooooAKKKKACiiigAooooAKKKKACiiigAooooAKKKKACiiigAooooAKKKKACiiigAooooAKKKKACiiigAooooAKKKKACiiigAooooAKKKKACiiigAooooAKKKKACiiigAooooAKKKKACiiigAooooAKKKKACiiigAooooAKKKKACiiigAooooAKKKKACiiigAooooAKKKKACiiigAooooAKKKKACiiigAooooAKKKKACiiigAooooAKKKKACiiigAooooAKKKKACiiigAooooAKKKKACiiigAooooAKKKKACiiigAooooAKKKKACiiigAooooAKKKKACiiigAooooAKKKKACiiigAooooAKKKKACiiigAr408bD/ivPEX/AGE7n/0a1fZdfG/jUf8AFd+If+wnc/8Ao1qAOeIphFTEUwigCBhUTCp2FQtQBCaYakNMNADTSUppKACiiigAooooAK+3/An/ACTzw1/2CrX/ANFLXxBX2/4E/wCSeeGv+wVa/wDopaAOgooooAKKKKACiiigAooooAKKKKACiiigAooooAKKKKACiiigAooooAKKKKACiiigAooooAKKKKACiiigAooooAKKKKACiiigAooooAKKKKACiiigAooooAKKKKACiiigAooooAKKKKACiiigAooooAKKKKACiiigAooooAKKKKACiiigAooooAKKKKACiiigAooooAKKKKACiiigAooooAKKKKACiiigAooooAKKKKACiiigAooooAKKKKACiiigAooooAKKKKACiiigAooooAKKKKACiiigAooooAKKKKACiiigAooooAKKKKACiiigAooooAKKKKACiiigAooooAKKKKACiiigAooooAKKKKACiiigAooooAKKKKACiiigAooooAKKKKACiiigAooooAKKKKACiiigAooooAKKKKACiiigAooooAKKKKACiiigAooooAKKKKACiiigAooooAKKKKACiiigAooooAKKKKACiiigAooooAKKKKACiiigAooooAKKKKACiiigAooooAKKKKACiiigAooooAK+OfGv/I9+If8AsJ3P/o1q+xq+OvGv/I9+If8AsJ3P/o1qAMAiozUpqNqAIWqFqnaoGoAiaozUjVGaAG0lLSUAFFFFABRRRQAV9v8AgT/knnhr/sFWv/opa+IK+3/An/JPPDX/AGCrX/0UtAHQUUUUAFFFFABRRRQAUUUUAFFFFABRRRQAUUUUAFFFFABRRRQAUUUUAFFFFABRRRQAUUUUAFFFFABRRRQAUUUUAFFFFABRRRQAUUUUAFFFFABRRRQAUUUUAFFFFABRRRQAUUUUAFFFFABRRRQAUUUUAFFFFABRRRQAUUUUAFFFFABRRRQAUUUUAFFFFABRRRQAUUUUAFFFFABRRRQAUUUUAFFFFABRRRQAUUUUAFFFFABRRRQAUUUUAFFFFABRRRQAUUUUAFFFFABRRRQAUUUUAFFFFABRRRQAUUUUAFFFFABRRRQAUUUUAFFFFABRRRQAUUUUAFFFFABRRRQAUUUUAFFFFABRRRQAUUUUAFFFFABRRRQAUUUUAFFFFABRRRQAUUUUAFFFFABRRRQAUUUUAFFFFABRRRQAUUUUAFFFFABRRRQAUUUUAFFFFABRRRQAUUUUAFFFFABRRRQAUUUUAFFFFABRRRQAUUUUAFFFFABRRRQAUUUUAFFFFABRRRQAUUUUAFFFFABRRRQAUUUUAFFFFABRRRQAUUUUAFfHXjX/AJHrxD/2E7n/ANGtX2LXx141/wCR68Q/9hO5/wDRrUAYJqNqkNRtQBE1QNU7VA1AETVGakaozQA2kpaSgAooooAKKKKACvt/wJ/yTzw1/wBgq1/9FLXxBX2/4E/5J54a/wCwVa/+iloA6CiiigAooooAKKKKACiiigAooooAKKKKACiiigAooooAKKKKACiiigAooooAKKKKACiiigAooooAKKKKACiiigAooooAKKKKACiiigAooooAKKKKACiiigAooooAKKKKACiiigAooooAKKKKACiiigAooooAKKKKACiiigAooooAKKKKACiiigAooooAKKKKACiiigAooooAKKKKACiiigAooooAKKKKACiiigAooooAKKKKACiiigAooooAKKKKACiiigAooooAKKKKACiiigAooooAKKKKACiiigAooooAKKKKACiiigAooooAKKKKACiiigAooooAKKKKACiiigAooooAKKKKACiiigAooooAKKKKACiiigAooooAKKKKACiiigAooooAKKKKACiiigAooooAKKKKACiiigAooooAKKKKACiiigAooooAKKKKACiiigAooooAKKKKACiiigAooooAKKKKACiiigAooooAKKKKACiiigAooooAKKKKACiiigAooooAKKKKACiiigAooooAKKKKACiiigAr468a/wDI9eIf+wnc/wDo1q+xa+OvGv8AyPXiH/sJ3P8A6NagDBNRtUhqNqAImqBqnaoGoAiaozUjVGaAG0lLSUAFFFFABRRRQAV9v+BP+SeeGv8AsFWv/opa+IK+3/An/JPPDX/YKtf/AEUtAHQUUUUAFFFFABRRRQAUUUUAFFFFABRRRQAUUUUAFFFFABRRRQAUUUUAFFFFABRRRQAUUUUAFFFFABRRRQAUUUUAFFFFABRRRQAUUUUAFFFFABRRRQAUUUUAFFFFABRRRQAUUUUAFFFFABRRRQAUUUUAFFFFABRRRQAUUUUAFFFFABRRRQAUUUUAFFFFABRRRQAUUUUAFFFFABRRRQAUUUUAFFFFABRRRQAUUUUAFFFFABRRRQAUUUUAFFFFABRRRQAUUUUAFFFFABRRRQAUUUUAFFFFABRRRQAUUUUAFFFFABRRRQAUUUUAFFFFABRRRQAUUUUAFFFFABRRRQAUUUUAFFFFABRRRQAUUUUAFFFFABRRRQAUUUUAFFFFABRRRQAUUUUAFFFFABRRRQAUUUUAFFFFABRRRQAUUUUAFFFFABRRRQAUUUUAFFFFABRRRQAUUUUAFFFFABRRRQAUUUUAFFFFABRRRQAUUUUAFFFFABRRRQAUUUUAFFFFABRRRQAUUUUAFFFFABRRRQAUUUUAFFFFABRRRQAUUUUAFfHXjX/kevEP/YTuf/RrV9i18deNf+R68Q/9hO5/9GtQBgmo2qQ1G1AETVA1TtUDUARNUZqRqjNADaSlpKACiiigAooooAK+3/An/JPPDX/YKtf/AEUtfEFfb/gT/knnhr/sFWv/AKKWgDoKKKKACiiigAooooAKKKKACiiigAooooAKKKKACiiigAooooAKKKKACiiigAooooAKKKKACiiigAooooAKKKKACiiigAooooAKKKKACiiigAooooAKKKKACiiigAooooAKKKKACiiigAooooAKKKKACiiigAooooAKKKKACiiigAooooAKKKKACiiigAooooAKKKKACiiigAooooAKKKKACiiigAooooAKKKKACiiigAooooAKKKKACiiigAooooAKKKKACiiigAooooAKKKKACiiigAooooAKKKKACiiigAooooAKKKKACiiigAooooAKKKKACiiigAooooAKKKKACiiigAooooAKKKKACiiigAooooAKKKKACiiigAooooAKKKKACiiigAooooAKKKKACiiigAooooAKKKKACiiigAooooAKKKKACiiigAooooAKKKKACiiigAooooAKKKKACiiigAooooAKKKKACiiigAooooAKKKKACiiigAooooAKKKKACiiigAooooAKKKKACiiigAooooAKKKKACvjrxr/yPXiH/sJ3P/o1q+xa+OvGv/I9eIf+wnc/+jWoAwTUbVIajagCJqgap2qBqAImqM1I1RmgBtJS0lABRRRQAUUUUAFfb/gT/knnhr/sFWv/AKKWviCvt/wJ/wAk88Nf9gq1/wDRS0AdBRRRQAUUUUAFFFFABRRRQAUUUUAFFFFABRRRQAUUUUAFFFFABRRRQAUUUUAFFFFABRRRQAUUUUAFFFFABRRRQAUUUUAFFFFABRRRQAUUUUAFFFFABRRRQAUUUUAFFFFABRRRQAUUUUAFFFFABRRRQAUUUUAFFFFABRRRQAUUUUAFFFFABRRRQAUUUUAFFFFABRRRQAUUUUAFFFFABRRRQAUUUUAFFFFABRRRQAUUUUAFFFFABRRRQAUUUUAFFFFABRRRQAUUUUAFFFFABRRRQAUUUUAFFFFABRRRQAUUUUAFFFFABRRRQAUUUUAFFFFABRRRQAUUUUAFFFFABRRRQAUUUUAFFFFABRRRQAUUUUAFFFFABRRRQAUUUUAFFFFABRRRQAUUUUAFFFFABRRRQAUUUUAFFFFABRRRQAUUUUAFFFFABRRRQAUUUUAFFFFABRRRQAUUUUAFFFFABRRRQAUUUUAFFFFABRRRQAUUUUAFFFFABRRRQAUUUUAFFFFABRRRQAUUUUAFFFFABRRRQAUUUUAFFFFABRRRQAV8deNf+R68Q/8AYTuf/RrV9i18deNf+R68Q/8AYTuf/RrUAYJqNqkNRtQBE1QNU7VA1AETVGakaozQA2kpaSgAooooAKKKKACvt/wJ/wAk88Nf9gq1/wDRS18QV9v+BP8Aknnhr/sFWv8A6KWgDoKKKKACiiigAooooAKKKKACiiigAooooAKKKKACiiigAooooAKKKKACiiigAooooAKKKKACiiigAooooAKKKKACiiigAooooAKKKKACiiigAooooAKKKKACiiigAooooAKKKKACiiigAooooAKKKKACiiigAooooAKKKKACiiigAooooAKKKKACiiigAooooAKKKKACiiigAooooAKKKKACiiigAooooAKKKKACiiigAooooAKKKKACiiigAooooAKKKKACiiigAooooAKKKKACiiigAooooAKKKKACiiigAooooAKKKKACiiigAooooAKKKKACiiigAooooAKKKKACiiigAooooAKKKKACiiigAooooAKKKKACiiigAooooAKKKKACiiigAooooAKKKKACiiigAooooAKKKKACiiigAooooAKKKKACiiigAooooAKKKKACiiigAooooAKKKKACiiigAooooAKKKKACiiigAooooAKKKKACiiigAooooAKKKKACiiigAooooAKKKKACiiigAooooAKKKKACvjrxr/yPXiH/ALCdz/6NavsWvjrxr/yPXiH/ALCdz/6NagDBNRtUhqNqAImqBqnaoGoAiaozUjVGaAG0lLSUAFFFFABRRRQAV9v+BP8Aknnhr/sFWv8A6KWviCvt/wACf8k88Nf9gq1/9FLQB0FFFFABRRRQAUUUUAFFFFABRRRQAUUUUAFFFFABRRRQAUUUUAFFFFABRRRQAUUUUAFFFFABRRRQAUUUUAFFFFABRRRQAUUUUAFFFFABRRRQAUUUUAFFFFABRRRQAUUUUAFFFFABRRRQAUUUUAFFFFABRRRQAUUUUAFFFFABRRRQAUUUUAFFFFABRRRQAUUUUAFFFFABRRRQAUUUUAFFFFABRRRQAUUUUAFFFFABRRRQAUUUUAFFFFABRRRQAUUUUAFFFFABRRRQAUUUUAFFFFABRRRQAUUUUAFFFFABRRRQAUUUUAFFFFABRRRQAUUUUAFFFFABRRRQAUUUUAFFFFABRRRQAUUUUAFFFFABRRRQAUUUUAFFFFABRRRQAUUUUAFFFFABRRRQAUUUUAFFFFABRRRQAUUUUAFFFFABRRRQAUUUUAFFFFABRRRQAUUUUAFFFFABRRRQAUUUUAFFFFABRRRQAUUUUAFFFFABRRRQAUUUUAFFFFABRRRQAUUUUAFFFFABRRRQAUUUUAFFFFABRRRQAUUUUAFFFFABXx341/5HrxD/ANhO5/8ARrV9iV8d+NP+R68Q/wDYTuf/AEa1AGAajapGqNqAImqBqnaoGoAiaozUjVGaAG0lLSUAFFFFABRRRQAV9v8AgT/knnhr/sFWv/opa+IK+3/An/JPPDX/AGCrX/0UtAHQUUUUAFFFFABRRRQAUUUUAFFFFABRRRQAUUUUAFFFFABRRRQAUUUUAFFFFABRRRQAUUUUAFFFFABRRRQAUUUUAFFFFABRRRQAUUUUAFFFFABRRRQAUUUUAFFFFABRRRQAUUUUAFFFFABRRRQAUUUUAFFFFABRRRQAUUUUAFFFFABRRRQAUUUUAFFFFABRRRQAUUUUAFFFFABRRRQAUUUUAFFFFABRRRQAUUUUAFFFFABRRRQAUUUUAFFFFABRRRQAUUUUAFFFFABRRRQAUUUUAFFFFABRRRQAUUUUAFFFFABRRRQAUUUUAFFFFABRRRQAUUUUAFFFFABRRRQAUUUUAFFFFABRRRQAUUUUAFFFFABRRRQAUUUUAFFFFABRRRQAUUUUAFFFFABRRRQAUUUUAFFFFABRRRQAUUUUAFFFFABRRRQAUUUUAFFFFABRRRQAUUUUAFFFFABRRRQAUUUUAFFFFABRRRQAUUUUAFFFFABRRRQAUUUUAFFFFABRRRQAUUUUAFFFFABRRRQAUUUUAFFFFABRRRQAUUUUAFfHnjX/AJHnxD/2E7n/ANGtX2HXx541/wCR58Q/9hK5/wDRrUAYB6VE1SmomoAiaoGqdqgagCJqjNSNUZoAbSUtJQAUUUUAFFFFABX2/wCBP+SeeGv+wVa/+ilr4gr7f8Cf8k88Nf8AYKtf/RS0AdBRRRQAUUUUAFFFFABRRRQAUUUUAFFFFABRRRQAUUUUAFFFFABRRRQAUUUUAFFFFABRRRQAUUUUAFFFFABRRRQAUUUUAFFFFABRRRQAUUUUAFFFFABRRRQAUUUUAFFFFABRRRQAUUUUAFFFFABRRRQAUUUUAFFFFABRRRQAUUUUAFFFFABRRRQAUUUUAFFFFABRRRQAUUUUAFFFFABRRRQAUUUUAFFFFABRRRQAUUUUAFFFFABRRRQAUUUUAFFFFABRRRQAUUUUAFFFFABRRRQAUUUUAFFFFABRRRQAUUUUAFFFFABRRRQAUUUUAFFFFABRRRQAUUUUAFFFFABRRRQAUUUUAFFFFABRRRQAUUUUAFFFFABRRRQAUUUUAFFFFABRRRQAUUUUAFFFFABRRRQAUUUUAFFFFABRRRQAUUUUAFFFFABRRRQAUUUUAFFFFABRRRQAUUUUAFFFFABRRRQAUUUUAFFFFABRRRQAUUUUAFFFFABRRRQAUUUUAFFFFABRRRQAUUUUAFFFFABRRRQAUUUUAFFFFABRRRQAV8eeNP8AkefEP/YSuf8A0a1fYdfHnjX/AJHnxD/2E7n/ANGtQBgGomqU1E1AETVA1TtUDUARNUZqRqjNADaSlpKACiiigAooooAK+3/An/JPPDX/AGCrX/0UtfEFfb/gT/knnhr/ALBVr/6KWgDoKKKKACiiigAooooAKKKKACiiigAooooAKKKKACiiigAooooAKKKKACiiigAooooAKKKKACiiigAooooAKKKKACiiigAooooAKKKKACiiigAooooAKKKKACiiigAooooAKKKKACiiigAooooAKKKKACiiigAooooAKKKKACiiigAooooAKKKKACiiigAooooAKKKKACiiigAooooAKKKKACiiigAooooAKKKKACiiigAooooAKKKKACiiigAooooAKKKKACiiigAooooAKKKKACiiigAooooAKKKKACiiigAooooAKKKKACiiigAooooAKKKKACiiigAooooAKKKKACiiigAooooAKKKKACiiigAooooAKKKKACiiigAooooAKKKKACiiigAooooAKKKKACiiigAooooAKKKKACiiigAooooAKKKKACiiigAooooAKKKKACiiigAooooAKKKKACiiigAooooAKKKKACiiigAooooAKKKKACiiigAooooAKKKKACiiigAooooAKKKKACiiigAooooAKKKKACvjvxp/yPXiH/sJ3P8A6NavsSvjvxr/AMj14h/7Cdz/AOjWoAwWqJqkNRtQBE1QNU7VA1AETVGakaozQA2kpaSgAooooAKKKKACvt/wJ/yTzw1/2CrX/wBFLXxBX2/4E/5J54a/7BVr/wCiloA6CiiigAooooAKKKKACiiigAooooAKKKKACiiigAooooAKKKKACiiigAooooAKKKKACiiigAooooAKKKKACiiigAooooAKKKKACiiigAooooAKKKKACiiigAooooAKKKKACiiigAooooAKKKKACiiigAooooAKKKKACiiigAooooAKKKKACiiigAooooAKKKKACiiigAooooAKKKKACiiigAooooAKKKKACiiigAooooAKKKKACiiigAooooAKKKKACiiigAooooAKKKKACiiigAooooAKKKKACiiigAooooAKKKKACiiigAooooAKKKKACiiigAooooAKKKKACiiigAooooAKKKKACiiigAooooAKKKKACiiigAooooAKKKKACiiigAooooAKKKKACiiigAooooAKKKKACiiigAooooAKKKKACiiigAooooAKKKKACiiigAooooAKKKKACiiigAooooAKKKKACiiigAooooAKKKKACiiigAooooAKKKKACiiigAooooAKKKKACiiigAooooAKKKKACiiigAr468a/8j14h/7Cdz/6NavsWvjrxr/yPXiH/sJ3P/o1qAME1G1SGo2oAiaoGqdqgagCJqjNSNUZoAbSUtJQAUUUUAFFFFABX2/4E/5J54a/7BVr/wCilr4gr7f8Cf8AJPPDX/YKtf8A0UtAHQUUUUAFFFFABRRRQAUUUUAFFFFABRRRQAUUUUAFFFFABRRRQAUUUUAFFFFABRRRQAUUUUAFFFFABRRRQAUUUUAFFFFABRRRQAUUUUAFFFFABRRRQAUUUUAFFFFABRRRQAUUUUAFFFFABRRRQAUUUUAFFFFABRRRQAUUUUAFFFFABRRRQAUUUUAFFFFABRRRQAUUUUAFFFFABRRRQAUUUUAFFFFABRRRQAUUUUAFFFFABRRRQAUUUUAFFFFABRRRQAUUUUAFFFFABRRRQAUUUUAFFFFABRRRQAUUUUAFFFFABRRRQAUUUUAFFFFABRRRQAUUUUAFFFFABRRRQAUUUUAFFFFABRRRQAUUUUAFFFFABRRRQAUUUUAFFFFABRRRQAUUUUAFFFFABRRRQAUUUUAFFFFABRRRQAUUUUAFFFFABRRRQAUUUUAFFFFABRRRQAUUUUAFFFFABRRRQAUUUUAFFFFABRRRQAUUUUAFFFFABRRRQAUUUUAFFFFABRRRQAUUUUAFFFFABRRRQAUUUUAFFFFABRRRQAUUUUAFfHXjX/kevEP/AGE7n/0a1fYtfHXjX/kevEP/AGE7n/0a1AGCajapDUbUARNUDVO1QNQBE1RmpGqM0ANpKWkoAKKKKACiiigAr7f8Cf8AJPPDX/YKtf8A0UtfEFfb/gT/AJJ54a/7BVr/AOiloA6CiiigAooooAKKKKACiiigAooooAKKKKACiiigAooooAKKKKACiiigAooooAKKKKACiiigAooooAKKKKACiiigAooooAKKKKACiiigAooooAKKKKACiiigAooooAKKKKACiiigAooooAKKKKACiiigAooooAKKKKACiiigAooooAKKKKACiiigAooooAKKKKACiiigAooooAKKKKACiiigAooooAKKKKACiiigAooooAKKKKACiiigAooooAKKKKACiiigAooooAKKKKACiiigAooooAKKKKACiiigAooooAKKKKACiiigAooooAKKKKACiiigAooooAKKKKACiiigAooooAKKKKACiiigAooooAKKKKACiiigAooooAKKKKACiiigAooooAKKKKACiiigAooooAKKKKACiiigAooooAKKKKACiiigAooooAKKKKACiiigAooooAKKKKACiiigAooooAKKKKACiiigAooooAKKKKACiiigAooooAKKKKACiiigAooooAKKKKACiiigAooooAKKKKACiiigAr468a/8j14h/wCwnc/+jWr7Fr468a/8j14h/wCwnc/+jWoAwTUbVIajagCJqgap2qBqAImqM1I1RmgBtJS0lABRRRQAUUUUAFfb/gT/AJJ54a/7BVr/AOilr4gr7f8AAn/JPPDX/YKtf/RS0AdBRRRQAUUUUAFFFFABRRRQAUUUUAFFFFABRRRQAUUUUAFFFFABRRRQAUUUUAFFFFABRRRQAUUUUAFFFFABRRRQAUUUUAFFFFABRRRQAUUUUAFFFFABRRRQAUUUUAFFFFABRRRQAUUUUAFFFFABRRRQAUUUUAFFFFABRRRQAUUUUAFFFFABRRRQAUUUUAFFFFABRRRQAUUUUAFFFFABRRRQAUUUUAFFFFABRRRQAUUUUAFFFFABRRRQAUUUUAFFFFABRRRQAUUUUAFFFFABRRRQAUUUUAFFFFABRRRQAUUUUAFFFFABRRRQAUUUUAFFFFABRRRQAUUUUAFFFFABRRRQAUUUUAFFFFABRRRQAUUUUAFFFFABRRRQAUUUUAFFFFABRRRQAUUUUAFFFFABRRRQAUUUUAFFFFABRRRQAUUUUAFFFFABRRRQAUUUUAFFFFABRRRQAUUUUAFFFFABRRRQAUUUUAFFFFABRRRQAUUUUAFFFFABRRRQAUUUUAFFFFABRRRQAUUUUAFFFFABRRRQAUUUUAFFFFABRRRQAV8deNf+R68Q/wDYTuf/AEa1fYtfHXjX/kevEP8A2E7n/wBGtQBgmo2qQ1G1AETVA1TtUDUARNUZqRqjNADaSlpKACiiigAooooAK+3/AAJ/yTzw1/2CrX/0UtfEFfb/AIE/5J54a/7BVr/6KWgDoKKKKACiiigAooooAKKKKACiiigAooooAKKKKACiiigAooooAKKKKACiiigAooooAKKKKACiiigAooooAKKKKACiiigAooooAKKKKACiiigAooooAKKKKACiiigAooooAKKKKACiiigAooooAKKKKACiiigAooooAKKKKACiiigAooooAKKKKACiiigAooooAKKKKACiiigAooooAKKKKACiiigAooooAKKKKACiiigAooooAKKKKACiiigAooooAKKKKACiiigAooooAKKKKACiiigAooooAKKKKACiiigAooooAKKKKACiiigAooooAKKKKACiiigAooooAKKKKACiiigAooooAKKKKACiiigAooooAKKKKACiiigAooooAKKKKACiiigAooooAKKKKACiiigAooooAKKKKACiiigAooooAKKKKACiiigAooooAKKKKACiiigAooooAKKKKACiiigAooooAKKKKACiiigAooooAKKKKACiiigAooooAKKKKACiiigAooooAKKKKACiiigAooooAKKKKACvjrxr/wAj34h/7Cdz/wCjWr7Fr458an/iu/EP/YTuf/RrUAYRqNqcTTCaAI2qBqmaoWoAiaozUjVGaAG0lLSUAFFFFABRRRQAV9v+BP8Aknnhr/sFWv8A6KWviCvt/wACf8k88Nf9gq1/9FLQB0FFFFABRRRQAUUUUAFFFFABRRRQAUUUUAFFFFABRRRQAUUUUAFFFFABRRRQAUUUUAFFFFABRRRQAUUUUAFFFFABRRRQAUUUUAFFFFABRRRQAUUUUAFFFFABRRRQAUUUUAFFFFABRRRQAUUUUAFFFFABRRRQAUUUUAFFFFABRRRQAUUUUAFFFFABRRRQAUUUUAFFFFABRRRQAUUUUAFFFFABRRRQAUUUUAFFFFABRRRQAUUUUAFFFFABRRRQAUUUUAFFFFABRRRQAUUUUAFFFFABRRRQAUUUUAFFFFABRRRQAUUUUAFFFFABRRRQAUUUUAFFFFABRRRQAUUUUAFFFFABRRRQAUUUUAFFFFABRRRQAUUUUAFFFFABRRRQAUUUUAFFFFABRRRQAUUUUAFFFFABRRRQAUUUUAFFFFABRRRQAUUUUAFFFFABRRRQAUUUUAFFFFABRRRQAUUUUAFFFFABRRRQAUUUUAFFFFABRRRQAUUUUAFFFFABRRRQAUUUUAFFFFABRRRQAUUUUAFFFFABRRRQAUUUUAFFFFABXxv41P8AxXniL/sJ3P8A6NavsivjTxsf+K88Rf8AYTuf/RrUAYZNMJoJppNADWNQtT2NRMaAGGmGnGmGgBDSUppKACiiigAooooAK+3/AAJ/yTzw1/2CrX/0UtfEFFAH3/RXwDSg0AfftFfAgNPBoA++KK+CQ1O3UAfelFfBm6jdQB950V8GbqN1AH3nRXwZuo3UAfedFfBm6jdQB950V8GbqN1AH3nRXwZuo3UAfedFfBm6jdQB950V8GbqN1AH3nRXwZuo3UAfedFfBm6jdQB950V8GbqN1AH3nRXwZuo3UAfedFfBm6jdQB950V8GbqN1AH3nRXwZuo3UAfedFfBm6jdQB950V8GbqN1AH3nRXwZuo3UAfedFfBm6jdQB950V8GbqN1AH3nRXwZuo3UAfedFfBm6jdQB950V8GbqN1AH3nRXwZuo3UAfedFfBm6jdQB950V8GbqN1AH3nRXwZuo3UAfedFfBm6jdQB950V8GbqN1AH3nRXwZuo3UAfedFfBm6jdQB950V8GbqN1AH3nRXwZuo3UAfedFfBm6jdQB950V8GbqN1AH3nRXwZuo3UAfedFfBm6jdQB950V8GbqN1AH3nRXwZuo3UAfedFfBm6jdQB950V8GbqN1AH3nRXwZuo3UAfedFfBm6jdQB950V8GbqN1AH3nRXwZuo3UAfedFfBm6jdQB950V8GbqN1AH3nRXwZuo3UAfedFfBm6jdQB950V8GbqN1AH3nRXwZuo3UAfedFfBm6jdQB950V8GbqN1AH3nRXwZuo3UAfedFfBm6jdQB950V8GbqN1AH3nRXwZuo3UAfedFfBm6jdQB950V8GbqN1AH3nRXwZuo3UAfedFfBm6jdQB950V8GbqN1AH3nRXwZuo3UAfedFfBm6jdQB950V8GbqN1AH3nRXwZuo3UAfedFfBm6jdQB950V8GbqN1AH3nRXwZuo3UAfedFfBm6jdQB950V8GbqN1AH3nRXwZuo3UAfedFfBm6jdQB950V8GbqN1AH3nRXwZuo3UAfedFfBm6jdQB950V8GbqN1AH3nRXwZuo3UAfedFfBm6jdQB950V8GbqN1AH3nRXwZuo3UAfedFfBm6jdQB950V8GbqN1AH3nRXwZuo3UAfedFfBm6jdQB950V8GbqN1AH3nRXwZuo3UAfedFfBm6jdQB950V8GbqN1AH3nRXwZuo3UAfedFfBm6jdQB950V8GbqN1AH3nRXwZuo3UAfedFfBm6jdQB950V8GbqN1AH3nRXwZuo3UAfedFfBm6jdQB950V8GbqN1AH3nRXwZuo3UAfedFfBm6jdQB9518YeN2/4r7xH/ANhS5/8ARrVze6jdQBKWphambqaWoAcTUZNBNMJoACaYaUmkoASiiigAooooAKKKKACiiigApaSigBwNOBplGaAJM0uajzS5oAk3UbqjzRmgCTdRuqPNGaAJN1G6o80ZoAk3UbqjzRmgCTdRuqPNGaAJN1G6o80ZoAk3UbqjzRmgCTdRuqPNGaAJN1G6o80ZoAk3UbqjzRmgCTdRuqPNGaAJN1G6o80ZoAk3UbqjzRmgCTdRuqPNGaAJN1G6o80ZoAk3UbqjzRmgCTdRuqPNGaAJN1G6o80ZoAk3UbqjzRmgCTdRuqPNGaAJN1G6o80ZoAk3UbqjzRmgCTdRuqPNGaAJN1G6o80ZoAk3UbqjzRmgCTdRuqPNGaAJN1G6o80ZoAk3UbqjzRmgCTdRuqPNGaAJN1G6o80ZoAk3UbqjzRmgCTdRuqPNGaAJN1G6o80ZoAk3UbqjzRmgCTdRuqPNGaAJN1G6o80ZoAk3UbqjzRmgCTdRuqPNGaAJN1G6o80ZoAk3UbqjzRmgCTdRuqPNGaAJN1G6o80ZoAk3UbqjzRmgCTdRuqPNGaAJN1G6o80ZoAk3UbqjzRmgCTdRuqPNGaAJN1G6o80ZoAk3UbqjzRmgCTdRuqPNGaAJN1G6o80ZoAk3UbqjzRmgCTdRuqPNGaAJN1G6o80ZoAk3UbqjzRmgCTdRuqPNGaAJN1G6o80ZoAk3UbqjzRmgCTdRuqPNGaAJN1G6o80ZoAk3UbqjzRmgCTdRuqPNGaAJN1G6o80ZoAk3UbqjzRmgCTdRuqPNGaAJN1G6o80ZoAk3UbqjzRmgCTdRuqPNGaAJN1G6o80ZoAk3UbqjzRmgCTdRuqPNGaAJN1G6o80ZoAk3UbqjzRmgCTdRuqPNGaAJN1G6o80ZoAk3UbqjzRmgCTdRuqPNGaAJN1G6o80ZoAk3UbqjzRmgCTdRuqPNGaAJN1G6o80ZoAk3UbqjzRmgCTdRuqPNGaAJN1G6o80ZoAk3UbqjzRmgCTdRuqPNGaAJN1G6o80ZoAk3UbqjzRmgCTdRuqPNGaAJN1G6o80ZoAk3UbqjzRmgCTdRuqPNGaAJN1G6o80ZoAk3UbqjzRmgCTdRuqPNGaAJN1G6o80ZoAk3UbqjzRmgCTdRuqPNGaAJN1G6o80ZoAk3UbqjzRmgCTdRuqPNGaAH5pM03NJmgBxNNJpM0UAFJRRQAUUUUAFFFFABRRRQAUUUUAFFFFABRRRQAuaKSigBaKSigBaKSigBaKSigBaKSigBaKSigBaKSigBaKSigBaKSigBaKSigBaKSigBaKSigBaKSigBaKSigBaKSigBaKSigBaKSigBaKSigBaKSigBaKSigBaKSigBaKSigBaKSigBaKSigBaKSigBaKSigBaKSigBaKSigBaKSigBaKSigBaKSigBaKSigBaKSigBaKSigBaKSigBaKSigBaKSigBaKSigBaKSigBaKSigBaKSigBaKSigBaKSigBaKSigBaKSigBaKSigBaKSigBaKSigBaKSigBaKSigBaKSigBaKSigBaKSigBaKSigBaKSigBaKSigBaKSigBaKSigBaKSigBaKSigBaKSigBaKSigBaKSigBaKSigBaKSigBaKSigBaKSigBaKSigBaKSigBaKSigBaKSigBaKSigBaKSigBaKSigBaKSigBaKSigBaKSigBaKSigBaKSigBaKSigBaKSigBaKSigBaKSigBaKSigBaKSigBaKSigBaKSigBaKSigBaKSigBaKSigBaKSigBaKSigBaKSigBaKSigBaKSigBaKSigBaKSigBaKSigBaKSigBaKSigBaKSigBaKSigBaM0lFABRRRQAUUUUAFFFFABRRRQAUUUUAFFFFABRRRQAUUUUAFFFFABRRRQAUUUUAFFFFABRRRQAUUUUAFFFFABRRRQAUUUUAFFFFABRRRQAUUUUAFFFFABRRRQAUUUUAFFFFABRRRQAUUUUAFFFFABRRRQAUUUUAFFFFABRRRQAUUUUAFFFFABRRRQAUUUUAFFFFABRRRQAUUUUAFFFFABRRRQAUUUUAFFFFABRRRQAUUUUAFFFFABRRRQAUUUUAFFFFABRRRQAUUUUAFFFFABRRRQAUUUUAFFFFABRRRQAUUUUAFFFFABRRRQAUUUUAFFFFABRRRQAUUUUAFFFFABRRRQAUUUUAFFFFABRRRQAUUUUAFFFFABRRRQAUUUUAFFFFABRRRQAUUUUAFFFFABRRRQAUUUUAFFFFABRRRQAUUUUAFFFFABRRRQAUUUUAFFFFABRRRQAUUUUAFFFFABRRRQAUUUUAFFFFABRRRQAUUUUAFFFFABRRRQAUUUUAFFFFABRRRQAUUUUAFFFFABRRRQAUUUUAFFFFABRRRQAUUUUAFFFFABRRRQAUUUUAFFFFABRRRQAUUUUAFFFFABRRRQAUUUUAFFFFABRRRQB//2Q0KZW5kc3RyZWFtDWVuZG9iag03OSAwIG9iag08PC9CaXRzUGVyQ29tcG9uZW50IDggL0NvbG9yU3BhY2UgL0RldmljZVJHQiAvRmlsdGVyIC9EQ1REZWNvZGUgL0hlaWdodCAxMDYgL0xlbmd0aCA3Mjk5IC9TdWJ0eXBlIC9JbWFnZSAvVHlwZSAvWE9iamVjdCAvV2lkdGggNjEzPj4NCnN0cmVhbQ0K/9j/4AAQSkZJRgABAQAAAQABAAD/2wBDAAgGBgcGBQgHBwcJCQgKDBQNDAsLDBkSEw8UHRofHh0aHBwgJC4nICIsIxwcKDcpLDAxNDQ0Hyc5PTgyPC4zNDL/2wBDAQkJCQwLDBgNDRgyIRwhMjIyMjIyMjIyMjIyMjIyMjIyMjIyMjIyMjIyMjIyMjIyMjIyMjIyMjIyMjIyMjIyMjL/wAARCABqAmUDASIAAhEBAxEB/8QAHwAAAQUBAQEBAQEAAAAAAAAAAAECAwQFBgcICQoL/8QAtRAAAgEDAwIEAwUFBAQAAAF9AQIDAAQRBRIhMUEGE1FhByJxFDKBkaEII0KxwRVS0fAkM2JyggkKFhcYGRolJicoKSo0NTY3ODk6Q0RFRkdISUpTVFVWV1hZWmNkZWZnaGlqc3R1dnd4eXqDhIWGh4iJipKTlJWWl5iZmqKjpKWmp6ipqrKztLW2t7i5usLDxMXGx8jJytLT1NXW19jZ2uHi4+Tl5ufo6erx8vP09fb3+Pn6/8QAHwEAAwEBAQEBAQEBAQAAAAAAAAECAwQFBgcICQoL/8QAtREAAgECBAQDBAcFBAQAAQJ3AAECAxEEBSExBhJBUQdhcRMiMoEIFEKRobHBCSMzUvAVYnLRChYkNOEl8RcYGRomJygpKjU2Nzg5OkNERUZHSElKU1RVVldYWVpjZGVmZ2hpanN0dXZ3eHl6goOEhYaHiImKkpOUlZaXmJmaoqOkpaanqKmqsrO0tba3uLm6wsPExcbHyMnK0tPU1dbX2Nna4uPk5ebn6Onq8vP09fb3+Pn6/9oADAMBAAIRAxEAPwD3qiiirMwooooAKKKKACiiigAooooAKKKKACiiigAooooAKKKKACiiigAooooAKKKKACiiigAooooAKKKKACiiigAooooAKKKKACiiigAooooAKKKKACiiigAooooAKKKKACiiigAooooAKKKKACiiigAooooAKKKKACiiigAooooAKKKKACiiigAooooAKKKKACiiigAooooAKKKKACiiigAooooAKKKKACiiigAooooAKKKKACiiigAooooAKKKKACiiigAooooAKKKKACiiigAooooAKKKKACuevPGWlWbaorTRu+nqhKpKpMjMcBRzwd2Ac9Ca6GvMPENhdXF5rtzfSxu9vcWDQRW/7sKxlAVtxyQwUkZ4A3E44FAzuLDxJp+opefZpVlltXdWiidXdgv8SgHkEEfnis2XxvDGL8DR9VaS0Xd5Yg+ZxtByB2GSR+FZHhNLgyeIFktprrdJKot7i/SVJTtT5SMd+m7pjisGXSLW00HUdRn0PN3FLdSTPp9latAvlkqEHnISqgJnIXJyScnigD0W68SWtpo82ozwzwhGKRwzqI3lfGQqgnnPP5H0obxTpC6jFa/bbbZJbmfz/OXZjdtAznkkhv8Avk1yPlf2T4f0JZWOkyJqm6W5ltIIQWMEvzbI/lxjC5PPFaHhiCe20W21G0kiltrj7R9tYgKXwz7JQfwxt6fNnscgHSza7p8E1sslwoiuYTNFOCDGyjb0b1O4EeoBqtY+KLC+WzCb/OupDGIRy0eAxy3oML19xXHXEFq2k6At68KeVoUZiE0TSAyZiAXYpBYnlcDnnijSbVF1SxuLjShpV/8A2hEotAD+7iMUhzv/AI9xB+m0DAIOQDt5vEFlBqk9jK+wwRozysQEDNnCf72Bn6EetGneIbLUrBLmIsJTB5z22MyJxypHqOlctNappUniBrR5PNh1G1u/mcs8pARpB6nKlhj6ela9tcx3t34jukiS+B22kVruUiZY0yRg8YLyOp+lAEkXjC2lR5Bp2oLGJ/sy5RNzyc5UKG3cY6kCrB8UWS6fNePFPGIZ/s7xShUcPgNjDMB0IPWuF03TYvD0qXtz/Z8cA1lllnWFYmjYbsqCB/q+mAemO+eNprmLU9D1+OwvI9+oan5FrIrHDuY4uAVBI4VsnHABzQBah+I2lylCbW6VJiPJbdFlht3ZI35TuOcfmcVvXOv6baRxtLcfNJD5yIil2ZfUbc5rzX7Jcy2guo544oRHFcpMbh/nRjuGweQCzEKRtHP511OvvNe6jNJpbyytLpSvE1rJtd1MyklGBHVc8g0Abll4l067itS8hgnuAoEMikFXYfczjGe1Z03jqyt7i4im07UEFv529/3RH7pdzcCTPTGOO9ZKxXEc6lotUitG1Kz8hNRnaV85O7BZmIHTvWDfNaTa7qKzzmO2na/V5ksmzGvlgFzKcBhwfloA9IstcS81H7C9je2k5iaZRcIoDKCAcYY92FUz4w077EbobypuPKRRjc6eZs80DuvVvcDNZ1naT6lrBh1i9m86bS/liWAQHy5GXeAysfmUqoPpuHrVXQrmLSrPw9ctKI7QadNDMoPCY2ujEduFcfiKAOrl1iH7H9ps4ZtQXzNhW12sQcZyckDHT8xWdH4tE15PaR6JqzTwBWlQRx/JuzjPz9TjOOv51Dpf9qt4RsV017YX1z+9nlmbcLcyEyMdo+8QWwBkc+1UdO0BodT1q3sb6eK8ikgnW5di3mylDkyDowbJBHYdMYGADY1HxZZaXcWsNzBdhpYxJKI4GkNuCQFDhAcFmJA7ZB9KZa+MdPutRNmsN8GaXy4X+xylZSAu7kLgbWO1s4wQc4qjqkWrXniLQVuJY7ONo5CFtyHZbjymy2WXGFBwMqc7iSOlU7a31SfW9DkuNa1aOQ/aPNgnjtxtZNu5QViG5T/e7jBGKAO7pk0qQQSTSEBI1LMSQMAfWq0eqWcuoyWCSk3MYJZdjBeMEgNjaSNy5AORmrFxPFa20txO4jhiQu7t0VQMkn8KBHJS/EbS43k/0W6MUIPmuGiypwCABvy2Qe2eRjrW5B4i06bTRfPMIYTJ5XzlWO7sPlJ5NedQ6detIUMqSsZiryNcOoQsnnLv3QHb8jDqevHXiuis5FPhrQYDdJczW2pxQzOjFhuDN3IBIwQQccggjgigZuQeK9NlNyZGkgSGQoryRMA4ABLDjpkkfhVi81+xsjbGSTMdzGzxyAjbwu4Z5yMjODjHGM5Izx9pb6lGI2mh1tJFguftsl1dO8DfI23ClyOuMYArQ1L7LL4M06xWGCXVL+xS2tFZFZwWQAvz0VASxPt6kUAdLp2sWepWVrcRzxBriJZBEZAWG4Zxj1qtN4ksbeW/WYTbbORI3MUTSkllDA7UBOOcdOtYUunGzv8ASbOSwtYmj1RRbTwoqmWERSPyByCoGD2OAe+Bjarb2Dv4geDS5Ehubq3hFygNrFIHMcLq0mMldzljgEZXNAHb6R4hg1YtEtrfW90kYkkguLWSIqCSByygHODjnsfQ1HL4ntLeBZbm3urf/Rp7mRJI8NGIdu8EZ5PzjBGQccHpWD4csFfW9StL5luTNao8pXUXukkUkqA25VwRt/U1hG5t7vw/ewWxYrp+kapHJ8pwu6RdgBPUYRhkf3SOxoA9DbWoxHfulrcy/YbgQSrEoZj8qOWAzkgBxwOeDgGqF/4z0nT7i8gkniL2sUMhHmqCxd3XaATnK7Mke4rF1iC1fSPFdzcKubXURLHIxx5Z8iDkVn6s+rakdf1G2vrE2nl2kHzWUgbAdpFXmThgJhuyOemFxQB297r9naeUsbfaXlaPakLAkrIWCsCTjBKN37Vn2vjOC71H7CmmXomGzdmW3woYkA8SnPQ8DJ46dKzNZs7z/hIrP7S8MktxHAC8K7QfJ+0O7bCSQvzxjJJ5cVjWUdpENNTy4Unkg0QxAKAzHzGZsd/ugk+woA9Roqtb39rdXN1bQTo81qwSdB1QkBgD+Bp17aR39lNaStIscylHMbFWweoBHIoEY0Xi22ndVgsb6cyGQxeTGG3oj7C45Hyk9PUc06fxZYW+hTarKHhSKVoTFORG5dWwV5PXr+VcrYaS82m6Dcrpcl7bRac0OyG7EBRi4I/iXIwDU99p2pWHw+v4Io4bMPdSSukz+cyRtJlQCGwW6dSaBm/ceNdIt9Sa0a4iKq8MbSiVNuZASMc8gDZk/wC2PQ1Pq/iW30m3WcWl3dRMqOJbePcm1mAzu6cDn6V59qthJY6zfQW5umUaras7pfLDvkaONmYr/eJJO7oM+1dB4n05dQutCS70i1ubRmjSaZ9ktxKVR5BErEdMpycjdux3NAG9a+KY7rUTaLpepKMRkStb4U7yR17AY6+9SN4p0pL2+t3uoR9jjLu3mL8xUMXUDOSVC8+mfauJ0rTIofGkESaNeCK2SOdll0ywVgzswRtyKCqqUJyCScdscvs0t9S8QwafNqKTL/amoMbLYuYiHkIYnvzg4PHNAHd6Xrlhq0MPkXMH2iSETNbCVWeMcZBAPYkA+9aVcxZfbv8AhKNNTUfLN3Fptysjx9H/AHsID47bgucduR2rp6ACiiigQUUUUAFFFFABRRRQAUUUUAFFFFABRRRQAUUUUAFFFFABRRRQAUUUUAFFFFABRRRQAUUUUAFFFFABRRRQAVQOiaW0NzCdPtjHdSCWdfKGJXyDub1OQOtX6881PxTryeM5NNsIndBHtaL7KCY1L48wnzeuORkDPTHUgGdva6RptjL5tpp1pbyY274oVQ49MgU240XTbu0a1uLKGW3aUzNGy5UuSSSR3ySfzrnfC+qajeX0kt9qbyW6WazSJLHGiqzyMAVIUHAWM5JJ+97Vif8ACRayJZxLfXwInlC+S9sE2bzsxmBj93HUmgD0h4YpWjaSNHaNt6FlBKtgjI9Dgkfiar3el2F/ai2u7OCe3Db/ACpIwy555x07n86qeGru4vfD1lLeSrJeeUPPIK5D987eAfpUGlaq134n1yyaRzHbNCIgR8vKfNtPfBOD6HFAGwLWATpOIkEqIY1bHIXIOB7cD8qil02ymv4b+W1ie6hBEUrLlkBz0PbqfzNV9ZvbuwsJ7qCG3eKGF5JGlnMZUKM8AI2entWbpmq6rbWWgw6nawO96EhaZLks+/yWcsVKAc7D0PegDWuNG0y7keS50+1nZ2DMZolfJAxnkegApbXRtLsZvOtNNs7eXGN8UCo2PTIFcrqWv6017qmn6fazTlJ9sU0agGMBULKB/Fyev+1Wj4c8QXes6rdJcQm3jSBGjiwGBO91Ztw68jGO22gDfWytV6W8X+tM33RxIerfX3pwtbcSeYIIg+8ybtgzuI2ls+uOM+nFS0UCMy38OaJa3S3NvpNlFOjFldIFBUnqRxweT+dXI7O2imWWOCNHWPylKrjCZztHtU9FAFObSrC51CG/ntIZLqAYildcsnXp6dT+dPu9Ps75ozd20UxjOU8xc4OQf5gflVmigCN7eF5453iRpYgwRyOVBxnB7ZwPyqgfDuiMqh9IsX2KFUvbqxAHQZIrTooAr2mn2WnoyWVpb2yscssMYQE+pwKfHbQxTyzpGqyzY8xh1bAwM1LRQBG9vDLNFM8atJESY2I5XIwcfhUCaXYR6k+oraQi9ddrT7Rvxxxn8B+Qq3RQBWTT7SO+kvUt41uZBtaUDkjj/wCJX/vkegqaWKOeJ4pY1kjcFWRxkMPQjvT6KAM288PaNqFy1xeaXZzzOAGeSFWLAdAcjn8atNY2j7c28XyusgwoGGUYB+oHFWKKAKuoabZarbi3v7aO4hDbtki5GcEfyJp8dlaxXH2iO2iSbyxF5ioA2wZIXPoMnip6KAKi6XYLqTaiLSH7ay7TPsG/GAMZ+gH5VLdWlvfW5t7qCOaEsrGORcqSpDDj2IB/CpqKAKltplhZTPNa2cEEjqFZoowuQCSAcfU1Iljao0pS2iUyqEkwg+dRnAPqOT+dT0UAQLZ2y+diCP8AfyCSXK53sAACffCr+Qpp0+za1e1NtF5Ejl3jC4DMW3En3J5+tWaKAI/s8P2k3PlJ55Ty/M2/NtznGfTNItvClzJcLGomkVVdwOWC5wD9Nx/OpaKAIYraKGWaVFPmTMGdiSScDA69B7Dj86moooAyZPC+gTBPO0TTpiihFMtsjkKOgyRnFPTw7okcCwR6PYJCsomEaW6Ku8dGwBjI9a06KBmfPoWkXNzJc3GmWc08pBeSWBWZsAAckegFWPsNrst0FvGEtmDQqq4EZAI4A6cEj8asUUCKttptnZ3NxcW9tHHNcsGmkUcuRnGT+J/M1KltBHjy4Y0wzONqAYZiSx+pJOT3zUtFAFW302xtLme5t7SGKe4OZpUQBnPXk9T1P51aoooAKKKKACiiigBr7/Lby9u/B27ume2a5+K6vbHVWgkvpL5YrR57sMiARPxsC7QCM/Pwc8DP16CQOY2EbBXIO1iMgH1x3rF0fRr/AE5WiudQtrqKUs0xFoUklY/xFvMI/TpwMUDK1peajCNGvLm8M6akwSWAooWItGzrsIGeNuOSc5zUs8mo2ur2Uf8AaDTzXM7F7URqI0gGfm6bgR8oyTyTjHpJY6DPbTWSz3wntLDP2SLytrD5SoLtk7iFJA4HXNJaaPqdrqtxetqdtKJ5AXDWZ3iMdI1bzMAAZ7dSTSAotqlwuqXT3V5qkFpHd+Upit4vIUfKAGZkLcnOSDgZ6iuhGpWLXf2QXtubnOPJEq784z93OazrzRr28ae3fUgdOnkDvE0O6QDIJRX3YCnH90kZ/LXFvAJfNEMfmf39oz+dAHNWmo6gbLS9XkvGeO/nRHtSihESQkLtIG7IyuSSc88Ds2PVLj+0pXu7zVIbZb0wqUt4vs4AbaqlihbBPcHHPUVetvD8sMttC96H060mM0EAiwwPO0M+eQueOB0Gc4p1zot7dO8EupBtOkmEzRNFmThg2wPuxtyP7uccZoA0hqVi139kF7bm5zjyRKu/PX7uc1m20+op4oe1urqN4HtTMkUcYATDgDnqTjr29q1xbwCXzRDH5n9/aM/nVc2H/E6Go+b0tzB5e3/a3Zzn9KYGPe3l5Z6zawf2jK009wB5DQKkAiJ6byuS+OwbJPbFbl7FczQCO1uBbuWG6TaGIXPO0HjP1BFZk2i3lxIsM+pCSwW4W4EbQ5lyr7wvmbvuggfw5xxmrmsWNzqOmyWlreC0eTAaTyy/y9xwRjPTOaQFDTJtQvLPUEgvfNRJ/KtbyVFJZQBuOAAGw24A45x37mnz6g9xqlvb3f2xINiQz3KgDzud6EoBkD5e3BJHbidNN1NdGmsV1G2hkKCOCW3syghHThS5zx05GKbY6NcQaa+nXN3C1qY9iC0haBl9Tu3sST60AVPFGrXtta3MWmyiKa2tzczzbQ2wc7VAIIyxB/BT6ik1jVbhddGmQSXibLYTsLKJHkbLEfxggKNv1JYVY1fwpp+rRXh/eQ3Nym1pllfGQNoJUMAcACpJ9Fliu4bvS7lLeZIPszefGZg0ecj+IHIJPOe/NAF3SrkXel284uBcb0z5vl7N31XsfUetXKqaZYLpmnRWiSNJsyWduCzEksfxJJq3TEFFFFABRRRQAUUUUAFFFFABRRRQAV5rqPhW5TxJeTWWkMYZNStbhZligIwGiMjbmPmDkN93j9a9KooGcho+jX9taxXV5bRyrb2EsCWSqN8xZlbDljt6pgf7xzWJceGNUifT1l0mKV455Z5bqxjgbAdW/d7JccKW2jgjAB4PFelUUAc1a/2ja6IlvpelNDdySmNpbqOKJU4z5rLGcEDoAOSRzgc1OdAksbCzOmT5v7RnfzJv+XkucyCQgcbzzkdCAcEDB3qKAOf1SLUddtoNNNk9paXMatfSSSKSqH70KgE5Y4wT0APBJ6SXS3WoeItORbGaK10+V53uJCoV2MTRqEAJJ/1jHkDGK3KKAOMuvDF7q13eROVsoGvnnS8jYi5UFEGIiOFBwQSc8DGO9WfDlhf2mpSrPZiOK0so7OKRVEaTbHcgqoJIG0rnPc8V1VFAGXoV1qd1aSPqlssEocBQqbcjaCeNzdGLDOecZxWpRRQIKKKKACiiigAooooAKKKKACiiigAooooAKKKKACiiigAooooAKKKKACiiigAooooAKKKKACiiigAooooAKKKKACiiigAooooAKKKKACiiigAooooAKKKKACiiigAooooAKKKKACiiigAooooAKKKKACiiigAooooAKKKKACiiigAooooAKKKxrzxFHZyXY/s+9mjtHCSyx+XtDFVbAy4J4de1AzZorPstV+13j2j2VzbSrGJMTbOVJxxtY9xVf/hJLJpYfKS6lhlBPnJayFRjp/DyDzyKANiiqaarYvYPffaFS2QkNJICm0g4IO7BBzxS2up2d5p/2+GcfZfmJkcFANpIOd2MYIPWgC3RVG21nT7uxmvYblTbQlhJIwKhcDJ6gcY70ltrNjdCXZK0ZiTzHE8bREJz82GA+Xg89KAL9FZ9nrVjfTCKF5A7JvQSwvH5i/3l3AbhyOnqPWkttd0+8uEhhlcmTPlO0TqkuOuxiMNwCeCeKANGis9Nb0+S8Fqszby5iVjGwjZxnKh8bSwweM9jUdx4gsLR3WcXkYR9hc2M+zOcD5tmCM984NAGpRVK61ews7yC0nuVW4nYLHGAWJJ4GcdB7nim3ms2VhKYp5JN6p5jiOF5Ni8/M20HaODyfQ+lAF+iqNzq9lamIPI8jSpvRYInlJX+9hATjnrVm3uIbu3juIJFkhkUMjr0INAiWiiigAooooAKKKKACiiigAooooAKKKKACiiigAooooAKKKKACiiigAooooAKKKKACiiigAooooAKKKKACiiigAooooAKKKKACiiigAooooAKKKKACiiigAooooAKKKKACiiigAooooAKKKKACiiigAooooAKKKKACiiigArgdZ0/7ZHr18thps6G6CrPOmZRtWNCAcHjcp7+td9UX2a38gweRH5JJJj2jaSTk8fXmgZzWnQR6Prl7JNaafZxpYCRxZrtXAZsk8Dnip9H0GZNFsVk1LUYpPITfGkoAQ7RkAbexrZGm2Km4K2duDcHMxEYBkP+16/jVqkBTstNhsbT7OpeVfMaUtMQzFi24k/jzVDwyiyaAFdQym4ucgjIP79626KYHISwyTaB4iWJGkYX7vsUZLBSjED6gGpbiay1/VJ2tpTcWS6XNDcSW/zZMhXCj/awrHHUZHrXVUAAdBSA4mxeTV9d0lv7Tg1CO0hl3/ZoygVWTb+8yxw5OOOMYb8IbQtdz6Hp1vqkV1FZXCusKQlJokRWH77JOCB8uMDJOa7sADOBjNGACSByetAHFW88b6Tpuiq4/tOG/TzIf40CS72cj+6VBOeh3Cty5/4mniCK0HNtYbZ5/RpT/q1/AZb/AL5rawM5xzRQBieIEUf2awUBm1CDJA5PJqt4lvrXyriyk1NtOl8rd86qFuVIPyg/ePoQpDc10lGM0wObutRgj0uzt7m7bQ5pbVHEm1Aq8cxAsDyM9OD6GtDw4SfDtjm3EGIgBGAQMDgHnnkc8881qYz1ooAKKKKBBRRRQAUUUUAFFFFABRRRQAUUUUAFFFFABRRRQAUUUUAFFFFABRRRQAUUUUAFFFFABRRRQAUUUUAFFFFABRRRQAUUUUAFFFFABRRRQAUUUUAFFFFABRRRQAUUUUAFFFFABRRRQAUUUUAFFFFABRRRQAUUUUAFFFFABRRRQAUUUUAFFFFABRRRQAUUUUAFFFFABRRRQAUUUUAFFFFABRRRQAUUUUAFFFFABRRRQAUUUUAFFFFABRRRQAUUUUAFFFFABRRRQAUUUUAFFFFABRRRQAUUUUAFFFFAH//ZDQplbmRzdHJlYW0NZW5kb2JqDTc1IDAgb2JqDTw8L0NvbnRlbnRzIDc2IDAgUiAvTWVkaWFCb3ggWzAgMCA5NjAgNTQwXSAvUGFyZW50IDIgMCBSIC9SZXNvdXJjZXMgPDwvRXh0R1N0YXRlIDw8L0dTOCA4IDAgUj4+IC9Gb250IDw8L0ZUMTAgMTAgMCBSIC9GVDE1IDE1IDAgUiAvRlQzMiAzMiAwIFI+PiAvWE9iamVjdCA8PC9JTTc3IDc3IDAgUiAvSU03OSA3OSAwIFIgL0lNOSA5IDAgUj4+Pj4gL1R5cGUgL1BhZ2U+Pg1lbmRvYmoNNzYgMCBvYmoNPDwvRmlsdGVyIC9GbGF0ZURlY29kZSAvTGVuZ3RoIDEyNTI+Pg0Kc3RyZWFtDQp4nLVYWYsbRxB+D8x/mGdDevuooxuMYQ7JJOAHJ4L8gCU2mN0EOQ/5+6k5NNZWjbDGs0Fod7rU/dVdXTXnKtRePj8P/xB8/fhcnauBUmgifP2z+uNN/ZfsGz5fP8vPD+9/z/Xnf/S2T2+qj5V3Hut/q1h/kO+v8v0ybvP1b++Xc+fx1MgWU3EYB97ywDSwf/jlQ6n7v2vBEqCJrRw+V+2pejiegq9jDPXp08RqRBmfQnQhcI2RXIipPj1Xb+nYwbvTlzqEJJvqUz9QklB+OpxE1vsh0QWf74Gc1BqtlKjGAC7Xz0Kdnp6GpxRcBHkcfr9+nneMVhwlWyz+HRFx1jneL+C1PeU4lhVkBBflL7mEMCL7FtoBGcnPyL4tRVESo7XvLRYhZc0DARRi029BLEZqDFlLHVBRuNEUgE5TYtA47BUlH6w9mm+2FydJSJ9rzN4xpznzErpCIKIXRwHq6NGB5zkVmL/lwpX2SThY7SOxAwkoiX9HmF54LWmvGYuuYyafLKYPzQYEiWzUCFOcXEuVqVMUymaPJ0XBtug9B02RaqP3TFF2bZMumFNJURKxljBqmYvhTqx5IWq9OGnujddeK15rAaytAT5rSg/GUynWMa8VkxjI5cFTwJI/s6dyHiWJ+covpCgFQVM6s+fgzZ5OUXJERcG20dxje79GCaLVKIYNNkm4YhMfRzsHubFmqXwc/R4yLxRvb5rbXLhIcVBcELQ1SjY29JpCh6PZw4oCDd0vG1CyssVgq/JtBGaLAN7WkNsIJazJsMGPKGXVIDRkLBMOOiZ7HdvUbIhApFXJN1gPeUXykrOWvEQtZ6d1aYPeYy2AXiPTVBtfVAAdYzZzE+m6gY1BHu/me6tTAldY7EDgwnK7Za0jBMOFtLSW0iZdr9qxJt+bvyFb2bbVmRQtQina8nm6la7lPGqflrKFb16VfEt2+xXJsWgLY6fjwUYIZB1F1GoLlKaYe8RUPMMLerMn2C7odg7Cio7b6o/cIwaBO+07IK0dBk1pYUP1prAq+Qb/UlyRHLyWqmHTA9xxN9FR+5dBZzTCBk9xXKkS13fxxxsD7rmKIbgiuOKpWFjmtoUgQ1bJ0h4JtMyDEaRTl1WWfh3n1WPFEBz6y/pJ1uiiT/OaQUadBemymhgNZ4d1kkmAKI1np3VxiWJ9QRqamTRATYzm5WN1kWQmPFUXQWfCrMYFbllO3B613k+TPe6b5DHJoTzZv8RhhL/Az9JNU8w80d+2vr/FanT4Mla/8PzyHmKOAOcDLZ0sOypiMvYupzxHve/H7tjHS2RZiunatrMWH8uw+JK1TRc46EIOrb64EHUZM0Vrs3gpDuJpy+hKth1W4sDAApgWwCutUziaC5x361hWXGBq3mZY8GRhybQbtiVh01JxMBdUUuUzYqsvhxbMdXHYG64oxWPFVnvjAdOKC9A0kk0xA41pY/PY4OwSJq/quDceyK9merMXNqyE2X6PUPI/5hGi3az5f8lHyiuGKqZdKkf9CqEx+Ti1oq9S9osItQQDm5Ju5qTSmgnMzEmM2ilN0u9OSmdOHTQy9+ZCST/yRoEMdzC9PJmOu8m6Q3wtvQoqp2Mf++9OG8TmbRPqKRAMTkYdTtztThAAGzyvkPKYLWxj3t615pq2ScS9LhSwO2U4roh3XRaGz39qs6FEDQplbmRzdHJlYW0NZW5kb2JqDTgwIDAgb2JqDTw8L0NvbnRlbnRzIDgxIDAgUiAvTWVkaWFCb3ggWzAgMCA5NjAgNTQwXSAvUGFyZW50IDIgMCBSIC9SZXNvdXJjZXMgPDwvRXh0R1N0YXRlIDw8L0dTOCA4IDAgUj4+IC9Gb250IDw8L0ZUMTAgMTAgMCBSIC9GVDE1IDE1IDAgUj4+IC9YT2JqZWN0IDw8L0lNOSA5IDAgUj4+Pj4gL1R5cGUgL1BhZ2U+Pg1lbmRvYmoNODEgMCBvYmoNPDwvRmlsdGVyIC9GbGF0ZURlY29kZSAvTGVuZ3RoIDUzNz4+DQpzdHJlYW0NCnictVRta9swEP4+8H+4z4WpOkkn6WAM7DgpG/TDNsN+wFgLZdlI92F/fyfZSZxzxlLaYhQrj+7uee5F3jUIVp635UXBwrdts2sKwnEEHr83X6/gp9iV5/Fejq9vvmS4/63N7q6aT401luBP4+BW1kdZD9XMwuebg9+uelVa8mzIFW7ZpFjorz/cMvS/QGJJoJFWnHdNNzTXmwEtOIcw3I1UNUrdoTOICchFg87DsG3exc0qvB8eANGLEQz9HnmzHkTr5SHJoM2XhBzTqlXyEQiDybAVdNz9KDuPxgXZlvP5frKoVazKDhX/j0SacnaXCJy1UQhdBiSTHIRoQoBIBTm2UhozrX0D5tikjCAxn1EWpKOcE6BPJo3Fs3nDRVu2dtJmY+uOxTMpMMx/j7T65EAesj1D7oMzzrEUTd6SWWW3GAu747hnt5hOp+HJRCE6E7zwyD+eeLivHSgOE09iVIhPpBAK2qvtFzaYFdKhtkm51YiNpwg51HrymrVXv1FI7EgN+qE/+7G/oFSeyOTEY6la0vLzogzLUuVOy6e102LZay/XK4RXi6TbpCPX4s1H5JJc9/N3kuy5+eNXnf7Mxkb8N3t+oemf83Sh0zPK/EweQrvgeb0btLwLXbKnSPDt5mVqF+QLFZlqTj4sxpg7fQvP5N2vdAb6xlvqdE4taoTaBRIU16TwOXnvh3Oe+NnhbA9E5fkLF5XS0g0KZW5kc3RyZWFtDWVuZG9iag04NSAwIG9iag08PC9CaXRzUGVyQ29tcG9uZW50IDggL0NvbG9yU3BhY2UgL0RldmljZUdyYXkgL0ZpbHRlciAvRmxhdGVEZWNvZGUgL0hlaWdodCA0ODAgL0xlbmd0aCA0ODIxIC9NYXR0ZSBbMCAwIDBdIC9TdWJ0eXBlIC9JbWFnZSAvVHlwZSAvWE9iamVjdCAvV2lkdGggMjMxMT4+DQpzdHJlYW0NCnic7d3ZdhNJs4BRZpvRzNAMhqahoYFu+N//4c5xZVVmZZbKBluSNcTe97AEV9+KiJSuXAEAAAAAAAAAAAAAAAAAAAAAAAAAAAAAAAAAAAAAAAAAAAAAAAAAAAAAAAAAAC7ZVQCAddt08DQ2/Z8BAISkgACAyCQQABDYdkbQNQCAZWxfCGkeAGBTNhpC+gcA2LhNhJAEAgC2xOWG0K8S6DoAwLr8KoU2E0Gb/l8BAALZQAjNR9AZn/EGAMAyfq+F1t5BcxGkegCAS3VKCq03hBYjSAABAJsxU0Jr7KCFCpovoJsAAOsy30Lr7qBTIkj/AACXbqGEpiG0zgpqG6j+WLcAANZlroXqEFpHB81V0CSBFj/oAQDA8s6ooSqE1tVBcwuxKoKUDwBwSaYtNO2gayvuoNNGQXUD1Z/vEABg1WZiaDaEVtpBp1TQ2ECn589tAIBlnJ5DYwmtr4MWK6iJoEkBbfr/CgDYY5MWWgihFXfQqRVUGmjaP3cAAFZvWkOlhNbWQWdUUGmghf65CwCwSgs1VErojA5aQwWNo6DSQIv5cw8AYDUWc6iUUDMQWm0HNSuxpoL6CCoJNBc/9wEAljUXRCWFSghNOmgFa7GzKqiKoCqA2s/9AABgGbNJlEuohNA6OuhXFVQ30Fz5HAEALGOuidoSOruD1lNBaRI0NFAVQM0nfwgAsIyZJsop1JdQGgitoYOqDKor6KCvoBRBQwONAVR97kcAAMtaaKKcQn0J9QOhdCDUdtByGfTrCuojaEigafs8BgBY3rSIhhTKIbSeDmpXYm0FlQjqG2gMoPyJnwAArEYbREMKpRLKITTtoGottoJhUP+tifk4uq+gLoL6BioB1H/YpwAAq1T10JBCqYS6EBo66LDvoBtjBy0xDppZifWzoGEhViJoSKCxf57VngMAXERTFGMNDSk0htCwGDsoHdSuxZaqoGtjBd3KFZRHQV0E9QlU+qd89hcAAMtqq2hooVRCXQgNA6Ghg26NHbTUWmy6EruZV2JDBY0RlBqoBFD/iV8CAKxKFUR9C6USKiHUd1Bei92crsXOXUH/BwCwLf74o+RQn0JdCQ0hNNdBy42DNv2vBQAoXr169UdnaKGuhEoIpQ66e/fO7dvVmfRS46BN/2sBAIrXnVd9DKUSKiHUdlA5D2qupGUQALCz3r45MaRQKqEhhHIHde/FqrXYZBwkgwCAnXX8tlNSqITQ06e5g7rzoHottkQGXd30vxYAoHj37vhESaEhhHIHjWuxlYyDZBAAsD3ev3//LqdQDqE0EOr3YpNx0M3lxkEyCADYHn/++WdfQu/STCgPhNI8KGXQUXMlXR1JyyAAYKd9+PChlFA/EToJoaaDqnFQsxU7fwZdlUEAwPb4668PVQmlEModVI+DmsdiF92KySAAYIt8/PhXLqEuhEoHvRw7qIyDqiNpGQQA7LpPHz/mEupC6N270kFVBpVx0HJbMRkEAGyRvz99+pRDqFuNDR30qu2g2Qy6JoMAgB3294lUQkMIlQ6aZND0rZgMAgB23OfPn8cQKh30pnTQuBWTQQDAXvnyOYdQPxDqOuj4eGYcVG/FLpZBV2UQALBFvpxIIdQPhD586O6ky1qs3YoNXyR90RtpGQQAbJN//vlnDKGhg9JabBgHySAAYE99bTsor8W666D6OKj+5iAZBADsg69fSwiVDkprsTQOao6DFm6kZRAAsMO+fU0hlDsor8WOF4+DuhtpGQQA7I1v377lgVDfQeM4KB0HnfVUTAYBADvs+7cUQrmDurVYvg56/WrmRloGAQB74vv376WDqnHQsBWb3EjXP6dx/i8OkkEAwDb5d+ygahz0/v3x8Xgj3T4Vk0EAwF74t+2gNA7KR9LlRvroqPo5jZv9VkwGAQC77d+mg7px0MePf00zqHkxL4MAgL3wX+6gPA4atmLlRvpXL+ZlEACwm/5rO6hsxWQQALDn/hs6qFuL5a3Y8FZseCr2iy8OkkEAwG76kTooj4ParZgMAgD22I9xHFRvxaoMenr29yfKIABgN/2oO6hsxUoGpS8OkkEAwB768SOvxfqtWJ1Bb2QQALC/flTjoHwc1H1zUP9ivv4aaRkEAOyVn6mD6q3YkEHvZRAAsNd+Nlux+ka6z6AXOYPu35NBAMA+6TLoR3McVJ6KySAAYJ/9/DnNoM+LGfTooQwCAPbNz66D8lZMBgEAcZyRQcfpR8VkEACwnxYy6IsMAgBC+NkeB8kgACAKGQQABCWDAICgZBAAENTlZdBVGQQAbJP/VU/Fxh8VqzLoecqg9KNid27fPjw4SBl0I2XQuTpIBgEAW0UGAQBBySAAICgZBAAEJYMAgKBkEAAQlAwCAIKSQQBAUDIIAAhKBgEAQckgACAoGQQABCWDAICgZBAAEJQMAgCCkkEAQFAyCAAISgYBAEHJIAAgKBkEAAQlgwCAoGQQABCUDAIAgpJBAEBQMggACEoGAQBBySAAICgZBAAEJYMAgKBkEAAQlAwCAIKSQQBAUDIIAAhKBgEAQckgACAoGQQABCWDAICgZBAAEJQMAgCCkkEAQFAyCAAISgYBAEHJIAAgKBkEAAQlgwCAoGQQABCUDAIAgpJBAEBQMggACEoGAQBBySAAICgZBAAEJYMAgKBkEAAQlAwCAIKSQQBAUDIIAAhKBgEAQckgACAoGQQABCWDAICgZBAAEJQMAgCCkkEAQFAyCAAISgYBAEHJIAAgKBkEAAQlgwCAoGQQABCUDAIAgpJBAEBQMggACEoGAQBBySAAICgZBAAEJYMAgKBkEAAQlAwCAIKSQQBAUDIIAAhKBgEAQckgACAoGQQABCWDAICgZBAAEJQMAgCCkkEAQFAyCAAISgYBAEHJIAAgKBkEAAQlgwCAoGQQABCUDAIAgpJBAEBQMggACEoGAQBBySAAICgZBAAEJYMAgKBkEAAQlAwCAIKSQQBAUDIIAAhKBgEAQckgACAoGQQABCWDAICgZBAAEJQMAgCCkkEAQFAyCAAISgYBAEHJIAAgKBkEAAQlgwCAoGQQABCUDAIAgpJBAEBQMggACEoGAQBBySAAICgZBAAEJYMAgKBkEAAQlAwCAIKSQQBAUDIIAAhKBgEAQckgACAoGQQABCWDAICgZBAAEJQMAgCCkkEAQFAyCAAISgYBAEHJIAAgKBkEAAQlgwCAoGQQABCUDAIAgpJBAEBQMggACEoGAQBBySAAICgZBAAEJYMAgKBkEAAQlAwCAIKSQQBAUDIIAAhKBgEAQckgACAoGQQABCWDAICgZBAAEJQMAgCCkkEAQFAyCAAISgYBAEHJIAAgKBkEAAQlgwCAoGQQABCUDAIAgpJBAEBQMggACEoGAQBBySAAICgZBAAEJYMAgKBkEAAQlAwCAIKSQQBAUDIIAAhKBgEAQckgACAoGQQABCWDAICgZBAAEJQMAgCCkkEAQFAyCAAISgYBAEHJIAAgKBkEAAQlgwCAoGQQABCUDAIAgpJBAEBQMggACEoGAQBBySAAICgZBAAEJYMAgKBkEAAQlAwCAIKSQQBAUDIIAAhKBgEAQckgACAoGQQABCWDAICgZBAAEJQMAgCCkkEAQFAyCAAISgYBAEHJIAAgKBkEAAQlgwCAoGQQABCUDAIAgpJBAEBQMggACEoGAQBBySAAICgZBAAEJYMAgKBkEAAQlAwCAIKSQQBAUDIIAAhKBgEAQckgACAoGQQABCWDAICgZBAAEJQMAgCCkkEAQFAyCAAISgYBAEHJIAAgKBkEAAQlgwCAoGQQABCUDAIAgpJBAEBQMggACEoGAQBBySAAICgZBAAEJYMAgKBkEAAQlAwCAIKSQQBAUDIIAAhKBgEAQckgACAoGQQABCWDAICgZBAAEJQMAgCCkkEAQFAyCAAISgYBAEHJIAAgKBkEAAQlgwCAoGQQABCUDAIAgpJBAEBQMggACEoGAQBBySAAICgZBAAEJYMAgKBkEAAQlAwCAIKSQQBAUDIIAAhKBgEAQckgACAoGQQABHV5GXRFBgEA2yRV0I9UQSmDvkwz6FnKoAf3UwYdHh7cShl0PWXQuSpIBgEAW0UGAQBBySAAICgZBAAEJYMAgKCqh2Lfv32VQQBAGAsZ9FkGAQAhnJFBb9+8/kMGAQD7qj0NkkEAQBhdBbUZ9PdiBnVfIi2DAID90g+DykOxKoOOZRAAsM/yTqzKoE8fTzLo/ZBBz3MG3bsrgwCAfZKHQc17+S6D3skgAGCvNTux9r382zev+gx6JIMAgP1TDYP6nViVQa9lEACwv+oKai6k+wx6cZJBj2UQALCH8kps2Il1p0GTDHqSM+iODAIA9sg4DKp2YuW3NGQQALC3hgqa7MQ+/Jkeir16+eL50yaDDmQQALAn2gpqdmIyCADYZ7mChmHQ8K1B5b388JNifQbdThl0s8+gazIIANhpTQWNO7E2g46O7ssgAGDPtBVUdmLvj9OFdPUl0lUG3ZBBAMDuGysorcTGd2Jv37RfG9T8sqoMAgB2XhdBQwWNw6DqQnp8Lz//7YkyCADYUSmCSgXlYVA5DZo8FJNBAMDe6CIo3QUNFTQeSL+ePhSbfS8vgwCAHZVHQX0F1cOgciHdvpeXQQDAfigRNFZQPwx687rbiTUX0kMG3ZBBAMAeaCtoWImVndjChXR5Ly+DAIAd92WMoFxB3TBo8TRo+Qy6IoMAgC3SNdBJBPWjoLwSG4dBZz0UO+fXBskgAGCr5AhKFfQhVVB/GfSqPg2avZCWQQDALvt7jKCxgmaGQTIIANgzfQPlCBor6KydmAwCAPZA10B9BHWjoFxBk2HQfAad90JaBgEA2yQ3UIqgdB09VFAzDGpPg6ofVpVBAMCuyg2UImisoGoYVO3EFk+DzpVBV2QQALA9qgbqI6hU0MIwaNmdmAwCALZJaaAUQWkU1FbQ7DsxGQQA7Lw8B+onQX0FvXz5Iq3EpsOg7iukl9mJySAAYIvkBBojKF1Hn1TQsBKrf0hj4bn8OTPoyqb/tQAARSqgPoFKBJUKmg6DljuQlkEAwDbpCmhIoJMGyhHUb8Ta7wxawTBIBgEA2+P1kEB9A+UIKhXU3EfXB9IyCADYcX0ApQQ6aaAxgiYVND8MkkEAwO7qA6groJMEOmmgMYL6CmpWYuNl0AUz6Er/x7q/4OQvOomqk7/z1q2Dg8PD23fu3L137/6DB0dHDx8+evT48ZMnT54+Pfk8z553XiQvAQBWpc+LVBrPhgbKETRbQcsNg+oMKh10K3XQ7aGDqhDqS6hvoT6GxiACAFhCKYtnfQENDTRG0FBB1WHQssOgyTgod9BB7qC7QwelEOpKqEuh1EJDDWXPAQAuoimKPjKe9Al00kApgvoKupsrqDoMWmoYlDOoWovdyGuxw76DxhDqSiilUGqhXEMAACvSJ8bjIYFOGqhEUF9Bh9V5dLsSu1AGza3FhnlQ7qAUQkMJpRQaYqj0EADA0nJe9LHxMDdQiqBcQQcLh0FLDIOm46BJB40hNJRQSqEcQ3UQAQAsYYyLPjaOcgOVCFqooKWHQb/TQUMIdSWUUijH0KSIAAAuqGqLPjYe9A3UR9C6KqjOoKaD+nfzQwjlEkoplGPoaKGJAADOrymLPjbujw2UImh4KT+poGUz6OwOSgOhUkJ9CuUYejDTRAAA59WUxVAb90oD9aOgtVRQzqDTO6gtoTGG5poIAOC82rQYemNsoF9V0BIZdGYH1SGUSmiMobkkAgC4gKYuhuK400TQeiqoXYu1HTSEUCqhPoVKDC0EEQDAxVWFMTTH7aGBhgiaVtDyK7FTO2gcCKUQ6kuotFCbQwAAyxszY+iOwyGCxlHQyiuoXYtNOiiFUF9COYWaGgIAWJkxNg5LA1WjoMUKWjqDTu+gFEJ9CQ0p1NQQAMCKleI4KA3URdC6Kmiug9oQGkqoaiFRBACsxmJe5PC4tRBBq6+gUzsohdBQQiWF5nMIAGBJdWzcGhsoRdDaKmjaQdMQyiU0iSEAgJUbs+PmbAStuoLGDloYCA0h1LSQJgIAVmgxMkp/3DhtFLS6CprvoCGEqhSarSEAgBWpoyOHyPU1V9BCBw0hVEqobSEAgDUaA+T69bmF2GorqOqgSQhVJaSGAIC1arPj+ikRtOoKmumgEkILLQQAsFZVhVxbfwXVHVRCqC4hMQQArF8bH9cWI2gdFXRKCE1TSBcBAKtzRmdUNbL2CGo7qA6hs1sIAGC12gy5ehkVdGYIySEAYM3m4uOyImgaQvMpBABwKdosWXcELYaQFAIANmAaJJcRQXMhpIYAgMsy2yGXFUGnhpAyAgBW6/eS4zIj6PdDCABgzS47gqQQALAFNpNAWggA2KQNF1Br0/8ZAEAAmw4eAAAAAAAAAAAAAAAAAAAAAAAAAAAAAAAAAAAAAAAAAAAAAAAAAAAAAAAAYvt/Qt/z0g0KZW5kc3RyZWFtDWVuZG9iag04NCAwIG9iag08PC9CaXRzUGVyQ29tcG9uZW50IDggL0NvbG9yU3BhY2UgL0RldmljZVJHQiAvRmlsdGVyIC9EQ1REZWNvZGUgL0hlaWdodCA0ODAgL0xlbmd0aCAzMDA1OCAvU01hc2sgODUgMCBSIC9TdWJ0eXBlIC9JbWFnZSAvVHlwZSAvWE9iamVjdCAvV2lkdGggMjMxMT4+DQpzdHJlYW0NCv/Y/+AAEEpGSUYAAQEAAAEAAQAA/9sAQwAIBgYHBgUIBwcHCQkICgwUDQwLCwwZEhMPFB0aHx4dGhwcICQuJyAiLCMcHCg3KSwwMTQ0NB8nOT04MjwuMzQy/9sAQwEJCQkMCwwYDQ0YMiEcITIyMjIyMjIyMjIyMjIyMjIyMjIyMjIyMjIyMjIyMjIyMjIyMjIyMjIyMjIyMjIyMjIy/8AAEQgB4AkHAwEiAAIRAQMRAf/EAB8AAAEFAQEBAQEBAAAAAAAAAAABAgMEBQYHCAkKC//EALUQAAIBAwMCBAMFBQQEAAABfQECAwAEEQUSITFBBhNRYQcicRQygZGhCCNCscEVUtHwJDNicoIJChYXGBkaJSYnKCkqNDU2Nzg5OkNERUZHSElKU1RVVldYWVpjZGVmZ2hpanN0dXZ3eHl6g4SFhoeIiYqSk5SVlpeYmZqio6Slpqeoqaqys7S1tre4ubrCw8TFxsfIycrS09TV1tfY2drh4uPk5ebn6Onq8fLz9PX29/j5+v/EAB8BAAMBAQEBAQEBAQEAAAAAAAABAgMEBQYHCAkKC//EALURAAIBAgQEAwQHBQQEAAECdwABAgMRBAUhMQYSQVEHYXETIjKBCBRCkaGxwQkjM1LwFWJy0QoWJDThJfEXGBkaJicoKSo1Njc4OTpDREVGR0hJSlNUVVZXWFlaY2RlZmdoaWpzdHV2d3h5eoKDhIWGh4iJipKTlJWWl5iZmqKjpKWmp6ipqrKztLW2t7i5usLDxMXGx8jJytLT1NXW19jZ2uLj5OXm5+jp6vLz9PX29/j5+v/aAAwDAQACEQMRAD8A+f6KKKACiiigAooooAKKKKACiiigAooooAKKKKACiiigAooooAKKKKACiiigAooooAKKKKACiiigAooooAKKKKACiiigAooooAKKKKACiiigAooooAKKKKACiiigAooooAKKKKACiiigAooooAKKKKACiiigAooooAKKKKACiiigAooooAKKKKACiiigAooooAKKKKACiiigAooooAKKKKACiiigAooooAKKKKACiiigAooooAKKKKACiiigAooooAKKKKACiiigAooooAKKKKACiiigAooooAKKKKACiiigAooooAKKKKACiiigAooooAKKKKACiiigAooooAKKKKACiiigAooooAKKKKACiiigAooooAKKKKACiiigAooooAKKKKACiiigAooooAKKKKACiiigAooooAKKKKACiiigAooooAKKKKACiiigAooooAKKKKACiiigAooooAKKKKACiiigAooooAKKKKACiiigAooooAKKKKACiiigAooooAKKKKACiiigAooooAKKKKACiiigAooooAKKKKACiiigAooooAKKKKACiiigAooooAKKKKACiiigAooooAKKKKACiiigAooooAKKKKACiiigAooooAKKKKACiiigAooooAKKKKACiiigAooooAKKKKACiiigAooooAKKKKACiiigAooooAKKKKACiiigAooooAKKKKACiiigAooooAKKKKACiiigAooooAKKKKACiiigAooooAKKKKACiiigAooooAKKKKACiiigAooooAKKKKACiijFABRS0UAJRS0UAJRS0UAJRS0UAJRS0UAJRS0UAJRS0UAJRS0UAJRS0UAJRS0UAJRS0UAJRS0UAJRS0UAJRS0UAJRS0UAJRS0UAJRS0UAJRS0UAJRS0UAJRS0UAJRS0UAJRS0UAJRS0UAJRS0UAJRS0UAJRS0UAJRS0UAJRS0UAJRS0UAJRS0UAJRS0UAJRS0UAJRS0UAJRS0UAJRS0UAJRS0UAJRS0UAJRS0UAJRS0UAJRS0UAJRS0UAJRS0UAJRS0UAJRS0UAJRS0UAJRS0UAJRS0UAJRS0UAJRS0UAJRS0UAJRS0UAJRS0UAJRS0UAJRS0UAJRS0UAJRS0UAJRS0UAJRS0UAJRS0UAJRS0UAJRS0UAJRS0UAJRS0UAJRS0UAJRS0UAJRS0UAJRS0UAJRS0UAJRS0UAJRS0UAJRS0UAJRS0UAJRS0UAJRS0UAJRS0UAJRS0UAJRS0UAJRS0UAJRS0UAJRS0UAJRS0UAJRS0UAJRS0UAJRS0UAJRS0UAJRS0UAJRS0UAJRS0UAJRS0UAJRS0UAJRS0UAJRS0UAJRS0UAJRS0UAJRS0UAJRS0UAJRS0UAJRS0UAJRS0UAJRS0UAJRS0UAJRS0UAJRS0UAJRS0UAJRS0UAJRS0UAJRS0UAJRS0UAJRS0UAJRS0UAJRS0UAJRS0UAJRS0UAJRS0UAJRS0UAJRS0UAJRS0UAJRS0UAJRS0UAJRS0UAJRS0UAJRS0UAJRS0UAJRS0UAJRS0UAJRS0UAJRS0UAJRS0UAJRS0UAJRS0UAJRS0UAJRS0UAJRS0UAJRS0UAJRS0UAJRS0UAJRS4pMUAFFFFABRRRQAUUUUAFFFFABRRRQAUUUUAFFFLQAUuKUClAoATFGKfil20AR4pcU/bRtoAZijFSbaNtAEeKMVJto20AR4oxUm2jbQBHijFSbaNtAEeKMVJto20AR4oxUm2jbQBHijFSbaNtAEeKMVJto20AR4oxUm2jbQBHijFSbaNtAEeKMVJto20AR4oxUm2jbQBHijFSbaNtAEeKMVJto20AR4oxUm2jbQBHijFSbaNtAEeKMVJto20AR4oxUm2jbQBHijFSbaNtAEeKMVJto20AR4oxUm2jbQBHijFSbaNtAEeKMVJto20AR4oxUm2jbQBHijFSbaNtAEeKMVJto20AR4oxUm2jbQBHijFSbaNtAEeKMVJto20AR4oxUm2jbQBHijFSbaNtAEeKMVJto20AR4oxUm2jbQBHijFSbaNtAEeKMVJto20AR4oxUm2jbQBHijFSbaNtAEeKMVJto20AR4oxUm2jbQBHijFSbaNtAEeKMVJto20AR4oxUm2jbQBHijFSbaNtAEeKMVJto20AR4oxUm2jbQBHijFSbaNtAEeKMVJto20AR4oxUm2jbQBHijFSbaNtAEeKMVJto20AR4oxUm2jbQBHijFSbaNtAEeKMVJto20AR4oxUm2jbQBHijFSbaNtAEeKMVJto20AR4oxUm2jbQBHijFSbaNtAEeKMVJto20AR4oxUm2jbQBHijFSbaNtAEeKMVJto20AR4oxUm2jbQBHijFSbaNtAEeKMVJto20AR4oxUm2jbQBHijFSbaNtAEeKMVJto20AR4oxUm2jbQBHijFSbaNtAEeKMVJto20AR4oxUm2jbQBHijFSbaNtAEeKMVJto20AR4oxUm2jbQBHijFSbaNtAEeKMVJto20AR4oxUm2jbQBHijFSbaNtAEeKMVJto20AR4oxUm2jbQBHijFSbaNtAEeKMVJto20AR4oxUm2jbQBHijFSbaNtAEeKMVJto20AR4oxUm2jbQBHijFSbaNtAEeKMVJto20AR4oxUm2jbQBHijFSbaNtAEeKMVJto20AR4oxUm2jbQBHijFSbaNtAEeKMVJto20AR4oxUm2jbQBHijFSbaNtAEeKMVJto20AR4oxUm2jbQBHijFSbaNtAEeKMVJto20AR4oxUm2jbQBHijFSbaNtAEeKMVJto20AR4oxUm2jbQBHijFSbaNtAEeKMVJto20AR4oxUm2jbQBHijFSbaNtAEeKMVJto20AR4oxUm2jbQBHijFSbaNtAEeKMVJto20AR4oxUm2jbQBHijFSbaNtAEeKMVJto20AR4oxUm2jbQBHijFSbaNtAEeKMVJto20AR4oxUm2jbQBHijFSbaNtAEeKMVJto20AR4oxUm2jbQBHijFSbaNtAEeKMVJto20AR4oxUm2jbQBHijFSbaNtAEeKMVJto20AR4oxUm2jbQBHijFSbaNtAEeKMVJto20AR4oxUm2jbQBHijFSbaTbQBHijFSbaNtAEWKMVJimkUAMpKcRSUAJRRRQAUUUUAFFFFABRRRQAV0H/CCeMP+hU1z/wXTf8AxNc/X3/QB8Q/8IJ4v/6FTXP/AAXS/wDxNKPAni//AKFXXP8AwXS//E19u0UAfEg8CeLv+hV1z/wXy/8AxNPHgXxd/wBCtrf/AIL5f/ia+2KKAPigeBfFv/Qra3/4L5f/AImnf8IL4t/6FbW//BfL/wDE19q0UAfFX/CC+Lf+hX1v/wAF8v8A8TS/8IL4t/6FfW//AAXy/wDxNfalFAHxX/wgvi3/AKFfW/8AwXy//E0f8IL4t/6FfW//AAXy/wDxNfalFAHxX/wgvi3/AKFfW/8AwXy//E0f8IL4t/6FfW//AAXy/wDxNfalFAHxX/wgvi3/AKFfW/8AwXy//E0f8IL4t/6FfW//AAXy/wDxNfalFAHxX/wgvi3/AKFfW/8AwXy//E0f8IL4t/6FfW//AAXy/wDxNfalFAHxX/wgvi3/AKFfW/8AwXy//E0f8IL4t/6FfW//AAXy/wDxNfalFAHxX/wgvi3/AKFfW/8AwXy//E0f8IL4t/6FfW//AAXy/wDxNfalFAHxX/wgvi3/AKFfW/8AwXy//E0f8IL4t/6FfW//AAXy/wDxNfalFAHxX/wgvi3/AKFfW/8AwXy//E0f8IL4t/6FfW//AAXy/wDxNfalFAHxX/wgvi3/AKFfW/8AwXy//E0f8IL4t/6FfW//AAXy/wDxNfalFAHxX/wgvi3/AKFfW/8AwXy//E0f8IL4t/6FfW//AAXy/wDxNfalFAHxX/wgvi3/AKFfW/8AwXy//E0f8IL4t/6FfW//AAXy/wDxNfalFAHxX/wgvi3/AKFfW/8AwXy//E0f8IL4t/6FfW//AAXy/wDxNfalFAHxX/wgvi3/AKFfW/8AwXy//E0f8IL4t/6FfW//AAXy/wDxNfalFAHxX/wgvi3/AKFfW/8AwXy//E0f8IL4t/6FfW//AAXy/wDxNfalFAHxX/wgvi3/AKFfW/8AwXy//E0f8IL4t/6FfW//AAXy/wDxNfalFAHxX/wgvi3/AKFfW/8AwXy//E0f8IL4t/6FfW//AAXy/wDxNfalFAHxX/wgvi3/AKFfW/8AwXy//E0f8IL4t/6FfW//AAXy/wDxNfalFAHxX/wgvi3/AKFfW/8AwXy//E0f8IL4t/6FfW//AAXy/wDxNfalFAHxX/wgvi3/AKFfW/8AwXy//E0f8IL4t/6FfW//AAXy/wDxNfalFAHxX/wgvi3/AKFfW/8AwXy//E0f8IL4t/6FfW//AAXy/wDxNfalFAHxX/wgvi3/AKFfW/8AwXy//E0f8IL4t/6FfW//AAXy/wDxNfalFAHxX/wgvi3/AKFfW/8AwXy//E0f8IL4t/6FfW//AAXy/wDxNfalFAHxX/wgvi3/AKFfW/8AwXy//E0f8IL4t/6FfW//AAXy/wDxNfalFAHxX/wgvi3/AKFfW/8AwXy//E0f8IL4t/6FfW//AAXy/wDxNfalFAHxX/wgvi3/AKFfW/8AwXy//E0f8IL4t/6FfW//AAXy/wDxNfalFAHxX/wgvi3/AKFfW/8AwXy//E0f8IL4t/6FfW//AAXy/wDxNfalFAHxX/wgvi3/AKFfW/8AwXy//E0f8IL4t/6FfW//AAXy/wDxNfalFAHxX/wgvi3/AKFfW/8AwXy//E0f8IL4t/6FfW//AAXy/wDxNfalFAHxX/wgvi3/AKFfW/8AwXy//E0f8IL4t/6FfW//AAXy/wDxNfalFAHxX/wgvi3/AKFfW/8AwXy//E0f8IL4t/6FfW//AAXy/wDxNfalFAHxX/wgvi3/AKFfW/8AwXy//E0f8IL4t/6FfW//AAXy/wDxNfalFAHxX/wgvi3/AKFfW/8AwXy//E0f8IL4t/6FfW//AAXy/wDxNfalFAHxX/wgvi3/AKFfW/8AwXy//E0f8IL4t/6FfW//AAXy/wDxNfalFAHxX/wgvi3/AKFfW/8AwXy//E0f8IL4t/6FfW//AAXy/wDxNfalFAHxX/wgvi3/AKFfW/8AwXy//E0f8IL4t/6FfW//AAXy/wDxNfalFAHxX/wgvi3/AKFfW/8AwXy//E0f8IL4t/6FfW//AAXy/wDxNfalFAHxX/wgvi3/AKFfW/8AwXy//E0f8IL4t/6FfW//AAXy/wDxNfalFAHxX/wgvi3/AKFfW/8AwXy//E0f8IL4t/6FfW//AAXy/wDxNfalFAHxX/wgvi3/AKFfW/8AwXy//E0f8IL4t/6FfW//AAXy/wDxNfalFAHxX/wgvi3/AKFfW/8AwXy//E0f8IL4t/6FfW//AAXy/wDxNfalFAHxX/wgvi3/AKFfW/8AwXy//E0f8IL4t/6FfW//AAXy/wDxNfalFAHxX/wgvi3/AKFfW/8AwXy//E0f8IL4t/6FfW//AAXy/wDxNfalFAHxX/wgvi3/AKFfW/8AwXy//E0f8IL4t/6FfW//AAXy/wDxNfalFAHxX/wgvi3/AKFfW/8AwXy//E0f8IL4t/6FfW//AAXy/wDxNfalFAHxX/wgvi3/AKFfW/8AwXy//E0f8IL4t/6FfW//AAXy/wDxNfalFAHxX/wgvi3/AKFfW/8AwXy//E0f8IL4t/6FfW//AAXy/wDxNfalFAHxX/wgvi3/AKFfW/8AwXy//E0f8IL4t/6FfW//AAXy/wDxNfalFAHxX/wgvi3/AKFfW/8AwXy//E0f8IL4t/6FfW//AAXy/wDxNfalFAHxX/wgvi3/AKFfW/8AwXy//E0f8IL4t/6FfW//AAXy/wDxNfalFAHxX/wgvi3/AKFfW/8AwXy//E0f8IL4t/6FfW//AAXy/wDxNfalFAHxX/wgvi3/AKFfW/8AwXy//E0f8IL4t/6FfW//AAXy/wDxNfalFAHxX/wgvi3/AKFfW/8AwXy//E0f8IL4t/6FfW//AAXy/wDxNfalFAHxX/wgvi3/AKFfW/8AwXy//E0f8IL4t/6FfW//AAXy/wDxNfalFAHxX/wgvi3/AKFfW/8AwXy//E0f8IL4t/6FfW//AAXy/wDxNfalFAHxX/wgvi3/AKFfW/8AwXy//E0f8IL4t/6FfW//AAXy/wDxNfalFAHxX/wgvi3/AKFfW/8AwXy//E0f8IL4t/6FfW//AAXy/wDxNfalFAHxX/wgvi3/AKFfW/8AwXy//E0f8IL4t/6FfW//AAXy/wDxNfalFAHxX/wgvi3/AKFfW/8AwXy//E0f8IL4t/6FfW//AAXy/wDxNfalFAHxX/wgvi3/AKFfW/8AwXy//E0f8IL4t/6FfW//AAXy/wDxNfalFAHxX/wgvi3/AKFfW/8AwXy//E0f8IL4t/6FfW//AAXy/wDxNfalFAHxX/wgvi3/AKFfW/8AwXy//E0f8IL4t/6FfW//AAXy/wDxNfalFAHxX/wgvi3/AKFfW/8AwXy//E0f8IL4t/6FfW//AAXy/wDxNfalFAHxX/wgvi3/AKFfW/8AwXy//E0f8IL4t/6FfW//AAXy/wDxNfalFAHxX/wgvi3/AKFfW/8AwXy//E0f8IL4t/6FfW//AAXy/wDxNfalFAHxX/wgvi3/AKFfW/8AwXy//E0f8IL4t/6FfW//AAXy/wDxNfalFAHxX/wgvi3/AKFfW/8AwXy//E0f8IL4t/6FfW//AAXy/wDxNfalFAHxX/wgvi3/AKFfW/8AwXy//E0f8IL4t/6FfW//AAXy/wDxNfalFAHxX/wgvi3/AKFfW/8AwXy//E0f8IL4t/6FfW//AAXy/wDxNfalFAHxX/wgvi3/AKFfW/8AwXy//E0f8IL4t/6FfW//AAXy/wDxNfalFAHxX/wgvi3/AKFfW/8AwXy//E0f8IL4t/6FfW//AAXy/wDxNfalFAHxX/wgvi3/AKFfW/8AwXy//E0f8IL4t/6FfW//AAXy/wDxNfalFAHxX/wgvi3/AKFfW/8AwXy//E0f8IL4t/6FfW//AAXy/wDxNfalFAHxX/wgvi3/AKFfW/8AwXy//E0f8IL4t/6FfW//AAXy/wDxNfalFAHxX/wgvi3/AKFfW/8AwXy//E0f8IL4t/6FfW//AAXy/wDxNfalFAHxX/wgvi3/AKFfW/8AwXy//E0f8IL4t/6FfW//AAXy/wDxNfalFAHxX/wgvi3/AKFfW/8AwXy//E0f8IL4t/6FfW//AAXy/wDxNfalFAHxX/wgvi3/AKFfW/8AwXy//E0f8IL4t/6FfW//AAXy/wDxNfalFAHxX/wgvi3/AKFfW/8AwXy//E0f8IL4t/6FfW//AAXy/wDxNfalFAHxX/wgvi3/AKFfW/8AwXy//E0f8IL4t/6FfW//AAXy/wDxNfalFAHxX/wgvi3/AKFfW/8AwXy//E0f8IL4t/6FfW//AAXy/wDxNfalFAHxX/wgvi3/AKFfW/8AwXy//E0f8IL4t/6FfW//AAXy/wDxNfalFAHxX/wgvi3/AKFfW/8AwXy//E0f8IL4t/6FfW//AAXy/wDxNfalFAHxX/wgvi3/AKFfW/8AwXy//E0f8IL4t/6FfW//AAXy/wDxNfalFAHxX/wgvi3/AKFfW/8AwXy//E0f8IL4t/6FfW//AAXy/wDxNfalFAHxX/wgvi3/AKFfW/8AwXy//E0f8IL4t/6FfW//AAXy/wDxNfalFAHxX/wgvi3/AKFfW/8AwXy//E0f8IL4t/6FfW//AAXy/wDxNfalFAHxX/wgvi3/AKFfW/8AwXy//E0f8IL4t/6FfW//AAXy/wDxNfalFAHxX/wgvi3/AKFfW/8AwXy//E0f8IL4t/6FfW//AAXy/wDxNfalFAHxX/wgvi3/AKFfW/8AwXy//E0f8IL4t/6FfW//AAXy/wDxNfalFAHxX/wgvi3/AKFfW/8AwXy//E0f8IL4t/6FfW//AAXy/wDxNfalFAHxX/wgvi3/AKFfW/8AwXy//E0f8IL4t/6FfW//AAXy/wDxNfalFAHxX/wgvi3/AKFfW/8AwXy//E0f8IL4t/6FfW//AAXy/wDxNfalFAHxX/wgvi3/AKFfW/8AwXy//E0f8IL4t/6FfW//AAXy/wDxNfalFAHxX/wgvi3/AKFfW/8AwXy//E0f8IL4t/6FfW//AAXy/wDxNfalFAHxX/wgvi3/AKFfW/8AwXy//E0f8IL4t/6FfW//AAXy/wDxNfalFAHxX/wgvi3/AKFfW/8AwXy//E0f8IL4t/6FfW//AAXy/wDxNfalFAHxX/wgvi3/AKFfW/8AwXy//E0f8IL4t/6FfW//AAXy/wDxNfalFAHxX/wgvi3/AKFfW/8AwXy//E0f8IL4t/6FfW//AAXy/wDxNfalFAHxX/wgvi3/AKFfW/8AwXy//E0f8IL4t/6FfW//AAXy/wDxNfalFAHxX/wgvi3/AKFfW/8AwXy//E0f8IL4t/6FfW//AAXy/wDxNfalFAHxX/wgvi3/AKFfW/8AwXy//E0f8IL4t/6FfW//AAXy/wDxNfalFAHxX/wgvi3/AKFfW/8AwXy//E0f8IL4t/6FfW//AAXy/wDxNfalFAHxX/wgvi3/AKFfW/8AwXy//E0f8IL4t/6FfW//AAXy/wDxNfalFAHxX/wgvi3/AKFfW/8AwXy//E0f8IL4t/6FfW//AAXy/wDxNfalFAHxX/wgvi3/AKFfW/8AwXy//E0f8IL4t/6FfW//AAXy/wDxNfalFAHxX/wgvi3/AKFfW/8AwXy//E0f8IL4t/6FfW//AAXy/wDxNfalFAHxX/wgvi3/AKFfW/8AwXy//E0f8IL4t/6FfW//AAXy/wDxNfalFAHxX/wgvi3/AKFfW/8AwXy//E0f8IL4t/6FfW//AAXy/wDxNfalFAHxX/wgvi3/AKFfW/8AwXy//E0f8IL4t/6FfW//AAXy/wDxNfalFAHxX/wgvi3/AKFfW/8AwXy//E0f8IL4t/6FfW//AAXy/wDxNfalFAHxX/wgvi3/AKFfW/8AwXy//E0f8IL4t/6FfW//AAXy/wDxNfalFAHxX/wgvi3/AKFfW/8AwXy//E0f8IL4t/6FfW//AAXy/wDxNfalFAHxX/wgvi3/AKFfW/8AwXy//E0f8IL4t/6FfW//AAXy/wDxNfalFAHxX/wgvi3/AKFfW/8AwXy//E0f8IL4t/6FfW//AAXy/wDxNfalFAHxX/wgvi3/AKFfW/8AwXy//E0f8IL4t/6FfW//AAXy/wDxNfalFAHxX/wgvi3/AKFfW/8AwXy//E0f8IL4t/6FfW//AAXy/wDxNfalFAHxX/wgvi3/AKFfW/8AwXy//E0f8IL4t/6FfW//AAXy/wDxNfalFAHxX/wgvi3/AKFfW/8AwXy//E0f8IL4t/6FfW//AAXy/wDxNfalFAHxX/wgvi3/AKFfW/8AwXy//E0f8IL4t/6FfW//AAXy/wDxNfalFAHxX/wgvi3/AKFfW/8AwXy//E0f8IL4t/6FfW//AAXy/wDxNfalFAHxX/wgvi3/AKFfW/8AwXy//E0f8IL4t/6FfW//AAXy/wDxNfalFAHxX/wgvi3/AKFfW/8AwXy//E0f8IL4t/6FfW//AAXy/wDxNfalFAHxX/wgvi3/AKFfW/8AwXy//E0f8IL4t/6FfW//AAXy/wDxNfalFAHxX/wgvi3/AKFfW/8AwXy//E0f8IL4t/6FfW//AAXy/wDxNfalFAHxX/wgvi3/AKFfW/8AwXy//E0f8IL4t/6FfW//AAXy/wDxNfalFAHxX/wgvi3/AKFfW/8AwXy//E0f8IL4t/6FfW//AAXy/wDxNfalFAHxX/wgvi3/AKFfW/8AwXy//E0f8IL4t/6FfW//AAXy/wDxNfalFAHxX/wgvi3/AKFfW/8AwXy//E0f8IL4t/6FfW//AAXy/wDxNfalFAHxX/wgvi3/AKFfW/8AwXy//E0f8IL4t/6FfW//AAXy/wDxNfalFAHxX/wgvi3/AKFfW/8AwXy//E0f8IL4t/6FfW//AAXy/wDxNfalFAHxX/wgvi3/AKFfW/8AwXy//E0f8IL4t/6FfW//AAXy/wDxNfalFAHxX/wgvi3/AKFfW/8AwXy//E0f8IL4t/6FfW//AAXy/wDxNfalFAHxX/wgvi3/AKFfW/8AwXy//E0f8IL4t/6FfW//AAXy/wDxNfalFAHwhPbTWtxJb3ETxTRMUkjkUqyMDggg8gg9qi210vjdf+K+8R/9hS5/9GtWAVoAgK00rU5WmEUAQEUwipWFMIoAZSU402gAooooAKKKKACiiigAr7/r4Ar7/oAKKKKACiiigAooooAKKKKACiiigAooooAKKKKACiiigAooooAKKKKACiiigAooooAKKKKACiiigAooooAKKKKACiiigAooooAKKKKACiiigAooooAKKKKACiiigAooooAKKKKACiiigAooooAKKKKACiiigAooooAKKKKACiiigAooooAKKKKACiiigAooooAKKKKACiiigAooooAKKKKACiiigAooooAKKKKACiiigAooooAKKKKACiiigAooooAKKKKACiiigAooooAKKKKACiiigAooooAKKKKACiiigAooooAKKKKACiiigAooooAKKKKACiiigAooooAKKKKACiiigAooooAKKKKACiiigAooooAKKKKACiiigAooooAKKKKACiiigAooooAKKKKACiiigAooooAKKKKACiiigAooooAKKKKACiiigAooooAKKKKACiiigAooooAKKKKACiiigAooooAKKKKACiiigAooooAKKKKACiiigAooooAKKKKACiiigAooooAKKKKACiiigAooooAKKKKACiiigAooooAKKKKACiiigAooooAKKKKACiiigAooooAKKKKACiiigAooooAKKKKACiiigAooooAKKKKACiiigAooooAKKKKACiiigAooooAKKKKACiiigAooooAKKKKACiiigAooooAKKKKACiiigAooooAKKKKACiiigAooooAKKKKACiiigD408bD/AIrzxF/2E7n/ANGtWCRXQ+NR/wAV34h/7Cdz/wCjWrBIoAhIqNhU5FRMKAIGFRGpmqI0ARmkNONNNACUUUUAFFFFABRRRQAV9/18AV9/0AFFFFABRRRQAUUUUAFFFFABRRRQAUUUUAFFFFABRRRQAUUUUAFFFFABRRRQAUUUUAFFFFABRRRQAUUUUAFFFFABRRRQAUUUUAFFFFABRRRQAUUUUAFFFFABRRRQAUUUUAFFFFABRRRQAUUUUAFFFFABRRRQAUUUUAFFFFABRRRQAUUUUAFFFFABRRRQAUUUUAFFFFABRRRQAUUUUAFFFFABRRRQAUUUUAFFFFABRRRQAUUUUAFFFFABRRRQAUUUUAFFFFABRRRQAUUUUAFFFFABRRRQAUUUUAFFFFABRRRQAUUUUAFFFFABRRRQAUUUUAFFFFABRRRQAUUUUAFFFFABRRRQAUUUUAFFFFABRRRQAUUUUAFFFFABRRRQAUUUUAFFFFABRRRQAUUUUAFFFFABRRRQAUUUUAFFFFABRRRQAUUUUAFFFFABRRRQAUUUUAFFFFABRRRQAUUUUAFFFFABRRRQAUUUUAFFFFABRRRQAUUUUAFFFFABRRRQAUUUUAFFFFABRRRQAUUUUAFFFFABRRRQAUUUUAFFFFABRRRQAUUUUAFFFFABRRRQAUUUUAFFFFABRRRQAUUUUAFFFFABRRRQAUUUUAFFFFABRRRQAUUUUAFFFFABRRRQAUUUUAFFFFABRRRQAUUUUAFFFFABRRRQAUUUUAFFFFABRRRQAUUUUAFFFFABRRRQAUUUUAFFFFABRRRQAUUUUAFFFFABRRRQB8c+Nf8Ake/EP/YTuf8A0a1YJFb/AI1/5HvxD/2E7n/0a1YJoAiNRNUzVE1AEDVE1StUTUARmm0402gBKKKKACiiigAooooAK+/6+AK+/wCgAooooAKKKKACiiigAooooAKKKKACiiigAooooAKKKKACiiigAooooAKKKKACiiigAooooAKKKKACiiigAooooAKKKKACiiigAooooAKKKKACiiigAooooAKKKKACiiigAooooAKKKKACiiigAooooAKKKKACiiigAooooAKKKKACiiigAooooAKKKKACiiigAooooAKKKKACiiigAooooAKKKKACiiigAooooAKKKKACiiigAooooAKKKKACiiigAooooAKKKKACiiigAooooAKKKKACiiigAooooAKKKKACiiigAooooAKKKKACiiigAooooAKKKKACiiigAooooAKKKKACiiigAooooAKKKKACiiigAooooAKKKKACiiigAooooAKKKKACiiigAooooAKKKKACiiigAooooAKKKKACiiigAooooAKKKKACiiigAooooAKKKKACiiigAooooAKKKKACiiigAooooAKKKKACiiigAooooAKKKKACiiigAooooAKKKKACiiigAooooAKKKKACiiigAooooAKKKKACiiigAooooAKKKKACiiigAooooAKKKKACiiigAooooAKKKKACiiigAooooAKKKKACiiigAooooAKKKKACiiigAooooAKKKKACiiigAooooAKKKKACiiigAooooAKKKKACiiigAooooAKKKKACiiigAooooAKKKKACiiigAooooAKKKKAPjrxr/wAj14h/7Cdz/wCjWrBNb3jX/kevEP8A2E7n/wBGtWCaAI2qJqlaomoAgaomqVqiagCM02nGm0AJRRRQAUUUUAFFFFABX3/XwBX3/QAUUUUAFFFFABRRRQAUUUUAFFFFABRRRQAUUUUAFFFFABRRRQAUUUUAFFFFABRRRQAUUUUAFFFFABRRRQAUUUUAFFFFABRRRQAUUUUAFFFFABRRRQAUUUUAFFFFABRRRQAUUUUAFFFFABRRRQAUUUUAFFFFABRRRQAUUUUAFFFFABRRRQAUUUUAFFFFABRRRQAUUUUAFFFFABRRRQAUUUUAFFFFABRRRQAUUUUAFFFFABRRRQAUUUUAFFFFABRRRQAUUUUAFFFFABRRRQAUUUUAFFFFABRRRQAUUUUAFFFFABRRRQAUUUUAFFFFABRRRQAUUUUAFFFFABRRRQAUUUUAFFFFABRRRQAUUUUAFFFFABRRRQAUUUUAFFFFABRRRQAUUUUAFFFFABRRRQAUUUUAFFFFABRRRQAUUUUAFFFFABRRRQAUUUUAFFFFABRRRQAUUUUAFFFFABRRRQAUUUUAFFFFABRRRQAUUUUAFFFFABRRRQAUUUUAFFFFABRRRQAUUUUAFFFFABRRRQAUUUUAFFFFABRRRQAUUUUAFFFFABRRRQAUUUUAFFFFABRRRQAUUUUAFFFFABRRRQAUUUUAFFFFABRRRQAUUUUAFFFFABRRRQAUUUUAFFFFABRRRQAUUUUAFFFFABRRRQAUUUUAFFFFABRRRQAUUUUAFFFFABRRRQAUUUUAFFFFABRRRQAUUUUAFFFFABRRRQAUUUUAFFFFAHx141/5HrxD/wBhO5/9GtWCa3vGv/I9eIf+wnc/+jWrBNAEbVE1StUTUAQNUTVK1RNQBGabTjTaAEooooAKKKKACiiigAr7/r4Ar7/oAKKKKACiiigAooooAKKKKACiiigAooooAKKKKACiiigAooooAKKKKACiiigAooooAKKKKACiiigAooooAKKKKACiiigAooooAKKKKACiiigAooooAKKKKACiiigAooooAKKKKACiiigAooooAKKKKACiiigAooooAKKKKACiiigAooooAKKKKACiiigAooooAKKKKACiiigAooooAKKKKACiiigAooooAKKKKACiiigAooooAKKKKACiiigAooooAKKKKACiiigAooooAKKKKACiiigAooooAKKKKACiiigAooooAKKKKACiiigAooooAKKKKACiiigAooooAKKKKACiiigAooooAKKKKACiiigAooooAKKKKACiiigAooooAKKKKACiiigAooooAKKKKACiiigAooooAKKKKACiiigAooooAKKKKACiiigAooooAKKKKACiiigAooooAKKKKACiiigAooooAKKKKACiiigAooooAKKKKACiiigAooooAKKKKACiiigAooooAKKKKACiiigAooooAKKKKACiiigAooooAKKKKACiiigAooooAKKKKACiiigAooooAKKKKACiiigAooooAKKKKACiiigAooooAKKKKACiiigAooooAKKKKACiiigAooooAKKKKACiiigAooooAKKKKACiiigAooooAKKKKACiiigAooooAKKKKACiiigAooooAKKKKACiiigD468a/wDI9eIf+wnc/wDo1qwTW941/wCR68Q/9hO5/wDRrVgmgCNqiapWqJqAIGqJqlaomoAjNNpxptACUUUUAFFFFABRRRQAV9/18AV9/wBABRRRQAUUUUAFFFFABRRRQAUUUUAFFFFABRRRQAUUUUAFFFFABRRRQAUUUUAFFFFABRRRQAUUUUAFFFFABRRRQAUUUUAFFFFABRRRQAUUUUAFFFFABRRRQAUUUUAFFFFABRRRQAUUUUAFFFFABRRRQAUUUUAFFFFABRRRQAUUUUAFFFFABRRRQAUUUUAFFFFABRRRQAUUUUAFFFFABRRRQAUUUUAFFFFABRRRQAUUUUAFFFFABRRRQAUUUUAFFFFABRRRQAUUUUAFFFFABRRRQAUUUUAFFFFABRRRQAUUUUAFFFFABRRRQAUUUUAFFFFABRRRQAUUUUAFFFFABRRRQAUUUUAFFFFABRRRQAUUUUAFFFFABRRRQAUUUUAFFFFABRRRQAUUUUAFFFFABRRRQAUUUUAFFFFABRRRQAUUUUAFFFFABRRRQAUUUUAFFFFABRRRQAUUUUAFFFFABRRRQAUUUUAFFFFABRRRQAUUUUAFFFFABRRRQAUUUUAFFFFABRRRQAUUUUAFFFFABRRRQAUUUUAFFFFABRRRQAUUUUAFFFFABRRRQAUUUUAFFFFABRRRQAUUUUAFFFFABRRRQAUUUUAFFFFABRRRQAUUUUAFFFFABRRRQAUUUUAFFFFABRRRQAUUUUAFFFFABRRRQAUUUUAFFFFABRRRQAUUUUAFFFFABRRRQAUUUUAFFFFABRRRQAUUUUAFFFFABRRRQAUUUUAfHXjX/kevEP8A2E7n/wBGtWCa3vGv/I9eIf8AsJ3P/o1qwTQBG1RNUrVE1AEDVE1StUTUARmm0402gBKKKKACiiigAooooAK+/wCvgCvv+gAooooAKKKKACiiigAooooAKKKKACiiigAooooAKKKKACiiigAooooAKKKKACiiigAooooAKKKKACiiigAooooAKKKKACiiigAooooAKKKKACiiigAooooAKKKKACiiigAooooAKKKKACiiigAooooAKKKKACiiigAooooAKKKKACiiigAooooAKKKKACiiigAooooAKKKKACiiigAooooAKKKKACiiigAooooAKKKKACiiigAooooAKKKKACiiigAooooAKKKKACiiigAooooAKKKKACiiigAooooAKKKKACiiigAooooAKKKKACiiigAooooAKKKKACiiigAooooAKKKKACiiigAooooAKKKKACiiigAooooAKKKKACiiigAooooAKKKKACiiigAooooAKKKKACiiigAooooAKKKKACiiigAooooAKKKKACiiigAooooAKKKKACiiigAooooAKKKKACiiigAooooAKKKKACiiigAooooAKKKKACiiigAooooAKKKKACiiigAooooAKKKKACiiigAooooAKKKKACiiigAooooAKKKKACiiigAooooAKKKKACiiigAooooAKKKKACiiigAooooAKKKKACiiigAooooAKKKKACiiigAooooAKKKKACiiigAooooAKKKKACiiigAooooAKKKKACiiigAooooAKKKKACiiigAooooAKKKKACiiigAooooAKKKKAPjrxr/yPXiH/sJ3P/o1qwTW941/5HrxD/2E7n/0a1YJoAjaomqVqiagCBqiapWqJqAIzTacabQAlFFFABRRRQAUUUUAFff9fAFff9ABRRRQAUUUUAFFFFABRRRQAUUUUAFFFFABRRRQAUUUUAFFFFABRRRQAUUUUAFFFFABRRRQAUUUUAFFFFABRRRQAUUUUAFFFFABRRRQAUUUUAFFFFABRRRQAUUUUAFFFFABRRRQAUUUUAFFFFABRRRQAUUUUAFFFFABRRRQAUUUUAFFFFABRRRQAUUUUAFFFFABRRRQAUUUUAFFFFABRRRQAUUUUAFFFFABRRRQAUUUUAFFFFABRRRQAUUUUAFFFFABRRRQAUUUUAFFFFABRRRQAUUUUAFFFFABRRRQAUUUUAFFFFABRRRQAUUUUAFFFFABRRRQAUUUUAFFFFABRRRQAUUUUAFFFFABRRRQAUUUUAFFFFABRRRQAUUUUAFFFFABRRRQAUUUUAFFFFABRRRQAUUUUAFFFFABRRRQAUUUUAFFFFABRRRQAUUUUAFFFFABRRRQAUUUUAFFFFABRRRQAUUUUAFFFFABRRRQAUUUUAFFFFABRRRQAUUUUAFFFFABRRRQAUUUUAFFFFABRRRQAUUUUAFFFFABRRRQAUUUUAFFFFABRRRQAUUUUAFFFFABRRRQAUUUUAFFFFABRRRQAUUUUAFFFFABRRRQAUUUUAFFFFABRRRQAUUUUAFFFFABRRRQAUUUUAFFFFABRRRQAUUUUAFFFFABRRRQAUUUUAFFFFABRRRQAUUUUAFFFFABRRRQAUUUUAFFFFABRRRQAUUUUAfHXjX/AJHrxD/2E7n/ANGtWCa3vGv/ACPXiH/sJ3P/AKNasE0ARtUTVK1RNQBA1RNUrVE1AEZptONNoASiiigAooooAKKKKACvv+vgCvv+gAooooAKKKKACiiigAooooAKKKKACiiigAooooAKKKKACiiigAooooAKKKKACiiigAooooAKKKKACiiigAooooAKKKKACiiigAooooAKKKKACiiigAooooAKKKKACiiigAooooAKKKKACiiigAooooAKKKKACiiigAooooAKKKKACiiigAooooAKKKKACiiigAooooAKKKKACiiigAooooAKKKKACiiigAooooAKKKKACiiigAooooAKKKKACiiigAooooAKKKKACiiigAooooAKKKKACiiigAooooAKKKKACiiigAooooAKKKKACiiigAooooAKKKKACiiigAooooAKKKKACiiigAooooAKKKKACiiigAooooAKKKKACiiigAooooAKKKKACiiigAooooAKKKKACiiigAooooAKKKKACiiigAooooAKKKKACiiigAooooAKKKKACiiigAooooAKKKKACiiigAooooAKKKKACiiigAooooAKKKKACiiigAooooAKKKKACiiigAooooAKKKKACiiigAooooAKKKKACiiigAooooAKKKKACiiigAooooAKKKKACiiigAooooAKKKKACiiigAooooAKKKKACiiigAooooAKKKKACiiigAooooAKKKKACiiigAooooAKKKKACiiigAooooAKKKKACiiigAooooAKKKKACiiigAooooAKKKKACiiigAooooAKKKKAPjrxr/yPXiH/ALCdz/6NasE1veNf+R68Q/8AYTuf/RrVgmgCNqiapWqJqAIGqJqlaomoAjNNpxptACUUUUAFFFFABRRRQAV9/wBfAFff9ABRRRQAUUUUAFFFFABRRRQAUUUUAFFFFABRRRQAUUUUAFFFFABRRRQAUUUUAFFFFABRRRQAUUUUAFFFFABRRRQAUUUUAFFFFABRRRQAUUUUAFFFFABRRRQAUUUUAFFFFABRRRQAUUUUAFFFFABRRRQAUUUUAFFFFABRRRQAUUUUAFFFFABRRRQAUUUUAFFFFABRRRQAUUUUAFFFFABRRRQAUUUUAFFFFABRRRQAUUUUAFFFFABRRRQAUUUUAFFFFABRRRQAUUUUAFFFFABRRRQAUUUUAFFFFABRRRQAUUUUAFFFFABRRRQAUUUUAFFFFABRRRQAUUUUAFFFFABRRRQAUUUUAFFFFABRRRQAUUUUAFFFFABRRRQAUUUUAFFFFABRRRQAUUUUAFFFFABRRRQAUUUUAFFFFABRRRQAUUUUAFFFFABRRRQAUUUUAFFFFABRRRQAUUUUAFFFFABRRRQAUUUUAFFFFABRRRQAUUUUAFFFFABRRRQAUUUUAFFFFABRRRQAUUUUAFFFFABRRRQAUUUUAFFFFABRRRQAUUUUAFFFFABRRRQAUUUUAFFFFABRRRQAUUUUAFFFFABRRRQAUUUUAFFFFABRRRQAUUUUAFFFFABRRRQAUUUUAFFFFABRRRQAUUUUAFFFFABRRRQAUUUUAFFFFABRRRQAUUUUAFFFFABRRRQAUUUUAFFFFABRRRQAUUUUAFFFFABRRRQAUUUUAfHXjX/kevEP/YTuf/RrVgmt7xr/AMj14h/7Cdz/AOjWrBNAEbVE1StUTUAQNUTVK1RNQBGabTjTaAEooooAKKKKACiiigAr7/r4Ar7/AKACiiigAooooAKKKKACiiigAooooAKKKKACiiigAooooAKKKKACiiigAooooAKKKKACiiigAooooAKKKKACiiigAooooAKKKKACiiigAooooAKKKKACiiigAooooAKKKKACiiigAooooAKKKKACiiigAooooAKKKKACiiigAooooAKKKKACiiigAooooAKKKKACiiigAooooAKKKKACiiigAooooAKKKKACiiigAooooAKKKKACiiigAooooAKKKKACiiigAooooAKKKKACiiigAooooAKKKKACiiigAooooAKKKKACiiigAooooAKKKKACiiigAooooAKKKKACiiigAooooAKKKKACiiigAooooAKKKKACiiigAooooAKKKKACiiigAooooAKKKKACiiigAooooAKKKKACiiigAooooAKKKKACiiigAooooAKKKKACiiigAooooAKKKKACiiigAooooAKKKKACiiigAooooAKKKKACiiigAooooAKKKKACiiigAooooAKKKKACiiigAooooAKKKKACiiigAooooAKKKKACiiigAooooAKKKKACiiigAooooAKKKKACiiigAooooAKKKKACiiigAooooAKKKKACiiigAooooAKKKKACiiigAooooAKKKKACiiigAooooAKKKKACiiigAooooAKKKKACiiigAooooAKKKKACiiigAooooAKKKKACiiigAooooA+OvGv/ACPXiH/sJ3P/AKNasE1veNf+R68Q/wDYTuf/AEa1YJoAjaomqVqiagCBqiapWqJqAIzTacabQAlFFFABRRRQAUUUUAFff9fAFff9ABRRRQAUUUUAFFFFABRRRQAUUUUAFFFFABRRRQAUUUUAFFFFABRRRQAUUUUAFFFFABRRRQAUUUUAFFFFABRRRQAUUUUAFFFFABRRRQAUUUUAFFFFABRRRQAUUUUAFFFFABRRRQAUUUUAFFFFABRRRQAUUUUAFFFFABRRRQAUUUUAFFFFABRRRQAUUUUAFFFFABRRRQAUUUUAFFFFABRRRQAUUUUAFFFFABRRRQAUUUUAFFFFABRRRQAUUUUAFFFFABRRRQAUUUUAFFFFABRRRQAUUUUAFFFFABRRRQAUUUUAFFFFABRRRQAUUUUAFFFFABRRRQAUUUUAFFFFABRRRQAUUUUAFFFFABRRRQAUUUUAFFFFABRRRQAUUUUAFFFFABRRRQAUUUUAFFFFABRRRQAUUUUAFFFFABRRRQAUUUUAFFFFABRRRQAUUUUAFFFFABRRRQAUUUUAFFFFABRRRQAUUUUAFFFFABRRRQAUUUUAFFFFABRRRQAUUUUAFFFFABRRRQAUUUUAFFFFABRRRQAUUUUAFFFFABRRRQAUUUUAFFFFABRRRQAUUUUAFFFFABRRRQAUUUUAFFFFABRRRQAUUUUAFFFFABRRRQAUUUUAFFFFABRRRQAUUUUAFFFFABRRRQAUUUUAFFFFABRRRQAUUUUAFFFFABRRRQAUUUUAFFFFABRRRQAUUUUAFFFFABRRRQAUUUUAFFFFABRRRQAUUUUAfHXjX/kevEP/AGE7n/0a1YJre8a/8j14h/7Cdz/6NasE0ARtUTVK1RNQBA1RNUrVE1AEZptONNoASiiigAooooAKKKKACvv+vgCvv+gAooooAKKKKACiiigAooooAKKKKACiiigAooooAKKKKACiiigAooooAKKKKACiiigAooooAKKKKACiiigAooooAKKKKACiiigAooooAKKKKACiiigAooooAKKKKACiiigAooooAKKKKACiiigAooooAKKKKACiiigAooooAKKKKACiiigAooooAKKKKACiiigAooooAKKKKACiiigAooooAKKKKACiiigAooooAKKKKACiiigAooooAKKKKACiiigAooooAKKKKACiiigAooooAKKKKACiiigAooooAKKKKACiiigAooooAKKKKACiiigAooooAKKKKACiiigAooooAKKKKACiiigAooooAKKKKACiiigAooooAKKKKACiiigAooooAKKKKACiiigAooooAKKKKACiiigAooooAKKKKACiiigAooooAKKKKACiiigAooooAKKKKACiiigAooooAKKKKACiiigAooooAKKKKACiiigAooooAKKKKACiiigAooooAKKKKACiiigAooooAKKKKACiiigAooooAKKKKACiiigAooooAKKKKACiiigAooooAKKKKACiiigAooooAKKKKACiiigAooooAKKKKACiiigAooooAKKKKACiiigAooooAKKKKACiiigAooooAKKKKACiiigAooooAKKKKACiiigAooooAKKKKACiiigAooooAKKKKACiiigAooooAKKKKAPjrxr/AMj14h/7Cdz/AOjWrBNb3jX/AJHrxD/2E7n/ANGtWCaAI2qJqlaomoAgaomqVqiagCM02nGm0AJRRRQAUUUUAFFFFABX3/XwBX3/AEAFFFFABRRRQAUUUUAFFFFABRRRQAUUUUAFFFFABRRRQAUUUUAFFFFABRRRQAUUUUAFFFFABRRRQAUUUUAFFFFABRRRQAUUUUAFFFFABRRRQAUUUUAFFFFABRRRQAUUUUAFFFFABRRRQAUUUUAFFFFABRRRQAUUUUAFFFFABRRRQAUUUUAFFFFABRRRQAUUUUAFFFFABRRRQAUUUUAFFFFABRRRQAUUUUAFFFFABRRRQAUUUUAFFFFABRRRQAUUUUAFFFFABRRRQAUUUUAFFFFABRRRQAUUUUAFFFFABRRRQAUUUUAFFFFABRRRQAUUUUAFFFFABRRRQAUUUUAFFFFABRRRQAUUUUAFFFFABRRRQAUUUUAFFFFABRRRQAUUUUAFFFFABRRRQAUUUUAFFFFABRRRQAUUUUAFFFFABRRRQAUUUUAFFFFABRRRQAUUUUAFFFFABRRRQAUUUUAFFFFABRRRQAUUUUAFFFFABRRRQAUUUUAFFFFABRRRQAUUUUAFFFFABRRRQAUUUUAFFFFABRRRQAUUUUAFFFFABRRRQAUUUUAFFFFABRRRQAUUUUAFFFFABRRRQAUUUUAFFFFABRRRQAUUUUAFFFFABRRRQAUUUUAFFFFABRRRQAUUUUAFFFFABRRRQAUUUUAFFFFABRRRQAUUUUAFFFFABRRRQAUUUUAFFFFABRRRQAUUUUAFFFFABRRRQAUUUUAFFFFABRRRQB8deNf+R68Q/wDYTuf/AEa1YJre8a/8j14h/wCwnc/+jWrBNAEbVE1StUTUAQNUTVK1RNQBGabTjTaAEooooAKKKKACiiigAr7/AK+AK+/6ACiiigAooooAKKKKACiiigAooooAKKKKACiiigAooooAKKKKACiiigAooooAKKKKACiiigAooooAKKKKACiiigAooooAKKKKACiiigAooooAKKKKACiiigAooooAKKKKACiiigAooooAKKKKACiiigAooooAKKKKACiiigAooooAKKKKACiiigAooooAKKKKACiiigAooooAKKKKACiiigAooooAKKKKACiiigAooooAKKKKACiiigAooooAKKKKACiiigAooooAKKKKACiiigAooooAKKKKACiiigAooooAKKKKACiiigAooooAKKKKACiiigAooooAKKKKACiiigAooooAKKKKACiiigAooooAKKKKACiiigAooooAKKKKACiiigAooooAKKKKACiiigAooooAKKKKACiiigAooooAKKKKACiiigAooooAKKKKACiiigAooooAKKKKACiiigAooooAKKKKACiiigAooooAKKKKACiiigAooooAKKKKACiiigAooooAKKKKACiiigAooooAKKKKACiiigAooooAKKKKACiiigAooooAKKKKACiiigAooooAKKKKACiiigAooooAKKKKACiiigAooooAKKKKACiiigAooooAKKKKACiiigAooooAKKKKACiiigAooooAKKKKACiiigAooooAKKKKACiiigAooooAKKKKACiiigAooooAKKKKACiiigAooooA+OvGv/I9eIf+wnc/+jWrBNb3jX/kevEP/YTuf/RrVgmgCNqiapWqJqAIGqJqlaomoAjNNpxptACUUUUAFFFFABRRRQAV9/18AV9/0AFFFFABRRRQAUUUUAFFFFABRRRQAUUUUAFFFFABRRRQAUUUUAFFFFABRRRQAUUUUAFFFFABRRRQAUUUUAFFFFABRRRQAUUUUAFFFFABRRRQAUUUUAFFFFABRRRQAUUUUAFFFFABRRRQAUUUUAFFFFABRRRQAUUUUAFFFFABRRRQAUUUUAFFFFABRRRQAUUUUAFFFFABRRRQAUUUUAFFFFABRRRQAUUUUAFFFFABRRRQAUUUUAFFFFABRRRQAUUUUAFFFFABRRRQAUUUUAFFFFABRRRQAUUUUAFFFFABRRRQAUUUUAFFFFABRRRQAUUUUAFFFFABRRRQAUUUUAFFFFABRRRQAUUUUAFFFFABRRRQAUUUUAFFFFABRRRQAUUUUAFFFFABRRRQAUUUUAFFFFABRRRQAUUUUAFFFFABRRRQAUUUUAFFFFABRRRQAUUUUAFFFFABRRRQAUUUUAFFFFABRRRQAUUUUAFFFFABRRRQAUUUUAFFFFABRRRQAUUUUAFFFFABRRRQAUUUUAFFFFABRRRQAUUUUAFFFFABRRRQAUUUUAFFFFABRRRQAUUUUAFFFFABRRRQAUUUUAFFFFABRRRQAUUUUAFFFFABRRRQAUUUUAFFFFABRRRQAUUUUAFFFFABRRRQAUUUUAFFFFABRRRQAUUUUAFFFFABRRRQAUUUUAFFFFABRRRQAUUUUAFFFFABRRRQAUUUUAFFFFABRRRQB8deNf8AkevEP/YTuf8A0a1YJre8a/8AI9eIf+wnc/8Ao1qwTQBG1RNUrVE1AEDVE1StUTUARmm0402gBKKKKACiiigAooooAK+/6+AK+/6ACiiigAooooAKKKKACiiigAooooAKKKKACiiigAooooAKKKKACiiigAooooAKKKKACiiigAooooAKKKKACiiigAooooAKKKKACiiigAooooAKKKKACiiigAooooAKKKKACiiigAooooAKKKKACiiigAooooAKKKKACiiigAooooAKKKKACiiigAooooAKKKKACiiigAooooAKKKKACiiigAooooAKKKKACiiigAooooAKKKKACiiigAooooAKKKKACiiigAooooAKKKKACiiigAooooAKKKKACiiigAooooAKKKKACiiigAooooAKKKKACiiigAooooAKKKKACiiigAooooAKKKKACiiigAooooAKKKKACiiigAooooAKKKKACiiigAooooAKKKKACiiigAooooAKKKKACiiigAooooAKKKKACiiigAooooAKKKKACiiigAooooAKKKKACiiigAooooAKKKKACiiigAooooAKKKKACiiigAooooAKKKKACiiigAooooAKKKKACiiigAooooAKKKKACiiigAooooAKKKKACiiigAooooAKKKKACiiigAooooAKKKKACiiigAooooAKKKKACiiigAooooAKKKKACiiigAooooAKKKKACiiigAooooAKKKKACiiigAooooAKKKKACiiigAooooAKKKKACiiigAooooAKKKKACiiigAooooAKKKKACiiigAooooA+OvGv/I9eIf8AsJ3P/o1qwTW941/5HrxD/wBhO5/9GtWCaAI2qJqlaomoAgaomqVqiagCM02nGm0AJRRRQAUUUUAFFFFABX3/AF8AV9/0AFFFFABRRRQAUUUUAFFFFABRRRQAUUUUAFFFFABRRRQAUUUUAFFFFABRRRQAUUUUAFFFFABRRRQAUUUUAFFFFABRRRQAUUUUAFFFFABRRRQAUUUUAFFFFABRRRQAUUUUAFFFFABRRRQAUUUUAFFFFABRRRQAUUUUAFFFFABRRRQAUUUUAFFFFABRRRQAUUUUAFFFFABRRRQAUUUUAFFFFABRRRQAUUUUAFFFFABRRRQAUUUUAFFFFABRRRQAUUUUAFFFFABRRRQAUUUUAFFFFABRRRQAUUUUAFFFFABRRRQAUUUUAFFFFABRRRQAUUUUAFFFFABRRRQAUUUUAFFFFABRRRQAUUUUAFFFFABRRRQAUUUUAFFFFABRRRQAUUUUAFFFFABRRRQAUUUUAFFFFABRRRQAUUUUAFFFFABRRRQAUUUUAFFFFABRRRQAUUUUAFFFFABRRRQAUUUUAFFFFABRRRQAUUUUAFFFFABRRRQAUUUUAFFFFABRRRQAUUUUAFFFFABRRRQAUUUUAFFFFABRRRQAUUUUAFFFFABRRRQAUUUUAFFFFABRRRQAUUUUAFFFFABRRRQAUUUUAFFFFABRRRQAUUUUAFFFFABRRRQAUUUUAFFFFABRRRQAUUUUAFFFFABRRRQAUUUUAFFFFABRRRQAUUUUAFFFFABRRRQAUUUUAFFFFABRRRQAUUUUAFFFFABRRRQAUUUUAFFFFABRRRQB8deNf+R68Q/9hO5/9GtWCa3vGv8AyPXiH/sJ3P8A6NasE0ARtUTVK1RNQBA1RNUrVE1AEZptONNoASiiigAooooAKKKKACvv+vgCvv8AoAKKKKACiiigAooooAKKKKACiiigAooooAKKKKACiiigAooooAKKKKACiiigAooooAKKKKACiiigAooooAKKKKACiiigAooooAKKKKACiiigAooooAKKKKACiiigAooooAKKKKACiiigAooooAKKKKACiiigAooooAKKKKACiiigAooooAKKKKACiiigAooooAKKKKACiiigAooooAKKKKACiiigAooooAKKKKACiiigAooooAKKKKACiiigAooooAKKKKACiiigAooooAKKKKACiiigAooooAKKKKACiiigAooooAKKKKACiiigAooooAKKKKACiiigAooooAKKKKACiiigAooooAKKKKACiiigAooooAKKKKACiiigAooooAKKKKACiiigAooooAKKKKACiiigAooooAKKKKACiiigAooooAKKKKACiiigAooooAKKKKACiiigAooooAKKKKACiiigAooooAKKKKACiiigAooooAKKKKACiiigAooooAKKKKACiiigAooooAKKKKACiiigAooooAKKKKACiiigAooooAKKKKACiiigAooooAKKKKACiiigAooooAKKKKACiiigAooooAKKKKACiiigAooooAKKKKACiiigAooooAKKKKACiiigAooooAKKKKACiiigAooooAKKKKACiiigAooooAKKKKACiiigAooooAKKKKACiiigAooooAKKKKACiiigD468a/8AI9eIf+wnc/8Ao1qwTW941/5HrxD/ANhO5/8ARrVgmgCNqiapWqJqAIGqJqlaomoAjNNpxptACUUUUAFFFFABRRRQAV9/18AV9/0AFFFFABRRRQAUUUUAFFFFABRRRQAUUUUAFFFFABRRRQAUUUUAFFFFABRRRQAUUUUAFFFFABRRRQAUUUUAFFFFABRRRQAUUUUAFFFFABRRRQAUUUUAFFFFABRRRQAUUUUAFFFFABRRRQAUUUUAFFFFABRRRQAUUUUAFFFFABRRRQAUUUUAFFFFABRRRQAUUUUAFFFFABRRRQAUUUUAFFFFABRRRQAUUUUAFFFFABRRRQAUUUUAFFFFABRRRQAUUUUAFFFFABRRRQAUUUUAFFFFABRRRQAUUUUAFFFFABRRRQAUUUUAFFFFABRRRQAUUUUAFFFFABRRRQAUUUUAFFFFABRRRQAUUUUAFFFFABRRRQAUUUUAFFFFABRRRQAUUUUAFFFFABRRRQAUUUUAFFFFABRRRQAUUUUAFFFFABRRRQAUUUUAFFFFABRRRQAUUUUAFFFFABRRRQAUUUUAFFFFABRRRQAUUUUAFFFFABRRRQAUUUUAFFFFABRRRQAUUUUAFFFFABRRRQAUUUUAFFFFABRRRQAUUUUAFFFFABRRRQAUUUUAFFFFABRRRQAUUUUAFFFFABRRRQAUUUUAFFFFABRRRQAUUUUAFFFFABRRRQAUUUUAFFFFABRRRQAUUUUAFFFFABRRRQAUUUUAFFFFABRRRQAUUUUAFFFFABRRRQAUUUUAFFFFABRRRQAUUUUAFFFFABRRRQAUUUUAFFFFABRRRQB8deNf+R68Q/8AYTuf/RrVgmt7xr/yPXiH/sJ3P/o1qwTQBG1RNUrVE1AEDVE1StUTUARmm0402gBKKKKACiiigAooooAK+/6+AK+/6ACiiigAooooAKKKKACiiigAooooAKKKKACiiigAooooAKKKKACiiigAooooAKKKKACiiigAooooAKKKKACiiigAooooAKKKKACiiigAooooAKKKKACiiigAooooAKKKKACiiigAooooAKKKKACiiigAooooAKKKKACiiigAooooAKKKKACiiigAooooAKKKKACiiigAooooAKKKKACiiigAooooAKKKKACiiigAooooAKKKKACiiigAooooAKKKKACiiigAooooAKKKKACiiigAooooAKKKKACiiigAooooAKKKKACiiigAooooAKKKKACiiigAooooAKKKKACiiigAooooAKKKKACiiigAooooAKKKKACiiigAooooAKKKKACiiigAooooAKKKKACiiigAooooAKKKKACiiigAooooAKKKKACiiigAooooAKKKKACiiigAooooAKKKKACiiigAooooAKKKKACiiigAooooAKKKKACiiigAooooAKKKKACiiigAooooAKKKKACiiigAooooAKKKKACiiigAooooAKKKKACiiigAooooAKKKKACiiigAooooAKKKKACiiigAooooAKKKKACiiigAooooAKKKKACiiigAooooAKKKKACiiigAooooAKKKKACiiigAooooAKKKKACiiigAooooAKKKKACiiigAooooAKKKKACiiigAooooAKKKKACiiigAooooA+OvGv8AyPXiH/sJ3P8A6NasE1u+Nf8Ake/EP/YTuf8A0a1YJNADGqJqkNRNQBC1RNUrVE1AEZptONNoASiiigAooooAKKKKACvv+vgCvv8AoAKKKKACiiigAooooAKKKKACiiigAooooAKKKKACiiigAooooAKKKKACiiigAooooAKKKKACiiigAooooAKKKKACiiigAooooAKKKKACiiigAooooAKKKKACiiigAooooAKKKKACiiigAooooAKKKKACiiigAooooAKKKKACiiigAooooAKKKKACiiigAooooAKKKKACiiigAooooAKKKKACiiigAooooAKKKKACiiigAooooAKKKKACiiigAooooAKKKKACiiigAooooAKKKKACiiigAooooAKKKKACiiigAooooAKKKKACiiigAooooAKKKKACiiigAooooAKKKKACiiigAooooAKKKKACiiigAooooAKKKKACiiigAooooAKKKKACiiigAooooAKKKKACiiigAooooAKKKKACiiigAooooAKKKKACiiigAooooAKKKKACiiigAooooAKKKKACiiigAooooAKKKKACiiigAooooAKKKKACiiigAooooAKKKKACiiigAooooAKKKKACiiigAooooAKKKKACiiigAooooAKKKKACiiigAooooAKKKKACiiigAooooAKKKKACiiigAooooAKKKKACiiigAooooAKKKKACiiigAooooAKKKKACiiigAooooAKKKKACiiigAooooAKKKKACiiigAooooAKKKKACiiigAooooAKKKKACiiigAooooAKKKKACiiigD438an/iu/EP/YTuf/RrVgk1ueNj/wAV54i/7Cdz/wCjWrAJoACaiY04mo2NAEbVEakY1EaAGmmmlNIaAEooooAKKKKACiiigAr7/r4Ar0D/AIXb8Q/+hh/8krf/AON0AfX9FfIH/C7fiH/0MP8A5JW//wAbpw+NnxC/6GD/AMkrf/43QB9e0V8iD41/EL/oYP8AyTt//jdOHxq+IP8A0MH/AJJ2/wD8RQB9c0V8jj40/ED/AKD/AP5Jwf8AxFL/AMLp+IH/AEH/APyTg/8AiKAPreivkn/hdPj/AP6D/wD5Jwf/ABFH/C6PH/8A0H//ACTg/wDiKAPraivkn/hdHj//AKD/AP5Jwf8AxFH/AAujx/8A9B//AMk4P/iKAPraivkn/hdHj/8A6D//AJJwf/EUf8Lo8f8A/Qf/APJOD/4igD62or5J/wCF0eP/APoP/wDknB/8RR/wujx//wBB/wD8k4P/AIigD62or5J/4XR4/wD+g/8A+ScH/wARR/wujx//ANB//wAk4P8A4igD62or5J/4XR4//wCg/wD+ScH/AMRR/wALo8f/APQf/wDJOD/4igD62or5J/4XR4//AOg//wCScH/xFH/C6PH/AP0H/wDyTg/+IoA+tqK+Sf8AhdHj/wD6D/8A5Jwf/EUf8Lo8f/8AQf8A/JOD/wCIoA+tqK+Sf+F0eP8A/oP/APknB/8AEUf8Lo8f/wDQf/8AJOD/AOIoA+tqK+Sf+F0eP/8AoP8A/knB/wDEUf8AC6PH/wD0H/8AyTg/+IoA+tqK+Sf+F0eP/wDoP/8AknB/8RR/wujx/wD9B/8A8k4P/iKAPraivkn/AIXR4/8A+g//AOScH/xFH/C6PH//AEH/APyTg/8AiKAPraivkn/hdHj/AP6D/wD5Jwf/ABFH/C6PH/8A0H//ACTg/wDiKAPraivkn/hdHj//AKD/AP5Jwf8AxFH/AAujx/8A9B//AMk4P/iKAPraivkn/hdHj/8A6D//AJJwf/EUf8Lo8f8A/Qf/APJOD/4igD62or5J/wCF0eP/APoP/wDknB/8RR/wujx//wBB/wD8k4P/AIigD62or5J/4XR4/wD+g/8A+ScH/wARR/wujx//ANB//wAk4P8A4igD62or5J/4XR4//wCg/wD+ScH/AMRR/wALo8f/APQf/wDJOD/4igD62or5J/4XR4//AOg//wCScH/xFH/C6PH/AP0H/wDyTg/+IoA+tqK+Sf8AhdHj/wD6D/8A5Jwf/EUf8Lo8f/8AQf8A/JOD/wCIoA+tqK+Sf+F0eP8A/oP/APknB/8AEUf8Lo8f/wDQf/8AJOD/AOIoA+tqK+Sf+F0eP/8AoP8A/knB/wDEUf8AC6PH/wD0H/8AyTg/+IoA+tqK+Sf+F0eP/wDoP/8AknB/8RR/wujx/wD9B/8A8k4P/iKAPraivkn/AIXR4/8A+g//AOScH/xFH/C6PH//AEH/APyTg/8AiKAPraivkn/hdHj/AP6D/wD5Jwf/ABFH/C6PH/8A0H//ACTg/wDiKAPraivkn/hdHj//AKD/AP5Jwf8AxFH/AAujx/8A9B//AMk4P/iKAPraivkn/hdHj/8A6D//AJJwf/EUf8Lo8f8A/Qf/APJOD/4igD62or5J/wCF0eP/APoP/wDknB/8RR/wujx//wBB/wD8k4P/AIigD62or5J/4XR4/wD+g/8A+ScH/wARR/wujx//ANB//wAk4P8A4igD62or5J/4XR4//wCg/wD+ScH/AMRR/wALo8f/APQf/wDJOD/4igD62or5J/4XR4//AOg//wCScH/xFH/C6PH/AP0H/wDyTg/+IoA+tqK+Sf8AhdHj/wD6D/8A5Jwf/EUf8Lo8f/8AQf8A/JOD/wCIoA+tqK+Sf+F0eP8A/oP/APknB/8AEUf8Lo8f/wDQf/8AJOD/AOIoA+tqK+Sf+F0eP/8AoP8A/knB/wDEUf8AC6PH/wD0H/8AyTg/+IoA+tqK+Sf+F0eP/wDoP/8AknB/8RR/wujx/wD9B/8A8k4P/iKAPraivkn/AIXR4/8A+g//AOScH/xFH/C6PH//AEH/APyTg/8AiKAPraivkn/hdHj/AP6D/wD5Jwf/ABFH/C6PH/8A0H//ACTg/wDiKAPraivkn/hdHj//AKD/AP5Jwf8AxFH/AAujx/8A9B//AMk4P/iKAPraivkn/hdHj/8A6D//AJJwf/EUf8Lo8f8A/Qf/APJOD/4igD62or5J/wCF0eP/APoP/wDknB/8RR/wujx//wBB/wD8k4P/AIigD62or5J/4XR4/wD+g/8A+ScH/wARR/wujx//ANB//wAk4P8A4igD62or5J/4XR4//wCg/wD+ScH/AMRR/wALo8f/APQf/wDJOD/4igD62or5J/4XR4//AOg//wCScH/xFH/C6PH/AP0H/wDyTg/+IoA+tqK+Sf8AhdHj/wD6D/8A5Jwf/EUf8Lo8f/8AQf8A/JOD/wCIoA+tqK+Sf+F0eP8A/oP/APknB/8AEUf8Lo8f/wDQf/8AJOD/AOIoA+tqK+Sf+F0eP/8AoP8A/knB/wDEUf8AC6PH/wD0H/8AyTg/+IoA+tqK+Sf+F0eP/wDoP/8AknB/8RR/wujx/wD9B/8A8k4P/iKAPraivkn/AIXR4/8A+g//AOScH/xFH/C6PH//AEH/APyTg/8AiKAPraivkn/hdHj/AP6D/wD5Jwf/ABFH/C6PH/8A0H//ACTg/wDiKAPraivkn/hdHj//AKD/AP5Jwf8AxFH/AAujx/8A9B//AMk4P/iKAPraivkn/hdHj/8A6D//AJJwf/EUf8Lo8f8A/Qf/APJOD/4igD62or5J/wCF0eP/APoP/wDknB/8RR/wujx//wBB/wD8k4P/AIigD62or5J/4XR4/wD+g/8A+ScH/wARR/wujx//ANB//wAk4P8A4igD62or5J/4XR4//wCg/wD+ScH/AMRR/wALo8f/APQf/wDJOD/4igD62or5J/4XR4//AOg//wCScH/xFH/C6PH/AP0H/wDyTg/+IoA+tqK+Sf8AhdHj/wD6D/8A5Jwf/EUf8Lo8f/8AQf8A/JOD/wCIoA+tqK+Sf+F0eP8A/oP/APknB/8AEUf8Lo8f/wDQf/8AJOD/AOIoA+tqK+Sf+F0eP/8AoP8A/knB/wDEUf8AC6PH/wD0H/8AyTg/+IoA+tqK+Sf+F0eP/wDoP/8AknB/8RR/wujx/wD9B/8A8k4P/iKAPraivkn/AIXR4/8A+g//AOScH/xFH/C6PH//AEH/APyTg/8AiKAPraivkn/hdHj/AP6D/wD5Jwf/ABFH/C6PH/8A0H//ACTg/wDiKAPraivkn/hdHj//AKD/AP5Jwf8AxFH/AAujx/8A9B//AMk4P/iKAPraivkn/hdHj/8A6D//AJJwf/EUf8Lo8f8A/Qf/APJOD/4igD62or5J/wCF0eP/APoP/wDknB/8RR/wujx//wBB/wD8k4P/AIigD62or5J/4XR4/wD+g/8A+ScH/wARR/wujx//ANB//wAk4P8A4igD62or5J/4XR4//wCg/wD+ScH/AMRR/wALo8f/APQf/wDJOD/4igD62or5J/4XR4//AOg//wCScH/xFH/C6PH/AP0H/wDyTg/+IoA+tqK+Sf8AhdHj/wD6D/8A5Jwf/EUf8Lo8f/8AQf8A/JOD/wCIoA+tqK+Sf+F0eP8A/oP/APknB/8AEUf8Lo8f/wDQf/8AJOD/AOIoA+tqK+Sf+F0eP/8AoP8A/knB/wDEUf8AC6PH/wD0H/8AyTg/+IoA+tqK+Sf+F0eP/wDoP/8AknB/8RR/wujx/wD9B/8A8k4P/iKAPraivkn/AIXR4/8A+g//AOScH/xFH/C6PH//AEH/APyTg/8AiKAPraivkn/hdHj/AP6D/wD5Jwf/ABFH/C6PH/8A0H//ACTg/wDiKAPraivkn/hdHj//AKD/AP5Jwf8AxFH/AAujx/8A9B//AMk4P/iKAPraivkn/hdHj/8A6D//AJJwf/EUf8Lo8f8A/Qf/APJOD/4igD62or5J/wCF0eP/APoP/wDknB/8RR/wujx//wBB/wD8k4P/AIigD62or5J/4XR4/wD+g/8A+ScH/wARR/wujx//ANB//wAk4P8A4igD62or5J/4XR4//wCg/wD+ScH/AMRR/wALo8f/APQf/wDJOD/4igD62or5J/4XR4//AOg//wCScH/xFH/C6PH/AP0H/wDyTg/+IoA+tqK+Sf8AhdHj/wD6D/8A5Jwf/EUf8Lo8f/8AQf8A/JOD/wCIoA+tqK+Sf+F0eP8A/oP/APknB/8AEUf8Lo8f/wDQf/8AJOD/AOIoA+tqK+Sf+F0eP/8AoP8A/knB/wDEUf8AC6PH/wD0H/8AyTg/+IoA+tqK+Sf+F0eP/wDoP/8AknB/8RR/wujx/wD9B/8A8k4P/iKAPraivkn/AIXR4/8A+g//AOScH/xFH/C6PH//AEH/APyTg/8AiKAPraivkn/hdHj/AP6D/wD5Jwf/ABFH/C6PH/8A0H//ACTg/wDiKAPraivkn/hdHj//AKD/AP5Jwf8AxFH/AAujx/8A9B//AMk4P/iKAPraivkn/hdHj/8A6D//AJJwf/EUf8Lo8f8A/Qf/APJOD/4igD62or5J/wCF0eP/APoP/wDknB/8RR/wujx//wBB/wD8k4P/AIigD62or5J/4XR4/wD+g/8A+ScH/wARR/wujx//ANB//wAk4P8A4igD62or5J/4XR4//wCg/wD+ScH/AMRR/wALo8f/APQf/wDJOD/4igD62or5J/4XR4//AOg//wCScH/xFH/C6PH/AP0H/wDyTg/+IoA+tqK+Sf8AhdHj/wD6D/8A5Jwf/EUf8Lo8f/8AQf8A/JOD/wCIoA+tqK+Sf+F0eP8A/oP/APknB/8AEUf8Lo8f/wDQf/8AJOD/AOIoA+tqK+Sf+F0eP/8AoP8A/knB/wDEUf8AC6PH/wD0H/8AyTg/+IoA+tqK+Sf+F0eP/wDoP/8AknB/8RR/wujx/wD9B/8A8k4P/iKAPraivkn/AIXR4/8A+g//AOScH/xFH/C6PH//AEH/APyTg/8AiKAPraivkn/hdHj/AP6D/wD5Jwf/ABFH/C6PH/8A0H//ACTg/wDiKAPraivkn/hdHj//AKD/AP5Jwf8AxFH/AAujx/8A9B//AMk4P/iKAPraivkn/hdHj/8A6D//AJJwf/EUf8Lo8f8A/Qf/APJOD/4igD62or5J/wCF0eP/APoP/wDknB/8RR/wujx//wBB/wD8k4P/AIigD62or5J/4XR4/wD+g/8A+ScH/wARR/wujx//ANB//wAk4P8A4igD62or5J/4XR4//wCg/wD+ScH/AMRR/wALo8f/APQf/wDJOD/4igD62or5J/4XR4//AOg//wCScH/xFH/C6PH/AP0H/wDyTg/+IoA+tqK+Sf8AhdHj/wD6D/8A5Jwf/EUf8Lo8f/8AQf8A/JOD/wCIoA+tqK+Sf+F0eP8A/oP/APknB/8AEUf8Lo8f/wDQf/8AJOD/AOIoA+tqK+Sf+F0eP/8AoP8A/knB/wDEUf8AC6PH/wD0H/8AyTg/+IoA+tqK+Sf+F0eP/wDoP/8AknB/8RR/wujx/wD9B/8A8k4P/iKAPraivkn/AIXR4/8A+g//AOScH/xFH/C6PH//AEH/APyTg/8AiKAPraivkn/hdHj/AP6D/wD5Jwf/ABFH/C6PH/8A0H//ACTg/wDiKAPraivkn/hdHj//AKD/AP5Jwf8AxFH/AAujx/8A9B//AMk4P/iKAPraivkn/hdHj/8A6D//AJJwf/EUf8Lo8f8A/Qf/APJOD/4igD62or5J/wCF0eP/APoP/wDknB/8RR/wujx//wBB/wD8k4P/AIigD62or5J/4XR4/wD+g/8A+ScH/wARR/wujx//ANB//wAk4P8A4igD62or5J/4XR4//wCg/wD+ScH/AMRR/wALo8f/APQf/wDJOD/4igD62or5J/4XR4//AOg//wCScH/xFH/C6PH/AP0H/wDyTg/+IoA+tqK+Sf8AhdHj/wD6D/8A5Jwf/EUf8Lo8f/8AQf8A/JOD/wCIoA+tqK+Sf+F0eP8A/oP/APknB/8AEUf8Lo8f/wDQf/8AJOD/AOIoA+tqK+Sf+F0eP/8AoP8A/knB/wDEUf8AC6PH/wD0H/8AyTg/+IoA+tqK+Sf+F0eP/wDoP/8AknB/8RR/wujx/wD9B/8A8k4P/iKAPraivkn/AIXR4/8A+g//AOScH/xFH/C6PH//AEH/APyTg/8AiKAPraivkn/hdHj/AP6D/wD5Jwf/ABFH/C6PH/8A0H//ACTg/wDiKAPraivkn/hdHj//AKD/AP5Jwf8AxFH/AAujx/8A9B//AMk4P/iKAPraivkn/hdHj/8A6D//AJJwf/EUf8Lo8f8A/Qf/APJOD/4igD62or5J/wCF0eP/APoP/wDknB/8RR/wujx//wBB/wD8k4P/AIigD62or5J/4XR4/wD+g/8A+ScH/wARR/wujx//ANB//wAk4P8A4igD62or5J/4XR4//wCg/wD+ScH/AMRR/wALo8f/APQf/wDJOD/4igD62or5J/4XR4//AOg//wCScH/xFH/C6PH/AP0H/wDyTg/+IoA+tqK+Sf8AhdHj/wD6D/8A5Jwf/EUf8Lo8f/8AQf8A/JOD/wCIoA+tqK+Sf+F0eP8A/oP/APknB/8AEUf8Lo8f/wDQf/8AJOD/AOIoA+tqK+Sf+F0eP/8AoP8A/knB/wDEUf8AC6PH/wD0H/8AyTg/+IoA+tqK+Sf+F0eP/wDoP/8AknB/8RR/wujx/wD9B/8A8k4P/iKAPraivkn/AIXR4/8A+g//AOScH/xFH/C6PH//AEH/APyTg/8AiKAPraivkn/hdHj/AP6D/wD5Jwf/ABFH/C6PH/8A0H//ACTg/wDiKAPraivkn/hdHj//AKD/AP5Jwf8AxFH/AAunx/8A9B//AMk4P/iKAMfxu3/Fe+I/+wpc/wDo1qwC1Pvr+41LULm+u5PMubmVppX2gbnYkscDgck9KrbqAHlqYTSFqYWoAGNRk0pNNJoAQ000tJQAUUUUAFFFFABRRRQAUUUUAFLSUUAPBpwNR0uaAJM0u6o80uaAJN1G6o80ZoAk3UbqjzRmgCTdRuqPNGaAJN1G6o80ZoAk3UbqjzRmgCTdRuqPNGaAJN1G6o80ZoAk3UbqjzRmgCTdRuqPNGaAJN1G6o80ZoAk3UbqjzRmgCTdRuqPNGaAJN1G6o80ZoAk3UbqjzRmgCTdRuqPNGaAJN1G6o80ZoAk3UbqjzRmgCTdRuqPNGaAJN1G6o80ZoAk3UbqjzRmgCTdRuqPNGaAJN1G6o80ZoAk3UbqjzRmgCTdRuqPNGaAJN1G6o80ZoAk3UbqjzRmgCTdRuqPNGaAJN1G6o80ZoAk3UbqjzRmgCTdRuqPNGaAJN1G6o80ZoAk3UbqjzRmgCTdRuqPNGaAJN1G6o80ZoAk3UbqjzRmgCTdRuqPNGaAJN1G6o80ZoAk3UbqjzRmgCTdRuqPNGaAJN1G6o80ZoAk3UbqjzRmgCTdRuqPNGaAJN1G6o80ZoAk3UbqjzRmgCTdRuqPNGaAJN1G6o80ZoAk3UbqjzRmgCTdRuqPNGaAJN1G6o80ZoAk3UbqjzRmgCTdRuqPNGaAJN1G6o80ZoAk3UbqjzRmgCTdRuqPNGaAJN1G6o80ZoAk3UbqjzRmgCTdRuqPNGaAJN1G6o80ZoAk3UbqjzRmgCTdRuqPNGaAJN1G6o80ZoAk3UbqjzRmgCTdRuqPNGaAJN1G6o80ZoAk3UbqjzRmgCTdRuqPNGaAJN1G6o80ZoAk3UbqjzRmgCTdRuqPNGaAJN1G6o80ZoAk3UbqjzRmgCTdRuqPNGaAJN1G6o80ZoAk3UbqjzRmgCTdRuqPNGaAJN1G6o80ZoAk3UbqjzRmgCTdRuqPNGaAJN1G6o80ZoAk3UbqjzRmgCTdRuqPNGaAJN1G6o80ZoAk3UbqjzRmgCTdRuqPNGaAJN1G6o80ZoAk3UbqjzRmgCTdRuqPNGaAJN1G6o80ZoAk3UbqjzRmgCTdRuqPNGaAJN1G6o80ZoAk3UbqjzRmgCTdRuqPNGaAJN1G6o80ZoAk3UbqjzRmgCTdRuqPNGaAJN1G6o80ZoAk3UbqjzRmgCTdRuqPNGaAJN1G6o80ZoAk3UbqjzRmgCTdRuqPNGaAJN1G6o80ZoAk3UbqjzRmgCTdRuqPNGaAJN1G6o80ZoAk3UbqjzRmgCTdRuqPNGaAJN1G6o80ZoAk3UbqjzRmgCTdRuqPNGaAJN1G6o80ZoAk3UbqjzRmgCTdRuqPNGaAJN1G6o80ZoAk3UbqjzRmgCTdRuqPNGaAJN1G6o80ZoAk3UbqjzRmgCTdRuqPNGaAJN1G6o80ZoAk3UbqjzRmgCTdRuqPNGaAJN1G6o80ZoAk3UbqjzRmgCTdRuqPNGaAJN1G6o80ZoAk3UbqjzRmgCTdRuqPNGaAJN1G6o80ZoAk3UbqjzRmgCTdRuqPNGaAJN1G6o80ZoAk3UbqjzRmgCTdSbqZmkzQA/NITTc0maAFJptFJQAUUUUAFFFFABRRRQAUUUUAFFFFABRRRQAUuaSigBaKSigBaKSigBc0ZpKKAFzRmkooAXNGaSigBc0ZpKKAFzRmkooAXNGaSigBc0ZpKKAFzRmkooAXNGaSigBc0ZpKKAFzRmkooAXNGaSigBc0ZpKKAFzRmkooAXNGaSigBc0ZpKKAFzRmkooAXNGaSigBc0ZpKKAFzRmkooAXNGaSigBc0ZpKKAFzRmkooAXNGaSigBc0ZpKKAFzRmkooAXNGaSigBc0ZpKKAFzRmkooAXNGaSigBc0ZpKKAFzRmkooAXNGaSigBc0ZpKKAFzRmkooAXNGaSigBc0ZpKKAFzRmkooAXNGaSigBc0ZpKKAFzRmkooAXNGaSigBc0ZpKKAFzRmkooAXNGaSigBc0ZpKKAFzRmkooAXNGaSigBc0ZpKKAFzRmkooAXNGaSigBc0ZpKKAFzRmkooAXNGaSigBc0ZpKKAFzRmkooAXNGaSigBc0ZpKKAFzRmkooAXNGaSigBc0ZpKKAFzRmkooAXNGaSigBc0ZpKKAFzRmkooAXNGaSigBc0ZpKKAFzRmkooAXNGaSigBc0ZpKKAFzRmkooAXNGaSigBc0ZpKKAFzRmkooAXNGaSigBc0ZpKKAFzRmkooAXNGaSigBc0ZpKKAFzRmkooAXNGaSigBc0ZpKKAFzRmkooAXNGaSigBc0ZpKKAFzRmkooAXNGaSigBc0ZpKKAFzRmkooAXNGaSigBc0ZpKKAFzRmkooAXNGaSigBc0ZpKKAFzRmkooAXNGaSigBc0ZpKKAFzRmkooAXNGaSigBc0ZpKKAFzRmkooAXNGaSigBc0ZpKKAFzRmkooAXNGaSigBc0ZpKKAFzRmkooAXNGaSigBc0ZpKKAFzRmkooAXNGaSigBc0ZpKKAFzRmkooAXNGaSigBc0ZpKKAFzRmkooAXNGaSigBc0ZpKKAFzRmkooAXNGaSigBc0ZpKKAFzRmkooAXNGaSigBc0ZpKKAFzRmkooAXNGaSigBc0ZpKKAFzRmkooAXNGaSigBc0ZpKKAFzRmkooAXNGaSigBc0UlFAC0UlFAC0ZpKKACiiigAooooAKKKKACiiigAooooAKKKKACiiigAooooAKKKKACiiigAooooAKKKKACiiigAooooAKKKKACiiigAooooAKKKKACiiigAooooAKKKKACiiigAooooAKKKKACiiigAooooAKKKKACiiigAooooAKKKKACiiigAooooAKKKKACiiigAooooAKKKKACiiigAooooAKKKKACiiigAooooAKKKKACiiigAooooAKKKKACiiigAooooAKKKKACiiigAooooAKKKKACiiigAooooAKKKKACiiigAooooAKKKKACiiigAooooAKKKKACiiigAooooAKKKKACiiigAooooAKKKKACiiigAooooAKKKKACiiigAooooAKKKKACiiigAooooAKKKKACiiigAooooAKKKKACiiigAooooAKKKKACiiigAooooAKKKKACiiigAooooAKKKKACiiigAooooAKKKKACiiigAooooAKKKKACiiigAooooAKKKKACiiigAooooAKKKKACiiigAooooAKKKKACiiigAooooAKKKKACiiigAooooAKKKKACiiigAooooAKKKKACiiigAooooAKKKKACiiigAooooAKKKKACiiigAooooAKKKKACiiigAooooAKKKKACiiigAooooAKKKKACiiigAooooAKKKKACiiigAooooAKKKKACiiigAooooAKKKKACiiigAooooAKKKKACiiigAooooAKKKKACiiigAooooAKKKKACiiigAooooAKKKKACiiigAooooA/9kNCmVuZHN0cmVhbQ1lbmRvYmoNODIgMCBvYmoNPDwvQ29udGVudHMgODMgMCBSIC9NZWRpYUJveCBbMCAwIDk2MCA1NDBdIC9QYXJlbnQgMiAwIFIgL1Jlc291cmNlcyA8PC9FeHRHU3RhdGUgPDwvR1M4IDggMCBSPj4gL0ZvbnQgPDwvRlQxMCAxMCAwIFIgL0ZUMTUgMTUgMCBSIC9GVDMyIDMyIDAgUj4+IC9YT2JqZWN0IDw8L0lNODQgODQgMCBSIC9JTTkgOSAwIFI+Pj4+IC9UeXBlIC9QYWdlPj4NZW5kb2JqDTgzIDAgb2JqDTw8L0ZpbHRlciAvRmxhdGVEZWNvZGUgL0xlbmd0aCAxNjE3Pj4NCnN0cmVhbQ0KeJzlWdtq5EYQfQ/MP+h5wb19qeoLhIA0Gi0J7MMmA/mAkF1Y7ARvHvL7qVarNa1qja2ZsRdDMPaImtKp6lO37vbjTjWSfu7iB4Js/njYPe6iJNgk+Pbn7vd3zV+kF3++faGv33/4zTdf/uFqn9/tPu2kkNj8u9PNR/r9hX6/jmqy+fXD/N7j+NZoFk0QqKNtenA2mn//88fQ9H83hEVAySy9/Ljrjrv3w1HJRmvVHD8nUyPK+KS0UMo1qK1Q2jTHh92PdtjDT8evjVKGlJpjHyVIkh8OR/J1OyQKJf0WyLSskSVjG1QgfPNA0vR0H5+MEhroMX5fPk8aI4ujZzPjz7iI05r1dgdLPul1DCvICELTXysMwogsW4w4JJITsvQATGJcpdMpJsGDZhIbTB2Vc45prblnXvcMMewDtyo9t9oXvBCBlG6PjSNc0Lkq0AntiEslnA9k2QpHvKYs9XBK08JpQwZqp8GACCEQlBMoU3pK1w/RJVO41OFSYiCRVei0nWOSRHpF37onKmgRgDyBmNWTJ4BqO4JWskaQ0oxpJ132itQuwCR+dGCYrbFspaB6JunajklQuu12jbS1Xa0Uw0yr24qpg7AVw8MFbBhwNcKNDBsnUwaWmLbjGYgtz7cbGQbQtd3E8FYEu+K5sbwKrD/wSrF2u5XYgFf8vIBhNCsrxT5UNb7nfI65UUpcuKCirVz1/AKGrV7x3B/CjKAWY0PlKfckJqxEbRoG5dqr/lYNg23mwgoJ01wowKe5sEhmzx3on5iXRjfar01iTdH30QHrhZ+r3o45qX3hwMAkDiWTtGZfxe68Xe9ru6ENq3Y3Yhpla0zjOCYaxyXIJa3lElCcE1PpOMl1Ol3hGOBrlFyCfs9xZM89BF/547dzhWol7ho1w1ybIOcxaWMogWGey5MFA5pLwDHejBo4t1BFdiUiHX8L+/Yt8G9odz4WflDCnnqX4p4cLuDfoKkxqcNcgGBdjbAlgih5LOzAWU2VuNETMGuetDw/A/CIdy33zcMFfQnCCoepLrZWgbyOw7MZvtWuvdlzt+J52Hfcq57PgtZbHgXottu1ZsXzad/o83nwfynIpzwNrpECDObLDKWC8J6OdkGgbTRiPAjSHoLO5flOg87yDrOGcrRVqjWQduwkzjB0xuI6xdXAaBPCqC0lNE5LYaJDpDqizQoOxkNurRAFEwISwsMsgUCfMl4qRJB1SX7rvsK5n/BpwQIW+FlyQjPk3LrkhMZxMj6CFyaU+FlyQouUrktOaBwn43vafNqF/1lyQvMmnJGc0DjOPQuQ0V5oko95UwYoUhHPyMZrKkygMwwlw1qIs0KFkBUoV0VYU8gmwJOifMJEVmAIn87c9J1elNMr5beS3e4tL+gWd1ZxHzle4MwXhnzHrFLwMJE4dqvU74jYUwcMp979lNeZD5lqFF/LbaBcqNye7sYKtyFt9AuJc4pLDrhpaTHx4x5Tps7yakuzVo3zY7k0FZjb2HIJ4IFLQrtpaZfk2vIwNjfULStTVKhjudGewueVVaf7yyABKkiDnWdEtLBnkvJgfYVZyoCVlajzkLRdeKYQ5Qo5reUh7aTjQZY8Ebznb3k1vHz5ns+EZxdrvEmd2YBw+QLZat512uke7CSxwXLJdL1QVIbjhNieE4KtWUpoO89sGS/lyzeGG0hDTBcC8bClMmkh8OVPh81FrvOelw5ipSRUDQYGLnH7llE0DC3PT80ldTigGi924J27DVwHHPfZ2Aqnqpd0lLu2KGfKAU7/6AhScrMHPma2FO65Ml281VaNqzj/vaWeTlPL4sv29ALy9p7+bKznnr5cCd4AOff0EvJcalxthLbHlZF6KEzn3LKc++6iTLq7LZWeD8CUSqBQYF4IVn2pAz4CPPKe49L/X8v+tud9sh43qQdem7Y5Dgv3XV+N6x42sZ5H8d33msUQ785n2ntOaeh5+90Smrr5T3dHZSGbqpAHPveD1DeUyLxETOe8dD058IKwB78pNHng332vib8IzatN/Hxlt0C+Jnz1XJ6u3RYBfX6I1ra6akCGllc69Le07JnyMlWuo6rOfTTVXjW8yWkONgjIhxDyptqDcNK7PU+4YM0NYcjDeOFIvdVvFW9T1vGdJEX0ihwOhuvUVbY2ZJd3CZ92/wHd1vsNDQplbmRzdHJlYW0NZW5kb2JqDTg5IDAgb2JqDTw8L0JpdHNQZXJDb21wb25lbnQgOCAvQ29sb3JTcGFjZSAvRGV2aWNlR3JheSAvRmlsdGVyIC9GbGF0ZURlY29kZSAvSGVpZ2h0IDQ0MyAvTGVuZ3RoIDM3ODAgL01hdHRlIFswIDAgMF0gL1N1YnR5cGUgL0ltYWdlIC9UeXBlIC9YT2JqZWN0IC9XaWR0aCA5ODk+Pg0Kc3RyZWFtDQp4nO3ca3vTRteAUc6EYzgU2gINlEKhQAvP//9x72uNZqQZWXHsxIntzVqfKXW4rpu9ZyR87RoAAAAAAAAAAAAAAAAAAAAAAADAz+k6sHWahuh0DZEJGwLbi7RvABvZed5KhitzlXmrGq7eFeQtbNiVS837rLBvAltzVuBXkvau/xAgssvPez7tFR/pFrCR9Qrfdt1zaWsZLtcpgW817+W0ZQ1XZKbv7dW91PZ817eBrZkvfMt1n5K2quHyLfU9zXuLbbdl15/iDrA1c4XXeW+h7rm2J2Evf667wDmsaLzKe0t1z63kVdp6hssyLXxa942L1X3a2K7Lrj/OEXBhM4nP5n2Ruk9peyz79KjvARs5PfKx763Vvdx2k/ak613/0UAkk8KX8r5Y3ae2PZQ9rfo+sAXTxoe+t1X3iraHspeqfgBcyFLjQ98r6r542+PYHspejvohcE7LkQ99N8P7QnU3S3nTdp/2EPZc0o+Ajc1lPgQ+5D2pe/PFfFXbVdpV1u3HfAxsZDb00veQ9xbqPqvtuuy5no+BjcyV3va9uu6ttJ2mdi67yrr5oE+AjcyUXgLv+07D++J1V3HXbd/t205p57LHrKuP+RTY2FLpJfC+7354p4N3W/dGcZ/ddp92Dnta9DPgHKad58BL3lupu13K27aHtPuyx6zLB3wOnFObeQ489V3yntZdLeabD+7+3ZVylda33aXdlz1k3X+2X4ALqSrPgae+u7xz3Ud93bfGutcf3TNLeT+380o+pJ3DHqt+UXsJrKUJZ2w8Bz7mnVfzu0Pd7WJ+rqW8vydPbZex3aXdhz1UPXzUX4GNta3nwlPfXd55eOe674x1b7KYT5fy22Upz22Paaeyh6z7D/gbcG5V5n3hqe8h777uspjfni7mZ7X9f8DO/P77EHkfeNd3znuu7o1G965/OPiZvXr16vdOLrzre8g71b04d9+7V12qbTK6d/3Dwc/sdedVn3jqe8i7rXs4djd3auKGvfXHm4UceOo7513q7u7Mq8V8MrrFDXvr5I/OEPiQ92J457q7Y3e9mK8f9/Vd/3DwM3v79mRhCDznXeoeF/PzjG5xww69e/fubQm85J2Gd7+ZT0b37Y1Gt7hhh/7888++77dpfpfhnWZ3ivu4uVOrrtTEDXvt/fv3Q9/99F7k3dRdje5mLz8z7uvihh3666/3Vd8p71J3PbqbC/M193Jxwy59+PBX6bvLe6j7t7HuYXRXV2rihn338cOH0neX92J4l7qruIfRvdFeLm7Ypb8/fvxY8u6W81z3q7bu2bhviBv22N8Lqe+c91D3JO7pfbm4Yc99+vRpzHuo+81Q97iXixsOyudPJe9+eHd1n5zMjO56L18r7uvihl36vJDy7of3YnZ3d+ZlMW/38vyS2po3auKGnfrnn3/GvHPdaTHPo1vccKC+tHWXxbw7ddeH7vpJt7jhEHz5MuQ91J0W8zS6m0P30o2auGGPff2S8i51l8X8ZPnQ3d2oiRsOxtevX8vw7useR3c6dK+6Lhc37LFvX1Pepe5uMS+n7tevZm7UxA0H4tu3b0Pd1ejOe/nkRq1+AfXMB93ihp36d6y7Gt3v3p2cjDdq7XW5uOEg/NvWnUZ3uVIbbtSOj6sXUPNXLYkb9tu/Td3d6P7w4a9p3M2zMHHDQfiv1F1Gd97Lhxu1s56FiRv2039t3cNeLm44cP/lurvFvOzl+b48X5ef8aBb3LCfvqe6y+hu93JxwwH7Po7uei+v4v5l9Vss4ob99L2ue9jLh7jTg25xwwH6/r0s5v1eXsf9RtxwuL5Xo7scursn3f2zsPoVNXHDQfmR6q738hz3O3HDQfvR7OX1jVof968l7kcPxQ2HpIv7e3PoHq7LxQ2H7MePadyfluN++kTccGh+dHWXvVzcEMeKuE/Sy+XihsO0FPdncUMIP9pDt7ghCnFDUOKGoMQNQV1a3NfFDTv1v+q6fHy5vIr75cw3JK7z3cbiht0SNwQlbghK3BCUuCEocUNQ4oagxA1BiRuCEjcEJW4IStwQlLghKHFDUOKGoMQNQYkbghI3BCVuCErcEJS4IShxQ1DihqDEDUGJG4ISNwQlbghK3BCUuCEocUNQ4oagxA1BiRuCEjcEJW4IStwQlLghKHFDUOKGoMQNQYkbghI3BCVuCErcEJS4IShxQ1DihqDEDUGJG4ISNwQlbghK3BCUuCEocUNQ4oagxA1BiRuCEjcEJW4IStwQlLghKHFDUOKGoMQNQYkbghI3BCVuCErcEJS4IShxQ1DihqDEDUGJG4ISNwQlbghK3BCUuCEocUNQ4oagxA1BiRuCEjcEJW4IStwQlLghKHFDUOKGoMQNQYkbghI3BCVuCErcEJS4IShxQ1DihqDEDUGJG4ISNwQlbghK3BCUuCEocUNQ4oagxA1BiRuCEjcEJW4IStwQlLghKHFDUOKGoMQNQYkbghI3BCVuCErcEJS4IShxQ1DihqDEDUGJG4ISNwQlbghK3BCUuCEocUNQ4oagxA1BiRuCEjcEJW4IStwQlLghKHFDUOKGoMQNQYkbghI3BCVuCErcEJS4IShxQ1DihqDEDUGJG4ISNwQlbghK3BCUuCEocUNQ4oagxA1BiRuCEjcEJW4IStwQlLghKHFDUOKGoMQNQYkbghI3BCVuCErcEJS4IShxQ1DihqDEDUGJG4ISNwQlbghK3BCUuCEocUNQ4oagxA1BiRuCEjcEJW4IStwQlLghKHFDUOKGoMQNQYkbghI3BCVuCErcEJS4IShxQ1DihqDEDUGJG4ISNwQlbghK3BCUuCEocUNQ4oagxA1BiRuCEjcEJW4IStwQlLghKHFDUOKGoMQNQYkbghI3BCVuCErcEJS4IShxQ1DihqDEDUGJG4ISNwQlbghK3BCUuCEocUNQ4oagxA1BiRuCEjcEJW4IStwQlLghKHFDUOKGoMQNQYkbghI3BCVuCErcEJS4IShxQ1CXFvc1ccNOpba/p7ZT3J+ncb9IcT9+lOI+Orp7J8V9M8W9qm1xw26JG4ISNwQlbghK3BBUdVn+7esXcUMYS3F/EjeEsCLuP968/l3ccKjaI7e4IYyu7Tbuv5fj7l5QEzccln5wD5flVdwn4oZDVrbyKu6PHxZxv8txvyxxP3wgbjgkZXA3T8K6uN+KGw5as5W3T8L+ePOqj/upuOHwVIO738qruF+LGw5X3XZzn9bH/esi7mfihgNUlvK8lXdH7knc43c1iBsOyDi4q618ePtU3HCwctuTrfz9n+myfPItS/fTtyyJGw5C23azlYsbDllpOw/u/JR7eBKWXy1vvx/x9jrfjyhu2K2m7XErb+M+Pn4kbjgwbdvDVv7uJN2nVS+obfrNxuKG3RrbTkv5eFf+x5v2MXfz70bEDXuvSzu3PQ7u6j5tfBI2/w6LuGFPpbSHtsvgHo7ck8tyccPB6NJO5+3c9nid9np6WT77JEzcsKfK2O7brgf3cJ/WPgkTNxyGIe2x7X5wp69hae/Tcty3xA0HoG07L+XDVr50nzY8CRM37LnPY9ql7W5wLx+5N477mrhhl7qyF2n3Y7ss5ePgXnVZvvoxt7hht0raqe33qe3+xP2qPnLP3qeJG/bZ32PaY9szg1vccGD6skvaY9urtnJxwwHoyu7T7sZ2aXsyuOfjPuM+TdywU6XslHa6S8ttN4O7PXJX/2xE3LCvStkp7bHtanBXW/nykXtV3NfEDTtUld2nPbS9NLg33MrFDTs1lJ3STmO7bXv2rlzcsPfKzO6ndt/24rydlvLp4B6+Ymm9rVzcsEsl7DHtdJe2aDsv5fWrp0sPwlbHfW3XPxz8zFLXfdhD2kPb08G90XWauGGnuq5z2IuyS9r9Tt4+4958cIsbduh1Drsvu6Q9tN3cptXXaeKGPddnncJelD2mPWl7fnCLG/ZXn3XX9SLsRdlj2n3bzVI+nrjXi/ta/6u6X7/47xZ/Myx+izt37t49Orp3//6Dhw8fPX58fPzkydOnz549f/78l18W//sXLzu/Jr8B59ZXlIJ6kcsuac+2vdHgruMe6r6T6r6X667y7vvuC+8THzMHNjEE9KLvOpc9pp3brg7cGw7uyegudd8tdT/Idae8u767wFPhufHiJbCWJpy+ped92IuyU9p92w9K29WBe5PBXeKuFvNbZTE/6use8+76ToGnwkvjwHn1JT3LYS/KHtLu2z6qLtPapXyduOcW8zy7S90p79x3CjwnPlQObK5U1Df1pJSd0i5t3106cK8/uKeje1L3mHfuOwVeEq8zBzYxNtQ3dVzKHtJeanvTwb1O3Tnvru8UeEl80jmwriqhvqnHfdl92ltqu467qbt/IpbzLn2nwEvix0ulA2toAuqbejSWndLOz8AmbW8Y9+q60/Ae+u4DL4k/nikdOFMTUI7q4VB2P7a30XaJ+/S6277HxOdKB87UFpSzGss+q+31415Zd5136ntMfC50YB1NRDms+03aW2m7XczbunPeqe8+8CHxpcyBDVQh5bTu5bJz2tO2N17KT617HN4p777vofA2cuAcxppyXkc57XFsX7TtdjGf1J3y7vsugTeNA+c3NnU0lF2N7eW2N4379LpT3n3fOfCmceCihrDuDmV3aW+p7bm627xz31XhUodzWq6o9HVnKe0Lt31q3Snv3PcQ+HzkwKbqpu6MZae0t9X2tO5p3qXvSeLAxY113Z5N+4Jtj3UvDe+cd1O40uEillsaMrt12tg+d9vzdee8q8BnGwfOq26r9HZzu20v1Z3zHvpuCwe2aezs5s25lfxCbVd1T/Ku+tY4bFdb181T0r5g2zN1D3kvFQ5sVxXbja23Xdc95F33LXG4BG1jN5bT3kLbp+Q9DVztcAErcqqi23babd113qsLBy6ore36JbS9Mm+Rw7bNNXZJaU/zng8cuBxtfVtOezlvgcNVmHZ3CWnP5a1xuDSzuV1S2qfmrXe4oPXKusS0188b2LZLTlvgsAtXErbC4Updbdcqh8u2y6YBAAAAAAAAAAAAAAAAAAAAAAAArsz/A0rqhDENCmVuZHN0cmVhbQ1lbmRvYmoNODggMCBvYmoNPDwvQml0c1BlckNvbXBvbmVudCA4IC9Db2xvclNwYWNlIC9EZXZpY2VSR0IgL0ZpbHRlciAvRENURGVjb2RlIC9IZWlnaHQgNDQzIC9MZW5ndGggMTM0MDAgL1NNYXNrIDg5IDAgUiAvU3VidHlwZSAvSW1hZ2UgL1R5cGUgL1hPYmplY3QgL1dpZHRoIDk4OT4+DQpzdHJlYW0NCv/Y/+AAEEpGSUYAAQEAAAEAAQAA/9sAQwAIBgYHBgUIBwcHCQkICgwUDQwLCwwZEhMPFB0aHx4dGhwcICQuJyAiLCMcHCg3KSwwMTQ0NB8nOT04MjwuMzQy/9sAQwEJCQkMCwwYDQ0YMiEcITIyMjIyMjIyMjIyMjIyMjIyMjIyMjIyMjIyMjIyMjIyMjIyMjIyMjIyMjIyMjIyMjIy/8AAEQgBuwPdAwEiAAIRAQMRAf/EAB8AAAEFAQEBAQEBAAAAAAAAAAABAgMEBQYHCAkKC//EALUQAAIBAwMCBAMFBQQEAAABfQECAwAEEQUSITFBBhNRYQcicRQygZGhCCNCscEVUtHwJDNicoIJChYXGBkaJSYnKCkqNDU2Nzg5OkNERUZHSElKU1RVVldYWVpjZGVmZ2hpanN0dXZ3eHl6g4SFhoeIiYqSk5SVlpeYmZqio6Slpqeoqaqys7S1tre4ubrCw8TFxsfIycrS09TV1tfY2drh4uPk5ebn6Onq8fLz9PX29/j5+v/EAB8BAAMBAQEBAQEBAQEAAAAAAAABAgMEBQYHCAkKC//EALURAAIBAgQEAwQHBQQEAAECdwABAgMRBAUhMQYSQVEHYXETIjKBCBRCkaGxwQkjM1LwFWJy0QoWJDThJfEXGBkaJicoKSo1Njc4OTpDREVGR0hJSlNUVVZXWFlaY2RlZmdoaWpzdHV2d3h5eoKDhIWGh4iJipKTlJWWl5iZmqKjpKWmp6ipqrKztLW2t7i5usLDxMXGx8jJytLT1NXW19jZ2uLj5OXm5+jp6vLz9PX29/j5+v/aAAwDAQACEQMRAD8A+f6KKKACiiigAooooAKKKKACiiigAooooAKKKKACiiigAooooAKKKKACiiigAooooAKKKKACiiigAooooAKKKKACiiigAooooAKKKKACiiigAooooAKKKKACiiigAooooAKKKKACiiigAooooAKKKKACiiigAooooAKKKKACiiigAooooAKKKKACiiigAooooAKKKKACiiigAooooAKKKKACiiigAooooAKKKKACiiigAooooAKKKKACiiigAooooAKKKKACiiigAooooAKKKKACiiigAooooAKKKKACiiigAooooAKKKKACiiigAooooAKKKKACiiigAooooAKKKKACiiigAoooxQAUUuKKAEopaKAEopaKAEopaKAEopaKAEopaKAEopaKAEopaKAEopaKAEopaKAEopaKAEopaKAEopaKAEopaKAEopaKAEopaKAEopaKAEopaKAEopaKAEopaKAEopaKAEopaKAEopaKAEopaKAEopaKAEopaKAEopaKAEopaKAEopaKAEopaKAEopaKAEopaKAEopaKAEopaKAEopaKAEopaKAEopaKAEopaKAEopaKAEopaKAEopaKAEopaKAEopaKAEopaKAEopaKAEopaKAEopaKAEopaKAEopaKAEopaKAEopaKAEopaKAEopaKAEopaKAEopaMUAJRRiigAooooAKKKKACiiigAooooAKKKWgApcUAU4CgBuKXFPxS7aAI8UuKfto20AMxRipNtG2gCPFGKk20baAI8UYqTbRtoAjxRipNtG2gCPFGKk20baAI8UYqTbRtoAjxRipNtG2gCPFGKk20baAI8UYqTbRtoAjxRipNtG2gCPFGKk20baAI8UYqTbRtoAjxRipNtG2gCPFGKk20baAI8UYqTbRtoAjxRipNtG2gCPFGKk20baAI8UYqTbRtoAjxRipNtG2gCPFGKk20baAI8UYqTbRtoAjxRipNtG2gCPFGKk20baAI8UYqTbRtoAjxRipNtG2gCPFGKk20baAI8UYqTbRtoAjxRipNtG2gCPFGKk20baAI8UYqTbRtoAjxRipNtG2gCPFGKk20baAI8UYqTbRtoAjxRipNtG2gCPFGKk20baAI8UYqTbRtoAjxRipNtG2gCPFGKk20baAI8UYqTbRtoAjxRipNtG2gCPFGKk20baAI8UYqTbRtoAjxRipNtG2gCPFGKk20baAI8UYqTbRtoAjxRipNtG2gCPFGKk20baAI8UYqTbRtoAjxRipNtG2gCPFGKk20baAI8UYqTbRtoAjxSYqTbRtoAjxSYqXbSYoAjxSU8imkUANopaSgAooooAKKKKACtyDwX4qureK4t/DWszQSoHjkjsJWV1IyCCFwQRzmsOvt/wACf8k88Nf9gq1/9FLQB8g/8IJ4v/6FTXP/AAXS/wDxNKPAni//AKFXXP8AwXS//E19u0UAfEg8CeL/APoVdc/8F8v/AMTTh4F8Xf8AQra3/wCC+X/4mvtmigD4oHgXxb/0K2t/+C+X/wCJp3/CC+Lf+hW1v/wXy/8AxNfatFAHxV/wgvi3/oVtb/8ABfL/APE0v/CC+Lf+hX1v/wAF8v8A8TX2pRQB8V/8IL4t/wChX1v/AMF8v/xNH/CC+Lf+hX1v/wAF8v8A8TX2pRQB8V/8IL4t/wChX1v/AMF8v/xNH/CC+Lf+hX1v/wAF8v8A8TX2pRQB8V/8IL4t/wChX1v/AMF8v/xNH/CC+Lf+hX1v/wAF8v8A8TX2pRQB8V/8IL4t/wChX1v/AMF8v/xNH/CC+Lf+hX1v/wAF8v8A8TX2pRQB8V/8IL4t/wChX1v/AMF8v/xNH/CC+Lf+hX1v/wAF8v8A8TX2pRQB8V/8IL4t/wChX1v/AMF8v/xNH/CC+Lf+hX1v/wAF8v8A8TX2pRQB8V/8IL4t/wChX1v/AMF8v/xNH/CC+Lf+hX1v/wAF8v8A8TX2pRQB8V/8IL4t/wChX1v/AMF8v/xNH/CC+Lf+hX1v/wAF8v8A8TX2pRQB8V/8IL4t/wChX1v/AMF8v/xNH/CC+Lf+hX1v/wAF8v8A8TX2pRQB8V/8IL4t/wChX1v/AMF8v/xNH/CC+Lf+hX1v/wAF8v8A8TX2pRQB8V/8IL4t/wChX1v/AMF8v/xNH/CC+Lf+hX1v/wAF8v8A8TX2pRQB8V/8IL4t/wChX1v/AMF8v/xNH/CC+Lf+hX1v/wAF8v8A8TX2pRQB8V/8IL4t/wChX1v/AMF8v/xNH/CC+Lf+hX1v/wAF8v8A8TX2pRQB8V/8IL4t/wChX1v/AMF8v/xNH/CC+Lf+hX1v/wAF8v8A8TX2pRQB8V/8IL4t/wChX1v/AMF8v/xNH/CC+Lf+hX1v/wAF8v8A8TX2pRQB8V/8IL4t/wChX1v/AMF8v/xNH/CC+Lf+hX1v/wAF8v8A8TX2pRQB8V/8IL4t/wChX1v/AMF8v/xNH/CC+Lf+hX1v/wAF8v8A8TX2pRQB8V/8IL4t/wChX1v/AMF8v/xNH/CC+Lf+hX1v/wAF8v8A8TX2pRQB8V/8IL4t/wChX1v/AMF8v/xNH/CC+Lf+hX1v/wAF8v8A8TX2pRQB8V/8IL4t/wChX1v/AMF8v/xNH/CC+Lf+hX1v/wAF8v8A8TX2pRQB8V/8IL4t/wChX1v/AMF8v/xNH/CC+Lf+hX1v/wAF8v8A8TX2pRQB8V/8IL4t/wChX1v/AMF8v/xNH/CC+Lf+hX1v/wAF8v8A8TX2pRQB8V/8IL4t/wChX1v/AMF8v/xNH/CC+Lf+hX1v/wAF8v8A8TX2pRQB8V/8IL4t/wChX1v/AMF8v/xNH/CC+Lf+hX1v/wAF8v8A8TX2pRQB8V/8IL4t/wChX1v/AMF8v/xNH/CC+Lf+hX1v/wAF8v8A8TX2pRQB8V/8IL4t/wChX1v/AMF8v/xNH/CC+Lf+hX1v/wAF8v8A8TX2pRQB8V/8IL4t/wChX1v/AMF8v/xNH/CC+Lf+hX1v/wAF8v8A8TX2pRQB8V/8IL4t/wChX1v/AMF8v/xNH/CC+Lf+hX1v/wAF8v8A8TX2pRQB8V/8IL4t/wChX1v/AMF8v/xNH/CC+Lf+hX1v/wAF8v8A8TX2pRQB8V/8IL4t/wChX1v/AMF8v/xNH/CC+Lf+hX1v/wAF8v8A8TX2pRQB8V/8IL4t/wChX1v/AMF8v/xNH/CC+Lf+hX1v/wAF8v8A8TX2pRQB8V/8IL4t/wChX1v/AMF8v/xNH/CC+Lf+hX1v/wAF8v8A8TX2pRQB8V/8IL4t/wChX1v/AMF8v/xNH/CC+Lf+hX1v/wAF8v8A8TX2pRQB8V/8IL4t/wChX1v/AMF8v/xNH/CC+Lf+hX1v/wAF8v8A8TX2pRQB8V/8IL4t/wChX1v/AMF8v/xNH/CC+Lf+hX1v/wAF8v8A8TX2pRQB8V/8IL4t/wChX1v/AMF8v/xNH/CC+Lf+hX1v/wAF8v8A8TX2pRQB8V/8IL4t/wChX1v/AMF8v/xNH/CC+Lf+hX1v/wAF8v8A8TX2pRQB8V/8IL4t/wChX1v/AMF8v/xNH/CC+Lf+hX1v/wAF8v8A8TX2pRQB8V/8IL4t/wChX1v/AMF8v/xNH/CC+Lf+hX1v/wAF8v8A8TX2pRQB8V/8IL4t/wChX1v/AMF8v/xNH/CC+Lf+hX1v/wAF8v8A8TX2pRQB8V/8IL4t/wChX1v/AMF8v/xNH/CC+Lf+hX1v/wAF8v8A8TX2pRQB8V/8IL4t/wChX1v/AMF8v/xNH/CC+Lf+hX1v/wAF8v8A8TX2pRQB8V/8IL4t/wChX1v/AMF8v/xNH/CC+Lf+hX1v/wAF8v8A8TX2pRQB8V/8IL4t/wChX1v/AMF8v/xNH/CC+Lf+hX1v/wAF8v8A8TX2pRQB8V/8IL4t/wChX1v/AMF8v/xNH/CC+Lf+hX1v/wAF8v8A8TX2pRQB8V/8IL4t/wChX1v/AMF8v/xNH/CC+Lf+hX1v/wAF8v8A8TX2pRQB8V/8IL4t/wChX1v/AMF8v/xNH/CC+Lf+hX1v/wAF8v8A8TX2pRQB8V/8IL4t/wChX1v/AMF8v/xNH/CC+Lf+hX1v/wAF8v8A8TX2pRQB8V/8IL4t/wChX1v/AMF8v/xNH/CC+Lf+hX1v/wAF8v8A8TX2pRQB8V/8IL4t/wChX1v/AMF8v/xNH/CC+Lf+hX1v/wAF8v8A8TX2pRQB8V/8IL4t/wChX1v/AMF8v/xNH/CC+Lf+hX1v/wAF8v8A8TX2pRQB8V/8IL4t/wChX1v/AMF8v/xNYk9tNa3ElvcRPFNExSSORSrIwOCCDyCD2r7vr4w8br/xX3iP/sKXP/o1qAOa20hWpytNK0AQFaYRU5FRMKAIiKSnkU00ANooooAKKKKACvt/wJ/yTzw1/wBgq1/9FLXxBX2/4E/5J54a/wCwVa/+iloA6CiiigAooooAKKKKACiiigAooooAKKKKACiiigAooooAKKKKACiiigAooooAKKKKACiiigAooooAKKKKACiiigAooooAKKKKACiiigAooooAKKKKACiiigAooooAKKKKACiiigAooooAKKKKACiiigAooooAKKKKACiiigAooooAKKKKACiiigAooooAKKKKACiiigAooooAKKKKACiiigAooooAKKKKACiiigAooooAKKKKACiiigAooooAKKKKACiiigAooooAKKKKACiiigAooooAKKKKACiiigAr408bD/ivPEX/AGE7n/0a1fZdfG/jUf8AFd+If+wnc/8Ao1qAOeIphFTEUwigCBhUTCp2FQtQBCaYakNMNADTSUppKACiiigAr7f8Cf8AJPPDX/YKtf8A0UtfEFfb/gT/AJJ54a/7BVr/AOiloA6CiiigAooooAKKKKACiiigAooooAKKKKACiiigAooooAKKKKACiiigAooooAKKKKACiiigAooooAKKKKACiiigAooooAKKKKACiiigAooooAKKKKACiiigAooooAKKKKACiiigAooooAKKKKACiiigAooooAKKKKACiiigAooooAKKKKACiiigAooooAKKKKACiiigAooooAKKKKACiiigAooooAKKKKACiiigAooooAKKKKACiiigAooooAKKKKACiiigAooooAKKKKACiiigAooooAKKKKACiiigAr458a/8j34h/wCwnc/+jWr7Gr468a/8j34h/wCwnc/+jWoAwCKjNSmo2oAhaoWqdqgagCJqjNSNUZoAbSUtJQAUUUUAFfb/AIE/5J54a/7BVr/6KWviCvt/wJ/yTzw1/wBgq1/9FLQB0FFFFABRRRQAUUUUAFFFFABRRRQAUUUUAFFFFABRRRQAUUUUAFFFFABRRRQAUUUUAFFFFABRRRQAUUUUAFFFFABRRRQAUUUUAFFFFABRRRQAUUUUAFFFFABRRRQAUUUUAFFFFABRRRQAUUUUAFFFFABRRRQAUUUUAFFFFABRRRQAUUUUAFFFFABRRRQAUUUUAFFFFABRRRQAUUUUAFFFFABRRRQAUUUUAFFFFABRRRQAUUUUAFFFFABRRRQAUUUUAFFFFABRRRQAUUUUAFFFFABRRRQAUUUUAFFFFABXx141/wCR68Q/9hO5/wDRrV9i18deNf8AkevEP/YTuf8A0a1AGCajapDUbUARNUDVO1QNQBE1RmpGqM0ANpKWkoAKKKKACvt/wJ/yTzw1/wBgq1/9FLXxBX2/4E/5J54a/wCwVa/+iloA6CiiigAooooAKKKKACiiigAooooAKKKKACiiigAooooAKKKKACiiigAooooAKKKKACiiigAooooAKKKKACiiigAooooAKKKKACiiigAooooAKKKKACiiigAooooAKKKKACiiigAooooAKKKKACiiigAooooAKKKKACiiigAooooAKKKKACiiigAooooAKKKKACiiigAooooAKKKKACiiigAooooAKKKKACiiigAooooAKKKKACiiigAooooAKKKKACiiigAooooAKKKKACiiigAooooAKKKKACiiigAr468a/wDI9eIf+wnc/wDo1q+xa+OvGv8AyPXiH/sJ3P8A6NagDBNRtUhqNqAImqBqnaoGoAiaozUjVGaAG0lLSUAFFFFABX2/4E/5J54a/wCwVa/+ilr4gr7f8Cf8k88Nf9gq1/8ARS0AdBRRRQAUUUUAFFFFABRRRQAUUUUAFFFFABRRRQAUUUUAFFFFABRRRQAUUUUAFFFFABRRRQAUUUUAFFFFABRRRQAUUUUAFFFFABRRRQAUUUUAFFFFABRRRQAUUUUAFFFFABRRRQAUUUUAFFFFABRRRQAUUUUAFFFFABRRRQAUUUUAFFFFABRRRQAUUUUAFFFFABRRRQAUUUUAFFFFABRRRQAUUUUAFFFFABRRRQAUUUUAFFFFABRRRQAUUUUAFFFFABRRRQAUUUUAFFFFABRRRQAUUUUAFFFFABRRRQAV8deNf+R68Q/9hO5/9GtX2LXx141/5HrxD/2E7n/0a1AGCajapDUbUARNUDVO1QNQBE1RmpGqM0ANpKWkoAKKKKACvt/wJ/yTzw1/2CrX/wBFLXxBX2/4E/5J54a/7BVr/wCiloA6CiiigAooooAKKKKACiiigAooooAKKKKACiiigAooooAKKKKACiiigAooooAKKKKACiiigAooooAKKKKACiiigAooooAKKKKACiiigAooooAKKKKACiiigAooooAKKKKACiiigAooooAKKKKACiiigAooooAKKKKACiiigAooooAKKKKACiiigAooooAKKKKACiiigAooooAKKKKACiiigAooooAKKKKACiiigAooooAKKKKACiiigAooooAKKKKACiiigAooooAKKKKACiiigAooooAKKKKACiiigAr468a/8j14h/7Cdz/6NavsWvjrxr/yPXiH/sJ3P/o1qAME1G1SGo2oAiaoGqdqgagCJqjNSNUZoAbSUtJQAUUUUAFfb/gT/knnhr/sFWv/AKKWviCvt/wJ/wAk88Nf9gq1/wDRS0AdBRRRQAUUUUAFFFFABRRRQAUUUUAFFFFABRRRQAUUUUAFFFFABRRRQAUUUUAFFFFABRRRQAUUUUAFFFFABRRRQAUUUUAFFFFABRRRQAUUUUAFFFFABRRRQAUUUUAFFFFABRRRQAUUUUAFFFFABRRRQAUUUUAFFFFABRRRQAUUUUAFFFFABRRRQAUUUUAFFFFABRRRQAUUUUAFFFFABRRRQAUUUUAFFFFABRRRQAUUUUAFFFFABRRRQAUUUUAFFFFABRRRQAUUUUAFFFFABRRRQAUUUUAFFFFABRRRQAV8deNf+R68Q/8AYTuf/RrV9i18deNf+R68Q/8AYTuf/RrUAYJqNqkNRtQBE1QNU7VA1AETVGakaozQA2kpaSgAooooAK+3/An/ACTzw1/2CrX/ANFLXxBX2/4E/wCSeeGv+wVa/wDopaAOgooooAKKKKACiiigAooooAKKKKACiiigAooooAKKKKACiiigAooooAKKKKACiiigAooooAKKKKACiiigAooooAKKKKACiiigAooooAKKKKACiiigAooooAKKKKACiiigAooooAKKKKACiiigAooooAKKKKACiiigAooooAKKKKACiiigAooooAKKKKACiiigAooooAKKKKACiiigAooooAKKKKACiiigAooooAKKKKACiiigAooooAKKKKACiiigAooooAKKKKACiiigAooooAKKKKACiiigAooooAK+OvGv/I9eIf8AsJ3P/o1q+xa+OvGv/I9eIf8AsJ3P/o1qAME1G1SGo2oAiaoGqdqgagCJqjNSNUZoAbSUtJQAUUUUAFfb/gT/AJJ54a/7BVr/AOilr4gr7f8AAn/JPPDX/YKtf/RS0AdBRRRQAUUUUAFFFFABRRRQAUUUUAFFFFABRRRQAUUUUAFFFFABRRRQAUUUUAFFFFABRRRQAUUUUAFFFFABRRRQAUUUUAFFFFABRRRQAUUUUAFFFFABRRRQAUUUUAFFFFABRRRQAUUUUAFFFFABRRRQAUUUUAFFFFABRRRQAUUUUAFFFFABRRRQAUUUUAFFFFABRRRQAUUUUAFFFFABRRRQAUUUUAFFFFABRRRQAUUUUAFFFFABRRRQAUUUUAFFFFABRRRQAUUUUAFFFFABRRRQAUUUUAFFFFABRRRQAV8deNf+R68Q/wDYTuf/AEa1fYtfHXjX/kevEP8A2E7n/wBGtQBgmo2qQ1G1AETVA1TtUDUARNUZqRqjNADaSlpKACiiigAr7f8AAn/JPPDX/YKtf/RS18QV9v8AgT/knnhr/sFWv/opaAOgooooAKKKKACiiigAooooAKKKKACiiigAooooAKKKKACiiigAooooAKKKKACiiigAooooAKKKKACiiigAooooAKKKKACiiigAooooAKKKKACiiigAooooAKKKKACiiigAooooAKKKKACiiigAooooAKKKKACiiigAooooAKKKKACiiigAooooAKKKKACiiigAooooAKKKKACiiigAooooAKKKKACiiigAooooAKKKKACiiigAooooAKKKKACiiigAooooAKKKKACiiigAooooAKKKKACiiigAooooAK+OvGv/ACPXiH/sJ3P/AKNavsWvjrxr/wAj14h/7Cdz/wCjWoAwTUbVIajagCJqgap2qBqAImqM1I1RmgBtJS0lABRRRQAV9v8AgT/knnhr/sFWv/opa+IK+3/An/JPPDX/AGCrX/0UtAHQUUUUAFFFFABRRRQAUUUUAFFFFABRRRQAUUUUAFFFFABRRRQAUUUUAFFFFABRRRQAUUUUAFFFFABRRRQAUUUUAFFFFABRRRQAUUUUAFFFFABRRRQAUUUUAFFFFABRRRQAUUUUAFFFFABRRRQAUUUUAFFFFABRRRQAUUUUAFFFFABRRRQAUUUUAFFFFABRRRQAUUUUAFFFFABRRRQAUUUUAFFFFABRRRQAUUUUAFFFFABRRRQAUUUUAFFFFABRRRQAUUUUAFFFFABRRRQAUUUUAFFFFABRRRQAUUUUAFfHXjX/AJHrxD/2E7n/ANGtX2LXx141/wCR68Q/9hO5/wDRrUAYJqNqkNRtQBE1QNU7VA1AETVGakaozQA2kpaSgAooooAK+3/An/JPPDX/AGCrX/0UtfEFfb/gT/knnhr/ALBVr/6KWgDoKKKKACiiigAooooAKKKKACiiigAooooAKKKKACiiigAooooAKKKKACiiigAooooAKKKKACiiigAooooAKKKKACiiigAooooAKKKKACiiigAooooAKKKKACiiigAooooAKKKKACiiigAooooAKKKKACiiigAooooAKKKKACiiigAooooAKKKKACiiigAooooAKKKKACiiigAooooAKKKKACiiigAooooAKKKKACiiigAooooAKKKKACiiigAooooAKKKKACiiigAooooAKKKKACiiigAooooAKKKKACvjrxr/AMj14h/7Cdz/AOjWr7Fr468a/wDI9eIf+wnc/wDo1qAME1G1SGo2oAiaoGqdqgagCJqjNSNUZoAbSUtJQAUUUUAFfb/gT/knnhr/ALBVr/6KWviCvt/wJ/yTzw1/2CrX/wBFLQB0FFFFABRRRQAUUUUAFFFFABRRRQAUUUUAFFFFABRRRQAUUUUAFFFFABRRRQAUUUUAFFFFABRRRQAUUUUAFFFFABRRRQAUUUUAFFFFABRRRQAUUUUAFFFFABRRRQAUUUUAFFFFABRRRQAUUUUAFFFFABRRRQAUUUUAFFFFABRRRQAUUUUAFFFFABRRRQAUUUUAFFFFABRRRQAUUUUAFFFFABRRRQAUUUUAFFFFABRRRQAUUUUAFFFFABRRRQAUUUUAFFFFABRRRQAUUUUAFFFFABRRRQAUUUUAFFFFABXx141/5HrxD/2E7n/0a1fYtfHXjX/kevEP/YTuf/RrUAYJqNqkNRtQBE1QNU7VA1AETVGakaozQA2kpaSgAooooAK+3/An/JPPDX/YKtf/AEUtfEFfb/gT/knnhr/sFWv/AKKWgDoKKKKACiiigAooooAKKKKACiiigAooooAKKKKACiiigAooooAKKKKACiiigAooooAKKKKACiiigAooooAKKKKACiiigAooooAKKKKACiiigAooooAKKKKACiiigAooooAKKKKACiiigAooooAKKKKACiiigAooooAKKKKACiiigAooooAKKKKACiiigAooooAKKKKACiiigAooooAKKKKACiiigAooooAKKKKACiiigAooooAKKKKACiiigAooooAKKKKACiiigAooooAKKKKACiiigAooooAKKKKACvjrxr/yPXiH/sJ3P/o1q+xa+OvGv/I9eIf+wnc/+jWoAwTUbVIajagCJqgap2qBqAImqM1I1RmgBtJS0lABRRRQAV9v+BP+SeeGv+wVa/8Aopa+IK+3/An/ACTzw1/2CrX/ANFLQB0FFFFABRRRQAUUUUAFFFFABRRRQAUUUUAFFFFABRRRQAUUUUAFFFFABRRRQAUUUUAFFFFABRRRQAUUUUAFFFFABRRRQAUUUUAFFFFABRRRQAUUUUAFFFFABRRRQAUUUUAFFFFABRRRQAUUUUAFFFFABRRRQAUUUUAFFFFABRRRQAUUUUAFFFFABRRRQAUUUUAFFFFABRRRQAUUUUAFFFFABRRRQAUUUUAFFFFABRRRQAUUUUAFFFFABRRRQAUUUUAFFFFABRRRQAUUUUAFFFFABRRRQAUUUUAFFFFABXx141/5HrxD/wBhO5/9GtX2LXx141/5HrxD/wBhO5/9GtQBgmo2qQ1G1AETVA1TtUDUARNUZqRqjNADaSlpKACiiigAr7f8Cf8AJPPDX/YKtf8A0UtfEFfb/gT/AJJ54a/7BVr/AOiloA6CiiigAooooAKKKKACiiigAooooAKKKKACiiigAooooAKKKKACiiigAooooAKKKKACiiigAooooAKKKKACiiigAooooAKKKKACiiigAooooAKKKKACiiigAooooAKKKKACiiigAooooAKKKKACiiigAooooAKKKKACiiigAooooAKKKKACiiigAooooAKKKKACiiigAooooAKKKKACiiigAooooAKKKKACiiigAooooAKKKKACiiigAooooAKKKKACiiigAooooAKKKKACiiigAooooAKKKKACiiigAr468a/8j14h/wCwnc/+jWr7Fr468a/8j14h/wCwnc/+jWoAwTUbVIajagCJqgap2qBqAImqM1I1RmgBtJS0lABRRRQAV9v+BP8Aknnhr/sFWv8A6KWviCvt/wACf8k88Nf9gq1/9FLQB0FFFFABRRRQAUUUUAFFFFABRRRQAUUUUAFFFFABRRRQAUUUUAFFFFABRRRQAUUUUAFFFFABRRRQAUUUUAFFFFABRRRQAUUUUAFFFFABRRRQAUUUUAFFFFABRRRQAUUUUAFFFFABRRRQAUUUUAFFFFABRRRQAUUUUAFFFFABRRRQAUUUUAFFFFABRRRQAUUUUAFFFFABRRRQAUUUUAFFFFABRRRQAUUUUAFFFFABRRRQAUUUUAFFFFABRRRQAUUUUAFFFFABRRRQAUUUUAFFFFABRRRQAUUUUAFFFFABXx141/5HrxD/ANhO5/8ARrV9i18deNf+R68Q/wDYTuf/AEa1AGCajapDUbUARNUDVO1QNQBE1RmpGqM0ANpKWkoAKKKKACvt/wACf8k88Nf9gq1/9FLXxBX2/wCBP+SeeGv+wVa/+iloA6CiiigAooooAKKKKACiiigAooooAKKKKACiiigAooooAKKKKACiiigAooooAKKKKACiiigAooooAKKKKACiiigAooooAKKKKACiiigAooooAKKKKACiiigAooooAKKKKACiiigAooooAKKKKACiiigAooooAKKKKACiiigAooooAKKKKACiiigAooooAKKKKACiiigAooooAKKKKACiiigAooooAKKKKACiiigAooooAKKKKACiiigAooooAKKKKACiiigAooooAKKKKACiiigAooooAKKKKACiiigAr468a/8AI9eIf+wnc/8Ao1q+xa+OvGv/ACPXiH/sJ3P/AKNagDBNRtUhqNqAImqBqneoGoAiaozUjVGaAG0lLSUAFFFFABX2/wCBP+SeeGv+wVa/+ilr4gr7f8Cf8k88Nf8AYKtf/RS0AdBRRRQAUUUUAFFFFABRRRQAUUUUAFFFFABRRRQAUUUUAFFFFABRRRQAUUUUAFFFFABRRRQAUUUUAFFFFABRRRQAUUUUAFFFFABRRRQAUUUUAFFFFABRRRQAUUUUAFFFFABRRRQAUUUUAFFFFABRRRQAUUUUAFFFFABRRRQAUUUUAFFFFABRRRQAUUUUAFFFFABRRRQAUUUUAFFFFABRRRQAUUUUAFFFFABRRRQAUUUUAFFFFABRRRQAUUUUAFFFFABRRRQAUUUUAFFFFABRRRQAUUUUAFFFFABRRRQAV8c+Nf8Ake/EP/YTuf8A0a1fY1fHHjU/8V34h/7Cdz/6NagDCJpjU4moyaAI2qFqlY1C1AEbVGae1MNADaSlpKACiiigAr7f8Cf8k88Nf9gq1/8ARS18QV9v+BP+SeeGv+wVa/8AopaAOgooooAKKKKACiiigAooooAKKKKACiiigAooooAKKKKACiiigAooooAKKKKACiiigAooooAKKKKACiiigAooooAKKKKACiiigAooooAKKKKACiiigAooooAKKKKACiiigAooooAKKKKACiiigAooooAKKKKACiiigAooooAKKKKACiiigAooooAKKKKACiiigAooooAKKKKACiiigAooooAKKKKACiiigAooooAKKKKACiiigAooooAKKKKACiiigAooooAKKKKACiiigAooooAKKKKACiiigAooooAK+NvGx/4rzxF/2E7n/wBGtX2TXxl43b/ivfEX/YTuf/RrUAYhNMJpC1NLUAIxqFjT2NRMaAGmozTiaaaAENJQaKACiiigAr3DQv2h/wCxPD2maT/wi3nfYbSK283+0Nu/YgXdjyzjOM4ya8PooA+gP+Gmv+pR/wDKl/8AaqX/AIaZ/wCpR/8AKl/9qr5+pQaAPoEftL/9Sl/5Uv8A7VTh+0r/ANSl/wCVH/7VXz8DTgaAPoD/AIaU/wCpT/8AKj/9qpf+Gk/+pT/8qP8A9qrwANS7qAPfv+Gkv+pT/wDKj/8AaqP+Gkh/0Kn/AJUf/tVeBbqN1AHvv/DSQ/6FT/yo/wD2qj/hpIf9Cp/5Uf8A7VXge6jdQB75/wANJD/oVP8Ayo//AGqj/hpIf9Cp/wCVH/7VXge6jdQB75/w0kP+hU/8qP8A9qo/4aSH/Qqf+VH/AO1V4Huo3UAe+f8ADSQ/6FT/AMqP/wBqo/4aSH/Qqf8AlR/+1V4Huo3UAe+f8NJD/oVP/Kj/APaqP+Gkh/0Kn/lR/wDtVeB7qN1AHvn/AA0kP+hU/wDKj/8AaqP+Gkh/0Kn/AJUf/tVeB7qN1AHvn/DSQ/6FT/yo/wD2qj/hpIf9Cp/5Uf8A7VXge6jdQB75/wANJD/oVP8Ayo//AGqj/hpIf9Cp/wCVH/7VXge6jdQB75/w0kP+hU/8qP8A9qo/4aSH/Qqf+VH/AO1V4Huo3UAe+f8ADSQ/6FT/AMqP/wBqo/4aSH/Qqf8AlR/+1V4Huo3UAe+f8NJD/oVP/Kj/APaqP+Gkh/0Kn/lR/wDtVeB7qN1AHvn/AA0kP+hU/wDKj/8AaqP+Gkh/0Kn/AJUf/tVeB7qN1AHvn/DSQ/6FT/yo/wD2qj/hpIf9Cp/5Uf8A7VXge6jdQB75/wANJD/oVP8Ayo//AGqj/hpIf9Cp/wCVH/7VXge6jdQB75/w0kP+hU/8qP8A9qo/4aSH/Qqf+VH/AO1V4Huo3UAe+f8ADSQ/6FT/AMqP/wBqo/4aSH/Qqf8AlR/+1V4Huo3UAe+f8NJD/oVP/Kj/APaqP+Gkh/0Kn/lR/wDtVeB7qN1AHvn/AA0kP+hU/wDKj/8AaqP+Gkh/0Kn/AJUf/tVeB7qN1AHvn/DSQ/6FT/yo/wD2qj/hpIf9Cp/5Uf8A7VXge6jdQB75/wANJD/oVP8Ayo//AGqj/hpIf9Cp/wCVH/7VXge6jdQB75/w0kP+hU/8qP8A9qo/4aSH/Qqf+VH/AO1V4Huo3UAe+f8ADSQ/6FT/AMqP/wBqo/4aSH/Qqf8AlR/+1V4Huo3UAe+f8NJD/oVP/Kj/APaqP+Gkh/0Kn/lR/wDtVeB7qN1AHvn/AA0kP+hU/wDKj/8AaqP+Gkh/0Kn/AJUf/tVeB7qN1AHvn/DSQ/6FT/yo/wD2qj/hpIf9Cp/5Uf8A7VXge6jdQB75/wANJD/oVP8Ayo//AGqj/hpIf9Cp/wCVH/7VXge6jdQB75/w0kP+hU/8qP8A9qo/4aSH/Qqf+VH/AO1V4Huo3UAe+f8ADSQ/6FT/AMqP/wBqo/4aSH/Qqf8AlR/+1V4Huo3UAe+f8NJD/oVP/Kj/APaqP+Gkh/0Kn/lR/wDtVeB7qN1AHvn/AA0kP+hU/wDKj/8AaqP+Gkh/0Kn/AJUf/tVeB7qN1AHvn/DSQ/6FT/yo/wD2qj/hpIf9Cp/5Uf8A7VXge6jdQB75/wANJD/oVP8Ayo//AGqj/hpIf9Cp/wCVH/7VXge6jdQB75/w0kP+hU/8qP8A9qo/4aSH/Qqf+VH/AO1V4Huo3UAe+f8ADSQ/6FT/AMqP/wBqo/4aSH/Qqf8AlR/+1V4Huo3UAe+f8NJD/oVP/Kj/APaqP+Gkh/0Kn/lR/wDtVeB7qN1AHvn/AA0kP+hU/wDKj/8AaqP+Gkh/0Kn/AJUf/tVeB7qN1AHvn/DSQ/6FT/yo/wD2qj/hpIf9Cp/5Uf8A7VXge6jdQB75/wANJD/oVP8Ayo//AGqj/hpIf9Cp/wCVH/7VXge6jdQB75/w0kP+hU/8qP8A9qo/4aSH/Qqf+VH/AO1V4Huo3UAe+f8ADSQ/6FT/AMqP/wBqo/4aSH/Qqf8AlR/+1V4Huo3UAe+f8NJD/oVP/Kj/APaqP+Gkh/0Kn/lR/wDtVeB7qN1AHvn/AA0kP+hU/wDKj/8AaqP+Gkh/0Kn/AJUf/tVeB7qN1AHvn/DSQ/6FT/yo/wD2qj/hpIf9Cp/5Uf8A7VXge6jdQB75/wANJD/oVP8Ayo//AGqj/hpIf9Cp/wCVH/7VXge6jdQB75/w0kP+hU/8qP8A9qo/4aSH/Qqf+VH/AO1V4Huo3UAe+f8ADSQ/6FT/AMqP/wBqo/4aSH/Qqf8AlR/+1V4Huo3UAe+f8NJD/oVP/Kj/APaqP+Gkh/0Kn/lR/wDtVeB7qN1AHvn/AA0kP+hU/wDKj/8AaqP+Gkh/0Kn/AJUf/tVeB7qN1AHvn/DSQ/6FT/yo/wD2qj/hpIf9Cp/5Uf8A7VXge6jdQB75/wANJD/oVP8Ayo//AGqj/hpIf9Cp/wCVH/7VXge6jdQB75/w0kP+hU/8qP8A9qo/4aSH/Qqf+VH/AO1V4Huo3UAe+f8ADSQ/6FT/AMqP/wBqrxfXNV/tnX9S1TyvJ+23Utx5W7ds3sWxnAzjOM4FZW6jdQBLuppao91IWoAcWphNITTSaAAmm0E0lABRRRQAUUUUAFFFFABS0lFAC07NMpaAH5ozTKXNAD80bqZmjNAD80ZpmaM0APzRmmZozQA/NGaZmjNAD80ZpmaM0APzRmmZozQA/NGaZmjNAD80ZpmaM0APzRmmZozQA/NGaZmjNAD80ZpmaM0APzRmmZozQA/NGaZmjNAD80ZpmaM0APzRmmZozQA/NGaZmjNAD80ZpmaM0APzRmmZozQA/NGaZmjNAD80ZpmaM0APzRmmZozQA/NGaZmjNAD80ZpmaM0APzRmmZozQA/NGaZmjNAD80ZpmaM0APzRmmZozQA/NGaZmjNAD80ZpmaM0APzRmmZozQA/NGaZmjNAD80ZpmaM0APzRmmZozQA/NGaZmjNAD80ZpmaM0APzRmmZozQA/NGaZmjNAD80ZpmaM0APzRmmZozQA/NGaZmjNAD80ZpmaM0APzRmmZozQA/NGaZmjNAD80ZpmaM0APzRmmZozQA/NGaZmjNAD80ZpmaM0APzRmmZozQA/NGaZmjNAD80ZpmaM0APzRmmZozQA/NGaZmjNAD91GaZmjNADs0ZpuaSgB2abRSUALSUUUAFFFFABRRRQAUUUUAFFFFABRRRQAUUUUAFFFFABmjNFFABmjNFFABmjNFFABmjNFFABmjNFFABmjNFFABmjNFFABmjNFFABmjNFFABmjNFFABmjNFFABmjNFFABmjNFFABmjNFFABmjNFFABmjNFFABmjNFFABmjNFFABmjNFFABmjNFFABmjNFFABmjNFFABmjNFFABmjNFFABmjNFFABmjNFFABmjNFFABmjNFFABmjNFFABmjNFFABmjNFFABmjNFFABmjNFFABmjNFFABmjNFFABmjNFFABmjNFFABmjNFFABmjNFFABmjNFFABmjNFFABmjNFFABmjNFFABmjNFFABmjNFFABmjNFFABmjNFFABmjNFFABmjNFFABmjNFFABmjNFFABRRRQAUUUUAFFFFABRRRQAUUUUAFFFFABRRRQAUUUUAFFFFABRRRQAUUUUAFFFFABRRRQAUUUUAFFFFABRRRQAUUUUAFFFFABRRRQAUUUUAFFFFABRRRQAUUUUAFFFFABRRRQAUUUUAFFFFABRRRQAUUUUAFFFFABRRRQAUUUUAFFFFABRRRQAUUUUAFFFFABRRRQAUUUUAFFFFABRRRQAUUUUAFFFFABRRRQAUUUUAFFFFABRRRQAUUUUAFFFFABRRRQAUUUUAFFFFABRRRQAUUUUAFFFFABRRRQAUUUUAFFFFABRRRQAUUUUAFFFFABRRRQAUUUUAFFFFABRRRQAUUUUAFFFFABRRRQB//ZDQplbmRzdHJlYW0NZW5kb2JqDTkwIDAgb2JqDTw8L0JpdHNQZXJDb21wb25lbnQgOCAvQ29sb3JTcGFjZSAvRGV2aWNlUkdCIC9GaWx0ZXIgL0RDVERlY29kZSAvSGVpZ2h0IDkxOCAvTGVuZ3RoIDQzMjQ2IC9TdWJ0eXBlIC9JbWFnZSAvVHlwZSAvWE9iamVjdCAvV2lkdGggNDUzPj4NCnN0cmVhbQ0K/9j/4AAQSkZJRgABAQAAAQABAAD/2wBDAAgGBgcGBQgHBwcJCQgKDBQNDAsLDBkSEw8UHRofHh0aHBwgJC4nICIsIxwcKDcpLDAxNDQ0Hyc5PTgyPC4zNDL/2wBDAQkJCQwLDBgNDRgyIRwhMjIyMjIyMjIyMjIyMjIyMjIyMjIyMjIyMjIyMjIyMjIyMjIyMjIyMjIyMjIyMjIyMjL/wAARCAOWAcUDASIAAhEBAxEB/8QAHwAAAQUBAQEBAQEAAAAAAAAAAAECAwQFBgcICQoL/8QAtRAAAgEDAwIEAwUFBAQAAAF9AQIDAAQRBRIhMUEGE1FhByJxFDKBkaEII0KxwRVS0fAkM2JyggkKFhcYGRolJicoKSo0NTY3ODk6Q0RFRkdISUpTVFVWV1hZWmNkZWZnaGlqc3R1dnd4eXqDhIWGh4iJipKTlJWWl5iZmqKjpKWmp6ipqrKztLW2t7i5usLDxMXGx8jJytLT1NXW19jZ2uHi4+Tl5ufo6erx8vP09fb3+Pn6/8QAHwEAAwEBAQEBAQEBAQAAAAAAAAECAwQFBgcICQoL/8QAtREAAgECBAQDBAcFBAQAAQJ3AAECAxEEBSExBhJBUQdhcRMiMoEIFEKRobHBCSMzUvAVYnLRChYkNOEl8RcYGRomJygpKjU2Nzg5OkNERUZHSElKU1RVVldYWVpjZGVmZ2hpanN0dXZ3eHl6goOEhYaHiImKkpOUlZaXmJmaoqOkpaanqKmqsrO0tba3uLm6wsPExcbHyMnK0tPU1dbX2Nna4uPk5ebn6Onq8vP09fb3+Pn6/9oADAMBAAIRAxEAPwChRRRX6OeeFJS0UAJRRRTENNIafSYoAbSUtFMBtGKdSUDGmkxTiKKYhuKbin0Yp3AYRSYp9NIp3AbikxT8UmOelMBmKTFSEUmKLgMIpMCn4ox7U7gR4oxT8UYp3AixRUmKTFO4EZoxUmKbgUXAbimkVJj2pNtO4DMUhFP2/WjFO4EeKTHNSYpuKdwIyKaVqYqKaV4p3Ai20mDUpFIVp3Aix60mKlK03FO4EZFJipcUlO4EWKCtPIFGKdwI8CjAp+2jbRcBmKUCnbaNtFwExRinAe1Lj2pNgIBS4pQKcB7UrgIFpQKcBSge1TcAANFOA4opXA2KKMUVxgJS0+GGS4mSGJS0jnaqjua6S8tvDvhhEj1dpLy+YZMEJwE+prnr4mFGyerfRFJNnL1paNolzrVyY4iqRJzJK/3UFZ+razptxcxtplg8ERXBRnySa2Nf1JdH0+y0GFvLaaIXF2VOCxboufwrkxWP5KS5FaT/AAGo66m7FP4M0f8AdiKXVJ1PzMq7hn+VQXfjnwPuEN9oUsC9N6wqMf8AfJzXLXstxpFrG72wjik4Vsg846HHT8a46+ne/kAUFnc4AHcmvKVKdT3pSd/UI1YtXjseo3WhaVq9g+p+Fr5buFBmS3J+dP6/hXLEetcxHJr3w/1q01La0BY5Kq4ZZF7qcE9q7rxZLbQXltf2kI+y6jAtzGAcYJ6j8678DjZRl7Gq79mHuzXNDYy6KqNqSg48n/x6m/2mn/PD/wAer1fbxJsy7SYqo2pIDjyP/HqBqiE48j/x6l7eIWZaxRVU6mgYj7P/AOPUDU42IHkdf9qn9YiFizRiqh1OPP8Ax7n/AL6pRqcZYDyD/wB9UfWIhZlnFIQarf2pF/z7n/vqnLqcJ/5dz0/v0/rEQsyfBpCKr/2rF/z7H/vuganEQf8ARjwP79H1iIWZYxRVb+1If+fY/wDfdKNThIJ+zHj/AG6PrMQsycjmkqD+1Yf+fU/990o1SDaT9lPH+3T+swCzJcUYqD+1YP8An1P/AH3S/wBqW+3P2U9f79H1mAWZLikwKj/tW3/59D/38o/tO32g/ZT/AN90fWYhZkmKTFR/2rbf8+h/7+Up1O2Cg/ZDz/00p/WohZjiM0hWmf2pbf8APof+/lK2p2wA/wBEbkf89KPrUAsxcUlN/tS2/wCfRv8Av5Q2p2wx/ojcjP8ArKf1qIWYuKTFN/tS2/59G/7+UralbKcfZG/7+U/rUAswIpCKT+07X/nzb/v5QdStQcCzb/v5T+tw7BZhik20DUrYn/jzb/v5QdStgSPsjf8Afyn9bgFmN20FaUajakgfY25/6aUh1K1z/wAebf8Afyn9bgFmJikIFOGoWrMB9jb/AL+U3+0rU/8ALm3/AH8o+twCzDbSYNOXULUn/j0b/v5Tf7Rtv+fNv+/lH1yHYVmG2jbSrqFsQf8ARG4Gf9ZSf2jbf8+jf9/Kf1uHYLMUClxSDULYgn7IeP8AppQNStf+fRv+/lL63Dswsx2KcBzVjTdW0uK8SW+055bdfvIJDk11Vivg7xNL9kskn0u+b/VCRiyufTqf6VhUzCEHrF27lKLZx4FKBVzUdOn0rUJbO5XEkZwfQjsRVUCuyM1OKlF6MkMUU4CincDVxSU4ikxXIFjS8P3lvYa1BdXW7yoyScDJziub12/XUdcvLtfmSSUlSw5x2rSrn3U724PWuGvTXtfadbWLj2Jrd1WaBmVcBwT+dP8AipLNa+N/PGfJmt4pIz2Ixg/qKhVThOD1rtZdGtPiD4Xis5pRDq1gCscjDOR2z/sn9K8zHQbSkuhat1PPNZ8UR6hZJGjkkuGOe3B/xrFttSFvdwzE8RuGq3q/gDxHo8rCbTpnQH/WQDzFP5VgPZzxyeXMjo4/hZSD+Vcs8ZOUuaxnSw1OlDkjsdB4o8QR6zBBBExbaxYnHSu81qJrTwl4Ws5gPPisyWz2DYIrK8D/AA5kkaLWtdXyLCL94kL8NLjnn0X+dXvEmqHV9Te5GREPkiH+yK3oOVev7WSsFKlCjBU4bIxWIJ6Cm8f3RTiKTFemWI3XoKTPsPyqRInmk2Rozt1woyaYqksABk0XQhCR/dGaQYz90U8Rs7kBSSMkgCm4waLjEJGegpAeR8oqQwSbkBjYGTlBt+99PWmMhRyrqVZTggjBBougG5H90UoIz90UmD6GjBB6Gi6AQlf7opRjngdKdJBLCQJI3QnpuUihYJWheVY2MaEBmA4BPSjmQEWR/dFLng/KKT8KkMEwcRmJw7AbV2nJz0wKLoCPI/uilGNp+UULHI8gjVGZycBQMkn0xTzbzpMIHhkWViAEZSCc9OKOZCIsj+6KXI2fdHWpBazkzAROTCCZBj7gBwc+nNMVHkKoiMzMcBVGSTRzIBuR6ClJG0cChYZGztjc44OFNGxiMBWyMkjHSi6Abkf3V/KlLcdBinCCUqjCJyrttU44Y+g/OkeNo2KOpV1JDKRgg07oBu4f3RQSCBlRSYpTzii4Ccf3RSnHHA6VILaYxySeU+2PG84OFz0zURByABRdAJkegocjd90VIbeUOyGJ96nDLtOR9aa6FXIYEEdjQpIBmR/dFDH5vuipo7WaWKWWOJ2jiAMjAZCgnHNRhWdwqqWYnAAGSTRzIBmeeg/KgkZPyrTgjM4UKdxOAPepJrWeGbypYXSTONrKQTzj+dHMgIR94fKtN4z90VIVZWKlSCDgg9qfcWs9rKY54XicdnXFHMgIRwegpDj+6KeFpNp9KfMAi4zwBScegpwBHajHtRcQgIAPA6UnH90U4DrxSY9qdwAEbW+VelNyP7i08DAPFN2n0NCYxQfkb5R1FPt5zb3MUygKyMGBHUYNIFPltwaZtPoae6sB3njDUrTV9St7q13cwLvLLjJrnwtTSjiH/rkv8qjAruwsFToxijO/NqIFop2KK3uBp0hp2KQiuW4Cd651mbeeT19a6OueZPmPzL1rnr7oqIZIReTW9ELyxmgvbSR42Kh1YH1/nWHtyo5Wu50q6t73wta2kL2x1GEsjLI2GK5JXaO/B/SuGvLlS0uaJGjYeOTsVdQs3393hPX8DVXVNU8OX2p2+qSabPcXdupWMSKAvXOSO5Hasa5sNSz824f7qgfyqstjqBP3pK5fYUnqFi3q+tajrR8th5UH/PNT1+tYmpQG2MEbDDFN5H1P/wBaup062u4XSS7MCwKfmafCjH14rB8V3ttf+IJpbMg26hUQjoQBitqUvfUIrQLJIxcmp7GRIr+CSRyiK43MEDYGeuDwfoagqay+zfbYftZf7OGHmbOuPaumXwslHeySxWF3p9rci2m1GWMpG0cKqsizSbQTsA6IM+vzVzurvYJcwWkK29ncw3MizTxI4CANhcjkk8Z49att4mt5oRqE8aHUbaRksUVceWhA27j3C849zWZe3Gm6pLa3k8skNw7BbxVXO7A/1i+57j1rzqVOUXdp/wBfoato6C9kvLMXio6LPLewLPJbKVEimMMT6gHOSPrVXW5J9WsVimkj3/2s9vG5VUCrgYBIHQZqSbxFZ3kkrwajLp8czoZoHh37gihRhxzgqBkfWsrxDqCX0KrHqaTxLKzpAlvs257k45PuamlCfMrqwNqx2ENvANTIit47m2tZbeGEizEz7Smd2SRtHGfqawvG0arDJKlpHDvvHUlrJYnbHOQwJLDmltda0mzvXvbi4NxE0cIFtErB96KMHdxgZyO+aw9TNneSfaU1eWXzJctFNGQU3HJPUjAoo05Kom9vQG1Y7a2vnj12O2GrzRItgG+yi2yqn7PnO7PPPzfWud1q9e58KQzPqMl+6agAHmh2YGzOMZ5FOXxc6+JZpUvJU09YXhhUZxxEUQ49yAaoarqaz+G4LSTUze3JufOPykeWuzGMnvmlTozjNNrt/WwOSsU31m/1LVbeWOGL7QCVRYoQ27cST8pzk8mu7dnQyRwA+Q+MhrRwWx0yBBivO9EuI7PWrS4mbbHHJlm9K3tP8S6fDHaxXFs52cSsY42EnzE5JILdCBwe1a4mjJtKC2FF9xNUimuPFsFoIo/sxO6L7VAIlKkfMxACkgEHH0rd0+W2ur63vp7aFHt3eG3jeIpLIUyIwPm6dj3GBXK6lJp93fabB/aBMEEJWS4WM8Zkd8AHk8MBWjdeIdK1W9t9QuRcQyafgRRq2TcAEbcns2cljWc6cpRWj2/r7xpop65dW9jc6ZPZ6bFZ3nli5k2yO3LElRyeOMH8afoN1darrVzfm2W8voLcSQI4JG9CoU9ecCqHiK+tNXuV1SFmS5uP+Pi3OSI2AA+U/wB09h2pug3NpbtfLeTyQxzWxjDRrubO5TwPwrd037HbUm+p1eoAafp88kejQHULm3jmvoJN2FTcSSBu3ElsE+mB61V0q2g/4TyyW10renlQSMkTMFiZkVi3fjk9aybm+sr2+tUg1Ga1hgtPIM8iHc/XIwpPUGpbXU7JPF325b54rOBY8EqQZgiKuMD1xnmsFSmota3a8yro1p7bU7XToV0r/QhLeSSS/wCnxx8qduwHflhxn8apJaH/AIT2SK3m+x3LuxaK5AkV2bJMfyZBUg96Zp+saNpMAS4L6lvlE6oE2rbN/eGfvHpx0OKqWd9p+meJRqkl5NfhQZlwmxnc/wALZ6evGaqnCa5rrp23E2jsPDdu8ejbjbpIkdt9qjMdkjLHLkAHJblsZ64+tcN4sUDXGdbR7ZZI0ba8YTccYZsAkDLAnrW7b6vpEFtNbWt5DFYywGM28kD5ZiQdzkH5jwRwR14xWDrM8F9qdoFngeBUSELbxmNY0B6DeT6k5Jow6lGq5NBK1rGJV/RbNL7V7eCUZi3bpBvVcqOSMsQP1qHUYraDUriK0kMtujkRuSMsPXiksoLee7RLq5+zQn70m0tj8BXfJ3g2jPqemeVdXen6s83h/TvOuzG8UZvR++VWOTkSfwgdsdK4+axlXX7TdokOHHFraXHmBsHrkMxHUflRHrFi+u24zJBptvayWkTFdzANG67yB3LNk1Cw0uGbTrez1AoyFzcXnlsuckYGByeB+tcFOnODa7rzNG7nW6za30E2uyaWn2S4nvFjeX7akYUDLAhiwOWz07Yrm9fsPtOt2i3c32S5uII2mmnmV48BAN4ZSc52k+vNXDrOjQahqV9M738N9KWNgF2rgN8pZj0I7Y9aw/EM1te3v263vWm87rG8e1oQOAvHGAOBj0ow9Oamr6ab2CTVjctNRS1s7saMQdN09Va5WZeb/e2w7vQYPA7fWse5tNNW+tLzTdT+z280mdrAmW2Yc8gdR0wRUelXkFvomtW8sgWW4ijWJcH5iJAT+lZUeBKhYkKGGSOwrohSacrP/g6EtnbtYStqN9cz6PZ3T2twRPcpeLAMg43eWW4yfzJqh4l1KK98QNZbDZLb3kn+kb2kK5bkgdRzzgetWtQ8QeHLqTVnW3vFF+RlY8Akh9wYsSevoBwKy9dvdMvVivIGLXlw6POpTBi2qFYZ75IJ/GsKcJc6ckxt6GtJp0t1qGoPNpVpfyQS4muBeLb54X5thYdc5z6mmeJ9ShvfFcNgtoFRL1H3tIW3B9pIwegPHFF3r/h2eXUJPIvALqIQssYAZ8MG3liTjkYxjpWdqGpaY0VjfwZkv/MhaVGGCgjXBGe+7g/hShCTknKLG32Ottmunsr6az8iC6Hyh1EcICi4A68D7uRWN42uJpdMVbm5imk/tCVogkqORDtXb90nAzng1VPia31iDUbK9jg0+G4jAia3iJCkShzuGTkn1FZF7HpdrpTQWt0Lu5kmDeYISmxQDxk+pI/KilRcaiclr6fqDehIvhPUngQpJbPcsgkFmJh5+08g7fp2zn2qhe6TeafbQTXcfleeW2I/D4HcjsKqCSTzPM8xt46Nu5/OlllmnffNK8jdMuxJ/Wu9KpfV6ehnoRmkyfU06m4PtWghQTg803J96eBx2pNue4pgAJ8s8nrSZb1P508L8h5HWjZn+JfzqkM35RxD/wBcl/lUeKmkHyxf9cl/lTAK9Ck/cRjHYTFFOxRV3KNHFJinEUYrmuMYRXOv98/U13PhyWGHXrZpgDGW2nd05rD8W6c+neI7sSxsqSSF4yBwQfSuKvV/e+zfYuK0uYf/ACzWm1IduwdcU35PRqkZOl5cxIFjuJVGOiuRTv7QvD/y9z/9/DUBK4GQablfejlXYB7yO7Zd2Y+pOaZmlO3Pem5X3prQAPWjNK20N3pPl96YhDSU5toPQ0g25HBoAaetGOacdgJ4NA2lhwaQDD1opx256GgAE9DQAygCnfLno1Ku0noaAIzSdRTzt9DQNuDwaAI6UDinfL6GlG3aeDQBHijtT8J70uF2ng0AR0Y4p/y+hpcKV6HrQBFS4OKf8voaDt29DTAixSkU75fQ0uFwODQBHilIp2F96U7eODzQBHiggin/AC+hoYLkdelAEdDDmn4X3pWC570ARYpSKfhcjrQwUMeDQBH3oPWpBtyODSEJuPBosAwUhFSALuHWkIXng0AMAop6gFu9JhfemIaBRipFC+h6U35fegBuOKTFSDbg8HpSfL6GgBuMqaQCpBt2twaPk9DQgE/5ZmkAqQBdh61b0mwk1LU4LW2id3dxwOwz1oclFXYzUcfLD/1yX+VNxXT+NXhOsxwRBQYIlRto71zeBXZhajnSjJqxm1y6DQKKdiiui4F8ijFPNJXLcoZ0PFb0PiQTWqWurWMN/EnCmQfMPxrD4oxWdWjCqrTQJtD9XTS724R7PTxaxhcFFbqfWs/+z7X/AJ5n/vo1bxxSU4UoRVkhNsrfYLbH+rPH+0aQ2Fr/AM8z/wB9GrRpKvkj2C7KxsbU4/dn/vo037Ba/wDPM/8AfRq3SUckewXK32G1/wCeR/76NBsbX/nkf++jVnFJin7OPYV2VzZWp6xH/vs0n2C0Bz5R/wC+zVnFJR7OPYLsgNjZn/lgf++zQLKzH/LA/wDfZqeij2cewrsg+w2f/PE/99mlFjZg58g/99mpqKPZw7BdkP2Gz/54H/vs0Cysx/ywP/fZqaij2UewXZB9issf8ex/77NAs7IZ/wBGP/fZqeij2UOwXZB9isf+fY/9/DQLOxA/49j/AN/DU9FL2UOwXZB9isf+fY/9/DS/Y7HGPsp/7+GpqKPYw7BdkH2Kx/59T/38NL9jsen2Y/8Afw1Mabij2MOw7kf2Ow/59T/38NH2Owxj7Kf+/hqTBoxR7GHYLkf2Ow/59D/38NH2SwIx9kP/AH9NSYNGDR7GHYLsi+x2H/Pof+/ho+x2H/Pqf+/hqXBoINHsYdguyH7HYf8APof+/ho+x2B/5dD/AN/DUuKKfsYdguRfYrD/AJ9T/wB/DQbOwP8Ay6H/AL+GpMUYo9jDsK7IvsVh/wA+p/7+Gg2dgT/x6n/v4alop+xh2C5D9jsM/wDHqf8Av4aQ2djn/j1P/fw1NijFHsYdguyAWdiDkWp/7+Gg2dif+XU/9/DU1GKfsYdguQizsQc/ZT/38NJ9jsc/8ex/7+GpiKTFHsYdgIhaWQ6Wx/7+Gk+xWP8Az7H/AL+GpsUu2j2MOwEIs7LBH2b/AMiGk+xWX/Psf+/hqfFGKfsYdgIRZ2Q/5dv/ACIaPsVl/wA+3/j5qbFGKPZQ7ASadHpdteJJcacJ4h95C55roP8AhKLewhePRNJt7FnGDKBlq5vFGDWM8JRm7yX+Q1JrYWR3lkaSRizscsx6k03FOpQK6VorIQzBop+KKdwNEimkVIVpCK40zSxHikxUhWm4qkxMZigin4ppHFVcQwikxT8UmKdwG4oxS4ooENxQRTiMUlO4DcUU7FGKYhuKTFPxSUXAbiinUYoAbRTsUYouA2ilxRigBKKXFFACYoxS0UwExSYp1FADcUYp1FADcUYpcUUAJRS0mKACkxS4oxQAmKCKXFGKAG4NIRUmKQimBHilxTsUYouAzFGKdikxTuAmKQinYoxRcBuKMU7FGKLgNxRinYoxRcBuKMU7FGKLgNxS4pcUUXAMUmKXFKBmi4DcUU7bRSA1CDTSKmIphFcVzexGQansrC51G5W3tYmklbsO3uaixXrPhjRo9I0qPKj7RMoaVu/0/CuTHY1YandbvYcIczOatPhzI0Ya7vhG5H3Y03Y/E1Y/4Vvb/wDQRl/79D/Gu3or515pim7835HR7KHY4f8A4Vvbf9BGX/v0P8aT/hW1t/0Epf8Av2P8a7nFGKX9qYv+f8g9lDscN/wra2/6CMv/AH6H+NJ/wrW2/wCglL/36H+Nd1ijFH9qYv8An/IPZQ7HC/8ACtbb/oJS/wDfof40f8K0tv8AoJS/9+h/jXdYoxR/amL/AJ/yF7GHY4X/AIVrbf8AQSl/79D/ABo/4Vpbf9BGX/v0P8a7rFGKf9qYv+f8g9jDscL/AMK0tv8AoJS/9+h/jSf8K0tv+glL/wB+h/jXd4oxR/auL/n/ACD2MOxwv/CtLb/oJS/9+x/jR/wrS2/6CUv/AH6H+Nd1ijFH9q4v+f8AIPYw7HC/8K0tv+glL/36H+NH/CtLb/oJS/8Afof413WKMUf2ri/5/wAg9jDscL/wrS2/6CUv/fof40n/AArS2/6CUv8A36H+Nd3ijFH9q4z+f8g9jDscJ/wrS2/6CUv/AH6H+NH/AArO2/6CU3/fof413eKMUf2rjP5/yD2MOxwn/Cs7b/oJTf8Afof40f8ACs7b/oJTf9+h/jXd4oxR/auM/n/IPYw7HCf8Kztv+glL/wB+h/jR/wAKztv+glN/36H+Nd3ijFH9q4v+f8g9jDscJ/wrO2/6CU3/AH6H+NH/AArO2/6CU3/fof413eKMUf2rjP5/yD2MOxwn/Cs7b/oJS/8Afof40f8ACs7b/oJTf9+h/jXd4oxR/auM/n/IPYw7HCf8Kytv+glN/wB+h/jSf8Kytv8AoJTf9+h/jXeYoxR/auM/n/IPYw7HB/8ACsrb/oJTf9+h/jS/8Kytv+glN/36H+Nd3ijFH9q4z+f8g9jDscH/AMKytv8AoJTf9+h/jR/wrK2/6CU3/fof413mKMUf2rjP5/yD2MOxwf8AwrK2/wCglN/36H+NH/Csrb/oJTf9+h/jXeYoxR/auM/n/IPYw7HB/wDCsrb/AKCU3/fof40f8Kytv+glN/36H+Nd5ijFH9q4z+f8g9jDscH/AMKxtv8AoJTf9+h/jSf8Kxtf+glL/wB+h/jXe4oxR/auM/n/ACD2MOxwX/CsLb/oJy/9+h/jR/wrC2/6Cc3/AH6H+Nd7ijFH9q4z+f8AIPYw7HBf8Kwtv+gnN/36H+NH/CsLb/oJzf8Afof413uKMUf2rjP5/wAg9jDscF/wrG2/6Cc3/fof40f8Kxtv+gnN/wB+h/jXe4oxR/a2M/n/ACD2MOxwX/CsLb/oJzf9+h/jR/wrC2/6Cc3/AH6H+Nd7iij+1sZ/P+Qexh2PPLj4YDyybbU8v2EkeB+YNcZqui32jXPkXsJQnlWHIYexr3as/WtJg1rTJLSZRkjMbd0bsa68JnVaM0qzuiJ0ItaHhQFLjFSzwvb3EkMgw8bFGHoQcGo6+tTTV0cTEopaKYzYIppFTFc0wqa85SOloLZA13CpGQXUEfjXteK8YtF/02D/AK6L/OvaK8POXdw+ZrSExijNBorxDUTOKQSKxwGB+hrDvp7i+vjZ25wq9ccZqudJvrdXlU4Kc8N1rxKubTU2qNJyit2dccOre9KzZ0uaWqOl3Zu7Xc/31OGqe7uDa2skwhkmKDIjjGWavVoVoVqSqw2ZzSi4y5WT5orlP7Z1qNVf7OJDJIP3Zt2/dqeoznnA71pahq0q6ba3lkyhJpApLws5wQeigg9qtTQcrNnNJmuQ/wCEh1ZhbhUhJZk3FYyAdwJxgtxW0uskWWnyNbSSzXabhHFjg7cnqaFNMHBo1c0tc9b6/cIL6S5sLnyoZiM4X92u1Tg8+5roQcjNOLT2E00FGaKzLXXLK51C7sxPEJLdsH94OeMk49u9N2QWZp5ozVODVtPuY5ZILyGVYQS5Rwdo9fpWXp2p3epCFreaMNLE022SP5QhYhenORj9aXMgszfzRmsmDUbtIr77TEs8ts4VVt0I35APQn3rL/tnWo1DGASGSQEobdh5anqM55wPzpOaQ1FnV5ozWVe6m40yK6skZ/NPB2ZwMdx+FY0euaw87oUTblQuIDnJ9RnihySBRbOtzRmsW71ho7LTvm8i4u2TIcYKKBufI+gI+pquut6jHDLM1okisDNEm/D+XwAMY6/40cyDlZ0WaXNZdxqMsN4saNbufILvb+YBIhHOfUjHt2qnbavqLX6RNbRTRXP7yExzA7EAGSSByMn9afMgszoM0ZrEn1a4TXpbGO3kcJb+YMbRk54PJ+oqHStU1K7vRFNbMI4R5UrArzJ1z9MY6eppcyvYOVnQ0ma52XXruC6mme1zZFzBFtYFvMUMScdecVb0y/vfNgs7+32ztCZDIHBBwRngdOtNSTdg5XubGaTNZ2q35sZLEBwgnuVibI6gg8fnir0ztFCzrG0hUZCL1P507oVmPzRmue1fxFPY2Lt/Z9zFK4KxEhT82CemfatmyuZLmDfLbSQH0kxz78GkpJuwNNK5ZoooqhBRRRQAUUUUWAKKKKACiiiiwBRmiiiwBRRRRYAozRRRYAoxQKWgDxPxSgTxRqIUYHnE/nzWPitrxX/yNOo/9df6CsbFff4X+BD0R5s/iYmKKXFFbk3N0rTSKsFaYVrylI7WhtqP9Ng/66L/ADr2WvH7Vf8ATIf+ui/zr2GvHzZ3cfmXAQ0lKaSvINDmrp5tN1Vp0GQxJ56Ed6nvdeWW2EduhDOPmLfw1szW0U67ZUDD3qvHpVnE+4RZPuc18/PLcZTlOGGmlCXfdd7HYq9KSTmtUQaHbtDas7DBc5A9qtak7JYShIjK7jYFHfPHoeKshQvSlr2MLhlh6MaUehzTm5ycmcKbK1SZ1ePlGdPKEC7iQ2FIOzBBFaktlcNoNpaQ2cu62mw6iUIQFB5DccHI6V02KK0VNA5s4RtOmSwtru48lVMIURPlm3AnvsPbH45rpRpbXNpp7+fNbTW6ZGzBI3Lgg5Fa2B6UU1TSE5tnM2ejTXP9pwy6jdeW1yVYYX5xtXnp+Fbst35BkUW8z+WoOUXO7Jxge9WaKahbYTlcjjl8xpF8t12NtywwG46j2rCc3Npfax5Nq8ksyiSElMo2FwRn19q6GihxuCdjl7G2lu9UEk6XMtu1q0bmeIRjOR8oAHSn6GrQ3aySKyotlySp4/eOa6WjFJU7D5rnPwzmSLVZoI5JFmmVI8KRuyoHcdPwrFeytkmZWiJZXeMxCBdxIbCkHZggjmu6owKTp3GpWOeeGSPw/b2yQvG8cqw7WJIA3Y3fKRkY57Vjy2d5aCSeSRSp8wgeVJwUwFAw/wDFmu5oodO4lKxg39tt/sieKAyTpLgZ5OPLc4JPbOKqrbTzXDQxTO13DakmTkDzd4bbn0yMfSuoop8mocxzuq3F1FqNrdw2DubeJ/MPYFwMDjJOMHOBVPTjFY6gLuK5Msty2LiMwOqAE/wccYPr1rrqKHT1uCloc3caR5viCaYCKWeSAkPOhKAZA24BHG3P55qPQtLuLfULuXytPQJcEEpbsrY2j7p3cD866iij2avcOd2scha2Yk1OM/Z7sst/K0hcHythDjjt3FaFgsMerqtu8skNtbuu51Py5bIUHHOBW/RQqdg5jANo3iB3uLhJILZVKWykYfP/AD0x26DH/wBerVnf3htp4Z7RmvrcAEL8qy+jKTxzj8K1aKahbUXMcxqUbR2ty985l1C4hKRRRIzLGD/CvH5k10qDCKD1Ap1FCjZg3cKKKKoQUUUUAFFFFABRRRQAUUUUAFFFFABRRRQAUUUUWAUUUClosB4r4r/5GnUf+uv9BWPWz4r/AORp1H/rr/QVjV95hf4EPRHmz+JhRRRXQQdKRTCKnK00rXiKR6TQ21H+lw/9dF/nXrorya2X/S4f99f5161Xl5m7uPzCIhpKdRivLKG0U7FGKAG0U7FGKAG0U7FGKAG0U7FIT19qAEoppLEEk4x2qQcigBtFOxRigBtFOxRigBtFOxRigBtFOxRigBtFOxRigBtFOxRigBtFOxRigBtFOxRigBtFOxRigBtFLkc0wknOflxQA6ilXlQcUuKAG0U7FGKAG0U7FGKAG0U7FGKAG0U7FGKAG0U7FGKAG0U7FGKAG0U7FGKAEFBpaKLAeLeKv+Ro1H/rr/QVj1s+Kh/xVGof9df6CsjacZ7V91hv4MPRHmz+JjaKnSJSOuT3orX2iFY6UjimFanK8UwrXhKR6jQluv8ApUP++v8AOvVq8ttx/pUX++P516lXnZg7uIgooorzwCiiigAooooAKQkDrRnK5WmHIIY/Q+1AC7xnpx601uGz1PcUvAJU9DyKMkx7u4/WgBD15I56n0pVOGPXae5pFU7SNoxTwnc8mgB1FFFABRRRQAUUUUAFFFFABRRRQAUUUUAFFFFABRRSZyOKAAkAZNNLjPA47mkOeGI6dqXgNj+FqAGuPmB6n09qCc4ORz19qUcofboaRQcH5RhqAFBCtwSV7mpKaE/vc06gAooooAKKKKACiiigAooooAKKKKACiiigAooooAKQkAZNGc5x2pjbiOQMj9aAPHvFEe7xPfnIGZePfgVlxcAjGPUmtXxP8/iTUAOolyPyFZLHDKx6nqK+1w+tGK8kedL4mKMoSFBPvRTmKD5S5GKK00fQR1JXimlamxxTSK8JSPXsNgX/AEmL/fH869OHSvNYB/pMX++P516VXDjXdxIkrBRRRXCSIWA6kD8aikuoIriGCSZFlmz5aE8vgZOPXArzL4i6V9u12UjS4L+Se1htYXa4CNbSM7kNg9jj9Kxryye+1C9ui2qW0hGLL/iaoDCxPzFgZAVBxjaBwKAPZrm5hs7d57iRY4kGWZjgCmXN7DZwNNcyLDGpAZ3OAMnAzXB6tJef8Ksb7JANqhluPtl0Zmxv5KOM7ueme1Z2uRy32vbdRhsZLqFAbi3ihuZI23D5dxHHGOKAPUVG1+TnPSmTyxWsZlmkWOLIDM7YAycDk+5rifAERj+3J5lu5Q4lZYpkkDE7lGH4wAT09q5HUNTa68Fyz3MviCa4acBpACYCBcAcH6DA96APZ8DGM7m9qeATyT+Fee6RqEg8c6ZaQSa2lvLbztLHqQIDFdu0rn0yfzqj45TOo6nDYW92LmGKO4kuTqjQxpuJwNmec7SMD1oA9Ltru3vEdraZJVR2jYoc7WBwQfcVJJLHGUDyKhdtq7jjcfQe9eMPp8tnq8bpot1bw/ZXupbZNaKtOTz5me+ADkda7DxBNpNv4Hsxd2epNZuiTJPAfNktWJBVi7HOQSOaAO6orzLXbS1k8SRWt54Hg1C+ugxSdr5Q0iIBl2GPlHTrWlo2nxTeF9ThsvC9naWtzEXjSO7EyXL8jBxjHQUAdmL23N81kJl+0rGJTH3Ck4B/MUtpeW99CZraVZYwzJuXpkHBH4EV4tH4ct31C5KaZBLLbn7PMkWmM0aOMEgfvhk89a0/COgRweIoUt9Mt3NpOGuWktDFJCHVmVgfMbI4xTA9bkkSKNpJGCogLMxOAAO9JDNHcQJNC6yRSKGR1OQwPQivK/H7Xcsslumna3HPfTi1gK3wEMnrhA3QqD1/Gp4NOnghjij0fxQFRQqqurIAAOwG+kB6bJIkSF5HVFHVmOBUP9oWX/P5b/8Afxf8a5nxiILvwN5OoSNYeeYkxNGZmDbgQpC/eJxjiuQmXTJoZIhaaKhdSu5dAmBXI6igD11HV0DowZSMgg5Bpaw/Bptv+EP0pLO5FzBFbrCswQpv2fKTg8jkGtygAooooAKQsFGTS0jDcMUAN3nkbeaTG1wSeDSfMfm7rwRTsKEPPymgAYbTu/Om4XBGck9MU4DdGM0/AHagBoDHGT+FO6UUUAFFFFABRRRQAUUUUAMlkWKJ5HOEQFmPoBWVoviCDW5blIIZUEG3mQY3A5wR+Va9c9o+F8T64OAB5P8AJq0gk4yvuS27onufEtrb63FpYileV2CFwMKpPrW3XN+IgP7Y0Egdbr+gq5e2WtTXbvaapFBCcbY2t9xHHPOaqUItRa0Em7sTW/EVtoYjEscssjgsFjXoB3JrXVtyhvXmsHxWjL4UufMIaQIAWAxk5Gat6zeTWOgzz28bSTBAEVRk5PGf1pcicY23bC7TdyWx1WPULu7hhjfZbPsaXjazdwPpWdeeIryxmSOTR5cSy+XG3mL8x7Vk+G9W8jU7XSY451haEs/mRbWMpJJY+1aOtrHrGt2Olo7YhYzztGxBQAYAyOhOa29koVLSWlieZuN1uXYdV1F5kWTRpYkJwzmVTtHrWqH5+6fauajsRp/iuyt4Lq6eN4JHdZZ2ceg610mGP1X9axqpK1i4t9QIIIY9O+Kc64+YdaAF2k54PahfmTBrIo8f8TknxJfbRgebnP4VjsygnAyT3rV8U5/4Sa/Hbzf6Vj19thY/uY+iPNm/eYnJopaK6STtyOKbipuaaQc18vc92w2Ef6RH/vj+dej155CP9Ij/AN8fzr0OuPFvVGMwooorkIPOPFVlf6h4mnhi8P3eoWzG0Zz8qRuIzKWG5iB/Gv61n+JdB0vSb27vGa2iu75RNFYtpC3GHxjaGCkct19zmvV8UYoA4/UNF1O48CW+jada2UEs8KrPkeUkRPzMQqjruzxWBJpVzr/iF5LaaKeYRbb+6/s9TCsiDCpGZBkknrjivT8UYoA89+HU0CTyQxCSS4ubdbm8P2UwJBKNq+WBtAJ+8fwpviXwjcad4MubfT9T1SaCJ0kW0RUbjzldsfLuOOT17V6JiigDy+TUI5tVsbvS7/WdS1VHEMS3diypHG7L5hJ2KOg9au+INDl1nxLriw25kuUsrZ7Zi5TDhn6N2OCfpXodGKAPJ9XtRZXHm6zp91bxfZJBbJJey3jNPxtK9dp6jt1re8RW2o3fgWw0GysHlvLyCNCWO1IQgViWPbpjHvXdUYoA8rlmuf8AhIbnV5r3xBpd5OixvANKE4jVf4Ufaw25yeOveug8DBLVNStoLq+nhMn2hBd2TQFGbJYDIAIJ5wOldpRigDyayEurQG/vNNH2mZ3MhTw8ZQSGIzv/AIuAOa2/Ck01p4ofT47NYbaa1M0jf2WbQs6sAP8Ae4JrvsUYoA5XxdoN3rEtrNFY6dfxW4Y/Z7vcrZPUq4PHAHUVx+n6PZXHjSzg1LQZtCWFg1vEgaQXUgGeZVyoUYzjjPf0r1qkxQBy/jO5sli06C5e584XcdxDFb2zzNKYyCVG0YHXuRWZbt4pj1u78RDRQ9vcRpEti1wFnjRcnd/dyc9M9q7zFFAHM+BPs8PhmOyhF0rWsjrKtzAYnVmYvgg8HG7qCa6aiigAooooAKKKKAGFMtnt3FOCgDGKWigAooooAKKKKACiiigAooooAKKKKACqL6RZSNdM0PN2AJiGI3Y6d+Pwq9RTTa2CxVn0+2uZLZ5Y9zWzbojk/Kf61aooobbCxBeWcF/avbXKb4n+8uSM/lQlnDHdPcqmJXUIxyeQOnFT0UXdrCsit9gt/t/23y/9I2eXvyfu5zjHSm2em2lg0rW0Ko0rbnbqWP1q3RRzPa4WRm2Whafp9y1zbwlZWXbuZ2bA64GTxV9kyQfzp9FEpOWrYJJbCBQBgDiloopDPGfFP/Iz6h/11/pWRWx4oH/FT6h/11/pWRivt8N/Bh6I82fxMSilxRW5J3eMUhGakNNr5S59BYIR/pEf+8P516BXBQ/6+P8A3x/Ou9rlxL1RhUCiiiuYyCiue1/xJDpzxWkM2Lx7iJNjRsRtZgDzjHQ+tFl4kjk1O60+UtNdLeNEkUKZKRgKdz9gOTyfwoA6GiuU13xLe2D3NlGmnQXJjLQvNeHIByFYr5fTI6Z7Va0TxFPq1z5IhsTsUNKYLwuVz0O0oOCQe9AHQ0Vwlx40vzLKLexbyvNjMZklgRggbDggyZ5AOMgda2dB8RTarJdpPavEybpI8NG67AcAbkdvm7nOOtAHRUV58PGuqOLFgbZRduVx9iuDswCeo4bp2ratPEN1P4fu72RoUmguGhDeRJtbBGPk+/nnpQB09Fefw+N9RksGuG+xxus0MZWS2mTCybfm5643dvT3FbOo+IrjT/CjasbjTpXKs8bbmSNwASAM5OTigDp6K5K68S3sWjSXMS29z+4Li6tjuSNwfuspOQCOh9QenFX/ABBrVzpUViYLK4nM9xEjtEqkAMwBHLDk9qAN6iuPn8UavH4ghs10mMRtC7FGvIwxIIAOe3XpVzxL4jvNB09bgWVuTKFRPNutpErcBcbTkDqTkcZoA6SiuV0/xLe3Bt7UxaZNcsApKahy7AckLs9icVDqviXU7PWbqCCO2aC3RmKsrbiFi3k5z6lRjHegDsKK5LSvEl/dalYW84iaO6Uk7bSaIrhd33n4P4Vryao8mux2NsUMUKl7yRuiZGEQf7RPP0HuKANaisnSNTkuEubW9Ki/tHKzBRjcuflcD0IwfrkViSeJr/zG2XFuEydu7TbnOPyoA7GisDw/rF5qN7fW12ISIFidHijdNwcN1VuR92t+gAoqG6ma3tJpkheZ40LCKP7zkDoPc1g/8JLcafcPFrllHaD7LJdI0M3mjYmNyngYb5h7GgDpKK5+y12/N7Zwanpi2kd8D9ndJvMIYLu2PwMMVDHgkfKa09W1GPSdLuL6VWdIVztXqxJwAPqSBQBdormz4kutOlK67Yx2iNBJOjwTGUYQbmVvlHOPTINFv4hv1msDqWmJbWuoOEgdJ97oxUsA67RjOOxOKAOkorI8Sao2j6ObxXRCJ4EJcZGGlVT+hNa9ABRRRQAUUUUAFFFFABRRRQAUUUUAFFFFABRRRQAUUUUAFFFFAHjfij/kZr//AK6/0rJrX8Uf8jNf/wDXX+grIr7bDfwY+iPNn8TCiiityTvSKTFOoxXydz6EWH/Xx/7w/nXd1w0Q/fx/7w/nXc1zYjdGFXoFFFFc5icn4rvLuQQWsWnSmBbuAyXLsFX74+6Op/SoYNUTS7/UrWCBjqVzqa7UMDnfG2wFtwGMBdxzntXY0uKAOG1+8aG81PU7fULvTRHbGBJGEarcTJuKqiuhLcsRkEZ7VoaLDdWetebqL31zNd20aR3EioUAXLFSERdpyx65z611NJQB55rmnalcG41GNhZvJqEdvhWmQunmKgYgOBgg9QK2vDZ+xQarHLGVtomEhneKZfMYqd3+syxxtHIrqSAeozRigDyS+Ful7piwFFijmYkJfXe1BtPt8v4V1Vg2nv4cvYMwYEgkf99O4LE8Esw35yO1dlSYoA8qsYNsNmksV5bySag4M0Fvcbwiiby9u5cEcR9O3XvWlKLrVvhvd2i/LFbxSrcSYKs+2PfgDt85wfoa9EpCMjB5B60AcB4g0PULfRLieBrcrFbGNZpXdpXQ4+VguA2O2cmrfia1S4t9Fg1TUGaY3UW6CBjFHIocFmIyT8q/7WB1rtMAjB6UYoA8vubewm1OV4tPMnh+W5WeXUvs7Epg5ZFP3ihYcv0AJHTGN/xZpkV/caTqMDSTzNcRpBibaiqQxJUjoTxk89BXY4oxQBwIjkh8V6LbSPmdLpnaL7aZWVfJk5K4GByOff3pNftbme/1yZI0WG3BkkmZsHabYqVA75JB/Cu/xRigDgNCthb6vYziOcWLjdbzyRys24qAYzu+6M5IbHIOO3Nm8nsIte/swWt3FZW0v2qfyrSaU3MxOQMqpyo6n3wOgrtsUYoA5vQr2LVdTuHurR49QtCyxSyW7wmSBjlThsH2PuPesPUNI1D7HqrPp9612zXDQ3a6gyIgJYodu7AAGO3avQMUtAHMeHLqG+8Q61d20qzQMltGJkOVZlVtwB74yPzroLiziumgaUMTDIJU2uVwwBHODyOTweKmxS0AV765+xWM915Ms3lRl/LhQu74HRQOpNcN5EniTStVFxBfJq9/atHGs1nLHHAg5WMMygcnGT3P0FegmkoA5Nr1vEd/o8EdhewrbSG4umnheIRkRMgQEgbiS/bsM1or4T0lYp4vKnZJ4zG4kupHGD6ZY4PHWtuloA47R9AlutavLvUZ766tII2srWO/xllP+sfAVeD90E5JAznkU3TfDsn/AAk0e+51GTS9JXFrFdkFTKRwVO0FlVTgEk8nrxXZ0UAcpcQL4xvfLkjcaNal8Mwx9omwVyM/wrk4Pc49KvaFf3KyNo+pI4vrZMrLtOy4j6BwemfUdQa3aKACiiigAooooAKKKKACiiigAooooAKKKKACiiigAooooAKKKKAPHfFA/wCKmv8A/rr/AEFZGK2PE/8AyMt//wBdf6CsivtcN/Bj6I82fxMTFFLRWxJ32KMUUV8mfQjov9cn+8P513HauIh/18f+8P512/auev0MK3QKKKKwMSNpCDgUnmN7U1vvGsrW9WTTLKUjzPP8stHiF3XPuQMD8TTSEa/mN7UeY3tXP22u51W5sZA0sqvEI44kyVVkUlm9Bknk1HrGt3lpNNaQpCs2zdGx3uQDkAkBT3B/KnYDpPMb2o8xvasPSdYm1K4eMwxKIwDJhmDDPThlHpTfEGqzaXEHimhU+WzCN4Xctt/3eg+tFgN7zG9qPMb2rjtP8SXl3eGGS4t4xujVc2kw3FgDjJ4HpzV+bxF9n1O7tfJklMckcca7Cgyw5+Y8UWA6LzG9qPMb2rnNG1bUrzUJYrq3SOISSKPnXcMNx0PIwVFVotd1GQq0kljbJIjSRtMrbSATkbs4yAM4osB1nmN7UeY3tWbpFxd3dis92qKXOUCqV+XsSDVDUtVv7eaeFIkiHSGQwySZ464RSOvr6UWA6HzG9qPMb2rD03VLu6mCyQq0KoS8qxyIQR04dRnPPSs698TywxXJSSIMkLyRr9mm3cA4OCuOuPaiwHW+Y3tR5je1YEWtGbTLuckoYvuSeS4BB6HDAZ/CrLNrPlhgLEfICwJY845/DNFgNbzG9qejbhWdpl299plvcyKFeRMkL0Bq/F3pNAK77cAU3zG9qJOoqtc3MdpD5sglK5xiOJpD+SgmhICz5je1HmN7VzkPiWF9Yu4GS7MMcUTIBYzbgxL7sjbnHC4z71LrPiGPTLNJ0+z5eMuEuZfJfHbCsMn6U7Ab3mN7UeY3tXJ6d4okkjtlu5dL3MF8x1vlzz1wuP0rqaLATg5ANMaQ54pyfcFRN94/WkhjvMb2o8xvasTU9aSx1S0s92Gl+ZgFyWBOAB+OSfQKaqWeu3U2tx2TzWMkRVi8ke4AkfwqTwx9cdKdhHTeY3tR5je1czP4hmsr24W4ETQIXWMKCGLDGATnGOTk9sE1Z0jV2uzLay3FtNdKNySQNujYHtx0I6Y79aLAbvmN7UeY3tXNXeq6paajaWBfTjPcEkLlxtUDJY/y96tX97f6fpolma2ErTIm5VYqFJ5OOuaLBc2/Mb2o8xvauQXxDqRWbdGgaGJHOy3dwSUDdQeOtdNaTG4s4JmABkjVyB7jNFgLiNuFOpkXQ0+pGFFFFABRRRQAUUUUAFFFFABRRRQAUUUUAePeJx/xUt//ANdf6CsnFbHicf8AFS3/AP11/oKycV9phv4MfRHmz+JjcUU7bRWxJ3dFFFfKH0I+H/Xx/wC8P512/auIh/18f+8P5129c9fdGFboFFFFYGJA33jWL4ja/fTbi3s7RZA8R3SM+MewAGSa22UhjSYPpVIRzG+8sL2/8izlae6aAxP5eUwFVTuPbGDTdcExlvbuGK8gkEBhieFn3SyDJX5V42gk8nrmupwfSjB9KdwMXTrSWx1OYPFNIJ0BFw0pfhf4WB6Hk9KreIoJp9QsljjnaJopUlMKBjtO3IyeBnHWujwfSjB9KVwOSvIZJL+3mhtdQhV7iHzIyimP5eAT1I4x37UarpuoT6sx+zwTQTSCQRnJ+4mAWJGBkkcYP6V1mD6UYPpTuByPh+3u7TVzvtJFinRdjMMCONUCn6Esq8ehqsLRry1jstTtbz7LBkpHDCcmTJ+Yt7Z4A/Gu3wfSlwfSi4GZotxczWZS6WTzYzt3vGU3jscevrWH4himudXWSK3mdY4vLI2kDOc5B2Nnr7V1+D6UYPpSuBynhuOW1vblpoJkEqKFXYcDbknnao7+lVba1vbu5h+0WGoCLy5YnO8JkO+eeeRjtXa4PpRg+lO4HLedfXnh2e2mtZFkgjjiOUOXcEbiPUcda3726S0tGkdJGH3cRoWP5CrWD6UYPpSuBnaHHJFolokiMjiMZVhgitSLvUeD6VLGMZPrSYDZOoqpe3X2O3MohlmYkKscS5LE9Pp9auSA5zUeD6UIDnY9Pv7KVtXCiW9lP+k26Hhk42qp9Vxwe+W9au6pA+r6Mqww5EhVjHK7RNgHOMgEg5ArWwfSjB9KdwOW0yK7bXgs/wDaFvFEhIjmkMizHv8AN0AH5muoowfSlwfShsCVPuCom6mplGFAqJgdxpIZgaxbSTanBN5V7JFFGdyxeWYyCfmyGGScenas+ziI1AxTR6m9nGyGBJIV2g988cYOK67B9KMH0qriOPvbOePWrmeOIltjnfBbuvzFkKhjuIbpzgDvV7RDcmW7jKTxkIEgaaEhcDJ3HnnlgP8AgPvXRYPpRg+lK4HOTaLHHe6esqtdNLJIbmV1zv8A3bDn0HoKfeafdWunQ28UjXYW8iaJZc5RNw+VmGcgeuOnrXQYPpRg+lFwOCOh3QnuYUgaS4h8v94UJjdPLAZRkjJHb3HNdrZYFlAFWRQEAAkGGGB3FT4PpS4PpQ2BJF0NPpkYIHNPqRhRRRQAUUUUAFFFFABRRRQAUUUUAFFFFAHkXiYf8VJf/wDXT+grJ2itfxL/AMjJff8AXT+grJxX2eH/AIMfRHmz+JgBiijFFbEncUUlLXyp79x8P+vj/wB4fzrt64eH/Xx/7w/nXcCuet0MavQKKKKwMgooooAKKKKACiiigAooooAKKKKACiiigAooooAKKKKACiiigAooooAKKKKACiiigAooooAKKKKACiiigAooooAKKKKACiiigAooooAKKKKACiiigAooooAKKKKACiiigDyTxKP+Kjvv+un9BWVitjxIB/wkV9/10/pWVgV9jh3+5j6I82fxMZiin4FFbXJOyFLSClr5c90kh/10f+8P512oriof9dH/ALw/nXa1z1uhnUFooorAyCise+8SWGm6hJZ3jPCyxLKrlSVfJYYGO42/qKq6d4x0/UhpyRLL9pvCA0Gw5h+UsdxIHTGPqRQB0VFYt54m0/T9XexupUhEcKyvNI2FUsSFX6nBP4VFofi7StdVFguES5ZmXyGb5vlJGR6g4zmgDforlU8d2Lb92m6nGEjkkJaJMYRtjdG67sCtHT/EUN/c3Ft9ivbeeCIStHcRBSVOcYwTnoaANmiuQuviFpltcWsJtbwmeQpnywNvBPTPPSug0rVYNXgaaCOZEVtv71NufpQBfooooAKKKKACiiigAooooAKKKKACiiigAooooAKKKKACiiigAooooAKKKKACiiigAooooAKKKKACiiigAooooAKKKKACiiigAooooAKKKKAPKfEY/wCKhvv+un9Ky8Vq+I/+Rhvf+un9KzMV9dh3+6j6I82fxMbiinYora5J1o60tFAr5o9u5JD/AK6P/eFdtXEw/wCuj/3hXbVz1uhnMKKKKwIPPvFflvrmotNcSeZBb232a3W4lTzmYy7kURsCWIUeuMVU0eMJqWn3GLuzujqYgksprqWRo4/KkOHDMQ2SoIIGPevRBZWy3sl4Il+0Oqqzkc4Xdj/0JvzqCTR7GXU49RkiLXMRyjM7EKcEZC5xnBIzjvQByFxpNxbX/io29zJLfyww3aP0JdWkKoB6bUVcd/xrY0a5GpeJb+7QeXBbwRW6xdP3hG98j1G5V/A1p3/h7StTmaW9s453YKCXz/DnH/oR/OobLwnoOnXSXVppkEM6HKuoOQaBHmFhdWM2o6moubVBLa3jCWGJ3I/0gMpfscgcYPOR6iu60aCe813U21G7T7U1nFEY4I2hZUOSGBLE9yMjoRW/faLYajcw3F3brLJDjZk8DDBunflQfwqSfTbW4uTcPGfOMRh3qxB2HqOKBnlE2m25k0+S9a3tXuLiRIFur6ZWTaSNxye/9RXc+B7d4tNuXkSaNxcvEVaZ3QhGIDLu6A1rWnh7SbJZhFZRMZhtleUeY0g9CWySPaptO0my0lJI7GAQxu24xqTtB9h0H4UAXaKKKACiiigAooooAKKKKACiiigAooooAKKKKACiiigAooooAKKKKACiiigAooooAKKKKACiiigAooooAKKKKACiiigAooooAKKKKACiiigDy3xCv/FQXv8A10/pWZtrV8QDOv3v/XT+lZuK+soP91H0R50/iYwDFFPxRWtyTqKWiivnD2Lj4v8AXR/7w/nXbCuKh/10f+8P512o6Vz1uhMwooorEgKKz7nVoLS8aCdJlARXV1iZg2ScjgHpj9ar2evRXa2aCCcTz48xDE4ER2knJIA4Ix+NAGxRWbc61bWl+1vMdqpGGd8E4JJwMD6E1Hpev2upBUDFLglh5ZRh0PXJHpQBrUViX3ifT7RTtkaR1mETARtgHdtPOMcVdg1eyulmMEpfyV3OuxlIH0IHpQBeorDfxHzE0WnXjRH5pGKAbFI4PWtGx1CO+80LFNG0ZAZZV2nkZFAFuiiigAooooAKKKKACiiigAooooAKKKKACiiigAooooAKKKKACiiigAooooAKKKKACiiigAooooAKKKKACiiigAooooAKKKKACiiigAooooA8x18f8T68/wCulZwGa1deH/E9vP8ArpWdivqaD/dx9Dz5fExm0UU/FFaXJsdHijFLSgV88ercWH/XJ/vD+ddrXGRD98n+8K7OsKvQUgooorIk5bWQjardljvlSKDyYjuO8kyZUAHuB17YqGyTF5ZyPAbW5+2hGtwzHYvlucZP3s4zmurEEazvOqASuoVm9QM4/mfzqE6daNfC9aFTcKMBzk47cdhTEYMtg8N3rQgmdrqSKK4Vy2CZAzlR9PlUfQVo6fOb3V7q53FUjjSBUJ/i+8348gfgauz6bZXUrSXFpDMxAB8xA3TOOv1NNh0nTbeUSwafaRSL0dIVUj8QKQGFb2t5qULW0bG3t4ruWYz8Es4kYqoHoDgn6YqzZSXTatfNcW4FyLRAUR+GIZ+Qe2fetuK3igjZI0CqzFiPUk5P6morPTrOw3/ZbeOLzDlyo6/WmBylrDdTxzMtpPFh2RVhdGUsDglyxy/pg4GPzrZ8OF3092e0FsrE/dkypwSpwP4enT9aunQ9KLs7adau7sWZniViSevJFWbe1htbdbeCNY4VztRRwMnNACWawpZxLbvvhCgI27dkfXvU9NjjSKNY40VEUYCqMAD6U6kMKKKKACiiigAooooAKKKKACiiigAooooAKKKKACiiigAooooAKKKKACiiigAooooAKKKKACiiigAooooAKKKKACiiigAooooAKKKKAPONdH/E8u/9+s/b7Vp64udau/8Afqhtr6Wi/wB3H0OCW7I8e1FSbaK1uSbuBSgUUV88emPi/wBcn+8K7KuNi/1yf7wrsqzqdBMKKKKyEGaKwpYTD4usnEszedBMWVnJUYKYwOg6n863DnBwcHtQBG91BHMIXmjWQruCFgDj1xTw6su4EEeoNcQbW6m+1yzyWUksl6bQTS2xdwc4BHz4AGemPzrb0WOeGwvNNKW7m1cRJtDIrgorfNksc/MaBGy1zAjojTRhnyFBYZbAzxT/ADECliy7R1OeK87a0+0zWlxG5KhmK4UnfkEcfuf8a20iWTwpNloxHJKoViC+WEgGGXav8QxTsB07XEKorGRArNtB3DBPpSySxwrukdUXIGWOOT0rzxYjcx2oe3R96ySJHCkiA5Y5IxnG0nj881syw3Q8LQRq6wOk6Bi0THf8w5wxBHrRYLnTtdQJKImmjWRskKWGTjrUoIIyCCPWuAvIVnub2Zo5XxMwZhbjkxsc4OO+Oea2NSYmHSFGHR0ZirS+QD8oI5H8qLBc6WOWOUExurgEqSpzyOopxYDqQK89sC0SRNGiIft+Ny3pY439NvetTxYY/tBTbCjeUr+aysWzuwBwQAOOSaLBc6uKeKaNZIpEdG6MrZBpDcQiXyjLGJP7u4Z/KuFsVto9ZVEWxljeWKMJAr7VBySQdxAOc9fSrV3x4jYrErv9pLdBkkeVjn8T+dFgudjHPFLGjxyI6P8AdZWyG+lI9zBG215o1b0ZgDXJ+FZGl8jfaTPJFEAHeRdsanPKqPXHXrVe9lI1+9LQJFK6o7LOIWGMYGCx9qLBc7aOaOUExyI4HUqc4pv2mD/ntH/30K53QFeB72ZbfzRNhmMRjCgquAoCnqao2y251u/z4clZQkWE2J8pwffvQFzsRNEVZhIhVRkkMMCka6gRVZ5o1VhlSWAz9K5zQHZPDSG30wRSC3Vi02FWbjnkZPTPaq6eSLuy3aeZ4zZ7oIRghMnLcseccY9BSC51yurqGUhlPQg8U6sbwzu/sSH5mMQJEQZApCg8dCQfrWzQMKZHNHKXEcisUba2052n0NPrm7BdVN9qv2OSyWL7Y3E0bls7V9CKAOheWOIoHdVLttUE43HrgfkaDLGrbWdQfQmub8RC3a8szdJbF4VMp8ybZvOCoUeg5Jz7AVkQfY7qGPbe6dI2yKIySTHejRsd23jkHtyKYrne5pkU0c8SywyLJGwyrIcg/jXOa9bC71KOC1tZJbnak7ss+xSgbBHXuKZp+jvBqTudKeK3JTylFzkR4zk4z3JpAdM88MZw8qKfRmApUmjlz5ciPjrtbNcvqLQvr0kiG0kYhLci5t3ZVfPADAY53DvUuhSQf2rLJut0eeJURLe3eNCFLEnLDB+9+lAHTUhIAyeAKWmTeZ5L+UEMmPlDnAJ96BiCeEoriVCrDKncMEU5ZEf7jK2PQ5rA0yxsdR0RJprKL70pCE7wh3EEKT2yOlM0i0it/BzSWkISeW1Ylox8zNg4/GgDd+2W/lPL58floSrvuGFI6gmpHlSOMyO6qijcWJwAPWvOxEhvbeJ4Ew8LSSIftHzOCmGPy5yPy/StqZ7oeCLaKSGZjIAtweQyRZyx55zt4/GnYVzqTPEPLzIg8w4Tn73fj1pzOq/eYD6muQQTssMljcGRDqBFs1w5kBVUweeuCQ1XNd8y5tNPkn0stKZ0DIZB8vzDK57g0gOgNxCDgzRg+m4Usk8UQzJKiDGcswHFed3Wn3I1B4fsrCST7UyL9lVsgyAj5s88Ec9q1fE2Ib3SiRblspv32xlZAAeThhleemPxp2C52KyK6hlYEEZBB60jTRrKsTSKJGBKqTyQOpx+IrkBbwyWs96SHnF+gWVCQMbl6DPA9qNctJR4jM8rzvG0ACbI8hOeR91vr2osFzr4pop41kikV0boynINDTRocNIin0LVxPheHyJLQSJcI4LZVoiACc9f3Y/nVm8WMaxfyyGxw04RBcWzysSIkJxtPT8PWiwHVx3MEshjjmjdwMlVYEgVLWBokm67dInsAFXLrBaPE+D0OWPTit+kMKKKKAPPtaH/ABOrr/fqjitHWR/xOLr/AH6o7a+ipP8Adr0OGW7GYop+00Vpck2cUU7FJivBPRHRf61P94V2FchF/rU/3hXX1nUBhRRRWYipNYpNqEF5vZZIY3jUDod23J/8dFTQxvFbqjSmR1GN7jkn1OKlooAwxoBuWZr+43DzDKsdupiVXP8AF1JLe+at2ljdWYuQtyk3mfNG0kfzbsY+Yg/N0HvWjRQBgweHpVS38y+ZGtgRbi3XaseevBzn8alGizNpTWEl2AvneYJIo8N9/fzkkZ3Vs0UAYj+Hx9ghtw0Fw8WQsl5Dvwp7DBGOgqX+wbdtHttPmZpEgUdGKh2Hcgds84rWooA5yTwtHKGncWbXjSrIWNsDHgZ4xnJznkk8mtaCwX7FDBeLFctGPvNGMfgDnFXCwHU0tAHOHw5NElxFbSWKRys7KzWeXTd6EMOnbir0mixy4V5X8sWyQccN8pyDmtWigDFbQ5jfxzC8LxB0kcSrudim7ABzgD5vSpW0cyakb97hhMGAj2LgKg6qR3z3P09K1aKAMTS9Cl08WzvetJLEpjbCBVZOy49jzn6+tX721adMwrbCbP35ot4x+Y/nVyigDO0vTpLBLkySRvLcS+Y3lx7FX5QoAGT2UU/TrGS0SWSeUTXM775XAwPQADsAOKvUUAUrOxNtpENiz7ikIiLgdeMZrHHhPzLZbO4vpXtU5XaMSFsYyWz0xxgYGK6WigCjBZTrYva3FxvGNsbxL5bKvboev0xVi1jlito455vOkUYMm3G73xU1FAFS9gvJwn2S8FsR94mIPn86zLfRtUtmmaPWcGaQyPm2U/MQB/St6igDOm064uljjuL6QxBQJFjUIZD3JI5A9hVS28PCyjJs5zazeZI2Y1yjKXZgGU9cA4/CtyigCnDZMuqT3skgYvEkSKBjaoyT+JJ/QVcoooAxJdDnkmlYXxET3a3PleWMcFeM9f4adY6NcWktm0l8ZktlZQhjAHIxwRz+dbNISB1NAFW3tZYLyeT7S7wS4IifnY3fB9DxxVuiigDFtNDl06zkjs7vMzk5edSyhSScBQRjk1bttLSHSIdPkkd1jQKXVihP5Hir9FAGI3hu2bUIrgS3GxInQr9okySSpBzn/ZP5+1WZ9LY2Js7W4eGN2/eM5MjFe4BJ4rSooAwB4fubVbeKwv1S3t23RRTxb9nBHBBBxz3zVy50ya/ggS6u3DRneTANgZgeD3Ix9a06KAOVk8JzSXqXLS2BZVZSDaMd2SOT8/Xj9a2ZdMEr2sv7sTROjO6rjcFDAAc8feNaNFAGBJ4ckkmlcajMqyXIn8oAbOCDjH4dc1Pf6Ib7UftTSQlfKCBJIt+CCTnr71sUUAYtnoRs9SiuleAKiMpWOHZnOPf2pDoUwninS+KTCaSZ3EYJbcMAYOegwPwrbooAzrTT54NRkuprxp98SxgMgUjBJ7fWtGiigAooooA4TVx/xN7n/fqlitDVxnVrn/fqltNe/Sf7tehxS3YzHtRT9porS4jVxSU7FIa8I7xYv9an+8K6+uRj/wBan+8K66omIKKKKgDnNV1S7ttZ8iKd0jXyfkEG4NuYg5bHy9BVbS9Xvbq50/8A4mCTCbBmTbGAo2k4GDuyDjtUmqQSTaxI6i5y0kCKqA7W2ncS3t836GqGh2UsMthO9hIlou0t+7Abztu3cR128n8eaYjQ1nVr611CFhJFa2iuUw43vKx4BCAglfpz7Vd0HUrrUhNNNNavADti8oYfPfcNxx9OtZt3pa3GrSSWRuYESXzbmZIwoJXnavGWOfwq1pNqs2szXLLNNGkSBJrmEK+8ls4OAcYx+dAGfcaxq9tJcGR9iyuFRTZyt5ZJ2hQwwD2ORnJrZ0O4v51cXcqssZ2qfs0kbMOzZY/nxWVdaNPFO4uJE+ygB1lEbv8ANkcFd+Qe4Pt2q54YsJ7e1E88jPJJvwHVgQu84zlj2x2oAdYSatqFt9oGp20QZ2AT7LnADEddw9KdZ6netpVzJIoubmKZ4l8pNu7BwDjnFZWnW9ulsRN4ckncSOWkMMZ3fMeeTmruirPFod60Fq9vJ58xihZMEc8DHSgDPTWtUMazBfMXymAcRSFWycq3CY6fhWpNqt//AMI+tykJEwmRCSwG5d6jd06HPp3rOl0aSK8iHmTtF9nYsscIPOQMY6d6t3ltJd6DZw3UErzGSMeWiEDAcfeA4xtHegCtd6zqBuLoQ3Uq4OIVSIEZ4GOUJb5vQ1p6jra2+nWDR3CrNeOirIV4C8Fmwfb+YrDutM1J7yB7SEJbvIw2SRBWIALfRRkDGep9K2ZrRTZ6S4t282O4jQlo9rKoJ4IHQUAVrbXtQa+uEkitkSXE0Ann8siM/KBjHU7SfxroXvIrc28dy4SWdtiKMnLYzj9DWPeadNeeI5XjFqFW2jG64tfNGdzdPmGK1ri8+yy2kTxvI07+XuQcKcE5PPTikBbooooGFFFFABRRRQAUUUUAFFFFABRRRQAUU1mwQAMk03LHJz07UAKXw238sU3GGbPzcd6VhkAjAB70g5X7v3evvQA9GBGM5Ip1RZO4Hv6CpaACiiigAooooAKKKKACiiigAooooAKKKKACiiigAooprNjHqelAHGaqP+Jrcf79VMVe1QZ1O4z13VT217VOXuI45LUQCinbaKYF+ilxikNeSdosY/fJ/vCutrk4/wDWp/vCusqJiCiiipAKKzrrW7CzuGhmlbcmDIyxsyx56biBhfxrQBDAEHIPSgBaKytQ1uGwuVgeKRmPJIxgD15PNJZ63Z3t3LaJMBKmMISNzcZPHtQBphg/ynr3xTeO2SV9e9Zt3rUVlctEbW5crGZCUUYKjqRk9s0tnqzX10Y1s5YtqhizsvfoOCeo5oA0dwzuUZB4NLt+TbnntWTPr1tDqZ06OKaaRU3yeQhk2egOO9XNO1G21ATG3EgMTbH8xCpB9OaALYjHcn6U4AAYAqtc30dtNaxkbjcS+UCD0O1myf8Avmn3N1FaWk1zISY4kLtt5OAM0AT0ViTeJrOCMtJBdrIHEflmBic/VQR0561bOr2zaY9/EJHhUAjMbJuz6bgPXrQBoUmASDgZHSse88RW9lcvE9vcsIxuldY+EXn5vccVcm1O0traOe5kMCSHaokUg59MUAXaKxoPFGlzPKpuAmyTywWU4bpz096t32q22n5NwtwFC7i6W7uoHuQCKAL1FY0HiO2lcxvbX0c3J8s2kpO3OA3C9DVq61L7NOYhZ3UxC7iYlUjH4kGgC/RWXZa0l8YNlndpHOu6OSRVCkYzn72f0qxdahHb3EFsqmW4lPEa9Qvdj6AUAXKKhguobkyCKQMY3KOO6n0IrOPiK0V5UaG7Ro08x/Mt2UBeeSSOBwaANeis6y1vT76HfFd25cR+Y8ayqxQe+DVFfFEElu8kdndlw21UMR+Ynpj6jn6UAb9M3AkqetZ9vqiXVo9xFFcsgXcAYirP7DPWobjxDpdqbctdRK8rqpR5ArKCM5YHkf8A16ANXjoCcjkZo3c7h2HNUb7WLG20xr8XMLxLnYyyLhyOwPc1Xk1+2DssEUtwoxmSDaynIzwd3PHPFAGsB8pBx83QUKnGSTz1rPudYt7OyhuzDcSRzKpUpHnG7GM9h1FJLr9pbZW6S4ikRBJIohZxGDn7xUEDoe9AGoAAMAUtULnVrW1vY7V5F8x43kA3DOFxxj3zx9DVS18R213NbRrGw+0HCHehI+UtyAcjgUAbVFUbzVILKYxykjbC87t2RV7mobHxBpl+sIiu4fNlAxFvBYH0+tAGpRWXca7Z2kcr3Imh8tipDxNzjvkAjByOadp+tWuoxqYhKshj3tG0TAr7cjGaANKisdfEMLgFbO8wZDEoMYBZxnIwT2x3q5Z6gl5LNEIZopIsbllAB56dCaALlFFRXNxHaWstxKcRxIXY+wGaAJaKyYtdhd2SS1uofL2+YzoNqFgCATn3FLca7a2unPeTMEVZWiCswBYq5Tj8aANWis6fXNNt9u+6VtylgY1LjA4JyoNXopEmiSWNtyOoZSO4PSgB9FIxIXIFMJIIy3Dd6AF3/MVNIQPujOe1HHVR8w9aVsMmfxFAHJalzqM5I/iqrirmognUJif71VcV69P4UcktxuKKdtoqxFykNLSEZryEdosQ/ep/vCusrlI/9an+8P511dKQgoooqQMTVZvtckmj2YXzp1/0mTHESHjJ/wBojgCteIRxosKMP3agYzyB2qrPoumXMzTT6fayyt953hUk/jirMVrBC5eKGNGKhSVUAkDoPoKAOX8RwXE+rxJAqIZFCl2kAXYM5z8p7nHXv0qG2jvLW6iuECyB7kKsTN86YXYfTjHOOCK6ifTra4eZpU3GaMRsc/wgk4HpyaV9OtXkZ2j+ZpBKSCR8wAAP6U7iscxqtnFqV9NG42NuZYxCzF3fYW5PQcDoB+NS6RaQWOp20MLLL5qeZ+9Z1kjO3p6N1HBwQK6C40u0uVAeMqRIZQ0blG3EYJypB6HFLb6ZaW33I9zb/M3yMXbdjGctk9OKAscxLp15e3c8JhzHaylR9jKw/Myhj8xJY8MPStHQo7tTc2M+xbeEBDE0a7/mGfvKcHr6ZrRl0PS7i4knnsbeaWQgs8kYY9AO/sKkttLsrNJktYEgSb76xDaOmOMdKLhY5fVNLs576NNNskkFi/m3IUk7u3ljn72CT+ArWki02Pw9d3FhDG0M0RDDJww6EHnjvWvaWkFjbJb20SxRIMBV/wA8mojpViTcbraMi4wZkIyrkdyvTPvQBxiWlwq280EbuPNlG9JpHKEEjJA6EjA79KvTRW6+DpfPYGN5MRIC/wB4HGADznIPFdMNMs0tTbQwi3iJ3bbcmLn/AIDipbe1htbdIIU2xoMAZz+vrRcLHD3oH2+4VbPKMU8kFMEq2AuQYyeWJHJrWu7W5l0nSfKjlEsMoacW23ch2kN146mtkaPZCGWMxs3msGdy7FyQcg7s54xx6VZtrWK0hEUIIXJPzMWJJ6kk8mi4WOHS3vLiLUI0OqMTdAkPs28bSd3/ANatDxHcC7iilhzJbNZSTFS5UFeOSO/Hb3rem0WynlllZJVaXmTy53QNxjkAgdKnSwto2iZIlHlR+UgHQLxx+gouFjio8DURJbHIT7OHcXW8gGTGMqSCDzwemfeuk1GO+a+S4gsUYwghZBcbS6kcqRtPGf5Ven0y0uJo5ZI2zGQVVXKrkHIJUHB59atkAgg96LhY5fw/FfG2025exRlFrHGjm4HyLgZIXb1PHekutO8/X702tq7ybYzLIb54s5zgABTwMfrXTW8EdrbxwQrtjjUIo9AOBVO50PTLy6e5ubKGaZlClpFzwOn86AM3RrNLbWblWtTbzrCjsy3TSiUMWA3ZA5G39axI3g1G7uYLnUkjzCwZGcZciWTaCeoAwD9K7Cz0iw0+SV7S1jhMqhXCDAIGccfiaH0jT3hSD7JEsKuH8tF2qSPUDg/jQBkaC0erWF9dugDTgQmL+JVVcc+mSWP0IrnbkSx3ljvnUSFibgRrKwh+U8MfM5x6Cu8k020klllaEb5o/KkKkjcvocUJp1pEIBFAkawEmNUGAuRg8D60XCxh2Kx/8I/cy3DOkeS6SRsQSByGGScc+9Vrx9QvLqBEe2cW4F1JutiXTAO1Ww+GY5PTHSuiOkWG2VRbIqysHkVPlDEc5IFRy6BpM9y9xNYQSSyHLM67snGO9FwMbWxdXPhJ2juoGM2BGIYMCQNgBcMTg5PWqRmJv7UB/tBuJN4YKEIzEYxuX+H5mxj2NdVDpNlAkKRQKiQyGSNBwqsepA6dzTW0eyZJVaIkyyCRn3sGLDodwORjtRcDmNcja48PafDBEHeMRLJKxYIu11UrweSW/QGn3c8Fnaa5b3DRWsz2KhYWmBJO1+meTXU/2da/YVshHi3XaQuT2ORz16imz6VY3TzPPaxyNMgRywySBnj26npRcDD1yC6m1i28ry4x9ml2uib5G+5n0x19fWsbTbv7TqywQyy74nB+WEgMM5O07/wPWu1uNKs7qYy3EPmMV2YZiVxkHGM47DPrih9LspC2+3jYMVOCOAV4BHpj2ouFjGbShc+Kbg3MzyK8UcuwcLtVvlQjuM8n1NM8P3TCdoTcXRXzpR5X2f8Adj5j/Hj+tdGLeIXRudv70psLe2c0lvbRWsXlxDC7i2M9ycmkBzF+iSsscdxdiKO8kATepBIjLnqDkAj8Can0dkS6vJXuLhmlRS0TMD5h8sNkYAwQDjitqPS7OJ2dYuSrLySeGOW/M9foKSLSrOC7FzHEVlC7AdxxjGOmcZwAM07hY5DTrCY2M7y2wXN07LtR5ivJ4I3DBHrnvW34VBexNyYwhnRHIEDJzj1LHcPyrSl0eynBEkTHLs/EjLyxyehp1lpVlpxzaxGP5duN7EAegBPFAFxWV1yrAj1BzWP4pt2ufDt2okKKqF2wPvADOPzxWlZ2kdlbCCIYUMzdMckkn9TTri3jureSCVd0cilWHqDSGcdNYXkup3m6NWkH752icnO5gFQjpkKpP5VbuljGgrNNAssEOoySTZUEqgmYnAPXkAV0K6dbpBLCisiysXdlchiT33ZzTBpVmIoIvKJjhYuisxI3E5yc9Tk55707isc3plxaQJ5zTQRLcWk0oG4KAWkJ2j6Zx+FdLpP/ACBrH/r3T/0EU19G02SV5XsoGdwdxKDnPU/XjrVuKJIIUijG1EUKo9AOlIY+oiFUkH8KlpCAce1ADVJK5xzSqpA5p1FAHKaiP+JhP/vVVxVzUBnUJv8AeqtivWpv3UcrWozbRT8H0oq7isT0UtJXkHYxYxmZP94V1VctH/rU/wB4V1NEhBRRRUgNLqpwWAPuaBIhOA6k/WuY8RR27XM0dxbRb5IkeCXnccOA6/kV/Amm2NtaQ6uYILSJp/tjHJz+7jVFJI59SAPrTEdSZEBwWUH3NKGDfdIP0Nc9qMEH9ul7jTZJ4WgBLxx7svnHP0A/Wk0OeG31O7thaTWouJN8COmAVVFBP55pAdDvUY+Yc9OaUMGzgg4OOK4jUpYjHFssJwy3Um7zGGFKqz7QfTcAcfUVraBcXAvLmCdgQ7u/THzAjP8AMUWA6KiiqOq6lHpVg91IAcEKoLBQWJwMk9PrQMvUVymoa81zpGpQZiWeKFXDWs/mAqSBwRgg0+xmih121itzfQxyI+9bsttc9gu7v1/CgLnUUVhy69LBqKWksNuDK5jiVbkM+7GRuXHAOPfFSw6358GmtHBmW8Yq0ZbHl7Qd+eOxGPxoA16KKoa0s7aPcm2YrOieYmO5XnH44x+NAF/NJXL3Wpyz6rZ39vMRZW6xeao6P5vHP0ypqRNUu43vL1BC0Ek7JGbi4EaBYxt+Xg5JYNQK50tFc5Fq7T36XqBvJOmNOIi3GQ3+eakh12/l+xqdNRWvYvMg/f5A4BIbjjg54zRYZv0VjJrM8umtOtvCk0czQzLLOFRCpwTuxyPTjvUEfiR54bf7PaCaeWWSEqkoKh0GfvY5X3oA6Co/Oj2u3mJtQkOc/dx61gWmoas/iHULeeGNLeOGJjtlLGPIflRt5Jx09hXPzWrQkLFavKk0oE25p/mHO5j+7GM9+v0p2Fc9CBDAEEEHoRS1geGRCLd/KByclW3SMCpPAyyjp0ratnmkhDXESxSZOVVtwxnjmkMlooooAKKKKACiiigAooooAKKKKACiiigAooooAKKKKACiiigAooooAKKKKACiiigDmNQ/4/5v96q1W78f6fN/vVW216kH7qOZ7jaKftoq7iH0UuKSvKOtix/61P8AeFdTXLR/61P94V1NJiCiiikBk6rp99qCtEktoseQULwszryO+4Uyy07UbW5mlaeybzpN7kQMGxgDAO72rZooAzptGs5WeQxuZGyf9c4GfwNVdO0m5gvkuJ/IRIkdUjid3yWK5JLf7o4rbozQBza6FqcM63CXsMsm9pdsisFV2BBIwfQkDNXtJsr+yV47h7do2LOWQsXLE5ySa1qKAKtnBcQLIk8/nLvzGxHzBfQ+vOaZqmnpqdi1uzbDuDo2M7WByDjvV2igDEl0W5udOu7eW5t1edQqmK32qmDnOM5P506PSb6a7gn1HUEmWBi8ccMPljdgjJ5OeDWzRQBzdv4Zlhls83UPl2s/mqVgw8nX77Z5PPWptJ0/y9c1K82ssfmFIVYYwTguR7E4/Kt6koArW8FxDczl5/Mgc7o1YfMh7jPp6VaNFFAGHZ+HI7TRrvTxOzCdmIfHKA/dH4DH5VEvhp4EsxDPCTBb+Qxmh355yXXnhic+tdDRQBgw+HpII4kW6B22T2jkx/eychhzxzVuLSjG2lnzs/YYzH937+VC568dK06KAMCXw7IZRKk8TOt1LcBJod6fOMYIz1HY1Jp+gvZTRyNciQrPLMcR7c7wBjrxjFbdGaAM4afImsy3scq+XPEkc0bKSTt3YIOePvGqM3hyOOWaW3QS+ZjEU0zqqHuQRk/hW/RQBm6NpMek6fHCoHmhAHYEkE+2as2Iufsq/ayDNk5wMcZ4/SrNGaACijNGaACijNFABRRRQAUUUUAFFFFABRRRmgAooozQAUUUUAFFFFABRRRQAUUUUAFFFFAHN33/AB/Tf71V8VZvv+P2X/eqvXpw+FHM9xMUUtFUIdSGlNIa8w6hY/8AWp/vCuprlo/9an+8K6mkwCiiikBi6vqeo6fIot7W2n8xgkSGUh3PfjHb1rYQsUUuAGwMgHODWBrRtp5nS50y6knjQi2miUnJI7EfdOQOtaemSzi1htrpX+0xwR+bIR8rNjnB780AVNT1ZrW5EK4RUkgLuehV2IP04WqeneIbu4+zu1i8kN5OwgkV1ACc4JHXoM0mvWcy38d68sf2JpLdZYjGWJCuxOT6Yb0qKxaSDWVu5beZdNkZhaHb9xnxksOoB7fjnrTEO1DxJcwazPbxRIsEMX/LZghdifvDPYYI981P4e1651RIEnW33NEHZkkBJP07VR12O5nuLqWz2ySpGVOIHUKACeW3gH8B36U/Qba4tZ7WO4JgbZgRiJyrDb2feR+Y/CgC9Pq+oRaykCadM8TRMdmVydpHzA59xwak0HVbu/t5ZL22aHa75clQq4bG3g9vWqsOnG91uWSO9vhDbxmLzDIRuckEgcdAAPxPtT/D9gsFlPJNPcOnnTho5WypG884oAtxXl1qK3ctnIkcATZbOyg73/vf7vYetSW+rJcafLMsbG4hGJrcY3I349u+e4rGS10mS7utTuLJVtJAEhDRHMhGSWAx3z+lX9P00SeGY4GQwPLFtc7cNsJzt/Ike2aAKdp4hvLm00/At4HuIXkMt2cKdpXoAe+79KvXWpXFpozXP2u0nmWVFeSOMmNFLAElQxPAyetZGi6ZbSrCv2RTDb2bbxIuR5khX7oPoE5/3qsPbm38G2CWtq4kkjh3rDH8zfKM5xQBVbxZelYtjaeWUPI4aUxbwMhVAYHBbgjnP51sT62UtNPmyMzzhW8lGkGO46cH9ayJbO4trS3uTdTQgw7WhnLhmcd/l9gBWnPHeLpenGC3BZGW4lM8uBHgZIJwSevp2oAqSa1rAu2K26mJWEYT7O+GBI+fPXjnitO91qS1mtYFhjaSeIyZlk8oDGOOfrXLS6XuQuzxrazXTIJzbHIBDPu69Mjb+Oa6W401tVNjfxtFGVhIEdzb+Zw2DyMjB4oAqaV4kubhLMXMVuxnlMe6OdSRyf4R9Kn1nXbjTbgxL9lOSoALPvUHjcQFIrAtYvsVlE5MH2u1kd0gWxZXd8sANwPQ5rX1WzubnVbtoBMSq252x4+cBmz97g4oAdpOvXd1dpZSvZu6kJ5oLqZvlyxUbcdM0a5r11YW14qNYxTRIWQNdLv6ZHyEd/Sq1jHMviC3843AkNyZDHIBwvkuNx28A5OKt6nZsLLxJK8OfNjzExXJOIQOPxBoAuadq8t9ME/0FwF3P9nuhIw/ACsyXxQYobt2nW3MdyUjF1Aw3DAwoGRzn8q0LWGZ9fe6WxaCKK2MIL7R5jFgcjBPHHesy6ttQiaU3cELwSzi4EcQLkvwFjycZyQCTgYA96ANTSdTubvT55Z5rKW4UFljtG3bR2yNx5/GsRfF9y8d4AqCSNjGo+X/AFhChB16bieeemKt6XawrFepnEKWaxSS+WQC3zFuo561lWqzGCSK6tp5N0brEfs6/vJW4BjbA2gADrjt6UAdGms3MmmXs32CZJbYFPvKdzAcnr2qgfEd6BuZVhjSCORy9s0hy2c52sAOn60+L5fDF7a3pmiuk3GdlyN7sScqR1B4FYr6dHMghMIt4JU8lHaBnYeWASQAR1Zm59qAO00m5ubqy8y7jCS72GAhTKg8HBJIyKvVh6Ncx22gTXTxBVjeQsI4yu4KSM7Sc9AK2wcjNIZnaxez2UEbW0MsspYHakRcEDqDjp7Gsyx8UobOS4u7a9CCaQBxbnaqhyBk/TFa2p3klvEIbaNpLubKxKBwD/eJ7AdawdQtIbOyGnwzzyXMiRxNEFJVzvBL9MDvTEbup3skCxW9tg3dw22MEZwP4mI9AP6UxNQMeqrDLIjW9yga2kGMFh1XP6j8ap6/ILZkWGCXz7weVJcRRljHGOvToeeP/rVHHcQS3kGnvZzf2c6KsQkgKiJ16DPuB19vegCXUtVvYL14rfIRcdbCWTn/AHlYA0yx1bUJdQt4pjGYpWZTm0khbIUnjcxz09KXVLG4m1jzv7Pe8g8kKAtz5e1snPGR2xVXTN6XOnWkisJ4JpmkTJfy1IOAW6dx3oAdd+IbyBr7EPkiGeKNXnA2hWwD0YeueTVjRdamv9Rnt5JraWOOESB4QBgkkc4dh/KsiSKJNTuWtYruZnuQZHRm3eUqjfz3wcACrXhs+ezJcSM5YSAK8km4ruONykADjHegCVfENzM0M8EUk1vPePGnlqv3FBGOe5Kk1e0rVp7izvZ7m2mXyJHwCFyQM8DB6jFZMVnJLPBbWz3MZjupXCx4VI1DsNxJB55wBWhpKtppvluHu3MbGRkZQ4YMfvLgDOfTtQA251qcvcvbSKYgts8R2g8SOAf0rTOpq9vcSW8MkzQymEKo++wx0Ppk4z7GuQkKQrew20F+YpDB5RNu2VCybiOnQA8fStz/AECTw+1sHuoYYiMvJEwZmJz0x82efzoAoxeI9TSVrKT7HJqZcgW2WBA7cjjGO9a2u6leabo6zxQl5yUDGLBVTkZ69uSKwvsb2mm3Jubjy1lLSQWhs0OQBheACATj9at6xp6L4XtLSTzFmYx5hjJw7kru49OvHSgC9/aGry6o9rAtkqrEJT5m7cgJ4U4OM9a24fN8lPOKGTHzbM4z7ZrihptlZXOrxXVpNdy4UpKICwH7voMdAPT2rrdLBGkWQOc+Qmc/7ooYIt0UUUhhRRRQBzt9/wAfsv8AvVXFWb3/AI/Zf96q9elD4Uc73CiiiqEKaSlpK8w6RY/9an+8K6iuXj/1qf7wrqKGAUUUUgCiqF3qsFndC3ZJnlKb8RpuwM4qOPW7eS4ihMVxG0rbFMkRAJwTjP4GgDTwD1FFZzazai++yKs7y5O4iFtqgHBO4jGB7UtprWm30whtbuOWRhuCrnkUAaFFZkevadJM0S3Cl1mMJGeje/oM8ZPeprHU7e/VTETkxLKQR90Hpn3oAu4xRgelYh8U6YqB/NO0zeUMKT3xn6VoDU7NrWW5WYGKIZdsEY/OgC3iisT/AISnT/scdwfPG9gpUwOCp/izx/Dg5x0xVuTWbGGy+1yyOkBbaGaFwScZ6Yz074oA0MAdqKyX8R6crQBZJHEwcjbC5KhepYYyBkgdKsTavZwQQzu8nkzKrI6xOwwcYyQOM5HWgC9gGjGRismTxDYw3Lwy/aECJvZ2tpAoGcf3env0q5cX9vazLHO/l7kZw5Hy4UZPPrjn8DQBawPSiqa6nas8qF9pjkWM7h1LY249jmrlABiiiigAwM0Y4xRRQAUUUUAJj2pcUUUAJgHtS4FFFADWRHQoyqynqCMg06iigAooooAKKKKACjAoooAMCjAoooAMD0ooooAKMZoooAMCjFFFABgelFFFABRRRQAUUUUAc9e/8fsv+9UFT3v/AB+y/wC9UFelD4Uc73CiiiqEFIaWkNeYdIsf+tX/AHhXUVzEf+tT/eFdPQwCiiikBxvidHk1eTy4TIRaJGD5aPtd3YL97p06iq+jFv7ejAhwygIyCCFWRhncWxyo9+9dVc6PbXXnFzIGmdHZlfB+XoAew/xNKNHs0mjmjV0lTA8xZGDOBzhjn5vxzTuKxzU0c8vip5o1umtRGyj98QchhubB6pk4x7E1o2PL+Hv+vRv/AEBa3HtInuftBzv8sx9eME5NVbTQtMsJYpbWziikjUoHRQCQfU9+lFwOTZrm2hFoyyxwLfeUEe4JAURO235VJ64Occ4rQ0CNDeXViCVtjbAFFldu+OrKp6VvJo9lHeG7WLE5l84vnkttK/lhjxT4NOhgu5roPK8so2ku5IUZzgDsKLhY88Ni32eOKFZisc24FMldoY9PlrptOQyeH77Ecr7SWUF/mLAdOnHQVrRaFaQxiNJLsKOgF1IB+QOKkj0i2js5bUGYxyuXfMrbiT1+bOf1ouFjip5pYNbWKS9Vf3T+YRO5VWJGQTt+92xWlqon/wCETtixaKUs5xLl9o8t+Ox6dPTNdINIsVZNtugjSIxCIKNm0kE5H4Un9i6ebVbV7dZbdX3rFKS6g4x0Pb26UXCxxaWs1wzpz5o3O0trH80i5Iw2W4Tj7ozn1FbOpXMr2GjzlijSbWiWJAYy5xtBBBI+Uk+2DWu+g6e0gZI3gAj8sJbyNEuMk9EI9ae+i2MsNtDNEZY7ePy41c5A4Az9eOtFwOFuIUudXnjeOfy5IcHCgHG7/drq7+WG21WwWa5K2VzG8Zhk+6eABgdcnNW/7Btd+8TXgbGMi6fOPTOanu9Jtb1IlmVi0QKpIGIdc4zg9cnHXrQBgaZKt3qkOlsUZ9MO6WXjM23Kx/XGcn0IHrXTNdQLcLbtKolbouef88H8qrSaLYPBBCsAiEBzE0Xysh9iOee/rT302F71botJuBBK5+UkAgE/maQFyiiigYUUUUAFFFFABRRRQAUUUUAFFFFABRRRQAUUUUAFFFFABRRRQAUUUUAFFFFABRRRQAUUUUAFFFFABRRRQBz97/x+S/71V6nvf+P2X61BXpQ+FHM9xaKWincQ2kNLSV5yOoWP/Wp/vCuorl4/9an+8K6ikwCiiikAUUUUAFFFFABRRRQAUUUUAFFFFABRRRQAUUUUAFFFFABRRRQAUUUUAFFFFABRRRQAUUUUAFFFFABRRRQAUUUUAFFFFABRRRQAUUUUAFFFFABRRRQAUUUUAFFFFABRRRQBz97/AMfkv+9Vep73/j8l/wB6oK9GHwo5m9Rc0UlFVYLgaSiivOOgWP8A1qfUV1FcvH/rU/3hXUUSBBRRRUjCiiigAooooAKKKKACiiigAooooAKKKKACiiigAooooAKKKKACiiigAooooAKKKKACiiigAooooAKKKKACiiigAooooAKKKKACiiigAooooAKKKKACiiigAooooAKKKKAOevf+P2X/AHqgqe9/4/Zf96q9elD4Ucz3FopKKoVgpDSmkrz0jpHR/wCtT/eFdRXLR/61P94V1NTMEFFFFSMKKKKACiiigAooooAKKKKACiiigAooooAKKKKACiiigAooooAKKKKACiiigAooooAKKKKACiiigAooooAKKKKACiiigAooooAKKKKACiiigAooooAKKKKACiiigAooooA52+/4/Zf96q9T33/H7L/vVBXpQ+FHM9xaKSiqJAmkoorhOkWP/Wp/vCuqrlY/9an+8K6qomCCiiioKK17fW2nwia6lEaF1QHBOWY4AAHvSW1/bXc9zBDJultnEcqkEFSQCOvsetc54kNxb36X1wYpjEwj0qyUn97cMPvv64547DJqVIpZfEIuLG4hXUoUji1KBlKpMhGQ698g5wee4NAGheeJ9I0+7e1urspMmNy+U5xkZ6gY706w8TaRqd4LS0vA9wVLhDGykgdTyB6iuZ1FbmfxJqNpafaD9nCSOz6vLCCXBOFUcADFN0VxPrfhq6Uz5ntLxys1w0xU5iGAzc44oA6mfxFpNtLdRTXscclr/rFY47ZwM9Tj0qbT9b03VIo3sr2GbzE8wKrjdt9SOorzYrPa6dKl9Pv1KXU597QpkudqsVUeXIcD6DgV0HgySNp75ZGbz44wxEybWVTnnmJDg49+lAG7J4u0GK8itTqUBeQMQytlV29cnoDzWpaXtrfwefZ3Ec8WSu+NgwyOoryOygvI4YoVLsXlMaeXcOQWPzADbOBypB6Cu4+H1vNaeH5objAlF5MWAfcRlsjPzNzj1JNAHV0UUUAFFFFABRRRQAUUUUAFFFFABRRRQAUUUUAFFFFABRRRQAUUUUAFFFFABRRRQAUUUUAFFFFABRRRQAUUUUAFFFFABRRRQAUUUUAFFFFAHOX3/H9N/vVXqe+/4/pv96q9enD4Ucz3HZopKKoQUhoNIa4UbXHR/wCtT/eFdXXKR/61P94V1dRUKiFFFFZlGNqvhu11bUre/luLuKeCNo4zBKUwG6/ieOaisvCdnp+rx6nBdXzXCoY3824MgkU9iD6HkYreooAoXWiaVfTme7020nlIwXlhVjj6kVR07wvb6fqaXou7iYwo8dvC+0RwKxBIUKB6D8q3aKAOen8I2092lz9su4nS5kuQYXCnc67SM46YFSW3he3t7i/ma8vJje24t3Msu4qoz0PUfeNbtFAHNTeDbdpJTbX93axSbC0MewrlFCBhuU4OAPyrU0vRLLRwws0KBo40YZ4OxdoOPXAGT7Vo0UAFFFFABRRRQAUUUUAFFFFABRRRQAUUUUAFFFFABRRRQAUUUUAFFFFABRRRQAUUUUAFFFFABRRRQAUUUUAFFFFABRRRQAUUUUAFFFFABRRRQBzV/wD8f03+9VcGrF//AMf03+9VbNenD4Ucr3FzRSUVYhaM0hOKSuKxtcfH/rk/3hXWVycR/ep/vCusrOr0KgFFFFZFhRVHVNRXTLVJ2jLhpUiwDj7zAZ/Wm22rW85uBIyw+VdG1G9gN7YGMfXPSgDQorD1HxNBZRXPl2l7cTwhtsaW7/Ow7BsY59asWeu2t9MkUcV2juM/vLZ0A+pIxQBqUVy11480i3mliEqu0csceQ42sGbaWBH93nI9q0tJ8R6frX2j7JKGMDEFcjJUcbsehOcUAa9FcwPGKuLVk0i+ZbpisJGz58An+96A1oW2urc6bPdrZ3CtBIYnhIXeCMZ747+tAGvRXNxeMbaW2+0LYXuzzY4h8gyWfG0df9ofnV+51yOz0qTULmzu4449xZPLy4AGScDtQBq0VhXXie2s7NpZ4ZYZ/JMyQS4VnUHBwehI649xU2seIrDREtTeTxRtcSpGqvIFOGOC3PYd6ANeiuck8a6RHqkdl5zEPGzmQRvgEEDGNvPXrVrVfEthpFsZ7gXDJ5YkXy4HYNnoMgdT0x70AbNFYdt4ntJoYTJb3kUrqCyG1kO0ntnb29aiv/FlvYajLaPaXLiL70qgbc+WZPXPQUAdDRWJZ+Iluru1gewuYPtIJjeTbg4GexPar8+oxQ6la2AVnnnVnwv8CKOWb2yQPqaALlFUtM1GPU7QzopjZJGikjb7yOpIIP5VQfxBOkjKNEv2AJG5dmD7/eoA3KKytK1tNUubq2NpPbTW2wukwHRgSCME+hrVoAKKKKACiiigAooooAKKKKACiiigAooooAKKKKACiiigAooooAKKKKACiiigAooooAKKKKAOZvz/AKfN/vVXqe/P+nzf71V816kPhRyPcWigGiqEHWkPFBNJXLY1Hx/61P8AeFdbXIx/65P94V11Y1uhcAooorE0OG8YLoA1C1YxxPq5u7flQWdRvH3scDj1qxYwafY3+q6zdRSTTDU/Iiyd3lF/LTKgnAyWGSOcV1Fzp9pdoVngVgXWQ44JZTkEkelV30DSXv8A7c+n25ut4k80oM7h0P14HPtQBy3iWLzdcv7hBFeC1sBI8Bu5ojHt3sfufLlgR154qx4Ui8jWbne0UBktoitqLmaU92LgyDnhgPl9K6C70DTL23eCa1HlSOZJFjdo97Hru2kbs+hq2bO2aSCRoIy8HETFRlOMcenFAHnGrI1vLPNp1nqLWq3SWqoJSiK28K23Eynkknkda6PwvbJC2oQzRXa3seN32g7isbjIVTvfIypPJ710EumWc0PkvAoj84T7V+XLhgwbjvkA02LSdPghuIobOCOO4z5yogHmZ459aAPLrzSUtbzSYV07cBOw3SaINz/Kx55+f/JrrLPR4/8AhEry0+zzKsk5lMX2ERjqDgRE4xxWw3hPw+zLu0q1LDlcp0qSPQtLt4pYI7GGOCbHmKF4bHTNAHndjpMX2SJVtVjNxeeX5c0Cwo3kiQjJQ558oE+hPetLVH+3fDI2luk32iOF1crI4EOI953EEbhtIHpk+1devhvRVKBNKtV2P5iARAYbnn9T+dWIdIsIbC50+O1jjt7gP5saZAbcMN+lAHD6uL3T9AuLdrS+nVLcq4CeZEG7OkkjBhkHkc1teIjql5YaQ0SRWSteQbxMBJIjbxjG0lcd+prqLqygvLN7SdN8DrtZckZH1HNQ3ekWN9NbzXMHmPbnMR3EbT68HrQBwl6bkeLDp39rXX9rvMBbyqUEaW7EM2RjhgARg8n5T3NaPju0u7iTTy86iwFzGBAquS78nLbCGwMDAHfmujXw5o62DWQ0+HyGO5gRklv7xbrn3zmrTafbPHbI6FltmVossSVIGAc55/GgDhrQTW/iLRgss6rJdMjgm6AYeTIcHzWKnkA+vFN8Qn/idauIkd5QrK4CEqsbWxySeg5C/nXcPpNlJqKag8Ra5j5RmkYhTgjIXOAcEjOO9LJpdnMt4rw5F6u24+Y/ONu314444oA4Xw7YrB4ltIPs9qJrdDIskFtHCGiKAZ3DliCSCvtk4yK22jkj117W1uy97K4mvrogDyYATsiHYE9Mf7xrdj0XTYYreKOxgVLZt0ICD5D6iobjw5ot3dSXNxpdpLPJgvI8QJbHrQBR0oW2oareXttI0Miu0F9aZDK7DhX/ABXBz3BGelchexWMdrqcwt9IiuoHnENmdIRi+wsEGcc7sD869Ds9G07TriSeys4rd5FCv5S7QwHTIHHfrVySNZY2jcZVgVIzjg0Ac5oEMVv4m1qKCKOGNYLTbHGoVV+V+AB0rpao6do9hpIlFlbiIykNI24szEcDJJJq9QAUUUUAFFFFABRRSEgEAnrQAtML9dozjrSMSG9F6EmkJ5yMgEYGO9AEoORkUUxSVIU4HHGKfQAUUUUAFFFFABRRRQAUUUUAFFFFABRRRQAUVSmlks5jI7F7dzznqh/wq4DmgBaKKKAOX1D/AI/5v96q2as6h/yEJv8AeqtXqw+FHI9xQaKbRRdgKaKM0ZrCxVx0f+tT/eFdfXHxH98n+8K7CsK/Q0phRRRWBqU59VsLa6W2mu4kmbGELc89M+maJ9Vsba6S2muokmfGEZueen0zWdqwjvJJdJtEjEtxhrqTtGnqfVjjA/Oqr+QumeIVmxv8xt27rjYNn/1qYjpqppq1hJeG0W7iNxnGwNzn0+vtUMEeplICJ7ZYNiblaJi/QZ53Yz17Vhtb3cUljohS3ZEm+0faEclgitnJXHBJ46880hnQnV9PF59k+1xfaM42buc+n19qku7uO1t3uJWIhjUsxUc8Vzdza3ieToiRQss9yZ/PDneqB95YrjrnjOe4rS1wtfRjR4mHnXGC5H/LOMHJJ+uMD60xGuF4I/iHIPrSMVIyfxHpVLTbw3dsVkO25gPlzJ0IPr+PUVdABk2gHG3rSGUb3VrexZVmZy55G3HH5kVDY6/ZahPHHAXG/wC6Tjn9aq+II1FwjLbsJHAUXDE7eMkDavJPtx9aoaIE/tCKF7SSWSPa2QNhh7fMDx3PIOT6UxHQXWv6fZy3Ec0pDW6BnAUnrk4+vH6irNrqFte5+zy78AE8EfzridX01/t+pw2gLLMcthn4YqM5wh/nWroM8lnHfSzjCwRBnBkJIwMjgqOtFgOhk1C3jjZ/MDBZlgbbzh2YKAfxYU2PUreWRI1LbnkeMcd16/yrnr/T5D4asY3toJpZLmKSR5+QjvKpPGOQS2CMjiqtvZRSXEML3LqPtM/mxRthQoDcAdgcUBc6u51K2tJHjlY7khMzYGcKDj+Zp6Xkb3PkbZAxQOCUO0j69M+1c74hhttT062hsbWGS7niV4y6/wCrhHzHPp2UD1NR+HYre91DzYIrKSCFQWkS32MknZRyeneiwHX0UUUhhRRRQAUUUUAFFFFABQTgZpNy4JyKYpO7HQHkZoAUtuxg/KTg0m0ZZT1PINK2c4bG08cdqbhiMngr096AFPzLuIyR1FNBBBBfp0p68jCgkHqTTgAAKAGBSe2Pc9akoooAKKKKACiiigAooooAKKKKACiiigAooooAqm3aW58ycgoh/doOn1PvVqik3DnkcUALUbPkcHjPPtQGO7joe5pWyDzjaeKAOZ1D/j/m/wB6q1T3/F/MP9qq+a9SHwo5XuFFFFXYWgtFFJmsbBcfF/rk/wB4V2FcdGT5yf7wrsa5sR0NaXUKKKK5zYozaNplxM002n2skr/ed4VJP1OKdLpdhPcJPLZwPKmNrsgJGOlXKKAGSLlc9h2qJYolnaZI1DuApk2jJx05qxUe05KduuaAGeSokM/loJsbS4HJHpmmx2cETyywxhXmbfI/dj9f6VOVyoBP1x3pwGBgUAV/sNv9s+1+WDPt2eZ3K+h9anwM570tFAEc0EVzGY5okkQ9VdQQfwNQWWm2unLItpF5SO24qGJUH2BPH4VbooApPpNlJPJM8GZJDlzuPJxj19qWLS7KETBLdcTYEgbLBsdODVyigCvcWUF15XnIWETiRAGIAYHIJAPOCB1qrJoOmSq4a0Qb3MjMpKszHrkg57mtKigCjNpFhPjzLZSAAMAkBgOgIHUD0PFO/sqxFxHcLbJHLHwrR5Q49DjGR7HirlFABRRRQAUUUUAFFFFABTXBK8fl606igCLI3BgOO/HSnEMRzjI6GkIIYqOjfpTtp27ST+FACH54+O9LsHck/WlAAGB0paACiiigAooooAKKKKACiiigAooooAKKKKACiiigAooooARhlSBUWRwQvTrxU1MYEN8vRqADDMCDj2NGSyH16UoUhdpP4ilACjAoA5W/GL+YejVXqxqP/IRn/wB6qwr1qa9xHHLcWiiiqEFFFGaysO46L/Wp/vCuxrjYv9cn+8K7KuXE7o2o9QooormNgooooAKKKKACiiigAooooAKKKKACiiigAooooAKKKKACiiigAooooAKKKKACiiigAooooAKKKKACiiigAooooAKKKKACiiigAooooAKKKKACiiigAooooAKKKKACiiigDlNS/wCQjP8A71Vatal/yEZ/96qtevT+BHHLcKKKKsQpopcUmKyFcdF/rk/3hXZVx0X+uT/eFdjXJit0b0eoUUUVym5jaxq8lteWmn2PlveztvfcMrFCPvu3oOwz1Jptrq8i+IJ9NvGQLMomsZAMCVMDcue7A8/Q1i+LXht71bGGzuU/tIA395DAznyl42AgHk9Mdhk0thqdrqWvx6Zc6fMbJQsunSTWrReU6DlBkDsMg+mRQA3V/EGuQ6rcRWJK26NtUPotzKeBz86nBGc4I7U7Q9f1y41+ztNQaBre5imYf6DLbODHs7SHkHf6dqNV0e/l8SX902kvf2s0cQgK33leWQCG+XPc4/KqPhubz9c0K1DtLcafaXUd395hEzMm1Sx6ng/lQAk/jLWZ4DGqWWnXiSDzIpBLIyAHJVgExyvvxmtvSfEl5qSX0ht7fyreIsJoWcjzBzsYMoIOMH8a5S9imbxXrpjmMY+0LxtuT/yzX/nmcVs+FpidM8RWpiQGFtxkUSAyM0QOT5h3dgPwoEU7LxXrl1FaGTVdHhln4KPZS/uzhTyd/AO9cHociug8Ha5fa3FfG9e3k8mVVikhiaMMjIGBwxJ7/lXKW3hi/wBQ0NL6aSGCG8so7W4AUEx2yBWDg/3+G9fvD0re+HzySxapK5V1M8aLLGhVJNsarlcgccfhQM7OiiigAooooAKKKKACiiigAooooAKKKKACiiigAooooAKKKKACiiigAooooAKKKKACiiigAooooAKKKKACiiigAooooAKKKKACiiigAooooA5TUf8AkIz/AO9VWrWo/wDIRn/3qq169P4EcctwoooqyR1FFFZiHRf65P8AeFdjXHxf65P94V2FceK3R0UOoUUUVym4UmKWigApMAdKWigAAxSYHPvS0UAJjjFAAHSlooAKKKKACiiigAooooAKKKKACiiigAooooAKKKKACiiigAooooAKKKKACiiigAooooAKKKKACiiigAooooAKKKKACiiigAooooAKKKKACiiigDlNR/5CM/8AvVVq1qP/ACEJ/wDeqrXr0/gRxS3CiiirEPpKWisyR0X+uT/eFdhXHxD98n+8K7CuPFbo6KHUKKKK5ToMk69aQXd1BdzRweTIEUs33gVByfTrilm1+xg1Y2Esyq/lh9xPUk9KQWHzawxi5uuASPvDYB/PNMtLd7W8tGeKTBs0gLAZww7H0oEGneJdOv7I3JuI4gHKMGbp8xA598Zq1HrOnS2styl5EYYjiRs/d+tY72nlaVb2slu7mG/EhQjhsyMwxng9a0I1LapPqItZgnkLEV2YaQhic49s0wLUt8U1S2so0DGVHlds/cVcAH8SQPzqKPVoib+SYpDa2sgi81m4Y4GfyJxRFBIt/fXzRsXKCOMeqqM8fUmqg0xrfTtPzG0rQT/aJUHJZm3En3ILZ/CkBoLq9g9k14LuL7Oh2s+eAfQ+/tQmrWD2jXa3cXkK21nJwFPofSqd3H9qa3u0tJNsNx5jKVwz/Ljdjvj39Kq3OnvetezrDII55IMIwwTsPLY/z0oA0Tr+lCLzTfRBN20nPQ/T+tSXOsafZkC4u4kLKHUE5JU9x7VA1j/xNb24EX+ttljDY64zx+tZ1hB9gvrZ5LaV3TT0iJVdzL8x4oA2ZtWsLe3inluo1il5jYHO/wCmOtJLq+nwxxySXcQSVN6HdncOOR69ay4ra7tbaGFBNbwu0kh8lAzIS2QvtwTS6Tpclvc2MkkTgwwzrl8ZBaQH88UAbFvqFpd7PIuI5PMTem05yucE/nTZdTs4Ld55LhFiR/LZ+wb0rFks5bCL7bHGfOiuptqZxuWRjwPxINXUEul6Sba3gkkmQD59uQzNyW98HJNABJ4isQLeSG4ikhknMMj7sBPkZv8A2UfnVxNVsZLJ7xbqM26HDvnAU+h96zYdOhKaescMreTdGaR5UILMUf5jn3NPntriC5v5reMjz5IizBNxwBgkDuRxTAvx6rYy2cl2l1GYI8h3JwFPv6UkOq2NxbPcRXUbRIcO2cbT7+lYMel3Burq5dbidDNBL+9ADSBAc8e3H5Cp9StPtq6hc/Z2EcsMcW1xt80hieR+OKANSPV7O6ScWd1DLJEpYjdwPc+3uKR9asbaJDdXcMblFcgEng9x7cHmqk9u19dpLHbSReTbyRncuN24ABR69M1Jp2n+TdSSvFgm0hiBI9N2R+ooA1lkR4xIrqUI3BgeCPWqdvrGnXRkEF5C/lrubDdB6/T3qjHYynw2NLETo7W7Lk8AexNLdxDUNNe1jspEZYgPnQKAARlAffHbikMvW+r2F2krwXUbrEu58HoPX6e9Rrr2lurst9CQgBOD2PTHr+FU7q3bUJ2ljtpIwlpJEd67SSw4UDvjFSRadsm0Z/J5tYWQnH3cqB/SgC1carBHpEmowOs0QQsm08MegH58VVk1K/nums7CCAzxRq07zOQiFhkKMDJOKiXTpHC2xiYRPfNcOccbQdw/NsfrU6xNpurXlz5MkkV5sdmQbirKu3GPTAFAiUTau9spFrapOGIcPMdpHYqQM/mKoW+vXjW7zzW0Hl/akt43ikJD5bDMMgdDVnUJ7q5sBGltcRCdijMgy6p3PHQn9Kjuo0l02GC2sp447aWJlj8vHyqe3r0pgXNYvp9O0+S5t7YTsgLMC+0ADqSarTapePqMVnZw25Y2wnczSFQMnAAwDU167ahpd5brbzqzxMoDpjOR2qreabYSzI97pRuH+zrGsm3f0z8uOx56+9ICe41K8tb2xgktIylw+ySUScK2CcKMZPTviornU9Ss5RPPaQLZGdYQBITLy20NjGPfHpRHp862ekxyB2a3m3HJyVGGAyfxApG33WqrNdWtz5cDkQRiPK56bz7+npTAWXUtUj1eGyW2tJA7bm2Stujjz94/Lj8PWtuud1GyS8laSLT3h1Peuy4UdACMHcOox2/Ct3ziGlHlSfuxnOPv8Z4pDJaKh84loR5Un7wZzj7nGefSpqACiiigArMu9XSHzY4IZZ5kO3CxsVz6EgVp1m20iWcl0kiuC87OMKTkECgCvbardyPC0kcHlyS+UQpYMrY7girmqXzWFi0yRl36KMcD3PtVWCzknuTKAFh+0edlshicY6elXNSXzLJ4iBiT5STnj34piMv+37hEBeCDsCfMP/xNWdS1aaykRFiRjtUuS4GCWAwM4z3/AEqkLSRo0jmRyufmdlO0478c/oKuarafbGRsfJhTkICSdw9RQBKdUZpYkSNRuZN2WDcMSO30rTrFS02ywEghyy/KFxwrMcnHHQitqkCCiiigZymo/wDIQn/3qq1b1Ef8TGf/AHqrV60PgRxS3Y3FFLRWgh9GKWlxWZIRf61P94V19cjH/rk/3hXXVyYrdHRQ6hRRRXIdAUUUUAMkiSXbvGdrBh7EU+iigAooooAKKKKACmeUnnGXb85Xbn2p9FABRRRQAySJJSu9c7WDD2Ip9FFABRRRQAUySNZUKOMqe1PooAKKKKACiiigAooooAKKKKACiiigAooooAKKKKACiiigAooooAKKKKACiiigAooooAMUlLRQAUUUUAFFFFAHLaj/AMhCb/eqrirWof8AH/N/vVWr1ofCjiluxMUUtFUIfRS0VJAsY/ep/vCutrk4/wDWp/vCusrjxW6OmhswooorlOgKKKKACiiigAooooAKKKKACiiigAooooAKKKKACiiigAooooAKKKKACiiigAooooAKKKKACiiigAooooAKKKKACiiigAooooAKKKKACiiigAooooAKKKKACiiigAooooA5fUP+P+b/AHqq1a1D/j/m/wB6q1etD4UcUt2JRS0U7iJKSnYoxSIEGQQc101tOtxArqee49DXNVLb3Els+6M/UHoaxrU+daGtOfKzp6KzI9YjK/vI2U+3IqZNTgkzjdx7VxOlNbo6VUi+pdoqr9vh/wBr8qPt0X+1+VLkl2HzItUVV+3w/wC1+VH26L/a/Kjkl2DmRaoqr9vh/wBr8qPt8P8AtflRyS7BzItUVV+3w/7X5Ufb4f8Aa/Kjkl2DmRaoqr9vh/2vyo+3w/7X5UckuwcyLVFVft8P+1+VH2+H/a/Kjkl2DmRaoqr9vh/2vyo+3w/7X5UckuwcyLVFVft8P+1+VH2+H/a/Kjkl2DmRaoqr9vh/2vyo/tCH/a/Kjkl2DmRaoqr/AGhD/tflR/aEP+1+VHJLsHMi1RVX+0If9r8qPt8P+1+VHJLsHMi1RVX+0If9r8qPt8P+1+VHJLsHMi1RVX+0If8Aa/Kk/tCH/a/Kjkl2DmRboqp/aEP+1+VL/aEP+1+VHJLsHMi1RVT+0If9r8qP7Qh/2vyo5Jdg5kW6Kqf2hD/tflR/aEP+1+VHJLsHMi3RVT+0If8Aa/Kj+0If9r8qOSXYOZFuiqn9oQ/7X5Uf2hD/ALX5Uckuw+ZFuiqn9oQ/7X5Uf2hD/tflRyS7BzIt0VV/tCH/AGvyo+3w/wC1+VHJLsHMi1RVT+0If9r8qP7Qh/2vyo5Jdg5kW6Kq/wBoQ/7X5Un9oQ/7X5UckuwcyLdFVP7Qh/2vypr6nAgyd35UckuwuZF2o5ZViiZ3OABVB9ZhA+RHY/lWXdXkt2fnOFHRR0rWFCUnroTKoktCCaQyzPIf4mJpoGaMUoFd6VlY5RMUUtFMB9FLRUkCUUtFA7CVJC4R+ehplBoauGxfoqkkrp0OR6VJ9ob0FZcjNOZFmiq32hv7oo+0t/dFHIw5kWaKrG5b+6KPtLf3RRyMOZFmiq32hv7oo+0N/dFHIw5kWKKr/aG/uij7Q3oKORj5kWKXFVvtDego+0N/dFHIw5kWaSq/2lv7oo+0N/dFHKw5kWKKr/aG/uij7S390UcrDmRYoqt9pb+6KPtLf3RRysOZFmiq32lv7oo+0t/dFHKwuizRVb7S390UfaW/uijkYXRZoqt9pb+6KPtLf3RRyMLosUVX+0t/dFJ9pb+6KfIw5kWaKrfam/uij7U390UuRhzIs0VW+1N/dFH2lv7oo5GHMizRVb7S390UfaW/uinyMfMizRVb7S390UfaW/uilyMXMixS1W+0t/dFH2lv7op8jHdFiiq/2lv7oo+0t/dFHKwuizRVb7S390UfaW/uijkYXRYoqv8AaW/uij7S390UcrC6LNIar/aW/uij7S390UcjC6LNVbiQMwUdutNeZ2GOg9qjwaqMbO7E2FJRiirICilooASinYNFAD6KWipEJRS4oxQAlJinYqSO2mk+5GxHrQ2luNJvYhxRirf9nXP/ADz/AFFH9nXP9z/x4VPtI9x8kuxUxRVv+zrr/nmP++hR/Z1z/wA8x/30KPaR7hyS7FSirf8AZ1z/AM8//HhR/Z1z/wA8/wDx4Ue0j3Dkl2KlFW/7Ouf+eY/76FH9nXP/ADz/APHhR7SPcOR9ipRVv+zrn/nmP++hR/Z1z/zzH/fQo9pHuHI+xUoq3/Z1z/zz/wDHhR/Z1z/zz/8AHhR7SHcOR9ipRVv+zrn/AJ5/+PCj+zrn/nmP++hR7SHcOR9ipSYq5/Z1z/zz/wDHhSf2ddf88x/30KPaQ7hyPsVMUtWv7Ouv+eY/76FH9nXX/PMf99Cj2kO4ckuxUoqy9jcoMmI/hzVcqVOCCD71SknsDTW4lFLijFMQlFLSUAFJinYprMqKWZgqjkknAFABijFY914r0S0YrJfxlh1CfN/Kqn/Cd+H/APn7f/vy3+FbrD1mrqL+4NDo8UYrnf8AhOtA/wCfp/8Avy3+FH/Cc6D/AM/T/wDfpv8ACn9Vr/yP7gujosUVz3/CcaD/AM/T/wDfpv8ACl/4TbQv+fp/+/Tf4Uvq1b+R/cF0dBRXP/8ACa6F/wA/T/8Afpv8KX/hNND/AOfl/wDv03+FH1at/K/uC6N+isD/AITPQz/y8v8A9+m/wpf+Ex0T/n5f/v03+FH1et/K/uDmRvUVhf8ACYaJ/wA/L/8Afpv8KP8AhL9FP/Ly/wD36b/Cj6vV/lf3C5kbtFYf/CXaN/z8P/36b/Cl/wCEt0b/AJ+H/wC/bf4UvYVf5X9wcy7m3RWJ/wAJZo//AD8P/wB+2/wpR4r0f/n4f/v23+FHsKv8r+4OZdzaorG/4SrSP+fh/wDv23+FH/CU6T/z8N/37b/Cj2FT+V/cHMu5s0Vj/wDCUaSf+W7f9+2/wqzb6zp1yQsd0mT2PB/WpdKot4sOZdy/iilBBHHSjFQUJijFLRSEFFLiigBxopcUYqQEpURncKoyx6CitXTbcLH5zD5m6fSoqT5VcqEeZ2HWtgkQDSAM/wCgq7RRXE5OTuzqSS2CiiikMKKKKACiiigAooooAKKKKACiiikAUUUUwCiiigAooooAKimtop1w6jPY9xUtFCdtgaT3MC6tXtn55U9DVeujmhWeIo3Q/pXPuhR2RuqnBrto1OZWZzVIcrGUUtIxCqWYgADJJ7VsZmZrmuWuhWJubluTxHGOrn0FeS614n1HW5T50zRwZ+WFDhR9fU03xNrcmu6xJPuPkISsK+i+v41kV9Zl2XQowU6ivJ/gRJjhTxTBTxXqsgcKcKaKcKhgPFOFNFOFSxDxThTRThUMQ4U8UwU8VDEOFOFNFOFSIeKcKaKcKhgOFPFMFPFQxDhTxTBThUsQ8U4U0U4VDEa+ma7daewXcZYe8bH+XpXcWd5DfWyzwNlT27g+hrzMVseH9Saxv1Rj+5lO1h6Hsa87F4VSi5wWprTqNOzO8AopaK8c6BKKWikBJRRRSATBJxXQooRFUdAMVgKcMD6GuhHIrmxHQ2pdQooornNwooooAKKKKAKGsyzw6VNJal/OUfJtAJJ/GuTttYvINLu1S6umngO0eYinJLLk+ufmOBXZX8UUtjKJYklVVLbZFyMgZHFcLZRyS20c6WyIZHE37u2XG7r/AHxxwOK66FnB3XUxqN3Oh0W9km1KaGT+0nkRQH+0KgRM8j7vc0mrC/0yzmvJdbKxrkqnkLyewFS+G5pLl9RmmUCfzwjNt2lsKMZGSO9V73Trq6tby/1XZujif7PbocrHx94+rUtFU102H9kk0y31e8sre5k1jDSIrsiwqcZGcVb1XUxbSiGO9igcDLB4WfPpjBFUbPTbmKzsNQ0xwszQxieFz8ko2gZ9iB3qzrVprV2kyWM8MEewbcffY9+ewpPldTVq33BrynO2niK8WxhtlvkeZyVdmhYmEZ6ls9fQYrq5tVjt9Ee+hJuREuOflLngenFcybCbRrUMY7mNGdVby70ZZicZ+7zW7ryrbeG3gLuxbbGpc5ZiWHWtKqpymuVaNkwckncxL/XL+bULco0NtiNspHeqd3Tr8uK2NAvb6e4liukdk2CRZTKrjrjAworJdv7Ruoza2wgkhi8yMxsEMqFyp6jGSFyK19Dlt1vruKNpnaQB1llbPmKPlOOOMHP50qijyWSHG/Nub1FFFcZsFFFFABRRRQAVi6km26yB94ZrarI1Rs3Cj0WtaHxmdX4ShWJ4vuzZ+Fr6QNtZk2A/Xityua8eQNP4Sutv/LMq5+gNenhknWgn3RzHjQp1NFOFffGQ4U8UwU8VLEOFOpopwqGA8VqaJp9pqV0be4u5YJGwIlig80ue46jFZYq/pYvIryK7s4ZXeBw+Y1JwRz2rmxN/Zvldn3CO50a2nhuewh0tNRnN4Lg7ZVsTubOBsI3c8+9U4dLsIvFNlYJcPdRtMqTCSIxkHdgrjJrYtdPRPFV/rMFrK1paxm5jUwsMykfKoBHZz19s1iaLDdjxZp0lzFKskt0rZdSCxzkmvHoz0k4zduW+rW7X6GsltodFPpNhLY3rGz09DFcQxo1rKzMA0m07snjiqes2eljT9WNpYfZ5bK7EKv5pbcMkdD9K2LuO/wDsTh4LG3kN6jTwQxoshiDja5xz19fWs3XY47Sx1sSXVu0l1qG6OJJMuAGbOR2riw9Sbmveb1XV90VJK2w06DYXPhvTxaX0b3cs7AEwld5wMqSTwF65qVv7G1G71awtbKxg8uM/ZJi5UuwIHUnHTNSDWGtfDekyWOmQx/6U2YyhcvgLkgnkZ9q1dQN9ZWN7fOTcRTR7YbT7OgeAsOsmFyMdvWiVSqnZt6t21638v63CyOPsbWMadfLdWUrqpGy6hG7Y4ONuemDmuttdF04QwTy6Vc77JR8jvGPOyeN30z3rA8NWt9daZqkcIYo0aqgZsKXDhunc4BNdA2owNaXkLQ2T3WUM9y1ufLYk9MdWA9aMbUn7Rxi+vR+SFTStdnI6/ZQWGsSQ27lo9qvyQSCRkjjjis4VqeIGtW1JfsixBBEoYxRFFZsckA89ayxXr4Zt0Yt9jmn8THCnCminitWQOWnCminCoYh4pw45FNFOFQwPStPlNxp1vKerRgn64q1iqWjIY9ItFPXygfz5q/XzU/idjtWwmKKWipGLRRSZpALW1Zy+bbrzyvBrFqa1uTby56qeorKrDmRcJWZuUU2ORZUDIcg06uM6QooooAKKKKAGuiyIyMMqwwR7Vnx+H9JijWNbGHCjAyuT+daVFNNrYVkVrPT7WwWRbWFYlkbewXpnGP6VNNEk8LwyDKOpVhnqDT6TI59RSu27jsNhhS3gjhjGI41CqM5wB0p9Rkk5JOCOgqQcigDPXRNOWcTC1QyBtwJycH1q3Paw3JjM0av5bb0z2PrUtFNyk92KyKk+l2N06tNaxOyrtBK9B6VNDbQ28aRwxIioMKFGMCpaKV3sOwUUUUAFFFFABRRRQAhIAyelYNzL51w79s8fSrt/eAgwxHP941m11UINe8zCpK+iEqtf2iX9hPaSfcmQofbPerNLXQm07oyPnq7tZbG8ltZ1KyRMVYfSo69T8b+EW1Nf7RsFH2pB+8jH/LQe3uK8tZGjco6lWU4IIwQa+3wWMhiaaaevVGUlYUU8UwU8V1skcKdQqMQDjgnGasqqqEKL5mTg5FZykkBCKvWWq3+nqy2d5NAHOWEbkZqm6hZGAOQDxQKznGM1aSuhao2B4m1z/oK3f/f01BNq2oXU0Us97PJJFny2ZySufSqIpwrFUKUXdRX3A5Nk8dzNHOJllbzMg7s5J5zz69KdPPLdXMtxM26WVi7tjGSTk1AKeKfJFO6Qm2aqeItWVo2W9kBiQomMfKPb0PvUNtqd9a3RuYbqVJj1cMcn6+tUhThWXsKSulFa+QczLYvroEEXEi4kMg2tjDHqfrV0eItYPXUrn/vs1lCnCpnRpy3ivuFzPuWrm9ub6RZLqd5mUYBc5wKiFMFPFCioqyJbuOFOFNFPFJiHCnCminCoYh4q1YWrXt7FbqPvNz7DvVeJHlkWONSzscADvXd+H9G/s2IyzYNxIOf9kelceKrqlDzLhDmZsRqI0VF6KMCn0UV4J1hRTSTRSuFh1FFFABRRRTAkinkhbKNj27Vej1QYxJGfqtZtJms5U4y3KU2tjX/tOD+6/wCQ/wAaP7Th/uyfkP8AGsjNGaj2ESvayNf+04f7r/kP8aP7Th/uv+Q/xrIzRmj2EQ9rI1/7Th/uv+Q/xo/tOAfwv+Q/xrIzSZ70ewiHtZGv/akOfuPj6CmHUYd27a5P0FZeaM8UvYRH7WRq/wBow56Pz14H+NKNThUn5ZMH2rJz7UU/YRD2rNj+1IP7r/kKP7Ug/uv+QrHoo9hEXtZGx/akH91/yFH9qQf3ZPyH+NY9FHsIh7WRsf2pB/dk/If40n9qQf3ZPyH+NZFLR7CIe1ka/wDakH92T8h/jSf2pB/dk/If41kUtHsIh7WRqtqsWPlRyffiqk9/LMCAdi+gqrSVUaUUJzbFpDRRnNakBRmikxQAtYOt+EtM1smSWLyrg/8ALaPgn6+tb1HXpV06k6cuaDsw3PMbr4aX6P8A6LeW8if9NMqR+QNQr8OdYwSZrT2+dv8A4mvU+aO/tXes3xVrX/AXIjzOLwDrCIU8y0AI6iRs5/75pR4A1UDHmWuByP3jcn3+WvTO1IM1H9qYnv8AgHIjzRvAOsPH80lnuB4w7f8AxNMHw+1j/npaf9/G/wDia9PxS1SzXErqvuE4RPMR8P8AWP8Anraf9/G/+Jpw8Aav/wA9LT/v43/xNemUUf2rie/4ByI80HgHV/8Anpaf99t/8TTh4C1f/npaf99t/wDE16TRS/tTEd/wF7NHm48B6t/z0tf++z/hTh4F1b/npa/99n/CvRqKX9p4jv8AgHs4nnX/AAg2q/8APS1/77P+FOHgfVf+elr/AN9n/CvQ6KP7SxHf8A9nE89HgjVB/wAtLb/vs/4U7/hCtUH/AC0tv++z/hXoFFL+0a/cPZROAHgzUx/y0tv++z/hTh4N1L/npbf99n/Cu8oFL+0K/cXsonCDwbqQ/wCWlt/32f8ACrNv4MuC3+kXMar6ICT+tdnSVLx1Zq1w9lEoafo9ppq5hjzJ3kbk1fopK5ZScndlpWHZpDS+9HqKgoTr1oo5ooAdRRRTEFFFITTAWkIpM0UAFFFFAATikzS4zSe9IaDvQeKMDHWlxkUgEo+tOxRinYQlGKWimAmKXFFJQAtFFJQAtFJSMwRSxOABk0AOoqmLxjG8nlORn5QoycY6n0qS1uDcRqxidCVBJYYB+lAE+aKqR3yvM0ZVh85VDtODj3/A1LbzGe3WTgk9h60ATUVRa/cdYNvz7Mu4AzTrW+NxIE2IMqWG189DjnigC5RVBdRYgkwrgKzHEmT8vtip455GmWKSHYWUsDuz0x/jQFiejpVY3YWZ1KkquFyqk89+lFvdiUKjo6yHORsOPzqRlojHNJxSjkUtMBOaWopp1hC5BZnbaqjqTUtABRRRTAKKKKACiiigAooooAKKKKACiiigBKKKKBB2ozRSf0pMYEd6PegdKB0pAKDSgUClp2EFFFFMAopBQeaAFptFFABRRRQAUtJS0AFNxzS0UgFoopM0wFopKKAFpM0lFAC0UlLQAUUUUAFNfdsbbjdjjPSn0UAY6w5iQyKrs0jKzsD1zx0qWxtmSS4xsUglVK544HStARIIygGFOc8+tIkEcaFEXAPXnrRcDOtSq3Qt942QFihJ+8T/AIZNT2UCpEkikqWX5gDwff61ZNtCYhEYlKDoCKSO1hibciAHGOtAGakaMZAkskjrLuAGG/Hmn6YhBWRg4wrDJUAdfY1oPbwuAGjGB0HSkjtYImDRxhSPSgZkwtGzMjOArJICQh457npV6AM11G0shLeWSgKAcHGf5CrUkEcpBdc46U5o1ZlYjlTkH0oAzUhMcVyiMSyuGB7k8GrULebdyPn5VAQD36n+lSNawOxLxhiTk5oS0t43DJEqsOcigLkrAlSAcEjr6UKCqgM24gck96WigDOlQT6i++ZovLQbNpx16mrNlI8tsGc7jkjdj7wB61JJBFNjzI1bHTIp4AUAAYA6AUALRRRQAUUUUAFFFFABRRRQAUUUUAFFFFAAaSlNJQIUU0jmlFLQAmKKXNJQAopabSigBaKKKAG0UUUAFLRRQAUUUUAJRmiigAooooAKKKKBBRRRQMKMUUUAGKMUUUALRRRQAUUUUDCiiigAooooAKKKKACiiigAooooAKKKKACiiigAooooAKKKKACiiigAooooAKKKKACiiigANJRRQIUUUUUAFJRRQAUooooAWiiigD//2Q0KZW5kc3RyZWFtDWVuZG9iag05MSAwIG9iag08PC9CaXRzUGVyQ29tcG9uZW50IDggL0NvbG9yU3BhY2UgL0RldmljZVJHQiAvRmlsdGVyIC9EQ1REZWNvZGUgL0hlaWdodCA5NjAgL0xlbmd0aCA2ODA0NCAvU3VidHlwZSAvSW1hZ2UgL1R5cGUgL1hPYmplY3QgL1dpZHRoIDQ2OD4+DQpzdHJlYW0NCv/Y/+AAEEpGSUYAAQEAAAEAAQAA/9sAQwAIBgYHBgUIBwcHCQkICgwUDQwLCwwZEhMPFB0aHx4dGhwcICQuJyAiLCMcHCg3KSwwMTQ0NB8nOT04MjwuMzQy/9sAQwEJCQkMCwwYDQ0YMiEcITIyMjIyMjIyMjIyMjIyMjIyMjIyMjIyMjIyMjIyMjIyMjIyMjIyMjIyMjIyMjIyMjIy/8AAEQgDwAHUAwEiAAIRAQMRAf/EAB8AAAEFAQEBAQEBAAAAAAAAAAABAgMEBQYHCAkKC//EALUQAAIBAwMCBAMFBQQEAAABfQECAwAEEQUSITFBBhNRYQcicRQygZGhCCNCscEVUtHwJDNicoIJChYXGBkaJSYnKCkqNDU2Nzg5OkNERUZHSElKU1RVVldYWVpjZGVmZ2hpanN0dXZ3eHl6g4SFhoeIiYqSk5SVlpeYmZqio6Slpqeoqaqys7S1tre4ubrCw8TFxsfIycrS09TV1tfY2drh4uPk5ebn6Onq8fLz9PX29/j5+v/EAB8BAAMBAQEBAQEBAQEAAAAAAAABAgMEBQYHCAkKC//EALURAAIBAgQEAwQHBQQEAAECdwABAgMRBAUhMQYSQVEHYXETIjKBCBRCkaGxwQkjM1LwFWJy0QoWJDThJfEXGBkaJicoKSo1Njc4OTpDREVGR0hJSlNUVVZXWFlaY2RlZmdoaWpzdHV2d3h5eoKDhIWGh4iJipKTlJWWl5iZmqKjpKWmp6ipqrKztLW2t7i5usLDxMXGx8jJytLT1NXW19jZ2uLj5OXm5+jp6vLz9PX29/j5+v/aAAwDAQACEQMRAD8A9oooorrOEKKXGKSgBaK5seKhdeKk0TTLX7WsWTe3IbCQccD3bPaujpXG9BaM0lVpZJp7pbO1IEhG55CMiNfX601qCV9Cwzqv3mA+poDK4+VgfoaQ6TYWyhpU8+X+/KdxqFrCxkO6OPyJOzxfKaE4vY05Y3s3qTjJ59KdjJqrBLJHOba4IZ8ZSQcBx/jVuhqxMouLsxaKaWVSNzAZ6ZPWlZgoyxAHqaRIuaM0Vk3niLTbC+ns7iVllgtvtUnyEgR5xnj3pDsa2aKpf2tYf2V/aguYzZeX5vnA5Xb61kW/j7wtdXEcEOsW7SyMERRnknp2ouNJnS0Vz3/Cc+F/+g5Z/wDfdaN9rul6ZBDNe30FvHOMxtI2A/GePzougszRorIXxLo8ul3WpQX0U9raqWmeI7toAzWlbzpdW0c8RzHIodT6g9KAsS0tZU3iPRLZmWbV7FGQ4ZTOuQfTGazpPiB4XjmWFdXhllZgqpFlySfoKV0OzOmopAQQCOhpaAFopKWgYtFJRmgAIyMU3DHj0706lpDEK7up49KdSUZoAWijNFAC0UUZpALRSUZoGLRRRQAtFJRQMWlpuaWkAtLTaWgBaKSigYtHtSUtICPBPy+nQ08jIGT9aWigYdKM0UUALmiiigAzRRRQBRopKK3OUOa4vxVrd9d61D4S0d/s95cx+ZNdvwIou+31au0zWD4n8Mw+ILZHjkNtqVud9rdpw0bf1B9KTuVG19S3oOg2Xh3TEsbJMKPmdzy0jHqzHua1K5Twv4nnuriTRNcjFtrduPmXotwv99PWuqzQhPfUKraQ2I7m5JG+aZ+fZTtA/SrWax0lezuLi25wzmWPPcHqPwOfzpuLlBpbi5uXU07m5jDKskigucKCep9q5K2v9SbRNReRZhPFI4jyvzY9qdrUSapCqPI8Usbb45F6q1M0ubU45GF/exXEe3C7Y9rZ9TW+Fw7hTbe5eHlGo7m1BPLPo9jdS5E6GNm3DB+bCkfrW1WOpNxJBbj++JJPZRyPzOK07qSSG0mlhiMsqISka9WIHArKZtiOXRI8w8XwXnivxFqJsZXWPw9bB4tpPzXBIbH5L/KtDxpqya18HX1OE489bdmA/hbzUDD8DkUnh34dibSzeazdajBqV47TXMcFyUUEnoQOOlZt34V1u08HeIvDVrZTT24uo5dPcupLoZFYjk9Rg9fesNSNDZ8Tp9mttJvZtV1iys3ijhlks3Aji44Zx15zjNcnqFrZ6b8Qvsl54q1JYpLD5rzzgWXnOxj6EdvU13uty649na6JpmnLma2UT3twA0UAxg/L/E3tXH6L4f0DWvFd/p9rcNf2smlAT3XJYzeYDuyeh6cUMIs6DwJpwt9B1CaGTUDp7hktY7xhhkGTvVQPlySa4jw7K8t/4eiku7KaOOG72QxL+8i+V/v/ANK9F0ufxJZ2d/pOo6ebx7aA/ZbyJgq3A6BTno1cDb2Or+HdW8OnULGxsBbrcSPKv7x5EALOGA77cgcmhjXUnXUfDf8Awpw23n6f/an2PGz5fN3bvzzW14uWQjwUIjZhyDg3ozF/qh96nRWGpT+BpdbjsrRbwzG7itmtU5twc+X0zyvOetL4me48R3Phu703w9LqVlHG1wyOFWPDLgKSeAQe1HQL6nOLa3kvhjxnIuow2whuCZkskUwzAqAFGRwPpXXeE31fT/E1tpF5qst5atpKXSpIir5ZLbcDA7AVy76Nq9pcz6DNb2lpFrVylzLbWwLC2gQgsS2MY4AxXV6VdWOv/ES6m09jPp8OkLavKgYLuLsdoPHODSQMZqmk6lJqN1ND4T8M3CM5KzzbfMcep+XrWT4Em8TQeFrP+z9I0h7fc+JZZyrn5znIxWzrHhTwLoUKSal51ssuRGXvbg5IHs1Z/gbwLoOpeD7G8vLS4M0u8ki6mQEb2xwGA6Yp21C6semRlmiUtjcQM4ORmn1V06wt9LsYrO0VlgiGEVnLkD6kkmrVWQFFFFIApaKKBhRRRQAtFFFIYUUUtABzRRS0AFFFFIYUUUtABRRRQMKWiikAUtJRQAtFFFAxaKSlzQAUUUUgCijNFAxaKSigBaKKKAKNJS0VucolGKWkoAp3Ok2N3fW19PbI91akmGUjlcjFXKKKACq93ZR3aAMSrqco69VNWPwpaE2tgMGawuwcPAkw/vxttJ+oP+NNg0y6L/LAsI/vyNuI/Af410Aorb28rWFCKg7xRBa2kdqhCks7cs7dWNWKSlrFtt3ZbberCiiikIKjit4YCfJhjjz12KBn8qkooGFMeGKR1d4kZlyAWUEjPWn0UAAAChQAAOMClUBQAoAA4AHaiigBNiltxUbsYzjnFJHDHCCI40QHkhVAp9FIYyWGKYASxJIB0DKDinqqqoVQAoGAAOBS0UAFLSUUDFooopAFFFFAxc0UlLQAtFJRSGLRSUtAC0UlLQAUUUUhi0UUUAFLmkpaACiiigYtFJS0gFopKWgYUUUUAFFFFAC0UlLSAKKKKBhRRRQBSqW3iWVyGJ4Haoqs2f8ArG+lazdkYQV5akv2OP1b86Pscfq351YorDmfc6eSPYr/AGOP1b86Pscfq351Yoo5n3Dkj2K/2OP1b86Pscfq351Yoo5n3Dkj2K/2OP8A2vzo+xx/7X51Yoo5n3Dkj2IPskf+1+dH2SP/AGvzqeijmfcOSPYg+yR+rfnR9kj9W/Op6KOZ9w5I9iD7JH6t+dH2SP1ap6KOZ9w5I9iD7JH6t+dH2SP1b86noo5n3Dkj2IPskfq350fZY/8Aa/Op6KOZ9w5I9iD7LH6t+dH2WP1b86nopczDkj2Ifsqep/Oj7LH6n86moo5mHKuxD9lj9T+dH2ZPU/nU1FHMw5V2Ifsyepo+zJ6mpqKOZhyrsQ/Zk9TR9mT1NTUUczDlRD9mT1NH2dPepqKOZhyoh+zp70fZ096moo5mPlRD9nT1NL9nT1NS0UczDlRF9nT3o+zp71LRRzMOVEX2dPejyE96loo5mHKiLyF9TR5Ce9S0UXYcqIvIT3pfIX3qSii7CyI/JX3o8lfepKKLsLIj8lfejyV96koouwsiPyV96PJX1NSUUXYWRH5K+9Hkr6mpKKLsLIj8lfejyV96koouwshnlL6mjyl9TT6KLsLIZ5S+9RMMMRViq7/fNOLE0JRRRVElKrNl/rG+lVqs2f8ArG+laT+Exp/EXaKKK5zqGs6qVBYAscAE9aXNed+LJiddvYZJ0urhdOuJIYFO0WkXlEGQ+rs3A9BXHOmjN4SiaA+HjfC3iP7mVzcbvl7Z+9QB7tUQuITcm3EqGYLvMe4bgvTOPSsTxRBG3h+W4xK9xBETBGl1JDvfHAOxlz0rzrDed9r+zXH2ry9m/wA253Y67d3n9M0Aey0jMFIBYAtwAT1rnfDP2e28NRXt0Wt3ljDXImvHlWNvTLscda5pZ8aVbW39qWctxpOpJJZzS3q5mgzj5jnOQjMOeuKAPSKY00asytIoKruYFhwPU+3BrmNGv4b/AMUX93Lf2/OLaytkuFYsijLPgHqTn6AVn+M7bU7eHUNbVNPRbezliWTfIHeNlPysBweTx6E0AdvHIksayRuro4yrKcgj1BpZJEiQvI6oo6sxwBXB2mr65onhvT8ppM0FuYLORY3cuhJVCD23DNXPHH2+S50WENCmlPfwi63nmQ7shSP7oxk/hQB16SxvI8ayKzpgOoOSueRn0pxIUEk4A715TBaxTXFtcR3+qtc6peyiRob94PtAVGIdUUjap2hRnsBXSaIsp8BSmPWbgz/vDLNekyPEcnMZ3HPHTrQB1wuYCkTiaMpLxG24YfIzx68DNPSRJUDxurqejKcg14jpl/qV5L4Zt0vrkWtnp7SQT2FoLh/N2orKUGfuhsZPc+9dR8MJb6axRpr/AFF4CZz5EtgI4QfNb7smBz14zwSR2oA9FeaNHSN5FV5MhFJwWx6UizRvI8ayKzpjeoPK56ZrynxHbCPxBBEuk4nt2a5lc6zMVSInBLY+4Wzxj+VN06bSE1sGO2h8+7lQIh12fORxxx830OaAPXKKxNT8V6Not0LS/unim2B9qwSPwfdVI7VT/wCFheGf+f8Al/8AASb/AOIoA6eoXureNJHkniVYyFcs4AUnGAfTqPzrl/EniG0uPAt3qdhetHGSFSX5omyGGcZwfWuJ13Vob2w8VrZatHIss8EkcSxb1O3yQX3jjAIOR7GgD2OhSGGQQR6iuT8P6gi6leW76vLrFybYXEskZBiQZICIi9D175Nc+729zplx/Z4iXT0vXD2+rzy2htpCoOxdvJByTg9O1AHpZdQwUsAT0BPWnV5B4ADtesYbPw9LcC+mAke4Z7hUDH/V5BJAHQ55Fdb4svfEs8j6fo2lzC1BVZ7tZo0kdSMkRbmA9ix6HpQB1sFzBcozQTRyqrFSUYEAjqOO9Pd1jRnYhVUZJPQCvNbK117RtQhk8O+GZbO3ZQt1a3F7AY5cDhwVckSds457+tanji+vJdB0aEXcujf2lepbXTNsLRxtHIWUk5HUDkUAdi15bLbpcNPGIZNoSTcNrbiAuD75FT15BbwX19cJoj+Jh/Zmn38aWt/5cZYyCJWjQKF24BLcnuB3ruvDLahEdatNR1OTUDaXQjSaSNEbaYkfGFAHVjQB0DXEKRCVpUWMkAMWGOeBzUm4ZC5GTzivF9Jt9V1DQrTT9O/tqSw8pZoYTc2QYIGyrYY7sZHeum8KXF7ceLIpNSl1CWU2kywvPLbumFdA4/dd846+9AHoDSIrojOqs/3VJwW+lCSo7uqSKzIcMAclT159K4K41KXWPHOpC0aaNdIsH8iVU3b5dw8zapwGwBt+uaijhvLNYvEFt4gld9ca3j2C0T5jghTjPBAJz9KAPRaK5zxjLd2fg25kguZEuUEY86M7GzvUE8dM810EWfKTJydoyaAH0yKaKeJZYpFkjb7rKcg/jVPWbh7TR7u5S5S2MMZkMrpvCgcnjIzXiljfQXmleERqN/pk0Cpdh4rsGOOE4Q7Xwck9waAPeqYJEaRow6l1ALKDyM9M1514FW0TxlqYsP7P+zmxi/48GZo929vXvWB4nu72G+8XQXWr2kzNZ258uKEqSBIcDIJxtzz65FAHs9MklSFN8jqi5AyxwMk4H6140zaLcao1lEmiWZg8mcXcImz98kque+F7+tdr4sN7Lrehq8sEej/aC77if3kixSOpYf3VKA47nHpQB2CSpIzqkisUO1wDnaeuD6dRT68ps9PjeK2lgvdZa61BrieRItReFp2Vcq4RSAu7Axntito3c+n/AAwW4s9ZuZLg7Qb24O+SMtIAwO/P3ckYPTFAHaG9tVtZLo3EQgj3b5Nw2rg4OT7VOrB1DKQVIyCO9eO/Zbm1tr7w3D4oFzowSGSe7dUY26vI5foDuLMAOfU12vh9dUsvEt3pl5rUupQLZRzRs8MabCWI42gdhQB1csqQxPLI6pGilmZjgKB1JpsVxDMzCKVHK43BWBxkZGa8116DWms/EdndeJ72I29pLMkMltDsnhKnowHr8pHUfjVXw3DPe6tpV3p/iK9ubua2QXipaxKIYl/hlOOTuG0fxde1AHrNFeX/ABAhVdYv5FiLv/ZRkDG+eHy2BIDKoOGPtSvb6Oia+l5eyRTWtvELRGv5EK/6MjDADjPzZ65oA9PqM3EIuFtzKgmZS4j3DcVHBOPTmuRvLlo/hpY3twyvFFZQzXDSNJuI2A5BRgc5964NrYyW8xCy/aZHYxXRklLwozA7F/fdAOKAPbqK5fwQ5n0j7VEIxbTMwUb5GfcrFTnezdx2rqKACq7ffP1qxVdvvmqjuTISikoqySnirNl/rG+lV6sWf+sb6Vc/hMafxF2iiiuc6jz7xPp1tZa7qFzb2+17nRb2SZ1BJdsKB+g6Vl2+majNpdre2WmahaW5tYLfUYBEqTzhF+9FnlSOQehIIxyK9VxRigDk/EsEN7beGY2t2eB9ShJjnQk7fKk+8Dzn1zXMzeH9ctbdppdPjZkm3OI7a3dDF5nICiPeTs9DnNepUYoA5DwxDDa6JrM02nTR2Ul5NNHbvbFWaPAxiMjPbgYp+haTLqDXF/qOmWlnBMALay+zJviX+85x94+nQV1lFAHJ6DbXOnaw2najpkEkiK0ltqcFsqK69Nr4Hyvz9DSaot14o1caQltNDpFpKr3k8qFRcMpyI0z1XOCT07V1tGKAPPtdhtrzUTa6XpWpLeXV/btdSm2kSDEb5L7iNvQYyOvFb3iRNRubq2htLYPBDFLcu7Rq4MqriNRnPO45/CujoxQB51b3Z/tW11KHS7yS/mhgtmWXSZIzA24K7iTYAFCljg+g7VsyQyDwleW3iDTmu3R2Q+Tb+Ybn+7JsUE5PGfcV1mKKAPLYtPmtZPCludO1AyR6MwkhspPIkVsxZ3HK/iPWtfwBpt9pNnHaXunapBJ+9LPNdB4gDIzDChjg4I5x1zXd4ooA4O10MaX4r1hbK8vYGewhnluQonlkbzJc/eU5OABgDsMVFoWjahqniC/1SbVNUQQskdtJd2McbMuMttV4xtGeMgCvQaKAEAOBzmloooAyfEE0EOmF57K4uxuwq29sJ3RiDhgp44ri11C7WEwq/isRNwUGhwYP4eXXpVFAHMeFrxDbzwiy1NZIwXaW7sEtjIOyjaACfwrj7q21crJc3ejXUS3OojUofLtvtW35duyWMEEHAz+Ner0YoA80064uLjxPpV7dafdp9laQKINDkgBLrt+Zi54Gc1qeLEEni/R0l0ufUoPs05aCLHXKYY5IHHP5129FAHmetW9tFb2r2vhO8sJfttv/AKQdmFHmLn7rE1s/EMEx+HSLFr4LrEZMCgHePKl454/OuzooA4TTtNiWw8RzatoVxbWF3cxyR2kce+TARFyqxknO4Z45HWtPwqZp4tcu3tLm3jub5mgW5jKOyCKNAdp5HKnrXUUYoA8x0jwlqeu+FdGtLonSY7W0AE8YIuixBypzjavqO/tWp4dF03iSxt5NOe3TTrKe2aSO1eKBvnj2lSwHUKTgE/U13WKMUAcjqF2ul+NJbj7FdXCHTVUpaw72JMpycCuds7uW0v8ASIDo2vy6dp7TzrmwIO9jiNcZ6KrPz9K9PxS0AZGsYvvDrk6bPdiVUb7JuEchyQcHJGCO/PatVDlASNpx09KdRQBU1HT7fVLX7NdBmhLK5UMRu2kEA46jI6V5pHpkttB4T83Qbq6P2a8juYkgw2WChd5OAv1NerUUAcV4S0zUNI1SS31KK7lYwhba4yvlJEMYRguAHGeSc7sdaw5dNFx4g1G00zRrmCyvri0Esj2rxIRGzyStkgZz8oz3Jr1GigDyCDUdUjgt9bFxrn9o3M8NvM720X2ZoxMRgfLnGGPPvXa+KV1WadvsVsXitLOadG8pZN85G1FAIJyAX6dc4rqsUUAeeRXDnXheafp12bu/EMDyTaU8TWoxtdxIUAwAAcHPI9OKua4t/wD8K8nj1CzVruOVFkSIDE+JB8wHT5hzz6129GKAOH0ixLazrF5c+HZbDT5rGOIwlEYykF9wCoTngip/DMYk8Q3lxZ2N7bWENjBawfa4XjZipY8b+SACOa7GjFAHm/izTr680y7k16O7vLiWCVLKw023kkhjbGFMhUfM2cH5sAc4FbdtoOoaHeRX2jJCUuljGoWch2gsAB5iN2b1HQ11uKKAPOfiBoOo3zalqSWOnTW8OnNHG85LSIRliVAHB9Oat6bbaprmm31wYrWKWKBLe1aWzX97Mg+ZyHBbaThAPQE+ld3RigDlNSnl13wbb28Wkyk6htt5bdgUEAz8+4jBAGDjHXiuP/sxIA/m2GrF4ZJ42gSG5JcKxETI4BXBAGfrmvW8UYoA5zwnBNpsE2ktp8ltbwESwSFy4dZMsQSf4gxbI+ldHRRQAVWf75+tWarP98/WqjuTISikoqySpVmz/wBY30qtVmy++30q5/CZU/iLtFFFc50jXdURnYgKoySewqtpupWurafDfWchktpl3RuVK5HrgjNcF4nh04+IdcvdTsXvktrS0WOHzmQZd2XscdxWbqujaZa6fqlk/h3+zrqHTZLuCSO9dwApC+vHJoA9RvNQs9Pj8y8uobdPWVwv86ittZ028txPb31vJCSVDhxgkdcVwfxLe5g8HW9yn9ntGYBERcW7STEsBkxkHjABJ9hTNLtYtf1vRF1j+ytThaxneP7NCREAGjAyrE/MDnNAHpKzxPEZVkRoxk7gwI496zIPFGi3OmHUYtSgNsEaQtuwdq5ydp57elczY21nb+ANaidJI7G3ubpmit22Exq5JQegIGOPWuc1bSksp5rWOG08yPZLeNDpU8qHHK52HCgqBuWgD1Wz1Sxv0RrW7hl3qHCq43Y+nUVSufFWg2dzJb3OsWUM0Z2vG8wBU+4rmPA0JtNcvbYwaaUlto76Oa0t2jOJScj5icD5c496oO17DaeK7my0qxuwmoXRlmuJAjRBYkIK/Kc9z+FAHaR+L/Ds0qRR63YPI5CqonUkk9BVzUNY07S4JZb28hhWJDI4Zhu2jvjqfwritDvdQtY/D0Op+HtPWO9EcS3Kyh5C3lltxG3r8pPXqaT4hWP2qX7K9wRJfQvHDHBp8cknyrzudjkDntg0AdgfEekK0iyX0UXlxJMxkOwBHztOT64NWbjU7K0slvbi6iitm24ldsKc9OfevLdQeeHVrbULayVGa3t7JpNRsPMEbA7VZSH4BLCum8Wae0Hgy1025aedIfLea83ooUoQQWLuvBPoaAOg/wCEo0L/AKClt/33WhZ3ltqFslzaTxzwPnbJGcg4ODz9Qa8UF1F9tKmS1+zeXkSfbE3bs9Mfa+mO9el+A4ha+GLe0jimEEe54ppGRhMHZnypR24GcdaAOnooooAoy6vp8KF3u4gouBbE7uBKSAFPoeRUsl/aw30FlJMq3M6s0UZ6sFxuI+mRXI6fb2F3o3iq31OZIbSTVZ1eR2ChDhMEE9CDgj3qeWDPj/QIDc+fNZabO8rHG4hiiqxx6lT+VAHTT6jZW0nlz3lvE452vIFP5E1H/bOmf9BG0/7/AK/40l1oml305nu9OtZ5SMF5Igxx9TXnmkDStJ+2yal4ftm0o6ndRm+WJX8giZgA4xwmMAHoKAPSpL61isnvXuYhaopdptw2gDqc1nf8JZoH/QWtf++6z/FR0yHwZdaelza2UN5bvFbt0jyRnjA6d64NNQZAsf8AwkEO7bwP7Sbp/wB+qAPXrS7t7+1jubWZJoJBlJEOQw9jU9cf4PvYNP8ABUNtaSjU7ixjIkjtTksSxOBuxnrU/wDwlt//ANClrX/fKf8AxVAHU1Tu9VsrF7dLidUa4nW2jHXMhBIXjpwD1rM0/wARXd9epby+HdTtEbOZp1Xav1wa4DXJZNU1mWC0sdYnRNdjuXls7eRSsaQlGKvgAHccdaAPVINQtbl7lIpQTbS+TLkEbXwDjn2YfnRcajaWs8MM06pJM2xFPc4J/DgHr6V5kI7e01DV5b601m5uxOk1jYSxStFI3lptZioKs2RgkkgYqz4/hY+JdHUqUfUEFuwFwqbiFk4GRwcORn3AoA76bXNMguIIJL6ASTsVjG8HJAyee3A71YkvrWGFJpLiJYpHCI5YYZicAA+pPFeSataQXGurLC0ipaTyCRIbPeqnBGARbEcZ7lv612VzLD/wryKSTT0vbBoBI4SQRny/vBxhVw3Q8AYNAHSXer2NiXW4uUR0CFk6sA7bFOBzgtxV2vH/ABVasL+8FxpOoT3U6LPDKL/YotoChI2q3JxuOTzlu1dhpEuzw5qZi0+6sQ1qZ0+0XxuHIZDgjLEr0oA6O31Wzupr2KGXLWT7J8qQEbaG6nrwR0qSxvrfUrGG8tX3wTLvjfBG4euDXkFlDp90mlW3h+6vU1C+sJW1Au07eY3lpuIEnylvvAEe3aul0Oz0q21jw5LoMt2tpPDMHilupHA2KBtKsxCkHIx60Adbc+KNCs7mS3udWs4poztdHlAKn0IqJfF/h13VF1qxLMQAPOHJNcm0LE+IZ4k1EyJqk3NjFCx/1UZG7zAePpWMlwNQ8GNcTSahJdCK2eUXEUCxhmdDldihh7Z7GgD2DtWfZ63puoXtzZ2l5FNcWxxMinlf8fSsbxNPqbTWVjHcrYaddukEl2nzTMzZARBjC5x949K5q5fSLLX7/Sk1Kx0K50dIf7OuXkCtIHUs6yBj86k4z9c9aAPRb7ULTTLU3N9cxW8CkAySNtUE8Dmsz/hMvDf/AEG7H/v8K5/xXNfXXgmyk1KG3E7aha5Fu++OQeauGBPYjnFZN1fyLqEsRtddjc3S2/lobLasjjcqjKHjHqfrQB6Jp2sadqyyNp97BdCMgOYnDbc9M1PDdwXE08MUgaSBgkqj+EkAgfkRXJ+Gfn1nxBuWS1LQWu4lk3odjgnK/LnvxxXK+G9RU6nr815rGuQWrSs8F2GjKyosa8k7DhtoBHTI96APU7HUbXUkle0mEqxTPA5APDqcMPwNWGdVIBYAscAE9a8r+E8k13JqQub/AFKG5hvppWtJHTZIGYglhtySGyDgjmutuWOp/EOztwSYtLtmuHwf+Wknyrn/AIDu49xQBsXWvaVY3LW1zqFvFOoBaNnwQD04pkPiPR7i4jgh1K2eWRtqIH5Y+grzvxSYV8TXtzMDbXE0aARXE8S5CghWGLhDg89R2qhoLrcalpUzosl9DKJvs1rdROWYKcgbrhsjknpnigD2GS6t4X2STxI3ozgGsy48WeH7W4kguNZsY5oztdGmUFT6GuU+INsjXEHnaXbztqKx2dtOYh5kMxcYBb02liPQrTbOKJNVsrZY4isup3wkDICXVd2M5HY4oA7mbVrCDTRqMl1EtmQCJt3ykE4BzUd9r2laZLHFe6hbwSSLvRZHALL6j2rkoryfT/hNp9xHZW95AtoouIp3KgxkYOMA5PNIj2umeMmV7C8u3t9Pjhs4LaDeIoD1yzN8x3L+GB60AdvZX1tqNql1ZzxzwPnbJGcqcHB5+oqxXJ+A9v8AZdwttcTvZxXUsaRT2wjeNt5ZhkMQwyxGfausoAKrP98/WrNVn++frVR3JkJRSUVZJUqzZ/6xvpVerNn99vpVz+Eyp/EXKKKK5zpOT1Dww2s6xrcd00sNneW1siTQsA4aN2bjIPQ47Vkaz4VvrGC8FpLrGt3l9ZPZrJdTxbIASDzwp6+meleh0UAct4k8Oi+0OWVYnnv4bBreCMN8oJAyQOmTjGfSq93oGqQ+ItPvtEisLZVtpFuGnjLKXYp/CrKcnb19q7GigDj4dE1VPAus6fcpC9/dG6KiHhWLklcZJx17mma14MuNQv7+8ilsz9qhVNs0MjMuFxwVkUfmK7OigDjfCum6jbanNd3NjJbxRafBZxiRl3SNHuycAnAOR3rPi0PXLrSRo8lr9mTVbiW71O53g7FZv9Uo7sVAGemM16FRQByckWpap4m0kf2TJZWGmyyuZZZFxJ8hRNoBPHOecUnirw9Jr3iDRQQy20KzmSURo4UkLjIcEc89q62igDzHVPCUkOo29rZWd3Oy3MD/AGgWdskQUOrMdyqG4APSuz8TWt3qGm/YLWyS4FwcO8k5iWLGCGJHzHnsPTtW3RQB59a+H9dvLudHmvLSKO22K89wxSWbdywVX3Bcdi3euq8O29zY6PFY3Fmlr9lHlIEmMquoHDAnn8+a16KAMvQb2+v7CSa/iijkE8iL5QIVkDEKeeeRWpRRQBwDeEb61vNS1a6j/tRmvnubHTFcLErMQA7k9SAAe+MHFTw+F9bs9Si8Ri8S41qVwl3DnbCYCR+7T029Qe5z613FFABWB4a0+a20/UYby32ibUbqQI4BDI8rEH6EGt+igDB8UQajc6QNK0mMxvefuGuBwttGR8zY7nGQAO57VzF1a+In1WwkvtGupFs7WS387TbwJ5pYoQ3JBAwhyDnrXotFAGL4dluWt5IZ9Pv7UIcq15OsrPn0IJ4FbVFFABXA65pWr6rqks7+HJ3VSUR4tcaEMoPB2qOCa76igDzrTNG1nTNRhu4fDVxvjJx5uvtIvIIOVIweDWt4i8Kxat4g0y/nt3ul3+XKjkFIY9j5x9WIyfYeldfRQB5rceCbtY9Su83Jklu5DHbwxxMShPBy/wDjW4+i6s3gHTPD8HkwzvaxW11NIdwhUJ8xAH3jkYH1zXXUUAcCuneIRNfPqGi/b5ri3NqJor1FRIiMEIpUFc9ecn3NWND0bVLew1b7ZBd+dLYpbQmeeKQlUVwqjYox948n1rtqKAOK0HS9fefw9LqVla2sOm2jR4Scu7Fo1XkbQB09TVixt7688V2922itp1nbRz5Z3TMskhHICk+hOTXW0UAeePpOunUtZVNJmktpr55EdNTNtvVkQfdAORx1qhd+HNag0tra08PyIGEMJ/4mpm2xo6kYUqM4APf1r1KigDkvFcGvXc+nRabpMVzDa3MV2ZXuxGSUJymCP1rJtbPxPF4i1bVZ/CtlOL8QhY3vkPl+WpXqV5zmvQ6KAON8UW+tar4QgCaSqagl5BJ9kjnDAKkgP3sAYwPSsx9E1+TTTbNoh+0G6F4bxdVUSmUdG/1eOnGMYxXotFAHE+E9Cu4JNattT05ra2uIYYFBuPN8xQjBjuAHPzc8DrVqDwwtxqF/FOjw2C3sU0cK4CTKkSqAf9kMOntXWUUAcX4a8MSRyTXl0k1pdw6tdzRMpA8yF3J2n1U8H8BW1oekT2N7q99dsjXN/dGQbf4YlAWNfwA/WtqigDidV07VbjWJtUGmTpHsEBjtrsiacKTtPUKoBY+p57VDp3h7XbGPR7+7/wCJjdW6Bp4Zbl1ZJSCpZTkoeGIxgfWu8ooA5XxF4fufEF9m4dorK0gMlt5Ry5uD0fH+zjj1zWI+iazPfaf4kuNOLT2s2Y9PiZVYIwO+RsnG9iQSOgAxzXotFAHHnR9Wv/AN5pjxR291OXEEUhG2FC+VU7fQelZlx4b8S6p5Vt9p+xz2pcf2xIcyy7uqxxqQFjP+0TjjuK9DooAwfC8N9p9iNLu9MitUtVCxywS745vUjPzA5yTn16mt6iigAqs+N5+tWaqv98/WqjuSxKKTmitCStVmz++30qtVmz++30pz+Eyp/EXKKKKwOkzZtZht9dg0qeN42uYi8Ex+5Iw6oP8AaA59x9KcdVUeIV0jyjuNobnzM8YDhcY/GuevRqUXjSOy/tZjDdWk88PmQRsLV1KgFeMnG49TWYdH8Rf8J4kX/CUnz/7MZhN/Z8f3fNHy7enXnNAHY6tr9hoktmuoTLCl1IY1lchUUhS3zE9OmPrWfH458PPqFxbHVrFUiRHWY3KbXLbsgc9Rj9RWd4miv3u/DektfOz3LTLNMkUatIyRFgQGVguSPSsCxit9Q1VNIgvNVGpxt/psDragWy4HzFvKw2cjGOvtQB6Jp2sWmp6SupwvttWDNvfA+UE5P04rIk8a2UfhePW3jCB0WQ28kyq6oxHzH8Du+lc9qB1W/wDhLcpbTqH2TrPMwAPlIWzgKAMkKB+Jq7b6fYJrWhQ3OnWktrfabsXdApImjVSOcZ5TP/fNAHZ297a3YzbXEUvAPyOG4/Cp65bwXBC9rfajDbQQxXN3ILcRRKn7lW2r0HOSpPPrXU0AFc/rfi6z8O3IGp288dmdoF2mHUMexUHePrjvXQV414jlS68Y3Nnaam0zuzPd3FrpImeADhYwy5JbgAnjoe9AHoOk+NLDxBfi30eGe6gU4muSvlJGcZxh8MT9B3qXXfGGlaBdW9tdzjzpXUGMZLKp/jwByBxmuC064GtXem3k2qT297LKFhlfQ9g3c4HmcA9K6rxVZ3kmu6ReW097E1pBMjSWtoJWPmbAcZOFPyeh60AS3HxC0mK6uIY45ZhAFLSLLCgIK7hgO6k8H0rSuPE1nD4bg1pUkdLlEa3g48yVn+6gHqc153HDNejVpY4dSn1OW52TjDokahAqg7erY2k8AcnpW3rmni28J+GLCS2WeVXjhBktzI6/uzkhNw549fWgDo5vGOmQQQyvNGqm6FrcF3Ci3fBJDE/T8c1es9esb/Tpr+3+0PbRk/P9nfLgd1XGWH0FeaR2thbG5N0YNNkg1CBFuJLMIn+rLgyRlyD9485z0rprWRj4Z1nUf7Qe5Nw2fOlspI4yoUD5I1bcRjuD1oAv23jvTbhtSzbX6CyZgSbOUBgqbySSoCnHZiO3qKuaP4og1m+ezTT7+1kWBZ/9JjVQUY4B4Y9cH8jXkelajZW+nXtzcaxpUcupmVBbgyl03RlV3EyEL0Gcg4zjPp6J4RkivtXmvbK90+SFbWOG4S1lZ2dgAEZgQACAGHGaALlv470641FLRbHU0V7lrVbl7UiAuCQRvzjsa0tG8Q2usfbBHtjNteSWmDICXKHG4exrzXTYBLd2QkOqPE+vTK0chBtSC8nQdc1cs9B062m0y5trSGOSTxTNskRRny1MuFB9PkH5UAd9qPiKz03UVs5m5Fu9zM+eIY1/ib6ngVi2vxN8OS2KXN1Nc2rFdzI9nMdg9yExVDW9GWHxNeyWkdvNc6hbKjNeTLhZDINnynkhQpIUDnH1pgF5qtrq0pfyoVjtrWB72RCl3JG8m4HBIAYso7H8qAOs1LxBaafp1tegiSO4khWMFtpKyMAGweeM5qPUPEa2F+9utnNchbX7VmDDMVDAHA74HPHXtXNfEAwyafpyy6C1zeNNb87FKRgyLlC59Tx+NZOu6bbaVrek3F/HqDvd2sscWnwXTEJL8pWJNuPl6+2BmgD0O8121tNLj1FYrq5t5ACv2WBpGwRnJUDIFZdn460u9h89bbU4rXyjMbmWxkWMIBnO7HoOPWs/VNKe0+H62Ess9m8pH2j7DA90eTllwSWI7E5rira/u76w1W5kv792+yXNo8L6YYYDEgbYdwACsMd/UigD16z1SG9vrq2iVs26xsXPRg4JGPyqLWNbg0VYJblG8iSVY5JQRiENwGb0XPGe1YWnXiadPr97IcJBZ20jH6RMao6BBNqWsvBrIM73WgQG4STkHfLKSPyOKAO9ByMisu68QWVnrCabO+xzCJTIxwq5cIoJ9WJ4rJg1JNO8XwadFdGTTp4PsqRlsiCeIA7c/wC0hz/wGsCx0nUda1XxZBqoSO7uoIXhQfMIACxjGe5BUE+5oA7GHxPp0iSGZngeO9Fi0cikt5pOFGBnhsgg9MGofEHi7S/Ds9nb3dzAs9zKqBHmVCiHOXOeijB5rntLvo/E+vaekdsYZ7I/aNV+TGLhVMaI3HJ6kewFTa6GPi/UcaImp/8AErh5bZ+6+ebn5vX29KANifxno9trkenzX9nHE9oLkXElwqqQx+UDPXIycitK61mytdPjvi8k1tLjY9tE024HkEBAePeuD0bT7ay0aya50lLmK/0eOVbuRPMMUiQD5DkfKuBke+a63wRz4F0M4xmyiOP+AigCH/hO9E+1G1zf/aAnmGL+zp923OM42ZxnjNbVhqMGo2n2mATLHkj99C0TcezAGufj/wCSsT/9gOP/ANHvWj4qhv7jw3ewabIkVxIm0yN/An8RHvjOKAKMnjvSYbTT7qZxDBfXUkEUkzqi7ULAyZJ+78vHrkVrWHiDRtUnMFhqtldSgbikM6u2PXANec3fh+NfhkmrXEsc8q6XaxWqSx/Jbj5Nx9yTyTxxxXY+GElFxM1wfDrOFG06UhDAd92SeKAOnopM0tABRRRQAUUUUAFFFFABRRRQAUUUUAFFFFABVV/vn61aqs/3zVR3JkNzRRmirJK1WbP77fSq1WbT77fSqn8JlD4i3RRRWB0nN654Rt9f1uzvry5l+zW8LRtbJ8ol3EH5j3X5RxV3+y5v+EsTVQ0fkLYG22ZO7cXDZ6Yxgeta9FAGHrnh9tZ1HS7n7U8CWbTFvLyHbfGU+VuxGc5qC78J2qWVpHpMVva3NpL5sU7qzHP8WSGBbd3yea6OigDnYvDs0Hgm50NbhJLia3mj84qUUu+7nHJAy3vVC78MeIrmKGKPX7SGGGNViQ6eJGiOzYSrlgc8nnA612NFAHO+GdE1fQ4I7S81eG8s4YhFDEloIiuO5bcc1f0iC+hl1FryWV0ku2e3WQqSke1RgY7bgxHfBrTooAKzY9Hgh1qTU4ztd4PJMYAC/eLE/UkmtKigDmLHwrMlvpUd3fsUsHEogiUbGcFsHJG7+L9Kl1/QLvWrhCW0p4Ix+7S8sTMVJ6kHeOuB2roqKAPO7T4ay2s93Lu0KX7RJ5m2TSiRHwBhf3nA4roNS8OTavZaTbagbO5W1ufNnXyisbqFYABCT0yvU9q6SigDiYvAstukrW02nwyG+S7jjSzIhUKm0KV3ck9c561uaXpF7bPqM1/eRzz3rD/VRFEjAXaAAWP161tUUAc3/wAI3NBpGg2FvcIf7MnSRpHGCyqjrwOecsOKsaPoU+n3moX13qL3d3erGrSeUsYUICFwB/vGtyigDhpfh1t0x4LfW9Qa5WU3EDyyYWOUkkvtUDPU1oWnhW5tbrR4lvYRpelHfFAID5jv5bKWZ92OrM3TvXU0UAcxqXhSW6u5762vgl695Dco0sW9VWNcCPAI45Y5z3qsfBs99du+p3Nr9neOYPDZQvEHkk2/O2XOSNgxx1rsKKAOZ1fRtYvl0uwhubVtPgeKS5mn3ee7RsGG0Abecc5qvd+B42/0+2vZn12OUTQX10d+0gn5MDACEEggfWuuooA57T9F1W20fym1NIL+ad7i5mhiDKSxyVUN2HAz7VDp/hOfT/NA1m5uYZGkka2uI4zE7vkncAASMnOM109FAGHpGi3VrcajcalcW1y155Y8uKDYiKikAYJOetVdX8PatPrq6rousxafKbVbaVJbQTKyqzMCPmGD8xrpqKAMbQNEl0m1m+23S3t5PO08s4iEYLEY4XJxwMdaz7/QdZl1q+utP1CCzjvEhjeTYXlRV3bto6AnIAJz3PaupooA5AeCf7KeK78O3rWl8v8Ar2nzIl2M5PmDPXr8w5FW9Q8PX97r9xfRarJZwy2cduRCqszFWcnO4HAw4xj3rpKKAOeu9D1JPD9to2lahBBDFaC1aS4gMjMoUKCMMADipxoc8GkWOn2WqXFmtpEse+JEJcAAc7gfStqigDlB4PuxrDaqPEl/9raAW5fyovuBiwGNvqTWxb6ddQ6fc28+oy3kkqsFeZVXbkYx8oHFadFAHMXPhu5uPh9D4eLwG4W1hgZmJ8slNue2ccHtWxY6LpemSNJYadaWrsNrNBCqEj0OBV+igDmNI8N3On6217I1qFBlJliDebcb2yPMzx8vQcn8OldPRRQAUUUZoAKKKKACiiigAooooAKKKKACiiigAqq/3z9atVVk/wBYaqG5MhtFFFaEkFWLT77fSq9WLT77fSnPYzh8RboopM1gdAtFYN34mFtqk+nxaZe3UsIUuYVUgAjI6kUw+KJ1BJ8P6pgcn5E/+KrZYeo1e35Ee0idDRWZba3bXOiJqnMUToWVZCAeM8fXiorfxDaT6GNT3IgMRk8ppBuyBnH1qfZT7dbfMfPHubFFUNK1a31WyhuImRWlQP5e8Fl+tVjr6lr/AMq1lmS0YJmMjMjfxAA46UvZyvawcy3NiiuaXxhH9pt4ZtLvofPlWJXcJgMTgZw1a+ranFpGmzXswLLGOFHVj2Apyozi0mtWCnFq5eorMj1hX1eLTmgdJJLX7RkkfKM42n3q1Jf28drNch/Mjh3b/L+YgjqMDv7VLhJboakmWaK5p/HOkR43rdrk4G62cZPp0q5p3iWx1O7FtAlyJCCcyQMo49yKt0KiV3F2JVSLdkzZorBbxVa/2m2nxWt3LMhIfEWAoBwWyeo+lQ/8JhAbJrwadfm2AJMojG3AOCetNUKj6B7SPc6Sis641m2toLeV93+kIXjUDk4Xd+HFZreMbOOzjuZbS8WN4xIWWIsqg+pHFTGlOWyG5xW50dFZmma3DqrusVvcxhVDZmiKg/TNadRKLi7MaaeqCis661eO31a004RvJPcBm+XoijuarX3iazsLt7aWG8Z0xkx27MvTPUCqVOTtZbickjaormo/HGlzAmKK9cA4JW2c4Pp0q+fEFt/Ys+qCK48mEEsrRlGOPQHFU6NROzQlOL6mtRXLDxtCQCNLvcH/AGov/i6uaT4ng1a/ezW0uIZFj8z95tIIzjsTTdColdoFUi3a5u0Vn6hq0Wnz2kDI8k11JsRExn3P0FJa6slzqt5p5jMc1sFYbj99T/EPx4qOSVua2g+ZXsaNFZ2qaq2mrGVsbq63kjFuoO365IrN/wCErk/6AOq/9+l/+Kqo0ZyV0gc4p2Z0dFZujaxFrVo9xFDLEEkMbJKAGBHXoTV6eeO2geeZwkcalmY9ABUSi4vle4001dElFczqHjjR7WxkmtrqG6mXBEQcqW59cGrMHi/QpxHt1GEPJjCEnIJ7VfsKtubldifaRva5u0Vi6p4nsdInMV0txwoYukLMuD7jioP+EvsDc2UeGjS53nfN+72Be5B9TxQqNRq6QOpFaXOhoqG3u7e7jMltNHKgONyNkZrN/t+ORdTNvbyTfYOGIIxI2MlQfUVChJ9CuZGxRVawvYtRsILuE5jmQMPb2qzSaadmCd9QpKWuO8feI30jT1s7Vtt1cj7w6onc/U9K0oUZVqipw3ZM5qEeZlvW/G+laNI0G43FwvBji5wfQnpXON8U23HZpYx7y8/yrzokkkk5J6mgAsQB1PSvqqWS4aEff1Z50sVUb00PRP8Ahacv/QLX/v8Af/Wo/wCFpy/9Atf+/wB/9avP7i2mtLh4LiNo5U4ZW6inx2F3NEJYrSd4z0dYyR+dU8swKXM1p6k/WK21zvf+Fpy/9Atf+/3/ANaj/hacv/QLX/v9/wDWrgTZ3Sxea1tMI8Z3lDj86BZ3LJC6wORMSI8DO4jqBR/ZmB3t+IfWK3c77/hacv8A0C1/7/f/AFqP+Fpy/wDQLX/v9/8AWrgp7K6tdv2i2li3dN6EZ/Ol/s+78yWP7O++JN7rjlV65+lH9m4C17fiH1it3O9T4ptuG/Sxt/2Zef5V0+h+MtL1txDG5huSOIpeCfoe9eMT201t5fnRsnmKHXPdT0NRozI4dGKspyCOoNZ1Mmw1SH7rR+tyo4qpF+8fRlLXK+B/ELa3pRjuGzd2xCuf747Guqr5atSlRqOnPdHpQkpLmQVVk/1jfWrVVX++frUw3CQ3BoozRWhJDU9r99vpUFT2v32+lOexEPiLdJS0lYG5wOs711rxDIsME0ccMLyJNIyZAXsV5zVKzSSC7MjadYWxhETF2uJiR5gO0AHOT9a2dV8Oape+Iby5hW0NrL5RAn3EMVHopHGfWm3fhzW7y8+2TLpTXAAwwWUdOnG7Bx716cakFFK62/yOVxle9ipK9uPhtYxSwLPPLlbeMj+PLfN+AzWNEsK+Dxay6TH9snQNbzA53jBJc+hUZru9K0mW38LW9lcxIbqKJwO+1jnofoarWHhsQaEvmwg6kLE22d2QOD07d+tOOKjBtf3r/wBeQOm3b0M7wCli2nFfs6QajGmHcDDOjchh/ntWFpy27LfPBfNdxwBhFHLEZCUJAkcqCOpI75xXc6NoaWllYSzRKt/b23klgeMeh9aojQNYktpUm1GGJGGPKs4BHkem48jNT9YjKc3ff+tN/wBBum7JHIMkI1Roo5rCKe0mieI29uxaZuuAN3r1rf8AFst/JqekwyIFsY54Wlc8CRy3THoMH86dp3hCdXuLxYk067SRWtCjeZtwuDu9Qe/1rc17TbrUINPWMK7w3UUsh6DCnkinUrw9pGzvZdfQmNOXK7nM3V9L4h8YiPQ7ny1+yGKW4K4wu7JKevYV2Wk2FnptkLOz2lYzhznJLdy3vWTqOlalb65BqOjwWrKtuYGikOwD5s5GBTtN0vWLWxv5vNtY9Su5/N5BaNBxx6nisq0ozhFRdkktOt/M0gmpO6G+LwNmk8D/AJCMP/oVdIAB0ArktQ0TxNqQtxcX+n/uJlmTbEw+ZTkd60rSDxKt3Gbu8sHtwfnWOJgxHsc1lNRdOKUlpccW+ZuxyE1wV8d3CC+vJUVGQFcYLFs+WT2Xtn1qLYwlOkiyvwpjLmAaqnl7Sefbr2rrJdDmt9YmnsLeARPaum2Q/KXZwxyPzrH/AOEQv/7R+1fYNI2+Xs8nY2zr1+tdirQnu7WX4mThJdC7rpMdvpBePytkUuULBtoER7jrXOSJc3OgzxG9njgttLjlEKt8rk56iuy1bTL6/wBEt7RIrZLg4jeQDiFCMMUz7cU3UvDaf2XfJYhvPmtFtkRm+UBelZUq8YKK8/1/4JU4NtkXhf7RDfX1pNeTXKRJEUMpzjcua6esrRtFj0oSyCaeWacKZGmfdjAwAOOlatcleanNtG1NNRszmbUCT4h37OcmKzQID2BPOK6bArDudNuE8V2uqWyqY3iaC5GcHHUH3/8ArVuUVWnytdkEVa559oVxq1jZ3d5ZQpdWiXsontwMOenzKf6Vv+IbyK98EXl1ErqksGVDrtPJHapvDGm3OmWV3HdKFaS7klXBz8pxj+VTeINOn1OyitIdojaZDNk4+QHJxXROrB1k+zWpnGLUDzvWFe1muxGsMaRyBUzADkHHQhMd8da6XwcgXUbnbEmRCCJApUE56cqDSx+DZrq0uYp3ghaS5kk3eSHcqWyPmzx9Ks6DoF5p2tmaVIxDHG6CRQFMmWyOB6VvUrU5UnFPUzjCSkmVbo3umNJqt6El1m5b7PY2yncsYJ7fzJq9qFpJf3Mc+n3UK67YoolA4VwRyrex7Uy90PXJfETanb3VmwVdkCzox8sd8AHr70waL4gj1uDVWurOSZcRypGhQPGeufXFZc0dHzK9v6XoXZ7WF8U71GnM63jXU7eSIrW7MS7sZ/Gsq3tJ01izsr6HVrU3BOxjqe8cDPQV1+r6Jb60kCzyzxmF96NC+0g/XFY9x4bk0+4t7+xa7v7qFjtS6uflAI5PSppVYcqi99f+B1CcHe5H4euLm00jUpbS0a7lGoSgRK4XPzeprX03UdSvbhor3RntIthO9pVcE+mBUfhjT7vT9PmF6iJNNcPMUVshdxzjNbZrGtKPM1a/maQi7I851GXWNS8LX1681ktqHZDGsGHwr465rTt5tX06/wBGgupbKaC7O3EcG1gAueuav3fh+WLwleaXav50srM6lvl5Z92KfD4duH1OzvbvUZJUthmK32ABCQB1710utTcGtLXf5aGShJMyvF15cF9TtN+YVtI5FTA+9vHNZt8klhd/2lr1tbz/AGq0ZIYigdY3UfKoJ7nr+Nb+r+FLrV9SuZzqfkQTRrH5aRAnaDnBJ96qjwhfaij2+rahK9tAWFsA2Wz2dj/IVpTq0YwS5vXvsv1FKE227F220zUNP8JWtlpSRRXUiqJZGG3ZkfM3uRUOm3CabfNplmU/s6whLX1w4yWkPbPr1JrUtbfWV0KW3uLqI34DLFOF4x2JHrWPp2g+ItOsTaQ3emhGJLs8TMzk9STnmsFJNS5mt/6f+RbTVrIvaNYT2OoGTT5o5dEugZlXPMTH+77Gujrn/DGl6loyT2d1LHLag74WTjaT1XHpXQVhXd5738+5pTXuhXjnxEleTxXIrE4SJQo/WvYzXl/xM0p472DU0UmORfLc+jDp+n8q78mnGOKXN1Rji03T0OBrovD9xvs7yBLWyknhiM0XnWyuXx1GTz0rna19M1Sx09FZtPeS4GR5yXLJwe2B7V9RjKbqUuVK7PNpu0r3Na81aa58PtqV5bWDXNzN5UZ+yruKgctnrxwK1fD7LHoujyvNBGkaTs4edkbG9uQo4b8a52817TLu0ht20YqsCFIsXLfLnnPvzTbPxRNY2NpbRWdufIVkaRxuZ0ZiWX2BzivMng6kqXLGFne/Taz8zdVIqV27m9d3MzaZe25lcwDSYnWPd8oO8c49avWMMi6boizx2EM6+Y0IB+bcF+Vhtzn3Hc4rktQ8Sz3VoLS2RYYGhWOQbQS2O27rjpxUseuaZHBYxGxuHFmpZMz7d0pIzkgZ28Vk8DW9mlbr09LeRSqxuWtUQJ4aj+03Ud4v2ohJgXDqTjcAGAyOP1rotFiVr+LyNQmlDwwNGkrKjtH82d3Bzge/41yGq+IYtbgU3tntuYz+7eFyqbc5IKnPPXkVej8W2jCNJbOeBIWXyhaSAZVTlQ2Qc4/WirhcRKkly66328gjUgpXuWfHLPPbRyB4pIobqSPeswdgSM7SNoxgDpz1ria3te1u11S3RIftwYSF8TOhQZ64CqOawa9TLqcqdBRkrMwrSUp3R2fw0lZPEckQ+68B3fgRXrdecfDHS5F+06pIpCMPKjJHXuSK9Gr5jNpxnipcp6OFTVNXFqs/3z9as1Vf75+tefHc2kJxRRRVkkFT2v32+lQVYtfvt9KqexENy1RRSVgbhRWFqur6hZ3nlWdpazRhQS0l0sZB9MH8KoP4j1tI2c6ZZEKpYhb1ScAZ6VvHDzkrq33ozdRJ2Ospawv7ZuZfCg1i3t0Mxi83ymJxjuM/StTT7yPULCC7j+5MgcfjWcqcoq772KUk9CxS0UVBQlFZGr6tJZX2nWVtGklxeS7cOeFQDLH8qj1jxVpmiTrBcNI87Y/dxLkgHuegFaRozlayvclzitzbopC6jqa5e78dWdlv87TtRVVbbu8pcE/i1KnSnUdoK4Sko7nUFuPlGaYCcqc5z2qCzuBc20U6I6LKoYCQYK57GoNT1Wz0i3867kKpnChRkufQVKi2+VLUd1a5pUtUdK1GLVNOhu4Q4jlBKh8A4Bx2+lZeoeL7fTr2W1fTdSlMRwXihBU8Z4O6rjSnKXKlqJySV2dDS1z9v4jm1TSkvtI0ua4BlKFJXWMgDv1IPpVS18TaxeyXEcHh/c1vJ5cg+1qMN1x0qlh6mvlvqifaROqorJ06/wBWuLry73R/skW0nzPtCvz6YFJperSXeqajp1zGkc9q4K7Tw8bDIP1/+tUOlJX8ilJM16WiioKCiiigAooooAKKKKACkpaKACkpaQsB1NAC00njjmgPk4xjPQ1H918jn39KAFyeGJ5z0qSo+AcE8dc05Djg9O2aAH0UUUAFFFFABVW/sINTspbS6QPDIMEf1q1RTTad0Jq+jPH9c8A6np0rvZIbu26gr98D3H+Fc42laipw1hdA+8Lf4V9BUYr2qWeVoRtNJnJLBxb0dj58/szUP+fG5/79N/hR/Zmof8+Nz/36b/CvoPH0ox9K1/t+f8i+8n6ku58+f2ZqH/Pjc/8Afpv8KP7M1D/nxuf+/Tf4V9B4+lGPpR/b8/5F94fUl3Pnz+zNQ/58bn/v03+FH9mX/wDz43P/AH6b/CvoPH0ox9KP7fn/ACL7w+pLufPy6TqTnC2F0T7Qt/hXTaD8PtQvpkl1FTa23Ug/fb2A7V63RWNbPK048sEkXHBwTu3chtLSGytY7a3jCRRrtVR2FT0hIHWm78kccHvXit3d2ddrDi3HHNUnJ3MScEHpVg/K2ep7+1V5P9YeRyetVHclj6Ki+YfdyRRVkiYqe1++30qCp7X77fSnLYiG5apKWisTc4nxDZRXPiiK1jtdO8yaAyvNdRliSDjHBHaqdpp8MGp6haT2mms8Ni08cttGQQencmuyv9F03U5FkvbOKd1G1WcZwKyL7w3Lb5GgR2FmJo2jnZ0JYg+mPxrvp4iLhyN20OeVN3uTaBt/4Qa13/d+ynP0waXwTn/hErHP+3j6b2x+lSPo1xF4TGj2twglEIi81wQMfxHA/GtOws0sLCC0j+5CgQfgKxqTi4yS6u/5/wCZcYu69CzRRTWbHAGTXManNXpQfEDTzLjH2STy8/3sjOPwzUXjuCEaGZdih2njDOF5PPHNaWr6XJqF5YXls6pPaS7gX6MpGGH5VPqekw6xZmzuHkRQ4fKEZ46dQa6o1YxlCV9t/vMnBtSReAHIP8XQ1y2u6ZfXd4NThvbeWC0UlLaVcruHU8d62bnSzNqttefbJoxApHlKfkfPrWXN4OtpHmSC/vYbaZi0kEcgCHPXHHFTRlGEubmt8rhNNq1hU1DWdV0yyvdLitFjmjy6zE8NntjtVtob6XRbltWitjPGjlDEMgDb7961bO0isbSO2gXbFGoVV9AKfPCtxbyQsSFkUqSOuCMVLqLm91WV/mVyu2pieDMHwlYNgZKt/wChGjxdqElnpH2a2z9svWFvCB1y3BP5VI/hyMeH4dIt7y5gjiYFZVYbzyTg4HvViXRIJ9WtNQmlleS1QrGhI25P8XTOfxq+en7X2j7t2/Im0uXlJdLsItI0mC0TASFME+p7muU8P6MdXjvtSXUb+2jubqR0EEuwMueCRXTa5ps+rWItIrs28btiYquSydwD2qO50m6W0trbSb/+z4oV24EIk3Dt1P8AnNOFXlTfNrIJRu1poij4Qadk1NZrqe4SK8eKNpnLHavvRFj/AIWLPsx/yD1349d5/pitLQ9IGi2Bt/Pad3kaSSVhjcx68VHpWky2mp6jqF1Ijz3Ug27OiRgYA+v/ANaiVSLlOSe6svPYFF2ijYooorlNQooooAKKKKACiiigApCcDNIzAHHU+lJuLDgfXNADiTjK4pvR+f4qRBglT17UEBfl6A9PY0AIeFKk8r0NK33VOOvBFJgcbeSO9PCnqxyaAGhWKgYAx3pwUDnqfWnUUAFFFFABRRRQAUUUUAFFFFABRRRQAUUUUAFFFIzBfrQAvSkJJGVxTd5I4HPfNIo2tg9+lAB0YE9+D7UcDKk8dRQwCn/ZNJgYAHLetACnOwNjnvVVgdxGO9XAp6sfwqvJ981UdyWM2g9cmilorSxJFU9r99vpUNTW33m+lEtiY7lqiiisTYKKKKACiiigApj5X5h+NPo60ARYwcE8HkEetK3DLg5alEYHXn0p+KAE2gnNLRRQAUUUUAFFFFABRRRQAUUUUAFFFFABRRRQAUUUUAFFFFADXB+8OopmO5OQ1S0wRjJzyO1ACP8AKBzlh0p5UEgntS4ooAKKKKACiiigAooooAKKKKACiiigAooooAKKKKACiiigAprjIyOop1FAEXX5j0PBFKwCr157Uvljcc9PSnYHHtQAmNwBNOxiiigAqrJ/rG+tWqqyf6xvrVR3ExtFFFWSMqa2+8fpUNTW33z9KctiY7lmiiisTUz73VY7SXythdsZOD0pbLU47yQxhCjAZGT1rJ1ZS+qsi/ebaB+VR2MjW08rgDciHg1fKrE31OprJ1rXYdHiXMM09xIMxQxRsxfHXBAPbmren3n223LldrA4IFcr45nmtWhuYGv/ADYkLxeQI9inoSc89G7e1SlrYZsy+K9OSGGSJLuczlhGkNs5ZtuM8Y6DI5q1NrMdrpDahdW80ABwInXLkk4UYXPU4riYVuxJYfYrm9tWt7e6ZGu443YqBHx8pxjOffrWlqcmoT+CNPuJ5I7uW4kt5ZN48vAYg7QFBzzxTsFzY/4SzThpUl3JKkM6IS1tO3lPvCg7cNjnkfnV/TdZsNWgWSzuoZSUDsiOCyZ9QOlcZpct2tu0NtPEklxqMUXnL++Gz7ODkbgM8KO1dHornUdFlgvZw8/mSxs0f7tiquVB+Xp0pNAWbXxFp82nW13c3UFp9oUsqTzKpxnHc81U0TxZaazNHCpiSSRWKqJ1YkqxBGM56Dd06VxOnEW0NnPYSwyNb6ZJLKJ184ZMqjb1+U/5xXSeGHb+2Lq18iOCOzmmDHYBvaRy6AH2Q9Pem0FzX/4SvTEu76GW5iVbVo13K+8uWHYDJ4PFRW3jHTZZZUm86ALKI42eCTEgOMHO3jk45rnBaTzaxrc1vpNparHJAwLxb5UOAQyqnXpuxnrjNaHnrqLW9tZz30zwOsVxHd27+XIQQ3zHHyt3BosgNzUfEMGnXUkD29xL5UayyPGAQik4BOT7GobzxTDZ3NzGbK5eK2eOOWZQNqlwpHfP8QrnPFZB1nUB5l0pFlFxCMqfnb7/ABwKgv5b+C31mweGwkRrhWKTSSedPu2+WVx9ABjptosB6RRVeyhNvZQwsWLIgBLMWOe/J5NWKkYUUUUAFFFFABRRRQAUUUUAFFFFABRRRQAUUUUAFFFFABRRRQAUUUUAFFFFABRRRQAUUUUAFFFFABRRRQAUUUUAFFFFABRRRQAVWf8A1jfWrNVpPvn61UdxMbRRRVkkdTW332+lRYqa3+8fpRLYmO5YooorI1Me90+5lv8A7RDswMEZPcVDHpV0GlZ9mXUjg9zW9RVczsKxR0y0ktIGWXGS2eDWfr2gSatIHhuViLJ5Um9N37vOTt6YJwOeelb1FK+txmCnhxI9Sv7qNlRZ7cwxRgHCFiS7de5x0x0p7aLP/ZOk2SXKqbHyyzbMiQomB+G7B/Ctuii4HNab4aura/iurq8ikCytO0cMXlqXKBFwM9AufxNLZeFlhvb6S7nFxbTqyJCFK7VZy7ZIPPJ9uK6Sii4HNN4Ps2e7KpFGkgRbeOJdiRBQcZAI3ckkg8Hiix8JrYanBcx3cjQq3nTRvyZZtrLvJ7fePH0rpaKLsDDtNH1CGS/uH1JBdXcitvjg4VVGAME9cd6baaFf2c9xLHrDZuJfNkBt15OAP5Ct6ii4WOZ1Pw5fXt1eSw30ES3exJd0JY+Wo4UHPBzk596Y/hOe6uE1C81N21OH/j3ljjAjhHoFPXPfJrqaKLsCG0W4S1iW6kSScL87ou1SfUDtU1FFIAooooAKKKKACiiigAooooAKKKKACiiigAooooAKKKKACiiigAooooAKKKKACiiigAooooAKKKKACiiigAooooAKKKKACiiigAqtJ98/WrNVpPvn61UdxMbRRRVkjKmt/vH6VFUtv94/SiWwo7liiiisjQCQBk1GtxC7bVlQn0DCsfXLhxIlupIUjJ96rXWmS2dus/mAkEZA4xVKPcVzpaOgzVPTLhriyVn5YfKT61S1291O2hdLLSTeRNE2+T7Qsezj0PWlbWwzXDqcYYHPTnrTq8/tb6Sxh8JyRWs11K1jKqRRdWJCdSeAPU10V/Jfw+HZLu/uTazwBppBZAN8oz8o3Dn68dKLCN3cNwXIye1LmuGFjq1xcQX4TWjKsZEb+Zag7WwSPvewrd8NyTXVo91Jd3coLtH5dyEyjKxB+5x29aLBc3KM1n6pd6jaiI6fpgvi2d489YtnTHXrnn8q5K21jWx4yvtuhK1wbSINB9tT5VDNznHPXpRYZ3tFZCz3l9pFyuoQf2VK4aNCtwrEZHDBhjBz/Ksm3u7qefRb6Z1WeLzLe8TzVAKkff5PI3ICPrSsB1uaKxNAuJbs3V3cTfNPKTFbl8mKMcDjsT1P1rmIVkj0yHVbybUZbNpp1uZIr2UGECVgrbQfugDnFOwHoVFcn4et0v8AUJb+2mvm06P5bd5ruRvOYZ3NtJxt7DPWuspAFFFFABRRRQAUUUUAFFFFABRRRQAUUUUAFFFFABRRRQAUUUUAFFFFABRRRQAUUUUAFFFFABRRRQAUUUUAFFFFABRRRQAUUUUAFVn++frVmqz/AHz9aqO4mJmikoqyRtTW/wB4/Soamg+8fpRLYUdyeiiisjQx9btGkC3CAnaMNj0rKe5urpUhZ2cdlxXWnmoUtoYpC6RKrHuBVKVkKwyxt/stokZ+91b61m67daqqPbadYo6tES9zM+ETrxgck1t0VN9bjOGsJhYW/ha7uI5/ISzkR3jhZ9pITGQoJ5wavLqVxd+Hrxr6xubsXVzJDbW/lFGeM/dzwCowDya6uincR5/FpOnyatp+nq6m6WGU3cMF5Kyo4AwD82Rya6Pw3/olvJpb2D2ctuSzAFnjk3EncrnOcnPBORW0sUauXWNQx6sByafQ2My9Y1f+zI40it5bm7nJWCCNT8xHXJ6ADIyTWMnh6/tEGsxukmulzLOM4SVSMGL2AAGD6jNdbiilcDn59U0rVNCmuNQsZWigcLLazW5LrJ2XGOTyMY9ao2Hha3utOuJbrRtNtbiXJgj+zhvJGON3qe5rrsD0op3A5rw1bWcE80TaPBYanAu2VoYsLIp6MrdwcdOoxWBbSLLYxaZqEt1DYpLM1xBHZzFpsyuQpYLjaQQeOteiUUXA5DRLq10/VjaafLP/AGZPylvJaTL5MnopK4Cn0PSuvoopMAooooAKKKKACiiigAooooAKKKKACiiigAooooAKKKKACiiigAooooAKKKKACiiigAooooAKKKKACiiigAooooAKKKKACiiigAqs/wB8/WrNVn++frVR3JY2iiirJG1LB94/Soqlg+8fpRLYFuWKKKKyNAoozRQAUUZpvmLt3bht9c8UAOooooAKKKKACikzmloAKKKKACikyOlLmgAooooAKKM0UAFFFGaACijNFABRRRQAUUUUAFFFFABRRRQAUUZooAKKM0ZoAKKKM0AFFFJkZx3oAWikzS5oAKKM0UAFFFFABRRRQAUUUUAFFFGaACiiigAqs/3z9as1Wk++frVR3ExtFFFWSNqWD7x+lR5qWD7x+lEtgW5PRRRWRZ5B4u8Ua/4d+IU128Fu9rFp7mGFZW/eIWIViM/e3Y/CuS0rxhqdrL4dZfEWlBkE8kjzidtpbBKzc/Nntt6YNdTrOnaZcfE7VZUuHvZotJuZnEkhb7PLhhtA7AA9PeuN0y6m3eGZV1qREt4JQXGklxbZC8f9NM469sUAet+K7m9l8O6bei41XmAyzzaLIkcZBUHcfMydvXHf1ry3T/7Rv/CptftfiMRPIWgxcwiN037gSjEMD/wIjv04rv8A4i2V3q/w3jvINVdLKCz86dFi8s3LYXbkfwjOSR9BXK+Nreez00tLD4XE88MKwKEc3ZjICqcEYyAP0oA7fw/JJceHNXNzrGtWSfKBe6jcwuYfUoV4HbOfUV502r6tqGg+H5zrupajcXT3RngtrlUeIqowM9v72DXovhzQZPBXhDULbW7HT57BQr+VYxyTNMejF1YcnhcYrzVfJg8I2OlX+iadZXVukkhbVIpFebd0ZPLHXjHzegoA6D4XXupS+JtP+1zak0dxps0p+1XAkSVhIoDIB0AHHNdPd654u1PX/EOnaRJo8VrpuxSbmKQu25CeCrY7HtXJfCKS0ttTsUKaRHczQyR/u1mF0x+9hsjZ0X9BS6tF4bl8d+K/7dhv5Jt8X2f7KkjAfIc7tg9cdaALGgeIPGOi+AtG1LztJn06SWOECVJGnw8m3k7sZr1vUNStdKsTeXkhjhDKpYKTyxCjge5FfPEFtoFv4V0dRbajFrwu4PN82KVYx+8GeSNvSvofUNQh0ux+1TpKyBkXEUZdssQBwOe9AFyqWrXk9hpdxdW1q11NGhKwqwXcfqegq7VPVLm2tdMuJbu4jt4dhDSSHAXPHNAHmMNxqFzpsmswzeJJNT1FRIiW3lxW7HHyqm4E7QPxOK7fwfqD3OktZ3U13Lf2JEd090gVy7Df0HbDDHtiuXs31C4tvDsWi2D6haaEu6Wd/wBwtywjMYEW4c/eJ544610Pha7tbrWdcnSSSO5upY5ZLOeIpLCFjVOQeDkr1HFAHI+JdfvWTVIbPU9UdCkixqpUA8HgDyM/+PZ96Twxr96kWlQ3upaoqrHEsiuVIBwMgjyM/wDj2fer+u3ME+sa7s1G5uLtkRNOtrG6Y4k2EHcqHAG7Gc4pNJuEs/EGgJNc6jaXAWRL6LUJnCyOY8Lt3Eq3zc8E0AaHiyd/+EliifUJba3XT3lVBe/Zkd94A3P261j2Uq3F7DDNqwjjdsFo/Ewdh9Fxyc1o+MdQGn+LYseR502lvHH5+dgJkUFjgHoMnHfFZomsNO1G2k0vULEwrZW9pJJKjq6+XIzMyjYQdwYjqMUAdBpOr6lb/DS01NFS9uUhZ5WuZymVBbJLYPOBXKyeJtdHwea9+z2ZtzZmI3QviZBkbQcbfv5PTP410vhvTP7a+HGiwefstj+8mUD/AFqBmO32BOPwrl5vDvnfDtrzyI4bGLR/PIU/6+4EZUMw6DaPzOPSgDvPBupapqmiWtxfWltFbtbxmGWG4MpkGOp+UY/WsnxdpWpaT4f1TV7XxRrCywo0qRF4/LHPTGzOOfWtPwlp91pFoIF2NpMkCXEHPzROwy6Y7rn5h9SKxfGHiuw1XwjqdhZ2+ovcTwlI1+wyjJ+pWgDotM8PXVndQ3UviPV7tVGTBO8ZRsjvhAf1rnvEd1IPHNnZNPrrW86s729u4WJgqrgqRg4yecmt6y8ZaXcSQWyR34kchBuspVGfclcCsDxFoi3Hjuz1DUbto4lilNu0TEGFERSSfUli2R0IxQBmz3Or/YLxPK8QNqB83ypYtQQRbsnYQN/TpXW+LPtY8KG7tdSubSeBFfdAV+cnAwcg5HPauAu49GbxXZPFP4d+zC3myw0lvLU5XaGG7luuDx0Nd1riXmpeEoLLQLO3uo7lAnmiTyYolGPmC4JxkYwKAOd8SyajavJZafea7Nc28cDS3X22OOMB3xyOBuIyBx1IrqPB05uINQ3nVFlgufs8kWoXAlZWCq3ykcYIcflXL3w1LU57yxtktrzVp/IW6W3LC3tvJkL4MjDqQAMY6k9q6fwjOk0msyESQ3M17501rKm14CY0XaT0YfISCODQBx+m6m139te8uvF8kq3s8YNiGMQVZCAFwOwrb8J38kviy7tUn1trZbNZPL1XIbduIyoI6YrmtGvoIY79H17X7RhqFz+6tLUvGP3rdDsP863fCFxHceNrxo9R1G9AsFG+/h8tl+c8AbV4oAueJvGXkXbaTaNJZlmMc2ozQOUi/vbAB87c8dgaytK8WWGhXSWumX1zrekzHIASSS4t2H3jkj51PX1BzXQ6/rNkL1oR4nfTpIl2vCkIbJ9yVNcx4O1W1sdHtBdeK5YdjuWtWgXBG8nk7c89fxoA6/W76I3WkNHf3diZnBhmEWYZM4/dyA9CR0zjB/KuCvPFU91qk94vi+1WLTWf7Mi2oElw+CCuzdyvYE9+a77xBrBhudGt7adY0upjPNKei28a72PPTPyj8a55b69e2t7iOW4RbxdRniUkhtmSYuPpgj0zQBuaXqD6t4Oe8TVZ70ygkTWUCxTJ0yoUkgMOetcbpl7f3egWN7E+v3Blu2+0yfagjSxASBdhLAYB2Zxiuo0W/k8SeEri10yZIpVSKB7sNnczRo0jcD7w3Ed+RXL6dp2i6d4Yt4ZLmwjZ3mZIdRtmuVUCRlzGMjaTtGfXAoA6bwrNeya9cb11SOz+zjC390spMm7quGOOKwLybU7rxFd6iLzVY3SZ7YxWZjSLykJChS/O7dklsY5wBxVr4a/2bBbWMYk0v7c1vt2Q2JjnB6kM5Jz09BVTxwiP4/O9bU/8SuH/AI+JEX/lrL03Rv8A0oAhsn1G3nF7e6j4ghW4G67SJoTsc7VXaRngDg8c9eOldN4tuRa6no6L4luNP+0XCwyxLNEv7vY534ZSQcqoz056Vy3h+W1s/GWjsYLZpZGkhjNtcRnbuQ5LBYUyOPWur8ZJFNqejldEm1CS2uhPMUt1YCII4xubA6kHGe1AHHtqmtSapCiHXbiN7+5h3wXqosqpnaFGRjGOema9G8IXE934U0+e5eR5njO9pW3NncRye5ryrWY7S416ynjHh3ZJPI78XAxlT/rMHH5d69X8MPEPDdsIjaGONSo+xhvLGD0XdzQBtUVS0rU7fWdNiv7Xf5Mu7HmIVYEEqQQeRyDV2gDyG91O6sdIm1S4vbuYB53Zf7YMDELKy7UjxzwB0q7FPew3WkXKahPiTVIbd1TVvtSOrKxIYY46Csm4uBqPhy70lJNEXfJcRmW8SUyxEysfl2oR6d6niugt9pVs0ml5l1uCZI7ESfL8rhs7kXjpjr1NAHfazr10t8dG0W1afU2UFpJFIht1P8Tnv7AdawbBr/Qbm9uNOnvNYht5vK1SCU5k83aGMkP4MMr7cc1b8V61YWfirw6k1yENtcyST/KTsUwuATgepArAsLzw9da3r13d61eWolvt0IgmkjWRPLQbsAc8gjPtQB22oXI1zwrJd6W10xdPMiWGQwSMQeVyRkHgiuTjjt7nUtOli8R60mmz2E1zKXvSChRkGDxxjLAj1FdpdQR+IdMgkstTubaJm3rNakKXHIxyOn+Fcjc+F5l8a6fb/wBv6qd9lO28uu4YePIHy9Dnn6UAdH4QSRtKa7d78pcSFoRezmR/LH3W5A25HOPpXQ1l6To8mlmTfql7ehwABcsDt+mAK1KACq0n3z9as1Wk++frVR3ExtFFFWSJmpYPvH6VFmpYPvH6US2Bbk9FFFZFlYWFmss0otIBJMMSuIxmQf7R7/jUkNtBBEsUMEccaDCoigAD2FPkkSKNpJHVEQFmZjgADqSabBPFcwJPBIksUihkdDkMD3BoASa3huIWgniSSJhhkdQVI9wahk0vT5p455bG2kmiAEcjRKWQDoAccVZeRIxl3VR6scVWGqWDTQxLeQNJMrPEokB3gcEj1AoAt01o43OXRWPuM0oIIyDke1Q3N5b2axtczJEskgjUscAseg/GgCRYYlOVjQEdwopiWtvFNLLHBEkkpBkdUAL46ZPepqjM8IJBlQEdtwoAbPa290gS4gilQEMFkQMMjoeamqL7TB/z2j/76FFxdQWsDT3E0cUK4y8jBVGeByaAJabIiyKVdVZT1DDIqBdQs3untluojPGodk3jIBzg/oasBgwypBHqKAAAAAAAAdhSbF3l9o3EYzjmnUUAQw2tvb7vIgii3Ek7EAyT34p8kUcoAkjV8HI3DODUM2oWdvJEk1zEjyvsjDMMs2M4H5GiLULSeWWKK5ieSFgsihhlSRnB/A0ASNbwtMJmhQyhdocqNwHpn0p+xP7q/lTDcwLcLbmaMTMu5Yyw3EeoHpTIL60uTKILiKQwyGKTawOxx1U+h5FAEkMEVvCsMMSRxLwqIoAH4U37Lbm1+ymCL7Pt2eVsGzb6Y6YqUEEZByKhlvLeG6gtpJkWefd5UZPL7Rk4+goAmRVRAqqFUDAAGABS0ZqA31oCQbqEEdQZBQBPUbQxvIsjxozoCFYqCRnrg01Lu2kYKlxEzHoA4JNK91BFPFA8qLLLny0J5bHXAoAd5Uf9xfyp4AAwBgVC93bx3Udq8yLcSqzJGT8zAYyQPbI/OpSwHUgfWgBFRVztUDJycDrS4GSQBk9TUH260F4LQ3Ef2gp5gj3fMVzjOPTNThg3Qg0AMhgit0KQxJGpYsQigDJOSeO9HkxCYzeWnmldu/b82PTPpUlFADTGhOSik+4pPKj/AOea/lStLGpwzqD6E03zov8Anon/AH0KAFeKNxhkVhjHIzx6UoRQB8o4GBx0ps08VtC808qRRINzu7AKo9ST0piXltJcfZ0njabYJNgYE7D0bHp70ASrGkYwiKo9FGKYlvDEgSOGNVGcKqgAZOTUtQ3F3b2vl+fMkfmuI03HG5j0A96AJAiA5CqD7CmG3haYzNDGZSoUuVG7A5Az6cn86lpskiRRPJI21EBZiewHWgCNrWBnRzBGWQ5Rigyp9R6VNUVvcQ3dtFcQSLJDKodHXowIyDTjLGJPLMiiTG7bnnHrigA8qP8A55p/3yKXYuwqBgH04pn2q3/57xf99ipFZWAKkEHoRQBFa20NnbJb28YjiQYVR/nk+9TVWh1CznjnkiuoXSBmSZlcYjZeoPpipLa5hu7aO4t5FlhlUMjqchgehFABFbwQpsihjRck4VQBk8miS2glKGSGNyjB03KDtYdx6GmLf2bQyzLdQGKFisriQYQjqCexFMttV069kMdpf2s8gG4rFMrED1wDQBZKIxyVUn3FJ5Uf9xfyphurdbpbVpoxcOpdYiw3FR1IHXFD3cEd1FbPKqzyhmRCeWA6kfTIoAlAAGAMD2phhjMyzGNDKoKq+0ZAPUZ/AflUlFABRRRQAVXf75qxVd/vmqjuJjaKKKskbUsH3j9KiqWD7x+lEtgW5PRRRWRZwPjeXVptUgs3gsm0TaHeKXUUt2um/utkZ2DuB1qnca1rkuoWd/Yro1u1uvltZRawsguI/wC4F2gbvQ/hWj4tsrmfxZps8fhlNchS0lVo5TGFQllwcycZ4PvWHrGmXk6WIg+HdvpjLfW7tdW727MiiQE8IN2MUAafxWWM+Fra8uLSybZNGAbuQho2Zl4UAEHgHPsDWbqXhyW7d5khtpftFuoiaHTWuYrdSOkLBlXHf7ucnmup8c6KdU0uOdVlmltnUxQLyCxdQWx6hdw+jGub1TRJftQuL/w8rCYmSMWlgkxiKSDZG+3qDGMH6+1AG14WF1e+B7/SlXyZLTzbGExIYW4XAOGY7WyfWsK9hhttKje+8My3cKTRwM39seZmXcFGRng7vyrpdBXUND0K+ebRY4wFFzBbWcaqWLLzHtH8QI6+hHXBrmb/AEXxFF4UbSb3R/7QFxdx3sslk6ghjKJJEZSwORyAQeeOlAHS6HpV5DryXUmmXNhCkDoQ2oeerklcZGeoweaz9T0C1vPEl5a2HhnRLhooo55prt2RmaQv/dU/3P1q/wCGxZWWoGKy8K6xp/njDz3BUoAASM/vGPtwO9aeoeGor7U5L9NR1C0mkiSJxazBAwUsRkYPPzGgDhjoWhajZ+HLp9AsLaSbVTBNHEuVIVZARnAyMqDXQ+PrFv7IsmjSWWCGeNPsqIrR85AZgUckL6YqpFbSDU9I0Sw0fV0g03UDcS3t4iiNxtfJD5+Ykv6VseKtFu9Xkt/s1pazCMHLTMAR7AFTQB5ilvZ/apLuGKylllQoI0jDBthOdq/ZcZycH9a9c8LwPD4etN+5fMjWQRNGqeVkZ24VVHH0rzuw8M6rLpOhWh01RJDNemRJhhEBkJXsRyOnFdzY2upaP4VuIobOBL2MM0UcRDBj64wOfagDpKD0rD8O3N7cJc/aXnlhV1EMs9uYXbj5vlIHAPfFbZ6HjNAHiOq2VhP4oLNaaSPLuiqRf2bPiVSAWlbDZO0kqR0zVvR7bwtJrtzJLPoNgFv2RLVrZmlbYdowWbC5wDwK1W8Pavf+IXnKanbSwxTPulu5vKwzoVjV1ck/KDnbwDjg4rT0jS7lbrw/dy2UkZlvLy6lV15iEiuVDeh5H40AX/Ftx5NxazNawRRWoM39oTMoZDgjy4skZdhnqcD3rgk0vSnlOoD+yTEYjGbObUU+0SseTOz52B84+Xp15r0TxVLI9xpkEGlXt/NFP9pVYY18s4Vlw7sQF+979OlYN5oXiQ6Xqq3NhZXa6nuLQ28mJLQFQoEe7CtgDPVeSaAOh0y0vE8I2dppBfTZYlCr9viErYHXIDDOeuc1wmp+IdYin8Pa3MsN+9tdX23yE8sTW6jYWAJOOMt1rv7uO+1vw1DDYNLYG4CpMbhCkscfRgB2asWGB7zxbpNnbaHfWum6NHcQNLcxBYpFKBF2HJLA49OlAHQeHodR+xyXuqXazT3ZEoii/wBVAuOFQ9+Op7muM8VaXawaR4lS40vT3Q25uLS9jgQEZPKNjncDyD3B9q67RNFu9FuLi0W5SXRiN1tC4O+Ak8oD3T09OlY3izwVon/CKan/AGfoNp9r8g+V5UA37vbHegCzp2mWo8TLJbaVYWdlaRACUQIHnlYDlSOQFH5k1y3it7BPiPFJd3F9EmYYSUmlQAupJKbeOipkDqWNd3a+EPDtu0U0eiWMcyYZXEIBUjvWN4u0nW73VNOlg1BktFvUZUt7YNJFiNssWOc857d6AOVubCzvotS1mKW+32V6ILeGW+mSVw2NwGSNpfI2j2FdjrNrp1z4HjmAVvLg3WbahKUO8jgOWI5+tY8mk69faxB4ni04hYFQf2fcSBJbvaCBK+PlVxuOAfxxW/rwm1bTNFmSyuEzf28skMqDfGoJzuAzjFAHm4sbAlZW+zeeFxu8y149QD5+cV6V4KtLKHQoprcW32qRVF0beUSLvA6cEgHn9awb/QfFUFvdTxzo7rK8qGObJMe8kKI/K5O3jG7r3rd8HRT7dZu5bGeyjvNRaaGKdAj7PLjXJXtypoA6ais3StRnv5r9JrYQrbXBhjYOGEigA7uOnXGPatKgDn9Y8F+HNau5L7UdJt7m6ZMGRwc4A471y3gjwH4XvfDFleXOjW8lwWcmRs5yHOO/tXS3+reJYrueG08LC5twSEm/tCNN49dpGRWJ4dm8XaFocGnt4TWYxbvnGpRjOWJ6Y96AJviLqEy2tho0EEjx3lxELpwPlWHeBtz0yxIGPTNYd9b6jZ+ILLUr2bU7aXVWkR7OwO5oYY1/dp07ckn1JrsfFMN1faBZYtW+0G7tZJIk+cpiRS3I6gc81B4n0u91HxDof2S5uLQR+cXuYEVimVGAdwI5oAmieS18GaldQ3GomQQTSI19/rUIQ4+gyM1xXiJPs+m+GJbvXtVlluJobqdfMDeVGEy8uAvABIGfeu9u9Pu7fwjqVpJeT6hcPbTBZJFUOxKHAwoAqHw7oFrp2nJeSQyS3s9pEkvnfMyqEH7tQegz29aAINKSa08Tpbpq13fWk9j56+fIHGd4AIIHoawNWt/smrzfaYrnypbp2USXLtNdZP8Aq4YkYALz949PStHwpbg69JJaaNqem6fDbvGq36hfmaTdhBuPyj+tZ+oeGTa+Npbi2tNdnSSyVmuLS7UOZDI2QWkYcY28D2oArW2mpNeC106GeGOCaPfaxXDx3NmAw4KFiskZ9Rjg963/ABl5tvKL86THOtrbySwXqP8ANDIqk7XHGUbGOp56isQ+GXv/ABdpLXFn4gihWOcvPd3asyHC7drRuSvOeuM+9bXi3SdR1i7aC3gleC206YxfPgSzuNgHPBwu7r60Aczqtvp+oajZ6S/h+1glkiZ5LeBI1ac5Xb+8xlUIJJIGeCO1dTZ3UD/D9GmiWKNd0UccAcKu1yqj5PmxwOlYMGgTDUGnuvDOpSQ+QUGGh83zCVO8yGbOQV+XGMCtmyj1S1+GzwW1jef2hIkqRxIyrJGzM2CSWGMZHINAHB31tu1O08q0j8m4d/tuw3hWUeWQPMyuSM4x+Hau/wDBckKG4jRMTBRtRGuCm0dv3oGD9K5ybTteZrnybDxSoaCJYc6kPlkBO8n990Ixiup8Kf2jBqWpQ3Nhq0VnI6vbPfTrKUAQBlJ3sRlsn0oA53WpobrRPEE8lqdK+0XaWWpfvDNwAp3oqDBchgueKlhvtKfxlpUnh2GGwuZIpbd4bnTZIRKhKsSCAPmG3v61Pd6frVrqOsJNpbX+m6lcuY7OHb+8JjVd0jsQI1G3jGTmnaNp3iLQdUhvdct31ljELeGa1kDNaKSMgq2N2eMuOfl5FAGnrcxm8WaVa3GlOCrvLZ3sVyAxZU3MhXGQD0OTWZf6xrB8ZaPI3hudZFguAsf2mMlshcnOcDFa3imx1q71nRZdGjiV4DN5lxMRsiDJtzjOWPXA/M1YubS5/wCEs0OVg8qw206yzBcDcQvX0zg0AbVlPPcWiS3Fq1rK33omcMV/EcVYqtfrdvYzLYSRx3W3900q5XPvjtUelXV3d6dFLfWbWd1yJISwbBBwSCOoPUe1AF2iiigAqu/3zViq7/fNVHcTG0UUVZI2pYPvH6VFUsH3j9KJbAtyeiiisiworPuNXtrbVbXT5GxLcq5Q5GPlxkH35qhB4z0CWa6ik1S0ge3maFhNOqkkdSAT0zx+FAG/RWVqPiTR9Ks4Lu9v4o7e4/1UoyyvxngjPasv/hY/hEkga3DkdRsf/CgDqaKyx4h0t9F/teO5EljkASqp7tt6detVrzxVp1ha6jcXDMkdhMsEpOBlm24x/wB9CgDdoqnZ6tp2oMUsr+1uHUZZYZlcge+DVAeJ7H+1L2wZLkS2jBXYQsyfcD/eAx0PegDborD07xZpWqXdvbWzz+ZcIZIfMgdBIoAJIJGD1H51Dd+NtCsNcm0m7vFhnhjV2LdMn+Hjvjn8RQB0VFcvbfEHw1cXNxD/AGlGjQyeWC2cScD5lx1GTjPqDXTl1VC7MAoGSTwAKAForE0bxTpmu3dxbWcj74vmXeu0SpnG9P7y54yKu6jq1npIha+mEMc0gjWRgdoY9MnoPxoAvUVgX3jTw/YXFvDLqlozSzeSds6Hyzg8tzwOMVeOvaT/AGfNfJqFvLawnEkkLiQKfT5c80AaNFc0njnRJY4ZI3unSdisJW2c+aQMnbxyBWhpviGw1W8ltLczLcRxiRo5oWjO0kgHDAcZB/KgDVoooNABRWZNrun293dWs0rJNbRLM6lCSUPdcD5ueOKof8JppLTNDCt7NIqhmSOzkJAOcHp3wfyNAHRUU0MCm48DGeeKwtM8XaZqurS6fbs4Zc+TKy4S428N5Z/iweDQBv0VWvtQs9Nt/tF9dRW0OQN8rhRn6msKPx94al1KezGrWg8lFczGZQjFs8A55Ixz9aAOmorKh8S6Jcw3E1vqlrMlvGZJjFIH2KO5xVOLxtoNzA01ndvdojBW+zQPIVJz1AHsaAOgCqowoA78ClrD07xZpmrTpFaC7beSA7WsipkdfmIx2pb7xXpmnahJYy/aXuI1DOsNs8m0HpkqDQBt0VgW3jDSrq+t7Nftcc1wxSITWskYY4JxlgB0Bp+veLNK8OXNlBqM/ltdMQuBnaB/Ecds4H1NAG5RXLSfEHw5DqEVq99jzELCTy2wDnAXGM5PJHHY1euvF2g2dlb3lzqMcUFxnyndWG7BweMZ60AbdFc3J470CM8XMsikooeOB2UlhlRkDqc9K1dO1ez1SzkuraRvKjZkcyIUKleuQeRQBforD/4SixGl2uoNFd+Tc7jFst3ckA8EhQcAjkexqbSfEOn6010lk8pe1IEqSRMjKSMgYIHagDWorI03xHp+q3b2sH2hJkj80rNA0fy5xkbgO9Gi+I7HXnulsy+YH2/OuN65IDr6qcHB9qANeisjWPEukaGkv2+/t4ZUiMwhaQB2UZ6AnnOCBUNv4w0C5sVuo9UtmXahZFkDMu7AAIHOcnGKAN2ikHNLQAUUUUAFFFFABRRRQAUUUUAFV3++asVXf75qo7iY2iiirJG1LB94/SmVJF1P0pS2GiaiiisyjzfxRbQQ+NZLgaTYXSvbWyS+ZCplzJMyBkJ4347n0FYtrfatawRyQ2unadBa6bdMn2k+YZPLlUZKjA39s5Ocmu0vvD2qX2vS3Zktkge7t35JLCGEhlA7ZLl8/hVNvDOrxyFDYaPexoZRC9yz8K8gk5TBGQQPyoA7KzO+wt2dVDNGpIAwAcelYOmKP+E817gf8e9r29nqX+zfEMGm2FtaavbrLDAqTy3EBlMrgctncMVnw+HPE8GqXWoprtj59yiJJmyOMJnGBu9zQBq+LbX7X4YvIvOhgUBZGklJCqqsGJOAewNcRPJot9rd8+patbrpn2v7T5BQku5jVIy2RjAO44I5OK63U9K1+/8AC15psl5ZT3dyGjMvltGqoRjoCcmsbUPDfinUGvyx0pPthgLYZzt8sgjHHfFAF7wxZ2j6FfpawabcXCb7fzrSPyGmXGVD4AKtyM4+tcVaCw03VLmdZpXuYpEDx75fLaZFYNk7843bOeeF6V6J4d07WLG/1OfUvsey8mE4EBYlW2quOe2Frn4/A2pm6vpmngUT3UkqDznHyscjoKAKvgaJh4gle1uo7grCPMhmiaMWsbOx2wEE8bh0PoOe1N1WXy7u4+wWeoW7xzyzRBbOI4lYEM24vk5yev5cV0Xhnw1e6Nrd5d3EkTxTW0ca7JGYgqzE9R/tCpNU8D6RfalHqMdlaLOGZpo3t0ZLjPJ3ZGQc/wAQ5oA47QdYkt73TYLuC/bULS3G6GOwhGEY4IBD9CRXReOreSVIjeeILTT9NcgC2uFKrO3Uh2BBI6cDHvmjRfBMCa7Lqmo6Lo9uBCkcMFtGGCsrFt+SBg8gfhW9q9rrFzOosm00wBfu3cLOd3tg0Aeatr8WvSG3m8QeH9PbTZwlpc24ZHC4HMZ3Y2kHGDkcV3uoJqNtollLc6tZSbJFW4aeHEVyjtgAjnBwRjHU1m6f4W1/T7i+mSXQ3N3N5zB7VsIcAYHPTitbUNJ1TUYdJW5ktWNrc/abhY8qrsgJjAznjdtJ+lAHGnTZrrxBfyyx6FJNc3Mmnw7oJB5JCliBhcbsclvWtvS1urX4dPcT3sFqxiE0d7YQhGlTAKkoy4DHp3q7aeGr2NtNuJ5YWukv5L27K5C5dGXC/TIH4Uvhvw7fW+miy13yJoYUgjghjdmQeUOHwcYJIBx7UAcL4aW6n8M6ddtJqMt3ZtI6CSWK28gMCDsLDDgjP0Ndb4Llk1DUDrEkNwzXNoqCae8jkYIGLAbUAxyxpX8JahNoFjp0sOjzeQr5+1wGXazMTlT24Iqfwl4Uu/DZiQxaQEWLy3ltrYpLJ6ZbPNAHYUGsyy/tH+2tSNxJmwxGLZSgGDg7+epHTrWmaAOM1i8nh1y8F/FCkVtp811b3VmD9oRFI3LluMnH0rnRPqFneXeuXEHiaOwmtoFE3m25fAZ+WG7p84xjnrXTar4V1PUtUu9QGpxhnja1jtnjzCbdh8yvghtxOTkHjisQfDq5AUfYtIIXGAZrkjjpxvoA1fG0BXSLdLzXbiz05gsDCKAyS3Eh6BivOCByBjNczf3+nXemw2t1rU8VraYaJotEkiaDb3RgPlIHeu48QaTq2p6bpK2strHfWt5FcSO4JjG0HOB1PJ6ZqrquleL77SLy0/tPSj58Dx4+yuucqR13HHWgCY3eoaf4YhaIvrl3cEC1doggIYZVpPQAck/pXG+FZdTTQ47pG1My3hNxM6aSsgZ264Ynkdh7V6bpVtJZaPZWsu3zIYEjfacjIUA/yrj7L4f2lj4Xt4v7Mt7jVY4wH33Uqxs2eeQf6UAa/g3ULrUtOvXvATLDeyQAtAIm2rjG5R0PNc7ps1yuj6RaW13LardavdRyvDgMV3ynHIPcCug8M+G5dL8PXen3DC3a6nlmItJW/chsYCuecjHWqknghLIxW+hJBZRMxknvJS01wrHPKFiQCQW57Z6UAZ/hXzdPvdBtbW8uTY3MV5mCVw4HluoUg4z3J696Zf3rWnj7WMa0dO3QQcC283fw3txW7pvhIaFqdo+mSqbCJGQ29xl2iyBlo26jcQMjoetRXGieIV8UahqOm31lbW9xFEuJoTIxKg56EY60AYE1+114p8NodfN+BesfLNr5WP3T85xVnxvbiw1lb6SVzHqKR2giQoOU3uSxdW46YA7itKXQvE1zrWj3N9qNhcW1ncGV0it2jblGXg5OevSrnizQ77WZNLaydENrcNI5ad4jgoV4ZMHqfWgDgPtJjY/vL6Vri4Rm2zxStvJADYMf8PX2xXU+NF1iy8DW8DJDfzpJbC4uHk8slhMmCBjnJwO2KbeeFvEbWrC0vvKnyCr/ANqXZxyM8MxHT1FdDr2gza9YxWbajLawAq0oiRSzlWDL8x6YIBoA868UwatbapNc3NhqcQutRs5F+xPG8WQqggFsEtkHHGPWt8W0tp8PtbfU573TkluJZmknVWmMZI4IU4yen403VPAOoakIldtLleOdJTczxu0soU5w5GAc98V0Nnod9baJcWUR06ylkcFWt4CyAcZyrHk0Achpep30GgQSjXbeOO9JNxdqGlNuFAAiiQDYMLjJ6Zz1ra8EN9mmns9PvINR0191wbplZJy7f3yRh8/3s+1X5NG8RxWUlnBq9pPHKhVmuLUIVyMfKEwMfWp/D+l61ptnb2F/c2M9lDAIgIo2VzgYGcnFAHn91DqAkmsb8zaefsTCSWCSOXePtGXBw2VU+ameQcA1t6XDeTeItOD6kqzW0k1oiWtkIwI4iMh/nP7sjbjjOWXpzWgfB90Lq7e2tdItYJLd7ZIUjba6uylmfGPmwgHFT6d4d1u08Rf2pJNpeHQRyLHC4O3IyQSfvEBRk/3RQBkeLdelaW90qxvrq/uLhZIRZ2lgrleMMpkPAwD7n2rN0211E3WjHWNQvILuPFvaRvpZEEb44OWxlsDG4++MV2finw9PrVxppt47MpbySPItyCVO5cA4HU1kL4JvY9X0u7SHSo0tbpZZDAjq20AjjJI70AdzCrpDGssnmSBQGfGNx7nHapK5/wAS6Xeakbc28aTxIsgaB52iG842yZXqVwePfPatiximgsLeK4l82ZI1V3/vMByaALFFFFABRRRQAUUUUAFFFFABVd/vmrFV3++aqO4mNoooqyQqSHqfpUdSQ9T9KUthomooorMoKKKKACiiigAooooAKKKKACiiigAooooAKMUUUAFFFFABRRRQAUUUUAFFFFABRRRQAUUUUAFFFFABRRRQAUUUUAFFFFABRRRQAUUUUAFFFFABRWTq3iTS9F4vLpVkxkRr8zH8BXPn4naODgW16ffYv/xVdFPCV6i5oQbRnKrCOjZ21FcR/wALP0j/AJ9b3/vlf/iqP+Fn6R/z63v/AHyv/wAVWn9n4r+Rk/WKfc7eiuI/4WfpH/Pre/8AfK//ABVH/Cz9I/59b3/vlf8A4qj+z8V/Iw+sU+529FcR/wALP0j/AJ9b3/vlf/iqP+Fn6R/z63v/AHyv/wAVR/Z+K/kYfWKfc7eiuJX4naOWANveKPUov/xVdFpXiDTdZUmyuldgMlDww/A1nUwtekrzi0io1YS0TNSikpa5zQKrv981Yqu/3zVR3ExtFFFWSFSQ9T9KjqSHqfpSlsNE1FFJWZQ0yIDguoPuapWGsWeom4WFyGt5TE4fg5H9K57xhoEBtn1aKOVpo5FknVZWG+MfeGM8celZV1omi3mp6ZaaMr5uD59xIkznEQ9eeCTXXToU5Qu2/u2sYyqSTtY9AnuY7e2edzlEUsdvOcelZ83iLTodKg1F5T9nnKhMDnLdOKyPFOlWtj4OlgtkcLFIjoDIxO4sB1J9Ca5k2iCe1FvpqRuLg25s55C8W/bnefwPSqo4enOPM31FOpKLsekw39ncSeXDdQyOf4VcE1WOu2MZvTLIYks3EcruOMkAjGPrXL+EXt59SLu1kl2Y2H2e2ttvlYODlv6VBBb6hYTeIZ4LwXMkDgMt1jY3yg7z7gdKPq0VNxb2t+Ye1dkzqoPFOiXNxHbw6hE8sjBUUA5JP4Vb1HVrLSkia8mMYlbamEZyTjPRQa87029udNlfULnSYbi7Ecc0k0k2Ciu2FCqFwvXpXQeNS0n2QPEyRxP5izF4wpYgjbhiKc8NCNVR6eqEqrcW+pr/APCWaN/z8Tf+Asv/AMTV2HVbO60v+0YJDJa7S28IckDOeCM9q8xWebzXDyW3lYG0hoN3vn5q67RnvbLwhssrZSYQWjad1KyqSWJG0n1orYaEErPW/dBCq29TYk8RaXDpkOoPc4tpiFRgjMST2wATmpNN1zT9WklSzmZ2iALhomTGen3gPSuOee2SLQ7h7Z1hlY3C2lrFndN1z1/T2q5p9yLrxi8sL3lpLJEpmglgGGVeAc9utTLDxUW9ev5jVR3OqTU7STU5dPEmLqNQ5QgjIPcetINTt/7WOm/N9o8rzunG3OOtc2t1qFx4muY5bCykvbSAyWrhmGVZsYY/T2qj9p8Qf8JoX/s+0+1/YwPL847du485x1pLDJ9el9xup+Z291e29oB58qoSCVU9WwMnA78Vm/8ACWaIkUbyXqx+YgdQ6kHB6dqy9fedl0t7uNIp9sxdUbIB8s9DXNTPfXHh2W3jmijt7fTUldWhBZ8543dR0q6OGhJJye//AARTqtPQ9E0/W9O1R3SyulmZBlgoPA/Gr9cx4Wku1ury0upYpTAkW1kiCcMuccV09c1aChPlRpCTkrspXOp21rfW1nIzGe5J8tVXPA6k+gqy88MTKskqKzHChjgn6VzkA+0fEO6aQ5FtZKsY9Nxyaz/E2kwQa7peoh5Xnmv41wz5VRjoB26VpGjFyUW91f8AUlzaTZ29RyzxQJvlkSNfVjgVkX3iNLG8e3OnajMUx88NuzKeM8EVgeN7GDUPD7aw/wBpR1jURwyEqEy3JK+vNTSoc84xlomOVSybXQ7kEEZByKgnvrS1YLcXMURboHcDNOtf+PSH/rmv8q8/1T7LF4s1RrrTJNY3IpURKX8j5funsKdCiqkmn0Cc+VXO8vNSs7C0+1XNwkcGQN/Uc9OlZn/CZeH/APoJxfk3+FVfBcEbeGI0do5kMjMEPzCMZ+6c9xWTDDfyeKNZbS7KxljVo4288cAgdsfWtI0KfNOMn8Py6+hLnKya6nT2nibRr+6S2tb+OSaTO1ADk4GfT2qzb6nbXGoXFijMLi3ALqwxwehHqKxvD13c3OqX9re2NlDLZlRut17sM9foaS9Bt/H+myocfabV43HqFOR/OolRjzuPlfe/n+Q1N2TOnooormNQoopm7d8o4PfFADsjOM80tQjhR9etSghhkUALRRRQAUUUUAFcz4z8Sf2DpgWAj7ZPlY/9kd2rpq8e+Itw8vihomPyxRKFH15Nd+WYeNfEKMtlqYYio4QujlZppbiVpZpGkkc5ZmOSTTOpwOtFdH4fniaxu4/7Osbie3jMymaMlnAPIyCOg5r7GtU9jC8UeVFczs2c9LFJDIY5UZHXqrDBFOWCZ13LE7L6hSRXWX2rLfaHLq11penieebyUIjbc3y8tnd24rT8P3K2+h6OZLloYsTFgblI0Pzt1U8t+FcVTHzhT53DW9t/I1VFOVrnnxjcLu2Nj1xSiKQhSEYhzhcDr9K7m7uJG0q9tiwMC6VHIq4HDFxzV7T7RxpmhtJYwQTx+ZJEDLtYsFyDyeh6n8KzeaNQ5nH8fK4/YJu1zziSGWLHmRumem5SM0ot5iXAiclBuYbT8o9TXW62LiXw5E+pXa3Ui3JEVxFcBwM4yCMc4A7HvWzpKMdRj/02O4M0UAUCONXmjOckhuTgDnFOeZuNPnt3/AFQvK1zziSKSIKZEZd67l3DGR6062up7O4Se2laKVDlWU4IrrfGzmeKNliBSC4eHzQY+OOE+XpgDvXG124at9ZoqUluZzjySsj27wl4gHiDSRK+BdRHZMo9ex/Gugryb4Z3LR6/NbjO2WEk/gf/AK9es18fmOHVDEShHY9ShNzgmwqtIQJCM96m35O3v7VVfhmHv1rkjuasfRSBgRRVki1JD1P0qOpIep+lKWw0TUlLRWZRz+qXWu3F5JYabZRxRYG69nbK8j+Fe9ZVr4X1Lw05udFniuncATwzqF34/ukdPpXaUVvHEShHlilbr5mbppu7OZ1U6lrGg2iHTXhklnUzwlwSiqd3X3Kj86yHstYL297HpbmZtSe4ELOBtXaANx7dK72iiNfl0SQnTT1bOY0XTdS03ULtHhhS3vVM7PGf9TL0K+4qndeEJYWe6N7c3YkBe6j6NcEYwoHQDgV2dFCxM1LmQ/ZxtY4JtO1WcNbS6bJ519PFNPMGHlxRqQQnrkACtfxTbX2ovb2llZyNJGRMtyZAqRnkfUn2rpWOFJHamkqwzzx3FP6zLmUrbC9krNHDQafreom8Hm3sMIjURpckLuJ+8OAa3tKiuE8PtYtZvbtFGYVV3DBjjggjtW0CAd3Y8Gk6jaBweRmlUxDnpYcaaicCuj60mmppMts00wVGjnLBY7bHQgjkt61raJa6po2oOt9afa5Lpvmvo36AdiD0FdUw3EYPTrSiMDqSfrVSxUpJxaWolSSdzlrrRdUufFMl3bXItbR4UR5V5ZgDkgDt9auCzuB44N35TfZ/sQj8zHG7ceK36Kh15NWfaxXIjB8U2ct5Yxpa2xmuWYxo2cLGGGGZvbGao6j4be20jUPsrNM0lgltHEF5JXvn3rrKKIV5RSS6A6abuzF0LSJ9Pe4ubq68+a4CZHl7NgUYA6nNbdJRWc5ub5mVFJKyOfns7i18Z2+oQxM8FzAYJyv8BByCal8Qabc6jNpbW6qRb3ayyZbGFFbdFX7aSafVKxPIrNBisXxVptzq3h+4s7VVaZyuAxwODW1RUQm4SUluimrqxmTnVYZtPjtIoWt+Bcs7cqMDpWINN13RdU1CbS4ba7gvZDLiV9jIx/mOa66itI1nHotSXBM5bTtP1Hw5oF1IkIvNQuJjKY4zhVZsDv2FSWdteeG9GVls5NRvbiYyXHlMB8xBJPPYYxXS0U3Xcr8y3eolTS2Of8NWt8txqWoX1t9me8mDrEWyVUDHNCWdxd+NXvpYXS2tLcRRM3R2Y5JH8vwroKDkA461LrPmcrb6D5FZIWmljkgDOOtJlXHfjmkyM7hnjg1kWAJ4YnIPX2pGBB9PYdxRnqAOG6UpGQADyPSgBO4YLwentSoTuOOc9fSlEYHBJI9KfQAUUUUAFFFFABXlPxL054dYhvgD5c8YUn0Yf/Wr1as/WdItta02SzuV+VuVbujdiK68Difq1dVOnUyrU/aQ5TwGtvR7/SbBVlmS++1YZS0LJtweOh9qXWvCmqaJOwkgaWDPyzRjKke/oaw8EHkc19m3SxVPSV0+zPJtKD1R019qvh+7sLe1W11BFtkZYxvTBJOcmo7LxNFY6faWw05JXiR45HkkPzI7EsAO2c9ea52is/qVHl5HdrfcftZXudBqHiUT2ZtbS2SNHgSGR3GXwOcA56cVLFrWlpDpyOL8myDSAhlBeQkcZ7Lx1rmqKPqNHl5V/XQPayvc6LWNestatk820ktZom+SOBh5RBOSSOzY71ej8U6coi8uG6tDDtRGhCuXjU5AYkgj3APNcfRSeAoOKh0XmP2073N7XNZttRthHBJcf64ylHhRFyepypJJ+tYNKoyQACfYV0Wh+ENT1a6UrGYbXq00gwMew7mqTo4OnZuy8xWlUlsbvwy0+Q3dzqJX5FXy1PqTya9KDH7xPHcVT02wt9LsYrW1TbHEPT72epq3u5JHINfHYzEfWK0qh6tKHJBRBhyMcemO9QPy+4LxVgj5AufmFQMnznk4zXPHc0ZGcE5z+QoqXGKKskKkh6n6VHUkPU/SlLYaJqKKKzKCiiigAooooAKYxJbbnHvT6a65HHUdKAGZyMtk44Ipyna2Ox5FNDAMCo46GnMCSABgDnNACMPnIAyCORS7S3Xgegp9FACAADApaKKACiiigAooooAKKKKACiiigAooooAKKKKACiiigBrE7go4B70zPUMSdvYU9l3Ljv2pgIGCByOooAcCA3H3W/nQw+cYGcjkUMCRgAY9afQAzaTgHgDtTgABwKWigAooooAKKKKACiiigAooooAQgMMEAg9jVdtPs2OWtICfUxirNFNNrYVkVf7Nsf8Anzg/79ij+zbH/nzg/wC/Yq1RT55dwsir/Ztj/wA+cH/fsUf2bY/8+cH/AH7FWqKOeXcLIq/2bY/8+cH/AH7FNbT7IEAWduM9/LFXKRhuGKOeXcLIprYWiMcW0II/uxjJqyu1cFQAp4wO1NyB0HzA809ssuAOtJtvcLA/BBA56UbSRjG0U4DAFLSGIFC9Kgf75qxVd/vmqjuJjaKKKskKkh6n6VHUkPU/SlLYaJqKKKzKM2+1UWk/lLHvYDJJNLYaoLyUxtHsbGRg9azNVQyasUXq20D8qis3e2nlZSN6I1acqsTfU6moLi9tbTb9ouIod3TzHC5/OodMvHvLcs4AZTg471ka9bytrum3f9myX1vFHKrqiq2CcY4Yj0qLa2KLVr4lsJ9RvbZrq2RLcoEfzR8+5cn8ulWdQ1iKx08XyQS3cHJLWxQ4A7kswGOK5bT5oP7d1gnw3cuC0WIxDHmP5O/zY561EbOXTfh3pVvqJmsxDIDPgKdvLFQwOQRu2/pTsI1r7xlDaW1vLHYXJM7RZVzGpUORwRvyDg/T3rT07xDZajbXM6loRbOUlWUrkYAOflJ45rgddup5LayM89q1wWtzN80Abflc5BGR/L8K67wdDbpa3jqYXnkn3yGN424KgD7nAHB4oaVgHX/jLTYIQ9pPHdMsqpIiZ3KpPJ6dRnOK0rTX9Lv7gW9reRyynI2rnPAz/KsLVtQh8JatPezR77PUFB2oBlZ1GB+DADnsRWv4d097HSxJPtN3cyNczlTkb3OcD2AwPwpNICaXVNuuR6bFHvbyGnlbP3BnC/mc/lUOm6/Bc6PaX10Utzcv5aJnOWyQAPyrnLWS90fxFrM00M2oX1xDEwjgHAJLgDJ6KAByad4Psre00K21rVJzI6grCGGUtwWxhQO5PU9adgN7UvElpp2qW1lJIhMhIl5O6MbSQ2MdMjGfcVBB4sgmvryNbW6ktoXCRzwwPIshx83QdjxWb4l+1Ra9Je2d2YGt7Fd2EVt4aTodwOOnash4pI/OfFzPaRatJZrZJcGKLBUbBgEADcefrQkgO5n1YQw20/2O5a3lzvcJgwj1ZTzj+VYr+N7MWF3Om2aSOby4Viy3nAkAEevU5x6Gr10qQPoz3Mkltdb/ACVjt3yjAjJUg9VwvXrxXJaZFKuhxx3SXF2ltax3VuLXETwF95J3AgkYA/OkkgOwfxNZ/wBiXmpxrKUtUyyyxNFuPYDcO54qOPxPbyasbIPbKos1uPMacY3liNmfwqPwxuPhoHUBcsrDzXe9YOCCM8HJ+Ue9cpbyTDWru/I06xsdQXfayXdvuUrHkY6gKSPm9800gO80jVl1KA70SK4QkPEsqv07gg8j3rMPiqQzzpFp8bLFNJDue9jQkoxUnBOR0qXwoLibTmvLu3tonlc+U0MHlFouxIJzz1/KuLuWuJnc26XTqb+e7Hl28LBolmbcwJO5uo4PWhILnZW3ilpdUtLKWxWM3LMqul1HJggE8hfpXRV594dknXxEzkzMl0yyxDyrcZj2AFjtbKjPp1/OvQaTQBRRRSGFFFFABSAAEn1paKACiiigAooooAKKKKACiiigAooooAKKKKACiiigAooooAKKKKACiiigBMDOe9LRRQAUUUUAFV3++asVXf75qo7iY2iiirJCpIep+lR1JD1P0pS2GiaiiisyjKvdMlnvPtEUqqeDz2IqGPR51MhaVCXUjv1NbdFPmYrFPTrNrKFkZgxJzxVyiik9RlG108W2pX155m77WUO3bjbtXb170zV9Ji1m3jtriRxbbw0sa/8ALUAH5Sewzg/hWjRQBzsnhOJ41jGpXoiVg6I3lvtIORyyE8Y7mr0GlT21tcJHqc7SSrhJJI4z5Z9QFUZ/GtSincDEs/DFjA7zXbSahdOu15ro7zg9QB0UfSnWPh9dMvllsb25itBndZsQ8fTjbnlcH0rZopAZ8WmCPWrrUTLnz4Ui8vb02k85981mJ4RiSBLUanfmyWQSC23Jt4bdjO3OM+9dHRQBg33hr7dezztfSxrOyeYiIvKJyFyegzk/jUUXhGDdqH2m9uZ4r2WSVochUQtjkAc5GBzntXR0UXYGDf8Ahxr+C2ibUZgYIJIhIyBmYsACxPAzjI6d6ibwzOkN0ltq0kLTqsQPkIwjhUEBAPo3XrxXR0UXAzLnRoLrRo9LkllECKinacFwvY+xxzWe3hG2vVxq9zLfquRHEQI4ox22qvfHck10dFF2Bj2Oj3VgJ4k1e5lt2jKxJMqs0TeobqQPQ1WHhcRfYEt9Qnt47S2a3PlKoaQEgk5IOMkZOBXQ0UXAxbXw5b6ff/arCea23kGaJdpSX65GQfpitqiigAooooAKKKKACiiigAooooAKKKKACiiigAooooAKKKKACiiigAooooAKKKKACiiigAooooAKKKKACiiigAqu/wB81Yqu/wB81UdxMbRRRVkhUkPU/So6kh6n6UpbDRNRRRWZQjMFBLEADuahS8tpH2pPGW9A1ZOuTv5yQA4XG4+5qG80s2lsJhLuIIyMfyqlHuK50dIzKqlmICgZJPaqelztcWKs5ywO3PrVXWzqwgk+wLZmHym3+eW3dO2KVtbDL8d9aTeR5dxE/nqXiwwO9RjJHqORVivP7Wa9hi8JmwtlnuGsZVUO+1V4Tkn0re1a3lh8LzTapPJdT26tOTA5gBIB+UFecc96LCN03MC3K2xlQTupdYyfmKjqcenIqWvPE0K7uPJuv7MUuFyjHWpcgEfSuh8JRRvp7XYjmjld3idHunmUbGI4LfShoDoGkRWVWZQzfdBPJ+lMS5hkmkhSVWkjxvUHlc9M1leIIxILUyWQnhRyxmD7WgbjDdvl6556VwdpcR+aXubnR5prq6lWS5e4YEkMQCwDcKQOO2MUJXC56o8iRqWdgqjqWOBTLi4htYGnnlWOJBlnY4ArmdMmt7zwg5trK3vfMJ+0WsU24HnBwSTzgAgGsPUdPtI3uHudN1e8sjbI6xtd7DGgHORvBP4jtRYD0YEEAjoaiN3bAkG4iBHYuK5nwraeVeSXENjf2ltJAoVbmfzQ3Ocj5iRxWDFpFjDoketz6XZ3cCTXBvQ8Y8wqJXG9T3wB07iiwHoq3Vu7BUniZj0AcEmpa43wtpOmXl2+t2um2lvafdswkY3nGcyE9iemPSuypMYUUUUAFFFFABRRRQAUUUUAFFFFABRRRQAUUUUAFFFFABRRRQAUUUUAFFFFABRRRQAUUUUAFFFFABRRRQAUUUUAFFFFABRRRQAVXf75qxVd/vmqjuJjaKKKskKkh6n6VHUkPU/SlLYaJqKKKzKMnWbNpkWeMZZBggelY/mXN1sh3O+PurXXUxYY0YssaKx6kAAmqUrCaIrK3+y2qRZyRyT71m63HrVyslvp720FuYjvncF5CeflVeB+JPetqipuM4mGO/0qz8OXf9mXVz9mtZIpooAC6lguOCR6GrttLq50G4abTZJ7i8unEVvcMMRRtnG/0AA6DNdTRRcDgYNF0241yysP7PjeW1ilW6m+xbI2fAAIyMHnp1rpdBiurKKTTri0iiWDmOaBQscqnPOP4W9R/jWzRTbAyNWiuLm/0y2iR/s5laS4cfd2qvCn6kj8jXHyeHtU0WK0K2+m3BhMmNlpI5kBJOHA46nj6V6PRQnYDj9Os9WsfAskIs4Y9QmTYiW6lCu/jLH1XJP4VSvNO1h2vbu3s3lhFm2mxwO2JWQD/WcnnLdvSu9oouBzPhfEIFuNM1S2fyV3vdsShIwMLljjr+lc/DFeRrDaX+i6vcWttNK/kQxJ5crGVmViSwJGCOMda9GoouI4zSbie215ntdE1a0tLr/WwyRJ5Sv/AHwQ/wAvvgc12dFFIYUUUUAFFFFABRRRQAUUUUAFFFFABRRRQAUUUUAFFFFABRRRQAUUUUAFFFFABRRRQAUUUUAFFFFABRRRQAUUUUAFFFFABRRRQAVXf75qxVd/vmqjuJjaKKKskKkh6n6VHUkPU/SlLYaJqKKKzKCiiigAooziovtMHk+d50flf39w2+nWgCWiiigAoozRmgAopAQRkHIpaACiiigAooozQAUUZpAQelAC0UUUAFFFGaACiijNABRRmigAooooAKKKKACijNFABRRmkBBGQcigBaKMiigAooooAKKKM0AFFGaKACikLqCAWAJ4AJ60tABRRRQAUUUUAFFFFABRRmjIoAKKKKACq7/fNWKrv981UdxMbRRRVkhUkPU/So6kh6n6UpbDRNRRRWZR414z1vXfD3xHlvle0l26c/2aFQdzIWIAI7sDyfYGuQ0nX7m0m8NNFr6xPELiRpDpkrmNnwWDf89d3qOmPeuz1TT9In+Jmsy2iPcTRaVcSTtIGbypyGHy54HB4x61yGmDUGHhueO48SeVawShpIdN3CDcBgR8fMDjkn0oA9U8XG7n8MadfZ1C4RLfzbiexvhYDBUHcysckHsvavKLGCW48NGynOpJFI/mQo+uRxqIy24bonPU9c4Gcg16P8RNLm1r4cR3v2+9SC1s/NeCRNjzvgbTIvYjkketc141a+stPFudS0n7VdQxCC2TT83HlthR8+CMgDGfagDqvDskEvhXWZLzUNSsbTKhrybWFuWjx12up+TqM+uRXmz3kuo+H/D0h1a81O6mkujcxTagU8sqg2jcTxxg47/jXrGgaHdeCPC19BdwW+oWyBWittPtDvc9DkEkuT8v5V5sYr6x8KWOjapo0FjPbRyMhutO+1NNu7gr9w8Y556UAX/hO048VaeZPMAm0yZ2ZrzzfMIkUZK5+THTBrp7/WPEepeI/EVhaa7p+n2un7FVLiAMzhkJODuHp+tc/wDCdhZajYwzRQRTyRSRlRpTRy55b5psYI4/lS6jBosvjrxX/a3h3UdVkLxCB7S3eQR/Ic52kYycflQBBoGseI9D8BaLe2+u2D2jyxxCyMAMqq0m05bd7ntXsuoajDpdj9rnWVkDKpESF2yxAHA9zXgC2GmWfhPSIZPDGqWuuJdwCW8mtZEj/wBYM/MTjp7V79qF9/Z1h9o+zXNzhlXy7eMu5yQM4HYZyfYUAXaztcuZLTSZ5Io7x5CNq/Y4hJICe4U8HFaNIaAPGrfU9Vv/ABVcXIn8UuljD9nR00+MursQzqy9BwF967bwvqN9LfyQ3Q1+UNHlWv7FIUUj0Ze5rndT0OXSvt93d+Fbm9kmd5jNpmpXAV3POWj3gjJ/ug4xXT+ALS1t/Dxlt9QkvGmlZpS7ORE//PMB/mAHvyetAEWnNd3suovo+oXFnP548+z1OIyCFuc7fm6NweCRxWf4Tt/EPmaksOp2CQpqMgkjNsxycgtt+f5QcnippNQsdTk1GbXIrq402S6MVnDFbSyACIbWc+WuRlievpxWP4Wh8N2F7dTS6TqEU/293tWNlc8JxtP3cfnQB13iG40N7iODUtZnspUXcEhu3hJB7naeelcdpVzoM2ua3FdeKdS+zQyxLa51SUfKYwW78/NmvSdQu7LT7GW+viqQRAF3KFsDOOgBPeua8Hy2up6x4j1O1TzLK4uYhDKYiofbEobGQD1oA2A8mo6JF/YGqRjaQguJVM24Dgg5IJPvXEwp4g1G1/4SG+16ztbzRmuIp41tPlUjKsrHdyCAGH4V3+qarZaFYm6uy6xbgoEUTOWY9AAo6muB1DRtd17UZdZtdLe202Ro3n0y4l8uS/2H5Swx8hxjgnnGDQB1fhY+ILnSorzWbyBnuIFdYY7fYYieeTk5rgbfW9SX+38a7Et07SfaYvsbIESP920qNyCduDgd8V6LpPiW01JJ4mtrqyurVN81tcwlGQeoPQj3Brzu5lWfQbghJfNXS76aZTEwEZnkjZFyRgkgHp6UAa/hie6ku4LCxudcjsrF0gk+2JBCqjblRt++2Rjt3rW1axlfx7ZAapqUcE1vJO8EVyVjzHsAGPQ859c1QgS1n8W2WuyabfSWV0qwRtLC6iGdfuyeX6MOAxHGO2a0detdaHiL+2FksLTTbC3ZTLLvkd0baXO1ehGCB1oA5Dz9QknXUorXUjpwsZZxbnxBIJHCNzJ9ABjHvXaeJZ3tvh3LPaSXSHyI2UpMxlwSON+ck84zmuZisNWbT2uLPTp5dMi0+WwUSJsuJVkOWlSM9hxhTgnmug8UPFL8MpWgaaSL7PEFKoVkIBXoDyDQBkr5ZUH+wvHJ4/5/W/8Aj1bXgu/uP+EHN5JHfXMsUlwVimffOwWR8ISx5OAB1rnVntto/dfEXp2Wauk+HX/ImxYE4zcXGBcZ8z/Wt97POaAObsLyS7vLfWlurqLW7q4EQVoJRalM48jdtwcYPzf3q07O7uLrxVorXErOy3uqxjJ6KrlVH4AAVjwX4ttOsrf7Xcte2NyzJpf2Nhvl8xsZk29Pmz1xWrYyWT+OdOsrC4e5ltJ9Qnu/3TKIWkbO0kjB+YkD1xQBW8YvqX9urBDczQyMyTbLe6uTvhBwQVjjIXP1rHsVubPUoYYpLq3tZdsNvbNd3kaCQkkncYsc8ce1bXitI7zXX1CeKe3tLWWKwe5eNCpDEs7AOjfKvyjdwDk1l2lratPFPayHVbuwL3ZSyWAJtRgFG5IgdzKxIXP8JoA6fx1d6tBpenLBpsc+bu3aRhchQsnmLhRkZIJ4z+lcl4m8QW8+tzWct1rOjSKFa8uFmuXVCSFKwqnynnjccDPQGu58T2mr65Y2selrBFBmO7Ms4beGRgyqI+OuO5GK5ieeY36ya66xTNLBcaidu5LWCNsxRHGRud8MQM9T2xQB2WharpZ8OJcW97cS2ltmJ57wOJMqcHdvGc5ryeG7ubOytku7i9mnYiN3ivt43Huf3vA98V6V4Uu4rbwpPqN4HSCW6nnyY2JKNIdp24zyMdq4OGOaGW3sZbVJL24uAsSXX2hJpI2JPmFVbCge+OlAHTeArll1S+jnvGYTKnkRSXPmtkZ3EfM2O3ejUNSiEviW70r7ZHciBYbq1uQIY1kcFUnyxGBgc46gCrfgyKfTdU1Czv7eW2uJiHii2O0W1eCVkJYHOQcZB56VnarJJZ+LfEA1KwY6JqEcEMkrIzNKRGw2RKoyzZYc9BigCpANM0i90Kbw7d2+q38QMV1ANTKm4JjxuAdiPvc4rpvE1xbSappFvIL601ATqbW7ih3RhiDujY9DlQwxXL6b9rsr/T7vxNpk9vplkCbOdbYF2fkK9wEyVIXp2yeea6fxvLdIugzWFjNfTR6ksixRjqPLk5J6KORyaAMjxJ4ls5PEvhh1g1ACC8kL5spQW/dOPlG35vwrutPv4tStRcQpMiEkYmiaNuPZgDXLa19rfW/BbXqRrc/a5DKsRJVT5D9DXZMdqlsE4GcCgBaKo6PqkWs6XDfwxTRJJuHlzLtdSrFSCOxyDV1jtUnBOBnAoA4bxd4dez0LVtWt9d1uOeKF5kRb1gikDOAPStLQ/DAt1stQbWtZnfy1kMc14zxsSO6nqKy/E3iWTVPDWp6fbeHfEJnnt3iTdp7AZIx1rR0vxWPIs7R9A1+NwiRln09gqnAGSfSgDN8W+IYR4s0vSts0kVpvv7lYVJLMiExpx3J5x9KxrO91rRtbubXUNfsdNlvYl1KQTW+8h3Zl8vJP8IQV2OrwovjTw7IsahnNyXYDr+7AGazNVttZuPiHP/ZE1hERpUO83kDSA/vZemCMUAXNf1XU9K8IWtzbXsE15NPBELnyfkYSOBuC59D61gXf9vR/EPT7GTxFZC7axlKObMAYLL8uN3JO0kfQ1s+N47oeErFJ2ja5F9aB2iQhd3mryBnpT7vwxpdnod/c63dSTXErCefUdpDxsPulAv3QvYD8aANDw1ealPPq1pqdxFcS2V0Illii8sMpjR+mT/erfrkfA0y3f9s3cVy93DLdoEuXjKedthjUtggdwa66gAqu/wB81Yqu/wB81UdxMbRRRVkhUkPU/So6kh6n6UpbDRNRRRWZQzyYgzsI0y/3jtHzfX1pyoqKFRQqjoAMAUhdRwWA/Gq9lqVpqMBmtZ1kjDtGT0wynBH5igCw6LIhR1DKeoYZBprW8LOrtDGXX7rFRkfSlkmihUNJIiA8AswFUv7c0z+0fsH22H7R5fmhdw5XOM56UAaFFMjmilUtHIjqOCVYGoJtStLe9trOSZRcXO4xJ3YKMk0AWqasaKzMqKGb7xA5P1pdynoRVS+1Ww0wwC9uooDPII4vMbG5j2FAFp40kXa6KwznDDNOqvdXttZQPNczLHGmNxJ6ZOB+tLcXtpaKrXNzDArfdMsgXP0zQBPRWTH4m0OS6mtl1az82EKXBmUDnpznBrShnhuYhLBKksZ6OjBgfxFAElIABnAAycnFLRQAUVl3HiTRbWaOKbVLRXkfy1HnL970PPHTvRB4k0W5nlhi1S0aSJgjDzl6kZGOeevagDUoqu9/axXsVnJcRrcSqWjjZsFwOuPWq8GuaXcNOsd/bloJTDIDIBtcYyOfrQBoYB60VXmv7O3thczXUMcB6Ss4Cn8ahOs6fvs1F3GwvGKQMpyrsASQCOM8H8qAL1JgYxjiq9nf21/HJJbSCRI5GiZgONynBx680LqNo5ucXCD7M+yYk4CNgHB/Aj86ALNFVra/tbua4hgmWSS2cRzKP4GwDg/gRVgso6kD8aAFpGRXXa6hgexGarWWpWmoRySW0yuscjRP2wynBFOvL610+3+0XcyxQ7lXex4BJwP1NAFikVFQYVQo64AxWfPr2kW0zQz6naRyr95HmUEfhmrNpfWmoRGWzuYriMNtLROGAPpx9aALFFV7y9t7CDz7qURx7lTcfVjgD8zVigAooooAKTAyTjk1XutRsbJlW7vIICwyolkC5/Oq/wDb+jf9BWx/8CF/xoA0aKgtb21vUL2tzDOinBaJwwB9OKhfVrFNR+wG4U3PlmRkHO1R3b0/GgC7Rio4ZoriFZoZFkjcZV0OQR7Goze2y362JmUXLRmVY+5UHBP50AWKKKKAGlEZlZlUlTlSR0pWAZSDyCMGq8GoWtze3dnDMGntConQdULLuXP1HNST3ENrC01xKkUS/ed2wB+NACwQRW0CQwxrHEg2qqjAAqSs6PX9HmkEceqWbueirMpJ/WrMd9azXLW0c6PMsaylFOTsOcH6HBoAsUVXvL63sLOa7uZQkEKl5G64A6mpY5o5o0kjdWRwGUg9QaAHFFLBioLL0JHSjau8vtG4jGcc4qre6pY6aE+23cNvvzt8xwu7HpVT/hKNCH/MWs/+/ooA1GRXGHUMM5wRnmnVDPdW9qivPMkSMwRWdsAk9BUd5qNrYRpJczBEeRYgf9pjgD25NAFqikDBuhB+lLQAVXf75qxVd/vmqjuJjaKKKskKkh6n6VHUkPU/SlLYaJqKKKzKPPPFmnW0Wu3FzcQ2gW7EQE1wouJWYDaI4IcZyfU8Vm3emWcs8lqug2GmXE0RC2FxGkbSg5+eGYcb+eQc4IH1ra8TeE47nxNY39tpMt0WEpuHjuTEwJA2/NngdeBWfe+Djd3mmq+gXIgW7RpjLqJnUJg5+Ut+tAHT+JNGgvPD8TTQPO1jGZYoNqvvfyyoBBBDdfTqBXmv9nN5fm/2YPM252/2Md30z9lr0TxjpF1N4PXTtIhkd0lgCIGydiuucljzwDnNcj/whmv/ANqfaPsi+T5WzZiH72c5xnH40AdfpenaTofhW5ubuIQWlzGtxdxSIAqHYoI2qB6dAOtec6eNNuda1G/m07RLNQ4hgstQZkeFAAdxUZG5sgn8q9L8FWF3Y+ForXUoWWdZZMpJg8byR046YqhbeG7xrvWrt7/VbXzLt5IobaVFWRdowRlTycetAFHwa2l3fiK6ii0zSFls4UljubBiwy+4Ec98D9ar6gmoXniPX2v9Ns9TSytwqpLOY0hhcFsKNpy528tx0AHStPwfpupR6/qWp3sGoRRTQRQx/wBoSI8pKlifucbef503WtHuT4g1GeXRZtTs72OHaIbgR7SgZSGBIyDuFAGLdB10u9DzyzbtJsXDSnLYMrkAnuQCBnviuh8eEwaPbztPtieRLcxmNCMucbiWViMe1Zl/p+sNp0Vl/Ykst7exJHLcpKgit41lLIhGedqnsK6LxHpl9qxtLOOOE2cYaaVnwS0iqfLUA9PmOc+1AHmj20dvp9tG11bNDYYkjB8tj8oOMkw/N+NeqeFw7eH7Sdp2lW4jWZQ0aJsDAHbhQBXGWuj3kklusnh+6EkqwxXC3G3yUIb944Kvnld3GOuK6u1g1qy8MXNoscH2y3DR2jRgAOg+4dvQHHGOmRQB0NB6Vh+HDf8Al3P2v7YYd48j7YF83p82dvbPSts9D3oA8c1S28/xUpewUvHcEwR/2DLh4sDdKQOWKltvocg4qbSbrw6deuHubmxsZTqDotommEs+w7V+ZgdvAGcYrSbwjqN9rss8tmbd4o5ZBKW3ROzOpWMAHJGFIJ45PFa2k6PfxXGg3M1q0bG7u7q4TIPk+arbQffkD60AWfF93LbNBJJHawWcJ8xbqVl8xpMHEcW7hWIz8x6VwIstE3HUDL4eQrCYvscxVywPJkeUqcy57kEfnXpHiU3st1psdnpU93JDN9pVxIqRKwVlAcnnB3dhWLdeH/E50zVI5pLG9Gq7jcQIWjeHKhcRucggADqBzmgCzd3n/CO+ArTbYW9kI3igWK8kEkaAsBuZhx3Jrz7XhDZ6Y6HUrG5CWUt1bTRXzwx+a0shzEFOHIzjB9K9Znvpx4chuDoVzcykKDYnYXXtzk7ePrXHXHgjV/8AhX32QXrLcrYsv2JbaF8u2WKhyNw5OODQBP8ADmaGC31lLaSL7LDFA6LBdtcIpKMWwx6EnkgVgafZX93oN/PdaxPbpc3Vul608i7VUxxvv+f+LnHvkZ6V6N4c0S80iFftGpNcK0Sgw/ZoogpA9UUE+nNV7aHUrG71qWHTPtP2i+DoryqgKeUg3ZPuMUAcl4QuoX8T6wieMWYyX6bECw/6V+7X/Z/D5cdK0fE0dpL4puB/Z8FxcPDHF5+pAJbQYycqTy5wwyF/Eir2h2euadrGq3M2hQeXf3SzArcpmNQir6c9M1r6ut1cXRQ+HLfUIUxsllmQdRzwRxQByGt6Vo0UJXTLDQ7qOWExyx2zIlwshBG+PJwx5GF68da19bmaDQPCunqHa1vryCxuY7mLDSRGJ8hgfunKj3FVtC0TUNJimEvhSxlla6knRxNHlAWyB07VreJrK+1I+GZY7Rt9vq0NxcIrA+UgSQEk9wCQKAOJTxcscCKtzpfnpci2WybTZC2wS+WB5hOM7ec12/h2FkuPFMVp5cL/ANosIzs+VW8iLBx9azb/AMI6jaaLNBBq97d2STfaF0+K3hDOfN8zaHOD973rT8NLqMVprWo3emSW815dtcxWjOpfaIkUAkHAJKHvQBzPj5vEGm+HkkvdYs5Ua6ixHFZEMSGDEj5jnAUk+wrr9Lg19p4Li61eyubNl3FYrUoWBHGG3H2NVNL0a+1PUBrXiJIxMEKWtgp3JbI3Usf4nI4J6DoKdpVjq3h7UY9Nt4xeaFIx8li+JLMYJ2HP3k7DuOBzQB09FZdxqF5H4js7COCN7SWCSSWXJ3IwI2+2Dk1qUAc14xVFtLN0sbG4upruK1ja7h3qgc4z61jWunCPWbnS9U0rRH/0FrhHtrULg5xg5rrtX0az1uzW1vRIY1kWVTHIyMGXoQQc1zd5pS+Grgz6Toup6pc3MLQtJ9r3iNewPmN0z6UAWfC0MenfD6xlsILWKRrVHO8+WjNgZLED9a83szLHqLzWV4sFoZG8zbq1wW1CQ8fLgbmAPcDnPWvWNK0z7J4Qs9Ov7dZzDbKssOAwYqM49+RXIRaBq99PJMNOmj8xiCJZI7RCvuIgXbtwWoAm8ASSxX9xbxxxWa5b7RYyXryyRyf3wrjv6g4Iqz4k0e9ufG0WoDStQvLJdPEKtZXq27LJ5jE5+dSRjHtW5oXhw6dslvHtpp412wrBbiNLdT1CHlucnJJ5psvgzRXZ5DBcFmJYgXUgyf8AvqgDnkW2stT06K+0jxBZ/arlYYZJtXaRd+CwBCynIwp7YrrdUttanlQ6ZqFtbRhfmWW3MhJ9c7hXGafpF1qGtaX5Xh2+0m1s7r7XNJeXIk3kIyqqgM39411WvNrlzLHpukxLBHOp87UHYEQr3Cr3f07CgDi/Db65deNfE8VtrdktwZIt7mzJWXYgQlfm42ng9ea6/WJr/TPCF1Ne3lrLdRqSZDbnY/ooTPU8Dr1qK48IpbabZLok32W/08E280nzCTPLLJ6hj1755q0b3VJ/DrSXWjTLesTG9tBOufTerHt3HegDidO0HXItR0+xmbT0kOheUV8ggj7oK5z973+tb3hNo5fEVwIJVmS2022tpJY8lPMUvlQe9Yd7pGt3Go6dcR6b4i2W0jtJv1RC2ChUbTng5Iz7ZrrfDhvY2ltrnTdTiiYFvNvbtZufQYORQBzL+G7O11uHTpNOguGlkYu99bnbcqzFiUkUkBlGRtbGcVc8OeGdO1TRtK1SG3hs7mG7MweCPbvRXYBfoRj8qhufDlzqxltrHQTpiFmRry7umZgP7yIrcn0yRUmk+EJ/D9xaWr6dFqNojKqXcMzRSR89XQtg+pI/KgBfiBzf6fLIk0Kwh1SX7RHEshYDIB85GyMfSuIknN3aXdvdziJJC0aMuqq+UIwCQ11jPJ4ORXpPi7T9S1K4gNnZP/oQMq3CzhWYkYKKvckcckDmufTwprus6LeG8NyqyXTeXY3dwAzQALtBZAQG3A+vagDrdb+03nh0Z0dJ0Yj7RZXUiqxTvtYEqG6Ec/iK871aGCxnuo7LSrW7VL9Y5GvLaF2DyOGwCZQTjeAOMcda9D1+C/1fQILNbQxPdzxpdISG8uPdl8nPPAxx61zTeCZNe1S+upoLrT7WWXzlWR4WdpVICkDy2Kp8vQsfpQBs+B7aBF1C4jhW3mEi288McaIgZRvBARmHIkGTntXXVzHg7TrnR4byyurOWOR5vPaYvG0cjFQvybFXHCDgr37109ABVd/vmrFV3++aqO4mNoooqyQqSHqfpUdSQ9T9KUthomooorMoKK5vWfHGi6LL5E9xunWZInjCN8u5gCc4xxnNVz8RPDw1RbP7XlGhMvneW+AQwG3GM55z+FAHWUVga54u03Q9Ltb6V2lS6ZfKVFJJU8l8YzgLyeP51RufiJoFtJbfv5WhlBZ5fs8gESgcMRtzgkgCgDraKxpvFOkQaQ2qyzzLZq21nNtLkH/d25x74xVG48d6TBYfb1t9TmsghdriOxk2KB6kgYoA6eisrSddi1gv5VjqFuqqGDXVq0QYH0J61nDxtZu8gg0vWbhI5GjMkFi7oWU4OCOvIoA6aisTSvE9pq2pSWCWl/bXKRecUu7ZospnGRnrzW3QAUUVnXetWljqcNhc+Ykk8bSRPsyrleqgjq2Ocd+1AGjRXNP41sftaWkVhq808iF0jWxkQsowCRvC8cj866CCYzW8czRyRb1DGOQAMvscHrQBLRXNL4005ta+xBJPsm/yBf8A/LEzf888+uO/TPFb13dxWNq9zNv8tOT5cbOf++VBJ/KgCeiuXu/HmkWr2q7L5/PmEWTYzrtyCc8pz06Dnn2rTsfEOn6jceRbm637S37yzmjGB7soFAGrRWFbeMNBu5jDDfgyCNpNrRuvyqMseQOgp2j+KtK1eys547y3jlukVlgMylwW6DHrQBt0Vj694itdBWASxT3EsxO2G3Tc+0DLPj0Apt54o0y20+S7jnFxttGvVSPq8S4BIPTqQKANqisHXPFmn6DaxyXJdp5k3xQKpLSeoGARnGT+FRf8Jz4e+yRXCXryJMzJGsVvI7My9QFC54zQB0dFZX9tg6DLqq6ff7I1LfZ3h2zEA9QpPpzVa48V2cYsfstvd6h9thaeEWkYY7BtyTkjH3hQBvUVm6PrMGt6e15bRTxhZHiaOZQrhkOCCMkdRRo2s2+tWkksKvHJDI0M0Mgw8TjqGH5H6GgDSoqjpWorqtgt2kZjVndNpOfusV/pVCTxZpcfiRdFNxD5vlGRnMoARgwUIR/eOT+VAG7RWFY+K9MvL6+tTcwQm1ufsy75lBkYAE4HXqce+K3aACis7SdWj1b7Z5SFfst09s2TnJXqavs6IMuyr9TigB1FZmsa3baRY/anxKPMSParjPzMFz+taKOjjKMrD2OaAHUUUUAFFFFABRRRQAUUUUAFFFFABRRRQAUUUUAFFFFABVd/vmrFV3++aqO4mNoooqyQqSHqfpUdSQ9T9KUthomooorMo5fxjFItrHdyeIIdLs4SHKy2iTb5AcqRu53AjgCsbQLTxVda5Hq9/qKx6dEhXN1YxxTSpnJGByi5APJzx0rZ1nw7qd54lt9YsruyPkQeXHBewNIsbZJLrhhhiCB+FM1DSvFmp6fcWE+qaRFDcRmOR4rSTcFPBxmTGcUAR+LbhIbq1kQPHI0TKJ45LZSyNjK/vgeOAeK4Z9Ul06S+a8vbk6fcLDbRRpPYuduNu1hsIC5PYD1Nepah4b0vVdKTT761jmjSIRo7IC6AAcqe3SuevfAi3JsrOODSFsYJIZJZmsx9ol2MCRkYXDYx07mgC1c3jXvw41SRw/y2M6B3kjcvhDzmP5fyrm/EkyT6eUklkmtbfw99o+zpcOkbyBlHzBCM8HGK7278PaXeacNPe0SOzDbjBD+7U56ghcZBz0rFfwPbTz/ZnFtBosYCpY2sGwyjriR85K55wMZ4zQBJ4WV4NV1O1E9xJAkVs6JNM0mwspJwWJOK5jRLtora6Qar4hgAvbj93Z6d5sQ/et0bymz+fWu20XQW0S7uBBdGSxkA8uKRcvER239SvoD0rK03wxr1jDNHF4jFtG9xLKsUdqkgUO5bq3PegCh4bmM3xCnY3mp3ONKA3aha+Qw/e9ANi5Hviu/rmtL8P6pZ+KJNVv8AVVvkay+zrmERsp37ui8EfrWgsOof8JO03nyf2eLXaYjjb5m7qO/SgDVrm9Ya8bxDp1lMbV9Ou2dVAjZZ42WMtuVw3HTsM10lc7q/hm41bVk1D+157Z7ZR9jWJBtic/eZgfv5HGOMDPrQBwUaT30lr4kg0/Uf7PS0lyG1l/NOSDkHdkD5Tx34rq9aS2bwPbXcmpalaaUIlknSJvNnlVyMKXbLdW7HpxWUfha2TmTQmPqdIOT/AORa6PVfD1/qHgd9E+1232shAsyxGOMBZAwwuWxgDHWgDkyAdJ/so/8ACT/Ydu3yP7Dh24/79/rXTeH5NMtvCn2yTVp59FuFHk/2iQDEhO3aW6kZ9Sat/wBkeIv+ho/8p8f+NTeGNHuND8KWWlTyxvPBGUZ487SSScjI96APKYJLGQyx3V3Zma3IYuj2ojYkEgpmMk4HHrXYfDu8sJBcN9ptPtFwQbeINH5wj2jIYIAM7snp6VNZ+CtYjtIkuNVtXlA+ZmS4Yk/Xzlz+Q+lbHhvQtR0eTU/td9HOlw6NB5e/EYCYPDsxHPPU0AclHaXOv+LL/wAO32qqW060aOKUHMkscrqXzz94IqqT/tZq74ZtLTXtTuZAYBFpWrzNHGsQy6qCsZDD+EEE+5FaVx4Jk/s2yt7W+CXiTPJc6gynzm3jEhXBwCeBzwAB6VebwuLK70+50SdbJrVFt5I2Tck0IPQjI+YckH1+tAHN6ulxY+PdQnXxHFpytYxy+deQxyBcuyiNCxG0fLnHUmsmZAuktL5ao8/hq5mkCrtG5pUJIHbPpXd6noWoya//AGtpl5Zxu9stvJFdW5kUhWLAjDDB+Y1m33hXW59Gewi1HT2ku/OF5cy2zbwsjA7Yxu4A9CewoAz/AB7d3dlp1jdWt1fRS2sP2mAQWiSpvClcsx5HDHisnS01GK80hNPvpkeG1uXQ39iq4HylsBSM5Y9Seua7LxH4XuNXiQW11Gj+QbU+ehZUjb77KAR85wo54wKLTwktlrNzdQOiWzWzRwwgn5ZH5kb2BIHA75PegCrNe69J8O31c6pFDfC1N2rwWy7cBNwQhi3fvVa5mudM8YW0lpZQyy3ljshlubny4k2kM0SALgE8N749q310J5PBi6DLceW7WYtnliGcfLtJGawpPh79ttzpt9qDHSEk81IYgRNK+PvySkk568Lj+lAD/CEEl9p+rXVoj6a1xcyCOaK4aeJmzlpEVxtxuz2wcUmiw69q+iRzwa9Ha3f2idLiX7DGxn2SFFJHAGAoFbmhaVqGjqbOS/judOiQLbAw7JYwP4SRwwx3wDVbw54Ri0Kea6lu5bu6keQqzfKkSuxYqi545PJ6mgDJ8E6bryafbzy+IFksxPLvtvsSAt+8YH5s5GTzXK6oztpevRDRmKN4gx/aSlPk/wBITj+97fjXqWhafLpelJaTOjOskj5TOMM5YdfY1zP/AAg+o3B1CG41vy7G61Jr0W0UCtx5gdQWPIOVGcUAZ99YWtjot5pUmlCKe1vLbybtk3eejzoQ+/H3uoI/pXf39/b6ZYT3t3II4IELux7AVia1o+taxqEMJvLKHSI7iGcqIWM7bGDbc524JHXHSpdU8PSa1rVvNf3YfS7YB47FUwJJc/ekOfmA4wP8kA53wHc3enahcWWqhopdXL6pbI4xjexLR/7yjacf4V2WrWGmX1ru1WCCSCHL5mxtTjk+1V/EPh+31/T1gkkeCeFhJbXMf34XHRh/Ud6hm8OjVtNsLfXpjeSW+GmWPKRTuO7L3GecGgDzrXNE03W4Bqtjp0dro9tcQxwFV2m8ZpFBc/7AGQPXJPpXq2n6XY6VC0Vhax28bncyxjAJ9awtb0PW9Wnjs47zT7fR0lik2LAxmwhDbc52jkelbuqWkl9pdzawzeVJLGVV+eD+FAFsMGGVII9RS1h+HdIn0oXJlS2gWZl221qzNHHgYJBIHLdTwPx61uUAFFFFABRRRQAUUUUAFFFFABRRRQAUUUUAFFFFABVd/vmrFV3++aqO4mNoooqyQqSHqfpUdSQ9T9KUthomooorMoKKKKACiiigAooooAKKKKACiiigAooooAKKKKACiiigAooooAMUUUUAFFFFABRRRQAYooooAKKKKACikpaACiiigAooooAKKKKACiiigAoopKAForB1nxdpOisY55/MnH/LKL5mH19K54/FKyzxp0//AH2K6qWBxFVc0INoylWpxdmzv6K4D/haVn/0Dp/++xR/wtKz/wCgdP8A99itf7Mxf8jJ+s0u539FcB/wtKz/AOgdP/32KP8AhaVn/wBA6f8A77FH9mYv+Rh9Zpdzv6K4D/haVn/0Dp/++xR/wtKz/wCgdP8A99ij+zMX/Iw+s0u539FcCPilZE86fcAf74ro9H8VaVrZ2WtxtmxnypPlb8PX8Kyq4LEUlzTg0io1oSdkzbooorlNQqu/3zViq7/fNVHcTG0UUVZIVJD1P0qOpIep+lKWw0TUUUVmUYl54nsrLUJbJorqWaIAuIYGcDIyOlRHxdZAEmz1LA/6c3/wrB1ZpY9c8QSJE7rHDC8nlzmJgoXPBH8qqWEk63W8wXSCJY3Yz6mzLiQHbwRz9K7lh4cqf6nO6kr2O7ttTt7zShqMO4wMhcZGDgZ7fhTbfVYLnRRqiK4hMRl2n72AM1x8xtP+FaWa3EXmytkW8YOCZMsB+QJNYcUdgvg0xS6bIt/IAYW3HbJkH5xz2Gc1ccHGV9X8Vvl94nWa+49S0+9j1GwgvIgVjmUOobqBWZN4v0K2nkglv0WSNijLg8EHB7VifD2DT2sPOSDy9QjXZLljyp5Bx6Gui8RIv/CPagdoz5DdvasZUqcK7pu7V/T/ADNFKThzIrxeMdBmlSKPUELuwVRtPJP4VY1PxFpuk3CW91K3nuAyxohZiCcDp9DTfDCL/wAIvpZ2jP2ZO3tXNeO7h7fVNNxqLwqXDeWsYby8Z+f9entVU6NOpX9mrrfr2+QpTlGHMzoG8VaeszRCO7aRAC6pbs23Izg4HBq5ba1ZXWmvfpIVt0YqzOpBBBwciuKuZ57C6a4ifVwLt0Xzoki2zNt4Iz64rUW3a18E38TQXUTFi5+0hdzEsCTxxRPDxSTXW3/BFGpK7NWTxVp0LTrL5q+TMYSQhbJxnt2pbPxZpN9cRw28srPI21f3TYz9a5aKW8/tW4trS7e2FzqTo8iqCcCPPf6VJ4XN7Z32nQm+aS3uJLndEVAGVPXP1NW8NT5G76/8D0JVWV0j0GqWqanBpNi11cbigIUKoyWJOABVyuZ8UfvdU0CBv9W96GYHodoyK46MFOaTN5uyudIjbowxBXIyQe1R2t3b3sPm20ySx5xuQ5Ga5zxrqNzHZQ6VYIz3l+Siheyjr/Oo9F1d9PH9hXWnfYp4bcyQgOHWQAc8+vf861WGk6XP+Hl3IdRc1jfn1rTLa6FrPfQRznjYzgGrc1xDbwtNNKkcSjJdjgAVw+gaNZan4Pubu7gjkuboyu0zrllIJxg9ulUUuJNW0XwtZXRZop5iJcn74TgA1r9Vi5cqezs/uvp9xPtXa76nf2WqWOohvsd1FPt+9sbOKZd6zptjMsN1ewwyN0V3ANc5qVnb6R4x0WaxhSD7V5kUqRqFVgAOw+tQ+GtNs9bi1e9v7dJpp7qRMyLuKKOgGemP6VPsKfL7S75bfPe36D9pK/L1O2V1dQysGUjIIOQaCwUEkgAckmuL8NatPYeGURbK7vhFcyQKIAGKqDxnJ6c4q7qGpHVfDeqLc211paLFjzLlcZz6YPt+tZyw8lO3S9v6RSqJq/U2bfW9Lu7n7Pb38Ek39xXGT9PWpbzUbPToxJeXMcKk4BdsZrzfHm2+iRTaOuloksZN/txvwOOgzz710PkQ6t8QruK8iWaKztkESSDcuWAJODx3raeFjF6vSzf3f18iFVbR1dtdW95As1tMksTdGQ5FVk1rTJLz7Il9AbjOPLDjOfSuLeVtBufFNrZDZCkKyoi8BGYYOPTr+lSXmh2EPw7iuooI0uo4EuBOB8+7g9evel9Wgnq9Ha3zV9Q9q+i2O4u722sYTNdTxwx9NznApLS+tb+HzrSeOaPONyNnBrj22614r0eC9TzIUsftHlvyrOcdR3qzaWyaX48ubWxRYormyExjAwquCR0H0/WpeHio2b961/IftG35GhceMdGtbiSCWaQSRsVYCMnkUW3jDR7u6itoZpDJKwVQYyOTWXPeeKINXtdOabTTLco7qwRsAL1zS6VeeJ9T8945dORYLhoW3I2SVOCRVvDwUL/r/wAAXtHe36HR3eqwWeoWlnMrhrolY3x8u4dvrV+uW8bkxaNaXOAZobuJ1I9c9q6jIAya5pwShGS63NFL3mhaKZv5Bx8p70+siwooooAKKKKACuT8c+JG0TTlt7ZsXdxkK39xe5+tdZXjvxEmeTxU6MTtjiUKP1r0Mrw8a+IUZbLUwxE3CF0co7tI5d2LMxySTkk0gBJAHU0V0nh27JsruBLWykmhiM0fnW6uXweRk89Oa+wr1HRp80Vc8qK5nZnP3FvNaztDPG0cq/eVhyKki0+9niEsVpcSRno6Rkj88V1F5rM114efUry1sTcXE3lRn7Mu5gBy2evHArR0GZING0eSSYRxok7ODcFON7c7Bww+tcNTH1YUudxV7238jZUouVrnBm1uFj8wwShOu4ocfnSra3DiIrBIwlJEeFJ3kdh61213czNpl7bmVjANJidUz8oO8c4q9YW8g03QxLFYwzr5jQgvg7guQeAfxHris3mklDmcVv8ApcaoJu1zzy4sru02/aLaaHdwvmIVz9M0osboySx+RJviXe67eVX1xXT6xE6+GojeXsV7/pREc6SuWXONwww5AA/Wt3Rh/wATCJYb6SfzIYCiSbEdouc7uDnA96c8ylGnz2XXv0EqCcrHnE1tNb7POjZPMUOu4dVPemxSyQSrLE7JIhyrKcEGux8bTSXUCPhGigupIvMEquc44XAAxgD9a4uu7CVvrFFTktzKpHklZHtPgzxCde0k+eR9rgOyXH8Xo1dLXkvw0nZPEUsI+7JAc/gRXrVfIZlQjQxEoR23PUw83OCbCq7/AHzVgnHWqjv85IHGetccdzZi0UUVZIVJD1P0qOpIep+lKWw0TUZopKzKOK1XQtVvPEN/LFaxyWcwiJ8y4MYk2jocZOM/Si90TWLy8N2+nWgchcol44Riv3cjbziu1pa6VipJJWWnr/mZeyTOd0vR5E8KWttd2y/bIIn2qSDtY7hwenQ1VsfDbR6FHJPE51BLBrdImYEISD07ZOetdXRUfWJ3b7u4/ZxMDQtCWztrC6mjaK+itvJkUNwfrjg4qpe2/iy+sp7V49MVJVKEh2yAfwrqqKFXkpczV2NwVrHKafbeK9PsLezjj01o4YxGpLtkgcelWNX0Rrm/sL6OASXIljE53DCouc4z2ya6OkZgvWj28ubmSsxezVrHB6t4Z1DUblZk0m2RhMHY/bX+dR2x0HbpW3Y2EsGh3dpLpcaryyQLctJ5h92bkcgVvYLFhnntRwAHUYxwRVTxU5xUX09f8wVJJ3Oc03w+8cdrPdSbbtJ3uZFUZDMy4xn2GPyqPQvD9zDcQ3V1IytbyTeXAQuF3nrkeuAa6ZgFPoeoNHBxgkk9QO9T7edn5j9nEkVtw9+9YnifTrm8trW4sk8y7s7hJo0yBuweRz7VtKpHJwPYU+s4ScJcyKkrqxz+u6Nd389lqVhIkN9a5KrKMqwPVTiotO0TUZ9b/tfWpYGmjiMUMUGdqg9SSevU/nXSUVoq81Hl/qxPs1e5xn/CPa9ZQXWm6bd2w06dmIaQHzIg3UCr994X3aJY2thMIrmwYPBIw4LDrn610lFU8TUbT/p+ovZROZsdG1W61uLVNblty1shWCGDO0E9WOagk0PXNPvL7+xri2FreOZCswOYmPUriutoxS+szv0t26B7NGdoWkpoukxWauZGXLO5/iYnJNJrukrrWkT2LSGPzACGHYjpWnRis/aS5+e+u5XKrcpxs+h+ItWggsNTubNbON1Z3hB3yben0q9qeiahHq8Wq6NLCs4iEMsc2drqOhyO9dHRWn1md+lu3TUn2aOc0rw5IlvqL6rKk13qIxMUHyquMAD86zf+Eb1+ewj0W4vLY6YjAGRQfMZAeFrtaKaxVRNv+l6B7KJz2r6FdPdWWoaRLHFd2i+WFk+46HsaNG0a+g1G61bVJY5L6ZRGqRZ2Io7DNdDiip9vPl5f+HsP2avc53StO1C51l9Z1ZEilVDFb26Nu8tc8knuTWPNpWvxw6jpdvZoYLu8aZboTAbVLhunXoK7ksFGTTfvMRntximsRJO9l/wwnTRg65p91qE2lWcce61imWW4kyOi9Bjrya3AxBw3A6gEUoHy5AwV6ihsDBz16H0rOU3JKL6FKKTuGCfl9847U9WzkHqOtR5BAO4lu4FPVTnPA9hUFD6KKKACiiigAry74m6W8eoQakqkxSr5bkdAw6fp/KvUaqalp1tqtjLZ3Sb4pBgjuPce9dWCxLw1ZVOnUyrU/aQcT58rZ0rU9O09Fd7O4a6GQZY59vB7Yx6Vo634D1TTJna1ja7tuqtGMsB7j/CudawvEbDWk6n0MZr7H2uHxVPSWnrY8rlnTlsbd5rmj3lnBbHS5lW3QpFi46ZOcnjnmo7PxO9lY2ltHY27mBWRpJMksjMSy+2c4rH+xXX/AD7Tf9+zR9iu/wDn2m/79mpWGw3Lyt3XqPnne5rah4llubT7JbQpDC0KxSfKCxA7buuOlSRa3pyQWEbWlyws1Z1/fYLSEjPIGQOKxfsV1/z7Tf8Afs0fYrr/AJ9pv+/Zo+rYblUVp8w553ubGreIYNbgU3dmY7iM/uzC5CbScnKnv71dXxZalY0+yTW6wsvli3cDcinKhsjnFc19iuv+fab/AL9mj7Fdf8+03/fs1LwmFcVG+i8xqpUvc1dc1uLVbdY0N1xIZNshTaM9eABz9aw6sLp97I21LS4Y+gjJ/pXTaH4C1G/lSS/RrS16tuHzsPYdvxqlVw+Ep25tBcs6ktjX+GOlvvutTdcJjyoye56n+lekZGcZ59Kq2dpBY20VrbKEgjXCAVMBxx94frXx+LxDxFaVR9T1aUOSCiBYhvm4U+tQPy7Dnk5xU7YIDdj+lV2OWPzfNntWEdy2G/bw3Wik2k9lH15oqxElSQ9T9KjqSHqfpSlsCJqKKKzKCiiigAooooAKQkAZPFLUbYD7m5B/SgBXIIwDz2xQpZlPTPpTVJHA4PXnuKd91g3TPUUAIc9erL6dxSEY+8eD1ApxXL5zjjtShQDnqfU0AAG7BIxjpTsAdBRRQAUUUUAFFFFABRRRQAUUUUAFFFFABRRRQAUUUUABwBzTWZduM9emKRxhgx5FNXIJA4zyCRQA5CxBzjI7Uh3d/vDkY70pyMORjsaVl3MDnGO4oAYQfvMcZ604DcMYwB0pQgBzyT6mnUAGMUUUUAFFFFABRRRQAUUUUAFGBRRQAYFGBRRQAYFGBRRQAYFJgClpkg6E8gdRQApZcdetNQsTg9vWkH3vl4B6EinHdjcRyP1oAQg5wcZ6gikOSNx49qew3bcfXNAQZyck+9ACAbhgDC+tROMOasVXf75qo7iY2iiirJCpIep+lR1JD1P0pS2GiaiiisyjK1DVXtLjyY0ViBklqXTtUa7mMUiBTjIK1n6ohk1cxg4LbRzUNoz280xU4dEbBrTlVibnVVn6rqi6UkM00TG2aQJLKOkQPRj7Z/Kl0u7e6tiZPvKcZ9az/E0BXT7m+bVLm1jhgbMcZXa5wcZBByTwKi2pQ6XxAtpcat9pCmG0MSwiMEvIXXIUepJ4GKt3mqw6foh1DUQLYLGGdC2SGx90epzxXK2+j3sWracsmsXyzahbtNcn5M70VMY+XjG4itK5utNTQm+1S3l+FnkhWZrcyukgDKThR0HPNFhCN4oNtp2k3l60KNeyZ8pFLOIyrMoAByT90fU1r217d3llLc/YHhcH9zDM4Usvq393vXCSahpEM2nQ2cF5BeQIHN8NOcuxRQmNhGSCCe/HFbunOdSsNadZru8u5oAhE9q1sCoDYVfrk8+9NoBZvGrxabJcPBbQyEv5QkuOJAo+8vHIzkfhUvh3xnFq9za2c/2dbma3Eo8qXcC2OVx2PU4rmxdK3hyVrO4ufssnmmBJJJcpGFChcqp7g8HFanghlL2bybmkNmsaMWlbAwDj5lCgfQ0WVgN++1i801NVkureMQ28Jmtps4V+OEb/AGt3p1yKpr4h1Cx1TTLfWEsLeC+jkYOJCpQqAcHdxk7sVnTww/b9d0m1mRL1pIpbKOX95hxGGJAOcc557ZpmnSvrurWkMd9PeR2x8y+ju4Y2EJ5AT7o+YkHkdhRYDodX1qaw+3LDGjNb2f2hWbJBOSMEenFVv+EluTrclpFYPcwRwpvaLAPmkbio3MMgKQeM9areKpvLu5reKxe5kuNPfzGWcR7IlbkjIOTlqxXvGisWg/4R5ovs6jUDOl8vmLuJ+cHbyeMY9OKLAdbqmtXlhaW1zHprOsrKjJJKFZGYgAHr61jXvjaeyvXtpINPjdJ0gZZr0KyllBLEY+6OmaueNbcyabayfbpbZEuogdpUA5deTkdutcnryxW+oxtHcvceZexOZJNMMmSFxkODhwcZwOuaEkB3+gas2s6e9yyRKVmeL91JvRtpxkN3BrVrC8JxJDpD7Hd99xJIS9sYMFjnAQ9BzW7UsYUUUUAFFFFABRRRQAUUUUABGRg1Hhj8ucbehqSigBpUMefyp1FFABRRRQAUUUUAFFFFABRRRQAUUUUAFFFFABRRRQAUUUUAFFFFAEe1j8nYdDTiu4DJp1FABRRRQAVXf75qxVd/vmqjuJjaKKKskKkh6n6VHUkPU/SlLYaJqKKKzKMy70trm789Jtjcdu4qKPRXQyEzgl1Izt9a2KKd2KxUsLP7FEyb9xJyTjFQ3mjWuoX0F1deZKIOUhZ/3e7sxXoSPetGilcZm6pottqzwSTSXEUsG7y5LeZo2AOMjI7HAqfT9Pg0yzW2tw2wEsS7FmYk5JJPUk1booAqSWCSapBfFmDxRPGF7EMQf6VJeWy3tnLbO7okq7WaNtrY9jU9FAGI/hXS8EW6z2YICsLSdogwAxyAcGprLQYLCeOSK8v3EYwsct0zJjGPunitWigDIvPDtheTTTESwyzsDO8MhRpQBgKT1247DFNfwvpQ8k20Bs5IeFltWMbY9CR94fXNbNFFwMXUPDNpqV613Nc3qSNGYsRzlRsOMjHocCqr+C7Bw4a81Eh4hC2bk8oOi/SukoouwM59E0+dIBd263jQDCPdASN9ee9UpvCdlcMu+71Haj+YiC7YKhHTaO2O1b1FAFSwsFsImjW4uZgxzm4mMhH0Jq3RRQAUUUUAFFFFABRRRQAUUUUAFFFFABRRRQAUUUUAFFFFABRRRQAUUUUAFFFFABRRRQAUUUUAFFFFABRRRQAUUUUAFFFFABVd/vmrFV3++aqO4mNoooqyQqSHqfpUdSQ9T9KUthomooorMoa7rGpZ2CqOpNV01G0kfYsy5PSsvXJWNxHDn5Qu76mo77S0tbQSrKWIIBB7/SqUV1Fc6Kmu6ojOxwqjJPtVPSZXmsFLnJUlc+tVdci1aSCQ2F1bQxCJt6yxFieOxBFK2thl2HU7O4NsIp1Y3KGSHH8ajGSPzFW68/tWv1h8JjTY4WuGsZlDTNhUGE+Y45P0rd1mxEHhWd9SdtQltlafczGMFgDx8pHHPSiwG415bpeR2jSATyIXVPVRjJ/UVPXmsei286RTFdBDbdy7r6fK5H+9XS+Dre1/sxryKCOKZ5HicxTO6Ha5AI3E+lDQrnS0UUUhhRRRQAUUUUAFFFFABRRRQAUUUUAFFFFABSE4pGbFMGXPoKAFLj1pPMGetPCKO2frS4HoKAGh807NNMYPTimhipwaAJaKQHNLQAUUUUAFFFFABRRRQAUUUUAFFFFABRRRQAUUUUAFFFFABRRRQAUUUUAFFFFABVd/vmrFV3++aqO4mNoooqyQqSHqfpUdSQ9T9KUthomooorMoy9YsmuEWaMZdBggdxWKguLllhBd8dATwK66mhFBJCgE9SBVKVhWIrS3FtbJEOSByfU1ma1aaxeh4bK8itbYxEMwTdKx54GeAOnNbVFSM4yOz1bTLTw/cQ6Y91LZ2zwzQLKispYLzknB+7Vu0i1yLQ582aG8vLp2EU0oZYI2PBb1x6D1rqKKdwOLt9PE+u2do2n3B+xxSpPeS2qokjEAAqcYNb2iw6hZrLZXiRPFFgw3MYC+YDngqOjDv2Oa1qKLiCiiikMKKKKACiiigAooooAKKKKACiiigApCcClprnigCJjucLUwGBgVDFzMfYVPQAUVw/8AwnNzpHiaXSvEtolnBK5+x3aZ8t17Bie9dZf6nZ6Zp7315cJFbIu4yE8fh60AXKa67l9+1cl4V8U6n4o1K5uI9OWDQlXbBPJkSStnr6Yrr6AIY2zU1VlOJGHvVgdKAFooooAKKKKACiiigAooooAKKKKACiiigAooooAKKKKACiiigAooooAKKKKACq7/AHzViq7/AHzVR3ExtFFFWSFSQ9T9KjqSHqfpSlsNE1FFFZlBRTDLGJfKLr5hG7ZnnHrimpcwOyqk0bM2QAGBzjr+VAEtFISAMnpVb+0rH7F9s+1wfZc487zBsznHXp14oAtUUUySaKLHmSImem5gM0APoqNLiGVtsc0bn0VgaeSACTwBQAtFMimjniWSGRZI25DKcg/jT6ACiiigAopizRvK8SyKZExuUHlc9M0+gAopGZUUsxCqBkkngChXV1DKQysMgg5BFAC0UUUAFFGaQMrZwQcHBx2oAWmP0p+aQ8igCtGdtxg9xirVVJlPUdRU0MokX/aHUUxFTWNFsNe097LUIFmhf16qfUHsa4Ww+F0/2+OLWNXlvtGtDm0tGJ/8e+lelUUhjIoY4IkiiRUjQYVVGABTjwM0tVriXP7tTyevtQA2I7nLepq0vSoIVwBiphIhcoGBZRkqDyKAHUUhYL1IGeOaWgAopCQMZOM0wTwsEIlQhzhSGHzH29aAJKKKKACiiigAooprusalnYKo7k4FADqKaJEZygYFlxkA8inUAFFFFABRTUkSTdsdW2na2DnB9KdQAUUUm4EEgjAoAWimq6ugdWDKRkEHgiiORJY1kjdXRhkMpyDQA6iiigAqu/3zViq7/fNVHcTG0UUVZIVJD1P0qOpIep+lKWw0TUUUVmUeK+NtU1vQviRJeW99BNOdOf7LbiIZ2FjhD6kHLZ9BXKaTfX1tL4X8jUdViKJPKjR6OHZC2C2z/nsD3Pbiu51DTdPm+I+tz2OnyFk0q4NxK8LY88g8qSOuCMYrkNL0rVJE8P3Kaf4sMVtDIJWi2jaWAx5OTwODnOO1AHpfjSF5vCmn393A14kEHmTzS3rWDDKryVXuT/D2PFeTWlpZ/wBhmyv4IoDI3mxLLrLxSJGx3qGQqUJIPXaOCDjPNen/ABB0L+3Ph3FeO2oo1lZ+YtpKfneTAAMgGcsOfxNYHjP+1rTT1sYddunuruKLyrOLTuiMQMeaOmAD78UAbfhmTRpPB+tz3ObXTMqs01vqktyRjnhjyp5HTrmvNBNZXnhzw863QublpLr7YL+6dYwwRdvzE8cYIx1Ne0aJod74G8OXkcUj6uqKpgtYLdYWzyD3OScjk+ledGw8QWPhey0PU9MmtmtY3MJgsEvPN3nPzEn5DnjigBPhGqr4r08qLUF9MmLmGcyOx8xeZAT8p9B6V0ep6vql74n8R2LeMrfRray2LDBLFETIGQk4LEHt79aofC63u9MvrGG6t72KRonjZH0pY1XqeZs5I47+opb2GAeN/Ff2vwjd60ZXiEMsUKsIvkPdiOpx09KAMbQtX1TRvA+i3Fl4xtzumii/soRRF0VpMEZyW6HPSvb9Rvjp1j9p+zT3JDIvlwJuY7iBnHoM5PsK8J/s1rLwlpNjN4MvbbU4rqDzdQaFcH94CeQc9OOle66jeS2Fh58NlNeOGRfJhxuIJAJ57DOT9KALtUdYmvbfSbmXTo4pLtEJjWZiFz6nFXqpatdQWWl3E1x5vlBCG8qMu3PHCjk0AeVRaXcX2jQagNLkl1XV1DR3c+ptH5rlS33FIAAAOF9BXdeCZng02fRpYJ459LZYpWmm81nZlEmd3/Avw6Vh2mma7ewaMNMtRa2eiLm3/tIFXvG27BlV5QbSTk85PStzwzKzavq73Vjd2V/cuk00MqhoxtRUykg4YHb7H2oA4/xJZ6rejU47Sw1ErMkixq7T85BH/PXb+mPajw1Z6rYrpcd1YajtgSNZFRpuMAD/AJ67f0x7Vd1W3s9U1nX2tdMOqX12scNs5tzst2VCpZncBQAeeM9KNPsF0nX/AA+91oTabPah4p7iGPzI7lmTYCGQcc8/MB1oA7PWfDen6+YWvjdAxAhfJuXi6+u0jNchoXgnSb3UNdinl1FktL7yYQL+YbU8pGx97nljXWavr1zpl0sMOganfqVDebaqhUe3zMDmua0fXNU0691ieXwlrbLe3n2iMKkWQvlouD8/XKmgDS8Y2UVj4EnhhilkhtYiVJu2jZMKcMXzlsHHB61xUUttaWmjXVzDpkcb2O5oLjU9nms20+dkZyTg123iGCXxP4LuDNbXdgoSSSS1mUb5AqthTtJ4JwfwrmdU04x+BDpmlx6nDLPpwLW1vabopZHjGQWIO3J64IoA3PAk1vcT6v5VxZ+XM0bJbWt2ZxEoXaTntk81hwWNrpdvrsiwXF8yaotjDDcXsu0K2zHOT0J64zXV+FJbhbA2zy38s6Qrt+22vlKhAxgEKM8/XpWBcaNqumiaXU52vJL+9F2ljptqSBMpUjMjHhcL3A6mgCpoFrLY6rAl7p9tKJ9UlgWaO8kYwMFZwm0jkALjOe9bHiOW5tvGGlfZrOe7YW8r+VFKEwQV+bkgHrUNjpmsadf2L6vb+bDLqL3wks/mMEsisvluD1UBvvjuOR3pfGsefFWksdN1O+QWswKac21wcryTuXj8aAL8/i/U7GDzr3w7cxwqyhn85DjJA6A+9bGqa5LY26vbabcXkjHGyMgY4zk5rzjWI1fTysXhvxRA5kjxJdTbo1+deWHmHj8K9F1nyYdPZZkvCsp2Zs0ZnXvn5eR0609BHOal4ynuo/sFtZ6rZ6iyeagW038AjOQeq54P1rW0TVb6fSZrnVNIubWaGPeyKu/zRjPyDrnj7p5rkH0yA+KILkDxN9jW0ZGlxLvDlgQBxnGM13Gk3kFvo0/kQ6pKtojPi6jbzZOpwN33j2/Ki4HM21+8OhLdaVrF5Y2BvniYXdiJGt8kfK25gQobPP8AtDsKsaFY6zH4+1JrjW47hUggMwFmqeapDYHDHbj1703TrjUtOsNQtNW0WaP7fJJcxvFD9qjXf/A6jByO46H1q14anaLWbq4vGvJ7q9EcYI0x7eONUBwOSfU85pDMXUUiT4jTQy2CEi3a5Jm1A4QBxiYITxgAnA9KworuzGkW9l9o0VLtBGGvRq5LZBGWxjvg11914ftbfxjNqN4k11O0D3CzxxEvGQ6hFQD+6vbvznrWZGt+viua+N7r/kNZxxCb+zl3MwdiVxs6AEHPvQB1+uLLLfeHXgDvGL7dIyAkBfJk5OO2SP0rg9O0/VdW0HTXtkv4oNKiknjNq6xvPK0jghCykcJu7ckjpXWeMb8NY6XCsepBJrmKWb7NHIGEXO4EryDyOK4+Mwie03r4k8sXlyZv+Pj/AFOX8r9NlAHcW1vYxeEZ5tQ1PV7iynUSPJeMVmjHHyjYqsOfbNeYx31m2k6BJbXQuDJHeG5+3XskaeYFTbhm7gYwBxmvTPCmo3J8IRn7JfT3VvlGinBSRznI5fGeCOc1zMljqsHhi00vULUW9xbxSBFishfBw3qxXCH6E0AO+HVyZtTtADa86UjSfZ7wzFmyOZB/C3tXR674M0m8F9qMrXwuGRpMx3sqKCB2UNgVlfD+2nsUtIJ/OWQWqo8baUIArADgyAfNjn61p6l4mv2hu7SPwnrbkq8ayKkW1uCMj584oAo+E/BulTaJpGqSSX73TwRzMxvpSC2Afu7sde1HjrVhJq2j+H1iklinuUmuwi5yiZdU+rFP0pdB8Qanpmhafp83hHW2kt4EidlSLaSAASPn6VseI0Z7/wAOOsZyNTUsQOg8qXr+dAHF+fqumeIRdahrV1pkmsxNcyww2azGLYQsafdY8KeffNejaKXbSoZHvpb4uCwnlhETMCeMqAMflXP67Zard+NLA6ZfrYstjLula2EwI3rxgkYrpbGO7trBEvbkXdyoO6VYhHv/AOA5OKALdIwJU4ODjg+lUNE1Qa1pEF+LeW383d+6lxuXDFeccdqvOodGQkgMCODg0AeXpJeTXXiuyt7mx1SSExzNFHCULXBwGwok5AVRnBGTU+j2F2NesA2nZhMp812s3h2AKSCGMzfxBRjHes3VvDdnZaXqcVrYgNFrcCRyGAyvsKRbuOrAnrzzVOy0S5s9Xt5ntnQNq8TIf7LMWU45D5O0deKAN34ozNbRRyta3x3ywRRTJfeXGSXBZdm4ZJXIz7+1aVnNPb65p1kljLplu9pdu1qZQ4cjZhyQT6mm/EDw+dQsp766c3MaPbR29sE4jzPH5jH1JHHsM1LqNpp/hW5sLh5tQmSKG4hghSB5yA5U7dwHAGMDNAFTUL/UbD4S6adNt3keWzijkkRgDEhUZYZ79h7kVU0m2Nrc6ZpEtj4m023nJhgdtSUopVGbGFJ7Ka27mwuf+FUR2LW8puFsIleJAd+QFyBjvwa5ya90GNre4024122vrd90ctzZXNyq5UqfkbjOCeaAOy8GyTvpl6k9zPceVqFxFG87l22K+AMn6V0dcf4EnkeG8hT7TJaI3mC5ubYwNNM7O0hCnoBlQK7CgAqu/wB81Yqu/wB81UdxMbRRRVkhUkPU/So6kh6n6UpbDRNRRRWZQmBzwOetKAAMAVFcXENpbyXFxKkUMalnkdsKoHUk1Q0bxBp2uxyNYysWjI3xyIUcA9DtPOCOQe9AGoQCMEZpNqk5wMj2qtf6nYaVCs2oXtvaRM20PcSqik+mSevBrO/4TLwv/wBDHpP/AIGx/wCNAG3RVG31rS7yxmvrXUbS4tYM+bNDMromBk5IPHHNQW3iTRryzubu11G3mgtl3TOj5CDGeaANWkwM5x1qppep2msadFfWMolt5RlWxg8HBBHYg9quUABAPUZooooAKKzLfxDpV3q82lQXsb3kI+eMfqAehIyMgdK06ACiiigAAA6Cisu/8QaZpl3DbXd0sck27bwTyoBIOOnBFRjxTohvhZf2jD9paTyhGc5L5xt6daANiiqt9qFtpywvcuUWaZYVOMje3C59MnjNNm1O1t9TtdOkkIublHeJcdQuN3P4igC5RiiigAoorN/tzTRqs+mtdxrcwIkkiswAUNnHPrweKANKjAznvUEV7azvshuYZHxnajgmmXOoWtnPawTyhZLqTy4VwSXbBOOPYGgC0QD1FGKprqVs2qyaZvIukhE+0jGUJIyD35HP1FGqanaaPp01/eyiK3hGWY/yHvQBcorEn8W6DBFDK2q2jLLIsS7JlbBbpnB4HB5NaVpqNlqAY2V5b3ITG4wyq+3PTODxQBZooooAMc5orMvfEeh6bcm2vtZ0+1nABMU90iMAenBOagXxh4ZZgq+ItIJJwAL2Pn/x6gDaoqve31tp1jLe3cqxW8K73c9AKii1S0mv2so5d06wrOVweEYkA/jg0AXaKiuLm3tLd7i5njhhQZeSRwqqPcngVjSeMvDyWMl6uqW8lvHIsRkR8ruboAeh/wDrGgDeoqpY6pp+pq7aff2t2EOHNvMsm0++CcUXGp2VskhkuYcxglk3jdx2xnrQBbowDWdYa5pmo2cF1bXsDRzqGTMgB57Yz1qTUdY07SI0k1G+gtUkO1DM4UMfQZoAu45zSEBgQQCDwQaw/wDhNfDH/Qe0/wD7/rWpZX9pqVqt1Y3MVxAxIEkTblOOvNAE8caQxrHEipGoAVVGAB6AU6qi6jbtqr6cHP2lIRMVxxtJwOfqKt0AJgegpcA1mN4i0aO1+1S6paRQeY0O+WUIN46rz346VDb+LdAvLqO2tdVt7iaRtqrCd+T9RwKANkgHqKKKp2Gp2uotdi2csbW4a2lyMYdQCR/48KALlFFFABRRRQAVXf75qxVd/vmqjuJjaKKKskKkh6n6VHUkPU/SlLYaJqKKKzKON8S6bO+px3NzLb39tuDRWN3eC2iQjHJAVvMOfXpxXN28r3uv22lSeTHexbmGp2uqh5LZCfljb92BJz0U5rp/FGg32qeIdOuoNM0y+t4beVJF1DlFZiuMDBOeD2rD1fwdqk8dp9l8N+HLd472CVpbEBJQquC2CVXjA6ZoA7TUorlNIgjOnRa1cIVDrKUjDHBy/IIHPb3rgvDT3a6TqGqHwdZ3MFzdz3AczwjYgO3aAV6DYfrXoGs/2yYFTR47JmYMHN1I67eOCNoOe9c1ZaT4vsfDC6LHBom0W7Q+Z58uSSDlsbOuSTQBoX8ltP8ADfULu1s47SO502SbykUDGYz1wBk1yepRXs2sXMH2m2UeeJ3tLhX23CJCGXLLzgAE7cckH0rqYtM1w+CL7R7yGyMwsDbWwtpWO8+WV+YsBjnFQXPhe+hu4rqzSK7m89bh5Ly7ZGVlUqEUKhGzaxFAEPhpNQPiQ3RvLGKK9gF3La2iu6SKRgSZbGxs49cjP1rSufE2rwXUsUfhLUpkRiqypJHhx6jJqt4X0PWdI1S4kurXTltZUSNPJuXd4o0X5UAKDI3Enr3rsKAOT/4SzWv+hM1T/v7F/wDFUzxldzR6ZA0mux6LBMhDB4izu/XbuU/KPXHPuK6+sDxRb6lfWDWVjYxzrIuTKbswtEwIKlflPQgGgDzH+3rG5B0ZdU8P2kFiEltruG3nVw5zkqd2c8c5655zXqnhmaW50dJn1VNUjZj5VysPlll6fMO5688VyM2ieLLi41CR9PtV+3QQQSNHfbX2pndz5fG4EjjpXaaat4+lmC6tE091Xy41gn83auMAglRz+FAGnSN901m6JHqsFrJBq0kM7xuVinj4Mqdiy4wG9cVp0AeGTJFJ4kuprZppJo5TcnYJZdpz1aQAFt23hF4OMbsVr6XeofEMU95eTwagshuRBcWztaFWIBZBgFG5xk9CT1zWr4m8Karqviu8urXToHjlhgjiuJ2iKLtLFsqys3cdAOlTaF4T1XQvFkd8ba0e1aI27NZhEJBIOXUqvGQPukmgCl8U7rRYvs8VzeXcd9M0ceYZ5BHboWz5rqpwcYJGepHtTr7UNQk1vwje6ZY+dILO5ZYLiX55YgE53DjcRg8+tdZ4k0Z9Qk0x7a1jdo9RgmuGO0ExruznPXGenvVeTw8bXxXodxp9pHFp1nDcq4QgBGfaRgdeSD0oA2tK1KPVrBLqOKaHJKtHOhR0YcEEGr1QXkElxaSwxTvbyOpCyoASh9Rniq2jf2mNPVNX8g3aMymSE/LIoOA2P4SRzjnFAF2QOY28sqJMHaWGQD2zXkNg0tomrNqN94Umv47qUzHULctLIwHbLjA7AYr2GuIWHXtGv9RS38MQapBcXT3Ec4vI4yA2PlIYZyKAG6VHaSa74XvoLC0tZbrS5Z5RbRBASwiOOO2ScZqtq5n1L4ki2v4ZYtKg0+dYmRiHdiqF3XbyMBtoI5zmo7HRdcl1q0uBodxppSVTLdz6v9pIhB3NEijoGIHtxXSatYak/iex1GwghkEFpNHmWTau9imAcZPQHoDQB59/Z/hk+MPLM+vm2Ww3A+bc7w5kwffGAPau08Sw2UOjaXBslmWFg8Cz20t0h2rj94qkEnDcbj1+lNFl4t/4SQ6v9k0bJtBa+X9rk/v7s58utu+0hdd0hLfVk8ub7x+zTuAj4IyGG0nr3oA8qAgsbnEtnYrp8Nq486XQp9q7mJIOXz0754HFei+CnsxpHkW0Co8QVXkSye3Djnb98ktx3ya5rVfAs66KdMg017+5njaM3xv5I0jycAsjOdxxycDFdzpGj2+i6aLWzVlyNxLSM+WwBn5iSBwOKANKiuZ8NWuswXTnURdKnkKJTcTrIJJ88tGFJ2pjscdRx1rpqAKN5pOnXbPNcafazSlcb5IVY9PUiuY8BaNpcvhCylk02zeTL/O0Ck/fPfFal8PFrXUwsho32UkiPzjJvx744zWTomk+M9D0mHT4X0ORIt2Gcy5OST6e9ADfiJNfvFptjbwH7E93C13KTgEeYoWMfUkE+wrF1TQ7q01/TLu8s31DU9Skme5gguDEoVVGxAcjhQB9Tmu08Raff6lotpDHGj3S3NvLKEbC/K6lyM9uDUPiHQJdZ1vR5N1wltb+aZZIJzE65UAcgg/lQAiWyWXg+8Y2y6SdrSyLcn7Use3uQWw3C9M157oNwk3hTSLu61Q/abdnWGIiG3EIPJ4mJVzz94DIBxXqiaDZjS/7Ola5uLcuHP2i4eRiQQQCxOSMjp0rkLfw54ittGsxtVja+WPsKThfMXexkBP3ckFQOegoAZ4FuTF4ku7OG7M8U8LXMrPLBIxk3Afei7Y4AP4Vam0eeHWtQtrex8OzyyFr0i7hd5drMRknGOoIxV7w5pWuWt3DPcf6PaRgwi0llV3EYUbWLKMFtwP4GoU0jxN/a99rqNai4uD9nFjM52C3X7mHUHDZLN0x81AGDpaxeJbHT3MPhC3ado5hDASs6kENgY5zxXS+K5fK8S+F2EDTuJ7lliXGXxbvwM8Vl+H9E1TRNPsYP+EO0Z7m2RVN0tyiuSP4s+XnP41taxpurXfiSy1G1t7VlsLeQwefKVBmkIVs4BIAQN26kUAYdx4mvYPFMbS+Gr+OEWTEws0IGd4+b72Pb8a7BY5NV0dVZLrS3k5KoyrJHz6jIrm73SPFOoak1zdWOhSxPaNavC1xKQysQSfue1a1vHrul+FYreC0t7nUY8RxqbklAucBmdgCcDrxmgDnrHw9NP461VBrmq7be0gTzRONxLFiVJx0HH51teGzdwaz4gsZb65vI7WWFYTcPlhuiDEZx6mi10/U/DWkSTWdn/bWrXU/m3jGZYN5I6gtxgYAA9Km8N2OpwvqupanBFb3eoTrKLdJd4jVY1RQWxgn5c8etAHPnUCItTvpoH0a8XUUtp47RVvPPkKKVYBlABw2OB261V8MXOo218LO61HVLVry/laJZtPRUlzluWxwSFPFW5/CniKWG4aWa0uDe3Au5olne3aCVcBfLkVSSNoUcgdKdYeHNeg1Wzu57cz/AGeTevn6zJKEJBUkKY+TgmgC54guoP8AhLre0vtbl020Nk0g23IhDPvx1PXiuU0h9IhsvE8q+KZoZkv7hoNt+B5uI12t/tZPGe+K9ZltoJiGlgjkI4BdAcVz3hvw/wDYZdbN5YwKLnU5Z4MqrZjKoAeOnIPFAGl4cnluvDOl3E7mSWS0id3PViVBJrUqpqDy22l3D2oRZY4mMYZSVBA44HP5Uumvcy6XaSXqKl00KNMq9A5UbgPxzQBaooooAKrv981Yqu/3zVR3ExtFFFWSFSQ9T9KjqSHqfpSlsNE1FFFZlBRWRca9Da6rLp0sE/nCDz4dq588D7wT1I4496zl8YSS6k9hBoGpvcJGJWVlRMKSQDy3qD+VAHUUVG0yxwGaYiNFXc5Y4Cjvk1zVh42t7vUkjktZLfT7lzHY30hwlww6gDtk/dz97FAHU0VV1G9On2Et0Lea4EYyY4F3OR3wO9YmqeN9H0/Tku47y1mYmNjAbhUkCMR82085AOcUAdLRVC11rS79JHs9RtLgRLuk8qdW2D1ODx+Nc3e/EK3sYpJZNNnMaMF3LcQnOTgcb/egDs6KwdM8SpqN4IHt1tww+VmuonLH0AViaNS8VW2mXU0E1hqcnlDLSQ2jOmMZ4YUAb1Fczp/jew1QWz2thqrxXBXy5jZsEIPQ59PetTVdYi0prNHjaWW7uFt4kTqSeSfoACaANKiuUg+IXh9r7ULa51G2tjaTmAGSUfvCByQOwByPwrYl17Tk0CbW47hJrCKJ5fNjOQwXOcfiCKANOiueXxZZvq+nWQMQS8tXuDI0wBjxt+Uj1+b17VrTX0aWU1zbj7X5Sk+XAwZmPoOetAFuiuan8badBp63wtdRlg8syM8dqxCbSQwb0IIORVzRtdl1l2P9k31pBsDxzXCqFkB9ACTQBs0Vyd/40n0+O6ml8N6o1vbFt8y+WVwO/wB7NWbLxPd3d3bwP4c1O3WY4Esvl7QPU4bOKAOjorn9V8WWml3lxb+U8zW8O+Tyz0djiOMerseg/GmWfi6K5s5ZX03UFnt2WOeBIC5RyMkAjrjufcUAdHRXO+I/F9h4d0eK+uWVJZwpht5m8tmyQDnrjGeagvfHmi2lzpa/bbVra+EjfaTMAiKnBI9fm4/OgDqaKyz4i0caUuqHUrYWDNtFwZBsJzjGfrWBqHxJ0K11Kytba+srhLhJS8wuQqxFFBUHj+InFAHZ0VzmkeM9L1nSJr21kEktvG0k1tGweRMZ9DznHHrVSP4haYyNJJZ6hDGtt9r3vBwY84BHPcnFAHXUViaf4mtdQ1NdPFrfW9w8TSqLmAoGVSAcE/7wqDxD4utNAt7lnt7qaaFA21IH2H/gYUgUAdFRWBF4v0yaW2hQXXn3EixxxNbujHPVsMB8o7ntW/QAUUUUAFFFFABRRRQAUUUUAFFFFABRRRQAUUUUAFFFFABRRRQAUUUUAFV3++asVXf75qo7iY2iiirJDNSQn5jUdPj6mk9homzRmm0VFhnH+Ibq5tdRu4r1lu7D+z57tYAvlMpjwQodTnmuQ8iKCWTxA9lpzWstpEBaprUplXknPTJPzYx7V6Bf+F47++nvnvrhLp18uNhgrHGRgpsPysDyTkVmjwMVIIu7LI6H+zIf8KLAO8XaZp50m0F62pSWClLdLG0cHzHbhS24/Nj0Jx9ayL63WfTZLe+0/wAWS2IT54pFg27R7buPwrrtV0e41LS7W1N6UnhmjlNwEGSVOcgdAajuNE1Ge2lhPiC7IkQrgwxY5GP7lFgKa6YkXhFZbXWtQtoo1F3DPM+9ok25CsP4lA7En61h+L/NutEkmXwzBcrIIX/tAmJGfJU52n5hnpg11tzopufD0GktNiNUjjlIH30XGR7Zxiq2o+Hr7Uklhk12dbZ23CIW8eFAOQM4zxxRYCfRLcPBOLjw7b6XvAUopjcSrjnOzt7GvKNbs5Dpt559vEji6IUbCmFEvHAgx0x/F/hXrtnYajbrL5+rvdFkwgkgRQh9flxmsK88DpexPHJJYruYMWSzw2Qc9d1FgMvwdaH/AISyQvaxG2Sz3o3l52y7xyGMSEHHpmu81PnSbwesD/8AoJrH03w42nXqXET2S44byrTYxHpndxU9zol1ctNnXL9I5S37tVjwAewyucUWAg8BDZ4C0NfSzjH6VleItJ1C88baZcnUDBCY5re1EQyYy0RLuc/xZAA+latn4Zm0+0htLXXdQjghUIiARkADt92tK6sDcX+n3O8AWruxBHLZUr/WiwHG3Fm+heIo7PStTsdNii06NM3ke/zMO3+0Oc5JPvW/renTax4dtVYrqCo0c00EBVEvMEHbljgLnnGecYq++kRS61JfzJFIrQLEEdM4wSc8/WpL6zuZ7eOKxvjY7D1jiV8j0welFgPO7qxX/hMdO/4oG0QfZZv9FBt8Scp83px78812dtpiT6BNBHp//COuzbsWjRgqRyGynB6dD2qB/DOpyahFfN4inNxEjRo32WPhWxkYx7Crw0rUH028tbjWJJ2nTYshhVDHng4x1osByOuTnUtEFvHfavfXt7YMUWxj2xP/AA7ip5AJrW8JFFuEtXn1tLq1tUZ7e9wFIPy5A78qcVoXHh24+32k+n6ibFLe1+zAJErkjIx97jtU2maNd2Ws3F/d6ibxpYEhBaJUKhWY/wAPH8VFgOS165MVlr1zb6VrMMN9aMJontQE83GBJndxxwfXitWwuTNr8Oo3Glaw7LEsFsHtQEgBA3Nnd1Pr6cV02rWR1LSbqyDBDPEUDEZxmrUa7IkT+6AKLAeb+JUbVdb1W1mtkt7e3SCWJJCii5fzl3SEMQpO2MqNx6D3rC0azntNH1e9029+wSLCpQ23kBnKyyZyqluMOvJ+g4FemX+hS3uqTXaXfkLLAkDbYwzYVmJxngZ3de1VZPCMMOnS2GnXDW9tMVEiSDzMKOTtJ5BJx3xx0osBV1P7fZ+I9C+yW/8AaVwllOjedMIiwzHlicEZ/DvWb4StZ7KOz1P+zhIby4uLa7Abe0H+kSFSvbbknP511Op6NNfajZ3UF/LaG3jdC0SqWbdt/vAjHy0Q6Td6fpEdlpt8EdZHdpZ4w5bcxY8DA6saLAZvhmzjbwbc28szW6ST3JMqttKZkb5ge2K4/UtV1G51zw3NZQJf3OnrdM06R7IrwBRkJnvtHXpk8V6HD4eszosOm3o+1xo3mPvGA7ZJJIHbJ6dKYmiTPr1vqFxcxtFaLIttDHFt2hwAcnPPAosBU0TzLjw3eahNfJdS3kbSMsfEcPy48tR14755Jrz/AEnRrma0uLRYpoJrjQk8v7Xe+Yr4kByDk7BgdK9TGg6est46RNGLxNs6xyMqv74B4b3HNYU3gLT1u1NikdtbGEQyKAWcruy2GJyMjj6UWAl02W/1bxXa6hcWtrbxW9i6gRXYmLCUoVONowMIa5bxZfz3cs+lWR1UtcB2LXtylvDtDYO0Ngtg9BkV6FNpa/2pZ31sywtChhkUDiSI9F/AgEfjVTVdBl1HWYL6K8Fv5UDREeUrk5YH+LjtRYDjNBtY2122W6u9UOpXUZja8F9BJkIM42pnaPYV6a00UHlpLMis3yrvYAsfb1NYMHh2eLVrO9k1ATLb7/kNuiZyMdVAqXV9DfUrlpUkiAkhELeam4xjJO5PQ8/oPSiwG7mjNMHCgelLRYB2aM02iiwDs0ZptFFgHZozTaKLAOzRmm0UWAdmjNNoosA7NGabRRYB2aM02iiwDs0ZptFFgHZozTaKLAOzVdz85qaoW+8acdwY3NFLRVkiU9OtNpV60MZJmjNNzRmpsFx2aM03NGaLBcdmjNNzRmiwXHZozTc0ZosFx2aM03NGaLBcdmjNNzRmiwXHZozTc0ZosFx2aM03NGaLBcdmjNNzRmiwXHZozTc0ZosFx2aM03NGaLBcdmjNNzRmiwXHZozTc0ZosFx2aM03NGaLBcdmjNNzRmiwXHZozTc0ZosFx2aM03NGaLBcdmjNNzRmiwXHZozTc0ZosFx2aM03NGaLBcdmjNNzRmiwXHZozTc0ZosFx2aM03NGaLBcdmjNNzRmiwXHZozTc0ZosFx2aM03NGaLBcdmjNNzRmiwXHZqI/eNPzTD1poBKKWimIKBRRQAtFJRQAtFJRQAtFJRQAtFJRQAtFJRQAtFJRQAtFJRQAtFJRQAtFJRQAtFJRQAtFJRQAtFJRQAtFJRQAtFJRQAtFJRQAtFJRQAtFJRQAtFJRQAtFJRQAtFJRQAtFJRQAtFJRQAtFJRQAtFJRQAtFJRQAtFJRQAtFJRQAtJRRQAUUUUAFFFFABQAWOAM0qKXPt3qwFCjAqXKw0iIQk9T+VO8lfU1JRU3Y7Efkr70eSvvUlFF2OxH5K+9Hkr71JRRdhYj8lfejyV96koouwsR+SvvR5K+9PLAdTTQxJxjHpRdhYYY1x8vP400RLlTkknqKcPlbjof4jS8ZwTwOmO9F2FhfJX3o8lfelQ4+U9e1PouwsR+SvvR5K+9SUUXYWI/JX3o8lfepKKLsLEfkr70eSvvUlFF2FiPyV96PJX3qSii7CxH5K+9Hkr71JRRdhYj8lfejyV96koouwsR+SvvR5K+9SUUXYWI/JX3o8lfepKQsB1NF2Fhnkr700xpjjJP1qQPk4xjPQ1H91sjn1J7UXYWG+WODk5z0qTyV96TgHBPHqO9OQ44PTtRdhYTyV96PJX3qSii7CxH5K+9Hkr71JRRdhYj8lfejyV96koouwsR+SvvR5K+9SUUXYWI/JX3o8lfepKKLsLEfkr70eSvvUlFF2FiPyV96PJX3qSms6oMsQB6mi7EN8lfek8lfU1A+pQKcAs30FC6nAxwQy+5FVyz7CuiVomHQ5qPPODU6yo4BVgQfSmviTHGPQ0KXcdiLPpzTMnqTyD0pDlHOeSOtLxnrwepFUIkoqL5h90cUUCJaPainRjMgoYyZF2qBTqKKyKCiqOo3FzaxNNEbcRIuWMpOfwxWVaand+Tve6sMyHftkkOVz24p26hc6OiqdpNO8LS3DW5jxlWhJIx+NRaZcG5hlu3k+SWQ+WpPAUcf0pWA0aKz9InaWy3SSbm8xxkntuOKff3v2ZBHEN9xJ8saD19fpRYC4SAMmkbd/DiqMVyUe3spHMs7Jl3x09zTru4a0iysQk+YA7n2/TmgC0ANxU9GpCfl/2lPHvWJcXV99tjiNsY90bYQSj25z7VasJ7uWN4pVVZYxjzNwP0yKdhXNJweOOvFADHGcDHesK11G6lnQG7jkOxndBFjGO2c1ajur4RWk0ksLJMygqIyCM++aLBc1goXpS1n3M0q3q+VMFCJmVHHy7T3B9RVSOS5nk2Q63A7HoohUn+dFh3Nuisn7ZcDRPPaTMwbaXAA/ix9KrDUJv9IBu3VUCENsRzkkjGB+FFhXN+isfS7i7nmxcXDlgpJiaALxnA5pL28kTUnh/tFLRFRWAaMNknOev0osFzZornpL+WMxmPWIpyZFXyxEASCcGrer3ckTRwxyrCW+cu2ecfw8etFgua1Fc5Jq08xRBdQRsuJCQjAE/3evNaVpetNYyzyzRsEX5vKUgocZPUnNDTHc0aKxWuLhbeJZNThgYjKuyAmRT0JB6Glhmu0u7TdfpcwTlh8sQXoD3osK5s0Vh3+pyRXKwpe20atJtJ25ZBjqcnFR/2pi4uBHfxMUVChcja/ByPajlYXOgpCcDNRQ3CTQpIhDbhn5TkfnT9xYcDHrmkMcc4+Uim9G56NSKoUlT+BoYBTjoD09jQAhwFKk8joaVslVOOvBFAxxt5I704L3JyaAGhW2gYAx3p4UD6+tLRQAUUUUAFFFFABRRRQAUUUUAFFFFABRRRQAyWRYoy7HgViXFy87kk/L2FXNUkOEjHfk1m5xXVRgkuZmFSTvYKO3FWoIFXa83GSMLT57VGldYSN69V9fpVuqr2EoOxUimeFw6HHtWxBOs0We3p6GsQjBwauac+Jig53DP41FWCauaRZoTqTEHxyOtRKCVxgVb25B3HOe1Vl9KwiUw2DvyaKdRVCCnR/60fSm0Kdrg0PYZaooorIoxPEVs0li8zSsI4wCIwOrZ6n1p3n3P9+4/8BK07q2S8t2gkLBGxnaeeuaWe3W4UKzyKAc/u3K/yp3FYz9Ot1uvD8MLswVhzjgkbulN06xtZ9NjEsCPseQLkdBvNacEEdtAkMQ2ogwBnNJb26W0PlJnbknn3JP9aLhYydFsLU2olMCGRZXw2ORhjipboxWN006lprybiNCc4H9BV+1tUtIfKjJK7i3Puc1HPptpczCaaEPIBjcSelF9QM0ONOeOWaSOQzN+/cHlSemPYVfv5reOAJKpl8wbRGoyXpP7HsCrA2sZz3281bihSGJI1HCDAycmi4HOvZ3k15AjP5UiwMYBuyVwR949+taenT20dq8QUxSxgtMr/ez3JPf61Zh0+CC4a4Xe0hBGXctgdcDNWNili20ZIwTjtQ2FjmrO5jMtqr3G9GjdcKn3c+9T28QAsS91ctAX/dh1UDI6Z789q1riwhucB9wAUrhDjIPX+VPmtYp4BCy4QYxt4xjpim2FiheI0l3eIgyzWuAB35NNjeae6ss2c8QhzuZwMfdx2NaYt0FyZwTvKhDzxim3NpHdIFkaQAf3HK/ypXCxklgug7mk2L5hByAQctjnNVI4wLefzHKKsoUN5ShX2tkAY5J4/Wt7+z7b7PHb7P3UZyFJzn6+tRLo9qgxG00a53bUlYAH86d0BV0vctyFmRopNjEKw6gtuyD+NItwDPd3SzxxCSRYoWkHB2jn9Sa0IbGOGQSCSdiBj55WYfkTUxhiMflmNSn93HFK4GUovIJXvBBG6tgSJE2d4HRl9/anazg2cNwoZJC6rnJUhSeQcc1dgsLe1lMkCmPIwVDHb+XSn3VpHdxiOXdtDBvlODke9F9QOdy2P9a3/f2b/CtKFEXw/KyuJGaJi78/McYzzzVr+yrT0l/7/v8A41JHYxRWJtFLeUVK8nnBp3CxnxPJbyQTC1mmRrZF/dgHB/E1FaxyRf2WkqFH82Y7W6jO41txxiKJI1ztRQoz7VXj023juRcDzGkGdpdyQM+gNK4WM/U/tjXtoFEMa+d+7cksfunkioDPJJqht7eeN5JYgskwGApUnOPfBrYfT4JLkTvvZgcgM5KjjHTpSTabbTQJCEMYQ5QxHaVPtTuFh0EiTWySxMWAGASOTjj+lSY6EnIbrSwwpBCkUYwiDAFKIxk55HapGI/ygAElh0p+MkH0paKACiiigAooooAKKKKACiiigAooooAKKKKACiiigAooooAydTBE6nsVqiRWxqEBlh3KMsnP4Vj12UXeJzzVpDkYtLGWJPIHNS3hKXcm1iCDwc+1QL8rhuuDmnzSebKz4xntVcvvFLYZ15PWrNgM3aY7VWrT0yAqDKw68Ciq7RZcUaNUx1P1q07bUJqqvSuSA2OoooqhBQelFFAE0T7hg9RUlVOQcipkmDcNwahopMloooqRhRRRQAUUUUAFFFFABRRRQAUUUUAFFFFABRRRQAUUUUAFFFFABRRRQAUUUUAFFFFABRRRQAUUUUAFFFFABRRRQAUUUUAFFFFABRRRQAUUUUAFFFFABRRRQAHpWddafuJeHgnqtaNFVGTi7oTSZzzxSRn50YfUUixu5wqk/QV0VFbfWH2J5DLttOYkNNwP7vrWmAFAAGAKCQBk1BJNu+VPzrJylN6laISZ9x2DoOtNHSkUYp1UlYkKKKKACiiigApCM0tFACAuv3WIp3myeo/KkoosAvnSe35UedJ7flSUUWQC+dJ7flR50nt+VJRRZAL50nt+VHnSe35UlFFkAvnSe35UedJ7flSUUWQC+dJ7flR50nt+VJRRZAL50nt+VHnSe35UlFFkAvnSe35UedJ7flSUUWQC+dJ7flR50nt+VJRRZAL50nt+VHnSe35UlFFkAvnSe35UedJ7flSUUWQC+dJ7flR50nt+VJRRZAL50nt+VHnSe35UlFFkAvnSe35UedJ7flSUUWQC+dJ7flR50nt+VJRRZAL50nt+VHnSe35UlFFkAvnSe35UedJ7flSUUWQC+dJ7flR50nt+VJRRZAL50nt+VHnSe35UlFFkAvnSe35UedJ7flSUUWQC+dJ7flR50nt+VJRRZAL50nt+VHnSe35UlFFkAvnSe35UedJ7flSUUWQC+dJ7flR50nt+VJRRZAL50nt+VIZZD3A+gooosgGnc33iTSgYpaKACiiigAooooA//9kNCmVuZHN0cmVhbQ1lbmRvYmoNOTIgMCBvYmoNPDwvQml0c1BlckNvbXBvbmVudCA4IC9Db2xvclNwYWNlIC9EZXZpY2VSR0IgL0ZpbHRlciAvRENURGVjb2RlIC9IZWlnaHQgMTU5IC9MZW5ndGggNDY0NCAvU3VidHlwZSAvSW1hZ2UgL1R5cGUgL1hPYmplY3QgL1dpZHRoIDE1Mz4+DQpzdHJlYW0NCv/Y/+AAEEpGSUYAAQEAAAEAAQAA/9sAQwAIBgYHBgUIBwcHCQkICgwUDQwLCwwZEhMPFB0aHx4dGhwcICQuJyAiLCMcHCg3KSwwMTQ0NB8nOT04MjwuMzQy/9sAQwEJCQkMCwwYDQ0YMiEcITIyMjIyMjIyMjIyMjIyMjIyMjIyMjIyMjIyMjIyMjIyMjIyMjIyMjIyMjIyMjIyMjIy/8AAEQgAnwCZAwEiAAIRAQMRAf/EAB8AAAEFAQEBAQEBAAAAAAAAAAABAgMEBQYHCAkKC//EALUQAAIBAwMCBAMFBQQEAAABfQECAwAEEQUSITFBBhNRYQcicRQygZGhCCNCscEVUtHwJDNicoIJChYXGBkaJSYnKCkqNDU2Nzg5OkNERUZHSElKU1RVVldYWVpjZGVmZ2hpanN0dXZ3eHl6g4SFhoeIiYqSk5SVlpeYmZqio6Slpqeoqaqys7S1tre4ubrCw8TFxsfIycrS09TV1tfY2drh4uPk5ebn6Onq8fLz9PX29/j5+v/EAB8BAAMBAQEBAQEBAQEAAAAAAAABAgMEBQYHCAkKC//EALURAAIBAgQEAwQHBQQEAAECdwABAgMRBAUhMQYSQVEHYXETIjKBCBRCkaGxwQkjM1LwFWJy0QoWJDThJfEXGBkaJicoKSo1Njc4OTpDREVGR0hJSlNUVVZXWFlaY2RlZmdoaWpzdHV2d3h5eoKDhIWGh4iJipKTlJWWl5iZmqKjpKWmp6ipqrKztLW2t7i5usLDxMXGx8jJytLT1NXW19jZ2uLj5OXm5+jp6vLz9PX29/j5+v/aAAwDAQACEQMRAD8A9/pq/eb6/wBBTqav3m+v9BQA6iiigAooooAKZLLHDG0ksixooyzMcAD1JrmfHPjrTPAujm8viZZ5Mrb2yH5pW/oPU18reL/iF4h8Z3bPqN2y23/LO1iO2NB9O59zzQB9Lav8Y/A+kMyPrCXUi/w2iGXP4j5f1rmJv2jvCyORFperSL/eKRrn/wAfr570jwvruvsBpWlXd3k43RREqPq3QfjXYW3wL8eXCBn02CDIziW6jz+hNAHqsH7RvhWRws2m6tEP73lxt/7PXV6N8XPBOtukcGtRQStwEugYjn0y3H618+3XwM8e2yFl0uKcAZ/dXUefyJFcZqvh7WNCk2appt1ZtnA86IqD9D0NAH3Wrq6hlIIIyCD1pa+NfBXxN8QeC7lBb3DXVhkeZZzsShH+z/dPuP1r6q8IeL9M8Z6LHqWmycH5ZYm+/E391h/nNAHQUUUUAFFFFABRRRQAU1fvN9f6CnU1fvN9f6CgB1FFFABUVzcR2lrLczMFiiQu7HsAMk1LXAfGfVZNK+GGqNCxWS42W4I9GYbv/Hc0AfM/jzxbc+M/Fd1qczMId2y2iJ4jjB4H9T7mvTvhL8HoNVs4fEPiSEvbv81tZtwJB2d/b0HevJfCOjjxB4v0rSnzsublEfH93OW/TNfb8EMdvBHDEgSONQqqowABwBQA22tYLS3jt7eGOGGNQqRxqFVQOwAqaiigAqte2FnqVnJaXttFcW8ow8UqBlYe4NWaKAPmX4ufCRPDUb69oKMdMLfv7fr9nJ6EH+7n8q5L4XeNJvBvi63maRv7PuWEN3HngqTw2PVSc/n619e6lp9vqum3NhdoHt7iNopFPcEYNfDGr6e+k61e6e/37Wd4ifXaxGf0oA+8FYOgZTkEZBpa5X4a6q+s/DrRLyVt0ptljcnuyfKT+ldVQAUUUUAFFFFABTV+831/oKdTV+831/oKAHUUUUAFeV/tBbv+Fa8dPtkWfyavVK+cf2i/EU0utWHh6OUi3gi+0yoOjO2QM/QD9aAOH+EDKPiroBbGPOfr6+W2P1r7Gr5X+BHhKTXPGI1h3KWukkSHH8chBCr/ADJ+nvX1RQAUUUUAFFFFABXxN8QmVviH4gKfd+3S/wDoVfbNfInxk8JS+GPHNxOG32ups11Cx6gk/Mp+hP5EUAe8/BLP/CqtKz/el/8AQ2r0KvBf2c/EU80Wp+HpnLRQgXMAP8OThh9M7T+Jr3qgAooooAKKKKACmr95vr/QU6mr95vr/QUAOooooAK+Ufj9bSQ/E2WVs7Z7WJk+gG3+Yr6urxb9obwo2oaDa+IrdSZbA+XOAOsTHr+B/nQBV/ZsvYToutWGR563CTEeqlcfzU/nXudfF/w38aSeCPFkGoEsbOQeTdxgZ3Rk9R7ggH8PevsixvrfUrKG8tJVmt5kDxyKchgehoAsUUUUAFFFFABXzx+0pdwvqGg2ikGaOKWR/UKxUD/0E17zq+rWeh6Vc6lfzCK2t0Lux/kPc9K+MPGnii48YeKr3V58qsrbYYyf9XGOFH5dfcmgD0X9nCGR/GOqTjPlpY7W+pdcfyNfTFeUfAfwq2heDm1O5iKXeqMJMMMERD7n55J/EV6vQAUUUUAFFFFABTV+831/oKdTV+831/oKAHUUUUAFQ3VrBe2k1rcxrJBMhjkRhkMpGCKmooA+NPiX4Gl8C+J2tFLSWNwDLayHqUz90+46fke9ep/s6eJ/NtdQ8N3E7F4sXFsjNnCnhwPxwfxNdV8cPCL+JPBhvbVN15phM6qBkvHj5wPwwfwr5p8KeIrvwp4ls9Ysz+8gf5kPR0PDKfqM0AfclFZXh3xBp/ifRLfVNNmEkEy5x3Ru6kdiK1aACiisDxh4ssPB3h+41O+flRiKIfelfso/z0oA8S/aJ8T+fq9j4ct5W8u3Tz7lQeC7fdB+gBP/AAKuQ+Evw/PjbxEZboEaVYlXuMHmQn7qD64OfauL1nV7zxBrl1qd45kubqUu2PU9APYdBX1n8JPCR8JeCLeGdCt9dn7RcAjlSQML+AwPrmgDuY40ijWONQqKAqqBwAO1PoooAKKKKACiiigApq/eb6/0FOpq/eb6/wBBQA6iiigAooqOaeK2heaeRI4kGWd2wFHqTQA9lDKQRkGvl34v/C2bw3fza5pEDPo87bpFQf8AHsxPT/dPY/hXoPjb496To/m2Xh2NdSvFyvnk4gQ/zf8ADA965nwZ8d7m91U2HjFLVrC5+QTpFgRk8YYcgrQB5f4O8d634I1A3GlzgxOR51tJzHKPcdj7jmvcNI/aN0CeEDVtLvrSbuYAsqfmSD+lReKPgNo2vr/afhW+js2m+cRE74Hz3Ujlf1H0rzS/+B3juzlKR6ZFdpnh4LhMH8GIP6UAela3+0do8MRXRNJu7mbs9ziJB+RJP6V4b4p8Yaz4x1Q32r3RkYZEUS8RxA9lHb+Zrq9O+BXjm+kAnsILJO73Fwh/RSxr07wz8FPDvhGL+2PE97FeyW/7w+aNlvHjuQfvfjx7UAcr8GPhZNf3sHifW4ClnCQ9pA45mbs5H90dR6n26/SAGK+dPE37QOow600Hhm3tP7MgO1XniJabHfqNq+neu98F/G3w94l8u11F10rUGAGyZv3Tn/Zf+hx+NAHp9FIrq4BUgg9CKWgAooooAKKKKACmr95vr/QU6mr95vr/AEFADqQkAZJwK5/xf4z0jwVpJv8AVJsE8RQJy8reij+vavmfxr8YvEXi0y20Mp07TGPFvA2GYf7b9T9Bge1AHuHjT4z+HfCwmtbVxqWpLx5MDfIh/wBp+g+gya+ePGHxG8ReNJm/tG6KWecpZw/LEvpx/Efc5rG0Pw7q/iS/FnpFjNdznqEHC+7E8Ae5r3nwX+z/AGVlsvPFMwvJ+CLSEkRL/vHq36D60AeK+FfAniDxlc+XpFi7xKcPcSfLEn1b+gyan8ZfD3XvBF3s1G38y1Y4ju4QTE/tnsfY19mWlnbWNslvawRwQoMLHEoVVHsBS3NpbXsDwXUEc8LjDRyKGVh7g0AfF3hn4g+J/CJVdJ1SVLcHJtpPniPr8p6fhg16La/tJa0kYF3oVhK/dondM/gc13uv/ALwlqzyTWJudLmbkCBt0YP+63b2BFcTcfs1akrn7N4itHTsZLdkP6E0AVr39pHXZY2Wz0WwgY9Gkd5MfhkV5t4k8ceI/Fj/APE41OaeMNuWEYWNT7KMD8etepW37NWoFx9q8RWqLnnyrdnP6kV3fh/4E+EdFkjnuYp9TnTBzdP8mf8AcGAR7HNAHgHg/wCGviPxqJJdOtlitUB/0m4JSNm/ug45P06VkeIPC+s+F782esWEttJ1UsMq49VYcEfSvuGCCK3hWKGJI40GFRFAAHsKraro+na3YvZalZw3Vu4wUlUEfUeh96APk3wX8WvEng5kgE/2/TlGPslwxIUf7DdV/l7V9E+Dfin4b8ZIkVvc/ZdQIy1nOcPnvtPRvw/KvNfGv7PjqHvfCc+4AEmxnbn/AIA5/kfzrxDUNP1HRL8217bT2d1GclZFKMPf/wCvQB93gg9KWvlnwR8c9b8PtDZ61u1TTl+Xc5/fRj1DfxfQ/nX0noOv6b4l0mHUtLuVntpR1HVT3Vh2I9KANOiiigAqpfX1vplhd3104S3t0MkjHsoGTVuvHf2gvEX9m+EoNHicibUZ8uAf+WaAE/qVoA8J8c+L73xr4kn1K5JWLO23hzkRR9h9e5967/4afBN/ENpDrHiGSW3sJMPDbR8PMvqT/CD+Z9q434XeFh4u8dWVjNHvs4s3F0O3lr2/E4H419kpGkaKiKFVRgADAAoAoaNoWl+H7JbPSrGG0gH8ES4yfUnqT7mtGiigAooooAKKKKACiiigAooooAKxPEfhHQ/FdmbbWNPiuAAQkhGHT/dYcituigD5N+JfwjvPBK/2jYyPeaQzbS5Hzwk9A+OMe/8Ak0/hP49n8GeJ4op5W/sm8YR3KHohPAkHuP5Zr6z1PTrbVtNuLC8iElvcRmORD3BGK+I/FGhy+G/E+o6PKSWtZigYjG5eqn8QQaAPuZWV1DKQVIyCO9LXB/B/xA/iH4c6fLO5e4tc2sjE8kpjBP8AwErXeUAFfMH7RF403j20tN2Ut7JTj0LMSf5Cvp+vk749Et8Urof3beEf+O0Adt+zZpgEOuaqV5LR26H6ZZv5rXvdfLnwt+Len+BdGl0q+0ueZJbgzG4hkG7kAY2nHp617Zo3xc8E60i+VrUVvIesV2DEw/E8H8CaAO3oqC2vbW9iEtrcwzxno8ThgfxFT0AFFFFABRRRQAUUUUAFFFFABRRVS91TT9Nj8y+vba2T+9NKqD9TQBbr5h/aH0tLXxzaXyLj7ZaDefVkJGfy2169rfxn8E6MjBdU+3TDpFZoXz/wLhf1rwT4p/Ea1+IN7YPa6dJaJZq6h5JAzSbiOwHGMep60Ad5+zbqL7td0xm+QeXcIvoeVb/2X8q9+r5n/Zydh411JM/K1gSR9HX/ABr6ZoAK898efCbR/Hd79vluJ7PUEQR+dEAQyjpuU9cexFehU1fvN9f6CgD5a134A+LNNd20422qQj7pjfy3/FW4/ImvPNU8N65ospj1PSb20Yf89YWUH6HGDX3VTXjSRSrorKeoYZFAHwXaX15p8vm2d1PbSD+KGQofzFdNZfE7xtYY8jxJfEDtK4kH/jwNfVuqeAvCes7vt3h/T5HbrIsIR/8AvpcH9a5a8+A3ga6JMdrd22f+eNyeP++s0AeP2Px98b2gAmlsbz3mtwD/AOOFa2If2kNfTHn6Lp0nrsZ1/qa6i+/Zu0WTJsNdvoD2E0aSj9NtYk37NV6P9T4lgf8A37Qr/JjQAsf7S12APN8NQH123RH/ALKam/4aYPfwqD/2/f8A2usqT9m/xAP9XrWnN9Q4/pVdv2c/FIPy6lpR+ruP/ZaAN0/tMNjjwsB9b7/7XVeT9pa9I/d+G7df965Y/wDstZS/s5eKSfm1LSgPZ3P/ALLViL9m/Xj/AK3W9PT/AHVc/wBBQA2f9pDxE+fI0fTY/wDf3t/UViX/AMefHV5kQ3dpZg/88LZT/wCh7q6yD9mq5JHn+Jok9fLsy383Fb1j+zf4eiAN9rGo3B/6ZBIh+ob+dAHid78R/GWo5+0eI9QIPURy+WP/AB3Fc1PcXN3MZJ5pZpGPLOxYn8TX1hZ/AvwLakF7C4uSP+e1y3/suK63TPBvhvRgP7P0PT7dh/Gtuu7/AL6IyfzoA+ONI8HeJNecLpmi3tyCcb1iIQfVjwPzr0bQP2evEd84fWLu202HuqnzZPyHH619NqgUAKAAOgFLigDj/Avw40bwHBN9g82e6nAEtzMRuIH8IA4ArsKWigD/2Q0KZW5kc3RyZWFtDWVuZG9iag04NiAwIG9iag08PC9Db250ZW50cyA4NyAwIFIgL01lZGlhQm94IFswIDAgOTYwIDU0MF0gL1BhcmVudCAyIDAgUiAvUmVzb3VyY2VzIDw8L0V4dEdTdGF0ZSA8PC9HUzggOCAwIFI+PiAvRm9udCA8PC9GVDEwIDEwIDAgUiAvRlQxNSAxNSAwIFIgL0ZUMzIgMzIgMCBSIC9GVDM5IDM5IDAgUj4+IC9YT2JqZWN0IDw8L0lNODggODggMCBSIC9JTTkgOSAwIFIgL0lNOTAgOTAgMCBSIC9JTTkxIDkxIDAgUiAvSU05MiA5MiAwIFI+Pj4+IC9UeXBlIC9QYWdlPj4NZW5kb2JqDTg3IDAgb2JqDTw8L0ZpbHRlciAvRmxhdGVEZWNvZGUgL0xlbmd0aCAyNzEwNT4+DQpzdHJlYW0NCnicrL3ZziZHkh14LyDf4b8WoGzfF6DRAFksNjSALkZDYB6AmG5CSI5Qmot+/QnbjluY/1nNqhYKxczvZPgJdw/b3Hz7y5f8kZ7//Rf6o7f08evvX/7yhZA9BPhf/8+X//s/f/y/z3P0v//1r88//8M//1/r41//v/jYv/znL//nl/Q19Y9/+1I+/tvz///j+f//4MfSx3//Z5T7C5fi1/a6v/ZC737+Mge9/h/+63/bHz/9z4+H6yGS1z6F//Llx1++/MPPv+T0UUr++OVf5FXMwn/L5WvO86OX8TWX+vHL71/+cfz8p/ZPv/yPj5zr89DHLz8RMh7kP/35l6euf5yyf81p/RFKaRb3Uh0fPbev6+P3B5W/faO/1fy1tOev9O/+7/oE9yLXDD3+71Sxa5vLH6mg+4y5TXp7Xfnr8/6a69exHr5Bv+xz5tOe3MbXWdtHT/PrLE+rDlAJ+MaE3wGmAeMN/Oag9KZte7xZLkCLfIscnrbtGmjXDrQXsOubFoCjXSPSlkh7ASPQGuBo5w60sweWG9iB1gBPWwLtWIHlAmaJtOWiHT3S5kh7AT3QGuBo+wq0vQWWG1iB1gBPmwNtm4HlAnqOtPmibS3Spkh7AS3QGuBoa9CyVoNSfQIELQPgaaOWlahlF1BTpL21rEQty1GpLqBELSu3luWoZTkq1Q1ELTPA0aaoZSkq1Q1ELUu3lqWgZXUHpboALfItcnjaunukzZH2AoKWAXC0K2hZXUGpPgGClgHwtDnSpq+rbirVn7/1z5FsCPmkGhEjrhdyPxMqePS119fbnxr2edVnxvqg1I1YqYd7pMg9WuQGAqZxtX7EHiLuGblnjtxADtPVkhFb+3DPdnGvi3tFpnm1ZMbWPtwrR+7VIzcQMK2rJSu2lrhX5N4lcgM5TFdLVmztw737xb0v7h2Z9tWSHVv725eSSuAuaYSnDpKBxJZEHuHekTtHST3IYYotiTzMnUfkLlFSDwKmfLUkx9Y+3CXqZSlRUg8CpnK1pNx6WWrUy8e2RO4apfmUuhHPHfWytCipBzlMV0vqrZelRb0sLUrqQcDUrpa0Wy9Lj3pZepTUg4CpXy3pt16WHvWyjCipBzlMV0v6rZdlRL0sI0rqQcA0rpaMT/RyXno5L72clzTPqyXzE72cl16uSy/XJc3zasn8RC/XpZf70st9SfO6WrI+0ct96eW+9HJf0ryvluxbL2uKellTlNSDZCCxJZFHuKNe1hwl9SCHKbYk8jB3jnpZc5TUg4ApXy3Jt17WEvWyliipBwFTuVpSbr2sJeplrVFSD3KYrpaUWy9rjXr5RGkXd5TmU+pGHHeLellblNSDgKldLWm3XtYW9bJekV29or9T6kYcd496Wa/Irl7R3yl1I457RL2sV2RXr+jvlLoRxz0vvbwiu3pFf6fUjXjuSy+vyO4gh+lqyfxEL9ell1dkV6/o75S6Ece9L728Irt6RX+n1I147qiX7Yrs2hX9nVI3crhpCBu5o6S2K/o7pW7Eceeol+2K7NoV/Z1SN+K5o162K7JrV/R3St2I4y5RL9sV2bUr+julbsRx16iX7Yrs2hX9nVI34rhb1Mt2RXbtiv5OqRvx3FEv2xXZtSv6O6VuxHH3qJftiuzaFf2dUjfiuEf+2kp+sPK1zErcQAYjT7nHxn4PKUByQDz3jtxPNBOYbkRLfbt4Xtx7BO72RDNvphuxUt8uHs/dUr2458V9IzVwH8Rx5xS5n2gmMH2CpMgNxHPPyP1EM4HpRvK8uOfNXdrFvS7uG2mRG4jjrjlyP9FMYPoEyZEbiOdekbuVyHQjdV3c6+Zu/eLeF/eN9MgNxHH3qJetRy38DIl6eRDPHfWyjaiFnyA96uVBHPe49HJeenkjI+rlQRz3vPRyXlr4CXLp5fxEL9ell+vSwk+QSy/XJ3q5Lr3clxbeyLr0cn2il/vSy31p4SfIpZf71sueol72FLXwMyTq5UF+46fqWA/21KmwSxse+OaAqQCKXIAWIVdZA+2jd29aAMaCIhdwaNuItCXSlsDSYvXbuGjrDrSPdXvTAjCWGqtf901bAu1jkN+0AMASq1/LRVt6pM2RNgeWEqtf+kWbV6B93N6bFoCx5Fj9vG7aHGifh9+0AMASq5/zRZtapE2RNoppitVPLdLWPd+0FA+9njnANGB+D3C0QcsohHvTrhFZ0veAQ7uCltUZhPAAxrJi9delZXWOSFsibRDTU+QCDu0IWlZHEMIDGMuI1R+XltURtKz2IIQHAEus/ri0rPYeaXOkDWJ6ilzAoW1By2oLQngAY2mx+u3SstqCltUahPAAYInVb5eW1doibYq0UUxrrH69taxELStRy0oU0xKrX24tK1HLctSyHMW0xOqXW8ty1LIUtSxFMc2x+vnWshS1LEUtS1FMU6x+urSs7KBlZQchPMA0YH8PcLRBy8oKQngAsJTvAYd29UibI20Q01PkAg7tDFpWZhDCAxjLjNWfl5aVGbSsjCCEBwBLrP68tKyMFmlTpA1ieopcwKHtQctKDKhKDLlOkQtwtEHLSgyoSgy5TpELOLQtaFmJAVWJIdcpcgGHto5IWyJtFNMaq19vLStRy2JAVWLIdYpcgKONWhYDqhJDrlPkAg5tjloWA6oSQ65T5AIObYpaFgOqEkOuU+QCHG3QshwDqhxDrlPkAkCbd4u0KdIGMT1FLuDQrqBlOQZUOYZcp8gFONqgZTkGVDmGXKfIBRzaGbQsx4Aqx5DrFLmAQztGpC2RNojpKXIBh7YHLcsxoMox5DpFLsDRBi3LMaDKMeQ6RS5Ai/xLWI38BIdpfTwj/dT+wGLkxx6OMj9KaV9bbdxSQxIj35jxe0gDkgLy28HyjNxPtQLTJ8iM3EA8d4rcT2QSmG4kp4s73dypBm5ar/RmuhEr9e3i8dx5j4u7XNw3MgL3QRz32pH7CVQC0yfIjtxAPHeJ3E+0EphuZJWLu9zcs1/c+eK+kR65gTjusSL3aJHpE2RFbiCeO0fuPiPTjYx8ceebu0e9pD8j941EvTyI425RL3OLWvgZEvXyIJ476mWuUQs/QVrUy4M47nrpZbn08kZq1MuDOO5y6WW5tPAT5NLL8ole5ksv86WFnyCXXuZP9DJfepkuLbyRfOll/kQv06WX6dLCT5BLL9Otlzuq5RNg9S6l2tfZPgMWgPw1lwAoaYrA9cS7btur9fQvppAih5oYcGjndwAr8huvWw60K9KuwDJii0e7aGcOtLSx5UVrAFhmrP7MN+0KtLQN50VrwGGJ1Z/rol090u5IuwPLitVf/aLdJdDSFqcXrQFg2bH6u9y0+01Lnvz1DIDDEqu/d6SleORN+wQfb1oDFt4zvgM42lwj7Yy0QUxR5AIcbUmBtgQhBACWEqtf0k0btKzUIIQADkusfrm0jFYhB9oVaYOYosgFONoWtKy0IIQAwNJi9dulZbT2+E3bgxACOCyx+u3SMlp2HGh3pA1iiiIX4GhH0LIyghACAMuI1R+XltFi4zftjFo2o5iOWP1xa9mMWrailq0opjNWf95atqKWrahlK4rpitVft5btqGU7atmOYrpj9fetZTtoWU1BCAEcllj9fWkZrSkOtCvSBjFFkQtwtDloWc1BCAGAJefvAJ42aFktQQgBHJZY/XxpGS0iDrQ70gYxRZELcLQ1aFmtQQgBgKXG6tdLy2jp8Ju2BSEEcFhi9eulZbRq+E3bgxACAEuL1W+XltGC4UA7I20QUxS5AEc7gpbVGFDVGHKhyAV42qhlMaCqMeRCkQtwtDNqWQyoagy5UOQCHO2KWhYDqhpDLhS5AE8btSwGVDWGXChyAY52Ry2LAVWNIReKXMCh5f2hnrbFgKrFkAtFLsDTBi1rMaBqMeRCkQtwtDloWYsBVYshF4pcgKMtNdLOSBvEFEUuwNHWoGUtBlQthlwocgGeNmhZiwFViyEXilyAo20t0q5IG8QURS7A0fagZS0GVC2GXChyAZ42aFmLAVWLIReKXICjpfUPudIze02mFSA/Mk4I8bbvIFroW2TxxDT2j8z7Yr6RHqgP4rhzidyPrAemT5ASuYF47h25H4EPTDeS98W9b+4yIvcj9YHpRsqI3EAcd60X97y4b6RGbiCOu6XI/ch/YPoESZEbiOeekftRgsB0I21e3PPm7u3iXhf3jbTIDcRxjxy5R49MnyA5cgPx3JdWzksrb2REtTyI456XXs5LCz9BLr2cn+jluvRyXVr4CXLp5fpEL9ell/vSwhtZl16uT/RyR70sKWrhjVipbxeP56aEUeSOWvgZEvXyII47R70sOWrhZ0jUy4N47qiXpUQt/ATJUS8P8hs/VQZPGe4qvix54NsBKoD2HcCKkIucgfYZCLxpDQCLFbkAT5sC7TNsedMacFhi9Xu6aFsNtM8g601rAFharH6rF20dkbZE2hJYaqx+HRdt2YH2GcC+aQ0AS4nVL/umLYH2GW6/aQ04LLH6pVy0uUfaHGlzYMmx+rlftGkF2hSEEABYUqx+WjdtftPSct7XMwAOS6x+ypG27hZpU6QNYooiF+BoV9AyWs77pl1BTFHkAjxt0DJazvumnSOyxOqvS8vqDFpGy3nftCOIKYpcgKMdI9KWSBvEFEUuwNH2oGW0nPdN24OYosgFeNqgZbSc903bVmSJ1e+XltXWI22OtEFMUeQCHG0NWkbLed+0NYppjdWvl5bVGrWsRC0rUUxrrH69taxELStRy0oU0xKrX24ty1HLctSyHMU0x+rnW8ty1LIUtSxFMc2x+vnWshS0jJbzvp4BAJYUq58uLSt7RNoSaYOYosgFONoVtIyW875pVxBTFLkATxu0jJbzvmnniiyx+uvSsjJ7pM2RNogpilyAox1By0oMqEoMuVDkAjxt0LISA6oSQy4UuQBH21ukTZE2iCmKXICjbUHLSgyoSgy5UOQCPG3QshIDqhJDLhS5AEdbo5bFgKrEkAtFLsDRlqhlMaAqMeRCkQtwtDlqWQyoSgy5UOQCPG3UshhQlRhyocgFONoUtSwGVCWGXChyAYc276BlOQZUOYZcKHIBnjZoWY4BVY4hF4pcgKNdLdKmSBvEFEUuwNHOoGU5BlQ5hlwocgGeNmhZjgFVjiEXilyAox1By3IMqHIMuVDkAhxtH5G2RNogpihyAVYkrgCmk3zWBxmX/AfPI650AMITqvbZP34/SF+MfOODIb+DaKlvFw83F0z94s4X9430yA3EcbcVuVuLTJ8gK3ID8dw5ctcZmW6k5Ys739y1Xdzp4r6RFrmBOO4yI/cjPoHpE2RGbiCeO0XuPCLTjZR0caebO9fInXZkupFcIzcQx53GxV0u7hsZkRvI4aa49s1Ne93eTJ8hO3AfxHNHvaQNb4HpRnbUy4M47hX1kna9Re4biXp5EMc9o17S1rfA9AkS9fIgnjvqJe1/C0w3MqNeHsRxj6iXtAkuct9I1MuDOO4e9ZJ2wgWmT5Colwfx3FEvaTtcYLqRHvXyII67Rb2kPXGB6UZa1MuDOO4a9bLU/nVsLkdL29vnyDCE3F15IxPM+ULuZ0Idq9Pv51v498thx7FGM9YIpW7ESslhx4GbNiC8uYGAaVztH7GP5LDjwE0bJ97cQA7T1ZIRWyuHHUfudXGvyDSvlszYWjnsOHDTRpU3NxAwraslK7ZWDjsO3LTB5s0N5DBdLVmxtXLYceTeF/eOTPtqyY6tlcOO39y8oen11EEGkNiSyCPcO3LnKKkHOUyxJZFHhmgjcpcoqQcBU75akmNr5bDjyB0l9SBgKldLyq2XdEhx4K5RUg8Cpnq1pN56SYcUB+4WJfUgh+lqSb31kg4pjtxRUg8Cpna1pN16SYcUB+4eJfUgYOpXS/qtl3RIceAeUVIPcpiulvRbL+mQ4sgdJfUgYBpXS8YnejkvvZyXXs5LmufVkvmJXs5LL9ell+uS5nm1ZH6il+vSy33p5b6keV0tWZ/o5b70cl96uS9p3ldL9q2XdEjxm5uWEL+fOsgAElsSeYQ76iWtIw7cOUrzKXUjjjtHvaTFxJE7SvMpdSOOu0S9pBXFgbtEaT6lbsRzR72kZcWBu0ZpPqVuxHHXqJe0tjhyR2k+pW7Ecbeol7TAOHC3KM2n1I147qiX9Yrs6hX9nVI34rh71Mt6RXb1iv5OqRtx3CPqZb0iu3pFf6fUjTjueenlFdnVK/o7pW7Ec196eUV29Yr+Tqkbcdzr0ssrsqtX9HdK3Yjj3pdeXpFdvaK/U+pGPHfUy3ZFdu2K/k6pGzncdEhx5I6S2q7o75S6Ecedo162K7JrV/R3St2I54562a7Irl3R3yl1I467RL1sV2TXrujvlLoRx12jXrYrsmtX9HdK3YjjblEv2xXZtSv6O6VuxHNHvWxXZNeu6O+UuhHH3aNetiuya1f0d0rdiOMe+WtK84Pi51z4IGVDWmZEFp19B9FS3y6eF/fTp5F7Xdw30iI3EMfNW56X536ibkIc0ydIBpID4rlXrPcTdYda3khfsd5AHPfoF/e+uG+kR24gjnuWyD1HZPoEKZEbiOfekfuJugPTjcx9ce+be43I/UTdgelG1ojcQBz3rhf3vLhvpEZuIIeb4uc3N0Xdb6bPkBS4D+K5o15S1B2YbiRFvTyI485RLynqjtw3EvXyII675MhdemT6BMmRG4jnjnpJUXdgupES9fIgjrtGvaSo+209PkOiXh7EcbcSbBVF3YHpE6QEW3UQz70jd6+R6Ubavrj3zd1H5B4pMt1IH5EbCPm0/XX39kHxc5ri0/oL+eaQAmR/F7FSxF0i9+NdAjeQw1S+izju1i/ufHHnyNSulrTYWop9VuSuLXIDAVO9WlJja4k7R+4yIzeQw3S1pMbWUjzYLu50cafIVK6WlNhaimNn5M41cgMBU75akmNriTtF7jQiN5DDdLUkx9bSuKEGbtqV+X7qIGBKV0tSbC2Nd8bFHSX1IAVIbEnkkTFg1Eva+xq4V5TmU+pGPHfUS9quG7hnlOZT6kYc94x6STuMI3eU5lPqRhz3iHpJm6ID94jSfErdiOeOekn7uAN3j9J8St2I4+5RL2nreeSO0nxK3YjjblEvabd84G5Rmk+pG/HcUS9pg3/grpc0t6sl7dbLWi+9LJdelkua69WS+olelksvy6WX5ZLmcrWkfKKX+dLLfOllvqQ5Xy3Jn+hlvvQyXXqZLmnOV0vyJ3qZLr1Ml16mS5rT1ZJ062XZUS/pSJD3UwcpQGJLIo9wR72kU0wC94rSfErdiONeUS/p4JXIHaX5lLoRxz2jXtJZMYF7Rmk+pW7Ec0e9pONtAveI0nxK3YjjHlEvyxXZlSv6O6VuxHH3qJfliuzKFf2dUjfiuFvUy3JFduWK/k6pG/HcUS/LFdmVK/o7pW7Ecdeol+WK7MoV/Z1SN+K4y6WXV2RXrujvlLoRz33p5RXZlSv6O6VuxHHnSy+vyK5c0d8pdSOOO116eUV25Yr+Tqkb8dxRL/MV2eUr+julbuRw85bhN/cV2eUr+julbsRxr6iX+Yrs8hX9nVI34rhn1Mt8RXb5iv5OqRvx3FEv8xXZ5Sv6O6VuxHGPqJf5iuzyFf2dUjfiuHvUy3xFdvmK/k6pG/HcUS/zFdnlK/o7pW7EStFa7sSLs//7P3/5y5cff9Ff/+tfv/zDz7/k/tH7/vjlX76kr6nzP/wX/httann+O74+0evHL79/+ce0fsz/9Mv/eCB65OOXn/4x9T+XB/lPf/7lecUfZ860z+tNPXYN1Kv8FJD9p/33vGxf7Zg/zNiONP4Oat4Z9KZOuf49RLQWJdRxjFDHNv8UkDnj95h/7rFlrcRneuzY+aeFSj8tavODTsjtWPz/RBu9fNCehz50XdQYmw+IeCLmD/yma3Nn/qCoag7+ucvHr1/s9+MM8/j4Br74W/jFriX759/lB12QItdu1K/t+kkbvz5k61xaW36nIhV5KsTLKdNGxXh15WcVO6+11X30z/Ky38/v553rQ/cVtvs3X0ShUXHNCrTxYZWtXztVDr+ewr/Ghr3f/c12WGBDBu8jpKZVOmxWri5X5LFtdX7Ijr9c5Qzougxo2QGPae5ryCnRqRmyX8D8mqkNhLSDzBfydKMhexlSXsAjKlto+phA5gtJqN5oG0jzyCADKDWe8nJC3kD/urTZq2dD2guoX+eSg1EmflcPZAUeq7o3kOmRJ5ZeXLnytdSDrBeilXvauhaA9kIkpUtIb8OQWl5IYwEiZOYKZCtSNPweOTOy+DQMQZoiwsMaSXuIknQ5A80jj4cZLAE0+wtk9BfSnooJsg5iAL+JNqfwd6I9W9mQF/DE3YPltX0dqwPpL4Ty7YOPuektf47weWKVzUeddltJ6ouRx4wy8nQ3m5hHdkX0n1H8SJWRtuwykkL+4kFG406m483InNA5erKGjO4NUZ4tSpafJu/MB+E8ToyRwrpDSN4a8K61GGBaumCpSZEq2vGEpJM7fT2VkWeG6gKdsCWhZXv+TWiHyACdFbe6IGw4aSNh0lKDeWiBcNFHtkSRT3v1if0hq4N7lsoNlgCKM/vUR4og9OmGVGYsjVfJhnGFmYYu/ZhN25Q/ZEn1E3oyIvczciBaBMlVkMfwc+c93Tm51Hz+jdXs6ZE1NMScaTHSJ7/8GXxn+U6VpY/8RxpCk96IWsdvl72UKPR5PT+V1YbS+vWkiMw9ASHntKtyj7QZSXtohQrrA/nvDKS8kKcZbAoenlWA1BdC2zGFmeTOkO6Rp8vGEJ49K5DyQuhwo63SjjHA6i+kaw3p2s9mSF0v5JEV1rWnp6XtjNQXstlIsR7phyekeOSRn5EE6Sp1j0Tt9UIqEJM6QtoLeWS1yruGyCEj5YVQDQXYkPfuAdKIrEA3RJugS0VJj4xW9fFBilZvNdO+oaVU+wgpL+TR2a7PqM4Skl/Io+lJmtm11GAX45HJdl+MlQ1iTSsMeVqhn7jh9/lJRsi+XKqG5PVCHispj+QNoKjY7GbmTt+bZgVSXwhvVmZ5FAtNQDekqGUdSyR94Xd3vx9rysHBMMfPSH0h+2m6PNPWQUQT5BHaXV6ENjdzBM9jirABpzRKYX8y5zCAJeYgz4fY4nOqiAMjRRHZ/V5Y+8h39V7Vm3X1rWObU2wcJ1W2ReI3RTofFy1m/vG2XXx263b6wFK/rv37+PWeJEhbu2g0IDKdORCTGCJpLCW8T+CxJOSpWmZLbExHIshH0dKE5CTIExcVeuYJE8S1UqewF6Lb6rk2ZLuzPDObJSczS8RjmASg64UKA+I/KD4cWx5pEk09UWXaMmiwqFL2fjGS7AiLXKWUBrQUv8vAo0qH8i3KUpv1RmDSMSpQs//tcgSW/mgTxX4HUB5TLN+BEjL3705WhN/zGDkKG/jihpyB7BdC4y0ZoUw9VSSJNTrIkhCFkJUGkKWIJbKnEO+ERlKkQhnXbGV6ZUBZ6E1FkFkt1c5BLiFav8oxCiPJ7j08Iyz8LnZ79BnHSK9w+md64PFXbboSBjifu9+ADMVoqGmlfnfIE7pSVWn0NcniXUCvHKjLNEklISOEpZeQ5n7TZtmhYzgJohlYHiBzw78pcjagvZCnC/RQx5TQjUtKJe22pxSJHGXNi51jM3JhhN8ktZVHrLaP4SDTSgjbM9pcbG2sb4S2YmcUIqBJv1DPLe45ABtd2d/A+UYrIOeAAEsq/cPPvzw+s+bPkzD9cdCZu6Q835RTHP2nHygRUcvJ+ewfA/KMwiLS5l9NVjx9Q+50J0lW8G8a7LHOyEfp5Gpo6keTAXSWwWqarOAlzPZbvgKHw/o8LUPzfPx72ft+/aK/S5YPJg+Tf0vPW4yMvBnZNn0Z/6SXa2X0t+QSqbL2vDXG+LSx9LJfQ8vvlAElBrnlfDab3ECXJZTl9DN/Z0JIvB9kSChNBwanzEg9iFzllbSWNLB+JJdzFoZspnnaJ0E7Va5PRopI3YNkslk0B1gN4XzJQjT3IKwl1NnZrqobZLQeRHI2pECTD/3UcI7TL42RorV5DMGWC8qWBIF8YE9hpJdsPc3vphGePTOlUMl2PV8i9/MgSRvVOXRi2ehdkS7SJApKwBoiT5qefSKPLmWskbSIewuiv6f+7koy+fYhRtJUpCptW02RoXLapqWf2DC9kLmzK0VGJ6fsmAlpj384bydkpon60SJLMmKnBYSUXU4jCWB5RT8QIjJiXUW6kIvvTjZ4lI5ClxMyyD3iqxCydnNfji8W5j63r8smkKtjEkA2MLPSn11Vj62rTo4IGLs5USNktezEkRC2GRBZVvC9nFgTUpIXfUIqKSbUgxFuqKkQbzLjL2xaRkhPXhMZacNpKyMTCm2AWaPtkMIHUedTiOL2spbjJaTv5d5NyE7V1Y8m5kpqrg2ESAhn7SREBqvWFzQASLO4/pJEiutSAobvdQLWqu7LkNGT5I19PEIk22AfmJDVhxMCmsosaztBIWQsE6+1xf4mCwdGE/ucYf6lmY8DrCaBJLeEtFmdbLOV3l7+CZnJkLLlmaWCImrEyLLggxSNkC2JSlVGGtkkCfRUYRmROFmVmhHJ4aniM6JGR4zDGyEDckqZkTnMZojO281UnRqaOTutMIt3WqpG8XSG2c3TYWZbT6eq+T39bhb6fBuz4vh8ZujPFzZncKRA/cURFPMoR5jM6xyBM890hNK8F+TWHBwk23zgEX7zk0dB1JUeHTJve/TMPPLRRfPaR1/Nsx+dZuSl9oYc0xDjAZmELOeptTR+AjKtw8CtwuQQ9AZq1DOQJkixUiPJM3hksFhUTWowUqXxcxxEaKadbTWWWJ2EiGBM6Z+NDzqb9irqR2MeRvCJlzzSkxGvJMdbNzyx5RG8mqSBgTxNuBTRhGaXvAAjkiqlMcASi5f3NIStxYNMi2HyFulq2qjKiVEWrxPnlCISaNJfk4pksle1LsSrGk2rKsjJXj67KIT1BI2bhiDJgqO0JOw0iWtqLGjOzqa9Gwv3M+Asw5CsNnkbstjTPNqYjWdlQfK2mCo10djazKCkIud812oGpaglb8PCrFKFR/ImhLQpz3REa5SNY0RNHuWW5V0kMYIMFgNCFNhKPAFk8StzwAROqd/ST0zZpa1IMcPJfUHZEov66s6KGM8YikwzwKOKPdvDmHcWO5nAs9ZSxCLBrKOIZLY+Ny3UzNa3ItY1KTFNkaot1bCUM6YMOCeyHMKO5kZGD8hUByHEjJTlXk5OLWVfwaL3faANcsqrbyYjzXcFn3SVt+su9p+7uS5lHzu663ZGWnafRjzzdJ+PnhG9tk/M/rxVJwaMlCMofCbANOEyoBcnbYRMJ4/0e7xklpCtTRK55mBje9nngKQWpx+MqIyKDnEYU7fTM0bSdroo17Y5dWUgNafSFEJJ9GFqT0ga3jQQ0sp25oMDr72diZEkRXZmiBFnqOi3mAozZoyo6RpVgT2WM4mMqA9uiOo1AM3T4s00nfGVyLE4A83ILM6IcwplekMvRwq34wsIqOrbsRigtu4cCiGtOJfDQG7OLTEyp3NdghTn3jj45b6r59U9T+ckGenekQpyXC3/ZlrzxoJk57EF8V79hczukBMdvJC1HDMh1b2bfxdXOwJSy64BjIzhGsl3uS7fD4Ss7PuKZ6Awumiaq+jDdTkBNirgryIpr+o+HA/O2nTflpEjEEOGdOfdJCKM4NTpPCUr0icEawkyknVokqRI7VZIB491mh5szZtk5RWxZwRDHXonD0sxJl5NB6qtQL/o98ymKpza55sljZe0lKdysykYaTIjXtlluaDRSv6A7iXxRoOH2sUG+lMBjPwrp50eF1i9eWIEiVkyYTyGT2aeeFkEIcVZQgLSskEWWUtGtreolBzYGKxJVmcvs6etSypoTeNtU1IMaznTzrcEH6BVRczTkIdgxI3vpiL2zNRsxqgY8dH8LiPeY3F+Y1pCpnOjus4Tm+djBDxlLEUs1UMOlJFkfi5lLSXzfeqI+fQzZRZnLYg907SGLq2kXdqmpafGjewAtFQcsYUg5+UWppwKWiRzGmHRzmmoRUSnMyxqOh1mkdXpVIu+TsdbhHY+jkVx5wNapHc+skWDRxAsYDzCYjHlkSeLO4/MWWx65NLi1yO5FuMe6bY4+GiAxcpQEgunjx5ZyH10zcLyo48Wuh+dtfD+qLUNAY7q2zDhmAcbSsCC2GjjGBkbkRxDZKOWY6xsZHPMmQ1+jsmzAdIxizaIOqbTBlrHvNpg7FhgG7AdI22DumPIbeB3jL2NDY9DsOHjcRo6wjx+xQahx/fYQPW4JxvMwoPZePc4ORsSH0dow+bjLG1ofRyqjb6P07UR+vHLNoo3zx2zAzIL9Acmf2S2ghYt5EfyZMHvT38OEzv9hzDVU+cuAVkp/YHJHzpKNfvJH5r95s9s8yld86Q630I/3eSP/hafw0GRPo/5HOWzyR5535n8WUUz5fo42ZR5Zn9IICnK07fRTz/7I79Fn7i2+jxaI3TWWH7Zr6Ht35/+4VWKo7vpH0J6t5wVJ5s6Lxtz+ShasN58yqrTojNLUHFW60HqeGW+HiQtEy1OjvGEtSkM58/o1NlqwsU5NppaNvXgNBx1doakUyaAEpPI41A2j44v35a84IQfZyFhcracYdKmpTM4b8inmjTr6Swf3hJYkn5kY/nKUHZanKgAJzGpbDekizS1Zr6AU6G0WrPDp3QpVMwRcUaVgGTOaiqSm43NOdlCSFagKm9axwWLoMpkCpLAL4QTxSiFZLIRI9+MdyMnjfohb21NQGobrUT6Gz2BFDk6C2l0609k2tHlyMbjqyBhjy+HpD6+LhL/kABMDkBKMIEAQcIkA4QNExEmj5iqgMhiNgNijRkPiD5mRaAemDmBCmF2BVqGGRhTREzSQFdtHkfV2QC1RphtYWSJZT+Flrgrx0s3a2ECi1+9aJ368NVbVZeOoAmr6VIhNPNBKpi5K2iacHbfXTwHWHyX0oxfeU3/cFjoJ+YK3yCd/dej0GhX/4Xp/Mi+vBSsgZaqpND9Fcvki6WJJviqn28kZG4sGeGWTl3NBsFdlOLyc5tsp7elbVgBKKxILyWhacFkSsJ6RMiyHBfr2rJrdaGPHIzYaIBVlpDmJ3UZeU3/MGDpvjFzQNiCWCHYGPDCDuHdsFWoH8wZ2gCTh3aaVURXwHCiu2Bb0aVmftHrsND4MrDi+Hqw9PjC8AaQAnMYEBT4FAgT/A4EDq4JQgn3BcGFi4Nwww1CAeAqoSTmTaFHcLjQNfhk6CP8NnQWvh16jQkgqD4QmIcYEfgJIH7qYfr9jWAtB7hvZPjQkWvUETwuiVdWQdfTBBCddnVWd7BoUFhuQQDPAC36kgcRa1QbSi1BRgbzlB7q2+INzvJSv6KGPAVECGL4rN/CPjLPAC1ymNYGngKiD9iALHmm+tECAX36EQUj3cYqSc3n3JgUYoNBcm/zMjwFRMsjsj3DU0AkYSfYoZwzL93GuCipXGZ7F88BkexWzApVlWbME/Ec0OrWFToFRECyESFPAa3XpFAX3cr6ZXQK6EF6sTlbnvYgdcPEEed1l5ywf8ajjJgxaMK7sYaGJ4AIqRgKqy1PiMZ4AoiQbqV4coJWeLzmfwh4Tf+wvbDRMk//EIKB+VbeepAsdodsi1pB/sCT268IW0raaYaZc+6J+RWP8PwPARmzPUORaSaY538YsfwHz/+Q0Ss+I8JINlPO8z+EdJ9ZEUQBnv8hYNojPP+z5nEIY+tvzAdpf44JR3Mjo7tSmP4xXsz+4NWY/bHaYfIHDcDsDxqJ2R90BGZ/0FmY/UGHYvYHnY7ZH/sumPzBp8PkDz4vJn8gAjb5AynB7A8kCdM/kDad/jFxxOyPCSwmfyDTmPyB3GPyB7qByR/oDyZ/VMMw9QMdtKkfqCmmfqDKmPqBumPqZ/mJHp76gdnA1I9ZFsz8wPjozA/ME2Z+YMIw8wMzh6kfmEJM/cBc2tQPLKpN/cDoYuoHhhlTPzDemPox+46ZH7gATP3ATWDuB67E5n7M12DqB+4IUz9wWZj6gVvD1A9cH+Z+4B4x9wMXanM/8LKY/IEnxuTP8kuN3x79hczlEUQGLwTzV5JB2VhKpm8n5LxdwpDRmm8DIWP7dj5IXa++eJCGiZumxGedGPcpIWeCLctIa50JNslebIz7+OPx8Mx/XwJm9TJAR8bi3SwmhFT74ixKdHTpOosQBSmYEUySFdmYnkoyntzzJda8G8C0jkWfEAx1WD1oXIpBMasQIZjcEZaaMd2ql/7YekPVVPYwNq3E2syHtpg2s8Y/iA1C1SoQsmx5HFsOGmwXW8c+Fegv+8O+FTNCVZGOSe2so3gMu6oCBcvutgz9x3oZTEK25R3YpvIlb2ZCJRnUl/1ms8zhAmaEpiQZ2vLWvdv+HzgAQvZrhQAPbqyQnZ1b3ysNNFZx/qh324RjPosyHNMyMF0blbFo196e62t1BCPb+1BCks0RsZtlBCPHIqXSwlrCXhXBbI/W0CWWtEvTOzJ4IzsAHF6AGCEIXo4oBRVEJINGINpBQxERoTMQNaHDEFmhUxF9oeMRoOHjIIjDB0Sgh4+MYBCCgIARwoKgEvKEwBMyh9gUconwFZKLEBfSjTAYGoBQGVqCcNoUCfE2dA0xOfQRcTt0FrE91BrxP1QfYwSYB4wjYEIw1ICZwXAEpghDFpgrDGtg0DD0gdHD8AiGEUMoGE8Ms2BgMRSDDcZwDWYaQzqYcoz6YO4xMoRLwOgRbsMGmOZYMAKF78EoFe4JI1m4MIx24eYwIoYrxKgZ7hIja7hUjL7hdjFCh2fGKB7eO+YH/ugU0EriOSbtLFs6BZRX3Nuz46TQ96aJ3Akrf+29tMHyeu/6OUwrpR/W+GvTSnQ5++OW6VRBXhPLv2k6iDZMPQJBRxnOJx6g6ydp6RRd38nP08b/j1/5qNrzW47OJetjz9Ox9p6Pf+N9v36x393K2/OclN8f4OuydMve17W81Ud+f/uC+urzaI/yWXt7svK+PvfUEl8pStNhhZaFFe6hxKdREKIhOyGPCaAjq7fExA8yMwPqigmg7izdxkyVtnF+0C32W9Z8VdmJSsiQZXdct82I5tcfhPb4EpIk8n+QOir379yGdH6GokgrRTaUkAJm2lBCSNIaU/xDby+26K/SzbqTEeMpvJ6BkCIxyIPMJM+IpyNkt8pHc+ODZG4EVWIq0vQRzcLTR9PzvGu1Z/aUUjI+qHxDMv1O+gRl90XydjJkMW/6KouS6JjtJ9wlQKMougCnizQP/T2HkHQJ2OvQPuedmwJQWM2ADBfr4Ol8RiQeIiHkT5d4E+Y3VYsWENp8c0oRMltxzK0N3rGAlxNQ13T1I4R2q1oL6EqIlF0TCaAZd/QCASP5jiKEdQOdSVqW5zjd3fjms+2+CCGT629fjU/JHtN92afE15Ldx298cc9y8kHImM3JECGLe9zkrD3KSRvijywSUlgLTV4Jafxyk2lCKDY6ck/I3F43CNl1Ov1hezOm0zFCMu1+hB4SIm83XSWkzurUWa7vGE7lCaG1PscqMMKCY5aDEdZDsS6KTDNI2yNU9/QqRfWqnpj/wb+bsvKr+/rRfdmp+zaQ2yu+md3GzugKijZq9t1FcUwZvksp+uG8E7qddg3v5j8Nz2tM//lo7qP6L0yzI+slBTyDkr2kUGw4hpcmiig5RoXEcRz6EkqOZ7MX3C7nUzjhphBQ3m4KQLFzN4R1hCJu5VE9oukkfUZ1jd2RIayONAmVrBRpLA0A9OWq0oTs7NWe5meHPSP9LvewOuvB013FWxhCVB/VChEi657NUjlErRlKweKBGUYRb4fhRA1hWtEKmF+0FBYanQErjg4zQ48+hStAv8Nd4NvApeD7we3gG8MzQQ7gvSAr8HCQJ3hByBw8JeQS3hSyC49r4g2nDA2A44aWwLlDkxAAQNsQJEAjLY6A0iLUML22YASaj3gF1gExjRkQhD1mYuRqdW+FgMBSxVhJjtQ+9mwnizBRTkXwWLhPkIUO1Arp9kVGxOhldOng75ltwQQjXZBmzKNJ2+dBqljTWYx5bOnBlMG8hFmn5R9ksrg/vYoaThblB5ENvSQXZcuXaBVI9t8m81iRgCnZXkKSfNA5LeyidRv0zZMswCckKYLQLBdByjbhzlqqDAvWKP4nxIKdwsNuRhAG1iUi2O2ROhSppiM0LGXBXfaqngVA6EizJiTteRvvYGlvvN5LEFoNQYiuGiCkiAuoUGJpeeMRnirxFj3qR9G3vGvqpyHVF2BaMFmXFNK1/YRMefnWb1V5qE9anZsFrl0UX470YrOzBanHEE1xNkXb2TgTxQZE7WJlkWEEBq4KzUhWqLAQdMuP04W5anVmtfhX/PeDFAt3JwtB/7q0DY3PdGKkWamt3nAPe2YX4bGWd16rQJYyqR7JlhJG+itu5kURxRAxuFmb1XlJK5vgYsH10KFbsTIkMWKl7U27T0XM1ZQunrjKpoAqaRlBsiLdkGEheU9aaphbW+oj6kLYvvQZHQ3QwTxSH+8el0PYhd7I6AGpszlmRjR6kLcTIjbXashIWa4VfO2LIdWc/E7N9QYFAnlv12OM6Ncqy0YNbfTT8U3v7zzfhmOO0t33O1GIfWJC7HOJGDCin0tEhYKZUp00MaA+dQ9D2vRSyQgbDJNcQmZ2ws2BlKqjKAAhuzkdYSBvp0ccoQ2nagw0r42cTnhpLCN9O60mhGzL0XxGVB1zs/HRXN0ZEEY0ohUjw2Hm7M4Qyb1C29kqCk5zn86eMaJ2UWweIbU6s8iAmsWGR9r25pURzXvkjVi5DWemGanFWXJC5vLWnpE5nEcgZBfnMxhI2/kVDt1bdr6HkZqdfyIkq9dIGK5lLSV+jgcFbTtfKIhzlwSQZrhRDC3xns7p8lgjeccsSHHOW8Yj2zl4QZoLAgjpebhAQRAfTDDSsws4GGETbEEJIzO7wEUQF9sI4OOfF7KHRxBHeWSn5YgfYPg3F9vpgNo9SC2+AQS07htZ6Ny17juCkOn7qtC5cs33JyH71ec0QE7bf5di21vw7WhY3V6f1w20RQJoLI4PxUJCR6NmayYLUmm67wLCRsiwZ1ggHwSjTS3Ti40kWaxLwyBMJJ8AKCIrB6UTqj3CClRkBsEpWam6hQGKSAgGts2SpFDWpqmLkV9KXyqcjNgFOqMZI11pt4x9nHmhLEl6mSC6amabKWMzVaouD4YpK4WnU5y5I0TkxEzig0iKHWaTEJjEqu9qy0wrm19C9stE0zG2xerDVpyQZiNmtvQPkjGq3pJEytu8w9AkUpKEgroUAoaVYa9DlztoG9QzEdKsUNFEpMwxmYMjoMIrdnlkFvOc7CcJUX9hSbqsW7Dgbwlp5oHZJxc5gda5bULmy7Vzzs3exe6fkFeEQFeSdxv0cxRByLBnhiHaKo1GGOk+YiEkWTqBoxpGrFTSCoboCAgiqDey8wvRSAzMiNbwdkR0qCGiPrQCkSFaiugRvYEI0zoMQSj6FHEq+h2xLL6Nhbv4fCeTbJ8YUTPEAJE1RAXRN8QJETokDlE8pBKRPiQXowFIN0YMUACMKqAkGHlAjzA4ga5hAAN9xCAHOouBEPTaxkpQfQynYB4w5IIJwbAMZsZGbrBEGNzBWmEACIuGQSKsHgaSsIwYbMJ4YkAKA4tBK4ywjWthpzH0hS3H8Bj23kbQcAkYZMNtYCAOz4LBOrwPBvTqnzDkhwdDWgBeDqkDeEKkF+AtkYFwE1GapYDTRSYDjhnZDjhvZETg4JE1QRCAzIrFCUi+IJRAggbhBpI4FpEgz4OgBbkgDWtijukPTtzSDXSp0p90xGz93sGNP/w84sRtiUc5/vBDnHYd+y7105mItZsz/vKFPxZVvmUO434/SF2WDgPSXYLsO88oj9yvRnudCj/VlXtIVynyzSHbcjUodSNWSjqYzxOm8wSmnKsl92ds2pNLNzXKulnKWBoia4XK0mMm5djJbxeP3OUkJ53IGeKTuem49fWhh6rKUcXDAFnkQ3dKaKGhvz3Jqbh0Fl0sTo3/HZUy5BtfcBUQe0a3TH67eOyCq6onx3S94EoRijG13GSb+gmipb5dPKg7pXNJF+li5bG104HI3SFkExRJu6GvZF5TEseRxzqda8HbMu2D0nKBmiWG0F4wpL5qSqVW9q1RHr2o57u7Wuvu712tdENpLhm7WunGUL7wQfaR8s92drXq729fbB+qPW/bVI1Pd7Hq+7CrlS6A9bta6ULamQa2tTbyNrQSS17HP9vZ1qq/ZZkQVdeet+YYnzZXXvdraP3397VWuqfQ7Wql3x17YWgHDSFl2Q4a2mVT6cjmhY2ukwEcjkZbdSofZyy/OQSh28tx1hdt+KFeW9VW1NDyMkI61tjQxiFCKvaUUBhGSDqnnlH0zIdD26ob8uc7Yzu+bGOq+zET+ptjC9qHnWwxFm2GIiTj+FJa4s7XyG57hppI28T9jlYCZrYVZrQzixDbNsObtwg4S9dofxchtrJI9oAxkmzhHE8L0i72as9MRTIW+1EswEizPQlVmXOxPQlD5TRnW59I9XgjtPvtlLIdcofZdtGdt9tOu1ND2413WmE79k5LbVff6Q3b+Xc6zHYHnk61HYTod9tkeL6MbUQ8X882K54vbBsaTQZsy+OREtsWeQTJtk4eYbPtlUcgbQvmEVrbpnkE27ZyHuG37Z6mHrYhFPpje0aPhtm+0qOFtvf0aKpuTxVVtp9iiewQGEHYOJwtrvx7F39KaqPrXOpwLyakN3/aKiELCNW/5c13Jp0WEtLAXJhn6+no1lOEbKxKp94kW2aLnaXHG69Oye6rsL3DzgT6co3WmhT/dQlpu7nvT4i1VGSk8SjEiREBA7tDBr+cPqUTRgL2NNkjgSVrnLMdXENCzfa5mpiT4BNiex5EOQixbRuiQK1UbacpGSM4JIcUkRC9YkeVlZFzBM0WZCbbDkTqxki2c2GGepyDkPE4pczAHGYzQuftZqhODc2YnVaYwTstVZt4OsPM5ukwM62nU9X4nn43+4xPYyb8fD0z8/jA5geODKirOGJi3uSIknmcI27mlY5Imuc6Ymve7Yi2ecAj/uYjj4qoFz1aZI72aJo546ON5rCPxppLP1ptm1eh9wYc0/COA/xeVn6mTLeXlZGMNa9GjLWzQHBSuVVn4VQWGm4xMrDiNnVuRMZxoTQ3wUjxq3IJaekgYogqdtKOJcjAgTQUlDKCL0qrhAnB7yrvXjiidWX5Dtgiu7gy5DjtRbTEmJDzasqjM9JtOfJWZJzd0wL0hRXVajgXjvihNdaM4IgfyseRdCWsC6e12oycEKcUkUBIP635ZuS1LryVhGXzsnackeYPGCJk4YgfWoPOCE4SpnXqpCOl+rXsjGC/a+tibvuwsJXWxDNSDaF184Sss5I+K1Kxd7WpyuLwp6Qaaod6yjJ+0vOMbQWkCoQkbCtoU54pCNZoywAjOFaZthWwvcAOV9p6wEiyDQJbmdtBstgdv5uVf58Ij81ksZNwh3ZF0RuKbD+FIAqMIcDIOISrijU75wnQ1g1GQLPWUsQfAcbIsq0klAwXxG8lIWTiePyWiiL2zJAmeB+yHGIbWwIyekBmr47YNtGcl9tGm1NB24xzGmEbdk5DbVPP6Qzb+HM6zDYHnU61DUTod9tjdD6N7UPC17OtSucD23YmEwHd73RkxLZEHTmybVNH1mRj1ZFG23p1JNa2Zx2pti1cR/Jtm9fRDtsJdjTIdosdLbMdZUcTddPZUVbbl3YU2vauHaW3/W3HMNgeuGM8bJ/cMTC2l+4YIdltd8yU7cc7psz27B1zZ/v6jkm0vX/HbOr2wGNZdQPhMb62x/AYaNuHCBtuWxWPmbftjMcV2JbH4y5sV+RxKbpx8jgd21tpbsl2Xx7HZTs0j3OzXZzHAdpOz+MkbTfocaS6YfT4WttTevyx7Ts9Ptv2ph6//kJydciJD14IjgHi7AnFGdW/nZFxNrAyMHD0J7WBkIm9n9ROQlrxfcFI8/1FSMbO0zalVMYYjxei0kALFWySudgY9NG348EZjoOtmt2YaTsZ4AEdXk5ywsjEBtYppQqkgsSNEbejlYaOe+OEUxk5pozjSzVtMqc/x5cRjHVIO3hMivHwajpKNXURkoqtqbPowHbZHnFSVBoOWz+IMjOyjIXv5eH7CO0Zzh7QnYXFGw5CyrBB1FRgY1TFKaeEE4PFRDGysX81y/h9YVs+mTpGuhnVtWXUP7HHlWd1CanerBIyMF6TXNDAuaitC2+3B9psCuD0anmiHYAmHQgp3ksQUt0IT95Um/mjydmEZBfaqT8SxHia5jZKNhfVtU3I2NjLM2jKWIr4MyEYwUmpPAlHSMPQsWgpf5ypANl5dEZOSkn7M+P89HEjOwC8TgPEFoPg3RamnOpZKHOaYOHOaaaFRKcrLGxCb1lkdTrUgq/T6RagnQ9jMdz5eBbnnQ9skeARAosWj6BYRHlkyaJOiJsFpkciLXg9MmsB7pFrC4KP7FugfPTDgumjQxZwHz2zoPzoogXuR18tuD8qbQOAo/Y2SDimwQYSx3zYYOOYGBuQHDNkg5ZjqmxgA1tmY59j7mx8dEyijaGO2bRx1jGtNhY71tfGa7DPNqI7JtxGfcfM28jwuAIbPR53oQPM41FsDHq8jo1Sj2OykexxXjbaPQ7ORsTHCdqo+ThKG1kfZ2qj7+NwbYR+fLKN4o/fjvmBv3Eva8sy3/udKdH9U7y5rrUwJVrzz9fu1rwD8mP7q3tTbbakh8mh1mXVA2Zb2uaTF202hn66I0/1t3glDpz0ecz2KJ9NBvUwOTTD5NDiyz/BRoePdBx5yj/dkaf6W7SOa6vPozVCZ42dr6khrcv3p4Ya2wR/5GnjPSc28cP5KEq/1Q+XsuL7HN2RpwSM6o88bXzrop8eIiQhVcIJNFIDnC/GSTYSO6SaOBHHiy4V4Fwdr7D0R542Xj3pjjzljWg4KYyzgrTqEZvjOXFIiwe7P/KU1/ghwcH5R1qv19yRp7w673UpE6/F8/NDLBvVLHIXaToeg9OlvO4OZ2F1KVRwFBalE2jd3TszS0ixQT4nZB4k2RmoVXntAGNNAhPScTLFagHhZDJKIeFsxMhJ493IW6N+yG03nMap6W+0Eily9ATS6OgspNqtP5GNR5cjYY+vgqQ+vhzy/vi6mBuABGD+AFKCOQYIEuYhIGyYqzB5xHQGRBZTHhBrTItA9DF1AvXA9ApUCFMw0DJM05giYiYHumqTParOBqg1wkV6jMyJYb4UeoA1/ZGnje+a92+eC2eOau3mwm0T2gJaffE62JWQCmLuiQcZOKOVe4suwcXxUdyjj0EruAOCO50WaODAIf4wK/GYxn28lXCNgX7glR9vsLwQPIg1VAVlFb5F3gnTsgQSBG4VW5BkQkl3xuN0MJZbOlLqnENGsk1mevq5UUJ024rpCB1NhVNzWI0epA1/4ikh5yYDVkdCcAMvaywdg1WQctuKNDvthjWfkO6PPH0jbEFQCkYGzDBEeDuMFWoIe4ZWwOahpWYW0RmwnOgwGFd0qtlf9DtMNL4NzPg6WVU19fjGcAeQA/MYEBU4FYgTHA9EDr4JYgn/BdGFj4N4ww9CBeAroSbmTqFJ8LjQNjhlaCQctyktfDv0GnNEUH0gMA8xIvDTRPzU9EeeSjkfKjJ3nxFp1j+oEY4052kiQtKZFOrcjIQQnaeJCHEHnErjazuImKOK02Z5mmgu3Mim00SE4NxRTgXPhbhAJ4oIQaif9VNg4ohrs3n/7hkN8PfDNBbPEz1I2RZsb0U6Jq14ooiQ6s88JWROf+YpI92fecrytP1AiJET7VBymqQQKsDJ32VH0mCiiGQ32xCLJ4pW0r1mmCh6EAzUeJ6IVAAzsjxPtLIu2cI8ESHNn3lKSMf9Gjw5Quo2DeH0L2mk/c7ye/pxLQF2d55OEhGS/ZGnpOipWSmeJCIEk008g/Eg7zkiApofrYu98GeeMtL9EVaE1INksTsW8Oos0YO0E+expSwYp+k0EZ0YqL95koie2P5gLn4CM0A8S8SIP/K06aUKmCOiJ7Y/8JSfqD75IogCPEVEQEfCJqkptQUDY+vv40KWQzBD9EZGDwjPEBkvJojwakwQWe0wP4QGYH4IjcT8kHYDZofQUZgdQmdidggdjukh/SSYHMJHw+wQPixmh/DxbX4I8oH5IcgQ5ocgZzo/BEnE/JAJK6aHIM+YHoLMY3oIeoHpIegOpodMvTA7pPpnc0NQUMwNQYkxNwRFx9wQjAHmhmAwMDdkNgVTQzA7OjUEw4SpoXVOzNSpIRg4TA3BCGJqCIbSpoZgS21qCOYWU0MwyZgagtnG3BBMO+aGYP4xNwQXgbkhuBGbGzI/g6khuCJMDsFdYXIILg2TQ3B7mByCa8TkENynTQ7Bw2JyCF4Yk0Pw1JgKgjd/IX16BFHBC8HFcMxMJn5V/3ba8nreLiHIcNNZVRDMvXA7aTvrePUFIbjzoClxxqWE3Ke9+Tm6LKOshQo2yVwsjPn449HQDLN0VbMbA4fBshCQp8XLWVDIr+JaQhYm8tju0nVFcOptkpTIxiGpSQaTG9M627ImOKmUhZ9jF6hMlayJ3ayoStSLOwFVWMr2550SUs/qOdLVblsBoM8dO4hM5ylqxA14bBf4DJCX7aCRdnLnnTJQDWD7Q8eC4GYTNlF8LhAmg7IM4SemvauO6XHxCltDOiho2KCLLSYh82VUeYeqWXjJBOkmLTPMnD3w553KdlSs7pNH6gHIBRCCQ7vZTfCRRP68U0a2P++UkfxySIRg7qdZeqP7804ZGf68U0YwhcTukRF/3ilvUcVt6uxlGXkt1SBk+PNOBcFiQ62hyyppl6ZuyalxIzsAHF2AGBEIXo4gBRVEIINGINhBQxEOoTMQMqHDEFb1sxpcQy90PIIzfBwEcPiACPLwkREIQhAQLEJYEFBCnhB0QuYQmEIuEbtCchHfQroRA0MDECdDSxBLmyIh2oauIR6HPiJm735FmKiJqTVif6g+xgcwDxhDwIRgmAEzg6EITBGGKzBXGNLAoGHYA6OHoREMI4ZPMJ4YYsHAYhgGG4yhGsw0hnMw5RjywdxjWAiXgKEj3IaNLuFZMP6E98EYFQ4K41g4MYx14egwHoYzxJgZDhPjajhVjL3heDE+h2/GGB7+O2YH/tZJokkb/vTg0dlT3BNX/xSQ+3DSnSKyfv457pv78/ps35xtz6p8hHxzW7gMOduzPGLPbEMCj98G9Sg9n1/x+0FWt8l13fT0CTLs1IvIE7eftVZ5IurU3ZBTL4fgmQ2kh2fO9jPbgnS2n/Fm7e43m32CaKlvF893t3DpCaql++Nj+cK0ISe9bT71N0vfbPt3+f3rl0abYPk8ZkHsAFhj0ANiiR6nxfI9B3KKgz5MNzBtWuWnZDu8btvrUCF7or4ZrDXyhl996+5JODmaUQ7Lp9Dpdz2JcTMiFpAPXuxyq6AeXEMtzXKRmiy843MWq5yEnIYdarGL3IlW7IiNseQGAD3Kho/PsEOOccjKlqORV8HpLY+XpCON7fTBzcf8ycUGH3r8w5LLFWu1Ixm4DQ/ScEQE5TMJGd3OW+hyVLKdEEH3azxA1oVsJFuF+mbQdn05UKDK8eEPMrMgsoGcED3MoyU5dHxYzrdV2seUGdHTZerkw/4IkWtoH2l85J9KVXaZhFReb0BIkSMxq5y/QkiTI3KK3ERKiJ5fWuhoxsWIHt/Ih4ASc9OrTnnNZ2mMFDkOJevdZqNxfp+QyeackC6nUdDd6XQI+mj2LppipxPqH0Ruw2pp8UmahOhBlWnwRRdPT9jn44FHFkRUgAPaxojeor3l2ntGZExNaxCGILoc1BRj4CYSuo9M36XP0P7cOj3PEt/v3sX7fJurT510NtR2da6zan2sXXUmOSAfba9jfp2udyqVJo1AD9bna9PBnqeXa99aG/sSpNx8wwC+lpzhNN0X5YMSx3RfvbJqdScZtck+5yM99RHvwVeQmoTRrvGpkqo3Zzea3WhOUmkvdmnNSTPtqR6qFbYhf/Gpj0cr+DAMUnVoDp9QQTcVQLv43Ey6XRAKyAc3zOZ0lA5GGGk6PebjFOjiDug6H4E57J4TBeqezmLwOQPdWxU5DcAZnsq61Zxx4rMsyz72i+2o3nKScN71qt4M8imUezlTyUiazpzKGZMZJveb7v7Xg++XnV/Qt5rlc0CAFNLlxnTKQBE7bafVUSEpg8MLlr4aZ0k2PTwfRxXILu7FqQhFqtx/qckNPpNB21St1NLK9GRnPegjOvitkhRkpOHIiC0vXwmnOQ551cRRpV1L6U0jel6FXL6JMxabXiSTjHnpZTMJx3tk/Zoq/VWXuBByDkds+sVxDEfXL96SHQqyRUw6DgVhg9KRlKuN75YgZNrxI3VJbSYOR1xDeBeALq/WBfF0pEsRh5VxXqG4EULkTZPDNFYGFdoH0d9DFZEOWSVk6skd8l0Fyaq+q4uypnwQAeS7PDrfxKWVCSAVRcQs6FUNgwZX2xBWw2wLKhoN5NQsbABVAMm38plCi62LHkTLSFVEDRmtahMDVICYScpq/ujIKkLktnpB6guhTBUDQzK5POp6I3JdJCG6Kp2QvBRZap+7+uAkmVFC1BorooaHba/kQbtsJnbI4INZ2GBL3pGANBWBA9lisDVbxIgCzXxOW+oJFpDukclnTbD7EN4pB1d7hJyEvGmLAWckvxC6117cWUoHGYpkc6X2jLpSQoZHyAF3BtT/EtDmC2l4RJ12O48oMvnIYXac6uonL6t0CAcIUhsNEBgZL6RxVsaXIiS/kClX5Z63M+JryCGMPSPHqDHSXwgN2F1XMNDnC6HIw/UoA/aInGlFIVby30oQ/60oMBsaFsoXFmS8EEqqZCcojKT5Qibnx47ACVKcTPLOlbad3ArSnWzzBqK+nPgL0l5I412+R40E6S9kaDhn6ihIdSrLIbFTavqdWZqA0LHVszjbwMhYL6Ty6q1jYxhpw9mhxgdqOVPFQJnOmlGcT0enH4vHCHeyGkUaHPC1PLCbgmRnW2lIwRc/wf4y0rqz0TQQqWk4M05I2cNZehq+8AU28AaMVOcwZDzdnVNhpBXndmigxDdcwTUxUqZzX3xofMrOxfExdGscL8jH22kQNhOQUY8vpVEb21+4W0aSd8mEjDKd12YkF+fZeYS4t/P+MmYsLkKQ1YLNRRFyXmFzkYachJhdNMJI8hELH/G/XVDDwCgu8JHVgj444nHv7C6AkqxudzGWnBI5XRzG4+e8Xawmmd/p4jk56bK4mE8yv+uEhZLm7SdwZKBMF1oyorWR8FMK5ROhyiPZBbExt2C5oxMST77f/XcXNk8c0Gah9fyKE7Mk+n4sEMLdojfgrfwO4v05W1Nuymp2SpmMBIZFEzZa6HJBgBtQUO7cTnmTywI7Lyl34xI+yheHztm1dNUQHt9QDDHtMD0eA1FC8xzxzFJIY3SJQXUsRbkjPfpbx1uUz5apMBuTUVpWJtRs3Ebn10pIZGM7zlVLOKbjP14JKjw6RuwyZfftjCM7ViDaWJOWoInbt/Eo5cOTRUByK17h3MO3M66lvLp0vI19aaWYTL3a+Jjz824E3XGAoo2x+VaPamFJFhZd2WhjdU6rLQs5uL+ybWqzMT9lpCSQsrxATxbeWO6Aj6udCBbkgKsl77IchHtG8xTgQS4D70K+A/VBTgR1Rt4E7UJuBW1H/gX9gxwNehB5HPQycj34EsgH4WshZ4QvirwSvjpyT5AM5KcgPchhQcKQ54IUIhcGSUW+DNKMnBokHnk3aAVyc9AcS99BuSzBB/1DDhA6ijwh9Bi5ROg60o1mDpCRhMU4WUuzKiezqYbnJD/9ucVbb98T83VyqGbiTp5VreBJxZqhPOlaMaZmdsW+22nCdt08nbPoC/ENvc0T0y2+uDKI3726nZJt9Vt0xvn2bVhd56vQTrqIuPqeeIAKR8G9xfcZN9+ja+BjaqfTJchCbB+GLlfW013149GNzDgaPekF4VVFSWSALode1UnJA0w7sJ7laC37mCZrlE5HaMXyuNZXlSwV2bXsHF4TazrEStpkok/HUUmEa+pBEzfbaxAdNVVeWsbbEqvXRNoHKHlY01ba0SfnhZtG83Y9C7hZ62mbnYR+ZhnYqr2sB22zK97A0LyCpnzVCO3Mpww7Q7WznhYIY0Z78yQGMYO3bS8DjOKDLBkpmuEkpJ1xlyJytICb+VADbEb6PGOG/PCYsT/vMoeA+sBpoM5wLGgXnA/aru4JvQMHZh0IH4c+hh/Ed4CvxLeCP8X3hM/FN4dfhlzAd0N24N9NvBACQAIRJkBKEUpAkhFumLAjIoE+IGqBziCyMbVC8APFQ4AE3UQQBf1FoAUdRywGO4B4DbYCMR3siUV9MDkIDM0qIXaE4UJ8CeOGEBQGEGEqjCRCWRhSu1MIthYAzHGMf88lQx2x8rlkiMshWQvq/EocP8hAVpgTxw9yUt1ye3iz/SqWOaZnzkVECiTrDU4d44BT5I4JyVZITsjstunGcseEVPsSnDumHktWinPHNOmMS330kZPR59zxOrfUaO6Y7qGfJgacOyakG03XUgMHEHPumBBknDl3TB95GvPSG+/nONG+lFLNstwxITjUmXPHa1jOz3LHhAzLL28RwlJwUnWdiiBVvMVZ1mmZYU4eM1IU4eTxkrPDv53sMSM2ubL15avYgeDioQY379vJHpO2qRhy9ph/2zQOZ49JZ+23lqg6+aK54zX5nGlDFOhqUJqw7maDFc4dMyKPaO540VB+GDKWIl1tF+eOH0RPQbfkMSM2ocXeiSzVXkCqIjYNxtljsm+i1ZY9ZmSpceXsMR9JuYFURZaaZLW2tQPohky145w9ptMmRRcte+wQzR4vWXv37WSPGWEnosljMuwyfLHk8UE0ebwTMs6aPHaIJo/5YIIM5AVo8pjdzEknd49o8njjsBxLHjtEk8c7wXVq8tghmjzeWBxpyWOHaI6GPKO6aU0eH0STx3TCgPh2Sx47pOGRhjlge6SdVLHU2MIITR4fxJLH+4z+NHm83+PBF48ljx2iyePzdkseA0HyGI1A8tghkjxGVyB57BBJHqNHkTx2iCaP8WWQPD6IJY/xhZE8dogmjyEoSB47RJPHEDgkjx2iyWPILZLHB7HkMcQfyWOHaPLYtAi5YygacsdQRuSOHcK5Y6g0csdQe+SOYRmQO4b1QO4YFga5Y1gh5I5hqZA8hjVD8hgWD8ljWEVkj2E5kT2GdUX2GBYY2WNYaWSPYciRPYatR/YY/sCyx+owkDuGS0HuGE4HuWM4JuSO4byQO4aDQ+4YThDJYzhKJI/hTJE9hsNF9hhOGdlj+G1kj+HbkT2G/0f2GDECsseII5A9RqyB7DHiEWSPEbNY9hhhDbLHCH2QPUZ4hOwxQihkjxFlIXuMSAzZY0RryB4jokP2GFEfsseIDJE+RvSI/DECTOSPEYQif4xAFQlkBLN2G9QJeIEgKD5pZ0syn8z0NG3z2Wu0VDLcdiTZSYKTTmzfUgrT5/a9QaXaq8c69AY5+elaKnn7aZMYyO1P3ch88v+0Dj37r0xI614SKBm0nKzQ721Zk6FlMi5zkgkLWs2OaY4sOfKN+6xl4mNYMgiTI8NSe5hAGbwd3qkJJbSW5WNkImbgIm+brBm6qelM6Aybw8Ccz0C6xeaFhm7YPlNHg0dtzkQQglsF2YzwincYFk4+EtK9OaI18C+LxUB1Jo12hOt9yGr1GFneMtJa9vfcGyGv6Tle3e5tMAPZ22naRn4Mt17N0DF7yOPEZheNm0ugPKh3Grz6fXnHwgjcETkfzq9O76AYeTmxXvUwSzi6g5gz5DXl67hL91sdKt2Q510u/RbVNLfccVGXeW6HqHfvRQ8lRgRwEIsSePH5QfYL0WiDlojL57eIxCEatXCeO/vIxiEa/VB2fL2m1w9iURRvwp9A2gvRaIzy7gvx2XgBtkip8OaYbwj7HKCRIe1h0PkFjR6BIMIkRIbqFoU6RCNVvkD5rLBsL0Qj3p5fMfD2iEXOp5RF1w7RCPy8XYN0B+TziE7RZDwigI0G0BcYMThERxXoUow8HKKjE3wZjGAcoqMcfGEbCB3AxkoQFIynHCJDLsgbRmUO0ZEb5NYGdwew8R/EH2PEg9gwEmqEoaZDdDgKdcSQVRUWg1qotI17HaBDY9gFDJ8PYkNs2BcMw2GDMFSHncJwHrYMQ361dkgKwB4icQCbieSCmVXkH2B5LUVhttlyGGa8keWAfUcmBD4AuRL4Cc2mwJEg32K+BikZuCOkbeCyzsJAc2tn7aC5vrO+0NzjWYI4kKG1ZYoDSzZ1JaN54rPY0bz1WRBpHv0smjSvfxZWWmRwFl8OZEBtgaZFGGcRp0UhZ6GnRSpnMahFM2fBqMY7Z02phURYdmpR01mZapHVWb06sWLTVrhOlxCVVbBIY2GlrEV6ZzGtRYNYbmsB41mRi3Nu/apdJERlYa8FpzHz+0ev/qJlKpz9SnyJAW9h+mHMeKpdipuRHu2NSJufXuuV5WanMhvvM/ndIdnOAzZknBOC2/eeUR5Ld9tTSbiT3D9lyLcXMqatRE7fRaSULjFZukkqN7uSTGeTDBGHFxF9ptgNtZGH6677bmz/ze9AasYt3JSV+RSxUt8uHtRd+yvT9le+fQs9SHuXRT6BNEOs369njIfqbruNznVqbewX8gQUY0ndcTGbIYfbShXag63v16/1CUKTL1aqfoqci9pODW/EX90mgvrf/9lrSmnpM03JdBXm/sh09VzSS/L2Yr2gEna2Yz1a8Mc5aSRnnDP9OXD+WP4WzrpvzlR5U+JjupUylR/+BkryyYFy/Lx/CtV8rGBA9p9++hvewjsR//dW3Pp3yBXiukHzT7GaP/z4d/Sv53wicuKkAYfVs/M5oJTdM0ROBs2Pz8Azi5EnrgDy8x+vydQ7cemsUzLuIjw7NO6HtK6vMqKA/Tn9za9tiTIA8to+40tG/ilWZPdYkfbnv721ch2QtvZHFgZHWfaKL/nhz/2qyP7bX/tYjWyvLZklKB+pFMTOb33Cs3/78he+HJVCWibLtEKkfAy6l1dn0+kgxV9///IP//W/PQ/99D8/yBr927/vsgffn16e11dOXsjRtCO64yfSiofMpngQbZuXo28tHlY7f4r7kH+MyLyY6xVC9D/FHc6txmNwPwk88s28IjI//Z5/vfd4x3DX3ps/xntM249xF3f7Ofbn3Wox1P9e3eiY6vGprPE13LFuVe5PHe744D//DZyr3pwpcz1p0GaGJ49/H0nSS/UY45z/jp7vcv24d3Z/tQ/vnv8xxWdkb/x/vOdfdfvf1POe87Oe//E/2POfbEWfhTdr56IHRvPvJ+jJdKH0MwKfdJHNM+rIdKfYU2yWJzCVX3Sb56L14/bz25dFOykfY2VPr1F48Y2xyW9721Ncf9uabjz/8NBNjOCjvZ+PBdPXDcr0PMW1MvLz2xfUVZ9GW5TN2ipv+zW0/bVX3eI87FyX70dplk++H69+beTCeeUnfb9WB3+blo7krf6WiT9Gvm/yJzL5KZDPP7kjH6jcv7mIlXzT833EvdAa+6dn8xOp4dxv9i07Bd+CsZm6vfVZ/dYzdtl8amTis+m4fmr4n7Hi2wS+6heqRUP+jzFpbdYHpdufD6f1yn9PvQYdHESHIfh6rfanUK/98w8B6RoYHWT83N4fLlbg03hAjkeQK+iTnfnx4w8xpLQqueh4XlHXD39XBSj+HOOjThr6d66AnTHvY6sZ4y89mMSHRvVELf4wh/GVbnagW4sWD+2+drqbIpMDqR+Up6Mj43Pi2+tlOTP/osPaaX3o0J/fvmS6zpouJdGHsyb/jYt+8y3y/KqnuP7uLCffvuD5UTmlCr4hc8f2ujHFbmll5Oe3L1ZVfdoaomTaTHnXr+9Wq9VIfJij/691UCIiKjqlh+Q3HftMQ835nd9Tf4/3798Okt6Mz58vhvhbnv8WynvGVt+Mdb8Z4u9W34z2+zDWERhLYIy/x5vRfh/Gst+Mj+V+MVy/95vRfjvGEhgTp+alCMkfrRTXn3T/Rya5kxwFreys2a5of15JNw7TA6laHehSDL5YaxvQBJApxMnpxYoLvBjY8lKZoJmnVrMGYPjfJTS0oKHTxre0X/F3+l30KnI9G2TKdUC585FzDEyOzZpe70Gr3OmGkgeQxedLbvt9XIiu76Cp2cFAXwrQBfYEyLJ4WVRec7He2rwrgQBevMAT1Py8LqV4PhRd1UNeyn7TLVvZLmslgiYP6DY4PkWff8sexqeXmyTSilHwhdIENH2Cb3vKdt8wAXT3CQFTG8oXnTyALqx5ALqliwDrmt6l83Rb5OLjwBjoCtBJmXz1u0xkL14zIbfDK0AT75S60+0TdLMZP6DT45TwldSedPfrk9JHpsPDuDdkTfHvBND8BJlTyf3zrIyYX8km09ldSwyubAkkGzQEkDvy+MyzyoAs5+48iUa/K6fZ+dQ2KSEVI6uqFl/uQeDdKP0zIBvwFBkRoCvNPNDYceTzFr4qjYEqAK2LZ2Dpb25J1s07NDejFK0qMJSi8YmfdJhYlyc6f4MuO60FyNI9fKMYzcXKE5Xn4wSQ34Vu66I9DPISOqMtK0C/9WqdbHOZNNdFF5EzIL+nPL+b/vZflT/0fnXo719oz/OrhwGg//b3ACvy25cxAu1M4RkAxjLilxzxW//2ZdZIOyPtDCwzVn/GBv72ZaVAu1p4BoCxrFj9FRv40M5ASzsxXs8AAEus/ooN/O3LbpF2RdoVWHas/o4N/O1LTjnw5tTDUwfJQGITIo9wr8idS+QGcphiOyIPc+d+cUeBPAiY8tWSHFv7cNM1p02iStpT8TsjlAQ8do+Gonk5y0gALVkiallFSMFjUk2scqj8g7QtJkYPsKcAM0uF5CT60nn7Grm0JLfWlM5boAipciVvoSiiiNvT37TfmX5POdjxKdPV0TUjaVUcmx6oSQhdIcbO0p5JXLvKfwqSszjU06bZpHpyRRcBQ4Fhj9BVH1y7bFF5S4qg2bS3n5AmB08SUqsgGR2qrdLDMvmOdXmX3jPGl6Nn7S37LqULT5IDLOku9NKPfWSgLWdBCWnOxPLv2pwRJqRMsexyHEMUEhGcZ1A8ZOiSVXAe0d3j48RJhMwsfldCDkJoPfCZdKNhSGJPQ6PZqUjhOk+7c7lsvgyOEBNJOvVWgsliNOxHF98/IsAoEkzKqlF6N839EpLl8MxC01VcaGl3yZlQEqMWQ/jrLd44ZsgQRLtw8YIkQiQcEWQK0rIi/O75vKACmIyMbC/nGwZp15+2cvHkPiF6YUih7XWbe0tvNCFkSyw0tUcnH2LAfaw88+uSLpZVLwSMV8DECAddA22gJcMSc1n1/AcXIaCNbJ2DZxMCQ4Y+xd3+HaQA2QHx3Dty0wqHN9ONaKlvF8+Lu47I3VJkupE6IjcQx93qxT0v7hupkRuI4+4pclP09Wb6BEmRG4jnnhf31HXEjJAk0dkVcqFH0VEFHa6hVlI0kWImPMK62nUoCXUeuF3NVH4kXazN2QkaD9HpKaYvmfSFHjkaJcDIR6UEqCayrIZ05skGkBmQ64mhzXSeST/6nQVZsAFkFfpmf3UMBwHNXk0xOZ0fMq12o01BttkEvqqxS6UM0d48NNbjfUYkAvFjTvcxH3Umi82HEi3+mHq/Kh2apB9KVvwTMpo517nkGXWKFKHSl+o8H+n88YOYf1OfPTrnzJxff+JbM1vq+iniHT46eIChr2pfucK0xMycJA2ZH9qFEIO8JgHZ/DF7VkLURqn3pdp5/0y/EZawD6cWDSvDbp4Qiw04EqDzJ7MFKhwt8ImUxUcUdLZkB1KlN9ewUnIub+MARRG6eZYQdTiaJKGvMhHwTHmmyAVHZfDokXJrehMnIUOybXvZM2PIM3iEFtsyoHI9eM0cIdW8gpcRkZsntGWlkqWTvzNSpiT69BrGkvgsSkLMYye+JI8RkS3Kx9C9qYTI9UqPD2t5fYoMIJRynBGhAfNB6F1VJGfJoe9FlFkQq88gi0OIGhjZXyWIiBNdTCLytgGojE5VtSzDUUKGAr53JDhvr3ZRcJ6ulqarpe27iJWiQcWM3HwfxYsbCJjS1a8p9j1xp8C9R3gIwOG52pFiW5/RWw3EtLn99QwAo9mxDTs28xlrjkhbIm0JLCs2YMUmPgPuHWhnD88AMJYZqz9jAx/aEmjHCs8AAEus/owN/O3L6JE2R9ocWEas/ogN/O1LX4HW0lJ4xhJX0HDNbMEGWOoLZoJWBFfVlaEJI7oCk7VJkjmaUoLCWdIJOmlpKWit5a2g2JbZgu5b7gvmwbJjaL/lzw4Qv0SP3+rpIdp9ocZhcLqQ4pLiHFiXM3Lh4niTUXVOkPYPleb8ZNtqos2VWs4X3taSwuaPLWsMj215ZTh1SoSKW7JkK18/PuxuakvYwi1YStcch+V84VosKwzvo2lj+CfLK8OFWeYZXs5S03CEfEFGd76ymwMxd0qnaaizF49LQG7OKdN0zKrHbdPvUZ1jp0/WvO8ngAbHGhzQpYnFBQ80Ja1OXuIL2h1RNLyYxuiEQCdFeJQ5iHvLrEjjalkk2ygHLVGpBLu056muEw7TtEjPLmC2iROE1DqxgqDbz3EtP8eBsNGmRRBZ2sQJgk+bWkF8apMvCGFpbNKyC3IJ0IpLGEwTI8VHygTk7oJp2gNWfLxNgKzqkIicplKaDAWGzQFxOgJRPR0PxAKKQxPfXW5XBtAJfP6/th7h/hedBN7fmQanww+pq2i8uuV28vbD/Pk9w13K6m8k/1mXn7hncli+8HfXhU6F0brUH2Xx2XlP+7n9+B98z5rXe8pPP4dZ/f7DDz/9B99Dd4o1EaGp75m6JIdWEst7FLH30KLgQqmJJpel/s4IfRqaYE0yTCJkyEBcLxCy6W1apCzDhcBjV5fyEAKLrTMdebMFmTISYUSmc+3KnsLTC2cBdOT5bAG0X4HASbHP9wzo9rv2yH9pujZElmL6xXwzf395w/fJaW92JE9Nlteus/6pyVKUR/3C8trlltfyWkZKVgL54Z/+yqopvn928XzzWHaR/Nyc8hmVVia3r8RP87T58YZ823CRn7SEgG6RSst+f5PrvWbB83zns+Oj3/zP/L5fv9hvmSn89gXPkyMnqTC+LrtL9XX0i15v1ZHf376guvI4WqNs1lp526+h9fcdH/TvdBcRPUChh/QPHYBMSNardTJPw1ZawqVX0Ge+FJmQrpc3Zb4kmBC7dSlLYFbo6GHj6cxjd4lz7bogtVspHuOViqu1aCPg4P5duPyHDtknxO5zkjPNCKnZrifq/BmyjcR4u5qs8TlXy9JFcrzqB3c1LWZOerABd3cW6ei4cUpamnBhUeP28Ex/tftnN8l9kQ043/hyK7pSj5CE667akGULO9lFWrMLYi11KxvsxrDaJbk8lebxSrTGhTa5Diu0hyIy4KZdUjQozlsDPpGyERC+IQal+Iq1VB0zX8yWlns7IdWQbhe8jdRcIwhZyiwNpQvneMYWnSF32zXXYXz7XfGdynfmrek6nlSHdnGfj0NI2919QEJobgDfWK4PrE4O+IpBJjZZ4QsQq5cnvjZxDydzfB9jq04u7VLJI7us+066+cb45DWAb5VnSTEtYYRrY5rE23d4GZNpGyE5eY1kpC2ntYyoIbJ2Ns7vEzJL9wiZizp9qUYBXPPMtE+zN/92CuFlf6bVsNkCGrSi2XXiaCkF5bhJlHuDr7Zbp7/oKIXUfY/Soq/Zfa/Txp+6/JchK7Wb/3psb4b/wuotnRTQhlytjQgKH1lq0sWyxNermXSxvJHh0EtMVSZpiYa+XOXW3cqpss0Xyplss/yzufEq0m2JDNSIdrxydaBqZJFYLqCOhAyvsQRs02FpZmP34DSfELtgmY3DAdR+oAxsDHhhh+zVZqlQORgzNAAGD42EUbR+gN1EV8G2uqvo1P6iy2Gj8Vlgx/HpYOvxeeEPIAHwGZAS+BVIEnwPpA3+CRIJHwaphZ+DZMMXQvbhL6Ef8KnQIfhd6Bl8M3QR/hv6Ch8PnWbkpfdAYBtiZGBRK55qjaMFh1Trs8N9Idn6noMYqlEaQDojdaHvk9R6jA6kCWIfrMjvbeEx3TtJwLmlsCwxOhm3FNLyNQJUVnTpTtuIC4pkkKiXcUlho2lL/hLbELVmA7cx8mwTn7wChIa6hMxzbaFNf9nbaYcvI8kaNZZYQbvDvbAzYwTXM4owYVhAVwgwcoIdCi55A771xM4qlMOCHRqO8PpS7b/K93czMgypPKmW0RW0VEoR1eLKR14QYgJX1V5knVPhfftibdMCktUiQ9MbD9Ge3p+m15wOI6RbXEUr4Fhnt1kDXp3IfW02hKcbqNeKMa8qPHK2Utbt+5WvtbSLTqUzCp89IEhNXS1GV4TO22akGMKrj7m7gVC6iLsbhnCKBUvJnplCvCWZ3WXumx+Z9nL6JozIpA6fH60mrZgNlnwOIU0RebnsxBek8bepX7PRqOcpySJKUmVBzCHQOg9GtFFTpsQYgdPQ+hVV8snLKgUxR3MBY7oy7J16d7yMVPdqAkb21SOka5OkCYTQOQhoJAPN9wO5ylxcV7Hv3MN1J/vXMVyXM9KK+yzilZf7dHzn8fJfl325yujOxsP5PEgJ37g8h5MkRlRDVjWEdgIeieS7nF9SS0hXZj3FlIKN7aWfA5LanIYwkqvTIg5jWnaaJhdUZ6eNfPN1K05j5Xbs7rRartSuR/EJGMPbBr6Zm4bNsB8P4uwLB2ZqubbeRk5rsoqzU3zfd1vOljFSu7N3hKhx09M/COjebBIi0+BqVxmY2ZleCRybM8+MzOZMON9hPr2ZZ2QM5wrkdvTm3AUjbTqXwleql+LcDiN5ONck97B79yVIdR6Ow19ON5kXZCTv4ygZ6M6TClCcs5Vb4atzyHZP/HHagnjH/kJq9ggChBeCgQCGKn34txNy3t7lmbynb0TpejM22kmz/u3VFwXXalh/0cHoO/s+pfl4DPa432lWHzXkb8OLBZb/fgV3Qdk3JqQMLwc0uBvDywohcjy2yRPtK8ZN9SxzhHR7F8vlg/RkpVh0Cakv8aa1efZI18EnhjysIzQ8nSa5rEe85c8Q1jUa1AIoMsrdpqy0cm/YO1iZaVScLDvGCk8LqpINo9gmENLMKLDdKBQne9NCA3CM/tn80CBdTqAxE/UgHaaOzRjNluOyezZ1hEwzdU1TPKUZM5tMQrrlHtis0jw8RmxseotcauDMM6cRbOTHJpyQ+jLzxa4rhysgpJlzYHdBp4h0KzU0v7iGuSbpjaQXQ8E1EbKNh90XIdUyMVkL/f+dnUlywyAQRa+SE6QsNDV7+za5/zru6QnaSVyV8kptCRCC7v8ZPusUBHUoRGSMk7ZKoY2xVC17UkiLt2aBQsaQGAlb1DZL3mKR3SyML519sIAPZktvxWI4g5TBIuQOXqGACWl4B0AP7wkwoi4AT9QXAIsqBYRR7QA1Pk1iOb4ecI8vDCSkFQAbaSlAS1oT8JMWB0SlVQJjablAXVo3cJgeAGSmlwCr6UlAb3ob8JweCYSn1wLzs2NDBOj7kAX8A4QCHwLpwM9ATMILQV3STcFu8GQwILwdLAmPGDwqPSY8C6cKF8PxwtdwznA6HDi8DycPNyQQwB8JFnBMAgo8lKADVyUwJZ0ldsF4iW+wYmJg8mbCJMyaUAr7JtzC0AnJsHjCdh0f8NmoeZv2X2oCS989eqiM5pnCVVKVArbHUS33quzQZRTvqJusVbcjdjOrPufxcdga/qc70smW2Mvc/rOXua1+WH3TyT5JgYDVhDz0MJmctFp9FncZLKMGjm/ZeD6hDSZWw8XR1LEyPa5tU/iXzTraeX71Ou9XwSbSu/6XNl+f8rkNyZdL7p5Kl/tqL3mwJVyCHSmZxXdDZ4n+Yr1QLbkHQ48rOYtlC8teLDliuLpAtxVFpltkC11pLPo2rNHvYelhieJMFgnLNluulBc/S2vMfXpzX6jXrDOYxtmWO3TOqL8jNrYscUiKorhcXOiZtdi/iOVMUblljXNoXi3DU90P2rtSVn3Cvo+5Y/ESDk/pmi0fRMmUtUX5iAS53/heWcIXy/VUvumVcqmfWeTu7YS1rkPUg7VcuqtVxZAuRYtkPeVWLY+fFUB+yXf3JS4ipmDhIg+tSuntrhUwTp2/+DG5XwpN+vsGA0ekPQ0KZW5kc3RyZWFtDWVuZG9iag05NiAwIG9iag08PC9CaXRzUGVyQ29tcG9uZW50IDggL0NvbG9yU3BhY2UgL0RldmljZUdyYXkgL0ZpbHRlciAvRmxhdGVEZWNvZGUgL0hlaWdodCAzOTUgL0xlbmd0aCAzOTYyIC9NYXR0ZSBbMCAwIDBdIC9TdWJ0eXBlIC9JbWFnZSAvVHlwZSAvWE9iamVjdCAvV2lkdGggMTQ5Mj4+DQpzdHJlYW0NCnic7d3ZetPIFoBR5oQxDM3QDIGmoaGBbjjv/3DnWCWVVCXLDoktIu+z1j35lFz87G9X2bpyBQAAAAAAAAAAAAAAAAAAAAAAAAAAAAAAAAAAAAD4f3QVgAu47HpXLvuPARCFnAMEo+cAsSyz6NcAGFle1QUcYI8utepiDjCHy6i6ngPM59dW/ayeXwfgHM7q+uUU/bL/KgCH7RKqPl30Lc94A4CRnwv77FGfKrqEA+xqQ9fnrfp60dUcYG8msj5j1NeSPp3zmwCcw3TY5476hqKLOcA+rGV9XPU5k14HvXysWwCcw1TYy6rPEfWppI96vv6gRwBM2pL2oupzRX1q71IUXcYBLm4c9nHUr+056puG9DLo5fMdA/ATJso+WfW9Rn1D0oegb275bQBGNrd9yPp8UV9PelX0Uc4v+28FcFhGYV+r+p6jvjHpfdDHMb8DwE8Zp73P+mxR35L0PuhrMb8LwBnW0t5nfUvUZ0j6MKT3QV9v+T0ANlpve5/1alTfb9SrzUuV9Lbofc+nSn4fgAlTde+73ld9FPU9bF+2Jb0oelHz+rkfADAy2fec9b7qc0T9rKSXQZ/K+AkAI1OBr7O+PerzJD3N6F3Qi5pXT/4QgJGJwOeut1lPo/oMUS+aXib9qE16KnoX9KHmxXM/AmDCWuBz19ust6N6WqrXUd+t6WcnvS161/NxyB8DMGmc967ruerzRL3evNRJ74veBn2oeX7iJwBsVNe963rKeq76OOrF9mUPY3r7UaN8OtomvSl6G/S+5u3D/gbAGYq4d11PWW+q3kX9uI36jSHqOwzqE5uXdkrv9i590bueDzF/WnoGQKfK45D2rutD1bv9y1Ef9Xr7slPSrw1Jv5WTnof0puhtz/uY98/+HIAJdeK7sKesN1XvRvUu6reGqO+0fRlvXm7mzUuX9KHoKeh9zdsnfgHAFkXd27CnrPdVb6Oety83x9uXcyf9vwDM6Pff+7a3XW+y3lV9Kuq7DeqX/dsCxPby5cvfG13Ym6z3VU9Rv3v3zu3bxTnpToP6Zf+2ALG9arxsy56y3le9jnq/Uq+OSTUdYEnevF7pup6y3lU9R725/VJsX0aDuqYDLMnpm0bf9b7qq1G9i3qzUi+3Lzs0/epl/7YAsb19e7rSd72reo76sH3Zy6Cu6QCzevfu3dvc9Vz1NKq365fRoH5zt0Fd0wFm9ccff7RZf5um9Tyqp0k9Nf2kOiYtTkk1HWBp3r9/32e9ndVXVa+iXgzq1fLl/E2/qukAs/rzz/dF1lPVc9TLQb26+nLR5YumA8zrw4c/c9abqvdRfzFEvR/Ui1NSTQdYoI8fPuSsN1Vfjeo56kXT+0F9t+WLpgPM66+PHz/mqjcbmC7qL+uoTzb9mqYDLMtfKynrXdX7qI+aPr75oukAy/Pp06eh6n3UX/dRH5Yvmg6wdJ8/5aq3o3oT9dPTiUG9XL5crOlXNR1gXp9XUtXbUX01qTe3X/L2pV6+dB8lveghqaYDzOzvv/8eqt5FPW1fukFd0wEOx5c66nn70mzUy4V6eUNd0wEW6suXvup91NP2JQ3q1UJ97ZBU0wGW5euXVPUc9bx9OV1fqDeHpJoOsGRfv37No3ob9WFQTwv1bRdfNB1gWb59TVXPUW+2L3mj/urlxCGppgMs17dv3/qoF4N6t3wZHZKW3w5w/gvqmg4ws3+GqBeD+rt3p6fDIWl98UXTAZbqnzrqaVDPp6T9IenJSfHtAN376zQdYHH+qaLeDOofPvw5bnp1mVHTAZbq3xz1PKh3y5f+kPSsy4yaDrAY/9ZR75cvmg5weP7tot5sX/Lypbv50l18OeOCuqYDLMb3FPU8qNfLF00HOCzfh0G9XL4UTf9t+4eONB1gMb6XUe+XL33T0wV1TQc4DN+/5+1Lu3wpm/5a0wEOyvdiUM8L9eaGenuZsfwgqaYDLN2PFPVy+dI1/Z2mAxyaH9XypTwkbZv+PDf9/j1NB1i4punfq4V6f/FF0wEOzI8f46Z/Wm/6o4eaDnAAfjRRz8sXTQc4aFuafpq+8EXTAQ7GWtM/azrAofpRL9Q1HeCAaTpAHJoOEIemA8Tx65p+VdMBZvaf4uLL8IUvRdOfTbxk+sZFXjKt6QBz03SAODQdIA5NB4hD0wHi0HSAODQdIA5NB4hD0wHi0HSAODQdIA5NB4hD0wHi0HSAODQdIA5NB4hD0wHi0HSAODQdIA5NB4hD0wHi0HSAODQdIA5NB4hD0wHi0HSAODQdIA5NB4hD0wHi0HSAODQdIA5NB4hD0wHi0HSAODQdIA5NB4hD0wHi0HSAODQdIA5NB4hD0wHi0HSAODQdIA5NB4hD0wHi0HSAODQdIA5NB4hD0wHi0HSAODQdIA5NB4hD0wHi0HSAODQdIA5NB4hD0wHi0HSAODQdIA5NB4hD0wHi0HSAODQdIA5NB4hD0wHi0HSAODQdIA5NB4hD0wHi0HSAODQdIA5NB4hD0wHi0HSAODQdIA5NB4hD0wHi0HSAODQdIA5NB4hD0wHi0HSAODQdIA5NB4hD0wHi0HSAODQdIA5NB4hD0wHi0HSAODQdIA5NB4hD0wHi0HSAODQdIA5NB4hD0wHi0HSAODQdIA5NB4hD0wHi0HSAODQdIA5NB4hD0wHi0HSAODQdIA5NB4hD0wHi0HSAODQdIA5NB4hD0wHi0HSAODQdIA5NB4hD0wHi0HSAODQdIA5NB4hD0wHi0HSAODQdIA5NB4hD0wHi0HSAODQdIA5NB4hD0wHi0HSAODQdIA5NB4hD0wHi0HSAODQdIA5NB4hD0wHi0HSAODQdIA5NB4hD0wHi0HSAODQdIA5NB4hD0wHi0HSAODQdIA5NB4hD0wHi0HSAODQdIA5NB4hD0wHi0HSAODQdIA5NB4hD0wHi0HSAODQdIA5NB4hD0wHi0HSAODQdIA5NB4hD0wHi0HSAODQdIA5NB4hD0wHi0HSAODQdIA5NB4hD0wHi0HSAODQdIA5NB4hD0wHi0HSAODQdIA5NB4hD0wHi0HSAODQdIA5NB4hD0wHi0HSAODQdIA5NB4hD0wHi0HSAOH5d069oOsDMUtK/p6Snpn8eN/1pavqD+6npx8dHt1LTr6emnyvpmg4wN00HiEPTAeLQdIA4NB0gjuLay7evXzQd4JCtNf2TpgMcqi1Nf/P61e+aDnBA6nW6pgMcsibpddP/Wm968zFSTQdYvHZM76+9FE0/1XSAA5NXL0XTP35YNf1d1/Rnuen37mo6wMLlMb26ytg0/a2mAxyaavVSX2V88/pl2/RHmg5wEIoxvV29FE1/pekAB6VMenVE2jb9+arpjzUd4DDkzUu3emnW6aOmD6/E0HSAZRvG9GL10n81gKYDHJIu6aPVy/s/0rWX0avr7qRX12k6wFLVSa9WL5oOcGBy0rsxvbud3l9l7L7upX7F9M0LvWJa0wHmViV9WL3UTT85ua/pAMtXJ71fvbw7TUekxcdIi6bf0HSARRqSnjYvw62XN6/r6+nVV3hpOsASNUXvkj6M6cUR6XCVcfojR5oOsByp6H3S85jer9NH1140HWDJmqKnXXqX9OGE9NX42svkVUZNB1iOPKS3SS/H9P6ItL7KqOkAi9UXfUh6O6anlxzVR6Rd029oOsAy1UnvNi/96mXtiLS/yqjpAMvzeSh6Tnozpq+v03dv+hVNB5hXE/RV0dshPW9ehjF927WXc15P13SAueWip6S/T0lvt+kvy3X65BGppgMszF9D0YekT4zpmg6wfG3Qc9GHpG9bvWg6wDI1QW+L3gzpOemjMX266ec9ItV0gJnloKeip+PRLunVmF6v04tv8NJ0gAXJQU9FH5JejOnF6mV9nX6upl/RdIBZFUFvi94nfW1M33X1oukAM+uDnoqehvQ66ZO3XjQdYInyhN7O6G3SX7x4njYv4zG9f2/dBVcvmg4wr9zzoejpeHSV9G7zUn4vwNpNxnM2/cpl/7YAsaWctz3vi94nfTym73ZCqukAM2ty3vV8FfRc9HbxUt9N38OYrukAs3rV9bwNei56n/TqgLQ8IdV0gOVpa556vgr6UPRR0qfHdE0HWJS25k3OVz1fBX0oepv0avMybNMv2PQr7T9rfsDqB63+h1j9zFu3jo6Oj2/fuXP33r37Dx6cnDx8+OjR48dPnjz57bfV8zx91nievABgi7aVKZtPu6Dnok8mfbcxvWx6H/VbKeq3u6gXVW+z3oa9LftQdwBqfSaftjnvgj4UvUt6sUzfdUwfDeo56kc56ne7qKeqN1lvup7C3qU9ewZAp8pjW8wnbc9XQU9Fb5N+Nye9WKbvNKbnphfblxt5+3LcRn2oepP11PUU9px2ADZre/m46/kq6H3R26QfF+ej9eblQk2f2r50k3qOeqp6l/XU9a7sfdwBmJJb2ZbzYQ56KnpO+tHaMn2HMX08qI+iPlS9y3rqei57WXcAakMp23Ke5KD3RV9L+s5j+s9Evat6k/XU9Vz2Ud4BGBShbMv5oA16W/S5kl42vYp6e6Wxq3rOeup6LvvJWuABSKpMtuW8PwQ9Fb27xDhK+q5N3x71NKr3WW+7nsv+YCLwAJzkjD8oap563gW9HdJnSXpu+uao11kfyj4VeAAe9Bkval4F/ayk79D0rVEvq56yPpR9qu8AtKpUdvm8UxV9nqTX25c66l3VU9bbrvdlX6s7AJUil11Ab3dB74o+Tvrum5eNUR9G9VT1Nut92Ou2AzBpaGYX0eOu6MOQvvek19uXUdRT1dus565XaQdgm6Gcx33QiyF9Pek7N31z1FPV26x3Xa/SDsDZ+nwe9UFvij5X0qeiXle9y3oRdoUH2Gi9lbmit9aKvv+kb4x6qnqX9b7r020HYF1ZzltD0FPRZ0v6OOrjquesj8oOwM8YGnpzsuj7TvoQ9bVRvat6FXaBB9huvZh9TG9sGtL3l/TpqHdVL7o+mXYANisLmqt6feakr0W9q3qf9TrsAJzPUNPr16f2LvtNehH1UdWLrEs7wHnVDb2+oej7TvpE1Puqr4UdgPMqknpt/qSXUe+rXmZd2QEupC7ptfWiz5H0DVUfd13kAbbaEs0irbMXvY56WfXtYQfgTHVTr/6KpG+turYDnN9USX9V0cdVn+46ABdVN3buoq9XXdcB9mNc119R9KmqSzvADiaj+quKvrHqMg9wpp/r568s+s9XHYDz+9VF13WAeVxOz4UdYM8uOee1y/5jABymy643AAAAAAAAAAAAAAAAAAAAAAAAAAAAAAAAAAAAAHAZ/gfwCs3MDQplbmRzdHJlYW0NZW5kb2JqDTk1IDAgb2JqDTw8L0JpdHNQZXJDb21wb25lbnQgOCAvQ29sb3JTcGFjZSAvRGV2aWNlUkdCIC9GaWx0ZXIgL0RDVERlY29kZSAvSGVpZ2h0IDM5NSAvTGVuZ3RoIDE3NzU2IC9TTWFzayA5NiAwIFIgL1N1YnR5cGUgL0ltYWdlIC9UeXBlIC9YT2JqZWN0IC9XaWR0aCAxNDkyPj4NCnN0cmVhbQ0K/9j/4AAQSkZJRgABAQAAAQABAAD/2wBDAAgGBgcGBQgHBwcJCQgKDBQNDAsLDBkSEw8UHRofHh0aHBwgJC4nICIsIxwcKDcpLDAxNDQ0Hyc5PTgyPC4zNDL/2wBDAQkJCQwLDBgNDRgyIRwhMjIyMjIyMjIyMjIyMjIyMjIyMjIyMjIyMjIyMjIyMjIyMjIyMjIyMjIyMjIyMjIyMjL/wAARCAGLBdQDASIAAhEBAxEB/8QAHwAAAQUBAQEBAQEAAAAAAAAAAAECAwQFBgcICQoL/8QAtRAAAgEDAwIEAwUFBAQAAAF9AQIDAAQRBRIhMUEGE1FhByJxFDKBkaEII0KxwRVS0fAkM2JyggkKFhcYGRolJicoKSo0NTY3ODk6Q0RFRkdISUpTVFVWV1hZWmNkZWZnaGlqc3R1dnd4eXqDhIWGh4iJipKTlJWWl5iZmqKjpKWmp6ipqrKztLW2t7i5usLDxMXGx8jJytLT1NXW19jZ2uHi4+Tl5ufo6erx8vP09fb3+Pn6/8QAHwEAAwEBAQEBAQEBAQAAAAAAAAECAwQFBgcICQoL/8QAtREAAgECBAQDBAcFBAQAAQJ3AAECAxEEBSExBhJBUQdhcRMiMoEIFEKRobHBCSMzUvAVYnLRChYkNOEl8RcYGRomJygpKjU2Nzg5OkNERUZHSElKU1RVVldYWVpjZGVmZ2hpanN0dXZ3eHl6goOEhYaHiImKkpOUlZaXmJmaoqOkpaanqKmqsrO0tba3uLm6wsPExcbHyMnK0tPU1dbX2Nna4uPk5ebn6Onq8vP09fb3+Pn6/9oADAMBAAIRAxEAPwD5/ooooAKKKKACiiigAooooAKKKKACiiigAooooAKKKKACiiigAooooAKKKKACiiigAooooAKKKKACiiigAooooAKKKKACiiigAooooAKKKKACiiigAooooAKKKKACiiigAooooAKKKKACiiigAooooAKKKKACiiigAooooAKKKKACiiigAooooAKKKKACiiigAooooAKKKKACiiigAooooAKKKKACiiigAooooAKKKKACiiigAooooAKKKKACiiigAooooAKKKKACiiigAooooAKKKKACiiigAooooAKKKKACiiigAooooAKKKKACiiigAooooAKKKKACiiigAooooAKKKKACiiigAooooAKKKKACiiigAooooAKKKKACiiigAooooAKKKKACiiigAooooAKKKKACiiigAooooAKKKKACiiigAooooAKKKKACiiigAooooAKKKKACiiigAooooAKKKKACiiigAooooAKKKKACiiigAooooAKKKKACiiigAooooAKKKMUAFFLiigBKKWigBKKWigBKKWigBKKWigBKKWigBKKWigBKKWigBKKWigBKKWigBKKWigBKKWigBKKWigBKKWigBKKWigBKKWigBKKWigBKKWigBKKWigBKKWigBKKWigBKKWigBKKWigBKKWigBKKWigBKKWigBKKWigBKKWigBKKWigBKKWigBKKWigBKKWigBKKWigBKKWigBKKWigBKKWigBKKWigBKKWigBKKWigBKKWigBKKWigBKKWigBKKWigBKKWigBKKWigBKKWigBKKWigBKKWigBKKWigBKKWigBKKWigBKKWigBKKWigBKKWigBKKWigBKKWigBKKWigBKKWigBKKWigBKKWigBKKWigBKKWigBKKWigBKKWigBKKWigBKKWigBKKWigBKKWigBKKWigBKKWigBKKWigBKKWigBKKWigBKKWigBKKWigBKKWigBKKWigBKKWigBKKWigBKKWigBKKWigBKKWigBKKWigBKKWigBKKWigBKKXFJQAUUUUAFFFFABRRRQAUUUUAFFFFABRRRQAUUUtABS4oApwFADcUuKfil20AR4pcU/bRtoAZijFSbaNtAEeKMVJto20AR4oxUm2jbQBHijFSbaNtAEeKMVJto20AR4oxUm2jbQBHijFSbaNtAEeKMVJto20AR4oxUm2jbQBHijFSbaNtAEeKMVJto20AR4oxUm2jbQBHijFSbaNtAEeKMVJto20AR4oxUm2jbQBHijFSbaNtAEeKMVJto20AR4oxUm2jbQBHijFSbaNtAEeKMVJto20AR4oxUm2jbQBHijFSbaNtAEeKMVJto20AR4oxUm2jbQBHijFSbaNtAEeKMVJto20AR4oxUm2jbQBHijFSbaNtAEeKMVJto20AR4oxUm2jbQBHijFSbaNtAEeKMVJto20AR4oxUm2jbQBHijFSbaNtAEeKMVJto20AR4oxUm2jbQBHijFSbaNtAEeKMVJto20AR4oxUm2jbQBHijFSbaNtAEeKMVJto20AR4oxUm2jbQBHijFSbaNtAEeKMVJto20AR4oxUm2jbQBHijFSbaNtAEeKMVJto20AR4oxUm2jbQBHijFSbaNtAEeKMVJto20AR4oxUm2jbQBHijFSbaNtAEeKMVJto20AR4oxUm2jbQBHijFSbaNtAEeKMVJto20AR4oxUm2jbQBHijFSbaNtAEeKMVJto20AR4oxUm2jbQBHijFSbaNtAEeKMVJto20AR4oxUm2jbQBHijFSbaNtAEeKMVJto20AR4oxUm2jbQBHijFSbaNtAEeKMVJto20AR4oxUm2jbQBHijFSbaNtAEeKMVJto20AR4oxUm2jbQBHijFSbaNtAEeKMVJto20AR4oxUm2jbQBHijFSbaNtAEeKMVJto20AR4oxUm2jbQBHijFSbaNtAEeKMVJto20AR4oxUm2jbQBHijFSbaTbQBHijFSbaTbQBHikxUmKQigBlJTiKSgBKKKKACiiigAooooAKKKKACtyDwX4qureK4t/DWszQSoHjkjsJWV1IyCCFwQRzmsOvt/wJ/wAk88Nf9gq1/wDRS0AfIP8Awgni/wD6FTXP/BdL/wDE0o8CeL/+hV1z/wAF0v8A8TX27RQB8SDwJ4v/AOhV1z/wXy//ABNOHgXxd/0K2t/+C+X/AOJr7ZooA+KB4F8W/wDQra3/AOC+X/4mnf8ACC+Lf+hW1v8A8F8v/wATX2rRQB8Vf8IL4t/6FbW//BfL/wDE0v8Awgvi3/oV9b/8F8v/AMTX2pRQB8V/8IL4t/6FfW//AAXy/wDxNH/CC+Lf+hX1v/wXy/8AxNfalFAHxX/wgvi3/oV9b/8ABfL/APE0f8IL4t/6FfW//BfL/wDE19qUUAfFf/CC+Lf+hX1v/wAF8v8A8TR/wgvi3/oV9b/8F8v/AMTX2pRQB8V/8IL4t/6FfW//AAXy/wDxNH/CC+Lf+hX1v/wXy/8AxNfalFAHxX/wgvi3/oV9b/8ABfL/APE0f8IL4t/6FfW//BfL/wDE19qUUAfFf/CC+Lf+hX1v/wAF8v8A8TR/wgvi3/oV9b/8F8v/AMTX2pRQB8V/8IL4t/6FfW//AAXy/wDxNH/CC+Lf+hX1v/wXy/8AxNfalFAHxX/wgvi3/oV9b/8ABfL/APE0f8IL4t/6FfW//BfL/wDE19qUUAfFf/CC+Lf+hX1v/wAF8v8A8TR/wgvi3/oV9b/8F8v/AMTX2pRQB8V/8IL4t/6FfW//AAXy/wDxNH/CC+Lf+hX1v/wXy/8AxNfalFAHxX/wgvi3/oV9b/8ABfL/APE0f8IL4t/6FfW//BfL/wDE19qUUAfFf/CC+Lf+hX1v/wAF8v8A8TR/wgvi3/oV9b/8F8v/AMTX2pRQB8V/8IL4t/6FfW//AAXy/wDxNH/CC+Lf+hX1v/wXy/8AxNfalFAHxX/wgvi3/oV9b/8ABfL/APE0f8IL4t/6FfW//BfL/wDE19qUUAfFf/CC+Lf+hX1v/wAF8v8A8TR/wgvi3/oV9b/8F8v/AMTX2pRQB8V/8IL4t/6FfW//AAXy/wDxNH/CC+Lf+hX1v/wXy/8AxNfalFAHxX/wgvi3/oV9b/8ABfL/APE0f8IL4t/6FfW//BfL/wDE19qUUAfFf/CC+Lf+hX1v/wAF8v8A8TR/wgvi3/oV9b/8F8v/AMTX2pRQB8V/8IL4t/6FfW//AAXy/wDxNH/CC+Lf+hX1v/wXy/8AxNfalFAHxX/wgvi3/oV9b/8ABfL/APE0f8IL4t/6FfW//BfL/wDE19qUUAfFf/CC+Lf+hX1v/wAF8v8A8TR/wgvi3/oV9b/8F8v/AMTX2pRQB8V/8IL4t/6FfW//AAXy/wDxNH/CC+Lf+hX1v/wXy/8AxNfalFAHxX/wgvi3/oV9b/8ABfL/APE0f8IL4t/6FfW//BfL/wDE19qUUAfFf/CC+Lf+hX1v/wAF8v8A8TR/wgvi3/oV9b/8F8v/AMTX2pRQB8V/8IL4t/6FfW//AAXy/wDxNH/CC+Lf+hX1v/wXy/8AxNfalFAHxX/wgvi3/oV9b/8ABfL/APE0f8IL4t/6FfW//BfL/wDE19qUUAfFf/CC+Lf+hX1v/wAF8v8A8TR/wgvi3/oV9b/8F8v/AMTX2pRQB8V/8IL4t/6FfW//AAXy/wDxNH/CC+Lf+hX1v/wXy/8AxNfalFAHxX/wgvi3/oV9b/8ABfL/APE0f8IL4t/6FfW//BfL/wDE19qUUAfFf/CC+Lf+hX1v/wAF8v8A8TR/wgvi3/oV9b/8F8v/AMTX2pRQB8V/8IL4t/6FfW//AAXy/wDxNH/CC+Lf+hX1v/wXy/8AxNfalFAHxX/wgvi3/oV9b/8ABfL/APE0f8IL4t/6FfW//BfL/wDE19qUUAfFf/CC+Lf+hX1v/wAF8v8A8TR/wgvi3/oV9b/8F8v/AMTX2pRQB8V/8IL4t/6FfW//AAXy/wDxNH/CC+Lf+hX1v/wXy/8AxNfalFAHxX/wgvi3/oV9b/8ABfL/APE0f8IL4t/6FfW//BfL/wDE19qUUAfFf/CC+Lf+hX1v/wAF8v8A8TR/wgvi3/oV9b/8F8v/AMTX2pRQB8V/8IL4t/6FfW//AAXy/wDxNH/CC+Lf+hX1v/wXy/8AxNfalFAHxX/wgvi3/oV9b/8ABfL/APE0f8IL4t/6FfW//BfL/wDE19qUUAfFf/CC+Lf+hX1v/wAF8v8A8TR/wgvi3/oV9b/8F8v/AMTX2pRQB8V/8IL4t/6FfW//AAXy/wDxNH/CC+Lf+hX1v/wXy/8AxNfalFAHxX/wgvi3/oV9b/8ABfL/APE0f8IL4t/6FfW//BfL/wDE19qUUAfFf/CC+Lf+hX1v/wAF8v8A8TR/wgvi3/oV9b/8F8v/AMTX2pRQB8V/8IL4t/6FfW//AAXy/wDxNH/CC+Lf+hX1v/wXy/8AxNfalFAHxX/wgvi3/oV9b/8ABfL/APE0f8IL4t/6FfW//BfL/wDE19qUUAfFf/CC+Lf+hX1v/wAF8v8A8TR/wgvi3/oV9b/8F8v/AMTX2pRQB8V/8IL4t/6FfW//AAXy/wDxNH/CC+Lf+hX1v/wXy/8AxNfalFAHxX/wgvi3/oV9b/8ABfL/APE0f8IL4t/6FfW//BfL/wDE19qUUAfFf/CC+Lf+hX1v/wAF8v8A8TR/wgvi3/oV9b/8F8v/AMTX2pRQB8V/8IL4t/6FfW//AAXy/wDxNH/CC+Lf+hX1v/wXy/8AxNfalFAHxX/wgvi3/oV9b/8ABfL/APE0f8IL4t/6FfW//BfL/wDE19qUUAfFf/CC+Lf+hX1v/wAF8v8A8TR/wgvi3/oV9b/8F8v/AMTX2pRQB8V/8IL4t/6FfW//AAXy/wDxNH/CC+Lf+hX1v/wXy/8AxNfalFAHxX/wgvi3/oV9b/8ABfL/APE0f8IL4t/6FfW//BfL/wDE19qUUAfFf/CC+Lf+hX1v/wAF8v8A8TR/wgvi3/oV9b/8F8v/AMTX2pRQB8V/8IL4t/6FfW//AAXy/wDxNH/CC+Lf+hX1v/wXy/8AxNfalFAHxX/wgvi3/oV9b/8ABfL/APE0f8IL4t/6FfW//BfL/wDE19qUUAfFf/CC+Lf+hX1v/wAF8v8A8TR/wgvi3/oV9b/8F8v/AMTX2pRQB8V/8IL4t/6FfW//AAXy/wDxNH/CC+Lf+hX1v/wXy/8AxNfalFAHxX/wgvi3/oV9b/8ABfL/APE0f8IL4t/6FfW//BfL/wDE19qUUAfFf/CC+Lf+hX1v/wAF8v8A8TR/wgvi3/oV9b/8F8v/AMTX2pRQB8V/8IL4t/6FfW//AAXy/wDxNH/CC+Lf+hX1v/wXy/8AxNfalFAHxX/wgvi3/oV9b/8ABfL/APE0f8IL4t/6FfW//BfL/wDE19qUUAfFf/CC+Lf+hX1v/wAF8v8A8TR/wgvi3/oV9b/8F8v/AMTX2pRQB8V/8IL4t/6FfW//AAXy/wDxNH/CC+Lf+hX1v/wXy/8AxNfalFAHxX/wgvi3/oV9b/8ABfL/APE0f8IL4t/6FfW//BfL/wDE19qUUAfFf/CC+Lf+hX1v/wAF8v8A8TR/wgvi3/oV9b/8F8v/AMTX2pRQB8V/8IL4t/6FfW//AAXy/wDxNH/CC+Lf+hX1v/wXy/8AxNfalFAHxX/wgvi3/oV9b/8ABfL/APE0f8IL4t/6FfW//BfL/wDE19qUUAfFf/CC+Lf+hX1v/wAF8v8A8TR/wgvi3/oV9b/8F8v/AMTX2pRQB8V/8IL4t/6FfW//AAXy/wDxNH/CC+Lf+hX1v/wXy/8AxNfalFAHxX/wgvi3/oV9b/8ABfL/APE0f8IL4t/6FfW//BfL/wDE19qUUAfFf/CC+Lf+hX1v/wAF8v8A8TR/wgvi3/oV9b/8F8v/AMTX2pRQB8V/8IL4t/6FfW//AAXy/wDxNH/CC+Lf+hX1v/wXy/8AxNfalFAHxX/wgvi3/oV9b/8ABfL/APE0f8IL4t/6FfW//BfL/wDE19qUUAfFf/CC+Lf+hX1v/wAF8v8A8TR/wgvi3/oV9b/8F8v/AMTX2pRQB8V/8IL4t/6FfW//AAXy/wDxNH/CC+Lf+hX1v/wXy/8AxNfalFAHxX/wgvi3/oV9b/8ABfL/APE0f8IL4t/6FfW//BfL/wDE19qUUAfFf/CC+Lf+hX1v/wAF8v8A8TR/wgvi3/oV9b/8F8v/AMTX2pRQB8V/8IL4t/6FfW//AAXy/wDxNH/CC+Lf+hX1v/wXy/8AxNfalFAHxX/wgvi3/oV9b/8ABfL/APE0f8IL4t/6FfW//BfL/wDE19qUUAfFf/CC+Lf+hX1v/wAF8v8A8TR/wgvi3/oV9b/8F8v/AMTX2pRQB8V/8IL4t/6FfW//AAXy/wDxNRz+DPE9rbyXFx4c1eKGJS8kkljKqooGSSSuAAO9fbFYXjf/AJEHxH/2C7n/ANFNQB8U7aQrU5WkK0AVytNIqcrTGFAEBFNIqQimEUANpKWkoAKKKKACiiigAooooAK+3/An/JPPDX/YKtf/AEUtfEFfb/gT/knnhr/sFWv/AKKWgDoKKKKACiiigAooooAKKKKACiiigAooooAKKKKACiiigAooooAKKKKACiiigAooooAKKKKACiiigAooooAKKKKACiiigAooooAKKKKACiiigAooooAKKKKACiiigAooooAKKKKACiiigAooooAKKKKACiiigAooooAKKKKACiiigAooooAKKKKACiiigAooooAKKKKACiiigAooooAKKKKACiiigAooooAKKKKACiiigAooooAKKKKACiiigAooooAKKKKACiiigAooooAKKKKACiiigAooooAKKKKACiiigAooooAKKKKACiiigAooooAKKKKACiiigAooooAKKKKACiiigAooooAKKKKACiiigAooooAKKKKACiiigAooooAKKKKACiiigAooooAKKKKACiiigAooooAKKKKACiiigAooooAKKKKACiiigAooooAKKKKACsLxr/yIfiL/ALBlz/6Kat2sPxr/AMiJ4h/7Blz/AOimoA+MyKaRUpFNIoAhIqJhVhhULCgCBhUZqVqjagBhpppxppoAKKKKACiiigAooooAK+3/AAJ/yTzw1/2CrX/0UtfEFfb/AIE/5J54a/7BVr/6KWgDoKKKKACiiigAooooAKKKKACiiigAooooAKKKKACiiigAooooAKKKKACiiigAooooAKKKKACiiigAooooAKKKKACiiigAooooAKKKKACiiigAooooAKKKKACiiigAooooAKKKKACiiigAooooAKKKKACiiigAooooAKKKKACiiigAooooAKKKKACiiigAooooAKKKKACiiigAooooAKKKKACiiigAooooAKKKKACiiigAooooAKKKKACiiigAooooAKKKKACiiigAooooAKKKKACiiigAooooAKKKKACiiigAooooAKKKKACiiigAooooAKKKKACiiigAooooAKKKKACiiigAooooAKKKKACiiigAooooAKKKKACiiigAooooAKKKKACiiigAooooAKKKKACiiigAooooAKKKKACiiigAooooAKKKKACiiigAooooAKKKKACsPxp/yIniH/sGXP8A6KatysPxp/yIniH/ALBlz/6KagD44Ippp5ppoAiaonqZqhegCBqjNStUTUARmmmnGmmgAooooAKKKKACiiigAr7f8Cf8k88Nf9gq1/8ARS18QV9v+BP+SeeGv+wVa/8AopaAOgooooAKKKKACiiigAooooAKKKKACiiigAooooAKKKKACiiigAooooAKKKKACiiigAooooAKKKKACiiigAooooAKKKKACiiigAooooAKKKKACiiigAooooAKKKKACiiigAooooAKKKKACiiigAooooAKKKKACiiigAooooAKKKKACiiigAooooAKKKKACiiigAooooAKKKKACiiigAooooAKKKKACiiigAooooAKKKKACiiigAooooAKKKKACiiigAooooAKKKKACiiigAooooAKKKKACiiigAooooAKKKKACiiigAooooAKKKKACiiigAooooAKKKKACiiigAooooAKKKKACiiigAooooAKKKKACiiigAooooAKKKKACiiigAooooAKKKKACiiigAooooAKKKKACiiigAooooAKKKKACiiigAooooAKKKKACiiigAooooAKw/Gn/IieIf8AsGXP/opq3Kw/Gn/IieIf+wZc/wDopqAPjo0w080w0ARtUL1M1QvQBC1RNUrVE1AEZpDSmkNACUUUUAFFFFABRRRQAV9v+BP+SeeGv+wVa/8Aopa+IK+3/An/ACTzw1/2CrX/ANFLQB0FFFFABRRRQAUUUUAFFFFABRRRQAUUUUAFFFFABRRRQAUUUUAFFFFABRRRQAUUUUAFFFFABRRRQAUUUUAFFFFABRRRQAUUUUAFFFFABRRRQAUUUUAFFFFABRRRQAUUUUAFFFFABRRRQAUUUUAFFFFABRRRQAUUUUAFFFFABRRRQAUUUUAFFFFABRRRQAUUUUAFFFFABRRRQAUUUUAFFFFABRRRQAUUUUAFFFFABRRRQAUUUUAFFFFABRRRQAUUUUAFFFFABRRRQAUUUUAFFFFABRRRQAUUUUAFFFFABRRRQAUUUUAFFFFABRRRQAUUUUAFFFFABRRRQAUUUUAFFFFABRRRQAUUUUAFFFFABRRRQAUUUUAFFFFABRRRQAUUUUAFFFFABRRRQAUUUUAFFFFABRRRQAUUUUAFFFFABRRRQAUUUUAFFFFABRRRQAUUUUAFFFFABWH40/5ETxD/ANgy5/8ARTVuVh+NP+RE8Q/9gy5/9FNQB8dGmGnmmGgCNqhepmqF6AIWqJqlaomoAjNIaU0hoASiiigAooooAKKKKACvt/wJ/wAk88Nf9gq1/wDRS18QV9v+BP8Aknnhr/sFWv8A6KWgDoKKKKACiiigAooooAKKKKACiiigAooooAKKKKACiiigAooooAKKKKACiiigAooooAKKKKACiiigAooooAKKKKACiiigAooooAKKKKACiiigAooooAKKKKACiiigAooooAKKKKACiiigAooooAKKKKACiiigAooooAKKKKACiiigAooooAKKKKACiiigAooooAKKKKACiiigAooooAKKKKACiiigAooooAKKKKACiiigAooooAKKKKACiiigAooooAKKKKACiiigAooooAKKKKACiiigAooooAKKKKACiiigAooooAKKKKACiiigAooooAKKKKACiiigAooooAKKKKACiiigAooooAKKKKACiiigAooooAKKKKACiiigAooooAKKKKACiiigAooooAKKKKACiiigAooooAKKKKACiiigAooooAKKKKACiiigAooooAKKKKACsPxp/wAiJ4h/7Blz/wCimrcrD8af8iJ4h/7Blz/6KagD46NMNPNMNAEbVC9TNUL0AQtUTVK1RNQBGaQ0ppDQAlFFFABRRRQAUUUUAFfb/gT/AJJ54a/7BVr/AOilr4gr7f8AAn/JPPDX/YKtf/RS0AdBRRRQAUUUUAFFFFABRRRQAUUUUAFFFFABRRRQAUUUUAFFFFABRRRQAUUUUAFFFFABRRRQAUUUUAFFFFABRRRQAUUUUAFFFFABRRRQAUUUUAFFFFABRRRQAUUUUAFFFFABRRRQAUUUUAFFFFABRRRQAUUUUAFFFFABRRRQAUUUUAFFFFABRRRQAUUUUAFFFFABRRRQAUUUUAFFFFABRRRQAUUUUAFFFFABRRRQAUUUUAFFFFABRRRQAUUUUAFFFFABRRRQAUUUUAFFFFABRRRQAUUUUAFFFFABRRRQAUUUUAFFFFABRRRQAUUUUAFFFFABRRRQAUUUUAFFFFABRRRQAUUUUAFFFFABRRRQAUUUUAFFFFABRRRQAUUUUAFFFFABRRRQAUUUUAFFFFABRRRQAUUUUAFFFFABRRRQAUUUUAFFFFABRRRQAUUUUAFFFFABRRRQAVh+NP8AkRPEP/YMuf8A0U1blYfjT/kRPEP/AGDLn/0U1AHx0aYaeaYaAI2qF6maoXoAhaomqVqiagCM0hpTSGgBKKKKACiiigAooooAK+3/AAJ/yTzw1/2CrX/0UtfEFfb/AIE/5J54a/7BVr/6KWgDoKKKKACiiigAooooAKKKKACiiigAooooAKKKKACiiigAooooAKKKKACiiigAooooAKKKKACiiigAooooAKKKKACiiigAooooAKKKKACiiigAooooAKKKKACiiigAooooAKKKKACiiigAooooAKKKKACiiigAooooAKKKKACiiigAooooAKKKKACiiigAooooAKKKKACiiigAooooAKKKKACiiigAooooAKKKKACiiigAooooAKKKKACiiigAooooAKKKKACiiigAooooAKKKKACiiigAooooAKKKKACiiigAooooAKKKKACiiigAooooAKKKKACiiigAooooAKKKKACiiigAooooAKKKKACiiigAooooAKKKKACiiigAooooAKKKKACiiigAooooAKKKKACiiigAooooAKKKKACiiigAooooAKKKKACiiigAooooAKKKKACsPxp/yIniH/sGXP8A6KatysPxp/yIniH/ALBlz/6KagD46NMNPNMNAEbVC9TNUL0AQtUTVK1RNQBGaQ0ppDQAlFFFABRRRQAUUUUAFfb/AIE/5J54a/7BVr/6KWviCvt/wJ/yTzw1/wBgq1/9FLQB0FFFFABRRRQAUUUUAFFFFABRRRQAUUUUAFFFFABRRRQAUUUUAFFFFABRRRQAUUUUAFFFFABRRRQAUUUUAFFFFABRRRQAUUUUAFFFFABRRRQAUUUUAFFFFABRRRQAUUUUAFFFFABRRRQAUUUUAFFFFABRRRQAUUUUAFFFFABRRRQAUUUUAFFFFABRRRQAUUUUAFFFFABRRRQAUUUUAFFFFABRRRQAUUUUAFFFFABRRRQAUUUUAFFFFABRRRQAUUUUAFFFFABRRRQAUUUUAFFFFABRRRQAUUUUAFFFFABRRRQAUUUUAFFFFABRRRQAUUUUAFFFFABRRRQAUUUUAFFFFABRRRQAUUUUAFFFFABRRRQAUUUUAFFFFABRRRQAUUUUAFFFFABRRRQAUUUUAFFFFABRRRQAUUUUAFFFFABRRRQAUUUUAFFFFABRRRQAUUUUAFFFFABWH40/5ETxD/2DLn/0U1blYfjT/kRPEP8A2DLn/wBFNQB8dGmGnmmGgCNqhepmqF6AIWqJqlaomoAjNIaU0hoASiiigAooooAKKKKACvt/wJ/yTzw1/wBgq1/9FLXxBX2/4E/5J54a/wCwVa/+iloA6CiiigAooooAKKKKACiiigAooooAKKKKACiiigAooooAKKKKACiiigAooooAKKKKACiiigAooooAKKKKACiiigAooooAKKKKACiiigAooooAKKKKACiiigAooooAKKKKACiiigAooooAKKKKACiiigAooooAKKKKACiiigAooooAKKKKACiiigAooooAKKKKACiiigAooooAKKKKACiiigAooooAKKKKACiiigAooooAKKKKACiiigAooooAKKKKACiiigAooooAKKKKACiiigAooooAKKKKACiiigAooooAKKKKACiiigAooooAKKKKACiiigAooooAKKKKACiiigAooooAKKKKACiiigAooooAKKKKACiiigAooooAKKKKACiiigAooooAKKKKACiiigAooooAKKKKACiiigAooooAKKKKACiiigAooooAKKKKACiiigArD8af8iJ4h/7Blz/6KatysPxp/wAiJ4h/7Blz/wCimoA+OjTDTzTDQBG1QvUzVC9AELVE1StUTUARmkNKaQ0AJRRRQAUUUUAFFFFABX2/4E/5J54a/wCwVa/+ilr4gr7f8Cf8k88Nf9gq1/8ARS0AdBRRRQAUUUUAFFFFABRRRQAUUUUAFFFFABRRRQAUUUUAFFFFABRRRQAUUUUAFFFFABRRRQAUUUUAFFFFABRRRQAUUUUAFFFFABRRRQAUUUUAFFFFABRRRQAUUUUAFFFFABRRRQAUUUUAFFFFABRRRQAUUUUAFFFFABRRRQAUUUUAFFFFABRRRQAUUUUAFFFFABRRRQAUUUUAFFFFABRRRQAUUUUAFFFFABRRRQAUUUUAFFFFABRRRQAUUUUAFFFFABRRRQAUUUUAFFFFABRRRQAUUUUAFFFFABRRRQAUUUUAFFFFABRRRQAUUUUAFFFFABRRRQAUUUUAFFFFABRRRQAUUUUAFFFFABRRRQAUUUUAFFFFABRRRQAUUUUAFFFFABRRRQAUUUUAFFFFABRRRQAUUUUAFFFFABRRRQAUUUUAFFFFABRRRQAUUUUAFFFFABRRRQAVh+NP+RE8Q/8AYMuf/RTVuVh+NP8AkRPEP/YMuf8A0U1AHx0aYaeaYaAI2qF6maoXoAhaomqVqiagCM0hpTSGgBKKKKACiiigAooooAK+3/An/JPPDX/YKtf/AEUtfEFfb/gT/knnhr/sFWv/AKKWgDoKKKKACiiigAooooAKKKKACiiigAooooAKKKKACiiigAooooAKKKKACiiigAooooAKKKKACiiigAooooAKKKKACiiigAooooAKKKKACiiigAooooAKKKKACiiigAooooAKKKKACiiigAooooAKKKKACiiigAooooAKKKKACiiigAooooAKKKKACiiigAooooAKKKKACiiigAooooAKKKKACiiigAooooAKKKKACiiigAooooAKKKKACiiigAooooAKKKKACiiigAooooAKKKKACiiigAooooAKKKKACiiigAooooAKKKKACiiigAooooAKKKKACiiigAooooAKKKKACiiigAooooAKKKKACiiigAooooAKKKKACiiigAooooAKKKKACiiigAooooAKKKKACiiigAooooAKKKKACiiigAooooAKKKKACiiigAooooAKKKKACsPxp/yIniH/ALBlz/6KatysPxp/yIniH/sGXP8A6KagD46NMNPNMNAEbVC9TNUL0AQtUTVK1RNQBGaQ0ppDQAlFFFABRRRQAUUUUAFfb/gT/knnhr/sFWv/AKKWviCvt/wJ/wAk88Nf9gq1/wDRS0AdBRRRQAUUUUAFFFFABRRRQAUUUUAFFFFABRRRQAUUUUAFFFFABRRRQAUUUUAFFFFABRRRQAUUUUAFFFFABRRRQAUUUUAFFFFABRRRQAUUUUAFFFFABRRRQAUUUUAFFFFABRRRQAUUUUAFFFFABRRRQAUUUUAFFFFABRRRQAUUUUAFFFFABRRRQAUUUUAFFFFABRRRQAUUUUAFFFFABRRRQAUUUUAFFFFABRRRQAUUUUAFFFFABRRRQAUUUUAFFFFABRRRQAUUUUAFFFFABRRRQAUUUUAFFFFABRRRQAUUUUAFFFFABRRRQAUUUUAFFFFABRRRQAUUUUAFFFFABRRRQAUUUUAFFFFABRRRQAUUUUAFFFFABRRRQAUUUUAFFFFABRRRQAUUUUAFFFFABRRRQAUUUUAFFFFABRRRQAUUUUAFFFFABRRRQAUUUUAFFFFABRRRQAVh+NP+RE8Q/wDYMuf/AEU1blYfjT/kRPEP/YMuf/RTUAfHRphp5phoAjaoXqZqhegCFqiapWqJqAIzSGlNIaAEooooAKKKKACiiigAr7f8Cf8AJPPDX/YKtf8A0UtfEFfb/gT/AJJ54a/7BVr/AOiloA6CiiigAooooAKKKKACiiigAooooAKKKKACiiigAooooAKKKKACiiigAooooAKKKKACiiigAooooAKKKKACiiigAooooAKKKKACiiigAooooAKKKKACiiigAooooAKKKKACiiigAooooAKKKKACiiigAooooAKKKKACiiigAooooAKKKKACiiigAooooAKKKKACiiigAooooAKKKKACiiigAooooAKKKKACiiigAooooAKKKKACiiigAooooAKKKKACiiigAooooAKKKKACiiigAooooAKKKKACiiigAooooAKKKKACiiigAooooAKKKKACiiigAooooAKKKKACiiigAooooAKKKKACiiigAooooAKKKKACiiigAooooAKKKKACiiigAooooAKKKKACiiigAooooAKKKKACiiigAooooAKKKKACiiigAooooAKKKKACiiigArD8af8AIieIf+wZc/8Aopq3Kw/Gn/IieIf+wZc/+imoA+OjTDTzTDQBG1QvUzVC9AELVE1StUTUARmkNKaQ0AJRRRQAUUUUAFFFFABX2/4E/wCSeeGv+wVa/wDopa+IK+3/AAJ/yTzw1/2CrX/0UtAHQUUUUAFFFFABRRRQAUUUUAFFFFABRRRQAUUUUAFFFFABRRRQAUUUUAFFFFABRRRQAUUUUAFFFFABRRRQAUUUUAFFFFABRRRQAUUUUAFFFFABRRRQAUUUUAFFFFABRRRQAUUUUAFFFFABRRRQAUUUUAFFFFABRRRQAUUUUAFFFFABRRRQAUUUUAFFFFABRRRQAUUUUAFFFFABRRRQAUUUUAFFFFABRRRQAUUUUAFFFFABRRRQAUUUUAFFFFABRRRQAUUUUAFFFFABRRRQAUUUUAFFFFABRRRQAUUUUAFFFFABRRRQAUUUUAFFFFABRRRQAUUUUAFFFFABRRRQAUUUUAFFFFABRRRQAUUUUAFFFFABRRRQAUUUUAFFFFABRRRQAUUUUAFFFFABRRRQAUUUUAFFFFABRRRQAUUUUAFFFFABRRRQAUUUUAFFFFABRRRQAUUUUAFYfjT/AJETxD/2DLn/ANFNW5WH40/5ETxD/wBgy5/9FNQB8dGmGnmmGgCNqhepmqF6AIWqJqlaomoAjNIaU0hoASiiigAooooAKKKKACvt/wACf8k88Nf9gq1/9FLXxBX2/wCBP+SeeGv+wVa/+iloA6CiiigAooooAKKKKACiiigAooooAKKKKACiiigAooooAKKKKACiiigAooooAKKKKACiiigAooooAKKKKACiiigAooooAKKKKACiiigAooooAKKKKACiiigAooooAKKKKACiiigAooooAKKKKACiiigAooooAKKKKACiiigAooooAKKKKACiiigAooooAKKKKACiiigAooooAKKKKACiiigAooooAKKKKACiiigAooooAKKKKACiiigAooooAKKKKACiiigAooooAKKKKACiiigAooooAKKKKACiiigAooooAKKKKACiiigAooooAKKKKACiiigAooooAKKKKACiiigAooooAKKKKACiiigAooooAKKKKACiiigAooooAKKKKACiiigAooooAKKKKACiiigAooooAKKKKACiiigAooooAKKKKACiiigAooooAKKKKACiiigArD8af8iJ4h/7Blz/AOimrcrD8af8iJ4h/wCwZc/+imoA+OjTDTzTDQBG1QvUzVC9AELVE1StUTUARmkNKaaaACiiigAooooAKKKKACvt/wACf8k88Nf9gq1/9FLXxBX2/wCBP+SeeGv+wVa/+iloA6CiiigAooooAKKKKACiiigAooooAKKKKACiiigAooooAKKKKACiiigAooooAKKKKACiiigAooooAKKKKACiiigAooooAKKKKACiiigAooooAKKKKACiiigAooooAKKKKACiiigAooooAKKKKACiiigAooooAKKKKACiiigAooooAKKKKACiiigAooooAKKKKACiiigAooooAKKKKACiiigAooooAKKKKACiiigAooooAKKKKACiiigAooooAKKKKACiiigAooooAKKKKACiiigAooooAKKKKACiiigAooooAKKKKACiiigAooooAKKKKACiiigAooooAKKKKACiiigAooooAKKKKACiiigAooooAKKKKACiiigAooooAKKKKACiiigAooooAKKKKACiiigAooooAKKKKACiiigAooooAKKKKACiiigAooooAKKKKACiiigArD8af8iJ4h/7Blz/AOimrcrD8af8iJ4h/wCwZc/+imoA+OTTDSk00mgBjVE9SMaiY0AQtUZqRqiagBhpppxppoAKKKKACiiigAooooAK+3/An/JPPDX/AGCrX/0UtfEFfb/gT/knnhr/ALBVr/6KWgDoKKKKACiiigAooooAKKKKACiiigAooooAKKKKACiiigAooooAKKKKACiiigAooooAKKKKACiiigAooooAKKKKACiiigAooooAKKKKACiiigAooooAKKKKACiiigAooooAKKKKACiiigAooooAKKKKACiiigAooooAKKKKACiiigAooooAKKKKACiiigAooooAKKKKACiiigAooooAKKKKACiiigAooooAKKKKACiiigAooooAKKKKACiiigAooooAKKKKACiiigAooooAKKKKACiiigAooooAKKKKACiiigAooooAKKKKACiiigAooooAKKKKACiiigAooooAKKKKACiiigAooooAKKKKACiiigAooooAKKKKACiiigAooooAKKKKACiiigAooooAKKKKACiiigAooooAKKKKACiiigAooooAKKKKACiiigAooooAKKKKACsLxr/yIfiL/sGXP/opq3awvG3/ACIXiL/sGXP/AKKagD41JppNNLUhagAY1Expxao2NADGqM05jTDQA0000ppKACiiigAooooAKKKKACvcNC/aH/sTw9pmk/8ACLed9htIrbzf7Q279iBd2PLOM4zjJrw+igD6A/4aa/6lH/ypf/aqX/hpn/qUf/Kl/wDaq+fqUGgD6BH7S/8A1KX/AJUv/tVOH7Sv/Upf+VH/AO1V8/A04GgD6A/4aU/6lP8A8qP/ANqpf+Gk/wDqU/8Ayo//AGqvAA1LuoA9+/4aS/6lP/yo/wD2qj/hpIf9Cp/5Uf8A7VXgW6jdQB77/wANJD/oVP8Ayo//AGqj/hpIf9Cp/wCVH/7VXge6jdQB75/w0kP+hU/8qP8A9qo/4aSH/Qqf+VH/AO1V4Huo3UAe+f8ADSQ/6FT/AMqP/wBqo/4aSH/Qqf8AlR/+1V4Huo3UAe+f8NJD/oVP/Kj/APaqP+Gkh/0Kn/lR/wDtVeB7qN1AHvn/AA0kP+hU/wDKj/8AaqP+Gkh/0Kn/AJUf/tVeB7qN1AHvn/DSQ/6FT/yo/wD2qj/hpIf9Cp/5Uf8A7VXge6jdQB75/wANJD/oVP8Ayo//AGqj/hpIf9Cp/wCVH/7VXge6jdQB75/w0kP+hU/8qP8A9qo/4aSH/Qqf+VH/AO1V4Huo3UAe+f8ADSQ/6FT/AMqP/wBqo/4aSH/Qqf8AlR/+1V4Huo3UAe+f8NJD/oVP/Kj/APaqP+Gkh/0Kn/lR/wDtVeB7qN1AHvn/AA0kP+hU/wDKj/8AaqP+Gkh/0Kn/AJUf/tVeB7qN1AHvn/DSQ/6FT/yo/wD2qj/hpIf9Cp/5Uf8A7VXge6jdQB75/wANJD/oVP8Ayo//AGqj/hpIf9Cp/wCVH/7VXge6jdQB75/w0kP+hU/8qP8A9qo/4aSH/Qqf+VH/AO1V4Huo3UAe+f8ADSQ/6FT/AMqP/wBqo/4aSH/Qqf8AlR/+1V4Huo3UAe+f8NJD/oVP/Kj/APaqP+Gkh/0Kn/lR/wDtVeB7qN1AHvn/AA0kP+hU/wDKj/8AaqP+Gkh/0Kn/AJUf/tVeB7qN1AHvn/DSQ/6FT/yo/wD2qj/hpIf9Cp/5Uf8A7VXge6jdQB75/wANJD/oVP8Ayo//AGqj/hpIf9Cp/wCVH/7VXge6jdQB75/w0kP+hU/8qP8A9qo/4aSH/Qqf+VH/AO1V4Huo3UAe+f8ADSQ/6FT/AMqP/wBqo/4aSH/Qqf8AlR/+1V4Huo3UAe+f8NJD/oVP/Kj/APaqP+Gkh/0Kn/lR/wDtVeB7qN1AHvn/AA0kP+hU/wDKj/8AaqP+Gkh/0Kn/AJUf/tVeB7qN1AHvn/DSQ/6FT/yo/wD2qj/hpIf9Cp/5Uf8A7VXge6jdQB75/wANJD/oVP8Ayo//AGqj/hpIf9Cp/wCVH/7VXge6jdQB75/w0kP+hU/8qP8A9qo/4aSH/Qqf+VH/AO1V4Huo3UAe+f8ADSQ/6FT/AMqP/wBqo/4aSH/Qqf8AlR/+1V4Huo3UAe+f8NJD/oVP/Kj/APaqP+Gkh/0Kn/lR/wDtVeB7qN1AHvn/AA0kP+hU/wDKj/8AaqP+Gkh/0Kn/AJUf/tVeB7qN1AHvn/DSQ/6FT/yo/wD2qj/hpIf9Cp/5Uf8A7VXge6jdQB75/wANJD/oVP8Ayo//AGqj/hpIf9Cp/wCVH/7VXge6jdQB75/w0kP+hU/8qP8A9qo/4aSH/Qqf+VH/AO1V4Huo3UAe+f8ADSQ/6FT/AMqP/wBqo/4aSH/Qqf8AlR/+1V4Huo3UAe+f8NJD/oVP/Kj/APaqP+Gkh/0Kn/lR/wDtVeB7qN1AHvn/AA0kP+hU/wDKj/8AaqP+Gkh/0Kn/AJUf/tVeB7qN1AHvn/DSQ/6FT/yo/wD2qj/hpIf9Cp/5Uf8A7VXge6jdQB75/wANJD/oVP8Ayo//AGqj/hpIf9Cp/wCVH/7VXge6jdQB75/w0kP+hU/8qP8A9qo/4aSH/Qqf+VH/AO1V4Huo3UAe+f8ADSQ/6FT/AMqP/wBqo/4aSH/Qqf8AlR/+1V4Huo3UAe+f8NJD/oVP/Kj/APaqP+Gkh/0Kn/lR/wDtVeB7qN1AHvn/AA0kP+hU/wDKj/8AaqP+Gkh/0Kn/AJUf/tVeB7qN1AHvn/DSQ/6FT/yo/wD2qj/hpIf9Cp/5Uf8A7VXge6jdQB75/wANJD/oVP8Ayo//AGqj/hpIf9Cp/wCVH/7VXge6jdQB75/w0kP+hU/8qP8A9qo/4aSH/Qqf+VH/AO1V4Huo3UAe+f8ADSQ/6FT/AMqP/wBqo/4aSH/Qqf8AlR/+1V4Huo3UAe+f8NJD/oVP/Kj/APaqP+Gkh/0Kn/lR/wDtVeB7qN1AHvn/AA0kP+hU/wDKj/8AaqP+Gkh/0Kn/AJUf/tVeB7qN1AHvn/DSQ/6FT/yo/wD2qj/hpIf9Cp/5Uf8A7VXge6jdQB75/wANJD/oVP8Ayo//AGqj/hpIf9Cp/wCVH/7VXge6jdQB75/w0kP+hU/8qP8A9qo/4aSH/Qqf+VH/AO1V4Huo3UAe+f8ADSQ/6FT/AMqP/wBqo/4aSH/Qqf8AlR/+1V4Huo3UAe+f8NJD/oVP/Kj/APaqP+Gkh/0Kn/lR/wDtVeB7qN1AHvn/AA0kP+hU/wDKj/8AaqP+Gkh/0Kn/AJUf/tVeB7qN1AHvn/DSQ/6FT/yo/wD2qj/hpIf9Cp/5Uf8A7VXge6jdQB75/wANJD/oVP8Ayo//AGqj/hpIf9Cp/wCVH/7VXge6jdQB75/w0kP+hU/8qP8A9qo/4aSH/Qqf+VH/AO1V4Huo3UAe+f8ADSQ/6FT/AMqP/wBqo/4aSH/Qqf8AlR/+1V4Huo3UAe+f8NJD/oVP/Kj/APaqP+Gkh/0Kn/lR/wDtVeB7qN1AHvn/AA0kP+hU/wDKj/8AaqP+Gkh/0Kn/AJUf/tVeB7qN1AHvn/DSQ/6FT/yo/wD2qj/hpIf9Cp/5Uf8A7VXge6jdQB75/wANJD/oVP8Ayo//AGqj/hpIf9Cp/wCVH/7VXge6jdQB75/w0kP+hU/8qP8A9qo/4aSH/Qqf+VH/AO1V4Huo3UAe+f8ADSQ/6FT/AMqP/wBqo/4aSH/Qqf8AlR/+1V4Huo3UAe+f8NJD/oVP/Kj/APaqP+Gkh/0Kn/lR/wDtVeB7qN1AHvn/AA0kP+hU/wDKj/8AaqP+Gkh/0Kn/AJUf/tVeB7qN1AHvn/DSQ/6FT/yo/wD2qj/hpIf9Cp/5Uf8A7VXge6jdQB75/wANJD/oVP8Ayo//AGqj/hpIf9Cp/wCVH/7VXge6jdQB75/w0kP+hU/8qP8A9qo/4aSH/Qqf+VH/AO1V4Huo3UAe+f8ADSQ/6FT/AMqP/wBqo/4aSH/Qqf8AlR/+1V4Huo3UAe+f8NJD/oVP/Kj/APaqP+Gkh/0Kn/lR/wDtVeB7qN1AHvn/AA0kP+hU/wDKj/8AaqP+Gkh/0Kn/AJUf/tVeB7qN1AHvn/DSQ/6FT/yo/wD2qj/hpIf9Cp/5Uf8A7VXge6jdQB75/wANJD/oVP8Ayo//AGqj/hpIf9Cp/wCVH/7VXge6jdQB75/w0kP+hU/8qP8A9qo/4aSH/Qqf+VH/AO1V4Huo3UAe+f8ADSQ/6FT/AMqP/wBqo/4aSH/Qqf8AlR/+1V4Huo3UAe+f8NJD/oVP/Kj/APaqP+Gkh/0Kn/lR/wDtVeB7qN1AHvn/AA0kP+hU/wDKj/8AaqP+Gkh/0Kn/AJUf/tVeB7qN1AHvn/DSQ/6FT/yo/wD2qj/hpIf9Cp/5Uf8A7VXge6jdQB75/wANJD/oVP8Ayo//AGqj/hpIf9Cp/wCVH/7VXge6jdQB75/w0kP+hU/8qP8A9qo/4aSH/Qqf+VH/AO1V4Huo3UAe+f8ADSQ/6FT/AMqP/wBqo/4aSH/Qqf8AlR/+1V4Huo3UAe+f8NJD/oVP/Kj/APaqoa5+0ANZ0DUtL/4RnyfttrLb+b9v3bN6lc48sZxnOMivEt1JuoAl30hao91JuoAeWphakLU0mgAJphNKTTaACkoooAKKKKACiiigAooooAKKKKAClpKKAFp2aZS0APzRmmUuaAH5o3UzNGaAH5ozTM0ZoAfmjNMzRmgB+aM0zNGaAH5ozTM0ZoAfmjNMzRmgB+aM0zNGaAH5ozTM0ZoAfmjNMzRmgB+aM0zNGaAH5ozTM0ZoAfmjNMzRmgB+aM0zNGaAH5ozTM0ZoAfmjNMzRmgB+aM0zNGaAH5ozTM0ZoAfmjNMzRmgB+aM0zNGaAH5ozTM0ZoAfmjNMzRmgB+aM0zNGaAH5ozTM0ZoAfmjNMzRmgB+aM0zNGaAH5ozTM0ZoAfmjNMzRmgB+aM0zNGaAH5ozTM0ZoAfmjNMzRmgB+aM0zNGaAH5ozTM0ZoAfmjNMzRmgB+aM0zNGaAH5ozTM0ZoAfmjNMzRmgB+aM0zNGaAH5ozTM0ZoAfmjNMzRmgB+aM0zNGaAH5ozTM0ZoAfmjNMzRmgB+aM0zNGaAH5ozTM0ZoAfmjNMzRmgB+aM0zNGaAH5ozTM0ZoAfmjNMzRmgB+aM0zNGaAH5ozTM0ZoAfmjNMzRmgB+aM0zNGaAH5ozTM0ZoAfmjNMzRmgB+aM0zNGaAH5ozTM0ZoAfmjNMzRmgB+aM0zNGaAH5ozTM0ZoAfmjNMzRmgB+aM0zNGaAH5ozTM0ZoAfmjNMzRmgB+aM0zNGaAH5ozTM0ZoAfmjNMzRmgB+aM0zNGaAH5ozTM0ZoAfmjNMzRmgB+aM0zNGaAH5ozTM0ZoAfmjNMzRmgB+aM0zNGaAH5ozTM0ZoAfmjNMzRmgB+aM0zNGaAH5ozTM0ZoAfmjNMzRmgB+aM0zNGaAH5ozTM0ZoAfmjNMzRmgB+aM0zNGaAH5o3UzNGaAHZozTc0maAHZpM0lFABSUUUAFFFFABRRRQAUUUUAFFFFABRRRQAUUUUAFFFFABRRRQAUUUUAGaM0UUAGaM0UUAGaM0UUAGaM0UUAGaM0UUAGaM0UUAGaM0UUAGaM0UUAGaM0UUAGaM0UUAGaM0UUAGaM0UUAGaM0UUAGaM0UUAGaM0UUAGaM0UUAGaM0UUAGaM0UUAGaM0UUAGaM0UUAGaM0UUAGaM0UUAGaM0UUAGaM0UUAGaM0UUAGaM0UUAGaM0UUAGaM0UUAGaM0UUAGaM0UUAGaM0UUAGaM0UUAGaM0UUAGaM0UUAGaM0UUAGaM0UUAGaM0UUAGaM0UUAGaM0UUAGaM0UUAGaM0UUAGaM0UUAGaM0UUAGaM0UUAGaM0UUAGaM0UUAGaM0UUAGaM0UUAGaM0UUAGaM0UUAGaM0UUAGaM0UUAGaM0UUAGaM0UUAGaM0UUAGaM0UUAGaM0UUAGaM0UUAGaM0UUAGaM0UUAGaM0UUAGaM0UUAGaM0UUAGaM0UUAGaM0UUAGaM0UUAGaM0UUAGaM0UUAGaM0UUAGaM0UUAGaM0UUAGaM0UUAGaM0UUAGaM0UUAGaM0UUAGaM0UUAGaM0UUAGaM0UUAGaM0UUAGaM0UUAGaM0UUAGaKKKACiiigAooooAKKKKACiiigAooooAKKKKACiiigAooooAKKKKACiiigAooooAKKKKACiiigAooooAKKKKACiiigAooooAKKKKACiiigAooooAKKKKACiiigAooooAKKKKACiiigAooooAKKKKACiiigAooooAKKKKACiiigAooooAKKKKACiiigAooooAKKKKACiiigAooooAKKKKACiiigAooooAKKKKACiiigAooooAKKKKACiiigAooooAKKKKACiiigAooooAKKKKACiiigAooooAKKKKACiiigAooooAKKKKACiiigAooooAKKKKACiiigAooooAKKKKACiiigAooooAKKKKACiiigAooooAKKKKACiiigAooooAKKKKACiiigAooooAKKKKACiiigAooooAKKKKACiiigAooooAKKKKACiiigAooooAKKKKACiiigAooooAKKKKACiiigAooooAKKKKACiiigAooooAKKKKACiiigAooooAKKKKACiiigAooooAKKKKACiiigD/9kNCmVuZHN0cmVhbQ1lbmRvYmoNOTcgMCBvYmoNPDwvQml0c1BlckNvbXBvbmVudCA4IC9Db2xvclNwYWNlIC9EZXZpY2VSR0IgL0ZpbHRlciAvRENURGVjb2RlIC9IZWlnaHQgMjY3IC9MZW5ndGggODkwMSAvU3VidHlwZSAvSW1hZ2UgL1R5cGUgL1hPYmplY3QgL1dpZHRoIDIwMT4+DQpzdHJlYW0NCv/Y/+AAEEpGSUYAAQEAAAEAAQAA/9sAQwAIBgYHBgUIBwcHCQkICgwUDQwLCwwZEhMPFB0aHx4dGhwcICQuJyAiLCMcHCg3KSwwMTQ0NB8nOT04MjwuMzQy/9sAQwEJCQkMCwwYDQ0YMiEcITIyMjIyMjIyMjIyMjIyMjIyMjIyMjIyMjIyMjIyMjIyMjIyMjIyMjIyMjIyMjIyMjIy/8AAEQgBCwDJAwEiAAIRAQMRAf/EAB8AAAEFAQEBAQEBAAAAAAAAAAABAgMEBQYHCAkKC//EALUQAAIBAwMCBAMFBQQEAAABfQECAwAEEQUSITFBBhNRYQcicRQygZGhCCNCscEVUtHwJDNicoIJChYXGBkaJSYnKCkqNDU2Nzg5OkNERUZHSElKU1RVVldYWVpjZGVmZ2hpanN0dXZ3eHl6g4SFhoeIiYqSk5SVlpeYmZqio6Slpqeoqaqys7S1tre4ubrCw8TFxsfIycrS09TV1tfY2drh4uPk5ebn6Onq8fLz9PX29/j5+v/EAB8BAAMBAQEBAQEBAQEAAAAAAAABAgMEBQYHCAkKC//EALURAAIBAgQEAwQHBQQEAAECdwABAgMRBAUhMQYSQVEHYXETIjKBCBRCkaGxwQkjM1LwFWJy0QoWJDThJfEXGBkaJicoKSo1Njc4OTpDREVGR0hJSlNUVVZXWFlaY2RlZmdoaWpzdHV2d3h5eoKDhIWGh4iJipKTlJWWl5iZmqKjpKWmp6ipqrKztLW2t7i5usLDxMXGx8jJytLT1NXW19jZ2uLj5OXm5+jp6vLz9PX29/j5+v/aAAwDAQACEQMRAD8A9z/sqy/54/8Ajzf40f2VZf8APH/x5v8AGrlFPmYrIp/2VZf88f8Ax5v8aP7Ksv8Anj/483+NXKKOZhZFP+yrL/nj/wCPN/jR/ZVl/wA8f/Hm/wAauUUczCyKf9lWX/PH/wAeb/Gj+yrL/nj/AOPN/jVys3W9d07w9pz32p3KQQLxk9WPoB1J9qOZhZE39lWX/PH/AMfP+NYmt6z4V8Opu1O8hhY9Iw7M5+ig5ryLxd8XtV1oPa6MW06y6GQY85/+Bfw/hz71xelaBrXiW92abZz3krH55B91fdnPA/E5o5mFken6n8YNEiYrpehXE4zxJPL5YP4Ak1zlx8XNVc/udM0+Ie/mP/7MK1tK+B2pTKG1TU4bYHqkCGRh+JwP511+n/BbwraIPtX2y+fHJmnKD8k20czCyPMD8U/EDHIhsAPQQt/8VR/wtHxF/wA8rH/vy3/xVezr8MvBqgAaBbH3JYn9TTv+FaeDf+gBa/8Aj3+NHMwsjxb/AIWj4h/55WP/AH5b/wCKo/4Wj4h/55WP/flv/iq9q/4Vp4M/6F+1/wDHv8aP+FaeDP8AoX7X/wAe/wAaOZhZHiv/AAtHxD/zysf+/Lf/ABVH/C0vEP8Azysf+/Lf/FV7V/wrTwZ/0L9r/wCPf40f8K08Gf8AQv2v/j3+NHMwsjx+y+LGqwTZvdPsriMdVUPGcfXJ/lXq3g/xP4e8YQMLaFoLyIZltZXO4e45+Ye4qnrnwf8ADOo2jLp9t/Zt0B8kkTMVz/tKSQf5+9eH3EOqeC/E5iBMF/YTZDIThh1BGeoI/nRzMLI+pf7Lsv8Anj/48f8AGj+yrP8A54/+PH/GovD+rwa9oFlqtv8A6u5iD4/unoV/Agj8K0qOZhZFL+yrP/nj/wCPH/Gj+yrP/nj/AOPH/GrtFHMwsin/AGVZf88f/Hm/xo/sqy/54/8Ajzf41coo5mFkFFFFIYUUUUAFFFUtX1S10XSrjUb2Ty7eBC7nv9B6k9MUAZfi3xbp/hLSje3bhpGJWGBW+aVvQew7ntXzX4g8Rat4t1X7Vfu8rs22C3QHagJ4VR37e5qXxP4lvPFmvSahOr8kpDD12JnhR7n+deyfDT4cpoNtHq2rwI2qyDKRsM/ZlI6D/a9T26UAYXgn4OZKah4nVum5LJWx/wB9kfyH4ntXsFlYWunWqW1nbxwQJ91I1CgfgKsYpaAExRilooATFGKWigAooooAKKCcUUAFeB/HGCOLxRYzKuHltfnI74Y4r3yvBvjt/wAjFpf/AF6N/wChmgDufgy5b4dwgnhbqcAeg8w16BXnvwX/AOSeR/8AX3P/AOhmvQqACiiigAooooAKKKKACiiigBD0NeF/GjxY9xqMXhy1f9zbfvblgfvSfwrj/ZHP/Ah6V7Vql/DpelXd/OQIreF5WJ9FBP8ASvk2Rr3xFrmcbrzUJ+FP95zxn2GfyoA9E+Dvg4ajqB8Q3kYNvavttlPIeTu30X+Z9q95wB0FZnh/SINB0Kz0y3A2QRhS2Mbm7sfqcmtIkDqaAFooooAKKKKACiim7hnGeaAHUVj6z4n0XQ4TJqOp29vjnazZY/RRk/pXlniX42u6yW/h20KDlftVyOfqqD+p/CgCx8b9b1Czn0rT7S8lt4JUeWQROVLEEBckdutdR8J9VvdV8FJJfXEk8sU7wiSRtzFRgjJPXrXzvf6heardSXl/cy3FxIctJI2T9B2A9hXvnwW/5EVv+vuT+lAHowrwn47f8jDpf/Xo3/oZr3YV4T8dv+Rh0v8A69G/9DNAHa/Bf/knkf8A19z/APoZr0KvPfgv/wAk8j/6+5//AEM16FQAUUUUAFFFFABRRRQAUZqG6uorO3kuLiRY4IlLyOxwFA6mvDfGPxiv76eSz8Ov9ktOn2pgPMkH+yD90fr9KAO5+MOpfYvAc9urgPdypDjuVzk/oK8x+EGmDUPHMczqGSziabp0J+Vf5n8q4q8ur6+Jnup7mfc3MkrMwJ9MnivWvgHEhfX5io8weQgb2/eHFAHs4rzL4zeINR0bR7C2065ktjeSOJJYm2vtUA4B7Zzz9K9Orx349f8AHtoP/XWb/wBBWgDg9L+Jni/SgqR6u1xEo+5dIJeP94/N+tdJa/HLW1IFzpllL7ozJ/jirXwk8NaL4h0XU/7W06C6KXCKjOvzKNvYjkV2F58G/CFwcwwXdp7Q3LEf+P7qAOVT47zZ+bQk/C4P/wATTW+O84+7oSf8CuD/AEWtmX4F6C75i1LU0X0Lof8A2WnRfAzw+p/fajqkg9pEX/2WgDkrv4469JkWthYQ56FtzkfqK5bU/iF4r1dik+s3Co2f3VriEY9PlGfzNe02fwf8HWvMllPdkd7i5f8AkpArpLDwj4e0zmy0ezgI/iWIZ/OgD5q0jwf4k8RzK1pplxKr9biYFUH1Zuv4Zr0zw98EIkdZdfvjKAc/Z7bKg+xc8/livYgoAwKWgDwH4y6XY6Pd6JZ6faxW0CwS4SNQB95evcn3Ndv8FP8AkRn/AOvuT+lcp8dx/wATjRv+veX/ANCWur+Cv/IjP/1+Sf0oA9Hrwj47f8jDpf8A16N/6Ga93rwf47nHiHSz/wBOjf8AoZoA7T4Lsv8Awr+JQcn7VOf/AB+vRK+P7PUdT0opcWdzd2oJ+SSJmQE+3Y16r4I+MUolj07xMVZXYLHfKMY/66AcY77h070Ae10UxJFkUMjBlIyCOhFPoAKKKKACiiigDxX42eJpfOh8N28pVNgnutp5bn5VPtwT+VZnww+HcOvp/bWsxNJYhj5EJOBMwOCx9gQRjuRXLfEa4e5+IWuO+MpP5Y+iqAK+j/DNpFY+F9LtoVAjjtYwAP8AdFAHnPxst4bPwzpFvbRJFCtyQEjXaB8h7Cq/wE+54g/3rf8AlJXQfGXS5b7wWLqFdxsZhM4AydhBVj+Gc15x8KfF9r4Y1m6gv3EdnfIgMp6RupOCfYhiPyoA+jK8c+PX/HtoP/XWb/0Fa9Z/tC0Nn9r+0wfZ8Z83zBsx9elfPvxW8XW3ibW4LbT5BJZWKsBL2dzjcR7DAH50Adj8Cv8AkC6v/wBfKf8AoNet15x8GtHl0/we13MhRr+YzKD12ABVP44J/GvR6ACiiigBMUtFFABRRRQB4d8d/wDkMaN/17y/+hLXVfBX/kRn/wCvyT+lZPxz0iW4sdM1WNcpbu0MhHo+MfqP1rI+D/jOz0kXGhalOsEc03m280hwu4gAoT0HQEfj7UAe6V4P8dv+Ri0r/r1P/oZr2281Kxs7Fru5u4YrYDPms4C4+tfNPxD8UJ4r8TvdW4b7JboIYcjlgOS2Pc5x7UAeq/CXT7PUfhoLe9toriF7q4BSRQw++fWvPPiV4Cj8KX0d5YEnS7piERuTA/XZnuDyR3/Ln2H4aaJLoXgTTrW4BWeQNcSqf4WkJbH4AgUz4o2kd18OtX3gZhiEyE9mVgQf0x+NAHN/BnxTLqemz6JdyF57EBoWPVojxj/gJ4+hFeqivnD4O3Dw/ECFFziW3kVh7YB/pX0cKAFooooAKKKKAPm/4uaO9h46ubjyz5F8izKegzgKw/MA/wDAq9a+GHiaPxB4QtYnYfbbJBBOv04Vh7EAfjmrXj7wdF4w0PyFKx30B320p6A45U+x/wAD2r55tb3XPBPiAvD5tlf25Kujrww7gj+JTx/MUAfV0kaTRPHIiujqVZWGQQex9q8I8Y/CDULG6kuvDsf2uzY7vsu7EkR9s8MPxz9a2dM+Ott9nUapo9wJe7WjKwb8GIx+deheFvFeneL9Na90/wAxQjeXJFKMPG2M4OCR07g0AfNH/CKa95nlDRL7PZRbNj+Vd14M+EGoX1wt14iiNpZKQwticySn0OPuj9eccV72BigjmgBsUaQxJHGqqiKFVQOAB0FSU0U6gAooooAKKKKACiiigCpqWnW+radcWF5Es1tOhSRG6EV4B4p+Emt6PcySaTE2o2BJ2BP9ag9GXv8AUZz6V9FUhAoA+SV8I6/NMIk0O/Zs4A+zsOfyxXp3gP4SXEV3FqfiREVIyHisgQxLernp+H5+lez7a5rxb430nwbDAdQ8+Sacny4IEDOwHU8kAD6mgDpRhRgDAHavMfjP4kjsvDX9iRODc35G9R1WIHJP4kY/OsbV/jp5sJTRtJeNm4Et2y5X/gKk/wA682tbXXPGviLbH5l5f3DAySv0RfVj/CoH/wBbmgDtvgjpMlx4lu9TKnybWDyw3Ys/b8gf0r3sVheEvDdv4U0CHTIPmYEvLLjmRz1P9PoBW6KAFooooAKKKKADrWL4g8KaL4mtRBqlkkpUYSUErIn0Yc1tUUAfPnj34ZQeD9HGpWV/PPCZQhimUZUHPcf4VqfAm9C3+s2RIHmRxSqP90sD/Na9L8e6O2u+CtTs413TeV5kQ9XX5h+eMfjXgvwz1ldG8c6fI7bYLkm3cnsHwBn/AIFigD6dopFORmnCgAooooAKKKKACiiigAooooAKKKKACvn342Xvn+M4LcbT9mtQOOxYk4P6V9ASOscbOxwqjJPoK+UfEmpSeKPGF/ew/Mbu42wD/ZztT9APzoA7zwN8JrLX9Bs9Z1K+nVJ9zCCHA+UMQMtyeQO2OtewaP4f0rQLMWumWUdvF32j5mPqzdSfc1Lolgml6FY6fGMJbQJEPwUCr2KAFxRRRQAUUUUAFFFFABRRRQAhGQRXy58QNAk8OeMru2CFLeVvtFuRx8jEnj6HI/CvqSuH+J3hI+JvDplto92o2eZIMdWH8Sfj/MCgC78PvEy+KPC1vcuw+1wgQ3IzzvA6n69fxrqxXy54H8Wz+DvEHnMZDZysI7uEf3QeuP7wP9RX03Y31tqVlFeWkyy28yhkdTwwoAsUUUUAFFFFABRRRQAUUUUAFFFZ2t61Z6BpU+o38gSCIZPqT2AHcmgDj/iz4pTRPDDWEEuL7UAY0UdVj/jY+3b6mvMPhN4d/trxat9Ip+x6b++Y44L8hF/r+Fc/4g1nUfGniZrsxM09w4igt0OdgzwgP49fqa+ifA/haLwn4bgsvla6ceZcyD+KQ9QPYdB9KAOmBBHFLSDpS0AFFFFABRRRQAUUUUAFFFFABSEZpaKAPFvip8O3Er+ItHgLbjm8t1HP/XRR/MfjXK+APiJc+Ep1tbjM+kTPudActET1Zf6jvX0kQCMEcV5F49+EqXjz6n4dRY52y8llwFc9SU/un26H2oA9R03VrHV7GO8sLmO4gkGVdDn8D6H2q7XyfoviDXfBupu1pLLbSA4mtplIV/ZlPf34Nex+GvjJo+pKkGsKdOuTgeYfmhf/AIF/D+I/GgD02iq9pfWt9CJbW5injIyGjcMP0qxQAUUUUAFFU7/VrDS4WlvryC2jUZLSyBf515p4j+NWn2qvBoEDXk3IFxIpSIH2BwW/QUAeia7r+m+HdOe91K5SGJegPLOfRR1Jr5v8beNdQ8ZagpkDxWUbn7PbLzg9Mt6tj8Bms+8vfEHjTWlaU3Go3sh2pEg4Ueijoo9+Pc17N4A+FkGgvHqWtbLnU1GY4xzHAT6f3m9+3b1oAr/Cz4enSIo9c1eE/wBoSKfIiYf6lT3I/vH9ATXqlGAOBwKXFAAKKKKACiiigAooooAKKKKACiiigAoorH17xRo/hq387Vb2ODP3I85d/ovU0AbFNOK8W1344zvui0LTVQc4uLvn6EIP6n8K4LUfiB4p1Jna51m5AbjZCwiUfgoFAHvPjfwzomtaHeTX9qrXMMLvFMMrIpAyMEdR7dK+a9M0+61bUIbCyj826n4iTcF3HGcZJHp61JENV1cusf269ZF3MAXkIX1PoK2fh3LHB8QdEaUgL9o259yjAD8yKAM2Sz1/w7cnzoNR06UH7xDxD8GGAfzrUtfiP4xs8LHr9w6r0WZUk/UjP619QNGkqFXVXUjowyDWTdeEvD16c3Gi2Eh9TAv+FAHgrfF7xptH/EwgHv8AZErLuviH4tvgwn8QXSqf4Y9kX6qAf1r6F/4QPwp/0ALD/vyKuWnhfQrHBtdHsYiOQVgXj9KAPmGz0fxB4kuR9lsr7UJSf9YyMwH1duB+dZzW8kd41rMpWRJDE4B6EHB5r7EVQoAUAAdAK+RNXUya/f8Alguz3Um0KMk5c4oA+oPDnhzRvD1kIdJtIosj55By7n1LdTW4K+QftOqaXO0Pn3tpNGcNH5jIVPuM1t6Z8RvFmluDDrEsqKeUuQJF+nPP60AfUlFeO6F8copNkWu6d5RJwZ7Ull+pU8j8zXqGka9pmu2n2nTLyK6iBwSjcqfQjqD7GgDSpq9+O9KDmloAKKKKACiiigAooooAKRmVFLMQAOST2pGOBnIAHXNeD/E34kyarPNoejTMtgnyTzo2DOe4BH8P8/pQBueOfi4luZNO8OMsk6krLeEZVPZB/Effp9a8rsNI17xnq8hto57+6Y5kmdshf95jwPpXR+Afhrc+KJBe3++20oD5WAw0/sue3Xn8q+gdK0ux0awjsdPtkgt4+iIO/qfU+9AHl/h34I2cUSy+Ibp7ibg+TbnYi+xbq34Yq78SPDGiaH8Or3+zdNt7dhJCN6oNxG8fxdf1r1GuF+L3/JOr7/rpD/6GKAPOvglEs3ibUo3GVawII9QXA/rXJeKdDu/CHimS1+dDHL51rKP4lDZUr7jgfWuv+BxP/CV6h/15f+1Fr1Lx3oGha3oUja5MtrHbgut2SAYuO2eufTvQBmeBviVpviSzhtb2ZLXVhhGikbAlb1Q98+nUV3o5Ga+OLmOKO4ljgnNxAGISUps3rng47fSt7TfHnijSEWKz1m4MajAjmYSAe3zZNAH1TSFgoJJAAGSTXzaPi74xPBvoB7i3WsPVvGniHXEMN9rFxJE3JiVtin8Fxn8aAPX/AIhfFGx02xn0vRZ0ur+QFGmjbKQDucjq3bHY9fSvNPhp4ZfxH4vt3kTNpZSLcXDHoSOVX6lsfhmsPw5pNtrGt29jdajFp0DnDTSA/wDfI7ZPbOB/I/T/AId8Pad4c0lLDTYQkIO5n6tIf7zHuaAPm74if8j3r3/Xw3/oK17zZ+C/DuteGdNN9pNs8j2cWZFTa/3BzuHNeDfEbjx7rwHA+0ngf7q19MeH/wDkWtK/684f/QBQB5T4k+CeA1x4dvWyOTa3RyD7K46fiDXmrf294M1sDNzpl6nQ5wHH8mH519Y4rK17w9pviPT3s9Rt1lQg7W6Mh9VPUGgDh/AnxWttbMem635drqTYVJVOI5yemP7re3ft6V6aOlfMfjnwBe+EbrzATc6ZK2Irjbgr/sv6H37/AF4ruvhj8S2maPQteuN0nC2ly/Bb0Rie/oe/SgD2OiiigAopAMDFLQAUZxRVHWNRh0jSLrUbg4ito2kbnGcDpQB5x8XvGzabar4fsJdlzcoTcSA4McfoPdv5VwXw28CHxZqjXd6rLpVq373Ax5rf3B7euPp3rnSdQ8Z+LckmS+1G479Fz/RVH5CvqHQNHttA0S10y0QLFAm3Pdm7sfcnJ/GgDQhhjt4UhhRUjQBVVRgAelPxRRQAVx/xPsJtR8AanFApaRAsu0DOQrAn9Aa7CmsoZSCAQeoNAHy34E8Xf8IdrM1/9k+1JNAYim/Z/ECDnB9Kj8UeMNX8ZairXLEQK2LezhyVUnpx3b3/ACxXsmt/Brw/qt5Jd20txYSSMWdISDGSechT0/DitTwt8NdC8Kz/AGqCN7q9xgXFyQxT/dAGF/n70AcZ4E+EqYh1PxLGGPDx2J6D0Mnr67fz9B6feeGtC1JQt7pFjcAdBLArY/MVpFcV4T4/+KWoXd9PpWhTNbWkTGN7mI/vJSODtP8ACufTk460Aenj4e+DElx/YGnbz2KDn8Ks3Xgrw3c6XJpw0ayht3GMQQqhU+oIHBFfMiwaxcW/2sR38sYGTOqyMPc7/wCua7HwX8UNV0K5itNVupLzTCwVvNJaSIeqt3GO3T0xQBF42+GWpeGGa6s997pR58xV+eIejgfzH44pfCHxR1bwzCtndK2o6eo+SN3xJH7Kx7ex/wDrV9ExPFdQLIhWSKRcg9QwNef678G9B1W9ku7OWbTZJDueODBjJ7naen4ECgDwzXL+bxP4lu72K2ZZ7+bMcCHcdxwoA457V9XaVbvZ6PY20mC8NvHG2PUKBXKeFvhhonhe7F6hlvL1RhJpyMR/7qjgH3OTXbigAooooAq6hYW2p2E1ndwpLBMpR0YZBBr5l8deDbnwfrghVWexny9rNnn3U/7Q/Xg+uPqSue8ZeF4PFXh240+TCzf6yCXvHIOh+nYj3oAwfhd41/4SbRzZXj/8TOyAWQk8yp2f+h9x7139fKPhvWrvwf4pgvXDKbeQx3UWOSucOv4YzX1Tbzx3MEc8Lh4pFDIw6MD0NAEtFFFABXlnxv1v7J4es9HjYh76bfIAefLTk/mxX8jXqdfPPxpvGuPG62+crbWyKPYsST/SgDV+B2iLLqN/rcq5MKi3hyOhbliPwGPxPrXuFcP8JLBbL4e2MgGGu2e4P0Zjt/8AHQK7mgAooooAKKKKACiiigDB8a3suneCdZu4DiWKzkZT6Haea+d/h9o1vrnjXTrG7XzLdWMjoejBQTj+Wa9/+Iv/ACTvXv8Aryk/lXinwk/5KLZ/9cpf/QaAPo1II44xGiKqAYCqMAD6V85/FrRbTRvGJ+yRiKO6hE5ReFDZIJA7Zxn619I14D8cP+RrtP8AryH/AKGaAPR/hPey33w804zMWaAyQBif4VcgfpgfhXb1598Gf+SeQf8AXzN/6Ga9BoAKKKKACiiigAooooA+dvjHoQ0jxct9CgWDUo/M6cCReG/MFT+Jr034R6wdU8DwQu2ZLJ2tzk84GCv6EflWb8b9PFx4Rt70Ll7W5U59mBB/XFc58CL9k1bWNPJ+WWCOZRnoVJU/+hL+VAHuNFFFABXzJ8U2J+Imr5JIXYP/ABwV9N18xfFL/kous/VP/RYoA+gvB0KweDNFjQYUWMOB/wAAFbdZHhX/AJFDRv8Arxg/9FrWvQAUUUUAFFFFABRRRQBzHxF/5J3r3/XlJ/KvFPhJ/wAlFsv+uUv/AKDXtfxF/wCSd69/15SfyrxT4Sf8lFsv+uUv/oNAH0lXgPxw/wCRss/+vIf+hmvfq8B+OH/I2Wf/AF5D/wBDNAHe/Bn/AJJ7B/18zf8AoZr0GvPvgz/yT2D/AK+Zv/QzXoNABRRRQAUUUUAFFFFAHF/FaFZfh3qRP/LPy3H4OK8p+DMrJ49CDo9pKG/NTXrPxS/5JzrH/XNf/Q1ryT4N/wDJQo/+vab/ANloA+jKKB0ooAK+Yfil/wAlF1n6p/6LFfT1fMPxS/5KLrP1T/0WKAPofwr/AMihov8A14wf+i1rXrI8K/8AIoaL/wBeMH/ota16ACiiigAooooAKKKKAOY+Iv8AyTvXv+vKT+VeKfCT/kotl/1yl/8AQa9r+I3/ACTvX+CcWUh4H+zXiPwnkSP4iWBdgN0cijPc7aAPpWvAfjh/yNln/wBeQ/8AQzXvw6V8/wDxuZX8W2qqclbMZHp8xoA7/wCDP/JPYP8Ar5m/9DNeg15/8GlI+HluSDg3ExB9fnNegUAFFFFABRRRQAUUUUAcd8Uv+Sc6x/1zX/0Na8k+Df8AyUKP/r2m/wDZa9b+KX/JOdY/65r/AOhrXknwb/5KFH/17Tf+y0AfRg6UUDpRQAV8w/FL/kous/VP/RYr6er5u+MOnSWPj24nkXdFexLIhPsNpH6frQB714V/5FDRv+vGD/0Wta9cH8LfFNtrfhW1sWmUX9jEsMkRPzFVGFYD0IxXd5HrQAtFGR60ZHrQAUUZHrRketABRRketGR60AVr+zh1CwuLK4XdDPG0Ug9VYEH+dfK2rabqvgjxQbcs8F3aOJLefbw6/wALjsR2P4ivrHj1rJ1zw1pPiO1Fvqlok6rnY3Rkz6EcigDyiH46Xa6ftm0WN70D7yTEIT64xkD8fxrzm4uNY8beJxIwa41G9k2IiDhQBwB6KBXsj/A7w8Zcpf6ksXePzE/ntzXX+G/BuieFo2GmWapKww87ndI3/Aj/ACoAs+GtFi8O+HLDSYTlbaIKzf3nPLH8WJNa4ooFAC0UUUAFFFFABRRSZoA4/wCKX/JOdY/65r/6GteSfBv/AJKFH/17Tf8Astdx8ZPFNlBoL+H4Zkkvbor5qKc+XGDn5vTJGAPrXMfA7SZLjxJe6psYQWsBiDdjI5Bx+AGfxFAHvdFFFABXL+N/B1r4x0j7LKRHdREtbz4yUb0PqDxkV1FJQB8pax4a8Q+Er7dc21xA8ZxHdQE7T7hx0/zxTP8AhOPES8f8JJfces9fVpVWyGUEHsRTTa2//PCL/vgUAfKn/Cd+I/8AoZL3/wACKP8AhO/Ef/QyXv8A4EV9U/Zbf/nhF/3wKPstv/zwi/74FAHyt/wnfiP/AKGS9/8AAij/AITvxH/0Ml7/AOBFfVP2W3/54Rf98Cj7Lb/88Iv++BQB8rf8J34j/wChkvf/AAIo/wCE78R/9DJe/wDgRX1T9lt/+eEX/fAo+y2//PCL/vgUAfK3/Cd+I/8AoZL3/wACKP8AhO/Ef/QyXv8A4EV9U/Zbf/nhF/3wKPstv/zwi/74FAHyt/wnfiP/AKGS9/8AAij/AITvxH/0Ml7/AOBFfVP2W3/54Rf98Cj7Lb/88Iv++BQB8rf8J34j/wChkvf/AAIpR478R/8AQyXv/gRX1R9lt/8AnhF/3wKBa2//ADwi/wC+BQB8sf8ACd+I/wDoZL3/AMCKP+E78R/9DJe/+BFfVH2W3/54Rf8AfAo+y2//ADwi/wC+BQB8r/8ACd+I/wDoZL3/AMCKP+E78R/9DJe/+BFfVH2W3/54Rf8AfAo+y2//ADwi/wC+BQB8r/8ACd+I/wDoZL3/AMCKY/jjxHIpRvEV66njAuCD+dfVf2W3/wCeEX/fAoFrb/8APCL/AL4FAHy9oHgnxB4qu90FrJHHI+ZLu5BCe5yeW+g/Ovo3wt4bs/C2jRadZEsq/M8jDBkY9WPvWzgZpRQAtFFFAH//2Q0KZW5kc3RyZWFtDWVuZG9iag05OCAwIG9iag08PC9CaXRzUGVyQ29tcG9uZW50IDggL0NvbG9yU3BhY2UgL0RldmljZVJHQiAvRmlsdGVyIC9EQ1REZWNvZGUgL0hlaWdodCAyMTkgL0xlbmd0aCA2OTQ4IC9TdWJ0eXBlIC9JbWFnZSAvVHlwZSAvWE9iamVjdCAvV2lkdGggMTg2Pj4NCnN0cmVhbQ0K/9j/4AAQSkZJRgABAQAAAQABAAD/2wBDAAgGBgcGBQgHBwcJCQgKDBQNDAsLDBkSEw8UHRofHh0aHBwgJC4nICIsIxwcKDcpLDAxNDQ0Hyc5PTgyPC4zNDL/2wBDAQkJCQwLDBgNDRgyIRwhMjIyMjIyMjIyMjIyMjIyMjIyMjIyMjIyMjIyMjIyMjIyMjIyMjIyMjIyMjIyMjIyMjL/wAARCADbALoDASIAAhEBAxEB/8QAHwAAAQUBAQEBAQEAAAAAAAAAAAECAwQFBgcICQoL/8QAtRAAAgEDAwIEAwUFBAQAAAF9AQIDAAQRBRIhMUEGE1FhByJxFDKBkaEII0KxwRVS0fAkM2JyggkKFhcYGRolJicoKSo0NTY3ODk6Q0RFRkdISUpTVFVWV1hZWmNkZWZnaGlqc3R1dnd4eXqDhIWGh4iJipKTlJWWl5iZmqKjpKWmp6ipqrKztLW2t7i5usLDxMXGx8jJytLT1NXW19jZ2uHi4+Tl5ufo6erx8vP09fb3+Pn6/8QAHwEAAwEBAQEBAQEBAQAAAAAAAAECAwQFBgcICQoL/8QAtREAAgECBAQDBAcFBAQAAQJ3AAECAxEEBSExBhJBUQdhcRMiMoEIFEKRobHBCSMzUvAVYnLRChYkNOEl8RcYGRomJygpKjU2Nzg5OkNERUZHSElKU1RVVldYWVpjZGVmZ2hpanN0dXZ3eHl6goOEhYaHiImKkpOUlZaXmJmaoqOkpaanqKmqsrO0tba3uLm6wsPExcbHyMnK0tPU1dbX2Nna4uPk5ebn6Onq8vP09fb3+Pn6/9oADAMBAAIRAxEAPwD3+iikPIoAWivmibU/iF4s+JGu6PoPiCeD7LPKUjM/losavtAGB7itf/hB/jR/0NH/AJPN/wDE0AfQFHFfP/8Awg/xo/6Gj/yeb/4mj/hB/jR/0NH/AJPN/wDE0AfQFFfP/wDwg/xo/wCho/8AJ5v/AImj/hB/jR/0NH/k83/xNAH0BRXz/wD8IP8AGj/oaP8Ayeb/AOJo/wCEH+NH/Q0f+Tzf/E0AfQFFfP8A/wAIP8aP+ho/8nm/+Jo/4Qf40f8AQ0f+Tzf/ABNAH0BRXz//AMIP8aP+ho/8nm/+Jo/4Qf40f9DR/wCTzf8AxNAH0BRXz/8A8IP8aP8AoaP/ACeb/wCJo/4Qf40f9DR/5PN/8TQB9AUcV8//APCD/Gj/AKGj/wAnm/8AiaP+EH+NH/Q0f+Tzf/E0AfQHAor5/wD+EH+NH/Q0f+Tzf/E0f8IP8aP+ho/8nm/+JoA+gKMj1r5//wCEH+NH/Q0f+Tzf/E1D4E1zxnpvxgh8Ma/rM12FV1njaTzEP7suMEjr0oA+hqKBRQAUh6UtIelAHgPwv/5Lx4r/AO3n/wBHCvf68A+F3/JePFf/AG8/+jhXv9ABSZHtS1458YJdSm8Y+EdIsNXvdOS/keKR7aVl6soBIBGcZoA9hyPUUuRjtXiHiTwh4s8D+H7nX9P8eahdfYwJHguslXGQMcsR36YrQ+I/iXUbn4K6brltcTWd3dG3dmt3KEFgcgEc4oA9fyPajj2rxm1+FWv3NpDP/wALI1dfMRXxvbjIz/fq38T9W1nwX8P9H0+z1STz5pUtJ9RYHftC8tnkgnGc9eDQB61keooyPavG9O+G2pGG11Pw58Rr6afhnd5PNikHfgE/kc1o/FTUNQ03WPBEVtfXEQm1JY5/Lcp5oygwwHB78e9AHqnFGR7VWviU065ZSQwiYgjjHBryXwLq2o3XwL1y/nv7mW7jS7KTvKzSKQmRhicjFAHsWQO4pcivnP4O+NNXs/FFvp2v311cWusw7rSS4lL4dWYDBJ4yVYfXFdL8a/FOopdWHhfw/dTRajIGurhoHKssaqSBkdOjE/SgD2fI9qTIxnIxXj3hfVdRn/Z4v9SmvrmS9W1uiLhpWMgILYO7OeMVjeEvAPiDxP4W0/WX+IOrWxu4yxiEjttwxHXePSgD3sYNLXO+DNAuvDeiGxvNYuNWlMrP9pnJLYIA28k8DH610VACV8/wf8nVS/8AAv8A0mr6BNfP1v8A8nVS/wDAv/SagD6BFFAooAKQ9KWkPSgDwH4Xf8l48V/9vP8A6OFe/wBeAfC7/kvHiv8A7ef/AEcK9/oAK8T+M9veXXjzwTBYXItbuSZ1hnK7hG25MHHfFe2Vi6t4V0nW9V07U763Ml3pz77Zw7DYcg9AcHkDrQB4P48sPFGm61pWneNvEl1d+G7yVRLcWyBFBB5BAHbg89uRnFdr8arW0s/hDb2tlgWkU1ukQU5GwA45+leka94e03xLpj6dqtstxasQxUkggg8EEcg1Qu/A2hX/AIZh8O3VtJLpsJBjiaZyRjp82c4GfWgDzaz+HHw6msbeSXxVOHaNWYf2tGMHHNdp4t1jwXa+HNP0/wAQzQ3GmXpEMLk+YDtH39y9McfMPWqo+CXgP/oEP/4Eyf8AxVdL/wAIZoB8OQ6BLp0U2mwrtjhly+3kngnnPPXNAHhvjTwz4b8G6VH4h8G+K3troOphtorsSebk9sc8decjiui+KdzeP4Y8DeJ7m3d/slxDc3aquMFlRj9OVI/EV2lh8IPBGnXyXkOjK0kbblEsruoP+6TiuxurG2vrOS0u4I57eRdrxOuVYehFAHJa58RPDdt4OuNVj1a1mSWBvJiSUF5HK8Lt65z19K4zwNp9xY/s9au9xG0Zura7uFVhj5ShAP47c11sPwd8DwXq3SaKpdW3BHldkz/uk4Ndheaba3umT6dNEPsk0RheNflGwjBAx04oA+fo/DM2r/AHRNY08smp6NJLcxMg+YoJW3AfTAb8PetX4faZfa7o3ijx/re17y9s5oLfK/dVUIZh6DjaPofWvZNF0DT9A0aLSdOg8uyi3bY2Yt94knk/U1ZfTbV9PksBCiWrxtGY4xtG0jBAx06npQB454SP/GM+oj/p0vP5tWP4K8CeBtV8G6bfan4imtb2aMmWEaikYQ7iMbSOOK9os/B+i2PheTw3b2pTS5EdGh8xiSGzu5znnPrXN/8ACkvAf/QIfP8A18yf/FUAdL4Ss9K03QIdP0e+F7aWxZBL54lOSc4LDvzW7WN4a8LaR4T097HR7YwW7yGVlMjPliAM5JPYCtmgANfP1v8A8nVS/wDAv/SavoE18/W//J1Uv/Av/SagD6BFFAooAKQ9KWkIyMUAfMfhvxfpfgz4yeJ9Q1ZplgkluIlMSbjuMoPT8DXpX/C//BP/AD0v/wDwGP8AjXW33w98Jaley3l5oFlNcStukkaPlj6nFV/+FX+Cf+hasP8Av3/9egDm/wDhf/gn/npf/wDgMf8AGj/hf/gn/npf/wDgMf8AGuk/4Vf4J/6Fqw/79/8A16P+FX+Cf+hasP8Av3/9egDm/wDhf/gn/npf/wDgMf8AGk/4X94J/wCel/8A+Ax/xrpf+FX+Cf8AoWrD/v3/APXo/wCFX+Cf+hasP+/f/wBegDmv+F/+Cf8Anpf/APgMf8aP+F/+Cf8Anpf/APgMf8a6X/hV/gn/AKFqw/79/wD16P8AhV/gn/oWrD/v3/8AXoA5r/hf3gn/AJ6X/wD4DH/Gj/hf/gn/AJ6X/wD4DH/Gul/4Vf4J/wChbsP+/f8A9ej/AIVh4J/6Fuw/79n/ABoA5v8A4X/4J/56X/8A4DH/ABo/4X/4J/56X/8A4DH/ABrpP+FX+Cf+hbsP+/Z/xo/4Vf4J/wChasP+/Z/xoA5v/hf/AIJ/56X/AP4DH/Gj/hf/AIJ/56X/AP4DH/Guk/4Vf4J/6Fuw/wC/Z/xo/wCFX+Cf+hbsP+/Z/wAaAOb/AOF/+Cf+el//AOAx/wAaP+F/+Cf+el//AOAx/wAa6T/hV/gn/oW7D/v2f8aP+FX+Cf8AoW7D/v2f8aAOb/4X/wCCf+el/wD+Ax/xo/4X/wCCf+el/wD+Ax/xrpP+FX+Cf+hbsP8Av2f8aP8AhV/gn/oW7D/v2f8AGgDmv+F/eCf+el//AOAx/wAa8/8AC+u2Xib9o+PV9PLm1uN5Quu08QEcj6ivZf8AhV/gn/oW7D/v2f8AGr2keCPDWhXovNM0W0tbkKVEsafMAeuD2oA3x0paKKACkPQ0tIelAHzne+NviXrXj3WdF8N3Yf7JPKFhWOIbY1fb1Yc9u9XM/Hn0b8ranfC//kvHiv8A7ef/AEcK9+xQB8/5+PXo35W1G748/wC1/wCS1e8X19b6dZTXd3KsVvCheSRzgKo6mvBtY+LPivxjrMmk+ArCRYlJHniMNIw/vEn5UH1oAXd8ef8Aa/8AJajPx59G/wDJaoj4M+NEcQvBr7tNnd5H2/LD8CNv61Y8P/F/xF4Z1tdF8fWTrkgfajHseMH+IgcMvuP1oAZn48+jflbUZ+PPo35W1e9288V1bxzwyLJFIodHU5DA8gg1KelAHzxoPjr4h6b8S9K8PeJbsZnmRZbdo4/uv0OVH49a9V+IvjyHwHoK3jQ+fdzv5dtCTgM2Mkn2H+FeWeL/APk5nR/+ult/Krv7R9rcG38P3uC1rE8sbjHAZtpGfqFP5UAZkPir40arZf23Z2kgsWHmIiW0YDL7K3zEfzr0H4WfE5vG63Gn6hAtvq1ooaQIMLIucEgHkEHqPeui0fxn4bvPDMWpw6naRWSRDdvkC+VgfdIzkEdMflXjvwrYa58cda1rTEMemgTyHC4BV2wo9sn5se1AH0VRmsjxPFqs3h2/TQ5Ui1MxH7O79A348eteMf2T8dv+gh/5Gg/woA9+zRmvAP7J+O3/AEEf/I0H+FH9k/Hb/oI/+RoP8KAPf80ZrwD+yfjt/wBBH/yNB/hR/ZPx2/6CP/kaD/CgD3/NGa8A/sn47f8AQR/8jQf4Uq6T8ddwzqWBnqZof8KAPf6Kq6etymnWy3jq90IlEzKOC+BuI9s5q1QAUh6UtIelAHgPwu/5Lx4r/wC3n/0cK9/rwD4Xf8l48V/9vP8A6OFe/wBAHif7QmvTw6dpfh20dg9/IZJVU43qpAVfoWP6CvQ/AfhCz8HeGrawt4lE7IHuZcfNJJjk59B0A7CvKv2gYprHxL4Y1vZugiJU/wC8jh8fiD+le6afew6jp9veW7h4Z41kRh3UjIoAs4HpXFfEzwZbeLvCd1EYQb+3jaW0kA+YOBnbn0PTH4121Z2u6pBo2hX2o3LBYraF5Gz3wOn49KAPL/2fvEc2peFrvR7l2eXTZQELHJEbZIH4EMPyr2A9K8I/ZyspyniDVGXEM0kcSn1YbmP/AKEK93PQ0AfPXi//AJOZ0f8A66W38q901vRNP8QaTNpup2y3FrKMMh/Qg9j714X4v/5OZ0f/AK6W38q9w8QeIdO8MaPNqeqTiG2iHXqzHsqjuTQB8x+I/h5p+l/Fqw8J293cfYrx4su2C6BycgcYOMd6+kvCfg/SPBul/YdJt9gY7pZXOXkb1Y/06V80a/8AEOLV/ihZeMINNmW2s2jxEzcsEJ6noM5r6R8GeONJ8baX9s012V0IWa3kwHiPuPT0PegDpcetGBS0UAGBRgUUUAGBRgUUUAGBSYFLRQAYFFFFABSHpS0h6UAeA/C7/kvHiv8A7ef/AEcK9/rwD4Xf8l48V/8Abz/6OFe/5wKAOX8d+ELfxr4am0uZhHKP3lvMR/q5B0P07H2NeKeF/H+v/Ci7bw34o0+eawjY+UR95AT1Qnhl9u36V7f4s8daF4NsxNq10FkYEx28fzSSfRf6nArxLXfinrfj3fp2ieDYbuAnjz7c3LD344WgD0Vvjt4IWz88Xtyz/wDPEWzb/p6frXmviLxf4i+MmpR6B4esJbfSw4aUseoz96QjgAeg7+tcwvw48dxzfbP+ETDKPm8oxoR9Nuc/hXY6D8XdW8ElNL17whFZwqeRbQG3YD12nhv0oA9t8HeF7Twh4atdItDuEQzJIesjnlm/P9MVvHoawfC/jHRPF9j9q0i7WUL/AKyM/K8Z9GXt/Kt4/doA+evF/wDyczo//XS2/lVv9pCafyvD0BJFozzMx9WG0foCaqeL/wDk5nR/+ult/KvXPHfgiy8c6AdPuXMMyN5lvOoyY39cdwe4oAt6J4f0G28MW9hZ2dq2nNCMDYCJFI+8fXPXNeJ/C1YtN+Omtafozb9LxOh2ngKrAj64bgVzN5aeO/DWvxfD6HXZB9qKrEscxEZV+nOMqPUCvb/hl8M4PAdrNPNcC61S6AE0oGFVeu1c+/U9/wAKAPQs0Vj+J21dPDt+2hLG+qCE/Z1fGC348dM9a8X+2/HfPFt/5Dt/8aAPoCivn/7d8eP+fb/yHb/40fbvjx/z7f8AkO3/AMaAPoCivn/7d8eP+fb/AMh2/wDjR9u+PH/Pt/5Dt/8AGgD6Aor5/wDt3x4/59v/ACHb/wCNKL347lgDbDH+5b/40Ae/0VV043J062N6FF2YlMwT7u/A3Y9s5q1QAUh6UtIelAHgPwv/AOS8eK/+3n/0cK9O+IvjiDwP4bkvWCyXkuY7WE/xv6n2HU/l3rzL4X/8l48V/wDbz/6OFUPE6t8SfjtDoZLNpmnN5cgB4Cp80h9st8ufpQBJ4C+G194+vT4u8ZTTyQTvvigJIMw7E/3U9AOuPTr79p+m2Wl2sdrYWsNtAgwscSBQPyqa3hjggSGJFSNBtVVGAAOgFS0AJgVS1TR9P1myktNRs4bqBxhklQMP/rH3q9RQB84+NPAeq/C7Vk8V+EZ5vsCP+9jJLGHJ6N/eQ+/T9a9n8D+MbXxr4bh1O3Hlyf6u4hzkxyDqPp3B9DW/e2cGoWc1pdRLLbzIUkjcZDKeCDXz78Omm+H/AMaNQ8JzM32S8JjjyeDgF42+u0kfjQBJ4v8A+TmdH/66W38q+gZ5ooIXlmkSONF3M7nAUepPavn7xf8A8nM6P/10tv5VsftDa5d2ul6To1vI8cd87vNjgOFxhT7ZbP4CgDkfFvi3Q7r466XrcF+kum2zQCW4QEqNpOccc/hX0hpup2Wr2Ud5YXUVzbSDKSROGU15vpfwM8Ip4fitry3luL1o/wB5deawbcRyVAOAAenFcf8ACCe68LfFPWfBr3DT2n7wJg8B0OQ2OxK8H8KAPoPApcUUUAFFFFABRRRQAUYB7UUUAGKKKKACkPSloIyKAPlf/hINb8A/FXxFqdvoslw888yBZY3AKM+4MCB7D86yvCvjPWvC/ivUvEMehtc3N8H3JIjgLucMcECvrvy1PUA/UUnlp/dX8qAPn3/hf3if/oU4v/Iv+FH/AAv/AMT/APQpxf8AkT/CvoLy0/ur+VHlp/dX8qAPn3/hf/if/oU4v/In+FH/AAv/AMT/APQpxf8AkT/CvoLy0/ur+VHlp/dX8qAPn3/hf/if/oU4v/In+FcPrXjPWdY8e2Pi06E0FzamM+SiOVcoT1OM8jivrry0/ur+VHlp/dX8qAPl3SNU1nxv8adG1ufR5bdhNF5ixoxVFQdSTXr3xd8BXPjbw9A2nlf7RsWaSFGOBIGxuXPY8DH0969E8tQcgAfSnYoA+cbX4pfEXRtMGhT+HZJb+IeUk8trIX44GQOGI9e/HWut+D/gHVtK1K+8VeI1ZNSvQQkb/fUMdzM3oTwMdua9g2CnYoAKKyPEt1qdl4evrjRrZbrUo4i0ELdGb+v09q8X/wCE5+NHbwx/5IP/APFUAe/0V8//APCc/Gn/AKFf/wAkH/8AiqP+E5+NP/Qr/wDkg/8A8VQB9AUV8/8A/Cc/Gn/oV/8AyQf/AOKo/wCE5+NP/Qr/APkg/wD8VQB9AUV8/wD/AAnPxp/6Ff8A8kH/APiqVfHPxoLAHwvxn/nxYf8As1AHv9FVdPkuJdOtpLuIRXLxK0sYPCOQMj8DVqgAooooAKKKKACiiigAooooAKKKKACiiigAooooAQgHg0AUtFABRRRQAUUUUAFJS0UAJS0UUAFFFFABkUVxnxF8Uaz4V0aC70TRjqc7yhHUIzeWuDyQvPtXmf8Awuj4gf8AQkn/AMBZ6APf6K8A/wCF0fED/oST/wCAs9H/AAuj4gf9CSf/AAFnoA9/orwD/hdHxA/6Ek/+As9H/C6PiB/0JJ/8BZ6APf6K8A/4XR8QP+hJP/gLPR/wuj4gf9CSf/AWegD3+ivAP+F0fED/AKEk/wDgLPR/wuj4gf8AQkn/AMBZ6APf6K8A/wCF0fED/oST/wCAs9H/AAuj4gf9CSf/AAFnoA9/orwD/hdHxA/6Ek/+As9H/C6PiB/0JJ/8BZ6APf6K8A/4XR8QP+hJP/gLPR/wuj4gf9CSf/AWegD3+ivAP+F0fED/AKEk/wDgLPR/wuj4gf8AQkn/AMBZ6APf6K8A/wCF0fED/oST/wCAs9H/AAuj4gf9CV/5Kz0Ae/0Vi+E9UvtZ8NWWo6lYmxu503SW5zlOffnkc8+tbVABRRRQAmB6UuBRRQAYFGBRRQAYFGBRRQAYFGBRRQAYFGBRRQAYFGBRRQAYFGBRRQAYFGBRRQAYFGBRRQAYFJgelLRQAgAHSloooAKKKKACisPxdr0nhrwxfatDYyXr2yBhCn8WWA6+gzk/SvHv+GhtU/6FBv8Av+3/AMTQB77RXgX/AA0Nqn/QoN/3+b/4mj/hobVP+hQb/v8AN/8AE0Ae+0V4F/w0Nqn/AEKDf9/m/wDiaP8AhobVP+hQb/v83/xNAHvtFeBf8NDap/0KDf8Af5v/AImj/hobVP8AoUG/7/N/8TQB77RXgX/DQ2qf9Cg3/f5v/iaP+GhtU/6FBv8Av83/AMTQB77RXgX/AA0Nqn/QoN/3+b/4mj/hobVP+hQb/v8AN/8AE0Ae+0V4F/w0Nqn/AEKDf9/m/wDiaP8AhobVP+hQb/v83/xNAHvtFeBf8NDap/0KDf8Af5v/AImj/hobVP8AoUG/7/N/8TQB77RXgX/DQ2qf9Cg3/f5v/iaP+GhtU/6FBv8Av83/AMTQB77RXgX/AA0Nqn/QoN/3+b/4mj/hobU/+hQb/v8AN/8AE0Ae+0VyPw+8Yz+NdAk1GfS5NPdJzFsYkhgADkEgeuPwrrqACiiigBCoPUZpvkx/3F/Kn0UAM8mP+4v5UeTH/cX8qfRQAzyY/wC4v5UeTH/cX8qfRQAzyY/7i/lR5Mf9xfyp9FADPJj/ALi/lR5Mf9xfyp9FADPJj/uL+VHkx/3F/Kn0UAM8mP8AuL+VHkx/3F/Kn0UAM8mP+4v5UeTH/cX8qfRQAzyY/wC4v5UeTH/cX8qfRQAzyY/7i/lR5Mf9xfyp9FADQoUYUYHtTqKKAP/ZDQplbmRzdHJlYW0NZW5kb2JqDTEwMCAwIG9iag08PC9CaXRzUGVyQ29tcG9uZW50IDggL0NvbG9yU3BhY2UgL0RldmljZUdyYXkgL0ZpbHRlciAvRmxhdGVEZWNvZGUgL0hlaWdodCAxOTkgL0xlbmd0aCAxNTA1IC9NYXR0ZSBbMCAwIDBdIC9TdWJ0eXBlIC9JbWFnZSAvVHlwZSAvWE9iamVjdCAvV2lkdGggMzg2Pj4NCnN0cmVhbQ0KeJzt12tP4loUxvFRoFBopeVeuRQBgeogoI1yj6gxRuf7f5yeszbMTHIAmXlR8yQ9z+81L3bWP2tv+u0bEREREf1yQl/sL+Z/qsQoZJuxnh5vsBm/+nF8I0Gh2U50E+JIg+381eA1LUmh0zSVYtvg8wDxhAw/pet6mkImQ01JBmnwSQJ1/0uApJ7OGIZpnokshURN0zQNI5PWkyrB6YEEmw2QBdAzZtayc7m8KFBI1DRzOdvKmhk9pSUObsE2QCptZu18sVSuOI5zTqGRcVbKpWLezprpnwn2CsgVpAJY+ZJTrTfcZvOCQtRsuo161SnlLZVAvQX7KyBvgAQoOjW31en2+p53RaHxvH6v22m5Nadom2l5C/aWQN1BSd2wCo7b7l0NhqPx3d2dTyGRYY5Hw8FVr+06RcuU53hvCWQFtFQmm680Ot7Nrf8wnS0Wy+WKQrFcLhaz6YN/e+N1Gk4+m5F7aKfAyUksntRNu1RteUP/H/oagT/0WrWSLUsQj/33GpIC8gqcyQp0B/4UfdDICqb+oOtW8mfyEhwoIJdQ4fzCG09W6INGVrCajL2L84JcQ3sF5CFOGVax2r7252v0QSMrWM/963ataBmp3adYCmi6YZfqncH96gV90MgKXlb3g8t6yTZ0ba9AXJOHuFy/HE4eX9EHjazg9XEy7DbK8hTv/hnaFsiVG93RdP2GPmhkBW/r6ajnVnKfFqi4vfHs6R190MgK3p9m4z8WmD+zwFcJ3p/n477rHCvQv128fKAPGlnBx8vitt9kAZjjBdQnsdNUBX6gDxpZwQ8p4DUd9VHMAggsgMYCaCyAxgJoLIDGAmgsgMYCaCyAxgJoLIDGAmgsgMYCaCyAxgJoLIDGAmgsgMYCaCyAxgJoLIDGAmgsgMYCaCyAxgJoLIDGAmgsgMYCaCyAxgJoLIDGAmgsgMYCaCyAxgJoLIDGAmgsgMYCaCyAxgJoLIDGAmgsgMYCaCyAxgJoLIDGAmgsgMYCaCyAxgJoLIDGAmgsgMYCaCyAxgJoLIDGAmgsgMYCaCyAxgJoLIDGAmgsgMYCaCyAxgJoLIDGAmgsgMYCaCyAxgJoLIDGAmgsgMYCaCyAxgJoLIDGAmgsgMYCaCyAxgJoLIDGAmgsgMYCaCyAxgJoLIDGAmgsgMYCaCyAxgJoLIDGAmgsgMYCaCyAxgJoLIDGAmgsgMYCaCyAxgJoLIDGAmgsgMYCaCyAxgJoLIDGAmgsgMYCaCyAxgJoLIDGAmgsgMYCaCyAxgJoLIDGAmgsgHa8gKabuYqrCnygDxpZwYcU6DednKlrLIDwNwV64/nzO/qgkRW8P8/HffcPBWZPLPBVgven2bjnVj4vUG50R9P1G/qgkRW8raejYwXscv1yOHl8RR80soLXx8mw2yjbhwrENN2wS/XO4H71gj5oZAUvq/vBZb1kG7oW2yuQSBlWsdq+9udr9EEjK1jP/et2rWgZqcRugRMpkMkWzi+88WSFPmhkBavJ2Ls4L2QzUuBkr4D6KK40ugN/ij5oZAVTf9B1K+qT+ECBeFKe4lK15Q199EEjK/CHXqtWkoc4Gd8psPkzJNeQLEHHu7n1H6azxWK5XFEolsvFYjZ98G9vvE6jkpdLaPev0PYpTuqGVXDcdu/q+3A0vru78ykkMszxaPj9qtd2naIlK7D7EKtr6DQuL4FpFZ2a2+pc9vqe511RSGSY/d5lp+XWnKJtyisgK7BTQC2B3EOSIF9yqrWG22xeUIiaTbdRqzqlvGWm5Q7aW4FvagliCZUga+eLpXLFcZxzCo2Ms1IuFfN2VgVQd9CBApsEST1jZi3bzuWVAoViM8ycbVtZM6P/DLBXQC2BXETyHKczhmGaZyJLIVHTNE3DyKTlEZYr6MAK/NqCuKxBMqXreppCJkNNJZOaCnBoA34nkAaJhCYZKGyaJqONxz4PsEmgGkiFrQSFZTtQNVs1/88C/Gwg74GIUcg2Yz05Pv/fDegLHZ8/ERER0f/Lv3Z5dkQNCmVuZHN0cmVhbQ1lbmRvYmoNOTkgMCBvYmoNPDwvQml0c1BlckNvbXBvbmVudCA4IC9Db2xvclNwYWNlIC9EZXZpY2VSR0IgL0ZpbHRlciAvRENURGVjb2RlIC9IZWlnaHQgMTk5IC9MZW5ndGggMTE0MjEgL1NNYXNrIDEwMCAwIFIgL1N1YnR5cGUgL0ltYWdlIC9UeXBlIC9YT2JqZWN0IC9XaWR0aCAzODY+Pg0Kc3RyZWFtDQr/2P/gABBKRklGAAEBAAABAAEAAP/bAEMACAYGBwYFCAcHBwkJCAoMFA0MCwsMGRITDxQdGh8eHRocHCAkLicgIiwjHBwoNyksMDE0NDQfJzk9ODI8LjM0Mv/bAEMBCQkJDAsMGA0NGDIhHCEyMjIyMjIyMjIyMjIyMjIyMjIyMjIyMjIyMjIyMjIyMjIyMjIyMjIyMjIyMjIyMjIyMv/AABEIAMcBggMBIgACEQEDEQH/xAAfAAABBQEBAQEBAQAAAAAAAAAAAQIDBAUGBwgJCgv/xAC1EAACAQMDAgQDBQUEBAAAAX0BAgMABBEFEiExQQYTUWEHInEUMoGRoQgjQrHBFVLR8CQzYnKCCQoWFxgZGiUmJygpKjQ1Njc4OTpDREVGR0hJSlNUVVZXWFlaY2RlZmdoaWpzdHV2d3h5eoOEhYaHiImKkpOUlZaXmJmaoqOkpaanqKmqsrO0tba3uLm6wsPExcbHyMnK0tPU1dbX2Nna4eLj5OXm5+jp6vHy8/T19vf4+fr/xAAfAQADAQEBAQEBAQEBAAAAAAAAAQIDBAUGBwgJCgv/xAC1EQACAQIEBAMEBwUEBAABAncAAQIDEQQFITEGEkFRB2FxEyIygQgUQpGhscEJIzNS8BVictEKFiQ04SXxFxgZGiYnKCkqNTY3ODk6Q0RFRkdISUpTVFVWV1hZWmNkZWZnaGlqc3R1dnd4eXqCg4SFhoeIiYqSk5SVlpeYmZqio6Slpqeoqaqys7S1tre4ubrCw8TFxsfIycrS09TV1tfY2dri4+Tl5ufo6ery8/T19vf4+fr/2gAMAwEAAhEDEQA/APn+iiigAooooAKKKKACiiigAooooAKKKKACiiigAooooAKKKKACiiigAooooAKKKKACiiigAooooAKKKKACiiigAooooAKKKKACiiigAooooAKKKKACiiigAooooAKKKKACiiigAooooA9g+Bfgnw74x/t7+39P+2fZfs/k/vpI9u7zN33GGc7V6+lev/8ACkvh5/0L3/k7cf8AxyvP/wBmX/maf+3T/wBrV9AUAef/APCkvh5/0L3/AJO3H/xyj/hSXw8/6F7/AMnbj/45XoFFAHn/APwpL4ef9C9/5O3H/wAco/4Ul8PP+he/8nbj/wCOV6BRQB5//wAKS+Hn/Qvf+Ttx/wDHKP8AhSXw8/6F7/yduP8A45XoFFAHn/8AwpL4ef8AQvf+Ttx/8co/4Ul8PP8AoXv/ACduP/jlegUUAef/APCkvh5/0L3/AJO3H/xyj/hSXw8/6F7/AMnbj/45XoFFAHn/APwpL4ef9C9/5O3H/wAco/4Ul8PP+he/8nbj/wCOV6BRQB5//wAKS+Hn/Qvf+Ttx/wDHKP8AhSXw8/6F7/yduP8A45XoFFAHn/8AwpL4ef8AQvf+Ttx/8co/4Ul8PP8AoXv/ACduP/jlegUUAef/APCkvh5/0L3/AJO3H/xyj/hSXw8/6F7/AMnbj/45XoFFAHn/APwpL4ef9C9/5O3H/wAco/4Ul8PP+he/8nbj/wCOV6BRQB5//wAKS+Hn/Qvf+Ttx/wDHKP8AhSXw8/6F7/yduP8A45XoFFAHn/8AwpL4ef8AQvf+Ttx/8co/4Ul8PP8AoXv/ACduP/jlegUUAef/APCkvh5/0L3/AJO3H/xyj/hSXw8/6F7/AMnbj/45XoFFAHn/APwpL4ef9C9/5O3H/wAco/4Ul8PP+he/8nbj/wCOV6BRQB5//wAKS+Hn/Qvf+Ttx/wDHKP8AhSXw8/6F7/yduP8A45XoFFAHn/8AwpL4ef8AQvf+Ttx/8co/4Ul8PP8AoXv/ACduP/jlegUUAef/APCkvh5/0L3/AJO3H/xyj/hSXw8/6F7/AMnbj/45XoFFAHn/APwpL4ef9C9/5O3H/wAco/4Ul8PP+he/8nbj/wCOV6BRQB5//wAKS+Hn/Qvf+Ttx/wDHKP8AhSXw8/6F7/yduP8A45XoFFAHn/8AwpL4ef8AQvf+Ttx/8co/4Ul8PP8AoXv/ACduP/jlegUUAef/APCkvh5/0L3/AJO3H/xyuP8Ail8LfBvhz4carq2k6N9nvoPJ8uX7VM+3dMinhnIPBI6V7hXn/wAbf+SQ67/27/8Ao+OgD5AooooAKKKKACiiigD3/wDZl/5mn/t0/wDa1fQFfP8A+zL/AMzT/wBun/tavoCgDjvHHxC0/wAFwxLIv2i7kPywKeQPU+lU9F+LnhfVRawveNDeTAAxGF8KfTdjFcN8SbIeFPHEGuCK3vjqG/bFd5KRHI56j1rN03SZ9PtL2ASeGJUvDlvMvF3J1+6Q+R1pRd1f+vQclZ6f15nc/wDC69Cj8RXFjcBo7KIkC6Clw5B7AV0elfEfwzrbXC6feyStBEZXHkOuFH1HvXjNzpctl4Qm03d4bkjVvNMqXStMSPT5/fpXfeAfENla/DR9YudLhAtQYittDlnUccnk/nT05Xfp/X5ie6t1Ov8AC3jrRfFqyCwuMTIcGGT5Wx6gHrUvjLxMvhPQX1NrczhWC7Acda4Xw/pXhTxnbanqGgO2n6ldRbHjDFTCSQSQB9O3Fcn46+HGoeHPDj39xr9zeIrhfKkdiD+dKd0u2w4Wb7nuXh3WBr2hWupiIxCdA2wnpRrPiLS/D8cb6ndLAshwpI6mvHfCvwu1LVtAsdQi8SXVvHKgcRLIwC+1eo6t4K0zX9KsbLVla4+yoqhtxBJAxmrmrPQiDutSD/hZfhL/AKC0f5Gj/hZfhL/oLR/ka4vxx8MfDWi+DdR1GztWS4hQFG3k4O4D196xvhZ4A0LxP4bkvNSt2kmEpUEMRxzUx969uhT0Sfc9YsfHHh/UvP8Asd+spgjMsgVTkKOprnbn40eD4UJiu5pmH8Igdf5itCx8DeHvCVve39nZOxNuyyJuJ3rjJFeGX2vaEvjKwvtP8OTWtpb58yzc7mkP40rpyUQ1UWz2a4+L/hq0gtpZmmX7Qm9QEJwM47Cq/wDwu3wn/wA9J/8Av03+Fef+JJr3VvEek+IdL8M3DWix5+zfZyyjBxg4GKm8T61rXiHRJtOj8Cm0aQg+bFZMGGCD1xQ7226vT5gt7eh7FH4z0VtDtdYlufJtLo7YmdSCTnFYcnxR06HxJeaTLazBLaLzWuAQQV2buB16VwPia1nsvhJ4bt7mF4ZkufmR1KkfMexqDTblLP4oajcyQpMsWn7zG4yGxbg4NVK3NJdFf8FcF8Kb62/Ox3P/AAu3wn/z0n/79N/hUtt8ZvC11dRW8ck++Vwi5ibqTj0ryTxZ4y/4STQNkPhmGygEg/0qGEgZyON3Sum8OeOVjvdH0q78JW0BmaONJ5bcqWBONwJ60QV3YUnZHuokUxCTPykZqH7Ux+5CzD1yBRd8W6gcDco/DNZut6m+lWiSRRByWC4IJwPXArWnT52klqyZSsrs0vtMn/Pu3/fQo+0yf8+7f99CuK/4Te53lPsybt2MeW+cetblhq95qGkvcxWyeerYCNlQR6810VMHUpq8l+JEasZbM2ftMn/Pu3/fQo+0yDrbsB/vCuaj8Q6i9l9pa2tY13lPnkxyPxp+h+IrnVplDxW6Kc8CT5vyzSlhJqLk0rLzBVU3Y6iORZVytJJKI+vJPQCoYOLuVR02qf50N/x9vnsox+tcc1Z6G8Ffcf57/wDPFv8AvoUee/8AzxP/AH0K5vU/EEou/s1nhNh+d5AQD7CktPFDvfeRcrEsQGTIuetY+1je1zuWBquPNy+Z0y3ALBXQoT0zU1U5WV7YupyMZBq4OlaI4pKwUUVleINPu9U037LaXJt3Zxucf3ec/wBK0hFSkk3ZdyHojTEiMxUOpYdgeadXlnibw3N4asor+31W5d/MCkO/fk8flXfeHL6bUdBtLmfmV0G4+p9a6q+EjTpKtTlzRbttYyjVbnySVmatNZ0QZdlUe5xTq5jWvCX9s6jJdTalcwR7QFSJsAYHU1z0YQlK1SVl6XNJNpaK50wIYZBBHqKYbiEEgzRgjsWFeceDbq9s/Fdzpi3L3Nqu4EltwGDwc1pa94MjEV7qQ1K8D/NJsDjb16dK7J4KFOt7OpPe1nbuZxqyknZap2O0+0wf89o/++hR9pg/57R/99CvJ/DWjWesWLzX2ty2sitgL54XI/GtxPBukSOETxLKzHgBbhCTWlXAUaUnCVR3X91kRrykrqP4noCsrjKkEeoNcB8bf+SQ67/27/8Ao+Ouz0rT10vTorNZXlEefnc5Jyc1xnxt/wCSQ67/ANu//o+OvMkkpNRd0dEW2tT5AoooqRhRRRQAUUUUAe//ALMv/M0/9un/ALWr6Ar5/wD2Zf8Amaf+3T/2tX0BQB4v8doZpLjQ2iRyF8wllQtt5WuWh1lZl/deJY3x126MTj/xyuo+KNjrOktcajHq15Kk8hMUCW4ZIgexbbxVHwR8MdcuNDF82qPpr3B3eSYgTjsTkcdaUFoxzexzmp6qGs5bc+IUeR1wsX9klC/sDs4r0/4M2xXwC8V1CQpmfcki9R9DXnPizwlqOneNtJsJtUa4lnPyz+WBs6dgK9Ji8M674UsL7UG1m41JUt2CWqQj5mOOQFFNNKDl30+4TTclH+tTAtIrDXdT1rw94UiOk3qXDSSXoyysFJGB6df0rhdb0nX7nxQnhQa42qSMwDlc7EPfP0rrPB+n67o/w71rWbOzlbVrqTbtZD5gAJBwOuelc94QuvFvhi8uLyHwpcXV5N1nubaQsB3x0oSSkk+iV/UbbabXV6G7p3gbWRftolj49thcQLzBGG+UenWvYvDOl3mj6FBZX959suY87psEbufevnrVJvFsXiNPFj6FJp8iyDcIonUMfcHPWvQfEXjXxsJLOXRdEnMMsCu6tbOSr4GR+ead3y6/Mmy5tDrfid/yTrWP+uS/+hrXO/Av/kTJv+u5/ma4rWvEXxG13SLjTbvQp/InUK+21fPUH+lU/DOofEDwppzWWn6Fc+UzbjvtnJzSh7rlfr/wBy1UV2f6H0TfXMdnYT3MwzHFGzsMZyAK+WbrVdS1Dxymt2lkjSTSM9tCyfKyrkdPoK9I0PxT4+1TWLex1XRpI7GclJnNu4wpB7mofEem2uk/FjwzZWkYSGOM4X65zRGP7yL7uwSl7kl21MzVI7rxCy6nea+PDsrxj/QXLJyBgkDPGSP1rldAW61e8u4Lrxe1ikBISSWVsSc445rvPFPiLSNT1e4GoeAL28mhZolnywBAOARiuG8Ow2mnXt5Lq/gu91CCUkwx7XXyhn9eKUdX5DkmtDrPFumyaZ8OtJR9VGpiS+DLcAkgjPvVLTmW88ZeIp0GVj0sjPp+4xXf6RrkV34DvXsvCk1stjlbezlQsSSM7hkZ6msP4X+Ebu80bW9R1BGgm1RXhTcuCqngnH1zTkm3JeT/ABSSErJR9V+Duzih/wAkUl/7CA/9lrpfEhB8T+BMEf6qH/0OneOPCY8H/C5tPFz5+67WTdjHcVueGfhbbyahp3iC5v5pUWNJYoCchSAPXtnmri0583RNfhFEtNRt1af4yPTbz/UL/vr/ADrG8Uog0WaYpl0GVOTx+VblzGXhwvUEEfhWTqdlFqkHky3LRKfvKCBn863w8lGcW+jJmtGjgDFCAbjJ37P7j13Ph2OMaEkqptZ1JY5PP51VPhu0KbPtzbcY6r/hVy10yK0sXtY79trDCncMr9K78ViIVYcqfUwpwcXdmEqr/Zdq8ibokvCz5GQBx1pPDyF72wmCDJVyxVegzxnFbA0KyNvHbvdM0KnLJvGHPvVxLCyhvVuoXCMq7SqtwR9KUsTDlcV1uNU3dM0IP+P2X/cX+tKf+PuT/dH9aLZSZHlIwGAAH0olGycyH7rAA+1eTU3Oumctqsgn1EpCEPzbB8vesx4ZJ7NmkCQ4baQwwcj2rq59MsJ49ocRnfv3K3Oajh0izjnEslw0xHQOwxXI6bbPZp4uEIJLp5FuBlfSUKMGXYORWmOlZ6RRLCLe3UBfboK0O1bxPKqtX0CqOr6rb6Np8l5cH5V4A7sfSr1c74s8Oz+IrWGCG6SBUbcdyk5row8acqqVV2j1MZNpNrc5WKz1Xx7fLdXObbTIz8q+v09T7121+LrSdGSPSLZJZIgFSN+mK5OLwFrcESxxa8qIvRVQ4Fdlo1jcadpkdtc3H2iVesmOtejjatN8vs5JxW0bP8TmoxlduS1fUytE1PxFd3/l6npsFvBtzvTOc/nUviPw5JrxiaO+ltjGpGEYgHPrXQVyGoeG9dk1Ge40/Wvs8Uxz5ZXOK5qNRSq88WqdvW36mri4xs9TD8LTy+HvFUmhzJFKZWx5wHzdM12Hi66jtPDN4zsAWTao9TkVm+HvBn9lX7ahfXX2q7P3WxgD3+tYniG01rxJ4mXTXgaG0iOcj7u31z613S9liMWpqWkUnJ7Xt2RjDmpQbt10RH4S8GWWraIl5eGUO7HAU44BxVO70a30fx1Y2lsXMe4N8x9q67WtSuvCtlZ2+nWH2iILsOFJII+lc1pcereIPGkGpXVjJbxx8kshUYxgda6KVetN1K85e407K/3aGU6cYwULe9oen15/8bf+SQ67/wBu/wD6Pjr0CvP/AI2/8kh13/t3/wDR8dfNnoHyBRRRQAUUUUAFFFFAHv8A+zL/AMzT/wBun/tavoCvn/8AZl/5mn/t0/8Aa1fQFADJIo5k2SIrr6MMinAADAGAOwpaKAIntoJJFkkhjZ16MygkfjUtFFADVRUGFUAegFOoooAa8aSrtkRXX0YZFO6dKKKACiiigAqJ7a3klWV4I2kX7rsgJH0NS0UAMMMROTEhP+6KTyIf+eSf98ipKKAGqiKCFVQD2ApVRUXaihR6AYpaKAI5oIbhNk8Ucq/3XUMP1p6qqKFUBVHAAGAKWigAppRSeVB/CnUUAN8tP7i/lR5af3F/KnUU7sBvlp/cX8qPLT+4v5U6ii7AKMZ60UUgG7E/ur+VGxP7i/lTqKB3ECgdAB9KWiigQUUUUAFFFFABRRRQAUmBnOBn1paKAEZVb7yg/UUAAdABS0UAFef/ABt/5JDrv/bv/wCj469Arz/42/8AJIdd/wC3f/0fHQB8gUUUUAFFFFABRRRQB7/+zL/zNP8A26f+1q+gK+f/ANmX/maf+3T/ANrV9AUARO5zgUm9vWkb7x+tU9Tvv7N02e88syeUudgOM/jTDcu729aN7etchfeM5tNvIrW802GGSVSw33ygAe5xx1qez8WNdzwKtnA0UsoiMkN4sm0kEjIA9jVcrJujqN7etG9vWsnUNbg068jgkXIZDI77sBFHc/iRVG28XQyvGtxp1/b+dJshZoSRJ6HP05pJX2G3Y6Te3rRvb1rM1bWINJhUujyzPxHDGMs/0FZY8aWslms0NjfPIx2pH5JG5+6g9yOfyosB0+9vWje3rWDp3ie21NilvaXvmLlX3QEKrDqpbt6VJD4l0/yZHvJVsnjfy3S4bbg9R19uaLBc2t7etG9vWudtfGei3NzPE19bRiNgqM0wxJkdRW+rK6hlIKkZBHcUWC5KjknBqQ8CoU++KlP3T9KTGRF2J60b29abRTEO3t60b29az9R1JdPe2UxF/PkEYwcY96vUW6gO3t60b29aypNZSLULi0NtM5hiEhMQ3FskjAUfSsn/AITWHy9/9l6h/rhF/qT3x7deelCV9geh1e9vWje3rWJfa5Nbaat9Bp0siE4ZJW8pl/AiqaeKLoNeedpPli0h85yLkNxjIHT2osB0+9vWje3rWNF4gt2km89fJjigWdpGbgA54/SqMHjS0klljksr6No/m/1Jb5OzH0HX8qLBfqdPvb1o3t61zFv4ytpZvIk0+/SZsmNFgLF1/vCtF9big1Bba5hkgSRN0czjCse4PoelFgua29vWje3rXO3HjPRYbuCFb+2kWQndIJhiPGOtbFnf2moQ+dZ3Ec8Wcb42yM0W6hctB2B61KDkZqCp1+6KTGLRRRSAKKKKACiiigAooooAKKKKACvP/jb/AMkh13/t3/8AR8degV5/8bf+SQ67/wBu/wD6PjoA+QKKKKACiiigAooooA9//Zl/5mn/ALdP/a1fQFfP/wCzL/zNP/bp/wC1q+gKAIG+8frWP4nz/wAI3e467P6ithvvH61na5aTX+jXNrb7fOkXC7umc0wjucjqNvewTrcfZ2smYlnu2/0hSvo2MbRUtrC8EGmBbeMxSXqv9qWcP5xKtzgAYqxc+E9WupDOdSsobk/8torVg4/8fx+lSW/h/XoHsUudVivYIbgStui2uBgjg59+mKtWItoZ2q2Mlxf6umoK0xkUGIRRF/LXscA+nWuVihBmMk32IRrGRDst3kV+gzw/DD9Oa9L1Tw+2oXMswliG8KMSRlsY78Ec1Ss/B7xakLi6u0uIVJ2qYsOR0AZs4OB7CiLshy/r8CKDTbpPATW7xb7kqWVUUk8sDwOvSuYgsPMiJjso2EZIbGlSnaw6/wDLTrXc3fhi2l037LDtJUkxG4BcR57AAjiobPwVo9tZ+VJbJLK2S0jZ6n0GelHNq2CWiRneC7USW+p/u/Lt5mCqyQtEDxg4BJ7+9WtPnntrGWK2gXU4oJGUyzyCMoASMZIOcYxn2qzpvhKy020KxpH9r+fbOAflznHGe2aLnw/dnRoLCyvo4drbpmeIsJT1PGR1PNDeugJGPo13efarm4XRbdhdyZiR7lVPyjHHy8jjOa7aFnaFDJGI3I5QNnHtmuffw3dXccTXmpMJoCDB9mTy41x6qSc/nXQxhliRXYM4UBmAxk+tJ2tZBre5In3xUp+6fpUSffFSn7p+lSyiCq95YW2oQ+TdQiWPOdpJ/pViqmo293cwCO0uhbkn532ZO3vjng+9MRxfiDRtO/tC3g06wRjanzroAk4T069eK6Ww0XRPLivbW0jGRuVgx4/Wr1hpltp0LRwISXOZHY5Zz6k1Tj0aWyvfN0668m3dsy27ruU+u3kYP5076WuLzOGXTZrnW9Wns7FCjQMYoskOM5GQc9cgnFVjp0hja1FiDciPeU/syXd7HPmeo64ru9R8Py3d1czxTQL50ax7JYiyjBJ7EetZv/CA2wi81Xi+2k8lkJh+gTOf1oT0G9xNV021l0bTf7T8m3jTaJZp32lQD93Hv0rIjXwmmqX0ZurTyJodsTJPjB5zz2NdTHo+q21jFbWt3p8ar94G0LKT7DfxVZtA1tr5Ls6jp3mKpUD7CcY+m+nfViSskJ4ZeO+v7q5Q2zQiFIQsc4m6E8kgD1rl5rCT+1LmKSzBmdyyhtPkkZl+ocZH4V3Fvpeovvi1K5sp7V1IaOK2MZP47jVGy8EafHcyT3sUMznhUjUoij6ZPPvmi/vXDpY5/Q7Vl8U2ypbKjwjMgWyeEqp6ZLMeODXTXKGz8Q7raR55Z42c2jnCkjvu/h602LwVpSapPdNbRNC6Kqw4PykZyc575H5VeTR5Iby8u4p1WWWMRw5TIjAzjvz1ob2C25zl/eXcmtQO2jW0f2JWkmzcrtAOMZO3joa6vTZbmWJjPYR2g6qI5Q4b8gKx7Tw5qaQPbXWqxtBISZGghKSufdiT/KtfSdObS7T7L9oeaJWPll+WVfQnvRpawdS/U6/dFQVOv3RUMYtFFFIYUUUUAFFFFABRRRQAUUUUAFef/G3/AJJDrv8A27/+j469Arz/AONv/JIdd/7d/wD0fHQB8gUUUUAFFFFABRRRQB7/APsy/wDM0/8Abp/7Wr6Ar5//AGZf+Zp/7dP/AGtX0BQBC4IYmm1Yop3Ar0VYoouBXoqxRRcCvRViii4FeirFFFwK9FWKKLgRRg7s1KeQaKKQEBBB5pKsUU7gV6KsUUXAr0VYoouBXoqxRRcCvRViii4FeirFFFwK9FWKKLgVwMnip1GFApaKQBRRRQAUUUUAFFFFABRRRQAUUUUAFef/ABt/5JDrv/bv/wCj469Arz/42/8AJIdd/wC3f/0fHQB8gUUUUAFFFFABRRRQB7/+zL/zNP8A26f+1q+gK+f/ANmX/maf+3T/ANrV9AUAFFFFABRRRQAUUUUAFFFFABRRRQAUUUUAFFFFABRRRQAUUUUAFFFFABRRRQAUUUUAFFFFABRRRQAUUUUAFFFFABRRRQAUUUUAFFFFABRRRQAV5/8AG3/kkOu/9u//AKPjr0CvP/jb/wAkh13/ALd//R8dAHyBRRRQAUUUUAFFFFAHv/7Mv/M0/wDbp/7Wr6Ar5/8A2Zf+Zp/7dP8A2tX0BQBDc3CW0JkfoO3rWHJrVwzkphV7DFWdeY7Yl7c0aXa20loWdVZiec9qtJJXYnuS6fqv2hxFKAHPQjvWpXKOqxaiViPyq/FdHdvdJas1nFHLP/CkjlVP1IBpSVgWpHc6nb2l9a2kgfzbkkJgccetEWpQTanPYKH86FQzZHGD0xXLXU2rS+K9G/tK0tYAHbaYZzJnjvlRUrXV1b+NNSSztGnneGPaSdqLx/Eeo/I0Ja29Qb3+R1zyJH991XP944qhqWt2Wl26zzyboywUmMg7c9zz0rPv7PfoclxrlpaX00KmRUZBtX2B9vWudtdOju7WK4Twv4cCSKHAa5wQCO/yUkh3O9W7tnUMs8RBGQd4qUOrLuVgR6g5rz57K0tbq1ju/DGhCOeXy8wTb2HBPTYPSuxE2naW0Ol27QW8sikwQAYB+gptaaCuNt9esbiS6jDtHLbAmRJBg7R3HtVO28aaFcw+Z9s8rkjbKpB4PWsPV01aW1uG1GG1t5Ic/wClJz5sfUKOnfGR9aWDUdYiGmI+r28cFzEMMlqpERxkKfm9KErg3Y6WHxHpVysn2a6E7RoXKRg5wPrViy1Wy1C1FxBOpQ8HccEH0PvWBpup6vdjVbSO8tp7u2lVYXKBQwwCeBn3FVr+xTULC0udT0aWOVbgtPBDEriQ42gnJHHSiy/IDpP7bsRqv9nNJtmKeYrEjaw9jmr6OkgyjKw9Qc1xBj8NC6FqfB0/nlN4T7HHnb6/erS0NtP0GyuGljm0+Ca4GxLiIR4JAAAAJotoFzp6rx3ttLdyWiTK08YBeMdVBqdSGUMDkEZBriVl1OLx1qf9m2tvOxiTcJpjHj6YU1K3sPpc7eoBeW5vDaCVftAXeY++PX9Ko2M+uSzlb6ys4IsH54rhpCD9CornPJ1ODxrO7X/nMlqrssdqMuu5vlA3dfejqHS52Nxe21rGsk06IjMEBJ4LHgCpwcjIryhZNWm8PWqJDBDaG/XErOWkB3jGUxj9a6vQ01C28VXdrdanNdoLdJMPwqklhwuTjpV8v9fJCb/r52OsoooqBkc9xDbRNLPIscajJZjjFEE8VzAk0Lh43GVYdCK57xjpdtc6FqF1OHkaO3YojNlFIH3gPX3q94YwPDGn9h5IprVNg91/XY16zr3XtL0+bybu9jikxnac1dW4hdtqzRs3oGBNZOp6lo+mi4t5igmmUs0SpkyE/pSA145UljEkbhkIyGB4NUrPWbO9muY4nwbd/LZnIAJ9ueawNJttS0/wXHb28f8ApMjELznylPc/Ss+1t/D0ti3l+Gbq9KAo1ybZGLsOpJLVTSTYlsjuvtMH/PeP/vsVIrK4ypBB7g15t4atNIfRo2n8KT3Um45lW2RgfxLV3+mxwxWES29obSID5YWUKU9sChxsFy3RRUc8IngeIvIm4Y3RttYfQ1IxzsERnPRQSaradqMGqWYurcOIyxX5xg5BxXN67p62VoYbfVNVkvJgREhvGI9yfbFY3g6yZ7cWt5qWoRl2YwmK5ZFfB549c1SV7ibsd9fajaabCJbydYYycBmz1qlaeIrO+ZmgjnNsM/6UUHlHHXBzn9Kiu7e90nTZTYM14SCXN9dN8q4PQ4P5VzHhDXXGizrcW9vJaI7tII5C0g3N/dIAxz1zSSvcH0OzudZs7VbNmZnS7cJE0YyCcE/yFaFcHf2dtbSaRJYXJksZr7fFHjiP5GyB+Pau8otpf+ugX/r7wrz/AONv/JIdd/7d/wD0fHXoFef/ABt/5JDrv/bv/wCj46Qz5AooooAKKKKACiiigD3/APZl/wCZp/7dP/a1fQFfP/7Mv/M0/wDbp/7Wr6AoApana/abY7R868iuaDyREqGZfUV2VVJ9NtriTe6fN3x3q4ytuJoxdKtGnuBIw+ReSa3L69h0+1aebdtHACjJJ9BU0USQoERQFHYU+pk7jWhxd5eXl54r0aSWya2g3tsEp/eE47gcD86v2sscPjXU2ldUBhjwWOM8V0EltBLNHNJCjSR8oxGSv0qve6PpuoyK97Y29w6jAaWMMQPxoTs/vFbcw4tahvbLVf7SlU2YmMMWwYLgE8D16VkX+haWPB89z/YVvaOu0RF0BkK7gASfUiu1i0uwgWFYrOFBCcxhUA2H29KrahoNrqU4kuZborkHylmIjOPVelHp5fgPzOek03RtNubGabRo4IVCst5AgG18fx47V1ZtbK6nhvTDFJKg/dSlQSoPoasNGjxGJkBQjBUjgimxQxwwrDEixxqMKqjAA9qblcSRwuqQP4h/tlxbNepBIkcEWM7SMbiue/3qgbSbSPULSWHwhcNAE2TxvbR88feHzdc4rudO0y20uJ47YMFeRpG3Nkkk5P8AOm6hpkeobN9zdw7f+fedo8/XFCdtF/Wg3qcZ4aFja3WtXS6ObV4CWjkaJV8sbfu8Hg07Ury4/wCEY02KfzLq4uJxMyg7m2Bt/wCgFdXFoFhDpktgqP5MpzIxcl3Oc5LdTU8GlWlvdJcohMiRCFSxztUelF9vK34Ctv8AP8TmJrxdS8TWs2m6nHaqbL77xhv4jxgkYNdFDZR3loItQnt9SKsGDeUoAI6cAmi48PaNdTtNcaXaSytyzvECT+NWLLTbHTVZbK0ht1Y5YRIFyfwourWC2pIbi3iOwzRKV42lwMVy+mXMA8dasxmjCmFMHeMGty48PaNdztPcaZaSyvyzvECT+NRf8ItoH/QGsf8Avwv+FJW3Y3tY0ftlt/z8RH6OK5NLm9uvF0t7p1i81s0Kw+fIdicEk89e/pW9F4b0SCVZYtKs0kQ5VlhUEGtSjQXSxwNhZnUPDMVqJ4Ypor0SOJJNpADZNaVvFFp/ia1h0+d55LhCbqSWTzSFHQZ7DOa2Z/DujXU7TT6XaSyucs7xAk/jU1lpGnaazNZWNvbs4wxijC5/Knzdf62sDV/68y7RRRUjMjxSpbwtqSqCSbdsAfSjw3HnwxYRyL/yxAKsK16KFs13DsZtt4e0ezuBcW2mWsUy8h0iAI/Gq194i0uBJ7e8ZkkAIMLxklh7Y45rbooeu4LQ4/w7a6xY+HXW2s4t0kzNHDcSFNiHp0B/KjTbTxNpOmS2wstOkUszljdMDz/wCuwpGUOpU9CMGm3e4kjh/Cc/iBdBjFrYWEkW44aS5ZT+QU119g99JBnUIIIZs/dhkLjH1IFGn6fb6ZaLbWwYRKSQGOTVqm3cLBVbUJ57exlltoDPMB8kY7mrNFSM5CJLrTnmvL/T7y81CaM7pIFVkiU/wjJH8u1Zmis2o+HobYadqCTJM7w3SIu2NsnnO7Psa9AkTzI3TONwIzVLR9MXSNPFospkAZm3EY6nNVcVjFnfWr7TTYXloY33bZ51PyugBO4fUgce9Zvh2wuE0uC8020t5LiOaaM+bMYxs3njgHPau6ZQ6FT0Iwarafp9vplt9ntgwj3M+GOeScmknuDWxxWuWGpxSaTumtrMyXhKwQRB1RirEtuON2ee3eu4s4riG3CXVyLiUZzIIwmfwFR3um22oPbvcKxNvJ5keGxhsEf1q3Rf3bDa1v8A11CvP/jb/wAkh13/ALd//R8degV5/wDG3/kkOu/9u/8A6PjpAfIFFFFABRRRQAUUUUAeofB/4j6P8P8A+2f7Wtr6b7d5Hl/ZERsbPMzncy/3x0z3r0//AIaO8H/9A3XP+/EP/wAdr5gooA+n/wDho7wf/wBA3XP+/EP/AMdo/wCGjvB//QN1z/vxD/8AHa+YKKAPp/8A4aO8H/8AQN1z/vxD/wDHaP8Aho7wf/0Ddc/78Q//AB2vmCigD6f/AOGjvB//AEDdc/78Q/8Ax2j/AIaO8H/9A3XP+/EP/wAdr5gooA+n/wDho7wf/wBA3XP+/EP/AMdo/wCGjvB//QN1z/vxD/8AHa+YKKAPp/8A4aO8H/8AQN1z/vxD/wDHaP8Aho7wf/0Ddc/78Q//AB2vmCigD6f/AOGjvB//AEDdc/78Q/8Ax2j/AIaO8H/9A3XP+/EP/wAdr5gooA+n/wDho7wf/wBA3XP+/EP/AMdo/wCGjvB//QN1z/vxD/8AHa+YKKAPp/8A4aO8H/8AQN1z/vxD/wDHaP8Aho7wf/0Ddc/78Q//AB2vmCigD6f/AOGjvB//AEDdc/78Q/8Ax2j/AIaO8H/9A3XP+/EP/wAdr5gooA+n/wDho7wf/wBA3XP+/EP/AMdo/wCGjvB//QN1z/vxD/8AHa+YKKAPp/8A4aO8H/8AQN1z/vxD/wDHaP8Aho7wf/0Ddc/78Q//AB2vmCigD6f/AOGjvB//AEDdc/78Q/8Ax2j/AIaO8H/9A3XP+/EP/wAdr5gooA+n/wDho7wf/wBA3XP+/EP/AMdo/wCGjvB//QN1z/vxD/8AHa+YKKAPp/8A4aO8H/8AQN1z/vxD/wDHaP8Aho7wf/0Ddc/78Q//AB2vmCigD6f/AOGjvB//AEDdc/78Q/8Ax2j/AIaO8H/9A3XP+/EP/wAdr5gooA+n/wDho7wf/wBA3XP+/EP/AMdo/wCGjvB//QN1z/vxD/8AHa+YKKAPp/8A4aO8H/8AQN1z/vxD/wDHaP8Aho7wf/0Ddc/78Q//AB2vmCigD6f/AOGjvB//AEDdc/78Q/8Ax2j/AIaO8H/9A3XP+/EP/wAdr5gooA+n/wDho7wf/wBA3XP+/EP/AMdo/wCGjvB//QN1z/vxD/8AHa+YKKAPp/8A4aO8H/8AQN1z/vxD/wDHaP8Aho7wf/0Ddc/78Q//AB2vmCigD6f/AOGjvB//AEDdc/78Q/8Ax2uX+Inxr8N+LvAmpaHYWWqx3V15Wx54owg2yo5yRIT0U9q8IooAKKKKACiiigAooooAKKKKACiiigAooooAKKKKACiiigAooooAKKKKACiiigAooooAKKKKACiiigAooooAKKKKACiiigAooooAKKKKACiiigAooooAKKKKACiiigAooooAKKKKACiiigAooooA/9kNCmVuZHN0cmVhbQ1lbmRvYmoNMTAyIDAgb2JqDTw8L0JpdHNQZXJDb21wb25lbnQgOCAvQ29sb3JTcGFjZSAvRGV2aWNlR3JheSAvRmlsdGVyIC9GbGF0ZURlY29kZSAvSGVpZ2h0IDE4OCAvTGVuZ3RoIDE0MTEgL01hdHRlIFswIDAgMF0gL1N1YnR5cGUgL0ltYWdlIC9UeXBlIC9YT2JqZWN0IC9XaWR0aCAzODY+Pg0Kc3RyZWFtDQp4nO3XaW/iVhiG4WYCXrAN3gADg80OFvUQAyIsySgk0TRK5v//nfYY0qnKkvSD0SO5z/Ud6dV765yDf/uNiIiIiH65oov6L+v/8rdrSsmvlX4SYb/+5Bc5uoB9iw8aJPsXy8/n85IgU6qSnYrVigxfziXYBcjlxeoVVShQqpKdKiKEaHAmwXsAsf6CphuGUaRUiZXqmiYinEuwDyDJqmYUS6Zl2w6lyrYts1Q0NFUcg5MJ9gGUgl6yHLdcrXo1SpVXrVZcxyrpBUXanYKjAvsAhulUvPrXph+0Wq02pUQsM/CbX+texTGN9wTHR0C8ASKA6zWCdrc/GI5CStFoOOh320HDc0UC8RYcHQJxBPKyqptuze8MwvG3SRxPZ5SaaRxPvv0eDjp+zTV1Vc4fHYLkCChayfH8XhjF88Vyvbm7u7unVIhVbtbLxTyOwp7vOSVNSQ7BwSV0nZNVwyo3OuFk9iddyHwSdhoVy1Dl3PW/ryFRQLwCRdvz+9FshZ4zu1azqC8OQVG8BCcKiEvIrbfD+PYePWd2fb+Nw3bdTa6hwwLiIVZ0s9zojuebLXrO7Npu5uNuo2zqyuFTLApIqm5Vmr1o8f0ZPWd2PX9fRL1mxdJV6ahAThIPcbXZnywffqDnzK4/HpaTgV8VT7GUO13AH9ysti/oObPrZbu6GQbe2QK2Fwzj9eMres7sen1cx6KA/WGBzRMLXMzb0yYeBbWPCoymd89v6Dmz6+35bjpqsQDOz48KiE9ip9ZKCvxEz5ldSYGwVUs+ilkAggXQWACNBdBYAI0F0FgAjQXQWACNBdBYAI0F0FgAjQXQWACNBdBYAI0F0FgAjQXQWACNBdBYAI0F0FgAjQXQWACNBdBYAI0F0FgAjQXQWACNBdBYAI0F0FgAjQXQWACNBdBYAI0F0FgAjQXQWACNBdBYAI0F0FgAjQXQWACNBdBYAI0F0FgAjQXQWACNBdBYAI0F0FgAjQXQWACNBdBYAI0F0FgAjQXQWACNBdBYAI0F0FgAjQXQWACNBdBYAI0F0FgAjQXQWACNBdBYAI0F0FgAjQXQWACNBdBYAI0F0FgAjQXQWACNBdBYAI0F0FgAjQXQWACNBdBYAI0F0FgAjQXQWACNBdBYAI0F0FgAjQXQWACNBdBYAI0F0FgAjQXQWACNBdBYAI0F0FgAjQXQWACNBdBYAI0F0FgAjQXQWADtwwKSathekBR4Q8+ZXUmBUatmG6rEAhBvnxcYxpunV/Sc2fX2tIlHwScF1o8scDGvj+t4GHhnC1hVf3Cz2r6g58yul+3qRhSwzhdo9ifLhx/oObPrx8NyMvCrJwtcS6puVZq9aHH/jJ4zu57vF1GvWbF0Vbo+KpBXdLPc6Ixnmy16zuzabmbjbqNs6kr+sMCVKKCV3ForjG/v0XNm1/1tHLbrbkkTBa6OCoiPYtvz+9FsiZ4zu1azqO97ySfxiQK7p1hcQ+Fkhp4zu2aTsNOo7B7igwLJn6HkGnI8vxdG8XyxXG/uKEWb9XIxj6OwJ45Acgkd/BXaP8Wyqptuze8MwnE0uYmn0xmlZDqNbybROBx0/Jpr6qp8+BAn15A4BHLBMF2v4be7/cFwNAopNaPRcNDvtoOG55qGeAXEETgokByCnJQkcCpevdH0g6BFKQoCv/m17lUcEUARr8DhEdgdgl0CvWQ5brla9bwapcjzqtWy61gl/T3AiQL7BKpmFEumZdsOpcq2LbNUNDRV3gc4KvCeIC8rakHTDaFIKUo2qmsFVRFvwOkAvxJIsqwoqlCgFCUbFeuXpfMB9glEg1w+LwkypSrZaT6fy12fD7BLkDQQcnQByWa/JPs/F+C9gYhAl3L18f7/iUAX88n6iYiIiP5f/gIt+GyhDQplbmRzdHJlYW0NZW5kb2JqDTEwMSAwIG9iag08PC9CaXRzUGVyQ29tcG9uZW50IDggL0NvbG9yU3BhY2UgL0RldmljZVJHQiAvRmlsdGVyIC9EQ1REZWNvZGUgL0hlaWdodCAxODggL0xlbmd0aCA5ODAwIC9TTWFzayAxMDIgMCBSIC9TdWJ0eXBlIC9JbWFnZSAvVHlwZSAvWE9iamVjdCAvV2lkdGggMzg2Pj4NCnN0cmVhbQ0K/9j/4AAQSkZJRgABAQAAAQABAAD/2wBDAAgGBgcGBQgHBwcJCQgKDBQNDAsLDBkSEw8UHRofHh0aHBwgJC4nICIsIxwcKDcpLDAxNDQ0Hyc5PTgyPC4zNDL/2wBDAQkJCQwLDBgNDRgyIRwhMjIyMjIyMjIyMjIyMjIyMjIyMjIyMjIyMjIyMjIyMjIyMjIyMjIyMjIyMjIyMjIyMjL/wAARCAC8AYIDASIAAhEBAxEB/8QAHwAAAQUBAQEBAQEAAAAAAAAAAAECAwQFBgcICQoL/8QAtRAAAgEDAwIEAwUFBAQAAAF9AQIDAAQRBRIhMUEGE1FhByJxFDKBkaEII0KxwRVS0fAkM2JyggkKFhcYGRolJicoKSo0NTY3ODk6Q0RFRkdISUpTVFVWV1hZWmNkZWZnaGlqc3R1dnd4eXqDhIWGh4iJipKTlJWWl5iZmqKjpKWmp6ipqrKztLW2t7i5usLDxMXGx8jJytLT1NXW19jZ2uHi4+Tl5ufo6erx8vP09fb3+Pn6/8QAHwEAAwEBAQEBAQEBAQAAAAAAAAECAwQFBgcICQoL/8QAtREAAgECBAQDBAcFBAQAAQJ3AAECAxEEBSExBhJBUQdhcRMiMoEIFEKRobHBCSMzUvAVYnLRChYkNOEl8RcYGRomJygpKjU2Nzg5OkNERUZHSElKU1RVVldYWVpjZGVmZ2hpanN0dXZ3eHl6goOEhYaHiImKkpOUlZaXmJmaoqOkpaanqKmqsrO0tba3uLm6wsPExcbHyMnK0tPU1dbX2Nna4uPk5ebn6Onq8vP09fb3+Pn6/9oADAMBAAIRAxEAPwD5/ooooAKKKKACiiigAooooAKKKKACiiigAooooAKKKKACiiigAooooAKKKKACiiigAooooAKKKKACiiigAooooAKKKKACiiigAooooAKKKKACiiigAooooAKKKKACiiigAooooAKKKKAPYPgX4J8O+Mf7e/t/T/tn2X7P5P76SPbu8zd9xhnO1evpXr//AApL4ef9C9/5O3H/AMcrz/8AZl/5mn/t0/8Aa1fQFAHn/wDwpL4ef9C9/wCTtx/8co/4Ul8PP+he/wDJ24/+OV6BRQB5/wD8KS+Hn/Qvf+Ttx/8AHKP+FJfDz/oXv/J24/8AjlegUUAef/8ACkvh5/0L3/k7cf8Axyj/AIUl8PP+he/8nbj/AOOV6BRQB5//AMKS+Hn/AEL3/k7cf/HKP+FJfDz/AKF7/wAnbj/45XoFFAHn/wDwpL4ef9C9/wCTtx/8co/4Ul8PP+he/wDJ24/+OV6BRQB5/wD8KS+Hn/Qvf+Ttx/8AHKP+FJfDz/oXv/J24/8AjlegUUAef/8ACkvh5/0L3/k7cf8Axyj/AIUl8PP+he/8nbj/AOOV6BRQB5//AMKS+Hn/AEL3/k7cf/HKP+FJfDz/AKF7/wAnbj/45XoFFAHn/wDwpL4ef9C9/wCTtx/8co/4Ul8PP+he/wDJ24/+OV6BRQB5/wD8KS+Hn/Qvf+Ttx/8AHKP+FJfDz/oXv/J24/8AjlegUUAef/8ACkvh5/0L3/k7cf8Axyj/AIUl8PP+he/8nbj/AOOV6BRQB5//AMKS+Hn/AEL3/k7cf/HKP+FJfDz/AKF7/wAnbj/45XoFFAHn/wDwpL4ef9C9/wCTtx/8co/4Ul8PP+he/wDJ24/+OV6BRQB5/wD8KS+Hn/Qvf+Ttx/8AHKP+FJfDz/oXv/J24/8AjlegUUAef/8ACkvh5/0L3/k7cf8Axyj/AIUl8PP+he/8nbj/AOOV6BRQB5//AMKS+Hn/AEL3/k7cf/HKP+FJfDz/AKF7/wAnbj/45XoFFAHn/wDwpL4ef9C9/wCTtx/8co/4Ul8PP+he/wDJ24/+OV6BRQB5/wD8KS+Hn/Qvf+Ttx/8AHKP+FJfDz/oXv/J24/8AjlegUUAef/8ACkvh5/0L3/k7cf8Axyj/AIUl8PP+he/8nbj/AOOV6BRQB5//AMKS+Hn/AEL3/k7cf/HKP+FJfDz/AKF7/wAnbj/45XoFFAHn/wDwpL4ef9C9/wCTtx/8crj/AIpfC3wb4c+HGratpOjfZ76DyfLl+1TPt3TIp4ZyDwSORXuFef8Axt/5JDrv/bv/AOlEdAHyBRRRQAUUUUAFFFFAHv8A+zL/AMzT/wBun/tavoCvn/8AZl/5mn/t0/8Aa1fQFAB0rz9vi5oS+Jjohjm3ifyDN/Bu6fzro/GOtJoHhS/1BiAyRkJ7seBXgT+FJB8L18UNzfNeGfdnnZnH81J/Gknrd7L9WNrSy3f+R9KXdytpZzXLglYkLkD0Fcn4f+I2meIdG1HU4IJo4bEEyBhknjPFSaRra+IPhqmoBsu9mVk/31GD+orzD4UpA/gfxILm5ubaHPzy22fMUbRyMUSTTkuyEmmovuzb0z4w6otwv9p+H7h0vX/0BYV2l1zx16mt7UPip/ZrWMNx4b1FLq8BKW5IDjDEdMd8V4vJBdazfy3Wk6tdm100D7M97c7ZeOyc8ewFdDbi/nutC8Q6dfi7mtwXaPVr4b1YMeOTnFUraf1oDPUvDvxJh13xCdFl0i7sLgRmQ/aGHAAz0qmnxJkvfFd5bafbRTaJYRs93d8kjA524PNYGg6RrHirxtfazq0VjHbz2bW0osrkSbcptHcmuD0zTNOmgumsdH8SXdrGSsrQyLs49cCpvt6fqxrVP1/T/hz1rxJ8T4bLQdK1fR/Intru5EMhmyPLHf6EVf074n6Pq/iKDSNPiuLnzAQ1xGnyKcfqPevIpPDlrqPgVNR0XzljN/kWN3KDnGRhfU/rXW6Oniq917SYbXQn8OabanzLhYQYlmUcnI/iz/WrVr2f9aEtu11/Wp1fibx/JofjXTdDhit2imUvcyykjyl656+gPWoPGfxQ07RdFW50O+0+/ujKFMXmbvlwcng/SuE8LXFv42+LOrNfxF7aaCSMISQQg44PUd65LxromlQatqD+H4DHpti6QOxkZ90hz3JPoahXtG/XX8S9OZ26afgfQ2n+OvDt3bWxfWrAXEqrmMSjO49vzrkfGHxTuLHVzp/hu0F81sDJeSBdwRRjgf41zXw08I+Gb+8n0/WLRv7asnWdGE7rvTgggA44OPzo+JltDpHjy0hs5ZbSDUIibwQ3HkiXt8xzj86ct15kw2fkdG/xkH9gPfHQ7u3eRMWjykFJ36EDA7VDpPxb1cSx6bqHhW+n1Z18zy4MLlD0IUjNcr9n0r7Klr9uufs6MGWL+3I9qkdCBnFVDdGDxzoc1pqF08kkgSR21EXBKg8DKngcninHWSXcTdot9j1fxH8QZ/Dc2lyXeh3K2V2gM0h6wsf4fqO9aN94/wDDdrayn+2rKO5WPcsMkgDAkZAI/EVjeKtS8U2Hiq0RdLh1LQLjahiEYJVu5JPQ/pXPeIb74X3c+oTXKxNqTbg5IOfMHH8xUN+79/qVbVfI1/A/xUsNV0mabxFqVhZXSzFUjLhMrgc4P41u+J/iDpnhm0srp45LuC8G6J4OQRjOa8a+H8ngFdGnHidIzd+edm4H7mBjp+Ne7+H5tD1fQraTSkjmsIx5cOVyAF4xz9K0ku3kSnrqcO3x10NfvafeD6j/AOtSj456IRkabe/l/wDWqp8c7S3g8Oae0MEcZNwclVA7V3/hnT7NvC2lM1pCSbSMklBz8oqY6pvs7DejS7o5vWvitb6Vpmn38ejXdxDewmYFWA2AevFZafF6/wD7DudZm8OTR2CbfJkYnEhLAYz071P8YLjW9N8PMdOube30l4jDcQlF3OWOMLkZHB7VwFnHqNz8MhBrOsW9voj7BbhYg7I4YHnbz0Hele92v61/qw7Wsd8Pif4hOn/bx4JvzaeWZfOwduzGc59MVp2XxOtZPA58TXVlJHEJ/JMSNk5zjP615ONaC6b/AGcPiBN9k8sxeV9mkxsIxj8q0bz+z4fgnc2en3/21Yb1S8nllOWYcYP0qn1t5fmJa2T8/wAjuR8SdVk8Savp9rpAvI7O3E0McIPmPllH8mJ/CqV18XNYsbuC0uvCF3DcXBxDG+Qz/Qd65L7bdab4l8WXtnK8U8WmqVkXqp3xisq7tfEup6h4Vu7vXWludR3NayNkmDkZz/8AWpR1aX9df8gb0b/rZHt3hTxTrGu300Go+HLrTI0j3LJMCAxz0rra8x+F2p63ca3r+naxqcl81k6IrMTjvnFenU3ayaEt2mISACScAVjyeK9Din8ltSg35wfm6GteWNZYnjb7rqVP0NcL4r0jw9o3hySNbaJLlhiE4zIW9c9a6sJSpVZqE73e1iajkldHdRyJLGskbBkYZDA8EU6uc8Dw3EPhW1W43AnJUN2UnitHW9Xh0XTnuZTlukad2bsBWc6DVZ0oa62CE+aCk9CZ9VsEv1sWuohdN0i3fN+VXK8n023vYvHlhPqB/wBJucTMv93PQflivVyyr1YD6mtsZhY0HFRd7q5FKo5t6bEV1dQWVu09zKkUS9Xc4AqhZ+JNIv5xBbX8Lyk4ChuT9KsapHZz6bKb1BJbIN7rjOQOenevNL46XrniPT4vD0C2zKwLuE8scHrj1q8HhYV4vmurdei9QrVHBXR6LqPiDTNKmEN5dJFIwyAfSqf/AAmmgf8AQQj/ADrRvNI069YS3llBO6rjdJGGOPxrynw9fadZNeLd6L9v3SfIRGG2D05Fa4TC0a9OUrNuNu3UmrUnBrazPRf+E00D/oIR/nXOfGmRZfg5rciHKsLcg/8AbeOnaVqXh3VNXi04eG44ZZM8vEvGAT6e1J8akWP4Pa2iKFVRbgAdv38dc2MowotRUWn52/QqlNy6o+QaKKK4zYKKKKACiiigD3/9mX/maf8At0/9rV9AV8//ALMv/M0/9un/ALWr6AoA8d+N2py3Uuk+GbfcXuHEsgHpnav/ALNTj8EUGl+WfEF+SIv9Txszjpj0zXr5VSckAn6UtJJJNdxt3aPCvhZqctnpPiPw1dZEkCyOgPqBhgPy/Wr/AMBE/wCJVq4ZeDKOCP8AZFey7VznaPyo2gAgADPpVX1bfaxLXRd7nzLbaI+peMPEMcGgQ6ksV3IArTmIRjeemCK1j4OugD/xQdr/AOB7/wDxVegf8Ka8PXGrX1/qEt1dNdStLs3mMIScnG3r171N/wAKa8G/8+l1/wCBT/41MVaKRUneTZy/wMQx/wBvIYxGVkA2A52+2a4DQrOaew1KRNG1S8VZGzNayMqJ164r3nwb4CsvBYvVs7uaZLps4kA+T2HrWO3wg0ptFbTDf3Xltc/aC4AB6YI+nND1+5II6X9b/meSyGQfDDRTCQkg1ZthboDzjNdtHYN4b8W6HqHifWbzUdTvXEcC28hCRg8YI645AwOK7j/hWnh5vCsfh+SGR7aN/NV95Dh/XNV9E+FHhrQ9Uh1GGKaWeE5j82QsFPrirTXN8/0Ia93+u7PNdb03UdI+I+q2fhO3C3DWOAq/ewx+Yj35rG1+PUNC8EtoV3oN3A5uxNNfyKdkr4PAP4n9a95i8IWsXjWXxOLiU3EkPkmLA2getP8AF/hS28YaQunXU8kEayiTdGATkA+v1qFdRS/re5pf3m3/AFoeQiy8TeINd0rW9H0O80y6tI44pJZVKrKnTcPUYzn60z4l6tZajq0OoM00d3Yx+TsmtC0Uj9+oxjrXvdpbraWcNupJWJAgJ74GK5zxX4E03xfLavfzXCrbvu8tHOxh6EdPxpy6JdyY6LXseH6dfm6sI554bWORhkqmiIw/MJVTRL6K+1+K+vUEYsJsotlYBN4z/FsX2719O29nBa2cdrBGqRRoEVQOgFYPhfwZaeFrnUpre4kmN9L5riQD5TknA/OmnaV/uE1eNmcZ8QPFV3fz+G9O0S4uLae/k81tpKOEzgA/k1cn48l8Oap4itvDmk2+mWrJJm+1IoiZbv8AP/P3r2O68G6Vd+KbfxFIshvoF2rlyVx247dTWRe/CTwjqGoT3txZSmaZzI+2dlGT14BqUtvVv/Ipv8rf5nn+s6n4P8NaxpFna6Z4f1PSvLCXEyxpLNnoSx/WvTh4o8HeGbeC0ju7GwgkjE0UUe1FKtzkAeuaypvg54Pe1liispIncYEnmFivuM1O/wAJvCk1vbRXNtPMbePy1Zp2zjr61V3b5k21OE+MPi3Q9e0Kyg0zUYbmRJ9zLG2cDFdt4f8AiH4UtfDmm282s2ySx20aOpcZBCjIo/4U54L/AOgfL/3/AG/xo/4U54L/AOgfL/3/AG/xpLRNd9RvVp9jnPiOi+NdKXUNMvluNGsbeaWXyzx5qqStY/hPwXMng6DWtMjgvrm5QZsL1l8knIy3zcZxmvU4fA+k2Xhe+0DT1ktrW7RlchtxG4YyM1kTfCjRbrRdP027nuZUsVKxuG2k59cUJWvby/4IXva/n/wDyE6frH/CyFtv7B0f7d5RIsvk+z42nn0zjmvSrzwje638O7jT7m10rRrszCWUWwXywqnOTt74zU3/AApHwtnObvPr5p/xrc0b4daJoumX+nwCZ7e+XbMHkJJHse1H2bdf+DcPtX/rseR6ZBNrGmeN9VhRpUMKW8e0Z3fOp4/75qS9km02L4eyvbyPLBDI5h6McYOPrXtvhrw1YeFtJXTtPQiIMWLNyWJ9ap694Ntte1/StWlupYpNOYskaKCHzjr+VNaSjbpb8L/5i3i16/j/AMMcj8J4r251rxHrFxYzWsF5KhjEq4JxnI969ToAA6Cijokug+rfcq6jdfYdOuLnGTEhYD3ryPTtasJ9Vk1PXo57qbdmNOqqK9mpNq/3R+VduExcKEZRcbt9b2dvuMqtNztrsc4fGFovh06vHbTNCsnl+WBzWfquiXfixrDVrO8+yxrGGSOQHKtk812ZVSMEDHpSgYGBUQxMaT5qUbPXz07f8EHTclaT0PJb3StYj8Z2trLqZe8ZQVuOflFdzqXhGz1kWz6i8kk8UQjLqxG4jqfzroMDOcDNLWlbMas+Vx91xVtP6/AUaEU3fW5gXE1j4P0KKIxSSWqttOOSMnvXD+ILyx8RajZxeH7NxdB8tKse0/j/AI16sQCMEZFIsaJ91QPoKMPjI0X7RxbnrrfTXugnSco8qdkYHijX4dC0Zgzg3cibY0zyTjr9Kz/BMEWi+H1mv5Uge7fzAJGxx2rb1Lw5p2rXtvd3cIeSE5Ho3sfUUutaBZ67bRwXQYLG25dhxinCtRVFUdVd3k/ySBwk5X7bHJQ3EN98VY5beRZI1iI3IcjOw0742/8AJIdd/wC3f/0ojrptH8K6Xoc7T2cTCVl2l3Yk4rmfjb/ySHXf+3f/ANKI6zxlaFSUVT2iktfIdKMldy3bPkCiiiuM1CiiigAooooA9/8A2Zf+Zp/7dP8A2tX0BXz/APsy/wDM0/8Abp/7Wr6AoAKKY77eB1pnmNRYCaiofMajzGp2AmoqHzGo8xqLATUVD5jUeY1FgJqKh8xqPMaiwE1FQ+Y1HmNRYCaiofMapEbcPekA6iiigAooooAKKKKACiiigAooooAKKKKACiiigAooooAKKKKACiiigAooooAKKKKACiiigArz/wCNv/JIdd/7d/8A0ojr0CvP/jb/AMkh13/t3/8ASiOgD5AooooAKKKKACiiigD3/wDZl/5mn/t0/wDa1fQFfP8A+zL/AMzT/wBun/tavoCgCKT734VBPcQ20RlnljijHV5GCgfiank+9+FQy+X5bGXbsAyd3SmBjXfinTILm1jjv7KRJnKuwuF+QevWryazpciu0epWbhF3NtnU4Hqea5+9ibWb1LzTYENvYEsrbMC4buB6jHetcXMF/pE0umRRNMUKmMqFKN6MOxqnsLqZM3jeKPTftUcUEzea6ELdRgABiAeWB5GDx61Z0vxWNSvp4BaoiRcmT7VEwUYzk4Y8fTNcitn9g0m3lN3JthmnLZjkwMMVzvRGx06GtPwrP9s1GO5Z5f3kRQKySvtbuCxQLx9apJaktlt/Gdws/liTRiPOEW4XZxz/ABdOla9p4ga5uki8pCjTyxb0bdkICcj1zisTUIJdOtFf+xbiQwXImecmELKd2em7IB9MVo2FrdSayl1LYT2ltGXlVCsWNzAg5KuSevpS0sN3uQSeOooL6WCexZFC70LTRoxUdSVZgQfbrUmleMm1O9FomnF5SN+YbiJgEz1PzdfbrWBqN3u1+byGuMXB3geXPGVA9VERz9RU2g3mzxJun+0YiTZ/q5nyW6dYxt/GnFaBJnWJrgRrj7TbTBI2+SSCNpg4PptB59RVax8WW13dTwtb3a7JQiEWkpz/AL3y/L+NV0ZYG1OewuFsbdJQGcp5gkfnICnGDkjp1qjZSXtjfJHdaxFb3GoOZBG0Ck57AjdkEjPt75qY6g9Dtqki71EoIUAnJxyfWpYu9SxklFFFIYUUUUAFFFFABRRRQAUUUUAFFFFABRRRQAUUUUAFFFFABRRRQAUUUUAFFFFABRRRQAV5/wDG3/kkOu/9u/8A6UR16BXn/wAbf+SQ67/27/8ApRHQB8gUUUUAFFFFABRRRQB7/wDsy/8AM0/9un/tavoCvn/9mX/maf8At0/9rV9AUARSfe/Cq1zaw3cJiuIxJGTkqauMoam+V70wIlRUUKihVHQAYAqAWFqt2bpYEE5G0uBgkVc8r3o8r3ouKxlnRNMMiSGzj3ISy9eCTk/qac+j6fJcm4a1TzSMFhkVpeV70eV707gYjeF9FYYbT4yPQk/41JD4e0q3mSWKyRXQ5Ugng/nWv5XvR5XvRcLFOGxtYLiSeKFVllOXfuaelvDHPJMkarJJjew6tjpVnyvejyvelcDNm0fT7i1+zS2kbw79+w9N3rRFo2nQw+VHZxBMhsYzyOetaXle9Hle9O4EYGBgVJF3o8r3p6qFFJsBaKKKQwooooAKKKKACiiigAooooAKKKKACiiigAooooAKKKKACiiigAooooAKKKKACiiigArz/wCNv/JIdd/7d/8A0ojr0CvP/jb/AMkh13/t3/8ASiOgD5AooooAKKKKACiiigD3/wDZl/5mn/t0/wDa1fQFfP8A+zL/AMzT/wBun/tavoCgAooooAKKKKACiiigAooooAKKKKACiiigAooooAKKKKACiiigAooooAKKKKACiiigAooooAKKKKACiiigAooooAKKKKACiiigAooooAKKKKACvP8A42/8kh13/t3/APSiOvQK8/8Ajb/ySHXf+3f/ANKI6APkCiiigAooooAKKKKAPf8A9mX/AJmn/t0/9rV9AV8//sy/8zT/ANun/tavoCgBksqwxNI5woFYUuuTM58pFCds8mtDWc/YDj1GapaS1oLeTzdu/PO70q0la4mXNP1MXZ8t12yD06GtGuYs9v8Aay+V9zecfStq/i1KTZ/Z91bQY+950Bkz9MMuKUlZgiE67aC1v7grLssWKy/KMkjrjnmr8cySW6zA4RlDZbjAriI1nTw14pFxIkkwlk3MilVJx2GTj8639Kt9TuIbaa8niitxEALWJd2eP4mPX6AD8aSWn3fkF9fv/Bl6bWdOhgeX7ZA+xSdqSqSfYc1HZa/pd9aR3MV7AqSDIDyKrD6jNcpc3kQ1i/tQdItI7eQKgk0xpSwx1yrAVBJqUMccUsNzol2GkRdiaS6bgSAcMWIFNRuDdj0GOaKaPzIpEkT+8hyP0rJfxNp8dhcXT+cpt2CyQlP3gJOAAO+amkuoLW4g0uCF4ZLiNmjeKIeWhA7+lcbr0lzZtbi+1OP7Yk6oj28XLDcAXYYPzBd3FJK7sPodavijSWUN58q5GcG3kyP/AB2pTr1iJbdS0gS4z5cpjIXPoc9DXFz600cGpFPEOoO0KlrZwilXOPut+74P410dtNe3z2F3Dd29xZSgLNBOm0hgM7kJ757Yp2JuaOoeINN063M0tzG6qwVljdSwycZxmrdvfWl3/wAe9zDKcZwjgnFcerJpdlctHoNhdRQT7Hd7kM+5mAwf3XuK2NL0+ZdXF9JpNtZAwlMwXAYHJB5XYPTrmiyGzoKKKQgEEHoakZWbUbNb1LI3Ef2lwSIgctx/LrVquRuLO3s/HelrBEE3QSlj1JOR1J5NdBeaxYWEwiuZijkZAEbNx+Ap20TDq0SXupWmnqrXUuzd0AUsT+ABNOs722v4BPazLLGTjI7H0I7VFd3awQx3MdlNdFh8vkoCwB+pGBXO6HHPJY6y9jLDHeXFyzGIk/uCR0PHXv8AU0dw7G5Br+mz3NzB9pjja3fy3MjqoJ9uasDVNPJwL62z/wBdl/xrkbZWl0m6S10CyljgaSE3E848xypILH92eSRnrT/DVtdN4f01h4e02VDAn755wGYYHJHlnn8aaS/ITf6nbUUDpRUjK8t/ZwOUlu4I3HVXkANULjxPo9q5Wa824O3PluQT7EDBrnfEF7BL4kxFptvef2fA9zOJCE3YGMZ2nOM9KhvnOoSXkk091Fa2jW7QW1uyKqlj15Q9Dg00r2B6HZWWrWWouyWsrOyjJzGy8fiBRqeqQaTarcXAco0ixjYMnLHArD01tWku9StINT3GFoyj3cQkwCDkYXb7Vn+L4NcXSIjc6hYyJ9piwI7RlOdwwcmQ0W1XyEup3AO5QR0IzS1iRW3iLahOqadtwOPsL5x/38raXIUbiC2OSBQ0CYtFFFIYUUUUAFFFFABRRRQAUUUUAFef/G3/AJJDrv8A27/+lEdegV5/8bf+SQ67/wBu/wD6UR0AfIFFFFABRRRQAUUUUAe//sy/8zT/ANun/tavoCvn/wDZl/5mn/t0/wDa1fQFADJolmhaNujDFcvc2M1vKUKEjsQOtdXRjNUpWE1cydJ09oP30ow56D0qxfjUpHjjsWgiQ/fmlBYj2Cgj88/hV6ik3d3Gcjb6LfLomv2beZJLcSv5Ty4zICODwMfpUvnX95JpcUen31vHbEPO0gChgo+6MHnNdTRQn+n4Ct+v4nPJeTWkkmo6kUsreUYS3SPcxPq5A6+3b3qnpFlqSeGNPa3EZZFDPa3CfLIOvX+E+/P0rraKLjILadprRJpYXgYrlo36rXJ6fpN7qljHfxTR29w1611iaIuCMEAYyD3rs6KL2dw6WPPdVS/totRtF1W0knu8A20VlIMsePlO/Az3rVl+0R6jpovRv/s+1e4kMSEKWwFAAyeeT3rraKLiscFLZ60mh3cE1g1yl9Ks48g/Oh3AlWH0HUGt7REtobjbDpepWzFPme5ZmX6cuf5Vv0UXCwUUUUhmLeaXcT+KLDUU2eRBC6Pk85JGMCtqiijpYOtyjey6lDKrWVtBcxlcFHlMZU+ucHI9sVmadoV4rX91dXbW93eyBj9lx+7AGAAWBB4HXFdDRQtAOZfww9jp9ytvrOpBX3yMuYjuY5J/g7mofDmjXbeG9OY6zqUGbdP3SiIBOBxymfzrrKKdxNDIkMcSI0jSFRgu2Mt7nFPoopDOV1zTdQm1Wb+z7GORLixkgeRpPLCsxHPQ5NU5dLlvWks9P3K8hiN1cSrmJTGchVHBJJ689K7aimnYHqc/pb/ZLm/kmtLgXrBWkjTDK4HAKdPXoaz/ABLdXerabHb22jalvWeOQ741AwrZP8VdhRRfW4GVbau8rxwnStRjzgF3iUKPr81atFFDEgooopDCiiigAooooAKKKKACiiigArz/AONv/JIdd/7d/wD0ojr0CvP/AI2/8kh13/t3/wDSiOgD5AooooAKKKKACiiigD3/APZl/wCZp/7dP/a1fQFfEHhjxt4i8Hfav7A1D7H9q2ed+5jk3bc7fvqcY3N09a6D/hdvxD/6GH/ySt//AI3QB9f0V8gf8Lt+If8A0MP/AJJW/wD8bo/4Xb8Q/wDoYf8AySt//jdAH1/RXyB/wu34h/8AQw/+SVv/APG6P+F2/EP/AKGH/wAkrf8A+N0AfX9FfIH/AAu34h/9DD/5JW//AMbo/wCF2/EP/oYf/JK3/wDjdAH1/RXyB/wu34h/9DD/AOSVv/8AG6P+F2/EP/oYf/JK3/8AjdAH1/RXyB/wu34h/wDQw/8Aklb/APxuj/hdvxD/AOhh/wDJK3/+N0AfX9FfIH/C7fiH/wBDD/5JW/8A8bo/4Xb8Q/8AoYf/ACSt/wD43QB9f0V8gf8AC7fiH/0MP/klb/8Axuj/AIXb8Q/+hh/8krf/AON0AfX9FfIH/C7fiH/0MP8A5JW//wAbo/4Xb8Q/+hh/8krf/wCN0AfX9FfIH/C7fiH/ANDD/wCSVv8A/G6P+F2/EP8A6GH/AMkrf/43QB9f0V8gf8Lt+If/AEMP/klb/wDxuj/hdvxD/wChh/8AJK3/APjdAH1/RXyB/wALt+If/Qw/+SVv/wDG6P8AhdvxD/6GH/ySt/8A43QB9f0V8gf8Lt+If/Qw/wDklb//ABuj/hdvxD/6GH/ySt//AI3QB9f0V8gf8Lt+If8A0MP/AJJW/wD8bo/4Xb8Q/wDoYf8AySt//jdAH1/RXyB/wu34h/8AQw/+SVv/APG6P+F2/EP/AKGH/wAkrf8A+N0AfX9FfIH/AAu34h/9DD/5JW//AMbo/wCF2/EP/oYf/JK3/wDjdAH1/RXyB/wu34h/9DD/AOSVv/8AG6P+F2/EP/oYf/JK3/8AjdAH1/RXyB/wu34h/wDQw/8Aklb/APxuj/hdvxD/AOhh/wDJK3/+N0AfX9FfIH/C7fiH/wBDD/5JW/8A8bo/4Xb8Q/8AoYf/ACSt/wD43QB9f0V8gf8AC7fiH/0MP/klb/8Axuj/AIXb8Q/+hh/8krf/AON0AfX9FfIH/C7fiH/0MP8A5JW//wAbo/4Xb8Q/+hh/8krf/wCN0AfX9ef/ABt/5JDrv/bv/wClEdeAf8Lt+If/AEMP/klb/wDxus/W/il4y8R6PPpOraz9osZ9vmRfZYU3bWDDlUBHIB4NAHH0UUUAFFFFABRRRQAUUUUAFFFFABRRRQAUUUUAFFFFABRRRQAUUUUAFFFFABRRRQAUUUUAFFFFABRRRQAUUUUAFFFFABRRRQAUUUUAFFFFABRRRQAUUUUAFFFFABRRRQAUUUUAFFFFABRRRQB//9kNCmVuZHN0cmVhbQ1lbmRvYmoNMTA0IDAgb2JqDTw8L0JpdHNQZXJDb21wb25lbnQgOCAvQ29sb3JTcGFjZSAvRGV2aWNlR3JheSAvRmlsdGVyIC9GbGF0ZURlY29kZSAvSGVpZ2h0IDIwNSAvTGVuZ3RoIDE1MDUgL01hdHRlIFswIDAgMF0gL1N1YnR5cGUgL0ltYWdlIC9UeXBlIC9YT2JqZWN0IC9XaWR0aCAzODY+Pg0Kc3RyZWFtDQp4nO3XYU/iWBTG8XGVlkJLKaWUolAQAYEAgmgQlDhoZozO9/843T0Xx3kByOwmZZ9J8/xe8+Lm/HPPpV++EBER0Z/oiGLEuf85fj//v5Rjit16sPsbrOcvPz1RUhSr9VBVhz0N3ucvo9c0nQ5A0yTEe4NPAsjyOUlpetowjIzIUmzUPGWsaV2TBmoX7Q4gF0DTjUzWtKxcLmdTjGSglmVmM4Y0WF+D3SsopaUzpmXnnYLrukWKkQy04ORty8ykJcGuRfQRwLILrueXgyCoUIxkoGXfcwu29ZFgq4C8ASqAU/SD02otrDcajXOKiQyzHtaqp4FfdKxsWpO3YLPA0ZE8wroE8IJq/fyi3el2e71en2Iho+x2O+2L83o18Bwro8tzvHkJ1A7SDSvvVcJmpz8YjSfXU4rR9WQ8GvQ7zbAiCQw9tXUJjv6SHZS13SBs9YaTm9l8cf+wpNg83C/ms5vJsNcKA9dWe2ijgFpCcgWc0lmzN5r+TYcRTUe95llJXYLNNSQF5BXIueWwPZzO0QdNrGg+HbbDspuTl2BHAVlCxUqjO54t0QdNrGg5G3cblaKsoa0C8hCnzbx32uxPFyv0QRMrWi2m/eaZlzfTm0+xFNAM0ylVLwa3y2f0QRMrel7eDlpV3zENbavAiSYPsV9tjWaP39EHTazo++Ns1K758hRv/hl6L1Dwa+2ru9UL+qCJFb2s7q46YbnwaYFy2BnPV6/ogyZW9Lqaj39bYPHEAocSvT4txpf1YF+By8n98xv6oIkVvT3fT1gAaH8B9Ukc1FWBH+iDJlb0Qwp064H6KGYBBBZAYwE0FkBjATQWQGMBNBZAYwE0FkBjATQWQGMBNBZAYwE0FkBjATQWQGMBNBZAYwE0FkBjATQWQGMBNBZAYwE0FkBjATQWQGMBNBZAYwE0FkBjATQWQGMBNBZAYwE0FkBjATQWQGMBNBZAYwE0FkBjATQWQGMBNBZAYwE0FkBjATQWQGMBNBZAYwE0FkBjATQWQGMBNBZAYwE0FkBjATQWQGMBNBZAYwE0FkBjATQWQGMBNBZAYwE0FkBjATQWQGMBNBZAYwE0FkBjATQWQGMBNBZAYwE0FkBjATQWQGMBNBZAYwE0FkBjATQWQGMBNBZAYwE0FkBjATQWQGMBNBZAYwE0FkBjATQWQGMBNBZAYwE0FkBjATQWQGMBNBZAYwE0FkBjATQWQGMBNBZAYwE0FkBjATQWQGMBNBZAYwE0FkBjATQWQGMBNBZAYwE0FkBjATQWQGMBNBZAYwE0FkBjATQWQGMBNBZA219AM6xCOVQF3tAHTazoTQpc1oOCZWgsgPBvCnTGi6dX9EETK3p9Wox/W2C+YoFDiV5X83EnLH9ewK+1r+5WL+iDJlb0srq72lfA8aut0ezxG/qgiRV9e5yN2jXf2VXgWDNMp1S9GNwun9EHTazoeXk7aFV9xzS0460CqbSZ906b/eniK/qgiRV9XUz7zTMvb6ZTmwWOpEDWLlYa3fFsiT5oYkXL2bjbqBTtrBQ42iqgPorLYXs4vUMfNLGiu+mwHZbVJ/GOAie6PMWls2Z3NI3oQKajbvOsJA+xfrJRYP1nSNaQXIJWbzi5mc0X9w8PS4rJw8P9Yj67mQx7rTBwZQlt/hV6f4rlEuS9Stjs9Aaj8eR6SjG6noxHg16nGVa8vFyBzYf4fQ3JS2A5XlANzy/anctuj2LUvey0L87DauA5lrwCW0tofQlkD0mCoh+cVmthvSHOKRZqlvWwVj0N/KJjqR20dQXUJZA9pBLYjuuV/HIQVChGQVD2S57r2FYmrakdtKPAzwSmZeedguu6RYqRDLTg5G3L/AiwVUBdArWIdCOTNS0rl8vZFCMZqGWZ2YyhqxW04wr8SpDS9HTaMDJKlmKyHqdhGGldS30a4OcikgYpTdN0ip2MNSXz372CfiVQDaSCSFGs1EzVbNX8Pwvw0UA5ptitB7t//h8N6JD2z58xDuQ/jJ2IiIj+T/8AubimYA0KZW5kc3RyZWFtDWVuZG9iag0xMDMgMCBvYmoNPDwvQml0c1BlckNvbXBvbmVudCA4IC9Db2xvclNwYWNlIC9EZXZpY2VSR0IgL0ZpbHRlciAvRENURGVjb2RlIC9IZWlnaHQgMjA1IC9MZW5ndGggMTIyNDcgL1NNYXNrIDEwNCAwIFIgL1N1YnR5cGUgL0ltYWdlIC9UeXBlIC9YT2JqZWN0IC9XaWR0aCAzODY+Pg0Kc3RyZWFtDQr/2P/gABBKRklGAAEBAAABAAEAAP/bAEMACAYGBwYFCAcHBwkJCAoMFA0MCwsMGRITDxQdGh8eHRocHCAkLicgIiwjHBwoNyksMDE0NDQfJzk9ODI8LjM0Mv/bAEMBCQkJDAsMGA0NGDIhHCEyMjIyMjIyMjIyMjIyMjIyMjIyMjIyMjIyMjIyMjIyMjIyMjIyMjIyMjIyMjIyMjIyMv/AABEIAM0BggMBIgACEQEDEQH/xAAfAAABBQEBAQEBAQAAAAAAAAAAAQIDBAUGBwgJCgv/xAC1EAACAQMDAgQDBQUEBAAAAX0BAgMABBEFEiExQQYTUWEHInEUMoGRoQgjQrHBFVLR8CQzYnKCCQoWFxgZGiUmJygpKjQ1Njc4OTpDREVGR0hJSlNUVVZXWFlaY2RlZmdoaWpzdHV2d3h5eoOEhYaHiImKkpOUlZaXmJmaoqOkpaanqKmqsrO0tba3uLm6wsPExcbHyMnK0tPU1dbX2Nna4eLj5OXm5+jp6vHy8/T19vf4+fr/xAAfAQADAQEBAQEBAQEBAAAAAAAAAQIDBAUGBwgJCgv/xAC1EQACAQIEBAMEBwUEBAABAncAAQIDEQQFITEGEkFRB2FxEyIygQgUQpGhscEJIzNS8BVictEKFiQ04SXxFxgZGiYnKCkqNTY3ODk6Q0RFRkdISUpTVFVWV1hZWmNkZWZnaGlqc3R1dnd4eXqCg4SFhoeIiYqSk5SVlpeYmZqio6Slpqeoqaqys7S1tre4ubrCw8TFxsfIycrS09TV1tfY2dri4+Tl5ufo6ery8/T19vf4+fr/2gAMAwEAAhEDEQA/APn+iiigAooooAKKKKACiiigAooooAKKKKACiiigAooooAKKKKACiiigAooooAKKKKACiiigAooooAKKKKACiiigAooooAKKKKACiiigAooooAKKKKACiiigAooooAKKKKACiiigAooooA9X+C3g3QPFv9uf25YfavsvkeT++kTbu8zd9xhnO0dfSvV/+FOeAv8AoA/+Tk//AMXXDfs5f8zL/wBuv/tWvc2wqlieB3reCTic1STUtzhP+FOeAu+g/wDk5P8A/F0w/CT4eA4OjRj/ALfp/wD4ujxF4rnkuGttPkMcaHDSKcFj7H0rlGZncuxJY8kmvWoZVKpHmlocc8ZZ2R1f/CpPh3/0B4//AAOm/wDjlH/CpPh3/wBAaP8A8Dp//jlcnRW/9ir+b8CPrsux1n/CpPh3/wBAeP8A8Dp//jlH/CpPh3/0B4//AAOn/wDjlcnRR/Yq/m/Af1yR1n/CpPh1/wBAeP8A8Dp//jlH/CpPh1/0B4//AAOn/wDjlcnRS/sZfzfgP63I6z/hUnw6/wCgPH/4HT//AByj/hUnw6/6A8f/AIHT/wDxyuUoo/sZfzfgV9akdZ/wqT4d/wDQHj/8Dp//AI5R/wAKk+HX/QGj/wDA6f8A+OVydAo/sVfzfgP6zI6z/hUnw6/6A0f/AIHT/wDxyj/hUnw6/wCgNH/4HT//AByuToo/sVfzfgP6yzrf+FR/Dr/oDR/+B0//AMco/wCFR/Dr/oDR/wDgdP8A/HK5Kij+xV/N+A/rDOt/4VH8Ov8AoDR/+B0//wAcpf8AhUfw6/6A0f8A4HT/APxyuRpaP7FX834D+sM63/hUfw6/6A0f/gdP/wDHKX/hUXw5/wCgNH/4HT//AByuRoo/sVfzfgP27Ou/4VF8Of8AoDR/+B0//wAco/4VF8Of+gNH/wCB0/8A8crkaKX9ir+b8B+3Z13/AAqL4c/9AaP/AMDp/wD45R/wqL4c/wDQGj/8Dp//AI5XI0Uf2Kv5vwK9szrv+FRfDn/oDR/+B0//AMcpf+FRfDn/AKA0f/gdP/8AHK5Cij+xV/N+A/as6/8A4VD8Of8AoDR/+B0//wAco/4VD8OP+gNH/wCB0/8A8crkaKP7FX834D9qzr/+FQ/Dj/oDR/8AgdP/APHKP+FQ/Dn/AKA0f/gdP/8AHK5Cij+xV/N+A1UZ1/8AwqH4cf8AQGj/APA6f/45R/wqD4cf9AaP/wADp/8A45XIUtL+xf734D9ozr/+FQ/Dj/oDR/8AgdP/APHKP+FQ/Dj/AKA0f/gdP/8AHK5Cij+xV/P+A+dnX/8ACofhx/0Bo/8AwOn/APjlH/CoPhx/0Bo//A6f/wCOVyFFH9ir+f8AAfMzsP8AhUHw4/6Asf8A4HT/APxyj/hUHw4/6Asf/gfP/wDHK5Ckpf2Kv5/wGmzsP+FQfDj/AKAsf/gfP/8AHKkX4M/D1xldBBHtez//AByuLrW0zxFqGlsoimLQj/lm3Ix7VnUyeUVeLuO50H/Clvh9/wBAD/ycuP8A4uuR+J/wx8HeHfh3quq6Vo/2e9g8ny5ftMz7d0qKeGcg8EjpXr2l6jHqdhHdRdGHI9D6Vx/xp/5JLrn/AGw/9Hx15EouN00PW58j0UUVkWFFFFABRRRQB7r+zl/zMv8A26/+1a9svc/Ybj/rm38q8T/Zy/5mX/t1/wDate2Xw/0G4/65t/Kuml0OStuzxvr1rb0TQotVtp5XuxEYyoC7SepA9KxK3NE1xtNtLiAyOgdkZSg54YbufoK+sxftFR/db6HkUuXm94dPpNiovEi+3LJbIzbpVUI204qK30i3aC3nkuGkWXduSBTuXAz3GKvX/iL7RDd2ou5ZIZA3ls69ic7SM/ke2Kq2uqRW1jHEt5OJUYMjKCAmThgPwrgjLFez1bvc6LU+bbQS60i2RESFLxLlnUCKcKNykZyCOP1q9/wieZIFC3GGiMsh3Jxx0HPXj6UzU9ciuxDuvXuSkgO2SHCAAY5XPJpz67Yx6lBcxqJAtv8AZ2HlbVXOQTt7jnpUe0xjirXvqXalfUrJ4ZddSlt7mdYYYo/NaQ8nacY6Z55FPTwxEQiNqlussrARDa2G/SktdUtIrq9LXU6maDyxcBcnOQRhc8AAY606DVLQahHJLeStFF5ZyYsmQqfrxV8+Jerb+4LQK2maLHeyvE8r71cqdg4GO5z/AEqTUtCisLWSUi4UrgAPt5J/pTbXW0sl8yJS0wvGmUHpgqR/Wor7VBqVqZ7qcteE7doTC7frVJ4pzTew/wB3y6bl2y0GyuIbPzZLrzLiFpSU27RjPHPPasq/t7SBUNut0N3ebbg/TFXf7UtokhMcjtJAnkxNtxhT1Yjv1IxVXUJrU2lpa20ryrDvJdk253EHpV0ZV/armbsElHl0M6tDTNIn1RZzCP8AVJu+8Bk+nNVLmKOG5eOKUSxqeHHerWn3/wBgjmZRGzSDYUePcGU9ea7K8puleluRBLm1LL6GY7faX/0vg7Qy7R7fX9Kk0zQvtcDSTRXHGeY3TBIOO5p9pc6OlsGmbdL5DKY/s+fnIODuz64qC1vbSPSzbyFAz5VyIPmAzn72ea4HUxDi0r39DZKNx19oElnbSTNuRUkA3OykFT0IxVm38NW8is76jGItgKyAHG4kcHIz09Kgu9RsLnTlihVrcrtXywu7cAerN3+lT2Gq2kF6/nzs8AiCRl4d2OQT8ueO9S54l092mvItKFyhq+lR6fetb290tyQxBVFO5cevH8qofZp/+eEn/fBrZ1vVopr/AO1adPsdmYkpD5bAH1Oeao/21qf/AD/3H/fZrroOu6ab/EiSjcl0rSG1C4SN96AzJG2ByAc8/pUj6GAlwUuRI0MhQIqnLgDORkfzpNP1BhJLLcatdWztj5o1LFvryKsveW4SUpr14WfJYeSfmOMc81z1aldVdHp6P/I0io2EtfDclxpD3ZWXzcqqKGTBz360zWvDsmlq0sYdoVbaWcrnPrx25pRqtqfDxs2VPOMqMQkW3gA9T3PNLqup2OphXJkQttJjC8Ic/M3+0cVMamK9pd/Dcu0bEn9kaUnmLLLeb4rdZ22hcHIHA/OqlxpVv9utoYbho4p4BKHnXJGc8YUH0qzb+IIknCT28csP3PMZMttAwOKhudRg/tG1lt7ibZBAIy6jazEZ49s5oj9aUrSbD3SxL4ahjghk/tSH5wScxvjr2+X+dZ0FtZtcNbs08z7tqtABtYevzVq3Hiye4igjd5Am0iRUbaevHPfisT7UbYzpbPlXOBKVwxX+me9aUViXFqbd+g3y9C7qthY6dNJADdmVMYYhduSAf61KNAik0eO9iv4ml8t5Giwei4yBx1Gar6nqxuricRHfbyKgAcfdIUAkeh4qxFe2MFiVjnlL/Z2jERTjcw+Y5/CpbxEacW27lLluUTprJCkzuChmEJC9c4Bz+tSPp8MdyAfPMRJGABvOOuKfNqEBsVjjZvMF0JumONoH8xVsatbXO1pJ57eZXyki/OV9fSnKeI5U/UaSGjRLeXX/AOzYnuF+XhpABk4z+VTXPhqO2jdmafKSCM5Aw2QSCPbio7rW0j13+0Le4e4wvy+cn3exGP8APWr8PjaSZhFeQR+SX+YhOic5GPXpWMpYu0ZRvbqXZHPW2nSXag24aRt+0xr94DsfTmnT6VJbiV5g0KIPl8zB3N/d4zzVnTNVi0yN5I2dnlLK8fQAY+Ug+oNSarqlrfRNBFvjjQKyYGAzY+bcPXJPNbe0xDqWS0DQrz6NLFDaTqGMM8aEsSOCx6Adaq3dk1nxIyh8/czkgepq5LfWryWDhpA8MUaFgPuFTzj1qC/NkM/ZZnnd3Ls7ptI9vero1K3OlP8AIehQoopa9AEd98P7iR7S6gJ+SNgV/HOaq/Gj/kkut/8AbD/0fHUvw9+5ffVP61F8aP8Akkut/wDbD/0fHXyGO/jzGfJFFFFcJYUUUUAFFFFAHuv7OX/My/8Abr/7Vr22+/48Lj/rm38q8S/Zx/5mX/t1/wDate233/Hhcf8AXNv5V00uhy1t2eNVp2Nrbvp1xLNDMzH5Y2TGARyf0rMq5Y3ptmC73RCfmIORj6V9fiFJ0/c3PGp2UtS/PptstgSEmW4iQOQSMMGGQc+3p1pdO0SO7kt1nEqLIjvlWXnauePT8ajvdVhubJrQRsAG3LLu5fHTI/zimw6lAllHapG0BGd8wbcWyMHA7VwpYj2dtb3Oj3Lkd7pbW7qUjdYnOFMjqx/Srw02GKxS+mgIBjeEQ4O4uB9/6cj8qznktlaFopXYoehTFXJNaa9ggtriaeNY3djMGLsQwAx9OKdSNeySHFwvqZ0cdvDcbbzzimAf3WM/rWhJb6KltFPnUCJCQBlOMVSvpreW+d4gzQ7QFz8p4AFEl3E9rFD5BwhJB3+ta8kpcrd/MV1qWLHTop4HnkYqrPsjGQDxySfwBH1pup6elnKGjLNFIiyRkkZAbkA1V8/NoYiScNlR6Crmpamt0kEcSJtSBIyzIN2QOeaOSt7VO+hV48pmUdqKK7zMKMUUtAxKKWkoKCloooKQnSnUlLQUJRS0UFISjFFLSKE70YpaKY0FFFAoKQd6KDS0ikJiiiloKQlL2oo7UigFFApaY0JiiloFIpCUtFBoKO5+Hv3L76p/WovjR/ySXW/+2H/o+Opfh79y++qf1qL40f8AJJdb/wC2H/o+Ovkcd/HmPqfJFFFFcBYUUUUAFFFFAHuv7OP/ADMv/br/AO1a90ZQ6lWGQRgivDP2cf8AmZv+3X/2rXutbw+E5qnxM848SeGJrGdrm1RpLdznCjJQ+mPSuZKlSVYEEdQRXtuKqNpdi7lns4GY8kmMZNexh80lTjyzVzhnhU3eLPHaK9h/sjT/APnxt/8Av2KP7J07/nxt/wDv2K6P7Yj/ACk/VH3PHhRXsP8AZOnf8+Nv/wB+xR/ZGn/8+Nv/AN+xS/tiP8g/qr7nj1LXsH9kaf8A8+Vv/wB+xR/ZOn/8+Nv/AN+xR/bEf5R/Vn3PHqK9h/snT/8Anxt/+/Yo/sjT/wDnxt/+/Yo/tiP8o1hn3PH6K9h/sjT/APnyt/8Av2KT+ydP/wCfK3/79ij+2I/yDWHfc8for2H+ydP/AOfK3/79ij+ydO/58bf/AL9ij+2I/wAhX1d9zx6ivYf7I0//AJ8bf/v2KX+yNP8A+fG3/wC/Yo/tiP8AKP2D7nj1Few/2Rp3/Pjb/wDfsUf2Rp3/AD5W/wD37FH9sR/lGqD7nj1Few/2Tp3/AD42/wD37FKNJ0//AJ8bf/v2KX9sR/kH7HzPHqK9h/sjT/8Anxt/+/Ypf7I0/wD58bf/AL9ij+2I/wAg/YvueO0V7F/ZGnf8+Vv/AN+xS/2Rp3/Pjbf9+xR/bEf5CvZPueOUleyf2Tp3/Pjb/wDfsUf2Tp//AD423/fsUf2xH+QfsvM8cor2L+yNO/58rf8A79ij+yNO/wCfK3/79ij+2I/yD9meO96K9j/sjTv+fK3/AO/Yo/sjTv8Anxt/+/Ypf2xH+QfIeO0V7F/ZGnf8+Nv/AN+xR/ZOnf8APjb/APfsUf2zH+QageO0V7F/ZGnf8+Nv/wB+xS/2Tp3/AD42/wD37FH9sR/kK5TxyivY/wCyNO/58bf/AL9ij+yNP/58bf8A79ij+2I/yD5Tx2ivY/7I07/nxt/+/Yo/sjTv+fG3/wC/Yo/tmP8AIOx43S17H/ZGnf8APjb/APfsUf2Rp3/Pjb/9+xS/tiP8gzlfh8CI70kHBKYPr1qH40f8kl1v/th/6Pjrt4LWG2UrBCkYPZFxXEfGgf8AFpdb/wC2H/o+OvGxFT2s3PuNHyTRRRXKWFFFFABRRRQB7t+zgM/8JN/26/8Atavdsc14T+zh/wAzN/26/wDtavdx94fWto/CYTXvD/s8n92j7PL/AHf1q/SVHOy/Zoo/Z5f7v60fZ5P7v61eoo9ow9mij9nl/u/rS/Z5P7v61doo9ow9mil9nk/u/rR9nk9P1q7RS52Hs0Uvs8n939aPs8n92ruaKfOw9mil9nk/u0eRJ/dq7RRzsfs0UvIk/u/rR5En939au0tHOw5EUvIk/u/rR5En939au5ozRzsORFLyJPT9aPIk/u/rV2ijnYciKXkSelL5EnpVyilzsORFPyZPT9aPJk9P1q5RRzsORFPyX9KPJk9P1q5RRzsfIin5Mnp+tL5L/wB39at0Uc7DlRU8l/T9aPJk9Kt0Uc7DlRU8l/T9aPJf0/WrdFHMw5UVPKf0pfKf0q1RRzMOUq+U/wDdo8p/SrVFHMw5Sr5T+lHlP6Vaoo5mHKVvKf0o8pvSrNJRzMOVFYoy9RTauVFJGDyOtNSBohrgvjQP+LS63/2w/wDR8dd5z3rg/jR/ySXW/wDth/6PjpvYlbnyRRRRWZoFFFFABRRRQB7v+zh/zM3/AG6/+1q93X7w+teEfs3/APMzf9uv/taveB94fWto/CYy+I0KY52gmn1HL9w1ijV7ERkb1o3t61VvLtbK3aZkdwvUKOa52x8Ss2ozLKkjROwEahRlfrXRCjKabXQ55VUmkdZvf+8aN7f3jVO9l2WofynfvsQ4asi6nvHEQtbK7hfzULvJjaEz83f0qVC5Tkzo97f3jRvb+8a5nWprpJjEmoQrFMQAj5UqcZwCB7ZqxZ31wbCa4mvIXYRlk8scYx16U/Z6XDnN7e3979aXe3941wWoy6jK1rJJf3UUYkJYtGqgAqcYx1ySBz61sSyTW+gQG68+d1AaRVIVwO+cHtVOjotRKodLvb+8aTe3qa4jRbi6nutMcQ3SBmcyvI+VYYOOM/SpbzVtck1XyLEW0ibmA2k/Lg4+bIp+w97luHtNLnZb2/vGl3N61jaENUEL/wBpCIsTnejElj9Og/CtisnGzsWpXVxdzf3jRub+8aSilYdxdzetG5vU0lFFguLub1NG9v7xpDSUWQ9R29vU0b29TTKWiyC4/e3qaN7epptFFkO47e3qaN7epptFKyAdvb1NJvb1NJRRZDHb29TRvb1NNoosgHb29TRvb1ptFFkA7c3rRvb1ptFFkMdvb1NG9vU02iiyAdvb1NG5vWm0CiyAlRietPqOLrUtQwK8ow/1rz740f8AJJdb/wC2H/o+OvQ5+orzz40f8km1v/th/wCj460WxPU+SaKKKzKCiiigAooooA93/Zv/AOZm/wC3X/2tXvI+8PrXg/7N3/Mzf9uv/taveB94fWtY/CZS3L9RyfcNSUhANZGrKhAIx1qrb6dBbXc1xGD5k3LZ6fhWl5S0eUtaKdtDH2d9Snc24urdoS7x7h95Dhh9DWcNCGRv1LUJF7o82Qw9Dx0rd8paPKWhVLD5GZTaVBJciaQu+37kbHKJxjIHbioU0K2WOWJpZ2jdCgVnyEU9QvHFbflCjylo9oHszGl0KxnCiSMsqqAq54BHRvr7019As5IPKbzM7HQybvmO77xJ9Titvylo8paPaMOQw7Pw/bWV2boS3E0u0IGlfdge3FXbu0F1F5Ymlh5zuibafzq/5S0eUKPaN6hyFKztVs7WO3RnYIMBnOWP1NWKl8oUeUKXMPlIqKl8paPKFHMPlIqKl8oUeUKOYOUipPxqfylpPKWjmHYg/Glqbylo8paOYLEVFTeUtHlLRzDsQ0VN5S0eUtHMFiGipvKWk8taOYLEVFS+WKPLFHMFiKipvKWjylo5gIaKm8taPLWjmGQ0VN5S0eUtHMBDQKm8paPKFHMA2PrUppAoXpSmoYEM/UV578aP+SS63/2w/wDR8dehT9RXnvxo/wCSS63/ANsP/R8dWtiep8kUUUVBQUUUUAFFFFAHvH7N3/Mzf9uv/taveR94fWvBv2bv+Zm/7df/AGtXvKj5hWsdjOW5epKBVbULlbPT7i4dgojjZs/QVkaFmiuIn+Iun2tlaTmK4mW4jG1kjI+bHIOcc5q6fEks/g7TtYysD3UsIIUZA3SBcUAdVRXCwfE7Tn1waVNZ3Ucpd180xnYNrYz60+98S65ceI7/AEiw08Qtb+Q0Lz9JVZyHbjtgfWgDt6K5zSNW1i6nuRe29pDHHGxjCb9zkHGeeNv61yNr4j8W3Goy6VJJaJOZIbtLtQfKSNycQtxu5xgED6mgD1HNFcRJ4o1C88J6fep5UN3dTPGY4eWbYzZEe7jouTu7Z74qvp/jrU7jXYkn0O4TTLiSOBZ9y4EjcZ6/dNAHf0VmT6o0Gpz2xi3Rx2n2jI6k5Ix+lOXVDNpH2y3tpJJjCJRbjAc5Gcc8ZoA0aM155pfjTWNd1aaCx0/7K24xol8w8sbRkn5CWz+lamneJNV1Dwo+p+VYRXEN1LBNu3mMKjlSwx83YUAdfRXmOneKvEV1rktol3ps80d46C2QPh48DkNjGF5PXNdBq3iy+03XrPTV04SRzzCJ7kH5FJQtjGc549MYoA66isvRtSn1HTLa5mgEcksKyMgzwT25qlPqN3f2ovNNmRUikJXP3ZFGQwfuMHPT0FAHQ0VzmueIbi10SyvdLjglkvLmKCIzkhMOcbjjmsD+3vFNjb3Goy3WjXls8qERx+aDGpYRkLkDPOTzQB6HR0oHSo53MUEkiqXKqWCjvgdKAJM0ma89Xx3qVxqd4iaHdiGyMZcRyxHhgSdx3flj8a3bDXtQ1LQbm7j0yVbuKQokIZTu6c5zjHPrQB02aM1wcPja7tba+1K8026ktF24WNo8RlflkxzkjdWl4i1e/trqGK2EsEckTBJdoZXkYYQcZIIOD6c0AdVmkyK5/TbvXC8MF6tl/qssy79xI457day7XW9X1DSPEEMMkD6la+ZHCYD0lAOAA3YHHWgDtaKymvJYNDjlkliW5SOMSmU5Ac4znb9a4u88Y6yPF62kcllBbwNLHJHIkh6keWWwD1wcY980Aek5ozUIlC23nSsAAm5iOg4yaztO1C81OSOdLVYbAhuZT878jay442kZPPPSgDXzRWN9uu3vysZiEUVw0boThnXaCNv0JyfaoPCGoXmpaRPPekmVb24jXIx8iyMF/QCgDoM0ZrDn8QwWWvSafdsscQhR0fBJLMSMHHQcVV1bxPHpWvR2k7BbM2D3TSqCzZVgAABnjmgDpqTNcz4d8Yad4kWBrCZyzR75YpEIaPPTnGD+BNF5rdzPLqH2Yi3g091SSRyMyMQDx6Lz3waAOnoNZ2k38l9BIZoRHLG5Q7WDK+P4lIPQ+/NaNAEM3UV578aP+SS65/2w/wDR8dehTdRXn3xp/wCSS63/ANsP/R8dWtiep8j0UUVBQUUUUAFFFFAHvP7Nv/Mzf9uv/taveQPmFeDfs2f8zN/26/8Ataveh1H1rWOxnLctioLy0hvrZ7eeNZEbswyMjofwNWBUVxMtvbyTvnbGhc4GTgDNZGhh3vh2a/nCTXa/YhGu1FixIkijAdXzwevbvUV14auZ/DlrpMV5Fb+SOZIoNoyOVKjPy4PNVh8RdEN7BBi58uWFpDN5D7UIx8pGM5Of0rWn8R2UOjW2qNvMFw6Ig2kN8zBRx170AUo9A1VNdtL46pbvDDGsbK1rmRxgbhvzxkjPSnaloWrXsxkg1o2xLSg7IusbKAq9eq8kH3rUg1NJbu4gMUkaxlQkjDiTIzx9OlXqAMXS9J1KytEhutUa7IhaMuycsxPDdew496xrDwfq9i13cf2zbyXk8UMIkaz+VUj3fw7uSd3WuzJABJ7Vmya/psV5DaPORPMGMaeW2WC9e3vQBjWvgwQ6VpFjLeeYthLLI7BNvmbw4IHPH3/0q3ceGiLXR7KxuRBZ6dLHIUZN7SBOg3Z4rSv9XtNP0430z4hyAOME5OOn41mr420I3c1r9qfzon2sqwu345A6e9AEl1ot/d3ckh1Py43lziOPa4jABCbs/wB7k+oOKfZ6TfL/AGgNQ1HzlucCMwR+UYlGRgHJ56c0278WaRY6hJaXN0kZjhSVmJzjc20AjqDkitDT9St9Rid4XUhZGQgMD9047UAZVl4Us7DVhf26xpIHY5VMHYVxtz6Zyfxo0vwuLDSGsGvZjm7mut8R2Z3uzbT6j5vxxUuteLNH0EwG/u1RZmKgoC+CBnkLk1Df+M9IsvDZ13zJZbMttQrEwLH0wRx06mgCDRPBkWl6e0EtwDJ9rN1G9qnkbM4yoAJ4OMH1BpPEPg0a1eW95b6jc2k8U6zEqxIOFK8DscHrWrpviLTNW04X9ncb7ctt3MpTn0+YD1rP1rxxo2hyPDcPM9yoGIUgcls84BxjpQBdj0e6tJEa01OfAg8pluSZckD5W575PPrxWVZeDHsFZItTmMfn+cqPyMkfMpGeVJJOPpWhpvi/RdWuhbWlzI0m0t88DoAB15YAVavNcs7Wymu0kSeOEAv5Tg4yQP60AVb3w8buytbUXCxx219HcxhY+AqHITGf1rLvPAYNuYdP1W6ijkdTKlwxmXaHD4UZG3kda6DUdc03SdNOo3dyFtAceailx/47niuZsPiv4Wvr2e2F46MsgSImJj5wIB3KAOBk459KAOpmGo/2zamJoxp/lP54I+Yvxtx7datyp5kTocEMpHIyOax9T8T2WmK+8M8vk+bHGDgye2Twp+uKuWWsWF/hbe5ikfbuZFYEr9cUAcpb/DmJbjURLcwpa364litYPJPHTkHp6+ta+n+H9Q07Q5dNh1NELS/u3SDaIouMoozwcZwexOafrHjHStFiYzGeSXBKxxQOxfHYEDFTweKNJuNMGoLcMtt5qw7niZTvYgAYIz1IoAzNS8FrdwR2drNBbWXlmOZfIDSyAsGb588EkZPqa0NQ0fUp7mWay1Y2+UiWNGj3Km1iWOM/xAgfhWsLq3YKRPGQzbAQw5b0+tTUAc1o/h3U9Pnnkutdnu/NcnawICoRyBzwc9DSWPgqxsUmCSS+bNIXkuA2JpPQM/U45/OulJwCSeBWC/i7TR9sSEyTTWx27FQ/vG7BWxg5+tAEdv4XNvbXdub13S6mEjlh82ABgZ+oFYd/4G1+8+1iPxOIDcT+cZY7bEoAJ2rv3Z2jJwK7K01O2vLIXYfy48fN5g27T6HPvVCDxRYT6nJZkmNBkRzvwkjL94A+3HXrnjNAFq/sb640U2VverFcNH5ZneLfnjBOM1Ppto1hpdrZvJ5jQxLGXxjdgYziq2qa3DpZiDRtKZFZj5ZGVAUnP44xVfSfFem6usCxNKk8qBjE8TAr6gnGOKAIbrwusup/bYbp1aR2aQSfPt3LtPl/3DjvV7RtJk0eKW3F5LcWuQYROdzp/ey3fnp6VFpnijSNZuntrC5aWRBkgxOox06kAGiw8SWV5pU2oyE28EM8kDGQjqjFSfxxQBYOlI+q3V5KyvHcW627RMvBAJz+eawvEPhG91LVLS90nVV0029q1rsEO8FCQcdRjoK1LnxRpdlIBdXKRRkJtkLAhixwAMc9e/SpdS8RadpTxpcyvvkjMkYSJnDD6gEUAYfhvwnq2h30T3GtRXNpHGUWBbXZgdsHccVUuPBOuzS6sf7etDDqcokmjewDD5QAo+96AV0Gi+KrDWlgSNZ4bmRN5gliYFPUE4x+tRW/jLSri7v7ZZQGtJfJGWH71tm87fwz+VAEnhvR7/RoZYbq7tJoScxpbWghCHuTgnOeK3qoaNqkOtaPaajApWO5iWVVbqAR3q/QBDN1Fee/Gj/kkut/9sP/AEfHXoU3UV578aP+SS63/wBsP/R8dWtiep8kUUUVBQUUUUAFFFFAHvP7Nv8AzM//AG6/+1q95H3hXg37Nv8AzM//AG6/+1q95H3h9a0jsQ9y6Kp6qJW0m9WAMZjA4j2dd204x75q5SHrWZZxNsniK1tLKWS1WW2WGFJIdmZiSnzse+Q3bvmol0y9k8DaNNewXsuoWbJI0IyZD8/OR3OK7dJYpHdEkRmT7yhgSv19KHmiiKiSVELAkbmAzjk/lQBwFlq95He2ttLo3iOW0jle4+0PbsrbyxwhGeVAY9+wrtYtWtptYn0td/2mCFJnBHG1iQOfX5TVpJ4pG2pKjNjOAwJx61E11ZxzMWnt1l6NlwD9DQBLNL5UTSbHfaM7UGSfoK4m/wBWnufFekajHoWs+RaRzrLm0OcuFAwM+xrtop4pgTFKkgHB2MDSiWMytEsimRQCyhhkA9MigDD1a0i1/R4bhrS5WRHDxwyptcHODlfpmueXw7fJ8RZru2tZ49PiitlV0uWiQhQcjaBh8eld4ZoxJ5ZkQPt3bSwzjpnHpSrJGxwrqT6A0AeX/EDwhe3WuHVtO0pLiF44VuBE2JGYSgltgHz/AC4HJra8Ni4tdbe1i0W4trOVZpRI9v5axncMDPcnP4Yrs2urdQ5aeIBGCuS4+UnoD6HkU+SWOJd0siovTLHFAHl9t4f123toln2GVVVv+QWsxBZyMbyckgcn2roNcjvbvwd5SWVxMEcxz2wt9rzqpIO0fwg4yCO1dYt5aswVbmEk9AJBmpHkSFDJI6oi8lmOAKAOK0m0vvEHhmaPUNLfT3juvMtLdl8oqE2smfUbh+NN1N9VsfF9peX1rfahY/YjtjsrbeIJ8jJ68n73Poa7eOSOVN0bq6+qnIp4oA5rSNWS+d7OXRtXiVwxLXVqVjIx0JJ7+lZl9pMsHh3WIY/D8Fskm0pDYje043KSSoA5xniu5ooA5R53uvB9xBY6HPbmTdbwWk0GwDsCy9l9653TPD2qWeqvNJpdkILa4ClobFY5Cnlg7oyPvfMcfnXptFAHI61p0us3g8jS1bZLC04uk2pPGQcjvkr09s1meGNJmsPGN3NDov2OyexEbsI9iu+8njjnjFeg0UAea6qfF8GkalaW0NwyiOfYYUJcs7gxbD6Bcg+hxU+rHWdQ8B7pLa9u72G7gkET2nlSMqOrHC5Oeh5r0OigDypZ7uLU/wC1YNA1oSBw8entYkQox+8wOeGJyd2M8n1r0d9SihvLK0kSQTXYcoNvA2jJye1XqQqpYMVBI6HHSgBjqXjZOBuBHIyK4efRb+00uJWW6uVgvW3QwAxlkJGGQDoFwSBXeUUAcTolhep8P5UvIbma8lZ2MN2plbHmHb8p9sHFY1odXvLuzs7yC9ms/OXfFPoKxxhc923Hb9cV6fRQBzOuQCS72nTLh4ooEZZ7XIcnfjyxjtjnHpUGlX2pTa0yzaJc21pCWRZC5+fccg7MYxxyc8V1tFAHCWWh3n26+1EJe21jcYEdqJWDxBTuDBO2TwV9O/NQadot5d/D+7sLrT5PMuLyd2jmTY4VpGIYD1x2969CooA8I8U+Add1zxLPuhlgsYYFjs/s8OVK5ICt0xz19Ac16TeT6tpmmaRaWdlPIbeFfthSLdlFXaVQ/wB7dgj2BrrqKAOH8NX2tCW2W/GpGMrtMUun7dp7Zk3Z4+lYkXhqDQLrX5F0a+nD3u+zeO385stF8xHtkkV6nRQByHw8e4i8M2en3dhe2k9pbxxv9ot/LBIH8J/irr6KKAIZuorz340f8kl1v/th/wCj469Cm6ivPvjT/wAkl1v/ALYf+j46tbE9T5HoooqCgooooAKKKKAPef2bP+Zn/wC3X/2tXvQ+8PrXxz4I+Ier+Avt39lW9lN9t8vzPtSO2Nm7GNrL/fPr2rrh+0P4tBz/AGdon/fiX/45VqSSJa1PqSqeptImnzNDN5MgX5H2Bue3B6181/8ADR3jD/oG6H/34l/+O0H9o3xeeum6H/34l/8AjtQUeo/D4Xd7pmpPqM9z5rXM2ZDH5RJVmH3gctj0/h6CnJKlx8O9GuJVnvdXe2mitEDku7OpVj74U5ryK1+PfiOxiaO20bQIkZ3dlWCblmOWP+t7mqz/ABs1l9OjsG8P+Hjax4CR+RNhcHIx+99aAPdPBGt3l7eR2M2n2AW2tljluracyMrqAux8qMHg8e1VbfU7XT7zWpb/AEm4uohqdwTMtuJAqAKepPQcmvGH+OOuSXFtO2g+H/Ntv9UwgmG3t2l5/Glk+OevTNbmTQvD7G3JMX7ib5c9f+WtAHuulSx3vhm/1DRLR2a7kDEGQxqwHGUx04HbvWUyC61K+s7WTVW1DyiZA8flZV8+UGkDEgKQ3OO9eOP8btaeC6gbQPD/AJV0Q0yiGYByOn/LWs0fE+cMWHhbw6GPU+VcZP8A5GoA+jPFMj2K2EhvIbCaOAB7qRQ4X2Yn7wz69+axfCetXmq+I9Jee8juBi+jMkChElVCgVto4715X/w0F4nwoOkaAQqBADbyn5R2/wBbVG2+NesWmqNqVv4e8PR3jAgyrBNnB6/8tcUAerf8Iq8vie7sI57g2lzapdXMDXTN5zebgNuPKkYB49MVraVZQ6r4Lm069v5lX+1J7e3mmmLPuDsEGTyeM8V4nJ8atYlgmhfw/wCHzHMNsg8mf5hnP/PX1p8Hxw1y2s4LSHQfD6QQSiaJBBNhXH8X+t680Aeu2fgSzN5DfWXiCVIxIkoUncGAbHGT0JGKg8fWa3E+sPFdX11CYAHWG5YLaycYDKDghhk57V5VH8ctdia3ZNC8PqbcYiIgm+Uf9/fc0l/8cNc1SWOS90Hw/M8ZypaCbg/hLzQB7x4F0yHTbu9RLmaJzEmLCWdpTGvOHOehPIx7V265wMnPvXy9/wANEeLOf+JXoIyMH/R5eR/39pyftF+Lo1CrpuhgDt5E3/x2gD6hor5f/wCGjvGH/QN0P/vxL/8AHaP+GjvGH/QN0P8A78S//HaAPqCivl//AIaO8Yf9A3Q/+/Ev/wAdo/4aO8Yf9A3Q/wDvxL/8doA+oKK+X/8Aho7xh/0DdD/78S//AB2j/ho7xh/0DdD/AO/Ev/x2gD6gor5f/wCGjvGH/QN0P/vxL/8AHaP+GjvGH/QN0P8A78S//HaAPqCivl//AIaO8Yf9A3Q/+/Ev/wAdo/4aO8Yf9A3Q/wDvxL/8doA+oKK+X/8Aho7xh/0DdD/78S//AB2j/ho7xh/0DdD/AO/Ev/x2gD6gor5f/wCGjvGH/QN0P/vxL/8AHaP+GjvGH/QN0P8A78S//HaAPqCivl//AIaO8Yf9A3Q/+/Ev/wAdo/4aO8Yf9A3Q/wDvxL/8doA+oKK+X/8Aho7xh/0DdD/78S//AB2j/ho7xh/0DdD/AO/Ev/x2gD6gor5f/wCGjvGH/QN0P/vxL/8AHaP+GjvGH/QN0P8A78S//HaAPqCivl//AIaO8Yf9A3Q/+/Ev/wAdo/4aO8Yf9A3Q/wDvxL/8doA+oKK+X/8Aho7xh/0DdD/78S//AB2j/ho7xh/0DdD/AO/Ev/x2gD6am6ivPfjT/wAkl1v/ALYf+j468lb9ovxe/XTtD/78S/8Ax2sfxP8AGbxF4s8O3WiX9lpcdtc7N7wRSBxtdXGCXI6qO1UnoKx51RRRUjCiiigAooooAKKKKACiiigAooooAKKKKACiiigAooooAKKKKACiiigAooooAKKKKACiiigAooooAKKKKACiiigAooooAKKKKACiiigAooooAKKKKACiiigAooooAKKKKACiiigAooooA//ZDQplbmRzdHJlYW0NZW5kb2JqDTkzIDAgb2JqDTw8L0NvbnRlbnRzIDk0IDAgUiAvTWVkaWFCb3ggWzAgMCA5NjAgNTQwXSAvUGFyZW50IDIgMCBSIC9SZXNvdXJjZXMgPDwvRXh0R1N0YXRlIDw8L0dTOCA4IDAgUj4+IC9Gb250IDw8L0ZUMTAgMTAgMCBSIC9GVDE1IDE1IDAgUiAvRlQzMiAzMiAwIFI+PiAvWE9iamVjdCA8PC9JTTEwMSAxMDEgMCBSIC9JTTEwMyAxMDMgMCBSIC9JTTkgOSAwIFIgL0lNOTUgOTUgMCBSIC9JTTk3IDk3IDAgUiAvSU05OCA5OCAwIFIgL0lNOTkgOTkgMCBSPj4+PiAvVHlwZSAvUGFnZT4+DWVuZG9iag05NCAwIG9iag08PC9GaWx0ZXIgL0ZsYXRlRGVjb2RlIC9MZW5ndGggOTg0MD4+DQpzdHJlYW0NCnictZ3driRHkpzvBfQ7nOsBVBP/P4CwQP8OJGAvtCKgBxhollg0JXB1oddXREaEu6dZHrI5GoEg2cc648uwLLfMyPLKOr9+8G9u/PMf5/9ycm9//eXDrx+m0ssS/v1/fPjvf3r7n2O7+c+//+v46z//5b+1t3/937jZ3/704b9+cC+X3/7Ph/D2z+Pf/zL+/bdrM/f2L3+Rcb9eo67d5thfOcx9jz/UMnf/5//8z/3ty/96G6wBWrsdg3/98OmnD3/+9pN3byH4t5/+tnZ1Ua4/+fDyvr7lUF4+xLeffvnwn8q3z+mffvq3N+/j2Ojtpy9TqUP5D19/GnP9cWR+edd+BLlsXUcplrfs06u9/TLU9afv80/Rv0Iaf5x/b/+8t7iO4jUzOeK/M8W8PYcfn6A9nmN47g/knF5h/Le8Yk4X2ZVP3yY5F7fJLn8MfDTfA3rvgBhrc3dirF+/6lyHqVECv76l1l4ptF2pob+i628h5Vdt5c339qqjhnbpZK0dM6M49sAzCt29eh8IXwdy1YzLX/qcU1SXrX4GpZaESmigfPz8FZT0CUfFUkHhvffrGN+UjqPq5x/Y+xdU2ldy+vkbKOUzblN6xFFfcD7pY8ZtXEGnnzrVTgxvoT2VeYzjf2m8Usm/3HmlPn67ZhuaOcIZlFg7KL3hqBzrXSnf+hfYprqvoHwKfCZ5d/4pBZ6/i24l1R+mCx//ADO3cfa4M59mnj/jEfj46cf3kp2jvTiXryPma5eZ509LiaKkpWSzTVt+jfLtD8xkXCL87/st4RMoHx/OUu/vpXnay5jnVUU+ut9yR9s8jLpqr2bdJK/D1lRJfyAW3q8TWImv9hux+IIKxyJ9wgP58au7K9F/wxAk5Dy8ID9AHheSj6h8+va75P65YCiJXB06/eja78f9M85nn2JVyZU4/gudbHLDo/FVS34vln4dp7dXS+t1TWMZ0Eatj9S1cbrsr9TOpa3uS9ur5LFcM/+91ht50Mb18srrKJZfjpB6uYTvH7J/Fs6Q78j4/uFnpUTAtg5YEvaQ78iw2FYQGxBLQgGsCIqtHbA1A4WFDlgRDDYAtjSgkFADYgNhS0asRywJGbAiKDY3wM4l3Y3CQgOsCAbrAZsqUEjIHrGesCkh1iGWhARYERQbK2BjBAoLFbAiGCymLGDKSIgOsZyygCnzGCoSAqYscMo8psxjqFjAlHlOmcOUOQwVC5gyxylzkLLYIVQknCHfkWGwsWfEesSSAClTQbENUhYbhOpBgJSpYLCQslghVCw0j1hKWawJsQ6xJEDKVFBsgZTFAqF6ECBlKhgspCxmCBULxSGWUhYzpCwmCBULGVKmgmJTQWxALAmQMhUUGyFlMUKoHgRImQoGiykLmDISYkAspyxgygKGigVMWeCUeUyZx1CxgCnznDKPKXMYKhI8psxzyhymzGGoWMCUOUpZ6JCy0CFUDwKkTAWDhZSFBqFioTvEUspCg5SFCqFioUHKVFBsLYgNiCUBUqaCYgukLBQI1YMAKVPBYCFlIUOoWCgBsZSykDNiPWJJgJSpoNgEKQsJQvUgQMpUMFhIWYgQKhaSRyylLMSEWIdYEiBlKig2YMoChooFTFnglAVMmcdQkRAwZYFT5jFlDkNFgseUeU6Zw5Q5DBULmDJHKfMdUuY7hOpBgJSpMLDh5UIa0jDQ48SWm/BdhXSE8J5whgxsB+xYvNy3EUEo/T1BsaUAdiy17tuIcCgFp1/Q4M8fakRsRWwFSsXpVzT484fmADuWsfdtRDiUhtNvaHBgK2DHovu+jQhCwek3NPjzh54Q2xDbgNJx+h0N/vzBOw9cP25p7lupkkRBC8hZ7IZsj7WoipLQB3Iuts/ExoJURUienHh0O9gBU+cDVqUqQgrkJHDyZnMH2BFLUxUlkZPA8fMR8+cT1qcqQorkJHIGfcIQ+oRFqoqQEjlJHESfMYk+Y6WqIqRMTjKn0WeMoy9YqaooiZxkjqQvmElfsFJVEVIhJ+Uhl5VyWSmXlaq5kpP6kMtKuWyUy0bVXMlJfchlo1w2ymWjam7kpD3kslMuO+WyUzV3ctIfctkxl8FhpaqiJHLSOZdznQBsj5WqSpK9oRPkXGyPuQweK1UVIXl0gpyLHTCXIWClqiKkQE4C53IuIIEdsVJVURI5CZzLueZFNlaqKkKK5CRyLucyHdgJK1UVISVykjiX884C2LR2C7S801GsGHbGXAZawAVa4+koVgy7YC4DreICLfR0FCuWXV+1Ty2/cljso/RLWez3lCxKBUXZc6V/Z8+k3UlPSgC2KpbdkT2SBiRWXCd2Z7YvyB5JAxIrviBbFMMOkdiV2KxEZIti2NEheyQNSA+KQ7Yoll2RPZIGJFZiJXZldkrEbsRmJSFbFMPOHtk5I+lB8cgWxbIbsktAEiu5Ebsxu2Au55tEyGYFc6mKYVfKZaUUPiiUy/qQy0q5bJRCVirlsj7kslEuO6WQlUa5bA+57JTLTil8UCiXnXM537O9s+d7tHfSk4K5VMWyMZfzbWUgseIwl6oYtsdcznfCkc0K5lIVww6Yy/nmPZAeFMylKpaNuZz9BiCxEjCXqhh2xFzGiCl8UjCXqhh2wlzOrg6QHhTMpSqWjbmcjSggsZIwl6oYdsZczt4ZkFjJmEtVDLtgLme7D9msYC5VMexKuayUwgeFclkfclkpl41SyEqlXNaHXDbKZaMUPiiUy/aQy0657JTCB4Vy2R9y2TGXyWEKWTmjvhPHsucHBpCNKXxSMJeqGLbHXCaPKXxSMJeqWDbmMgVM4YPiMZeqGHbAXKaIKXxQAuZSFcOOmMsUMYVPCuZSFcNOmMuUMIVPCuZSFcvGXKaMKXxQEuZSFcPOmMuUMYVPCuZSFcMumMtUMIVPCuZSFcumXFbKJSsFc6mKYVfKZaUUPiiUy/qQy0a5bJTCB4Vy2R5y2SiXnVLISqNctodcdszl/NxkvVpTU3E5Pihp3IUf5ey/m20CKEXIAUZRvrvNd7rtf87R0YwczSi9o+io+V5JRfZYcQB7K4aUyX/GYzTZDtljpQTsrVgSOcnodr5/FJE9VnjA3oohJXKS0O18T60QOxA7ICmSk4hu53uBHdljRQ3srRhSICcB3U52QPa4EwD2ViyJnAR0O997zcT2xPZI8uTEo9v5nnFDtsNKPYohOXLi0O1ke2D7jpV6FEsiJw7dzvfRMZe+Y6UeRUlnFCs3dsNc+oaVehRDaugEOYuNufQVK/UolkROGufSV8ylL1ipRzGkSk4q59IXzKUvWKlHMaRCTgrn0mfMpc9YqUcxpExOMufSZ8ylT1ipR7EkcpI5lz5hLq9nXYCN1XxGsXJjR8ylj1ipRzGkSE4i59JHymWgXAaq5khO4kMuA+UyUC4DVXMgJ+Ehl55y6SmXnqrZkxP/kEtPuXSUS0fV7MmJf8ilw1x2LNROtezIh+NUdgxlxyrtWMgdPXQOZMM8NizQhjXc0EDjLDaMYsXarFi+DaffOIYVU1ixLCtWbsXpV05gwQDSCo4WeQWnXzh8BbNHizda3xWcfuHcZYzdWLdlHyx2CUrJOP2MBv82H517G3etMexnquKrh/ls4mt2F8Ya+zxR1dYTVb++zc+rpPMI1rj/ijEOrb1a7m9x5L61esb05zH+VX2TMWm+nyrPs3vn4alkeU58P92Xnh5Pvj6wUcpbnDfJ3q+n+5JbD6smenbOKF++gNJCxm0+4ajePY4q8f4sop32fKraPz3nXeIr1vVJY1/3rMvX9WBx0KfwvpW/g90zs89jtFkfs8THaP/IvOM4s5RS/7/M+8b+R817tmGut3RnYV/kGr/ArHv9fyBfH5LNm93zV2DnWP6JHtm/h2O8WqlrONo4v5Qq4Yi/EY7fm1sar1pK+8nXch2/26tVvZnbyP6be6WYzzdZlLH8zyPa16NleX5VQ5kNlNiXMuY8zlpXa3sJ1911me8txnwpfp3YZten+6WEdCnxVfoa5fLaJrzamGgad5i95K24sYuptHE4puJfcTieSs1rG/cqaSklxq24lC5lnAPn+W/29X25lPnNCktxZe1r3KlcSlvzmfe3oW0lh7n39urjFLSU2NqltOi3Ekq5lOoPx5d8KbnlrbjrHcD5HQ39KCOcUwm1GWV2HVxSJS+lp6OUvY0rR2l7G91XmifEMecu+2prkyyDZtHMTaqXQX2D187rq88T+9wm5KO0tpTUt9JqupRWylH62qa1sJW6ZtOcP8LGNH/AKS1MyQc8yvASyhHc2iIfqtuzy2HteVTgHhObKNfBmsqi5OE3Xsqs5K20Bd6YcRIKS/DxDIpxK2k5SK/ilgMXRfFlK2uC8dVCv044PaajxLKV5TuMV2idlPZLF+0P4eVdvYS6K2R+1UrYypqbH6f4RaghiNJvysjk9XNp58f5VLwIbda/X8JKxqWUm5JH1tbkyioGo7j10ptRLlYgb8Xs3Hl/m935+cy/jDPA3eNQ6u0wDMGH26GaSpQjWcbJxN8O9FTC7cUow0a5vWBTqbcXtUhZnhd+XqFutTFKLd/KZwrhVmHjXL+L5VThVOKtUssrunCr5qmckKyKL9fJxWSiXJd5k5r5MamTkhWsoew9nfDlkdyT2CufQ5BM973Foa6QDwFOBKMG0sGuk8VQyjkHrhNKHmUWbyedsc05lbpFKfF+5srXedie3Yai57vrUE2ujKprm/Hn25l0bJOiUUIeh9yLMi/b89nIcvY1D+xUZjHpmX1+ZqbXs6959p9KK+fEOa8QU6n5nG3n7KdSSjRXmqmkfq4982o0lRiruWJNxfdzDZtXtevTcrmbK18Yi/kei7k6TmW9NucKOpUairnKTqUkcyGeQr5OAedifSleL+fz57S3WFf8S7kSdFYFl7IvukPZxt1W6lXFl7JH1SsXVhm7iuuQun2Bn7Ufb8qYX9kHx3VR+k0Z9tYgX4oI5abEq16vh7piE6Vvpe7j192acgzhKD6C4sPaJokQ10s1bmr2S5Vc3x+3EsW3rZyXfJbMVSipHaVuoWzBt3W4aj2D5ll2Kae6SlsH55z8xsrIrRn3fTHvY5URrtp2++Q2lN6Xkk6yel71H9zJSG9xJaKdZLW0tymn2ltZnJDPGqVuToyHXNvKWvQna2Wnbyz3zzahLSWffZWy9j5PYmdUXdu0M6rkNSrVM+fS/CaLUvY27WS2nLOBzLCcM0Y5SZ8vyjoNnrNBrkvpcgJLdZ1wvTszjDmvJ5T9cRH8OgXLAtKtLZI/J+Cyrim5pS2EsLB1X7/G9aavc3+TtY27ztLzo8v7ojK//WsKfp/z0nWMr1uefFYga2UQ875IXuvuqaS91hmFnNf1OMv1OLjFzfsVX2v8ay2wtplfauK2sq/841ya9wpiVZdRdr2ZUW7PT8m7bHXnPkSY4D6+6iHkcHcZGxyHtFcheqzyXmnr4Sz1fsjH1U8uwOtlmdc6+8I1c71wa1Udarm9+KMsZJ29CqSZgl1FtM6nttDmDYVcUtJeMleJwrlZCLaErxuKLCVc1q1KkLpvexO5Us78rE1EGRmbyll4rBxe26QzwZnVa5soGdv3N6GfUTPz1zb1mJjnhUuRCc5zx3VXFO35Zd0nnbjMc9B1L6Vnpc1J7dzbzXPZVOYVU893lxKPMs+J111as+fNS6nn9DvPrdfdnhelha2ce81a1y2inKLnWXwp0ZzprxvLfcVdV4OlRHPFmEqoooS6FXvhuW5Z7bXpEko316/rPjenN73GWWVdB9P1Sb2sl0orrKvppbRgrrhWWVfl6yZ7376vK7dV1tX9Uvb7AmsFYJW1SriU3MxK4ry/sN+bfHgH8J23pOZb/nMlUqp+DeP+Pi37Lsf61itVzjd1mW3WN3Wdd4Dq/DzBqObr88HxevdZlHAp82FU/65SRHGg/Kza/FzznT0/2XInPSgd2aJYdkD2/ETOncRKCcQOzM6Z2J7YrGRki2LYqSF7XoWvHNf5mbneH5UiyojkNUqVvf95FQal4YxEmTPKt73NGXXaf6f953eVM2qwfUD2/FzdnS2KkDy59XhEJrsje36u7s4WRUnkxKPbwQ4F2fNzdXe2KEIK5CSg2/mUdiR2JXZFUiQnEd0OdnLIni2DO1sUISVyktDtZFdkz9q/s0VREjlJ6Ha2wBKxG7EbkjI5yeh2sItHdsFKVUVIhZwUdDvZDdmVslupmgs5Keh2sCvlslIuK1VzJSf1IZeNctkol42quZGT9pDLRrnslMtO1dzISXvIZcdcNoeVqoqQOjnpnMvmMJfNYaWqUkRBJ8i52B5z2TxWqipC8ugEOYuNuWwBK1UVJZETz7lsAXPZAlaqKkIK5CRwLlvEXLaIlaqKkCI5iZzLFjGXLWGlqqIkchI5ly1hLlvCSlVFSImcJM5ly5jLlrFSVRFSJieZc9ky5rIVrFRVlEROMueyFcplpVxWquZCTspDLivlslIuK1VzJSf1IZeNctkol42quZGT9pDLRrnslMtO1dzISXvIZadcdsplp2ru5KRzLrvDXPZ5LzXft5KtVJnvHJRLie8qZz06R/mtHA76x72vGe29ZXexzYzme8L3vT0oTpQEimVXZI/rPZBYyZXYldklEbsRm5WEbFEMu3pkj+s9kB4Uj2xRVgW0HIdWr97frK56U74bpWxFR7FyRq3KRbYjtgOSjmLFsFtFdovIFkVIDZ0g55wpgD22B7YoSiInDd2uMxywx50usEURUiUnFd2uMzOyA7EDkgo5Keh2XVGAPXtGd7YoQsrkJKPbdSUE9nxj8M4WRUnkJKPbdQVHNlaqKkJK5CSh27XyAHbESlVFSJGcRHS7VkzADpTLQNUcyUl8yGWgXAbKZaBqDuQkPOTSUy495dJTNXty4h9y6SmXjnLpqJo9OfEPuXSYy9qxUlURkiMnjnM570CQjZWqShEFnSDn3IEBu2GlqiKkhk6Qc+4cgV2xUlVREjlpnMt5p4psrFRVhFTJSeVczjtsYBesVFWEVMhJ4VzOdwaAnbFSVVESOSmcy/mOBrKxUlURUiYnmXNZE+ayJqxUVYSUyEniXM53kIAdsVJVURI5SZzL+c4XsAPlMlA1R3ISH3IZKJeBchmomgM5CQ+59JRLT7n0VM2enPiHXHrKpaNcOqpmT078Qy4d5ZJWdpVWfzqKlTPqvSbIfMKRmyDVp5ebnfmxFpmNpdUE2R9WNr/3xcEv8Xj6VSQ0qpXPvzvqfJy60cepG32cutHHqduPfZz6Xfttfhof7Qe/ph3k98Ys5X34bzeYopufOG0/3GA6Hzq3yqdvDw2m+cUifb0dKEraHxI8jYonpYniQPnZaB7ZriKJlT3qO3FubJeI7YjNSkK2KKYJ1Cuw59fN3ElPSgW2KpbtkD1/ucD1EQhpJz0oXZTdYDKKF069K93RjJyZUb7tzTSYzP477T+/q5xRpsGk7NNOUrYoQvLk1uMRMQ0mZZ92krJFURI58ejWNJiUfdpJyhZFSIGcBHRrGkyGXYldkRTJSUS3psGk7NNOUrYoQkrkJKFb02BS9mknKVsUJZGThG5Ng8mwG7EbkjI5yejWNJiUXbBSVRFSIScF3ZoGk7IrZbdSNRdyUtCtaTAZNuWyUjVXclIfctkol41y2aiaGzlpD7lslMtOuexUzY2ctIdcdsyltJNkK1WE1MlJ51xKY8iwsVJV6aKgE+TcGkzK9lipqgjJoxPk3BpMyg5YqaooiZx4zqU0hgwbK1UVIQVyEjiX0hhSdsRKVUVIkZxEzqU0hpSdsFJVURI5iZxLaQwZNlaqKkJK5CRxLqUxpOyMlaqKkDI5yZxLaQwpu2ClqqIkcpI5l9IYUnalXFaq5kJOykMuK+WyUi4rVXMlJ/Uhl41y2SiXjaq5kZP2kMtGueyUy07V3MhJe8hlp1x2ymWnau7kpHMupcUjbGlCyFaizI/Lrl5CfEeQ1ai0l2TvuidW7HzOvuJEm+nMT8Ped05CPEK6C4q9fsOPxV6/0MdSHgR3x4pgsRWw89cP3SgkuIrYSlifENsQS0IC7BG0lTRuOq/HLbWVdJTvRmlb0VGsnFHaSrJsR2wHJB3FimG3iuzdODJsUYTU0AlybCvJsHfjyLBFURI5aehWW0mGvRtHhi2KkCo5qehWW0mWHYgdkFTISUG32koy7N04MmxRhJTJSUa32koy7N04MmxRlEROMrrVVpJlY6WqIqREThK61VaSYUesVFWEFMlJRLfaSjLsQLkMVM2RnMSHXAbKZaBcBqrmQE7CQy495dJTLj1Vsycn/iGXnnLpKJeOqtmTE/+QS4e5PI0j3UoVITly4jiXpwVk2VipqjRR0AlybCvJsBtWqipCaugEObaVZNgVK1UVJZGTxrk8LSDLxkpVRUiVnFTO5WkBGXbBSlVFSIWcFM7laQEZdsZKVUVJ5KRwLk8LyLKxUlURUiYnmXN5WkCGnbBSVRFSIieJc3laQIYdsVJVURI5SZzL0wIy7EC5DFTNkZzEh1wGymWgXAaq5kBOwkMuPeXSUy49VbMnJ/4hl55y6SiXjqrZkxP/kEtHuaSVXaXVn45i5Yz6g62k4K9eSpzP5Yz7gKvdkT39jvZUsblU/O+2iepn/O3vnxr+fvrsP/5+k8rh3lez5Y83jh7M/sMbR/MhlwudR3HcW0LFf+n4PTQZtnHp62PbaJxIS622/VLcpZhmy4OSRHGgmNZOrsjOEUkPSkW2KJbtkD2/UOFOYiU7Yjtmp4js+aDZncRKisgWxbBjIXZ89fUlY7tJ9KQkUVbbyCpnRmk/m6xKwRmJom2jszdtG9n9d9p/flc5o7RtZNi7SWTYogjJk1uPR0TbRoa9m0SGLYqSyIlHt9o2MuzdJDJsUYQUyElAt9o2suxK7IqkSE4iutW2kWHvJpFhiyKkRE4SutW2kWHvJpFhi6IkcpLQrbaNLLsRuyEpk5OMbrVtZNgFK1UVIRVyUtCtto0Mu1J2K1VzIScF3WrbyLIpl5WquZKT+pDLRrlslMtG1dzISXvIZaNcdsplp2pu5KQ95LJjLk+TSLdSRUidnHTO5Wn3WDZWqipJFHSCHNs2MmyPlaqKkDw6QY5tGxl2wEpVRUnkxHMuT7vHsrFSVRFSICeBc3naPYYdsVJVEVIkJ5Fzedo9hp2wUlVREjmJnMvT7rFsrFRVhJTISeJcnnaPYWesVFWElMlJ5lyedo9hF6xUVZRETjLn8rR7DLtSLitVcyEn5SGXlXJZKZeVqrmSk/qQy0a5bJTLRtXcyEl7yGWjXHbKZadqbuSkPeSyUy475bJTNXdy0jmXp3WjbOk3yFaq5Fe/vilFmhQPylmPnsaR7l/3xYqd0dlbu9hmRiPDsDdW9qjvxLmxUyZ2JzYrGdmiGHYOyB4ZBtKDEpAtimV3ZI8MA4mV3IndDXu/MTBWRf66R5HW0VZMM2nc7y1FR7FyRplmkmE7Yjsg6ShWDLtVZJ/WkbJFEVJDJ8i5NZOUfVpHyhZFSeSkoVvTTFL2aR0pWxQhVXJS0a1pJhl2IHZAUiEnBd2aZpKyT+tI2aIIKZOTjG5NM0nZp3WkbFGURE4yujXNJMPGSlVFSImcJHRrmknKjlipqggpkpOIbk0zSdmBchmomiM5iQ+5DJTLQLkMVM2BnISHXHrKpadceqpmT078Qy495dJRLh1Vsycn/iGXDnMprSPZShUhOXLiOJfSBDJsrFRVkijoBDm3ZpKyG1aqKkJq6AQ5t2aSsitWqipKIieNcylNIMPGSlVFSJWcVM6lNIGUXbBSVRFSISeFcylNIGVnrFRVlEROCudSmkCGjZWqipAyOcmcS2kCKTthpaoipEROEudSmkDKjlipqiiJnCTOpTSBlB0ol4GqOZKT+JDLQLkMlMtA1RzISXjIpadcesqlp2r25MQ/5NJTLh3l0lE1e3LiH3LpKJe0squ0+tNRrJxRf7SZtB7MiaOWry2uZ2fiZ2wCdXhWKORPAbfJ7vefQqr4zFH9TNsk3CaV+ve0jnJia//w1tH1FZL71wrkzwEaQ/UzfoVdSZ9Q+ZwfmkfJ1etb0X8xStzfk36aEE9KFcWB8rPRHLDn73S4k1g5o74T59aE6RHZ45IHbFZ6BLYqht0KsQOxWSnIFsWwa0d2nV8xGt9Mq+hBqaLs5pFR9v6H4kHpOCNRTPNo7800j8z+O+0/v6ucUaZ5pOzTKlK2KELy5NbjETHNI2WfVpGyRVESOfHo1jSPlH1aRcoWRUiBnAR0a5pHhl2JXZEUyUlEt6Z5pOzTKlK2KEJK5CShW9M8UvZpFSlbFCWRk4RuTfPIsBuxG5IyOcno1jSPlF2wUlURUiEnBd2a5pGyK2W3UjUXclLQrWkeGTblslI1V3JSH3LZKJeNctmomhs5aQ+5bJTLTrnsVM2NnLSHXHbMpbSKZCtVhNTJSedcStPHsLFSVamioBPk3JpHyvZYqaoIyaMT5NyaR8oOWKmqKImceM6lNH0MGytVFSEFchI4l9L0UXbESlVFSJGcRM6lNH2UnbBSVVESOYmcS2n6GDZWqipCSuQkcS6l6aPsjJWqipAyOcmcS2n6KLtgpaqiJHKSOZfS9FF2pVxWquZCTspDLivlslIuK1VzJSf1IZeNctkol42quZGT9pDLRrnslMtO1dzISXvIZadcdsplp2ru5KRzLqV9I2xpMMhWqswvg09vpi3xoJz1qDSPZP+6L1bsjPbemr/YZkYt494eFC9KAsWyG7J7QBIrrRG7MbtnYndis5KRLYqykwvATq4A6UkJwFZFm0fzXq61bppHR/lulLIVHcXKGaXNI8t2xHZA0lGsGHaryN6tIsMWRUgNnSDHNo8Me7eKDFsUJZGThm61eWTYu1Vk2KIIqZKTim61eWTZgdgBSYWcFHSrzSPD3q0iwxZFSJmcZHSrzSPD3q0iwxZFSeQko1ttHlk2VqoqQkrkJKFbbR4ZdsRKVUVIkZxEdKvNI8MOlMtA1RzJSXzIZaBcBsploGoO5CQ85NJTLj3l0lM1e3Li0a02jwzbUS4dVbMnJ/4hlw5zeVpFupUqQnLkxHEuT9PHsrFSVSmioBPk2OaRYTesVFWE1NAJcmzzyLArVqoqSiInjXN5mj6WjZWqipAqOamcy9P0MeyClaqKkAo5KZzL0/Qx7IyVqoqSyEnhXJ6mj2VjpaoipExOMufyNH0MO2GlqiKkRE4SutXmkWFHrFRVlEROEufyNH0MO1AuA1VzJCfxIZeBchkol4GqOZCT8JBLT7n0lEtP1ezJiX/IpadcOsqlo2r25MQ/5NJRLmllV2n1p6NYOaP+zubROOf1fn5/saPnhWL9geeFPpHy7XdHlZRwVEXO3/nc0WkeWWv/6ObR9Uuzyob3zwUaQ5/oC+uqw2eRPl7PK1HzaP522WR7R2n+2qk308xhoR7B3QXTNxrZv2NjAQoJa8h3ZNywMQJ2nCvuFBJiBOwRDDYUxAbEklAAewSD9R2w89VMa9R6l+dJaaKsPpFVvHAyKB2mcwTtEp19aZfI7r3T3vO7yhmlXSLD3j0hwxZFSJ68ejwe2iUy7N0TMmxRlEROPLrVLpFh756QYYsipEBOArrVLpFlV2JXJEVyEtGtdokMe/eEDFsUISVyktCtdokMe/eEDFsUJZGThG61S2TZjdgNSZmcZHSrXSLDLlipqgipkJOCbrVLZNiVklupmgs5KehWu0SWTbmsVM2VnNSHXDbKZaNcNqrmRk7aQy4b5bJTLjtVcyMn7SGXHXN5ekK6lSpC6uSkcy5Pd8eysVJVaaKgE+TYLpFhe6xUVYTk0QlybJfIsANWqipKIieec3m6O5aNlaqKkAI5CZzL090x7IiVqoqQIjmJnMvT3THshJWqipLISeRcnu6OZWOlqiKkRE4S5/J0dww7Y6WqIqRMTjLn8nR3DLtgpaqiJHKSOZenu2PYlXJZqZoLOSkPuayUy0q5rFTNlZzUh1w2ymWjXDaq5kZO2kMuG+WyUy47VXMjJ+0hl51y2SmXnaq5k5POuTx9GmVLJ0G2UqW/nF9KfFc5q9HTJdL9675YsTPaexur7Mk2MxrrK9jbgxJESaBYdkf2WF8BiZXQid2ZHQuyx/oKSKzEgmxRDDtFYldisxKRLYrpEs3fb51sk2gJpkc0fxn3edneEfYQ0yBSrEOsu1N0CAmKbRWwpxEkWBEOpdX3BIN1gD09IMGKIBScfnOErRGwp/0jWBEOpeL0ayRsKYgNiA1AKTj9UgibO2BP00ewIhxKxunnztgA2NPvEawIQsHp50DYlBHrEQtlqkNIUGxsgI1QhCocSsTpx8ZYTFnAlAUs04jTj5yygCkLmLKAZRpw+oFT5jFlHlPmsUw9Tt9zyjymzGHKHJapx+l7TpmDlEkz52yjwqE4nL6jlElLRrEBsVCmOoQExTZImbRwBNugTHUICQYLKZPujWBrQwpOv1HKpAejWI9YKFMdQoJiC6RMejaCLVCmOoQEg4WUSbtGsLkiBadfKGXSdFGsQyyUqQ4hQbEJUiZNGsEmKFMdQoLBQsqkPyPYiGWacPqJUiZdFsEGTFnAMo04/cgpC5iygCkLWKYBpx84ZR5T5jFlHsvU4/Q9p8xjyhymzGGZepy+55Q5TBkuqCouuXQICXvIH2zKjItlSvMd8fqKYyl+NRd+5Hf9lE8RlI/4jM9uwfzhZop/mJKL17eo+RbP7ly4+kTzs2mirI6Pg4bL+y2Y+Z1jLr3FcQ1ObRz/6+dxMGPw18fX5sNANc9flzP7Om/X16+NH+Zdy9tfP8wJztHr5+8fUhqvcIxn6/kS5VgENn8ee9k7G8P3z2NFVq7Re/M6H0kJb0Kbv0OqrcMx91b33vdk6t65THVvLlY27li99vZXcD6q5k/jgPi3+c+//GW9WOun9WL5+fjO04s1d5dDX98eV8p5sVYl+C4vzYOivxlq3Fe78Gb/O/b664cwbpyv43denXnbWHTO82u/6/g5nUOw/34f0DN8/3j+9mx9p+8jMA5p9m/2v9dM4mx7BDOTcRKpwcxk3pAmM5P997LrNfz8uP9W523pMpPHY5LGZdccktTG+UFHpm6w++9Oea2B56f1d7Kppf72oUhjlVLtDHp+dTM2j6VcsOj997LjNfz8uP9W52zpeybzn/8LbwZ40g0KZW5kc3RyZWFtDWVuZG9iag0xMDggMCBvYmoNPDwvQml0c1BlckNvbXBvbmVudCA4IC9Db2xvclNwYWNlIC9EZXZpY2VHcmF5IC9GaWx0ZXIgL0ZsYXRlRGVjb2RlIC9IZWlnaHQgMjI3IC9MZW5ndGggMjg2NiAvTWF0dGUgWzAgMCAwXSAvU3VidHlwZSAvSW1hZ2UgL1R5cGUgL1hPYmplY3QgL1dpZHRoIDY1ND4+DQpzdHJlYW0NCnic7d1pW9TKFkBh5kmUyemCIiKKigrn//+4c5Mad1WqE+mkkjrJWt/1acjr3qk0LRsbRERERERERERERERERERERERERERERERERItuk5bZ1PBkU38vqJiASIWFRCqrIi1u0fwqziP0SDalRxhSsgk8IpFaGtVjl8RtWlZdIiexOPU3hSZufI9piy0vcYfm19+RzM0xZRF8tLNCZFaPTYs4JF8CZD6ODYxpiLu0rNIkM3NcYRGGpGqAjD1mxBhSlK9qj5ZViqT0mIFjCmMksfk692mutaAUHjNxTG1pYRGAiy4mGXPcGpbjqsEoKcqXd0DLKGEy6XFIjisweoqrFR7S/Fqt0oPMxrGJMbAYQZz6W0UjF5FseByW40qMjmLM8IiWUozSgczFsQWjo9hg+ILmXwOlA9nCcXiMfjA6ik2FxzTnmiodyGA8Dsox2NMBRm3RSUwZfEnzLOXSiXQeI479d3UbRmFROAxf9iuaX0mZFqTzmIFjF0ZJMQXwhOZXimYIsp1jFoxqLhqKwmHwwk9pfiVoWpEapBqPw3MUGiXGfY1RWTQUvUPxss9onjVoWpEapB6P6uYx5NhLYzdGbdFIjAme01yLYRqR1mMWjuGeDjE6i5qid2hf8AXNudClEalAWo8xR7Gr+49G/dDbnl80xtqipugc6tf6muafYGlEKpC1R8PxQHPc8RzXH46JPa0no9nSzqKR6Bm+kb2l+RRcWY/SiPQezbbedxzDXd0H45bHuGcx2sFYW9QSHUP30t/RPAtxGpIKZO3RjEfDcc9z7LOr4z29a/e0wegtKorOoX7B70vtf1FTv57/asKlJqlAOo+ao93Vu/Gufi7Gf4naMv+QjUkD0nhMcew1HKf+YqnwLi8v3XJRIoVHxbG6dzw8FCeZPsNx6i+WCu+q7lKbVCCdx5Cju3UMDjJopCH7+KHKiFQgjUfLsT5Zi10dDUc00pBdf6xzIp3HajwajvWto9zV62vcnPqLpcL79Om6yok0Hi1Hv6uHGI5opPZubm4+WZHWoxqPellHw3G313BEI7X3+fNnDfKTmpB2PKrpqDSeBAcZcY5BIw3d7e2tA6nnY+Ux4CiGY7Cqn61xE43U3pcvtwKk8mg5yuEYHKvXXNVopI7u7r5YkLVHx/G95+iGozjHoJEy9PXuzoKsPVbj0XIUGt1w7LWq0Ugdffv69av1WO9rw/Ey5JjUuIVGGrZvVQqk8eg4RhrjUzUaafju7++9R8fxg+PoVzUaKXff761HPR5rjtVRpjkc5apeS+MmGqmj71XKox6P1XSsT9Z2V4er2rwds+YxBo3U1Y8fP7xHw1HtajMc0Ujj9TPkaHd1fecobxzlE0c0UqZ+/nQeHUe1q9VwDG4cG8cYNNKwPfxUHi1Hu6uvmzeO9TEGjZSzh4cHOx41Rz8c1Y1j26EajTRsvx6UR8ux3tX2zvHqMnGMQSPl69evX46jGI5mVUfHGPne4LMfOKKRuvrtOYrheHNzfe2PMeGhGo2Uq98hRzUc7TnGHWNOTsR7g+bTCGikwfsdcKyH493dl1hj8IgHjZSrP5ajHY5mVbtjTNcjHjTSYP0JObpVjUYavz+GY72r7ao2p2pzqO544IhGGqxHxdEOx3BVo5HG7dEPR7mqhcbX7Y+/0UiD9Sg5ulXtNKoHjmikcXp8tLtar2qp8QMaadQexXC0N471E0f9iEe+GYNGyt2T4ihXtdF4g0Yau6dgVctjjNb4zmp8eYxGylyt8TG4cXSHajTSyD09xRrvmxrPTtFII/RUc7SrGo00aS0ar9Ub1Wik0Wpo/I5Gmqqn8MYRjTRhaKRyQiOVExqpnEbTuIlG6uofcaj2b1QLjW8TH9Na5yOsaKTO0EjlhEYqJzRSOaGRygmNVE5opHJCI5UTGqmc0EjlhEYqJzRSOaGRygmNVE5opHJCI5UTGqmc0EjlhEYqJzRSOaGRygmNVE5opHIaTSOf7qfO+L8mqJzQSOWERionNFI5oZHKif9pmcqJ/4Weyonf0EHlxG8vonLiN7tROfFbL6mc+I3AVE78tnQqp2BRhw94Pn641BrP0EijJEajXtRC4xUaadQkxuAQozW+qzSeo5HGye5ps6jr28ZIo/9hWzRS3vxoFIvavTGIRhozgzFa1Lef1ZE6+iDCkfogAhopVyHGYFGjkUbOYjSj0TxtdA94zNvU4Ye0dtf5kBYaqbMAo1/UocaTk5dopPyFGN2ivrlWhxjxVkzfD7CikTrzGNWe9ifqjx/Cx43BD02gkXJUWzQY/WgUhxj/gCf98BuNNFzKosNoR6O7bYyO1GiknNUW1T2jwejPMFfxkTr5gAeNNFx2MGqMcjS6Q0z4gAeNlC1n0WPUo1H94Hd4iDEad9BIeQoxmj3tFnXjEOMe8KCRhu+7t2gx1qOxedvYW+MGGqmjmmJlUQ9Gu6f9aGw7Uj/vcSMaqTNrUWG8VRj1XeOlvG1MHmLQSAP3zVv0GBOjEY2UP03RWvQY2xY1GilPNUVtsR6MFmM0GtMan3mIQSN1ZSkqi+oAYzAGozG8bRQ/M4FGGjBLUVn0GMVoFIu6edv4HI0baKT2BEVt0WFsjMaeixqN1JWjqCyqwRhiTJ6o0Ug5slNRz0WNsbpnVHs6Ho3uUwjrLWo0UkdWoreoDjAVRrOn5buCjec7z9O4MfUXS4WnIGqJzqLDGI/GXmcYNFJXNUQjsaJoLeo1HT5r7D8a0UjtXRmJmqK16DAGRxh5hkEjDZ92qCRWFL3FCGN6NKKRBk07rCFWEiuK3qLGGOxpf9e4nsYN/afqP1/9PRXt6q/c29vfPzg4PDp6cXz88tWrk5PT07Oz8/OLi4vXr6uX8+Zt3TvVe5p3+jKrK/7GULQWkxh7jUap0XHcUxwPDUfhUYPUJLVJ75Jml7vCbzREQ9FbNBjFTWPP0RgNR8tx33J8YTgqjzXIWqQiaVDa3tJ8Cq6svtgXWmJFUVnUGF9YjOKmsc9otBrFrt6xu/pAc/Qea5BKpCJpUdKs05f63EisKDqLGuOBOMGEe3odjaldbaaj5ag8GpBKpDHpWNJMs5dZX/RTS1FZtBj3GzeN64/GeDhGHL1HA1KJtCalS5pd/iLri35iKTqLDYx9R+PfcDQea5BKpDUZwaRZJa6xvuivNEVtMRNGqTHgqB/0GI8WpBJpTZ40aNJcCq6wvugvPUVl0TzaiTD21NjOUY1HB1KLtCZfJWjSPAqusLnqx46iHow5MFqNqzmGIL3JFE2aR+ElNtfdU+zCuL7GVo7SowLpTaZk0mwKrrK58keBxSwYw10dcjQeFUgt0plsuKS5Ja60ufaHhqKxGGPsvadXcvTjUXnUIB3JUCXNNX+5zfU/MBb9YBwaY7irI47KowZpRQYoaeb5i37gKIrB2MTYV+NqjsqjBmlEBihpEbkrv+8o1hYzYUxxDD0akIIkNudc8zJbAHsNi4NjXMlReTQgnci0Sppl8qLveYrKYi6MMcfYowUZmaSF5C//btLiwBg9x8Z4NB4DktCcfc2L7RzsrBqMg2FMczQehcgkSpp18uJbENt5MTY4Go8OZEiSFpeHsL2d2tKDYhQcI48CJCgXWHj5t1dYHBhjgqPz2CBJC0xo2MqOUXJ0HiVITC61EMFW02IGjCs8xiLhOfdarrdQkdtiyFF6bCdJSyjksDkCxlaPqFxkKQQjWYw9pkXSggt5ZLbY9IhIMsUwRrCY8gjKZZf0MJLFlR4BuoT+7tKPaPHvPdIiG9kiImlFk0iEJMVNCzFs6u8FTdTU8IiIiIiIiIiIiIiIiIiIiIiIiIiIiIiIaJn9H326C+ENCmVuZHN0cmVhbQ1lbmRvYmoNMTA3IDAgb2JqDTw8L0JpdHNQZXJDb21wb25lbnQgOCAvQ29sb3JTcGFjZSAvRGV2aWNlUkdCIC9GaWx0ZXIgL0RDVERlY29kZSAvSGVpZ2h0IDIyNyAvTGVuZ3RoIDYyOTIgL1NNYXNrIDEwOCAwIFIgL1N1YnR5cGUgL0ltYWdlIC9UeXBlIC9YT2JqZWN0IC9XaWR0aCA2NTQ+Pg0Kc3RyZWFtDQr/2P/gABBKRklGAAEBAAABAAEAAP/bAEMACAYGBwYFCAcHBwkJCAoMFA0MCwsMGRITDxQdGh8eHRocHCAkLicgIiwjHBwoNyksMDE0NDQfJzk9ODI8LjM0Mv/bAEMBCQkJDAsMGA0NGDIhHCEyMjIyMjIyMjIyMjIyMjIyMjIyMjIyMjIyMjIyMjIyMjIyMjIyMjIyMjIyMjIyMjIyMv/AABEIAOMCjgMBIgACEQEDEQH/xAAfAAABBQEBAQEBAQAAAAAAAAAAAQIDBAUGBwgJCgv/xAC1EAACAQMDAgQDBQUEBAAAAX0BAgMABBEFEiExQQYTUWEHInEUMoGRoQgjQrHBFVLR8CQzYnKCCQoWFxgZGiUmJygpKjQ1Njc4OTpDREVGR0hJSlNUVVZXWFlaY2RlZmdoaWpzdHV2d3h5eoOEhYaHiImKkpOUlZaXmJmaoqOkpaanqKmqsrO0tba3uLm6wsPExcbHyMnK0tPU1dbX2Nna4eLj5OXm5+jp6vHy8/T19vf4+fr/xAAfAQADAQEBAQEBAQEBAAAAAAAAAQIDBAUGBwgJCgv/xAC1EQACAQIEBAMEBwUEBAABAncAAQIDEQQFITEGEkFRB2FxEyIygQgUQpGhscEJIzNS8BVictEKFiQ04SXxFxgZGiYnKCkqNTY3ODk6Q0RFRkdISUpTVFVWV1hZWmNkZWZnaGlqc3R1dnd4eXqCg4SFhoeIiYqSk5SVlpeYmZqio6Slpqeoqaqys7S1tre4ubrCw8TFxsfIycrS09TV1tfY2dri4+Tl5ufo6ery8/T19vf4+fr/2gAMAwEAAhEDEQA/APn+iiigAooooAKKKKACiiigAooooAKKKKACiiigAooooAKKKKACiiigAooooAKKKKACiiigAooooAKKKKACiiigAooooAKKKKACiiigAooooAKKKKACiiigAooooAKKKKACiiigAooooAKKKKACiiigAooooAKKKKACiiigAooooAKKKKACiiigAooooAKKKKACiiigAooooAKKKKACiiigAooooAKKKKACiiigAooooAKKKMUAFFLRQAlFLRQAlFLRQAlFLRQAlFLRQAlFLRQAlFLRQAlFLRQAlFLRQAlFLRQAlFLRQAlFLRQAlFLRQAlFLRQAlFLRQAlFLRQAlFLRQAlFLRQAlFLRQAlFLRQAlFLRQAlFLRQAlFLRQAlFLRQAlFLRQAlFLRQAlFLRQAlFLRQAlFLRQAlFLRQAlFLRQAlFLRQAlFLRigBKKMUUAFFFFABRRRQAUUUUAFFFFABRRRQAUUUtABS4pQKUCgBMUYp+KXbQBHilxT9tG2gBmKMVJto20AR4oxUm2jbQBHijFSbaNtAEeKMVJto20AR4oxUm2jbQBHijFSbaNtAEeKMVJto20AR4oxUm2jbQBHijFSbaNtAEeKMVJto20AR4oxUm2jbQBHijFSbaNtAEeKMVJto20AR4oxUm2jbQBHijFSbaNtAEeKMVJto20AR4oxUm2jbQBHijFSbaNtAEeKMVJto20AR4oxUm2jbQBHijFSbaNtAEeKMVJto20AR4oxUm2jbQBHijFSbaNtAEeKMVJto20AR4oxUm2jbQBHijFSbaNtAEeKMVJto20AR4oxUm2jbQBHikxUm2jbQBHikxUu2kxQBHikp5FNIoAbRS0lABRRRQAUUUUAFFFFABXQf8IJ4w/wChU1z/AMF03/xNc/X3/QB8Q/8ACCeL/wDoVNc/8F0v/wATSjwJ4v8A+hV1z/wXS/8AxNfbtFAHxIPAni7/AKFXXP8AwXy//E08eBfF3/Qra3/4L5f/AImvtiigD4oHgXxb/wBCtrf/AIL5f/iad/wgvi3/AKFbW/8AwXy//E19q0UAfFX/AAgvi3/oV9b/APBfL/8AE0v/AAgvi3/oV9b/APBfL/8AE19qUUAfFf8Awgvi3/oV9b/8F8v/AMTR/wAIL4t/6FfW/wDwXy//ABNfalFAHxX/AMIL4t/6FfW//BfL/wDE0f8ACC+Lf+hX1v8A8F8v/wATX2pRQB8V/wDCC+Lf+hX1v/wXy/8AxNH/AAgvi3/oV9b/APBfL/8AE19qUUAfFf8Awgvi3/oV9b/8F8v/AMTR/wAIL4t/6FfW/wDwXy//ABNfalFAHxX/AMIL4t/6FfW//BfL/wDE0f8ACC+Lf+hX1v8A8F8v/wATX2pRQB8V/wDCC+Lf+hX1v/wXy/8AxNH/AAgvi3/oV9b/APBfL/8AE19qUUAfFf8Awgvi3/oV9b/8F8v/AMTR/wAIL4t/6FfW/wDwXy//ABNfalFAHxX/AMIL4t/6FfW//BfL/wDE0f8ACC+Lf+hX1v8A8F8v/wATX2pRQB8V/wDCC+Lf+hX1v/wXy/8AxNH/AAgvi3/oV9b/APBfL/8AE19qUUAfFf8Awgvi3/oV9b/8F8v/AMTR/wAIL4t/6FfW/wDwXy//ABNfalFAHxX/AMIL4t/6FfW//BfL/wDE0f8ACC+Lf+hX1v8A8F8v/wATX2pRQB8V/wDCC+Lf+hX1v/wXy/8AxNH/AAgvi3/oV9b/APBfL/8AE19qUUAfFf8Awgvi3/oV9b/8F8v/AMTR/wAIL4t/6FfW/wDwXy//ABNfalFAHxX/AMIL4t/6FfW//BfL/wDE0f8ACC+Lf+hX1v8A8F8v/wATX2pRQB8V/wDCC+Lf+hX1v/wXy/8AxNH/AAgvi3/oV9b/APBfL/8AE19qUUAfFf8Awgvi3/oV9b/8F8v/AMTR/wAIL4t/6FfW/wDwXy//ABNfalFAHxX/AMIL4t/6FfW//BfL/wDE0f8ACC+Lf+hX1v8A8F8v/wATX2pRQB8V/wDCC+Lf+hX1v/wXy/8AxNH/AAgvi3/oV9b/APBfL/8AE19qUUAfFf8Awgvi3/oV9b/8F8v/AMTR/wAIL4t/6FfW/wDwXy//ABNfalFAHxX/AMIL4t/6FfW//BfL/wDE0f8ACC+Lf+hX1v8A8F8v/wATX2pRQB8V/wDCC+Lf+hX1v/wXy/8AxNH/AAgvi3/oV9b/APBfL/8AE19qUUAfFf8Awgvi3/oV9b/8F8v/AMTR/wAIL4t/6FfW/wDwXy//ABNfalFAHxX/AMIL4t/6FfW//BfL/wDE0f8ACC+Lf+hX1v8A8F8v/wATX2pRQB8V/wDCC+Lf+hX1v/wXy/8AxNH/AAgvi3/oV9b/APBfL/8AE19qUUAfFf8Awgvi3/oV9b/8F8v/AMTR/wAIL4t/6FfW/wDwXy//ABNfalFAHxX/AMIL4t/6FfW//BfL/wDE0f8ACC+Lf+hX1v8A8F8v/wATX2pRQB8V/wDCC+Lf+hX1v/wXy/8AxNH/AAgvi3/oV9b/APBfL/8AE19qUUAfFf8Awgvi3/oV9b/8F8v/AMTR/wAIL4t/6FfW/wDwXy//ABNfalFAHxX/AMIL4t/6FfW//BfL/wDE0f8ACC+Lf+hX1v8A8F8v/wATX2pRQB8V/wDCC+Lf+hX1v/wXy/8AxNYk9tNa3ElvcRPFNExSSORSrIwOCCDyCD2r7vr4w8br/wAV94j/AOwpc/8Ao1qAOa20hWpytNK0AQFaYRU5FRMKAIiKSnkU00ANooooAKKKKACiiigAr7/r4Ar7/oAKKKKACiiigAooooAKKKKACiiigAooooAKKKKACiiigAooooAKKKKACiiigAooooAKKKKACiiigAooooAKKKKACiiigAooooAKKKKACiiigAooooAKKKKACiiigAooooAKKKKACiiigAooooAKKKKACiiigAooooAKKKKACiiigAooooAK+NPGw/4rzxF/2E7n/wBGtX2XXxv41H/Fd+If+wnc/wDo1qAOeIphFTEUwigCBhUTCp2FQtQBCaYakNMNADTSUppKACiiigAooooAK+/6+AK+/wCgAooooAKKKKACiiigAooooAKKKKACiiigAooooAKKKKACiiigAooooAKKKKACiiigAooooAKKKKACiiigAooooAKKKKACiiigAooooAKKKKACiiigAooooAKKKKACiiigAooooAKKKKACiiigAooooAKKKKACiiigAooooAKKKKACiiigAr458a/8j34h/wCwnc/+jWr7Gr468a/8j34h/wCwnc/+jWoAwCKjNSmo2oAhaoWqdqgagCJqjNSNUZoAbSUtJQAUUUUAFFFFABX3/XwBX3/QAUUUUAFFFFABRRRQAUUUUAFFFFABRRRQAUUUUAFFFFABRRRQAUUUUAFFFFABRRRQAUUUUAFFFFABRRRQAUUUUAFFFFABRRRQAUUUUAFFFFABRRRQAUUUUAFFFFABRRRQAUUUUAFFFFABRRRQAUUUUAFFFFABRRRQAUUUUAFFFFABRRRQAV8deNf+R68Q/wDYTuf/AEa1fYtfHXjX/kevEP8A2E7n/wBGtQBgmo2qQ1G1AETVA1TtUDUARNUZqRqjNADaSlpKACiiigAooooAK+/6+AK+/wCgAooooAKKKKACiiigAooooAKKKKACiiigAooooAKKKKACiiigAooooAKKKKACiiigAooooAKKKKACiiigAooooAKKKKACiiigAooooAKKKKACiiigAooooAKKKKACiiigAooooAKKKKACiiigAooooAKKKKACiiigAooooAKKKKACiiigAr468a/8j14h/wCwnc/+jWr7Fr468a/8j14h/wCwnc/+jWoAwTUbVIajagCJqgap2qBqAImqM1I1RmgBtJS0lABRRRQAUUUUAFff9fAFff8AQAUUUUAFFFFABRRRQAUUUUAFFFFABRRRQAUUUUAFFFFABRRRQAUUUUAFFFFABRRRQAUUUUAFFFFABRRRQAUUUUAFFFFABRRRQAUUUUAFFFFABRRRQAUUUUAFFFFABRRRQAUUUUAFFFFABRRRQAUUUUAFFFFABRRRQAUUUUAFFFFABRRRQAV8deNf+R68Q/8AYTuf/RrV9i18deNf+R78Q/8AYTuf/RrUAYJqNqeaY1AET1A1TtUDUARNUZqRqjNADaSlpKACiiigAooooAK+/wCvgCvv+gAooooAKKKKACiiigAooooAKKKKACiiigAooooAKKKKACiiigAooooAKKKKACiiigAooooAKKKKACiiigAooooAKKKKACiiigAooooAKKKKACiiigAooooAKKKKACiiigAooooAKKKKACiiigAooooAKKKKACiiigAooooAKKKKACiiigAr448an/iu/EP/AGE7n/0a1fY9fG3jY/8AFeeIv+wnc/8Ao1qAMMmoyaUmmE0ANaoGqVjULGgCNqYaeajNACUlKaSgAooooAKKKKACvv8Ar4Ar6f8A+GjvB/8A0Ddc/wC/EP8A8doA9goryD/ho7wh/wBA3XP+/EX/AMdo/wCGjfCH/QO1z/vxF/8AHaAPX6K8h/4aL8IH/mHa5/34i/8AjtO/4aK8I/8AQO1v/vxF/wDHaAPXKK8k/wCGiPCP/QO1v/vxF/8AHaP+Gh/CX/QO1v8A78Rf/HKAPW6K8k/4aH8Jf9A7W/8AvzF/8cpf+Gh/CX/QP1v/AL8xf/HKAPWqK8l/4aG8Jf8AQO1v/vxF/wDHKP8Ahobwl/0Dtb/78Rf/ABygD1qivJf+GhvCX/QO1v8A78Rf/HKP+GhvCX/QO1v/AL8Rf/HKAPWqK8l/4aG8Jf8AQO1v/vxF/wDHKP8Ahobwl/0Dtb/78Rf/ABygD1qivJf+GhvCX/QO1v8A78Rf/HKP+GhvCX/QO1v/AL8Rf/HKAPWqK8l/4aG8Jf8AQO1v/vxF/wDHKP8Ahobwl/0Dtb/78Rf/ABygD1qivJf+GhvCX/QO1v8A78Rf/HKP+GhvCX/QO1v/AL8Rf/HKAPWqK8l/4aG8Jf8AQO1v/vxF/wDHKP8Ahobwl/0Dtb/78Rf/ABygD1qivJf+GhvCX/QO1v8A78Rf/HKP+GhvCX/QO1v/AL8Rf/HKAPWqK8l/4aG8Jf8AQO1v/vxF/wDHKP8Ahobwl/0Dtb/78Rf/ABygD1qivJf+GhvCX/QO1v8A78Rf/HKP+GhvCX/QO1v/AL8Rf/HKAPWqK8l/4aG8Jf8AQO1v/vxF/wDHKP8Ahobwl/0Dtb/78Rf/ABygD1qivJf+GhvCX/QO1v8A78Rf/HKP+GhvCX/QO1v/AL8Rf/HKAPWqK8l/4aG8Jf8AQO1v/vxF/wDHKP8Ahobwl/0Dtb/78Rf/ABygD1qivJf+GhvCX/QO1v8A78Rf/HKP+GhvCX/QO1v/AL8Rf/HKAPWqK8l/4aG8Jf8AQO1v/vxF/wDHKP8Ahobwl/0Dtb/78Rf/ABygD1qivJf+GhvCX/QO1v8A78Rf/HKP+GhvCX/QO1v/AL8Rf/HKAPWqK8l/4aG8Jf8AQO1v/vxF/wDHKP8Ahobwl/0Dtb/78Rf/ABygD1qivJf+GhvCX/QO1v8A78Rf/HKP+GhvCX/QO1v/AL8Rf/HKAPWqK8l/4aG8Jf8AQO1v/vxF/wDHKP8Ahobwl/0Dtb/78Rf/ABygD1qivJf+GhvCX/QO1v8A78Rf/HKP+GhvCX/QO1v/AL8Rf/HKAPWqK8l/4aG8Jf8AQO1v/vxF/wDHKP8Ahobwl/0Dtb/78Rf/ABygD1qivJf+GhvCX/QO1v8A78Rf/HKP+GhvCX/QO1v/AL8Rf/HKAPWqK8l/4aG8Jf8AQO1v/vxF/wDHKP8Ahobwl/0Dtb/78Rf/ABygD1qivJf+GhvCX/QO1v8A78Rf/HKP+GhvCX/QO1v/AL8Rf/HKAPWqK8l/4aG8Jf8AQO1v/vxF/wDHKP8Ahobwl/0Dtb/78Rf/ABygD1qivJf+GhvCX/QO1v8A78Rf/HKP+GhvCX/QO1v/AL8Rf/HKAPWqK8l/4aG8Jf8AQO1v/vxF/wDHKP8Ahobwl/0Dtb/78Rf/ABygD1qivJf+GhvCX/QO1v8A78Rf/HKP+GhvCX/QO1v/AL8Rf/HKAPWqK8l/4aG8Jf8AQO1v/vxF/wDHKP8Ahobwl/0Dtb/78Rf/ABygD1qvjPxs3/Fe+Iv+wnc/+jWr3L/hofwl/wBA/W/+/MX/AMcr588R6nDq/ifVtSt1dYby8muI1kADBXcsAcEjOD60AUS1MLUwtTS1ACsajY0paoyaAEJphpSabQAhooooAKKKKACiiigAooooAWlBptLQA8GnA1GDSg0AShqXdUWaXNAEu6jdUW6jNAEu6jdUWaM0AS7qN1RZozQBLuo3VFmjNAEu6jdUWaM0AS7qN1RZozQBLuo3VFmjNAEu6jdUWaM0AS7qN1RZozQBLuo3VFmjNAEu6jdUWaM0AS7qN1RZozQBLuo3VFmjNAEu6jdUWaM0AS7qN1RZozQBLuo3VFmjNAEu6jdUWaM0AS7qN1RZozQBLuo3VFmjNAEu6jdUWaM0AS7qN1RZozQBLuo3VFmjNAEu6jdUWaM0AS7qN1RZozQBLuo3VFmjNAEu6jdUWaM0AS7qN1RZozQBLuo3VFmjNAEu6jdUWaM0AS7qN1RZozQBLuo3VFuo3UASbqQtTM0maAHE0wmgmm5oAUmm0tJQAUUUUAFFFFABRRRQAUUUUAFFFFABmlpKKAFzS5ptGaAHZozTc0ZoAdmjNNzRmgB2aM03NGaAHZozTc0ZoAdmjNNzRmgB2aM03NGaAHZozTc0ZoAdmjNNzRmgB2aM03NGaAHZozTc0ZoAdmjNNzRmgB2aM03NGaAHZozTc0ZoAdmjNNzRmgB2aM03NGaAHZozTc0ZoAdmjNNzRmgB2aM03NGaAHZozTc0ZoAdmjNNzRmgB2aM03NGaAHZozTc0ZoAdmjNNzRmgB2aM03NGaAHZozTc0ZoAdmjNNzRmgB2aM03NGaAHZozTc0ZoAdmjNNzRmgB2aM03NGaAHZozTc0ZoAdmkzSZooAWkzRRQAUUUUAFFFFABRRRQAUUUUAFFFFABRRRQAUUUUAFFFFABRRRQAUUUUAFFFFABRRRQAUUUUAFFFFABRRRQAUUUUAFFFFABRRRQAUUUUAFFFFABRRRQAUUUUAFFFFABRRRQAUUUUAFFFFABRRRQAUUUUAFFFFABRRRQAUUUUAFFFFABRRRQAUUUUAFFFFABRRRQAUUUUAFFFFABRRRQAUUUUAFFFFABRRRQAUUUUAFFFFABRRRQAUUUUAFFFFABRRRQAUUUUAFFFFABRRRQAUUUUAFFFFABRRRQAUUUUAFFFFABRRRQAUUUUAFFFFABRRRQAUUUUAFFFFABRRRQAUUUUAFFFFABRRRQAUUUUAFFFFABRRRQAUUUUAFFFFABRRRQAUUUUAFFFFABRRRQAUUUUAFFFFABRRRQAUUUUAFFFFABRRRQAUUUUAFFFFABRRRQAUUUUAf//ZDQplbmRzdHJlYW0NZW5kb2JqDTEwOSAwIG9iag08PC9CaXRzUGVyQ29tcG9uZW50IDggL0NvbG9yU3BhY2UgL0RldmljZVJHQiAvRmlsdGVyIC9EQ1REZWNvZGUgL0hlaWdodCA1NzYgL0xlbmd0aCA2OTAzOSAvU3VidHlwZSAvSW1hZ2UgL1R5cGUgL1hPYmplY3QgL1dpZHRoIDExNTM+Pg0Kc3RyZWFtDQr/2P/gABBKRklGAAEBAAABAAEAAP/bAEMACAYGBwYFCAcHBwkJCAoMFA0MCwsMGRITDxQdGh8eHRocHCAkLicgIiwjHBwoNyksMDE0NDQfJzk9ODI8LjM0Mv/bAEMBCQkJDAsMGA0NGDIhHCEyMjIyMjIyMjIyMjIyMjIyMjIyMjIyMjIyMjIyMjIyMjIyMjIyMjIyMjIyMjIyMjIyMv/AABEIAkAEgQMBIgACEQEDEQH/xAAfAAABBQEBAQEBAQAAAAAAAAAAAQIDBAUGBwgJCgv/xAC1EAACAQMDAgQDBQUEBAAAAX0BAgMABBEFEiExQQYTUWEHInEUMoGRoQgjQrHBFVLR8CQzYnKCCQoWFxgZGiUmJygpKjQ1Njc4OTpDREVGR0hJSlNUVVZXWFlaY2RlZmdoaWpzdHV2d3h5eoOEhYaHiImKkpOUlZaXmJmaoqOkpaanqKmqsrO0tba3uLm6wsPExcbHyMnK0tPU1dbX2Nna4eLj5OXm5+jp6vHy8/T19vf4+fr/xAAfAQADAQEBAQEBAQEBAAAAAAAAAQIDBAUGBwgJCgv/xAC1EQACAQIEBAMEBwUEBAABAncAAQIDEQQFITEGEkFRB2FxEyIygQgUQpGhscEJIzNS8BVictEKFiQ04SXxFxgZGiYnKCkqNTY3ODk6Q0RFRkdISUpTVFVWV1hZWmNkZWZnaGlqc3R1dnd4eXqCg4SFhoeIiYqSk5SVlpeYmZqio6Slpqeoqaqys7S1tre4ubrCw8TFxsfIycrS09TV1tfY2dri4+Tl5ufo6ery8/T19vf4+fr/2gAMAwEAAhEDEQA/APf6KKKACiiigAooooAKKKKACiiigAooooAKKKKACiiigAooooAKKKKACiiigAooooAKKKKACiiigAooooAKKKKACiiigAooooAKKKKACiiigAooooAKKKKACiiigAooooAKKKKACiiigAooooAKKKKACiiigAooooAKKKKACiiigAooooAKKKKACiiigAooooAKKKKACiiigAooooAKKKKACiiigAooooAKKKKACiiigAooooAKKKKACiiigAooooAKKKKACiiigAooooAKKKKACiiigAooooAKKKKACiiigAooooAKKKKACiiigAooooAKKKKACiiigAooooAKKKKACiiigAooooAKKKKACiiigAooooAKKKKACiiigAooooAKKKKACiiigAooooAKKKKACiiigAooooAKKKKACiiigAooooAKKKKACiiigAooooAKKKKACiiigAooooAKKKKACiiigAooooAKKKKACiiigAooooAKKKKACiiigAooooAKKKKACiiigAooooAKKKKACiiigAooooAKKKKACiiigAooooAKKKKACiiigAooooAKKqXuqWOn2t3c3V1HHFaR+bcHOTGuM5IHI4Bpt9q+n6bpv9o3l3HFZnZiYnKneQFxjrkkfnQBdoqpqGpWmlwxS3s3lJLNHbodpOZHYKo4HckCsz/hNfC/9p/2b/b+nfbvO8j7P9oXf5mduzGc5zxigDeopksqQQvLI21EUsx9AOTWcfEmiJptnqE2q2kFpexiW3luJREJFIBBG7HYj86ANSiqFhrmk6rI8enapZXjoNzLb3CSFR6kKTio7LxDpGoyXEdrqEEj29w1tIu7aRKpwy89cHjjigDTorL07xHo2rQmWx1G3lQStDndjLqxUgA4zyOo4PatSgAooooAKKKKACiiigAooooAKKKKACiiigAooooAKKKKACiiigAooooAKKKKACiiigAooooAKKKKACiiigAooooAKKKKACiiigAooooAKKKKACiiigAooooAKKKKACiiigAooooAKKKKACiiigAooooAKKKKACiiigAooooAKKKKACiiigAooooAKKKKACiiigAooooAKKKKACiiigAooooAKKKKACiiigAooooAKKKKACiiigAooooAKKKKACiiigAooooAKKKKACiiigAooooAKKKKACiiigAooooAKKKKACiiigAooooAKKKKACiiigAooooAKKKKACiiigAooooAKKKKACiiigAooooAKKKKAPMNY13w3bfECS7OpRiCe1l03WrWS2mPmbSdhG1CGYEsp5xtPWubj17Rlm8KeHbnWpLrRtHke8lujZTL5nlsRbQkbeSoIJ4wdgr0i/tda17xdBA6T2Gg6ZIs7SLLte/mxlVG05Ea5yc/ePGMCn+MNO1fbba54fkkbU9OyfsRkIivIjjfER0DHGVbsQKAOJ+Kl3ZavYaPe22ntfw74blJVv2t2aITorqIiQTnco3Yyu4VzN7aXlz4tm0iO0MDPqaIlhdQG4t1f+zCoD3H8R6ArnJHzV1/xC8N+JPFeqrJp1igtoNNjWa2udoNx5kwkeJWztDL5Cd8c9cGuV1fwhdSrELDS/F1jJ9vW5dPs8BhhVYjGvlJFIBuUbAGJ7E9yCAaWjyQQ/CLxJrFqlzoiXl9I1paWRVXLhEhWHkNw0isDgZ+lM8I6vcnwZo1nbppuoSrCqm18QSESxOIQ4WAJER5RjUOpJzzgniup8NeF7FfDt/bQaTqVtaWtw1xp1nfw7HikNv5ZK4Zt4JLNzjBY/Wqlhomqado2h6pe6dc3C6foEVlbWFrHmdbmSMLK7g4AwEVRyerUAWPCGtXep2c921joGl2zact1O2mF2u4EkQtGdpi2k8E4BbkdDXA3C+FU1e0ttMtbbSHt7MxSarr9sBJPuIYTpFgSNLkEiQlMZOM8Y9L8KeGtU0X/hH79oUUxeH0sdQt943+Ym1owOxIJlHXHNYmqnxVqA16OHw94ghi1AwT2uZrdjaTx4yR+/8AuHYhK8fxetAGD4LbwWmv2a3Gg27XNhDHZi80+0F1ZzuzDy5WO0vHKSpGWwevzEYr3avPdF1DxLJ42vtS1Lwvq0dvdCC0th58Bjtohy7uol5JZiTgE4AHNehUAFFFFABRRRQAUUUUAFFFFABRRRQAUUUUAFFFFABRRRQAUUUUAFFFFABRRRQAUUUUAFFFFABRRRQAUUUUAFFFFABRRRQAUUUUAFFFFABRRRQAUUUUAFFFFABRRRQAUUUUAFFFFABRRRQAUUUUAFFFFABRRRQAUUUUAFFFFABRRRQAUUUUAFFFFABRRRQAUUUUAFFFFABRRRQAUUUUAFFFFABRRRQAUUUUAFFFFABRRRQAUUUUAFFFFABRRRQAUUUUAFFFFABRRRQAUUUUAFFFFABRRRQAUUUUAFFFFABRRRQAUUUUAFFFFABRRRQAUUUUAFFFFABRRRQAUUUUAFFFFABRRRQAUUUUAFFFFABRRRQAUUUUAFFFFABRRRQAUUUUAFFFFABRRRQAUUUUAFFFFABRRRQAUUUUAFFFFABRRRQAUUUUAFFFFABRRRQAUUUUAFFFFABRRRQAUUUUAFFFFABRRRQAUUUUAFFFFABRRRQAUUUUAFFFFABRRRQAUUUUAFFFFABRRRQAUUUUAFFFFABRRRQAUUUUAFFFFABRRRQAUUUUAFFFFABRRRQAUUUUAFFFFABRRRQAUUUUAFFFFABRRRQAUUUUAFFFFABRRRQAUUUUAFFFFABRRRQAUUUUAFFFFABRRRQAUUUUAFFFFABRRRQAUUUUAFFFFABRRRQAUUUUAFFFFABRRRQAUUUjMFUsxAA6k0ALRWPeeK/DunZ+269pluR2lu41P5E1d0zVLDWrCO/027iurSQkJNE2VbBIOD9QaALdFU9VvzpmmzXgsru9MeP9HtEDyvkgfKCQO+evQGub/wCEu8Q3HNj4C1Vl9bu6t4PzG8mgDsKKp6VcX11psM2o2K2N22fMt1mEwTkgfOAAcjB6d8UarFqE+myx6Xdw2l42PLmmh81V5GcrkZ4yOtAFyiuP/wCEc8ZSf63x4UH/AE7aRCn/AKGXrpdMtJ7HToba6vpr6ZAd1zMqqz5JPIUADrjgdqALdFUtW0u31nTpLG6adYZCCxgmaJ+CDwykEdPWuc/4Vf4Tb/XWV3P/ANd9RuXH5GTFAHYVBeXtpp9s1ze3UNtAuN0s0gRRngZJ4qPTNMstG06HT9Pt1t7SEERxLnC5JJ6+5NS3VpbX1u1vd28NxC2CY5kDqccjg8UAYsnjvwhF9/xTooPp9viJ/wDQq17C/tNUsor2wuYrm1lBMc0TBlYA44I68g1BHoWjw/6rSrFP923Qf0q9HGkSBI0VEHRVGAKAKmravY6Hp0l/qMxhtoyAzhGfBJwOFBPU+lc5/wALP8Kt/qrm/mPpHpd03/tOuwooAq6bqEOq6fDfW6zLDKCVE0TRv1xyrAEdO4qPVtTTSNPe8e1vLpUIHlWcDTSHJxwq8mr1FAHH/wDCw7X/AKFzxX/4JJ/8K6bTb9dT0+G8S3ubdZQSIrqExSLzj5lPI6VaooApatqX9k6c959ivLzYQPJs4vMkOTjhc84rnP8AhYMQ+94X8Vr/ANwlz/LNdhRQBV02/XU9OhvEt7m3WUEiK6hMUi84+ZTyOlR6tqcej6e97LbXdwiEAx2kDTSHJxwq8mr1FAHH/wDCyNHH37DXkPo2j3Gf/QK6bTdQh1XT4b23SZIpQSqzxNE45xyrAEdO9WqKAKOravYaFp73+pXAgtUIDSFS2CTgcAE9a55fil4HY4/4SWyU+jsV/mK6+msiuMOoYehGaAILDULTVbGK9sLmO5tZRmOWJsqwzjg/UVLPcQ20RlnmjijHBeRgo/M09EWNQqKFUdABgVW1DTbHVrNrTUbO3vLZiC0NxGJEJHI4PFAEkN5bXBxBcwyn/YcN/Kpq5Wb4a+CpxhvDGmL/ANc4An/oOK6DTdOtNI0+GwsIRDawjbHGCSFGc9+e9AFqiqOr6Yur6e1m15e2gYg+bZTmKQYOeGHaud/4Qe+h5tPG/iWM9hLNDMP/AB6PP60AdhRVXTre4tNPhgur2S9nRcPcSIqNIfUhQAPwFRawNWOnt/YrWS3u4bTeq7R4752kHNAF+iuP+2fES1+aXSPDt8v923vpYWP/AH3GR+tdPp811cWEMt7aC0uWXMkAlEgjPpuAGfrQBZorP1jV4NEsDeXEF3NEGCkWtu8zDPfaoJx71gJ8UPBpcJLrSWrn+G8gkgP/AI+ooA6+iobS7t760iurSeOe3lUPHLEwZXB7gjrU1ABRRRQAUUUUAFFFFABRRRQAUUUUAFFFFABRRRQAUUUUAFFFFABRRRQAUUUUAFFFFABRRRQAUUUUAFFFFABRRRQAUUUUAFFFFABRRRQAUUUUAFFFFABRRRQAUUUUAFFFFABRRRQAUUUUAFFFFABRRRQAUUUUAFFFFABRRRQAUUUUAFFFFABRRRQAUUUUAFFFFABRRRQAUUUUAFFFFABRRRQAUUUUAFFFFABRRRQAUUUUAFFFFABRRTZJEijaSR1SNAWZmOAoHUk0AOorkp/ib4QilMMGsJfTDpHp8T3RP/fsEVs6HrY121kuF03UrFUfYFv7cws4wDuCk5xz3x0oA1KKhu0uJLOdLWVIrlo2EUjpvVHxwSuRkA44yK5T/hEfEV5xqfjvUin9zT7aG1H57Wb9aAOxqC9vbbTrKa8vJkgtoULySucKqjqTVXRdHj0SxNrHeX13ucyNLe3DTSEkAfebtx06VoFQwIYAg9QaAOP/AOFn+GpuNPfUNTfsthp082foQmP1rodG1Q6xYC7On31jlioivYvLk477cng1oUUAVdRF8dPmGmNbLe7f3RuQxjB/2gpBx9K5j+w/HF3zdeMbWzz1jsNKXj6NKzfyrsaKAKOkWE2m6eltcajdahKCS1xc7d7ZOcfKAMD6VJqOm2er2EtjqFtHc2soAkikGVbBBGR9QKtUUAY1n4R8N6fj7HoGlwEd47SNT+eM1sKqooVVCqOgAwBS0UAFFFFABRRRQAUUUUAFFFFABRRRQAUUUUAFFFFABRRRQAUUUUAFFFFABRRRQAUUUUAFFFFABRRRQAUUUUAFFFFABRRRQAUUUUAFNdEkQpIiup6hhkGnUUANjjSKNY40VEUYVVGAB7CqGtaLaa9Yi0vGuVjDiRWt7h4XDDODuQg9zx0rRooA47/hBLq2+bTPGXiS2cdBNcrdIPwlVj+tdVZxTwWUEVzcm5nSNVknKBDIwHLbRwMnnAqeigDM1y91Swskl0rSP7UmMgV4BcrCQmDlgW4JzgY469eKwf8AhPpLXjVfCfiOyI+862YuIx/wKJm/lXY0UARW1xHd2kNzFu8qZFkTcpU4IyMg8g+x5qWisrXPDmleJLeKDVbUzxxPvj2yvGVbGMhkII496ANWiuN/4QGWz+bRfFfiDTyPuxvdC6iH/AJg3866+JXSFFkk8x1UBnIA3HucDpQA+isjXdaudFSCWHRNQ1OJyRJ9hCM8WMYJVmBOeemelYq/E/wvGQmo3F3pUp4Meo2UsBH4su39aAOxooooAKKKKACiiigAooooAKKKKACiiigAooooAKKKKACiiigAooooAKKKKACiiigAooooAKKKKACiiigAooooAKKKKACiiigAooooAKKKKACiiigAooooAKKKKACiiigAooooAKKKKACiiigAooooAKKKKACiiigAooooAKKKKACiiigAooooAKKKKACiiigAooooAKxfE/irSPCGkPqWsXIiiHCIOXlb+6i9z+g74FYPxT8b3ngLwvb6pZWsFzLLeLbFJydoBR2zwR/cH515X4/+EvxG8QavLqtxfWesMeIo4pfK8tf7qo+FUf8AAiT3yaAPYvA3imfxR4U/4SG+ijsre4mkNvGW+5Cp2jcx6klWOeOtbOneINH1e5uLfTdUs7ya3AMy28yybM5xnB9jXj/wt8N2ckY0Lxp4TuV1O1ybWXUBJLBMnXaoYmMMvovUc9jXtNnYWenw+TZWkFtF/chjCL+QoAsHODjrXG+X8RNS+/caBosTf8845LyVfxJRf0NdlRQBkaFpWoaZHMdS1251aaUg75oo41THZVQDH45rWdFkRkdQyMMMpGQR6UtFAEUFtBaxCK3hjhjHRI1CgfgKloooAKKKKACiiigAooooAKKKKACiiigAooooAKKKKACiiigAooooAKKKKACiiigAooooAKKKKACiiigAooooAKKKKACiiigAooooAKKKKACiiigAooooAKKKKACiiigAooooAKKKKACiiigAooooAKKKKACiiigAooooAKQgMCCAQeCDS0UAFYmvaHfarJBNYeINQ0maEED7OsbxvnH30dTuxjjp3rbooA5CGDx9ptxGrXmi61abgHeSJ7ScLnkjbuQ4+grr6KKAKU+saZbaglhcahaxXkiB0t5JlWRlyRkKTkjINXazdW8PaNr0ezVtLs70AYBnhVyo9iRkfhWNY/D7SNJvoLnSbrVdPjicObWC/kMEmD0ZGJGPYYoA6uiiub1nxadC1FobvQdZlswoYX1pbefH75CkuMf7tAHSUVg6N418NeIJhBpms2s1yc/6OzbJeOv7tsN+lb1ABRRRQAUUUUAFFFFABRRRQAUUUUAFFFFABRRRQAUUUUAFFFFABRRRQAUUUUAFFFFABRRRQAUUUUAFFFFABRRRQAUUUUAFFFFABRRRQAUUUUAFFFFABRRRQAUUUUAFFFFABRRRQAUUUUAFFFFABRRRQAUUUUAFFFFABRRRQAUUUUAeP/tHf8k80/8A7Csf/oqWvYK8f/aO/wCSeaf/ANhWP/0VLXsFABRRRQAUUUUAFFFFABRRRQAUUUUAFFFFABRRRQAUUUUAFFFFABRRRQAUUUUAFFFFABRRRQAUUUUAFFFFABRRRQAUUUUAFFFFABRRRQAUUUUAFFFFABRRRQAUUUUAFFFFABRRRQAUUUUAFFFFABRRRQAUUUUAFFFFABRRRQAUUUUAFFFFABRRRQAUUUUAFFFFABRRRQAUUUUAFFFFAGTrlhZyafd3r2kDXUNtL5U7RgumUIOG6jgkcetcT8CLu5vfhus93cSzzG8lBklcsx6dzXfaz/yAtQ/69pP/AEE153+z/wD8kxT/AK/Jv6UAepUUUUAFFFFABRRRQAUUUUAFFFFABRRRQAUUUUAFFFFABRRRQAUUUUAFFFFABRRRQAUUUUAFFFFABRRRQAUUUUAFFFFABRRRQAUUUUAFFFFABRRRQAUUUUAFFFZ2v6m2i+HNU1VYhK1laS3IjJwHKIWxntnFAGjRXiunfGHxnq9hHfad8Orm6tJc7JoZXZWwSDghPUEfhVr/AIWh8QP+iYX3/fcn/wARQB7BRXj/APwtD4gf9Ewvv++5P/iKP+FofED/AKJhff8Afcn/AMRQB7BRXj//AAtD4gf9Ewvv++5P/iKP+FofED/omF9/33J/8RQB7BRXj/8AwtD4gf8ARML7/vuT/wCIo/4Wh8QP+iYX3/fcn/xFAHsFFeP/APC0PiB/0TC+/wC+5P8A4ij/AIWh8QP+iYX3/fcn/wARQB7BRXj/APwtD4gf9Ewvv++5P/iKP+FofED/AKJhff8Afcn/AMRQB7BRXj//AAtD4gf9Ewvv++5P/iKP+FofED/omF9/33J/8RQB7BRXj/8AwtD4gf8ARML7/vuT/wCIo/4Wh8QP+iYX3/fcn/xFAHsFFeP/APC0PiB/0TC+/wC+5P8A4ij/AIWh8QP+iYX3/fcn/wARQAftHf8AJPNP/wCwrH/6Klr2CvnP4h6v488f6BBpUvw+1GyWG6W58xVdySFdcY2j+/8ApXWf8LQ+IH/RML7/AL7k/wDiKAPYKK8f/wCFofED/omF9/33J/8AEUf8LQ+IH/RML7/vuT/4igD2CivH/wDhaHxA/wCiYX3/AH3J/wDEUf8AC0PiB/0TC+/77k/+IoA9gorx/wD4Wh8QP+iYX3/fcn/xFH/C0PiB/wBEwvv++5P/AIigD2CivH/+FofED/omF9/33J/8RR/wtD4gf9Ewvv8AvuT/AOIoA9gorx//AIWh8QP+iYX3/fcn/wARR/wtD4gf9Ewvv++5P/iKAPYKK8f/AOFofED/AKJhff8Afcn/AMRR/wALQ+IH/RML7/vuT/4igD2CivH/APhaHxA/6Jhff99yf/EUf8LQ+IH/AETC+/77k/8AiKAPYKK8f/4Wh8QP+iYX3/fcn/xFH/C0PiB/0TC+/wC+5P8A4igD2CivH/8AhaHxA/6Jhff99yf/ABFWfDfxX13UvHum+F9a8JPpEt6jyBpZW3BVR2BClRkEoR+dAHq9FFFABRRRQAUUUUAFFFFABRRRQAUUUUAFFFFABRRRQAUUUUAFFFFABRRRQAUUUUAFFFFABRRRQAUUUUAFFFFABRRRQAUUUUAFFFFABRRRQAUUVDd3KWdnPdSBikMbSMF6kAZOPyoAmoryf/hobwV/zy1X/wAB1/8Ai6P+GhvBX/PLVf8AwHX/AOLoA9Yoryf/AIaG8Ff88tV/8B1/+Lo/4aG8Ff8APLVf/Adf/i6APWKK8n/4aG8Ff88tV/8AAdf/AIuj/hobwV/zy1X/AMB1/wDi6APWKK8n/wCGhvBX/PLVf/Adf/i6P+GhvBX/ADy1X/wHX/4ugD1iivJ/+GhvBX/PLVf/AAHX/wCLo/4aG8Ff88tV/wDAdf8A4ugD1iivJ/8AhobwV/zy1X/wHX/4uj/hobwV/wA8tV/8B1/+LoA9Yoryf/hobwV/zy1X/wAB1/8Ai6P+GhvBX/PLVf8AwHX/AOLoA9Yoryf/AIaG8Ff88tV/8B1/+Lo/4aG8Ff8APLVf/Adf/i6APWKK8n/4aG8Ff88tV/8AAdf/AIuj/hobwV/zy1X/AMB1/wDi6APStZ/5AWof9e0n/oJrzv8AZ/8A+SYp/wBfk39Koaj8f/Bt1pl3bxxapvlhdFzbrjJBA/irk/hX8W/Dfg3wYuk6ol8bkXEkmYIQy4bGOSw9KAPo2ivJ/wDhobwV/wA8tV/8B1/+Lo/4aG8Ff88tV/8AAdf/AIugD1iivJ/+GhvBX/PLVf8AwHX/AOLo/wCGhvBX/PLVf/Adf/i6APWKK8n/AOGhvBX/ADy1X/wHX/4uj/hobwV/zy1X/wAB1/8Ai6APWKK8n/4aG8Ff88tV/wDAdf8A4uj/AIaG8Ff88tV/8B1/+LoA9Yoryf8A4aG8Ff8APLVf/Adf/i6P+GhvBX/PLVf/AAHX/wCLoA9Yoryf/hobwV/zy1X/AMB1/wDi6P8AhobwV/zy1X/wHX/4ugD1iivJ/wDhobwV/wA8tV/8B1/+Lo/4aG8Ff88tV/8AAdf/AIugD1iivJ/+GhvBX/PLVf8AwHX/AOLo/wCGhvBX/PLVf/Adf/i6APWKK8n/AOGhvBX/ADy1X/wHX/4uj/hobwV/zy1X/wAB1/8Ai6APWKKwPCHi/TfGujPqmlpcLbLM0P79ArFgATwCePmrfoAKKKKACiiigAooooAKKKKACiiigAooooAKKKKACiiigAooooAKKKKACiiigAooooAK5/x3/wAk88S/9gq6/wDRTV0Fc/47/wCSeeJf+wVdf+imoA5/4Jf8kh0L/t4/9KJK9Arz/wCCX/JIdC/7eP8A0okr0CgAooooAKKKKACiiigAooooAKKKKACiiigAooooAKKKKACiiigAooooAKKKKACiiigAooooAKKKKACiiigAooooAKKKKACvH/EP/J0PhP8A7BUn/oN1XsFeP+If+TofCf8A2CpP/QbqgD2CiiigAooooAKKKKACiiigAooooAKKKKACiiigAooooAKKKKACiiigAooooAKKKKACiiigAooooAKKKKACiiigAooooAKKKKACiiigAooooAKz9d/5F7U/+vSX/wBANaFZ+u/8i9qf/XpL/wCgGgDzr4DW0E3wxgaWCORhdTDLICcZr037BZ/8+kH/AH7Feb/AH/kl0H/X3N/MV6hQBX+wWf8Az6Qf9+xR9gs/+fSD/v2KsUUAV/sFn/z6Qf8AfsUfYLP/AJ9IP+/YqxRQBX+wWf8Az6Qf9+xR9gs/+fSD/v2KsUUAV/sFn/z6Qf8AfsUfYLP/AJ9IP+/YqxRQBX+wWf8Az6Qf9+xR9gs/+fSD/v2KsUUAV/sFn/z6Qf8AfsUfYLP/AJ9IP+/YqxRQBX+wWf8Az6Qf9+xR9gs/+fSD/v2KsUUAV/sFn/z6Qf8AfsUfYLP/AJ9IP+/YqxRQBX+wWf8Az6Qf9+xR9gs/+fSD/v2KsUUAV/sFn/z6Qf8AfsUfYLP/AJ9IP+/YqxRQBX+wWf8Az6Qf9+xR9gs/+fSD/v2KsUUAV/sFn/z6Qf8AfsUfYLP/AJ9IP+/YqxRQBX+wWf8Az6Qf9+xR9gs/+fSD/v2KsUUAV/sFn/z6Qf8AfsUfYLP/AJ9IP+/YqxRQBX+wWf8Az6Qf9+xR9gs/+fSD/v2KsUUAV/sFn/z6Qf8AfsUfYLP/AJ9IP+/YqxRQBX+wWf8Az6Qf9+xR9gs/+fSD/v2KsUUAV/sFn/z6Qf8AfsVBe2VqlhcMttCGETEERjIODV+q9/8A8g65/wCuT/yNAHl/7PP/ACTWT/sIS/8AoKV6xXk/7PP/ACTWT/sIS/8AoKV6xQAUUUUAFFFFABRRRQAUUUUAFFFFABRRRQAUUUUAFFFFABRRRQAUUUUAFFFFABRRXK6r4z26nLovh6wfWdXj4mRH2QWv/XWU8Kf9kZb2oA6quf8AHf8AyTzxL/2Crr/0U1Zo8M+KNV+fXPFk9qp5+yaJGsCL7eawZ2+vy0k3wy0W6t5IbrUNeuFlUpJ52rztvBGCCN2CCO2KAKXwS/5JDoX/AG8f+lElegVwtl8P77w3ZpbeFPFF9ZQRZKWd7Glzb8ksQBgMuSTyG71Zg8Y3uj3UVl4x09NOaVhHFqVu5eylY9AWPMRPo/HvQB2NFAIIyORRQAUUVm6/rlp4c0W41O9LeVCPlRBl5HPCoo7sTgAe9AC61rum+HtPa+1S6SCEHaueWdj0VVHLMfQc1zi6h408R/Pptlb+HrBvuz6khmunHqIQQqfRmJ9ql8OeGrm6vU8TeJ1WbW5BmC3J3Rach6Rxj+9/efqTwOOuvpviCPVdW1iytbd2TTJEhefcNkkpXcyD3UFc+7UAY48EahcfPqHjbxFLKev2eSK3T8FRP60HwXqtr8+meONeik9LzyrpPyZAf1ra8Na9D4k0KDUoongZi0c1u5y0MisVdG9wQf51m3XivU7e7mgTwZrk6RyMizRm32yAHG4ZlBwevIBoApNrnivw0N3iDTItW09fvX+kIwkjHq8DEkj1KE49K6nS9VsNb0+K/wBMu4rq0lGUlibIPt7H2PIrm/8AhOpob+wttQ8LazYJfXKWsc8/kFA7ZIztkJ7HtUOu6LdeGr6bxT4ZgyT8+p6XHwl4g6ug6CYDkH+LoaAO2oqppmpWmsaZbajYzLNa3MYkide4P9fbtVugApCQoJJAA5JNLXB3Rl+IWs3WmxyvH4VsJPKu5ImKnUJh96IMOkS9GI+8eOmaALc3jS61e6lsvB2mjVGjYpLqMzmOyiYdQHAJkI9EB+tA8MeKNRG7V/GdzBnkwaRbRwKvsHcO5/MVnv8AEK10VrjTbbwjqyW+n3cen4gW3WNZH2+WqjzBwwdSOO/OKsy/Ey2S0vb1PDfiGays2mWW6it4jGPKJDkHzM4BU9u1AFj/AIQOVeYvGXilH7Mb1HH5MhFNNl470X95a6pZeIYF6297CLWcj0WRPkJ/3lH1rT17xTBovhuDV0t3uHumhjtbbcEaaSUgKueQDzk+wNZl58TvC9rrOmWS61pU0F55okuo9QiK27Ku5d/PAbkA5HIx3oA0dB8X2Gt3UmnyRT6dq8K7ptOvFCSqP7y9nX/aUkfSuhrmdS07QfHmmLPY6jBNNbSH7LqWnzK72soAPyupPqMqeCDzR4U1+8vJbvRNbWOPXdO2iby+EuYz9ydB/dbHI7EEelAHTUUUUAFYGv8Ai2w0GaKz2T32qTgmDT7NN80nuR0Vf9psCofFniC600WmlaPHHPrupMUtY3+5Eo+/M/8AsKPzOB3qx4b8LWfhyCV1d7vUrk77zUJ+Zbh/Unsvoo4AoAyha+O9b/eXGoWPhy3b7sFrELu4A9Gkf5Af91T9ad/wgcz/ADTeMvFLv3Zb1EH4BUArsKKAOOPhbxNp43aR41vJcciHVraO4RvYsoRh+dNTxpeaJOlt4y0xdNV2CJqds5ksnJ6bmIDRE+jDHvXZ1HPBDcwPBcRJLDIpV45FDKwPUEHqKAHqyuiujBlYZBByCKWuCiEnw51S3tTI0nhK+mEUPmNk6ZMx+Vcn/lix4GfunHY13tABRRRQAUVQ1jWtO0DTZNQ1S6S3tkwCzckk9FUDliewHNcyl/4x8TgSaZbxeHNNblLi/i827kHqIchY/wDgZJ9qAO1rx/xD/wAnQ+E/+wVJ/wCg3VdePAC3A3an4n8SXrn73/EwMCE+yRBQKqS/CbQm1OHVLfUNbttSgUrDdrftJJGCCMAybuPmbj3PrQB3lFcW0fjjw6PMjuLfxPZL96KRFtrtR/ssP3b/AEIUn1rd0DxLpviS3lksnkSaBtlxazoY5rd/7roeQf0PYmgDXooooAKKKKACiiigAooooAKKKKACiiigAooooAKKKKACiiigAooooAKKKKACiiigAooooAKKKKACiiigAooooAKKKKACiiigAooooAKz9d/5F7U/+vSX/wBANM1nxDpHh62Fxq+o29nGxwnmP8zn0VerH2ANcxqHjO41nS7q20Twpr16LiF40nkt1tojuBAIMrKcc+lAGT8Af+SXQf8AX3N/MV6hXkfw6/4SbwD4TTSNT8GapOEmeQzWk1vIcMf7okzXa6d4/wBAv71LCa4m03UG4W01KFraRv8Ad3gBv+Ak0AdPRRRQAUUUUAFc1rXjK20/UP7I020n1jWiob7FaY/dA9Glc/LGPrz6A1X8T6zf3OqQeFfD8oi1O5Tzbq727hYW+cb8dC7HhR9T0FOMek/DzRrO206yeWW9vYrZRvzLczSN8zu55YgbmJPZT0FAEC6V441f59R8QWuixN/y7aXbiVwPQyyg8/RRTv8AhApDy3jHxUX/AL325R+gTH6VVPxT0eW5082Nnql5p9yHMl5Fp1ztiAXKkDy/nDHjg8cdum2njLRp/Dl3rcFz/ott5qt56NA29ASybXAOePSgDNPh7xfpnzaT4uN6q9LbWbVHDf8AbSMKw/I/Sn2XjY21/DpfinTm0S/mbZDK0gktblvSOXj5v9lgD9anh8Y+d4b07VYdHvL+a6ijeW101o5mtyybsMWZenT+lVtO8RaV46n1Xw7e+H9QiFtGv2uHUYY9g3dFyjthsc9iOtAHYUVxOj3V54Q1238M6pcSXOmXeRpF9M2XUgZNvIe7Acq3cDHUV21ABRRWbr+uWnhzRbjU70t5UI+VEGXkc8KijuxOAB70ALrWu6b4e09r7VLpIIQdq55Z2PRVUcsx9BzXOLqHjTxH8+m2Vv4esG+7PqSGa6ceohBCp9GYn2qCw002KHxp4yjkn1XAMNtDC866cjEARxIoJLcjc+M9egFXIPiBaapZR3mgaPq+sQMSC9vb+UF9D++KbgeeVz05oAQeCNQuPn1Dxt4illPX7PJFbp+Con9aD4L1W1+fTPHGvRSel55V0n5MgP607w745k8Sm2ltvDOsw2VwzKLyYQiNdpIJOJC2MqRwKddeOhFrWoaZZ+G9c1GSwkWOaW0jhKBmRXABaRT0YdqAKza54r8NDd4g0yLVtPX71/pCMJIx6vAxJI9ShOPSup0vVbDW9Piv9Mu4rq0lGUlibIPt7H2PIrn7XxyJdZ0/TLzw3rmnPfyNFDLdxwhCyozkErIT0U9qq67ot14avpvFPhmDJPz6npcfCXiDq6DoJgOQf4uhoA7aiqmmalaaxpltqNjMs1rcxiSJ17g/19u1W6ACkJCgkkADkk0tcHdGX4hazdabHK8fhWwk8q7kiYqdQmH3ogw6RL0Yj7x46ZoAtzeNLrV7qWy8HaaNUaNikuozOY7KJh1AcAmQj0QH60Dwx4o1EbtX8Z3MGeTBpFtHAq+wdw7n8xWpqGq2Xhn+xtLtbIFr25W0tbW3AUIoBZmx2VVBJ/8Ar1MdfiTxaPD80DxySWf2q3mJ+WYBtrqPdcqfo3tQBjf8IHKvMXjLxSj9mN6jj8mQimmy8d6L+8tdUsvEMC9be9hFrOR6LInyE/7yj61t63rN3pJg+zaFqGqeZu3fYzF+7xj7291654xnoayf+Ex1X/oRvEH523/x2gC5oPi+w1u6k0+SKfTtXhXdNp14oSVR/eXs6/7Skj6V0NcibTS/iR4VsNWSO4sp2BmsroALcWrgkZBBPccjOCOtWPCmv3l5Ld6Jraxx67p20TeXwlzGfuToP7rY5HYgj0oA6aiiigAoooJABJOAO9ABVe//AOQdc/8AXJ/5Gucu/iHoMV29np7XWs3aHDwaVbtcFT7sPkH4sKq3HijxJd2sqW3gHVSkiFQ013bRtyP7pkoA5z9nn/kmsn/YQl/9BSvWK8b+Gd7cfDjwtJpPibRdYtB9qeY3a2nnQqrKo+Zoy2OQe2K9W0rWdM12zF5pV/b3luf44JAwB9DjofY0AXqKKKACiiigAooooAKKKKACiiigAooooAKKKKACiiigAooooAKKKKACiiqupX8GlaXd6hcttgtYXmkPoqgk/oKAOZ8Sapf6rrK+EtBuDb3LxCbUb9OtnATgBf8Apq+CF9Bk+lZt9qc/gO9sfDmgaFpzWclpLcpLcX5hLGMr5m75G3MdynJOTz0xWx8P9Omt/Dg1S/X/AImmsOb+8Y9QX5VPoqbVA9j61y3xPtRdeKtFVrXR7hU02+crq3+qXBh+YcH5vT8aANDSPH/iHW/s8dh4UtpppLCC/kB1TYESYvsHMfJwmT6E4963dH8XpeeGtS1jVbRdNGnT3ENzH54lCmEkMQ2BnpxxXnvg+81C3TQ7rQL3R7iW/wDD9vC0Fx5zMptQRJ/q1IGDJjnqRgc0/UvD51r4L6tf3GqRyQTvea0VsSwjmLB3RG3AMAr4JB7rg0AbVx8T57XwglzLYSHxE0aTfYI7C5ePa5DBd4Xbu8sj+LAbg11Nj4i8P+LxcaXHHPco8JM0N3p80SMmQCCZEAPUcdayLe5uNP8AHHhpWmkNnqmjvbiIsdizRbZAwHTJVn+u32q54Fnl1L+39ZeV3hvdVlW2yxK+TEBCCo7ZMbH8aAKWltceBddt9BupZZvD1+/l6XcSMWa1l6/Z3Y9VIB2E88bfSu6rJ8TaFD4k8O3mlTNsMyfupR1ikHKOD2IYA/hVfwZrUuv+FLG+uV2Xm0w3Sf3Zo2KSD2+ZSfoRQBvVxd0v/CSfEqK0f5tP8OxJcyJ2e7lB8vPrsQFh7uK7SuP8ADzv+Elv25kudduhu77YyIlH5J+tAG/r39rHRbldD+z/ANpMoWFrgkIhJALHAOcDJx3xiuU0eOXQ9e0zwjo05lS1ik1DW7uVd7ytITtBPZ3cs3qFSu7YMUYKdrEcHGcGvP8ARvAnijSRdsPGw869nNxczx6VH5sjnjlnZhgAAAAAADpQBa0G0Z/EI8Q+GLuObw/rDO+oW0u5DHOoK+agIyGJXa6nHPNc2vh5dV1fWItJ8K2EsFhem1aW61u6iZ2CI5O1VYAfOO9dl4V8LX3hnUtTZtXe/sr5hcsJ41WRbgk72ARQoVht4x1BPepr3wH4W1G+mvbvRbeW5nbfLIc5Y4xk4PtQBxFvHYyeGPBuoWWn/YTeeIIHlhFw8wDL5q8M5z29q9ari7jwjqD6lpFlaHTLLw3pV4l3bwQxv55Kq3ykk7QNzMfpiu0oA4vw4v8AwjvjfVvDajbY3af2rYL2Tc22eMewchgO2+u0rj/FQ+zeNfBd+Opu57NvdZIGbH/fUan8K7CgDmvHWq3Wm+Gmi059mp6jNHYWTf3ZZTt3f8BG5v8AgNa2iaRa6DotnpVku23tYhGuep9SfcnJPua57xEPtPxF8HWjcxxi8vCvbckaop/8imuwoA8K8Q2x/wCE81a8bT7lo4vEmmhr0XuyKLi3+Vod2GP+1tOM9eK1ZLzWdP8ACXiHwuNHtpXnnu7cXB1WBArXTu0QKk5BIkXA6mt7X/hTpWps91CZZr2bUIbudr66lkjdVdSy7M7T8i7RkdMDNaWneBYR4M1DRtVmW4u9UZ5725jXaPObGGQdgmFC+m0UAc/r+jajB4q8B3V5eD7Jb3ENpHZKOBJ5Epkdj3PyKB6DPrV2yv7XTrTxr/alraSyaJcyzRlrdB+4aISxLwOcZK/h61r3vh3WNQ0/wutzf273+l3KT3VxtOJGEMiEqO5y4ODjv0rA1T4beItXGo/afF1mG1FYUu2TR8easTbkUjzsY5IOOoODQB1/g60uLPwfpMd5g3jWsb3LbQpMhUFs4A78fhWP49jOknTvGFupE2kShbrb1ks5CFlU+u3hx6bT610GiWesWdvIms6tDqUrPlJIrP7OFXHTG5s896k12yTUvD+pWEgBS5tZYiD6MpH9aAL4IZQykEEZBHelrnvAl6+oeAdAupDmSSwh3n1YIAT+Yqx4uvX07wZrl7GcSW9hPIhH94RsR+tAGJ4IX+27/VfGM3zG/la2sM/8s7SJiq49N7BnP1Fdm7rGjO7BUUZZmOAB6msjwpZJpvhDRrKMALBZQp+IQZP51zvxPnWDQg2p6nHZeHtrG/jjOLi8PG23jPYNzuPXA7Ak0AdwjpLGskbK6MAVZTkEHuDTq8rv7OC8jt7jXPhtqE91Haxh2sblBDGoXIRcyqflB2n5eoOMjBq74dv1XwJq2oeEvDd3pRa1+2WhvWEiXLbSRgCRj0UDnHUUAegyXlrDI0ctzDG6RmVlZwCqDqxH9336VIjpLGskbq6MAyspyCD0INeVa1qcOtahf6pb/wCpu/A886ewZs4/Wuj8O6zdSal4f0S38v7NFoMd3eMVywLbFiUHt0kP4UAdRqumWmtaTdaZfRiS1uomikX2I7eh7g+tYXgLUbq68PvYajJ5mo6TcPp9y56yGP7r/wDAkKN+Jrqa4/Rh9k+KPie2H3bq0s7zH+1iSMn8Qi/lQB2FU9V1S00XSrrU7+URWttGZJHPYD09T2A7mrlcX4kX/hIPG+jeG2G6ytUOrXydn2tthQ+oL5YjvsoAPD2i3eu6jF4r8SQkXJG7TdOflLCM9CR3mIwS3boMYrtKhurq3sbSW6u5o4LeJS8ksjBVRR1JJ6CsWDx34SuZfLh8TaRI+1mwt5H0AJJ69AAT+FAHQUVj2vizw5e3MdtaeINKuLiQ4SKK8jdmPoADk1ffULSPUYtPe4RbuWNpY4ieWRSAxHrjcPzoAs1y3ijwtLfTprmhyJZ+I7Vf3M/RLhR/yxlH8SH81PIrUtfEmj3ltp9xBfI0eoSNFaZVgZWXduABGeNrflWrQBkeGtfh8R6Ot6kL286O0N1bSfft5l4eNvofzBB71r1xcyDw58TbaeP5bLxHE0MyjgLdxLuRvq0e5fcqK7SgAooooAKKKKACiiigAooooAKKKKACiiigAooooAKKKKACiiigAooooAKKKKACiiigAooooAKKKKACiiigAooooAKKKKACuS17xJfzaufDfhiOKbVtge5upRmGwjPRn/vOf4U79TxWh4u12Tw/4flubaITX8zrbWUH/PWdztQfTPJ9gaXwx4fh8MaIIHm867kJnvrx/vTzHl3Y+np6AAUAV9D8FaZo9ydRn8zUtZcfvdSvT5kx9l7Ivoq4FdJXiEni291nULvxDpV7qVtFd61DpMK2tussptY7eSXciOpB3swbOM4x71ajTXNJhuG0K88ZNdXV4Lh4rrSIRE7syiQk+X8oKgnjAzz3NAHsuap6npOna1ZPZ6nZQXds/WOZAw+oz0PuK8z8eazr9p46t5re20qW10CwuNYVZZ5AzJs8v5wEIDZMm0DIOOSMVJ4yjjGl29/b61q0Ot6rLDbRW0WtyxW9tNIvJZQwwi4JIA5x70Aa8sGrfDwG4tJLnVfCyczWsjGS5sF7vGx5kjHdTyB0JrtrO8t9Qs4by0mSe2nQSRyocq6nkEGqmgWf2DQLOzOoy6k0MQR7uaTe8rdyTk9/euZ0ZP8AhDvGbeHVyujasJLrTF7QTL800I9FIO9R2+YUAdxUF7eQ6fYXN7cttgt4mlkb0VQST+QqeuQ+J7t/wr7UoEYg3TQ2mR6SzJGf0Y0AO+H9jONEk12/U/2nrj/bp89URh+6j+iJtGPXNY/jO2urf4i+FNZnvc2MEkyRWoGArfZ5md2Pc4VAPTB9a9DRFijWNFCooCqB0AFcj4/8I33i6106CxvorPyJpDNI4JJjeJ42C47kOfp156UAeQaL4hvNJ8LWkaT6x5VraAsqa0kI+WCOZgsZhJAxKABk5INdPqVpbX3wm1e3fTZJnXVyt1NK4vmgJdfOuFYIDwhblVyM1uap8JbbUZNTfZpytctOLd2tw7RI8EUcYyRn5DGxGPXitS18G6raeGrvSLK+s9MW+1GSe4NlER5Vu/VIem18ADdjjJI5AoAxfByXyprOr+CtJ0b+zL/UWSFZZWt4/KhRIwyBEbO5xKeceverXwi/tweGLSW5sdOSxuvNuJLpLl3uJpi5yzqUxk467jwBW3aeD28LW1yPBpgtWnMebW9aSS2TaCCyqCCHb5cnPOPXmtPwlob+G/Cun6PLOs8ltHteVV2hmJJOB6ZNAC+KtBTxH4dutO3eXOQJLaYdYZlO6Nwe2GA/DIpvhDW28ReFbDUpU8u4kj2XEf8AcmQlZF/BlNbdcf4HH2bVPF2nD7sGsvKg9BLHHIR/30zH8aAOwri7pf8AhJPiVFaP82n+HYkuZE7Pdyg+Xn12ICw93FdpXH+AB53/AAkt+3Mlzrt0N3fbGREo/JP1oA68kKpZiABySe1eHaLJoviH4ffD7RpZLW+WLU4o7y23BtmYbghXA6HjOK9m1TSbDW9Pew1O1jurSQqXikGVYqQRn8QK5zW/CN5qCQaTpk+n6PoKrlxa2g+0BuQRGfux5U43AFuTQBxPgXT9Oh1/wbqdlp1paTX9nqbStbR7BIqyRiM4/wB0/rT53tl8f+LvPk8WqftcOP7EimaP/j3j+95akbvr2rt7Twg+i+ILC80a5WPTo4fs89jcAyKiBAqtATzG3yqGHRhyRkc0/wDhEPEKeJdc1Kx8T/2bb6jPHKsMVpHMfliRCWLjg5XoOMUAcpC9s3j3wj5Eni5m+2TZ/tuOZY/+PeT7vmKBu+nbNexVxP8AwiHiGTxJoeo33ig6jb6fcSStDLaRwn5onQFSg5PzdDxiu2oA4vw4v/CO+N9W8NqNtjdp/atgvZNzbZ4x7ByGA7b67SuP8VD7N418F346m7ns291kgZsf99RqfwrsKAOa8dardab4aaLTn2anqM0dhZN/dllO3d/wEbm/4DWtomkWug6LZ6VZLtt7WIRrnqfUn3JyT7mue8RD7T8RfB1o3McYvLwr23JGqKf/ACKa7CgDz7Vxe6Dd6r4y1oxT30Yax0KwhYsqh2AQdBmSRtufQDHSptY06XWINL0uXVlg8b6dai/trpYiqF/uP2w0bH5WUcgEEjpm14l8I6zrfifT9VtPEMVnBYITBay2InVZTkGX76jdtOBkHHOOtVrvwTr1xqOnas/i2e61HT5g8Cy2kMUWxiBKh2LuIZMj73XHpQBW8YWzXkvhuO90K1vNb1DNuyNqM0EMRWJpWAZAcj5WA49Kr+GNGt7PxuNPv/D1rZXcFn9uhmtdVuLhfv7MEOFHr2NdxrPh7SfEMUUWrWMV2kLF4xJn5WxjIx7VkHwjFoCtc+DtN0mz1CTEcsl0shVouTj5TnO7H60ARfC7/km+jf8AXN//AEY1RePYzpJ07xhbqRNpEoW629ZLOQhZVPrt4cem0+tbfhPQ38N+FtP0iScTyW0e15Qu0MxJJIHpk1Z12yTUvD+pWEgBS5tZYiD6MpH9aAL4IZQykEEZBHelrnvAl6+oeAdAupDmSSwh3n1YIAT+YroaAKWrarZaHpdxqWozrBa26b5HP8gO5J4A7k1yEGj6p47AvPEgn0/Q35t9Fjco8y9muWHJz/zzHA75NSeUPGfjiXzhv0Pw9KEWM/duL7AJY+ojBAA/vH2qt8TYZjdeGmtxqkry35t3trC+a2aZDFI2M71XOUByT2PrQB3NlY2mm2iWljaw21vGMJFCgRV+gFWK8T8I2d3rF5o1hc6xr9tHPHqc8qJqkvmBo7lIkUtuOdq8cHGcnvXSabrMfgyXxmb7UNSv7TTZ7dbaO5uGnlZngRhGhbnLO2APegD0iuW1nwPZ3l4dV0eZtG1wcre2q4Eh9Jk+7Iv159CK4XRDrmoeG7K0h1PSo5fF0NzeSrd2s0js7ffCOrgKFjKADr8pP06rwvN4ksdbg8N6hquk3ken2MTzmKzlWVkIZEJcyFdxKZPy9KANLw54lubu+m0LXreOy162TeyRkmK6jzjzYSeq+o6qeDXT1zfjLQJ9Y06K80xhFrmmsbjT5unzgcxt6o4+Uj3z2rQ8N65B4k8PWWrW6lFuI8tG3WNwcMh91YEH6UAalFFFABRRRQAUUUUAFFFFABRRRQAUUUUAFFFFABRRRQAUUUUAFch8TyT8P9QtwSPtUlvanHpJMiN+jGuvrkfidG7fDzVJo1LPa+Vd4HpFKkh/RTQB1qqFUKoAUDAA7Vh6t4O8P63dve6hpNnc3hi8pZp4hIUHOMA8AjNbUUqTwpNEwaORQysOhB5Brz/4heLrnSdR0+x06K5kube6trmZIZNgnRxOBDn3MR68dKANnwn4Ig8Lyee15Je3K2cFjFI6BRFDGoG1QOm5sufc+1ObwXAug+I9Ht7ySK11lpmVCgK2plTD7R3BbLY461wF98QfEWqW8GoaXpt5NpM3iC3jsbmKeKETRAqrQkFgx3OHGSNvPXiu38QeItZs/h1rWstpkmkajawu0MU8kUx4Aw3yErjk8e1ADbz4fC9uYLh/E+vRNbgeSsMkIWE7NhMe6IlcjPfuas+F/BEfhQQxWmu6zc2kMZjjtLqWNolBOcgLGpz+PevP9d8ReK7CxiY3vi5ZZ7mK3jVtLsoVdncDAIDHdjOPfFdv4MlnS7uYJovFjGRA5n1wRbAQcYTYeCd3THb2oA7KuP8ABP8Ao+s+MLAfdi1lpl9vNijkP/jxY/jXYVx/gU/ar/xXqY5S51qSOMjoyxIkWR/wJGoA7CuP8AHyf+ElsG4kttdujt77ZCJVP5P+ldhXF3Tf8I38Sort/l0/xFEltI/ZLuIHy8+m9CVHugoA6nUpL2LT5n06K3luwB5aXEpjjJyM5YAkcZ7GvJ7DxB4wuPDMYnvIbT7Rr4sheQT+dMoa6KMoV02hVGQp54A4FeneJU0dvDt62vxQy6XHH5twkwypC/N078gY98V4roej2nhnw1ZX2uaVb6dPug1e1vraHL3AEqyCyYZBEmdoGM8dvlNAHbeDNY1O68W20Mut39/YXOnXcvlXkcKlJIbpIcgxovX5vzrIm8ba42r+LQRdaTFZSWwd5ljvBbbkChBGkmcuzA5XOMHPNT/D9TaHT7rU5UtNUt/tOhpa7GcS3EhW6ZiR93G1hjpx16CubuvBT/avEwuRc3V8j2zajNBcwxI++MTSF/O+UoJFUgdgB2zQBb03WvGEN54chvfEV/bboxZyvdaFPs8+QxqgcswEhJz852454+bj3EZwMnJ7181eG4W1DxBYuugOHW5jv9NWO30+zNzHE4PEgjUv8ynOw/dI7HNfSqklQSMHHI9KAOQ8VH7T418F2A6i7nvG9ljgZc/99SKPxrsK4vw43/CReN9W8SKd1jaJ/ZVg3Z9rbp5B7FwFB77K7SgDj/ER+zfEXwddtxHILyzLdtzxq6j/AMhGuwrmvHWlXWpeGml05N+p6dNHf2S/3pYju2/8CXcv/Aq1tE1e117RbPVbJt1vdRCRc9R6g+4OQfcUAcNN4g8Uf8LNvbGLTPs9umlbozc3qtboBK+LhkU5wcAYHzADmuVHibxb9kA/4Sfw7u/t8tzeNu8nzT/00/1GP4eu3itXVdBnl+IWtS6vq09/JB4fe5gVB5CRDzJAqFUPzheuWzknPpji/Ku/7MB+y+Ff+RP3Z3ndt2/e+7/rvb9aAPZL+61SO90SeHX9LW8ZUW6055AsN0jkZeLOXDZB29QenvXHeKviPqth4p0HTLnRLrTZWd5pYG1OBRPEY5FALh9q/NyNxGSvHNWvGFzo2n+F/Bt1di0S/W50+SOSRR5ghidHkO7BIRRkk9Bn3qJ/Csl/qOgahrSw6ldazqEr6g0H7yGOH7LKqRKw/gUHGe7MT3oA7nwX/ba+G4YNfgnjvYGaIPPJG7yoPuuxRmGcHBOckqTgZrQ129TTfD+pX8hAS2tZZST6KpP9KpeE9P1TSdF/s3VJ1uTaytFa3G8s8tuP9WX4++BweucZ71kePZDqx07wfbsTNq8oa629Y7OMhpWPpu4Qeu4+lAGn4Esn0/wDoFrIMSR2EO8ejFASPzNWPF1k+o+DNcsoxmS4sJ40A/vGNgP1rYACqFUAADAA7UtAGP4UvU1Lwho17GQVnsoX/EoMj865v4t6HYaj4F1TUJ7JJ72zs5FtXYFjHvK7io6Z+Uc9Rz6mrHghv7Ev9V8HTfKbCVrmwz/y0tJWLLj12MWQ/QV2lAGL4l17TdB0x31K4MKzK6R4jZ9zbenyg1leFLltB+FmhzXlneO0GnwB4ILdpZckKMbFGe/PHHNdfRQB4U7x6c97aaZofieWyPh660+3MukTBhJJKzqn3PugNgH0ArsfAN3Y2twIv7N8QpqV/FAs8t7psscUXlQhQgcqAFG1sZ6lj616JRQAVx+jH7X8UfE9yPu2tpZ2ef8Aa/eSEfgHX866TVdTtNF0m61O+kEdraxNLI3sB29T2A9awvAWnXVr4fe/1GPy9R1a4fULlD1jMn3U/wCAoEX8DQB1Ncf4bHn/ABC8Z3TcmN7S0Qnsqw78fnIa7CuO0A/ZfiT4utH+U3K2d9GD/EpjMTEfQxfrQB1l0oa0mVgCCjZBHXivmvS7kX3hxoU1G0vng8H3aiG3tTG9ud0Xyucne3uAO9fSGoJdSadcJYtCt00bCIzglA2ON2OcfSvIW8MeMvCuo6SbS6l1R7DR5bS0FpaCKNXZ4kVZWYtuXneehxH9aANG+1rwpqmqeELfQmtHvI9WieQQWxRggikBJO0cZIqTX9G1zXfFpTRb7XoJrWckX93FAlraBh8whzH5khKnHBA9WrdudI1rQLfwzc2F1e6lJYbLPUInlZ/tMUm0PLgn7ysAwP8AdyOlc/4g8JzeJdVvrXSvD13pzSzOJ9Zvb6RVHPLQwrJ8xPUZCr/KgDmPC2geILPw/peqz3Os3dnEJhbTaNJbSy2ytId37t4iSDgElHY+1e72yGO1iRpJJGVAC8mNzHHU44z9K8mPwzTwpM4tdIuvEOjEArEmoyQ3dse4UB1SRe4HynnvXqmmiNdLtBFBLbxiFAkM334xtGFbk8joeT9aAOZ+I37rRtLvx96y1mymX8ZRGfzVyPxrsK4/4hnz7DRNMHL3+tWkeO+1H81j+CxmuwoAKKKKACiiigAooooAKKKKACiiigAooooAKKKKACiiigAooooAKKKKACiiigAooooAKKKKACiiigAooooAKKKKACiiigDjdVX+1PiloVg/MOmWU2pMp6GRiIY/yBkIrsiMjB6Vx9v8vxivw3V9Btyn0E8uf1I/OuvdgiMxzgDJwMmgD588XYutT8WaZbKFGnz3eoyheAi/YooIxx0yZGx/uGsvUdGnsNQumk0zRbfy3utpiuJMqVubdfkyoyRuwo9Gbp39dg8e+Cbu5MKQTl9QmMDl9ImAmkHDKxMeCQF5z0C89KcfH/gK+EEjzLKjyKYpJNMm272YbSGMeAScc59KAOZ+IOn3OqeLLm08N+dqF3PbRDXbFWUILaNt6IJD9yR8sAvcEkgdTN4q0/wfqd94ZZNH02HVNQ1e3lu7Sa3jW6KOjswlT73pnPFej3+p6fo13aC4Xyn1K5Fusqx8NLtO0O3uF2jPfArI/wCEk8PmeW/azP2yLU/7JRvs6maSbIGEI5K4JOcjAB9KAN/T9NsdJs1s9Os4LS2UkrDBGEQEnJ4HFcx8S0MHhRdajH+kaNdw38ZA7I4Dj6FGcV2Ncx8RnRPht4kL4x/Z8w/EqQP1xQB0wIYAg5B5BFcj8T0b/hX2pTopJtWhu8D0imSQ/oprptOV00y0ST76woGz64Gade2cOoWFzZXK7oLiJopF9VYEEfkaAJUdZY1kRgyMAykdCDXFeOtd1C0zawNPpmm26JdajrGANkW7iKEfxSuRt9gfUirXw/vpzokmhX7f8TPQ3+wz56uij91J9HTac+uax/iRo89xqvh3UptSnNnFrFhFHp6gCIu043O/djjAAPA59aAI9S8TW8moztF8T9P0td3/AB4z20BkgPdG3HduBzkHkHitmz8W2Wn+F01GXXYvEESXkdtPfWqxqsXmOqgsFOAF3rnvg074j2lsPh14jl+zxeZ9gmO/YM52nnNWta0qw1DwLdaTM1vaxXtmYQzEIocp8p+oIB/CgDlPFGt6payeOBBfzxizOmfZ9rkeVvYB9vpnvXeQa3Dc+JL3RY4pDLZ28U8svGwGQsFT1zhCfoRXkGsXmNM8ZJfXlq98YdGEpimDK8ild5U9xnNel+ErMW11rF3dX1nc6jqV69w4t5Q4SFcJEvrwgXPHVjQB09cf4HP2nVPF2oj7s+svEh9RFHHGT/30rD8K1/FWvJ4c8O3Wo7fMnAEdtCOs0zHbGgHfLEfhk03whojeHfCthpsr+ZcRx77iT+/M5LSN+LMaANuuP8AHyf8AhJbBuJLbXbo7e+2QiVT+T/pXYVxd03/CN/EqK7f5dP8AEUSW0j9ku4gfLz6b0JUe6CgDrb1LmSxuEs5UiumjYQyOu5VfHykjuAccV5/pnibWb5/DOssk5jaaTSNasY0LCC5zgSYHQB0wT2Vx713OsWSahpksEl9dWMfDNcW03lOgBz97sOOfauA8L6GfEqX15BrvieLSVnMdjcnVWzdKPvyBdvC7sgHPOCeKAN7wnqd7r/iTxDqn2iT+x4Zl0+xi/gYxZ82UeuXO0H0WvP8AV/GHiQXXjF4de0mEWtrFNB9jvfNIKo7ARK6lTnHz9Mdq6DwBpNppeqz6NJfazY32jszjTpL8yW0sDE7ZUG0blOeemG615vZG58UjV49G0q2mu59LEDQmxSKXMk1wY3jJZFVfLaLL4OVx3oA6mLxz4k0mPXGj1fz5be4ZLe012yImZVEPAMRRQxacZBycbTxzn26vncaVrlzqWo2sHhiQWui60msuss0lzKdkcQMCyHPmMwGcZONuP7tfQ4O5QRnnnkYoA5DxUftPjXwXYDqLue8b2WOBlz/31Io/Guwri/Djf8JF431bxIp3WNon9lWDdn2tunkHsXAUHvsrtKAOP8RH7N8RfB123EcgvLMt23PGrqP/ACEa7Cua8daVdal4aaXTk36np00d/ZL/AHpYju2/8CXcv/Aq1tE1e117RbPVbJt1vdRCRc9R6g+4OQfcUAcTqmseLoviZYWVvBpv2R7a5ZImvnCyIHjG9x5fDgHgcjk81yd34k8RDw3eaivinU0vltL2+jjWC28lVhufJCcx7uhB69jU+veH9KuviVqOpad4ZsdUsNKgT+1bdYsySzTOzuydmkRQrEHsxHBIqla2EWq61N4ds7xZtKvLW70qPVdny+a0kl1KUXOHC5RM5GSCc0Ad18RPEupaHf8Ah2CysbqRLjUoVMkNzFGJjh8wYZgecA5Py9Oc1xeo674wub3XktNd1ByLY2iC20OYqlwpcMisjFUYEqPMUtnjj5RnY8c6bbeMbrw1q8k/2nRLq6t4bFE3RsRKJDI5zghiFj2ntg+tee6zaS6TrM0M2jz3Equ13qklxBp15JEjnG55PLbYS5B+Y8DccY6AHu/gW/u9U8LwX13qg1EysyrL9jNsy7DsZWUsSSGVuTj6Vqa7eppvh/Ur+QgJbWsspJ9FUn+lYXw3s307wbbWP2OS3hieRoWeeGXzVdzJuBh+QDLkADsKg8eyHVjp3g+3YmbV5Q11t6x2cZDSsfTdwg9dx9KANPwJZPp/gHQLWQYkjsId49GKAkfma1tUvk0vSL3UJBlLWB5mHsqlv6VaACqFUAADAA7Vz/jxXf4e+JFT7x0y5xjv+7agCH4e6e2n+BNKE3Nzcw/bLhj1aWU+YxP4tj8KyPiTYXWqz+H7WDQb7VYob03M6W0ohG0RuoBkLrtO51PXoDXX6G6P4f014/uNaxFcemwYpuuazbeH9Hm1O8WRoISgYRAFvmYKMAkd2FAHjHhGxt9cGhaDc6NbtNBd38sh+1Ss9rZ+c4YMUZfmaUBQctkITXd+CrLTtOufEOhyabBb6ha3Infazus8RyYJRvZjkAbTzwy1t6lrnh/wvb6pceVGkljAlxdR2sIDhHdtp7A5beevXJ71uSrbwebdyIikR4kl287FycE9cDJOPc0AeKWviLRdN8GfDwy6pawalp0lvcPFJJtb7O6tHIef9ls477a6PwL4z8O6r4t8QXS6tbm/1S+EFpbgnc8EKbUI47nzG/GtuD4i+DrSwQWU84tI48oLXS7gxqmM8bY8AY/CtbRPFMGu3LRW+mavBGI963F5YvBG/I4BbBJ5z0oA3a47wiP7O8WeLdEXiFLqLUIV9BcJlgPbejn8a7GuP0/5/i5rhT7qaTZq/wDvGSYj9KAOwooooAKKKKACiiigAooooAKKKKACiiigAooooAKKKKACiiigAqK6tor20mtbhA8M0bRyKf4lIwR+RqWigDj/AIf3ksGmT+GL6QnUtCcWrbussH/LGUexTA+qmq/jfT7WHVfD2oRwhbq51yzjlkyfmVBLtGOgxvbp61f8UaDfSXtv4i8PlF1yzQx+U7bY72HOTC57c8q3Y+xNS6Tqui+NbWGRoSLvT7hZZLK4yk1pOuQNy+2Tg9DQBxHjfQ72xj0eOw8TLb2Da9a/Z7KKzgC2xaXIYHGTtJJ54PetvxhFcp4C/sW71Y6te6pewWUcvlJGX3yKWXCcYCK5z7VtN8O/BruXbwxpRZjkk2q8n8qvWPhPw/pixrY6NZW6xymZBFCF2uUKFuO5UkfSgDyTX9O0ifxJrNpcaZDd6zc60LgyCAXD2+npHE0jlQDjO2RVBGSW45rtfhtDpKXfiSbQBbjR5ryJrUQMNoHkIG+Xqp3hsggHNdZo3h/SPD1sbfSNOtrKNuWEKAFz6serH3NUtTHhrwtLdeJ72G1s7h4/KluVTEk3OQuBy7EgYHJoAd4v15vD3h2e6gj86+lIt7KAcma4fhFH48n2BqXwtoi+HPDGn6SH8x4Iv3sn/PSRjudvxYsfxrD0LTdQ8Ra4ninXrZ7WOFSuk6bL963U9ZpB/wA9WHGP4Rx1JrtKACs3X9DtPEei3GmXobyph8rocPG45V1PZgcEH2rSooA4XTtSivseDfHEEL6kpVoXlXEOpKjBlkTtuBALJ2PqDXVXGh6Xd6tbarc2ME19aqUgnkXLRA9dueh9+tJrWhab4h09rHVLVJ4Sdy54ZGHRlYcqw9RzXOLp/jTw58mm3tv4hsF+7BqTmG6QegmAKv8AVlB96ANxPCugx6+ddTSrYaoSSbrZ8+SNpP1xxnrikvvCmg6ncSz3+l29y8sqTSecu9XdFKqSp4OAcdKyB431C3+TUPBPiKKUdfs8cVwn4Mj/ANKD401W6+TTPA+vSyet55Vqn5s5P6UAdBquhaVrliLLU7CC6t1IKJIn3COhU9VPuMVzGuazc+JLybwr4Ym24/d6nqcfKWSHqiHoZiOAP4eppzaH4r8Sjb4g1OLSdPb71hpDsZJB6POwBA9QgGfWup0vSrDRNPisNMtIrW0iGEiiXAHv7n3PJoAXTNNtNH0y206xhWG1toxHEi9gP6+/erdFFABXB3Ql+Hus3WpRxPJ4Vv5PNu44lLHT5j96UKOsTdWA+6eema7ykIDAggEHgg0AYum6H4ddbzUtNtLRxqylri5hO77QrZJ+YHocnp61V/4V54M+yfZv+EW0fy9nl5+xpvxjH38bs++c981Tm8F3WkXUt74O1IaW0jF5dOmQyWUrHqQgIMZPqhH0oHifxRpw26v4MuZ8cGfSLmOdW9wjlHH5GgDoo9E0yK7iuksovtEVt9kSQjLLDnOzJ7cCsWT4a+C5ZGkbwzpoZjk7IQo/IVB/wnkrcReDfFLv2U2SIPzZwKab3x3rX7u10uy8PQN1uL2YXU4HqsafID/vMfpQBNdT+HPh1pXkabp8cc13Lm306zX97dTEAYUfgMnoB1qbwpoF5Zy3et620cmu6jtM3l8pbRj7kCH+6ueT3JJ9Kl0HwhYaJdSahJLPqOrzLtm1G8YPKw/ur2Rf9lQB9a6GgAooooA5rxZ4futSFpqujyRwa7prF7WR/uSqfvwv/sMPyOD2qx4b8U2fiOCVFR7TUrY7LzT5+Jbd/Qjuvow4IrdrA1/wlYa9NFeb57HVIARBqFm+yaP2J6Mv+y2RQBv0VxouvHeifu7jT7HxHbr92e1lFpcEerRv8hP+6w+lO/4TyZPlm8G+KUfuq2SOPwKuRQB2FRzzw20Dz3EqRQxqWeSRgqqB1JJ6CuSPinxNqA26R4KvIs8CbVrmO3Rfcqpdj+VNTwXea3Olz4y1NdSVGDpplshjskI6blJLSkerHHtQBViMnxG1S3ujG0fhKxmEsPmLg6nMp+VsH/lip5GfvHHYV3tIqqiKiKFVRgADAApaACuL8YN/wj/iDSPF4yLWDNhqRH8NvIRtkPskgUn2Y12lRXVrBe2k1rcxLLBMhjkjcZDKRgg/hQBICGUMpBBGQR3pa4PTtRn8A3cWh65M76C7CPTNVkOREO0E57EdFc8EccEV3YIYAggg8gigBaKKKACiiuM1/wASXmp38vhnwo4fU/u3l+BmLTkPUk9DJj7qevJwKAEtm/4Sb4kvdoN2neHI3t437PeSACTHrsT5T7ua7Ss7QtEs/D2j2+mWCFYYV+8xyzseWdj3YnJJ960aACiiigAooooAKKKKACiiigAooooAKKKKACiiigAooooAKKKKACiiigAooooAKKKKACiiigAooooAKKKKACiiigAooooA43xG39j+PfDeuN8tvdCTSLluwMmHi/8AH0K/8CFdlWX4i0O38SaBd6TdMyJcJhZE+9E4OVdfdWAI+lZfhLX7nU7W40fViLfxDpw8q7QD/WDos6A9UYc+xyDQB5ZpJlk8X6fCsuruDrurBYpIALQEpcf6t9uS3qNx78VsHULy5+Fuk+F18Oa8uoRrZQsXsWEYaKWNn+b0ARvyq5qPw21bT59Ku7DUr7WJba8uL17eedLaESskjAgIARulZQeTwSOma2ZfA97aeB7SGynWTxLYznUo7pjgTXbEtICf7rhmT6EelAGd440qPWPEclnE0dhI0aGXU7jW5Ili448u2SQbnA5y20dDzXG6J4WtIjq9zZ67a6lHDqcyLa3esT2ryBcDeJUcDeeckoQf72K9F8R+G9U8RanLDFoXh+zikRBLq91Et1cH5RkIhTGR0BZscZx2rOb4SWGhmC48M2mmSyJCsU9rq9uJ4rkgcPuwWjfrkqMH+7QB3PhxYU8O2IgjaOPygfLe6+0lCeSpkyd5ByM5PSsH4iH7fYaZ4aj5l1q+ihdR1ECMJJW+m1cf8CFbWmzx6R4XS41Kys9Eit42eaCGRTDAASSQwAGD16d6xPCsFx4g1u48ZX8LwxSxfZ9Jt5Vw0dtnJkYdmkOD7KAKAOzooooA5LxPo1/bapB4q8PxCXU7ZPKurTdtF/b5zsz0DqeVP1HQ1e0/UNB8caZBcxYuEt7hJjDJlJLeeM5AdeqspHQ/qK365rWvBttqGof2vpt3Po+tBQv220x+9A6LKh+WQfXn0IoAua14U0PxFLFJq+npdtENqh2YDGc4IBwRn1q5qWj6ZrNsltqenWl7AjB1iuYVkVWAIyAwIzgkfjXNLqvjjSPk1Hw/a61Ev/LzpdwInI9TFKRz9GNO/wCE9kHDeDvFQf8Au/YVP6h8frQBf/4QLwf/ANCron/gvi/+Jpw0vwn4Pgn1dNO0nSEjjIluYrdITs4OMgAnJA47kCs0+IfF+p/LpPhE2St0udZukQL/ANs4yzH8x9afZeCTc38OqeKdRbW7+Ft8MTRiO1tm9Y4ufm/2mJP0oAr6Pa3ni/XbfxNqlvJbaZaZOkWMy4diRg3Eg7MRwq9gc9TXbUUUAFZuv6HaeI9FuNMvQ3lTD5XQ4eNxyrqezA4IPtWlRQBxGlauLgP4M8aRxHUnjMaPIuIdTi6b0/2sfeTqDyOOnaRRRwQpDDGscUahURBgKBwAB2FUda0LTfEOntY6papPCTuXPDIw6MrDlWHqOa5xdP8AGnhz5NNvbfxDYL92DUnMN0g9BMAVf6soPvQB1M+l2FzepezWkMl0kTQrKyAsEbG5c+hxWbeeC/DWo2lra3uh2NxFaRLDbiSEMYkUYCqx5A49azB431C3+TUPBPiKKUdfs8cVwn4Mj/0oPjTVbr5NM8D69LJ63nlWqfmzk/pQBKfhp4OIx/YVvj0Dvj+dU9c1m58SXs3hXwxNtI+TU9Tj5SzQ9UQ9DMRwB/D1NObQ/FfiUbfEGpxaTp7fesNIdjJIPR52AIHqEAz611Ol6VYaJp8VhplpFa2kQwkUS4A9/c+55NAC6Zptpo+mW2nWMKw2ttGI4kXsB/X371boooAK4O6Evw91m61KOJ5PCt/J5t3HEpY6fMfvShR1ibqwH3Tz0zXeUhAYEEAg8EGgDGt9F8P3+g3Fta2trNpeps88wiOUuC5yzEg85NLf+E/D+p6ZbabeaRaSWVqcwQeWFWLjHygYxwax5vBd1pF1Le+DtSGltIxeXTpkMllKx6kICDGT6oR9KB4n8UacNur+DLmfHBn0i5jnVvcI5Rx+RoA6KTRNMltLK0azi+z2Lo9tEo2rEUBC4A9ASMUmlaFpWh2Rs9M0+3tbdjl0iQDefVu7H3Oa5/8A4TyVuIvBvil37KbJEH5s4FNN7471r93a6XZeHoG63F7MLqcD1WNPkB/3mP0oAsX154f+H+nvHY2KJcXsxa306zX95czEAYROw4GTwB1qTwpoF5Zy3et620cmu6jtM3l8pbRj7kCH+6ueT3JJ9Kl0HwhYaJdSahJLPqOrzLtm1G8YPKw/ur2Rf9lQB9a6GgAqG7to72zntZhmKaNo3HqpGD/OpqKAOS+HF3JJ4Ot9NuWze6O7abcj0aI7QfxTY341hfFqyv59O+0jcNNt7UrJh+Gle5ttoK55+VX57fjWjrm7wb4qPihFY6NqASDV1UZ8hl4jucemDtb22ntWt410248Q+C7qz0wJNLcGF4vnAVgJUYnPToCaAPGfF2g6LoGg+JrbW9RurrWkCRacE+0BEtVC+UrlfkY4LZ3E16dpEnhW28KeILrw6920CWztcG5e5YjajEY885HGelN8a2HjLxFo2q6HaaTpK2lyDHHcyag4fbuBBKeXgHjpmrGrWni7xJ4b1HSb2w07TvtYjgMtvetMfJZwJuDGvOzdj1zQB5ff6fqQ8FT6TaT6mEstAtbi9nuNbkSCJZIzlRAEO5QEYbQfQYruvA8Fynic2N6NXtpLSyju4opNbe6hkjk3oAUKLjG0nB6cVLceCdU1/XLv7fFbaXocphhnt4JzNLfRQM3lqxICxodxJAyT0JrU0bRPEOleMHu76W11W2uLYWx1AnyJ4kQsyq8YGx+XI3LtPqKAOyrjfAx/tO/8R+JRzFqN95Ns3ZoIF8tWHsWEh/GneMdWubuVPCWhy/8AE31BP38q8/YrY8PK3oSMhR3J9q6bTdOttI0u106yjEdtbRLFEo7KBgfjQBaooooAKKKKACiiigAooooAKKKKACiiigAooooAKKKKACiiigAooooAK57XfB+na3dJqCvPp+rxLti1Gyfy5lH90no6/wCywIroaKAONEnj/R/ke30vxFAOBJHIbK4I/wBpSGQn6Fad/wAJb4hX5X8A6uJPRbq2Zf8AvrzK7CigDjjqHj3VPktdD03RUPWa/u/tLj6RxcZ+r4qzpXgm2t9Rj1fWb2fW9Xj5jubsAJB/1yiHyp9eT711FFABRRRQAUUUUAFFFFABRRRQAUUUUAFFFFABRRRQAUUUUAFFFFABRRRQAUUUUAFFFFABRRRQAUUUUAFFFFABRRRQBDdWtvfWstrdwRz28qlZIpVDKw9CD1rkV8I6z4e/5FDWVhtB00rU1aa3X2jcHfGPbJHtXaUUAccPEfi+0G2+8EPORwZdO1GKRW9wsmxhSnxR4pn4s/Ad6D/evL+CJR9drMfyFdhRQBxbaD4s8Qjbr+tQ6bYt96y0XcHcejzt8312hfrXTaTo+naFp8dhpdpFa2qciOMdz1JPUk+p5q9VXUtRs9I0641C/uEt7S3QvLK5wFA/z070AWq5fUPiD4dsrx7GG6l1K+Xg2umwNcyA++wEL+JFYzQX/jKD+0vENzLonhglfJ04y+TLdKSArXD5BUMSMRgjqMnPFdjbWmk+HNMEVtDaadYxYGFCxIMkAZ6DJOPqaAOf/wCE11OT5oPA3iJo/WRYIz/3yZc0h+Ithac6zo+u6PH3mvLFjEPq8ZdR+JFdjVdL60kt5bhLqBoIiwklWQFUK/eyegxg59MUAN0/UrHVrNLzTryC7tn+7LBIHU/iO9Wq5DUPBVlcTHWfDF0NH1WRQ63NoAYbkdQJYx8rqfXr3Bq14a8US6ldT6PrFoun69aKGmtw25JU6CWJj95CfxB4NAHS0UUUAFFFFABRRRQAUUUUAFFFVdS1G00jTbjUb+dYLS3QySyN0VR/P6UAWqK8+b4qwwWsepXnhjX7XRJCMajLbrsVScB2UMWCnIwcd6u+L/HZ8NyafLb2N3d2LMs17cRWUssaWrBsyLIvygqQpIP8P4UAdpRXn0vj7VrnWLi10vSdPe2W5htYJL29eF5pJIBMF2CJsHaT1PatnSvGtjN4Et/FOstDplu6M0gaTcFIYrgHALE44AGTQB1FFeVr8WdSs9NutX1Tw8iac8gayEd9AJjEQNodDJuMh5O0KMdOcZrv9P1tL/QhqQiEcgg82S281WaM4ztYqSAaANWivN4PiL4luINDmj8G25XWxmz/AOJuMn92ZPm/dcfKDWr4Y8WeIvERhuH8LQWuntNLDJP/AGmHZDG7I3yeWM/MpHWgDs6K8r1f4sX+k+JH0Z9P0FpFlWPzDrYCruZ1+f8Ad/KRsO4fw5HrWzrfi3xXomhXOtSeHdKmsbeATs8WrMSy4BO39zg9eOeaAO7oo7UUAFFFFABRRWbr2u2PhzSpNR1B2ESkIiIu55XPCoi/xMTwBQBosyojO7BVUZJJwAK5O4+I2gC5e201rvWblDh49KtmuNp93UbB+LVTt/DOpeLmW/8AGLPHZsd0GgxSYijHYzsOZH9vuj0NdpbWtvZW6W9pBFBAgwkcSBVUewHAoA5T/hNNVb5k8C+ITH6t9nVv++fNoHxI0e3cLrNnq2h7jgPqVkyRk/8AXRdyf+PV2FI6LIjI6hlYYKkZBHpQBHbXNveW6XFrPFPBIMpLE4ZWHqCODWJ4k8LprbW99aXT6frVnk2l/EoLJnqjr0dD3U/pWZfeCpNKnk1TwZMml3xO+SyOfsd2fR4x9wn++uCPetbwz4mh8QwTxyW8llqdm4jvbGU/PA/bn+JT1DDgigDHi8cXGhutp41sG02QHaupQK0llN77xzGT/dfH1NdbZahZalAJ7G7t7qE9JIJA6n8QcVOyq6lWUMrDBBGQRXMXnw58IX1wZ5NBtYpj1ktt0DH8YytAHUEgDJOAK5nVfHvh/TLj7HHdHUdRb7lhpy/aJmP0XhfqxAqr/wAKu8Hk/vdKknH924vZ5V/J3Iro9N0fTNGt/I0vT7Wyi7pbwrGD9cDmgDlodB1fxddw33i2KO102FhJbaJG+8Fgch7hhw5HUIPlHfNdtRRQAUUUUAFFFFABRRRQAUUUUAFFFFABRRRQAUUUUAFFFFABRRRQAUUUUAFFFFABRRRQAUUUUAFFFFABRRRQA2SNJonilRXjdSrIwyGB6gjuK4caXrngZ2bQIG1bw8SWOlFwJ7TPXyGY4Zf9g9OxruqKAOe0fxx4e1qQwQagkF6vD2V2DBcIfQxvg/lkV0NZ2reH9H12IR6tpdpeqBgfaIVcr9CRkfhWB/wq7wgOI9NniX+5Df3Ea/ksgFAHSajq+m6RbmfUr+2s4gM77iVUH6muUfxdqfibNt4LsmeFuG1m+iZLaMesanDSt6YAX3rS0/4feEtMuBcW2g2ZnHSWZPOcfRnyRXS0AYvhzw1aeHLWVY5JLm9uX828vZzmW5k9WPYDoFHAHStqiigAooooAKKKKACiiigAooooAKKKKACiiigAooooAKKKKACiiigAooooAKKKKACiiigAooooAKKKiuLiK1hMsrYUce5PoPek2krsErktFZZudQn5RYrZD0Dje/48gCj/AImP/P7H/wB+P/r1z/WY9EzT2bNSisv/AImP/P7H/wB+P/r0f8TH/n9j/wC/H/16PrK/lf4f5h7N9zUorL/4mP8Az+x/9+P/AK9H/Ex/5/Y/+/H/ANej6yv5X+H+Yezfc1KKy/8AiY/8/sf/AH4/+vR/xMf+f2P/AL8f/Xo+sr+V/h/mHs33NSisv/iY/wDP7H/34/8Ar0f8TH/n9j/78f8A16PrK/lf4f5h7N9zUorL/wCJj/z+x/8Afj/69H/Ex/5/Y/8Avx/9ej6yv5X+H+Yezfc1KKy/+Jj/AM/sf/fj/wCvR/xMf+f2P/vx/wDXo+sr+V/h/mHs33NSisv/AImP/P7H/wB+P/r0f8TH/n9j/wC/H/16PrK/lf4f5h7N9zUorL/4mP8Az+x/9+P/AK9H/Ex/5/Y/+/H/ANej6yv5X+H+Yezfc1KKy/8AiY/8/sf/AH4/+vR/xMf+f2P/AL8f/Xo+sr+V/h/mHs33NSisv/iY/wDP7H/34/8Ar0f8TH/n9j/78f8A16PrK/lf4f5h7N9zUorL/wCJj/z+x/8Afj/69H/Ex/5/Y/8Avx/9ej6yv5X+H+Yezfc1KKy/+Jj/AM/sf/fj/wCvR/xMf+f2P/vx/wDXo+sr+V/h/mHs33NSisv/AImP/P7H/wB+P/r0f8TH/n9j/wC/H/16PrK/lf4f5h7N9zUorL/4mP8Az+x/9+P/AK9GdRHIu4mPoYcD+dH1mPZ/h/mHs33NSis+DUHEywXkYjdjhHU5Rz6ex9jWhW0KkZq8SHFrcKKKKsQVw8sX/CaeN5IJQH0Lw/IA8Z+7c3uAcH1WIEcf3m9q67U71NM0q8v5BmO2geZvoqkn+VYPw8sHsfAumNPzdXkf225bu0sx8xiffLY/CgDH+L8N83gt7i31SOztYp7fz0eAPvJuItrbiRtCnn36cVyHjfUodQ0qaxg8Ya3qd/PFBOtrZadm3mQOmZFKxN8vG775GePauq+LGmaXqGnWCT2stzq73MKWKKkjjHnxGTIHyD5M8t2zjvTfF11e6hrtpH4Ns7h/EOlM0TXDwmOzjiYDfFIzYDZwpAXJBAPHNAESao83gPxPe6N4u1O5ltoyklxqlnsazKLufagjjO7Y2RnPIX3rj7WHWIoLDS7KR7RTpl3bR2cmlz20d1E0Zd2LvIwaTdhgdoyWOTiunhmgj+EnifSGtNRt9Yh065m1FL2Eh5ZpEctIHHyOGYHG0ngAdq5p/D9zaa9a2UUFlLdDRr1pEsLa4BUPb4Tc0jspyTgBcc0AdF4G8tNQ8Ox29t4ourhbYrdy6mbmKC0AhxhVYCNsthQMHjntXZeMtBn1Oyi1PSsR69phM9jL03H+KJvVHHykfQ9q4zwPeQLqHh23t9T8S6ndNb7LqG5EkNtZKsJ6r5Sq3zAKMknJzmvWaAM3w/rVv4i0Cy1a2DLFdRh9jdUboyn3VgQfcVpVxvg9f7N8UeLNDXiGK7jv4B02rcJlgPbzEf8AOuyoAKKKKACiiigAooooAK4L4xRl/h3cuyM9tFc28l0iru3RCVd3Hp3/AArvao6jd2EapZXuyT7YfJEDAN5gbg5B/h55zTSb2BuxS17WdEsPCN3quomG40cWxd1wrrOhHCgHht2QAOhzXnvj278Q6nbeHNP0bSraz0K6ntFEF4dn2hipkWBkTOxFEYDe5AHAOeqtfhV4NtLyO4j0osIpPNigluJZIY29RGzFf0rd1vRF1qXSnacxf2ffpegBc7yquu3rx9/r7UgPL9UuJ9J8Yafc69amx+367BqAjSQTbFWzWA5K9hNIqZIGevStDV/D8enfAW6tdesIDeWFpcPGJAsnkysXCspGRn5x09a3pvhrbXtrqUmoate3er33l51JwoeBY5FkRI0xtVQygkY5PX2mHw/jl0x7O91e7uzc6ompX0joi/aioUCMhQAE+ROB/d96APILyXTBrnh0Y8GbQJhJs8PzKn+q/wCWq7svz0xjB5rufh48DyeNzbf2b5e2HH9m2jW0H+pPSNiSD6+p5r0DVtBGp6pp2opdvb3GnifySqBhukj2ZIPp1xVTRfC8unNq89/qkl/eaoV8+byViAVU2KFUcDigDjvh/Hc65L4UmNrNFp2gaNGFlkQqJrmaJB8meqrHnkd3q34Zvdf0z7H4eh0O+iddYunvLueD/R/szSSybkfPJO5APxrUsfAF3pthb2Nn408QRW1vGsUUYNuQqgYA5i9Kv2XhXULS9huJPGGuXSRuGaCbyNkgHY4iBx9CKAPEdSbTnuvF8082mxXlvqd0sEVyrEzAS3W85VDg4lQDPdO1dpo2l6j4z8Navaah4ovbPSLZYrRraGCHb5QtonOWKFurHvXTyfDVJINViXxLrcK6hcXE7RQThIk85mYjZg5HzevPtTP+Fb3ENveWlh4q1Gys75EW6gihhIciJYiQzKWXKoOh4oA7a1uYL2zgu7WVZbeeNZIpFOQ6sMgj2INTVXsbOHTtPtrG3UrBbRLDGD2VQAP0FWKACiiigArh9Ci/4TDxTP4muQH0zT5HtNHjP3WZTtluPckgop7BT61r+OtUl0bwNrF9bki4S2ZISOokf5E/8eYVoaDpMOg+H9P0qAAR2lukII74GCfxOT+NAGjRXEeOfGNz4d1TQrW1s9SkFxfRrcPBZmVZYikmY1P9/KqcDnAqn4l8beIbC40tLTwvqUMc2pxwF3e3P2lCG+RQXypbAOTjGOSKAPQ6K4vX/Gt/pHg+fU5fD97a6i832a0tJgspZyMh2MRYBByT3+UjuK5fVPiVqen6Hc2iLdSXyWUMlrqUthJbpdTB1EyBZUUA4ORjIweuaAPXK43xrYzaZJF4y0qJjf6av+lxR9bu0zmSM+pX7y+hHvWho+t6xdaybLV9NsdNLW7TQwLfefO4DKCxUIFCjcBwTyR610LKrqVZQykYIIyCKAIrS6hvrOC7tpBJBPGssbjoysMg/kamrj/hwTa6Hf6IzEjRtSnsYyevlBt8f/jjqPwrsKACiiigAorP1LVo9PKRLG091L/q4EPJHqT2HvWabjXJvmNzaWw7IkJkx9SSP5VpGm2rkuaWh0VFc7u1r/oKQf8AgIP/AIqjdrX/AEFIP/AQf/FU/ZPuT7RdjoqK53drX/QUg/8AAQf/ABVG7Wv+gpB/4CD/AOKo9k+4e0XY6Kiud3a1/wBBSD/wEH/xVG7Wv+gpB/4CD/4qj2T7h7RdjoqK53drX/QUg/8AAQf/ABVG7Wv+gpB/4CD/AOKo9k+4e0XY6Kiud3a1/wBBSD/wEH/xVG7Wv+gpB/4CD/4qj2T7h7RdjoqK53drX/QUg/8AAQf/ABVG7Wv+gpB/4CD/AOKo9k+4e0XY6Kiud3a1/wBBSD/wEH/xVG7Wv+gpB/4CD/4qj2T7h7RdjoqK53drX/QUg/8AAQf/ABVG7Wv+gpB/4CD/AOKo9k+4e0XY6Kiud3a1/wBBSD/wEH/xVG7Wv+gpB/4CD/4qj2T7h7RdjoqK53drX/QUg/8AAQf/ABVG7Wv+gpB/4CD/AOKo9k+4e0XY6Kiud3a1/wBBSD/wEH/xVG7Wv+gpB/4CD/4qj2T7h7RdjoqK53drX/QUg/8AAQf/ABVG7Wv+gpB/4CD/AOKo9k+4e0XY6Kiud3a1/wBBSD/wEH/xVG7Wv+gpB/4CD/4qj2T7h7RdjoqK53drX/QUg/8AAQf/ABVG7Wv+gpB/4CD/AOKo9k+4e0XY6Kiud3a1/wBBSD/wEH/xVG7Wv+gpB/4CD/4qj2T7h7RdjoqK50XeuW53eZaXi90MZiY/Q5I/MVq6bqkOpRMUDRyxnbLC4wyH39veplTcVcpTTLtFFFQUFFFFABRRRQAUUUUAFFFFABRRRQAUUUUAFFFFABRRRQAUUUUAFFFFABRRRQAUUUUAFFFFABRRRQAUUUUAFZUv+k6s+7lLZQFH+0Rkn8sVq1lRf8hC/wD+ui/+gCubFP3UvM0pbssUUUVymoUUUUAFFFFABRRRQAUUUUAFFFFABRRRQAUUUUAFFFFABRRRQAUUUUAFFFFABRRRQAUUUUAFFFFAEc8KXELROOGH5H1qbTZ3uLCN5DmQZR/qDg/yptN0j/j1k/67yf8AoRrWg7VPkTP4S/RRRXcYHPePVdvh54kCfeOl3PT/AK5tWlobI2gaa0f3DaxFcem0YqxeWsd9Y3FpMMxTxtE4/wBlhg/zrm/hxdyTeC7SxuT/AKbpTNptyPR4TsH5qFb/AIFQBq614hs9B8j7XDfyedu2/ZLKW4xjGc+Wpx179efSsH/hafhn11T/AF32f/kFXH+t/ufc+97dap/FS8tY9P0m3m1Gzt3F8tw9vc6i1l9oiVHDKJFyerLXjdlPo96blQukwiDWjc7p/E8yCSMY+RPl5HOBL1NAH0doviGz13z/ALJDfx+Tt3fa7KW3znOMeYoz07dOPWpNY1q20RLJrlJWF5eRWcflgHDyHCk5I49f5VwfgSKx1rwv4g0hb6xujPdNPHbQapLdi3jZECK0uVfG9GPGK4bxXaaNb6dpGnr4duovFQ1SFJdP+2TtHKqtgsrs+BG5ICtwckjqpoA9z0XxBYa8tyLR3Wa0lMNxbzIUliYf3lPIBHIPQitSvM/h1o2m32rXHifTNJGn6aQYbQS3MslxK65V3kBkKqOqhSCeM8dK9MoA821K81ux+Ker3mi2EF/FBpVp9tti5WVx5kxHlHoXxng4z6iu90rVLXWtLt9RspC9tcJuQlSp9CCDyCDkEdiK5nwQf7T1TxL4jH+pv74W9sw6PDbr5YYexfzDU+jKdG8baro6kfZL6IapbJ/cctsnA9txRvq5oA6uiiigAooooAKKCQBknArnbzV59Ska10lwkIO2W96j3EfqffoKqMHJ6EykkWtS1oxTGx09VnvsfMD9yEern+nWsaWy8i7sJ5pDPdy3sXmTMOT14A7D2rRtLOGyh8qFMDOWJ5LH1J7mq2qP5X2KYq7JFdo7bFLEAZzwK6YpR0RjJt6s6misf/hJtP8A7t3/AOAsn+FH/CTad6XX/gLJ/hXP7OfY2549zYorH/4SfTv+nr/wFk/wo/4SfTfW5/8AAaT/AAo9nPsHPHubFFY//CT6Z/euf/AaT/4mj/hJ9M/v3H/gNJ/8TR7OfYOePc2KKx/+En0v+/cf+A0n/wATR/wk+l/89J//AAGk/wDiaPZz7Bzx7mxRWP8A8JPpX/PWf/wGk/8AiaP+En0n/ntN/wCA0n/xNHs59g549zYorHPijSAMmeUAf9O0n/xNasUqTQpLGdyOoZTjGQeRScZLdDUk9h9FFc940vbi18PG2spTFfahNHY28g6o0jBSw/3V3N/wGpGcZ481+/1zQrltOtYP+Edtb+1jubyZmDzstzGCIVHBUNjLHg4OM9a9Urm9f8MQ3Xw9vfDdgnloLEwWyjsyr8n/AI8BV3wtrK+IfC+m6qvDXMCtIuMbZBw6/UMGH4UAcf8AEi31y81vwxbwXdtZac+rRLHcRKXuVmMU2SAw2BQufU5I6Y5wfHOn6Z4a8RfbvEN3rl5pt2gksFj1KUNFepn5QoYBd4Iww4UgjgGvTr/w5Zanrdhqt1LdPJYnfBAJyIQ+GAcp0LYcjNVLfwPoMd1dXd1aNqN1dBkkm1FzcNsY/cXdkKvOMAD8aAON8RafqWgfBKO21G+nnv8Az7ZriWSeSQgvcoSm4EuVAO3g5IHFcXPdRQDxEkVvFPbnR491sFvFRy1yi5xOQ27B4KkAcV7HF4H0mDRH0eKS9WxNzFcxxNcM4hMbq6om7O1MoOPc0l74E0jUrrVLi/e9uX1GEQSCS4bEUYbeFjx90bsH6igDH8G6fHY+I5nn8Pz6ZdS2pEUmoa19suZIw65UJubamSCSD1xntXfVgaP4RsNG1NtSW61G8vDCYFmvrx5ykZIYqu48ZKgn6VtzzxW1vLcTuI4okLu7dFUDJJ/CgDk/B/zeKfGrp/q/7UjA/wB4W8W6uwrkfhzFK/hiTVp0Mcus3k2pFCOVWRv3Y/79hK66gAoopr/6tvoaAOY0s/ahNqcnMt05YE/wxg4VR+HP41oVn6H/AMgOz/65CtCuyW5zLYKKKKQwooooAKKKKACiiigAooooAKKKKACiiigAooooAKKKKACiiigAooooAKKKKACiiigAooooAKKKKACqNy32LUrO/TgmRYJv9pGOBn6HBq9VDWP+PFf+u8P/AKMWmtdAZ1FFFFcZ0BRRRQAUUUUAFFFFABRRRQAUUUUAFFFFABRRRQAUUUUAFFFFABRRRQAUUUUAFFFFABRRRQAUUUUAFFFFABWVF/yEL/8A66L/AOgCtWsqL/kIX/8A10X/ANAFcuK2j6/ozWluyxRRRXMaBRRRQAUUUUAFFFFABRRRQAUUUUAFFFFABRRRQAUUUUAFFFFABRRRQAUUUUAFFFFABRRRQAUUUUAFN0j/AI9ZP+u8n/oRp1N0j/j1k/67yf8AoRrSj/FXo/0Jn8JfooorvMArh9ZY+C/FbeI8EaFqYSLVcDItpR8sc/8AukfKx/3TXcUyaGK4gkgmjSSKRSjo4yrKRggjuKAMbxHLqEmnLFpekR6otyjI5N6LYIpH3g4BPOeq8159F8MfFcuitpb69Z2mlKUMWj+WbiIqpz5bzYjk2nuBXRx2Ot+A3K6RbS6z4azkWKtm6sh6RZ/1ieiE5HYmt7RfGGgeICY9P1KFrleHtZT5c8Z9GjbDD8qAKtr/AMJTeaLfWstpp+jakoVLe7gf7TC3q4QhSMDoG7+ornLjwZqFvqGm2VlYtcoNTttRv9bu7sNNcGM5IKYz7KB8oFek1XvL+z063a4vruC1gXrJPIEUfieKAMSHwsdO8UNq+k3rWdvdMz6jY7N0Vw5HEi8/I+cZI+8ByM81U8ZaxcyNF4W0ST/idakhBkXpZ2/R5m9OMhR3Yj0qCbxneeIC1p4KsjeZ+VtWuVKWcPqVJ5lYei8eprY8NeF7bw7FPKZ5b3Urtg95fz48ydu3sqjso4AoA0dK0y10XSbTTLGPy7W1iWKNe+AMc+p9TWD4qxZeIPCuqjjZftZSf7k8bL/6MWKuqrk/iSCvgPULpc77JobxGHVTFKsmfyU0AdZRQCCAQcg0UAFFFFAHLXdzca1fT2M261tIGw8GcSTe5x0T6davRxpFGscaBEUYCqMACruoaZFfhX3NFcR/6qdPvL7e49QayY7mWC4FnfoIrn+Bh9yYeqn19uorphJNWRhJNO7LdFFVry7NosO2F5nlkEaIhAJOCe5HpVCLNFU/tN//ANAa7/76j/8AiqPtN/8A9Aa8/NP/AIqj5gXKKp/ab7/oDXn5p/8AFUfar7/oDXv/AI5/8VQBcoqn9qvf+gNff+Of/FUfa7z/AKA19+Sf/FUAXKKp/a7z/oD3/wCSf/FUfbLv/oD3/wD3yn/xVAFyiqf2y7/6A+of98p/8VR9suv+gPqH/fCf/FUAO1I40u7P/TF//QTWzpoxpVmP+mCf+giudvZ7y4sbiBNIvw8kTIpKLjJGP71dLZKUsLdGBDLEoIPbgVnV+FF09yeuV1bF/wDETw9Y9Usre51FwegbCwxn/wAiSflXVVyekj7V8TPEly3P2Szs7NPbPmSt/wChrWBqdZXCwSjwN4tmtrg7PD+uT+bbykfLa3jfejY9lkxuX/ayO9d1VXUtNs9Y06fT9Qt0uLS4TZLE44Yf579qALVFcLFceIPAo+z3cF1r3h5P9VdwjzLy1Xssif8ALVR/eX5vUGul0bxNoniGLzNJ1S2u8feRH+dPZkPzKfYgUAatFFUtT1jTNFtjcanf21nCBnfPKEB+metAF2uH8VXLeKdUHgrT2YxNtk1q4Q4ENv18rP8Afk6Y7Lk0S+ItZ8XA2vhO2ls7B+JNcvIiqhe5gjbmQ+jHCj3ro/D/AIesPDWm/Y7FXO5jJNPK26WeQ9Xdu7GgDTjjSGJI40VI0AVVUYAA6AU6iigApr/6tvoadTX/ANW30NAHMaH/AMgOz/65CtCs/Q/+QHZ/9chWhXZLdnMtgooopDCiiigAooooAKKKKACiiigAooooAKKKKACiiigAooooAKKKKACiiigAooooAKKKKACiiigAooooAKoax/x4r/13h/8ARi1fqhrH/Hiv/XeH/wBGLTjuJ7HUUUUVxnSFFFFABRRRQAUUUUAFFFFABRRRQAUUUUAFFFFABRRRQAUUUUAFFFFABRRWTd+KfD2nyGO917S7Zx1Wa8jQj8CaANaisyx8SaFqcgjsNa067c9FgukkJ/AGtOgAooooAKKKKACiiigArKi/5CF//wBdF/8AQBWrWVF/yEL/AP66L/6AK5cVtH1/RmtLdliiiiuY0CiiigAooooAKKKKACiiigDI8Uxed4U1VRLNEVtZHV4ZGjdSqlgQykEcgV4uk2pw6fcTefr9hL/YdpOrT6q8hkeSdVaVcO20EEgA4I9BXtPidpR4X1NYLWe6me2eNIYFBdiw2jAJHrn6V4pHAvh+5ntNS8MtBFLoEEMlndXrSSXU/mERhArNjdIANuRgAnHatqexEj0OfSJPD/jTwsttrWtTxXdxPHNFd38kyMBbyMPlJxwQD+FYUniuTW/EniDxFpt3BBZeHbVIIJbqCSWKRZGYyyhUIJ/1QUHOMAmtG00Gx8KeKfDVze6bbqbmI24uo5pm8i+KHIG9yNjqXUcZyOvNJeXOh6Z4h8a2ur3NvYaddWdlZgsNqDfFMNoA9gfyoX9feAeR4s8MXM16dZ0IjW7+ILH9hndRM6hBsAlyAQuTknueBU/jiezspLu4m1HXP7RgtIZ2tLHUZLaFleURAjGQPmJrmNO8d6HdTeCLTVNYtY10q1a5vHMm5TOsYijXIyCfmdvwq54+u9M1DxBcwS6jbQRajoVs1vLOjPHIBdGTkKCcED9adndXC+hThubk6mtpdf8ACRQoNRh06WRPFDSbHlCkEKF+YYcdK2PE/iay0b4ZmHSr/UbqbVpJbS2lvJWllX5zHI5J52rzj3K+tclZQ6FDrUV6194VtkGpwXxazsZlkiWPZmOM7OFO3OPVjXR/ubj4Cm5RVfM7mOTbzta+zx3GcD8hTaV0JHIeINR1LTdZukvtQs47zSZF07SoY7+aAxRlVAkVQnz8MN7Fh90gds+pfDTXr3UrG60u9uIb2TTViU38Vw8wuS4Yk5ZFPGMYxx0rzTxcsl7qurXkNyGms55THd/aHcW7IxZR58o2oQQMRQqWPQt1r0P4bPd29xfW+sNezapexQ6gLucsVmhdBhR/CpRiylQBxg0TtyhHc9CooornNAooooAKKKKACiiigAooooAKbpH/AB6yf9d5P/QjTqbpH/HrJ/13k/8AQjWlH+KvR/oTP4S/RRRXeYBRRRQAVkaz4W0HxAB/a2k2d4w+68sQLr9G6j8DWvTZJEijaSR1RFGSzHAH40Acj/wrPw4nEB1W3T/nnDqtyq/lvqez+HHhKzuFuBosNzOvSW9d7lgfUGQtirsvjPwtBJ5c3iXRo3/uvfxA/kWrQsdV07U1Laff2t2o5Jt5lkA/ImgC2qqihVAVQMAAYAFLRRQAVkeK7QX/AIP1qzIz59hPH+aEVr02SNZYnjblXUqfoaAMzwzd/b/Cmj3hOTcWMMuf95Af61q1yXwxlaX4a6DuOWitvIP1jJT/ANlrraACiiigAqveWUF/bNb3MYdDz6FT2IPY+9WKKE7aoDmJWuNHkWK/fzbVjiO7xjHoJPQ+/Q0t6c3mlEdPti/+gtXSSRpLG0ciK6MMMrDIIrm5dCubPUbE2jeZp8dwshjY5aHgjg915/CuiNRPfcxlBrY6aiiiuc2CiiigAooooAKKKKACiiigAooooAK5Pwb+/wBU8W3x5aXWWiB/2Yooox+qmusrkPhu3n+Grm+/5/dUvp/wNw4H8qAOvooooAKwtY8GeG9el87U9GtJ5/8Anvs2y/8Afa4b9a3ajnuILWIy3E0cMY6vIwUD8TQByf8AwrPw8PlR9XSP/nmur3O3/wBGVc03wB4U0q5FzbaJbNcjpPcZnkH0aQsR+dTt418KJJ5beJ9FV/7pv4gfy3Vq2d/Z6hF5tldwXMf9+GQOPzFAFiiiigAooooAKa/+rb6GnU1/9W30NAHMaH/yA7P/AK5CtCs/Q/8AkB2f/XIVoV2S3ZzLYKKKKQwooooAKKKKACiiigDnfE/iu08PWl0Nnn3sVt9pFvyoaPzFjJ3YIHLCqVotz4GtdVe8lkufDlsontXyZJ4AT88ZHVkX7wOcgcc4rD8a6Xemw8ZazdwlY/s1vbWeCGJhRhI7YHT5mb/vmtbUvGekaxc6ZpGi6hZai9/dCG6hjPmYt9jGQnHTgAZ96i+pVhvxH8TJp2hxaXaSn7drBFtC8Yz5UbsFaU46AbgB7sKrW1teTa7/AGbBcx2d74dmiNrktsuNPkRQVcZ+Y/Iw3dmUdM1FrOlXek/DaystRaKa6s721t4515ZoRdxhMnHB2hcj1FZ3jiSTxbqgt/BokuNTs4pbe+vIJAkQgYfNblyCGcnGAPunnjmhgi7Lc3Wp/CzxLrTX12PtEl3eWTxzujRRoSIgpByFwgbA4O4+tcyv2+O6v4/O17TTnS4lSbVHkcLNORIykOwG4KB6jn1rr7zWNP1z4bappWgWVwbuOyNkdLEe2e2Zl2KroSMAevTAPWuIaMadea5p0vhvyftVrZRW9jdXrSyyXRaTyiCrH5chmI3DAT3pMaO9Gnt4e8daHDHrGrT211bXbTpe3zyp8gj2nDHAxuNYNv4nuNW1LXfFthd29rbWTw6dAb63kkTyWIJk2oynLu6EE9FHPts2Wjab4Z8c6fFLp8KrfWjRWt0skrbZwMyRkO7DDLgr/ukc1l6rcaNaxePtO1K7t7GG8ljtrff8q7/ske0D6YH5UAi9BbeK/C9ytudX0Rm1jUXeONrKZtsjKWYLiThfkJ5zgml8Yy2VvqF7JFqGvPfrJao1pb6m9tCPOby0IPIHKkn/AOvWPaePtB1DxN4dn1LV7WJdN0xpZWL7gbuQKhUEddqh+R/epvjKfTrjxRrFrc3tnD58GmzxC7jd4pljkkYqwUHgjA/Gi6sFtSKwnmudTt7W6bxFbxS37ae0q+JHkKyKhc/KByMKea0vE2v2SeBdI0bTL2/uD4gdIY57mRpJkgkkAd3Y8/xhRn+8PSua0ldDsdZtb19Q8NQJDftel7KzmSUKUZfKUlPuDOce1dHDGh+EXhKXYvmCfT1DY5AM6ZGfTgflSWwM4nWNX1dNYu5r3U7KDWkuW0u18m+miFpHnBcIE5TjcWLZOBx2r1v4fa5c6vpE9vdPFO+nyLbfa452lFx8isX3MqknJweOoNeR+IJJ2lvNZtLkfarKRpYr7z2cIyE4Xz5h855wIolA5+Y8V6t4Ajm086rpWoG8k1NJ/tMtzcszfaI5P9W4J4BAXYVGMFKI7hLY7SiiitSAooooAKKKKACiiigAqhrH/Hiv/XeH/wBGLV+qGsf8eK/9d4f/AEYtOO4nsdRRRRXGdIUUUUAFFFFABRVS91TT9MQPf31raqejTzLGP1NZ0fjTwrNJ5cXibRnf+6t/ET+W6gDcopkUsc0ayRSLJGwyrIcg/Q0+gAooooAKKKKACiiigAooooAKKKKACuZ1/wAWNY6gui6NZNqmuyJv+zI22O3Q9JJn/gX26nsKk8Ya/caNp0Ftpsaza1qMv2XT4m6eYRku3+wigsfpjvVjwz4btvDenGFHe4vJ2828vJeZLmU9WY/yHQDigDFTwNc6z++8YazcakzcmwtXa3s09tqnc+PVyfpW1Z+D/DWnxiO00DTIVH9y0TJ+pxk1tUUAYV94K8L6nGUvPD2mS5/iNqgYfRgMj8DWO/hDVtAzP4Q1qZEXn+y9Skae2cf3VY5eP6gke1drRQBz/h3xVDrU0+n3VrJputWoBudPnYFlHZ0YcOh7MPxxXQVzvirw0dbhhvbCYWmuWJMlheAcq3dG9Y26MKseFdfHiPQ47x4DbXkbtBeWzdYJ0OHQ/jyPUEGgDaooooAKKKKACsqL/kIX/wD10X/0AVq1lRf8hC//AOui/wDoArlxW0fX9Ga0t2WKKKK5jQKKKKACiiigAooooAKKKKACoJLK0luFuJLWF51AAkaMFgAcjnrweanooAZJFHLt8yNH2sGXcoOGHQj3pqW8Ec8s6QxrNKAJJFUBnA6ZPU4ycfWpaKACo/Ih+0G48pPPKbPM2jdtznGeuM9qkooAKr/YLP7J9k+yQfZic+T5Y2Zzu+7068/WrFFAFe5sbS9REu7WCdUfzEWWMMFb+8M9DyeferFFFABRRRQAUUUUAFFFFABRRRQAUUUUAFN0j/j1k/67yf8AoRp1N0j/AI9ZP+u8n/oRrSj/ABV6P9CZ/CX6KKK7zAKKK4vxPc3PiLXY/B2mzyQReWJ9YuojhooDkLEp7PJg/RQT3oALnxRqniC9m03wdFC0cLmO51m5UtbxMOqxqDmVx7HaO5p8Pw40m4dbjxDPd+IbscmTUZS0an/ZhGI1Htir2s6naeB9D05bTTT/AGetxHatHbRs32eIg5cKisTjHTHOaxP+Fo6V/wAJF5GLz+yfsm/7R/ZV1v8AP342Y2dNvPT8aAOqi8NaDBH5cOiabGn91LSMD8gKzr/4feE9RYSSaFaQzjlZ7RPs8qn1Dx4P61Y8NeJE8Q6feX/2aS1tobqSGJ5lZDJGoBEhDqpUHPQjtXLwfE+OTQr29lhdLiYzSaSiWFxKs0IJWJpGRSAWZScZGARQBeex8V+Ev32m3c/iTSl5exvGH2yNfWOXjzP91+T/AHq6XQ9d0/xFpiX+mzeZExKsrDa8bjqjqeVYdwax/DfjvTNfWxtil7BqVxCGkgksJ0WN9u5l3sm3jBHXntmqXiewm8L6i/jLRomIGP7Ys4xxcwDrKB/z0Qc57gEUAdvRUVtcQ3lrDc28iyQTIJI3XoykZBH1FS0Acd8Mfk8HG3/599QvYsemLmQ/1rsa474efLZ+IIe0Wv3wA9jJu/8AZq7GgAoqhqmt6boyRNqF5FAZnEcKMfnlcnAVFHLHnoAav0AFFFFABRRRQAUUUUAFFFFABRRRQAUUUUAFFFFABRRRQAhIAJPQVx/wrB/4VlobEcyRNKf+BOzf1rp9Tl8jSbyb/nnA7fkpNYfw6i8n4b+G19dOhb80B/rQB01NkkSGJ5ZXVI0UszscBQOpJ7CnVwuphvHXiefQVdh4e0th/aZU4+13HDLBn+4oIL+pIHrQA4a9rvjF2j8LbdO0cEqdauYt7Tev2eM9R/ttx6A1atvhv4eEq3GqwTa5eDrcatKbgn6KfkUewUVravfajpMVtHpHh+TUkIKskNxFCIQMbRhyMg89OmK5628c67d6nfadD4IvWurHy/tCfb7cbN4yvO7ByB2oA6ZfDmhpH5a6Lpyp/dFqgH5YrJvfhz4Wu5fPh0qPT7sfdutNY2sqn1Bjxn8c1qLrJtfDkmr6zaNpghieWeGSVJDGqk/xKSDkAHg98da4WX4p3OnS+G49VsBFJqEJub6O3gkme3RyRboAvO9zgHPoQByKANeSbxR4LBluZJfEmhJy8gQC+tl9SBgTAd8AN9a67TtRs9X0+C/0+5jubSdd8csZyGH+e3aszRvFdprd61rBYavA4QvvvNOlgTAIGNzqBnnp9awNRh/4QHXV1mzGzw7qM4TU7cfctZWOFuFHYE4Dj3BoA7yiiigApr/6tvoadTX/ANW30NAHMaH/AMgOz/65CtCs/Q/+QHZ/9chWhXZLdnMtgooopDCiiigAooooAKKKKACmJDHGcpGik/3VAp9FAEc9vDcx+XPDHKmQ22RQwyDkHB7ggGlihigQpDGkakliEUAZJyT9SeafRQAxYYlmeZY0ErgBnCjcwGcAnvjJ/OozZWrXX2k20JuOP3pjG/gEDnrwGb8z61PRQAx4o5GRpI0cxtuQsM7TgjI9DgkfjSR28MUssscMaSTENIyqAXIGASe/AA/CpKKACo1ghSd51iQTOAryBRuYDOAT3xk/nUlFABVcWNoLaO2FrB5ERUxxeWNqFTkYHQYPIqxRQBBPZWl00TXFrDMYW3xmSMNsb1Geh+lT0UUAFFFFABRRRQAUUUUAFFFFABVDWP8AjxX/AK7w/wDoxav1Q1j/AI8V/wCu8P8A6MWnHcT2OoooorjOkKKKZNLHBDJNM6pFGpZ3Y4CgckmgClrWt6f4f0uTUdSnENumB0yzseiqByzHsBXMJbeK/F+Jru5n8M6Q3KWtvj7dKvrJJyIv91fmHc03w1av4v1RfGOpoxtFJ/sO0kGBFF/z3Yf89H6j0XHrXc0AczYfDzwnYP5q6Ja3FwfvXF4v2iVj6lpMnNaUvhrQZo/Ll0TTZE/utaoR+WK1KKAOPn+HGiwyNcaDJdeH7w8iXTJTGhP+1Ecow9itRQeJdW8NXcNj4xSBrWVxHb63brshdj0WZP8Alkx9clT6iu1qC8s7bULOazvII57aZCkkUi5VlPUEUAT0VxXhya58L+IP+EPvppJrGWIzaNcynLGNfvwMe7IMEHuv0rtaACiiigAooooAKKKKACiiigDjNKUa38S9Z1ST5oNGiTTbX0EjgSTN9cGNfwNdi7iONnbooJOK5H4efNYa7Ofvza9fM34SlR+iit/XbS4vdGuYLXUJrCUrkTwojMAOSMMCOenTvQAzS/EOnarpul3sM6xLqcfmWscxCySDbuIC55IUEkDPAqTQ9Zttf0iLUrRZVglZ1USgBso5Q9Ce6mvGNEsfEgtPhrDZ6rAsc8ckltc3MQka3Y2r7oxGoUMoUcEsTlueBzZ+HaPba34VgHiC9u55U1CW6sTOPKiVZGVW8pfu7mJOTnnOOlAHsWralBo2j3uqXIcwWcD3EgjGWKopY4B74FY9r8QPCN55Ai8SaUZJtoSI3ce/J6LjPXnGK43xLrMmreIPFPhvUfG2maDpyJHbLBcxRb5Y5YFLkMzqerGmaXqqWfibw5pln4w0PXYLmZoJYLW1gDoiwuwbKMx6qKAPWa4yNf7C+Kjxp8tr4gsjLtHT7TBgE+26Nh9dldnXH+Mf3XibwVcr/rBqrxD/AHXt5Qf5CgDsKKKKACiiigArKi/5CF//ANdF/wDQBWrWU37jV5lbgTqHQ+pAwR/I1y4raL8/0ZpS3ZYooormNQooooAKKKKACiiigAooooAKKKKACiiigAooooAKKKKACiiigAooooAKKKKACiiigAooooAKKKKACm6R/wAesn/XeT/0I0ksiwxNI5wqjJNSaXE0Wnx+YMO5MjD03HP9a1ofxfkTP4S5RRRXcYDJpUghkmlYLHGpZmPYAZJrkvhxbvN4dk1+5Ui812dtQkJ6hG4iT6LGEA/GtHx1M8Hw/wDEUsfDrplwQR2PltzV/QYUt/DumQxjCR2kSLj0CACgDnfiHB9ri8OWTSzpDdazFFKIZniLKYpTjchBxkDv2rzO4awj16HwjJbtb6813HFJfLrt1JZrGctnHnBhIQpURnnJBzivZvEHh+LxAunLNO8S2d4t1hOr4R025BBH3zyOeKpyeB9ETwlceHbGxtra0mU/eiEvz9nbd95s4OSc8daAOa0Tw8mreHPFfh4397FYprTwnM7SOYAkTNFvclsNyDz3NZ/h25uNM8LfDHUEmkW1ciwuIgxCsJoyEJHQkOi4P+1713nhrw4fD+n3kMl895cXly91PO8apudgF4VeAAFAx7VgxfDNBo2maa/iXWUisIo0RLcwrGXQ5WQK6OQ2ec54wKAL2gTy6l498UXvmu1pZi306Ebjt3qpkkOOmcyqPwrrGVXQo6hlYYIIyCK5HQPAEfh69+0W3iTX5o2ne4lt554jHNI+SxcCME5Jz1rr6AOO8AZ06PWPDDkkaLetHb55P2aQCSLn2DFf+A12Ncfpv7n4ta9Gn3Z9Ks5X/wB4PMo/SuwoA4/wFxceLU/u+ILj9Y4m/rWR8U/EPjrQ7At4W0ZJrYpmW+T99LF9Iscf73zD1ArX8FfJrnjOL01ov/31BDXYUAfJHwz1LVdZ+J0OpXUH9u6tHE8kEd7feTlwOoYq2doLELgYxkdK+iY9b8btIofwXYqhIDMNbBwPXHlc1Lq3w/0HU9attcit/sOs20omjvbXCMzDs46OD0OeccZFdTQAVi65f6/ZSQjRtCt9SRgTI0t+LfYewA2NnP4VtUUAcjHrfjdpFD+C7FUJAZhrYOB648rmuuoooAxdcv8AX7KSEaNoVvqSMCZGlvxb7D2AGxs5/CsuPW/G7SKH8F2KoSAzDWwcD1x5XNddRQAVi65f6/ZSQjRtCt9SRgTI0t+LfYewA2NnP4VtUUAcjHrfjdpFD+C7FUJAZhrYOB648rmuuoooAxdcv9fspIRo2hW+pIwJkaW/FvsPYAbGzn8Ky49b8btIofwXYqhIDMNbBwPXHlc111FABWLrl/r9lJCNG0K31JGBMjS34t9h7ADY2f0raooA5S11nxnJdwpc+D7KGBnUSSrrIcopPLBfKGcDnGRmuroooAyvEz+X4U1h/wC7YzH/AMcNQeDE8vwL4fT+7ptsPyiWk8av5fgPxE/93TLk/wDkJqteG08vwtpCf3bKEfkgoAPEerpoHhrUtXcAiztnmCn+IgEgficD8apeCtFbQvCVjazkteOn2i7kbq88h3yE/wDAiR9AKz/if83gS5hP3Zrq0if/AHWuIwf0yK7CgArkPD3/ACUfxn9LH/0U1aWseF4tZvFuX1fWrQqgTy7K/eFDgk5Krxnnr7CsiL4a6dDdT3UWueJEuLjb50q6rIGk2jC7j3wOlAEfxa0VNZ+H2pma6njhs7eW6MMZwJmSNigbvgNhseoFc34p0K10HwPHqIvrhbq/1awubi+ZQ8kSh0CBRg5Ea/dGD+Oa7mbwjG/hPVdBGp6jMuoRSRm4vZ2uHj3pt43HoOuPrU+reHF1XSdOsDcmMWVzbXAcJnf5Lq2MZ4ztx7UAZXgrUoL65u0i8VahrZVFJS6shAI+TyCI0zn8a6fUtPttW0y6068jEltcxNFIvqrDBq1RQBy3w+vri78JQ2165e+02WTTrlj/ABPCxTP4qFP411Ncf4O/deJfGlsv+rXVVlH+89vEW/WuwoAKa/8Aq2+hp1BGRg0Actof/IDs/wDrkK0Kz9IBgtnsH4ltHMTA+mcqfoRitCuyW5zLYKKKKQwooooAKKKKACiiigAooooAKKKKACiiigAooooAKKKKACiiigAooooAKKKKACiiigAooooAKKKKACqGsf8AHiv/AF3h/wDRi1fqjfD7Vd2NgnLSTLI49EQ7ifzAH401vcTOnooorjOkK4/4hs95pmn+HInKvrl6lpIVPzCAAyTEf8AQr/wKuwrj9b/efFDwlG33Y7W/lH+9iJf5MfzoA62KJIYkiiRUjRQqqowFA4AFUBrlmdau9KZmSe0tkupXcAII3LAHOf8AYbNaVeR6tpmu2/jfxTNZazJdTJo8UnkXKxpG8bvONhKoWAQZYY5J4JxQB6PB4gsLrWoNMt3Mz3Fj9vimjIaJ4twUEMDzncCO2O9atfO6297a6bp17q3iqayij8GLNafYsWpA+QRws5JLknb0wSeBXpHiLXNQ0HwX4UMeqw6bJdT21rdXt2gcRqYXZi24gZyo5JoA25vH3hmz1nUNK1DVrWwurF0R1u5kj37kVwUyckYYD61tadqdhq9mt3pt5b3lsxIEsEgdSR1GRxXk3mWFndapqcfxT8OzXV6VllD21s25kjCKB+844UdK9H8GXsup+CtG1CdYxPdWcU0vloFUsygnAHTmgDP+ItnK/hWTVrRc3+jSLqVsR1zHy6/Rk3rj3rp7S6ivbOC7gbdDPGsiH1VhkfoaZqEKXGm3UEgykkLo2fQgg1g/DiZ5/ht4cdzlv7PhXn0CgD9BQB09FFFABRRRQAUUUUAFFFFAHHeCj9i1zxboz8SQ6ob1B6x3Chwf++hIPwrotYsJ9T02S0t9Rn095CAZ7dULhc8gbgQMjjOOK5nxYT4a8RWHjFFP2MJ9g1YKM7YGbKS/8Ac8/wCyx9K7NHWRFdGDIwBVlOQR6igDz6fwHJ4bGgXHhW2+2Ppdw8jwX184MqtA0Qw5DBcAjgACpNG0jxFHqOkwx6FZaFpllLJNP5OptcSXAZXIjPyA7d77uSRxx0rv6KAOCh8PeIhZ2F9dtDcapPq63OoQkq0cdswKGFCw6Iu08dSD61G/hvxLbWU01i0Q1HT9We4sNzqq3lq3/LKQgcYDsoJ6FVNeg0UAA6c8GuO10/b/AIk+FtPT5hZR3OpTj0Gzyk/NpG/75rq7y7t9Ps5ry7mSG2gQySyOcBFAySa5TwPb3Go3GpeLr6J4ptXZRaROMNDZpkRAjsWyzn/eHpQB2NFFFABRRRQAVBd2iXcQRiVZTuR16qfUVPRSlFSVmNO2qMo/b4PlktxOB/y0iYAn6qaT7RP/ANA+5/8AHf8AGtaiub6qukmae1fYyftE/wD0D7n/AMd/xo+0T/8AQPuf/Hf8a1qKPqv95/gHtfIyftE//QPuf/Hf8aPtE/8A0D7n/wAd/wAa1qKPqv8Aef4B7XyMn7RP/wBA+5/8d/xo+0T/APQPuf8Ax3/Gtaij6r/ef4B7XyMn7RP/ANA+5/8AHf8AGj7RP/0D7n/x3/Gtaij6r/ef4B7XyMn7RP8A9A+5/wDHf8aPtE//AED7n/x3/Gtaij6r/ef4B7XyMn7RP/0D7n/x3/Gj7RP/ANA+5/8AHf8AGtaij6r/AHn+Ae18jJ+0T/8AQPuf/Hf8aPtE/wD0D7n/AMd/xrWoo+q/3n+Ae18jJ+0T/wDQPuf/AB3/ABo+0T/9A+5/8d/xrWoo+q/3n+Ae18jJ+0T/APQPuf8Ax3/Gj7RP/wBA+5/8d/xrWoo+q/3n+Ae18jJ+0T/9A+5/8d/xo+0T/wDQPuf/AB3/ABrWoo+q/wB5/gHtfIyftE//AED7n/x3/Gj7RP8A9A+5/wDHf8a1qKPqv95/gHtfIyftE/8A0D7n/wAd/wAaPtE//QPuf/Hf8a1qKPqv95/gHtfIyftE/wD0D7n/AMd/xo+0T/8AQPuf/Hf8a1qKPqv95/gHtfIyftE//QPuf/Hf8aPPuTwun3GfcqB/Otaij6r/AHn+Ae18jNjsZrmRZL3aqKcrAhyM+rHv9K0qKK2p04wVkRKTluFFFFaElDXNP/tbQNS03j/S7WWDn/bUr/WszwHqP9qeBNFuW4lFqkUoPUSINjj/AL6U10VcRpcg8J+OLzRZ/k03W5GvdPc/dW4P+uh+p++B7tQBV+JsMxuvDTW41SV5b82721hfNbNMhikbGd6rnKA5J7H1rlPCNnd6xeaNYXOsa/bRzx6nPKiapL5gaO5SJFLbjnavHBxnJ7113xJsLrVZ/D9rBoN9qsUN6bmdLaUQjaI3UAyF12nc6nr0BrhfCNjb64NC0G50a3aaC7v5ZD9qlZ7Wz85wwYoy/M0oCg5bIQmgDs9KMulyeN9Om1LWru2s5YEgYzS3NxHvgRjsIBb7zZ4HA+leca1J4juv7P8ALbX5vJvY5W+XUTsAzlvmhGMeoyfQV6h4KOl+HbjxHplzBbabdWVx51xKZn8ua3YHypcyMcYUbTzwVNefaLpWi6laafBp3hm11mWylmuNZvbe2jlEy7nKQxyPhXdtyE4PAU854oA7DwDfXr660eoTa27PGViE6XpiB6ksZo1UHA4574r02vOfh2+hW/iPxFBpKQ6elw8EkemPGYJ4tseHLRMAR83cZBz1rqfFniEeHNEe4ij8+/mYQWNqPvTztwij+Z9ADQBl+GD9v8d+LtUXmGOS302JveJC0n/j0uPwrsaxPCWhHw54atdPkl866G6W6n/56zOS0jfixP4YrboA4/wjx4r8bL/1E4j+dtFXYVx/hXjxt44X/p+tj+drHXYUAFFFFABRRRQAUUUUAFFeb33ivW1+LEGj2+k3YX+z5gsT3UXluDKgW5KbxlQFbj7+CcDrWPF4m8Wz+IrnUDr2hx2NvImlRbba4eC8ndhnZGJCSyH5d44+91xkAHsFFZj6l/ZWmwNrNzai8ZCCIvkWZ1UsRGrEnopOMnpXOaFq2qjUItSP2m78M6zaf2jDLNt8zTmKBjG+DyhB4xkggjpzQB21Fch438QGD4dy63pGotCkrWrRXkCByI5Jo1LKpBydrHjBrjNI8b65Lqa6dpN1e+IHXVpSVliigmktEt4yQ29UCfvZV5IBOMCgD2KiuB+GfiHWNR8I6fLrGnXMdutmZW1W5u43ExB7jcWHGTlgPu1W8Papr3jR9X13QdchtNPe8FpZx3NqZk8qNfmkChlwzsxPPYAYoA9HorgfBg8T66Bqup+J2MNveTwGytrKKNJPKkaPLMdzYO3OARjPXvXfUAFFFFAHP+O/+SeeJf8AsFXX/opq0NC/5F7TP+vSL/0AVn+O/wDknniX/sFXX/opq0NC/wCRe0z/AK9Iv/QBQBj/ABFspr/4fazHbrunihFzGPVomEgH5pW/p19DqmmWmoW7boLqFJoznqrAEfzqwyhlKsAQRgg964rwbL/wj2p3ngq6baLYtc6UzH/W2jMTtB7mMkqfbbQBk/ErxLHp2v6NaXMV6bGzP9ozCCCRhczAlbeAMowNz8nPHAHesPxXerqkV3D4fbXr3xW8W+6tNN1adrfT3x8wJDKhKkEBBySOlb/xABvPFGlwx65epLYp9pi0vT9M+1SvKdyrKS3yLgZ2lxgEE/TnNf1nStPk00Wfj7ULO5uL+GHU7QXduDbgqRKzBUwHDL8xyRkn2oA6PWNWgf4MTSaLrd5PJbJBbvdmZkuVkEqK4c/eR+TkHnmsDxJe+GdGurO1t/FHiKSZtRS1ulk1S8/dx5IcjB5Ix7/jWvq8+j3vg2y0fRdY/tptT1q3gkujIju7LIs0hdkAB2xx+nTFXJtas/F3jCwv7a4jHhvw60lxcajI4WCa5KlFVGPBChmJYcZIH1ANLwWfDs99ePomv6tqUsMarNFe3s8qxhjlTtk6E7TyPeuzrivCd5bav468W6pYTx3NkVs7VJ4mDI7xo7MAw4OPMA4q3451i4ttOi0TSnH9t6wTbWgHWJT/AKyY/wCyikn64HegCD4en7Za65rQ5j1PV55oW/vRJiJD9D5ZP412NUtH0u20TRrPS7NdtvaQrDGD1woxk+561doAKKKKAMvU9Ia6mW8tJRBeqNu4jKyL/dYf16is4y6nD8s+kSs396CRXU/mQRXS0VpGo0rEOCepzX2u8/6A19+Sf/FUfa7z/oDX35J/8VXS0VXtvIXs/M5r7Xef9Aa+/JP/AIqj7Xef9Aa+/JP/AIquloo9t5B7PzOa+13n/QGvvyT/AOKo+13n/QGvvyT/AOKrpaKPbeQez8zmvtd5/wBAa+/JP/iqPtd5/wBAa+/JP/iq6Wij23kHs/M5r7Xef9Aa+/JP/iqPtd5/0Br78k/+KrpaKPbeQez8zmvtd5/0Br78k/8AiqPtd5/0Br78k/8Aiq6Wij23kHs/M5r7Xef9Aa+/JP8A4qj7Xef9Aa+/JP8A4quloo9t5B7PzOa+13n/AEBr78k/+Ko+13n/AEBr78k/+KrpaKPbeQez8zmvtd5/0Br78k/+Ko+13n/QGvvyT/4quloo9t5B7PzOa+13n/QGvvyT/wCKo+13n/QGvvyT/wCKrpaKPbeQez8zmvtd5/0Br78k/wDiqPtd5/0Br78k/wDiq6Wij23kHs/M5r7Xef8AQGvvyT/4qj7Xef8AQGvvyT/4quloo9t5B7PzOa+13n/QGvvyT/4qj7Xef9Aa+/JP/iq6Wij23kHs/M5r7Xef9Aa+/JP/AIqj7Xef9Aa+/JP/AIquloo9t5B7PzOa+13n/QGvvyT/AOKo+13n/QGvvyT/AOKrpaKPbeQez8zmw+q3B2waW0RP/LS5kVVH4KSTWnpelLYeZNLIZ7yXHmTEY47Ko7AVo0VMqjasNQS1CiiisywrjvFx+weLPB+rt/qUvJbCQ+n2iPC/+Pog/GuxrI8UaGniPw5e6W0nlPMmYZR1ilUhkcfRgDQBr1x0nw+trjVL3V73U7+91KeNo42ll2RRLhti+XGFDBd5+9nqTWl4Q8QNr+ihrpBDqlo5ttQt+8Uy8N/wE/eB7git+gDzHTdJ8VadYafA/g7Srm9sdNTTUvH1g7WRNuG8sxY+8ob1963LLw9r0l3oVtq98J7DTbAG4cSFmvLsrsJfI5VRkjPUsPSuyooA4DSvDmvIPDrajDBIUiuLXVQNg3A/6qYYH3vlHTpvPpXQeELLWNM0U6brMq3D2krQ210Gy08AxsZx2bHB+me9b9FAGH4x1RdG8GaxqBPzQ2kmwDu5GFH4sQPxqfwxpjaN4U0jTGGHtLOKF/8AeVAD+ua5zXX/AOEr8Y2Xhy3O/T9LlS/1VxypdeYYD7lsOR6KPWu4oAKKKKACiiigAooooAKKKKAGTQx3EMkM0ayRSKUdHGQykYII7iuDgkvvhs32e4Sa98Ibv3NwgLy6aD/A4HLRDsw5UcHjFd/RQBXsb+01OzjvLG5iubaUbklicMrD2IqxXJXfw/0wXcl9ol1eaBeyHc8mmyBI5D6vEQUb8s+9M/szx/afLB4k0a+Xsb3TGRvx8uQA/kKAOwqlqur6doenyX+qXsNpax/ekmbaPoPU+w5rnDpPjy84uvFGmWK9/wCz9MLN+BldgPyNWNN8B6TZ36alfSXWsamnKXepS+c0f+4vCp/wECgDKW3v/iHcxS6haTWHhWJxLHaTjbNqLA5VpF/hiHBCnlup44rvQABgDAFFZmt+IdJ8OWYutWvY7aNjtQNktI391FHLH2AJoA06K41fE3ijVxu0Lwo0Fu33brWrj7Pn38pQz4+uKd5fxIPzfafCi/7H2e4b/wAe3j+VAHYUVxx1vxtpXzan4YtNSgHLS6Pd/OB/1ylC5PsGrW0HxZpHiMyxWNwy3cP+vs7hDFPD/vRtgj69PegDbooooAKKKKACiiigAooooAKKKKACiiigAooooAKKKKACiiigAooooAKKKKACiiigAooooAKKKKACiiigAooooAKKK57XPGekaHeLYO095qjjcmn2MRmnYepUfdHuxA96AOhorjhqfjzUvms/D+l6VEeh1O8aWQj/AHIhgfTdS7PiQnzef4Ul/wBjybiP/wAe3N/KgDsKy/EOgWfiTSJNOvd6qSHiljOJIZF5WRD2YHvWA3i/W9GGfEnha4itx9690uT7ZEvuyACRR/wE102lavp2uafHf6XeQ3dq/wB2WFtwz6H0PseaAOW07xVd6BcxaL40aOCcnZa6sBttr0dsnpHJ6qeD2NddbWVnalntbWCEv1aKMLuyS3bryzH6knvS3lnbahaS2l5bxXFtKu2SKVAysPQg8GuUHgJ9LOfC/iHUdGj7WpIubYfSOTJX/gLCgDrJbO1n83zraGTzU8uTegO9OflOeo5PHuakjjjhjWOJFRFGFVRgAewrkfsfxEh+RNZ8OXC/89JtOmVvyWXFIfDni7Ufl1TxkbeE/ei0mxWFiPaRy7D8MUAaHiLxHonh2eGa7RZ9WlUx2lrbxiS6myfuoOuCQMngcc1S0HQtRv8AWV8T+JlRL9UKWNgjbo7CNuvP8UrD7zfgOK0tC8I6L4daSWxtSbuX/XXk7mWeX/ekYkn6dK3KACiiigDj/CX7zxf42n9dRhj/AO+baIf1rsK4/wACfPe+L5u76/Mv4LFEv9DXYUAFFFFABRRRQAUUUUAeQap4Yvbv4oNqFy5Ormxuryy8mbYI1hnhWGMMQQAybt2Qf9a/auYmtdOsdTmvbSDTo7wFba6vtGtP9D0KFzh28wD95MQcbv4eTwBz7pqGgaXqszzX1lHO72z2jF84MTkFlx05Kr78VYttMsLPTxp9rZW8NmFKfZ44wse09RtHGKAOJ1jTHuNe0uC2imbSdG0a4niuWJdZZJE8pFDn7xCByTn+IetN0vxPB4f+DGj6hC9vcXEOl2qR27SgeZIVRQnHOcnFd1ZWVtp1jDZWcCQ2sCCOOJBwqgYAFZEHgfwpa3iXdv4b0qK4Rt6SJaICreo44NAHEaxpeoaT4MvvDO028D6/aw6RPww8qS4jlAC5z+7O8c8YWpPD2iX7at4lk/4SYWmqRaq0ct+tnBvnQ28B24YEKAQOBXpV1YWt69s9zAkrW0vnQlhnY+Cu4e+GI/GsJPh74QWERN4esJlDtJmeIStubGTlsnJwPyFAHMfC7SpLzwBYQajrR1DTruwaE6Y8MSqisefmUBzxkcnv9KZ4a8N6RqNtrP2u5u7OODXL6OJLW/ktUC+Z0wjAHFdtpvhHw5o14LvTND0+zuQpUSwW6o2D1GQKbP4P8O3cLw3WjWdzG9xJdFbiMSDzXOXYbs4J9qAOE+H/AIV0S40uSZ9S1ETpqd0qRpq0yhgs7hcqHwcgDJxz3zmvVqwLPwR4V0+7iu7Pw7pkFzE26OWO1RWQ+oIHFb9ABRRRQBheNU8zwH4iT+9plyP/ACE1WvDj+Z4X0mT+9ZQn80FJ4mTzPCmsR/3rGYfmhqv4MfzfAvh+T+9pts35xLQBuVheKPDcfiKyhMdw1nqVnJ51jexjLQSf1Ujhl6EVu0UAcjo3jEpfJoniiGPS9c6Jlv3F4P70Lng/7p+Ye9dSbaAkkwxknqSgqvqukadrlg9jqllBeWr9YpkDDPqPQ+45rml8Falpfy+HPFeoWMA+7a3qC9hUei78OB/wKgDrhbwgoRDGCjbl+UfKcYyPQ4JH4037JbfZfsv2eL7Pjb5WwbMemOmK5X7L8RV+Qat4adf+ejWEwb8hLimnwp4j1L5da8ZXXkH70GlWy2gPtvyz4+hFAFrWfFOmeHHj0fTLQXuryDMGlWIUP/vPjiNPVm/Wl8M+HLq0vLjXtdmjudevECO0efKtogciGLP8IPJPVjya0tD8N6P4btmh0mxjtw53SOMtJIfV3OWY/U1q0AFFczq3jnS9P1BtLs4rrVtWX71lp0fmvH/10bhY/wDgRFVBe/EG/wDng0fQ9Kj7Le3b3En4iMBf/HjQB2NFcfj4jxfN5nhW4/2BHcQ5/Hc/8qY3ji90f/kavDl3psPe+tXF3bL7sygMg+q496AOzoqCyvbXUbOK7sriK4tpV3RyxOGVh7EVPQAUUUUAFFFFABRRRQAUUUUAFFFFABRRRQAUUUUAFFFFABRRRQAUUUUAFFFFABRRRQAUUUUAFFFFABRRRQAUUVT1TVtP0SwkvtTvIbS1j+9LM4UfT3Pt1oAuUVxi+MNZ1kbvDPha5ntz9291OT7HE3uqkGRh/wABFP2fEh/m8/wpD/seTcSf+Pbl/lQB2FFccdS8e6d895oGk6rF3/s28aKQf8AlGD9N1aGieNNJ1u8bTwZ7HVFG59Pv4jDOB6hTww91JFAFPxD4f1CHV18TeGTENWVBHc2srbYr+IdFY/wuP4X7dDxV/wAPeLdN8Q74Ime21KDi50+5GyeA+6nqP9oZB9a3qxde8KaN4k8t9Rsw1xD/AKm6iYxzw/7sikMPpnFAG1RXHDw14r075dK8ZPNCPuw6tZrcH6eYhRj+OaX7J8RJfkfWPDcK/wDPSLT5mb8mlxQB2FcZqXi+51e7l0XwYsd7eqdlxqJ+a1sfUk9Hf0QfjgUreA59V/5GfxJqOrxd7SPFpbN7MkfLD/eY11VjYWmmWcdnY20NtbRDCRQoFVR7AUAUfDnh618N6ULK2eSWR3MtxcynMlxK3LSOe5P6cDtWtRRQAUUUUAFFFFABRRRQAUUUUAFFFFABRRRQAUUU13WNGd2CooJZicAD1oAwfFHiRtEjtrOxtvtutX7GOxswcbiOruf4UUck/h3qDw/4Pi0+7/tjV5/7U1+UfvLyUfLF/sQr0jQe3J7mqPgaF9buLzxreKTLqRMdgr/8sLJT8gHoXILn6j0rtaACiiigArC8ReE9O8RLHNLvtdSt+bXULc7J4G9m7j1U5BrdooA5Xw34hvjqMvhzxEscet26eZHNGNsV9D081B2P95ex9jXVVzPjbRJ9T0hL7TRt1rS3+16e46lwOYz6q65Uj3HpWtoWr2+v6FY6ta/6m7hWVQeq5HKn3ByPwoA0KKKy/EWu2vhvRJ9TugzrHhY4Y+XmkJwqKO7EkCgA13xDpnhuxF3qdyIlZtkUagtJM/ZUUcsx9BXPpc+N/Efz20Vv4ZsG+491GLi8YeuzOyP6EsaseG/DVyb3/hI/Emy416ZcIg5jsIz/AMsovf8AvN1Jz2rrKAOPHgKSb5r3xf4nuJD94x3/ANnXPssarig+Bbq3+fTvGXiS3lH3fPuluk/FZVOfzrsKKAOKfVPGHhnL6vZQ6/pq/eu9NjMdzGPVoCSH/wCAHPtXT6RrOna9p0d/pd3Hc2z5AdOxHUEHkEdweRV6uL1/Q7vQ9Rl8VeGYibr72pachwl/GOpA7TAZIbv0Oc0AdpRVLSNVs9c0m11Owl821uYxJG3Tg9iOxHQjsRV2gApHdY0Z3YKijLMTgAetLXBTCT4i6tc2nmMnhOwmMU+xsHUpl+8mR/yyU8HH3jx0FAFl/GWoa9O9v4L02O+iRir6rduY7NSOoTHzSkf7OB/tU8eENdv/AJ9Z8a6mWP8Ayy0tEtI19s4Zz9S1ddDDFbQJDBEkUUahURFCqoHQADoKfQBx/wDwr6JeY/FHitH/AL39rO36NkfpTG0nxtoo36Zr1vrcK/8ALpqsIikI9FmjA5/3lNdnRQBzmheMLTVr1tLvLafStajXc+n3eAxA/ijYfLIvup+uK6OsfxH4bsvEtgsFzviuIW8y1u4TtltpOzo3Y+3Q96z/AArrt7Pc3Xh/XQi67p6qzugwl3CeFnQdgcYI7Nx6UAdRRRRQAVzuveMLLRbtNNggn1LWZV3RadZgNIR/eYnhF/2mI/Go/Fev3ljJZ6Loixya7qRZYN/KW8Y+/O4/ur2HckCrnhzwzZeG7N0hZ7i8nbzLu9m5luZO7Mf5DoB0oAxl0zxvrY8zUdattBgb/l00yITSgejTSDGf91af/wAK+ibmXxT4rkf+9/azp+iYH6V2FFAHHHwfrdj8+jeNdWRv+eepLHeRn25Acfg1Rjxhqnh6VYfGemxW1ux2rq9gWktSe3mA/NF9Tlfeu1pskaTRPFKivG6lWRhkMD1BHcUAEciSxrJG6vG4DKynIYHoQadXAhX+G+pRKjs3hC9mEYRjn+zJmOBg/wDPFicY/hJ9DXfUAFFFYfi/XX8PeGrq+gjEt422C0i/56TuQsa/99EfgDQBla3rOo6zrEnhjw1N5M0QB1LU9u4WSnoiDoZWHQdFHJrS0fSfD/hGwuY7V4IPKUS3tzcTAytn/lpM7HPOCcnjripfC2gJ4b0GGx8wz3LEzXdw3LTzty7n6np6AAdq8y1KHxLNrd5rFzDJE12tzpz2sWgT3CzWyylUMu2QAkqMqcDhj1FAHsEt5awGAS3MMZuHCQ73A8xiCcL6nAJwPSpiQOpr5+srrWzdwJpeoy3+peGNOkFrYXGhTjb8oHOZCfMIG0Z7E4Fdx4wsNO1Tx1oo1nSG1OKLR7qY2iReYxbzIRwuevJoA9J3L6j865HWvCUsF8+v+FHjsda+9LF0t74f3JVHGfRxyPevPLO08JT+MtUtT8Pb2Syt7W3Itl0seZFIxcktzkBgFxz2Neq+Dm0WXwrZXHh6zFppk6mWGEJsxknOR25oAl8N+IrfxJprXEcUlvcwuYbu0l/1ltKPvI39D3BBrYrifESf8Ix4t0/xRCdlnfyR6dqyg/KQxxDMfdWO0n0f2rtqACiiigAooooAKKKqarerpuj3t+5AS2t5JmJ7BVJ/pQBzPw0/f+GbrUf+gjql7dfgZ3Ufoorsa5n4dWTWHw68PwOCH+wxyMD13ON5z+LV01ABRRRQAUUUUAFFFFABRRRQAUUUUAFFFFABRRRQAUUUUAFFFFAEdxAlzbSwSfclQo30IxXLfDGd5/htoQk+/Db/AGdvYxMY/wD2Wutrjfh1+4sNc03p9g1u7iVfRGfzV/SQUAdlRRRQAUUUUAFFFFABXEX+oX/jPVbnRNEupLPR7RzFqWqQnDyOOsEB7EfxP26DmtDxzqt5YaLFYaVJs1bVp1sbN/8AnmzZLSfREDN9QK2NE0ez0DRrXS7FNlvbptXPVj1LE9yTkk+poATRtD03w/p6WOl2cdtAvOEHLHuzE8sfc81oUUUAFHWiigDidT8M3fhu6l13wdCqyE773RwdsN4O5QdI5fQjg9DXS6Hrdl4h0iDUtPkLQyg5Vhh42HDIw7MDkEVo1xMiDwn8QoZovk0rxIxjmX+GO+Vcqw9PMRSD6lQaAO2ooooAKjuLiC0t3uLmaOGGMbnkkYKqj1JPAqrrOsWWgaTcanqM3lW0C7mOMk9gAO5JwAO5NcrY+Hb3xbPHrHi+Jltgwks9CY5ihHZpx/y0k9jwvTGaAJv+E9bU3KeFtCvtbUHH2oYt7X8JX+9/wEGnCb4jT/Otl4YtVPSOS4nlYfUhVFdeqqiKiKFVRgKBgAUtAHHHVPHth8134c0rUo+/9m35Rx/wGVQD9N1XdH8b6Tqt8NOlFxpuq4z9g1GLyZT/ALueHH+6TXSVm63oGl+IrA2eqWkdxF1Unho2/vIw5VvcUAaVFcTYalqPhDVrfRNfupL3TLt/K03Vpfvhz0gnP97+6/8AF35rtqACiiori4htLaW5uJVigiQvJI5wFUDJJPpigCRmCqWYgKBkk9BXJT+P7S4uZLTw5p174guY22O1koFvG3o0zEIPwJrOt7S8+I5F9qTT2nhQnNrp4JSS/XtJMeojPZO45PYV3Vta29lbR21rBHBBGNqRRIFVR6ADgUAcoLr4iXXzxaV4dsEPSO4vJZnH12IB+tBvviFZ/PPoug6in9yzvpIX/wDIiEfrXYUUAcpY+PdOkvY9P1i2u9C1CQ4SHUUCJKf9iUEo34HPtXV1V1HTbLVrGSy1C1huraUYeKVAyn8/51xm+8+HE8YnuJ7zwjIwQSzMXl0wngbmPLQ54yeV9xQB3tFIrK6hlIKkZBB4IpaACiiuR1/XNRv9ZPhfw06R6gEEl9fuu5LCNunHRpW/hX8TxQBpa74u0fw/LHb3c7y30v8AqbG1jM1xL9EXJ/E4HvWUNd8a6mN2m+FLawhPKyavfBWI944lYj8TWv4e8LaZ4bikNpG0t5Od1zfXDb57hvV3PJ+nQdhW1QBx+/4jp83keFpf9gTXCE/jtP8AKmnxrqWk8+JvC17YwD715ZOLyBR6tsAdR9VrsqKAKmm6nY6xYx3um3cN3bSDKywuGU/l39qt1x+r+EJrK9k13wk6WOrH5prXO22vgP4ZFHAY9nHI75rY8N+IrbxJppuYY5Le4icw3VpLxJbyj7yMP5HuMGgDYooooAx/EniG28N6YLqaOSeeVxDa2sXMlxK33UUep9ewBNY2keFJLi9j1/xdJHeav96G3zm2sQf4Y1PBb1c8ntiodBT/AISjxnqHiOf57HS5H0/S0PK7hxPMPct8gPop9aufEPSBqnhO5ePTLTUru0xcQW91F5gcqcsoH95l3AH1NAHUedH/AM9E/wC+hTlZW+6wP0NeQjwl4R/4TuRv+EXgNmPDq3osfs3z+Z5rcbOu/Hy469q6rwjYzeGfARvI9AhTUpkN1Jp1hGsR3McrHzxlV2qSfQ0Ade91bx3UVq9xEtxKGaOJnAdwMZIHUgZGfrWfr3hvS/EtmLfUrYSFDuhmQ7ZYX7MjjlSPauD0C68Sxapda/qfgrVbvW7lfKX99bRxWsIORFHukzjuWIBJ7DFanhPWPEFl4iuNH8RadeQQX7yXOmSzTLcMgGC8LuhIGM5XPbjsKALmi6zqOh6zF4Z8Szee8wP9maoRtF2o6xydhKB+DDnrmuyrG8UaBF4l0GfT3cxTZEttOv3oJlOUkB9Qcfhkd6j8H65Lr/huC6ukEV/EzW17EP8AlnPGSrj8xkexFAG7RRRQAUUUUAFFFFABRRRQAUUUUAFFFFABRRRQAUUUUAFFFFABXK/Ei6ltPh7rBgbbNPEtqh9DK6xf+z11Vcf8T/k8B3U5+7b3NrO3+6lxGx/QGgDqbK0isLC3s4F2w28SxRr6KoAH6CsHxvr02i6EYdPIbWdQYWmnRd2lbjdj+6oO4noAK6WuV8VXGheGZH8XahH5moRW/wBktEaQkuzEkJGp4DMeCQM4HPAoAr+JZtS0nwza3emahNfXehSRSX0SMGe6iC4lVwP4irFx7gVe1nWYr7wlHqGkXWoSRXeww3Ok26zygE5yFYEY4IORxn1rjo/Etl4E8KJdy61ot1rFxeC91iEXSNLL5h/eCIBs5QFQowQQmMZNb+saHFafDrXV8HpKsmoxvdWy2spwXcA5i5+UHrgYHJoA577brf8A0F/H3/gkt/8A43XSeC7rVP7e8RaZqOq3OoR2bWxge5ijjkUSRbyCEUDqf0rmk0+Q6zojaPovjC0dNQia5lv7yR4fJGdwYGZge3aup8OEH4heNfaSy/8ARAoA6+uO+H4+xp4h0ccR6frE6wp/djkCzKB7fvDXY1x/g3994i8aXa/6t9WWEfWOCJT+tAHYVxUyf8JJ8Tlgk+aw8NwrMUPRryUHaT67I8ke712tcf4AHnL4kvm5e5126y3fbGREo/JKAOwqGO6t5ria3iuInng2+bGrgtHuGRuHUZHIzWZ4razTwvfHUPsRttg3C+uDBCTuG0NIAdo3Y7V4B4e1Lw419qN3d6NoMoubSW/SBNWcNAIkIW3C7fmkLKTwfunPpkA+k7a6t723S4tZ4p4HztkicMrc44I4PNNmvbS3tJLue6hitogTJM8gVExwck8DFeRfDKHw/aapp4trnwwkpibyIbXUXuLsswJwSdq8AsCAv48VR1+40eG8vrfUtHtbCG8u1c6LBqMMD3LIGIe7JkCxoxZWAXJOMndxQB7iCGAIIIPIIpa+fdF0220/VdLjkuLPWJxfrfeZoOoieVcZY25iaUExqcHcoPyryK+gqAOL0Bf+Ed8d6r4eXC2N/H/atkvQRsW2zoP+BFXx23mu0rj/ABWPs3jPwXfDr9tntG91kgc4/ONT+FdhQBzHj3Urqx8NG105/L1LU549PtH/ALkkhwW/4CoZv+A1s6PpNpoWjWelWMey2tYlijHfAHU+56k+prnfEI+0/EfwfatykS3t2Qem5Y1RT/5FNdhQBD9rtjcyWwuIvtEaCR4t43KpyAxHUA4PPsaPtVv/AM/EX/fYryvVLOzm+MNtZQeI7m4uZbeZ9VtrqSEwpZcsLfbsBbJYcEkhMk9a4d9NX+wXddHtv7Y2HbENK03yN+eBu3bsY74zQB9IhgyhgQQRkEVFb3dtdq7W1xFMqMUYxuGCsOoOOh5HFeQfGextbLwo1zFo1q2nxWUdra3Kak8QiJYhVS3UbHwMHJPTPYVqaXeSLL4L+xaZp+kafdahIUi0q68yK4T7NIcthEBOQOCDyPWgD0yC5gulZreeOZUdo2MbhgGU4KnHcHgiuR8fxnS4rDxfbr/pGjTAz7RzJaOQsqn1wCHHoVqT4d/8gjVv+w3f/wDo966DW7JNR0HUbGQApc20kTA9wykf1oAvKyuoZSGUjIIOQRS1zvgK8e/+H/h+5kOZH0+HcT3IQAn8xVjxfePp/grXbyM4kg0+eRD/ALQjYj9aAMTwIn9s3Oq+MZvmfU5jDZE/wWcTFUA9NxDOfXcPSuyeWOLb5kipuYKu44yT0A96y/C1kmneEdGsowAsFlDH+SCsP4jXVvDoRj1HQLrUNNJDy3NvNGjWj7gEddzBtwLZBUHFAHYl1BwWAP1pQyt0IP0NeS+PND8NtB4jtJ9FhuNWtvD5v/7UmwZXYB41JwB837sHP6VteFp/Bdh4Xvbrw/dWOjE28SXV80XlLHIQQjN5gCthicDpk+9AHdyXdtDcQ28txEk8+7yo2cBpNoydo6nA5OKdHcQzPKkU0btE2yRVYEo2AcH0OCD+NeK6xqiv4x8NyD4p6bOE+1ZulW0222Yx1wcfN05/Ct74dyaTq3iTVdRk160v9bhu5YVktJY4jd2yqgV5IozhwGLYcg9uelAHo2pada6vplzp17EJba5jaKRD3UjH51z/AIBvrmbQZdMv5DJf6Ncvp88h6yBMbH/4EhQ/XNdVXH6OPsvxT8TW4+7d2Vnd4/2h5kZP5Iv5UAdhXHeJx9u8deD9MbmFJbjUJF94owqf+PSg/hXY1x+sfufip4Ylb7s9jfQL/vDyn/kD+VAHYVw/iCwuNHgm1G+8ea1Z2rSHaqW8DhM5IUYhJ9ua7iuF1b4knRnYXnhrU0UTLCGFxa8szBV483IBJHUcZ5xQBjfD3wZqsXgTSXi8TatphmgEr2sVvbqFZuf4oixPuSTWlqOpHSvHmoa1c2l9cW+l6XDYRiC3aSS5mmk3kIAMH7iDPAyetPtfif8Abbm4t7fwzqby28gilX7TaDDEBgBmbnhh0zXXyazp9sEW9vLa0mZA5hnnRXXPqM0AcTpeonwjZajrviaKWLW9ela5WztoJJyioirFDlFI3AYyTgZY9hXR+A9Nn0fwFodhdRmK4hs4xLG3VGIyQfcE4rFvfilpdjPqhkijltNOvI4JZoLpHYxNGHMwTqwUttIXJ4J7YrtrW7t723W4tZ45oW6PGwYH8RQBk+M9NXV/BWtWJHMtnJsPo4UlT+DAH8KseGtRbV/C2kak5y93ZwzN9WQE/qam1mdLXQ9QuJDhIraR2J9ApJrL8AQPbfDzw7FIMONOgJB7ZQHH60AdFRRRQAUUUUAFcf8AE2R28FT6dCSJ9Vnh06PH/TWQK3/ju6uwridbb+2/iVoWjpzBpMbardYPG8gxwqffJdvwoA7OKNIYkijUKiKFVR2A6Cn0UUAFFFFABRRRQAUUUUAFFFFABRRRQAUUUUAFFFFABRRRQAUUUUAFchpq/wBm/FHW7bgR6pYwXyD/AG4yYn/Tyq6+uS8YH+y9W0DxGMCO0uTaXRx0gnwhJ9g4jP50AdbRRRQAUUUUAFFFFAHHXQ+3/F3T4X5j0vSJbpB6STSCMH/vmNx+NdjXHw/uvjFdqf8Al40GJl/4BPIG/wDQ1/OuwoA8bvPF+uar/bElla6tFpep2w+wyfa7aKS2nRihePMoPlkqMg85B7Gpn8da8mr6dqmp6Xex6Xp9oBdJaXduRNcOyoXdFlJ8sZ4HPLe1ams6ZrI024ml8CeEWS1gk8t3nDmNRubhTBjqScdMk+tYvgXw1qltoNtqcPg/w9dSataxTXFzcXpDSqwVwPLEGxBkKdq8AgckjNAHUeI77VJPHY0yHxO+h6dFpQuncRQMC5mKctKpxxisWy1W7u9c1TTm+JzxR2Pk7Lhksds29Sxx+7/h6Hk1r3M+lS/ETxFe6s1t/ZmmaTa21w10AY1dpHlwc8E42HHuKyND0bSn8H+KPFWoaNZwQ6g091aJPaopitkj2x8EfKSF3cf3hQB6TpEcsWk26zak2pOV3fbGVF80E5BwgC9COgrnfibE3/CB317EP9I01o7+Fh1VonV8/kCPxrS8FQPbeBPD0Egw8em2ysPQiNc1T+JMywfDXxEzfxWMkYHqWG0fqRQB08ciyxJIhyrqGB9jTqgsoWt7C2gb70cSofqABUzEKpYnAAyTQBxMqf8ACW/EJoJPn0fw4Udk/hmvmG5c+vloQf8Aef2rt64/4ZKZfBUGpyA+fqtxPqEpPcySMR+S7R+FW/Gur2Gm6OIbrxImg3M5zbXLFfvIQcYIwy9AR3BoA6WivPtabXRAznxjJYaqNLe9NhZWsUkB8tQHZWkjLbSxHU55rU8GRa4fDtrq+oa7c6tLeWEU620sMMSo7IGwGRQe+Oc0AdbRXmXiLxH4yj1nw2v/AAjf2XzL9l8qPV1Iuf3Mh2NhRgcbucjKitHw7f8AiPV/GGpTO/2C3s5kt77TZ5RcpkxB1aF1C7D8y5ByDknrQB1muaNZ+INGutLvk329wm046qeoYHsQcEH1FZHgbVry/wBGmsNVffq2kztY3j/89GXBWT6OhVvqTXT1x1uP7P8Ai7dxJxHqukJcOPWWCTZn/vmRR+FAHY1xXilT4m8T2HhEc2CRjUNWwfvxBsRwn2dgSR6J712tcd4JH2zWPFusPzJPqzWin0jt1EYH/fW8/jQB2CqEUKoAUDAAHAFLWfrsk0WiXUkFzPbSIm4TQW32h1wRnbHg7jjjGO9eP6D4r1G81fVbiXxprENtLGbm1aXRCySW0UeXmUFdqLnI4xk4zyRQB7hRXmnw6uvEEzWcN9q2t31ukTu813pflQyZJ24lkxITyCOMcYz0rN1fxJLNaaraWfjZ4NLkuQh1a6jVGiA3GSK1ZMGdwQq8D5QeCx6AHrtRXNvDd2sttcRrLBMhjkjcZDKRgg/hXjukeMfFX2/TYNY1oabJPfIfs2p2UVuJbI5O9XJ5cgBSo+YFulez0Acb4Jmm0m81LwfdyvI2llZLGSQ5aSzfPl5PcoQyE/7Irsq47Xx9g+I/hXUE+X7Ytzp0x/vAp5qD8GjP512NAGN4q10eHPDd5qYj86aNQtvD/wA9ZWIVE/FiBUXhHw//AMI9oaQzv5+o3DG4v7k9Zp25ZvoOg9ABWZ4sH27xh4O0lv8AUtdzX8g9fIj+X/x+RT+FdjQAUV5vql/4ttPiPa2ZktFstXiktYYba6d5II0LN9q2NHsVgpAI5BJUc4rin8casugPrH/CTXfkqhfyDq9gJ8A4x5f2fOfagD32ivLviV4k1XwppRSx8TTwXNvYqwD6QZzcPkruaYL5aE46Y/LIq9o/iMW82hWWn6nqOpx3+oyQ3U+q27xyDEDyYQMiADKDoCOTQB6HXE+Ik/4RbxZY+KIDssr+SPT9WQfdO47YZj7qxCk+j+1XvAt5c3ul6m91cSTOmr3sSNIxYqizMFUZ7ADAFXvF+mLrPg7WNPYZM9pIE9n2kqfwYA/hQBtVna/qB0nw5qmpDraWks4z6qhb+lQ+FtSbWfCWj6k5zJdWcUr/AO8UBP65qDxxA914B8QwRjLvptwFHqfLbAoAb4G04aV4F0Sz53rZxtIT3dhuc/izE1a1rwxofiMwHWdLtr7yN3leem7ZuxnH1wPyqTw/Ol14a0q4jOUls4XUj0KAim+INcg8PaUb6eKSbMsUMcMWN8jyOEUDPu36UAcCvw98Kf8AC0JLL/hHbL7CNFWUR+V8nmecwz9ccV3OleGND8OQ3R0bS7axM6jzfITbv25xn6ZP51VbxPcSan4hsbHSnu5dHjhIVJgrTySKXKDIwCF2nk87u1XLLxHY6j4abXbYStbJE8jRuhSRSmdyFT0YEEEeooA8h8H2Pg9/CGlNqPgfWru8NuvnXEelzusjdyGHBrqvh3Dp0HjbxKuk6Rd6XZG1s8W91bvC27M2Ttbn0rXs/HWoahY297a+DNakt7iNZYn861G5GGQcGXPQiruj+MH1LxF/Yl3oWoabdG0a7Q3LRMrIrqhwUducuOtAHT1x3hwfYPiD4t01flhmNtqMadt0iFHP4mIH8a7GuP0z9/8AFnxBIv3bfTLOB/8AeZ5n/kR+dAHYUUUUAFFFFABRRRQAUUUUAFFFFABRRRQAUUUUAFFFFABRRRQAVn69pUWu+H9Q0qY4S8t3hJ/u7lIB/DrWhRQBzngbV5dX8J2j3Q26hag2d6h6pPH8rg/UjP0IrV1PRtL1qFIdV061voo33pHcwrIobGM4YEZwTXKa4s3gvxDN4otonk0a92rrEEa5MLKMLcqB1wOHHoAe1dpbXMF5bRXNtMk0Eqh45I2DKynoQR1oAp2ugaNYrttNIsLdcYxDbIg/QVY0/T7TStPgsLGFYLWBdkUa5wo9BmrNFAEN1aw3tpNaXMYkgmRo5EP8SkYI/KqWi+HtJ8PW8kGk2MdrHK++TZkl2xjJJyTxWnRQBR1jVbbQ9GvNUvH229pC0rn1AGcD3PQfWsfwDptzp3hG2e/UrqF88l9dg9RLMxcg/TIX8KyJ5R8QvEEdrbnf4W0ucSXE4+7f3KHKxqf4o0Iyx6EgDtXe0AFcf4BPkP4m05uJLbXLltvcJLiVT9MP+ldhXF3rf8I18SINQf5dO8QRJZzN2S7jz5RP++pZfqooA2vFpuh4Wv1sbee4vHjCQRwHDF2ICnPYAkEnsAa8WXTdXjstZm0w6hqdtqlzNpyOcqrzSW8MaylWAJj3GUE9ti88HP0HRQBxXhvTobH4g6/DHCoSHTtOSNtmOnng4/SuW1K5i1DVfFa6DYS6tqmsNHBayixkRLJliETPJK6BVwQWG0k8CvXqKAPLd9rpnirw19v0e80k6Y8kH2p7TzUvC8flIfNi3AMSQcPg816lRRQBx/ik/avG/gywHJW6uL1/ZY4WUH/vqRRXYVxXhh/+Ej8Y6v4oHNjAn9l6c3Z1RszSD2L4UH0Su1oA4/xGfsvxD8HXjcRyG8smbtueNXUfj5RH412Fc3450i61bw1I2njOp2MqX1l7zRHcF/4EMr/wKtPQtZtfEGh2eq2ZzDcxhwD1Q9GU+4IIPuKAPNNf8HaJD4t10x6VEx/sGa+EjKWb7SZZDv3HnPOPpgdK4RNPn8pLj7E/kf2D5Xm/8IhKV8zg4z0LY583pX0vRQB474o8MvffC5NYu7mWeOz8OQpZWOzCxTFAHlP95ipCj0+b1rrdU8O6LoFxZa79oawtLTUWv541ieVXkkiMRCqudmS244HJz612tFAHH/DfdJ4cvLry5EiutUvLiHzEKFo3mYq2CARkc81v6/fJpfh3U7+QgJbWsspJ/wBlSf6Vo1xXjuQ6zcab4Ntzuk1SUS3uP+WdnGwaQn03EKg/3j6UAavgaxfTfAWgWkgxJHYQhx6NsBI/MmrHiyyfUvB2t2MYzJcWE8SAf3mjIH61sAAAADAHQUUAY3hK+TU/B2i3sZBE1lC/0OwZH4HIqh8RbW9vvAepW2n2cl5dyeUIoI8Zc+anr0HcnsAap+C2/sLVNV8HTfKLSVrzT8/x2krFsD/ccsp/4DXaUAeIeIdW1O5u/EK6jpGoNf3Ph59O/wBC0+d4ftHmSkIr7eQFdRu6E5r0rw3rdh4g09LE2F8pggj8xL6wkiUkADjeoDcjtXS0UAcPr+kWA8f+EAmnWwjJvN4EK4P7oYzxTtI0nUJ/H51ifQYtIsrSxltIsSRs1wzyI2/CdFATvz81dtRQAVx+in7X8T/FF0OUtbWzsgR/ew8rD8BIv510Ws6taaFo13qt9JstrWIySHvgdh6kngD1NY3gPTLux8Om71KPy9T1Sd9Qu0/uPIchP+AqFX8KAOnrj/iFHJa6ZYeIoEZ5dCvEvHCj5mgwUmA/4AzH/gNdhTZI0ljaORFdHBVlYZBB6gigBIZo7mCOeF1kikUOjqchlIyCK+d/GpibVL37LpsV1d6nqiXdvFfeG7g3DbPL3oshxujCoSyhSSGb1r1DQrtvBGrx+FNSkI0qdj/Yl5J0weTbOezL/Dn7y8dRio/EXgvXvFl7m/vtIsYoGYWt1aWsjXkaE9pC4CkjGcAjPrQB5ollZNqd1aG3s4rme4gv3jtvCN0k9uiMnEXJKIxjIPBBLN616h4ytLcx2Pil9N0u6sYUH2+DUrSNZDA2MOHcZVkyTsPXJHXFRWXgPWfDV1PfeHfEb3d1cBBcrrsf2gzbRgfvV2uoHOB8wGelbWs+E01jUY9TupzdTWsObOxuCfskdwM4lZByxzjqTjtzQB45bTodf1+4tfC+j2mm6lfQWltNqVmgGmu0SFZGTbwHU5C8ANgHGTXvOi6VBomj2unQBNkCBSyxJHvbuxVAACTzwKw9C8LXCxa8/iMWN4+sziSeCGNjCEEaxhfm5PC5q7aw6d4G8My/a9Un/s603OJb2XeYkzxGG6kDoAcntzQBm/EWd59Bi8O2zEXuvTLYx46rGeZn+gjDfmK62GKOCGOGJQkcahUUdAAMAVyHhayvNb1eXxhq9u9vJLEYNMs5Vw1tbE5LMO0jkAn0AA9a7KgAooooAKKKKAI55o7aCSeZwkUal3duiqBkk1xvw6STUYdW8WTxssmuXXm24fqLVBshHtkZb/gVN8cTNr9/ZeCLOQ7r/wDfamyHmGzU/MD6FzhR+NdrDDHbwRwwoqRRqERFGAoAwAKAH0UUUAFFFFABRRRQAUUUUAFFFFABRRRQAUUUUAFFFFABRRRQAUUUUAFZ+u6TDrug3+lT/wCru4GiJ/ukjg/UHB/CtCigDnfBOsy6z4agN58up2hNpfxnqk8fDfnww9mFdFXDaww8H+N4NeyI9I1kpZ6j2WKccQzH0z9wn/druaACiiigAooooA4zxmf7G17w/wCKelvazNZXzf3YJ8AMfZZFjP4muzqtqOn2uq6bc6fexCW2uY2ilQ91Iwa5Twtq9zot+vg7X5ibyFf+JdePwL+AdOf+eijhh+PegDota0DS/EVmtpq1qLmBW3BC7KM4I52kZGCeOlXba3htLWK2t41ighQRxxoMBVAwAPYCpaKAMm68MaHes5utKtZ990t44kjDBpguwOQep2jFN1fwroWvXEE+raXb3kkAxGZlyAM5xjoRn1rYooAAAAABgDoBXF+N3/tbU9C8KRfMb26W7uwP4baBg5z/ALzhFH1NdFr2vWHhzSpNQ1CUrGuFRFG55XP3URerMTwBWN4Q0e+Wa88R65GE1nUwoMOci0gXPlwg+oySx7sT6UAdXUdxGZraWIHBdCoP1FSUUAcn8MpBJ8NPD+BgpZrGw9GX5T+oNS/EYqvw38RliAP7OmAJ9ShAqn4Jf+ydV1/wrJ8ps7try0U9GtpyXGP91zIp+grsJoYrmF4Z4klicYZHUMrD0IPWgDya41+01nVkvYhJBE3hS/RBcr5bMBJEA208gMBkZ5INdB4H8NaEPA9glgz21xfabbm5ltLt1lzsU5BDZU5J6Y61v33grwvqd7JeX3h/TLm5lILyy2yMzYGOSRzwBU2leFfD+h3TXOlaLYWU7IY2kt4FRipIOMgdMgflQBwfifwVbW2u+FIl1rxC4uNSaMtLq0zsn7iU5QlvlPGMjsSO9Gh2el2XxQt7Tw7rGqXhRbqTWkmvZZkEihI08zccF85A6nC/SvSbvTbS+uLOe5hEktnKZoGJI2PtK5468MRz61aoAK4+7/ffF/S0Xrb6LcyP9GliUf8AoJ/KuwrjPCT/ANt+KvEXiUfNbGRNMsm/vRwk72HsZGb/AL5oA7OuP+HnyWOvQH78OvXyt+MpcfowrsK4zTWGh/EzVtOk+W31yFNQtT2M0aiOZfrgRt+dAGp41mitvBuqTzTPCkUW/ck0kTEgggBoyGyTgYB5zjvXg32T+wl16PUI3t2+z3VpbKL64OGNvG4twC5DZefdtYHJ3+gr6UmghuY/LniSVNwba6hhkHIOD3BAP4VlW3hTQbO0S1g0yBYEuheKpBP74Yw+TyWGBz7CgDj/AAh4cXTvHGoWb3+qSLpljZPFFJqMzxh5FlD5Utgj5BgHgY4rK8YWcdnqPifVtUvdUthamIaFbw3ckKTStCuViVTyTJwdvPWvVItOtINSudQjhC3dykcc0mTl1TdtGOnG5vzrMsPBnhvTNRbULTRrRL0sX+0GPdICeuGbJH4UAcLpNja3niPw9Fba5d6yqGZdYtJ9Qa6ihkWI43RuTjEnQn25r1esnUvDGh6xdwXd/pdtPdQOrxTlMSKQcjDDnHtnFa1AHH+MP3vifwVar/rDqjzf8BS3lz/MV2FcZA39u/FOadPmtPD9mbcMDwbmfDOB/uxqoP8Av12dAHH65+6+KHhKRvuyW1/CP97bE38lb8q7CuQ+IcclrpNj4hgRnl0K8S9dVHzNBgpMB/2zZj/wGushmjuYI54XWSKRQ6OpyGUjIIoA8d1bw/qlh8Rdb1ZfEl6NQj0WW9V0VQgi8xwsAUg4UKq89dwLVzKz6s0iAxaud2ifbj/ptlzJx+86fc/2fvV75c6Lp13dz3U9srzT2ps5HLH5oSSSvX1J96yB8O/Bgt/I/wCEW0jZt2Z+yJuxjH3sZz75zQB5949j17xD8NEe6by9IttEhv559+XvbkrwhA6Kp+c+pK+hrqk8K6vY6p4bjW6e/wBO0/UpJYnlI8y3tzbuqqzE5fDNgHrjGc11txomm3WhHRJrVX00wi3MBY48sAALnOegHen6ppNjrOnvY6hbrPbOQWjYkZIORyOeooA534dc6Pqx/wCo3f8A/o966bUZ0ttMu55DhIoXds+gUk0zS9KsNE0+Ow021jtbSLOyKMYAycn8yTXO/EW7l/4Rg6NaNi/1uVdOgA6gSf6xvose85+lAE/w5he3+G/hyNwQ39nwtg+6gj+ddLJGksbRyKGRwVZT0IPamWttFZ2kNrCu2KFFjRfRQMAfkKloA474dSvaaNc+G7lj9r0K4azOerQ/ehf6GMgf8BNavizT9DvtAmk8RRB9Ps/9KYmRk2lAcNlSDkZOPesrxVYXuk6tD4w0a3a4uLeLyNQs4x813bZzlfWRDkr6jIo1PTLP4iWWlXttqiT6EubhrVV+S6lGPLEhznapBJTucZ6UAeO+HLKNLLW7zUdD0y1kiY38kepaxdW8q2zgGLaqKdygEKDktu4ODgV6np1laaP8KdT1VdKbTJrrS5bm4tmuJJdmI2IGXJIODyOOTUd18MZPE08epeLtYkudThH+if2fGIIrI5BygOS5yBy5P0rRu/DHiPVfDl5oWr67a3cE0sKi5S1MUrwBwZUcA7clRgEAdTxzwAeICDRIrrQj9n0hIbXTi96Z/Dt03lkxoN02CPMyyvhlwBg9c123whaxsvEVzEIrGK5u3uWhEWi3EEjwl9ysJWO1YiAMKeR8ozmu5vvCuuXHjO61az1axtLC4tIbR4Ws/Odo0ZmK8sFGS7DODxjiotC8BT+FvFDX2kXsMunXC+VLBextJNbxAErHBJnhAcfIRgDuTQB2ssscMTyyuqRopZmY4CgckmuR+Hqvf2OpeJpkZX1y8a5iDDBFuoEcIP1Rd3/AqreIbp/Geqv4R0uQnTo2H9uXkZ4VOv2ZW/vt/Fj7q57nFdvFFHBCkMSKkcahURRgKBwAKAH0UUUAFFFFABRRRQAUUUUAFFFFABRRRQAUUUUAFFFFABRRRQAUVyPgDxynjrTr67TT2s/slybYqZfM3EAHOcD1rrqAEZQylWAIIwQe9cXJ4X1bwzcS3fgyWD7JI2+bRLtisBJ6mFxkxE+mCpPYV2tFAHGr8R9NssR+I7HUdAnHB+2W5aEn/ZmTKEe+RV9fiB4NePePFWi4976MH8ic10ZGRg9KpNo+mPJ5jadZs/8AeMCk/nigDnJPiX4elYxaQ13rlz2h0u2eb83wEH4tVd9I8SeMjt8QEaLoh+9plrNuuLgeksq8Kvqqde7V26IsaBEUKo6ADAFLQBBZ2dtp9nDZ2cEcFtCoSOKNdqqo6ACp6KKACs/XNFs/EOj3Gl36FoJ1wSpwyMOVZT2YEAg+orQooA4zw/4ju9Mv4vC/ipwmpj5bO+IxFqKDoQegkx95PXkZBrs6o6vo2na9pz2GqWkd1bOQSjjoR0II5BHqOa5hNF8X+HBt0TVoNZsF+7Z6uSsyD0WdQc/8DU/WgDtaK4//AITDXbb5dQ8CayretlNBcKfod6n8wKD4t8Q3fGm+BdTz/e1C5gt1H1wzn8gaAOwrhda1mfxhdzeGfDU7C3B8vVdWiPyW6fxRRN/FKRxxwo561K/hrxL4kG3xPrEdpYN97TdHLIJB6STn5yPUKFBrrNP06z0qxisbC2itrWFdscUShVUfSgA0+wtdK0+3sLKFYbW3jEcUajhVA4qzRRQAVwd/Fc+AdZudYs7eW48N3zmXULaFSzWcp6zoo5KH+NR0+8O9d5RQBBZXtrqVlDeWVxHcW0yh45Y23Kw9Qanrj7rwRJYXkuoeEtTbRbmVi81r5fm2c7erREjaT/eQj8awbn4la/onjCy8K6t4XivNRuoTPG+lXeRIgD8hJFXB/dtwW/OgD06iuP8A+E21KT5YPAviRpPSVbeNf++jLTGk8fa38kdvp3hu3PDSySfbLnH+yoAjB+pagDW8SeKrLw5FFGyPd6lc/LZ6fBzLcN7Dsvqx4Aqv4T8PXWnG71fWZI59e1Jg9y6cpCo+5DHn+BR+Zyan8P8AhHTvD8kt0jT3mpXA/wBI1C8fzJ5PbP8ACv8Asrge1b1ABRRRQBznizw7Pq0VtqGlTLba7pzGSynb7pz96J/VHHB9OD2p/hnxVb+IEltpYXsdYtcLeafNxJCfUf3kPZhwa6CsPxB4U03xEYp5/Otr+3/49r+0fy54f91h1H+ycj2oA3KK4xT490P5DHp/iW2XhX3/AGO5x7ggxt+G2obz4i3GliAan4M8QW8k8ywR7BBIrSN91Qwl70AdzUN3d21haS3d3PHBbxKXkllYKqgdyT0rlD4h8Yah8mm+DxZhuk+rXqIq+5SLex/SiDwTPqd1FfeL9UOsSxMHiso4/Ksom7Hy8neR6uT9BQBTtlm+Ier2uoSwyReFbGQS2scqlW1GYfdlZT0iXqoP3jz0xXe0AAAADAHQCigAooooApatpNhrmmy6fqdrHc2sow8bj8iD1BHYjkVyiQ+LfB4EVsj+JtFThEeQJfQL6bm+WYD3Kt9a7iigDkYfiZ4X3iG/vZNJue8GqQPbMv4sNp/AmrUvxB8Gwx728VaMR/sXsbH8gSa6GWKOZCksayIeqsMg1Wi0nTYJPMi0+0jf+8kKg/nigDmG+IMWo/u/C2jajrcp4EqxG3tgf9qWQAY/3Q1OsfCV9qmow6v4wuob25gbfa6fbgi0tW/vAHmRx/ebp2ArsaKACiiigAooooAKxfE/iKDw3pX2hkM93Mwhs7RPv3Mx4VFH16nsMmovEvi7T/DaRwyB7rU7ji0063+aadu2B2Hqx4FVfD3hu6W/PiHxE8dzrsqFUVOYrGM/8sov/Zm6t9KAJfCPhyXRbae+1KVbnXdRYTX9wOm7HEaeiIOB+feukoooAKKKKACiiigAooooAKKKKACiiigAooooAKKKKACiiigAooooAKKKKACiiigCrqOnWmrabcaffQLPa3EZjljYcMD/AJ61y3hO/u9E1A+DtbmMlxBHv0y8kP8Ax+2w4xnvInAYdcYPQ5rs6yvEHh+y8Sab9kvA6MjCSC4hbbLbyD7siN2Yfr0OQSKANWiuK0fxXdaPqKeHfGEkcN+eLTUduyC/Xtg9Ek9UJ+ma7WgAooooAKzNd8P6d4j042WpQeYgYPHIrFZIXHR0Ycqw9RWnRQBxKXfi/wAKkRXto/ibS14W7tdqXka/7cRwsn1Ugn0qzB8TPCMr+Vcaumnz/wAUGoo1s6n0IkArrajmt4blNk8Mcqf3XUMP1oA52f4ieDLZN7+KdIYekV2kh/JSTVJvHN1q37rwpoF9qTNwLy6ja1tV9yzjc30VTmuog0vT7V99vY20T/3o4VU/oKt0Acpo/hCUaomu+JL1dU1lM+TtTZb2gPaGMk4Pq5yx9q6uiigAooooA5TxfpF959n4l0OLzNY0wMPIzj7XbtjzIT78AqezD3ra0PXLDxFpUWo6dKXhfIZWGHjcfeR1/hYHgitGuU1bwlcR6rJrvhi9XTdWkwbiKRS1teY/56oOQ3+2vP1oA6uiuMXx9/ZWIvFmj3ujSDg3Kxm4tG9xKgOPowGK1bfxv4Uu4w8HiXSHX/r8jBH1BORQBvUVy958RfCFk2w6/ZXEp6Q2b/aJCfQLHuOaovqvirxSDDouny6Dp78NqOpIPtBH/TKDsfd8fSgCbxZrV1d3S+E/D8v/ABN7tQbm4XkWFufvSN6ORwo6knPQV0ek6VaaJpFppdhH5draxCKNe+B3PqT1J9areH/Dmn+G7J7eyWRnlcyXFzO++a4c9XdjyT+g7YrWoAK5/wAXaBNrmmRSWEq2+r2EourCdhkLKAflb/YYEqR6H2roKKAMPwv4lh8R6ezmJrXUbZvKvrGT/WW0o6g+oPUN0Ircrm/EHhJNUvU1fTLt9L12Fdsd7EMh1/uSp0kT2PI7EVnr4y1PQ/3Pi3QriALx/aOmxtc2rD+8QuXj+hB+tAHaUVztp498I3ybrfxLpR/2XukRh9VYgj8qbefEHwhYD994k0wt2SG4WVz9FTJ/SgDpK5vxX4lfSIotO0yIXev34KWVrnoe8r/3Y16k+2Kzm8T6/wCIR5PhbRZbeBuDqmrxmGNR6pEfnc+mQo9a1/DvhW20Fp7uS4m1DVrrH2rULnBklx0UY4RB2UcCgCbwxoEfhzQ4rEStPcMzTXVy/wB6eZzl3P1P5DA7VsUUUANkjSWNo5EV0cFWVhkEHqCK4fw9ct4M1dPCOpORpszE6JdydGXqbZj/AH1/hz95cdxiu6qjrGjafr2mS6dqdslxayj5kbsexBHII7EcigC9RXER/wDCV+D/AN15MvibRU+46sBfwL6EHCzY9chvrVy1+JPhSeTybjVU065/it9SVrWRT6ESAfpmgDq6Kw5fGfhaGPzJPEmkKnqb6P8A+KrJf4jadesYfDdlfeILjoPscJWFT/tTPhAPoTQB1V9fWumWM19fXEdvawIXklkOFUDvXJ+Gra68R683jDUoJIIFjMOj2sow0cLfemYdnkwOOygDvS23hbU9evodS8Y3EMqwsJLfR7Yk20LDo0hPMrj3+UdhXZ0AFFFFABXIah4SvNO1GfWPCF3DYXk533VjOpNpdt6sBzG/+2v4g119FAHGL8QE03934p0XUNFlHDTeUbi2P0ljBH/fQWr8XxC8GzR708U6MB/t3saH8iQa6Sqcuk6bPJ5k2n2kj/3nhUn8yKAOdm+JnhYOYbG/fVbn+GDTIHuWY/8AAAQPxIqtJH4t8XjypY38MaM/3wJA9/OvoCuVhB+rN9K7SKKOCMRxRpGg6KigCn0AUdI0fT9B0yLTtMtkt7WIfKi9z3JPUk9yeTV6iigAooooAKKKKACiiigAooooAKKKKACiiigAooooAKKKKACiiigDx/8AZ9/5F7X/APsKv/6AtewV4/8As+/8i9r/AP2FX/8AQFr2CgAooooAKKKKACiiigAooooAKKKKACiiigAooooAKKKKACiiigAooooAK8f8Q/8AJ0PhP/sFSf8AoN1XsFeP+If+TofCf/YKk/8AQbqgD2CiiigAooooAKKKKACiiigArN13RLXxBpE2nXRdVfDJLGcPFIpyrqezKQCPpWlRQBx0Hie+8ObbLxfCwRFATWbaJmt5gO8gAJhbjkH5fQ11FjqFlqdstzYXcF1A33ZIJA6n8RVnrXNX3gLw3fXD3S6f9ju25NzYSNbSZ9d0ZGT9c0AdLRXIjwpr9mNumeN9SCDomoW8N0P++sK3/j1OCfEC24Evhu/A6MyT2zH64MgoA6yiuU/tvxjDxP4Pgmx/FZ6qjZ/CREpreMNXg/4+vA2vL/1we2m/lLQB1tFcf/wsBV/1nhPxWn/cMLf+gsaP+Fjaev8ArdE8Sw/9dNGn/otAHYUVx/8AwsvQB96DWU/3tIuf/iKP+FneGB96XUk/3tJuv/jdAHYUVx//AAsrQn/49rbWrn08nSLk5/NBSH4gB+Lfwn4qmY9B/ZhiB/GQqBQB2NFcb/b/AI2veLLwZBaKekupamgx9UjDn9aYdA8bawf+Jv4og0yAn5rfRLfDEf8AXaXJB+iigDptX1vS9AsmvNWv4LO3H8czhc+wHUn2FcfJ4p8TeKkMPhDSHsrR+P7Y1VNigescJ+Z++CcCtfS/h94d0u8W+a1kv9QHP2zUZmuJc+oLkgfgBXUUAc74Z8G6f4bMtyHlvtVuObnUbpt80p9M/wAK+ijiuioooAKKKKACiiigAooooAKKKKACiiigAooooAKKKKACiiigAooooAKKKKACiiigAooooAKKKKAKWq6Tp+uafJYanaRXVrIPmilXI+vsfcc1xa6f4t8Dvt0gP4k0EDIs7iYLd2w9I3PEi47HntXoNFAHNaD480LXrk2Mc8lnqa8Pp98hhnU/7rdfwzXS1k634Z0TxJAsWsabb3apyjOvzJ/usOR+Brnx4F1HSsHw34t1SyRelte4vYAPQB/mUfRqAO2orjhe/EKwH7/RtC1VR3tLyS2c++11Yf8Aj1H/AAm2pWvy6n4I8QQv62qRXSfmj5/SgDsaK4//AIWNpyf8fGi+JLf3l0af+imj/hZ3hfoZtSVv7p0m6yP/ACHQB2FFcf8A8LM8On7q6s/+7pFz/wDG6P8AhZGjt/qtP1+U+iaPcf8AxFAHYUVx/wDwsK3P+r8NeKn+mjyj+eKP+E7nfiHwX4pkPbdaRxj/AMekFAHYUVx//CWeJZf+PbwDqZ95722i/wDZzSf2x48uOIfCWmWv+1davu/RIz/OgDsaK477P8RbviS/8N6cp7wW01yw/FmQfpSjwdrN5zrHjbV5h/zzsEjsl/NAX/8AHqAOh1TW9L0S2NxqmoW1pEBnM0gXP0HUn2FcM2kx+Ptbs7r/AIR+Gx0C0mW5M93aKs9+45VQpGVi7ndy3HFdTpXgrw9o9x9qttNje8PW7uSZ5j/20clv1rfoArWmnWNgpWzs7e2U9RDEqfyFWaKKACiiigAooooAKKKKAKF3omk37l7zS7K5c/xTW6Of1FeXfAECbQ9bmlHmSx6k8aO3JVdq/KD2HtXsFeP/ALPv/Iva/wD9hV//AEBaAPYKKKKACiiigAooooAKhubS2vI/LureKeP+7KgYfkamooAy4/DWgwyeZFommo/95bSMH88VpgBVCqAABgAdqWigAooooAKKKKACiiigAooooAKKKKACiiigAryvwpq2pXHx48XadPqF3LYwWytDbPMzRRn91yqk4HU9PU16pXj/AIO/5OJ8a/8AXon/ALSoA9gooooAKKKKACiiigAooooAKKKKACiiigAooooAKKKKAPE7D4MeK9H+0JpPj6WwhnlMzxwQuoLHucPzxirn/Cr/AIgf9FPvv++JP/i69gooA8f/AOFX/ED/AKKfff8AfEn/AMXR/wAKv+IH/RT77/viT/4uvYKKAPH/APhV/wAQP+in33/fEn/xdH/Cr/iB/wBFPvv++JP/AIuvYKKAPH/+FX/ED/op99/3xJ/8XR/wq/4gf9FPvv8AviT/AOLr2CigDx//AIVf8QP+in33/fEn/wAXR/wq/wCIH/RT77/viT/4uvYKKAPH/wDhV/xA/wCin33/AHxJ/wDF1znjnw7498E+GJdak+ImoXaxyInlKXQnccZzuNfQdeZ/Hr/kll3/ANfMP/oVAGFp3w7+IGoaZaXo+Jt+guIUlClXO3cAcZ3+9Wf+FX/ED/op99/3xJ/8XXpvhz/kV9I/68of/QBWnQB4/wD8Kv8AiB/0U++/74k/+Lo/4Vf8QP8Aop99/wB8Sf8AxdewUUAeP/8ACr/iB/0U++/74k/+Lo/4Vf8AED/op99/3xJ/8XXsFFAHj/8Awq/4gf8ART77/viT/wCLo/4Vf8QP+in33/fEn/xdewUUAeP/APCr/iB/0U++/wC+JP8A4uj/AIVf8QP+in33/fEn/wAXXsFFAHj/APwq/wCIH/RT77/viT/4urPhv4Ua7pvj3TfFGteLX1eWyR4wssTbirI6gBixwAXJ/OvV6KACiiigAooooAKKKKACiiigAooooAKKKKACiiigAooooAKKKKACiiigAooooAKKKKACiiigAooooAKKKKACiiigAooooAKKKKACiiigAooooAKKKKACiiigAooooAKKKKACiiigAooooAKKKKACiiigAooooAKKKKACiiigAooooAKKKKACiiigAooooAKKKKACiiigAooooAKKKKACiiigAr5t+HXjyfwFYapZXHhjVrxrm+edXhiIULgAdRz0r6SooA8g/wCF7/8AUla5/wB8f/Wo/wCF7/8AUla5/wB8f/Wr1+igDyD/AIXv/wBSVrn/AHx/9aj/AIXv/wBSVrn/AHx/9avX6KAPIP8Ahe//AFJWuf8AfH/1qP8Ahe//AFJWuf8AfH/1q9fooA8g/wCF7/8AUla5/wB8f/Wo/wCF7/8AUla5/wB8f/Wr1+igDyD/AIXv/wBSVrn/AHx/9aj/AIXv/wBSVrn/AHx/9avX6KAPIP8Ahe//AFJWuf8AfH/1qhh/aCtrl5Eg8JavK8R2yKmGKH0OBx0Ney14/wDBr/kcviN/2Ff/AGpNQAv/AAvf/qStc/74/wDrUf8AC9/+pK1z/vj/AOtXr9FAHkH/AAvf/qStc/74/wDrUf8AC9/+pK1z/vj/AOtXr9FAHkH/AAvf/qStc/74/wDrUf8AC9/+pK1z/vj/AOtXr9FAHkH/AAvf/qStc/74/wDrUf8AC9/+pK1z/vj/AOtXr9FAHkH/AAvf/qStc/74/wDrUf8AC9/+pK1z/vj/AOtXr9FAHkH/AAvf/qStc/74/wDrVQ+F2oT678YfEuuvpl5YwXtkCiXMZUggxgjPQ9K9uooAKKKKACiiigAooooAKKKKACiiigAooooAKKKKACiiigAooooAKKKKACiiigAooooAKKKKACvM/j1/ySy7/wCvmH/0KvTKo6to2na7Ymy1S0iu7YsGMUoypI6ZHegCLw5/yK+k/wDXlD/6AKQeJdEfVI9Lj1W0lv5CdttFKHk4GSSoyQPc18/fF3wN4u0aN72DV9R1Tw4ox5TSsfsijoGQfLt/2gPrjjOh8E7bU9G8PTa5pnhiHV2u5Gikniv1jniVT9zY6gY6Nw3OR6AAA+haKwdD8TnWbqS0l0PWNMnjTeRfW21DyB8rqSrHnoDmt6gAooooAKKKKACiiigAooooAKKKKACiiigAooooAKKKKACiiigAooooAKKKKACiiigAooooAKKKKACiiigAooooAKKKKACiiigAooooAKKKKACiiigAooooAKKKKACiiigAooooAKKKKACiiigAooooAKKKKACiiigAooooAKKKKACiiigAooooAKKKKACiiigAooooAKKKKACiiigAooooAKKKKACiiigAooooAKKKKACiiigAooooAKKKKACiiigAooooAKKqX+q6dpUXm6jf2tnH133Eyxj8yRWHa/EHw3qGoQ2Om3smoTSyCMGzt5JY1ycZaRV2gepJoA6evH/g1/yOXxG/7Cv/ALUmr2Cua8MeCrDwrquuX9nNcSSavci4lWVgQhyxwMAd3b8MemSAdLRRRQAUUUUAFFFFABRRRQAUUUUAFFFFABRRRQAUUUUAFFFFABRRRQAUUUUAFFFFABRRRQAUUUUAFFFFABRRRQAUUUUAFFFFABRRRQAUUUUAIyq6lWAZSMEEZBFY3h/wtpvhdr9NJjNva3k/2g2y/cjkIAYoOwIC8dBjj0raooAKKKKAORn+Hth9okn03V9d0qSRi7C01FyhYnJOyTcvX2rT0LSdY0yWYaj4il1aBgBEs1rHG8Z75ZAN3btW3RQAVxx+IthakjV9F1/SlHBkudOd4/8AvuLeK7GigDJ0PxNoniWKWTRtTt70RYEoib5o85xuHUZwevoa1qYsUaSPIsaq743MBgtjpk96V13xsu5l3AjcvUe4oAdRXHf8In4ls+NM8d3+wdE1G0huf/HgEb9a29Cj1+KGZNeudOuJAw8mSyhePK99wZm5+hoA1qKjnl8i3lmKSSeWhbZGu5mwM4A7n2rkh8T/AAxEQmoz3mlSdNmo2M0GPxZdv60AdjRVLS9Y0zW7Y3Olaha3sAO0yW0qyAHrgkHg+1XaACiiigAooooAKKKKACiiigAooooAKKKKACiiigAooooAKKKKACiiigAooooAKKKKACiiigAooooAKKKKACiiigAooooAKKKKACiiigAooooAKKKKACiiigAooooAKKKKACiiigAooooAKKKKACiiigAooooAKKKKACiiigAooooAKKKKACiiigAooooAKKKKACiiigAooqC5vLWyj8y6uYYE/vSuFH5mgCeikVldAysGVhkEHIIrJ13WrjR44Ps2iajqkkxICWaphMd3LMoA/OgDXorjv7Y8eXvFp4U0/Tx2fUdT3/8AjsSt/wChV2AzgZxnvigBazr/AF/RtKYLqGrWNoxOAs9wiEn0AJqvr3hfTfEhtxqf2t4od2IYruSFHzj7wRhuxjjPqfWodN8D+FtIIax8P6dFIOkn2dWf/vogn9aAN+sPXdQ8QWk0MOiaDDqAdSXnnvRAkR9CNrMfwFblFAHJW9r4+u7qJ77U9C0+3VwzxWdrJO7rnld7soGRxkLXW0UUAZ91oWkX1+l9eaXZXF2iCNJ5oFd1UEnAYjIGST+NX1VUUKqhVAwABgClooAKKKKACiiigAooooAKKKKACiiigAooooAKKKKACiiigAooooAKKKKACiiigAooooAKKKKACiiigAooooAKKKKACiiigAooooAKKKKACiiigAooooAKKKKACiiigAooooAKKKKACiiigAooooAKQgMCCAQeCDS0UAQ29pbWgcW1vDCHbe4iQLubpk46ngUXcBurOe3E0sBljZPNhba6ZGNynsR1BqaigDjv+EU8TWvGn+PL/YOi39lBc/mQEP61v6JDrEFkya3eWl3ciQ7JbWBolKYGMqWbnOehx0rSooAgvbh7SxnuI7aW5eNCywQ43yEfwrkgZPua5lfiBaR/8f8AoPiOwUdWm0uSRR+MW8V1tFAFHSdYsdbsvtenzGWDcU3NGyEEdQQwBH5Veoqtf2FrqlhNY3sImtp12SRsSAw9OKALNFcd/wAK00GH/kHz6xpp9bPVZ0/QuR+ldFo+mHSNPFob+9vsMW869lEknPbIA4FAF+iquoi/OnzDTGtlvdv7o3KsY8/7QUg4+lcz9r+IltzLpHh29Hpb30sJP/fUZH60AdhRVHSLnULvT0m1PTl0+6JIa3WcTBRng7gBnPXpT9T1CPS9OmvZYbiZIgCUtoWlkPIHCryevagC3RXH/wDC0PCUfF1f3Fm3cXdjPFj8WQD9a6TS9VsNa0+O/wBMu4rq0kzslibKnBwf1BoAuUUUUAFFFFABRRRQAUUUUAFFFFABRRRQAUUUUAFFFFABRRRQAUUUUAFFFFABRRRQAUUUUAFFFFABRRRQAUUUUAFFFFABRRRQAUUUUAFFFFABRRRQAUUUUAFFFIzKilnYKo6knAFAC0Vk3Xijw/Y5+167plvjr5t3Gv8AM1fs7211Gziu7K4juLaUbo5YmDK49QR1oAnoqhrGqjR7A3Zsr68+YL5VlAZZDnvtHb3rnf8AhM9XuP8Ajw8Ca9IfW5aC3H/j0mf0oA7Giq9hNcXFhBNd2htLh0BkgMgfyz6bhwfwqvrMWrzWITRbq0trouMyXULSqF5zhQy89O9AGhRXHf8ACNeLrj/j78dyop6rZaZDF+Rfea6qyt2tLGC3e5muWiQIZ5iC8hA+82ABk+wFAEkkscMZklkVEHVmOAPxrBvvHfhLTci78SaXGw6oLpGb/vkEmtLVtE0vXrVLbVrCC9gSQSrHOgZQwBAOD7E/nSWOg6PpmP7P0qxtMdPs9ukePyAoAtWd3Bf2UF5ayCS3njWWJwCNysMg8+xqlreoahp1okmm6NNqs7ybPJjmji2jBO4s5Axxjuea06KAOO/tD4hXv+o0HQ9OH/T5qDzN+UaAfrXWW/n/AGaL7SYzcbB5piBC7sc7c84z0zUtFAGVrnh+z8Q28Vvey3iRRvuK211JBv4xhihBI9qyrb4aeDLWTzB4dsppP790puCfxkLV1VFADURY0VEUKigBVUYAHoKdRRQAUUUUAFFFFABRRRQAUUUUAFFFFABRRRQAUUUUAFFFFABRRRQAUUUUAFFFFABRRRQAUUUUAFFFFABRRRQAUUUUAFFFFABRRRQAUUUUAFFFFABRRRQAUUUUAFFFFABRRRQAUUUUAFFFFABRRRQAUUUUAFFFFABRRRQAUUUUAFFFFABRRRQAUUUUAFFFFABRRRQAUUUUAFFFFABRRRQAUUUUAFIqqgwoAHoBS0UAVNU0uy1nTptP1G3W4tJgBJExOGwQR09wDXNf8Kw8LJ/x7W19aN2NtqVxHj8A+P0rsKKAKelabHpGmxWMU91OkecSXU7TSHJJ5ZiSeuB7Yo1W2vLzTZYLDUG0+5bGy5WJZCmCCflbg5AI59auUUAcf/YnjqHmLxlY3H+zc6OB+qSD+VdJpa6immxLq0ttLfDPmPaxskZ5OMKxJHGM89c1cooAp6rcX1rpss2m2KX12uNlu84hD8gH5yDjAyenOMVzf/CS+L4/9b4BnYdzBqlu3/oRWuwooAp6Xdz32nQ3N1YTWEz53W0zKzpgkclSRzjPB70arqSaTp0t7Jb3dwkeMx2kDTSHJA4VeT1yfarlFAHH/wDCytEX/XWmuQf9dNHuR/JK6XTNStdY06G/s2ka3lBKGSJo24JByrAEcg9RVuigCnqurWGiafJqGp3UdraRkB5ZDhVyQB+pFYcfxH8FS/d8UaUP965Vf5muoIBGCMiq8lhZzf620gf/AHowf6UAFlfWmpWcd5YXUN1bSAlJoJA6Ng4OCODyCKknuIbaIy3E0cUY6vIwUD8TSwwxW8SxQRJFGvREUKB+AqG/0+y1Sze01C0t7u2fG6G4jEiNg5GVIx1GaAGLq2mv93ULRvpMp/rVpJElQPG6uh6MpyDXOt8PfBrdfCujfhZRj+lben6fZ6VYxWVhbRW1rFkRwxKFVcnJwB7k0AWaKpatpGn67p0mn6nax3VpIQXik6Nggj9QK5z/AIVZ4J7aBAv+7JIP5NQB2FFVNM0yz0fTodPsIfJtYQRHHuLYySTyST1Jpuq6VZ63p0lhfpI9vIQWWOZ4jwQR8yEEcjsaALtFcf8A8Kv8J/8APpff+DW7/wDjtdLpmm2ukadDYWSOlvCCEV5WkIySeWYknknqaALdFUtW0mz1vTpLC/SR7aQgssczxE4II+ZCCOR61zn/AAq7wh302dv96/uD/OSgDsKKqaZplno+nQ2FhF5VrCCETcWxkknkkk8k03VdJsNc06TT9TtY7q0kILxSDKtggj9QKALLXEKfemjX6sBTkdJEDoysp6FTkGuVX4Y+CF6eGNN/GEGuj0/TrPSrGKx0+2itrWIERwxLtVcnJwPqTQBJcXMFpC01zNHDEvV5HCqPxNZkni3w3D/rfEOkp/vXsY/rWhfWFnqdo1pf2kF3bOQWhuIxIjYORlSMcEA1nx+E/DcP+q8P6Un+7Zxj+lAGjZ3trqNpHd2VzDc20mSk0EgdGwcHDDg8g1Dq2r6foWnSahqd0ltaRkB5XzgEnA6e5FWYIIbaFYbeJIol+6kahVH0AqSgDj/+FpeDD9zWDJ/1ztZn/khrpdM1K11fTob+yd3tpgSjPG0ZOCR91gCOR3FW6KAKWrakukadJeNaXl0EIHlWcBlkOTjhRya5z/hPJn/1PgzxVIe2bJIx/wCPyCuwooAqabdy3+nw3M1lPZSSAk28+3enOOdpI9+D3pmrT6jb6e8mlWUN5dggJDNP5KkZ5Jbaeg56VeooA4/z/iNNylj4YtR6SXU8pH5Io/Wum00X40+Eao1s17j96bVWWPOf4QxJ6Y6mrVFAFHV7K7v9Pe3stTm06ZiCLiGNHYAHkAOCOfpXO/8ACC3cvN1418TyHuI7mKEf+ORg/rXYUUAVdOshp2nw2a3FzcCJcebcymSRvdmPJNM1XR9O1yxNlqlnFd2xYMYpVypI6HFXaKAMS18HeGLHH2Xw7pMJHdLOMH88VsxxpFGscaKiKMBVGAPwp1FABRRRQAUUUUAFFFFABRRRQAUUUUAFFFFABRRRQAUUUUAFFFFABRRRQAUUUUAFFFFABRRRQAUUUUAFFFFABRRRQAUUUUAFFFFABRRRQAUUUUAFFFFABRRRQAUUUUAFFFFABRRRQAUUUUAFFFFABRRRQAUUUUAFFFFABRRRQAUUUUAFFFFABRRRQAUUUUAFFFFABRRRQAUUUUAFFFFABRRRQAUUUUAFFFFABRRRQAUUUUAFFFFABRRRQAUUUUAFFFFABRRRQAUUUUAFFFFABRRRQAUUUUAFFFFABRRRQAUUUUAFFFFABRRRQAUUUUAFFFFABRRRQAUUUUAFFFFABRRRQAUUUUAFFFFABRRRQAUUUUAFFFFABRRRQAUUUUAFFFFABRRRQAUUUUAFFFFABRRRQAUUUUAFFFFABRRRQAUUUUAFFFFABRRRQAUUUUAFFFFABRRRQAUUUUAFFFFABRRRQAUUUUAFFFFABRRRQAUUUUAFFFFABRRRQAUUUUAFFFFABRRRQAUUUUAFFFFABRRRQAUUUUAFFFFABRRRQAUUUUAFFFFABRRRQAUUUUAFFFFABRRRQAUUUUAFFFFABRRRQAUUUUAFFFFABRRRQAUUUUAFFFFABRRRQAUUUUAFFFFABRRRQAUUUUAFFFFABRRRQAUUUUAFFFFABRRRQAUUUUAFFFFABRRRQAUUUUAFNd1jjZ3YKiglmJwAPWnVwPxfv9YtPAV9Do9sWM8MgurkthYIApLn/eb7o+pPagDpLrxdoFl4et9eutTih0u42eVcOCA+77uBjP6dMmtlWV1DKwZWGQQcgivM9KsZ7rxnptj4hsYEtI9PnXSdOjYPFDCmyMySf3ndXwB0VcjqTTvB19r+n+GLmfT7I6noqQTHS4Hl/wBJidJDGtux6MnGQ3UAYOeKAO9h1nTri7u7WK8iM9nII51JxsYqGAyeDwwPHrSabrem6vb+fYXkc0fmPFkcEsjFWGDg8EEV4jJbyJ4HsJtS07T73WbvxJd293NJZJdfOTJvKK7KOsSDqOFFW/h7o1tpPjXS9Mk022kH2e4uEubnSoYZ1dWUgh0lkJ++R2wAMZ7AHrtz4n8P2dw9vda7pkE8Zw8ct3GrKfQgnIqL/hMPDH/Qx6R/4HRf/FVwAle1l1g2dhpc97e+LWshJf2/mqitChzwQe3r3qt4rF1Hofi/SNV0/QvNttFW8hnsLMxEb2kXB3Memzt60Aer3up2enC2N3MI/tM628PBO+Rvurx64PtWbe+NfC+m3ktnfeIdMtrmI4kilukVlPXBBPFcL8VTp0NzoU1x4k1C1l/tC2zZWs6llQbsyJEFLluRyM9elZ2n+JDYXevaXZ2uqNqd5qRlt7iTTBdMVW3t94dS6fOAQSOMbvwoA9gsr601KzivLG5iubaUZjlicMrDpwR1qxXMfDs2J8AaP/Zsk8loISEkuIwjvhiCxUEgZOSOehFdPQAUUUUAFFFFABRRRQAUUUUAFFFFABRRRQAUUUUAFFFFABRRRQAUUUUAFFFFABRRRQAUUUUAFFFFABRRRQAUUUUAFFFFABRRRQAUUUUAFFFFABRRRQAUUUUAFFFFABRRRQAUUUUAFFFFABRRRQAUUUUAFFFFABRRRQAUUUUAFFFFABRRRQAUUUUAFFFFABRRRQAUUUUAFFFFABRRRQAUUUUAFFFFABRRRQAUUUUAFFFFABRRRQAUUUUAFFFFABRRRQAUUUUAFFFFABRRRQAUUUUAFFFFABRRRQAUUUUAFFFFABRRRQAUUUUAFFFFABRRRQAUUUUAFFFFABRRRQAUUUUAFFFFABRRRQAUUUUAFc54/s7nUPAGu2dnA89zNZyJHFGMs7EcACujooA5HSLDULvx3d6vd2jW1rZWCadaeZ96YsVkkkA7LkIo/wB01Z8AWN1pvgyztbyB4J0luC0bjBAaZ2H5gg/jXS0UAeKaxomuXmk22mJ4bv7hIvEN3qEknkQOhjaScKAkzAMTvVhkYwc5zVjw1omq6T470zUU8LX0VqIZbeZxZWNtsMjJhiIX+ZRtJOckdgcmvY6KAPLzo+qS3Gv2V54Nk1Oxm1p763lN+sGT5aKGAyD2PNUda0HU4vC2uWuk+AJba51C0MDyjVFmYgZwMFiTjJ4HrXr1FAHC+LNNW78R+Hks9ClkvVv7e5uNQS3XakMe7KtJ1yOy+9cvrfhzxFrF/rWnaVp09pdzazJd2+sSv5UUERt4o2xgFn3jcuAMd88V7FRQBgeDBPB4ZtbC40eXSnsVFr5DyCRSEAAZGH3lPqQD14rfoooAKKKKACiiigAooooAKKKKACiiigAooooAKKKKACiiigAooooAKKKKACiiigAooooAKKKKACiiigAooooAKKKKACiiigAooooAKKKKACiiigAooooAKKKKACiiigAooooAKKKKACiiigAooooAKKKKACiiigAooooAKKKKACiiigAooooA/9kNCmVuZHN0cmVhbQ1lbmRvYmoNMTA1IDAgb2JqDTw8L0NvbnRlbnRzIDEwNiAwIFIgL01lZGlhQm94IFswIDAgOTYwIDU0MF0gL1BhcmVudCAyIDAgUiAvUmVzb3VyY2VzIDw8L0V4dEdTdGF0ZSA8PC9HUzggOCAwIFI+PiAvRm9udCA8PC9GVDEwIDEwIDAgUiAvRlQxNSAxNSAwIFI+PiAvWE9iamVjdCA8PC9JTTEwNyAxMDcgMCBSIC9JTTEwOSAxMDkgMCBSIC9JTTkgOSAwIFI+Pj4+IC9UeXBlIC9QYWdlPj4NZW5kb2JqDTEwNiAwIG9iag08PC9GaWx0ZXIgL0ZsYXRlRGVjb2RlIC9MZW5ndGggMzY0Pj4NCnN0cmVhbQ0KeJyNUsFKAzEQvQv5hzkXTDOTTJIFEdpuWxQ8qAE/QGyhWGXrwd93kqztugqWsLvD25k3702mUwhGzmX+sDPwvFedykjjK3B4UU8TeJO8fA5b+T1dP0bYfozTNhN1r4w2DJ+K4E6eW3l2Jc3Aw/pY15Wq0pZto5lybwmCz+2nN3cNtO8gXEJU20pxp+ZJTVcJDRAhpE1tVVhKhKQRAzB5jWQh7dWVXy3cddoBopUkSG1GoiAXyyRaz6dkjSaeQ1ltlSlZD4xOR9gLWqPXHFnU5CTM/4dxn1GmWJQdJ/6PRO490/kCh/OUcm7+YGanSd5eW3aF2fj5KjOzNz2z4Rn9RGyIZowsl6fuIlMutQMStxRcbRec9jJmG0lHbwGd0+Z7FdCE0zIMNFtp8Fuzk5tqglDIWALXJTAOs4BS0cueucUICW0YIQ23Y6SaHSA+8sBaWfwOvFgoimy+XXETNXtwYtKeTPUbns8XtIu6yw0KZW5kc3RyZWFtDWVuZG9iag0xMTIgMCBvYmoNPDwvQml0c1BlckNvbXBvbmVudCA4IC9Db2xvclNwYWNlIC9EZXZpY2VSR0IgL0ZpbHRlciAvRENURGVjb2RlIC9IZWlnaHQgNzc3IC9MZW5ndGggODE2NjMgL1N1YnR5cGUgL0ltYWdlIC9UeXBlIC9YT2JqZWN0IC9XaWR0aCAxMjA5Pj4NCnN0cmVhbQ0K/9j/4AAQSkZJRgABAQAAAQABAAD/2wBDAAgGBgcGBQgHBwcJCQgKDBQNDAsLDBkSEw8UHRofHh0aHBwgJC4nICIsIxwcKDcpLDAxNDQ0Hyc5PTgyPC4zNDL/2wBDAQkJCQwLDBgNDRgyIRwhMjIyMjIyMjIyMjIyMjIyMjIyMjIyMjIyMjIyMjIyMjIyMjIyMjIyMjIyMjIyMjIyMjL/wAARCAMJBLkDASIAAhEBAxEB/8QAHwAAAQUBAQEBAQEAAAAAAAAAAAECAwQFBgcICQoL/8QAtRAAAgEDAwIEAwUFBAQAAAF9AQIDAAQRBRIhMUEGE1FhByJxFDKBkaEII0KxwRVS0fAkM2JyggkKFhcYGRolJicoKSo0NTY3ODk6Q0RFRkdISUpTVFVWV1hZWmNkZWZnaGlqc3R1dnd4eXqDhIWGh4iJipKTlJWWl5iZmqKjpKWmp6ipqrKztLW2t7i5usLDxMXGx8jJytLT1NXW19jZ2uHi4+Tl5ufo6erx8vP09fb3+Pn6/8QAHwEAAwEBAQEBAQEBAQAAAAAAAAECAwQFBgcICQoL/8QAtREAAgECBAQDBAcFBAQAAQJ3AAECAxEEBSExBhJBUQdhcRMiMoEIFEKRobHBCSMzUvAVYnLRChYkNOEl8RcYGRomJygpKjU2Nzg5OkNERUZHSElKU1RVVldYWVpjZGVmZ2hpanN0dXZ3eHl6goOEhYaHiImKkpOUlZaXmJmaoqOkpaanqKmqsrO0tba3uLm6wsPExcbHyMnK0tPU1dbX2Nna4uPk5ebn6Onq8vP09fb3+Pn6/9oADAMBAAIRAxEAPwD0zxJeSwy4RiK5v+1bj++a2/FX+urC0j/kN2H/AF8x/wDoQoAd/atx/fNH9q3H9816vRQB5R/atx/fNH9q3H9816vRQB5R/atx/fNH9q3H9816szBVLE4A61ELqE/8tFH1NAHl39q3H980f2rcf3zXqyurZ2sDjrg0tAHlH9q3H980f2rcf3zXq9FAHlH9q3H980f2rcf3zXq9FAHlH9q3H980f2rcf3zXq9FAHlH9q3H980f2rcf3zXq9FAHlH9q3H980f2rcf3zXq9FAHlH9q3H980f2rcf3zXq9FAHlH9q3H980f2rcf3zXq9FAHlH9q3H980f2rcf3zXq9FAHlH9q3H980f2rcf3zXq9FAHlH9q3H980f2rcf3zXq9FAHlH9q3H980f2rcf3zXq9FAHlH9q3H980f2rcf3zXq9FAHlH9q3H980f2rcf3zXq9FAHlH9q3H980f2rcf3zXq9FAHlH9q3H980f2rcf3zXq9FAHlH9q3H980f2rcf3zXq9FAHlH9q3H980f2rcf3zXq9FAHlH9q3H980f2rcf3zXq9FAHlH9q3H980f2rcf3zXq9FAHlH9q3H980f2rcf3zXq9FAHlH9q3H980f2rcf3zXq9FAHlH9q3H980f2rcf3zXq9FAHlH9q3H980f2rcf3zXq9FAHlH9q3H980f2rcf3zXq9FAHlH9q3H980f2rcf3zXq9FAHlH9q3H980f2rcf3zXq9FAHlH9q3H980f2rcf3zXq9FAHlH9q3H980f2rcf3zXq9FAHlH9q3H980f2rcf3zXq9FAHlH9q3H980f2rcf3zXq9FAHlH9q3H980f2rcf3zXq9FAHlH9q3H980f2rcf3zXq9FAHlH9q3H980f2rcf3zXq9FAHlH9q3H980f2rcf3zXq9FAHlH9q3H980f2rcf3zXq9FAHlH9q3H980f2rcf3zXq9FAHlH9q3H980f2rcf3zXq9FAHlH9q3H980f2rcf3zXq9FAHlH9q3H980f2rcf3zXq9FAHlH9q3H980f2rcf3zXq9FAHlH9q3H980f2rcf3zXq9FAHlH9q3H980f2rcf3zXq9FAHlH9q3H980f2rcf3zXq9FAHlH9q3H980f2rcf3zXq9FAHlH9q3H980f2rcf3zXq9FAHlH9q3H980f2rcf3zXq9FAHlH9q3H980f2rcf3zXq9FAHlH9q3H980f2rcf3zXq9FAHlH9q3H980f2rcf3zXq9UtY/5BNz/uf1oA81/tW4/vmj+1bj++a6zw/wD8f8n/AFxb+YrfqmrCTPNP7VuP75o/tW4/vmvU4f8AV/jUlSM8o/tW4/vmj+1bj++a9XooA8o/tW4/vmj+1bj++a9XooA8o/tW4/vmj+1bj++a9XooA8o/tW4/vmj+1bj++a9XooA8o/tW4/vmj+1bj++a9XooA8o/tW4/vmj+1bj++a9XooA8o/tW4/vmj+1bj++a9XooA8o/tW4/vmj+1bj++a9XooA8o/tW4/vmj+1bj++a9XooA8o/tW4/vmj+1bj++a9XooA8o/tW4/vmj+1bj++a9XooA8o/tW4/vmj+1bj++a9XooA8o/tW4/vmj+1bj++a9XooA8o/tW4/vmj+1bj++a9XooA8o/tW4/vmj+1bj++a9XooA8o/tW4/vmj+1bj++a9XooA8o/tW4/vmj+1bj++a9XooA8o/tW4/vmj+1bj++a9XqGfqtAHl39q3H980f2rcf3zXpdFOwHmg1W4z981L/alx/fNZY61NSA6TxV/rqwtI/wCQ3Yf9fMf/AKEK3fFX+urC0j/kN2H/AF8x/wDoQoA9ZooooAKjlnhgAMsqRg9N7AZqSuV8Yxti3ctlC2Avvg0McVd2Nu81KwjspnkvrZEVCWZpVAA9zmue/wCEi0P/AKDWm/8AgXH/AI1wfioD/hEtW4H/AB7NXhmxf7o/KocjVUz6RufEgtr+5fTtXt0V2yrLIrqeOuM4NcXrPjT4jafI8tlr9jfw5yEjtogwGe//ANauL0sD+zLfgfd/rV6IDf0qHUYuQ2dM/aA8SWcgXVdNs7tAcNsBif8AqP0r1Twl8WvDPiyRLZJ2sb9uBbXWFLH/AGW6N/OvD59OtLnPmQJuP8QHNcXqlkbO6Jjz5Wflb0NVGdyXGx9v0V4N8P8Ax/4lj8MGG9kS4QfLazzZMgUdc/3h6ZrpbTxP4mkLXEMkk8an5h5QKj8ua9SjltarT9pok+5xVcZTpz5N/Q9UorF8OeIYtfs2cKI7iM4ljz09x7VtVxVKcqcnCas0dEJxnFSjsFBIHU4oqtcOS23sKgoSTUrGGQxy3tujr1VpVBH4ZpF1TT3OFvrYn2mX/GvKfFQH/CTX3A+8v/oIqppgHnvwPu/1pXGz2P8AtCy/5/Lf/v6v+NWFZXUMjBlPIIOQa8pwPQVzWq/EjUNP8X6XbWMl7Jp2mwqt7b2qbjM/JIPBxjgZp9UhdGz3yivnax+KFzB8Sb3WZLXVpbCWIqmm72JjOF52dB0PbvXp/hL4lw+K9a/s2PRNQsz5bSebcJheO3TrQldA3Y7qivHvHXxNudE+ItjplpqKW2nWwUagTEJMknJGOuQvp3NYOrfE6yuPilpuq2mr3q6BEiieMF1QnBzlO/UdqFrbzB6XPf6K4vRvir4U17V7fS7C8le6uCVjVoWUEgE9foDXZsQqknoBmiwC0VXEkzjcoQA8gHJNBkmUZLRADuc0Ec6LFFV9856GP8jQZJlGWaID1ORQHOixRVfzJsgbosnoMGgSTHOGiOOD1oDnRYoqv5kxJAaLI6jnigyTA4LQg9ec0BzosUVUS5aQEpNbsB1KtnH607zZRnLQ8devH1p2D2iZZoqKOVmbY4G7GQV6EVLSKTuFFFFAwooooAKKKKACiiigAooooAKKKKACiiigAooooAKKKKACiiigAooooAKKKKACiiigAooooAKKKKACiiigAooooAKKKKACiiigAooooAKKKKACiiigAooooAKKKKACiiigAqOSUJx1NSVUm/1rVUVdiY77Q3oKPtD+gqKoprhINu8OSegVSa0UL6JE3LX2h/QUfaH9BUEciSxiSNtynoahe9gjfY5YNnH3DTVO7skFy79of0FH2h/QVSW+gdC6sxUDJOw06O5jlcIm4kgnlcYx603Ta6BzFv7Q/oKPtD+gqqLhDHE4DYkbaoxzTUu4JHCrIORnJOO+KXs/ILlz7Q/oKPtD+gqj9ug3svz/AC/xBSQfoaVLyJojIVkRVGW3IRj2p+yfYOYu/aH9BR9ob0FVPtSf3Jv+/Tf4VIjh13AMB/tDBpOFt0Fy5HKH46GpKqw/60VarKSsykFUtY/5BNz/ALn9au1S1j/kE3P+5/WktxswfD//AB/yf9cW/mK36wPD/wDx/wAn/XFv5it+qluStixD/q/xqSo4f9X+NSVBQUUVDPIVAUdTTSuBNRVHJoquQVy9RVGinyBcvUVRoo5AuXqKo0UcgXL1FUaKOQLl6iqNFHIFy9RVGlBIOQaXIFy7RTI33pk9a434g+I7nSLWCysnMc9yCWkHVUHp7mtMPh516qpR3ZM5qEeZnaZHqKNw9RXzq80sjl3ldmPVmYkmm7m/vN+de5/q/wD9PPw/4Jx/Xv7v4n0ZuHqKNw9RXznub+8350bm/vN+dP8A1f8A+nn4f8EPr3938T6M3D1FG4eor5z3N/eb86Nzf3m/Oj/V/wD6efh/wQ+vf3fxPozcPUUbh6ivnPc395vzo3N/eb86P9X/APp5+H/BD69/d/E+jNw9RRuHqK+c9zf3m/Ojc395vzo/1f8A+nn4f8EPr3938T6M3D1FG4eor5z3N/eb86Nzf3m/Oj/V/wD6efh/wQ+vf3fxPozcPUUZB6GvnPc395vzqW3u7m0mWW3uJYpFOQyOQaT4fdtKn4f8EPr390+iKK5/wdrsmvaGs8+PtETGKUjoSO/4g10FeBVpSpTdOW6O2MlJKSCoZ+q1NUM/VahFENFFFMR5KOtTVCOtTVIzpPFX+urC0j/kN2H/AF8x/wDoQrd8Vf66sLSP+Q3Yf9fMf/oQoA9ZooooAK8f+NPxEbw09jo2nxwS3sn7+bzASI06AcHqTn8BXsHSvifx1rr+IvHOramzEpJcMsWe0a/Ko/ICga3OivfiHq2qWE1jNb2aw3KGNiiMCAfTmub8sepqvbgkxgdeKv8AkSf3f1rBs9F00rWOn0q3Q6VbHJ+7/U1fitk8zq3SoNJjYaVbAj+H+prQhjbzOnalY5pbiC1TPVq5ye3jkLo67lyeDXWCNs9K5lwfMf8A3j/OtabSvchxb2R03hGa3JjtriLNvap90HG/g4B9MmuwtNVms9NnvxYwWzrKiK0abRKpzuT8u9eb6VqtlpLytezeUJAAnyk5x16VsQeI9H1O7tbFb9i8sqxRjY3BYgdx6mvpsLiaM6MVWmvv6J9jya2GnGo3CL+4734cNI+u3RX/AFXkHd9dwx/WvT6xPDOgW2gWDRREvM5zLIwGSfT6Vt15OYV4167nDY6cNTdOmosKoy/6w1eqrLE5kJAyK4WdCPJPFkhHii+GB95f/QRVTS5WNw/A+5/Wt7xJ4a1e88Q3lxBa74nYFW8xRn5QPWqth4X1iCZmktNoK4H7xfX600Ji+Yc9q5+LxD4h8Df2pq9n4Rh+xXUoaTUJZCRKOinrwCT0xXXjQNSJA+zj/vtf8a4rVr/XfiBNa+CNIsJoLKxl23txKMDcpOS3YAdh1JxTd9kJW3ZkDxT4m0XxSfHtxoaImqR+VDvY+U4IXGMHPRR1r0zRvF3xCv8AVrKC+8Hra2M0gWW5Df6tD/F96s34weH5rXwHotvpttLNb6ZKisEUsQoXAJA+n61UsfF+r+NvHfh2DRrfU9OsbJC16XBVXGBkHsRwAM+tEbN8q2Tt8twldK77fiZ8UVj8M9RurvxXpc+tahqs0rRuqJIFjV+GO4/ebOfpXL6l4v0O7+IthrsOgyRadAgElkYkBkIB52jjuPyr0rUfixq1rqVzar4Jvp0glaNZRnDgHGR8veuE1LxJrGofEOw8Vf8ACJ30a2qhfs3lsd2Ae+33qYv4SpdT0fwR418NeJvEIs9O8MPYXMcTSrPJBGuMYGAV5zzXpE3+pk/3T/KvLdK+Kuq32rWdm/gq9t0uJkiaY5wgJxk/L2r1RlDKVPQjFV0RL6o5nU98l8/mRpJDBaCQI8xj9ckY6twPpUl/PLd6TeyqHS0FsAoccuxwSfwGB+da0tmswQTW0E2z7pfnH5im3NkLxQlxAHUfw+cwB+oHX8adzhlQn71nv/W9jH1OaeOznt58NGTFJFK3yrtLKCrEdMfyNUNlw+iXeydltvMfb5LK8YIccZIzj05rrHieRNjwRsvB2s2Rx07VBNp0c6hZLVNobdtWUqCevIHB/GmpGdXCyk20+luvn17anNa5NPDqMqiSaT7OiSBt7j5iDz8pAH4CrlgCJZ4oxckFXYKtw+S2/Gck8fWtmfT0ufN822VvNx5mJWG7HTOPrT47Pyrh50gUSuMMxlJ49Bnp+FHNpYFhZKq533/4P/AOKjubyK3muRJcb3y7EPJg44Azu5AAxmtfUbW6fUo1tvNLfYpNrSTlt/3cgD1+v9K25NPSW1W2a3HkLwEEzAfQ46j60S6ck8pkktgXK7M+cw+X04/yabkRDBSjFpu+353fQxbJGlhuZbeK3igW1CHYNyORn5WBAOQM5waybs3F3NCyEiKRArOJzswEzhiWAHIzj2rrm0uBif8AQoVBGCquVVh7gDB/Go20S2Yj/RAApJVVuHUKT6AcD8KOZXuKpg5ygo/5/wCWhJo8rzWdnJKWMjW/zFupORzWnVa1tvIAGNoUbVXcWwPqeas1End3PSoxcYJS3CiiikahRRRQAUUUUAFFFFABRRRQAUUUUAFFFFABRRRQAUUUUAFFFFABRRRQAUUUUAFFFFABRRRQAUUUUAFFFFABRRRQAUUUUAFFFFABRRRQAUUUUAFFFFABRRRQAUUUUAFFFFABVSb/AFrVbqrMP3pq4biZWupjBbSSgAlRwDVNJZrWZnleSRSMAH+N/wDZHYVoModSrAFSMEHvUUdrBE4dIwGAwCSTge2a6IyilZohp3EtInigxJgOzFyB0GT0rOnQpd/MpTLmQltmMYxjJHX61sVEbaEtuZNxzn5iSAfYHpThUs22Jq6sZax7bWSVY3EQTaGbb0yDnjrSxWzNPkAudpwH43KG/T1rT+zQjcBGAG6gcA/hTniSQ7mBzjGQSDj8Kr2wuQzI7ceXaMjFS25QM4GcHmplhdb1UEFtxF05x1+nWryxoiqqqAE+77UuBu3YG7GM96l1Wx8pkSESTKJNoBL5GVUcHA68UyMj7PKcAGSEdO53YFbCxRqchFzknOPXrSC3iDM2wEnqTz/Oq9qrWsLlKiRJJdSSLJLsRNu4SHk9SB7VZtCzWkLMSzFQST1NPaGJ0CNEhVegK8CngYGBwBWcpXRSViSH/WirVVYB+9FWqwnuWgqlrH/IJuf9z+tXapax/wAgm5/3P61K3GzB8P8A/H/J/wBcW/mK36wPD/8Ax/yf9cW/mK36qW5K2LEP+r/GpKjh/wBX+NSVBQVXuPvj6VYqvcffH0qobiZDRRRWpIUUUUAZl9qklpqNpbJazyLKzBmWPIOBkbTn86bLe6lDeW1sbayJuC20iZ+MDPPy1X1KCO68QafFJM8oUuzQDhUXb1OPU+pqeeeGfxBp8ULh3g83zVX+D5cc11qMbR06Nv8AGxld3evUhutduVspbi2sCVSbyt7zLgneFPGc1dh1CWW7ktHtTbzCHzVLSK6nnHO33rB1HRZ4NMune3058z+bvMTNJtLg8n6dfap7FbQ6uvljT5lniMTxWkZCqo+bc2evpWsqVJwbj59/LzJUpXsy3d61PZ2hllWxjmjjLSQS3O1yR/dAByD2q7p14LpCTe2twxAbbBgFB7/Mf6VzkN3DNp1pp7XKWltJDKryvCDuwcYUn2PWtvRLkTNdRLcRXMcDKiSpGEyNucHFTWoqMHpr/wAG3b9Rwld7mtRRRXCbBRRRQBZt/wDVn615j8Uv+QzYf9e7f+hV6db/AOrP1rzH4pf8hnT/APr3b/0Ku/J/98Xz/IxxX8JnCUUUV9ieUFFFFAG1pWiw3+lX93LdxRvAgZFMmMfNj5hjp6UW+maXcWd7cLd3oW0VWceSnzbm28fNV/RLp7Pwxqs8UCQP5ahLknLSNuHAB449hVWxgng8OazPcoyJcRxCNnP+sPmZOPXiuB1J80/et7yS28rmyirLToyY+HLQQaUwvGd74ldsJDsTuwCoOOAOvNNTw3a3X2xLO9nL206QbpYgEcs23IIJOO9dDZKkmm6ZaQW08YexuHHz7Zjg/dDY4BPpVK1jl+xx3l/BeWaWt5BtE12zx4zySDxxXMsTV197r5fzP/hjT2ce39WKS+DQjKJb1pAxHNvGPlG7YSQxBwD6Vm67pcWmtH5MUqRs7qrzSgtJtOC20D5RnOOTXVT3yT6vpaaX5F6is3nyYOY1MhPOG4HfmuT8Qagb3VLkGKDCTMqyIDkqCcDJJ4+la4apXnUXO9P6X9fkTUjBR0MmiiivTOcKKKKAPU/hb/yBL7/r5/8AZVru64T4W/8AIEvv+vn/ANlWu7r4fM/97n6/oexh/wCEgqGfqtTVDP1WuFGxDRRRTEeSjrU1QjrU1SM6TxV/rqwtI/5Ddh/18x/+hCt3xV/rqwtI/wCQ3Yf9fMf/AKEKAPWaKKKAKWsSmHQ9QlXhktpGH1CmvhLcWbcxyScmvvHULc3em3VsOs0Lxj8QRXwjLC1vcyQtw0blD9QcUDjua1r/AKyL6itmsWD5SmOoxWh5sn941zPc9nojtdL/AOQZb/7v9TV6H/WfhWLpk0n9mW/zH7v9TV+CaQy/ePSqucE/iZpjqK5aT/Wv/vH+ddAJXyPmrjZLmbzX/eH7x/nUyNKCvcg137kH1b+lQ+G/+Rq0b/r/AIP/AEYtF67TKgkO7BOM1Y8Nxp/wlWj/AC/8v0H/AKMWnHYuatc+vWJEhI9anjYuuTTGUbjx3qSMALx610HmjqQjNLRQBnXAPntxURUnoCfoK1T1prMQOKAKltancHcYA5Aq4kaRliiKpY7mwMZPqaZvb2o3t7UAS0UxWJpdxoAdRTdxpCxFAD6KZ5mByKb5w9DQBLRUXnj0NIbgAZ2mgCaiq5uh2U/nUiy7lBx1oAkopgf2pwbNAC0UUUAFFFFABRRRQAUUUUAFFFFABRRRQAUUUUAFFFFABRRRQAUUUUAFFFFABRRRQAUUUUAFFFFABRRRQAUUUUAFFFFABRRRQAUUUUAFFFFABRRRQAUUUUAFFFFABRRRQAUUUUAFFFFABRRRQAUUUUAFNeMOOevrTqKAIPs/+1+lH2f/AGv0qeiq5mKxB9n/ANr9KPs/+1+lT0UczCxB9n/2v0o+z/7X6VPRRzMLEH2f/a/Sj7P/ALX6VPRRzMLEH2f/AGv0o+z/AO1+lT0UczCxB9n/ANr9KPs/+1+lT0UczCw1Iwg4/OnUUVIwqlrH/IJuf9z+tXapax/yCbn/AHP601uDMHw//wAf8n/XFv5it+sDw/8A8f8AJ/1xb+YrfqpbkrYsQ/6v8akqOH/V/jUlQUFV7j74+lWKZJGHGO/Y04uzEypRUv2d/UUeQ/tWvMhWIqKl8h/ajyH9qOZBYiycYzxRk4xmpfIf2o8h/ajmQWIqUkkYJyKk8h/ajyH9qOZBYhCqpBVVBAwMDGB6CjAyTgZPU461N5D+1HkP7UcyCxFRUvkP7UeQ/tRzILEVFS+Q/tSi3bPJGKOZBYfb/wCr/GvM/imrf2tp74+XyGGffdXqCqFUAdKx/Enh228R6eLeZjHKh3RSgZKH+oroy/ERoYlVJ7Gdem503FHhVFdpJ8MtbVyEns3Xsxdhn8MU3/hWeu/89bL/AL+t/wDE19Z/aOF/5+I8z2FT+U42iuy/4Vnrv/PWy/7+t/8AE0f8Kz13/nrZf9/W/wDiaf8AaGF/5+IPYVP5TjcDOcc0mBnOOa7P/hWeu/8APWy/7+t/8TR/wrPXf+etl/39b/4mj+0cL/z8QewqfynJNc3DnLTyscbcmQk49PpUYZlQorEK3VQcA/UV2P8AwrPXf+etl/39b/4mj/hWeu/89bL/AL+t/wDE0v7Qwn86D2FXscaQD1FFdl/wrPXf+etl/wB/W/8AiaP+FZ67/wA9bL/v63/xNP8AtHC/8/EHsKn8pxtFdl/wrPXf+etl/wB/W/8AiaP+FZ67/wA9bL/v63/xNH9oYX/n4g9hU/lONorsv+FZ67/z1sv+/rf/ABNS23ww1Z5lFzdWsUWeWQlj+AwKTzHCpX9og9hU7G78LlYaHeMRw1zwfX5RXdVS0nS7bRtOisbVSI4x1PVj3J96u18djKyrV5VI7Nnq0oOEFFhUM/VamqGfqtc6NCGiiimI8lHWpqhHWpqkZ0nir/XVhaR/yG7D/r5j/wDQhW74q/11YWkf8huw/wCvmP8A9CFAHrNFFFABXx/8XfDb+HPiLfqse21vW+1wEDjDfeH4NkflX2BXBfFXwEPG/hwfZgo1SyJktmP8X95D9f5gUDTsz5ctV8yWJMgbiBk9q6j/AIRW7/5+YP1/wrc0vw5a6YBvhJuBw/mjlT3GO1aMihG9AaSordm08a72gZdnpcsFnFE0iEqMEjNW4bJ1kzvXpVpT8op8f3/wqHFEe0k9WRi1bP3lrAbwpds7MLmDBJP8X+FdTT8j1FNQi9wVecPhOQk8G3LoXe/tIkXqz7gOfwrU0LwDfweINMuDe2jJHdxOdu7kBweOK6W0tlvVltvLEplwoTruJr0LTPAw0+zsNty3nwOHk3/MDyDtB9qfIlsX7eUlrudeVJNOUYFLRVGAhOBmm+YPQ0r/AHDUVAFafVIoZmjaNyV7jFNXVIpTgRuMc84rMvz/AKdL9R/Km2x+dvpVNK1xLc1/tqf3Gqi3iG3VivkS8HHagda5yUjzpOR94/zqLl2Opg1yCZWIhlGD3xUv9rw/885P0rnLAjZJz3FXMj1pknQC6Qj7rVHLfRpjKNzUA6D6VBdH7v40CLJ1GLafkf8ASov7Ti/55v8ApVJiNp57VBketJsaNFtWiU48uT9KY+sQhCfKk/SsyUjd17VDKR5Z5o6B1NP+24P+eUn6VMviC3VQPJl4+lc7keopcj1FEdRtWOng1uCZiFikGBnnFT/2nF/zzf8ASuc08jzX5/h/rV/I9aUnZjiro6GGUSpuAI+tSVBaIUgGe/NT1RIVlT61Cs7RxywAL1Z2PJ9sCtC4DNayqn3ihA+uK4aOZYlKSQRuQf4sgirjG4mzs7HUIr6MlGXev3lBz+P0pt9FqUhT7Bd2sAGd/n27S5+mHXH61g+H90urGRUCoEO4KMAelbl7rFvYTCKWG9diN2YLOWUfmqkVMlZjRh6Bf+ItZhuJnvdNjWC7ltyq2TncEbGc+bxn9KZrPiS6g1XULTT3SSa3t44YoMDMl1KTsGewCjJ9uTVfwrqqabZX0d3Y6pG0t/cTIP7OnOUZyVPCdxV7RdMtbbxZqskcBy6RT+ZKpLF235OT3xgew4qei/roD0b/AK6kmjeINR1CztpW0W4MbDa85ni6rwx2hvUHgUW/iS/XU7W11DShAbyKSWCOObfKoTnEi4AUkEdCRnjNZHhLRLlYIL9dP0Zf3srCZoGFx99uS3r/AEqw1rql3rthqQ0M2N5ahzezpImLpQhAiQg5YFsEbwMYpsLWui7H4mvLW7s49a06OyivIpJIis/mPFsXcRIMDB2/3SRkYrGfxrf2VvNdzzaK6S3CiG1lvvLmhjZgoDqFPIzuPPHPpVvRYdXuNQk1PVdKuU1eWNo4TN5ZtrROuwbXLHPGWxk+wrN1XRNb07Q5EcaRMJtRSclYZNwZ51bHU8An8qOq/rqHQ6/RNVl1PzvMm0uUJjH2C7M+M5+98oxWvWXpkOqQyv8AbV05YivH2RGU5989q1KACs6/1m2sSUJ8yUfwL2+taNYXiGGMJHKbXeCTvkXginFXYmOs/EcEzbLhfJJ6NnIrTu763sbRrqdyIRjLKhfr7AE1zGl28NxdiOOBpUIO6RxwvHHFdHcXdvpGnLLdS7Y4wFyFJLHoAAOST6CnNJbAjm7jxtZL4nsbeO7kFk9tK8qm0kyXBTbj5c92q5qXi+0gsBc2csTAMQxuY5o1AAyTkRk/piqUmnatf6iPE6wNFd24CWdjIwUtBzvD9g75yPTaue9ass9t4q8P31pA0sTyRmGWKQNFJExH3WHUf1HSo15fMfXyOX0nxvq1xZm5uUsP37mSKJluFMSH7qnEJz65967ywulvbGG5XGJFzwGAz3xuAP5gVwkia5/aVjo6X2r6bLJy9zM8MkG1f4IiE+ZyOzbcAE816EowoGScDqe9V0FqLTXcRxs7HCqCT9KdUV0pe0mVRkmNgB+FIZiN4oj3HbbMR2Jarmna1HqE5h8oxvjIyc5rAs3heJLScy5DkhMDbntk9a0NKlm+3RgyeYWzujCYEQ7/AErRxRNyt4q13VNIvI4bGa0zLC0kcc1s752lQRuVxydwx8uOOTWJpuv+JLPyLS8mZA8iRo99YHzWaRv9mXBVemc5OOh61d8Y2Fxqutm3ihluGg05preKNIuZS+370ikDjtkdK5xdEGhNCY7G/tZ0ngNpLci3czuXHmLtUMwIBYjB6emKzj0v/WpUjoJvFmrx6zcWQubAmK5li8v7HLnYkRkB379uTjGPxrTsdX1oX2hLeTWMsGpxM7LFbtG0ZEe8YJc59Olc7qVnd2OvNfXdk8NnNqEzmVrl3zEYCpxCuVDHBwevIzWlY6LFZXWiPcWt7aM8DxRSC9kmMEjLgKyvlQdvcDhhjpQtv67Aza8W6tqOk6ak2n2jSs00StJvQBQZFXGGPcEjPbNZF94n1VtRlhgsryz8q1E7LcRxKqlXIcl2bBXGOhHtUnijQ0l0q2snbUtTuZLmLZ5hZl2+YpYOEATbgH7wqHUNEvFvbDVL2yiewsy0X9l2KFsREgqxxjzCrKDtAx9TQv1/QDoJpNYuLRLyzurO3jaESGKa2MpzjP3lkAx+FUvDF7rutaRp+q3N3p6xXCCR4I7RwQPQMZD+eKlXxDu0wLe6ffw3bxZaKKxmkCkjgbgpGcYz71neD9TSx8KaXpt3Z6nDdRwiN1OnzfK2fXbj8aff+u4dERan4pvvP1OPTHWaRLhbW3iULkGNd87knjhTjnjP1rd0nWb3Uxbyto01vbTxiRZnnjbAIyMgEmsrRtLttPtvEcUFvt8uZ1RyMsQYUJ56nJ5PqaTwbok1lZ2F09ho8KtaJmS3gZZjlR1J/Wkv8gZ2FFFFABRRRQAUUUUAFFFFABRRRQAUUUUAFFFFABRRRQAUUUUAFFFFABRRRQAUUUUAFFFFABRRRQAUUUUAFFFFABRRRQAUUUUAFUtY/wCQTc/7n9au1S1j/kE3P+5/WmtwZg+H/wDj/k/64t/MVv1geH/+P+T/AK4t/MVv1UtyVsWIf9X+NSVHD/q/xqSoKCiiigAooooAKKKKACiiigAooooAKKKKACiiigAooooAKKKKACiiigAooooAKKKKACiiigAooooAKKKKACiiigAooooAKhn6rU1Qz9VpoCGiiimI8lHWpqhHWpqkZ0nir/XVhaR/yG7D/r5j/wDQhW74q/11YWkf8huw/wCvmP8A9CFAHrNFFM3EnA49zQA+kLALnNNBO4jOfem4xlRyRzmgDlvE3g+LWG+22m2C+HXP3Zfr6H3rkEsZrOWS3vbbZKpz865yPY969awXHJ49qq6jp8OowGGYdR8rgDKn1FWpdCHC+p45dIgupAEUDPYUyNV3/dXp6V6DL8PreWVnOoTgsc4CLTV+Hlspz/aE/wD3wtPmRPLI4UquD8q/lXVxwQ+Un7mP7o/gHpWifh/bf9BCf/vha1V8NRKoX7TJwMfdFJtAosr+G7eDz528mPKhSDsGR1rpapWGnRaerbWZmbqTVvdyMjGalmi0Q6imAbsnJzmnKcj3pDFPNJtFLTc0AMaBGYkqpJ9VFCwRqc7V/wC+RTHchyKWJyWI9qYEvlp/cX8qZ9mgP/LGP/vgVJmq5uSCRtFICUQQjpEg+iil8mP/AJ5p/wB8iqr3rIR8gP4037e3/PNfzoAu7F/uj8qPLQ9UU/hVX7Y39wfnTlumOfkH50AT+VH/AM81/KjyYv8Anmn/AHyKiFwSfuin+afQUAO8mL/nkn/fIpDBCf8Alkn/AHyKBIT2pssxjjLBQcUAL9nh/wCeMf8A3yKPs0P/ADxj/wC+RVb7c/8AcX86mS4ZkDbRzQFx4giH3YkH0UU7yo/7i/8AfIoSTf8AWn0AFFFFABUL2lvIxZ4I2Y9yoqaigBkcUcQxGioP9kYp9FFABRRRQAUUUUAFFFFABRRRQAUhAIIIyD2NLRQA1I0iGI0VR6KMU6iigAooooAKKKKACiiigBhijJyUXPrinBQCSAAT1OKWigAooooAKKKKACiiigAooooAKKKKACiiigAooooAKKKKACiiigAooooAKKKKACiiigAooooAKKKKACiiigAooooAKKKKACiiigAooooAKKKKACiiigAooooAKKKKACqWsf8AIJuf9z+tXapax/yCbn/c/rTW4MwfD/8Ax/yf9cW/mK36wPD/APx/yf8AXFv5it+qluStixD/AKv8akqOH/V/jUlQUFFFFABRRRQAUUVHPPFbQSTzyLHFGpZ3Y4CgdSTQBJRTY5EmiSWJw8bqGVlOQQehFOoAKKKKACiiigAooooAKKKKACisrXfEmleG7aO41W6ECSNsQbSzMepwACeB1rQtrmC8tYrm2lWWCVQ8bochgehFAEtFFFABRRRQAUUUUAFFFFABRTJporeF5ppFjiQbmdzgKPUmsez8YeHNQvI7Sz1qynuJDhI45QSx9qANuiq9pfWt/G8lpcRTojtGxjYNtYHBB9xVigAooooAKKKKACoZ+q1NUM/VaaAhooopiPJR1qaoR1qapGdJ4q/11YOk/wDIZscf8/Ef/oQre8Vf66sHSf8AkM2P/XxH/wChCgD1dSSDTRyMFckULwcjrinFSTnpkc0wGLknnkegp56jAxTtoyPalpAIowoBpaKCQBzQAUUgOe1NYnLD2oAduHPPSk3HGSBikYDaCKNp24z8tACn7y0MCTnPSkH8FOK57mgBoJ+9jg9aVQeT0yad0ooARulMyPUfnTnXchFVCMHkUwCWRBIwLqD9RToJELnDqePWsO+/4/Zfr/SnWI/et/u1TWgludFvX+8v51QZ03H516+tR1nN99vqazKL8zKSPmX86j3L/eH51RakrRR0Ib1NTev95fzp6SIM5dR+NZdRTdqktm4JY8j94n/fQqbzI/8Anon/AH0K5kAbhx3qagSOhE0QHMqf99Co55Y2hIEiE+gYVzkoG/8AClgH70UCZr7l/vD86tRMvlL8w6etZNWY/wDVr9KBJmrAQWOCDxU9ULD/AFj/AEq/SKCiiigAooooAKKKKACiiigAooooAKKKKACiiigAooooAKKKKACiiigAooooAKKKKACiiigAooooAKKKKACiiigAooooAKKKKACiiigAooooAKKKKACiiigAooooAKKKKACiiigAooooAKKKKACiiigAooooAKKKKACiiigAooooAKKKKACiiigAooooAKKKKACqWsf8gm5/3P61dqlrH/IJuf8Ac/rTW4MwfD//AB/yf9cW/mK36wPD/wDx/wAn/XFv5it+qluStixD/q/xqSo4f9X+NSVBQUUUUAFFFFAGdr+pnRfD2oamsYka1geUITjcQMgVxWo6lNa+Br6213WkuNT1TT5LmGLyhGijZkonrjPc5rrfFtlPqPhDV7O1TfPNayJGg/ibacCuVe+8F+LfBVppur6laRFIURkmmWKa3kVQDweQQaABtXnl8HQyeH9ZjjvdFsI57mDyhJHIPLz5bHscA9DkV2+lXv8AaWkWd9s2faIEl25zt3AHH61wt5f+EPDvgG80XRL60mea3eCGC3lWWaeV1IGQOSST1rtdAtZbHw7ptrOu2aG1jR19GCgEUAaNFFFABRRRQAUUUUAFc54v8Q3WgWll9jt4ZJ7y5W2SS4crDEWzguRzjtXR1na/Y2uo6DfWt5Cs0DwtuQj0GRj3oAx9I8Nag2tHW/Ed5b3t8sJggigjKw26n723PJJ4GT2FY19ba38PtMvLvTLywn0KBmmWyvAyPECc7I3Gc8ngEd6k8L+ONG07wNob6xrEZu5LZSVJMkp+qrk8eppusalpXibxd4Sgt7yG/wBOkeeZoo5Ayl0TKFgPQ9j3oA7iwuje6fbXRieIzRLIY36rkZwasUUUAFFFFABRRRQAUUUUAcZ48jW9vPDelz5ayvNSC3EWeJVVGYKfUZA49qu6/eab4YtYJLTSLebUbiQQWVvDEqtJIffHAA5J7Cqfj1jZTeH9XlRzZ6fqAkunUZ8tCrLuI9ASM1Zn1nwfe6pY6pJruntPaK4g/wBMTaN4wTjPXFAFHw/4bvdF1+TXNW1i3huNRwkthaxiOB5D06nLN79TXb1wXiDWNP8AEOv+G9O0e6hv54NQW7mNu4dYokVsliOByQAK72gAooooAKKKKACoZ+q1NUM/VaaAhooopiPJR1qaoR1qapGdJ4q/11YWkf8AIasP+viP/wBCFbvir/XVhaR/yG7D/r5j/wDQhQB6wFA6UtFFABSFgKQgnJJ+mKQHlSe4xQAudw4PFJg8rnNKflf6ikVuM9SaADLAZOKUcufpQQT1PHpS45zQA3a2CoxinbRxntS0UAFFFFABRRRQAU1kVuop1FAFR9NtXlMjISx65Jp6WNtGSUiAJqxRRcCL7NF/cFR/YLYnPlCrNFAFb+z7X/nitH9n2v8AzxWrNFFwsVvsFr/zxFMfS7RzkxkfRiKuUUAUf7Is/wC43/fRpf7KtP7jf99GrtFAFA6RZsclG/76NKukWatkI2f941eooAqf2bbf3W/76NPFlAoACnA96sUUCsMjjSMYQYp9FFAwooooAKKKKACiiigAooooAKKKKACiiigAooooAKKKKACiiigAooooAKKKKACiiigAooooAKKKKACiiigAooooAKKKKACiiigAooooAKKKKACiiigAooooAKKKKACiiigAooooAKKKKACiiigAooooAKKKKACiiigAooooAKKKKACiiigAooooAKKKKACiiigAqlrH/IJuf9z+tXapax/yCbn/AHP601uDMHw//wAf8n/XFv5it+sDw/8A8f8AJ/1xb+YrfqpbkrYsQ/6v8akqOH/V/jUlQUFFFFABRUN1JNFbu8EKyyDojPsB/HtXL23i+4cSSXEFhEjMTEsl+qHYOMnI5BIJB9MU0rgddWfcaDo93M01xpVlLK3LO8Clj9SRWXd+IbtNMivof7OCSkrEn2gymZuwQrwc/pSxavqn2u2tbl9KinnUMIxI7Z9VDdCwosBp22haRZzCa10uzhlXo8cCqw/ECtCuX17xJqejwIx0lCzyqqBbgMzLuGTjHp+WRVi91y9tNIuL2WxWFRHuidHM4YnpkKOB70WYHQUVzF14vtop4oIyfN8+NGj8tmkdGQsSE+8Ow5Fb2n3seo2MV3CrrHKMhZBhhzjBFFgLNFFFIAooooAKCMjBorn9V8SLp94YiBHFBNGJ5H5BRkZuPf5aErgX7HQdI0yaWax021t5ZSS7xxAE5680ttoOk2WoPf2um2sN3INrTRxBWI+orJsvE9xJY2/2jT7lbmeJpkbYvl7RyCcMTgAj3qjL4m1UtKIZdOOFAX/R7g/N1IyFx0Ip2YXO0orE8Paxc6uJ2miRY12+WyxSJuB/3wP0rbpAFFFFABRRRQAUVi+I9Wk0u2h8lH3ySD58gKqg5bJOcZGexrMuvFNxDrUdsy2UQiiLTI18gyxwACSOCOTj3p2A6xlV0KOoZWGCCMgiss+GdBJydF0/P/Xsn+FZUnjWzhu7gFhLEi7USEbiXHUs3RV5wCfQnpSWniwrbXUV1LZzX0cTTRG2fMUgwTtzzgjoc9eooswOhs9NsdODCysre2Dfe8mIJn64FWq5ga3quMmKD322d0w/MJg0y48Sahb6aLp4rUYuGt2GH5YdDzjAwO9FgudVRXB2PjXUbq48kx2YZ7jyUIBPXpnDE/jiu7XdtG7G7HOOmaGrALRRRSAKhn6rU1Qz9VpoCGiiimI8lHWpqhHWpqkZ0nir/XVhaR/yG7D/AK+Y/wD0IVu+Kv8AXVg6SM61Yj/p4j/9CFAHq/AY5yfSl3ZHAzQG+XPfpQoOSTxmgBGJ2jPel4YYwcU6mNIAcAZoAcF5yTmlqLzT6UeafSnYCWiovNPpR5p9KLAS0VF5p9KPNPpRYCWiovNPpR5p9KLAS0VF5p9KPNPpRYCWiovNPpR5p9KLAS0VF5p9KPNPpRYCWiovNPpR5p9KLAS0VF5p9KPNPpRYCWiovNPpR5p9KLAS0VF5p9KPNPpRYCWiovNPpR5p9KLAS0VF5p9KPNPpRYCWiovNPpR5p9KLAS0VF5p9KPNPpRYCWiovNPpR5p9KLAS0VF5p9KPNPpRYCWiovNPpR5p9KLAS0VF5p9KPNPpRYCWiovNPpR5p9KLAS0VF5p9KPNPpRYCWiovNPpR5p9KLAS0VF5p9KPNPpRYCWiovNPpR5p9KLAS0VF5p9KPNPpRYCWiovNPpR5p9KLAS0VF5p9KPNPpRYCWiovNPpR5p9KLAS0VF5p9KPNPpRYCWiovNPpR5p9KLAS0VF5p9KPNPpRYCWiovNPpR5p9KLAS0VF5p9KPNPpRYCWiovNPpR5p9KLAS0VF5p9KPNPpRYCWiovNPpR5p9KLAS0VF5p9KPNPpRYCWiovNPpR5p9KLAS0VF5p9KPNPpRYCWiovNPpR5p9KLAS0VF5p9KPNPpRYCWiovNPpR5p9KLAS0VF5p9KPNPpRYCWiovNPpR5p9KLAS0VF5p9KPNPpRYCWiovNPpR5p9KLAS0VF5p9KPNPpRYCWiovNPpR5p9KLAS0VF5p9KPNPpSsBLRTVcN9adQAVS1j/kE3P+5/WrtUtY/5BNz/ALn9aa3BmD4f/wCP+T/ri38xW/WB4f8A+P8Ak/64t/MVv1UtyVsWIf8AV/jUlRw/6v8AGpKgoKKKKAKWrWZv9KuLUSSIJEIPlHDMPTPv0rmbrTtTfSdP08XN7+8WENCtshSNRjcGbHbB4J5rs6KaYHL6jYCGC3tJWubgR5KNFpsciqOmMbcD8KyNK05bcgzWl6GFwzgf2TGON2QdwXI/A8V39FFxWOU1HTtZKG48i2u7mWWIsRKy+WokBCKu0/L3Jzk88VLPpurjTbqzijtzFcghIvOOLdiefmKglO+MZB9unTUUXGcXdWdzFdyxz29wpe5iuDLYwsQQIypwRkhs+tdFoayR6VGj27W6KzCKN87wmeC2f4j1P1rSoobAKKKKQBRRRQAVyesaVeLri6js+0WjXETNbxRb3IVGGTn3PQV1lFNOwHF21pqOnC5mu7OXyGgeG0WHErW6Elirr3JOORkYGK5tbGaxlhEixLllcGa33fxnOBsbjg8ZHavWKKfMKxzPhPzIzeQywSxyqwLGRcbRk7EHb7uDkH+KumoopMYUUUUgCiiigDmPGun3F3pbS26MWjQjKTspGSP4Qp3dPUVSvtN1W2uYNs9yv2gxRSX1vM3yY7tGc+uAc455rtKKdwOOv4r20N/PbtqrLNKgeQRoGGGAwmBvIxnHGOTTJ2mb7bDD/a7Qtp8pK3iNgtxjbkdetdpRRcDjb3Sb1vtl08cUcZZHjuXu5VaNQFzhFBHY8e9NlsLvU9PmurRmMP2qaUI2ULqTwwG0k5x0rtKKLisebad4Z114/tEW61Ju94LSFZAuRk7SvPHYnn0r0hAVRQzFiBgsR196Wihu4wooopAFQz9VqaoZ+q00BDRRRTEeSjrU1QjrU1SM6TxV/rqwtI/5Ddh/18x/+hCt3xV/rqwtI/5Ddh/18x/+hCgD1miiigAPQ1WqwehqvTQBRRRTEFFZE3inRLZ7xZ9QjjNnMlvcFgQI5H5UE47569KfdeJdBsblra71mwgnXGY5LhVYZGRwT6UAalFZSeJ9AluVto9c017hm2CJbpCxb0xnOart4z8NJI8bazah47j7Ky7jkS/3f/r9PegDdorJs/FGhahdta2er2k9woJMaSAkAdfyqBvGfhxLGG9bV7dbed2jjc5+ZlOGGMZ4xQBu0VnaVrul64kr6ZexXSwsFkKZ+UnkA5rRoAKKKKACis+/13SNLZF1DVLK1MgJQTTqu76ZNVP+Ey8MD/mYdL/8Ck/xoA26Ko/21pX2UXI1G1MBTzA4lUgr6j1qPTvEOj6vaRXVhqVtNDL9xg4BPbocGgDSopAyt91lb6HNDMFUsTgAZNAC0Vg/8Jp4e+fGsWBCfeP2pPl5xzzxSxeMNCuPMFvqVpO0cbSOsM6uwUDJOAc4FVyMXMjdormbjx/4btLGG8uNTgjhnRZI9z/Myt0O372PwqebxpoMGmS6i+o2zWcTBHljlDgMeg4zz7UcjDmRv0Vzc3jzw3AkLyatabJnEaMsysN2M4JHT8albxn4fR1RtVsgzgMo+0JlgehHPNHIxcyN+iuaTx94ZkkVF1e0LMQABKOSelbl3f2lhZvd3dzHBboNzSSNgAe9JppXY076FmisH/hNfDH/AEHLL/v5U58UaGNLOpjU4HsRKsJmQllDkgBeB1yRSGa9FVbjUbS1v7SxnmCXN3u8iMg5faMnHGOB61U1XxLouiXEdvqeow2s0i70R85K5xngUgNWisOz8Y+HdQvYrO01e3luZjiOMZyx68cU+bxd4bt5nhm1/TY5UYq6PcoCpHUEZpgbNFZth4h0XVbg2+n6tY3cwXcY4J1dseuAelUv+E48LgZbXbNMkgb32k4OD19xQBv0Vkf8JRoZ0i41ZNTgksLc7ZZ4jvCHjg4+o/OrF9rWm6bJaR3l3HC93IIoA2fnc8ge344oAv0UgIIyCCPUHNLQAUUUhIUEsQAOpJxQAtFQXN5a2cSy3NzFDGxwHkcKCfrVU69pZ/1V2twR1FsrTbfrsBx+NAGjRSKwZQwzgjIyMUtABRSMyrjcyrnpk4qpc6rp1nKYrq/toJAMlZJQpA/GgC5RWeNe0cnA1Szyf+my/wCNXZJooYmllkRI1XczM2AB6k+lAD6Kzv7f0b/oK2X/AH/X/GtEEEAg5B5BFABRRRQAUUUUAFFFFABRRRQAUUUUAFFFFABRRRQAUUUUAFFFFABRRRQAUUUUAFFFFABRRRQAUUUUAFFFFABRRRQAUUUUAFFFFABRRRQAUUUUAFFFFABRRS4PpQAlFFFABRRRQA+P74qaoI/vip6TGFUtY/5BNz/uf1q7VLWP+QTc/wC5/WhbgzB8P/8AH/J/1xb+YrfrA8P/APH/ACf9cW/mK36qW5K2LEP+r/GpKjh/1f41JUFBRRRQAUUUUAFFFFABRRRQAUUUUAFFFFABRRRQAUUUUAFFFFABRRRQAUUUUAFFFFABRRRQAUUUUAFFFFABRRRQAUUUUAFQz9VqaoZ+q00BDRRRTEeSjrU1QjrU1SM6TxV/rqwtI/5Ddh/18x/+hCt3xV/rqwtI/wCQ3Yf9fMf/AKEKAPWaKKKAEPQ1XqwehqvTQBXG/Eazt5NEjvpZbZHtH3bLi8a3WRP4lDKR83pnNdlWZrGg2GtpE13bxvcW4Y20zoHMLkY3AHgkdeaGCPAYptIk1vWIbfTbie2vZ44bGe5vJIYo5Coz5rEgkdxnk4rX8T6Wmm+IzbPG7pFb2AmljjWSEnfyXd/mAPYjr34r03SPAVnaafqttrF0+ttqkokuXuYwuSBgYA6YHcVW1P4WeGr6ACG2a3nURKspdpAETGF2k4OQMfjRtbyFvc4610S+We005dAtluI9eN0b9Zodxj3l9uB833SDj0rmrp9NPjW7INl9g/4SAEnMWNuef9rb9OK9gi8BWUOj21pHdSreQXovhfhR5hlzz7YK/Lj0qtcfDezuI7hhqE8d3NeNc+esSfKCCPLCYxtx+vNG1vL/AIH+Q3qmu/8Awf8AM8y8K+VqGq29pIyXMP8AZ9+vkCyMe0EnA3/8tc9cjp0qlZ2kGnHQ4LqP7O6sxdrWzdZJXCEKMn7xOTk8Y9DXrFn8PHsJbZrbXrhUs7F7S0Q26ERF/vvz97JzwfWsmb4PRTywSPraBoW3KE0uBQTjHIH3h7Gla39ebBu93/WxY+FNtNGuu3M8U0RurlHCSqcgBcdcDJ+lei1zvhbwvL4ZW4j/ALSFzBLgiJbOOAK3dvk6kjjn0roqpiQVBef8eFz/ANcn/wDQTU9Rzxma3liBALoygntkYqZK8Whx0aPCbEW+keB/DMlsunWbam1017d3NmtwSIwxBw3TgY4rJitNQ8O22nahcNBEJdHaWDzNHEy53kiN+wY9d56A4r0fT/hnqDaTpWn6prgjj0qaR7Z9NQxyFXByGZs85PYdOK1bz4di7sJ7U+LPEu2WMpiS9DpgjHK7Rke1N31aBdn/AFqeceJ451trC9l0PSVudbtoLe2vJJcCM7ASwj+7HyTVvTdKk1bW4tHi8IaO8+mmGa5u7W8Kjn1YcEkZO2u6vfh7JqVnbabeeI746TDbxwfY4YkQNtUAndgnnHSn2Hw6s9BvYrnw3qV7paKQZrUSeZDcYHG4N0+o/DFPRSv5i1sVPhxZ22nax4wtLOFYbeLUwsca9FGzoK7q4/49pP8AdrnPCHh3UtDn1m61S7tLi51K6FwfssbIi8Yxhia6SZDJA6DqykULp8vyB9fmeCLdyaVd+KUutA003FzcLb28KKrkTlBtVRj7uPmPvU/hS5tp/CNxpD2MWm6gdNkkgvoFUyXCrkPyR1yMEelehaV4G0vRrya8gguJbyUENPcSNI2T354z70yy8E2sHhZNCuhLcRqGUzBdj4ZtxAI5Fbcjta/SxlzK9/M8gMLSx6JEk8lzLDpkcyuzriIOSCgAU8D3rQs7VIvh9c3iF0j0zUdphwrk5G07SV4PzdSD0rvm+GGlNdglHFjFC8dtZiIbYmYEM5bqx54z0pIfhy8fhe80R9VuJFuDHtk+zqojCYxhBwSccnvQ4vX+uoXWn9dDy6SCKK1cC01GUeV5aphWIX0H7mus1PTb6317w7BNbafcudOnzcSoIy37vksMYBXIx/St2b4ZXM1u8X9tyLvUruWwQEfQg5FaN58PbS/a2mubq/e6trdIYHLnZEVAG8J0JOOQcg0cun9eYX/r7jx2xt55NRhsvtqM6RWyndeQ+WQr5wCOoHYA59a9M8aAX8fiO56x6dZW9mvpveUO/wCm2rkfw3kj1B75NXnFw6qhb7DDjAORgbcA+9dRqXhC21Dw5qGlxzPbS6g6yz3A+djIMfNgnH8I46VFRWh56lxd5XPK7m7VNQdWs5hF9s+y+eusssW8JvOPl4AA/PisTW54bnwyFt47p57jWZHVYpmSIR7l+90BJYqASMjrXqT/AAvEunrp8uv3ElmsnmiFrOEqH7tjHWrKfDqNfDM+jvqskjTX63puWgUMCGDbcA4x8tZpa/13Rd/6+88r11zd+JNPu7ZNVjtLVSl1GdReRw6KDMsbg8bVxkjqa6LxjBDJqWjz2t1bSQvYlNOleeWSSWLglnO0gnJ9a9Jm8I2Dappd3bKltDYvO5tkjG2Uyj5s+neqmpeB4r+4WRNQkght4vLsrQQRtBb8YJK4+f6HpS1t/X9egL+v6/M8x8NWt4nivRleawm1SOR3gDGWNX4+bonofWkd4bC2uNQtRZ3OrnXLqKPS5rVZvtql+R03DHY9K9G0r4dW2jQ6a1jqlzBd2WQ08cSATgsWIZCCO5Gc8CqbfC1U1WfULPxLqlnLJLJKohCjyy5ywB603/X4C6f15mT4TmI8Ba9qenx283iU+b5tqlukLWbHjywAAQAOfQ4rh7rUZfDek6RqtrFJBPJYR24Nzp6SwTHcWZlZm68ntXrujeA5dI1K5vW8SaldtcxskyThcSErtDNjqR2qk/wq019HNo99cSXflRRJdSjeIkRgxCIThQ2OaOt/T9Rr/P8AQ8+1EI/w21KaSz1mU3l4LyO5jtxbQEsoByFcgp8v5kcVNY6Kt5rmuq/gqbWTEsKDz74GS1bygcFj98969I1D4eWc+m3en6df3OnWl7cLNcwoBJGwHVUU/cyeSRWz4f8ADtv4ejvRDNLPJeXLXEssuNxJ6DjsBxRbf+uwjP8Ah1aXNj8P9ItruCSCeOIh45BhlOT1FdLN/qj+FPprruQiqvd3BKw6sDxGvn3mk2qos7vOzi2k4ilCrzvPOAM5HB57Vv1WvNPtr9YxcIxaJt8bo5R0PqGHIpAYegtewadPbW9vDJJBdypLFLMUWHJyFQhWyuD7fQdKZpU2qrreuGOxtC5mi3g3TAA+WMYOzn9K6Czsrewt/Ito9iZLHJJLMepJPJJ9TUdrYLa319dCQsbt1cqRjbtXb+NO4Cpet56W81tOszD5mSJmiU/7+AKydEtmtfE2tI9zNcOyQO0kpGckNwAOAPYV0NV1soFubi4VCs1wqrI4YgkDOPp1PSkBk+II9Nj/AH91a/bb2aM29ran5tzHn5VPA927AVX1a3ntPAq2FxIJbx44rYMed7sQMe//ANatSbQrKe7S7c3IuEi8kSJcyK2z0yD/APrpw0lDfQXEs8ssdsP3EUh3BG6FyTyzehPSgPMqy3OqWN7p8M7WEsdzN5JEcLqyjaTkEsfSqWsMsui+Ir1j8pjNvG3+ygwf/HifyrXXSQdQhvJ726uGgLNFHIVCISMZwqjPHHOaS60eC5tILMM0dqkolkjHPm4OcEntnk0AtDm9Vv4W0G7QeIzITAR5f2RRu46Z212Ft/x6Qf8AXJf5Cq+q2dzqVo9rHeCCKVSkv7reWB9DkY/WraII41ReiqFH0FO4rDqKKKQwooooAKKKKACiiigAooooAKKKKACiiigAooooAKKKKACiiigAooooAKKKKACiiigAooooAKKKKACiiigAooooAKKKKACiiigAooooAK53UL24kvZoLd9zRh1YIcFUwpJ9z1xXRVWnso7iRJCzoVBH7s7dwPXP5UICglxcG0uZVumkiVhHE6ogzwOcng88VUhaW9sli2l5hAT5zzbdmOOiZz+PNap0q28j7OvmJb5B8lWwuQc8dx+FRHQ7coqGWUqgwoKocD67cn8adwL8DCS3icHIZAQfXisu58R2dtqi2T7j2eUD5Ub0rWRdkaoDkKAM0FEJyUUn/dFHUOg6iiikA6P74qeoI/vip6TGFUtY/wCQTc/7n9au1S1j/kE3P+5/WhbgzB8P/wDH/J/1xb+YrfrA8P8A/H/J/wBcW/mK36qW5K2LEP8Aq/xqSo4f9X+NSVBQUUUUAFFFFAGH4s12Xw9ov2q2tlubuaeO2t4mbarSOwVdx7DmsbzPid/zw8Jf9/bj/CpPiO6xaLpksjBY49Xs2dmOAo8wck9hWRYv4v13xL4htbXxVFaW2n3SxxKNPSTKsoYck9s4oAivvFvjLTNZttHvLvwZFqNzt8m2aa5DSZOBj5e5GK7PwrrreI/D8GoSW/2eYs8U0QbcEkRirAHuMg1x9wniXSPG/h211HxFaX0F48pkZ9OjjZVjXdgNnIz69q2fhiwfwcJFIKPe3TKw6MDM+CPagDsaKKKACiiigAooooAKqanqdpo+mz6hfTCK2gUs7n+nqfardcb45VbjUvC9jcH/AEOfU1MoPRyqlkU/U/yoAjTU/GWsxC9tINO0SwbmL+0NzzOD0LKMBc+mc1Nb+JtX0bULey8V2dvHFcuIoNSs2JhLnorg8oT2PSp/iC1inhR21Cx+2QC4h/deYY+S4AORzxmrXjS1tbrwRq8VyQkK2jvuP8BUZUj3BAoA36Ky/DdxPdeGdLuLnPnyWsbPnrkqM1qUAFFFFABRRRQAUUUUAFFFFABRRRQAUUUUAFFFFABUM/VamqGfqtNAQ0UUUxHko61NUI61NUjOk8Vf66sLSP8AkN2H/XzH/wChCt3xV/rqwtI/5Ddh/wBfMf8A6EKAPWaKKKAEPQ1XqwehqvTQBRRRTEFFFFABRRRQAUUUUAFFFFABRRSO6xozscKoJJ9AKAForir34p+GbaBZrWafUUJcMbSInZtXcc7sdqLn4peGbW/srV7iT/SATKxjYfZ/lBAYYyc5xxmlcDtaK5LUfiJpGmI00tjrEloArC7isWMLBsbSGOOuQPrUdt8SNLu3kWHSteYRSeXMw05sRN3DemOppgdjRWXoviLSPEUU0ukXyXaQvskKKw2t6cgVpO4jjZzyFGaAHUVwsfxO02Z7tYrDVma0OJlGnuSp9Ov4/SpNO+JFhqsE01naX5ijgecSzWjRxsFGSA5OM1XKTzHbUV55d/Fa0tbHTphpl7PcX8CzwwRRg/Keo3ZxkAcipz8T9Pk0EarZ2l5cK8vkww+QVeZsZO3nGAM5PtRyb+Qcx3lFedTfFzTEggmisr6VX+aTEGDGmM7+vIq7cfEqxtrq3tpbDUxLcRebGPsTcrjJ79h19KOQOY7iivPI/i1psjR50+/VXWN9xhGArnCt16E11OteKtM0K0ea7kYyJB5/kRrucpuC5HbqQKTjZXY07uxtUVxZ+JWnBtp0vUQ3ofKB/wDQ6Lj4m6Lb6G+pPHKjLdC1NrM6Ry53AMwBPKjOSaQztKK5q+8daDY6vYWDahaSC73bp1uo9kAAyC/PGe1Qa98QNM0K/tLT7PPfNdwG4ie1ZWQpnGc55pXA6yiuK034lafqOt2Wlf2bfQTXjlI2k27cgZ5wfant8S9H+1z20Ona3ctBK8LNb6e0ilkOGwR1xTA7Kiud0XxlY67eS20Fhq1uYlLPJeWbRIuOoLHv7Vk2nxOsL6RIrbRtXuJXjMqpBCJMxhiofg9CRQB3FFcdN8R9Jh8O3+ryW9xCbO4+zNa3G2KV5MAlQCeoBz+FM1b4peGNKu7W3+2LctLIqzGAlhbqwzvY4wRz2zSA7SiqunajZ6vp8N/YTrPazDdHKoIDD8askhRknApgLRRTJZY4YnlldUjRSzOxwFA7mgB9FUpNTjFtDcW9vc3cMy71e3QMMepyRVW28QJeWyXFvpmpyQyDKuIV5H/fVAGvRUccwa3Ezq0K7dzCXClB784FUoNcsLvcLWVp5AnmLGiENIvqm7G4e44oA0aKyF8QI93JarpmpmeNA7p5K5CnOD972NW4tRVoZpp7W6tI4l3M1wgUY74wTQBcorOn1iKG8+yx2t3cSiJZT5EYICkkDOSPQ0+01SO7vJLQ211bzJGJCs8YXKk4yME96AL1FFIzbVLelAC0UVS1LUo9LgWaWC4lQsFJhQNtJOBnkdSRQBdorKn11LeeGB9N1HzJjiMCFTuIGT/F2FPvNZhsYoHmgmXzUeQoQN8aIu5iR+n40AaVFZJ1+JFheWw1CKKV1RZHhXbljgZw3vWtQAUUUUAFFFFABRRRQAUUUUAFFFFABRRRQAUUUUAFFFFABRRRQAUUUUAFFFFABRRRQAUUUUAFFFFABRRRQAUUUUAFFFFABRRRQAUUUUAFFFFABRRRQA6P74qeoI/vip6TGFVdSiefTZ44xl2XgetWqKQHM6DbzLdSyvGyoIyuWGOeK2qtP9xvpVWqvcVrFiH/AFf41JUcP+r/ABqSpGFFFFABRRRQBXvrG11Kyls723juLaZdskUi5Vh7ivP9M0fUfh/rerxaH4Ya+0i/eOaEWtwiGFgu1lIc/iD716RmigDzi+0K98f+JNMk8Q+GTZ6Rp6Su8d1OrmeRgAoAQ8AYzk16Da2lvY2kVrawpDbxKFjjjXCqB2AqUsAQCRk9BS0AFFFFABRRRQAUUUUAFY/iXQU8Q6M9n5zQTo6zW869YpVOVYfj+ma2KM0AcDdeIJxY/wBl+MfDN7IylSZ7KIzwTFTkMMHKnIBwaddnV/HoSw/s250rw+WDXMl0As1yoOfLVB91T3J7V3lGc0ANRFjjVEUKigBQOgFOoooAKKKKACiiigAooooAKKKKACiiigAooooAKKKKACoZ+q1NUM/VaaAhooopiPJR1qaoR1qapGdJ4q/11YWkf8huw/6+Y/8A0IVu+Kv9dWFpH/IbsP8Ar5j/APQhQB6zRRRQAh6Gq9WD0NV6aAKKKKYgooooAKKKKACiiigAooooAKgvP+PC5/65P/6CanpssYlieNs7XUqcehGKmSumhp2dz5/vQv8Awrzwjnzs+Re7VhjLs7bjtXA6gnAPsaXV9R1qHxHDuS2iESMZnW6kKWJuVVdrtjMZGOgzjNetaB4E0vw+bYw3F/dG0Zza/aptwgDjDBQABg5rQsvC2iafpd1ptvp0QtLtma4jb5vNLddxPJ/pTe9xI8h8Q6fe6prtxo0803mLb2KIsOoN9mhBOXc7j84wOvXPNDaXdeHPFVstvLcm2uNcTyrqPVxIssRH3XiByW45Y/SvT/8AhXnhNphLNodtcMsKQqLgGQKi8AAN0+tDfD3wmJYZrfQ7S0nhcSRzWqeU6sOhyOv0NNaO/n+q/wAgaureX6Gd4G48S+Nv+wqP/QK7K5/49pOcfKeayPDnhe18Nfbmt7u9upb2YTTy3cgd2bGOoArakQSRsh6MMULS3lYHrf5ngdte6qdX8SadpesDUby/nEJMagKqlPmnJHQKMr9as+H7y7TwNNYa2Fn0KXTpTbzlNqQOhI2MR6nBFet2ugW1gjJZ2VrbqwIPlIFyD9KhsvDFpYaSulw2sZslJIikbeDk55z15rblVrX6WMru97dTwILZtaaOYokhtn09f3jW7EyTAsZMHYxOBz6VtQWsafDjUb54IxcW18kkHylBIjYCllGMggnGcV66fBumtqcuotYxG5lhMBJY7QhGCFXouR1xVSH4eaLBpNzpkVkRa3LK0oNw5Ztv3fmJyAPSlZa6r+mO7utDxua2litpWjsdOQleS4VVx7nf0rpdWgttN13wzbw640Ns1hKqJkSsC6dAep3k4H6V3Unw10SWJo3t7lkYbSDfSkEf99VoP4M0qSIo+mWzEwLbmQ/fMajCjd14FOy7/wBai17HhWn6BnX0sPstwphjgbeNNcSDD/eK7vlz3bp7V6L4qIvrDxdf8FbSO20+M56EOHf9WH5V0Q+G2gCQv/Z+HPBb7TJkj65ror3QtP1LRpdJu4A9pKAJEUlS2Pcc9qia92yLjrK7PGbyS9iX+1GS2bTH1A2yynRo2lZQhJfG3PLjaCfrWZq0N9feE2KWMSJ/bbtPcyxqWiYsirH07lskDjivYh8OfCq9NMP/AIESf/FVYi8EaBDor6RHZsti9wLpo/OYnzAQQc5z1A4rNLXX+tv8i7/19/8AmeO6pp1/q/iDTNQGn2YkhMsMMKWgjS7a3GXYoR0Y5UA+ldB4sgW/uNGvYIb6OG/tCYIFt0T7IoA/dgBGb1PSvVrnSrO71Ky1CaItc2RYwMGI27hg8d/xqle+EtE1G9uL65st13OgjacSMHUYx8hB+Q+4xmlZ2BHkfg/T1n8Q6TBY3eoEEu8d4VVjHjOfvxqTnkcUm4zxy2elCaLxGNbu3tb1ZRElvHvG8yE8EH+7ivWY/BXh2O1sbddMj22JzbOWbzE+bd9/OSCeSM81Tufhv4QvLqa5uNFheaZzJIxdvmYnJPWm/wCvwF/X5nKeGEml8C+ItCiLWniIeZ9rupJRILh2GTIrDqNvbtXAazc3Fpoejy2YT7YLCKMS2V7Ks0cQb/loq/KAScDJ717jpvgLwxo939q0/So4J/LaPertnawwRyakHgrw6ukyaYmmxpbS+X5mwkO+w5Xc3U4Ioa/T8LjX+f42PI547mf4Yaq1tY6U0f2kS3Xm3Mk1zbyHCkkOMq+QB7jPNbfhzSvEl1rHiT+xr7SLZFeK3nzZ5jdxEARGAflA6V6NqnhLQtYUi909G3SrNIYyYzIyjALlcbuOxq9pulWOkQSQ6fbJbxyStM6p3dupote9/wCthGb4K0e60Dwfp2l3uz7TbxlX8tsrnJPBrbm/1R/Cn0jKGXB6VV9bgLVLV7O2vdMnjuolljVC4VumQDjI7/jV2jqMHkVLV1Ya0ZgWN6lh4Ftbp+Qlku0DqzFcKB7k4FUJ9NutD8IxSJqV/HcxRxqEEo2BywBABHTmullsLWea3lliDNbnMQP3VPrt6Z9D2pkmk6fNeC7ks4nuAwYSMMkEdDVX1uTbSwl1NNG8gnt7b+zwhMs0k3IXHOU24x+NZGlXEWt6xBqaSQx20ETR2UAdfMcNjLlQeBgDA/E10bKrqVZQynqCMg1Wk02ykjdPs0UYdSrNEoRsHrhhyKQzGs7M6vreqahFdXUMAZLaNrd9ok2A7j0ORkkfgaitZpbzTBZyXMlx5+oyQq8hBbykbJ5HXhcfjW7JpdhLaxWslpEbeL/Vx4wF+mKmgtoLWGOG3hjijjGEVVwFHtQBzV5HHd+Lr3/iX3N4sNrEjeRP5exiWOD8654I9al0eFYfFN2q2VxaA2SHZPN5hPznkHc1b1tZwWgl8iPaZpDLIcklmPUk1Ha6bb2c8s8ZmeaUBWeaVpDgcgAk8DnpQnYHqW6ZN/qmp9FABWB4uEZ0hQ1zPG/nR7Y4G+aT51zxgk461v0m1dwbaNw4BxyKAOLe71C+12wu9OkJgRJbe2+1LzMwXc7HpjJAXP1p99v1LVFuNzItzps0RhnfyhAAVDZODzknnGOBXUy2MM11aXByrWpYxquAPmGDkUlzp1neXEc9zAsrxqVXfyACQenQ8gUAjhbSTUL7UPskz3H2eJ4HtxPfAIxHzAf6vndjIzivROe4we4qq+nWkkly8kCubkKJg/Ibb047VaAAAA6DgU27isFFFFIYUUUUAFFFFABRRRQAUUUUAFFFFABRRRQAUUUUAFFFFABRRRQAUUUUAFFFFABRRRQAUUUUAFFFFABRRRQAUUUUAFFFFABRRRQAUUUUAFFFFADo/vip6gj++KnpMYUUUUgGv9xvpVWrT/cb6VVpoCxD/q/xqSo4f9X+NSUgCiiigAooooA5bxNcSrqumRW93MJfPBEEVurn7rc5PA9OTjv2qS60i0TV9LULcIJmkMi/aZOSEyM/NjrWvd2Et3f2kxuFWC3fzPKEfLNggfNngc9MUxtPuJdXhvJrtGhg3GKFYsEFhjlsnPfsKdxHKSDGgajdf2dcG4zMBftKrFQHI+Ulty8ccAVv6fax2XiKSGAyiJrNHKvK7jdvIz8xNRTeGC2k3Nr9ullkk3mPzDiOMsxP3V69epya07TTBbXkl3JdT3EzoIwZNoCKCTgBQO575ptgX6KKKkYUUUUAFFFFABXI69eXEWsK8U9osCKYZzNDJtCMM4ZgcE9wAK66qF5pUd47SG4vI2K4AiuXRfyBxTQHJaXqrzzQ3P2y2W3SBYopvKlfYD1GCxAfgdc5A+tUYbmVYrYXCXtzE7XAj6QAMZAAzAOpxk9+ma6/SvD/APZtjbxm8uWnhj25NxI0ecf3CcEe1RN4ZZ7eGFr44CSpMRCP3gkbc2Mk7fTvVXQhPCglRL+OZZUkScBkZiyodo4Ul3+p56muhrO0jSho9ubSGZntF/1SOuWT1y38X48+5rRqWMKKKKQBRRRQAUUUUAFFFFABRRRQAUUUUAFFFFABUM/VamqGfqtNAQ0UUUxHko61NUI61NUjOk8Vf66sLSP+Q3Yf9fMf/oQrd8Vf66sLSP8AkN2H/XzH/wChCgD1miiigBD0NV6sHoar00AUUUUxBRRRQAUUUUAFFFFABRRRQAUUUyWQRQySkEhFLEDvgZpN21AfRXmt58VHbSNN1G10S/t4bu9SJXmhEoliyQ5TYfvZGADyfSm3XxSnOsLJp+lzTaLEQsu+3kFxNnOXjGMbV7560AemUVwNz8SoB4u0vTbS1u5bG6hZ5JPsUm9sgFDH6rzyccVDpnxTtr7xPqGm/YNQeKMRi2jjsX84Mfv+YP4RnGCQOtMD0SisDwz4oXxI2oxnTbmwnsJxBNFcMpO7Gf4SRWvfXBtNOurpVDGGF5Ap77VJx+lJuyuNK7sWKK8wt/iNr89pb3H9k2wE8SygJBcSABhkfMqYP4VOvxJvrex1mS/00LLZ28UkJt4ZHBMgYjzFIBVRt5J9aG7Alc9IorzLUfiutj4W0m+NlcpeXflGUy2UghwT+82HPJ6leea66HxdZ3Nvps0Vnfgahd/ZY0ngMLqcElyrc7QB1p+Qrm/RXk0vxP15Lq5RrPToEjuHhj87eC2DgHr3rV0jx9rV7pGpXU2mWTT2t1FbxI05gSXf33NnnPFJO6uN6Ox6JRXlkHxR1e9uAkel6baKIg7tdXTYyZTGACF5yRW3pvjDWNS0rT7qKxsPtD6g9rd2v2jDeWrFS8ZOM4IzTE9DuKK8zn+IOvLZXGuR2NifD8Wo/ZBMyyea0e7aZMeg5/KupPiRm1uBoZLGTQZLMzyXZnCPA3GCykjCkEdqS1/ryuB0dFcbpHjqzv8Axhq+ly6jpos4PJFlIsy5mZhyAc4Y544rsqfS4BRSZ5x7ZpaACis281yzs9UtNNYtJc3LhAqDIjBBILHt0+pqzfXf2K280W8tw5YIkUQyWY9PYD3PAoAs0Vlw6nc3jXFvb2scN9bMolhuZPlCsMghlBzmq1jqmr36zsltpqCGd4DuuH5K9SPl6UAbtFQ2xuTFm6WFZc9IWLLj6kA1nLr37+ATWFxBbXE3kQzyYG5+cZTqAcHBP9aANeiorm4itLaW4ncJFGpZmPYVmQ6tdahpEGp6fbwCCSNpCt07Kwxn+6D6UAbFFYmn6jrGoafb3aW2mIs8YdUa4fIB9cLWh9sZJ47aSMGcwNK/ltlVx9eeT0oem4LUt0VzFr4nlurSO48/Qot67vLkvWDL7H5etbek3x1PSbW9KLGZ0DlVbIH0PeiwFyiiigAooooAKKKKACiiigAooooAKKKKACiiigAooooAKKKKACiiigAooooAKKKKACiiigAooooAKKKKACiiigAooooAKKKKACiiigAopCw+tJu3DrigB1IDkZpqnkigEge1AD6KKKACiiigAooooAKKKKACiiigAooooAdH98VPUEf3xU9JjCiiikA1/uN9Kq1af7jfSqtNAWIf9X+NSVHD/q/xqSkAUUUUAFFFFABRRRQAUUUUAFFFFABRRRQAUUUUAFFFFABRRRQAUUUUAFFFFABRRRQAUUUUAFFFFABRRRQAUUUUAFFFFABUM/VamqCfqtNARUUUUxHko61NUI61NUjOk8Vf66sLSP8AkN2H/XzH/wChCt3xV/rqwtI/5Ddh/wBfMf8A6EKAPWaKKKAEPQ1XqwehqvTQBRRRTEFFFFABRRRQAUUUUAFFFFABUF5/x4XP/XJ//QTU9Iyq6lWAKsMEHuKUldNDTs7nhKac2peAPA7nUGS0j1FYJIIX2vveVsNkcggDj61hWU0tldapJFei3SOKUyyG5Ckr5zABjnkngYPJr6B07w7oukRvHp2lWdskjiRljiABcdG+o9at/wBn2RVl+xW21/vDyV+bnPPHPNDQJniN3pGsSeIvDl6Lmea9k0kSafBDL5br5cakKSfVic+orQ0DQNZ0rx1qF3ZSJc6tam1e/Ej7VmWZWM3PbBwR/u17GYITIkhijMiDCNtGVHoD2pDbwEykwx5lXbIdoy46YJ70+t1/X9dRdLP+v66HF+AnSTxD40eN1dDqgwynIPyetdVrX/IB1L/r1l/9ANN0rQ9K0KKSLStPt7KOVtzrAm0MfU1fZQylWAKkYIIyCKTV428rfgNO0r+Z84Wl1a3Ph9po9W+yzQWNtHb2y37qZ5AQZGxnC/L8uPWtGxiude0nxctpdxQRi1t5LgJIZSIlEh8vcep6An617wtlaIoVbS3VRwAIlAH6Uq2lsnmbbaBfMGHxGBvHoeOaJK6YJ2PBrnw7eT+EdJk1CSc6PG9mtkks2/c02PMYeijoB25rv9I0zWH1SxtvEkH+h6PaXCC63HZMpIRWJ7N5YJNd4beBoliaCIxJjahQbVx0wO2KkPIweRTfUS6Hz1ex6ZLdymK1srm0k1AW9gEkYbwxwpXzOWx3YcVr2FpDL4f1/ThpkV1rcsws4LaMyB4kYgCRw3GAwzuA9K9oaztXaJntYGMX+rJjU7P93jj8Kl2rvL7RvIwWxzj0zStpYd9bnzpqkF5psVvbx24bUdMtok1G3VS0cSQylxIz/wC2SDjrWxcvZQ6To+r6PbSapNZa9IwuFTasisDIwVhn5AT1PpXuJhiJkJijJkGHyo+ce/rRFDFDEIooo44x0RFAH5CjX+vUX9fhY+b5J7M3Etul/qK2DXoJ1uK4mNvFEfmZNgGCw5GenevQtS+ww/EzT5NP0ZtVh1TSfLl2JlJFLriSQtxgKtemi3gW3+zrDEIMY8oINv5dKeFVQAqgYGBgYwPShaW/rpYHrf8ArqeceG9C0b/hZ3imIaXY7LQWzwJ5C4ibbnKjHynPPFekUxYYkleVYkWR8b3CgM2OmT3p9NbJB1uJ/GPpS0d80UAZOsW8s15o7RRM4jvQ8hUfdXawyfapdU1Oaxs5ntbK4urhWCKixMQSe+QOVHfH0rRooA53Trm10mwu727e5e7lcPPJNbvGZnIwqRqRyOwAqg9ppWm6FN/a1vaNqtxHJOytEHcu+SFHGTjIH4V2BVWKllBKnKkjOD6inAkdCaHqC0Mmwsr2LTtOjF2bdYbeNZYfJVskAZ5PI9Kzbe4k1bWornULS+git5SLS2a1fAbp5sjYxn0HQV09FO+txW0sZGpWd1qrWkltJEkMEhd4bqFwJHHCk4IOAefQ8VkWct5p/g2306VFGqXKvDbwBSGGSfmYHoACST06V11JtXfv2jfjG7HOPTNLpYfmcdqlholvY2+lWVvavqKSwRjy4R5nDDLEgccAkmtm5nFkNY1S6VkVV8qIEfeUDjH1ZsfhW1k4xk4prKrDDKGGc4IzQ9dwWhzmnW+q6dodpHcS6RCEhUHz42BBxnBO7GaveFwR4X07PXyQeK0pYIbhNk8Ucq5ztkUMM/jTwAoAUAAcAAYApt3uKwtFFFIYUUUUAFFFFABRRRQAUUUUAFFFFABRRRQAUUUUAFFFFABRRRQAUUUUAFFFFABRRRQAUUUUAFFFFABRRRQAUUUhOKAFoJxTc5GScCk+8nJoAUtg8cmkJz1HTmkB6EfSn7eck0AMA/Ogdc+lKB29KXb6mgBMc5I6ml2nnninUUAIBgYpaKQmgBaKaWOD2NGMcigB1FFFABRRRQAUUUUAFFFFADo/vip6gj++KnpMYUUUUgGv9xvpVWrT/cb6VUJpoCxCfk/Gn5qosvln29KkM6n+KhoCfNJuquZl/vD86b56/wB4fnSsBa3Ubqq+ev8AeH50eev94fnRYC1uo3VV89f7w/Ojz1/vD86LAWt1G6qvnr/eH50eev8AeH50WAtbqN1VfPX+8Pzo89f7w/OiwFrdRuqr56/3h+dHnr/eH50WAtbqN1VfPX+8Pzo89f7w/OiwFrdRuqr56/3h+dHnr/eH50WAtbqN1VfPX+8Pzo89f7w/OiwFrdRuqr56/wB4fnR56/3h+dFgLW6jdVXz1/vD86PPX+8PzosBa3Ubqq+ev94fnR56/wB4fnRYC1uo3VV89f7w/Ojz1/vD86LAWt1G6qvnr/eH50eev94fnRYC1uo3VV89f7w/Ojz1/vD86LAWt1G6qvnr/eH50eev94fnRYC1uo3VV89f7w/Ojz1/vD86LAWt1Qztyv0qFrlV75PtUDT7myaaQE+6lzVbzBTg4piPLh1qaoR1qapGdJ4q/wBdWFpH/IbsP+vmP/0IVu+Kv9dWFpH/ACG7D/r5j/8AQhQB6zRRRQAh6Gq9WD0NV6aAKKKKYgooooAKKKKACiiigAooooAKKKjuJDFbTSLgsiMwz6gZpN2VxpX0JKK8pXxr4xuPDWl60W0mCC+mdd0drLKY1XIG5QSSSR2rItfGXiO2m1GSDxNbX0rvvNtLptwwhOOEXj5Afei4HttFeW3nivxBb69p1j/bMYvJhG1xp32EAKpiLsySHlhkH6dKzPDfiTxVPr+mCXXTdPqZhleza3XYkbIxJGPuAEDPrmn1sLoey0Vyvg3XtW1i51y01dbIXGm3Ytw1orBG+XOfmJNdQ4YxsEba5BCtjOD2NHS4dbDqK8x8RXPjnQLrSIT4ntJv7SvBagjT0Hl57+9XPE9z4o8L+EL29vPEhmuVcGGW20xSFGDlWHYE4+btSbsrjtrY9CorxZPFXiBTZM+qaxJay2KyFlS3ilMxY5yshHy4xgjqKv2eueMJrbwsG1xIJNRu5be4VreKUjaSwOQSM7cDApiuetUV4bJ4x8StcTXyajrY0RUciZbe337lfaSFJ+4DgZre8R+J9bs/FMOmQazfwWw06Kcta6ULuR3PBLKPu5/Klfb+u/8AkO2/9f1ueqUV5X4e8V63J420/Tp9V1G9tJ4JpJI7vRxZsSoBG3PLfhWfY+O728TVJL7UtR0oNdFt/kbzbt0S1jjI+ZivzE+tFxHslFeQ6b4o16Kw8Qrq+u3mm3kUAnsEv7FQ3ljnceNpLcLjtmsO/wDHniaLT7WeHX5bp5LJLh3t4YUWN2k2lGB64HHHfrRf+v69A/r+vvPeqK4z4b6zqOtaRqUmpTyzSQX7woZgm9VCqQDs+Unk9K7M8Amm0AUUgOQDUdws7wlbaWOOXs0kZcfkCP50AS0Vz1jqd1dRX8l5qNrb2ccvkQXaIIyzD7x+csuM8D6Gqf8AaMD66LKfxN5ll9m83es8UR37sY3oB27UWA62iq9i0D2q/Zbn7TEvHm+b5pP1bvWeNWun8TpphszFamCRxNIfmkZSB8o7Lz1PWjyA2KK5jVLi703VrC3k1u6WC4WVnIto2YbQMYwh9fSr+m3UM00zprVxdCBcyxSQLHtBGQT8insaOlwNiiuavNU1Ax6OVaeI3nmO62kKu+0LlcBs9sZpIL++TW9Pt2m1ExTs4dbu2jQHC5GCoBzTsB01FFFIAooooAKKKKACiiigAooooAKKKKACiiigAooooAKKKKACiiigAooooAKKKKACiiigAooooAKKKKACiiigAopMj1oyfSgBaQtjtTeQ3JwDSkZXIoAbk+tKclePWk5py8dORQA08jIHWlHuM0oXn27U4DFADMEkgdKfRRQAUUhIFLQAE4pCfSm9xmlI+b60AKCc4NA6mmkHIyeacOpoAQgjk85o5Axil28560tAAOBRRRQAUUUUAFFFFABRRRQA6P74qeoI/vip6TGFFFFIBsn+rb6VSJq7J/q2+lUHNNAMdsVWeSnyEk4FIEx9a0jG5nOaiQlm/un8qbl/7p/KrOKMVp7NGXtX2K2X/un8qMv/AHT+VWcUYo9mg9q+xWy/90/lRl/7p/KrOKMUezQe1fYrZf8Aun8qMv8A3T+VWcUYo9mg9q+xWy/90/lRl/7p/KrOKMUezQe1fYrZf+6fyoy/90/lVnFGKPZoPavsVsv/AHT+VGX/ALp/KrOKMUezQe1fYrZf+6fyoy/90/lVnFGKPZoPavsVsv8A3T+VGX/un8qs4oxR7NB7V9itl/7p/KjL/wB0/lVnFGKPZoPavsVsv/dP5UZf+6fyqzijFHs0HtX2K2X/ALp/KjL/AN0/lVnFGKPZoPavsVsv/dP5UZf+6fyqzijFHs0HtX2K2X/un8qMv/dP5VZxRij2aD2r7FbL/wB0/lRl/wC6fyqzijFHs0HtX2K2X/un8qMv/dP5VZxRij2aD2r7FbL/AN0/lRl/7p/KrOKMUezQe1fYrZf+61GX/utVnFGKPZoPavsV9z/3T+VODsOoIqbFGKPZoftn2PMx1qaoR1qauY6DpPFX+urC0j/kN2H/AF8x/wDoQrd8Vf66sLSP+Q3Yf9fMf/oQoA9ZooooAQ9DVerB6Gq9NAFFFFMQUUUUAFFFFABRRRQAUUUUAFQ3nNjc4/55P/I1NRSaurDTs7njfh7UDd/DrS9JttO8QXM1rI/2g6ZI1s8TbmIBYgbgQc8ZFYQ0DxPBfX1xZ6V4rhE91HIP9MIaSIDDCRgclvQ9q+giSepNJT63F0sea3Xh3xL4o8SQa8vl6L9hgWGziu0ErSKwPmeYAQe+MZrmW8Lavpmu21jFp0jC3uYnN5Z2csMCRKQz/OZGBGARjHWvcKKS0d0D1VmcF8ObuLUNW8X31uJDbXGpB4meNk3Lt64YA1293LJBZzTQwNcSohZIVIBkI6KCemanJJ6nNJR0sHW55V4lvfFfiC60SZPBF9ANOvVumVrqNvMA/hHp9a0PEba74y8K6nY3Xh6/0gRR+cq+ckpuiM4jwvPXB/CvRaKTV1Yadnc8G1/wxeDSrKxsdE1eeWJYGkaXTllxxuYLKTu2jONnTqK6NNA1/ULXR7jS7aPTYdJlluGFxYCCaSQ9dsKnaQV4ByOa9WoqnrcR4dD4M8RtpE96mmS/YDDJbJYTEC98l38x3X+ENnop7Vr+IdG1e88bR3Vlo2tzQf2XEmbS+FmykH7rP0JHdRXrVFK39ff/AJh/X5f5Hkeh6Jrdv8QNKurnR9bghjtrgGS+1IXgBIGAGH3P6/hUdnoV3pVrcRX/AIc8Tx21xJ5qmz1EXEwlySWwuAuc8nqa9goosB474ettZXQb22uND8S3us3NvLCf7QlItgpY7SC5wGAIP1BrM1rwt4im0GDTJtFkN5aQpCn2OyjlidQQd3nHDA9cgDGa91ooaGcn4BtpbLSLi2ms7q3ZZd+Z7KO23ZA6KhIOMdTzXVn7p+lLRTbuJKwi/dH0qO5ErWsywECYxsIyxwN2OKlopPUFoUdJ09dP0a0sXVWMMYVu4Ldz+eaqGzP/AAlwn+zDyPsOzfsG3dvzj64rZop31uFtLFWfT7a4kjd1kBj+6I5XjH4hSAfxqGaylfxBa34K+TDbSRMM/NliCMD8K0KKAMS3FzNqM+sy2c4VI/ItbbAEhXOWcgkAEkDgnoKiSyv72TV53ha1+2eVFGkrjcI1GGJ2kgdTgZroKKAMK8sJ9Q8QWyxtcWlrYwtiaIhS7vgBVyDwAOfrUJtZD4k0/ZPqVwtu0hla5T92oK4GG2gEknsTXR0UXAKKKKACiiigAooooAKKKKACiiigAooooAKKKKACiiigAooooAKKKKACiiigAooooAKKKKACiikJA6mgBaKbu56cU6gAppzTqawwd350AM7mng8Z5poGSQKcF6+hoARgMZzzS5JHAxS4FLQAm0UuMUUUAFFFNII5zzQApYD1owSevHtSDqRSZwpHvQAoyQD3FLkg4NAPYDigDnJNACAZWjBJGe1OAxRQAmBnNLRRQAUUUUAFFFFABRRRQAUUUUAFFFFADo/vip6gj++KnpMYUUUUgGSf6tvpVB6vyf6tvpVB+9NAQAZY07bQgyxp+Pat4PQ56nxDMUYp+PajHtV3IsMxRin49qMe1FwsM20bafj2ox7UXCwzFGKfj2ox7UXCwzbRtp+PajHtRcLDMUbafj2ox7UXCwzbRin49qMe1FwsMxRtp+PajHtRcLDNtGKfj2ox7UXCwzbRtp+PajHtRcLDMUYp+PajHtRcLDNtG2n49qMe1FwsMxRin49qMe1FwsM20Yp+PajHtRcLDNtGKfj2ox7UXCwzFG2n49qMe1FwsM20Yp+PajHtRcLDMUbafj2ox7UXCwzbRin49qMe1FwseWjrU1QjrU1ch1nSeKv9dWFpH/IbsP8Ar5j/APQhW74q/wBdWFpH/IbsP+vmP/0IUAes0UUUAB6Gq1WaY0YJz0poCGipfK/2v0o8r/a/Si4iKipfK/2v0o8r/a/Si4EVFS+V/tfpR5X+1+lFwIqKl8r/AGv0o8r/AGv0ouBFRUvlf7X6UeV/tfpRcCKipfK/2v0o8r/a/Si4EVFS+V/tfpR5X+1+lFwIqKl8r/a/Sjyv9r9KLgRUVL5X+1+lHlf7X6UXAioqXyv9r9KPK/2v0ouBFRUvlf7X6UeV/tfpRcCKipfK/wBr9KPK/wBr9KLgRUVL5X+1+lHlf7X6UXAioqXyv9r9KPK/2v0ouBFRUvlf7X6UeV/tfpRcCKipfK/2v0o8r/a/Si4EVFS+V/tfpR5X+1+lFwIqKl8r/a/Sjyv9r9KLgRUVL5X+1+lHlf7X6UXAioqXyv8Aa/Sjyv8Aa/Si4EVFS+V/tfpR5X+1+lFwIqKl8r/a/Sjyv9r9KLgRUVL5X+1+lHlf7X6UXAioqXyv9r9KPK/2v0ouBFRUvlf7X6UeV/tfpRcCKipfK/2v0o8r/a/Si4EVFS+V/tfpR5X+1+lFwIqKl8r/AGv0o8r/AGv0ouBFRUvlf7X6UeV/tfpRcCKipfK/2v0o8r/a/Si4EVFS+V/tfpR5X+1+lFwIqKkMQHVqaVGOD+lADaQsAcGnBM/xdfak8rDdcfWmAgOfpTQOoxz61J5XzDqc+tK0PzjnrQBD1HJJNPB+XNSeRg8HigQYH3v0ouAyipfJ9/0o8r/a/SlcCLFFSGMDq1NKcEg9PagBtJuHrUvk8ctn8KRohkAH9KLgRZzkdPSgEAdKlaLAznp7UGPsOfwouBHk9qQn5uamEOABu/Sl8r3/AEouBDjPPQ0AYqbyv9r9KPK/2v0ouBFRUvlf7X6UeV/tfpRcCKipfK/2v0o8r/a/Si4EVFS+V/tfpR5X+1+lFwIqKl8r/a/Sjyv9r9KLgRUVL5X+1+lHlf7X6UXAioqXyv8Aa/Sjyv8Aa/Si4EVFS+V/tfpR5X+1+lFwIqKl8r/a/Sjyv9r9KLgNj++KmpqqFHFOpDCiiigBkn+rb6VQfvV+T/Vt9KoP3poCOIfM1S4pkAyzVNitYvQxmtRmKw/FviCPwz4dudQbDT48u2i7ySnhQB9a38Vw3xWsWvvCaxw6PNqV154EAiJzCxB+c45PHam3oJLUhtfEfiTUNLjj0x9Gu9UsxjVvPZoo4XIyApAIOB157UeB/F+u+Jtcv7W6tdPNjZja13ZuzI0meFBPUda4y48MX8XhzTIoPDuvHT4t5vrD7SsPnOMHzXxng8jHoK0fAsEOp+I9P1zSvC15oumhHEk8F5mCXaCPnTHPNRzMrlVjQtfHnjDUrXUr7T/D+myWFhNJHJK9yykBOpx9Ks6Z4p8f61pkGo6d4a0ma1nXdFJ9rZdw6dDzXDRadZz/AA41rXbjU761WO/uBbRW8uxbhmIwGGPm/wAM1PqPhO48M+EPDepR6vqkd3d3MCSWpuCIkDHJAUdKV2PlR0mufFKfTddvbSBI2+zWWWheFgBchgGG7+6Bnmqp+KGvNp9zPFHocslszkhJZGWVFRWJQgYJGe5Fc74x/ta+8Y+JblpBaxLZlPLdc+ZCjqmPbLc5rI1RbRdCv75dejN4Lo20lrDbKokV0UMy4OAuF6gdaHJhyo9ePijXLaLwv9ut7JJtXmdZRCSwWPYWXBOOfWuXtviT4gvdEtLbTIor3XpJppJwIvljt4yeo6ZIq34mlvNL+Huj3keqw39/FeRJb3b26hrdXXG3bkgECoLOw1LR/F8XhWx8WxW168BmDRaXGFGfmK53ZyeuKbbEkjq/Bfi3VvFai5l0eC204ocXEd0HO8fwleoP1rscVwPwq1SG50e8tp7i1/tL7ZM8iRosbSAHG/aOvOa9BxVxehLWozFGKfijFO4rDMUYp+KMUXCwzFGKfijFFwsMxRin4oxRcLDMUYp+KMUXCwzFGKfijFFwsMxRin4oxRcLDMUYp+KMUXCwzFGKfijFFwsRSOkSb5HVFyBljgc1Uj1S2kljjDFWk3434GNpwc8+tGtqx0tgiO7eYmFQZJ+YVzn7q1iN5Iiyy3Bmi8iQBjH85w2OwBzk11UaMZwu9/8AgGcpWZ0l1qllZtEJrhAZGCjBB/E+1KdRt1kVD5o3MFVjC20k9PmxisHUxFaPp9nbyPwsbIIJdqs27GRjjJGTmrrQ3W5xLBfyzLOGhV3LRAcYJIODjmq9hDlT7hzO5uYoxSXAf7NL5ed+w7ceuKz9CXUfsP8AxMD838G77+PeuZRvByvsX1saOKMU/FGKi47Hk461NUI61NXOdB0nir/XVhaR/wAhuw/6+Y//AEIVu+Kv9dWFpH/IbsP+vmP/ANCFAHrNFFFABRRRQAUUUUAFFFFABRRRQAUUUUAFFFFABRRRQAUUUUAFFFFABRRRQAUUUUAFFFFABRRRQAUUUUAFFFFABRRRQAUUUUAFFFFABRRRQAUUUUAFFFFABRRRQAUUUUAFFFFABRRRQAUUUUAFFFFABRRRQAUUUUAFFFFABRSMcCmFs5X+dADycDNNLHIwRg96ANyfNTAcgdOOMUwHYzuAOfem9fXn+dPI24OefSgp3z3yKBDR0zg1IRnHOKCAetLSGN2HOd1OoooAKKTPNIuTyTQApIAyaRicgA4z3ofkgUw8geo/WgCQYPfOKRed31pDjeuKcBgn3oAawCjjr2pcNuJ4pcDOcc0tACAYHJzS0UUAFFFFABRRRQAUUUUAFFFFABRRRQAUUUUAFFFFABRRRQAUUUUAFFFFABRRRQAUUUUAMk/1bfSqD96vy/6tvpWe/emgC3GWarGKhtRyx7VZxVp6GclqMxWN4j8NW/iayitLq6vLeJJN5NrL5bNxjBPpW5ijFO4rHAJ8M30+F7bQ/FGradaSA+bCds29jwTlhnp2puk/DW70mzXT4vF2pHTQHVrURIqsGBzyOR1zXoOKMUrIep53afCfToZ9HW51C5udP01MrZPgRyTZyXP19KlufhtJqPiCK/1LxHqF1ZQXX2mGwb7iHOQM+grv8UYosg1OQ1vwLb+IPEdxf385NnPYi0eCPKvkPu3bh/Ksu4+EukXF/fT+YI4ZLP7LaQRwhRa8YLf7R9zz1r0PFGKLINTztfh3q1toVtptj4okhYytJeStbK3mkgBdoP3SAAKiPwkggltb7T9e1CDWYZGkk1GQCR5iRjkHgV6TijFFkGpx3h3wRLpHiGbXdR1qfVL+SHyEeSJYwi5ycBa67FPxRimhDMUYp+KMUXCwzFGKfijFFwsMxRin4oxRcLDMUYp+KMUXCwzFGKfijFFwsMxRin4oxRcLDMUYp+KMUXCwzFGKfijFFwsMxRin4oxRcLDMVFFawQM7RQxoz/eKqAW+tWMUYp8zCxTGnWYWRRaw7ZPvrsGG/CmDSdOBBFjbgjp+7FX8UYp+0n3FyoZijFPxRipuOwzFGKfijFFwseQjrU1QjrU1ZGp0nir/AF1YWkf8huw/6+Y//QhW74q/11YWkf8AIbsP+vmP/wBCFAHrNFFFABRQRkYNN2L/AHRQA6im7F/uijYv90UAOopuxf7oo2L/AHRQA6im7F/uijYv90UAOopuxf7oo2L/AHRQA6im7F/uijYv90UAOopuxf7oo2L/AHRQA6im7F/uijYv90UAOopuxf7oo2L/AHRQA6im7F/uijYv90UAOopuxf7oo2L/AHRQA6im7F/uijYv90UAOopuxf7oo2L/AHRQA6im7F/uijYv90UAOopuxf7oo2L/AHRQA6im7F/uijYv90UAOopuxf7oo2L/AHRQA6im7F/uijYv90UAOopuxf7oo2L/AHRQA6im7F/uijYv90UAOopuxf7oo2L/AHRQA6im7F/uijYv90UAOopuxf7oo2L/AHRQA6im7F/uijYv90UAOopuxf7oo2L/AHRQA6im7F/uijYv90UAOopuxf7oo2L/AHRQA6im7F/uijYv90UAOopuxf7oo2L/AHRQApYDrTSWK5HAprKocfKMd6GQKDhRg0wFY8KaPlVvXNCiMgDApBGOBtGAaAFXJG0nFAHGB1U8U7y0P8Io2L/dFABtJ6n8qdTdi/3RRsX+6KQDqKZ8n93j1pGjXaSaAJKaWIbpxSbVCj5f0o2Ky/dAoAOQ3J60YYDgjik2KyfdGaUxg9gKYAAWO7pxQE4IP4Gl2KP4RRsX+6KQChcHOcmlpuxf7oo2L/dFADqKbsX+6KNi/wB0UAOopuxf7oo2L/dFADqKbsX+6KNi/wB0UAOopuxf7oo2L/dFADqKbsX+6KNi/wB0UAOopuxf7oo2L/dFADqKbsX+6KNi/wB0UAOopuxf7oo2L/dFADqKbsX+6KNi/wB0UAOopuxf7oo2L/dFADqKbsX+6KNi/wB0UAOopuxf7oo2L/dFADqKQKB0AFLQAUUUUARTf6o1QfpV+b/VGqD9KpCJrQZjb61YxUNkP3TfWrOKLiaGYoxT8UYouFhmKMU/FISoOCwH1NFwsNxRil3J/fX8xTJLm3hlEUs8SSFS4VnAJUdTj0FFwsOxRikgmhuoEnt5UmhcZWSNgysPYimfbLXz5YPtMPnRKGkj3jcgPQkdgaLhYkxRimpPBI22OaN29FcE0pmhBwZowR2Lii4WFxRikWWJ22rKjH0DA1Jii4WGYoxT8UYouFhmKMU/FGKLhYZijFPxRii4WGYoxT8UYouFhmKMU/FGKLhYZijFPxRii4WGYoxT8UYouFhmKMU/FGKLhYZijFPxRii4WGYoxT8UYouFhmKMU/FGKLhYZijFPxRii4WGYpcU7FLii4WPGx1qaoR1qapKOk8Vf66sLSP+Q3Yf9fMf/oQrd8Vf66sLSP8AkN2H/XzH/wChCgD1miiigAooooAKKKKACiiigAooooAKKKKACiiigAooooAKKKKACiiigAooooAKKKKACiiigAooooAKKKKACiiigAooooAKKKKACiiigAooooAKKKKACiiigAooooAKKKKACiiigAooooAKKKKACiiigAooooAKKKKAEIyCKaFJxu6Cn0UAGKKOlIWAXPWgBaTIzjNISR170gAKDHWgBd+c4HSmnhQwNKTwGoIUdByaAAZ24AyD0NA/1ZHpSgHaBnFKBgYFAAOgpaKKACiiigAooooAKKKKACiiigAooooAKKKKACiiigAooooAKKKKACiiigAooooAKKKKACiiigAooooAKKKKACiiigAooooAim/1Rqg/Sr83+qNUH6VSEWbH/VN9at4qrY/6pvrVqpGZusX7WNuvlqDJKdoJPT3rC867iUMLVEaP5jLvOTj3zzmt3WdOfULZBEQJEOQD0NYA0DUDgeUv/fYrSNrEs6bTrv7dZJOV2k5BA9awPEngTRPEN0+o6gl0bhYtgMVy8YwMkcA4rf02zNjYpAzBmGSSPU1z2t2/jmbUJxo95ocensAEW5gkaQcc5IbHWoe5RxHw18CaLrvha21a/F492Lh/mF3IB8r8cA47VV1q71rxP8SNcstOs2WaCz+wWzyfL5UbyBZZR6966Dw74X+IPhjSE0yw1Hw+1ujs4MsErNljk8giuhtND1GP4jza3MsX2V9LS2Lq3WUPk/L6UgPOPBy6obxtHGreLPs9nftZxSWUURtURGwN5IyPfFVYtQuzqnie51SGx1SzWcrfxRSr/pfIEcYLH5Y4+CSM8+tdx4b+Hk9vfX9/qN/qNrK+pS3EUNpebYnQtlSygdT3qFPBXiDT7+61CGz8L3hmLK1qLLyBIrNnLyYYkjrjoTQBzPgm0t9N8f2moQ2ugub1DDHbaXejNkMZJYH/AFhIHJFYmrWNqmgeItTHhm3vpjqk6DU5JR+5O8ALs/i6/rXdeGPCnibQ9Vurg6F4fT7XdNMJ0mJe1DDGEGzkD0yKj0/4ca8YdP0zUry0bS7eV9QuFjJLXN0WJAb/AGBxQAeC7bSLTxnbWEngeHRtUWzNylytyJCV4U8DpnJr1bFcN4b0HxLJ4xn8R+JBp8MgtPskEFmzMMbs5JNdzQAYoxRRQAYoxRRQAYoxRRQAYoxRRQAYoxRRQAYoxRRQAYoxRRQAYoxRRQAYoxRRQAYoxRRQAYoxRRQAYoxRRQAYooooA8ZHWpqhHWpqAOk8Vf66sLSP+Q3Yf9fMf/oQrd8Vf66sLSP+Q3Yf9fMf/oQoA9ZooooARmCqWYgADJJ7Vh/8Jp4Zzj+3tP8A/Ahf8a3GVXRkYZVhgg9xXlnxL8EeGNK+H2r31holnb3USKUljTDKS6g/zNJu2o0rux3KeMfDckixpruns7EKqidcknoOtWNQ1/TdL1LT9Pu7jZdag5jtkCk7yOvTp+Ncn4Q8CeFp/DGjX0uhWbXTW8UplKfMXwDn65riNa13WNW+Ll8+nWDSXGm2Vxb6fFIMZdRhnHqck4+gqpaS5fX8CYu8eb+tT2PR/EGna99s/s6ZpRaTtbytsIAcdQCev4Ua7r+neG9MOoanMYrcOqZCliWY4AAHJr53bw1BoPi9tG1OPXb7bYxzzR6W53iZsFjgfw9RWtr9hdaTY+G59GS4a1luHlg0vWHJuPtJO0Oy8ZUAAjPA/Gl2/r+vIZ7Fqfj3wvot59k1LWLe1udiyeVLkMAwyMjFWdO8W6Bq+n3d/YapBPa2gzPKpO2MYzzn2ry6bUvEESr4Y+0abFexxg3WvatcRMW3jP7oHkgZwPpTvDkc+keB/FegtBps8cNlNMdTsbpZBcFlONy5yDSbsmxrVpHf/wDCy/BX/Qy6f/39qW1+IPhG9u4rW28QWMs8zhI41kyWY9AK8R1eW+tfhtpMdv4Zght5YoNusIyCR3J5THXnpXb6FrckPi/R9F1bwDY6XPdAvFPuRn+QZ3DA65HrV2963mS3pc9coooqRhRRRQAUUUUAFFFFABRRRQAUUUUAFFFFABRRRQAUUUUAFFFFABRRRQAUUUUAFFFFABRRRQAUUUUAFFFFABRRRQAUUUUAFFFFABRRRQAUUUUAFFFFABRRRQAUUUUAFITgcdaWigBo+Yc9RSYyWxS8h/rSKGxjpQAE5jPqKACOnenbRnOOaWgBAMLg0tFFABRRRQAUUUUAFFFFABRRRQAUUUUAFFFFABRRRQAUUUUAFFFFABRRRQAUUUUAFFFFABRRRQAUUUUAFFFFABRRRQAUUUUAFFFFABRRRQBFN/qjVB+lX5v9UaoP0qkItWP+qb61aqrY/wCqb61aqWMKKKKACikJAGTVC71vTrGURXNxscruA2MePwHtQBoUVkf8JPo//P5/5Cf/AAp3/CS6Qf8Al7/8hv8A4UAatFZD+J9HRSzXmAP+mT/4VH/wl+hf8/3/AJBf/wCJoA26Kw/+Ev0L/n+/8gv/APE0f8JfoX/P9/5Bf/4mgDcorCbxhoqwSTme5MMYJeQWUxVQOSSQmKlh8UaVcajZWUNx5j3lsbqFwPlKDHc9DyOKANiiszTdfsNVu761tpCZbKbyJQwxlsA/L6jBrFT4k+GWuFhN6VzeNZh2AC7wM7uv3O27pmgDraKxrjxZoVsLctqMUn2hzHELcNMXYDJACA8gc1FceMtEtIHnuZ7mGKNdzvJYzqFHqSU4FAG9RTIpUmiSWNtyOoZT6g9KfQAUUUUAFFFFABRRRQAUUVFJcRRNtd8HGehoAloqD7bb/wDPT/x00fbIP7/6GgCeioPtcH9/9DS/aof7/wChoAmoqIXETDIb9DS+dH/e/SgCSiovtEX979DQbmIDJf8AQ0AS0VD9rg/v/oafHNHLnY2ce1AD6KKKAPGR1qaoR1qagDpPFX+urC0j/kN2H/XzH/6EK3fFX+urC0j/AJDdh/18x/8AoQoA9ZooooApaveT2GkXV3bWrXU8MZeOBTgyEdBXkHirxN408U+Gb3Rm8DXVut0qqZA+4rhgemPavanQOhRhkEYNUxpqg8SnH0qoxi78zJlKStyo8u0bxl420jRbPTl8A3cotoViD+ZjdgYzjFa0wuZPi/oV4bJ4kOlSmTCHajsckE9M1362QX/lofyp4t8DG84qny3vcztO1rHkmqaLrGrfGbUW07UrvSB/Z8f+lww7g/T5Mnj/APVT/EvhLWZm0+CXRYvFtzDE+b++uPICgtnYVUjNes+RxjecUvkf7VTaNki7zvc8K8T6ZNqXh19PPw4uotcihSBLu1TfDGFPARtxJGOKtyW9yngnU9M0DwFf6Zf3NtHDcTyRhRIMgMRycnknHoTXtflf7Ro8v/aNKyd/MactPI8bXQte1rUNO0e50qW30HwxGshRyM30yrkBSOxPT0B9a0NLn1zxf8TdJ1u58OXuk2OnWsilrr+Jm7D8/wBK9V8v3pdnvTvrf+ris7WDdS5pNvvS4pFai0UUUhhRRRQAUUUUAFFFFABRRRQAUUUUAFFFFABRRRQAUUUUAFFFFABRRRQAUUUUAFFFFABRRRQAUUUUAFFFFABRRRQAUUUUAFFFFABRRRQAUUUUAFFFFABRRRQAUUUUAFFFFABRRRQAUUUUAFFFFABRRRQAUUUUAFFFFABRRRQAUUUUAFFFFABRRRQAUUUUAFFFFABRRRQAUUUUAFFFFABRRRQAUUUUAFFFFABRRRQAUUUUAFFFFAEU3+qNUH6Vfm/1Rqg/SqQixp/+rk/3quVT0/8A1cn+9Vyk9xhXBXPjDV4vHQ0lbVTa+cIvL2Hcyn+PP613tRbF+079ke4Ljdj5v/1Vvh6tOm5c8Oa6+7zInGUrWdhLhiFAHeuG8V/8hSL/AK4j/wBCau8kjEmM549Kx9T8P2moXKyyyTKwQLhGAGMk+nvWHQs8+qZfuj6V13/CI6f/AM9rn/vpf/iaePClgB/rbn/vpf8ACkBxN3/x7P8Ah/OsyvR5PCOnyIUaa5wfRl/+JqD/AIQbTP8Anvd/99r/APE0Aefmkr0H/hBtM/573f8A32v/AMTR/wAILpn/AD3vP++1/wDiaAOBur1bXTbsSOixtaS4LeYTuK7QFVWAOd3Ug4xWdpDz2niew1S70uwFlb6INi3CAeeqhdzg4++S2BnOelept4E0qa2lgea92yIUJWbaQCMHBAHrVqPwZpKTabJIkk40+1FrCkxDKVBBBYY5YFRzQB5f4G0y1sNd16HV444lu3kj85FCNBJs3sqEDKfKx6f3awUs7SwtNKsLnX9MtZILoyCOW7fKqCxXdhCFyCMEmvcovCunwS6hNG0vnXtz9qMjbWMMu3aGjyOCB65qrJ4D0KZ7Z54JJ3hkaSRp28xrhmXafMLAluOg4A7UAcFdXcFvdeGRLeh44bu5LTWUjyOAYTjGUBz6YBrM1yC/ll1u5u9Qu5SNDmb7O84kNspkAWOQgfeOCSOx+lenyeBdPklsS19qnl2MjSWsYuiPKyu0qG+/tx23fpxS33gXSb+wurOSfUkjulKylL6TLfXJIP4g0AbWk/8AIHsf+veP/wBBFXKjt4VtraKBMlI0CLnrgDFSUAFFFFABRRRQAUUUUAIazdQ/16/7v9TWnioJrSOdwzFgQMcGmgMin1of2dD/AHn/ADH+FL9gi/vP+Y/wp3EZ4606r32CIfxP+YpfsUf95/zFFwK0X3T9afVhbVFGAW/Ol+zp6tSuBTPU01/umrptUz1akNpGRjLfnRcDOq3Y9X/Cn/Yo/wC8/wCYqWGBYc7STn1obGTUUUUgPGR1qaoR1qagDpPFX+urC0j/AJDdh/18x/8AoQrd8Vf66sLSP+Q3Yf8AXzH/AOhCgD1miig8DNABRmqzysx4JAqneSyLs2yMOvQ0AauaKwPPm/56yf8AfRqtLdXAlIE8oH++aAOoorlVu7ncP9Il6/3zU32m4/57yf8AfZoA6SiueiurgN/rpDx3YmrAvrn/AJ6f+OigDZorNh1IjiVS3uMVoqyuoZSCD3FAC0UUUAFFFGQKACiiigAooooAKKY0qKcZ/KlV1foadmA6iiikAUUUUAFFFFABRRkDqaMjOM0AFFFFABRRRQAUUUUAFFFFABRRRQAUUUUAFFFFABRRRQAUUUUAFFFFABRRRQAUUUUAFFFFABRRRQAUUUUAFFFFABRRRQAUUUUAFFFFABRRRQAUUUUAFFFFABRRRQAUUUUAFFFFABRRRQAUUUUAFFFFABRRRQAUVQkkcSMA7dT3pBI+fvt+dOwGhRVHzH/vt+dKHf8Avt+dIC7RVPe/95vzqQM2B8x/OgCxRVYs20/MenrUXmP/AH2/OnYC9RVBpH/vt+dN8yT++350WA0aKrQysFG4k1K08Sbt8qLtG5ssBgeppASUVCbu3Fs1z5yGFRkuGyP0qQSIQCGGD70AOopqujlgrKSpwQD0p1ABRRRQBFN/qjVB+lX5v9UaoP0qkIsaf/q5P96rlU9P/wBXJ/vVcpPcYUzH78naPu9c80+mY/fE7f4fvZ/SkA+qEuo2Icg3ttkcEeauR+tX657xFY2Ygs2Fpb7mvocnyl5+b6U0BoDULIxtILuDYpwW8wYB+uaT+0rAKpN7bYYZB81eR+dY/jWG3tPCl2LeJYpJMKqRRJ8598g9Bk568VhT3UUE6zXEkoluljjK3ElqsikLjLB1JA46jA6U0riO2l1CygeNJry3jaRd6K8qgsvqMnkU0arpzOyLf2pZThgJlyD155rhNUsotPGmSGUMZoRsYtEwj2DHysVIIOc4GBVjwzZx3Opv5c0IliiG1XMLicZOQwC7uOPm96OXQLnajUbHbu+2W+M4z5q9fzqeCaG6UtBNHIoOCUYNg/hXnN9E8Wmq00dhCA14D5MkaEkt0IkXnpxgZx6V0vggDyr1w0ZVjFgpJG/RAP8AlmAB+IzQ1oFzqgMDFLRRUjCiiigAooooAKKKKACiiigAooooAKKKKACiiigAooooAKKKKACiiigBKa8kcePMkVMnA3HGafWBexSXOq3oIgKw267RMu7IOSccjHTrTSuI3GkjSRI2cB3ztUnk460+uXNxb3M8Bf7IQYAUW4lI8occZ9Tn8hUmiG3227MbDfk4ImJkzk44NPlC50lFFFSM8ZHWpqhHWpqAOk8Vf66sLSP+Q3Yf9fMf/oQrd8Vf66sLSP8AkN2H/XzH/wChCgD1mmyELE7HoFJNOqO4BNtKAMkof5UAUPtkH9/9DVLUL+2Ty90uM5/hPtUFZmsf8sf+Bf0oGXP7StP+e3/jp/wqnPqtkJmBm/8AHW/wrLrOuv8Aj5f8P5UEs6H+2LBTkz8Dk/I3+FO/4SDS/wDn6/8AIbf4Vykn+rb6GqNDBHfW+uadLIVS4ycZ+43+FWf7Vsv+e3/jp/wrhdL/AOPlv9w/zFa1AzpP7Wsh/wAt/wDxxv8ACuZ8YSWc9ot7FqT28kZVGZ9RuLSIJz18vjOSOo/HgUHrUVw8KWswntbq5jeJ4zHbQGZ8spAIUehIP4VLYzC8P3cg8U+H2s9be5aa6mikji1ae5hIEYK7g+MHJ/KrHhnxN4hl8eeJ4vt2hC9KYZJZpBEWjGP3fHIHO6s7wzaam3inwzb3VtqCi3d4gxsHt4o4xFtByernufpWhYfDd5Nd17RbP9zDFNa5vJ4iXeMqTL5bdmbJBx61fX7/ANCemvl+ovwt8T+I9Z8QanDA+mtDLdfa7oTPJu2Hg+SPQYHXHWsK/wBR8RT6z4rl1O8ngvEVoJIraRvKWPaSFwEYYxjnIPXmuv8AC3hG5Ou319YM+nSadrcgXdGcTWpQAoB3HAwa5bXtE1vUTrmq2WltNESz3F1f6aIpHYHAWJMkn64AqXql6fov+GKV7v1/VnQ/Di/1a5l0WGfV7423lD92zEoQF4XmLGOMffrHja7lt9a1W6HiC9ht9RuI3kt9aa2jgRcEDBPuelXfD2haxpWt6SNS0WCJHeJ4Lux0pJF5AOHO4NG3qSMCslUmhk1VJNE1q7uINVnubWL7K8lk7krtaRRgtjBx9RTl8X3/AJoUdvu/JlfR9Tvbqaw1CGbXLaP+3IbVRcanJKrxkElGUn7wwMnpzX0TMxVOO/FeA2z38o0m1n0jVhfXHiBNQuriSyaKEE8YX0A969/lTenHUVS2/rsv1J6/13ZzMk1/qmqXdraXYs7ezKo7qgZ3cjPGeAAKsaPfXTz3dleMj3NmygyIMB1YZBx2NNudKuBfyXmn3n2WWUATI0e9Hx0OOxpNE0i9sL29e4u0uluWV/MKbX3Ywc9selehJ03Teq2VlbW+l9bevUxXNzHRg5APrS0AYAFFeadBy/iDwvqOrX5u7XxVqmmRiML9ntdmzIzzyCcmuG8DaT4h8WaJPf3HjfWrd47qWALHsIIU4B5HWuu1zxvf6XqtzYQ+D9Zvo48AXNuqlHyAeMn3x+FcX4H8Q634S0Sewn8E65cPJdS3AaOMAAMcgcnrQt3/AF1CXT+ug3xtPdRfEnS7DzPEssUuPMgtp/LWcKn3owCO/LZ965y5k1Q22oob+8e/eaUwXKeJ1SNFLHbmPd2HbNdV4r8PDWvGvh/V9QTUUj1CNy0CZWW0VIS20Ff4t35niuTurFpPE9rdRWmq/Y1ikDSt4X5Qk8Ax9HP+0eaS7PzG328jY8dXOpPdaS0l1OIYbCGSyuvtqQQ+fx5h3n/WNgdjxnNc/eatf3tzDdf2k5ntTttEi1yKRwpbLjOdzMw4Hoeldf8AEFZbjT/BUljBdxhC4G2ydHT5AOYlBK/QVyuq/wBox2DSzwajdpEyyCGSyuY1YggjLFQBzT6/Nk9F6HS+Kb+3i1nwpDc69rekvcQqL20e6bfCmCVLEDli3BNcadU1OS4jLahqb72vCxGuGMNsJ2nGfk2+h+92r1HxpF4g1DX9DvNL8OLcrpqG7kuJmUJJuQgoB94kdceuK4LUNNuLnxJZ3kdvqhtx5pkkPhdV8st0Hl4xJ9T060uv3j6fJHtPgSeW58B6HPPK80slnGzyOxZmOOpJ61T+IGtXul6Na2elyeVqOqXSWUEuM+Xu+849wAa1fCj7/DFhxMNsez99a/Zm4JHMf8PTpXP/ABMtpk03StbhjaX+xr+O7lRRkmLo5A9gc/hVTacvK/6ijdLzt+hp6v4Xv9RgsYrXxPqmn/Zo9jtAVJmPHzMWB54/WuC8MaV4h1/WvENhL431qJNLuhBGybMyDGcnI6/Suz1rxvPptxAun+G9T1e2ngWZLmyClMHPHJ69/wAa4bwx4g1vQNb8Q38vgrXJU1S6E8apGMxjGMHPf6UvtO/n991/wRvZW/pD/iYb7SJfD9kL/wARXDsYrd5beYRrdfMdw+Uj96R07ViXr3keramJp9SaMlRax/8ACSLbPbgIBtkQt94HrXQeOdNm8W2/h3W7yz1C0R7yK1OnyjDxBpMO529CVA57Vy3iDTAdasVsLXWJbe2ujvebw8XdFAxuL4zPyO9Jefd/oN+XY3ruHWX8M+CceJr6G4ubhbC5a1uRIGLMSW3ZO5hjHWs3VBqmoeJJn00a21la3ktrdBte8o3TqOkYJG3pnAB610FxoniHX9H8ProCwWtvp87XL3F5Ym1k85ScYgHGCD+NY9hoXiXVNQm1fSdNkNraXct4I9TXyXu53Xa+wD7oA6E96b3fz/T/AIP4C6L+u/8AwPxLmqaxMvwm0e90i51i2+16kqNuuzPcYLFSoc9c44FU71dUgsbiaOf4kK8cbMrTQxhAQOrEHp61Z13TSfhHollY6Xq4EWpIHtpU23A+di2COOpIDdO9Ur/w640+52eE/Git5TYaTU0ZQcdwG5HtSl9r+uiGun9dWXde8Qamfhj4T+1R39xaXipJf3cDZkYg5WPOcgu2OfQVFrN1fa2sqWFn4hk8UeUPtVtY3s0VpZkDgHJALYxwOpPWrFzoV7f+APB0aaJrV3c2tuXUWdyluIX4wX3jOfTA45rM8TwJPBam20jxXBrCzwrfhFneMoow+HHDNgD5h1qpL3mvMS2T8ifxDq8Fv8OtDA1/XbPUILjyJftBkhllO4eaW9doPHJrA1PUbr+2rhLPV9UurUahbwxS/wBstDviaMHG0njPXf0Fdnq9rNrHhK00fwr4d1adVvhKZtWzGYirK5BMnzFW6cehrnPFFpqGrXsFw2n3yXAuka4gi8PApCFGGKyYzKARwDwRS63/AK6B9m39dTqvDMus3vwkvruz1O6TUbO7nmhkkn84kRtny2Y53KQCK9H8O6umv+HdP1VF2i6gWQr/AHSRyPwOa4W01mPRvhlqm5bt5QXghSbTBZNLJIMKqxjryetdj4N0iXQvB2laZP8A66C3USD0Y8kfmTT7/L8v+GF2+f5m5WNrXiWw0G+0m0vFmMuqXItoPLTcA/8AtegrZpjxRyFS6KxQ5UsM7T6ikMfXm1j4i8UXHxUsrDUolsNNntZ5IbNWDM4U4DyHHBPYDtXpNcnfaBf3HxN0rXY1j+w21jLBIS/zbmIIwPShfEvn+QP4X/XUsePtVvNG8Falead5n20IEgMSb2DsQAcYPrXK+FZLnXI9T0a78S+I4NUNsheG+t4oZYQSD5ke0cg9OTXSX0fjO7tdYjtZ7CxmSdW0yQLv8yIclZAc4J6ZHSse0sddsdX1TxvrmnILuKwFvDpthJ5zMqncTuIGST2xwKStq3/Wg3fS39anA3FxPpni7V9H1Pxl4oEFn5YhktUMrOSMndhSB7V23gBrOeS+1e28V65qVvZo0c0OoqEVDjdnGAcgCq/hq41HwppF/wCK9c0m+uNQ127Ej2tnEZHgTB2Aj6Z/MVF4X0vW9R8G+L7iCwls7vWryVreK7zGwRuCTnpwT+VPVJrrb8dP8xaNrs3+BR8U6rrMvwp0jUZr++W6v9RVybd9kvlOzbUXbj+HAA+lYPiCC40/Qry6tv8AhYlvNEm5Jb2UrCpz1Yhuldr4+0O81NPC3hCxs7kWgmR57yMYWJI1x17N3/KuW8e+G7PR7e40m1uvGOo6hNErQqXMtu+T0YhfY8fSh9bd9PwGtbX7a/eez6E7yeHtNkkZndrWIszHJJ2jkmtCqOjQSW2h6fBMu2WO2jR19CFAIq9VS+Jkx2QUUUVIwooooAKKKKACiiigAooooAKKKKACiiigAooooAKKKKACiiigAooooAKKKKACiiigApKWm0AUZAfMb6mkVTnpUj/fb6mkX7wpiDY3pQFPpUlKKQyPafSpB0FFFMQjfdP0qLBqU9DUdADSpPQUmxvSpVpaAERSEHFZd3C5MOCoM16A7OMgAA7Rj8OnrWwvQUgs0LTCTDxS4JjYZAPr/KhMDBuJhFHdxSGFjHcDcNhxOcD7wHpnn1xUSNbf2jNk6Xt8tesB29T0GetdRDBFbRiOGNY0HOFGKRbdFunuAW3uoUjPGBn/ABpphYoQOo1iLySpjmtctsGB8pAB/UitSoEtgt5Lcs253UIvH3VHb86npMYUUUUgIpv9UaoP0q/N/qjVB+lUhFjT/wDVyf71XKp6f/q5P96rlJ7jCmY/fk7T93r2p9M/5bn72dv4UgHEZBGSM9xWNP4cS5CibU9SYI4kUecOGByD0raooAyZNCSW0uLeW+u5lmjKZmcNsz3XjrTbnw9HdSRvJf3w8tg6KkoAQgYBAxWxRTuBlS6HHN9nZr29E0AZVmWQbiGxkHjB6CiLQYUuluJbu8uHVGRRLLwAwwcYA5rVoouBjS+GrFoWhgee1idSsiW7hfMz3YkEk+5NXdP04adGY1urmZcAKJnDbQPTgVcoouAUUUUgCiiigAooooAKKKKACiiigAooooAKKKKACiiigAooooAKKKKACiiigAqvc2NtdkGeIOQMZyRkehx1HtViigBoRQAAoAHAGKitLVLS2SFTuCZwSOeuanooAKKKKAPGR1qaoR1qagDpPFX+urC0j/kN2H/XzH/6EK3fFX+urC0j/kN2H/XzH/6EKAPWaOtFFAGfNpSSSFkcRr/d25/rVG88Ofa9n+lbduf+Wec5/Gt6mmRQcFhQBzP/AAiP/T9/5B/+yqvL4G8yQv8A2jjPbyP/ALKut81P7wo81P7woA45vAO5SP7S6jH+o/8Asqg/4Vz/ANRX/wAl/wD7Ku481P7wo81P7woA4218A/ZpS/8Aae7IxjyMf+zVb/4Q/wD6f/8AyD/9lXT+an94UeYn94UAcufBuT/x/wD/AJB/+yrV0fQ4tK3NvEspyN+3bgccdT6Vp+Yn94Uean94UWAfRTPNT+8KPNT+8KAH0UzzU/vCjzU/vCgB9FM81P7wo81P7woAfRTPNT+8KPNT+8KAFKKx5UUoUL0GKAQRkHNLQAUU0yIP4hSean94UAPopnmp/eFHmp/eFAD6KZ5qf3hR5qf3hQA+imean94Uean94UAPopnmp/eFHmp/eFAD6CMjB6UgZW6HNLQAgAUAKAAOgFLRRQAUUUUAFFFFABRRRQAUUUUAFFFFACFVbG4A4ORkdKWiigAooooAKKKKACiiigAooooAKKKKACiiigAooooAKKKKACiiigAooooAKKKKACiiigAooooAKKKKACiiigAooooAKKKKACiiigAooooAKTFLRQBA1vlid3U+lAt8HO/9KnooAi8n/a/Sjyf9r9KlooAj8r/a/Sjyv9r9KkooAiMOR979Kb9n/wBv9KnooAhFvj+L9KXyP9r9KlooAaqBR606iigAooooAKKKKACiiigCKb/VGqD9Kvzf6o1QfpVIRY0//Vyf71XKp6f/AKuT/eq5Se4wpmf35GWzt6dqfTM/vyNx+793+tIB9FIWxVO5mkWQANgY9KALtFZfnyf3v0pv2mUHh/0FAGtRWcmoOgJkQv7IBn9SBWfpfi+01e+mtLWw1LfBN5E7Pb4WJ8Zwxz7jpmgDoaK5K1+IOnXmoy2FvZahNcJJKqCGEOJFjYKzg5xjJxV+18X6XcWt1cOLqAWs5t5klt23I4AOCFB4wevSgDeorlLb4g6PPeTxSJeQQKVFvcvbSGO63DP7shecVd1bxZYaXZ2lyFe4W4uorYLHwyGT7pYNgj155oA3qKxdF8S2esi82g25tryW0xMygyNH1K89Mc1gR/FLRpJIv9HvBBLetaJN5RKsADiQYHKkgjjn2oA7miueufGelQGzWNby5kvJWihjhtm3MyruPDAdu9RXvjaz02GWa803VIUhjM0m6AZVBwWwGzj3xQB01FcwnjzRpL82gF2CGZPNMB8vcsfmEZ9dvNWdE8W6frt2LW2hvIpWtlu0+0QlA8THAYfjQBvUUUUAFFFFABRSMwH1PSmE5oAfuHrRuFR0hoAl3D1o3CoqWgCTcKXNRjrTqAFyKNwpjdaSgCTcKNwqOigCTcKAQajpy0APopoNOoA8ZHWpqhHWpqAOk8Vf66sLSP8AkN2H/XzH/wChCt3xV/rqwtI/5Ddh/wBfMf8A6EKAPWaKKKAGucIxHpVWrUn+rb6VVpoRA17bJdfZXmRJvL83axxlc4zmorXVLO8nnhhnjLwvsI3r8xwDkc8jmq+ouZb6KGO2tJniieZ2uSQsYPy9QDjPPboDXN6Za3N9etPBZaXAftf2qI5ZfMjC7Pkwn3Tyf6c00rgzoF8Tac0lwoFyVgPMogYxsPUMOMZBGfUU6DxDZz26zCC/VTx81nJwc4x0654rkdXtbp2uDDPOWiulhWNHdgse8Yy28Dk9Fxn6VetgUttSaS4mmhSVF2TIx852OCpjdzg5xhsg96aWgM3U8TWkiRstpqXzyeXj7FJkHJGTx7VYbXdMi4muhBJt3eVMpRwPdSMjp3ri7vT2efUpDDNI8bbLiVQ8mdvJAfjZheOAR6YPNbt3cyQ2sEw0+dVKI8s9pn5VA+VhIxGcAnIYc5NFlYOpp2fiPSb1ITHeIjynCxSZV8+mD3rVrltA1eDU7aUNa3lyJLtplYxhggzlCefl6Z6V0sVxDO8qxSB2ifZJj+FsZx+RFDQDLu7hsbZ7iZgEQZPIBP0z1qi3iPSVu3t2vIwVjWTfn5SG6AH1xzUfiWGO50+C3fbvluolQlVYj5skgEEcAGuTtZNQmS22TS7PMjlaLT4VjLF0f5jjvwOeB7UkB2sms2kaCQLcyxFN4khtnkTHrkDFLaaxbXuwwR3ZSRdyu1rIqkfUjFQ2VwZ/C6O8/myfZWWRy2SXCkNz35BpdJkK+F7JkyXFqu0Ku452+mRn6ZpvS4diOTxFbxytE1jqYcj90PsT5mIGSF47e+Kml1u1gskup0ngVpFjCTxmN8sQOjYyBnkiuOfTpZ5L6+eGyhGnRlhFLbvlywz8wEh2nA4Gc88ird3b3UugRRTWcNsq3UJ+e2+7lx9wlmDepP6UWQjorjxNo9tdrbyXseTuDOpyiEc4Yjp/KtVHWRFdGDKwBUjoQe9cxp9jqNzo18lnfW8dtdyzeWJLYklT8uchgADjPArorSE29lbwMQTFEqEjoSABR0H1LcB+Yj2qSU4jOKih+/8AhUk3+r/GpAr1Su9UgsnZZYrohV3Fo7Z3UD6gYq7Ve/I/s66GRnyX4z/smhjW5XttZtrtVaGG9ZGTerG0kAYYzwSKhi8Q2kqoyw3m2RmWLFuzGTb94hRkjB45Aos2QeFbcNGZv9DQeUOrfKOOK4+y09rbw6LiSzhd4TMyt5byAnJyGw67QMYzzxVWV2StUjtG12wS3Mzu6ATLAVlQxsGJA6NjjkH6U2TxDYRSTIy3ZMK75CtpIQF5+bIHTg81z8tiy6LGq2UA8y8hcmeAoEJZeilmJB47inTRagdN1KeB4kiVpUnYzYknVBjGPLIUYyAF6Zot/X3DR0K63p7ySoJx+7gFwxyPuHJ6dc4HTFPtdYs7tnVGkjKIJD58TRfKeh+YDjiuWudPlnudQ8lLG2RbCJlXbkuuScM/y7cgYP8AOp7J5tenuLiCW3mCW6wgbDECxPRkLMGVQSRkcnpQ1oK/9fcb8Ot2s9pDcwx3MscoyPJgaXb7NtBwauW9wtzF5ixzIM4xNE0bfkwBrz21tYv7BaIrFKLe1V2nCeW6MzAKgKkAnAJJIzyK7HQvKjjvLZbaO3mguCkix5ww6qwyT1XFDSA2EOHH1q1VVPvr9atVLKCiiikAUUUUAFFFFABRRRQAUUUUAFFFFABRRRQAUUUUAFFFFABRRRQAUUUUAFFFFABRRRQAUUUUAFFFFABRRRQAUUUUAFFFFABRRRQAUUUUAFFFFABRRRQAUUUUAFFFFABRRRQAUUUUAFFFFABRRRQAUUUUAFFFFABRRRQAUUUUAFFFFABRRRQAUUUUAFFFFAEU3+qNUH6Vfm/1Rqg/SqQixp/+rk/3quVT0/8A1cn+9Vyk9xhUZbErfN0XO3FSVG3MjDI5Tp3pAVmdixOT19a5bxJdXEWoxrHPKg8oHCuR3NdSUYEjafyrlvEltcS6jG0cErjygMqhPc0AY/268/5+p/8Av4a2IZ5jBGTK5JUZJY+lY32G7/59Z/8Av2a2oLacW8YMEgO0fwH0oASWeYREiVwf941gWb65oupPHpkhlstSlkWQeUCYbiRWKSEjnblQDmugltpzEQIJD/wA1veH7JrW1kkkUrJIR1BHAHH8zQB4bKbzT/AFjJbrDJqsUc6/aIZZY54IxMd7llYDaWwACOc+1dnbX9xYeCJWtorG3vdSvorWaDbJI4lchZBJ5jEsdvIPpzXbp4L0CLSLvTEsAttd/wCvw7b3+bdy2c9T61ck8O6RNfQXslhC11AytHLj5gVBVTnvgEjmgDlYvhvNHZaTZnxFcyW+lSmW1jkt0YBucbv7wGePSuf8d6HqGm+JNNv4sS2N/eWYu5Mhf9IR8KwX3X+Veu1jXvhTQtSuGnvdMgnlZg5aTJ+YdD14NAHm3hrw/LrXiPWbjUrYyaHYX98yopLNLM5CkbV+bhfT1rkprPR9HWw07UNUS0mtbkyOn9nSt5S8lQ5Kg9CPX6d69xi8GeH7fcbXTktnJLeZAzIwY/xZB6+9SJ4T0SMWYSxQC0dpIxk/MzLtYv8A3yR/ezQB5xdBLa68LoYbm6gW5uHRLe1lgeUNCT8uQpP1H51l61o8wOvXszTyvHo03nJ58kkdm5cbYQzH5jtBJ7ZyfSvUn8C+HpGg3WTGK3kMsMPnP5cTEYO1c4A9hxTrvwP4dvbSS2n01TFIu0gSODj2OaAPKYtLm1HX/LiQqLm8mhSYTnlvsgyuzoP97rW/4B1Zdb11rx54I4tFsRb3IeMRvGwzlAVbDRrtJyR1rsZfAGgyrGuy7RY2d1Ed5IuGcYY8N1I4+lXbbwloVle213Z6dFbS28JgXyfkDRn+FgOGH1zQBch1rS7hrNYdQtpDeoZLULID5ygZJX1GPSprK/tNRgM9lcxXEQdkLxMGG5TgjI7g8U9bW3QxFYIl8oYjwgGweg9KdFDFAmyKNI1yThFAGT1NAD6KKKAK9wxDgAkcVCXb+8fzqxOhbDAZxUHlv/cb8qYhu9v7x/OnKxx1P50nlv8A3G/KnKj4+635UALk+pqp5sn99vzq5sb+6fyqn5Un/PNvypoCSCRzMoLsRz39qu5PrVKBHWZSysB6kVb3L6j86TGQzuwcYYjj1qLe/wDfb86knG5wRzx2qLa390/lQIjMsmT87fnSrLJn77fnSFHyflb8qFR933G/KmA/zH/vt+dTW7sd2WJ6d6h2P/cb8qmt1YbsqR07UAT5PqamX7o+lQ7T6GpgMACpGeNDrU1QjrU1AHSeKv8AXVhaR/yG7D/r5j/9CFbvir/XVhaR/wAhuw/6+Y//AEIUAes0UUUANcbkIFVenWrlJgHtTAy7mwtLwEXECSAkFgf4sdAfUc9DxTrmytrxEWeJWEZyhHBU+xHIrSwPQUYHoKLgZjWVq1stt5EYgVgyxqNoBByDx70T2Npc3EdxNbxvNGwZJCPmBHTmtPA9BRgegouKxhy6DpE7zyTadbSPOxaR3QEsSMHk1I2k2DyI8lusmwAKsjFlXHTCk4B98ZrYwPQUYHoKLgZcthaTXEdw8CefH92RflYe2Rzj26VLDBFbhxEgXe5kbHdj1NX8D0FGB6Ci4GfPbW90my4gjmTn5ZFDDnr1qCXSdNn2+dYWsmxQi7olOFHQDjpWvgegowPQUXGYr6JpLnL6ZZscY5hXp+VLFo2lwyLJFp1pG68qyRKCv0I6Vs4HoKMD0FFxWMlNMsY7GSyS2RbaTPmIM/PnqSepJ9alltLabyvNgik8rmPeoOzjHGelaOB6CjA9BRcCmqqiKiKFVRgKBgAUtW8D0FISvYZPtRcCKBTuLdqklBMZxShjnBGPSmcgEE9O1AytuFUpdL0+4nM0tjbSSt1d4gSfxrXxvHCjHqaGXnGBzTuIyY9LsIJVlisreORTlWWMAg+1NbSNOaJY2soHUZOHQN1OT19zWuF5zsp6oAOQM0XAxBoumqY/LsokCOJAIxsG4dCQMA496SXQdKnMpm062kMpJctGCST1561uhVAwAKMD0FK4WMn+y9P3bvsVuW3BtxjBJI6HPqKma1t3mjmaCIyx/ccoNy/Q9q0MD0FJ8uccUXCxmvYWUixK9pAywndGDGCEPqPSrHFWcZzjHHtSrgjOBRcCvGCXGO1WqMYopDCiiigAooooAKKKKACiiigAooooAKKKKACiiigAooooAKKKKACiiigAooooAKKKKACiiigAooooAKKKKACiiigAooooAKKKKACiiigAooooAKKKKACiiigAooooAKKKKACiiigAooooAKKKKACiiigAooooAKKKKACiiigAooooAKKKKACiiigAooooAKKKKAIpv9UaoP0q/N/qjVB+lUhFjT/9XJ/vVcqnp/8Aq5P96rlJ7jCmf8tj937v40+mY/fE4H3evekArLnkVlzzRTuHhkV1xjKnIyCa1q86J1FdPja0vmCxWkk7RIZF2hWOM7XA555x2ppCZ1R4UsegGTU4YKsef48Bfc1xN1IL2x1aBpPtkggSOGfkhiNxLg7iSACe/anXlgLiPTI1tIjJZzRrJ5LttmJUsE5OQcckdiRVWA7Ce/sLGYR313DAxG7a7YOPWpoNf0i5ZUg1C3kJBICvnIAqS1a1bRVayx9nMRMeDnAxVLQ3RPB1o8jOqLagsUJDAY7e9SMmXxJpDRmT7dGIt2xZGyEc9wpPDY746VNHrWmTQmWK9hdAxUlWz82M4+uOcV59p7XMWlveXMd3G0VzNIrPdyfNnORlFYg+ucZq8N0unpegSMkk/muzSSSFP3DDkuqnHT1FPlFc61vEmjIVD6lbozAEKzYPIz0NaME8VzAk0Lq8bjKsvQiuASGW4uLUTXd4jRXBiVUnKBALYHgDpyTXa6NK82iWMsrl5GgQszHknHU0mrAXqKKKQwooooAKKKKACiiigAooooAKKKKACiiigApu2nUUAQzFEiJkdUXIGWOBnNV5XggmjilmVHkBKgnqB1qr4gt43topm3Fo5o9o3HAyw5x61DeSKNVcM0bApy0ts0gTHRRj6k5qkhGohiZtqzRlj2DDNOCo0jRiRS64LKDyM9M1iaI8IhtstBu5AC2jBs5P8XSrNlZQrqeqW67wjrGWO87iSDnnrQ0FzSjVJVLRyK4BIJU55HWoo57eS8ktUmUzRgF0HYGqGkwzf2SYbV1hXz5FLYyVXceg9frSwWYN/cWsTmM24R4pQMsGYHcSf4s980WA0J7i3tSonnSMt0DHGaW2u7W4cpDcRyOBkqp5xWbeSXA1S2VmkEywOWNsgbgkY4YcDinWbyPrY8xrhv8ARzjz41X+IdMCi2gG1iiiipGeMjrU1QjrU1AHSeKv9dWFpH/IbsP+vmP/ANCFbvir/XVhaR/yG7D/AK+Y/wD0IUAes0UUUAFIWA6kVSuJ/Myg+59KxtW/5Y/8C/pQB0vmL60b19a4erEf+rFVYVzsDIo70b19a5GilYZ129fWjevrXImkosK52AYGjIrjG+9SUWGdpkUZFczTk60h2OkyKMiuepD1p2Cx0WRSFueBXO1epCZp78AlqYGGAc4I4rJu/wDj1f8AD+dZdMDqRIN2O/qaUyIrjkkn2rlDRSA61HULjNLvU81xh+8frQv3hTsB2m9fWjePWuPpRT5RXOvMijr+nNJ5q5xXI1Vf77fWiwHbs68c8d+aRpF4Ax+dcMehqOiwHeiVck54NMF1GsZlw+3rjYc/l1rgZe1R0coHpIYN0INLWDopI0qAj/a/9CNbUUnmLz1FJjJKKKKQBRRRQAUUUUAFFFFABRRRQAUUUUAFFFFABRRRQAUUUUAFFFFABRRRQAUUUUAFFFFABRRRQAUUUUAFFFFABRRRQAUUUUAFFFFABRRRQAUUUUAFFFFABRRRQAUUUUAFFFFABRRRQAUUUUAFFFFABRRRQAUUUUAFFFFABRRRQAUUUUAFFFFABRRRQAUUUUARTf6o1QfpV+b/AFRqg/SqQixp/wDq5P8Aeq5VPT/9XJ/vVcpPcYUzH74nb/D97P6U+mY/fk7T9371IB9Ytv4V0q1VxFHcAucuwupF3H3wwFbVFFwMlfDtlDHdrAZkN1D5TFpWfA56bicdambSYTFaIh8sW8qzfKoG9gMc/XNaFFO4GdLoWnyuzGOVN2SViuJI1OevyqwHP0pttoGn2Zi8hJ0WLGxftUpUY/2S2Me1adFF2BmHQLFonjcTlHd3YLcOgJc5OdpGR9aBoNitsbZRP5JK5Rrh3BCnIXDE4HsK06KLsCheaLYXzxtcW6MEkMhXaNrsV25Yd+KuoixoqIoVFGAoGAB6U6ikAUUUUAFFFFABRRRQAUUUUAFFFFABRRRQAUUUUAFFFFADXjSVdsiK65BwwzzTqKKAIreBLaBIY87F6ZOTTxGiuzhFDtjcwHJx606igBqRpEu2NFQZJwoxyajjtY47qa4XPmShQ2Txx0qaigCGO1jjuZbgZMkuASTnAHQD0FMis1jumuDLJJIV2jeRhRnOBgVZooAKKKKAPGR1qaoR1qagDpPFX+urC0j/AJDdh/18x/8AoQrd8Vf66sLSP+Q3Yf8AXzH/AOhCgD1mmvnY2OuDinUUAZ3kSf3f1FUdSsbibyvLjzjOfmHtW3TJO1CA5j+y7z/nj/48P8amTTbsIAYv/Hh/jW7Th0p3EYX9nXX/ADy/8eH+NH9nXX/PL/x4f41u0UXGYJ0+6H/LL/x4f40n2C6/55f+PD/Gt5ulMpoTRhnTbsnIh/8AHh/jSf2Zef8APH/x4f410K/dFLSuMxvs039z9RSrbTA/c/UVfpR1oC5S+zy/3f1FH2SduQn6ir1SR/d/Ghhczfsc/wDzz/UVb8mT+7+tWqWkDM65t5Wt2AXJ47j1rP8AsVx/zz/8eFb8n+rNV6YjI+wXJ6R/+PCj7Bdf88v/AB4f41tL0paAOfOn3WT+6/8AHh/jSrp91uH7r/x4f41uHqaB1oAxvsF1/wA8v/Hh/jSjT7r/AJ5f+PD/ABrapy07hYxP7Puv+eX/AI8P8artpV6WJEPBP99f8a6SndqVxnMHSb7B/cf+Pr/jUf8AY9//AM8P/H1/xrq6Si4rHIyaNfnH7j/x9f8AGmf2NqH/AD7/APj6/wCNde/amU7jKul2s0GnRRyJtcZyMg9zWhArK/I4PvSx/cFSJ96kIkooopDCiiigAooooAKKKKACiiigAooooAKKKKACiiigAooooAKKKKACiiigAooooAKKKKACiiigAooooAKKKKACiiigAooooAKKKKACiiigAooooAKKKKACiiigAooooAKKKKACiiigAooooAKKKKACiiigAooooAKKKKACiiigAooooAKKKKACiiigAooooAim/wBUaoP0q/N/qjVB+lUhFjT/APVyf71XKp6f/q5P96rlJ7jCmf8ALc8N93r2p9RkgSsctwvTtSAeSB1IFVZ9Ts7Zwk021iM42k8fgKHcux5OOwrndb/4/U/65j+ZoA3f7b07/n4/8cb/AApf7Z0//n4/8cb/AArj6kHQUAdYda08DJuMD3Rv8KfJq1hFGJGu4tp6bTk/kK4yf/Ut+H86pkkgAkkDpQB3H/CQ6X/z9f8AkNv8KB4g0s/8vX/kNv8ACuGNJQB6VFLHMgeJ1dT0KnNPrh7DWbrTtm0LLAR80TMFJPQYZiAPx9qNb8dajo11fRyaNBttLFb5g12Q+0ts24CEZz6EjFAHcUV5/ofxJfV/ENvpbafAglnkg8yOdzjYm7dho14PTrn2rUsvE+p6xaeILvSrCCaCzZotPd3I+1Oo+f8A4Du4BHX9aAOsorlE8ZxXXh7T9TsxAWuQQ8c5kXy2HDKdiOQQeMHFZmpfEC703TLi++xWFwsCh2jjnmViMgcFoQO/rQB31FMhk82COTGN6hsemRT6ACiiigAooooAQsF6kCm+dH/e/SqzMWOSaQ0xFrzU/vUedH/eFVKQ9aLAXPOj/vCk+0Rf3xVOoqLAaImjY4DAmn7h61nwf65auUhjmlRTgt+lJ58f979DVef74+lRU7AXfPj/AL36Gjz4v736GqVB6UWEXPtEX979DTllR87Wzj2rPqe3/i/CiwFwEHpRUaHnFSUhnjI61NUI61NQB0nir/XVhaR/yG7D/r5j/wDQhW74q/11YWkf8huw/wCvmP8A9CFAHrNFFFAFSad0lKgLxWff6lNB5e1YzuznIPt71cuv9efoKx9W/wCWP/Av6UwE/tq5/uRfkf8AGnjWbjH3IvyP+NZdPX7tCEzTXV7hnUFIuTjof8as/b5f7qfkf8axo/8AWJ9RV+nYCy1/Lj7qfkab9ul/up+RquelJTsBO2qTodoWPA9j/jSf2tP/AHI/yP8AjVKT75ptKwFn+05v7sf5H/GlGpzZ+7H+R/xqjSr1pgy9/aU392P8j/jThqs6jASP8j/jVGkNDQkX/wC17j+5F+R/xpv9tXP9yL8j/jVKo6SQ2aS6tcSMEKR4PoD/AI1J9tk/up+RrMh/1oq1TsItC+lA+6n5Gl+3y/3U/I1VFFFgJTfy5Pyp+R/xpVv5Sw+VPyP+NVD94/WlT7wqSi79ul/up+Rp8d7Ic/Kn5VTqSLvQ9hLcufa5PRfyo+2Sf3V/Kq9FSUWPtkn91fypPtkn91fyqCkoAfPfyptwqc+x/wAah/tKb+7H+R/xqO5/h/Gq9WthGtDfymJTtT8jViC8d50VgoBOOBWbB/qVqxB/x8Rf74/nTsI26KKKgYUUUUAFFFFABRRRQAUUUUAFFFFABRRRQAUUUUAFFFFABRRRQAUUUUAFFFFABRRRQAUUUUAFFFFABRRRQAUUUUAFFFFABRRRQAUUUUAFFFFABRRRQAUUUUAFFFFABRRRQAUUUUAFFFFABRRRQAUUUUAFFFFABRRRQAUUUUAFFFFABRRRQAUUUUAFFFFAEU3+qNUH6Vfm/wBUaoP0qkIsaf8A6uT/AHquVT0//Vyf71XKT3GFQycuw3H7o4/GpqjPMpXd/D93H60gINg96zNRso57hWZnBCAcEeprWIIODVK7/wBaP92gDK/syH+9J+Y/wphsowSNz8e9aFV2+8frQBVaxidSpZ8H0IqL+yYP78n5j/Cr1OCsVLBTgdTigCgNItz/ABy/mP8ACj+yLf8Avy/mP8KviloAwNbij0/Qr+6VFmMNu7LHMgdHIU4DL3B6EVg6wNC1TxNeXElsklpc6VHA11CPLjSctnBlwVQ7QOv0r0zT7NhIZpAVIPygjrWpQB4x4RgstR8QXY1K5Mirfz+UH1JRu3xhSQFQF8jjcCB7cVYtPEtg3iC51W3f7Po2gQNbabpsUvkvdP8AxNtJGV44z1r1+igDzK9u7PV9BtdX8HwagPt2qwvqMVizxykDIcMARtOMZOQD1zWb4ri1GHQvFRuF1C306eC2Wyt76781y4f59oLseTivXVRUzsULkknAxknvUM9hZXM8c89pBLNH9ySSMMyfQkcUAOtARZwAjBEa5B+lTUUUAFFFFABRRRQBV2ik2inEYopgN2D3o2D3p1FADPLHvTPJX1NTU2gQ2OMK4IzU+ajX71PoGMkUM2T6Uzyx71I3WkoAb5Y9TQY1x1NPoPSgRF5a+pqWFAN3Wm1JF3oAkUc0+kAxS0hnjI61NUI61NQB0nir/XVhaR/yG7D/AK+Y/wD0IVu+Kv8AXVhaR/yG7D/r5j/9CFAHrNFMLEn6GhWySP1oAilCmQnANVp4Yn27o0bHqoNTyusb4ZuevSqtxdQpt3PjOexpgM+zQf8APCP/AL4FL9ng/wCeMf8A3yKj+3W3/PT/AMdNOF3ARkPx9DQIetvDuH7mPr/dFTeTH/zzT/vkVUa/tYiN8yrn1qUX9qwBEuQehwaAJ1hiJ/1af98ineRD/wA8k/75FQLfW2f9Z/46ad9vtv8Anr/46aBg8EO8/uo/++RTfIh/55R/98imPfW24/vP/HTSfbrb/np/46aAH/Z4P+eMf/fIoFvD/wA8Y/8AvkUvnJ/e/SkM8a8lv0NAhfs8P/PGP/vkVJHbQFeYY+v9wVF9ph/v/oakju4AvL9/Q0wJPstv/wA8Iv8AvgUn2S2/594v++BSfbIP+en6Gk+22/8Az0/8dNIB32W3HIgiB/3BR5EP/PJP++RTHv7ZVJMuB/umov7Us/8Ant/46f8ACkMtpbw4/wBTH/3yKf8AZ4P+eMf/AHyKrR6nZleJu/8AdP8AhT/7StP+ev8A46f8KeohGt4Nx/cx9f7opDbwgcRR/wDfIppvbckkScH2NI15Bj/WfoaQxfJi/wCeaf8AfIoEUY6Rr+VM+1wf3/0NNa9t16yf+OmgCby0/uL+VSCKPA/dr+VVPt9r/wA9f/HT/hUg1K0AH77/AMdP+FAFgxR4/wBWn5Uzyo/+ea/lUX9pWh4EvJ/2T/hS/bLf/np+hpgTLBC33okP1UUv2a3/AOeEX/fAqJb63Gcyf+Oml+323/PX/wAdNAiwsEIUARRj/gIpwhiBBEaAjvtFMjuInQMrZB9jTxKhIAbk+1ICWiiigYUUUUAFFFFABRRRQAUUUUAFFFFABRRRQAUUUUAFFFFABRRRQAUUUUAFFFFABRRRQAUUUUAFFFFABRRRQAUUUUAFFFFABRRRQAUUUUAFFFFABRRRQAUUUUAFFFFABRRRQAUUUUAFFFFABRRRQAUUUUAFFFFABRRRQAUUUUAFFFFABRRRQAUUUUAFFFFAEU3+qNUH6Vfm/wBUaoP0qkIsaf8A6uT/AHquVT0//Vyf71XKT3GFMz++IyPu9O9Ppn/LY/d+7+NIBxUHqK5i71i1lzOhlEawO4G3lmV9m0DPJJPFdQSACScAd685k1G3trszW0+kFbY3RgErFyNp3f38ZYng44ppCN19QtorBroxX8gRQ8gFs67R9X2g/hVebU7WO58lra+EpcRldqDDFd2OZPT8KpPcwXGgapYrdxmXepij0+RvnLKDtC5bAyenTPpWfqkduupxPvL+ZcKT9pNsZBiPGG8w7s8dGwPxqkgOoimha2huorG/uYJY/MDIqjA9DlxzVyw1WG9to3h0m8W2lTeJHSMKRjv82ah0y+0+y8OwWsmoWqvHBtw08YPQ+hI/Ko9C1OxPhazgW4tZ5jbBRb+apLnH3cZ70gIE1rT7ghjp1xh5WijVJlDll+9uG4AYx6nNWItX0yNXP2O4SRZPK2SEN82wv1DEYwK5G1s2sNFma5Fj5iXE7IoigUhgTkEScMvpjntV6FUfREu4jDlJBNOiGBesTKCBH6kgYPNOyA6V/FEMRtlfT7sNcAeXt8vB+Xd3cdvXFbUEpmgSUxvGWGdj4yPrgkfrXnz2VraTxtqFrFxdlGeSDcWAtgAOhJGf1rttERo9CsEZSrLAgKkYI4FJoC/RRRUjCiiigAooooAKKKKACiiigBNoPYUbV/uj8qWigBNq/wB0flRtX+6PypaKAE2r/dH5UbF/uj8qWigBjxhkIXCn1xWabyNbjyi0u3zBF5u35N/pnNatYmozfaJ40jjn+1wzLsiZTsYZ+96YxnntTQiSW9ihuJo5HlCRAbpBGzLn0yM9KmjlikDN50iqo3FpImQY+pwKy722uo7a+JgukgKkoFnXHTkkZ5ya0rGJyNs0FwY2QZ8+VXX8s02A+zeK/t/PgmZoyxUEgjODj1qO3vbea9a32ybORHMSdsjDqBz2qLTbMz6a0UrSRp58hZB8u8bjx64+lLFbRTanfWrL+4RItiA4CcHkeh+lAFueeK3njiEE0sjqWAj5wBjrkj1p0F4slz9nNvNC+zeN4HIzjsTWbc27z6rFbqBcmCAl2kkKY3EYyVHXAp9nbtb62A0Mcebc/clZ8/MPUDFFgNqiiipGeMjrU1QjrU1AHSeKv9dWFpH/ACG7D/r5j/8AQhW74q/11YWkf8hqw/6+I/8A0IUAeqkFSfemS/6p/wDdNS4JGGx+FMdMxsM9QaYGXVLUP+Wf4/0rV+zf7f6VWurDzdn7zGM/w0XEY1WI/wDVirP9l/8ATb/x3/69PWw2jHmZ/wCA0wKp6Go6vfYs/wDLT/x2k/s//pr/AOO//XoApjrS1b+wY/5a/wDjtL9h/wCmn/jtAGe33jSVo/2bu587/wAd/wDr0f2X/wBNv/Hf/r0XAdTJPuj61Y8n/a/SkNtv434/Ckhsp0o6Vb+w/wDTT/x2k+x4/wCWn6VV0TYrUyrn2T/b/SoPK/2v0pXGitcf6hvw/nVGtb7J5/7vftz3xmj+xf8Ap4/8c/8Ar0hooQ/cP1qSrY03yvl87Pf7v/16X7D/ANNP/Haq4mQr90fSlPSrAtMADf8ApSi03HG/9KkZUqKb+GtL7B/01/8AHf8A69Ry6dnH73/x3/69MRmU3vWj/Zv/AE1/8d/+vTxpGRnz+v8Asf8A16LjM1Pvr9atVYGkbSD5/Tn7n/16k+w/9NP/AB2i4imaSrhsf+mn/jtJ9i/6af8AjtAFi0/49k/H+dWI/wDWL9RTbe32wKN2evb3qZIsOp3dD6UgLVFFFIYUUUUAFFFFABRRRQAUUUUAFFFFABRRRQAUUUUAFFFFABRRRQAUUUUAFFFFABRRRQAUUUUAFFFFABRRRQAUUUUAFFFFABRRRQAUUUUAFFFFABRRRQAUUUUAFFFFABRRRQAUUUUAFFFFABRRRQAUUUUAFFFFABRRRQAUUUUAFFFFABRRRQAUUUUAFFFFAEU3+qNUH6Vfm/1Rqg/SqQixp/8Aq5P96rlU9P8A9XJ/vVcpPcYUz/lseB93r3p9Mx++J2j7v3qQD+tQfY7X/n2h/wC+BU9FAEccEMRzHFGhPGVUCmtaWzMWa3iJPUlBzU1FAEH2K1/59of+/YpRaWysGW3iDDkEIM1NRQBALK1AIFtDgsW+4Op5J/Gj7Fa8f6NFwwYfIOo6Gp6KAGPDFJJG7xqzxklGIyVOMcfhT6KKACiiigAooooAKKKKACiiigAooooAKKKKACiiigAooooAKKKKAGuiyIUdQysMEEZBpwAAwOAKKKACmCKNZGkVFDtgMwHJx0zT6KAGrGiM7KiqznLEDkn3qOK1ggkd4oUR3+8yjBNTUUAFFFFAHjI61NUI61NQB0nir/XVhaR/yG7D/r5j/wDQhW74q/11YWkf8huw/wCvmP8A9CFAHrNNb7p+lBLHoOKa+SjAZzg0AQ1HL2qMiRRk7gKp3kjjZh2HXoaYi5SHrWV50v8Az0f/AL6NKJZMf6xvzosBp0tZnmyf89G/OjzZP+ejfnRYZpmkrKkmlC/6x+v940zzpf8Anq//AH0adhG4v3RS1zrXM4YgTSD/AIEaT7TP/wA95P8Avs0rAb9OTrVHe/8Aeb86QyOOjt+dOwrmlTW61n+bJ/z0b86Qyyf32/Ok0NGhVOovMk/vt+dUfNk/56N+dCGzXg/1y1crBtpZPtC/O3fv7Vf8x/77fnQxFmX7w+lMrNu5pRKMSOPl/vGoPPl/56v/AN9GgZtU5PvCslZZNo/eP0/vUNNKBkSP/wB9GmI2qa/asT7RN/z2k/76NRy3E/H76T/vo0WC5uVYTGBnOMdq5f7TP/z2k/76NW0nm2L+9k6D+I0rAbrYwcdKirJ8+b/nq/8A30ab50v/AD1f/vo0Aa5pKzY5ZDnMjH8af5j/AN9vzoA2Yf8AVCpB94fWqNs7GBfmPfv71OjHzF5PUd6ALlFFFIYUUUUAFFFFABRRRQAUUUUAFFFFABRRRQAUUUUAFFFFABRRRQAUUUUAFFFFABRRRQAUUUUAFFFFABRRRQAUUUUAFFFFABRRRQAUUUUAFFFFABRRRQAUUUUAFFFFABRRRQAUUUUAFFFFABRRRQAUUUUAFFFFABRRRQAUUUUAFFFFABRRRQAUUUUAFFFFAEU3+qNUH6Vfm/1Rqg/SqQixp/8Aq5P96rlU9P8A9XJ/vVcpPcYUzH78nafu/ep9RkgTFiCAF5PakBJRWZc3js5WM4UHqD1riPFOp6hb6nEkF9cxKYQSqSsozub0NAHpVFeNf23q3/QTvf8AwIf/ABpv9t6t/wBBS9/8CH/xoA9norx+z1nVGu0VtSvCDngzt6fWtb+1NQ/5/rn/AL/N/jQB6VRXlV7q2pJs26hdjOekzf41V/tnVP8AoJXn/f8Ab/GgD1+ivJ11fU9o/wCJjd9P+e7f41q6R4r1aTxDp2mLbyXUBtZmlwV3MylcNuYjs2MUAeh0VwPg3xxe+Jdb1yy+yOyW1yUif92BAmMANhst8wPK5qfWtf8AEuj67oemF9JlOqTPEJBbyL5e0ZzjzOf0oA7eiuI8W+I9X8NadaNPf6cs9zcpCWS2cEIzAFlBYjK5J5zmsy48d61BbatJGLN3spjHbQPZzGS8QBcOCCAM5PQdqAPSqK4KPxjq9zresWNulpJDYrGoeG2klkErDJUxq2SAOC3AzVfwR431jWL7TbLU4UcXdnJP5yWjxYZXx1JKkY7jHPFAHotFFFABRRRQAUVTkmZm4JAHoaieSQD77fnTsBo0Vl+bJ/z0f/vo09JJCPvt+dFgNGiqHmP/AH2/Oqnnzf8APV/++jRYDaorJt5pWnUGRyOeCx9Kvbm/vH86LAWKKzriWRZAA7Djsah86X/no/8A30aLAa9FZPnS/wDPR/8Avo0hmlx/rH/76NFgNeisfzpf+er/APfRqe1kkbfudj06miwGjRUUTknBqWkB4yOtTVCOtTUAdJ4q/wBdWDpP/Iasf+viP/0IVveKv9dWFpH/ACG7D/r5j/8AQhQB6uTlRjvSfdbJ6Gl2j+opQPU5oAr3ILJ8oz8w6VlXqOdmFY9e1bpUFcdqzrjHy4II55FNCMjy5P7jflThFJj/AFb/AJVfqVPuCmCMzyZf+eb/APfJo8mX/nm//fJrV706lcZiyQy7f9W/X+6aj8qT/nm//fJram+4PrUNMRkNbTliRDIR6hTTfstx/wA8Jf8Avg10cP8AqhT6VwMqjazcKCT7CirFp/rT/u1TYrEHlSf882/KmsjA8qR9RWrVW5/1g+lTcop7T6Gqn2a4/wCeEv8A3wa0a06L2BnPwW8yzKWhkAGeSpq7tb+6fyrQl/1ZqvRe4jLu43MowjH5ewqDyZP+eb/98mtd/vfhTaLjKCxvtHyN09KGjcj7jflV3vSjrTuBneVJ/wA82/Ko5IJmxiJz9FNa9SRd6LisYP2af/nhJ/3watJFIEUGN+n901sUw9TQBl+VJ/cb8qTy5P7jflWoelMoApRowzlSPqKftPoasN2ptICzbA/Z149f51ahj3MGJHB6VBB/qVqZP9Yv1oAt0UUUhhRRRQAUUUUAFFFFABRRRQAUUUUAFFFFABRRRQAUUUUAFFFFABRRRQAUUUUAFFFFABRRRQAUUUUAFFFFABRRRQAUUUUAFFFFABRRRQAUUUUAFFFFABRRRQAUUUUAFFFFABRRRQAUUUUAFFFFABRRRQAUUUUAFFFFABRRRQAUUUUAFFFFABRRRQAUUUUARTf6o1QfpV+b/VGqD9KpCLGn/wCrk/3quVT0/wD1cn+9Vyk9xhVa5ztk2hyxTGB061ZqM8zEZP3enakBj+TL/wA83/75Nch4q06+n1SJobK4kUQgEpExGdzegr0eopPvD6UAeQ/2Pqf/AEDrz/vw3+FJ/Yuq/wDQMvP+/Df4V65Uo+6PpQB5LZ6RqaXSM+nXaqM5JgYDp9K1f7Pvf+fO4/79N/hXokn3DUFAHm97pl++zbY3JxnpE3+FVf7J1L/oH3f/AH5b/CvUxRQB5oul6htH+gXXT/ni3+FVH02//ty0ji0+4N8bac2pJMRR8oN+eOBnJHfGK9ZRSxwKsou1QKAPKvB+nSaB4k1e4tIJJLe2vjaXQRST5flKwkAHLYYdBk/NV7xVqEeoeLvCd7aW2oS29lcyPcSCwnAjUqACcp/KvSaKAPMfiPHF4l07TJYbi7FnBfwpLAYZIS7OwAbLAHgZ6dM1m6jpaJ4w07yGuJNPjimWeWXSLiQbsAL5n/PRjzhq9gooA8YfTb271vWLx4p30+QfZrK5ezbBUNuZSqozABuFyvQHmrvw1sJ9Hihlmsn+1/ZpF8lrSSOTOSwXe0YAzgdXxXrVFAGXb6nfTNpwk0a5hF1GzzlpEP2UgcK2DyT0+XNWNNu7i9tTLc2MtlIJGXypWViQDgNlSRgjmrlFABRRRQBQ8t/7jflTXjkI+435Vo0U7gZflSf883/75NPSOQD7jflWjRRcCh5b/wBxvyqp5Mv/ADyf/vk1tU2i4GXbxSLOpMbAc8ke1XsH0NTHpTaLiKNxG7SAhGIx2FReTJ/zzf8A75Nag6UtFxmX5Un/ADzb8qQxSY/1bflWn3oouBleTJ/zzf8A75NWLWN135Rh06irtOWi4iKNSHGQanoopDPGR1qaoR1qagDpPFX+urC0j/kN2H/XzH/6EK3fFX+urC0j/kN2H/XzH/6EKAPWaKKKAIbt1js5pGlaJVQsXXGVAHUZ4rDlvfItLUeWWyg6nHYe1b8sMc8TRSoHRuqnoa5rU0aNYEbG5QQcevFNbg9g/tT/AKY/+Pf/AFqsw3+6IHy8f8CrFq9b/wCoX8f51bRKNAXmSP3f61J9q/2P1qiv3h9amqGUSyXOV+539aj8/wD2f1pj9KZQI0IZcxL8v61J5vt+tV4P9StSUhmb5/8As/rU9nNmY/L/AA+tUqsWf+uP+7VMRp+b/s/rVS5mxIPl7etTVUuv9aP92khief8A7P61o/aP9j9ayK0KGhErz5Qjb+tReZ7frSN92mUhjJrja4G3PHrUf2r/AGP1ptx/rB9KhpgWxJkZx196USc9KiX7o+lLQIl832/WnLcbP4c596hpDQMsfa/9j9aYbvk/J+tQ0w9TTEWPtef4P1o+0f7P61W706gCVrjp8v6037R/s/rUTdqbQBpwT/uV+X9amjmzKg29WHeqcH+pX8f51Zt0ZpkwOAQSaANSiiipGFFFFABRRRQAUUUUAFFFFABRRRQAUUUUAFFFFABRRRQAUUUUAFFFFABRRRQAUUUUAFFFFABRRRQAUUUUAFFFFABRRRQAUUUUAFFFFABRRRQAUUUUAFFFFABRRRQAUUUUAFFFFABRRRQAUUUUAFFFFABRRRQAUUUUAFFFFABRRRQAUUUUAFFFFABRSEgdTRnIyuKAI5v9UaoP0q45yjZOT+lU36VSEWNP/wBXJ/vVcqnp/wDq5P8Aeq5Se4wpmf3xG7+H7uKfTM/viNw+7070gHFc1zk/iWBfLZYZHDruBRWI6kdl9q6SvN4rKK+s2SbSLhHS2kiSU2LMZJGbO7IHQYwD15NUkJnQSeI1jtbi4NpIUhi81tpOQvPUEDHSnXvib7Gum50+7zeSKgBRecg8D5uvFYCWc9xba0klv9lha3V3i8gxqFG4hFyozyBk47mr0mj/ALjTxIDDA9zHHbRh8+WCpJYemWwcdsU7IDobiXU5IRNa29ukRTcyXTMrg+mFBFVNNu9TvLCG/lgskt5IvMwjuzDjjjbzU/8Aas0VmYL2xvPtQQq5gt2kRj0yGAxz19s1V0W+kh0K0sPsd7FdrCIwZLVwitjucYxUgZ1t4qup41dIbdzJO8OBbzbU2Z5yFJbP0GO9W08SXHlOHtIRIJ/JDBXUf6svnDqD2xWJBpU9lo1xFE99NMZ5to8uZxuBI3AoRtJ685FWo7SY6NGzR3Au43UhHgmHmMyFAMyMe7ZJHHFVZAWJfF91DJbxBLNzJgOQkx8s7N/O1CPwBPWursZ2urCCdjGxkQNmLO059M4NclJp15ptxbqLaSYtdsY1jYZYfZ9uckgDkHrW/pkk1mlhpckBLpaBpZAflQjAx7knP5UnboBpzM6Qu0UfmOBlU3Y3H0z2rl7nxVerYxXMNhGryl9kDs8juFIBI8tTgA+tdRKZFiYxIryAfKrNtBPucHH5VxsukautsLJI4pZzBLGCqskUayMGO5z94jGMKPwFJWAvP4mnj0x7kmyLi5S3JZpI1jLdS+5QR1HamS+KJ4PKP2nRbjfKkflwXRZzuYDgY981Sv4LuKyleSC4gnfUoHIji87aAoXK4++Pl9B7ik1OW7mt4kafUZQbiLKSaZ5an5x1bbxVWQGsfEYm1C9gtp7QCAFVErEAFfvs5H3V7Djkg0mm69eahJeRAWCvEgMRMjr5nqcMoOz/AGhwaqy2UiX13POmoSW8027zBboZFYfd8vaC20YIycde+aTTAZopRfWmq30+ZBHFeQDbtycYLAKCVx1NLQCGfxhqEFrBK1raEyQCfCNK4ALBQMqhwfrXQ6HqcuqWcss0ao8czREKGAOMc4YAjr3FcVf6JcQaZHbrpuy6jhWMrbwzOr/MDksm1c+uc9Otdf4bgFvYyoI5ELTF23xSJkkD/noST+dDtYDZoooqRhRRRQAUUUUAFJilooApXVxcQmQx2yvHHHvLtJtz7Dg/0qAai8pT7NbiVTGHctIF25GQOepxRqUd1c3CwfZpHssZk8t1BkP93kjA9fWmTaZLPdLcbLQKE2rFLDuxnHXBxniq0ETWV/LdrG4tdkb/AMRlBI/AUkGqrPLdr9nmRLcAglTufPovWqujWUsdtby+VZrjOT5BD4ye+av29vLHqt5Oy4jkVAhz1wDmh2AZZagl1YNeSr9nRWYMHPTBxzUUeqhpAZIfLt2OBIW5Gfullx8oPY0/T9P2Wuy7iUss7yKCcjliQaS3j3a3qO9MoyRjkcHg0aAOvr42txDCGgUSKzb5pNo4xx096bZai098bctbSDy9+6CTdjnGDxUP2V5NV2WrNBDbRFN2zcCzHOBn2FLZ7n1on7QbgJCVZvLChTu6cUWVgNiiiipGeMjrU1QjrU1AHSeKv9dWFpH/ACG7D/r5j/8AQhW74q/11YWkf8huw/6+Y/8A0IUAes0dqKQ9DQAm41SvraG4KGVNxGcckVb3L/eH51BcMvy/MO/egRQ/s20/55f+PH/GongjiYoi4UdBmr29f7w/OqkxzKxHNNMZGEXcOO9TbF9KjHUVLketMQqRI7YZcjHrUn2aH+5+ppkbKrZLAcdzUvmx/wDPRfzqWNEiRIqABePrTvLT0/WkSRCow6/nS71/vD86QzI8pP7v61LbxqshIHam1JB98/SrJLGBVW5UGQcdqtVVuSBIMkdKSAh2j0qbe3rUO5f7w/OpKYDw7E4JpajBAOSQKdvT+8v50hkiwxyDLrk9OtL9lh/ufqaWJ12H5h19ak3L/eH50CHLaw7R8nb1NDW0IUkJ+pqRZE2j516etI7oVIDKfxoAr+TH/d/WnLbxNnK/qadketORgM5IpDG/ZYf7n6mq7QRhz8vf1q7uX+8Pzqo7rvb5h19aaAZ5Mefu/rS+TH/d/Wl3p/eX86XzE/vr+dMQgt4j1X9TS/Zof7n6mlEsY6yL+dL50f8Az0T/AL6FIC9FZQpGBs/U1YVFRdqjAqpFcbYg4JlyQMBhxzjPP+eKuUDCiiikAUUUUAFFFFABRRRQAUUUUAFFFFABRRRQAUUUUAFFFFABRRRQAUUUUAFFFFABRRRQAUUUUAFFFFABRRRQAUUUUAFFFFABRRRQAUUUUAFFFFABRRRQAUUUUAFFFFABRRRQAUUUUAFFFFABRRRQAUUUUAFFFFABRRRQAUUUUAFFFBIHWgAopu7P3RmkJLKfUUAOLBRk00tkcHp1puRkE807BLA4wKAG8n3xQOG/nRg+nTilCnpj6mmIjkHDHtVN+lX5hiIiqD9KaAsaf/q5P96rlU9P/wBXJ/vVcpPcYUz/AJbHlfu/jT6Z/wAtjwv3evekA+iikJA6kCgAIDAggEHqDQUU4yo+XkcdKNy/3h+dG5f7w/OgBaKTcv8AeH50b1/vD86AFopNynuPzpaACiiigAooooAKKKKACiiigAooooAKKKKACiiigAooyPWjI9aACijI9aMj1oAKKM0UAFFGaMj1oAKKKKACijI9aKACiiigDxkdamqEdamoA6TxV/rqwtI/5Ddh/wBfMf8A6EK3fFX+urC0j/kN2H/XzH/6EKAPWaR/uN9KWkYZUj1FAFSq91/B+NXfIb1FRTWkkm3BXj1NN7AZ9IetXP7Pl/vJ+Z/wpDp8395PzP8AhUoCnS1a/s6b+8n5n/Cl/s+X+8n5n/CrQmUZPuj61FWi+mzMMBo/zP8AhTP7Kn/vx/mf8KljQyH/AFS0+po7CVEClkyPc0/7FJ/eT8zSGZdSwffP0qx/Zk396P8AM/4U+PT5kbJZOnqf8KYiOqN5/rh/u1rfY5P7y/nVe40ueWQMrRgYxyT/AIUwMmrVT/2Ncf34vzP+FTf2ZN/ej/M/4U0xMoP9w1DWo2lzlSN8f5n/AAqP+yLj+/F+Z/wpSGiC3/1Z+tS1PFpkyKQWj69if8Kk/s+X+8n5n/CkBUpV+8Ktf2fL/eT8z/hQLCUHO5PzNMRDRVn7FJ/eT8zR9ik/vJ+ZpDK1Un/1jfU1rfYpP7yfmarNpc5YnfHyfU/4U0IoHpTK0f7Knx9+P8z/AIU3+yLj+/F+Z/woYGe1NrROj3B/ji/M/wCFH9jXH9+L8z/hQA+0/wCPVPx/nWhbTNI7RmNgqKpD54Oc8fhj9aggsZYoVRmTI9CauRR+WmPxNAD6KKKQwooooAKKKKACiiigAooooAKKKKACiiigAooooAKKKKACiiigAooooAKKKKACiiigAooooAKKKKACiiigAooooAKKKKACiiigAooooAKKKKACiiigAooooAKKKKACiiigAooooAKKKKACiiigAooooAKKKKACiik3AHFAC0hIHU03c27A6HpmhgduetAAZD6UjN8mfem05TjINMQhPBwT64FCtkddtOAP3ewNOC4zQMjIxlRz3qWiikAY5zRRQDnpQBFN/qjVB+lXZTmM/WqT9KpCLGn/AOrk/wB6rlU9P/1cn+9Vyk9xhTOkxO0fd60+opCEZnKn7oGfxpAOLelULx3EwAZh8vY1Y89fQ1l6lfxRXCqyuTsB4A9TQA/zJP77fnSebJ/fb86o/wBqQf3ZPyH+NMOqwZ+5J+Q/xoA0DLJj/WN+dJ5sn/PRvzrPbVoFUkpJ+Q/xqL+2rb+5L+Q/xoA2YpZOfnb86sRXUiN8xLL6E1j2uqQTb9qSDGOoH+NWPt0X91/yFAHQI4dQwPBp1eba1rt/YazG+n3csKSwsrow3LlWGCBtbB+brxnj0praxfSa7r73OoapJZWEduw+wywxrGGj3Mx34zk+hoA9LorxZPF+sTeRdW11qltE897DsunR9wjhLISMZVgcZ7fWr+n+ImfTLN7nxIPtEkEbyCXV1hbcwH8HkHHPTk0AetUV4drfi/VbTR9RhGtblOrw28DySEyKmFclXXbleucjkGtjWPFurr8TNDsrW9spIJICPMj8zyCZAMbhuwxHBHpuoA9ZorifHkeoaV4T1TWrTWb+C7hiDqkbr5StkA4UqeOvetrw9YzJY2l9Nql/cvNbozJPIpTLKCSAFFAG5RRRQAUUUUAMZ+wqNmOOppvmj0NNkmUL0PWmIduPqaUE+pqD7Qno1PSQMuQDQMlyfU0mT6mk3CovPX0NAE6k7hyakqvHMrSAAGp9wpANcnPWkyfU0yWVVYAg9KZ56+hpiLIJwOaRicdaaJAVHB6UjyqFJwaQxcn1NOQnnmq/2hPRqkilVs4BpiJwadUW8e9SDoKQzxodamqEdamoA6TxV/rqwtI/5Ddh/wBfMf8A6EK3fFX+urC0j/kN2H/XzH/6EKAPWaKKKACiiigAooooAKKKKACiiigAooooAKKKKACiiigAooooAKKKKACiiigAooooAKKKKACiiigAooooAKKKKACiiigAooooAKKKKACiiigAooooAKKKKACiiigAooooAKKKKACiiigAooooAKKKKACiiigAooooAKKKKACiiigAooooAKKKKACiiigAooooAKKKKACiiigAooooAKKKKACiiigAooooAKKKKACiiigAooooAKKTcM4zS0AFNLHnAp1NbIOc8dxQBHkknNPBOM5GKbzuIpVB+ZfWmIVwSM56UArjA5pduep/CnAAdKQxgQ47e9OC4paKACiimksBnt6UALkDvSEnOB+ZpAAS2aA2FI7igAJyASOh5FKG5xgigYHGeaMEkZGAKAIn/wBU31qk/Sr0oxEfrVF+lUhFjT/9XJ/vVcqnp/8Aq5P96rlJ7jCoJxw/B+6Oe3Wp6jIBmIIPK/hSAo1ha1/x+J/1zH8zXUNbrnIFZeoWAmuFbyHbC4yM+poA5qmHqa6AaOCP9Q3/AI9U66JbFRutznHPzNQBykv+rNVq7OTQrYxkC3P/AH01Qf8ACP2//PsfzagDC03/AJa/h/Wr9aC6MsP+qgK56/eNW4NGG4NLt2/3RmgDj73R9furwXFjFG1nEAZYXhiMk4YnPltIrAEAA4wAc9ap2/h/V5fEGqXX9kXstrL9nlgW4eKJHdEwPMjBG7aewIGa9SVVRQqgADgAUtAHkl/4X11mskGkzuxlvrm5n82MhpJYiAAoPyjOAOtGn+ENebQoPtWnXI1IC1ZZfOi2xLDyibN3TOc85zXrdFAHjP8Awg+qz6dq9zeaZcT6oNRiktnmkVmdMpvbIOOx/Ctm88DX8uu2O5EYzRXklxdxKBHDK20xYHXA2gfga9NooA4jxXbeI9d8JX2iJo6G4niEf2n7UgjZgQS2OoBx0rW0qbW4tOt7GTRxbvFbCMTvcI6B1XAJC8kZFdDRQBmW664G077TLp5URt9u8tHBZ8ceXk8DOc5zVjThqC2pGpvbNcb2wbZWC7M/L1Oc4xn3q3RQAUUUUAUajm+4PrV8xITkrSG3iYYK/qadxGXViD7h+tWvssP9z9TTlgjUYC4/E0XGV6q1p+Un939aj+zR/wBz9TRcCpB/rlq5SeQq/Mi4YdOtJtk/yKBEFx/rB9Khq20Jc5Zcmk+zj+7/ADoARfuD6U2X/Vmn+W44AOPpSGJ2GCDj6UAVant/4vwpfs5/un9alhh27srjNAxanX7o+lNEY9KfSA8ZHWpqhHWpqAOk8Vf66sLSP+Q3Yf8AXzH/AOhCt3xV/rqwtI/5Ddh/18x/+hCgD1miiorr/j0m/wCubfyoAlorla57xR/y6f8AA/8A2Wgdj0uivEqtw/6paBHsVFePsSqkgkEDII7VYsrzxLNp2qzR+K4rG2s4lkjE1qshRACW5zyOMe3FJuwLU9YorzP4eXvifXbOz1zUPFVnNZlWeaxSBAyjkDcwPy9M9K5i88ZazeJLrFtrt/a6Vda3JbBraATGGBI+oUqepwab0dgWup7nRXkHhLxPfaj45sLSx8TanrGnS28zTNd2SxIrgfLyFGfzpNc1Txhc64PC1x4n0uykuojLHdwQMgG08oHD8Ngc5FHbzA9gorzHwd4j8T63q0sLa3pNxZWNx5ErC3KNc4HPlktz9cUj+OLvWfEHhhLYy2BbVLizv7PcDyinAY4+ho7B0Z6fRXmHhLx1dR2Vna3vn6lf6hrFzbRDcAY4kJ+Y8fdHArkL3xx4puNV8SSS3kmmGJGgSxYp+6ABwRllIc9cgHrSvpf+v61HY9+oryb4f+KvEGrT6Ra3WqwyxtGDIrRxmRgF7kSbs8ddtZMfiPXZ21O6uvEPiGOGG/nhRNO0+GZI0TH3mYcdf0pvR2EtVc9vorwLSPGmuXt1Y3Nt4j1ee2bV4rNluraFUljbJzlV4bjkds1oR+NdYj8ftbSa7eSRprE0D6eLdfL+zqhIw+3k54xnNH9fl/mK/wDX3/5HttFeO6dqnjGyXw/rF1qd9qUd5OwvNMijhzChzs6DPoTzRr/xJltPFPiCa1vn+y2Fstla2y4KzXbk/MT2C8/lQxnsVFeUL4wuvDmp+HZb/wAQw6tZ3MAtNQSF0dorgnIkAUZI52/hWX8QvFHifT9ZTQR4gs4lupPMLWVtJ51rEDlSxUknPoBQ/wCv6/EFqe10V49p/jfX7zULPTovE+lGe4cRRLLo9wm8+mWwM1T1DxN4mfxxqtla6/PHHbT3B+zCKPYsMcO7OSuc7iO9DBanttFeAr4r8URaPpOoHWvEJkuZoFkNxZQLbMGPO1wNx9uK77xF4rvL3xdbeHdAuhALJhc6ve7QUgiXnYc8ZNOwrnoFFeda34wn0LxDp3iAX4vfB2oRi3d4gGW2lzw+RyQeh+lU/EusarJr05sbzxdb2wChFsdNglhYY+8jPyQaQz1GivD9U1rxNZaNcahBrvimJrd4uNR063ijcM4UgMoJzzXtwbEYY+madtLgOJA60gIPQg1iapqr2skMEMDXN3OT5UIbAwOpJ7AVFZarcG/Fjf2otrllLxlH3pIB1wfUelbrDTceYj2ivY6GimxtvQGnVzlhRXnHxA1XWbfxTpWnabqtxYwzWk8ziDygZGQrgbpAVHWucg1DxZNOkb67q8SscGQ3WnsF98AZP0FJMdj2qivDdV8ceJYPhvod0WlklubnEmoeekTMyysPLKjHBUcnoKv+OviDr+k6noCSaY1kGlS4Kx3qMLlcYMZx0XJ6nin/AJ2Eex0Vys//AAl2taHazWb22gX/AJjGaKdVugU7YKkD0NcfYX/xBv8Axhqnh1fEmnJLYRJK0x0/Ifd2AzxijrYOlz1qivJfiDrfiTwv4e01ZvEpTU2ZvMe1sPkmBYY5OQhAPTvWbLrniRtSPl6z4ok0v7NEba4tNMhZ5X53lw4G3tQB7ZRXjkninxTZeDNLF9czx3t218srzxKkuxEZozxjaeAaw9T8ZazbWtitn4i19rox2guI0soXiTzI1J2uRuLnqAepzR1sHT+uh7/RXJ/D3UW1XQJrltT1G/IuXjLahBHDJGVwCu1OMZ/GtjxHrUXh3w7fatMu5LWIvtH8R7D8TgUPTUFroalFeda34n1zRPhxaz3Eyy+JdVKx2scMQG2R+QoHfaPWuak8WeMrfxp4ehutD1A3KWUiyWQu0UXjAcyYHyjHXBo62Dpc9qorjbnXPEF34ca8MNn4Zuo5sN/ajiVGjAzkFSMc/wAq8wPjjxfNrk2sW2r2lxp1mBbyzRQv5OxjzN5O7cwB43UdbB0ufQNFeaXHiK9bwXPe3vjPTI2lnjW1v9OgLJGT/DKDnCkjk8YFZ2o+PTJ4wsrS41S6tLHSo911Nb2kpW+nxjaAFOIx19+1HWwdLnrlFeS33xCu9b+Heo6jaagui6xpsh82LZnzeDtChxnDDkcZ4NcvrPi7xVZCT7P4nvrsRafBc+daW0LR7ncg+YcfKB0GO4oA+gqK8s8K+LNVtvD3i681O8vLltLb9wL6FI5V/d5AZU45JqlceKfGMPjfSrWZbL5tPLSRi5CI/ClpCvZ1JOF70Pf+u1wWquewUV89w+LPFL6Kt7/wld+bpbdLtojbw+XtaYR7c7c55zXWeM/F11B430zS7M6yQLWWO4isY/mkdkBRkzwxXr7UAesUV4zqPjTxEvh27s5ZpYJ49AkuvOZVWbzVkChsqcDIPSuuv/EOpaHceF7uaVZdJ1BY7W5DL80crKCkm70J4Ip2/r7/APIX9fl/mdxRRRSGFFZNt4l0i88QXWhW96j6laoHmgAOVHHfGD1H51Y1nUho+kXN+bae5MK5EMC7nkJOAAPckUAtS9RXF+APFGr+JJddGr2sdpJZ3ghS3XkxDaDtY9z71V+I3jG78N3WjWNjeQWkl7I5lmmtnuPLjUdQi8nkjpQ9LeYI76iuDRvEuveE7S+0jxdpzSBpJJLqCxOyVMcLsLEqRznP5VwWjeNtb1LTUuL34k6VplwWZWtZ7NS64JAPUdev40dbB0ue80V5/wD2vrejeAbjU5Ndtdau7qWNLCeO22Id7BQNuee5/CsX4g+I9W03xtpumL4kn0izk0/zZZILQT5kDMPu7SecUPR2/ra4LVXPWqK8P0/xXqieLvD9rbeNb3Vobq8EdxDNp32cBPqUGc+1e4U7aXFfWwUUUUhhRRRQAUUVWviRAMEjLYNAFjIozWNT06U7Aa+aTNZdJRYVzVzS5rJpaLBc1c0ZrLHSlosBpZphBIO4/lWYepoX7wosBpclccDFSBsis2oLn+H8aANnNBGRiueq1K0ktklurECR0ViDztJAP6UWHc1goXpRvXfs3DdjO3POKyb6J01nTn85/LLlViHCr8p59zVG7bdNfuVRrhU/1q3RTaMHaAB1x1+posI6aisrTAuVOFDGMc/amkJP0NNvo5E1jT5POdkaQgR/wj5Tz7mi2tgvoa27JIHWmeYq7d7gFjgAnGT6CsmFZbfXbomSSdjbhwpwMfMcADoKjureWS7tmvAN87lECHiAAZyPVsgc0WA3SwHFNYgkDI9aydTknXRblLpVBUKBJn5XGR1HUe4qhcPAIl8ttNDeYmPJQhvvDpTSuDZ03U5WgLnO7vVEHyddMa/cnhLsP9pSBn8j+laFSMQADoKWiigCKb/VGqD9Kvzf6o1QfpVIRY0//Vyf71XKp6f/AKuT/eq5Se4wpmf35GT93p2p9Mz++I3fw/dxSAfXFDxVciNGlvrVHcFvLS13bBkgAkyjnj0rta4KDT7+5sWhudGulVLeS3hZRESSzZLnLggcAAfWqQmXH8T3sem6jcK0NysNsJVeNBEUzuByC7A4wOM96lvfE97bwaO62eftkqKWWaNg+QcjPQduazv7L1CaHWHvoZoleBZGUoNrlQ2ETDNwDg4q3JooEdk0saqk9zGqRxZxGm05PsxPJ+gp6Ab8x1WSATxSwWmEJaGWHzSD/vBwKq6Vc6teaXBqE1zbFZIvMMMVq27OOgJf+lSC71KCzNtcabcXMwQqZoGj2P2B+ZgQemeKr6Q+oW+i2unPpl3BMsQiM2YmVDj73D5IH0qQMqy8RaxdRLJGk7l7iSJj9hyqBMgbVDA5JHOWOO1Wjr+qRxMs0QRjceUrPbmIlfKL5Clm7j1rKj8MyW2kXFvBYXEkrzTAF4o5AeSFbEjDaT6rVqHRrlNFSL7BLFdxMuzbBEgdihT5ijHIGSSTiq0AV/E2qLLbRwt5wchJWWwZtreXvIBEg3H8BVnVNY1SDT4r62uWaEQCclNPyr8dGJkyvb3HrTZtGvrGeAW0C3GbpmXDFQF8jZljg45HvUH/AAjHnalYW9zapcJAqNO7W6rFgLjG770hyB7Dv6UaAaek3uszSPJciWRWTeImshCM4+6r7z39RVCx8Q6vqVtFaQJbR3svnHzpZlITY2B8qg+o64zipLHw1HFqF/dpbCGNbhwtukCjzE2jlGOCpPIyDj6U7RfDeRAuo6fbiC3jcRxOqt8zvuJIGRwAo/OloBsaPqF1dtdwXscCz2rqjNA5KPlQcjIBHXpWpVWy02y07zRZW0cAlbc4jGATjGcVaqWMKKKKACiiigAooooAKKKKACiiigAooooAztTu7m0V5UaCOFE3ZlyS7f3Rg8frUM2pTfaYwklvCqpmVbh9uWI6A47d/rVm8S9dnSFIJIXTbtkOCrevQ5HtVePSJ4jEwvctFF5QzEDxx6/SqVhC6fqkl75Z3WYD5OxZ8uPwxTrfU55ri9V7R1EAUpGMb2znrzgUzSrO7itIC8+3b1jMIB69M1agtZI9Tu7hiuyVUC4PPAOc0OwENlqnmaa13eBYcOylQc4wcAe5qCLUrhbuSW4AW2wMxBfngB6M317+lW9OsTbW+2dY2cSvIpHOMkn88U22ikXWb6RkYRukYViODgHNGgDL7UGhuYI4po0jkRm3mJpM4xjG0+9JZ38s2ofZ2lSVPKL5ELRkHOO55ppsnn1UtH5ttBBHsUxgLvZjk446dPxotIX/ALYMga6kRYSpadcc7ug4GaNANaiiipGeMjrU1QjrU1AHSeKv9dWFpH/IbsP+vmP/ANCFbvir/XVhaR/yG7D/AK+Y/wD0IUAes1HOpe3lUdShH6VJTX/1bfQ0AYP2CX+8n5n/AArG1/RLm7+z+W8Q27s7ie+Pauqqnf8A/LP8f6UgOH/4Ri9/562//fR/wq5B4XvTCv723/76b/Ct+r1v/qF/H+dMDlT4VvmUqJbfJGPvN/hWfefD/UtRMVlLcwx2MjZvHiJLNEuD5YOBjcdv/fNd+gJdQOpNaMUexORyetAHj3w48JST2Fhq+nyxQQSG7stShbP7+LeQmMfxD1NYmmafepZXmg+HG1eC6GqXUUUsMxS2hhUqC0h/iOOAPevfY4o4U2RRqi5ztUYFJFbwQK6wwxxh2LOEUDcT1J9TQwPCPhimo2CaZPevrEulTySPbvZTEwxMhO5Zo/Q4JzXT+AfBmh+ItFvNd1vQ7a4m1K+muIjPHlhGWwv8ifxr0+C3gtYhFbwxwxjokahQPwFSKqooVQFUdABincDm7bwP4T0e4XUrXQbKC4tsyJLHF8y4HavJdT1/wwPiHpniTTF1fYbsz36PaOEXEZUMq45JPWvf6bsX+6Pypdbh0seE/DjV/Duna015erqh1ae5mitka1cxRpJJkEcfKT35rI16S6ubnxFqNjbpqCSlpLy6tpp4oIMfLjnaHPbHNfR2xR/CPyprQxNE0TRIY26qVGD+FK2g763PCvC7XGm61o9pfWA0t2eI23m3V08c6kAjYQShJz901ljWbC2h1qyvNTl2R6tcTvpKqUS95XaHlAO1eDkd8V9FbEAUBVwv3Rjp9KYttAm7ZBGu45OEAyfWm9Xf+un+Qlorf11/zPniw1jT7mPSLVJohf3fiRL57aBGEcCHgKGIAOOOlSNJat4qhkv76YWtxrl1cS6fJCdqQhGRpjxnnBGPavoNraBypaCNipyuUBwfUU4wxE5MaE4IztHfrR/X5f5B/X5/5nznoUOjt4i0Rr3SYbPSYb1nt9XhsGjN+wb92pGPlH88VuatFo3hjX/HFn9gE8dxbQLb2xjMnmXEgJHbj5jmvcfLTaF2LtXGBjgU3yIfMaTyk3tjLbRk46c0eQLe54ZoOlaNa+MfBmjWlpE2r2CyPqxSHlX2ZAckYOCf5VY8T+EDZfFGwh0bz5b3UILi6meS8aFmOegdeQAOAK9tEaK5cIoY9SByaQwxNKspjQyKMByoyB9aOqfr+Id0eBRGVfiR4bsJrlZrq21DE0K6jLdNEQOchwAv1FSaxperahr3ie5sIoEt7DU5p7i7Z8Oi+RgoB3DZ/Svdxa26zmdYIhMesgQbj+NCWtvGZSkESmY5kwgG89Mn1pdLf10/yH1/rz/zPmGztbER6bfWVtMdNdbaO6vZraWQWdwOW2LnDBuBnoK9J+J2tRx3sXh2KzuoIdQVJtUvbS0ZnkiHARdvJJxjnpXrAjRU2BFCD+EDinYGc45qnr94lpqeL2/jWLTfE1laR6bqP/CJTxR2n2W805o1tZAcKVyPmyeT3rR8ceGdR1n4gxTx+Hn1axXTguGvWtY1fef4h1OO3vXqzKrAblBwcjI70tLewHzzfxf8I74Y1nw1erHb6rf6lBNaabFO1wyRFhgbsc9K+g9pMW3vikMEJm80xRmTpv2jP51JTvp/Xp+grHOapZ3X2611KxRJLi3Vo2hdtodGxnB7HiqI/tW58S2F1daYYraNJEQpIGKMw5Le1da8Suc9D7UiwKpyea64YrljZpPRr7zN07vcWFSsYz35qSiiuNu5qeQfFq6t7PxXpD3MVrMjaddIsd3ny2YlcbsA9+fwrhmi8N6Zdab/AGZd6TcBbFYrm5miYNFMH3NIqlfmOPlFfSjwQySLI8SM6jCsygkfQ0vkxH/lkn/fIpJW/r1/zG9T56vdEGofDHw1qs9wz2kNz5K2xHBaS4ILH/gPFaOreCGs9Q0ZdWhVEu9XFjbW6yGRYbQBtoBPOSTu/Kvcvstv5Ih8iLylOQmwbQfXFOeKOQoZI0codyllB2n1FPT8f8v6+Yjg7XxQ3gPQNP03xY089586QyWkDTb4kOFLkdGIxXH6R4+0ey+JOva7NDqP2G9t4o4SLNyxK9cjHFe3FQeoB+tJsX+6Pyo63YaWseO/ETUV8a+D7fVdNubiHS7S6CyxSxGKR5dyhTg9gGJ+tcj43j0+11BYRrmnahdx3ccdxPM0wuSBwfNA+XaMAHbzxX0bNbQXERimhjkjJyUdQRn6GnGGInJiQn/dFKwHhOqQ6efh/b32lXWnzPbXcsPk6cJXSWWZAiqC/IODk9qsavoGpeHLOWSa2yjX2lpb/OMStGmCPbkYr27yo9u3y025zjaOtJNbw3Cqs8McqqwYB1DAEdDz3p9b+n4Ctpb1/E5b4eaZqOm6BcnVLUWtzdX0115G8MUDtkAkd6f8SNOn1T4f6tbWqF5hEJVQdW2MGx+ldVRSaurIpOzucDrfiDwzN4E0nU9UmmS3uI1W2uLaMvJDIUIJXAO1gMjNeR3l34Zbxbps0PiTxLLp6QyCa7k3efE38IQ7eh78V9I2un2dlB5Frawww7i/lxoFXceScD1qbyYv+eaf98im/i5hdLHkgudH17wbZ6Xo1reeJBFqkSM+qxuTHuJYsxG07QuR6etZFl4u0uC+tdc1K80q2vdOS4tJdJWzKyNGCQojI6E4AweOa90VFT7qgfQVGbaBm3GGMt1yVGaOoHkH2q+0LwPrsy+H7XT7jUr2EWJ+zptnEpGzdHyMqOuarXutSDxtr1jq3iTxJax2rxLBHpSFkGYxuyAjY56V7WyK4wyhh1wRmkWGJJHdI0V3+8wUAt9fWjr/AF5B0PB4rsax8PfE6XEOo63cS6kbbT5ZrcyTqwjGxnwAVwM8npmsXxT9gOjeWllpWl3tvbxwSWMgmF2rK2T9393g53c+p719JRwxRFjHGibzubaoGT6mgxRk5KKT6kUf8D8B3PFtBtY9T0ObRdKbS7lru/tnvDpnnfu4Qcs0hlP+yBx60nifTLS5+J1/qVpo1lJY6TCj6o9yhUOznJkBxyyrgg+xr2tURPuqo+goMaHdlFO8YbI6j3oeuv8AXYS2sfMsYh07fLeTXMPh28s3is5JYws1yIWDrgYO3c1dh8StWvdSbR57DTtVsk01Fmu78RZEEUybSB/eIBOcdK9paGJlVWiQqv3QVGB9KcVDKVIBB4IND2sHW58/6k+iHwZqeq2Mn2TT10+XRdOicEm7YOH8wHHBPPBrtvGOb7RPB+gQjN5d3VtKFHVI4wGdj6AV6MLaBYliEMYjXooUYH4Uw2Nob4XxtojdqnliYoN4XrtB649qd/0/DX8WK2n3/j/wCxRRRSGUYdH0231WfVIbGBL+dQktwqAO4HQE/gKvUUUAcP4R07U9I1DxldT2Eg+0ag09qrEDz12cY+p4pbnWvE8cej6wfCSzK8LC7tI2Vru2c9NrMQpX1rt6KVtvl+GgPVtnk0VzffD74eXQurJzq+s3kzWljApcRPL91CRxwKp30/h3wL8O18OavHCddk052H+jbmZ3z0bHYnHXtXsjIr43KDtORkdD6014YpGDPGjEdCyg0NXTXf8AIaet/wCrnnWk6NqFx4c8AWDWkn2a3KXd25GPLKISgPfljWXqtpqPi/4v3A0bUbjSv7IsRBLeiDd8zEnaAcdc9favXKQKoYsFAZupx1qm7yv6/iSlaNvQ8Ie4luPiL4asT4uuPEFxbaifNga08r7OV4Yk9+hr3ioUtbeOVpY4Ilkb7zqgBP41NSvpYfW4UUUUAFFFFABUNzE00YVSAQc81NRQBnfYZf7yfmacLORRglfzq9SHrTAp/ZX9Vpv2Z/Vau02gRV+zP6rR9mf1WrVLRcCsLZ8dVo+zP6rVodKWi4ykbOQn7y/nQLOQHO5fzq9RRcCn9mf1Wo5rKSTbhk49Sav0GkBl/wBnTf3k/M/4VKbSXytqsgcD5T2B7Gr1IfancBr2yTPDJKMyRHcuDwCRg1DNYW88UsfkxKWBAbyxkZ71Z+6RgnmlAIZvQ0AQRWcNuqlI4w6rjcEAJp0sKSzRSOpLRHcmD0JGKmKgnmlouBCLaP7S1yVxKyBCc9gc0y4sxPcWsu8r5DlsYzuyCP61ZopAVru0F2YQ7kRo4dkA++R05+vNJeWst1tj81Uh3KzLsyxwc8HPHT0q1RQBWS2b+0JLqQgnYI4wOy9Tn3J/lVmiigAooooAim/1Rqg/Sr83+qNUH6VSEWNP/wBXJ/vVcqnp/wDq5P8Aeq5Se4wpmf3xG4fd6Yp9Mz++Iyv3enekA+iiigAooooAKKKKACiiigAooooAKKKKACiiigAooooAKKKKACiiigAooooAKKKKACiiigAooooAKKKKACiiigAooooAKKKKAPGR1qaoR1qagDpPFX+urC0j/kN2H/XzH/6EK3fFX+urC0j/AJDdh/18x/8AoQoA9ZooooAiMCE55H0qGaxhm27nYY9CKsucISPSqvWiwEX9lW//AD1f8x/hUyWUKIFDtgepFUrvU7WxmRLpzCrqWErjEYx2LdAaqxeJtHluJYRfRKYyBudgFfPTae/pTtcVzfRY0Hy7frTty+o/Os+4uIrWISTvsQsEzjPJOB+tFzcwWcLTXM0cMSY3O7YAzwKLDNDcvqPzo3L6j86w/wC39Hzj+07X/vupZNW06FInkvoEWZd0ZL/fHqKLCua+5fUfnRuX1H51kQatp1zMIYb6CSRskIr8nHWnT6lYW0YknvbdEZtoYyDBPpRYLmruX1H50Ag9CKzLW+tL5Xa0uYp1Q7WMbZ2n0NWAcHIosFy5QSB1NIDkA1VYlmJNIZa3L6j86Ny+o/OqTyRxrukdEHTLMAP1qomq2Ml7Nai4jEkSq5y4wQc4IOeehp2EbG5fUfnRuX1H51jXGs6XauEuNQto2IBAaQcg9Kkg1KxuWdYbqFyhAPzAckZ49etFguau5fUfnRuX1H51itrelI7I2oWwZSVYb+hHUVNDqFlcRGWG7geMNtLBxjPp9aLAam5fUfnRuX1H51jTa1pVtK0c2oW0bp95WkHH1q6rK6K6kMrDII6EUWC5doqCAncR2qSUlYyRSGO3D1FG5fUfnVSo5porePzJpEjTIG5zgZJwBTsBf3L6j86Ny+o/OqKTRSeZskRvLYq+D90jqD6VQ/4SDRv+gpan6SCiwG7uX1H50bl9R+dY66xpj28lwt/bmGMhXcOMKT0B+tM/t3SP+gjbD6vRYVzb3L6j86Ny+o/Os+S5t4g3mTxJtG5gzgEDrmq9vq+m3cyw299byysCVRHBJx6UWC5sbh6ilqnVmIloxmiwx9FFFIAooooAKKKKACiiigAooooAKKKKACiiigAooooAKKKKACiiigAooooAKKKKACiiigAooooAKKKKACiiigAooooAKKKKACiiigAooooAKKKKAEY4HSmgls9qJASBig9N4ODQAAnZ6mkLcA4570I2FwQRSlTkgdDTATODzwKMZbA6etSUUgGhPWl2ilozQAm2jFIWOSAM4oADc8/SgBaRsjoKE4TpSjPegBD93IpcZ70ijGQelLt4xmgBoGc+xpQoBJ9acAAMCigBAoByBS0UUAFFFFABRRRQAUUUUAFFFFABRRRQBFN/qjVB+lX5v9UaoP0qkIsaf/q5P96rlU9P/wBXJ/vVcpPcYUz/AJbH7v3fxp9Mx++J2j7vXvSAcSAMk4qnc3/kttRQ3Gck/wBKkmclto6Cs67/ANaP92gCX+05v7sf5H/Gqb69dLIyiOHAJHQ/40lZkv8Arn/3jQBfl8RXccRYRwZHqp/xqt/wlV9/zyt/++W/xqjc/wCob8P51QoA3f8AhKr7/nlb/wDfLf41d07xMJpfLvFjiGCfMUnH0xzXK0UAejm5gE6wGaPznUsse4biB3A64pTcQi4W3M0YnZd4jLDcV9cdcV4P4kijk8RqhitxNLpk6IRaxDLEgKSzMvP+11HbPbamshba/aS6ndao2oWunLMXtUCxizSPDKCsgOd/Oe5A4xQB67FcwTmQQzRyGNtjhGB2t6HHQ+1JHd2008sEVxE80WPMjVwWTPTI7V5b4SttHbUL02dxesk+n/bmTUH/AHUjEkNK/lyFWz0KkcYrL8FSvruhS28OmQy20WoPcl4pZLVokLth45OhA/u5zjIoA9kF/ZtAk4u4DC7bEkEg2s2cYBzgnPGKe1zAtwlu00YndSyxFhuYDqQOuK8WV42+GXhmKKe6Mi6ouIrUAg/v2wSSCA3pkjPvVnW9sXiIeIls3uYLF206a2i1eX7Q88jDaB029c4Bx+VAHsE9zBaor3E8cKswUNI4UFj0HPepa8U10x638Q7fTIYL4WNjGbh0nN3Ok8wOMqEJICE/eGBnNdV4UvTL40utMmt5la2tFuFlae7XO5tuDHMf1xQB6DRRRQAUUUUARNOq9Oaja62j7n61DTX+7+NOwif7b/0z/WgXmf8Aln+tVKUdKLAW/tf+x+tL9q/2P1qpTqLAWludzAbP1qTzPb9aqR/6wVPQxjZbvy2A2Z4z1pn27/pn/wCPVDdf6wfSoadhF4XTEA7RSG5cDotQr90fShvu0gJftcnov5VJFcM+cgcelU6nt/4vwoAuA5GaWo4zzipKQzxkdamqEdamoA6TxV/rqwtI/wCQ3Yf9fMf/AKEK3fFX+urC0j/kN2H/AF8x/wDoQoA9ZooooAbJ/q2+lVatOMoQPSqtNCMHxDNHAjrLdSYnt5Alt5RcM6jKsMcgg4+vFYVpfGWS0hvzLOhjDSma6uGTd0IK+XjPJOOldfPpsU90bnzZ45jF5IaN8bVzk444J4yfakfS7Ywwxx+bCYf9W8chDLzk8nrnvnOapOwM5jVImv7a++y3921mJYoEkkmLqZfMBLLnsvA/OlcImi3X2qR21ZbuAXrSnnIkXBA6BMdMfzrp30uydoCYcLAQY41dlQEHI+QHaefUU6902z1BSLqBZCQF3cq2Acgbhz1ANCdgOXuLy5Uu8U14/hkSgyzgHzBzk7G+8Ys9TjPpxR4wKG/sJjIg3QsIWEh+YcE5+Uj0xzXQf2HZYxuvMYxj7bN/8VSXGg2l0sayPcFYlAiUylghBzu+bOW92zQBx3h4NJrdkskkctwA/AchSNpDYG09j0Jp0QEM2oXA8sCyleN5IUCfIsbhXOMcliRkdxXVw+G9Ptlh+zCaCWJNnnRSbXcc8N2PU9qm/sOw3WuYiUtk2JHn5T3Bb+8Qeee/NDdwRR8MsZEmnyxWeK3ZGc/M4EYUnHXqCK36z9O0a30yRniknclBGvmsCEQEkKuAOMk9c1odaG7sSVi2v3R9KqnqfrVpRhQPaqrAhiDUoZleIeNHchYy3mIFMkayBcsBnDAjODWE2hLFquq7bhMw20bjNlBgn5+2zHbtXXyRRzJslRXXIO1hkZHSqk2k2V1cTTXMCzmUIGWUBl+XOCB68mmByt5fSLFpqG5gtUaC0mAZQsSuZDltoI/TFGnWls/iGPSiltcyW8z3xuGCsZVYZUbuSSGJ7nAArrv7OsvOab7JB5zJ5Zk2Ddt9M+lQjRdOW1it0tERIm3xlchlb+8G6598807isee3OY724SKaNSLlzMC5IySSwGVHc9ea0ocR+Eb+7iWCXybgyKso8zzHIClMFR6jGM1058M6e1zHPIZpZFcSOZGDeawzjdkdBk8DA9qlt9BsbWSIxCURRP5kcBkJjRsEZAPTr06UX0sPrc5VdtmbSzjdyt1vFuE6TD7OFBx6Zz17iu007jTLQZBKwopwc8hQDVI+HrLaSjTRzeaJROjDepGcAZGAoyeMd6v2dpFY2cVrDu8uJdq7jkn60N3FYtw/f/CpJv8AVmmQD5ie2KklBMZxUlFasLV1khulvrrFxFCwFjZR5zLMehY+o5x2A5rdqleaTZ39xFcTrKZYgVjZJnTaD1+6RTEUXQtqF1NZyJFcqgW/tpM7XBXhlPqBwD0OMGubeXUorCN7fUGWKGzikZEaRRGCwUA4fHTLZ9q62HQ7KC9F3H9oE/lmIs9w77kPY7ifrUNv4Y0u1hMUS3KqfvYu5BuPqcNimgOXnl+1aXrDyzCWGKWBWuCxG/axAZfv5BOOvasl23eYJ50MLMoUK+COR1O0559BXoK+HrFFmRHuljmZTInnsdwUYAyecc9Aaij8K6VGkgMTszMGV9wVosDA2FQMYH/18007CMTX7dpNbt7Zo4DNcWzy4VcssoQqqhsA4bJ6/wB2ptLuPtOt/K7utrelZCx+VMw7QAT6njjvW82i2zwzI7zs8xQvMX/eHaMDBxx36epqMeH7FLqOaLzYkjKN5CMBGSn3SRjOR9aSYM1asQ/6v8ar1ZiBEYzUsY+iiikMKKKKACiiigAooooAKKKKACiiigAooooAKKKKACiiigAooooAKKKKACiiigAooooAKKKKACiiigAooooAKKKKACiiigAooooAKKKKACiiigApmztnjOcU+igAoo6Um4GgBaQsAcZpuW27s/hQmCCPegBSxDe1N42nPWlAypX0pQcqDjJoARd3Ud+uaFGCwpwHHPegADpQAKCFwaWiigAooooAKKKKACiiigAooooAKKKKACiiigAooooAKKKKAIpv9UaoP0q/N/qjVB+lUhFjT/8AVyf71XKp6f8A6uT/AHquUnuMKZj9+Tt/h+9n9KfTMfvydp+717UgI2+8frTTUsi9xVKe+traQJLJtYjONpPFAFiqMn+sb6ml/tax/wCe/wD443+FQi5jmdjEJHBJI2xsf6UAE3+qNVasyB2QgQz5/wCuTf4VD5M3/PCb/v23+FAEbU2nEMTjY+R22mrVtp8s7/OrRp6kUAY194Ok1nVrXVhc26eRbtCIZoXcNuIOcrIp7dPr+DNf+H8ms2W9NRMWpeStqJlDLGkGQWRU3HrzyxY13CqEUKOgGBS0AeeSfDQW+v8AmaXOltpFzbrBe2+9tzKCSQoxgBuM9O5rX0HwVbadpTWd/FBPsu5poFQtsRHbIUjocDA5zXWUhIBAJGT0HrQBwFp4CvLTwzpGkIdPV7e+W6up0BUuFkLqB8vJ5AyelFx4B1S71R/Ecmrxxa+JVkhSOPNqqqCAjKeW4J+fqO1egUUAcne+En1bxZa6xqIt3hj0827wq7giUsGyCMfL16/lVfQ/B1zp/iPU9Uc29nHdWa2sUdpM8jIQSS+5wOemBiu0ooAy7fSJoG04tq1/L9jjZHEjqftJIxuk45I68Yqzptk9hamGS9ubtjIz+ZcEFgCc7eAOB0FW6KACiiigCvQadsb0o8tvSmIZSil8tvSl8tvSgBtOo2N6U7Y3pSGNooYbVLNwBTPNT+9+lMQrdabTXmjB+9+lN86P+9+lAycdKD0qL7RFj736Gg3EWPvfoaQD6kj71XE8Z6Nn8DU8J3ZwD+IxTAlFLRRSA8ZHWpqhHWpqAOk8Vf66sLSP+Q3Yf9fMf/oQrd8Vf66sLSP+Q3Yf9fMf/oQoA9ZooooAKaUUnJUU6igBvlp/dFHlp/dFKSFGSQB6mgkAgEgZ6e9ACeWn90UeWn90UuRnGRn0oyCSMjI6igBPLT+6KPLT+6KdRQA3y0/uijy0/uimyzxQBTLIkYZgiljjLHoPrUlADfLT+6KAig5AFIZohOIDIolZSwTPJA6nH4in0AFIVVuoBpaKAG+Wn90UeWn90U6gHPSgBvlp/dFHlp/dFKCGGQQR7UtADfLT+6KPLT+6KUkAEkgAdzS0AN8tP7oo8tP7opSQMZIGTgZpaAEAAGAMUtFFADSin+EUeWn90Uu5QM7hjpnNLQA3y0/uijy0/uinUUAN8tP7oo8tP7op1FADfLT+6KPLT+6KdRQA3y0H8Ip1FFABRRRQAUUUUAFFFFABRRRQAUUUUAFFFFABRRRQAUUUUAFFFFABRRRQAUUUUAFFFFABRRRQAUUUUAFFFFABRRRQAUUUUAFFFFABRRRQAUUUUAFFFFABQenFFFADB1IbnvSnlx7UMDkEdRQFbJ5wDQAgO3Kn8KFU4BHBp2OKWgBAMfU0tFFABRRRQAUUUUAFFFFABRRRQAUUUUAFFFFABRRRQAUUUUAFFFFABRRRQBFN/qjVB+lX5v8AVGqD9KpCLGn/AOrk/wB6rlU9P/1cn+9Vyk9xhTP+W5+9938KfTM/vyMt93p2pAOIypAOCe9cTcpeTCZHuTcXLXUlrC77YljCqW3Hahz9MV2xGQRkjPcVz0vhj94PIu5VLszy3EjlpNxGCVXhAcZGcU0Bghz/AGJqDGM/aI7KOaOZZd27fnnBRdp49+tWb2zvLLS7meCz1aBo4WYP9vjwpAznAbmtCfwxPHpd/Z286Tia2WCFpxh1C9FYjgr17Z+tVrzwvcz2M8MemaErvGVVljcEEjqDiquhCz6hePq4WSGZoYLVWMkMg+VWHzOQDkOegzwACahsbqQanuN3czW0kTItvDqC3EgPdmUH8tucd61X0GY3K3iLYrcIihSYBucgAfO/UjGRgD0pLLStWtby4mA0tPtDhiyRtlPlC8evTNLQDk7m9miskdLjUI2LXWWuXdCShwmCFOcdx0z1NdN4OvJ7qO9Etw8yo0e3dIz4ygJ5ZVPX2pt14ZvjZvbQ3glEgcs8sske1nJJ2rGRxz0YmrNnpmq2Ol3EEUsAuGRVjkEsj4I4z85OOOwptqwHQVz3iFdMhkjea0e71C4+SC3jkYNIR9DgAdz2roFBCgEkkDqe9Ys2l30WuXGpWbWjtPGkf+kBsxheykdj1+tShjND8PvpkFxLJcsLy5HzeWxMcPoEVienqetY1w15Nrk9vNfalP8AYHRoZbazjYqzJyCQvoelbU1hrN5cW8txNZR/Zi0kaxq5DPtIG7J6DJNSW2l3ml2ZSxlhmuZZDLcz3QOZGPfC9PTHYCncRk3WqNJpdtCl3eXX2+4ERZohG8SBsP8AdA5yMfjQdT1O71i8gsrbUF8tYZYlcIgUcggq5GQcdq010WaHR7CzSRJJILhJZHPAPz7mx+ZxUuqWV6LyPUdM8trlYmheOVtodTyDnBwQeenrRdAcx4m1Hy4b5heSwNtxtN7Mm1sdABGV68cNzWroF0smoKrXUshKHaDdTSg/g0aj9adPoeryXNhPJepeSRbhIs42xLlcAhAPmbOeSfyq9p+jz6ZeB0uBcRMuG84sXQf3U5IC57dvei6sBs0VV09LqOyQXsgkuCSXK9BkkgD2AwKtVIwooooAKKKKACiiigAooooARlDKVYZBrHvRLaTxHzXKyTjJKARonTBPXP49a2az5tMad2WS6ka2aQSGIjPI5wG9M9qaAyryaUC7kBuY3iGVjWEMqjHGT79etPk8yOxllWS4DgLjz4gg5I+7xyfQVfu9HhktrgQ+YJpVPJnfBPbPNPfSIZIFTzJldcFW81m2sOQcE4qroRRt51El0GimlYOoihYYk5HfHAHuaSFLhLyYkGaaMK00A+5tboE9xjv1rVtbMwSzTySmWaXAZtu0YHQAU2C1kj1S7uG2+XKqBcHngHNK4GfdsJ7y1W3jmKNG7FI2EbZBA5zj3qSxM8WreS4uEjMJbbLKHycjkY6VYfThdak9xdxxvGqCOFDz7kn37Uy0sDDqTTraxW8YjKAIcl+c56cUX0A06KKKkZ4yOtTVCOtTUAdJ4q/11YWkf8huw/6+Y/8A0IVu+Kv9dWFpH/IbsP8Ar5j/APQhQB6zRRRQBDdoJLSVDC0wKkeWrbS3tnIxXAyG2tfBlzcXFjPFOZnjgLXBYsxdhkbWJ+UD/wAdr0GZZHhdYpPLcjAfbux+Fc1ceFI4LG8aCa5upjbyrBHM+Qrvncw7AnOOMCgCnqMNp/whtxJo8gClo1mM4d2JDDqC2Qc4NYesqbvWb0SBGlibyy6wthHwDvT97wcHFds3h2zu4R9pEoEsca3EKSbVlKjjdjnI9jzgVnXHg9LlZZtlnFcYURJHGRGMMD83diQMZ7CqvqJbENhILmy0a88m2CMH8h/NeJ0YZODlm3KdvIyfXFUotXuIbSSaG800Xk0glkuvOl2ORwFx5WNmOBz75rctPD90k8ElzNbiO3jlEMEEe1ImfAGPYLn35NM/4R/Vv7CXTDq8BQQiLH2XsBjGd360XVwMPW8Peal5djfx3ZslcBPMZVkLHJGDg8cZHXFV9Phuf7diVY7lFW+VGKwTJtUxZIyzkAZOcEd85rrbvRb2W9mvYr8mV0ESxDMSbAScFl+Ynk8giqFj4f1WxvJrhJbdmkkEmGurggfKBggt83TvQmDKmoafLNrsumh9Uv7VLZJZIlu1Uq5c7SSxH92rcMKXtjqMb3F7btA4ilF9c70H3W6ow9R3Fadppl5p9tNLFLDcalcuHnmmBVTxjAA5AA4AqJNGuxpt5HI8Elzd3BmkAZ0QdBgFTu4Cj60r6WH1OHjmDSzNJb2j3KcRKkE0karnBbzVkPB4z1r0Dw9brb6bmO4hnjlcyK0JcqM44G5mPb1rFbwddfboJl1e8GyJ1DLO4VCSu0Bd2ccHPzc4FacGnala6c1vBLHHI0ynzRI74TI3HD55IzwOOapu6Eblc3q97NBqknkrcRTx2jujM26GRARklFy25c8cDNdJWDrOlahcaraahYzgGFDGYS20PuYH5jgnaMdByfWo6jMW0a2tbnR306K8Nw/y77oSotyChyc/MP8Aa6Y9xWvp91JbvfLa6ZeM4uP3tu00eIyVDZUluhznGeuar2Ogalo90t3DLb3pOV8h8xi3UnJEJ5wPY+nUdKv2thqUeu3ly08MVlLKHEarueTCKvJP3Rx2qnqxFTwpd3TaekTabMkRnmJmMsZA/eN2Bz7dK6Ws7RLKbT9N8ibbv82V/lORhnLD9DU2mx3kdkov5RJcFmZiuMDJJAH0GBSYzM8WSSRaSpX7MYjKoljnl8sSjsgOD1OM+2a5sBTqF6t3dWN4yxxES3GoNCCSmTsCgjbmu01PTl1KKKNmjUJIH3NCshBHdd3APvg1jRaHqlvdXco/s2dZ9qgzodwCjAzgAfkBQtmHUyIJ72WDQgzKqC0VoriSRWAcj5mIJyWx8q+7E1WM+j/8InFMk0v9pbEO/fLnfuGeelb1p4Yu4YbZ3lsxd2sCwxSJETnHTJboOTkDBPrWnJpN1/ZqxRanN9rRjIJnAKs391k6bPYdKptXJSNUdBSSKzRsquUYggMBnHvzVSOO+OpmSWVBaiAKI1/ikzy3rjoBVm4WV7aVYXCSlSEZhkA44NQykebwTyXCRw3smqSLJOJzFBFGqvISdjBlOUGVJIPfmuh8POuqwyQXsd+He3SR0nud6EMTgrg5H3TTovDV7DHuW4t/NiMIhXDbSsYYfN3ydx6VNp2j6npan7KNOiG0KUVW/eH+87YySBnH1NVdWE9yodGsf+EyWz8uT7P9gMnl+e+N2/GfveldTbW0VpAsEClY16AsT+prB/s3XTrY1Tfpu8W/kbP3mMbt2c1NfReI5VtTBNaxuJD5vln5ccYJ3AkjGcgYPI5pdEv63Dq3/Wxu0UUUhhRRRQAUUUUAFFFFABRRRQAUUUUAFFFFABRRRQAUUUUAFFFFABRRRQAUUUUAFFFFABRRRQAUUUUAFFFFABRRRQAUUUUAFFFFABRRRQAUUUUAFFFFABRRRQAUUUUAFFFFABRRRQAUUUUAFFFFABRRRQAUUUUAFFFFABRRRQAUUUUAFFFFABRRRQAUUUUAFFFFABRRRQBFN/qjVB+lX5v9UaoP0qkIsaf/AKuT/eq5VPT/APVyf71XKT3GFMz+/I3H7v3afTM/viN38P3cfrSAfRRRQAUUUUAFFFFABRRRQAUUUUAFFFFABRRRQAUUUUAFFFFABRRRQAUUUUAFFFFABRRRQAUUUUAFFFFABRRRQAUUUUAFFFFAHjI61NUI61NQB0nir/XVhaR/yG7D/r5j/wDQhW74q/11YWkf8huw/wCvmP8A9CFAHrNFFFABRRRQAUUUUAFFQ3V1FZWslzO22ONdzEDJ/AVzUur+IUm07zNNRPtFww2CdRuTaxVTkcEAAn3FC1A6uist7rVDaNJ9mtbV1bnz59y7cdcqOK5+08RavNd3M5l03+z9wjSUs+xGHUnjKg54LcHHHXl2A7SiuU1nxLcabNYQq0ElwVM1xHEcqyZCgAn3b9Kq23inUxrDWVwLFZpbj5YHlIMUWP74G0nHbOcn05oSuJs7WiuH1HxJq8ev3MEaG3hiRdkZjEm8HPznA4PHTPSrOia9qN/rUdnPKFHlmU/6PjcAQMZJGOvoaFFsG7HX0UVn65d3Fjot1c2ih7hEzGpGcn6d6QzQorz/AP4S3VTI0SzxGZV3GP7O2cdjitqfX7630a1uiLT7Q1qZpIZdylmGMhcZ556HmnyiudNRXGz67qoE0i3MKELPIkZtsgCNgME7s5O7riptS1/VLPUb1Egj8uOw86LdIDlvm+bbjJzjGM0WHc6yiuN03Xtbl1SwhuosQzsQ5a1dAPkLdT7itBNS1KbVzYyXWnwBIlm8yMGTeCxG3kjB4680cuthXOiorK0C/e+sGeadZJRPKvGM7Q5A4HsBWrSGFFU9Qv8A+z4fNNrcToASxhCnaAM5OSK5+38YQC81BZDLI2IXs7UIPMkDoCFA7nPXPTNCVwOsorm77WJodfs7ManaWyzoWeCWMF0IxgZ3d8nt2p1jPq13q17bDU7ZobR0RiLXlmIyy/f4wCPzp2C50VFcZfeJNQg/tby45YmhnVIPOjj28oDtyXHU85qLSPEGoTS3EFxdzTosTMhjt4jL05OEc9CcAbTnFFtLgdxRXMDWbplsYfOmkVgJpb2CxkKumeFACnDHv6c0l74iuH028ktz9jubVgdtzbtiVCcAqG2n/wCuDRYDqKK4e78Q6zb6lJapMkqpcJB5kdqpDbkDZ5kHOe3T3rpPD1/PqWiQXVzt85ywbau3oxHTJx09TRbS4rmpRRRSGFFFFABRRRQAUUUUAFFFFABRRRQAUUUUAFFFFABRRRQAUUUUAFFFFABRRRQAUUUUAFFFFABRRRQAUUUUAFFFFABRRRQAUUUUAFFFFABRRRQAUUUUAFFFFABRRRQAUUUUAFFFFABRRRQAUUUUAFFFFABRRRQAUUUUAFFFFABRRRQAUUUUAFFFFABRRRQBFN/qjVB+lX5v9UaoP0qkIsaf/q5P96rlU9P/ANXJ/vVcpPcYUzP74jI+7070+uLXxVqc/jGfT4LGNrK3k8qWQg7hwTknPt0rWjQnVUnHorsiU1G1+p2lVpNQtYm2vLg+m0/4VQlmeViWJx6Z4qhdf60f7tZWLNv+1LP/AJ7f+On/AAqBvEGlqxVrnBBwf3bf4ViVhXH/AB8y/wC+f50gO1k8TaREhd7vCjqfLf8AwqD/AITLQP8An/8A/IMn/wATXCah/wAeMn4fzFYdAHq48Y6Cf+X7/wAgv/8AE0v/AAmGg/8AP/8AnE/+FeUr3p1AHsdnq+n6hO8FrdxyypGkrIp5COMq2PQii41fTLSYw3Oo2kMo6pJOqkfgTXjo0UXGopcwW4kkkgEbIFj5wc5+YdeT+VaaXAtPEviN7cQJdubOO3tZLVZnmfyiAijcMe56Ac0Aenwaxpl1MsNvqNpNK3RI51Yn8AakudQsrJlW6vLeBn+6JZVUt9MmvFLe71Cy1DT9Q1F4Jry01PURiKLaqFISdqn+7noO1VddiZNB0WSaTfNcaJPPNI0BmLvJIrHn+Hk/e6CgD3M6pp4uham+thcE4EXnLvz9M5pG1XT0vJrR7yBbiCMSyxs4BRDwGPoK8iSRG1H7GbNX1n+3Y51aJ0MgbaNuUIBMYTqc1n382r3LeML3U7NRbpqEK6ggkAla2XGyJM8Ybgn2oA91huIbhS0E0cqqdpKMGAPpx3qSvHpBey3HjawgshYWq2iX7qLgFobnYGUoVHQhRn0Ir1DQL59T8PadfSjElxbRyN9SoJoA0aKKKACiiigAqOS4ii++2OcdDTbgthQrbecnA6j0qjd8QqB/epgXPt1t/wA9P/HTSi9tz0k/Q1i1In3fxp2Ea32yD+/+hpftUP8Af/Q1lU+iwGmLmFjgPz9DTvOT+9+lZsX+sFWKVhkz3cEZwz4PXoaT7fbf89P/AB01m3n+uH+7VenYVzbF3ARnf+hpftUP9/8AQ1lr90fSnDrSsBpfaof7/wChpyzxvna2ce1ZlWLb+L8KLAXd6+tO6iq9Tr90fSkM8aHWpqhHWpqAOk8Vf66sLSP+Q3Yf9fMf/oQrd8Vf66sLSP8AkN2H/XzH/wChCgD1miiigAooooAKKKKAI7iUQW7yMkjhRkrGpZj9AOtcXf2enzXlg8OkasUjnLTExzcLtYcZPqR0ruDwM0wyqPWhaAc01ql3HBbadpsyRpN5krXyPhRg9A5+YkgD261Ha3mpv5Y+zXQu7lY45xJaFFiI4Zg/oBnA55+tdQZlHrSeenvTEcffeH2lu9PtpUgjkaKXzZ4YflZVZCuRwASB06ZzRZ2M93dZt4PNt8kfvARb7M9MEDcO4VVHPU12Hnp70eenvRcDitV0zUb3WGuLexUyxsIzELZPLaMcAmSUYJHYKPb3qzoFleWOsmbULAQswMUPkWsZ4zyzSRgYHA4IrrPtCe/5UqzK5wM00wauQWF497HNI1u0KpM0abjy4U43Y7ZOaqeJFjfQrlGC+Y67YS0XmYkPCkLg859q1dwprSqpwc1IzzOPSrqczJBFueGEPIBbHerE424JwTj5sA/hWvdWj6poel6dZQJ9ogK3M0jwGNFaM8gjAwWYY+mTXaeenvSeenvVczFY4KUu1yt3Mk9tpM6zwszx5dmkG8kYHC7lCg45p8zC6vrie3sZZL24soo1jfd+7lLE7S3G0AYJxgV3X2hB6/lSfaY/f8qLgcLZLaNrlyk7GCATIFt7tZy/3RkD5tuM57EVt6ZpOm32oXV8NItksyixQB7ZV34JLPtI4ByAPXFdCJ0YZGaXzV96LhYwfDNha2emyXAsooplmn+cQhW2+Y2B0zjGK19OupL3T4bmW3MDSru8tjkqO2fwqfzF96PMX3qRmZrltd3sUdpENtpISbuRTlyg52KPVumfTNZVvpU17e3mqWsT2dyk6taNPGVyojVWVl6hTjH4ZrqPMX3o81R60J2BnPX0eu3VzaX1rY28E1vE4Mc8u7czbeBt7DHUn8KzdP0F7fWNQFrOBqMAglNw+cSuwYuG/wBlv0wPSuz81fekDxhiwHJ6nHWncRyGraDe3DXDSSSPNczrPFDbRjYjqu0b5G7Y+ntVW1sL/R9Tln+y3l5eQo8cRSPERUoDuyc5O4YxxXc+co9aT7Qnv+VCbA5P+zLyO8tI7qzvtQjjsUVmS52AS7iWJy65NMl0q7utL1K0Gjy/vZ1+zx3UquIhtXLbix4znpk+1df9oj9SPwp4dSMg0X/r8QOB1OxdrqFotEtlZbhWlCaY8gAVSv38gMvTgAVsWmrHS10/T4tLcJKxHyQNCFy38KHPTOTkjjp6V0+4etG4etFwsLRRRSGFFFFABRRRQAUUUUAFFFFABRRRQAUUUUAFFFFABRRRQAUUUUAFFFFABRRRQAUUUUAFFFFABRRRQAUUUUAFFFFABRRRQAUUUUAFFFFABRRRQAUUUUAFFFFABRRRQAUUUUAFFFFABRRRQAUUUUAFFFFABRRRQAUUUUAFFFFABRRRQAUUUUAFFFFABRRRQBFN/qjVB+lX5v8AVGqD9KpCLGn/AOrk/wB6rlU9P/1cn+9Vyk9xhVGTTbc3Mk8ccccsoG9wvLY6Z/Or1NOd544x1oUmthNXKX9n/wDTX/x3/wCvUE2leY4PnY4x9z/69alNbrSuMyv7G/6b/wDjn/16oSeFd8jv9txuJOPK/wDr10dJQBy0/g37RC0X2/buxz5Oe/8AvVS/4V3/ANRT/wAl/wD7Ku3HWloA4f8A4V9t/wCYpnP/AE7/AP2VH/CA/wDUT/8AIH/2Vds/amUAcmfA++IRjUFyAMFrZXGR0yrEgjjpSW3gO4i1O+vjqkMLXkcaNHbWSKqbV2naWJKg+gIrs41wMmn0AcUPh+BeaYx1LdZWTTN9m+zIofzEKsdwwc85yc5rPHw71F9FSxfVLZHjsDpyP5LPiLzN277w+YgKPQYPWvRaKAODb4d3EmsR+IX1yQa/EyiKdIcQrEOPK8vPKkZySc5qe78AvfaxfTz6kDYXt5Fdz2ohwXMagKhbP3dwyeOeldrRQBxdz4O1Cez8Rub+3a/1pY4mKxtHHEijbwMsSdufxretvD1pasrRy3QxZrZBROwQIBjIXOA3+0Oa1qKAMu30G1tm05knvGNhG0cW+5dt4Ixl8n5z7nNalFFABRRRQBG8e85zj8Khms/NQL5mOc9KtUUAZ/8AZf8A02/8d/8Ar0q6btGPN/8AHf8A69X6KdwKX9n/APTX/wAd/wDr0v2H/pp/47VykouBVWz2MG8zOPan+T/tfpU5FJj3pXApy2HnOG8zGBj7tM/sv/pt/wCO/wD160AMUtO7AoiwwAPM6f7NL9i/6af+O1dozzii4FL7F/t/+O1JFbeXn5s59qs0UXAj8v3/AEp4GABS0UgPGR1qaoR1qagDpPFX+urC0j/kN2H/AF8x/wDoQrd8Vf66sLSP+Q3Yf9fMf/oQoA9ZooooAKKKKACiiigCC7Yi0nIJBEbYI+lcx9puP+e8v/fZroLu6tzaTqLiItsYY3jPSuZ3r/eH500DL1nPM8xDSuw29CxNXt7f3j+dZVnNEkpLyIo29SwFXftVv/z8Rf8AfYoYEc00omYCRwP940zz5f8Anq//AH0aZNNE0rESoR6hhUfmx/8APRfzpCLXmyf89H/76NAmlHSVx/wI1D5sf/PRfzo82P8A56L+dMZP9on/AOe0n/fRqKW4m3D99J0/vGm+bH/z0X86jkkQtw69PWhiQ/7RN/z2k/76NT+dL/z0f/vo1S3p/fX86n82P/nov50kUx8s0ojOJX/76NVvtE//AD2k/wC+jT5ZY/KPzr+dVvMT++v51SIZo2s0piOZXPP941P5sn/PR/8Avo1Rtp4VjIaVAc92FTfaYP8AntH/AN9CgY8zzbj+9f8A76NRy3E4jJE0g/4EaYZoiT+8T/voVHLLGYyA6k/WkAn2q4/5+Jf++zTHu7nj/SJf++zUe5f7w/OmSMvHI/OmBJ9ruf8An4l/77NasU0phQmRySo/iNYe5fUfnWrFcQiFAZYwQo/iFAE8s0ohciR87T/EayvtVx/z3l/77NXpbiEwuBLGSVP8QrL3L6j86ALKXM5zmaT/AL6NO+0Tf89pP++jVZHUZywH40/zE/vr+dUhFxJ5tg/ev/30aek8u9f3r9R/EaqpNEFGZE/76FPSaLev71Ov94VIzT8+b/nq/wD30asWcsjTENIxG3uaz/Ph/wCeqf8AfQqxZ3ECzEmaMfL3YUhGruPqakTlRVT7Xbf8/EX/AH2KlS8tQo/0mH/vsUMaLFFQfbLX/n5h/wC/gpVurd2CrPEzHoA4JNIZNRRRQAUUUUAFFFFABRRRQAUUUUAFFFFABRRRQAUUUUAFFFFABRRRQAUUUUAFFFFABRRRQAUUUUAFFFFABRRRQAUUUUAFFFFABRRRQAUUUUAFFFFABRRRQAUUUUAFFFFABRRRQAUUUUAFFFFABRRRQAUUUUAFFFFABRRRQAUUUUAFFFFAEU3+qNUH6Vfm/wBUaov3qkIn0/8A1cn+9Vyqen/6uT/e/pVyk9xhUeP35O0/d+9UlN2DzN+TnGKQAVPY1z+oa1ax3jRC82FPlYDIwa6E5wcHB7Gsz7JrX/QVtv8AwCP/AMXTQGVd6mV037VZXLXBMmz+IBcAsST7AVSGp6usqq1vI37rzXCscshK4ZPpu5Hsa3bnTdUu7V7afUYHilwsmy3KEJn5sHceSOPxqxNpzPqAuEdVjFo9uFx0JIIP04p3QjDtb+5ksra6uXltrCG3Sa5uXY/vGIBCoOv1P4CtGQ3cd0rwGWe0nAGQSXgcjgsvdemcYIqNtAvGsdMthfxIlki7o2t96SOBwx+YdOoFT2WlX9rrMl9JfxSxzIFmiSDYGI+633jz2+lGgGA97dNH5pv5RCG2+cLO42dcdd/TPeodSubqzluLKW4hmU3MMZjnuGQSEoGwpbOFzyeegro/+EYsxaNAs92VyWCvcyFM5zygYAjPakXQJned7m/DyXEgeVo7dRkBQoA3bsdOT1+lF0BzeoPBPKqSXFvb3AZTJm6lV5yMZ27CVQH1G7jsKfrHnyX13JFp19FI1iJBtuCwDFsZCq+TxxwM10D6NqRuLaWPVYlFsGWJTaluCMcnfzx3p1x4fe6dria9aS6ZBGS6futuckeWpGR9SaLgczoK3Q8QxfJcCNbp0bMU6qF8vIBLsQBnsea9BrndJ8Lf2Xfm6Eto25y5C2mxhkYwp3nA/A966Kk3cEFFFFIYUUUUAFFFFABRRRQAUUUUAFFFFABRRRQBiak4W/k+0tMsQgzBsLAb+c9O/TrVeKWe+ktJZY7gy/Z90fkOq8HG5jk9zjiti50+O5kLmWaMsnluI2wGX0P+I5pDpNgSCbSIkDAO3tVXQijpH2maOCaX7Ycgks8qlD17A5p1oLz+0dSia6DS7UKEr8qZB6Lmp7HR7a0giDQxtMnO8DvmrUdrHHdTXClt8oUNk8cdMUNgZmmXFymlnCyXVwZpFDMcDhjyT2FRwQzx6lcPGfMvYwpmJbCyq38IH8OOx/Ote1tY7OIxxlipdn+Y55JyajhtGi1G5uSwKzKgC9xjNFwM6/mE19ah02qYnJjmmMWDkenWl08hdY2J5YQwElY7gyjO4dc9KvCxEmoSXVxskGwRxKVztHU/iTTbeykTUGuXWBFCFFWIdec5NF9AL9FFFSM8ZHWpqhHWpqAOm8UIzTcCuah8+3njmiyskbB1OM4IORXaa9/rKwaAD/hJte/5+z/36T/Cj/hJte/5+z/36T/CiigA/wCEm17/AJ+z/wB+k/wo/wCEm17/AJ+z/wB+k/woooAP+Em17/n7P/fpP8KP+Em17/n7P/fpP8KKKAD/AISbXv8An7P/AH6T/Cj/AISbXv8An7P/AH6T/CiigA/4SbXv+fs/9+k/wo/4SbXv+fs/9+k/woooAP8AhJte/wCfs/8AfpP8KP8AhJte/wCfs/8AfpP8KKKAD/hJte/5+z/36T/Cj/hJte/5+z/36T/CiigA/wCEm17/AJ+z/wB+k/wo/wCEm17/AJ+z/wB+k/woooAP+Em17/n7P/fpP8KP+Em17/n7P/fpP8KKKAD/AISbXv8An7P/AH6T/Cj/AISbXv8An7P/AH6T/CiigA/4SbXv+fs/9+k/wo/4SbXv+fs/9+k/woooAP8AhJte/wCfs/8AfpP8KP8AhJte/wCfs/8AfpP8KKKAD/hJte/5+z/36T/Cj/hJte/5+z/36T/CiigA/wCEm17/AJ+z/wB+k/wo/wCEm17/AJ+z/wB+k/woooAP+Em17/n7P/fpP8KP+Em17/n7P/fpP8KKKAD/AISbXv8An7P/AH6T/Cj/AISbXv8An7P/AH6T/CiigA/4SbXv+fs/9+k/wo/4SbXv+fs/9+k/woooAP8AhJte/wCfs/8AfpP8KP8AhJte/wCfs/8AfpP8KKKAD/hJte/5+z/36T/Cj/hJte/5+z/36T/CiigA/wCEm17/AJ+z/wB+k/wo/wCEm17/AJ+z/wB+k/woooAP+Em17/n7P/fpP8KP+Em17/n7P/fpP8KKKAD/AISbXv8An7P/AH6T/Cj/AISbXv8An7P/AH6T/CiigA/4SbXv+fs/9+k/wo/4SbXv+fs/9+k/woooAP8AhJte/wCfs/8AfpP8KP8AhJte/wCfs/8AfpP8KKKAD/hJte/5+z/36T/Cj/hJte/5+z/36T/CiigA/wCEm17/AJ+z/wB+k/wo/wCEm17/AJ+z/wB+k/woooAP+Em17/n7P/fpP8KP+Em17/n7P/fpP8KKKAD/AISbXv8An7P/AH6T/Cj/AISbXv8An7P/AH6T/CiigA/4SbXv+fs/9+k/wo/4SbXv+fs/9+k/woooAP8AhJte/wCfs/8AfpP8KP8AhJte/wCfs/8AfpP8KKKAD/hJte/5+z/36T/Cj/hJte/5+z/36T/CiigA/wCEm17/AJ+z/wB+k/wo/wCEm17/AJ+z/wB+k/woooAP+Em17/n7P/fpP8KP+Em17/n7P/fpP8KKKAD/AISbXv8An7P/AH6T/Cj/AISbXv8An7P/AH6T/CiigA/4SbXv+fs/9+k/wo/4SbXv+fs/9+k/woooAP8AhJte/wCfs/8AfpP8KP8AhJte/wCfs/8AfpP8KKKAD/hJte/5+z/36T/Cj/hJte/5+z/36T/CiigA/wCEm17/AJ+z/wB+k/wo/wCEm17/AJ+z/wB+k/woooAP+Em17/n7P/fpP8KP+Em17/n7P/fpP8KKKAD/AISbXv8An7P/AH6T/Cj/AISbXv8An7P/AH6T/CiigA/4SbXv+fs/9+k/wo/4SbXv+fs/9+k/woooAP8AhJte/wCfs/8AfpP8KP8AhJte/wCfs/8AfpP8KKKAD/hJte/5+z/36T/Cj/hJte/5+z/36T/CiigA/wCEm17/AJ+z/wB+k/wo/wCEm17/AJ+z/wB+k/woooAP+Em17/n7P/fpP8KP+Em17/n7P/fpP8KKKAD/AISbXv8An7P/AH6T/Cj/AISbXv8An7P/AH6T/CiigA/4SbXv+fs/9+k/wo/4SbXv+fs/9+k/woooAP8AhJte/wCfs/8AfpP8KP8AhJte/wCfs/8AfpP8KKKAD/hJte/5+z/36T/Cj/hJte/5+z/36T/CiigA/wCEm17/AJ+z/wB+k/wo/wCEm17/AJ+z/wB+k/woooAP+Em17/n7P/fpP8KP+Em17/n7P/fpP8KKKAD/AISbXv8An7P/AH6T/Cj/AISbXv8An7P/AH6T/CiigA/4SbXv+fs/9+k/wo/4SbXv+fs/9+k/woooAQ+JddIIN2cH/pkn+FMOv60f+Xk/9+k/wqSigBieINbjJKXRBPX90n+FP/4SbXv+fs/9+k/woooAP+Em17/n7P8A36T/AAo/4SbXv+fs/wDfpP8ACiigA/4SbXv+fs/9+k/wo/4SbXv+fs/9+k/woooAP+Em17/n7P8A36T/AAo/4SbXv+fs/wDfpP8ACiigA/4SbXv+fs/9+k/wo/4SbXv+fs/9+k/woooAP+Em17/n7P8A36T/AAo/4SbXv+fs/wDfpP8ACiigA/4SbXv+fs/9+k/wo/4SbXv+fs/9+k/woooAP+Em17/n7P8A36T/AAo/4SbXv+fs/wDfpP8ACiigA/4SbXv+fs/9+k/wo/4SbXv+fs/9+k/woooAP+Em17/n7P8A36T/AAo/4SbXv+fs/wDfpP8ACiigA/4SbXv+fs/9+k/wo/4SbXv+fs/9+k/woooAP+Em17/n7P8A36T/AAo/4SbXv+fs/wDfpP8ACiigA/4SbXv+fs/9+k/wo/4SbXv+fs/9+k/woooAP+Em17/n7P8A36T/AAo/4SbXv+fs/wDfpP8ACiigA/4SbXv+fs/9+k/wo/4SbXv+fs/9+k/woooAP+Em17/n7P8A36T/AAo/4SbXv+fs/wDfpP8ACiigA/4SbXv+fs/9+k/wo/4SbXv+fs/9+k/woooAP+Em17/n7P8A36T/AAo/4SbXv+fs/wDfpP8ACiigA/4SbXv+fs/9+k/wo/4SbXv+fs/9+k/woooAP+Em17/n7P8A36T/AAo/4SbXv+fs/wDfpP8ACiigDGEL5+6al8l/7prUHWpaAP/ZDQplbmRzdHJlYW0NZW5kb2JqDTExMCAwIG9iag08PC9Db250ZW50cyAxMTEgMCBSIC9NZWRpYUJveCBbMCAwIDk2MCA1NDBdIC9QYXJlbnQgMiAwIFIgL1Jlc291cmNlcyA8PC9FeHRHU3RhdGUgPDwvR1M4IDggMCBSPj4gL0ZvbnQgPDwvRlQxMCAxMCAwIFIgL0ZUMTUgMTUgMCBSIC9GVDMyIDMyIDAgUj4+IC9YT2JqZWN0IDw8L0lNMTA3IDEwNyAwIFIgL0lNMTEyIDExMiAwIFIgL0lNOSA5IDAgUj4+Pj4gL1R5cGUgL1BhZ2U+Pg1lbmRvYmoNMTExIDAgb2JqDTw8L0ZpbHRlciAvRmxhdGVEZWNvZGUgL0xlbmd0aCAzMjg4Pj4NCnN0cmVhbQ0KeJzdXVmP5LYRfg/Q/0HPBlrL+wCCAH0aCeAHxwPkBwSxAWMmwToP+fspXhJZlNTslro9awxmd6a69LEuFoslUfN1RzsCX3v3nxSk++fH7uvOUawKhN/+tfvHd92/gc99/fYLfPzl+59M98t/MdvP3+1+3JGeyO5/O9b9AN9/g+9fPRvp/v79cN1Xf5UfVnLbS+bGhh+0csN/+esPtjv/pwMsAArDwsVfd8e33ZfrGyUdY7R7+zkM5VH8T5T1lOpOMtVTxru3j92f1fUk/vL2a0cpB6bu7ewoFih/uryBrO2QsqfEtEAGtbyVuOokFb3pPoAafnp3P3HaMwE/us/znyOHt6KXbLD4DRFl1Jm1C5jbEy6XdgJZip7Bv6rnUnhkoo5XhywVichEHlhJ4doQTLlcxtFBTHDq146BtkyLMJwWvQIzc8N6o3hHhehJCgVK9BgMmcwcBqhlFuApqwECzKJlCAIiqBPAXxHFPogTouizRhQrz5gSlM0oysgqmDjrmJn0lNK9FLajHKKJ2iAbYdY7y+iESfgpMxcTuiO94DLNPU5tD6FIBemV6Fz8dOB8Y4YJCCwSrhtYLDhQVTxCKPdh5AEHEFHxSAYfDjhG97bGUcRkOEZM8ljeq4GFTUisteyHgSR3H2IWw2wmDCWiZsoyVLKSMzkLVuLAKyasFFiClTBPslLgCVbCPMlKgSdYCfMkK0UeMckTrBRZ2ITE0UqBI1gJsyQrBZ5opUrzYBwGnzqdF4wTWRaNE3kWjRN5Fo2TeBaMk1jmjRM5Fo0TeW4YR3izLNnGcyybxrMsW8azLBsmsCzZJXAsmMUzLFvFs9wwijZelSWrBJZlswSeZbsEnmXDRJ4ly0SWBdMEjmXbBJ5J4+QLvrdSSIZU0U5R2fu8DayZGV0eUCDyDIOMCAoYPgYKd9UBUKBUoGaGkq56r3DeEz44SZf4kZKhCTtDyfARTsIXQveU5/iJMqK5IJimjGgYJ+FLBqFX4CfKiOYCaJoyomGchK/I6MGAnygjmgu+acqIhnEGfCuQfRIlQ4PAnaZk+Agn4WsN867AT5QRzYX9NGVEwzgJ33CI7MI+iTKiuTkzTRnRME7Ct1AalfZPlBHNcjFDGdEwzjuagIzAdKcLM5TFC+cZNKywSwhOPF4j/DizuxovJCG/5h8StKEq90TFNkGmbcKwRyuLUM4gLTrPSuNzVKjrtS91GRvrejnuGBaF9llf+M9gn/A0qV08GiS19buaXGqhDaLEsj6jHG2bZn6t4k4zWKfosxQTitbuEEQioa3hmFIpb9WpSTGXDbVXDBZX8zSXScHCElRodsTukPKAKarSlcsmzVwelj4YjQwiPEUzBemMVFNIKhyMYSOca3Y8YQptC0ZfzASfseflBg2bZoVcJjXBc+pgL5hCKrfaa5NivgbzirkC7Gku04ZUmhFVTTPJsRNjoyCjGHZu0iyUjk4zVzbaZ2lmFAkrXaHZBU8qW+XBxzVLC9W+YaUqu01DrRzbJMs5H8B9zjfWF8uhXUL1XevSvmVhWiMkjCM5ElLoIzKtItghpnKRPOGrBL1iN1p21+K1b1i9VmjvhjHeRdzXOl77Fs2CHoU9rqNmDwhiSS0IIXwVZCyxC0jqU4YVQ7Nu1RiSsDB5szHYeZ3YySUQ9jKJrS840+ljtThR7DZhKb6KirtKjH1LjbEi/tw4tk4RZI1LXAN5Y0g+IaU54xkgCJ7t+oSXI0na0l+qhPYtpdAKB7hxDE5/B41XFkXOK+ynwH7VIOsmnko7xgxSqbOoEheufcIsaS/Y9g0V2wr7a9jHsjpavf0ps0OWoqqBoiuKL8StXGJpAZ6mtBeH+5bqcI0VLQ3VYW5FfcJVLgh4V+W3byn9VojtxrF4hbLnqqiluPSbW31zCldozY7rUpGf8LLCjMKNhLBk1MiPztxB6WJ9q1azA958zYrWXu++ptxl7p4WHaay2bwNs0G1m8vYEhdNUXk8VhOOVT2OakXM68aN2jkbFMSFE5WsJqDCij1X+XtaPhuUYyiEtyjHtoTkE1KG3F4EMWlszdzRdNqg0iqklhTXJ0LoFaZJlVZp7U0qrQJSV83Lo6lK3TsrrWcXWsT3/FAc1vWQeV3pdXlB6fWiyquM6jNeqQU5Nkl9T89tg8KraRl8uNCRtBpk5Vw0Uvq7biiIN21pGBXuVZbz/XZ9NrtKfrr6DBRU41Zr+9tkW9RnmYxN9VmLg/5Q9VnuxJbiNETn56u0ymDcpNLaEJJPSKkMbnMd7LS1H8kFr67Gcs3kGU8Qo+kW1VjhkW2qsRzSHHCCMKbq/FZe+2z1WWiEoeh9rER6qBp7rPD7nNVYGdXfSjUmdU+GLMOrXm51f6Ml71dtMCKOeImzV4xcXxXGWtv0YhrKiMExlbC6umFTJ9JatCPH0/9wwdvKOVN9tuKMwzZNjpVtW4Z6cXFWyNhys/RwrFbME3a0EG1z8rVlVqFqfTvRKHyj6JtpcaFA26Lw2hKST0gpjziRQ47HlIbibP1dyRcVZ2X0VY8ohSJnbXFWem2T4qyAVNXOzIjqYc1PWYqheH5hKXb845Ri5Qz+ZkoxCDQ7f/ujetJhokdRl2t15SJpVctYjDNRwJ0OKyZpUpET3dNBRVItbYw2OOY+05vlpCd6mN/+cKFRJvbdSNiRmtFA7Mb9geVBOKsHIdxnKGeMNJfYaOGJE4wJHK5wh1+5Iu48TTzg5Y6tjedvEqs7smVGVljqGeKdOJ2c8A31Z9gcvubuOM88fmT1+HO8EVZI6Q86ebGVO7o8C5tYg9gzvAkWRDBNxoicE7aoQN1zZuDcgMrLc5UINbEG2IJ3CBWEr4x3DJeqo8afGc6OQ1ScBlx4k1NHTMf5MVDcKWcGlHegkBlKuuq9wnlH4zAie07zcRJlRPVHBScpIyrGqcaBXQUpx4mUDNXKGUo2DsLB4yQLCyl62eQLF0FtXpMEYo00cUI1qycw59emdCVx8Smf9gi4y1nWhQMs4AxUCQmyeiw6nvquzlUU686xrRnppxT1mkFwPksxxgysRA8oJk54sVS07an9e1y2opxww0jQTDDISUkzUW1jDhdUInN6xZ1YofGtCo4ps1dt6ugV5nCJhrgIhtRgkznWPO/1aA2UBBHE9jQKsurxsNWC5AHSYpG5TtlqQSDJyCTI7/Eg/CCIML2+RxBRVc7y3LYjSslg/6psoJlf356bDYg94g6yuLY9/5mywf416UAoSAfJHssNtAcGYboeJDwy8DAkD3VZAbl81GWFcTSkqDTIc+9gv3weQD1Inz8P5KFKHse2KuHV86C0R9WkPOBMe+DV0/2Hthn+4voHvn2dHp+dw/7Q9SkFi9O7pm1HaF9byRSKQQ5wQuv01qqHzzHUlPCOqhE4lCoqayKuaQUzWGsl1obpVelLmrCbKg3EG3y40HCJb3GJXRTXg3cvw5luRwgIBKoSrztdqhVinmi5pBFgY6niAK4zsDSAZ434c7wRVgjq3vQScI1YxI28EbhknmhkDG9tABGY1eBT7l61VO9zB0aQG/LnMqOMiBoQx1e5uE0+Fyp7cUtNSVe9Vzh42+/0dU39cZxEGVEF4TOUERXj4HGk4uEW6zBOooyoUrEZyoiKcfA4ycDOgeKWgYkfTEKIKszYdH75qe8J4O7Vhs6ibmMOmryg4+CDP5yY8pH/NN3ceyvEI7o93nQYnyR46t1DN4x79Y2gLqz0XFl9xOVVPDBQFBjErFgDuJsoWBDC1twX5ircam7SrT3amoJt0SXU2qVgcz1XlzIsBJ3VZb+BVP2GkZJaASMltQIGytCTyHBu9CTahHUZNgk77MAzQeIOfKQYecGUG1u3RkHA2XdZTcRTJZkd4154pKSbehlPPNOU8ahN7Ag70K2dPuwEs6sYFj/Ni839AcvCEBgHjW19PGNb1zypWbOlQputmFvkXmPGVeV3zb25IBvl3hxyWe7tVvoNkq+QtDcpbBtSRNNcbU8jBc8VZ1OrcGgf7PJd/kalIQ7MPclnzTx8gvjuYZXkM3nAw+pqDZrzx8OCiAlBbu22b0BCHGoMKU6n28sawdqm51ByZ9GbrnksZjdyqHu4MSmtrgQPK/C0TA/0ZcKaTRyaC7KRQ3NIS7ABTaXbH8Kh1mYOJbgUTW3MrJbRq4oqPjEsYctL5a2IIL5vUEBuYxxJ8yWnNsUBe/J4qZaKFy5LGyntHrqxav0U/5xTZalxKQnr8n/LDh1T/lXu4VGnj+F37p9Uet9x4l/LzCEcrfudQTphZvw8/R6uH/mH6wv89/THLJSkXf7vpEwwq5TJZBL+PdHjGNJ3LEcZ0ueDjP76TId0fYE/yEQa/sCGOyoCUeTji7pn/aE+BRT/Wtrhz2xQoPq/reC+/g+oseONDQplbmRzdHJlYW0NZW5kb2JqDTExNiAwIG9iag08PC9CaXRzUGVyQ29tcG9uZW50IDggL0NvbG9yU3BhY2UgL0RldmljZUdyYXkgL0ZpbHRlciAvRmxhdGVEZWNvZGUgL0hlaWdodCAyMjcgL0xlbmd0aCAyODU4IC9NYXR0ZSBbMCAwIDBdIC9TdWJ0eXBlIC9JbWFnZSAvVHlwZSAvWE9iamVjdCAvV2lkdGggNjU0Pj4NCnN0cmVhbQ0KeJzt3WlX1MoWgGHmSZDJERARUVRUOP//x92bmndVqtNCUkmt9Pt+P67WetbeqWAf19aIiIiIiIiIiIiIiIiIiIiIiIiIiIiIiIiIiKiO1mklm9pd1NR/GFRLQKTKQiLVVZ0WN2h21ecReiSa1CMMKdcUHpFIixvX4zKJm7RSLRM5jcWp/1Ro2ibwmLfY8Rm3aHb9G8niHHMWwUcLRJb12LaIQ/JlQBbk2MKYh7hNK1WeZGmOCyzCkFQtkKnHkhhjivJj7dBKlSMpPZbgmMOYSGx/0F2aaR0ohcdSHHNbWlgE4CqXkkw5bgzMcdFglBTl59ujlShjMutxUI4LMAaKixXu0+xarDKALMexjTGymECc+s+Kxi0h2fI4MMeFGD3FlOEBrUgpSg+yGMcOjJ5ii+Ermn0tlB5kB8cCGMNg9BTbCg9pxrVVepDReByWY7SnI4zGopeYM3hEsyzn0ov0HhOOA+zqLozConAYf+7XNLuyMh1I77EEx2UYJcUcwGOaXTmaMchujmUw6rloKQqH0Sc/odmVoelEGpB6PBbgKDRKjLsGo7ZoKQaH4nOf0ixr0XQiDUgzHvXDY8yxn8blGI1FKzEleEYzLYVpRTqPZTjGezrG6C0aisGh+8TnNONil1akBuk8phzFrh5gNJqX3u7+YjAqi4aid2g+7BuafYKlFalBKo+W457huBU49hiOmT1tJqPd0t6ilRgYvpW9o9kUHWxAaUUGj3Zb73qO8a7uhXEjYNxxGN1gVBaNRM/Qf/b3NMtinJakBqk82vFoOe4Ejr12dbqnt92ethiDRU3ROzSf+APNOuHSkNQgvUfD0e3q7XRXPxvj/4g6+vjRqzQiFUjrMcex33Cc+ndLdXdxcfFRZUkqkN6j5tg8O+7vi5tMr+E49e+W6u5SdWFMapDeY8zRPzpGFxk00pB9umqyIjVI69FxVDdrsauT4YhGGrLrTyov0ntsxqPlqB4d5a7uoXF96t8t1d3nz9dNXqT16DiGXT3IcEQjdXZzc/PZiXQe9Xg0yzoZjtv9hiMaqbMvX74YkJ/1hHTjUU9HrfE4usiIewwaaehub289SDMfG48RRzEco1X9fI3raKTOvn69FSC1R8dRDsfoWv3SVY1G6u7u7qsDqTx6jh8CRz8cxT0GjVSgb3d3DqTy2IxHx1Fo9MOx36pGI3X3/du3b86j2teW40XMMatxA400bN+bNEjr0XNMNKa3ajTS8N3f3wePnuOV5xhWNRqpdD/unUczHhXH5irTHo5yVb9M4zoaqbsfTdqjGY/NdFQ3a7er41Vtfxzz0msMGmlJP3/+DB4tR72r7XBEI43Xr5ij29XqyVE+OMo3jmikQv365T16jnpX6+EYPTi2rjFopGF7+KU9Oo5uV1+3HxzVNQaNVLKHhwc3Hg3HMBz1g2PXpRqNNGy/H7RHx1HtavfkeHmRucagkcr1+/dvz1EMR7uqk2uM/Nng8184opGW9CdwFMPx5ub6Olxj4ks1GqlUf2KOeji6e4y/xhwfi58N2m8joJEG70/EUQ3Hu7uvqcboFQ8aqVR/HUc3HO2q9teYZa940EiD9Tfm6Fc1Gmn8/lqOale7VW1v1fZSveSFIxppsB41Rzcc41WNRhq3xzAc5aoWGt90v/5GIw3Wo+ToV7XXqF84opHG6fHR7WqzqqXGKzTSqD2K4egeHNUbR/OKR/4wBo1UuifNUa5qq/EGjTR2T9GqltcYo/G903h0iEYqnNL4GD04+ks1Gmnknp5SjfdtjacnaKQRelIc3apGI01ah8Zr/YNqNNJotTT+QCNN1VP84IhGmjA0Uj2hkeoJjVRP42lcRyMt6T9xqQ4/qBYa32W+pvWir7CikZaFRqonNFI9oZHqCY1UT2ikekIj1RMaqZ7QSPWERqonNFI9oZHqCY1UT2ikekIj1RMaqZ7QSPWERqonNFI9oZHqCY1UT2ikehpPI9+npmXx7X6qJzRSPaGR6gmNVE9opHri/21L9cT/95vqiX8TgeqJfy+G6ol/S4vqiX9nkOqJf4OV6ol/n5rqKVrU8QueT1cXRuMpGmmUxGg0i1povEQjjZrEGF1ijMb3jcYzNNI4uT1tF7V6bEw0hr9si0YqWxiNYlH7HwyikcbMYkwW9e0XfaVOvohwoL+IgEYqVYwxWtRopJFzGO1otG8b/Qse+2Pq+Eta2y/6khYaaVkRxrCoY43Hx0dopPLFGP2ivrnWlxjxo5jeX2BFIy0rYNR7OtyoP13FrxujvzSBRiqRsmgxhtEoLjHhBU/+5Tcaabi0RY/RjUb/2JhcqdFIJVMW9TOjxRjuMJfplTr7ggeNNFxuMBqMcjT6S0z8ggeNVCxvMWA0o1H/xe/4EmM1bqGRyhRjtHvaL+rWJca/4EEjDd+PYNFhVKOx/djYX+MaGqk7RbGxaAaj29NhNHZdqZ/5uhGNtCxnUWO81RjNU+OFfGzMXmLQSAP3PVgMGDOjEY1UPkPRWQwYuxY1GqlMiqKxqAajw5iMxrzG515i0EhLchS1RX2BsRij0Rg/Noq/M4FGGjBHUVsMGMVoFIu6/dj4LI1raKTOBEVj0WNsjca+ixqNtCRPUVvUgzHGmL1Ro5FK5KaimYsGY/PMqPd0Ohr9txBeuKjRSN05icGivsA0GO2elj8VbL3feabGtal/t1R3GqKR6C16jOlo7HeHQSMtSUG0EhuKzqJZ0/G7xgFGIxqps0sr0VB0Fj3G6Aoj7zBopOEzDrXEhmKwmGDMj0Y00qAZhwpiI7GhGCwajNGeDk+NL9S4Zv4z9Qs0v1Bju/k1d3Z2d/f29g8OXh0eHr1+fXx8cnJ6enZ2fn7+5k3zed6+U73XfaBZZ05ZH/hbS9FZzGLsNxqlRs9xR3PctxyFRwPSkDQmg0uaW/6A3xqIlmKwaDGKh8a+ozEZjo7jruP4ynLUHhVIJVKTtChd72g2RQdrzvrcSGwoaosG4yuHUTw09hqNTqPY1VtuV+8ZjsGjAqlFapIOJc05c9JnVmJD0Vs0GPfEDSbe0y/SmNvVdjo6jtqjBalFWpOeJc0zd8rmzE8cRW3RYdxtPTT2GI3pcEw4Bo8WpBbpTEqXNLfCGZszP3YUvcUWxt6j8V84Wo8KpBbpTCYwaU6JIzZn/tpQNBZLYZQaI47mRY/16EBqkc7kcYsmzaTogM2ZHwWK2qJ9tZNg7Kuxm6Mejx6kEelMvs7QpFkUHbA99ENP0QzGIhidxsUcY5DBZI4mzaL4hO2xB4rLMPbQ2MlRetQgg8mcTJpL0SHbgz+ILJbBGO/qmKP1qEEakd5kyyXNLHHQ9uj3LUVrMcXYf08v5BjGo/ZoQHqSsUqaaeG07fHvWYthMA6OMd7VCUft0YB0IiOUNO/Cme95imIwtjH21riYo/ZoQFqREUpahfzB73qKymIpjDmOsUcLUpDE5oxrn7I7/52WxeExLuSoPVqQXmReJc0xeeY7gaK2WAxjyjH16EAmJmk1Cqe/nbU4NMbAsTUerceIJDTnXvusPYOtRYNxOIx5jtajEJlFSXNOnr3zsFkYY4uj9ehBxiRp1QoONjdzW3pYjIJj4lGABOXqFZ/+5gKLQ2PMcPQeWyRp9RIYNspjlBy9RwkSkytabGCjbbEExgUeU5HwnHkdxy1QFLcYc5Qeu0nSChRrWB8DY6dHVK5iOQNjWUw95kXS6hbrKG2x7RGRZEpdjGEx5xGUK12Ww1gWF3oE6Ar0byc/psV/90ir2NgWEUn5ppEISUqaGGLc1H8YNE1TuyMiIiIiIiIiIiIiIiIiIiIiIiIiIiIiotXs/8zKb6MNCmVuZHN0cmVhbQ1lbmRvYmoNMTE1IDAgb2JqDTw8L0JpdHNQZXJDb21wb25lbnQgOCAvQ29sb3JTcGFjZSAvRGV2aWNlUkdCIC9GaWx0ZXIgL0RDVERlY29kZSAvSGVpZ2h0IDIyNyAvTGVuZ3RoIDU0MDUgL1NNYXNrIDExNiAwIFIgL1N1YnR5cGUgL0ltYWdlIC9UeXBlIC9YT2JqZWN0IC9XaWR0aCA2NTQ+Pg0Kc3RyZWFtDQr/2P/gABBKRklGAAEBAAABAAEAAP/bAEMACAYGBwYFCAcHBwkJCAoMFA0MCwsMGRITDxQdGh8eHRocHCAkLicgIiwjHBwoNyksMDE0NDQfJzk9ODI8LjM0Mv/bAEMBCQkJDAsMGA0NGDIhHCEyMjIyMjIyMjIyMjIyMjIyMjIyMjIyMjIyMjIyMjIyMjIyMjIyMjIyMjIyMjIyMjIyMv/AABEIAOMCjgMBIgACEQEDEQH/xAAfAAABBQEBAQEBAQAAAAAAAAAAAQIDBAUGBwgJCgv/xAC1EAACAQMDAgQDBQUEBAAAAX0BAgMABBEFEiExQQYTUWEHInEUMoGRoQgjQrHBFVLR8CQzYnKCCQoWFxgZGiUmJygpKjQ1Njc4OTpDREVGR0hJSlNUVVZXWFlaY2RlZmdoaWpzdHV2d3h5eoOEhYaHiImKkpOUlZaXmJmaoqOkpaanqKmqsrO0tba3uLm6wsPExcbHyMnK0tPU1dbX2Nna4eLj5OXm5+jp6vHy8/T19vf4+fr/xAAfAQADAQEBAQEBAQEBAAAAAAAAAQIDBAUGBwgJCgv/xAC1EQACAQIEBAMEBwUEBAABAncAAQIDEQQFITEGEkFRB2FxEyIygQgUQpGhscEJIzNS8BVictEKFiQ04SXxFxgZGiYnKCkqNTY3ODk6Q0RFRkdISUpTVFVWV1hZWmNkZWZnaGlqc3R1dnd4eXqCg4SFhoeIiYqSk5SVlpeYmZqio6Slpqeoqaqys7S1tre4ubrCw8TFxsfIycrS09TV1tfY2dri4+Tl5ufo6ery8/T19vf4+fr/2gAMAwEAAhEDEQA/APn+iiigAooooAKKKKACiiigAooooAKKKKACiiigAooooAKKKKACiiigAooooAKKKKACiiigAooooAKKKKACiiigAooooAKKKKACiiigAooooAKKKKACiiigAooooAKKKKACiiigAooooAKKKKACiiigAooooAKKKKACiiigAooooAKKKKACiiigAooooAKKKKACiiigAooooAKKKKACiiigAooooAKKKKACiiigAooooAKKKKACilxRQAlFLRQAlFLRQAlFLRQAlFLRQAlFLRQAlFLRQAlFLRQAlFLRQAlFLRQAlFLRQAlFLRQAlFLRQAlFLRQAlFLRQAlFLRQAlFLRQAlFLRQAlFLRQAlFLRQAlFLRQAlFLRQAlFLRQAlFLRQAlFLRQAlFLRQAlFLRQAlFLRQAlFLRQAlFLRQAlFLRQAlFLRQAlFLRigBKKKKACiiigAooooAKKKKACiiigAooooAKKKWgAoxSgU4CgBuKXFOxS4oAZijFSbaNtAEeKMVJto20AR4oxUm2jbQBHijFSbaNtAEeKMVJto20AR4oxUm2jbQBHijFSbaNtAEeKMVJto20AR4oxUm2jbQBHijFSbaNtAEeKMVJto20AR4oxUm2jbQBHijFSbaNtAEeKMVJto20AR4oxUm2jbQBHijFSbaNtAEeKMVJto20AR4oxUm2jbQBHijFSbaNtAEeKMVJto20AR4oxUm2jbQBHijFSbaNtAEeKMVJto20AR4oxUm2jbQBHijFSbaNtAEeKMVJto20AR4oxUm2jbQBHijFSbaNtAEeKMVJto20AR4oxUm2jbQBHijFSbaNtAEeKTFSYpMUAR4op5FNIoAbRS0lABRRRQAUUUUAFFFFABRRX2/4E/5J54a/7BVr/wCiloA+IaUCvv2igD4EAp4FffFFAHwSFp22vvSigD4M20ba+86KAPgzbRtr7zooA+DNtG2vvOigD4M20ba+86KAPgzbRtr7zooA+DNtG2vvOigD4M20ba+86KAPgzbRtr7zooA+DNtG2vvOigD4M20ba+86KAPgzbRtr7zooA+DNtG2vvOigD4M20ba+86KAPgzbRtr7zooA+DNtG2vvOigD4M20ba+86KAPgzbRtr7zooA+DNtG2vvOigD4M20ba+86KAPgzbRtr7zooA+DNtG2vvOigD4M20ba+86KAPgzbRtr7zooA+DNtG2vvOigD4M20ba+86KAPgzbRtr7zooA+DNtG2vvOigD4M20ba+86KAPgzbRtr7zooA+DNtG2vvOigD4M20ba+86+MPG6/8V94j/wCwpc/+jWoA5rbTStWCtMK0AQEUwipyKjIoAiIpKeRTDQAlFFFABRRRQAUUUUAFfb/gT/knnhr/ALBVr/6KWviCvt/wJ/yTzw1/2CrX/wBFLQB0FFFFABRRRQAUUUUAFFFFABRRRQAUUUUAFFFFABRRRQAUUUUAFFFFABRRRQAUUUUAFFFFABRRRQAUUUUAFFFFABRRRQAUUUUAFFFFABRRRQAUUUUAFFFFABRRRQAUUUUAFFFFABRRRQAUUUUAFFFFABRRRQAUUUUAFFFFABRRRQAUUUUAFfGnjYf8V54i/wCwnc/+jWr7Lr438aj/AIrzxF/2E7n/ANGtQBzpFNIqUimEUAQMKiYVYYVC1AEJphqQ0w0ANNJSmkoAKKKKACiiigAr7f8AAn/JPPDX/YKtf/RS18QV9v8AgT/knnhr/sFWv/opaAOgooooAKKKKACiiigAooooAKKKKACiiigAooooAKKKKACiiigAooooAKKKKACiiigAooooAKKKKACiiigAooooAKKKKACiiigAooooAKKKKACiiigAooooAKKKKACiiigAooooAKKKKACiiigAooooAKKKKACiiigAooooAKKKKACiiigAr458aj/iu/EP/YTuf/RrV9jV8deNf+R78Q/9hO5/9GtQBz5FMIqU1G1AELVC1TtUDUARNUZqRqjNADaSlpKACiiigAooooAK+3/An/JPPDX/AGCrX/0UtfEFfb/gT/knnhr/ALBVr/6KWgDoKKKKACiiigAooooAKKKKACiiigAooooAKKKKACiiigAooooAKKKKACiiigAooooAKKKKACiiigAooooAKKKKACiiigAooooAKKKKACiiigAooooAKKKKACiiigAooooAKKKKACiiigAooooAKKKKACiiigAooooAKKKKACiiigAooooAK+OvGv8AyPXiH/sJ3P8A6NavsWvjrxr/AMj14h/7Cdz/AOjWoAwTUbVIajagCJqgap2qBqAImqM1I1RmgBtJS0lABRRRQAUUUUAFfb/gT/knnhr/ALBVr/6KWviCvt/wJ/yTzw1/2CrX/wBFLQB0FFFFABRRRQAUUUUAFFFFABRRRQAUUUUAFFFFABRRRQAUUUUAFFFFABRRRQAUUUUAFFFFABRRRQAUUUUAFFFFABRRRQAUUUUAFFFFABRRRQAUUUUAFFFFABRRRQAUUUUAFFFFABRRRQAUUUUAFFFFABRRRQAUUUUAFFFFABRRRQAUUUUAFfHXjX/kevEP/YTuf/RrV9i18deNf+R68Q/9hO5/9GtQBgmo2qQ1G1AETVA1TtUDUARNUZqRqjNADaSlpKACiiigAooooAK+3/An/JPPDX/YKtf/AEUtfEFfb/gT/knnhr/sFWv/AKKWgDoKKKKACiiigAooooAKKKKACiiigAooooAKKKKACiiigAooooAKKKKACiiigAooooAKKKKACiiigAooooAKKKKACiiigAooooAKKKKACiiigAooooAKKKKACiiigAooooAKKKKACiiigAooooAKKKKACiiigAooooAKKKKACiiigAooooAK+OvGv/I9eIf+wnc/+jWr7Fr468a/8j34h/7Cdz/6NagDBNRtTzTGoAieoGqdqgagCJqjNSNUZoAbSUtJQAUUUUAFFFFABX2/4E/5J54a/wCwVa/+ilr4gr7f8Cf8k88Nf9gq1/8ARS0AdBRRRQAUUUUAFFFFABRRRQAUUUUAFFFFABRRRQAUUUUAFFFFABRRRQAUUUUAFFFFABRRRQAUUUUAFFFFABRRRQAUUUUAFFFFABRRRQAUUUUAFFFFABRRRQAUUUUAFFFFABRRRQAUUUUAFFFFABRRRQAUUUUAFFFFABRRRQAUUUUAFFFFABXxx41P/Fd+If8AsJ3P/o1q+x6+NvGx/wCK88Rf9hO5/wDRrUAYZNRk0pNMJoAa1QNUrGoWNAEbUw081GaAEpKU0lABRRRQAUUUUAFfb/gT/knnhr/sFWv/AKKWviCvovw18ffCujeFdI0u40/WWnsrKG3kaOGIqWRApIzIDjI9BQB7pRXkH/DR3hD/AKBuuf8AfiL/AOO0f8NG+EP+gdrn/fiL/wCO0Aev0V5D/wANF+EP+gdrn/fiL/47Tv8Ahorwj/0Dtb/78Rf/AB2gD1yivI/+GiPCP/QO1v8A78Rf/HaX/hojwj/0Dtb/AO/EX/xygD1uivJP+Gh/CX/QO1v/AL8xf/HKX/hofwl/0D9b/wC/MX/xygD1qivJf+GhvCX/AEDtb/78Rf8Axyj/AIaG8Jf9A7W/+/EX/wAcoA9aoryX/hobwl/0Dtb/AO/EX/xyj/hobwl/0Dtb/wC/EX/xygD1qivJf+GhvCX/AEDtb/78Rf8Axyj/AIaG8Jf9A7W/+/EX/wAcoA9aoryX/hobwl/0Dtb/AO/EX/xyj/hobwl/0Dtb/wC/EX/xygD1qivJf+GhvCX/AEDtb/78Rf8Axyj/AIaG8Jf9A7W/+/EX/wAcoA9aoryX/hobwl/0Dtb/AO/EX/xyj/hobwl/0Dtb/wC/EX/xygD1qivJf+GhvCX/AEDtb/78Rf8Axyj/AIaG8Jf9A7W/+/EX/wAcoA9aoryX/hobwl/0Dtb/AO/EX/xyj/hobwl/0Dtb/wC/EX/xygD1qivJf+GhvCX/AEDtb/78Rf8Axyj/AIaG8Jf9A7W/+/EX/wAcoA9aoryX/hobwl/0Dtb/AO/EX/xyj/hobwl/0Dtb/wC/EX/xygD1qivJf+GhvCX/AEDtb/78Rf8Axyj/AIaG8Jf9A7W/+/EX/wAcoA9aoryX/hobwl/0Dtb/AO/EX/xyj/hobwl/0Dtb/wC/EX/xygD1qivJf+GhvCX/AEDtb/78Rf8Axyj/AIaG8Jf9A7W/+/EX/wAcoA9aoryX/hobwl/0Dtb/AO/EX/xyj/hobwl/0Dtb/wC/EX/xygD1qivJf+GhvCX/AEDtb/78Rf8Axyj/AIaG8Jf9A7W/+/EX/wAcoA9aoryX/hobwl/0Dtb/AO/EX/xyj/hobwl/0Dtb/wC/EX/xygD1qivJf+GhvCX/AEDtb/78Rf8Axyj/AIaG8Jf9A7W/+/EX/wAcoA9aoryX/hobwl/0Dtb/AO/EX/xyj/hobwl/0Dtb/wC/EX/xygD1qivJf+GhvCX/AEDtb/78Rf8Axyj/AIaG8Jf9A7W/+/EX/wAcoA9aoryX/hobwl/0Dtb/AO/EX/xyj/hobwl/0Dtb/wC/EX/xygD1qivJf+GhvCX/AEDtb/78Rf8Axyj/AIaG8Jf9A7W/+/EX/wAcoA9aoryX/hobwl/0Dtb/AO/EX/xyj/hobwl/0Dtb/wC/EX/xygD1qivJf+GhvCX/AEDtb/78Rf8Axyj/AIaG8Jf9A7W/+/EX/wAcoA9aoryX/hobwl/0Dtb/AO/EX/xyj/hobwl/0Dtb/wC/EX/xygD1qivJf+GhvCX/AEDtb/78Rf8Axyj/AIaG8Jf9A7W/+/EX/wAcoA9aoryX/hobwl/0Dtb/AO/EX/xyj/hobwl/0Dtb/wC/EX/xygD1qivJf+GhvCX/AEDtb/78Rf8Axyj/AIaG8Jf9A7W/+/EX/wAcoA9aoryX/hobwl/0Dtb/AO/EX/xyj/hobwl/0Dtb/wC/EX/xygD1qivJf+GhvCX/AEDtb/78Rf8Axyj/AIaG8Jf9A7W/+/EX/wAcoA9ar4z8bN/xXviL/sJ3P/o1q9y/4aH8Jf8AQP1v/vzF/wDHK+fPEepw6v4n1bUrdXWG8vJriNZAAwV3LAHBIzg+tAFEtTC1MLU0tQArGo2NKWqMmgBCaYaUmm0AIaKKKACiiigAooooAKKKKACnA02loAcDTwaizTgaAJQ1LuqLNLmgCXdRuqLdRuoAl3UbqizRmgCXdRuqLNGaAJd1G6os0ZoAl3UbqizRmgCXdRuqLNGaAJd1G6os0ZoAl3UbqizRmgCXdRuqLNGaAJd1G6os0ZoAl3UbqizRmgCXdRuqLNGaAJd1G6os0ZoAl3UbqizRmgCXdRuqLNGaAJd1G6os0ZoAl3UbqizRmgCXdRuqLNGaAJd1G6os0ZoAl3UbqizRmgCXdRuqLNGaAJd1G6os0ZoAl3UbqizRmgCXdRuqLNGaAJd1G6os0ZoAl3UbqizRmgCXdRuqLNGaAJd1G6os0ZoAl3UbqizRmgCXdRuqLNGaAJd1G6ot1G6gCTdSFqZmkzQA4mmE0E03NACk02lpKACiiigAooooAKKKKACiiigAooooAM0tJRQAuaXNNozQA7NGabmjNADs0ZpuaM0AOzRmm5ozQA7NGabmjNADs0ZpuaM0AOzRmm5ozQA7NGabmjNADs0ZpuaM0AOzRmm5ozQA7NGabmjNADs0ZpuaM0AOzRmm5ozQA7NGabmjNADs0ZpuaM0AOzRmm5ozQA7NGabmjNADs0ZpuaM0AOzRmm5ozQA7NGabmjNADs0ZpuaM0AOzRmm5ozQA7NGabmjNADs0ZpuaM0AOzRmm5ozQA7NGabmjNADs0ZpuaM0AOzRmm5ozQA7NGabmjNADs0ZpuaM0AOzRmm5ozQA7NGabmjNADs0maTNFAC0maKKACiiigAooooAKKKKACiiigAooooAKKKKACiiigAooooAKKKKACiiigAooooAKKKKACiiigAooooAKKKKACiiigAooooAKKKKACiiigAooooAKKKKACiiigAooooAKKKKACiiigAooooAKKKKACiiigAooooAKKKKACiiigAooooAKKKKACiiigAooooAKKKKACiiigAooooAKKKKACiiigAooooAKKKKACiiigAooooAKKKKACiiigAooooAKKKKACiiigAooooAKKKKACiiigAooooAKKKKACiiigAooooAKKKKACiiigAooooAKKKKACiiigAooooAKKKKACiiigAooooAKKKKACiiigAooooAKKKKACiiigAooooAKKKKACiiigAooooAKKKKACiiigAooooAKKKKACiiigAooooAKKKKACiiigAooooAKKKKACiiigD//2Q0KZW5kc3RyZWFtDWVuZG9iag0xMTggMCBvYmoNPDwvQml0c1BlckNvbXBvbmVudCA4IC9Db2xvclNwYWNlIC9EZXZpY2VHcmF5IC9GaWx0ZXIgL0ZsYXRlRGVjb2RlIC9IZWlnaHQgNjM4IC9MZW5ndGggNTIyMyAvTWF0dGUgWzAgMCAwXSAvU3VidHlwZSAvSW1hZ2UgL1R5cGUgL1hPYmplY3QgL1dpZHRoIDEwMDc+Pg0Kc3RyZWFtDQp4nO3c55bbRrqGUTlJcpRzkKxgWc5Bnvu/uHOaiIXA1CQbDb57/5m1NGo0BfJBfSjSfPAAAAAAAAAAAAAAAAAAAAAAAAAAAAAAAAAAAAAAAAAAgGO9A5zf0mEPLH0yIITSIYvUIcr9jP1d4Dj3L3htw91ZNHidwwKWCF7qsJi7DX5f6u8B57Mv+WViX/qswFVbIPj52Hc8xveB4xzW/MV7n4td3XBhW5K/bPDT2IUOd2Wm+Av2Pql9vvQPgPOZb/7SvW+JXedwBybFj4O/ZO3D1suH9RA4n7nmy+Av0ftc7aPUpw/0EXAbO6ovgr9U73ODfBG7wuFixs2Pe3/3zL1vW9rL1svH9xg43Uz0s8Gftfcttfetb8/8Q+A427Pvi79c79PaB7GPSl/6XMFVGTU/Cf7MvW+tvWt93PlHwDmMq++Kv1jvO2rvWp90/jFwmkn1XfE7er9A7f3S3rU+zfwT4Lam2XfFDxb48/Y+GOUHtdexd6nPRf4pcLy58Lvku+BHvZ9hnN9VexF7EfrwcX8GHGc2/bb4LvhL9L6v9rL1ucKfAMeZa39Y/O7eL1N7tbI3rRehDx7558BxZtpvk6+Lrxb4C/Re5F7W/qiuvYq9ab0PvXjcXwDHm7TfJl8XXy/w1Q38sPfTct9fex17k/q48S+B2xiX3yTfBn+Z3oej/LD2Lva69T709hF/BdzWMPwm+ar4Nvhx78U4f4bFvf50TbtJV9e+ib1uvQu9frBfA6cpum+Sr4rfBN/0/rju/f2+9xOW95lRvl7bm0G+i71Jve/8m9K3wGEG5fTVN8n3wTcD/aOu9+E4f1Lt7/a1P2xrb5f2Tex16l3n3WP/DjjesP6m+ar4TfDNAt/0/rDv/aRxfjzKf9CO8k3tfexV613o9SP+Hri9Ivy6+ar4Lvi693ac/2A8zh9d+/8By/nhhy77OvlN8U3wc72ftrwv/a+FaE+fPv1ho2l+U3wXfNX7zf37hx8W23UnLe9L/2sh2rONp3X0VfFd8MPeu9v3wW6d3GFFnv94o0m+Kr4Jvu19sz9fjPOj5V3usCIvnm90yXfB3yzwTe+b2/dynD8h93eW/tdCtJcvX9zokm+Cb3vvx/mzLO9yhyW9evXqZZt8G3y1wNfz/Gh5/+C05V3usKSffvqpLv5ltca3C3y1vle5Pxns1hWbdXKHlXn9+nVXfL3C3wQ/6L1Y3gfT/PG5vyN3WNLPP78uiq+Cb3svl/fB5vxtp3m5w6LevPm5LX4TfNf7933v3fJebNbJHdbnlzdv2uI3wd8s8G3vRe7d8n7aNC93WNSvv/zySxv8ZqRven867H0293flDqvy642q+Cb4rvdR7uO9ebnD6vz222998F3vP3a999O83GHlfv+tDb5e4De9v3gxs7yX0/ztcn9H7rCo329UwdcL/M36vtmfb8f54TTffLDutnt1codl/fHHH33wTe/VON8s73KHq/HnsPd2nN/cvZc37+U773KHdfrzzy74rvdqnK+W98HN+2SvTu6wKn/9WQXf9t6O8y+mN++bvTq5w4r99ddf7QJf994v79XN+66tebnDqvz9VxV82/tmnG/v3p89ndmrkzus1t9//931XizvzTQ/2qsrP0Z7/Bvvcodl/dP3Xizvr169eNHv1Q235uUOK/XPsPdqeW8367q9uidPio/RNl9gJXdYm38GvW+W9zdvfh7nPngnTu6wUv+2vbfLezPNd3t1+96Jkzusxb/D3rtpXu5wdf5tet+M8+003+zNN1vze954lzusxduq93Z5H07zcoer8rZf3stpvsj9692fs5E7rMXbsvdumu9yr954lztchbdv23G+nubL3H+UO1yTt8Xy3t68b955r9+JKz9WJ3dYuf+q3stpvsn9ldzhyvw3mObLvbo69+/a3D/9RO6wbpvc3w5u3rutebnDdfnvv3Huv01z/+JzucP6/bfpvZ3m5Q7XbEfuL6oPzcsdrsUk99/lDlfqv+HNu9zheskdYsgdYsgdYtxd7u/IHZb1v2Jrvv/QfJH7tzPfTXmrb56WOyxM7hBD7hBD7hBD7hBD7hBD7hBD7hBD7hBD7hBD7hBD7hBD7hBD7hBD7hBD7hBD7hBD7hBD7hBD7hBD7hBD7hBD7hBD7hBD7hBD7hBD7hBD7hBD7hBD7hBD7hBD7hBD7hBD7hBD7hBD7hBD7hBD7hBD7hBD7hBD7hBD7hBD7hBD7hBD7hBD7hBD7hBD7hBD7hBD7hBD7hBD7hBD7hBD7hBD7hBD7hBD7hBD7hBD7hBD7hBD7hBD7hBD7hBD7hBD7hBD7hBD7hBD7hBD7hBD7hBD7hBD7hBD7hBD7hBD7hBD7hBD7hBD7hBD7hBD7hBD7hBD7hBD7hBD7hBD7hBD7hBD7hBD7hBD7hBD7hBD7hBD7hBD7hBD7hBD7hBD7hBD7hBD7hBD7hBD7hBD7hBD7hBD7hBD7hBD7hBD7hBD7hBD7hBD7hBD7hBD7hBD7hBD7hBD7hBD7hBD7hBD7hBD7hBD7hBD7hBD7hBD7hBD7hBD7hBD7hBD7hBD7hBD7hBD7hBD7hBD7hBD7hBD7hBD7hBD7hBD7hBD7hBD7hBD7hBD7hBD7hBD7hBD7hBD7hBD7hBD7hBD7hBD7hBD7hBD7hBD7hBD7hBD7hBD7hBD7hBD7hBD7hBD7hBD7hBD7hBD7hBD7hBD7hBD7hBD7hBD7hBD7hBD7hBD7hBD7hBD7hBD7hBD7hBD7hBD7hBD7hBD7hBD7hBD7hBD7hBD7hBD7hBD7hBD7hBD7hBD7hBD7hBD7hBD7hBD7hBD7hBD7hBD7hBD7hBD7hBD7hBD7hBD7hBD7hBD7hBD7hBD7hBD7hBD7hBD7hBD7hBD7hBD7hBD7hBD7hBD7hBD7hBD7hBD7hBD7hBD7hBD7hBD7hBD7hBD7hBD7hBD7hBD7hBD7hBD7hBD7hBD7hBD7hBD7hBD7hBD7hBD7hBD7hBD7hBD7hBD7hBD7hBD7hBD7hBD7hBD7hBD7hBD7hBD7hBD7hBD7hBD7hBD7hBD7hBD7hBD7hBD7hBD7hBD7hBD7hBD7hBD7hBD7hBD7hBD7hBD7hBD7hBD7hBD7hBD7hBD7hBD7hBD7hBD7hBD7hBD7hBD7hBD7hBD7hBD7hBD7hBD7hBD7hBD7hBD7hBD7hBD7hBD7hBD7hBD7hBD7hBD7hBD7hBD7hBD7hBD7hBD7hBD7hBD7hBD7hBD7hBD7hBD7hBD7hBD7hBD7hBD7hBD7hBD7hBD7hBD7hBD7hBD7hBD7hBD7hBD7hBD7hBD7hBD7hBD7hBD7hBD7hBD7hBD7hBD7hBD7hBD7hBD7hBD7hBD7hBD7hBD7hBD7hBD7hBD7hBD7hBD7hBD7hBD7hBD7hBD7hBD7hBD7hBD7hBD7hBD7hBD7hBD7hBD7hBD7hBD7hBD7hBD7hBD7hBD7hBD7hBD7hBD7hBD7hBD7hBD7hBD7hBD7hBD7hBD7hBD7hBD7hBD7hBD7hBD7hBD7hBD7hBD7hBD7hBD7hBD7hBD7hBD7hBD7hBD7hBD7hBD7hBD7hBD7hBD7hBD7hBD7hBD7hBD7hBD7hBD7hBD7hBD7hBD7hBD7hBD7hBD7hBD7hBD7hBD7hBD7hBD7hBD7hBD7hBD7hBD7hBD7hBD7hBD7hBD7hBD7hBD7hBD7hDj7nJ/IHdYVlX726r2Kvffx7l/U+X+2adV7o8fP3pY5f5elftRtcsdFiZ3iCF3iCF3iCF3iFFszP/9159yhys2yf03ucOV2pH78x+f/SB3uB7DW3e5wxXb1D7M/ddp7psP1ckd1q5e3LuN+SL3F3KH69LO8kXuv7y5yf1Vk/u3be6ffCx3WLd2cR+8D7fJ/aXc4coMZvnh+3DPf3xa5/6F3OEaFIt7PcsXuT+TO1yTsvbBTl2d+3c3uX8pd7gK7SjfzPKbW/dR7v23W8gdVq1f3ItZvvsMrdzhijS1j2b51z9VG/Oj7676qPruKrnDSg1rH8zycofr0tbeLO7Nu+7d+3DNR+aH30z5wa2+mVLusLBB7f0sP8z9yZNP5Q6rN6y9m+Vfvah26ooP1Z38vdNyh4X1tVejfL8v//zH4dvug/9CRu6wQpvYm9r7xb3Yqevfh5v/lI3cYTWq2Lva28W9u3UfbczLHVZsE3t1397U3m/UPRtvzM++Dyd3WI12aa9rLxf3bqdu+D6c3GGtutj72uvFvfoqm+FOXZP7+3KHVRrW3ozy3Sw/2anr3oeTO6zO733sbe2bxX1663567g/kDovatH4Te720t6N8v7jv2pg/8m13ucPC2tir2l9Xtdd37k/LW/fZnTq5w7r82sfe1z6zuMsdVq9uvY29r33XLC93WKVN63Xsm6W9rX20uM/nfuxOndxhWW3rVezVLl1T+2BxH966F/+BjNxhPdrWq9j72ovFvZjlp7fuR+X+QO6wpKL1Ovau9snifuosL3dYVtd6FXu1tA9rn92XlzusULuu1yt7XfvNfXs1yo8X9+6Lq245y8sdFtWm3sde7dLd1N6M8uUHaCdvwx2Z+4Ol/7UQrSq9Tr2Lvat9vLiftlEnd1jWpvQm9ZvW29jrSX74nvsZFne5w5KeNanXrbexd7UP9unKjTq5w+rUoVep37Texz6qfX5xlzusSR36pvSb1G9a72Ovax+M8v2d+y1zf1D/2OYANwe6uXjcHPPhw0ePHj/+8KOPPv7kk08/++zJk88//+KLL7/86quvvv765vF88+3Gd5XvL+uHrQ75oaeVzbC0uT96XntRedl7VWj/rP5LL54fZ9eRGz+d6HXv597roVN/yZz+/BQnprjtbNao3c8ME3VGVVHfNK23sc/Wftri/qDIvev9YdX7h03vRfB18XXzdfR9+Jex+yzt+6E++rb5ovsm/Bn9a/lYk0O/PNTMpaEprMnsoIvG3KXroN+yU3kNLE9NcdfZZ37JV8OV6Qr6pi69ab2Pvam9uHE/dXF/MFze294ftb1/3PReBb8pfpN81XxTfevbC9l5nvb8yCj6Z62ZQFvFK/lWth955xXmYAdcOU7/JTOKs9P+U9vSh5lf6nVwVQbl1DF9Vad+03oVe137x23txY37SYt7m3sxzr/fjvOP69774DfFV8lXzbfVX9g3E4f/SH1yu/T7Cf8gB91JFH88PcKtrxVzF50dF6npOHLgb9ir+NnRmekaH7yA7+AFcWXqlL5sUr9pvYu9rv1xsU03HOVvlfvcON+s723vVfBN8VXyTfRd95c1d3oO/Imi+tFyv8/M3cP2YXWm/akjLjQ77L1mnOfXjE1OzTD0o54dOm1GdVSft61Xsbe1P5rcuJ+wuI+X91HvffBN8VXybfRl+Bc0d4IO/Imi+m6h37/DePB9Q29c/sHXldvZ2eOFlOdmFPpxzw61PqI6qidt613sk9pPXtwP6b0JflN8lXwb/aj8Cxqfn4P++kZR/XiP4aAdlG2+nt5mzB5435VlJYYnpw99bpHiMEVDdVSf1a3XsV+q9jL3Qe/1+3FN8G3xVfJt9E8m7d8X/Uktqh9M+HN7jAdtEIwHsuL/2nbcg2eDmUtP/T/b/sJ2h/+Sg48z2Vv6alj50k/6qgwKqqP6tG+9ir15B25U+6m57+69WuC74uvk2+g/m2n/nujPa1H9XKL7gj5oLNty4J3zwe3svXJc4HdWhien7Hz+Fcxug4Kaqj7pWq+X9ovU3ua+vfdh8X30c+3fF/2JnVQ/iXRL30eNZnuPO7gWHHDR2W2+xQuZnJuy8/kXMHsME2q66lvfV/sJue/svQy+Kr6Pfi79+6M/s2X1s3sNc3XfYj7blv/5bLuQbLtgHX7MA/7i6NSMI1/6+V6dQUVNWR8NYr9M7cNxfth7E3xVfJ18F/0k/HumP7GD7J/s32w4fArbs4tx1HxwuD05XsD03IwjX/rZXqWipKatD5vWm9jHtZ8+ym/tvV/gq+Dr4rvmh9nfS/1pHWY/F+rWnA+6UB9w2PKCMPuHu687x04anx/2C444xuDkTCNf+sleqz6npq/HTez90n722ofj/Kj3Kvi6+Db5QfX3V39SR91vaXXXtLXP9v7PavfFZHq1OqOZMzP3quVYfVSPu9aLpX1a+8m5b++9Cr4uvkl+UP391p/SSfiHj1mH2nMFOLtRghc1e25mX7HcRlfWo671TeyXqn2u92HwTfFF82uI/6OZ4Pcnf4vW9x94az07LgunXDlOv97sOTdqP8U0ozawh5PYz1/71t6r4Jviu+Tns7+PihM8GaLmkz189DrioOdzqSvVQbach6Wf5HUro3rYt17FfrHax72Pg2+LH0V/75UndtfVdusKtf/5mjva9dl6VpZ+hq9Dn9cHs7Gfu/a+98kC3wQ/aH417e8rc7tjLtHzl5BrsevMLP38rtc0pq6z97ct7eerfb73Jvgi+dnq77PBOT4w31s8ewdfFo65jIx/9pTr1JkucftesxyvjKsN7r0L1z7pvQm+K37Y/HqMT+7RV90D3eIacSsHVHgpu16nnKoP7b335gb589Ze9D4Kvih+jdUf0eetW7/j5Bcw/ccu/bxejWFe722J/dy1z/TeBT9pflXu+Ok79aJx7xzwIuUMitrevXztZe9d8GXx643+jDEfesSlGz3NgWeB8xhG9u409kvUviX4cfJr7P/EuM992Fs6sdFthzv6cdzJU3bFdvRUVHfx2Ie9l8Hvbn4VzveUnHTc9bvgcxRtmNs7d1H7zuBXn/3FXs8Xzes+Of9zwlxkdxX7OPj55Nfs+HN/+lGvwjmfBLYb5nfp2KfBX1/ynbO+nJfq8PLOcKY5xDi8u4h9Lvjrrv6clk7zrJY+mTFme7ur2LcG7wpwqMNSOriykwI94Ue5gMPSusvYDw8eOLu7jl3ysIhlUtc83K2FSx9a+mTAVVo6bAAAAAAAAAAAAAAAAAAAAAAAAAAAAAAAAAAAAAAAAACAe+v/Aeaq61cNCmVuZHN0cmVhbQ1lbmRvYmoNMTE3IDAgb2JqDTw8L0JpdHNQZXJDb21wb25lbnQgOCAvQ29sb3JTcGFjZSAvRGV2aWNlUkdCIC9GaWx0ZXIgL0RDVERlY29kZSAvSGVpZ2h0IDYzOCAvTGVuZ3RoIDE3NzI5IC9TTWFzayAxMTggMCBSIC9TdWJ0eXBlIC9JbWFnZSAvVHlwZSAvWE9iamVjdCAvV2lkdGggMTAwNz4+DQpzdHJlYW0NCv/Y/+AAEEpGSUYAAQEAAAEAAQAA/9sAQwAIBgYHBgUIBwcHCQkICgwUDQwLCwwZEhMPFB0aHx4dGhwcICQuJyAiLCMcHCg3KSwwMTQ0NB8nOT04MjwuMzQy/9sAQwEJCQkMCwwYDQ0YMiEcITIyMjIyMjIyMjIyMjIyMjIyMjIyMjIyMjIyMjIyMjIyMjIyMjIyMjIyMjIyMjIyMjIy/8AAEQgCfgPvAwEiAAIRAQMRAf/EAB8AAAEFAQEBAQEBAAAAAAAAAAABAgMEBQYHCAkKC//EALUQAAIBAwMCBAMFBQQEAAABfQECAwAEEQUSITFBBhNRYQcicRQygZGhCCNCscEVUtHwJDNicoIJChYXGBkaJSYnKCkqNDU2Nzg5OkNERUZHSElKU1RVVldYWVpjZGVmZ2hpanN0dXZ3eHl6g4SFhoeIiYqSk5SVlpeYmZqio6Slpqeoqaqys7S1tre4ubrCw8TFxsfIycrS09TV1tfY2drh4uPk5ebn6Onq8fLz9PX29/j5+v/EAB8BAAMBAQEBAQEBAQEAAAAAAAABAgMEBQYHCAkKC//EALURAAIBAgQEAwQHBQQEAAECdwABAgMRBAUhMQYSQVEHYXETIjKBCBRCkaGxwQkjM1LwFWJy0QoWJDThJfEXGBkaJicoKSo1Njc4OTpDREVGR0hJSlNUVVZXWFlaY2RlZmdoaWpzdHV2d3h5eoKDhIWGh4iJipKTlJWWl5iZmqKjpKWmp6ipqrKztLW2t7i5usLDxMXGx8jJytLT1NXW19jZ2uLj5OXm5+jp6vLz9PX29/j5+v/aAAwDAQACEQMRAD8A+f6KKKACiiigAooooAKKKKACiiigAooooAKKKKACiiigAooooAKKKKACiiigAooooAKKKKACiiigAooooAKKKKACiiigAooooAKKKKACiiigAooooAKKKKACiiigAooooAKKKKACiiigAooooAKKKKACiiigAooooAKKKKACiiigAooooAKKKKACiiigAooooAKKKKACiiigAooooAKKKKACiiigAooooAKKKKACiiigAooooAKKKKACiiigAooooAKKKKACiiigAooooAKKKKACiiigAooooAKKKKACiiigAooooAKKKKACiiigAooooAKKKKACiiigAooooAKKKKACiiigAooooAKKKKACiiigAooooAKKKKACiiigAooooAKKKKACiiigAooooAKKKKACiiigAooooAKKKKACiiigAooooAKKKKACiiigAooooAKKKKACiiigAooooAKKKKACiiigAooooAKKKKACiiigAooooAKKKKACiiigAooooAKKKKACiiigAooooAKKKKACiiigAooooAKKKKACiiigAooooAKKKKACiiigAooooAKKKKACiiigAooooAKKKKACiiigAooooAKKKKACiiigAooooAKKKKACiiigAooooAKKKKACiiigAooooAKKKKACiiigAooooAKKKKACiiigAooooAKKMUtACUYpcUuKAG4oxTsUYoAbijFOxRigBuKMU7FGKAG4oxTsUYoAbijFOxRigBuKMU7FGKAG4oxTsUYoAbijFOxRigBuKMU7FGKAG4oxTsUYoAbijFOxRigBuKMU7FGKAG4oxTsUYoAbijFOxRigBuKMU7FGKAG4oxTsUYoAbijFOxRigBuKMU7FGKAG4oxTsUYoAbijFOxRigBuKMU7FGKAG4oxTsUYoAbijFOxRigBuKMU7FGKAG4oxTsUYoAbijFOxRigBuKMU7FGKAG4oxTsUYoAbijFOxRigBuKMU7FGKAG4oxTsUYoAbijFOxRigBuKMU7FGKAG4oxTsUYoAbijFOxRigBuKMU7FGKAG4oxTsUYoAbijFOxRigBuKMU7FGKAG4oxTsUYoAbijFOxRigBuKMU7FGKAG4oxTsUYoAbijFOxRigBuKMU7FGKAG4oxTsUYoAbijFOxRigBuKMU7FGKAG4oxTsUYoAbijFOxRigBuKMU7FGKAG4oxTsUYoAbijFOxRigBuKKdikxQAlFLSYoAKKKKACiiigAooooAKKKKACiiigApaSnAUAJinAUAU8CgBuKXFPC0u2gCPbRtqXbRtoAixRipdtG2gCLFGKl20baAIsUYqXbRtoAixRipdtG2gCLFGKl20baAIsUYqXbRtoAixRipdtG2gCLFGKl20baAIsUYqXbRtoAixRipdtG2gCLFGKl20baAIsUYqXbRtoAixRipdtG2gCLFGKl20baAIsUYqXbRtoAixRipdtG2gCLFGKl20baAIsUYqXbRtoAixRipdtG2gCLFGKl20baAIsUYqXbRtoAixRipdtG2gCLFGKl20baAIsUYqXbRtoAixRipdtG2gCLFGKl20baAIsUYqXbRtoAixRipdtG2gCLFGKl20baAIsUYqXbRtoAixRipdtG2gCLFGKl20baAIsUYqXbRtoAixRipdtG2gCLFGKl20baAIsUYqXbRtoAixRipdtG2gCLFGKl20baAIsUYqXbRtoAixRipdtG2gCLFGKl20baAIsUYqXbRtoAixRipdtG2gCLFGKl20baAIsUYqXbRtoAixRipdtG2gCLFGKl20baAIsUYqXbRtoAixRipdtG2gCLFGKl20baAIsUYqXbRtoAixRtqXbRtoAixSYqXbSFaAIiKQipCKaRQAykpxFJQAlFFFABRRRQAUUUUAFfRfhr4BeFdZ8K6RqlxqGsrPe2UNxIsc0QUM6BiBmMnGT6mvnSvt/wJ/yTzw1/wBgq1/9FLQBwH/DOPhD/oJa5/3/AIv/AI1R/wAM5eEP+gjrn/f+L/41Xr9FAHkP/DOnhD/oI65/3/i/+NU7/hnXwj/0Edb/AO/8X/xqvXKKAPI/+Gd/CP8A0Edb/wC/8X/xql/4Z38I/wDQR1v/AL/xf/G69booA8k/4Z48Jf8AQR1v/v8ARf8Axul/4Z48Jf8AQQ1v/v8ARf8AxuvWqKAPJf8Ahnnwl/0Edb/7/wAX/wAbo/4Z58Jf9BHW/wDv/F/8br1qigDyX/hnnwl/0Edb/wC/8X/xuj/hnnwl/wBBHW/+/wDF/wDG69aooA8l/wCGefCX/QR1v/v/ABf/ABuj/hnnwl/0Edb/AO/8X/xuvWqKAPJf+GefCX/QR1v/AL/xf/G6P+GefCX/AEEdb/7/AMX/AMbr1qigDyX/AIZ58Jf9BHW/+/8AF/8AG6P+GefCX/QR1v8A7/xf/G69aooA8l/4Z58Jf9BHW/8Av/F/8bo/4Z58Jf8AQR1v/v8Axf8AxuvWqKAPJf8Ahnnwl/0Edb/7/wAX/wAbo/4Z58Jf9BHW/wDv/F/8br1qigDyX/hnnwl/0Edb/wC/8X/xuj/hnnwl/wBBHW/+/wDF/wDG69aooA8l/wCGefCX/QR1v/v/ABf/ABuj/hnnwl/0Edb/AO/8X/xuvWqKAPJf+GefCX/QR1v/AL/xf/G6P+GefCX/AEEdb/7/AMX/AMbr1qigDyX/AIZ58Jf9BHW/+/8AF/8AG6P+GefCX/QR1v8A7/xf/G69aooA8l/4Z58Jf9BHW/8Av/F/8bo/4Z58Jf8AQR1v/v8Axf8AxuvWqKAPJf8Ahnnwl/0Edb/7/wAX/wAbo/4Z58Jf9BHW/wDv/F/8br1qigDyX/hnnwl/0Edb/wC/8X/xuj/hnnwl/wBBHW/+/wDF/wDG69aooA8l/wCGefCX/QR1v/v/ABf/ABuj/hnnwl/0Edb/AO/8X/xuvWqKAPJf+GefCX/QR1v/AL/xf/G6P+GefCX/AEEdb/7/AMX/AMbr1qigDyX/AIZ58Jf9BHW/+/8AF/8AG6P+GefCX/QR1v8A7/xf/G69aooA8l/4Z58Jf9BHW/8Av/F/8bo/4Z58Jf8AQR1v/v8Axf8AxuvWqKAPJf8Ahnnwl/0Edb/7/wAX/wAbo/4Z58Jf9BHW/wDv/F/8br1qigDyX/hnnwl/0Edb/wC/8X/xuj/hnnwl/wBBHW/+/wDF/wDG69aooA8l/wCGefCX/QR1v/v/ABf/ABuj/hnnwl/0Edb/AO/8X/xuvWqKAPJf+GefCX/QR1v/AL/xf/G6P+GefCX/AEEdb/7/AMX/AMbr1qigDyX/AIZ58Jf9BHW/+/8AF/8AG6P+GefCX/QR1v8A7/xf/G69aooA8l/4Z58Jf9BHW/8Av/F/8bo/4Z58Jf8AQR1v/v8Axf8AxuvWqKAPJf8Ahnnwl/0Edb/7/wAX/wAbo/4Z58Jf9BHW/wDv/F/8br1qigDyX/hnnwl/0Edb/wC/8X/xuj/hnnwl/wBBHW/+/wDF/wDG69aooA8l/wCGefCX/QR1v/v/ABf/ABuj/hnnwl/0Edb/AO/8X/xuvWqKAPJf+GefCX/QR1v/AL/xf/G6P+GefCX/AEEdb/7/AMX/AMbr1qigDyX/AIZ58Jf9BHW/+/8AF/8AG6P+GefCX/QR1v8A7/xf/G69aooA8l/4Z58Jf9BHW/8Av/F/8bo/4Z58Jf8AQR1v/v8Axf8AxuvWqKAPJf8Ahnnwl/0Edb/7/wAX/wAbo/4Z58Jf9BHW/wDv/F/8br1qigDyX/hnnwl/0Edb/wC/8X/xuj/hnnwl/wBBHW/+/wDF/wDG69aooA8l/wCGefCX/QR1v/v/ABf/ABuj/hnnwl/0Edb/AO/8X/xuvWqKAPJf+GefCX/QR1v/AL/xf/G6P+GefCX/AEEdb/7/AMX/AMbr1qigDyX/AIZ58Jf9BHW/+/8AF/8AG6P+GefCX/QR1v8A7/xf/G69aooA8l/4Z58Jf9BHW/8Av/F/8bo/4Z58Jf8AQR1v/v8Axf8AxuvWqKAPJf8Ahnnwl/0Edb/7/wAX/wAbo/4Z58Jf9BHW/wDv/F/8br1qigDyX/hnnwl/0Edb/wC/8X/xuj/hnnwl/wBBHW/+/wDF/wDG69aooA8l/wCGefCX/QR1v/v/ABf/ABuj/hnnwl/0Edb/AO/8X/xuvWqKAPJf+GefCX/QR1v/AL/xf/G6P+GefCX/AEEdb/7/AMX/AMbr1qigDyX/AIZ58Jf9BHW/+/8AF/8AG6P+GefCX/QR1v8A7/xf/G69aooA8l/4Z58Jf9BHW/8Av/F/8bo/4Z58Jf8AQR1v/v8Axf8AxuvWqKAPJf8Ahnnwl/0Edb/7/wAX/wAbo/4Z58Jf9BHW/wDv/F/8br1qigDyX/hnnwl/0Edb/wC/8X/xuj/hnnwl/wBBHW/+/wDF/wDG69aooA8l/wCGefCX/QR1v/v/ABf/ABuj/hnnwl/0Edb/AO/8X/xuvWqKAPJf+GefCX/QR1v/AL/xf/G6P+GefCX/AEEdb/7/AMX/AMbr1qigDyX/AIZ58Jf9BHW/+/8AF/8AG6P+GefCX/QR1v8A7/xf/G69aooA8l/4Z58Jf9BHW/8Av/F/8bo/4Z58Jf8AQR1v/v8Axf8AxuvWqKAPJf8Ahnnwl/0Edb/7/wAX/wAbo/4Z58Jf9BHW/wDv/F/8br1qigDyX/hnnwl/0Edb/wC/8X/xuj/hnnwl/wBBHW/+/wDF/wDG69aooA8l/wCGefCX/QR1v/v/ABf/ABuj/hnnwl/0Edb/AO/8X/xuvWqKAPJf+GePCX/QQ1v/AL/Rf/G68P8AiB4btPCvjfUdFsZJ5La28vY07Aud0auckADqx7V9lV8ofGQZ+K2tf9sP/REdAHnxWmlanK0wrQBAVphFTsKiYUAQkU01IRTDQA2ilNJQAUUUUAFFFFABX2/4E/5J54a/7BVr/wCilr4gr7f8Cf8AJPPDX/YKtf8A0UtAHQUUUUAFFFFABRRRQAUUUUAFFFFABRRRQAUUUUAFFFFABRRRQAUUUUAFFFFABRRRQAUUUUAFFFFABRRRQAUUUUAFFFFABRRRQAUUUUAFFFFABRRRQAUUUUAFFFFABRRRQAUUUUAFFFFABRRRQAUUUUAFFFFABRRRQAUUUUAFFFFABRRRQAUUUUAFFFFABRRRQAUUUUAFFFFABRRRQAUUUUAFFFFABRRRQAUUUUAFFFFABRRRQAUUUUAFFFFABRRRQAUUUUAFFFFABRRRQAUUUUAFFFFABRRRQAUUUUAFfKfxiH/F1da/7Yf+iI6+rK+VfjCP+Lqa1/2w/wDREdAHBEUwipSKYRQBCwqFhU7CoWoAhamGpGqM0ANpKWkoAKKKKACiiigAr7f8Cf8AJPPDX/YKtf8A0UtfEFfb/gT/AJJ54a/7BVr/AOiloA6CiiigAooooAKKKKACiiigAooooAKKKKACiiigAooooAKKKKACiiigAooooAKKKKACiiigAooooAKKKKACiiigAooooAKKKKACiiigAooooAKKKKACiiigAooooAKKKKACiiigAooooAKKKKACiiigAooooAKKKKACiiigAooooAKKKKACiiigAooooAKKKKACiiigAooooAKKKKACiiigAooooAKKKKACiiigAooooAKKKKACiiigAooooAKKKKACiiigAooooAKKKKACiiigAooooAKKKKACiiigAr5W+MP/ACVPWf8Ath/6Ijr6pr5W+MH/ACVLWf8Ath/6IjoA4U1G1SGmNQBC1QtU7VA1AELVGakaozQA2kpaSgAooooAKKKKACvt/wACf8k88Nf9gq1/9FLXxBX2/wCBP+SeeGv+wVa/+iloA6CiiigAooooAKKKKACiiigAooooAKKKKACiiigAooooAKKKKACiiigAooooAKKKKACiiigAooooAKKKKACiiigAooooAKKKKACiiigAooooAKKKKACiiigAooooAKKKKACiiigAooooAKKKKACiiigAooooAKKKKACiiigAooooAKKKKACiiigAooooAKKKKACiiigAooooAKKKKACiiigAooooAKKKKACiiigAooooAKKKKACiiigAooooAKKKKACiiigAooooAKKKKACiiigAooooAKKKKACiiigAr5X+MH/JUtZ/7Yf+iI6+qK+V/jB/yVLWf+2H/oiOgDhD0pjU89KY1AETVA1TtUDUARNUZqRqjNADKSlpKACiiigAooooAK+3/An/ACTzw1/2CrX/ANFLXxBX2/4E/wCSeeGv+wVa/wDopaAOgooooAKKKKACiiigAooooAKKKKACiiigAooooAKKKKACiiigAooooAKKKKACiiigAooooAKKKKACiiigAooooAKKKKACiiigAooooAKKKKACiiigAooooAKKKKACiiigAooooAKKKKACiiigAooooAKKKKACiiigAooooAKKKKACiiigAooooAKKKKACiiigAooooAKKKKACiiigAooooAKKKKACiiigAooooAKKKKACiiigAooooAKKKKACiiigAooooAKKKKACiiigAooooAKKKKACiiigAooooAK+V/jB/wAlS1n/ALYf+iI6+qK+V/jB/wAlS1n/ALYf+iI6AOEPSmNTz0pjUARNUDVO1QNQBE1RmpGqM0AMpKWkoAKKKKACiiigAr7f8Cf8k88Nf9gq1/8ARS18QV9v+BP+SeeGv+wVa/8AopaAOgooooAKKKKACiiigAooooAKKKKACiiigAooooAKKKKACiiigAooooAKKKKACiiigAooooAKKKKACiiigAooooAKKKKACiiigAooooAKKKKACiiigAooooAKKKKACiiigAooooAKKKKACiiigAooooAKKKKACiiigAooooAKKKKACiiigAooooAKKKKACiiigAooooAKKKKACiiigAooooAKKKKACiiigAooooAKKKKACiiigAooooAKKKKACiiigAooooAKKKKACiiigAooooAKKKKACiiigAooooAK+V/jB/yVLWf+2H/oiOvqivlf4wf8lS1n/th/6IjoA4Q9KY1PPSmNQBE1QNU7VA1AETVGakaozQAykpaSgAooooAKKKKACvt/wJ/yTzw1/wBgq1/9FLXxBX2/4E/5J54a/wCwVa/+iloA6CiiigAooooAKKKKACiiigAooooAKKKKACiiigAooooAKKKKACiiigAooooAKKKKACiiigAooooAKKKKACiiigAooooAKKKKACiiigAooooAKKKKACiiigAooooAKKKKACiiigAooooAKKKKACiiigAooooAKKKKACiiigAooooAKKKKACiiigAooooAKKKKACiiigAooooAKKKKACiiigAooooAKKKKACiiigAooooAKKKKACiiigAooooAKKKKACiiigAooooAKKKKACiiigAooooAKKKKACiiigAr5X+MH/JUtZ/7Yf8AoiOvqivlf4wf8lS1n/th/wCiI6AOEPSmNTz0pjUARNUDVO1QNQBE1RmpGqM0AMpKWkoAKKKKACiiigAr7f8AAn/JPPDX/YKtf/RS18QV9v8AgT/knnhr/sFWv/opaAOgooooAKKKKACiiigAooooAKKKKACiiigAooooAKKKKACiiigAooooAKKKKACiiigAooooAKKKKACiiigAooooAKKKKACiiigAooooAKKKKACiiigAooooAKKKKACiiigAooooAKKKKACiiigAooooAKKKKACiiigAooooAKKKKACiiigAooooAKKKKACiiigAooooAKKKKACiiigAooooAKKKKACiiigAooooAKKKKACiiigAooooAKKKKACiiigAooooAKKKKACiiigAooooAKKKKACiiigAooooAK+V/jB/yVLWf+2H/oiOvqivlf4wf8lS1n/th/6IjoA4Q9KY1PPSmNQBE1QNU7VA1AETVGakaozQAykpaSgAooooAKKKKACvt/wJ/wAk88Nf9gq1/wDRS18QV9v+BP8Aknnhr/sFWv8A6KWgDoKKKKACiiigAooooAKKKKACiiigAooooAKKKKACiiigAooooAKKKKACiiigAooooAKKKKACiiigAooooAKKKKACiiigAooooAKKKKACiiigAooooAKKKKACiiigAooooAKKKKACiiigAooooAKKKKACiiigAooooAKKKKACiiigAooooAKKKKACiiigAooooAKKKKACiiigAooooAKKKKACiiigAooooAKKKKACiiigAooooAKKKKACiiigAooooAKKKKACiiigAooooAKKKKACiiigAooooAKKKKACvlf4wf8AJUtZ/wC2H/oiOvqivlf4wf8AJUtZ/wC2H/oiOgDhD0pjU89KY1AETVA1TtUDUARNUZqRqjNADKSlpKACiiigAooooAK+3/An/JPPDX/YKtf/AEUtfEFfb/gT/knnhr/sFWv/AKKWgDoKKKKACiiigAooooAKKKKACiiigAooooAKKKKACiiigAooooAKKKKACiiigAooooAKKKKACiiigAooooAKKKKACiiigAooooAKKKKACiiigAooooAKKKKACiiigAooooAKKKKACiiigAooooAKKKKACiiigAooooAKKKKACiiigAooooAKKKKACiiigAooooAKKKKACiiigAooooAKKKKACiiigAooooAKKKKACiiigAooooAKKKKACiiigAooooAKKKKACiiigAooooAKKKKACiiigAooooAKKKKACvlf4wf8lS1n/th/6Ijr6or5X+MH/JUtZ/7Yf+iI6AOEPSmNTz0pjUARNUDVO1QNQBE1RmpGqM0AMpKWkoAKKKKACiiigAr7f8Cf8k88Nf8AYKtf/RS18QV9v+BP+SeeGv8AsFWv/opaAOgooooAKKKKACiiigAooooAKKKKACiiigAooooAKKKKACiiigAooooAKKKKACiiigAooooAKKKKACiiigAooooAKKKKACiiigAooooAKKKKACiiigAooooAKKKKACiiigAooooAKKKKACiiigAooooAKKKKACiiigAooooAKKKKACiiigAooooAKKKKACiiigAooooAKKKKACiiigAooooAKKKKACiiigAooooAKKKKACiiigAooooAKKKKACiiigAooooAKKKKACiiigAooooAKKKKACiiigAooooAK+V/jB/yVLWf+2H/AKIjr6or5X+MH/JUtZ/7Yf8AoiOgDhD0pjU89KY1AETVA1TtUDUARNUZqRqjNADKSlpKACiiigAooooAK+3/AAJ/yTzw1/2CrX/0UtfEFfb/AIE/5J54a/7BVr/6KWgDoKKKKACiiigAooooAKKKKACiiigAooooAKKKKACiiigAooooAKKKKACiiigAooooAKKKKACiiigAooooAKKKKACiiigAooooAKKKKACiiigAooooAKKKKACiiigAooooAKKKKACiiigAooooAKKKKACiiigAooooAKKKKACiiigAooooAKKKKACiiigAooooAKKKKACiiigAooooAKKKKACiiigAooooAKKKKACiiigAooooAKKKKACiiigAooooAKKKKACiiigAooooAKKKKACiiigAooooAKKKKACvlf4wf8lS1n/th/6Ijr6or5X+MH/JUtZ/7Yf+iI6AOEPSmNTz0pjUARNUDVO1QNQBE1RmpGqM0AMpKWkoAKKKKACiiigAr7f8Cf8AJPPDX/YKtf8A0UtfEFfb/gT/AJJ54a/7BVr/AOiloA6CiiigAooooAKKKKACiiigAooooAKKKKACiiigAooooAKKKKACiiigAooooAKKKKACiiigAooooAKKKKACiiigAooooAKKKKACiiigAooooAKKKKACiiigAooooAKKKKACiiigAooooAKKKKACiiigAooooAKKKKACiiigAooooAKKKKACiiigAooooAKKKKACiiigAooooAKKKKACiiigAooooAKKKKACiiigAooooAKKKKACiiigAooooAKKKKACiiigAooooAKKKKACiiigAooooAKKKKACiiigAr5X+MH/ACVLWf8Ath/6Ijr6or5X+MH/ACVLWf8Ath/6IjoA4Q9KY1PPSmNQBE1QNU7VA1AETVGakaozQAykpaSgAooooAKKKKACvt/wJ/yTzw1/2CrX/wBFLXxBX2/4E/5J54a/7BVr/wCiloA6CiiigAooooAKKKKACiiigAooooAKKKKACiiigAooooAKKKKACiiigAooooAKKKKACiiigAooooAKKKKACiiigAooooAKKKKACiiigAooooAKKKKACiiigAooooAKKKKACiiigAooooAKKKKACiiigAooooAKKKKACiiigAooooAKKKKACiiigAooooAKKKKACiiigAooooAKKKKACiiigAooooAKKKKACiiigAooooAKKKKACiiigAooooAKKKKACiiigAooooAKKKKACiiigAooooAKKKKACiiigAr5X+MH/JUtZ/7Yf+iI6+qK+V/jB/yVLWf+2H/oiOgDhD0pjU89KY1AETVA1TtUDUARNUZqRqjNADKSlpKACiiigAooooAK+3/An/JPPDX/AGCrX/0UtfEFfb/gT/knnhr/ALBVr/6KWgDoKKKKACiiigAooooAKKKKACiiigAooooAKKKKACiiigAooooAKKKKACiiigAooooAKKKKACiiigAooooAKKKKACiiigAooooAKKKKACiiigAooooAKKKKACiiigAooooAKKKKACiiigAooooAKKKKACiiigAooooAKKKKACiiigAooooAKKKKACiiigAooooAKKKKACiiigAooooAKKKKACiiigAooooAKKKKACiiigAooooAKKKKACiiigAooooAKKKKACiiigAooooAKKKKACiiigAooooAKKKKACvlf4wf8lS1n/th/wCiI6+qK+V/jB/yVLWf+2H/AKIjoA4Q9KY1PPSmNQBE1QNU7VA1AETVGakaozQAykpaSgAooooAKKKKACvt/wACf8k88Nf9gq1/9FLXxBX2/wCBP+SeeGv+wVa/+iloA6CiiigAooooAKKKKACiiigAooooAKKKKACiiigAooooAKKKKACiiigAooooAKKKKACiiigAooooAKKKKACiiigAooooAKKKKACiiigAooooAKKKKACiiigAooooAKKKKACiiigAooooAKKKKACiiigAooooAKKKKACiiigAooooAKKKKACiiigAooooAKKKKACiiigAooooAKKKKACiiigAooooAKKKKACiiigAooooAKKKKACiiigAooooAKKKKACiiigAooooAKKKKACiiigAooooAKKKKACiiigAr5X+MH/JUtZ/7Yf+iI6+qK+V/jB/yVLWf+2H/oiOgDhD0pjU89KY1AETVA1TtUDUARNUZqRqjNADKSlpKACiiigAooooAK+3/An/ACTzw1/2CrX/ANFLXxBX2/4E/wCSeeGv+wVa/wDopaAOgooooAKKKKACiiigAooooAKKKKACiiigAooooAKKKKACiiigAooooAKKKKACiiigAooooAKKKKACiiigAooooAKKKKACiiigAooooAKKKKACiiigAooooAKKKKACiiigAooooAKKKKACiiigAooooAKKKKACiiigAooooAKKKKACiiigAooooAKKKKACiiigAooooAKKKKACiiigAooooAKKKKACiiigAooooAKKKKACiiigAooooAKKKKACiiigAooooAKKKKACiiigAooooAKKKKACiiigAooooAK+V/jB/wAlS1n/ALYf+iI6+qK+V/jB/wAlS1n/ALYf+iI6AOEPSmNTz0pjUARNUDVO1QNQBE1RmpGqM0AMpKWkoAKKKKACiiigAr7f8Cf8k88Nf9gq1/8ARS18QV9v+BP+SeeGv+wVa/8AopaAOgooooAKKKKACiiigAooooAKKKKACiiigAooooAKKKKACiiigAooooAKKKKACiiigAooooAKKKKACiiigAooooAKKKKACiiigAooooAKKKKACiiigAooooAKKKKACiiigAooooAKKKKACiiigAooooAKKKKACiiigAooooAKKKKACiiigAooooAKKKKACiiigAooooAKKKKACiiigAooooAKKKKACiiigAooooAKKKKACiiigAooooAKKKKACiiigAooooAKKKKACiiigAooooAKKKKACiiigAooooAK+V/jB/yVLWf+2H/oiOvqivlf4wf8lS1n/th/6IjoA4Q9KY1PPSmNQBE1QNU7VA1AETVGakaozQAykpaSgAooooAKKKKACvt/wJ/yTzw1/wBgq1/9FLXxBX2/4E/5J54a/wCwVa/+iloA6CiiigAooooAKKKKACiiigAooooAKKKKACiiigAooooAKKKKACiiigAooooAKKKKACiiigAooooAKKKKACiiigAooooAKKKKACiiigAooooAKKKKACiiigAooooAKKKKACiiigAooooAKKKKACiiigAooooAKKKKACiiigAooooAKKKKACiiigAooooAKKKKACiiigAooooAKKKKACiiigAooooAKKKKACiiigAooooAKKKKACiiigAooooAKKKKACiiigAooooAKKKKACiiigAooooAKKKKACiiigAr5X+MH/JUtZ/7Yf8AoiOvqivlf4wf8lS1n/th/wCiI6AOEPSmNTz0pjUARNUDVO1QNQBE1RmpGqM0AMpKWkoAKKKKACiiigAr7f8AAn/JPPDX/YKtf/RS18QV9v8AgT/knnhr/sFWv/opaAOgooooAKKKKACiiigAooooAKKKKACiiigAooooAKKKKACiiigAooooAKKKKACiiigAooooAKKKKACiiigAooooAKKKKACiiigAooooAKKKKACiiigAooooAKKKKACiiigAooooAKKKKACiiigAooooAKKKKACiiigAooooAKKKKACiiigAooooAKKKKACiiigAooooAKKKKACiiigAooooAKKKKACiiigAooooAKKKKACiiigAooooAKKKKACiiigAooooAKKKKACiiigAooooAKKKKACiiigAooooAK+V/jB/yVLWf+2H/oiOvqivlf4wf8lS1n/th/6IjoA4Q9KY1PPSmNQBE1QNU7VA1AETVGakaozQAykpaSgAooooAKKKKACvt/wJ/wAk88Nf9gq1/wDRS18QV9v+BP8Aknnhr/sFWv8A6KWgDoKKKKACiiigAooooAKKKKACiiigAooooAKKKKACiiigAooooAKKKKACiiigAooooAKKKKACiiigAooooAKKKKACiiigAooooAKKKKACiiigAooooAKKKKACiiigAooooAKKKKACiiigAooooAKKKKACiiigAooooAKKKKACiiigAooooAKKKKACiiigAooooAKKKKACiiigAooooAKKKKACiiigAooooAKKKKACiiigAooooAKKKKACiiigAooooAKKKKACiiigAooooAKKKKACiiigAooooAKKKKACvlf4wf8AJUtZ/wC2H/oiOvqivlf4wf8AJUtZ/wC2H/oiOgDhD0pjU89KY1AETVA1TtUDUARNUZqRqjNADKSlpKACiiigAooooAK+3/An/JPPDX/YKtf/AEUtfEFfb/gT/knnhr/sFWv/AKKWgDoKKKKACiiigAooooAKKKKACiiigAooooAKKKKACiiigAooooAKKKKACiiigAooooAKKKKACiiigAooooAKKKKACiiigAooooAKKKKACiiigAooooAKKKKACiiigAooooAKKKKACiiigAooooAKKKKACiiigAooooAKKKKACiiigAooooAKKKKACiiigAooooAKKKKACiiigAooooAKKKKACiiigAooooAKKKKACiiigAooooAKKKKACiiigAooooAKKKKACiiigAooooAKKKKACiiigAooooAKKKKACvlf4wf8lS1n/th/6Ijr6or5X+MH/JUtZ/7Yf+iI6AOEPSmNTz0pjUARNUDVO1QNQBE1RmpGqM0AMpKWkoAKKKKACiiigAr7f8Cf8k88Nf8AYKtf/RS18QV9v+BP+SeeGv8AsFWv/opaAOgooooAKKKKACiiigAooooAKKKKACiiigAooooAKKKKACiiigAooooAKKKKACiiigAooooAKKKKACiiigAooooAKKKKACiiigAooooAKKKKACiiigAooooAKKKKACiiigAooooAKKKKACiiigAooooAKKKKACiiigAooooAKKKKACiiigAooooAKKKKACiiigAooooAKKKKACiiigAooooAKKKKACiiigAooooAKKKKACiiigAooooAKKKKACiiigAooooAKKKKACiiigAooooAKKKKACiiigAooooAK+V/jB/yVLWf+2H/AKIjr6or5X+MH/JUtZ/7Yf8AoiOgDhD0pjU89KY1AETVA1TtUDUARNUZqRqjNADKSlpKACiiigAooooAK+3/AAJ/yTzw1/2CrX/0UtfEFfb/AIE/5J54a/7BVr/6KWgDoKKKKACiiigAooooAKKKKACiiigAooooAKKKKACiiigAooooAKKKKACiiigAooooAKKKKACiiigAooooAKKKKACiiigAooooAKKKKACiiigAooooAKKKKACiiigAooooAKKKKACiiigAooooAKKKKACiiigAooooAKKKKACiiigAooooAKKKKACiiigAooooAKKKKACiiigAooooAKKKKACiiigAooooAKKKKACiiigAooooAKKKKACiiigAooooAKKKKACiiigAooooAKKKKACiiigAooooAKKKKACvlf4wf8lS1n/th/6Ijr6or5X+MH/JUtZ/7Yf+iI6AOEPSmNTz0pjUARNUDVO1QNQBE1RmpGqM0AMpKWkoAKKKKACiiigAr7f8Cf8AJPPDX/YKtf8A0UtfEFfb/gT/AJJ54a/7BVr/AOiloA6CiiigAooooAKKKKACiiigAooooAKKKKACiiigAooooAKKKKACiiigAooooAKKKKACiiigAooooAKKKKACiiigAooooAKKKKACiiigAooooAKKKKACiiigAooooAKKKKACiiigAooooAKKKKACiiigAooooAKKKKACiiigAooooAKKKKACiiigAooooAKKKKACiiigAooooAKKKKACiiigAooooAKKKKACiiigAooooAKKKKACiiigAooooAKKKKACiiigAooooAKKKKACiiigAooooAKKKKACiiigAr5X+MH/ACVLWf8Ath/6Ijr6or5X+MH/ACVLWf8Ath/6IjoA4Q9KY1PPSmNQBE1QNU7VA1AETVGakaozQAykpaSgAooooAKKKKACvt/wJ/yTzw1/2CrX/wBFLXxBX2/4E/5J54a/7BVr/wCiloA6CiiigAooooAKKKKACiiigAooooAKKKKACiiigAooooAKKKKACiiigAooooAKKKKACiiigAooooAKKKKACiiigAooooAKKKKACiiigAooooAKKKKACiiigAooooAKKKKACiiigAooooAKKKKACiiigAooooAKKKKACiiigAooooAKKKKACiiigAooooAKKKKACiiigAooooAKKKKACiiigAooooAKKKKACiiigAooooAKKKKACiiigAooooAKKKKACiiigAooooAKKKKACiiigAooooAKKKKACiiigAr5X+MH/JUtZ/7Yf+iI6+qK+V/jB/yVLWf+2H/oiOgDhD0pjU89KY1AETVA1TtUDUARNUZqRqjNADKSlpKACiiigAooooAK+3/An/JPPDX/AGCrX/0UtfEFfb/gT/knnhr/ALBVr/6KWgDoKKKKACiiigAooooAKKKKACiiigAooooAKKKKACiiigAooooAKKKKACiiigAooooAKKKKACiiigAooooAKKKKACiiigAooooAKKKKACiiigAooooAKKKKACiiigAooooAKKKKACiiigAooooAKKKKACiiigAooooAKKKKACiiigAooooAKKKKACiiigAooooAKKKKACiiigAooooAKKKKACiiigAooooAKKKKACiiigAooooAKKKKACiiigAooooAKKKKACiiigAooooAKKKKACiiigAooooAKKKKACvlf4wf8lS1n/th/wCiI6+qK+V/jB/yVLWf+2H/AKIjoA4Q9KY1PPSmNQBE1QNU7VA1AETVGakaozQAykpaSgAooooAKKKKACvt/wACf8k88Nf9gq1/9FLXxBX2/wCBP+SeeGv+wVa/+iloA6CiiigAooooAKKKKACiiigAooooAKKKKACiiigAooooAKKKKACiiigAooooAKKKKACiiigAooooAKKKKACiiigAooooAKKKKACiiigAooooAKKKKACiiigAooooAKKKKACiiigAooooAKKKKACiiigAooooAKKKKACiiigAooooAKKKKACiiigAooooAKKKKACiiigAooooAKKKKACiiigAooooAKKKKACiiigAooooAKKKKACiiigAooooAKKKKACiiigAooooAKKKKACiiigAooooAKKKKACiiigAr5X+MH/JUtZ/7Yf+iI6+qK+V/jB/yVLWf+2H/oiOgDhD0pjU89KY1AETVA1TtUDUARNUZqRqjNADKSlpKACiiigAooooAK+3/An/ACTzw1/2CrX/ANFLXxBX2/4E/wCSeeGv+wVa/wDopaAOgooooAKKKKACiiigAooooAKKKKACiiigAooooAKKKKACiiigAooooAKKKKACiiigAooooAKKKKACiiigAooooAKKKKACiiigAooooAKKKKACiiigAooooAKKKKACiiigAooooAKKKKACiiigAooooAKKKKACiiigAooooAKKKKACiiigAooooAKKKKACiiigAooooAKKKKACiiigAooooAKKKKACiiigAooooAKKKKACiiigAooooAKKKKACiiigAooooAKKKKACiiigAooooAKKKKACiiigAooooAK+V/jB/wAlS1n/ALYf+iI6+qK+V/jB/wAlS1n/ALYf+iI6AOEPSmNTzTGoAiaoGqdqgagCJqjNSNUZoAZSUtJQAUUUUAFFFFABX2/4E/5J54a/7BVr/wCilr4gr7f8Cf8AJPPDX/YKtf8A0UtAHQUUUUAFFFFABRRRQAUUUUAFFFFABRRRQAUUUUAFFFFABRRRQAUUUUAFFFFABRRRQAUUUUAFFFFABRRRQAUUUUAFFFFABRRRQAUUUUAFFFFABRRRQAUUUUAFFFFABRRRQAUUUUAFFFFABRRRQAUUUUAFFFFABRRRQAUUUUAFFFFABRRRQAUUUUAFFFFABRRRQAUUUUAFFFFABRRRQAUUUUAFFFFABRRRQAUUUUAFFFFABRRRQAUUUUAFFFFABRRRQAUUUUAFFFFABRRRQAUUUUAFFFFABRRRQAUUUUAFfK3xh/5KnrP/AGw/9ER19U18rfGH/kqes/8AbD/0RHQBwppjU4mmNQBG1QNUzVC1AELVGakaozQA2kpaSgAooooAKKKKACvt/wACf8k88Nf9gq1/9FLXxBX2/wCBP+SeeGv+wVa/+iloA6CiiigAooooAKKKKACiiigAooooAKKKKACiiigAooooAKKKKACiiigAooooAKKKKACiiigAooooAKKKKACiiigAooooAKKKKACiiigAooooAKKKKACiiigAooooAKKKKACiiigAooooAKKKKACiiigAooooAKKKKACiiigAooooAKKKKACiiigAooooAKKKKACiiigAooooAKKKKACiiigAooooAKKKKACiiigAooooAKKKKACiiigAooooAKKKKACiiigAooooAKKKKACiiigAooooAKKKKACiiigAr5U+MR/4uprX/bD/ANER19V18pfGM/8AF1da/wC2H/oiOgDhiaYTQTTSaAGsahapGNQsaAGNUZp5phoAbSUtJQAUUUUAFFFFABX2/wCBP+SeeGv+wVa/+ilr4gruLD4v+O9M062sLPXfLtbWJIYU+yQHaigBRkpk4AHWgD7Hor5A/wCF2/EP/oYf/JK3/wDjdOHxs+If/Qwf+SVv/wDG6APr2ivkMfGv4hf9DB/5J2//AMbpw+NXxB/6GD/yTt//AIigD66or5HHxq+IH/Qf/wDJOD/4il/4XT8QP+g//wCScH/xFAH1vRXyT/wunx//ANB//wAk4P8A4ij/AIXT4/8A+g//AOScH/xFAH1tRXyT/wALo8f/APQf/wDJOD/4ij/hdHj/AP6D/wD5Jwf/ABFAH1tRXyT/AMLo8f8A/Qf/APJOD/4ij/hdHj//AKD/AP5Jwf8AxFAH1tRXyT/wujx//wBB/wD8k4P/AIij/hdHj/8A6D//AJJwf/EUAfW1FfJP/C6PH/8A0H//ACTg/wDiKP8AhdHj/wD6D/8A5Jwf/EUAfW1FfJP/AAujx/8A9B//AMk4P/iKP+F0eP8A/oP/APknB/8AEUAfW1FfJP8Awujx/wD9B/8A8k4P/iKP+F0eP/8AoP8A/knB/wDEUAfW1FfJP/C6PH//AEH/APyTg/8AiKP+F0eP/wDoP/8AknB/8RQB9bUV8k/8Lo8f/wDQf/8AJOD/AOIo/wCF0eP/APoP/wDknB/8RQB9bUV8k/8AC6PH/wD0H/8AyTg/+Io/4XR4/wD+g/8A+ScH/wARQB9bUV8lf8Lo8f8A/Qf/APJOD/4ij/hdHj//AKD/AP5Jwf8AxFAH1rRXyWPjR4+/6D3/AJJwf/EUv/C5/H3/AEHv/JOD/wCIoA+s6K+TP+Fz+Pv+g9/5Jwf/ABFL/wALn8e/9B7/AMk4P/iKAPrKivk3/hc/j3/oPf8AknB/8RSf8Ln8ff8AQe/8k4P/AIigD6zor5M/4XP4+/6D3/knB/8AEUf8Ln8ff9B//wAk4P8A4igD6zor5M/4XP4+/wCg/wD+ScH/AMRSf8Lo8ff9B/8A8k4P/iKAPrSivkv/AIXR4+/6D3/knB/8RR/wujx9/wBB/wD8k4P/AIigD60or5M/4XP4+/6D3/knB/8AEUf8Ln8ff9B7/wAk4P8A4igD6zor5N/4XP49/wCg9/5Jwf8AxFH/AAufx7/0H/8AyTg/+IoA+sqK+Tf+FzePv+g//wCScH/xFH/C5/Hv/Qe/8k4P/iKAPrKivk3/AIXP49/6D3/knB/8RR/wufx7/wBB7/yTg/8AiKAPrKivk3/hc3j7/oPf+ScH/wARR/wubx9/0Hv/ACTg/wDiKAPrKivk3/hc3j7/AKD3/knB/wDEUf8AC5/Hv/Qe/wDJOD/4igD6yor5N/4XN4+/6D3/AJJwf/EUf8Lm8ff9B7/yTg/+IoA+sqK+Tv8Ahc3j3/oPf+ScH/xFH/C5vHv/AEHv/JOD/wCIoA+saK+Tv+FzePf+g9/5Jwf/ABFJ/wALm8ff9B7/AMk4P/iKAPrKivk3/hc/j7/oPf8AknB/8RR/wufx7/0Hv/JOD/4igD6yor5N/wCFz+Pv+g9/5Jwf/EUf8Lm8ff8AQe/8k4P/AIigD6yor5N/4XN4+/6D3/knB/8AEUf8Lm8ff9B7/wAk4P8A4igD6yor5N/4XN4+/wCg9/5Jwf8AxFH/AAubx9/0Hv8AyTg/+IoA+sqK+Tf+FzePv+g9/wCScH/xFH/C5/Hv/Qe/8k4P/iKAPrKivk3/AIXP49/6D3/knB/8RSf8Ln8ff9B7/wAk4P8A4igD6zor5LPxo8ff9B//AMk4P/iKT/hdHj//AKD/AP5Jwf8AxFAH1rRXyV/wujx//wBB/wD8k4P/AIik/wCF0eP/APoP/wDknB/8RQB9bUV8k/8AC6PH/wD0H/8AyTg/+Io/4XR4/wD+g/8A+ScH/wARQB9bUV8k/wDC6PH/AP0H/wDyTg/+Io/4XR4//wCg/wD+ScH/AMRQB9bUV8k/8Lo8f/8AQf8A/JOD/wCIo/4XR4//AOg//wCScH/xFAH1tRXyT/wujx//ANB//wAk4P8A4ij/AIXR4/8A+g//AOScH/xFAH1tRXyT/wALo8f/APQf/wDJOD/4ij/hdHj/AP6D/wD5Jwf/ABFAH1tRXyT/AMLo8f8A/Qf/APJOD/4ij/hdHj//AKD/AP5Jwf8AxFAH1tRXyT/wujx//wBB/wD8k4P/AIij/hdHj/8A6D//AJJwf/EUAfW1FfJP/C6PH/8A0H//ACTg/wDiKP8AhdHj/wD6D/8A5Jwf/EUAfW1FfJP/AAujx/8A9B//AMk4P/iKP+F0eP8A/oP/APknB/8AEUAfW1FfJP8Awujx/wD9B/8A8k4P/iKP+F0eP/8AoP8A/knB/wDEUAfW1FfJP/C6PH//AEH/APyTg/8AiKP+F0eP/wDoP/8AknB/8RQB9bUV8k/8Lo8f/wDQf/8AJOD/AOIo/wCF0eP/APoP/wDknB/8RQB9bUV8k/8AC6PH/wD0H/8AyTg/+Io/4XR4/wD+g/8A+ScH/wARQB9bUV8k/wDC6PH/AP0H/wDyTg/+Io/4XR4//wCg/wD+ScH/AMRQB9bUV8k/8Lo8f/8AQf8A/JOD/wCIo/4XR4//AOg//wCScH/xFAH1tRXyT/wujx//ANB//wAk4P8A4ij/AIXR4/8A+g//AOScH/xFAH1tRXyT/wALo8f/APQf/wDJOD/4ij/hdHj/AP6D/wD5Jwf/ABFAH1tRXyT/AMLo8f8A/Qf/APJOD/4ij/hdHj//AKD/AP5Jwf8AxFAH1tXyd8ZWx8V9a/7Yf+iI6i/4XR4//wCg/wD+ScH/AMRXJa1rmoeIdWn1TVLj7Rez7fMl2Km7aoUcKAOgA6UAVS1NLVHupC1ADiaiY0paoyaAAmmGlJptACGiiigAooooAKKKKACiiigApaSigB4NOBqOlzQBJml3VHmjNAEu6jdUeaM0ASbqN1R5ozQBJuo3VHmjNAEm6jdUeaM0ASbqN1R5ozQBJuo3VHmjNAEm6jdUeaM0ASbqN1R5ozQBJuo3VHmjNAEm6jdUeaM0ASbqXdUWaM0AS7qXfUOaXdQBNvo31DmjNAE2+jfUOaM0AS76N9RbqTdQBNuo3VDuo3UAS7qXdUO6jdQBNvpd9Q7qM0ATb6N9Q5ozQBNv96N/vUOaN1AE2/3o3+9Q5ozQBNv96N/vUO6jdQBNv96N9Q7qM0ATb/el31Buo3UAT76N9QbqN1AE++jfUG6jdQBNv96N/vUOaN1AE2/3o3+9Q7qN1AE2/wB6N/vUO6jdQBNv96N/vUO6jdQBNv8Aejf71DuozQBNvpN9RZo3UASbqN1RZozQBJuo3VHmjNAEm6jdUeaM0ASbqN1R5ozQBJuo3VHmjNAEm6jdUeaM0ASbqN1R5ozQBJuo3VHmjNAEm6jdUeaM0ASbqN1R5ozQBJuo3VHmjNAEm6jdUeaM0ASbqN1R5ozQBJuo3VHmjNAEm6jdUeaM0ASbqN1R5ozQBJuo3VHmjNAEm6jdUeaM0ASbqN1R5ozQBJuo3VHmjNAEm6jdUeaM0AP3UmabmkzQA4mmk0maSgApKKKACiiigAooooAKKKKACiiigAooooAKXNJRQAtFJRQAtFJRQAuaM0lFAC5ozSUUALmjNJRQAuaM0lFAC5ozSUUALmjNJRQAuaM0lFAC5ozSUUALmjNJRQAuaM0lFAC5ozSUUALmjNJRQAuaM0lFAC5ozSUUALmjNJRQAuaM0lFAC5ozSUUALmlzTaKAHZozTaKAHZozTaKAHZozTaKAHZozTaKAHZozTaKAHZozTaKAHZozTaKAHZozTaKAHZozTaKAHZozTaKAHZozTaKAHZpM0lFAC5ozSUUALmjNJRQAuaM0lFAC5ozSUUALmjNJRQAuaM0lFAC5ozSUUALmjNJRQAuaM0lFAC5ozSUUALmjNJRQAuaM0lFAC5ozSUUALmjNJRQAuaM0lFAC5ozSUUALmjNJRQAuaM0lFAC5ozSUUALmjNJRQAuaM0lFAC0UlFAC0UlFAC5pKKKACiiigAooooAKKKKACiiigAooooAKKKKACiiigAooooAKKKKACiiigAooooAKKKKACiiigAooooAKKKKACiiigAooooAKKKKACiiigAooooAKKKKACiiigAooooAKKKKACiiigAooooAKKKKACiiigAooooAKKKKACiiigAooooAKKKKACiiigAooooAKKKKACiiigAooooAKKKKACiiigAooooAKKKKACiiigAooooAKKKKACiiigAooooAKKKKACiiigAooooAKKKKACiiigAooooAKKKKACiiigAooooAKKKKACiiigAooooAKKKKACiiigAooooAKKKKACiiigAooooAKKKKACiiigAooooAKKKKACiiigAooooAKKKKACiiigAooooAKKKKACiiigAooooAKKKKACiiigAooooAKKKKACiiigAooooAKKKKACiiigAooooAKKKKACiiigAooooAKKKKACiiigAooooAKKKKACiiigAooooAKKKKACiiigAooooAKKKKACiiigAooooAKKKKACiiigAooooAKKKKACiiigAooooAKKKKACiiigAooooAKKKKACiiigAooooAKKKKACiiigAooooAKKKKACiiigAooooAKKKKACiiigAooooAKKKKACiiigAooooAKKKKACiiigAooooAKKKKAP//ZDQplbmRzdHJlYW0NZW5kb2JqDTEyMCAwIG9iag08PC9CaXRzUGVyQ29tcG9uZW50IDggL0NvbG9yU3BhY2UgL0RldmljZUdyYXkgL0ZpbHRlciAvRmxhdGVEZWNvZGUgL0hlaWdodCA2MTMgL0xlbmd0aCA0MzA5IC9NYXR0ZSBbMCAwIDBdIC9TdWJ0eXBlIC9JbWFnZSAvVHlwZSAvWE9iamVjdCAvV2lkdGggMTAwNz4+DQpzdHJlYW0NCnic7dzplhNHFoVRBjPZDJ4HwIAxNraxDf3+D9etnCNSWQUqSZUtnb3/w1LVWh/3RmSiGzcAAAAAAAAAAAAAAAAAAAAAAAAA4HhuAoe3dtiVtX8ZEELpkEXqEOX/M/ZbwG7+/4LXNlyfVYPXOaxgjeClDqu53uA/lvpt4HA+lvw6sa/9W4GztkLwy7Ff8hk/A3bzac0fvfel2NUNR3ZB8scNfjt2ocN1WSj+iL1v1b5c+h3gcJabP3bvF8Suc7gGW8XPgz9m7XXr5ce6CxzOUvNl8Mfofan2WerbH/QecBWXVF8Ef6zelxb5InaFw9HMm5/3fuvAvV802svWy893H9jfQvSLwR+09wtqn1q/OPMHwG4uzn4q/ni9b9dexT4rfe3fFZyVWfNbwR+49wtrH1ufd/45cAjz6sfij9b7JbWPrW91/gWwn63qx+Iv6f0ItU+jfWx9O/OHwFVtZz8WXw34w/ZerfJV7V3sY+pLkT8CdrcU/pj8GPys9wOs85fVXsRehF5/7sfAbhbTH4ofgz9G7x+rvWx9qfAnwG6W2q+Lv7z349TeTva+9SL06pN/Cexmof0h+a74dsAfofci97L2e13tbex961Poxef+CtjdVvtD8l3x3YBvD/B17/vl/vHau9j71OeNfw1cxbz8Pvkh+OP0Xq/yde1j7F3rU+jDJ/4GuKo6/D75tvgh+HnvxTp/gOHevV0zXNJ1tTexd62PoXcf9ltgP0X3ffJt8U3wfe/3u94/m3rfY7wvrPLdbO8X+TH2PvWp8+9K3wOfpipnqr5Pfgq+X+jvjb3X6/xetd+aar871D6M9ib2LvWx8/Gz/wDsrq6/b74tvgm+H/B973en3vda5+er/J1hle9rn2JvWx9D7z7xj8DVFeF3zbfFj8F3vQ/r/J35Or9z7f8F1vPTT2P2XfJN8X3wS73vN97X/mkh2tOnT39q9M03xY/Bt71vzu8PHhTXdXuN97V/Woj2rPG0i74tfgy+7n08vle3dXKHE/Lz840++bb4Pvih9+Z+vljnZ+Nd7nBCXvzcGJMfg98M+L735vhervN75H5z7Z8Wor18+WJjTL4Pfuh9WucPMt7lDmt69erVyyH5Ifh2wHf7/Gy839lvvMsd1vTLL790xb9sZ/ww4Nv53ub+pLqtKy7r5A4n5vXr12Px3YTfBF/1Xoz3apvfPfebcoc1/frr66L4Nvih93K8V5fzV93m5Q6revPm16H4Jvix9x+n3sfxXlzWyR1Oz29v3gzFN8FvBvzQe5H7ON732+blDqv6/bfffhuCb1b6vvende+Lud+SO5yU3zfa4vvgx95nuc/v5uUOJ+ft27dT8GPvz8fep21e7nDi/ng7BN8N+Kb3Fy8Wxnu5zV8t95tyh1X9sdEG3w34zXxv7ueHdb7e5vsX6656Vyd3WNeff/45Bd/33q7z/XiXO5yNv+reh3W+Ob2Xh/fyybvc4TT99dcY/Nh7u8634706vG/d1ckdTsq7v9rgh96Hdf7F9uG9uauTO5ywd+/eDQO+630a7+3h/bKrebnDSfn7XRv80Huzzg+n92dPF+7q5A4n6++//x57L8Z7v83P7urK12h3f/Aud1jXP1PvxXh/9erFi+murr6alzucqH/q3tvxPlzWjXd1T54Ur9H2X2Aldzg1/1S9N+P9zZtf57lXT+LkDifq36H3Ybz32/x4V/exJ3Fyh1Pxb937uM3LHc7Ov33vzTo/bPP93Xx/Nf+RB+9yh1Pxvu19GO/1Ni93OCvvp/FebvNF7t9e/p6N3OFUvC97H7f5Mff2wbvc4Sy8fz+s8902X+b+XO5wTt4X4304vDdP3rsnceVrdXKHE/eh7b3c5vvcX8kdzsyHapsv7+q63H8Ycn/0UO5w2prc31eH9/FqXu5wXj58mOf+djv3r76UO5y+D03vwzYvdzhnl+T+on1pXu5wLrZy/0PucKY+1Id3ucP5kjvEkDvEkDvEuL7cb8od1vWf4mp+emm+yP37he+mvNI3T8sdViZ3iCF3iCF3iCF3iCF3iCF3iCF3iCF3iCF3iCF3iCF3iCF3iCF3iCF3iCF3iCF3iCF3iCF3iCF3iCF3iCF3iCF3iCF3iCF3iCF3iCF3iCF3iCF3iCF3iCF3iCF3iCF3iCF3iCF3iCF3iCF3iCF3iCF3iCF3iCF3iCF3iCF3iCF3iCF3iCF3iCF3iCF3iCF3iCF3iCF3iCF3iCF3iCF3iCF3iCF3iCF3iCF3iCF3iCF3iCF3iCF3iCF3iCF3iCF3iCF3iCF3iCF3iCF3iCF3iCF3iCF3iCF3iCF3iCF3iCF3iCF3iCF3iCF3iCF3iCF3iCF3iCF3iCF3iCF3iCF3iCF3iCF3iCF3iCF3iCF3iCF3iCF3iCF3iCF3iCF3iCF3iCF3iCF3iCF3iCF3iCF3iCF3iCF3iCF3iCF3iCF3iCF3iCF3iCF3iCF3iCF3iCF3iCF3iCF3iCF3iCF3iCF3iCF3iCF3iCF3iCF3iCF3iCF3iCF3iCF3iCF3iCF3iCF3iCF3iCF3iCF3iCF3iCF3iCF3iCF3iCF3iCF3iCF3iCF3iCF3iCF3iCF3iCF3iCF3iCF3iCF3iCF3iCF3iCF3iCF3iCF3iCF3iCF3iCF3iCF3iCF3iCF3iCF3iCF3iCF3iCF3iCF3iCF3iCF3iCF3iCF3iCF3iCF3iCF3iCF3iCF3iCF3iCF3iCF3iCF3iCF3iCF3iCF3iCF3iCF3iCF3iCF3iCF3iCF3iCF3iCF3iCF3iCF3iCF3iCF3iCF3iCF3iCF3iCF3iCF3iCF3iCF3iCF3iCF3iCF3iCF3iCF3iCF3iCF3iCF3iCF3iCF3iCF3iCF3iCF3iCF3iCF3iCF3iCF3iCF3iCF3iCF3iCF3iCF3iCF3iCF3iCF3iCF3iCF3iCF3iCF3iCF3iCF3iCF3iCF3iCF3iCF3iCF3iCF3iCF3iCF3iCF3iCF3iCF3iCF3iCF3iCF3iCF3iCF3iCF3iCF3iCF3iCF3iCF3iCF3iCF3iCF3iCF3iCF3iCF3iCF3iCF3iCF3iCF3iCF3iCF3iCF3iCF3iCF3iCF3iCF3iCF3iCF3iCF3iCF3iCF3iCF3iCF3iCF3iCF3iCF3iCF3iCF3iCF3iCF3iCF3iCF3iCF3iCF3iCF3iCF3iCF3iCF3iCF3iCF3iCF3iCF3iCF3iCF3iCF3iCF3iCF3iCF3iCF3iCF3iCF3iCF3iCF3iCF3iCF3iCF3iCF3iCF3iCF3iCF3iCF3iCF3iCF3iCF3iCF3iCF3iCF3iCF3iCF3iCF3iCF3iCF3iCF3iCF3iCF3iCF3iCF3iCF3iCF3iCF3iCF3iCF3iCF3iCF3iCF3iCF3iCF3iCF3iCF3iCF3iCF3iCF3iCF3iCF3iCF3iCF3iCF3iCF3iCF3iCF3iCF3iCF3iCF3iCF3iCF3iCF3iCF3iCF3iCF3iCF3iCF3iCF3iCF3iCF3iCF3iCF3iCF3iCF3iCF3iCF3iCF3iCF3iCF3iCF3iCF3iCF3iCF3iCF3iCF3iCF3iCF3iCF3iCF3iCF3iCF3iCF3iCF3iCF3iCF3iCF3iCF3iCF3iCF3iCF3iCF3iCF3iCF3iCF3iCF3iCF3iCF3iCF3iCF3iCF3iCF3iCF3iCF3iHF9ud+QO6yrrf19W3ub+x/z3L9rc3/8qM39/v17d9vcb7e571S73GFlcocYcocYcocYcocYxcX83+/+kjucsa3c38odztQluf/8/NlPcofzUR/d5Q5nrKm9zv337dybl+rkDqeuG+7jxXyR+wu5w3kZdvki99/ebHJ/1ef+/ZD7wy/kDqdtGO7Vc7gm95dyhzNT7fL1c7ifnz/tcv9K7nAOiuHe7fJF7s/kDuekrL26qety/2GT+9dyh7MwrPL9Lt8c3We5T99uIXc4adNwL3b58R1aucMZ6Wuf7fKvf2kv5mffXfV5+91VcocTVdde7fJyh/My1N4P9/6p+/gcrn9lvv5myjtX+mZKucPKqtqnXb7O/cmTR3KHk1fXPu7yr160N3XFS3V7f++03GFlU+3tKj/dy//8vH7sXv0PGbnDCWpi72ufhntxUzc9h1t+y0bucDLa2Mfah+E+Ht1nF/NyhxPWxN6e2/vap4u6Z/OL+cXncHKHkzGM9q72criPN3X1czi5w6kaY59q74Z7+1U29U1dn/tncoeTVNfer/LjLr91Uzc+h5M7nJw/ptiH2pvhvn103z/3G3KHVTWtb2LvRvuwyk/D/bKL+R0fu8sdVjbE3tb+uq29O7k/LY/uizd1cofT8vsU+1T7wnCXO5y8rvUh9qn2y3Z5ucNJalrvYm9G+1D7bLgv577rTZ3cYV1D623s7S1dX3s13Ouje/EfZOQOp2NovY19qr0Y7sUuv3103yn3G3KHNRWtd7GPtW8N9313ebnDusbW29jb0V7XvngvL3c4QcNc7yZ7V/vm3N6u8vPhPn5x1RV3ebnDqobUp9jbW7pN7f0qX75Au/UYbsfcb6z900K0tvQu9TH2sfb5cN/vok7usK6m9D71TetD7N0mXz9zP8Bwlzus6Vmfetf6EPtYe3VPV17UyR1OThd6m/qm9Sn2We3Lw13ucEq60JvSN6lvWp9i72qvVvnp5H7F3G90f6z5CzZ/0eYfj83feffuvXv37z/4/PMvHj589PjxkydffvnVV19//c0333z77ebzfPd944fWj8DVdRm1RX3Xtz7Evlj7fsO9zH3s/W7b+4O+9yL4rviu+S76KXxgJ2NB33Wl961Psfe1Fwf3fYf7bLwPvd8bev+i770Nvim+Sb5tvq9+8D3waapyupi+6VLftN7G3tX+xVB7cXDfa7gPuRfr/GfDOn+/630Kvim+Tb5tfqgeuLIupa/71Detj7F3td8vrunqVf5KuS+t8/18H3pvg++Lb5Pvox+7B65gyKiL6suh9Tb2ofZ7Wwf3PYb7fLzPep+C74tvkx+iL8MHdjJF1EX1ZGh9jH2r9r2H+6f03gffFN8mP0Q/Kx/4ZEVDXVSPu9a72I9Ve5l71Xv3PK4Pfii+TX6I/slW+8CnqArqono0td7G3j+Bm9W+b+6X994O+LH4Lvkh+scL7QMfVxXUV/VwbL0b7Uepfcj94t7r4qfol9oHPq5OqO9qav1jte+R+6W9l8G3xU/RL6UPfJKqor6sz6vYj1N7vc7XvffBt8V3yY/Rb4UP7KIoqW/rQd96H/u89v1X+Qt7nwZ8G3xX/Nh8nT1wFVNOfV/3+9in0X7w2ut1ftZ7G3xX/JB8VT2whymq+2PrxWjfrn3v3C/uvQ2+K75Pvqoe2NtY1r2x9Sb2Y9W+1HsdfF980bz44aq2MxoCu7sV++Frv7D3Nvi++DH55eyBnZVR3Z1ab2M/Wu3z3ufBD8XPogcOYMrrzmLsh6596n1rwPfBV81rH/ayHdPY2WcXjfbD1b7cex98kfxi9cCVlXENwd0+cu1bvffBj8XXzQMHNYV2+/bSIn/Y2oveZ8EXxaseDqzO6/YFsR+69oXex+C3mgcOrKjt1vFrL3sfgy+LFz0cQx3Zre3Yj1H7BcHPk9c/7OOSnorqjh573XsZ/OXNA/uqc7t5HbVfGrzs4eCWIruu2OfBLycPHEmd37Fj3w5e8nAt5uFdR+xLwasejmext+uK/cLg/QsA+/q0tK4z9k8PHji4645d8rCKdVLXPFyvlUuvrf3LgLO0dtgAAAAAAAAAAAAAAAAAAAAAAAAAnLP/AS3AVxkNCmVuZHN0cmVhbQ1lbmRvYmoNMTE5IDAgb2JqDTw8L0JpdHNQZXJDb21wb25lbnQgOCAvQ29sb3JTcGFjZSAvRGV2aWNlUkdCIC9GaWx0ZXIgL0RDVERlY29kZSAvSGVpZ2h0IDYxMyAvTGVuZ3RoIDE3NTEyIC9TTWFzayAxMjAgMCBSIC9TdWJ0eXBlIC9JbWFnZSAvVHlwZSAvWE9iamVjdCAvV2lkdGggMTAwNz4+DQpzdHJlYW0NCv/Y/+AAEEpGSUYAAQEAAAEAAQAA/9sAQwAIBgYHBgUIBwcHCQkICgwUDQwLCwwZEhMPFB0aHx4dGhwcICQuJyAiLCMcHCg3KSwwMTQ0NB8nOT04MjwuMzQy/9sAQwEJCQkMCwwYDQ0YMiEcITIyMjIyMjIyMjIyMjIyMjIyMjIyMjIyMjIyMjIyMjIyMjIyMjIyMjIyMjIyMjIyMjIy/8AAEQgCZQPvAwEiAAIRAQMRAf/EAB8AAAEFAQEBAQEBAAAAAAAAAAABAgMEBQYHCAkKC//EALUQAAIBAwMCBAMFBQQEAAABfQECAwAEEQUSITFBBhNRYQcicRQygZGhCCNCscEVUtHwJDNicoIJChYXGBkaJSYnKCkqNDU2Nzg5OkNERUZHSElKU1RVVldYWVpjZGVmZ2hpanN0dXZ3eHl6g4SFhoeIiYqSk5SVlpeYmZqio6Slpqeoqaqys7S1tre4ubrCw8TFxsfIycrS09TV1tfY2drh4uPk5ebn6Onq8fLz9PX29/j5+v/EAB8BAAMBAQEBAQEBAQEAAAAAAAABAgMEBQYHCAkKC//EALURAAIBAgQEAwQHBQQEAAECdwABAgMRBAUhMQYSQVEHYXETIjKBCBRCkaGxwQkjM1LwFWJy0QoWJDThJfEXGBkaJicoKSo1Njc4OTpDREVGR0hJSlNUVVZXWFlaY2RlZmdoaWpzdHV2d3h5eoKDhIWGh4iJipKTlJWWl5iZmqKjpKWmp6ipqrKztLW2t7i5usLDxMXGx8jJytLT1NXW19jZ2uLj5OXm5+jp6vLz9PX29/j5+v/aAAwDAQACEQMRAD8A+f6KKKACiiigAooooAKKKKACiiigAooooAKKKKACiiigAooooAKKKKACiiigAooooAKKKKACiiigAooooAKKKKACiiigAooooAKKKKACiiigAooooAKKKKACiiigAooooAKKKKACiiigAooooAKKKKACiiigAooooAKKKKACiiigAooooAKKKKACiiigAooooAKKKKACiiigAooooAKKKKACiiigAooooAKKKKACiiigAooooAKKKKACiiigAooooAKKKKACiiigAooooAKKKKACiiigAooooAKKKKACiiigAooooAKKKKACiiigAooooAKKKKACiiigAooooAKKKKACiiigAooooAKKKMUAFFLiigBKKWigBKKWigBKKWigBKKWigBKKWigBKKWigBKKWigBKKWigBKKWigBKKWigBKKWigBKKWigBKKWigBKKWigBKKWigBKKWigBKKWigBKKWigBKKWigBKKWigBKKWigBKKWigBKKWigBKKWigBKKWigBKKWigBKKWigBKKWigBKKWigBKKWigBKKWigBKKWigBKKWigBKKWigBKKWigBKKWigBKKWigBKKWigBKKWigBKKWigBKKWigBKKWigBKKWigBKKWigBKKWigBKKWigBKKWigBKKWigBKKWigBKKWigBKKWigBKKWigBKKWigBKKWigBKKMUUAFFFFABRRRQAUUUUAFFFFABRRRQAUUUtABS4oApwFADcUuKfil20AR4pcU/bRtoAZijFSbaNtAEeKMVJto20AR4oxUm2jbQBHijFSbaNtAEeKMVJto20AR4oxUm2jbQBHijFSbaNtAEeKMVJto20AR4oxUm2jbQBHijFSbaNtAEeKMVJto20AR4oxUm2jbQBHijFSbaNtAEeKMVJto20AR4oxUm2jbQBHijFSbaNtAEeKMVJto20AR4oxUm2jbQBHijFSbaNtAEeKMVJto20AR4oxUm2jbQBHijFSbaNtAEeKMVJto20AR4oxUm2jbQBHijFSbaNtAEeKMVJto20AR4oxUm2jbQBHijFSbaNtAEeKMVJto20AR4oxUm2jbQBHijFSbaNtAEeKMVJto20AR4oxUm2jbQBHijFSbaNtAEeKMVJto20AR4oxUm2jbQBHijFSbaNtAEeKMVJto20AR4oxUm2jbQBHijFSbaNtAEeKMVJto20AR4oxUm2jbQBHijFSbaNtAEeKMVJto20AR4oxUm2jbQBHijFSbaNtAEeKMVJto20AR4oxUm2jbQBHijFSbaNtAEeKMVJto20AR4oxUm2jbQBHikxUm2jbQBHijFSbaTFAEeKSnkUhFADKKWkoAKKKKACiiigAooooAK3IPBfiq6t4ri38NazNBKgeOSOwlZXUjIIIXBBHOaw6+3/AAJ/yTzw1/2CrX/0UtAHyD/wgni//oVNc/8ABdL/APE0o8CeL/8AoVdc/wDBdL/8TX27RQB8SDwJ4v8A+hV1z/wXy/8AxNOHgXxd/wBCtrf/AIL5f/ia+2aKAPigeBfFv/Qra3/4L5f/AImnf8IL4t/6FbW//BfL/wDE19q0UAfFX/CC+Lf+hW1v/wAF8v8A8TS/8IL4t/6FfW//AAXy/wDxNfalFAHxX/wgvi3/AKFfW/8AwXy//E0f8IL4t/6FfW//AAXy/wDxNfalFAHxX/wgvi3/AKFfW/8AwXy//E0f8IL4t/6FfW//AAXy/wDxNfalFAHxX/wgvi3/AKFfW/8AwXy//E0f8IL4t/6FfW//AAXy/wDxNfalFAHxX/wgvi3/AKFfW/8AwXy//E0f8IL4t/6FfW//AAXy/wDxNfalFAHxX/wgvi3/AKFfW/8AwXy//E0f8IL4t/6FfW//AAXy/wDxNfalFAHxX/wgvi3/AKFfW/8AwXy//E0f8IL4t/6FfW//AAXy/wDxNfalFAHxX/wgvi3/AKFfW/8AwXy//E0f8IL4t/6FfW//AAXy/wDxNfalFAHxX/wgvi3/AKFfW/8AwXy//E0f8IL4t/6FfW//AAXy/wDxNfalFAHxX/wgvi3/AKFfW/8AwXy//E0f8IL4t/6FfW//AAXy/wDxNfalFAHxX/wgvi3/AKFfW/8AwXy//E0f8IL4t/6FfW//AAXy/wDxNfalFAHxX/wgvi3/AKFfW/8AwXy//E0f8IL4t/6FfW//AAXy/wDxNfalFAHxX/wgvi3/AKFfW/8AwXy//E0f8IL4t/6FfW//AAXy/wDxNfalFAHxX/wgvi3/AKFfW/8AwXy//E0f8IL4t/6FfW//AAXy/wDxNfalFAHxX/wgvi3/AKFfW/8AwXy//E0f8IL4t/6FfW//AAXy/wDxNfalFAHxX/wgvi3/AKFfW/8AwXy//E0f8IL4t/6FfW//AAXy/wDxNfalFAHxX/wgvi3/AKFfW/8AwXy//E0f8IL4t/6FfW//AAXy/wDxNfalFAHxX/wgvi3/AKFfW/8AwXy//E0f8IL4t/6FfW//AAXy/wDxNfalFAHxX/wgvi3/AKFfW/8AwXy//E0f8IL4t/6FfW//AAXy/wDxNfalFAHxX/wgvi3/AKFfW/8AwXy//E0f8IL4t/6FfW//AAXy/wDxNfalFAHxX/wgvi3/AKFfW/8AwXy//E0f8IL4t/6FfW//AAXy/wDxNfalFAHxX/wgvi3/AKFfW/8AwXy//E0f8IL4t/6FfW//AAXy/wDxNfalFAHxX/wgvi3/AKFfW/8AwXy//E0f8IL4t/6FfW//AAXy/wDxNfalFAHxX/wgvi3/AKFfW/8AwXy//E0f8IL4t/6FfW//AAXy/wDxNfalFAHxX/wgvi3/AKFfW/8AwXy//E0f8IL4t/6FfW//AAXy/wDxNfalFAHxX/wgvi3/AKFfW/8AwXy//E0f8IL4t/6FfW//AAXy/wDxNfalFAHxX/wgvi3/AKFfW/8AwXy//E0f8IL4t/6FfW//AAXy/wDxNfalFAHxX/wgvi3/AKFfW/8AwXy//E0f8IL4t/6FfW//AAXy/wDxNfalFAHxX/wgvi3/AKFfW/8AwXy//E0f8IL4t/6FfW//AAXy/wDxNfalFAHxX/wgvi3/AKFfW/8AwXy//E0f8IL4t/6FfW//AAXy/wDxNfalFAHxX/wgvi3/AKFfW/8AwXy//E0f8IL4t/6FfW//AAXy/wDxNfalFAHxX/wgvi3/AKFfW/8AwXy//E0f8IL4t/6FfW//AAXy/wDxNfalFAHxX/wgvi3/AKFfW/8AwXy//E0f8IL4t/6FfW//AAXy/wDxNfalFAHxX/wgvi3/AKFfW/8AwXy//E0f8IL4t/6FfW//AAXy/wDxNfalFAHxX/wgvi3/AKFfW/8AwXy//E0f8IL4t/6FfW//AAXy/wDxNfalFAHxX/wgvi3/AKFfW/8AwXy//E0f8IL4t/6FfW//AAXy/wDxNfalFAHxX/wgvi3/AKFfW/8AwXy//E0f8IL4t/6FfW//AAXy/wDxNfalFAHxX/wgvi3/AKFfW/8AwXy//E0f8IL4t/6FfW//AAXy/wDxNfalFAHxX/wgvi3/AKFfW/8AwXy//E0f8IL4t/6FfW//AAXy/wDxNfalFAHxX/wgvi3/AKFfW/8AwXy//E0f8IL4t/6FfW//AAXy/wDxNfalFAHxX/wgvi3/AKFfW/8AwXy//E0f8IL4t/6FfW//AAXy/wDxNfalFAHxX/wgvi3/AKFfW/8AwXy//E0f8IL4t/6FfW//AAXy/wDxNfalFAHxX/wgvi3/AKFfW/8AwXy//E0f8IL4t/6FfW//AAXy/wDxNfalFAHxX/wgvi3/AKFfW/8AwXy//E0f8IL4t/6FfW//AAXy/wDxNfalFAHxX/wgvi3/AKFfW/8AwXy//E0f8IL4t/6FfW//AAXy/wDxNfalFAHxX/wgvi3/AKFfW/8AwXy//E0f8IL4t/6FfW//AAXy/wDxNfalFAHxX/wgvi3/AKFfW/8AwXy//E0f8IL4t/6FfW//AAXy/wDxNfalFAHxX/wgvi3/AKFfW/8AwXy//E0f8IL4t/6FfW//AAXy/wDxNfalFAHxX/wgvi3/AKFfW/8AwXy//E0f8IL4t/6FfW//AAXy/wDxNfalFAHxX/wgvi3/AKFfW/8AwXy//E0f8IL4t/6FfW//AAXy/wDxNfalFAHxX/wgvi3/AKFfW/8AwXy//E0f8IL4t/6FfW//AAXy/wDxNfalFAHxX/wgvi3/AKFfW/8AwXy//E0f8IL4t/6FfW//AAXy/wDxNfalFAHxX/wgvi3/AKFfW/8AwXy//E1kXun3em3b2l9az2tzHjfDPGUdcjIypGRwQfxr7rr5O+Mq5+K+tn/rh/6IjoA89200rU5WmlaAICtMIqcio2FAERFNp5FNNADaKDRQAUUUUAFFFFABX2/4E/5J54a/7BVr/wCilr4gr7f8Cf8AJPPDX/YKtf8A0UtAHQUUUUAFFFFABRRRQAUUUUAFFFFABRRRQAUUUUAFFFFABRRRQAUUUUAFFFFABRRRQAUUUUAFFFFABRRRQAUUUUAFFFFABRRRQAUUUUAFFFFABRRRQAUUUUAFFFFABRRRQAUUUUAFFFFABRRRQAUUUUAFFFFABRRRQAUUUUAFFFFABRRRQAUUUUAFFFFABRRRQAUUUUAFFFFABRRRQAUUUUAFFFFABRRRQAUUUUAFFFFABRRRQAUUUUAFFFFABRRRQAUUUUAFFFFABRRRQAUUUUAFFFFABRRRQAUUUUAFfKPxjH/F1da/7Yf+iI6+rq+VPjEP+Lqa1/2w/wDREdAHAkUwipiKYRQBAwqJhU7ComoAhNMNSNUZoAbSUtJQAUUUUAFFFFABX2/4E/5J54a/7BVr/wCilr4gr7f8Cf8AJPPDX/YKtf8A0UtAHQUUUUAFFFFABRRRQAUUUUAFFFFABRRRQAUUUUAFFFFABRRRQAUUUUAFFFFABRRRQAUUUUAFFFFABRRRQAUUUUAFFFFABRRRQAUUUUAFFFFABRRRQAUUUUAFFFFABRRRQAUUUUAFFFFABRRRQAUUUUAFFFFABRRRQAUUUUAFFFFABRRRQAUUUUAFFFFABRRRQAUUUUAFFFFABRRRQAUUUUAFFFFABRRRQAUUUUAFFFFABRRRQAUUUUAFFFFABRRRQAUUUUAFFFFABRRRQAUUUUAFFFFABRRRQAUUUUAFfKvxh/5KnrP/AGw/9ER19VV8rfGH/kqes/8AbD/0RHQBwhFMNSGmNQBC1QNVhqgagCFqjNSNUZoAbSUtJQAUUUUAFFFFABX2/wCBP+SeeGv+wVa/+ilr4gr7f8Cf8k88Nf8AYKtf/RS0AdBRRRQAUUUUAFFFFABRRRQAUUUUAFFFFABRRRQAUUUUAFFFFABRRRQAUUUUAFFFFABRRRQAUUUUAFFFFABRRRQAUUUUAFFFFABRRRQAUUUUAFFFFABRRRQAUUUUAFFFFABRRRQAUUUUAFFFFABRRRQAUUUUAFFFFABRRRQAUUUUAFFFFABRRRQAUUUUAFFFFABRRRQAUUUUAFFFFABRRRQAUUUUAFFFFABRRRQAUUUUAFFFFABRRRQAUUUUAFFFFABRRRQAUUUUAFFFFABRRRQAUUUUAFFFFABRRRQAV8r/ABg/5KlrP/bD/wBER19UV8r/ABg/5KlrP/bD/wBER0AcIaY1PPSmNQBE1QNU7VA1AETVGakaozQAykpaSgAooooAKKKKACvt/wACf8k88Nf9gq1/9FLXxBX2/wCBP+SeeGv+wVa/+iloA6CiiigAooooAKKKKACiiigAooooAKKKKACiiigAooooAKKKKACiiigAooooAKKKKACiiigAooooAKKKKACiiigAooooAKKKKACiiigAooooAKKKKACiiigAooooAKKKKACiiigAooooAKKKKACiiigAooooAKKKKACiiigAooooAKKKKACiiigAooooAKKKKACiiigAooooAKKKKACiiigAooooAKKKKACiiigAooooAKKKKACiiigAooooAKKKKACiiigAooooAKKKKACiiigAooooAKKKKACiiigAr5X+MH/JUtZ/7Yf+iI6+qK+V/jB/yVLWf+2H/oiOgDhD0pjU89KY1AETVA1TtUDUARNUZqRqjNADKSlpKACiiigAooooAK+3/An/ACTzw1/2CrX/ANFLXxBX2/4E/wCSeeGv+wVa/wDopaAOgooooAKKKKACiiigAooooAKKKKACiiigAooooAKKKKACiiigAooooAKKKKACiiigAooooAKKKKACiiigAooooAKKKKACiiigAooooAKKKKACiiigAooooAKKKKACiiigAooooAKKKKACiiigAooooAKKKKACiiigAooooAKKKKACiiigAooooAKKKKACiiigAooooAKKKKACiiigAooooAKKKKACiiigAooooAKKKKACiiigAooooAKKKKACiiigAooooAKKKKACiiigAooooAKKKKACiiigAooooAK+V/jB/wAlS1n/ALYf+iI6+qK+V/jB/wAlS1n/ALYf+iI6AOEPSmNTz0pjUARNUDVO1QNQBE1RmpGqM0AMpKWkoAKKKKACiiigAr7f8Cf8k88Nf9gq1/8ARS18QV9v+BP+SeeGv+wVa/8AopaAOgooooAKKKKACiiigAooooAKKKKACiiigAooooAKKKKACiiigAooooAKKKKACiiigAooooAKKKKACiiigAooooAKKKKACiiigAooooAKKKKACiiigAooooAKKKKACiiigAooooAKKKKACiiigAooooAKKKKACiiigAooooAKKKKACiiigAooooAKKKKACiiigAooooAKKKKACiiigAooooAKKKKACiiigAooooAKKKKACiiigAooooAKKKKACiiigAooooAKKKKACiiigAooooAKKKKACiiigAooooAK+V/jB/yVLWf+2H/oiOvqivlf4wf8lS1n/th/6IjoA4Q9KY1PPSmNQBE1QNU7VA1AETVGakaozQAykpaSgAooooAKKKKACvt/wJ/yTzw1/wBgq1/9FLXxBX2/4E/5J54a/wCwVa/+iloA6CiiigAooooAKKKKACiiigAooooAKKKKACiiigAooooAKKKKACiiigAooooAKKKKACiiigAooooAKKKKACiiigAooooAKKKKACiiigAooooAKKKKACiiigAooooAKKKKACiiigAooooAKKKKACiiigAooooAKKKKACiiigAooooAKKKKACiiigAooooAKKKKACiiigAooooAKKKKACiiigAooooAKKKKACiiigAooooAKKKKACiiigAooooAKKKKACiiigAooooAKKKKACiiigAooooAKKKKACiiigAr5X+MH/JUtZ/7Yf8AoiOvqivlf4wf8lS1n/th/wCiI6AOEPSmNTz0pjUARNUDVO1QNQBE1RmpGqM0AMpKWkoAKKKKACiiigAr7f8AAn/JPPDX/YKtf/RS18QV9v8AgT/knnhr/sFWv/opaAOgooooAKKKKACiiigAooooAKKKKACiiigAooooAKKKKACiiigAooooAKKKKACiiigAooooAKKKKACiiigAooooAKKKKACiiigAooooAKKKKACiiigAooooAKKKKACiiigAooooAKKKKACiiigAooooAKKKKACiiigAooooAKKKKACiiigAooooAKKKKACiiigAooooAKKKKACiiigAooooAKKKKACiiigAooooAKKKKACiiigAooooAKKKKACiiigAooooAKKKKACiiigAooooAKKKKACiiigAooooAK+V/jB/yVLWf+2H/oiOvqivlf4wf8lS1n/th/6IjoA4Q9KY1PPSmNQBE1QNU7VA1AETVGakaozQAykpaSgAooooAKKKKACvt/wJ/wAk88Nf9gq1/wDRS18QV9v+BP8Aknnhr/sFWv8A6KWgDoKKKKACiiigAooooAKKKKACiiigAooooAKKKKACiiigAooooAKKKKACiiigAooooAKKKKACiiigAooooAKKKKACiiigAooooAKKKKACiiigAooooAKKKKACiiigAooooAKKKKACiiigAooooAKKKKACiiigAooooAKKKKACiiigAooooAKKKKACiiigAooooAKKKKACiiigAooooAKKKKACiiigAooooAKKKKACiiigAooooAKKKKACiiigAooooAKKKKACiiigAooooAKKKKACiiigAooooAKKKKACvlf4wf8AJUtZ/wC2H/oiOvqivlf4wf8AJUtZ/wC2H/oiOgDhD0pjU89KY1AETVA1TtUDUARNUZqRqjNADKSlpKACiiigAooooAK+3/An/JPPDX/YKtf/AEUtfEFfb/gT/knnhr/sFWv/AKKWgDoKKKKACiiigAooooAKKKKACiiigAooooAKKKKACiiigAooooAKKKKACiiigAooooAKKKKACiiigAooooAKKKKACiiigAooooAKKKKACiiigAooooAKKKKACiiigAooooAKKKKACiiigAooooAKKKKACiiigAooooAKKKKACiiigAooooAKKKKACiiigAooooAKKKKACiiigAooooAKKKKACiiigAooooAKKKKACiiigAooooAKKKKACiiigAooooAKKKKACiiigAooooAKKKKACiiigAooooAKKKKACvlf4wf8lS1n/th/6Ijr6or5X+MH/JUtZ/7Yf+iI6AOEPSmNTz0pjUARNUDVO1QNQBE1RmpGqM0AMpKWkoAKKKKACiiigAr7f8Cf8k88Nf8AYKtf/RS18QV9v+BP+SeeGv8AsFWv/opaAOgooooAKKKKACiiigAooooAKKKKACiiigAooooAKKKKACiiigAooooAKKKKACiiigAooooAKKKKACiiigAooooAKKKKACiiigAooooAKKKKACiiigAooooAKKKKACiiigAooooAKKKKACiiigAooooAKKKKACiiigAooooAKKKKACiiigAooooAKKKKACiiigAooooAKKKKACiiigAooooAKKKKACiiigAooooAKKKKACiiigAooooAKKKKACiiigAooooAKKKKACiiigAooooAKKKKACiiigAooooAK+V/jB/yVLWf+2H/AKIjr6or5X+MH/JUtZ/7Yf8AoiOgDhD0pjU89KY1AETVA1TtUDUARNUZqRqjNADKSlpKACiiigAooooAK+3/AAJ/yTzw1/2CrX/0UtfEFfb/AIE/5J54a/7BVr/6KWgDoKKKKACiiigAooooAKKKKACiiigAooooAKKKKACiiigAooooAKKKKACiiigAooooAKKKKACiiigAooooAKKKKACiiigAooooAKKKKACiiigAooooAKKKKACiiigAooooAKKKKACiiigAooooAKKKKACiiigAooooAKKKKACiiigAooooAKKKKACiiigAooooAKKKKACiiigAooooAKKKKACiiigAooooAKKKKACiiigAooooAKKKKACiiigAooooAKKKKACiiigAooooAKKKKACiiigAooooAKKKKACvlf4wf8lS1n/th/6Ijr6or5X+MH/JUtZ/7Yf+iI6AOEPSmNTz0pjUARNUDVO1QNQBE1RmpGqM0AMpKWkoAKKKKACiiigAr7f8Cf8AJPPDX/YKtf8A0UtfEFfb/gT/AJJ54a/7BVr/AOiloA6CiiigAooooAKKKKACiiigAooooAKKKKACiiigAooooAKKKKACiiigAooooAKKKKACiiigAooooAKKKKACiiigAooooAKKKKACiiigAooooAKKKKACiiigAooooAKKKKACiiigAooooAKKKKACiiigAooooAKKKKACiiigAooooAKKKKACiiigAooooAKKKKACiiigAooooAKKKKACiiigAooooAKKKKACiiigAooooAKKKKACiiigAooooAKKKKACiiigAooooAKKKKACiiigAooooAKKKKACiiigAr5X+MH/ACVLWf8Ath/6Ijr6or5X+MH/ACVLWf8Ath/6IjoA4Q9KY1PPSmNQBE1QNU7VA1AETVGakaozQAykpaSgAooooAKKKKACvt/wJ/yTzw1/2CrX/wBFLXxBX2/4E/5J54a/7BVr/wCiloA6CiiigAooooAKKKKACiiigAooooAKKKKACiiigAooooAKKKKACiiigAooooAKKKKACiiigAooooAKKKKACiiigAooooAKKKKACiiigAooooAKKKKACiiigAooooAKKKKACiiigAooooAKKKKACiiigAooooAKKKKACiiigAooooAKKKKACiiigAooooAKKKKACiiigAooooAKKKKACiiigAooooAKKKKACiiigAooooAKKKKACiiigAooooAKKKKACiiigAooooAKKKKACiiigAooooAKKKKACiiigAr5X+MH/JUtZ/7Yf+iI6+qK+V/jB/yVLWf+2H/oiOgDhD0pjU89KY1AETVA1TtUDUARNUZqRqjNADKSlpKACiiigAooooAK+3/An/JPPDX/AGCrX/0UtfEFfb/gT/knnhr/ALBVr/6KWgDoKKKKACiiigAooooAKKKKACiiigAooooAKKKKACiiigAooooAKKKKACiiigAooooAKKKKACiiigAooooAKKKKACiiigAooooAKKKKACiiigAooooAKKKKACiiigAooooAKKKKACiiigAooooAKKKKACiiigAooooAKKKKACiiigAooooAKKKKACiiigAooooAKKKKACiiigAooooAKKKKACiiigAooooAKKKKACiiigAooooAKKKKACiiigAooooAKKKKACiiigAooooAKKKKACiiigAooooAKKKKACvlf4wf8lS1n/th/wCiI6+qK+V/jB/yVLWf+2H/AKIjoA4Q9KY1PPSmNQBE1QNU7VA1AETVGakaozQAykpaSgAooooAKKKKACvt/wACf8k88Nf9gq1/9FLXxBX2/wCBP+SeeGv+wVa/+iloA6CiiigAooooAKKKKACiiigAooooAKKKKACiiigAooooAKKKKACiiigAooooAKKKKACiiigAooooAKKKKACiiigAooooAKKKKACiiigAooooAKKKKACiiigAooooAKKKKACiiigAooooAKKKKACiiigAooooAKKKKACiiigAooooAKKKKACiiigAooooAKKKKACiiigAooooAKKKKACiiigAooooAKKKKACiiigAooooAKKKKACiiigAooooAKKKKACiiigAooooAKKKKACiiigAooooAKKKKACiiigAr5X+MH/JUtZ/7Yf+iI6+qK+V/jB/yVLWf+2H/oiOgDhD0pjU89KY1AETVA1TtUDUARNUZqRqjNADKSlpKACiiigAooooAK+3/An/ACTzw1/2CrX/ANFLXxBX2/4E/wCSeeGv+wVa/wDopaAOgooooAKKKKACiiigAooooAKKKKACiiigAooooAKKKKACiiigAooooAKKKKACiiigAooooAKKKKACiiigAooooAKKKKACiiigAooooAKKKKACiiigAooooAKKKKACiiigAooooAKKKKACiiigAooooAKKKKACiiigAooooAKKKKACiiigAooooAKKKKACiiigAooooAKKKKACiiigAooooAKKKKACiiigAooooAKKKKACiiigAooooAKKKKACiiigAooooAKKKKACiiigAooooAKKKKACiiigAooooAK+V/jB/wAlS1n/ALYf+iI6+qK+V/jB/wAlS1n/ALYf+iI6AOEPSmNTz0pjUARNUDVO1QNQBE1RmpGqM0AMpKWkoAKKKKACiiigAr7f8Cf8k88Nf9gq1/8ARS18QV9v+BP+SeeGv+wVa/8AopaAOgooooAKKKKACiiigAooooAKKKKACiiigAooooAKKKKACiiigAooooAKKKKACiiigAooooAKKKKACiiigAooooAKKKKACiiigAooooAKKKKACiiigAooooAKKKKACiiigAooooAKKKKACiiigAooooAKKKKACiiigAooooAKKKKACiiigAooooAKKKKACiiigAooooAKKKKACiiigAooooAKKKKACiiigAooooAKKKKACiiigAooooAKKKKACiiigAooooAKKKKACiiigAooooAKKKKACiiigAooooAK+V/jB/yVLWf+2H/oiOvqivlf4wf8lS1n/th/6IjoA4Q9KY1PPSmNQBE1QNU7VA1AETVGakaozQAykpaSgAooooAKKKKACvt/wJ/yTzw1/wBgq1/9FLXxBX2/4E/5J54a/wCwVa/+iloA6CiiigAooooAKKKKACiiigAooooAKKKKACiiigAooooAKKKKACiiigAooooAKKKKACiiigAooooAKKKKACiiigAooooAKKKKACiiigAooooAKKKKACiiigAooooAKKKKACiiigAooooAKKKKACiiigAooooAKKKKACiiigAooooAKKKKACiiigAooooAKKKKACiiigAooooAKKKKACiiigAooooAKKKKACiiigAooooAKKKKACiiigAooooAKKKKACiiigAooooAKKKKACiiigAooooAKKKKACiiigAr5X+MH/JUtZ/7Yf8AoiOvqivlf4wf8lS1n/th/wCiI6AOEPSmNTz0pjUARNUDVO1QNQBE1RmpGqM0AMpKWkoAKKKKACiiigAr7f8AAn/JPPDX/YKtf/RS18QV9v8AgT/knnhr/sFWv/opaAOgooooAKKKKACiiigAooooAKKKKACiiigAooooAKKKKACiiigAooooAKKKKACiiigAooooAKKKKACiiigAooooAKKKKACiiigAooooAKKKKACiiigAooooAKKKKACiiigAooooAKKKKACiiigAooooAKKKKACiiigAooooAKKKKACiiigAooooAKKKKACiiigAooooAKKKKACiiigAooooAKKKKACiiigAooooAKKKKACiiigAooooAKKKKACiiigAooooAKKKKACiiigAooooAKKKKACiiigAooooAK+V/jB/yVLWf+2H/oiOvqivlf4wf8lS1n/th/6IjoA4Q9KY1PPSmNQBE1QNU7VA1AETVGakaozQAykpaSgAooooAKKKKACvt/wJ/wAk88Nf9gq1/wDRS18QV9v+BP8Aknnhr/sFWv8A6KWgDoKKKKACiiigAooooAKKKKACiiigAooooAKKKKACiiigAooooAKKKKACiiigAooooAKKKKACiiigAooooAKKKKACiiigAooooAKKKKACiiigAooooAKKKKACiiigAooooAKKKKACiiigAooooAKKKKACiiigAooooAKKKKACiiigAooooAKKKKACiiigAooooAKKKKACiiigAooooAKKKKACiiigAooooAKKKKACiiigAooooAKKKKACiiigAooooAKKKKACiiigAooooAKKKKACiiigAooooAKKKKACvlf4wf8AJUtZ/wC2H/oiOvqivlf4wf8AJUtZ/wC2H/oiOgDhD0pjU89KY1AETVA1TtUDUARNUZqRqjNADKSlpKACiiigAooooAK+3/An/JPPDX/YKtf/AEUtfEFfb/gT/knnhr/sFWv/AKKWgDoKKKKACiiigAooooAKKKKACiiigAooooAKKKKACiiigAooooAKKKKACiiigAooooAKKKKACiiigAooooAKKKKACiiigAooooAKKKKACiiigAooooAKKKKACiiigAooooAKKKKACiiigAooooAKKKKACiiigAooooAKKKKACiiigAooooAKKKKACiiigAooooAKKKKACiiigAooooAKKKKACiiigAooooAKKKKACiiigAooooAKKKKACiiigAooooAKKKKACiiigAooooAKKKKACiiigAooooAKKKKACvlf4wf8lS1n/th/6Ijr6or5X+MH/JUtZ/7Yf+iI6AOEPSmNTz0pjUARNUDVO1QNQBE1RmpGqM0AMpKWkoAKKKKACiiigAr7f8Cf8k88Nf8AYKtf/RS18QV9v+BP+SeeGv8AsFWv/opaAOgooooAKKKKACiiigAooooAKKKKACiiigAooooAKKKKACiiigAooooAKKKKACiiigAooooAKKKKACiiigAooooAKKKKACiiigAooooAKKKKACiiigAooooAKKKKACiiigAooooAKKKKACiiigAooooAKKKKACiiigAooooAKKKKACiiigAooooAKKKKACiiigAooooAKKKKACiiigAooooAKKKKACiiigAooooAKKKKACiiigAooooAKKKKACiiigAooooAKKKKACiiigAooooAKKKKACiiigAooooAK+V/jB/yVLWf+2H/AKIjr6or5X+MH/JUtZ/7Yf8AoiOgDhD0pjU89KY1AETVA1TtUDUARNUZqRqjNADKSlpKACiiigAooooAK+3/AAJ/yTzw1/2CrX/0UtfEFfb/AIE/5J54a/7BVr/6KWgDoKKKKACiiigAooooAKKKKACiiigAooooAKKKKACiiigAooooAKKKKACiiigAooooAKKKKACiiigAooooAKKKKACiiigAooooAKKKKACiiigAooooAKKKKACiiigAooooAKKKKACiiigAooooAKKKKACiiigAooooAKKKKACiiigAooooAKKKKACiiigAooooAKKKKACiiigAooooAKKKKACiiigAooooAKKKKACiiigAooooAKKKKACiiigAooooAKKKKACiiigAooooAKKKKACiiigAooooAKKKKACvlf4wf8lS1n/th/6Ijr6or5X+MH/JUtZ/7Yf+iI6AOEPSmNTz0pjUARNUDVO1QNQBE1RmpGqM0AMpKWkoAKKKKACiiigAr7f8Cf8AJPPDX/YKtf8A0UtfEFfb/gT/AJJ54a/7BVr/AOiloA6CiiigAooooAKKKKACiiigAooooAKKKKACiiigAooooAKKKKACiiigAooooAKKKKACiiigAooooAKKKKACiiigAooooAKKKKACiiigAooooAKKKKACiiigAooooAKKKKACiiigAooooAKKKKACiiigAooooAKKKKACiiigAooooAKKKKACiiigAooooAKKKKACiiigAooooAKKKKACiiigAooooAKKKKACiiigAooooAKKKKACiiigAooooAKKKKACiiigAooooAKKKKACiiigAooooAKKKKACiiigAr5X+MH/ACVLWf8Ath/6Ijr6or5X+MH/ACVLWf8Ath/6IjoA4Q9KY1PPSmNQBE1QNU7VA1AETVGakaozQAykpaSgAooooAKKKKACvt/wJ/yTzw1/2CrX/wBFLXxBX2/4E/5J54a/7BVr/wCiloA6CiiigAooooAKKKKACiiigAooooAKKKKACiiigAooooAKKKKACiiigAooooAKKKKACiiigAooooAKKKKACiiigAooooAKKKKACiiigAooooAKKKKACiiigAooooAKKKKACiiigAooooAKKKKACiiigAooooAKKKKACiiigAooooAKKKKACiiigAooooAKKKKACiiigAooooAKKKKACiiigAooooAKKKKACiiigAooooAKKKKACiiigAooooAKKKKACiiigAooooAKKKKACiiigAooooAKKKKACiiigAr5X+MH/JUtZ/7Yf+iI6+qK+V/jB/yVLWf+2H/oiOgDhD0pjU89KY1AETVA1TtUDUARNUZqRqjNADKSlpKACiiigAooooAK+3/An/JPPDX/AGCrX/0UtfEFfb/gT/knnhr/ALBVr/6KWgDoKKKKACiiigAooooAKKKKACiiigAooooAKKKKACiiigAooooAKKKKACiiigAooooAKKKKACiiigAooooAKKKKACiiigAooooAKKKKACiiigAooooAKKKKACiiigAooooAKKKKACiiigAooooAKKKKACiiigAooooAKKKKACiiigAooooAKKKKACiiigAooooAKKKKACiiigAooooAKKKKACiiigAooooAKKKKACiiigAooooAKKKKACiiigAooooAKKKKACiiigAooooAKKKKACiiigAooooAKKKKACvlf4wf8lS1n/th/wCiI6+qK+V/jB/yVLWf+2H/AKIjoA4Q9KY1PPSmNQBE1QNU7VA1AETVGakaozQAykpaSgAooooAKKKKACvt/wACf8k88Nf9gq1/9FLXxBX2/wCBP+SeeGv+wVa/+iloA6CiiigAooooAKKKKACiiigAooooAKKKKACiiigAooooAKKKKACiiigAooooAKKKKACiiigAooooAKKKKACiiigAooooAKKKKACiiigAooooAKKKKACiiigAooooAKKKKACiiigAooooAKKKKACiiigAooooAKKKKACiiigAooooAKKKKACiiigAooooAKKKKACiiigAooooAKKKKACiiigAooooAKKKKACiiigAooooAKKKKACiiigAooooAKKKKACiiigAooooAKKKKACiiigAooooAKKKKACiiigAr5X+MH/JUtZ/7Yf+iI6+qK+V/jB/yVLWf+2H/oiOgDhD0pjU89KY1AETVA1TtUDUARNUZqRqjNADKSlpKACiiigAooooAK+3/An/ACTzw1/2CrX/ANFLXxBX2/4E/wCSeeGv+wVa/wDopaAOgooooAKKKKACiiigAooooAKKKKACiiigAooooAKKKKACiiigAooooAKKKKACiiigAooooAKKKKACiiigAooooAKKKKACiiigAooooAKKKKACiiigAooooAKKKKACiiigAooooAKKKKACiiigAooooAKKKKACiiigAooooAKKKKACiiigAooooAKKKKACiiigAooooAKKKKACiiigAooooAKKKKACiiigAooooAKKKKACiiigAooooAKKKKACiiigAooooAKKKKACiiigAooooAKKKKACiiigAooooAK+V/jB/wAlS1n/ALYf+iI6+qK+VvjD/wAlT1n/ALYf+iI6AOFNManmo2oAjaoG61M1QtQBC1RmpGqM0ANpKWkoAKKKKACiiigAr7f8Cf8AJPPDX/YKtf8A0UtfEFfb/gT/AJJ54a/7BVr/AOiloA6CiiigAooooAKKKKACiiigAooooAKKKKACiiigAooooAKKKKACiiigAooooAKKKKACiiigAooooAKKKKACiiigAooooAKKKKACiiigAooooAKKKKACiiigAooooAKKKKACiiigAooooAKKKKACiiigAooooAKKKKACiiigAooooAKKKKACiiigAooooAKKKKACiiigAooooAKKKKACiiigAooooAKKKKACiiigAooooAKKKKACiiigAooooAKKKKACiiigAooooAKKKKACiiigAooooAKKKKACiiigAr5V+MJ/4unrP/bD/wBER19VV8p/GI/8XU1r/th/6IjoA4YmmE0pNMJoAYxqFqlY1CxoAjaozT2phoAbSUtJQAUUUUAFFFFABX2/4E/5J54a/wCwVa/+ilr4gr6n8J/F/wACaZ4N0OwvNd8u6tdPt4Zk+yTna6xqGGQmDgg9KAPWKK4D/hdnw8/6GH/ySuP/AI3R/wALs+Hn/Qwf+SVx/wDG6AO/orgf+F1/D3/oYP8AyTuP/jdH/C6fh9/0MH/kncf/ABFAHfUVwX/C6Ph//wBB/wD8k5//AIij/hdHw/8A+g//AOSc/wD8RQB3tFcH/wALn+H/AP0H/wDyTn/+Io/4XP8AD/8A6D//AJJz/wDxFAHeUVwf/C5/h/8A9B//AMk5/wD4ij/hc/w//wCg/wD+Sc//AMRQB3lFcH/wuf4f/wDQf/8AJOf/AOIo/wCFz/D/AP6D/wD5Jz//ABFAHeUVwf8Awuf4f/8AQf8A/JOf/wCIo/4XP8P/APoP/wDknP8A/EUAd5RXB/8AC5/h/wD9B/8A8k5//iKP+Fz/AA//AOg//wCSc/8A8RQB3lFcH/wuf4f/APQf/wDJOf8A+Io/4XP8P/8AoP8A/knP/wDEUAd5RXB/8Ln+H/8A0H//ACTn/wDiKP8Ahc/w/wD+g/8A+Sc//wARQB3lFcH/AMLn+H//AEH/APyTn/8AiKP+Fz/D/wD6D/8A5Jz/APxFAHeUVwf/AAuf4f8A/Qf/APJOf/4ij/hc/wAP/wDoP/8AknP/APEUAd5RXB/8Ln+H/wD0H/8AyTn/APiKP+Fz/D//AKD/AP5Jz/8AxFAHeUVwf/C5/h//ANB//wAk5/8A4ij/AIXP8P8A/oP/APknP/8AEUAd5RXB/wDC5/h//wBB/wD8k5//AIij/hc/w/8A+g//AOSc/wD8RQB3lFcH/wALn+H/AP0H/wDyTn/+Io/4XP8AD/8A6D//AJJz/wDxFAHeUVwf/C5/h/8A9B//AMk5/wD4ij/hc/w//wCg/wD+Sc//AMRQB3lFcH/wuf4f/wDQf/8AJOf/AOIo/wCFz/D/AP6D/wD5Jz//ABFAHeUVwf8Awuf4f/8AQf8A/JOf/wCIo/4XP8P/APoP/wDknP8A/EUAd5RXB/8AC5/h/wD9B/8A8k5//iKP+Fz/AA//AOg//wCSc/8A8RQB3lFcH/wuf4f/APQf/wDJOf8A+Io/4XP8P/8AoP8A/knP/wDEUAd5RXB/8Ln+H/8A0H//ACTn/wDiKP8Ahc/w/wD+g/8A+Sc//wARQB3lFcH/AMLn+H//AEH/APyTn/8AiKP+Fz/D/wD6D/8A5Jz/APxFAHeUVwf/AAuf4f8A/Qf/APJOf/4ij/hc/wAP/wDoP/8AknP/APEUAd5RXB/8Ln+H/wD0H/8AyTn/APiKP+Fz/D//AKD/AP5Jz/8AxFAHeUVwf/C5/h//ANB//wAk5/8A4ij/AIXP8P8A/oP/APknP/8AEUAd5RXB/wDC5/h//wBB/wD8k5//AIij/hc/w/8A+g//AOSc/wD8RQB3lFcH/wALn+H/AP0H/wDyTn/+Io/4XP8AD/8A6D//AJJz/wDxFAHeUVwf/C5/h/8A9B//AMk5/wD4ij/hc/w//wCg/wD+Sc//AMRQB3lFcH/wuf4f/wDQf/8AJOf/AOIo/wCFz/D/AP6D/wD5Jz//ABFAHeUVwf8Awuf4f/8AQf8A/JOf/wCIo/4XP8P/APoP/wDknP8A/EUAd5RXB/8AC5/h/wD9B/8A8k5//iKP+Fz/AA//AOg//wCSc/8A8RQB3lFcH/wuf4f/APQf/wDJOf8A+Io/4XP8P/8AoP8A/knP/wDEUAd5RXB/8Ln+H/8A0H//ACTn/wDiKP8Ahc/w/wD+g/8A+Sc//wARQB3lFcH/AMLn+H//AEH/APyTn/8AiKP+Fz/D/wD6D/8A5Jz/APxFAHeUVwf/AAuf4f8A/Qf/APJOf/4ij/hc/wAP/wDoP/8AknP/APEUAd5RXB/8Ln+H/wD0H/8AyTn/APiKP+Fz/D//AKD/AP5Jz/8AxFAHeUVwf/C5/h//ANB//wAk5/8A4ij/AIXP8P8A/oP/APknP/8AEUAd5RXB/wDC5/h//wBB/wD8k5//AIij/hc/w/8A+g//AOSc/wD8RQB3lFcH/wALn+H/AP0H/wDyTn/+Io/4XP8AD/8A6D//AJJz/wDxFAHeUVwf/C5/h/8A9B//AMk5/wD4ij/hc/w//wCg/wD+Sc//AMRQB3lFcH/wuf4f/wDQf/8AJOf/AOIo/wCFz/D/AP6D/wD5Jz//ABFAHeUVwf8Awuf4f/8AQf8A/JOf/wCIo/4XP8P/APoP/wDknP8A/EUAd5RXB/8AC5/h/wD9B/8A8k5//iKP+Fz/AA//AOg//wCSc/8A8RQB3lFcH/wuf4f/APQf/wDJOf8A+Io/4XP8P/8AoP8A/knP/wDEUAd5RXB/8Ln+H/8A0H//ACTn/wDiKP8Ahc/w/wD+g/8A+Sc//wARQB3lFcH/AMLn+H//AEH/APyTn/8AiKP+Fz/D/wD6D/8A5Jz/APxFAHeUVwf/AAuf4f8A/Qf/APJOf/4ij/hc/wAP/wDoP/8AknP/APEUAd5RXB/8Ln+H/wD0H/8AyTn/APiKP+Fz/D//AKD/AP5Jz/8AxFAHeUVwf/C5/h//ANB//wAk5/8A4ij/AIXP8P8A/oP/APknP/8AEUAd5RXB/wDC5/h//wBB/wD8k5//AIij/hc/w/8A+g//AOSc/wD8RQB3lFcH/wALn+H/AP0H/wDyTn/+Io/4XP8AD/8A6D//AJJz/wDxFAHeUVwf/C5/h/8A9B//AMk5/wD4ij/hc/w//wCg/wD+Sc//AMRQB3lFcH/wuf4f/wDQf/8AJOf/AOIo/wCFz/D/AP6D/wD5Jz//ABFAHeUVwf8Awuf4f/8AQf8A/JOf/wCIo/4XP8P/APoP/wDknP8A/EUAd5Xyh8ZD/wAXW1r/ALYf+iI69z/4XP8AD/8A6D//AJJz/wDxFfPPxM1zT/EHxC1TVNLuPtFlP5Xly7GTdtiRTwwB6gjpQBy5amFqYWppagBWNRMacWqMmgBpNMNOJphoADSUUUAFFFFABRRRQAUUUUALSg02loAeDTgajBpQaAJQ1LuqLNLmgCXdS7qizRuoAl3Ubqi3UbqAJd1G6ot1G6gCXdRuqLdRuoAl3Ubqi3UbqAJd1G6ot1G6gCXdRuqLdRuoAl3Ubqi3UbqAJd1G6ot1G6gCXdRuqLdRuoAl3Ubqi3UbqAJd1G6ot1G6gCXdRuqLdRuoAl3Ubqi3UbqAJd1G6ot1G6gCXdRuqLdRuoAl3Ubqi3UbqAJd1G6ot1G6gCXdRuqLdRuoAl3Ubqi3UbqAJd1G6ot1G6gCXdRuqLdRuoAl3Ubqi3UbqAJd1G6ot1G6gCXdRuqLdRuoAl3Ubqi3UbqAJd1G6ot1G6gCXdRuqLdRuoAl3Ubqi3UbqAJd1G6ot1G6gCXdRuqLdRuoAl3Ubqi3UbqAJd1G6ot1G6gCXdRuqLdRuoAl3Ubqi3UbqAJd1G6ot1G6gCXdRuqLdRuoAl3Ubqi3UbqAJd1G6ot1G6gCXdRuqLdRuoAl3Ubqi3UbqAJd1G6ot1G6gCXdRuqLdRuoAl3Ubqi3UbqAJd1G6ot1G6gCXdRuqLdRuoAl3Ubqi3UbqAJd1G6ot1G6gCXdRuqLdRuoAl3Ubqi3UbqAJd1G6ot1G6gCXdRuqLdRuoAl3Um6o91GaAJN1NLUzNJmgBxNNJpCaQmgAJpKKSgAooooAKKKKACiiigAooooAKKKKAFzRSUUAOzRmm5ozQA7NGabmlzQAuaM0maM0ALmjNJmjNAC5ozSZozQAuaM0maM0ALmjNJmjNAC5ozSZozQAuaM0maM0ALmjNJmjNAC5ozSZozQAuaM0maM0ALmjNJmjNAC5ozSZozQAuaM0maM0ALmjNJmjNAC5ozSZozQAuaM0maM0ALmjNJmjNAC5ozSZozQAuaM0maM0ALmjNJmjNAC5ozSZozQAuaM0maM0ALmjNJmjNAC5ozSZozQAuaM0maM0ALmjNJmjNAC5ozSZozQAuaM0maM0ALmjNJmjNAC5ozSZozQAuaM0maM0ALmjNJmjNAC5ozSZozQAuaM0maM0ALmjNJmjNAC5ozSZozQAuaM0maM0ALmjNJmjNAC5ozSZozQAuaM0maM0ALmjNJmjNAC5ozSZozQAuaM0maM0ALmjNJmjNAC5ozSZozQAuaM0maM0ALmjNJmjNAC5ozSZozQAuaM0maM0ALmjNJmjNAC5ozSZozQAuaM0maTNADs0ZpuaM0ALRmkooAKKKKACiiigAooooAKKKKACiiigAooooAKKKKACiiigAooooAKKKKACiiigAooooAKKKKACiiigAooooAKKKKACiiigAooooAKKKKACiiigAooooAKKKKACiiigAooooAKKKKACiiigAooooAKKKKACiiigAooooAKKKKACiiigAooooAKKKKACiiigAooooAKKKKACiiigAooooAKKKKACiiigAooooAKKKKACiiigAooooAKKKKACiiigAooooAKKKKACiiigAooooAKKKKACiiigAooooAKKKKACiiigAooooAKKKKACiiigAooooAKKKKACiiigAooooAKKKKACiiigAooooAKKKKACiiigAooooAKKKKACiiigAooooAKKKKACiiigAooooAKKKKACiiigAooooAKKKKACiiigAooooAKKKKACiiigAooooAKKKKACiiigAooooAKKKKACiiigAooooAKKKKACiiigAooooAKKKKACiiigAooooAKKKKACiiigAooooAKKKKACiiigAooooAKKKKACiiigAooooAKKKKACiiigAooooAKKKKACiiigAooooAKKKKACiiigAooooAKKKKACiiigAooooAKKKKACiiigAooooAKKKKACiiigAooooAKKKKACiiigAooooAKKKKACiiigAooooA//9kNCmVuZHN0cmVhbQ1lbmRvYmoNMTEzIDAgb2JqDTw8L0NvbnRlbnRzIDExNCAwIFIgL01lZGlhQm94IFswIDAgOTYwIDU0MF0gL1BhcmVudCAyIDAgUiAvUmVzb3VyY2VzIDw8L0V4dEdTdGF0ZSA8PC9HUzggOCAwIFI+PiAvRm9udCA8PC9GVDEwIDEwIDAgUiAvRlQxMjEgMTIxIDAgUiAvRlQxNSAxNSAwIFIgL0ZUMzIgMzIgMCBSIC9GVDQ0IDQ0IDAgUj4+IC9YT2JqZWN0IDw8L0lNMTE1IDExNSAwIFIgL0lNMTE3IDExNyAwIFIgL0lNMTE5IDExOSAwIFIgL0lNOSA5IDAgUj4+Pj4gL1R5cGUgL1BhZ2U+Pg1lbmRvYmoNMTE0IDAgb2JqDTw8L0ZpbHRlciAvRmxhdGVEZWNvZGUgL0xlbmd0aCAxMTk2Pj4NCnN0cmVhbQ0KeJytWNuOGzcMfS8w/6DnANVKFHUDigAzvgQtkIe2BvoBQRMg8KZw+tDfL3Ubazj22usNjHWGHOrwUKJIOqdBC0Wfn9M/FpX49DychqSJrii+/z389U58I7v0+f6FXj99+DOIL/9ys8/vht8HJZUV/w0gPtLfb/T3NZsp8ceHed0pr8purYnSQvJND94l90+/foxi+48gLAIqbmnxaZgOw9P+oJUA0OLwubjKKPlJg9TaCwtOajDi8Dz84vYbfH/4KrQ2ZCQO26QZSfPT7kBc74e0UqtwD2QJK++SccJqlEE8k7Y8HdOT0RKQHtP7/rla5F3MzOYdv0HR1pjhfoL9ftJyGy8gW5RA304aixlZuWmfkK1TFVnZEZYa44Pimt3u7J1o0qGeBFC04LG48ygdbTMEJ11EoRGlj6bmgiaCczZ0pA15WJM26GVQmKKXGFzhHaNNnMyZ9zTulxpjlWI2Mfo1bwNROgXFI6ggI5BPGbQWqKwMdJqNtl/TRhRGX9xr+vZagPMSdd1tFfwqUw1cAfCUBhwAy+EYOB8XeqZxPjLNGJBpTLZZErkaCZ1hjiQ6CQ9FQhethNIj+MiJow5ME/Z7pvH5JryOuKG7rt5EfIHgIt9f3GyXGjPBjp9Kd2XuzR1jDaXhG3JnCWBcLiLRNU4Kpvsho5aaQz6SRiYAlYY3nUaPME78RqBanc+Wp5Hbbvkd8VwTNzwd/a4vH4BeKInGth6qNRUSqlPBUH/IQqp8gWxCKupaemqL2geJ4ElGaapIBWaAVJVn+UhykMHZ2R6cosIEM16SQ8jOaHERAEwqXsehGQM1EYQoGhgAgQUCK86KSOsrmSofh0a22bdgGl6NtPr71Edeu92yxy/anqWyerHtUdYnrjolv2mnyzL0PiS/RsJ9bgaozsVlF5ca2AJ252tTT+i+ywTgjbSOLpFOo83zYILJx1Bk6voRJY0VoHXa0GN7D0YnoSyuQn0zWy6Qj230cpbGuO67sAjUErFjEYNUeF6LdFOobZ2xy/vmOC+uQn1z5tsjzyxyqzzPGbxnUvbRaIJIWUeL6VBosZ+7ZmRdcx6oXqoWSCkK9DalqnXXykUPdbVuIF0hz6ECWN5Jp5FXicnwKrGqNqsSyKKDcClDMUKJjkrZ9emARXcZKg2ZnkPFXa54EM6xOGSaWic7jR0D12xHpol7uLjqtbQdTblr2iM+AkVVaQVlnGc8x6D5nuSR8Yo7qoHX/Lmw9qc27hHqCYJDhdVRWc2DMe6FTb+Zdkb5F3rwq9JuATU5ni7jKqVqW+00pa0uDkavdsA9RDKGNUlbprVFHqjV9nJK94Q2bTectuI2tw7u5WpojKXS+kOq4QKq3o1+ZtrxKcpu+a+IsL9cDZe/PW4jx4nbxOmFm3l7lxz+qJ6xgIr1B2U/1fPJEnEVr5lu7hLVAL7bq3nUAfdecvLqPJr+jyO0eTQL1JTb/GjB0+yG83xpjZK2m0edg04+kkw/gUyY7R39LFXRznhZbvNoFeZ5tBm3+bGBtfmyOpvn0Upmnkcb2Wbfgml4NdJ5Hu0if3wetZRN6AwbSK1lYyRu9kzjveaanZ0PKn3+BwstEi4NCmVuZHN0cmVhbQ1lbmRvYmoNMTI5IDAgb2JqDTw8L0JpdHNQZXJDb21wb25lbnQgOCAvQ29sb3JTcGFjZSAvRGV2aWNlR3JheSAvRmlsdGVyIC9GbGF0ZURlY29kZSAvSGVpZ2h0IDIyNyAvTGVuZ3RoIDM2MTQgL01hdHRlIFswIDAgMF0gL1N1YnR5cGUgL0ltYWdlIC9UeXBlIC9YT2JqZWN0IC9XaWR0aCAyMjY2Pj4NCnN0cmVhbQ0KeJzt3dl2E0mUQFFGD0xmhjJgKAoKCqiC/v+P61bGlBGplIwtpZ1S7/0OS/B01r03pBs3AAAAAAAAAAAAAAAAAAAAAAAAAAAAAAAAAAAAAAAAAAAAAAAAAAAAAAAAAID/j24CAFzCdTdM47r/MwCAfSFqAIA9o2oAgP0yz665BQAwML+2kTEAwBZda9tIGgBgCtfRNqoGAJjO1bbNeVVzGwDgAs6rm+vpmuv+XwEAdts1tM1416z5jHcAAAZ+L28mT5uxrhEyAMCmVtTNtG2z3DWaBgDYmpG4mTBtlsJmPGruAgBcwHjeTJ02K7pG0gAA27AUN8O2mTJs2qypP9YBAMAFjOVN3TZTpM1Y2AyqZvmDHgIAjFoTOFXbTJU2Y5uoqmvEDABwecO8GabNrS2nzaqBTZ019ec7AgD4DSN9M9o2W02bFWHTZ83qojkGABhYXTh93EyXNsth03TNIGqu+/8KANgtg7xZapstp83KsClZM0yaewAAv2UYOCVuJkubNWFTsmYpae4DAJxjKXBK3KxJmwnCph/YlKxZLpoHAAArLRdOiZtmbLPdtGl2UU3YxK4pVTPWMw8BAEaMNU6pm9I2g7TZwj5qXdhUXVM1Tfu5HwEADIxWTo6b0jZTpM15YVNnzVjMnAAADIxlThs369NmmrAJ85qUNVXTNJ/8MQDAwEjm5LqJcRPGNhOkTVU2ddgcxrAJXZOypm+a6nM/AQAYsZQ5uW5i3MSxTTi2adNms7I5P2xi16SqGebMUwCAUcPISXWT22aatGl3UW3YlK6JWdM3Tf7EzwAAVmobJ9VNiJvcNsO0qfZRWxjZxC/oy7fDMWy6rolZU5omftjnAADnqBIn1U2Im65tUtocxbS506fNBkObkV1UnNikTVTpmlQ1fdK8qL0EAEiaSOgDJ9VN3zZpI3VY0qbdR20UNrf6sDnIYZMHNl3XxKopSVM++ysAgBFt6KS8CXHTtU0a26S0OejTZqN91HAXdTfvolLY9F0TsqY0TfzErwEA1qgaJ+ZNiJvSNjFt8j7q7nAfdeGw+V8AgAn98UcpnFg3XdykthlLm82GNtf9rwUA9tvp6ekfnZQ3XdyUtglpc//+vePj6op4o6HNdf9rAYD99qZzGvsmxE1pmzZtyqlNc0SsbACAOXn3diHVTYib1DY5bboXUtU+ajC0UTYAwJycveuUuilt8/x5Tpvu1KbeR21QNjev+18LAOy39+/PFkrdpLbJadPvo7YytFE2AMCkPnz48D7XTW6bMLaJC6nB0ObuZkMbZQMATOrPP/+McfM+TG7y2CZMbULZnDRHxNUNsbIBAObm48ePJW7i3GbRNk3aVEObZh118bK5qWwAgEn99dfHKm5C2+S0qYc2zfOoy66jlA0AMK1Pn/7KcdO1TUmb133alKFNdUOsbACAGfr86VOOm65t3r8vaVOVTRnabLaOUjYAwLT+/vz5c26bbieV0ua0TZvRsrmlbACAefl7IcRNapuSNoOyGb6OUjYAwPx8+fKlb5uSNm9L2vTrKGUDAMzd1y+5beLYpkubs7ORoU29jrpc2dxUNgDAtL4uhLaJY5uPH7sz4rKPatdR6WuIL3tCrGwAgIn9888/fduktAn7qDS0UTYAwO741qZN3kd1lzb1oU39jTbKBgCYqW/fStuUtAn7qDC0aQ5tlk6IlQ0AMC/fv4W2yWmT91Fny4c23QmxsgEA5uz79+95bBPTph/ahEObdY+jlA0AMC8/voe2yWnT7aPypc2b05ETYmUDAMzXjx8/StpUQ5u0jhqcENe/r3DxL7RRNgDAxP7t06Ya2nz4cHbWnxC3j6OUDQAwV/+2aROGNvmGuJwQn5xUv69wN66jlA0AMDv/NmnTDW0+ffprWDbNs29lAwDM1X85bfLQJq2jygnxec++lQ0AMBv/tWlT1lHKBgDYPf+ltOn2UXkdlV5HpcdR53yhjbIBAGbjZ0ibPLRp11HKBgDYLT/7oU29jqrK5vn6r+pTNgDAbPys06aso0rZhC+0UTYAwG74+TPvo+I6qi6bt8oGANgpP6uhTT606b7RJj77rr+EWNkAAHP3K6RNvY5KZfNB2QAAu+ZXs46qT4hj2bzKZfPwgbIBAGauK5ufzaFNeRylbACAHfPr17BsviyXzZPHygYA2AG/urTJ6yhlAwDstDVlcxZ+OErZAAA7Y6lsviobAGBX/WoPbZQNALDDlA0AsD+UDQCwP5QNALA/rq5sbiobAGBi/1M9jup/OKoqm5ehbMIPR907Pj46PAxlcyeUzYXSRtkAAFNTNgDA/lA2AMD+UDYAwP5QNgDA/lA2AMD+UDYAwP5QNgDA/lA2AMD+UDYAwP5QNgDA/lA2AMD+UDYAwP5QNgDA/lA2AMD+UDYAwP5QNgDA/lA2AMD+UDYAwP5QNgDA/lA2AMD+UDYAwP5QNgDA/ri6srmhbACAiYWw+RnCJpTN12HZvAhl8+hhKJujo8ODUDa3Q9lcKGyUDQAwNWUDAOwPZQMA7A9lAwDsD2UDAOyP6mnUj+/flA0AsMuWyuaLsgEAdtWasnn39s0fygYA2CHtmY2yAQB2WRc2bdn8vVw23VcQKxsAYPbiyKY8jarK5kzZAAA7Ji+jqrL5/GlRNh9S2bzMZfPgvrIBAGYuj2yaR99d2bxXNgDArmmWUe2j73dvT2PZPFE2AMBOqEY2cRlVlc0bZQMA7JQ6bJoD4lg2rxZl81TZAAC7Ie+i0jKqO7MZlM2zXDb3lA0AMG/9yKZaRpUfV1A2AMAuSWEzWEZ9/DM8jTp9/erl86ZsDpUNADBfbdg0yyhlAwDsmBw2aWSTvs2mPPpOPxsVy+Y4lM3dWDa3lA0AMDdN2PTLqLZsTk4eKhsAYP7asCnLqA9n4YC4+griqmzuKBsAYJb6sAm7qP5l1Lu37dfZND+IqWwAgDnquiaFTT+yqQ6I+0ff41/Up2wAgPkIXVPCJo9sypnN4GmUsgEA5qzrmnBjk8Kmvx9+M3waNfroW9kAAPORBzYxbOqRTTkgbh99KxsAYLZK1/RhE0c2b990y6jmgDiVzR1lAwDMUxs2aRdVllFLB8Tl0beyAQDm52vfNTlsupHN8pnN5mVzQ9kAANPqsmbRNXFgk3dR/chm3dOoC36djbIBAKaWuyaEzccQNvHK5rQ+sxk9IFY2AMDM/N13TR82IyMbZQMAzF/Mmtw1fdisW0YpGwBgnrqsiV3TDWxy2AxGNuNlc9EDYmUDAEwsZ03omnA8nMKmGdm0ZzbV72EqGwBgRnLWhK7pw6Ya2VTLqOUzmwuVzQ1lAwBMqsqa2DUlbJZGNpsuo5QNADCxkjWha8LApg2b0ZdRygYAmKM8rYnzmhg2r1+/Cruo4cim+wLiTZZRygYAmFaumr5rwvHwImzSLqr+ZYWlN98XLJsb1/2vBQD2W4iaWDWla0rYDEc2m90PKxsAYGJd1KSqWWRN7pq4imq/y2YLIxtlAwBM6k2qmpg1uWtK2DTnw/X9sLIBAOYnNk2omkXW9F0zCJvxkY2yAQBmJTZNFzWLqllkTd81MWyaXVR/ZXPJsrkR/1j3Fyz+okUnLf7Og4PDw6Oj43v37j948PDRo5OTx4+fPHn69NmzZ8+fLz7Pi5edV8FrAIA1YjGEeHiRsiZ3zWjYbDayqcumpM1BSJvjlDZV28S4iXkT+6ZvHACAVomFFzFqUtb0XZPCpjqy2XRkMxja5LQ5zGlzP6VNaJsubrq6CXmTAid7CQCQNJEQu+FZrJpF1oSuiWFzP4dNdWSz0cgml021j7qT91FHMW36tuniJtRNyJscOAAAq8VqeJqqZpE1pWti2BxV18PtLupSZTO2j0pTm5w2oW1S3IS6SX1TEgcAYEwuhtgPj3PWhK7JYXO4dGSzwchmOLQZpE3fNiluQt3kvqkbBwCg1fdC7IeTnDWla5bCZuORze+kTWqbLm5C3eS+GUQOAECvyoXYD49i1sSumSps6rJp0iY+/k5tk+Mm1E3um5OlzAEACJpYiP3wsM+a0DXpufcgbDYtm/VpE8Y2JW5i3eS+eTSSOQAAJzlmHlVNE6omZU0c2EwSNrlsVqdNGzd934xlDgDAoxIzVdM0WXNe2GxQNmvTpm6bEDd934xVDgBA1ARDioh7TddMEzbtPqpNm9Q2IW5i3ZS+WWocAIBGFQ0pI45T1qSuGYbN5ruolWnTj21C28S4KXnTFg4AwKi+HFJKHKWu6Qc2Ww+bdh81SJvQNjFuct00gQMAsE7fD0cla6qBzXLYbFw2q9MmtE2Mm1Q3TeAAAJyvRMRhyZqua6YKm7G0adsmxU2VNzoHAFhpuRhySxwsdc32w2Zl2oS2SXFT6ma8cAAAltX9cNBnTeiaycJmmDbDtslxM+gbAIDf0ZfE3dGu2XbY9GmzNLZJbdPkjcwBANZb7oaSFHdWDWy2FzbjaZPapqqb0cABAFit7ojcFrcnDpultEltU+KmzRsAgIvpm+L27bFN1HbDpkqbQdtUcSNwAICLakvi9oqu2XbYjKRNaZulvAEAuKgqLG5NHzZ12pS2qeNG3wAAl9L2xK3lrpkibFa0zbBupA4AsNaadKgCY/KuadOmbpv1eQMAcK62LG5eRdisbRuFAwBc3FhPXFXXDNtmvG4AAC6rLY2pu2a5bdQNALAdw8a4iq4ZaxuBAwBsYDQtrqprVraN2AEAzvV7FXGVXfP7bQMAcHFX3TXqBgCYxvVUjbwBALbsmqOmdd3/GQDAbrruhgEAAAAAAAAAAAAAAAAAAAAAAAAAAAAAAAAAAAAAAAAAAAAAAAAAAAAAgF3yfwypnvwNCmVuZHN0cmVhbQ1lbmRvYmoNMTI4IDAgb2JqDTw8L0JpdHNQZXJDb21wb25lbnQgOCAvQ29sb3JTcGFjZSAvRGV2aWNlUkdCIC9GaWx0ZXIgL0RDVERlY29kZSAvSGVpZ2h0IDIyNyAvTGVuZ3RoIDIwNDkyIC9TTWFzayAxMjkgMCBSIC9TdWJ0eXBlIC9JbWFnZSAvVHlwZSAvWE9iamVjdCAvV2lkdGggMjI2Nj4+DQpzdHJlYW0NCv/Y/+AAEEpGSUYAAQEAAAEAAQAA/9sAQwAIBgYHBgUIBwcHCQkICgwUDQwLCwwZEhMPFB0aHx4dGhwcICQuJyAiLCMcHCg3KSwwMTQ0NB8nOT04MjwuMzQy/9sAQwEJCQkMCwwYDQ0YMiEcITIyMjIyMjIyMjIyMjIyMjIyMjIyMjIyMjIyMjIyMjIyMjIyMjIyMjIyMjIyMjIyMjIy/8AAEQgA4wjaAwEiAAIRAQMRAf/EAB8AAAEFAQEBAQEBAAAAAAAAAAABAgMEBQYHCAkKC//EALUQAAIBAwMCBAMFBQQEAAABfQECAwAEEQUSITFBBhNRYQcicRQygZGhCCNCscEVUtHwJDNicoIJChYXGBkaJSYnKCkqNDU2Nzg5OkNERUZHSElKU1RVVldYWVpjZGVmZ2hpanN0dXZ3eHl6g4SFhoeIiYqSk5SVlpeYmZqio6Slpqeoqaqys7S1tre4ubrCw8TFxsfIycrS09TV1tfY2drh4uPk5ebn6Onq8fLz9PX29/j5+v/EAB8BAAMBAQEBAQEBAQEAAAAAAAABAgMEBQYHCAkKC//EALURAAIBAgQEAwQHBQQEAAECdwABAgMRBAUhMQYSQVEHYXETIjKBCBRCkaGxwQkjM1LwFWJy0QoWJDThJfEXGBkaJicoKSo1Njc4OTpDREVGR0hJSlNUVVZXWFlaY2RlZmdoaWpzdHV2d3h5eoKDhIWGh4iJipKTlJWWl5iZmqKjpKWmp6ipqrKztLW2t7i5usLDxMXGx8jJytLT1NXW19jZ2uLj5OXm5+jp6vLz9PX29/j5+v/aAAwDAQACEQMRAD8A+f6KKKACiiigAooooAKKKKACiiigAooooAKKKKACiiigAooooAKKKKACiiigAooooAKKKKACiiigAooooAKKKKACiiigAooooAKKKKACiiigAooooAKKKKACiiigAooooAKKKKACiiigAooooAKKKKACiiigAooooAKKKKACiiigAooooAKKKKACiiigAooooAKKKKACiiigAooooAKKKKACiiigAooooAKKKKACiiigAooooAKKKKACiiigAooooAKKKKACiiigAooooAKKKKACiiigAooooAKKKKACiiigAooooAKKKKACiiigAooooAKKKKACiiigAooooAKKKKACiiigAooooAKKKKACiiigAooooAKKKKACiiigAooooAKKKKACiiigAooooAKKKKACiiigAooooAKKKKACiiigAooooAKKKKACiiigAooooAKKKKACiiigAooooAKKKKACiiigAooooAKKKKACiiigAooooAKKKKACiiigAooooAKKKKACiiigAooooAKKKKACiiigAooooAKKKKACiiigAooooAKKKKACiiigAooooAKKKKACiiigAooooAKKKKACiiigAooooAKKKKACiiigAooooAKKKKACiiigAooooAKKKKACiiigAooooAKKKKACiiigAooooAKKKKACiiigAooooAKKKKACiiigAooooAKKKKACiiigAooooAKKKKACiiigAooooAKKKKACiiigAooooAKKKKACiiigAooooAKKKKACiijFABRS4ooASilooASilooASilooASilooASilooASilooASilooASilooASilooASilooASilooASilooASilooASilooASilooASilooASilooASilooASilooASilooASilooASilooASilooASilooASilooASilooASilooASilooASilooASilooASilooASilooASilooASilooASilooASilooASilooASilooASilooASilooASilooASilooASilooASilooASilooASilooASilooASilooASilooASilooASilooASilooASilooASilooASilooASilooASilooASilooASilooASilooASilooASilooASilooASilooASilooASilooASilooASilooASilooASilooASilooASilooASilooASilooASilooASilooASilooASilooASilooASilooASilooASilooASilooASilooASilooASilooASilooASilooASilooASilooASilooASilooASilooASilooASilooASilooASilooASilooASilooASilooASilooASilooASilooASilooASilooASilooASilooASilooASilooASilooASilooASilooASilooASilooASilooASilooASilooASilooASilooASilooASilooASilooASilooASilooASilooASilooASilooASilooASilooASilooASilooASilooASiloxQAlFFFABRRRQAUUUUAFFFFABRRRQAUUUUAFFFLQAUuKAKcBQA3FLin4pdtAEeKXFP20baAGYoxUm2jbQBHijFSbaNtAEeKMVJto20AR4oxUm2jbQBHijFSbaNtAEeKMVJto20AR4oxUm2jbQBHijFSbaNtAEeKMVJto20AR4oxUm2jbQBHijFSbaNtAEeKMVJto20AR4oxUm2jbQBHijFSbaNtAEeKMVJto20AR4oxUm2jbQBHijFSbaNtAEeKMVJto20AR4oxUm2jbQBHijFSbaNtAEeKMVJto20AR4oxUm2jbQBHijFSbaNtAEeKMVJto20AR4oxUm2jbQBHijFSbaNtAEeKMVJto20AR4oxUm2jbQBHijFSbaNtAEeKMVJto20AR4oxUm2jbQBHijFSbaNtAEeKMVJto20AR4oxUm2jbQBHijFSbaNtAEeKMVJto20AR4oxUm2jbQBHijFSbaNtAEeKMVJto20AR4oxUm2jbQBHijFSbaNtAEeKMVJto20AR4oxUm2jbQBHijFSbaNtAEeKMVJto20AR4oxUm2jbQBHijFSbaNtAEeKMVJto20AR4oxUm2jbQBHijFSbaNtAEeKMVJto20AR4oxUm2jbQBHijFSbaNtAEeKMVJto20AR4oxUm2jbQBHijFSbaNtAEeKMVJto20AR4oxUm2jbQBHijFSbaNtAEeKMVJto20AR4oxUm2jbQBHijFSbaNtAEeKMVJto20AR4oxUm2jbQBHijFSbaNtAEeKMVJto20AR4oxUm2jbQBHijFSbaNtAEeKMVJto20AR4oxUm2jbQBHijFSbaNtAEeKMVJto20AR4oxUm2jbQBHijFSbaNtAEeKMVJto20AR4oxUm2jbQBHijFSbaNtAEeKMVJto20AR4oxUm2jbQBHijFSbaNtAEeKMVJto20AR4oxUm2jbQBHijFSbaNtAEeKMVJto20AR4oxUm2jbQBHijFSbaNtAEeKMVJto20AR4oxUm2jbQBHijFSbaNtAEeKMVJto20AR4oxUm2jbQBHijFSbaNtAEeKMVJto20AR4oxUm2jbQBHijFSbaNtAEeKMVJto20AR4oxUm2jbQBHijFSbaNtAEeKMVJto20AR4oxUm2jbQBHijFSbaNtAEeKMVJto20AR4oxUm2jbQBHijFSbaNtAEeKMVJto20AR4oxUm2jbQBHijFSbaNtAEeKMVJto20AR4oxUm2jbQBHijFSbaNtAEeKMVJto20AR4oxUm2jbQBHijFSbaNtAEeKMVJto20AR4oxUm2jbQBHijFSbaNtAEeKMVJto20AR4oxUm2jbQBHijFSbaNtAEeKMVJto20AR4oxUm2jbQBHijFSbaNtAEeKMVJto20AR4oxUm2jbQBHijFSbaNtAEeKMVJto20AR4oxUm2jbQBHijFSbaNtAEeKMVJto20AR4oxUm2jbQBHikxUm2jbQBHikxUmKQigCOinEUhFADaKWkoAKKKKACiiigAooooAK3IPBfiq6t4ri38NazNBKgeOSOwlZXUjIIIXBBHOaw6+3/An/ACTzw1/2CrX/ANFLQB8g/wDCCeL/APoVNc/8F0v/AMTSjwJ4v/6FXXP/AAXS/wDxNfbtFAHxIPAni/8A6FXXP/BfL/8AE04eBfF3/Qra3/4L5f8A4mvtmigD4oHgXxb/ANCtrf8A4L5f/iad/wAIL4t/6FbW/wDwXy//ABNfatFAHxV/wgvi3/oVtb/8F8v/AMTS/wDCC+Lf+hX1v/wXy/8AxNfalFAHxX/wgvi3/oV9b/8ABfL/APE0f8IL4t/6FfW//BfL/wDE19qUUAfFf/CC+Lf+hX1v/wAF8v8A8TR/wgvi3/oV9b/8F8v/AMTX2pRQB8V/8IL4t/6FfW//AAXy/wDxNH/CC+Lf+hX1v/wXy/8AxNfalFAHxX/wgvi3/oV9b/8ABfL/APE0f8IL4t/6FfW//BfL/wDE19qUUAfFf/CC+Lf+hX1v/wAF8v8A8TR/wgvi3/oV9b/8F8v/AMTX2pRQB8V/8IL4t/6FfW//AAXy/wDxNH/CC+Lf+hX1v/wXy/8AxNfalFAHxX/wgvi3/oV9b/8ABfL/APE0f8IL4t/6FfW//BfL/wDE19qUUAfFf/CC+Lf+hX1v/wAF8v8A8TR/wgvi3/oV9b/8F8v/AMTX2pRQB8V/8IL4t/6FfW//AAXy/wDxNH/CC+Lf+hX1v/wXy/8AxNfalFAHxX/wgvi3/oV9b/8ABfL/APE0f8IL4t/6FfW//BfL/wDE19qUUAfFf/CC+Lf+hX1v/wAF8v8A8TR/wgvi3/oV9b/8F8v/AMTX2pRQB8V/8IL4t/6FfW//AAXy/wDxNH/CC+Lf+hX1v/wXy/8AxNfalFAHxX/wgvi3/oV9b/8ABfL/APE0f8IL4t/6FfW//BfL/wDE19qUUAfFf/CC+Lf+hX1v/wAF8v8A8TR/wgvi3/oV9b/8F8v/AMTX2pRQB8V/8IL4t/6FfW//AAXy/wDxNH/CC+Lf+hX1v/wXy/8AxNfalFAHxX/wgvi3/oV9b/8ABfL/APE0f8IL4t/6FfW//BfL/wDE19qUUAfFf/CC+Lf+hX1v/wAF8v8A8TR/wgvi3/oV9b/8F8v/AMTX2pRQB8V/8IL4t/6FfW//AAXy/wDxNH/CC+Lf+hX1v/wXy/8AxNfalFAHxX/wgvi3/oV9b/8ABfL/APE0f8IL4t/6FfW//BfL/wDE19qUUAfFf/CC+Lf+hX1v/wAF8v8A8TR/wgvi3/oV9b/8F8v/AMTX2pRQB8V/8IL4t/6FfW//AAXy/wDxNH/CC+Lf+hX1v/wXy/8AxNfalFAHxX/wgvi3/oV9b/8ABfL/APE0f8IL4t/6FfW//BfL/wDE19qUUAfFf/CC+Lf+hX1v/wAF8v8A8TR/wgvi3/oV9b/8F8v/AMTX2pRQB8V/8IL4t/6FfW//AAXy/wDxNH/CC+Lf+hX1v/wXy/8AxNfalFAHxX/wgvi3/oV9b/8ABfL/APE0f8IL4t/6FfW//BfL/wDE19qUUAfFf/CC+Lf+hX1v/wAF8v8A8TR/wgvi3/oV9b/8F8v/AMTX2pRQB8V/8IL4t/6FfW//AAXy/wDxNH/CC+Lf+hX1v/wXy/8AxNfalFAHxX/wgvi3/oV9b/8ABfL/APE0f8IL4t/6FfW//BfL/wDE19qUUAfFf/CC+Lf+hX1v/wAF8v8A8TR/wgvi3/oV9b/8F8v/AMTX2pRQB8V/8IL4t/6FfW//AAXy/wDxNH/CC+Lf+hX1v/wXy/8AxNfalFAHxX/wgvi3/oV9b/8ABfL/APE0f8IL4t/6FfW//BfL/wDE19qUUAfFf/CC+Lf+hX1v/wAF8v8A8TR/wgvi3/oV9b/8F8v/AMTX2pRQB8V/8IL4t/6FfW//AAXy/wDxNH/CC+Lf+hX1v/wXy/8AxNfalFAHxX/wgvi3/oV9b/8ABfL/APE0f8IL4t/6FfW//BfL/wDE19qUUAfFf/CC+Lf+hX1v/wAF8v8A8TR/wgvi3/oV9b/8F8v/AMTX2pRQB8V/8IL4t/6FfW//AAXy/wDxNH/CC+Lf+hX1v/wXy/8AxNfalFAHxX/wgvi3/oV9b/8ABfL/APE0f8IL4t/6FfW//BfL/wDE19qUUAfFf/CC+Lf+hX1v/wAF8v8A8TR/wgvi3/oV9b/8F8v/AMTX2pRQB8V/8IL4t/6FfW//AAXy/wDxNH/CC+Lf+hX1v/wXy/8AxNfalFAHxX/wgvi3/oV9b/8ABfL/APE0f8IL4t/6FfW//BfL/wDE19qUUAfFf/CC+Lf+hX1v/wAF8v8A8TR/wgvi3/oV9b/8F8v/AMTX2pRQB8V/8IL4t/6FfW//AAXy/wDxNH/CC+Lf+hX1v/wXy/8AxNfalFAHxX/wgvi3/oV9b/8ABfL/APE0f8IL4t/6FfW//BfL/wDE19qUUAfFf/CC+Lf+hX1v/wAF8v8A8TR/wgvi3/oV9b/8F8v/AMTX2pRQB8V/8IL4t/6FfW//AAXy/wDxNH/CC+Lf+hX1v/wXy/8AxNfalFAHxX/wgvi3/oV9b/8ABfL/APE0f8IL4t/6FfW//BfL/wDE19qUUAfFf/CC+Lf+hX1v/wAF8v8A8TR/wgvi3/oV9b/8F8v/AMTX2pRQB8V/8IL4t/6FfW//AAXy/wDxNH/CC+Lf+hX1v/wXy/8AxNfalFAHxX/wgvi3/oV9b/8ABfL/APE0f8IL4t/6FfW//BfL/wDE19qUUAfFf/CC+Lf+hX1v/wAF8v8A8TR/wgvi3/oV9b/8F8v/AMTX2pRQB8V/8IL4t/6FfW//AAXy/wDxNH/CC+Lf+hX1v/wXy/8AxNfalFAHxX/wgvi3/oV9b/8ABfL/APE0f8IL4t/6FfW//BfL/wDE19qUUAfFf/CC+Lf+hX1v/wAF8v8A8TR/wgvi3/oV9b/8F8v/AMTX2pRQB8V/8IL4t/6FfW//AAXy/wDxNH/CC+Lf+hX1v/wXy/8AxNfalFAHxX/wgvi3/oV9b/8ABfL/APE0f8IL4t/6FfW//BfL/wDE19qUUAfFf/CC+Lf+hX1v/wAF8v8A8TR/wgvi3/oV9b/8F8v/AMTX2pRQB8V/8IL4t/6FfW//AAXy/wDxNH/CC+Lf+hX1v/wXy/8AxNfalFAHxX/wgvi3/oV9b/8ABfL/APE0f8IL4t/6FfW//BfL/wDE19qUUAfFf/CC+Lf+hX1v/wAF8v8A8TR/wgvi3/oV9b/8F8v/AMTX2pRQB8V/8IL4t/6FfW//AAXy/wDxNH/CC+Lf+hX1v/wXy/8AxNfalFAHxX/wgvi3/oV9b/8ABfL/APE0f8IL4t/6FfW//BfL/wDE19qUUAfFf/CC+Lf+hX1v/wAF8v8A8TR/wgvi3/oV9b/8F8v/AMTX2pRQB8V/8IL4t/6FfW//AAXy/wDxNH/CC+Lf+hX1v/wXy/8AxNfalFAHxX/wgvi3/oV9b/8ABfL/APE0f8IL4t/6FfW//BfL/wDE19qUUAfFf/CC+Lf+hX1v/wAF8v8A8TR/wgvi3/oV9b/8F8v/AMTX2pRQB8V/8IL4t/6FfW//AAXy/wDxNH/CC+Lf+hX1v/wXy/8AxNfalFAHxX/wgvi3/oV9b/8ABfL/APE0f8IL4t/6FfW//BfL/wDE19qUUAfFf/CC+Lf+hX1v/wAF8v8A8TR/wgvi3/oV9b/8F8v/AMTX2pRQB8V/8IL4t/6FfW//AAXy/wDxNH/CC+Lf+hX1v/wXy/8AxNfalFAHxX/wgvi3/oV9b/8ABfL/APE0f8IL4t/6FfW//BfL/wDE19qUUAfFf/CC+Lf+hX1v/wAF8v8A8TR/wgvi3/oV9b/8F8v/AMTX2pRQB8V/8IL4t/6FfW//AAXy/wDxNH/CC+Lf+hX1v/wXy/8AxNfalFAHxX/wgvi3/oV9b/8ABfL/APE0f8IL4t/6FfW//BfL/wDE19qUUAfFf/CC+Lf+hX1v/wAF8v8A8TR/wgvi3/oV9b/8F8v/AMTX2pRQB8V/8IL4t/6FfW//AAXy/wDxNH/CC+Lf+hX1v/wXy/8AxNfalFAHxX/wgvi3/oV9b/8ABfL/APE0f8IL4t/6FfW//BfL/wDE19qUUAfFf/CC+Lf+hX1v/wAF8v8A8TR/wgvi3/oV9b/8F8v/AMTX2pRQB8V/8IL4t/6FfW//AAXy/wDxNH/CC+Lf+hX1v/wXy/8AxNfalFAHxX/wgvi3/oV9b/8ABfL/APE0f8IL4t/6FfW//BfL/wDE19qUUAfFf/CC+Lf+hX1v/wAF8v8A8TR/wgvi3/oV9b/8F8v/AMTX2pRQB8V/8IL4t/6FfW//AAXy/wDxNH/CC+Lf+hX1v/wXy/8AxNfalFAHxX/wgvi3/oV9b/8ABfL/APE0f8IL4t/6FfW//BfL/wDE19qUUAfFf/CC+Lf+hX1v/wAF8v8A8TR/wgvi3/oV9b/8F8v/AMTX2pRQB8V/8IL4t/6FfW//AAXy/wDxNH/CC+Lf+hX1v/wXy/8AxNfalFAHxX/wgvi3/oV9b/8ABfL/APE0f8IL4t/6FfW//BfL/wDE19qUUAfFf/CC+Lf+hX1v/wAF8v8A8TR/wgvi3/oV9b/8F8v/AMTX2pRQB8V/8IL4t/6FfW//AAXy/wDxNH/CC+Lf+hX1v/wXy/8AxNfalFAHxX/wgvi3/oV9b/8ABfL/APE0f8IL4t/6FfW//BfL/wDE19qUUAfFf/CC+Lf+hX1v/wAF8v8A8TR/wgvi3/oV9b/8F8v/AMTX2pRQB8V/8IL4t/6FfW//AAXy/wDxNH/CC+Lf+hX1v/wXy/8AxNfalFAHxX/wgvi3/oV9b/8ABfL/APE0f8IL4t/6FfW//BfL/wDE19qUUAfFf/CC+Lf+hX1v/wAF8v8A8TR/wgvi3/oV9b/8F8v/AMTX2pRQB8V/8IL4t/6FfW//AAXy/wDxNH/CC+Lf+hX1v/wXy/8AxNfalFAHxX/wgvi3/oV9b/8ABfL/APE0f8IL4t/6FfW//BfL/wDE19qUUAfFf/CC+Lf+hX1v/wAF8v8A8TR/wgvi3/oV9b/8F8v/AMTX2pRQB8V/8IL4t/6FfW//AAXy/wDxNH/CC+Lf+hX1v/wXy/8AxNfalFAHxX/wgvi3/oV9b/8ABfL/APE0f8IL4t/6FfW//BfL/wDE19qUUAfFf/CC+Lf+hX1v/wAF8v8A8TR/wgvi3/oV9b/8F8v/AMTX2pRQB8V/8IL4t/6FfW//AAXy/wDxNH/CC+Lf+hX1v/wXy/8AxNfalFAHxX/wgvi3/oV9b/8ABfL/APE0f8IL4t/6FfW//BfL/wDE19qUUAfFf/CC+Lf+hX1v/wAF8v8A8TR/wgvi3/oV9b/8F8v/AMTX2pRQB8V/8IL4t/6FfW//AAXy/wDxNH/CC+Lf+hX1v/wXy/8AxNfalFAHxX/wgvi3/oV9b/8ABfL/APE0f8IL4t/6FfW//BfL/wDE19qUUAfFf/CC+Lf+hX1v/wAF8v8A8TR/wgvi3/oV9b/8F8v/AMTX2pRQB8V/8IL4t/6FfW//AAXy/wDxNH/CC+Lf+hX1v/wXy/8AxNfalFAHxX/wgvi3/oV9b/8ABfL/APE0f8IL4t/6FfW//BfL/wDE19qUUAfFf/CC+Lf+hX1v/wAF8v8A8TR/wgvi3/oV9b/8F8v/AMTX2pRQB8V/8IL4t/6FfW//AAXy/wDxNH/CC+Lf+hX1v/wXy/8AxNfalFAHxX/wgvi3/oV9b/8ABfL/APE0f8IL4t/6FfW//BfL/wDE19qUUAfFf/CC+Lf+hX1v/wAF8v8A8TR/wgvi3/oV9b/8F8v/AMTX2pRQB8V/8IL4t/6FfW//AAXy/wDxNH/CC+Lf+hX1v/wXy/8AxNfalFAHxX/wgvi3/oV9b/8ABfL/APE0f8IL4t/6FfW//BfL/wDE19qUUAfFf/CC+Lf+hX1v/wAF8v8A8TR/wgvi3/oV9b/8F8v/AMTX2pRQB8V/8IL4t/6FfW//AAXy/wDxNH/CC+Lf+hX1v/wXy/8AxNfalFAHxX/wgvi3/oV9b/8ABfL/APE0f8IL4t/6FfW//BfL/wDE19qUUAfFf/CC+Lf+hX1v/wAF8v8A8TR/wgvi3/oV9b/8F8v/AMTX2pRQB8V/8IL4t/6FfW//AAXy/wDxNH/CC+Lf+hX1v/wXy/8AxNfalFAHxX/wgvi3/oV9b/8ABfL/APE0f8IL4t/6FfW//BfL/wDE19qUUAfFf/CC+Lf+hX1v/wAF8v8A8TR/wgvi3/oV9b/8F8v/AMTX2pRQB8V/8IL4t/6FfW//AAXy/wDxNH/CC+Lf+hX1v/wXy/8AxNfalFAHxX/wgvi3/oV9b/8ABfL/APE0f8IL4t/6FfW//BfL/wDE19qUUAfFf/CC+Lf+hX1v/wAF8v8A8TR/wgvi3/oV9b/8F8v/AMTX2pRQB8V/8IL4t/6FfW//AAXy/wDxNH/CC+Lf+hX1v/wXy/8AxNfalFAHxX/wgvi3/oV9b/8ABfL/APE0f8IL4t/6FfW//BfL/wDE19qUUAfFf/CC+Lf+hX1v/wAF8v8A8TR/wgvi3/oV9b/8F8v/AMTX2pRQB8V/8IL4t/6FfW//AAXy/wDxNH/CC+Lf+hX1v/wXy/8AxNfalFAHxX/wgvi3/oV9b/8ABfL/APE0f8IL4t/6FfW//BfL/wDE19qUUAfFf/CC+Lf+hX1v/wAF8v8A8TR/wgvi3/oV9b/8F8v/AMTX2pRQB8V/8IL4t/6FfW//AAXy/wDxNH/CC+Lf+hX1v/wXy/8AxNfalFAHxX/wgvi3/oV9b/8ABfL/APE0f8IL4t/6FfW//BfL/wDE19qUUAfD+o+Gtc0i3W41PRtRsoWbYslzavGpbBOAWAGcA8exrM219N/tCDPgGx/7Ckf/AKKlr5qK0AQFaaVqcrTCtAEBFMIqdhUZFAERpKeabQAlFFFABRRRQAUUUUAFfb/gT/knnhr/ALBVr/6KWviCvt/wJ/yTzw1/2CrX/wBFLQB0FFFFABRRRQAUUUUAFFFFABRRRQAUUUUAFFFFABRRRQAUUUUAFFFFABRRRQAUUUUAFFFFABRRRQAUUUUAFFFFABRRRQAUUUUAFFFFABRRRQAUUUUAFFFFABRRRQAUUUUAFFFFABRRRQAUUUUAFFFFABRRRQAUUUUAFFFFABRRRQAUUUUAFFFFABRRRQAUUUUAFFFFABRRRQAUUUUAFFFFABRRRQAUUUUAFFFFABRRRQAUUUUAFFFFABRRRQAUUUUAFFFFABRRRQAUUUUAFFFFABRRRQAUUUUAFFFFABRRRQAUUUUAFFFFABRRRQAUUUUAFFFFABRRRQAUUUUAFFFFABRRRQAUUUUAFFFFABRRRQAUUUUAFFFFABRRRQAUUUUAFFFFABRRRQAUUUUAFFFFABRRRQAUUUUAFFFFABRRRQAUUUUAFFFFABRRRQAUUUUAFFFFABRRRQAUUUUAFFFFABRRRQAUUUUAFFFFABRRRQAUUUUAFFFFABRRRQAUUUUAFFFFABRRRQAUUUUAFFFFABRRRQAUUUUAFFFFABRRRQAUUUUAFFFFABRRRQAUUUUAFFFFABRRRQAUUUUAFFFFABRRRQAUUUUAFFFFABRRRQAUUUUAFFFFABRRRQAUUUUAFFFFABRRRQAUUUUAFFFFABRRRQAUUUUAFFFFABRRRQAUUUUAFFFFABRRRQAUUUUAFFFFABRRRQB5R+0CM+A7H/sJx/8AoqWvm4ivpP4//wDIh2P/AGE4/wD0VLXzeRQBERUbCpiKjYUAQMKiYVO1QtQBGaZTzTDQAlFFFABRRRQAUUUUAFfb/gT/AJJ54a/7BVr/AOilr4gr7f8AAn/JPPDX/YKtf/RS0AdBRRRQAUUUUAFFFFABRRRQAUUUUAFFFFABRRRQAUUUUAFFFFABRRRQAUUUUAFFFFABRRRQAUUUUAFFFFABRRRQAUUUUAFFFFABRRRQAUUUUAFFFFABRRRQAUUUUAFFFFABRRRQAUUUUAFFFFABRRRQAUUUUAFFFFABRRRQAUUUUAFFFFABRRRQAUUUUAFFFFABRRRQAUUUUAFFFFABRRRQAUUUUAFFFFABRRRQAUUUUAFFFFABRRRQAUUUUAFFFFABRRRQAUUUUAFFFFABRRRQAUUUUAFFFFABRRRQAUUUUAFFFFABRRRQAUUUUAFFFFABRRRQAUUUUAFFFFABRRRQAUUUUAFFFFABRRRQAUUUUAFFFFABRRRQAUUUUAFFFFABRRRQAUUUUAFFFFABRRRQAUUUUAFFFFABRRRQAUUUUAFFFFABRRRQAUUUUAFFFFABRRRQAUUUUAFFFFABRRRQAUUUUAFFFFABRRRQAUUUUAFFFFABRRRQAUUUUAFFFFABRRRQAUUUUAFFFFABRRRQAUUUUAFFFFABRRRQAUUUUAFFFFABRRRQAUUUUAFFFFABRRRQAUUUUAFFFFABRRRQAUUUUAFFFFABRRRQAUUUUAFFFFABRRRQAUUUUAFFFFABRRRQAUUUUAFFFFABRRRQAUUUUAFFFFABRRRQAUUUUAFFFFABRRRQAUUUUAFFFFABRRRQAUUUUAeVfH7/AJESx/7Ccf8A6Klr5xIr6P8Aj7/yIlj/ANhOP/0VLXziaAIyKjapTUbUAQPULVM9QtQBGaYae1MNADaKKKACiiigAooooAK+3/An/JPPDX/YKtf/AEUtfEFfb/gT/knnhr/sFWv/AKKWgDoKKKKACiiigAooooAKKKKACiiigAooooAKKKKACiiigAooooAKKKKACiiigAooooAKKKKACiiigAooooAKKKKACiiigAooooAKKKKACiiigAooooAKKKKACiiigAooooAKKKKACiiigAooooAKKKKACiiigAooooAKKKKACiiigAooooAKKKKACiiigAooooAKKKKACiiigAooooAKKKKACiiigAooooAKKKKACiiigAooooAKKKKACiiigAooooAKKKKACiiigAooooAKKKKACiiigAooooAKKKKACiiigAooooAKKKKACiiigAooooAKKKKACiiigAooooAKKKKACiiigAooooAKKKKACiiigAooooAKKKKACiiigAooooAKKKKACiiigAooooAKKKKACiiigAooooAKKKKACiiigAooooAKKKKACiiigAooooAKKKKACiiigAooooAKKKKACiiigAooooAKKKKACiiigAooooAKKKKACiiigAooooAKKKKACiiigAooooAKKKKACiiigAooooAKKKKACiiigAooooAKKKKACiiigAooooAKKKKACiiigAooooAKKKKACiiigAooooAKKKKACiiigAooooAKKKKACiiigAooooAKKKKACiiigAooooAKKKKACiiigAooooAKKKKACiiigAooooAKKKKACiiigAooooAKKKKACiiigDyv4+/8iJY/9hOP/wBFS184mvo74+/8iJY/9hOP/wBFS184nrQAw1G1SGo2oAheoWqZ6hagCJqYaeaYaAG0UGigAooooAKKKKACvt/wJ/yTzw1/2CrX/wBFLXxBX2/4E/5J54a/7BVr/wCiloA6CiiigAooooAKKKKACiiigAooooAKKKKACiiigAooooAKKKKACiiigAooooAKKKKACiiigAooooAKKKKACiiigAooooAKKKKACiiigAooooAKKKKACiiigAooooAKKKKACiiigAooooAKKKKACiiigAooooAKKKKACiiigAooooAKKKKACiiigAooooAKKKKACiiigAooooAKKKKACiiigAooooAKKKKACiiigAooooAKKKKACiiigAooooAKKKKACiiigAooooAKKKKACiiigAooooAKKKKACiiigAooooAKKKKACiiigAooooAKKKKACiiigAooooAKKKKACiiigAooooAKKKKACiiigAooooAKKKKACiiigAooooAKKKKACiiigAooooAKKKKACiiigAooooAKKKKACiiigAooooAKKKKACiiigAooooAKKKKACiiigAooooAKKKKACiiigAooooAKKKKACiiigAooooAKKKKACiiigAooooAKKKKACiiigAooooAKKKKACiiigAooooAKKKKACiiigAooooAKKKKACiiigAooooAKKKKACiiigAooooAKKKKACiiigAooooAKKKKACiiigAooooAKKKKACiiigAooooAKKKKACiiigAooooAKKKKACiiigAooooAKKKKACiiigAooooAKKKKACiiigAooooAKKKKACiiigAooooA8r+Pv/IiWP/YTj/8ARUtfOJ619HfH3/kRLH/sJx/+ipa+cTQAw1G1SGo2oAheoWqZ6hagCI0w09qYaAGmig0UAFFFFABRRRQAV9v+BP8Aknnhr/sFWv8A6KWviCvt/wACf8k88Nf9gq1/9FLQB0FFFFABRRRQAUUUUAFFFFABRRRQAUUUUAFFFFABRRRQAUUUUAFFFFABRRRQAUUUUAFFFFABRRRQAUUUUAFFFFABRRRQAUUUUAFFFFABRRRQAUUUUAFFFFABRRRQAUUUUAFFFFABRRRQAUUUUAFFFFABRRRQAUUUUAFFFFABRRRQAUUUUAFFFFABRRRQAUUUUAFFFFABRRRQAUUUUAFFFFABRRRQAUUUUAFFFFABRRRQAUUUUAFFFFABRRRQAUUUUAFFFFABRRRQAUUUUAFFFFABRRRQAUUUUAFFFFABRRRQAUUUUAFFFFABRRRQAUUUUAFFFFABRRRQAUUUUAFFFFABRRRQAUUUUAFFFFABRRRQAUUUUAFFFFABRRRQAUUUUAFFFFABRRRQAUUUUAFFFFABRRRQAUUUUAFFFFABRRRQAUUUUAFFFFABRRRQAUUUUAFFFFABRRRQAUUUUAFFFFABRRRQAUUUUAFFFFABRRRQAUUUUAFFFFABRRRQAUUUUAFFFFABRRRQAUUUUAFFFFABRRRQAUUUUAFFFFABRRRQAUUUUAFFFFABRRRQAUUUUAFFFFABRRRQAUUUUAFFFFABRRRQAUUUUAFFFFABRRRQAUUUUAFFFFABRRRQAUUUUAFFFFABRRRQAUUUUAFFFFABRRRQAUUUUAFFFFABRRRQAUUUUAFFFFABRRRQAUUUUAFFFFABRRRQB5X8ff8AkRLH/sJx/wDoqWvnE19HfH7/AJESx/7Ccf8A6Klr5wNADTUbVIaiagCF6hapnqFqAI2php7Uw0ANooooAKKKKACiiigAr7f8Cf8AJPPDX/YKtf8A0UtfEFfb/gT/AJJ54a/7BVr/AOiloA6CiiigAooooAKKKKACiiigAooooAKKKKACiiigAooooAKKKKACiiigAooooAKKKKACiiigAooooAKKKKACiiigAooooAKKKKACiiigAooooAKKKKACiiigAooooAKKKKACiiigAooooAKKKKACiiigAooooAKKKKACiiigAooooAKKKKACiiigAooooAKKKKACiiigAooooAKKKKACiiigAooooAKKKKACiiigAooooAKKKKACiiigAooooAKKKKACiiigAooooAKKKKACiiigAooooAKKKKACiiigAooooAKKKKACiiigAooooAKKKKACiiigAooooAKKKKACiiigAooooAKKKKACiiigAooooAKKKKACiiigAooooAKKKKACiiigAooooAKKKKACiiigAooooAKKKKACiiigAooooAKKKKACiiigAooooAKKKKACiiigAooooAKKKKACiiigAooooAKKKKACiiigAooooAKKKKACiiigAooooAKKKKACiiigAooooAKKKKACiiigAooooAKKKKACiiigAooooAKKKKACiiigAooooAKKKKACiiigAooooAKKKKACiiigAooooAKKKKACiiigAooooAKKKKACiiigAooooAKKKKACiiigAooooAKKKKACiiigAooooAKKKKACiiigAooooAKKKKACiiigAooooAKKKKACiiigAooooA8q+P8A/wAiJY/9hOP/ANFS184E19HftAHHgOx/7Ccf/oqWvm4mgAJqNjTiajY0ARvUTVIxqJqAIzTTTjTDQAlFFFABRRRQAUUUUAFfb/gT/knnhr/sFWv/AKKWviCvovw18ffCujeFdI0u40/WWnsrKG3kaOGIqWRApIzIDjI9BQB7pRXkH/DR3hD/AKBuuf8AfiL/AOO0f8NG+EP+gdrn/fiL/wCO0Aev0V5D/wANF+EP+gdrn/fiL/47Tv8Ahorwj/0Dtb/78Rf/AB2gD1yivI/+GiPCP/QO1v8A78Rf/HaX/hojwj/0Dtb/AO/EX/xygD1uivJP+Gh/CX/QO1v/AL8xf/HKX/hofwl/0D9b/wC/MX/xygD1qivJf+GhvCX/AEDtb/78Rf8Axyj/AIaG8Jf9A7W/+/EX/wAcoA9aoryX/hobwl/0Dtb/AO/EX/xyj/hobwl/0Dtb/wC/EX/xygD1qivJf+GhvCX/AEDtb/78Rf8Axyj/AIaG8Jf9A7W/+/EX/wAcoA9aoryX/hobwl/0Dtb/AO/EX/xyj/hobwl/0Dtb/wC/EX/xygD1qivJf+GhvCX/AEDtb/78Rf8Axyj/AIaG8Jf9A7W/+/EX/wAcoA9aoryX/hobwl/0Dtb/AO/EX/xyj/hobwl/0Dtb/wC/EX/xygD1qivJf+GhvCX/AEDtb/78Rf8Axyj/AIaG8Jf9A7W/+/EX/wAcoA9aoryX/hobwl/0Dtb/AO/EX/xyj/hobwl/0Dtb/wC/EX/xygD1qivJf+GhvCX/AEDtb/78Rf8Axyj/AIaG8Jf9A7W/+/EX/wAcoA9aoryX/hobwl/0Dtb/AO/EX/xyj/hobwl/0Dtb/wC/EX/xygD1qivJf+GhvCX/AEDtb/78Rf8Axyj/AIaG8Jf9A7W/+/EX/wAcoA9aoryX/hobwl/0Dtb/AO/EX/xyj/hobwl/0Dtb/wC/EX/xygD1qivJf+GhvCX/AEDtb/78Rf8Axyj/AIaG8Jf9A7W/+/EX/wAcoA9aoryX/hobwl/0Dtb/AO/EX/xyj/hobwl/0Dtb/wC/EX/xygD1qivJf+GhvCX/AEDtb/78Rf8Axyj/AIaG8Jf9A7W/+/EX/wAcoA9aoryX/hobwl/0Dtb/AO/EX/xyj/hobwl/0Dtb/wC/EX/xygD1qivJf+GhvCX/AEDtb/78Rf8Axyj/AIaG8Jf9A7W/+/EX/wAcoA9aoryX/hobwl/0Dtb/AO/EX/xyj/hobwl/0Dtb/wC/EX/xygD1qivJf+GhvCX/AEDtb/78Rf8Axyj/AIaG8Jf9A7W/+/EX/wAcoA9aoryX/hobwl/0Dtb/AO/EX/xyj/hobwl/0Dtb/wC/EX/xygD1qivJf+GhvCX/AEDtb/78Rf8Axyj/AIaG8Jf9A7W/+/EX/wAcoA9aoryX/hobwl/0Dtb/AO/EX/xyj/hobwl/0Dtb/wC/EX/xygD1qivJf+GhvCX/AEDtb/78Rf8Axyj/AIaG8Jf9A7W/+/EX/wAcoA9aoryX/hobwl/0Dtb/AO/EX/xyj/hobwl/0Dtb/wC/EX/xygD1qivJf+GhvCX/AEDtb/78Rf8Axyj/AIaG8Jf9A7W/+/EX/wAcoA9aoryX/hobwl/0Dtb/AO/EX/xyj/hobwl/0Dtb/wC/EX/xygD1qivJf+GhvCX/AEDtb/78Rf8Axyj/AIaG8Jf9A7W/+/EX/wAcoA9aoryX/hobwl/0Dtb/AO/EX/xyj/hobwl/0Dtb/wC/EX/xygD1qivJf+GhvCX/AEDtb/78Rf8Axyj/AIaG8Jf9A7W/+/EX/wAcoA9aoryX/hobwl/0Dtb/AO/EX/xyj/hobwl/0Dtb/wC/EX/xygD1qivJf+GhvCX/AEDtb/78Rf8Axyj/AIaG8Jf9A7W/+/EX/wAcoA9aoryX/hobwl/0Dtb/AO/EX/xyj/hobwl/0Dtb/wC/EX/xygD1qivJf+GhvCX/AEDtb/78Rf8Axyj/AIaG8Jf9A7W/+/EX/wAcoA9aoryX/hobwl/0Dtb/AO/EX/xyj/hobwl/0Dtb/wC/EX/xygD1qivJf+GhvCX/AEDtb/78Rf8Axyj/AIaG8Jf9A7W/+/EX/wAcoA9aoryX/hobwl/0Dtb/AO/EX/xyj/hobwl/0Dtb/wC/EX/xygD1qivJf+GhvCX/AEDtb/78Rf8Axyj/AIaG8Jf9A7W/+/EX/wAcoA9aoryX/hobwl/0Dtb/AO/EX/xyj/hobwl/0Dtb/wC/EX/xygD1qivJf+GhvCX/AEDtb/78Rf8Axyj/AIaG8Jf9A7W/+/EX/wAcoA9aoryX/hobwl/0Dtb/AO/EX/xyj/hobwl/0Dtb/wC/EX/xygD1qivJf+GhvCX/AEDtb/78Rf8Axyj/AIaG8Jf9A7W/+/EX/wAcoA9aoryX/hobwl/0Dtb/AO/EX/xyj/hobwl/0Dtb/wC/EX/xygD1qivJf+GhvCX/AEDtb/78Rf8Axyj/AIaG8Jf9A7W/+/EX/wAcoA9aoryX/hobwl/0Dtb/AO/EX/xyj/hobwl/0Dtb/wC/EX/xygD1qivJf+GhvCX/AEDtb/78Rf8Axyj/AIaG8Jf9A7W/+/EX/wAcoA9aoryX/hobwl/0Dtb/AO/EX/xyj/hobwl/0Dtb/wC/EX/xygD1qivJf+GhvCX/AEDtb/78Rf8Axyj/AIaG8Jf9A7W/+/EX/wAcoA9aoryX/hobwl/0Dtb/AO/EX/xyj/hobwl/0Dtb/wC/EX/xygD1qivJf+GhvCX/AEDtb/78Rf8Axyj/AIaG8Jf9A7W/+/EX/wAcoA9aoryX/hobwl/0Dtb/AO/EX/xyj/hobwl/0Dtb/wC/EX/xygD1qivJf+GhvCX/AEDtb/78Rf8Axyj/AIaG8Jf9A7W/+/EX/wAcoA9aoryX/hobwl/0Dtb/AO/EX/xyj/hobwl/0Dtb/wC/EX/xygD1qivJf+GhvCX/AEDtb/78Rf8Axyj/AIaG8Jf9A7W/+/EX/wAcoA9aoryX/hobwl/0Dtb/AO/EX/xyj/hobwl/0Dtb/wC/EX/xygD1qivJf+GhvCX/AEDtb/78Rf8Axyj/AIaG8Jf9A7W/+/EX/wAcoA9aoryX/hobwl/0Dtb/AO/EX/xyj/hobwl/0Dtb/wC/EX/xygD1qivJf+GhvCX/AEDtb/78Rf8Axyj/AIaG8Jf9A7W/+/EX/wAcoA9aoryX/hobwl/0Dtb/AO/EX/xyj/hobwl/0Dtb/wC/EX/xygD1qivJf+GhvCX/AEDtb/78Rf8Axyj/AIaG8Jf9A7W/+/EX/wAcoA9aoryX/hobwl/0Dtb/AO/EX/xyj/hobwl/0Dtb/wC/EX/xygD1qivJf+GhvCX/AEDtb/78Rf8Axyj/AIaG8Jf9A7W/+/EX/wAcoA9aoryX/hobwl/0Dtb/AO/EX/xyj/hobwl/0Dtb/wC/EX/xygD1qivJf+GhvCX/AEDtb/78Rf8Axyj/AIaG8Jf9A7W/+/EX/wAcoA9aoryX/hobwl/0Dtb/AO/EX/xyj/hobwl/0Dtb/wC/EX/xygD1qivJf+GhvCX/AEDtb/78Rf8Axyj/AIaG8Jf9A7W/+/EX/wAcoA9aoryX/hobwl/0Dtb/AO/EX/xyj/hobwl/0Dtb/wC/EX/xygD1qivJf+GhvCX/AEDtb/78Rf8Axyj/AIaG8Jf9A7W/+/EX/wAcoA9aoryX/hobwl/0Dtb/AO/EX/xyj/hobwl/0Dtb/wC/EX/xygD1qivJf+GhvCX/AEDtb/78Rf8Axyj/AIaG8Jf9A7W/+/EX/wAcoA9aoryX/hobwl/0Dtb/AO/EX/xyj/hobwl/0Dtb/wC/EX/xygD1qivJf+GhvCX/AEDtb/78Rf8Axyj/AIaG8Jf9A7W/+/EX/wAcoA9aoryX/hobwl/0Dtb/AO/EX/xyj/hobwl/0Dtb/wC/EX/xygD1qivJf+GhvCX/AEDtb/78Rf8Axyj/AIaG8Jf9A7W/+/EX/wAcoA9aoryX/hobwl/0Dtb/AO/EX/xyj/hobwl/0Dtb/wC/EX/xygD1qivJf+GhvCX/AEDtb/78Rf8Axyj/AIaG8Jf9A7W/+/EX/wAcoA9aoryX/hobwl/0Dtb/AO/EX/xyj/hobwl/0Dtb/wC/EX/xygD1qivJf+GhvCX/AEDtb/78Rf8Axyj/AIaG8Jf9A7W/+/EX/wAcoA9aoryX/hobwl/0Dtb/AO/EX/xyj/hobwl/0Dtb/wC/EX/xygD1qivJf+GhvCX/AEDtb/78Rf8Axyj/AIaG8Jf9A7W/+/EX/wAcoA9aoryX/hobwl/0Dtb/AO/EX/xyj/hobwl/0Dtb/wC/EX/xygD1qivJf+GhvCX/AEDtb/78Rf8Axyj/AIaG8Jf9A7W/+/EX/wAcoA9aoryX/hobwl/0Dtb/AO/EX/xyj/hobwl/0Dtb/wC/EX/xygD1qivJf+GhvCX/AEDtb/78Rf8Axyj/AIaG8Jf9A7W/+/EX/wAcoA9aoryX/hobwl/0Dtb/AO/EX/xyj/hobwl/0Dtb/wC/EX/xygD1qivJf+GhvCX/AEDtb/78Rf8Axyj/AIaG8Jf9A7W/+/EX/wAcoA9aoryX/hobwl/0Dtb/AO/EX/xyj/hobwl/0Dtb/wC/EX/xygD1qivJf+GhvCX/AEDtb/78Rf8Axyj/AIaG8Jf9A7W/+/EX/wAcoA9aoryX/hobwl/0Dtb/AO/EX/xyj/hobwl/0Dtb/wC/EX/xygD1qivJf+GhvCX/AEDtb/78Rf8Axyj/AIaG8Jf9A7W/+/EX/wAcoA9aoryX/hobwl/0Dtb/AO/EX/xyj/hobwl/0Dtb/wC/EX/xygD1qivJf+GhvCX/AEDtb/78Rf8Axyj/AIaG8Jf9A7W/+/EX/wAcoA9aoryX/hobwl/0Dtb/AO/EX/xyj/hobwl/0Dtb/wC/EX/xygD1qivJf+GhvCX/AEDtb/78Rf8Axyj/AIaG8Jf9A7W/+/EX/wAcoA9aoryX/hobwl/0Dtb/AO/EX/xyj/hobwl/0Dtb/wC/EX/xygD1qivJf+GhvCX/AEDtb/78Rf8Axyj/AIaG8Jf9A7W/+/EX/wAcoA9aoryX/hobwl/0Dtb/AO/EX/xyj/hobwl/0Dtb/wC/EX/xygD1qivJf+GhvCX/AEDtb/78Rf8Axyj/AIaG8Jf9A7W/+/EX/wAcoA9aoryX/hobwl/0Dtb/AO/EX/xyj/hobwl/0Dtb/wC/EX/xygD1qivJf+GhvCX/AEDtb/78Rf8Axyj/AIaG8Jf9A7W/+/EX/wAcoA9aoryX/hobwl/0Dtb/AO/EX/xyj/hobwl/0Dtb/wC/EX/xygD1qivJf+GhvCX/AEDtb/78Rf8Axyj/AIaG8Jf9A7W/+/EX/wAcoA9aoryX/hobwl/0Dtb/AO/EX/xyj/hobwl/0Dtb/wC/EX/xygD1qivJf+GhvCX/AEDtb/78Rf8Axyj/AIaG8Jf9A7W/+/EX/wAcoA9aoryX/hobwl/0Dtb/AO/EX/xyj/hobwl/0Dtb/wC/EX/xygD1qivJf+GhvCX/AEDtb/78Rf8Axyj/AIaG8Jf9A7W/+/EX/wAcoA9aoryX/hobwl/0Dtb/AO/EX/xyj/hobwl/0Dtb/wC/EX/xygD1qivJf+GhvCX/AEDtb/78Rf8Axyj/AIaG8Jf9A7W/+/EX/wAcoA9aoryX/hobwl/0Dtb/AO/EX/xyj/hobwl/0Dtb/wC/EX/xygD1qivJf+GhvCX/AEDtb/78Rf8Axyj/AIaG8Jf9A7W/+/EX/wAcoA9aoryX/hobwl/0Dtb/AO/EX/xyj/hobwl/0Dtb/wC/EX/xygD1qivJf+GhvCX/AEDtb/78Rf8Axyj/AIaG8Jf9A7W/+/EX/wAcoA9aoryX/hobwl/0Dtb/AO/EX/xyj/hobwl/0Dtb/wC/EX/xygD1qivJf+GhvCX/AEDtb/78Rf8Axyj/AIaG8Jf9A7W/+/EX/wAcoA9aoryX/hobwl/0Dtb/AO/EX/xyj/hobwl/0Dtb/wC/EX/xygD1qivJf+GhvCX/AEDtb/78Rf8Axyj/AIaG8Jf9A7W/+/EX/wAcoA9aoryX/hobwl/0Dtb/AO/EX/xyj/hobwl/0Dtb/wC/EX/xygD1qivJf+GhvCX/AEDtb/78Rf8Axyj/AIaG8Jf9A7W/+/EX/wAcoA9aoryX/hobwl/0Dtb/AO/EX/xyj/hobwl/0Dtb/wC/EX/xygD1qivJf+GhvCX/AEDtb/78Rf8Axyj/AIaG8Jf9A7W/+/EX/wAcoA9aoryX/hobwl/0Dtb/AO/EX/xyj/hobwl/0Dtb/wC/EX/xygD1qivJf+GhvCX/AEDtb/78Rf8Axyj/AIaG8Jf9A7W/+/EX/wAcoA9aoryX/hobwl/0Dtb/AO/EX/xyj/hobwl/0Dtb/wC/EX/xygD1qivJf+GhvCX/AEDtb/78Rf8Axyj/AIaG8Jf9A7W/+/EX/wAcoA9aoryX/hobwl/0Dtb/AO/EX/xyj/hobwl/0Dtb/wC/EX/xygD1qivJf+GhvCX/AEDtb/78Rf8Axyj/AIaG8Jf9A7W/+/EX/wAcoA9aoryX/hobwl/0Dtb/AO/EX/xyj/hobwl/0Dtb/wC/EX/xygD1qivJf+GhvCX/AEDtb/78Rf8Axyj/AIaG8Jf9A7W/+/EX/wAcoA9aoryX/hobwl/0Dtb/AO/EX/xyj/hobwl/0Dtb/wC/EX/xygD1qivJf+GhvCX/AEDtb/78Rf8Axyj/AIaG8Jf9A7W/+/EX/wAcoA9aoryX/hobwl/0Dtb/AO/EX/xyj/hofwl/0D9b/wC/EX/xygB/7QRx4Csf+wnH/wCipa+bC1esfFP4q6H438MW2maZa6jFNFeLcM1zGirtCOuBtcnOWHb1ryHfQBIWqMmmlqaWoAGNRMacTUZNACGm0pNIaAEooooAKKKKACiiigAooooAKcDTaWgBwNPBqLNOBoAlDUu6os0uaAJd1G6ot1G6gCXdRuqLNGaAJd1G6os0ZoAl3UbqizRmgCXdRuqLNGaAJd1G6os0ZoAl3UbqizRmgCXdRuqLNGaAJd1G6os0ZoAl3UbqizRmgCXdRuqLNGaAJd1G6os0ZoAl3UbqizRmgCXdRuqLNGaAJd1G6os0ZoAl3UbqizRmgCXdRuqLNGaAJd1G6os0ZoAl3UbqizRmgCXdRuqLNGaAJd1G6os0ZoAl3UbqizRmgCXdRuqLNGaAJd1G6os0ZoAl3UbqizRmgCXdRuqLNGaAJd1G6os0ZoAl3UbqizRmgCXdRuqLNGaAJd1G6os0ZoAl3UbqizRmgCXdRuqLNGaAJd1G6os0ZoAl3UbqizRmgCXdRuqLNGaAJd1G6os0ZoAl3UbqizRmgCXdRuqLNGaAJd1G6os0ZoAl3UbqizRmgCXdRuqLNGaAJd1G6os0ZoAl3UbqizRmgCXdRuqLNGaAJd1G6os0ZoAl3UbqizRmgCXdRuqLNGaAJd1G6os0ZoAl3UbqizRmgCXdRuqLNGaAJd1G6os0ZoAl3UbqizRmgCXdRuqLNGaAJd1G6os0ZoAl3UbqizRmgCXdRuqLNGaAJd1G6os0ZoAl3UbqizRmgCXdRuqLNGaAJd1G6os0ZoAl3UbqizRmgCXdRuqLNGaAJd1G6os0ZoAl3UbqizRmgCXdRuqLNGaAJd1G6os0ZoAl3UbqizRmgCXdRuqLNGaAJd1G6os0ZoAl3UbqizRmgCXdRuqLNGaAJd1G6os0ZoAl3UbqizRmgCXdRuqLNGaAJd1G6os0ZoAl3UbqizRmgCXdRuqLNGaAJd1G6os0ZoAl3UbqizRmgCXdRuqLNGaAJd1G6os0ZoAl3UbqizRmgCXdRuqLNGaAJd1G6os0ZoAl3UbqizRmgCXdRuqLNGaAJd1G6os0ZoAl3UbqizRmgCXdRuqLNGaAJd1G6os0ZoAl3UbqizRmgCXdRuqLNGaAJd1G6os0ZoAl3UbqizRmgCXdRuqLNGaAJd1G6os0ZoAl3UbqizRmgCXdRuqLNGaAJd1G6os0ZoAl3UbqizRmgCXdRuqLNGaAJd1G6os0ZoAl3UbqizRmgCXdRuqLNGaAJd1G6os0ZoAl3UbqizRmgCXdRuqLNGaAJd1G6os0ZoAl3UbqizRmgCXdRuqLNGaAJd1G6os0ZoAl3UbqizRmgCXdRuqLNGaAJd1G6os0ZoAl3UbqizRmgCXdRuqLNGaAJd1G6os0ZoAl3UbqizRmgCXdRuqLNGaAJd1G6os0ZoAl3UbqizRmgCXdRuqLNGaAJd1G6os0ZoAl3UbqizRmgCXdRuqLNGaAJd1G6os0ZoAl3UbqizRmgCXdRuqLNGaAJd1G6os0ZoAl3UbqizRmgCXdRuqLNGaAJd1JuqPdRmgB5akLUzNJmgBxNMJoJpKACkoooAKKKKACiiigAooooAKKKKACiiigAzS0lFAC5pc02jNADs0ZpuaM0AOzRmm5ozQA7NGabmjNADs0ZpuaM0AOzRmm5ozQA7NGabmjNADs0ZpuaM0AOzRmm5ozQA7NGabmjNADs0ZpuaM0AOzRmm5ozQA7NGabmjNADs0ZpuaM0AOzRmm5ozQA7NGabmjNADs0ZpuaM0AOzRmm5ozQA7NGabmjNADs0ZpuaM0AOzRmm5ozQA7NGabmjNADs0ZpuaM0AOzRmm5ozQA7NGabmjNADs0ZpuaM0AOzRmm5ozQA7NGabmjNADs0ZpuaM0AOzRmm5ozQA7NGabmjNADs0ZpuaM0AOzRmm5ozQA7NGabmjNADs0ZpuaM0AOzRmm5ozQA7NGabmjNADs0ZpuaM0AOzRmm5ozQA7NGabmjNADs0ZpuaM0AOzRmm5ozQA7NGabmjNADs0ZpuaM0AOzRmm5ozQA7NGabmjNADs0ZpuaM0AOzRmm5ozQA7NGabmjNADs0ZpuaM0AOzRmm5ozQA7NGabmjNADs0ZpuaM0AOzRmm5ozQA7NGabmjNADs0ZpuaM0AOzRmm5ozQA7NGabmjNADs0ZpuaM0AOzRmm5ozQA7NGabmjNADs0ZpuaM0AOzRmm5ozQA7NGabmjNADs0ZpuaM0AOzRmm5ozQA7NGabmjNADs0ZpuaM0AOzRmm5ozQA7NGabmjNADs0ZpuaM0AOzRmm5ozQA7NGabmjNADs0ZpuaM0AOzRmm5ozQA7NGabmjNADs0ZpuaM0AOzRmm5ozQA7NGabmjNADs0ZpuaM0AOzRmm5ozQA7NGabmjNADs0ZpuaM0AOzRmm5ozQA7NGabmjNADs0ZpuaM0AOzRmm5ozQA7NGabmjNADs0ZpuaM0AOzRmm5ozQA7NGabmjNADs0ZpuaM0AOzRmm5ozQA7NGabmjNADs0ZpuaM0AOzRmm5ozQA7NGabmjNADs0ZpuaM0AOzRmm5ozQA7NGabmjNADs0ZpuaM0AOzRmm5ozQA7NGabmjNADs0ZpuaM0AOzRmm5ozQA7NGabmjNADs0ZpuaM0AOzRmm5ozQA7NGabmjNADs0ZpuaM0AOzRmm5ozQA7NGabmjNADs0ZpuaM0AOzRmm5ozQA7NGabmjNADs0ZpuaM0AOzRmm5ozQA7NGabmjNADs0ZpuaM0AOzRmm5ozQA7NGabmjNADs0ZpuaM0AOzRmm5ozQA7NGabmjNADs0ZpuaM0AOzRmm5ozQA7NGabmjNADs0ZpuaM0AOzRmm5ozQA7NGabmjNADs0ZpuaM0AOzRmm5ozQA7NGabmjNADs0lJRQAtJRRQAUUUUAFFFFABRRRQAUUUUAFFFFABRRRQAUUUUAFFFFABRRRQAUUUUAFFFFABRRRQAUUUUAFFFFABRRRQAUUUUAFFFFABRRRQAUUUUAFFFFABRRRQAUUUUAFFFFABRRRQAUUUUAFFFFABRRRQAUUUUAFFFFABRRRQAUUUUAFFFFABRRRQAUUUUAFFFFABRRRQAUUUUAFFFFABRRRQAUUUUAFFFFABRRRQAUUUUAFFFFABRRRQAUUUUAFFFFABRRRQAUUUUAFFFFABRRRQAUUUUAFFFFABRRRQAUUUUAFFFFABRRRQAUUUUAFFFFABRRRQAUUUUAFFFFABRRRQAUUUUAFFFFABRRRQAUUUUAFFFFABRRRQAUUUUAFFFFABRRRQAUUUUAFFFFABRRRQAUUUUAFFFFABRRRQAUUUUAFFFFABRRRQAUUUUAFFFFABRRRQAUUUUAFFFFABRRRQAUUUUAFFFFABRRRQAUUUUAFFFFABRRRQAUUUUAFFFFABRRRQAUUUUAFFFFABRRRQAUUUUAFFFFABRRRQAUUUUAFFFFABRRRQAUUUUAFFFFABRRRQAUUUUAFFFFABRRRQAUUUUAFFFFABRRRQAUUUUAFFFFABRRRQAUUUUAFFFFABRRRQAUUUUAFFFFABRRRQAUUUUAFFFFABRRRQAUUUUAFFFFABRRRQAUUUUAFFFFABRRRQAUUUUAFFFFABRRRQAUUUUAFFFFABRRRQAUUUUAFFFFABRRRQAUUUUAFFFFABRRRQAUUUUAFFFFABRRRQAUUUUAFFFFABRRRQAUUUUAFFFFABRRRQAUUUUAFFFFABRRRQAUUUUAFFFFABRRRQAUUUUAFFFFABRRRQAUUUUAFFFFABRRRQAUUUUAFFFFABRRRQAUUUUAFFFFABRRRQAUUUUAFFFFABRRRQAUUUUAFFFFABRRRQAUUUUAFFFFABRRRQAUUUUAFFFFABRRRQAUUUUAFFFFABRRRQAUUUUAFFFFABRRRQAUUUUAFFFFABRRRQAUUUUAFFFFABRRRQAUUUUAFFFFABRRRQAUUUUAFFFFABRRRQAUUUUAFFFFABRRRQAUUUUAFFFFABRRRQAUUUUAFFFFABRRRQAUUUUAFFFFABRRRQAUUUUAFFFFABRRRQAUUUUAFFFFABRRRQAUUUUAFFFFABRRRQAUUUUAFFFFABRRRQAUUUUAFFFFABRRRQAUUUUAFFFFABRRRQAUUUUAFFFFABRRRQAUUUUAFFFFABRRRQAUUUUAFFFFABRRRQAUUUUAFFFFABRRRQAUUUUAFFFFABRRRQAUUUUAFFFFABRRRQAUUUUAFFFFABRRRQAUUUUAFFFFABRRRQAUUUUAFFFFABRRRQAUUUUAFFFFABRRRQAUUUUAFFFFABRRRQAUUUUAFFFFABRRRQAUUUUAFFFFABRRRQAUUUUAFFFFABRRRQAUUUUAFFFFABRRRQAUUUUAFFFFABRRRQAUUUUAFFFFABRRRQAUUUUAFFFFABRRRQAUUUUAFFFFAH//ZDQplbmRzdHJlYW0NZW5kb2JqDTEzMCAwIG9iag08PC9CaXRzUGVyQ29tcG9uZW50IDggL0NvbG9yU3BhY2UgL0RldmljZVJHQiAvRmlsdGVyIC9EQ1REZWNvZGUgL0hlaWdodCA2MjggL0xlbmd0aCA1MDc4MCAvU3VidHlwZSAvSW1hZ2UgL1R5cGUgL1hPYmplY3QgL1dpZHRoIDQ0MD4+DQpzdHJlYW0NCv/Y/+AAEEpGSUYAAQEAAAEAAQAA/9sAQwAIBgYHBgUIBwcHCQkICgwUDQwLCwwZEhMPFB0aHx4dGhwcICQuJyAiLCMcHCg3KSwwMTQ0NB8nOT04MjwuMzQy/9sAQwEJCQkMCwwYDQ0YMiEcITIyMjIyMjIyMjIyMjIyMjIyMjIyMjIyMjIyMjIyMjIyMjIyMjIyMjIyMjIyMjIyMjIy/8AAEQgCdAG4AwEiAAIRAQMRAf/EAB8AAAEFAQEBAQEBAAAAAAAAAAABAgMEBQYHCAkKC//EALUQAAIBAwMCBAMFBQQEAAABfQECAwAEEQUSITFBBhNRYQcicRQygZGhCCNCscEVUtHwJDNicoIJChYXGBkaJSYnKCkqNDU2Nzg5OkNERUZHSElKU1RVVldYWVpjZGVmZ2hpanN0dXZ3eHl6g4SFhoeIiYqSk5SVlpeYmZqio6Slpqeoqaqys7S1tre4ubrCw8TFxsfIycrS09TV1tfY2drh4uPk5ebn6Onq8fLz9PX29/j5+v/EAB8BAAMBAQEBAQEBAQEAAAAAAAABAgMEBQYHCAkKC//EALURAAIBAgQEAwQHBQQEAAECdwABAgMRBAUhMQYSQVEHYXETIjKBCBRCkaGxwQkjM1LwFWJy0QoWJDThJfEXGBkaJicoKSo1Njc4OTpDREVGR0hJSlNUVVZXWFlaY2RlZmdoaWpzdHV2d3h5eoKDhIWGh4iJipKTlJWWl5iZmqKjpKWmp6ipqrKztLW2t7i5usLDxMXGx8jJytLT1NXW19jZ2uLj5OXm5+jp6vLz9PX29/j5+v/aAAwDAQACEQMRAD8A9ppcYpKTNdZwjutFJijNAC0UmPeigBaMUmaQuqj5mA+poCw6ikDA8gg0tIYvFLSZozQAGiiigBaKSloGFFFFIBaKKKBhS0lLQAUopKWkMKWkpaACiiikMWjNJS0ALRRRQAUUUUhhRRRQAtLSUUDFzQKSloAWiiikAUuaSigYtLSUtIYUUUUAFFFGaAFoozRQMKKSigBaKKKAM+lxilpMVuconeubm8VNN4qi0HSLUXskRDahPv2x2qemccuey/8A18UfGuv31vqGneHNNkWzu9UJUahMMRxL3CnvJ6D3HqK3vD+gWPhzSksbFDtzukkfl5XPVmPcn/61Te70KtZXZq5opaTrVElUme9vDZ2r+WqAGabGSmeij/aP6D61M+laZbLhraOaQ9XmHmMfxaoNDlH9mmfo80sjtz/tED8gAPwqPUb1Nr26TKLuSJzCm4BmIHaspTftORGnNZWjuStp9oTvtQLSXs0Qwp+q9D/nmnWs7yb4plCzxHDgHg+hHsf/AK1ci1xrP/CM2bqlz9tEv7xc/vNuW6/pXTs//E0tWHWRHRvoMEf1/OumVNx0bNvZuUG2aFME0RlaISIZFGSgbkfhRcTxW1tLcTOI4YkLu7dFUDJNeQaY11p9/pvxBundF1e/khukY48u2kwsOfZdgOe4K1g3YwirnsBljEoiLqJCMhd3JH0pxYKCT0FcPqv/ACWLQf8AsHz/ANazJdOtoNa1Kx1TXvFGn+TE1zDM+qN5U0IxuYHHBBONvXpRcaidfp/jDRdS/s4RXLI2ooz2olQr5gU4IBPGeOmc07WvF+g+HrqO21W/FvNKm9FMTtlc4z8oPoa8b8MxWmp+HtLsrO61+41xJj5dlDetFDAM8zA4IRdrYyOckiu48eMNIv8AwjjV2shbtMn2+5Tz2GIgNzA/eJ6Z9TmlzOw+VXsdCnxC8KPaJdDWYVgd2jVnV1yyhSRyM8bl/OtLSPEuja6ZhpeoQ3RhAMgjz8oOcZ/I15L4e1PT9Kh8EX2pzqlqqakGlaMkEmQgcAHrXW+FNS0/V/HPim90yVZbR7a2CuqlQSFYHggd6FIHFHRWvjjwze3cVrba1ayzzMEjjVuWY9AK0rTVrS91K/sIHY3FiyLOCuACy7hg9+K8Q0K4M+l+DLT+19Pk26pHi0hjC3MPzP8AMzbjkc+ncVb1PSr7SIPGepWXiLWRLYT28SyfacGdiEB8wgc43YHTFLmHyo9lv9Z0vSig1HUrOzMgJQXE6x7sdcbjz2rHufiH4RtTh9dtXPpCTL/6CDR4pS/nktk0/wD4R93j3eaNWDErnGNmOnQ5/CuF0qTxJb+O9Z+yy+GIrr7NB5mTIINvONmOc+tNsFE9V0zUrbV9PivrQuYJQSheNkJAOOhAParlZmiXF9PYD+05rCW9BO/7AxMYGePvc9K06ZIoopKKAFooooGLQKKKQCijNJiloAWikpaBhRRRSGFGaKKAFozSUtABk0tJS0ALRmiikFwpaSloGFFFFIYUtFFABRRRQMKWkooAKKKKAKPNHNGKOa3OUzNe0Kx8R6XJp9/FviflWBw0bDoynsR/niuc0HXb/Q9Vj8MeJpd8z8adqR4W8Ufwt6SDjvz9cFu24qKa3hnMZmhjkMbh0LqDtYdCM9D70mhp9GS5ozSUppiMUO9nLNac8u0sP+0rHJA9wSf0rE1i3j1IRl3khniJMU0ZwyH/AArrrq0iu4tkoPByrKcFT6g9qzJ9KvMfu5YJ/eVSp/Ejg/kK3pSgp873MpRlzXTMnSDdwxtHc3z3jFvlZkC7R6e9b1iPtF35wP7qFTGp7MxI3EfTAH51FBo8mAJ5lVf4khUjPtuJzj6YrWjjSJFSNQqKMAAcCitUjJ3R2uu+TlMHxppupaz4an0vS2RJLt1ikkdsBIifmPvxxj3rE1H4T+F5tJuYLKwaG6aFhDK1zKwV8fKSC2CM+1d3S1zWTMU2tDh9P0DXJPEvh3VtRSINZac9tdMJQxMnIBHrng/jVbVoL+5mXU/F0LLp0MxW10qwja43NyRJMVGWHy5AxjpnnIPoFFKw+Y818P8AhTU18F6FqOnMdO8Q2cDqFnQhZoy7N5Uq9cHOR3BP5amtaT4r1m/0DUbePSrOayRpJY7h3k2yOpVlG0YYAc9Rz3NdtS0coc2tzybwXa6+9poGliS7htEuJ766lMPlKiLIyrCD/FubLEHnBHYV1kMmuaZruuWK2s2o280JvrCR3KqrH5WgLkYXnlR6Z/DraKOUfM2eQReDfE1l4XsReNYWKaMTdxPZW5uLuSRdxAI4U/e9+gqe8tL7/hDLjQ5tOvZNd1+6W+n8q3YxQl5VYhn6KFVACCeDXrNGKXKPmMTV/D3h+5+0alqOi213Kse52NuJJHCjoB1JwOBXGeGfDeh6x4u1m7/4RoR6T5MC263ViYl34O7arDr64r0+inYFJlDTND0rRvN/szT7a083HmeRGF3YzjOPTJ/OtCkpaYgooopALRSUUALS0lFAxaXNIKKQC0UZooAWikFLQMKKKKQxaKSigBeKWm0tADqKbS9KAFozSClpDFozSUtIYUUUUAFLSUUALRRRQMKKKKAKVJmg0VucoUUfhRQAfjRS80nNAC0UnNFAC0UUUAFLSUZpDFopKWgBKWiigAoozRQMWjNFFAC0UUUhhS0lLQMKKKKQBRRRQAtFFLQMSlpKWgApaKKQBmlpKWgYUUUUhhRRRQAtFFFAwzS0lFAC0tNzS0BYWl4ptFIY6gGm0uaAFopKWkAtFJS0AFFFFAymqs7hR1NTfY5PVfzpltzcr+P8q0aqc2noZ04Jq7KP2OT1Wj7HJ6r+dXqKj2kjT2USj9kk9V/Oj7HJ6rV6ij2kg9lEo/Y5PVfzo+xyeq/nV6ij2kg9lEo/ZJPVfzo+ySeq/nV6ij2kg9lEo/ZJPVfzo+ySeq/nV6ij2jD2USl9kk9Vo+ySeq/nV2ij2jD2cSl9kk9V/Oj7JJ6r+dXaKPaSD2cSl9kk9V/Oj7JJ6r+dXaKOeQeziUvsknqv50v2ST1X86uUUc7H7OJT+yyeq/nR9lk9V/OrlFLnYeziU/ssnqv50v2WT1X86t0Uc7D2aKn2aT1X86Psz+q/nVuijnYciKn2Z/VaX7M/qv51aoo52HIir9mf1Wj7M/qv51aoo52HIir9mf1Wj7O/qtWqKOdhyIrfZ39VpPs7+q1aoo52PkRW+zv6ij7O/qtWaKOdhyIrfZ29RS+Q3qPzqxRRzMOVFbyG9R+dL5Deq1Yoo5mHKiv5Deoo8hvUVYoo5mHKiv5Deoo8hvUVYoo5mHKiDyW9RR5LeoqeijmYcqK/kt6il8lvap6MUuZhyog8pvajym9RU9FHMw5UQeU3qKCjDtU9FPmYcqK2aKmZA3sfWoSMHBpp3JasHWiiimIgtv8Aj4T8f5VoVn2w/wBIT8f5VoUVNwpfCFFFQSOS2O1Qlc0bsT0VVop8pHOWqKq0Uco+ctUVVoo5Q5i1RVWijlDnLVFVaWjlDmLNFVqKOUOYs0VWxRRyhzFmiq1FHKHMWaKrUUcocxZoqvRRyj5ixRVeko5Q5izRVako5Q5i1RVWlFHKFyzRVaijlHcs0VWoo5QuWaKrUUcoXLNFVqKOULlmiq1FHKFyzRVaijlC5ZoqtRRyjLNFVqKOUCzRVaijlAs0VWoo5QLNFVqljY5waTQElRyLkZHUVJRikBWzRSdCRRWhmQ23/Hwv4/yrQrPtv+Phfx/lWhSqbhS+EKrN98/WrNVm++31pRHMSs/TNVi1NrgRjHlSbRzncvY/jzVPXINYlVvsUq+RjlE4c/if/rVy+ixalLdsdOYowHzsT8oHv613UsPGdNyckccqsvaKNtD0SsQ6trG47fDsrAHGRdRc/rWrbCdbZBcsjS4+ZkGAawNHsbua1mki1a5gQ3VxiNI4iB+9buyk/rWEErNu34/obNvoXbDWbi51VtPu9NezlEPnDdKr5G4D+H61FP4jO25Wz0y+uJImeNWWIbGdcjrnpkU6GySw1qG5utQuLm5uIzbRb0QDA+c/dUf3TVTVRO2oQJJYgtPIYovK1OWLOAzZKqAOg689RV2i5aL+vmK7SLUHiLc1tHc6bfW7zMse54gEDntnPSrl3rVhY3P2eeVxLtD7Uid+DkDoD6H8qx9KkkjkM4tFjjE5tnabU5ZMEPt+VWBBORx0P0zTdXe4j1HWLu1vnt2tbCNiFVGDMPMIB3A+3T1odOLlb+v1DmdrjofGEbyuDEzIl0Yjtikz5eBhvu9eeRwcdK09U1h9PuLSCOCOV7gOQZJhGBtx3IPrWIt1NFr11aNOI4lMeoXUqnBVFjUFSBzklVJ9s+tWPE5tHa2u3lhf7NbyT+TNbecHQlRnG5cHJHerlCCktNBKTtuI/i+ZLS4uTY2+yB2RgL0FiQccDbzXQXl59jhEn2eebJ27YU3Ee+PSuJl0eAWOow3Emn2/lytuf+zv3mCN4MZDnjaCQOoAPpXR62fOjiaDT571vLLo8c5jjC+5U5J9AAc0pwg5JR/r7xxk7akEfi6PyGeawu0YzPDEPL4dgSFUf7RxjHY/TNdDCzvCjSJscqCy5ztPcZ715vbWa20X229V0kOZCJbW7AgLfeAI9+pyc+tehafbG0s44jjcOThmIz7biTSrwhH4QhJvcsMwRSzHAAySe1ZkGrmXQH1Z7dkQRPMkZPJQZKk+hIAPtmp9YV20S/WMHebeQLj12ms2Ro/+EBZoxiL+zPlB7Dy+KzjFNK/ctvUibxHqSPbK3h+UG5JEQ+1R/Mdpb144B64q9Y61JcR3xurJ7WSzx5kZdXJG3dwRx0rmbiz2XWkIdL1UEuwIN7kv+7b7v735fXtwCPar+mp5cfiJPJnhwo+SeXzHH7ru25s/nW86cLaL+r27mcZSuaVv4os5HRbmOSxR4RMkl0yKrKemCGPPPSpLPxDZXurzWMNzbSBURo2SUMZCd24Ad8BR+dc9pVrqBuIVTUA876QrQMYlAj+ZSFPXI7E9cVt6azN4gv5JohDIbS2Z0JB2H95kZHBx61E6cI3KUm7DV8Vx/a7a2l0rU4XuJBGhkhUDPr97OB1PpWpf6hHYLFvSSR5pFijjjALMx+uOAMkk9hWBq3n6dPJ4khvIbqDbGqwtHnEbMoOxwepznOPzxRJa3er+JryaPUPsp09RDCqxq5BdQxYhhxnIHHXFL2cHZ30HzNaHVZrEuPE1pBPMvkXckEDFJrmOLdHER1BOc8d8A4qzod/LqGkxzz7DKGeN2j+6xViu4exxmuaMN7d6Jql3aXKQ6dLJM7Wzj52UEh8OfubsHscZ60oU1dqQ5S7HaqwZQwIIPIINVL6/NjJabot0U0yws2eULZ2nGOcnA/GsG88+6+zXcUV/JpzWSskVlceXJETzkrkbuMAcnoeKn1iQXPhCJrWdp3lMHkysMM7F12k8DnPtS9nZoOY6SijtRWJqtgooooAKKKKACiiigAooooAKKKKACiiigoKKKKACiiigAoqO4hE8DxF3TcMbkbBHuDWXu1ST/QWXYw+/eL0ZPUDsx/Tr6VSjcTdjY7U9Pvioo0EcSICWCgDLHJP1qWP74qGMmoooqAKzD5z9aKG++31orRGZXtv+PhPx/lWjWfbf8fCfj/KtClU3Cl8IVWb77fWrNQyId2QMg0o7lTV0R1TsdNh09pzCOZpC59vb6dau7W/un8qNreh/KtObSxlYSshvDtqZZHiuL6DzHMjJDdOq7ickgA8cmtja3ofyo2t6GkpNbMHG5l22hWttdx3Rlup5owRGZ52kCZGDgE8cVLBpUMV+968ks85yEaVsiNT/AAoOAB+vqTV/a3oaNrf3T+VPnb6hymP/AMI9b/azN9puvKM/2j7PvHl+Zndnpn73OM4zUp0LT5Jp5bi2juXml80mdFbadoGBxwMKK09reh/Kja390/lQ5y7hymJL4Y02WFYgs0Zyxd0lIeUNjeHPVgcDOfQYxVy70izvUuVmjJNxCIXYNztBJGPTljV/a3ofypdp9D+VHtJdwUV2MiDQljuYp7i/vbsxZKJO6lQSCpOAoycEjn1rQt7aK0to7eBdkUahUXJOAO2TU+0+h/KjafQ/lScm9xqNjIuNDW6uC9xf3skJkD/ZmZfL4OQOFzgEDvWsKXafQ/lRtPofyocr6MLDSMjBHFZo0S2GkDS9832UNnbu527t2zOPu9vXHetTafQ/lRtP90/lQpW2HYp3VhHdzW0zNIrW7MybSByVK8/g351DZaNDaQ3MbTT3DXJ/eyTMCzfLtxkAdhWltPofyowf7p/Kjne1xcpnWuiafYwslnbR2ztH5ZliUB8f73r35o07SI9Oknl+0XNzNOFDyXDhmwucAYAAHJ7d60cH0NLg+h/Khzb6jsjITw5pccySJbsBHJ5qReY3lq3qEztB/CpLzRLC+uDPNE4mKeWzxStGWX+6dpGR9a08H0P5Um1vQ/lT9pLe4cq7FAaRYrLZyJAENkGEAUkBAwweBwfxqvN4c0ueWV3t2xK++WNZXWN29SgO0nj0rX2t6H8qTa3ofyoU2tmHKuxn3Wi2N3KsskUiSBPL3wytGSv907SMj2p8ml20iWcYUpDaOHjiXAXIBC59hnI9wKu7W9D+VLtb+6fyo533HyoSil2t6H8qNrf3TU3KEopdrf3TRtb+6aLgJRS7W/umja3900XASil2t/dNG1v7pouAlFLtb+6aNrf3TRcBKKXa3900bT/dNFwEopdp/umja3ofyouUJRS7W/un8qNreh/Ki4CUUu0/3TRtb0P5UXQCUUu1vQ0bW9DRdAJT4/vim7TjoakjQg5NJvQCSiiioArN94/Wikb75570VqtjMht/+PhfxrQqhb/69Px/lV+pqbhS+EKKKKg0CiiigAooooAKKKKACiiigAooooAKKKKACiiigAooooAKKKKACiiigAooooAKKKKACiiigAooooAKKKKACiiigAooooAKKKKACiiigAooooAKKKKACiiigAooooAKKKKACiiigCq332+tFDffb60VqjMit/8AXr+NX6oW/wDr1/Gr9TU3ClsFJS1naheCLEYkkjcENkLkH2rmr1oUYc89jaMXJ2Rf3DdtyM9cUtYKagBdSTtnnAA9qv6beJOpjEryyLyzFcVx4XM6OIlyLc0nRlBXZfpPMXaG3DBOAc/hXL/EbVr3Q/AWp6jp8whuovKCOyK4G6VFPDAg8E15q3hqxTw8mij4s6Q2mRS+etr5UBUtndg/veVzzt6Z5xXpGJ7nmjcMZyMeteY23iXxDqHwQTV4ybnVbhJUkuF2x+Unmupk42gbUGc8cgE965TV77Vb3wJDbWEmoafps1l5dnpcWl+ebmEMQskkoHyMwGSBkcBgfmoA95zS1w3w4u9QubW5S+1i+vxDHCqR3Wl/Y/J4bIU/x9OvbA9a7mgAooooAKKKKACiiigAooooAKKKKACiiigAooooAKKKKACiiigAooooAKKKKACiiigAooooAKKKKACiiigAooooAKKKKACiiigAooooAKKKKACiiigCq33z9aKH++31orVEEdv/AK9fx/lV6qNv/r1/H+VXqmpuKnsFZmprIY3dxGYVXgYO7d9c1p010V12uoYehFcuJo+2puHc2hLldzlGhcxlih2kdfatzTImihQRiIW5QHCg7t3fPrVv7PH55mx8xXYeeMfSpERY1CooVR2ArzMBlKwtTnvc3q4h1FY5/wAUjVp20my0yENHcXyC8leNXRIFBZgQwPLYABx17g4rynTvEjW1pZX91FcXniKOKS1utGfTCqTt5x2FSqBUcKeTg5wB617vS17RzHnV7p+rXHgO90LXtLv7t/tnkxPpXlRtcRb96vgfKg42sCP55rlboarp2o6TZX+l+LYLUQzk2un6i11O+Cu12ZCBjGRjtivb8UUAcB8Nri4mvPECOutx20c8Igh1lmM8YMYLZ3E4ycnr0Irv6KKACiiigAooooAKKKKACiiigAooooAKKKKACiiigAooooAKKKKACiiigAooooAKKKKACiiigAooooAKKKKACiiigAooooAKKKKACiiigAooooAKKKKAKj/fb6milb77fWitUZjIP9ev+e1Xaowf69fxq9Uz3HT2CqM2qQQaxZ6YyuZrqKWVGAG0CMoGzznP7wY47Gr1eYa3Gt38XbA22hwXiQQuJ5CwR2kHkkkZOD5aPERnGcsM5FQWdWPHGiGzW8zqItWUOLg6VdCMqejbjHjHI5zitfUtTg0uGGW4DlZriK3XYMnfI4RfwyRmvF0e5PhS0064sntd2mW88dxN4iuCkqNgApBgqxyB+7HTcoGciu1+JtrBe2+jKdKlvJ2voFjkMhiiQGaMFXbORuyAMKxHJxxQB0f/AAl+kmaeKMahM1vK0MrQaZcyqrqcMNyxkHB9DV211rT7zSG1WK422SCQvLMjRbPLJV9wcArgq2cjtXjt1dSaYl4Td29m82vyYU+Ip7Vmi+1bH/dKMBPlYGQcgZPUV2Wo6Pb6t8Kr21tvIWDy7iaBLHU2uY55PnYbpnALZlOSPUAEkZFAG4PHWgpdWltd3aWMtzZLeAXjpF5atjarZPDnJ4GfunOOM6tjrWlaokr6fqVndpD/AKxoJ1cJ9cHjoa4q5Gos93bafGVl1G5iESW08e4fZ5I1nmkbfu6DZtXO0IAQCxFasVjf/wBj+KorXyrq5umna2vEkX9+5QoI35+Voyoj7DCjodwABs2nijQNQuktbLXdMubiTOyKG7jd2wMnAByeAT+FXL7UrHS7cXGoXtvaQFgvmXEqxrk9BkkDNcjpOran4bsvD+n61ocNrazCKwjngu/OeOXaFRZF2ADdjGVZgDgd81xvxB1zSvEljr7yapZiPS1NtYWhuVDzTll82XZkE4GUXr/Ge4oA9iuL2C1mtYZn2vdSmKEYJ3MEZ8cdPlRjz6fSqtlrNvf6tqmmxJKJtOeNJWYDaxdA42856Hvjmud8bX2l32hWyR2Mmt3Ewa5sIrNpGDFV2mQvEc7QJMHB53YAJNedW+iLpnh6G+Fvo2qz3L+WjRapeCe6lzjYEAXDDIGDjaBz3NAHuGn39tqmn29/ZyeZbXEYkifaV3KRkHB5FRy6lDDq9rpjK5muYZZkYAbQsZQHPOc/vFxx61QTQEm8LWekl7jTRFDGpXT7lkMZUD5VfqR256ivPdW0i3tPHVjbrrfiGSytk8i+vDqbk2rz/wCqXd1AYxqCOnzoT2oA9cZgqlmICgZJPAFc3cfEHwrb3tna/wBu6fIblmXzI7qNki2qWy7bvlBxgepIq1p3h1tKtLyK31jVJpLhQFlvbg3BiIzgqH478jvgV57Pa6naeMb6S7m1l0tYltrWe10JZklVsPIflj2/eCjPX5TQB6bp+vaPq0rxadq1heSIu5ktrlJCo6ZIUnAqC98R21lLqcL29y82n2y3TxogLSxHdynPOCrAjg5HuM4Hgu6OqXl1PBql7LHaOYJ4bjS47b58fdyFByvGR2yM9axr+DwdBLdTprfg6UtLNcTG/to7mcu8jOQCsqkgZChcE8UAd9Brdndaqun2zNNIbYXTSRjMaIxwmW9W+YgeinpxmLUfEumaXqC2Ny9y100XnCK3s5pzszjcfLVsDPFedeGV8PatqVndy3PhSwaO6imsUsEigupmwRtkQSPgEsMKDu9QDxXUXy3k/wATJYtPuYra6GiKRLLAZVXNweqhlzkKe9AGr/wmGlf88tW/8E93/wDGqs6j4j07SbKK8vTdR28kZl3rZTPsUAEl9qEpgH+LHf0NcBY3XiTRPCV7rVpqun3EEmrS4i+wn97vuzEWD+bwCSWAweMDJ612vjeXZ4L1WEIzyXUBs4lUZLSTfukH/fTigBH8baLEqPK2oRI7KivLplyiksQFG4x45JA/Gugry3WJp30ux0+fULiPxHos3lWlqscb/b5SpWCfDggjbli38B391Fd1d6LPqeiWlle6tfQ3MQRprqwl8h5XC4PTopJJx9PSgCuPGFg0TSCG5wurf2SRtX/W7tu7733cnr19q27i6gs7aS4uZ44IIxueWVwqqPUk8AV5FHZzR+GJrK0vpROvjIRR3c2JXDCUAO2fvEHnnqa9L0TTdP0o3VpBdvdXrMs15JPN5kzlhhWf0BCkAAAYBwOtAFC++IXhayNt/wATzT5xPOsBMF1G/l7s/O/zZCjGCe2RnjJGpYeItE1S4+z6drGn3kwUt5dvcpI2PXAJOOa4KDW9RtrQNrl94mtbp7podtvpluYsmQrEqkwkkldnfkmup8IT6jcPqhvjfvbpcKto9/bJDKyeWu7IRVB+fcOnagDX1PWbPStKvNQmkDx2sLzOsbAswUEkDJHPFJbazbXOpXNiBIk0G05dflkVhwyMODzkY6gjpjBPm3jPTdD0S38QW8ul6TdS3VjJPZLBYR/a7ZtpDFtqcRg/P5jEEHI5OK1PCWk2t9rrGXRNG0640UiG5jhsoRLPcFQfNB25SL+JMYLHPIxggHSXfjjw/Y3txaXF3OJ7eRYpVWzmcK7Y2jKoRk5GOec03/hPPDn9o/YP7Qb7R9o+zY+zy7fM37Nu7bt+9xnOK5DXHuR4y1NUXUDbnVtK3mIQ/Zwd8ON+795n028dM96vn+0DYHQBpM3m/wBveb5/2q22bftn2rp5u/PlfNt259sUAdlq2u2GhxCXUHmji2s5dLaSVVVeSWKKQo+tZSePdGNyYJk1K3kaQpAsunTg3AChiyAKSR19DweMcnM+JKJFY2UpeRRdT/Y5g15LHF5Zjlc5QTwoSSoGWYZBxzwK4DUb9rKye9hv0mntIm8hRqTkgcZVdmpMwBwPuqeg4NAHtk+q2NppyX93dxWlqwUiW6byQN3QHfjB9jzWJD8QvC02p3NkNbsFFuiMZ3uo1ictn5UYt8xGOccDIHWmeJ7KG10fSbRfNkiGrWg/0iZ5mIMwJyzksevc+1ZD3WorYzaqI9E+yJqxsRbHTTvMf2v7PnzPMxnHP3evagDuLHUbHVLf7Rp95b3cGSvmW8qyLkdRkEjNWq5nwaiRx64iKFRdXuAFUYA+7XTUAFZP/CR6asl6J7iO2htJlt3uJ5ESNpCoYqpJ5IBGffjscarDIIzj3FeSeGprOPT9Rvv7Wubm2glMNm+paZLOoDygO5CKm+SSUjHJYDGepAAO/wBI8YaFrTvHa6jbecLiSBYmnTfIUYjcoDHKnGQe4rR1PU7TR9Omvr6URQQrliep9AB3JPAA5JIFcT4SjgsdYWz+12rvczXF2El0C4tZCWJZgkkjYAUsOME4496h8S26p4tjku9Y1qe+gX7TbW9jpYuIraNiVU7drDflW+c8+mOlAHbaLrdtrlm09ussUkbmKa3nULLC46q65OD39wQRU8+pWtrf2llNIUmuw/k5U4YqASM9M4yQO4B9DXnVrEL3xPbXC6z4is9XuFaGCe40cW8cpVS+2TMYWQBVbAPI7EV12uvcLrmhwzJYXGn3N35Zhmti0kcixSyCRX3YBBQD7uevNAGtqOow6ZbpPMrsrzwwAIATukkWNT9MsM+2aXUtStNI06e/vp1htoELu7dh6D1JPAA5JIFcFqfhbTLbTmjvPDWjxOmsWccNzDaRKJ4XuYuMAZBCsUYHg4z0OBd8dSWGiaZpsNjp4N9G+NNhRCLe2YlU850HyYQuuMgncwx1JoA6q41iK1TTnmguVW+lWFSY/wDVMylh5g6rkjb9SBUuqapaaNpk+o30vlWsC7pHClsD6DmvOfF9hp0N/pav4NluJjqkQmvTbWv+nZVtw4YEljz8wUcdq0/F1raW3wj1r7Ho40hJISzWnlRoVbcBkiMlckAdCeMfSgDoP+EvsP8Any1v/wAE11/8bq5pevWWrz3EFsLpJrdUaSO5tZYGAbdtOJFBIO1unpXnWs2d02tagTY2srJd20Mjpq96gD3EgVRtVgFIDIxA7MMV0ng6Qvr2pqxhLRWNpAfJd3UeXLcpjdJ8xI24JPU569aAO0ooooAqsPnP1ooY/OfrRWqM2Rwf69fx/lV6qUH+uWrtTPcdPYKzLrSjca9Y6os4RrS3nhEZTO4yGM5zkdPL6d89q06Kgs4608DzR6RYW91rc0l7pqIun3UNvHH9l2ps4BBLBl4YMxB7BeMaeuaLqGsW1hCmo28P2eeG4lZrQuZHjdXGP3g2gleRzwetb1FAHF6d4O1DSrmM2ep24jFlHDLJPbmZ5phJLJI+Cw25aUnqeuOMDNjSvCU0Xg+z0TUbmNjFdm4m8lcpKBcGYLhhwD8ufxHvXWUUAchN4T1RoJoIdV09U+03VxbSSac7S25naQthhMASPMYZwO3Fadn4ZtrODUIFuLjytQjVZ1D7Tv2bGkUjkOw25Oeq56kk7lFAHL2/hG4a8s5NV1681S2sZVmtreeKJcSKCFZ2VQXIz7c8nJqzr/hHSde0e70+S2htzcjBnihUOvIOQcdeK36KAMjU7HVZIYLbRr+10yEAiR/svmuo4wEG4KP4uSD24qLSfC9hpV29+zz32pSAh728ffJgknavZF5+6oArcooAo6rb391YNDp18tlcMQPPaESlV77QSBu9Ccj2NVrHw1pdhocujrb+dbThjcmc73uGb7zyMeWY+v0xgAVr0UAY+haVeaOk9rLqcl7ZAj7Is6fvYV7oz5+cdMEjPqTVHUfBVlcyXFxp95f6PdXBZpZdPuDGJGIILMnKE8k7sBs85zzXTUUAYvhjSbnQ9Gj0ydrNo7c7IGtYWiDR4HLKWb5927Jyc9epNR+KLTXL/TmstGGnBLmOSK4e8ZwVVhgFAoOTyeuO1b1FAFPSrBdM0iysFfzBawRwh8Y3bVAzjt0rDvvDmqXOoard2+rLay3/AJNuJViy8FsisSqHPDl3c7jkAEcZFdRRQBy934WuJbKz0i0vbS10O2e3YWws2aUrE6vt8wyY5Kdduee9Xda0W41S8s7hLuJFst8sMEsG9GuMYSR+QSFBbAGOSDngVt0UAckfAsFxJ9vvtUvp9cBUpqaN5bw4/hjQfKqcnKkHdk7snmtGbQp9T0W3sNY1SeZ0fM0tmTa/aByNrBSSAQRkAjJHYcVuUUAcZF4Ajs9Cl02xvlt9uqjUrVhBuWAhgyoV3fMABjqM1oaf4f1K0Gr3UuspLquoIiLcpaBUhCKQmIyxzgsTy3Oa6OigDi5/COoJNp1hZS2g0qK7hv7u5uGd7u4nR95J/hO7aozngcAYAFblloS6ZrM93Y3Lw2dyrNNY7cxmUkHzE/uE87gOGJB68nYooA5S/wDBudEu9L0a5t7GO/jkjvri4ge5nn3jG4yGQHIBb727qMYxWve6DY32qWmpuJYr614SaCQozpnJjfH3kJ7H8MVqUUAcfrvgHTtUeS5QStdzXsFxN593MY2VJELLs3bT8ikAY9OR1qU+FJ/+EVe2NxF/bbTfb/tm3gXmchhxnYMBMf3OK6uigDB13w7LrjSltRlgX7FNbwpGCBHJIpUynBG4gcAdsnnJGK3/AAjF7NqBnuNTiWKaTzLyKzhlh+0/umiAJ84heGBJAydi88DHT0UAYUnh+afRtNsLjUpJ5LK5hn+0Spl5RG4YBufvEAAt6847Ul34T0eSWS8tNI0iLU2k85bqaxWQiTdnecFSTnnO4HPNb1FAGR4f0ibR7W5W4ukubi5upLqSSOIxruc9FUsxAGB3NSaBFqEOkRpqk0kt1vkJaTZvCFyUDbPlyF2g4yM55PU6dFACMCyEBipIwCO1cjqvhC/vLGVY/EWoz3bvAVe6aMRxhJ45CyxogXdhDjIPXB4Jrr6KAOYi8PaqnifTdSutZN9BaxToUlhSNgXC427FGfunOT6UuoeHtUufFj6rZ6ubCFrGO2IjiSRmZXduQ6kAYYdPeumooA5Y+HdYOuaPe3GuvewWVw8rxTQRx9YZEBXYoycuOCcYz7VZ1rwy2tajDePq17bG1UNZpbkKIZsnMp6hyVITawI2lx/Fx0FFAHFTeDNVuNSTUZ9Q0Ga+QqyXMughpQV+6d3m9R6itjV9Iv8AUvDQ0+S5glvDJC7zeWYkbZKrnC5YjhcDk1u0UAcnqvhnXdVntnfxHCiWt0LqFBpwOGXIAJ38jDe1P13w/q+seCtU0ebUba5vbpdscxhMKKOOCAW9Dz711NFAHHjwhqAsp7M6lpjW1xKZ5on0kMskhbcWYGTk5A69MD0FW/Dfh280TVL+ae4s5YJoIIYFtrfyBGIzISNgJH/LQcg+vAxz0tFABRRRQBVb75+tFDffb60VqiBkH+uWrtU4P9ctXKme4Q2CuV8Q+LDpGuaVYpaX8nnXDCYw2TyCRPJkbCEDkhghIHIAPvXVV5/4s0W41TxbpFxfTTw2sd00Fl9kkIkX/RZpHlBAzu3pGAvI/d9CGIqCyzceP4YvF8Gmiz1Xy/sc0kkA06QyMwdAjAYyVwJBkcdK6HW9cGj6A+prayzyHYsNt9x5JHYKicjglmGeOOeK4GTSdYuPFGna6Vf+3fsNxdwW8xCt5aPAiwP2BZHkzxhXlJHAFdLqVwuu+JvDWnmFkSNG1i4gmBWSPaAsSsOx3vnHrHQAnjLxRd6BfaZBDPaW8d1FO7yXEav8yGMADdNEP427k8dOtc8vxE1AzWyxajpdyZbiKIxpBECQ0iqcFbtzkAk8KelaPjqA22taZJCLpjfM0UiQ6hIjs42LGI4/tESnOTkjOMZPrXLWnkJeWtvBBqFqtxqZtpftF+8CM6yqs+CL0kvySMAlj0zzQB6L4l8RXuhrcSW1rYXKW9lJeSRzXrQylUzu2qImB/hGcjkj61k2XiLxDqNzIi3Wl2gfUrixgiewklP7oM2WYTKOint1qD4gWcM8Gj6VZWsl7fWzG5NuJWMj2cY/eozcsQ+ETBPzMVP8JrNtpZrPxtpdrAUuLeTVru5nkAKiF7iJ2ijOcHeEDllxxlc9RQB1iaxql/4I03VLI2i6rc20NyLdztSYkKzRqSflzkgE5xkZqI6trOs6zqMGiXljDa2EcaSPNaNPuuDuLxBlkUZUBM4zgtjtWPqC6dYfDXS5rswsdFubW2a5aPlDBdRxSsncAmNunJFZ/iDW7fTtWkvLhdXlTULYTwWCalJayWbj5cyxrIBHE/DFzyp3Z64AB1ekeJk8QeCkvrfU7S1v3gEUkrriOC62AspVvQnpnpTtZ1nU7f4dX2reWLHU4rF5doZJRHIAeQeVYdx7EZrP1PSoh8I7uC9uU1d4tMmnW7lbzw0hjdt6M2TgbiFOcgY5rn7y28Pa78K9Q1SLRreS6ttMEYv5bNQ0jpCASjkZYKRtz0yuB0oA9Ov7+202wnvruZYra3QySuf4VAyf/wBVcppHiW51jw/JfW2tabFJCxmu5biEywQI+WWLeropZFKhjk89cZrVutJ0fQNE1GbTrDRtOZ4CC8sSQwFsHb5pAHy5P6muP8O6NFrGlwRW994cvbzTpzLK6JLdwtI/JkIDxqXJBIODtHAwKAOk8G69qXiSyv717jT5rIS+VY3FvCyGTaPmZ0LsQM4wCQSASQMis3TvHNxGkkuoy210k9lbXNhFbWzQSzvM0oWPaZHyf3YOc4AJJ4GaueFLW6u7eLxZeQ2D3l/YRy+Xp8DQM+5Q21y0pWQjgAkDHqAa5qz0S4s764sksLplisrfFjfyx3Ra3jnGAAAVBKGdQMnr1oA7DRNW1G0vV0jxHPbtf3A861mhXbHKCMvEuerIcgd2TaeTuxjL41uZfGjaRJrvhq2s0+dWSXzZJP3m3yiS6hZCBnGGxnvU/hXTY7PxHdWyafZW32COQSPDBEplMkzmEkqvBWFQSOP9b0rOs7XX7j4nPqTTJaTS2asbKdFcLbCYqEJUnD4zJkEgMccjmgDQ0/xxqt1p+ianNo1lHYatdJbRlL52lQsSASpiA/hP8XpWvqd7qq+IItOs9U062aeEywxXOnySF9pAbDiVVJGQduMgHNeb6H4i0i68LeB9Ggvon1GDVYGltxncoDPnP5ivSdV0rWr+/jlhvdJWG3lEtss9hJJJG23GdyzLnq3YcHHNAGJpviDxFd6XYXtxqWkRNe3TWsMEelzSMzLIy54n6YQsTjAAPpW74m8V2XhyCON3jk1C4yttbNIE3n+8zHhEHdj09zxXLeDdI12fRLG/hv8ASFkhe6jhabT5HZA07b8ETgclR2zjjPXOv40kihk0NLn+x43uLh4XvNRtRKkQETvwGYYyyAfe796AIv8AhYGkaXFpkN/r2lXzTEx3V1a3UeIpDjafLBJ2ZyN3bAJ4JI0PGfiOTw7pYuoy4QxylpFtZJQmEO07lUqvzlPv4BBPpXJaxq0ejaJPcWmveEb4gon2OCwRTKGYKRxMezE9D0rY+Ien+R4dszaQW8dlanypGeJ5Es4SADKI1ODtVSAdpI3cbeTQBUi8daheRaXHawXU1xeTxyRxxWbRvNbLGHkZWmCIxLYHyngOCCTitfUfGT/8IDdeILTTtRgZoJGthLArkfuyyyMEZgE46k1xc9/aw+GI9b0G10/+1Fv5F0tbKBi12ojMcp2ZLAAF3PrsVjy1dVr1tHJ8I5ItE1UCxt9KYCaNFf7RCkLDbz93OBk9RyODyABL3xffrqV8qTR6fZWsEczNc6Nc3DKGUsxco4CYx0Nb3hrUdS1CG+OooP3Nz5cMospbXzU8tG3eXIS33mZc552153qVpJqGtazo2mx3N3JfJLYwTyarNEq+RBErmQDPmnfMwIb+6RXe+EpGeHUI5bee3nt7ryJEl1GW8GQitlWk5HD9AB0oA6Ouf0fWru+sdW1SSFpbWK5mjs4LcBnkjiyhI6ZZnV8D0xXQVyPgi4t9M8FzJdTxoNNuryO6cniMrNIxLf8AASG+hoAmt/EWsQahpsOt6LDZQai5iheC885opdhcJINi9QrcqSMjHfNVrrxhqaw6lqVnoa3GjadK8cszXOyWURnErRJtwQpDdWGdpxWfoevaT4p8RW+sXes2CLEzR6Tpgu08wFhtMsi5yZGGQF/hB9ScV9P17TNA8C6vpN9eQrqVlLexNaSttklZ5HePap5YOrqQQDnPsaAOputb1W4nhXQdKivLd7Zbn7Xc3BhiYN91EwjFmIGTwAARzzVF/Gk8ugaNqFjpPm3WpXn2L7LPceV5MgEm/LBWyAYmHA56+1Y114iGhaFofhFdSs9P1g6fClzc3U6Ilkioqs3Jw0meFUfU8Dm3f23hGDw74etBrb2mmQXP+iXlrchUeRUcMGmAwpYGTJypJzg5oA6e11C/itbm51y1stPhhXfvivDMu0AlixMabcY9/wAK5dvFHiSz0278QyadbT6VczxCygmuzDLHG7rGhKiE8sWDnLHAIGARy/w/eKut69YaZe3Gu6RFbRyKslyLgpMxcNCsjn5gVVThmIBPUZNcl4g0QQeG9QuNQ8Est7Pqnn/bWa2Ztkl2GCkiQtkqwT059OaAPUrS61rfI2o6dYwwrGWBtL153Zh22mJO2e/pxzxmaV4wN5/bralpsulx6QFkkE0qu5jKeZuYLkKdvYE0eHLG1sb6T7L4NOi748NOPs4DYPCny3J/TFYd5aT3938S7S2jMk81tEkaL1Zja8AfXpQBrW3i7UlbS7nVdEWy07VJVhgkW4MksTv/AKsSpsG3d04J2kgGpPFPiKfR9X0uzTU9J02G6hnke51JCy5jMYCj94gyd5PU9KytY8T6T4j0bRLLSruG5u9QvbR0gikVpYVSRZXZlByu1UIPvVzxBBPqnjjTbaxFk81np88swvbdpY1WR4gnAI+Y+W+OeimgCOy8VXEuv6VZJ4k8Oaql3O8UkNhERKiiGR92fOfjKAHI71ua1qs+k6topZ4xYXlybOYMOVkZSYiD/vLtx33j0rBl0y/svE3hqS6j0dUN9IoNlaNE+fss/Uljxx0+laPjMNONAtIkDzTazbMoJ6LGTK5/BY2oA6iiiq95fWun2rXN7cxW8CEBpJXCqMnAyT6kgUAWKzddvjY6TM6zTQyupjilitHuSjkHDFEBJA/KtGoL29ttOs5ry8nSC3hUtJJIcBRQBxul+OfN1uaPUFvURLC3ZoIdMuXCzs0u8/6oPjATGeDg45Brbk8Y6SPD93rEDzzw20hgMa27rK02QBGEYA7ixA6dT9aydGsNW1BrjxHBKbG4v72OZLeZch7NF2KjjqrFS8gAPDMM96TTL6DSvBeuaq6mVH1C+kRI+WlY3Doir7sQoH1FAFGLxVr621pfyfYvs8GmG9vBcymDzi6q5MYWJ2ZIlYKSAMlwMkgiup0PVtS1G7vob3T7e3jtmVFnt7lpklfneoLRpyuADjIySOoIHE22ivqVnc6fbSX4i+1f2Hf3CNHI4t44lVdqsnyISSTjJBck7u3UeGb7Tr/W9TubPzoXuo4LkRE/u7iNl+S4VSAQWHyN/wBcxn1IB1NFFFAFVvvn60UP98/WitVsQNgH75auVTgH75f89quVM9whsFQT2dvczWs00e6S1lMsJyRtcoyE8dfldhz61PUbTxLOkDSoJnUskZYbmAxkgdSBkZ+oqCyNrK3fUIr9o83MUTwo+48IxUsMdOSi/lUohiExmEaCVlCF9o3FRkgZ9OT+dOzTJZ4reIyzSpFGMAs7BQMnA5PuaAKk+iaVdS3Es+nWsktygjmkaIbpFHQE9SBgUsGi6XbaYdMh0+1SwOQbYRDyzk5OV6HmppL21iSZ5LmFEhYLKzOAEJAIDehww6+o9anzQBDFZWsBBht4oyI1hBRQCEXO1eOwycDtmqH/AAi+hnR00ltLtnsEbeIZE3Dd/eOeS3Xk8nJrUDq2SGBAODg0K6uoZSGVhkEHgigCta6XYWNhFY2tnBDaRENHCkYCKQ27IHru5z6802w0jTtL842Fjb2xncySmKMKZGJJyxHU8nrV2koAo2+h6VaWl1aW+nWsVtdlmnhSIBJCwCtlehyBg1JeaZZ3+ly6bcwK1nLEYXiUlQUIxgYwRx6VPNNHbwyTTSJFFGpd3dgqqoGSST0AFPoAR40lQpIiup6qwyDVO/0TStVaNtR0yyvDGCENxAsm0HrjIOKu0KwZQwIIPII70AZ9joGjaZOZ7DSLC0mK7TJBbJG2PTIGcVB/wifh3ZKh0HTGWaQSyK1ohDuM4Y5HJ+Zufc+tbFFAGXaeGtB0+6S6stE022uEzslhtUR1yMHBAyOCR+NW/wCz7X+0zqPlf6WYfI8zcfubt2MZx19qs0UAU49J06K2t7ZLG3WC2cSQRiIbYmGcFR2PJ5HrVyiigCrp+nWul2a2lnF5UCszBdxbBZix5JJ6kmo9Q0fTtVa2a/tI7n7M5kiWUZUMVK5K9Dwx659etXqKAMW78I+Hb22aCbRrLYxBPlxCNsggjDLgjkDoau3uj6dqNxbz3tlDcSWxJh81AwQnHIB4zwOeoq7RQBSi0jTodTk1KKyt0vZU2POsYDsuc4J/L64HoKgm8N6JcWhtZtKtHtzObkxNECplPVyOmeTWpRQBjz+FdBuWtTPpNrKLXzTCjpuRDKwZztPBJIzkj1x1NW9N0fT9Hjmj060itY5pTM8cQ2rvIAJA6DhRwKu0UAFU49KsYpb6RbcZvmDXKsSyyEKEztJwPlABwOcc1cooAoQ6HpFvKksOl2UciHKulugKn1BAqaTT7Ka7ju5bO3e5iGI5mjBdB7NjI6mrNFAFK50fTLyYzXWnWk8pGC8sCs2PqRUg06yFkbIWduLQggwCJdhGc/dxjrVmigCG1tLaygWC0t4oIV6RxIFUfgOKj1DTrTVbNrS9i82BnRyu4ryjB1OQQeGUH8KtUUAFRpBDHLJKkSLJLjzHCgFsDAye+BUlFAFaHTrK3upbqGzt4rib/WSpGFd/qQMmiDT7S2u7q7hgRLi6KmeQD5pNowuT6AdB9fU1ZooAzI/DmixawdXTS7RdRJJN0Ih5mSME5+nFWZdOtJ9Rt7+WENc2yOkLkn5A+N2B0ydo56/matUUAFUtT02DVrFrO5yYHZS6gA7wGB2nIPBxjjn0IPNXaKADFVb7TbLUo4o762iuEikEqLIu4Bx0OPbNWqKAM/VdB0nXEjTVNPtrxYiSgmjDbSeuM1NBplha2UVlBZW8drCQ0cKRgIhB3AgdAQec+vNWqKAMW88I+Hr+6lubvRrKaeY5kd4gS5xjn1rVgtoLaNI4IY4kjQRoqKAFUdFGOgHpUtFABRRRQBVb77fWihvvt9aK1RAkP+tWrdVIf9atW6ie4Q2CvO/EWqJZfE3RzJ4ihgiSCYSW624kMKkwEhyMlFcDO9sBQp5r0SuH8QfbR4oa507QLid7ewniMpjQR3E0zQLHznJC7DuJHCr3qSzzc6Zph8Nw2iLYrqKxRq0hbSgu8bdx8wSeZjg/N96vSvFWpxalrPh3QoCZra9uo7q4mjAaMxoGkiUnoQ7RE8dkb1FctLpOsaXr9ubnSdYdbbTEsjd6Xb205umRyfMbzQcbgQTkA5zyRye31q3OpWvhs/2dObc3Qea2aL5oozbTAq4HC/eCntk4oA4vxJb62PD3jTzdTsWRdQg85VsWUu3lW2CpMp2jG3jnoeeeOq8WpdR6f4dW8mimuBrlpvkiiMat+8OMKWYjjHc1jwfD2z1DRbu6Xw7pOn3kriSytp4N/loCDtlIPV8HOPu7uMkVev8AQb7UfCGiWmg6ZDos1vfx3DW9wQVtSjMWOFzv+bkYxncDxzQBsXFmvh5/EOrpMiafLbG6mtwv3ZlVt8gP+0oXI7lc9zldE0eG88B6Jp1+swEdjbhxFM8TBljUfeQg/rWBJ4Uvb6K+8Pxfa7ezuHVtV1mdwbi/YqDtjHOFxhcnAAyoB5NdZ4efVRpvkazEgurdzD56YC3KjG2UAfdyOo7EHtigDi9a0XTtK8U20KW2tXdodOmnlt7bUbh3JWWFQ4BkycB24HXPQmt23t9Dh8KXmpaGtzqVtcw70RdQlczFc7VDO5KHPBxg+o4xV2a3nb4gWNyIZDAulXEbShTtDGWEhSemSATj2NP1nSrOLw/rEVro4uWv1czW1uVja4kdQuSxwAemW7Yz1oA821FLiTwFqIie8zDFdreLPbzuVm2ZcBhOAsYBVVDK2NpJyc567wlBrVvrOqTXHmvY/ZYfLie3ljLyhpCdnmzPjjAPODlem055+/8ACOtz6DJpmpafdXt2IZtt3ZiyljkllZnZz56rIh3NyEOMAYIrqPCWlPpl/Pt03U7OOSL5jcwafGjEEY/49huLcnGeMZ74oAzBcQ2mmtqtql5a6bDrLrqWn3bqY4kcGKXAUsuwO4lIJIGGIxWpodq9j4it9EgvZbiz0awZXy+MGWQGFGAPJSOMjnswPesuKz8U2d9qdjHp1tcWmpXF08ccwBgRHf8A1kzZycrgLGo5DNuI7XvC2k6n4Mki0aSB9Tsblyw1NDiRHCgYmVm+7tXCspPAVSM8kA6wXUh1JrT7LKI1hEguDjYSSRsHOcjGemMEVZqos93/AGs9ubPFkIFdbrzR80hYgps68AA56c47VboAKKKKACiiigAooooAKKKKACiiigAooooAKKKKACiiigAooooAKKKKACiiigAooooAKKKKACiiigAooooAKKKKACiiigAooooAqsPnb6milb77fU0VqiBsP+tFW6qQ/wCtFW6ie447BRiikqShaKKKACiiigAooooAKKKKACiiigAooooAKKKKACiiigAooooAKKKKACiiigAooooAKKKKACiiigAooooAKKKKACiiigAooooAKKKKACiiigAooooAKKKKACiiigAooooAKKKKAKzffb6mihvvt9aK1RAkX+tWrVVYv9atWqiW447BVFtG013Z3sYGZ2LMzICSSck81eoqSih/Yml/9A+2/wC/Qo/sTS/+gfbf9+hV7Iz1opAUf7E0v/oH23/foUf2Jpf/AED7b/v0Kv0maYFH+xNL/wCgfbf9+hR/Yml/9A+2/wC/Qq9S0AUP7E0v/oH23/foUf2Jpf8A0D7b/v0Kv0UAUP7E0v8A6B9t/wB+hR/Yml/9A+2/79Cr9FAFD+xNL/6B9t/36FH9iaX/ANA+2/79Cr2aWgCh/Yml/wDQPtv+/Qo/sTS/+gfbf9+hV6loAof2Jpf/AED7b/v0KP7E0v8A6B9t/wB+hV6jNAFH+xNL/wCgfbf9+hR/Yml/9A+2/wC/Qq/SUAUf7E0v/oH23/foUf2Jpf8A0D7b/v0KvZpaAKH9iaX/ANA+2/79Cj+xNL/6B9t/36FX6KAKH9iaX/0D7b/v0KP7E0v/AKB9t/36FXqWgCh/Yml/9A+2/wC/Qo/sTS/+gfbf9+hV+igCh/Yml/8AQPtv+/Qo/sTS/wDoH23/AH6FX6KAKH9iaX/0D7b/AL9Cj+xNL/6B9t/36FX6KAKH9iaX/wBA+2/79Cj+xNL/AOgfbf8AfoVfooAof2Jpf/QPtv8Av0KP7E0v/oH23/foVfooAof2Jpf/AED7b/v0KP7E0v8A6B9t/wB+hV+igCh/Yml/9A+2/wC/Qo/sTS/+gfbf9+hV+igCh/Yml/8AQPtv+/Qo/sTS/wDoH23/AH6FX6KAKH9iaX/0D7b/AL9Cj+xNL/6B9t/36FX6KAKH9iaX/wBA+2/79Cj+xNL/AOgfbf8AfoVfooAof2Jpf/QPtv8Av0KP7E0v/oH23/foVfooAof2Jpf/AED7b/v0Klg0yxtZRLBaQxSAY3IgBxVqigAooooAqv8AfP1oof75+tFaogWL/WrVmq0X+tWrNRLccdgrB8ReIhoyLFDD593IhZULYCj1P49u+DyK3q5Hxto13eww32nxebcQgq6f34+vTvg9h61y4p1FSbp7hO6Whyp1K+ml8+S5mEx5z5nI+mK7Twv4iTVrcQSsTcoCdxHEgBxkV4/dtqdtfJaXVtNbFwW8uQMoZO2AfXBGOeeBXpXgzw5qVnftf6kghCxlIYQRnnGScdOmMda8fBQxMKyb2e5lFTTV+p2V7NPb2M81tb/aZ0QtHDvCeYwHC7jwM+przXWfHfiOXRbDUrfw6Laykvbci6j1aB0kXzAChI6BuVJPA5z0r0fUL+HTNPnvbgSmGFd7+VE0jY9lUEmvKtc0i91OzhaXTho/h/U9ZtWl0+Uk3Fy0kiqzMAcQgjnaMtnOcdK+gNzo/DeteKI/FEul6zpZjt7svcwCa/gea2TncMIcum4gL8oKg4JOOMGXxV4ibxS+kJ4kiSY6ubJYTpOQIsbt/mZ2k9tuc963PCg/4RvxBNpGtx3M2sXrn7Pq0mZFvolBKru/5Zsqg5Q8cZBOa5O41iODXHuom1m5T/hJ/NWzgsSY3Xy9u4MUBL5BG3f0Gcd6AOhHiDxSfCv/AAkv9qWPkfbPJ+x/YDnb9q8j/WeZ1xz92rnjnXdS0bXLGOHXl02zuLSV8f2Y12fMjZP7vIBEnXoNv+1xhCw0v+w/tA1PXv8AhHBrPkkm4gEGPN3ed/q8+X53HXOOelbfjPUYofFtjELzVLeaLTLkt/Z9n5ztveLavMbjB8t/TG3qM8gDdD1HxXrYsoU1uzhkbSLa/lkfTt+9pmkOABIuAoVR74J4rU0TxFfXfw+XVryK5ubwtNEw063BkJWZ4wyIxIyAAecjg9a5TQIxq8GiDT7nXbO/Xw9ELhbZ44l2xErEDvjYZkLSFTkfKAcc10Oj6et38MbW10C6vE8zLh57vyJlYylpUaRIztIYupwvbqOtAHJH4p3tjq+iWOs29/FdW8sovI1t1ia5jKERMYy3ysTtJAOPQ84rtvBevavqr3K6zp2o2s8jGZBNaeVBCnygRq5OXPckgZyeABXn1/fw6bqdlBaaBoV3ZacZZ9Se3upbtFEimPdPIYsk5Yk8O2AcgAZruvCmn3No099ptvpyWElu/kW9hrEk9s8pII2q0QWPvyvTP3T2AI7fWvEj+PPE1lY2ttfWlp9lWOO4uvIEJaLccYjbdknnPTFbltfeKHuYludD02KAsBI6amzsq55IXyRk+2RXK6n4Um1rUpdR1HwHpM93NjzJG1uQFsAAdIsdAKzLPw/aaH8RPCPk6DbaVdTPemRLa7e4BjWDCsSwGOWIxjt15oA6HxD4tv8AQfF8P2jTrgaRDZTSyyieILIoaHMgUtn5dxXb1JbgGue0zxb4vuLXw7crpqytqN7NMoa/UJNEUkcR4K5QKuCDn+HnrXQajotzefFDTZLzV7l7UWk88FtCBEqBWgBRyOZFYnJB9APXPnej2ULaf4OL6R4Sk8xn3GabDTfuZD+//dnGMZ/i+YL060Aeoa/4hvNOsdOlub2HRp5w++E6fLqAJGMYaIrjAPcc546V5zaeL9XvPBjWieLit2su1Zv7JumaQCQHcs65yMZGCgPBBA612njVtZi+HrDRX0+wtIrKR7qS0bcEVVGI4cAcE5G7AwBwM1l+K3u9A0e6ntPDerW9vaBLe2kj1x4rcDcI428qOUHByDjAJzyRyaAOl0DWL/XrLUEstetp7qPy9kr6NPbrFknOVdxvyARwRjvnOK5eHxZ4mu9L8P3lzq0dsmqXE8bfYdLaZ4xGJP4MuXyUHQDAzW7oVmbPwhe2Hi5b+G1G1p7zVdTVvNLEA4ZXJjUELgZ/i6k5NcP4P0+xv/C2mtollrE+pWc80lxNp9ykJiZi6pzP8rAoT9zpjnkigDovAfivWtY1LR1vtVmulvbW5lmifT/JRGjdQux9oD8Mc4Jx3rob/wAVa7/amp2Wk+Fnv4bGQQvci/ji+Yxq/wB1ueA4rlPhTpl39l0fUJrTV3hjgnjhnmu4Gt4wz5bagPmDJQDnv7VqGWzTxF4pFx4ul0d/ti4t1nt03j7ND82JEY89ODjigBmieNvEdr4Y0e71LwxK9pLHbRvqLahGS/mFUEhT73JYHHXnmvSq8Zilsj8PtBVPF8lzPnTx/ZhntyoPmxZXaqeZ8vP8Wfl5717NQAUUUUAFFFFABRRRQAUUUUAFFFFABRRRQAUUUUAFFFFABRRRQAUUUUAFFFFABRRRQAUUUUAVX++frRQ/3z9aK1RARf61atVVi/1oq1US3KiFJS0VIzmr/wANyXvjXT9bZ4Tb2sWxonXLFvmwR24LA/hXS4oopJWG3cMVjXPhTQ7zXYtbudNhl1GLbsmfJ2lfunGcZHY4yK2aKYgxVLU9IsdYgjhvoTKkcnmIA7KQ2CM5Ug9GNXaKAKDaNp76GdFNqn9nGD7N5AJA8vG3GevTvnNWkgjjtlt1U+UqBACSeMY69alooAzdJ0HTNCSRNNtRAJBGrnczFgiBEBLEnAVQAPr6mq9x4T0K7s7m0n06KS3urr7ZNGScPMcZbr3xyBwefU1tUUAV7Ows9OtltrG1gtrdc7YoIwijPXAHFUbLwxomm6vJqtjpsFreSxmKR4F2BlLBjlR8pOQOcZ961qKAIbu0gv7KezuYxJbzxtFIhJ+ZWGCPyNZOieDvD3hyeSfSdLhtppF2NICzNt9MsSQOB+VblFAGbb6BpdrrdzrMNnGmo3ShJrjksyjHHsPlHTrgVQtvAnhO1t0gj8N6WyINoMtqkjH6swJP1JNdDRQBQl0TTJdFk0f7FDHp0kbRtbwr5a7W6gbcYzk9Kqal4T0LWNTg1HUNOjubqBVWNpGYgBSWA25weSTyK2qKAI5YYp4/LljSRMg7XUEZByDg+hANZuqeF9C1q4S41PSrS7lRPLV5ogxC5Jx9Mk1rUUAYlh4P8OaXex3lhotlbXMedksUIVlyCDg/QkVJJ4V0Ce8uby40eyuLi5cPLJPCJCSFCj72cDCjgYH5mteigDDl8HeGpggOhaehR1kV4oFjZWVgwIZQCOQO/PQ8VuUUUAFFFFABRRRQAUUUUAFFFFABRRRQAUUUUAFFFFABRRRQAUUUUAFFFFABRRRQAUUUUAFFFFAFZvvt9TRQ332+porVEBF/rRVmq0Q/eCrNRLcpBRRXDeJtW8T6b4p0ZY7izg0a61OG0CIm+aZWQlixbhQCCBt575qRnc0lLXKeMmU3GhQTX9xZWkt5J9pkhumt/kW3lf5nUggAqCee1AHV0V5B9utf+g3Yf+F7P/8AEV13haS4W38Qx6beNqAivF+xPe3jzIVa3hcfvDuO0lieM9eKAOxorynwDrWuXNr4nltDocwTU55m8y9kARmZefuHEW0MQ3GSOg5q18KNd1jWtGRhBp/9nR3dwJn8+Tz1ZmaQAKVxjLqOT09+KAPTKSuaudUvp/iHY6RaTNHaW1jJd3w8sMsm5gkSbiMqQQzcEZxXA+I9eKeINZvU1oy6eCkkH2XUtwCLCm4KiX0JzuD8bCSe5zigD2OlrxjQtdaTWtGu/wC2jHZeb5k5uNT2gxGNsBke+m/iK/LsBz3GMHo/GeqarZ6ld2uma7f2d/ItsbO3aG3aCTzJViO0lCx2kgkE5+YY4oA9Dpa8lS3mvdcs4ZtY14NqV/qisYdUljWFYJG2BVBxjGBWxc6rYj4UaSdc1W+tHurCFxfxJLK6ShVYOzICfvYPJ5oA9BorhpbW+1XxULbVL+9trDT7FYZJ4rt7P7ZcttbeiI/3QuRyerEdjVzwzfXelaNfx6vHd/ZbCW4kW/luBc+bD5jMuCGZyQhXgjNAHW5orz7RfF+g6Bp0s114jkuNKurqX+zzPbzvLGBgyIzEFjhm43DOO57M8G+PvDcgk0/+0y11dapcmBDBL8wkncx87cDII6njvigD0WiiigAooooAKKKKACiiigAooooAKKKKACiiigAooooAKKKKACiiigAooooAKKKKACiiigAooooAKKKKACiiigAooooArN99vqaKG++31NFarYkIh+9FWarRf6wVZqJbjQVxnjxWa/8ACJVSca5CTgdBseuzoqRmdaa1a3us6jpcQl+0af5fnFkwp8xdy7T34HNc9491O20abQL+72eTDeS5V84Ym1mAU4B4JIHTvXZVHJbwTSRSSwxu8LF4mZQSjEFcqexwSOOxNAHiaa5oWn2Om3ltd6Zdamt/cXt3AySxx5mVxtVjG3Cbl6jnb2rqfCHn+IvDfiOKx1dVnubmOFr+GIr8wtoFkZVwuDw2OBjjFej1HFbwQvK8UMcbzNvkZFALtgDJ9TgAZPYCgDx/w14PS9Op2On2cVvarrV7ZXd2JCJFs1MZ8gAY3b9uMk/KN3941veB9Ju7MWep6Z5Qtbm4vLfUYDhRtS4mMcq8feB+QjuGH90GvQLeztbTzfs1tDD50hlk8tAu9z1Y46k9yeaW3toLSLyraCOGPczbI1CjLEknA7kkk+pNAHJ+BVa/n13xJIozql8ywEd7eH93GcHpnDH8a4zWL+3fxHq13BqVnLo4Cm3kS/a1hjZY13RB/IZHkY5YKrE4BzivZKiltoJ0CTQxyIpyFdQQD9DQB5JpNxJa6zoOo6mTYaPdW4ndru5e4ik8yM7ELeQqI4OCct9M1t+NI77WfEds2l2kcj+GgL+R7hQiyuSpEKu3C5QMxbkAhM4PT0TAxjAx6UkkUc0TxSIrxuCrIwyGB6gjuKAPJE1C2i8VaRqtveCDw1Fe3dub272qk8twJZZCjnjYrIihu5yASAc39blhuvgXdw6crywRJ9itijeaZlinESMCoGd20Hgd/wAa9INpbNbrbm3iMCgBYyg2gDoAOnFSIiRoERQqqMBQMAUAeQa7qVnqWuWurW/h201jWmheC80KSJbh44lZtkjOFYRSDgMp/vbeoBrqvhqdHt9EmtLK6tm1F5nub+1ijMBglbAKiJsMirgKOOcZ712UVvBAXMMMcfmMXfYoG5j1Jx1PvThDEJmmEaCVgFZwoyQOgJ9OTQBw3gLUrmXUdasItNmNomq3ssl85CxljMdqIOrnGSSOBgetbXg3/kGX/wD2Fr//ANKZK6EADoMUyG3htlZYIY4lZ2kYIoUFmOWY47kkknuTQBJRRRQAUUUUAFFFFABRRRQAUUUUAFFFFABRRRQAUUUUAFFFFABRRRQAUUUUAFFFFABRRRQAUUUUAFFFFABRRRQAUUUUAVm+831oob7zfWitFsSEX+sFWarRf6wVZqZbjQUUUVIwooooAKKM0maAFoqMzxLMsLSIJWGVQsNxHsKfQAtFFFABRmq1xfWtoVFzcwxFvuiRwufpmof7b0v/AKCNr/3+X/Goc4rdiui/RVOLVdPnlWKK9t3kbhUWVST+GauVSknsMKKbuG4LkbiMgetLTAWims6ou5mCj1Jp1ABRSBgWIyMjtRQAtFIWCjJOAOcmhWDAMpBB5BFAC0UUUAFFFFABRRRQAUUUUAFFFFABRRRQAUUUUAFFFFABRRRQAUUUUAFFFFABRRRQAUUUUAFFFFABRRRQBWb7zfWihvvN9aK0WxIRf6wVZqtF/rBVmpluNBXlvjGwt9U+Il5Dez3CW9r4aa7URXDRhZFlYbjtIzwe9epV5Z460q4uvHTTy6Zrl1pdxo6Wsr6SoLMfPLlGJI+UqMH6ipGc3oug6WdX00ardX62LeFl1a6YXkvEm4bn4Ocbc8D8q1fiLbW0r+HbfSkDbreDy5pb2aPzIBLHGqYB5z5oJYjdgHvU+v2+na9Nbyt4T8b2DQ2hssWEccSvB/zzYbyCvXj35zxi94msdQuNd8N3ul6fqtusGnSbPIs4ZZLcny8IwmOxWxkHBzwcZGaAOc0abwunhi0t/EEV2t6HZYTZXV1N9obyIHZztPHEi/LjA5xWtdS6tF8I/C0UU17Ff3F5bQOFuGglfc7AqX6rn1wcelZekaZrHhPVNM1W48PatcW8WoX7mK0tIzKElhgVCY4jsXJVuAcDFb13J4i1Pwz4Tk1Sxv3vU1Q6jd4tfmjhhaR1Uqg4dl2BRjk8daAPMry9ls7/AFmTUbq9XWbGSaG1lk11/NgG3hVPlkuMk91znHHWvZfBT6ppngCTUb23vru6MH2uOKS+a6kn/dKwCkrldx4Cc4J6nNcK+m+K5or6XTdJ8RTWUz7objUL6WG6tgfvBYROBJjquQvPXIr0Twtd3SeBpVs7DWZL2zjkSJNaXy5rmUDcMksflLHAOcDp2oA2/D+qXGtaHb6hc6bcabNLu3WtwCHjwxXkEA8gZ6d606zdButTvNFt59YsFsb993m2yuHCYYgcgkHIwfxrSoA47xZDPc6xZ29qAZpImC5OMc5P6A1ytlpV1f6qbEArKrESsedmDgk10/i+7Njrmm3K5JiBbA7jPI/EU3XdXs7COZdKdGub075ZYyDtGMdR3PP5k149eEJVJSk9jnkottsrKdPj8WaVZWESgWzlJJe8jbT19cf1Ndte2kV9bmGZ5lQkHMM7wtx/tIQf1rzHw7/yMen/APXU/wDoLV23ji2mvPBep28EDzyyRgLFGhZm+YcADrXVgZc0G/Muk7pnGwaVc3iWV7fW2pRX8SFlBF/I0DMMOFf7T+BI612XhS0lj0z7TdJeRXUjyI0c91PINqyMEYLK7bcqAce9cprXg3WTeanLp1npiW5JNmEhtgIxsH3ka1dmO7ceH5BA4rQ0UPpqeLtW0zR7iG3fY9lbfY2haV0gAIWMgHluOnPNdxqcIxvp7DQl12eT7FqOnmdvtviR4kndTCyt8yYUgtkKM9evy89h8OpNRvLzUb2ea4ubKOeWGKU6w12mBsIVV24Ycn5857YqpJpmq240y20uz1y+bT7OOxurcXk1hau0ahfMjfehzkdQrqwx0PNb3gpruyFzBqkGuJfS/vnS7aSeCIKMbIpC8gPX+9ubrgAAAA4zTLtYPFupzap/acdilrC0751MMqDzjli3IHX7/wAvXb/FW34Ntktde0eD7VcPqJ0+4uNSt5LyWUwMzRGJHR2IVgrsOgJ2k81Wu/C+reJN0Gmaj4htIJCpnvtV2JuCHcirEFWRvm/vbQOeucVt+HoNTs9atodXl8SfaRuHzyx3FlKcEZ3ogZR3G8Lzgc0AO159d1u6NnJoeoLoIlZJkt5YBPeBSBht8i7Im56EswHO0Hk0Vte0S6Nta6BfNoZf93b3EtuJrXd2jKysHjB/hYqVB43AYEOp6XFc+OdUnvfCtzrMBtLVYZFSLahBl3AGV0BPK5256DOOMt07Sorbx1pE9j4UutHgW2uRPIyRbXJ8vaCYnbH8WN2OvGecAHf0tFFABRRRQAUUUUAFFFFABRRRQAUUUUAFFFFABRRRQAUUUUAFFFFABRRRQAUUUUAFFFFABRRRQAUUUUAVm+831oob7zfWitFsSLH98VYqCL74qeoluNBRRVG81W2sb2ytJWPnXbOIwMcKilmdvRRgDPqyjvSGXqMVzNh8QPCt/aLcrr2nwBiwCXF1Gj4DEZKlsgHGRnnBHStTVNctNK0Y6o++4t/3YQWwDtIXZVXbzg5LDvQBpYoqjPqsEGr2WmbJHnu45JVKAFURNuSxzxy6gdeTU93e2un2z3V7cw21umN8s0gRF5xyTwOaAJ6Kp3+q6fpVqLrUL63tbckASTyhFJPIAJ6ng1JZX1rqVol1Y3MNzbvnbLC4dWwcHBHHWgCxRXNwePPDMtzewSazY2z2lw1u/wBpuI497KBkqC2SASRnAyQcZHNamn67pGru6abqljetGMuttcJIVHvtJxQA6/0ew1Nka8tllKZCkkjH5VT/AOET0P8A58E/76b/ABrZrGuvF2gWWr/2Tcarbx6hvRBbk/OWbG0Y9TkY+tQ6cG7tC5UTWvhzSbO5S4t7NElTlWyTj8zWpXO/8Jton2n7Nu1Dz9nmeV/Zd1u25xux5ecZ4zV+/wBe0/TLO1urt51junCQqltI7sxUsBsVSwO1SeRxjmnGKjsgSS2NOjArnJvHGh28LzTNqMcUalnd9KugqgckkmPgVr6pqUGkaZcX9zuMUKbiqDLOegVR3YkgAdyRVDLlFZF74k0/T7lre4W+81QCfKsJ5V5GfvIhU/gadD4i0250OLWbeSeexl5jeC1lkZuccIqluoPagDVxRisWTxTpq6DJrEZuJbdZDCsawOssku7Z5aowDbi3y4OOa0bC+t9TsLe+tJRLbzoJI3HdSMigCzRRVKDU7a51O7sIWZprQIZ/lO1S4JC59cc47Aj1FAF2iqVpqcN7f39pEsgexkSKVmA2lmRX459GHp1qC08SaHf3S2tnrWnXNw+dsUN0ju2Bk4AOegJoA1KKwLzxjpNhK8dyupJsl8kt/ZdyULltoCsI8NkkAYJzkYpkfjbR5nkSOPVXaNtkgXSLo7GwDg/u+Dgg/QigDoqKz77XdI0ydYL/AFWxtJWXeI7i4SNiucZwT0yDz7Vl2HjzwzfwSSDWbGAxzPEyT3UatlWIyPmwVOMgg8gj6UAdJRVK+1W105rMXDkfbLhbeHaucuwJH0GFPNZVx4y0+20bWtUeG6MGkXDW9wqqu5mXbkr82CPnHUjvQB0VFZ2ra3Y6JBBLfPKonmEESxQPKzuQWACoCeik9O1Uf+Ew0v8A54av/wCCe7/+N0Ab9FUNK1iy1q1e4sZJGjSRonEkLxMrr1BVwCCPpVDVPF+laPqsOn3Tybnx50yJmK1DHCGZv4Ax4Ge/tzQBvUUlLQAUUVgf8JlpBeRUGoyiOR4maHS7mRdysVYBljIOCCOD2oA36KxLbxXpd1f29kn26Oe4YrELjT7iFXIUsRudAM7VJ69qkvfFOgadPJb3et6bBcx/eglu40cHGQCGYYyMdfWgDXorm9N8e+F9Tsra5j13T4WnVWEE91GkqE/wsu7hs8f41cv/ABVoGlXbWuoavZ21woBMcsoVgD04NAGxRXKWXxI8KXscrf2zbQGOZ4Ss8iqW2nG4c8qeoI7H8K27nWrK2sbS98zzbe7lhihki+YMZWCofplhz6UAaFFc/qPjfw3pF/LY6hq8FvdRY3xvnK5AI7ehFXIvEekz2FlfxXiPaXswgglVWKvISQBnHHKkc45wOpFAGpRWLdeJ7G0k1ZZEnZdKjjku5ETcqhwTxzklVAZuOAR16VrTTw20DzzypFDGpZ5HYKqgdSSegoAkorm7nx54Ztr2ztf7ZsZDdMyiSO5jKRbVLZc7vlBxgepIrYsNW07VQ7adqFreCPAc28yybc9M4Jx0oAuUUUUAVm+831oob7zfWitFsSOi++KnqCL74qeoluNBXBeKNG/4qc34t5L43enT2rQy3AjiBZ4FjjzkYVmLk9S2WAzwtd7XNav4Xl1C7vb6G8jW9l+yC3MsO5IVgmEwUgEEhmznkdvSkM52WPVdVh1OA3UhtobOHTzJclYYL64SZ1kRQrYUScR5GCMgc4xVvxPHb3XiTwyLzw4+pIbK7P2AxwOYjm36h2CcdOCfbNWl8IXl9cXC6tPYCxuRK89vYwyR+dK4UCRtzkbl2AggZ3c9an1fw3rN7f6JcWOum0lsLWaGe7MCSSSl/K52kbefLJPTHGKAOU8LaJpbJp8+o+H1vLW+muraMXEEcq6eyXEzLGECnarAvlgSMqBwMVNFoOmz/Bdri4sopZbTS76W2LrkRFw7ZUdM8DB6jtiustNF1nRvD9vp+lalaSXCSyyTXF7aswk3uzkhUdcHLfSp08Oqvgc+G2uSQ2nmya4CYJJTaX259ycZoAwfEss0XiHwzPptgmq6nbQTMLAsEIiZUBm3twm0qqjPXeQOlHhqGS/t/E9vcPJoepXV2JLm1tnTdaBo1CsrYKsXCli4HUnuM1s6t4Zkvby01HTtTl03U7aE24uEiWRZIiQSro3UZGRgjFLpfhS2tYb9tVm/ti61EobyW6hTbIEGEURgbQq9QOeSTmgDhXuNXuPCOlm0n0S00+LV4Le2tktZCyeXdhELN5vzDKhjwCcnkda9H0k6qDKNUvdOuenlizgaLb1zu3SNnt0x3rG1rwFol7bWyWOh6PBIl5BLI32RF3RpIrOvC85UEY6HODW5YaBo2lztPp+k2FnMy7DJb2yRsVyDjIA4yBx7UAc/Z+I9Xm8Y3VnJoOppbi0t2ELSW37ktJKDISJeQQBwCT8h45GdK6I/4TzSv+wZe/8Ao21rZFtAt090sSCd0WN5MfMyqSQCfQFm/M1j6l4XsLy+fVVtYJdWQA20t7vmjhcYwVjLAL0B+XBzz1oA83CXI0CfWV1nVRqv/CMxX7z/AGkcsd5CkY+7ncfxNdr4/keGPQJI72eyYapxcW9t57p/o8/RNrbs9OhxnPak/wCFf27WkjvqEp1Vo/KW7ESiNIwMCEQfc8n/AKZnPUnOeRoeIdF1XV7XSBaalFZ3lpdCeW6SENj9zIh2I24clxwTwM8kigDhvEmo3D+F9WRvF+uThrOUGKXQDGknyH5S/kDaD0zkY9RXR/E6c2ujWE66u2nzLeILcFFaOSbnYX3AjamC/T+EY+bbSav4S8V6hot9ZHxo832i3ki8uXT4UR9ykYLKuQDnkjkV1Gp6fd3/AJS22r3Wnou7zPs0cRaTOMcyK2Mc9B3oA8/1O4EmmLo2oa/qVtpBhjjSe1sLmee8ZwMGSVoyo3MceWuc525/hrbcapfeAHjSG1d4ZolgEcL2ayQRyoTmOUDyjtVhjkcDBwcVdvPDuuXNnDZjXrZ4IJ4p43uLBpJmMciyLvYSqDkqM4UcelaFxpV1qGkTWuqHSr64LbojLYEwqQON0bSMSQc8hh1/MA87s7u5jEmqPOIZLOTUL2O3kiFzAo8zzWkUo6Zfy7hQCSeFfGM12/hS1kgutYJvfOT7YVaKODyoBIVVneMFmbktg843KxwMnNaDwnqcEKoL3R3PmSSssmluyBnBUhVE4ATYQu056Zz2Gp4a0e+0Sxe0u762u1MjSK0NoYDud2dy3zsDktxgDH8gDbrlvBZ86HXp5HMksutXYcnsEby1H4IiiuprG0vSp9M1jWJVaE2N9KlzGgBDpLtCyZ7YO1GHfJagDzvR9B0CTX7QWlrbRX3/AAkM7eXCx3wQW6sBkdQCyRnn/noPWt/R4IY9K+HkiRIrsFywUAn/AEKXqav23g2dtVj1+71N018uvmzWq7YjACM2+w/eQj+I/NnDcYAqLRvAtxpM+hzP4g1C7XTetvOymH/UvH8gCgjG7jJPHHvQBk+IZrzVNfu9MGt3kUi6zZxWllAsOAipBPJJ80Zb5cs2ScZ2gg5war303h/xJdWZ8S35vrjXLRRazxQ4uoZBArOcRDtuXKkY2+uSekl8K623iPVdStPEP9nR3cqNGkVpFMwAijRsl1yMmPoDjAB61HeeFPEd01kZvFT3kMF7b3EkE1nFErLHKrn5kXOfl49TjNAFHxy89jePMmm6M11qYi02zuru6JkRjuIbyzEVAUu5PzcgDvgVXntLmOS08LTeFtCuZ7qykDyrftvWNVCmR2+zhgSWABHf6V1Ot6ZrertPZJcaVDpcqBSZ7Q3MrHv8rMEHPTIb6Vl2fgSfw6pn8M6xLDclAksd9Gs0M4XcVBChSgG7jYQAB93rQBB410r7ZL4Vkupbm3mbUoYZI7W8kCL+7kJ2kbec8B8A49Olee60dDsfDvjSwm1q7XUl1GUQWsl/KfNX93gsu7Dnryck49q9j8RaLc6zDpxtb2K1uLK8S7R5IDKjFVZcFQyn+L17Uz7H4r/6DWjf+CqX/wCSKAMnxPaNp8Xha3tHknePWB5Zu52csxhnIDOctjJx3wPpXML9pE0QewCRyTXMYlPiS/KgW+d7H2yrD8K7PX9A1fWdP0iIX1mLy0vhcTT+S6IV8uRflQOWz84/jHQnI6VWm8G3lxp1tp802hPZ2oxBC2kOVQYxx+/7g8+vegCnotzKfDGvXEd7JZu2rTEz2ts1yyguudiBSTnOASpxnJHFZtlqNlYRXWk2eoCRJcyXEd14Zvp55lfI3THcN5OCM4AOCAABgdd4d0bUdI0zUYZ7m1e7ubua4jliiYRjf93KE5GPTd+NZdl4P1q20+9tZta025a/LG8nl0x2kuNwx8x87GAvAAAAHQUAWfBiRwJNbWeo389lFHGFtruwmhWBuc+U0oDFOPukttwOcV1dZHhvTtS0nSEsdT1Eai8LbYrooVd48DG/k5YHIz3ABPOak0nTLjS5buNtQlubKRw9vFNlpIM/eXzCSWXPIzyORkjGADUryfUrK9Pgy91CzhP7ma+/frq9xbshF3MeIo1KN16kg9uwr1iuFh8C3DpIbtPDk7G4nkQ3WkfaXVHmeQAuZFz9/pgY5HPUgEVlE8OpeH0ltXtpU1m4jaNr6e6+7aTDIaZVIB6gAYxg55qp4vuruz1K5ttEkv8ATb65cylhLGVu5NiKCkWySV8KoHARRtOW71r2fg24sNb0u7gGhw29tcNLOljpptWf9zLGvIdg2DJ0OOp57F2o+Eru4ur+8VrKY3LjNmim0jnXJH7+VQ8kh2nGOFOOV5oA5vw9dyeKns7CW71bUoZbdZb9NQljhgyrgN5WyMPIVkUjghRgZY5xW344vbi5v7bR9PXUftUCi+lNrwjRHfGFYieFvvc8N2FXtP8ACElto1pGbmO01S2uJ7mKe0T93EZZC7RBT96PBAwcfdB4IGJdW8KnWddvprmUJY3elrYt5Z/ehhIzEjKlcYI9fpQBwbDWLBo9RnXWY7Wwdbu48qSRy0UZDOpD37jBAIPynrWx8TZUvToMNrbTXN013BO0a3TwjyjKihSVbAZnZQGIONrkEYq/efDx1juBpupIr3VlPYSm4s4VCxy7clRAkeWG0Y3ZHWuh1rRZL6wsbe2aJXt7u0mZ5MjckMquRwDzgHA6ZPagDnpdb1q2ntLKxu7JEN3HZtBdadK8tsGgMqq7+eRI4UKDjqTmtK7vbK78CPqGvXEV9YTxxzK9pbyQFgxUx4XezB923oRzjpiol8L3tvqenR27wNp8F/JqVxcTOftM0zCQEbVULj51Gc9Fxirv/CJwpY2ljFdypaQamdQMW0YP7xpRGMYwokKt3+7j6AHkXiW3t7DTvFVtq15oNxrJuFkZriDddFnihYiFichASwUY4ANelaRZ6DqXg3VreO40SKwnEkVzcaPGsEaLsGSxORuAOcnjBFJq3grUtZl12F9da007U51c20UCOSBFGhJZhkHMfQHGMeprbt9BlmsZrTX71dahkdHCXFrGirtOQMKMHkA80AefyX1hqt/J40srCKTQtFnNo0CW67poyn72fbt6AtERz91GJxnFdx4VtGIu9XksIbA3+wxW8LqwEKg7C20bd53MTgkYxzwap6N4U1Ww1TUJ5tb8uyudQlvfsltCvz7iMCR2BJG1RkKF6nk1raP4dg0K6nNjdXSWMnKaezBoYWJyTHkblHX5QdvJ49ADZooooArN95vrRQ33m+tFaLYkdF98VPUEX3xU9RLcaCiiuV1PW9cPjH+wdIh087bBbx5LtnHWRkwNv0BpDOqorz5vFHi5fD+q6wbXRPJ057lJE3y7mMLMrY477Tiuy1X+1jboNHayWff832xWK7cHptIOc4oAv0VzO3xx/wA9fDv/AH7n/wDiquazqt7o+mRXZj05gu1biS6u2t40JwAQRG/GT3xigDaorzCTxv4gtNLiS8fQob8XyrIs2qBJREbjgGMxcKYyPnznad+M8V1N34h1CDwXqeueTppkt7eSa3+y3ZuYZNqk8ttTuCMD86AOmorh4dW8WTXl9aDU/DaT2ODOstpcIVUjO/5pBlevzDjg88VreE9R1fWNMa/1CWyaCfm1a2t5IiVBYbiHY5DYVl6cH3oA6Kisfwzqs+r6Mst2I1vYJZLa6WP7oljcoxHoDjcB6MK2KACiuRi8S6wPFOvWCaLcahaWckKQtbNChUtErsG8yRc8txgVr2Or6hdXaQz+HdQs42zmeaW3ZV47hJWbnpwKANeiuEtfGeo3HiSHSd+iGR9RktGgS4YzoiK7mQp6EJgdssKuaX4m1q6TQLq806wistYKiMw3TvJHuheUZUxgdEwee9AHX0VzOt+KW0bVoxJFM2nxqftjjTrlvKGNwkWREZGA6FeMZzngisHQfHt1qWl6VKqXE6ySSteXQ0q5lGxXIVIxHHtLEEfNnC7TkE8UAeiUVy/iLxBd6Rq9jDDe6QI7ia3iNpOx+0uJJhGWQbhwAc9D901h3/jDXLc6h5d3py3MMtyILB9KuXkkSORlX5xIAdw2HIGPmFAHolFc74v199B0uGWJbgyyXMCAxWzzAKZo1cHaCASrEDPJPTmsybxjey6reW9n/Y9vDbmMD+1Ll7aVtyBs7CmR1xz6UAdrRXOaP4m/tDwlDrFzC6NK8kZWzhkucFZGQEBFLEfLnOO9c/L46vv7Ej05LW+/4SNxsdl0u4KxR7iv2ooYwSuBuCgHkgHvQB6HRVXT7tL2zjnjE+08fv7d4XOOMlHAI/KrVABRRXn8XirWru5vwmueF7JIL2e2SG7R/NCxyFQW/ejkgZ6CgD0Ciua8J63fau+qw3txp1y1lcrEk+nqwjkBiR+7NyCxHXtWFrvjvVra+tbGx0y23z3gWOX+0oD5sSHc/BPy7kUjJ6Fh3xQB6FRXL6X4pvb7UYba50mC1ikyDKNShlwccfKpycnA49ak1XxGBBOlhI0dxaaraWU4dBnEksWcA9iknB+uOlAHSUVyml+Jykur/wBpz5WPXP7OtFVQD8yx7VAHXBZiT1wCe1R614turDxTDY2Wm6hew28ZN8lta78BxmNlbPUFSMHghieoFAHX0V5qfHWvWGnWjX+h6uI7eSR7+9awAzbpuKkLkAMw27uy/NjPFdL4n1fV7LU9E07RxZCfUZZUL3iOyqEjL9FYHtigDpaK4i01HxreanqFhHceHxNYtGspa0m2kuoYY/eeh9q19R1XVND8OpfX7aa80R/0lwZUjALYXYqq7E8qMUAdBRXnA8eatHqty01pEtittGyl7a8CK+5953fZ89NmcgAcY7429b8SXtj4Audajg33Elq8lu9kpmRMxlkkbcqkKMAnI4oA6yiuJ1LxD4ku2sbTR9PtrOW+Qywz6jMyMvlspdHjEbYLKWxhumTxitDTvEl/d+Em1250+ytdy+bCj3xCNHnh2kMY2gjkcHjHQ8AA6aiuYt/Fk8V/d2eraW9tJbxwv/oXmXpPmeZjKpHkf6o84xyOeaf4e8RjWNX1q1xdhbe4UQCaxlhCx+TESCXQfNvZjg/Ngg4xg0AdJRXJaR4j8Ra5p4v7HRNMFs8ksaedqbq52SMhJAgIHKnvV7TNb1KfxDNo+p6da20qWq3Svb3bTBlLlcHMaYOVPrQBv0UUUAFFFFABRRRQBWb7zfWihvvN9aK0WxI6L74qeoIvvip6iW40FebeIRZH4qj7dr0ujJ/YibZY7lIS589/lywIPrivSaoSaJps2r/2rLaJJe+QLbzHyf3YYtjaeOpPOM0hnjsg0j/hBvEmPGtx53n3/l2v9oRYuB5j7SVxlt/BOOu7jrXoPi230y/1bTdNXStMvtZuWBD3lqs3kWyNmR24yB1VRkZZvY10F7oel6hZT2dzYwPBOhjkULtJUjB5GCPqKs3Vpb31pNa3MSyQzRtFIh/iRhgj8RQB5oPC1g2q+Ml0zw9o89zaXFs1tbz2iFCPIjdo14wpb5hn1OTW/cXelt4AttU0WWTTbSNd9vb2kCkNIxKmBofusS7FSvHzdx1rotH0HS/D9o1rpNlFaQs29ljHVumSTyelWbmwtb1rdrmFZTbyiaLd0VwCA2PUZP8APrQBy2lrd2mo+Io9I02zkKX8KCCafyEjQWcGACqP0wBgDHvVC7j+xfCjXtIchrnTbKSC5ZR8hlaESnYepH70ckD6V0epeDfD2r3z319pcMt04AeUEqz4GBnaRnA457VcstA0nT9Lk0y1063jspN3mQbAVk3cHdn72Rwc5oA4/wAR6BfeN9QfbCumW9gXjiuJ0zJeNnlSAf8Aj3JHOeW4IA79boN/cX+mK15YPY3UTGKWEj5dy8ZQ/wASHqD/AIVX/wCEM8Lf9C1o3/gDF/8AE1dsND0nSRKNN0yzsvNAEn2WBYt+M4ztAzjJ/OgDD8CxN9n128G0w3mtXUsJU53KGEef++o2rp52lS3laCNZJQhKIzbQzY4BODjJ74NRafYWul6fBY2UIhtrdBHHGCTtUe55P1PNWaAOCudF1S7v7i+fw0I7i5YPMYPEtxCHIUKDtRQM4UDp2pfD1tc2fj77M4u7dRpHmzWsmpTXcYdpyqsGkPXbGegHU12eoafaarYTWN9As9tMu2SNujCqei+GtG8OxyppGnQWglIMhjHLY6ZJ5OMn8zQB53aam8fi+ykN7ey2n9vXLLajTXEaboZ18zztuG6kkZ4GT0WtfRIrOIeFWfU9YfTt8i6Yt0sCx5SNo4txWJX+eIuy5PbnkgHs9U0aw1q3SDUIDNGhYgb2X70bRt90jqjuPxqW5060vLWO1ngUwxvHIiKSoVkYMhGMYwVH5UAcZ4thuLW/n1LV/sNzo8ZVoLe/1RoIchQeYkgbzG3AkBmftgA1znhqC51G28ux0Ox0TW48tKkWqTWl1gsWBeNoXEikEctvH0PA9NXw7o66xJq/9m2x1GQgm5aMM4IXb8pP3eOOMUur6BpOvQrFqun292qZ2GVAWTOM7W6r0HQjpQBi65FeaT4httdtrm2K3bWemy280DMxUztllcOMHEp6qfuiuKvtI1XSja/2lNdfa4tIvJJLz+3rr7ymHLgDkAZB2AYbj0FemXnhrRtQ1GK/vNOgnuYk8tHkG4KOex47nnGarjwV4VAx/wAI1o//AIAxf/E0Ac7430y61Lw7oqTXW6yhuLRp2ilbfNI00UYww/hw8jZznIU1kzackXinWoZ7jw5dNG0Cedr8KvO/7lOcjaMfh1zXoo0TTxpFvpXkH7Fb+V5UXmN8vlsrJznPBVe/bHSoZ/C+hXV9cX11pFnc3M5UySzwrITtUKMbs4GB0FAHNeDIHk+G9kY9WOmJDNcu89qsWzaJ5M48xWATv9AOa5/zb5fE58R/8JDqY0BoRp/9reRb53btwfHk7fJ3Ervx97nO3mvQT4S0FtMtdMfS7eSxtZTNDbyDeiuSxJwev324PAz7CtkopUqVBUjBGOMUAUdKgkgs8yarNqYkPmJPKsQ+UgYA8tVBHfOO/Wp7K+tdRtUu7K5hubaTOyWFw6Ng4OCOOoI/CoNM0TTdFhmh0uyhs4ppDK6QrtXcQBkDoOAOBxS6RpVromlwafZIEghBwAoXJJLMcKABkknAAAzwAOKALua820PS725bV5oNE8PXSNq95ia8LCVv3zdcRt+HPSvRbm2t7y2ktrqCOeCRdrxSqGVh6EHgisj/AIQvwr/0LWjf+AMX/wATQBleCoZLbVfE0M1taWsi30WYbQkxL/o8R+XIH1PHUmuc13RfD+neLWmey0nSrVLdYEN/oPm2cjMdxcSI6qG6L8+CMHHWvQLPwzoOnXS3Vjomm2twmQssFoiOMjBwQM9K0yARigDz/wAG6XBqGoSakNG8OHTIv+PK8tdJFvLLIG++mXbCDBweCTyMAcu8WQ2sOrJqcOo2qrNcWEN1b713M8d5GVc/RS4Oe230rrtN0DStGnuZtNsIbRrnaZVgXYjFc4O0cA8nkDnvVebwj4auJpJpvD2kySyMXd3soyzMeSSSvJoA47w1Fa3fi3Vr641K1FpaaxcyQwGUAvM8MKCTrggLvA92PpW/r+jT6pdyK3hrTL2HKsJpb94ZHIHG4LEemWA+Y/rWgvg3wujBl8N6OGByCLGLI/8AHa1Ly0ivrV7aZpljfGTDM8T8HPDoQw6dj7UAeWeGfDF1LfXerjw5pkwWe4tIrY6i6wxorNEwKmJt5OGBLHBzwq11GvW6ap4s8M217FARFb3dzdwMwdBGYhEwJIGRmXGSBkA8V0+m6baaTZLZ2UZjhVmbDOzkszFmJZiSSSSck96gvtA0vU3uHvLNJXuYFtpWJILRKxYLwemWP170AeexeHfDVz4W8Wa9HoWni2bz3sH+zpgRRQhQ6ccAursPXINbHi21Nj8IBaICDBb2kQABJG14x0BB7diK6HUfB/h3VpbWS/0i1nNogjgDJ8qIOi7Rxj2xiruo6LpWr+V/aWmWd75WfL+0wLJszjONwOM4H5CgDy7UjrH9l3e5tS2+S+c6fqIGNp7m6IH4giui1WG7m+Cii1ultguhhpcxbzIgt+UGSNuemeeM9+R0P/CF+Ff+ha0b/wAAYv8A4mnT+EfDtxpy6e+i2K2QmFx9njhCIZMY3FVwCccc0Aee+J9NttE1axn1dtKGnbDIdS1DRftck8uNoimZXyeCWBwgG1QM4wOk8MRWVl4OudX1W18P2dhe2wkmSwsBCnlYbiQ72Dkq33exLD5s10sHh3R7bVZdUi022GoSMWa5KBpMkYOGPIGOMDAp0Wg6TClwkWm2qR3MyzzIsQCvICCGI6ZyAc+ozQBwHhfTdS+xXthIt1Y6rMyalpc1wzH9wgVI4ZSB/CoCup5xJnk5x2Wgf8hnxPnGf7Rjzj/r0t61r6wtdTsZrK9hWe2mXZJG/RhUGk6LpuhWIstLs4rW33FtkYxlj1J7k8Dk+lAHEeB/GHh3S/CsNlf61ZW1zHc3W+KWUBlzcSEZH0IP41paPrWm638Rbu40u+gu4U0mNGeFwwDec5x+RH511dhp9ppdmtpZQiGBWZggJOCzFm6+pJP40osbYag1+IVF00QhMncoCSB+ZNAFG38QWtzqP2RI7gK0rwR3DR4iklTO9FOc5G1uoAO04Jwa1qz4dD0+DUWvo4GE5LMAZXKKzfeZUJ2qxycsACcnJ5NaFABRRRQAUUUUAVm+831oob7zfWitFsSOi++KnqCL74qeoluNBTHlSPHmOqbmCjccZJ6Cn14v8R5NXfxxbrpFgbmVJ7UkxW8oJaM70BO8LIRuY5UDapwWHNIZ7KZEEioXUOwJC55OOv8AMUrOqFQzAFjgZOMn0FfO097rumSeZZ3U2lXWi6XGtpC9gQbkTThZG2yklW3OoY85KnHFdp8RZr/SZ/Cj3fiiCHyZ4hIzWasxlCOGuNoOcHONoGAW60AerUyaaK3iaWeRIo1GWd2AA+pNfLMd7pltbRedaaDczy3jxyfaYbwyxqXb53KMEIAxwuTgjgnNdveBLH4SeGbEX1ne6M97Kl4TJJbC4w0kqpvZdyrlSD8uSQuCOtAHuQORkUZr5us5tM1DQbCLWTYmG3vJLx7ma/kcPmFJfsqDaWXICIxyxBRhyzKD2FquiaT8JNT+1R/2hpd/fPI6aJL532IMAyZZtpBTan3gOSARzQB67NPFbQtNPKkUS/ed2CgdupqSvEfG8N5ex32jSXcrbLWKR72fUbloiI0Ejb4UQxq+2MttPXcGGTXc+Abi+ln1OK5s7uOFFgeK4m1Ce6SYOhf5DKARgFc4HU47UAdtRWJ4Y1u917Tprm+0a50mSOdolhuM7nUAEOMqODkjp2rboAaXVSATyelG8ev6VBcMEljZjgAMSc4xSQ3EdxEJYm3Ieh3fhSuthFjeBzmnVyNlql7P421jT5Zy1rDArRx8YUkL369zW14luXs/Cur3UbtG8NlNIrqcFSEJBB7dK0nTcGkzOlVVRNrvY06WvN/A9xoc9zpqjxTq15rAtlaS3uL6ZopnKfPtD/LIByflJxjPakstW1PR5LbUNVk1dXiWVtZW5Q/Z84IRYMjaWMhQKEJyCd3OKg1PSKRHVxlWDAEjIOeQcGsDRrTVhpl7fahcm31O+BlETuZYbEYwiBcgHaOWIxuOecYx51HqUFxpI0rVdb0+7spdcmkuBDbNlVS4lkZcIzFvNxkDjaueW4yAey0x5o4k3ySKq7guWYAZJwB9c8VwvgufToPEmqWXh8WZ0ybZcmMedFLB8gQ4Ro8MCy9dw78Gs3UbnSRptzpjQ31lBd6nJDLZXl5DBHAxhEz4YbwEO4MBnhm4xQB6YJozM0IkTzVUMU3DcFOQDj04P5Gn15V4Bup7vWbe+bV7eSe5knS7V9SSWSdULrEAgUHCgZz05LY5NWNW0LSb/X9aurrRINSvptXhs4vPupIFVTaRNyVB6c9u9AHp1RyTRRFBJIiF22JuONx9B6ng15PJ4d0ezlhmj0C207UdP12wgLW97JOrB3ibILBez4wRV7xyuqf8JnppnvIUsvKneziV2jMbKIg0jMJ4cufMdQNxwvY7jgA9OpM15Gbq8hurFX1B5kmvLe3dFv5g22SVUJBXUHOQGz90+9dZ4xgEE1hcPdzpblWt/Jj1eW0eSQ4Me0hsOScg555BzhSCAdck0chcRyK5RtrhTnacZwfQ8j86dXiGkHyRPc3V7ew+c0krTy65PFHdsGjT93KGx5cYZQZG3lgPlBA49POqWPhXw5ajVdVtfOW3JV7i7x9ocDJ2tIxY8n1JwRQB0FFYOka3pvjHQAbW/jWSe2RriOzuwZbUuudpZeVYHIzweDXIeEzb3Xjucw+IdVW2s98UFhfX8ryXjgEPIUc42LyAAM5G44GAQD02lrg4dN1XxLZ6rrCa3f2t2Lm4i02K3nKQxCF2Rd6dHLMhLbs8HAxitvRdT1bWbDQdTjWyWxu7MTXinf5gkZAVEfbGc5zz0oA6GmPKkQBkdUBYKCxxkk4A+pPFcb4QfU4vF3iiw1LVp9RNsLMq8gCKpaNi21Bwoz268DJPWnfEfVRpmlaYdhkJ1KCZ0X7wihPnyMB3AWM/nQB2dMkkSGNpJHVI0BZmY4AA6kmnKwZQykEEZBHQ15TKJbx9V0mxXxA1nf3d8jQR3WnoJj5jCbYJF8zbknvkAigD1bNAYEkAjI6j0rzjS72W48XaQNSbWpJI7ieCAzz2LxxyiFi6uIFDZ2joe+KtQ6hqFj8RfEwsdEuNRDxWe8xTRR+XhHxnewznJ6elAHeK6uCVYEAkZBzyODQXVWVWYAscKCetcH4f1HVLya50vSYDDFb6tePe388Z2KpupG8qIH77kdT0UHucCs/xnqtldeJr+HUrcSabo+kTyje7RiS6YwkLuBHO14wD/wBNSKAPTGdUQu7BVUZJJwAKUHNeMeR/Y/hPU9OitBaXC2dxbX7pdtOt0y2BlV8kAD/WZwB3r2O1/wCPSH/cX+VAEtFFFABRRRQAUUUUAFFFFAFZvvN9aKG+831orRbEjovvip6gi++KnqJbjQV45498I3+ueOZ7rRtDmuZxbBJ3vN0VsW28SRyCVSXwFTaBjufWvY6KQzxS58K+ILqLRJLPQWgXwtGknlXkwMmoTEpI6qykjaCCQc4ycY6gb/jIy3GseH9UtPC+oTatAgvJGFuWCRrHKwgLjID7yOB1OOvFemUYoA8G07wVriqun6hbeJ7iKxit7q2FjdRwxw3DB3cjzGALKzYynIwc9RXU3Wm67rfhHwhp08WprfFZZ7q5YfPEywSKFcuDgsZAOR69K9QxRQB4NY+BNVvvDWr3MttPHdWdoYY4dQ0/zZJmFrErLDggDDR7VcBiRjknOesl8MapbfBm+0yOCKe8uLVJFt7azW3YHamVYZ+dxtOTwTjGM16bRQB4pq/h3xH4iu5orbTdQs9alt/s15cTGFLKOJgMosgj8yXIUDgnaSecZz3fgSPU7aG6stTi1eGW1WONUvXhkh2gHBhkjRd3GM5HHA9a7CigDD8LXXiC706Z/EmnwWN2LhljjgYMGiwNrHDNznd37dK3KKKAKWof6tv+uUn8q5G+vbmy0TQvs0zxebehH2/xKWPBrt5YY5hhwSPYkfyqq+kWEkcaPbIyRNvjU5IRvUehrKpTcndMujJQqKcldHK6aP8Ai5Gv/wDXsn/oKV19+LttPuFsfI+1mNhD9oBMZfHG7HOM9cUxNLso7qS6SBVuJBh5QTuYehPUjgVcrpq1FNprskc1Ck6aafVtnE3NrrniTUdDS70I6TDpt4t5LO11HLuKKwEcYQ5IYtyWC8DpnitG70m/1vxEZ71Fg0/ThmwQkOZbgr/r2GcAJnCqec7m4+WulxRWZseeaL4eutNQS6hogEVvp0kWp7HFwdWl+U79nVycOcuA3z4xioYba8l8NQaTYeHr2C9e6nv7ORlW3jsA1xIYyzHIDBSMxqGODgjBr0mjFAHH+GItV03VLuPXLCSbUb5jI+p25DW7og+RAOGjCg4CkcksdxJNYUw1xGupdT0vUIdM1O6+1yppsQnuNpjSMQvghoziMFigbO7AZcZPptFAHl3hhVt7zR7Z7DXIYbO6mkggGkNFCjSNKAWkIBChJTxwARWneW99JrGuwP4Z1K+tn1GO5huba9W1wwtokyrb0Y4wwyOOo7Gu+xRQB5rdWuoxpZ29v4T1W3SbWLO5uLm4v1u2+SVMsx8x3wFUD0AFWfGtnqOt3xsIpNRIt5I57WGzsMxu64bM0shVGGQQFVhjgnJGB6DRigDzGFfFFrf2l5qem6ta2UBSWVLKWK9aZv7hA2soHGdqvnswrrNU0W51a6jvrY6VGJLXyWGoaW08hVsllz5qYUg4K49c+g6KigDznR/BuoQazqU0UPh61e2ugLeYaAU3KYEyUKzD5cswIy3IbnsOws9GWHw+NLmW0GI3jzaW3kxqGz91CzbeD69fyrWooAyItNudJ8MR6fo7W5vLa1SGB7lDsdkUAF9uDzjt61hzQ674j1fRGu9EbSYdOuvtcs8l1HIXIRl8uPYSSDuyS23gdK7OigDh/s/ijRbfVdJ0zTEu47qeaawvhcJGlt5zFmEin5jsZmI2hsjA4rc0zRLzSoNFtLbUwLHT7X7PNAbcf6SQoVW3ZymCCcDOc1uUUAcvpmn32n+LvFeqy2rtbXSWzW2xlLS+XEwYAZ4OeOcUmjaXe6pqEuva/brHJLC1vaaexDi2gblt3Yu+Bu9AAPWupooA5Xw9b6r4f1D/AIR+W2kutHVC9hfBgTDGMfuZMnORkBSM5GPQ4ybfwzqGtWstjd4sdPTVbu7MwUi6L/aXaMxEjEYxg7xkkHAx1PoGKKAPOtJsL238Q6JoyWE/2TQridheG18mN4WgZVJPRpCznJXrjJwSQLy23iW38ca9cabptsLa8W1Vby8mwg8tTuwi5Zj85H8IyOtdviigDgZE8SQ6Lf6PYaPew3U2pTyxXy3EKxLFJdGTeSJN4+Rjxtz2rR8SW4/t+0vJNJm1GKCxlKRRxlt03nW5jGegOVzk8AKSeAa62jFAHmer+HF0XwVHpkOmXdxqVzFd4XTYMwJPPGykN/cjG8Kp4wFGa9IgUpBGjdVUA4+lSUUAFFFFABRRRQAUUUUAFFFFAFZvvN9aKG+831orRbEjovvip6gi++KnqJbjQVQ1nU00bRb3U5Y2kS0heZkTqwUZwKv1xPxG0ux/4RLWtRuLy8hcWjqqjUJY4mbbhR5YYIcnAxjnNIZ08OqRza1e6YEYPawQzM5PBEhkAH4eWfzqPVPEOlaKIW1C9SATgmIkE7sYz0B9R+dc1eaHBrnj3V4765uBYR2Fm01rG+xLjLXGBIR8xUc/KDg55zitDxAftXgeKXQ2lS1ItpUNlKtuwtQ6M2xmKhf3eepFAEMPxI8OSajc2zXnlxxKjJOyNtl3ZyBxnIwM59RWsPFOiHTBqX9owrZmTyhM2VG/GcciuBu4pB9stIE8bx30UKOvnaxCEUyFliJPn4OWUjAyePcV1+s3uo6N8OprsSFNStrFSzvhyJAoyTnIJzn1oAim+IvhyHV7WyOo27RTxSP9oV8qjKV+U8cZDEg/7PvW5pmuaZrPm/2bew3Qixv8ts7c5xn8jXIX2j6yPG2ixnxPctI1neFZfskOVAaDIxtwc5B5/u+5rZ8MzXWsaLqNtql1JcNFfXNoZkPkuyI5UHMeMHA6jFACjxnbHS7a/TTNWnjuJJowtrZtOUMchQ7tmcZI49fwqx4b8V2HimG4m0+K7WOB/LdriAxgtzkDPUjHI7ZFeZ6fYR6h4Y0zSdK12SOW61O4hurITtLvQTOzFwX3IojBJAwHLLuzuBrq/BOp6xLqFlaXE9s2nzaa91BHDarCETzQsWAD0MfOO2fagDY1LxtYaWLpp7eVo7UOZHSe3PC5yQvm7u3TGfarNh4ptdQvIrZIHjaTOGa4t2HTPRJWb8hXm3iafTNNg1OF3tISILmJ4P7TDzb5jISfKEoUkGXIDISAByMAjX0aTTdS8TQtHJp88v2sXMMdtrCyMhAcH5DIwwFcnCKvT2oA7y78RaJYXL215rOn286Y3RTXSIy5GRkE5HBBrBs/iT4euntBJe20K3JkUSG5jKxsrMMP82V3BcgkY6DOSMu8TTWuk63Y38jwTmcNDLppg82a5ABKtCoBbeDgHPy7TyRgGuR8IC6uF0/RryGy0+G4nnu4ZyitLMizEtbqSCu4Nu3EE/JjA6kAHoer+JrLR57a3kgvrie6IWBLa1dxITkgB8bM4VjgtnAz0qlN460q1vLyK4ivktrZ0iN3HZSyxPITgoGRWGVOFOT9447VzfxDDTeKfDltatqcs/nbpILK78nYoSXaVzwJGHmYJIyIyMjrVPUNGtZdSa2itp1jSd5baCK2utibT95FS7VeNw5VR97OBmgD0XWde07w/ax3OpztDFLKIUKxPIWcgkABQT0B7dqwP+FlaF/aP2fF99n8rf8AafsE+3dnGzbsznHOcYoljaP4aade6nc3ENxp1hFdyzIkUsokSHnBlVhuPPPXnrzVLU5NU0rxBZWU/ijXWt7i0mmJt9OhnkDo8YAxHbtgYdsnGMgc+oB1uj65p+vWslzp0zSxRyGJ98TxlWABwQ4B6Edq0ayPD0EcWnNMlxdXBuJWleW7tFt5WbhfmQRof4epXJGOcYrXoAz7HV4NQudQihV9ljN5EkxxsZ9oZgvOfl3AHOOcjsaNN1vTdYjuJNOvYbqO3k8qWSJtyBtobG7oeGHTPpWN4HjFx4Sb7XEhkuLy8NyjKCGY3EgYEfpWBrKtZeFviJHYwpGqSbAiKAEj+yQBsAdMLn8qAOr0vxl4f1nUDYWGpxzXGGKrtZRIFOCUYgBwMdVJ9aXVvF+g6HepZ6jqKQzsAxUIzbFJwGcqCEHPVsD8qyvGMNvaWXhn7NiHyNYs47fy/lwpbYVGOxQsMelHgtRdyeK5LuNXml1m4hl3qOY1VVRT7bMfn70AdejrIiujBkYZDA5BHrSkkAnGcdhXnHhrUtch+FOmSafYLessE8e+W68gxRI7LGV+U7vkAx06D1rZ8Hz6xrfgq2i1WB7QS6dCsV7De+ZNNuj5kJKgo/Q9TyfbkAvxeMtJmsUukW/cMWV44tPnkkhdcbkkVEJRhno2PUZHNP0TxTa6/Nts7HU1tzCJkuri0eKGRTjG1mxnIOeB0rlb/WGitrWGbXtauryc3Nuo0fT0xMYH2O7K0bHPKglTt44AxT/h9cvt07Sri98QQ3lpp8bSWN9axxQ4ChCFPlhyAenzduSaAN2Tx1pcN68E1vfxxJNLAbprY+TviV2cBh14Rug7U+x8caRql4lrpyahduZAkjpYTKkORkF2ZQFGMH6GuStlnuPGdrb2k18ITPqF7FEyxyxQ3KTvB5jYCOUIdzt3Z+YDPGateFLnV7jxz4lhXU9PO25geZv7OkUTqqCN/LzN8u0xlSfm+bn2oA6298VaLpmrvpuo6hbWUywJOGuZkjV1ZnXCljyQUOfqPWs2P4j+Gn01rv8AtO1MgmaFbZLiNpnxKYwVXdyDjcP9k5qvr51O58RX8Vnd3Cx2dhbTiCD7OpffJMHO6WN+QqDAyoz1Izmua/tqe/0HUda0PWtRlsrJYwJ7mK1XfKSpKeWIA2ArDLZHPTI5oA9J1LV4NKeyFwkuy7uVtlkRcrG7A7d3oCQFB9WHrWhXK/EVmj8B6lJGSJo/KkhI6+asqFMf8CC11NAC0UUlAC1zv/CaaYCAYb9meaeKJYLSScyCFwkjgRhjtDMBk4rS1pdRk0i4j0po0vpFCRSSHAj3EAv77QS2O+Md68v0y5i03QvBM8uqXmlw/wBl3Sm4tLUTMWZ4TtIKOBnBOcdutAHpml6/Zavcz29ut3HNAiO8d1aSQMFYsFIDqCQSrdPSqGpeM7DT3lt0tNUuL1Vdo7aPTbjdNsIDbDs2kZK/NnHI55rJ8HXkeoeJ9YuIdVvdTi+xWsf2i6thAQQ85KACNM4yDnH8XX0wNSisYfE17BJrENlJZS+Rbm/1W+MzK0UbsVInHBJxx/c9qAO+07xRpmq3RtrQXzSB2jYvp1xGiMoyVZmQKp9iR29ah8Q+LLfQbi1tEtLrUL2dgxtrOJpZI4dwDSsqgkKM/ieB3I4/wdHaTeK5LG2uxc2yQfb/AD7DUrwxmYy8h1aVlYnqcjnPNT65/Z1hr2oTTvo1lfTkGRm8V3FpLKoGELIqDHHQcgZ4NAHW6N4qsNcv7qytob6K4tVVpkubR4Sgb7udwHJ6gelT6n4i07RpxHqEskAMLTLIYmKMFBLKCAcsACdvUjkZwa8s8L3zQv4ZbSJ9Om1G9kEt5EviOeR7hzbOXaaLYQhyAScNhgB3yOx8blYINRD3t4Y7jSbh57OONZVCRlQZV3Mu1lEnIz8w9wKANSPxppzWa3EsN5asbtLUwXcBgkUsxAYh8fLtBfPoD3GKvarr1rpWknUyk11arks9ook2qASWPONowcmvI7edV00+JruCzex0+6Zrixs47doJd8bxxNhJZMOCyZ3Yx5hxnGa7bxDo1vYfD7TtEm1JNPtUSK2kjjt2la7YLxEqoQx3MMsF+YjdyOTQBtWXi+0u0ilksdSs4JvLEc11alEdpHVEUEZ5JcfrmtXTtRj1KCWWJHVY7iW3IbHLRuyE/TKmuAttBXS9CudWurf+y4pb2xn+y4klMcUMytkqu4h2JY4GQMqCeCa6zwgxk0WW48uREuL67mi82MoxRp3ZTtYAjIIPI6GgDfooooAKKKKAKzfeb60UN95vrRWi2JHRffFT1BF98VPUS3GgrmPEPgfS/EMd/JcoWvbmBoYp5y0y22VA3Rxk7VPGcjBznnmunopDOf1Pw3PearNqFlrd5p0lxAkE6wxxOJFQuVPzoxB/eN0om8J2lxp2k6XLcTvpenRqhtGI23OwKE804+YDbnb0JPIOMV0FFAHO23huWa71SbXJ7PUI7+3ht2gjszFGqRmQjIZ3JJMnXjGBVlPD0DaBNot5dXV5aSK0eZ3y4jPRdwwTj1OT6k1s0UAY+p6EmqaraXklzLGkFvPAUhdo3bzGjOQ6sCuPL7dc/nJb+HtKttIfSltRJZSOzyRzs0vmMzbmLlyS2Tyck1qUUAc1feC9PuElSyC2C3CLb3Hkp/y7DO6GPkCIMcZKjnHTOCLGjaDcafqVxfXd7Fcu0KW0CQ2wgSGJSxCgbjk/N146DgVu0UAc7b+FY4ruW4ku2ctqzamgVMbWMXl7DycjGTniorbwgLfXNOvvt7Nb2D3UsUHlAMZbh2ZyXzyoDYAwOmcnpXT0UAY15oS+deX2kvBY6vdFA97JB5x2qANuCw4wOgIGeeucw2/hOw/4RiDRL/N7HGS5mcbH8wsWLqV+4cscYPHrW/RQBi6r4fXUTp7Q3LWstnL5gmC+ZIwEUsajc3cGUtk55B45NZH/AAg7wOLew1CG307fE/kvaeZLGUiSE+XLvG0lEAJ2k8t612NFAHPXXhSC40e00YXLrpcVz5stuyK3mxBi6wZ/hQHaOmdq7e9U18H3tpqEF1p/iK7jW3ge3gjuYUn8uNmVioY4Yj5FwWJOB1rraKAKOm219bQst9qH22QtlX8kR7Rjpge9XqKKAMvSNIGkTaj5c++C7u2ukiK8xM4G8ZzyC2W6DG406PRLNTqokVpo9UffcxyYKn92sRUDHQqg656mtKigDmtP8G21ldWMsup6lexadu+xW9zKpSAkbc/KoLkKSAXLYB4p+oeEob2+vLqDVNS083yKl2lpIgWYAbQfmVirbcDKkHAFdFRQBXtbO3srCGxt4lS2hiWKOPqAgGAOevAp5h2WhgttkG1NkeE+VOMD5eOB6VLRQByB8EPEmgDT9YmsW0i3lgMkMEbPMZAm5jvDAElCTwcljyKuaZ4aurLxI2sXeuXGoMbT7KEnhjQqN4bIMaqMexH410dFAHGN4BKT/a7XxDqkV6Gl2SkptQSy+ZINqqobJJI3ZAODg4ArTPhS1t10ltMlexm0w7Y3X5vNiYgyxyA/e34zk8hsN656CigDBvvC1lqmsT3moZuLeWGCM2pyEJiaVgXwcOp837pGPlB57VNf8H/21fiWK7is4JYkhu0jt8yTorhgN24AdAASrEAnGMmupooAzNY0k6wlnC1wYreG7juZowgPnCM7lTPYbwjE/wCzjvWnRRQBV1OCS50q8t4XlSWWB0RopPLdSVIBV8HafQ4OOuKbpdtNY6TZWlzctczwQJHJOxOZWVQCxyc5JGfxq5RQAVymn+E9S0zSLHT7XxRe28drAsWIbaDaxGfm+dGIz6Zrq6KAMjTdK1GyujLd+ILy/jKlRDNBAig8c5RFPb1xzUNhoNyNVTVNX1L7fdxK6W6xwCGKBWxu2rliSdoBJY+2Mmt2igDk9I8I3ulvp1u+sJPpmnTPLbwfZNsnKuAHk34OBIeijOBW5q1rqN3aiPTb+GylLfNJLbedlcHgDcuD055+laFFAFLStPj0nR7LTonZ47S3jgV36sEUKCffiszVvDC6tfXU8t1sjubaK0kQR/N5Id2kQNnjzAyqeOAvryOgooA5KfwPHqM0w1bUJLuzuGZ57VYxEkjbAiHK84UBiB/eIb+EY0rnQri60rTbCbU5ZRbTxSzyugL3CxncFOOBlguT3AI71t0UAc8vhjZMZEvpRt1X+0oQQT5e5Nrx8nkNuk+m/pxze0XSTo0FzbJcGW2e5kmgjKAeQrncUz3AYsQewIHatOigDL8O2Fzpeg2tneXU91PGG3SzymVzliQGcgbiAQM4GcdB0rUoooAKKKKAKzfeb60UN95vrRWi2JHRffFT1BF98VPUS3Ggri/E3ibUtP1t7LT3jVIoI5JTJbxMAXMgXDSXMXXy24APTrzXaVwvjKR11FovP1KVEs3vWhgS02RpHgEjzYmYn5vXvSGY8XjbxQLeeW6WGIwyTgotnAWKxO6sQDehifkbOARkHBYcnp/FfiSbRdKTULfU9Lti8Bkitb6MmS4IAO1CJF55A4B6iuJim1PTIZ59UOpx3doi3Mz2y2BVUnlk2EZhySTu3epye9dj4uTUNHtLTXbK+R7mwh+yEXMAc3HnSwrk7SoU5QdBjk8CgCtqnibWbTUr62WeK3dJGWzt20O6uGuAqBsiRHCnkkcDjFbuqeIV0PwfJrmopseK2WR4sFcyEDCAckZYge3euE1nSdTtvE9i12on826vZY5T4guocxksyLhVxFtQquEznFX/ABJpkOqfCW0vry7e9ez0kSo+9mSaUxKPNO4AsR82M8/MTjPQA3jqt/pN/oVvq9/GFOmXE2oSMFVGlj8jLZwMAb36YHNX116W48MyaxBZpCMF411Cb7OjRhvvs2G2Ar83Iz2OOtczqWlTX/xI0c+IZbOe18q8extETCpsaLazk/fYggkYwCox0yde/wBet77S9WPm30C2V99kR9NIkmncKjbVG04JLFcf7OSRzgA5KT4gavF9o06PU/Cz3F0Jpba9bWUZLVcrhXxGAzZc7emQvOcEnufC2r3Gr6e0k0mnTrEVi8+yv1uhIwHzbisaBW5BwB36CvPVsfEmlX8d3qi6y19qdwtpA0Opw/Im1nSIkoeRhySMAk9K7zQodT0/Trq5vI9UubksAlrPdwzNgd1YBFGcnOT/AA0AYOk+K9c1LR7O+e+hia4hWUxp4YvZVUkZwHEmGHuODXQeGtau7+W8t9Ski86OY/Zj9jktGnhCRkuIpWLYDuVJ6cD1ri9Is5J9Q1OysrHxTHp+nulvDFa6sgETbAWQkz7eMrgKTjoea1/AVs+oafDqtza6ul5c2TIL65vBMqqxGVjBkZlyQDyv8NAFy88RXtzD4vvNPuQtppFpJBCwVTm7RGd25HRcxrg8ZDVq6X4iivbu101FkuboWiTXcsYGyAsoKhzxhm5IUZOOSAMGuIvNIvdO8K+MdM0OW3tdPt5ZvtLyqZJWUWUBwvbc53bmPIzkAk8dToM2m+H9I8NaZp8MW3UiBlZBuJ8hpWlPUuSUAP8AvDnjFACv4rjTxZqFqZZ2stPhjilS3tJJ2M8mW58tWICoo9suQeQKoeG/F19fQ6C8/nzx3VnGLtm0y5RlnKg71dY/LZSTg/dAHzAkcVjxGDwtf+N7ewLm6na1htFeTdJPdTRtjk9SWYsfQAnoK19GnTwlZ6xbqDcraX9hZKN20kNBawhu/wDezjvjFAD9Z8Y3Vl4307SIJtJaKR2jkh+3EzElVI3oImMZGTjnDdyKi8P+NdQ1C/ke4i0+XTZ9S+yRT296X8nFqspABiXcMq2SxBBYjGFpvjVtR0i5n1iEwSfuXgsIZL3y28+RQv7uNINzuSBgGT1+72oanoS2NjYWV/4f0+1F9eQWzXmn6lIbkyMTlyWhBY4MmSzE4Y896APTVYOoZSCpGQR0NLWRquu22jEK9tcTKkTTTGBVIgiXq7AkHHXhck4OAcVrA5oAWiiigAooooAKKKKACiiigAooooAKKKKACiiigAooooAKKKKACiiigAooooAKKKKACiiigAooooAKKKKACiiigCs33m+tFDfeb60VotiR0X3xU9QRffFT1EtxoKrzWFpcStLNbRSO0TQszoDmNuSp9jgcVYpKQyjd6JpV+wa7020nYbMGSFW+5kr1Hbc2PTJ9aW80bTNQu4Lq8sLae4tyGhkljDNGQcggnpzzU1pfWl/G0lndQXEaOY2aGQOAw6qSO49KsUAY8fhPw5CxaLw/pSMecrZxg/yqY6Bpf9izaOLRV0+bzN8CMVHzsWYDByASxOBjHarkN1BcNKsM8UjRNskCODsb0OOh9qlLBVLEgAckntQBT1DR9M1ZETUtOtLxEOUW5hWQKfUbgcUsWladBpzadDYW0ViysjWyRKsZVvvAqBjByc04ajZM9sgvLcvdKXt1Eq5mUAElOfmABB49asgggEHIPQigDC/4Qjwp/wBC1pH/AIBx/wCFWrbw3otla3VtZaXa2cV2nlzi1jEJdcEdUwe5wc5GeKmGsaY2mjUhqNobAnAuROvlE7tv384+9x168VdoAr2NhaaZZx2djbRW9vGMJHEoVRRp9ha6XYQ2NnF5VtCuyNNxbaPqSTVmigCtDp9rbtdtHCAbyTzZ8kkO2xUzg/7KKMDjiqtj4c0PTLn7TYaNp9pPgjzYLVI2weoyBmtOoZbmGAZkkC1M5xgrydkCTexSXw/pK63JrP2GM6jJgmdsswwu35c8L8vHGM0s/h7RbnU11KfSbGW+Uqy3LwKZAV+6d2M5GBj0xV6OVJVDRsGU9wakojJSV4vQCgmh6XHq0mqrYW/9oSdbkoDJjGMBjyBgdBUUXhvRIdUOpxaTZJflmf7QIV8zc2cndjOTk/nWnRmqAo6jo2n6q0bXtuJTGCB87KGU4yrAEblOBlTkHA4q/UazRtK8SyK0iAFkDDKg9CR2zg/lT80ALRUJuoFn8gzRibAPllxu5zjj32tj/dPpUuaAFopM0UALRUNtdW95AJrWeKeIkgPE4ZSQSCMj0IIPuKdLPFAgeaRI1LKgZ2ABZiFUc9ySAB3JFAElFJRQAtFFJQAtFV2vrVEuXe5hVLXP2hjIAIsKGO/+78pB57EGpwwZQwIIIyCO4oAWikooAWiqtpqVjf5+x3lvcYAY+TKr4BJAPB9QfyNTxypKpaN1dQSpKnOCDgj6ggigB9FJUUd3by3EtvHPE88IUyxq4LIG+7uHUZwcZ64oAmopKbJIkUbSSOqIgLMzHAUDqSewoAfRUcM8VzBHPBKksMqh45EYMrKRkEEcEEd6HmjjeNHkVWkbaiscFjgnA9eAT+BoAkopkkiRRtJI6pGgLMzHAUDqSacrBgCCCD0I70ALRRSZoAWiqjanYLp39otfWwsdof7SZV8vaeh3Zxj3zVqgBaKSloAKKKKAKzfeb60UN95vrRWi2JHRffFT1BF98VPUS3Ggryr4mvpVpq9nKJIGupiRdhr91eNAvyERC4iHJ4zn357+q15v4107+0tblsNH8O3Ems3iwLLq80INvBErZOGfK7sZGAuTnvjFIZ55Zz6Kmo2cUS2q2894n2xnvHtwI2YB33Lfv82PVT+leveIfEq+FNB0U6RYLqiXlxDY2kYu9oYOp2HzCG3ZwOT1znNcTrvh6TwxrU8C6FqPiHSrvS5I4wtjFIUuS2BuMSoUXb3HPPHTje1Hw9ca9p3hDw9faGi6fDbLcXwLuI4GSHYsSkPuJ3P3bovVuaAOQvNF8R2U2u67qnhS9WKWWS9k+y+IFhESBckYUHcRg84z2xXQeNddTw18Ira3sEujJqkHlxmWRpmjWQb5CznrgMQO/Ix04ytO+Gtte22lm48HW9rLeWlwLkm4uMWlwp/dM2ZslG/ujn3rofEVrqupfA97V9Hni1MW0MRs4kMj5SRVyoGTghd3c4PNAHJ+K5td0DxBpdrP/wAI8NP02xnS0WZJ5FFo5SECcAEliNo+UYyTniuyttM1fw78N7qx1ltNAgkHkGDUbiCOOIupAaZvnUKTgAdgB61i6/4Z17xPpXifWZtMliv5o4rHTrF3XetvFMruSc4JYqWH04JBBPQrfavcaN4j1HVNO162tZ5YxaWdoQbuNNiKxjCnjLZPXpk0AeU6bp9/c+BND08WE16t7LLOkdpPcGVYElUu+wkRH7pAGRy6EckmvT/hxqM41HX9DlgvB9kvpJQbuVmeGJ9vlIdxJOVDHOT075zXL2/hbUobi+8T6ovjBItiWtnbWd6Z9QaMnJLkHhc4OwHg5yOMnt/hxDqcejX8upf2sFmv5GtE1WQtOsG1Qu7JODkNxQBt6Lqt/qVxqMd7pEunpbXLRQvI+4XCAnDjgYBx0561sVi6Fc6/Pc6mutWVtbQx3LLYtC2TLDk4ZvmPOMen0raoAD0rnLqdjLPbudh3MSc8tzx+mK6OuJ8dXi2DW7SACOZWXcqgsCOO5HZv0NeVm2Eq4mklS3XTua0qkKbvPY2NBLGeXY26HHB9fQ1vVkeGyz6LBOwAM2XwFxx2/TFaxAZSD0IxWuWYWWFw0aU9xVaiqT5keYeNrBo9H1y7XQNeWSOOaRLz+2P3Snk7xH5/C9wu3pxjtXReHdKs7LVBLB4Lm0uUoQbyWSB2x6ErIzc1h+MPCVjDpVxYaZomu3t3dwOkMsWoSvFG5GB5m+bGOe4IrqrXwXolndQ3MKX3mROHTfqVy4yORlWkIP0Ir0DM8/1om68VeJ7JtTgvzK+mD7J9nR1wLxRsbkA7d2CCRu384xTtOs7K/vdOkt/DVvbA36GG5t9NtYWd4XDsEf7UcjCHJUNkBsZwa1L7StRuPE2qy2uhXMWnzXNs8rLHEDObfzZCVUsM75DEATjOTnFY+l+HL6w8TT37+EpvsxNu8SxadZoytGWJKgT/ACE/L8wJJ79AKAPSv+Efh/t46t9svN5kEn2fevlAiNo+BtzyGyeeqj3B8+1ew083viLUJ7CxnuE1CUbrnRJb4sFt4CF3RkeWMk/e459jXrFeevZ6u+oeIYI7TX0tri/dt9j9jVJkaGJf+W/zdiMrx75HABhWWn6Xcabp2pR6dpsV0upaawa30SWyaIvMhIDyE7xg9V9vUV0Pi5ha628q6m1zcTxxrDpSandW8ihd5Z1S33M+7I5KgDb1qg+kalaLYwxad4geJtQsN5uhZMiLFNHhz5HzkhFxk54HPTI1fEunX99q10yWl01isS+a0uDA4AB4ih/fXB5I2OVXr1oA5TS5Y7vSbaSJTpX9ptN5Udt4gv57pZSWDP5C8OQwy2Tj1NdR4vfWra90G1tYLa9VSBCs8xUzXeMK7KFJKRjdIeRyAc5UZz/Dfha4so77WNItpI76O/Mlsb6AWzXcJijWSN1CjYhdWKDaNpVTjGc7PinQbzW5La8j0XTbh4rZhi8nkZ1LctGIlIR+QvJcDPoOaAOSvNEtb3V/HGnpptvdasvkPbyOVjJ3xR+dImSACpfeecZdfWu1e7t9T8HacX8N3l5YXdskht0ki/dIArLuMkiZ7HjPTmuWPhPXtZsDbSWsVjeCWS7vLmd2CXLzKC1qoRt3k7fLjZs/8sxgHGR1eoWmqeJdAs7FrMaXb3LmPU4XlzIkS5DRxlOCHxjdkfK2cZPABzT2nhiPUXsH8AX63KW/2plaS2AEWSu4t9oxjIPeulmNpbeDbiOWxu9CtYBtjWWYpsOQVYtbyFgm48/MOAc4HNUdLtJNc8UXd3c6DdWOlHSl0/yL1EXzPnYkBVZht2kCtPT4NX8OeFrm3kX+1ZrPetgqN+8mj/5ZrISAAwztJ54GeuaAOKXQZ9Rl1PTLe1mM+o2Yund/EVyYkVwYVIIDCYERbwXHRgpGBiuu8GIhGoq0NzDcWVz9ikV9VnvI2IRH3L5mMffxwo6Vlzade6Pf24vLHUtSgk0qG0km0oiFlkjdmOAjIUX5gBjsMGtLwlFNFqF+LfSr7TtKZEdVviGlmuCzmSQsWZ2+Xyhlj246UAcJpej6HpHg3Qtf1XQtPutIltI1vpTFmaCRjgS9fnUkhSoGRwRnkV23gTQ7KC3k12DSrSxN+N9rHFGoeO2YKVVmHUtgOfTOO1YegaNqdpaaKNY8OavdnSrdEgtUmtPISYZzLzMCzYOAW+7zgZOa6Hwva3Wl6hdW0Oj6nY6VO3mRQXD27RWr8lwmyVmCscELjAOcYB4ALuneG7Pw5a3cmnyRW7vBt8ySJRHHtZ33FV28bpGOMgAYAxiuI8KX6eIvDMsVza3WrIb+e4NtYEWctszSyHMha4UsG3nAGQNpBJIzXp1/YwalYT2V0pa3nQxyKCRuU9R9COK4qDTJ4ktr2+tZRY2Op315JHHbvJPNIbmQQYRVLFAJWkBGf4T0yaAJfBjaVPNDf6ToOtW8NzGy/abu+WVAuT1QzuwyyYB2/pmuS0rVrS38ceKk1/xRizAigm3wCE3YUPGQrJgqUc4+Xk4z0zjq/A+hajp1lod68Jt2awkt76CZirgeYZITt/vDdICOPvn0xVnwxoaaR4t12OKyeKxjgsktJHQ7TtjkVirHqeeT15560Ac54R1TwWniW88nVZXuP7QEWnLJeXDhkaKMYwzEH52k+9/hUXjx9Q0i/nvLtoIYLy4DJcNrlyiwxoFG3yY1HLBT90PhmJPGK73QIJYdS8RtLFIiy6mJIy6kB1+zwDI9RkEZ9Qa5a88M6xqHiG9u9Mlv9K3yt5l7cfZyzgEjESIhcrgDBd1OCOD0oAwvDjDUdQjsdDt7S0axlikjQeIrtd6qQ5VYZI8lMYBygBDcHrjZ8YaxZyeJ7xNStVl0zSNJuZgJTtSW6Pk/JzwSElQA+spFUdM8MeIrfRdGl1GTU9RtoreCaO3g8iOezcIDt8uZMEqQBuDhvbIzXX+I4mGuWN4dKm1BLeyuGSKNM5m862aMZ6KcrnJ6BSegNAHBeSmleELvT7eztrWWO2ltrye0uDKl5jTpJQxJVf74buMnqa9esP8AkHWv/XJP5CvP9U8MvpPgldOt9KuLvUbgXUhXTURYUuJ43Q7gxGIx5mBjoFGffr9S1CfRNFtXjt0uJvMgt/KMoTJZlTgnqRnOO+KANmsDxcVGjDK3bSeavli2N0Oec7jbAvjGevGce1b1Y/iVLqfSfs1np5vJp5AigzmFI++92Uhtox0XJPA75AB4na+YWjtvIvDB/bco8rzNT28K7gYC/eDgNx+8yMnjJr1rwBqMGo+H2ljivI5fOkEq3MlzIMh2UbHn5IwoJAPBJBAOa4m28BXTWVvbF7+O9HiCYte4lAMYhkIkK7sbGYKM5BIbG7JrtbOK807wjNaHTbzTJrZyFXS3juGlLPktEZAeGLHPmAEZPpmgDyrRIdEOhaeZbbT2lNvHvLw6YWJ2jOd9wG/76APqAa9P+GQjHhNxCFEX2652BAgAHmtjGwlcf7pI9CaztL8GapFojRJc3FmYUEdlbTNaSHaBgCVhbHB47F/qa1/Bem3elC8trlNTiPmGUpctbvAzuzFmiaJFJyRnDBcZHyigDrKKKKAKzfeb60UN95vrRWi2JHRffFT1BF98VPUS3GgoorMu9aistZstOuIZkF6GENxgeWZFGfLJzkMVBIyMHBwSeKQzToxXLnxrCssROj6n9klv/wCz0vP3JjMnmmLOPM37dwPO3pWrrWtRaFbQ3d1G5tGmWOaZcbYFOcO3+znAJ7Zz0FAGniiqF/qYsbvTIDEX+33JtwwbGzEUkmff/V4/Gr9ABRRUNzd29lbPc3dxFBAgy8srhFUe5PAoAmorkU+IejyaQl7HNFLI16LNreCUSsp8xl3nZn5diPIOOVHFben6/puqXBgs52kkClyDC68ZA6sAO4oA06K52/8AGuj6Wk8l6NSghgJEkzaXc+WuDjO/y9uM984q5YeIbPUbpbeGDUUcgnM+nTwpx/tOgH60Aa1Vb7TrPUoRDfWsNxEG3BZUDAH1578mrVFADY40ijWONFRFAVVUYAA6ACnVn6lq8Gly2MUqSySXtyLaJYwCdxVmJOSMKApJNR6VrUWqT6nGqeX9huzaklwd5CI+4e3z4/CgDUorO1TXtL0Xyf7RvYrYTZ8vf/FjGcfmKwLb4leHLjVr6ya/ijjthGVnZvllLAkgDHbA/OgDsKKzl13TpNEm1iG5SWxhjeRpV6bUBLfyNZdz4zsrWPSVeOR7vUGK/ZYAZpIdoJl3BAxJQgqQB149cAHS0VnaZrdjq9vPPZyuY7eVoZTLE8RR1xuBDgHjPP4+lZeneM7TUIpZxY6mtv5pWCVLCeRZ4xjEilUI2k5xz0we+KAOlorPstYt7+ZooYr1GC7iZ7KaFccd3UAnnp1qHXNdh0WKFfKkur25fy7Wzhx5k7d8ZIAAHJY8Ade1AGtRiqGkaxaa3p6Xlo5KklHjcYeJx95HX+FgeCKq3XijS9Pu7q3v5ZLRrfad80ZCSKwGGRujDJ2nuCDkdCQDZorkbH4keG7ya7jbUIoxBN5aPklZRtU7gQPUkY9VNaes+JYdHu7a0NhqF5c3LBIo7a3yGOGbG9iqZwjHG7OBmgDbork7nx3Fb217djQNalsrN5lkuY44imImZXIzIDgFG7dq2NS1uOw0VNQSF5nm2Lb24IVpZHICICeBkkZPYZPQUAalFc5q/i5dGnuFm0TWJoLdd73UECGHbt3E7i44Hf6GrEniSNfDdtrcdheyxXCoyQKqLKA/3chmAHUd+4oA26K51vFsLeHk1OKwujcTTvawWEmxZpJldkKcMVHKsSc4ABJ6Vr6ZqNvq2mwX1qxMUy7gGGGU9CrDswOQR2IIoAt0YoooAKK57/hLoP8AoEa5/wCCyX/Ckh8Y2U2pwad9h1aO5mG5FksJFG3cFLEkcKCwye2aAOiorFuvFOlWd5cWbyztcQECRYrSWQKSoYAlVI6MD+NZ9n4+0mTTILu/jvdOdwBJFcWcwEbE4wW2Y69D3yKAOqoxVaa/tre9tbOWTbPdb/JXaTu2jLc9Bx61SXX7dY9bmulMFvpMpWaTlsqIUlLYAzwHxjnp70Aa1FY+t+IrTQoonuCpMkcsiqXC7ljjLtjPBPA446k9jTNc8Rw6Lb2h8lrm7u5FSC2hDOzjguwCqWKquWJA9B1IoA26MVjf8JNY/wDPtqv/AIKrn/43Vi71qzsdPivbgXKwykKoW0lZwSCeUClh0PUCgDRorkLP4kaFcm8MrXUEdvc/ZxI1nOVbheSdnyHcxGDzx710t5fw2FrJczCV0jwGEELzPzj+FAWPUdunNAFqiuVuvHljBpo1KDS9Zu7DyjM1zFZMiKgG7d+82kjHOQCD61p6Nrray0gOkanYqihg17CqB8+mGNAGvRRRQBWb7zfWihvvN9aK0WxI6L74qeoIvvip6iW40Fctqkk8Hi2C3l1a4jsL7T7ppIi6IkLIYVDI4AZT+8Y5LHnpiuprB1/wvaa/cW13K5S7s45Bauyh0jd9p3lDwxBQEA8d+uCEM8/+06g/h2z8P/ZNFSdLxLVNIRbhJ4pUcMXDrJuAA/e+Z3BznJrsPFCXWlR6HLY6leRQi/tLJ7cssiSxtIqneXUuTjjO79alHga0Wb7cmp6mNZ6f2p5+ZSuc7CuPL2f7G3HfrzVzVvDSa/otlp2qXs8nkSRTTSwYiad057fdBPPykEdiKAMDW9MvptV8PvF4qvpUk1N1RlitiIiIJ87cRckYK/Nnqe/TsdPtp7S28q4v576TJPnTpGrY9MIqj9KpP4ftU/saOyWO0ttLuDNHBFGApBikj2jGMf6zOeenvmr9/p9pqlhNY31uk9tMu2SNxkMP8e+e1AFio7h0itZZJGCoiFmJ6AAdag0uxfTdOitHvLi7MWVE1wQZCueAxAGSBgZ6nGTzTNa046xot5pvnmFbqIwu4XcQjcNj3K5APYnPOMUAeY6U2vCbwzBFcWT3FsY7SK5uIT+6SSyMrRmNSN3+rB3blOVA6Ma2/hnc3b2drayaq97BBpNo3lGJFW3ZwcICoySFVepJ5zxmtl/BzFXmi1m6jvvtovI7kRRERkRGEJs27SoQkeuec1Po3hqfTb6C6utVe8+zWzW1tCttFDHCjFCcBAP+eagdgM0AUvij/wAk11v/AK4r/wChrXXVyF/8P4dUspbK98Ra/PbSjDxvdJhhnPPye1aFj4Yksr2K4PiHW7gRnPlT3CsjfUBBmgDfzzS1kzaFC2vwaxbzSW1yo2XAixtukwdquO5U4IPUcjoa1qAOP8VaVNc6va3zaB/wkMCQNEllI0KxwMWBaQ+YfmZgFUY6BT/erjdAst11rg/4VhZ3e3UWGxntP9H/AHUf7sbu38XHHzeua9P1DTLq9uFkg1zULFQu0xWyQFScnk+ZGxzz644HFZlp4QmsJLp7bxPrKNdzG4mOy1O+Qqq55g44VRgccUASa9dXulwafY6R/Z9lHOTAksyOwhCoWASJBhvkRzyygbe+cVy2jaRCbqa50zXVOqmFNSg1BrVvNu4ZsllmjwBJHwANmCnAwpHzdtJoUFxPZXF3PPdTWkMkSPLtBJkADOQqgbsAgEAcM3HNYVn4K1CCPTrO58QG406wMPlQ/YY1kKxMropkyTjMaZwBnbQBS8TNqmv/AAvlneeyiSSHz5pLOR2SaEKXGzcoI3MFBU9FLDJrntRtFFnPPPtit31W7YzwiO2dXjvJSu+6diyj5jgRoXPzAda9HuPDts3h2/0a0Y28N2JueXEZkJLEDPTJJwMCqd/4QivdXS8SeKyjQNj7HaxpcEsxZ/35BYBizZ2bT8x5oAoeENOgn8MSaHd3K3VmsSIbSS38iZEOc7wCCVcgkFkViM7s5Nef6RpekyTX1kiabcfZJ3U3EUVvJG5ZmYKpNpIx2gqDk47AkDA9eXw/YW2iXWl2drBHFcK/mCVDIJHYYLSZIaQnuS2T61iN4CS5ljuL3WbxZ44TbodNVLJUjx8qjYN+1eoVnI9qAKnw8sLezvdda1ns3SR4QYrcKpiIU53BYolBOc8L9ayPEFq/hl9W1W11/XH1eOzYtPLpJnRyAXCiXySiJkjIUhRjnkE12mgeHrjw+RbQ6oZtMSPbHbPaxIytn72+MKD3zlcknOajv/C9zqVlc2V14n1hra5jaKWMJajKMCCMiDI4PrmgDF8P6XFc+IZNSXWtda/ZY3meTS2s45kTja+6FUf7wAP3wBwQAad4mmlsbXxHDa69fRkR20zRhBI1t5rshEbEggNt6Z+XqpGQB0dro99b3EckniTVLhEOTFLHbBXHodsIP5EVUl8Ki4v7iea8LRXV/HeTxCIAyCNUEUec/dDIGPHJ9BnIByNlbXo8RaXa22tGCSwnnsoI47BEh2IsbyIyh8lWG3HOQRmpvHcpm8Y6HDawajdmGUtdx2d/JCy5hmKBAHA3lVlPYkKBkBq2NV8ArqSXITVZLdri4uJHIhDfu54xG6YJ64HDdvSuiv8ASxe3mm3Al8o2VybjhM78wyR49v8AWZ79Md6APK9VvNGj1iTS5dR0kQ3bXLXK/wBt3aRRtuyyOiybQWLtxjHDV0njK1N3o/h97a41BJwQIZtKSWWKJWTDSkIpY4TITkcvzxkjck8KXE2oW98/ifWTc26PHE+y1G1X27hjyMHOxevpV260EX0FtFdapqj+QG3PFcm3abOOXMQTpjjGKAPPdajhhii0nVNP8RSaMRFb6ba6fbJDEpKhk3lpN0ki8ffAXcp+U9a6G6ub/wD4QUTaxqFvaT/bIpIX1ULaMVjmR9ku0su8hG5Xggg4HNad34Qa7FujeItYWK1mWa3jzA3lsv3fmaIs2M/xFie5J5rUj068i02a2/tq8luHOUupo4S8fTgBUVSOD1BPJ56YAPL7WV4o5dXee5iurYajPFNZTxvGyCYSyCMTRNhisx5ABIi5wK7rwhYw28+s3UM93Mst40ZlmePbO6AB5AiKqqd25Dgc+WCetPj8IvEkOzXdQWVJJJjIIbVi0rliz/NC20kMV+XAwAMdc39C0U6FatbLqV7eRFiyi6EWVJJZiCiKSSSSS2f50Aa1FZei6fc6el79pu5rg3F5LOgllMnlIx+VFJAwABkDHGcc4ydSgDzHWNW0mK/8UrqXiS5s7+CYizt11OSEBfs0bLtQMAfnLduTmtfw/NLc6x4WnmkeSaTw27u7nLMxa2JJPc5rt65zR/Dt/Z6udU1bXZNUuVga3izbJCsaMys3C9SSi8+1AGRq8E1trWoX93Ya7Np6sJytpLbW8B2ooLu3mpJJjb/EcY4wQM1z9rNqviuztdUj0rVTDd2qG6MD2zxSXCEDPlSzFSuV/uo6lBzzgd3e+GBq19I+r6jc3lhvDR6cQqQDGCN4UZk5GcMSOenGabf+Fw91NfaPqV1pF7NlpGt9rxStgDc8TAqTgdRg+9AFbxLZz6h4g0WCy1OXTtQjjuZ4pRbLMpUeWjAhiMH94uOD36Vy39ha7PaeMIrnxW4thM6XgTToi0wNpEWI5G07CF4PbPeu71XQP7TvrO9j1O+sbm1jkiWS18vLK5QsCHRh1jXpjvWVL4Hma31GOPxTrStf7mnLC3IdjGI8kCIH7qqMAjp680AdJYXKXmnWt1EGEc0SSKGGDggEZ964T4p6dpMVja67eLaCa2mUMZ9rPMgSUCKMOjqWLSA4K44ySNoI7rTrT+z9MtLPf5n2eFIt+MbtqgZx26Vl6v4fl1LUlu4bm2tSYPIklNkssxTJJVWclVU55Gw5/LAB5fqmh6W2i3W46XZmSFlEs0ECCNmGASy2II5I+6wPoe9epeIzqi6RCNKNyJDIola1jhaQR4JO3znVB2GTuxn7vcYyfDi2tvs0lprWqJPa7mg88xTRRsTkFYmTYmOg2BMDit240RtT0q3sdWvZLkI2bjyh5KXI5+V1GTt5GQDzjngkEA8+ub8PYSeHY9K1GHSZdOF6bo3Vo8zSGYN57SNNsZWbk85JPAxXZ+GbK5stO1K61H7YLy6mMs73ggVmxGiAgQsyhdqgdc5BJp+neFng1a8vtSv/AO0BNbm0iga2SOOKDcTsIH3uuOe1W7fwzpcGlPpckH2rTmkDpa3X72OIDGEUN/CCMgHOM4HGAADzie9sdQ8K6an2pLq2tPClxJLAl0wjM8aW+FkCMMkbsbT/AHq7bw0i2+vavbwzzyW4htZEEly8wBZXyVLMeDgd6tTeFbW5uohNM/8AZcG1oNLiRY7dWU5ywUAvyAQCdoParOk6Db6JPP8AYZZYrKX5lscjyoWzklB1UH+6Dt9BzQBrUUUUAVm+831oob7zfWitFsSOi++KnqCL74qeoluNBRRXGeNNavNO1fSLODXoNGguYrh5J5rZZgzIYtq4JGPvtSGdnSV5fN4k1C1a2kh8fWOou11BEbRNORGkV5VRsNuOMBienauk8YeKbfRLqxs3uzbbj9quJFXLeTGR8iju0jbUA9C3TAoA6ylrz698S+Iv7Xe5S1s7fT9KjL3xe5kZPnHCPtiJEiDa7bchQTk4Oa2PEd3rP/CNRJEws7m5fy5rqxjlvPs6HJ3IqpuYkADOBjdnPAyAdRS15OviTxNqBaD+05oprOQNK8fh672mQIGWMhQTtO8ElgpG0YDBs11I1nW7TwVc6lldQ1DgRJJZtZKjHA+YSkEqCSc8ZHAx1oA66lrzSTxZq9rpUkPkyuLd7IxX008I8z9/EkqTNG8gTduJBwPlLDHyZPS6Lr91dPqcdxJa31zaxJOIdMwyKr79sYkZhvf5OSQg5HrQB0velrhpfF+o/wDCY2lqvh7WliNhNI1r/o+5z5kQD/63GB8w65+YcHt0Gj+IV1e8vbM6bfWNzZiNpI7oR5Ifdtxsdh/Cf0oA2KWsbQbHVLMzHUr6S53RxBVdlbawX5yCFXgnHUdQTwCANmgAooooAKKKKACiiigAooooAKKKKACiiigAooooAKKKKACiiigAooooAKKKKACiiigAooooAKKKKACiiigAooooAKKKKACiiigAooooArN95vrRQ33m+tFaLYkdF98VPUEX3xU9RLcaCuB8c3bWXinw/KmvW2in7LeL9puIVkU/NB8uCRyevXtXfVE1tA9zHcNCjTxqypIVG5Q2NwB7A7Vz9BSGeUarrEt1b20LfEDS9VVr+0/0OCzRHlxcRnhg5Ix16dq6bxtdRrqekxHWYrVoWNwtodOlvDK/SN9kZB+U7iM8ZweoGOynt4LmPy7iGOWPcrbZFDDKkFTg9wQCPQgU8qGBBAIPUGgDxvUtC0e7vLzUoohJpT6zYwKWlfynZpQblgCcYJk2n0KsOMV02oS6JN4Ts7C1Fy8HnzWljpqCK4a6aKRkGPOV8IpXO7gKpGewrtX0ywk04ac9lbNYhAgtmiUx7R0G3GMDA4qW3tre0gjgtoI4YY12pHGgVVHoAOgoA8RtvD4tPCerXf8AY4a/sFne7MltZbI5lUufkaLds5BAB5XGMV19/ZXEHwuktmtZIS09t5UGLcY3TRn5QiBACxP3geSc5FdtqGi6Vq3l/wBpabZ3vl52faYFk25xnG4HGcD8hVqa3huIvKmhjkjyDsdQRkEEHB9CAR9KAPKle50mbXsLGZQulxyJdPbhCrXciMrmGMKqkEgkqSASfSut8NXcVhNqlrdXmng28UV1MbKFIbW3Vw42g5JJHlklmPQrgCt4aNpYS7QabZhbwlrpRAuJyepfj5up60yLQNGgsJbCHSbCOzmOZbdLZBG591Aweg60AYGjXsGp65e+K5tttpvkJZWE07bPNQMWeXBxhWYqBnqEz3p3he6jv/GHiy7t5Y57bzbaGOaNgyMVhBYAjjgtzXTXlhZ6hata3tpBc2zY3QzRh0ODkZU8dQKW0srWwtltrO2htoE+7FCgRV+gHAoAj1O/h0rS7vULgOYbWF5nCDLFVBJx78VFpupm+kuoZbdre4tnVJIyysPmUMCCPY+xyD2wTekjSWNo5EV0cFWVhkEHqCKr2Om2OlwGDT7K3tIS24x28SxqTwM4A68D8qALVFFFABRRRQAUUUUAFFFFABRRRQAUUUUAFFFFABRRRQAUUUUAFFFFABRRRQAUUUUAFFFFABRRRQAUUUUAFFFFABRRRQAUUUUAFFFFAFZvvN9aKG+831orRbEjovvip6KKiW40FFFFIYUUUUAFFFFABRRRQAUUUUAFFFFABRRRQAUUUUAFFFFABRRRQAUUUUAFFFFABRRRQAUUUUAFFFFABRRRQAUUUUAFFFFABRRRQAUUUUAFFFFABRRRQAUUUUAFFFFABRRRQAUUUUAVm+831ooorRbEn//ZDQplbmRzdHJlYW0NZW5kb2JqDTEzMSAwIG9iag08PC9CaXRzUGVyQ29tcG9uZW50IDggL0NvbG9yU3BhY2UgL0RldmljZVJHQiAvRmlsdGVyIC9EQ1REZWNvZGUgL0hlaWdodCAyMTQgL0xlbmd0aCAyMjI4MSAvU3VidHlwZSAvSW1hZ2UgL1R5cGUgL1hPYmplY3QgL1dpZHRoIDQ0MD4+DQpzdHJlYW0NCv/Y/+AAEEpGSUYAAQEAAAEAAQAA/9sAQwAIBgYHBgUIBwcHCQkICgwUDQwLCwwZEhMPFB0aHx4dGhwcICQuJyAiLCMcHCg3KSwwMTQ0NB8nOT04MjwuMzQy/9sAQwEJCQkMCwwYDQ0YMiEcITIyMjIyMjIyMjIyMjIyMjIyMjIyMjIyMjIyMjIyMjIyMjIyMjIyMjIyMjIyMjIyMjIy/8AAEQgA1gG4AwEiAAIRAQMRAf/EAB8AAAEFAQEBAQEBAAAAAAAAAAABAgMEBQYHCAkKC//EALUQAAIBAwMCBAMFBQQEAAABfQECAwAEEQUSITFBBhNRYQcicRQygZGhCCNCscEVUtHwJDNicoIJChYXGBkaJSYnKCkqNDU2Nzg5OkNERUZHSElKU1RVVldYWVpjZGVmZ2hpanN0dXZ3eHl6g4SFhoeIiYqSk5SVlpeYmZqio6Slpqeoqaqys7S1tre4ubrCw8TFxsfIycrS09TV1tfY2drh4uPk5ebn6Onq8fLz9PX29/j5+v/EAB8BAAMBAQEBAQEBAQEAAAAAAAABAgMEBQYHCAkKC//EALURAAIBAgQEAwQHBQQEAAECdwABAgMRBAUhMQYSQVEHYXETIjKBCBRCkaGxwQkjM1LwFWJy0QoWJDThJfEXGBkaJicoKSo1Njc4OTpDREVGR0hJSlNUVVZXWFlaY2RlZmdoaWpzdHV2d3h5eoKDhIWGh4iJipKTlJWWl5iZmqKjpKWmp6ipqrKztLW2t7i5usLDxMXGx8jJytLT1NXW19jZ2uLj5OXm5+jp6vLz9PX29/j5+v/aAAwDAQACEQMRAD8A94i++KnqCL74qenLcSCoha24uzdiCMXJQRmbYN5QEkLnrjJJx7mpaKQynd6TpuoTwT3un2tzNAcwyTQq7Rnj7pIyOg6elXKKKAEwPQUx7eGSSKSSKNpISWjZlBKEggkHtwSPoakooApahpGmassa6lp1peLGSUFzCsgUnuNwOKddaXYXtktldWNtPaLjEEsSsgx0+UjHFW6KAIJrK1ubNrO4toZbVl2tDJGGQj0KnjFR2GlafpULRadYWtnGzbmS3hWME+pCgVbooAprpGmpqT6kun2q37jDXQhUSsMY5fGTwAOvarmKKKAKltplhZ3Etxa2VtBNMSZZI4lVnJOTkgZPJJ/GrdFFABRRRQAUUUUAFFFFABRRRQAUUUUAFFFFABRRRQAUUUUAFFFFABRRRQAUUUUAFFFFABRRRQAUUUUAFFFFABRRRQAUUUUAFFFFABRRRQBWb7zfWihvvN9aK0WxI6L74qeoIvvip6iW40FUWs7tndv7UuFBYkKsceFGeBypNXqSkMo/Ybv/AKC1z/37i/8AiKPsN3/0Frn/AL9xf/EVfpKAKP2G7/6C1z/37i/+Io+w3f8A0Frn/v3F/wDEVfooAofYbv8A6C1z/wB+4v8A4ij7Dd/9Ba5/79xf/EVfooAofYbv/oLXP/fuL/4ij7Dd/wDQWuf+/cX/AMRV+igCh9hu/wDoLXP/AH7i/wDiKPsN3/0Frn/v3F/8RV+igCh9hu/+gtc/9+4v/iKPsN3/ANBa5/79xf8AxFX6KAKH2G7/AOgtc/8AfuL/AOIo+w3f/QWuf+/cX/xFX6KAKH2G7/6C1z/37i/+Io+w3f8A0Frn/v3F/wDEVfooAofYbv8A6C1z/wB+4v8A4ij7Dd/9Ba5/79xf/EVfooAofYbv/oLXP/fuL/4ij7Dd/wDQWuf+/cX/AMRV+igCh9hu/wDoLXP/AH7i/wDiKPsN3/0Frn/v3F/8RV+igCh9hu/+gtc/9+4v/iKPsN3/ANBa5/79xf8AxFXsijcKAKP2G7/6C1z/AN+4v/iKPsN3/wBBa5/79xf/ABFX80UAUPsN3/0Frn/v3F/8RR9hu/8AoLXP/fuL/wCIq/RQBQ+w3f8A0Frn/v3F/wDEUfYbv/oLXP8A37i/+Iq/RQBQ+w3f/QWuf+/cX/xFH2G7/wCgtc/9+4v/AIir9FAFD7Dd/wDQWuf+/cX/AMRR9hu/+gtc/wDfuL/4ir9FAFD7Dd/9Ba5/79xf/EUfYbv/AKC1z/37i/8AiKv0UAUPsN3/ANBa5/79xf8AxFH2G7/6C1z/AN+4v/iKv0UAUPsN3/0Frn/v3F/8RR9hu/8AoLXP/fuL/wCIq/RQBQ+w3f8A0Frn/v3F/wDEUfYbv/oLXP8A37i/+Iq/RQBQ+w3f/QWuf+/cX/xFH2G7/wCgtc/9+4v/AIir9FAFD7Dd/wDQWuf+/cX/AMRR9hu/+gtc/wDfuL/4ir9FAFD7Dd/9Ba5/79xf/EVJBa3EUu6S/mmXH3HRAP0UGrdFABRRRQBWb7zfWihvvN9aK0WxI6L74qeoIvvip6iW40FJS1k+Ire8utBuotPleO6KgoUbaTgg4B7ZAI/GpbsrlwjzSUb2uVvFmuTaFpAuYIg7vII8nouc8+/Sq/hzxSNVcW1yEWcjKMvRx/Q15Lrl/fanHbxG7mfymzslcnY3Qnn/AD1r0rw74FfS7q3urnUDMEUN5SJtG/1znp+VcUKtSpUvDbqe7XwOHw2G5az997NHY3NzDZ2k11cSLHBCjSSOx4VQMkn8BXGxfEWGOLT4LnTLubVb5XmWwsVWSWGP7yeYCwwShU/n6Vu+LLaG88KalDPpsmpIYS32OJyrTMvzKoKkEcgdOfr0rgLK3udH8JadDN4av5by5uv3811qospmuGChQrhyzKR8gBIOEGR3ruPAOo0Dxtd3t1p2ma14f1HTdSuxIAzxAQMUBY4Jbd90A4xwTjJ61reI/EkOhQxwxRNeardHZZWER/eTP/7Kg6sx4AB+lcb4H1n+09bt3h0G4hDxSEy3XiBrpokDshYROxPLxldwH44PKapo0EHiy8i0zw1qGrX6xi4uL5dce2kCzM22PO4EqPLwB0AA78kA6vw/4mkvLuTRtaiistfgGZLdSdk6c4lhJ5ZCB9QQQcYqPxR4n1Tw/c2yWugHUYrh0ijdbtI2aVifkCkEngZz0AyexrkG0eO41TTrbXPCGoWi3Uxt7e9l8QPctbybTIGQbiVb911GOmOhxV3x5G0XiTSVtb2+s9UeBbbTJldZIyzTIkuVZSwYIysWByQD6HIAmpfFX7L4htLS1h0qaydphJL/AGrAdwUDYQ2/EeeeG5PQciun0vxUfEHg465otrHdXHlsRZm4AIcc+WzAHDYwcEdx0zmvJNd1iOTxnp81vd2TQI9z5TR6nYbApAxz5OEGOgk3E9jkE12sFlaD4Nzf2XdzWZ0+2uJ0fT9SV28xFcjfLEAHzwSMenpQBv6h42jg0q4vLTT7qSW2tLfUJbeZPLf7O7EOQCfvKqOSDgcDk1r2GvWWpareafaM0j2kUMskgA2YlBZQDnOcAHp0YVxuo6tb6dBpPjKC6juF0+NdP1fawZzHIEPXu6OUbHU7mFbvgaKWfSZ9duQv2nW5zekAhvLiICxJkdcIq/iTQB1NFFFABRRRQAUUUUAFFFFABTGfsOtJI+BSouBk9TQAmxm6nFL5Y9TT6KAI9rLyDkUqvmn1HIuPmHbrQBJRTEbIp9ABRRRQAUUUUAFFFFABRRRQAUUUUAFFFFABRRRQAUUUUAFFFFABRRRQAUUUUAVm+831oob7zfWitFsSOi++KnqCL74qeoluNBVG9invD9mjZooSP3so6kf3V/qf8i9RikDVzltS8BaLftEyRNaFAFxb4UMB6gg8+9dMiBEVB0UYFPxRUqCTbSNZ1qk4qMndLYq39kmo2Ulq81xCsmMvbytE4wQeGXkdMcdq56fwLZo6T6ZfX1leRlmileZrkJI2AZNspbLbQyjPADtgZ5rq6KozOc0bwbp+jW2koks8txppm8u4ZtrSeaWZ1YAAFdzZA7FR+MWp+Dm1PX59UXXtUsPNgih8qwkWPOwucsSDu+/xwMc9c8dRRQByEXgZ4dV06+bxJrN2LO48/wAm+lWVG+Rk4wq4Pz9eeMjHPF7WvCVr4g1KO6v7u78uCLbbRQymLyJScmZWX5t+AoGTgYPBya6HFFAHKv4PvGuLaf8A4SnVGltQywSSwWrugYYbDGHPIArTOhyXOg32k6lql3fJeRvE8zrHHIqMu0gbEA45PIPXuOK16KAOR0z4e6Rp1/FOxkntrRt1hZOAIbXj7wUfffOTvbJ6dxmr+jeFrfQNVuJ9Nup4bC4UltNyDAkhIO+MdU/iyo459hW/RQAUUUUAFFFFABRRRQAUHpRSHpQBAfmlUe9WKq52zoT61aoAwY/F+lN4om8PSvJBfxhSgmXas2Rn5Dnn9PbNbuawfFHhLTvFVkIrtTHcx8wXUfEkR9j6e39ea4z+yfiFqg/4RnULuODTozibVYz+8uIuyjnOfXp7k9wDtNO8X6Vq/iC50eweS4lto98s6LmFTnG3dn736cHnit481maFoOneHNNSx023WKJeWPVnb+8x7mtPtQBXiOCR6VYqrEdzFvUk1aHSgAooooAKKKKACiiigAooooAKKKKACiiigAooooAKKKKACiiigAooooAKKKKAKzfeb60UN99vrRWi2JHRffFT1BF98VPUS3Ggoori/GXjBdB1vRNOju47fzXe6vnaPzNlrGjFsqPmBYjAI7qaQzs6M146fjFbxi/li1e0kKap/o8NzbSqJLPao4ZE+VsljlgTx06V2Hi/xlLp3h7TLnw/F9uv9VeM2MIiZjJHgOz7OGxs69Mbh0oA7OkzXmWlfETVJfFfiC3n8P67cWsP2f7PaRWkfm2uYyW8z5h948jk8elbfjvxZe6B4DOsWNldR3coj2CSEN9mLYJ80Z+XAyvf5iBQB2dFefReMNe1/wAQ/wBneH7WC0SGwFxdjVbSTzIZC5CxsEcBSy/MBzxz9LHh/wAYX3irwJc3mmNaL4ggjKywyQusSTZOE+YjqB13HBPPpQB3NGa8r8UfEbW9A1CwuJdOtIbaO2El5Yyalb+bKzqMBVzvG1s8gEMOwrS8B+OrjVdO1s681usmkgT3FzbzJLF5b73AXywRhVUDqxJz34oA9Cory/TvH+o32gS3NjL9sv2uRK0MGnPdi1gk3mOI+Uy5YBASSeC2Dz00/CHjDWtY8V3OkaparDHHZC5Uvp8tpISX2/dkdsr159fpQB3maWuIvfFN7ceKNcstMli+xaNpbyXLlQx+1MCUUfRVOffINM8M+O0vrPw7YT+ZfaxqFv51yLdBiBME+ZIBwozgY9/pkA7qiuV1zVPGFne3H9laDYXdjGoZJZLzY7fLkjbjjnIrI8M+LvGHiWxsdTg8Paeum3L4MhvCHVQ5Vjtx1GDxQB6DRTS6rjcwGTgZPU06gAorE8TaxeaFYC+hhs3t0IWZriWVSCzKqBVjjcsSWx09Pw5L/hM/ENlcX17eWcX2DYrqklrfotuFB3sX+x8g8Hnpg9qAPSKKxbrVr/TPC2oarf2lsJ7S3luBDbzs6OFUsBuZFIzj0rnv+Ev1SYfLqfgy2BHBbVGlI/Dan86AO4aJG6inVzg1u4svCF7q95fabfyQo7xPp6lYnIGFQZdssW469SBiuX1Hxzrlp4dnUadcQ3drZTLcXkkHmqLmNFyR5IeMcsT8xABUg4xQB6ZSVzXhbX9Q1n7Qt1aFFhghdJzBNCsjtv3L+8Rc42qcjI+YVzur+PdU+x2qWTeH7e6uZ1RS+qNmMKw8zzUkgQoAAQckMM8fNgUAekUhAIIPQ1y+jeKLvVNRtrZ7bTQk0RmJt7yaR1T+FirQKAGPQsRuHK5rpGuYEuY7ZpUE8is6RlvmZVxuIHoNy5+ooAcsaKMAYp9YPiPVpLGTStPtJVS+1G9SKPoSI1O+VsH/AGFIz6stYKeKvE+oWuk3FnYaRawapO0EDzXEszIQkj5ZAiDpGejdxQB3lGa57XNffw/plobu80db2U7WN5cNaxPgfMU4c9SOOeD19eIT4p3e9b9rrw79nlKWy2J1NvMjk81laUt5X3MEH02rkdcEA9YormoPGNiPC0+tzzW1ytuSsq6XIbob8/KqnapJOV6gAZ645rjZfiDrFlYS3b6jotxdXMm+DTljd3hBwBGXBVSF6s54yTjsKAPV6M1Q0fUY9U0qC7juIJ9y4eS3JKFxwwXPOAwI5rlF8bC5+HSapb6hYnWPsUc8kMbqxRiV3fJkkAZ70Ad1RWbBrdnda1NpVszzT26bp3jXMcJyMIzdN5yTt64BzjjPF6x4v17S7LU5o7+wupbBX8xY9AvDHvVclTKJCg7ZOcCgD0aiuQ0XXNVvdZhs7nULUho3lMLaHd2jui4BKvK+3gumeD1q3quu3+j3F6LxLOGzIRrK9lciMk8NFIAS24YLAgYIOOCOQDpKK8603x+93qlzHc6/oMFrb3Cx7UtZXadSiMSreYAv3ivKnlc4PSpvGvjLVPDuo+TZXWmvld3kS2U8jqPLdgSyMByUIHA/Q0Ad/RXFXeu+IU8LT67Y3ei3dvbW000h+zTR72jL7gql8r93HPcGt3UdeGm2unObG6vJ76QRRQ2uzcW8tpD99lAGEbvQBr5pa4DUfE/iKTxC9haaNq1qs2nNJAhjtXZZUkUF+ZcFcOoI3A88Y6jY1PxJc6d4UttWntUtZpHSOSK4dAFLHaDuDFQCcEEtjB59KAOnzRXmcHjvVn0mGOONL+7iurSCaezlgO/dLGr5/ebcuG2/LkKW528Gu90fVE1nS4r5IJYA7Opil27lKsVIO0kdVPQmgC/RXN61rNzZeMfDGmRSbYdQe584YHzBItwHIyOcHjHSukoAKKKKAKzfeb60UN95vrRWi2JHRffFT1BF98VPUS3GgrzbXrKw0L4r6P4gubh1+0wXklw8jHbFHFAgAA7Dlm9yxr0msjWfDGjeIZLeTVrCO7NuHWISE4UPjdwDg/dXr0xxikM8w8J31zpmtWmr3Ukttb6ympaw1o0hVSCUKZHQnauQfRq6PxdPaX3hC38Xya3qelYsBPawQTooaV0LKvKklju28EcZ9667WPDOi6+kCarpsF0IM+V5i/czjOPY4HHsKjuvCmh3l5pt1Pplu8mmLssxtwsQ4wAvTjAxkcdsUAeZ2Phm9tvE3h5JfEGvW17r9i0+putwqyebFGhVQdnQbmHOeO9TeM5Z7/4N3M2mapdz2MUzLcvqSq884WYKAGXgAMMg+gHvXoniHwhoXipbddasBdC3LeV+8dCu7GeVI9B+VQz+B/Ddzodnos2lxtp1lJ5sEHmPhW55znJzubOSc5oA8t8aIfB+swyaj4r8Q3NrdWozFZamsU6zqAAzJ08tgPvAcEHrxnofsKRfAzUG17VRqUs1rLcCaa789UlI/dIr55IYKOCRuzjiu7svC+h6dqF5qFrplvHd3jM0823czlvvcnoD3A4NJZeFdC06CeC00q2hhnnW5kjVPlMikFSB0GCoIA4/M0AeFX+mXeteFXuNAS9lCabZRagzGN43aONFEMKBTJuBJLHIAww9K9M0m21S0HicTJK+npabLcayLdUmkAk3lvKAHlY28t2J9637/wAB+FdUu3u7zQrOS4kJZ5Nm0uT1JxjJ9zUmm+C/DekG4Nho1rD9oiMMw2bg8Z6qQc5B7jvQB43Bo+mpplhZXKaHrl/9veSGz0p3la7Lr+9VmXakQH7ogjhQnQ85l+D9nZHW9KlubO0sruO2lkt5ZS5lv9zOpZOQg2DKkYJ6nHceyXXhPQbzSpNMfSraOykGGit08n+INwUwRkqucHnHNWrHRdN020s7W0soY4rMEW425MWQQcE85OTk9TmgDxm00XWtCv8Ax5pGiXcVw4jtje3l6SXKNBJJI4A6sWJAznGfxrb8D3+i+D/BnhuSxtYri+1y8htrplmHmKz7huPXhcY28dfUnPpdvoun2mqahqUNuFu9QEYupC7HzNi7V4JwMDjgCs6y8DeF9Ov0vrPQ7OG5RtySLH90+oHQfhQA7U/FXh21S6tbjXtMiuEVleKS7jV1bHQgnOa5H4XeKPD+n/DnSbW91zTba4jEu+Ka6RHXMrkZBORwQfxrtrjwt4eu7iS4udB0ueaQ7nkls42Zj6kkZNRf8Id4X/6FvSP/AABi/wDiaALepJpbyWJ1I2+9blTaecwB87Bxsz1bGePrWhUM9pbXLRNcW8UzQuJIjIgbY46MM9DyeR61NQByvjGKTUJ9G0XzUS21K6eO4DwRygqkTyD5XBH3kXtXmmlQeGdWvdPtoY4Va/dVj/0XS3ZcqWG5Ey68DnK8Hg17ZcafbXV1aXM0e6a0dpIG3EbGKlCcA4PysRz60X1ha6nZvaXkQlgfG5SSM4ORyOeooA4ebV7i9+Dt3PfSme8vIZ7JCqAGSR5HhjAVeOpXpWFrb6D4O1u/s7bRdJ1JbpPPVTCj/wBnS/KrGbglITkNnsdwxgjHpbeHdHbT7WwOnW/2O0cPBDs+WNgCAwHr8x59TnrUulaNpuh2YtNLsoLSDOSkSAbjjGT6ngcnmgDJ0PRNMsPBNtp8EkF5bRx+d5yYKSSBvM8wY4+/yMdMD0rz2Uade+B9CvIILRorfRjHNLPaM4mnjSLZboSVBZmeQcZyysOoOPVLDw/pGl/avsGm2tsLsgzrFEFWTAxyBx3P5mlXQdJTUYdQXT7YXcEQhhl8sZiQZAVP7owSOMcUAcj4HtrW3k1O8tBZTxR28Yiu7O2YAkgl4yoYklSqZXr7VgeITKkC6jd3t/e/vka4trrw/OsMrMyoo424RRghCTuI5LcAepx6XYw6nLqUdpEl7MgSWdVw0ijGAx74wOtOvrC21K1Nrdx+ZCXRyu4jlWDLyDngqDQBx/hk31rqNtFJqup3SuGSZbvR5olcAfI3mMPlcABSWYhgBxu5Nm/8N6pP4wsLyPXNUW3W3ug0qpbfuCzRFUXMXIOD1BPyDkc57CigDkNf0qBfFnhfVHeWS5F59mUuwwq/Z7hmIAAALHbn12L0xXEWlp4fPhTQLptQn+0xXqyXCJqUwCp5gjkOA+2MqJ1Y4wcH0Jr165sba8ltZZ4972svnQncRtfayZ46/K7Dn1qofDujGygs/wCzLVbW33+VCsYVF3qyt8o4wQ7AjvmgDJu7f+0PA91a+HbuaFg0kUU811IGBSYh/wB6SXxlWAOemO1c1ayNewadNBY6i0WoXEtvbv8A8JPd4YoJDu/3SIiQe+R613Fx4Z0W606106fT4nsbUgxWxz5Yx0yvRvoQan1DRNN1Syis7yzilt4WDRJjAjIGAVx0wCRx2NAGFAtxeeEY7JL+/uNU0pY7e7NlMEkluFiUsu+UYOd4bJ/PrXIz2+vf8JVYg2PijzfsVztVtRtDIV3wZIOcAdMg8klcdDXp2m6VY6Ra/ZtPto7eEsXKoPvMepJ6k+5qGz8P6Vp+pT6ja2MUd5PkST8lmBO4jJ6AnnAoAyPBGj32l6ZO+oPfLPcXE0v2a6mSTyw0rsDlONxBBPJ5rg4JPDD/AAnaCxSxGrjSI2upbaJfMQEpu3yAfKc84Y5OM9q9kZVdSrAMpGCCMgiqkOk6dbaadNgsLaOxKlTbLEojIPUFcYOc8+tAGdY/YNB1DT/DmnWaQwSW01wCj/d2NGOc8sWMmdxOfl75rzPxtYf2dfa5ZyzWkUmquZLU3FtIPtDSbYyqSLMEBQkZ3oMA5wwr1jTtA0bSJXl03SbGzkddrPbW6RkjrglQOKr2fhTQbAT+Tpduz3ClZ5Jl82SVT1Du+WYHA4JNAGToHhO703Xo9UuLmwZUtZIFS1glTO9o2yS8r9PL7Y61g6ncW2leIPFFv4bcQ6td21u6pBgtLciWRpgu/wCUuEkjJHYMDiuwt/Bnhq01CK/tdDsbe6hO6OSGEJtPToMCrs+haRdWrWtzplnNbtK07RSwKymRiSXwR94knnrzQB5/ZjXINatpNOh8WqbvUIpL9tSgtBE0YCoxJQZB2qo49PWrGvq83jrVIvs9zPEdOhAFu0CskjCZFcmWROis/ABznnGOep/4QfwpnP8Awjek/wDgHH/hVm78MaHqF+99faTZ3dy6LGXuYhLhVzgANkD7x6de/QUAefeEtLtNfhvIdaa5khjtGdoVu5IUJe8vfM3LG+05CqDyRx1IrY17U9I1G08Iz3cs1lp8wbUC3nvE0UItyoy6EFfmmjHB5ziumm8JeHLhIkm0DS5EhUpErWkZCLknAGOBkk49SavpptnHeR3aW0azxw/Z0dRjbHkHaPbIH5UAeUXOoMYNFi0/WJUuLya+tBLcGWR4bKe42xzFjkjiOMIWIyWHOAa6/UroN4TT+xo/s9vZ3X2GON15fZJ5ACYniGNwwMvzjpnFdLPo+m3KXiTWNs4vQBc7ogfOAGBu9cAYGelRLoGlx2djZx2USW1jKs1vCg2ojjODgcHBYnnPOD1ANAHm9t4c1DUYNHttR1OA3yzic6iziV7W8jUn7OoaRwzbgCwVUUrEepIK9b4Oee007U3vLiJdPtru5WKQuoXaJpWZyeq43BSGPHlk9Dk7p0TTi0jfZlzJdLeMdx/1yhQH68HCjpwefU5SXQNKnt7y3msIZIL2YT3ETruSRxt+YqeP4F+uM0AcbcWN540nm8S2C+V9hUDQTPwJmVw7ysOCqSbVjHOduT/EK63w/wCILTxDp/2iDMc8Z8u5tZOJLeQfeRx2IOfrWqFCgAAADgAdqrRabZQajcahFaxJeXCqk0yqA0gXpk98f0HoKALVFFFAFZvvN9aKG+831orRbEjovvip6gi++KnqJbjQUUVhasniprzOj3GjJa7RxeQSu+7vyrgY6dqQzczS5ryfT9V8Ya340gmtp9AZYrW7ht7oW83lTKskAkIG/JAfChgcHa3UYNa/ji91ZToWmpNaC7kaCaY+WTH563VsqHGdwTLvxnOB1oA9AzRmvMdSt/EUvjLR5H8T2VvPJa3ckaraJItsMwlo8lhv6gBiAflzjnjX1HWftXwy07VLue9See1guGurCHzDBKEEm9lHGwMOQeMcUAdvmlrx/wAaXt1/bL2o1dUFtq1sNs+qpEQzBJNyx+SSiDfjcWbGOhrufBN/LqGnXpmuWuHgu2h8z7WtyrYRDlXCJkfN6dc0AdNmlrz/AMST2vh3xfokto96Jrq7Mt9/p0jRJAxEWWjZ9oHmTRkYHG046V3zLvQqcgEYODg0AOzSZrxyGTUodMuLl59ZgZND1O4jml1aWUTSRlFRwu87doc4yOpB6jjsdNhs7HxlYwadrF7eRTWVy00c2pSXKgq8O04ZiAfmb86AOzpM1weq6hJb/wDCZXli2p2N3baaZXinKGJ32usc8WGYqcREEcZAUkZrPhubCLVILe70bxrfXoH2uOO6udw+Rl+fYJgnDFe3egD0zNIHVvusD1HB9Otcn4km1uDXLKO111dOs7z9yjPp6zIs38KsxcEFsnHGMjHUivPrP+0HNwR4jH9q6frV1Da20OmqZ5pGlYsU/ejMbHcSG+UbTnO3NAHt9FZ811NpekwyXKT386COOQ2sGWkYkKXCZ4GTuPPAz6VoUAJmlriPifJMmjaRFDczwC41e2hkaCVo2KNuBGVINcfKbWG7e0kurNLhJDG0TeM5wyuDgqRs654xQB7PmkLAYyQM8DNedeCNUm0nQvFMs6anqSWOuz28UMRa5n2AxqFXJycZyfbJrgtT1vVZfC/hqw1bT/E0WoW+uJM11NasXYFnKrGz53SAEYUjt6UAfQWaM1w3hHV7mSe9t5LfxdcOYfMQ6vZpAuV/gRgFG5tw6+nUc1x4W6MGnRadc+IY0Ms6Np99ePapZ48vIeYMGZF5K4DFgSOqmgD2qkzXlfheWXUPGenXun6jqMmiss8kLNqMtwlwu3ZtlSVgY2VssMKwOR/dJrAk1S+k+M84tdRZJzE9tA82pWzR584lEYKM7C2B5Q/e89aAPc80teA6IPE5vvDfkvpAP9r33kb0lOJMN5m/B+71xjnpnNa3xGtNJn8Y6nPqaWxaHT7b7O10LgxKxeQtuEHzfdVuelAHtFJmvmqHSvDtzY6qGh0d5orCaSD7DHqSusqxl1JMp2YwCeevFdj8TdSvrH4Z6JDHc2aWt1BbI0TqxmZ1CuCvONo2jOQeo9aAPZM0teF+NPFetJd+FJpdX8PzwS3SXcE1vHJtjK/IXky2dmWbjg/KR1Fer3Gp3ug+D7nU9be1lu7SCSWT7MGSNyMlVG7JGRtH1oA3M0teT65PeXXwUtLTWNRZtW1SOOZZnhkYH94smD5aNtwmB061595GnfbPI+xNs8vf9o2S7M5+7/x77s9+mPftQB9MZpa8m0GUW3wWubKG6v5bnTgz3EmnNJbTKvnGQlHkQdEznjkAjvXJGWe6tUmuNS1DUrBG1i4sZbq8lLTRQxx+WWIKtjcp446npmgD6FzRmvK/htcfYZvENwkN1NGum6deC1id5m3vA0jLGHYnJJ4BPoM1i3cWmXXhfT7Rbya18O3mtPNKmrzLG1mkZy8KgEsxZi2DnjvyS1AHt2aM15d4Di0nS/HOq23hefTLnSL6KKTZFfM8tuI1YE7WBLAu4/i4yPpUun+KLOHxPr+tQWfiNPLS3ivdKezDO0rA7JVXcSPkTBGBwQeaAPTaK8j8LeO7W38S+I3Oi64/22+jdVSyJMXyBcSc/KeM/SvXKACkJA68Utcd4vfU5da0K0SC3OmSXYZxJKVM8yxyyRocA7UVolYnBySvHBBAOwzRmvG5NVtf7dt4JNU0eeze1mMsU3jG4lgZg8W3cWXAOC2Fxggsf4a6jxlrZg8AQ2qi1S41dVs4ls5fPiWJ/lZ1bCkqEPXA5ZR3oA73NGa8tvYNY/trVZba28UxW01kltCsVvZ4G1pTs5B/dgOuD97k5JwK2dKF/D8PntruHWVmtYowwuJ4bVwqhdwSRMAIADy3zYzz0wAdxmjNeHLqd23hbw/M0OppdThZBfQvLc3E7EL5hSYORGNsblo2VuE+7XeeBGK3F+NmoTJPtnS+v7SSOaUZOFd2JV8AjbtCjGflHUgHbUUUUAVm+831oob7zfWitFsSOi++KnqCL74qeoluNBXO61pWq67eGxluEtNCwDP9nc/aLv1jJwPLT1wSSOMrk10VFIZx2mXEd/4xsGsNLv7WwsdLmg3T2MltGpaSHYihwM4EZ6DAGKteMraEWdperahrhNQsQ0scW6Ty1uUYjgZIHJxXT4oxQB5XN4Qj1y9HiHTPDGnW9rZ/8emnXNnHEdRBJ8xpAV+TIx5e7oRuIANb2oCK98Byad4d0CS1bU99oLZrb7KtuzKd7yDGAFAPIzuOAM5FdtijFAHlOrx3PiKS3uNaTWrW5tr9HS0g065CW8av8xEkSuJJNo4fdjngLk57HTdVls9AvLiQ6nqhtmPlq2lyW9xIpxhdrKods/xKFGOoGCa6WigDldO8NSahY6nP4kjSS81ePyp4UbctvCAdkSn1XcSWGMsSewqfw/d6zbmbRdWtZJrq0jzDqAB8m8j6KS3OyTsyn3IyDXR0YoA8mXRtV8NajbyPoWjzNLp13FLDaQtK160ksIVJXKoOWdeWBAUP+HTaXoieF9b0nZptiy3dr9kuLmzsI4mS4Ub9xKAEI4VgR0BVOmTXZ4oxQB534w07XrvWL+GziVLDVra30532eY7HMu5uDhEVZGYlupUKPvZqbUNC1G2+Iltc6DetA8lhcySLeiS4gJMsZKAFgY8k7vlP8PTrXfYoxQBzPiCDVLiVzNeSWeiRBS66dFJLeXBPVflUmNckfcBbAJytYPh/wvNb6Nb6noluNN1K2nu0to7yFkEtq1w7LFKCN6jG0g9QeeckH0SigDLutTuLHRIr64scXB8oSWyTKdjOyqVDHAbBbt1xwMkVp0jIr43KDg5GR0NOoA4r4lQyz6boYiieQrrdqzBFJwATkn2rI1rwnrVvpGsQyahpq6PcX76hIRZyyXCKZhLgbSc9AOFPevTMUUAeY+Gbq5tPB/jLVIUv7f7Vq93c2kqWZeUq+0JIsbAFhn19D6VjRaVqmqaVp+neH/D2rxS2uqR6pJqmvSCHzLherOnLOpHHy47e+fZ8UUAc74b0GXw5Y3k97qFzqWo3bm4u52zhmAwAkY4UAAAAcnA7AAcFH4a13xVo9tDrGkKk175t3dajfbZJbSN5GxbwI2Sh2hTk8LuPGcV6/RigDxv4U+GNQ0qLSdSfRbO5guxKz3MsYjurBwWXqRlkYDoORu9OtG+8N6gfiTqt9qmmWhsnsJbmazhsvNEkAlMexCpBEzKA4cEEFucDIr3KjFAHhmn/AA10+EeDV1LR3FxfTTvfossvyoVZ41PI2kDaD0OQc5rX8cLev4z1K0hstXltb/T7eG4k02z89vKDuXQEsApYEDPPfivXMUYoA8N8QXWozf23NZ6R4otbC8iYmzbSQq7ha+QoeQSn5Bw2NvUD0zW3418NpdeA7HVTFNNe29jZ28MO0sIsyRl2C9mIABPoDXq+KMUAeTa74Eih1DT3vI0vBqGuCNooYtkdvZ7JQsSgfdHzEsRjLN68nW1zwnrU/gjSvCkcz30DXqRXlyzIrJZrIWXrjLBRGOAehr0LFLQByXxDRpvB1xplvb30k16Vt4RY2/mMrZ3AkZAVfl5JIAryux8MahqV7cWFtYW7XdvYtNMjWUyItyrhfs4kaYKx5J3g444zX0DijFAHn2jvqun/AAsksNMsb6TV7XNkqXkHlN5jsBvxlgUUSbsgkEL+XG3fhTVLOxPgyzjkvr6zimMF+qNHHBaTAGQMCMM7MrqoBPU8jaa9zxRigDy/4bXks2uFYrGdI30a1GoXFxDIjfaov3YQbsLjZk8Dn17Vz0th4lFhcaXcaDfG6a/lvNFNvEN1vMJWPmSyk7Ap3AY5yOeOCfccUUAeaeEF1mx8a3cvinSbx9Yv18uG+t0DWUNuoLCMMDlMsDweScfUz2dj4ni+K2vXFlaxW+k3b2bT3lwud6Rx4KRAHkkkjP8ADj6CvRMUUAch4Rhkj8UeMHeN1WS/QozLgMPKXketb15qT2mrabZC1eRLxpFMyuMRFV3DI6kHBGRwDjPUZ0cUwxIZVkKKZFBVWxyAcZGffA/IUAPrmvFt7cfZ00zS7eaTWbjm1lEBKW2flMrSEFV2gnjqc4AOa6WjFAHF3ial4c8RaVM19rOo6VKk63YNt9o8twF8v5Yo9wz8/OCOBS6zNqGp/Dsz3loYbuWeJvIWNlZU+0qUypyQdm0keuenSuzoxQB5Lqul3Fx4s1+UaJDdq12u2SbQY7w48iLgO0qHHtjA55546PwlozX3w4t9MulktUe5n86IQ+Tuj+1OTGUz8qsvykA8BuD3rtsUuKAPJdH8ERHQtL1Ax3iIdClaSKKZoBFcFIQDiMqxZgr7t2c4GegrpvAdhfWib5IdQhsW060WJby7MwaUBzIyKXYouDGMYXp04rtMUUAFFFFAFZvvN9aKG+831orRbEjovvip6gi++KnqJbjQVi6l4r0bSNXh03UdQtrSaWBpw1xMkahQwUAliOSScY/uNW1Xl/iubULPxsJ7I6WGiljuGa4ild9v2S5wGIbG0COYhVxyQe5yhnd/8JDpp1OCxW5jZprZrlJVkUoUBUdc9TvBHtmtTNeOa/HDqXiRtPfwjDJrN3os4V0jtlEszbQs6lpMgDY2N3zgdutel6jo66/bWslxcarpzqpYxWt40LAsBlXMbYYjHqR1weaALkOpwz6xd6YqyCa1iimdiBtIkLhcc5z+7OePSjVNWs9FsHvr+UxWyEBnCM+MnA4UE15hpWl2lz44vYv7V18afc/6JaXw1SYGaaAZkQtnkfvG284/dyYr0FtMTSfDN/bR3V5cr5Mrb7y4aZ+VPG5jnHtQBWHjrQG0836TXslmqF2uI9OuHjVQMklhGQMDnntzWrpur22qiQ20d4oTGftNlNBnOcY8xV3dO2ccZ6ivMdZZbzSbW3ku52tLbwnJdNbRXTxxySoI8BwjDI5xj3rtvDEL2Ws69YfbLy5hglh8r7VcPMy7ogSAWJOMmgC0fF+k+dPEg1GYwSvDI0Gl3Mqh1JVhuWMg4II4NWtN1+w1W6mtbY3Kzwosjx3FpLAwViQDiRVyMqenpXC6TdGKXV0Gt+IrX/ia3n7qx0nz4h++bo/2d8n/AIF+Va3heUzeNNUY3+pXhGnWw36hZ/ZnH7ybgL5ceR747nnjgA6ebWLeHUpbEpM8kNqbqVo4y4RM4UYGSWbD4ABzsPtmlH4v0mS+tbI/b4p7pykC3Gm3EIdgCSAXjA6Anr2riGmK+PNZOn6heTXFuz3KwXFs7RyXIjIAzFHv8uOPgKT87HjkZMttczNry31lq+oX+vqVhngvtFuI7dY3OQi4j3W4OM7iTnGWz2AO71DxBYaXdx2139qV5ApDR2cskY3NtGXVSq846kdR61Hd+JdPs9etdHlaTz58fOF/dxs27YrtngvsbaO+33GeV+IF1c6dcyX0QspY47aKQxyXYjlIhm85wqYJbKpj269qxL63uLfT9Ws21h3gnW8nuPOs0kmllgdFxuDAh23IyYAwNuAMUAer3V3BY2kt1dSpDBEheSRzgKo6k1zdt8QNHlsobm5g1SyWZwiC402cA5banzBCvzcEc9xVbxbpW/QLG1uwL6GFgXuLzVjZHcMbSSi4dvwGCM9a4Nh9p8RvFcXKSx20EU8Ak8YSlY5C0ql1kK/ewACB0GP71AHsuo6hBpenT31z5nkQJvkMcbOwXudqgn3+lYkXjvQnkCzSXdopi87zbyzlgj2ZADbnUDBLKOvJIHesrRrzUb74Pvcakn75tKcrIZzK0y+T99iQCGPORz9TXN2mjXV6JbRLfVluX0AvbDUrqOUNIjxtGU2u20bgvXB6UAem6br2lay0i6bqNrdtEAXEEofaDnGcfQ/lQmt6e+sy6QZ9l/GocQyKUMikZ3ISMOB0O3OCOcVh+ENQTxBc6p4nh837JdrDb2yumCUiUsx+vmSyL/wCuem8RpZ6hNqF7pev3WlQl7sRajozO1pKCW3xyn7qjJ4OduOCBwAD0DR9Ug1rSLXU7ZZFhuYxIiyABgD6gE/zrP1TxloGj6jBYXuqWcc8kvlurXEYMHyM4aQFgVBAAB9WX1rC8D+IFi8P6FpDaLrkcq2sUbTS2DrEG2jJ3njbnPNUPEqTz63rETa35fnWQs7mK30C6uQkJLMu50cru2uwzxwx4HYA6q78a6DZu4e7llVIEuHktrSaeNY2yVcvGpUA4POe1b5IAJJAA5zXld5LNetr+oyz295BHaaVqFwYoDEs9skkspCozEqSi9CTnBHGeOk8ZxtNLpgu7qV9GurmG0ksYP3ZmeRsBpJOpjA/gGM9zjigDV0fxZpWuX09pZyPvjBaNnXatwgJUvEf41DAjI9uxBO3Xmur38E2v6tpF1puszR6fJAdOn0i0y1lmFSdrKOM5PByCOMYrpdY0fVLvwa1s94l3rNri4t7lYRGHmjbfHlckDOAp7cngdKALdx4osrZ5VeK4Ji1KHTTtUcyyCMqRz9394uT14PFbWa8tvr8T2FzqDwTxB/FGnzNC0bGRMxWp2lQM7h0xjOa6LTo0s/BOo6pr1vK8mpeZeXdtyz4cAJCBwchAiY9aANO58YaRY6UmpXss0Fu93LZp+4aRmljd1ICoGOP3bEH09OlXNE1/TfEVpJdaXO00MUphctE8ZVwASMMAehFeWeE9Kn0+Dw+s+kwW8z69IHuIJd4kKC7UoQeQVIOCMggjnOa7TwTcQpeeJIGljWaTXLkpGWAZgFjyQO+Mj8xQB0Or6za6LaLPcb3eRxFDBEAZJ5D0RASMn9AAScAE07SdWtda0+O9tGJRshkcbXjcfeRx/CwPBFefXskOnaxHqE/iDVF1KRzbrPd6BPIpY9I4BsCqCAeFyW6kmrmlwD+3xfjVdYXUJ5I0lZNAnt4Z0B5EoZNuccCTIKjuRxQB6HRVSeC8k1CzlhvFitoy/2iAwhjNkYXDZ+XB56HPSrdAGZrHiDStBg8zU7+1tiyM0aTTKjSbRyFDEZPI/MVi/8ACyfC39nWN3/a1p/pZiBh+0R+ZDvxzIu75Qufm9MGl8eao+jaOb061a6fbqjrJDNZfaWuSQMKi7156+owcnABNcXplxqltosbX+tyQBWW5NvN4VupY7NlUYVDwFVAoxgADk+9AHp3/CQ6N/Zo1I6tYCxLbBc/aU8rd6bs4z+NS6fq+m6tG8mm6ha3saHazW0yyBT6EqTWQi6lfeDRPFrcEt3LGt1b3ot/IjZeHQMhJIUgYbnOCelcVpkVj4v0m38R6jpQu4L7U3FxBDLJ5tmGWOJPuFdw/dxlgR0k3DgHIB6Zpupw6pbyzQq6rFcTW5DgA7o5GRjwemVOPb0rn7f4keGri4uovtUyi2kKNL9mkaMqP+WgdQVCEhsMSB8pPTmqvgnw5p1noWsR2cAia6vby2cuzSAok8qICrEjgHHv3zXHxyTzxzWL211cf2fMLFpo0lUSfZ3+UgRWThV3DITecZI57gHoeheOdF8QvDFZNdC4kyGiktJV8tgu4qzbdgIHv6eopJfH3hqC5ubeTUGE1sGMy/ZpTtxnP8PPQ9OuOKy/B41S91S5vJmvLWGNis0U8RxeMUUK4Z4YnG3G3lTnjnArK1621rUdY8YWQt7EJNp1qilboq23fP5Z+ZQAx5zkgDjBNAHWx+NdEkultvMvUkadLb97p1xGFlfBVGLRgKSGU8kcEGr9xrun2msJpdxOsVw8DXC+YQqlQwU8nvkjivKtO02a88SSiCLUgYNctZm+1awsqhVjhJ3KZD5jehAPGBnjA6fxVFdal42XTYo1lSLSTdLEsFu0jsJgpAaZGA+UnjgEgcjOaAN+Lxposum6jfm6WOGwkmjkDMpZvKzuKgE5Bxx61pajrWl6QIjqepWdkJc+X9pnWPfjGcbiM4yPzry1ksb/AEfWL/RZppotNsZppZ7jS7ONUuEXcIShgBJ4O4jgcDJzx2vjnVtX03wzcNo1ruuvsk073b4EdskabmY+rnOFXHXJPCmgCWy+IXhW8kulGuafCLecwhprqNBLgAlky3K5JGe5BxxzWoniDS59Ol1C0vEvrWJtjvYA3JDccbYwxJ5BxjgHPSuK0yw1rS9Lt7Oyj8WQ28KAIijSSB+JOST1JPJ6mtganq9z8L7LUrZ55NUns7eRpLeFWkJbZvZUxjOCxxjFAGofFuk+TbSo17J9p83y44rCd5P3ThJNyBCy7WIHzAcmr2l6vaavHM9oZv3EvlSpPbyQujbVbBVwD91lPTvXlWu6vp0GgbLO4miuorK/uIL2+1N7G581pn8xAkSgSN5iZCHA4Ars/A+oWVxNq1rZC2kEckc0lxb6pJfiV3XbzI4zkLGox9KAOwooooArN95vrRQ33m+tFaLYkdF98VPUEX3xU9RLcaCuX13wTb65qb3zapf2jvEI2S38racLKgPzox+7PIOvf1ANdRRSGcp/whplt7ia41OU6u8qSQX8Sbfs3lhhGqISRtAZwwJO7e+eDxoappOparZWlo2rm1j24vntYdrz8YwjFj5QJznqccAjrW3SUAZVz4a0q50FNG+zCKziC+SIWKNCVOVZGHIYHnP59TUK+Hze6I2l6/dHVY/MyHKmFnQH5Q+xsMfUjAPpW5RQBysngiymvBGyWkOioyummWtmkSSMME+cwyZBuUHaAo4G4NitLRNCGhtcRQXUkli+3yYJRuaDGQVEh5ZcbQA2duMA4wBr0uKAOSsPCur2rXxTxLeWiXF7PcpDbRQMiq8hYcvEWzzzzj0q7pGg32n+ILvULvVZdQSe1igVp0jV1KtISMIijHzj36+1dBRQBgXWgahNctdQeJNQSYOWhjkWMwR5zwUVVLgAkDcx7HqKzrfwv4itdSvb+PxRB594EEudMBHyAgYHmcda7CkzQBg+IfDr64jQxy2lvFOvlXbtaeZNJHkfKr7ht43DkN1rIvvBms38hd9d09T9qS63DR13F0KkEnzM/wDLNAfULjpXa0UAV4rd2soob1o7mVVAkcxbVdgOW25OPpmsfTPDb2+rXeo6jJY3Ms8MUCJb2XkoioztnBd8kmTrkdBXQ4pKAKWp6Vb6ppM2mStLFbyqEb7O5jbbkZUEdAQMH2JrlLn4dxDWoL3TLyWz2Wpt2nkmluJ0UkZ8pnYhDt3KG5xk4HcdzSUAYeieG4/DtzJHpk/laU8Y22BXcIpBgb1YnIBA5Bzk85BJzSPhW91Z1PibVvt9uHV/7PtofItiRyA4yzSAHnDNjjkV1VJQBhWHhw6NqSSaVfSW+mMWM2muN8QJyQYs8xc/wjK46AdahuvC91catqN5Dr97Zx3oQPBbwwkfKu3kujHn2xXSUlAHGw/D+1N5Ol1c3L6cbG1s0iiupIjIsSurCUJgMCHHH16Vc8T+G9T16ay+yazFY29rNFcLEbISkyoxIOd446DGO1dNRQBxlr4V8T2l/fXsXiu2869ZHmzpQIJVQox+844ArcbTtXl0iC3bXTHeo5aS7gtUHmDnC7G3AdR+XvWvS0AcTN4CvZ2kaXxTesZL2O/b/RYeZkChW+72CLx049zXS6ZY3toki32qSaiWIKGSGNNmP9wDP/1q0aKAOX0zwxdW+p2txd3cb29nNeXEEEYPMs80jb2JPO2N9oGOrNz0pumeD307xVc6udQWWCSW4njt/IwyPMIw2X3cjEXA2jr1rqqMUAclqfhbWLzxT/bVvr8ESxx+XawTWHm/ZgQA5U+YBuY9WIzjjpnM2i+GtR0jXLnUG1oXEV7893bm2CK0gACumD8rYGD13cZ55rp8UlAGbfQahJrOlSWs7x2sTSm7T5dkilCFHru3FSMYGA2ewOnRRQBieKNCTXdCvrWOO3F7Nay28M8q8x7xg84JAOBnHpVPUPDer3mmXVsPFN8xmheMB4LcKcgjkiLOOe3NdPRQBzh8Mvc+ENM0C6u3jighhhuxbnH2hEUBo93UKxAzjkjI71dk0b7NLe3WkPDZ3t0sSu8kRki+TgHywy87TjORwF9K1qKAMvQNKk0fS/s01ytzM881xJKsXlhmkkaQ4XJwAWx1PSuTh8AXq3mpTtcaKRdX01yvn6e8zhXcsAWEqflj8TXf0uKAOX8L+GLrQNT1O4muLOSK6jhWNLSBoVQpvydpduTvHOecVHqHgr7VdXF9FqUr3twVEhv08+Axru2oYVZEbG4kFskHnrzXWUUAcHp3gC+07UZbxL7Qy0lwk5A0IAoVVVwh835Pug/Uk1sap4Rh1fxGdSurqYW7WH2KS3iZoy48wOcupB2nGCvfPWujzRQByuu+DU1CB4tKks9LE1m9jMVtWbdEy7QAFkRflGcbg2M8Y5zs69pz6p4a1PTIXVJLqzlt0Z84UshUE47c1pUUActe+B9He0RLDRPD0E4I3SXGkpMpGDnABQ5zjnP4Vp2Gl3WleGLLSrG7hE9pbxwJcTwF1OwAElA6nkA/xcZ799WloA42Xwhq8mhS6Muv26Wdyk4uf+Jfl3aZ3ZypMnyj5yAMHGOprY0fStS0/Ur2e71Z76G5VGCSIF8qRQQdoHAUjbx6gnua2aKAFooooArN95vrRQ33m+tFaLYkdF98VPUEX3xU9RLcaCuQ8Wa9q2latp9rptzbN9qJLwnTJ7qSKNc7pT5T5xkooG3q3XGcdfXCeKoIm8SqY47awmSze8m1aPe90sMeVdERRxwwwWJGW4VivCGJceLL/wDsK9mgvbe4f+yb68huYrJ7cpJCVQKY5GY5DFs564HHr0Ot6rNp9rbmAuJpTksNOnu1wBzkQj5TkjGevP4ct4mjsrbQrrT9Ht7RIrbRWhknmllHkWk3y71VUbzP9WWJJBG3JPJrZ8cwpe+GItKR42nvrm3jgR13CQrIshB+RxjajEkqwA6gigDnovFvigJb3TRTF7kxJNZvoF5ttOu9w4GX7cd8DG3JrrR4geDwjf6xLE80tlBNK6Nay2gkKKWwFlG4AjAzyM5+leZr4f8AOtYZzpOnRW11bQzw3LRW3lsJWCouRp3DZZODg/NkdDjsjJEfgteW8UyyPaaJNaTEKy7ZYoSjghgCMMp6gUAPk1Px2+qW86+H7KO0jjcSWo1NT5rnG1i5iyAoB4GMk8njFauga/qOparqOnanpMen3FnHDLiO788Osm/HO1cY2e/WuT8S6A11feKC/hGTU7i/hVbC8WOBhE3kBB8zuGXDjPA7Zre8MxvB4s1WGQbZI9L05HX0I8/IoA6+ioIb22nuri2injee3KiaNWBaMsMjcO2RzU9AHJXuv6zbeIbq0hWzubO2haWcw28sksO4YiUhSdzM3JUD7oJ4yM81B8QdZt9S1A3VvJNax31tAqDSrlGRZBEGA+Xg/OSFbkk4HBWjWrm1i+I1xbS2tnJOInnjkjjhEkzSRJCsDlygZgGlk2s3K7MdKp6Npl7b69qdw3hmRgt5DIgFlZAjbHGflJnAHIzlSQDznOQAD0nUru9jFhJp6xPvnTz4JTsd4m4JXJGGXIbB67SOprNtPEF5dXsNx5EaadHLd2t+N4JtZImOx2PHysqk4xxvWqHxAksbCTw7qtxArSw6rEgkSLfKVKOdi4G45IHA6nFc9r2qpJqWoR2BnGkajHH/AMJAyoW/s8jarcqSN7R/I4XO3aGPegDtB4ivP+EJstdGnI9zcx27/ZvOKqvmsgyX2kgKH3E4PANUZtX8SPqNrNE3hyO1jVxNbnVWbzScbSG8jKlcH1BBPHQjX1rUdLt/Cd1qMy2t1pyW/mqp2vHKAMoB2OTtA9yK888i21OXwedPsdEl1Xyp47+O6tlRVnWJfMWRFXKsGzxgflQB6HoWsXeqTX0V3ZQQG1kVFkt7kzRSgqGyrFF6ZweOtcvD4j8aeINM0vUtK0G1tbWWRLht2pKzTxYP7v5ovlzxyOeO1dX4fsrixsZEurTS7aZpCSunIVjIwME5AOev6V5/oumJcaJ4VvLvwy+uWaaOYtixwyeXIWQg4lZewbkUAdlpviDWJteh0vVtDgsfPt5Z4pYr7z8+WyAgjYuP9YO9VJ/F72XifVbe9t7m3060so5fOmRBGjbpgXJ3Z2vsUL6kdBmqHhixm03U/DlrPaG0dbHU2FudoMatcwso+UkdCOlJcaHPdeM9fa88Q3kX/EqjMckTCFIFd7gLkDG7ZjIJPUk+mACeHxNrOlLoV34knsorPUoS0yx2EsbW0pQMqFjI3OSw5UfdrpNRuNRt9TsjaJBNaMsi3MbuEZDtykgJ/hyu0jGfmz2xXn/hm/h1rxBplrFfX1rNaFpblm1eeWG/KlkAtw8hEkZZS5OOAAvc1s+NZ9Ht/E+gyXIRL3E4kkijBnEBglQAHGeZHUKD1ZsAE0AYNz8RNVgmktV1Hw2+Ha8EyawjfuFYE24PlYLnJAOM7f8AaG6u41TUNbn0GyvdCslluJ081omkQAAwsyjLYyC+xTjBwT06ji7LSfEmn61bSmTWhbxac8NnbWyWbTQxB4wqO7II8kDdgZIxgFua9H0b7d/Yen/2p/yEfs0f2r7v+t2jf93j72enHpQBkeItY1HRPCNveoqre77eOX7QFk2b2VXLbSikjJOQVXjsK5j/AITrU9xUaxpO4DJH2WLI/wDJyuj8ewRf8I8160jJLbumwi9a2G1pED8+ZGpO0HAZuv1rgJraG2Nzctaa/FIltBLLLJdhAI5GZYi7G84G4P1+7yTigD0eDXrr/hCLDWpktEup7a3kkWeRoYleTaDlgrlRlu4PuR1rDn8Z6u8t1GF06xFgl7JdOEe8VhbrATs5iOf3zA57pWlbjTNK+Hjz6kDLaTWYkuk+0tcCVnQBkRmds7idoAbBJ465riYLHULLwtHpWoK39uy29/pnlOSWupbpopPNVgPmRFzvbttIoA9B8O6tqF9e3lvfTWsyx29vcRSQWzQ5Eoc4ZWkfptHfvWJ4n13xt4d0vUNWa38PyWFsSyqHm80oWwMjAGeRnmrPhK8jkvrOV8LNqmiWtykSDIjWMYYE/WZcfQ1m/EfxT4evvh9rFtaa7plxcSRKEihvI3ZjvU8AHJoA6TSW8YG+X+2I9CFntO42bzGTPbG4YxWReeLbuLxwuijWfD8FsQXCljJOWVox5LDeoV23tjgn5ehrobXxT4evrlLa017S7ieQ4SKK8jdmPoADk1yN9Zavd/Ez7U1wbSM6dcxQwKf9ZAkkIOWBBR3Z2IZSCu2POeQQCKz8fXs9lpk39s6NNdXUlskmnx6dMrr5jorqHMxGVDMc4/hrovFuta5o82ljSrfT5UvbpbQ/andSrtkqflH3eDnv7VyVvBqMniq4s5LTWBAtpBJ5X/CSy/uyzygvu385Cjjtt966XxtJcyXWgwWWmX19LBqEd4/2eIbRGoYH52IQHkYBIoAy9U8bX9jrUVimq6cwM7xXJXR7iQWgCkjLCX5zu2rwB1zx0rpJNbmi8CXWuQ3Nreyx2Mt1FLHA0UUmFZl+QsWA4Gfm/KuQ/tRtN16FpoJyLXU7jUtRW3/fG0hkhKJ5mwnnc+doycKWxgZrVhtms/gjLbu8TtHocqlopA6H903IYHBHuKACPxYzxqx8d+DlJAJBh6e3/H1Wz4Y199V8Pz6je3FmyQ3FxGbm3BWF443ZRIMs2AQueprnLfWrQW0Q/wCEx8DjCAYNqOOP+vmtHwVcRL4P1G5e5snhF9fSNcDCW7L5znf1OExz1OB3NADND8Vv4gsb2ex1ewjkVvtWZofOjtbY5VEco64c7C5DNldxGOBVnwh4iv8AxBe6g/23TbzTLYiKO4tYGiaSXq3ymR/lAxgnGc5HGCeZ8P6bFrWnz2c+q+G728huheSPGsl3A7uGBLqHjVsAKFXkIEHBODW34Shm1y4tfEmovpf2tVmgjFnbPDJhXKYZvNYOuFJ2leCQQeOQBdU8ReJ9OvNdBttI+y6bYvfI2+UuyETeUCMAZzD8wyODwax7f4iX0mqi1GoafOv9pW1mqrpVxEZUk8vcwZpCEI3tgEHO3Pen3dvoV54y8QWsL6jfS3FgkLJZ3kjhZGa4WZSWbykKhhhXICk/KMnBi0izu7/xFqkd4Nekij1a2ncNJYgb0igZTLt5OMKfk/hx/FmgDrtXh8Sv4htH0y8EWmr5PnxNDGQ37zLkMTu/1YI6dSuM5YrW1jxda2Hiq10oX0URjVXniyrSTPIdkUarncepdiBwFXPDV1def6/dxRfEGzd9V0RViVYUtHdmuRLJwWMaj7xQhVZjhQzcc0AZ6+NfGpso7r7J4f2SaQdXA3TZ8oAHb/vfN9Peu7vNet9M8Px6pe7vnjQrFEu55ZGA2xovUsScAV4esOh/2VAf+Esud/8Awi7Ex/2qMCbav+j4zwvX937V6/f2mif8I3ZaprZ8qKxtAy3ImeJoQQuSrIQQx2gccnJUfeIIAy81DXdK0HTdW1AKWhkMmq28CZ2QsG+7jJJjypJH3grHuBWtqWok+GbvUdLntpX+yPLbSvIvlM20lSWyBtzjnOMVwWoaTe2Xwu/tF73Wk1yWOMpv1W5BR5ZAFQr5mMgOF6dRXT+K9OstM+HniOKxtYreOSzuJWSJQqlihyce9AGXdfEAPe2L2ywJbpIxukbUrImRNjBQP3px8xU9ulbvhnXLjXZ9SmcWy2iSoLZYriOVwuwbt5jdhndux7Vy+qrfS6jfnQ7OSbSQxS7m+wIZLdlO1xa5wZDwc5DAEHaWPyVqeDBb/wDCU+K2tFxbvJZtH8u3INshzjAwec9KAO1ooooArN95vrRQ33m+tFaLYkdF98VPUEX3xU9RLcaCqZ0uya+nvWgVrieBbeR2JOY1LELjoBl26dc89BVyo5J4oSglkRDI2xAzAbm5OB6ng/lSGVl0jTkRUWxtwFt/soxGOIf+ef8Au+3SpItPs4RbCO2iX7LH5UB2DMSYA2qewwB+QqRLqCS4kt0mjaeIK0kYcFkDZ2kjqM4OPXBqWgDJi8MaFA8bw6PYRtEwePbbqNjA5BHHBB5FXnsLSSG5he2hMV1nz0KDEuRtO4d8gAc9hVikLAYyRz0oARkV0KsAVIwQeQRVLTdE0vRkkTTNOtbJZCC4t4Vj3EdM4HPWrksscMTyyuscaKWd2OAoHUknoKVJFkRXRlZGGVZTkEeooAr29hDb3t1drkzXJXexA4CjAAwOnU85PJ5xgC1RSZoAqHStOaG4hawtjFcOZJ0MSkSucZZhjk8Dk+lZ/wDwhfhY/wDMtaP/AOAMX/xNbe4etGaAI5bW3njWOWCORF+6rICBwRx+BI+hqOy0+z02yjs7K2it7aMYWKJAqj8BVjNGaAKEeh6VFaRWkenWyW0M3nxxLEAqSbt24DscnNR33hrQtUuPtGoaNp91PgDzJ7ZHbH1IzWjLNHDE8ssiRxxqWd2YAKAMkk9hRHKk0SSxOrxuAyspyGB6EHuKAKem6HpWjmT+zNNs7LzceZ9mgWPfjOM7QM4yfzq1bWsFlbR21rDHDBEoWOONQqqB2AHSpc1Fb3MF3Cs1tNHNE2dskbBlODg8j3BFAFS10PSbHUJ7+0020gvJ93mzxwqrvuOTlgMnJ5qCXwtoEzTGTRrB/PmE82bdf3sg3YZ+PmPzN1z1NaxYAgEgEnA96jS5glMgjmjcxP5cgVgdjYB2n0OCOPcetAEF9pOnanbLbX1jb3MKEFEljDBSOhGeh+lPn06yuvP+0WkE3nxiKXzIw3mICSFbPUAs3Huas5ooAwx4L8LgYHh7SwPa1T/CtW0s7bT7VLWzt4re3TO2KJQqrk5OAPcmp6KAK09hZ3Nzb3M9rBLPbkmGWSMM0ROM7SeRnA6elRWGjaZpTzPp+n2tq05BlaCJUL4zjOBzjJ/M1eooAqxaZYQQeRFZW8cJl87y0iUL5m4NuwB97IBz1yKRdMsk1OTUlto/tskYiacjLbBztB7DPOB1q3RQBnadoGj6PJJJpul2dm8g2u1vAqFh6HA6VN/Zen/8+Nt/35X/AAq3RQBWj0+yicPHaQI69GWMAj9Kiu9H0+/uRcXdpHcOIXt8SjcpjYqzKVPByUXqO1XqKAMX/hDvDH/QuaR/4Axf/E1sJGkcaoihUUYCgYAHpTqKAKun6bY6Vai10+0gtYAciOGMIue5wO/vTH0mwfS59M+yRJZXCSJLDGNgYPnf93GCcnkc81dooAoroulooUadaYAwP3K/4U6x0qy021ktrS3WOCSSSVo+SCzsWbg9iSeOlXKKAKV9pGmamsa3+nWl2sWfLE8KyBM9cZHHQflUNr4c0OwuUubPRtPt7hM7ZYbVEdcjBwQMjgkVp0UAVr7TrHU7f7Pf2dvdwZDeVPGJFyOhweKzR4M8LqwZfDejhgcgixi4/wDHa26KADFN8tPm+UZf73HX606igCn/AGVp4svsX2G2+y+X5Xk+UNmzGNuMYxjjFNutH069eze5s4ZTZP5lvvXIjbGAQPbt6celXqKAMybw7otxqa6lNpNlJfqysty8CmQMuNp3EZyMDHpir1zbQ3ltLbXMSSwSqUkjcZVlPBBHpUtFAEc0EVxBJBNGskUilHRxkMpGCCO4Iqvp2k6dpELQ6bY21pE7b2SCIIGbGMnHU8CrlFABRRRQBWb7zfWihvvN9aK0WxI6L74qeoIvvip6iW40FcNq19Jq/wARrHRIWmgjsbae4FyqggXJRVGAwwSiTbu4/eDPSu5rmtZW6i8X6PewWFzdxw2V4rLAF+8zQYG5iFBOGIyRnafSkM5URXw0y38U2/ijVTd37W9gYXt7ZGJM5TYR5e3cjPJ27HnFelW0ckNtFHLM08qIqvKygGQgcsQAACevAxXCi01KLVbFovDesNYQ31xqMkUs1oW8+QEKF/ffdBkkfk5B249uo1TV5tP0+yuFsi0tzcQQG3llVXTzGAPTcGK5JIBI4POBmgDXrmvF0luE0yK5t9Q+a+h8m9swn+iSmRUUtvPRt+0/K2QWyK6Wub8YW+pahZW2n6bZCZmnS4klebykQQusgXcPmDOyqoIHHJ7DIB5parHe32pXemw2s1wJL1ni0u8Md9PG14rgzYKYj2IVyGJxIOPTrdGutHtPh8P+EgivLPTLi6byFvZ3kJiLb4ApV2KqIwgxkcqfXJow6Qscxin0DW0so4ZYYLSOFAYt5i/5aJOdwHkrjGOpzXS6AU8P+DcW2kamZLZVT7PIpMs8m1VyoLNhScd8DBPagDzG3v8AwV/wjvicyXR+2i4u/wCzyXmyE2/usduvrXe+Cr7w8/hZ00aB9RuBawm9to8s0jFcEfvSFP8AF3xV06Ne2Xw31e0mQTand213PMlupO6aUOxVR1OCwUeuBWpYNeWHgyzMFi9xew2MYW1ZhGWcIBtJb7vPXPTng9KAPMvEbaZP4esFtLMvFa6UdQsp7zTjeTIoL7YXKhlWMD5fnyOAc5G6ug+GcFtY3V1bQ2sazT2kV1Pc/wBnyWjSMxYbQjALtGONgC/jk1nz+GNQh086dqeiXt5JFpbabBdad5bx4OSJcPKjZGcFSMZHBwa2fBen3Onaxcyy6RqFtGbNIYzJAiLtjJPzETyFnO7sFHFAHF+INNL+F9eu/wDhDbSYfbrw/wBrm4jEn/H04ztxu4+717V1/hqwNj48tgfClroG/TLniCdJPOxLb9doGNue/wDeqjfeAze+ALq6lsbs69eb7poEvJQqPJKZNmzcEyobB46jPWtvQ9EisfHJlsdI1S1tYLOeCS4vLlpUmZpIinl7pGOMI56DtntQBz15cXVzrWu6dpqagkN7fywSxi/tYhPKIkDhBJEW+5t4B9TVnRJ75Nd0W0vl1BrayvTaRB721lSGYWzkKwjiViRGT/F1IzWhb+F9S1J9fsbopaaZeavJcO5j3TSLsh2GInhOVb5sEjHGDyFsNK1Cw1bSNCis7mXT9LvmuI754o0XyjBKMMQ2XffIBuCjPJPOSQDRvJ7248S6xE+v3WmWGn2cE58mOAgbvNLsxkjY9EHf1rjtAvdRsvhrb6jaeIb6O6t54knsZIYNsZlnXIYGLfysm4HPOQRxxXX3Hh2LWfGGqHUYbg2AispAnKxXLIZ/lf8AvgFlYr6hc8cGn430tr++jisNEv5r+cQK17CVWDYs6ORLlgSVCEj5Tjdx14AH+PrnyIY5rj7fFaWhS486C2jcLIG+XDM6sGz8uB13Y5ziuVtF1SCGxi1n+14r68vXvVh+wxMjT8kDJcBiowQCOq5A+XjsfG3hmPVoEv3t7rUnt5rZ1sN4MexZlMhVCQpdk3D5j04GMnPKXfh2Oe9kmtfB44jkS1tv7KjgTe4AVpZPOJIXrlQp7jnFAHqdhJJLYQSSrKshQbhKoVs98gEgH6VZrntXS40rTbK2sJr+K2V9ks8EbXk6LgleGDkgtgEkNgenUa2lyXcuk2cl/EsV68CNcRr0WQqNwHJ6HPc0AW6KKKACiiigAooooAKKKKACiiigAooooAKKKKACiiigAooooAKKKKACiiigAooooAKKKKACiiigAooooArN95vrRQ33m+tFaLYkdF98VPRRUS3GgooopDCjFFFABRRRQAUYoooAKKKKACiiigAooooAKKKKACiiigAooooAKKKKACiiigAooooAKKKKACiiigAooooAKKKKACiiigAooooAKKKKACiiigAooooAKKKKACiiigAooooAKKKKAKzfeb60UUVotiT/2Q0KZW5kc3RyZWFtDWVuZG9iag0xMzIgMCBvYmoNPDwvQml0c1BlckNvbXBvbmVudCA4IC9Db2xvclNwYWNlIC9EZXZpY2VSR0IgL0ZpbHRlciAvRENURGVjb2RlIC9IZWlnaHQgMzMwIC9MZW5ndGggMTUxMjAgL1N1YnR5cGUgL0ltYWdlIC9UeXBlIC9YT2JqZWN0IC9XaWR0aCA0NDA+Pg0Kc3RyZWFtDQr/2P/gABBKRklGAAEBAAABAAEAAP/bAEMACAYGBwYFCAcHBwkJCAoMFA0MCwsMGRITDxQdGh8eHRocHCAkLicgIiwjHBwoNyksMDE0NDQfJzk9ODI8LjM0Mv/bAEMBCQkJDAsMGA0NGDIhHCEyMjIyMjIyMjIyMjIyMjIyMjIyMjIyMjIyMjIyMjIyMjIyMjIyMjIyMjIyMjIyMjIyMv/AABEIAUoBuAMBIgACEQEDEQH/xAAfAAABBQEBAQEBAQAAAAAAAAAAAQIDBAUGBwgJCgv/xAC1EAACAQMDAgQDBQUEBAAAAX0BAgMABBEFEiExQQYTUWEHInEUMoGRoQgjQrHBFVLR8CQzYnKCCQoWFxgZGiUmJygpKjQ1Njc4OTpDREVGR0hJSlNUVVZXWFlaY2RlZmdoaWpzdHV2d3h5eoOEhYaHiImKkpOUlZaXmJmaoqOkpaanqKmqsrO0tba3uLm6wsPExcbHyMnK0tPU1dbX2Nna4eLj5OXm5+jp6vHy8/T19vf4+fr/xAAfAQADAQEBAQEBAQEBAAAAAAAAAQIDBAUGBwgJCgv/xAC1EQACAQIEBAMEBwUEBAABAncAAQIDEQQFITEGEkFRB2FxEyIygQgUQpGhscEJIzNS8BVictEKFiQ04SXxFxgZGiYnKCkqNTY3ODk6Q0RFRkdISUpTVFVWV1hZWmNkZWZnaGlqc3R1dnd4eXqCg4SFhoeIiYqSk5SVlpeYmZqio6Slpqeoqaqys7S1tre4ubrCw8TFxsfIycrS09TV1tfY2dri4+Tl5ufo6ery8/T19vf4+fr/2gAMAwEAAhEDEQA/APeIvvip6gi++Knpy3EgooopDCiiigAooooAKKKKACiiigAooooAKKKKACiiigAooooAKKKKACiiigAooooAKKKKACiiigAooooAKKKKACiiigAooooAKKKKACiiigAooooAKKKKACiiigAooooAKKKKACiiigCs33m+tFDfeb60VotiR0X3xU9QRffFT1EtxoKKKKQwrAm8W6fDfvbNHdNDHKIJbxYSYI5CcbWfsckDpgZ5qhd+KdTkmVNO0uEwT3bWMFzcXG0NIobLbApO0FG7847VJfeHLlPB0ekWmy6mMyS3DSvs84+YJH5wcZOe3ANO3cR1NLWVo+ryahNdWt1aNaXtoV82LeHXDAlWVgBkHB7Doa1aQxGIVSx6AZNAORn1ps3+ok/3T/KnJ9xfpQAtZ2razb6RHCZY5ppp32Q29um+SQ4ycD2HJJ4rRrnNZIHjHw0ScZNyPx8sUIBlt4xW7hE1voOtSRksu5YExkEg/wAfYgitDTdft9Ru2tGtruzulXeILuLYzL03L1BGTjg1B4Q/5FyP/r4uf/R8lQ+LcW0Wn6rH/wAfVndxiNR96VZCEdB9Q2fqopiOjopBS0hhRRRQAUUUUAFFFFABRRRQAUUUUAFFFFABRRWHqb3LwagBclY1PkpEIwS5ZF4z15LUIDcorLs5pjexKbsXEMkLSKQgXoVHb6mqMondxHNPdM8eHwgQsrD+IgA4H4kn0p2Fc6KisiGe4Swu7gzNIFiLRszK6kgHoQBntwQOlVDdMb2BzrVpnyn+bYuF5Xj73f8AoaLBc6KistNQdNFku2kSV1LqrKMK5DFV/Pioo7uZdHvVacSXNsrjzVI+bjKt+R/Siw7mzRWZfTSLfRAXUVskalsyniQnjGMjOP6iq2iTu1naxi9tTx/qgvz9/wDa/pRYVzcorFuLmeW7uLf7X5KeYIVH2YuDlQfvdM5NJoYk3KTceYDbxs6hMAHGACc9cD09KLAbdFFQXbhLSVmR2UKdwjIDY74JIpDJ6K5nUPPdo0WSRivluSXxnGPmx5gx09Bz371fhaSTT48rcH97gyRyfMvuPmbIB4Iz68U7Cua9Fc9PcldUiP8AatmGCSKX2D5OV+U/N/nBqzqsjx2kJ875nGxZUlMY3EE56gY47miwXNiiuatJV+3RpGSBIflQXhYbuWJOGPX/AD1p+pTTLqT7RMFUHKrNIof5VI6cDqRx6GiwXOiorE09y+oujM7fPKVP2p227WAwU6d6iE2++MS3K+YJw277YcMpcnaEzjOBjFFgudBRWVZXBMsss0nyrGSSewEjj+Qq5BewXMhjiZi4GSpRlK/XI4/HrSGWaKKKAKzfeb60UN95vrRWi2JHR/fFT1XQ4cVYqZbjQUUUVIzzldSsrWLS7O5uoIbi11+Z5o5HCsikzEMQf4SGXnpzXYv4m0KNC7azp4AHP+kp/jVyfT7K6cPcWkErgY3SRhjj8RTE0nTo3V0sLVXU5DLCoIP1xT0FYy/DEctx9u1qeN45NRl3Ro4IKwJ8sYI7EjLf8CroKKKQxk3+pk/3T/KnJ9xfpS0UAFU9S0uy1e1+zX9uk8QYMA2QQR3BHIP0q5RQByDW9r4M1Wza3drfRbvdFOskpaOGX7yPlidufmB7dKZ4W0rS73U9W1cRpdONRkNtcsSw2kKTs7cMWGR6da6+SNJY2SRFdGGCrDII+lEcaRIqRoqIowFUYAFO4D6KKKQBRRRQAUUUUAFFFFABRRRQAUUUUAFFFFABVOKyUXs1xIoZjJuj5PHyKpOPXg/nVyigDOhs5E1R5xDHFGVcfK5JYkrzjHH3fzqEadLBNMIIU8lmBQC6kjwNoB4UY6gnPvWvRTuBlx6c66fdoURbidXBIctnOduSeTjPWlEGo+dFLi1zHGyYy3OSvt/s1p0UXCxmLp0ksMEdz5RRZpJZEGSGyWKj6c559KJtKXE62ojhSeBomVVwN3Y8fU/pWnRSuKxXla5D4jhhZfV5Sp/LaarWEF3Z2sNu0VuypwXEpzj6bf61o0UDMl7C6Z3lEkWTOZhGwPJA2rk+mApxj8afYWNzZy7C6GHc0jOvBdiB1XGAOvfpgVp0U7gQW7TMZfNVQBIRHgEZXjrn3zTrhGltpY0xuZCoz0yRUtFIDHTSpzM8k07lvKRQYjt3EbuOh45GKlSxmGnR2pYcylpCWJJXeWxnuTwD9TWnRTuFjOeK9e8huPJtx5aOu3zjzux/s+1F7b3d1Gm0xxsilhhif3mMDnHTBPPvWjRSuBlCyuhJvUj5GLp5khbnI4+mNwz15HXFOu7Kae8WRU+RWzn7XIuflxwoGB+H9a06KdxWMeCxu471JisKjMgYqxLFWfeO31GPepGtLp5HZlj/AHk6Ox3fcVGBAHHJOM/U1qUUXGUbS3kiupHMSRx7dqgOWJ+ZiT0461eoopAFFFFAFZvvN9aKCckmitUSJVhG3LnvVelVipyKUlcEWaKarBhxTqzKCiiigAooooAKKKKACiiigAooooAKKKKACiiigAooooAKKKKACiiigAooooAKKKKACiiigAooooAKKKKACiiigAooooAKKKKACiiigAooooAKKKKACiiigAooooAKKKKACo5WwuO5pzOF+tQEljk1SQmxKKKKskKKKKADOOaeJWHvTKKLDJPOb0FHnN6Co6KXKguSec3oKPOb0FR0UcqC7JPOb0FHnN6Co6KOVBdknnN6Cjzm9BUdFHKguyTzm9BR5zegqOijlQXZJ5zego85vQVHRRyoLsk85vQUec3oKjoo5UF2Sec3oKPOb0FR0UcqC7JPOb0FHnN6Co6KOVBdknnN6Cjzm9BUdFHKguyTzm9BR5zegqOijlQXZJ5zego85vQVHRRyoLsk85vQUec3oKjoo5UF2Sec3oKPOb0FR0UcqC7JPOb0FHnN6Co6KOVBdknnN6Cjzm9BUdFHKguyTzm9BR5zegqOijlQXZJ5zego85vQVHRRyoLknnN6Cjzm9BUdFHKguSec3oKPOb0FR0UcqC5J5zego85vQVHRRyoLknnN6Cjzm9BUdFHKguSec3oKPOb0FR0UcqC5J5zegpDIx70yiiyC4UUUUxBRRRQAUUdanRAo96TdhpEO1vQ0bW9D+VWaKnmY7Fba390/lRtb+6fyqzRRzMLFba390/lRtb+6fyqzRRzMLFba390/lRtb+6fyqzRRzMLFba390/lRtb+6fyqzRRzMLFba390/lRtb+6fyqzRRzMLFba390/lRtb+6fyqzRRzMLFba390/lRtb+6fyqzRRzMLFba390/lRtb+6fyqzRRzMLFba390/lRtb+6fyqzRRzMLFba390/lRtb+6fyqzRRzMLFba390/lRtb+6fyqzRRzMLFba390/lRtb+6fyqzRRzMLFba390/lRtb+6fyqzRRzMLFba390/lRtb+6fyqzRRzMLFba390/lRtb+6fyqzRRzMLFba390/lRtb+6fyqzRRzMLFba390/lRtb+6fyqzRRzMLFba390/lSVapjoGGR1pqQWIKKO9FUSFFFFABRRRQAUUUUAFFFFABRRRQAUUUUAFFFFADo/virFQR/fFT1EtykVr24ltbcyw2c924IHlQFAx9/nZR+tc5YeKtT1DUb1ovDmoPYQEQLta33+cpPmZJmAwPlHGeQ3PGK3NXtL2+sDa2V79jaRgsk6rl1T+LZ6MegPbrXlvh3TrF/D9iz2GnyMYhlpPCdzcMfrIrYf6jrUjPSn1ueLTL+9n0a9tRaQNMFneH97tBJA2O2OnfHWsGbxrqaxvLFo9qFigu5ZUmvSGX7NIEkUYjIJJYY5556d6uihYvhfr6qiqinUAFjgaEABpOBGeU/3TyOlc3qOnXN41/cLo9g6x2upXDPfRPHPHHJcMyPtZMhsBimcdX6dwD0TSPEFzqerS2r2MMcC+ftlS4Lt+7mMQ3rsAXcVcjDH7pqKHxUk2oafH9nlEF0LtDsheVg8MyRAnYDtU5Ykngccjvk+GLmJfEVxbW1zE0863/nx7gxhMV6/lkqDkZ89/rtGKpWum6ppOpKZD4gufs7TBGsrO2jicSyCWQDe7NgsB3BAHGOaAOi8MeK/wDhILSzKWc7yPFuubiOEpBE/dQWOWOePl3Y7kUt/wCJLvTPtSXdpY27RXCrFLeX3kQTRMGKlZCp+cbSGTHHXOCKzfDek38r2EN017DZaTJ5ltFdWkcbvlHQAusjZ2qx7DPFVri4ktrnxBaWM8141vdWeI5d988CPjzGCEs3ALHA9KALGi+PDrGofZzJoNsi3Rtiv9rb5ZSOAYl8sbgSRjnmuh1rXYdISOKOJrvUbjK2tlG3zzN/7Ko7seAPyrk9AtG0/XLeO1NzdRXl7JPc+foctuIsxs24SMoAG9UAHvVjXrCOfxb/AGdY6DpF3dXVsb2abUGbnayx4BCse444HU/UA2tJ126jvRpHiFLe21RstC8JIgu1/wCmZbncM4Knnv0PC+INd1HR5YBa6VDdQSyRRGaW78oK8kgQDAVieSCTjoe9c2dDa0vrK01Xwz4cW01GY2jNZs7OPkZweUXH+r6g5BxipfHemtPJC0PhvS5i1zaIL65ZcsTMqiMgIWK9AeRwT16UAbE2vata3d1E+nwXLW1vbzyw2spL7XMofyyR85HljC4XPPOcCpfFfiKTRLBUsrWa61G5DC1ijgaUEjGSwXnABzXEyaVZTeK20az03w9Lfz2SrPJDaR+TYlJH3uEbO59roNvcgE4Xiuivf9L1Lwo/h+4t7WF7adrd3tSyeWUTH7sFMcfT6UATTeN45L7ThY2t5NbyLM92iWUrzRhWMagooypLq33v7hHWrd/4r26Rpt7plr57X96LNEuS0Gxsup3fKSMFCMYqh4asNQit4L61ktWm/tC8i1AFPLE6faJPnGMncp5UEkYZhnvWTclZvCfhlt7oJddL70+8A0kxyPfmgC7/AMLBftP4c/8ABnL/APGK3LDxN/xLdSu9Yiisxp90baUwu0y9EwR8oPVwOlcsYNVSCy1D+0fEUljcXcwKRh2kFuI38slVQsNzKpyRwGGcVf8AD51M+H9djso5F1GXUBFmaQM0JaKFWdjxuKZLHjkj3oAW2+JOmy+E7jU3uYheRrIFjEMmwvl/LHTuFGefyrofD/iTT/EVr5llcCWSNEaYCNlClh23Dnoa85tIbseArnQrW7le1NtcXMoZObaFJJfkDjGfMZAMHkASHPQV2Ph3UH0Tw/NaagkvlaZaCeKfb8slttLKM/3lAKEdflB70Aa769CbXWZYInf+y96OSQFd1jDlQQSeNwByOufSudj8aazLEkg0eyAYBgDeSd/+2VaGiaTcDwTHHcSzQ310rXlyYlVXMshLspBBHVtvTtXARwW86WF1eXt3BdjcFiOkykpJsPmJkRYYqA2f93PagD0fSPEc19ot/f3VmkT2cro8ccwIIVVbO59gHDd8DjrVd/Ft0+oJp1tosiXzXCwFL24SNBmJ5c7o/Mz8sfTH8QqDwhbCXw7cz37zG1mMqGO5jEcbw5IEm0qpAZcHnsa5vRLn7JY/2ncNKVsb43pa4IEk1q1o0Nsw/vM2FGOpbdQB2ei+IbnU9QW1ns7aNJbJL2Ga3uWlV43OBw0aEetQ6jr+qaXYX7XGnxG6juo4bLEhEd0sjgJjuGAJDDHUZHBrG8FSNJ/Y090iwF9J/s5Yi25mkt5GVzwMAYGfxxzVS2QeVrOnaNKF1PTtSkuYUCK7RwgIGVXkVljZgWCk9SPQGgDp9O1+7TXpdH1waba3RgjmtxBclvNDM6kAOqkkbOwPUVowXl8NeubK5s/9FMYltbqPJUgYDI/o+TkdiD6qa5vwreN4h1l9RttTuNR0m2i8tZbyCFXM5wx2bY1YBV4OepbjpUH2TQbTxfq2j3LPEl9HaNFbxTyK8khaYsRsO4AcEnoB1oA6rTdRmvNV1i1kVAllcJFGVByQ0MbnPPXLn8KhvNbmsNWktpNNvZrbyEeOa2gaTLlnDKcdMAKf+BVz2i+EdHfXteUxXeLe8iEf+nT8DyIm5+f5uSeufTpTPE8GnyeINUlvfsImjsrMWv2yDzgzmSc+WFHzEttxhee4zigDStvFOpPp6+Zoeofb2uCgT7I6RiMy4DEnOD5eGPvmtPXtabSpNPghjWS5vLjYEwWPlqC8rBRyxCKQAM8letefyQWU+m30tzodho+oxG2eGwWECaNDKgMu/aNwJO35eFxg8nA63WdNQeO/DmptLI0hkkgRCfljHkTMxA9WO3P+6KAJD4tI1pY/7P1M6c1uWMv9k3W9ZQw4Pycgqc9ONp9RXR286XVvHOiyKrjIEkbIw+qsAQfYiuKu47pNIvPDsqTKbzVza27gN89vIRO5BPZUMq8ZwVAruaAFqq1/CmoLZPuSV13IWGFf1APcj0q1WRr72zWi28kbS3Mp/wBHjjOH3jowPbHc0IDXoqvZJcR2cKXciyThQHZRgE1YoArvw5ptOf77U2tVsSFFFFAgooooAKKKKACiiigAooooAKKKKACiiigB0Zw4qxVWpkkBGD1qZIaZJWba6La2mhw6RG9wLaJAisszRyYByPnQqR+GK0qKgopWOlWenWJsraI+QzOzrI7SFy5JYszEliSTnJqtdeHdMvZp5bmB5GnkR5P3zgNsGFUgEZTknaflyScc1rUUAU7LTbewtpIIgxWSWWViTyTI7OeRjjLHFZH/AAg2g/8APG8/8GNx/wDHK6OigDEsfCekadeR3dtFciaPO0vezOORj7rOQeD6UT+EtDuIUifT0Xy3Z1kjdo5AWOWO9SG5PXnmtuigDBg8H6NbzxzRpe742Dru1C4YZByMguQR7EYqXUPDGlarq0eo39stzJHAYFjkAZACwbOMdeOvpmtmigDDXwjocN7aXdtYRW09rL5qPAgUk7WXB45HzfmBVu90Wy1C8gubpZ3eBkeNBcyLHuVtykxhgpIPOSD0HoK0aKAMS88KaRdafBZRW5skt3LwPYt5DxEghtpX1BIPrn6Ut74V0fURp8d3Zxy29gjRwQOoaMAgDkEc4CjFbVFAGY2g6cdOi0+KF7W0iYskdnM9uATnP+rKnHJOOmarXnhPSbzSbDSjC8VlYypLDFFIV5UEAE9SOTnnPvW5RQBg/wDCG6F/z6S/+BUv/wAVVvRtDs9BhuYbHzBHPO07CRy2GIAOCecfKOua06KAMuDQrWDQZdGRpfs0qSoxLDdiQsW5x/tHHFWmsLaTThYTRLNbeWImSQAhlAxgjvVqigCte2UGoWj2tyrNC+Nyq7JkA5xlSDjjkdxweKow+GtJt76C7htSj24IgjWVxFFldp2RZ2LkZ6AdT61r0UAZkfh/Sore8t4rKOO3vF2zwplY2HOflBwCcnJABPGegp0+i2d1qdvf3CvI9sB5MbMfLjYZ+cL03c4z27YrRooAyLLw1pWn34vbaCRZlMhQNcSOkfmNufajMVXJ5OAKS68L6NeN++skMZlaeSFSVjmkYglpFHDnj+LNbFFAGa2g6YdRi1BLVYbqIBRJAxjLKBgK20gMAOgbIFTR6ZZRalNqSW6C8mQI8x5YqOijPQewxVyigCna6fDZ3d9cxlzJeSrLLuOQCqKgx7YUfrThp1r/AGi9+YVNyyIhc84C79uPQ/vH5H96rVFAGbqGhWGqXMU94k8hiKlUFxIsZ2sGG5AwVuQDyD0HpTtR0i11R7ZrnzP9HLlQjlc742jOSOejnoQc4rQooA5tvAnh55Eke0uGePJRjezkrng4O/jityzs4bC0jtbdWEMYwoZ2c+vViSfxqxRQAVALWAXZuvLHnlAhc9do7e1T0UAFFFRvIAML1oSuBExy5NJRRWqICiiigAooooAKKKKACiiigAooooAKKKKACiiigAoop6RluTwKG7DGUVP5aelHlp6frU8yCxBRU/lp6frR5aen60cyCxBRU/lp6frR5aen60cyCxBRU/lp6frR5aen60cyCxBRU/lp6frR5aen60cyCxBRU/lp6frR5aen60cyCxBRU/lp6frR5aen60cyCxBRU/lp6frR5aen60cyCxBRU/lp6frR5aen60cyCxBRU/lp6frR5aen60cyCxBRU/lp6frR5aen60cyCxBRU/lp6frTWi4+WjmQWIqKKKoQUUUUAFFFFABRRRQAUUUUAFFFFABRRRQAUUUUAFFFFABRRRQAUUUUAFFFFABRRRQAUUUUAFFFFACqMsBVkVXi++KsVEtykJUcdxDMjPFKjorMhZWBAZSVYfUEEH3FZXil2Tw/Ptt2n5UkCMOFAOSxBkj4AH94Y968z0qIy6CRc6fsgv7qKWIy22wTRNfRN3mfIKsvGzgfxHq0jPZAyt91gfpUVzeW1lEZbq4igjUZLSOFAGQO/uQPxFclodkVsNet9O0iIRT3G6L7TA9lHMjgApt2bl2KMZC4bg9STXFtaGy0jxTaQ6d4dt7lHmZlW7InVERJCsY8vLKNueSBnPTrQB7Mrq4yrAgEjIOeQcH9arnUbFYZZmvLcRRSeVI5lXaj5A2k54OSBj3rnNCM8OsayJUsLRGRZrr7JdvIscpBO/DxKoYr8zcnopI+bJ4O3ku713srK/v76yk1+R5ZLUwrIzrueMxsVWM7ihY8kDYuAMjIB7JFPDOZBFKkhjco+xgdreh9DyOPeh7iGOWKJ5UWSUkRozAFyBk4HfjmuD8KWd+niXUJZX8RbRd4l+0zWpiJECY80IdxbkYKcY256GsjWtFtpPERt7bQNFle0P2m7eFJpiiMcKjoiElnzkAAkBSeODQB6nHcQyyyxxyo7wsFkVWBKEgEA+hwQfxFDXEKTpA8qLLICyRlgGYDGSB3xkZ+orzHSLXSIPE1tEuh6fBeXEyzRK9ndoyBNuWTfCAMYz1xk1sanPqMXjG8eSG0ms47TfKVkDNDaDloysgVFaVgcktjbH225IB3W5f7w/Oori5gtIGnuZo4YlxueRgqjJwOT715HLYC2vIZI7GcPZPbahLvtdMgXyBLncJEcHkI2MH0zwa7HX7+a+8S6BpH2WZLNrlJrt2wBvCPLFHkEhvmjLHGQNq880AdXHdW8080Ec8bywECVFYFoyRkbh2yOamrzq0u7+/8Z+KrDRCqieeATaiCGS3VYVVgv96TIIA6AjJ6YPZajoGmaxZQWmqWy3kUJBXziScgYyT60AadMeRI1Bd1UEhQWOOScAfiTXnGjeCvDdx4z8TWkukW729qbXyYznCboyWxz3NdJ4hsrWw8LQadaWpSL7TbRW8cUxi8tjMuwhtrYw2D0NAHQ+fF9oFv5qecU3iPcNxUHGcemSKckiSAlHVgCVJBzgg4I/OvNvs10Supf2l8/m/YQ/8Abkm8SFh+6x9mzuzg4xnv0rXsdRm0jwNfz2VlPLexXVzCsfmeeWn85lLltq/LuyxJAwKAOse/s0t2uHuoFgV/LMhkAUNu27c9M7vlx68dasV5zpmkrqGhaHos2pahb2epaQJjHCYdhcLGXHzRFtxMm/O7rnpiun8NPPM+oO9/f3UUNy9rGbrysNswGZdkakfNuXnP3c96AOgooqve232y1eHzZIieVdDgqR0NAFiisvTL+WSeXT7wD7ZAAWZPuyL2Yen0rUoAhlHIPrUdTTfdH1qGtI7EsKKKKYgooooAKKKKACiiigAooooAKKKKACiiigAooooAKKKKACiiigAooooAKKKKACiiigAooooAdF98VYqspwwNWAcjIqJblIyvEulrrPhvULDyUmklgcRK/TzMfIfwbBrm7zwoU1nSJYodSn8uyuPOJ1O4H7z91tXfv+XOG6cHHPQV3VFSM5nS9GnTwze2eswS3azSyyram5aZvLzlI/McjJ4A5IHvWLYeFb8adqNpZ6XY6PDqVxKJmlRHmitiiqEUISpJ+bq2B6EmvQKKAOM8KWep6eq6dPpj29tZ28i3LFlcahcMy/vVY8nKqxO7GDJg/drPbQNRm0yNJtHVmn16W8+yTThQsTJJtLvHvC9umecCvQ6KAOL8P+GLnStZlu30bTYVknMivDqErtCpjVCApiAbkE5JH3varEPh2Cx1fVvstpdRW8lpbyA2szRvPKHuCw37huY7l+83cZNdZRQBx/h7w0V1PU9TuodTs5J7mMxLNfFpGjSNAN5R2DDdvwCTxUtz4fvH8Szara6bokcxOVvJxJNMSE2g7flC4wBwTkDtmurooA84sfBNz/asmoR20sVzZxQC0e/aMxzOrSFl8uJiqR8xlcAFSoOCQc9Tr1g+pPosUtuZIhdt9pVCSFRraZDzwcZYDPHUVvUUAcPBY6r4V13Vm0fw2l5p955LwLbXMcIi2RhCrK2O4zkZ6+ua27WPXdO0TTLWKG0vrmK2RLmW5vHjJcKASCI2LZOeTit2igDjrDTvE9jr+sap9g0h/wC0fJ/d/wBoSDy/LTb18nnPXoK09UttT1DSbNZLWFLtL63ldIZjIqokysTuZVz8ozjH0reooA4y48K3MFx/wkYlN14kUr80EEYjZPumMI7KMbSfmL7+OuPlrR0Syu4PDt+lzbPBPc3F3OsLMrMokkdlB2kjOCOhNdFRQBwNrHrcOk+Ho08MXE0+l2sRil+1xR5c2+xlZW5A+Yg9DlQa2PBq6rZ6Xb6dqOjyWhhi3PcPcpL50pOXOFJIyxZua6aigAqve/ajauLPyxOcBTJ0HPJ98VYooAp6dp8enwlVYySud0sz/ekb1P8AhVyiigCOb7o+tQ0+Vstj0plaR2JYUUUUxBRRRQAUUUUAFFFFABRRRQAUUUUAFFFFABRRRQAUUUUAFFFFABRRRQAUUUUAFFFFABRRRQAU5XK9KbQATwKGMl87/Z/Wjzv9n9aZ5belHlv6frU2iGo/zv8AZ/Wjzv8AZ/WmeW/p+tHlv6frRaIaj/O/2f1o87/Z/WmeW/p+tHlv6frRaIaj/O/2f1o87/Z/WmeW/p+tHlv6frRaIaj/ADv9n9aPO/2f1pnlv6frR5b+n60WiGo/zv8AZ/Wjzv8AZ/WmeW/p+tHlv6frRaIaj/O/2f1o87/Z/WmeW/p+tHlv6frRaIaj/O/2f1o87/Z/WmeW/p+tHlv6frRaIaj/ADv9n9aPO/2f1pnlv6frR5b+n60WiGo/zv8AZ/Wjzv8AZ/WmeW/p+tHlv6frRaIaj/O/2f1o87/Z/WmeW/p+tHlv6frRaIaj/O/2f1prSk+wpPLf0/Wjy39P1o90NRtFO8t/T9aPLf0/WndANop3lv6frR5b+n60XQDaKd5b+n60eW/p+tF0A2ineW/p+tHlv6frRdANopxjYdqbTuAUUUUCCiiigAooooAKKKKACiiigAooooAKKKKACiiigAooooAKKKKAADJxVhVCioY/9YKsVEmUgoqrfS3cNsXsrVLmbIAjeXyxjud2D/KuN0/xjq1/f3s6Wmn/AGKNvs8cbakq5dCd7glMsCSFHb5SRnOakZ3lFYKa5fLo2oalcadbqlrbvNGIb0SiUqpJGQo29AM89a5bUvHerQyPsl0OzMcN2z29w7yOXgl8varbkzvOdvy/wnrQB6PRXMaFreq6lrdzBcJZ/Yk+0bfKVhImydok3EnB3bJDwP4aZF4qnm1LTFWxnaG6+2xvHCokKtDOkSuTxhcFifTI64oA6qiuV8L+JrvWbLTjJYzbZIv317LiJGl252xqeX78gAcHBNJP4h1cS6rAbfSbEWGzN1c3rtH82CMjy17H+9wcdaAOrorgtD8Watquqm2bUvDexLrydiGQSTqACzRgtzwWAPT5c9K0de13VbXxHFpen3GkW6tafaGk1EuMnftwNrCgDrKK4dfEWv2+oadHc33hy5hubpIGSzMhkAbPIy2O1auueJINL1ezsmuo4VCm4umYFm8v7qIqgEl3cjAHOFagDo6K4bWvEHibTNVg0+GXQJbq8m22tsRL5hTJ+ZucAAAknvjAyeK6DXNU1DS1tntLG2uUlmSAmW6aIqzsFXgRtkZPPT6GgDZorzqbxxqiar9je80C0P22S1dJmdmiCxl9xO5cqSNucDkjjtXVaHrn27wlDrV80UYMLTStEDsCqTkjknGBQBt0Vzv/AAlLxaHpmoz6NqMj30Il8mxhNwYgQCAxwOx9PWsay8fStq+pwS6Prc8MbRtFHHp7ebAGXlXA7EjcD1OT6CgDu6K5fXvEz2vhmG7tk+wXV9J9ngbUsQLAxDHfJu6ABSQOc8DvWBP8RJ5Ugigl0OC6XE0qtq8bK0alspv2hQ7EDGM4BJO3igD0eiuettdu9S8M3uoWK6bLdRxt5KQXonj8wJkI7gKAckZGe/Wqc/ii/N7atBo90tspb7QrXNnuYbflx++9aAOtorJ0XUrvUReTXVqLWFJttupkRmKbFJLlHZc7t3fpiueg8Y3t7otxdWlheXLXTT/2fNaW29EVWaNN+WGTldxHoRQB29FYGh+IZ9TCQ3Oj6jZ3KwB5TNCAgbAyoOcnnOOOcVzb+PbqaK8t4LS7hv5dSjtbKK4t1RtpCluGYAso3HkgfMmTzQB6HRXOaRr2oX2sajazaNdxwwXCRrIWh/dZiRiHxISeWzlc8MB1BrK1fxu9hqEES3fh8Il2YZlOrZcLh1G9fKJT59uSM474GSADuKK4XT/Gc8urXUdxfeGzbNLGtuF1lSQCo3bcJljnP3gvoOOa7mgBaKDVGz1Fbm4ltZYzDcxHmNjnK9mB7j+VAF6o5EBG4dakoPIxQmBVooorUgKKKKACiiigAooooAKKKKACiiigAooooAKKKKACiiigAooooAfH98VPVdDhxVioluUjP1jT59TsGtIb2SzWRgJZI1y5j/iVT/CSON3btzXl/hqxkbw5YldOuXXy+GXRYJAeT/Exy31PWvX6zm0PTm0RdHMBFgqqgiWVhgAgj5gd3UDvUjOR0bMfww8QAxspU6j8hjCEfNJxtHCn2HSsa4ttRuIdTkEcVssdjqVxLDd2jGVI55yyAneAGYRnHBxtPByMenadp1npNkllYwLDbx52oCTyTkkk8k5PU1DNoelXEsstxp9vO80qyuZkD5dVCqfmzjAHGPf1NAHLeGZFOvzRWsreZKt+LoqMiMpeuYeo4J82Xjvj2qsmgX2najGUs/Ed6ts8hikjvbWFG8xxI/ClG2swBw3pXd21lb2tu0EMYWJnkkZSS2Wdi7dfUsT+NZv/AAiXhr/oXtJ/8Ao//iaAMfw9oVyJbQXi6xbW2mvvtLe7ltXTJV06xAsdqsfvHuOuKyNUkutYPieGy0y+MN19neO6ni+zxYj27uZCp7HoO1dra+HNDsblLm00bTredM7ZYbVEZcjHBAyOCasahpdjq0McOoWsVzFHIJFjlG5dwBAJHQ9TwaAOLttTGs69bCNpNraybu2847VltltjEXiJ4Zd4JwvOG3Ywc0eJ4pZvHkAhXRmYaZ/zFVLJjzf4cd67e5sLS8SFLm3jlWGRZY9y52OpyrD0Iqpe+HtH1O+W8v8ATra7nSLylM8YcBc54B4698ZoA4Se2uY9W0Rpo/Cyr/aUXOmRkS557nt61seJvs6+MNOubmfQY4reMMovLoQzmXJCn7pLKoJKjI+Zs9hW8vhTw/HPBPFo1jDNBIJY5IIFjZWHQ5UD8ulaZtbczNMYIjK4wz7Bkj0JoA8+l8P6nBfvoMdp4flgv4prl5bmGaWWQIyAF3L7i/70EHPGDjFXPF9vptnpWj29/q9xBNDcQAKt/IryL5i72xu3MR1B5I9a6H/hEfDX/QvaT/4BR/8AxNadvaW1rDHFbW8UMca7USNAoUegA6CgDza8trqDVtKk01PES29zfyzxHNmd7NBJ8yeYdwJUZxJjjPAbFbOo2n2fwdpnhyKK8ifUbhbMpO8ZmWIsXlZthK/6tX+7/eFbv/CJeHCedA0zI6f6In+FXYNJ061FuLewtYhbFjBshUeVu+9t4+XOecdaAGara6hc2qR6ZqKWEwcEytbiYFcH5dpIxzjn2rh9I0zxG/jDxHHF4lhjnT7N50v9nKRJmM7cLu+XA475rur/AEfTNVMZ1HTrS8MedhuIFk25643A4zgflVT/AIRHw1/0L2k/+AUf/wATQBV8Txy2/gu6upZhLf2Fo80Vyq7MTCJl3gZ46txzjNcy13qZQgHUw2OD5V+cf+S1d02jaadJl0lLKGKwlRo3t4V8tSrfeAC4xnJ6VW/4RXw//wBAWw/8B1/woA5+5W2f4VX11DMtw91YeZcXIVh58gjVGfDAEZ2DsKxtSsLJby8XTdDsrnSQ+Lm/TSYmayOcMIhgedjBzhW2c53/AHR6BHomnRaINGS2xp4jMXk72Pyemc5/WrdxbxXdrLbTKWimRo3AJGVIweRyOtAHK6JpVhcjxPplsqwWM1zGoFqFjGxraEnbgYGcnoO5rN8MWMw8JeG7uxt1eSy1KYFRxiF5pY3/AAAYNj/YFdnpWj6folq1tp1ssETOXYAlizHuSSSTwOvpVNPCPh1IY4m0WxmWPdtM8CysAWLEbmycbmY9e9AFfwzi+l1fWlC/6bdtHCwO7MUP7pT9Cyu2P9uuLvdJlaK9l1GeK/uv7ejiy+LaMApGxwyhnTOFB5P3F4r0S18PaJYTedZ6Pp9tLtK+ZDbIjYPUZAzUMXhXQ4tMj01dNiNnHMJxE2WBkH8TZPzH65oA5Hwnp8MHinUJBZ2EZiuwoZNYllZc28fCqUAkHPVsEEkfwjNu4h1K68U3kmoWbTyQWitZW1hKitEJHZWfe5UFyE69gcDuT1cOgaNbzJNBpNhFKhyrpbIpU+oIHFTS6dazXE88kWZZ4BbyNuI3Rgk468febnrzQB59p0msT+K50Sx10WunPGskBvIHZ3ZQ48wmTG3B+6uc9yPu16XVHS9G0/RYXi0+3EKyPvclmdmbGMlmJJ4A71foAKwbn/icapCln8os5MyXY6g90X1z37VvUyONIlCRoqL1wowKaAdS0UjHCk0gK1FFFakBRRRQAUUUUAFFFFABRRRQAUUUUAFFFFABRRRQAUUUUAFFFFABUqycYNRUUNXGT7h6il3D1FV6KnlC5Y3D1FG4eoqvRRyhcsbh6ijcPUVXoo5QuWNw9RRuHqKr0UcoXLG4eoo3D1FV6KOULljcPUUbh6iq9FHKFyxuHqKNw9RVeijlC5Y3D1FG4eoqvRRyhcsbh6ijcPUVXoo5QuWNw9RRuHqKr0UcoXLG4eoo3D1FV6KOULljcPUUbh6iq9FHKFyxuHqKNw9RVeijlC5Y3D1FG4eoqvRRyhcsbh6ijcPUVXoo5QuWNw9RSbh6ioKKOULk5cDuKjd93A6UyimohcKKKKYgooooAKKKKACiiigAooooAKKKKACiiigAooooAKKKKACiiigAooooAKKKKACiiigAooooAKKKKACiiigAooooAKKKKACiiigAooooAKKKKACiiigAooooAKKKKACiiigAooooAKKKKACiiigAooooAKKKKACiiigAooooAKKKKACiiigAooooAKKKKACiiigAooooAKKKKACinKhf2HrUoiUds/Wk5JDsQUVZ2r/dFG0egpcw7FairO0ego2j0FHMKxWoqztHoKNo9BRzBYrUVZ2j0FG0ego5gsVqKs7R6CjaPQUcwWK1FWdo9BRtHoKOYLFairO0ego2j0FHMFitRVnaPQUbR6CjmCxWoqztHoKNo9BRzBYrUVZ2j0FG0ego5gsVqKs7R6CjaPQUcwWK1FWdo9BRtHoKOYLFairO0ego2j0FHMFitRVnaPQUbR6CjmCxWoqztHoKNo9BRzBYrUVZ2j0FG0ego5gsVqKs7R6CjaPQUcwWK1FWdo9BRtHoKOYLFairO0ego2j0FHMFitRVnaPQUbR6CjmCxWoqztHoKNo9BRzBYrUVZ2j0FG0ego5gsVqM1Z2j0FGB6CjnCxWzRVkqP7o/KmNCp6cUc6CxDRSspQ89PWkqhBRRRQAU+NNxyegphqwq7VAqZMaHUUUlQULRUUU8UxkEbhvLbY2Ox9KkoAWioo54pvM8tw3lsUbHYjqKdFIk0SSxtuRwGU+oNAD6KjlljgjaSV1RF5LE4Ap45GR0oAWiiq5vbcNtMoB83yeePnxnH5UAWKKjkljiAMkioD0LHFIlzA4yk0bAHGQwNAEtFNDq/wB1g2PQ1B9vtBCkpuoRG/3WZwAaALNFV4760mkEcV1C7noqyAk/hSSX1pDIY5bqBHHVWkAI/CgCzRVVtRskYq95bqynBBlUEH86la4hjhEzyxrEcEOWAXnpzQBLRVX+07D/AJ/rb/v6v+NTpLHLGJEkVkPRlOR+dAD6KhS6he2+0h/3O3fuII49eaejrIiyIcqwBHGOKAH0VX+2WwR3NxGqI5RmLAAMOx96RdQsnZUS8t2ZjgASqST+dAFmimSSJEheR1RR1LHAqNLy3c4WeM8KQQ3B3EgYPfJBoAnooooAKKKKACiiigAooooAKKKKACiiigAooooAKKKKACiiigAooqOWQRRs7dAKAGz3MduuXPJ6AdTWc+pysTsVVH5mqssjSyF2OSaaASQAMk9hXXCjFLU53UbehaXUbhepDfUVct9QSYhXGxj09DWXJDJCQJFKk0ym6UJLQpSa3OjIDDB5FVnXY2Ox6UzT7kyxlHOWT9RVmZdyE9xzXLZxlZmu6IaKQciirJHL99frVmqoOGU+9WqiRSCsbX5rWO2/ewLNOFYxoRnb6sfatmqOrRGXS7lUQvIYyFCjJPsKlbjMGCC1ihRG/seRlGC7XRyx9elalnLFb6MLy2tAskoGI48kFicD9TU1zHcW8YYXN9Nk4xEkRI/NRUulQSW+l28Uq4dV5B7VTYjN0y4vI9Ji8uyNxvDs8nmqvzbmz1qzpFxdtaWkbWJSHylHm+ap428HHXmpdHjeLRokkRkcb8qwwfvHtU+nIyaZao6lWWFAVIwQcCkwKUjf2jMZJgY9PtyWO8Y81h3I/uj9asafLPdSSXMjFInAEUJ6hezH3NVNQS/nvtpsvOs4yCqCVVEjerZ7D0oP9oC/ivBZLGDiOZVm3F1J4OMY4/lmgCxqEDtcwyA3JiY7JBDKylc9GwOo9fw9KxY/szTXtuWupy02IUSZsTHAyCenHGSe2K27+2ln3mV5HtVX/j3hGGkPuc8j24qvaad51vMTC9o3nmSAgANH8oHQcdjxTTANRhEWlW6zNGXSVMvMS6gk85J5I/pWdD9jjSKS4FsYTeSbmVBsPynHHPFbM1te3FrAjywCVJA7MEJBwcjAyPbNUrKC/F1JE7yCNrhpXcJsGAeg9dx9+g96E9AJdKe3abUXs9gh3Ls2DA+4O31qCINKLZI7S1lluIBcyNMMAsQoJAAOCa0ohPHPdQyb3jP7yJzzgHqufY9PYj0qvBpnnWdlI8txBNHbrGfLbaegyDx7UAVoVRr3TJRbwwyGWZG8pcD5Qw649qr6jJG899Gt9AglOCpnK4IUKcrtPcetXILeRb6zijgufKtpJWeabHzbgeRg85J9Kiuor17symCcweeXDQMPMACFOh7Hg/TNCArXW6Se6uY5lBjWUxgRIRgBDzkc5z1/xrW1kYsYo0VNzTxqit93O4cH24rOkE00ksz2V4JCSECQqEAPXcN3zZwM59K1ZIJruW1lbCJGpk2MOfMIwMj0GT3oAzpnuYEDta6WYzJ5bOpJCHp83HHPH41YNhcweHfsi7WlHDBGwpBfJGeOME0jW7xT+ZcaZHKWBDS2xxuB4+ZDjPX1NX7e1FpbPEkkjJzsVjnaMfdB9KQGEtpFIgeKKLy5Dv8AlsXwwI6A54Hfg/zq7pUCx3chjt4AgLbnWEoyP8p2/MScYOeOKoW2mSfZYt1g27YM5t4s9Pdwfz5rU0eOWH7RE9v5KBgU/dhM5HJ4JB/OmxFbJk8thbwTXFzNJGxmGFIQttyAOoAx0pksa7U32ttFNFfRITCvGDtPXAPercOnfaLRBI88DxzSspQ7Tyzeo7g1DJayRzJaxRXcv+kxzPPKVKkDGefoPSgYzW4ZfNjmMFmU86MCSTO7qODxwOufaq8k00lxMsi6e8ElqC2JGMe1WI4IHXJq7qVlHcX0W2xeSQyRs8xAKhQeRyfQdMVHcWdx50F5cWyNFCdv2WBdxCnnPbccgcdKEwNayMhsoTLjftHQseO33uc49asVWsTO1pG1yMStliMY2gnIH4DAqzUjCiiigAooooAKKKKACiiigAooooAKKKKACiiigAooooAKpamSLYAd2ANXap6ihe1yP4SDVQ+JEz2MerMU8cEOUXMx7notVqK7pK61OeOhp3c6LN5Uy7o2UHjqD61mtjcdpyueCe9WtRINyMH+EVUqKcbRuavctaexW8UDoQQa2j0rH02MtdbuyAmtdjhST2rCt8Za2KiniihBxRSEKeRViNtyZ71BSqxRsjp3FKSuNFmikVgwyDS1mUFFFFABRRRQAUUUUAFFFFABRRRQAUUUUAFFFFABRRRQAUUUUAFFFFABRRRQAUUUUAFFFFABRRRQAUUUUAFFFFABRRRQAUUUUAFFFFABRRRQAUUUUAFIQGUqRkEYIpaKAMO6tWt5D1KHoar10bKGBDAEHqDVOTTYWOV3J9DxXTCv0kZuHYyOlKiNI4RASxrUXS4x96Rj9OKtRQRwjEaAe/enKuktBqIy0txbQ7erHljTp2wm0dTT3cIuT+VV8l2LGudXbuymA6UUtFWSFFFFACDKnKnFSCfH3l/KmUhpNJjJxOnckfhR50f979Kr0tHKguT+dH/e/Sjzo/736VBRRyoLsn86P+9+lHnR/wB79Kgoo5UF2T+dH/e/Sjzo/wC9+lQUUcqC7J/Oj/vfpR50f979Kgoo5UF2T+dH/e/Sjzo/736VBRRyoLsn86P+9+lHnR/3v0qCijlQXZP50f8Ae/Sjzo/736VBRRyoLsn86P8AvfpR50f979Kgoo5UF2T+dH/e/Sjzo/736VBRRyoLsn86P+9+lHnR/wB79Kgoo5UF2T+dH/e/Sjzo/wC9+lQUUcqC7J/Oj/vfpR50f979Kgoo5UF2T+dH/e/Sjzo/736VBRRyoLsn86P+9+lHnR/3v0qCijlQXZP50f8Ae/Sjzo/736VBRRyoLsn86P8AvfpR50f979Kgoo5UF2T+dH/e/Sjzo/736VBRRyoLsn86P+9+lHnR/wB79Kgoo5UF2T+dH/e/Sjzo/wC9+lQUUcqC7J/Oj/vfpR50f979Kgoo5UF2T+dH/e/Sjzo/X9Kgoo5UF2T+dH6/pR50f979Kgoo5UF2TGdB0yfwphnJ+6uPc1HSijlSC4mCTliSadRRTEFFFFAH/9kNCmVuZHN0cmVhbQ1lbmRvYmoNMTI2IDAgb2JqDTw8L0NvbnRlbnRzIDEyNyAwIFIgL01lZGlhQm94IFswIDAgOTYwIDU0MF0gL1BhcmVudCAyIDAgUiAvUmVzb3VyY2VzIDw8L0V4dEdTdGF0ZSA8PC9HUzggOCAwIFI+PiAvRm9udCA8PC9GVDEwIDEwIDAgUiAvRlQxNSAxNSAwIFIgL0ZUMzIgMzIgMCBSPj4gL1hPYmplY3QgPDwvSU0xMjggMTI4IDAgUiAvSU0xMzAgMTMwIDAgUiAvSU0xMzEgMTMxIDAgUiAvSU0xMzIgMTMyIDAgUiAvSU05IDkgMCBSPj4+PiAvVHlwZSAvUGFnZT4+DWVuZG9iag0xMjcgMCBvYmoNPDwvRmlsdGVyIC9GbGF0ZURlY29kZSAvTGVuZ3RoIDg2Mzk+Pg0Kc3RyZWFtDQp4nN1dW4slyXF+N/R/OM8CHeX9AkbQcxM26EH2gn/AYkmIHpuVH/T3nXHPiuzu6d2ZXS9GrHrqO5Vf5SUiMjIyKuuHh3gL63+/hT+1hNv3nx9+eABkNgL+/p8P//Gb23+t++B/f//L+vl3f/j3cfvL//jb/vybhz89hHuot388pNsf13//uv77G94Wbv/2By33A5bCx9Y87zXBs9c/eoPH/+5f/jhvH/77trgWET12Ff7h4d13D7/79F0Mt5Ti7bs/06OQBf8V0z3Gfqup3WPKt+8+P/xz+/S+/P67v91izOum23cfAHm3kH/6+N2q69sp6z2G8RZKahb2Um63Gst93D4vlP71BP/K8Z7K+if8vv+b78BexJppj3+hipXbnN5UwfXAfgv3kqsM56z3NG5phntst1Hvq6UpwGDImP7wEEe4rzryPbEO+Pl60yYfRJhjuM/EhA3LH4R8DxP6m5inR/hDPKPcy3iGh+5hnutN25AAYa+3NOa9jXhLJa8uj3inPnD9DrUq+fnfO5SHbljlPwtQ6vq7Cjw9zPI8IEWePMcTU0NDRtq5BTGu2OcLiLF5HuHPoGiXugtibDmPFxBj8zxPruv6evwLXZeYOp2//+kFo6PlAo5/vfwYnJ25moqL9lTRHjVdToviavHqtRzKva3qgSKF/qGDIqUUWJHCrB880t47pL6bqmyvNQwlN0ElUGp/tqal3O/tpzStvM8OafHTm5r2I8ZM5wZsmKrqalhOX2jYekqFdhWSKGzXfN9cnd99DA7pYTrkMYzrnPCj6hFxCnMVCSl8DWVZE09/Y9u+sai9OiJxzteqvZ4DtiGvmWEMqnb6EEiMgg3Ax+qQ+cEjNfYrkkb74HliebWP31jZnLSyYXx89BXBuXNHRv3okU/pW1SklB/XayUO34/vikNa7f6eNv097Zv0Y23ffNDDu3e+r2fy1Re9+Obj0YYJxmP3ff3ug+/r854yfTd8fYN+NYa3xG4Tyv+l4b1U5NsY3gvl6/X+VRneAW4wV/sN5uFNevp2E3K555O3pLN5sX6cj99CT2fWRr+pQV+jg9+++iVUG7P66B/bj/nnpfH4qRVZcn1WJMT4VZT9Pj1lef/+y1Na8K0t4dMxWPGLQ/PTZPYbDeiyHdro9in4xxavlm0cTRzfZED3inyjAd0pZ/AdOI62/b8Y0DS3AQ3eDS3vvM7W/jUOVYrPPDak12fKL1E2ChzslN+oc8o+5Zxd8ehH8t3HY6r4Baelb9Tomr+Niv86VeVll+btPktczk59rS9ruS+JXIuGXAt3ZEKXobbNo44OabN6JL3/vQU3Y1o1tDhzX9I5YqLH9nJvsd9inPcwy/L1yj1IxDmmYTHn5xqT1xOfib72fJ+r/jGm5d5lbsdHnOiy1XF8CA5pB1JrccikIM1e6r0vVd75Zz0+froiOb7/6EvRSmVDcvPPqu+jL5V9qVKO+uRHXx9cLr+gcS92bGnx7Ni3dOMj6cOG9PD+J1Sg5mdG9uylnpvvt+h7u2ffk4+k6vtY9+x78oOXh/Ppj7X6Uu8/edkLRw0xQnnpxkMeHmv+/StbBhjGHbfUAvz5TNfr57S0uua5DOS8z7xuKPM+clvDCfFVuiy37x8qrLOaXD+t63EPEMrk+2tdvR6H8uF1kuet8nw95x2L8+0Z/M11g9DlANWIN34cXi6Nf+Dq8PXTg1RX7pfmCJ80Fx/3vWv9077/8UKItoTn9m7KgGrHWxrtXmPimT6TQY9TxuI5ZB+dGpaB2/6fdp9GuIxQngE2RbTOJYR7W9edR0B+n7gf96Tl9Zp/1/sv/E+y+ddqvO3/T3WZ5V7KJi0Qii5bXWDrqxi3/G7PpvJyLb9b3Xd+rcuz/VLXajFsdWkhwxaclm0xI5dwy+/ybCkv1/K73H/lf71fWlje9FaV5VzXtFVlOd0g5FoV/t0ejcX1kn+2mm/sWpFTlVdr8xLohiNTltXrS1NqwA3Fgts5EwPRLfdbDfw7Xy9NzP0OW416R7sy1Kb062a4gA0wUDq5c+nGqtXScWaCRWPPWZ8l10vvuDaCSG2FAZtC9N/v7Xo6dihXRe4Fg5brhgm7YYis7gNkjo71K/fcBwY2cyyMpEpIw/0xQMKk4OfMnVs15uqPuno/J0ZarYjUKC3Py30EpM/ISOhQ4WW4ltsESMI2AsI0CXc6K+zIEQtNkYCMJAg8IS9zFnpiJJSKiLRhKUPJiFSS6IWEiEAfSLP+VQpOjOsHbBQ8YnUwIKkURlLKiBTs4grNax2RNgiBiDACMxBxvRcsFFebsJXLkSbiuFo72ZTHBg9ffzM9KqxxKIjUKLNFGQjQg0pb11Bm6SLxLt9uWQVEVschku4pIjA6tilPHLK8hjBShy4BrH0iUiohdVWCkE49kdO9IU9ZnY8Pz6uXEtyz7kVgqW1uDYGMO6Q1FdQNQNaIILL8UhBQmIioVBz3CXKzkLH8DUDaPWCrlkSuHgEkL50C5vVLxZ5Ya8XlzyISqYJL69dygxBqhOgsIA17J8D+TNnuKbMvzcobT1k2dVyeVeaqc+tbfcoYMH9alcuayCBRwppVxhL12LamF1hDjb17Su/3mYr14NLMe15Cb51c+hrqWLaBAFtAUiGDtcSQJn0dUJzmS9oGvYA81LnJBTiaBftLZAecgdKziVcBye5jE0DcIB99E9KyHJUY8ibIy5gs12WT9VKXLva86UMByR51U5my/J+e5qZWgBCxqF5Z0l/D2NSzlNWBrNOkwoCUuCl5WSoyQ98MASAl981YLJ1fIjg3gwJInXkzOoCAI6JmqcCuVZ+b5QKk9t26AZLm2CxgobWXGUkw5YNNKxlSQBqbVjK2gMhOk7RhIZvJhuuCJpvMOj1IDb0+ukxCRi+CDJotRpBSFQSngvAPQRJPD8rcsCcaTqp8D/bW0oIhXdETtWrVTUpNKrWmKu3ASO1UnsFPb2Fwr6+FBe2x1S5IomfZWKVGnRy4XQtBnoWUKeMJmgb9zk+vd5qaYOOIrkfsPFRSpk+evkJmyYmFntSLyFJMjPBYgUtLpWYXcZtEPFlO1lCzKEVyw1FIEyFDJDujWCyLn6IghUSysBB0TDkBpJUqSKRSjZRx6UzOLNqsVyDAnZHMyBikNGFIqcEaMiorY6k8nQZRzyITbCis1KGx7qUqCLoWE2WIEOIVWxFQXglpbCxym4jMGgWpVGqSnCwLM6C7MG9KkD4mI5ntUuaZu7cpSB6MUKmGDsCyVJFGpja+6mz++qDf14QoCKyfEMlsMxuM00IGjTciDFQ2tA0cmGUzE+kCIGjsEsopmeceE1lakmFAQmUksVEfI7F57oL0xohMBZENf6QlBSD4dEAyTyBl0FRQaCpAJF+QtES0I9KTIYmRyJNVSeR8TOpzQOJkhEot4wj2DqYmfjogcUcGrAzI18hUZ0QKI1lmU/ZQajOkMpJkDm40eXYFcGwUWPIcqMygqR2RuCNrsp847awpuDWZ/ue8IHQ3zNviIgByAZYmgujD1E5zOyBlbAh6I5NKiccCSLwg4MNwKfZhACkXBDyfdCnV0XxvCPhLoe5PB+RynXm+repjLd98zgsC08LeOYiUeUGWb1TT1qWIlLEjywtE0yojQ8B+XdjzkNElJG8SAO4mTq4qJYTkTZJqIiti0oZI2SUSPNua8ya1iKSxSTb4w6HETfoRyXXTEPCiS9+UCIFWLshaosZdGQnZ9BXc9dD7ptOEbGoPPn4qfTMNhGzWAxYGmRGyMIjE3QrBYiKz50aWCpA0xXbR+oeSHc3gIdJ3o1hr5AEXw4lIEUSWO41Cjmx7EWH3juwzLJIidpfYcETqZuZhYVVn3aYCRNCFkekClmOp7VMKIjVv0w4gc5uW4HrMfeqCZR76mjq9AVLm2KbAitNj3qbJyi6lzaSAYBKizraIxLzNyLAOBWfaZm1E0j6zA9LiNvnjcnbWzUHAJW/dfAgEmJf8DEAKr8gnr7YXkoe5KwCMVDePBpFQN68HVuSx9s0zQiS3zXsCpNS8eViIwKynPhgu9WPc/DRA2iibLwfI3N09BELaXEKIIcQYN7cRowojba4lIAljBuJ+IpLq5qJidKJtXiwCuWyeLiAFXS7xhhHhh5PHjAh6MOJVI1LH5nkjIv46h0augRlJLzZPfy0XPm9LgYKr5n25sBxsXqrIkgLiOLdt0bH+dHG9aV2St5UKrV0yuq/7+gbifOKM0xJojcC4LpOSur+ylEp3LiSrrWV3svjMtCKL2gRetK1JoIofS+u6yIFPWfotgNaUsjqEtSVN/7KCrBQr21aZ4GTSHCwr0YUUWvDwYnUVhml2W88upJLDLGteeGQnp4/XxatWfZJfy0tnCNAk8s14eQ0ReWKWJXgBPSLPkJfp0H5qlizlFxKpQ2W5X0DcCeGQAKw0sJBEDcDEU6dLYAGXJ1gdCT7A+NCySQIUsMwphHAQA0aVVuUc51hAoTiHhEIWkksUzyfRPYnv4ZBKqaJHEnYpaM+3yAwA+RK90VskwGMsEgTSJ2mgSGujwSStsQactFEalNKGa+BKO0djW9qBGv/STtYYmYyDhtF0qDTUpsMp0TgdcQ3YqVRoUE8lR8J+KlwaGVQB1OihCqlGGFWQNQqpwi6BSlUHjWWqymi8U9VKY6Kqeho3Fe3UyCqrr8VeRcMtPitGwGK4Yigszsu2RCPBSacmiRWLRbJ4slgtizmLZbO4dN6i0BS7Fgtp8W22oRYCFzNrYfKiTbBQOoeuwag3Muq57AhE63PbC02YQHbeBeR+efZC2ix79eYl9D5tZuUmLqReegHXJXXvqTnwtbGtNxfC7jN3+DTHhIdkIWPuozYnOgDbyC4k97GP/pw62ZF8LED9JhAg2JsLFDlmIQNEvC0SREBqFq8NhBWQTnJG8gwAu68k8bBPkueuFYBACME0p4T1d45NuwCpuwICMNl3Jh0tsAk2xQUHPQakkQtJqg7ALLs1gF28lHeLAQi7TWxUAKFHs92BrZ/A6wyyTZhjSP4Y2y9ACiNk4wBpSZZcYAdxC2mkzVYCMimEzva0hIZPMJsLCIfZ2S4jQkPFphsQqqDuXy2AFg08AegtMkcYi8wj9iSZa6w2PB1ZhWXGskbJrGYNl5nPOkdmR+tAmUGtk2WS1XGQediGSuZqG06Zz23IZc43qRC/wCRHfAeTLvEvTADFBzEhFT/FBJldGZN18XZUHcQhMoURp8mUShwrUzzxvUw51T0T/RUHThVcfTw1AuoHqqFQV1FsiXqT06KX7HGqRVKvVK2Weq5q2dS7FeMn/u+04C97yPMScFfzql62mmB2w8VGU7x9N+OKqKm/eO5PD3+9huRx75UQLlSlNUocuyIVkdYluI6B/IVA8saTBfIXMpr0EwbyZ8OV5JMF8rEN0k8YyIdW6i04AE18OYnjL6QG2UXAOP5CivYuxvEX0oVm8LNbl1UBhvEXMpMiiR6lg49R/Amuki43kIa2x58sij8pOP4kUXy4VoHBKD4Ovezt9MkzYRPZxCg+CEyQED1G8Sds3MgaBaP4S8xCltg/hvEBSYJMFs5kgX1YmiKiQXsUtIHzxZOF8QHpEurHMP5CepiCxMGIhOgxjL+QmWVFhGF8QMjFlzA+aFjVwD6rXNGgfZW5WdS9yGzNyx0O40N6xVAEPRRAJLBPvIOqJ2F8QNjyQBAfTQZvHFIQnxBZeYHhAoStHsXwEaAWcQwfkJE1qp8HIwhgCB8TIRIDfMWGFCL4ANQ5BemJEYvXD0Q0Jwr9gSj7NRzAB+ObgyzuGppNQCobegjgA9Ky7LhCAJ8Q2ZWFAD4aehIPDuATwnNK5BmE99Y4fk9I45moDJpTajIkM1J5+oIpEhDeGOX4PSGVJz2I38P8FZiH4vc7QvF7nOOoPhy/3xCO3wNSNqRcEIrfYwKTLT97vSAUv6cpV3fVcWgMoQg+IJP32afWhxGO4ONkrovWOXeAAtEASHAe4/cEdHFQKnkE4qBQ/N4Qid+jH5EUiDtA0XsE2BOi6P2OUPR+K0TBewM4dr89GWP3+3XmSbuqm0axe2uixO61FyR0vwEUubeulMj9hnDk3oaEQ/c7UNh7kZGV2P2OUOzeJERi9ztCIV2TNIndbwjH7k1iJXa/IxS7N8mX2L1pB8fuTYEkdm9KJrF7U0SO3ZuuSuxe1ZlD96bwEro3o8Che7MbEro32yKhe7M/Ero3GyWhe7ViErk3QyeRezOGErlXeymBezOnErhXgytxe7PJErc3u81xe7XsErY34y9he5sgNGzPU4gG7XWS4aC9TkIatNeJSoP2Oplp0F4nPA3a66SoQXudNzVor3OrBu11/tWgvc7RGrTXeVyC9jrVa9Be3QEJ2qvHoEF79So0aK+ehwbt1TvRqL16MBq1Vy9Ho/bqCWnUXr0ljdqrR6VRe/W5NGqvfplG7dV3k6i9eHcatFcHUIP26iRq0F78SI3Zq6upMXt1RyVmrx6rxuzFqdWQvfq9GrJX31hD9uo/a8hefWwN2asfTsjuqyui/vwl0G8bBrwZUHLen74QaxVtKlTM79xaAcsJjWLR5kS9X7qiqsXXHY6ytYp2QQo6A1unQ1ir7eNSyc/fxq6CZZ7b6NZicTnatSkyqenODkSuRPpo92fZ5XiRNUA005N2kcAuCzPtNK0FW7jINYTz2kX2AdEEUdrUgi6SXa3CIb9crptj1F5TRQA0aIkhQN2JlU24hOG2TeUX0ii/UffyALmYDohi5uueYJJwje4bQsjoure4ELbNsv8Ycdm8mbt1TwjXfcwoQR7e6Ywy9eleaNSosOyXLuS6pQoue9vsNyG6V0s7K2RtZO8WgbLNE4DUrDu+XIiyAGSbGCamohvHlZG6zVkQsu5kFGRHGhHZx8Zda1jKxG12JCBuMyggoV02yBGpNhFjSJ1kWLbZEbG9eYrDU7RONusxMm8uAVxzTFV2/BEpm2cBAf9R1NfoF4BzC0qXuU7yDzaEcxRwPVkEwX0XQPAeyXWA7Yek2Q81MiKxQ8yZgLVruuRVbAjnXiyka3yRdsAMoQwOWDjT7rPkeBgieSCwlK4agqzpgnA+CW6zREFqviCcl1LU6EvuyoZgdkvRrVzJfzFEcmQAqQK0tAOcaQMA71JxNs6GcMaOFeKkHgE070efrLlBG0LpQ1p9zTDaEM5C0m7QTCVDJJtJu1MznjaEk6J0WDRvakM4t0pHV/OvNoRztFRKNI/LEMn1UmnTfDCVSM0ZU6nVvDKVbM09U+nX/LQN4Rw21SLNczNEcuFUGTVfThVWc+pEpTXtTrVeU/PUMGj6nhoPTfFT+6JpgGqDJFNQzZQmE4ol03xDNXaak6gGEXMWxV5KRqNaVE16FKOreZFqlzV3Um235leKebcUTJkALE1TJglL5eR5RHI9o+6jSzaoTEaWMSrTlWWVypRmmacy7WlyqsyMlr8qs6fluMoMa3mwMgtbrqzM1JZPK7O55dzKjG95uZpyqbm77DdYeq94FpYCLN6HZQmLh2KZxFkzziXbWDwdy0gWb8iylsVjkrxm8aks81n8LsuOFt/MMqjFf7Ms63LX3A9KxBYn0JK1xVG0hG72JS3nW9xNywsve6AanUmNxWh+OTu2ewp61twUSlMX/3hPZbdAtaS7l2yx9TPFhs7ChASKOJ99IzdjVkAeoFuTXlZ8955eQN2Pv/vkkJk/OORxvndIG+G1101hGsD3tQueA5ng6MmlQpdjIOX3WPGlzusd++GUyLUMDhL1DC+IOaL1I7P4n7FwygNQqgjutF7L8+9SEXcHUeDrMNqW4hnoZ2tKOQgGvITDBEdx+lGKl2ePwoR9xkkvwS/jnSC/5HJeI/8OeabP/l7xtRYoD79/FoBeoQWRXgzPAlLkyXPsR2GWvnMLYlxw8OXziLF5Hj0KswRcgxm/IMYGx1w+jxib53m6dh2IQXqla2GQX+t6GEXQ5Zd+h6qVs/wrp4NRud/i8WDxZz1LE4cVchdG+UXO0uyQyoNNQ6H/WQ/ThH3XH922rzhMk0btLYP2dWe6hdWuBDkF0q7yzrfi0Z/pluOnj76l3Z+Wlj3yYqm3j/SbBvor+gNsB7wOCM+r0iFyYuEmoPEY+pkc8qXTCN9YkQnuabmecradrffRVU3Py9zu+cJ5mW+ryEVE3tIjfUYv+nhCzVdXJE58WeBycOdWET447ecfmpQTpmW8uSJyLOR2z4f2KzQGkO+df25joMc/baU+vfFc21/YGMDpJE065Dzx8uukKYV0PiTE+lWUEIJwlCV+elYvvloL4MUceYgcsbg9JB3j/moH/nq0AM7T+Pm1oD4eduPd2xyEX1wLrh3iB1FOfNu6iM6NutzzNgX/RQc6LwUM0q7+3g9Hf3+0YnrD3jd1/TUN2aVpywJAtbt8HmIZGfS7Y7LzhWL7SQiOfDViclPWclrveP0Qyi+Ys5Tp1Za9Nal/ldHNmZd5lw7KbxjFF870kQdBALxBDDI2/NbEZ3vbgxEKtecaLwjfwwdRPR08kEFZIZsFA8p05s5nQyIk4eNGxGrRqM8iXOrp4KEFLHbMF7/gEkuGc3awK8ElXF3dRr/zy29Zz9XLgc7Vu5ZoGJngAmWNq90fn7sfspsbBPELfjPF7k509xbfoTdj8SRn+JDJKHD8UbdQ0EtnVMGrBK0vr7LcY4aYgAKwlQnLfVivPw8UAcoV+KtBoTvaNdJXlhPojlaAnTZcaSNs5u8sB8BFnjzHThtndrRjOtoDmPlKq8BGO5qnTZ72AJqjFWCj7dPR9upYTmA6WgF22uRocd9kZzmAnjxtOmhb9bTR0x5AdbQCbLR1ONpaHMsJDEcrwE4bHW3pjuUAavS08aAtxdPCthAWavg2yzNAEqB4QGrihac4xVQAajL356ya9OwerIA+Z74EcJFF25ujhfcuLrQKCEv3DeztoB3Z03ZP2x3L8NUf+aCdwdHO4min7+zpqz/DSduvtJhrt99jgLL46s/uafGdkyvt8LTjymJFDsBoY3S0sTpaBYQlxpeAjXY42pQcrQLK4qsfx0GbqqedntaJqRU5AKPNydFmJ4QGCEv21c/ppHVahm+DXGhL9iy++vnQMtw3vNBWJ4QGCEvx1S+HlpWaPW33tE5MrcgBGG1zWlaaE8LiTZoVOYCN1mtZ91rWvZg2X/12aln3Wta9lnUvpt1Xv59aNryWDa9lw4vp8NUfp5YNr2XTa9n0Yjp89cepZdNr2fRaNr2YTl/9eWgZuOAX2hqcEBqQBEgvARut0zJIBLrSxuxZ5kuA0UanZTU5ITRAWKKvfjy0rKbsabundWJqRQ7AaLPTspqdEBogLNlXPx9ahu+mXmiLE0IDlMVXPx9aBll1jnZ4WiemVuQAjLY6LYOMxCttdWJqRQ5go3VaBgmpV9rmxbT66tdDy2qrnnZ6Wi+mzVe/nVrWvZZ5h6p6l8uKHMBG67XMO1TVu1xW5ACMdngt8w5V9S6XFTkAo51ey7xDVb3LZUUOQGlbcFrWvEPVvMtlRQ5go3Va1rxD1bzLZUUOwGhj8bTD0zoxtSIHYLTJaVnzDlXzLpcVOYCN1mlZ8w5V8y6XFTkAo83V005P68TUihyA0RanZc07VM27XFbkADZaelUa7oG8tM8b0hCBYuNFJCkyHbJzT88NqWRXphPhUk8Hz4W7Ns+9XDfHdCK1eW5FNu6WD+5+cJ9I9tyKbNw9eO7lxDmmZ5DguRXZubvnHtEznUjvB3c/uUc5uMfBfSLFcyuycc/oueHNmCvTM0j03Irs3MNxwwbglelEpNTTwbNzQzzWc8+D+0Sq4zZk445eLyHaqfoOidzPAFkAyFkdV0A44hXwimwIVCbvTyKTdn20Avqk/BJQzFI2T5s8bXIs2Tcxt4M2TUebqqNVQFiSr36aJ21ytHE4WgWUxVc/pYM2Vk8bPW10LNFXP9aDNgxHG4qjVUBYgq9+GCdtvNKCV3O5xwBl8dUP0dPWWTxt8LThymJFDsBoR3e0wwmhAcIy+kvARhscbXdCaICy+OqPcNB2p2XgjV9pmxNTK3IARtuap02e1ompFTkAo61Oy/BlrAttdWJqRQ5go3VaBuuyK20ZnsVXvx5aVkv1tNHTOjG1IgdgtNlpGax5r7TZi2n21c+HlsGe25U2eS1LXkyzr34+tSx5LUtey5IX0+Srn04ti17Lotey6MU0+urHU8ui17LgtSx4MY2++vHUsuC0DCJLl3sMEJbgqx8OLSuzedrkaZ2YWpEDMNrhtAyidlfa4cTUihzARuu0DGKMV9o+PIuv/ji0DN6hcrTR0zoxtSIHYLTNaVlpTggNEJbmq98OLYNXo6601QmhAcriq98OLcMjsq60wdM6MbUiB2C0xWlZ8Q5V8S6XFTmAjdZpWfEOVfEulxU5AKPNXsu8Q1W8y2VFDsBok9cy71AV73JZkQMw2ui1zDtUxbtcVuQANlqvZd6hKt7lsiIHYLTBa5l3qIp3uazIASgtnm2202bvUGXvclmRA9honZZl71Bl73JZkQMw2lE8bfC0TkytyAEYbXdalr1Dlb3LZUUOYKN1Wpa9Q5W9y2VFDoCL/Nl9Yyvih8gSnNNYcLrE16L4+kmv4Q0kOsKo3dtxKXeDGa779XLr4RtwsfI3oC5Pe/27a/DkDrlh6+Y1C2LdJn6IJsGL4XSQpSD4Yp5UKIz+HKKlAIGXh4UZ6g2nq84dgZo3rHmi4xMSng9rd/j6kfcx8cAHeBbXeSE1U5cUOhgODieZ8Qaf++UTuiac8Th2pFc8oGgrBT0bizJDK7q2yyEwOtp2bCns39J5oVLrCyJ9GK6IMvt2SQ7a8Q4gyHnC3BiUJrwsE+NkcDwwCHlq8NJbopdplzeQ6Ao/2Zjg5AC5Blu+5CRMvb1kOidJ6PC6yONWeb7Gg1uwPN2f4NxJOOKN+TBkAkdo0fPwZYm0ylN1+JJUEmort0trhI4bS0/7/tp2ke3bP155kwm/nvXcd03zgBNBO8by4LhO/vKu/x7p46NLq/xx5BAUE/JxfJH1cbSNvFze2+TTIFvBfKUJXUunzkZ4CxtOaapZL/E7f3DCTZJrEDE4tKno/RWPN1U2vJSHff/Al1Bfskl4c8KTQeFm4kpwqhccUEfPwsuEHwLFuvD10wNXVW/nlgidtJSe9r1r+ZO8wvnW3oa33EeJ+BHimL/tSCr3mmK7cE//JdmWPmzcFbdobCDxelTr+mXxIJVVRwZ3j20k8XCfbSCXhwxHIejtHU5hjka3rss2knSpI8l361Aym4wNPUxHkuuiIyl11du5LUrHbZWhvLb9Rw8l7GfDR1f2oXwcxweYP7afMJTKvQ1lOb6bPMf+lWTYp2y4T4GfW8BtS5TUeoev8eI+Z8HEPjgMuA7WUPjU3eqMliOpZKQzXyEmCofoyv2tBDx1hunoUp62ivM1HGYFpfnuhE5kvAkb2M44+42fllCT10gM1sGKpaWucrc0Rdi4pfis76/t/vGjCEeRJPoqeK38efh33X8Pen4aP2UYhXzCuxBEnkb1n/9u4/oOzf8C1rG5Nw0KZW5kc3RyZWFtDWVuZG9iag0xMzYgMCBvYmoNPDwvQml0c1BlckNvbXBvbmVudCA4IC9Db2xvclNwYWNlIC9EZXZpY2VHcmF5IC9GaWx0ZXIgL0ZsYXRlRGVjb2RlIC9IZWlnaHQgMjk2IC9MZW5ndGggMzM5NiAvTWF0dGUgWzAgMCAwXSAvU3VidHlwZSAvSW1hZ2UgL1R5cGUgL1hPYmplY3QgL1dpZHRoIDEwMTk+Pg0Kc3RyZWFtDQp4nO3caXsUNxaAUVbbrGYJkGExhEAgQALz/3/cTJdKUknVZYN7cXeXzvme0ObJq3tL1fG1awAAAAAAAAAAAAAAAAAAAAAAAAAAwOquA1u268pLu/67gBapHtole2jWXoZ/A1jD3sWvc9iRXcavedi1HcQve9gPVxr/z7K/CWzJz/LfSfi7/kuBdlx9/NPhX/ARbwFr+LX+t93+VPhKh6t0Tv5bjX85fNHDTkzUv732l8qfrv42sCXT/W+5/XPC1zxctaX6x/Fvsfy6+/JTHQFbMtV/Gf8W2p8qf5T98uc8BtZ2wQlQxL+l9qeW/SJ8tcPVGPc/bv/GZts/b+SX3Zcf7wTYsIkDYDL+TbZ/TvlD9+cnfwdYw/lHwFD/1tpfLr8Kf1T9rv+qYL5G/S/Fv9n2zy0/dz9u/i6wceMTINe/rfYvKD93v9T8PWCDlk6AXP8F7W++/GHk5+6Xk78PbMTyEZDrrwb/Rtuv1v2q/D78nP1U8A+ANU0dAjn/HP+o/fVX/ovKL8Ivoq8/9kNgDZPHQKo/x7+F9n9Wftn9VO2nwBqmzoG6/ovb30r5YeLH7ovoqw/+CFjDxDmQ8u/rD4N/8+0X6ZflH/flh/Bj90P0xcd+DKxp6RxI+ff194M/PPDX7a+V/s/L78OP2Y97fwKsbXwKxPxT/Ftpv1736/Jz+H33Q/TpAz8FNqI+BGL+of4U/7j9YuVff+j33+RJF3x9+V34ffc5+v6z/gZsUHEGxPxD/V38sf2Tvv1bQ/urj/2Jdb+f+XHZz+HH7Ifmn5Wes1kvSrv+MGxPldFwAsT8h/jj0n+c269X/nXKvzGUf5TKTyO/C7/PPjefP/oLNuX3DfnlP6n+M1f7jOv9yPTqkyD2H+rv4o+DP7Z/NLS/zso/Xvdvp3U/lj+EH7rP0fcfeFP/rTbuP1uyxp90yY911X9js1QcAn3/of4cf99+Wvlvj1f+y5b/P2BPxCM0HgCx/hj/VPtrjf1d/7BA8vLly7xDhfyL+EP7i+f9O3eKq751xv6uf1ggedV52R8Aof4cf91+ftyvbvqkDwfqzeuFmH+oP8af2u/u+YuVfzT2pQ8H6uxNJ+ef418M/th+97hfrvyrp3991z8skLx9e7aQ84/xp/aHlX8TY1/6sDfevXv3NuWf4g+Dv9/5R2P/9lpjX/qwN/7444++/rdh9qfBH+Z+SP+0uukrLvqkDwfs/fv3uf5+8i/ir9ovxn618V86/evSh73x55/vi/pD/Kn9cuxXl/wrbvzSh/3x4cOfqf4u/tz+70P7eewXF33Sh8P28cOHVH8X/2Lwp/aL9PPYX2vjlz7sj78+fvyY4u/W/tj+y7r9yfRvSB8O1l8Lof4Yf25/lP74jl/6cNA+ffo0xJ/bf53bHzZ+6cOMfP6U4u8Hf9f+2dnE2C83/pXSvy592B+fF0L8/eBfzP3unj+t/PXGH7/Qt+I9n/Rhj/z9999D/LH9sPLHsS99mKUvdftp5e+e9suH/fLNvvTh8H35kuPP7YeVP4z96mF/6Z5P+nCwvn4J8af208p/tvyw393zSR9m4uvXr2nw9+0PYz887F90xS99OFjfvob4U/vdyp+e9l+9nLjnkz7Mwrdv33L7xdiPG//onq/8Ku+lX+xLH/bIP0P7xdh/9+7sbLjnq6/4pQ8z8E/dfhj76aIv3/OdnhZf5Y2/pEv6cMj+qdrvxv6HD3+O06/e7kkfZuDf1H4a+3Hjz/d8P3u7J304RP/W7eeNX/owa//G9ruVP2388Y4/XvH/5MW+9OEQfQ/tp7Ffb/zSh9n6Poz9cuMv0v/t4u/0SB8O0fey/bzx5/TDi33pw+x8/55W/n7jL9N/LX2Yq+/F2E8P+92b/f7tXvl1PunDjPwI7Zcbf0z/nfRhxn5UG395z9en/yKl/+C+9GE+uvS/Vw/7+Ypf+jBfP36M0/+0nP7jR9KHefnRtZ82fulDKy5I/yx8iV/6MEdL6X+WPjTgR/2wL31og/ShSdKHJkkfmnRl6V+XPuyR/xZX/MOX+Iv0n0/8Xs5Vfhu39GGfSB+aJH1okvShSdKHJkkfmiR9aJL0oUnShyZJH5okfWiS9KFJ0ocmSR+aJH1okvShSdKHJkkfmiR9aJL0oUnShyZJH5okfWiS9KFJ0ocmSR+aJH1okvShSdKHJkkfmiR9aJL0oUnShyZJH5okfWiS9KFJ0ocmSR+aJH1okvShSdKHJkkfmiR9aJL0oUnShyZJH5okfWiS9KFJ0ocmSR+aJH1okvShSdKHJkkfmiR9aJL0oUnShyZJH5okfWiS9KFJ0ocmSR+aJH1okvShSdKHJkkfmiR9aJL0oUnShyZJH5okfWiS9KFJ0ocmSR+aJH1okvShSdKHJkkfmiR9aJL0oUnShyZJH5okfWiS9KFJ0ocmSR+aJH1okvShSdKHJkkfmiR9aNKVpX9N+rBHQvnfQ/kh/c/j9J+F9B8+COmfnBwfhfRvhvQvU770YZ9IH5okfWiS9KFJ0ocmFRf8375+kT40Yin9T9KHBlyQ/pvXr/4jfZin+lFf+tCIrvw6/b+W0+++zCd9mJN+6OcL/iL9M+nDfKV9v0j/44dF+u9i+s9T+vfvSR/mIw396t1el/5b6cOMVft+/W7vzeuXffqPpQ9zUwz9ft8v0n8lfZirsvzqlq9P/8Ui/SfSh9lJ637c97tH/VH6w2/qkD7MxjD0i30/f49X+jBTsfzRvv/+j3DBP/r9XHfD7+eSPsxAXX6170sf5iuVH4d+fKuf3+3Fr/DXv5Xz9iq/lVP6sE+q8od9v07/9PSB9GFW6vLzvv/uLNzyFV/mW/d3cUsf9slQflj3h/v9N6/r1/rV/70jfThwXfix/GHoF7d8w7u96W/0SB8OUgg/l5+Gfn7UH13wSx9mogs/POfH8odLvlfjC/7Jd3vSh4OURn5ffjn08y1f/W5P+jAHOfyh/H7oh1/RU9/yxfRvSR8OXl1+XPfzvr90y5ff7UkfDtrnIfxUfjf0lx/1107/mvRhf3TdL8LvR35a94ehf9EF/+Ve60sf9kkKP5T/PpTfP+m/LB/1J2/5pA+H668h/KH8iaEvfZiVvvsU/lD+Rfu+9OHgdd334XcjP5U/GvrT6V/ylk/6sEdS9yH8cMMXy6+Gfv2oX/zPO9KHw5S6D+EP5RdDv9j3lx/1L5P+NenD3ii678PP5S8N/TX3fenDHsndh/DDyK/Ln7zflz4cuDTv+4nfl794zg/r/njo51/Otdq+L33YHyn7Ifxww7coP6775Zd4l17tXS79a7v+YYEkVN9nn8PP5Y+H/lqXfNKHPdJVH7NfdJ/C77f9+p3++kNf+rA3XsXs++5T+Ln86o6vvOSTPhy0PvqQ/aL7IfxR+dNDX/pwqProu+oX2S+6H8Lvy6/W/eFJf7X0r/X/VPfPL/49i3Nk8a88Ojo+Pjm5c/fuvfv3Hzx8eHr66NHjx0+ePH369LffFh/n2fPOi+B3YEP6pkJez2L3KfzJ8tca+mX6uf2j0P6d2H4Rf19/339/AAyHALC6nNOzvvrY/RB+LL940F9z6I/Gfmr/OLV/L7Yf4u/q7/IP/ccTIHkOrKDKqC/raZ/9ovsQfl/+vVR+8aC/ztBP6Rcr/6208p/07Q/xd/WH/EP/6QQANqPv6knMftF9Dr8v/6S44qvX/VXSn1r549xP7Yf4Y/0h/3gA5DMAWFdqqi/sUeo+hJ/KP1560F996I/H/qj9If5Yf8g/HQDlIQCsbiiqL+w0dZ/DXyp/3aH/K+3H+Lv6Q/7pABidAsBqiqD6wh723ffhb6n8Mv2q/f4dX4w/1R/yTwfA6dI5AFxalVNf2IOh+xB+fKs3Kn/N9C9uPwz+XH+ffzoAHk6cA8AlVTnFxO7n7vuRv43yU/rnt1/XPxwAU+cAcEl1TzGyofuflb96+he2X8Yf6h8OgKljALi8KqmY2d0q/K2UX6/8dfsx/lB/n38+AJYOAWBlRVYxtDux+xj+uPy11/1z2x8Gf4i/rz/3Xx8BwNqGtmJsJzH8YeRvuvx65R+1H+Lv60/5VycAsClDYSe5+2LkL5e/bvrntx/i7+uP+VcnALBZObPj3H0X/pbKn2q/jj/WX/TvIICNWG4q1Xa0FP7Gyz+3/RB/rD/nP30EAOspCzsaug/hb6v8cfvj+FP9owMA2LShtduT4W+4/KH9pcEf46/6dw7A5iyXlaO7dd7I31j50+3H+Iv8J08AYDPK0lJ9N7db/lL7Mf5cf90/sD1DdTdvTi37Gy2/aH8Uf1G/EwC2qW7t5jnhb7j8ifZz/Ev9A9tUpHdj6+WX7ef4y/odALB1dXE3lsPfQvnnxD/O31kAG3NBXEWC2w6/br+M/+L+gY2q27t+BeVfGL8jALZrqrgrCn8c/3T+wFWoW9xy+Mvxyx+u3rjCKwh/Kn4nAFyRyfiuKPxz43cawEb9WmdXGP6vxw9s1xWHL3/YvZ1kr3/Yod1WX9v13wXM364rBwAAAAAAAAAAAAAAAAAAAAAAgJn6PzeRr84NCmVuZHN0cmVhbQ1lbmRvYmoNMTM1IDAgb2JqDTw8L0JpdHNQZXJDb21wb25lbnQgOCAvQ29sb3JTcGFjZSAvRGV2aWNlUkdCIC9GaWx0ZXIgL0RDVERlY29kZSAvSGVpZ2h0IDI5NiAvTGVuZ3RoIDg3ODkgL1NNYXNrIDEzNiAwIFIgL1N1YnR5cGUgL0ltYWdlIC9UeXBlIC9YT2JqZWN0IC9XaWR0aCAxMDE5Pj4NCnN0cmVhbQ0K/9j/4AAQSkZJRgABAQAAAQABAAD/2wBDAAgGBgcGBQgHBwcJCQgKDBQNDAsLDBkSEw8UHRofHh0aHBwgJC4nICIsIxwcKDcpLDAxNDQ0Hyc5PTgyPC4zNDL/2wBDAQkJCQwLDBgNDRgyIRwhMjIyMjIyMjIyMjIyMjIyMjIyMjIyMjIyMjIyMjIyMjIyMjIyMjIyMjIyMjIyMjIyMjL/wAARCAEoA/sDASIAAhEBAxEB/8QAHwAAAQUBAQEBAQEAAAAAAAAAAAECAwQFBgcICQoL/8QAtRAAAgEDAwIEAwUFBAQAAAF9AQIDAAQRBRIhMUEGE1FhByJxFDKBkaEII0KxwRVS0fAkM2JyggkKFhcYGRolJicoKSo0NTY3ODk6Q0RFRkdISUpTVFVWV1hZWmNkZWZnaGlqc3R1dnd4eXqDhIWGh4iJipKTlJWWl5iZmqKjpKWmp6ipqrKztLW2t7i5usLDxMXGx8jJytLT1NXW19jZ2uHi4+Tl5ufo6erx8vP09fb3+Pn6/8QAHwEAAwEBAQEBAQEBAQAAAAAAAAECAwQFBgcICQoL/8QAtREAAgECBAQDBAcFBAQAAQJ3AAECAxEEBSExBhJBUQdhcRMiMoEIFEKRobHBCSMzUvAVYnLRChYkNOEl8RcYGRomJygpKjU2Nzg5OkNERUZHSElKU1RVVldYWVpjZGVmZ2hpanN0dXZ3eHl6goOEhYaHiImKkpOUlZaXmJmaoqOkpaanqKmqsrO0tba3uLm6wsPExcbHyMnK0tPU1dbX2Nna4uPk5ebn6Onq8vP09fb3+Pn6/9oADAMBAAIRAxEAPwD5/ooooAKKKKACiiigAooooAKKKKACiiigAooooAKKKKACiiigAooooAKKKKACiiigAooooAKKKKACiiigAooooAKKKKACiiigAooooAKKKKACiiigAooooAKKKKACiiigAooooAKKKKACiiigAooooAKKKKACiiigAooooAKKKKACiiigAooooAKKKKACiiigAooooAKKKKACiiigAooooAKKKKACiiigAooooAKKKKACiiigAooooAKKKKACiiigAooooAKKKKACiiigAooooAKKKKACiiigAooooAKKKKACiiigAooooAKKKKACiiigAooooAKKKKACiiigAooooAKKKKACiiigAooooAKKKMUAFFLiigBKKWigBKKWigBKKWigBKKWigBKKWigBKKWigBKKWigBKKWigBKKWigBKKWigBKKWigBKKWigBKKWigBKKWigBKKWigBKKWigBKKWigBKKWigBKKWigBKKWigBKKWigBKKWigBKKWigBKKWigBKKWigBKKWigBKKWigBKKWigBKKWigBKKWigBKKWigBKKWigBKKWigBKKWigBKKWigBKKWigBKKWigBKKWigBKKWigBKKWigBKKWigBKKWigBKKWigBKKWigBKKWigBKKWigBKKWigBKKWigBKKWigBKKWigBKKWigBKKWigBKKWigBKKWigBKKXFJigAooooAKKKKACiiigAooooAKKKKACiiigAoopaAClxQBTsUANxS4p2KXFADMUYqTbRtoAjxRipNtG2gCPFGKk20baAI8UYqTbRtoAjxRipNtG2gCPFGKk20baAI8UYqTbRtoAjxRipNtG2gCPFGKk20baAI8UYqTbRtoAjxRipNtG2gCPFGKk20baAI8UYqTbRtoAjxRipNtG2gCPFGKk20baAI8UYqTbRtoAjxRipNtG2gCPFGKk20baAI8UYqTbRtoAjxRipNtG2gCPFGKk20baAI8UYqTbRtoAjxRipNtG2gCPFGKk20baAI8UYqTbRtoAjxRipNtG2gCPFGKk20baAI8UYqTbRtoAjxRipNtG2gCPFGKk20baAI8UYqTbRtoAjxRipNtG2gCPFGKk20baAI8UYqTbRtoAjxRipNtG2gCPFGKk20baAI8UYqTbRtoAjxRipNtG2gCPFGKk20baAI8UYqTbRtoAjxRipNtG2gCPFGKk20baAI8UYqTbRtoAjxRipNtG2gCPFGKk20baAI8UYqTbRtoAjxRipNtG2gCPFGKk20baAI8UYqTbRtoAjxRipNtG2gCPFGKk20baAI8UYqTbRtoAjxRipNtG2gCPFGKk20m2gCPFGKkxSEUAR0U4ikIoAbRS0lABRRRQAUUUUAFFFFABRRX3/QB8A0oFfftFAHwKBTgtffFFAHwUFpdtfelFAHwZto21950UAfBm2jbX3nRQB8GbaNtfedFAHwZto21950UAfBm2jbX3nRQB8GbaNtfedFAHwZto21950UAfBm2jbX3nRQB8GbaNtfedFAHwZto21950UAfBm2jbX3nRQB8GbaNtfedFAHwZto21950UAfBm2jbX3nRQB8GbaNtfedFAHwZto21950UAfBm2jbX3nRQB8GbaNtfedFAHwZto21950UAfBm2jbX3nRQB8GbaNtfedFAHwZto21950UAfBm2jbX3nRQB8GbaNtfedFAHwZto21950UAfBm2jbX3nRQB8GbaNtfedFAHwZto21950UAfBm2jbX3nRQB8GbaNtfedFAHwZto21950UAfBm2jbX3nRQB8GbaNtfedFAHwZto21950UAfBm2jbX3nRQB8GbaNtfedFAHwZto21950UAfBm2jbX3nRQB8GbaNtfedFAHwZto21950UAfBm2jbX3nRQB8GbaNtfedFAHwZto21950UAfBm2jbX3nRQB8GbaNtfedFAHwZto21950UAfBm2jbX3nRQB8GbaNtfedFAHwZto21950UAfBm2jbX3nRQB8GbaNtfedFAHwZto21950UAfBm2jbX3nRQB8GbaTbX1z8ZRn4Ua3/ANsP/R8dfJhWgCArSFanK0wrQBARTCKnYVGRQBEaSnkU2gBKKKKACiiigAooooAK+/6+AK+/6ACiiigAooooAKKKKACiiigAooooAKKKKACiiigAooooAKKKKACiiigAooooAKKKKACiiigAooooAKKKKACiiigAooooAKKKKACiiigAooooAKKKKACiiigAooooAKKKKACiiigAooooAKKKKACiiigAooooAKKKKACiiigAooooAKKKKACiiigAooooAKKKKACiiigAooooAKKKKACiiigAooooAKKKKACiiigAooooAKKKKACiiigAooooAKKKKACiiigAooooAKKKKACiiigAooooAKKKKACiiigAooooA4X4x/8AJKda/wC2H/o+OvlAivrD4xf8kr1r/th/6Pjr5TIoAhIpjCpiKYwoArsKjYVMwqJqAIjTDUhphoAbRRRQAUUUUAFFFFABX3/XwBX3/QAUUUUAFFFFABRRRQAUUUUAFFFFABRRRQAUUUUAFFFFABRRRQAUUUUAFFFFABRRRQAUUUUAFFFFABRRRQAUUUUAFFFFABRRRQAUUUUAFFFFABRRRQAUUUUAFFFFABRRRQAUUUUAFFFFABRRRQAUUUUAFFFFABRRRQAUUUUAFFFFABRRRQAUUUUAFFFFABRRRQAUUUUAFFFFABRRRQAUUUUAFFFFABRRRQAUUUUAFFFFABRRRQAUUUUAFFFFABRRRQAUUUUAFFFFABRRRQAUUUUAFFFFABRRRQAUUUUAFFFFAHD/ABh/5JXrP/bD/wBHx18qEV9V/GD/AJJZrP8A2w/9Hx18qmgCMio2qU1G1AEL1C1TPULUARNTDT2phoAaaKDRQAUUUUAFFFFABX3/AF8AV9/0AFFFFABRRRQAUUUUAFFFFABRRRQAUUUUAFFFFABRRRQAUUUUAFFFFABRRRQAUUUUAFFFFABRRRQAUUUUAFFFFABRRRQAUUUUAFFFFABRRRQAUUUUAFFFFABRRRQAUUUUAFFFFABRRRQAUUUUAFFFFABRRRQAUUUUAFFFFABRRRQAUUUUAFFFFABRRRQAUUUUAFFFFABRRRQAUUUUAFFFFABRRRQAUUUUAFFFFABRRRQAUUUUAFFFFABRRRQAUUUUAFFFFABRRRQAUUUUAFFFFABRRRQAUUUUAFFFFABRRRQBw/xg/wCSWaz/ANsP/R8dfKxr6p+MH/JLNZ/7Yf8Ao+OvlY0AMNRNUpqJqAInqBqneoGoAiamGnmmGgBpooNFABRRRQAUUUUAFff9fAFff9ABRRRQAUUUUAFFFFABRRRQAUUUUAFFFFABRRRQAUUUUAFFFFABRRRQAUUUUAFFFFABRRRQAUUUUAFFFFABRRRQAUUUUAFFFFABRRRQAUUUUAFFFFABRRRQAUUUUAFFFFABRRRQAUUUUAFFFFABRRRQAUUUUAFFFFABRRRQAUUUUAFFFFABRRRQAUUUUAFFFFABRRRQAUUUUAFFFFABRRRQAUUUUAFFFFABRRRQAUUUUAFFFFABRRRQAUUUUAFFFFABRRRQAUUUUAFFFFABRRRQAUUUUAFFFFABRRRQAUUUUAcP8YP+SWaz/wBsP/R8dfKxr6p+MH/JLNZ/7Yf+j46+VjQAw1E1SmomoAieoGqd6gagCI0w080w0ANNFBooAKKKKACiiigAr7/r4Ar7/oAKKKKACiiigAooooAKKKKACiiigAooooAKKKKACiiigAooooAKKKKACiiigAooooAKKKKACiiigAooooAKKKKACiiigAooooAKKKKACiiigAooooAKKKKACiiigAooooAKKKKACiiigAooooAKKKKACiiigAooooAKKKKACiiigAooooAKKKKACiiigAooooAKKKKACiiigAooooAKKKKACiiigAooooAKKKKACiiigAooooAKKKKACiiigAooooAKKKKACiiigAooooAKKKKACiiigAooooAKKKKACiiigDh/jB/ySzWf+2H/AKPjr5WNfVPxg/5JZrP/AGw/9Hx18rGgBhqJqlNRNQBE9QNU71A1AERphp5phoAaaKDRQAUUUUAFFFFABX3/AF8AV9/0AFFFFABRRRQAUUUUAFFFFABRRRQAUUUUAFFFFABRRRQAUUUUAFFFFABRRRQAUUUUAFFFFABRRRQAUUUUAFFFFABRRRQAUUUUAFFFFABRRRQAUUUUAFFFFABRRRQAUUUUAFFFFABRRRQAUUUUAFFFFABRRRQAUUUUAFFFFABRRRQAUUUUAFFFFABRRRQAUUUUAFFFFABRRRQAUUUUAFFFFABRRRQAUUUUAFFFFABRRRQAUUUUAFFFFABRRRQAUUUUAFFFFABRRRQAUUUUAFFFFABRRRQAUUUUAFFFFABRRRQBw/xg/wCSWaz/ANsP/R8dfKxr6p+MH/JLNZ/7Yf8Ao+OvlY0AMNRNUpqJqAInqBqneoGoAiNMNPNMNADTRQaKACiiigAooooAK+/6+AK+/wCgAooooAKKKKACiiigAooooAKKKKACiiigAooooAKKKKACiiigAooooAKKKKACiiigAooooAKKKKACiiigAooooAKKKKACiiigAooooAKKKKACiiigAooooAKKKKACiiigAooooAKKKKACiiigAooooAKKKKACiiigAooooAKKKKACiiigAooooAKKKKACiiigAooooAKKKKACiiigAooooAKKKKACiiigAooooAKKKKACiiigAooooAKKKKACiiigAooooAKKKKACiiigAooooAKKKKACiiigAooooAKKKKAOH+MH/JLNZ/7Yf+j46+VjX1T8YP8Aklms/wDbD/0fHXysaAGGomqU1E1AET1A1TvUDUARGmGnmmGgBpooNFABRRRQAUUUUAFff9fAFff9ABRRRQAUUUUAFFFFABRRRQAUUUUAFFFFABRRRQAUUUUAFFFFABRRRQAUUUUAFFFFABRRRQAUUUUAFFFFABRRRQAUUUUAFFFFABRRRQAUUUUAFFFFABRRRQAUUUUAFFFFABRRRQAUUUUAFFFFABRRRQAUUUUAFFFFABRRRQAUUUUAFFFFABRRRQAUUUUAFFFFABRRRQAUUUUAFFFFABRRRQAUUUUAFFFFABRRRQAUUUUAFFFFABRRRQAUUUUAFFFFABRRRQAUUUUAFFFFABRRRQAUUUUAFFFFABRRRQAUUUUAcP8AGD/klms/9sP/AEfHXysa+qfjB/ySzWf+2H/o+OvlY0AMNRNUpqJqAInqBqneoGoAiNMNPNMNADTRQaKACiiigAooooAK+/6+AK+/6ACiiigAooooAKKKKACiiigAooooAKKKKACiiigAooooAKKKKACiiigAooooAKKKKACiiigAooooAKKKKACiiigAooooAKKKKACiiigAooooAKKKKACiiigAooooAKKKKACiiigAooooAKKKKACiiigAooooAKKKKACiiigAooooAKKKKACiiigAooooAKKKKACiiigAooooAKKKKACiiigAooooAKKKKACiiigAooooAKKKKACiiigAooooAKKKKACiiigAooooAKKKKACiiigAooooAKKKKACiiigAooooA4f4wf8AJLNZ/wC2H/o+OvlY19U/GD/klms/9sP/AEfHXyqaAGmomqQ1G1AET1A1TPULUARNTDT2phoAaaKDRQAUUUUAFFFFABX3/XwBX3/QAUUUUAFFFFABRRRQAUUUUAFFFFABRRRQAUUUUAFFFFABRRRQAUUUUAFFFFABRRRQAUUUUAFFFFABRRRQAUUUUAFFFFABRRRQAUUUUAFFFFABRRRQAUUUUAFFFFABRRRQAUUUUAFFFFABRRRQAUUUUAFFFFABRRRQAUUUUAFFFFABRRRQAUUUUAFFFFABRRRQAUUUUAFFFFABRRRQAUUUUAFFFFABRRRQAUUUUAFFFFABRRRQAUUUUAFFFFABRRRQAUUUUAFFFFABRRRQAUUUUAFFFFABRRRQAUUUUAFFFFAHD/GD/klms/8AbD/0fHXyoTX1V8Yf+SV61/2w/wDR8dfKZNAAajanE1GxoAjeoWqVjULUARtTDTzTDQA00UUUAFFFFABRRRQAV9/18AV9/wBABRRRQAUUUUAFFFFABRRRQAUUUUAFFFFABRRRQAUUUUAFFFFABRRRQAUUUUAFFFFABRRRQAUUUUAFFFFABRRRQAUUUUAFFFFABRRRQAUUUUAFFFFABRRRQAUUUUAFFFFABRRRQAUUUUAFFFFABRRRQAUUUUAFFFFABRRRQAUUUUAFFFFABRRRQAUUUUAFFFFABRRRQAUUUUAFFFFABRRRQAUUUUAFFFFABRRRQAUUUUAFFFFABRRRQAUUUUAFFFFABRRRQAUUUUAFFFFABRRRQAUUUUAFFFFABRRRQAUUUUAcL8Y/+SVa1/2w/wDR8dfKJNfVvxkOPhRrX/bD/wBHx18nFqAHE0xjSFqYWoARjUTGnMajJoAaaYacTTaAEooooAKKKKACiiigAr0D/hdvxD/6GH/ySt//AI3Xn9FAHoH/AAu34h/9DD/5JW//AMbpw+NnxC/6GD/ySt//AI3XntLQB6GPjX8Qv+hg/wDJO3/+N04fGr4g/wDQwf8Aknb/APxFeeA04GgD0IfGn4gf9B//AMk4P/iKX/hdPxA/6D//AJJwf/EV57ml3UAehf8AC6fH/wD0H/8AyTg/+Io/4XR4/wD+g/8A+ScH/wARXn26jdQB6D/wujx//wBB/wD8k4P/AIij/hdHj/8A6D//AJJwf/EV59uo3UAeg/8AC6PH/wD0H/8AyTg/+Io/4XR4/wD+g/8A+ScH/wARXn26jdQB6D/wujx//wBB/wD8k4P/AIij/hdHj/8A6D//AJJwf/EV59uo3UAeg/8AC6PH/wD0H/8AyTg/+Io/4XR4/wD+g/8A+ScH/wARXn26jdQB6D/wujx//wBB/wD8k4P/AIij/hdHj/8A6D//AJJwf/EV59uo3UAeg/8AC6PH/wD0H/8AyTg/+Io/4XR4/wD+g/8A+ScH/wARXn26jdQB6D/wujx//wBB/wD8k4P/AIij/hdHj/8A6D//AJJwf/EV59uo3UAeg/8AC6PH/wD0H/8AyTg/+Io/4XR4/wD+g/8A+ScH/wARXn26jdQB6D/wujx//wBB/wD8k4P/AIij/hdHj/8A6D//AJJwf/EV59uo3UAeg/8AC6PH/wD0H/8AyTg/+Io/4XR4/wD+g/8A+ScH/wARXn26jdQB6D/wujx//wBB/wD8k4P/AIij/hdHj/8A6D//AJJwf/EV59uo3UAeg/8AC6PH/wD0H/8AyTg/+Io/4XR4/wD+g/8A+ScH/wARXn26jdQB6D/wujx//wBB/wD8k4P/AIij/hdHj/8A6D//AJJwf/EV59uo3UAeg/8AC6PH/wD0H/8AyTg/+Io/4XR4/wD+g/8A+ScH/wARXn26jdQB6D/wujx//wBB/wD8k4P/AIij/hdHj/8A6D//AJJwf/EV59uo3UAeg/8AC6PH/wD0H/8AyTg/+Io/4XR4/wD+g/8A+ScH/wARXn26jdQB6D/wujx//wBB/wD8k4P/AIij/hdHj/8A6D//AJJwf/EV59uo3UAeg/8AC6PH/wD0H/8AyTg/+Io/4XR4/wD+g/8A+ScH/wARXn26jdQB6D/wujx//wBB/wD8k4P/AIij/hdHj/8A6D//AJJwf/EV59uo3UAeg/8AC6PH/wD0H/8AyTg/+Io/4XR4/wD+g/8A+ScH/wARXn26jdQB6D/wujx//wBB/wD8k4P/AIij/hdHj/8A6D//AJJwf/EV59uo3UAeg/8AC6PH/wD0H/8AyTg/+Io/4XR4/wD+g/8A+ScH/wARXn26jdQB6D/wujx//wBB/wD8k4P/AIij/hdHj/8A6D//AJJwf/EV59uo3UAeg/8AC6PH/wD0H/8AyTg/+Io/4XR4/wD+g/8A+ScH/wARXn26jdQB6D/wujx//wBB/wD8k4P/AIij/hdHj/8A6D//AJJwf/EV59uo3UAeg/8AC6PH/wD0H/8AyTg/+Io/4XR4/wD+g/8A+ScH/wARXn26jdQB6D/wujx//wBB/wD8k4P/AIij/hdHj/8A6D//AJJwf/EV59uo3UAeg/8AC6PH/wD0H/8AyTg/+Io/4XR4/wD+g/8A+ScH/wARXn26jdQB6D/wujx//wBB/wD8k4P/AIij/hdHj/8A6D//AJJwf/EV59uo3UAeg/8AC6PH/wD0H/8AyTg/+Io/4XR4/wD+g/8A+ScH/wARXn26jdQB6D/wujx//wBB/wD8k4P/AIij/hdHj/8A6D//AJJwf/EV59uo3UAeg/8AC6PH/wD0H/8AyTg/+Io/4XR4/wD+g/8A+ScH/wARXn26jdQB6D/wujx//wBB/wD8k4P/AIij/hdHj/8A6D//AJJwf/EV59uo3UAeg/8AC6PH/wD0H/8AyTg/+Io/4XR4/wD+g/8A+ScH/wARXn26jdQB6D/wujx//wBB/wD8k4P/AIij/hdHj/8A6D//AJJwf/EV59uo3UAeg/8AC6PH/wD0H/8AyTg/+Io/4XR4/wD+g/8A+ScH/wARXn26jdQB6D/wujx//wBB/wD8k4P/AIij/hdHj/8A6D//AJJwf/EV59uo3UAeg/8AC6PH/wD0H/8AyTg/+Io/4XR4/wD+g/8A+ScH/wARXn26jdQB6D/wujx//wBB/wD8k4P/AIij/hdHj/8A6D//AJJwf/EV59uo3UAeg/8AC6PH/wD0H/8AyTg/+Io/4XR4/wD+g/8A+ScH/wARXn26jdQB6D/wujx//wBB/wD8k4P/AIij/hdHj/8A6D//AJJwf/EV59uo3UAeg/8AC6PH/wD0H/8AyTg/+Io/4XR4/wD+g/8A+ScH/wARXn26jdQB6D/wujx//wBB/wD8k4P/AIij/hdHj/8A6D//AJJwf/EV59uo3UAeg/8AC6PH/wD0H/8AyTg/+Io/4XR4/wD+g/8A+ScH/wARXn26jdQB6D/wujx//wBB/wD8k4P/AIij/hdHj/8A6D//AJJwf/EV59uo3UAeg/8AC6PH/wD0H/8AyTg/+Io/4XR4/wD+g/8A+ScH/wARXn26jdQB6D/wujx//wBB/wD8k4P/AIij/hdHj/8A6D//AJJwf/EV59uo3UAeg/8AC6PH/wD0H/8AyTg/+Io/4XR4/wD+g/8A+ScH/wARXn26jdQB6D/wujx//wBB/wD8k4P/AIij/hdHj/8A6D//AJJwf/EV59uo3UAeg/8AC6PH/wD0H/8AyTg/+Io/4XR4/wD+g/8A+ScH/wARXn26jdQB6D/wujx//wBB/wD8k4P/AIij/hdHj/8A6D//AJJwf/EV59uo3UAeg/8AC6PH/wD0H/8AyTg/+Io/4XR4/wD+g/8A+ScH/wARXn26jdQB2WtfE/xf4h0mfS9U1f7RZT7fMi+zQpu2sGHKoCOQD1rkt1RbqTdQBKWppambqQmgBSaYTQTTSaAAmkNFJQAUUUUAFFFFABRRRQAUUUUAFFFFAC0uabS5oAdmlzTKKAH5ozTKKAH5ozTM0ZoAfmjNMzRmgB+aM0zNGaAH5ozTM0ZoAfmjNMzRmgB+aM0zNGaAH5ozTM0ZoAfmjNMzRmgB+aM0zNGaAH5ozTM0ZoAfmjNMzRmgB+aM0zNGaAH5ozTM0ZoAfmjNMzRmgB+aM0zNGaAH5ozTM0ZoAfmjNMzRmgB+aM0zNGaAH5ozTM0ZoAfmjNMzRmgB+aM0zNGaAH5ozTM0ZoAfmjNMzRmgB+aM0zNGaAH5ozTM0ZoAfmjNMzRmgB+aM0zNGaAH5ozTM0ZoAfmjNMzRmgB+aM0zNGaAH5ozTM0ZoAfmjNMzRmgB+aM0zNGaAH5ozTM0ZoAfmjNMzRmgB+aM0zNGaAH5ozTM0ZoAfmjNMzRmgB+aM0zNGaAH5ozTM0ZoAfmjNMzRmgB+aM0zNGaAH5ozTM0ZoAfmjNMzRmgB+aM0zNGaAH5ozTM0ZoAfmjNMzRmgB+aM0zNGaAH5ozTM0ZoAfmjNMzRmgB+aM0zNGaAH5ozTM0ZoAfmjNMooAdmjNNooAXNJSZooAKKKKACiiigAooooAKKKKACiiigAooooAKKKKACiiigAooooAKKKKACiiigAooooAKKKKACiiigAooooAKKKKACiiigAooooAKKKKACiiigAooooAKKKKACiiigAooooAKKKKACiiigAooooAKKKKACiiigAooooAKKKKACiiigAooooAKKKKACiiigAooooAKKKKACiiigAooooAKKKKACiiigAooooAKKKKACiiigAooooAKKKKACiiigAooooAKKKKACiiigAooooAKKKKACiiigAooooAKKKKACiiigAooooAKKKKACiiigAooooAKKKKACiiigAooooAKKKKACiiigAooooAKKKKACiiigAooooAKKKKACiiigAooooAKKKKACiiigAooooAKKKKACiiigAooooAKKKKACiiigAooooAKKKKACiiigAooooAKKKKACiiigAooooAKKKKACiiigAooooAKKKKACiiigAooooAKKKKACiiigAooooAKKKKACiiigAooooAKKKKACiiigAooooAKKKKACiiigAooooAKKKKACiiigAooooAKKKKACiiigAooooAKKKKACiiigAooooAKKKKACiiigAooooAKKKKACiiigAooooAKKKKACiiigAooooAKKKKACiiigAooooAKKKKACiiigAooooAKKKKACiiigD/9kNCmVuZHN0cmVhbQ1lbmRvYmoNMTM4IDAgb2JqDTw8L0JpdHNQZXJDb21wb25lbnQgOCAvQ29sb3JTcGFjZSAvRGV2aWNlR3JheSAvRmlsdGVyIC9GbGF0ZURlY29kZSAvSGVpZ2h0IDM0MiAvTGVuZ3RoIDM1OTUgL01hdHRlIFswIDAgMF0gL1N1YnR5cGUgL0ltYWdlIC9UeXBlIC9YT2JqZWN0IC9XaWR0aCAxMDYyPj4NCnN0cmVhbQ0KeJzt3Hl300YXwGF2whqWshQoUAqFshTe7//h+lqjGWlGVi4Ex3aMnud/OE7Omd+5d6T4wgUAAAAAAAAAAAAAAAAAAAAAAAAAADjfLgLnxr570Nj3LwOICATwAxQC+L7z2YhLwE6cv05IApx7e+2EPMDh2EcnFAIOzW478b1CXAb27nul2E8j9v1bAdbtoRPzjQg+4xVgJ34sFVvPxFwjRAHOpxNKsd1OrDdCH+CcmwnFFjOxFon5QFwF9m4+FdvOxAmNkAc4v9ZCMe3ENiPRJqL+WNeAvZtLRd2JbWRiLhKTQqx/0OvADgWxqDqxrUzMbRtVI4QBzptpKqaZuHTGmThpkKgTUX++I2BvZlox24kzzcQJkRgTcXIdbgA7cXItxlBsLxPrkWgaMQnEvn9XQNWMKhR1J844EydGYkjENA83gT2axmIIxdYyEURiSMRaHm4Be7EWiyEUQSa2EIlxkBgSsV6H28COrddiCEUzTpxtJpp9o4lE34ihEHNtuAPszFwvhlIMnZhk4gx2jigSVSOqPrSf+y6wE7PFKKEYOrGNTHwvEnUi5sJwDOzEXDLaUMSZ2E4k0hyRE1H1ofnk94CdmElGKUUfijRObCETVSXqSFzvI5EakRMx9qH63PeBnVlLRilFH4p+nEiXE20mNqvE9yPRNyIXYpqGB8AOTYORS1E6sZ1MtPtGG4mhEX0ixj6UT/wQ2LG2F7kUKRSlE9NMVDvHGYwS/ctU5d6yj0TXiD4RQx/6D/sbsBdVLnIpUii6TuRMHPWZuDJmYoNhYmbf6CeJvG0MjciFGPPwqPYY2KrmwI2xyKUYO5G3jutDJtqdY6NIXBojca1EogwSXSP6Qgx5GD77E2Bn2mjkVKRQdJ3I40TOxLUxExvtHNN942rZN3IkxkakRAx96D/xU2Dnql70qUihGDrRZ6LsHFenO8epI/EfcHB+/32oRV+KLhS5E3OZ2GyY2PdPC5zes2fPfu/kVHShGDqRMnHr1s0bN6obzI2GiX3/tMDpPe8861uRQjF0os3EcDXRXGCqBPz6/nixkkuRQpE7UTLRPemodo7JMKES8Ot7+UdnKMXQidU4kTPRXU3UO8cGlbi4758WOL1Xr16uDKXInSiZGHeOMxkmVAIO0OvXr1+VUpROpHGiXzomw8TVzYYJlYAD9Oeff/aheJUmijJOpGkiVeK4ucCs7i9VApbhzZs3Qyj6eWLViSYT1TDRrBynr8RFlYAD9Ndfb6pQpE6UTNTDRPOY42dXDpWAQ/T27V8lFF0nhkw8HTMxDBPV/aVKwGK8e/u2hKLrxGqcKJmoKjEME5utHCoBh+jvd+/elU50e0fOxLM2E7OVuKQSsAR/r6RQ5E4MmZhUYvqUQyVgKd6/fz92YsjEiyET48qhErBMH96XTvTjRJeJly9nhol65fi5SlxUCThEH1ZSJ/pxYjVNdE86ys7Rrhz59cufvb5UCThI//zzz9iJnIm0c+RhQiVg6T62mSg7R3czUV9M1G9MqAQsysePQyeGTKSdIw0TzcXE2vWlSsASfPqYOlEyUXaOl+sXE931pUrA8nz69KmME30mxmEiXUxEDzlUApbg86fUiZKJbucoNxPPn81cX6oELM3nz5+HTFTDRF45JteX9Tvap39hQiXgIH0ZM1ENE69fv3w5Xl+2DzlUApblS5uJNEyU+8vh+vL4uHpHO3+rnUrAQnxpMtENE2/f/jWtRPMoVCVgWf4tmSjDRF45huvL7z0KVQn4xf3bZmJYOVQC6P2bM9HtHGXlyE858kOO77wwoRLwi/uaMlGGiXblUAmgVOLLdOWoKvFb/FqVSsAv7mudiWHlGCqRXphQCViyr1/LztGvHHUlXqgEMFSiy0S5mOjemOgfhdYvX6oELNO3lIl65ciVeK0SQOdbs3LU15d9JZ6USty5rRKwSF0lvjYXE8NDDpUAVr59m1bi/Xol7t9TCVisb10mysqhEsCaoBIv0x9yqAQs3FolPqgEUPvWXkyoBDChEkBMJYCYSgCx3VXiokrAQfpf9ZBj/EOOqhKPZ74e96e+al8l4DCpBBBTCSCmEkBMJYCYSgAxlQBiKgHEVAKIqQQQUwkgphJATCWAmEoAMZUAYioBxFQCiKkEEFMJIKYSQEwlgJhKADGVAGIqAcRUAoipBBBTCSCmEkBMJYCYSgAxlQBiKgHEVAKIqQQQUwkgphJATCWAmEoAMZUAYioBxFQCiKkEEFMJIKYSQEwlgJhKADGVAGIqAcRUAoipBBBTCSCmEkBMJYCYSgAxlQBiKgHEVAKIqQQQUwkgphJATCWAmEoAMZUAYioBxFQCiKkEEFMJIKYSQEwlgJhKADGVAGIqAcRUAoipBBBTCSCmEkBMJYCYSgAxlQBiKgHEVAKIqQQQUwkgphJATCWAmEoAMZUAYioBxFQCiKkEEFMJIKYSQEwlgJhKADGVAGIqAcRUAoipBBBTCSCmEkBMJYCYSgAxlQBiKgHEVAKIqQQQUwkgphJATCWAmEoAMZUAYioBxFQCiKkEEFMJIKYSQEwlgJhKADGVAGIqAcRUAoipBBBTCSCmEkBMJYCYSgAxlQBiKgHEVAKIqQQQUwkgphJATCWAmEoAMZUAYioBxFQCiKkEENtdJS6oBBykFImvKRKpEh+mlXiUKnH3TqrE0dH1a6kSl1MlThUJlYDDpBJATCWAmEoAMZUAYtUjjs+fPqoEMLVWifcqAdSCSvzx4vnvKgGL115LqAQw1UWircTf65XoXr1UCViofpQYHnFUlXipEsB/pRJf6kq8e7uqxOtcicelErdvqQQsUhklmgehXSVeqQTQaRaO9kHoHy+e9ZW4rxKwYNUo0S8cVSWeqwTwXx2J5vKyr8STVSUeqAQsWdk38sLRXUtMKjF+CY1KwBKNo0S1cAwvaKsEkCMxWTje/JkecUy+0O5m+kI7lYBlaSPRLBwqAayUSORRIr8tMTwIzX/G0X457tWf+nJclYDD1ERiXDjaShwf31EJWKo2EsPC8fplurysXr3c+Iv2VQIO0xiJtG+MTzj+eNG+LtH8sZdKwHJ0jciRGEeJ6vJyfBA6/1KVSsCvLjViiEQZJYZrickjDpWA5ekake4kciTGu8vn00ccsw9CVQJ+dWWQ6CNRjxLD5WX7IFQlYGGGRoyR6EeJ9EVV7eVlrsQVlYAlaSOR941h4Vi7vBwehKoELMWHsRElEt0osX4tsXklLqgEHKIuEatG9INE2TfGUSJ6xHHK1yVUAg5TaUSKxJsUif5W4ll9LTF7eakSsAh/j40YIzEzSqgELFWfiNKIMRLRwqESsCRdIvpGdINEicRklJivxGkvL1UCDlJJRGpEurjMkWhGifZaovpbL5WAX15JRGrEGIlqlKgWjvVriVNV4oJKwAGqEtE3YojE2iix6cKhEnCQhkSkRqRBoo3E7BMOlYDlKFNEP0f0kXj69EnaN6ajxPBtdj+5cKgEHKJSiLER6eJyFYm8b9RvZ689Bz1lJS7s+6cFTi8Foi/E0IghEtNRYrO7S5WAg9QFIhdilYjSiH7daN+VOINRQiXgAD3PhegTURoxRKK5uqzvLlUClqLvQyrEKhFjIyaRmB8lVAIWoO9DF4hVIVaJGBvRR6LZN8ZbiZ+sxIX+n3X/weo/WjVn9X9eu3b9+tHRjZs3b92+fefu3ePje/fu33/w4OHDh7/9tvo8jx53niRPgZ3rT186iI9yIkojZiOx2ShRV2LIxLWUiRs5E1Un+lD0qehbMfYC2IXh4D3qA5ETMTYiR6K6lNh0lJgMEyUT10smbuVMpE50oehKkVKRY1E8BraqOXD9GXzYF2KViNSIPhK3SiSqS4mNRolSiWrnuFJ2jqM+E2MnulCkUqRUlFgAu9afwAe5EKtEDI3oI3FU3Vy2+8ZPVWJu58jTRMlE6kQORSpFbsWQC2B3yunrz+K9kojUiBKJ62uXEhuMEtNhYpKJsRM5FKkUpRV1L4BdGM9efxaPSyKGRqxFYuNR4kcykTvRhSKVorRiEgxg26qj15/Fu30i+kZsKxJ1JZpM9A9EcydKKFIpSiuO15IBbFFz8PqzeGdMRGpEfgQ6icSmlYgzkcaJIRR9KUor7s4kA9ia5uDlw3h7SEQ/SGwlEqUSJ2eiDcXYirlkAFvTnrx8HMdEfC8SG1QizETdiRSKsRVzxQC2qTl8+UDebBqxnUi0O0ebidyJFIq+FEMr1noB7EB1APORvJETkRsxjcTm+8aJmRjHidSJPhRDKtpaADs0nsJ8LI9yI8ZB4swj0e4ck0ykTvShKKVoYgHs3ngWj4ZEVIPEeiQ2rsTJmUid6EORS9HEAtiX4UBeHxLRNWJbkZjLRNuJHIoqFZoBO7Z++sq5vLbWiLOPxImZSJ3IoRhKMV8LYFfqs3htTERqxNYiMc3EtBMlFJNWAPsznsqrs40460iMmVgbJ3InmlRIBuzD+hkcjueVkwaJs4vEfCZyJ6pSzMYC2LX6TJZzennLkVjLRO7EEIo2FcB5MJ7Py5fnto2zjUSViUknqlCIBZwP7am8fEIjzjoSM5kYOrGWCuB8qA7ppe1Hos7E0Ik6FFoB50h7Ni+tN2IbkTihE9NSyAbsQXAMq8O69Ua0mag7EacC2JP2lF7cRSTCTqgFnBdzZ3NXjZh2Yr4UwPnSntptN2K9E0oB59n0vO6iEXOdEAs4d2aP6a4acWInhAP25MdO5C4b8eOdAM6LXTdCKeCQ7KcQUgEHYc+BaO37lwGM9t0DAAAAAAAAAAAAAAAAAAAAAAAAAPg/CNTAqQ0KZW5kc3RyZWFtDWVuZG9iag0xMzcgMCBvYmoNPDwvQml0c1BlckNvbXBvbmVudCA4IC9Db2xvclNwYWNlIC9EZXZpY2VSR0IgL0ZpbHRlciAvRENURGVjb2RlIC9IZWlnaHQgMzQyIC9MZW5ndGggMTA0OTAgL1NNYXNrIDEzOCAwIFIgL1N1YnR5cGUgL0ltYWdlIC9UeXBlIC9YT2JqZWN0IC9XaWR0aCAxMDYyPj4NCnN0cmVhbQ0K/9j/4AAQSkZJRgABAQAAAQABAAD/2wBDAAgGBgcGBQgHBwcJCQgKDBQNDAsLDBkSEw8UHRofHh0aHBwgJC4nICIsIxwcKDcpLDAxNDQ0Hyc5PTgyPC4zNDL/2wBDAQkJCQwLDBgNDRgyIRwhMjIyMjIyMjIyMjIyMjIyMjIyMjIyMjIyMjIyMjIyMjIyMjIyMjIyMjIyMjIyMjIyMjL/wAARCAFWBCYDASIAAhEBAxEB/8QAHwAAAQUBAQEBAQEAAAAAAAAAAAECAwQFBgcICQoL/8QAtRAAAgEDAwIEAwUFBAQAAAF9AQIDAAQRBRIhMUEGE1FhByJxFDKBkaEII0KxwRVS0fAkM2JyggkKFhcYGRolJicoKSo0NTY3ODk6Q0RFRkdISUpTVFVWV1hZWmNkZWZnaGlqc3R1dnd4eXqDhIWGh4iJipKTlJWWl5iZmqKjpKWmp6ipqrKztLW2t7i5usLDxMXGx8jJytLT1NXW19jZ2uHi4+Tl5ufo6erx8vP09fb3+Pn6/8QAHwEAAwEBAQEBAQEBAQAAAAAAAAECAwQFBgcICQoL/8QAtREAAgECBAQDBAcFBAQAAQJ3AAECAxEEBSExBhJBUQdhcRMiMoEIFEKRobHBCSMzUvAVYnLRChYkNOEl8RcYGRomJygpKjU2Nzg5OkNERUZHSElKU1RVVldYWVpjZGVmZ2hpanN0dXZ3eHl6goOEhYaHiImKkpOUlZaXmJmaoqOkpaanqKmqsrO0tba3uLm6wsPExcbHyMnK0tPU1dbX2Nna4uPk5ebn6Onq8vP09fb3+Pn6/9oADAMBAAIRAxEAPwD5/ooooAKKKKACiiigAooooAKKKKACiiigAooooAKKKKACiiigAooooAKKKKACiiigAooooAKKKKACiiigAooooAKKKKACiiigAooooAKKKKACiiigAooooAKKKKACiiigAooooAKKKKACiiigAooooAKKKKACiiigAooooAKKKKACiiigAooooAKKKKACiiigAooooAKKKKACiiigAooooAKKKKACiiigAooooAKKKKACiiigAooooAKKKKACiiigAooooAKKKKACiiigAooooAKKKKACiiigAooooAKKKKACiiigAooooAKKKKACiiigAooooAKKKKACiiigAooooAKKKKACiiigAooooAKKKKACiiigAooooAKKKMUAFFLiigBKKWigBKKWigBKKWigBKKWigBKKWigBKKWigBKKWigBKKWigBKKWigBKKWigBKKWigBKKWigBKKWigBKKWigBKKWigBKKWigBKKWigBKKWigBKKWigBKKWigBKKWigBKKWigBKKWigBKKWigBKKWigBKKWigBKKWigBKKWigBKKWigBKKWigBKKWigBKKWigBKKWigBKKWigBKKWigBKKWigBKKWigBKKWigBKKWigBKKWigBKKWigBKKWigBKKWigBKKWigBKKWigBKKWigBKKWigBKKWigBKKWigBKKWigBKKWigBKKWigBKKWigBKKWigBKKWigBKKWigBKKWigBKKXFJigAooooAKKKKACiiigAooooAKKKKACiiigAoopaAClxQBTgKAG4pcU/FLtoAjxS4p+2jbQAzFGKk20baAI8UYqTbRtoAjxRipNtG2gCPFGKk20baAI8UYqTbRtoAjxRipNtG2gCPFGKk20baAI8UYqTbRtoAjxRipNtG2gCPFGKk20baAI8UYqTbRtoAjxRipNtG2gCPFGKk20baAI8UYqTbRtoAjxRipNtG2gCPFGKk20baAI8UYqTbRtoAjxRipNtG2gCPFGKk20baAI8UYqTbRtoAjxRipNtG2gCPFGKk20baAI8UYqTbRtoAjxRipNtG2gCPFGKk20baAI8UYqTbRtoAjxRipNtG2gCPFGKk20baAI8UYqTbRtoAjxRipNtG2gCPFGKk20baAI8UYqTbRtoAjxRipNtG2gCPFGKk20baAI8UYqTbRtoAjxRipNtG2gCPFGKk20baAI8UYqTbRtoAjxRipNtG2gCPFGKk20baAI8UYqTbRtoAjxRipNtG2gCPFGKk20baAI8UYqTbRtoAjxRipNtG2gCPFGKk20baAI8UYqTbRtoAjxRipNtG2gCPFGKk20baAI8UYqTbRtoAjxRipNtG2gCPFGKk20baAI8UYqTbRtoAjxRipNtG2gCPFGKk20m2gCPFGKk20baAIsUYqTFNIoAZSU4ikoASiiigAooooAKKKKACiiigArcg8F+Krq3iuLfw1rM0EqB45I7CVldSMgghcEEc5rDr7f8Cf8k88Nf9gq1/8ARS0AfIP/AAgni/8A6FTXP/BdL/8AE0o8CeL/APoVdc/8F0v/AMTX27RQB8SDwJ4v/wChV1z/AMF8v/xNOHgXxd/0K2t/+C+X/wCJr7ZooA+KB4F8W/8AQra3/wCC+X/4mnf8IL4t/wChW1v/AMF8v/xNfatFAHxV/wAIL4t/6FbW/wDwXy//ABNL/wAIL4t/6FfW/wDwXy//ABNfalFAHxX/AMIL4t/6FfW//BfL/wDE0f8ACC+Lf+hX1v8A8F8v/wATX2pRQB8V/wDCC+Lf+hX1v/wXy/8AxNH/AAgvi3/oV9b/APBfL/8AE19qUUAfFf8Awgvi3/oV9b/8F8v/AMTR/wAIL4t/6FfW/wDwXy//ABNfalFAHxX/AMIL4t/6FfW//BfL/wDE0f8ACC+Lf+hX1v8A8F8v/wATX2pRQB8V/wDCC+Lf+hX1v/wXy/8AxNH/AAgvi3/oV9b/APBfL/8AE19qUUAfFf8Awgvi3/oV9b/8F8v/AMTR/wAIL4t/6FfW/wDwXy//ABNfalFAHxX/AMIL4t/6FfW//BfL/wDE0f8ACC+Lf+hX1v8A8F8v/wATX2pRQB8V/wDCC+Lf+hX1v/wXy/8AxNH/AAgvi3/oV9b/APBfL/8AE19qUUAfFf8Awgvi3/oV9b/8F8v/AMTR/wAIL4t/6FfW/wDwXy//ABNfalFAHxX/AMIL4t/6FfW//BfL/wDE0f8ACC+Lf+hX1v8A8F8v/wATX2pRQB8V/wDCC+Lf+hX1v/wXy/8AxNH/AAgvi3/oV9b/APBfL/8AE19qUUAfFf8Awgvi3/oV9b/8F8v/AMTR/wAIL4t/6FfW/wDwXy//ABNfalFAHxX/AMIL4t/6FfW//BfL/wDE0f8ACC+Lf+hX1v8A8F8v/wATX2pRQB8V/wDCC+Lf+hX1v/wXy/8AxNH/AAgvi3/oV9b/APBfL/8AE19qUUAfFf8Awgvi3/oV9b/8F8v/AMTR/wAIL4t/6FfW/wDwXy//ABNfalFAHxX/AMIL4t/6FfW//BfL/wDE0f8ACC+Lf+hX1v8A8F8v/wATX2pRQB8V/wDCC+Lf+hX1v/wXy/8AxNH/AAgvi3/oV9b/APBfL/8AE19qUUAfFf8Awgvi3/oV9b/8F8v/AMTR/wAIL4t/6FfW/wDwXy//ABNfalFAHxX/AMIL4t/6FfW//BfL/wDE0f8ACC+Lf+hX1v8A8F8v/wATX2pRQB8V/wDCC+Lf+hX1v/wXy/8AxNH/AAgvi3/oV9b/APBfL/8AE19qUUAfFf8Awgvi3/oV9b/8F8v/AMTR/wAIL4t/6FfW/wDwXy//ABNfalFAHxX/AMIL4t/6FfW//BfL/wDE0f8ACC+Lf+hX1v8A8F8v/wATX2pRQB8V/wDCC+Lf+hX1v/wXy/8AxNH/AAgvi3/oV9b/APBfL/8AE19qUUAfFf8Awgvi3/oV9b/8F8v/AMTR/wAIL4t/6FfW/wDwXy//ABNfalFAHxX/AMIL4t/6FfW//BfL/wDE0f8ACC+Lf+hX1v8A8F8v/wATX2pRQB8V/wDCC+Lf+hX1v/wXy/8AxNH/AAgvi3/oV9b/APBfL/8AE19qUUAfFf8Awgvi3/oV9b/8F8v/AMTR/wAIL4t/6FfW/wDwXy//ABNfalFAHxX/AMIL4t/6FfW//BfL/wDE0f8ACC+Lf+hX1v8A8F8v/wATX2pRQB8V/wDCC+Lf+hX1v/wXy/8AxNH/AAgvi3/oV9b/APBfL/8AE19qUUAfFf8Awgvi3/oV9b/8F8v/AMTR/wAIL4t/6FfW/wDwXy//ABNfalFAHxX/AMIL4t/6FfW//BfL/wDE0f8ACC+Lf+hX1v8A8F8v/wATX2pRQB8V/wDCC+Lf+hX1v/wXy/8AxNH/AAgvi3/oV9b/APBfL/8AE19qUUAfFf8Awgvi3/oV9b/8F8v/AMTR/wAIL4t/6FfW/wDwXy//ABNfalFAHxX/AMIL4t/6FfW//BfL/wDE0f8ACC+Lf+hX1v8A8F8v/wATX2pRQB8V/wDCC+Lf+hX1v/wXy/8AxNH/AAgvi3/oV9b/APBfL/8AE19qUUAfFf8Awgvi3/oV9b/8F8v/AMTR/wAIL4t/6FfW/wDwXy//ABNfalFAHxX/AMIL4t/6FfW//BfL/wDE0f8ACC+Lf+hX1v8A8F8v/wATX2pRQB8V/wDCC+Lf+hX1v/wXy/8AxNH/AAgvi3/oV9b/APBfL/8AE19qUUAfFf8Awgvi3/oV9b/8F8v/AMTR/wAIL4t/6FfW/wDwXy//ABNfalFAHxX/AMIL4t/6FfW//BfL/wDE0f8ACC+Lf+hX1v8A8F8v/wATX2pRQB8V/wDCC+Lf+hX1v/wXy/8AxNH/AAgvi3/oV9b/APBfL/8AE19qUUAfFf8Awgvi3/oV9b/8F8v/AMTR/wAIL4t/6FfW/wDwXy//ABNfalFAHxX/AMIL4t/6FfW//BfL/wDE0f8ACC+Lf+hX1v8A8F8v/wATX2pRQB8V/wDCC+Lf+hX1v/wXy/8AxNH/AAgvi3/oV9b/APBfL/8AE19qUUAfFf8Awgvi3/oV9b/8F8v/AMTR/wAIL4t/6FfW/wDwXy//ABNfalFAHxX/AMIL4t/6FfW//BfL/wDE0f8ACC+Lf+hX1v8A8F8v/wATX2pRQB8V/wDCC+Lf+hX1v/wXy/8AxNH/AAgvi3/oV9b/APBfL/8AE19qUUAfFf8Awgvi3/oV9b/8F8v/AMTR/wAIL4t/6FfW/wDwXy//ABNfalFAHxX/AMIL4t/6FfW//BfL/wDE0f8ACC+Lf+hX1v8A8F8v/wATX2pRQB8V/wDCC+Lf+hX1v/wXy/8AxNH/AAgvi3/oV9b/APBfL/8AE19qUUAfFf8Awgvi3/oV9b/8F8v/AMTR/wAIL4t/6FfW/wDwXy//ABNfalFAHxX/AMIL4t/6FfW//BfL/wDE0f8ACC+Lf+hX1v8A8F8v/wATX2pRQB8V/wDCC+Lf+hX1v/wXy/8AxNH/AAgvi3/oV9b/APBfL/8AE19qUUAfFf8Awgvi3/oV9b/8F8v/AMTR/wAIL4t/6FfW/wDwXy//ABNfalFAHxX/AMIL4t/6FfW//BfL/wDE0f8ACC+Lf+hX1v8A8F8v/wATX2pRQB8IT201rcSW9xE8U0TFJI5FKsjA4IIPIIPaottdL43X/ivvEf8A2FLn/wBGtWAVoAgK00rU5WmEUAQEUwipWFMIoAZSU402gAooooAKKKKACiiigAr7f8Cf8k88Nf8AYKtf/RS18QV9v+BP+SeeGv8AsFWv/opaAOgooooAKKKKACiiigAooooAKKKKACiiigAooooAKKKKACiiigAooooAKKKKACiiigAooooAKKKKACiiigAooooAKKKKACiiigAooooAKKKKACiiigAooooAKKKKACiiigAooooAKKKKACiiigAooooAKKKKACiiigAooooAKKKKACiiigAooooAKKKKACiiigAooooAKKKKACiiigAooooAKKKKACiiigAooooAKKKKACiiigAooooAKKKKACiiigAooooAKKKKACiiigAooooAKKKKACiiigAooooAKKKKACiiigAooooAKKKKAPjTxsP+K88Rf9hO5/8ARrVgkV0PjUf8V34h/wCwnc/+jWrBIoAhIqNhU5FRMKAIGFRGpmqI0ARmkNONNNACUUUUAFFFFABRRRQAV9v+BP8Aknnhr/sFWv8A6KWviCvt/wACf8k88Nf9gq1/9FLQB0FFFFABRRRQAUUUUAFFFFABRRRQAUUUUAFFFFABRRRQAUUUUAFFFFABRRRQAUUUUAFFFFABRRRQAUUUUAFFFFABRRRQAUUUUAFFFFABRRRQAUUUUAFFFFABRRRQAUUUUAFFFFABRRRQAUUUUAFFFFABRRRQAUUUUAFFFFABRRRQAUUUUAFFFFABRRRQAUUUUAFFFFABRRRQAUUUUAFFFFABRRRQAUUUUAFFFFABRRRQAUUUUAFFFFABRRRQAUUUUAFFFFABRRRQAUUUUAFFFFABRRRQAUUUUAFFFFABRRRQAUUUUAFFFFABRRRQB8c+Nf8Ake/EP/YTuf8A0a1YJFb/AI1/5HvxD/2E7n/0a1YJoAiNRNUzVE1AEDVE1StUTUARmm0402gBKKKKACiiigAooooAK+3/AAJ/yTzw1/2CrX/0UtfEFfb/AIE/5J54a/7BVr/6KWgDoKKKKACiiigAooooAKKKKACiiigAooooAKKKKACiiigAooooAKKKKACiiigAooooAKKKKACiiigAooooAKKKKACiiigAooooAKKKKACiiigAooooAKKKKACiiigAooooAKKKKACiiigAooooAKKKKACiiigAooooAKKKKACiiigAooooAKKKKACiiigAooooAKKKKACiiigAooooAKKKKACiiigAooooAKKKKACiiigAooooAKKKKACiiigAooooAKKKKACiiigAooooAKKKKACiiigAooooAKKKKACiiigAooooAKKKKACiiigD468a/wDI9eIf+wnc/wDo1qwTW941/wCR68Q/9hO5/wDRrVgmgCNqiapWqJqAIGqJqlaomoAjNNpxptACUUUUAFFFFABRRRQAV9v+BP8Aknnhr/sFWv8A6KWviCvt/wACf8k88Nf9gq1/9FLQB0FFFFABRRRQAUUUUAFFFFABRRRQAUUUUAFFFFABRRRQAUUUUAFFFFABRRRQAUUUUAFFFFABRRRQAUUUUAFFFFABRRRQAUUUUAFFFFABRRRQAUUUUAFFFFABRRRQAUUUUAFFFFABRRRQAUUUUAFFFFABRRRQAUUUUAFFFFABRRRQAUUUUAFFFFABRRRQAUUUUAFFFFABRRRQAUUUUAFFFFABRRRQAUUUUAFFFFABRRRQAUUUUAFFFFABRRRQAUUUUAFFFFABRRRQAUUUUAFFFFABRRRQAUUUUAFFFFABRRRQAUUUUAFFFFABRRRQB8deNf8AkevEP/YTuf8A0a1YJre8a/8AI9eIf+wnc/8Ao1qwTQBG1RNUrVE1AEDVE1StUTUARmm0402gBKKKKACiiigAooooAK+3/An/ACTzw1/2CrX/ANFLXxBX2/4E/wCSeeGv+wVa/wDopaAOgooooAKKKKACiiigAooooAKKKKACiiigAooooAKKKKACiiigAooooAKKKKACiiigAooooAKKKKACiiigAooooAKKKKACiiigAooooAKKKKACiiigAooooAKKKKACiiigAooooAKKKKACiiigAooooAKKKKACiiigAooooAKKKKACiiigAooooAKKKKACiiigAooooAKKKKACiiigAooooAKKKKACiiigAooooAKKKKACiiigAooooAKKKKACiiigAooooAKKKKACiiigAooooAKKKKACiiigAooooAKKKKACiiigAooooAKKKKAPjrxr/wAj14h/7Cdz/wCjWrBNb3jX/kevEP8A2E7n/wBGtWCaAI2qJqlaomoAgaomqVqiagCM02nGm0AJRRRQAUUUUAFFFFABX2/4E/5J54a/7BVr/wCilr4gr7f8Cf8AJPPDX/YKtf8A0UtAHQUUUUAFFFFABRRRQAUUUUAFFFFABRRRQAUUUUAFFFFABRRRQAUUUUAFFFFABRRRQAUUUUAFFFFABRRRQAUUUUAFFFFABRRRQAUUUUAFFFFABRRRQAUUUUAFFFFABRRRQAUUUUAFFFFABRRRQAUUUUAFFFFABRRRQAUUUUAFFFFABRRRQAUUUUAFFFFABRRRQAUUUUAFFFFABRRRQAUUUUAFFFFABRRRQAUUUUAFFFFABRRRQAUUUUAFFFFABRRRQAUUUUAFFFFABRRRQAUUUUAFFFFABRRRQAUUUUAFFFFABRRRQAUUUUAFFFFAHx141/5HrxD/ANhO5/8ARrVgmt7xr/yPXiH/ALCdz/6NasE0ARtUTVK1RNQBA1RNUrVE1AEZptONNoASiiigAooooAKKKKACvt/wJ/yTzw1/2CrX/wBFLXxBX2/4E/5J54a/7BVr/wCiloA6CiiigAooooAKKKKACiiigAooooAKKKKACiiigAooooAKKKKACiiigAooooAKKKKACiiigAooooAKKKKACiiigAooooAKKKKACiiigAooooAKKKKACiiigAooooAKKKKACiiigAooooAKKKKACiiigAooooAKKKKACiiigAooooAKKKKACiiigAooooAKKKKACiiigAooooAKKKKACiiigAooooAKKKKACiiigAooooAKKKKACiiigAooooAKKKKACiiigAooooAKKKKACiiigAooooAKKKKACiiigAooooAKKKKACiiigAooooA+OvGv/I9eIf8AsJ3P/o1qwTW941/5HrxD/wBhO5/9GtWCaAI2qJqlaomoAgaomqVqiagCM02nGm0AJRRRQAUUUUAFFFFABX2/4E/5J54a/wCwVa/+ilr4gr7f8Cf8k88Nf9gq1/8ARS0AdBRRRQAUUUUAFFFFABRRRQAUUUUAFFFFABRRRQAUUUUAFFFFABRRRQAUUUUAFFFFABRRRQAUUUUAFFFFABRRRQAUUUUAFFFFABRRRQAUUUUAFFFFABRRRQAUUUUAFFFFABRRRQAUUUUAFFFFABRRRQAUUUUAFFFFABRRRQAUUUUAFFFFABRRRQAUUUUAFFFFABRRRQAUUUUAFFFFABRRRQAUUUUAFFFFABRRRQAUUUUAFFFFABRRRQAUUUUAFFFFABRRRQAUUUUAFFFFABRRRQAUUUUAFFFFABRRRQAUUUUAFFFFABRRRQAUUUUAfHXjX/kevEP/AGE7n/0a1YJre8a/8j14h/7Cdz/6NasE0ARtUTVK1RNQBA1RNUrVE1AEZptONNoASiiigAooooAKKKKACvt/wJ/yTzw1/wBgq1/9FLXxBX2/4E/5J54a/wCwVa/+iloA6CiiigAooooAKKKKACiiigAooooAKKKKACiiigAooooAKKKKACiiigAooooAKKKKACiiigAooooAKKKKACiiigAooooAKKKKACiiigAooooAKKKKACiiigAooooAKKKKACiiigAooooAKKKKACiiigAooooAKKKKACiiigAooooAKKKKACiiigAooooAKKKKACiiigAooooAKKKKACiiigAooooAKKKKACiiigAooooAKKKKACiiigAooooAKKKKACiiigAooooAKKKKACiiigAooooAKKKKACiiigAooooAKKKKACiiigAooooA+OvGv/I9eIf+wnc/+jWrBNb3jX/kevEP/YTuf/RrVgmgCNqiapWqJqAIGqJqlaomoAjNNpxptACUUUUAFFFFABRRRQAV9v8AgT/knnhr/sFWv/opa+IK+3/An/JPPDX/AGCrX/0UtAHQUUUUAFFFFABRRRQAUUUUAFFFFABRRRQAUUUUAFFFFABRRRQAUUUUAFFFFABRRRQAUUUUAFFFFABRRRQAUUUUAFFFFABRRRQAUUUUAFFFFABRRRQAUUUUAFFFFABRRRQAUUUUAFFFFABRRRQAUUUUAFFFFABRRRQAUUUUAFFFFABRRRQAUUUUAFFFFABRRRQAUUUUAFFFFABRRRQAUUUUAFFFFABRRRQAUUUUAFFFFABRRRQAUUUUAFFFFABRRRQAUUUUAFFFFABRRRQAUUUUAFFFFABRRRQAUUUUAFFFFABRRRQAUUUUAFFFFAHx141/5HrxD/2E7n/0a1YJre8a/wDI9eIf+wnc/wDo1qwTQBG1RNUrVE1AEDVE1StUTUARmm0402gBKKKKACiiigAooooAK+3/AAJ/yTzw1/2CrX/0UtfEFfb/AIE/5J54a/7BVr/6KWgDoKKKKACiiigAooooAKKKKACiiigAooooAKKKKACiiigAooooAKKKKACiiigAooooAKKKKACiiigAooooAKKKKACiiigAooooAKKKKACiiigAooooAKKKKACiiigAooooAKKKKACiiigAooooAKKKKACiiigAooooAKKKKACiiigAooooAKKKKACiiigAooooAKKKKACiiigAooooAKKKKACiiigAooooAKKKKACiiigAooooAKKKKACiiigAooooAKKKKACiiigAooooAKKKKACiiigAooooAKKKKACiiigAooooAKKKKACiiigD468a/wDI9eIf+wnc/wDo1qwTW941/wCR68Q/9hO5/wDRrVgmgCNqiapWqJqAIGqJqlaomoAjNNpxptACUUUUAFFFFABRRRQAV9v+BP8Aknnhr/sFWv8A6KWviCvt/wACf8k88Nf9gq1/9FLQB0FFFFABRRRQAUUUUAFFFFABRRRQAUUUUAFFFFABRRRQAUUUUAFFFFABRRRQAUUUUAFFFFABRRRQAUUUUAFFFFABRRRQAUUUUAFFFFABRRRQAUUUUAFFFFABRRRQAUUUUAFFFFABRRRQAUUUUAFFFFABRRRQAUUUUAFFFFABRRRQAUUUUAFFFFABRRRQAUUUUAFFFFABRRRQAUUUUAFFFFABRRRQAUUUUAFFFFABRRRQAUUUUAFFFFABRRRQAUUUUAFFFFABRRRQAUUUUAFFFFABRRRQAUUUUAFFFFABRRRQAUUUUAFFFFABRRRQB8deNf8AkevEP/YTuf8A0a1YJre8a/8AI9+If+wnc/8Ao1qwTQBG1RNUrVE1AEDVE1StUTUARmm0402gBKKKKACiiigAooooAK+3/An/ACTzw1/2CrX/ANFLXxBX2/4E/wCSeeGv+wVa/wDopaAOgooooAKKKKACiiigAooooAKKKKACiiigAooooAKKKKACiiigAooooAKKKKACiiigAooooAKKKKACiiigAooooAKKKKACiiigAooooAKKKKACiiigAooooAKKKKACiiigAooooAKKKKACiiigAooooAKKKKACiiigAooooAKKKKACiiigAooooAKKKKACiiigAooooAKKKKACiiigAooooAKKKKACiiigAooooAKKKKACiiigAooooAKKKKACiiigAooooAKKKKACiiigAooooAKKKKACiiigAooooAKKKKACiiigAooooAKKKKAPjnxqf+K78Q/9hO5/9GtWATW741P/ABXniL/sJ3P/AKNasAmgBCaiank1GxoAiaomqRqiNADDTacaaaAEooooAKKKKACiiigAr7f8Cf8AJPPDX/YKtf8A0UtfEFfb/gT/AJJ54a/7BVr/AOiloA6CiiigAooooAKKKKACiiigAooooAKKKKACiiigAooooAKKKKACiiigAooooAKKKKACiiigAooooAKKKKACiiigAooooAKKKKACiiigAooooAKKKKACiiigAooooAKKKKACiiigAooooAKKKKACiiigAooooAKKKKACiiigAooooAKKKKACiiigAooooAKKKKACiiigAooooAKKKKACiiigAooooAKKKKACiiigAooooAKKKKACiiigAooooAKKKKACiiigAooooAKKKKACiiigAooooAKKKKACiiigAooooAKKKKACiiigAooooA+NPGx/4rzxF/2E7n/0a1YBNbfjdv8AivvEf/YUuf8A0a1YBagBxNRMaC1MJoAaxqM04mmE0ANNIaDSUAFFFFABRRRQAUUUUAFFFFAC0oNNpaAHg08GogacDQBKGp26oc0uaAJt1G6ot1G6gCXdRuqLdRuoAl3Ubqi3UbqAJd1G6ot1G6gCXdRuqLdRuoAl3Ubqi3UbqAJd1G6ot1G6gCXdRuqLdRuoAl3Ubqi3UbqAJd1G6ot1G6gCXdRuqLdRuoAl3Ubqi3UbqAJd1G6ot1G6gCXdRuqLdRuoAl3Ubqi3UbqAJd1G6ot1G6gCXdRuqLdRuoAl3Ubqi3UbqAJd1G6ot1G6gCXdRuqLdRuoAl3Ubqi3UbqAJd1G6ot1G6gCXdRuqLdRuoAl3Ubqi3UbqAJd1G6ot1G6gCXdRuqLdRuoAl3Ubqi3UbqAJd1G6ot1G6gCXdRuqLdRuoAl3Ubqi3UbqAJd1G6ot1G6gCXdRuqLdRuoAl3Ubqi3UbqAJd1G6ot1G6gCXdRuqLdRuoAl3Ubqi3UbqAJd1G6ot1G6gCXdRuqLdRuoAl3Ubqi3UbqAJd1G6ot1G6gCXdRuqLdRuoAl3Ubqi3UbqAJd1G6ot1G6gCXdRuqLdRuoAl3Ubqi3UbqAJd1G6ot1G6gCXdRuqLdRuoAl3Ubqi3UbqAJd1G6ot1G6gCXdRuqLdRuoAl3Ubqi3UbqAJd1G6ot1G6gCXdRuqLdRuoAl3Ubqi3UbqAJd1G6ot1G6gCXdRuqLdRuoAl3Um6o91JmgB5amk03NITQAE00mgmkoAKSiigAooooAKKKKACiiigAooooAKKKKAFozSUUAOzS5puaKAHZozTaKAHZozTaKAHZozTaKAHZozTaKAHZozTaKAHZozTaKAHZozTaKAHZozTaKAHZozTaKAHZozTaKAHZozTaKAHZozTaKAHZozTaKAHZozTaKAHZozTaKAHZozTaKAHZozTaKAHZozTaKAHZozTaKAHZozTaKAHZozTaKAHZozTaKAHZozTaKAHZozTaKAHZozTaKAHZozTaKAHZozTaKAHZozTaKAHZozTaKAHZozTaKAHZozTaKAHZozTaKAHZozTaKAHZozTaKAHZozTaKAHZozTaKAHZozTaKAHZozTaKAHZozTaKAHZozTaKAHZozTaKAHZozTaKAHZozTaKAHZozTaKAHZozTaKAHZozTaKAHZozTaKAHZozTaKAHZozTaKAHZozTaKAHZozTaKAHZozTaKAHZozTaKAHZozTaKAHZozTaKAHZozTaKAHZozTaKAFzSZozSUALSUUUAFFFFABRRRQAUUUUAFFFFABRRRQAUUUUAFFFFABRRRQAUUUUAFFFFABRRRQAUUUUAFFFFABRRRQAUUUUAFFFFABRRRQAUUUUAFFFFABRRRQAUUUUAFFFFABRRRQAUUUUAFFFFABRRRQAUUUUAFFFFABRRRQAUUUUAFFFFABRRRQAUUUUAFFFFABRRRQAUUUUAFFFFABRRRQAUUUUAFFFFABRRRQAUUUUAFFFFABRRRQAUUUUAFFFFABRRRQAUUUUAFFFFABRRRQAUUUUAFFFFABRRRQAUUUUAFFFFABRRRQAUUUUAFFFFABRRRQAUUUUAFFFFABRRRQAUUUUAFFFFABRRRQAUUUUAFFFFABRRRQAUUUUAFFFFABRRRQAUUUUAFFFFABRRRQAUUUUAFFFFABRRRQAUUUUAFFFFABRRRQAUUUUAFFFFABRRRQAUUUUAFFFFABRRRQAUUUUAFFFFABRRRQAUUUUAFFFFABRRRQAUUUUAFFFFABRRRQAUUUUAFFFFABRRRQAUUUUAFFFFABRRRQAUUUUAFFFFABRRRQAUUUUAFFFFABRRRQAUUUUAFFFFABRRRQAUUUUAFFFFABRRRQAUUUUAFFFFABRRRQAUUUUAFFFFABRRRQAUUUUAFFFFABRRRQAUUUUAFFFFABRRRQAUUUUAFFFFABRRRQAUUUUAFFFFABRRRQAUUUUAFFFFABRRRQAUUUUAFFFFABRRRQB//9kNCmVuZHN0cmVhbQ1lbmRvYmoNMTQwIDAgb2JqDTw8L0JpdHNQZXJDb21wb25lbnQgOCAvQ29sb3JTcGFjZSAvRGV2aWNlR3JheSAvRmlsdGVyIC9GbGF0ZURlY29kZSAvSGVpZ2h0IDM0MiAvTGVuZ3RoIDM1OTQgL01hdHRlIFswIDAgMF0gL1N1YnR5cGUgL0ltYWdlIC9UeXBlIC9YT2JqZWN0IC9XaWR0aCAxMDYyPj4NCnN0cmVhbQ0KeJzt3Hl300YXwGF2whqWshQoUAqFshTe7//h+lqjGWlGVi4Ex3aMnud/OE7Omd+5d6T4wgUAAAAAAAAAAAAAAAAAAAAAAAAAADjfLgLnxr570Nj3LwOICATwAxQC+L7z2YhLwE6cv05IApx7e+2EPMDh2EcnFAIOzW478b1CXAb27nul2E8j9v1bAdbtoRPzjQg+4xVgJ34sFVvPxFwjRAHOpxNKsd1OrDdCH+CcmwnFFjOxFon5QFwF9m4+FdvOxAmNkAc4v9ZCMe3ENiPRJqL+WNeAvZtLRd2JbWRiLhKTQqx/0OvADgWxqDqxrUzMbRtVI4QBzptpKqaZuHTGmThpkKgTUX++I2BvZlox24kzzcQJkRgTcXIdbgA7cXItxlBsLxPrkWgaMQnEvn9XQNWMKhR1J844EydGYkjENA83gT2axmIIxdYyEURiSMRaHm4Be7EWiyEUQSa2EIlxkBgSsV6H28COrddiCEUzTpxtJpp9o4lE34ihEHNtuAPszFwvhlIMnZhk4gx2jigSVSOqPrSf+y6wE7PFKKEYOrGNTHwvEnUi5sJwDOzEXDLaUMSZ2E4k0hyRE1H1ofnk94CdmElGKUUfijRObCETVSXqSFzvI5EakRMx9qH63PeBnVlLRilFH4p+nEiXE20mNqvE9yPRNyIXYpqGB8AOTYORS1E6sZ1MtPtGG4mhEX0ixj6UT/wQ2LG2F7kUKRSlE9NMVDvHGYwS/ctU5d6yj0TXiD4RQx/6D/sbsBdVLnIpUii6TuRMHPWZuDJmYoNhYmbf6CeJvG0MjciFGPPwqPYY2KrmwI2xyKUYO5G3jutDJtqdY6NIXBojca1EogwSXSP6Qgx5GD77E2Bn2mjkVKRQdJ3I40TOxLUxExvtHNN942rZN3IkxkakRAx96D/xU2Dnql70qUihGDrRZ6LsHFenO8epI/EfcHB+/32oRV+KLhS5E3OZ2GyY2PdPC5zes2fPfu/kVHShGDqRMnHr1s0bN6obzI2GiX3/tMDpPe8861uRQjF0os3EcDXRXGCqBPz6/nixkkuRQpE7UTLRPemodo7JMKES8Ot7+UdnKMXQidU4kTPRXU3UO8cGlbi4758WOL1Xr16uDKXInSiZGHeOMxkmVAIO0OvXr1+VUpROpHGiXzomw8TVzYYJlYAD9Oeff/aheJUmijJOpGkiVeK4ucCs7i9VApbhzZs3Qyj6eWLViSYT1TDRrBynr8RFlYAD9Ndfb6pQpE6UTNTDRPOY42dXDpWAQ/T27V8lFF0nhkw8HTMxDBPV/aVKwGK8e/u2hKLrxGqcKJmoKjEME5utHCoBh+jvd+/elU50e0fOxLM2E7OVuKQSsAR/r6RQ5E4MmZhUYvqUQyVgKd6/fz92YsjEiyET48qhErBMH96XTvTjRJeJly9nhol65fi5SlxUCThEH1ZSJ/pxYjVNdE86ys7Rrhz59cufvb5UCThI//zzz9iJnIm0c+RhQiVg6T62mSg7R3czUV9M1G9MqAQsysePQyeGTKSdIw0TzcXE2vWlSsASfPqYOlEyUXaOl+sXE931pUrA8nz69KmME30mxmEiXUxEDzlUApbg86fUiZKJbucoNxPPn81cX6oELM3nz5+HTFTDRF45JteX9Tvap39hQiXgIH0ZM1ENE69fv3w5Xl+2DzlUApblS5uJNEyU+8vh+vL4uHpHO3+rnUrAQnxpMtENE2/f/jWtRPMoVCVgWf4tmSjDRF45huvL7z0KVQn4xf3bZmJYOVQC6P2bM9HtHGXlyE858kOO77wwoRLwi/uaMlGGiXblUAmgVOLLdOWoKvFb/FqVSsAv7mudiWHlGCqRXphQCViyr1/LztGvHHUlXqgEMFSiy0S5mOjemOgfhdYvX6oELNO3lIl65ciVeK0SQOdbs3LU15d9JZ6USty5rRKwSF0lvjYXE8NDDpUAVr59m1bi/Xol7t9TCVisb10mysqhEsCaoBIv0x9yqAQs3FolPqgEUPvWXkyoBDChEkBMJYCYSgCx3VXiokrAQfpf9ZBj/EOOqhKPZ74e96e+al8l4DCpBBBTCSCmEkBMJYCYSgAxlQBiKgHEVAKIqQQQUwkgphJATCWAmEoAMZUAYioBxFQCiKkEEFMJIKYSQEwlgJhKADGVAGIqAcRUAoipBBBTCSCmEkBMJYCYSgAxlQBiKgHEVAKIqQQQUwkgphJATCWAmEoAMZUAYioBxFQCiKkEEFMJIKYSQEwlgJhKADGVAGIqAcRUAoipBBBTCSCmEkBMJYCYSgAxlQBiKgHEVAKIqQQQUwkgphJATCWAmEoAMZUAYioBxFQCiKkEEFMJIKYSQEwlgJhKADGVAGIqAcRUAoipBBBTCSCmEkBMJYCYSgAxlQBiKgHEVAKIqQQQUwkgphJATCWAmEoAMZUAYioBxFQCiKkEEFMJIKYSQEwlgJhKADGVAGIqAcRUAoipBBBTCSCmEkBMJYCYSgAxlQBiKgHEVAKIqQQQUwkgphJATCWAmEoAMZUAYioBxFQCiKkEEFMJIKYSQEwlgJhKADGVAGIqAcRUAoipBBBTCSCmEkBMJYCYSgAxlQBiKgHEVAKIqQQQUwkgphJATCWAmEoAMZUAYioBxFQCiO2uEhdUAg5SisTXFIlUiQ/TSjxKlbh7J1Xi6Oj6tVSJy6kSp4qESsBhUgkgphJATCWAmEoAseoRx+dPH1UCmFqrxHuVAGpBJf548fx3lYDFa68lVAKY6iLRVuLv9Up0r16qBCxUP0oMjziqSrxUCeC/UokvdSXevV1V4nWuxONSidu3VAIWqYwSzYPQrhKvVALoNAtH+yD0jxfP+krcVwlYsGqU6BeOqhLPVQL4r45Ec3nZV+LJqhIPVAKWrOwbeeHoriUmlRi/hEYlYInGUaJaOIYXtFUCyJGYLBxv/kyPOCZfaHczfaGdSsCytJFoFg6VAFZKJPIokd+WGB6E5j/jaL8c9+pPfTmuSsBhaiIxLhxtJY6P76gELFUbiWHheP0yXV5Wr15u/EX7KgGHaYxE2jfGJxx/vGhfl2j+2EslYDm6RuRIjKNEdXk5Pgidf6lKJeBXlxoxRKKMEsO1xOQRh0rA8nSNSHcSORLj3eXz6SOO2QehKgG/ujJI9JGoR4nh8rJ9EKoSsDBDI8ZI9KNE+qKq9vIyV+KKSsCStJHI+8awcKxdXg4PQlUCluLD2IgSiW6UWL+W2LwSF1QCDlGXiFUj+kGi7BvjKBE94jjl6xIqAYepNCJF4k2KRH8r8ay+lpi9vFQJWIS/x0aMkZgZJVQClqpPRGnEGIlo4VAJWJIuEX0jukGiRGIySsxX4rSXlyoBB6kkIjUiXVzmSDSjRHstUf2tl0rAL68kIjVijEQ1SlQLx/q1xKkqcUEl4ABViegbMURibZTYdOFQCThIQyJSI9Ig0UZi9gmHSsBylCminyP6SDx9+iTtG9NRYvg2u59cOFQCDlEpxNiIdHG5ikTeN+q3s9eeg56yEhf2/dMCp5cC0RdiaMQQiekosdndpUrAQeoCkQuxSkRpRL9utO9KnMEooRJwgJ7nQvSJKI0YItFcXdZ3lyoBS9H3IRVilYixEZNIzI8SKgEL0PehC8SqEKtEjI3oI9HsG+OtxE9W4kL/z7r/YPUfrZqz+j+vXbt+/ejoxs2bt27fvnP37vHxvXv37z948PDhw99+W32eR487T5KnwM71py8dxEc5EaURs5HYbJSoKzFk4lrKxI2ciaoTfSj6VPStGHsB7MJw8B71gciJGBuRI1FdSmw6SkyGiZKJ6yUTt3ImUie6UHSlSKnIsSgeA1vVHLj+DD7sC7FKRGpEH4lbJRLVpcRGo0SpRLVzXCk7x1GfibETXShSKVIqSiyAXetP4INciFUihkb0kTiqbi7bfeOnKjG3c+RpomQidSKHIpUit2LIBbA75fT1Z/FeSURqRInE9bVLiQ1GiekwMcnE2IkcilSK0oq6F8AujGevP4vHJRFDI9YisfEo8SOZyJ3oQpFKUVoxCQawbdXR68/i3T4RfSO2FYm6Ek0m+geiuRMlFKkUpRXHa8kAtqg5eP1ZvDMmIjUiPwKdRGLTSsSZSOPEEIq+FKUVd2eSAWxNc/DyYbw9JKIfJLYSiVKJkzPRhmJsxVwygK1pT14+jmMivheJDSoRZqLuRArF2Iq5YgDb1By+fCBvNo3YTiTanaPNRO5ECkVfiqEVa70AdqA6gPlI3siJyI2YRmLzfePETIzjROpEH4ohFW0tgB0aT2E+lke5EeMgceaRaHeOSSZSJ/pQlFI0sQB2bzyLR0MiqkFiPRIbV+LkTKRO9KHIpWhiAezLcCCvD4noGrGtSMxlou1EDkWVCs2AHVs/feVcXltrxNlH4sRMpE7kUAylmK8FsCv1Wbw2JiI1YmuRmGZi2okSikkrgP0ZT+XV2UacdSTGTKyNE7kTTSokA/Zh/QwOx/PKSYPE2UViPhO5E1UpZmMB7Fp9Jss5vbzlSKxlIndiCEWbCuA8GM/n5ctz28bZRqLKxKQTVSjEAs6H9lRePqERZx2JmUwMnVhLBXA+VIf00vYjUWdi6EQdCq2Ac6Q9m5fWG7GNSJzQiWkpZAP2IDiG1WHdeiPaTNSdiFMB7El7Si/uIhJhJ9QCzou5s7mrRkw7MV8K4HxpT+22G7HeCaWA82x6XnfRiLlOiAWcO7PHdFeNOLETwgF78mMncpeN+PFOAOfFrhuhFHBI9lMIqYCDsOdAtPb9ywBG++4BAAAAAAAAAAAAAAAAAAAAAAAAAADE/g9LpAYdDQplbmRzdHJlYW0NZW5kb2JqDTEzOSAwIG9iag08PC9CaXRzUGVyQ29tcG9uZW50IDggL0NvbG9yU3BhY2UgL0RldmljZVJHQiAvRmlsdGVyIC9EQ1REZWNvZGUgL0hlaWdodCAzNDIgL0xlbmd0aCAxMjQ2OCAvU01hc2sgMTQwIDAgUiAvU3VidHlwZSAvSW1hZ2UgL1R5cGUgL1hPYmplY3QgL1dpZHRoIDEwNjI+Pg0Kc3RyZWFtDQr/2P/gABBKRklGAAEBAAABAAEAAP/bAEMACAYGBwYFCAcHBwkJCAoMFA0MCwsMGRITDxQdGh8eHRocHCAkLicgIiwjHBwoNyksMDE0NDQfJzk9ODI8LjM0Mv/bAEMBCQkJDAsMGA0NGDIhHCEyMjIyMjIyMjIyMjIyMjIyMjIyMjIyMjIyMjIyMjIyMjIyMjIyMjIyMjIyMjIyMjIyMv/AABEIAVYEJgMBIgACEQEDEQH/xAAfAAABBQEBAQEBAQAAAAAAAAAAAQIDBAUGBwgJCgv/xAC1EAACAQMDAgQDBQUEBAAAAX0BAgMABBEFEiExQQYTUWEHInEUMoGRoQgjQrHBFVLR8CQzYnKCCQoWFxgZGiUmJygpKjQ1Njc4OTpDREVGR0hJSlNUVVZXWFlaY2RlZmdoaWpzdHV2d3h5eoOEhYaHiImKkpOUlZaXmJmaoqOkpaanqKmqsrO0tba3uLm6wsPExcbHyMnK0tPU1dbX2Nna4eLj5OXm5+jp6vHy8/T19vf4+fr/xAAfAQADAQEBAQEBAQEBAAAAAAAAAQIDBAUGBwgJCgv/xAC1EQACAQIEBAMEBwUEBAABAncAAQIDEQQFITEGEkFRB2FxEyIygQgUQpGhscEJIzNS8BVictEKFiQ04SXxFxgZGiYnKCkqNTY3ODk6Q0RFRkdISUpTVFVWV1hZWmNkZWZnaGlqc3R1dnd4eXqCg4SFhoeIiYqSk5SVlpeYmZqio6Slpqeoqaqys7S1tre4ubrCw8TFxsfIycrS09TV1tfY2dri4+Tl5ufo6ery8/T19vf4+fr/2gAMAwEAAhEDEQA/APn+iiigAooooAKKKKACiiigAooooAKKKKACiiigAooooAKKKKACiiigAooooAKKKKACiiigAooooAKKKKACiiigAooooAKKKKACiiigAooooAKKKKACiiigAooooAKKKKACiiigAooooAKKKKACiiigAooooAKKKKACiiigAooooAKKKKACiiigAooooAKKKKACiiigAooooAKKKKACiiigAooooAKKKKACiiigAooooAKKKKACiiigAooooAKKKKACiiigAooooAKKKKACiiigAooooAKKKKACiiigAooooAKKKKACiiigAooooAKKKKACiiigAooooAKKKKACiiigAooooAKKKKACiiigAooooAKKKKACiiigAoooxQAUUuKKAEopaKAEopaKAEopaKAEopaKAEopaKAEopaKAEopaKAEopaKAEopaKAEopaKAEopaKAEopaKAEopaKAEopaKAEopaKAEopaKAEopaKAEopaKAEopaKAEopaKAEopaKAEopaKAEopaKAEopaKAEopaKAEopaKAEopaKAEopaKAEopaKAEopaKAEopaKAEopaKAEopaKAEopaKAEopaKAEopaKAEopaKAEopaKAEopaKAEopaKAEopaKAEopaKAEopaKAEopaKAEopaKAEopaKAEopaKAEopaKAEopaKAEopaKAEopaKAEopaKAEopaKAEopaKAEopaKAEopaKAEopaKAEopcUmKACiiigAooooAKKKKACiiigAooooAKKKKACiiloAKXFAFOAoAbilxT8Uu2gCPFLin7aNtADMUYqTbRtoAjxRipNtG2gCPFGKk20baAI8UYqTbRtoAjxRipNtG2gCPFGKk20baAI8UYqTbRtoAjxRipNtG2gCPFGKk20baAI8UYqTbRtoAjxRipNtG2gCPFGKk20baAI8UYqTbRtoAjxRipNtG2gCPFGKk20baAI8UYqTbRtoAjxRipNtG2gCPFGKk20baAI8UYqTbRtoAjxRipNtG2gCPFGKk20baAI8UYqTbRtoAjxRipNtG2gCPFGKk20baAI8UYqTbRtoAjxRipNtG2gCPFGKk20baAI8UYqTbRtoAjxRipNtG2gCPFGKk20baAI8UYqTbRtoAjxRipNtG2gCPFGKk20baAI8UYqTbRtoAjxRipNtG2gCPFGKk20baAI8UYqTbRtoAjxRipNtG2gCPFGKk20baAI8UYqTbRtoAjxRipNtG2gCPFGKk20baAI8UYqTbRtoAjxRipNtG2gCPFGKk20baAI8UYqTbRtoAjxRipNtG2gCPFGKk20baAI8UYqTbRtoAjxRipNtG2gCPFGKk20baAI8UYqTbRtoAjxRipNtG2gCPFGKk20baAI8UYqTbSbaAI8UYqTbRtoAixRipMU0igBlJTiKSgBKKKKACiiigAooooAKKKKACtyDwX4qureK4t/DWszQSoHjkjsJWV1IyCCFwQRzmsOvt/wJ/yTzw1/2CrX/wBFLQB8g/8ACCeL/wDoVNc/8F0v/wATSjwJ4v8A+hV1z/wXS/8AxNfbtFAHxIPAni//AKFXXP8AwXy//E04eBfF3/Qra3/4L5f/AImvtmigD4oHgXxb/wBCtrf/AIL5f/iad/wgvi3/AKFbW/8AwXy//E19q0UAfFX/AAgvi3/oVtb/APBfL/8AE0v/AAgvi3/oV9b/APBfL/8AE19qUUAfFf8Awgvi3/oV9b/8F8v/AMTR/wAIL4t/6FfW/wDwXy//ABNfalFAHxX/AMIL4t/6FfW//BfL/wDE0f8ACC+Lf+hX1v8A8F8v/wATX2pRQB8V/wDCC+Lf+hX1v/wXy/8AxNH/AAgvi3/oV9b/APBfL/8AE19qUUAfFf8Awgvi3/oV9b/8F8v/AMTR/wAIL4t/6FfW/wDwXy//ABNfalFAHxX/AMIL4t/6FfW//BfL/wDE0f8ACC+Lf+hX1v8A8F8v/wATX2pRQB8V/wDCC+Lf+hX1v/wXy/8AxNH/AAgvi3/oV9b/APBfL/8AE19qUUAfFf8Awgvi3/oV9b/8F8v/AMTR/wAIL4t/6FfW/wDwXy//ABNfalFAHxX/AMIL4t/6FfW//BfL/wDE0f8ACC+Lf+hX1v8A8F8v/wATX2pRQB8V/wDCC+Lf+hX1v/wXy/8AxNH/AAgvi3/oV9b/APBfL/8AE19qUUAfFf8Awgvi3/oV9b/8F8v/AMTR/wAIL4t/6FfW/wDwXy//ABNfalFAHxX/AMIL4t/6FfW//BfL/wDE0f8ACC+Lf+hX1v8A8F8v/wATX2pRQB8V/wDCC+Lf+hX1v/wXy/8AxNH/AAgvi3/oV9b/APBfL/8AE19qUUAfFf8Awgvi3/oV9b/8F8v/AMTR/wAIL4t/6FfW/wDwXy//ABNfalFAHxX/AMIL4t/6FfW//BfL/wDE0f8ACC+Lf+hX1v8A8F8v/wATX2pRQB8V/wDCC+Lf+hX1v/wXy/8AxNH/AAgvi3/oV9b/APBfL/8AE19qUUAfFf8Awgvi3/oV9b/8F8v/AMTR/wAIL4t/6FfW/wDwXy//ABNfalFAHxX/AMIL4t/6FfW//BfL/wDE0f8ACC+Lf+hX1v8A8F8v/wATX2pRQB8V/wDCC+Lf+hX1v/wXy/8AxNH/AAgvi3/oV9b/APBfL/8AE19qUUAfFf8Awgvi3/oV9b/8F8v/AMTR/wAIL4t/6FfW/wDwXy//ABNfalFAHxX/AMIL4t/6FfW//BfL/wDE0f8ACC+Lf+hX1v8A8F8v/wATX2pRQB8V/wDCC+Lf+hX1v/wXy/8AxNH/AAgvi3/oV9b/APBfL/8AE19qUUAfFf8Awgvi3/oV9b/8F8v/AMTR/wAIL4t/6FfW/wDwXy//ABNfalFAHxX/AMIL4t/6FfW//BfL/wDE0f8ACC+Lf+hX1v8A8F8v/wATX2pRQB8V/wDCC+Lf+hX1v/wXy/8AxNH/AAgvi3/oV9b/APBfL/8AE19qUUAfFf8Awgvi3/oV9b/8F8v/AMTR/wAIL4t/6FfW/wDwXy//ABNfalFAHxX/AMIL4t/6FfW//BfL/wDE0f8ACC+Lf+hX1v8A8F8v/wATX2pRQB8V/wDCC+Lf+hX1v/wXy/8AxNH/AAgvi3/oV9b/APBfL/8AE19qUUAfFf8Awgvi3/oV9b/8F8v/AMTR/wAIL4t/6FfW/wDwXy//ABNfalFAHxX/AMIL4t/6FfW//BfL/wDE0f8ACC+Lf+hX1v8A8F8v/wATX2pRQB8V/wDCC+Lf+hX1v/wXy/8AxNH/AAgvi3/oV9b/APBfL/8AE19qUUAfFf8Awgvi3/oV9b/8F8v/AMTR/wAIL4t/6FfW/wDwXy//ABNfalFAHxX/AMIL4t/6FfW//BfL/wDE0f8ACC+Lf+hX1v8A8F8v/wATX2pRQB8V/wDCC+Lf+hX1v/wXy/8AxNH/AAgvi3/oV9b/APBfL/8AE19qUUAfFf8Awgvi3/oV9b/8F8v/AMTR/wAIL4t/6FfW/wDwXy//ABNfalFAHxX/AMIL4t/6FfW//BfL/wDE0f8ACC+Lf+hX1v8A8F8v/wATX2pRQB8V/wDCC+Lf+hX1v/wXy/8AxNH/AAgvi3/oV9b/APBfL/8AE19qUUAfFf8Awgvi3/oV9b/8F8v/AMTR/wAIL4t/6FfW/wDwXy//ABNfalFAHxX/AMIL4t/6FfW//BfL/wDE0f8ACC+Lf+hX1v8A8F8v/wATX2pRQB8V/wDCC+Lf+hX1v/wXy/8AxNH/AAgvi3/oV9b/APBfL/8AE19qUUAfFf8Awgvi3/oV9b/8F8v/AMTR/wAIL4t/6FfW/wDwXy//ABNfalFAHxX/AMIL4t/6FfW//BfL/wDE0f8ACC+Lf+hX1v8A8F8v/wATX2pRQB8V/wDCC+Lf+hX1v/wXy/8AxNH/AAgvi3/oV9b/APBfL/8AE19qUUAfFf8Awgvi3/oV9b/8F8v/AMTR/wAIL4t/6FfW/wDwXy//ABNfalFAHxX/AMIL4t/6FfW//BfL/wDE0f8ACC+Lf+hX1v8A8F8v/wATX2pRQB8V/wDCC+Lf+hX1v/wXy/8AxNH/AAgvi3/oV9b/APBfL/8AE19qUUAfFf8Awgvi3/oV9b/8F8v/AMTR/wAIL4t/6FfW/wDwXy//ABNfalFAHxX/AMIL4t/6FfW//BfL/wDE0f8ACC+Lf+hX1v8A8F8v/wATX2pRQB8V/wDCC+Lf+hX1v/wXy/8AxNH/AAgvi3/oV9b/APBfL/8AE19qUUAfFf8Awgvi3/oV9b/8F8v/AMTR/wAIL4t/6FfW/wDwXy//ABNfalFAHxX/AMIL4t/6FfW//BfL/wDE0f8ACC+Lf+hX1v8A8F8v/wATX2pRQB8V/wDCC+Lf+hX1v/wXy/8AxNH/AAgvi3/oV9b/APBfL/8AE19qUUAfFf8Awgvi3/oV9b/8F8v/AMTR/wAIL4t/6FfW/wDwXy//ABNfalFAHxX/AMIL4t/6FfW//BfL/wDE0f8ACC+Lf+hX1v8A8F8v/wATX2pRQB8V/wDCC+Lf+hX1v/wXy/8AxNH/AAgvi3/oV9b/APBfL/8AE19qUUAfFf8Awgvi3/oV9b/8F8v/AMTR/wAIL4t/6FfW/wDwXy//ABNfalFAHwhPbTWtxJb3ETxTRMUkjkUqyMDggg8gg9qi210vjdf+K+8R/wDYUuf/AEa1YBWgCArTStTlaYRQBARTCKlYUwigBlJTjTaACiiigAooooAKKKKACvt/wJ/yTzw1/wBgq1/9FLXxBX2/4E/5J54a/wCwVa/+iloA6CiiigAooooAKKKKACiiigAooooAKKKKACiiigAooooAKKKKACiiigAooooAKKKKACiiigAooooAKKKKACiiigAooooAKKKKACiiigAooooAKKKKACiiigAooooAKKKKACiiigAooooAKKKKACiiigAooooAKKKKACiiigAooooAKKKKACiiigAooooAKKKKACiiigAooooAKKKKACiiigAooooAKKKKACiiigAooooAKKKKACiiigAooooAKKKKACiiigAooooAKKKKACiiigAooooAKKKKACiiigAooooAKKKKACiiigAooooA+NPGw/4rzxF/2E7n/wBGtWCRXQ+NR/xXfiH/ALCdz/6NasEigCEio2FTkVEwoAgYVEamaojQBGaQ04000AJRRRQAUUUUAFFFFABX2/4E/wCSeeGv+wVa/wDopa+IK+3/AAJ/yTzw1/2CrX/0UtAHQUUUUAFFFFABRRRQAUUUUAFFFFABRRRQAUUUUAFFFFABRRRQAUUUUAFFFFABRRRQAUUUUAFFFFABRRRQAUUUUAFFFFABRRRQAUUUUAFFFFABRRRQAUUUUAFFFFABRRRQAUUUUAFFFFABRRRQAUUUUAFFFFABRRRQAUUUUAFFFFABRRRQAUUUUAFFFFABRRRQAUUUUAFFFFABRRRQAUUUUAFFFFABRRRQAUUUUAFFFFABRRRQAUUUUAFFFFABRRRQAUUUUAFFFFABRRRQAUUUUAFFFFABRRRQAUUUUAFFFFABRRRQAUUUUAFFFFAHxz41/wCR78Q/9hO5/wDRrVgkVv8AjX/ke/EP/YTuf/RrVgmgCI1E1TNUTUAQNUTVK1RNQBGabTjTaAEooooAKKKKACiiigAr7f8AAn/JPPDX/YKtf/RS18QV9v8AgT/knnhr/sFWv/opaAOgooooAKKKKACiiigAooooAKKKKACiiigAooooAKKKKACiiigAooooAKKKKACiiigAooooAKKKKACiiigAooooAKKKKACiiigAooooAKKKKACiiigAooooAKKKKACiiigAooooAKKKKACiiigAooooAKKKKACiiigAooooAKKKKACiiigAooooAKKKKACiiigAooooAKKKKACiiigAooooAKKKKACiiigAooooAKKKKACiiigAooooAKKKKACiiigAooooAKKKKACiiigAooooAKKKKACiiigAooooAKKKKACiiigAooooAKKKKAPjrxr/AMj14h/7Cdz/AOjWrBNb3jX/AJHrxD/2E7n/ANGtWCaAI2qJqlaomoAgaomqVqiagCM02nGm0AJRRRQAUUUUAFFFFABX2/4E/wCSeeGv+wVa/wDopa+IK+3/AAJ/yTzw1/2CrX/0UtAHQUUUUAFFFFABRRRQAUUUUAFFFFABRRRQAUUUUAFFFFABRRRQAUUUUAFFFFABRRRQAUUUUAFFFFABRRRQAUUUUAFFFFABRRRQAUUUUAFFFFABRRRQAUUUUAFFFFABRRRQAUUUUAFFFFABRRRQAUUUUAFFFFABRRRQAUUUUAFFFFABRRRQAUUUUAFFFFABRRRQAUUUUAFFFFABRRRQAUUUUAFFFFABRRRQAUUUUAFFFFABRRRQAUUUUAFFFFABRRRQAUUUUAFFFFABRRRQAUUUUAFFFFABRRRQAUUUUAFFFFABRRRQAUUUUAFFFFAHx141/wCR68Q/9hO5/wDRrVgmt7xr/wAj14h/7Cdz/wCjWrBNAEbVE1StUTUAQNUTVK1RNQBGabTjTaAEooooAKKKKACiiigAr7f8Cf8AJPPDX/YKtf8A0UtfEFfb/gT/AJJ54a/7BVr/AOiloA6CiiigAooooAKKKKACiiigAooooAKKKKACiiigAooooAKKKKACiiigAooooAKKKKACiiigAooooAKKKKACiiigAooooAKKKKACiiigAooooAKKKKACiiigAooooAKKKKACiiigAooooAKKKKACiiigAooooAKKKKACiiigAooooAKKKKACiiigAooooAKKKKACiiigAooooAKKKKACiiigAooooAKKKKACiiigAooooAKKKKACiiigAooooAKKKKACiiigAooooAKKKKACiiigAooooAKKKKACiiigAooooAKKKKACiiigAooooA+OvGv/ACPXiH/sJ3P/AKNasE1veNf+R68Q/wDYTuf/AEa1YJoAjaomqVqiagCBqiapWqJqAIzTacabQAlFFFABRRRQAUUUUAFfb/gT/knnhr/sFWv/AKKWviCvt/wJ/wAk88Nf9gq1/wDRS0AdBRRRQAUUUUAFFFFABRRRQAUUUUAFFFFABRRRQAUUUUAFFFFABRRRQAUUUUAFFFFABRRRQAUUUUAFFFFABRRRQAUUUUAFFFFABRRRQAUUUUAFFFFABRRRQAUUUUAFFFFABRRRQAUUUUAFFFFABRRRQAUUUUAFFFFABRRRQAUUUUAFFFFABRRRQAUUUUAFFFFABRRRQAUUUUAFFFFABRRRQAUUUUAFFFFABRRRQAUUUUAFFFFABRRRQAUUUUAFFFFABRRRQAUUUUAFFFFABRRRQAUUUUAFFFFABRRRQAUUUUAFFFFABRRRQAUUUUAfHXjX/kevEP8A2E7n/wBGtWCa3vGv/I9eIf8AsJ3P/o1qwTQBG1RNUrVE1AEDVE1StUTUARmm0402gBKKKKACiiigAooooAK+3/An/JPPDX/YKtf/AEUtfEFfb/gT/knnhr/sFWv/AKKWgDoKKKKACiiigAooooAKKKKACiiigAooooAKKKKACiiigAooooAKKKKACiiigAooooAKKKKACiiigAooooAKKKKACiiigAooooAKKKKACiiigAooooAKKKKACiiigAooooAKKKKACiiigAooooAKKKKACiiigAooooAKKKKACiiigAooooAKKKKACiiigAooooAKKKKACiiigAooooAKKKKACiiigAooooAKKKKACiiigAooooAKKKKACiiigAooooAKKKKACiiigAooooAKKKKACiiigAooooAKKKKACiiigAooooAKKKKACiiigD468a/8j14h/wCwnc/+jWrBNb3jX/kevEP/AGE7n/0a1YJoAjaomqVqiagCBqiapWqJqAIzTacabQAlFFFABRRRQAUUUUAFfb/gT/knnhr/ALBVr/6KWviCvt/wJ/yTzw1/2CrX/wBFLQB0FFFFABRRRQAUUUUAFFFFABRRRQAUUUUAFFFFABRRRQAUUUUAFFFFABRRRQAUUUUAFFFFABRRRQAUUUUAFFFFABRRRQAUUUUAFFFFABRRRQAUUUUAFFFFABRRRQAUUUUAFFFFABRRRQAUUUUAFFFFABRRRQAUUUUAFFFFABRRRQAUUUUAFFFFABRRRQAUUUUAFFFFABRRRQAUUUUAFFFFABRRRQAUUUUAFFFFABRRRQAUUUUAFFFFABRRRQAUUUUAFFFFABRRRQAUUUUAFFFFABRRRQAUUUUAFFFFABRRRQAUUUUAFFFFABRRRQB8deNf+R68Q/8AYTuf/RrVgmt7xr/yPXiH/sJ3P/o1qwTQBG1RNUrVE1AEDVE1StUTUARmm0402gBKKKKACiiigAooooAK+3/An/JPPDX/AGCrX/0UtfEFfb/gT/knnhr/ALBVr/6KWgDoKKKKACiiigAooooAKKKKACiiigAooooAKKKKACiiigAooooAKKKKACiiigAooooAKKKKACiiigAooooAKKKKACiiigAooooAKKKKACiiigAooooAKKKKACiiigAooooAKKKKACiiigAooooAKKKKACiiigAooooAKKKKACiiigAooooAKKKKACiiigAooooAKKKKACiiigAooooAKKKKACiiigAooooAKKKKACiiigAooooAKKKKACiiigAooooAKKKKACiiigAooooAKKKKACiiigAooooAKKKKACiiigAooooAKKKKACiiigD468a/8j14h/7Cdz/6NasE1veNf+R68Q/9hO5/9GtWCaAI2qJqlaomoAgaomqVqiagCM02nGm0AJRRRQAUUUUAFFFFABX2/wCBP+SeeGv+wVa/+ilr4gr7f8Cf8k88Nf8AYKtf/RS0AdBRRRQAUUUUAFFFFABRRRQAUUUUAFFFFABRRRQAUUUUAFFFFABRRRQAUUUUAFFFFABRRRQAUUUUAFFFFABRRRQAUUUUAFFFFABRRRQAUUUUAFFFFABRRRQAUUUUAFFFFABRRRQAUUUUAFFFFABRRRQAUUUUAFFFFABRRRQAUUUUAFFFFABRRRQAUUUUAFFFFABRRRQAUUUUAFFFFABRRRQAUUUUAFFFFABRRRQAUUUUAFFFFABRRRQAUUUUAFFFFABRRRQAUUUUAFFFFABRRRQAUUUUAFFFFABRRRQAUUUUAFFFFABRRRQAUUUUAfHXjX/kevEP/YTuf/RrVgmt7xr/AMj14h/7Cdz/AOjWrBNAEbVE1StUTUAQNUTVK1RNQBGabTjTaAEooooAKKKKACiiigAr7f8AAn/JPPDX/YKtf/RS18QV9v8AgT/knnhr/sFWv/opaAOgooooAKKKKACiiigAooooAKKKKACiiigAooooAKKKKACiiigAooooAKKKKACiiigAooooAKKKKACiiigAooooAKKKKACiiigAooooAKKKKACiiigAooooAKKKKACiiigAooooAKKKKACiiigAooooAKKKKACiiigAooooAKKKKACiiigAooooAKKKKACiiigAooooAKKKKACiiigAooooAKKKKACiiigAooooAKKKKACiiigAooooAKKKKACiiigAooooAKKKKACiiigAooooAKKKKACiiigAooooAKKKKACiiigAooooAKKKKAPjrxr/AMj14h/7Cdz/AOjWrBNb3jX/AJHrxD/2E7n/ANGtWCaAI2qJqlaomoAgaomqVqiagCM02nGm0AJRRRQAUUUUAFFFFABX2/4E/wCSeeGv+wVa/wDopa+IK+3/AAJ/yTzw1/2CrX/0UtAHQUUUUAFFFFABRRRQAUUUUAFFFFABRRRQAUUUUAFFFFABRRRQAUUUUAFFFFABRRRQAUUUUAFFFFABRRRQAUUUUAFFFFABRRRQAUUUUAFFFFABRRRQAUUUUAFFFFABRRRQAUUUUAFFFFABRRRQAUUUUAFFFFABRRRQAUUUUAFFFFABRRRQAUUUUAFFFFABRRRQAUUUUAFFFFABRRRQAUUUUAFFFFABRRRQAUUUUAFFFFABRRRQAUUUUAFFFFABRRRQAUUUUAFFFFABRRRQAUUUUAFFFFABRRRQAUUUUAFFFFABRRRQAUUUUAFFFFAHx141/wCR68Q/9hO5/wDRrVgmt7xr/wAj34h/7Cdz/wCjWrANADGqJqlaomoAgaomqVqiagCM02nGm0AJRRRQAUUUUAFFFFABX2/4E/5J54a/7BVr/wCilr4gr7f8Cf8AJPPDX/YKtf8A0UtAHQUUUUAFFFFABRRRQAUUUUAFFFFABRRRQAUUUUAFFFFABRRRQAUUUUAFFFFABRRRQAUUUUAFFFFABRRRQAUUUUAFFFFABRRRQAUUUUAFFFFABRRRQAUUUUAFFFFABRRRQAUUUUAFFFFABRRRQAUUUUAFFFFABRRRQAUUUUAFFFFABRRRQAUUUUAFFFFABRRRQAUUUUAFFFFABRRRQAUUUUAFFFFABRRRQAUUUUAFFFFABRRRQAUUUUAFFFFABRRRQAUUUUAFFFFABRRRQAUUUUAFFFFABRRRQAUUUUAFFFFABRRRQAUUUUAFFFFAHxz41P8AxXfiH/sJ3P8A6NasAmt3xqf+K88Rf9hO5/8ARrVgE0AITUTU8momNAETVE1StURoAYabTjTTQAlFFFABRRRQAUUUUAFfb/gT/knnhr/sFWv/AKKWviCvsPwX408K2vgXw9b3HiXRoZ4tMtkkjkv4lZGESgggtkEHjFAHeUVz/wDwnfhD/oa9D/8ABjF/8VR/wnXhD/oatD/8GMX/AMVQB0FFYH/CdeEP+hq0P/wYRf8AxVH/AAnPhH/oadE/8GEX/wAVQBv0Vg/8Jx4S/wChp0T/AMGEX/xVH/CceEv+hp0T/wAGEX/xVAG9RWD/AMJx4S/6GjRP/BhF/wDFUf8ACb+Ev+ho0T/wYRf/ABVAG9RWD/wm/hL/AKGjRP8AwYRf/FUf8Jv4S/6GjRP/AAYRf/FUAb1FYP8Awm/hL/oaNE/8GEX/AMVR/wAJv4S/6GjRP/BhF/8AFUAb1FYP/Cb+Ev8AoaNE/wDBhF/8VR/wm/hL/oaNE/8ABhF/8VQBvUVg/wDCb+Ev+ho0T/wYRf8AxVH/AAm/hL/oaNE/8GEX/wAVQBvUVg/8Jv4S/wCho0T/AMGEX/xVH/Cb+Ev+ho0T/wAGEX/xVAG9RWD/AMJv4S/6GjRP/BhF/wDFUf8ACb+Ev+ho0T/wYRf/ABVAG9RWD/wm/hL/AKGjRP8AwYRf/FUf8Jv4S/6GjRP/AAYRf/FUAb1FYP8Awm/hL/oaNE/8GEX/AMVR/wAJv4S/6GjRP/BhF/8AFUAb1FYP/Cb+Ev8AoaNE/wDBhF/8VR/wm/hL/oaNE/8ABhF/8VQBvUVg/wDCb+Ev+ho0T/wYRf8AxVH/AAm/hL/oaNE/8GEX/wAVQBvUVg/8Jv4S/wCho0T/AMGEX/xVH/Cb+Ev+ho0T/wAGEX/xVAG9RWD/AMJv4S/6GjRP/BhF/wDFUf8ACb+Ev+ho0T/wYRf/ABVAG9RWD/wm/hL/AKGjRP8AwYRf/FUf8Jv4S/6GjRP/AAYRf/FUAb1FYP8Awm/hL/oaNE/8GEX/AMVR/wAJv4S/6GjRP/BhF/8AFUAb1FYP/Cb+Ev8AoaNE/wDBhF/8VR/wm/hL/oaNE/8ABhF/8VQBvUVg/wDCb+Ev+ho0T/wYRf8AxVH/AAm/hL/oaNE/8GEX/wAVQBvUVg/8Jv4S/wCho0T/AMGEX/xVH/Cb+Ev+ho0T/wAGEX/xVAG9RWD/AMJv4S/6GjRP/BhF/wDFUf8ACb+Ev+ho0T/wYRf/ABVAG9RWD/wm/hL/AKGjRP8AwYRf/FUf8Jv4S/6GjRP/AAYRf/FUAb1FYP8Awm/hL/oaNE/8GEX/AMVR/wAJv4S/6GjRP/BhF/8AFUAb1FYP/Cb+Ev8AoaNE/wDBhF/8VR/wm/hL/oaNE/8ABhF/8VQBvUVg/wDCb+Ev+ho0T/wYRf8AxVH/AAm/hL/oaNE/8GEX/wAVQBvUVg/8Jv4S/wCho0T/AMGEX/xVH/Cb+Ev+ho0T/wAGEX/xVAG9RWD/AMJv4S/6GjRP/BhF/wDFUf8ACb+Ev+ho0T/wYRf/ABVAG9RWD/wm/hL/AKGjRP8AwYRf/FUf8Jv4S/6GjRP/AAYRf/FUAb1FYP8Awm/hL/oaNE/8GEX/AMVR/wAJv4S/6GjRP/BhF/8AFUAb1FYP/Cb+Ev8AoaNE/wDBhF/8VR/wm/hL/oaNE/8ABhF/8VQBvUVg/wDCb+Ev+ho0T/wYRf8AxVH/AAm/hL/oaNE/8GEX/wAVQBvUVg/8Jv4S/wCho0T/AMGEX/xVH/Cb+Ev+ho0T/wAGEX/xVAG9RWD/AMJv4S/6GjRP/BhF/wDFUf8ACb+Ev+ho0T/wYRf/ABVAG9RWD/wm/hL/AKGjRP8AwYRf/FUf8Jv4S/6GjRP/AAYRf/FUAb1FYP8Awm/hL/oaNE/8GEX/AMVR/wAJv4S/6GjRP/BhF/8AFUAb1FYP/Cb+Ev8AoaNE/wDBhF/8VR/wm/hL/oaNE/8ABhF/8VQBvUVg/wDCb+Ev+ho0T/wYRf8AxVH/AAm/hL/oaNE/8GEX/wAVQBvUVg/8Jv4S/wCho0T/AMGEX/xVH/Cb+Ev+ho0T/wAGEX/xVAG9RWD/AMJv4S/6GjRP/BhF/wDFUf8ACb+Ev+ho0T/wYRf/ABVAG9RWD/wm/hL/AKGjRP8AwYRf/FUf8Jv4S/6GjRP/AAYRf/FUAb1FYP8Awm/hL/oaNE/8GEX/AMVR/wAJv4S/6GjRP/BhF/8AFUAb1FYP/Cb+Ev8AoaNE/wDBhF/8VR/wm/hL/oaNE/8ABhF/8VQBvUVg/wDCb+Ev+ho0T/wYRf8AxVH/AAm/hL/oaNE/8GEX/wAVQBvUVg/8Jv4S/wCho0T/AMGEX/xVH/Cb+Ev+ho0T/wAGEX/xVAG9RWD/AMJv4S/6GjRP/BhF/wDFUf8ACb+Ev+ho0T/wYRf/ABVAG9RWD/wm/hL/AKGjRP8AwYRf/FUf8Jv4S/6GjRP/AAYRf/FUAb1FYP8Awm/hL/oaNE/8GEX/AMVR/wAJv4S/6GjRP/BhF/8AFUAb1FYP/Cb+Ev8AoaNE/wDBhF/8VR/wm/hL/oaNE/8ABhF/8VQBvUVg/wDCb+Ev+ho0T/wYRf8AxVH/AAm/hL/oaNE/8GEX/wAVQBvUVg/8Jv4S/wCho0T/AMGEX/xVH/Cb+Ev+ho0T/wAGEX/xVAG9RWD/AMJv4S/6GjRP/BhF/wDFUf8ACb+Ev+ho0T/wYRf/ABVAG9RWD/wm/hL/AKGjRP8AwYRf/FUf8Jv4S/6GjRP/AAYRf/FUAb1FYP8Awm/hL/oaNE/8GEX/AMVR/wAJv4S/6GjRP/BhF/8AFUAb1FYP/Cb+Ev8AoaNE/wDBhF/8VR/wm/hL/oaNE/8ABhF/8VQBvUVg/wDCb+Ev+ho0T/wYRf8AxVH/AAm/hL/oaNE/8GEX/wAVQBvUVg/8Jv4S/wCho0T/AMGEX/xVH/Cb+Ev+ho0T/wAGEX/xVAG9RWD/AMJv4S/6GjRP/BhF/wDFUf8ACb+Ev+ho0T/wYRf/ABVAG9RWD/wm/hL/AKGjRP8AwYRf/FUf8Jv4S/6GjRP/AAYRf/FUAfKXjY/8V74i/wCwnc/+jWrALVreMLmG58ba/PbypLDLqNw8ckbBldTIxBBHBBHesQtQA4mo2NBamE0ANY1GacTTCaAGmkNBpKACiiigAooooAKKKKACiiigBaUGm0tADwaeDUQNKDQBMGpd1RZpc0AS7qN1RbqN1AE26jdUO6jdQBNuo3VDuo3UATbqN1Q7qN1AE26jdUO6jdQBNuo3VDuo3UATbqN1Q7qN1AE26jdUO6jdQBNuo3VDuo3UATbqN1Q7qN1AE26jdUO6jdQBNuo3VDuo3UATbqN1Q7qN1AE26jdUO6jdQBNuo3VDuo3UATbqN1Q7qN1AE26jdUO6jdQBNuo3VDuo3UATbqN1Q7qN1AE26jdUO6jdQBNuo3VDuo3UATbqN1Q7qN1AE26jdUO6jdQBNuo3VDuo3UATbqN1Q7qN1AE26jdUO6jdQBNuo3VDuo3UATbqN1Q7qN1AE26jdUO6jdQBNuo3VDuo3UATbqN1Q7qN1AE26jdUO6jdQBNuo3VDuo3UATbqN1Q7qN1AE26jdUO6jdQBNuo3VDuo3UATbqN1Q7qN1AE26jdUO6jdQBNuo3VDuo3UATbqN1Q7qN1AE26jdUO6jdQBNuo3VDuo3UATbqN1Q7qN1AE26jdUO6jdQBNuo3VDuo3UATbqN1Q7qN1AE26jdUO6jdQBNuo3VDuo3UATbqN1Q7qN1AE26jdUO6jdQBNuo3VDuo3UATbqN1Q7qN1AE26jdUO6jdQBNuo3VDuo3UATbqN1Q7qN1AE26k3VFuo3UAS7qTdUe6jNADy1NJpuaaTQApNNJoJpKACkoooAKKKKACiiigAooooAKKKKACiiigBaKSigB2aM03NLmgB2aM03NGaAHZozTaKAHZozTaKAHZozTaKAHZozTaKAHZozTaKAHZozTaKAHZozTaKAHZozTaKAHZozTaKAHZozTaKAHZozTaKAHZozTaKAHZozTaKAHZozTaKAHZozTaKAHZozTaKAHZozTaKAHZozTaKAHZozTaKAHZozTaKAHZozTaKAHZozTaKAHZozTaKAHZozTaKAHZozTaKAHZozTaKAHZozTaKAHZozTaKAHZozTaKAHZozTaKAHZozTaKAHZozTaKAHZozTaKAHZozTaKAHZozTaKAHZozTaKAHZozTaKAHZozTaKAHZozTaKAHZozTaKAHZozTaKAHZozTaKAHZozTaKAHZozTaKAHZozTaKAHZozTaKAHZozTaKAHZozTaKAHZozTaKAHZozTaKAHZozTaKAHZozTaKAHZozTaKAHZozTaKAHZozTaM0AOzSZpM0ZoAXNJSZooAWkoooAKKKKACiiigAooooAKKKKACiiigAooooAKKKKACiiigAooooAKKKKACiiigAooooAKKKKACiiigAooooAKKKKACiiigAooooAKKKKACiiigAooooAKKKKACiiigAooooAKKKKACiiigAooooAKKKKACiiigAooooAKKKKACiiigAooooAKKKKACiiigAooooAKKKKACiiigAooooAKKKKACiiigAooooAKKKKACiiigAooooAKKKKACiiigAooooAKKKKACiiigAooooAKKKKACiiigAooooAKKKKACiiigAooooAKKKKACiiigAooooAKKKKACiiigAooooAKKKKACiiigAooooAKKKKACiiigAooooAKKKKACiiigAooooAKKKKACiiigAooooAKKKKACiiigAooooAKKKKACiiigAooooAKKKKACiiigAooooAKKKKACiiigAooooAKKKKACiiigAooooAKKKKACiiigAooooAKKKKACiiigAooooAKKKKACiiigAooooAKKKKACiiigAooooAKKKKACiiigAooooAKKKKACiiigAooooAKKKKACiiigAooooAKKKKACiiigAooooAKKKKACiiigAooooAKKKKACiiigAooooAKKKKACiiigAooooAKKKKACiiigAooooAKKKKACiiigAooooAKKKKACiiigAooooAKKKKACiiigAooooAKKKKACiiigD/9kNCmVuZHN0cmVhbQ1lbmRvYmoNMTMzIDAgb2JqDTw8L0NvbnRlbnRzIDEzNCAwIFIgL01lZGlhQm94IFswIDAgOTYwIDU0MF0gL1BhcmVudCAyIDAgUiAvUmVzb3VyY2VzIDw8L0V4dEdTdGF0ZSA8PC9HUzggOCAwIFI+PiAvRm9udCA8PC9GVDEwIDEwIDAgUiAvRlQxMjEgMTIxIDAgUiAvRlQxNSAxNSAwIFIgL0ZUMzIgMzIgMCBSIC9GVDQ0IDQ0IDAgUj4+IC9YT2JqZWN0IDw8L0lNMTM1IDEzNSAwIFIgL0lNMTM3IDEzNyAwIFIgL0lNMTM5IDEzOSAwIFIgL0lNOSA5IDAgUj4+Pj4gL1R5cGUgL1BhZ2U+Pg1lbmRvYmoNMTM0IDAgb2JqDTw8L0ZpbHRlciAvRmxhdGVEZWNvZGUgL0xlbmd0aCAxNDI2Pj4NCnN0cmVhbQ0KeJytWN2qGzcQvi/sO+g6UEUaSTMSlIDXPg4t5KKtoQ8QmkBIWk560dfvaPXj9ej4nK19MMYrefTNn/TNaB8nqwx/fsw/wRv18dv0OOWZhGXi+5/TH2/UXyyXP98/899v3/8e1ed/pNinN9Ovk9EmqH8nUB/4+wt/vyxiRv32vq97XFYtaoNLOkDWzQ+EWf3bnz8kdfhbMRYDFbW8+HGaT9Pb48kaBWDV6VNRtaAsTxa0taQCoLbg1Onb9BMe9/7d6Yuy1rGQOh3yzJ5nfng4sa3bIYO2Jm6BLG4tUXKogvU6qm88W56+5idnNXh+zP+vn6vEEsXFsh7xF0wM1WfYZCALclh7Th6Vc04TpYKZSFvvFSTHnrN6jBp9qGmxLpwT04MXlONsjpZ563Qimw3RgbGycSalkI3LK4pxZt4dx4RcxfRpwHTBGIGZEg2YDpSz6QlMh7Zg8g60WO1EmBdM6Ji7HYgZR0nMzA9ezBCN2+2qJd6PluAxHQRmCEHqnYXeumqj3mDCGIE4S38jebmNePd44nPrK4nwbgROi4s6JVbmNPStQ+PW4Y12xSCvISgIoKNPxRzWvt0hQk1ifdrJ1PiDDOMu4iBjZKiXhF7M7HdyY6DcPN7IreLTUW6VZdOOm+dilZPIwcQhLi/FlUCbe+K6Xr/loIRgpWc7GQ88yvxEJ70f47pbvH8+0lssxEFXwdkYF4h+c2Da+QFPymjPlFqrKhct3q7KRqY45KKxjClPkI6QmT7oECOPsXAzkMY65GM2ASXt+/jrBNFqjnyXh8jHEbHj5TF7VPXx+jIG8OzEsr7IQy4uhn8rHkBer6q6PMp1e6rm1PHXqZlbxZs3Da16W7V9FN7XMnhZ/C/qIbOlebIecjULXLEgV4gILRfLEfXmnAuyYsaXrbSaSYGkjJMyVOrZetWB3j1TbJ+iy9wGYKbNZwmztxbPn3DkMHOSgtUxXTvja6jrVQGTdhLKW0lbAwFtAkdjR3BMkn8RZPFLRjIyPkiTdvggOdpIbp138sRHv7/uyMsBj0bjKwV8DbUjyYt3BnwFDjEMtEeStbYEHJOUobE3ulI4myNoUfsV/S3jdKY/tFGDOdMfAnPoiv4ok++K/oi8tgRdnijoGM/0l8dpRX913OmvyTfCaniVz6q6Tn/VnE5/zdwq3rxpaNXbTn+X3t9Of+gYHwX9FUpakxTGo5gJO0mRwyqIsB9wrLj6NGvXm5KtDeF6PxJQu+AvmDqce/nK1KsZLJy7noHhgnOtM01cpKLyyMUpUefadBvX6sQV0HP3DB7vOflEnHyBNJNsbWhoNHfJyZM430IOli8egwHG2lugAtewJKCSG5rde315MSt8svzrZGWNdE9Wxjvc/w/uEyb5QR2RrHYObwkAcA4HdWlo3dNeZPeJO+uWKuJwnW/LSgPyKQbtSjvMYy5gzjPRQm4okQmXBfiyGTLxQ9S+jJZumOscz9Zx7maZALg3b+K5u03oOtwyhqaudMN5TAsvl254kae8PstXPNYDllTTxz+2tMOLOWWYu+FqbRXv3lS45m1R91F4f0c7nCnWs9mYr/itiTM4NL+yQpDcMZvUgX1C3exnAT6nJPl6W4/8WsSde7bXIO7Ssl0i4VHedkuveVvHdok93neDkac/eElIwUo+wPlw3SIL9ppJcTTJ7PEW5xJp3vZrJE8HyRrlpcBtLflrVICW3osKYOQlJQ2vHGKUFxCa5abY8jLjxuQ+uFuSSzA6e1tyyYcluRdhG96/0WFtZm2AO923hrnxc+unG3/Xfrvzfe3HO9+Xdt12+dbON7za7ne+b+PG912+EnTHqwTe9DW+b/Y0wu/2VvnuT8Vr/jbCv/T/jguALxeANQPzyRoa94N8b4H7gaXJyaIwn89j/vwHeXhxxw0KZW5kc3RyZWFtDWVuZG9iag0xNDQgMCBvYmoNPDwvQml0c1BlckNvbXBvbmVudCA4IC9Db2xvclNwYWNlIC9EZXZpY2VHcmF5IC9GaWx0ZXIgL0ZsYXRlRGVjb2RlIC9IZWlnaHQgMjkzIC9MZW5ndGggMzQ3MCAvTWF0dGUgWzAgMCAwXSAvU3VidHlwZSAvSW1hZ2UgL1R5cGUgL1hPYmplY3QgL1dpZHRoIDExNDg+Pg0Kc3RyZWFtDQp4nO3d6ZITx7aAUWaasRnMYIYGYzAYsOG8/8Pdq8qpMkvVjZFUnUi91n8Tgoj8Yu+sknzpEgAAAAAAAAAAAAAAAAAAAAAAAAAAAAC7chk4cL0r0+j9jwGcP9kButEdoJdfszxXgD3269VHaOCC6lof0YGLrkd9dAcYnG99ftSdq8CB+lF/+pSn978KcF461Ge+PGd8xmvAHvtvAVo8PnPlkRq4SE7pz7L1WS+P6sCFNJOfBeOzlp757FwHDtR8gJaOzynlER24aNbyM63Pkulpw1N/rBvAgZoLUF2fJeIzl55Jd9Y/6E1g752RoKo+S8Vnbt+qyiM3cDFMAzSNz5Udx+e0oacOT/35joADM1Og2frsND6npGcMz+nNuQXssdMbNOZnufisp6cpzyQ7vf+tgKVMArRWnx3H59T0lPBMo3MbODjTBJX8LBafM9JTwrMWnTvAAVlLUMnPGfFZID3j0FPCs96cu8BBWG9QyU8z+uw2Ps3G1aQnlqd0Z64494A9N1eh0p9Sn0l8drB1nZWeqjxVddrPfR/YY7Mdyvkp9VkiPj9KTx2eudwcA3tsLkRtfs6OzzLpCTNPCk9VneaTPwD22EyIcn9ifsLos0B8qvbU6bkZ0xPKk8IzVqf63A+BPbcWotyfmJ84+oRLnzY+27Xnx+mJ5UndmQbnEbD3phlK/cn1WSY+7cbVpqeUJ4ZnrE7+xI+Bg9BWKPUn5CfXZxqfauvawdgTXynMt8wxPUN5YnhKdeKH/Q04IFWEUn9Cfob6pPgcxfhcG+OzxeAzs3HFqSftW6U8qTtjdJ7UngJ7qDnGY4JSf8b6pL3rZolPu3VtlZ4rY3pu5PTkoWcoT+xOiU757M+APdemKAUo5GeoTxp9UnxujPHZauuablzX88aV0jOWJ4SnVCd+4ufAgagqFAMU8lPqE+OTt67r063rp9PzfwDB77+XBsX+DPlJ9ZmLz3aDT++/LfCrePHixe+DFKAhP6U+IT537ty+dau6b95q8On9twV+FS8HL2KBQn5Kfdr4lCuf5rpZe4DNvH61kvoT8pPqk+MzPO2qtq7J4KM9wGZOXg9Kf0p9VqNPis9w5VNvXVu053Lvvy3wq3jz5mSl9CfVJ8dn3Lp2MvhoD5C8ffv2Te5Prk8YfeLaNRl8rm83+GgPkPzxxx8xP2/C9JNHnzD5hPYcN9fN1W2z9gCbe/fuXclPnH1W9WniUw0+zdL18+25rD1A8uef76r8hPrk+NSDT/Ooa9OlS3uA7P37P3N+hvqU+Dwf41MGn+q2WXuArXx4/z7nZ6jPavTJ8anaUwaf7ZYu7QGyvz58+JDrM2xeKT4v2vjMtueK9gCb+msl5CfVp8Rn0p7pky7tAbbx8ePHsT4lPq9KfMalS3uA3fn0Mdcnjj5DfE5OZgafeunarD2XtQfIPq2E+sTRZzX5DE+78tbVLl3p1eZNL5u1Byj+/vvvsT4pPmHrSoOP9gBL+NzGJ29dw41PfeFTv+GjPcDWPn8u9SnxCVtXGHyaC5+1y2btATb15XOoT45P3rpO1i98hstm7QF248uXL3n0ifEZB59w4XPWgy7tATb19UuoT47PsHXlG5+XL2Yum7UH2IWvX7+W+FSDT1q6JpfN9bcqfv4FH+0Bin/G+FSDz9u3JyfjZXP7oEt7gO3908YnDD75trlcNh8fV9+qSL+bqj3AFv5p4jMMPu/f/zltT/OQXXuA7f2b45MHn7R0lcvmHz1k1x5gA/+28SlLl/YAS/o3xWfYuvLSlZ50pQddP3jBR3uADXwL8cmDT7t0aQ+wlG/j4FMvXVV7fjv75ULtATbwrY5PWbpKe8ILPtoD7Nq3b3nriktX3Z5X2gMs5Fs1+OQLn+ENn/iQvX6xWXuA3fke4lMvXak9b7UHWM73ZumqL5tje57l9ty7qz3Azgzt+dZc+JQHXdoDLOb792l7Pq635+ED7QF26vsQn7x0aQ9wTs5oz0n4Qpf2AAtYa88n7QGW97298NEe4FxoD9CD9gA9aA/Qw/m157L2AMX/qgdd4xe6qvY8nfmx+I3+JznaA4y0B+hBe4AetAfoQXuAHrQH6EF7gB60B+hBe4AetAfoQXuAHrQH6EF7gB60B+hBe4AetAfoQXuAHrQH6EF7gB60B+hBe4AetAfoQXuAHrQH6EF7gB60B+hBe4AetAfoQXuAHrQH6EF7gB60B+hBe4AetAfoQXuAHrQH6EF7gB60B+hBe4AetAfoQXuAHrQH6EF7gB60B+hBe4AetAfoQXuAHrQH6EF7gB60B+hBe4AetAfoQXuAHrQH6EF7gB60B+hBe4AetAfoQXuAHrQH6EF7gB60B+hBe4AetAfoQXuAHrQH6EF7gB60B+hBe4AetAfoQXuAHrQH6EF7gB60B+hBe4AetAfoQXuAHrQH6EF7gB60B+hBe4AetAfoQXuAHrQH6EF7gB60B+hBe4AetAfoQXuAHs6vPZe0ByhCer6F9IT2fJq250loz/17oT1HRzdvhPZcDe35qfRoDzDSHqAH7QF60B6gB+0Beqgec3398ll7gPOx1p6P2gMs74z2vH718nftARbRXvdoD3A+hvS07flrvT3Da83aA+xQHHvKY66qPSfaAywmr1xVez68X7XnbWrP09yeu3e0B9iZPPY0j9iH9rzRHmA5zcrVPmJ//epFbM9D7QF2rBp74spVteel9gALqdPTXDXH9jxbteeR9gC7ljeutHIN1z2T9ow/HaY9wK6MY0+1cpWvVGgPsIyUnsnK9e6P8Jhr8pOpt8NPpmoPsL02Pc3KpT3AYnJ60tiT3u4pj9jT17nan4q/vtFPxWsPMGrSM65cbXuOj+9pD7BLbXrKyvX2JFw1V681b/2/yNEeYDSmJ2xc41Ou16/a13uar5JqD7CdoTwpPePYU101j4/Y518t1B5gE6E8JT157CnXPZPHXNoD7MZQnnDXk9Iz3jS/nD7mmn3Erj3AJvLQE9NTjz3lqrl9xK49wA6U8ozpiWNP+NHC9qo5teea9gDbatOTNq6ycq1dNZdH7NoDbOPTWJ6cnmHsWb/u2b49l7QHyIbwrMoTh568cY1jz1mPuX7y9R7tAUa5PCE970J64m3Pi/q6Z/aqWXuAjf01lmdMz8zYoz3ALsXw5PKM6Tlr5dIeYFtDeGJ5hqEnp2cy9sy352evmrUHKHJ4QnnCNXNKTzP2tNc91TdJtQfYSA5PKM+YnmrsqVau9euen2rPJe0Bkio8sTwlPWtjz7Yrl/YARQlPKE8Yetr0zD7l0h5gO3niiTNPTM/z58/CxjUde8rvpW64cmkPkOXujOUJ18yr9KSNq/4+xdoT9p9sz6Xef1vgVxGyE7tTylPSMx17trtp1h6gGLKTurMKTy5PXLjad3t2MPZoD5C8TN2J4cnlKelpLprrm2btAbYRqxO6swrPWJ5JeubHHu0BNhSrM2Rn1Z1VeMbyxPQ0G9d427Nhey7F/2z4A1Z/0Kpkqz/zxo2bN4+Obt2+fefu3Xv37x8fP3jw8OGjR48fP/7tt9XnefJ08Cx4DhyIeKbD8X6SwpPLM5ue7caeuj0lPjdCfG6l+FT1ifmJAYoFGisE7K9ynJ/E7KTwjOVJ6akue7YdeyaDT47PzRyfOyk+oT5Dfob+hAClBGVPgT3UHON4sh/H7qzCE8oT03Mnp6e67Nlq7Mntqbaua3nrOorxGesz5Cf0JwQoJwg4DPFcP0rdWYWnlCem56i6Z243ro3aM7d1pcknxyfUJ+Un9CcVqEQI2Hf5TMcT/iCHJ5Qnp+fm2mXPFmPPdPCZxGesT8pP6E8uUF0hYH+NJzqe8OMcnlKetfRsPfb8l/ik+gz5Cf3JBZpkCNhP1YGOJ/x+DE8sz1LpqdvTxCc+ak/1yfkJ/ckFOl4LEbB3muMcT/i9MTyhPOnh+iQ927bn7PiE0afkJ/YnF+j+TIiAPdMc53TE75bwxKFnkfTk9pwenzY/Y4HmQgTsmfY8p0M+hudH6dmiPWfGp65PyM9YoLkOAfunOdLpmN9uyrNMetqtq41Pqk/IT+xPKdBahYC9VR3rdNBvpfCk8kzTs/3GdWp8xtEn1CfmpwSobRCw98aznQ77USrPOPTsPD3t1jWJT6hPzE/uT5Mg4FCMJ/yohKcaetbTs3V7To9PqE/MT+pPkyDgsJRjfrOEZyjPUumZi09bn5SfKkBKBAdh/Uzn035jrTy7T8+p8Qn1Sfkp/ZlvELDf6hN+YwxPKM9i6ZnGZ1qfnJ9JgYBDM57167Pl2XV6xvisjT6pPk2AhAgOx/rJLof+2mlDz+7SMx+fVJ+qP7MJAg5DfdLz6b+6cHrW4pPqU/LTBgg4XOOpv3p1bt/abXqq+EzqU+VHguCQtWf96inl2XV6ZuJT6rMWIOCQVUf/yvLpqeNT6lPnR4Hg4LUn/sp6eZZIzyn1mfZHjOBgnHG4qwQsXp42PnV9zg4QcFDas3/5PNJzZn00CA7b3Ik/r/JM6zPfH+AiaFuwdHnW66M/cPFMK3Ae5ZmrjwTBBTF7+M+rPKfWR47goPy3c36e5fnv9QEO23mXR3+APt0RILjAOmen1fsfA1ha78oAAAAAAAAAAAAAAAAAAAAAAAAAAAAs4/8BI052og0KZW5kc3RyZWFtDWVuZG9iag0xNDMgMCBvYmoNPDwvQml0c1BlckNvbXBvbmVudCA4IC9Db2xvclNwYWNlIC9EZXZpY2VSR0IgL0ZpbHRlciAvRENURGVjb2RlIC9IZWlnaHQgMjkzIC9MZW5ndGggMTIyMDYgL1NNYXNrIDE0NCAwIFIgL1N1YnR5cGUgL0ltYWdlIC9UeXBlIC9YT2JqZWN0IC9XaWR0aCAxMTQ4Pj4NCnN0cmVhbQ0K/9j/4AAQSkZJRgABAQAAAQABAAD/2wBDAAgGBgcGBQgHBwcJCQgKDBQNDAsLDBkSEw8UHRofHh0aHBwgJC4nICIsIxwcKDcpLDAxNDQ0Hyc5PTgyPC4zNDL/2wBDAQkJCQwLDBgNDRgyIRwhMjIyMjIyMjIyMjIyMjIyMjIyMjIyMjIyMjIyMjIyMjIyMjIyMjIyMjIyMjIyMjIyMjL/wAARCAElBHwDASIAAhEBAxEB/8QAHwAAAQUBAQEBAQEAAAAAAAAAAAECAwQFBgcICQoL/8QAtRAAAgEDAwIEAwUFBAQAAAF9AQIDAAQRBRIhMUEGE1FhByJxFDKBkaEII0KxwRVS0fAkM2JyggkKFhcYGRolJicoKSo0NTY3ODk6Q0RFRkdISUpTVFVWV1hZWmNkZWZnaGlqc3R1dnd4eXqDhIWGh4iJipKTlJWWl5iZmqKjpKWmp6ipqrKztLW2t7i5usLDxMXGx8jJytLT1NXW19jZ2uHi4+Tl5ufo6erx8vP09fb3+Pn6/8QAHwEAAwEBAQEBAQEBAQAAAAAAAAECAwQFBgcICQoL/8QAtREAAgECBAQDBAcFBAQAAQJ3AAECAxEEBSExBhJBUQdhcRMiMoEIFEKRobHBCSMzUvAVYnLRChYkNOEl8RcYGRomJygpKjU2Nzg5OkNERUZHSElKU1RVVldYWVpjZGVmZ2hpanN0dXZ3eHl6goOEhYaHiImKkpOUlZaXmJmaoqOkpaanqKmqsrO0tba3uLm6wsPExcbHyMnK0tPU1dbX2Nna4uPk5ebn6Onq8vP09fb3+Pn6/9oADAMBAAIRAxEAPwD5/ooooAKKKKACiiigAooooAKKKKACiiigAooooAKKKKACiiigAooooAKKKKACiiigAooooAKKKKACiiigAooooAKKKKACiiigAooooAKKKKACiiigAooooAKKKKACiiigAooooAKKKKACiiigAooooAKKKKACiiigAooooAKKKKACiiigAooooAKKKKACiiigAooooAKKKKACiiigAooooAKKKKACiiigAooooAKKKKACiiigAooooAKKKKACiiigAooooAKKKKACiiigAooooAKKKKACiiigAooooAKKKKACiiigAooooAKKKKACiiigAooooAKKKKACiiigAooooAKKKKACiiigAooooAKKKKACiiigAooooAKKKKACiiigAooooAKKKKACiiigAoooxQAUUuKKAEopaKAEopaKAEopaKAEopaKAEopaKAEopaKAEopaKAEopaKAEopaKAEopaKAEopaKAEopaKAEopaKAEopaKAEopaKAEopaKAEopaKAEopaKAEopaKAEopaKAEopaKAEopaKAEopaKAEopaKAEopaKAEopaKAEopaKAEopaKAEopaKAEopaKAEopaKAEopaKAEopaKAEopaKAEopaKAEopaKAEopaKAEopaKAEopaKAEopaKAEopaKAEopaKAEopaKAEopaKAEopaKAEopaKAEopaKAEopaKAEopaKAEopaKAEopaKAEopaKAEopaKAEopaKAEopaKAEopaKAEopaKAEopaKAEopaKAEopaKAEopaKAEopaKAEopaMUAJRRRQAUUUUAFFFFABRRRQAUUUUAFFFFABRRS0AFLigCnAUANxS4p+KXbQBHilxT9tG2gBmKMVJto20AR4oxUm2jbQBHijFSbaNtAEeKMVJto20AR4oxUm2jbQBHijFSbaNtAEeKMVJto20AR4oxUm2jbQBHijFSbaNtAEeKMVJto20AR4oxUm2jbQBHijFSbaNtAEeKMVJto20AR4oxUm2jbQBHijFSbaNtAEeKMVJto20AR4oxUm2jbQBHijFSbaNtAEeKMVJto20AR4oxUm2jbQBHijFSbaNtAEeKMVJto20AR4oxUm2jbQBHijFSbaNtAEeKMVJto20AR4oxUm2jbQBHijFSbaNtAEeKMVJto20AR4oxUm2jbQBHijFSbaNtAEeKMVJto20AR4oxUm2jbQBHijFSbaNtAEeKMVJto20AR4oxUm2jbQBHijFSbaNtAEeKMVJto20AR4oxUm2jbQBHijFSbaNtAEeKMVJto20AR4oxUm2jbQBHijFSbaNtAEeKMVJto20AR4oxUm2jbQBHijFSbaNtAEeKMVJto20AR4oxUm2jbQBHijFSbaNtAEeKMVJto20AR4oxUm2jbQBHijFSbaNtAEeKMVJto20AR4oxUm2jbQBHijFSbaNtAEeKMVJto20AR4oxUm2jbQBHijFSbaNtAEeKMVJto20AR4oxUm2jbQBHijFSbaNtAEeKTFSbaNtAEeKTFSbaTFAEeKKeRTSKAG0UtJQAUUUUAFFFFABRRRQAVuQeC/FV1bxXFv4a1maCVA8ckdhKyupGQQQuCCOc1h19v+BP+SeeGv+wVa/8AopaAPkH/AIQTxf8A9Cprn/gul/8AiaUeBPF//Qq65/4Lpf8A4mvt2igD4kHgTxf/ANCrrn/gvl/+Jpw8C+Lv+hW1v/wXy/8AxNfbNFAHxQPAvi3/AKFbW/8AwXy//E07/hBfFv8A0K2t/wDgvl/+Jr7VooA+Kv8AhBfFv/Qra3/4L5f/AIml/wCEF8W/9Cvrf/gvl/8Aia+1KKAPiv8A4QXxb/0K+t/+C+X/AOJo/wCEF8W/9Cvrf/gvl/8Aia+1KKAPiv8A4QXxb/0K+t/+C+X/AOJo/wCEF8W/9Cvrf/gvl/8Aia+1KKAPiv8A4QXxb/0K+t/+C+X/AOJo/wCEF8W/9Cvrf/gvl/8Aia+1KKAPiv8A4QXxb/0K+t/+C+X/AOJo/wCEF8W/9Cvrf/gvl/8Aia+1KKAPiv8A4QXxb/0K+t/+C+X/AOJo/wCEF8W/9Cvrf/gvl/8Aia+1KKAPiv8A4QXxb/0K+t/+C+X/AOJo/wCEF8W/9Cvrf/gvl/8Aia+1KKAPiv8A4QXxb/0K+t/+C+X/AOJo/wCEF8W/9Cvrf/gvl/8Aia+1KKAPiv8A4QXxb/0K+t/+C+X/AOJo/wCEF8W/9Cvrf/gvl/8Aia+1KKAPiv8A4QXxb/0K+t/+C+X/AOJo/wCEF8W/9Cvrf/gvl/8Aia+1KKAPiv8A4QXxb/0K+t/+C+X/AOJo/wCEF8W/9Cvrf/gvl/8Aia+1KKAPiv8A4QXxb/0K+t/+C+X/AOJo/wCEF8W/9Cvrf/gvl/8Aia+1KKAPiv8A4QXxb/0K+t/+C+X/AOJo/wCEF8W/9Cvrf/gvl/8Aia+1KKAPiv8A4QXxb/0K+t/+C+X/AOJo/wCEF8W/9Cvrf/gvl/8Aia+1KKAPiv8A4QXxb/0K+t/+C+X/AOJo/wCEF8W/9Cvrf/gvl/8Aia+1KKAPiv8A4QXxb/0K+t/+C+X/AOJo/wCEF8W/9Cvrf/gvl/8Aia+1KKAPiv8A4QXxb/0K+t/+C+X/AOJo/wCEF8W/9Cvrf/gvl/8Aia+1KKAPiv8A4QXxb/0K+t/+C+X/AOJo/wCEF8W/9Cvrf/gvl/8Aia+1KKAPiv8A4QXxb/0K+t/+C+X/AOJo/wCEF8W/9Cvrf/gvl/8Aia+1KKAPiv8A4QXxb/0K+t/+C+X/AOJo/wCEF8W/9Cvrf/gvl/8Aia+1KKAPiv8A4QXxb/0K+t/+C+X/AOJo/wCEF8W/9Cvrf/gvl/8Aia+1KKAPiv8A4QXxb/0K+t/+C+X/AOJo/wCEF8W/9Cvrf/gvl/8Aia+1KKAPiv8A4QXxb/0K+t/+C+X/AOJo/wCEF8W/9Cvrf/gvl/8Aia+1KKAPiv8A4QXxb/0K+t/+C+X/AOJo/wCEF8W/9Cvrf/gvl/8Aia+1KKAPiv8A4QXxb/0K+t/+C+X/AOJo/wCEF8W/9Cvrf/gvl/8Aia+1KKAPiv8A4QXxb/0K+t/+C+X/AOJo/wCEF8W/9Cvrf/gvl/8Aia+1KKAPiv8A4QXxb/0K+t/+C+X/AOJo/wCEF8W/9Cvrf/gvl/8Aia+1KKAPiv8A4QXxb/0K+t/+C+X/AOJo/wCEF8W/9Cvrf/gvl/8Aia+1KKAPiv8A4QXxb/0K+t/+C+X/AOJo/wCEF8W/9Cvrf/gvl/8Aia+1KKAPiv8A4QXxb/0K+t/+C+X/AOJo/wCEF8W/9Cvrf/gvl/8Aia+1KKAPiv8A4QXxb/0K+t/+C+X/AOJo/wCEF8W/9Cvrf/gvl/8Aia+1KKAPiv8A4QXxb/0K+t/+C+X/AOJo/wCEF8W/9Cvrf/gvl/8Aia+1KKAPiv8A4QXxb/0K+t/+C+X/AOJo/wCEF8W/9Cvrf/gvl/8Aia+1KKAPiv8A4QXxb/0K+t/+C+X/AOJo/wCEF8W/9Cvrf/gvl/8Aia+1KKAPiv8A4QXxb/0K+t/+C+X/AOJo/wCEF8W/9Cvrf/gvl/8Aia+1KKAPiv8A4QXxb/0K+t/+C+X/AOJo/wCEF8W/9Cvrf/gvl/8Aia+1KKAPiv8A4QXxb/0K+t/+C+X/AOJo/wCEF8W/9Cvrf/gvl/8Aia+1KKAPiv8A4QXxb/0K+t/+C+X/AOJo/wCEF8W/9Cvrf/gvl/8Aia+1KKAPiv8A4QXxb/0K+t/+C+X/AOJo/wCEF8W/9Cvrf/gvl/8Aia+1KKAPiv8A4QXxb/0K+t/+C+X/AOJo/wCEF8W/9Cvrf/gvl/8Aia+1KKAPiv8A4QXxb/0K+t/+C+X/AOJo/wCEF8W/9Cvrf/gvl/8Aia+1KKAPiv8A4QXxb/0K+t/+C+X/AOJo/wCEF8W/9Cvrf/gvl/8Aia+1KKAPiv8A4QXxb/0K+t/+C+X/AOJo/wCEF8W/9Cvrf/gvl/8Aia+1KKAPiv8A4QXxb/0K+t/+C+X/AOJo/wCEF8W/9Cvrf/gvl/8Aia+1KKAPiv8A4QXxb/0K+t/+C+X/AOJo/wCEF8W/9Cvrf/gvl/8Aia+1KKAPiv8A4QXxb/0K+t/+C+X/AOJo/wCEF8W/9Cvrf/gvl/8Aia+1KKAPiv8A4QXxb/0K+t/+C+X/AOJo/wCEF8W/9Cvrf/gvl/8Aia+1KKAPiv8A4QXxb/0K+t/+C+X/AOJo/wCEF8W/9Cvrf/gvl/8Aia+1KKAPiv8A4QXxb/0K+t/+C+X/AOJo/wCEF8W/9Cvrf/gvl/8Aia+1KKAPiv8A4QXxb/0K+t/+C+X/AOJo/wCEF8W/9Cvrf/gvl/8Aia+1KKAPiv8A4QXxb/0K+t/+C+X/AOJo/wCEF8W/9Cvrf/gvl/8Aia+1KKAPiv8A4QXxb/0K+t/+C+X/AOJo/wCEF8W/9Cvrf/gvl/8Aia+1KKAPiv8A4QXxb/0K+t/+C+X/AOJo/wCEF8W/9Cvrf/gvl/8Aia+1KKAPiv8A4QXxb/0K+t/+C+X/AOJo/wCEF8W/9Cvrf/gvl/8Aia+1KKAPiv8A4QXxb/0K+t/+C+X/AOJo/wCEF8W/9Cvrf/gvl/8Aia+1KKAPiv8A4QXxb/0K+t/+C+X/AOJo/wCEF8W/9Cvrf/gvl/8Aia+1KKAPiv8A4QXxb/0K+t/+C+X/AOJo/wCEF8W/9Cvrf/gvl/8Aia+1KKAPiv8A4QXxb/0K+t/+C+X/AOJo/wCEF8W/9Cvrf/gvl/8Aia+1KKAPiv8A4QXxb/0K+t/+C+X/AOJo/wCEF8W/9Cvrf/gvl/8Aia+1KKAPiv8A4QXxb/0K+t/+C+X/AOJo/wCEF8W/9Cvrf/gvl/8Aia+1KKAPiv8A4QXxb/0K+t/+C+X/AOJo/wCEF8W/9Cvrf/gvl/8Aia+1KKAPiefwZ4ntbeS4uPDmrxQxKXkkksZVVFAySSVwAB3rE219reN/+RB8R/8AYLuf/RTV8XlaAICtNK1YK0wrQBARTCKnYVERQBGRSU4im0AJRRRQAUUUUAFFFFABX2/4E/5J54a/7BVr/wCilr4gr7f8Cf8AJPPDX/YKtf8A0UtAHQUUUUAFFFFABRRRQAUUUUAFFFFABRRRQAUUUUAFFFFABRRRQAUUUUAFFFFABRRRQAUUUUAFFFFABRRRQAUUUUAFFFFABRRRQAUUUUAFFFFABRRRQAUUUUAFFFFABRRRQAUUUUAFFFFABRRRQAUUUUAFFFFABRRRQAUUUUAFFFFABRRRQAUUUUAFFFFABRRRQAUUUUAFFFFABRRRQAUUUUAFFFFABRRRQAUUUUAFFFFABRRRQAUUUUAFFFFABRRRQAUUUUAFFFFABRRRQAUUUUAFFFFABRRRQAUUUUAFFFFABRRRQAUUUUAFFFFABRRRQAUUUUAFFFFABRRRQAUUUUAYXjX/AJEPxF/2DLn/ANFNXxoRX2Z41/5ETxD/ANgy5/8ARTV8bEUAREUwipiKYwoArsKiYVOwqFqAIjTTT2phoAaaKDRQAUUUUAFFFFABX2/4E/5J54a/7BVr/wCilr4gr7f8Cf8AJPPDX/YKtf8A0UtAHQUUUUAFFFFABRRRQAUUUUAFFFFABRRRQAUUUUAFFFFABRRRQAUUUUAFFFFABRRRQAUUUUAFFFFABRRRQAUUUUAFFFFABRRRQAUUUUAFFFFABRRRQAUUUUAFFFFABRRRQAUUUUAFFFFABRRRQAUUUUAFFFFABRRRQAUUUUAFFFFABRRRQAUUUUAFFFFABRRRQAUUUUAFFFFABRRRQAUUUUAFFFFABRRRQAUUUUAFFFFABRRRQAUUUUAFFFFABRRRQAUUUUAFFFFABRRRQAUUUUAFFFFABRRRQAUUUUAFFFFABRRRQAUUUUAFFFFABRRRQAUUUUAFFFFABRRRQAUUUUAYfjT/AJETxD/2DLn/ANFNXxwRX2P40/5ETxD/ANgy5/8ARTV8cmgBhqNqlNRtQBC9QNU71C1AERqM1I1RmgBpooNFABRRRQAUUUUAFfb/AIE/5J54a/7BVr/6KWviCvt/wJ/yTzw1/wBgq1/9FLQB0FFFFABRRRQAUUUUAFFFFABRRRQAUUUUAFFFFABRRRQAUUUUAFFFFABRRRQAUUUUAFFFFABRRRQAUUUUAFFFFABRRRQAUUUUAFFFFABRRRQAUUUUAFFFFABRRRQAUUUUAFFFFABRRRQAUUUUAFFFFABRRRQAUUUUAFFFFABRRRQAUUUUAFFFFABRRRQAUUUUAFFFFABRRRQAUUUUAFFFFABRRRQAUUUUAFFFFABRRRQAUUUUAFFFFABRRRQAUUUUAFFFFABRRRQAUUUUAFFFFABRRRQAUUUUAFFFFABRRRQAUUUUAFFFFABRRRQAUUUUAFFFFABRRRQAUUUUAFFFFAGH40/5ETxD/wBgy5/9FNXx0a+xfGn/ACIniH/sGXP/AKKavjo0AMNRtUhqNqAIXqFqmeoWoAiaozUjVGaAENJSmkoAKKKKACiiigAr7f8AAn/JPPDX/YKtf/RS18QV9v8AgT/knnhr/sFWv/opaAOgooooAKKKKACiiigAooooAKKKKACiiigAooooAKKKKACiiigAooooAKKKKACiiigAooooAKKKKACiiigAooooAKKKKACiiigAooooAKKKKACiiigAooooAKKKKACiiigAooooAKKKKACiiigAooooAKKKKACiiigAooooAKKKKACiiigAooooAKKKKACiiigAooooAKKKKACiiigAooooAKKKKACiiigAooooAKKKKACiiigAooooAKKKKACiiigAooooAKKKKACiiigAooooAKKKKACiiigAooooAKKKKACiiigAooooAKKKKACiiigAooooAKKKKACiiigAooooAw/Gn/IieIf+wZc/+imr46NfYvjT/kRPEP8A2DLn/wBFNXx0aAGGo2qQ1G1AEL1C1TPULUARNUZqRqjNACGkpTSUAFFFFABRRRQAV9v+BP8Aknnhr/sFWv8A6KWviCvt/wACf8k88Nf9gq1/9FLQB0FFFFABRRRQAUUUUAFFFFABRRRQAUUUUAFFFFABRRRQAUUUUAFFFFABRRRQAUUUUAFFFFABRRRQAUUUUAFFFFABRRRQAUUUUAFFFFABRRRQAUUUUAFFFFABRRRQAUUUUAFFFFABRRRQAUUUUAFFFFABRRRQAUUUUAFFFFABRRRQAUUUUAFFFFABRRRQAUUUUAFFFFABRRRQAUUUUAFFFFABRRRQAUUUUAFFFFABRRRQAUUUUAFFFFABRRRQAUUUUAFFFFABRRRQAUUUUAFFFFABRRRQAUUUUAFFFFABRRRQAUUUUAFFFFABRRRQAUUUUAFFFFABRRRQAUUUUAFFFFAGH40/5ETxD/2DLn/0U1fHRr7F8af8iJ4h/wCwZc/+imr46NADDUbVIajagCF6hapnqFqAImqM1I1RmgBDSUppKACiiigAooooAK+3/An/ACTzw1/2CrX/ANFLXxBX2/4E/wCSeeGv+wVa/wDopaAOgooooAKKKKACiiigAooooAKKKKACiiigAooooAKKKKACiiigAooooAKKKKACiiigAooooAKKKKACiiigAooooAKKKKACiiigAooooAKKKKACiiigAooooAKKKKACiiigAooooAKKKKACiiigAooooAKKKKACiiigAooooAKKKKACiiigAooooAKKKKACiiigAooooAKKKKACiiigAooooAKKKKACiiigAooooAKKKKACiiigAooooAKKKKACiiigAooooAKKKKACiiigAooooAKKKKACiiigAooooAKKKKACiiigAooooAKKKKACiiigAooooAKKKKACiiigAooooAw/Gn/IieIf+wZc/wDopq+OjX2L40/5ETxD/wBgy5/9FNXx0aAGGo2qQ1G1AEL1C1TPULUARNUZqRqjNACGkpTSUAFFFFABRRRQAV9v+BP+SeeGv+wVa/8Aopa+IK+3/An/ACTzw1/2CrX/ANFLQB0FFFFABRRRQAUUUUAFFFFABRRRQAUUUUAFFFFABRRRQAUUUUAFFFFABRRRQAUUUUAFFFFABRRRQAUUUUAFFFFABRRRQAUUUUAFFFFABRRRQAUUUUAFFFFABRRRQAUUUUAFFFFABRRRQAUUUUAFFFFABRRRQAUUUUAFFFFABRRRQAUUUUAFFFFABRRRQAUUUUAFFFFABRRRQAUUUUAFFFFABRRRQAUUUUAFFFFABRRRQAUUUUAFFFFABRRRQAUUUUAFFFFABRRRQAUUUUAFFFFABRRRQAUUUUAFFFFABRRRQAUUUUAFFFFABRRRQAUUUUAFFFFABRRRQAUUUUAFFFFAGH40/wCRE8Q/9gy5/wDRTV8dGvsXxp/yIniH/sGXP/opq+OjQAw1G1SGo2oAheoWqZ6hagCJqjNSNUZoAQ0lKaSgAooooAKKKKACvt/wJ/yTzw1/2CrX/wBFLXxBX2/4E/5J54a/7BVr/wCiloA6CiiigAooooAKKKKACiiigAooooAKKKKACiiigAooooAKKKKACiiigAooooAKKKKACiiigAooooAKKKKACiiigAooooAKKKKACiiigAooooAKKKKACiiigAooooAKKKKACiiigAooooAKKKKACiiigAooooAKKKKACiiigAooooAKKKKACiiigAooooAKKKKACiiigAooooAKKKKACiiigAooooAKKKKACiiigAooooAKKKKACiiigAooooAKKKKACiiigAooooAKKKKACiiigAooooAKKKKACiiigAooooAKKKKACiiigAooooAKKKKACiiigAooooAKKKKACiiigDD8af8AIieIf+wZc/8Aopq+OjX2L40/5ETxD/2DLn/0U1fHRoAYajapDUbUAQvULVM9QtQBE1RmpGqM0AIaSlNJQAUUUUAFFFFABX2/4E/5J54a/wCwVa/+ilr4gr7f8Cf8k88Nf9gq1/8ARS0AdBRRRQAUUUUAFFFFABRRRQAUUUUAFFFFABRRRQAUUUUAFFFFABRRRQAUUUUAFFFFABRRRQAUUUUAFFFFABRRRQAUUUUAFFFFABRRRQAUUUUAFFFFABRRRQAUUUUAFFFFABRRRQAUUUUAFFFFABRRRQAUUUUAFFFFABRRRQAUUUUAFFFFABRRRQAUUUUAFFFFABRRRQAUUUUAFFFFABRRRQAUUUUAFFFFABRRRQAUUUUAFFFFABRRRQAUUUUAFFFFABRRRQAUUUUAFFFFABRRRQAUUUUAFFFFABRRRQAUUUUAFFFFABRRRQAUUUUAFFFFABRRRQAUUUUAFFFFABRRRQBh+NP+RE8Q/wDYMuf/AEU1fHRr7F8af8iJ4h/7Blz/AOimr45NADTUbVIajagCF6hapnqFqAImqM1IajNADTRQaKACiiigAooooAK+3/An/JPPDX/YKtf/AEUtfEFfb/gT/knnhr/sFWv/AKKWgDoKKKKACiiigAooooAKKKKACiiigAooooAKKKKACiiigAooooAKKKKACiiigAooooAKKKKACiiigAooooAKKKKACiiigAooooAKKKKACiiigAooooAKKKKACiiigAooooAKKKKACiiigAooooAKKKKACiiigAooooAKKKKACiiigAooooAKKKKACiiigAooooAKKKKACiiigAooooAKKKKACiiigAooooAKKKKACiiigAooooAKKKKACiiigAooooAKKKKACiiigAooooAKKKKACiiigAooooAKKKKACiiigAooooAKKKKACiiigAooooAKKKKACiiigAooooAKKKKAMPxp/wAiJ4h/7Blz/wCimr44Jr7G8a/8iH4i/wCwZc/+imr43JoACajY0pNMY0ARvULVKxqFqAIzTDT2phoAaaKDRQAUUUUAFFFFABX2/wCBP+SeeGv+wVa/+ilr4gr7D8F+NPCtr4F8PW9x4l0aGeLTLZJI5L+JWRhEoIILZBB4xQB3lFc//wAJ34Q/6GvQ/wDwYxf/ABVH/CdeEP8AoatD/wDBjF/8VQB0FFYH/CdeEP8AoatD/wDBhF/8VR/wnPhH/oadE/8ABhF/8VQBv0Vg/wDCceEv+hp0T/wYRf8AxVH/AAnHhL/oadE/8GEX/wAVQBvUVg/8Jx4S/wCho0T/AMGEX/xVH/Cb+Ev+ho0T/wAGEX/xVAG9RWD/AMJv4S/6GjRP/BhF/wDFUf8ACb+Ev+ho0T/wYRf/ABVAG9RWD/wm/hL/AKGjRP8AwYRf/FUf8Jv4S/6GjRP/AAYRf/FUAb1FYP8Awm/hL/oaNE/8GEX/AMVR/wAJv4S/6GjRP/BhF/8AFUAb1FYP/Cb+Ev8AoaNE/wDBhF/8VR/wm/hL/oaNE/8ABhF/8VQBvUVg/wDCb+Ev+ho0T/wYRf8AxVH/AAm/hL/oaNE/8GEX/wAVQBvUVg/8Jv4S/wCho0T/AMGEX/xVH/Cb+Ev+ho0T/wAGEX/xVAG9RWD/AMJv4S/6GjRP/BhF/wDFUf8ACb+Ev+ho0T/wYRf/ABVAG9RWD/wm/hL/AKGjRP8AwYRf/FUf8Jv4S/6GjRP/AAYRf/FUAb1FYP8Awm/hL/oaNE/8GEX/AMVR/wAJv4S/6GjRP/BhF/8AFUAb1FYP/Cb+Ev8AoaNE/wDBhF/8VR/wm/hL/oaNE/8ABhF/8VQBvUVg/wDCb+Ev+ho0T/wYRf8AxVH/AAm/hL/oaNE/8GEX/wAVQBvUVg/8Jv4S/wCho0T/AMGEX/xVH/Cb+Ev+ho0T/wAGEX/xVAG9RWD/AMJv4S/6GjRP/BhF/wDFUf8ACb+Ev+ho0T/wYRf/ABVAG9RWD/wm/hL/AKGjRP8AwYRf/FUf8Jv4S/6GjRP/AAYRf/FUAb1FYP8Awm/hL/oaNE/8GEX/AMVR/wAJv4S/6GjRP/BhF/8AFUAb1FYP/Cb+Ev8AoaNE/wDBhF/8VR/wm/hL/oaNE/8ABhF/8VQBvUVg/wDCb+Ev+ho0T/wYRf8AxVH/AAm/hL/oaNE/8GEX/wAVQBvUVg/8Jv4S/wCho0T/AMGEX/xVH/Cb+Ev+ho0T/wAGEX/xVAG9RWD/AMJv4S/6GjRP/BhF/wDFUf8ACb+Ev+ho0T/wYRf/ABVAG9RWD/wm/hL/AKGjRP8AwYRf/FUf8Jv4S/6GjRP/AAYRf/FUAb1FYP8Awm/hL/oaNE/8GEX/AMVR/wAJv4S/6GjRP/BhF/8AFUAb1FYP/Cb+Ev8AoaNE/wDBhF/8VR/wm/hL/oaNE/8ABhF/8VQBvUVg/wDCb+Ev+ho0T/wYRf8AxVH/AAm/hL/oaNE/8GEX/wAVQBvUVg/8Jv4S/wCho0T/AMGEX/xVH/Cb+Ev+ho0T/wAGEX/xVAG9RWD/AMJv4S/6GjRP/BhF/wDFUf8ACb+Ev+ho0T/wYRf/ABVAG9RWD/wm/hL/AKGjRP8AwYRf/FUf8Jv4S/6GjRP/AAYRf/FUAb1FYP8Awm/hL/oaNE/8GEX/AMVR/wAJv4S/6GjRP/BhF/8AFUAb1FYP/Cb+Ev8AoaNE/wDBhF/8VR/wm/hL/oaNE/8ABhF/8VQBvUVg/wDCb+Ev+ho0T/wYRf8AxVH/AAm/hL/oaNE/8GEX/wAVQBvUVg/8Jv4S/wCho0T/AMGEX/xVH/Cb+Ev+ho0T/wAGEX/xVAG9RWD/AMJv4S/6GjRP/BhF/wDFUf8ACb+Ev+ho0T/wYRf/ABVAG9RWD/wm/hL/AKGjRP8AwYRf/FUf8Jv4S/6GjRP/AAYRf/FUAb1FYP8Awm/hL/oaNE/8GEX/AMVR/wAJv4S/6GjRP/BhF/8AFUAb1FYP/Cb+Ev8AoaNE/wDBhF/8VR/wm/hL/oaNE/8ABhF/8VQBvUVg/wDCb+Ev+ho0T/wYRf8AxVH/AAm/hL/oaNE/8GEX/wAVQBvUVg/8Jv4S/wCho0T/AMGEX/xVH/Cb+Ev+ho0T/wAGEX/xVAG9RWD/AMJv4S/6GjRP/BhF/wDFUf8ACb+Ev+ho0T/wYRf/ABVAG9RWD/wm/hL/AKGjRP8AwYRf/FUf8Jv4S/6GjRP/AAYRf/FUAb1FYP8Awm/hL/oaNE/8GEX/AMVR/wAJv4S/6GjRP/BhF/8AFUAb1FYP/Cb+Ev8AoaNE/wDBhF/8VR/wm/hL/oaNE/8ABhF/8VQBvUVg/wDCb+Ev+ho0T/wYRf8AxVH/AAm/hL/oaNE/8GEX/wAVQBvUVg/8Jv4S/wCho0T/AMGEX/xVH/Cb+Ev+ho0T/wAGEX/xVAG9RWD/AMJv4S/6GjRP/BhF/wDFUf8ACb+Ev+ho0T/wYRf/ABVAG9RWD/wm/hL/AKGjRP8AwYRf/FUf8Jv4S/6GjRP/AAYRf/FUAb1FYP8Awm/hL/oaNE/8GEX/AMVR/wAJv4S/6GjRP/BhF/8AFUAb1FYP/Cb+Ev8AoaNE/wDBhF/8VR/wm/hL/oaNE/8ABhF/8VQBvUVg/wDCb+Ev+ho0T/wYRf8AxVH/AAm/hL/oaNE/8GEX/wAVQBvUVg/8Jv4S/wCho0T/AMGEX/xVH/Cb+Ev+ho0T/wAGEX/xVAG9RWD/AMJv4S/6GjRP/BhF/wDFUf8ACb+Ev+ho0T/wYRf/ABVAG9RWD/wm/hL/AKGjRP8AwYRf/FUf8Jv4S/6GjRP/AAYRf/FUAb1FYP8Awm/hL/oaNE/8GEX/AMVR/wAJv4S/6GjRP/BhF/8AFUAb1FYP/Cb+Ev8AoaNE/wDBhF/8VR/wm/hL/oaNE/8ABhF/8VQBvUVg/wDCb+Ev+ho0T/wYRf8AxVH/AAm/hL/oaNE/8GEX/wAVQBvUVg/8Jv4S/wCho0T/AMGEX/xVH/Cb+Ev+ho0T/wAGEX/xVAG9RWD/AMJv4S/6GjRP/BhF/wDFUf8ACb+Ev+ho0T/wYRf/ABVAG9RWD/wm/hL/AKGjRP8AwYRf/FUf8Jv4S/6GjRP/AAYRf/FUAb1FYP8Awm/hL/oaNE/8GEX/AMVR/wAJv4S/6GjRP/BhF/8AFUAb1FYP/Cb+Ev8AoaNE/wDBhF/8VR/wm/hL/oaNE/8ABhF/8VQBvUVg/wDCb+Ev+ho0T/wYRf8AxVH/AAm/hL/oaNE/8GEX/wAVQBvUVg/8Jv4S/wCho0T/AMGEX/xVH/Cb+Ev+ho0T/wAGEX/xVAC+Nv8AkQvEX/YMuf8A0U1fGZavrHxh4x8MXPgnX4LfxHpEs0unXCRxx30TM7GNgAAGyST2r5J3UAPLUwmmlqaWoAGNRMacTUZNADTTTSk02gBKKKKACiiigAooooAKKKKAFpQabS0APBp4NRA0oNAEwal3VFmlzQBLuo3VFuo3UATbqN1Q7qN1AE26jdUO6jdQBNuo3VDuo3UATbqN1Q7qN1AE26jdUO6jdQBNuo3VDuo3UATbqN1Q7qN1AE26jdUO6jdQBNuo3VDuo3UATbqN1Q7qN1AE26jdUO6jdQBNuo3VDuo3UATbqN1Q7qN1AE26jdUO6jdQBNuo3VDuo3UATbqN1Q7qN1AE26jdUO6jdQBNuo3VDuo3UATbqN1Q7qN1AE26jdUO6jdQBNuo3VDuo3UATbqN1Q7qN1AE26jdUO6jdQBNuo3VDuo3UATbqN1Q7qN1AE26jdUO6jdQBNuo3VDuo3UATbqN1Q7qN1AE26jdUO6jdQBNuo3VDuo3UATbqN1Q7qN1AE26jdUO6jdQBNuo3VDuo3UATbqN1Q7qN1AE26jdUO6jdQBNuo3VDuo3UATbqN1Q7qN1AE26jdUO6jdQBNuo3VDuo3UATbqN1Q7qN1AE26jdUO6jdQBNuo3VDuo3UATbqN1Q7qN1AE26jdUO6jdQBNuo3VDuo3UATbqN1Q7qN1AE26jdUO6jdQBNuo3VDuo3UATbqN1Q7qN1AE26jdUO6jdQBNuo3VDuo3UATbqN1Q7qN1AE26jdUO6jdQBNuo3VDuo3UATbqN1Q7qN1AE26jdUO6jdQBNuo3VDuo3UATbqN1Q7qN1AE26jdUO6jdQBNuo3VDuo3UAS7qN1RZo3UASbqaWpmaTNADiaYTQTSE0ABptLSUAFFFFABRRRQAUUUUAFFFFABRRRQAtFJRQA7NGabmlzQA7NGabmjNADs0ZptFADs0ZptFADs0ZptFADs0ZptFADs0ZptFADs0ZptFADs0ZptFADs0ZptFADs0ZptFADs0ZptFADs0ZptFADs0ZptFADs0ZptFADs0ZptFADs0ZptFADs0ZptFADs0ZptFADs0ZptFADs0ZptFADs0ZptFADs0ZptFADs0ZptFADs0ZptFADs0ZptFADs0ZptFADs0ZptFADs0ZptFADs0ZptFADs0ZptFADs0ZptFADs0ZptFADs0ZptFADs0ZptFADs0ZptFADs0ZptFADs0ZptFADs0ZptFADs0ZptFADs0ZptFADs0ZptFADs0ZptFADs0ZptFADs0ZptFADs0ZptFADs0ZptFADs0ZptFADs0ZptFADs0ZptFADs0ZptFADs0ZptFADs0ZptFADs0ZptFADs0ZptFADs0ZptFADs0ZptFADs0ZptFADs0ZptFADs0ZptFADs0ZptFADs0ZptFADs0ZpuaM0ALmjNJmkzQAtJRRQAUUUUAFFFFABRRRQAUUUUAFFFFABRRRQAUUUUAFFFFABRRRQAUUUUAFFFFABRRRQAUUUUAFFFFABRRRQAUUUUAFFFFABRRRQAUUUUAFFFFABRRRQAUUUUAFFFFABRRRQAUUUUAFFFFABRRRQAUUUUAFFFFABRRRQAUUUUAFFFFABRRRQAUUUUAFFFFABRRRQAUUUUAFFFFABRRRQAUUUUAFFFFABRRRQAUUUUAFFFFABRRRQAUUUUAFFFFABRRRQAUUUUAFFFFABRRRQAUUUUAFFFFABRRRQAUUUUAFFFFABRRRQAUUUUAFFFFABRRRQAUUUUAFFFFABRRRQAUUUUAFFFFABRRRQAUUUUAFFFFABRRRQAUUUUAFFFFABRRRQAUUUUAFFFFABRRRQAUUUUAFFFFABRRRQAUUUUAFFFFABRRRQAUUUUAFFFFABRRRQAUUUUAFFFFABRRRQAUUUUAFFFFABRRRQAUUUUAFFFFABRRRQAUUUUAFFFFABRRRQAUUUUAFFFFABRRRQAUUUUAFFFFABRRRQAUUUUAFFFFABRRRQAUUUUAFFFFABRRRQAUUUUAFFFFABRRRQAUUUUAFFFFABRRRQAUUUUAFFFFABRRRQAUUUUAFFFFABRRRQAUUUUAFFFFABRRRQAUUUUAFFFFABRRRQAUUUUAFFFFABRRRQAUUUUAFFFFABRRRQAUUUUAFFFFABRRRQAUUUUAFFFFABRRRQAUUUUAFFFFABRRRQAUUUUAFFFFABRRRQAUUUUAFFFFABRRRQB/9kNCmVuZHN0cmVhbQ1lbmRvYmoNMTQ1IDAgb2JqDTw8L0JpdHNQZXJDb21wb25lbnQgOCAvQ29sb3JTcGFjZSAvRGV2aWNlUkdCIC9GaWx0ZXIgL0RDVERlY29kZSAvSGVpZ2h0IDYxNyAvTGVuZ3RoIDUwODk5IC9TdWJ0eXBlIC9JbWFnZSAvVHlwZSAvWE9iamVjdCAvV2lkdGggNjIxPj4NCnN0cmVhbQ0K/9j/4AAQSkZJRgABAQAAAQABAAD/2wBDAAgGBgcGBQgHBwcJCQgKDBQNDAsLDBkSEw8UHRofHh0aHBwgJC4nICIsIxwcKDcpLDAxNDQ0Hyc5PTgyPC4zNDL/2wBDAQkJCQwLDBgNDRgyIRwhMjIyMjIyMjIyMjIyMjIyMjIyMjIyMjIyMjIyMjIyMjIyMjIyMjIyMjIyMjIyMjIyMjL/wAARCAJpAm0DASIAAhEBAxEB/8QAHwAAAQUBAQEBAQEAAAAAAAAAAAECAwQFBgcICQoL/8QAtRAAAgEDAwIEAwUFBAQAAAF9AQIDAAQRBRIhMUEGE1FhByJxFDKBkaEII0KxwRVS0fAkM2JyggkKFhcYGRolJicoKSo0NTY3ODk6Q0RFRkdISUpTVFVWV1hZWmNkZWZnaGlqc3R1dnd4eXqDhIWGh4iJipKTlJWWl5iZmqKjpKWmp6ipqrKztLW2t7i5usLDxMXGx8jJytLT1NXW19jZ2uHi4+Tl5ufo6erx8vP09fb3+Pn6/8QAHwEAAwEBAQEBAQEBAQAAAAAAAAECAwQFBgcICQoL/8QAtREAAgECBAQDBAcFBAQAAQJ3AAECAxEEBSExBhJBUQdhcRMiMoEIFEKRobHBCSMzUvAVYnLRChYkNOEl8RcYGRomJygpKjU2Nzg5OkNERUZHSElKU1RVVldYWVpjZGVmZ2hpanN0dXZ3eHl6goOEhYaHiImKkpOUlZaXmJmaoqOkpaanqKmqsrO0tba3uLm6wsPExcbHyMnK0tPU1dbX2Nna4uPk5ebn6Onq8vP09fb3+Pn6/9oADAMBAAIRAxEAPwD3+iiigAooooAKKKKACiiigAooooAKKKKACiiigAooooAKKKKACiiigAooooAKKjiuIZ1DQyxyKc4KMCDg4PT34qSgAooooAKKYJomnaASoZVUM0YYbgD0JHpwafQAUUxpY0kSNpFEj52KTy2OuB3p9ABRRRQAUUUUAFFFFABRRRQAUUUUAFFFFABRRRQAUUUUAFFFFABRRRQAUUUUAFFFFABRRRQAUUUUAFFFFABRRRQAUUUUAFFFFABRRRQAUUUUAFFFFABRRRQAUUUUAFFFFABRRRQAUUUUAFFFFABRRRQAUUUUAFFFFABRRRQAUUUUAFFFFABRRRQAVxN7f+IZPF1xo9r4i06zcx/aLeG50l23x99r+aA5XvgDGRXbV554vim1m8I163XS/DVhNhroqZLm7LDaVj2ZMUZBKsfvEZHGTQB5z4Ynup7DQryw8R2g1e2v57OC0tNOaSeQNIzOr4mUNDhxJk4C8c569J8TNPX/AISjzHsbS8uG8PXEkzTXbWyq6MgEiAbssMnC+/XirfhHwxf2HhPRvEfh+1ji1aCKeOSyuE8sXls07uqEkZRgCCre+Dx0k8e6FrWu3Murnw7pklrBoc0e3UpQ7xSOFcsiqrfOm0qDkZJ60AVfC2heHb/Ub6HV5WVLezsPIQ6hLCFDW4ZsBXGck5pWedfgrY3v2mJrOzkmklM5nkdlEzom1o5oz37sR+VP8M+H38VxTnUNO03baaVHYpeTaVEWluigIkHmKzFY1KKMnDHd7Y0oGuNe8G6P4Zfw/wDZftNy9nqiQwmGG2EJJkdCoAG9gCnY7j1waAPKhYyCyMQuwLsqEOoeaftBUNu2k/btuO33envzXpenanqWk/BrVtesLm3jLQPc2bRxSFkYHad3nSy55XgA4rlo7iGCSB74awGSCdbrT44bjz1nVj5YRvLKsHAA6jGc57V02oW99Z/B3xNoM2kT2gsbd1tTy4nif51we7jJVh2I9DQBX1gmw8VPPd+M/EE+p6XAY2lt9CSZIEkCuclIioJCjnrgV0nhbUtVfxb9juNfm1bTrnR4tRgea1ihYb5CB9xQfugcH1qfVPCGtzavrd3pmv2tpb6tGiTQzacZmXbHs4YSL256VleCJrW68YINNlmurPTvD1tp73T2zwq0iO3ADgc4wcc4zQB1vinxCPD2lCWGH7VqFzILextAeZ5m+6PYDqT2ANc14K8S6hb/AA41PWfEd2Lq50+e88+QcA+UzcLwOOMD8K2vEPgqDxBrVlqx1jVbC7s4nihayljUAN944ZGwTwMjHAritK8Aa9beHX0e5lvZ4L/W995HcXETIlosrSbxtwS0mFBHP3ug5oAy7jxPqGmX9hpmu+NNQ0hotHiu7lobT7Q7Tyu7OD8jbVRdo7AcV614Zljn8O2c0WsHWI3Ust8QoMoLHsoAGOnTtzzWJqd/4m0fxNeTW3hmPWNPuYYxby2kkcU0bqCCkpcjcpPII6VN8O/Dt34Y8IQ2N+IkunmluJIYTlIS7Fti+wBA/OgDq6KKKACiiigAooooAKKKKACiiigAooooAKKKKACiiigAooooAKKKKACiiigAooooAKKKKACiiigAooooAKKKKACiiigAooooAKKKKACiiigAooooAKKKKACiiigAooooAKKKKACiiigAooooAKKKKACiiigAooooAKKKKACiiigAooooAKKKKACiiigAooooAKKKKACiiigAooooAKKKKACiiigAooooAKKKKACiiigAooooAKKKKACiiigAooooAKKKKACiiigAooooAKKKKACiiigAooooAKKKKACiiigAooooAKKKKACiiigAooooAKKKKACiiigAooooAKKKKACiiigAooooAKKKKACiiigAooooAKKKKACiiigAooooAKKKKACsXXNVls9kNqA02Qzew64/GtC/vBZ25fG524RfU1k3dmbfTVklO64llVnY/jxWkEr3ZEn0Rs2l0l5bLMnfgj0PpU9ZMwOlXv2hQfssxxIo/hPrWqCCAQcg9CKmS6opMWiiipGFFFFABRRRQAUUUUAFFFFABRRRQAUUUUAFFFFABRRRQAUUUUAFFFFABRRRQAUUV5tpvirxXd6zqmoab4bvtS0SUtFbq93bRmOaJ2jfblwQhK5wRnOSODQB6TRXF/D7WNXu4L7SvENtcw61ZFJboyyRup84uyhNhICgDABOcYrnbjXvGMuntqVtr1pCk2vNpUFqdODFV+0mIHfvGSFG7p2/GgD1aiuB8Nt4w1PUtTW58TWhh0zUvsjoulgGdQkbnnzPlJD474xn2rlPGPjnxDpnjK403S9Yv3gSVUdY9JSQRMZIRsVsfNhJgf8AeKD+KgD2mivONSufEa+BbjxTp3jCSSBdNN7DHJpkI3gR7hn0zj8M1a8YeLtS0R/DsNrc21uNRjlaaaaxlusFEVhhIiG5LGgDvaK8Kj+JOtx6dca9/wAJDA/mhUFi3h+6MabXKblbftBOcn5uwGM8V654X1CfVNDjurm6iupGdgZYrOW1Bwf+echLD696ANmiqch864VopHBibDLt4NK0TCNwh2tIPmOM81zPEauy28/666F8ndluioIZUEbLudjEPmLDmoUDSSvKkjGOVRww6fSqlXSSa1v5/wBddA5O5doqnJEwCKrlIkOflHOPSpWuYzbrJltj8Agc80Rrp35tLCcexPRVKKBvK8uRy6hiwJGD7UpYxTefM7BcBQqjjP8AWoWJ0Tat89h8nZlyiiiuogKKKKACiiigAooooAKKKKACiiigAooooAKKKKACiiigAooooAKKKKACiiigAooooAKKKKACiiigAprusaM7sFVRkk9qdWVdM2pXn2OM/uIzmZh39v8AP9KaVxN2CzRr+7N/MpEa8QIf507XP+PJP+uq/wBa0lVUQKoAUDAA7VwXxC8VDTI7e0t42nmaQnYp5yoz+nH+RXRh6U69VQprUmXuxO7liSaJo5BlWGCKzrCV7S4Onzngcwuf4h6Uzw5r1t4i0iK9t3BJGHXurdwauahZ/a4BsO2ZDujb0NZSi4SdOasx76ot0VU0+8+1wHeNsyHbIvoat1DVtCk7hRRRSAKKKKACiiigAooooAKKKKACiiigAooooAKKKKACiiigAooooAKKKKAM/XNXt9B0K+1a6/1NpC0rDu2BwB7k4A+teVrpV4V1O20qHWrW/s4rXUJtPg1mUK5uHd5o0A2hWG1sHoSeRXsE8ENzC0M8SSxN95JFDKfqDWPq/g7w7r94t3qmkW11cqnliV1+bbnIGR25NAHK+Gr3StG8dXWm2kl9cjUM28l7e3LzObq3G4w5b0jkyCD2YdqzvCllLqOqRSXl1Zw6TpesahdLGZh5k1yZ5VXcp6Kqkkc8lh6V6Tpei6ZolklnpljBa28bFljiQAAnqfqfWs6fwN4TubiS4n8NaRLNKxeSR7KMszE5JJI5JNAHNS6NrI1fUoLDW9Jh0rUtVh1CSVZ3W6QL5W6NQPlw3lAZz0Y1x2rhj4x8XlkdsXsZt5I7+2t3gdUt5SwEp+bJii/hx8p6k8eqx+BPCMMqSxeGNHSRGDKy2UYII6EcVZk8LaBPc3NzPo1jNPcv5k0k0CuzNtC9SDjhR0oA8n+H3h3w7rOm6hd69p8F0tpp+nkNMThE+xxk9+Bwa6j+0pfEnibwxdaMkdvLFoU9/Gl0pZIhMYlj3hSOyv0PY10U/wAPfCF15H2jw9YSmCJIYzJEGIRRhRk9cDjmrt94U0HUoZIbvS7eSORIo3XbtDJGSUU4xwNx46c0AeBNcv550Atp51c3hj/shb29+zlt2/zN/wBo8vZ/F0znjbmvo+1+0fY4PtZiNz5a+aYQQhfHO3POM5xms7/hFfD39mHTP7D037CTn7P9lTZn1xjGffrVjSNG07QbEWWl2qW1sGLCJCcAnrjPT6UAQa3ex6fFDMeJGfaCO471QutalhhRpYpIlkxglSMj+hroZIIpWRpI1cocqWGcGq0Nhte5M8v2iOZt3luowv8An+leTi8DVq1eaE7J9v17320OqnVpxilJXsWolRYlEYATGRisS/1JbPVhbQqzO6BiijOST6VugBQABgDgCoZbWN/NdAsc0ibfNCjcK68Xh5VqShB2/roZUpxjK8lcxotT8/VIrK5Rk3Z+RhjJxx9RW+VBXaQCCMYqtbWKwwQpKwnki+7IyjIq1U4LDzo02pu7f3+nyHWnGTXKtjnINYZ7ieC2jklWNyBgZwB71a0e+TUbicsCZIsYDDG0fT1q3c6csluIbaT7KN+8mNByatLDGkjSBFEjDDMBgmuWhgKsKynKd0unTW+3oaTq03F8q1/r8ySiiivXOUKKKKACiiigAooooAKKKKACiiigAooooAKKKKACiiigAooooAKKKKACiiigAooooAKKKKACiiorm4S1geaQ/Ko6ep9KAK2pXbQosEHNxNwgHb3qaytFs7YRjlurt/eNVtNt3d2vrgfvpfur/cWrlxcJbQNNIcKo/P2q3/KiV3ZW1K7aBFhh5uJflQDt715tp1uNZ8VX+sBt9npzizt27PJzvYfr+DCui8T6pLo3hq71V8/2hd/6PaIOqluBj3Ayfw96nsNFTw54M0+wOBIrq0x9ZG5P68fQV6ND9xh5T6y91f8Atz/JfNmctWYmr2M/w/8AEB8QacjPod04F9bIP9ST/EB6f149K9DtLuC/tIrq1lWWCVQ6Op4INOuLeG7t5Le4jWSGVSjowyGB6g153YXEnw48QDSbx2fw7fOWtLh/+Xdz1Vj6f/r9aX++07f8vYr/AMCS/VfivNF/C/I7S/ie0uBqEAyBxMg/iHrWjFKk0SyRnKsMg04gMuDggj86yoSdKvfs7E/ZZjmNj/CfSvP+JeY9ma1FFFQUFFFFABRRRQAUUUUAFFFFABRRRQAUUUUAFFFFABRRRQAUUUUAFFFFABRTJZUgheaVgkcalmY9AByTXI3PxT8GWzwp/bcExklWI+TlvLyD8zei8daAOxorF0jxf4f1+6a20rVra8mVC5SJskKCAT+ZFW9a1iz0HS5NQvmcQIyJhF3MzMwVQAOpJIoAv0UVz+q+OfDOh372Op6zbWt1GoZ43JyoIyCeKAOgorkh8T/BJPHiOzPGerdPyq3qvjvw1ojwrqOpiEzxrLGfJkYMrAkEEKR0B460AdFRXLD4jeFDCkw1NjG+drC1m56f7HuK3dL1Sy1rTYdQ06cT2kwJjkAI3YJB4IB6g0AXKKhluVhmijYH94cA9s01rkIkjuAqryDnqKydamm03t/w5XKyxRTY38yNXAIyM4Iwaia6RLkQMCCVLAnoap1IxSbe4kmyeiqzXYjhLyLg7gAoOSc9KsA5UHBGfWiNSMnZMHFrcWiqyXYkEoRDvRtu1uOad9qTzY48Es4zgdvrUKvTaun/AFew+SRPRTZH8uNnIJwM4A5qFLoSRxyIuVbknPQdP51UqsIvlb1Eot6liioY7hZZpI1B+Q4J7VNVRmpK8Qaa3CiiiqEFFFFABRRRQAUUUUAFFFFABRRRQAUUUUAFFFFABRRRQAUUUUAFFFFABRRRQAdKyR/xNr7cebOA8f7bf5/zzUmozvNKun25xI/Mjf3Vq9BAltCsUYwqirXuq5O7JKyB/wATa+z1s4Dx/tt/n/PNS6jO80q6fbnEkn32/urUer6hb+GfDdzekDZbREqp/jboB+JIqqcJSajHd6IHqcvdY8U/E6C1+9p+gp5svo056D8MD/vk1ra076mvyHFrFIFDf3m9f8/1rJ8HWFxZ+H442JOp6s5u7qQ9VDcgH8OfxNdPqkCW2lwxRjCrIv49ea7cXOKqqlDaGi/V/N3I3TLGm3TuGtbji4h4P+0PWk1vRrTX9Jm0+9TdHIOD3RuzD3FGpWz5W8t+J4uSB/EvpVq1uUu7dZo+h6j0PpXCpOLU4Oz/AFLXZnC+D9cvNG1Q+ENff99HxY3LHiZOy59cdPy9M9zd2qXls0L9+QfQ+tc/418Lx+ItL3Rny72D54ZV+8pH+f8APFVvBHiqTVY30jVf3etWYxID/wAtlHRx6+/5967q8FiIfWaStJfEv/bl5Pr2ZK0fKzoNNunbdaXHFxDx/vD1rQrP1K1dtt3b8XEPP+8PSrNpdJeWyzJ34I9D6V58lfVFLsT0UUVJQUUUUAFFFFABRRRQAUUUUAFFFFABRRRQAUUUUAFFFFABRRRQBBe2q31lNavLNEsqlS8ErRuvurLgg+4r54tZ7iS6vL2G+vYJ5JngeQajcF3WKR0XcxulLYAPUcZOK9/1uPUZtDvYtIkii1F4WW3kmJCo5GAxwD069K871zwNrImngsrOLULaSC18q5N2sE8M8RYu5zGwfzMqWB4OORQBV+E1usms6nbie8SLS1ieGJL6YwsZvN3bozK6HkZ+pz1rMtdE0q5S2VfC2larqmq61qUfm30rRhRHJI3JCsei46V3Xh/QfEdprMOq3B0+xhmMkd1pluMoIusTKwUZkByCcAFW9hSaV4EtrrRhb69bSedDqV5dW7QXckTIssrkHdGwPKsOKAOLTSNKilsp18NabpWqad4otLJ3spGkVgQjnDEKed+OnatbxLqH2G++IMMfzXd/b2VhaRg/NJNNG6KB+efoDWjdeELu11Oy0vRdGWHSk1aDU7jUJ9SeZ5GQDI2vls/KB1xxU9/4b16Hxzfa9p+laHfrMITbvfXDxyQMiFGK4jbqG9aAITe6f4V8eTC8uooobTwxCF3uFLiOWTO3J54x+YrmvH89z4s8Q6HY2dzqUCXemC/t7SIgMGMcxJYYPO3CderY7iuuvrHxXqkkcmoeFPCN28X+ra4u5JCn0JgOKo+JPB2t694ks9R+x6YQmlpBKsl5PGiS7yzBDEVZgM9SPwFAGV4I8W6zb2kWg2GmXGrzq07Ib+6+zPFDEYkCkNHnILjjArvPA+l3ujeELKx1GNI7tGlaREfeF3SswAPfhhXEeHvCPirwtqiana6Xp124N5E1t9veNQkrxOrK7K7H/VkYbnmu58JWGrWOl3L608Zvru8muWiilaRIVdvljViBkAAdhzmgDTmZoJC0zlombg/3T6USXMCoCTnHAANQazYXOoRwRW8qxKsm52PpjtWUdNN4JobK5lWa3baxlHD+/t07V4mLeKhVcaUbp93q3u7HXThCUU5Ox0VusoDNK33jwvXb+NV2fyHCXDlgxO1yeD7VcTcEXdjdgZx61larptzqF3blJxDBGp3kDLZPpXdioTVH90ryW3/BMqdnO0nZFuS5i3Db80jcKFPJNSrFN9nZWmIkbkMB932rAt7B7xorqwndRFKA0cwPOD1B+ldNWOA9rUUpVl6WejT/AFKrRjCyiykk6LIUlO2VeuTn8aQy+a5itz+8IyWzwo9ay73T5Y7q71C6nbyMjZFFnLdhmp9M06aC+F2lwZLWWPhXGGGcEVzReKdf2bj7t/nbozRwpqPMn/lfsakyS7EKSEleo4G+oY7mBoyQw54INW5AxicJjftO3PrXMJphslghvLmVprhtqmIfLH79OeveujHutBp0Vfvd6dEvvM6MYzT5mbsTtPIGhYrErcnOd3t/9erlZ2kWNxYQyxXEqygvuRh6YrRrrwin7JOorSe5nVspWi7oKKKK6TMKKKKACiiigAooooAKKKKACiiigAooooAKKKKACiiigAooooAKKKKACqt/eCzty+Nztwi+pqw7rGjO7BVUZJPasyzRr+7N/MpEa8QIf51UV1Ym+iLGnWZt4mklO64l+Z2P8qkvrtbO3L43OeEX1NTu6xozuQqqMkntWZZo2oXf26UERJxAp/nTWruxbaIsadaNbxtLMd1xKdzk9vauH8e3Y1fxFpfhlPnhRhd3ijuo+6p+vP5iu/u7qGxs5ru4cJDChkdj2AGTXCfD+wl1a6v/ABbfoRLfzEwKf4UU4H4DGPwFd2Cfs1PFS+zov8T2+5XZMl9lHZ6ZZm2iMkvM8vLe3tVfxDKkNhGXbAMyj+dapIVSxOABkk1zGqBtTT7Q+RbLIEjHr6muKHvSuxy0VkdR1rJlB0q+85R/os5w4/uN61Jp07wyNp9wcyR/cb+8tX5oknhaKQZRhgil8Lsx7oeCCAQcg1wHjXwzMLqHXNIbydRt23ROvc/3T7Hn8yOhrrNPle1nOn3B5XmFj/EvpWhLEk8TRSDKMMEVrQrTw9RTj/w6E1zIw/CfiiDxPpZmCeTeQny7q3PWN/8AA9vy7VZmB0q9+0KD9lmOJFH8J9a4jXdM1Dw3rX9u6Om65hH+kwDpdQ9+P7wx+me3Pd6Vqdj4k0WO8tWElvOuCp6qe6n0IroxNGEUq9H4JdOz7f5P/giTvo9zRBBAIOQehFLWXYSvaXB0+c8DmFz/ABD0rUrgasWncKKKKQwooooAKKKKACiiigAooooAKKKKACiiigAooooAKKKKACiiigAooooAKKKKACiiigAooooAKKKKACiiigAooooAKKKKACiiigAooooAKKKKACiiigAooooAKKKKACiiigAooooAKKKKACiiigAooooAKKKKACiiqOpXbQosEHNxNwgHb3ppXdhN2ILpm1K8+xxn9xGczMO/t/n+laiqqIFUAKBgAdqgsrRbO2EY5bq7f3jUOpXbQIsMPNxL8qAdveqershbasgunbUbz7FEf3MZzOw/l/n+laiIsaKiABVGAB2qvY2i2duIxyx5dvU1FqV41vGsUXNxLwg9Peh6uyDbVnGfELUZtSmsfClg+JtQmCSsOyA5P4Dr+BrurO0hsLKCzt02QwII0X0AGBXA+BbUaz4n1TxI/wA8EJ+x2bH+ID7zD6/+zGu61C8+yW+VGZXO2NfU13Y1ezjDCx+zq/8AE/8AJWX3kx6yZWv5HvLhdPhOAeZnH8I9KTV40h02KNBhVkUAfnVnT7P7JAS53TSHdI3qar6+6pYRliAPOUfzriT95JDezbJtStGnjWaHi4iO5CO/tUtldreWwkHDdHX0NWaybpTpt6LyMf6PKcTKOx9f8/1pLVWG9HctahZm6hDRnbPGd0be/pS6feC8gyw2yodsi+hq0rBlDKcgjII71mX0b2VyNQgGV6TIO49aFqrA9NSxqFn9qhBQ7Z4zujb0NeeM03gnV31uzjZtFuZAmpWiD/j3c8eYo9P/ANXpj02ORJo1kQ5VhkGsnVrNF33BiWWCRTHcwkZDoeDmunC4j2TcZK8Xo13/AOD2fRikuqLE6Qavp8VzZyq+VEkEqHg9+tS6fefa4DvG2ZDtkX0NcFpl43w/1iPTriRpPDWoPus7hufsznqjH0//AF+tdpfxtaXC6jbjIHEyj+JfWjEYf2TVneL1i+//AAe67gn1NSimRSpNEskZyrDINPrjLCiiigAooooAKKKKACiiigAooooAKKKKACiiigAooooArX909lYzXMdpPdvGMiC32739huIH5kV5ho/xB1uXwReaylqoW3urg+dqbDEymVxHFEIixLj5UwQOcYJ616Pr0Wo3GiXUGlSJFezKI45XPEW4gM/uVUlgO5AFeK6f4Zs9K8HTMg0yPSnvrtJn1eXdBavDPIiTLHjdJKUO3AIB2jOaAO/8Fah4seePS9ZudKnnto1mvVDyG4hWXc0aMduwsMY69BnuM63iHV/tLxaJo+qfZ9XujL9nnjVJY45IQrsko7AhgCOuD2rhvhpbWFnrj2dul7p9vZWxntLSeNoZdT38PdOvAYcBVTnaOSASKk8OW0+m6v4MvNWX7Le6lJql9cJN8hV5QrBTnoQu0Y9qAPQND1831pYxapbnTdXuEkLWMrfNmM7XKf3lyQQe4INcL4k8aajpvja8sU19bZIL6whisDaowljlMfmEyEZGAzd61PEl9c6v4lCaHax3d74da1vVeKUbpBM0kcsPPAzEN3J64rnPEtrdX+t+I7tb2L+yRr2l2s9q0AYTspt92XJ4wXwRg5xQBZ0/x/4hvNe0SX+xNSuLS7S/lijt/JVbqESJ5LrucH5UIyWxnfxmun8XeJZ4n0PQNPuGsdb1qeParbWktoR88rEcrkAFR1BJ4ziucv8ASdTtfHXhq1t/FscaJZXi27JZQhbeNfJGwDoQRjr021reK9Es38ReE7pvmvru8+zT30J8uR1FrPgqV+7yxPy98egoATUr7x5D4h0vR21TQbcal55SeHT5XaMRqG5DS4JOa7jTbe7tdPhhvr03tyoPmXBiEe85/ujgen4V5jrHhjSo/G/hmBfEWtOkq3e+RtalZ0wi42sWyue+Otej6JpsGl6f5Fte3l5GzlxLd3TXD+mA7EnHHT60ATXR85vKjkdJEIbheKcUYFpF4kYEH6dqg1m4SzsGuW4ZCAp9yay5dbmWzE5ikWNvuyFeK8bGYuOHqtSTbtfT+tDqp0pzinH0Nu1YJ+4Ls8ijcSwqMEzXAnhkfbgqUZeKksGjeyiliHEihie5J9aztY1BNPu7cKD5kuchRnPpx61vXn7LDKo9lba/yt/WpEIOVRxW5ekhYR+XGxRSQSQMn3qxDKkseUJIU7ST6isGXVmF1Bb3MbxCVgCCMZB966FVCqFUAAdAKMBWVZycVa2mu/8AwwVYSglzdRaKKK9IwCiiigAooooAKKKKACiiigAooooAKKKKACiiigAooooAKKKKACiiigAooooAKKKOlAEVzcJawPNIflUdPU+lU9Nt3d2vrgfvpfur/cWoh/xNr7cebOA8f7bf5/zzWtVv3VYlau5FcXCW0DTSHCqPz9qpadbvJI1/cD97L9xf7q1EP+JtfZ62cB4/22/z/nmteh+6rBu7kVxOltA0shwqj8/auI8X6jPYeHZrhQTqepsLS0jHVQ3Bx+GfzHrXTf8AIWvvWzgP/fbf5/zzXLw/8VT8T5JfvafoCbE9GuG6/lg/98Cu3AwipupPaCu/0XzdiZO51Gg6XB4c8OWtgCoW3i/eP/ebqx/Ek06xja+ujqEwIUfLCh7D1pLpjqV6LKM/uIzmZh3Pp/n+laiqEUKoAUDAA7VyVJyk3OW71KSv6CkgDJOAK5fWC2qLvyRaxyBEP95vWtXUJnuZhp9ufmbmVv7q0zVoUg0yGKMYRZFA/WiHutClqiXTblwWsrjieLgE/wAS+tX5I1ljaNxlWGCKpalavIFubfi5h5X/AGh6VPZ3aXlssqcHoy+h9Kh6+8hrsynYyNZXJ0+Ykr1hc9x6VpkBlKkZBGCDVXULP7XB8pxMh3Rt6GjT7z7XB84xMh2yL6Gh6q4LTQqQE6Xe/ZXJ+zSnMTH+E+lapAYEEZB4INQ3lql5bNE/flT6H1qvpt07hrW44uIeD/tD1pvVXBaaGVqGlWk8M2jahH5mn3f+rY9Y27YPYj/Pesfwtq15oeqnwhr77mUf8S+6bpPH2X6j/wCt6Z7W8tUvLZoX78g+h9a5rWdEj8U6S+mXb+TqVqd9vcD7yMOjA+nTP4HrXZhq8HF0a3wv8H/Mv1XVEtWehrQk6Ve/Z2J+yzHMbH+E+la1cX4a1uTWYLjw9ro8nXLL5ZAf+WoHSRfXtn65710mm3TtutLji4h4/wB4etYYihKlNxluvxXRryY4s0KKKK5ywooooAKKKKACiiigAooooAKKKKACiiigAooooAKx08KaCk9vN/ZNq8ttJLLC8ibzG8jb3YE5wS3P8q2KKAKtxptld3lpeXFrFJc2jM1vKygtEWG1tp7ZBxUWq6JpWuQJBq2m2l9EjbkS5hWQKfUZHBq/RQBQ0vRNK0OB4dK020sYnbcy20Kxhj6nA5qrdeE9BvZInuNMgkMVy12oIOPOYglyOhOQOvpWzRQBzf8Awr3wb/0K2j/+AUf+Fan9iaYE09FsokTTm32iINqwnaU+UDj7rEY960KKAOb/AOFe+Df+hW0f/wAAo/8ACtuw0+z0uyjsrC1htbWLOyGFAiLkknAHA5JP41ZooAjlhinQJLGrqDnDDIzVdbJhfSzvMXikQJ5JUbR/n+tXKKiVOMmm1sUpNaIbHGkUapGoVFGAAOBTWgieVZjGplUYVyORUlFVyq1hXe5StdPEUBiuJPtPz7wZEHBq7RRUwpxgrRQ5ScndhRRRVkhRRRQAUUUUAFFFFABRRRQAUUUUAFFFFABRRRQAUUUUAFFFFABRRRQAUUUUAFZuozvNKun25xI/Mjf3Vqxf3gs7cvjc7cIvqaZp1mbeJpJTuuJfmdj/ACqlpqyXroWYIEtoVijGFUVR1Gd5pV0+3OJJPvt/dWrN9drZ25fG5zwi+pqPTrRreNpZjuuJTucnt7U1p7zB9kWbeBLaBYoxhVH51R1Gd5ZFsLc/vZPvt/dWrN9drZ25kIy54RfU1Fpto0EbSzHdcS/M5Pb2oWnvMH2RQ8Q6pD4V8KXV4mA0Me2IH+KQ8L+pyfxrJ8K2Enh3wlawEE6pfkzy5+9vf1+gwPrmqHimdNe8b6dobHNhpo+3Xw7Fv4FP5j/vuuw06F55W1C4GJJOI1/urXfU/c4aMHvP3n6fZX5v5oneWhZsbRbO2EYOWPLt6mm394LO3yBulc7Y19TVmSRYo2kc4VRkmufi1CKa8N5KGkf7sEKDJHvXBFOTuym7aGtp1mbWEtId08h3SN7+lUteu4Ft0i8wGQSAlV5I61J5OoX/APrn+ywn+BPvH6mrltYW1quIoxk8FjyTTuk7sVrqyJYbiG4TfDIrj2PSs24B0u9+1IP9GlOJVHY+tTT6TEz+bbs1vL/eTp+VQSXN1bxtFqEHnQEYMsY7e4oil0B+ZrKwZQynIIyCKzL+NrK5GoQjK9JkHcetQ6TexxzGy80Oh5hc+noa2WUMpVhkEYIPel8LH8SEjkWWNZEOVYZBqjqVs+VvLfieLkgfxL6VDbMdMvfsjn/R5TmFj2PpWtS+F3QbohtblLu3WaPoeo9D6VV1K2c7by34ni5/3l9KhlB0q+85R/os5w4/uN61rAggEHINP4XdBvozjfE2hNr1tb69oreRrdl80Lj+PHWNv1x9fQ0/RddTxRpg1C2T7Pqlmdl1bHgqw6jHXB5x+I61syg6VfeeoP2WY4kA/gPrXN+K9IvNH1FfF3h6MNcRj/TrZfu3MXc49R/TPbn0KM414KhN6/Zf/tr8n07PyZD7nZ2l0l5bLMnfgj0PpU9czper2lzbwaxp777C74kTvE/cEdiP89q6UEEAg5B6EVwVKbhJxasXF3FooorMoKKKKACiiigAooooAKKKKACiiigAooooAKxW8WaMul6rqTXWLTSppILqQocB0xuVf7xyQOM88das682qLod1/YkcT6kyhLfzmwisSBuPsoJbHfGO9eQeGLTUI/D3hGXVJ4bnSm1Tyo7VMhri5aaUmeYkfNtK5VR35J4xQB7Fo+r2WvaVBqWny+ZbTA7SQQQQcFSDyCCCCD0Iqpd+K9D0/VpdNvtRgtZ4okldp3EaAOWCjceNx2MdvXAzXM6HbagPHev3OjyxW+nxX3lX9hJkpM5gRxNH/cclgGHQjnrXF3M+sad4e8eahqz26ayNR09pHCxssCyCH92C4K/IkrJuII6nvQB6jYeO/C+pXM9vb65YebFP9nCtcoPMbAI2c/MPmAyO+R2p+peNvDWkahLYahrNrb3UWN8Tt8y5GRn8CDXkXhO4tbbxvo9pZahBdR399LJdRG6srnJ8p2yBFGGTlV6EAY6c11mq6reaRrPjK4sbmO2nk1PS4PPkQOI1kSJGbB44DGgDpz8SfBoBJ8RWQA6kuf8ACtq/1my06GzmnkPl3dxFbwlFzueQ4X8PevOPEGqamLHxRpFzr1vq1sfDV1dBooEjKPyuPlJ7VT+IsmgsnhqGaW/uNX86x/0GyuJg7Q7uoVWChjyAxwfQ8UAd/eePPDdhf3Fjcag4uLd9kqJbSvsbAOCVUjoR+dbOm6laavp0GoWEwntLhN8UgBAYevPNeP2evapp93reiafp2p20t3qDSJcR3Vvvi8u1tzJGzTbgWC4JbnPJBODXo/gF7R/AOhtYW89vafZE8mO4YNJs7FiOCSOePWgDduLlbZVZwcE4yO1KZ8O24AIATuz1x1qG5LQs0rsTDgZH93396Rrm3WPJYbRz1rgq4n2c2pSt6mqhdaIsQTCeISKCAfWmNdIlyIGBBKlgT0NJb+azGRiQhHyoefxqFn8hwlw5YMTtcng+1XOtKNKMnp3f9bXEoptola7EcJeRcHcAFByTnpVgHKg4Iz61UkuYtw2/NI3ChTyTUqxTfZ2VpiJG5DAfd9qKFd1G7PmS/r72Eo2XYal2JBKEQ70bbtbjmnfak82OPBLOM4Hb61Ck6LIUlO2VeuTn8aQy+a5itz+8IyWzwo9axWKd+Xm17dfu/D8SuRdi5I/lxs5BOBnAHNQpdCSOORFyrck56Dp/OlmSXYhSQkr1HA31DHcwNGSGHPBBrWviHTnq7L+v+GJjG67k8dwss0kag/IcE9qmqnE7TyBoWKxK3Jznd7f/AF6uVth6jqQ5iZqzCiiityQooooAKKKKACiiigAooooAKKKKACiiigAooooAKa7rGjO7BVUZJPanVlXTNqV59jjP7iM5mYd/b/P9KaVxN2CzRr+7N/MpEa8QIf51pu6xozuQqqMkntSqqogVQAoGAB2rLunbUbz7FEf3MZzOw/l/n+lV8T8hbILNG1C7+3SgiJOIFP8AOtN3WNGdyAqjJJ7UqIsaKiABVGAB2rLu3bUbz7DESIkOZ2H8v8/0o+J+QbILRG1G8+3SgiJDiBT/AD/z/Sreo38Ol6bc31wcQ28bSN9AOn1qwqpFGFUBUUYA7AV5t8UdehltbLQ4p9kV1MGuZudqop6Z788/hXRhKDxNeNPp+nUTfKrj/AGnz6mt3rN8P3moTm4lz3XJ2r9Op+hFdzPqsETeVApnl6BI+n51zekX2k3NlFbpq0Bt0UAQWxJ498VvwahpNsm2GRUHsjZP44q8ZOVStKcoteXZdPwJhotytd6bqWroFuLhbaHr5SDJP1NSW+j3Nou2C8VPcRDNWv7Z0/8A5+P/ABxv8KP7Z0//AJ+P/HG/wrmvO1rfgVaO9xn2LUf+gj/5DFH2LUf+gj/5DFP/ALZ0/wD5+P8Axxv8KP7Z0/8A5+P/ABxv8KXvdvwD3e4z7FqP/QR/8hik+xaj/wBBH/yGKk/tnT/+fj/xxv8ACj+2dP8A+fj/AMcb/Cj3u34B7vczbjw3LcOJDeBJFOQyR4wfwq2txqNgoF3GLmMdZYhz+Iqf+2dP/wCfj/xxv8KP7Z0//n4/8cb/AAptzejQWitmJI1rq9qUjkXeOVzwVP0p2m3bTRtDNxcQ/K4Pf3qjcy6PcNvExil6h40YH+VZdxqEtpdR3MUwuSnBIUqWX34pqF1YTlZ3OtmiSeFopBlGGCKz9Ple1nOn3B5XmFj/ABL6VPY6na6hGrwSDJH3Dwwo1CzN1CGjO2eM7o29/SoWnusp66osyxJPE0UgyjDBFZ1hK9pOdPnPTmFj/EvpVnT7wXkGWG2VDtkX0NJqFn9qhBQ7Z4zujb0NC091g9dUcJq9jJ4F1mXV7SJpPDt8wW/tUH+oY9HUen/6vTHXaPfRlUgWZZYJFEltMDw6HpVq3kh1awlt7qJXypjniccHsePQ1560UvgTVk0q5kc6HdSF7C6Y/wDHrIeqMfQ//X9a9Jf7ZDlf8SP/AJMl+q/FeaIfu6rY9Roqnp959rg+biZPlkX0NXK8tqzsap3CiiikAUUUUAFFFFABRRRQAUUUUAFFFFABXnnh3wlrUH/CM2uopBFY6Q1zeOFfe0lw7yLGOOAqpIWz6kDtXodFAGBoGlXWn6x4jubhVEd/frPAQ2SUEMac+nKGuR8TeE/EuozeJ4NOtbQwarfWdwk0t4YmVYUgPy7UbktGw5xjg816bRQB5UvhbxouuaRqP2aGX+z7hpvLutelmV8xsnAMIwfnznnpjvWzd+HfELeJfEM9vZ6FdaZqUlu4j1Le+THEq/dAI6jvXeUUAebal4U8SvoGrWNho/hG0e+s5bZmtI3ichlIxnaP14rY17SdXvm8N2FtYxG2tLu2urq7acDYIjkqFxliex967GigDyvXPAOu+IrjWdMY2thp17qj3y6huLzqPIjjCogIxuw4JJ+6SMc13vhqLUrbQ4LXVLWzt57YeSq2bExMi8KygjKgj+HnHrWvRQBR1e1uL2waC2dUdmGWbsM1jHTBLJJYRXcwuo0DGRl+Rvb9RXT0Vw4nAUcRPnmrvb5fp6m9PESpx5UQWUcsNlDHMQZEQKxHfFZ+q6bc6hd25ScQwRqd5Ay2T6Vr0VvUw8KtL2U9Vp+BEasoz51uczb2D3jRXVhO6iKUBo5gecHqD9K6aiiowuEhhotQ67/8N0HVquo9ehzt7p8sd1d6hdTt5GRsiizluwzU+madNBfC7S4MlrLHwrjDDOCK26Kyjl1GNX2qWt7+d/X9C3iZuPL8vkNkDGJwmN+07c+tcwmmGyWCG8uZWmuG2qYh8sfv056966mitMVg6eIs5rb+noTSrOmml1M7SLG4sIZYriVZQX3Iw9MVo0UVvSpRpQVOGyM5zc5czCiiitCQooooAKKKKACiiigAooooAKKKKACiiigAooqK5uEtYHmkPyqOnqfSgCtqV20KLBBzcTcIB296msrRbO2EY5bq7f3jVXTbd3dr64H76X7q/wBxau3FwltA00hwqj8/arf8qJXdlbUrtoEWGHm4l+VAO3vUtjaLZ24jHLHl29TVSxjOX1G8IV5PuhjgItK+qmZzHYQtO3dzwooaeyFfqyTU702sIjjI8+TheenvVO2uo7WL7NZRtdTnl3H3c/Wmt4e+2zG41G5kdz/BGcKParKaBZxrtRplHoG/+tVe4lYXvN3AadcXZDX852/88Y+BU0+i6XdQiK4061mQdBLEr/zFRf2Hbf8APSf/AL7/APrUf2Hbf89J/wDvv/61ClZ3TsO3kYl78NPC14dw082z/wB+3lZMfhnH6VQPw81CxOdH8V6hAB92O5AmX+g/Suq/sO2/56T/APff/wBaj+w7b/npP/33/wDWrqjmGISs6ja81f8AO4uXyOV8j4hab/yz0bV0/wB3ynP/AKCB+tH/AAmuo2H/ACGfBd/Ao+9LbKJl/kB+tdV/Ydt/z0n/AO+//rUf2Hbf89J/++//AK1V9bpS/iU0/S8fydvwDll0MCz+IvhG7OxroW0n9y4gK4+pwR+tdHZ32k6iubK5s7kf9MXV/wCVU7nwnpN6MXUHn/8AXQK38xWNc/CzwxcHctvPA/8AehlK4/DkfpSf1GezlH7pL/20FznYeRF/zyT/AL5FHkRf88k/75FcFJ8OL+1/5BPiq/hA+7HcjzR/MD9KrPo/j3Tz93TtUQf3ZDG5/PaB+tCwdKf8Osn63X56fiHM10PRvIi/55J/3yKPIi/55J/3yK83/wCEiubD/kNeFNat1H3pLdhMv54A/Wrll4v8GXh2nVJ7eT+5cKyY/HGP1pSy7EJXUW15a/k2HOjvPIi/55J/3yKPIi/55J/3yKxrO20fUF3WWorcj1huFf8AlVr+w7b/AJ6T/wDff/1q5JR5XZ6FXfYnuNLtbjnyxG/UPHwc1W/4mNh/09wj/vsf4/rTv7Dtv+ek/wD33/8AWo/sO2/56T/99/8A1qE11YrMpyXsK3IvrYkN92eFuCR61uxyJNGsiHKsMg1ky+GrCb75m3f3g/P8qbBZ32kIVt2N1b5zsc/MPpTfLJaPUFdbk1/G9ncDUIBkdJkH8Q9ak1LTbHxFo8lndIJbadevdT2I9CKfb6lbXWY2PlyHgxyDBqtATpd79mcn7NMcxsf4T6URcotNaNBp8jhtE1HUPC2vDQdXYs6D/RLg9LmHsP8AeH9MdufTIpUmiWSM5VhkGsXxX4Zt/E+km2dvKuYzvtrgdYn/AMD3/wDrCud8FeI7iG7m0DWh5Wo252uG6N6MPY8foe9d1eMcVTeIpq0l8S/9uXk+vZ+Ql7rs9jv6KKK8w0CiiigAooooAKKKKACiiigAooooAKKKKACiiigAooooAKKKKACiiigAooooAKKKKACiiigAooooAKKKKACiiigAooooAKKKKACiiigAooooAKKKKACiiigAooooAOlZI/4m19uPNnAeP9tv8/55o1a9AYWSShGf/WOf4VpsN1K8S2+mW58tePNk4H1rSMWlchu7saskscKF5HVFHdjiuXv9Ulv70LbWks1vEeDsO1j6mtmPSQ7iW9la4k9Dwo/CtFVVFCqAqjoAMUJxj5g05HNo5mcSX0F5Ow6IEworRTVEjQIlhcKo6AR4rUopOafQajYzf7X/AOnK6/74o/tf/pyuv++K0qKV12HZ9zN/tf8A6crr/vij+1/+nK6/74rSoouuwWfczf7X/wCnK6/74o/tf/pyuv8AvitKii67BZ9zN/tf/pyuv++KP7X/AOnK6/74rSoouuwWfczf7X/6crr/AL4o/tf/AKcrr/vitKii67BZ9zN/tf8A6crr/vij+1/+nK6/74rSoouuwWfczf7X/wCnK6/74qle/wBm6kCL7QvtOf8Anrbqx/Wt+iqjPld46P1FZnnt54J8L3Tb49FvrSTs9s7KR9ASQPyqr/wjutWHOj+JNaiUfdjuoxMv6nH6V6ZRXXHMsQlZyuvPX87k+zR5xHq/xDsDiSzstTQdwhjc/wAh+lWV+It9aDOr+E9TtgOskI8xfzIA/Wu+ooeMoz/iUY/K6/LT8B8rXU4q2+Kfhu5OPOlib+7Km3H49P1ratfE9lfLutFa4X1iIf8Akau3ujaXqQP23TrW4z3lhVj+ZFc7d/DHwvcv5kVpLZydQ9tMykfQHIH5U19Rn/NH7pL/ANtC0zWubq3u1xNp1yT2YJgj8azbiS6EDQpBczQ9QsifMv0NUf8AhCNe0/nR/GN+gH3YrtRMv6nA/KjzviPpv37bSdWQd428tz+e0fpVLDU3/CqxfrdfmrfiS79ToNH1lZ4hb3YaG4TjEgxuH19ay/G3hNtZhj1PTSItZsxuhcf8tQP4D+uPr71m3HjeaNNviDwfqdso4MsS+ao/4Fx/OlsvHmhZH2LWVVf+fe8Rkx/wIjH61dPC4uhP2tOH3e8vwvow5lazNfwV4pj8RaaY5QYr+2OyeFuGUjjvXUV5Xr80ceop4s8NyRfbov8Aj8t43DJcJ3II6n+fXqOfQ9C1q08QaRDqNm+Y5B8y90bup9xWWMwyilWpq0X0/lfb/J9UOEr6GjRRRXnmgUUUUAFFFFABRRRQAUUUUAFFFFABRRRQAUUUUAFFFFABRRRQAUUUUAFFFFABRRRQAUUUUAFFFFABRRRQAUUUUAFFFFABRRRQAUUUUAFFFFABRRRQAUhyVODg44JFLRQBgnw0GuXne9kZ3OTlf/r1bGl3IAA1KYAdgP8A69adFW6kmTyozP7Muf8AoJz/AJf/AF6P7Muf+gnP+X/1606KXOw5UZn9mXP/AEE5/wAv/r0f2Zc/9BOf8v8A69adFHOw5UZn9mXP/QTn/L/69H9mXP8A0E5/y/8Ar1p0Uc7DlRmf2Zc/9BOf8v8A69H9mXP/AEE5/wAv/r1p0Uc7DlRmf2Zc/wDQTn/L/wCvR/Zlz/0E5/y/+vWnRRzsOVGZ/Zlz/wBBOf8AL/69H9mXP/QTn/L/AOvWnRRzsOVGZ/Zlz/0E5/y/+vR/Zlz/ANBOf8v/AK9adFHOw5UZn9mXP/QTn/L/AOvR/Zlz/wBBOf8AL/69adFHOw5UZn9mXP8A0E5/y/8Ar0f2Zc/9BOf8v/r1p0Uc7DlRmf2Zc/8AQTn/AC/+vR/Zlz/0E5/y/wDr1p0Uc7DlRmf2Zc/9BOf8v/r0f2Zc/wDQTn/L/wCvWnRRzsOVGZ/Zlz/0E5/y/wDr0f2Zc/8AQTn/AC/+vWnRRzsOVGZ/Zlz/ANBOf8v/AK9H9mXP/QTn/L/69adFHOw5UZn9mXP/AEE5/wAv/r1RvfCVpqOTemO4J7ywKx/M10NFVGrOLvF2YcqOCn+E+hTNvjea2f8AvQsRj8yRWn4S8FR+EpbowahNcR3BGUkXAGPocZ98V1VFdE8fialN05zbT7goRTugooorjKCiiigAooooAKKKKACiiigAooooAKKKKACiiigAooooAKKKKACiiigAooooAKKKKACiiigAooooAKKKKACiiigAooooAKKKKACiiigDD8WeJbPwr4dvdSubi2jmjgke2inlCefIqFggz1JIxgc1z2tfE20sfDyX+nWk+pSzRoIHtUMlu87HAi8xc/NnjHXkUfF155PAt9Y2sBaWe3mkaYplYYoozI5J7FgoQe757VxV9BrsltpVrDfTR6royB47lII0sYY2UFbqdpEK+YEYjauTlSRtyaAPWtF18a0XX+ytUsWRQx+22piBz2BPU1U8ReK08PXEEkkMc2nI4TUZo5QZLIP/AKt2TH3Cc5ORjrg8447RtbudG+GGu61bTGXT0jkOnXEqnz7ydmYNO/PAeVvlXGQAPWtXwbYSR+JPEOn6mxu5V03TYblpzvMreVIH3Z65Oc/WgDvlZXUMrBlIyCDkEV5/H8TZUiN1e6E1vYta3t1DMt2rtILY4YbdowSSMc1PpuswW/xElit7iR9O1RZLVUfIWG8teHRQeAGQ544zGfevMtJ8Pf2teaKg0SZFuor+fcL1caiq3EbhCDny1I4PAyGoA9R0L4m6DrOtXVgdT06LBt1tB9qUtO0iAlQM8kMdvHetLW/FT6Z4gs9Js9Nm1GZ7eS7uY7cjzIoVwqkA4BLOQACR0b0rlfDN5rR+IHiHf4VhjDzWYnIvYz9mXy/vD5fm45wMelNttG1jTPinrp0vU4JtRvdOiunl1GJnjVTPKoRVRlICoqKOexPegDYh8falqOo3GnaX4M1Z7u2EbTpezQW4jV87STvYnO09Aeldvuwm5vlAGTk9K8u0iHxsfH3iYRX/AIfF2ILLz2eymKMMS7do83IPXOSc8dK9GaNn0UxarJEWa323TxZjT7vzlcnKjrjnI9aAObtPif4VvdSt7OG9mxczGC3uXtpFt5pMkbUkI2k5Hrg9q1Na8WaVoF19nv5JFK2ct7IyJuEcUZUFmxzyWAGAcmuFgsZfHunaRpmiaedM8F6dPFLHd3GfOuxEflESnlVOPvscn88s12zXxTB40vZNStrCO4ng0Ozubr7irE4Mg990jOv1UUAdtonjfR/EF+LKxF/5pQvmexliXA/2mUDvXR155a6h4l8N/EHRdC1TXF1uz1mGcqzWiQSWzxKGz8nBU9Ofz9fQ6ACiiigAooooAKKKKACiiigAooooAKKKKACiiigAooooAKKKKAEJABJIAHUmuKj8fNP4W/taCwWSe9vZLTR7YSfNeAOVRzx8q8FiecKM966PxDpB17Q7nS/tktolztSWSH7xj3Deo9Ny5XPbOa8n8HaZHYaX8P8AU7eaaTUL+cW+JWDLFbLDMzpGCPlBKqxI5PrjigD1Dwx4hTxBpzvJD9l1G2cwX1mzZaCUdR7qeqnuCDWZP43eLXNVtINGvL+009ooHmswrN5zKXZcMyjCrsyc9Wxis/QNJTV/FPiLWXuJodSsdTlsoZoiFDQ/Z4iqSL0cKzlhnkHvjiuG1HRotE8FeLNLEj3SxeIrLzJLjazTMwt2dm3kKdzEkhiBzyQKAO88OfEWXXbu4hPhvVkVb97VJVjjKqqkKTJ8+QQc5wD071oS+LdRk1rU9O0zwzdagNPlSGWZLqGNSzRq+AHYHo4rzLwxbWsHxM8Lm3srW3JkucmGGxQn/R5Ov2eRj+eBW/rVtNdXnipI7S7uol8RWD3ENorM7QiGAvwvJG3PSgDpdU8aa3o+l3OpX3gu9jtbaMyyuL63bao6nAfJqbxR4/0jwzeaba3F7ZpPc3MaTRzTBWhhYMTIR6AgD8a4PWbOGHS/GM+maRqmn6W3h7Zi9ilQNMHcnAcnnaV6V0HxBudZlv8Aw3Z2GlQoo1O3MWo3UgMRkKPhfLU7yByT0/wANVPGurXr6lLpfh2K7sLGd4TdNqSRh9qhiwBU8YYd66Pw/qw17w7p2riAwC9t0nERbcVDAEDPfrXimszXtj/bK6vf6f8A2E+qXbSG40tZ1F1HEjKMFsDeN4X0IxzmvZ/C323/AIRTSf7RijhvDaRmaKKMIsbbR8oUdMdMe1AGTqHxH8Padql1p0r30lxauI5hb2E0qq2AcblUjOCK2dR12z0yPT3mErHULmO2t0RPmLuCRkHGAACT6AGvNrix8QaNpHirxRoXjOza3S+ub82aWiSRPtHMbufmDYQLwRjHvWkurnxTr+majIVs4NJ0H+05jIflguLmPC7v91FkP/AqANvTviX4c1W7t7aye/lNxIIo5Bp83lkk4+/t24z3ziuvrx23XxH8PfDXhq8t/FFtrGkyTW9obFbRFR45D8rRSD5ie/Oc5z2xXsVABRRRQAUUUUAFFFFABRRRQAUUUUAFFFFABRRRQAUUUUAFFFFABRRRQAUUUUAFFFFABRRRQAUUUUAFFFFABRRRQBQ1vTF1rQNR0ppTEt7ay2xkAyUDqVzjvjNYs/ge11G8hfV7+71Cyt1jEGmyFVtlKKBuZFH7w5GfmJAzXU0UAYFh4R07TrrUDEu7T72RJzpzqrQRTA5MiAj5SSFOBxkZ61X1LwcbvXLjV7DXtU0u4uY447hbUxFJAmdpIdGwRuI4rp6KAMbR/DltomiHTbae4di0sjXczBpmlkJLSE4xuJY9qw4/h88B0tbXX7y0i0ux+x2gt4Yw6Z2b3LMGBLeWOCOMnFdrRQBxtn4DurLVLjUI/F+uGe5aNrjctviXYMKD+64444xWnfeGWu9evNWh1O4s57iwjsg0CrujCSM+4FgRk7yMEVv0UAcRD8Prq31C6v4vGevrdXSos8mLfLhM7f8Alljjcfzrr7uyhv8AT57G6VpILiJoZRuKllYYPIwRweoxViigDjbb4V+DrN4nt9NuUMJBjA1G5wuOnHmY/Cto+FdEbw7JoD6fHJpcm4vBIzNuLMXJLE5zuJOc5BrYooA57Q/BOg+Hr576xtZWvGj8n7Rc3Ek7rHnO1S7HaPYV0NFFABRRRQAUUUUAFFFFABRRRQAUUUUAFFFFABRRRQAUUUUAFFFFABXJeH/Alvoc+kyvfT3f9lWTWtqjqFRCzEvJgfxEYX2A9662igDL0fRY9Hn1WVJmkOo3rXjBhjYSiJtHt8gP41zur/DtdXm1Atrl5bw3t8l9JDDFEVLosSoDvVsgGIHsDuIINdtRQBwkXw1MWqWOojxJqAuLJ2eJktbRMblKsDtiGQVJHPrWhL4HSTW9T1OPXdYtGv5UleK0nEaArGqdNpzworq6KAOM1T4eLqul3NhN4n8QtFcRmNg90rKQfUbea1NW8Ny6trGk3MmpyR2WnSrcCzWJf3kqhgGL9QMN09q36KAOIufhpYalfXjarf3d3p1zcyXf9nK3lRCVwBuJX5mIAGOcDrjNdPoumzaTpcdlNqNzqBjJCz3RBk25+UEgDcQMDJ5PWtCigDk734a+FL/UJ7y401ibiUTXEKXEiQzSZzueMMFY5HORz3zW7baLp1pPfzQ2qK9+VN1klhJtQIBg8ABQBgcVfooA5TTvhv4W0rUILy10999s5kto5LmSSKBj3SNmKqfoOO2K6uiigAooooAKKKKACiiigAooooAKKKKACiiigAooooAKKKKACiiigAooooAKKKKACiiigAooooAKKKKACiiigAooooAKKKKACiiigAooooAKKKKACiiigAooooAKKKKACiiigAooooAKKKKACiiigAooooAKKKKACiiigAooooAKKKKACiiigAooooAKKKKACiiigAooooAKKKKACiiigAooooAKKKKACiiigAooooAKKKKACiiigAooooAKKKKACiiigAooooAKKKKACiiigAooooAKKKKACiiigAooooAKKKKACiiigAopsciSoHjdXQ9GU5Bp1ABRRnPSoxPCz7FlQtkjaGGcjqP1oAkooooAKKKKACioxcQmNJBNGUcgI24YYnpg96koAKKZHLHKGMciuFYq205wR1B96fQAUVG9xDGXDzRqUTewZgNq+p9BwefangggEEEHoRQAtFISACSQAOpNNiljniWWGRJI3GVdGBBHqCKAH0UUyOWOXd5civtYq205wR1B96AH0UUwTRGYwiRDKF3FNw3AeuPSgB9FFMkmii2eZIib2CLuYDcx6AepoAfRRTRLG0jRq6mRACyg8gHpkfgfyoAdRRSEgAkkADqTQAtFNjljmjWSJ1eNhlWU5BHsadQAUUUUAFFNSRJQTG6uASpKnOCOop1ABRTWkjWREZ1DvnapPLY649adQAUUySWOJd0jqikgZY4GScAU+gAopokjLugdSyY3AHlc9M+lNS4hkKBJo2Mi70wwO5fUeo5H50ASUUUjMFUsxAAGST2oAWiml0AUllAY4HPWmG4gVJXaaMJEcSMWGEOM8+nBFAEtFJkAZJGKWgAooooAKKKYkscrOsciOUba4Vgdp64PoeRQA+iimmRFkWMuodgSqk8nHXA/EUAOopqyRs7orqXTG5QeVz0z6U6gAoprSIjKrOoZzhQTyx68U6gAoopqujruVlZfUHIoAdRUYuIWSN1mjKSHCMGGG+nrTkkSTdsdW2kqdpzgjqPrQA6iimRSxzRiSKRZEJIDIcjg4PP1oAfRRRQAUUUUAFFFFABRRRQAUUUUAFFFFABXE+NNPg1bxZ4T06885rSeS6Mkcc7xbtsWRkoQeCPWu2rz74kwzPqWgSqNVjgX7XHNc6ZatPLCHi2ggKrYznGcUAcdaeGtMubPSb1ftht9Q8UTW0Z+3z/NaDzgq/f6ZjBz1963viDZ6NpngCXT9Igt7gLePB+/vJX+yzGF2LFtxbcAAQp45HrU99f+Gbvw/p2jQ6b4rsoNNeOS0ktNJuUkiZAQCCYzngnOQc5NZHiXTLG68BWltptvrcqza8sly1/YyNcTOyMWYxtsLgggcYHGO1AGJ4Rh0LTJdRtvF2n2aW/LCaGS4kYHzVjEe0c/e5GB3rr/AApJYW1z4yufDcpsdOjhtpIZrq2lMaFUcyHZIVY/mK5C6hvh4qk1S6sb1jG1jdXMn9im1dlS7Qs2xCxkIUdevFejx6ovjvVb7S4Y7tfDy2sLSzS2kkBll83cYx5iglSi4bjo3WgDxixv21Tw5psrz6dePb6e33naB7U/aV4Vfm3yck/wgqw9Oe5+Gt54duvHl4yfZYtQW2VYIYyw+fzbgvgE9fLEWax/+Ee1AaHa6tp2gWrPHpBkl1C4jUiORLguPlCs7ttj24A6N1FdL4Sudf0rxxLcavYXf2rxLHBcyQAO0Vp804xu27QUjSEHODlqALunXsVpb69N4b1O40e3tGW7u7PWtOk8u2VldmMSlkZQxGcZIyDgDNch4DuNb8R68Pt11ZabqSanNqUUctg+5yURZVRxKP4WXchBxkE57bV5Imr+Ir3WNY0rWYvDF5cQFDFbGUXP2feAJolBkWMswYZGDt56ipLS/wDDt1Ld/arzUbe6OvnUrGeDS7regIQYOYsDcAykHjBoA9dryv4n2EM3jDw/INOtb2SWxvVkjubxrdCE8sqdwB5Uu2BjnNeqV574+8O6rruv6bc2+i6Tf2VhZ3AY6nJlC8u3omxjlRHkHvu6jFAHKeCdG0LUXtINZldYU0DT54lN/JCPMkMrSN8rjJJwTU114ql8LfCfUl0tbi5uZL/ULezdXaTyYllceYXOeFXGMnk4p/gPRT4lttKg1PS7CW203RooZLmfTI2aSWRVaJAZFYny05JGAWfp2q/eecPgj4j0ufTYrS+06Ka0nS2txFHK4wRKiqAMOpVuO5IoAe/hW4vLj/hDLTxHLZ2+kw2l5bRHToztAY7GV92SQ0Z3Egde+a6nwZd6jfLqct5q8moRwXclmhezSAbo2Kuy7SdwJ45x901z2t67LY+PI9XstC124a1sLixnEemTMsx3K8WxguCNytzno3FWPAzXN14Kh0KNNb0fU0hE1xez6cY/3zvvk2GVSrZZmHToaAOX0HUHtLW8Nx4k8TaVPcahdXElpb6G0qJvmcghjA2cjB6nrXa+D7/7dPqEtt4m1XWXtYwj2l9Yra7HYblP+qRskAjuOaraxa6joMUcuoeP9cRJCVXytKhmJI9kgJFXvBhmvtW8Sa89rdW9tf3MS2ouYTFJJHFCq79hwQC27GQOKAPOjFqOqjWT4mZYp9R1qPT720sG3zzRiKN4raJjgBRvdnbI4U+ua09DR31zR4zrWt24Os3cCtJqM0lvPHbu6rCQzkb2ADcjBCsB6U+8mv4IrOfXoJ9NttcTUZLloNO817WRwiQbtqMwcRZB9eQelTaHeanNa6TBoWjQy6fo0kH2qOOzMEV08pYSPCsqKVaM4fORnewPagDJ+JUV1H4wSKW8hjklC3aLD5yb4VOzY5N0iHPfaoPuOa5zTLYjXbC2tpbe3juGS0gtVaYwI5YkNtS+LA9vTHbNd74shmvtXuNdvdMv4LWzvotMWWASeY1sfmlmKAHKhyApA5AJ71z+mxSTmF7Gzv8AWNX06eS9jO2aG3ZInGwESIpEjqzALlsEc8GgDuPEmo6zH4ltrBdffSraHRZ9Qu5ba0jk3NG8YOBIrEDDMcdelc74YYpcW2kaV4z8QWx1CSW4iN1oSRrO7Zkdt8kXJPJ6+mO1dFqlm+veNoodk1ql/wCFruItLH80RkkhGGH94Z6Z7VWn0y78L3Og6r4l8TQTWGk74YIrfSZFZ2aFkGSruegz07e9ADYpbvxB8JrTXL6+v5NVisppoxaXb2v2mUBtqkRFc5KgAe5xXBCK5Eh1HztYGoGARl/+Jp5hX73l7/M6Z/DPNdXaaULr4ffDyx1LTxJG2qRma2uYdw2mOcjcpHuOtZFx8P8AVLa1luJtCsVkilMjv9j0424hEmT8og8z/V++c0AdcIZNO+EGrapHeakmoT6K08ouL+WZrabyCxVC7EoQx+vA9K87vw9prdnZeILYRR/YYr2FL7xfPGPN3kCRXYYDcfdAyOua6iG1Sb4feK7LQrAxWmsa0bWxWG2McYjlWGMyBcDCDDnOMcVU16S51DxEbrwqPFGtWzK6z2iXE9pBCwyQY5WwuM8FMH2xQBqfDFry8j1HVbmC5ksA91DHcLrk94GVZMBVjP3uBxIDk44AzXF6Gbex8cahc6hbXiWkEdtLMRBquUUeYctuYkDj/lpleDj+Ku98CahDZ6JqGn6trGupq8kMlxcJeQTg2iAHPkmRWBC565bJwcdBWJdeGdU8ZO1pouteJl06cr9r1LVooo0lVfmRY4/KSST5scnCjnrnFADNA0+yttd8Nxxl4NcutWmvZrE3LvLa2RilaNJF3HbwYjz3OK2/EWpeI/EN2lpc+Gdag8Ms7rNFaCM3N4FIG18yL5UTZ7ZZgD0BpuhLeadrNlB4k1jxXa6mZUTDLFNZ3bZ4CypDwp/usVIz+NO8UQ2dx8SblNT0fW9Ttl0u3MSac0oEbGSXcTsdeSAvr0oAg0y713w5qkzeHfCOsjQHUzT6ZdLFH5DZG42xEjdck+WQBwcEZxXqkMnmwxyFHj3qG2OMMuR0PvXk9pBp1t438Mf2ToPiHTC93KJ5L9pvLdPs8ny/NIwznB6dq7691+4tPGel6GtissF7byytcicBoimOsfUqcgbumSBQBu1xfxM1bxDo/haWfQYYASNs9zJLtaFSyqNgwcsS3BPAxnBrtK5T4hy2h8KTWN1NPG146JD5FpJcMzKwfaFQE5IU+lAHnMPhjxFYanY6Po9ncWElqVvbi1TxVOfPiLEf88wi7nB3HBJ56ZzXd3etN4m+GEeq/wBl3e69hD/Z7WXc0JBJ3FvMiyoK5OGXIqraHxQ2uXni3/hHgy3EMdpFp0tysdzHboWbf3QuzOTtLDAAGc9F0O807TPhS9rJNeIllC1lMZ7CVJEkbgAxgMTy6/dyOetAHj13Ms2rafdLd5jt/M3k3SgjcuBgHUiT+DL/AMC6V6t8Ori4TSNSuLPT7q6mcbopZbgLBMV4EYY3Nxhsk5PH04rO0Sx1p7TTLy08Kb7DSbBLUWtyEtpdRlwqtLtYcKoU7Q+CS2eK3fBWr6fpeh6608N7ZtbXlxfXFrLYujwJK7OqhQCG4B5QkcUAc78SvFfiGx0Ow/tTwvBbwnUYJf3WpCVmETecwwIxgYjOW7da73TNX8T3V7Al74ZtbW0f79xHqglKjGQQojGe3fvWbpemXfirWn8Qa9YPbWSQPbabp1x99Y5BiSWUdncfLt/hXOeTRoE+o+F7+HwtqUNzc6e5KaVqcaFxsAJEM2PuuoGAx4YDsQaAPN9R8S3C+J/G8d7qFvM1sbcNDYPPaSTlcR4SRHY/IZPmXDbscAVV0eyFnrPhu3uI9VWNdum749U1CMjzCg3LvgRVUbPuBgDx6Ct3VPDdhpk+s6cUaRIGslgaXS2v5LmQwy7sKpX52JLFsgdc9ay9O8K+IPDl9b6nrcNpZwzyrcxXEOltefYpMgKjqsmYxgA5G4biwJ7kA2fiBZXV98QfKh8P2t00WmXFxI39pvGZEARVkZQvyFW3BRzu55GKp2ttqsPgCylfTns7FvC+oSTPFcvNHMzW8JSSQkAK7fP8vOMHB611XibV1s/Ed79ivYbSSWJIbrf4ZurtpcA4BlQgMuG6c45rh7KWXUdFjsdcuoJIbS5m+ywXfhK8nEce8hNuGAVdoGF/hGAelAHV+JSznwvb3dwjwS2gFjZxZ3m48lt1w/cpEmCAvJZvUCuA1K6lt9Pube61iIrfkwMIrS6U/vPsySO3mxqp2x27t1z8x7Zr0rxX/Z1tqvhTxbBZSy3CGQF0t3EhiW1uGCCMjK5J6YB6Z6CuYTQfEOh2sNmdGudRj1PRYLa5N3cyS7b6RZlfbktswGG5vlUKp6lhkA6CfV5p/hrfXPia1vdes2uroPNZRxQtBDBKyrJ95ecx7wRk5PtXI+L7XyrzXAkb6nqMcFmkE91bSzysPKGTiNSgY99wAPbmu2ttPv3+DOqeG002YarZ2cunPEBxPLt4kRjjcr7g+fcjqKw7Lw14l8R3d3qV3p9iJIdSWOaymuZYIpkitjHw6qWOHfOcYOzI4xQBrfDm1sn13xLbwW0cVrNZWe+GKOaJMk3CthZQHGQB1A9qx9O8P+FW+JXirQn0qSb7LawzWUAuJcMyxgyKp3dcyR8Z71b8B3Z8Px+Ib+4S4vY7KxsrdmtYZZPOlVpspHuUMxG9BnHGeap3FtqE1oNPstPvZvHH9oHU5LqBDHb6fLIB8jysNrIItqFRu3AUAdN8M9Rlt9CXwrNpuoWmq6XaLJctd7Cm+VmYYZXY4zuxkA4FeXacuoWHil45bu2njVyl9qKavex2c9+7KctJGgVXAG3bgLyATkYr07wHNPp99f6L4j028TxDfyPc3V48Zltr0AYHluBgKqBQEOMD3NcRq2ix2vjrxHZWeiobCGS2EEUek3lxGg+zxk7fs7qq888jOeaANLTf+QppmRrw17/hIZPtW77Z5H2bzpMdf3W3bs6dvxpnia51T/hM/Esst43mxW/2SK4tLC8mOmwMokyGjAVXIKsx3dsdOKl8GQ3Fv8SdLH2OS1iazutwGn3dqrEeXjPnu27GT93GM89RVfxjpUsmveOdRcWqwKYIl81LlndjapgIInAOTxyDzQA2C6ul1DVb/XNR16K6vLO0nhj0OGXyr5vIAB3pEWQkgcZXG7v1re8R297qninw7atpFxdltFkmlsTqslsY3DxDLSLguV3FeeuSawoFOk6hqC6lqfiLTC+n2LQ22nW7D7Uy2yqV3iJiCGG3gitzXdD1bxD4g0a8l8GQ6jbQ6T5bLql2ipHNIY2yTguzKFYE7RnNAGHpbeJ7mz+Hf2S407LS3Bg+1rLK6usUwbzGDDcu3IGMHOK7W21C/wDFXw6t769025u7xrmVHt9Iu2tCfLmePKsZFOMLkgt3rl/C0N14d1C2PiFkXTfDEUtnBLaWszLJcT4YhRgs2xBjdtAO/A9+m8K+E4tT8CaPHq8eo2kymecQxXcts6+bK0mHCMMnBHB6c+9AHEXGkiTxta2Nx4I1y4t306aVtPutZWbzGEkYEmWnK4AJGM87uhxx6VYWV5H4Pe20bSoPDEys2y3nhjmUDqTtifBzzzuz61xWn+HPDut/EWOLTZtblsrfTJhcTNe3iFJfNjCr5jMDyAx2g4OM9hXWar4X8MaN4cvxqQ1CfT5CjSpPd3NzkjIUAbmOMtyBweM9KAPJ4rnSJ/AXhb7R4pSXWYXhS0s7a/e2jiAjPExEmI2XeSZcBiPlArtfha/h9l1RItXurjVi8xu7E6i86AMQS0fzESZwMSD5ucHBrHi0w6Povgi2Wy1Kxa906RtROlacklzI6JFs3ho2PG5uozzXTeBzG2p+IHu4tRuINPWP7M+p2Cx3KK8ZMgULGpIOBwBzgUAclokZl0vWxbWGq2V5NdRTTaZcQX5ktrf51hC+W6uSdrsxBxk47Cq3wvtte/trQZbKK6jsRJefa3liu/JK+Y2B87mPd1xgAg53ZNLpWi3yaZcnWtJ1OO1vJ43s5bnSP7RC2kSMsCOiNujcBmySP4qtfDrTNO0fUNLeSRUv1uJECjwxcI+HdgB55ACgqw5IwAcds0Ae50Vg6br9xfeLta0WSwWOHT44HjuknD+b5gJwygfIQVPB5xg8AjO9QAUUUUAFFFFABRRRQAUUUUAFFFFABRRRQAUUUUAFFFFABRRRQAUUUUAFFFFABRRRQAUUUUAFFFFABRRRQAUUUUAFFFFABRRRQAUUUUAFFFFABRRRQAUzyYhMZvLTzSuwvtG7bnOM+mSafRQAUUUUAFFFFABRRRQAUUUUAFFFFABRRRQAUUUUAFFFFABRRRQAUUUUAFFFFABRRRQAUUUUAFFFFABRRRQAUUUUAMjhiiZ2jjRDI25yqgbj0yfU8Cn0UUAFFFFABRRRQAUUUUAFFFFABRRRQAVz3i7xOnhrT7fykjn1K+nS1sbV32+bIzAcnsozknt+Iroa4fx3pOlz6r4e1CZbddSj1CHypJMljFGTLIqgA/wqT+GM0AQxfEoy6tPFBoN/faa8nkWF5ZmMi7kUMZdgd1yBg4K5ztY9BWtb+PtGfwxJ4gvBc6fZx3D2xW5jBkaRW2FVVC247gRxnoa4fR7dtU8T6PbpexPaJG+sGSOSSBVt5YZIYorWLaNqqpTJBBDE55xWnbahoVn8O9D1DWJjrCWd+P7LNsjia4nDOsQKcZmxncDxuBNAHW6D400TxFLdQWc8sVzaKHnt7uFoJEU9GKuBx71zlp8VbdotUv7vRtV/si3mcWt9bWMkkUsKjBlL424JDY9hUdt4fmv9S1jxh44gtrG2uNMNh/Z6yF/Jtd29jK69XJ/u9BXC694k0XU/D/i9B4wu7eONpINM023dUglgEKbVC7M4LFhwR0oA9g0jxdBrF7HbRaRrlv5ilhNd6fJFHgDPLEYrO074jaLqPjO90GO9tQsKxpC+87p5jv3oBjHyhRn3JrN8Ha34cGo20Fr45v8AVbqeLy0s7mZWXOASQBGvIAPfpmuRgsNS1TQfDmn3j2yaLc+IryFGt2dbkFjeAkn7o6tjHt70Adt4e+K/hrV4m+1atYW1w93JDBB5uWdBIVRj7sAD+IrvK8t16e/g8Fah4fv9OW2/s6/0+K0lt42WCe3N1F5ezOcMoXay5OCM962PHGgeEbKwvde1LRLe7v5cJEpyXuZz8saAA8knA47fSgDoPC+tyeINHe/eFYv9KuIFCnIKxytGD+O3NVPFfjLTvC0mnRXV5ZRy3V1HEyT3CxlImJDSYJ6DHXpXnng34faDoOoL4a8Uabb3N7dQLd2dzL/y1OxfOhBBwSj5I7lWB7Gr/wASNMu5Lzw3oujQpp9nYXds0dw8W5PMdmSJBnqq7WLD3X1oA0tR+JmpWz6r9n8IanLFa2S3MMhaIhid/LFZD8h2jG3LdeOmd+78V31t4QuteHh28RrVWkltbmaON/LVNzOCrOCOwHXivCLi80o6tNNfSaJNPqV5LNuia1kSLcC2C0tuzAcYHPUjgV3Q03SdU+Blrp09/orR20/kyXs8o8q0ZpDlkIUAuEk4HAye1AHU23xDvWGqyXvhuS2g0uwW/uHW8SQ7GR3QAYGSdhHXitSPxrZxnX579VtbLSPJJlLZLiSJZAMeuW2gDOT9a8wEHwxtPEWswRXeirbahpvk2U1vcovkMEdJQXOQjOJFwcHO08cc9Hoc15f+H/E+saZDo2oXlzcW/wBntor0XMUDRRxoru+0AldvmYAzwMc0AW7v4qPpiQrqelLaXSwtPc2zXA3Kv2aSdVGQPm+RVOe7Y5ra0Dx/pus69faNJKkN9HdyQW0IVyZUjRSzZxt4YsOvYeteXhiNM0PP2iZpdLsbi6uWsrO4ETXMhQFmmUyNl8nAzgHsK6LwBpN1D4zv9KvL6O8TTrGST7XA+PNN6YpWZSORho5MH0KmgDqdT8cX+lPPbXHh6UXi30dtAGn2wTxybtkglK4HCncpGR+tZ9r8Tbie7hjOj2jRHUItPmeDVFkaJ3dUzt2DcoLjkce9c1qJSzuL7RF1K5kMHiWAWy3NybiVE+yqzEeYWyAWJ5yKw9JjMVzpkgWaNdQ1DTNSVXW2wyy3MeDmKNWX7v3c456ZoA9im8VKniy50aOOEw2lqklxcSTBAs8jYihGeNzAE/iPWsm58c6zYa1pOl33hQxT6lP5USx6jHIwUcu5UDO1RyTXJ3GkPN8TdQksdP8AEZgjnMyzSJutmvn+UTYkZUKRDAUDJJ6cAZqrp9y2qSWsnh7xPN4vEAvF1V9QtvOiXcVG0CQRiPO4eX0I69jQB6B4s8Z3XhmW5KaOl5Bb2hvJGF6kb+WpwxCEZIBIH40niHxvJo+ox29rpxvI7WJbnV3R+bKBiADj+JvvNt/uoT6VxfxE+0pqF7EutaLNdvo0cE9tNIyznymaaRhGisFDgAckCqIg0BNYY6rpTwxTTt9vmXULkPIstsbiJ2KyAHkTR8g/dAzxQB6h4n8VJoGhR6pb2yX0Mv3GW7hiQgqWB3SMoYHHRcn2rmbT4o3U/hBdePh0uii3EixahA2WlwBgKxYfMVG1gDz04OMwadCnww0SCSDWbX7dE939m0mwN3HE0i7gpV0kMajdwBj+LFcpo+oWGn6rpnh2WXxBcNY2kdx9kfSSAbxF/d5iSNJGRRl/mY5wvPBJAPaPDviGbWrjVLW701rC506ZIZY2mWQEtGrggrx0YVkX/jm7mvbhfDWjnWrLTj/xMLiKUAZ4zHB2kkA+YjIHGM5NZvh/RovEei63FrD6wJr28W7vS1lNpyygIEEShjuKbYwDz3rB0bTrq+0i2vdF8OeKbfTblfOt4rbxIsMao3I2p5g2jnpigD1Gw1211rQjqmiPHfo0ZaJFfZucD7jE/cOeDkcVw8PxYu2sIL+48MPFZz6dNqSOt8rt5UeM/LtHJLKMe+e1Wfh/ouljUtQ1C3sNT03U7O4e0vY7i/8AP+0syrIHkIJDkCTg9RXlvhnSYp7HT9P26Fp1xq/hq7hhmSc75nZoyDP8vBwGPG7gN6UAezQ+MdUj1TS7TU/C11YRajP5EU7XcMgD7GfkIxPRDUuseN7PR/FCaXcbFtYrX7Re3J3HySzbYkwoOS2HP0XNc1ZahrHibXPCP2uXQ4rZWbVLf7PLceZPGsbRnaHiUf8ALUHGc456VWsfDt5Y6x8RbK11O7l1S7063uBebyknnMLgrt2/dAwqgDsKANzTfiroFxealDe3K26W9xstpRFKwniKKQ33eDksCPapfFnj9/C128ctnprQ+T50TXGrRwSSrjnbGy5POQPXFQPr03iIeAltZpIn1EjUrnynI/dRw5ZWx2MjopHesD4p3NxYX93qYtdVt0azGmLPHHavDOZDlQN77wdzYJC5GCelAEtv8ao7i4ihFhpEZktxcbpNeiVVBONhO3h/Vetdu3jDStO0uwutfvrDSpbxC8cb3aurAY5V+AwwVOR6149Bbazby6ZY38OujVL3SzYJFb2lgytEi5fafM6DP3zjt3OK9MvormD4d2dxHdPoNxpcSsn9pGPawjGwJNtLDa4H8JyMgjkYoAy9V+MGj2mo38On3ulXsNvaRTxMb1Y/OcuwkjVjkbgqggepGSK7Xw74j0vxTpMepaTdJPA+AwBG6NiobYwHRgGGRXj13r3iW48Xal4j03T47KFNHtw8E0JlY27SSD7SEwDlSGYIRkr1weK9f8NRWdr4as/supvqNuY/M+3Sy7zNnkuW6Y5PHQDjtQBr0VHBPDcwrNBKksTDKvGwZT9CKkoA46Lxbrt/falFpXhdLqCxvHtGmfUViLMuCTtKHHUVoeHPEd5rGo6rp+oaUNPutOaIOguRMGEilgQQB2rzmystMuNd8TveeGPEepS/2zOPP064eOLGF4wJk5/DuOa6H4bRW0HiXxbHa6df6fEHtMW9+5eVf3R5JLucHt81AF+++Juj2H9tW9yxt7/T5JIooHV2+0FUBUgheAScfhRY/E3R7/8AsW3tmNxf6hJHFNBGrr9nLIWYkleQCMfjXH6q0lrHrniK+utSnsLTWLmG5ji1ua2eOIbdvkqHCMRk/LwTxio9EdrtNM8QWWpanHaz+IIbSC2l1WeZxCMhhOrOVDMRnbjgEdc0AejeJPFsPh/VdLsSiubkyS3LknFvbovzSEAE/eKKB3J9qyIPiroDa/d2c1yqWKQRyW92sUpEjEsHQjbwRhT7g1Wh0M2vxpnupb+4nm1HRrk7idvkRiWFURMdMZJz3JJqnHrOo33wy0PTZLuddYutRi0iaZZCJd0UxEr7s5z5cTEnrzQB1OueLzp8OjPpliuonVmYQb7gW6hViaQsSynA2qeuKxLb4kaheanNp1voumSXUXl7kGuR8787Qp2YY8HgZxx61P4+JbX/AA1GkpjZPt05cIrkKtq6k7WyDy44PFcJo1pdwarpmttFdW8WszWscdwbbT2AzkxkIoLJwxyQAfXpQB6bYeOrGXwrZ65qNvcWa3MskPkwwyXRVkdlP+rQnHyHnAFZc/xW0WPxDZ2KJem0mt5ZJJTptyHVlKBQE8vJB3NkgcYHrTPCwl/4VZDJHrf9jLFcXUkl5sjYIguJc58wFQPevP57nxzf+JbHWNP1y6uI/sl1LYb7GBbie0R4RIVXZty+dyAjOFXpu4APX4PGNhqNhfXGkwXd3LaRh2hlt3tNwPo0yovY9+Kw774kXelG/TUvCl9azWdl9uaM3UDlovMCE5VyB1J57Ka0vDcUHiHwzc/bNfPiPT75PLbzreKLYMYZGCAYPPIPIIrz7wZ/Z+oar4p0rV9SmuLObTXsNNv7lQomsYmkWQh+jFC/J7hQfWgD0XSPFl9feIxomo+HbvTJ2tWulaW4hlBRWVf+WbHHLd/Q01vHGnQeJdTsL26sbLT7FY4mvbq6WIPcsCxiXdgHam0nnIJxiuX+Fl3deJ7PVdbur6P+1RBFpsTIpJijjTKy7WA/1jO0nTGMD1rH0ayg0/Ttd8FWsj3up3+uywrPMA8kcZggM9yxPQgM2D3ZlFAHe+F/iBofiG2QNq2lxX0lzNDHaLeIzuFkZUIXOTuUBhx3rra8b8CwWHhD7NfyWkSaTqF9c2bTFARa3CXMqxMT1CsuEz0BRPWvY9wLFcjI5IoAWuU8TeO9K8Na1pWnXV9YxvdTlbgTXARoI9jsHI9Cyhcnjmurrzbx++q3HjLwraWWl2yD7cTHqF2weN2MMuU8tTuOFycnAzigBt78WPst9qluLDTFFhcy25Fxq3lSPsOMhPKOM9ua6efxdb23w9j8WTwmNJLCO7W33ZJZ0BWMHHJLMF6d68lvry6t7gzPf2tnZ6rqN5FM8eqXcUImQnzDtXsxGBgVv+K9Ge6+GegXn2+L7Hpb2qwW9kzNDLmeKONyz/Mdse4YPds9qAOqj+IFrBrkGlancaZaz/2Wbq5/0xcQ3AZVMPPfk9eeOlXtA8WHxB4Mt9asLaK9vngSSSxtrlNyO38BZiApHPXHSuH1gzn4jz3MngaCXGlzKYXurIPIPNU/aNpfOOMZPPNb/wAL4rr/AIQO2tBpK6Uwso1j1CGWCYXLFSPMGwtkjg/N6/WgCeXxzrkOrW2lv4HvheXMTzRxi/tjlEKhiTvwOWXr1zxW1p+uavOt1JqXhq50yKGEyK8t1DIHI/hARiR9TXFafoHiHUPiHrDDxne+dpdpDai6+w224+bmVk27NowBGc4zyK6DwvqGo3/hLXF1S+a9uLS9vrMTtGkZdI2ZVJCADOB6UAV9G+JIvd8+q6UNLsU0pNVNy12soEbnCKQAMM3zYHX5cd60/C/iy51i6msNY006TqWxbmC2kk3GW3b7rf7wOVYfwnHqK8i0+PR0sbL+0ok1a0OlaXeXCLdMn2VdqW77wh/gDCRc4IJc+9dD4f0rS7/xPoNqLBk1a0nvJL6b7Zcu1v8AZ5PLXyy8h2rISuRyCuR6EAHstFcrNp/jlp5DD4g0ZIixKK2luSBngE+dzTP7O8e/9DHon/gpk/8Aj1AGxrviLTPDlmLjUJ9rOdsMCDdLO/ZI0HLMfQVg2Hjie21COz8V6V/YJu8NZTSTh4pM/wDLN34CSj+70PYmsvxjotqNdtLibwvpmqXl8I4VvLnVHtXMyq37uMBG2japPBGcnOcVxWl6aI4tTl1Pwbpt3CmstaIt5rkhVHJVUhCmNg4BIwSOc9BigD3zORkUVlaTb2egeHbSAww6bbwxKDC1wXSEnkqHbqASQDx9B0rUBDAEEEHkEUALRRRQAUUUUAFFFFABWXfaBZajq9tqVz5jzW0E0ES7vlUS7QzY/vYXGfQmtSigDz7/AIVjNJpVvo9z4ovZ9LgiFssDWluH8gEfu/N2bgDtUHB5xWzffDzwxqaTR3dhI8ct6b8olzLGFnKhS42MME4z9STXUUUAc9oXgjQPDd895pdpPFO8ZiZpLyaUbSQSMO5HUDnGav8AiHSF1/w7qOkNMYVvbd4DKF3FNwxnHetKigBkMfkwRxZzsULn1wK5LTvhp4e027tL2KKdr22u5LtbhpTlmcuSCPu4G8jgA8DnrnsKKAOe1rwxLrupW0l1rFyumwSxTnT444wkkkbblLPjdjIBxntTl8KwTeJjruoXc99NEf8AQYZcCKzBGDsUcFjz8xyccVv0UAZev+H7DxJp32O/VxtcSQzROUlgkH3XRhyrD1/pVa78OyX2maTa3WpTTTafcw3LXLou6Zo/UDAGa3aKAOSX4fabdLcza7c3Os39wgQ3dwQjQqCGAhCACLDAHK85HJNWh4d1ZdIWwXxXqIdJiy3TQQPKY8YCNuQhsdd2MmujooA4eXwDqM2qW+pSeMtTN3bxvFFJ9ktRtVypYY8rBztXqO1bulaJf2MV1He6/daksybVE8EMYj65I8tFznPf0rbooA4nTvhlpEGh3Gl6lPPqMVxFaQS+YdgMdsF2IAvRdwZj/vHmrWi+ANN0G8sr6ymmS8hMguJgFBukcY2OAMbVwm0ADaEAHBNdZRQBysnw+0R/FcfiLym+2ec88275hK5j8tc55AVd2AOPmPtUN18PNJbU7G406G00u1t54riW3srGKMzvE+9NzgZwCBx7V2FFAHNXPgmwvLue8ur3Ubi7Z2ktpJ7gutmxOVaKMjywVOMEqTwOTWcPh9dDVm1QeM9e+2tALcy4t8+WGLBceVjqSa7aigDndc8LS6zo/wDZq6xc2sc0PkXs0cMRlu0KhTuYrwSM8gDqfasvUfh2dRhvbd/FGsx2t3GYZIY1twPK5Aj3eVuKgEgZPeu2ooA5l/C+pHS7bT4fFmqRRRlvNmWODzpFONqhtmEAweQM89acvgTw8uinSxZvsM32k3HnP9o8/wD56+bnfv8AfPt04rpKKAMfRtHvtMhuILvXLvU4XAEP2qOPzIhg5yyqN+eOSM8VgaV8N00vSbWwTxP4i228Sxjyr3y04HZcHA9s129FAHN6H4OttHsdYs57y51GHVJ2llN2258NGsZUsOTwvXjr7Vk6j8LNEuJV/stY9HhNrJaTJZQKrSo7xlst1yVQrnrhzXdUUAYmq+GLTUV0gwu1nJpNwk1q8IGUVRtaP/dZMqR9PSqt74RN3rGpajHrV/YvfJboTZFUdRF5nG5gwIPmdMfwiulooA4K2+FlrZXUNza+JvEMEsMBtojFNAoSIsGKgCLABIB/CtfWPC+oavttn8SXcOneUsb26W0DvIQMFi7o3J9gK6aigDhLL4TaBo4WbQrjUdK1BVK/bba5JZwTnDI2UK55xtArel8LWmpLpcmusdUutPyySSrsjeQ4+cxD5dwxxwcZOK3aKAOd0Tw1cabrd7rGoavLqV7cwR24ZoEiVI0LMAAvU5c80XHgvSW0TV9Ls4zZQ6mxklERJUOcZIQ/KAccgDB5z1roqKAMbw1oA8PWE8HnrNJcXDXEjRxCKMMwAwiDIUfKOM9cnqa0r23ku7Ka3iupbV5FKrPDt3xn1G4EZ+oNT0UAcRZfD66043JtPGevxG5na4mwLc75GxluYvYVa0jwRNpOuy6t/wAJPrFzLcMhuY5vJ2T7V2qG2xg8D0IrraKAOXtfAejxarJqV5EL25+2zXkHnZKQtIVJwmdpI2jDYzUd74Gt7vxXHrK3Yt4hPFczW0NuimeWMMEZn+8cbuntXWUUAc/q3hj+1NcXU11O6spFsZLINa7Q6hpI33BiCAf3eMYPBNYX/CrLUXcF0vibxCs8Esk8brNAu2SQEO/EXLEE5J55rvaKAMC38KW8eqWt/dXt1fyW9i9kv2sq+4OwZ2OAAWIAU8dB9aqXXw/0FI1l0XTNM0nUI3V4byHT4naMg9gR+tdVRQBy1n4C0iLQdK0m/EmoxadM06mc4WSRmZizoPlbliQCDitO40NZ/FFhrfnlTaWs1sIQnDCQoc5zxjZ0x3rWooA56+8F6Pef2s0UctlNqyLHeTWkhjaRVOfoCQSCcZIPWk1XwXpOq6fpumtH5GnWLAC1hACyxgf6pjjOwkKSAedozmuiooAxX8M2g8UW+v20ktrcpCbeeOHAjuY8fKHGP4TyCMHt04p2j+HoNIv9VvAwlmv7x7neYwGjDJGpQHrj92D/APqrYooAx9D8PwaNo505nF1Gbma4zIg6vK0vTnoW4Ptmq9r4bWDxzf8AiQmNWuLSO1VELZYA5LPk4z0AwOgPJzx0FFABXN654Wn1vWrK/Os3NtFZK7QQRRJ8kzI6ebuIySA/A6ZFdJRQBwUXwr0/T7ixutE1bUtLubReGhZJEkcpsaVkkVhvYdSMZra1Dwvcar4VfRtQ1qe6leeKY3ckMat8kqyBdqBV/gx+NdHRQBi6P4cg0nU9U1Np5bq+1GbfJPNjKRjhIlx0VR+ZJJqnbeDIrC11O007VtQ0+2vbkXMcdqyL9lY/fEe5WAVjkkYwMnGK6aigDibX4cmznup7fxh4mjlu5BLO4mgzIwUKCf3PooH4VZ0TwJHoX2wQ6/rNzHdmZ5IbqSJozJIcs+FjU5zk9cc11tFAHIjwFbx+GbLRrbUJrMQ2yW9xNbW8ObwKgT94HRgenT3plh4DlsdfGsnxVrU9yVjjkEog2yRoxYRnEQwuWbOMHmuxooAKKKKAOV8TeD7nxJcxs3iLULO3iljmit4IoSI5EOVcMyFs59/bpWOPhfMJkl/4S/Vy6XragMw25H2gjaXx5eM4PToO1ehUUAc3q/hWXV9H061n1NprqxmE63F1bpKsrbWX95GAqnhz0xggGtXRNKj0PQ7HSoZHkjtIEhV36sFGM8cD6DgVfooAKKKKACiiigAooooAKKKKACiiigAooooAKKKKACiiigAooooAKKKKACiiigAooooAKKKKACiiigAooooAKKKKACiiigAooooAKKKKACiiigAooooAKKKKACiiigAooooAKKKKACiiigAooooAKKKKACiiigAooooAKKKKACiiigAooooAKKKKACiiigAooooAKKKKACiiigAooooAKKKKACiiigAooooAKKKKACiiigAooooAKKKKACiiigAooooAKKKKACiiigAooooAKKKKACiiigAooooAKKKKACiiigAooooAKKKKACiiigAooooAKKKKACiiigAooooAKKKKACiiigAooooAKKKKACiiigAooooAKKKKACiiigAooooAKKKKACiiigAooooAKKKKACiiigAooooAKKKKACiiigAooooAKKK5nxf4ztPCMETzrBNJIGbynvoLd9qjqBIy7vTAzQB01FeRxfG+EAXM+m2f2O5aJbRY9XtTMu8c+ahfKYPc4AHXFdva+ONIk8LHX7u4hgtUlEMnkTLd7HLBVXMJYEncpwP7woA6WiuDX4o6S3iB7YxXq6YtsHF0dOutzzFiNgXy84CjOT6jHetuz8aaNqdhql1p00s502HzZ4nt5IWA2swGJFHUKaAOhorgI/iHq8sulRp4LvC+qxNNaD7db/OgUMT97jhh1x1rT8L+LdT8SwW14vhm4tdPuYjJHdSXcTA+g2g7uTx0oA6yivMl+K16+vHRx4etftQk8sn+2Itudgf723HQj8eK3brxZrenX1jHqPhcW9rd3sdmtwuoI+C7YB2hc0AdhRRRQAUUUUAct4u+IXh/wW8EOqTytdTjdHa28ZkkZem7HQDI7n6dDXMf8L38Lf8AQP1z/wAAh/8AFUmjok37RviJ5FDtDpMQiLDJTPl5x6dT+Zr1GgDy/wD4Xv4W/wCgfrn/AIBD/wCKo/4Xv4W/6B+uf+AQ/wDiq9Qqnp+p22p/avszMfs1w9tJlcfOvXHqOaAPO/8Ahe/hb/oH65/4BD/4qj/he/hb/oH65/4BD/4qu/1DXNP0q5hhvZxCZYpZg7D5Qke3cSe33hWFb/E7whczwQprVuHneRF3HHKNtOfTJ6eooA53/he/hb/oH65/4BD/AOKo/wCF7+Fv+gfrn/gEP/iq6/U/HHh/Rr6Wyv7uaKeIKzqLOZgASADuVCCMkDIPXjrVuPxLpU11a2sdyWnuZRCkflsGVzCZgGBGVPljPOPTrQBwv/C9/C3/AED9c/8AAIf/ABVH/C9/C3/QP1z/AMAh/wDFV1X/AAn/AIZGqXenPqaR3FrIY33qQpKgbsNjBC5wT2NS6H420HxHtXTbt5JSm8xNC6uoxnkY4OMHHfIoA5D/AIXv4W/6B+uf+AQ/+Ko/4Xv4W/6B+uf+AQ/+KruYvE+kXHh+bXILtZLGGJ5XZQQy7ASylTghhg5UjOavJf2r2H23zlFuIvNZifurjOT+FAHnH/C9/C3/AED9c/8AAIf/ABVH/C9/C3/QP1z/AMAh/wDFV1R+IfhAMFPiGxBPQeZ1q2/i7QE0Z9X/ALThbT0fy2nQFgGxnHAzmgDiv+F7+Fv+gfrn/gEP/iqP+F7+Fv8AoH65/wCAQ/8Aiq6lPiB4fkSBkfUX89DLEqaVdMzoCBvCiMnbkjBPBrRi8S6VPoLa1FcFrIRyyAtGyORHu3jYwDZG1uMdqAOF/wCF7+Fv+gfrn/gEP/iqP+F7+Fv+gfrn/gEP/iq6qbx94et5Y4pp7xJJG2xr/Z1wd7YLYUhCG4BPGeAa3rK9h1Gzju7fzPKkGV8yJo2645VgCPxFAHm//C+PCY5ks9ajTu72fCj1PzV6JpeqWOt6Zb6lptylzZ3C7opU6MOnfkc5GD0q1JGksbRyIrowKsrDIIPUEV5j8B+PAV1GPuR6nOqL2UfLwPzoA9QooooA4zxT8UfDXhLUxpl7Lc3F/tDPb2kPmNGCMgtyAMjtnNYX/C9/C3/QP1z/AMAh/wDFUnwyRH+IPxFuHUNMNSWMSEfMFBfjPpwPyFeo0AeX/wDC9/C3/QP1z/wCH/xVH/C9/C3/AED9c/8AAIf/ABVeianqdtpNtHcXTMI3nit12rkl5HCL/wCPMKuUAeX/APC9/C3/AED9c/8AAIf/ABVH/C9/C3/QP1z/AMAh/wDFV1V18QPDNlFbPd6nHB9plaKNZPlOVdkJI7LuRhmptN8beH9X065vrG/E8NqT5wiRndQGK52KCSCQcYHI5oA4/wD4Xv4W/wCgfrn/AIBD/wCKo/4Xv4W/6B+uf+AQ/wDiq6uz8feGr/ebfUHKxwi4d3tZkVYz91izKBg4OOecHFXpvEul2+m3d/JOwgtbg2snyEsZQwTao6sSxAGOuaAOG/4Xv4W/6B+uf+AQ/wDiqP8Ahe/hb/oH65/4BD/4qutl8c6BFHcSG8LLAu87UPzjAPy+v3h+daeo63p2lR20l7crFFcTCBJSCUDnOAzDhc4xk4GSB1NAHn//AAvfwt/0D9c/8Ah/8VR/wvfwt/0D9c/8Ah/8VXVN4/8ADodlE96+1nXdHply6kocNhhGQQCMEit+yvINQsbe9tZPMt7iJZYnwRuRhkHB56EUAcToPxg8K6/q8OlxveWd1OdsC3sHliVv7oIJGfriu9ry747og8HaZcBR50OrQGOTHzJkNnB7dB+Veo0AFR3FxDaW0txcSLFDEheSRzgKoGSSfQCpK4n4vOyfCnXyrEHyVGR6GRQf0oAyJfjt4QWZ1gi1a6jViBNBZ5RvcZIP6Uz/AIXv4W/6B+uf+AQ/+KrtfBsMVv4J0KOGNY0GnwYVRgcoCf1rboA8v/4Xv4W/6B+uf+AQ/wDiqP8Ahe/hb/oH65/4BD/4qu71/wAR6X4ZtIbnVLjyY5plhjwMlmPt6AZJPYA1T/4TrwwYIZxrFu0cxYRsoY79oUnGB2DL+YoA5D/he/hb/oH65/4BD/4qj/he/hb/AKB+uf8AgEP/AIqu7l8R6XHbabcLciWPU3VLQxAsZdw3bgP7oUFiegAqpL438NW84juNZsoEa1ju0mlmVI5InLKpVicHlDwPb1oA4/8A4Xv4W/6B+uf+AQ/+Ko/4Xv4W/wCgfrn/AIBD/wCKrtNT8YaBo8ojv9RSJjALnhGYeUc4clQQB8p59qv2+q2l1qc+nxOWuIIIrhxt42SFwpB/4A1AHnn/AAvfwt/0D9c/8Ah/8VR/wvfwt/0D9c/8Ah/8VXbal4t0HSLp7W/1KKGdAGaMhiQCM54FN0jxbpWvXKxaabydGTeLj7DMkJHbEjKFOc8YPNAHF/8AC9/C3/QP1z/wCH/xVH/C9/C3/QP1z/wCH/xVeoUUAYHhTxnonjSxkutGuWk8lgs0MiFJIiegYH1weRkcH0rfry7w8iQftDeK0iUIkmmwyOqjAZv3fJ9+T+deo0AFFFFABRRRQAUUUUAFFFFABRRRQAUUUUAFcT8T47iTw3AljkXjXkIHlttkaINmQLggkbQSQCDgV21Y+o+HLLVNYt9Sumld7e2mtoo9w2J5uAzgYzuwNuc9CaAPFRbajd/aLexXUZrpIFl2RvcMVVwdjf648HHB6V3Op5Pwl8OO5Rp3n0ozupDbpPOhDEkdTkHJqxF8MJES1hfxNetBb2yWabLWBJvs6EEReaE3Y+Ud8/nWzL4GsBo8umWc81tbSalHqIj+8sTLIshRBxtUspOOxY/SgDzzxJ4tltE8XSv46uNP1OwupY7DTVMAV1VFK8MhY5JYde1dO5La18Qyep0q2J/78S139xC0tvKkUnkyuhCShQxQkcNg8HHXmuc0rwe9qmtvqWr3Go3esRrFPOYki2oqFFCqowMBjQBz/gZbjWtU0nUGtporDRdFis4XlQp508qRtIy56qqogz0JJxml8BahrdpZeHvDp0O+tktIpU1Ke7tiiDaDs8t84bLY6Z4z0rVtfAt5ZWkNrb+NfEMcEEaxxoDb/KqjAH+p9BWjpnhq+0/UIrqbxVrV9Gmc29z5HlvkEc7YweM54I5AoA+erdNIbw8t2BpK6h9r8ryH/wBcUzGBICFI3b1c4JHB69q9Y063v9f0q28Q+IPFbxafZ6tJMLU2sKRqYbl40BcANj5R371fHwujXQl0v/hJdaMSkHyzMPJ4fdjy8dPbNTn4cs0TWDeJNS/sVrw3Z04RwhSTL5pUvs37d56Z6UAdxRRRQAUUUUAeX6H/AMnE+J/+wVD/AO069QryDUdZsvA/x01DVdfd7XTdV0xI7e68tmTeuwFTgHB+U/mPWun/AOFweAf+hjg/79Sf/E0AbXiSwR7eTUbjxDqWlWtrCzym1kjVNo5LNuRua8+8FaPqq3cljq/iDXNPm1QNqlmiSRKXV2+dHDRn96uVLYx98ccGr+q+PvhxreoWs2oeK/NtLbDrYeXIIXkByHcBMsRxgE7eM4zUuufEL4Z+ILEW154hjVo2EkFxEkqy28g6Ojbcqw/+scjigDD8cxyxfEOwvLa3LjTrORJbq6uzAXlCxEOrFlT5A8bE8KxLA8gYwPD+usmt6RH/AGxEktpdxtctJfWwjCysGm2kTndu5J2gknrzXY6j498B6g9jMfGxiurS2kgFwtsWZt+zc5BjK5+T0xz0rOTXfhVaeTPp3ilrPUY2LPfrG7y3G4gsJdyFXBx3Hy/w4oAk8caWJtc8Q3d14jezEcFtHb2z6hCrSASCWQ7DyEAxtB5JUnnIze0kWl1490yTS9SGpW8l1/aD3UlzDu2ixMAXaH8xnzhj8i459Ko6v4t8C6xcXTy/ES4jjuAVMSWEBCqRjaGa3LdPUk+9Jo/izwJos1o0PxDuJIrYKqwvYQgMoGNpZbcN07g596AMXxbYiLxzq+nrDcpZuf8AQ7aJL3y2jaKMz7FgIUqXY7uOp5rpfhV9ouNV8R5nvPIkhgiWZzccSqZVcKbjJ3L8oI6DAGKz7bU/gvFrF5qVze6TdvccJDLpiiKFc5wqiIZOerNlvfFXNC8T/CPw+Z5bHU9Miu5JppI7qPT9ksKyMTsVhHwqg4A6YFAFbxLbG98MSQSaNomv3JuJNKi1OTME7XTuY9yp5bBmXCszBgCUbpiut8AafFp8t7bw6BomnPb7ba6l064Z3eVQDh1MSdm3Zyetcedc+GX2fRIYvG99ANHjdYTBuXe7jDytmM5c5bkY+83rVmy8VfDawur+a38b34N/EiXDPPO7syH5XDlSVOPl4wMdqAO41z/kefCv1u//AEUKi+I9zLB4Nu0tru5t7ycGK2W32bpXKt8p3Kw24DM2MHCnBFcTL4j+Gc1zBcyeOtWee33eU5vLjKbhg4+XuK0bfx98O7ewu7Q+Mbi5FyhTfdvNMY8qVyu5eOGNAHKz6rc6JoeiX13eTW16tnFbD7RrMdtM8buoBRRbsGhHytuzkAMDyvOvqxitfAelSpJBLaxx6q/nW959qVt1vOSfM2Jkl2I+6OeKTUPE3w/1KwtrF/iLqUFpAkCrBbxqE3QlSrfNAzZ3ID1xn2q5P418AXumwWGoePbu+gS6W4l8+PBnC9I22RKNm4BsY5xgkjigComlz6prmli71XVYzHrps0jiu2RYVXTy/wAgH3TnIz6EjvXonga5uLzwNotzdTyTzyWqM8sjbmc46k9zXEah4x+F2oTRSHxGsIF497MIxOpld4GhPzAZX5WH3SOVFa+n/FH4b6Xp9vYWWu20NrbxiOKNYpSFUDAHK5oA9Ary/wCBH/IjX3/YVuP5LWrN8ZfAMMLyf8JBHIVUnYkMhZvYfL1qn8ELC6s/h6JrqB4ftt5LdRI4wfLbABI99pP0xQB6PRRRQB5f8L/+R5+I3/YVX+clenkZUjJGR1HavGtB8TaV4A+JHjW18TTtYDUbpLu0leNmSVDuPBUH+8PyI7V1rfF/wCVIHiWFSRwRDJx/47QBgeN/DurTT6foujeJNZvNUZ/t/l3MsRSNIfmVjtjGCZBGqk8ZJODg10GnLbP4Tn13+2Nd1izuLJ1axnkQtkjBTCIrLIDlevBzWRoXj/4caGJ5R4pF3f3RDXV7cRyGWYjpnCAKoycKAAPTrRa+PvhtYa/catZeJ1tzdKftNtHHJ5M0nGJCuzh8AjIxnPOcCgDze1ubzw9oenxXk0FmltJeXUxt79C8jiXajLHJKr5UpMBt6gjqSa7rwre3Fx4H8UQQaoDJG5mtVg1C3DxhlDEswd1QNJvJLHJy1V18RfDGQW8N94t+2WMErzLZSQMInkaV5dz4j3OAXGFJ2/KDgmrFr4v+HunWN5Yab44ltLOYKIYltxJ9mAOSqGSJsqRxtbIA6Y7AGTBpWkac9/pUnjAzLJoVvDb7LyGRJmhEgdMEqBt3psDMudx5ODjXvpbn/hE4tWgsWM9xrzzW8qzxTLYiWUIJXCsyM4DYUfNgtntWW+s+AJL+G+f4j3RuIY3jjb+z7cAK5UsMfZsH7i8kZGOOprWPjbwFJ4fk0m48dPcK9xFOsz2ioybHRwoEcSrjKdwTyaAOXvdHjmn1L7BaxSR2ryzXKzyXBSaCCUmVYxI5RstCEwAOCewrtLGGbRvAfhea1aC00+7ubf7TYtbRmN0uJgxySPlIDdvSsKfU/hDd2unw3XiIztZrtMjrJmYM5eTcNmPnZjuwBkEjoSKvyeKfhTceHF0C58QrPpsc5migdJCsY3FlQDZyik8KcjAA5HFAHNwxyvqlleLJciO1lmjJR5hGPPuXCbtsoAyUPAXBBG7OK9j8E/8AIheHf+wZbf8Aopa83k134TjRbWzttes4b21gjhh1JrEyTrt/iy0ZGckn2J4ro9L+KPw70nSbPTYPEsRhtIEgjLxSElUUKM/L1wKAKPx3/wCRGsf+wrb/AMmr1CvEviR4y0Px7Y6P4b8L3h1LUbjU4pNsUTgIi5yzFgOOfyBNe20AFcP8YP8AklGv/wDXJP8A0YldxXJfE7TbrV/htrllZRGW4e33JGvVtrBiB6nCnigDV8J/8ibof/YPt/8A0WtbFeYeFvi54Jg8KaTb3etLa3MFpFDLDLDJuR1UKRwpHUVr/wDC4PAP/Qxwf9+pP/iaAK3xatJJfDsd3DHdJJbbx9tt7oxfZVfCFtoYGQkHAXp6kCuDsdSvfDMFrf8A+k/8SmCeAPdSi5R4GWLDKnn5iI8vGxSw9PQdj4i+I3w88RaDdaTN4pjhjuAoMiQOSuGDcApjt3rlb+7+GF9p9xaN46uFE0bRk/Y4uMjHa3B/IigDS8UaH/Yp8F6asjS3MGly2xuEacfLGIh8qx3EWA27nLHovpWNoNzDp08UtnPb2V3caUQEksJ7ryv9KuQDAFdnU5DEqSRkjmuo1nxx8NtavbO6n8S2pe0tp4IhJZtKoaTZ8+GQjK+WMcdzWNba58PrCGJNO+Id1Zt9j+xztFbKfNTzJJM4aEhTulf7uOCPSgCx4+ivRfassL6zOE8JoJ5bVoYwwzPlp1lw2DySE+br3xUN5o2m/wBo63rVhJc+ZA+kok0d9MV86SYNIMb8EFZU+XoM8AZq+/iL4OXF0t1e6lb30ywR24N4J5l2RjCjYwK+p6ckk96q2viD4bWtla2KeNHFlHdLeXEC2+0XUyuHVnIiyACqgKuBhVHagDqPFWp37zX6W154ltYkjZDHb6QksRIBBIdkJIPrmqHw91G+j0nw/HNdeIZ7drKCMQyaUi265jUD94EB2jsc8jrmpNb+J/grVdPa1tfG408vkPJDalyykEFfnjIHXOfarGmfFH4d6TpNnp1v4kiMNpAkEZeKQkqihRn5euBQB6FRXD/8Lg8A/wDQxwf9+pP/AImj/hcHgH/oY4P+/Un/AMTQBj6H/wAnE+J/+wVD/wC069QryfwFexeKPi54o8UaWJJNHNrFaR3LIVErgLnaDz/CfzHrXrFABRRRQAUUUUAFFFFABRRRQAUUUUAFFFFABRRRQAUUUUAFFFFABRRRQAUUUUAFFFFABRRRQBXvLG01CDyL21guYc58uaMOufXBrP8A+ET8N/8AQv6V/wCAUf8AhWxRQBj/APCJ+G/+hf0r/wAAo/8ACj/hE/Df/Qv6V/4BR/4VsUUAY/8Awifhv/oX9K/8Ao/8KP8AhE/Df/Qv6V/4BR/4VsUUAY//AAifhv8A6F/Sv/AKP/Cj/hE/Df8A0L+lf+AUf+FbFFAGP/wifhv/AKF/Sv8AwCj/AMKP+ET8N/8AQv6V/wCAUf8AhWxRQBj/APCJ+G/+hf0r/wAAo/8ACj/hE/Df/Qv6V/4BR/4VsUUAY/8Awifhv/oX9K/8Ao/8KP8AhE/Df/Qv6V/4BR/4VsUUAY//AAifhv8A6F/Sv/AKP/Cj/hE/Df8A0L+lf+AUf+FbFFAGP/wifhv/AKF/Sv8AwCj/AMKP+ET8N/8AQv6V/wCAUf8AhWxRQBkp4W8PRuHTQdLVlOQRZxgg/lWtRRQAUUUUAVL7TNP1NFS/sba7VDlRPCsgU+2RVL/hE/Df/Qv6V/4BR/4VsUUAY/8Awifhv/oX9K/8Ao/8KP8AhE/Df/Qv6V/4BR/4VsUUAY//AAifhv8A6F/Sv/AKP/Cj/hE/Df8A0L+lf+AUf+FbFFAGP/wifhv/AKF/Sv8AwCj/AMKP+ET8N/8AQv6V/wCAUf8AhWxRQBj/APCJ+G/+hf0r/wAAo/8ACj/hE/Df/Qv6V/4BR/4VsUUAY/8Awifhv/oX9K/8Ao/8KP8AhE/Df/Qv6V/4BR/4VsUUAUrHRtL0x2ew02ztHYYZoIFjJHocCrtFFABRRRQBmXHhvQrud57nRdOmmc5aSS1RmY+pJHNRf8In4b/6F/Sv/AKP/CtiigDH/wCET8N/9C/pX/gFH/hR/wAIn4b/AOhf0r/wCj/wrYooAx/+ET8N/wDQv6V/4BR/4Uf8In4b/wChf0r/AMAo/wDCtiigDH/4RPw3/wBC/pX/AIBR/wCFH/CJ+G/+hf0r/wAAo/8ACtiigDH/AOET8N/9C/pX/gFH/hR/wifhv/oX9K/8Ao/8K2KKAMf/AIRPw3/0L+lf+AUf+FH/AAifhv8A6F/Sv/AKP/CtiigCK3t4LSBILaGOGFBhY41Cqo9gOBUtFFABRRRQAUUUUAFFFFABRRRQAUUUUAFFFFABRRRQAUUUUAFFFFABRRRQAUUUUAFFFFABRRRQAUVxXi74iweG9Xg0Sw0m91rWZo/O+x2YyUj/ALzHBx09Py4zif8AC0PFP/RMNc/77P8A8RQB6hRXl/8AwtDxT/0TDXP++z/8RR/wtDxT/wBEw1z/AL7P/wARQB6hRXl//C0PFP8A0TDXP++z/wDEUf8AC0PFP/RMNc/77P8A8RQB6hRXl/8AwtDxT/0TDXP++z/8RR/wtDxT/wBEw1z/AL7P/wARQB6hRXl//C0PFP8A0TDXP++z/wDEUf8AC0PFP/RMNc/77P8A8RQB6hRXl/8AwtDxT/0TDXP++z/8RR/wtDxT/wBEw1z/AL7P/wARQB6hRXl//C0PFP8A0TDXP++z/wDEUf8AC0PFP/RMNc/77P8A8RQB6hRXl/8AwtDxT/0TDXP++z/8RTJfi5q+nxm61b4ea7Z2EfM1x97y19cFQP1FAHqdFVdN1G11fTLbUbGUS2tzGssTjupGR/8Aqq1QAUV51rPxVNt4gvNG8P8AhnU9fnsTsu5LUYSJ/wC7nByeo7dD1xVT/haHin/omGuf99n/AOIoA9Qory//AIWh4p/6Jhrn/fZ/+Io/4Wh4p/6Jhrn/AH2f/iKAPUKK8v8A+FoeKf8AomGuf99n/wCIo/4Wh4p/6Jhrn/fZ/wDiKAPUKK8v/wCFoeKf+iYa5/32f/iKP+FoeKf+iYa5/wB9n/4igD1CivL/APhaHin/AKJhrn/fZ/8AiKP+FoeKf+iYa5/32f8A4igD1CivL/8AhaHin/omGuf99n/4ij/haHin/omGuf8AfZ/+IoA9QorzrRviqbnxBZ6N4g8M6noE98dlpJdDKSv/AHc4GD0HfqOma9FoAKKKKACiiigAooooAKKKKACiiigAooooAKKKKACiiigAooooAKKKKACiiigAooooAKKKKACiiigAooooAKKKKACuH+I/im88O2dgtpZX7NPe2y/aIPL2Eeau6I7mB3MoYDjHPJFdxXmvxW0STWk037cFbR4Ly0URBiDLNLcLGxb2WMsB/wBdD6UAM1/xH4uuNbsbDTv7OsAFGo3AuJGD2tsgyVucAqAxyvyk9CQcAmuw0PV7mfw+urazcabFbyqs0U8DukflMAVZvMCkE57+1eR+JNCtY9Ujg1XT7bVtRtv9TY2wE9/qnljakly4AEUYAXIxkgYJJ4rpvsk2ueA9BsrO8l1VdZ1SKXUrhQ3lworGWRAp/wBWqmMRhePQ8k5AN99e1SXX11DSkub3SEvG0q/szEu+CRWx58ZHJXJwwPbntW1qutRf8IrrGo6XdRSyWlvcbXTDBJY1bIPuGHIrC8G6jZ2Np4ne5uoYhFrd67h5ANo3Z5/CudW7vovB3ifW5LEW+l65oX9qKA4KxXbxFHT1O8eW2cdc+tAFGw+Imsb3t7TVTrtzMNP8iNLRIn3yPI06KPlBxHGcEnA9a6zwH4n1bV3vYL7R9SVBqV2gupmh2QqsjbYjhy2VwF4BGR1I5rA0fw/qMfi66ivNdgj1S00uxNvfGxjBhUm4UoFYkdM5PU1ofDmyvmTVPtPiFbm1bVb+OS0+zxr5zea4L7hyMn5sDigC1Y6/rnirX9buPC+pWA07TnSxjW6iaSKaUZaWT5SrcZRRzg/McdDUnhe48Ya7e3Nxf65YW9vp+oSWkttZ6f8A6/yyM/O7sVBz2Gfes3QfC+lNqXiWyS7vdKs7PU0jhSwvntRg2sHB2kbunf39TVfwX4Y0y5bWc6/rSNHrNxGixazKvmAMMEgN8xPcnk0AerUUUUAFFFFAHl+h8/tFeJz3Gkwgf+Q69Qry/Q/+TifE/wD2Cof/AGnXqFADJZooEDzSpGpYKC7AAknAHPckgU+vP/iZpfnHQtSN9er5Gr2KC1SXEDEzj5mXHLc+vYV0uoa/9k1M6fJpuprCYyz6jHEv2eEYJJLFsjGPQ0AacN9Z3FxLbw3UEk0RxJGkgLJ9QORWTN408O22tXmk3er2drd2axtKtxMsY+cEgDcRk4GT6ZHrXnq6Lp3h3xX4Il0/TraPSWm8qDW7eRZLi/eWBiBLgD5WOW3fN0HTNY+t6ho9vpHivS9L8UeHnt0sXmM13suLrUJpI3L7ZRKo38KowpxkcdqAPZ7DX9G1WdodO1ewvJVXeyW9ykjBcgZIUnjJHPvWZH478PSiNkvjscsAxjYDA3/N0+6djYI6/jXO6PeadeaNqFmdd0LXJZbBgLHRESC5ZdvzLkTMTngdsGuHki+3ppM9zbRnUJ4IwsKtPHDBumkihibymVAoP7sEgnA5zQB7Za67Y3ml3GowO8kEDTK4WMs58p2RsKMk8ocYHPGOtZknj7w0gjKX8twskCXCta2k06iNiwUkohAyVYYODkGuK+HWg3MEXiJomhsNVtmjsJ76CFH82WNnkd8EYO9ZIyc+3oK5u/afxFDapHuN3qml6YzpZBk3TEXc7/KkiL0V2IbPJzjPNAHsUfi/RZdH1HVVuZFtdN3fajLbyRPGQgfGx1DZ2spHHORSal4w0bSGxfy3UOIhKx+xTOFUjOSyoQPfnivKmuDc+Btau4LqbMmp2NxBGIJLg3R+x27xxuGZmxnazEluFPXOKt6p9sn0S30nW7/Xhot0FUvbabIJ7y4kc58wyj5FMmdsYX7u0E44oA9OuvFej2enWeoTTzG1vIvOhkjtZZAUwDk7VJXhh1x+hptx4s0a1m0mKS751UBrUhGwVO3azcfKCWVRnHLAda4bxJc61J4f0Zro2a3hju4YlmlWyZneMwwsY3P3vnJKrn27VzIms7mzmnvNU1a3tr/T081SLfCwLbfaIY0zGxUbRKMhgd8ZbqRgA96rH8WgHwZroIyDp9x/6LapvD0V3B4e0+O/mlmuhAvmvMQXzjoxAAJHQnAzjOOah8Wf8ibrn/YPuP8A0W1AHP8Awf5+FGgf9cn/APRj13FcP8H/APklGgf9cn/9GPXcUAeX/Boc+Mz3PiC4yfyr1CvL/g1/zOX/AGMFx/SvUKAMF/HHhKKRo5PFGiI6kqytqEQII6gjdWzbXNve20dzazxT28qho5YnDK6noQRwRXB+IdJ00fFHwbGNPtNksOoGRfJXDkJFgnjnqa5/SvGniW6it9Ws4bgae2ofZ105dPRbZLcSmI4mzu8wAZ9M8baAPYaK8rbxD4rj0278QtrMJtLTXmsRYCzTEsH2oQ/M/UMN3BGOnOSc1Y/4SfxBb+LlXUryWysH1M2sC/Ylls54S21R56ZZJT6NgZ4xQB6ZUc88NrbyXFxLHDDGpd5JGCqqjqSTwBXmEPirxG/hq08aHVIjZ3GorB/ZAt02iFrjyQA/3/MH3ic4yCNtZvim58R634K8cXV1rMcenWV1cWcFpHapl0SReXc89OMAD1JPYA9asdU0/UwTYX1tdAIjnyZVfCsMqTg9COR61bryS61HUPDvibW7OxuIhe3t1pOmpdyQqFiLo4MmwYXOAcDpkj6Vb1XxL4j8NajqFjPqq6hDpos9QluXtkRzbPKY5o3CgLkAbwwAOB3oA9QoryWw8f67qGpy6aJYo5tT1OE6QwjUn7CZZQ7YxyQlu5yf76161QB5f8ZRz4MPceILfB/OvUK8v+Mv/Mm/9jBb/wBa9QoAKKKKACiiigAooooAKKKKACiiigAooooAKKKKACiiigAooooAKKKKACiiigAooooAKKKKACiiigAooooAKKKKACq19p9pqUCQ3kIljSVJlUkjDowZTx6EA1ZooAoadoml6S9w+n6fbWr3MjSzPFGFaRicksep5NS2em2WntctZ2sUBupjPOY1A8yQgAsfc4FWqKAMO98GeGNRvXvb3w9pdxdSHLzS2iMzH1JI5/GtO606zvbE2NzbRSWpCjyWX5cKQRx7ED8qs0UAYE3gjwxdXF1PdaHZXMt1KJZmuIxLucZwfmzj7x6epp9j4M8MaZeR3lj4f0y2uYjmOaG1RWU4xwQMjg1uUUAY914V0G/Fyt7pNrdLc3AuZluIxIrShAgfDZAO0Y4qC28DeFLO6iurbw3pUM8Lh45I7RFZGByCCBwQa36KACiiigAooooA8i8QX0/gD4uXniq+0y9u9F1SwS3M9nHvMMi7eGHHXZ69+Ohq7/wvfwt/0D9c/wDAIf8AxVeoUUAeR6l8YvBWrwxQ32k65LHDPHcIPspXEiMGU8OOhAOOlW2+OvhV1Ktp2tsrDBBsgQR/31XqNFAHhWmeOfhppOowXtrofiHzLbcbZJUkkjt89fLRpCqdT0HHatLWfi34L1jQ9Q0x9M1mJby2ktzImnruQOpXI+bqM17HRQB5RbfGzwhaxxrHpesgooXcLBQT/wCPVykHi74fCwurS9tPEl6lx5IPmWgAVYmZ0UAN03uzEHOSeeOK+gqKAPDNA+IXgPw35n9n2XiRBPbiK5BtR+/fJPnN83+sO5skY4IHYYq6V4t+F2k21xap4c1a4tZZI5FhuNPWRYyibBjJ68ucnnLtzXvtFAHgmn+PfB1jpc9iZPFm24uVnla2tVtcqsSxLEPKI2oFReFweOvao73xt4OuUhgt73xpY2UEyTwWltaweXFIp3BgXVmJ3ZY7mOSTXv8ARQB4jL8UvDculi2N14pa8G4LqMum273Cqeqg7QoH0XNY1x4r8Fz2X2IX/jWK08iK2EMdla8RRjCJuMZYgZPBJ+8fU19D0UAeUWPxu8NWdlFbyReI7t0GDPPZpvf3O0gfkBVfXPjJpGtaDqGlaRouuXWoXtu9vBF9kwCzqVGcEnjOelev0UAcz8PdEuvDvgHRtKvQBdQQfvVBztZiWK/hux+FdNRRQB4lo3iX/hVXiHxLpviDSdSe3v8AUZL6zu7WDzEkV+3UYIGP19s7v/C9/C3/AED9c/8AAIf/ABVeoUUAeRXHxh8EXeq2Wpz6Rrj3lisi28n2UjYJAA/AfByFHUHpxWQnjv4aJrH9proOv+d5/wBqEXlP5Im6+YIvM2Bs85x15617pRQB4w3xQ+Hz6XNpraHrhtJro3kkf2duZvMEu7O/P3wDjOO2McVT/wCE9+G/9sf2n/Y3iPzftH2vydknkefnPmeV5mzdnnOOvPWvc6KAPDI/Hnw1i1VdRTQ/EHmLcG6SExuYEmP/AC0EXmbA2TnOOvPWrkvxQ+H02lahpkmh64bPUZXmuo/s7fvHc5Y535GSOxFez0UAeLX/AMTPh5qf9oG70LW5G1DyvtDfZmBYx/cIIf5SvYrg1HZ/Eb4d2Wn6hZLo3iCaPUkMd5JcxPLLOu0rhpGkLYAJA54zxXttFAHi1t8S/h1Z3el3UGga0k+l2xtbN/spJiiIwV5fngdTk9eeTWz/AML38Lf9A/XP/AIf/FV6hRQB4lrPiX/haviHw1pvh/SdSS3sNRjvry7uoPLSNU7dTkkZ/T3x7bRRQAUUUUAFFFFABRRRQAUUUUAFFFFABRRRQAUUUUAFFFFABRRRQAUUUUAFFFFABRRRQAUUUUAFFFFABRRRQAUUUUAFFFFABRRRQAUUUUAFFFFABRRRQAUUUUAFFFFABRRRQAUUUUAFFFFABRRRQAUUUUAFFFFABRRRQAUUUUAFFFFABRRRQAUUUUAFFFFABRRRQAUUUUAFFFFABRRRQAUUUUAFFFFABRRRQAUUUUAFFFFABRRRQAUUUUAFFFFABRRRQAUUUUAFFFFABRRRQAUUUUAFFFFABRRRQAUUUUAFFFcZ8Q/Ex0ay0/SrO/W01XV7uO2t5TgmFC48yTB4wF9e5FAHZ0V5xd+Idd8Q3Fxrfha6U6Po/wB2F1AGrNn95hj91AoIVuhYk9BWvf8AxG0SDwLe+JoLgMlurJ9nlG2RbjoIXXqrZxkenPTmgDsKK8a1/wAT+MdJ8PxaTb6lFe6rLpkNwGt9NuJbkb+C+9P3a/MHxkdAOprptM8W6xeeFfEmpyXFjJJpltLsSOxnt3jmWLfh1lOSMFT0HWgDv6K8yk8Q6pZpapqPjzT7a6nto7kwf2KzlVccdJPUEfhWhomu6tJ4k0aFtetNY0zU7S6njkhsfIIMTRjg7jnJc+nSgDvaK8l1Hx14lt5vGUg0i+svsVhFNB57wOto+xzlgGOd5AxjPTnFbUlx4m0/xbpGmJrt9qYlnBvEbSVjhjg2OS3nBdoO4KMZzzQB6BRRRQAUUUUAcB4r8d6xa+KU8LeEtFj1TV1g+03DTy7IoE7Z5GScjuOo654zv7c+MX/QpaH/AOBf/wBso0P/AJOJ8T/9gqH/ANp16bNKkEEk0hwkalmPoAMmgDzL+3PjF/0KWh/+Bf8A9so/tz4xf9Clof8A4F//AGyuq0HxvZeIpo0s9N1mOOSLzo7i5sJIoXXGQQ5GDkHj1rE034mSXWnyXd3oyQb7O3uLSOK7817iSfd5UIBRcOduT1wDk8UAUP7c+MX/AEKWh/8AgX/9so/tz4xf9Clof/gX/wDbK7Xw5rz6vFcW19DHa6vZP5d5aK+7Yeqsp4JRhgg49R1BrboA8v8A7c+MX/QpaH/4F/8A2yj+3PjF/wBClof/AIF//bK9Kurq3sbWS6u544LeJd0ksrhVUepJ4FcefH7tnVYdKeTwwh2vqAf96R3lWHGWhHdup6gEDNAGL/bnxi/6FLQ//Av/AO2UwfELxj4c1GwHjfw1aWel3s62y3lnPvETt03Dc3HX06HrjFel2N/aanZx3ljcxXNtKMpLC4ZWHsRXm/x3/wCRGsf+wrb/AMmoA9QooooAzte1m18PaFe6veki3tIjI4UcnHQD3JwPxrzqz8X/ABT1q0i1LS/Bulx2Fyoktxc3X7woeVJ+YdRz0Fb3xg/5JRr/AP1yT/0YldB4T/5E3Q/+wfb/APotaAOH/tz4xf8AQpaH/wCBf/2yj+3PjF/0KWh/+Bf/ANsqxqfxTfTDcPNY6RFFHey2kQudY8uWXZOYS/l+UcLkEnk4GfStjRPG8mpz3SzWFu0UVkL2KXTLw3omXe6FVwi5YFCMDNAHP/258Yv+hS0P/wAC/wD7ZR/bnxi/6FLQ/wDwL/8Atla+o/EiK0vNMhj0HXSt1cmGTzdMmVseW7fIMfM2VHHpk9q1h4tSfTbu6t9Lvomt9ny6lC1kr7m28PIMf5A70Acl/bnxi/6FLQ//AAL/APtlH9ufGL/oUtD/APAv/wC2VsN481Fb86efDbfbFvVsmT7am0O0JmHzYx90fnj1q/F4zjXwlqeu31k1oLCWaFofNEnmSRts2qR1Jf5R70Acx/bnxi/6FLQ//Av/AO2Uf258Yhz/AMIjoZ9hdj/45WnP8VNDsL/TLDUNQsILqQvHqKCUn7JIqElc45+cFa7Swv7TVLGG+sZ0ntZl3RyoeGHqKAOd8CeM/wDhMNOu/tFi+n6pp85tr20Zt3luO4PoefyP1PV15f8AC/8A5Hn4jf8AYVX+cleoUAFcB4r8d6xa+KU8LeEtFj1TV1g+03DTy7IoE7Z5GScjuOo6547+vL9D/wCTifE//YKh/wDadAB/bnxi/wChS0P/AMC//tlH9ufGL/oUtD/8C/8A7ZXqFYHiTxJN4e+zsukz3sc5KK0UqA7wpbaFJyTtVjwO1AHHf258Yv8AoUtD/wDAv/7ZR/bnxi/6FLQ//Av/AO2VZ0z4pT38kka6H5zecqIba9iZV8x9saOd2FkJ4KnmtvVfG50vU5LH+xLqZ4oo5JH+1W0SKXBIUGWRdxG05xmgDm/7c+MX/QpaH/4F/wD2yj+3PjF/0KWh/wDgX/8AbK0bP4j3X2aA6j4elWUsqSm1v7SZV3OFBCrMXI5GeOK29W8UXOiJrct5o832fT7Q3kE8b5juEA+ZS2PkcHPBzxggnnAByf8Abnxi/wChS0P/AMC//tlH9ufGL/oUtD/8C/8A7ZXZ6Vf+ILq8H9o6bplna4OBFqDTyk9uPLVcfjW7QB5YPiF4x8OajYDxv4atLPS72dbZbyzn3iJ26bhubjr6dD1xivU68v8Ajv8A8iNY/wDYVt/5NXqFABRRRQAUUUUAFFFFABRRRQAUUUUAFFFFABRRRQAUUUUAFFFFABRRRQAUUUUAFFFFABRRRQAUUUUAFcJ8QtI0+a88P38tnFJdSavZ2ryOuSYt7Epz2JJz69+ld3VW90601EQC7gWUW8y3EWc/LIv3W/CgDzHUxDP4b+KF5ZrGtisP2KARjC/ubYBgMcYDMV4/u10fjbRdMuPh1rF1LYwNPDptxco+wA+b9mZN59TtOMn29BXSJoOlR6G+ix2MKaa6NG1sowhVslh+OT+dWbqxtr3Tp9PuYhJazxNDJGc4ZGGCPyOKAPGPEVrJeeNbIQwGcp4dtMhbNrjb+8l7LNHj8z+FXfC8Zg8AfEWF08t1NxlDCYiP9ET+Au5H/fR/pXfy/D/whPK0s3hrS5JGOWd7ZWZj6kkc1PZeDfDWnLcrY6Fp9sLmFoJvJgVPMjbqpx1BoA43T7q5s7+HV9J1bw28dzpNnbPHe3xRkaMOf4Qf+en6VH4et1sfEnhHTE1Gxu7q30/UjK9pL5iKzyRMPfHPfHSu6Twp4djRUXQdMCqAAPskfT8qltvDui2V9He2mlWdvcxoyLLDCqEK2MjgD0FAHkGv6LeL/wALEutX1ie+vbXS4CDEPIhJeOQcxKSDgZA3E9SaNMs9PsPi1aeHYbsqbW+kvftLajI2+IpmO12liN4djkYztUHua9Wh8H+H7ew1Gyi0yJbfUf8Aj7XLZm4xyc56e/FS/wDCK6D/AGZ/Zv8AZFn9j87z/J8oY8zOd/8AvZ70Aa9FFFABRRRQB5fof/JxPif/ALBUP/tOu98R7T4Y1UOLgobSUN9mTfLgoc7F7t6DvXn/AIksfEXhP4lz+MdG0OTXLLULNbW5t4H2yxMuMEDByPlHY9+nFP8A+FoeKf8AomGuf99n/wCIoAreFdTii8T6DpvhrxLfa1psljJ/aMFyVcWiqg8puFHlsW+XZ+nFc3oWki60XTZTo4ubOWzsFea+s/M2SSRCF2hDDDKu23ckAgBX9TXWD4m+Jhux8LtbG7k4Y8/+OVlT+Jrm7srOzu/greXNtZJ5dtHcQrKIVwBhd0ZxwB+QoA1/AukW17NqNxa2ttol3Daw2RNhDCrx3GxXuGB2kMNxjXkEDYcAZNdT/wAIvq3/AEO2uf8Afq0/+MVwOm+KrvR7lrjS/gpdWM7IUMtrbpExUkHGVjBxkDj2Fan/AAtDxT/0TDXP++z/APEUAdXP4auTpV1Bd6sdXdyjwDWLWGWKJ1OQdkax5P1PYe+fKG0+xk1CDWXtfCCWn9i3N5JG/h7CrsljDK0fnHMoOVzu4+Yc5zXR6h4+1vVrN7PUfhJqt3bOQWhnG9Dg5GQY8daxf7Qtv+iDP/4CJ/8AGqAPWfC1gLDRI91tY28858+ZLO0Fum9gOqBmwwAAJ3HkVxPx3/5Eax/7Ctv/ACaqem+OtY0a1+y6Z8IdUsrcsX8q3URruPU4EfXgVU12bxb8UX03RJPB93oWnRXkd1d3d5JyFXPCggZPJ9e3QZNAHs9FFFAHD/GD/klGv/8AXJP/AEYldB4T/wCRN0P/ALB8H/otag8baBJ4o8GarosUgjluodsbN03ghlz7ZAFcDpPjjxloWjWmjX3w21O5msoVtmmt5N0cgUbQRhSOQPU0AZc0ct/aQbnu0sNQnvNQWRFuHiJ+2u8eBCp5IKuCfQV0HhW+EWo3N/q9xPaL/YKvPLcyOrRL9onG7LgMvABGRnmo7X4jeIrK1htbX4VazDbwoI440OFRQMAAbOABVOy8Y6nptzd3Nn8H9Uhmuzm4kQcy8k8nZzyTx70AUdW0XWdb1PRbuw1rW7GzuL4w6ab6djI7C2nczlT8yKcBQOG2ljxkY6/TtS0OPw1rVp4jlv0aCEDU7LVZjMUDAgeWf41Y52lepx0PFZFx8QvEF1NbSz/CrWpJLWTzYWLH5H2lcj5P7rMPxp83xH8RXChZ/hTrEqhlcB/mAZTlTynUHkehoAwrNdV0rwtNpM9jfDxTd38Oo6QZGEskxCrsEjHAHlpHskzwAeuWFbF/p+lap8HrR45Lln0yRXlikYo4vPMHm+co/iDs5x0yc88U8/ETXzei9Pwo1j7UI/KE38YTOdudmcZ5xUEvjjV54ruOT4RasUvHD3A6eawAALYTk4VfyoAn1bR7rxJ4l0nUr6OSxur6WdLBZF/eWkcUTNE5HZzJmQj02g9K9F0O+vNQ0mKbULF7K8BaOeFuQHUlSVPdDjIPcEV5zL8Q/EE9zb3Mvwq1p5rcsYXLHKFhg4+TuOKn/wCFn+Ke3wv1zPbLn/4igA+F/wDyPPxG/wCwqv8AOSvUK4D4YeHtY0xNc1vXbdLTUNcvTdNaK27yV52gn1+Y/p3yK7+gAry/Q/8Ak4nxP/2Cof8A2nXqFeWeJLHxF4T+Jc/jHRtDk1yy1CzW1ubeB9ssTLjBAwcj5R2PfpxQB6nXn3xTl32dhZlxCircXr3P2kwmIRR4OCEfJKysOn41Q/4Wh4p/6Jhrn/fZ/wDiKhk+IniCa7gupPhVrTTwBlikLHKBsbsfJ3wPyoA4DRd9ibW/JtZpLa2TUCsE6xJJslDiJtluA0ifKT83PzEHk16J8T51u9Tt9KklDq0G5LYyKTI5JHyxxo1wxxj7pjXkfN1qnqfjjWNZgjg1L4SavdRRyCVUlJIDDocbKmm+IWv3AmEvwo1hvPj8qQ55dOflJ2ZxyfzoAxPAsM+h32ntq5Gn6ZZXUmnq0VpFC6zYRoxcyLuJDrIR94DcAGyTmt7xY0Eni+98O2V5NNLq1okVxbS3rukZeZd7bGYhMRbjtUDjtjmq1j441fTbAWNl8ItVgtQxbykGFLE5JI2cnPOajufF+oXlvc2918G9QnhuZfPnjljDLJJgDcQY+TgDn2oA6jRPB+iWHj/V7iDw/Y28cNvaNaSJaKoR8zbyhxwfu5x7V3NeH2urLZXUN1a/A66hnhcPFIkIDIw6EHy+CK6D/haHin/omGuf99n/AOIoAPjv/wAiNY/9hW3/AJNXqFeMa7N4t+KL6bokng+70LToryO6u7u8k5CrnhQQMnk+vboMmvZ6ACiiigAooooAKKKKACiiigAooooAKKKKACiiigAooooAKKKKACiiigAooooAKKKKACiiigAooooAKKKKACiiigAooooAKKKKACiiigAooooAKKKKACiiigAooooAKKKKACiiigAooooAKKKKACiiigAooooAKKKKACiiigAooooAKKKKACiiigAooooAKKKKACiiigAooooAKKKKACiiigAooooAKKKKACiiigAooooAKKKKACiiigAooooAKKKKACiiigAooooAKKKKACiiigAooooAKKKKACiiigAopskiRRtJI6oijJZjgAfWnAgjI5FABRTXkjj273VdzbV3HGT6D3p1ABRRRQAUUUUAFFFFABRSEhVLMQAOST2pEdJY1kjZXRgCrKcgg9waAHUUUUAFFNSRJN2x1badrYOcH0PvS5G4LkZIzigBaKKRmVFLMQqgZJJwAKAFopqyIzbVdS2A2AecHoaHdI13OyquQMscDJOB+tADqKKKACimu6xozuwVFGWZjgAeppVYMoZSCpGQR0NAC0UUUAFFNaREjaRnUIoJLE8ADqc0gljZwiyIXK7woYZK+v0oAfRRTJporeJpZ5UijX7zuwUD6k0APooooAKKKKACimvJHHt3uq7mCruOMk9h706gAopCwBAJAJOBk9aRpER0RnUO+dqk8tjk49aAHUU1nRASzKoUbjk4wPWmmeEJG5lj2yEBG3DDE9MeuaAJKKKKACiiigAopCQBkkD60jSIjIruqlzhQTjceuB69KAHUU1JEkBMbqwVip2nOCOo+tOoAKKKKACiimvIkYBd1UEhQWOMk9BQA6im+YhkMe9d4G4rnnHrinUAFFFFABRTGljSRI2kVXfOxScFsdcDvT6ACiiigAopGZUQu7BVUZJJwAKbHLHMoaKRHUgMCpyCDyDQA+iiigAooooAKKKKACiiigAooooAKKKKACuJ+JVql9ZaBZyxLNHPrUKNEzlFkGyT5SRyBxXbVxHjMapfeJdBstKslnlshPqmZiUiLpGY40LY6lpc464FAHntzbeHtUtrmwsfDMNjqVlp95Nq8crylrN40wgQ7gDuchlbkFR09Ox8RRxXPw98IQ3KvLBNdaesyKTmRSoyOOTmon+HWs2hfUrfVBeavqcE1vrbTuVjnR4yF8sYwvlkAKOMgnJFZ8Gp6rq/gfw9G2lSWU9hq9haRC6Rl3ukab2ZcZCiTcuR1C0AYenC9uPC1ha/2KZvDdxcC/vIxfxR/aGlfMUC+Y4xGhMaNk5Z124613/w+v8AWoHufDmq6c8UdggNvK11FNJHET8kU2xjhwuCD0ZR2INcXqegfYJ57G+kvvtdxHeLeSWGk3M0MfnuJ4vKKqQ3lyDPJH3mHFdD4Q8RfYtJ8S61f6Zq/wDaU08t9LDJp0sZZFxHFGpK4JKqpwCcbj6UAV/EOqa1460vT20jwxq32O31MTfa4b23idhEzo2zMgYHcDjI7VreDTIfEt5Z3Y8SW15aW6Sm31PUUuI3SQsAQEYjOUPesGPw7facI9NB1e3vp9Jn1FIbTVp44BdB8vCADwCZAc9+a1fCWzTfEtheLBqM9r4h02Nory7uJZ5IpUDOYZN2dowxIPHIYUAekUUUUAFFFFABRRRQBjeKotQm8N3q6bdwW0wiYs80BlUptORgMuCfXPHpXkdnaw+LfAPhvQ45YdU1aSGCGK6tInRNMt1SIyiRgxUyKOOxJYfKK9O8f22j3PhK5GtxTS2qZZI4hIS0m0hQRHyRk9Dx0zXA3mnWdpp3w4tNX0a/uLWPSZftFpZ20ruJfKg5ZI+c53Zz3zQBraFo2kyeJfER0jTLq30UaULSTz4polmmLOX2+ZgnChRkV5xptrd/2TDcafZ+RfjQraZJNNvZpppC1xCJJGCAMjFC2QuSATXoXhmK2i8U+IF8OaJf2sJ0eLy7W/jltvMm3y8jzRkAjaM9OKwdJ+HV6+swaDqllolmV8PGPzLW3Mu+QMEWVydmXBO7v6Z70AReB4tag8cWeE1iO2l1SeSfzPt4jeIwNtZ/OAQjcBy3z5AroFup5PGGpLqVq2t6q1k6XkGmTFRplqT8kMRyC0rkgscqcDIwAAaHhDw7YWXjPSrG0TT9TjtI5HuLlNGltngaMAITI7sGZmP6E11nh7Q7HQviVq8GnWYt7d9LtpGIBPmSGacszMeWY8cn2oA5pZPD1lq9pbf8If45W9kDTQRNeyNuCFcnBucEAsuc+tdJ4t1248vxToVzGiQv4dlvbRgCGbCukqtzjIJjPHZqX+1bTW/ippX9nNJMNPsr2O6byXVYmZ4QASQBklW6elUPiJPbXklzHHpniCXUrSxu7aFrTS5ZIZvPh27S4UgjO08Hgr9aAK1pq8eganqerSYK2fhGym2n+IqZiB+JwPxpPH+salbWHhk6vpF1cWsZivNRWyjGyW5GBFAAzZwZSCRycKOvNYyTRX+sxNqWh+KUsU03T4nWPR5z5slvI7mNhs+5kr9cV0/i2A+JrnRLi3sfFDyQq1xBbWyraIjnKhpXlAKMBnAHzDOQKAOd8R2cniiC6tNL8NG78WtEF1C+V5YbS1mCgMqszAO44AAyO5OM1rXt1olx4F0LTlt5Vjt9TttPmh1MukkDf8tN5BGW2bjkEryCKxvEsVgf7OQad4qGpRXltFqP2d9Qlj8lMLKFfgPwPvAZbr1NdRcW9lqHg0RaUn2XTLSdmnbXtLuLuVeM7o0lO4n5uvI6gUAcbbXl1ceFI9Ns9NE/h5765u75jfxRGS3Fy4SFDI4+X5Y9xJ+6wH8Vdj4KGoSQaj4P1rSnisLeL/R83iPLFAxISGUxuSrAfdYHlR2INcUmnWElkytZanBBdXF8uYNFn2yWk0Yi3BUTCt5kSSBTjgdsius8EebrUfiS3u31qy1HUJf+Pw2Ulq4hjRIkZWdcBjgtjJI3H0zQBznjfS/DFtq2n+HdCtbw3k2oWsF/dw307CyjklVQCS5G9s8D0yfSu48I6Z4Qkvri70O3uYtRsJGhmgubmfzIW5HzI7kYI5BxyOlV/Enh7T/D+gaDY6TaeVEPEFhI5GWeRvPXc7seWPqTXU3Hhywn8SWuvgSQ6hbxtEXibaJoyPuSD+IA8j0IoA8n1m1hj8LalZi2vtKikmnSfT7vWvscNpI0eSsLbds8b5Lbc49hkisbw5e2114n0+a3eTzjYW+xJPGDZYO5ITpksCvMXQZHHNdBq9hrniU2N+sbrNq+r3KWsN4GCWtutrNEjlCPlbAMnQZJUVRuvCFzoer2iM8xLalaWOn2xtRI8trBcI4lZ0GEKgsMkjKjkZPAB2vjTXPE+m+KPDtvbxW1tot1q9vbPcJMWmnDKSUKFcKvDdyTgdM0fE+3nvdPSDUJZbTwvD5c19PafPczyeYFjhRMHA3FWJIOeAK1fG2jX+rz+GGsYPNFlrkF3cfOq7IlVwzckZ+8OBk+1O8ZeGNW8UWv2K116PT7JvLaSI2ImZnSQOpDbxjlV4x2oA86/tS6/wCEu/s/+1fiH9j+wefs+yfv/M8zbnHlfcx3x1r1nw4hTQrbM+pz7gW36mu245J4cYGMfTpXB/2N4u/4WZs/4Sm2+0f2Pn7T/ZI27PO+5t8zrnnOfwrptX1TWfB/gm+1S9lg1y9tj5gUKtmGQkDaOW5AyR3Y4AGaAOrqvfx3ctjMlhPFb3RX93LLEZFU+pUEZ/MVNGxeJHZCjMoJU9R7VR1uDU7nSLiDR7uG0vpAFjuJo/MWMEjc23uQM4zxnGeKAPIfG+oeNW1qw0y31LStQlsr+2kLrYtCqXLbjFGT5jZyASemAV9a77wldeINXsbfVbnWbC8sZomzbRae0EiyDgozGVsFWBBGOorlPEHhPW9Cj0W20zVbV7Z9cglDz2TyTtOQcyzSeZ8/IOeF4wBgCun0vwjrWmapNfxa5bxtfCQ38MFoUheQj5JkQu2yQHG7khh1GeaAPPvCj2sXxV1a0HhlZL6ygj2RS6x9omgba5domkOWZtyA4I246itnRJ0m8TeEhBqV5cW8V/eRpaX6H7TYMLVt0MjE5bBPBPYjkjBq7pPgm0j8WazYruE9pZWM1tqEibnFzm4LTH+8xZiWHQ5weKbq/hPUB428Jm/8S6xfGS4uGd0EduI9sDEEeWgIzgKck5HFAFPxDN4ifxdc6wLWGCK3km0yNBo91dG8tyiN+98s4K7nO04HIbryK5m2vdXSTTdMs7y3u7rw3bTXlnpdzo14pcqjFC25gcgZVPqOpxXqviCwv7IXWqT+NtT0+xDA+XFaW8ixAkAAZiZjyR1zXL/Dvwpq8nhKK+g8T6npzXs88zotlbhnzK+12LxFiWXB5PGcDAwKALviuO31XxL4Z/tizup4f7Lu7ia0tfMDlx5HRUIYkbjxXNWq+FJfFmp2jeFtfayt7aBljS2vDLHIxfcXG7IBAXGeuDXX6lfvpXjmXVbu3v7q20jR0tg0NsXkuZ55RwiqME/ugDjABbtVey1B/C2naprfiKCePXNfdp47K1t5JyioipFDlFI3AYyTgZY9hQBs2eh+FNf8HadJFBL/AGMqG5t91zLGVVskljuB7nqeK8zhi8LX/jK7nh03VT4a0/TnnRoLi4c3reaqNKo37jGvzYx1wTzxXoml+CIb/wADeGdJ1prpY7G0i+02KS7I5n2DKygcsA2eM4PfNTRW62/xXRIYRHBH4fEaKi4VQJ+AMcDjtQBUutG8Pp4Au20LSpdY0y+CSvFb3ju8igj542dj864yACDkY61wPiieCO+0Oea+u7hUaEwzXPiVrSaRWiKh3h2jyevLAAnnP3jXpOp2EXgnw/r1/wCH7a4e5vGDw2UeWjW4fCAon8ILMGbtx2rhrnwTqc+u3tqjSXP9k2VpcfaWIee5uY4ZBGgL8FWZiWBOOAOhoAt/CSSKTUrp7Ziyyy3Ujq3iI3TL++IJMGBnJHEh5IIP8VQ6vb6PpmueK9R8R+Eb/VIo7v7QLu3eNlig8pAAQZVYchj071N4H0uTw14ulS5kac2WkTy3pitGAglkkikaJWA/eciQrjJxxWdqK+Jl8JeKL+70G7uE8VQtNElrCZJ7M7dkccqjkgxhDkD5TkEUAdP4O0ZbbxzJqGn+F7/Q9NbTDEwumT95KZVYEBZH/hHtXGSaTajxtLD/AGbbG3/4StIftBvWEoUxKxj8rHKZJO7d1OMV2fhy88M22sWf2bXPFc9058tIL43zRFmGPmWRdvfqeB1rmdd8P69p+tLrc+k6PaSXPiFLmO9wbm6jTy8BcKoynyFsBurYxQBCdM0P/hUra19sl/t3YX3/ANpS7t/nY+5vx07YrqfE2pSeJPiTpXhWES29vY+bdtdNFlGukiDRgA8ME81HI6ElfSs06AT4KbxWvhjSvtQvDqI086XB5hss/wCpJ2Z37Pnz13cdOK6XxDfLH418K6olvdTQrY38uyGBmkIKwkAIBnd7daAOaC6idFm+Iy+LbgFLB4HQ6VCJCiSH92V343BwQOe59as/EdrSCw8K2Ws3N7d6pcXqIWtBJHK8OQ0uIom5JAVO+N2RWNNfXQ02bRl8P+IX0268Q/bnA0mcFLTeJmTBXqZARgdj17V1XisDVoPDviXT/D1/PqEOpRqIpLfybgRAvkEPgICQDk4HTmgDifFNnompWMa6BaQQWX9nreG+vpblpkUXOwoAWJ5ORz0BNdt4RvRoOi6sE8PM09tqjWcsGjhpd5VFbf8AvGBxzjr6VykXh/UrqHT9CisbldUNstvqKSJiC1h+0/aOZhlWZhhQq7upJ6V2vhfU/wCztI12/udO1L7c2ptLeWEVuZJIpWWMbUI/1iYAYMOx6CgDG1zxbLL458Kznwv4gQwm7xE9tGHkzEB8o3846npXWxayviK0vrG68O6tawm3Yt9vgVEkHTblXJyc/oa5nV/Est54u8OalD4Z8SG3sPtPnk6Y4I3xhVwO/NdOmt2ev6VqKXVjrWm20MW+WW4gktW28klGHzZGO3NAHg4Szn1HSGuG0mzkudPmeS2GkXm2OX92dhXzMuwy2GHAwcjkV1nwts4l1vRIpbKzmlXTmnlmFjcQzW8y7AFd3cq5O584A6VTl0uW58WtfaBZeIPEdo6iO2LX17ZGzGPnxPLw4YgEgHsOK6fwJaQ2t9aWviCXxPb+IjLJKsF3c3LWx6nYjB2jkVV7scnGSKALGrX/AIju7bxLYf8ACS6ZE9hbytNbTaS8bmIoSGVjNypGRuAxkHiuW8Fy3k9/4WvdJ8RWkt7d6elvcWtrprHbBGAu65PnAZQqUV8ZJPAI4G740gbWIrnUvFNoumWEUU1vYWiRmW5vHxlfNaMHam5VYRg4JAJPGK0dF8P6t4Z07Stb0OxWaW40+0i1bS3xG8jJGq+YjHgSLyCp4Yeh5IB6RRRRQAUUUUAFFFFABRRRQAUUUUAFFFFABRRRQAUUUUAFFFFABRRRQAUUUUAFFFFABRRRQAUUUUAFFFFABRRRQAUUUUAFFFFABRRRQAUUUUAFFFFABRRRQAUUUUAFMlhimULLGkgVgwDKDgjkH6in0UAFFFFABRRRQAUUUUAFFFFABRRRQAUUUUAFFFFABRRRQAUUUUAFFFFABRRRQAUUUUAFFFFABRRRQAUUUUAFFFFABRRRQAUUUUAFFFFABRRRQAUUUUAFFFFABRRRQAUUUUAFFFFABRRRQAUUUUAFFFFABRRRQAUUUUAFFFFABRRRQAUUUUAFFFFABRRRQAUUUUAFFFFABRRRQAUUUUAFFFFABRRRQAUUUUAFFFFABRRRQAUUUUAFFFFABRRRQAUUUUAFFFFABRRRQAUUUUAFFFFABRRRQAUUUUAFFFFABRRRQAUUUUAFFFFABRRRQB//2Q0KZW5kc3RyZWFtDWVuZG9iag0xNDEgMCBvYmoNPDwvQ29udGVudHMgMTQyIDAgUiAvTWVkaWFCb3ggWzAgMCA5NjAgNTQwXSAvUGFyZW50IDIgMCBSIC9SZXNvdXJjZXMgPDwvRXh0R1N0YXRlIDw8L0dTOCA4IDAgUj4+IC9Gb250IDw8L0ZUMTAgMTAgMCBSIC9GVDE1IDE1IDAgUiAvRlQzMiAzMiAwIFI+PiAvWE9iamVjdCA8PC9JTTE0MyAxNDMgMCBSIC9JTTE0NSAxNDUgMCBSIC9JTTkgOSAwIFI+Pj4+IC9UeXBlIC9QYWdlPj4NZW5kb2JqDTE0MiAwIG9iag08PC9GaWx0ZXIgL0ZsYXRlRGVjb2RlIC9MZW5ndGggMTQwMDg+Pg0Kc3RyZWFtDQp4nK29264tN7Id+N7A/of1bKDX4f0CNAxIqirDBs6D2wX4A4Q+FgzJRrkf/PvmiHsy164jlQ1B0p5jZ0YyyGBEkDGS+bdv+SOdf/5v/K+39PHzb9/+9g3IHgz8j//v23/+Nx//7VyHf/7Hfzl//U//7j+tj//y/9+X/cu/+fYfv6XP1D/+57fy8c/n3/9w/v2vdFn6+H//nd33N7qLHtvr/uwFzz5/mAOP/6d//8/740///ePIOoL4sefmv3378a/f/ukvf83po5T88dd/4UeRFPpTLp85z49exmcu9eOvv337f8Zffur/9q//9SPnei76+OufgNSD/F9//utp6+8X2T9zWr9HJKtFvVTHR8/tc338dlD+06/4U82fpZ0/4u/jn+UK6kVqmfX4v9LELjqX39/A2J/n9r6/kNzbZzn/HZ+1N5Kc+p82JPeRRHLaP5QLGatfSGs/PJGaf/rzdU3P60J+zC856X76rPlCfkg/Xsj66W7h+tML+ekvtxY/be+x07XHEP/2UWf/nKtwF+3xWU7X1XRMJO2PPPrnON3I9ptbdQsOHV3PE94dXVv6nPnIgLl1ttzUxp/Qphr6ev/5Qtaf94VIj9RXj8Rryi15zBs5ql6IjH19jX1szw/tlvzDD+/Z9r1+6MfWXv2QyA5+r4QzCuWW8G75+sur3/40X0+p5aOsr6Zcy+Nzj/OU2j+XjRdbZ1neY71fyA9rXMiP7ccLqeNGfvzxltPHvCW/kJb/HCy4p2O24b/koFoan619lGPWeRwvBb2G/f71WzteZZ3fu33Ogt/89/U4qgJPJff7b7nfrn/I/1Xjw+gn1oT/clvK+RGaUtNxht6SljEJXTL9tT+YbvaffLNdHEVbK0qb5/mtdg1q9TR2oQc/dzktwM+K29pnnu2M+ec+t5exPsc+JrAgm36tj5+/1VVwl/w+7nxt8gZ6ed3n4XWZNPo99GHnfv5dy/5cdL9cXyt69Pxf5NV27LrMD3ke/zz3c3PkJwaCGmtXsyomjBSVZ/381Fu65xl0Yxw6k+LrqZfXmQwzH4d4ertsmby10kQ7EV7M8iuEzXtXQ8qPz8n4+xowjvc4IbKW8lmsAYViz+l3F06+PqfhDWh3A1Lla6YhmfxqGfPvXPPFs9gntPx8lqp2xqfAtCZG4Df6eRxOO86rnMFvZ2BODG9pfu55fFv+7Gd09efP3463HNl+jxNDTtTRm+3nkb1xtQKnd+bxWXJzmZ8pu2z5eQxKni2AtkxufrT7Z81YZsbsN23wMzdrEGLnmXLa3GNuq/WgzTGf3Vzbfcb0pIN6t/1UdRSQFund0l6Vbvro0wXQtsndj5abPvlkfVEh+p29i/OZQbMNa3Ku7dIpn5w2KpVbe2jlv1UtQ6RlJkEabs8wzawVeoW2UiU8tPj57zrh4woqCT9RdFZ2ggxkAo5jmt8DugLjAn4xKK9LLBz2Q8obWJdYA4LYfIk9vf2U8gJyvsXml9jUbrHpFvsC2iXWABNb93yKrbs+pXwBzKdYB4LYdIld45LyAna6xaaX2FVvsfXzJPRyEyLSiURtFQbaySzqOsHnuGEGJgOVo+L47AO3nNlZ5MHjeF0AZckVq51bJtaC0taESHaA0rYAiF4HyEOAPRnodQhwDBrAOGFBgM1XcEvn55THpinASpmBthgYfRHQ9bFjdAaKCO1tknJJH9s7a3uCBQONOuj41qrAqAwkuaXuQV14gqACi4Ekj62dw31veov0ei9xcM+wjHoBPT+B52gbcEZ7nbafrGSeEaPcZ51QTj9T5nTkZNWT1j/j/J+AvioBpVYG9sAVxz2NSbkfDTqAzrngWToN+p235CjI1OusJw2pDAwa6kr5A/K2k8N3uqXNzFdM2M8BsExgYAlAQ32A0ya0S37sRn+7V+c27N251VvuT7kxwG04zrBmUVRuoZTpAJ1vgakWAnZTYG8GapGuaJt6r+ylfdMZWJmBUSsBYzQB5JbROgMV7TrGXjmfjAOEITtxopFy5bOeHP03AAMZI4BGupwUclYCCvfWiYGZr8Bewa8I8gUZ2wFSF2Ahv5pqf21KF2bquV+RaPY9vwKKAsfKU76AXCMw2LqqPuT83kOAyQAZOQCajgBWF2CwKqvzLdjmYGBlBpIoWwcDJRUBltyy6SnHVCcLrTzWB9j82JoWA3NwSys/9tnpGAdkTqFDfvvW+9VDBqj+dssL0FuO2HWJHeW6xgCTco9Ev8fql2+j32L3LXZfUsbd/HEr+Mu3WS6xx06f1xigUubd/HkreMTuS+xxWc9rDDApd/PnreAv39a4xJ6497zGAJWy7uavW8Ffvu16i5232HlJ2Xfz963gL99ySpfcfLKK51WOFENuFW45LHvesvNti464pFuPWw7Jzu0l+zZIR0xSfmmSb22P7HLPOmS5l+xyG67f9Uai7Hvq5XqbpiMu6aVJeU8/bBjdsk8eU9ZD9v4c4pTJG2YKtj34R7op7fgwElMeyEv9+p64+cRY2p/A7DuR9DdCdmF3PQacXm71BJ1ByKJwBWRLqE4UWbFsqdiQgKusAqzOje6bxRwHnFoI+EBmnSEnyMfRa8jvClQKHie69Sk30U7Iibctq5iedojihJQVAj2Qs1AKuQAhHNmlubO2kEkQ0ltINkjHwilMa02RJoi07vRM4rtKqorIXSVr77XJoWlTPkCI9N6Wjjg9W7j75lKgcSya3JozYpRgnXQpZUV2FkSvqZO7nHPje7zZBtYnJQ6TEtffCOhzElIzP/0khK0SMqXJ+ww97jrrMVH95Cw0DIuW2oz0BDmavAMZi3Nzzu+BrLgCALB7DYsEQkZhZEpr9pTcuw1Dcki+GRkhPycdNKcvXRFN6qV92EcrYSFASFwqUOdgE9RWE9xdvGgZSQVXSo8xKw3ZgpjgTF0hW4YEkBGcJyYWrAuXRbuVgkwGxhZg0kw8K5gyFCFLP4jd1Csj3ZtnA0420NNJFhctCnZDOunIJITH4XtIVeSS85B9ouole7db0hdIumUbEmXPS/bJQS9Jb0Tv+vUlJ8rGIv6WvV6y30i7ZDsSZOd8y879lvQFkm/ZhkTZ65Zdyi3pjeT1kr2esmkD8LRpFZVdsDXIy3++D0tPILuPMKexRdV90rcTIXndq34BiN0B19HKcTNT2wf3AqRPveYkEB+tJjHqkgb//dIJhTkHJM84LwnZeg3mLh6sXp7nNyFN5/fk1pauvgVegpAZPQkUnNJc9jaE2KP25H26EvwYb8LWXNSr0sPHucsRAlZWp4o9fSBlbUM6ITXbWPbBo0Q7Dfe4sd8/jz0NaSeZGZnGEgiedpDJ9534exY8rZ7os+V3h+QDtK5XIGQDWamFsN7qCeu1hNAPxALnoptQolkhgQCyt16TFm46gbprUBxl0TVlKILgSo+SBnIAJqTkEKSpgWOGQE7I1NCOYA9kpJgQECIxkBMGILWookgqCKl6TS98TSqaZiA5IURvWqQo+lhvwkKUEBF8xrZlQjQ/OQi23IFYqtQnI/oojM1ipFVBsJ3R6vEOfUksiGPOdpCp81o9I3kiBuzgRFrUOQ9SJLc48bkXRmgvhtLUnQkRq5NUlhAeVGzW1fIl0g3hzPVCqD0RGbBeINmSZMwCQoa0MA++RidlohoaI0uQMfiuklWv0YogTZBdWU4WI3v2Dyfy7aEZEvn00jW9dG3fRfQuLEDmLbvUW7YhJqm8erbcvQ/Z6Zadxy3bEJf00qTc2mLBV2/Zad+yDTFJ+aVJvrXFQnW8ZJeX7HJLSi9N0q3tWbfvS/Tu1zUGqJh9a7FvRY/Ycold67rGAJNyK7BvHX9BmewSm2+x+ZKy7uavW8Ffvs11iZ23Yc7bdufd/Hkr+AtqgE+x47bJcZvtvJs/bwV/+Tbu2Tducxy3xY67+eM98/o98fptif021n43v78nXb/nnOyq+jWy7+q+VHZm3d2eGLGRhACockXa7CRLk71b7JG6t5NdVHeIss/qPpM3Yt2ryk6tKyN7uUG7u1v72w9gA4HbgeyLqtojidOtzNY4fjmHUI+d/7FCNiC1AcsXpHjgGYVUFzzpkPqD5yVSobDMhWiGOURmRLTGUbdWBahHNcTKVr9HYSkGeKCWcoHHcikoWLSXikN4apah15RBKhaeVUhNwxMPqXp4boL+2zOkLwBmzHDQ5dJ/nAQ13q/yPAnbCZ3TrcrmA8vm31V+18EXcHnvOaxUNUJN7ANkm56wzEB9q3YC0pBiVaEqu6bsUs3zrF7qfZb3S0HQVwZSMtSVg5QUfWlRqSCC371JBa1lBlqWChqKbp5AS1nOU2wp3HkWLqU9T9Sl+Oe5vJQHPd2XAqKvCKTE6IsGKUL6skLKlL7yqGf938LaBL/j6uX8rqQrikVVAFgfAC64okrE/W9VTB+gX7/9y4v+aWzVv0d3G522ULA2TscZEa9mp3Txzcaf/3Iz0Ha5r/npz09iz/X8r4k9G2adae0Ck6Tnl/zTxdlhRGWfgIxNt+ONF+1pbSIX43elxE9+DzCjKCQyy/UN2B0HWAIsAuYxYtRmDdiVgbOsS1O3xa9LHs3izKZzVbgPaSqQPPmuSXW6kwZMonedJ2qZADU+B0DeqvGWxawOlXqAKfrcwEDdcgUFD8BdII3134v7TG+Q3ybxVkUM7s20Q0RvHyWRk8QyD+0CdU855H+Xfva1kWJH8TyhwEhaU/IX0a/ycopWJYpWHoGQtQJN8ktWDPdD6U32R9l2yskFerClsyKlAqyZzhuwO6SrVaTZkgNiS6U1Xc2ILYVLHs2KtoQHpYctAWFShtjSCX0n2jW3JQfElvwWsSWVaqbzBkahFZcrOLJ0gTTWfy/tsxx/m8Rble/aUoZjNoYWXFV2Bl0e2G5tzr/CJnyLHLo8qdJuFyzszQeKl/02gpYiSq8SAcq+0ic4P0vboFdoG1WAK+DMs32iblBrNzJqa9XprTadS4eZ1GcknpW0Psd0vcq5cyUnnvlv1csQaZZJkGbbM1wxbYUqpq1UxaISplo53jGohp9RtdLLU7Xj0S7VMK2mc+rKcdkP1ey3qaaIqqYSVDV9hqlmrdArtJUqISrx9yl1uW+KBs6pc0Q5Zxmrle8gyqK75fBurGBGrHOk3ZK+QNYtO5DrHMu3bGPTmaQ3Yny6W85DtlHsHEkv2W+k3bIDzU4x59k5Ui9JXyHzkh25do6lW7aR60zSGzF63S3nIdsYdxFJsiOPolvk3AHBishJd0BKiqw7II962vndyqPm1rdVsKQs15lUGkp3QGYk3kEvrHqceQdEy3uyjUpI5N4B6eVRUQNSI/sOSF07FuaA7Mi/A1K0CGhPJ2qWFwEPklek4BGyIwePkBJJeIxEFh6N4FqBhsdI4OH5sCsR74H0fCGXIQQu3slNjhqBjAdgfDgZD793i2y8fBwaV8mVjgdk7MjHywML4UDIA9BzZOQBYeaaVeiHFriVkwdkCY+PSXlA2o6sPCA9R1oekJyUl0e/SiTm4cmTiuRWsAfSIjUPCDO6lJtHyOTCf7e7Uo7sPEJKpOdR18zIz+POigQ96tDBY8AMPUJmpOgBSVwkZ47eNXA8lpO27Z2lB4R5kUrTA7JT5OnlcaJLi0Q95BApRaYekD7qh1P18kxUBgpMkvOn+uSWGGKkENxV8420FpHzLKXnbf1dImGP2hcJe5T05MjYg1JdaH9M2QMycuTsAUnCg2DSHpCcI2sP3TVSpO0RUj+ctgeg7cjbu8eBxma2R++csZnr1V/r1V/tu0ig1ax8y179lm2ISVqv0Vn3CEL2umWfnP6SbYhLemmybm2P7N1fsvdL9r4l7Zcm+9b2l5OSlkt2SeO6ypFiyK3JLYdl71t2rrdsQ1zSrckth2Tnccsu6ZZtiEnKL03yre2RXepL9nzJnrek8tKk3Noe2TXdsuttqY6YpPrSpN7aQva8ZbfbUh1xSS9N6q3tkd3ueUnZ9yX7tma/640E2f2el6XfluqISeovTfp7XpZ+z0usdhfxd0w2okj7cG4fATly++im6H1ZSnk8/aV9f8/lgn2bEql9hV5RZtlM7cPKKPdI7QMyWqT2leM7cxH/WgXowqRmah/eckw1UvuANKH/c3IBZK1A7SuIGY2zAKb24RJK+4zaB6TUSO0jpEdqH5rDvazZBCFTqX341Uak9hGyIrUPSOqR2kfI5ASqSetQTGcFmNpHSI/UPiAlRWofIdJ7WzqinzVkoPYRMJnJN7cAZUdqH5BayodT+4BkCYOcfN/jTTZw7CFTiFVuH5CaIrcPSJ/8sgFz+4CsHLl9BQZbI7cPSKmR2wek5cjtA4LusXUGgIGOt7UIITtw+/BsWlQYt4+RyO1jJHL7SAddMNDygJAduX1AmhALOUkhZISVCICyI7ePuyty+7hLI7ePkBK5feWkUDszlW8YUCK3DwgvjJTbB4T0NHIfkNYiuY+QHsl9QMoI5L57yNkMjqNIkd3niPLdcN/3kGpIuZAg29h9jrRb0hdIumUHdp9j85LtXD6V9Eacy3fLibKd3efIesl+I+2SHdl9hhm7z5F+S/oCybfswO5zbN2yjctnkt5IXi/Z6yF7rcjuI6RHdh+QuSK7T2e11uhk2nsNTz2DVfnUeXgdUB2MlwrJCTVl99EEkjv60smLWef1MZ2ZXkHT2es1Np3hXoYTJ+CFOvUTXstTX+LlPvU3XhFUn+RFQ/VbXlckZEd2HyOhOElaU2VR2X2MRHYfISuy++5x47FMdHSNs/uAwF06uw8hWIrmElSOM1+R3adR2wvtGtm9Fq/R36r1miB4PV9zCC/5055sjuw+ILVHdp/GV69aawz2wrbGaa99ayz38rjGe6+ga07gRXbNGbwOr3mFl+o19/BqvuYnVu+n8x5KZPcRkiK7DwjRPo1XQEiP7D6MBDMmiz1qUxR1dh9dQyV6ZffdY85p4OmGGtl9QHqN7D5koXtFdh+QViK7T5NZZ3oU7AiO8iWi9BBNXi+kPYDCpFyjoRDSVyCqAFm7BS4LIUPZLSznjNOO5D5CZiT3ARlDrE5s7Nk9nMmPh2K/UT3gVrXcqtpdb8TJMSdXumWDLvuUbYhJaq+ObXfnQ3a5Zdd1yzbEJb00abe2WPH1l+z8kp1vSfWlSb21xSp43bJLu2UbYpLKS5NyawvZ+Zad5y3bEJf00qTc2mJnoL1kp5fsdEvKL03yrS12NOYtO9VbtiEmKb00Sbe2kJ0u2XnfluqIS3ppkm5tsYNUb9nrtlRHjJa5b01uObzzdc/LvG5LdcQkrVuTWw7vBt7zMs/bUh0xSfOlyXzPyzzveal7tUG27OcGOrXs+QbK9cDqIZIAgawSWYC68RpIz7w3G3jRsn0buNO0wRvY1bIFHNVKwtlz5NXR8+026FS0ZawxrtBXJWXLtnljeo8z/1F12JEPqJUJf4FAihfhHQOpb4T3EKQGEt5VkDqJv85wAGR9ga+PUDgjLVArCIF6L1WGQM+XSkSg8Eu1ItD8paLhbwJI0SM+nAsj4YUCKZyElw6kuBJeTJACTHh54SC7RIYgISmmSTQQLXIECSmRJAhkLmEFinlhCvBgVen3QXv2ThS8xpzNAOW7D6cKUo1NuGnMFUQpbLdIFtQaZHgHSOqU/pqQlDLDm0RU7LQXjaQYGl5FQsG0B8IgtaRFxqDWCMM7N1JHDK/lSK0xvLoj9cjweo/ULMMrQFLXDK8JSe0zvEok9dHwupHUUMMbSVJnDW8tDdo/CS82ARjx3aeTd6UZ6YOEjMgf5ArWhxMIr3H7hxmEeU0+SSFSCL93ZN2DMDhvpP15/gMUQmy+493YP8QhRMxHYdNIhOWsp9sOnEAFjDWIAgK2Tb9A/KYk73MbC/Bk4WeeRZ5gyZ0R4xIWHPOEGrRf82yeZlJU3jYyIaoHmPjODIRonADo5EF0TpqRTojMAi/KhLsOUlFcN24fMhtW7IUYQ9BUNQ6hNvoBtB3vEcDFXkp9nwoGoqjRCisdkPe/SyukoRm/g1f4EyP7D/AKpS+cWCjm5DxBBYxJqNb0BeI3Sac7M1DtKyBiX84vVPsK1zybF+3LCYZqX84WVPtyQqHaV0DEvsJdYl/O91Nr+gIx1qCparxCbfQDkC7MD8DFXkp9174KebHAXcPv5mzDss/SNpLuTg69Z2Qb4rDY5OS2mgaVElSA/1bqmiFCPFMBykvTJzhzTdugV2gblbn20MFYeTVPmjSqGv2eTsurYKbFlmM3KkVaXj2Lv5Zc+YrTJrBjpxLst+mmiOqmEqTp9gxTzlqhV2grVcJDC1eO+cauHH5H5VBLisqtdCu3jrtKNVzBlCeTYL9NOUW0aSpBm67PcOW0FXqFtlIlPLT4+6TD48v4BU4jHTqiNLyTvnwX6YbkC/nFMSMdOtJuSV8g65YdSIeO5Vu2UQxN0hvJ+SU7v2Ub6dCR9JL9RtotO5AOFXPSoSP1kvQVMi/ZkXToWLplG8XQJL2RnV6y01u2kQ4jwqRDQkrgHBIwIucQCN6Zdc5hITZdLPQtPpA5FAMPoqU1qRfiETOSDoH0FEmHBfTrGkmHhORIOiSkxCoe1OstVvqAjMg5BJJz5BwSUiLnEAiq9KHwuIRw5sVJnMybI+eQkBI5hzQ4PXIOGYmcQ0Jy5BwyEjiHPurKOXwgPV/IZQeBc1hWk4PwhHMIQE6oY9IhgDEj6bDgLdIWSYdAWomkQyCrBNJhgYG2SDoEwnQ84w6sSUegOukQyMiRdAiklEg6JKRF0iEkr6qkw6KvtzhN4CCtR9IhITOSDoGkHUmHQHKKpEMoOVskHRLSI+mQuiZF0iF3FvM6mXRIHboj6RBITpF0iGGQk1uqDksYOB7LTcUE5xwWnJW7+bgo5hwCGUJEYc4h8gY6AMU4h0BmjZzDss/VO3IOgfApT8Zw2adBfX2JGFsFd418I7NdSK35w1mHhPTIOqRch0kRMocBtMg6BFJzZB0S0vguKSptOKnIOiSkRdYhkFoZkSIFEAG40AO/WiLr8B4JGh2sgEP/nGzkJOfPHnPEe2N+F3HGT03tJXu9ZK9Lkt/1RoLsnG/ZJ8+/ZBtikvKtyS2HZa9bdim3bENc0kuTfGt7ZJf+kr1fsvctqbw0Kbe2R3Ytt+w6btmGmKT60qTe2kL2vmXTK7sP2Ya4pJcm9db2yG7jlk1H9jxkG2KS2kuTdmt7ZPf6kn1bqiMmqb806be2OJM43bLHbamOmKTx0mTc2kL2a17O17ycL2seL03GF/NyvublfM3L+bLm+dJkfjEv12tenpBAXCiXjcAyP5x1SID6SUHOTfGwQJZSHshL+/XFXF5LTvBT1iGQuiLrEAi/Q6CsQ6yW6oysQyCrB9Yh0taaI+sQyByRdVgRxHZkHQIZObAOAcwZWYd0U46sQ6IgzZAFELAi6RBIX5F0CGQkJR3iV949ZCOUdudIOoSKeiQykw5J6RRJh9QxI5IOCVmRdIju3DWSDgnpkXQIpK1AOgTAmbWQDgHwixJKOiSkR9IhuGGcUSnp8B5uMgFsw7VIOgTvK8mJc1UOlG5yGKSSDoH0FkmHQPi4ZyUdEn9sRNIhfSejRdIhkLLjkeIb4xpJh4SUQDqEXFpUGOmQkcdp3oQ8DvyGDjmSDgnRFYO071jiiqRDQnY8exydUyLpkLuLCYVygjl1KV+TiyE9kg6BjBZIhwT0SDoE0nIkHRJSI+kQSJbDH5l0SMiKpMO64QIC6fAecjaDzgdSG+nQEaXhQdPvIdWQfiFBtpEOHWm3pC+QdMsOpEPH5iXbKYYq6Y04xfCWE2U76dCR9ZL9RtolO5IODTPSoSP9lvQFkm/ZgXTo2LplG8XQJL2RvF6y11N2jqRDIH1F0iEhOZIOdVbbwSA87cPBIeIZ/GgRcR7h8BFxMOF8EjihqaRDmkAjkg511oVDOWRmhmM7ZPaGgz1khoezP9gJhNNBxE+EA0TEl4QzRsTfhGNIxCeFk0rEb4XDTKBSiaRDRnI8EgXIiqxDRiLrkAYzR9bhPXA8mEVYm8o6BDJHZB0CCUcK4icdChOO7uGgHU/34cDu5X4N/sYI0PzASQOaQjixgDZlWyQdAkmLq+BMOtT46lVwjcFeKdc47dV0jeVecdd471V5zQm8cq85g1f3Na9wBoDmHs4SkPTEeATonEp6KtWAkBo5h5T2pEhZoE5ePdAaaCBq5Bzy0ETOISE7cg7vEeckEGcTfjjlkPYlyQiUcogUdOZIOQSSe6QcaibrhBLahNzlS6QbwpnrhcwH0JkpbIwXyohXpBwCGSVSDoH0HSmHUCuXSDkkJEXKIZC6I+Xw6h1eIeyHXr9RNeDS1BBTw+56I07BQWp2yQaF9ynbEJf06td59z1WTf0lO79k51vSeGkybm2xkly37N5u2YaYpP7SpN/aQna+ZeOos6dsQ1zSS5N+a4vVdXvJTi/Z6ZbUXpq0W1vsCsxbdq23bENMUn1pUm9tITvdshF/n7INcUkvTeqtLXZh6i0735bqiEkqL03KrS12j8ZL9stL5Jc155cm+dYWO2qveZle8zK9rDm9NElfzMt0z8uyb0t1xCW9NEnveVn2PS91pzbK5t3cQPGWHd9AAz9Iq5FxCKT3yDjUTdfAxOZ92UDWlq3bQOiW7d1A+pYt4EAvlW3iiNxdfSvKG+Cn07Lxz34jII3IOUSxgOhA/j7CmnJ4rb2zIIUJf61BahfhzQcpb4S3I6QEEt6gkDKJv2SxGi3Tw1sEiIUpcg61gBBeCJAiQ3hpQAoR4cUCKVaElw+koOHvJ0jNIz6c6yLhNQepm4RXIaS2El6XkPpLeKViyZl4/toFkPp4NQMDMSPnkBB56UN247ExkSPnkMZzR84hkFUi5/AaczYDlO8+nHNIpbAdOYdA+Iwje+tISpDhzSQpU/rLS1LJDO83cbHT3n+Samh4QwoltxVIh9SUWQPpUIuE4VUgKSSGt4Wk2BjeKJKCZHjrSIqW4c0kKWyGt5ek+BnecJICaXgLimuo4T0pKbOGd6kOMuLbVvQxnhzfyFqYF5FzCGTuyDnkCtaHcw6vcfuHOYc1Jz4FInAOa/7Li08478/2/p86thBb77X8Qc4hoj5O4jHOYQVpqgT6oALGMARvZuX+FeI3VXnP3MiCZ2afeRY5hxXHR+bIOay9HCRyDq/mcS6VuLxtnEMgtPNh7EGILjVyDoGsFDmHRPfZkXMIJOfIOYQarNgLMf6gqWoUQ230Aygl3iOAi72U+i4nDFnDmeP/Z0mHGBvUe/9V0uFipP4B0qF0hpMOxZ6cP6iAUQzVnL5A/CbpdWcLqoEFRAzMSYdqYOGaZ/OigTnpUA3M6YNqYE4xVAMLiBhYuEsMzJl/ak5fIEYgNFWNY6iNfgDShfkBuNhLqe8aWOuFDsvMOHECpynj9/GgOCpl4l2/3rl9qVAq00aib26zQf787Qz85zYDxdfb+AsOev0gJruJo5/2uHO7/D7tp1Cml9PXQsqHSeuIrTgqlp+Gn40+I8yt4d84xlpaK9ebNiJPteXH/Xxp79/uPpksBFdYdtavmZ9nD4z4cfyrT+qrTBkIkManaGc6Xxi80T22IDgfE0RSPle7Z3qxEEjmM52hE5ixOBFx8U2FzgwDUqYiOPsJr1stPn0bRwiOTEhbigzq+WmSkeFK5/Np0DAH2CgOwllZEDqfk06u74IMoiZ32dcHskCeTZ1ItED4O+NA0hyC4DPf6ZiqDEX75N+dP7rY8cnxSkhpXZA26RodusqWNPkGbObIyZB9CYIXf4nMO6og+OgJkLy4HScmUY/zazWMEBc5wSYIWCIYZ5VmQQamd+KTG4FsSuKA9N0FQUWLkLoF2Z3ldD45G+aYWE7bPB0yWUJE8Lb6CHeNznVKlzwwKNJCfjqQWXdo4cAQSAtZCyDEVlZFAWAOel8MHD6ze+gvIPPRp5hzLFj7nWZh7T40ABbZOWs06S1lH9lBJ16WMPpAFrkVtY+TzFNi5yYEpK0dzAzIpKaoKQ6Mi/gTNlcghUxRTXrQSNVg9kBmjlMDyI6zZ9CJezPMMHZNPczCQe/XtDBTgRAZ3WYzENQ3fcYTQmauTgEIHSasfoMAWIm4FkEWO6bUAtB4jMM9jb+2EMQ2zKsdH43j/UtsHR3e36MGB+FKqWnZzrDGfmhgycWuQiKXQ2fi1FIDqL/xJaPnmNCng3Ict8bzKowtPt/UWxx/fF5ozWgjPZlliR0dZOUaba1nerkt2CPOVRLLEpuFx24auMim4aBl+ojZwx1nRWhqdN5eCNMHmUbRCUVTDG9wi83KNKR5Hidq5zpnmMy90jenwoQ//y95RKcAxFwJOQ78jXoS8i0A1sP/ANkPH+WI+jG7y3ydCjZ3aM82l2ntM7dqOpjnNT3NO2tXmAO33jInbz1qgcB63WKFjYzFEhs9izc2whKRzAY0ZJmZWFQzU7LIZ+Zm0dFM0iKoma1FWTNti8Rm/hatbYpYRLdpZFFfJ5olBjoVLXeQuWrZhc1mTUBswluOoj7BshhzG5bpmGtp9AnhHNyPIeah7vyIvtXRi19VquSXhmRVymRbbmPIGNpb5KXsmx6E8DV7WP5TudV1Wx8L4GIWI1NsAAgDfQrARzBjqhsCOwHS9CbQEYD0pq1ZtTGil+w2CNj88RMglYdmbU298GoTxm5adkYWMCkFZaQwMKqmYiXlaAGI2yxlm5TaBelDkM5mJB9iAVA2ITqdK33WEcho+qSZ2cvzVgqQXfl0anxrQpDMd23JiRoZOAy9DJtUlSdDaZoqcoDZn90AslrUT7MgQ6aUfGwc5WG+ZxW9aUkkyNnmN94DA7dwL/UB6NCDVMnrOr16TkjXvBSnYAGRD6J03mQlJOldeMuJHIOmrrOwX1hVnVQSb5KGZqsUzoCIXxhkiECKprgVoRWApbhDolBzRGJXa1OcaKoc3yQLnkRiJqA83Gym6CRI5yfNqVJmZbm76DVTxOw8xaUnWW/Jl9KBUGuAaO7cBrt07FsKAocIpGloWI09eKmag68igIacwvdUcbTbvX7SS2CJhIjhbCLrMdIkuiVYJJCl1+wtkpdFQJWzh8VEuUvybcTNeiM93IRgW+cKggnpNTwcyJw9NJCQHnRAWLecQvLpStQS7wsgvefQXYSUEXp00LbDDr1OiPQgjwzSjLJ3GD1CZhxhIGOUYAWESK60LcdJeQZr8hxHLY7yoFHdKAlowWwBjL2DZRMiUbzZ0iOVEWYIISlMokGTqIZ5RkipYS4CGW2H+UpI9RmN31scA096Qkp0DJQ0lhWcByHRvwBoewcfRIikEOyngMw+gy8jpOXg75DVJsmXu4zUlFAvXhOXlNqCYyWkBN9L2XIvwT8TUnfw4UBG78HPE9JKiAWj8/eZPV4QUnOIKZS95x7CDiGphdAEJM8QvQgYMcABqTEEEkChX8MkkFZLiKSElB6iLa036vSAzECM2YPcSQtxnZC8Q+wnZJeQHxCyVkghaLFDg6dpBiF1hUyEkBmzFUIo5mlGQ8gKSU8ETHFdFOZ8AaVGqcjBdo9Pzkl2Ja11VMBYUYPMZ0MELQ+S06MngNRHb511LW+oW48CaTP2Og4+bo+BAcKrYR08EBJniwMMxFpIRpD4TG+3EwBVbyJTSkrwNWvzBbxaJN6zNTH8+ZFJuU2w7DTp3NJg/UC2ziuaIXhHtOkqlGYREBlgmWnp2KQKpskIQKUU/j2KPohmNJCm7oT3BuHRdLom2dyoTR0MjR62RJq5k867fGmYW5IdvDl1SUyOCshWBwNfljodfRPcHRAZcnGJqUsF39wmkBUdK7Z1qi6ayfcC6epZyT+nk7AVFcO7kI1qw8HNp0ZWFkIBEFt8885KI5ZxCClA2iPqYHOq2x7YkI3I8dwnQ5VYQxMFOCBZF/EUBFOlxCAESiBTrymyG7k8vO4tiK7rt+xqzmphuvA1U0ZdgjuOMdDdP4r/BChCOQI26cQNVd+2s3REv94jpi3ZSOIT+kLGAiTpNZTVEGJbCHxTE0OW3IgQzboof3oiJYe7LA8zwZar2cMtn7MGWs5nSlheaHpq6mhdocml9Zbln9qhlqJan1saa+Niqa6NnaXDNr6WMpsNWFptdmKpt9mS71GrvVkGbzZpSb7ZrS0EzLZtsWD2bwsKmyO25rB5ZOsSm2u2drH5aOsbm7O2BLJ5bcskm/q2lDL3YMstcyG2JDM3Y8s280S2tDNvZcs/82i6QjSnZ4tIc4y2zjTnaWtRc7C2XjUnbGtaddO27FVHbitj8/W2erZ4YCtsixm6CLewYut0Cz22lrfwZMv9UAniHQGLcrZpYJFQ9xUsVtrWg8VT256wmGs7GBaXbZfDYrfthFh8t90SywF0Q8XSBNtzsVRCt2Us27CdG8tIbHfHshbbAbLM5t5b4hLnV1Xwr/kTvST+dl3Fe01cBG+D+Bu4QUre+6e/XMgq/UL6jz+Esvj3SqyVjpexEutpFn2DblmJFe/l0gluXNTEz+UVVv7JYRAlUb1aKqYqTAqq8jArsOJdTisS4HLk5MULrJV2SYcWWOmn11f5J09e5kfw1aaJSFNN+WE/X5r/vvIquIxD+ok3JoGIp+CtS7xkPLOXVzMhxfYlsQNaUcfpsb4KxDbrQKsGkNT+cHclJ6C2j71YOh+nxuoq+lnl8p4u9fzSuUnfQMJXEWusrlYqe+leHH1fBj67xz1mILmaU8JLhIgzslFEW9U1xEV6UT9V2zfi3e5KZXdzxjj4IFEWIIOHV8pRVCwaG0pipCaNDfTthVRsUw0b9JPMDSdke/QiA5yxwgpk2KYQS87nWRqTscID0oqXWPmu2mw7By8NJpyirTmD2HrpvlPDYkqLFY6IcBXE79JCiQnWWoo/W+st3j6tybgOWrdxPTlz7KEvtPzj/aUlIu9TLSN5v2upycdGy1E2fFqx8hHWqpZbgVa+akjwuDrmpqQVNDc3rbK5SWolzs1Wq3Vu2lrRc/PXqp9PESkM+izS0qHPNK0u2mTU8qNNV65Q1jCjtYrps54LnTt4Bi2GmvPQeqn6l1+1pEreyWqhAOC+aqyxApHFvooF4abGJzccYJJj61rX8qNq0GwhpUqiCNNz7AcUah5lViDTdkvQncfbZtvUoB4/SLdFOT8K56bFOitod7oAktFtS8i1ZgG0T7SilWAvqStClkT7T7qPRdZGha+HRWKvq+rCk6wWO2Q71lmJZGWMIXQptuJGLLMizKSlqziaQ7Tpp7OK5lnPZrQyFxElciREAJE51EywPkqmPXkR3Wsl10CxK/IzgGTpU/EwQKrvF29G2sNThV1w8WZ2lzk8k2xO0Z5ujtNaaM7VtDAHrIqaj7a+MD9u/WW+3vrU4oH1u8UMGxsLKzp8FnlshCU2mQ1o8DIzsfhmpmQx0MzN4qSZpMVSM1uLt2baFpPN/C1u2xSx2G7TyOK/zTRLEWw2WhZhM9YyjeZrG8lGbOZbxmLewZIadSCW95iP4dJqCX7IEHNVd7YUi6101WxWbJX7TDGTbakO3QUkx2IrtcgyJnZp1RIvTtmhRm5ebM2MuBxycs3W7rQ4IMDq4nT4HHZBc6y2Allbb6KXv4lpqZk/1iqETFvh4JuVBxlW6sWahxAraCYe0lRiuZUQM6jCQF2am9EHl8gO1AiHOOWiSV/tghhFAMfyHPtKI5ZbCWmx3Aqk7lhuJWQqQqeeNd5jEISzbSUK8uqVKNW2mM6VxWge2CTULCu480qZps1WJsTgmdVtCmO9TYjx+xbfs6yuuybfpNsj/AoiJnEu5hsaT3SlJPIWAZA64jYCIV3vmo3jykhxO4IchvFGkjqVHMuthCTd1qiDnVeyhBdLWUIs4R04FOsgJcVtFvJfO9ZbycMt3fbB/YQ8cmLwRBzp/KheYsGVPOeMBVdCRtxhAjK3FkqTNEd3R3iniii+KRZcyUtvDRFLFDUxi6XsuGlGrl4cLu+r1VCu5r23SgQZrcl2WR5mYzxiD4+QqtfsXQWJ9VZCQmzcAdE9xQvpD4B3Jl2w7l76w3WH0xsom6Cug+6Tup68l1pCX+h+q3cXb8lO71DdtfU+151dHxfd/fWx0x1iH1/dRXYb0J1mtxPdjXZb0h1rtzfd1TaT1I1vt1rdHHfL1g10t37dZPcZohvxPot0s95nmm7o+2zUTX+fsVIX8EmtpQOf+FpecOegJQh3IFKlcB+jhQz3Q1rscF+lBRF3Z1o0cZenhRX3ilp8cc+pBRr3rlLDcQesVR530loIcj+uxSL39VpQ8nigRSePGVqY8riixSsPPVrg8vCkRTCLYFon8yAnpTQPg1pt81CpFTmPplq184irlT2Pylr988itFUKP7lpF9AxAK42eJWg10hMJrVh6sqFVTU9ItPLpSYtWRz2xkQKq5z4RsP7TRaItwhSwaqUtLNuITwZiPUGtS3qykGmQeHkWtDxrWF8+U08AWY/eOkibNfYoEKuVUq/jKD7rdRqZtIzIKqOHz7eUHkcYSIs1VyB1hNo8AUtvIlvC4j3Fmqsv59UiseI3KWS1QFYsuVbaqNcFKVk/bebrvKIZkrrVhGUWJT1E1GZa6vT9gjAbiUBuU5iBOq0KW3lnQ1eoMu9R6lC5SbY6nNTBo9eOH481VyDLaB5N9vV6iTVXQprRkFlMGUYokZ2XsiINhU5NLA/HCaQqBQa+NclhW+Z9k744bB4aO0NTa7m8NVmDhyZPT68CPKKBnJ4eIga9QGDI5mflrcVTijypWgyR4EQvIsT4hVcVeqy4EuL1VdnwmtKjEiuB2B4dxdPEy5oQcwmxSJ14b60ti9SFr9GSpoR3IDEBwO/kBVd+dq2x4MqIsb34QTp2ko4QYkmMHLRejBBGaQ0hgWlGQNjirAGxBOqJlBwRTcRMsCVr9nBL6KyBlvSZEpYYmp6aO1pXaHZpvWX5p/SnZajW45bF2qhYpmsjZ9mwja5lzGYBllWblVjmbZbkO9ZqbZbAq0Fajm82a+sAs2tbK5jt23rC5oetOWwO2brE5pmtXWwu2vrG5qutgXRK2zLJJr0tpcwx2HLLnIctyczB2LLNfJCu7MxN2eLPXJmuD83b2RLSPKItM9Vp2krU/KqtVs336oLWvLOtec2D27rYvLytnS0S2PraooUuwS2g2Crdgo6t5C0w2WLf60K8HWDRzXYMLALqpoLFSNt3sDhqexMWa23/wuKx7XFYzLZ9EIvrtldisV+3Uyw9sB0XSyFsV8bSDNu5sVTEdncsXbEdIEtp7r2lP1xsrYvOv8DLraft/MZxLfx+cff3i99I/R2lVZynj8Jpo2rjmRb2dvT3io170AmTdW851lQRP+lDN93eiN7160uObsPRGVYpqWzZdKNmhto1nzSyig5Uepw9Atn8PVVHurTR7lLEJetd8vRfX+35/tB9/bY4RQ2c1ZAbPYPGbvzpPuigj+vDSb9T+GThNdMSgYWv8fcGvZ8Zi+MuZND1nfh/ddA7NroxO2zQFfEh7uRC3oAP8C0FQ04tamHEO/xBC8OigI2c3mKD27El8ELKetykiMvVu2xwr7b80dHu+Fjkfg72D2ncZ1iM9A8Mdi/8OeI/MtZ45/2PD/Wg10NLGGpFwsji+2R0JtuN+NDecmiwR+bTDH20R2FJPiyK+NDpXTa8QzhRTyTV6BUMMcl2lw/41Z4/POL4NCQdmhmGvO8fryGfuf8jQz4HC/8DYz4yBuQfGHQp3/qYM+ADPDKXs95IGPKnFIw4NSj41N8IWQ+/a4iPnd7l48vcmwDwXkK4RwAXK7fY2N5t+aOjPUrjb3A/Rjvfh9T82MY/MNomPI72+st93s1Oxcf/j5+803EYM+hi9PUWSyZ+oNSh+BfSOvG08NUJQwYjfk2ufFf2a9q/dsQJfC6Ipmfh+UkHygJIBEwmWRkwlqwd+qi0zPkCsZvoK9lTxR5gwhJ7APDBZxAaF5O2DoJPKQPxSx5tI3910iJ8PLTQictoLoqRg2/atNbpWP2cJ68u527jScQOdwTfEE+Pm/ApWBPL7VeFngA+US46i4p0a43tDUi2vhtPxAQ/NdIp0Euhg8Tp0ykTB7kA0Q+cJMpsDRlDTgju+EyYHG90IX5X7fLNLJbMHb9yiUhZjJwuq3QQLULpyvlxzbOFNDw4FzDxh1qk1Xnwth8+CkOCcFoYji5aTY7hwsPAEA9IS/QtGL+pnTlInyYZ+vTaTK8LwffqTfckiPSGtjkgVfrQ7lLEJV9a6Rgh3+Nvs+gYAamEaG8bYiPSVmJ+yhvxu3Ai+xihbxudy9cigi8cALExouR21HjN1UJK6ZGF0JcIhrWaT6+27oZofO/WR6Th6HtEEkdwpN6KN+G4vBH7rdFB8+MrxHrbNLURsTYHZEkf2l2KuORLK5tH8Eh9xnkEb9JnnBGK+KzBgcToyTfidy0+Rj/MiD0/exy0jlPeRpxF9OXqeMXVPJpEM3/m3uIkmvkzjg/k0o6Uzxj6QFWLyKYvC/s95/d+DAYUUJUuxCeDKukTRlv8QJYg7Ym45EsnHZ5RC9U2fXjOAp+5MtbRhthgDLzLn/NXiN+F+srDYdHmJH91QpGzkCfEBghB/77m2ULKoehc7xJGaOB0rBW6G6I7NixtQIAk+pKCIR3bnPEmLIBy7CVooXpdiPW2aWojYm1+ICNF52iIS7600mO2zkX/89vf+EXCmjl3oTf9ysfAB7k+GiqI4+Pn377907//53zs8k///eM/fsM//wvH6I4ZDQplbmRzdHJlYW0NZW5kb2JqDTE0OSAwIG9iag08PC9CaXRzUGVyQ29tcG9uZW50IDggL0NvbG9yU3BhY2UgL0RldmljZUdyYXkgL0ZpbHRlciAvRmxhdGVEZWNvZGUgL0hlaWdodCAyMjcgL0xlbmd0aCAyODU5IC9NYXR0ZSBbMCAwIDBdIC9TdWJ0eXBlIC9JbWFnZSAvVHlwZSAvWE9iamVjdCAvV2lkdGggNjU0Pj4NCnN0cmVhbQ0KeJzt3WlX1TwXgGFAZkEGZ0BExHmA5///uPdt5p00p0do02a19/1d19Fca++miGxsEBERERERERERERERERERERERERERERERES27TVpkU7uLmvovg2oJiFRZSKS6qtPiFs2u+jxCj0STeoQh5ZrCIxJpdeN6XCfxGS2qdSKnsTj13wpN2wQe8xY7PuM2za5/I1mcY84i+GiFyLIe2xZxSL4MyIIcWxjzEHdoUeVJlua4wiIMSdUCmXosiTGmKD/WLi2qHEnpsQTHHMZEYvuD7tFM60ApPJbimNvSwiIAl1xKMuW4NTDHVYNRUpSfb58WUcZk1uOgHFdgDBRXKzyg2bVaZQBZjmMbY2QxgTj13xWNW0Ky5XFgjisxeoopw0NaSClKD7IYxw6MnmKL4XOafS2UHmQHxwIYw2D0FNsKj2jGtVV6kNF4HJZjtKcjjMail5gzeEyzLOfSi/QeE44D7OoujMKicBh/7hc0u7IyHUjvsQTHdRglxRzAE5pdOZoxyG6OZTDquWgpCofRJz+l2ZWh6UQakHo8FuAoNEqMewajtmgpBofic5/RLGvRdCINSDMe9cNjzLGfxvUYjUUrMSV4TjMthWlFOo9lOMZ7OsboLRqKwaH7xC9pxsUurUgN0nlMOYpdPcBoNC+93f3FYFQWDUXv0HzYVzT7BEsrUoNUHi3HfcNxO3DsMRwze9pMRrulvUUrMTB8LXtDsyk62IDSigwe7bbe8xzjXd0L41bAuOswusGoLBqJnqH/7G9plsU4LUkNUnm049Fy3A0ce+3qdE/vuD1tMQaLmqJ3aD7xO5p1wqUhqUF6j4aj29U76a5+NMb/EXX0/r1XaUQqkNZjjmO/4Tj1n5bq7uLi4r3KklQgvUfNsXl2PDgQN5lew3HqPy3V3aXqwpjUIL3HmKN/dIwuMmikIftw1WRFapDWo+OobtZiVyfDEY00ZNcfVF6k99iMR8tRPTrKXd1D4+bUf1qqu48fr5u8SOvRcQy7epDhiEbq7Obm5qMT6Tzq8WiWdTIcd/oNRzRSZ58+fTIgP+oJ6cajno5a40l0kRH3GDTS0N3e3nqQZj42HiOOYjhGq/rxGjfRSJ19/nwrQGqPjqMcjtG1+qmrGo3U3d3dZwdSefQc3wWOfjiKewwaqUBf7u4cSOWxGY+Oo9Doh2O/VY1G6u7rly9fnEe1ry3Hi5hjVuMWGmnYvjZpkNaj55hoTG/VaKTh+/btW/DoOV55jmFVo5FK9/2b82jGo+LYXGXaw1Gu6qdp3EQjdfe9SXs047GZjupm7XZ1vKrtl2Oeeo1BI63px48fwaPlqHe1HY5opPH6GXN0u1o9OcoHR/nGEY1UqJ8/vUfPUe9qPRyjB8fWNQaNNGy/fmqPjqPb1dftB0d1jUEjlezXr19uPBqOYTjqB8euSzUaadh+/9IeHUe1q92T4+VF5hqDRirX79+/PUcxHO2qTq4x8muDj3/hiEZa05/AUQzHm5vr63CNiS/VaKRS/Yk56uHo7jH+GnNyIr42aL8bAY00eH8ijmo43t19TjVGr3jQSKX66zi64WhXtb/GrHvFg0YarL8xR7+q0Ujj99dyVLvarWp7q7aX6jUvHNFIg3WvObrhGK9qNNK43YfhKFe10Piq+/U3Gmmw7iVHv6q9Rv3CEY00Tvf3blebVS01XqGRRu1eDEf34KjeOJpXPPKLMWik0j1ojnJVW403aKSxe4hWtbzGGI1vncbjIzRS4ZTG++jB0V+q0Ugj9/CQavzW1nh2ikYaoQfF0a1qNNKkdWi81l+oRiONVkvjdzTSVD3ED45opAlDI9UTGqme0Ej1NJ7GTTTSmv4Tl+rwhWqh8U3m27Se9C2saKR1oZHqCY1UT2ikekIj1RMaqZ7QSPWERqonNFI9oZHqCY1UT2ikekIj1RMaqZ7QSPWERqonNFI9oZHqCY1UT2ikekIj1RMaqZ7QSPU0nka+u5/Wxf81QfWERqonNFI9oZHqCY1UT/xPy1RP/C/0VE/8hA6qJ356EdUTP9mN6omfekn1xE8Epnrip6VTPUWLOn7B8+Hqwmg8QyONkhiNZlELjZdopFGTGKNLjNH4ttF4jkYaJ7en7aJWj42JxvCPbdFIZQujUSxq/4VBNNKYWYzJor79pK/UyTciHOpvREAjlSrGGC1qNNLIOYx2NNq3jf4Fj/0ydfxNWjtP+iYtNNK6IoxhUccaT06O0UjlizH6RX1zrS8x4ksxvb+BFY20roBR7+lwo/5wFb9ujP7RBBqpRMqixRhGo7jEhBc8+ZffaKTh0hY9Rjca/WNjcqVGI5VMWdTPjBZjuMNcplfq7AseNNJwucFoMMrR6C8x8QseNFKxvMWA0YxG/Q+/40uM1biNRipTjNHuab+oW5cY/4IHjTR834NFh1GNxvZjY3+NG2ik7hTFxqIZjG5Ph9HYdaV+5OtGNNK6nEWN8VZjNE+NF/KxMXuJQSMN3NdgMWDMjEY0UvkMRWcxYOxa1GikMimKxqIajA5jMhrzGh97iUEjrclR1Bb1BcZijEZj/Ngo/s0EGmnAHEVtMWAUo1Es6vZj46M0bqCROhMUjUWPsTUa+y5qNNKaPEVtUQ/GGGP2Ro1GKpGbimYuGozNM6Pe0+lo9N+F8MRFjUbqzkkMFvUFpsFo97T8qmDr/c4jNW5M/aelutMQjURv0WNMR2O/OwwaaU0KopXYUHQWzZqO3zUOMBrRSJ1dWomGorPoMUZXGHmHQSMNn3GoJTYUg8UEY340opEGzThUEBuJDcVg0WCM9nR4anyixg3zy9Rv0PxGje3m99zd3dvb3z84PHx+dHT84sXJyenp2dn5+cuXL1+9aj7P6zeqt7p3NOvMKesDf20pOotZjP1Go9ToOe5qjgeWo/BoQBqSxmRwSXPLH/BrA9FSDBYtRvHQ2Hc0JsPRcdxzHJ9bjtqjAqlEapIWpesNzaboYM1ZvzQSG4raosH43GEUD429RqPTKHb1ttvV+4Zj8KhAapGapENJc86c9LmV2FD0Fg3GfXGDiff0kzTmdrWdjo6j9mhBapHWpGdJ88ydsjnzU0dRW3QY91oPjT1GYzocE47BowWpRTqT0iXNrXDG5sxPHEVvsYWx92j8F47WowKpRTqTCUyaU+KIzZm/MBSNxVIYpcaIo3nRYz06kFqkM3nSokkzKTpgc+bHgaK2aF/tJBj7auzmqMejB2lEOpMvMjRpFkUHbA/9yFM0g7EIRqdxNccYZDCZo0mzKD5he+yB4jqMPTR2cpQeNchgMieT5lJ0yPbgDyOLZTDGuzrmaD1qkEakN9lySTNLHLQ9+gNL0VpMMfbf0ys5hvGoPRqQnmSskmZaOG17/PvWYhiMg2OMd3XCUXs0IJ3ICCXNu3Dm+56iGIxtjL01ruaoPRqQVmSEkpaQP/g9T1FZLIUxxzH2aEEKkticce1Tdue/27I4PMaVHLVHC9KLzKukOSbPfDdQ1BaLYUw5ph4dyMQkLaNw+jtZi0NjDBxb49F6jEhCc+61z9oz2F41GIfDmOdoPQqRWZQ05+TZOw/PCmNscbQePciYJC2t4ODZs9yWHhaj4Jh4FCBBubzi03+2wuLQGDMcvccWSVpeAsNWeYySo/coQWJyocUGttoWS2Bc4TEVCc+Z13HcAkVxizFH6bGbJC2gWMPmGBg7PaJyieUMjGUx9ZgXScst1lHaYtsjIsmUuhjDYs4jKBddlsNYFld6BOgC+reTH9Piv3ukJTa2RURSvmkkQpKSJoYYN/VfBk3T1O6IiIiIiIiIiIiIiIiIiIiIiIiIiIiIiGiZ/R9bpJO4DQplbmRzdHJlYW0NZW5kb2JqDTE0OCAwIG9iag08PC9CaXRzUGVyQ29tcG9uZW50IDggL0NvbG9yU3BhY2UgL0RldmljZVJHQiAvRmlsdGVyIC9EQ1REZWNvZGUgL0hlaWdodCAyMjcgL0xlbmd0aCA2NDkxIC9TTWFzayAxNDkgMCBSIC9TdWJ0eXBlIC9JbWFnZSAvVHlwZSAvWE9iamVjdCAvV2lkdGggNjU0Pj4NCnN0cmVhbQ0K/9j/4AAQSkZJRgABAQAAAQABAAD/2wBDAAgGBgcGBQgHBwcJCQgKDBQNDAsLDBkSEw8UHRofHh0aHBwgJC4nICIsIxwcKDcpLDAxNDQ0Hyc5PTgyPC4zNDL/2wBDAQkJCQwLDBgNDRgyIRwhMjIyMjIyMjIyMjIyMjIyMjIyMjIyMjIyMjIyMjIyMjIyMjIyMjIyMjIyMjIyMjIyMjL/wAARCADjAo4DASIAAhEBAxEB/8QAHwAAAQUBAQEBAQEAAAAAAAAAAAECAwQFBgcICQoL/8QAtRAAAgEDAwIEAwUFBAQAAAF9AQIDAAQRBRIhMUEGE1FhByJxFDKBkaEII0KxwRVS0fAkM2JyggkKFhcYGRolJicoKSo0NTY3ODk6Q0RFRkdISUpTVFVWV1hZWmNkZWZnaGlqc3R1dnd4eXqDhIWGh4iJipKTlJWWl5iZmqKjpKWmp6ipqrKztLW2t7i5usLDxMXGx8jJytLT1NXW19jZ2uHi4+Tl5ufo6erx8vP09fb3+Pn6/8QAHwEAAwEBAQEBAQEBAQAAAAAAAAECAwQFBgcICQoL/8QAtREAAgECBAQDBAcFBAQAAQJ3AAECAxEEBSExBhJBUQdhcRMiMoEIFEKRobHBCSMzUvAVYnLRChYkNOEl8RcYGRomJygpKjU2Nzg5OkNERUZHSElKU1RVVldYWVpjZGVmZ2hpanN0dXZ3eHl6goOEhYaHiImKkpOUlZaXmJmaoqOkpaanqKmqsrO0tba3uLm6wsPExcbHyMnK0tPU1dbX2Nna4uPk5ebn6Onq8vP09fb3+Pn6/9oADAMBAAIRAxEAPwD5/ooooAKKKKACiiigAooooAKKKKACiiigAooooAKKKKACiiigAooooAKKKKACiiigAooooAKKKKACiiigAooooAKKKKACiiigAooooAKKKKACiiigAooooAKKKKACiiigAooooAKKKKACiiigAooooAKKKKACiiigAooooAKKKKACiiigAooooAKKKKACiiigAooooAKKKKACiiigAooooAKKKKACiiigAooooAKKKKACiijFABRS4ooASilooASilooASilooASilooASilooASilooASilooASilooASilooASilooASilooASilooASilooASilooASilooASilooASilooASilooASilooASilooASilooASilooASilooASilooASilooASilooASilooASilooASilooASilooASilooASiloxQAlFGKKACiiigAooooAKKKKACiiigAooooAKKKWgApcUAU4CgBuKXFPxS7aAI8UuKfto20AMxRipNtG2gCPFGKk20baAI8UYqTbRtoAjxRipNtG2gCPFGKk20baAI8UYqTbRtoAjxRipNtG2gCPFGKk20baAI8UYqTbRtoAjxRipNtG2gCPFGKk20baAI8UYqTbRtoAjxRipNtG2gCPFGKk20baAI8UYqTbRtoAjxRipNtG2gCPFGKk20baAI8UYqTbRtoAjxRipNtG2gCPFGKk20baAI8UYqTbRtoAjxRipNtG2gCPFGKk20baAI8UYqTbRtoAjxRipNtG2gCPFGKk20baAI8UYqTbRtoAjxRipNtG2gCPFGKk20baAI8UmKk20baAI8UmKl20mKAI8UlPIppFADaKWkoAKKKKACiiigAooooAK3IPBfiq6t4ri38NazNBKgeOSOwlZXUjIIIXBBHOaw6+3/AAJ/yTzw1/2CrX/0UtAHyD/wgni//oVNc/8ABdL/APE0o8CeL/8AoVdc/wDBdL/8TX27RQB8SDwJ4v8A+hV1z/wXy/8AxNOHgXxd/wBCtrf/AIL5f/ia+2aKAPigeBfFv/Qra3/4L5f/AImnf8IL4t/6FbW//BfL/wDE19q0UAfFX/CC+Lf+hW1v/wAF8v8A8TS/8IL4t/6FfW//AAXy/wDxNfalFAHxX/wgvi3/AKFfW/8AwXy//E0f8IL4t/6FfW//AAXy/wDxNfalFAHxX/wgvi3/AKFfW/8AwXy//E0f8IL4t/6FfW//AAXy/wDxNfalFAHxX/wgvi3/AKFfW/8AwXy//E0f8IL4t/6FfW//AAXy/wDxNfalFAHxX/wgvi3/AKFfW/8AwXy//E0f8IL4t/6FfW//AAXy/wDxNfalFAHxX/wgvi3/AKFfW/8AwXy//E0f8IL4t/6FfW//AAXy/wDxNfalFAHxX/wgvi3/AKFfW/8AwXy//E0f8IL4t/6FfW//AAXy/wDxNfalFAHxX/wgvi3/AKFfW/8AwXy//E0f8IL4t/6FfW//AAXy/wDxNfalFAHxX/wgvi3/AKFfW/8AwXy//E0f8IL4t/6FfW//AAXy/wDxNfalFAHxX/wgvi3/AKFfW/8AwXy//E0f8IL4t/6FfW//AAXy/wDxNfalFAHxX/wgvi3/AKFfW/8AwXy//E0f8IL4t/6FfW//AAXy/wDxNfalFAHxX/wgvi3/AKFfW/8AwXy//E0f8IL4t/6FfW//AAXy/wDxNfalFAHxX/wgvi3/AKFfW/8AwXy//E0f8IL4t/6FfW//AAXy/wDxNfalFAHxX/wgvi3/AKFfW/8AwXy//E0f8IL4t/6FfW//AAXy/wDxNfalFAHxX/wgvi3/AKFfW/8AwXy//E0f8IL4t/6FfW//AAXy/wDxNfalFAHxX/wgvi3/AKFfW/8AwXy//E0f8IL4t/6FfW//AAXy/wDxNfalFAHxX/wgvi3/AKFfW/8AwXy//E0f8IL4t/6FfW//AAXy/wDxNfalFAHxX/wgvi3/AKFfW/8AwXy//E0f8IL4t/6FfW//AAXy/wDxNfalFAHxX/wgvi3/AKFfW/8AwXy//E0f8IL4t/6FfW//AAXy/wDxNfalFAHxX/wgvi3/AKFfW/8AwXy//E0f8IL4t/6FfW//AAXy/wDxNfalFAHxX/wgvi3/AKFfW/8AwXy//E0f8IL4t/6FfW//AAXy/wDxNfalFAHxX/wgvi3/AKFfW/8AwXy//E0f8IL4t/6FfW//AAXy/wDxNfalFAHxX/wgvi3/AKFfW/8AwXy//E0f8IL4t/6FfW//AAXy/wDxNfalFAHxX/wgvi3/AKFfW/8AwXy//E0f8IL4t/6FfW//AAXy/wDxNfalFAHxX/wgvi3/AKFfW/8AwXy//E0f8IL4t/6FfW//AAXy/wDxNfalFAHxX/wgvi3/AKFfW/8AwXy//E0f8IL4t/6FfW//AAXy/wDxNfalFAHxX/wgvi3/AKFfW/8AwXy//E0f8IL4t/6FfW//AAXy/wDxNfalFAHxX/wgvi3/AKFfW/8AwXy//E0f8IL4t/6FfW//AAXy/wDxNfalFAHxX/wgvi3/AKFfW/8AwXy//E0f8IL4t/6FfW//AAXy/wDxNfalFAHxX/wgvi3/AKFfW/8AwXy//E0f8IL4t/6FfW//AAXy/wDxNfalFAHxX/wgvi3/AKFfW/8AwXy//E1iT201rcSW9xE8U0TFJI5FKsjA4IIPIIPavu+vjDxuv/FfeI/+wpc/+jWoA5rbSFanK00rQBAVphFTkVEwoAiIpKeRTTQA2iiigAooooAKKKKACvt/wJ/yTzw1/wBgq1/9FLXxBX2/4E/5J54a/wCwVa/+iloA6CiiigAooooAKKKKACiiigAooooAKKKKACiiigAooooAKKKKACiiigAooooAKKKKACiiigAooooAKKKKACiiigAooooAKKKKACiiigAooooAKKKKACiiigAooooAKKKKACiiigAooooAKKKKACiiigAooooAKKKKACiiigAooooAKKKKACvjTxsP+K88Rf8AYTuf/RrV9l18b+NR/wAV34h/7Cdz/wCjWoA54imEVMRTCKAIGFRMKnYVC1AEJphqQ0w0ANNJSmkoAKKKKACiiigAr7f8Cf8AJPPDX/YKtf8A0UtfEFfb/gT/AJJ54a/7BVr/AOiloA6CiiigAooooAKKKKACiiigAooooAKKKKACiiigAooooAKKKKACiiigAooooAKKKKACiiigAooooAKKKKACiiigAooooAKKKKACiiigAooooAKKKKACiiigAooooAKKKKACiiigAooooAKKKKACiiigAooooAKKKKACiiigAooooAKKKKACvjnxr/yPfiH/ALCdz/6Navsavjrxr/yPfiH/ALCdz/6NagDAIqM1KajagCFqhap2qBqAImqM1I1RmgBtJS0lABRRRQAUUUUAFfb/AIE/5J54a/7BVr/6KWviCvt/wJ/yTzw1/wBgq1/9FLQB0FFFFABRRRQAUUUUAFFFFABRRRQAUUUUAFFFFABRRRQAUUUUAFFFFABRRRQAUUUUAFFFFABRRRQAUUUUAFFFFABRRRQAUUUUAFFFFABRRRQAUUUUAFFFFABRRRQAUUUUAFFFFABRRRQAUUUUAFFFFABRRRQAUUUUAFFFFABRRRQAUUUUAFfHXjX/AJHrxD/2E7n/ANGtX2LXx141/wCR68Q/9hO5/wDRrUAYJqNqkNRtQBE1QNU7VA1AETVGakaozQA2kpaSgAooooAKKKKACvt/wJ/yTzw1/wBgq1/9FLXxBX2/4E/5J54a/wCwVa/+iloA6CiiigAooooAKKKKACiiigAooooAKKKKACiiigAooooAKKKKACiiigAooooAKKKKACiiigAooooAKKKKACiiigAooooAKKKKACiiigAooooAKKKKACiiigAooooAKKKKACiiigAooooAKKKKACiiigAooooAKKKKACiiigAooooAKKKKACvjrxr/AMj14h/7Cdz/AOjWr7Fr468a/wDI9eIf+wnc/wDo1qAME1G1SGo2oAiaoGqdqgagCJqjNSNUZoAbSUtJQAUUUUAFFFFABX2/4E/5J54a/wCwVa/+ilr4gr7f8Cf8k88Nf9gq1/8ARS0AdBRRRQAUUUUAFFFFABRRRQAUUUUAFFFFABRRRQAUUUUAFFFFABRRRQAUUUUAFFFFABRRRQAUUUUAFFFFABRRRQAUUUUAFFFFABRRRQAUUUUAFFFFABRRRQAUUUUAFFFFABRRRQAUUUUAFFFFABRRRQAUUUUAFFFFABRRRQAUUUUAFFFFABXx141/5HrxD/2E7n/0a1fYtfHXjX/ke/EP/YTuf/RrUAYJqNqeaY1AET1A1TtUDUARNUZqRqjNADaSlpKACiiigAooooAK+3/An/JPPDX/AGCrX/0UtfEFfb/gT/knnhr/ALBVr/6KWgDoKKKKACiiigAooooAKKKKACiiigAooooAKKKKACiiigAooooAKKKKACiiigAooooAKKKKACiiigAooooAKKKKACiiigAooooAKKKKACiiigAooooAKKKKACiiigAooooAKKKKACiiigAooooAKKKKACiiigAooooAKKKKACiiigAooooAK+OPGp/4rvxD/wBhO5/9GtX2PXxt42P/ABXniL/sJ3P/AKNagDDJqMmlJphNADWqBqlY1CxoAjamGnmozQAlJSmkoAKKKKACiiigAr7f8Cf8k88Nf9gq1/8ARS18QV9F+Gvj74V0bwrpGl3Gn6y09lZQ28jRwxFSyIFJGZAcZHoKAPdKK8g/4aO8If8AQN1z/vxF/wDHaP8Aho3wh/0Dtc/78Rf/AB2gD1+ivIf+Gi/CH/QO1z/vxF/8dp3/AA0V4R/6B2t/9+Iv/jtAHrlFeR/8NEeEf+gdrf8A34i/+O0v/DRHhH/oHa3/AN+Iv/jlAHrdFeSf8ND+Ev8AoHa3/wB+Yv8A45S/8ND+Ev8AoH63/wB+Yv8A45QB61RXkv8Aw0N4S/6B2t/9+Iv/AI5R/wANDeEv+gdrf/fiL/45QB61RXkv/DQ3hL/oHa3/AN+Iv/jlH/DQ3hL/AKB2t/8AfiL/AOOUAetUV5L/AMNDeEv+gdrf/fiL/wCOUf8ADQ3hL/oHa3/34i/+OUAetUV5L/w0N4S/6B2t/wDfiL/45R/w0N4S/wCgdrf/AH4i/wDjlAHrVFeS/wDDQ3hL/oHa3/34i/8AjlH/AA0N4S/6B2t/9+Iv/jlAHrVFeS/8NDeEv+gdrf8A34i/+OUf8NDeEv8AoHa3/wB+Iv8A45QB61RXkv8Aw0N4S/6B2t/9+Iv/AI5R/wANDeEv+gdrf/fiL/45QB61RXkv/DQ3hL/oHa3/AN+Iv/jlH/DQ3hL/AKB2t/8AfiL/AOOUAetUV5L/AMNDeEv+gdrf/fiL/wCOUf8ADQ3hL/oHa3/34i/+OUAetUV5L/w0N4S/6B2t/wDfiL/45R/w0N4S/wCgdrf/AH4i/wDjlAHrVFeS/wDDQ3hL/oHa3/34i/8AjlH/AA0N4S/6B2t/9+Iv/jlAHrVFeS/8NDeEv+gdrf8A34i/+OUf8NDeEv8AoHa3/wB+Iv8A45QB61RXkv8Aw0N4S/6B2t/9+Iv/AI5R/wANDeEv+gdrf/fiL/45QB61RXkv/DQ3hL/oHa3/AN+Iv/jlH/DQ3hL/AKB2t/8AfiL/AOOUAetUV5L/AMNDeEv+gdrf/fiL/wCOUf8ADQ3hL/oHa3/34i/+OUAetUV5L/w0N4S/6B2t/wDfiL/45R/w0N4S/wCgdrf/AH4i/wDjlAHrVFeS/wDDQ3hL/oHa3/34i/8AjlH/AA0N4S/6B2t/9+Iv/jlAHrVFeS/8NDeEv+gdrf8A34i/+OUf8NDeEv8AoHa3/wB+Iv8A45QB61RXkv8Aw0N4S/6B2t/9+Iv/AI5R/wANDeEv+gdrf/fiL/45QB61RXkv/DQ3hL/oHa3/AN+Iv/jlH/DQ3hL/AKB2t/8AfiL/AOOUAetUV5L/AMNDeEv+gdrf/fiL/wCOUf8ADQ3hL/oHa3/34i/+OUAetUV5L/w0N4S/6B2t/wDfiL/45R/w0N4S/wCgdrf/AH4i/wDjlAHrVFeS/wDDQ3hL/oHa3/34i/8AjlH/AA0N4S/6B2t/9+Iv/jlAHrVFeS/8NDeEv+gdrf8A34i/+OUf8NDeEv8AoHa3/wB+Iv8A45QB61RXkv8Aw0N4S/6B2t/9+Iv/AI5R/wANDeEv+gdrf/fiL/45QB61RXkv/DQ3hL/oHa3/AN+Iv/jlH/DQ3hL/AKB2t/8AfiL/AOOUAetUV5L/AMNDeEv+gdrf/fiL/wCOUf8ADQ3hL/oHa3/34i/+OUAetUV5L/w0N4S/6B2t/wDfiL/45R/w0N4S/wCgdrf/AH4i/wDjlAHrVFeS/wDDQ3hL/oHa3/34i/8AjlH/AA0N4S/6B2t/9+Iv/jlAHrVfGfjZv+K98Rf9hO5/9GtXuX/DQ/hL/oH63/35i/8AjlfPniPU4dX8T6tqVurrDeXk1xGsgAYK7lgDgkZwfWgCiWphamFqaWoAVjUbGlLVGTQAhNMNKTTaAENFFFABRRRQAUUUUAFFFFABTgabS0AOBp4NRZpwNAEoal3VFmlzQBLuo3VFuo3UAS7qN1RZozQBLuo3VFmjNAEu6jdUWaM0AS7qN1RZozQBLuo3VFmjNAEu6jdUWaM0AS7qN1RZozQBLuo3VFmjNAEu6jdUWaM0AS7qN1RZozQBLuo3VFmjNAEu6jdUWaM0AS7qN1RZozQBLuo3VFmjNAEu6jdUWaM0AS7qN1RZozQBLuo3VFmjNAEu6jdUWaM0AS7qN1RZozQBLuo3VFmjNAEu6jdUWaM0AS7qN1RZozQBLuo3VFmjNAEu6jdUWaM0AS7qN1RZozQBLuo3VFmjNAEu6jdUWaM0AS7qN1RZozQBLuo3VFmjNAEu6jdUW6jdQBJupC1MzSZoAcTTCaCabmgBSabS0lABRRRQAUUUUAFFFFABRRRQAUUUUAGaWkooAXNLmm0ZoAdmjNNzRmgB2aM03NGaAHZozTc0ZoAdmjNNzRmgB2aM03NGaAHZozTc0ZoAdmjNNzRmgB2aM03NGaAHZozTc0ZoAdmjNNzRmgB2aM03NGaAHZozTc0ZoAdmjNNzRmgB2aM03NGaAHZozTc0ZoAdmjNNzRmgB2aM03NGaAHZozTc0ZoAdmjNNzRmgB2aM03NGaAHZozTc0ZoAdmjNNzRmgB2aM03NGaAHZozTc0ZoAdmjNNzRmgB2aM03NGaAHZozTc0ZoAdmjNNzRmgB2aM03NGaAHZozTc0ZoAdmjNNzRmgB2aTNJmigBaTNFFABRRRQAUUUUAFFFFABRRRQAUUUUAFFFFABRRRQAUUUUAFFFFABRRRQAUUUUAFFFFABRRRQAUUUUAFFFFABRRRQAUUUUAFFFFABRRRQAUUUUAFFFFABRRRQAUUUUAFFFFABRRRQAUUUUAFFFFABRRRQAUUUUAFFFFABRRRQAUUUUAFFFFABRRRQAUUUUAFFFFABRRRQAUUUUAFFFFABRRRQAUUUUAFFFFABRRRQAUUUUAFFFFABRRRQAUUUUAFFFFABRRRQAUUUUAFFFFABRRRQAUUUUAFFFFABRRRQAUUUUAFFFFABRRRQAUUUUAFFFFABRRRQAUUUUAFFFFABRRRQAUUUUAFFFFABRRRQAUUUUAFFFFABRRRQAUUUUAFFFFABRRRQAUUUUAFFFFABRRRQAUUUUAFFFFABRRRQAUUUUAFFFFABRRRQAUUUUAFFFFABRRRQB//9kNCmVuZHN0cmVhbQ1lbmRvYmoNMTUxIDAgb2JqDTw8L0JpdHNQZXJDb21wb25lbnQgOCAvQ29sb3JTcGFjZSAvRGV2aWNlR3JheSAvRmlsdGVyIC9GbGF0ZURlY29kZSAvSGVpZ2h0IDM2MSAvTGVuZ3RoIDM3MDEgL01hdHRlIFswIDAgMF0gL1N1YnR5cGUgL0ltYWdlIC9UeXBlIC9YT2JqZWN0IC9XaWR0aCAxMTAzPj4NCnN0cmVhbQ0KeJzt3Wlz1EbXgGF2zGqWsITFLIFAgASe///j3nfU6pa6NfJ4mTNYnrqu76HGruq7zmnJkytXAAAAAAAAAAAAAAAAAAAAAAAAAAAA2CdXgcvnosPRuOhfBhBCSYBIUgIEWmZMrgHLsrygaAfsjwsNio7AHrqIoEgJ7K3fG5STUnIduDxOSsrFxOSifyvAFi4gKPMx2fAZbwDLcrqm7LwnczFRD7jkjknKboOyHhMhgX0xU5Qd9mStJvMluQlcHvNN2XVPjomJjsAeWCvKNCi7rEnbkvpj3QIuj7mm1EHZRU/majJJyfoHvQ0s0YaqVEHZVU/mFp0qJgoCl9a0KdOeXAvuyXGjSd2S+vMdAMs3E5XZoIT25JiajC05PiN3gGU5PitjUXbXk/WaNDGZlOSif1fAGUyashaU4J4cW5OhJdOO3AUug2lVhqLsrCcbajK0ZK0j94BlW6vKUJQNPdlBTcbRZGjJekbuA0u1npWhKM2AEtuTZtVpatLHZEjJXEQeAMszF5YhKUNQJj0JWHc21aSKSRWS9nM/BJZlNi2lKENQdtGTk2pSt2SuIIfAssy1pS3K5p7spiZpMsktqULSfPJHwLLMtKUkpS9KGlB20JMqJ3VNbvc1STHJLRlDUn3ux8DyrLWlJKUvSj+gpAuUtifb5eTkmvQxySmZNuQJsETTsuSklKDspiftqtPWZIhJ35IxJOUTPwWWqg1LTkoqSgnKtCfVuhMwnPRvr5VL2L4mXUz6lgwh6T/sH8CyVV3JSUlF6YKSe3LQ9+TG2JMtxpOZVaefTfKiM8Qkp2TsyLPac2AZmpM5ViUnZQxKXnhuDz1p152tanJtrMmtUpMymnQx6VMydGT47C+A5WnrkpuSitIFJQ8ouSe3xp5ste5MV52bZdXJNRljkloyhKT/xC+B5arC0jclFWUISt+Tsu7cnK47Z67J/wH7688/h6z0SemKkoMy15PtxpOL/mmBHXr16tWfndyUrihDUFJP7t27e+dOdR271Xhy0T8tsEOvO6/6qKSiDEFpezJcnzS3sXICDN6+WclJSUXJQSk96Z7vVOvOZDyRE2Bw9LYzJGUIympAyT3prk/qdWeLnFy96J8W2KF3745WhqTkoJSejOtOyHgiJ7DP3r9//64kpQQlDSj9vjMZT25uN57ICeyzDx8+9EV5l2aUMqCk+STl5LC5ja0uY+UEaHz8+HEoSj+hrILS9KQaT5pt5+w5uSonsM/++utjVZQUlNKTejxpHu6cd9uRE9hrnz79VYrSBWXoycuxJ8N4Ul3Gygkw9fnTp1KULiirAaX0pMrJMJ5st+3ICey1vz9//lyC0q08uSev2p7M5uSanACVv1dSUXJQhp5McjJ9tiMnwMSXL1/GoAw9eTP0ZNx25ATY6OuXEpR+QOl6cnQ0M57U2875cnJVTmCvfV1JQekHlNV80j3fKetOu+3kF2PPexcrJ7Df/vnnnzEouSdp3cnjiZwAp/St7UlZd7rbk/rypH7zRE6AOd++DUEZepLWnTSeNJcna3excgJUvn9LQSk9KevO0frlSXcXKyfAsb5//14GlL4n43iSLk82PdqRE6Dy43sKSulJt+6U25PXr2buYuUEOMaPHz+GnlTjSd52Jnex9Wv2Z3/xRE5gv/079qQaT96/Pzoa72LbRztyAsz6t+1JGk/KZexwF3t4WL1mn7/gUU6A1r9NT7rx5NOnv6Y5aZ4Uywkw67/SkzKe5G1nuIs96UmxnAC9/9qeDNuOnABn9F/uSbfulG0nP9vJj3ZOePFEToDez9STMp60246cAGfwcxxP6m2nyskfm99jkxOg97PuybDtDDlJL57ICXAKP3+WdaffduqcvJET4PR+VuNJuTzp3jzpnxTXr8XKCbDRr9STetvJOXkvJ8CZ/Gq2nfouts/Ji5KTB/flBNiky8nP5vJkeLQjJ8BZ/Po1zcmX9Zw8fiQnwEl+dT0p246cAOe3ISdH6Y925AQ4nbWcfJUT4Fx+tZcncgKcl5wAQeQECCInQJDfl5OrcgL77X/Vo53xj3aqnDyf+e7pc/2fMeQE9pycAEHkBAgiJ0AQOQGCyAkQRE6AIHICBJETIIicAEHkBAgiJ0AQOQGCyAkQRE6AIHICBJETIIicAEHkBAgiJ0AQOQGCyAkQRE6AIHICBJETIIicAEHkBAgiJ0AQOQGCyAkQRE6AIHICBJETIIicAEHkBAgiJ0AQOQGCyAkQRE6AIHICBJETIIicAEHkBAgiJ0AQOQGCyAkQRE6AIHICBJETIIicAEHkBAgiJ0AQOQGCyAkQRE6AIHICBJETIIicAEHkBAgiJ0AQOQGCyAkQRE6AIHICBJETIIicAEHkBAgiJ0AQOQGCyAkQRE6AIHICBJETIIicAEHkBAgiJ0AQOQGCyAkQRE6AIHICBJETIIicAEHkBAgiJ0AQOQGCyAkQRE6AIHICBJETIIicAEHkBAgiJ0AQOQGCyAkQRE6AIHICBJETIIicAEHkBAgiJ0AQOQGCyAkQRE6AIHICBJETIIicAEHkBAgiJ0AQOQGCyAkQRE6AIHICBJETIIicAEHkBAgiJ0AQOQGCyAkQRE6AIHICBJETIIicAEHkBAgiJ0AQOQGCyAkQRE6AIHICBJETIIicAEHkBAgiJ0AQOQGCyAkQRE6AIHICBJETIIicAEHkBAgiJ0AQOQGCyAkQRE6AIHICBJETIIicAEHkBAgiJ0AQOQGCyAkQRE6AIHICBJETIIicAEHkBAgiJ0AQOQGC/L6cXJET2G+pJj9TTVJOvk5z8izl5OGDlJODg9u3Uk6up5ycqSZyAntOToAgcgIEkRMgiJwAQaoHOz++f5MT4NzWcvJFToBz2ZCTt29e/yknwGm1VydyApxbV5M2J3+v56R7KVZOgM364WR4sFPl5EhOgLMou06Vk8+fVjl5n3PyvOTk/j05ATYpw0nznLjLyTs5Ac6k2XXa58Rv37zqc/JYToCTVcNJv+tUOXktJ8Dp1TVpbmL7nLxY5eSJnACnUFadvOt0VyeTnIzfniQnwAbjcFLtOsM79nICnFquyWTX+fghPdiZfLfj3fTdjnICzGpr0uw6cgKcRalJHk7yWyfDc+L8JzvtN0/fPNc3T8sJ7LmmJuOu0+bk8PCBnAAnaGsy7Drvj9JNbPVS7Nb/Xww5gT031iStOuNznbdv2tdOmr8AlBNgTReTXJNxOKluYsfnxPNvsckJkKWYDDUpw8lwdTJ5sCMnwLG6mKR7k1yT8SL29fTBzuxzYjkBsjKa9DWph5PhJrZ9TiwnwLwhJmNN+uEkfRVbexObc3JDToAZbU3yqjPsOms3scNzYjkBJr6OMSk16YaT9auT7XNyRU5gr3UtWcWkH03KqjMOJ5se7JzxtRM5gT1XYpJq8jHVpL85eVVfnczexMoJUPt7jMlYk5nhRE6AE/QtKTEZa7Jp15ETYEbXkj4m3WhSajIZTuZzctabWDmB/VZakmKSbmFzTZrhpL06qf4AUE6AorQkxWSsSTWcVLvO+tXJmXJyRU5gn1Ut6WMy1GRtONl215ET2G9DS1JM0mjS1mT2uY6cAGvKXNJPJn1NXr58kVad6XAyfLHjOXcdOYG9VlIyxiTdwq5qkled+gX7tcfEZ8zJlYv+aYEdSiXpUzLEZKjJdDjZ7iJWTmC/dSXJKVm1pMSk33Tad04ChhM5gX32Oqekb0mJyVCT5h62voiVE2CiD0lKyaolY0wmNZkfTuQEGPUh6UqySsmqJWNM+po0q854c3LOnFzp/7PuH1j9Q6s4rf7NW7du3z44uHP37r379x88fHh4+OjR48dPnjx9+vSPP1af59nzzovkJbBc/TFNJ/ZZbkmJyWxNthtO6pwMPbmVenIn96QKSl+Uvil9VMawAIsynNBnfUlyS8aY5JpUFyfbDieT8aT05Hbpyb3ckxSUrihdUlJTclWK58AyNCezP6xP+5SsWpJi0tfkXqlJdXGy1XBSclKtOzfKunPQ92QMSleUlJTUlFIVYLH6o/okp2TVkiEmfU0OqmvYdtU5V07m1p08n5SepKDkoqSk5KgMXQEWqBzT/tA+Ki1JMSk1ub12cbLFcDIdTyY9GYOSi5KSUqJShwVYlPGQ9of2sLRkiMlaTbYeTk7TkxyUrigpKSUqk7IAi1Gd0f7QPuxb0sdkVzWpc9L0pH9enINSipKSUqJyuNYWYAmaE9of2gdjS1JM8hPiSU22zcnmnqQBZShKn5QSlYczbQEuXnNC86m9P7SkH012UpOSk+N70hZljMpcW4CL1x7RfG7HlpxUky1ysrEndVBSUcaozKUFWITmlOaTe7eJyW5q0q47bU9yUFJR+qQMUVkLC7Ak1UnNZ/dObkmOybQm2686x/ZkHFBSUPqiDE1pswIs0Xhc8/k9yDEZR5PwmrTrzqQnKSh9UUpSmqoACzYe2oOhJdVosl6TrXNyfE9SUPqi5KQ0VQEWbzi5t4eWdDHZVU3metIGJRelaoq4wFKtH9NygG+txSS+Jsf2JAUlF2VIynxWgMWpD+2tsSUpJjurybQn06CUokyiAlwC4/G9ORuT6JqMPVkbUHJQmqZoCyza+mEdzvGN40aTuJrM9yQHpUrKbFWAxaoPbznQ13dck7We5KAMRWmbAlwq40G+fn1u0YmtSdWTSVCqoqgKXDLt8b1+TEyiazLTkyEoa00BLpnqNF/bfU3qngxBqYsiKnAZtYf42npMdlGTY4IyTYq+wJJtOK/Vqd55TNqe1EHZ3BRg6drjfPV31GRjUGQFLp25Q/y7YjINynxSgEuqPd67jsl6UCQF9sL0YP+OmMwFRVXg8po9z78rJscGRWFg6U53dH9nTE4fFODS+d0xkRTYSxeTEk2B/XLBJWld9C8DOIeLDgcAAAAAAAAAAAAAAAAAAAAAAAAAAMn/A+RfNmoNCmVuZHN0cmVhbQ1lbmRvYmoNMTUwIDAgb2JqDTw8L0JpdHNQZXJDb21wb25lbnQgOCAvQ29sb3JTcGFjZSAvRGV2aWNlUkdCIC9GaWx0ZXIgL0RDVERlY29kZSAvSGVpZ2h0IDM2MSAvTGVuZ3RoIDEzMTQyIC9TTWFzayAxNTEgMCBSIC9TdWJ0eXBlIC9JbWFnZSAvVHlwZSAvWE9iamVjdCAvV2lkdGggMTEwMz4+DQpzdHJlYW0NCv/Y/+AAEEpGSUYAAQEAAAEAAQAA/9sAQwAIBgYHBgUIBwcHCQkICgwUDQwLCwwZEhMPFB0aHx4dGhwcICQuJyAiLCMcHCg3KSwwMTQ0NB8nOT04MjwuMzQy/9sAQwEJCQkMCwwYDQ0YMiEcITIyMjIyMjIyMjIyMjIyMjIyMjIyMjIyMjIyMjIyMjIyMjIyMjIyMjIyMjIyMjIyMjIy/8AAEQgBaQRPAwEiAAIRAQMRAf/EAB8AAAEFAQEBAQEBAAAAAAAAAAABAgMEBQYHCAkKC//EALUQAAIBAwMCBAMFBQQEAAABfQECAwAEEQUSITFBBhNRYQcicRQygZGhCCNCscEVUtHwJDNicoIJChYXGBkaJSYnKCkqNDU2Nzg5OkNERUZHSElKU1RVVldYWVpjZGVmZ2hpanN0dXZ3eHl6g4SFhoeIiYqSk5SVlpeYmZqio6Slpqeoqaqys7S1tre4ubrCw8TFxsfIycrS09TV1tfY2drh4uPk5ebn6Onq8fLz9PX29/j5+v/EAB8BAAMBAQEBAQEBAQEAAAAAAAABAgMEBQYHCAkKC//EALURAAIBAgQEAwQHBQQEAAECdwABAgMRBAUhMQYSQVEHYXETIjKBCBRCkaGxwQkjM1LwFWJy0QoWJDThJfEXGBkaJicoKSo1Njc4OTpDREVGR0hJSlNUVVZXWFlaY2RlZmdoaWpzdHV2d3h5eoKDhIWGh4iJipKTlJWWl5iZmqKjpKWmp6ipqrKztLW2t7i5usLDxMXGx8jJytLT1NXW19jZ2uLj5OXm5+jp6vLz9PX29/j5+v/aAAwDAQACEQMRAD8A+f6KKKACiiigAooooAKKKKACiiigAooooAKKKKACiiigAooooAKKKKACiiigAooooAKKKKACiiigAooooAKKKKACiiigAooooAKKKKACiiigAooooAKKKKACiiigAooooAKKKKACiiigAooooAKKKKACiiigAooooAKKKKACiiigAooooAKKKKACiiigAooooAKKKKACiiigAooooAKKKKACiiigAooooAKKKKACiiigAooooAKKKKACiiigAooooAKKKKACiiigAooooAKKKKACiiigAooooAKKKKACiiigAooooAKKKKACiiigAooooAKKKKACiiigAooooAKKKKACiiigAooooAKKKKACiiigAooooAKKKKACiiigAooooAKKKMUAFFLiigBKKWigBKKWigBKKWigBKKWigBKKWigBKKWigBKKWigBKKWigBKKWigBKKWigBKKWigBKKWigBKKWigBKKWigBKKWigBKKWigBKKWigBKKWigBKKWigBKKWigBKKWigBKKWigBKKWigBKKWigBKKWigBKKWigBKKWigBKKWigBKKWigBKKWigBKKWigBKKWigBKKWigBKKWigBKKWigBKKWigBKKWigBKKWigBKKWigBKKWigBKKWigBKKWigBKKWigBKKWigBKKWigBKKWigBKKWigBKKWigBKKWigBKKWigBKKWigBKKWigBKKWigBKKWigBKKWigBKKWigBKKWigBKKWigBKKWigBKKWigBKKMUUAFFFFABRRRQAUUUUAFFFFABRRRQAUUUtABS4oApwFADcUuKfil20AR4pcU/bRtoAZijFSbaNtAEeKMVJto20AR4oxUm2jbQBHijFSbaNtAEeKMVJto20AR4oxUm2jbQBHijFSbaNtAEeKMVJto20AR4oxUm2jbQBHijFSbaNtAEeKMVJto20AR4oxUm2jbQBHijFSbaNtAEeKMVJto20AR4oxUm2jbQBHijFSbaNtAEeKMVJto20AR4oxUm2jbQBHijFSbaNtAEeKMVJto20AR4oxUm2jbQBHijFSbaNtAEeKMVJto20AR4oxUm2jbQBHijFSbaNtAEeKMVJto20AR4oxUm2jbQBHijFSbaNtAEeKMVJto20AR4oxUm2jbQBHijFSbaNtAEeKMVJto20AR4oxUm2jbQBHijFSbaNtAEeKMVJto20AR4oxUm2jbQBHijFSbaNtAEeKMVJto20AR4oxUm2jbQBHijFSbaNtAEeKMVJto20AR4oxUm2jbQBHijFSbaNtAEeKMVJto20AR4oxUm2jbQBHijFSbaNtAEeKMVJto20AR4oxUm2jbQBHijFSbaNtAEeKMVJto20AR4oxUm2jbQBHijFSbaNtAEeKMVJto20AR4oxUm2jbQBHijFSbaNtAEeKMVJto20AR4oxUm2jbQBHikxUm2jbQBHijFSbaTFAEeKSnkUhFADKKWkoAKKKKACiiigAooooAK3IPBfiq6t4ri38NazNBKgeOSOwlZXUjIIIXBBHOaw6+3/AAJ/yTzw1/2CrX/0UtAHyD/wgni//oVNc/8ABdL/APE0o8CeL/8AoVdc/wDBdL/8TX27RQB8SDwJ4v8A+hV1z/wXy/8AxNOHgXxd/wBCtrf/AIL5f/ia+2aKAPigeBfFv/Qra3/4L5f/AImnf8IL4t/6FbW//BfL/wDE19q0UAfFX/CC+Lf+hW1v/wAF8v8A8TS/8IL4t/6FfW//AAXy/wDxNfalFAHxX/wgvi3/AKFfW/8AwXy//E0f8IL4t/6FfW//AAXy/wDxNfalFAHxX/wgvi3/AKFfW/8AwXy//E0f8IL4t/6FfW//AAXy/wDxNfalFAHxX/wgvi3/AKFfW/8AwXy//E0f8IL4t/6FfW//AAXy/wDxNfalFAHxX/wgvi3/AKFfW/8AwXy//E0f8IL4t/6FfW//AAXy/wDxNfalFAHxX/wgvi3/AKFfW/8AwXy//E0f8IL4t/6FfW//AAXy/wDxNfalFAHxX/wgvi3/AKFfW/8AwXy//E0f8IL4t/6FfW//AAXy/wDxNfalFAHxX/wgvi3/AKFfW/8AwXy//E0f8IL4t/6FfW//AAXy/wDxNfalFAHxX/wgvi3/AKFfW/8AwXy//E0f8IL4t/6FfW//AAXy/wDxNfalFAHxX/wgvi3/AKFfW/8AwXy//E0f8IL4t/6FfW//AAXy/wDxNfalFAHxX/wgvi3/AKFfW/8AwXy//E0f8IL4t/6FfW//AAXy/wDxNfalFAHxX/wgvi3/AKFfW/8AwXy//E0f8IL4t/6FfW//AAXy/wDxNfalFAHxX/wgvi3/AKFfW/8AwXy//E0f8IL4t/6FfW//AAXy/wDxNfalFAHxX/wgvi3/AKFfW/8AwXy//E0f8IL4t/6FfW//AAXy/wDxNfalFAHxX/wgvi3/AKFfW/8AwXy//E0f8IL4t/6FfW//AAXy/wDxNfalFAHxX/wgvi3/AKFfW/8AwXy//E0f8IL4t/6FfW//AAXy/wDxNfalFAHxX/wgvi3/AKFfW/8AwXy//E0f8IL4t/6FfW//AAXy/wDxNfalFAHxX/wgvi3/AKFfW/8AwXy//E0f8IL4t/6FfW//AAXy/wDxNfalFAHxX/wgvi3/AKFfW/8AwXy//E0f8IL4t/6FfW//AAXy/wDxNfalFAHxX/wgvi3/AKFfW/8AwXy//E0f8IL4t/6FfW//AAXy/wDxNfalFAHxX/wgvi3/AKFfW/8AwXy//E0f8IL4t/6FfW//AAXy/wDxNfalFAHxX/wgvi3/AKFfW/8AwXy//E0f8IL4t/6FfW//AAXy/wDxNfalFAHxX/wgvi3/AKFfW/8AwXy//E0f8IL4t/6FfW//AAXy/wDxNfalFAHxX/wgvi3/AKFfW/8AwXy//E0f8IL4t/6FfW//AAXy/wDxNfalFAHxX/wgvi3/AKFfW/8AwXy//E0f8IL4t/6FfW//AAXy/wDxNfalFAHxX/wgvi3/AKFfW/8AwXy//E0f8IL4t/6FfW//AAXy/wDxNfalFAHxX/wgvi3/AKFfW/8AwXy//E0f8IL4t/6FfW//AAXy/wDxNfalFAHxX/wgvi3/AKFfW/8AwXy//E0f8IL4t/6FfW//AAXy/wDxNfalFAHxX/wgvi3/AKFfW/8AwXy//E0f8IL4t/6FfW//AAXy/wDxNfalFAHxX/wgvi3/AKFfW/8AwXy//E0f8IL4t/6FfW//AAXy/wDxNfalFAHxX/wgvi3/AKFfW/8AwXy//E0f8IL4t/6FfW//AAXy/wDxNfalFAHxX/wgvi3/AKFfW/8AwXy//E0f8IL4t/6FfW//AAXy/wDxNfalFAHxX/wgvi3/AKFfW/8AwXy//E0f8IL4t/6FfW//AAXy/wDxNfalFAHxX/wgvi3/AKFfW/8AwXy//E0f8IL4t/6FfW//AAXy/wDxNfalFAHxX/wgvi3/AKFfW/8AwXy//E0f8IL4t/6FfW//AAXy/wDxNfalFAHxX/wgvi3/AKFfW/8AwXy//E0f8IL4t/6FfW//AAXy/wDxNfalFAHxX/wgvi3/AKFfW/8AwXy//E0f8IL4t/6FfW//AAXy/wDxNfalFAHxX/wgvi3/AKFfW/8AwXy//E0f8IL4t/6FfW//AAXy/wDxNfalFAHxX/wgvi3/AKFfW/8AwXy//E0f8IL4t/6FfW//AAXy/wDxNfalFAHxX/wgvi3/AKFfW/8AwXy//E0f8IL4t/6FfW//AAXy/wDxNfalFAHxX/wgvi3/AKFfW/8AwXy//E0f8IL4t/6FfW//AAXy/wDxNfalFAHxX/wgvi3/AKFfW/8AwXy//E0f8IL4t/6FfW//AAXy/wDxNfalFAHxX/wgvi3/AKFfW/8AwXy//E0f8IL4t/6FfW//AAXy/wDxNfalFAHxX/wgvi3/AKFfW/8AwXy//E0f8IL4t/6FfW//AAXy/wDxNfalFAHxX/wgvi3/AKFfW/8AwXy//E0f8IL4t/6FfW//AAXy/wDxNfalFAHxX/wgvi3/AKFfW/8AwXy//E0f8IL4t/6FfW//AAXy/wDxNfalFAHxX/wgvi3/AKFfW/8AwXy//E0f8IL4t/6FfW//AAXy/wDxNfalFAHxX/wgvi3/AKFfW/8AwXy//E0f8IL4t/6FfW//AAXy/wDxNfalFAHxX/wgvi3/AKFfW/8AwXy//E0f8IL4t/6FfW//AAXy/wDxNfalFAHxX/wgvi3/AKFfW/8AwXy//E0f8IL4t/6FfW//AAXy/wDxNfalFAHxX/wgvi3/AKFfW/8AwXy//E0f8IL4t/6FfW//AAXy/wDxNfalFAHxX/wgvi3/AKFfW/8AwXy//E0f8IL4t/6FfW//AAXy/wDxNfalFAHxX/wgvi3/AKFfW/8AwXy//E0f8IL4t/6FfW//AAXy/wDxNfalFAHxX/wgvi3/AKFfW/8AwXy//E0f8IL4t/6FfW//AAXy/wDxNfalFAHxX/wgvi3/AKFfW/8AwXy//E0f8IL4t/6FfW//AAXy/wDxNfalFAHxX/wgvi3/AKFfW/8AwXy//E0f8IL4t/6FfW//AAXy/wDxNfalFAHxX/wgvi3/AKFfW/8AwXy//E0f8IL4t/6FfW//AAXy/wDxNfalFAHxX/wgvi3/AKFfW/8AwXy//E0f8IL4t/6FfW//AAXy/wDxNfalFAHxX/wgvi3/AKFfW/8AwXy//E1kXun3em3b2l9az2tzHjfDPGUdcjIypGRwQfxr7rr5O+Mq5+K+tn/rh/6IjoA89200rU5WmlaAICtMIqcio2FAERFNp5FNNADaKDRQAUUUUAFFFFABX2/4E/5J54a/7BVr/wCilr4gr7f8Cf8AJPPDX/YKtf8A0UtAHQUUUUAFFFFABRRRQAUUUUAFFFFABRRRQAUUUUAFFFFABRRRQAUUUUAFFFFABRRRQAUUUUAFFFFABRRRQAUUUUAFFFFABRRRQAUUUUAFFFFABRRRQAUUUUAFFFFABRRRQAUUUUAFFFFABRRRQAUUUUAFFFFABRRRQAUUUUAFFFFABRRRQAUUUUAFFFFABRRRQAUUUUAFFFFABRRRQAUUUUAFFFFABRRRQAUUUUAFFFFABRRRQAUUUUAFFFFABRRRQAUUUUAFFFFABRRRQAUUUUAFFFFABRRRQAUUUUAFFFFABRRRQAUUUUAFFFFABRRRQAUUUUAFfKPxjH/F1da/7Yf+iI6+rq+VPjEP+Lqa1/2w/wDREdAHAkUwipiKYRQBAwqJhU7ComoAhNMNSNUZoAbSUtJQAUUUUAFFFFABX2/4E/5J54a/7BVr/wCilr4gr7f8Cf8AJPPDX/YKtf8A0UtAHQUUUUAFFFFABRRRQAUUUUAFFFFABRRRQAUUUUAFFFFABRRRQAUUUUAFFFFABRRRQAUUUUAFFFFABRRRQAUUUUAFFFFABRRRQAUUUUAFFFFABRRRQAUUUUAFFFFABRRRQAUUUUAFFFFABRRRQAUUUUAFFFFABRRRQAUUUUAFFFFABRRRQAUUUUAFFFFABRRRQAUUUUAFFFFABRRRQAUUUUAFFFFABRRRQAUUUUAFFFFABRRRQAUUUUAFFFFABRRRQAUUUUAFFFFABRRRQAUUUUAFFFFABRRRQAUUUUAFFFFABRRRQAUUUUAFFFFABRRRQAUUUUAFfKvxh/5KnrP/AGw/9ER19VV8rfGH/kqes/8AbD/0RHQBwhFMNSGmNQBC1QNVhqgagCFqjNSNUZoAbSUtJQAUUUUAFFFFABX2/wCBP+SeeGv+wVa/+ilr4gr7f8Cf8k88Nf8AYKtf/RS0AdBRRRQAUUUUAFFFFABRRRQAUUUUAFFFFABRRRQAUUUUAFFFFABRRRQAUUUUAFFFFABRRRQAUUUUAFFFFABRRRQAUUUUAFFFFABRRRQAUUUUAFFFFABRRRQAUUUUAFFFFABRRRQAUUUUAFFFFABRRRQAUUUUAFFFFABRRRQAUUUUAFFFFABRRRQAUUUUAFFFFABRRRQAUUUUAFFFFABRRRQAUUUUAFFFFABRRRQAUUUUAFFFFABRRRQAUUUUAFFFFABRRRQAUUUUAFFFFABRRRQAUUUUAFFFFABRRRQAUUUUAFFFFABRRRQAUUUUAFFFFABRRRQAV8r/ABg/5KlrP/bD/wBER19UV8r/ABg/5KlrP/bD/wBER0AcIaY1PPSmNQBE1QNU7VA1AETVGakaozQAykpaSgAooooAKKKKACvt/wACf8k88Nf9gq1/9FLXxBX2/wCBP+SeeGv+wVa/+iloA6CiiigAooooAKKKKACiiigAooooAKKKKACiiigAooooAKKKKACiiigAooooAKKKKACiiigAooooAKKKKACiiigAooooAKKKKACiiigAooooAKKKKACiiigAooooAKKKKACiiigAooooAKKKKACiiigAooooAKKKKACiiigAooooAKKKKACiiigAooooAKKKKACiiigAooooAKKKKACiiigAooooAKKKKACiiigAooooAKKKKACiiigAooooAKKKKACiiigAooooAKKKKACiiigAooooAKKKKACiiigAooooAKKKKACiiigAooooAKKKKACiiigAr5X+MH/JUtZ/7Yf+iI6+qK+V/jB/yVLWf+2H/oiOgDhD0pjU89KY1AETVA1TtUDUARNUZqRqjNADKSlpKACiiigAooooAK+3/An/ACTzw1/2CrX/ANFLXxBX2/4E/wCSeeGv+wVa/wDopaAOgooooAKKKKACiiigAooooAKKKKACiiigAooooAKKKKACiiigAooooAKKKKACiiigAooooAKKKKACiiigAooooAKKKKACiiigAooooAKKKKACiiigAooooAKKKKACiiigAooooAKKKKACiiigAooooAKKKKACiiigAooooAKKKKACiiigAooooAKKKKACiiigAooooAKKKKACiiigAooooAKKKKACiiigAooooAKKKKACiiigAooooAKKKKACiiigAooooAKKKKACiiigAooooAKKKKACiiigAooooAKKKKACiiigAooooAKKKKACiiigAooooAK+V/jB/wAlS1n/ALYf+iI6+qK+V/jB/wAlS1n/ALYf+iI6AOEPSmNTz0pjUARNUDVO1QNQBE1RmpGqM0AMpKWkoAKKKKACiiigAr7f8Cf8k88Nf9gq1/8ARS18QV9v+BP+SeeGv+wVa/8AopaAOgooooAKKKKACiiigAooooAKKKKACiiigAooooAKKKKACiiigAooooAKKKKACiiigAooooAKKKKACiiigAooooAKKKKACiiigAooooAKKKKACiiigAooooAKKKKACiiigAooooAKKKKACiiigAooooAKKKKACiiigAooooAKKKKACiiigAooooAKKKKACiiigAooooAKKKKACiiigAooooAKKKKACiiigAooooAKKKKACiiigAooooAKKKKACiiigAooooAKKKKACiiigAooooAKKKKACiiigAooooAKKKKACiiigAooooAKKKKACiiigAooooAK+V/jB/yVLWf+2H/oiOvqivlf4wf8lS1n/th/6IjoA4Q9KY1PPSmNQBE1QNU7VA1AETVGakaozQAykpaSgAooooAKKKKACvt/wJ/yTzw1/wBgq1/9FLXxBX2/4E/5J54a/wCwVa/+iloA6CiiigAooooAKKKKACiiigAooooAKKKKACiiigAooooAKKKKACiiigAooooAKKKKACiiigAooooAKKKKACiiigAooooAKKKKACiiigAooooAKKKKACiiigAooooAKKKKACiiigAooooAKKKKACiiigAooooAKKKKACiiigAooooAKKKKACiiigAooooAKKKKACiiigAooooAKKKKACiiigAooooAKKKKACiiigAooooAKKKKACiiigAooooAKKKKACiiigAooooAKKKKACiiigAooooAKKKKACiiigAooooAKKKKACiiigAooooAKKKKACiiigAr5X+MH/JUtZ/7Yf8AoiOvqivlf4wf8lS1n/th/wCiI6AOEPSmNTz0pjUARNUDVO1QNQBE1RmpGqM0AMpKWkoAKKKKACiiigAr7f8AAn/JPPDX/YKtf/RS18QV9v8AgT/knnhr/sFWv/opaAOgooooAKKKKACiiigAooooAKKKKACiiigAooooAKKKKACiiigAooooAKKKKACiiigAooooAKKKKACiiigAooooAKKKKACiiigAooooAKKKKACiiigAooooAKKKKACiiigAooooAKKKKACiiigAooooAKKKKACiiigAooooAKKKKACiiigAooooAKKKKACiiigAooooAKKKKACiiigAooooAKKKKACiiigAooooAKKKKACiiigAooooAKKKKACiiigAooooAKKKKACiiigAooooAKKKKACiiigAooooAKKKKACiiigAooooAKKKKACiiigAooooAK+V/jB/yVLWf+2H/oiOvqivlf4wf8lS1n/th/6IjoA4Q9KY1PPSmNQBE1QNU7VA1AETVGakaozQAykpaSgAooooAKKKKACvt/wJ/wAk88Nf9gq1/wDRS18QV9v+BP8Aknnhr/sFWv8A6KWgDoKKKKACiiigAooooAKKKKACiiigAooooAKKKKACiiigAooooAKKKKACiiigAooooAKKKKACiiigAooooAKKKKACiiigAooooAKKKKACiiigAooooAKKKKACiiigAooooAKKKKACiiigAooooAKKKKACiiigAooooAKKKKACiiigAooooAKKKKACiiigAooooAKKKKACiiigAooooAKKKKACiiigAooooAKKKKACiiigAooooAKKKKACiiigAooooAKKKKACiiigAooooAKKKKACiiigAooooAKKKKACiiigAooooAKKKKACiiigAooooAKKKKACvlf4wf8AJUtZ/wC2H/oiOvqivlf4wf8AJUtZ/wC2H/oiOgDhD0pjU89KY1AETVA1TtUDUARNUZqRqjNADKSlpKACiiigAooooAK+3/An/JPPDX/YKtf/AEUtfEFfb/gT/knnhr/sFWv/AKKWgDoKKKKACiiigAooooAKKKKACiiigAooooAKKKKACiiigAooooAKKKKACiiigAooooAKKKKACiiigAooooAKKKKACiiigAooooAKKKKACiiigAooooAKKKKACiiigAooooAKKKKACiiigAooooAKKKKACiiigAooooAKKKKACiiigAooooAKKKKACiiigAooooAKKKKACiiigAooooAKKKKACiiigAooooAKKKKACiiigAooooAKKKKACiiigAooooAKKKKACiiigAooooAKKKKACiiigAooooAKKKKACiiigAooooAKKKKACiiigAooooAKKKKACvlf4wf8lS1n/th/6Ijr6or5X+MH/JUtZ/7Yf+iI6AOEPSmNTz0pjUARNUDVO1QNQBE1RmpGqM0AMpKWkoAKKKKACiiigAr7f8Cf8k88Nf8AYKtf/RS18QV9v+BP+SeeGv8AsFWv/opaAOgooooAKKKKACiiigAooooAKKKKACiiigAooooAKKKKACiiigAooooAKKKKACiiigAooooAKKKKACiiigAooooAKKKKACiiigAooooAKKKKACiiigAooooAKKKKACiiigAooooAKKKKACiiigAooooAKKKKACiiigAooooAKKKKACiiigAooooAKKKKACiiigAooooAKKKKACiiigAooooAKKKKACiiigAooooAKKKKACiiigAooooAKKKKACiiigAooooAKKKKACiiigAooooAKKKKACiiigAooooAKKKKACiiigAooooAKKKKACiiigAooooAK+V/jB/yVLWf+2H/AKIjr6or5X+MH/JUtZ/7Yf8AoiOgDhD0pjU89KY1AETVA1TtUDUARNUZqRqjNADKSlpKACiiigAooooAK+3/AAJ/yTzw1/2CrX/0UtfEFfb/AIE/5J54a/7BVr/6KWgDoKKKKACiiigAooooAKKKKACiiigAooooAKKKKACiiigAooooAKKKKACiiigAooooAKKKKACiiigAooooAKKKKACiiigAooooAKKKKACiiigAooooAKKKKACiiigAooooAKKKKACiiigAooooAKKKKACiiigAooooAKKKKACiiigAooooAKKKKACiiigAooooAKKKKACiiigAooooAKKKKACiiigAooooAKKKKACiiigAooooAKKKKACiiigAooooAKKKKACiiigAooooAKKKKACiiigAooooAKKKKACiiigAooooAKKKKACiiigAooooAKKKKACvlf4wf8lS1n/th/6Ijr6or5X+MH/JUtZ/7Yf+iI6AOEPSmNTz0pjUARNUDVO1QNQBE1RmpGqM0AMpKWkoAKKKKACiiigAr7f8Cf8AJPPDX/YKtf8A0UtfEFfb/gT/AJJ54a/7BVr/AOiloA6CiiigAooooAKKKKACiiigAooooAKKKKACiiigAooooAKKKKACiiigAooooAKKKKACiiigAooooAKKKKACiiigAooooAKKKKACiiigAooooAKKKKACiiigAooooAKKKKACiiigAooooAKKKKACiiigAooooAKKKKACiiigAooooAKKKKACiiigAooooAKKKKACiiigAooooAKKKKACiiigAooooAKKKKACiiigAooooAKKKKACiiigAooooAKKKKACiiigAooooAKKKKACiiigAooooAKKKKACiiigAooooAKKKKACiiigAooooAKKKKACiiigAr5X+MH/ACVLWf8Ath/6Ijr6or5W+MP/ACVLWf8Ath/6IjoA4U9KY1PNMagCJqgap2qBqAImqM09qjNADaSlpKACiiigAooooAK+3/An/JPPDX/YKtf/AEUtfEFfb/gT/knnhr/sFWv/AKKWgDoKKKKACiiigAooooAKKKKACiiigAooooAKKKKACiiigAooooAKKKKACiiigAooooAKKKKACiiigAooooAKKKKACiiigAooooAKKKKACiiigAooooAKKKKACiiigAooooAKKKKACiiigAooooAKKKKACiiigAooooAKKKKACiiigAooooAKKKKACiiigAooooAKKKKACiiigAooooAKKKKACiiigAooooAKKKKACiiigAooooAKKKKACiiigAooooAKKKKACiiigAooooAKKKKACiiigAooooAKKKKACiiigAooooAKKKKACiiigAooooAKKKKACvlb4w/8lT1n/th/6Ijr6pr5U+MR/wCLqa1/2w/9ER0AcMTTGpxNMJoAjaoWqVjULUARNUZqRqjNADaSlpKACiiigAooooAK+3/An/JPPDX/AGCrX/0UtfEFfb/gT/knnhr/ALBVr/6KWgDoKKKKACiiigAooooAKKKKACiiigAooooAKKKKACiiigAooooAKKKKACiiigAooooAKKKKACiiigAooooAKKKKACiiigAooooAKKKKACiiigAooooAKKKKACiiigAooooAKKKKACiiigAooooAKKKKACiiigAooooAKKKKACiiigAooooAKKKKACiiigAooooAKKKKACiiigAooooAKKKKACiiigAooooAKKKKACiiigAooooAKKKKACiiigAooooAKKKKACiiigAooooAKKKKACiiigAooooAKKKKACiiigAooooAKKKKACiiigAooooAKKKKACvlL4xn/i6utf8AbD/0RHX1bXyf8ZWx8V9a/wC2H/oiOgDhyaYTSFqYWoAGNRMacxqNjQAw0w04mmGgBKSg0UAFFFFABRRRQAV6ppPx98VaNo1jpdvp+jNBZW8dvG0kMpYqihQTiQDOB6CvK6KAPYP+GjvF/wD0DdD/AO/Ev/x2l/4aN8X/APQN0P8A78S//Ha8epaAPYh+0Z4u/wCgdof/AH4l/wDjtOH7RXi7/oHaJ/34l/8AjteOg04GgD2H/honxb/0DtE/78S//HaX/hojxb/0DtE/78S//HK8fDUu6gD1/wD4aI8Wf9A7RP8AvzL/APHKX/hojxZ/0DtE/wC/Ev8A8crx/dS7qAPX/wDhofxZ/wBA7RP+/Ev/AMco/wCGh/Fn/QO0T/vxL/8AHK8g3UbqAPX/APhofxZ/0DtE/wC/Ev8A8co/4aH8Wf8AQO0T/vxL/wDHK8g3UbqAPX/+Gh/Fn/QO0T/vxL/8co/4aH8Wf9A7RP8AvxL/APHK8g3UbqAPX/8AhofxZ/0DtE/78S//AByj/hofxZ/0DtE/78S//HK8g3UbqAPX/wDhofxZ/wBA7RP+/Ev/AMco/wCGh/Fn/QO0T/vxL/8AHK8g3UbqAPX/APhofxZ/0DtE/wC/Ev8A8co/4aH8Wf8AQO0T/vxL/wDHK8g3UbqAPX/+Gh/Fn/QO0T/vxL/8co/4aH8Wf9A7RP8AvxL/APHK8g3UbqAPX/8AhofxZ/0DtE/78S//AByj/hofxZ/0DtE/78S//HK8g3UbqAPX/wDhofxZ/wBA7RP+/Ev/AMco/wCGh/Fn/QO0T/vxL/8AHK8g3UbqAPX/APhofxZ/0DtE/wC/Ev8A8co/4aH8Wf8AQO0T/vxL/wDHK8g3UbqAPX/+Gh/Fn/QO0T/vxL/8co/4aH8Wf9A7RP8AvxL/APHK8g3UbqAPX/8AhofxZ/0DtE/78S//AByj/hofxZ/0DtE/78S//HK8g3UbqAPX/wDhofxZ/wBA7RP+/Ev/AMco/wCGh/Fn/QO0T/vxL/8AHK8g3UbqAPX/APhofxZ/0DtE/wC/Ev8A8co/4aH8Wf8AQO0T/vxL/wDHK8g3UbqAPX/+Gh/Fn/QO0T/vxL/8co/4aH8Wf9A7RP8AvxL/APHK8g3UbqAPX/8AhofxZ/0DtE/78S//AByj/hofxZ/0DtE/78S//HK8g3UbqAPX/wDhofxZ/wBA7RP+/Ev/AMco/wCGh/Fn/QO0T/vxL/8AHK8g3UbqAPX/APhofxZ/0DtE/wC/Ev8A8co/4aH8Wf8AQO0T/vxL/wDHK8g3UbqAPX/+Gh/Fn/QO0T/vxL/8co/4aH8Wf9A7RP8AvxL/APHK8g3UbqAPX/8AhofxZ/0DtE/78S//AByj/hofxZ/0DtE/78S//HK8g3UbqAPX/wDhofxZ/wBA7RP+/Ev/AMco/wCGh/Fn/QO0T/vxL/8AHK8g3UbqAPX/APhofxZ/0DtE/wC/Ev8A8co/4aH8Wf8AQO0T/vxL/wDHK8g3UbqAPX/+Gh/Fn/QO0T/vxL/8co/4aH8Wf9A7RP8AvxL/APHK8g3UbqAPX/8AhofxZ/0DtE/78S//AByj/hofxZ/0DtE/78S//HK8g3UbqAPX/wDhofxZ/wBA7RP+/Ev/AMco/wCGh/Fn/QO0T/vxL/8AHK8g3UbqAPX/APhofxZ/0DtE/wC/Ev8A8co/4aH8Wf8AQO0T/vxL/wDHK8g3UbqAPX/+Gh/Fn/QO0T/vxL/8co/4aH8Wf9A7RP8AvxL/APHK8g3UbqAPX/8AhofxZ/0DtE/78S//AByj/hofxZ/0DtE/78S//HK8g3UbqAPX/wDhofxZ/wBA7RP+/Ev/AMco/wCGh/Fn/QO0T/vxL/8AHK8g3UbqAPX/APhofxZ/0DtE/wC/Ev8A8co/4aH8Wf8AQO0T/vxL/wDHK8g3UbqAPX/+Gh/Fn/QO0T/vxL/8co/4aH8Wf9A7RP8AvxL/APHK8g3UbqAPX/8AhofxZ/0DtE/78S//AByj/hofxZ/0DtE/78S//HK8g3UbqAPX/wDhofxZ/wBA7RP+/Ev/AMco/wCGh/Fn/QO0T/vxL/8AHK8g3UbqAPX/APhofxZ/0DtE/wC/Ev8A8co/4aH8Wf8AQO0T/vxL/wDHK8g3UbqAPX/+Gh/Fn/QO0T/vxL/8co/4aH8Wf9A7RP8AvxL/APHK8g3UbqAPX/8AhofxZ/0DtE/78S//AByj/hofxZ/0DtE/78S//HK8g3UbqAPX/wDhofxZ/wBA7RP+/Ev/AMco/wCGh/Fn/QO0T/vxL/8AHK8g3UbqAPX/APhofxZ/0DtE/wC/Ev8A8co/4aH8Wf8AQO0T/vxL/wDHK8g3UbqAPX/+Gh/Fn/QO0T/vxL/8co/4aH8Wf9A7RP8AvxL/APHK8g3UbqAPX/8AhofxZ/0DtE/78S//AByj/hofxZ/0DtE/78S//HK8g3UbqAPX/wDhofxZ/wBA7RP+/Ev/AMco/wCGh/Fn/QO0T/vxL/8AHK8g3UbqAPX/APhofxZ/0DtE/wC/Ev8A8co/4aH8Wf8AQO0T/vxL/wDHK8g3UbqAPX/+Gh/Fn/QO0T/vxL/8co/4aH8Wf9A7RP8AvxL/APHK8g3UbqAPX/8AhofxZ/0DtE/78S//AByj/hofxZ/0DtE/78S//HK8g3UbqAPX/wDhofxZ/wBA7RP+/Ev/AMco/wCGh/Fn/QO0T/vxL/8AHK8g3UbqAPX/APhofxZ/0DtE/wC/Ev8A8co/4aH8Wf8AQO0T/vxL/wDHK8g3UbqAPX/+Gh/Fn/QO0T/vxL/8co/4aH8Wf9A7RP8AvxL/APHK8g3UbqAPX/8AhofxZ/0DtE/78S//AByj/hofxZ/0DtE/78S//HK8g3UbqAPX/wDhofxZ/wBA7RP+/Ev/AMco/wCGh/Fn/QO0T/vxL/8AHK8g3UbqAPX/APhofxZ/0DtE/wC/Ev8A8co/4aH8Wf8AQO0T/vxL/wDHK8g3UbqAPX/+Gh/Fn/QO0T/vxL/8co/4aH8Wf9A7RP8AvxL/APHK8g3UbqAPX/8AhofxZ/0DtE/78S//AByj/hofxZ/0DtE/78S//HK8g3UbqAPX/wDhofxZ/wBA7RP+/Ev/AMco/wCGh/Fn/QO0T/vxL/8AHK8g3UbqAPX/APhofxZ/0DtE/wC/Ev8A8co/4aH8Wf8AQO0T/vxL/wDHK8g3UbqAPX/+Gh/Fn/QO0T/vxL/8co/4aH8Wf9A7RP8AvxL/APHK8g3UbqAPX/8AhofxZ/0DtE/78S//AByj/hofxZ/0DtE/78S//HK8g3UbqAPX/wDhofxZ/wBA7RP+/Ev/AMco/wCGh/Fn/QO0T/vxL/8AHK8g3UbqAPX/APhojxZ/0DtE/wC/Ev8A8crzvxP4ku/FfiG61q+jgjubnZvSBSEG1AgwCSeijvWJupN1AEu6mlqZupN1ADi1MJpCaaTQAE02gmkoAKKKKACiiigAooooAKKKKACiiigBaXNNpc0AOzS5plFAD80ZpmaXNADs0ZpuaM0AOzRmm5ozQA7NGabmjNADs0ZpuaM0AOzRmm5ozQA7NGabmjNADs0ZpuaM0AOzRmm5ozQA7NGabmjNADs0ZpuaM0AOzRmm5ozQA7NGabmjNADs0ZpuaM0AOzRmm5ozQA7NGabmjNADs0ZpuaM0AOzRmm5ozQA7NGabmjNADs0ZpuaM0AOzRmm5ozQA7NGabmjNADs0ZpuaM0AOzRmm5ozQA7NGabmjNADs0ZpuaM0AOzRmm5ozQA7NGabmjNADs0ZpuaM0AOzRmm5ozQA7NGabmjNADs0ZpuaM0AOzRmm5ozQA7NGabmjNADs0ZpuaM0AOzRmm5ozQA7NGabmjNADs0ZpuaM0AOzRmm5ozQA7NGabmjNADs0ZpuaM0AOzRmm5ozQA7NGabmjNADs0ZpuaM0AOzRmm5ozQA7NGabmjNADs0ZpuaM0AOzRmm5ozQA7NGabmjNADs0ZpuaM0AOzRmm5ozQA7NGabmjNADs0ZpuaM0AOzRmm5ozQA7NGabmjNADs0ZpuaM0AOzRmm5ozQA7NGabmjNADs0ZpuaTNAD80mabmigBc0lFJQAtJRRQAUUUUAFFFFABRRRQAUUUUAFFFFABRRRQAUUUUAFFFFABRRRQAUUUUAFFFFABRRRQAUUUUAFFFFABRRRQAUUUUAFFFFABRRRQAUUUUAFFFFABRRRQAUUUUAFFFFABRRRQAUUUUAFFFFABRRRQAUUUUAFFFFABRRRQAUUUUAFFFFABRRRQAUUUUAFFFFABRRRQAUUUUAFFFFABRRRQAUUUUAFFFFABRRRQAUUUUAFFFFABRRRQAUUUUAFFFFABRRRQAUUUUAFFFFABRRRQAUUUUAFFFFABRRRQAUUUUAFFFFABRRRQAUUUUAFFFFABRRRQAUUUUAFFFFABRRRQAUUUUAFFFFABRRRQAUUUUAFFFFABRRRQAUUUUAFFFFABRRRQAUUUUAFFFFABRRRQAUUUUAFFFFABRRRQAUUUUAFFFFABRRRQAUUUUAFFFFABRRRQAUUUUAFFFFABRRRQAUUUUAFFFFABRRRQAUUUUAFFFFABRRRQAUUUUAFFFFABRRRQAUUUUAFFFFABRRRQAUUUUAFFFFABRRRQAUUUUAFFFFABRRRQAUUUUAFFFFABRRRQAUUUUAFFFFABRRRQAUUUUAFFFFABRRRQAUUUUAFFFFABRRRQAUUUUAFFFFABRRRQAUUUUAFFFFABRRRQAUUUUAFFFFABRRRQAUUUUAFFFFABRRRQAUUUUAFFFFABRRRQAUUUUAFFFFABRRRQAUUUUAFFFFABRRRQAUUUUAFFFFAH//ZDQplbmRzdHJlYW0NZW5kb2JqDTE1MyAwIG9iag08PC9CaXRzUGVyQ29tcG9uZW50IDggL0NvbG9yU3BhY2UgL0RldmljZUdyYXkgL0ZpbHRlciAvRmxhdGVEZWNvZGUgL0hlaWdodCAzODEgL0xlbmd0aCA0MDExIC9NYXR0ZSBbMCAwIDBdIC9TdWJ0eXBlIC9JbWFnZSAvVHlwZSAvWE9iamVjdCAvV2lkdGggMTEwMz4+DQpzdHJlYW0NCnic7d1ncxNJ14BhcgYTlrDkZWHJtgnP//9p76vpMNM9Gsu2poVl1XV9hxJU9V3n9IzlCxcAAAAAAAAAAAAAAAAAAAAAAAAAAADYJReB8+esw1E56/8MoAklAVqSEqCh7YzJJWC7bF9QtAN2x5kGRUdgB51FUKQEdtafDcpxKbkMnB/HJeVsYnLW/yvADGcQlOmYrPiMV4DtcrKmbLwnUzFRDzjnjkjKZoOyHBMhgV0xUZQN9mSpJtMluQqcH9NN2XRPjoiJjsAOWCrKOCibrEndkvJjXQPOj6mmlEHZRE+majJKyfIHvQ5soxVVKYKyqZ5MLTpFTBQEzq1xU8Y9udS4J0eNJmVLys93A9h+E1GZDErTnhxRk6ElR2fkJrBdjs7KUJTN9WS5JlVMRiU56/8r4BRGTVkKSuOeHFmTviXjjtwCzoNxVfqibKwnK2rSt2SpI7eB7bZUlb4oK3qygZoMo0nfkuWM3AG21XJW+qJUA0rbnlSrTlWTGJM+JVMRuQtsn6mw9EnpgzLqSYN1Z1VNipgUIak/9z1gu0ymJRelD8omenJcTcqWTBVkD9guU22pi7K6J5upSZhMUkuKkFSf/D6wXSbakpMSixIGlA30pMhJWZPrsSYhJqklQ0iKz/0A2D5LbclJiUWJA0q4QKl7Mi8nx9ckxiSlZNyQh8A2GpclJSUHZTM9qVeduiZ9TGJLhpDkT/wI2FZ1WFJSQlFyUMY9KdadBsNJfHstX8LGmnQxiS3pQxI/7F/Adiu6kpISitIFJfXkRuzJlaEnM8aTiVUnziZp0eljklIydORx6QmwHaqTOVQlJWUISlp4rvc9qdedWTW5NNTkWq5JHk26mMSU9B3pP/tTYPvUdUlNCUXpgpIGlNSTa0NPZq0741Xnal51Uk2GmISW9CGJn/gZsL2KsMSmhKL0QYk9yevO1fG6c+qa/B+wu/7+u89KTEpXlBSUqZ7MG0/O+l8LbNDz58//7qSmdEXpgxJ6cvv2rZs3i+vYWePJWf9rgQ160XkeoxKK0gel7kl/fVLdxsoJ0Hv1ciElJRQlBSX3pHu+U6w7o/FEToDe61edPil9UBYDSupJd31SrjszcnLxrP+1wAa9efN6oU9KCkruybDuNBlP5AR22du3b9/kpOSghAEl7juj8eTqvPFETmCX/fPPP7Eob8KMkgeUMJ+EnOxVt7HFZaycAJV37971RYkTyiIoVU+K8aTadk6fk4tyArvs33/fFUUJQck9KceT6uHOutuOnMBOe//+31yULih9T54NPenHk+IyVk6AsQ/v3+eidEFZDCi5J0VO+vFk3rYjJ7DT/vvw4UMOSrfypJ48r3symZNLcgIU/lsIRUlB6Xsyysn42Y6cACMfP34cgtL35GXfk2HbkRNgpU8fc1DigNL15PXrifGk3HbWy8lFOYGd9mkhBCUOKIv5pHu+k9edettJL8auexcrJ7DbPn/+PAQl9SSsO2k8kRPghL7UPcnrTnd7Ul6elG+eyAkw5cuXPih9T8K6E8aT6vJk6S5WToDC1y8hKLkned15vXx50t3FyglwpK9fv+YBJfZkGE/C5cmqRztyAhS+fQ1ByT3p1p18e/Li+cRdrJwAR/j27Vvfk2I8SdvO6C62fM3+9C+eyAnstu9DT4rx5O3b16+Hu9j60Y6cAJO+1z0J40m+jO3vYvf2itfs0xc8yglQ+171pBtP3r//d5yT6kmxnACT9nNP8niStp3+Lva4J8VyAkT7dU/6bUdOgFPaTz3p1p287aRnO+nRzjEvnsgJEB2EnuTxpN525AQ4hYNhPCm3nSInf61+j01OgOig7Em/7fQ5CS+eyAlwAgcHed2J206Zk5dyApzcQTGe5MuT7s2T+KS4fC1WToCVDkNPym0n5eStnACnclhtO+VdbMzJ05yTu3fkBFily8lBdXnSP9qRE+A0Dg/HOfm4nJMH9+UEOM5h15O87cgJsL4VOXkdfmhHToCTWcrJJzkB1nJYX57ICbAuOQEakROgETkBGvlzObkoJ7DbfhSPdoYf2ily8mTiu6fX+s0YcgI7Tk6ARuQEaEROgEbkBGhEToBG5ARoRE6ARuQEaEROgEbkBGhEToBG5ARoRE6ARuQEaEROgEbkBGjkp5wAbfz88UNOgBYWOfkhJ0ADXU4O5QSYL+TkUE6A2WJODuQEmCvl5EBOgJlyTg7kBJinz8m+nACz/Opzsi8nwBy/fsoJ0MSvnz9zTr7LCTDDIic/c06+yQmwvi4nP3JOvskJsLaQkx9yAswWc3KYcvJVToB1yQnQSMrJYcrJFzkB1pRzcignwDxyAjTS5+Qg5uSLnADr+T3OyWc5AdYy5ORAToA5fv8a5+STnADr+P3rV87JvpwAM8gJ0MgiJ79yTr7LCbC+/y3n5KOcAGuQE6CRLic/c06+ywmwNjkBGvnfbzkBmpAToBE5ARqRE6AROQEakROgETkBGpEToBE5ARqRE6AROQEakROgETkBGpEToBFfUAA0Un0bm5wA6/PljkAjcgI0MvGLMeQEWEf5a7vkBJjBbwEEGil+5bmcAHMUOfkuJ8AMv3/KCdDErz4n+yknH+UEWMdSTj7JCbCWPif7cgLMknNykHLyWU6A9cgJ0EjKyYGcADPFnBzknHyWE2BNdU6+yAmwrpCTQzkBZutycphz8lVOgLV1P7KTc/JVToD1xa8nCDn5JifADL9+5Jx8lxNgjp85J9/lBJhFToBGck725QSYJ+VkX06AmWJO9uUEmKvLSfeUWE6AmfKPE8sJMFN8J1ZOgNl+HsoJ0MQPOQHakBOgETkBGpEToBE5ARqRE6AROQEakROgETkBGpEToBE5ARqRE6AROQEakROgETkBGpEToBE5ARqRE6AROQEakROgETkBGpEToBE5ARqRE6AROQEakROgETkBGpEToBE5ARqRE6AROQEakROgETkBGpEToBE5ARqRE6AROQEakROgETkBGpEToBE5ARqRE6AROQEakROgETkBGpEToBE5ARqRE6AROQEakROgETkBGpEToBE5ARqRE6AROQEakROgETkBGpEToBE5ARqRE6AROQEakROgETkBGpEToBE5ARqRE6AROQEakROgETkBGpEToBE5ARqRE6AROQEakROgETkBGpEToBE5ARqRE6AROQEakROgETkBGpEToBE5ARr5czm5ICew20JNDkJNQk4+jXPyOOTk3t2Qkxs3rl8LObkccnKqmsgJ7Dg5ARqRE6AROQEakROgkeLBzrevX+QEWNtSTj7KCbCWFTl59fLF33ICnFR9dSInwNq6mtQ5+W85J91LsXICrBaHk/7BTpGT13ICnEbedYqcfHi/yMnblJMnOSd3bssJsEoeTqrnxF1O3sgJcCrVrlM/J3718nnMyQM5AY5XDCdx1yly8kJOgJMra1LdxMacPF3k5KGcACeQV52063RXJ6OcDN+eJCfACsNwUuw6/Tv2cgKcWKrJaNd59094sDP6bsdb4bsd5QSYVNek2nXkBDiNXJM0nKS3TvrnxOlHdupvnr661jdPywnsuKomw65T52Rv766cAMeoa9LvOm9fh5vY4qXY2b8XQ05gxw01CavO8Fzn1cv6tZPqJwDlBFjSxSTVZBhOipvY4Tnx9FtscgIkISZ9TfJw0l+djB7syAlwpC4m4d4k1WS4iH0xfrAz+ZxYToAkjyaxJuVw0t/E1s+J5QSY1sdkqEkcTsJXsdU3sSknV+QEmFDXJK06/a6zdBPbPyeWE2Dk0xCTXJNuOFm+OpmfkwtyAjuta8kiJnE0yavOMJyserBzytdO5AR2XI5JqMm7UJN4c/K8vDqZvImVE6D03xCToSYTw4mcAMeILckxGWqyateRE2BC15IYk240yTUZDSfTOTntTaycwG7LLQkxCbewqSbVcFJfnRQ/ACgnQJZbEmIy1KQYTopdZ/nq5FQ5uSAnsMuKlsSY9DVZGk7m7jpyArutb0mISRhN6ppMPteRE2BJnkviZBJr8uzZ07DqjIeT/osd19x15AR2Wk7JEJNwC7uoSVp1yhfslx4TnzInF876XwtsUChJTEkfk74m4+Fk3kWsnMBu60qSUrJoSY5J3HTqd04aDCdyArvsRUpJbEmOSV+T6h62vIiVE2AkhiSkZNGSISajmkwPJ3ICDGJIupIsUrJoyRCTWJNq1RluTtbMyYX4x7q/YPEXLeK0+DuvXbt+/caNm7du3b5z5+69e3t79+8/ePDw4aNHj/76a/F5Hj/pPA2eAdsrHtNwYh+nluSYTNZk3nBS5qTvybXQk5upJ0VQYlFiU2JUhrAAW6U/oY9jSVJLhpikmhQXJ3OHk9F4kntyPffkdupJCEpXlC4poSmpKtkTYDtUJzMe1kcxJYuWhJjEmtzONSkuTmYNJzknxbpzJa87N2JPhqB0RQlJCU3JVQG2VjyqD1NKFi3pYxJrcqO4hq1XnbVyMrXupPkk9yQEJRUlJCVFpe8KsIXyMY2H9n5uSYhJrsn1pYuTGcPJeDwZ9WQISipKSEqOShkWYKsMhzQe2r3ckj4mSzWZPZycpCcpKF1RQlJyVEZlAbZGcUbjob0XWxJjsqmalDmpehKfF6eg5KKEpOSo7C21BdgG1QmNh/bu0JIQk/SEeFSTuTlZ3ZMwoPRFiUnJUbk30Rbg7FUnNJ3aO31L4miykZrknBzdk7ooQ1Sm2gKcvfqIpnM7tOS4mszIycqelEEJRRmiMpUWYCtUpzSd3FtVTDZTk3rdqXuSghKKEpPSR2UpLMA2KU5qOrs3U0tSTMY1mb/qHNmTYUAJQYlF6ZtSZwXYRsNxTef3RorJMJo0r0m97ox6EoISi5KTUlUF2GLDob3Rt6QYTZZrMjsnR/ckBCUWJSWlqgqw9fqTe71vSReTTdVkqid1UFJRiqaIC2yr5WOaD/C1pZi0r8mRPQlBSUXpkzKdFWDrlIf22tCSEJON1WTck3FQclFGUQHOgeH4Xp2MSeuaDD1ZGlBSUKqmaAtsteXD2p/jK0eNJu1qMt2TFJQiKZNVAbZWeXjzgb684Zos9SQFpS9K3RTgXBkO8uXLU4tO25oUPRkFpSiKqsA5Ux/fy0fEpHVNJnrSB2WpKcA5U5zmS5uvSdmTPihlUUQFzqP6EF9ajskmanJEUMZJ0RfYZivOa3GqNx6TuidlUFY3Bdh29XG++CdqsjIosgLnztQh/lMxGQdlOinAOVUf703HZDkokgI7YXyw/0RMpoKiKnB+TZ7nPxWTI4OiMLDtTnZ0/2RMTh4U4Nz50zGRFNhJZ5MSTYHdcsYlqZ31fwawhrMOBwAAAAAAAAAAAAAAAAAAAAAAAAAAwf8D2kQCmg0KZW5kc3RyZWFtDWVuZG9iag0xNTIgMCBvYmoNPDwvQml0c1BlckNvbXBvbmVudCA4IC9Db2xvclNwYWNlIC9EZXZpY2VSR0IgL0ZpbHRlciAvRENURGVjb2RlIC9IZWlnaHQgMzgxIC9MZW5ndGggMTM1NDkgL1NNYXNrIDE1MyAwIFIgL1N1YnR5cGUgL0ltYWdlIC9UeXBlIC9YT2JqZWN0IC9XaWR0aCAxMTAzPj4NCnN0cmVhbQ0K/9j/4AAQSkZJRgABAQAAAQABAAD/2wBDAAgGBgcGBQgHBwcJCQgKDBQNDAsLDBkSEw8UHRofHh0aHBwgJC4nICIsIxwcKDcpLDAxNDQ0Hyc5PTgyPC4zNDL/2wBDAQkJCQwLDBgNDRgyIRwhMjIyMjIyMjIyMjIyMjIyMjIyMjIyMjIyMjIyMjIyMjIyMjIyMjIyMjIyMjIyMjIyMjL/wAARCAF9BE8DASIAAhEBAxEB/8QAHwAAAQUBAQEBAQEAAAAAAAAAAAECAwQFBgcICQoL/8QAtRAAAgEDAwIEAwUFBAQAAAF9AQIDAAQRBRIhMUEGE1FhByJxFDKBkaEII0KxwRVS0fAkM2JyggkKFhcYGRolJicoKSo0NTY3ODk6Q0RFRkdISUpTVFVWV1hZWmNkZWZnaGlqc3R1dnd4eXqDhIWGh4iJipKTlJWWl5iZmqKjpKWmp6ipqrKztLW2t7i5usLDxMXGx8jJytLT1NXW19jZ2uHi4+Tl5ufo6erx8vP09fb3+Pn6/8QAHwEAAwEBAQEBAQEBAQAAAAAAAAECAwQFBgcICQoL/8QAtREAAgECBAQDBAcFBAQAAQJ3AAECAxEEBSExBhJBUQdhcRMiMoEIFEKRobHBCSMzUvAVYnLRChYkNOEl8RcYGRomJygpKjU2Nzg5OkNERUZHSElKU1RVVldYWVpjZGVmZ2hpanN0dXZ3eHl6goOEhYaHiImKkpOUlZaXmJmaoqOkpaanqKmqsrO0tba3uLm6wsPExcbHyMnK0tPU1dbX2Nna4uPk5ebn6Onq8vP09fb3+Pn6/9oADAMBAAIRAxEAPwD5/ooooAKKKKACiiigAooooAKKKKACiiigAooooAKKKKACiiigAooooAKKKKACiiigAooooAKKKKACiiigAooooAKKKKACiiigAooooAKKKKACiiigAooooAKKKKACiiigAooooAKKKKACiiigAooooAKKKKACiiigAooooAKKKKACiiigAooooAKKKKACiiigAooooAKKKKACiiigAooooAKKKKACiiigAooooAKKKKACiiigAooooAKKKKACiiigAooooAKKKKACiiigAooooAKKKKACiiigAooooAKKKKACiiigAooooAKKKKACiiigAooooAKKKKACiiigAooooAKKKKACiiigAooooAKKKKACiiigAooooAKKKKACiiigAoooxQAUUuKKAEopaKAEopaKAEopaKAEopaKAEopaKAEopaKAEopaKAEopaKAEopaKAEopaKAEopaKAEopaKAEopaKAEopaKAEopaKAEopaKAEopaKAEopaKAEopaKAEopaKAEopaKAEopaKAEopaKAEopaKAEopaKAEopaKAEopaKAEopaKAEopaKAEopaKAEopaKAEopaKAEopaKAEopaKAEopaKAEopaKAEopaKAEopaKAEopaKAEopaKAEopaKAEopaKAEopaKAEopaKAEopaKAEopaKAEopaKAEopaKAEopaKAEopaKAEopaKAEopaKAEopaKAEopaKAEopaKAEopaKAEopaKAEopaKAEopaKAEopaKAEooxRQAUUUUAFFFFABRRRQAUUUUAFFFFABRRS0AFLigCnAUANxS4p+KXbQBHilxT9tG2gBmKMVJto20AR4oxUm2jbQBHijFSbaNtAEeKMVJto20AR4oxUm2jbQBHijFSbaNtAEeKMVJto20AR4oxUm2jbQBHijFSbaNtAEeKMVJto20AR4oxUm2jbQBHijFSbaNtAEeKMVJto20AR4oxUm2jbQBHijFSbaNtAEeKMVJto20AR4oxUm2jbQBHijFSbaNtAEeKMVJto20AR4oxUm2jbQBHijFSbaNtAEeKMVJto20AR4oxUm2jbQBHijFSbaNtAEeKMVJto20AR4oxUm2jbQBHijFSbaNtAEeKMVJto20AR4oxUm2jbQBHijFSbaNtAEeKMVJto20AR4oxUm2jbQBHijFSbaNtAEeKMVJto20AR4oxUm2jbQBHijFSbaNtAEeKMVJto20AR4oxUm2jbQBHijFSbaNtAEeKMVJto20AR4oxUm2jbQBHijFSbaNtAEeKMVJto20AR4oxUm2jbQBHijFSbaNtAEeKMVJto20AR4oxUm2jbQBHijFSbaNtAEeKMVJto20AR4oxUm2jbQBHijFSbaNtAEeKMVJto20AR4oxUm2jbQBHijFSbaNtAEeKMVJto20AR4oxUm2jbQBHijFSbaNtAEeKTFSbaNtAEeKMVJtpMUAR4pKeRSEUAMopaSgAooooAKKKKACiiigArcg8F+Krq3iuLfw1rM0EqB45I7CVldSMgghcEEc5rDr7f8AAn/JPPDX/YKtf/RS0AfIP/CCeL/+hU1z/wAF0v8A8TSjwJ4v/wChV1z/AMF0v/xNfbtFAHxIPAni/wD6FXXP/BfL/wDE04eBfF3/AEK2t/8Agvl/+Jr7ZooA+KB4F8W/9Ctrf/gvl/8Aiad/wgvi3/oVtb/8F8v/AMTX2rRQB8Vf8IL4t/6FbW//AAXy/wDxNL/wgvi3/oV9b/8ABfL/APE19qUUAfFf/CC+Lf8AoV9b/wDBfL/8TR/wgvi3/oV9b/8ABfL/APE19qUUAfFf/CC+Lf8AoV9b/wDBfL/8TR/wgvi3/oV9b/8ABfL/APE19qUUAfFf/CC+Lf8AoV9b/wDBfL/8TR/wgvi3/oV9b/8ABfL/APE19qUUAfFf/CC+Lf8AoV9b/wDBfL/8TR/wgvi3/oV9b/8ABfL/APE19qUUAfFf/CC+Lf8AoV9b/wDBfL/8TR/wgvi3/oV9b/8ABfL/APE19qUUAfFf/CC+Lf8AoV9b/wDBfL/8TR/wgvi3/oV9b/8ABfL/APE19qUUAfFf/CC+Lf8AoV9b/wDBfL/8TR/wgvi3/oV9b/8ABfL/APE19qUUAfFf/CC+Lf8AoV9b/wDBfL/8TR/wgvi3/oV9b/8ABfL/APE19qUUAfFf/CC+Lf8AoV9b/wDBfL/8TR/wgvi3/oV9b/8ABfL/APE19qUUAfFf/CC+Lf8AoV9b/wDBfL/8TR/wgvi3/oV9b/8ABfL/APE19qUUAfFf/CC+Lf8AoV9b/wDBfL/8TR/wgvi3/oV9b/8ABfL/APE19qUUAfFf/CC+Lf8AoV9b/wDBfL/8TR/wgvi3/oV9b/8ABfL/APE19qUUAfFf/CC+Lf8AoV9b/wDBfL/8TR/wgvi3/oV9b/8ABfL/APE19qUUAfFf/CC+Lf8AoV9b/wDBfL/8TR/wgvi3/oV9b/8ABfL/APE19qUUAfFf/CC+Lf8AoV9b/wDBfL/8TR/wgvi3/oV9b/8ABfL/APE19qUUAfFf/CC+Lf8AoV9b/wDBfL/8TR/wgvi3/oV9b/8ABfL/APE19qUUAfFf/CC+Lf8AoV9b/wDBfL/8TR/wgvi3/oV9b/8ABfL/APE19qUUAfFf/CC+Lf8AoV9b/wDBfL/8TR/wgvi3/oV9b/8ABfL/APE19qUUAfFf/CC+Lf8AoV9b/wDBfL/8TR/wgvi3/oV9b/8ABfL/APE19qUUAfFf/CC+Lf8AoV9b/wDBfL/8TR/wgvi3/oV9b/8ABfL/APE19qUUAfFf/CC+Lf8AoV9b/wDBfL/8TR/wgvi3/oV9b/8ABfL/APE19qUUAfFf/CC+Lf8AoV9b/wDBfL/8TR/wgvi3/oV9b/8ABfL/APE19qUUAfFf/CC+Lf8AoV9b/wDBfL/8TR/wgvi3/oV9b/8ABfL/APE19qUUAfFf/CC+Lf8AoV9b/wDBfL/8TR/wgvi3/oV9b/8ABfL/APE19qUUAfFf/CC+Lf8AoV9b/wDBfL/8TR/wgvi3/oV9b/8ABfL/APE19qUUAfFf/CC+Lf8AoV9b/wDBfL/8TR/wgvi3/oV9b/8ABfL/APE19qUUAfFf/CC+Lf8AoV9b/wDBfL/8TR/wgvi3/oV9b/8ABfL/APE19qUUAfFf/CC+Lf8AoV9b/wDBfL/8TR/wgvi3/oV9b/8ABfL/APE19qUUAfFf/CC+Lf8AoV9b/wDBfL/8TR/wgvi3/oV9b/8ABfL/APE19qUUAfFf/CC+Lf8AoV9b/wDBfL/8TR/wgvi3/oV9b/8ABfL/APE19qUUAfFf/CC+Lf8AoV9b/wDBfL/8TR/wgvi3/oV9b/8ABfL/APE19qUUAfFf/CC+Lf8AoV9b/wDBfL/8TR/wgvi3/oV9b/8ABfL/APE19qUUAfFf/CC+Lf8AoV9b/wDBfL/8TR/wgvi3/oV9b/8ABfL/APE19qUUAfFf/CC+Lf8AoV9b/wDBfL/8TR/wgvi3/oV9b/8ABfL/APE19qUUAfFf/CC+Lf8AoV9b/wDBfL/8TR/wgvi3/oV9b/8ABfL/APE19qUUAfFf/CC+Lf8AoV9b/wDBfL/8TR/wgvi3/oV9b/8ABfL/APE19qUUAfFf/CC+Lf8AoV9b/wDBfL/8TR/wgvi3/oV9b/8ABfL/APE19qUUAfFf/CC+Lf8AoV9b/wDBfL/8TR/wgvi3/oV9b/8ABfL/APE19qUUAfFf/CC+Lf8AoV9b/wDBfL/8TR/wgvi3/oV9b/8ABfL/APE19qUUAfFf/CC+Lf8AoV9b/wDBfL/8TR/wgvi3/oV9b/8ABfL/APE19qUUAfFf/CC+Lf8AoV9b/wDBfL/8TR/wgvi3/oV9b/8ABfL/APE19qUUAfFf/CC+Lf8AoV9b/wDBfL/8TR/wgvi3/oV9b/8ABfL/APE19qUUAfFf/CC+Lf8AoV9b/wDBfL/8TR/wgvi3/oV9b/8ABfL/APE19qUUAfFf/CC+Lf8AoV9b/wDBfL/8TR/wgvi3/oV9b/8ABfL/APE19qUUAfFf/CC+Lf8AoV9b/wDBfL/8TR/wgvi3/oV9b/8ABfL/APE19qUUAfFf/CC+Lf8AoV9b/wDBfL/8TR/wgvi3/oV9b/8ABfL/APE19qUUAfFf/CC+Lf8AoV9b/wDBfL/8TR/wgvi3/oV9b/8ABfL/APE19qUUAfFf/CC+Lf8AoV9b/wDBfL/8TR/wgvi3/oV9b/8ABfL/APE19qUUAfFf/CC+Lf8AoV9b/wDBfL/8TR/wgvi3/oV9b/8ABfL/APE19qUUAfFf/CC+Lf8AoV9b/wDBfL/8TR/wgvi3/oV9b/8ABfL/APE19qUUAfFf/CC+Lf8AoV9b/wDBfL/8TR/wgvi3/oV9b/8ABfL/APE19qUUAfFf/CC+Lf8AoV9b/wDBfL/8TR/wgvi3/oV9b/8ABfL/APE19qUUAfFf/CC+Lf8AoV9b/wDBfL/8TR/wgvi3/oV9b/8ABfL/APE19qUUAfFf/CC+Lf8AoV9b/wDBfL/8TR/wgvi3/oV9b/8ABfL/APE19qUUAfFf/CC+Lf8AoV9b/wDBfL/8TR/wgvi3/oV9b/8ABfL/APE19qUUAfFf/CC+Lf8AoV9b/wDBfL/8TR/wgvi3/oV9b/8ABfL/APE19qUUAfFf/CC+Lf8AoV9b/wDBfL/8TR/wgvi3/oV9b/8ABfL/APE19qUUAfFf/CC+Lf8AoV9b/wDBfL/8TWRe6fd6bdvaX1rPa3MeN8M8ZR1yMjKkZHBB/Gvuuvk74yrn4r62f+uH/oiOgDz3bTStTlaaVoAgK0wipyKjYUAREU2nkU00ANooNFABRRRQAUUUUAFfb/gT/knnhr/sFWv/AKKWviCvt/wJ/wAk88Nf9gq1/wDRS0AdBRRRQAUUUUAFFFFABRRRQAUUUUAFFFFABRRRQAUUUUAFFFFABRRRQAUUUUAFFFFABRRRQAUUUUAFFFFABRRRQAUUUUAFFFFABRRRQAUUUUAFFFFABRRRQAUUUUAFFFFABRRRQAUUUUAFFFFABRRRQAUUUUAFFFFABRRRQAUUUUAFFFFABRRRQAUUUUAFFFFABRRRQAUUUUAFFFFABRRRQAUUUUAFFFFABRRRQAUUUUAFFFFABRRRQAUUUUAFFFFABRRRQAUUUUAFFFFABRRRQAUUUUAFFFFABRRRQAUUUUAFFFFABRRRQAUUUUAFFFFABRRRQAV8o/GMf8XV1r/th/6Ijr6ur5U+MQ/4uprX/bD/ANER0AcCRTCKmIphFAEDComFTsKiagCE0w1I1RmgBtJS0lABRRRQAUUUUAFfb/gT/knnhr/sFWv/AKKWviCvt/wJ/wAk88Nf9gq1/wDRS0AdBRRRQAUUUUAFFFFABRRRQAUUUUAFFFFABRRRQAUUUUAFFFFABRRRQAUUUUAFFFFABRRRQAUUUUAFFFFABRRRQAUUUUAFFFFABRRRQAUUUUAFFFFABRRRQAUUUUAFFFFABRRRQAUUUUAFFFFABRRRQAUUUUAFFFFABRRRQAUUUUAFFFFABRRRQAUUUUAFFFFABRRRQAUUUUAFFFFABRRRQAUUUUAFFFFABRRRQAUUUUAFFFFABRRRQAUUUUAFFFFABRRRQAUUUUAFFFFABRRRQAUUUUAFFFFABRRRQAUUUUAFFFFABRRRQAUUUUAFFFFABRRRQAV8q/GH/kqes/8AbD/0RHX1VXyt8Yf+Sp6z/wBsP/REdAHCEUw1IaY1AELVA1WGqBqAIWqM1I1RmgBtJS0lABRRRQAUUUUAFfb/AIE/5J54a/7BVr/6KWviCvt/wJ/yTzw1/wBgq1/9FLQB0FFFFABRRRQAUUUUAFFFFABRRRQAUUUUAFFFFABRRRQAUUUUAFFFFABRRRQAUUUUAFFFFABRRRQAUUUUAFFFFABRRRQAUUUUAFFFFABRRRQAUUUUAFFFFABRRRQAUUUUAFFFFABRRRQAUUUUAFFFFABRRRQAUUUUAFFFFABRRRQAUUUUAFFFFABRRRQAUUUUAFFFFABRRRQAUUUUAFFFFABRRRQAUUUUAFFFFABRRRQAUUUUAFFFFABRRRQAUUUUAFFFFABRRRQAUUUUAFFFFABRRRQAUUUUAFFFFABRRRQAUUUUAFFFFABRRRQAUUUUAFFFFABXyv8AGD/kqWs/9sP/AERHX1RXyv8AGD/kqWs/9sP/AERHQBwhpjU89KY1AETVA1TtUDUARNUZqRqjNADKSlpKACiiigAooooAK+3/AAJ/yTzw1/2CrX/0UtfEFfb/AIE/5J54a/7BVr/6KWgDoKKKKACiiigAooooAKKKKACiiigAooooAKKKKACiiigAooooAKKKKACiiigAooooAKKKKACiiigAooooAKKKKACiiigAooooAKKKKACiiigAooooAKKKKACiiigAooooAKKKKACiiigAooooAKKKKACiiigAooooAKKKKACiiigAooooAKKKKACiiigAooooAKKKKACiiigAooooAKKKKACiiigAooooAKKKKACiiigAooooAKKKKACiiigAooooAKKKKACiiigAooooAKKKKACiiigAooooAKKKKACiiigAooooAKKKKACiiigAooooAKKKKACvlf4wf8lS1n/th/6Ijr6or5X+MH/JUtZ/7Yf+iI6AOEPSmNTz0pjUARNUDVO1QNQBE1RmpGqM0AMpKWkoAKKKKACiiigAr7f8Cf8AJPPDX/YKtf8A0UtfEFfb/gT/AJJ54a/7BVr/AOiloA6CiiigAooooAKKKKACiiigAooooAKKKKACiiigAooooAKKKKACiiigAooooAKKKKACiiigAooooAKKKKACiiigAooooAKKKKACiiigAooooAKKKKACiiigAooooAKKKKACiiigAooooAKKKKACiiigAooooAKKKKACiiigAooooAKKKKACiiigAooooAKKKKACiiigAooooAKKKKACiiigAooooAKKKKACiiigAooooAKKKKACiiigAooooAKKKKACiiigAooooAKKKKACiiigAooooAKKKKACiiigAooooAKKKKACiiigAooooAKKKKACiiigAr5X+MH/ACVLWf8Ath/6Ijr6or5Y+MH/ACVLWf8Ath/6IjoA4M9KY1SN0qNqAImqBqnaoGoAiaozUjVGaAGUlLSUAFFFFABRRRQAV9v+BP8Aknnhr/sFWv8A6KWviCvt/wACf8k88Nf9gq1/9FLQB0FFFFABRRRQAUUUUAFFFFABRRRQAUUUUAFFFFABRRRQAUUUUAFFFFABRRRQAUUUUAFFFFABRRRQAUUUUAFFFFABRRRQAUUUUAFFFFABRRRQAUUUUAFFFFABRRRQAUUUUAFFFFABRRRQAUUUUAFFFFABRRRQAUUUUAFFFFABRRRQAUUUUAFFFFABRRRQAUUUUAFFFFABRRRQAUUUUAFFFFABRRRQAUUUUAFFFFABRRRQAUUUUAFFFFABRRRQAUUUUAFFFFABRRRQAUUUUAFFFFABRRRQAUUUUAFFFFABRRRQAUUUUAFFFFABRRRQAUUUUAFFFFABXyx8YP8AkqOs/wDbD/0RHX1PXyx8YP8AkqOs/wDbD/0RHQBwh6VG1SHpUbUARNUDVO1QNQBE1RmpGqM0AMpKWkoAKKKKACiiigAr7f8AAn/JPPDX/YKtf/RS18QV9v8AgT/knnhr/sFWv/opaAOgooooAKKKKACiiigAooooAKKKKACiiigAooooAKKKKACiiigAooooAKKKKACiiigAooooAKKKKACiiigAooooAKKKKACiiigAooooAKKKKACiiigAooooAKKKKACiiigAooooAKKKKACiiigAooooAKKKKACiiigAooooAKKKKACiiigAooooAKKKKACiiigAooooAKKKKACiiigAooooAKKKKACiiigAooooAKKKKACiiigAooooAKKKKACiiigAooooAKKKKACiiigAooooAKKKKACiiigAooooAKKKKACiiigAooooAKKKKACiiigAooooAK+WPjB/yVHWf+2H/oiOvqevlj4wf8lS1n/th/6IjoA4Q9KjapD0qNqAImqBqnaoGoAiaozUjVGaAGUlLSUAFFFFABRRRQAV9v8AgT/knnhr/sFWv/opa+IK+3/An/JPPDX/AGCrX/0UtAHQUUUUAFFFFABRRRQAUUUUAFFFFABRRRQAUUUUAFFFFABRRRQAUUUUAFFFFABRRRQAUUUUAFFFFABRRRQAUUUUAFFFFABRRRQAUUUUAFFFFABRRRQAUUUUAFFFFABRRRQAUUUUAFFFFABRRRQAUUUUAFFFFABRRRQAUUUUAFFFFABRRRQAUUUUAFFFFABRRRQAUUUUAFFFFABRRRQAUUUUAFFFFABRRRQAUUUUAFFFFABRRRQAUUUUAFFFFABRRRQAUUUUAFFFFABRRRQAUUUUAFFFFABRRRQAUUUUAFFFFABRRRQAUUUUAFFFFABRRRQAUUUUAFfK/wAYP+Spaz/2w/8AREdfVFfK/wAYP+Spaz/2w/8AREdAHCGmNTz0pjUARNUDVO1QNQBE1RmpGqM0AMpKWkoAKKKKACiiigAr7f8AAn/JPPDX/YKtf/RS18QV9v8AgT/knnhr/sFWv/opaAOgooooAKKKKACiiigAooooAKKKKACiiigAooooAKKKKACiiigAooooAKKKKACiiigAooooAKKKKACiiigAooooAKKKKACiiigAooooAKKKKACiiigAooooAKKKKACiiigAooooAKKKKACiiigAooooAKKKKACiiigAooooAKKKKACiiigAooooAKKKKACiiigAooooAKKKKACiiigAooooAKKKKACiiigAooooAKKKKACiiigAooooAKKKKACiiigAooooAKKKKACiiigAooooAKKKKACiiigAooooAKKKKACiiigAooooAKKKKACiiigAooooAK+V/jB/yVLWf+2H/oiOvqivlf4wf8lS1n/th/6IjoA4Q9KY1PPSmNQBE1QNU7VA1AETVGakaozQAykpaSgAooooAKKKKACvt/wJ/wAk88Nf9gq1/wDRS18QV9v+BP8Aknnhr/sFWv8A6KWgDoKKKKACiiigAooooAKKKKACiiigAooooAKKKKACiiigAooooAKKKKACiiigAooooAKKKKACiiigAooooAKKKKACiiigAooooAKKKKACiiigAooooAKKKKACiiigAooooAKKKKACiiigAooooAKKKKACiiigAooooAKKKKACiiigAooooAKKKKACiiigAooooAKKKKACiiigAooooAKKKKACiiigAooooAKKKKACiiigAooooAKKKKACiiigAooooAKKKKACiiigAooooAKKKKACiiigAooooAKKKKACiiigAooooAKKKKACiiigAooooAKKKKACvlf4wf8AJUtZ/wC2H/oiOvqivlf4wf8AJUtZ/wC2H/oiOgDhD0pjU89KY1AETVA1TtUDUARNUZqRqjNADKSlpKACiiigAooooAK+3/An/JPPDX/YKtf/AEUtfEFfb/gT/knnhr/sFWv/AKKWgDoKKKKACiiigAooooAKKKKACiiigAooooAKKKKACiiigAooooAKKKKACiiigAooooAKKKKACiiigAooooAKKKKACiiigAooooAKKKKACiiigAooooAKKKKACiiigAooooAKKKKACiiigAooooAKKKKACiiigAooooAKKKKACiiigAooooAKKKKACiiigAooooAKKKKACiiigAooooAKKKKACiiigAooooAKKKKACiiigAooooAKKKKACiiigAooooAKKKKACiiigAooooAKKKKACiiigAooooAKKKKACiiigAooooAKKKKACiiigAooooAKKKKACvlf4wf8lS1n/th/6Ijr6or5X+MH/JUtZ/7Yf+iI6AOEPSmNTz0pjUARNUDVO1QNQBE1RmpGqM0AMpKWkoAKKKKACiiigAr7f8Cf8k88Nf8AYKtf/RS18QV9v+BP+SeeGv8AsFWv/opaAOgooooAKKKKACiiigAooooAKKKKACiiigAooooAKKKKACiiigAooooAKKKKACiiigAooooAKKKKACiiigAooooAKKKKACiiigAooooAKKKKACiiigAooooAKKKKACiiigAooooAKKKKACiiigAooooAKKKKACiiigAooooAKKKKACiiigAooooAKKKKACiiigAooooAKKKKACiiigAooooAKKKKACiiigAooooAKKKKACiiigAooooAKKKKACiiigAooooAKKKKACiiigAooooAKKKKACiiigAooooAKKKKACiiigAooooAKKKKACiiigAooooAK+V/jB/yVLWf+2H/AKIjr6or5X+MH/JUtZ/7Yf8AoiOgDhD0pjU89KY1AETVA1TtUDUARNUZqRqjNADKSlpKACiiigAooooAK+3/AAJ/yTzw1/2CrX/0UtfEFfb/AIE/5J54a/7BVr/6KWgDoKKKKACiiigAooooAKKKKACiiigAooooAKKKKACiiigAooooAKKKKACiiigAooooAKKKKACiiigAooooAKKKKACiiigAooooAKKKKACiiigAooooAKKKKACiiigAooooAKKKKACiiigAooooAKKKKACiiigAooooAKKKKACiiigAooooAKKKKACiiigAooooAKKKKACiiigAooooAKKKKACiiigAooooAKKKKACiiigAooooAKKKKACiiigAooooAKKKKACiiigAooooAKKKKACiiigAooooAKKKKACiiigAooooAKKKKACiiigAooooAKKKKACvlf4wf8lS1n/th/6Ijr6or5X+MH/JUtZ/7Yf+iI6AOEPSmNTz0pjUARNUDVO1QNQBE1RmpGqM0AMpKWkoAKKKKACiiigAr7f8Cf8AJPPDX/YKtf8A0UtfEFfb/gT/AJJ54a/7BVr/AOiloA6CiiigAooooAKKKKACiiigAooooAKKKKACiiigAooooAKKKKACiiigAooooAKKKKACiiigAooooAKKKKACiiigAooooAKKKKACiiigAooooAKKKKACiiigAooooAKKKKACiiigAooooAKKKKACiiigAooooAKKKKACiiigAooooAKKKKACiiigAooooAKKKKACiiigAooooAKKKKACiiigAooooAKKKKACiiigAooooAKKKKACiiigAooooAKKKKACiiigAooooAKKKKACiiigAooooAKKKKACiiigAooooAKKKKACiiigAooooAKKKKACiiigAr5X+MH/ACVLWf8Ath/6Ijr6or5X+MH/ACVLWf8Ath/6IjoA4Q9KY1PNMagCJqgap2qButAETVGae1RmgBtJS0lABRRRQAUUUUAFfb/gT/knnhr/ALBVr/6KWviCvt/wJ/yTzw1/2CrX/wBFLQB0FFFFABRRRQAUUUUAFFFFABRRRQAUUUUAFFFFABRRRQAUUUUAFFFFABRRRQAUUUUAFFFFABRRRQAUUUUAFFFFABRRRQAUUUUAFFFFABRRRQAUUUUAFFFFABRRRQAUUUUAFFFFABRRRQAUUUUAFFFFABRRRQAUUUUAFFFFABRRRQAUUUUAFFFFABRRRQAUUUUAFFFFABRRRQAUUUUAFFFFABRRRQAUUUUAFFFFABRRRQAUUUUAFFFFABRRRQAUUUUAFFFFABRRRQAUUUUAFFFFABRRRQAUUUUAFFFFABRRRQAUUUUAFFFFABRRRQAUUUUAFFFFABXyt8Yf+Sp6z/2w/wDREdfVNfKvxhP/ABdPWf8Ath/6IjoA4Y1G1PJqM0ARtULVMxqBqAImqM1I1RmgBtJS0lABRRRQAUUUUAFfb/gT/knnhr/sFWv/AKKWviCvt/wJ/wAk88Nf9gq1/wDRS0AdBRRRQAUUUUAFFFFABRRRQAUUUUAFFFFABRRRQAUUUUAFFFFABRRRQAUUUUAFFFFABRRRQAUUUUAFFFFABRRRQAUUUUAFFFFABRRRQAUUUUAFFFFABRRRQAUUUUAFFFFABRRRQAUUUUAFFFFABRRRQAUUUUAFFFFABRRRQAUUUUAFFFFABRRRQAUUUUAFFFFABRRRQAUUUUAFFFFABRRRQAUUUUAFFFFABRRRQAUUUUAFFFFABRRRQAUUUUAFFFFABRRRQAUUUUAFFFFABRRRQAUUUUAFFFFABRRRQAUUUUAFFFFABRRRQAUUUUAFFFFABRRRQAV8p/GI/wDF1Na/7Yf+iI6+rK+UfjIf+Lra1/2w/wDREdAHDE0wmgtTCaAEY1C1SMaiY0ARtTDTjTDQAlJSmkoAKKKKACiiigAr7D8F+NPCtr4F8PW9x4l0aGeLTLZJI5L+JWRhEoIILZBB4xXx5RQB9v8A/Cd+EP8Aoa9D/wDBjF/8VR/wnXhD/oatD/8ABjF/8VXxDSg0Afb3/CdeEP8AoatD/wDBhF/8VR/wnPhH/oadE/8ABhF/8VXxGDTwaAPtr/hOPCX/AENOif8Agwi/+Ko/4Tjwl/0NOif+DCL/AOKr4nDUu6gD7X/4Tjwl/wBDRon/AIMIv/iqP+E38Jf9DRon/gwi/wDiq+Kd1G6gD7W/4Tfwl/0NGif+DCL/AOKo/wCE38Jf9DRon/gwi/8Aiq+Kt1G6gD7V/wCE38Jf9DRon/gwi/8AiqP+E38Jf9DRon/gwi/+Kr4q3UbqAPtX/hN/CX/Q0aJ/4MIv/iqP+E38Jf8AQ0aJ/wCDCL/4qvirdRuoA+1f+E38Jf8AQ0aJ/wCDCL/4qj/hN/CX/Q0aJ/4MIv8A4qvirdRuoA+1f+E38Jf9DRon/gwi/wDiqP8AhN/CX/Q0aJ/4MIv/AIqvirdRuoA+1f8AhN/CX/Q0aJ/4MIv/AIqj/hN/CX/Q0aJ/4MIv/iq+Kt1G6gD7V/4Tfwl/0NGif+DCL/4qj/hN/CX/AENGif8Agwi/+Kr4q3UbqAPtX/hN/CX/AENGif8Agwi/+Ko/4Tfwl/0NGif+DCL/AOKr4q3UbqAPtX/hN/CX/Q0aJ/4MIv8A4qj/AITfwl/0NGif+DCL/wCKr4q3UbqAPtX/AITfwl/0NGif+DCL/wCKo/4Tfwl/0NGif+DCL/4qvirdRuoA+1f+E38Jf9DRon/gwi/+Ko/4Tfwl/wBDRon/AIMIv/iq+Kt1G6gD7V/4Tfwl/wBDRon/AIMIv/iqP+E38Jf9DRon/gwi/wDiq+Kt1G6gD7V/4Tfwl/0NGif+DCL/AOKo/wCE38Jf9DRon/gwi/8Aiq+Kt1G6gD7V/wCE38Jf9DRon/gwi/8AiqP+E38Jf9DRon/gwi/+Kr4q3UbqAPtX/hN/CX/Q0aJ/4MIv/iqP+E38Jf8AQ0aJ/wCDCL/4qvirdRuoA+1f+E38Jf8AQ0aJ/wCDCL/4qj/hN/CX/Q0aJ/4MIv8A4qvirdRuoA+1f+E38Jf9DRon/gwi/wDiqP8AhN/CX/Q0aJ/4MIv/AIqvirdRuoA+1f8AhN/CX/Q0aJ/4MIv/AIqj/hN/CX/Q0aJ/4MIv/iq+Kt1G6gD7V/4Tfwl/0NGif+DCL/4qj/hN/CX/AENGif8Agwi/+Kr4q3UbqAPtX/hN/CX/AENGif8Agwi/+Ko/4Tfwl/0NGif+DCL/AOKr4q3UbqAPtX/hN/CX/Q0aJ/4MIv8A4qj/AITfwl/0NGif+DCL/wCKr4q3UbqAPtX/AITfwl/0NGif+DCL/wCKo/4Tfwl/0NGif+DCL/4qvirdRuoA+1f+E38Jf9DRon/gwi/+Ko/4Tfwl/wBDRon/AIMIv/iq+Kt1G6gD7V/4Tfwl/wBDRon/AIMIv/iqP+E38Jf9DRon/gwi/wDiq+Kt1G6gD7V/4Tfwl/0NGif+DCL/AOKo/wCE38Jf9DRon/gwi/8Aiq+Kt1G6gD7V/wCE38Jf9DRon/gwi/8AiqP+E38Jf9DRon/gwi/+Kr4q3UbqAPtX/hN/CX/Q0aJ/4MIv/iqP+E38Jf8AQ0aJ/wCDCL/4qvirdRuoA+1f+E38Jf8AQ0aJ/wCDCL/4qj/hN/CX/Q0aJ/4MIv8A4qvirdRuoA+1f+E38Jf9DRon/gwi/wDiqP8AhN/CX/Q0aJ/4MIv/AIqvirdRuoA+1f8AhN/CX/Q0aJ/4MIv/AIqj/hN/CX/Q0aJ/4MIv/iq+Kt1G6gD7V/4Tfwl/0NGif+DCL/4qj/hN/CX/AENGif8Agwi/+Kr4q3UbqAPtX/hN/CX/AENGif8Agwi/+Ko/4Tfwl/0NGif+DCL/AOKr4q3UbqAPtX/hN/CX/Q0aJ/4MIv8A4qj/AITfwl/0NGif+DCL/wCKr4q3UbqAPtX/AITfwl/0NGif+DCL/wCKo/4Tfwl/0NGif+DCL/4qvirdRuoA+1f+E38Jf9DRon/gwi/+Ko/4Tfwl/wBDRon/AIMIv/iq+Kt1G6gD7V/4Tfwl/wBDRon/AIMIv/iqP+E38Jf9DRon/gwi/wDiq+Kt1G6gD7V/4Tfwl/0NGif+DCL/AOKo/wCE38Jf9DRon/gwi/8Aiq+Kt1G6gD7V/wCE38Jf9DRon/gwi/8AiqP+E38Jf9DRon/gwi/+Kr4q3UbqAPtX/hN/CX/Q0aJ/4MIv/iqP+E38Jf8AQ0aJ/wCDCL/4qvirdRuoA+1f+E38Jf8AQ0aJ/wCDCL/4qj/hN/CX/Q0aJ/4MIv8A4qvirdRuoA+1f+E38Jf9DRon/gwi/wDiqP8AhN/CX/Q0aJ/4MIv/AIqvirdRuoA+1f8AhN/CX/Q0aJ/4MIv/AIqj/hN/CX/Q0aJ/4MIv/iq+Kt1G6gD7V/4Tfwl/0NGif+DCL/4qj/hN/CX/AENGif8Agwi/+Kr4q3UbqAPtX/hN/CX/AENGif8Agwi/+Ko/4Tfwl/0NGif+DCL/AOKr4q3UbqAPtX/hN/CX/Q0aJ/4MIv8A4qj/AITfwl/0NGif+DCL/wCKr4q3UbqAPtX/AITfwl/0NGif+DCL/wCKo/4Tfwl/0NGif+DCL/4qvirdRuoA+1f+E38Jf9DRon/gwi/+Ko/4Tfwl/wBDRon/AIMIv/iq+Kt1G6gD7V/4Tfwl/wBDRon/AIMIv/iqP+E38Jf9DRon/gwi/wDiq+Kt1G6gD7V/4Tfwl/0NGif+DCL/AOKo/wCE38Jf9DRon/gwi/8Aiq+Kt1G6gD7V/wCE38Jf9DRon/gwi/8AiqP+E38Jf9DRon/gwi/+Kr4q3UbqAPtX/hN/CX/Q0aJ/4MIv/iqP+E38Jf8AQ0aJ/wCDCL/4qvirdRuoA+1f+E38Jf8AQ0aJ/wCDCL/4qj/hN/CX/Q0aJ/4MIv8A4qvirdRuoA+1f+E38Jf9DRon/gwi/wDiqP8AhN/CX/Q0aJ/4MIv/AIqvirdRuoA+1f8AhN/CX/Q0aJ/4MIv/AIqj/hN/CX/Q0aJ/4MIv/iq+Kt1G6gD7V/4Tfwl/0NGif+DCL/4qj/hN/CX/AENGif8Agwi/+Kr4q3UbqAPtX/hN/CX/AENGif8Agwi/+Ko/4Tfwl/0NGif+DCL/AOKr4q3UbqAPtX/hN/CX/Q0aJ/4MIv8A4qj/AITfwl/0NGif+DCL/wCKr4q3UbqAPtX/AITfwl/0NGif+DCL/wCKr5j+LOoWmo/E3V7uxuoLq2k8nZNBIHRsQoDhhweQR+FcLuo3UASlqaWqPdSFqAHE1GxoJphNAATTTQTSUAJRRRQAUUUUAFFFFABRRRQAUtJRQA4GlBptFAEmaXNR5ozQBJuo3UzNGaAH7qN1MzRmgB+6jdTM0ZoAfuo3UzNGaAH7qN1MzRmgB+6jdTM0ZoAfuo3UzNGaAH7qN1MzRmgB+6jdTM0ZoAfuo3UzNGaAH7qN1MzRmgB+6jdTM0ZoAfuo3UzNGaAH7qN1MzRmgB+6jdTM0ZoAfuo3UzNGaAH7qN1MzRmgB+6jdTM0ZoAfuo3UzNGaAH7qN1MzRmgB+6jdTM0ZoAfuo3UzNGaAH7qN1MzRmgB+6jdTM0ZoAfuo3UzNGaAH7qN1MzRmgB+6jdTM0ZoAfuo3UzNGaAH7qN1MzRmgB+6jdTM0ZoAfuo3UzNGaAH7qN1MzRmgB+6jdTM0ZoAfuo3UzNGaAH7qN1MzRmgB+6jdTM0ZoAfuo3UzNGaAH7qN1MzRmgB+6jdTM0ZoAfuo3UzNGaAH7qN1MzRmgB+6jdTM0ZoAfuo3UzNGaAH7qN1MzRmgB+6jdTM0ZoAfuo3UzNGaAH7qN1MzRmgB+6jdTM0ZoAfuo3UzNGaAH7qN1MzRmgB+6jdTM0ZoAfuo3UzNGaAH7qN1MzRmgB+6jdTM0ZoAfuo3UzNGaAH7qN1MzRmgB+6jdTM0ZoAfuo3UzNGaAH7qM0zNGaAH5pM0zNGaAHE00mkzRQAUlFFABRRRQAUUUUAFFFFABRRRQAUUUUAFFFFABmlzSUUALmjNJRQAtFJRQAtFJRQAtFJRQAtFJRQAtFJRQAtFJRQAtFJRQAtFJRQAtFJRQAtFJRQAtFJRQAtFJRQAtFJRQAtFJRQAtFJRQAtFJRQAtFJRQAtFJRQAtFJRQAtFJRQAtFJRQAtFJRQAtFJRQAtFJRQAtFJRQAtFJRQAtFJRQAtFJRQAtFJRQAtFJRQAtFJRQAtFJRQAtFJRQAtFJRQAtFJRQAtFJRQAtFJRQAtFJRQAtFJRQAtFJRQAtFJRQAtFJRQAtFJRQAtFJRQAtFJRQAtFJRQAtFJRQAtFJRQAtFJRQAtFJRQAtFJRQAtFJRQAtFJRQAtFJRQAtFJRQAtFJRQAtFJRQAuaM0lFAC5pM0UUAFFFFABRRRQAUUUUAFFFFABRRRQAUUUUAFFFFABRRRQAUUUUAFFFFABRRRQAUUUUAFFFFABRRRQAUUUUAFFFFABRRRQAUUUUAFFFFABRRRQAUUUUAFFFFABRRRQAUUUUAFFFFABRRRQAUUUUAFFFFABRRRQAUUUUAFFFFABRRRQAUUUUAFFFFABRRRQAUUUUAFFFFABRRRQAUUUUAFFFFABRRRQAUUUUAFFFFABRRRQAUUUUAFFFFABRRRQAUUUUAFFFFABRRRQAUUUUAFFFFABRRRQAUUUUAFFFFABRRRQAUUUUAFFFFABRRRQAUUUUAFFFFABRRRQAUUUUAFFFFABRRRQAUUUUAFFFFABRRRQAUUUUAFFFFABRRRQAUUUUAFFFFAH//2Q0KZW5kc3RyZWFtDWVuZG9iag0xNTUgMCBvYmoNPDwvQml0c1BlckNvbXBvbmVudCA4IC9Db2xvclNwYWNlIC9EZXZpY2VHcmF5IC9GaWx0ZXIgL0ZsYXRlRGVjb2RlIC9IZWlnaHQgNDIyIC9MZW5ndGggNDA3NyAvTWF0dGUgWzAgMCAwXSAvU3VidHlwZSAvSW1hZ2UgL1R5cGUgL1hPYmplY3QgL1dpZHRoIDEyODQ+Pg0Kc3RyZWFtDQp4nO3d2XrTyBaAUWbCGIZmaIZA09DQTCHh/Z/tHKukkqpkJTSxHTvaa93D5+Ti//aukpxLlwAAAAAAAAAAAAAAAAAAAAAAAAAAAAAAAIA5ugxwLrZdu8q2fxlAXPIHhKd/QHS7WcArACvbvQoKHrBVW62g+AG7YRsV1D9gl5xvBX/Vv6sAG/WrDm6ngNv+rQDRbKGC0wU85TNeA1jZfwvhxiM4VUDJA87fCR3cbAWXC6h+wBZNZHCDEVxK4HT+rgNs1HQINx3BEwoofsB2LGVwXMFNJrAOYPmxbgBs1FQIywpuIoJTCRz1b/mD3gRYk1NSWFRwUxGc2oOLAsoecJ7GIRxH8MqaI3jSEFgGsPx8ewAbMVHCyQquNYInJHAI4MntuwWwspNbOGRwcxFcTmBVwFH+tv27AuZuFMKlCq45gicmsA/gOH63ATZknMI+gxuL4CkJ7AO4FL87AGu3lMI+g6dEcAMJHIbAPoDL7bsLsEbLLewzWI2C641gtQlXCWwL2Pdvqnz3ANZiqoZ9B/sKjiK4hm34tAQWBSzqV3/u+wArm+xhzmBfwU1E8FcJLAM4lb19gJVNBbHO4OkR3EwC0wzYBbCoX/XJHwCsbCKIuYNtBtMouIEIFg0sE3izTWAqYBfAoX7F534IsBZLQcwdbDPYjoLpULCO4GoN/HUC2wJ2/RuH7xHAmoxz2HUwV3AzEaw34TqBfQHbAA71y5/4McAa1TXsOpgymCs4jmCxDa9hDGwfjc63IW0CmwK2Aezr137YPwDWrohh18GUwaaCXQT32gheGyK4wiA4sQm3U2C3B/cF7Po3xO9J6SnAmVU5GVLYdXCoYLcP3+wjWG/DKyXwypDAGzmBeQhsCtj2r49f/9mfAaxFncQuhCmDTQW7UbCL4I0hgittw+NN+HrehLsEDgVMAezr137i5wBrVdSwDWHKYF/BNoJ5G74+3oZ/O4H/A9gpf/7Zt7DtYJPBroJTEVxtENz2TwtQe/HixZ+NLoRNBvsKpgjeuXP71q3iXmSlQXDbPy1A7WXjRVvClMG+gnUE+yPB6lpEA4GL7fWrha6DKYNdBXMEm9vhYhseDYIaCFxsB68bfQf7Ci5GwS6CzZFguQ2v0MDL2/5pAWpv3hws9B3sKpgjOGzDaxkENRDYMW/fvn2TO5grmEbBdh0eDYLXVxsENRDYMX/99VebwTdpGsyjYJoEUwP3q2uR4lZEA4GL7927d30G21lwUcEqgsUgWC3Dv9/AyxoI7Ji//35XZDBVMEewHASrq+GzLsMaCOya9+//zhlsKthH8PkQwX4QLG5FNBCYhQ/v3+cMNhVcjII5gkUD+0FwtWVYA4Fd88+HDx9yBZuNuIvgizqCkw28ooHARffPQspgV8E+gqMGjm+GNRCYg48fPw4V7CP4qo/gsAxrIDA/nz7mCrajYBPBg4OJQbBchs/WwMsaCOyaTwupgu0ouJgEm9vhvA3Xy3D3qshZL0U0ENg5//7771DBLoJpG+4GQQ0E5uxzHcG8DTcnguWBYPmEoAYCs/H5c1/BPoJpG06DYHUguHQpooHARfflc6pgjmDehg+WDwSbSxENBObly5cveRRsIzgMgulA8LSLYQ0ELrqvX1IFcwSbbTifCL58MXEpooHAnHz9+rWPYDEIdsvw6FKkfFvu9x8Q1EBg53wbIlgMgm/fHhwMlyL1xbAGAvPxrY5gGgTzrUh/KbK/X7wt132fvgYCM/CtimAzCL5///e4gdXDMRoIzMf3HME8CHbLcH8p8quHYzQQuMC+1xHsl2ENBCL43kWw2YbzMtzdDHcXw794QFADgQvsMEUwD4L1MqyBwNwdDoNguQwXDfzj9IekNRC4wA7LCPbLcN/A9ICgBgJzdXiYt+F2GS4b+EoDgZk7LAbBfCDYPCHYPhxTviiigcD8/EgRLJfhroFvNRCYvx/VMlxeirQNfJYbeO+uBgKz0zTwsDoQ7C+GNRCYvR8/xg38uNzAhw80EJilH00E8zKsgUAwpzTwIL0wrIHAjC018JMGAnH8qA8ENRAIRQOByDQQiEwDgciOzq2BlzUQ2DnHxcXw8MJw0cCnE39U6Ux/XFMDgd1zfKSBQFzHR0caCIS1aOCRBgJRaSAQWdPAHxoIBJUa+EMDgZg0EIisbeChBgIhdQ081EAgIg0EIvvZNfBQA4GANBCI7OexBgJx/Tw+7r4+SwOBeDQQiGxo4HcNBMJZNPBYA4GoNBCITAOByDQQiEwDgciKBn7TQCCapoFHGggEpYFAZBoIRKaBQGQaCESmgUBkGghEpoFAZEUDvScChKOBQGTeFwYi00AgMg0EItNAIDINBCLTQCAyDQQi00AgsqGB3zQQCOdn85qIBgJBaSAQmQYCkWkgEFnfwG8aCMTz8/hIA4GwNBCITAOByDQQiEwDgch+HmkgEFdu4HcNBAI61kAgsK6B3zUQiEgDgcjaBn7XQCCk1MBDDQRi0kAgsqaBhxoIBKWBQGTNq3IaCETVfoOqBgIxaSAQ2fEPDQTiOtJAIDANBCLTQCAyDQQi00AgMg0EItNAIDINBCLTQCAyDQQi00AgMg0EItNAIDINBCLTQCAyDQQi00AgMg0EItNAIDINBCLTQCAyDQQi00AgMg0EItNAIDINBCLTQCAyDQQi00AgMg0EItNAIDINBCLTQCAyDQQi00AgMg0EItNAILJjDQQC00AgMg0EItNAIDINBCLTQCCy4yMNBOLSQCAyDQQi00AgsuOjIw0EwtJAIDINBCLTQCAyDQQi00AgMg0EItNAIDINBCLznggQmQYCkWkgEJkGApH5HmkgMg0EItNAIDINBCLTQCAyDQQiO9JAIDANBCLTQCAyDQQi00AgMg0EItNAIDINBCLTQCAyDQQi00AgMg0EItNAIDINBCLTQCAyDQQi00AgMg0EItNAIDINBCLTQCAyDQQi00AgMg0EItNAIDINBCLTQCAyDQQi00AgMg0EItNAIDINBCLTQCAyDQQi00AgMg0EItNAIDINBCLTQCAyDQQi00AgMg0EItNAIDINBCLTQCAyDQQi00AgMg0EItNAIDINBCLTQCAyDQQi00AgMg0EItNAIDINBCLTQCAyDQQi00AgMg0EItNAIDINBCLTQCAyDQQi00AgMg0EItNAIDINBCLTQCAyDQQi00AgMg0EItNAIDINBCLTQCAyDQQi00AgMg0EItNAIDINBCLTQCAyDQQi00AgMg0EItNAILLza+AlDQR2TkrgYUpgauCncQOfpAbev5cauLd380Zq4NXUwN9KoAYCu0cDgcg0EIhMA4HINBCIrLgW/vrlswYCsSw18KMGAnGc0sDXr17+qYHArNXHgRoIxNIksG7gP8sNbF4T0UBghtoxsL8WLhp4oIHA7OVVuGjgh/eLBr7tGvg0N/DuHQ0EZiePgdWjMU0D32ggMH/VKlw/GvP61Yu2gQ81EJipYgxsV+GigS81EJi5MoHVlUjbwGeLBj7SQGCu8ibcrcLNceCogcNXqGogMDfDGFiswv2rchoIzFuXwNEq/O6vdC08+ir92+mr9DUQmI86gdUqrIHA7OUEdmNg93Rg/2hM97pw/SeVrp/pTyppILB7qgQOq3DdwP39exoIzFGdwH4VfnuQrkSK10RW/tOaGgjsniGBaRMeboVfv6ofD6y+MkEDgXloCtglcBgDiyuR4dGY6UekNRC4yFIB+wTmMbA/DhxdC2sgMC9NAdNZYJfA4Ubk5fhaePLRGA0ELrI8BLYJLMfA/kqkfjRGA4EZ6Qs4JLAdA9OXSNdXIl0Dr2kgMBd1ArtNuF+Fl65E+kdjNBCYg09DAXMCmzFw+Thw9QZe0kBg1zQBXBSwHQLzJjyMgaddC//m44EaCOyeXMCUwHcpge1p4IvyOHDySkQDgQvvn6GAQwInxkANBOaoDWAu4JDA01ZhDQTmoglgW8BmCMwJHI2B0w383SsRDQR2Tg5gKmC6DukSWI2B9XFg8Y0JGghcaDmAqYBDAosxsFiFl48Df6uBlzQQ2DFFANsC9glcGgNXXYU1ENg5fQBTAdMQWCdw8lZYA4F5yBNgOwO2CXz+/FnahMdjYP89+mdchTUQ2DW5f0MB03XIIoHdJly+J7f0ZMxvNvDStn9agFrKX9u/voB9Asdj4Go3IhoI7Jwmf13/FgHMBWwX4frZwDWMgRoI7JiXXf/aAOYC9gmsLkTKGxENBOagrV/q3yKAQwFHCZweAzUQuODa+jX5W/RvEcChgG0Cq014OA08YwMvtf+s+Q8W/9GiqIv/88aNmzf39m7dvn3n7t179+/v7z948PDho0ePHz/+44/F53nytPEseQ6wVm1bUmaedAHMBZxM4GpjYNnAPoI3UgRvdREsKthmsA1hW8KhhgCr6rPypM1fF8ChgF0Ci8PAVcfA0SCYI3gzR/BOF8FUwSaDTQdTCLsUZk8BzqzKSVuYx23/FgFMBWwTeCcnsDgMXGkMzA0stuFreRveayM4VLDJYOpgCmFOIcA6tX151PVvEcC+gG0C94r7kHoTPlMDp7bhbhLMEUwV7DKYOtiVsI8hwHrktrSleZADmAqYE3hz6TBwhTFwPAiOIjhUsMtg6mAuYVlDgFUNZWlLs58D2BdwKYErj4H/JYJdBZsMpg7mEo5yCLCKIixtae63AWwLuKkElg2sItg+ItNVMGcwdTCXcH8piABnVGWlLc29IYCpgN1DMaMErtrA0yOYRsE+g20HcwnvTwQR4EyqrHSpudsHsB0CN5LA3MCTI1hncCjhVBABzqTuShebIYC/SuAKDTw1gmUFUwaHEk71EOCsqrR0ubldFXAzCay34TqCXQVTBtsO9iVcqiHAioq8dMG51QWwK+A4gatvwidGcBgFUwXbDPYhrFsIsCZDY7ro7HUFHIbAtSew3oZHEUwVbDOYO1ilEGC9htLs9QEshsDlBK7cwJMjmCrYZrDrYJVCgE3oc3OzD2BTwE0lcCqCdQW7DBYhVERgjZbbkqtzY6mA60/giRFMFewy2HdwuoUA61CW5sYQwFTAjSVwHMFxBXMGRyUE2IyhOdcnC7juBA4RXBoFuwpWIRREYN2WC9PH59pJQ+D6Ejgdwa6CRQcnUwiwTmVxcoWubjiBSxHsKthnsA4hwKYN9bl6dWoPXm8CiwiOKlhkUAqBzaubc/WEAq47gRMR7Cu4FEKAzSsSdGXzCSwj2FewzKASAuekLs+V5QJuIoEnVHDcQVEE1uyUyBQp2ngB6wiWFTw9hAAbUDfo8nkk8NQKaiFwHqbKc14FHFdwuoMA56du0qYLuFxBHQS2ZVyj8yjgVAWlEDhXkxE6rwKeWEFZBDbgv/XmPAv43ysIcB7Ou4A6COyK7fRPCIGt23L+atv+ZQBRbLt2AAAAAAAAAAAAAAAAAAAAAAAAAAAAAAAAwCb8H/CRFKENCmVuZHN0cmVhbQ1lbmRvYmoNMTU0IDAgb2JqDTw8L0JpdHNQZXJDb21wb25lbnQgOCAvQ29sb3JTcGFjZSAvRGV2aWNlUkdCIC9GaWx0ZXIgL0RDVERlY29kZSAvSGVpZ2h0IDQyMiAvTGVuZ3RoIDE2NzUzIC9TTWFzayAxNTUgMCBSIC9TdWJ0eXBlIC9JbWFnZSAvVHlwZSAvWE9iamVjdCAvV2lkdGggMTI4ND4+DQpzdHJlYW0NCv/Y/+AAEEpGSUYAAQEAAAEAAQAA/9sAQwAIBgYHBgUIBwcHCQkICgwUDQwLCwwZEhMPFB0aHx4dGhwcICQuJyAiLCMcHCg3KSwwMTQ0NB8nOT04MjwuMzQy/9sAQwEJCQkMCwwYDQ0YMiEcITIyMjIyMjIyMjIyMjIyMjIyMjIyMjIyMjIyMjIyMjIyMjIyMjIyMjIyMjIyMjIyMjIy/8AAEQgBpgUEAwEiAAIRAQMRAf/EAB8AAAEFAQEBAQEBAAAAAAAAAAABAgMEBQYHCAkKC//EALUQAAIBAwMCBAMFBQQEAAABfQECAwAEEQUSITFBBhNRYQcicRQygZGhCCNCscEVUtHwJDNicoIJChYXGBkaJSYnKCkqNDU2Nzg5OkNERUZHSElKU1RVVldYWVpjZGVmZ2hpanN0dXZ3eHl6g4SFhoeIiYqSk5SVlpeYmZqio6Slpqeoqaqys7S1tre4ubrCw8TFxsfIycrS09TV1tfY2drh4uPk5ebn6Onq8fLz9PX29/j5+v/EAB8BAAMBAQEBAQEBAQEAAAAAAAABAgMEBQYHCAkKC//EALURAAIBAgQEAwQHBQQEAAECdwABAgMRBAUhMQYSQVEHYXETIjKBCBRCkaGxwQkjM1LwFWJy0QoWJDThJfEXGBkaJicoKSo1Njc4OTpDREVGR0hJSlNUVVZXWFlaY2RlZmdoaWpzdHV2d3h5eoKDhIWGh4iJipKTlJWWl5iZmqKjpKWmp6ipqrKztLW2t7i5usLDxMXGx8jJytLT1NXW19jZ2uLj5OXm5+jp6vLz9PX29/j5+v/aAAwDAQACEQMRAD8A+f6KKKACiiigAooooAKKKKACiiigAooooAKKKKACiiigAooooAKKKKACiiigAooooAKKKKACiiigAooooAKKKKACiiigAooooAKKKKACiiigAooooAKKKKACiiigAooooAKKKKACiiigAooooAKKKKACiiigAooooAKKKKACiiigAooooAKKKKACiiigAooooAKKKKACiiigAooooAKKKKACiiigAooooAKKKKACiiigAooooAKKKKACiiigAooooAKKKKACiiigAooooAKKKKACiiigAooooAKKKKACiiigAooooAKKKKACiiigAooooAKKKKACiiigAooooAKKKKACiiigAooooAKKKKACiiigAooooAKKKKACiiigAooooAKKKKACiiigAooooAKKKKACiiigAooooAKKKKACiiigAooooAKKKKACiiigAooooAKKKMUAFFLiigBKKWigBKKWigBKKWigBKKWigBKKWigBKKWigBKKWigBKKWigBKKWigBKKWigBKKWigBKKWigBKKWigBKKWigBKKWigBKKWigBKKWigBKKWigBKKWigBKKWigBKKWigBKKWigBKKWigBKKWigBKKWigBKKWigBKKWigBKKWigBKKWigBKKWigBKKWigBKKWigBKKWigBKKWigBKKWigBKKWigBKKWigBKKWigBKKWigBKKWigBKKWigBKKWigBKKWigBKKWigBKKWigBKKWigBKKWigBKKWigBKKWigBKKWigBKKWigBKKWigBKKWigBKKWigBKKWigBKKWigBKKWigBKKWigBKKWigBKKWigBKKWigBKKWigBKKWigBKKWigBKKWigBKKWigBKKWigBKKWigBKKWigBKKWigBKKWigBKKXFJQAUUUUAFFFFABRRRQAUUUUAFFFFABRRRQAUUUtABS4oApwFADcUuKfil20AR4pcU/bRtoAZijFSbaNtAEeKMVJto20AR4oxUm2jbQBHijFSbaNtAEeKMVJto20AR4oxUm2jbQBHijFSbaNtAEeKMVJto20AR4oxUm2jbQBHijFSbaNtAEeKMVJto20AR4oxUm2jbQBHijFSbaNtAEeKMVJto20AR4oxUm2jbQBHijFSbaNtAEeKMVJto20AR4oxUm2jbQBHijFSbaNtAEeKMVJto20AR4oxUm2jbQBHijFSbaNtAEeKMVJto20AR4oxUm2jbQBHijFSbaNtAEeKMVJto20AR4oxUm2jbQBHijFSbaNtAEeKMVJto20AR4oxUm2jbQBHijFSbaNtAEeKMVJto20AR4oxUm2jbQBHijFSbaNtAEeKMVJto20AR4oxUm2jbQBHijFSbaNtAEeKMVJto20AR4oxUm2jbQBHijFSbaNtAEeKMVJto20AR4oxUm2jbQBHijFSbaNtAEeKMVJto20AR4oxUm2jbQBHijFSbaNtAEeKMVJto20AR4oxUm2jbQBHijFSbaNtAEeKMVJto20AR4oxUm2jbQBHijFSbaNtAEeKMVJto20AR4oxUm2jbQBHijFSbaNtAEeKMVJto20AR4oxUm2jbQBHijFSbaNtAEeKMVJto20AR4oxUm2jbQBHijFSbaNtAEeKMVJto20AR4oxUm2jbQBHijFSbaNtAEeKMVJto20AR4oxUm2jbQBHijFSbaNtAEeKMVJto20AR4oxUm2k20AR4oxUm2k20AR4pMVJikIoAZSU4ikoASiiigAooooAKKKKACiiigArcg8F+Krq3iuLfw1rM0EqB45I7CVldSMgghcEEc5rDr7f8Cf8k88Nf8AYKtf/RS0AfIP/CCeL/8AoVNc/wDBdL/8TSjwJ4v/AOhV1z/wXS//ABNfbtFAHxIPAni//oVdc/8ABfL/APE04eBfF3/Qra3/AOC+X/4mvtmigD4oHgXxb/0K2t/+C+X/AOJp3/CC+Lf+hW1v/wAF8v8A8TX2rRQB8Vf8IL4t/wChW1v/AMF8v/xNL/wgvi3/AKFfW/8AwXy//E19qUUAfFf/AAgvi3/oV9b/APBfL/8AE0f8IL4t/wChX1v/AMF8v/xNfalFAHxX/wAIL4t/6FfW/wDwXy//ABNH/CC+Lf8AoV9b/wDBfL/8TX2pRQB8V/8ACC+Lf+hX1v8A8F8v/wATR/wgvi3/AKFfW/8AwXy//E19qUUAfFf/AAgvi3/oV9b/APBfL/8AE0f8IL4t/wChX1v/AMF8v/xNfalFAHxX/wAIL4t/6FfW/wDwXy//ABNH/CC+Lf8AoV9b/wDBfL/8TX2pRQB8V/8ACC+Lf+hX1v8A8F8v/wATR/wgvi3/AKFfW/8AwXy//E19qUUAfFf/AAgvi3/oV9b/APBfL/8AE0f8IL4t/wChX1v/AMF8v/xNfalFAHxX/wAIL4t/6FfW/wDwXy//ABNH/CC+Lf8AoV9b/wDBfL/8TX2pRQB8V/8ACC+Lf+hX1v8A8F8v/wATR/wgvi3/AKFfW/8AwXy//E19qUUAfFf/AAgvi3/oV9b/APBfL/8AE0f8IL4t/wChX1v/AMF8v/xNfalFAHxX/wAIL4t/6FfW/wDwXy//ABNH/CC+Lf8AoV9b/wDBfL/8TX2pRQB8V/8ACC+Lf+hX1v8A8F8v/wATR/wgvi3/AKFfW/8AwXy//E19qUUAfFf/AAgvi3/oV9b/APBfL/8AE0f8IL4t/wChX1v/AMF8v/xNfalFAHxX/wAIL4t/6FfW/wDwXy//ABNH/CC+Lf8AoV9b/wDBfL/8TX2pRQB8V/8ACC+Lf+hX1v8A8F8v/wATR/wgvi3/AKFfW/8AwXy//E19qUUAfFf/AAgvi3/oV9b/APBfL/8AE0f8IL4t/wChX1v/AMF8v/xNfalFAHxX/wAIL4t/6FfW/wDwXy//ABNH/CC+Lf8AoV9b/wDBfL/8TX2pRQB8V/8ACC+Lf+hX1v8A8F8v/wATR/wgvi3/AKFfW/8AwXy//E19qUUAfFf/AAgvi3/oV9b/APBfL/8AE0f8IL4t/wChX1v/AMF8v/xNfalFAHxX/wAIL4t/6FfW/wDwXy//ABNH/CC+Lf8AoV9b/wDBfL/8TX2pRQB8V/8ACC+Lf+hX1v8A8F8v/wATR/wgvi3/AKFfW/8AwXy//E19qUUAfFf/AAgvi3/oV9b/APBfL/8AE0f8IL4t/wChX1v/AMF8v/xNfalFAHxX/wAIL4t/6FfW/wDwXy//ABNH/CC+Lf8AoV9b/wDBfL/8TX2pRQB8V/8ACC+Lf+hX1v8A8F8v/wATR/wgvi3/AKFfW/8AwXy//E19qUUAfFf/AAgvi3/oV9b/APBfL/8AE0f8IL4t/wChX1v/AMF8v/xNfalFAHxX/wAIL4t/6FfW/wDwXy//ABNH/CC+Lf8AoV9b/wDBfL/8TX2pRQB8V/8ACC+Lf+hX1v8A8F8v/wATR/wgvi3/AKFfW/8AwXy//E19qUUAfFf/AAgvi3/oV9b/APBfL/8AE0f8IL4t/wChX1v/AMF8v/xNfalFAHxX/wAIL4t/6FfW/wDwXy//ABNH/CC+Lf8AoV9b/wDBfL/8TX2pRQB8V/8ACC+Lf+hX1v8A8F8v/wATR/wgvi3/AKFfW/8AwXy//E19qUUAfFf/AAgvi3/oV9b/APBfL/8AE0f8IL4t/wChX1v/AMF8v/xNfalFAHxX/wAIL4t/6FfW/wDwXy//ABNH/CC+Lf8AoV9b/wDBfL/8TX2pRQB8V/8ACC+Lf+hX1v8A8F8v/wATR/wgvi3/AKFfW/8AwXy//E19qUUAfFf/AAgvi3/oV9b/APBfL/8AE0f8IL4t/wChX1v/AMF8v/xNfalFAHxX/wAIL4t/6FfW/wDwXy//ABNH/CC+Lf8AoV9b/wDBfL/8TX2pRQB8V/8ACC+Lf+hX1v8A8F8v/wATR/wgvi3/AKFfW/8AwXy//E19qUUAfFf/AAgvi3/oV9b/APBfL/8AE0f8IL4t/wChX1v/AMF8v/xNfalFAHxX/wAIL4t/6FfW/wDwXy//ABNH/CC+Lf8AoV9b/wDBfL/8TX2pRQB8V/8ACC+Lf+hX1v8A8F8v/wATR/wgvi3/AKFfW/8AwXy//E19qUUAfFf/AAgvi3/oV9b/APBfL/8AE0f8IL4t/wChX1v/AMF8v/xNfalFAHxX/wAIL4t/6FfW/wDwXy//ABNH/CC+Lf8AoV9b/wDBfL/8TX2pRQB8V/8ACC+Lf+hX1v8A8F8v/wATR/wgvi3/AKFfW/8AwXy//E19qUUAfFf/AAgvi3/oV9b/APBfL/8AE0f8IL4t/wChX1v/AMF8v/xNfalFAHxX/wAIL4t/6FfW/wDwXy//ABNH/CC+Lf8AoV9b/wDBfL/8TX2pRQB8V/8ACC+Lf+hX1v8A8F8v/wATR/wgvi3/AKFfW/8AwXy//E19qUUAfFf/AAgvi3/oV9b/APBfL/8AE0f8IL4t/wChX1v/AMF8v/xNfalFAHxX/wAIL4t/6FfW/wDwXy//ABNH/CC+Lf8AoV9b/wDBfL/8TX2pRQB8V/8ACC+Lf+hX1v8A8F8v/wATR/wgvi3/AKFfW/8AwXy//E19qUUAfFf/AAgvi3/oV9b/APBfL/8AE0f8IL4t/wChX1v/AMF8v/xNfalFAHxX/wAIL4t/6FfW/wDwXy//ABNH/CC+Lf8AoV9b/wDBfL/8TX2pRQB8V/8ACC+Lf+hX1v8A8F8v/wATR/wgvi3/AKFfW/8AwXy//E19qUUAfFf/AAgvi3/oV9b/APBfL/8AE0f8IL4t/wChX1v/AMF8v/xNfalFAHxX/wAIL4t/6FfW/wDwXy//ABNH/CC+Lf8AoV9b/wDBfL/8TX2pRQB8V/8ACC+Lf+hX1v8A8F8v/wATR/wgvi3/AKFfW/8AwXy//E19qUUAfFf/AAgvi3/oV9b/APBfL/8AE0f8IL4t/wChX1v/AMF8v/xNfalFAHxX/wAIL4t/6FfW/wDwXy//ABNH/CC+Lf8AoV9b/wDBfL/8TX2pRQB8V/8ACC+Lf+hX1v8A8F8v/wATR/wgvi3/AKFfW/8AwXy//E19qUUAfFf/AAgvi3/oV9b/APBfL/8AE0f8IL4t/wChX1v/AMF8v/xNfalFAHxX/wAIL4t/6FfW/wDwXy//ABNH/CC+Lf8AoV9b/wDBfL/8TX2pRQB8V/8ACC+Lf+hX1v8A8F8v/wATR/wgvi3/AKFfW/8AwXy//E19qUUAfFf/AAgvi3/oV9b/APBfL/8AE0f8IL4t/wChX1v/AMF8v/xNfalFAHxX/wAIL4t/6FfW/wDwXy//ABNH/CC+Lf8AoV9b/wDBfL/8TX2pRQB8V/8ACC+Lf+hX1v8A8F8v/wATR/wgvi3/AKFfW/8AwXy//E19qUUAfFf/AAgvi3/oV9b/APBfL/8AE0f8IL4t/wChX1v/AMF8v/xNfalFAHxX/wAIL4t/6FfW/wDwXy//ABNH/CC+Lf8AoV9b/wDBfL/8TX2pRQB8V/8ACC+Lf+hX1v8A8F8v/wATR/wgvi3/AKFfW/8AwXy//E19qUUAfFf/AAgvi3/oV9b/APBfL/8AE0f8IL4t/wChX1v/AMF8v/xNfalFAHxX/wAIL4t/6FfW/wDwXy//ABNH/CC+Lf8AoV9b/wDBfL/8TX2pRQB8V/8ACC+Lf+hX1v8A8F8v/wATUc/gzxPa28lxceHNXihiUvJJJYyqqKBkkkrgADvX2xWF43/5EHxH/wBgu5/9FNQB8U7aQrU5WkK0AVytNIqcrTGFAEBFNIqQimEUANpKWkoAKKKKACiiigAooooAK+3/AAJ/yTzw1/2CrX/0UtfEFfb/AIE/5J54a/7BVr/6KWgDoKKKKACiiigAooooAKKKKACiiigAooooAKKKKACiiigAooooAKKKKACiiigAooooAKKKKACiiigAooooAKKKKACiiigAooooAKKKKACiiigAooooAKKKKACiiigAooooAKKKKACiiigAooooAKKKKACiiigAooooAKKKKACiiigAooooAKKKKACiiigAooooAKKKKACiiigAooooAKKKKACiiigAooooAKKKKACiiigAooooAKKKKACiiigAooooAKKKKACiiigAooooAKKKKACiiigAooooAKKKKACiiigAooooAKKKKACiiigAooooAKKKKACiiigAooooAKKKKACiiigAooooAKKKKACiiigAooooAKKKKACiiigAooooAKwvGv8AyIfiL/sGXP8A6Kat2sPxr/yIniH/ALBlz/6KagD4zIppFSkU0igCEiomFWGFQsKAIGFRmpWqNqAGGmmnGmmgAooooAKKKKACiiigAr7f8Cf8k88Nf9gq1/8ARS18QV9v+BP+SeeGv+wVa/8AopaAOgooooAKKKKACiiigAooooAKKKKACiiigAooooAKKKKACiiigAooooAKKKKACiiigAooooAKKKKACiiigAooooAKKKKACiiigAooooAKKKKACiiigAooooAKKKKACiiigAooooAKKKKACiiigAooooAKKKKACiiigAooooAKKKKACiiigAooooAKKKKACiiigAooooAKKKKACiiigAooooAKKKKACiiigAooooAKKKKACiiigAooooAKKKKACiiigAooooAKKKKACiiigAooooAKKKKACiiigAooooAKKKKACiiigAooooAKKKKACiiigAooooAKKKKACiiigAooooAKKKKACiiigAooooAKKKKACiiigAooooAKKKKACiiigArD8af8iJ4h/wCwZc/+imrcrD8af8iJ4h/7Blz/AOimoA+OCKaaeaaaAImqJ6maoXoAgaozUrVE1AEZpppxppoAKKKKACiiigAooooAK+3/AAJ/yTzw1/2CrX/0UtfEFfb/AIE/5J54a/7BVr/6KWgDoKKKKACiiigAooooAKKKKACiiigAooooAKKKKACiiigAooooAKKKKACiiigAooooAKKKKACiiigAooooAKKKKACiiigAooooAKKKKACiiigAooooAKKKKACiiigAooooAKKKKACiiigAooooAKKKKACiiigAooooAKKKKACiiigAooooAKKKKACiiigAooooAKKKKACiiigAooooAKKKKACiiigAooooAKKKKACiiigAooooAKKKKACiiigAooooAKKKKACiiigAooooAKKKKACiiigAooooAKKKKACiiigAooooAKKKKACiiigAooooAKKKKACiiigAooooAKKKKACiiigAooooAKKKKACiiigAooooAKKKKACiiigAooooAKw/Gn/IieIf+wZc/wDopq3Kw/Gn/IieIf8AsGXP/opqAPjo0w080w0ARtUL1M1QvQBC1RNUrVE1AEZpDSmkNACUUUUAFFFFABRRRQAV9v8AgT/knnhr/sFWv/opa+IK+3/An/JPPDX/AGCrX/0UtAHQUUUUAFFFFABRRRQAUUUUAFFFFABRRRQAUUUUAFFFFABRRRQAUUUUAFFFFABRRRQAUUUUAFFFFABRRRQAUUUUAFFFFABRRRQAUUUUAFFFFABRRRQAUUUUAFFFFABRRRQAUUUUAFFFFABRRRQAUUUUAFFFFABRRRQAUUUUAFFFFABRRRQAUUUUAFFFFABRRRQAUUUUAFFFFABRRRQAUUUUAFFFFABRRRQAUUUUAFFFFABRRRQAUUUUAFFFFABRRRQAUUUUAFFFFABRRRQAUUUUAFFFFABRRRQAUUUUAFFFFABRRRQAUUUUAFFFFABRRRQAUUUUAFFFFABRRRQAUUUUAFFFFABRRRQAUUUUAFFFFABRRRQAUUUUAFFFFABRRRQAVh+NP+RF8Q/9gy5/9FNW5WH40/5EXxD/ANgy5/8ARTUAfHRphp7Uw0ARtUL1M1QvQBC1RNUrVE1AEZpDSmkNACUUUUAFFFFABRRRQAV9v+BP+SeeGv8AsFWv/opa+IK+3/An/JPPDX/YKtf/AEUtAHQUUUUAFFFFABRRRQAUUUUAFFFFABRRRQAUUUUAFFFFABRRRQAUUUUAFFFFABRRRQAUUUUAFFFFABRRRQAUUUUAFFFFABRRRQAUUUUAFFFFABRRRQAUUUUAFFFFABRRRQAUUUUAFFFFABRRRQAUUUUAFFFFABRRRQAUUUUAFFFFABRRRQAUUUUAFFFFABRRRQAUUUUAFFFFABRRRQAUUUUAFFFFABRRRQAUUUUAFFFFABRRRQAUUUUAFFFFABRRRQAUUUUAFFFFABRRRQAUUUUAFFFFABRRRQAUUUUAFFFFABRRRQAUUUUAFFFFABRRRQAUUUUAFFFFABRRRQAUUUUAFFFFABRRRQAUUUUAFFFFABRRRQAUUUUAFFFFABRRRQAVh+NP+RF8Q/8AYMuf/RTVuVh+NP8AkRfEP/YMuf8A0U1AHx01MNPamGgCNqhepmqF6AIWqJqlaomoAjNIaU0hoASiiigAooooAKKKKACvt/wJ/wAk88Nf9gq1/wDRS18QV9v+BP8Aknnhr/sFWv8A6KWgDoKKKKACiiigAooooAKKKKACiiigAooooAKKKKACiiigAooooAKKKKACiiigAooooAKKKKACiiigAooooAKKKKACiiigAooooAKKKKACiiigAooooAKKKKACiiigAooooAKKKKACiiigAooooAKKKKACiiigAooooAKKKKACiiigAooooAKKKKACiiigAooooAKKKKACiiigAooooAKKKKACiiigAooooAKKKKACiiigAooooAKKKKACiiigAooooAKKKKACiiigAooooAKKKKACiiigAooooAKKKKACiiigAooooAKKKKACiiigAooooAKKKKACiiigAooooAKKKKACiiigAooooAKKKKACiiigAooooAKKKKACiiigAooooAKw/Gn/ACIviH/sGXP/AKKatysPxp/yIviH/sGXP/opqAPjo0w080w0ARtUL1M1QvQBC1RNUrVE1AEZpDSmkNACUUUUAFFFFABRRRQAV9v+BP8Aknnhr/sFWv8A6KWviCvt/wACf8k88Nf9gq1/9FLQB0FFFFABRRRQAUUUUAFFFFABRRRQAUUUUAFFFFABRRRQAUUUUAFFFFABRRRQAUUUUAFFFFABRRRQAUUUUAFFFFABRRRQAUUUUAFFFFABRRRQAUUUUAFFFFABRRRQAUUUUAFFFFABRRRQAUUUUAFFFFABRRRQAUUUUAFFFFABRRRQAUUUUAFFFFABRRRQAUUUUAFFFFABRRRQAUUUUAFFFFABRRRQAUUUUAFFFFABRRRQAUUUUAFFFFABRRRQAUUUUAFFFFABRRRQAUUUUAFFFFABRRRQAUUUUAFFFFABRRRQAUUUUAFFFFABRRRQAUUUUAFFFFABRRRQAUUUUAFFFFABRRRQAUUUUAFFFFABRRRQAUUUUAFFFFABRRRQAUUUUAFYfjT/AJETxD/2DLn/ANFNW5WH40/5ETxD/wBgy5/9FNQB8dGmGnmmGgCNqhepmqF6AIWqJqlaomoAjNIaU0hoASiiigAooooAKKKKACvt/wACf8k88Nf9gq1/9FLXxBX2/wCBP+SeeGv+wVa/+iloA6CiiigAooooAKKKKACiiigAooooAKKKKACiiigAooooAKKKKACiiigAooooAKKKKACiiigAooooAKKKKACiiigAooooAKKKKACiiigAooooAKKKKACiiigAooooAKKKKACiiigAooooAKKKKACiiigAooooAKKKKACiiigAooooAKKKKACiiigAooooAKKKKACiiigAooooAKKKKACiiigAooooAKKKKACiiigAooooAKKKKACiiigAooooAKKKKACiiigAooooAKKKKACiiigAooooAKKKKACiiigAooooAKKKKACiiigAooooAKKKKACiiigAooooAKKKKACiiigAooooAKKKKACiiigAooooAKKKKACiiigAooooAKKKKACsPxp/yIniH/sGXP8A6KatysPxp/yIniH/ALBlz/6KagD46NMNPNMNAEbVC9TNUL0AQtUTVK1RNQBGaQ0ppDQAlFFFABRRRQAUUUUAFfb/AIE/5J54a/7BVr/6KWviCvt/wJ/yTzw1/wBgq1/9FLQB0FFFFABRRRQAUUUUAFFFFABRRRQAUUUUAFFFFABRRRQAUUUUAFFFFABRRRQAUUUUAFFFFABRRRQAUUUUAFFFFABRRRQAUUUUAFFFFABRRRQAUUUUAFFFFABRRRQAUUUUAFFFFABRRRQAUUUUAFFFFABRRRQAUUUUAFFFFABRRRQAUUUUAFFFFABRRRQAUUUUAFFFFABRRRQAUUUUAFFFFABRRRQAUUUUAFFFFABRRRQAUUUUAFFFFABRRRQAUUUUAFFFFABRRRQAUUUUAFFFFABRRRQAUUUUAFFFFABRRRQAUUUUAFFFFABRRRQAUUUUAFFFFABRRRQAUUUUAFFFFABRRRQAUUUUAFFFFABRRRQAUUUUAFFFFABRRRQAUUUUAFYfjT/kRPEP/YMuf/RTVuVh+NP+RE8Q/wDYMuf/AEU1AHx0aYaeaYaAI2qF6maoXoAhaomqVqiagCM0hpTSGgBKKKKACiiigAooooAK+3/An/JPPDX/AGCrX/0UtfEFfb/gT/knnhr/ALBVr/6KWgDoKKKKACiiigAooooAKKKKACiiigAooooAKKKKACiiigAooooAKKKKACiiigAooooAKKKKACiiigAooooAKKKKACiiigAooooAKKKKACiiigAooooAKKKKACiiigAooooAKKKKACiiigAooooAKKKKACiiigAooooAKKKKACiiigAooooAKKKKACiiigAooooAKKKKACiiigAooooAKKKKACiiigAooooAKKKKACiiigAooooAKKKKACiiigAooooAKKKKACiiigAooooAKKKKACiiigAooooAKKKKACiiigAooooAKKKKACiiigAooooAKKKKACiiigAooooAKKKKACiiigAooooAKKKKACiiigAooooAKKKKACiiigAooooAKw/Gn/IieIf+wZc/+imrcrD8af8AIieIf+wZc/8AopqAPjo0w080w0ARtUL1M1QvQBC1RNUrVE1AEZpDSmkNACUUUUAFFFFABRRRQAV9v+BP+SeeGv8AsFWv/opa+IK+3/An/JPPDX/YKtf/AEUtAHQUUUUAFFFFABRRRQAUUUUAFFFFABRRRQAUUUUAFFFFABRRRQAUUUUAFFFFABRRRQAUUUUAFFFFABRRRQAUUUUAFFFFABRRRQAUUUUAFFFFABRRRQAUUUUAFFFFABRRRQAUUUUAFFFFABRRRQAUUUUAFFFFABRRRQAUUUUAFFFFABRRRQAUUUUAFFFFABRRRQAUUUUAFFFFABRRRQAUUUUAFFFFABRRRQAUUUUAFFFFABRRRQAUUUUAFFFFABRRRQAUUUUAFFFFABRRRQAUUUUAFFFFABRRRQAUUUUAFFFFABRRRQAUUUUAFFFFABRRRQAUUUUAFFFFABRRRQAUUUUAFFFFABRRRQAUUUUAFFFFABRRRQAUUUUAFFFFABRRRQAVh+NP+RE8Q/8AYMuf/RTVuVh+NP8AkRPEP/YMuf8A0U1AHx0aYaeaYaAI2qF6maoXoAhaomqVqiagCM0hpTSGgBKKKKACiiigAooooAK+3/An/JPPDX/YKtf/AEUtfEFfb/gT/knnhr/sFWv/AKKWgDoKKKKACiiigAooooAKKKKACiiigAooooAKKKKACiiigAooooAKKKKACiiigAooooAKKKKACiiigAooooAKKKKACiiigAooooAKKKKACiiigAooooAKKKKACiiigAooooAKKKKACiiigAooooAKKKKACiiigAooooAKKKKACiiigAooooAKKKKACiiigAooooAKKKKACiiigAooooAKKKKACiiigAooooAKKKKACiiigAooooAKKKKACiiigAooooAKKKKACiiigAooooAKKKKACiiigAooooAKKKKACiiigAooooAKKKKACiiigAooooAKKKKACiiigAooooAKKKKACiiigAooooAKKKKACiiigAooooAKKKKACiiigAooooAKw/Gn/IieIf8AsGXP/opq3Kw/Gn/IieIf+wZc/wDopqAPjo0w080w0ARtUL1M1QvQBC1RNUrVE1AEZpDSmkNACUUUUAFFFFABRRRQAV9v+BP+SeeGv+wVa/8Aopa+IK+3/An/ACTzw1/2CrX/ANFLQB0FFFFABRRRQAUUUUAFFFFABRRRQAUUUUAFFFFABRRRQAUUUUAFFFFABRRRQAUUUUAFFFFABRRRQAUUUUAFFFFABRRRQAUUUUAFFFFABRRRQAUUUUAFFFFABRRRQAUUUUAFFFFABRRRQAUUUUAFFFFABRRRQAUUUUAFFFFABRRRQAUUUUAFFFFABRRRQAUUUUAFFFFABRRRQAUUUUAFFFFABRRRQAUUUUAFFFFABRRRQAUUUUAFFFFABRRRQAUUUUAFFFFABRRRQAUUUUAFFFFABRRRQAUUUUAFFFFABRRRQAUUUUAFFFFABRRRQAUUUUAFFFFABRRRQAUUUUAFFFFABRRRQAUUUUAFFFFABRRRQAUUUUAFFFFABRRRQAUUUUAFYfjT/kRPEP8A2DLn/wBFNW5WH40/5ETxD/2DLn/0U1AHx0aYaeaYaAI2qF6maoXoAhaomqVqiagCM0hpTSGgBKKKKACiiigAooooAK+3/An/ACTzw1/2CrX/ANFLXxBX2/4E/wCSeeGv+wVa/wDopaAOgooooAKKKKACiiigAooooAKKKKACiiigAooooAKKKKACiiigAooooAKKKKACiiigAooooAKKKKACiiigAooooAKKKKACiiigAooooAKKKKACiiigAooooAKKKKACiiigAooooAKKKKACiiigAooooAKKKKACiiigAooooAKKKKACiiigAooooAKKKKACiiigAooooAKKKKACiiigAooooAKKKKACiiigAooooAKKKKACiiigAooooAKKKKACiiigAooooAKKKKACiiigAooooAKKKKACiiigAooooAKKKKACiiigAooooAKKKKACiiigAooooAKKKKACiiigAooooAKKKKACiiigAooooAKKKKACiiigAooooAKKKKACiiigArD8af8AIieIf+wZc/8Aopq3Kw/Gn/IieIf+wZc/+imoA+OjTDTzTDQBG1QvUzVC9AELVE1StUTUARmkNKaQ0AJRRRQAUUUUAFFFFABX2/4E/wCSeeGv+wVa/wDopa+IK+3/AAJ/yTzw1/2CrX/0UtAHQUUUUAFFFFABRRRQAUUUUAFFFFABRRRQAUUUUAFFFFABRRRQAUUUUAFFFFABRRRQAUUUUAFFFFABRRRQAUUUUAFFFFABRRRQAUUUUAFFFFABRRRQAUUUUAFFFFABRRRQAUUUUAFFFFABRRRQAUUUUAFFFFABRRRQAUUUUAFFFFABRRRQAUUUUAFFFFABRRRQAUUUUAFFFFABRRRQAUUUUAFFFFABRRRQAUUUUAFFFFABRRRQAUUUUAFFFFABRRRQAUUUUAFFFFABRRRQAUUUUAFFFFABRRRQAUUUUAFFFFABRRRQAUUUUAFFFFABRRRQAUUUUAFFFFABRRRQAUUUUAFFFFABRRRQAUUUUAFFFFABRRRQAUUUUAFFFFABRRRQAVh+NP8AkRPEP/YMuf8A0U1blYfjT/kRPEP/AGDLn/0U1AHx0aYaeaYaAI2qF6maoXoAhaomqVqiagCM0hpTSGgBKKKKACiiigAooooAK+3/AAJ/yTzw1/2CrX/0UtfEFfb/AIE/5J54a/7BVr/6KWgDoKKKKACiiigAooooAKKKKACiiigAooooAKKKKACiiigAooooAKKKKACiiigAooooAKKKKACiiigAooooAKKKKACiiigAooooAKKKKACiiigAooooAKKKKACiiigAooooAKKKKACiiigAooooAKKKKACiiigAooooAKKKKACiiigAooooAKKKKACiiigAooooAKKKKACiiigAooooAKKKKACiiigAooooAKKKKACiiigAooooAKKKKACiiigAooooAKKKKACiiigAooooAKKKKACiiigAooooAKKKKACiiigAooooAKKKKACiiigAooooAKKKKACiiigAooooAKKKKACiiigAooooAKKKKACiiigAooooAKKKKACiiigAooooAKw/Gn/IieIf+wZc/wDopq3Kw/Gn/IieIf8AsGXP/opqAPjo0w080w0ARtUL1M1QvQBC1RNUrVE1AEZpDSmkNACUUUUAFFFFABRRRQAV9v8AgT/knnhr/sFWv/opa+IK+3/An/JPPDX/AGCrX/0UtAHQUUUUAFFFFABRRRQAUUUUAFFFFABRRRQAUUUUAFFFFABRRRQAUUUUAFFFFABRRRQAUUUUAFFFFABRRRQAUUUUAFFFFABRRRQAUUUUAFFFFABRRRQAUUUUAFFFFABRRRQAUUUUAFFFFABRRRQAUUUUAFFFFABRRRQAUUUUAFFFFABRRRQAUUUUAFFFFABRRRQAUUUUAFFFFABRRRQAUUUUAFFFFABRRRQAUUUUAFFFFABRRRQAUUUUAFFFFABRRRQAUUUUAFFFFABRRRQAUUUUAFFFFABRRRQAUUUUAFFFFABRRRQAUUUUAFFFFABRRRQAUUUUAFFFFABRRRQAUUUUAFFFFABRRRQAUUUUAFFFFABRRRQAUUUUAFFFFABRRRQAVh+NP+RE8Q/9gy5/9FNW5WH40/5ETxD/ANgy5/8ARTUAfHRphpxppoAjaoXqZqhegCFqiapWqI0ARmmmnGmmgAooooAKKKKACiiigAr7f8Cf8k88Nf8AYKtf/RS18QV9v+BP+SeeGv8AsFWv/opaAOgooooAKKKKACiiigAooooAKKKKACiiigAooooAKKKKACiiigAooooAKKKKACiiigAooooAKKKKACiiigAooooAKKKKACiiigAooooAKKKKACiiigAooooAKKKKACiiigAooooAKKKKACiiigAooooAKKKKACiiigAooooAKKKKACiiigAooooAKKKKACiiigAooooAKKKKACiiigAooooAKKKKACiiigAooooAKKKKACiiigAooooAKKKKACiiigAooooAKKKKACiiigAooooAKKKKACiiigAooooAKKKKACiiigAooooAKKKKACiiigAooooAKKKKACiiigAooooAKKKKACiiigAooooAKKKKACiiigAooooAKKKKACiiigArD8af8iJ4h/7Blz/6KatysLxr/wAiH4i/7Blz/wCimoA+OSaaTQTTCaAEY1C9SMaiY0ARNURqRqjagBhpppxppoAKKKKACiiigAooooAK+3/An/JPPDX/AGCrX/0UtfEFfYfgvxp4VtfAvh63uPEujQzxaZbJJHJfxKyMIlBBBbIIPGKAO8orn/8AhO/CH/Q16H/4MYv/AIqj/hOvCH/Q1aH/AODGL/4qgDoKKwP+E68If9DVof8A4MIv/iqP+E58I/8AQ06J/wCDCL/4qgDforB/4Tjwl/0NOif+DCL/AOKo/wCE48Jf9DTon/gwi/8AiqAN6isH/hOPCX/Q0aJ/4MIv/iqP+E38Jf8AQ0aJ/wCDCL/4qgDeorB/4Tfwl/0NGif+DCL/AOKo/wCE38Jf9DRon/gwi/8AiqAN6isH/hN/CX/Q0aJ/4MIv/iqP+E38Jf8AQ0aJ/wCDCL/4qgDeorB/4Tfwl/0NGif+DCL/AOKo/wCE38Jf9DRon/gwi/8AiqAN6isH/hN/CX/Q0aJ/4MIv/iqP+E38Jf8AQ0aJ/wCDCL/4qgDeorB/4Tfwl/0NGif+DCL/AOKo/wCE38Jf9DRon/gwi/8AiqAN6isH/hN/CX/Q0aJ/4MIv/iqP+E38Jf8AQ0aJ/wCDCL/4qgDeorB/4Tfwl/0NGif+DCL/AOKo/wCE38Jf9DRon/gwi/8AiqAN6isH/hN/CX/Q0aJ/4MIv/iqP+E38Jf8AQ0aJ/wCDCL/4qgDeorB/4Tfwl/0NGif+DCL/AOKo/wCE38Jf9DRon/gwi/8AiqAN6isH/hN/CX/Q0aJ/4MIv/iqP+E38Jf8AQ0aJ/wCDCL/4qgDeorB/4Tfwl/0NGif+DCL/AOKo/wCE38Jf9DRon/gwi/8AiqAN6isH/hN/CX/Q0aJ/4MIv/iqP+E38Jf8AQ0aJ/wCDCL/4qgDeorB/4Tfwl/0NGif+DCL/AOKo/wCE38Jf9DRon/gwi/8AiqAN6isH/hN/CX/Q0aJ/4MIv/iqP+E38Jf8AQ0aJ/wCDCL/4qgDeorB/4Tfwl/0NGif+DCL/AOKo/wCE38Jf9DRon/gwi/8AiqAN6isH/hN/CX/Q0aJ/4MIv/iqP+E38Jf8AQ0aJ/wCDCL/4qgDeorB/4Tfwl/0NGif+DCL/AOKo/wCE38Jf9DRon/gwi/8AiqAN6isH/hN/CX/Q0aJ/4MIv/iqP+E38Jf8AQ0aJ/wCDCL/4qgDeorB/4Tfwl/0NGif+DCL/AOKo/wCE38Jf9DRon/gwi/8AiqAN6isH/hN/CX/Q0aJ/4MIv/iqP+E38Jf8AQ0aJ/wCDCL/4qgDeorB/4Tfwl/0NGif+DCL/AOKo/wCE38Jf9DRon/gwi/8AiqAN6isH/hN/CX/Q0aJ/4MIv/iqP+E38Jf8AQ0aJ/wCDCL/4qgDeorB/4Tfwl/0NGif+DCL/AOKo/wCE38Jf9DRon/gwi/8AiqAN6isH/hN/CX/Q0aJ/4MIv/iqP+E38Jf8AQ0aJ/wCDCL/4qgDeorB/4Tfwl/0NGif+DCL/AOKo/wCE38Jf9DRon/gwi/8AiqAN6isH/hN/CX/Q0aJ/4MIv/iqP+E38Jf8AQ0aJ/wCDCL/4qgDeorB/4Tfwl/0NGif+DCL/AOKo/wCE38Jf9DRon/gwi/8AiqAN6isH/hN/CX/Q0aJ/4MIv/iqP+E38Jf8AQ0aJ/wCDCL/4qgDeorB/4Tfwl/0NGif+DCL/AOKo/wCE38Jf9DRon/gwi/8AiqAN6isH/hN/CX/Q0aJ/4MIv/iqP+E38Jf8AQ0aJ/wCDCL/4qgDeorB/4Tfwl/0NGif+DCL/AOKo/wCE38Jf9DRon/gwi/8AiqAN6isH/hN/CX/Q0aJ/4MIv/iqP+E38Jf8AQ0aJ/wCDCL/4qgDeorB/4Tfwl/0NGif+DCL/AOKo/wCE38Jf9DRon/gwi/8AiqAN6isH/hN/CX/Q0aJ/4MIv/iqP+E38Jf8AQ0aJ/wCDCL/4qgDeorB/4Tfwl/0NGif+DCL/AOKo/wCE38Jf9DRon/gwi/8AiqAN6isH/hN/CX/Q0aJ/4MIv/iqP+E38Jf8AQ0aJ/wCDCL/4qgDeorB/4Tfwl/0NGif+DCL/AOKo/wCE38Jf9DRon/gwi/8AiqAN6isH/hN/CX/Q0aJ/4MIv/iqP+E38Jf8AQ0aJ/wCDCL/4qgDeorB/4Tfwl/0NGif+DCL/AOKo/wCE38Jf9DRon/gwi/8AiqAN6isH/hN/CX/Q0aJ/4MIv/iqP+E38Jf8AQ0aJ/wCDCL/4qgDeorB/4Tfwl/0NGif+DCL/AOKo/wCE38Jf9DRon/gwi/8AiqAN6isH/hN/CX/Q0aJ/4MIv/iqP+E38Jf8AQ0aJ/wCDCL/4qgDeorB/4Tfwl/0NGif+DCL/AOKo/wCE38Jf9DRon/gwi/8AiqAN6isH/hN/CX/Q0aJ/4MIv/iqP+E38Jf8AQ0aJ/wCDCL/4qgDeorB/4Tfwl/0NGif+DCL/AOKo/wCE38Jf9DRon/gwi/8AiqAN6isH/hN/CX/Q0aJ/4MIv/iqP+E38Jf8AQ0aJ/wCDCL/4qgDeorB/4Tfwl/0NGif+DCL/AOKo/wCE38Jf9DRon/gwi/8AiqAN6isH/hN/CX/Q0aJ/4MIv/iqP+E38Jf8AQ0aJ/wCDCL/4qgDeorB/4Tfwl/0NGif+DCL/AOKo/wCE38Jf9DRon/gwi/8AiqAN6isH/hN/CX/Q0aJ/4MIv/iqP+E38Jf8AQ0aJ/wCDCL/4qgDeorB/4Tfwl/0NGif+DCL/AOKo/wCE38Jf9DRon/gwi/8AiqAN6isH/hN/CX/Q0aJ/4MIv/iqP+E38Jf8AQ0aJ/wCDCL/4qgDeorB/4Tfwl/0NGif+DCL/AOKo/wCE38Jf9DRon/gwi/8AiqAN6isH/hN/CX/Q0aJ/4MIv/iqP+E38Jf8AQ0aJ/wCDCL/4qgDeorB/4Tfwl/0NGif+DCL/AOKo/wCE38Jf9DRon/gwi/8AiqAN6isH/hN/CX/Q0aJ/4MIv/iqP+E38Jf8AQ0aJ/wCDCL/4qgDeorB/4Tfwl/0NGif+DCL/AOKo/wCE38Jf9DRon/gwi/8AiqAN6isH/hN/CX/Q0aJ/4MIv/iqP+E38Jf8AQ0aJ/wCDCL/4qgDeorB/4Tfwl/0NGif+DCL/AOKo/wCE38Jf9DRon/gwi/8AiqAN6isH/hN/CX/Q0aJ/4MIv/iqP+E38Jf8AQ0aJ/wCDCL/4qgDeorB/4Tfwl/0NGif+DCL/AOKo/wCE38Jf9DRon/gwi/8AiqAN6isH/hN/CX/Q0aJ/4MIv/iqP+E38Jf8AQ0aJ/wCDCL/4qgDeorB/4Tfwl/0NGif+DCL/AOKo/wCE38Jf9DRon/gwi/8AiqAN6isH/hN/CX/Q0aJ/4MIv/iqP+E38Jf8AQ0aJ/wCDCL/4qgDeorB/4Tfwl/0NGif+DCL/AOKo/wCE38Jf9DRon/gwi/8AiqAN6isH/hN/CX/Q0aJ/4MIv/iqP+E38Jf8AQ0aJ/wCDCL/4qgDeorB/4Tfwl/0NGif+DCL/AOKo/wCE38Jf9DRon/gwi/8AiqAN6isH/hN/CX/Q0aJ/4MIv/iqP+E38Jf8AQ0aJ/wCDCL/4qgDerC8bf8iF4i/7Blz/AOimpP8AhN/CX/Q0aJ/4MIv/AIqsXxh4x8MXPgnX4LfxHpEs0unXCRxx30TM7GNgAAGyST2oA+Ti1NLUzdTS1ADiajY0FqYTQA1jUZpxNMJoAQ02lpKACiiigAooooAKKKKACiiigBaUGm0tADwaeDUQNKDQBMGpd1RZpc0AS7qN1RbqN1AE26jdUO6jdQBNuo3VDuo3UATbqN1Q7qN1AE26jdUO6jdQBNuo3VDuo3UATbqN1Q7qN1AE26jdUO6jdQBNuo3VDuo3UATbqN1Q7qN1AE26jdUO6jdQBNuo3VDuo3UATbqN1Q7qN1AE26jdUO6jdQBNuo3VDuo3UATbqN1Q7qN1AE26jdUO6jdQBNuo3VDuo3UATbqN1Q7qN1AE26jdUO6jdQBNuo3VDuo3UATbqN1Q7qN1AE26jdUO6jdQBNuo3VDuo3UATbqN1Q7qN1AE26jdUO6jdQBNuo3VDuo3UATbqN1Q7qN1AE26jdUO6jdQBNuo3VDuo3UATbqN1Q7qN1AE26jdUO6jdQBNuo3VDuo3UATbqN1Q7qN1AE26jdUO6jdQBNuo3VDuo3UATbqN1Q7qN1AE26jdUO6jdQBNuo3VDuo3UATbqN1Q7qN1AE26jdUO6jdQBNuo3VDuo3UATbqN1Q7qN1AE26jdUO6jdQBNuo3VDuo3UATbqN1Q7qN1AE26jdUO6jdQBNuo3VDuo3UATbqN1Q7qN1AE26jdUO6jdQBNuo3VDuo3UATbqN1Q7qN1AE26jdUO6jdQBNuo3VDuo3UATbqN1Q7qN1AE26jdUO6jdQBNuo3VDuo3UATbqN1Q7qN1AE26jdUO6jdQBNuo3VDuo3UATbqN1Q7qN1AE26jdUO6jdQBNuo3VDuo3UATbqN1Q7qN1AE26jdUO6jdQBNuo3VDuo3UATbqN1Q7qN1AE26jdUO6jdQBNuo3VDuo3UATbqTdUW6jNAEu6k3VHupM0APLU0mm5pCaAAmkNBNJQAlFFFABRRRQAUUUUAFFFFABRRRQAUUUUALRSUUAOzRmm5pc0AOzRmm5ozQA7NGabRQA7NGabRQA7NGabRQA7NGabRQA7NGabRQA7NGabRQA7NGabRQA7NGabRQA7NGabRQA7NGabRQA7NGabRQA7NGabRQA7NGabRQA7NGabRQA7NGabRQA7NGabRQA7NGabRQA7NGabRQA7NGabRQA7NGabRQA7NGabRQA7NGabRQA7NGabRQA7NGabRQA7NGabRQA7NGabRQA7NGabRQA7NGabRQA7NGabRQA7NGabRQA7NGabRQA7NGabRQA7NGabRQA7NGabRQA7NGabRQA7NGabRQA7NGabRQA7NGabRQA7NGabRQA7NGabRQA7NGabRQA7NGabRQA7NGabRQA7NGabRQA7NGabRQA7NGabRQA7NGabRQA7NGabRQA7NGabRQA7NGabRQA7NGabRQA7NGabRQA7NGabRQA7NGabRQA7NGabRQA7NGabRQA7NGabRQA7NGabRQA7NGabRQA7NGabRQA7NGabRQA7NGabRQA7NGabRQA7NGabRQA7NGabRQA7NGabRQA7NGabRQA7NGabRQA7NGabRmgB2aTNJmjNAC5pKTNFABRRRQAUUUUAFFFFABRRRQAUUUUAFFFFABRRRQAUUUUAFFFFABRRRQAUUUUAFFFFABRRRQAUUUUAFFFFABRRRQAUUUUAFFFFABRRRQAUUUUAFFFFABRRRQAUUUUAFFFFABRRRQAUUUUAFFFFABRRRQAUUUUAFFFFABRRRQAUUUUAFFFFABRRRQAUUUUAFFFFABRRRQAUUUUAFFFFABRRRQAUUUUAFFFFABRRRQAUUUUAFFFFABRRRQAUUUUAFFFFABRRRQAUUUUAFFFFABRRRQAUUUUAFFFFABRRRQAUUUUAFFFFABRRRQAUUUUAFFFFABRRRQAUUUUAFFFFABRRRQAUUUUAFFFFABRRRQAUUUUAFFFFABRRRQAUUUUAFFFFABRRRQAUUUUAFFFFABRRRQAUUUUAFFFFABRRRQAUUUUAFFFFABRRRQAUUUUAFFFFABRRRQAUUUUAFFFFABRRRQAUUUUAFFFFABRRRQAUUUUAFFFFABRRRQAUUUUAFFFFABRRRQAUUUUAFFFFABRRRQAUUUUAFFFFABRRRQAUUUUAFFFFABRRRQAUUUUAFFFFABRRRQAUUUUAFFFFABRRRQAUUUUAFFFFABRRRQAUUUUAFFFFABRRRQAUUUUAFFFFABRRRQAUUUUAFFFFABRRRQAUUUUAFFFFABRRRQAUUUUAFFFFABRRRQAUUUUAFFFFABRRRQAUUUUAFFFFABRRRQAUUUUAFFFFABRRRQAUUUUAFFFFABRRRQAUUUUAFFFFABRRRQAUUUUAFFFFABRRRQAUUUUAFFFFABRRRQAUUUUAFFFFABRRRQAUUUUAFFFFABRRRQAUUUUAFFFFABRRRQAUUUUAFFFFABRRRQAUUUUAFFFFABRRRQB//9kNCmVuZHN0cmVhbQ1lbmRvYmoNMTU3IDAgb2JqDTw8L0JpdHNQZXJDb21wb25lbnQgOCAvQ29sb3JTcGFjZSAvRGV2aWNlR3JheSAvRmlsdGVyIC9GbGF0ZURlY29kZSAvSGVpZ2h0IDQ2OSAvTGVuZ3RoIDQxMzMgL01hdHRlIFswIDAgMF0gL1N1YnR5cGUgL0ltYWdlIC9UeXBlIC9YT2JqZWN0IC9XaWR0aCAxMjg0Pj4NCnN0cmVhbQ0KeJzt3Wl708bXwGF2whqWspS9FAoFWvh//w/3PNZoRpqRlVBiO3Z07vs9XEpe/K5zZmTn0iUAAAAAAAAAAAAAAAAAAAAAAAAAAAAAAABgiS4DnIt9166x718GEJf8AeHpHxDdYRbwCsDGDq+Cggfs1V4rKH7AYdhHBfUPOCTnW8Gf9e8qwE79rIP7KeC+fytANHuo4HwBT3nGawAb+28h3HkE5wooecD5O6GDu63gegHVD9ijmQzuMIJrCZzP33WAnZoP4a4jeEIBxQ/Yj7UMTiu4ywS2Aawf6wbATs2FsK7gLiI4l8BJ/9Yf9CbAlpySwqqCu4rg3B5cFVD2gPM0DeE0gle2HMGThsA6gPXzHQHsxEwJZyu41QiekMAxgCe37xbAxk5u4ZjB3UVwPYFNASf52/fvCli6SQjXKrjlCJ6YwCGA0/jdBtiRaQqHDO4sgqckcAjgWvzuAGzdWgqHDJ4SwR0kcBwChwCut+8uwBatt3DIYDMKbjeCzSbcJLAv4NC/ufLdA9iKuRoOHRwqOIngFrbh0xJYFbCqX/vc9wE2NtvDksGhgruI4M8SWAdwLnvHABubC2KbwdMjuJsEphkwB7CqX/PkDwA2NhPE0sE+g2kU3EEEqwbWCbzZJzAVMAdwrF/13A8BtmItiKWDfQb7UTAdCrYR3KyBP09gX8Dcv2n4HgFsyTSHuYOlgruJYLsJtwkcCtgHcKxfeeLHAFvU1jB3MGWwVHAawWob3sIY2L8aXW5D+gR2BewDONSvf9jfALauimHuYMpgV8EcwaM+gtfGCG4wCM5swv0UmPfgoYC5f2P8ntSeApxZk5MxhbmDYwXzPnxziGC7DW+UwCtjAm+UBJYhsCtg378hfsOzPwPYijaJOYQpg10F8yiYI3hjjOBG2/B0E75eNuGcwLGAKYBD/fonfg6wVVUN+xCmDA4V7CNYtuHr0234lxP4fwAH5fffhxb2HewymCs4F8HNBsF9/7QArRcvXvzeySHsMjhUMEXwzp3bt25V9yIbDYL7/mkBWi87L/oSpgwOFWwjOBwJNtciGghcbK9freQOpgzmCpYIdrfD1TY8GQQ1ELjY3rzuDB0cKrgaBXMEuyPBehveoIGX9/3TArTevn2zMnQwV7BEcNyGtzIIaiBwYN69e/e2dLBUMI2C/To8GQSvbzYIaiBwYP74448+g2/TNFhGwTQJpgYeN9ci1a2IBgIX3/v374cM9rPgqoJNBKtBsFmGf72BlzUQODB//vm+ymCqYIlgPQg2V8NnXYY1EDg0Hz78WTLYVXCI4PMxgsMgWN2KaCCwCB8/fCgZ7Cq4GgVLBKsGDoPgZsuwBgKH5q+PHz+WCnYbcY7gizaCsw28ooHARffXSspgruAQwUkDpzfDGggswadPn8YKDhF8NURwXIY1EFiez59KBftRsIvgmzczg2C9DJ+tgZc1EDg0n1dSBftRcDUJdrfDZRtul+H8UZGzXopoIHBw/v7777GCOYJpG86DoAYCS/aljWDZhrsTwfpAsH5DUAOBxfjyZajgEMG0DadBsDkQXLsU0UDgovv6JVWwRLBsw2/WDwS7SxENBJbl69evZRTsIzgOgulA8LSLYQ0ELrpvX1MFSwS7bbicCL58MXMpooHAknz79m2IYDUI5mV4cilSf1ru118Q1EDg4PwzRrAaBN+9e/NmvBRpL4Y1EFiOf9oIpkGw3IoMlyLHx9Wn5fL36WsgsAD/NBHsBsEPH/6cNrB5OUYDgeX4t0SwDIJ5GR4uRX72cowGAhfYv20Eh2VYA4EI/s0R7Lbhsgznm+F8MfyTFwQ1ELjAvqcIlkGwXYY1EFi67+MgWC/DVQN/O/0laQ0ELrDvdQSHZXhoYHpBUAOBpfr+vWzD/TJcN/CVBgIL970aBMuBYPeGYP9yTP1BEQ0EludHimC9DOcGvtNAYPl+NMtwfSnSN/BZaeC9uxoILE7XwO/NgeBwMayBwOL9+DFt4Kf1Bj58oIHAIv3oIliWYQ0EgjmlgW/SB4Y1EFiwtQZ+1kAgjh/tgaAGAqFoIBCZBgKRaSAQ2fk18LIGAgfnf9XF8PiB4aqBT2f+qNKZ/rimBgKHRwOByDQQiEwDgcg0EIhMA4HINBCITAOByDQQiEwDgcg0EIhMA4HINBCITAOByDQQiEwDgcg0EIhMA4HINBCITAOByDQQiEwDgcg0EIhMA4HINBCITAOByDQQiEwDgcg0EIhMA4HINBCITAOByDQQiEwDgcg0EIhMA4HINBCITAOByDQQiEwDgcg0EIhMA4HINBCITAOByDQQiEwDgcg0EIhMA4HINBCITAOByDQQiEwDgcg0EIhMA4HINBCITAOByDQQiEwDgcg0EIhMA4HINBCITAOByDQQiEwDgcg0EIhMA4HINBCITAOByDQQiEwDgcg0EIhMA4HINBCITAOByDQQiEwDgcg0EIhMA4HINBCITAOByDQQiEwDgcg0EIhMA4HINBCITAOByDQQiEwDgcg0EIhMA4HINBCITAOByDQQiEwDgcg0EIhMA4HINBCITAOByDQQiEwDgcg0EIhMA4HINBCITAOByDQQiEwDgcg0EIhMA4HINBCITAOByDQQiEwDgcg0EIhMA4HINBCITAOByDQQiEwDgcg0EIhMA4HINBCITAOByDQQiEwDgcg0EIhMA4HINBCITAOByDQQiEwDgcg0EIhMA4HINBCITAOByDQQiEwDgcg0EIhMA4HINBCITAOByDQQiEwDgcg0EIhMA4HINBCITAOByDQQiEwDgcg0EIhMA4HINBCITAOByDQQiEwDgcg0EIhMA4HINBCITAOByDQQiEwDgcg0EIhMA4HINBCITAOByDQQiEwDgcg0EIhMA4HINBCITAOByDQQiEwDgcg0EIhMA4HINBCITAOByDQQiEwDgcg0EIhMA4HINBCITAOByDQQiEwDgcg0EIhMA4HINBCITAOByDQQiEwDgcg0EIhMA4HINBCITAOByDQQiEwDgcg0EIhMA4HINBCITAOByDQQiEwDgcg0EIhMA4HINBCITAOByDQQiEwDgcg0EIhMA4HINBCITAOByDQQiEwDgcg0EIhMA4HINBCITAOByDQQiEwDgcg0EIhMA4HINBCITAOByDQQiEwDgcg0EIhMA4HINBCITAOByDQQiEwDgcg0EIhMA4HINBCITAOByDQQiEwDgcg0EIhMA4HINBCITAOByDQQiEwDgcg0EIhMA4HINBCITAOByDQQiEwDgcg0EIhMA4HINBCITAOByDQQiEwDgcg0EIhMA4HINBCITAOByDQQiEwDgcg0EIhMA4HIzq+BlzQQODgpgd9TAlMDP08b+CQ18P691MCjo5s3UgOvpgb+UgI1EDg8GghEpoFAZBoIRKaBQGTVtfC3r180EIhlrYGfNBCI45QGvn718ncNBBatPQ7UQCCWLoFtA/9ab2D3MRENBBaoHwOHa+GqgW80EFi8sgpXDfz4YdXAd7mBT0sD797RQGBxyhjYvBrTNfCtBgLL16zC7asxr1+96Bv4UAOBharGwH4Vrhr4UgOBhasT2FyJ9A18tmrgIw0ElqpswnkV7o4DJw0cv0JVA4GlGcfAahUePiqngcCy5QROVuH3f6Rr4clX6d9OX6WvgcBytAlsVmENBBavJDCPgfntwOHVmPxx4fZPKl0/059U0kDg8DQJHFfhtoHHx/c0EFiiNoHDKvzuTboSqT4msvGf1tRA4PCMCUyb8Hgr/PpV+3pg85UJGggsQ1fAnMBxDKyuRMZXY+ZfkdZA4CJLBRwSWMbA4Thwci2sgcCydAVMZ4E5geONyMvptfDsqzEaCFxkZQjsE1iPgcOVSPtqjAYCCzIUcExgPwamL5Fur0RyA69pILAUbQLzJjyswmtXIsOrMRoILMHnsYAlgd0YuH4cuHkDL2kgcGi6AK4K2A+BZRMex8DTroV/8fVADQQOTylgSuD7lMD+NPBFfRw4eyWigcCF99dYwDGBM2OgBgJL1AewFHBM4GmrsAYCS9EFsC9gNwSWBE7GwPkG/uqViAYCB6cEMBUwXYfkBDZjYHscWH1jggYCF1oJYCrgmMBqDKxW4fXjwF9q4CUNBA5MFcC+gEMC18bATVdhDQQOzhDAVMA0BLYJnL0V1kBgGcoE2M+AfQKfP3+WNuHpGDh8j/4ZV2ENBA5N6d9YwHQdskpg3oTrz8mtvRnziw28tO+fFqCV8tf3byjgkMDpGLjZjYgGAgeny1/u3yqApYD9Ity+G7iFMVADgQPzMvevD2Ap4JDA5kKkvhHRQGAJ+vql/q0COBZwksD5MVADgQuur1+Xv1X/VgEcC9gnsNmEx9PAMzbwUv/Puv9g9R+tirr6P2/cuHnz6OjW7dt37t69d//+8fGDBw8fPnr0+PHj335bPc+Tp51nyXOArerbkjLzJAewFHA2gZuNgXUDhwjeSBG8lSNYVbDPYB/CvoRjDQE2NWTlSZ+/HMCxgDmB1WHgpmPgZBAsEbxZIngnRzBVsMtg18EUwpzC4inAmTU56QvzuO/fKoCpgH0C75QEVoeBG42BpYHVNnytbMNHfQTHCnYZTB1MISwpBNimvi+Pcv9WARwK2CfwqLoPaTfhMzVwbhvOk2CJYKpgzmDqYC7hEEOA7Sht6UvzoAQwFbAk8ObaYeAGY+B0EJxEcKxgzmDqYClhXUOATY1l6UtzXAI4FHAtgRuPgf8lgrmCXQZTB0sJJzkE2EQVlr409/sA9gXcVQLrBjYR7F+RyRUsGUwdLCU8XgsiwBk1WelLc28MYCpgfilmksBNG3h6BNMoOGSw72Ap4f2ZIAKcSZOVnJq7QwD7IXAnCSwNPDmCbQbHEs4FEeBM2q7k2IwB/FkCN2jgqRGsK5gyOJZwrocAZ9WkJefmdlPA3SSw3YbbCOYKpgz2HRxKuFZDgA1VecnBuZUDmAs4TeDmm/CJERxHwVTBPoNDCNsWAmzJ2JgcnaNcwHEI3HoC2214EsFUwT6DpYNNCgG2ayzN0RDAaghcT+DGDTw5gqmCfQZzB5sUAuzCkJubQwC7Au4qgXMRbCuYM1iFUBGBLVpvS6nOjbUCbj+BJ0YwVTBncOjgfAsBtqEuzY0xgKmAO0vgNILTCpYMTkoIsBtjc67PFnDbCRwjuDYK5go2IRREYNvWCzPE59pJQ+D2EjgfwVzBqoOzKQTYpro4pUJXd5zAtQjmCg4ZbEMIsGtjfa5enduDt5vAKoKTClYZlEJg99rmXD2hgNtO4EwEhwquhRBg96oEXdl9AusIDhWsM6iEwDlpy3NlvYC7SOAJFZx2UBSBLTslMlWKdl7ANoJ1BU8PIcAOtA26fB4JPLWCWgich7nynFcBpxWc7yDA+WmbtOsCrldQB4F9mdboPAo4V0EpBM7VbITOq4AnVlAWgR34b705zwL+9woCnIfzLqAOAodiP/0TQmDv9py/1r5/GUAU+64dAAAAAAAAAAAAAAAAAAAAAAAAAAAAAAAAsAv/D84b7usNCmVuZHN0cmVhbQ1lbmRvYmoNMTU2IDAgb2JqDTw8L0JpdHNQZXJDb21wb25lbnQgOCAvQ29sb3JTcGFjZSAvRGV2aWNlUkdCIC9GaWx0ZXIgL0RDVERlY29kZSAvSGVpZ2h0IDQ2OSAvTGVuZ3RoIDE4MTk1IC9TTWFzayAxNTcgMCBSIC9TdWJ0eXBlIC9JbWFnZSAvVHlwZSAvWE9iamVjdCAvV2lkdGggMTI4ND4+DQpzdHJlYW0NCv/Y/+AAEEpGSUYAAQEAAAEAAQAA/9sAQwAIBgYHBgUIBwcHCQkICgwUDQwLCwwZEhMPFB0aHx4dGhwcICQuJyAiLCMcHCg3KSwwMTQ0NB8nOT04MjwuMzQy/9sAQwEJCQkMCwwYDQ0YMiEcITIyMjIyMjIyMjIyMjIyMjIyMjIyMjIyMjIyMjIyMjIyMjIyMjIyMjIyMjIyMjIyMjIy/8AAEQgB1QUEAwEiAAIRAQMRAf/EAB8AAAEFAQEBAQEBAAAAAAAAAAABAgMEBQYHCAkKC//EALUQAAIBAwMCBAMFBQQEAAABfQECAwAEEQUSITFBBhNRYQcicRQygZGhCCNCscEVUtHwJDNicoIJChYXGBkaJSYnKCkqNDU2Nzg5OkNERUZHSElKU1RVVldYWVpjZGVmZ2hpanN0dXZ3eHl6g4SFhoeIiYqSk5SVlpeYmZqio6Slpqeoqaqys7S1tre4ubrCw8TFxsfIycrS09TV1tfY2drh4uPk5ebn6Onq8fLz9PX29/j5+v/EAB8BAAMBAQEBAQEBAQEAAAAAAAABAgMEBQYHCAkKC//EALURAAIBAgQEAwQHBQQEAAECdwABAgMRBAUhMQYSQVEHYXETIjKBCBRCkaGxwQkjM1LwFWJy0QoWJDThJfEXGBkaJicoKSo1Njc4OTpDREVGR0hJSlNUVVZXWFlaY2RlZmdoaWpzdHV2d3h5eoKDhIWGh4iJipKTlJWWl5iZmqKjpKWmp6ipqrKztLW2t7i5usLDxMXGx8jJytLT1NXW19jZ2uLj5OXm5+jp6vLz9PX29/j5+v/aAAwDAQACEQMRAD8A+f6KKKACiiigAooooAKKKKACiiigAooooAKKKKACiiigAooooAKKKKACiiigAooooAKKKKACiiigAooooAKKKKACiiigAooooAKKKKACiiigAooooAKKKKACiiigAooooAKKKKACiiigAooooAKKKKACiiigAooooAKKKKACiiigAooooAKKKKACiiigAooooAKKKKACiiigAooooAKKKKACiiigAooooAKKKKACiiigAooooAKKKKACiiigAooooAKKKKACiiigAooooAKKKKACiiigAooooAKKKKACiiigAooooAKKKKACiiigAooooAKKKKACiiigAooooAKKKKACiiigAooooAKKKKACiiigAooooAKKKKACiiigAooooAKKKKACiiigAooooAKKKKACiiigAooooAKKKKACiiigAooooAKKKKACiiigAooooAKKKMUAFFLiigBKKWigBKKWigBKKWigBKKWigBKKWigBKKWigBKKWigBKKWigBKKWigBKKWigBKKWigBKKWigBKKWigBKKWigBKKWigBKKWigBKKWigBKKWigBKKWigBKKWigBKKWigBKKWigBKKWigBKKWigBKKWigBKKWigBKKWigBKKWigBKKWigBKKWigBKKWigBKKWigBKKWigBKKWigBKKWigBKKWigBKKWigBKKWigBKKWigBKKWigBKKWigBKKWigBKKWigBKKWigBKKWigBKKWigBKKWigBKKWigBKKWigBKKWigBKKWigBKKWigBKKWigBKKWigBKKWigBKKWigBKKWigBKKWigBKKWigBKKWigBKKWigBKKWigBKKWigBKKWigBKKWigBKKWigBKKWigBKKWigBKKWigBKKWigBKKWigBKKXFJQAUUUUAFFFFABRRRQAUUUUAFFFFABRRRQAUUUtABS4oApwFADcUuKfil20AR4pcU/bRtoAZijFSbaNtAEeKMVJto20AR4oxUm2jbQBHijFSbaNtAEeKMVJto20AR4oxUm2jbQBHijFSbaNtAEeKMVJto20AR4oxUm2jbQBHijFSbaNtAEeKMVJto20AR4oxUm2jbQBHijFSbaNtAEeKMVJto20AR4oxUm2jbQBHijFSbaNtAEeKMVJto20AR4oxUm2jbQBHijFSbaNtAEeKMVJto20AR4oxUm2jbQBHijFSbaNtAEeKMVJto20AR4oxUm2jbQBHijFSbaNtAEeKMVJto20AR4oxUm2jbQBHijFSbaNtAEeKMVJto20AR4oxUm2jbQBHijFSbaNtAEeKMVJto20AR4oxUm2jbQBHijFSbaNtAEeKMVJto20AR4oxUm2jbQBHijFSbaNtAEeKMVJto20AR4oxUm2jbQBHijFSbaNtAEeKMVJto20AR4oxUm2jbQBHijFSbaNtAEeKMVJto20AR4oxUm2jbQBHijFSbaNtAEeKMVJto20AR4oxUm2jbQBHijFSbaNtAEeKMVJto20AR4oxUm2jbQBHijFSbaNtAEeKMVJto20AR4oxUm2jbQBHijFSbaNtAEeKMVJto20AR4oxUm2jbQBHijFSbaNtAEeKMVJto20AR4oxUm2jbQBHijFSbaNtAEeKMVJto20AR4oxUm2jbQBHijFSbaNtAEeKMVJto20AR4oxUm2jbQBHijFSbaNtAEeKMVJto20AR4oxUm2k20AR4oxUm2k20AR4pMVJikIoAZSU4ikoASiiigAooooAKKKKACiiigArcg8F+Krq3iuLfw1rM0EqB45I7CVldSMgghcEEc5rDr7f8Cf8k88Nf8AYKtf/RS0AfIP/CCeL/8AoVNc/wDBdL/8TSjwJ4v/AOhV1z/wXS//ABNfbtFAHxIPAni//oVdc/8ABfL/APE04eBfF3/Qra3/AOC+X/4mvtmigD4oHgXxb/0K2t/+C+X/AOJp3/CC+Lf+hW1v/wAF8v8A8TX2rRQB8Vf8IL4t/wChW1v/AMF8v/xNL/wgvi3/AKFfW/8AwXy//E19qUUAfFf/AAgvi3/oV9b/APBfL/8AE0f8IL4t/wChX1v/AMF8v/xNfalFAHxX/wAIL4t/6FfW/wDwXy//ABNH/CC+Lf8AoV9b/wDBfL/8TX2pRQB8V/8ACC+Lf+hX1v8A8F8v/wATR/wgvi3/AKFfW/8AwXy//E19qUUAfFf/AAgvi3/oV9b/APBfL/8AE0f8IL4t/wChX1v/AMF8v/xNfalFAHxX/wAIL4t/6FfW/wDwXy//ABNH/CC+Lf8AoV9b/wDBfL/8TX2pRQB8V/8ACC+Lf+hX1v8A8F8v/wATR/wgvi3/AKFfW/8AwXy//E19qUUAfFf/AAgvi3/oV9b/APBfL/8AE0f8IL4t/wChX1v/AMF8v/xNfalFAHxX/wAIL4t/6FfW/wDwXy//ABNH/CC+Lf8AoV9b/wDBfL/8TX2pRQB8V/8ACC+Lf+hX1v8A8F8v/wATR/wgvi3/AKFfW/8AwXy//E19qUUAfFf/AAgvi3/oV9b/APBfL/8AE0f8IL4t/wChX1v/AMF8v/xNfalFAHxX/wAIL4t/6FfW/wDwXy//ABNH/CC+Lf8AoV9b/wDBfL/8TX2pRQB8V/8ACC+Lf+hX1v8A8F8v/wATR/wgvi3/AKFfW/8AwXy//E19qUUAfFf/AAgvi3/oV9b/APBfL/8AE0f8IL4t/wChX1v/AMF8v/xNfalFAHxX/wAIL4t/6FfW/wDwXy//ABNH/CC+Lf8AoV9b/wDBfL/8TX2pRQB8V/8ACC+Lf+hX1v8A8F8v/wATR/wgvi3/AKFfW/8AwXy//E19qUUAfFf/AAgvi3/oV9b/APBfL/8AE0f8IL4t/wChX1v/AMF8v/xNfalFAHxX/wAIL4t/6FfW/wDwXy//ABNH/CC+Lf8AoV9b/wDBfL/8TX2pRQB8V/8ACC+Lf+hX1v8A8F8v/wATR/wgvi3/AKFfW/8AwXy//E19qUUAfFf/AAgvi3/oV9b/APBfL/8AE0f8IL4t/wChX1v/AMF8v/xNfalFAHxX/wAIL4t/6FfW/wDwXy//ABNH/CC+Lf8AoV9b/wDBfL/8TX2pRQB8V/8ACC+Lf+hX1v8A8F8v/wATR/wgvi3/AKFfW/8AwXy//E19qUUAfFf/AAgvi3/oV9b/APBfL/8AE0f8IL4t/wChX1v/AMF8v/xNfalFAHxX/wAIL4t/6FfW/wDwXy//ABNH/CC+Lf8AoV9b/wDBfL/8TX2pRQB8V/8ACC+Lf+hX1v8A8F8v/wATR/wgvi3/AKFfW/8AwXy//E19qUUAfFf/AAgvi3/oV9b/APBfL/8AE0f8IL4t/wChX1v/AMF8v/xNfalFAHxX/wAIL4t/6FfW/wDwXy//ABNH/CC+Lf8AoV9b/wDBfL/8TX2pRQB8V/8ACC+Lf+hX1v8A8F8v/wATR/wgvi3/AKFfW/8AwXy//E19qUUAfFf/AAgvi3/oV9b/APBfL/8AE0f8IL4t/wChX1v/AMF8v/xNfalFAHxX/wAIL4t/6FfW/wDwXy//ABNH/CC+Lf8AoV9b/wDBfL/8TX2pRQB8V/8ACC+Lf+hX1v8A8F8v/wATR/wgvi3/AKFfW/8AwXy//E19qUUAfFf/AAgvi3/oV9b/APBfL/8AE0f8IL4t/wChX1v/AMF8v/xNfalFAHxX/wAIL4t/6FfW/wDwXy//ABNH/CC+Lf8AoV9b/wDBfL/8TX2pRQB8V/8ACC+Lf+hX1v8A8F8v/wATR/wgvi3/AKFfW/8AwXy//E19qUUAfFf/AAgvi3/oV9b/APBfL/8AE0f8IL4t/wChX1v/AMF8v/xNfalFAHxX/wAIL4t/6FfW/wDwXy//ABNH/CC+Lf8AoV9b/wDBfL/8TX2pRQB8V/8ACC+Lf+hX1v8A8F8v/wATR/wgvi3/AKFfW/8AwXy//E19qUUAfFf/AAgvi3/oV9b/APBfL/8AE0f8IL4t/wChX1v/AMF8v/xNfalFAHxX/wAIL4t/6FfW/wDwXy//ABNH/CC+Lf8AoV9b/wDBfL/8TX2pRQB8V/8ACC+Lf+hX1v8A8F8v/wATR/wgvi3/AKFfW/8AwXy//E19qUUAfFf/AAgvi3/oV9b/APBfL/8AE0f8IL4t/wChX1v/AMF8v/xNfalFAHxX/wAIL4t/6FfW/wDwXy//ABNH/CC+Lf8AoV9b/wDBfL/8TX2pRQB8V/8ACC+Lf+hX1v8A8F8v/wATR/wgvi3/AKFfW/8AwXy//E19qUUAfFf/AAgvi3/oV9b/APBfL/8AE0f8IL4t/wChX1v/AMF8v/xNfalFAHxX/wAIL4t/6FfW/wDwXy//ABNH/CC+Lf8AoV9b/wDBfL/8TX2pRQB8V/8ACC+Lf+hX1v8A8F8v/wATR/wgvi3/AKFfW/8AwXy//E19qUUAfFf/AAgvi3/oV9b/APBfL/8AE0f8IL4t/wChX1v/AMF8v/xNfalFAHxX/wAIL4t/6FfW/wDwXy//ABNH/CC+Lf8AoV9b/wDBfL/8TX2pRQB8V/8ACC+Lf+hX1v8A8F8v/wATR/wgvi3/AKFfW/8AwXy//E19qUUAfFf/AAgvi3/oV9b/APBfL/8AE0f8IL4t/wChX1v/AMF8v/xNfalFAHxX/wAIL4t/6FfW/wDwXy//ABNH/CC+Lf8AoV9b/wDBfL/8TX2pRQB8V/8ACC+Lf+hX1v8A8F8v/wATR/wgvi3/AKFfW/8AwXy//E19qUUAfFf/AAgvi3/oV9b/APBfL/8AE0f8IL4t/wChX1v/AMF8v/xNfalFAHxX/wAIL4t/6FfW/wDwXy//ABNH/CC+Lf8AoV9b/wDBfL/8TX2pRQB8V/8ACC+Lf+hX1v8A8F8v/wATR/wgvi3/AKFfW/8AwXy//E19qUUAfFf/AAgvi3/oV9b/APBfL/8AE0f8IL4t/wChX1v/AMF8v/xNfalFAHxX/wAIL4t/6FfW/wDwXy//ABNH/CC+Lf8AoV9b/wDBfL/8TX2pRQB8V/8ACC+Lf+hX1v8A8F8v/wATR/wgvi3/AKFfW/8AwXy//E19qUUAfFf/AAgvi3/oV9b/APBfL/8AE0f8IL4t/wChX1v/AMF8v/xNfalFAHxX/wAIL4t/6FfW/wDwXy//ABNH/CC+Lf8AoV9b/wDBfL/8TX2pRQB8V/8ACC+Lf+hX1v8A8F8v/wATR/wgvi3/AKFfW/8AwXy//E19qUUAfFf/AAgvi3/oV9b/APBfL/8AE0f8IL4t/wChX1v/AMF8v/xNfalFAHxX/wAIL4t/6FfW/wDwXy//ABNH/CC+Lf8AoV9b/wDBfL/8TX2pRQB8V/8ACC+Lf+hX1v8A8F8v/wATR/wgvi3/AKFfW/8AwXy//E19qUUAfFf/AAgvi3/oV9b/APBfL/8AE0f8IL4t/wChX1v/AMF8v/xNfalFAHxX/wAIL4t/6FfW/wDwXy//ABNH/CC+Lf8AoV9b/wDBfL/8TX2pRQB8V/8ACC+Lf+hX1v8A8F8v/wATR/wgvi3/AKFfW/8AwXy//E19qUUAfFf/AAgvi3/oV9b/APBfL/8AE0f8IL4t/wChX1v/AMF8v/xNfalFAHxX/wAIL4t/6FfW/wDwXy//ABNH/CC+Lf8AoV9b/wDBfL/8TX2pRQB8V/8ACC+Lf+hX1v8A8F8v/wATUc/gzxPa28lxceHNXihiUvJJJYyqqKBkkkrgADvX2xWF43/5EHxH/wBgu5/9FNQB8U7aQrU5WkK0AVytNIqcrTGFAEBFNIqQimEUANpKWkoAKKKKACiiigAooooAK+3/AAJ/yTzw1/2CrX/0UtfEFfb/AIE/5J54a/7BVr/6KWgDoKKKKACiiigAooooAKKKKACiiigAooooAKKKKACiiigAooooAKKKKACiiigAooooAKKKKACiiigAooooAKKKKACiiigAooooAKKKKACiiigAooooAKKKKACiiigAooooAKKKKACiiigAooooAKKKKACiiigAooooAKKKKACiiigAooooAKKKKACiiigAooooAKKKKACiiigAooooAKKKKACiiigAooooAKKKKACiiigAooooAKKKKACiiigAooooAKKKKACiiigAooooAKKKKACiiigAooooAKKKKACiiigAooooAKKKKACiiigAooooAKKKKACiiigAooooAKKKKACiiigAooooAKKKKACiiigAooooAKKKKACiiigAooooAKwvGv8AyIfiL/sGXP8A6Kat2sPxr/yIniH/ALBlz/6KagD4zIppFSkU0igCEiomFWGFQsKAIGFRmpWqNqAGGmmnGmmgAooooAKKKKACiiigAr7f8Cf8k88Nf9gq1/8ARS18QV9v+BP+SeeGv+wVa/8AopaAOgooooAKKKKACiiigAooooAKKKKACiiigAooooAKKKKACiiigAooooAKKKKACiiigAooooAKKKKACiiigAooooAKKKKACiiigAooooAKKKKACiiigAooooAKKKKACiiigAooooAKKKKACiiigAooooAKKKKACiiigAooooAKKKKACiiigAooooAKKKKACiiigAooooAKKKKACiiigAooooAKKKKACiiigAooooAKKKKACiiigAooooAKKKKACiiigAooooAKKKKACiiigAooooAKKKKACiiigAooooAKKKKACiiigAooooAKKKKACiiigAooooAKKKKACiiigAooooAKKKKACiiigAooooAKKKKACiiigAooooAKKKKACiiigArD8af8iJ4h/wCwZc/+imrcrD8af8iJ4h/7Blz/AOimoA+OCKaaeaaaAImqJ6maoXoAgaozUrVE1AEZpppxppoAKKKKACiiigAooooAK+3/AAJ/yTzw1/2CrX/0UtfEFfb/AIE/5J54a/7BVr/6KWgDoKKKKACiiigAooooAKKKKACiiigAooooAKKKKACiiigAooooAKKKKACiiigAooooAKKKKACiiigAooooAKKKKACiiigAooooAKKKKACiiigAooooAKKKKACiiigAooooAKKKKACiiigAooooAKKKKACiiigAooooAKKKKACiiigAooooAKKKKACiiigAooooAKKKKACiiigAooooAKKKKACiiigAooooAKKKKACiiigAooooAKKKKACiiigAooooAKKKKACiiigAooooAKKKKACiiigAooooAKKKKACiiigAooooAKKKKACiiigAooooAKKKKACiiigAooooAKKKKACiiigAooooAKKKKACiiigAooooAKKKKACiiigAooooAKw/Gn/IieIf+wZc/wDopq3Kw/Gn/IieIf8AsGXP/opqAPjo0w080w0ARtUL1M1QvQBC1RNUrVE1AEZpDSmkNACUUUUAFFFFABRRRQAV9v8AgT/knnhr/sFWv/opa+IK+3/An/JPPDX/AGCrX/0UtAHQUUUUAFFFFABRRRQAUUUUAFFFFABRRRQAUUUUAFFFFABRRRQAUUUUAFFFFABRRRQAUUUUAFFFFABRRRQAUUUUAFFFFABRRRQAUUUUAFFFFABRRRQAUUUUAFFFFABRRRQAUUUUAFFFFABRRRQAUUUUAFFFFABRRRQAUUUUAFFFFABRRRQAUUUUAFFFFABRRRQAUUUUAFFFFABRRRQAUUUUAFFFFABRRRQAUUUUAFFFFABRRRQAUUUUAFFFFABRRRQAUUUUAFFFFABRRRQAUUUUAFFFFABRRRQAUUUUAFFFFABRRRQAUUUUAFFFFABRRRQAUUUUAFFFFABRRRQAUUUUAFFFFABRRRQAUUUUAFFFFABRRRQAUUUUAFFFFABRRRQAVh+NP+RE8Q/9gy5/9FNW5WH40/5ETxD/ANgy5/8ARTUAfHRphp5phoAjaoXqZqhegCFqiapWqJqAIzSGlNIaAEooooAKKKKACiiigAr7f8Cf8k88Nf8AYKtf/RS18QV9v+BP+SeeGv8AsFWv/opaAOgooooAKKKKACiiigAooooAKKKKACiiigAooooAKKKKACiiigAooooAKKKKACiiigAooooAKKKKACiiigAooooAKKKKACiiigAooooAKKKKACiiigAooooAKKKKACiiigAooooAKKKKACiiigAooooAKKKKACiiigAooooAKKKKACiiigAooooAKKKKACiiigAooooAKKKKACiiigAooooAKKKKACiiigAooooAKKKKACiiigAooooAKKKKACiiigAooooAKKKKACiiigAooooAKKKKACiiigAooooAKKKKACiiigAooooAKKKKACiiigAooooAKKKKACiiigAooooAKKKKACiiigAooooAKKKKACiiigAooooAKKKKACiiigArD8af8iJ4h/7Blz/6KatysPxp/wAiJ4h/7Blz/wCimoA+OjTDTzTDQBG1QvUzVC9AELVE1StUTUARmkNKaQ0AJRRRQAUUUUAFFFFABX2/4E/5J54a/wCwVa/+ilr4gr7f8Cf8k88Nf9gq1/8ARS0AdBRRRQAUUUUAFFFFABRRRQAUUUUAFFFFABRRRQAUUUUAFFFFABRRRQAUUUUAFFFFABRRRQAUUUUAFFFFABRRRQAUUUUAFFFFABRRRQAUUUUAFFFFABRRRQAUUUUAFFFFABRRRQAUUUUAFFFFABRRRQAUUUUAFFFFABRRRQAUUUUAFFFFABRRRQAUUUUAFFFFABRRRQAUUUUAFFFFABRRRQAUUUUAFFFFABRRRQAUUUUAFFFFABRRRQAUUUUAFFFFABRRRQAUUUUAFFFFABRRRQAUUUUAFFFFABRRRQAUUUUAFFFFABRRRQAUUUUAFFFFABRRRQAUUUUAFFFFABRRRQAUUUUAFFFFABRRRQAUUUUAFFFFABRRRQAUUUUAFFFFABWH40/5ETxD/wBgy5/9FNW5WH40/wCRE8Q/9gy5/wDRTUAfHRphp5phoAjaoXqZqhegCFqiapWqJqAIzSGlNIaAEooooAKKKKACiiigAr7f8Cf8k88Nf9gq1/8ARS18QV9v+BP+SeeGv+wVa/8AopaAOgooooAKKKKACiiigAooooAKKKKACiiigAooooAKKKKACiiigAooooAKKKKACiiigAooooAKKKKACiiigAooooAKKKKACiiigAooooAKKKKACiiigAooooAKKKKACiiigAooooAKKKKACiiigAooooAKKKKACiiigAooooAKKKKACiiigAooooAKKKKACiiigAooooAKKKKACiiigAooooAKKKKACiiigAooooAKKKKACiiigAooooAKKKKACiiigAooooAKKKKACiiigAooooAKKKKACiiigAooooAKKKKACiiigAooooAKKKKACiiigAooooAKKKKACiiigAooooAKKKKACiiigAooooAKKKKACiiigAooooAKKKKACiiigArD8af8iJ4h/wCwZc/+imrcrD8af8iJ4h/7Blz/AOimoA+OjTDTzTDQBG1QvUzVC9AELVE1StUTUARmkNKaQ0AJRRRQAUUUUAFFFFABX2/4E/5J54a/7BVr/wCilr4gr7f8Cf8AJPPDX/YKtf8A0UtAHQUUUUAFFFFABRRRQAUUUUAFFFFABRRRQAUUUUAFFFFABRRRQAUUUUAFFFFABRRRQAUUUUAFFFFABRRRQAUUUUAFFFFABRRRQAUUUUAFFFFABRRRQAUUUUAFFFFABRRRQAUUUUAFFFFABRRRQAUUUUAFFFFABRRRQAUUUUAFFFFABRRRQAUUUUAFFFFABRRRQAUUUUAFFFFABRRRQAUUUUAFFFFABRRRQAUUUUAFFFFABRRRQAUUUUAFFFFABRRRQAUUUUAFFFFABRRRQAUUUUAFFFFABRRRQAUUUUAFFFFABRRRQAUUUUAFFFFABRRRQAUUUUAFFFFABRRRQAUUUUAFFFFABRRRQAUUUUAFFFFABRRRQAUUUUAFFFFABRRRQAVh+NP+RE8Q/wDYMuf/AEU1blYfjT/kRPEP/YMuf/RTUAfHRphp5phoAjaoXqZqhegCFqiapWqJqAIzSGlNIaAEooooAKKKKACiiigAr7f8Cf8AJPPDX/YKtf8A0UtfEFfb/gT/AJJ54a/7BVr/AOiloA6CiiigAooooAKKKKACiiigAooooAKKKKACiiigAooooAKKKKACiiigAooooAKKKKACiiigAooooAKKKKACiiigAooooAKKKKACiiigAooooAKKKKACiiigAooooAKKKKACiiigAooooAKKKKACiiigAooooAKKKKACiiigAooooAKKKKACiiigAooooAKKKKACiiigAooooAKKKKACiiigAooooAKKKKACiiigAooooAKKKKACiiigAooooAKKKKACiiigAooooAKKKKACiiigAooooAKKKKACiiigAooooAKKKKACiiigAooooAKKKKACiiigAooooAKKKKACiiigAooooAKKKKACiiigAooooAKKKKACiiigAooooAKKKKACsPxp/wAiJ4h/7Blz/wCimrcrD8af8iJ4h/7Blz/6KagD46NMNPNMNAEbVC9TNUL0AQtUTVK1RNQBGaQ0ppDQAlFFFABRRRQAUUUUAFfb/gT/AJJ54a/7BVr/AOilr4gr7f8AAn/JPPDX/YKtf/RS0AdBRRRQAUUUUAFFFFABRRRQAUUUUAFFFFABRRRQAUUUUAFFFFABRRRQAUUUUAFFFFABRRRQAUUUUAFFFFABRRRQAUUUUAFFFFABRRRQAUUUUAFFFFABRRRQAUUUUAFFFFABRRRQAUUUUAFFFFABRRRQAUUUUAFFFFABRRRQAUUUUAFFFFABRRRQAUUUUAFFFFABRRRQAUUUUAFFFFABRRRQAUUUUAFFFFABRRRQAUUUUAFFFFABRRRQAUUUUAFFFFABRRRQAUUUUAFFFFABRRRQAUUUUAFFFFABRRRQAUUUUAFFFFABRRRQAUUUUAFFFFABRRRQAUUUUAFFFFABRRRQAUUUUAFFFFABRRRQAUUUUAFFFFABRRRQAUUUUAFFFFABWH40/wCRE8Q/9gy5/wDRTVuVh+NP+RE8Q/8AYMuf/RTUAfHRphp5phoAjaoXqZqhegCFqiapWqJqAIzSGlNIaAEooooAKKKKACiiigAr7f8AAn/JPPDX/YKtf/RS18QV9v8AgT/knnhr/sFWv/opaAOgooooAKKKKACiiigAooooAKKKKACiiigAooooAKKKKACiiigAooooAKKKKACiiigAooooAKKKKACiiigAooooAKKKKACiiigAooooAKKKKACiiigAooooAKKKKACiiigAooooAKKKKACiiigAooooAKKKKACiiigAooooAKKKKACiiigAooooAKKKKACiiigAooooAKKKKACiiigAooooAKKKKACiiigAooooAKKKKACiiigAooooAKKKKACiiigAooooAKKKKACiiigAooooAKKKKACiiigAooooAKKKKACiiigAooooAKKKKACiiigAooooAKKKKACiiigAooooAKKKKACiiigAooooAKKKKACiiigAooooAKKKKACiiigArD8af8iJ4h/7Blz/AOimrcrD8af8iJ4h/wCwZc/+imoA+OjTDTzTDQBG1QvUzVC9AELVE1StUTUARmkNKaQ0AJRRRQAUUUUAFFFFABX2/wCBP+SeeGv+wVa/+ilr4gr7f8Cf8k88Nf8AYKtf/RS0AdBRRRQAUUUUAFFFFABRRRQAUUUUAFFFFABRRRQAUUUUAFFFFABRRRQAUUUUAFFFFABRRRQAUUUUAFFFFABRRRQAUUUUAFFFFABRRRQAUUUUAFFFFABRRRQAUUUUAFFFFABRRRQAUUUUAFFFFABRRRQAUUUUAFFFFABRRRQAUUUUAFFFFABRRRQAUUUUAFFFFABRRRQAUUUUAFFFFABRRRQAUUUUAFFFFABRRRQAUUUUAFFFFABRRRQAUUUUAFFFFABRRRQAUUUUAFFFFABRRRQAUUUUAFFFFABRRRQAUUUUAFFFFABRRRQAUUUUAFFFFABRRRQAUUUUAFFFFABRRRQAUUUUAFFFFABRRRQAUUUUAFFFFABRRRQAUUUUAFFFFABWH40/5ETxD/2DLn/0U1blYfjT/kRPEP8A2DLn/wBFNQB8dGmGnmmGgCNqhepmqF6AIWqJqlaomoAjNIaU0hoASiiigAooooAKKKKACvt/wJ/yTzw1/wBgq1/9FLXxBX2/4E/5J54a/wCwVa/+iloA6CiiigAooooAKKKKACiiigAooooAKKKKACiiigAooooAKKKKACiiigAooooAKKKKACiiigAooooAKKKKACiiigAooooAKKKKACiiigAooooAKKKKACiiigAooooAKKKKACiiigAooooAKKKKACiiigAooooAKKKKACiiigAooooAKKKKACiiigAooooAKKKKACiiigAooooAKKKKACiiigAooooAKKKKACiiigAooooAKKKKACiiigAooooAKKKKACiiigAooooAKKKKACiiigAooooAKKKKACiiigAooooAKKKKACiiigAooooAKKKKACiiigAooooAKKKKACiiigAooooAKKKKACiiigAooooAKKKKACiiigAooooAKKKKACsPxp/yIniH/sGXP/opq3Kw/Gn/ACIniH/sGXP/AKKagD46NMNPNMNAEbVC9TNUL0AQtUTVK1RNQBGaQ0ppDQAlFFFABRRRQAUUUUAFfb/gT/knnhr/ALBVr/6KWviCvt/wJ/yTzw1/2CrX/wBFLQB0FFFFABRRRQAUUUUAFFFFABRRRQAUUUUAFFFFABRRRQAUUUUAFFFFABRRRQAUUUUAFFFFABRRRQAUUUUAFFFFABRRRQAUUUUAFFFFABRRRQAUUUUAFFFFABRRRQAUUUUAFFFFABRRRQAUUUUAFFFFABRRRQAUUUUAFFFFABRRRQAUUUUAFFFFABRRRQAUUUUAFFFFABRRRQAUUUUAFFFFABRRRQAUUUUAFFFFABRRRQAUUUUAFFFFABRRRQAUUUUAFFFFABRRRQAUUUUAFFFFABRRRQAUUUUAFFFFABRRRQAUUUUAFFFFABRRRQAUUUUAFFFFABRRRQAUUUUAFFFFABRRRQAUUUUAFFFFABRRRQAUUUUAFFFFABRRRQAUUUUAFYfjT/kRPEP/AGDLn/0U1blYfjT/AJETxD/2DLn/ANFNQB8dGmGnmmGgCNqhepmqF6AIWqJqlaomoAjNIaU0hoASiiigAooooAKKKKACvt/wJ/yTzw1/2CrX/wBFLXxBX2/4E/5J54a/7BVr/wCiloA6CiiigAooooAKKKKACiiigAooooAKKKKACiiigAooooAKKKKACiiigAooooAKKKKACiiigAooooAKKKKACiiigAooooAKKKKACiiigAooooAKKKKACiiigAooooAKKKKACiiigAooooAKKKKACiiigAooooAKKKKACiiigAooooAKKKKACiiigAooooAKKKKACiiigAooooAKKKKACiiigAooooAKKKKACiiigAooooAKKKKACiiigAooooAKKKKACiiigAooooAKKKKACiiigAooooAKKKKACiiigAooooAKKKKACiiigAooooAKKKKACiiigAooooAKKKKACiiigAooooAKKKKACiiigAooooAKKKKACiiigAooooAKKKKACsPxp/yIniH/ALBlz/6KatysPxp/yIniH/sGXP8A6KagD46NMNPNMNAEbVC9TNUL0AQtUTVK1RNQBGaQ0ppDQAlFFFABRRRQAUUUUAFfb/gT/knnhr/sFWv/AKKWviCvt/wJ/wAk88Nf9gq1/wDRS0AdBRRRQAUUUUAFFFFABRRRQAUUUUAFFFFABRRRQAUUUUAFFFFABRRRQAUUUUAFFFFABRRRQAUUUUAFFFFABRRRQAUUUUAFFFFABRRRQAUUUUAFFFFABRRRQAUUUUAFFFFABRRRQAUUUUAFFFFABRRRQAUUUUAFFFFABRRRQAUUUUAFFFFABRRRQAUUUUAFFFFABRRRQAUUUUAFFFFABRRRQAUUUUAFFFFABRRRQAUUUUAFFFFABRRRQAUUUUAFFFFABRRRQAUUUUAFFFFABRRRQAUUUUAFFFFABRRRQAUUUUAFFFFABRRRQAUUUUAFFFFABRRRQAUUUUAFFFFABRRRQAUUUUAFFFFABRRRQAUUUUAFFFFABRRRQAUUUUAFFFFABWH40/5ETxD/ANgy5/8ARTVuVh+NP+RE8Q/9gy5/9FNQB8dGmGnmmGgCNqhepmqF6AIWqJqlaomoAjNIaU0hoASiiigAooooAKKKKACvt/wJ/wAk88Nf9gq1/wDRS18QV9v+BP8Aknnhr/sFWv8A6KWgDoKKKKACiiigAooooAKKKKACiiigAooooAKKKKACiiigAooooAKKKKACiiigAooooAKKKKACiiigAooooAKKKKACiiigAooooAKKKKACiiigAooooAKKKKACiiigAooooAKKKKACiiigAooooAKKKKACiiigAooooAKKKKACiiigAooooAKKKKACiiigAooooAKKKKACiiigAooooAKKKKACiiigAooooAKKKKACiiigAooooAKKKKACiiigAooooAKKKKACiiigAooooAKKKKACiiigAooooAKKKKACiiigAooooAKKKKACiiigAooooAKKKKACiiigAooooAKKKKACiiigAooooAKKKKACiiigAooooAKKKKACiiigAooooAKw/Gn/ACIniH/sGXP/AKKatysPxp/yIniH/sGXP/opqAPjo0w080w0ARtUL1M1QvQBC1RNUrVE1AEZpDSmkNACUUUUAFFFFABRRRQAV9v+BP8Aknnhr/sFWv8A6KWviCvt/wACf8k88Nf9gq1/9FLQB0FFFFABRRRQAUUUUAFFFFABRRRQAUUUUAFFFFABRRRQAUUUUAFFFFABRRRQAUUUUAFFFFABRRRQAUUUUAFFFFABRRRQAUUUUAFFFFABRRRQAUUUUAFFFFABRRRQAUUUUAFFFFABRRRQAUUUUAFFFFABRRRQAUUUUAFFFFABRRRQAUUUUAFFFFABRRRQAUUUUAFFFFABRRRQAUUUUAFFFFABRRRQAUUUUAFFFFABRRRQAUUUUAFFFFABRRRQAUUUUAFFFFABRRRQAUUUUAFFFFABRRRQAUUUUAFFFFABRRRQAUUUUAFFFFABRRRQAUUUUAFFFFABRRRQAUUUUAFFFFABRRRQAUUUUAFFFFABRRRQAUUUUAFFFFABRRRQAUUUUAFYfjT/AJETxD/2DLn/ANFNW5WH40/5ETxD/wBgy5/9FNQB8dGmGnmmGgCNqhepmqF6AIWqJqlaomoAjNIaU0hoASiiigAooooAKKKKACvt/wACf8k88Nf9gq1/9FLXxBX2/wCBP+SeeGv+wVa/+iloA6CiiigAooooAKKKKACiiigAooooAKKKKACiiigAooooAKKKKACiiigAooooAKKKKACiiigAooooAKKKKACiiigAooooAKKKKACiiigAooooAKKKKACiiigAooooAKKKKACiiigAooooAKKKKACiiigAooooAKKKKACiiigAooooAKKKKACiiigAooooAKKKKACiiigAooooAKKKKACiiigAooooAKKKKACiiigAooooAKKKKACiiigAooooAKKKKACiiigAooooAKKKKACiiigAooooAKKKKACiiigAooooAKKKKACiiigAooooAKKKKACiiigAooooAKKKKACiiigAooooAKKKKACiiigAooooAKKKKACiiigAooooAKKKKACsPxp/yIniH/sGXP8A6KatysPxp/yIniH/ALBlz/6KagD46NMNPNMNAEbVC9TNUL0AQtUTVK1RNQBGaQ0ppDQAlFFFABRRRQAUUUUAFfb/AIE/5J54a/7BVr/6KWviCvt/wJ/yTzw1/wBgq1/9FLQB0FFFFABRRRQAUUUUAFFFFABRRRQAUUUUAFFFFABRRRQAUUUUAFFFFABRRRQAUUUUAFFFFABRRRQAUUUUAFFFFABRRRQAUUUUAFFFFABRRRQAUUUUAFFFFABRRRQAUUUUAFFFFABRRRQAUUUUAFFFFABRRRQAUUUUAFFFFABRRRQAUUUUAFFFFABRRRQAUUUUAFFFFABRRRQAUUUUAFFFFABRRRQAUUUUAFFFFABRRRQAUUUUAFFFFABRRRQAUUUUAFFFFABRRRQAUUUUAFFFFABRRRQAUUUUAFFFFABRRRQAUUUUAFFFFABRRRQAUUUUAFFFFABRRRQAUUUUAFFFFABRRRQAUUUUAFFFFABRRRQAUUUUAFFFFABRRRQAUUUUAFYfjT/kRPEP/YMuf/RTVuVh+NP+RE8Q/wDYMuf/AEU1AHx0aYacaaaAI2qF6maoXoAhaomqRqjNAEZpppxppoAKKKKACiiigAooooAK+3/An/JPPDX/AGCrX/0UtfEFfb/gT/knnhr/ALBVr/6KWgDoKKKKACiiigAooooAKKKKACiiigAooooAKKKKACiiigAooooAKKKKACiiigAooooAKKKKACiiigAooooAKKKKACiiigAooooAKKKKACiiigAooooAKKKKACiiigAooooAKKKKACiiigAooooAKKKKACiiigAooooAKKKKACiiigAooooAKKKKACiiigAooooAKKKKACiiigAooooAKKKKACiiigAooooAKKKKACiiigAooooAKKKKACiiigAooooAKKKKACiiigAooooAKKKKACiiigAooooAKKKKACiiigAooooAKKKKACiiigAooooAKKKKACiiigAooooAKKKKACiiigAooooAKKKKACiiigAooooAKKKKACiiigAooooAKw/Gn/IieIf+wZc/+imrcrC8a/8AIh+Iv+wZc/8AopqAPjkmmE0E00mgBGNQtUjGomNAETVEakaozQAw0004000AFFFFABRRRQAUUUUAFfb/AIE/5J54a/7BVr/6KWviCvqfwn8X/AmmeDdDsLzXfLurXT7eGZPsk52usahhkJg4IPSgD1iiuA/4XZ8PP+hh/wDJK4/+N0f8Ls+Hn/Qwf+SVx/8AG6AO/orgf+F1/D3/AKGD/wAk7j/43R/wun4ff9DB/wCSdx/8RQB31FcF/wALo+H/AP0H/wDyTn/+Io/4XR8P/wDoP/8AknP/APEUAd7RXB/8Ln+H/wD0H/8AyTn/APiKP+Fz/D//AKD/AP5Jz/8AxFAHeUVwf/C5/h//ANB//wAk5/8A4ij/AIXP8P8A/oP/APknP/8AEUAd5RXB/wDC5/h//wBB/wD8k5//AIij/hc/w/8A+g//AOSc/wD8RQB3lFcH/wALn+H/AP0H/wDyTn/+Io/4XP8AD/8A6D//AJJz/wDxFAHeUVwf/C5/h/8A9B//AMk5/wD4ij/hc/w//wCg/wD+Sc//AMRQB3lFcH/wuf4f/wDQf/8AJOf/AOIo/wCFz/D/AP6D/wD5Jz//ABFAHeUVwf8Awuf4f/8AQf8A/JOf/wCIo/4XP8P/APoP/wDknP8A/EUAd5RXB/8AC5/h/wD9B/8A8k5//iKP+Fz/AA//AOg//wCSc/8A8RQB3lFcH/wuf4f/APQf/wDJOf8A+Io/4XP8P/8AoP8A/knP/wDEUAd5RXB/8Ln+H/8A0H//ACTn/wDiKP8Ahc/w/wD+g/8A+Sc//wARQB3lFcH/AMLn+H//AEH/APyTn/8AiKP+Fz/D/wD6D/8A5Jz/APxFAHeUVwf/AAuf4f8A/Qf/APJOf/4ij/hc/wAP/wDoP/8AknP/APEUAd5RXB/8Ln+H/wD0H/8AyTn/APiKP+Fz/D//AKD/AP5Jz/8AxFAHeUVwf/C5/h//ANB//wAk5/8A4ij/AIXP8P8A/oP/APknP/8AEUAd5RXB/wDC5/h//wBB/wD8k5//AIij/hc/w/8A+g//AOSc/wD8RQB3lFcH/wALn+H/AP0H/wDyTn/+Io/4XP8AD/8A6D//AJJz/wDxFAHeUVwf/C5/h/8A9B//AMk5/wD4ij/hc/w//wCg/wD+Sc//AMRQB3lFcH/wuf4f/wDQf/8AJOf/AOIo/wCFz/D/AP6D/wD5Jz//ABFAHeUVwf8Awuf4f/8AQf8A/JOf/wCIo/4XP8P/APoP/wDknP8A/EUAd5RXB/8AC5/h/wD9B/8A8k5//iKP+Fz/AA//AOg//wCSc/8A8RQB3lFcH/wuf4f/APQf/wDJOf8A+Io/4XP8P/8AoP8A/knP/wDEUAd5RXB/8Ln+H/8A0H//ACTn/wDiKP8Ahc/w/wD+g/8A+Sc//wARQB3lFcH/AMLn+H//AEH/APyTn/8AiKP+Fz/D/wD6D/8A5Jz/APxFAHeUVwf/AAuf4f8A/Qf/APJOf/4ij/hc/wAP/wDoP/8AknP/APEUAd5RXB/8Ln+H/wD0H/8AyTn/APiKP+Fz/D//AKD/AP5Jz/8AxFAHeUVwf/C5/h//ANB//wAk5/8A4ij/AIXP8P8A/oP/APknP/8AEUAd5RXB/wDC5/h//wBB/wD8k5//AIij/hc/w/8A+g//AOSc/wD8RQB3lFcH/wALn+H/AP0H/wDyTn/+Io/4XP8AD/8A6D//AJJz/wDxFAHeUVwf/C5/h/8A9B//AMk5/wD4ij/hc/w//wCg/wD+Sc//AMRQB3lFcH/wuf4f/wDQf/8AJOf/AOIo/wCFz/D/AP6D/wD5Jz//ABFAHeUVwf8Awuf4f/8AQf8A/JOf/wCIo/4XP8P/APoP/wDknP8A/EUAd5RXB/8AC5/h/wD9B/8A8k5//iKP+Fz/AA//AOg//wCSc/8A8RQB3lFcH/wuf4f/APQf/wDJOf8A+Io/4XP8P/8AoP8A/knP/wDEUAd5RXB/8Ln+H/8A0H//ACTn/wDiKP8Ahc/w/wD+g/8A+Sc//wARQB3lFcH/AMLn+H//AEH/APyTn/8AiKP+Fz/D/wD6D/8A5Jz/APxFAHeUVwf/AAuf4f8A/Qf/APJOf/4ij/hc/wAP/wDoP/8AknP/APEUAd5RXB/8Ln+H/wD0H/8AyTn/APiKP+Fz/D//AKD/AP5Jz/8AxFAHeUVwf/C5/h//ANB//wAk5/8A4ij/AIXP8P8A/oP/APknP/8AEUAd5RXB/wDC5/h//wBB/wD8k5//AIij/hc/w/8A+g//AOSc/wD8RQB3lFcH/wALn+H/AP0H/wDyTn/+Io/4XP8AD/8A6D//AJJz/wDxFAHeUVwf/C5/h/8A9B//AMk5/wD4ij/hc/w//wCg/wD+Sc//AMRQB3lFcH/wuf4f/wDQf/8AJOf/AOIo/wCFz/D/AP6D/wD5Jz//ABFAHeUVwf8Awuf4f/8AQf8A/JOf/wCIo/4XP8P/APoP/wDknP8A/EUAd5RXB/8AC5/h/wD9B/8A8k5//iKP+Fz/AA//AOg//wCSc/8A8RQB3lFcH/wuf4f/APQf/wDJOf8A+Io/4XP8P/8AoP8A/knP/wDEUAd5RXB/8Ln+H/8A0H//ACTn/wDiKP8Ahc/w/wD+g/8A+Sc//wARQB3lFcH/AMLn+H//AEH/APyTn/8AiKP+Fz/D/wD6D/8A5Jz/APxFAHeUVwf/AAuf4f8A/Qf/APJOf/4ij/hc/wAP/wDoP/8AknP/APEUAd5RXB/8Ln+H/wD0H/8AyTn/APiKP+Fz/D//AKD/AP5Jz/8AxFAHeUVwf/C5/h//ANB//wAk5/8A4ij/AIXP8P8A/oP/APknP/8AEUAd5RXB/wDC5/h//wBB/wD8k5//AIij/hc/w/8A+g//AOSc/wD8RQB3lFcH/wALn+H/AP0H/wDyTn/+Io/4XP8AD/8A6D//AJJz/wDxFAHeUVwf/C5/h/8A9B//AMk5/wD4ij/hc/w//wCg/wD+Sc//AMRQB3lFcH/wuf4f/wDQf/8AJOf/AOIo/wCFz/D/AP6D/wD5Jz//ABFAHeUVwf8Awuf4f/8AQf8A/JOf/wCIo/4XP8P/APoP/wDknP8A/EUAd5RXB/8AC5/h/wD9B/8A8k5//iKP+Fz/AA//AOg//wCSc/8A8RQB3lFcH/wuf4f/APQf/wDJOf8A+Io/4XP8P/8AoP8A/knP/wDEUAd5RXB/8Ln+H/8A0H//ACTn/wDiKP8Ahc/w/wD+g/8A+Sc//wARQB3lFcH/AMLn+H//AEH/APyTn/8AiKP+Fz/D/wD6D/8A5Jz/APxFAHeUVwf/AAuf4f8A/Qf/APJOf/4ij/hc/wAP/wDoP/8AknP/APEUAd5RXB/8Ln+H/wD0H/8AyTn/APiKP+Fz/D//AKD/AP5Jz/8AxFAHeUVwf/C5/h//ANB//wAk5/8A4ij/AIXP8P8A/oP/APknP/8AEUAd5RXB/wDC5/h//wBB/wD8k5//AIij/hc/w/8A+g//AOSc/wD8RQB3lFcH/wALn+H/AP0H/wDyTn/+Io/4XP8AD/8A6D//AJJz/wDxFAHeUVwf/C5/h/8A9B//AMk5/wD4ij/hc/w//wCg/wD+Sc//AMRQB3lFcH/wuf4f/wDQf/8AJOf/AOIo/wCFz/D/AP6D/wD5Jz//ABFAHeUVwf8Awuf4f/8AQf8A/JOf/wCIo/4XP8P/APoP/wDknP8A/EUAd5RXB/8AC5/h/wD9B/8A8k5//iKP+Fz/AA//AOg//wCSc/8A8RQB3lFcH/wuf4f/APQf/wDJOf8A+Io/4XP8P/8AoP8A/knP/wDEUAd5WF42/wCRC8Rf9gy5/wDRTVgf8Ln+H/8A0H//ACTn/wDiKyfFPxa8D6j4Q1qxtNb8y5ubCeGJPssw3O0bBRkpgckdaAPmgtTS1R7qQtQA4momNBamE0AIxqM04mmE0ANNJS0lABRRRQAUUUUAFFFFABRRRQAtKDTaWgB4NOBqMGlBoAlDUu6os0uaAJd1LuqLNG6gCXdRuqLdRuoAl3Ubqi3UbqAJd1G6ot1G6gCXdRuqLdRuoAl3Ubqi3UbqAJd1G6ot1G6gCXdRuqLdRuoAl3Ubqi3UbqAJd1G6ot1G6gCXdRuqLdRuoAl3Ubqi3UbqAJd1G6ot1G6gCXdRuqLdRuoAl3Ubqi3UbqAJd1G6ot1G6gCXdRuqLdRuoAl3Ubqi3UbqAJd1G6ot1G6gCXdRuqLdRuoAl3Ubqi3UbqAJd1G6ot1G6gCXdRuqLdRuoAl3Ubqi3UbqAJd1G6ot1G6gCXdRuqLdRuoAl3Ubqi3UbqAJd1G6ot1G6gCXdRuqLdRuoAl3Ubqi3UbqAJd1G6ot1G6gCXdRuqLdRuoAl3Ubqi3UbqAJd1G6ot1G6gCXdRuqLdRuoAl3Ubqi3UbqAJd1G6ot1G6gCXdRuqLdRuoAl3Ubqi3UbqAJd1G6ot1G6gCXdRuqLdRuoAl3Ubqi3UbqAJd1G6ot1G6gCXdRuqLdRuoAl3Ubqi3UbqAJd1G6ot1G6gCXdRuqLdRuoAl3Ubqi3UbqAJd1G6ot1G6gCXdRuqLdRuoAl3Ubqi3UbqAJd1G6ot1G6gCXdRuqLdRuoAl3Ubqi3UbqAJd1G6ot1G6gCXdRuqLdRuoAl3Ubqi3UbqAJd1G6ot1G6gCXdRuqLdRuoAl3Ubqi3UbqAJd1G6ot1G6gCXdRuqLdRuoAl3Ubqi3UbqAJd1G6ot1G6gCXdRuqLdRuoAl3Ubqi3UbqAJd1G6ot1G6gCXdRuqLdRuoAl3Ubqi3UbqAJd1JuqPdRmgCTdSbqjzRmgB5amk03NITQAE02jNFACUUUUAFFFFABRRRQAUUUUAFFFFABRRRQAuaKSigB2aM03NGaAHZozTc0uaAFzRmkzRmgBc0ZpM0ZoAXNGaTNGaAFzRmkzRmgBc0ZpM0ZoAXNGaTNGaAFzRmkzRmgBc0ZpM0ZoAXNGaTNGaAFzRmkzRmgBc0ZpM0ZoAXNGaTNGaAFzRmkzRmgBc0ZpM0ZoAXNGaTNGaAFzRmkzRmgBc0ZpM0ZoAXNGaTNGaAFzRmkzRmgBc0ZpM0ZoAXNGaTNGaAFzRmkzRmgBc0ZpM0ZoAXNGaTNGaAFzRmkzRmgBc0ZpM0ZoAXNGaTNGaAFzRmkzRmgBc0ZpM0ZoAXNGaTNGaAFzRmkzRmgBc0ZpM0ZoAXNGaTNGaAFzRmkzRmgBc0ZpM0ZoAXNGaTNGaAFzRmkzRmgBc0ZpM0ZoAXNGaTNGaAFzRmkzRmgBc0ZpM0ZoAXNGaTNGaAFzRmkzRmgBc0ZpM0ZoAXNGaTNGaAFzRmkzRmgBc0ZpM0ZoAXNGaTNGaAFzRmkzRmgBc0ZpM0ZoAXNGaTNGaAFzRmkzRmgBc0ZpM0ZoAXNGaTNGaAFzRmkzRmgBc0ZpM0ZoAXNGaTNGaAFzRmkzRmgBc0ZpM0ZoAXNGaTNGaAFzRmkzRmgBc0ZpM0ZoAXNGaTNGaAFzRmkzRmgBc0ZpM0ZoAXNGaTNGaAFzRmkzRmgBc0ZpM0ZoAXNGaTNJmgB2aM03NGaAHZpKSigAooooAKKKKACiiigAooooAKKKKACiiigAooooAKKKKACiiigAooooAKKKKACiiigAooooAKKKKACiiigAooooAKKKKACiiigAooooAKKKKACiiigAooooAKKKKACiiigAooooAKKKKACiiigAooooAKKKKACiiigAooooAKKKKACiiigAooooAKKKKACiiigAooooAKKKKACiiigAooooAKKKKACiiigAooooAKKKKACiiigAooooAKKKKACiiigAooooAKKKKACiiigAooooAKKKKACiiigAooooAKKKKACiiigAooooAKKKKACiiigAooooAKKKKACiiigAooooAKKKKACiiigAooooAKKKKACiiigAooooAKKKKACiiigAooooAKKKKACiiigAooooAKKKKACiiigAooooAKKKKACiiigAooooAKKKKACiiigAooooAKKKKACiiigAooooAKKKKACiiigAooooAKKKKACiiigAooooAKKKKACiiigAooooAKKKKACiiigAooooAKKKKACiiigAooooAKKKKACiiigAooooAKKKKACiiigAooooAKKKKACiiigAooooAKKKKACiiigAooooAKKKKACiiigAooooAKKKKACiiigAooooAKKKKACiiigAooooAKKKKACiiigAooooAKKKKACiiigAooooAKKKKACiiigAooooAKKKKACiiigAooooAKKKKACiiigAooooAKKKKACiiigAooooAKKKKACiiigAooooAKKKKACiiigAooooAKKKKACiiigAooooAKKKKACiiigAooooAKKKKACiiigAooooAKKKKACiiigAooooAKKKKACiiigAooooAKKKKACiiigAooooA//2Q0KZW5kc3RyZWFtDWVuZG9iag0xNTkgMCBvYmoNPDwvQml0c1BlckNvbXBvbmVudCA4IC9Db2xvclNwYWNlIC9EZXZpY2VHcmF5IC9GaWx0ZXIgL0ZsYXRlRGVjb2RlIC9IZWlnaHQgMzc3IC9MZW5ndGggMzc2MyAvTWF0dGUgWzAgMCAwXSAvU3VidHlwZSAvSW1hZ2UgL1R5cGUgL1hPYmplY3QgL1dpZHRoIDExMDM+Pg0Kc3RyZWFtDQp4nO3d6XbUxhaAUWbMaIYwhMEQAoEACdz3f7h7W6UqqUott4c+jeW+e/8Pq+216lvnlOTOlSsAAAAAAAAAAAAAAAAAAAAAAAAAAAAAsOYqcPlcdDgaF/3LAEIoCRBJSoBAy4zJNWBZlhcU7YD9caFB0RHYQxcRFCmBvfVrg3JSSq4Dl8dJSbmYmFz0bwXYwgUEZT4mGz7jDWBZTteUnfdkLibqAZfcMUnZbVDWYyIksC9mirLDnqzVZL4kN4HLY74pu+7JMTHREdgDa0WZBmWXNWlbUn+sW8DlMdeUOii76MlcTSYpWf+gt4El2lCVKii76sncolPFREHg0po2ZdqTa8E9OW40qVtSf74DYPlmojIblNCeHFOTsSXHZ+QOsCzHZ2Usyu56sl6TJiaTklz07wo4g0lT1oIS3JNjazK0ZNqRu8BlMK3KUJSd9WRDTYaWrHXkHrBsa1UZirKhJzuoyTiaDC1Zz8h9YKnWszIUpRlQYnvSrDpNTfqYDCmZi8gDYHnmwjIkZQjKpCcB686mmlQxqULSfu6HwLLMpqUUZQjKLnpyUk3qlswV5BBYlrm2tEXZ3JPd1CRNJrklVUiaT/4IWJaZtpSk9EVJA8oOelLlpK7J7b4mKSa5JWNIqs/9GFietbaUpPRF6QeUdIHS9mS7nJxckz4mOSXThjwBlmhalpyUEpTd9KRdddqaDDHpWzKGpHzip8BStWHJSUlFKUGZ9qRadwKGk/7ttXIJ29eki0nfkiEk/Yf9DVi2qis5KakoXVByTw76ntwYe7LFeDKz6vSzSV50hpjklIwdeVZ7DixDczLHquSkjEHJC8/toSfturNVTa6NNblValJGky4mfUqGjgyf/QWwPG1dclNSUbqg5AEl9+TW2JOt1p3pqnOzrDq5JmNMUkuGkPSf+CWwXFVY+qakogxB6XtS1p2b03XnzDX5L7C/fv99yEqflK4oOShzPdluPLnonxbYoVevXv3eyU3pijIEJfXk3r27d+5U17FbjScX/dMCO/S686qPSirKEJS2J8P1SXMbKyfA4O2blZyUVJQclNKT7vlOte5MxhM5AQZHbztDUoagrAaU3JPu+qRed7bIydWL/mmBHXr37mhlSEoOSunJuO6EjCdyAvvs/fv370pSSlDSgNLvO5Px5OZ244mcwD77448/+qK8SzNKGVDSfJJyctjcxlaXsXICND58+DAUpZ9QVkFpelKNJ822c/acXJUT2Gd//vmhKkoKSulJPZ40D3fOu+3ICey1jx//LEXpgjL05OXYk2E8qS5j5QSY+vTxYylKF5TVgFJ6UuVkGE+223bkBPbaX58+fSpB6Vae3JNXbU9mc3JNToDKXyupKDkoQ08mOZk+25ETYOLz589jUIaevBl6Mm47cgJs9OVzCUo/oHQ9OTqaGU/qbed8ObkqJ7DXvqykoPQDymo+6Z7vlHWn3Xbyi7HnvYuVE9hvf//99xiU3JO07uTxRE6AU/ra9qSsO93tSX15Ur95IifAnK9fh6AMPUnrThpPmsuTtbtYOQEq376moJSelHXnaP3ypLuLlRPgWN++fSsDSt+TcTxJlyebHu3ICVD5/i0FpfSkW3fK7cnrVzN3sXICHOP79+9DT6rxJG87k7vY+jX7s794Iiew3/4Ze1KNJ+/fHx2Nd7Htox05AWb90/YkjSflMna4iz08rF6zz1/wKCdA65+mJ9148vHjn9OcNE+K5QSY9W/pSRlP8rYz3MWe9KRYToDev21Phm1HToAz+jf3pFt3yraTn+3kRzsnvHgiJ0DvR+pJGU/abUdOgDP4MY4n9bZT5eS3ze+xyQnQ+1H3ZNh2hpykF0/kBDiFHz/KutNvO3VO3sgJcHo/qvGkXJ50b570T4rr12LlBNjoZ+pJve3knLyXE+BMfjbbTn0X2+fkRcnJg/tyAmzS5eRHc3kyPNqRE+Asfv6c5uTzek4eP5IT4CQ/u56UbUdOgPPbkJOj9Ec7cgKczlpOvsgJcC4/28sTOQHOS06AIHICBJETIMivy8lVOYH99p/q0c74RztVTp7PfPf0uf7PGHICe05OgCByAgSREyCInABB5AQIIidAEDkBgsgJEEROgCByAgSREyCInABB5AQIIidAEDkBgsgJEEROgCByAgSREyCInABB5AQIIidAEDkBgsgJEEROgCByAgSREyCInABB5AQIIidAEDkBgsgJEEROgCByAgSREyCInABB5AQIIidAEDkBgsgJEEROgCByAgSREyCInABB5AQIIidAEDkBgsgJEEROgCByAgSREyCInABB5AQIIidAEDkBgsgJEEROgCByAgSREyCInABB5AQIIidAEDkBgsgJEEROgCByAgSREyCInABB5AQIIidAEDkBgsgJEEROgCByAgSREyCInABB5AQIIidAEDkBgsgJEEROgCByAgSREyCInABB5AQIIidAEDkBgsgJEEROgCByAgSREyCInABB5AQIIidAEDkBgsgJEEROgCByAgSREyCInABB5AQIIidAEDkBgsgJEEROgCByAgSREyCInABB5AQIIidAEDkBgsgJEEROgCByAgSREyCInABB5AQIIidAEDkBgsgJEEROgCByAgSREyCInABB5AQIIidAEDkBgsgJEEROgCByAgSREyCInABB5AQIIidAEDkBgsgJEEROgCByAgSREyCInABB5AQIIidAEDkBgsgJEEROgCByAgSREyCInABB5AQIIidAEDkBgsgJEEROgCByAgSREyCInABB5AQIIidAEDkBgsgJEEROgCByAgSREyCInABB5AQIIidAEDkBgsgJEEROgCByAgSREyCInABB5AQIIidAEDkBgvy6nFyRE9hvqSY/Uk1STr5Mc/Is5eThg5STg4Pbt1JOrqecnKkmcgJ7Tk6AIHICBJETIIicAEGqBzvfv32VE+Dc1nLyWU6Ac9mQk7dvXv8uJ8BptVcncgKcW1eTNid/reekeylWToDN+uFkeLBT5eRIToCzKLtOlZNPH1c5eZ9z8rzk5P49OQE2KcNJ85y4y8k7OQHOpNl12ufEb9+86nPyWE6Ak1XDSb/rVDl5LSfA6dU1aW5i+5y8WOXkiZwAp1BWnbzrdFcnk5yM354kJ8AG43BS7TrDO/ZyApxarslk1/nwR3qwM/lux7vpux3lBJjV1qTZdeQEOItSkzyc5LdOhufE+U922m+evnmub56WE9hzTU3GXafNyeHhAzkBTtDWZNh13h+lm9jqpdit/78YcgJ7bqxJWnXG5zpv37SvnTR/ASgnwJouJrkm43BS3cSOz4nn32KTEyBLMRlqUoaT4epk8mBHToBjdTFJ9ya5JuNF7Ovpg53Z58RyAmRlNOlrUg8nw01s+5xYToB5Q0zGmvTDSfoqtvYmNufkhpwAM9qa5FVn2HXWbmKH58RyAkx8GWNSatINJ+tXJ9vn5IqcwF7rWrKKST+alFVnHE42Pdg542sncgJ7rsQk1eRDqkl/c/KqvjqZvYmVE6D21xiTsSYzw4mcACfoW1JiMtZk064jJ8CMriV9TLrRpNRkMpzM5+SsN7FyAvuttCTFJN3C5po0w0l7dVL9AaCcAEVpSYrJWJNqOKl2nfWrkzPl5IqcwD6rWtLHZKjJ2nCy7a4jJ7DfhpakmKTRpK3J7HMdOQHWlLmkn0z6mrx8+SKtOtPhZPhix3PuOnICe62kZIxJuoVd1SSvOvUL9muPic+YkysX/dMCO5RK0qdkiMlQk+lwst1FrJzAfutKklOyakmJSb/ptO+cBAwncgL77HVOSd+SEpOhJs09bH0RKyfARB+SlJJVS8aYTGoyP5zICTDqQ9KVZJWSVUvGmPQ1aVad8ebknDm50v9n3T+w+odWcVr9m7du3b59cHDn7t179+8/ePjw8PDRo8ePnzx5+vTpb7+tPs+z550XyUtgufpjmk7ss9ySEpPZmmw3nNQ5GXpyK/XkTu5JFZS+KH1T+qiMYQEWZTihz/qS5JaMMck1qS5Oth1OJuNJ6cnt0pN7uScpKF1RuqSkpuSqFM+BZWhOZn9Yn/YpWbUkxaSvyb1Sk+riZKvhpOSkWndulHXnoO/JGJSuKCkpqSmlKsBi9Uf1SU7JqiVDTPqaHFTXsO2qc66czK07eT4pPUlByUVJSclRGboCLFA5pv2hfVRakmJSanJ77eJki+FkOp5MejIGJRclJaVEpQ4LsCjjIe0P7WFpyRCTtZpsPZycpic5KF1RUlJKVCZlARajOqP9oX3Yt6SPya5qUuek6Un/vDgHpRQlJaVE5XCtLcASNCe0P7QPxpakmOQnxJOabJuTzT1JA8pQlD4pJSoPZ9oCXLzmhOZTe39oST+a7KQmJSfH96QtyhiVubYAF689ovncji05qSZb5GRjT+qgpKKMUZlLC7AIzSnNJ/duE5Pd1KRdd9qe5KCkovRJGaKyFhZgSaqTms/undySHJNpTbZfdY7tyTigpKD0RRma0mYFWKLxuObze5BjMo4m4TVp151JT1JQ+qKUpDRVARZsPLQHQ0uq0WS9Jlvn5PiepKD0RclJaaoCLN5wcm8PLelisquazPWkDUouStUUcYGlWj+m5QDfWotJfE2O7UkKSi7KkJT5rACLUx/aW2NLUkx2VpNpT6ZBKUWZRAW4BMbje3M2JtE1GXuyNqDkoDRN0RZYtPXDOpzjG8eNJnE1me9JDkqVlNmqAItVH95yoK/vuCZrPclBGYrSNgW4VMaDfP363KITW5OqJ5OgVEVRFbhk2uN7/ZiYRNdkpidDUNaaAlwy1Wm+tvua1D0ZglIXRVTgMmoP8bX1mOyiJscEZZoUfYEl23Beq1O985i0PamDsrkpwNK1x/nqr6jJxqDIClw6c4f4V8VkGpT5pACXVHu8dx2T9aBICuyF6cH+FTGZC4qqwOU1e55/VUyODYrCwNKd7uj+ypicPijApfOrYyIpsJcuJiWaAvvlgkvSuuhfBnAOFx0OAAAAAAAAAAAAAAAAAAAA4P/K/wAgCRfCDQplbmRzdHJlYW0NZW5kb2JqDTE1OCAwIG9iag08PC9CaXRzUGVyQ29tcG9uZW50IDggL0NvbG9yU3BhY2UgL0RldmljZVJHQiAvRmlsdGVyIC9EQ1REZWNvZGUgL0hlaWdodCAzNzcgL0xlbmd0aCAxMTYyOSAvU01hc2sgMTU5IDAgUiAvU3VidHlwZSAvSW1hZ2UgL1R5cGUgL1hPYmplY3QgL1dpZHRoIDExMDM+Pg0Kc3RyZWFtDQr/2P/gABBKRklGAAEBAAABAAEAAP/bAEMACAYGBwYFCAcHBwkJCAoMFA0MCwsMGRITDxQdGh8eHRocHCAkLicgIiwjHBwoNyksMDE0NDQfJzk9ODI8LjM0Mv/bAEMBCQkJDAsMGA0NGDIhHCEyMjIyMjIyMjIyMjIyMjIyMjIyMjIyMjIyMjIyMjIyMjIyMjIyMjIyMjIyMjIyMjIyMv/AABEIAXkETwMBIgACEQEDEQH/xAAfAAABBQEBAQEBAQAAAAAAAAAAAQIDBAUGBwgJCgv/xAC1EAACAQMDAgQDBQUEBAAAAX0BAgMABBEFEiExQQYTUWEHInEUMoGRoQgjQrHBFVLR8CQzYnKCCQoWFxgZGiUmJygpKjQ1Njc4OTpDREVGR0hJSlNUVVZXWFlaY2RlZmdoaWpzdHV2d3h5eoOEhYaHiImKkpOUlZaXmJmaoqOkpaanqKmqsrO0tba3uLm6wsPExcbHyMnK0tPU1dbX2Nna4eLj5OXm5+jp6vHy8/T19vf4+fr/xAAfAQADAQEBAQEBAQEBAAAAAAAAAQIDBAUGBwgJCgv/xAC1EQACAQIEBAMEBwUEBAABAncAAQIDEQQFITEGEkFRB2FxEyIygQgUQpGhscEJIzNS8BVictEKFiQ04SXxFxgZGiYnKCkqNTY3ODk6Q0RFRkdISUpTVFVWV1hZWmNkZWZnaGlqc3R1dnd4eXqCg4SFhoeIiYqSk5SVlpeYmZqio6Slpqeoqaqys7S1tre4ubrCw8TFxsfIycrS09TV1tfY2dri4+Tl5ufo6ery8/T19vf4+fr/2gAMAwEAAhEDEQA/APn+iiigAooooAKKKKACiiigAooooAKKKKACiiigAooooAKKKKACiiigAooooAKKKKACiiigAooooAKKKKACiiigAooooAKKKKACiiigAooooAKKKKACiiigAooooAKKKKACiiigAooooAKKKKACiiigAooooAKKKKACiiigAooooAKKKKACiiigAooooAKKKKACiiigAooooAKKKKACiiigAooooAKKKKACiiigAooooAKKKKACiiigAooooAKKKKACiiigAooooAKKKKACiiigAooooAKKKKACiiigAooooAKKKKACiiigAooooAKKKKACiiigAooooAKKKKACiiigAooooAKKKKACiiigAooooAKKKKACiiigAooooAKKKKACiiigAopcUUAJRS0UAJRS0UAJRS0UAJRS0UAJRS0UAJRS0UAJRS0UAJRS0UAJRS0UAJRS0UAJRS0UAJRS0UAJRS0UAJRS0UAJRS0UAJRS0UAJRS0UAJRS0UAJRS0UAJRS0UAJRS0UAJRS0UAJRS0UAJRS0UAJRS0UAJRS0UAJRS0UAJRS0UAJRS0UAJRS0UAJRS0UAJRS0UAJRS0UAJRS0UAJRS0UAJRS0UAJRS0UAJRS0UAJRS0UAJRS0UAJRS0UAJRS0UAJRS0UAJRS0UAJRS0UAJRS0UAJRS0UAJRS0UAJRS0UAJRS0UAJRS0UAJRS0UAJRS0UAJRS0UAJRS0UAJRS0UAJRS0UAJRS0UAJRS0UAJRS0YoASijFFABRRRQAUUUUAFFFFABRRRQAUUUUAFFFLQAUYpQKcBQA3FLinYpcUAMxRipNtG2gCPFGKk20baAI8UYqTbRtoAjxRipNtG2gCPFGKk20baAI8UYqTbRtoAjxRipNtG2gCPFGKk20baAI8UYqTbRtoAjxRipNtG2gCPFGKk20baAI8UYqTbRtoAjxRipNtG2gCPFGKk20baAI8UYqTbRtoAjxRipNtG2gCPFGKk20baAI8UYqTbRtoAjxRipNtG2gCPFGKk20baAI8UYqTbRtoAjxRipNtG2gCPFGKk20baAI8UYqTbRtoAjxRipNtG2gCPFGKk20baAI8UYqTbRtoAjxRipNtG2gCPFGKk20baAI8UYqTbRtoAjxRipNtG2gCPFGKk20baAI8UYqTbRtoAjxRipNtG2gCPFGKk20baAI8UYqTbRtoAjxRipNtG2gCPFGKk20baAI8UYqTbRtoAjxRipNtG2gCPFGKk20baAI8UYqTbRtoAjxRipNtG2gCPFGKk20baAI8UYqTbRtoAjxRipNtG2gCPFGKk20baAI8UYqTbRtoAjxRipNtG2gCPFGKk20baAI8UYqTbRtoAjxRipNtG2gCPFGKk20baAI8UYqTbRtoAjxRipNtG2gCPFGKk20baAI8UYqTbRtoAjxRipNtG2gCPFGKk20baAI8UmKkxSYoAZikp5FNIoAbRS0lABRRRQAUUUUAFFFFABRRX2/4E/5J54a/wCwVa/+iloA+IaUCvv2igD4EAp4FffFFAHwSFp22vvSigD4M20ba+86KAPgzbRtr7zooA+DNtG2vvOigD4M20ba+86KAPgzbRtr7zooA+DNtG2vvOigD4M20ba+86KAPgzbRtr7zooA+DNtG2vvOigD4M20ba+86KAPgzbRtr7zooA+DNtG2vvOigD4M20ba+86KAPgzbRtr7zooA+DNtG2vvOigD4M20ba+86KAPgzbRtr7zooA+DNtG2vvOigD4M20ba+86KAPgzbRtr7zooA+DNtG2vvOigD4M20ba+86KAPgzbRtr7zooA+DNtG2vvOigD4M20ba+86KAPgzbRtr7zooA+DNtG2vvOigD4M20ba+86KAPgzbRtr7zooA+DNtG2vvOigD4M20ba+86KAPgzbRtr7zooA+DNtG2vvOigD4M20ba+86KAPgzbRtr7zooA+DNtG2vvOigD4M20ba+86KAPgzbRtr7zooA+DNtG2vvOigD4M20ba+86KAPgzbRtr7zooA+DNtG2vvOigD4M20ba+86KAPgzbRtr7zooA+DNtG2vvOigD4M20ba+86KAPgzbRtr7zooA+DNtG2vvOigD4M20ba+86KAPgzbRtr7zooA+DNtG2vvOigD4M20ba+86KAPgzbRtr7zooA+DNtG2vvOigD4M20ba+86KAPgzbRtr7zooA+DNtG2vvOigD4M20ba+86KAPgzbRtr7zr5N+Mq5+K+t/9sP/AERHQB57tpCtTlaaVoArlaaRU5FRsKAISKSnkU00ANooNFABRRRQAUUUUAFfb/gT/knnhr/sFWv/AKKWviCvt/wJ/wAk88Nf9gq1/wDRS0AdBRRRQAUUUUAFFFFABRRRQAUUUUAFFFFABRRRQAUUUUAFFFFABRRRQAUUUUAFFFFABRRRQAUUUUAFFFFABRRRQAUUUUAFFFFABRRRQAUUUUAFFFFABRRRQAUUUUAFFFFABRRRQAUUUUAFFFFABRRRQAUUUUAFFFFABRRRQAUUUUAFFFFABRRRQAUUUUAFFFFABRRRQAUUUUAFFFFABRRRQAUUUUAFFFFABRRRQAUUUUAFFFFABRRRQAUUUUAFFFFABRRRQAUUUUAFFFFABRRRQAUUUUAFFFFABRRRQAUUUUAFFFFABRRRQAUUUUAFFFFABRRRQAV8o/GMf8XV1r/th/6Ijr6ur5U+MQ/4uprX/bD/ANER0AcCRTCKmIphFAEDComFTsKhagCI1GakamGgBtJS0lABRRRQAUUUUAFfb/gT/knnhr/sFWv/AKKWviCvt/wJ/wAk88Nf9gq1/wDRS0AdBRRRQAUUUUAFFFFABRRRQAUUUUAFFFFABRRRQAUUUUAFFFFABRRRQAUUUUAFFFFABRRRQAUUUUAFFFFABRRRQAUUUUAFFFFABRRRQAUUUUAFFFFABRRRQAUUUUAFFFFABRRRQAUUUUAFFFFABRRRQAUUUUAFFFFABRRRQAUUUUAFFFFABRRRQAUUUUAFFFFABRRRQAUUUUAFFFFABRRRQAUUUUAFFFFABRRRQAUUUUAFFFFABRRRQAUUUUAFFFFABRRRQAUUUUAFFFFABRRRQAUUUUAFFFFABRRRQAUUUUAFFFFABRRRQAUUUUAFFFFABRRRQAV8q/GH/kqes/8AbD/0RHX1VXyt8Yf+Sp6z/wBsP/REdAHCEVGalNRtQBE1QNVhqgagCFqjNSNUZoAbSUtJQAUUUUAFFFFABX2/4E/5J54a/wCwVa/+ilr4gr7f8Cf8k88Nf9gq1/8ARS0AdBRRRQAUUUUAFFFFABRRRQAUUUUAFFFFABRRRQAUUUUAFFFFABRRRQAUUUUAFFFFABRRRQAUUUUAFFFFABRRRQAUUUUAFFFFABRRRQAUUUUAFFFFABRRRQAUUUUAFFFFABRRRQAUUUUAFFFFABRRRQAUUUUAFFFFABRRRQAUUUUAFFFFABRRRQAUUUUAFFFFABRRRQAUUUUAFFFFABRRRQAUUUUAFFFFABRRRQAUUUUAFFFFABRRRQAUUUUAFFFFABRRRQAUUUUAFFFFABRRRQAUUUUAFFFFABRRRQAUUUUAFFFFABRRRQAUUUUAFFFFABRRRQAV8r/GD/kqWs/9sP8A0RHX1RXyv8YP+Spaz/2w/wDREdAHCGmNTz0pjUARNUDVO1QNQBE1RmpGqM0AMpKWkoAKKKKACiiigAr7f8Cf8k88Nf8AYKtf/RS18QV9v+BP+SeeGv8AsFWv/opaAOgooooAKKKKACiiigAooooAKKKKACiiigAooooAKKKKACiiigAooooAKKKKACiiigAooooAKKKKACiiigAooooAKKKKACiiigAooooAKKKKACiiigAooooAKKKKACiiigAooooAKKKKACiiigAooooAKKKKACiiigAooooAKKKKACiiigAooooAKKKKACiiigAooooAKKKKACiiigAooooAKKKKACiiigAooooAKKKKACiiigAooooAKKKKACiiigAooooAKKKKACiiigAooooAKKKKACiiigAooooAKKKKACiiigAooooAKKKKACiiigAooooAK+V/jB/yVLWf+2H/AKIjr6or5X+MH/JUtZ/7Yf8AoiOgDhD0pjU89KY1AETVA1TtUDUARNUZqRqjNADKSlpKACiiigAooooAK+3/AAJ/yTzw1/2CrX/0UtfEFfb/AIE/5J54a/7BVr/6KWgDoKKKKACiiigAooooAKKKKACiiigAooooAKKKKACiiigAooooAKKKKACiiigAooooAKKKKACiiigAooooAKKKKACiiigAooooAKKKKACiiigAooooAKKKKACiiigAooooAKKKKACiiigAooooAKKKKACiiigAooooAKKKKACiiigAooooAKKKKACiiigAooooAKKKKACiiigAooooAKKKKACiiigAooooAKKKKACiiigAooooAKKKKACiiigAooooAKKKKACiiigAooooAKKKKACiiigAooooAKKKKACiiigAooooAKKKKACiiigAooooAKKKKACvlf4wf8lS1n/th/6Ijr6or5X+MH/JUtZ/7Yf+iI6AOEPSmNTz0pjUARNUDVO1QNQBE1RmpGqM0AMpKWkoAKKKKACiiigAr7f8Cf8AJPPDX/YKtf8A0UtfEFfb/gT/AJJ54a/7BVr/AOiloA6CiiigAooooAKKKKACiiigAooooAKKKKACiiigAooooAKKKKACiiigAooooAKKKKACiiigAooooAKKKKACiiigAooooAKKKKACiiigAooooAKKKKACiiigAooooAKKKKACiiigAooooAKKKKACiiigAooooAKKKKACiiigAooooAKKKKACiiigAooooAKKKKACiiigAooooAKKKKACiiigAooooAKKKKACiiigAooooAKKKKACiiigAooooAKKKKACiiigAooooAKKKKACiiigAooooAKKKKACiiigAooooAKKKKACiiigAooooAKKKKACiiigAr5X+MH/ACVLWf8Ath/6Ijr6or5X+MH/ACVLWf8Ath/6IjoA4Q9KY1PPSmNQBE1QNU7VA1AETVGakaozQAykpaSgAooooAKKKKACvt/wJ/yTzw1/2CrX/wBFLXxBX2/4E/5J54a/7BVr/wCiloA6CiiigAooooAKKKKACiiigAooooAKKKKACiiigAooooAKKKKACiiigAooooAKKKKACiiigAooooAKKKKACiiigAooooAKKKKACiiigAooooAKKKKACiiigAooooAKKKKACiiigAooooAKKKKACiiigAooooAKKKKACiiigAooooAKKKKACiiigAooooAKKKKACiiigAooooAKKKKACiiigAooooAKKKKACiiigAooooAKKKKACiiigAooooAKKKKACiiigAooooAKKKKACiiigAooooAKKKKACiiigAooooAKKKKACiiigAooooAKKKKACiiigAr5X+MH/JUtZ/7Yf+iI6+qK+V/jB/yVLWf+2H/oiOgDhD0pjU89KY1AETVA1TtUDUARNUZqRqjNADKSlpKACiiigAooooAK+3/An/JPPDX/AGCrX/0UtfEFfb/gT/knnhr/ALBVr/6KWgDoKKKKACiiigAooooAKKKKACiiigAooooAKKKKACiiigAooooAKKKKACiiigAooooAKKKKACiiigAooooAKKKKACiiigAooooAKKKKACiiigAooooAKKKKACiiigAooooAKKKKACiiigAooooAKKKKACiiigAooooAKKKKACiiigAooooAKKKKACiiigAooooAKKKKACiiigAooooAKKKKACiiigAooooAKKKKACiiigAooooAKKKKACiiigAooooAKKKKACiiigAooooAKKKKACiiigAooooAKKKKACiiigAooooAKKKKACiiigAooooAKKKKACvlf4wf8lS1n/th/wCiI6+qK+V/jB/yVLWf+2H/AKIjoA4Q9KY1PPSmNQBE1QNU7VA1AETVGakaozQAykpaSgAooooAKKKKACvt/wACf8k88Nf9gq1/9FLXxBX2/wCBP+SeeGv+wVa/+iloA6CiiigAooooAKKKKACiiigAooooAKKKKACiiigAooooAKKKKACiiigAooooAKKKKACiiigAooooAKKKKACiiigAooooAKKKKACiiigAooooAKKKKACiiigAooooAKKKKACiiigAooooAKKKKACiiigAooooAKKKKACiiigAooooAKKKKACiiigAooooAKKKKACiiigAooooAKKKKACiiigAooooAKKKKACiiigAooooAKKKKACiiigAooooAKKKKACiiigAooooAKKKKACiiigAooooAKKKKACiiigAooooAKKKKACiiigAooooAKKKKACiiigAr5X+MH/JUtZ/7Yf+iI6+qK+V/jB/yVLWf+2H/oiOgDhD0pjU89KY1AETVA1TtUDUARNUZqRqjNADKSlpKACiiigAooooAK+3/An/ACTzw1/2CrX/ANFLXxBX2/4E/wCSeeGv+wVa/wDopaAOgooooAKKKKACiiigAooooAKKKKACiiigAooooAKKKKACiiigAooooAKKKKACiiigAooooAKKKKACiiigAooooAKKKKACiiigAooooAKKKKACiiigAooooAKKKKACiiigAooooAKKKKACiiigAooooAKKKKACiiigAooooAKKKKACiiigAooooAKKKKACiiigAooooAKKKKACiiigAooooAKKKKACiiigAooooAKKKKACiiigAooooAKKKKACiiigAooooAKKKKACiiigAooooAKKKKACiiigAooooAKKKKACiiigAooooAKKKKACiiigAooooAK+V/jB/wAlS1n/ALYf+iI6+qK+V/jB/wAlS1n/ALYf+iI6AOEPSmNTz0pjUARNUDVO1QNQBE1RmpGqM0AMpKWkoAKKKKACiiigAr7f8Cf8k88Nf9gq1/8ARS18QV9v+BP+SeeGv+wVa/8AopaAOgooooAKKKKACiiigAooooAKKKKACiiigAooooAKKKKACiiigAooooAKKKKACiiigAooooAKKKKACiiigAooooAKKKKACiiigAooooAKKKKACiiigAooooAKKKKACiiigAooooAKKKKACiiigAooooAKKKKACiiigAooooAKKKKACiiigAooooAKKKKACiiigAooooAKKKKACiiigAooooAKKKKACiiigAooooAKKKKACiiigAooooAKKKKACiiigAooooAKKKKACiiigAooooAKKKKACiiigAooooAKKKKACiiigAooooAKKKKACiiigAooooAK+V/jB/yVLWf+2H/oiOvqivlf4wf8lS1n/th/6IjoA4Q9KY1PPSmNQBE1QNU7VA1AETVGakaozQAykpaSgAooooAKKKKACvt/wJ/yTzw1/wBgq1/9FLXxBX2/4E/5J54a/wCwVa/+iloA6CiiigAooooAKKKKACiiigAooooAKKKKACiiigAooooAKKKKACiiigAooooAKKKKACiiigAooooAKKKKACiiigAooooAKKKKACiiigAooooAKKKKACiiigAooooAKKKKACiiigAooooAKKKKACiiigAooooAKKKKACiiigAooooAKKKKACiiigAooooAKKKKACiiigAooooAKKKKACiiigAooooAKKKKACiiigAooooAKKKKACiiigAooooAKKKKACiiigAooooAKKKKACiiigAooooAKKKKACiiigAooooAKKKKACiiigAooooAKKKKACiiigAr5X+MH/JUtZ/7Yf8AoiOvqivlf4wf8lS1n/th/wCiI6AOEPSmNTz0pjUARNUDVO1QNQBE1RmpGqM0AMpKWkoAKKKKACiiigAr7f8AAn/JPPDX/YKtf/RS18QV9v8AgT/knnhr/sFWv/opaAOgooooAKKKKACiiigAooooAKKKKACiiigAooooAKKKKACiiigAooooAKKKKACiiigAooooAKKKKACiiigAooooAKKKKACiiigAooooAKKKKACiiigAooooAKKKKACiiigAooooAKKKKACiiigAooooAKKKKACiiigAooooAKKKKACiiigAooooAKKKKACiiigAooooAKKKKACiiigAooooAKKKKACiiigAooooAKKKKACiiigAooooAKKKKACiiigAooooAKKKKACiiigAooooAKKKKACiiigAooooAKKKKACiiigAooooAKKKKACiiigAooooAK+V/jB/yVLWf+2H/oiOvqivlf4wf8lS1n/th/6IjoA4Q9KY1PPSmNQBE1QNU7VA1AETVGakaozQAykpaSgAooooAKKKKACvt/wJ/wAk88Nf9gq1/wDRS18QV9v+BP8Aknnhr/sFWv8A6KWgDoKKKKACiiigAooooAKKKKACiiigAooooAKKKKACiiigAooooAKKKKACiiigAooooAKKKKACiiigAooooAKKKKACiiigAooooAKKKKACiiigAooooAKKKKACiiigAooooAKKKKACiiigAooooAKKKKACiiigAooooAKKKKACiiigAooooAKKKKACiiigAooooAKKKKACiiigAooooAKKKKACiiigAooooAKKKKACiiigAooooAKKKKACiiigAooooAKKKKACiiigAooooAKKKKACiiigAooooAKKKKACiiigAooooAKKKKACiiigAooooAKKKKACvlf4wf8AJUtZ/wC2H/oiOvqivlf4wf8AJUtZ/wC2H/oiOgDhD0pjU80xqAImqBqnaoG60ARNUZp7VGaAG0lLSUAFFFFABRRRQAV9v+BP+SeeGv8AsFWv/opa+IK+3/An/JPPDX/YKtf/AEUtAHQUUUUAFFFFABRRRQAUUUUAFFFFABRRRQAUUUUAFFFFABRRRQAUUUUAFFFFABRRRQAUUUUAFFFFABRRRQAUUUUAFFFFABRRRQAUUUUAFFFFABRRRQAUUUUAFFFFABRRRQAUUUUAFFFFABRRRQAUUUUAFFFFABRRRQAUUUUAFFFFABRRRQAUUUUAFFFFABRRRQAUUUUAFFFFABRRRQAUUUUAFFFFABRRRQAUUUUAFFFFABRRRQAUUUUAFFFFABRRRQAUUUUAFFFFABRRRQAUUUUAFFFFABRRRQAUUUUAFFFFABRRRQAUUUUAFFFFABRRRQAUUUUAFfK3xh/5KnrP/bD/ANER19U18q/GE/8AF09Z/wC2H/oiOgDhjUbU8mozQBG1QtUzGoGoAiaozUjVGaAG0lLSUAFFFFABRRRQAV9v+BP+SeeGv+wVa/8Aopa+IK+3/An/ACTzw1/2CrX/ANFLQB0FFFFABRRRQAUUUUAFFFFABRRRQAUUUUAFFFFABRRRQAUUUUAFFFFABRRRQAUUUUAFFFFABRRRQAUUUUAFFFFABRRRQAUUUUAFFFFABRRRQAUUUUAFFFFABRRRQAUUUUAFFFFABRRRQAUUUUAFFFFABRRRQAUUUUAFFFFABRRRQAUUUUAFFFFABRRRQAUUUUAFFFFABRRRQAUUUUAFFFFABRRRQAUUUUAFFFFABRRRQAUUUUAFFFFABRRRQAUUUUAFFFFABRRRQAUUUUAFFFFABRRRQAUUUUAFFFFABRRRQAUUUUAFFFFABRRRQAUUUUAFFFFABXyn8Yj/AMXU1r/th/6Ijr6sr5R+Mh/4utrX/bD/ANER0AcMTTCaC1MJoARjULVIxqJjQBG1MNONMNACUlKaSgAooooAKKKKACvsPwX408K2vgXw9b3HiXRoZ4tMtkkjkv4lZGESgggtkEHjFfHlFAH2/wD8J34Q/wChr0P/AMGMX/xVH/CdeEP+hq0P/wAGMX/xVfENKDQB9vf8J14Q/wChq0P/AMGEX/xVH/Cc+Ef+hp0T/wAGEX/xVfEYNPBoA+2v+E48Jf8AQ06J/wCDCL/4qj/hOPCX/Q06J/4MIv8A4qvicNS7qAPtf/hOPCX/AENGif8Agwi/+Ko/4Tfwl/0NGif+DCL/AOKr4p3UbqAPtb/hN/CX/Q0aJ/4MIv8A4qj/AITfwl/0NGif+DCL/wCKr4q3UbqAPtX/AITfwl/0NGif+DCL/wCKo/4Tfwl/0NGif+DCL/4qvirdRuoA+1f+E38Jf9DRon/gwi/+Ko/4Tfwl/wBDRon/AIMIv/iq+Kt1G6gD7V/4Tfwl/wBDRon/AIMIv/iqP+E38Jf9DRon/gwi/wDiq+Kt1G6gD7V/4Tfwl/0NGif+DCL/AOKo/wCE38Jf9DRon/gwi/8Aiq+Kt1G6gD7V/wCE38Jf9DRon/gwi/8AiqP+E38Jf9DRon/gwi/+Kr4q3UbqAPtX/hN/CX/Q0aJ/4MIv/iqP+E38Jf8AQ0aJ/wCDCL/4qvirdRuoA+1f+E38Jf8AQ0aJ/wCDCL/4qj/hN/CX/Q0aJ/4MIv8A4qvirdRuoA+1f+E38Jf9DRon/gwi/wDiqP8AhN/CX/Q0aJ/4MIv/AIqvirdRuoA+1f8AhN/CX/Q0aJ/4MIv/AIqj/hN/CX/Q0aJ/4MIv/iq+Kt1G6gD7V/4Tfwl/0NGif+DCL/4qj/hN/CX/AENGif8Agwi/+Kr4q3UbqAPtX/hN/CX/AENGif8Agwi/+Ko/4Tfwl/0NGif+DCL/AOKr4q3UbqAPtX/hN/CX/Q0aJ/4MIv8A4qj/AITfwl/0NGif+DCL/wCKr4q3UbqAPtX/AITfwl/0NGif+DCL/wCKo/4Tfwl/0NGif+DCL/4qvirdRuoA+1f+E38Jf9DRon/gwi/+Ko/4Tfwl/wBDRon/AIMIv/iq+Kt1G6gD7V/4Tfwl/wBDRon/AIMIv/iqP+E38Jf9DRon/gwi/wDiq+Kt1G6gD7V/4Tfwl/0NGif+DCL/AOKo/wCE38Jf9DRon/gwi/8Aiq+Kt1G6gD7V/wCE38Jf9DRon/gwi/8AiqP+E38Jf9DRon/gwi/+Kr4q3UbqAPtX/hN/CX/Q0aJ/4MIv/iqP+E38Jf8AQ0aJ/wCDCL/4qvirdRuoA+1f+E38Jf8AQ0aJ/wCDCL/4qj/hN/CX/Q0aJ/4MIv8A4qvirdRuoA+1f+E38Jf9DRon/gwi/wDiqP8AhN/CX/Q0aJ/4MIv/AIqvirdRuoA+1f8AhN/CX/Q0aJ/4MIv/AIqj/hN/CX/Q0aJ/4MIv/iq+Kt1G6gD7V/4Tfwl/0NGif+DCL/4qj/hN/CX/AENGif8Agwi/+Kr4q3UbqAPtX/hN/CX/AENGif8Agwi/+Ko/4Tfwl/0NGif+DCL/AOKr4q3UbqAPtX/hN/CX/Q0aJ/4MIv8A4qj/AITfwl/0NGif+DCL/wCKr4q3UbqAPtX/AITfwl/0NGif+DCL/wCKo/4Tfwl/0NGif+DCL/4qvirdRuoA+1f+E38Jf9DRon/gwi/+Ko/4Tfwl/wBDRon/AIMIv/iq+Kt1G6gD7V/4Tfwl/wBDRon/AIMIv/iqP+E38Jf9DRon/gwi/wDiq+Kt1G6gD7V/4Tfwl/0NGif+DCL/AOKo/wCE38Jf9DRon/gwi/8Aiq+Kt1G6gD7V/wCE38Jf9DRon/gwi/8AiqP+E38Jf9DRon/gwi/+Kr4q3UbqAPtX/hN/CX/Q0aJ/4MIv/iqP+E38Jf8AQ0aJ/wCDCL/4qvirdRuoA+1f+E38Jf8AQ0aJ/wCDCL/4qj/hN/CX/Q0aJ/4MIv8A4qvirdRuoA+1f+E38Jf9DRon/gwi/wDiqP8AhN/CX/Q0aJ/4MIv/AIqvirdRuoA+1f8AhN/CX/Q0aJ/4MIv/AIqj/hN/CX/Q0aJ/4MIv/iq+Kt1G6gD7V/4Tfwl/0NGif+DCL/4qj/hN/CX/AENGif8Agwi/+Kr4q3UbqAPtX/hN/CX/AENGif8Agwi/+Ko/4Tfwl/0NGif+DCL/AOKr4q3UbqAPtX/hN/CX/Q0aJ/4MIv8A4qj/AITfwl/0NGif+DCL/wCKr4q3UbqAPtX/AITfwl/0NGif+DCL/wCKo/4Tfwl/0NGif+DCL/4qvirdRuoA+1f+E38Jf9DRon/gwi/+Ko/4Tfwl/wBDRon/AIMIv/iq+Kt1G6gD7V/4Tfwl/wBDRon/AIMIv/iqP+E38Jf9DRon/gwi/wDiq+Kt1G6gD7V/4Tfwl/0NGif+DCL/AOKo/wCE38Jf9DRon/gwi/8Aiq+Kt1G6gD7V/wCE38Jf9DRon/gwi/8AiqP+E38Jf9DRon/gwi/+Kr4q3UbqAPtX/hN/CX/Q0aJ/4MIv/iqP+E38Jf8AQ0aJ/wCDCL/4qvirdRuoA+1f+E38Jf8AQ0aJ/wCDCL/4qj/hN/CX/Q0aJ/4MIv8A4qvirdRuoA+1f+E38Jf9DRon/gwi/wDiqP8AhN/CX/Q0aJ/4MIv/AIqvirdRuoA+1f8AhN/CX/Q0aJ/4MIv/AIqj/hN/CX/Q0aJ/4MIv/iq+Kt1G6gD7V/4Tfwl/0NGif+DCL/4qj/hN/CX/AENGif8Agwi/+Kr4q3UbqAPtX/hN/CX/AENGif8Agwi/+Ko/4Tfwl/0NGif+DCL/AOKr4q3UbqAPtX/hN/CX/Q0aJ/4MIv8A4qj/AITfwl/0NGif+DCL/wCKr4q3UbqAPtX/AITfwl/0NGif+DCL/wCKo/4Tfwl/0NGif+DCL/4qvirdRuoA+1f+E38Jf9DRon/gwi/+Ko/4Tfwl/wBDRon/AIMIv/iq+Kt1G6gD7V/4Tfwl/wBDRon/AIMIv/iqP+E38Jf9DRon/gwi/wDiq+Kt1G6gD7V/4Tfwl/0NGif+DCL/AOKo/wCE38Jf9DRon/gwi/8Aiq+Kt1G6gD7V/wCE38Jf9DRon/gwi/8AiqP+E38Jf9DRon/gwi/+Kr4q3UbqAPtX/hN/CX/Q0aJ/4MIv/iqP+E38Jf8AQ0aJ/wCDCL/4qvirdRuoA+1f+E38Jf8AQ0aJ/wCDCL/4qj/hN/CX/Q0aJ/4MIv8A4qvirdRuoA+1f+E38Jf9DRon/gwi/wDiqP8AhN/CX/Q0aJ/4MIv/AIqvirdRuoA+1f8AhN/CX/Q0aJ/4MIv/AIqvmP4s6haaj8TdXu7G6guraTydk0EgdGxCgOGHB5BH4Vwu6jdQBKWppao91IWoAcTUbGgmmE0ABNNNBNJQAlFFFABRRRQAUUUUAFFFFABS0lFADgaUGm0UASZpc1HmjNAEm6jdTM0ZoAfuo3UzNGaAH7qN1MzRmgB+6jdTM0ZoAfuo3UzNGaAH7qN1MzRmgB+6jdTM0ZoAfuo3UzNGaAH7qN1MzRmgB+6jdTM0ZoAfuo3UzNGaAH7qN1MzRmgB+6jdTM0ZoAfuo3UzNGaAH7qN1MzRmgB+6jdTM0ZoAfuo3UzNGaAH7qN1MzRmgB+6jdTM0ZoAfuo3UzNGaAH7qN1MzRmgB+6jdTM0ZoAfuo3UzNGaAH7qN1MzRmgB+6jdTM0ZoAfuo3UzNGaAH7qN1MzRmgB+6jdTM0ZoAfuo3UzNGaAH7qN1MzRmgB+6jdTM0ZoAfuo3UzNGaAH7qN1MzRmgB+6jdTM0ZoAfuo3UzNGaAH7qN1MzRmgB+6jdTM0ZoAfuo3UzNGaAH7qN1MzRmgB+6jdTM0ZoAfuo3UzNGaAH7qN1MzRmgB+6jdTM0ZoAfuo3UzNGaAH7qN1MzRmgB+6jdTM0ZoAfuo3UzNGaAH7qN1MzRmgB+6jdTM0ZoAfuo3UzNGaAH7qN1MzRmgB+6jdTM0ZoAfuo3UzNGaAH7qN1MzRmgB+6jdTM0ZoAfuo3UzNGaAH7qN1MzRmgB+6jdTM0ZoAfuozTM0ZoAfmkzTM0ZoAcTTSaTNFABSUUUAFFFFABRRRQAUUUUAFFFFABRRRQAUUUUAGaXNJRQAuaM0lFAC0UlFAC0UlFAC0UlFAC0UlFAC0UlFAC0UlFAC0UlFAC0UlFAC0UlFAC0UlFAC0UlFAC0UlFAC0UlFAC0UlFAC0UlFAC0UlFAC0UlFAC0UlFAC0UlFAC0UlFAC0UlFAC0UlFAC0UlFAC0UlFAC0UlFAC0UlFAC0UlFAC0UlFAC0UlFAC0UlFAC0UlFAC0UlFAC0UlFAC0UlFAC0UlFAC0UlFAC0UlFAC0UlFAC0UlFAC0UlFAC0UlFAC0UlFAC0UlFAC0UlFAC0UlFAC0UlFAC0UlFAC0UlFAC0UlFAC0UlFAC0UlFAC0UlFAC0UlFAC0UlFAC0UlFAC0UlFAC0UlFAC5ozSUUALmkzRRQAUUUUAFFFFABRRRQAUUUUAFFFFABRRRQAUUUUAFFFFABRRRQAUUUUAFFFFABRRRQAUUUUAFFFFABRRRQAUUUUAFFFFABRRRQAUUUUAFFFFABRRRQAUUUUAFFFFABRRRQAUUUUAFFFFABRRRQAUUUUAFFFFABRRRQAUUUUAFFFFABRRRQAUUUUAFFFFABRRRQAUUUUAFFFFABRRRQAUUUUAFFFFABRRRQAUUUUAFFFFABRRRQAUUUUAFFFFABRRRQAUUUUAFFFFABRRRQAUUUUAFFFFABRRRQAUUUUAFFFFABRRRQAUUUUAFFFFABRRRQAUUUUAFFFFABRRRQAUUUUAFFFFABRRRQAUUUUAFFFFABRRRQAUUUUAFFFFABRRRQAUUUUAf//ZDQplbmRzdHJlYW0NZW5kb2JqDTE0NiAwIG9iag08PC9Db250ZW50cyAxNDcgMCBSIC9NZWRpYUJveCBbMCAwIDk2MCA1NDBdIC9QYXJlbnQgMiAwIFIgL1Jlc291cmNlcyA8PC9FeHRHU3RhdGUgPDwvR1M4IDggMCBSPj4gL0ZvbnQgPDwvRlQxMCAxMCAwIFIgL0ZUMTUgMTUgMCBSIC9GVDMyIDMyIDAgUiAvRlQ0NCA0NCAwIFI+PiAvWE9iamVjdCA8PC9JTTE0OCAxNDggMCBSIC9JTTE1MCAxNTAgMCBSIC9JTTE1MiAxNTIgMCBSIC9JTTE1NCAxNTQgMCBSIC9JTTE1NiAxNTYgMCBSIC9JTTE1OCAxNTggMCBSIC9JTTkgOSAwIFI+Pj4+IC9UeXBlIC9QYWdlPj4NZW5kb2JqDTE0NyAwIG9iag08PC9GaWx0ZXIgL0ZsYXRlRGVjb2RlIC9MZW5ndGggMTk1Nz4+DQpzdHJlYW0NCnictVnbaiQ3EH0PzD/080K0kqpKFwiB7vF0SCAPSQz5AJNdWOwEJw/5/ZRufSmN7dnxhMGekVo6KpVKpy79fDCD5s+36YtQDw9Ph+dD6omudPz9x+H3D8OfPC59/v7Mjz/+8FsYPv8jh336cPjloJWm4d+DHX7mv5/470sepodff1jmPedZeVmCqMimtfmHd2n5jz/+HIe7vwbGYqCyLE9+Pkz3h4/zvdGDtWa4/1SWyij5l7HKGD+QdcpYGO6fDt+5+Ujf338ZjAEeNNzfpR7knm9O9yzr5ZCkjA6XQJZtZS2BG8igCsMT95Zfj+kXGGWRf6bn2991RNZilmzR+BsiUt2zvVzArT55OsUzyITK8n+ngDAja7qLCZmcrsg6jlb0uECiB3Hc94A5nsQYMkH0TKbD0XJ1D0b0jHoSPeEoJQx3Xc9xlrs4xlVjrFo2xOfB8glZj0VFHpVj0wCjlXMwmGy+UO3XYFgteKNo4BV6RYM3ynvG0EEhuaLrGPP+YaORcd73AGktxsToe7nBJSvz9Z6boMAMEFSMgw2GBTBNatK91GB5j+fMwyAqYJ045bUpMmvI8hjrmzzajt1texnRWRVoD0nHbDxgVzPoe6IVPa4Y2HZMMZ5NTyzGs52VjfBSYcGl7SMputX2+cKl7W8hi0hbIacgt+boTm7t6N7cvrckx+Ake2DDG8WEFAI1N5Bs3gWW26Svp9KOji2DOd17/jYKmcLQq5CuCEKi+tzE4eFgvVdMqrX9yO2o7DrcBq0ik2NDK+22Gk+v7UDJbzwelvGB51MYGlxI0+3QVuMme5lDEyY3Hw9N1Dp42UnFajstaz2InVfO3nuqHXnTgPoseXtWawLypAAqy46QzxP15sxR9BDNomc8zfLmr1QvKMAia4oqByATAqFbOMAKDlg82mu2S57VyHyk+FaVXXjSwppGOIqeMMuLG3XXcyev+2Q7eyd5S/A0ix5w0rqpWx07CacobomlSc6a5E7dHKWE5OVt88duDHY30vk9fVx0FkYbRcmrsEe69Wn47F+/WqLQS6RtZiT2qQtZZom+FttqKD50gx2NZLtLXIQbuzGncI1EoZfoAtdwETbw2bpzm21ABmy6/DZYHvdUmlTIE/nbAKiQ2TAojylsIcU8l5sukyqmH7WdSNWpkAKFOt6GwGEPLHi5XVdLs1ML2H9nVmyDgRnGQxpcwFjDPDkJmRfLzUyqWZbSZEquorbRbSsNre60rvaw3/n7KJn1y5p2Khln1jEeQdCtM4KAyQbZczzZDSWT5jRn87/kCFGnPZtokjd6OrBMyiztxwMaozg3sPylk0rrcwscdea8ocxf2u15G7/Hf2wpmuOYb/s/y4KakgJXWQw7JbuRhbOgdGqLLOX5Zu08f23X56vsW/xFlhf0AtWSYlEL20JrJmQcgOMvLLD5Gecpumgkz2zN+rQN3uG+pQ6frXORwfhsnosQNii7gW7P15XL/KVdn69yb/EXWaTnRjZ/CKF6bnbZNpoBkY+V4xXreTtsrM134yu+G/EFTuGUQ1mdgh8OCzBUwgrXuB5MNNFB3Yj7MHpOSAX4dNJXQJGBHqpPCJgHpI8+9jGDHDNmr70bY6Sv6aMRZ2XP2PmjMzHMCNKLH6Vfj+EaL+atSen//3KSnsPnIM3kpXxs77S7EOnUuXGDL4v05iWwbBn+NpdgB4WT3AvRNaEUGd2DawNXQXHQLqDAzF3m3F2CCDJ0HaM0uosCriCD9DHKq3PdFUSQFyXOXc9VzOE5UZRKY/2ba6AIOLARUF1aTtbIexFn2TNelSgshoqWM8BmqJdwVXcxfZSz+hg86o4XR1mneMkkREVr7xQp6W91iilmiuyZm1N073GKwEEMxpvwwQ4qdOUXmmSi6yZJ7mOXfPb3w3c32E1dOeiS2znJ45qOMomcoGPoTkLq2MIH9w6GBkSOgW5zIlsonDumucM3U+Qz/ARSk1OUOOMszRynzrN1l4yiXGuaXnG/b2uSo0d9I01uoch1tn2VJscgeQ5PfWLfcWGU9+hWNyKAvI8R3yy3W1AUodba6gu2TEvyDcFF+s7lSuS8Or2WKkSCXbw3d0RyhlU7tY1dWR3EoZ2pfdFRHuyZSjNKRVK3VkBp7L3/qG+Wugj5lfp0rgikvBO2xZCUE7LPW4ohKWnm9L0VQ0pzLYbU9loMaeNbfaPhlfJHXa5VQzg4UYibaghimg1LNQSRZ+fqSFktNcNaDqnttR7Sxi+7qXhtt2W9B7H79xdE0MbXiyEb7rgI2BoBHFEL4EDm+zcrKFC1nN9BlHy/NkulACmWl6z1GVNWTrjrzNasT9vgHe5FlYJVhpLpr0KUSsEqR32+rlzmL+36fJV7i39hpUAERcTWBNrcJihCQtX4531+Y4cEmZQNb33JLq9JkVKdAAT2mTCpy64Lme9ZUoYuhW2/OtPyvUTX5QzEDsDQHil2YaK/69j02EXsp2vOzbFZyfWv24lztEep7wN0XE4fMt9bpLXnPeEOcowCt7HaDZKLXSjRhXJnKkJaemQfulPs7LG34t7Xn0nXRxEhWDfLtVyQu+izvnHuwthuX+WNyc7Xa6mNcJI4pUJ1iTbKiaXPf01SrJINCmVuZHN0cmVhbQ1lbmRvYmoNMTYzIDAgb2JqDTw8L0JpdHNQZXJDb21wb25lbnQgOCAvQ29sb3JTcGFjZSAvRGV2aWNlR3JheSAvRmlsdGVyIC9GbGF0ZURlY29kZSAvSGVpZ2h0IDIyNyAvTGVuZ3RoIDI4NjMgL01hdHRlIFswIDAgMF0gL1N1YnR5cGUgL0ltYWdlIC9UeXBlIC9YT2JqZWN0IC9XaWR0aCA2NTQ+Pg0Kc3RyZWFtDQp4nO3daVfUzBZAYeZJsBkcARERRUWF9///uHuTGk9VqhPppNK1kr2/62rIs85JpWnY2CAiIiIiIiIiIiIiIiIiIiIiIiIiIiIiIiKadZs0z9YNT7bu7wUVExCpsJBIZVWkxS2aXsV5hB7J1ukRhpRsDR6RSC2N6rFL4jbNqy6Ra7G47m8KrbnxPaYttrzEHZpe/0YyN8eURfDRzhKRWT02LeKQfAmQ+Tg2MKYh7tK8SpPMzHGJRRiSqgEy9pgRY0hRvqo9mlcpktJjBo4pjJHE5uvcp6nWglJ4zMQxtaWFRQDOuphkzHFrWI7LBqOkKF/eAc2jhMmkxyE5LsHoKS5XeEjTa7lKDzIbxybGwGIEcd3fKhq5iGTD47Acl2J0FGOGRzSXYpQOZC6OLRgdxQbDVzT9GigdyBaOw2P0g9FRbCo8pinXVOlABuNxUI7Bng4waotOYsrgCU2zlEsn0nmMOPbf1W0YhUXhMHzZr2l6JWVakM5jBo5dGCXFFMAFTa8UzRBkO8csGNVcNBSFw+CFn9L0StC0IjVINR6H5yg0Soz7GqOyaCh6h+Jln9E0a9C0IjVIPR7VzWPIsZfGbozaopEYEzynqRbDNCKtxywcwz0dYnQWNUXv0L7gC5pyoUsjUoG0HmOOYlf3H436obc9v2iMtUVN0TnUr/UNTT/B0ohUIGuPhuOB5rjjOa4+HBN7Wk9Gs6WdRSPRM3wre0fTKbiyHqUR6T2abb3vOIa7ug/GLY9xz2K0g7G2qCU6hu6lv6dpFuI0JBXI2qMZj4bjnufYZ1fHe3rX7mmD0VtUFJ1D/YI/0LQTLjVJBdJ51Bztrt6Nd/VLMf6PqK2PH51KLbIGaTymOPYajuv+YqnwLi8vP9YZkjVI51FxrO4dDw/FSabPcFz3F0uFd1V3qU0qkM5jyNHdOgYHGTTSkH26rjIiFUjj0XKsT9ZiV0fDEY00ZDef6pxI57Eaj4Zjfesod/XqGjfX/cVS4X3+fFPlRBqPlqPf1UMMRzRSe7e3t5+tSOtRjUe9rKPhuNtrOKKR2vvy5YsG+VlNSDse1XRUGhfBQUacY9BIQ3d3d+dA6vlYeQw4iuEYrOoXa9xEI7X39eudAKk8Wo5yOAbH6hVXNRqpo/v7rxZk7dFx/OA5uuEozjFopAx9u7+3IGuP1Xi0HIVGNxx7rWo0Ukffv337Zj3W+9pwvAw5JjVuoZGG7XuVAmk8Oo6RxvhUjUYavoeHB+/Rcbx2HP2qRiPl7seD9ajHY82xOso0h6Nc1Stp3EQjdfSjSnnU47GajvXJ2u7qcFWbt2NWPMagkbr6+fOn92g4ql1thiMaabx+hRztrq7vHOWNo3ziiEbK1K9fzqPjqHa1Go7BjWPjGINGGrbHX8qj5Wh39U3zxrE+xqCRcvb4+GjHo+boh6O6cWw7VKORhu33o/JoOda72t45Xl0mjjFopHz9/v3bcRTD0azq6Bgj3xt88QNHNFJXfzxHMRxvb29u/DEmPFSjkXL1J+SohqM9x7hjzGIh3hs0n0ZAIw3en4BjPRzv77/GGoNHPGikXP21HO1wNKvaHWO6HvGgkQbrb8jRrWo00vj9NRzrXW1XtTlVm0N1xwNHNNJgPSmOdjiGqxqNNG5PfjjKVS00vml//I1GGqwnydGtaqdRPXBEI43T05Pd1XpVS43XaKRRexLD0d441k8c9SMe+WYMGil3z4qjXNVG4y0aaeyeg1UtjzFa43ur8eQYjZS5WuNTcOPoDtVopJF7fo41PjQ1np2ikUboueZoVzUaaa21aLxRb1SjkUarofEHGmldPYc3jmikNYZGKic0UjmhkcppNI2baKSu/hOHav9GtdD4LvExrVU+wopG6gyNVE5opHJCI5UTGqmc0EjlhEYqJzRSOaGRygmNVE5opHJCI5UTGqmc0EjlhEYqJzRSOaGRygmNVE5opHJCI5UTGqmc0EjlhEYqp9E08ul+6ozfNUHlhEYqJzRSOaGRygmNVE78pmUqJ34LPZUTf6GDyom/XkTlxF92o3Lir15SOfEXgamc+GvpVE7Bog4f8Hy6vtQaz9BIoyRGo17UQuMVGmnUJMbgEKM1vq80nqORxsnuabOo69vGSKP/YVs0Ut78aBSL2r0xiEYaM4MxWtR3X9SROvogwpH6IAIaKVchxmBRo5FGzmI0o9E8bXQPeMzb1OGHtHZX+ZAWGqmzAKNf1KHGxeIEjZS/EKNb1Lc36hAj3orp+wFWNFJnHqPa0/5E/ek6fNwY/NAEGilHtUWD0Y9GcYjxD3jSD7/RSMOlLDqMdjS628boSI1GylltUd0zGoz+DHMVH6mTD3jQSMNlB6PGKEejO8SED3jQSNlyFj1GPRrVD36HhxijcQeNlKcQo9nTblE3DjHuAQ8aafh+eIsWYz0am7eNvTVuoJE6qilWFvVgtHvaj8a2I/XLHjeikTqzFhXGO4VR3zVeytvG5CEGjTRw371FjzExGtFI+dMUrUWPsW1Ro5HyVFPUFuvBaDFGozGt8YWHGDRSV5aisqgOMAZjMBrD20bxMxNopAGzFJVFj1GMRrGom7eNL9G4gUZqT1DUFh3GxmjsuajRSF05isqiGowhxuSJGo2UIzsV9VzUGKt7RrWn49HoPoWw2qJGI3VkJXqL6gBTYTR7Wr4r2Hi+8zKNG+v+YqnwFEQt0Vl0GOPR2OsMg0bqqoZoJFYUrUW9psNnjf1HIxqpvSsjUVO0Fh3G4AgjzzBopOHTDpXEiqK3GGFMj0Y00qBphzXESmJF0VvUGIM97e8aV9O4of9V/e+r/6eiXf2Xe3v7+wcHh0dHr46PT16/XixOT8/Ozs8vLi7evKleztt3de9VH2ja6cusrvhbQ9FaTGLsNRqlRsdxT3E8NByFRw1Sk9QmvUuaXO4Kv9UQDUVv0WAUN409R2M0HC3HfcvxleGoPNYga5GKpEFpe0fTKbiy+mJfaIkVRWVRY3xlMYqbxj6j0WoUu3rH7uoDzdF7rEEqkYqkRUmTTl/qcyOxougsaowH4gQT7ulVNKZ2tZmOlqPyaEAqkcakY0kTzV5mfdFPLUVl0WLcb9w0rj4a4+EYcfQeDUgl0pqULmly+YusL/rCUnQWGxj7jsZ/4Wg81iCVSGsygkmTSlxjfdFfa4raYiaMUmPAUT/oMR4tSCXSmlw0aNJUCq6wvugnnqKyaB7tRBh7amznqMajA6lFWpOvEzRpGgVX2Fz1Y0dRD8YcGK3G5RxDkN5kiiZNo/ASm+vuKXZhXF1jK0fpUYH0JlMyaTIFV9lc+aPAYhaM4a4OORqPCqQW6Uw2XNLUElfaXPtDQ9FYjDH23tNLOfrxqDxqkI5kqJKmmr/c5vofGIt+MA6NMdzVEUflUYO0IgOUNPH8RT9wFMVgbGLsq3E5R+VRgzQiA5Q0i9yV33cUa4uZMKY4hh4NSEESm1OueZktgL2GxcExLuWoPBqQTmRaJU0yedH3PEVlMRfGmGPs0YKMTNJM8pd/N2lxYIyeY2M8Go8BSWhOvubFdg52lg3GwTCmORqPQmQSJU06efEtiO28GBscjUcHMiRJs8tD2N5ObelBMQqOkUcBEpQzLLz820ssDowxwdF5bJCkGSY0bGXHKDk6jxIkJudaiGCraTEDxiUeY5HwnHot11uoyG0x5Cg9tpOkORRy2BwBY6tHVM6yFIKRLMYe0yJpxoU8MltsekQkmWIYI1hMeQTlvEt6GMniUo8AnUP/dulHtPjvHmmWjWwRkbSktUiEJMWtF2LYur8XtKbWDY+IiIiIiIiIiIiIiIiIiIiIiIiIiIiIiObZ/wHsLgvRDQplbmRzdHJlYW0NZW5kb2JqDTE2MiAwIG9iag08PC9CaXRzUGVyQ29tcG9uZW50IDggL0NvbG9yU3BhY2UgL0RldmljZVJHQiAvRmlsdGVyIC9EQ1REZWNvZGUgL0hlaWdodCAyMjcgL0xlbmd0aCA2MjkyIC9TTWFzayAxNjMgMCBSIC9TdWJ0eXBlIC9JbWFnZSAvVHlwZSAvWE9iamVjdCAvV2lkdGggNjU0Pj4NCnN0cmVhbQ0K/9j/4AAQSkZJRgABAQAAAQABAAD/2wBDAAgGBgcGBQgHBwcJCQgKDBQNDAsLDBkSEw8UHRofHh0aHBwgJC4nICIsIxwcKDcpLDAxNDQ0Hyc5PTgyPC4zNDL/2wBDAQkJCQwLDBgNDRgyIRwhMjIyMjIyMjIyMjIyMjIyMjIyMjIyMjIyMjIyMjIyMjIyMjIyMjIyMjIyMjIyMjIyMjL/wAARCADjAo4DASIAAhEBAxEB/8QAHwAAAQUBAQEBAQEAAAAAAAAAAAECAwQFBgcICQoL/8QAtRAAAgEDAwIEAwUFBAQAAAF9AQIDAAQRBRIhMUEGE1FhByJxFDKBkaEII0KxwRVS0fAkM2JyggkKFhcYGRolJicoKSo0NTY3ODk6Q0RFRkdISUpTVFVWV1hZWmNkZWZnaGlqc3R1dnd4eXqDhIWGh4iJipKTlJWWl5iZmqKjpKWmp6ipqrKztLW2t7i5usLDxMXGx8jJytLT1NXW19jZ2uHi4+Tl5ufo6erx8vP09fb3+Pn6/8QAHwEAAwEBAQEBAQEBAQAAAAAAAAECAwQFBgcICQoL/8QAtREAAgECBAQDBAcFBAQAAQJ3AAECAxEEBSExBhJBUQdhcRMiMoEIFEKRobHBCSMzUvAVYnLRChYkNOEl8RcYGRomJygpKjU2Nzg5OkNERUZHSElKU1RVVldYWVpjZGVmZ2hpanN0dXZ3eHl6goOEhYaHiImKkpOUlZaXmJmaoqOkpaanqKmqsrO0tba3uLm6wsPExcbHyMnK0tPU1dbX2Nna4uPk5ebn6Onq8vP09fb3+Pn6/9oADAMBAAIRAxEAPwD5/ooooAKKKKACiiigAooooAKKKKACiiigAooooAKKKKACiiigAooooAKKKKACiiigAooooAKKKKACiiigAooooAKKKKACiiigAooooAKKKKACiiigAooooAKKKKACiiigAooooAKKKKACiiigAooooAKKKKACiiigAooooAKKKKACiiigAooooAKKKKACiiigAooooAKKKKACiiigAooooAKKKKACiiigAooooAKKKKACiijFABRS0UAJRS0UAJRS0UAJRS0UAJRS0UAJRS0UAJRS0UAJRS0UAJRS0UAJRS0UAJRS0UAJRS0UAJRS0UAJRS0UAJRS0UAJRS0UAJRS0UAJRS0UAJRS0UAJRS0UAJRS0UAJRS0UAJRS0UAJRS0UAJRS0UAJRS0UAJRS0UAJRS0UAJRS0UAJRS0UAJRS0UAJRS0UAJRS0YoASijFFABRRRQAUUUUAFFFFABRRRQAUUUUAFFFLQAUuKUClAoATFGKfil20AR4pcU/bRtoAZijFSbaNtAEeKMVJto20AR4oxUm2jbQBHijFSbaNtAEeKMVJto20AR4oxUm2jbQBHijFSbaNtAEeKMVJto20AR4oxUm2jbQBHijFSbaNtAEeKMVJto20AR4oxUm2jbQBHijFSbaNtAEeKMVJto20AR4oxUm2jbQBHijFSbaNtAEeKMVJto20AR4oxUm2jbQBHijFSbaNtAEeKMVJto20AR4oxUm2jbQBHijFSbaNtAEeKMVJto20AR4oxUm2jbQBHijFSbaNtAEeKMVJto20AR4oxUm2jbQBHijFSbaNtAEeKMVJto20AR4pMVJto20AR4pMVLtpMUAR4pKeRTSKAG0UtJQAUUUUAFFFFABRRRQAV0H/CCeMP8AoVNc/wDBdN/8TXP19/0AfEP/AAgni/8A6FTXP/BdL/8AE0o8CeL/APoVdc/8F0v/AMTX27RQB8SDwJ4u/wChV1z/AMF8v/xNPHgXxd/0K2t/+C+X/wCJr7YooA+KB4F8W/8AQra3/wCC+X/4mnf8IL4t/wChW1v/AMF8v/xNfatFAHxV/wAIL4t/6FfW/wDwXy//ABNL/wAIL4t/6FfW/wDwXy//ABNfalFAHxX/AMIL4t/6FfW//BfL/wDE0f8ACC+Lf+hX1v8A8F8v/wATX2pRQB8V/wDCC+Lf+hX1v/wXy/8AxNH/AAgvi3/oV9b/APBfL/8AE19qUUAfFf8Awgvi3/oV9b/8F8v/AMTR/wAIL4t/6FfW/wDwXy//ABNfalFAHxX/AMIL4t/6FfW//BfL/wDE0f8ACC+Lf+hX1v8A8F8v/wATX2pRQB8V/wDCC+Lf+hX1v/wXy/8AxNH/AAgvi3/oV9b/APBfL/8AE19qUUAfFf8Awgvi3/oV9b/8F8v/AMTR/wAIL4t/6FfW/wDwXy//ABNfalFAHxX/AMIL4t/6FfW//BfL/wDE0f8ACC+Lf+hX1v8A8F8v/wATX2pRQB8V/wDCC+Lf+hX1v/wXy/8AxNH/AAgvi3/oV9b/APBfL/8AE19qUUAfFf8Awgvi3/oV9b/8F8v/AMTR/wAIL4t/6FfW/wDwXy//ABNfalFAHxX/AMIL4t/6FfW//BfL/wDE0f8ACC+Lf+hX1v8A8F8v/wATX2pRQB8V/wDCC+Lf+hX1v/wXy/8AxNH/AAgvi3/oV9b/APBfL/8AE19qUUAfFf8Awgvi3/oV9b/8F8v/AMTR/wAIL4t/6FfW/wDwXy//ABNfalFAHxX/AMIL4t/6FfW//BfL/wDE0f8ACC+Lf+hX1v8A8F8v/wATX2pRQB8V/wDCC+Lf+hX1v/wXy/8AxNH/AAgvi3/oV9b/APBfL/8AE19qUUAfFf8Awgvi3/oV9b/8F8v/AMTR/wAIL4t/6FfW/wDwXy//ABNfalFAHxX/AMIL4t/6FfW//BfL/wDE0f8ACC+Lf+hX1v8A8F8v/wATX2pRQB8V/wDCC+Lf+hX1v/wXy/8AxNH/AAgvi3/oV9b/APBfL/8AE19qUUAfFf8Awgvi3/oV9b/8F8v/AMTR/wAIL4t/6FfW/wDwXy//ABNfalFAHxX/AMIL4t/6FfW//BfL/wDE0f8ACC+Lf+hX1v8A8F8v/wATX2pRQB8V/wDCC+Lf+hX1v/wXy/8AxNH/AAgvi3/oV9b/APBfL/8AE19qUUAfFf8Awgvi3/oV9b/8F8v/AMTR/wAIL4t/6FfW/wDwXy//ABNfalFAHxX/AMIL4t/6FfW//BfL/wDE0f8ACC+Lf+hX1v8A8F8v/wATX2pRQB8V/wDCC+Lf+hX1v/wXy/8AxNH/AAgvi3/oV9b/APBfL/8AE19qUUAfFf8Awgvi3/oV9b/8F8v/AMTR/wAIL4t/6FfW/wDwXy//ABNfalFAHxX/AMIL4t/6FfW//BfL/wDE0f8ACC+Lf+hX1v8A8F8v/wATX2pRQB8V/wDCC+Lf+hX1v/wXy/8AxNH/AAgvi3/oV9b/APBfL/8AE19qUUAfFf8Awgvi3/oV9b/8F8v/AMTR/wAIL4t/6FfW/wDwXy//ABNfalFAHxX/AMIL4t/6FfW//BfL/wDE0f8ACC+Lf+hX1v8A8F8v/wATX2pRQB8V/wDCC+Lf+hX1v/wXy/8AxNH/AAgvi3/oV9b/APBfL/8AE19qUUAfFf8Awgvi3/oV9b/8F8v/AMTWJPbTWtxJb3ETxTRMUkjkUqyMDggg8gg9q+76+MPG6/8AFfeI/wDsKXP/AKNagDmttIVqcrTStAEBWmEVORUTCgCIikp5FNNADaKKKACiiigAooooAK+/6+AK+/6ACiiigAooooAKKKKACiiigAooooAKKKKACiiigAooooAKKKKACiiigAooooAKKKKACiiigAooooAKKKKACiiigAooooAKKKKACiiigAooooAKKKKACiiigAooooAKKKKACiiigAooooAKKKKACiiigAooooAKKKKACiiigAooooAKKKKACvjTxsP+K88Rf9hO5/8ARrV9l18b+NR/xXfiH/sJ3P8A6NagDniKYRUxFMIoAgYVEwqdhULUAQmmGpDTDQA00lKaSgAooooAKKKKACvv+vgCvv8AoAKKKKACiiigAooooAKKKKACiiigAooooAKKKKACiiigAooooAKKKKACiiigAooooAKKKKACiiigAooooAKKKKACiiigAooooAKKKKACiiigAooooAKKKKACiiigAooooAKKKKACiiigAooooAKKKKACiiigAooooAKKKKACiiigAooooAK+OfGv/I9+If8AsJ3P/o1q+xq+OvGv/I9+If8AsJ3P/o1qAMAiozUpqNqAIWqFqnaoGoAiaozUjVGaAG0lLSUAFFFFABRRRQAV9/18AV9/0AFFFFABRRRQAUUUUAFFFFABRRRQAUUUUAFFFFABRRRQAUUUUAFFFFABRRRQAUUUUAFFFFABRRRQAUUUUAFFFFABRRRQAUUUUAFFFFABRRRQAUUUUAFFFFABRRRQAUUUUAFFFFABRRRQAUUUUAFFFFABRRRQAUUUUAFFFFABRRRQAUUUUAFfHXjX/kevEP8A2E7n/wBGtX2LXx141/5HrxD/ANhO5/8ARrUAYJqNqkNRtQBE1QNU7VA1AETVGakaozQA2kpaSgAooooAKKKKACvv+vgCvv8AoAKKKKACiiigAooooAKKKKACiiigAooooAKKKKACiiigAooooAKKKKACiiigAooooAKKKKACiiigAooooAKKKKACiiigAooooAKKKKACiiigAooooAKKKKACiiigAooooAKKKKACiiigAooooAKKKKACiiigAooooAKKKKACiiigAooooAK+OvGv/I9eIf8AsJ3P/o1q+xa+OvGv/I9eIf8AsJ3P/o1qAME1G1SGo2oAiaoGqdqgagCJqjNSNUZoAbSUtJQAUUUUAFFFFABX3/XwBX3/AEAFFFFABRRRQAUUUUAFFFFABRRRQAUUUUAFFFFABRRRQAUUUUAFFFFABRRRQAUUUUAFFFFABRRRQAUUUUAFFFFABRRRQAUUUUAFFFFABRRRQAUUUUAFFFFABRRRQAUUUUAFFFFABRRRQAUUUUAFFFFABRRRQAUUUUAFFFFABRRRQAUUUUAFfHXjX/kevEP/AGE7n/0a1fYtfHXjX/ke/EP/AGE7n/0a1AGCajanmmNQBE9QNU7VA1AETVGakaozQA2kpaSgAooooAKKKKACvv8Ar4Ar7/oAKKKKACiiigAooooAKKKKACiiigAooooAKKKKACiiigAooooAKKKKACiiigAooooAKKKKACiiigAooooAKKKKACiiigAooooAKKKKACiiigAooooAKKKKACiiigAooooAKKKKACiiigAooooAKKKKACiiigAooooAKKKKACiiigAooooAK+OPGp/4rvxD/wBhO5/9GtX2PXxt42P/ABXniL/sJ3P/AKNagDDJqMmlJphNADWqBqlY1CxoAjamGnmozQAlJSmkoAKKKKACiiigAr7/AK+AK+n/APho7wf/ANA3XP8AvxD/APHaAPYKK8g/4aO8If8AQN1z/vxF/wDHaP8Aho3wh/0Dtc/78Rf/AB2gD1+ivIf+Gi/CB/5h2uf9+Iv/AI7Tv+GivCP/AEDtb/78Rf8Ax2gD1yivJP8Ahojwj/0Dtb/78Rf/AB2j/hofwl/0Dtb/AO/EX/xygD1uivJP+Gh/CX/QO1v/AL8xf/HKX/hofwl/0D9b/wC/MX/xygD1qivJf+GhvCX/AEDtb/78Rf8Axyj/AIaG8Jf9A7W/+/EX/wAcoA9aoryX/hobwl/0Dtb/AO/EX/xyj/hobwl/0Dtb/wC/EX/xygD1qivJf+GhvCX/AEDtb/78Rf8Axyj/AIaG8Jf9A7W/+/EX/wAcoA9aoryX/hobwl/0Dtb/AO/EX/xyj/hobwl/0Dtb/wC/EX/xygD1qivJf+GhvCX/AEDtb/78Rf8Axyj/AIaG8Jf9A7W/+/EX/wAcoA9aoryX/hobwl/0Dtb/AO/EX/xyj/hobwl/0Dtb/wC/EX/xygD1qivJf+GhvCX/AEDtb/78Rf8Axyj/AIaG8Jf9A7W/+/EX/wAcoA9aoryX/hobwl/0Dtb/AO/EX/xyj/hobwl/0Dtb/wC/EX/xygD1qivJf+GhvCX/AEDtb/78Rf8Axyj/AIaG8Jf9A7W/+/EX/wAcoA9aoryX/hobwl/0Dtb/AO/EX/xyj/hobwl/0Dtb/wC/EX/xygD1qivJf+GhvCX/AEDtb/78Rf8Axyj/AIaG8Jf9A7W/+/EX/wAcoA9aoryX/hobwl/0Dtb/AO/EX/xyj/hobwl/0Dtb/wC/EX/xygD1qivJf+GhvCX/AEDtb/78Rf8Axyj/AIaG8Jf9A7W/+/EX/wAcoA9aoryX/hobwl/0Dtb/AO/EX/xyj/hobwl/0Dtb/wC/EX/xygD1qivJf+GhvCX/AEDtb/78Rf8Axyj/AIaG8Jf9A7W/+/EX/wAcoA9aoryX/hobwl/0Dtb/AO/EX/xyj/hobwl/0Dtb/wC/EX/xygD1qivJf+GhvCX/AEDtb/78Rf8Axyj/AIaG8Jf9A7W/+/EX/wAcoA9aoryX/hobwl/0Dtb/AO/EX/xyj/hobwl/0Dtb/wC/EX/xygD1qivJf+GhvCX/AEDtb/78Rf8Axyj/AIaG8Jf9A7W/+/EX/wAcoA9aoryX/hobwl/0Dtb/AO/EX/xyj/hobwl/0Dtb/wC/EX/xygD1qivJf+GhvCX/AEDtb/78Rf8Axyj/AIaG8Jf9A7W/+/EX/wAcoA9aoryX/hobwl/0Dtb/AO/EX/xyj/hobwl/0Dtb/wC/EX/xygD1qivJf+GhvCX/AEDtb/78Rf8Axyj/AIaG8Jf9A7W/+/EX/wAcoA9aoryX/hobwl/0Dtb/AO/EX/xyj/hobwl/0Dtb/wC/EX/xygD1qivJf+GhvCX/AEDtb/78Rf8Axyj/AIaG8Jf9A7W/+/EX/wAcoA9aoryX/hobwl/0Dtb/AO/EX/xyj/hobwl/0Dtb/wC/EX/xygD1qivJf+GhvCX/AEDtb/78Rf8Axyj/AIaG8Jf9A7W/+/EX/wAcoA9aoryX/hobwl/0Dtb/AO/EX/xyj/hobwl/0Dtb/wC/EX/xygD1qivJf+GhvCX/AEDtb/78Rf8Axyj/AIaG8Jf9A7W/+/EX/wAcoA9ar4z8bN/xXviL/sJ3P/o1q9y/4aH8Jf8AQP1v/vzF/wDHK+fPEepw6v4n1bUrdXWG8vJriNZAAwV3LAHBIzg+tAFEtTC1MLU0tQArGo2NKWqMmgBCaYaUmm0AIaKKKACiiigAooooAKKKKAFpQabS0APBpwNRg0oNAEoal3VFmlzQBLuo3VFuozQBLuo3VFmjNAEu6jdUWaM0AS7qN1RZozQBLuo3VFmjNAEu6jdUWaM0AS7qN1RZozQBLuo3VFmjNAEu6jdUWaM0AS7qN1RZozQBLuo3VFmjNAEu6jdUWaM0AS7qN1RZozQBLuo3VFmjNAEu6jdUWaM0AS7qN1RZozQBLuo3VFmjNAEu6jdUWaM0AS7qN1RZozQBLuo3VFmjNAEu6jdUWaM0AS7qN1RZozQBLuo3VFmjNAEu6jdUWaM0AS7qN1RZozQBLuo3VFmjNAEu6jdUWaM0AS7qN1RZozQBLuo3VFmjNAEu6jdUWaM0AS7qN1RbqN1AEm6kLUzNJmgBxNMJoJpuaAFJptLSUAFFFFABRRRQAUUUUAFFFFABRRRQAZpaSigBc0uabRmgB2aM03NGaAHZozTc0ZoAdmjNNzRmgB2aM03NGaAHZozTc0ZoAdmjNNzRmgB2aM03NGaAHZozTc0ZoAdmjNNzRmgB2aM03NGaAHZozTc0ZoAdmjNNzRmgB2aM03NGaAHZozTc0ZoAdmjNNzRmgB2aM03NGaAHZozTc0ZoAdmjNNzRmgB2aM03NGaAHZozTc0ZoAdmjNNzRmgB2aM03NGaAHZozTc0ZoAdmjNNzRmgB2aM03NGaAHZozTc0ZoAdmjNNzRmgB2aM03NGaAHZozTc0ZoAdmjNNzRmgB2aM03NGaAHZpM0maKAFpM0UUAFFFFABRRRQAUUUUAFFFFABRRRQAUUUUAFFFFABRRRQAUUUUAFFFFABRRRQAUUUUAFFFFABRRRQAUUUUAFFFFABRRRQAUUUUAFFFFABRRRQAUUUUAFFFFABRRRQAUUUUAFFFFABRRRQAUUUUAFFFFABRRRQAUUUUAFFFFABRRRQAUUUUAFFFFABRRRQAUUUUAFFFFABRRRQAUUUUAFFFFABRRRQAUUUUAFFFFABRRRQAUUUUAFFFFABRRRQAUUUUAFFFFABRRRQAUUUUAFFFFABRRRQAUUUUAFFFFABRRRQAUUUUAFFFFABRRRQAUUUUAFFFFABRRRQAUUUUAFFFFABRRRQAUUUUAFFFFABRRRQAUUUUAFFFFABRRRQAUUUUAFFFFABRRRQAUUUUAFFFFABRRRQAUUUUAFFFFABRRRQAUUUUAFFFFABRRRQAUUUUAFFFFAH//2Q0KZW5kc3RyZWFtDWVuZG9iag0xNjAgMCBvYmoNPDwvQ29udGVudHMgMTYxIDAgUiAvTWVkaWFCb3ggWzAgMCA5NjAgNTQwXSAvUGFyZW50IDIgMCBSIC9SZXNvdXJjZXMgPDwvRXh0R1N0YXRlIDw8L0dTOCA4IDAgUj4+IC9Gb250IDw8L0ZUMTAgMTAgMCBSIC9GVDE1IDE1IDAgUiAvRlQzMiAzMiAwIFI+PiAvWE9iamVjdCA8PC9JTTE2MiAxNjIgMCBSIC9JTTkgOSAwIFI+Pj4+IC9UeXBlIC9QYWdlPj4NZW5kb2JqDTE2MSAwIG9iag08PC9GaWx0ZXIgL0ZsYXRlRGVjb2RlIC9MZW5ndGggNDI0MDA+Pg0Kc3RyZWFtDQp4nKy926pty7El9m7Y/7CeCzxPz3smGIMuR4UN9WBb4A8QrjLFls0pP/j33VtEaxkx5pJ0JGHERqu3OUYfveclosUt499+KT+e93//Pf5v9OfHn/78y7/9AuRMB/7b//HL//4ffvxf7+fwv//2X94//8t//N/2j//y/3z/2H/+D7/8L788X8/48f/+Un/8p/e///n977/ax54f/+t/vN/7N/uW/exo52tU/Pb7jzXx8//yP/2n8+P3//eP917vjfxn3y//2y+//eMv//KHP5bnR63lxx//s/+U3cX+VepXKevHqPOr1Pbjj3/+5X+Yf/jd+B//+F9/lNLeD/344++F/Hf/+sf3Wf/+W46v8uy/55b+WjZKbf4YpX/tH39+Uf/Xr/hXK1+1v//E3/O/+QkbRXuyO+L/ziMOvnP9ex4wTeMqX2X+KGN91fcZcdXe+/X1tZ7+Y+2v3dZ7+f7KU3/s/dWqX/Uff/plr/m1u65//WXv+VXPjo+ffu9k/7Yfeb/3/ru+o3kmvoSLNr7GO8S6Qe3tq5bzgz9gl/aD9vu8/PUXPp0+zWfXzfzF+Dt/+njPX7VKa18/nq+ON+ZoPF+zv2Mz5tfqBwPyAmMbUM/Aj77Axo3G+2jdgVUdaPZGANY7aKN/nVEc2O0YMJ7lwLHxaF+zYbrxcOcd2VG/1q4O9IbnKF+nFwfWcwwo77u+QP167Gefr1a6A22/X+nvXmp+vRZma79byn61vT+yDXjqcMDe7Z2i5s/Vv95HeIH5NUtzYOJV+juI/rLjq7ZuQHuqAxvfeD+47RbTh/MFymMPvr4eu0X7Gn04sPow4PE32V8dt3zXcLXxO+9TbAOeORzY5333Xt7hwjf2OwezGVA7xm+/w9V9nWI9vUD9qqMYMBaea7+/tnytYoUZcAoXr63D/g7X+41XAu2JN9vDfg3AstF5F+eD5f4C097kBUbdBgz/1fl1XvFlwDBgffW6HLAhf4G9/VfGY4/xLmmMlwH2s1jzH9fvin0nNH0FI/h83nX7kKUf3l/zmfnZ3lF8RsmP/yL9jPyG78C22fMgvCMLkRPDtDErJQ/ki2yKAY71O7Zz7zwd7+h2W4x3xjZW0syT+iLHVormHeJg4gHv0tjv+LV90uLZ7wA+tlq0voCstAD3Pu8OGWmNAjlPSat4n1cKjLzQgZzd0l7Y511kmN27XYAcE4/aUfu8m9BWpjYdkDV6bMt93m1oO1kbF0i3ray9DQRCM7Y/kNNbkhDvwH6VLEMA1DOTmAHSTHhJEgHp9uMSVob0neSZISa/JPIMMXnlUtGR4cL0qfe6vgqIs8JvAOmrpbsCOTX/cq3veK6Vng7IriO9Qa37q670kgBW6TEOtb7ju1saqtqer97TaFbo2Z0GvLZXsz95UoCcJ89bbe/4npLm9pV/71oZaf6hcQpH09cIkFPyOnrX+rshd1prtb2jt/J6BHK4qn3N1rbfVdPvqq7vxiw1LXsAc+WtUbExfVK4fYBMn0husfpuuncy0zYEMnxdcasCOT513M713Yat5i0PhLKEYgHIqS1JDmjnQlni0gVIm0kAARhFIglCyhAfGwoyINN/nMLOEN9jFIiG+DxQaAJZvntNrPr1CbmbAJfM+Rsmu9NNXbqn33X5nx7NNUR6etch6QVdy8QQuBZKg+R6Ko2ja7I01K7r0my4NowJo76MOaVGjWl3lRsLgzo51g61diwv6vW7AF3vx/okMYglTOoQq5zkIjYC6UfsFRKU2E6kMLHjyHFiU5IFxb4lT4qtTSZ1Nz+p1pUO5GIhP8jWQsKQz10ZRMIXUoqUMAQZSWPIOtLKEIcAWpaYBEKkfmOiv/7yf+LR72cK2Xp8afjLxW3nd4DXFMvGE9K1aOYcLqW3iOgc0wGO78QSx7s+W0AzgAT5nYHXCgGwmqgrrwu/weEs+vx0EV9Ehnd1YMwpYDjQ+QkTY++cNf3msd94gcV1UfBiDQuabLiY0H2+yjpaSseAc+7a8oVxdI9pC7bYnnWgux5Z/hzvqrNPgJ/wpqcTMLr0Lum6ly3YOrnoqykI2DBTu8CBs7UtsBcBTG6cZxzbBeTYL9CnA/pEpxnVnDG/gG+k1nkNpdnuanuv7Q7Tt24f/lf/8rDFYNc+ge8GtZGBUOU3zpwO+JS9ktCkw7sl2iBQjgM+6evlNtMERtsEHtvsL7AoclZtBhw3PhbV9mvmGdN8pVYzlfyqjUcAhVIzngn1Ybv/lYCLJuLZBGhbYAwh6Lh8j42hST7Xke9f+AkIEgfwsiYsaWzADwBp+iwCz3Yd+rhieBds9090V9dcwQBcN1dqtXcpFb+G9LHrh3rAVmP3le3AcKF+JlVJWcP0AMkHBGwh4NfGPLovbAfsFlWE6xXi9hRavy+w9iJAnVcLP7EFPJ0AbZ7Z/BOzNQK1EXALxtcvAH/Z5evXAGpasQkf4UUKAoCfwJoAQNb3Arxs1Oa9E7jqfWfgXZHrrJ+Q8oEsV2JxXyC1fvzworaNZ1vYN/npX262T36/F1jzYwReUVbqxyC9KvmcPI5Yu63koQZSTp6Nd/m2/jFhQOrJc7oh8maediBcKVwZGyy1p7UDYObFtSEFZ15/QMbHEsUqJsJVDKTutM6xjEveCJsSMvbKhng7eTsBqSvvOPCoefKmBGJ77u7bdzH3ufPWBtLz7gdFLn2EfDCgjiRBgOwkYnC9jINICoF5O8WQoDKk1CTLjK+3mcSdISYiJRGBzDKT0AQyzklyFYZBmSeJXkNAda90BjJNHUiAG7J2iHjYIMXk4tQVREkL+w0MpicNYohpBekY2DoPzIKrhgxZM2kqs4dO0mVuIJ2k7oBso4HSiIb0nZQmTC8nbdKrhphZdZf5i/RTknY2ZGcF7kZdSzreENOEogFAjFxcpuBISWTCzEUIgcs3DDHKJ0oCBIvikhYDnpV4jSFzJerjyAhyZKZq6Yk9OdISvzJk1ETBHCmJpRmCcRePc2AnpmfIGYkMOpLpIpDEJvPlvNdBR9N1qemGRmrnTj9qyE7PBaC1kx7dkFHT68Fnwe3FITCkzjRMQPopaSiBjDuNGG0gz51GzIghu6dZgw9ljjSxBqye5h6umH1/HOvDkKF1hjUERFvM15khvaW1CB9PrVrlWK+GaHFiScMx1O+N8X6G8HF8a8DBNI9u7O7lVzYW7V1sMXilzpB3aw8iS5+xcX+R2q4HjMB1gDzmErtuCgoFQ0YWHHCb7bGScDFkCYEAAlKvQ66Yo88VcMgwOOTGuoiFGF5EXhOIQvPiTYlCiEtDtvwo4zjSKPJd7ALpzxXW5ZjHcLcsvg1xDxhFPJD2XAQLA0jNqgK+yU01YM5dXLs7i+oGSOtZIxkyS9Ja8ILSp0TNZgj9oq79zFN6teiyN4eAlA8WWhRI6Rfp/pni+5vaGF7ZnfS1X5+k0YGMUpLWN0Q+4zXk7D2JPBgyREGOA/SckoEYQqXlLMW8yC0zGUO6nNpgO6XftU5G5IgzImdNhrSLtEJEDK0f/8zYInGjVCKHyMNfH0Ms7tn81pCzHgIFQM108RPBijbk+vM9qBKIU1NH6kVWRpzhfgK9f3zn63zc1ITlB+A++Xg04+EfAIh6fj+j8mkInOynUXJzIA2kGwxprN2kSNPhRkeaMTdL0qS64ZLmvdM5f5dG51q5q6dTotwF5vZTWoJuYaVV6jZYrGO30dJKdysubQZJUe0WNwTTfnJTMW05NybTrnRzMzYuDdLY2zRZY/vTpg0JQas3hAjt4pAztJxDENG2DllF6zvEGe3zkHi04EMo0sYPuUkvQIhW+glC+tKTEAKavoYrwumLCCFPT0XoAXdlhKZwV0foEvpCQt3QWxIaif6UUFr0uIReo08mNB+9NqEcl+Sk9Cc9P6Fi6RsKLUzvUShq+pdCl9MDdbU9XVTBB+jECspAN1ewCjrCgnjQVRbchM60oC90twXBoUMuOJA77IIluUMveBQ9fkG16BMMNkavYRA2uhWD09HxGLTPPZOXF6bLqeuWueV//ktpDfVM/N/Na6i2heuPXd0Nv8Ay5o/zrvVtV5ZmUJ8CJzevf/2llvfFEOfhx0Grn9Xu3ey668fe7/t1n6+Ng0fT519e+xo078/yfn3DUf/e13/PLvH7/ji8NDmEh9Wn+Sq6mb8of+tPn+/97+Q5vG9wMGWVeQ6wK0+XhMBCrgbQLfu4Mx40ehIwM+1ll1sua1gLYJudc/rYB94FLudxwbgdiG3OYisOlMOl1vEYG4Hseee9vsrt1LtapwH13DyIdwxf1TTpk61wwUJVCTBn0qt3uoVYEFUo+MarZiY3InY1gLooEDBi9VUiDDO8dkxrBpRCr+1GKspG1JkeVXMkvJN1eG13eH+88XpjjWHJmNvolXQFXrEXaJOycWAxbQwr3a5wJwBolTGY9xnfZfguhFocMGe8saAhoY1PbF867zVSYXDNH3lJAP6+LELkigFz9gK9K6cGc+ay9Pj0QLBPAgtug+Uk1dRXxdC9z7oaARjP73Vz5V74AchxOkthh77XYzG+hTA4gEpP6MbIYYSd1TfzjwAY/ol3qSNAY+EiekI7BmohKtmcQCCDAAA9Z8NWEdbGESmBj5LhIwO2PUVR3J4enAUyQBfjY0P5vtAhMOFowyqnFWO5DZAS20Oy8CE1Aybe5IB5Dbs2mffui9L97z47L2DuVwgeW+0w7uA1eoHH5uvdfA+cHPPVO7YyEduG7T8PfU+IoeM5AZjCPBDjDqzZHFjTv2Iq9sDe9+tpm/CVP8gjM8D0OASUebg/kDVn+tKrjd/bjLhtfZpJ0fu7ABYf3h/tJYYeerhPX5/hcYL7gkAkq30M6vM+cC1pmOqzOOEaSSDraTHW9QEn6jEZAM5Ms1WfV+asPKG1QCyVNOdAln1Ly6KWwh2klQPk7JEWV0V63txp/dXSOPVaoUDsLbWGa3k3xMzLHAh4Z+wEKBJQwNgsQCyjTtvppdrvethpwwE5EGZ3S9YCy3WnXQvEP6N9XctrIZW89YH4T0k61HI8RrF05XtKsqXWd8LGTuIHyLQRloCqFUkwLUQYAFDlEHJAju1eycGXGZqv7UpKABNzcIXpu93dq3zlLZB2ThLJQBbG4Urtd3m9C6uFWAfQTFdI8AOZhkg3AMEaudoDOYjV1IcUDBBzVl4dBGQZQ5Ga8szFkTQZHG0FrmfpOgAWJbraEIgttaswgayWVaq5/KAFrtY1gtJGUsxATD1d3W3exbmTejfv4kz6H4CJq0sRDMFYXBYBZGCML9EwBNKZXISI8YRpfCEQozklfanP7oaD7tvnsG0Tvw3k9J6er0/kdI14hT6XJwfoJQHckcE4vK/z/s5IY/XSlFfcjzSeQPY+acy7SZ+V5qWDAo08d0DW7ml6OxjL09IS6Av8fqRlAuSuEqykbht+p9XWjXJoiWIgsL05wL5muxloK63rbjZcT0u/G6doaXsAmV0IthC4aNkjbTMgi4/jW7GvY8Ts7lYAa6y0oTvYBN/KNz2Q+AzkQgeh4I+77ACin3L50rd7QEMGAfEsOcmojkQb83tLjgHxJB3Jum5MYyV52N893T5kZjfP20pytb97uvgQUvYCGU8Wz0A2pbGL8E5KEmIeyPDRoCoAsn0zurZ4d+a7g09SKEA6EVc6QLi+qJi65Y5JVTV7nG3pZqHggAxqFFeCQJavbipKGCSP+fmpSwHUZyZtC4RLjgoZyCAdcKUNxOOvUuxm6fiPU/kDOT6jJAj9gA5kEtHNZdwT0QDi6sCpCK5bTVzFAD6M8xlD9iYCzmOIqQfSogQ4cYrvkFnFbcm97g+TnN0HI3uLRye/i7cjA4wBIEeMMSKLjGEkzYyRJg+NySBTjfkil40ZJduNSScfjnVBxhxLhws4VpeT7lh/ZOWxRMnbYxWT2cc6J/ePrUDrIHYLzYfYUG5fxJajARK70i2U2Lc0YWJr08iJ3U8zKAQEjaSQITSjQsy4nRWCiIZYyCpaaiHOaMuFxKO1F0KR9mDITVqMIVlpU4bwpdUZ8tnN0pDgNFtDyNOwDT1A0zdUBY3j0CY0n0Pf0MAOlUQT/Cot2uih1mjEh+ajmR/K0f0AoT7pKAgNS1dCKGE6G0JP0x0Rqtz9FVfX059xyQAdHsEW6BIJQkGnSXAOulUuK2FW36UtSvu7xOabHyZl+dlndsry8y+lpD67q5IeL6Cx4lPIYXeBoU9MkqU6vgFy0EHuTmwrOQUff1WvDKC9g9EZ99q51dBDbR9dZSLCVW/XN4mvOrBuEl/18V+b3s0HSuSdsC7/54PFCaDcrL5uc/zIhYo4gAFN7iBsZtipS9fTr4fWJqla3V3AdOCm/UFzYX0o6dT/vpVJiOfF2uzy9C7IIAC7aIdMW97PVuKgbYhqISXbVMXuUS1r1gG7xwtMepz748Sv+hy+gF/2mzZo1/s6tUkUd9XOxkhABLi7rlkSN4Dm7+VBlG4u9g/p0M2X7eKjOpMcPqsA/PqhfEGeFMTHM/mNZRJoaoaG7XkADAAgdmHyZjMCgLRmSKRSL1AdKATmcGKqfMV5hZpfH2PE24LwDtiLbgsPm2ht3T/BBMrpdAXAYEIjMpggWj0ve3kuvQGDEv1ZDkzFR57p4tkLWmD3GtN8LMZLoDrgo4cYhcv8cXhTV28P3QJ08kJNPNQ8yGu3a3cSblswALqSJE0mAfABfZ/4cU1zGsupHmNr2G/Ub8MYBAocGIMazdVZG8yrBM3fvrD9GrYLXdOmRDs1oisaAM2VaFlUswe8DUqUWevn4bUUdzuuZc9k8KxtAkNplabb3wXbBEwBJAOr2zWzwqoZ+/2a4uAPyxn549q/8haDAwrKYXQXQSwFDjeBdSvHnOcv+SMfXj+MTnYbz3fNV8YvO+QWgLJ+MH7ppJ+pAi/gtKZ5ls+wfD4A02OPw7iHAQ89ls8mVdL1tREUmu20ETqdnk7ylhFG43T1cYDFQMsS8B1gvHdt53DMJHuB5WbGZAaDBTQB7KEw9HCWt5nR8E4frQ5yTWhP54l0kyKYDKAyF+VdfseBTkZbhpPP7jz6+SL37Kaq3+tFo8VeBNe2HDc31kuSfWVsS7FxYFYC/MQ5Tl+dyxdO0bYVY0x8mjF3ePH4Lx53uzZ7VjDo8pDJVxL3YuL2UNwC8Gd6gVUJmC+30+h9GYtFRwEwMFRN1L00oTj3b5X2BQKCDtDZ67bjkUsZsXR+wk0SL0EwwF8FDqdCwF7lXQWNQBg+IwFuG7XvyJrfkNVXuq8hbaSfNjvsKenpgLSdXwC22zNKekdD2k7DAGTKAJ1DCJ/QxxJmYtOE0LPswe+YESCH5qZPmiEjzysM0PnUNPVAhj/zDzdia11p4RjC5boF7D7T4jOk5fUJ67hrSctc7n2lRQ4jGwmysQ0M4V7rTW5vVwfaS4aMlbYb7Pk68440hBvuEbBHS7vaEIoX3/hwFPQ2kmwwpGbxAYfDU5KAwUfOyTIIHxlrJzFliL2nJBl8G6VlYWdIzfIQyDw1SUxDKHVdqMJrUttOcteQupJkNlfLmkl4GzJHku9w0LRnJBVgLpszQkmYV8ckutSI+3lm0jTmC2pZGRlShSwiu7ek0gxpQvzO03KDrl40oGbNCWTXnpSrIaZhpH/h4mo2W+2GDpBhWkOJA1gzq3lHEhGAM63ai4srGGJiTHQCyFyZcBgyR+IkcNyV4lToVAUYyuNk6DBIcdwJfMmPIz+CHgFwdVTuGL9Idwrl3qz60CUnFmbIcAcld2OFmT5/BJczpGe6Zy7LngihAWZLizOan7O0RCsNgWa5zBMIUtGDnBqCDXH5K1yq5ny5FNeQshILBjLwWuLJBoB+ikgDwOYJqu1IIuPw75aT+boj7RJ6XI/E93GNhJwwCcyPvFeyGhypya5w73NNpochYyXrxHzWNRswhpRs4wAZdD24GWSI8XRZSkBMR15bypGWjC041R8zS2SPOdKTyeaO95msOkdqMvzMXV+zbejISOYjkGk2kyxMR3oyQS0OYO8lK9WQmQ1Zix7Acrq2riElWcOWuj1mspcdySa1hSWwpa/V7Ug2zIF8mO4GrJ2se4t3zOwAcGSFi8Azz2vyISgX/XoZDDjZD+HITq4Ki7X05MswoJ3k7vBwzEgeEUd6cpoYopjT9+v7dBGnmt+RXdN94eHxLEL9tiE3RIfns5jYWPEKBqz0kgDqs9NAGFLTUCH4Rgc7h9OQNdKII2R37rea5f1UyVDOHJB6f7wSuEFGzD+Cg/M+r9UYAZn6zDP8M0+rF/HPPP0uUMSUURFfbsALqQdA6g14MSNoHW0GS0SCW7to6WN71KB23ELVPNy6M+5YjT6lnQhgPhGm9dShc/pFPNvoebSjsevxmZ6Q7UhRLA3SA6HckDmQMIZwlDvjtDPJnME8pSoRCGGGGPHUJ5r99riBZZeJQCSwXW4acoN2FiLurDqR+DVkKe5tdR6WIS6h7SFtz6aVkEfYu+92kePIkX7ZHjw/I4DpyIfG8QC7YoFQSobc6GC19KzCSnIpN0Oq1CYUIJBepGuhJA252heKFCkA58YUkVkAQKq2NAd6u8kH3YEbY4RSR6oBaRIVvyFTih/koNppBok/OCAWciyp6WgzkIYYcmnI8LyHsTOZMeQomlke/0zplwIVz5/wyn4Rp2oJvQJWJ7CJ2Agv8LsmBFl1QMiMjcYht4O5EWR6QI4rbZJBy/9wZUvCaIiST8ApLWmkiJru6kkjhckxzk0t1aRfhOkoayhIupmOElR5dyInU2UgT8t02pCuQCooN1JfRJWdllfzU2bmDqQtfas9QhRtXdORZ1xk+X388BpZEsjNWfcztXkm2+Jn3CIB0pfsmGmD2uy4lF+vZeN5QLJjChPg6iOzChYSsodOU6wXVpQjiuPC0gLCHC43xgzgELq9BqSPi7RB5FqC3b9VZT3u0Qh0IrAePQEqW5iVcZ5frxVaLSwgYB4CQh7bItAyRchcRJTmZRWdRqeS3WyAzPHdPD+Lpg+tb0M6gcrkv0qrf3LuCivZZONbctgNRMMP4Ih/hvXViCvR8nd/giECTISDyNFd4G6JGtSOrgtDisLXU7lqvo3oAgHCxUU3iSH+JR5wYFGrTaQ//AgD7u6R8aS4LqSvb4gVddopF0MIH9BXEh1En0Ar6Tt0MsVt6YZKgDuq4uHoyornp7PrvqE7w2II6C2LUaI/LQaSHrcYa/rkYjrotbsTRrdeTCkdfzHrdAvGwqDjMNYOPYuxvOh7vAuQzslYonRf3kXs7s1Y5O7+jG1A/2jsFHpQYzPRx3q3G52wsSHppY09Sz9ubGt6eu/Gpys4RAOdxSE96E4OAUOHc4gguqRDStFpHYKMbu2Qde73DmlIx3gITLrOQ6a6bz2kLp3vIZjpng/ZTQd+iHe6+EMDMAYQSoJRgtAjjCOEqmGkIbQRYxGhsBitCJ3GeEaoPQY8QjMyJBLKk0GT0K8Mq4QKZuDlKmkGZkKNM3QTmp7BnSADDP8EXfD4UBAKBpCCczDEdFkJY1DBWxilCmqzpA/EfhjpCoLEWFhQKJVXXJbFcFoQMQbcLlVjRC7IHGN2wfcY1QtKyLhfkEZGBi+tZOjw8k7GFoOZMvoY5JXxyeC3jGAGBWaIM1gyY6BBpBklDa7NOGrQcUZag7AzEhucnrHaoP2M5oZd4OHesBwYDw7j4pZB0PxgSDkMFAadw4ZhWPpaOYxbXzPI49phJ1nYOwwphsXD1mLgPMwxhtbDYmPwPYw6hufD7mMAP0xDhviv8WgZAGFcMkMg7E/mEISJyiyDsGKZhxCGLhMVwhZmKkOYy0x2CIua6RBhdDNhIuxyplSE6c6kizDumZYR9r+nbYSHgHkd4URg4kf4GXTkljwRnjoSrgrmllxnRr7WUyoJZqjI5wJFCSwpJ8arve6JwnZO7j1z91/+8Md3UNp8/sI5ucjHe8XNa6S8kmzaSbnPWv+Kk3LxBT8p95mzf0N2Hd+Q8dvffEN+W9s3ZNXfplOG3xF9FUOD26H/KK9NYdVVUOw6NfnfjHi+GqghYfeVcX++wBg8h+2d2vEO2s8Av/Lr93sgpQg/bZ8ZvO2p/NL7MGIxuq17svQVKxOcvG0ZH8DQo5UP4N5UX+HP/vr9OXLRnqYxH3eMaXyFxl847hgMFDfqw/ilzeP4vc9IjXn8zfMN0TzWn+YxfeYPf/h+n3/dP8/jhtxK8/gKqZ/nESRgnZjHXrrRmTttPwH6yq/f75HncXfeVtOGh1kn5vGVIO/mPDHkAJ55YlIyMPzR9BXN472p5nGL/Xx7Dp/Hf3z6+mv7PO/3bfr+nqnp7bffkFN/9w35zfn+mdfO+Gn6kLr9t+eut/XyoZLmbm47RSPm7ieAX/n1+z3S3HWcmGi31VQ1qKGS5m4ucwHE3ME/fmqauwT43N2vCLg31Vf4s79+f45/eO7K8u+PbYTc5q7372P+qp9vyCrfZ9NnSvNiR0m+onki8I9Rn0YIeP1rXD9+bng1tvyj3WgW/26nyqZr2At2zft/v9b9Nfv42qvW2kSO7+CDFEMOz0K6yDjmScXDNKuNtqc5H5857ptOiD3BfSUiwxHMG+7zM8Ln+fWnJ8TispexTx09dTv83n1qIfH7+hZMJj7R5DP+hOAkXvcEvr//skMAXoSOmXiKv3xzP9tFtlWDxJdmUf2E7jsfOdsvcvSm397qpyLvavZ7VHnj2kpDWZjd4LVZ7phA4XaD1/UWdv/pl17bF81/4x3YFLVHXXjvx04V0P3s+v7e+32/voXe+rxqs3U/lW7z926hN5/nVnrreW9hON/nFo77+95i78/3/+vV3laQBfvhlnsbYoGqW4YFPlc+SrWM8n2Uc53mR2JGyRcqGHou+rZngmkSlWN4C4xiVJfhN8rKFWhgi6vlKjXbyLn0G8hsudgND99yPRz4XZ+5ZO4MP28zyuqMZX6U3qFsY51cnnc8ep1K+M4030yq8js8+DAqAV/kWImhigXPshumesIXmdA5UXP4Ime2XJd4tlUxptrFF5FJyfrGc/yIwSiBfJFuZdK3TPLwGGBVUrYHX8/FlkDskOtbkAlm7D4bFW0CsTk3g6891dwIUfQJZMjBYJu0wRUpp0QTMuTIMGnbqPqjCBXIYOWqZ5s0K/Xx0lV7x2bKLZe7Nmg3+3GVxAJZvf2Istn2LDvlPUprgbgbRdW37dm+2G6FbnuOnytwq3iByNPnlb6tPH465q0GBrJrrhhuBecPu/fPq4pbgQamF9KIMxB3bbA2uZVmp7Dc6mUAh25ZTl3BcOUi6FbGF72dXifdrNgs11K3Mm13Rb11QxCn5ppsIJtV2l633YofWHcruyG2cFRfFH+7IMsF4ibqzgeAeU3f6QiupnrxbrHfnn64Iwp+Rnq4bvWZ6fkBnJpeseN0PYp8H4b+ErxK77SPFBCff41mb49lHNwB760wxsIpAbBmT7PWW6WrTTML5JyRZr/joOq0Pnrr3F5aQ0D8SAWts44TFldNaxGIz77Wa29w3vW0pkE17UySu+6B2EGsd29AHZU50v4BMk/aYq+Y8gNP7y4EsuzwE+3UjgM14Qa6uxmIf0Y7vuNUpZqlAhD/KUmO3nlI89KVby9Jno4mD7Mm6QSk83wLTlyHI3aFkOt2olGWg0BWXUlW9g7B0pM8BdLNCyWZC8TU2JXLvU9z94TsBjJ6TfIdiAemqQJerfuFl7pKAoAdxHgVCRALJl5l09FPoq2kkIBYUPIqrW6nF52k2Lr1nDhJ+QGxkwikH8FP7ACbq0KBNDrDXMsCMVft1cRA5jlJWxvPaSdpdCCmxq7W7+PdgKsmZgDE5vuyByDY8ZdgAGiJgth1zzTFEPMeqWLKEKMXKqoScsuu9KVbl6X7RuWW/3KUdvHRovhLT3/Lw/SCt35MYxAFZhqnqEHTWEaZmsY7Ktk0J1HspnmLcjhNbVTMafqjqE5L5JbdaRVFYZ5WWtTuaTVGeZ9WbFQAclFHjaCWfZQRamtEpaG2T9QiaotFuaK2YVQ0aqtG0aO2c9RFastH6aSkQlRXSnJEAaakS9RoSgJFFackVBR6SopFLagkXZSLShpGRakkZhSdSqpGWaokb1SuSjhHbasEeJS/SshHhawUQRTRSllEna0USpTiSulEta4UU9TzSnlFya+rt6gJlgKMsmEpyagsliKN4mPp2qhPljqOEmap7KhyllqPQmip/qiVJjuIamryh6i3FsW4FdliIbdkmzQlarpJZKLqm1Qn6sLFhj4RMKb4kkhV3FfE6/6yuNl9NtG3eHxRvHhDssAYAxHFGCeRyRhL8c0Yb1HSmBPR1pg3UduYW9HfmH9R5FgjotGxikS1Y6WJjsdqFGWPFStaH6ta1D9WvsyD2B0yIWIHycqIXSZLJHairJXYrbJoYkfL6oldL8soJIOsp5Aesq5CwsgCCykkKy0klSy5dPQFjb10PAYNwnSEBo3GdMwGDct0FAeNz3RaBw3UdKIHjdh06gcN3XQyCG3hdHoI7eV0wght6nQKCe3udFIJbfN0mAnt93TgCW38OBOFboB0bAo9BeloFXcmpNNX6G9IJ7TQJ5FOcaHfIp30Qt9GOg2G/o90Ygx9JHGoDN0ocewMPS3pYBp6Y9LhNfTYpANu6NWJM3AAGN3QKTkE0kE63zxB5jzEm+tT271DCVnXG6NbP+s7csdv5QTqjIz7mVVzInZGiibGtFXkcxvScs738d+ItPDjMjkSxzG9PZWfO9By+vmLrNZzirohNaex27rZOdPdkI9s+IO0r50z5g0ZOaseK/K0lHhvQE7NxyImDWT6/nFJHhn+mDOrU7ipYob0XCmA3WG1FbeawJCWKw6wp3YuSrBN9lG4cIYdz5+KGwxpuQDiTC8fjSKJ42f9pkIKOyIll6UbQlLK5GgIhtNy0QYQ+/Vb2AFxMkYu/jAk14dABrVcQgLABvCWmRycwrFzKYohNZernOUVlCpnseuWC14OTuuvuSgGSP2om3mRPnYqrTEgF99A9J6R63OOK81Uw/MKbK+/v3U+QNrOtUDnfK8XOp7tkmqKoBzWyXVHhtRUmwSVUmdL5UuGfJQ4AZljpzIoR3KpFNSXn/LCaqqmYN8tuALSrXpcRVmGrJbqtoCc56TaLkdy/Re0aesr1YgZ0naqIwOyeBKL15oZsnM9GjR3pQ52fWZIb6msDchKhW92XXJtHDhCsRpu1c8ZsleqsQPiVamqwzNkCREdWTtV8xnCKnf3DxiJ2S1VBRqyhMgPWk6uLjRkj1SBaISprChSNOBZqY4RLKvywJ2nynnqhc2qhwSytlslXjNpiLEj1VU2OxDqR5ReGpCrMwF4fbQqOA25lox/6fi5TbcS1JBG26bLBfsUL1X1ilJDyBTFZf108ihMNWS5ReTFq2C3xYFNH2zx03VuDSyQNWgiiRGr7twracGaGytyvdrWkO6F5l6RC+SwIrc3ce3TWcdb/aealyfd6l9DWKPLzYh49vJf92RAQ2YuNAayaMPRDumcPJUrw4LoZojKidyd0R96jCEqnfV7RbQhLKN+KgGT37ew2pCVi69h3DQeOeUF2oaUXMQN5CyeIlZlI52Zi8FhR7kBfK5nfNsai6Jys75kzPCt/DeiON1sNhWnJyvuJMQMvb1+Qj6AzsMMzrUOO08z0I+bRckDumRSDtopegkge4z0oob0mgbDbNc0XLjufDwfUpi7padRN6DmmQGyNDOPbOQ18wTDsO4fpx0A8cM6ZIo/LZ+VYEhJywzAHGkhGtDyYoXRX+8Sb0LuEtdn9ippYxjCPeibB+4EVybaYIbMfMIE3BJ2WMvdqIaMGXsZgNfJa7sbQumzGSVAuvhJUsOQmiULkE3vi7wbzatLr4SCZ8XOgrxSzBCd8Mdf79bWNqShIZShLjHhxbEjL69UNWTng0TgDXp6TbLZkJZPIzGP0U4i3gCeLvJcx1N5TlIV5ng6J7SJ+aZa0jfurEoqyfxZPastQ1pWbeYF6yupP0NaVpHwnRX615qCFqVlRQvETz+RMjZEpzzSp/7wqBwpdSB+Vg71frcm15kZGEIfofyaSNBMBMMAM9dFQoD0lYmKIfMkMgPkFB7cQ8dwMeMrSBEclK5MRJwMMYUocgXEtZQImCPpVKFu7Wf9rDkGmIAMnkR05EH9YIMGjMwYze3ac8W7IWbii3mas7asxE4dSQQWwFyZ5DqSD2yCX9hPjNv3NsMH+RJqIG2O4NwGZFYOYJ7E2w3YPXF7uK2fJ/N/fOaA6NFCwCfa05MNYa7uk+0Mc4efkmwRQ3Y+Ssud6DOZNI7kA7nM816zZeRItp6ANLpD3MJypCYrDIjpyGupGaIi+KFIgJ0rcS0+Q2q2Ci1+0JPh6AGFfNSZBR1atj8NUQ38UezCTpe8dqwhqoG/QTHzkVx72JFsMlsMpObT3RxJhjeAnQveDfgw3z22kix8A1b2AiAg8/B0u8XgwTEHXngTLGizssfBkRJOCQDmFr5+C0dGeDYsGPRk54cjNTlIDOm54v0DqfczVn4vZ8wHwgE9ETf7fn0fL2Jt8zuya7pvZG9/IDfIaA07bw74B7LSa0YeuYbiJpprsCIVXQMa2eoa80ho17xEyrvmLrLiNb+ROK81ELn1XCaRfa+VFAn6XGyRwq/lGFn+WrJRCKBlHbUCWvpRTqDtERUH2kJRlKBtdosWtBOjrEG7NSofuKGjNkJ7PsonJBeiwkKyI4owJF+iTkMyKAo5JKdupYdE2S0FkbSLYhFJxKgnkdS8FScSrFGTIuEbZSsS0FHYIiEetS8S81EeI1UQFTRSF1FkQ40SZTjSOVGpI7UUxTxSXVHvI/UWJUFSgVE1JDUZhUXUpLfySLr2liZJHUfxklR21DdJrUcJFDV/FEmJHNwyKvGHKLQSxYhaLNGQKNcSVYmKLtGZKPoS5Ym6MNGiKB0TdbrFZWJXUX4mBhYVaiRpUcImHhdVbuJ6UQgnOhi1cqKMt5pOrDLq7cQ8oyRP7DSq9kRgo7BPJDdq/0SEozxQZDkqCEWoo8iQnDvKEMnKo1BRvD1qGcXto9xR/D8qImkiRM2krIgoq5SlEZWXskaiNlMWS5RvyqqJCk9ZPlEDKusoykRlQUUlqaysKDaVJRb1qLLWomRVFl1Utcrqu3WvMgyjMla2YxTPyr6M+lrZoLcCV2Zq1OjKlI0yXpm7UekrkzhqgWU232JhWdZRTkzj+9YbyzqPimRZ8FG0LAs/6prlBYjSZ3kKojpa3oRbPy2HQ1RY0ycRNdhyW0SZtjs2oo5bro8o9ZZ75NaCy4MS1eLyskRBuTwxUXMub01GPKP6Fq7L5xO17fILfUNURu++VvqX4sbyQWXE/VTxgPJlxUvI33XfUy6xGAq5zWK45FqLAZX7LQZdLrqYF3rx7szJzxeTS1dgzL88hbFG5E2MdSSHY6w1OSXvcpTfMhasfJt3Tcv9GcteLtLYGnKjxvaRqzW2mNyxdxfKYxsbVU7d2Mxy/MaGp2/4igR5j0NqyMMckkVe6JA+8lSHhJI3O6SYPN4h6eQVD2koz3lITDrXQ6jS/R5yVx76kM3y4of8lqc/ZLyiAaEGFDEIVaGgQqgTBR5C5Sg4EVpJAYxQXApyhHJTICQUoIIloSQVTwlFqphLKFvFZUIhK3YTSlvxnavXGQAKza8YUbADxZGCQSjWFCxD8aggIopZBVlRXOvyGYW+gvIoPBa0SCG0oE4KswW9UiguKJiidUHTFNELKqeo32V7CgwGIVTwMB2TxABjOkqJQch02hIDlXEgE2OZcWQTw53pVCeGRNPJTwybptOhGFpNJ0gx+ppOmWKANp1ExSBuOq2Kgd50ohWDwenQK4aL08FYDCmnw7MYdk7HazE0nY7g8uh1OqXL49txjhcj4OmoL0bJ03FgjKTHiWEMtseZYozHp2PHGLNPR5Mxrp+OL2PsPx1xxvyAdAwacwjSUWmeZpBOU2MmQjpxjdkKcSgbExrSuW1Mekhnu3leRDr+jakT6Yg4z65Ip8gx/yKdNMccjXQaHfM40ol1zPVIp9oxHySdfMeckXQ6HvNK0gF6zD1Jh+wxPSUdxOcZLOmsPua4pPP8mAcTR/4xVSadCsh0mjg4MAP3gZUBNG5d1UXKzdxJGUH/dL295TR+q7d/TbVvdfK/+d336vq1f6ql7+t7TT7rtOdfqdMGrXiX6N8uuAfx7aOnivuL3Ap73Ajnuf0F5NbYf78P8qrsAexTKrtvbPYUJfIXuVX091u30B7E+9gTZUTPWD6Re+f7rVts//15/uny+wZOjBvl8nsdo1B/Okbh/9/ye03r36y/v9NxC/CFRMG9JvFnJEruv9/nY1pvFf6dxFsxLySK6vWtqLvXBH0incj4QOLOd1pv7f335/lHK7pbK/5kuRp//P73acz/7lvBNfj9Vn/PpP/2+V5Avn9Tfp70v1G1f+f3lu1f5Jbp3xn/GbmF+t/vk2c8avfv/N46+4vcUvz7rVutf2f8A+lE5idy73y/dSv2vz/PPz7jx7+fa/h/s8v3cxP+9fyD04RQAs7GUA1/P9aN+tbY32vW8A9kdfeo4dffVcOva9Xs6/7fr7/V8NvXWkk1/MiPny1Xw1/k1vCPx8tloob/fubW8F/k1tDf37oV+4iW4NzOv4Dciv3vT4hVZi/Tdqrht8gMET61kPh9fetW7OPe/ow/IbeGH++xXuIZRfyYCvhMo4g/EBXx32/dKv5751vFH4hq9r+/109V/IMNy/v7yvZvnB4w149R4al0l0l/bzl6lYfi/fE//TLhoZ+6/vWX+T6EF/r65ycOO2rn3g/XrJZH8T0v8XjmJNHHEUCGFaLbWbXFOyL8OavGeL/Op/HLd7T4sPq0JW/zTp7I3f3MgHjbv16vP4pXHhiFfm/6Z0eaHxr9WGTTkOXHKDWzPIDYeCHfvAhZxhibtT5zZD/etLX5si84hNkPjVpGewc8P817vz688/RDtc7DQsdRdKrZO6kmgoBYd2sQ9anPWHNfsHvbz0D24QnLRsxHgavZrYTGZ15uD2/3LDgytoeOynOI2CGkdvifI9vbBuNwP5MFQLy9r4t4R6wCdaM9pD/PsRNQN5y+g4Cdxonii62PTNbwe2rOqK8QrW5e+n2rF/UAeMyPA8Qco8ieWP6ZwoPQ3i/PSYQHABsvx/Vxo9q9awNtUmm/T39tHKis0IcPaPVoPVwFcx8ii12XvSDhJfk+eXBLlEpkDg9a+GzCe+rl+eaNwbWdbYDkhO3PjzreYojXgALxm3T6HbEFCmv6+xhEVvHog6eSjYoULPmdJpH98ADH7r/leXHmz6qbyGnsjm02/rAKMXe5D5+WVngkQmV+AJC56MnztdUqnbCoQdtE9maf9+aIaowL8+wG6t6KuxGLGV5AFj3JXG1WPydHrb07oh+s4ef0tcmTFB6LVwFZV2I1n9C26MR8zPcGBG5iR7gAUSnI81cfS2oAcuirfcwQHP39VfjdURjvz9Pf93m8AN99i0DOFoIRMxE3ygeCqp2avjW7+7LizkDOnunXZ0fmzkxPOLvnMcZbAPFDJPWmczxX3vtozFH8lLw7YkDo5vdBfQeUvdU18HO8eyJNDa79iGdN3xw8WuRO8buQ6RnTMgAyeUirL5X3hezsgbuaALDPuy+4ORbPetCinGPbkMTCBWKx/Lu45zhWVBYbAMiUK9Y2CXSRH0isjQSE5037XpuzWBZM7Ecg7nrXnn1fyDMo7r4Gss6JrT9fruK3oWwAoJPATXq8Zh3PU5CEATJ3EkITRx3VngQVkDFWEmZAzjpJ4M05eWIxRSKAtXcSmhPMec0kWIFYCOcKXyCm0CSf59wejLkiHIgf2CgxD8SCOlcVTKvoKklbABk9KZRp51LMpHSmnTqxk2IC0sZKymva2i1JwQHROTauBKf1Kl1JUQKBxy6UKZBOFewKF8ikCnalPG31Jr1tJCdp9mlRjpG0PxALKl+GAMROh78sAojn5ohpGDJLYiPTSu16YiyGtEtqBLibqZedEGNLvqz9SwDcPan7IrXJayj128iZKr7++HxAfE3wFWBnjTrSa5otuEcaij55lISPFfLC+omxRLaZ14BquDsbxcaUWGbb09O0WT5cPWlqLYmOo/mwOLG5l1YrxPL1XKZxFVmW32xppSF/8BlanpvNOaePry9YpCFWbl1f00A8EVXrHgmPzQUf9waQvYVYsvxCinXaYQA8L1G7EEmcfvyDdiqyQ5+npt1sKaWP9rc3eyv3My4UPJ91J8FhOa/8LRcuyJTtPqQufwD4YSgSUcjJbXWFFAOwZhJzSBB2D6ckIRAPoEhaAjmnJonqKc0nSV1Leh5JMCNTuhSZJWop1qck/mTBzPaRoA6wdG/fhtQTVvDsUpa6xIqiqR4XC7CRxhUayUqrfTxdZ1kC/UxazfLyfYFS81kRt28wakcrI5BC9dZlh7FMV7G45kIb6jV/rN/01dNWhj6zKjf7iL/8XIupuiYkJbAK+JZpQzdP/knUorPLedAPQy4hAUUxa52ExGmM2+9OP5zqGOL2LunQJwLKFN8SrYo7i3rFr4uexROKwsVbiObFm4oKxmiILsaIiVLGqIp2xsCLmsbkiL7G9Ini3hkWC45FIKYcC0Vs+q4lEe5YbSLldz2Kt8eSFbePZS3+H0tfNkJsD9kRsYVka8Q2kz0SO1E2S+xW2TWxo2n5xKaXbRSCQfbTlR0ysUK6yAwLCSRTLYSUzLkQZLT4QtbRJAxxKKsxRKYsyxCrsj5D9MpADfEsI/ZKcNm5IeRpCocekLUcukIWdegTWd2hcmSZh1qS9R6qSxZ+qDd5Aa4GlKMglKScCaFI5XAIZSunRChkOS5Cacu5cdW6/B9X7ctFEsxAbpRgD3K1XIIhb0xwEHlsgqfIqxNcxpBEdvw66NB3PxDchPba/pnqnqG4vn4Y3rN+Xvd5h41PUX5C7kBaA+j32fu6gGeh96H5sMNW8ML3d5afmFQefWnal6ZsYkOcqa37dOtxYtafcRF3ibcj75PV8M7NtAVHnLw9VY9z7HqucheQn9E7+cDr6/FmeNWdzwB4mEPdWpiFdfun3IU5/FvnuYuXJfejnosUR4o2gdXywOJs8yJ+gFOp2hbTiCGI976Ik8dV9S0r+QOdbfp1O48ASNUWfLo3ij8J8aOhjvxedTmdHJzfbRWCQDrHeLOM3CM3Qrz4xI8TA2LnkCBrh8tie89LIHxRiBEnoR6SdsQlQjmLiHURRUYOPXPHyYFl7QgZLnzaoy/Z8oLwOfqp7R9xt7IB/IiXuUASluPlPG1dZPtJVV5pCWQUZ8D7zIuIAQ8ie3i1Ufe3MsSAdiS76+M+31Ou8D7uT+bagXxni3jdprAn50n3Od2RTUcbqJT3CN0uoaBKqpdrudQFULxai77OF1neat4PaDOgEKnyFNqpBTgy5gwhxdun1i1VN1hftuj9bC7WgDT5IL1pMo6nEaCTtZZUqFXzwN7mi7+IXY9zeL2HE/THNwiQ7tXzj8upijOEXe/yWQbb7jbLQ3RkbS/L3y6p1SgTyCUKdXj5YKVfdbJ5d2eOIpDVnQWMfZFGZMm5WZ06HD6On0ARLujqtAcEpB5FCezMESBb7s86vOSerGCz4n5YMqgji6cPnSHOtKbbIce1GHgV+8HXKZ+pFaEZUol42+nJ8LIhTYj7Fh+rUjXu5X5pIOyavEkfH1ane5cnIjJfqsihU8ErxZHvfPxbXhkNjvkstod2wm1p02wvT/JavW548dRNA9om4l9q3mQVrPPIhVsFNAI6l6qRkjc7T8gRf4d3RfKkqn5Epc3TYIjotsqavQDOEFLeuRqRSZvLj5I0RP2/m6h9dcBPLTWAR2CdrY9sNR6vcihvHttV6Jh+tQrPk6avHwh7ylc6i7cfoIeycV8qQB4WkrsYbxDsbiDw+TZPpzvWx+RXM2poVXiKkAFrEwGA2ggW0I8pH/TD0nw/8dPMp+2foU8cCB9YSGETbBgwXQjtz0CsBBNIGG885cwRM/D6/gmpHwiqolu6syEf1zgwbqXnM2T0b8jhwQWD3u4X4ZEIPhYwWwcPLnATGkDPIwpbt3JefNCnHft40sRMO1BypbkzhMfg+fzCru585Eov9GNO4lgnsMYfnjxe6AGHNZeWGwA/4URLEoidXXmXLex+V0Ra2YaUllY/kEMnhe8QQ7gbfRfBn2B88+40Q2pLuxFuCd7YN6wBOkjukedilZM2viHPSrIB/o7GFvQuP4DUfZKMAbLpe5GDY5ipEqIKnhUdUde24gPujZHIg3/mkWnrnr33M+fIz6OYwWCt/R4X4ZErLoLh+fFG5xLT5gu6B9sprjB7SeLekCbkRhpWSWrDkJk0i7mmTk3ax51VNRSU+bPY7L5uRScKm91XOsoe6wkUuhDIpHvt0ItY/LSoq1GBGF27WhfIzIrZANNGUt7w0pW5koI3ZOxEAoDM1hNRMIQeQj5N444Q3TBkt0RJpuVxnERbHCmJ2ACxA+Eu+TGE7kk+n/SKKBSQRlfA6vJgbp7wp0H2I3CDrk0r7nXWx+CSFQD7CX/cj2gWUZ32KWghbUTyCC/swxOk9law5pydOKh5atdOPNWRkris+Xd7orsGtJYoMZzCD4+40m2Wl01fZg2k15nYtyOJoAOA+Rgk3pA+EtGH09rOobrGgCHjJIMBSONnKu+Mrocn2R3mDh8tmSaG9JXMF3ei72TiONKSGQTXe8mWkgF7JGsKSG87WVyOtGSVTatjb8lyM4T97MdzAwGnhwHoQDIRETwoT0lmpIcTVjI1gdSTzVFHSjJZgdhRK9esdSRZvhbLaDtZx46MZEEDQQ5WWNmO9GSJA1Ez+7r1GTWz5+xZaKUmo9+Qlh0DQEqfyXXgSE/uBQvatJFcEI605KYAYoT7ujIcmcndYcgcySXiSA+viUWMnpkcK46M8L14UCl5ZzJwM5du1Kz/hNynu7G2Wn5C0i+Zt2nMb8CNMFq7PfReffILGFJGekdLIh8tjYMhMTKPhxQZMOB4GlLTkAMoc6VpMSTPHEKVo9U0u4b0kVYAApznPrGVpQIpWrTeh758+WH0Wm2G7Fij3UKpWlu+ag3JCxvA0/tFtiND26F7NUNvAXjxQr/hwMq0KYU8fSsa0vVTz/HCidr0fOXxb9WRdr0d/p4A710/p+KB1orPjozP8sWQLILsnPkrcDoTtBiBoShD1JvRapd2BjQJ1sPa/jbHRTxU3pY+410uOys7JHwNod52AQ2kziuyeXx+vfd5hsfyvaJKysCQJi2zuiPlaiJsZMsAILNYXzzdnzSVqsnTBoTYyRHbDwoPFWfIku5czfsG8IlNUdr1DYOytL/MmwnB0v6ypOvP8VSISU3gatuQGyqdbGtQbzh1Vq/CqkXavxbPsVgtswhDutiIVTmto+1ANmLIZSONDVxvyNXC/euaAuQ91qzhXCbEFq7dOTz5E1JHmExEjmXIusxse6n+6Lrzc7wxhLcoEJ0D4s0GRPkMEQcsw/tPLOpbZ46G3Bwa78c+eTIbCagBzDdxjlrZo/XXy2MdUcR3MqnmUmZrkZlC806ZgdQbJX4EKCY8tyfPkTGTnDuS+LvVUZYbSF5sO+wamWaA1WM+F+lECgGrjgLNuB8pbHj8ZKPEUpJc6dBwMaTKJDrnM5HJDSBHFj/TWYlartXUWbzqdI+2lpe8FiFrEpGFVpnsN4+Qxm7269qHXppaXwmb7UNHDhFvMVSvjWRmpid1+Vu5JWp5X0vx8MEq3WfJ6j1s+0OKSqvXESWqNWYRMtOG1rMjsrl94RQZQLTCHbmmO3uDc0gLd8OL+Cfc3Pf0ti1kenpbU/Ld5k/7MejyLDgyiBS2vC9NSGXLe7I7ejGsAtxVCh0djvid3RliyCOnymHfpOfG8D0t9FGWBx0vjoRrxvP6jq5L+0DcwePITWjsOyFyFH1H1jfEOnDdO8splRF3XMXzybkV7yAHWLynnGQxFvKjxXjR1RZDKm9cDDsddjEz8unF7MnvFzMs3+BdBHIfxjqRi/EuJXkhY7XJUxkLks7MWLPyd8a6lk801r78prE/5FuNPST/a+wz+WhjL8qPG/tVvt7Y0nQHx66Xxzgkg7zKIT3oeA4BI990CCH5r0NQyccdwkx+8Cvv5CoPkSh3ekqApss9RKvc8iF+5bq/Elre/RDiigBcOa8gQagCBRJCXSjYECpFAYnQOopZhGZSXCO0l2IfV8ExOhIqkPGTqyQVYQk9qihM6FpFakIfK5oTKlsRn1DrigqF6lfk6LIDxZaCQCj+FCRDMaogIh7FCqqiOFfQGcXCgvIoXBa0SCG1oE4Ku112pchcEDBF74KkKcIXRI5BwOB6ihMGH1QoMTijwo3BKxWSDO6psGXwU4U2g8Mq/HlpriKklwczhhpMWWHWYNMKxQbjVrg2WLlCukHcFfYNcq/QcBgAjB6HjaAAc9gRjEGHqaEwdZgjCmWHyaJwd5g1ComH6aOweZhHCq2HBaXwe1hZCtGHJaYw/jXWFOkPe07JAGHzKWEg7EIlFYTpqMSDMC+VnBAmqBIYwkxVkkOYskqECHNXyRJhESuhIqxmJV1cw1p5GWF7K3cj7HOmd4QJrwyQMPM9RyQcAcoiCWeBMk3CoaBslOtzUMJKuCWU1HI9F8p7CeeGcmPCAaL0mXCSKMUmHCnKwglnizJ1wiHzgYybzZOcOv9k5f4Yy5iTtax5l8JHKe/8qZQ3FfOf5xtyfvekGlGjFF6WP/dfK8sHp0WhHD71Ko0/BzCGMW2nHb22v4T4l379fhfLnno/c+wz029sJIhfWpcV8b793te+85oG/ktGue1pAnnu8/VPRDe+X/Kf/vX7s/zT5fgDJ6rgPiC7zWfqaVa7CxLCWXi8UzpiEkLab36eF29Z/NeqrDWiqI7GYToxMXY2altpGv4Cwm/9+tN98tTgCfzemgp/ppkmx1rp3HsfIr2tNM4ZefiM+tZF7p3vt5rOI//+PP9olfVYfOuBZlY8/OKptl/qK+juLEybl5dkXmSkeZle7Izq2YLePKs01VSbB/leP35Y0DIeaHW8Pf0ZR4SkSzS7wlvz5t8udW/Oun3pVKtWnvYI1fwQ9jm7Ka/HsaZ/L/LyVe/NbnL1fuAM894lBL/8FD2ZIVMBXkQcf762h/j120NhAeHpvfDYFiZOPL+PyKv7a/zsHrw37qbn+Yag59PQa6KbY0PVi9EKjPXwsX4s7pMA99Xf78BtZKGNe19MWD8fyLE3ye/xU7H0gl1Xf9yW57i2JqlsUb6swaRbvGgZubxE/rY839gDU9e//rLtvPF+P+8OYr+X/Vu9zi2ipEbnHl7ypuS6g5qW8xduk3M+wW1yrifU5/UGuh/f8DY5/3zjv140vXBiQ+5xbsCZqXnosrMvT2owaoj1NlULUiBrOQfwLqVArKnr7WQK5Cw/GMhzru0hf0Q/1OViNFqmAjCH6W2rCmRM9+F769VlZn3ucA7kDLrs/b5e7BVNXpe5C3IjWCDO1dQsFsixBuJqKLtwbinZrh8eBaQ7t/Xz3QEsutG9d+3CmamLB2IJaMcJu9eXATEj7jbJXaiT3077PVgLpPfcbBfIphXiDXlXb5ZjHk17gfhxiWrs+xo5L+Vz24orS3Wd+/4UzkFyI27zkQeboKvNMBCb8OWPS2+GuhQDWMULIL2T8YJr6uFhrU3IPDyatfnzb35GXZOB6Fw8by6wOisM1XwZgA7l81aNC11pi/sGvIczEDvv+PZ5XsMPR4te0EDOcf+GH+e/rECHJxa66Bo4w/dHtJ0GsHi8o7emfg0SOr3UvhrIYeGsN7h+DWzvKL7UBPtloWYTRqNsIDxS099p2ZFrt9f2gvs59zYHsHhGqHfsftchS8LV1XvNx91Ft/M3ECv3vs3Bl51T0VP/8DVRvJt7jAOZbFTu+vOVO3ZY+W1U7gIs9zLfiCfBLP1A7Oi1+6092VlZN9549r7Sb2+e8xnPt+GK2y29w8YE9Zbec5tLaqex2O9aaPRy+ngB8RWgMd2WeBCDvuGXmSWmBYAOOvV523bWYZ7bbY0Sdpr/bWcUtrRGNjZfzetoM/8j1tq2owRHWo4b9Sy5wzkALwbXqt5wLZy88rely8y0O6CL6t5pBwFxdyA32UbVTh9pHwLZM23VbRW+I21nIHumHb/BE3qWCkD8hyQ5NhKv/PRHXvn+kuDZSALbIwknIN4DXQJsbz+PXSIO131kKQhkjyQoN7L8eMi3C1Mgs9QkcIGYArtCeR//dAhuIFPnlJtwB3JOiP99ipcBXw0BZD41aREge++kaDbU6Ey6CEAvO+krIFZ8f3UaEJ0c4npvwwDnySEXaM9J2hOILbOrYYHMmbXwNqu9Jk0NxFx2V5lvnJKzs7oHUugocEoApO6VaAMQk1mXWgDpNfc3N2RmimII4hO3QScQN+i9hadf3x6f+sLtAqp7RqNQ/W40E9WzRcNRPf/tSapXvF1LNQrR2FQjFc1PNZrRIFUjHk1UNSvRaFUzF81YNbnRr1ULIHq6apHctq9aR9EZlkstmsdqNUaDWa3YaEKrVR2Narnuo5ettkb0u9X2iZ642mLRN1fbMHrraqtG/13u5mjRqw0fbXwpEqLTr6RGdAOWZImOwZI+0VVY0ik6D0uCRXdiSbnoYExBGE2OJSujETLFafRKlsSNfsoSytFzWYI7+jJLuEfvZimA6O8sJRE9oKlHok20VE20kpY6inbTUlnRklpqLdpWS/VFa2upx2h/LRUaLbKlZaONNvVwdNqWqo5u3FLn0bFbKj+6eosWRONvUYdoDi56cfuHi4HcDuPiKNGEXDwmGpWL60Qzc/GhjDhnim+JVsWdRb3uj4ud3ccTgYs3EMmLtxQRjJEQWYzRIp+MARXjjEF3ShqzItIaMydiG7Mr8hsrQAQ5VolIdKwk8uxYbKLisSBF12PRitLHuhbtj7Uv0yD2h8yH2EOyMGKfyQqJvShLJfarrJnY0rJ4YtvLKgrJQMMphIfsqhAwsr1CCMk+C0ElGy6Emcy8EHgyBUMmylwMuSmTMkSrzM4QvzJNQ0TLfA0xLhM3RL2s4FAHspRDY9CYDqUiezsUj2zyUE6y20N/yba/Kk7mf2hBeQhCU8qLENpUnobQuPJGhFamwyIUt3s0QrXL5xHqX36RyxDkOrkcQt6VoBnywAQVkZcm6AodOZfQ2PWsQXkEBCf65vuBN9Bfut4zjP/8iaxwwdTU4OoD0XVuap6BcT9xRmq19YEUTYmXi6tllyMztfUy5PTo/OVAS83BbGY54GVeYKYWY0CsjvK2IXNkpFZltmR4DKq3M/NFdFLLMyy0Z5fUFc2QxT5pTauzFnZbWxdgs7VxFzDZX939ImzatnTj4cA+F6jsc760M5Ynnnvk04DH66m9qZxvJ+9W543ngOzjae/enM42YfG097nutny8XZ33uAPSmrNK74NnSGVnPAq/h/tJ/fQcYYe9KpmwyT29L58jXlDd6HIrPqS3v58jnvDvPQBN/ozc19wQ1h94ZBjI5LE+z9S3PMdePQmBWPEbuxbatZ0Aob6GkIZ1OKn13oeG9NwfEQgODrsdFA1Y/cftsQjgFG/eWPhOQNiYcUh+18kGj/PK78kGj75yIOMru5jznZqXstzOkaYZHnYxp4cSZMql/qRDEgdSsW/ldRu25UUy8nR2Vg2r2aUhy4tk6EF7dVfZTrKfcYEf0VUTwHxy500g457wcagkn8ZDQOg6nCySVJdPIB9dzQ2Yrja9WSiQU/wzfjaHIc/5EU1Hl7VXc/UrVbZ8M97epUA2+5xz1Nnz8XZABT1oXhZ1OMHb2nXePqoA7LyM22vVSMYRQh7iRXfq92HM5NQfPfmfD2+jzq/GZ44QOT9b4flL/k5AHp3ItInoQKbrMPWGst58BOSq5Y7mBgw2ty2LyGE1dav6kp0ncbvmgsf1kVuaG9JzT3OQv+dhKd+e/My5NkzhZ/zspCvDgbDzsJ9XtywpVdXUUwgZoihsZ72mOg8b8iN6E4PS1uMFipueVyRnOfPc/O3Bk4DYBtkAdlz2hA1w5c42495N2RC2GfeOy2Dcz8pdmQ1hx2Xv3Axkbq/NHHypF1njR3SABpX3haMYLJDKU4dW12cOj7Taun7Ye5pL4liCB/cgrliQeugnfnhWmTpeG3J7YFcim13FvXM2ED8wTJ0pYNF0Nv/2jCFDmrqc24KFGcTSZT970pCtLufyUrvpq3bghjR+huZU++K1vxVMMLUipwnW7eC9aE7uSE2IG3ffgad9Q6aasF+L0A8R04+bHcm24rIjz23mTgcjHNgsGPfX3DxBNIYCBqqauftwGZJHFGZu1czQH14sbSlmZlsK6U6zZ8jOMwwDetSTVoEh/sg/3Agvo6dVZAhtuy1gsdG4L0VDZl6uMPfbXeRNyFKbc33Gi4K1NQzhLvTtA0eCqxJtMUN2T9sQDoly8lY1hNvwEbB22u8GUPpsBgaW6Z2QG4aMLFmAHPpd5NbAQZVZQm07/HokKQakq/iZv37sYM+QhoaMkSQmEG/TLalqCKWzS154fbx/taSzITxDrFUFFBaLqF3Km/eIZ1081+fkR0lIWRhSa6gTc0uN3NV8s2g3lJI5s2ZWXIaMrNy2Keqk/wyYSUXCbVbpWWuKU/hNpGiBWCHsVcaG9Kyv4aDzjvTtxjs6q4Sp9bf9ZiYGhuyVyANcgWXkruaG9J5ICBA7t/ISFSDj1ERm4HZ8mvMm5zuO/AhKtM3r70fMcDMC4SGQ/ch7uXmamoZ4+uk/ImhwgladN7n7RX4EzTPP6WYLcw9XAFmZLpq7da5EKR1JrNN8tD0RUwN4ZE+5btz9ZIILZDGNYjJedMxVdHmyAb0nLg2k7x1024FEyLe1RWqJsxvyrMTr4ay2k38u93fkGgfbDipcyXxwJJsYQMzvds0QQ8yNL1PFHOf7JHPGkZ5MHrjbTXxfs8iQnk0nIJ1+EDevHBnJBNvHq+nDTHMkWXIAzsjWniPZIvSQQUtWoyHjJMsSSBvZ+nSkJgt1WwrpSEasIyUZuhbBOCfZwo5ke9niHv0km9qRZHYDgC80LHNHsvXuAZWWLHxHshcASH1W8hQ4MpI3wZCTPQ6O9HBKWDRnnuS3cGSHa8NCQDV7PxwZyUNiyFzJi+LITJ4WDyXV5I1xpCSHDZBx/Tnp6j7aSB6hdL1rul/0xtJvRv8sPVf02NKz3zZcer3o1KUhuM28NEjR70sDGT3BNNbRNkzzEa3FNGfRfkzzGi3KNPfRxkzrI1qdaQ1FOzSts2iZpqUYbdW0XKP1mpZ0dGfTso8Obtoa0eRN2ycawWmL3V5x2oXRTk47NVrOaTdHVzrt+OhcJ6kQ3e0oOKIBnmRLNMmT/IlGepJRt9eexNjtxidJFw37JA2jqZ8k5u37J6EanQEleKN5oIRzNBiUAI8mhJTw0adQSiB6GUpRRL9DKZPoiSh9E30TpZKit6LUVvRfpGaLFo1SftHGUQoyWj1Kid5ukFSzt10k9XA0lJSqjqaTUufRmFIqP5pXkhXc9pbiDdEBU9QiumSKfkQnTVGU6LYpGhMdOcl0ommnyFA09hRhur0/xamiPah4V7QQFTeLNqPib9GKVBwv2pWKBkZLU1HF2/RUbDL6oopxRu9UsdLoryriGj1YyW2jTSvZb3RyFUGObq8i0dERVkQ7usaKjEdnWfH16D4rTh8dasX7o4utbIPodCv7IbrhysaIjrmyQ6KrrmyVaLwreyZ688rmif69souix69sp+gDLPsqegXLBot+wrLTouewbLnoSyx777YupkUYvY1lM0b/Y9mV0SNZtudtoyzzNDoty4SNbswyc6Njs0zh6Oosc/k2fpZFHb2hZXXf9tGyy6PDtGz36EIt2z46Vcv+j27W8hFEw2v5EW5PbLkaomu23BHRWZsei2i+LadGNOiW4yOaeMs5cvt8y38SrcDlY4l24fLDREtx+Wo+kedhwxR/TXf5RPdyeYW+I7kLurxLcWP3P+XrygpQPZ68WPEK8nTdt5QzLAZCDrMYLDnVYkDleIsxl3Mu5kUOvDt18vHF7MoPGCtAfsJYJfIlxkqitzEWmxySdz3KZxlLVn7Nu6rl+oyFL/dobA65UGMDyc0am0yu2LsP5a2NrSqHbmxnOX1jy8sxfIWCe45Dasi3HJJF/ueQPvJRh4SSHzukmHzdIenkDw9pKJ95SEz51UOqyvceklf++ZDO8uGHBJefP6Q8QwGhCBgsCF3BaEKoEwUcQuUoKBFqSYGLUF0KboR6UwAkVKCCJKElFUcJRapYSyhbhmNCHzNgEypbMZ2r1RX1CcWvyFCQA0WPgkAowhQkQ1GoICKKVAVZYTDr0hmFu4LxKCQWrEhhsyBOCq0FuWL0LfiX4nPB0RTDCx6nON+legoFBhlUuDAIo0KKQSoVdgziqdDkpaaKXl7uqgBn0FsFQYMCK1AaNFnB1GDSircG21ZINhi5wrbB2hXaDWav8G+wfwWIw0JQEDmMCAWaw9BQMDqMEQWsw2BRUPvaNIp7h9mj2HiYRoqfX+tJIfZrXykKHyaYIvVhpimaH6acIv5h7SkrICxCZQ6E1ajsgrAslYEQ1ieTFK59qjSGMGGZ6RBWrpIhwhJWwkRYy0qqCItaeRdhdSs3Iyxz5W+E9a4cj7DwlQcSXgDlioSnQPkk4U1Qzkl4HJSWEl4Jpa6E50LZLeHdUAbMdYAoSSZ8JEqkuW6UD+A+8cjNzDNQbsJOygP6pyuil7XcOJ/NzNf63fdG5f/6vVH5b85vvyF9tVThCe30t7uUg9Bid0WX8ovcnuSgHTjN5S8gtyf59/tYnhQIze6pSzloUN+5l/hFbr/x+63bkxz3fuyJAqn3Gcsncu98v3V7kn9/nn+6LHpZS7v+2aX8n+trveAi+n6rv9bX+h+9+caBIN9vrjVT/8aa+RvdsDXR0Q37Irf3tZbHX0Bu7+vv98kLJrpha3lEz+qL3L7W91u397WmPiOVz6hvXeTe+X7r9r7+/jz/aJ322j7+H92we/8+/q+E/Ib8e3N0rEFwgQsS6Ye4fCVTAed/VVF5jqmkgv3yfqz5oaq8/NMv5eXBOPtQf8fX3ue/X9e13X7gC0QqSo5fvaMbVCyOcn+Al+/n+QAE+Hj69sfD/0nr6t0HeIXj527+Gde4NVyJplJw/cr7YiqvOAA6Xu5BIlaA8V4vxjfwOy+TKIjTmrGEX3wJWEE09RBodk+dnQHXsN0DVUfFgY0zC5BWbNQAjQo3gEJb1DzpuOnDQjtUpbzKuoDmGYVDKcs5Bnjs/Hiqc7FM4O3AsglYHo61czpwi0m+ZDrofVAcaGRE9gzTuGXpuBhr7NMM8Eapx7O5y3IP/QssO/mpwNAqBPYZNt1G5c42x265VXovgI55ADxgeY6dTlTgLzCtWZ7HLLNi/oJGBH69gsxdi8iUx49oBVLt/ctTLfG9zEkdDgT+hoLcXXv88jQrkAOib3Wr8StoyVcJ4MivMn2AgQwz3oA041IvH8NpoWVWM24cOPZ8MlHL8xoQD96q8Ayi8mzzOwMptgywoHE0cEEdgbHTUlA3UAxxYwjIwRQMnfD/zuE7FtsQP9CllGr2R0Flgb1DaXagHoB6/MbdnDFlLLOugQzLQAfiKcil+Km/QLzvbLFTa951OSb7UwHB0WHFTkF0ZFsZA5DCBwQVxH2GBVteBE3A+jDEQoKlFvNfAmjGyd4fRHAQQLGjHMqrZWafJk6OEaOCTmf2293OJwUy7BQwIE7mC5qqYU1bT0C/8bLDbYrVPvjTbIuDA/HjgwokyqqG2PYrDf5VAmZ/ZHFnh/OUVs1ayx9pdohCukunYLs/1IZZsulh7MC6mh+4rYvwpcBp+8gvDsLf8tjA+nhmHj9UBqyPIe7weJU0CzD6sBVjorofopYmE7at/fadcLOZW14UZo2fvHC6d+BMiwuHM/aPBTgel6SxSOG72CWtYxwmWT+WuhWjfGyH0cz7kLaMjf/HtsI4fW69McytnLbn8FqItIXHsoKztM1RqFM/JAEeFTw4pAWYxEjyBM/Vs8Qx31/PUgkeQwj3kFw46RWyOqQb3ZVJAuIhehaSdgDFhyDFGbdnJVmLH0UpVIhjIMMkOAU2nuIxCS6Rbs+1T5L6eAqcLRiKAQiOSw/d4U9aknopPPk4NBCQZRyDOqrYSS5ZiwGBEy0UHRA0YAxdaO9XkrYEgDyvUKhA0JwydK4NwYdaxhAgyhyau1jdeNLtxlkgWa/6B2LC9zIEIMseRxwCCGpsg2YYAnl3mQiQgx1MrkIkMab8mWY+gXyfbuZz+q3jM52e50w76S0984u4G+m+11mmbuLVD8R7y6Pz6uu1RxrB+njIN0b5fUkez6iZqI9HzO9k1acxeVDzWZ9uIYSY8/qoEbjWRX2UzqOlA+QIsCJ4aN6pVWqh88c7BMcqra/m1Y/7Sq7lYZGVVnstxSoWY0cA2VymvmlAPq2jgvZVfTWv93PQ3qul373n+xPIvjsWIQh0TeSGZVCiTJ4zIEkA5HAoXFrU4k76kCgV/S57EjoA+CWXShV9NVuSW/XVzFRNlG3VzjScSf7VWngAgGRkrZU9RyRHgXj6imRtxXmPvigoj4HMepLMruhU2mqS60Am7+yyv7463mMbUg9AhgBoEADHXFjSMrVOy00JTQRkUeu5tqroyOprgBoNSF87aT0gfiKeNGOtm5l30p5AvJ2nFCwQX4DUwQC8K4T0NGwYr6inKgfQXFhQ2wPxBhRiBGb4rJZYA5D9jMQsgBwSFGcfhrhqIkGp7fHsWnEYA1y+yehqtkl/vUwofYRkKe5CPpV+iJwrPQx5WXpgcrf0UuR36cXJAdPgOE1Mw0cmmYaYZDNmgXw0TRQ5a5pM8to04eS+aVGQH6eFQw6dFhd5dlqA5OJpkZKuxzomo09Lnaw/bQdaBmnL0HpI24oWRtp6tELS9qSlkrawGzNpl9PeSZKANlGSFjSbQqDQskoih9ZXkkq00JLkohWXpBstvSQBaQ2GlKTBGHKUJmWIWhqdIY1plV55TbM1JDoN2xD6NH1DL9A4DtVB8zm0Cw3sUEC0wK+KookeSoxGfOg5mvmhCukICG1JV0HoUzoTQuXS3RBaWQ6Jq7jlsri6XU6Nq/3p9bj8QG6RSyHkOLksQ54V8RB5XsRUcG2AyMynawaOOjy4PtLogbqAUXsAftPHIrbp2gyG412t7Cla/wboAzD03uuzpgB/7jP5iTXtvdyywvXYBvgBRxhvu8W0g/IIOL3a15vzHBvNda+XX7ufpRnpw/jP1QUsB3x9NotJYcrG1rVzLz+rx8ISxSbZpdNh7BqAe51w6F+xdeGSCACWOAA7ZhqDApXxVJZo2LAdBxoXsEWKn0bDzoDuwMOvoFAagDu/DXB652dMY2TBGZ6u8eoWLTSg0u1UoSWfYZluDkzfFt4E6QzvjfFMagYA1XfW8OU1/czid+8197H5SjXg7udtu9V7V2uDA9COx2FDADySejwqZ4CZx2e5xH0OT0IEsJxO+inNh11ailpFAYA+BeBL+OUjJjhBrxeB4nTTT8o+2/pXQVY9g+Jt0U9K2YQa927AOpSIdoISAIlICxyXpufgSW0A3CB6HgrsbkcTEqkuRmuT6LUQeunX7QakOOLk+GEaKTqMU38UT0G2nuNyxFkME/3O61UFyFQCUqQusAigCbb8eThM3pB1vXfL1Yc7TwCYikHpz756aZnSqetqKky8nT3dpM3s2pNxcD3teTdP7oIGtOyhgrj7FGIq5rDEA2rTFfJDYWTIdi358IGnH/ZfYRbpW5vXlQp6mDp+Z985DxDjTsXP/4JWr66fyTEAbALyIyJrHjq9bnEDpBkY4ma+Oc+nIYsvcDxgbYhYh/VBePlDlfPR0hgALFEVa2hQG7uIGfIQcSdSsawcMBV6CwBUAu6NbO67B73xVQSkE2niTZss6Zn6luW7AXFeUvzADyB9ys9prSeA8DPD0tvq4FFiANAM0RBfRsX9ESBtniNlyHLEG+SBDlq2+4sMPjKyF5cjTk65xID4uWCGjErEf53nYYJEuukNBMlrhrjr87EEL6Oe14FqGQmGOFkulhWHrgWPPmJcwhB95NCIOfSF8qh8Q/ynqiWgGROeF1k0dPzGzc9Wr+hktYU0Av4RHAniiB9DDsS0jyE/nO5bkwOwcneTVG9H6Ih/aVqXkBfws8UMsBDQZrpBsb4Ng3RftoYd6GeIPx4EqBsJj08nkDKIyONrQhYI3/t4lroh1/RpbmR5L1ZDBFxzqfuXaC6V+x0C1c45z9+p9zu6LXLA6sdPNx+J+3SvMeeDdd8ACK0uvmXzrKs0EkB6yaPVfhpRIDYSd9RxKkoZeWKAmBy4k4fchz3S/DbvlpuWgJ0OM/Myae60TSsJKTFHy0/A1uqTH9taS8SaBUJbjesaJ+Wsldc+EPDm2B+vud6fjy3Um2WypW3WyXdiKwKRzefbtQ87szJt6e4FP2nb92l5Qkk0AHk+xEdf1vYkiRikp50PMYTEt7WyqAIyZxZnyLnrWeABqCcLxX6+xslys3ujiBCt6Ldk37niF0g5WUSP4hnvIcYHC0ZC0o9qp2KGLgDwoS6G0+ekUoDMmrQO4sAfeskCw1l1IVjSRlZvQOrIKhCRkDOzmgSyhWwip2ddC8BW6FXHY3pBRqhsIOaDuEp9LAsHJMUPxLbHJQfWsmxlAgHkk2TAKYdvBREBsmYmK+bI+6AzQMz1eCmPhUJ6pkWTSWRBnZCTPHpmV3a+98wMDAeerQ+SNj3/NHjcLMb7E9cDgjUbfHBWbx0RnHHydN/glbNZMmXinoZkevoC5okKCjtxDvlILBdOV7jcgwg7UhNXBrKYOCD/bjdpewm3B2tW4uSOJNYO4JPYO1IS94ff2DrKXPPAkWxBAJmyOnzLAJHZMXK0JUwVQ0a2ZoB0er9bu0AyiABYf6BrMzlSk1kFHzpS2cLyciQbZ0Css9613xypycQDYi3xrhXoSEmGorn0se+vLWnIyOamBQKw4K5FWtTe8xqtxc40PsmudWQk07dYW96TrOPCRr1hQCtIFja2I8kKt2DGc5Kd7shKpjyQPk+y9h1Z4Q+wKMkzksfAkZ6cCoVFCOF3cCS7Jiz+YveR88KRnvwbhszkAfkAbvRMUSV3o3wgW7e5saiyvyPt81uF3ZA+kDvI/uuPpYR+Q1p+BwTL7pDaewLZH2OBYws/xwvIqHlMLXG25HEHUnueGmtRlGfPuhi1PMModLtDaqsAyD55oaBmLVaO5wBp1/h6Q7SRUXOuSUN2XreIUTJGzrVtyNFnsP6BkAhyjxhSbhAVPiucP3pDbNhrhnTta+zHYgcQjrRnDVl5XyPQyhHk3jekal9DPiBgy11DGWKIh9YpZxDlXVc47e5x30UlYeKqLE/aD4FmiOLJkHkAniOZ51FotauW7ETM2c/7lnwF4i3kJIMRqR4cQZfThnjyBGV5sYZ25SLbkabPVA+Tnw+tYchUDHD5R8qH7gGiSLrrJw/Atoswce6GCadF5J/7NK4LDWlCkFSAE1OfdgGP/T98Kde6ZZ4UXIRmtowBPo5rb8sqeEQCjuVXbB6JSBJg0dW6L7AdCXaB6UT+AofC+YYh68YoIRzsrEV9plhmxLTqhOA2liuxIr1iO+IanhwJSBtiVsseGQ3M9JnHEkC6PcWvl48ZQg68mEjSJb7I6wxZmfthcAf5mPNDRy6pbJ4S8vhqJ800pBMozCxhegzZqiOX42J9Yfyn8lqsfYjNkXJfpgNk+k6dHRAh35YChyoyAUvA5ezTgM4XMBIPYPBxnecDeT5sAUf8cd1esMQc2gJuUxhSlAM0mM2zFa4d/gmG+Wm7+AweId0BfsQtICDdJQWtJEOK7C9YUjbJXUHf5/H7kOPRIsMkr0f2VymexrRKtux8aWTrzxH/dbcQgTxuG9OKdESJVrA0sVg2Q8VujTriv+4Wq8XYu8LJlvliiOLJg9l3zaOotI4duSb19m/p193INsSdAG6HW97Xyba6I9fAZ/rYojPBTX5DslfA8sncNqbnwBH/knsXgHhvK3kgHPHHcS+FZ6opTW4N5a5d/0f3VDWvnZFHxBGFt5f/OFOH6FdxxD/ivhdDnCXQP+NIZPrxW12AvuSAuYHyV574ysjepPTT9Dilx6NXKr0BPVfpLendSiNBD1garfrTiLojLQ06fW1pYuiPS5NHl13ML716aQm44y+tEvoG00qi+zAWGz2MaT3SC5nWLD2VaV3Tm5nWvjs80/agTzRtIfpN0zajbzVtRfpf03aljzZtadrWadvT15tEA/3BSXzQZ5xEDP3KSQzR95xElbunkzSjBztJPHq5k1CkJzwJTnrLk2ylRz2JX3rdk4h2x3yS4u66T4Ke3v2kDBgBSPqCUYKkUhhICK3DWENSTIxHJN3FmEVSb4xrJBXooY+kJT04khQpwyehaxlhSerYYjBJYTNKk5Q6IzlJ8TPak8gBI0KJQDBqlEgGI0uJiFjsKVEVRqcSnWEEK1EeRrkSLfJAWGJOjJUlduXhtETAGHFLJI1RuUTkGLlLXI/RvcQHGQFMnJFRwsQrGUlM3JPRxuCnDEgGg2XIMkgug5rBgxn2DKrMwGiwaYZOg3AzuBqUnOHXYO0M0AavZwg3qD+DvGEdMAwcBgQDxWFjMJQcZsgtpJClwnB0GDOMV19zhwHtMIgY8g6TiUHxsKoYNg/Di4H1sM0Yeg/zjcH5sPAYvg8jkAH+sBOZAhCmJJMEwtpkGkEYpEw0CJuVqQhh1jJZISxfpjOEccyEh7CflRJxTWzlTMgIV1LFNdOVdnEteSVmXGNfmRtyByi14zoMlPxxfQpKD7luB+aPXMeEEkyu70IpKNe9cXNU6ADJ1yVnuciJkq6nEn5S3szfqCf7i3Wi0AtGurcnRlo92W9/93Pn3D/87WLBv3lz82bq5qf9/qeS09+lm1doqB2VaHatGrLKc4O2V3CgFeQ5tu9uKVoz9/39e2tecKev3+tbiiZExWS6AUvN9AO3FE0PoL/z+fT1z+e/xWiAra7plqMZYmlUSgMHUnvKFAcAnhfZ5NWM4pxxDmRYDZqy0oEs2x3KXAcCW/bmtldY27ZflP8OhPvWU+QBWKXMTaMHcsB0b6p9nYViWtn4QMbsKWMfyDHvhLL6K6osQNWU+A9gmpRVbUCFwj6pfAAAaqajxACI15KpDKFOb08dpQpATl+pnOEVY0Y5bsUDADMXb1FEnc4yo3CioujTKI2KK4CYD+YWYFRkoD8r1WgAsXKpW8eBtnjjo9bDm+DtVA9iR748NdWMWLe6U6OqxBvRrVR3Uq3Dxkm1KX6QSK5fsRZy9oCqccG5HKYibh1MtSM0e6qVsSM1zAmjeppqh3euVHODgy76Oqkuxxq+mQWk2p1qB1Kl8h6cEvFZAeTN3FqqEqp28NZKlUQ478EtU1Ub+VkOJ1Uk4RAGK3y5VUvWma2OVNlUTdy1VP1UrQlOKpCykxDmSTVU1YR0rrOyBu6lplos67F2ZirX8mbsJ5V0WUe1k6q+rGf6OakyDPX/tYxUPVZBPFSDZnMFNjN3qkHLotCYYQPxylVqOA2grbgH+qW309LPNOSaPvlR3jva3onHbcgRLju9UXumqcR46/b40coxMq+1Z6fSxOi1xzO7Y4QbEm7PjEloiLnR/PZ5asWb78RcNvRWLrks8V1679raaU0AOW2kddPKcHNWS6uVSatdy6+9Zp5J1rtEX6rj0leruJVjZ1zGQm/1sYNrYzMAOblGrVkMOu+phhTt0dK+axUp1T3tTRyDUNLuxbWVCt4djkMIrNb4SgE0azcJJEHR6nJmKVnSmCMR4qYhQWOdJJIaskzaTGKrWd7+SqKttXepJeGHa4v+XAH56jE7vCWEaGuVLnwJWiCTnmwXxq3Jk015DWDOJNHfUbLz00LqA3G2LM3wri5Lrg/tAcRL1qRhgJyWdNC7/O2k96umAOBYkNBkr751cnu1HZAPhQjAq8yf+9MYpJ0UKxhINRYt5Quk46WufgZi3uerwxtPOwk133COykd9erMWTCXRBSBm0VxK0ewUl5VoBxCczhPMxBDLc1bGtiGJR+XPKO077qPE8PtbN3X8Ps/NLr/PfBPQ73vdFPX77jeL/Y7PTXTXGEYuvMY50uU1F5FRr/mKpHtOaaTla9Yjc18rI5L7tXhu+j+XV9QHaAVGCYFWaVQZaCVHIYJWe9QqcENENYO2zK130K6KigjtvCia0O6Mugrt4Ci98D0exRmSAlHAIUkRRR6SJlEIIokTxSISSreehGIrKk4k2aIqRdIvKldcPkZpiyRolL9IykaJjCRxlNFQWEeljeR5VONI5kfFjtTCLeqR5oi6H2mXqA2iAoryIemoKDGSHosyJOm6KFWSPoxyJunMKHmSWr1VUdK8UTgl7RzFVdLgUX8lLR81WmICUcclthC1XmIUUQ8m1hE1Y+Qlt6qMxCXqzq4RptI0sZ/8ESdI9ybiUPEz4lnxKKRi8bRia/FGYnTx1mJ9MTJihjF6Yo8xwiKYdxLEQWOexFNjLsVlY77Fd2NNiBPHuhFvjrUlbh3LT/w7lqgo+l3FYvGx0MX0YzPIGogNI4sh9pSsith3sjxib8o6if0rCyZ2uKyckAKyhEJSyFi6skT2VIgb2VwhkmSXhdiS7RaiTfZdiD/ZgCEgZSeGEJUtGYJW9mYIY5mkV17Lag2RLss2pL6s39AMspBDe9CIDgUjOzuUkEzxq6ZkrYcmk0Uf2k5Wf2hEeQZCacp7EIqVDobQvfJBhH6Wm+Kq8OvJuGr+ejsuFbgekUsXrtfkUgo5Vi7rCN+LmEn4Z8ReDLEMMDGc7z4c1K3ZW+hTVrj2gRQNhu7tKVWOjJR2ZcjqKTXLkRbZWwDM23ITvByZKQnMRrnmRDFHekomA2LHcd2EM0dmSkoDYtkhyltzoKXUNiAWjLzpb460lCJnC8MSxZhF58BMiXZYTXa0+03Gc6SlhD0gdnr+TepzpKXEPyDzOSk50JH/r7MvSXYlSZI7Qd3hn6AY4bMvM6u6KVxwwytQuOsWCrnh9Qkb1FTxskjpSslNPv1AAIhwt1HVbQqB0JBzhpAMAxEeou2I9yhX0ZG9hM/YsgVFzmMgU3iRhpx+hTsZyBB+pW1QZWDa3z6ovViavqlNVlRMTkf2ItfTLYH/JtBBwzYcoYy6/bCYq2iljgjx1P52q13k1ECaEFjNUH1xXB0wr1w8WENc+lFcWUfOFDqt2cR2X6HcOpIVWJi3z0J8hbjrwNOF3GvG1g/zLAJwIMIRNiBsP3jEhlj3mlRjs+tjD6EjOwKCcn6b62fwktbsyNxCfW4rlfFFj3ZkDWFQu+e5yrJ25GxhYru/6srWdsT9FRjd4eS6sL4dOUOY4e4a1xT2uCNzCcO8ZSOMLHRH3F+BqW5ONxw82OyOjCOM9zhweAor3pGlzHlz+SGCALvejxe+lwR8A/xAz+LoOzKUx2+xRBzFAK6/Ixk5hB7AC/S3iWYgSvZAEMm8h7oD/3uLMsEAPxK+1AuOpHohBA4WIPmRx6WBcOSoTsKiqpWKuNBSOPI20Vv4qbqugoAmw5H5imzDYrruQhMoOxx5mqg/mo/EmiIQcWRNEZH4abjjitAkTsw9IkYxJJQQEKw40rqIWiwyPe2K8MWR94g4xuLZjYwmXLMhbYjIxqLgpXI3B3oGuPnhJ0xe6XkcWeMXNT8Wb89XdUGGjNTEhXbIj6CdGV6vQkYmT5EzGOUhJEihUjKkX1UyWULQM7QPtZMjc/8qQZRlET2VVqGZciSVVqGrat46VcWbI6mkO5nlzL9C04UExqd9lMrLk5yb8rF4nIYcVYt5ZoTX5O+OKSKlOfN06qZsLoIEQ07K0JiDxXXzy0XLvwDP2ppK5Bx55aqe6H19siOvivE8PSwJ3wukJHzxms/tfK/cCEfyyd0sbo9s3OF2GhI3ArfcEti4WXgsjuTTjUdnaa/PUcDTdaDrArBcOTJCLBJHZBlZfv2uwZXmwMTSQzk8LCQWrCFPZn+xqC2Tf1IQFwvfERcdYnMYcteRDeTI3LLJrEbggVDtQ0eQRS5U2vfBDn+BbOxw1N5DCgi74MhW22FVjLmu2BdH5hEbZMWQ2IiwU470JrbMSihGEKO9656LDbGJVnh5p8qEHRlTbKshN2s8YX8d8bsBG20VnfMlW3bkfcXWd08xVfzsSFPFm1WPXMNSfsWRtul5vN1c4uwOpMTZUZVq4t/s3+9VybdVtkJECj/pyAQSn/MJix5xtwaM8r/RuxieTNJrO9KBoA1xlzh/B6Zq4a1at1aXIMKROSTQ8BLfVN29I6NJwOJ1wdYlqIlK4ZTAx5ClsZEDyOV7NTT0KAEH3iZhmCER9iBUc6TrqQVW25xTTzZwxBZthYVWIfXpLhU6OtK7hJeG7LdLCOrIo6cxWDXWq1sVygYiwa4BfnBaBcSG+FFHFTRbmbcnNQHF4hbWtmJvQ/xg3YrPHXn1lAqrKLtjqjjfEPcXlQv0HrMsmC44MjWlsOK1z3artCMQPXejSt6VvATSJcHxQnmX8z0caFPSJEPG2ySVcuTZkm4ZsnH2yMa7/ESzStqsjv/6SSFI7BxxmRySP0NG12NPHLFNXklkdy60JpqBaC7qfYWnSb5qr7F5v8xp7TU+HKHy3kD0rBdDxhmSPweiJ8Z4m+PqoTKO+Lk/maobcPaUbD6QJhm/dVSePqUqEEhn4cCA9+uIHEdcJbfqDp5g1VWNIpAmdQxD+tdpPYFIOcQ7Pn2wYhJAl6KKI/4TUHj5Qk5dBq2t9/xE+ve7QMT6Qvb5+nSQufgFk+6Fn1B8sPqVRRmrO1GssrpbxTurO1rUtLrrxV6rBwN+Wz27YsDV8y2SXK2B4tHVMgHTrlZScfGw2kjXw4okow+rlqQ/rGzyArH6SR3EDiG7ELuIBETsNHIUsRtJY8SOJdMRu5pkSOx88iVhHUiphAUh6xJWhsRMWCJyN2GtSO+EQSsCKGweKaJsaoNFCttJoinsK7mosMGkq8JOk9EKW07SK+w9ebHwCaTOwm+QXQvfQgIu/A85uvBRpPHCj5Hpm66OXGB4Q9KF4THJKIZXJesYnpfMZHhnspfhwclwhpcnCxqRAJnSiBbIpkZEQcZ1Bh3kZCMuIW87QxcyuxHdkP2NCIgMcURJZJEjkiLPHNEWueiIyMhXR9RGTnsGdqS9I/YjNR7xIenziCFJsEeYWRx8RKKk6SNaJZMfES3J/t0J7RADICKmYABRM0UFCKxLd4DYm9IExOeULyCGp8QBcT5lEMgFqJRAvkAxBXIKCi6Qd1CUgdyEwg3kLxR3IMehAAR5EEUiyJWoI0E+Ra0Jci7qUZCXUbOC3I26FuR31L4gB6Q+BnkiNTTIJamzQb5JLQ5yUup1kLdS04PclrIf5L+UBiFHpnwIeTQlRki1S4UUuThlSsjWKWVCRk+1E5L+EkShLkDNFGoH1FWhvkDtFWoQlGehTkEJF2oZlHmh3kEpGGoilIuhbkJJGWorlJ1l+YXKNFRoqF5DEaf0bVnlkb+jDqRviVoRL5vlJH4wKk78cqhK8QegcsUfieoWb0TUv3irUCHj7UQVjbcclTY+FlTj+OhQsKuni5oeFwDqflwkqA1yIaF8WCsNFUYuRlQhuWBRqeSiRjWTCx8VT24OVEW5gbJwyj2G2ir3Ieqv3Kuo0XI/o47LPY9aL+0C6sG0HagZ076grkwbhNoz7RTq07RlqGHT3qHOTZuIWjjtJurltK2oqdP+ou5OG43aPO046ve09ajx0x+gD0Cfka0CupXsJZTjQbeBvgkdCfovdC3o49DZoA9E94N+Eh0S+lI0Ucrdos9Cj4xeDL02+jX07Ojp0Puj78MAAb0hBhHoHzHQQI+JwQj6UAxY0KtiUIN+FgMf9LwYHKEvxvgJvTPGWOivMQxDD46hGvp0DOfQy2PIh34fw0L0BBk6om/I8BK9RYag6D8yTM0WJSNZdDEZ7aLTyYA4m6GMmdEvZVyNnipjb/RdGZ+jN8sYHv1bxvnZ4mUqgC4w0wV0iplSRC+ZSQe6zUxM0JFm8oKuNRMcNLYrB0Lvm2kS+uNMpaKDzmQLPXYmZOjDM2lDr56JHfr5TP7Q82eCCF4Ak8ikDjDPBLuAuSgYCMxXwVJgTgsmA/NesB2YG4MRwfwZrAnm2MWsqDy8yBdI1YufUdl8cTgq4y+eR1UFigqCwkGxRaq2UIySqj8U66RqFMVMqTpGsVeq1lEMl6qHkASTFRPyZFBUIZcGhRfybVCc+cnS+WdlcuZx2p3fMjnM1Fv/8Zl6/9+Lf8nk1r4/ZXJnyMWnnS/eKJPzvyd1bssOmm9Qwa2ex4dAJbcs+qi/P4mBEw7rzfi7RHJAoHLL96cGDpcvjVx+ev6N74Y3f3/3ksgZ3JZObJs3z9coIrojUFD6/jHEg4EitBsyt85t8w90gj2I8Yac04U8P40c5lcGwX56PDqFhD/92PdXiPqGuHK5yPzTWGeWaxfh3xA/LqBEAYYsc1SlG5jXOOVTtAWGuNYe8gMDznNEoTBd0NxExGDIMtNRQod5vTtLLcT0+q7qJdYTvRxqKgxxyRlUF+sxc6PCDEP87JsSbywvUk8ReBhyehcRyDKCoFnjEoosk7yvJlISQ0JbB7nJeiJ2oCRlGT2xd5GtGOKHZUDZ8omu4giaEr8sTxVFHmOAT7QrCc3HNEeYXTKb9clKxzNFiLM++e57poh1DLlH9DwLaXNpfpYl26+ogj4xjMupqBxab7jLEhctmzkxu+iPls2laFM0Soa4/r50TMvKFc8QqdOyGRiZcYSvWNbOS4FUSKY+3/uvcy6RVX3Crs8VVXq1rNiTB354h2A1d/wl31otoj5KvJaXq3RY2Wo7s1RIxZaXyl6Rky0jVjedi7ZMeqCj01a3Uc5LlGurI4VLcduyKmaq6iJzVSvoIeSy2ux+v16yPKqRq+wQnsoH2TloX9/Fqogq6Ft26s5Qzd/ys3qa/mwbhZ0D4vLWjO4uV27fGH8dW+/wmE6w5SMYnxu8lz4lG3GTc/vySdoYnNH0aduonKULwqbp+AFEtWjm420WWVg2tX58Lb7Zwqxygc4eprfWME6y4jK3fH/pTpg4cKM2i+W0qo/7JCJRquKWsxRyfW1L4/h2HcNoyPURi7W9VxzeQwtgCdlQhdyyOG9ssSMeQG41NRaYvq+aI0+Sjposi5Kfo2bNaN4pB07TZ6Ol+lbzuHKCIU2oz5tVMbIhfrwaTbEduuf2G9baxmO5+S6DblmK5b40+svHNtMvLEueXlVYG+JJYbmX9fkEN9blgpYnJYNeyoDT1JEty0m2SsINmU8Th2jIebY4zWVk/6Pyc0P6UIm6ISF9h4M2ZN8jTtyQe7Y4eg9lfBocggFD3PJWwGDIeI4EFY6YNanAwxAv21RwYogx7ckPd0QCKX0NeOa8Drjo9VnFV6/vU5T2+s5Fe6/fVdT4+u1Fn6/7UxR73EOy8HGfydTHsyCZH8+LhH88U4oC8NwpHMDaoLgAy6f0B1hhlChgFVLGgJVKpUMuZoohsN4pmMCeoKgC26Z0F9hZlGZg91G+gR1KiQd2MWUg2OmUisAaUE4Ci0HJCawKZSmwPJSuwDiVugX2iwKYNHHUyMAKUkcDS0mtDawp9TiwuNTspFGmrAd2m9KfNO1UB8H6U0EEB1EiI/gQ6pDgZ6hVgi+ingn+ipqndGmURcHrUToFz0h5FbwnJVhwsKXSShdMHRe8NLVe8OTUg8HbUzOGiIC6MkQN1J5lYEF1GmIPKtgQnpTIDREMdXCVi0EqhzhIX5IMVl4loin9IA+45LtkTCZfN+M2+UkZ28nPzvhPbk3GiHL7PIqUG5xhJh9BRqLylDJalSeZEa087Yx6ZUVkZCyLJqNnWVgZYcviyyhcFmgG6lzDGcvLMo9wX3ZCkSlrs0TSIPsp8wrZcpl7yLbM/ES2buYwsr0jzRELkJmQGIlMlmhHMp8SU5M5l5ijzMvEZGXuJmYt8zsxfZkDinnMPFFMaOaSYmYz3xRTnCkprXVmrTToyGxp9DP5pV9AfkzXgRya7gV5Nl0QUvHyUsjW6ciQ0dPZIeunQ0RlgE4T1QM6VlQY6HxRhaCDrkpFOfGqZpSjr4pHBQNVFamAoSonFVRUdaUCD1ZgEJywSoMAxpGpRwH8rOSYUM5/B17Vo2QlyIv7gWsHF+sL2S2RngefP338ROolTjADMyyQI+QxQ8bcQjALZAkJzR/GF1EtkCNkNn+EzyLfLYAhlDhDDia87VHIEGqdr41J8p3/PY7w8wxp8wiHLxDl+RniQyCLCxjIEL6gIXsIpdCBr3P2fXnnYLe31YLPyW5vLsIdJNqiODryHKFBGuJDPYsq6YiL/UCnNOT61ENQLh1ZS2iZtke7XwfUTUfaEnrn9PMAu1BAHcl93GkNphBJYR+Ka+ompB/howbShLNqiHMyQWt1YA+hvpptchdW9FhH+hQKrSEXxNuLqtsF8fagyDZA4J0wlQME3gHkDtXKOdKHUIPN5I59hD4cyCsMYzPdTzKVg4XsSFvCVDZkJVMZ5btoKpLxbE7B9fLFinbEh52AOW1IqPnArnbncqcwsM0BxRxPsLQdea8wud1tIYruKAM+7rZACA9fN4Qz7si7hFe+/KwDnQvnyDnCTze36oO5isPuyF7Cczdk5zkVz8Fr9r7ClzcXPh9I424i42KoTEvHHwoTUPMDIXnf/r7p9hG5RD+aGoBVo2WhE3CkH9ESRKG+i9bAkRcIghnf6pAsOPDoHB+LgJwmXcoHR54u6ghDbtuioHDkBRJfeUanoJQYjowhag0LyGaGX6HocOR0UX1YGDeGKkMc6TorycLBUAxBYWJIy7FzoUKxIPJVoYoDW7QsFng+OWM69C6OzCGaGEP8spDNODBUWmMR7UFCE+m8IRPiuSim2hNpIuNxBLqe+OzuDA2qgQzxwKQUQ8vvbVwmVEWrhi9DebT8wJUMsFchWwRMK38eNU6ONIjn4jWfBOYXdVL290j92kTtd3yprRyZkM7Fm0zgH5cN1ZYjHdK5yHGeVAtB/eUIAP92dsJNJlMhInPkhXYONWS3tyVGcyTPPMnF1ntG0xC1OfJCPFc52BCtnAP5pgQwZ5nvmfUeXPfju+f9+uyVt4Lfb+ft4m/YeRgNf+f565hft+JElC5364939OatqLs+nhiayidjyPPq0/skviG0xQMecbILl8AnWe5DBwg6kpPTcyGNXufVZJ7eQyDO5TjMS+mKNaBBPYdaudefuPINWVDPoQCAIXA9//a5XNxiI2MhbsMa3lZbdRiX5NXtbAgA1OBj4GYZBUOeL8MxPvHD86px+SBLtbpW95g58S0tlCGrqxWbb2rOytIZ0pZaw9lCd06LaUiOm8vFNnsczEDLa8i71Dp/EFeQ04IbMnQCqBWB9tLBcI7Mrd5iztQIlkcxJI9mamgKhMi2/JIhA0iUjrbnFuLfsqEhPtDaF7ern/SGBpD4rONny5a3tb99iZY/tjNGdlefbcga6tcXxraX7zcEU2JPdSSuCu4d+Y4zrMh3msYihuyu8YpVBufUmMZrhUvjHqsnvq/GRt4Z6Ro/rR7Cc8ZYhgwdzmu1y2d/xWqGLJ0NZ8g6TWM+Q/yghYoLraOym8aOhiw9jMGQM/TABkf61jh1rShwMZZ1pGm8+0FCz1cxsSHtatxsU4emHkPhSB6llvG3d2+GxuiG5Gk9GccbNew71jekHc0HbODSXZozOCJphdWwO3KR2DeONMlOUPiuBMaBqTmOVcvfrKh3lM/fuSVTMsRPKapsypF+JeNafo7SlKzMEcnbrHTv545VbheIpH8GzBz7FimiIzn27WZDwuKeK6lmIJqOemuhD0lZA5Gs1oB+liS+gXRJjg1Z75IEOpAmSbZ3OlqTRDwQpureHXmWJPOBDEn4DTFfwaJAIIN1A2+7PE1KC4G8Un4wZBiFoUoUgXQpY3hD52lS6gjklXKII0sqJl9AxzdGnyoKL1/IwWWqu/Wen0j/fhe4WF/IPl+fDk7XF9L1NxQzrH5nscfqXhTDrO5XsdDqnhZTre57sdnq0YDwVk+vOHH1hIs3V6uguHVYJ2Df1Uoqgh5WG0l8WJEk+mHVkgyIlU3CYC5+cgqxP8g7xB4iNxH7jPxF7EVSHLFfSYPMLU2mJHY92ZRhF8i3hOUgJxPWhbxNWCAyO2GlyP6EISuCKGwdOaTV1AbNFBaTVFRYVdJV0/CSzwrbTM4r7Dd5sbDxpM7CD5BeC19BCi78CWm68Dmk8sIvke4L30VGMPwbWcPwgWQWw0+SfAxfSoIy/C1JzPDJJDrDb5MMDd9OwjT8P0nViBFIvEYcQXI2Yg0SuBGPkOSNmIVEcMQ1JIsj9iGhHPERSeeIoUhMR5xF8jpiMRLcEa+RBI+YjkR5xH0k0yM2JOEe8SNJ+RlhFm0fMSiZ/YhTyf5HLEuFAOJdqggQE1NpgLiZagSE1iVYQPRNSQMidKoeEMVTGYFIn+oJZANUWCBjoAoDWQWVGsg8qOZAdkLFBzIYqkKQ5VA5gkyI6hJkS1SgZEJFkQpyLgpZkJdR7ILcjYKYTO+omUEGSF3NqqFz0N4gk6Q+B9kmNTyRj1Lkg4yVQiBktRQLIfOloCiTY2qOkD9Tl4QUu6RLyMKpbkKmTgVUJvMUSSHdLx0VKgKUWqFqQDkWKguUbKH6QFkXKhSUfmURg9ow1DmoH0MthBoz1EuoQ0NNhVo11F0oZ0NthpI3lG9KFYcCjwA9T8nnezrfM7WWpJ/d6lbg+0VNSn9D1K30d3ppS2/FkxrRulvtD3c0q2hy17PSJk8mq3Hy9LJgxwfsFT1ZAVnzk0WSFQ5ZSFk65FrL6qIsx6xAypLNKqWs6qxkysrPaqfsjiiIygbKmqlssayryjbM2qts1azPynaOEq7s+KzyilHISrAYjigWi22JcrKYn6w4i4XKqrRYsaxci6XL6rZYw6yAi8XMKrlY1ayki+XNartY56zIiwXPqr1Y+azsiyfI6r94i+wQiEfJJgKdTvYZxC9lL0J8V/YrxL9lT0N8YPY9xE9mb0R8aXRP6G2zvyL+OHsw4rOzTyN+PXs54vuz3yPxQfaEJIbIvpHEGdlbklgk+08Sr2SPSmKa7GNJ3JO9LomNsh8m8VP2zCTGyr6axGHZe5NYLftzEs9lD09ivuzzSVyYvUCJHbNfKPFl9hQlBs2+o8Sp2ZuUWDb7lxLvZo9TYuLsg0rcnL1Sia2znyrxd/ZcJUbPvqzE8dm7lVg/+7vMB9ADZs6QbWKmFegkM/NAt5nZSak1kMCgZ80cB23tSoPQ+WamhO44syl00JlxocvOrAydeGZu6NYzt0NHn/kfuv5MEcEMYBoJ9gBTTTAMmI6ChcCUNYkKzGrBZWDiC74Dk2NwIphAgzfBJLu4FZWIg32BVL34GZXMF4ejEv7ieVRRoKggqBsUW6RKC8UoqfJDsU6qRFHMlCpjFHulSh3FcKlyCEkwWTH5At5vLg0KL1/IKraRsHT+WaGcuR0P1L+Ecs/zQ8u27vgTQjlc/Eso93s/Py/+e5OL72VkRwrl/O9WUrd9ohSfSrjzxGorodz5xBhuIPLfPxGv57759vq7lHJAIHbDBVILhw8oqRy+QAL59fDu729fUrm9gvRGqZwjW2e2GHIhpvQNZBfzuUjFat+eTCvzffuJ8EPY8YYM3y5g0BuyurLsDflSym3zrDnlMcj6hrhipwj9hviRRkX6NwQjKUMYsJcxyZqIBwzxKZUlMDDEJfrQIGxzo3uITGG7GlqlDNsU062J3MGQ9SWJ2Eb/niKaMGCNIcKKvU4MGYb2woB1RZ2xzfeNVxQchkRNAyqPvZ+o3pQSZBsP/pmiFjHENVulKNkurVfViSG3TVGmbKuS3ivqlW3CgXMpcDHAz64pDczeM4MP6GS23cmpUpr9udnNB/9CbmOI+4+S5OzPI9o5wzfs/id8+iyQJdIeW/59DlH/bPMJWxVC233CKyIiQ84UndE26/4lRdo2KOOKWmnbLI08ASfCwm1rfIvoads22CqM+iya0N+UduoTcEcVpvRV+zqNmhKsfV9fQaXSMsCdbQm59mdDxxxsaL327ankgx5sG6szp7OF097mhdJYha5sW2/g6HS2bfTVnLwW+rR9rc3fRMK2LTaBEM6e1LGgZ00Rwqkh9EjyeJy2v16SVT9eZf41f0F8zmepxJTh+i6frCxGKdb3PdapylF38ZtOHfKD333saKCrMsJjHN9MVeP+HevRdb3HhtxUMPpjOG93tgCf1DEO8pFneWwqz6PKyGOTe3J4YKyJ493SJuvmfJK2yIKxtM57M9fH8jvGvj6q5jztDeOLRXxwDFat82MD1L/UcuZO1tDxi8f481P31Gm22WXbfS4R58vV1jTED2Kr7Xsssx9XtvhpJ0RjZQaOc0p08uTxWfciuz1Wi3hUmXv6mykRjJIh24fbwXAdUyTsIcbNkHt1nubp2TcqI3lsGNZVQ2rIlyj59BnBaNljQ05OknaLfXoWSMuoG+Kj9crwH5sB1tQ3GLKPuI/jw8WGuBhDVtOxpscHmdFR2d/9qi8z5Esrd8YTKV25REO8vFxu05CVzZ1wrYbcd4r7tbDkna+4aEO8cF1e3BAfQ1ie3pBv4bwhbnkrYjDEU5+KKs6w8WJDIg9DfCpiRSeOOLcaFHFHJJTS14BqzuuAjl6fVZT1+j5Fa6/vXNT3+l1Fj6/fXhT6uj9Fs8c9JBUf95l0fTwLUvrxvEj7xzOlNCAfO9UDWBlUGOTaKQ0CVhdlCliBlDLkIqXaAeuYigisdYomsB8orMCWKe0FdhXlGbnxqODA3qTKA/uXShDscapFYAeoKIGtoOoE9oTKFNgcqldglkrgAstFDQysG3UysICU0sBKUm4DS0pJThpbqnZgj6nsgc2m+Ad2nQKhU4d6Q0ME91AyI3gQKpHgZahWgieiogneiqoneDQqo+D1qJ5Kx0iBFXwnRVhwr6XTggemlAtemmIveHIKwk4dew/RGCICCssQNVB8hsiCArUMPihhQ3hSKjdEMBTCVTIGrRziIL4EoVJdBdEUPwgRF78LojJ+X0Ru/E2I7vi7EQHy3iBK5P1DJMl7jGCzHkOGo3xQiFj5MBHV8nkj8uWayOCYywbxM5dWhthcfYjCuUIRqNciRizPdY54n3sBOQH3C/IG7inkFtx3yD+4NZGjcPsij+EWR65DM4B8iKYCKVNZE2RVNDjIvGiUkJ3RcCGDo3FDlkcDiEyQRhLZIg0pMkoa20w6aY6RlpbFRuZKo57JLe0+8l/6BuTI9B/Io+likGvTDSEdL0+FjJ2+DFk9/R0yf7pEVAfoNlFBoGtFlYHuNwsR9NBVqygvXvWM8vRV86hooOoiFTFU7aSiiqqvVOTBGgyiE9ZpEME4okHOz1KOaeX8VzSRyikQSfJqdeEgY30hkbsakiemP338RPASTwSLGhbIEPqY3+SmFLNAXqGhGRJncIGqFkgXOpshTi0B4y0A4cQZEPOCwZsLRKh1viowP+4U0IWfZ8jB+Lh9ChGan62/ZyoVMBBhCxrQnyWMwkD0eH5DZs6KywLCiiSW5EVDzlaCYyBdSJC2h1wyVUTJQJpwKQ2ZfQnfMpBXGJmGnKsjDgLRMQi+p02QVOzPQAYJom4Izisc0jINxTN16/EMoaIa8lylqxriRrsorYEI6dXslDuvIsYG8gp51pDh1hcE20CakHANuecKUTeQJmReM5s+YrQIv44IJdiM7zOG0IYd6VuoxYaE6Qf9OJBXKMpm1l8Qm6t494LYPFDg85EtRYd2ZA6hTJsLcZ1+0aoDeYV67Y7nKj3bkTOFwm3uanWleTvi7gpUcPdxV9ji4fReYZS7Y1w6ocWROYSZbu50OX8c7HVHRhOGuznhcO9gwTsypjDlzXU/WwfPOLKUcW9IKCjAyjckBrIlcd+ihPk1BseRofT/XWNuIRFwJOOGkBFEkf6K1MCRDaQncrZM9nFg6fAfC3XWviJ8cCSFDyGOsADJJ3GXgMKRoyILi7N6Ex2GA69INSw0ez02g5zDkXFF8mEB3fOKKsRecu8V5Yi9JKZCQV3iSM6qCwWKBYp+bEqpVHbNfYOQZZ9UApfYxZEmehiLSWdTlZwj7xRZjUWyA7lMuGVD2ivyHAt/+1AJjyM9Y9v4cJvgvFUI5MjCGK14jXWNVVC0axI0REcWsb8zI+tViKjkLMp/cwhZz1rwyAwIAijLDZ6M6UMk5cgcv0pGZQnFk/qsUFo50lSNtb2nqootR1KfdbKkvCPjLuWXIwcJRXxBC2p/UT/mwFaNmSdFB8q0BmRDmVap1MUAuQPkqOYt8q88DCTe9NabEsDMZ76n13tw3ZFndvCzR94KfD/PDkv99wIp9V+8ZsUc+roVjjxDbpdlot+31F4T9wK33V4T9wuPxpG15fEd95KihHSg6yKwxDjSQSwUQ87V6YSWTsduzPXmgI44tBQ8jCQWrSH7QjuHQvmXUM6BdmV/WPq/ak5jBzKH7DOrGXg4VHvRkS3b1QoN42zZ0o5sbPKoK6zUEMI0OLLVelhRo60lFsaROcUKWSnkVamcA+2KMbP6yfM1QvN4RtfEKNprzlRxsSNDBchWmVlXR3o6ctREWzlnvlesuCNuYWDprSzUu4qmHWkqrLZikmtfyqs40gYdj7ecS9SNl9wSdaNKta5KwR05Khc/fluu+EpHBpD4LLvf4nJPPhJ6ZUNuv+K5HWlA4utsjpmNmpQhGDN70I/oKrd34CvY8DLfUNm+I/1K0OK1wSZxTRQLm8Q+VlDsZs0qPHLk66QBL0O+OrrXkedKKGbIGhquOdL15AMrebahpyMEIpGhAafrIQuBSIB5nH8qMagDjx7nYIjXtiqWdWTqsRBWtfVT3ComNsQnW1fUfHx8kQTWDrx6SoUhU+NzB1497MKqzN9xvr3G64mVC9hrfC5u5QuOTE0pDLlIRGLLWEUbicjU7g3Tl0Akw/FKeZPDQgLQ80SsvJ5VjEilHHiGpFvHZ4BJRubAmpK1GXJeSewceKYkf1bpf5sepBLIkCTyOIl6SqIZiCajhqx7JWENRJNaQ2wFMfF1ZOgZMtaueDE9LhtFjzOImGJ7kwPT46Ia7IgcaWPAxPS4hc5InK+DfN+Q3ZvUBAJh0cD+Pl8n8ASypPbgXZkj5QkH9pUShrVynq8DgQLRcXLe7ulSLQlA6ikOZIMqai5fyKmrfNVuvpD+/S7wsL6QffTDQefi10vGV/2CIoXVryziWN2JIpfhZhX/rO5ncdTqnhePDU8FTLd6bkWGq2dbhLl6/kWqqyUC3l2tomLmYaWRvYfVSIYfVixZgFjVZApi5ZNNiN1BwiF2EEmJ2GUkLmInktyI3UoCJHY0SZK56cmjhF0g1zJNB+mYsC6kbKYBIqsTNorMT5ixIoemoSN9lJ1sUExhL8lChU0lUxV2l2xW2GYSXmG/SYqFjSdxFn6A5Np0FeTfwpuQo5sOhzRe+CRSfeG3SAeGbyNlGP6PtGL4SFKP042SnZyOlgRm+GKSnNNdkwcNj06uNLw++dSIDMi5RvRAXjYiDHK3EYWQ341IhRxwRDPkiWfAQyo5YiLSzRE3kZKO2Iq09Qy/yGxHhEb2O6I4MuQR6ZFFj2iQTHtEjGTjI6gswj7iTlL6EZuS9o/4ldIAxLiUDyAOpsQAsTJlCAinS6mAiJtiBkTlFDwgcqcoAtE9hRPIACiuQJZAAQYyCYo0kG1QyIGMhGIPZC0UhCCzoWgE2Q+FJZkgUXuCHIr6FORZlLAgF6PKBfkalTDI6aiWQd5HQU2mhtTcIHukLgcZJrU7yEKp70GmSglQJrNUCSHfpZIIOTHVRpk2U5CExLo0S8i9KWtCfk7pE3J4yqOQ5pd+CpUASqxQLaAMCxUFSrVQdaCcC5UJSr5QvaAsDBUOKsdQBaG6DJUSKtBQTaFKDRUXKtlQlaHaDYWbEsShtCNAVH/0PQ/fM7WKxM9GpYnfD9Uo/oYsWPFnoqbFW4G6F28XamO8paif8bajxsZHgzocHx9KdfWEUc3jIkDFjwsFVUEupqwb1nJDZZErEtVHLlpUKLmwUcXk4kelk/sD1VDuIVRMuc9QVeVeROWV+xXVWW5pVHC57bPIS8uAOjCtx64ZdbAwqCfTCqHmTEuFujSNGWrXNHhZ3qZNRAWcdhNVctrWLKTT/GapnRYa1XhacVTsaelR1ac3QOWfHgPdAXoVNBDK8aDHQN+EPgT9F3oV9HHoZ9APoudBX4m+CP0pWiflctFdoVdGB4aeG10aend0chgBoNvDKAEdIUYS6Box2EBniQEJuk8MWtChYmCTTSyGPuhzMTxCL4whFPplDLPQU2Mohr4bwzX05hjSoX/HsA89PoaG6AMyekSvkBEm+okMQtFzZJyKviRjWfQuGe9Gd5MRMfqfjJrRI2VkjT4qg2/0Whmgox/LGB49W8b56OsyF8jWL9MFdIeZUqCDzLQDXWamJhRpIH1Bt5opDhralQSh5808CX1x5lLonTPdQn+dKRl68Mza0KdnZodePpM/9PuZIIITwCQSvAEmmuAWMBkF/4AJKzgKTGqTxsC8F0wH5sZJhmD6DL4EU+ziVFQaXrQLZOogZlQuX9yNyvdB76iSQBFAUDUojkjVFYpHUrWH4ppUfaL4KFXCKM5KlTmK11KlEFJfslryBbzfDBrUXL6QVZfR0s0/J48zb+KBusrj1r/8VLDtv/3Ln5DH4eLfc+TO339e/OrFR/PhyFDH2Z/vuaVvGyPtcMjfho2izCFLLo8bx7xr/fu0Uuisd+PPEsclAHUb3p3aN1y9tHH4dPx7frl6u3730sYN4yf6AVjQxjkyXmGfG3KeJQx1R+4SFvvwcexNmO7++V+TYwzpr06XMcRl48WqN2T7GEYw7w25U9n5w8jIrzL4DRn3CMvfkBgMCiXAcFqoiAUMGPuKnsCQM6k4GN3IfV00CYbEyDjoFobVHa5IGwyI05mgfvjs9EgASiFhCCo7oaIYHVLvFFoY4OfOlBZjGElcpXEGrCOCjtFnatwg+jDEzWkJQ4aVojD2Ne5Dt3NxtghMDImzfSBCGR0jXWe968aRU9CyGHAy4Amq77Aa5tEZcsNUAmafSjYzTJGwu0hrDPEZpCW/GaN7YFwKHVvp4x0i4hnj872yxhB142HHxeAAh7zwZ9HuK4KhMawAuKkpGuM4kZSyozFuHoECadKYT570AvnSmK/3kShxGrPlPHvIoD4xRAyDKqmUITnrOtRUw/RaeQZKCK6G/V9meN4VGJZ0dJ0iN+x7ZWYW0q5hP2brqLTP94/IqiRiww5vmioj+8THH2SJ1Gx8nsheOrrtExm5iqcUa2PlyQfQtA0/RquL7E1toAeQw8f8zq+XnG993Vg3qpH8IDsVbX99l/1mglzf1yPTob/JJjrlncjf7WHxq/fms5Fv1yl8Y2c9l/fYgvslo/zGjgo1H5TNxh4qjRs2UTvFkfm8j81tHromPhZt6qqx7CnPTcmVdUbMiq/Fd2ZmurVAz8q6BdbwWXFUHZe55ZH3ayt4Orp0u5wbI2i5pcz+v1e33fWz6rgvryVuS/fuDXsm+9tT86E24IOcvdRO3IzeypSYrn6/am2sFzVUqztshsjX4Mtxd0zuo2UzrcFaav3uidMyaCHvzXNByop+EFdal6Gdz+Mn0ZQpNiBOkUhr/YnJP/ZniUE3ZKsqbj4th9PVcNEPsob6jmmlIlvVnFFqhO67xAUZclydjUkNj20T9WOG+NxkTkx9Rp6KV1NVnxlKa05efWYMb+R01mc6JUImuFrdrIl3NqD1Lh7ckNGaeHmPY86WSGD68SxbogVDfHQ2B9NaYc+vXMNrDfFWZQ24tVJf19EpjjCI0pfUBJa6TE1pwUdxkgu+Dqe94CtzIgx+FqfG4KdzsgxuD6fPxB2UATV5k2WITT4IGXSTD0uG4eQDlYE5+dBlqE4uDBm8k2uHs3lyecn4nlyCMuInl6mMAcqlLKOCYrXLMKHcEDJwKPdMqSxyV1GHgY1HqQY2J+Uc2MCUfGCTUxYCQ0DpCIwF5SUwKJSgwOhQpgK7VEoWmC6KXWDeKIiBCaRoBmaSwpowpJTewNRSngNzTAkPTDZlPjDrlALB9FMuBO9QiiI4EIqO0sdQlwQ3ROlSOCqKm+DKqH+Cu6NGCi6ROqr0mpRawa+WGAuul3otuGdquuDCqfuCm6c2DKEA9WMIF6gxQ0hBHRrCDmrVEJmUnA3BCxVvlYVBFIcQSF+S81t4FY+j9HMi1NLvEuGYfN8M2eQ3ZVgnvztDP7k3GR7K/csQUu5xRpl8DBmIypOKWFWeZYaz8rwz5JU1kWGxrJsMnWVlZXgtqy9DcFmgGaVzDWcgL8s8g33ZCpkQyHbJpEG2VOQVsusy9ZCdmemJ7N1MYWR/Z5ojNiBTIbETmS3RlGRCJdYmky6xSJmYidXK5E0sWyZ4Yv0yCRQLGXmiGNHIJMXOZrIptrhjnFFaa6SsNOhIa2n0kfrSL2R2TNeBBJruBUk2XVCm4eWkkKjTj2UuT1eHdJ/uECUBukyUDehWUVqg60X5ge65ShTlwauMUV6+Sh0VCVQ5pKKFKplURFFllYo6WHpBZMLyDKIXQ5bVnCrC+VnCMU2cfX69qqNWVUiE/M5XfoV99YVEMmHIEBKXA/2S5jXcAnRhggWiZ6o7cl9hlAUipDN7OHEKPHhpgegR74a8cgi8/92P8N8MiUPgwZHzh36P8Oh8YSjVLgA9tN4QZygXY8+Rc4XVZ8htTZh/I5nwZAf6Mt1TGISBvMIy9MU9rjARA1G2oiEuGilGYyA6G2D0HK1UzMhAhDw5ek7ILH6lI8LAtL/3WkLSDESJnLal33GE6xmIDE1wO6BjFcowFKfUkLt1OoMjawk3dfgRsEP4q448RziuhpzU4QYPNhChypopwxENQacNRBi3BpypoysCEd6u2UyfflvUXkfWFfqvIU4cL4qwI4/SiM08h+EH1TgQYSOblX90rocDXWd/GLK6sJ4daDpCxLxH6zpmxJF2hWBtyEmF3D0oBjqBv4ja5qkmYueovZjvul0I3+HejpDCAxHeuPvE/gq13JGmk1rck75XKOqBCIvd3K+rrIvo7sjbhQxvyM05z2viXbcDaenYfcBKEe8d0Tk2Fh6M9PSIVnqeIAGKvwUV79GJOY5kxBBSgajL6+QdR2oWT89wZadkP+6oAX2JcMFinDl0DpAjXWcFWajUVxORhCPzFSGFBVhvDtcNsYUj+4ggw8Kypx0RbTjy6gwkQxCFjXqNMV8pELGAb49XRCSOdNGZWJS4XpWiOPIMkatYbDnuFUmLI+eI7MUi0n5VGuPIGSKfscC2i8DG/vajCkqDY7Fww2TsqsG2R7U8FkG/A+q3BQQCuXjJjlNXSjXkyFJlkQXrj6rhHEgJUwbZx407FUyOLEz/itdEQYdKKEdS6zZR7EVWFXoqQ1zoXJoryzfOgVKrA1lQakVm03LqHvRdjkzkEv4FrT1aE9YakJqwVlXjqXPZHBmqSfMsakH9doBMTHyr1GuL/C1ysa7AjnKHvGdnBs/rnjpZBJ998l7w+12+Jn/D5Wvid1px8OjgOEfy8eX9sikiW2/pfvN21W23uSdj66Mx5EvNaAnveZc8YQOer0XwyZL31umCjuTTy8Vkh3l0WW575nkktSL3SiNZi9aQpeMQLYn3shMX/weZV8cqWuY/O9RvHUjrus+MAqCT4xxA+hjb1U86UYmrIwNbPCrb719zInnaBQP6l+04zdvmYl8MaUNt0Ol5TkzZqdO8aiim7HTviYu5M0Qnx1ltZbemVtMQnOiSrzF2nMqRHZlqoK1wenT0pyNbx4NaNag9rzqDD+KHStFhnOOUGHEqZ4cgvvyONZnvq67J285AUJyaWdBKF2fIXOoGjSbXdMCqI768yp3aYTxbPa4BSzXqhpxHp70asu9R537tJHTVwzuSx9RkkPDJaCL0qUDCEQ017EChd2s44kcMHQ1ZvCJ4NaxxRAMfKyMOPSzAEaTxHd0MP9+IQdbNGgwDsWsB91ew5sirAd3dMWKQQZ8hz9HA8MYulNjRjqXOQxnYFfFjLhiC3pPF0IpSLdvtXSNZQ7xEUNHuvX4KEgNiA1bXoPma4bwaWDvSJPa2wnCME0Z8HkiTEN4Qd08V5gfSJROwGnRMwka24EjTjMIL17tL1uGIBeicau3l7inZiyOeDtZwbCsq3M0cKIBX0iRDXOnMMdyOdEm3rPre+5WULJAhSZshax9J7ALR2XGGuHSd48Uf8F1qBLm1B26XPNORo7moIdMP36tx5458jUT37yFprwPvltTY+hfPlOzZARf/1Xx2a3H4iPma4f7gdG2MebfD+L/mwBvQj6T7hujgOG+l3MOagXdb+paqQiB6Go8hZ2h1IpAtBQxD4jwjFDkCWVIIibJR1kn8n++VUop3gvzbo9oSyJaKjCNTijYK9O/31Knkdd06ubw+u04396+Gw8/xzXk+On4dz1DHHeA567hLPIsdd5LnteNu80x3PJA69j2eGM+FxzPl2fH52Hm8PBZGnUCPtcMz6nN9yTn2sQTlqPtcpXIcfixkOTE/17qcqp/7QQ7ezz0jh/PnvpID/B8Q2eqQ/9yfMggg97AMC8h9LgMF0hbI0IG0FzKYIG2KDC9IuyMDDtI2yRCENF+ck5AWTkYppBWUcQtpKWUiQ1pTmdqQFlcmO6RVluEPabllQERad3Jk4QHIo4WXINcWnoR8XHgbcnbhkcjrTadF6i/8GsnB8H0kEMM/kmQMH0oiMvwsycrwxSQ0w1+T9AyfTmI0/D7J04gNSLBG/EASNmIMErURh5DMjViFhO8MZ8gJR8RD2jiiIlLLETmRfp7BFRnqiL/IYkeMRqY74jiy4RHrkTGPeJCsesSMZN4jrCxyPiJP8vcRnZLjjwiWOgBEudQKIBKmngDRMjUHCKhLloCYm8oFxOVUNyB2pwIC8T1VEsgBqKTINIFiC2QS1GMg26BkAxkJZR2ZtFD5gbyG4hDkPhSQID+iyAQ5FIUoyLMoVkEuRkFLpmvUvCCjoywGWR+lM8gMKa/J5JEKHOSXVOkgB6WSB3kq1T7IZakIQr5L1RByYiqLkDdTfZSZdemTkHtTwYT8nCon5PBUQiHNL7EUKgHUU6FaQM0VKgrUZWXRgdIt1CUo70LtghIw1DcoE0MNhEoy1EmoNkMthYo01FuoWkNNhso2lG1K/IbCjgBR+9H3TL5nag1JPzvqTPr9ohalv6HX7cLvjJqW3ouWE8/qfmVtTO5p1s/ktmeNTR5N1uHk8WWpjk84q3myCLLiJwslq4KymLJwyPUWpUVZkFl9lEWbFUpZ2FHElLWfdU7ZH1kLlT2U9VLZZ1lTlb3oVVfZrFmXlQ2dtVvZ9FnfFcOQNWCxHVknFvuStWSxQVFuFjOVFWkxZVm1FnOXlW0xiVn9FquZFXKxrFlFF+ublXax0FmNFyOeFXsx9FnVF2eQlX9xGNkdEKeSDQT6newxiGvKPoS4r+xViIvLfoa4wex5iKvMvoi402yd0ONmd0WccnZgxHFnl0ace3ZyJADIbo8ECdEQkjgie0YSa2RfScKR7D1JyBLtKYlqsoMlkU92uSQ4yk6YBFDZLZMgKztqEohl102CtezMSUCX3TsJ+qLBJ3Fh9gAldow2oYSX0UiUCDR7jRKlZj9SItnsWUq0m31NiYiz9ylBc7RHJa7ODqrE3tFklfA8+7AM4bNVyygf3VxmAuj4MltAV5gZBTrHzDrQXWZmQlUGspdsUjPBQRu7ciB0upkmoRvOVAodc6Zb0VNnQoauO5O2bMwzr0Pvnrkf+vvMD8EBYA4JngDzTHAJmIuCb8B8FZwE5rTgLTDvBbeBqTH4D0yfwZFghl08isrCi2qBRL3YGJXLF2Oj0v1idVRJALwPlAyKGVJVhWKPVOUBBJMqThQHpQoYxVOpIkdxWaoQQrpL1kqKEINKCjkzqLZ8IQtXUTbOPyuEMyfhNliFcE9fplVrrbRqT/v9TwjhLGjrPy/+23P+zKVm0glUU/d5hnUpI9T/+j9/efw9/+0//+V/RYH5c0P9ItvYe/tXt2Vnxm/YTIJf//3f//Kf/st/tabQ3//nr881PhfwrxRXia/0sZn/j6/UUl9kFeiP0fGvdO/8IfP7/bd//f69/7GLW5zx4+J9/mF+3737z1zcCoU/v/lnD/+JS1nJxeNMvVQM/tPv+dt55eLTTjo6n4dhZPvPW40r+MvIp+PX//4fkA/aYHHL4vu+Hov9eyHDOIBRODLSoqkj/4DgXf/2h+sYh81eZd/avkFce9rM6kTeKC8lMqygX9e+icSn2bWNu6nIE9+x3gWEV8a78On/9ofvE7s4Noat5X+0TT6ByT94HPv1A3GGVbA+F4on21x6au0XbOeY1dg+nqcQ3/KmmC5kcnPVrvoHC8PYnf/gm8Qw+RWTemK7/v3aZ0xZvr+1H8g68wcyxm/fSH9dlauvme/5gfz+/uE6z89P/0QpP5Dfnt9/IOdvP7/h+fsfkL/9689f8bdb987++7+ymKw7DQplbmRzdHJlYW0NZW5kb2JqDTE2NCAwIG9iag08PC9Db250ZW50cyAxNjUgMCBSIC9NZWRpYUJveCBbMCAwIDk2MCA1NDBdIC9QYXJlbnQgMiAwIFIgL1Jlc291cmNlcyA8PC9FeHRHU3RhdGUgPDwvR1M4IDggMCBSPj4gL0ZvbnQgPDwvRlQxMCAxMCAwIFIgL0ZUMTUgMTUgMCBSPj4gL1hPYmplY3QgPDwvSU05IDkgMCBSPj4+PiAvVHlwZSAvUGFnZT4+DWVuZG9iag0xNjUgMCBvYmoNPDwvRmlsdGVyIC9GbGF0ZURlY29kZSAvTGVuZ3RoIDUzOT4+DQpzdHJlYW0NCnictVRRi9swDH4f5D/o+WCuZVu2BWOQNO2xwT1sC+wHHHcHx7rR28P+/uQkbVOlYxnXYdy4nyV9+mTZ+wrBynhbPhQs3O+qfVUQjgPw8lB9vYHvYlfGy5Nsr26/ZHj6qc0eb6pPlTWW4Ffl4E7mR5nPvZmFz7dHv33v1dOSZ0OucMsixUK/+nDH0P4AiSWBBlpx3ldNV622HVpwDqF7HKj6KP0KnUFMQC4adB66XfUubtf0vnsGRC9G0LUFiYK82XSS6/KQZNDmJSEHWX2VfATCYDLsBB1W38rKo3FBlmV/uh4t+ir2mR0r/pcUadTsliQ4OUYhdBmQTHIQogkBIhXkdJRyMOM8HMAUGzMjSMwXMgtyopwToE8mDcWzecslt2ztmJuNtTsVz6TAMP090eqdI3nI9gK5D844x1I0+Yqynt1iqQM4jgd2i+m8G/6ZKERnghce+ccjD7eh8BSHkScxKsQnUggF7VW3MxvMCmlQ26Rca8TGc4Qc6nzyhrVXu1VIbOg61fJEJiceqlWTVpBnlZhXKzdaAW2czpe99nKtQng9010nHdnGV+o+tOOZ8EvtyFcicpmNjfhnonylvp/yNKHR3cmvFURoZzz/7+7Mb0GT7DkSfL1Vz/3xlTo8/gsKF+Rhiky9IB9mrcuNvnwXRLdrnb6+6JYaLahGjVA9Q4LiGjOcHuQSrYdunIq92I31MXgZvwHqO87PDQplbmRzdHJlYW0NZW5kb2JqDTE2OSAwIG9iag08PC9CaXRzUGVyQ29tcG9uZW50IDggL0NvbG9yU3BhY2UgL0RldmljZUdyYXkgL0ZpbHRlciAvRmxhdGVEZWNvZGUgL0hlaWdodCAyMDAwIC9MZW5ndGggNDc2MjggL01hdHRlIFswIDAgMF0gL1N1YnR5cGUgL0ltYWdlIC9UeXBlIC9YT2JqZWN0IC9XaWR0aCAyMDAwPj4NCnN0cmVhbQ0KeJzs3U1oJV2e53ctcpOLhEvieja5yGvIRdYiQYnJTY5JAhJ8YTAPgjTVXhhxF+VNGoN4QAsbMxVyQ9mLLJDn2ahhwHcQXVD2GKkKz1RZ9OJiXCobTFklezEMj7BgutylcVeXCqv9THeXn+sb9y3ivsSJuBHnnP95+X6gu/JFyifiRsT56Zw45392dgAAAAAAAAAAAAAAAAAAAAAAAAAAAAAAAAAAAAAAAAAAAAAAAAAAAAAAAAAAAAAAAAAAAAAAAAAAAAAAAAAAAAAAAAAAAAAAAAAAAAAAAAAAAAAAAAAAAAAAAAAAAAAAAAAAAAAAAAAAAAAAAAAAAAAAAAAAAAAAAAAAAAAAAAAAAAAAAAAAAAAAAAAAAAAAAAAAAAAAAAAAAAAAAAAAAAAAAAAAAAAAAAAAAAAAAAAAAAAAAAAAAAAAAAAAAAAAAAAAAAAAAAAAAAAAAAAAAAAAAAAAAAAAAAAAAAAAAAAAAAAAAAAAAAAAAAAAAAAAAAAAAAAAAAAAAAAAAAAAAAAAAAAAAAAAAAAAAAAAAAAAAAAAAAAAAAAAAAAAAAAAAAAAAAAAAAAAAAAAAAAAAAAAAAAAAAAAAAAAAAAAAAAAAAAAAAAAAAAAAAAAAAAAAAAAAAAAAAAAAAAAAAAAAAAAAAAAAAAAAAAAAAAAAAAAAAAAAAAAAAAAAAAAAAAAAAAAAAAAAAAAAAAAAAAAAAAAAAAAAAAAAAAAAAAAAAAAAAAAAAAAAAAAAAAAAAAAAAAAAAAAAAAAAAAAAAAAAAAAAAAAAAAAAAAAAAAAAAAAAAAAAAAAAAAAAAAAAAAAAAAAAAAAAAAAAAAAAAAAAAAAAAAAAAAAAAAAAAAAAAAAAAAAAAAAAAAAAAAAAAAAAAAAAAAAAAAAAAAAAAAAAAAAAAAAAAAAAAAAAAAAAAAAAAAAAAAAAAAAAAAAAAAAAAAAAAAAAAAAAAAAAAAAAAAAAAAAAAAAAAAAAAAAAAAAAAAAAAAAAAAAAAAAAAAAAAAAAAAAAAAAAAAAAAAAAAAAAAAAAAAAAAAAAAAAAAAAAAAAAIAI7UkfAAAAaC2VPgAAANBWN5U+AgAA0Fa/L30EAACgrfNE+ggAAEBb9x3pIwAAAC3tjqSPAAAAtHVwL30EAACgrcFQ+ggAAEBbt0PpIwAAAC11RufShwAAAFpKRqn0IQAAgJZS8hwAAO+dk+cAAHjvijwHAMB7oxHbpQIA4Lnd0SiRPgYAANDOHnkOAID3UvIcAADvDchzAAC8NyTPAQDw3j15DgCA90bkOQAAvtslzwEA8F5CngMA4L0+eQ4AgPfScZ73pQ8CAAC0kuV5Kn0QAACglSF5DgCA98hzAAD8R54DAOC/23GeD6QPAgAAtDKO89FQ+iAAAEAr5DkAAP4jzwEA8F+W5yPpgwAAAK2Q5wAA+G+S5x3powAAAC3sTvI8kT4MAADQQkKeAwDgvWmeH0gfBgAAaGGa56n0YQAAgBY6kzwfSB8GAABoY0RBGQAAvDfJ81vpowAAAG2MKCgDAID3pnm+K30YAACghREL0AEA8N6IBWsAAHjvfpLnx9KHAQAAWhiyYA0AAM91rv75JM/vpQ8EAAA01bkazXSlDwUAADSTxzkT3AEA8NVgEedMcAcAwFOFOB+dSx8MAABoohjnVHAHAMBLS3E+GnWkjwcAAGxtJc63nhD3NPNi7ln2u8cmjhMAAJQ6XonzmhPinjx9/uLVmze9Mu/evHnx4ulTs8cOAAAm+qtxXjkh7umzF2/eleb4qvdvXj4n1QEAMKoQ5/3bUVWFuKcvXr+tneRLvfXXhDoAAKYU43xWwL1kC/THz142i/Lcm5efPbJ9ggAAhG8pzhcT4/qrX/bo2av6A+wVmf7iif3TBAAgZIU4Pxj/Np39erD0RU9b98tXvH/1jG46AAC6JHmcD7Lfz+P9dvEVjz579V5vmM+8JtIBANBi9345zvN8705+++jZayNZTqQDAKDNWpzvdAqD74bDfOrVZ6KfAAAA3luP852d+R+dmxpmX/PuJaXkAABobFOcLxasPdgJ86k3dNIBAGimEOfD/E8Xldw/2gz03rsXvEkHAGB7ndtFnF8VtlObL1gbnVrN87FXDLsDALClztXGOH/6H87/9MZ2nvd6r6kHCwDANjbH+bN3vQ+LP9+3H+i9NyQ6AAC1bYrzRy8mE9of5n/xSSDPSXQAAGrbEOeP58vTrud/cymS5yQ6AAA15XF+3538weNXizg9XfzdB6FAJ9EBAKhhkMf5ZF/UQpr3ekeLv5QZcJ94zVx3AADUVuJ8Kc17vf3F30oNuE+8ZD06AAAKy3G+kua9woQ4uQH3zPvn0h8UAADuWorzRy/Xg/TShQH3zDteowMAsFkxzmcr1FbkE+JEB9wzvEYHAGCTRTnX0aj/bPMGaof5l4gOuGfev5D+wAAAcE8/z+r/6G1ZiOZfIzzgnnnLoDsAAMsKcX5UHqE3iy+6tpfb5ZjpDgBAUb9ez/ss/zKJGu5r3rE7OgAACzXjvFBRxv6mqZu9posOAMBUIc5PlOmZb7E2urMU2FXe00UHACCzm6f0RUV65i/QR4dW4roG3qIDADCO8/vacV58gV75tdZQXQYAgG3ivLgCXX4Jeo616ACAyG0V58UV6BWv2u16S7k4AEDMtozzQgl3Z2bETTAtDgAQsUKc39TKzZNCB11ReEbAS+nPEgAAIZ2rPM7rvQ7fL+S5EzXicoy5AwDitH2c93p3hUB3okZcjjF3AECMmsR5ccWaQ0vWZhhzBwBEp1GcL61Ye3BoydrUG2rLAADi0izOe72HQqA7UsS94N0T6c8VAACb8jh/+LhNYl4UO+imYrm598+kP1gAAOwZNIzz4h5rFbuxCeElOgAgGn/aNM6XB9ydqikzx0t0AEAk/pvmcb404O5kB52V6ACAKDz6cYs4Xx5wd7KD3nvPrDgAQPCe/LM8j7eP8+UBdzc76L0es+IAAIF79o9bpvHSgLubHXS2UAUAhO3Rq09tO9dLA+6udtB7r6Q/aQAAjHnytnWcrwy4u9pBZ5o7ACBYn73XEOdLNdzd7aD33hLoAIAgvezpiPPex6U8d7aD3nvLNHcAQHgevSnGeZva6zd+dNBZtwYACM+Td72P+ZvvVnudnizluXvbrC0Q6ACAwDx7ry3Oex+W8tzBbdZyLEQHAITkZU9fnK8sQXe5g06gAwAC8ui11jjvHS530Fv/eyYR6ACAQDx5qzfOe7275UBvUjbWGgIdABCEp+97vf08zm80ZOTyjLjRtYZ/0hxqvwIAAvBsHGkf8iVmNzredq/MiBsdafg3zaH2KwDAey97+uN8dUacw0VlJgh0AIDfHr3qmYjzlRpxbq9Z6xHoAAC/PXrbMxLnvd71cp4/7Ov6h80g0AEA/npiLM6LpWMnLrX9y2YQ6AAAXz15nyVZ3pN+0LmubGXJ2uhQ479tAoEOAPDTZ5M4vzAT56tL1lyfEkegAwD89GySYqbivPfhYSXQHZ8SR6ADAHz0fJJhxuK81ztdyfOR41PiKCwDAPDPq0mCGYzz9Q6621XiMpR+BQD4ZTXOTUxXW6kpMxqd6P9vaEagAwB8Mo3zwpS1TwbCcX81z53eOHWKQAcAeGNSRWZpibiJON/QQXd9EXqPQAcAeMNWnK930B3fl2XiqfTlAQCgDmtxvqGD7sGI+/sn0hcIAIBqFuN8QwfdgxF3Ah0A4L71OD8zmI1rHXQfRtzfP5a+SAAAqD2exvnHfG34hcloXO+gu77RWubtI+nLBACAynQHFmtx3uudrQW6+1VlCHQAgNusx/l6kTgfqsr0eq+lrxQAAKXsx/mGKu6jkfbKsgawNwsAwFUScb6pg37j/qK1Xu+l9NUCAGCjR+8mQbX/YDdYP63ludEZ9dpQKA4A4KLZQrUPN7b7yXfrge7BorVe7zPpKwYAwBqxOO8drue5D4vWqCsDAHCPXJz3etfrge7DojXqygAAXCMZ5xuKyoxGp9b+6y2wDB0A4JT1OL+zOcd8vaiMJ6/Q30hfOAAACt5M4+kyf4FtdQ34hjVrfrxCZxk6AMAhr6bhdCEU5xvXrI1u7B5CQ8+lrx0AADPicb5xSpyNYjYasGoNAOAGB+K893FDnhvcd10jVq0BAJzwbJpLonG+sYy7H4Xce++Y5A4AkLcW56NDiVT8sKFKnCdz4t5KX0IAAD6bZlJhQprQKPeGKnGe7MzCJHcAgLTZlmrycV5cLFcMdKmj2QqT3AEAohyK842L0JnkDgBApVlZOCfivNc72pTnfuydyiR3AIAct+K8ZMTdj1VrVHIHAIh5PYmiQrdYuC+8ecTdj0rur6UvJgAgVtM6Mh/zEBV/V715xF1kPfzWXkpfTgBAnKYLz12K87IR9wcvVq09k76gAIAYTReeuxXnZSPuXixDZ04cAMC+6Uo1x+K8pKrMaHQtfVx1UPgVAGDbIzfjvKSOuzuHp8ScOACAXdOVaoXRbXdGtDftnDp2Kn1cdbyQvq4AgLhMprZ/uHEwzsteofuxDJ06cQAAi15k2eNmnJe+QpfZ9m1L7x9LX1oAQDwmK9VcjfPSV+heLEOnThwAwJbJ1HZ347z0FboXy9DZOxUAYMejlTh3LybLXqE794PHJpSVAQBYMZnanhdic3EYu+wV+qX0gdVBWRkAgAWTqe0XTsd56St0L5ahU1YGAGDeZC6c63Fe+gp9dCJ9YDVQVgYAYNqTLHDcj/PSV+heLEN/Ln2VAQCBm8yF8yDOy1+hj9w95Byv0AEARmVz4c7ybDySDj6FslfoDv8MsvCeV+gAAINejrPmky9j12Wv0O88WLX2RvpKAwACls2F8ybOy1+h+7AMnZ1ZAACmZHXh/IlzxSt0H5ahP5W+2gCAQGV7pPoU5+Wv0H1Yhs4qdACAGa99i/PyV+g+LENnFToAwITnSwPYHvRwe4pX6E7PzJ9hFToAQL8nvd7HB8/iXPEK3YdVa6xCBwDo9uidj3GueIXuwSR3XqEDAHR77WecK16hezDJnVfoAAC9nvsa54pX6KfSh1aNvdABADo9Kca5Bx3botJX6KND6UOr9J5X6AAAfR69+3Dn04vnZaWv0B/cP5O30pceABCQ1x9u/I1zxSv0a+kjq/ZS+toDAILx3O849/sV+mfSVx8AEIgnnse556/QWbQGANDh0b/je5z7/QqdrVMBADq8ufEp/Ur4/Aqduq8AgPY+u8jj3IMaqSXKX6F7sDMLi9YAAG09/h9CiHPVK3T3z+otr9ABAC3992HEea93VpbnN9JHVo1FawCAdv5JKHHeK1TEWXEmfWjVWLQGAGjjT4OJcxatAQCi9Q/zzDuSjrT2Shet3bk/bZ+d1gAAjfXzyPskHWg63JQFugcj7ixaAwA0FFqc9z76POLOojUAQCPBxblijrsHI+7stAYAaCLAOPd7jvsL6TsCAOChQpx7UEGtLp/nuFMmDgCwtSRPugvpHNPJ56oy71i0BgDYzu59mHHu91bolIkDAGwl2Djv9Y5KR9z3pQ+tGmXiAABbCDjO/d45lTJxAID6go7z3n7piLsH0/gpEwcAqKsQ5x50WbdXWvb1wf1F6Iy4AwBq6lwtAu7Gg4BrwOdF6O8fS98fUfr3Dw5+OBze3t7+8mc/+2/TVcOZwfjXe0lH+mABYCL8OFcsQvdgD7k30jdIXDpJ+sM/L71fSgwHB7vSBw4gehHEea93WdYQ+/B+gY1ZbOnsHV+V3SmV7s8PutInACBmUcR5b7+0FfZgShwj7lZ0D4aNs3zu9phuOgAhccS551PiGHE3rtNvH+azSKeXDkBEHucPHlRXac7rKnFszGJYd3Bfdns0MUikTwhAfAZ5nHswM6yNT6Wtrw8/x7Axi0GJrq557qovfVIAIhNPnPd6N2Vtrw9T4tgK3RgDaZ657UufGICYxBTnfm+cyoi7IYbSfJLoe9InByAaUcW5ooy7BxunMuJuRNdcmmeGifQJAohDZHHu95o1Rtz16xwbTfPMgNJxAMxL/cozDS7KWt07D9asMeKu296t8Tgfje770qcJIHj96OJc0UH3Yc0aI+5adc4tpHlm2JU+VQBhizDOe72zsjbXh6Iyvbdsha7PntYF50r3B9InCyBkUca550Vlei+l75pgdAZlN4IR57xFB2BKnHGuqPrqRVGZ3lPp+yYQuzbenBfdJ9KnDCBQhTg/kc4oq8o76BfSh1bHO0bcdeiX3QQGpdInDSBIu57FmEaed9AZcW/P8lj7HGPuAPTbzacCxRbnvnfQGXFvrdN8g/N2rthJFYBmMce59x10Rtxb2rU3r30VL9EB6FVo0P6ZdDoJ8L2Dzoh7K325OB/rS58+gJAU4vy/k84mEZ530Blxb0NiJlzRsfQHACAchTj/H99LR5OID6WNrR8ddEbcmzNfr73KQPojABCKwmSgq3fSySSktIq7Jx10RtybkpnYvowNWgBoUYzzf1M6l6SUV3H3o4POiHtDLsT5+MEj0AG0V4zzfyPW7rn/HXRG3BtxI84JdAAaFOO880I6leR8LG1qPemgM+LegCtxTqADaG0pzh9LZ5Kk69Km1o8OOiPu23Mnzgl0AG3lcX6/u/NGOpIkHZa2tGfSh1YPI+7bcinOCXQA7eQt2jjOP5NOJFl3ZQ2tF/ug9xhx35ZbcT4OdOkPBIDHluL8UbyT4SY+lTa0XuyDPvZE+n7yivy681UD6Y8EgLeW4nwn4slwU6VFXx+kj6ymt9I3lE+kq8JtMpD+UAB4ajnOH8dZGa6gvOjrJ+lDq+mF9C3lDxfjnNKvAJopvD7MNm18LR1G4sprytxJH1pdjLjXtGshnJvoS38wADx0sNyIPJWOIgeU15Q5kj60mhhxr0dwg9QKe9IfDQDvFMYb+9nvI58MN1G+ZO1a+tDqYsS9jkLVBddkr74AYAurcR79ZLiJ0iVro4/Sh1YXI+41DC0Ec1P3LEMHsI3VOH8U/WS4ifIla54UfWXEvQ7XFp4vo64MgC2sxvnOK+kYcsOH0iVrI09qyjDiXs3Nqe25gfQHBMAfhQYtnfzBE+kQckX5jDhfasow4l7F1antuQPpjwiALwqTewfTP4m6cHtR+S5r3ixZY8RdrePs1PZcIv0hAfDDepw/k44gd9yUtrG+LFljxF3N5blwc/dd6U8JgA/W4zz2wu1FJ6VtrDdL1hhxV0lt5HFrbM0CoNp6nLNWreBDeRvryTboY28kbzC3JRbCWAcKvwKosiHOKdxeVD4jzpNt0DPPJW8xl/nw8nyKOnEA1Lp5e7YY0mOtWtFRaQvryy5rY+8fS95kDvPh5fkUr9ABKBXqXC6qVlC4fVl5jThfdlnrMeJe4qD02rqHV+gAFDbFOWvVVpyVtrAezYhjxH0T91eeF6XSHxcAd22Mc9aqrSjfNdWjGXGMuG/g8C4sGyXSHxgAV22Mc9aqrSlfgu7RjDhG3Ncd2whhjW4p5A7U1kkO0jTd60ofhx0b45y1auvKl6D7UyOux4j7Gl+WquXOpT8ywBPd40W+3aZd6aOxIJ/aW9himX3V1ikG3P2pEceI+6rOrdHsNYJFa0AN/ZVXaan0ARmX7xFZiHPWqm1yWdq+Xkof2jYYcV/i22h7hr3QgUr99R/Vr7rSB2XW5jh/LJ05TirfBd2fXVMzjLgX+DfanmHEHVDbkOaj5ZgLz+Y4Z63aRoqaryfSx7YNRtxzPo62ZxhxBxR2y0pEhVyQqSTOKSWzWfmA+430oW3ltdgN5xwfR9szjLgD5RTbK10F++jkcT5aGoV4Kx04jlIMuHu0BH3sM6k7zjV+VZIpYsQdKLGrrCgR6p5GhSqX/eKfU0qmhGLA3acl6L3e+0dCt5xrPKskU5RIf3aAm6rKN4f5Cr2fn2C/+OeUkilVPuDu1RJ0Rtxn/Nj0fDOqygAbdCo3VxqOe/AHg+HEIN0LI97L4pxSMuUUA+4fpY9tO4y47yztKuihUIcNgRb2ajzU6fIs2Pvzg670YbdVGueUkimnGHC/kD627TDiPnbeMEkdEUa/AtCn03SCq+fF40rjnFIyKuUD7h7tgj7BiLunS89zQ+kPEHBL0mb56bAvffiNFeI8Xf4bSsmoKAbcfar5mmHE3dOl57kD6U8QcEjjzvncbernpJTd/B3DYOWvXkvnjNPCGXBnxN3nyXBTLEJH5Lr5Lzuphukw9z4muiLOKSWjFs6Ae++VxK3nDr8nw00NpD9EQFRy258G8O6xpuf53rtRL0WcU+m1Qvmmqd4NuPeeCtx77hiUX0l/MCUOcbsdja6Gw6HOH86vEumT2ooqzj+TzhjXKTZN9W3Avfcu5hF33yfDTQ2lP0ZAVL/6IdnewKNBd1Wc71BKpspN6U3g3YB776X9u88ZlUUn/NCX/hwBUUZKPN57s99RJ4/z9cL0VHqtdFZ+E3g34B7xiLuRH+sFUCUOcTO0BcOwK31itXTyH2fW45xKr9U+lt8C3g24Rzzi7v1atblU+pMERJn60XzQlT6zaso4p9JrHQ+lN4BnNdwzsY64+79WbS7k7ZyBGoyNtQ1cn26qjnMqvdZxUX79PavhnolzxL0TwFq1uYH0hwnI6ht7nK/6Lr/PUsc53fNajsqvvl+bpk7EOeIeTvd8xJo1xCrbJO1qsl7N4ON17mykF+J80zQaKr3WoigR5+GAe++F/ftQXNfg42/fUPrjBOzrptbmwFwd73WlT3eDfDup+00/07MRSz3X5Rd+X/rYGnhi/T4UF0QpmVwi/XkClrUu1b6t+2F6kDg1FJa3YhvjnO55TYoScSfSx9bAW+s3orSwuufj7oP0BwrYVWeTczNuh1PH0h9BRZxT6bUuxYq1a+ljayK6EffAuucUlUFkHHiCh858BJvjnI1YaitfsTb6IH1sTUQ24h5GpdeiW+mPFLCn40JtR+FdW6rinO55fYoVa5+kj62JyEbcXWgNNOtLf6aALR0jFV631RX9DAoDFMnGL6B7Xt+n8qvsX4m4TFQj7uF1z+mgIyLn1c+DeanoR1CooNPf/BVvpTPFI4o91vzbk2UiphH3ALvn4qN/gC22J7ZvNBT9CKrjnI1YtlG+x5qPJeLG3li9HUWF2D0fje5drXkBaLUn/ahlNlVjs6c6ztkndSuKPdZOpY+tmec270dRQXbPpcf/ADu6LlRqPnc9zumeb0VR8tXLFWu93vvHNu9IQWF2z+mgIw4u/Diein4CNeKc7vl2FCVf/VyxFs+IuxOTaUxIpT9ZwDgHRttvE1c+gdKSNmzEsiXFC/Qj6WNrKI4R99BKw+XooCN4HWsl20sfs1T2E9jN3zcMyr6GfVK3dVp+wT3cY20ijhF3BwpLmcIUd4ROfl/EYV/0A6gT53TPt3ZYfsF93GNtIoYR93C756xBR/CcmAx325f7AGrFOd3z7Smut497rE08s3dfSgm4e06ROITOkcf3SmqbtVpxTve8AcWeqV6WfM28f2TtxhTSsfCwy7mV/ngBk9wZXeuLnH+9OH9M93x7ihfofpZ8zby2dmcKkX/9ZlRf+vMFDHKke54ZCJx+J49zVT2bV9Ix4iPFCnRvX6D3ep/ZuzkldFx4/WbQrfQHDJizK/18FQ2sn35hGxpVnD+WDhEvqVage/sCPfQR9wPzj7msRPoTBoxxoZRMbmD57GvGOd3zZhQr0L19gR76iLv44lXThtKfMGCKa5UdU6tnXzfO6Z43oyjh7u8L9LBH3PvllywUifRnDBjiVvd8ZPdhqxvndM8bCvMFeu9dwCPuzjUI+g2kP2PADPd+GrdYkbEQ57fK/+oT6QDxlWIPdI9foPd6L23dota5Nl5nRFf6UwZMcHEu67m1s893nbhXr31/I50f3rorv84ev0Dv9Z5aukWtc2i1izkD6U8ZMMHJp3fP+slXxPlT6fTw10X5Zfb5BXqwI+7uFKMwiV1ZECL3Rtszt3ZOvnac0z1v7qT8Mt9IH1srgY64B15LZi6V/pwB7XYdHG3PWNkDqX6c0z1vTrEli697oM+EOeLuaIug26305wzo5mqcWxkOqx/ndM/bUFxmX/dAn3pn/h61z80BOwP60p80oNeeq3Fu42k7zv9jVa/r6Z63odiSxdc90GdeGL9J7bsqv1phGUp/0oBOXZfXmd6aPvtCP6Rf9bV0z9tQVJS5lj62lp6Yvkutc6r2s1lSmzkCRuydV9/0YgxPcd8mzumet/JJcZWlj62lt2ZvUgFOLncxYyD9WQN6dVNnSzWbXYO+TZzvvJWODb+pKsocSh9cS6GNuIe98fkKlqwhOH1X36GbfNq2ivNn0qHhu4fyi3wifWxtBTbiHvzOakWp9KcN6NUduBrnJmfEbRXnO++kM8N3iglxl9LH1lZgI+7ODteZcCv9aQNapc6muckB90KB6kH1V9M9b+u0/CL7vCXL1HNjt6mAKEq352yVoQQs2HV7bYqx085/iBnU+HK6520ptljzekuWifePTd2nAiKaDZcZSn/egDbOvjmfMfTT85ZxTve8NdWEOL8rymTemLlNJUQ1Gy7Tlf7EAU2cLwR1bOS0t4xzuucaKC7yqfSxtRfOiHtUs+EyZpoYwDrn49zMaNi2cU73XAPFhDjfK8r0Qhpxj2o2XOZe+hMHtPChDpSJ087jvN58O7rnGigqxPleUSYTyoh7ZLPhMn3pzxzQoOPDj+KJydO+qrW+ne65DqoKcR+lD06Dz7TfqCIimw2XGUp/5oAGx9W3ury+7rPu5BP668U53XMtVFumfpI+OA3eP9J9p0roOD4/1oiu9KcOtNaVfoxqSTWf9fZx/lw6KQKhuMieb7E29VrznSrC/Rk1BjAjDv7zY2RtqPekt4/zR++lgyIQN+UXOYAJcb0wRtxd3m7RmFvpTx1oy5N1pkO9J711nO+8kI6JUFwqrrL0sWkRwIi7H2N22lEjDr7zZWRN5zkX4vy+ZpzTPddFUfE1iAlxvd4rnfeqiNT88+wis/s4Aua5vO95kc5zzl8x3O/W/Ba657qoKr6GMCFu7KnOm1WCDyteTGDXVHjOl4msGk+5QZzTPdfmo+IiBzEhrtd75/mIuw8FKYw4kP7kgVa8eVOm75QbxDndc40UFzmMCXG93kt9d6sEP6bIGnAl/ckDrXhTB0rbGTeJc7rnGikmuIcxIa7n+4i7L2N2+tVuEQAX7Uk/QXXpOuEmcU73XCfVBPcwJsT1eu903a4SvGkT9GMJOrzmzUxWTedbKIZXf3UK3XOdVBPc/d8ydeaFpvtVgi9TZA1gUxZ4LbI8L6zO69f/LrrnOqkmuAewZerMEz03rABPKlKYwRJ0+CyuPG8W53TPtVJVcA9lQlyv91bLDSvBl4oURgykP32gBV8e3qHmk+1v8W10z/VSXOY76WPTx9sR94iH20csQYfXfJnfPtBwrg3jnO65ZneK6/xB+uD08XTEPerhdnZBh9d8yfO0/ak2jHO657pdK67zofTB6fOm/S0r4cD4s+y0ofTnD7Qg/fzUlLY+0ULRq8E230f3XLczxXU+kT44jZ63vmclXCmuTgy60hcAaM6TUs1p2/PczYtkDLb6xpfSsRAc1YK1C+mD0+j947Y3rQBvCkaaQs1XeMyTnY6HLU+zcZw/lk6F8MQxwb3n54h75MPt1HyF1zxZsHbb7iwbx/nOK+lQCI9qR5ZgKr5OeDjiHvtwOwPu8JkvxR1bVVZuHud0zw1QXed96YPT6b13G61FP9zOgDt85ssD3KayciHOh1t+K91zA1QL1gKa4D72usVdKyL64XYG3OE1TzZTalFZuZOPIV5tWS6C7rkJqgVr4VR8nfis+W0rguF2NlmDz3wpB9V4GKxFnNM9N0K1YC2kCe4970bcfRmtM4pN1uAvX0bY7htWYmwT53TPjVAtWAtqgnvPtxF3XxoDo26lrwLQ2G71De6GZj82t4lzuudmqHZYe5A+ON2eNrpthfgyWGcWA+7wlycv0JvtZdgqzumem6FagB5SBfeJdx6NuEdeu32OAXf4y5ufye8b/Nycx/l9d+tvpntuiOoqhzXBfezl9netFF92WzTsVvo6AI35887sduse9mDxvQ1+GKB7borqIodUwX3KnxF3b360N4wBd3jLmxfo2w+Zt4pzuufGRLRgrefTiLv5J9gPlJSBvzzZkiWzXaC3i3O658ao8jy0Ce5jL7a/+UT4UivSOErKwF+D6hvcGdsEc7s4p3tujmrB2o30wRnwpMHtJ8CnhsCsrvSlAJry4Mfyq3RsMMzUjuaWcU733BxVnoe1I8vU2wb3nwBvVroYx4A7vOXBKpXh9mdV2Diu3+RTeS0dAgFTLUAffZQ+OgO8GHH3aCKNaQy4w1/u74E+3PqcCktv+k0+k6fSERAy5QL04BasZR43uQctOzb9FHukK30xgKbcX7E23PaU2sb5zhvpBAjZB9W1Dm/B2tibRjehXezFkutLXwygKfd3YRhueUat45zuuVGqax3egrXM80a3oU3utwIWnUtfDaAx51esDbc7n9ZxTvfcLNUO6AEuWBt77/yIu/ujdDY13P0JkOf8m7PhVqdTiPOGE1XpnpulWoAe4oK1ngcj7hSHK2qyWQTgBOdntg4bns2g4QdC99ysS9XFlj44Q541vBct8WCVi00D6esBNOb6ytNt1o/s5iczaPhx0D03TLkAPbQd1mbeu1321YMqFDbdS18PoDHnK0PVPxUNcU733DRlnge5YG3sddPb0QrnmwDL2JMF3nL+h/PaZ6Ijzumem6ZcgP5J+uhM+azpDWmD83NiLWMTdPjL9QH3uuehI87pnhunzPMwF6z13B5xd34KjW2UiIO/XB9tq3kahTgfNv4s6J4bt6+61hfSR2fMy8b3pHGsVlvVlb4kQFOuD7jXe5vVyUtcbbtVegHdc/NU1zrMBegTTxvflKa5X/PZNvZkgb8cH3BP6pyDnjine26B6loHugA9887ZEXfjT7B3KBEHfzk+4F6nvIOeOKd7boOqoEyoC9Azro64uz4+J0H6mgCNOf5Ap9VnoCnOn0k3+VFQ5nmgC9AnnjS/M01yvkKkAErEwV9uD7hXD35pivOdd9ItfhQuVBc71AXombctbk2DWK22jhVr8JfbA+7Vq0fyCT333RYfA91zK6IsKDPxosXNaQx7q21wK31VgMYcH3CvOvz8x5H7VpWd6J5boczzYBegT7g44t5XXY5odaUvC9CY2wPuifrgdcU53XM74iwoM+HiRmtuD85JYcUa/OX2lJi+8th1xTndc0uUeX4pfXRmPW91hxrh9s/yUlixBn+5XfFROTlFW5zTPbfko+paB1xQJvP+cat71AC3H3050tcFaM7pOa5DxYFri3O659aorvWd9MEZ5tyIO8VeN0ukLwzQmNsD7uXHXWiN+u0+Abrn1iivtfTBmfas3W2q3bnhZ9dXrFiDv9wedSvteRfm5vZbfgJ0z625U11r6YMzzbWN1nh9vhl7rMFjV9V3uJx+yUFrjHO65/YoC8QFvQA987rlnapXYvrZ9VabwlSALKdfo5WMfWmMc7rnFsWd573P2t6rOqWmn11v9aUvDdCY01WihhsPWWec0z23SFnw9ZP00Rnn1Ig7e6WWGUhfGqA5p+fFbDrgQpynbU/+Ed1ziyIuEDfh0kZrpp9cf91KXxqgOafLPm6YELebT+QZtD75F9JNfFRiz/Pe09Y3rC68Pi/Xlb44QGMdlye69tcOV2ucP3ov3cJH5ZPqUgdeIG7inTMj7rw+L9eXvjhAcy7XcV6bEKc1zume26Us+Bp4gbgpZ0bceX1ejpKv8JjLQ2/DlWPVG+d0z+0iz53ZaM34k+uxe+mLA7Tgcs3X5SPVG+d0zy1TFnB/kD46K95quG01cPlneHktC0gDklx+l7b0aHXzONdRxYnuuW3KSy19cHa80HDjtufyIy+PPVPhMZeXoPcLx9nJa9ld6SjiRPfcNuWllj44S5wYcef1uQov0OEzh5/uwoQ43XFO99w65aX+KH10djix0ZrLa1rk8QIdPnN4CfpwcZC645zuuX2RF3ydeq7j5m3H7V2Y5PECHR7r/LX0A1RucYy645zuuX3k+dj7xzpu31ac3rTBAbxAh89+KP0AlZv9qKw9zumeC1DmefgF3GfkR9ydrvHsAF6gw2cOL1/pT48wf8V/r2cwjO65gDPVlY6h4OuU+EZrLq9QdQEv0OG1/0f6CSo1nRCX17DTFOd0zyVEX8B9SnqjNZcXtLiBF+jwmbsD7sPs8PTHOd1zCco8P5M+Onte67mJm3J4/qsjeIEObyXHw99LP0DldkzE+c4r6SY9SieqCx1Hwdcp2RH3Y+MPre94gQ5PdRyfHLNrIs4fSzfocaKA+4zsRmtXqsuAEXugw1cd1x/uvcL+b9pea9E9F0Gez0lutNYx/cgGoCt4fYDGnK/k/LP8l31dJ033XIYyz+PYkGXuqa57eXsOr2ZxRl/u8gDNeVT5sa/tpOmey1BusBZLAfepd9pu5q05/yO8AwZylwdozKOf1fvaTpruuRTlBZY+OLvkNlpzeLsGZ+jYvxGwzZ+f1fv6TpruuRTlFf4gfXR2iW205tGQnBw9RSgBq7zJ876+c6Z7LkZ5iWMp4D7zVt8dvRU2Y6ljT+jqAC34kuepxnOmey7mQXWNI8tzqRF3qsnUkcpcHKANT/J8oPGU6Z7LYYO1AqGN1qgmU8dQ5NoArfiR5wOdp0z3XI4yz4+kj842mY3WXC844QiRawO04sXg20DnGdM9F6TM83g2ZJl7rvPGrsvWU+u5ROLaAK34sF7th1rPmO65IPJ8icRGaz488S5gSxZ4SPqxqSHReb50zyVdqK5zfHkusdHaga3H1nNsyQIPefA2ra/zfN9IN+FRY8PUFfY3WhuoLgEWbq1fGaA1D2a7phpP96l0Ax43ZZ5HtSHLjP0Rdw9+gHdD1/aVAVrz4HXaQOPp0j0XRZ6vsr3RGpur1UVFGXjI/eqPQ30nS/dcFnm+xvJGax78/O6I1O6FAXRw/32axr0R6J7L+qS6znHm+Tu7I+5+FJxwwdDqdQG08KCcs7ZzpXsujA3Q19kt+3pu66H1n9XrAuhxK/3cVNJ2qnTPhSnzPLINUxesbrTm/tPujF2b1wXQw/0FqboeLLrn0sjzDWxutMZ0uPr6Fq8LoEnH+RlxiaYzpXsujTzfxOKIO9Ph6ju2d1kAbZxfgp7oOU+65+LI843sbbTGdLj6NM7DBazpSj84VRI950n3XNy+8jrHtmHqgr2N1txfzeIQa1cF0Mj1h1xPZQe65w5QXudo89zeRmtUh9tCYuuqABq53kFPtZwl3XMHKK9zvHn+3taIu6UnNgxssQYvOd5BT3WcI91zFyivc7x5bmujNabDbWNg56IAejk+xT3VcY5vpZts9MjzUnY2WnN/bapLmBAHP7k97TXVcIbPpBtsZJTX+UT66ATZ2WjN+aUsbrFxSQD9nC4b1ddwgu+kG2xklNf5VProJL3ScJNXGlp6YgOR2LgmgHZOv1hL2p8f3XM33Kiuc9R5bmWjNVtPbCCYEAdPubxPQ9L+9Oieu+FadZ3jznMLG625vpDFNQPjVwQwwuUpcUnrs6N77gjyvNzL9k9xhT1bT2wgmBAHXzn8rHdbnxzdc0eQ5wrGN1pze9qrg0xfEMAUdxehtz41uueuUOb5tfTRCTO+0ZrLL9WcxJap8FXH1VqQ961Pje65K8hzFdMbrTm9isVFfcMXBDBm19FX6MO2J0b33BnkuZLhsq+2nthgsGUq/OXoK/TWDxXdc2eQ50pmN1pzelGqk4ZGrwdgVF/6+dmo7SpQuufuOFNdaPLc7EZrbj7eLmv/qg+Q4+QT33ZSCt1zd5yqLjR5bnajNaq9bq1r8HIApvUdfIfe8pTonjtEmec30kfnAJMbrVHtdWt7Bi8HYNyuc7Pch+1O6NF76SYaOWWej6SPzgUGN1pz8Gd116XmrgZgg2tFJ1q+Pn8h3UCjgDyvYm6jtY6lBzYk56YuBmDJt38i/RQtaff6nO65U8jzSsY2WmN6+/ZuTV0MwJpv/+PfjO/lh99IP02Z23anQvfcKeR5NVMbrR1YemKDYuhaAFa9+Pzv73wh/TBl2q0+p3vuFvK8mqmN1pje3kBi5loA1n3rQfppGrUdbqd77hbyvAZDG60xvb2BvplrAdj3pfTT1HbLQrrnjiHP6zCz0RrT2xug4iuC8W3pp6ntz8d0zx2jzvOP0ofnCDMbrVl6YsMyNHIpAAniM93vO20On+65a46UV/tQ+vBcYWKjNaa3N0HFV4RDvIOetjp8uueuOVRebfJ8xkTZVydrObuvVYcCcIp0B73b5uDpnjuHPK/HwEZrrtWJ8kSi/0oAQoQ76INWB0/33DnkeU36N1pjensjbXd3BBwi2kHn7XloyPOa9Jd9dW5jBj8wwR0BEe2gp60One65e8jzurRvtGbpmQ3NUPd1AAQJdtDbdc8f0z13D3lem+aN1nYtPbShYYI7QvIffyP2KPVbHfgr6QYZ68jz2jSPuLNcrSEmuCMYya3cgzRsdeSPpdtjbKDO80/Sh+cUvWVfmd7eUKL1MgBiuqJzYrutjp3uuYvUeX4qfXhu0brR2sDSUxscJrgjCB3ZH+nTVgdP99xJ5PkWtG60xnK1hlKNFwEQ0kll92+4bffeiu65k8jzbegs+8puLA0NNV4EQEQiPjyXtDp+uuduIs+3onGjNUuPbXhu9V0DQEA3FZwFN3Pe7hTonruJPN+Kvo3WmN7emLZrAFjXPXChkNR9t9VJ0D13FHm+HW1lX/csPbgBSnRdA8Cu5Fi+Zz7RclIp3XNHkefb0bbRGsvVGtvTdAkAi7r9c2fmzFy1OxW6564iz7eka6M18fkw/ko1XQLAks7esQuj7AtJu9Ohe+6qD8rLTp6ve6blAWe5WnMtp/IAViWpU1k+artNKt1zhymvO3m+TlPZV2eG3vwz1HIBAOM6e6mDP7i324eF7rnLlBeePN9Az0Zrlh7dIGm5AIBRXcfG2HP9dif2RLoFRjnlhb+WPjon6dhojd3VWmBHFrht9+DckYnsGwxbntwb6QYY5ZRXnjzfREfZV5aft5C0//wBM7pODrEX7bY7wafS7S8UlFeePN9Iw0ZrLFdrod/+8wf0S1zuls+lLU+S7rnLlJeePN+s/UZr5HkLbVskQLfd/sDRt+UrWu7DQvfcbcprT55v1r7sq+NDcm4btv74AW26/WOPHuek5dnSPXea8tqT5yVab7Tmx8/yjmpZ3QrQJHtZ7tfK07bFG+ieu0158cnzMm03WrP09Aaq5YcPtOZflGfaLj2ne+445dUnz8u0LPvasfT4BooFaxDkZ5RPtN37gO6545RXnzwv1W6jNZartZK0bJWAZna9ele+Ztj2/OmeO055+cnzUu02WmO31Fb6bZslYFuJ31GeabnrOd1z9ymvP3lerlXZV5artZK2bJaAbSQHnixGq9By13O65+5TXn/yXKFN2ddjSw9woNhhDXZ0ktSDEjE1Ddt+GnTPnae8AchzhTYbrfk+cCesdcMEVPF41ttmree20z13n/IOIM9VXjV/MIIYvZNz37ZhAhQ8n/VW4n9J072kTfF2uufuU94B5LlS87Kvlp7gYLVolIBynVBelStcDc+bJfs76QYXlZRX/kb66NzWfKM1S09usJKmHzxQohvSq/J6robDNO0nSb0P6Jl0e4tq6gsufXSOa1r2leXnLdVsgYA6dkN7Vb612xrJTvfcA+rLLH10rmtY9pU8bylt9rkDKwJYVV7LXpLspen5sPJlwjjZj9ODJFmbPEf33Afqiyt9dK5ruNEay89bSlu24kAwq8rrKK48362Z7PfLyU733AfqSyp9dM5rNuJOnrc0bN2YI2JBrSqvY7D5c9hNkjQdDKsHKIbDwQ9ODw/3pZtbVFFfR+mjc16zsq/nmh7TaA2bt+WIWoSz3kaj33arP5aayX59fXFKsrtLffWkj859jTZai+KNnVFNPnXELbgCMVsYdOt+Sp0kOUiPh9Wf1M315enp0eFH6RYYReprJn10HnjWoGWJroOgXYMPHfGKOcpnrtL1KW5qJLuH1FdK+ug80KTsq65nNF7J9h86otRJoo/yhfvhIJvgtnlZ2m6ybl5zJvn3Pp2eXl/fVf0H7q6vT08/HR5KN8rxUl8f6aPzwfYbrXV0PZ/x2tgiAUXRTXsz5X74v2VBnSX1Pzgk2V2mvioPF0x8qLT1RmssP28tNdD8IyC7ES1Gs+vh+vL05HC/9/Hw6PT08vqm+uuvz8bfcPhBup2OQuXlO+M6VNi67Ct53lpqIgMQhO5eHCVihI1jfTbNnWR3R/V1u2OeQ4WXWzY4Bzoep7gNTQQBvLd7wAi7TQ/Xp8V43j88PD29uL6u/D6WvRlS55oR6BW23GiNcjKtDY2kATyWTXyTvi3jdHN2tNblJtll1LleBHqFLcu+Dlo/QdFjB3QUdPaOeVsu6uasbOrbh8PDk9Oz6+uHyn+CZW/t1btYvPFQ267sK92I9gwFA/zje5b/5f1f/MVf/K30UWhwfaqezk6ym1fvSl1IH6brtir7Sp631zUUDvDKLmPsbqnK9JlDlr2ZUfMy8YGqbVX2teUjgxEL0LHT2RtQKMZFy3PkKmyb7AwVK/y0cuhj/mlKH6nrnm/RELV8XDDWN5US8EKnz6ZGLrs5O9p2ihvL3tr54qtv6l+fT9JH67gtNlrrtnlOMJWaiwq4jjD3wt3FSbNX4LNkr5wcP092Jsf39n/6N9tdG+kDdl39sq+Uk9EgNZcWcFvC+hB/PGw1+L6GZW+1nPx6i6751JH0MbuudtlX8lyDocHAgLs6KfVivHPTtKNeME/2yjfEs2SPZ3L8F7/6Q4Nrcil92K6rvdEa5eE0GJoMDTiKrrm/rrd/o74Zy94Kth1nz0U6lFFf3bKvlIfTgIIy8dljbZrnHq5P10vJNTdP9srJ8bNkD26V1o9+2/xanEgfvPNqln09bn4NsGA2OuCcPgPtYbi7bPVKfbMIF7T/aPuX5kU30sfvvJobrdHL0KFrNj3glj3SPCh3i93ZdJsle+WyN78XtH//qyYvzZcw4F6lXtlX8lyHxGx+wCUJz0yIsuF3g2+3g13QriHMRyxBr+FJncaJnoYOieEIgTM6zIIL2fXZienh75AWtOsJ8xEz3GuotdGanqsRu9RwiMAVB1R1Dd/d5amm6e9qni9o1xbmYw/SJ+OBOmVftV2QqKWmYwRO6DLUHo9xhlob9fZvQXvLCXBr5M/IeTXKvlLuVYuB+SiBPDrn0XnIBuBtvsv2YUH7/k9/qzfMR7xAr6N6ozXKw2kxNJ8lkNahTnusHrK+uu3R7u0WtFtb9vb9nzctGqPELug1VJZ9Jc+1GFqIE8jaZepo7G4ux7Ep0Y67sqB9/0e/1vfKfOWzNXXMIaks+9o3dHUiQ4G44PUZa8dE1lk/kqoBM0n2GsveJsmud9nb939Vd0PzRvQdaMBeVbRSlHvVw0qkQA4/+GLF9eU4MLUNwn9xMvGrmV8/VPjqX9z8n7/5ze9//5dVh6llQfv3f67/jfkKJsTVUVH2lTzXo2MnVSCEssgocTfJ9S3761l6/3we23qO45vKkfBJsm+/7M1ClmeYEFdHRdlXimPokdiJFcjgMUGlu9m0tLK43J9E+Di/baRjhboL2k9+ZSXLM6eaky9Q6o3WWE+rR2InVyCCUSxsZdwTzt5fn17Oh88fHkzNI1P7pjKNJ8m+adnb93/6lZGJ7KUHIhCOPlKWfSXP9ehbShYI4N05/PaHrx/+1ddVX5QvaD/5+VdGp75t/s9LB6UnlGVfr6xftjCllqIF9rGmEyH45q9vfvKntZa9yZAOSl+oNlqTvoahSG2FC2zrslANwfjDb3/105Mvai9ot8mx6vTOUpV9lb6GoTi3ly+wi1dSCNB83dvfSR/IQukSgY8n3mwea4Wi7Kv0NQzF0Fq8wC7mwgE2lC5Y2x89nNjMS+c9K2useDWoydBiwsAiNiwCrChfsHYxGt2xPD1XWvaVPNeEgq+BYrQdsOKsNL/2s78m0XOvS1or8lwXqyEDW3hAADsUC9AvJl9Aoi+UlH1lZa0udmMGltA9B+xQ5Pnh7EvupLbBcU1J2Vcm++iyazloYAPdc8CSB0V+Xc+/6JpEn9hc9pU81yWxGzSwgrrtgC2K+DrMv4pEn9g44k6e65JYThpY0JG+q4B4qOLruvB1JHqvpOzrudi1C03fctTAAqaXANb8A0V8HS595TW15DaWfWW6jy6p7ayBefy4C1j0UL6P6/XyV16Q6BvKvpLnuqTWwwbGSd9UQKxWk/3T6hdcfoq8CuyGsq/kuS7H9tMGhjG7HRB3Pd3H9bfrfxN5pD9fa7HYOkqXof24gWEH0jcVEJG/bfA9MUf6etlX7ZckWkOBvIFZrP4A7DntfWiyj+v1Sazv0tfKvpq6MvEZCuQNzOJtFGDPUgH3rZL9JtJI/2ylxTJ8gSLChizhIc8Be0oKvh4eHp2eXl7/jfqbo4z0lbKvu3auUxSEMgfmkOeAPYoC7r3eWfX335x+tBWkrlgu+8oEXn2EMgfmkOeAPao8P6r3T1zEluhLZV/Jc306UqkDU8hzwB5Fnu8/KL/zIVvSdhhjGdilsq/kuT6JUOjAGPIcsEeR5zebv+Pm+uL002FsffIlxbKve3avV9ASqdSBKeQ5YE95nq+9PH+4HHfH4115XvQkb7BYYKtPIhY7MITdUgF7SvN85eX5zVmMI+tlCmVfyXN9+mKxA0N4PAB7yvJ86eX5ZYzr0pSe02AZkMrlDsxgeglgT1meL16e350dWU1KP7xfbLRGnuuTCgYPjOhK31NAREryfPbynI55mUXZ12PZ6xeUVDB4YMat9E0FxGNznmcvz+mYK83LvjKBV5+BZPDACH7eBazZnOd3dMyrzDdaI8/1GYomD0xgPSdgzVl1cmGjWdlX8lyfoWjywIh76bsKiMapdCz6a1r2lTzXZyibPDCBAXfAlk/Sqeivd5PmijzXZyibPDCBGe6ALVSJaW5S9pXhRI2kswcGnEvfVUAspDPRa1nZV+kLGBTp6IEBlJQB7LiRjkSvZWVfpa9gUKSjByZQwx2wguntrTwnz7WSTh6YwBt0wApKxrTy/jF5rlNXOnpgAjWREZ276+uL09OTw7F8c/GP49+d/tP/46/+PzP/zQfBLAzCa/Jcp0Q6eWDElfSNBdhxN07xcYhXBcf+ya9++432/zjD7W39W9qvScwS6eCBEbvSNxZg2PXlOMe3q6r6n/3s5m+1HgNFXdv6Quv1iF0iHTww40D6zgIMubseB/mHpgGy/1/9z7/RdSR0z1s71HUtMCLPw8UcdwTn5vL06GN1RtRIkf/6f33QcDiNf6jAHHmu05507MCQDq/QEY5xn1xPkuc+HJ7+6vdtjulB8wFFiTzXKZWOHZhCoCMED9dnn8wVVR2H+sX/1fDAiHMNyHOdUunUgTEEOvx2d3m65YS3hj4enV7++ZYHd81guw7kuU6pdOjAHAIdvrq+OLG+08nHw9Oz67+qeXzsw6IHea5TKp05MIhAh3ey8XXBkeyPNY7w8oR1arqcmr+jIpJKRw5M6rDVGvzxcH16JJ2U6v7i6VF15RpsgzzXaSCdODCLyq/wQfaq3IkX0uo8lz668JDnOg2l8waGJbfS9xigcuNKlE+Q53aR5zoNpeMGpnWoLANH3QjMeqtAnttFnus0lE4bmEcXHc4xuqq8BfLcLvJcp6F01sCGPokOVzxcn0pOYK+gzPNr6aMLD3mu01A6aWAHiQ55d5fyE9grkOd2kec6DaVzBrbssXYNciQKxDRxojwJ6aMLD3mu0710ysCeTv/8XvqGQ3TudG2KZoUyX8hz7chzraQzBnbtHgyGNUtaAu1kb8q96JQXkOd2Xdq6GeMgnS+Q8Pe+/Er6xkPI7q5PTxxaVL4FZZ5fSB9deK5t3ZJxkE4WCPlW/8tfPkjffajt4Xrm8jR3cb1wI32AM+Pj865PXqTM81PpowsPea6VdKxA0rc//+PTX9JVd9Pd9fU4sg8PD7d6+Xw4MUn7yyznrf3MNglyL7vkS8hzu8hzraQTBQ741uf9L78c/vKX0jcjMg/XZ6dHepPx4zzjL7RH/F02YBDQJiVnqpMlz7Ujz7WSjhK45fPPP//jL7/88pdjjMZbd31mbVHXJOI/5f34kpi/u/t6/Q+zsf+L03F3PID++CplvpDn2rnynigQ0vkBt33++Szhv/zyJ7/8JTFvzMOly+uzPx7OhBfgK5R5fiR9dOH5l7YesDjsSgcG/PStz6f6X878ckb6jvbR9Yk/C7QDp8xzh3/i8tWdrWcsDol0LiBM31qK+0nS/0b6ZnfT5afgO70eIc/tIs+1SqTbfcTl27OQP2XoPnN36ng989iQ53aR51ol0u07ojaO9y+yufVx9t2vP0k3p1ihzBfeimhHnmuVSDfowES2aO40qlz/l/+pdGOKNcorJn1wASLPtUqkm3Fgybi/HsdA/I+lm1JsoLxk0gcXIPJcq0S6+QbW/b0/Hgae6V9/T7olxSbKiyZ9cAH6vaXnLRKJdMsNbPb5TwKO9K+/kG5IsZHyqkkfXIACfsYlJNKtNlDqi2Bfp9M7d9O+6qKxXap+5LlWiXSTDZT71k+kHxAzfijdjGKzQ9VVI8/1I8+1SqRbbEDlXPoJMeEr6VYUJchzy8hzrRLp9hpQ6Ug/IQZ8/V3pVhQllHl+KX10ASLPtTqQbq8BpQA76KxUc5Yyz9leTT/yXKtUurkGlA6kHxHtfifdhqLUqerCkef6kedapdLNNaCUSD8i2v2JdBuKUuS5ZeS5Vql0cw0oBfcCne65w5R5TrV9/chzrVLp5hpQu5d+RjTj7bnDlHnO9mr6kedapdKtNaA2lH5GNPun0k0oyrFdqmXkuVapdGsNqIWW5wzbOkyZ52yXqh95rlUq3VoDaqn0M6Idge4sZZ5LH1yIyHOtUunWGlALL8/p6DnrRnXZpA8uROS5Vql0aw2o9aWfEf0eCHRHKa+a9MGFiDzXKpVurQG18BagE+jOUl00yrcbQJ5rlUq31oBaiHk+uvkg3ZBiE9U1I88NIM+1SqVba0AtyDwn0J2k3P6c7VgMIM+1SqVba6CC9DOi018ufkVvz0Fsx2Ibea5VKt1YAxWknxGd/ot8AvWFdFOKNeS5beS5Vql0Yw1UkH5GdOp9INAddqS6dpQNMIA81yqVbqyBCtLPiEZf9Xr7eQt2It2YYgXl220jz7VKpRtroMKt9EOiz5+NW7CPeRNGj88x5Llt5LlWqXRjDVQIqID7ZOvzj/nvj6SbUyxR5rn0wQWJPNcqlW6sgQoB5fkXkzbs0+L31JVxC+XbbSPPtUqlG2ugQkB5PmvECHRHqfL8TvrggkSea5VKN9ZAhXDy/NfzVuxs8Ud31JVxiCrPKRhgAnmuVSrdWAMVwsnzPBIuFn9GoTiH1Lt40Ic81yqVbqyBCufSD4k2P87bMQLdRaqLRzkZE35r/KGLSirdWAMVwtkA/U/ydoy6Mg76oLp45LkJvzL+0EUllW6sgQrh5Pn3Cg0Zge4eZblX1haaQJ5rlUo31kCFcPL8O8WW7EP+6pCunxuUeU45GRPIc61S6cYaqBBOni83ZRSKc80nxbUb7UsfXZDIc61S6cYaqBBMnv96pS0j0B1DeTjryHOtUunGGqgQTJ5/tdqYFbbzoq6MA1R5TjkZI8hzrVLpxhqoEEyer69gplCcUy63unjQgDzXKpVurIEKweT5j9ebs5PFXz7wflacqjzcpfTBhYk81yqVbqyBCiHnOXVlXHKjuHisQTCCPNdqT7qxBioEk+c/2NSgEejuUF28E+mDCxN5rlUi3VgDFQ6kHxJdvrexRcsHeXlFK0x18Vh+bsSJ6jPHthLpxhqokEg/JLpsznMKxblCWU6G+YpGkOdaJdKNNVAhmDz/7uYmjUB3hDLPpQ8uUOS5Vol0Yw1UCCbPy9o06sq4QVUejuXnZpDnWiXSjTVQIfg8J9DdoConw9wGM8hzrRLpxhqoEH6e9z7mX8Q2XmLOFNeONyFmkOdaJdKNNVAhlDz/WtGsUSjOAapyMiw/N4M81yqRbqyBCqHk+Vr59iICXZ4qzxk2MeML889dTBLpxhqoEEWeFwZ776grI0N18Vh+bojxxy4qiXRjDVSII88pFCdOdfGkjy1Yxh+7qCTSjTVQIZI8L+zudWOlJcUy1fLzB+mDC5b55y4mHenGGqgQS55TV0aWKs9ZrmaK+ecuJtJtNVAlljwn0GWplp9zPUwx/9zFRLqtBqqEkue/qGzbPuR1ZVgfZZ0qz7kcpnxj/sGLiHRbDVQJJc83bX++gkJxglTL1ZjebsqD4lPHtqTbaqBKRHlOoAtS5Tk1AUwhz3WSbquBKjHlOXVl5KiunfSxhYs810m6rQaqRJXnBLoYxaVjAaEx5LlO0m01UCWuPC9UtH7YN9uUoojlaiLIc42upNtqoEpkeU6hOBlHikvH9HZjvjL/4MVjKN1WA1Viy3MCXYRquRpzE435lfkHLx5D6bYaqBJdnvfyujKXBltSLLlQXDqWqxlDnms0lG6rgSrx5TmF4gSolqtJH1vAyHONhtJtNVAlvjwn0AUoJmbdSR9bwMhzjYbSbTVQJcI8p66MfYorx/R2c35k/sGLx1C6rQaqxJjnBLptquVqTG8350TxuWNLqXRbDVSJMs+L+cJsLAtUy9WOpA8uYOS5Rql0Ww1UCSXP/2y7ho5CcVaplqvx+ZtDnmuUSrfVQJVQ8rxy//MVBLpNquVq0scWsu+bf/DikUq31UCVWPO8d7b41jvqypimWK5G9XaTLDx50Uil22qgSrR5TqE4ixQXjiWDJpl/8OJxIN1WA1XizfPe5eKb6SOata+4cExvN8n8gxePRLqtBqpEnOfUlbFFtVyN9QUmmX/w4pFIt9XAkt3u2h9FnOcEui2qada86zCJDVP1Say314BC/z5Z+7OY87z3IW/uGPY16Kz8ulHt1SjyXJ/1xhMQ0xlsmqIZSp7/ulFzR6E4KxTT26n2ahR5rs+u/TYbKLF7NQo5zxsuYybQbVCkCuMiRpHn+thvsxG3tF/6VweTW3Kw9ueR5zl1ZSxQTW+n2qtRbLCmj7l2G9hkMLpNO5v+onM+uSMH638Ze54T6OapprfvSx9c2MhzfYw338CSdHzX3Q+6i9/vJv3p/95m9+N9f8O3RJ/nhdriD8y1NkJRvf1B+tgCR57rY6MFB3LTQfXRMJn+Nov3ZPa/o9FVd9O3kOcUijNNUb2d6XBm/dzCkxeJW0uNODDTHc7vvX42sj7N8870D4+zL0jWBtyDyfPvNW/0CHSzbsqvGtPhzGKDNW2GtltzIBnM7r774+5Of/y/B8n95Ld72d+m62so9+QeEL1a5HkhcC61taRYUFw1psOZRZ5rM7TdlgPjPnp6P7sBB1n//Gp6L3azvxn/em/1y1Ox50OzNnlOoTiTPiquGtPhzCLPtRlab8qBsU7/duVWTLM/3rsfbViATp5nPtwt/p0zXU0pZj6VXzSqwxmmWiqIrZzbbscRveP+9H+TYeFGnFZ5PZ78em3Pv2Dy/Iet2j3qypijmN7O6w3TLDx5kUgttuNAZji6T7uTX3UH82H3YTYHbnc67r6+hW8wef7jdu0egW6Motor0+FMs/DkRSK12pIDWUGZscG00HAnnQy7TyK8Pwn32w0ViMnzmULRE7bw1EpRc5RP2rRvzD95kUhtNuTAziKdh/3pb7NO+c50J5ax802l48jzOQrFmaF6hSt9bOGjgLsu62ObgFm7iwXoB/kC9OlY+/20o776HcHkeaMNU5cQ6EYclV+zG+ljCx95rktiuS0Hxom+WIA+6E7z/GAy1n6VjbV3zkfdla8nz3PUlTFBMR2OtQTG/dbCoxeHxH5jjojNx4Nm783HzrM57dPfTHZiSW7X70ryvIBAN0AxHY6Zh8ZRwF2X1ZYTMGi30PXuXy3fitOdWCbRvVpQJpg8/52O1u9y8c8xFKyLYsSXajLGkee6dHcAa4aj/vj/Twu3F+q+ZiY7sczKuPdXvi2YPNcyt4pCcdopqsOxuZp55LkuVltzRK4/3XGlsAD9eL4AfboTS6GMexF5voRA101RHY5qMuZR8FUXq8054ta5nxYYnnTCB8n0z6Z1XycRPq0ON1xfsRZOnn9HS/u3nw8Pn2j5B2N3Vn7FqCZjHnmui8XWHBFJjjf84WB2x01ze3UBenf6Pj3d8I3h5HmrAu45CsXppdgslWoy5pHnmgwNNeeI3XTt2ZLpLubjP949n91+t2nWF8+6653pTiyzMu6ryPNVBLpWiismfWhRMP/gxWFouFVHrK7We9rTRWn97JeLwu2LBejTPvvG6nAh5fkPdLWA1JXR6LD8gl1LH1sULDx5URgabdMRryyfl7vos1CeDcR3DuYL0IdZb30a72XVCsPJ89YFXxcIdH0U1WR4fW4DBdz1GJht1BGt/uT+KgR0d3bLDfMvGS7fjJt2YpkizzfIQ+iBujLtXJZfMF6f20DBVz1Sgy06YrY7vcGG3fkfLMK7+EXFBeglY+2ZcPL8FxobQQrF6aKIEz5ZG8hzPVJzDTriNrvD7mdd9P7inlvqhXfT+Yv0vuLfCifPdRR8XSDQ9VBUk6ECnxX/ysKjFwO2V4Mhi/74pIveuV/cc/2VL5wsQP+/S8fal/4t72nN8x51ZbRQLJdiMxYrKBCnR2KoMUf0jhc3WbYGLcnvucHal46z/lb5b4WT53qXP1EoTouL8st1JH1scSDP9UhMtORAcYB9MgUu/93V2pdmca38t8jzEh/uFv8wPcnG7mxdLpT4kYUnLwbKUU6gud38LrvfmRaBm1n70mlBGYWA8lxPwdcF6sq0t19+tVh9bgcF4vQw1ZgDhdusO6v1OpWsfmW66Q+LAspzXQXi5gj01hSbsbD63A7yXA9DTTlQDOG9nZ2D/HdrkzDJ8xaO8n+bujKNKF6fs/rcEvMPXgzujTXmiF4+IS5bFqmaELc3qlg5GVCeaywoM0OhuJbKX5+z97ktNh698A3NtOTANKUL91n+u7UJcVnWp6p/ijxXIdBbUbw+Z+9zW/5g4dEL39BMSw7kBV5HlRPisq88V/1TAeX5Lww0htSVaUPx+pzN5W2hQJwOykYUaCUvIZNNiCsMvyerXzmq+NEyoDzXW1BmhkBvQfH6fF/62KJBnuuQmmnIgZ3VCXGF9ehrE+KqCsoElOe/NtIcXi/+fVZYbav89fmd9KHFg4IyOqSmmnKgWHU9XVqPvjYsVFVQJqA8N1OhhEJxjSmKt1OixxryXIe+qaYcKJ8Qd7v6lVledxX/EnlehUBvSrH0mWKv1vzUwpMXvsRMQw7sLE2Iy3rfhVBeLQZXtQA9pDzXvgB9aj9/A8ksrm0o9j6XPrSIUFBGB1UbCrRUmBC3q5wQl+X5nuIfIs+rUSiumfKZWKxWs+f7Nh694CmLZgPtFGK4vzQhLl35wqqCMiHluYEF6FOFF8EMFNd2WH6lGOewyPyDFwFjLTmwNCHuWDkhrqqgjPUHwyBjeU5dmSZOy68Uq9UssvDkBY9yrzCp9oS47ki9AN36k2GQwQVlBPr2bkov1I30oUWFBejtqZpQoK3SCXGrFV93K25G60+GQUYKyszknc0H6srU8qH8QrFazSbyvD1VEwq0dpvfa8UJcfe7y1+2l02cUw0WCTwbxnxtslWkUNyWFMVeGeKw6SsLj17ojo025ojeeX6v9QvD7ytT2Wev2RX/ju0HwyijzSKBvp3yYq8Uh7OKgjLtpQabcmBlQtx8+H2w9DWdeeh3y/8d2w+GUV+YbBapK7Od8mFehtutoqBMe2t1tAGdCpueD3fm69Fvl1ZJ7k72XfvXI2UxBImHwxhTC9CnCPRtKFarsebPKgrKtKdoQYH2OoUB9+58QlxS/IrJq/PR1X85UhaUkXg4jPmh2YbxQ76/yKnZ/1IAzkqv0oP0oUWGgjLtJeUtKKDDXl4j7nxvMvw+mbSR9NNu9r/TAflBVUEZkafDFHML0KcoFFdf+Wo1Bjcss/HoBY7ycDCt2EX/6/H/3Wc3XVYq7mDxd/3KgjISD4cxJhesTRDode2XXyWG2y37xsKjFzhLTTqiVuiij/2jLM+z+D6evTqfLF77t0fK1ZMSD4cxxvO8d5T/x1h0pVL+0pbhdttYgN7WrZ32HJGbdsP/MLvr7ge7O53x/w6T6avzSb5nvxyW/wtCD4gh5ttGCsXVc116jRhut408b0vRgAIa9bO87i/qw11l4+3TXvsg++uDyS8VBWUkng5zvmO+ccw7ng9UIS+lKA7HcLttLEBva2inMQe64yy/uh/df71yC/bHf9cZzH5T/u22nwyzzC5Ym6KuTA3lxeEYbreOPG8rtdSYA93//P6vxrdcsleYHjd9dd6dvEX/25GioExH5PEw5k9sNI8EerXL0kvEcLt1LEBvK7XWmiN2e6OLfzGaVHHvHsyruuevzkdXWW33pOybk9Jb2EumF6xN5e+GDe7o5jXFcPuh9LHFhzxvS1HAA9BqFsn96W8mI+yTTdCnr84HnVR1PwaW53bylUJxVcqH26ndLsDGoxe0xEpLDuzMX4H/eX/6u2yD1PPFq/ODigXogeW5+QVrEwR6hfLhdmq3C7Dx6AWta6UhB3byrVPvjyebpY6y6ZjTV+f3yfj3/+4onjy3sGBtgroySorhdhb5CWDBWkuWWnJgrLhcrbOTJfns1Xl3/Je7vx8p1luElucWFqxNEOgq5cPtN9KHFiXyvJ1bWy05kMmnXN8P5t310WBe/zWiPLexYG3iY/7fZEH1qvLh9hPpQ4sSC9baKW0+AROyOW//+8pNONmyd7YAvbSgTGh5bmXB2gSF4kophtspwSPh5xaevJCd22vJEb3u3iSWB930Nr8FJ6/OO5O36H83Kn8BFFqe21mwNkGglykfbr+UPrQ4sWCtndRaWw50R7fZJudXO/PlaqP5q/PpW/RsML5b8r2h5bnNBeH5Dt931JUpKh9uZ66BCHZAb+fAWlsOzGu2Tn7dOcj65Ff5q/PpAvSk5FtDy/Nf22wmKRS3UflwO7Vehdh49AJW1noCBsymt/+T7vS399MJmYsF6Fme/8POxu/sfyX3kJhhtZkk0DcpH91lsb6QP5ReEtSwa6slBxaT3qbL1abxPnt1PnmLPu2DX6Xd1e/r326+fX32XZvNJHVlNrkpvTjMMxDCgrVWbDfoiFv3eP7AZlugZ/F+kC9Az8fUB93iN3WGm25d31lbsDZBoK/bL702LD6X8msbj16wFNtNA0bkd9/tIqcH00H2wh5qaf4N08lywbE4wT3zIe/5nNr9LzvrtPTaMBtOCgvQ2xiKtOiIWTa8vjJ8vpiVWfizaY99J9g4H/2Z5ZaSQnGr7souzQNzDKT8yMqzFyqWn8O2bJA92RvkN+Hk1flUMbrvp3M7Qo1zWzuy5Aj0ZYell4Y3EmJYgN5GKtOkI2IH0/uuM98CfdERH/vnxZtzEujT2XIh+tp6W3m0+G9TV6ZXnPO/ik9Hjo1HL1gsP4dt2aS36bjQ7uBvxr8urk/7n5buzmxt+rHIc2GFrR1ZchSKK/hQOpWa2XCCvrHy7AUqEWnREbVRvg1QNiGuW/irwfLtebzTlXgqLLE7wX0iH818iL4+eXmtV95GCGLBWgvdtcYWMCwbQZ91ylcLwq3k+ShZ/YOQ/FCgtaSuzELp4nNqw0liwVoLEs05IjeZEDf9ZfYuvfjO52Dl/gxy4fmc7QnuEwT6zMfS63ImfWhRY8Fac7cCrTlil1VrT6e/zN6lHxf+ajXPg2Z9gvvE9eK/H/cWYuWz4aJ/EyGKCe7NDQVac8Rud7RYKNlZuQk7VXdsSOxPcM9QKG6ifDZc3D/miGOHteaONzW3gFmjfGRotDJIJP1EWGV/gnuGQM+Uz4Y7lD60yNl48gKV2m7Jgems9k7+y+JfST8RVglMcM9QV6anmA13J31ksWOHtcYSgcYc0TvOb73zlbtQ+omwSmKCe4ZAV9SGi/UTcQYL1hpjt1QIKEyIyxas7RX+SvqJsOoXUk1mIc0iHV0unQ3HYjVpTHBvTKIxR/QKE+L2RstvfUIt1r6RzAT3TOyF4sp3SmXvOWk/t/HoBelWoC0Hsl74bKfevPjr1FfSz4RVco1m5IFeulMqO6uJY8FaU0OJthwolHlduQ2D3X1lo+/KtZpni4O4izDCSt/RRjzj3xXlYydQY7kaRGQT4mZvzbNN1gp/E1ee/0Cw2Yy5UFz5YjVqychjR5aGUom2HChMiFvZkSXoAq9rfizZbF4uDiO6/cTuyi4I3XMHMMG9oUSgKQcmu6YNp788Xr4P48rza8lmM966MuWL1WKcS+AcdmRpiOVqkHG/mBC3siNLKv1MWPU70XYz2kC/Lrseoj9fYYYFaw3JtOVAPsq+siNLXHkuOME9U6hhHtMyrfKd1SJdjO8YJrg3cyXTlgN5GZnC0Pv8LyIiVPF1Ls5CcaW1ZOieO+ELK49eeIYbm1rAuEIZmdFSHYTI8lyq4utcjIFevh6K7rkbbDx5AUoFGnJgZ6lXvrIjy39Sdrf+ub0Hw55fSDedEdaVoXvuOia4N3KwqaUFLMgnxK3syDJ5n56ulX0ddoOc+f5r6aYzvkCne+48Jrg3kmxqaAELsnSeLq9Y2ZEly/PBTmcl0Y9DXckm3XQWZx/FUeuU7rnzmODeSEeoLQeyFO9PfrW6I8toOhK/1B/PvjLMPP9Cuu2MrVDch9LBXLrnrmCCexP3tttwYC5L8ekytWmHPDeaL7zIp8ZNvjDMPP8T6bazF1mgl+7EQvfcGUxwb2JouQkHFgoT4kbrO7JMf3Uwu1Gn8R5mnv+ZdNuZyevKXEofiml0z31ABfcG2I0FcrL349NfrezIUpjvfj69UZPFn4dHbgv0gogKxdE99wET3BtILbbewLIsq6cT4rKgLkzlGIwWMzW7k/t0VvboVvJZMUe66ZwoBPqZ9LEYRffcC19ZefQCk1htv4GifELcyo4saeG3WbbPl1WKPivmODAhrhdPXZnSye2hj0v45edWHr3AdO013sCKvG77yo4sxd9ms+bm4S76rJjjwoS4XiyBXr72nH3PXcIE9wasNt/Aks5oPg0uS/Y0/4ul3xbuU9FnxRwnJsT1lvYQDXfome65J2w8eYEZ2mq5gQ0W0+BWdmRZWr82zJdVCj8upjgxIS4TQaG40u75A91zt/zByrMXlMEOICefEDda2pFlaf3acf5r4cfFGOmmcyH8QC/d9zym3WK98Fsrj15QUkvtNrBJNu9t+p58ZUeWUWEn3zT8PHdjQlwm9Loyh2WXII5Ctz6h4uvWEmstN7AuH1fPe+oTeUGZyRcNZ78UflyMkd4ytSDwQC/tngc8A9BTP7Ly6AWF6u2QlE2Iywu7FnZkKXbXD0aj381+Kfy4GPML6baz4HJxVDfSh6Lfp7IrEOC5+o6Kr9uiejtkLSbE9UdLb3+K69EjyHP5LVNzQReKuyu7AuHO5/cXFV+3NLTXcAMbLDY+X9mRpVhQ5u+PQl+vNhp9R7rtLAg40EsrvQZfs95HVHzdEtXbISsvHDNa+vGyPyrUlxmFn+ffk247i/bzhvRE+li0Kq/0ylo1B1HxdUt9ew03sEHeLc/3Zpn/eTr/zSj8PP+xdNu5JNRCcaWlZFir5qKfWnn0ApJYa7eBjUbFrVDz6Zm7o8Lw+yj8PHdsZ68wA710rdpdiDP5/fd9K49eQGw23MAGi4VpKzuyjArD76Pw8/xr6bZzRZB1ZW7KPv0j6SPDRlYevXDcWmu1gc0WO6PmpWUmRoWCMqPFvkGyz4tJ35VuO1cEGOilG3w4NjiCOSbEbeXcZsMNbLCYELeyI0txAfow9P3VRs5ssZbLp4IHUjmNyXDeYULcVgrNJyAii/HJz5UrO7LElueubLGWC61QHJPhvMOEuK0kFtttYKPR/L3PaOkFUPF1egx57lJFmZmwAp3JcP5hQtxWutYabaBENiGuM/9F/sfFgjIx5LlTFWVmgqorUzoZjspw7rLy5IWCaq+Qt5gQt7wjS7GgTBR57lRFmamQCsVRGc5HTIjbwtBquw1skk2IS7NfLO/IUpweN5j/clf4iTHJrYoyUx/ycudn0sfSzn5ZMgQy2S9QTIjbQroDSMsyejIhbnlHlmJBmXT+F4nwE2PSV9Jt5ybB1JVhm1QvMSFuC32r7Taw0Wg2D25lR5ZRPoAURZ6PpNvOjQIJdJae+4kJcVvY3QHELQq9jpZeAY3y6e5x5LmDL9B7S9PC/a0rU7r0/IGl526z8uQFwmqrDWy2WJl2vzRFs7AAPY48/6F027lZCIXiLss+87C2jwsQE+JqG1pttYHNFu/Nl3dkKfwunQ/EB53nrg79+h/oR7595JhjQlxtbH4OFywmxC3vyFL4XTL/4TPoPHdtS5YF3+vKMNrurx/ZefZC0LfbbAObjWZvytOlm7JQUGaR5/+B8CNj1hfSjWcZzwOd0XZ/fWHlyQsC0+HghGxkvbuzuiNLYfnaH41G98O/+N3fCT8wpjn6Ar1XTEQPR6hLR9upJOOBb6w8eiEQaLmBddnIelZIZnlHlizdf3YWQYwvuJuVPheKo5KM135r59nz37CseQWsWvTER9M9zw8OzoZf/e5fSz8g1jn7At3rQC+t234kfWSo4VdWHr0AMB0ObsgmxA2zGL8f/+L/lX4uBDn7An2pl+vXW+fSuu2eF7CNRWklICzrSzfjwNgfHfyjP4xGvCYbufwC3dtCcaW7pHo5sy9GVp68AHSlG3Jg53fSj4FL3H2BPvYxP05/RqrLl6p5upQ+Pn9j5dHzHpulwgFD6efAJQ6/QO/5WVeGpWreo6JMLUPplhzY2TmTfg6c4mYJ9zn/Ar305StL1bzBFmu1pNItOTDd/RxzLu6BXpDPLfNjrdfHss+Zl+f+oKJMLXvSLTmws/Nc+jlwipN7oBf4VSjuw13Jx+zL8AIyTJWto1Pd1gLGST8HbvmOdONZwatAvyj7lH2aoA8qytRwK92OAxkmuBf9QLrxrOBTXZlPZR+y80eOop9befI8N5Bux4EM01eLfiHdeFbxJ9BL67zeSB8ZtkJFmRoOpNtxIMOCtaLfSTeelQovpU+lj0WprM7rnfsvCrDEzqPnNzZXgxOY4L7E4ZKvM54UiitbCMlcOO+UDbQgJ92MAxN/JP0kuMXlkq8zXgT6/9/e/YN4dmWJHVfQSQcC0UEnHbSCCjpp2A4qabSFoIMfODALFWijQrAbmIq0wh2YNUYNRmNwB7vGQa+RQbYQWFGNwayWtg1tY/Ua1kYzbYMTFWjNajQ1Y420mlqpNdJ0uX9/6vev3n33vvvOPef++X6StWtqpt/vV7/7zu+cd+85zj6v5fS2wwIjWbweWd/GgTnrpZCX3E+sTa0NFM812XX2ec33GwhceIDu9Zb1XRyYa3mgWofcT6xN5d8o7onj3c18Dx+6HOisvJLRTQaZ4MDahtxPrM2sBfQD62vp4srosh54AxdGsvjQTQaZYIP7hr+0vnkGybuvjKvPa47XCj/OtHp8an0TBxbesV4Mecl7xtpSzgHd1ec1z1oCvD5QWnvFetf6Jg4scGBtU94z1pZWT6izK2K7hqRm+qwfPjxA93jd+iYOnLNeDJnJfMbauXwbxbn6vLK1vVg8QO/3svU9HDjH/KQ1X/6Z9b0zVK4B/dBxVC3vbnbowwP0Xl9Z38KBJTa4L31SxO72hYM8+8o4+rxm9Z0Dw/AAvdePrW/hwNLH1sshF58U8uj8XJaN4hx9XvPbtYdwPEDvxTAW5IMDazN/+YfWd83B1s6F5dJG9V73m8sQlrLxAL0Pw1iQDza4n519++/Li+aTDBvFOfq8ZnJ1iMUD9B48PkdGXrFeD+a+/LMSurx2yS2gO/q85lI9QCQeoPfg8TlyYr0ezD2wvl3GWz2uzqGk/V73+5vP033E4QF6Dx6fIyfNb3D/yPp2OUJOjeIcfV7Z2l4+HqC78fgcOfncekFY+8L6bjlGPgHd0ef1se1VQQIP0J14fI6sNL/B/Qfru+UY+fSV6e7zav0tAxKYge7E43Nk5UfWK8LcP7C+XY6RS0DvPqrGEJY6aC3F8vD4HFnhwNoH1nfLUdYOiRk2Ve0+qpbHtnuM5ujiCx6fIzPWK8LcT63vluNk0Siuu9rO1vZKfKS1FkvD43Nk5nvrNWHt1PpuOVIGAb272s4Qllq8rbUWS8Pjc2Sm+QNrZ9Z3y7FW0dSowN29t52TavVgDGM3Hp8jM81vcD972/puOZZ1o7jOMSzHFleCND5TW4xl4fE5MuOYidWQD63vlqOtDhRZ7Ci/2/Wm5tCxDlI+VFuMReHxOXLDBvfPrO+W45n2lekaes7W9qq8qbcaS/Ku9c0b2HLdelGY+876binAMKB3dhu5q3wRSIuWr11et755A9vY61JD15PVcDPlFqsHXYeTCx5ygy60fO3ysvW9G9jGBvcaoo9Zo7iuo+dsba8NLV87/MT61g1cwFfvsjvELRgF9K7NcHRtrw9VvIv+xPrWDVzAgbU6hoDZ9JXp2AzHXrgKfaG4Hkvxe9a3buACNriX3iFuwSKgd9VhafNaIU6sXWR95wYues16WdirYUPcc4erV6S0v7xrDksd1Q5s4sTaBY+s79xAB+t1Ya+WjFK9UVxHMyIaydSJE2vbaPaKHH1jvTDMHVnfLKUoB/SDjveSh+d1YtvsNpq9IkefWy8Mc0+sb5ZiVgmzRp788OJbyVC1SjFjbcun1vdtoAsb3Isfsbai2Siu46xaPd+MsIUTa5vetb5vA13esV4Z9ipqT7oW0FP/U08uvI8W42CggxlrmzithixxYK2KDnELen1lOtLze2n/RRj6QHE9luAl6/s20Ml6ZdirqUGpWkC/2EqGo2oV69r82LBH1ndtoNuAJ2OVPkQ7sb5ZSlo7FJ5yd9r9C+/iKUfVakaLuHWcVkOmBkxkqTSen1UViXQaxZ1ceBOptlftI80Fmb2Xre/aQLePwz/FtcbzukKRRkC/mJ7X9NACF9Eibs2n1jdtwKGjy1drKjs2rdBX5kJ6TrW9drSIW2G2GnLFBvfqzk0nD+gX0/O6Shy4iIL7CqfVkKtXrBeHvUpGrK2sBp+lyZsvpOfsba8eLeKWvrK+ZwNO1qsjA9W1HU/bKO5Cek61vQE/qC7JnL1rfcsGnAZscK9VLSPWVpIG9Atnz6m2N4CZLOdet75lA05MZKlnxNrKKuaK18IvtIarbf8BulBwP0dzOOSLiSzpm53rS9gobrtzO33b20DBfe7H1ndswO1H4Z/kb9MtElvWt8oE1gK6bPnhcPvNq+y4HxwouM/RHA4Zey38k3zq/5UyVTRibSlVX5ntuedVtcuFGwX3uZet79hAj/BPcrXxvMoUM01AvzCZo8bvQuhCwX3qJ9b3a6DP98Ef5WrjeZ3np9c2rskF3e1+gnW+dehAwX2KcjuyFn5g7TcJl4mpSmvGCRrF7W99p2MzXDsouE+9bH2/BvqEb3CvNp6fVRqV5AP6di+ZKp9UoBsFd8rtyF34RJZ643mtHVFWf1uhvjJbrV4rLWygEwX3s7O3rG/XQK/wiSy1DkytOM0UbhS33Uum1u9B6ELB/ezsd6xv10Cv69ZLJAP1tjh7vHyNEl1zHrbytqELBfdPre/WgEe9aXc46ztlMqKN4va33rXqBtmgFwV3Rp8jd0xkqTkySQb0B5tvmnQnWWSOgjvlduSOb901jlhbWjti9mDk/9TmbjjOqjWn9YL7p9b3asAn/MDa3yVcKrZqTjXFGsVt7YardhMhXH6qvCxz85b1vRrwCd/gfuL/lUJVOGJtRSqgb+6GO5WfrI7Mvam9LjPzsvW9GvAJn8jyRcKlYsz6TpmUTF+Zrd5wpOcN+k57XWaFZjIoQPDn+VcJ14qxuseKiAT0zd5wtJJp0Ufa6zIr9G5HAb4J/TxXHM8rzzbfW77Q+DL5k403rOIdhHC6MF6vKS9b36kBv89DP8//L+VisVX7nLDxjeI2b+Wk522q+JGbF+V2lCB4g/vXKVeLrVPrG2VqowP65uFz0vM2fai9MDPyuvWNGgjwTugHut6BLNWOWFsZ21fmeP3dIj1vVcPdJF+yvlEDAYIPrNW8u7X60SIjG8UdbrxbpOet+kx7YWbjx9b3aSBI6Cf6acrlYuzI+kaZ3P7JmBe7MVaX9LxZ7fZ8fd36Ng0ECa6hnfp/pVQNzAob1Vdmo5cQ6Xm7Wu35+pX1XRoIEzyR5Yn/V4plfZ9UMCKgb5Tbq988CLdWj6C/a32XBsJ8HPqZrjme1ztibeVu9Mt9b/2tqvywPvq02vP1Veu7NBDmyP9pnvuPKReMsbHDx4oQ3ShufXc7ndub1uYR9E+tb9JAoOAN7jXn5zWPWFuJDOgbzWTq3zqIHm0eQX/L+iYNBHol9EP9lylXjLGqR6ytxPWV2WgmU/1RffRq8gj6y9Y3aSBU6If6P6VcMdYaqSJHBfT1wkwbhQw4faK/Ns09sr5FA8FCN7j/r6RrxljdI9ZWHi9fcfAZvf0W3yc4tLgj7nXrWzQQLHQiy7H/V8rVyq7tiEZx99bepgYO6qNfxW0oHDh8joKETmSpOp7XPmJtaXhAf7j2NtFLpnnt7Yh71/oODYT7UeDH+rjmgN5Ol5SDVYIVdkrvpMV3CU7N7Yj7Hes7NBDutcCP9dOaD6w1tG97YKO49eZwrTyVQI/WdsQx+RxFCfxcP33o/51yVT9ibWUtoAe86vXTau186YFTazviXre+PwNDfB/2uX76nv93ytVSn5RBfWVWO+Lb2WSAPm3tiPuKyecoSuCBte8f+H+nXE3t3B4S0Nfeo4ZqGHD7QH91GnrX+vYMDBK6wf2u/1cKZn2XVLUqtfj6sa/90dkNh5mmpqayGw5lCZ3IUnc8b2HE2kpwo7i1hywtPZJAj58aLE8r7IZDYUInskz8v1KwJkasrYQG9LVDDW1944HTQcfyqdXr1ndnYJjrgR/tP025bsy11pk8sK/M6g1qZGYN/D4zWJ826A2H4gR2iHi/6gPorYWrsEZxa89YGitgwO1tg/Vp40+s783AUIEb3OuO562MWFvaXzV+cz8ZXzvTwOFznGvmyNrL1vdmYKjAjk/vh26cK1Nzo8NCGsWtTp9z+BxLrTRx/7H1rRkYLPDA2nHVDWUabGYaENBPvL+BFjVyZO1V61szMFjgBvfje/7fKViDCejaH7R78/raTubWHkegz0f669PAp9Z3ZmC4wIksx3UfQG+xXYqvUdwq4Df4bQduB01MWXvd+s4MRAj7dP+s8nOnLW74WgvoXS9/9YSFcjvWtTBljdbtKNI3QR/vp3U3lGmzPXl/X5nViQbK7VjXwpS1t6zvy0CMz4M+3k/Xdkeldddk512b/Ux7A/pyw1xrp/Ph00BPmZet78tAjLAN7k8nSgfQH060/qUNTY1YW3nifgNWD1hoJoNN9feUedf6tgxEeSfo8/1sLZdL6nCjL5ke61ukjZ5Gcau/Qot7C9Cr+p4yTFZDmQIPrE10yuCzjeYWCXqjA0fcAX359z6xuTJk7EHnGqrHI+u7MhAp7BO+ths6pVlQ0fmnNrVaVD5w9ZVZ1mPa3FqAXpUn6K9a35SBSGGnSZWq4POwqrX3bk1rI9aWXI3ilkWSJrf+o98H+itU0afW92QgVthElvd1DqDPG6kbJOjtbuI+XL0J66F7+UOzC0PGqm76+rr1PRmI9XHQR/x9nQPo85vFvkE5r91D1p2N4pZf3xrd+Y9+NU9l+dT6lgxEC5uc9r5KEfx875XBGfTmRqytdAX05eOVVjcWoF/FCfrr1rdkIFrYBvc/V9l1fp4MGnSXbW/E2srq69PJ/vaPGt34D496E/RPre/IQLxXgj7kxyoH0Jd7qZVOu69peujIxUZx51WbFifVIES1Cfpb1ndkYISgD/mxSg18mSQf+n9XWNuB60JAP6/GNP01Bz1qTdCZxIKiBW1wP1bZdL56iK3fU6bpNmgX+sqc//95fA6HShP0t6zvx8AYQRNZfq1yAH0Vz/WPrLV9zno7oF/8iwAb6kzQSc9RtqCJLE9V9qit3S3Ue8q0vCHuuf2T9Xdiv+MvAmyoMkF/y/p2DIzyo5CP+dOJxgH0tZuFeovo1g9abzSKu8ubAp8aE3TScxTutZDP+VONjHm9SZt+Txmz+2Im1gP6eTxvvGiBXhUm6G9Z342BkYI+6Bpb1DayQfUja82ftL63ei/+w+L/tr2pAP3q6+JOeo7ifR/ySV8dSU5n43CUek+Z+67bVjNWmxB/s/i/TW/6h091Y9besr4XA2MFHVjTaMK6Wd3VPrLW7Ii1le1TBW0fyodPbXPQP7W+FQOjPQ75qP/xejk2kc14nv7f29TuiLWVrYccbIdDr8oS9Netb8XAaP815KP+vsIB9K2Kt/aRNZtbYl42Azrb4dDrbeUlmtan1ndiYLRrQVWz9xUOrG01L9Gu5tE7ZbL1lIPtcOj3mfIaTep161sxMNpe0M4zg3iufWSNbHSy0SiOLf/wefOZ7hpN6ZH1nRgY7dpkErImnyhsUNveTa18ZI3ZI1PrAd36WpC9n+qu0ZRetb4VA6Pthe1qOZ5MgvbNjbF9r1A+snZicT/Mz6qvDDsE4XNQTYL+Y+s7MTDa8/Q86CHYscKBtQs3C+Uja/v6t8McLQM6BQt4VdP19WXrWzEw2vP0PKhmdpx+f9rF087KR9bY/jV3+LP5+8GGAvh9p7tIU/kT6zsxMNo0PQ8K1E8nyQ+sdZx21j2yRvxaWPyl+X4DvzqaytDpFRWYpudBp0ifpn+c3RHPde8VtE9ZWMRzDvAhQBVn1t6wvhMDo12br8iAz/vTsF8boyOc7vv/W4Job7qwiOfWl4Ei1HBm7VPrOzEw3t58RQY8AvvtJHn1u6uBuu6RNc5bzxHPMUAFZ9Zetb4TA6Mt0vPJFwGf+Eny7eZdj68P0/6TWxixNjeP5zx+QJjiB6FzVg0VWKTnQV+wJ8knpnZuR1M9snakdwvMGvEcQ5S+Je6rl63vxMBoO+frMeQM6ST5AfTOeL49wjMpItjcXfffA7io8C1xb1nfiYHRLt05X44h36//NPmBte5qt+qRNbUbYN7mX6KI5whUdpe4T63vxMB4O6v1GPChfz95PO8+HpW8K53/Epozf885fo5QRXeJe9X6TgyMtkrPgyayPI/niQ+sdQdT1SNrD3Tufrl7r+fvAXRQnoUo6V3rOzEw3s6w1fh+8kXriB+aR9a6jsw1aF6I4fQegpV7CJ3OcKjAeno++cT/sZ8O20q72dwRz1O3mV3HiLWZ+VtufRUoSbGH0H/P+k4MjLeenk8+8n/sp/E8barsulMc+/+rYhixNkU8x2CFzmV5ZH0jBsbbSM9DNrhP43navWmuG4XmkTWeGU/N4jm1CgwRMgUiPxw9Rw020vPJm/4P/heT1PNLnXcKxb02nNGamsVzDuNjkCIr7sxhQQU20/OQnevTgSxpH2U7bxSJ+9Kte5z2llcI4jkiFFhxf2R9IwYE7GwtRX8KPI3nSQ+suaebpR7UGnQRLSGeI0J5e9yptqMG2+l5wESWWTxPWfnuiR+PE/6zWw4S3u+KMTvzz6MHDBSwrTYvr1vfiAEB2+l5wLOvZ9NfS3lgrSeeKx5Zoyna1PSdIJ5jqJBBjRlhrBpqcCE9n3zg//BPfy1lotxX39Vr4k4Um+KdQIyy+rjTSQZVuHFhIQYcNpn+WsoDa33xXG8gI0+Np6bPVYjnGKyoyal3rO/DgIDLHQvR/+n/g0nao+B9kXRf78haohtdWabPVYjnGC6g02Qujnasb8SAgJsd6/AH78d/2sA95YPso77bhF4Td7qWT+bxvHt8LdCrmENrx5PJi9Z3YmC0rvQ8YOf6NJ6nHHbWmw8eJvyHNxHGJvOvT7TKQ4RSDq2dHkwmt61vxcBoXel5wAb3aTxPeQC9v76bdhTMmt4yQSum+ySI54gRsLU2B7ODLFTcUbrO9Dzg6OhH019LGFb747laE/dj6ftbiabbmojniFJE39f51/Y7l63vxsA4nel5wMbUWaBLeGDNs/9K7cia7M2tTNN9EsRzxFGctxDr/Fv7rvXdGBilOz0P6Kk6WwIJD6x54nna2W5riGPz7Qq8D4hz4N9ca+x0ORf5uvX9GBijOz2fTLzbWGbxPGHZ2xM/1Jq4PxC7rxXM//cAXN7OfU/c6hDLnUvWN2QgniM9DyiS/Xr6WwkPrPnih9aRtYcy97SynRDPEe9DpbUaaf0Myy3rOzIQz5WeTz7zLYLZQJaEB9Z88UOrifuJxA2tdE+I5xgh6z1xm9/Yr1rfkoFYzvTcvwJn8TzhgTVv/NDaEbfvu5AGvEc8xxje9MDOViPKPSruKJUzPfdvcP9+9mvpDqx544fWkTUC2ezTwKQ5jJBtn7jj7e/rN6xvykAcd3oeMJFl9mvpDqx5w6hWE3cal88ebvA2YISDTAP66cWGzlesb8tAlFs9C9C7Ema/le7Y2IH3FnGU7N/e8Dj2FlYT4jnGyXOTe0c4n+xZ35aBGFf61p/3+/Tst9IVvf13CKUja6dRt6/KnBDPMU6WAb3zKRJtX1Gi3b7l94VvKfzx9LfS7TIPuEMoNXH3Vwrq95h4jpH8j/DUOaYtMWgN5elNz/0b3GcDWdIdWAu4QdxL9o9vYCfY9LkKg2kwUnbH0F3DExm0hvL0puf+xTeL5+kOrIXcIHSOrJGZTuswT/y/BPTKLKC7v6LS9hWl6U/P/QfW5vE8Wc075P6g08SdSDatw/AuYLSsAnpP50cGraE0/em5P/OezyRKdmAt5PaQsD3d0Eup3QnxHONlFNB7GzkzaA1l8aTn/oks83ieKkUO21Wu08S940xLcx7yrQYCsgnonrkM16zvz8AQvvTcO5FlHs9THVgLSwd1mri7ts205D7xHBIyCei+MUsMWkNJvOn55BPPivjZ7LdSRdTA8u5xon9+A1u7p4f9ObYHCR/mcA7dPwWZQWsoiDc9n3zkWRLzgSypNrgHxnOVJu48On7uhD72EJFBY5mQihttX1EMf3ru3eC+iOeJuqgHxlCdJu5h11K3hzx1gAzzgB70UWbQGorhT88nb3oWxSKeJzqwFpoTqzRxJzWdTO5zDB9CbIezdPVs78KgNRQiID33VtJ/O/+tRFvMQ+O5ShN3/9O2+u0zlwZSDrzdpNM5Dj6uQsUdZbgd8nH2lbLnv5XowFrwM2uNJu6+zbBN4E2AHN9u22SebM87d6PtK4pwLejj7PsOPf+tRE3Ug6OHRhP34+BbQMUoUkCQ0Tb3QWdVGLSGEuwFfZp9E1nmv5XowFr401qNJu7h3+nrdUBbHQh6+weFhbvldOCmTgatIX9h6fnkA8/imDdwT3RgLTyeexvNC2BDHCBM/yF6+KPzBdq+In9h6bl3XvEinqc5MRYezzWauLO3GxD3kW7N/Wh4mY1Ba8hdYHruzbwX8TzNhrQBEVShiTt7uwF5byseXDu9F3GBDFpD7gLT88nE84Drz+e/lSacDojnh0kuYMPJ0PsAgAC+TTpiHsftgaHijrwFp+e+Svpi13eaA2tDKtwKTdzZEAek8LZKh8eTmOR85qr1/RroE5ye+747L+J5mgNjQ+K5QhP36NsBgF4KT9EjnpyfY9AachaenvsmsizieZoDa4NOO6f/is+GOCCRg8TNZZ6MGg140/qODbiFp+e+k2BfLH4tyRocdEIsfRN3RqwBybyZ8Bv58djDprR9RbYGpOe+3uiLgSxpsuNBizB9E/fTIZcDYJgHiSL6yfixgAxaQ7YGpOeTSf+DrfN4nuTA2rAv1Y9TXMKGUSU7AB4PErSXeSKy74VBa8jUkPTcl3mfx/MkB9aGxfP0TdzZEAek9eZnsjvjHkq1daTtK7J0aVB6Pvmsf70sfivJgbWBSzF5E3c2xAGpHXwo2GBG7owpg9aQpZ1hn2PPgbXFbyVJjgfG8+RN3NkQByh48xOpOS2CF8WgNWTo0p1hH2NPlFz8VpIDawPjefom7sOuB0CkNz8S2RwneUm0fUV+Bqbnkzf7F8wfLH5NYvFtG/roK3kTd6aFAmoEVqzk5dD2FdkZmp77VtViIEuSA2tDw2fyJu7jz70ACDRkaf6m+8ei18OgNeRmaHo+mfTvTjmP5ykOrA2+1NRN3I8GXxGASEOWpmMzrOj10PYVmRmenk/6j4Sex/MUte7Bl5q6iTsb4gA1Q5amRjyf3LK+fQMbhqfnng3u5yEuxYG14deauon78CsCEGfIylSJ5wxaQ1Yi0vPJh73raDGQJcmBteHXmrqJOxviAC1DVqZOPKfijpxEpOeeA2vn8TzFgbXh15q6ifugiW8ARhiyMnXiOW1fkZGY9NyzrI6DfitOxLUmbuL+MOb9AxBhyMpUiucMWkM+YtLzyaS3V9N5A/cUj64jrjVxE/dj/xUAEDFkZWrFcwatIRdx6Xl/pF7G8wQH1mIuNnET96g3EMBwQxamVjyn7StyEZeeTz7pW0fLeJ7gwFrMxSZu4i41rQmAx5CFqRbPGbSGPESm55OP+tbR9+e/JX9gLaq4nbiJOxviACVDFqYjnic4kMKgNWThZuQHuD/lPf8t+SfXcd1b0jZxZ0McoGTIwnTE8xT1NCruyMDl2M9v/0SW89+SP7AWF8/TNnFnQxygZMjCfNr94xTx/A6D1mAvNj33rKuw34oR2V01RSf5lf3odxHAEALLNcl+FwatwVx0eu7Z4P6n578lsPo2RcbztE3c2RAH6Mh2uV6zvpmjefHp+eSzvhVzPpBFPi+OnX6StIn7e/FvI4ABBJZrmnhO21cYG5Ge909kWcZz8dZssfE8xWiYpccj3kcA4QSWa6JyGoPWYGtEej75oG/FLOO5eBiNjedJm7ifjHgfAYQTWK6pHo8xaA2WxqTnk7f7Vsxyx7f4c+voaeNJm7izIQ5QIbBaU8Vz2r7C0pj0vH9hLeO5+IG16HieYtbbEhviABU5r1YGrcHOqPS8fyLLMp6Ld2aL33qWsok7G+IAFQKrNd23bwatwcy49Lx3x/jPlr8lsPw2xEfOlE3c2RAHqBBYreni+Z71PR3NGpme925wXw5kmRwLrL918fF8P+GRNTbEASoEVmvCp2O0fYWRken55MOeFbOK59IH0EdUtlM2cT8Y+WYCCCGQIKTc7cKgNZgYm5731q9X8Vz6wNqIeJ6yifu9se8mgAACCULKeM6gNZjYHfvJ7TvR/Wz5WxnF85RN3NkQB2jIPJ5Prlvf2NGiK+M/uc96lszyl6SPiY0JnAmbuEcfowMwQO7xnEFrMDA6Pe/f4L78pZziecIm7qej300AfrnHcwatQZ9Aet47kWX1W+OX34ZR8TxhE3c2xAEKso/ntH2FOoH0vPfA2rKBu3ROfH/MFSds4s6GOEBB/vGcQWtQJpGeT/5dz5JZxXPhTWjj1mK6I2tsiAMU5B/PGbQGZRLp+eSf9iyZVTwXnoMybi2ma+LOhjhAQQHxnLavUCWSnvc+Gv9o+UvCz6xHrsVkTdzZEAcoKCGeM2gNmkTS896JLMuBLNJt00euxXRH1tgQB6RXQjxn0BoUCaXnfVvdVvFcuMQ9ci2ma+LOhjggvSLiORV36BFKz/taKa/iuXCX1bFrMdmOODbEAemVEc9p+wotUun55CP3kvn16rfGrz/JtZjsyBob4oD0yojnDFqDFqn0fPK+e8msBrIIH0AfvRZTNXFnQxyQXiHxfELbV6gQS8/7Uu+1eC4bQA/HXnOyHXFsiAOSKyWe0/YVKvbkPrO/vbBUfvv018fH77//B2u/JBvPx190qiNrbIgDkislnjNoDRquCX5kn56vkI4wviR7AH38Radq4s6GOCC5YuI5g9agQDA9nzx5+vT4+M+7w/hSbvF8X/R6VtgQByRXTDyn7SvSk0zPw9wbvwDXCFxQoiNrbIgDkisnnjNoDclJpudhZBvKZHdBK2yIA1IrKJ4zaA2J6afnwie+Ja6opw/OGGyIA1ITiOdqO11uWt/uUTn99Fy4oYzEBSU6ssaGOCC1kuI5bV+RlEF6LtxQRuKCEjVxZ0MckFpR8ZxBa0jJIj0XPYAuEzOPBK9ohQ1xQGpFxXMGrSEhk/Q8w3ieqIk7G+KAxMqK55MXre/5qJdJei6aDQvVtB8LXtIKG+KAxAqL5wxaQyo26bloQxmheC57Jv4cG+KAxAqL5wxaQyo26fnkwfgVuCS15yxJE3c2xAGJlRbPafuKNIzSc9H+LVIhU/I7xhIb4oDESovnDFpDEpfuqH6MV3KM52mOrLEhDkiruHjOoDWksKP7KV6R3E0uthSTNHFnQxyQVnnxnLavkGeWnos2iBNbioeCFyV/dQA6lRfPGbQGeWbpeZ7xXPRU/Dk2xAFpFRjPGbQGaYbpuWTDV7mlmKKJOxvigLQETr+qx3Mq7hBmmJ5LpsKCSzHFkTU2xAFJlRjPafsKWZbpeabxXLLNzTk2xAFJFRnPGbQGUZbpuWQ8vyt3VSmauLMhDkiqzHjOoDUIMk3PJc+GCcbzFEfWHgteHoALyozntH2FINP0XLKyLRnPJfvcLJwIXh6ACwqN5wxagxjb9DzXeD45lruuc/uS1wdgS6nxnEFrkGKbnmcbzxMcWRO9PgBbSo3ntH2FEOP0XDKei15XgibubIgDUio2njNoDTKM0/Ns4/nkSO7CFtgQB6RUbDxn0BpEXDZOz/ON5/JH1o5lLxDAhnLj+eSadSRADW4afXyX5OK5dEPVx2JXdk74AgGsE7iZfGB06bR9xXiXjT69K3LxXHrgifyRNTbEAQkJ3Ez+j9W1M2gNo5mn5xnHc/km7g+krxDAisTNxOxLN4PWMJJ9ei4Yz8W3m4kfWXsofYUAViRuJidWbSJo+4qR7NNzwXguvpNF/MgaI9CBhERuJmbfuhm0hlEySM8F57HI70wVb+IufoUAlmSSA7NBiAxawxgZpOeC8Vz+6bT4kbVD8UsEcE4mnp9aVdxp+4oRckjPBeN5go0sgsNcZ+7LXyKABaGHd2aNnxi0hng5pOd5x/N7Yhc3R8dXIB2pzThmFXcGrSFWFum54ByzFAdNhI+ssSEOSEcqnptV3Gn7ilhZpOcToRV4liaeP5C7vCnpFnYAVsQOy5h98WbQGuLkkZ5nHs+lj6wxAh1IRu7wq1XrJwatIU4e6Xnm8Vz6yBodX4FkBIdBHBi9BCruiHHF6PO6TWwFpomVwkfW2BAHJCM4rNGs4k7bV0TYtfq8bjqUW4Fpcl/ZI2uMQAeSEYzndhV32r5isFzSc8EhZmniueyRNUagA8lIxnOz5k8MWsNgmaTn+cdz4SNraa4RgHA8N/vuTdtXDJRLel5APJc9skbHVyAV0XhuttmFQWsYKJf0XHImaaJ4LntkjY6vQCqy8dzsyzeD1jBINum55ApMdRZM9MgaG9yBVITj+bFVuwjavmKIbNLzEuK56JE1Or4CqQjH87Mjo9fBoDUMkE96XkI8Fz2ydpLqIoHmScdzs/5PDFpDuHzSc8kVmKyULXpkLdVFAs0THrfw/Ou3VcWdtq8IlVF6Lpn7pns0LXlkjY6vQCKCp2UWrCrutH1FqIzS8zLiueAmfDa4A6nIx3OzUegMWkOYnNLzMuK55JE1NrgDiSSI51aj0Bm0hjA5peeS8TxhaexI7irZ4A4kkiCem41coO0rQlw1+nx2E3w0nTBSCh5ZY4M7kEiKeG5WcWfQGgLsGX08uwmuu5SZ72O5y0x4lUDTksRzs4o7bV/hdc3mw+kiuO5SxvP828wDzUsSz80ekd20jhXIX17puWQ8T1rJPha7TKu5ykDt0sRzsyXLoDV4ZJaeS8bzpJVsuSNrD1NeJtCwRPH89MDm5TBoDR6ZpeeivdGTXqnYxj2zscpA5RLFc7OKO21f0Su39Fx0ASa9UrnGtFYtJIHKpYrnZhV3Bq2hT2bpuewCTLrTTK6njNX5F6ByAreTH7p/bDQKnUFr6JFbel5QPJcbg27VEhqoXLL83OwpGRV3uOWWnpcUz8Ue9fMAHUhC4nbyVfePjfo00/YVTtml57LxPPFDLrEE3Wi3LFA5kduJI6AbVdwZtAaX7NJz2YHFib9Ci333YMQakEK6evvZ2bHRPlYGraFbfum54K7xs/QlManZMVYTHoC6ycRzx85Xo30vtH1Ft/zSc9l4njpOin37T3ydQJuEVqij4m7UqZlBa+hy3ebj2Es0nifv+iDVU4YTa0ACKevtZ2cnRhV3Bq3hokt3bD6NvcqK51JNX2n5CiQgFc9/3f1jo4o7bV9x0Y7Nh7GfaDw/TX65Qgl6+gsFGiSWn/9t94+NCms3rGMHspNlei4bz9M/l5bajk/BHZAnV29/2vlTq1HoDFrDlizT89LiuVTTVwrugDy5eP5d94+NjqbsWUcPZCbP9Fw4nqdv+SDVU4aZLIA4wf1weVXcafuKDXmm52JHuufSHyg5FLpSWsoA4gbF89/2/8d5VdwZtIY1mabnxcXzybHMldJSBhA3KJ7/qv8//rb7x0aj0Bm0hjWZpufC8VxhSrHUkTV6uAPSBsVz32EVR8XdaBQ6bV+xlGt6LhzPFWYgSe2IM7orABUTjeeOPXGnNl/FGbSGpVzT8/LiudSOuBOFSwXaIhvP86q4M2gNC9mm58LxXOMY2D2hazUavwjUSzaeZ1Zxv2YdRpCJbNNz4Xiu8s1ZqEccR9ABYcLx/Ozr7h/bfBdn0Bpm8k3PS4znRzLXanXwBaiWdDx3OLZ5dQxaw1S+6blwPFd5KM0RdCBP4vHcMTlVY6NOB9q+4oUXLtt8+ILIxnOdweJCBXejL/lAtQ6GLMCgdew4zmJTcWfQGl544abJZy9MifFcqODOEXRA2JD1N+Z7+bHN0zIGrSHn9Fw6nqusMqmCu9E0ZaBaQ9ZfWDx3VNyNFi8V9+blnJ5Lx3OFhq/PCbWUYQo6IGvI+gvMzx0BXedWs422r63LOj0Xq12rLjKpIWvsiANEDVl+4/bBnNhU3Bm01ris03PhealK8VyqpYxRoymgVkOWX2g8d5TjjCruDFprWt7puXQ8V+rcJHW57IgDJA1ZfcH5uaPibjMKnbavTcs7PZeO50rnQh8LXS474gBJQ1bf2HOnRh2hGLTWsMzT80LjudTQVHbEAZKGrL7weO6ouD82eYkMWmtY5ul5ofF8UNuKPuyIAwQNWXwD8nPHYBYq7lCVe3ouHc+1dpgdF3a9QBOGLL4h9fannT81qrhftQ4rMJJ7el5qPBc7ZseOOEDOkLU3JJ5/1/1jo4o7bV/blH16Lnb0a0ErnotdNjviADlD1t6g/XBZjUK/aR1YYOKWyadtiEEDkfzU6tdSF6wyEQ5oxKC1N2ilOiruNgU22r626IrJZ20Q4XiuM5BlItin1mZLDVClIUtPIp4b7YBh0FqLdk0+a4OUGs8fSF2wzRM4oEpDlt7A8+dZVdwZtNaeAtLzYuO51Iw1dsQBcoasvKH9ZLr3xJ3ajEKn7WtzCkjP5R5EL6hdt9CMNavv90CNhqy8ofH82+4fH5u8UAattaaE9Fw8nqtlu1ItX9kRB4gZtPKGLlVHxV2pidUWBq01poj0XDqeq00lFnuAbjRIGajQkIU3vH+74xS6TcWdtq9NKSM9l6tbz6kFR7kH6A+1Lhmo3ZCFNzyeZ1Vxp+1rU8pIz+UOfs3pJbtiX0QYygIIGbLwIuarOSan2nSFYtBaQwpJz8uN52IP0BnKAggZsu5i5qU6vsWbPDOj7WtDCknPy43ncp3nOYIOyBiy7hwdYmKcmAxmuWUdZKCllPRceiCL3ukvwZPzHEEHRMgtSoesKu4MWmtFKel5oQPQp+QumiPogAiB1ejY9HaOijvUFZOeFxzP5Z4U2OyPBaojsBr/TdR/y2YUOm1f21BMei7d8FUxngt+E6HgDkgQWIx3PTtdHQm6zS4YBq214JrJZytKufFccHQ7U9ABCQKL8e6+5yiq4xG6yaREBq21YM/ioxXnQGAFrlGM5/tyV03PV0CCwGK8G/lN3abiTtvX+hWUnkvvSNXspRxzftXBpmMkUBmBtXjX21siq4o7g9aqV1B6XnI8fyh32RTcAQECa/F5PPdV3L/u/rHJORUGrdWuqPRcuKGMZjyXG8lCwR2QILAWpyfPfLt6ulvRnJrsa6XiXrmi0vOC47ncSBYK7oAEgaU4O0l+1P87jkFrTyxe8h0GrVWtrPTct3IGUn2GJXjdFNyB8QT2tMzi+b7nf8gxCt2k4s6gtaqVlZ4LN5RR/YYsWFqg4A6MJ7Ak553eIivuJnW2a9YhB+kUlp5P7o9fgWtU47nkVxEK7sBoYvE8suJu0uqRtq8VKyw9F24ooxrPBTvK0MMdGE8unvsq7l90/1hzA88Sg9aqVVp6LtxQRjWeS146PdyB0eTiuTfRcGToJoU2Bq3VqrT0XPgAuu4OU88x1UHo4Q6MJRjPfRV3xxw2ky/mtH2tVHHp+WRyPH4JrujGc8mzdvdVrxyokWQ8j9zjbnJUhUFrdSovPZc9gK4bzyU3xNl0iwRqIhnPYyvuJqPQGbRWox2Lj9JIogfQdeO55Ia4U9UrB2okGs8jK+4nFoNZ9qxDD+RdumPwSRpL9AC67vZSwRFrRl/rgZrIxnNfxd0xOdWk4k7b1/qUmJ7LHlhTPi4iOGKNFnHAWLLx3HtvcmyINflqzqC12hSZnou2QdeO557BioNwYg0YSTieRxYPTUahM2itNkWm57IH1pTjueizAk6sAeNIx3Pf6RtHxd1kc+t16/gDUWWm57JFa+V4LvqsgBNrwDji8dxXPXRU3O8ZvHYGrdWl0PRc9MCacjwX3RD3UPfageqIx/OSKu4MWqtJqem5aNFau32yZIc4ZqwB48jHc1/F3XEHMKm40/a1IqWm56IT1rTjuWgzHB6gA6MkiOe+irvjEbrFgCUGrdWj2PRc9CG0djwX3RDHA3RglATxPLbibvHtnEFr1Sg2PRfd4K598lOyQxwP0IFxUsTzyIq7bqvKBdq+VqLc9Fx0g7t2PBed9soDdGCUJPG8oIo7g9YqUXB6LvkQWr0zk+SGOB6gA6MI3Eo6nnr5Ku5PO396ajEKnUFrVSg5PZd8CK0ez0U3xFmcWgXqIbAcu7bgeCrujkFrJh0fqbjX4KbFR0eK4AZ39XguuiGOFu7AGIniua/i7hiFrr07d4q2rxW4bPDBkSPYwV392iUP29lsoQGqkSieR1bczywq7gxaK1/R6bnkBnf1SxedJqN/+UBNUsVz3/9wThV32r6Wruz0XHJTmf61i136lMX3eaAayeL5gece5ai4WzxBo+1r6QpPzwU3lZV87Wc2R1yAaiSL55MHnv+ao+JuMQqdQWtlKz09nzwcvwoXSr72MzrKAKOki+e+/+lvu398YjCYhUFrZSs9PRfcJK5/7b7v7YOYPG8DapEwnhdUcafta8mKT88FN4nrX7voCHQ2xAEjJIzn3m/ujj1xFhV3Bq0VrPj0XDAmGly82LVPsSEOiJcynpdUcafta7HKT88n++NX4YLBxQt2n2fEGjBG0njuq7j/qvvHFqPQb1pHJcQqPz0XzHENrv2x2MWf2XSUAmqRNJ57K+6OeG/Rxpm2r4WqID339kcOZ3Dtoh1f6RAHxEsbzyP/508NKu4MWitUDem53CFug2sX3RDHyFQg3tH4JdgXz30Vd8fkVIuKO4PWilRFei6xDOcMrl10BDob3IF4AsWy3kdekRV3i20xL1qHJkTYNfikyBOrWVscDhEdgW7xAoBKpI7nkbtlTg+UXv8aBq0V6Ir+5ySFe+OX4ZxFOBTt+MoGdyBa8ni+H1dxt9gXw6C18tSRnss9g7aI56Ib4tjgDkRLHs+9qYcjoBtMZqDta3EqSc/lDqBbxHOx4sKUxdYZoBLp43lBFXcGrZWmkvRc7gC6RbladAQ6B9aAaArx3Fdxd/zHFqMZGLRWllrSc7kD6CblaqFrn7N4AUAdFOJ5bMXd4NZE29eyVJOei+0pM4nnohviDHpPAJXQiOexHSENZjMwaK0k9aTnYgfQTeK52On5KQ6sAbFU4rmv4u4YtGZRcWfQWkHqSc/F9oibPH6WG/d6ZtPsGaiDSjz3Vtwdo9CpuKNHRem5WEg0ieeiG+I4sAbE0onn3or70+4fG9TeaPtajIrSc7ED6Dbbw4UufoZ4DsRSiueRFXeLUegMWitETem5WBP0U5OrFxsPd8aBNSCeUjyPrbgfpX79FzForRA1pedyKa7JxT+Uuvoz4jkQTyueF1Rxp+1rEapKzyeTk/ELccbk4n1Tl/J/BUAN1OL5vueG9W33jy0q7gxaK8Ft/Q9GSlJnuA0OeQqPQLd4AUAV1OK5d807Ku4G/ZwZtFaAa/qfi6QiezRcYHN8W+jiZ0y+kQA10Ivn3q4Tjj1xBudRafuavz39j0VSUgfQbeK55IY4GsoAkRTjeWTF/VS/4s6gtezVlp6LPYI2mEs4ke0QR0MZIJJiPC+o4s6gtdzVlp6LPYK2Ob4t2SGOA+hAJIF4Hh5vfd/iv+7+scEMyGvW8Qq9qkvPC4/nkh3iiOdAJIF4Hn5g1FdxdzAYhU7b17xVl56LbSkzOr4tdPWGrwAon2o89yYhjsmpBiucQWs5qy89Lz2eC45MJZ4DkQbF85+PXn++irujLazBJh8GrWWswvRcaov4ic3VS23Pt3sFQPmU43k5FXfavuarxvRcLMO1uXpfP+f8XwFQPuV4HltxNxiFzqC1bNWYnov1QLe5+n2hq7d7BUD5tOO5t+LuCOgGm14ZtJapKtNzsYq1UXs1qf7zZzSUAWKpx/PIirvBbYq2r5mqMj0XayhjFA0FR6wRz4E46vHce1TVsSXOoOLOoLUs1Zmeix1AN2qvJthRhgZxQBz9eO79J/OpuDNoLUOX6kzPC28oMzkQuny7VwAUzyCex57M0S/D0fY1QzvqHwMlcaviAqtoKPcAnXgOxLGI55EVd4NR6Axay86lO+qfAiVDVmIPg3EHM3IP0K1eAVA6i3ju/Ucdg1mOErz+fgxay0616blUgmvVXk3uAToN4oA4JvHcW3F/2v1jKu7Nqzc9l2ooY9VeTe4BOvEciDNoF45YPPdV3L/r/rFBxZ22r3mpNz2fPB6yFHtYXb9Qw1rDVwAUziaex1bc9Z+sMWgtKxWn52INZayu39cpKv9XABTOKJ7HVtz1j6YyaC0nFafnYvHcqh2L1IE7GsoAkaziua/i7ojnp/oVd9q+5qPm9FxspIlZNHScSynoFQBls4rn5VTcGbSWj5rTc7H81mC48JzUBgAOoANxzOK5t+Lu2BN3X/b1B2DQWi6qTs+9JatQZtFQ7MQa8RyIYhfPfbevb7t/bDAKnbavmag6PRdrKPPQ6vrFTqxxYA2IYhfPvQOlHBV3/cXOoLU81J2ei8Vzu2godWLNYPYSUAPDeO5toOGouOs/H2TQWhYqT8+lwqFdNJQa+cqBNSCKZTw/8GyIzafiTtvXDFyuPD2XahBnFw2ldgCc6a9woAaW8dz7fd4xOVU/AaHtawZuqv/ZlZXeIE5uxhoH1oAYpvHcm5E4Enj9/a8MWjN3Wf2Prq30hjJyLeLMjtwBRbON576Ku8uh3BsQhkFr5qpPzyuI51JH6PUnKQI1sI3n5VTcaftqrP70XKxBnGF2K9QijgNrQAzjeO6tuP+q+8f6FXcGrdmqPz0Xy24N27E8lHkFVjNfgbJZx/PYirt6TZFBa6YaSM/F4rlZQxm5EoPdKwAKZh3PvRV3R7zXH4V+0zqkNa2B9LyChjJiL0F9gwxQA/N47q24Ox6h62+ZYdCanRbSc7FgaFmtFjpzpz8XGaiAfTwvpuLOoDU7TaTnYgNHDV+C0EwWJrIAEQTi+djN5sVU3Gn7aqWN9FysQZz6yljZl3kF+mORgQoIxPPR6YCvRvd194/1t/0waM1IG+m5WDy3bK8mU3DnwBoQIYd4vu+rMz7t/rH6QzYGrdloJD2XOu1lGs+FZrIYvgKgWIPi+S8SrT3fKRfHoLVTKu5taCQ9F2sQZ/n0WWgIOhNZgOEGxXPHuIXxV+Er0jlGoas/ZaPtq4UXtf/MVmqI50JTX5nIAgyXRzwvpuLOoDUDu9p/ZStS3VhMnz7LzGRhgzswXB7xPLrirl6WY9Cauivaf2MzUg3iTOO5zIsw7HEHFCuTeB5bcVe/c9H2VV0z6blYPLfdTSZyip4N7sBwucRzb8XdkaGrz5Ji0JqydtJzqcPbxvFc5sSa6UsAypRLPPdW3L/t/rF+xZ1Ba7raSc/FGr7atj+XObHGBndgsGzieTEVd9q+qmooPZeL56a7w2VOrLHBHRgsn3geW3FX3wl7wzrENaWl9FzorJfBU6gNjtvEMGxwBwbLJ57HVtz1i4sMWtPTVHou1vDVNhiKtLnTn58IFC+jeO6tuDsmp46dBzPYnnWQa0hT6blYPLcdZyIyY40N7sBgh0PWWOJ4vu8r1Dkq8urZCG1ftbSVnos1cLcNhoPuKU6mLwEo05AlljieR5+/Va+4M2hNSVvpuVjD11PblyFyAp0N7sBgQ5ZY6nju7RXpqLirj0Jn0JqOxtJzsXhunNyKnEBngzsw2JAlljyex1bc1TfP0PZVRWPpudSwUevkVuRlsMEdGGzIEksez6Mr7tpf5hm0pqG19Fyu4attcivyMujgDgw2ZImlj+feirsjQVevuDNoTcGe8h/VnFg8v2/7OiReAhvcgcGGLDGFeO6tuDseoat/m79mHezqd037b2pOLJ4bF6tFzt3ZvgSgRENWmEI8j76laY9CZ9Bacs2l53IDWYyL1SIz0NngDgw1ZIVpxPPYivupdsWdQWuJtZeeyzVwNy5W+1o9BmGDOzDUkBWmEs9jK+7qPbFo+5pWe+m5XDw/sX0ZIiNZ2OAODDXoLtH9Y+Er8lbcn3b/WLvizqC1pFpMz2U6sSRYkxavgw3uwFBDVphOPPdW3B2D1tRHoTNoLaUW03OxBu7WD58lOsqoz2UAijdkhSnF833f2MhcRqFTcU+nyfRcLp4bP3wWaXRn+xKAAg1ZYErx3D/QwVFx1x77TNvXdJpMz+XiufEBdJGDd+pjGYDSDVlgWvHc+/U+l4o7g9ZSaTM9l+l8PmW8mUzk4J32hhigeEMWmFo8n5RScWfQWiJtpudyA1lsJ6BPJr5DKiHY4A4MNGSB6cVzb8XdkaFr3wJo+5pGo+m5XDy37pYqUWiw/k4CFGfIAtOL594b27eOn2s/c2PQWhKNpudy8dx4ArrICzE+RA+UZ9AC6/5xkuuKrLhrH3Jh0FoKrabncgNTrTeHi2yIM34NQHGGrC/NeE7FvV2X7ij/EbMhNpDFenO4SIc4Or4CwwxZX454nmZXeSkV96vW0a8+O8p/wnzIxXPrWCjRIc740B1QnCHryxHPE906fBX3rx0XqTyYhUFr0tpNzwXjuXYvhm0SJ+nZ4A4MM2R96cZzb8XdkQIcpbkcp5vW8a827abngvHcOhZKbIiz3qQPlGbI+vp1949TlfZibwnapUbavopqOD2XG4BufthLYmSq9SZ9oDQCyy5Z/PRV3B2TU7Ur7gxaE9Vwei43MNU8t/VW10IoL2SgdAKrLlk8P/RtqnH859qTFhm0Jqjl9Fwwnpsf9pJ4Ddab+oDCZL3qYo/jand+pu2rnKbT84riucSGOOtNfUBhBFZdwm/RvpvCr7p/fKpcqGPQmpi203PBeG6d2z4UeA3ahTagcAKrLuGd48BXcXc8QtfeDcSgNSltp+dyA1PN4zkb3AF1Aqsu5Z2jlIo7bV9lNJ6eC8Zz6wNrdHwF1AksuqSZgO8G50jgtUeh0/ZVRuPpuWA8127DsE3k6J3yKgYKJ7Doksbz2Iq7dqmOQWsSWk/PBeO5ea1aouOrdpkNKJvAokv7pC624q68N5a2rxJaT88F47n2pMEkL8X6oQFQFoFFl3jnje++4Bi0pl1xv2UdCytwWfdPlqHHAutxwfqlHAm8Busud0BZHD3Zh0gcz70Vd8codO2CI4PWRrup/CfLj8Su8AXr5moSs9xPjF8DUBaBqljqkzHeG8PT7h8rF+uouI9Fei4Zz60PrLHBHdBWQDyPrbhrj0Kn7etIpOeS8dx6erjIBnfrLyVAUUqI57EVd+0tQQxaG4X0XDSem+8lk9jgbv2lBChKCfF8ct93CXlU3Bm0NgrpuWg8N2+WKrHB3foUPVCUIuK5d9vvt46fK1fcafs6Aun5RDSemx9Al9jgbv4igJKUEc/3Yyvuypt8GbQWj/R8IrMpfOG0htdi/iKAkpQRzyf3fBfh2BOnXK9j0Fo00vMpkU3hC1W8Fjq+AuEKiefRFXflDbJU3GORnk9JxnPlh00XsMEdUFZKPI+tuJ/oVtzvMGgtDun5jGQ8Nw+FEhvczXfpAwUpJZ77K+6Ou4dyxZ1Ba3FIz2ck47l5KJTY4E7HVyBcMfE8urW18oyma9aRsUik53OS8dz8rJfEBnfzsTJAQcqJ596Ku2Ny6qlyxZ1D6BFIz+ck47n5WS+Rw3fWLwIoSDnxPLrirlyyY9DacFd0/0T5kozn5qmtyIsx3wUAlKOgeF5KxZ1Ba4Pt6v6F8iUZz81T2wOJF0HHVyBYSfG8kIo7bV+HIj0/JxrPzc9uS7wI810AQDlKiuf+irsjoCs/SWTQ2kCk5+dE47l5qfpY4EWY7wIAylFUPJ88jLzEB3qXOMWgtUFIz5dE47l5qTr2Adk6Or4CwcqK5/snvtXv+LFu6XHPOkKWhfR8SeSR8znzA+giG9zNnxoAxSgrnvvzlzwq7rR9HYD0fM345bhi3ovFO+c4hPlTA6AYAvFcNQ2I7VGhXHFn0Fo40vM145fjivmjZ5GnB+ZVBqAYpcXz2Iq78nQKBq0FIz1fN345rrF+MSKvxrzKABSjtHju/87vGoWuepWT69Zhshik5+vGL8c11i9GZCKLeVscoBjFxXN/xf1pDpfJoLVApOcbxi/HNeaPniUmsth/KwFKUV4891bcv3P8XLfizqC1MKTnG8YvxzXKjREvij1fusH8WwlQivLieXzFXbdNHG1fQ5Cebxq/HA1X5gUiB9bMj9EDpSgwnkdX3HVbRzJoLQTp+abxy3HNQ+tX423oGIKOr0CgEuO5t+LuiOfKlTsGrfldVf2LFGD8clxTx4E181cBlKLEeB5dcT/RrbjT9tVrT/UPUoDxy3GNfa/UOl4FUIgi47m/4u7YE6dbumPQms811b9HAUT7t2ewNVziwBodX4FAZcbzfd/kpm8dP9fd8cugNQ/S8y3C8Vz3SEcHkQNrbHAHwpQZzyeHvotyVNyVR6FTce9Fer5NOJ6bR0KRA2vm2/SBQhQaz/0nYRwVd93ukbR97UV6vk04nptHQpEDa3R8BcKUGs8nvoq7i27FnUFrPUjPLxCO5+ZHvUQOrJ1YvwqgELHzytbYxHNvxd0xOVW54k7bVzfS8wuE47n5US+Z12P9KoBCCBTEjIp63it37K3VvcfR9tWJ9Pwi4Xhun9mKvAzzbQBAGcqN59EVd91R6AxacyE9v0g4nttntiIH1nRXLFCsguN5dMVd9Twrg9YcSM87SMdz86PbIgfWzLcBAGUoOJ77r90R0HUr7rR97UZ63kFk/9ga80q1yIE1820AQBlKjueFVNwZtNaF9LyLyPkus096shdk/SqAMhQdz70Vd9fTO9W+WQxa60J63kU6npsfQL8v8jLM+9wBRSg6nkdX3I9Vr/KmdezM0I7qX6AY0vHcvFItsyFAt2kEUKqy43l0xV33mmn7uu3SHdU/QDGk47nuF9cO+yIvw7zMABSh8Hh+6DsPk0XFnUFr20jPuwm0d9pk/YJkDqCblxmAIhQezycPfFf3dfePj1XbxDFobRPpuYPI8a515gfWYitoG+z74gAlKD2e+++AT7t/rHum9UXrCJoX0nMH8XhufmBN5hXpNmkGClV8PD/wVdwdg9Z073QMWltHeu4iHs8rObBm/rUEKEHx8dxfcXeMQj9R/c7PoLU1pOcuIu1RM1qcUvHc/GUAJSg/npdRcaft6wrpudP41bjFfCeZzIG1h9YvAyhBBfE8uuKueqqVQWtLpOcuMqe71pkfWJOJ5+YvAyhBBfE8uuKuOwqdQWsLpOdO3uOXw1m/JKGSg/WrAHLydXentOP/MX6pmcdzf8XdkaE/1rxI2r4ukJ67HdZ3YE3mKwob4oCV50vi6S9EVtYF9vHcW3H/1vFz1Yo7g9ZmSM973RdO0c0Docw3lPvWLwPIyHxVPP2FY2/YGBlMJy6j4s6gtSnS837774lGdPMDa49FXkYGNxkgG6tvyb/8tcgCWzHfQjuJr7irXjsV9xdIzwPsPziRW53m1TOZA2s53GSAXGwEvF/9SmSNZbTUoivuqukLbV9feOGG5hterHsPq1md3tpZGOuXAWRkO4H9+pcyy+wsgzvG1D3fVTomp56q7hdi0Nplzbe7ZPv3ZQrV5ie9ZA6s2e/rA/LRUZB++gtX0urSndZnEc/9j+kcGbzq1TNo7abm2126/z5wfXayfhGHEi+CEejAGscD5l/8MGRN/bzzp3nE8/3YXUSqFffW276Snofbl9gZfmq/OgVexVkG+wCAfIicGsk5nkdX3HVHoTc+aI30PNjhqE1xx08evvfgrvlhtSmZ7fpscAeW6o/n0RV31SeMbQ9aIz0PNmIb2dt5PWsWufUQzoGVBuJ5dMVdtZTXdNtX0vNA+2M2w2U2vETi1kM7GWBNA/HcX3F3BXzNinvLg9ZIzwPdHVejzis/H38A/Vj1kRiQvRbiub/i7niErlpxb3jQGul5kP2jUas0twR9dDxnKxywqYl4Hl1xV306d806rFohPQ9yeBy/QheyStDHHkD/O9WmzEABmojn8RV3zY3AzbZ9JT0PIdEfNavdY6MbypCfA5vaiOf+ivvX3T8+0cwBGh20RnoeQCA5P9OeM+SxX9WrATLQSDz3V9wdA+ZUM5o2B62RnnuNfnJ+LquU9snYE+hZlRsAe43Ec3/F3TFoTbXi3mTbV9Jzr7tic9VOrF/Kpv279997MuIWlNV+AMBcK/F84s1wchiF3uKgtVuK72+R9sVmqp3lemD77t333nsY8UQhrw37gLVm4vm+N8dxVNwfa15le4PWrmi+vSW6L9MXNctFuSFmf1wWjWuBXDQTz/23C1fFXXOCU3ttX3cV390CHYos0DX5lqhj4nlm9xjAlsjt4pvOn57cz2v/aREV99YGrZGe9xHbB7eS7x6yqPNrjEsFVqS//m968iCjdMBfcXdk6KoV98YGrZGe97gntg9uJbMdcWui4nm+LwfQlzaeP3d8lE2TZe8N41vHzzVHobfV9pX03E281D6XbUYb118mqxN4gK3k8fy5k6NM7iHRFXfNKkNTg9ZIz10SlNrn/sr6lbnExXOaygBLGvF8uuoe3stg3UVX3DW33bQ0aI303EV2V/u6Z9YvzSWyoS1n1oBzSvF86rH9/jgq7nkhPe92V6S7q8Pb1q/OIbZBfUZbdABbivH8uWPr/XF3fa/X0cf9VHMTQDNtX0nPOx14pw2MkmvBPTaec2YNWEgYz3/T+VPr/XG+iO6oc2qOQm9m0BrpeYd9iUFqff7W+hU6RL/uTHbnAObS5uc//3lXvmv8kr05eifNfbSNDFojPe+Q7sH5uVwfoEfHc86sAXO69fY58yaNvRH9K8fPNcsKbbR9JT2/IOmD83NvWr/KbvF1Cc3dLUDGmozn/RE9g4p7E4PWSM+3JTpxvi3T8BcfzzmzBsw0Gs9jqu6anTJbGLRGer7pQHKOWp+fWr/SbiNefr5NbAFNzcbznojueoKped31t329pvhuFmD/veQPzs9lGs/H3Io4swZMmo7n7ozI8Qj9RLGsV/+gtT29N7MAD9Si+dnZX1u/2G5jbkWcWQMmjcfzoTVOzbJe7YPWSM/X3E8weMXt1Prldht1K8rongKY0Xpml+3a64zoOVTcK2/7Snq+dFc1mmd7AH1UPNfcrQrkKnXzii5ZxfPuiO6ouGtupK277Svp+bm4dghjZPr8fNyLum99+YA94vlkSNVdcxR61YPWSM/n9KN5pfGcpjIA8XzuQkR3DFrT7C1Z86A10vMZtSNqG35s/bK7jXxVmZ6qBxQRzxe2b62uUeiKFfeK276Snk+sonmu/eH2R74qmsoAxPOlg80TwE+7L16z4l7toDXSc7tofvaD9Svv5p1l7KM5YQHIEvF8zUZPD1fFXbGuV+2gNdJzs2ie7ePz0fGcBB3NI55vWI/oroq7Yi+qStu+Np+eG0bzXMvt4+M5CTqaRzzfshbRHRV3zV5UdQ5aazw9N43muabnAnciEnS0jnh+wTKif+u4fsWKe5WD1tpOz22j+dl3ubY6F7gTkaCjccTzDucR3VVxVxyFXmHb10stp+d3HysutA7P3rZ+B1wE7kQk6GicRT+L7OP5MqI79sRpNpesb9DajuK7lxmL1bYh33A+kfiiQ4KO1u3f104ZCojnz9+WByfuirvifaO6QWuX7ui9eXkxj+Zn32W6F25K4s0hQQcmk3sPFcc1lhHPJ7OpV46K+xkV92itpueH5tH8Wa5b4WZE3h4SdGDq8EhtylMp8fx5RP+F43uOYsW9sravjabnxrvgzqbRPNedcHMitx+6uAMLhw+OJdaUVznxfDL5t+9tuTvHoLVITabn+0cqC6vHD5lH89Ht2xcYswYsHWg8TC8pnuegpkFrTabnDzSfZnX54UPrt8BP5pWSoAPr9u+nfphOPB+mpravDabnd3WqXm4lRHOpeM7NBdh2L+nDdJbcQPUMWmsvPTcvtZcRzScHQi9Xc14SUIrDo2RpBfF8qGoGrTWXnt9V22Xa7bSUseDj27cv5L5PALBx8CDNERvi+VC1tH1tLj03Ts5/KCWaC8bzI+tXAuQqSbMZ4vlglQxaayw937d9cl5IpX1OLJ6fWr8SIGfizWaI58NVMWitsfT80LTWXlQ0F4znHFkD+sk2myGeD7dnHYsltJWeH1qeUnv2kfXLH+i+2EvXnK4AlEmw2QzxPEIFbV/bSs8tw/mz//n3dweyHnonOOiRHXGA38EDmYfpxPMY5Q9au2n9Fmo6MAznn7wy8i916cq5qzsLtxKHfcF4zo44IIhIsxnieYziB61dtn4HVf21QGCK8+Vr6f+WL86C/bVVpL899v0SjOf0iAOC3Xs48mE68TxK6W1fm0rPH8mEpuG+/5Hhn3gW5acx/sY0xg96vCIYz8/upfqrAjUa12yGoYZRCh+01lR6LtXtbLBHmX3ru3Qe4W95ArxkPKfgDgxzEL8/jngep+xBa02l5/9bMDoN8OXYB+fpTSv115/H9+0avWQ8p+AODBbbbIZ4Huma9c14hKbS8/1ngtEpmGmpPdKL8y13t3b/leQ7cWj9AQCKFNNshngeqeRBa02l538mGZxCfZxZqX2YtyTfinLa3AKZuTu02QzxPFa5g9aaSc9v797a2fnPksEpzPdvWP+JxxGN50+sPwVAwYY1myGeRyu27Wvt6fneNIxfOf/zfCoZnII8svzjShCN52fWHwegbAOazRDPo5U6aK3a9Pz27o2da1e2Tx78XDQ4+X2jcOQ8Mdl4zgN0YKTQZjPE83iFDlqrLj3f2725c/WK69uVcjwv+8n5nGw85wE6ICCk2QzxfIQiK+4Vpee7uzvXL+Tj234iGpw8Sn9yPicbzzmBDsjwNpshno9QZNvXGtLz3Vs715wJ+Za/EA1O/T6vIDl/QTqe/9X0gLv1iBmgDv3NZojnYxQ4aK3s9Pz2gEC+8IZocOrzrMAz551k4/l3i//VF6en22/t7lp/hoCy9TSbIZ6PUt6gtUJvp3u7N/yl9W5a/WQKaAgXSDaen1343788bTt7k8gOxLp39N6GB3dnmE88SnFtX69Yv2ODzVLyMS/5E9no5PJI6C+UAeF4/qr7X1pE9tET4QBgtNIemJaUEz2P5FcFCiAqBfcKTqmt6MXzlUU1nufsAKwUNmitkPRcKJIvfCkbnrrUcEptRTie/7Nh//p0lvuNgRNeAWC8siru2afne7s716Q3JSRP0Os4pbYiHM/fjbyMWTH+FsV4AFquSt5JE8s6PZ/ueEvTci9xgv4oyUUbyiSer0zHut5g/xyAxEoatJbpHfF5Ui5YXr/olZRb3OvZ1r6UXTxfmj1lpxYPIJGbcrerxDJMz2/f2kmUlK87kg1Qa0qcc+6VbzxfujSvxbN9DoCoYtq+5pWe3755Xe2d+1w2Qp37/h2tF6CqgHi+dGlai+fEGwAZpQxayyc91wzlM9e/kQ1RM5VG8xdeeF32fXpX56oJ7ADGK2TQWhbpuXoon3tN/BH6N7VG8xdeeFX2nfqXypfP7jkA8Ypo+2qenu/d2rF7NCEc0D+p7IjaBuF4/vtWr+PF+Ul26889gJIUMWjN8r52Z3fnqvFTCcGA/s07VbWPuUA4nr9q/XoI7ADCFTBozSw9v31TvENMFKFn6N8/qu+A2hbheP6S9etZIbAD8Mq/7avF0Z7nabnCabRgH48OTd8cVR/Mn3tZIIivsX45XTjIDsAl+7av17Tfkb1M0vJ1b3w/Iiw9+/ydFoL5lFgon/ob61fT6zKBHcCW3J+oqqbnuzesn5a7PIp8iv7NxzVvgNv2lWQ8/y/WrybMIrDToQZA5m1f1dLzaYnd+sX2uT48on/z8Y9y/7Ym7JFkPP8n1q9mIFrPAc27ZX0f6qVyd7pz63p2JfaLrr8TvjHu2ZeP3mgslk+9KxnPX7Z+NbFoPQc0K+dBa+nT8xwflzu9cuQfufbsy4/fec36Qo38I8Fw/nfWL0bAi4xkB9qSc8U9bXr+PJbnv79/2xuPPnfsjvvmy0dHLWblK5IH1h5avxhJs4fs1OKB+uXb9jVhel5kLF967Y13Hj169PmXU8//H4/eeaOlbW9ugvH8d61fSxo0lQXqlu1GsET5xJ1b1wuO5XD7VCyc11Bu77VI2XnKDtQl10FrKdLzMva+Ic4/F4vn/9r6peiZPmXnxBtQi0zbvorfYTI/k4axxDrE/TajZq96rhDZgfJlmbLKpue3s+0VAzm/FIrnP7Z+IcaI7ECxshy0JnczuVP05jeE+4cy4bzN9LzTrGP8TXbQAeXIsOIulZ7v7mRZfUAKL43pdL/Senreadan5nnSzhY6IG93sstfL0l0wdi7SZG9LSIt4r61fhW5e3HaW/YG9XggT9kNWtsZ/ZI4ldYgkQT9D61fRUHOQztZO5CNO5nt/B6Znu/dyLmNLdIRSNALmayWncuzgvwtnrUDFnZ3d3d2dq5cyfAB85j0fJcj5g0bvcX9K+tXUIMr07Sdh+1AUnd2d2/NYnhm+fiW6PT8zs1rPDFv2u+ODOc/NN0CP4FL57GdvB0Y7/bu7s2dnWtZ5uEOcen57RvlvEKk8mBUOH/296yvv2pXzmvybKUDQu2VkYa7xKTnbH/D3H8bE85bnTVr4PKV6dn2aeLORFdg0zwLv/48hJdfcB6anlNlx8pLX0SH898Szo1cnlflb/HIHY3am+9nu1pSIT3IsPScvezYFB3Qv+HZeR6uzBrOTlN36vKo1u15Gf1qqXX0QAPScx6Z46KX/iYqnH9Mm9csXZkX5m+xpQ5lm6bgN+ZV9HaeDgen57d5ZI5uEc/Qv//H1heNEJfne+qmyTvhHXnbndfQ2wrgW8LS81vMWIHbH/0wLJo/e0StvUiXFtn7jV0evcPYnUX8nu5Er7qEPkBIen6L/W/o99JPhkTzj1+xvl7ImMb36c66Wf7OxnkktAzf11rOvz286TnBHCF+/+eB0fybI3Lzei0D/E0q9BhhFr1vnmffhO8wl/u/UxPMEez3A3L0z49IzRszfQI/ewQ/y+Ep0uOivWXwvkrtfIybPW8ywRzDvPQv/m9PLP/y0RvWF4gszEL89DH87Dk8aXxTZn/xG+d1czJvSZed7zrBHDFe+qO/+OWFzXHff/noHXrHoNeLyyA/OytHlC/d3ipyz2rmhO7kHOk5wRxjvPSHb/zrR3N/8cYbVNgRbxYJZk/kz+M8JfuszMP27vwvdJXAbagzPSeYA8jdi/NIf3091BPr05i/ufMn3PPz3Veq65NagYvp+e3rBHMAZbs0DzmL+v35dnsifpe987dm9/zNWgRsNqaVZTs9pwMcgEacx/xF+/pzt3bXlBn9b6+/hFtrr+366iVzq6/ORnq+R292AOhx+cpFV3cC7IYI+R/quIAKZnxivLX0/M5NgjkAAEVapue3GIEKAEChFun5bbazAwBQrml6vrfDtggAAAp2mYfmAAAU79o16ysAAAAAAAAAAAAAAAAAAAAAAAAAAAAAAAAAAAAAAAAAAAAAAAAAAAAAAAAAAAAAAAAAAAAAAAAAAAAAAAAAAAAAAAAAAAAAAAAAAAAAAAAAAAAAAAAAAAAAAAAAAAAAAAAAAAAAAAAAAAAAAAAAAAAAAAAAAAAAAAAAAAAAAAAAAAAAAAAAAAAAAAAAAAAAAAAAAAAAAAAAAAAAAAAAAAAAAAAAAAAAAAAAAAAAAAAAAAAAAAAAAAAAAAAAAAAAAAAAAAAAAAAAAAAAAAAAAAAAAAAAAAAAAAAAAAAAAAAAAAAAAAAAAAAAAAAAAAAAAAAAAAAAAAAAAAAAAAAAAAAAAAAAAAAAAAAAAAAAAAAAAAAAAAAAAAAAAAAAAAAAAAAAAAAAAAAAAAAAAAAAAAAAAAAAAAAAAAAAAAAAAAAAAAAAAAAAAAAAAAAAAAAAAAAAAAAAAAAAAAAAAAAAAAAAAAAAAAAAAAAAAAAAAAAAAAAAAAAAAAAAAAAAAAAAAAAAAAAAAAAAAAAAAAAAAAAAAAAAAAAAAAAAAAAAAAAAAAAAAAAAAAAAAAAAAAAAAAAAAAAAAAAAAAAAAAAAAAAAAAAAAAAAAAAAAAAAAAAAAAAAAAAAAAAAAAAAAAAAAAAAAAAAAAAAAAAAAAAAAAAAAAAAAAAAAAAAAAAAAAAAAAAAAAAAAAAAAAAAAAAAAAAAAAAAAAAAAAAAAAAAAAAAAAAAAAAAAAAAAAAAAAAAAAAAAAAAAAAAAAAAAAAAAAAAAAAAAAAAAAAAAAAAAAAAAAAAAAAAAAAAAAAAAAAAAAAAAAAAAAAAAAAAAAAAAAAAAAAAAAAAAAAAAAAAAAAAAAAAAAAAAAAAAAAAAAAAAAAAAAAAAAAAAAAAAAAAAAAAAAAAAAAAAAAAAAAAAAAAAAAAAAAAAAAAAAAAAAAAAAAAAAAAAAAAAAAAAAAAAAAAAAAAAAAAAAAAAAAAAAAAAAAAAAAAAAAAAAAAAAAAAAAAAAAAAAAAAAAAAAAAAAAAAAAAAAAAAAAAAAAAAAAAAAAAAAAAAAAAAAAAAAAAAAAAAAAAAAAAAAAAAAAAAAAAAAAAAAAAAAAAAAAAAAAAAAAAAAAAAACF+f/XESToDQplbmRzdHJlYW0NZW5kb2JqDTE2OCAwIG9iag08PC9CaXRzUGVyQ29tcG9uZW50IDggL0NvbG9yU3BhY2UgL0RldmljZVJHQiAvRmlsdGVyIC9EQ1REZWNvZGUgL0hlaWdodCAyMDAwIC9MZW5ndGggMTM4NjIyIC9TTWFzayAxNjkgMCBSIC9TdWJ0eXBlIC9JbWFnZSAvVHlwZSAvWE9iamVjdCAvV2lkdGggMjAwMD4+DQpzdHJlYW0NCv/Y/+AAEEpGSUYAAQEAAAEAAQAA/9sAQwAIBgYHBgUIBwcHCQkICgwUDQwLCwwZEhMPFB0aHx4dGhwcICQuJyAiLCMcHCg3KSwwMTQ0NB8nOT04MjwuMzQy/9sAQwEJCQkMCwwYDQ0YMiEcITIyMjIyMjIyMjIyMjIyMjIyMjIyMjIyMjIyMjIyMjIyMjIyMjIyMjIyMjIyMjIyMjIy/8AAEQgH0AfQAwEiAAIRAQMRAf/EAB8AAAEFAQEBAQEBAAAAAAAAAAABAgMEBQYHCAkKC//EALUQAAIBAwMCBAMFBQQEAAABfQECAwAEEQUSITFBBhNRYQcicRQygZGhCCNCscEVUtHwJDNicoIJChYXGBkaJSYnKCkqNDU2Nzg5OkNERUZHSElKU1RVVldYWVpjZGVmZ2hpanN0dXZ3eHl6g4SFhoeIiYqSk5SVlpeYmZqio6Slpqeoqaqys7S1tre4ubrCw8TFxsfIycrS09TV1tfY2drh4uPk5ebn6Onq8fLz9PX29/j5+v/EAB8BAAMBAQEBAQEBAQEAAAAAAAABAgMEBQYHCAkKC//EALURAAIBAgQEAwQHBQQEAAECdwABAgMRBAUhMQYSQVEHYXETIjKBCBRCkaGxwQkjM1LwFWJy0QoWJDThJfEXGBkaJicoKSo1Njc4OTpDREVGR0hJSlNUVVZXWFlaY2RlZmdoaWpzdHV2d3h5eoKDhIWGh4iJipKTlJWWl5iZmqKjpKWmp6ipqrKztLW2t7i5usLDxMXGx8jJytLT1NXW19jZ2uLj5OXm5+jp6vLz9PX29/j5+v/aAAwDAQACEQMRAD8A+f6KKKACiiigAooooAKKKKACiiigAooooAKKKKACiiigAooooAKKKKACiiigAooooAKKKKACiiigAooooAKKKKACiiigAooooAKKKKACiiigAooooAKKKKACiiigAooooAKKKKACiiigAooooAKKKKACiiigAooooAKKKKACiiigAooooAKKKKACiiigAooooAKKKKACiiigAooooAKKKKACiiigAooooAKKKKACiiigAooooAKKKKACiiigAooooAKKKKACiiigAooooAKKKKACiiigAooooAKKKKACiiigAooooAKKKKACiiigAooooAKKKKACiiigAooooAKKKKACiiigAooooAKKKKACiiigAooooAKKKKACiiigAooooAKKKKACiiigAooooAKKKKACiiigAooooAKKKKACiiigAooooAKKKKACiiigAooooAKKKKACiiigAooooAKKKKACiiigAooooAKKKKACiiigAooooAKKKKACiiigAooooAKKKKACiiigAooooAKKKKACiiigAooooAKKKKACiiigAooooAKKKKACiiigAooooAKKKKACiiigAooooAKKKKACiiigAooooAKKKKACiiigAooooAKKKKACiiigAooooAKKKKACiiigAooooAKKKKACiiigAooooAKKKKACiiigAooooAKKKKACiiigAooooAKKKKACiiigAooooAKKKKACiiigAooooAKKKKACiiigAooooAKKKKACiiigAooooAKKKKACiiigAooooAKKKKACiiigAooooAKKKKACiiigAooooAKKKKACiiigAooooAKKKKACiiigAooooAKKKKACiiigAooooAKKKKACiiigAooooAKKKKACiiigAooooAKKKKACiiigAooooAKKKKACiiigAooooAKKKKACiiigAooooAKKKKACiiigAooooAKKKKACiiigAooooAKKKKACiiigAooooAKKKKACiiigAooooAKKKKACiiigAooooAKKKKACiiigAooooAKKKKACiiigAooooAKKKKACiiigAooooAKKKKACiiigAooooAKKKKACiiigAooooAKKKKACiiigAooooAKKKKACiiigAooooAKKKKACiiigAooooAKKKKACiiigAooooAKKKKACiiigAooooAKKKKACiiigAooooAKKKKACiiigAooooAKKKKACiiigAooooAKKKKACiiigAooooAKKKKACiiigAooooAKKKKACiiigAooooAKKKKACiiigAooooAKKKKACiiigAooooAKKKKACiiigAooooAKKKKACiiigAooooAKKKKACiiigAooooAKKKKACiiigAooooAKKKKACiiigAooooAKKKKACiiigAooooAKKKKACiiigAooooAKKKKACiiigAooooAKKKKACiiigAooooAKKKKACiiigAooooAKKKKACiiigAooooAKKKKACiiigAooooAKKKKACiiigAooooAKKKKACiiigAooooAKKKKACiiigAooooAKKKKACiiigAooooAKKKKACiiigAooooAKKKKACiiigAooooAKKKKACiiigAooooAKKKKACiiigAooooAKKKKACiiigAooooAKKKKACiiigAooooAKKKKACiiigAooooAKKKKACiiigAooooAKKKKACiiigAooooAKKKKACiiigAooooAKKKKACiiigAooooAKKKKACiiigAooooAKKKKACiiigAooooAKKKKACiiigAooooAKKKKACiiigAooooAKKKKACiiigAooooAKKKKACiiigAooooAKKKKACiiigAooooAKKKKACiiigAooooAKKKKACiiigAooooAKKKKACiiigAooooAKKKKACiiigAooooAKKKKACiiigAooooAKKKKACiiigAooooAKKKKACiiigAooooAKKKKACiiigAooooAKKKKACiiigAooooAKKKKACiiigAooooAKKKKACiiigAooooAKKKKACiiigAooooAKKKKACiiigAooooAKKKKACiiigAooooAKKKKACiiigAooooAKKKKACiiigAooooAKKKKACiiigAooooAKKKKACiiigAooooAKKKKACiiigAooooAKKKKACiiigAooooAKKKKACiiigAooooAKKKKACiiigAooooAKKKKACiiigAooooAKKKKACiiigAooooAKKKKACiiigAooooAKKKKACiiigAooooAKKKKACiiigAooooAKKKKACiiigAooooAKKKKACiiigAooooAKKKKACiiigAooooAKKKKACiiigAooooAKKKKACiiigAooooAKKKKACiiigAooooAKKKKACiiigAooooAKKKKACiiigAooooAKKKKACiiigAooooAKKKKACiiigAooooAKKKKACiiigAooooAKKKKACiiigAooooAKKKKACiiigAooooAKKKKACiiigAooooAKKKKACiiigAooooAKKKKACiiigAooooAKKKKACiiigAooooAKKKKACiiigAooooAKKKKACiiigAooooAKKKKACiiigAooooAKKKKACiiigAooooAKKKKACiiigAooooAKKKKACiiigAooooAKKKKACiiigAooooAKKKKACiiigAooooAKKKKACiiigAooooAKKKKACiiigAooooAKKKKACiiigAooooAKKKKACiiigAooooAKKKKACiiigAooooAKKKKACiiigAooooAKKKKACiiigAooooAKKKKACiiigAooooAKKKKACiiigAooooAKKKKACiiigAooooAKKKKACiiigAooooAKKKKACiiigAooooAKKKKACiiigAooooAKKKKACiiigAooooAKKKKACiiigAooooAKKKKACiiigAooooAKKKKACiiigAooooAKKKKACiiigAooooAKKKKACiiigAooooAKKKKACiiigAooooAKKKKACiiigAooooAKKKKACiiigAooooAKKKKACiiigAooooAKKKKACiiigAooooAKKKKACiiigAooooAKKKKACiiigAooooAKKKKACiiigAooooAKKKKACiiigAooooAKKKKACiiigAooooAKKKKACiiigAooooAKKKKACiiigAooooAKKKKACiiigAooooAKKKKACiiigAooooAKKKKACiiigAooooAKKKKACiiigAooooAKKKKACiiigAooooAKKKKACiiigAooooAKKKKACiiigAooooAKKKKACiiigAooooAKKKKACiiigAooooAKKKKACiiigAooooAKKKKACiiigAooooAKKKKACiiigAooooAKKKKACiiigAooooAKKKKACiiigAooooAKKKKACiiigAooooAKKKKACiiigAooooAKKKKACiiigAooooAKKKKACiiigAooooAKKKKACiiigAooooAKKKKACiiigAooooAKKKKACiiigAooooAKKKKACiiigAooooAKKKKACiiigAooooAKKKKACiiigAooooAKKKKACiiigAooooAKKKKACiiigAooooAKKKKACiiigAooooAKKKKACiiigAooooAKKKKACiiigAooooAKKKKACiiigAooooAKKKKACiiigAooooAKKKKACiiigAooooAKKKKACiiigAooooAKKKKACiiigAooooAKKKKACiiigAooooAKKKKACiiigAooooAKKKKACiiigAooooAKKKKACiiigAooooAKKKKACiiigAooooAKKKKACiiigAooooAKKKKACiiigAooooAKKKKACiiigAooooAKKKKACiiigAooooAKKKKACiiigAooooAKKKKACiiigAooooAKKKKACiiigAooooAKKKKACiiigAooooAKKKKACiiigAooooAKKKKACiiigAooooAKKKKACiiigAooooAKKKKACiiigAooooAKKKKACiiigAooooAKKKKACiiigAooooAKKKKACiiigAooooAKKKKACiiigAooooAKKKKACiiigAooooAKKKKACiiigAooooAKKKKACiiigAooooAKKKKACiiigAooooAKKKKACiiigAooooAKKKKACiiigAooooAKKKKACiiigAooooAKKKKACiiigAooooAKKKKACiiigAooooAKKKKACiiigAooooAKKKKACiiigAooooAKKKKACiiigAooooAKKKKACiiigAooooAKKKKACiiigAooooAKKKKACiiigAooooAKKKKACiiigAooooAKKKKACiiigAooooAKKKKACiiigAooooAKKKKACiiigAooooAKKKKACiiigAooooAKKKKACiiigAooooAKKKKACiiigAooooAKKKKACiiigAooooAKKKKACiiigAooooAKKKKACiiigAooooAKKKKACiiigAooooAKKKKACiiigAooooAKKKKACiiigAooooAKKKKACiiigAooooAKKKKACiiigAooooAKKKKACiiigAooooAKKKKACiiigAooooAKKKKACiiigAooooAKKKKACiiigAooooAKKKKACiiigAooooAKKKKACiiigAooooAKKKKACiiigAooooAKKKKACiiigAooooAKKKKACiiigAooooAKKKKACiiigAooooAKKKKACiiigAooooAKKKKACiiigAooooAKKKKACiiigAooooAKKKKACiiigAooooAKKKKACiiigAooooAKKKKACiiigAooooAKKKKACiiigAooooAKKKKACiiigAooooAKKKKACiiigAooooAKKKKACiiigAooooAKKKKACiiigAooooAKKKKACiiigAooooAKKKKACiiigAooooAKKKKACiiigAooooAKKKKACiiigAooooAKKKKACiiigAooooAKKKKACiiigAooooAKKKKACiiigAooooAKKKKACiiigAooooAKKKKACiiigAooooAKKKKACiiigAooooAKKKKACiiigAooooAKKKKACiiigAooooAKKKKACiiigAooooAKKKKACiiigAooooAKKKKACiiigAooooAKKKKACiiigAooooAKKKKACiiigAooooAKKKKACiiigAooooAKKKKACiiigAooooAKKKKACiiigAooooAKKKKACiiigAooooAKKKKACiiigAooooAKKKKACiiigAooooAKKKKACiiigAooooAKKKKACiiigAooooAKKKKACiiigAooooAKKKKACiiigAooooAKKKKACiiigAooooAKKKKACiiigAooooAKKKKACiiigAooooAKKKKACiiigAooooAKKKKACiiigAooooAKKKKACiiigAooooAKKKKACiiigAooooAKKKKACiiigAooooAKKKKACiiigAooooAKKKKACiiigAooooAKKKKACiiigAooooAKKKKACiiigAooooAKKKKACiiigAooooAKKKKACiiigAooooAKKKKACiiigAooooAKKKKACiiigAooooAKKKKACiiigAooooAKKKKACiiigAooooAKKKKACiiigAooooAKKKKACiiigAooooAKKKKACiiigAooooAKKKKACiiigAooooAKKKKACiiigAooooAKKKKACiiigAooooAKKKKACiiigAooooAKKKKACiiigAooooAKKKKACiiigAooooAKKKKACiiigAooooAKKKKACiiigAooooAKKKKACiiigAooooAKKKKACiiigAooooAKKKKACiiigAooooAKKKKACiiigAooooAKKKKACiiigAooooAKKKKACiiigAooooAKKKKACiiigAooooAKKKKACiiigAooooAKKKKACiiigAooooAKKKKACiiigAooooAKKKKACiiigAooooAKKKKACiiigAooooAKKKKACiiigAooooAKKKKACiiigAooooAKKKKACiiigAooooAKKKKACiiigAooooAKKKKACiiigAooooAKKKKACiiigAooooAKKKKACiiigAooooAKKKKACiiigAooooAKKKKACiiigAooooAKKKKACiiigAooooAKKKKACiiigAooooAKKKKACiiigAooooAKKKKACiiigAooooAKKKKACiiigAooooAKKKKACiiigAooooAKKKKACiiigAooooAKKKKACiiigAooooAKKKKACiiigAooooAKKKKACiiigAooooAKKKKACiiigAooooAKKKKACiiigAooooAKKKKACiiigAooooAKKKKACiiigAooooAKKKKACiiigAooooAKKKKACiiigAooooAKKKKACiiigAooooAKKKKACiiigAooooAKKKKACiiigAooooAKKKKACiiigAooooAKKKKACiiigAooooAKKKKACiiigAooooAKKKKACiiigAooooAKKKKACiiigAooooAKKKKACiiigAooooAKKKKACiiigAooooAKKKKACiiigAooooAKKKKACiiigAooooAKKKKACiiigAooooAKKKKACiiigAooooAKKKKACiiigAooooAKKKKACiiigAooooAKKKKACiiigAooooAKKKKACiiigAooooAKKKKACiiigAooooAKKKKACiiigAooooAKKKKACiiigAooooAKKKKACiiigAooooAKKKKACiiigAooooAKKKKACiiigAooooAKKKKACiiigAooooAKKKKACiiigAooooAKKKKACiiigAooooAKKKKACiiigAooooAKKKKACiiigAooooAKKKKACiiigAooooAKKKKACiiigAooooAKKKKACiiigAooooAKKKKACiiigAooooAKKKKACiiigAooooAKKKKACiiigAooooAKKKKACiiigAooooAKKKKACiiigAooooAKKKKACiiigAooooAKKKKACiiigAooooAKKKKACiiigAooooAKKKKACiiigAooooAKKKKACiiigAooooAKKKKACiiigAooooAKKKKACiiigAooooAKKKKACiiigAooooAKKKKACiiigAooooAKKKKACiiigAooooAKKKKACiiigAooooAKKKKACiiigAooooAKKKKACiiigAooooAKKKKACiiigAooooAKKKKACiiigAooooAKKKKACiiigAooooAKKKKACiiigAooooAKKKKACiiigAooooAKKKKACiiigAooooAKKKKACiiigAooooAKKKKACiiigAooooAKKKKACiiigAooooAKKKKACiiigAooooAKKKKACiiigAooooAKKKKACiiigAooooAKKKKACiiigAooooAKKKKACiiigAooooAKKKKACiiigAooooAKKKKACiiigAooooAKKKKACiiigAooooAKKKKACiiigAooooAKKKKACiiigAooooAKKKKACiiigAooooAKKKKACiiigAooooAKKKKACiiigAooooAKKKKACiiigAooooAKKKKACiiigAooooAKKKKACiiigAooooAKKKKACiiigAooooAKKKKACiiigAooooAKKKKACiiigAooooAKKKKACiiigAooooAKKKKACiiigAooooAKKKKACiiigAooooAKKKKACiiigAooooAKKKKACiiigAooooAKKKKACiiigAooooAKKKKACiiigAooooAKKKKACiiigAooooAKKKKACiiigAooooAKKKKACiiigAooooAKKKKACiiigAooooAKKKKACiiigAooooAKKKKACiiigAooooAKKKKACiiigAooooAKKKKACiiigAooooAKKKKACiiigAooooAKKKKACiiigAooooAKKKKACiiigAooooAKKKKACiiigAooooAKKKKACiiigAooooAKKKKACiiigAooooAKKKKACiiigAooooAKKKKACiiigAooooAKKKKACiiigAooooAKKKKACiiigAooooAKKKKACiiigAooooAKKKKACiiigAooooAKKKKACiiigAooooAKKKKACiiigAooooAKKKKACiiigAooooAKKKKACiiigAooooAKKKKACiiigAooooAKKKKACiiigAooooAKKKKACiiigAooooAKKKKACiiigAooooAKKKKACiiigAooooAKKKKACiiigAooooAKKKKACiiigAooooAKKKKACiiigAooooAKKKKACiiigAooooAKKKKACiiigAooooAKKKKACiiigAooooAKKKKACiiigAooooAKKKKACiiigAooooAKKKKACiiigAooooAKKKKACiiigAooooAKKKKACiiigAooooAKKKKACiiigAooooAKKKKACiiigAooooAKKKKACiiigAooooAKKKKACiiigAooooAKKKKACiiigAooooAKKKKACiiigAooooAKKKKACiiigAooooAKKKKACiiigAooooAKKKKACiiigAooooAKKKKACiiigAooooAKKKKACiiigAooooAKKKKACiiigAooooAKKKKACiiigAooooAKKKKACiiigAooooAKKKKACiiigAooooAKKKKACiiigAooooAKKKKACiiigAooooAKKKKACiiigAooooAKKKKACiiigAooooAKKKKACiiigAooooAKKKKACiiigAooooAKKKKACiiigAooooAKKKKACiiigAooooAKKKKACiiigAooooAKKKKACiiigAooooAKKKKACiiigAooooAKKKKACiiigAooooAKKKKACiiigAooooAKKKKACiiigAooooAKKKKACiiigAooooAKKKKACiiigAooooAKKKKACiiigAooooAKKKKACiiigAooooAKKKKACiiigAooooAKKKKACiiigAooooAKKKKACiiigAooooAKKKKACiiigAooooAKKKKACiiigAooooAKKKKACiiigAooooAKKKKACiiigAooooAKKKKACiiigAooooAKKKKACiiigAooooAKKKKACiiigAooooAKKKKACiiigAooooAKKKKACiiigAooooAKKKKACiiigAooooAKKKKACiiigAooooAKKKKACiiigAooooAKKKKACiiigAooooAKKKKACiiigAooooAKKKKACiiigAooooAKKKKACiiigAooooAKKKKACiiigAooooAKKKKACiiigAooooAKKKKACiiigAooooAKKKKACiiigAooooAKKKKACiiigAooooAKKKKACiiigAooooAKKKKACiiigAooooAKKKKACiiigAooooAKKKKACiiigAooooAKKKKACiiigAooooAKKKKACiiigAooooAKKKKACiiigAooooAKKKKACiiigAooooAKKKKACiiigAooooAKKKKACiiigAooooAKKKKACiiigAooooAKKKKACiiigAooooAKKKKACiiigAooooAKKKKACiiigAooooAKKKKACiiigAooooAKKKKACiiigAooooAKKKKACiiigAooooAKKKKACiiigAooooAKKKKACiiigAooooAKKKKACiiigAooooAKKKKACiiigAqa6gNtcNCc7lA3A9jgZH55qbSrX7dq9na4yJZlVvpnn9KNXk83Wb6T+/cSN+bGs+f8Aecvkacn7vm8/6/Qp0UUVoZhRRRQAUUUUAFFFFABRRRQAUUUUAFFFFABRRRQAUUUUAFFFFABRRRQAUUUUAFFFFABRRRQAUUUUAFFFFABRRRQAUUUUAFFFFABRRRQAUUUUAFFFFABRRRQAUUUUAFFFFABRRRQAUUUUAFFFFABRRRQAUUUUAFFFFABRRRQAUUUUAFFFFABRRRQAUUUUAFFFFABRRRQAUUUUAFFFFABRRRQAUUUUAFFFFABRRRQAUUUUAFFFFABRRRQAUUUUAFFFFABRRRQAUUUUAFFFFABRRRQAUUUUAFFFFABRRRQAUUUUAFFFFABRRRQAUUUUAFFFFABRRRQAUUUUAFFFFABRRRQAUUUUAFFFFABRRRQAUUUUAFFFFABRRRQAUUUUAFFFFABRRRQAUUUUAFFFFABRRRQAUUUUAFFFFABRRRQAUUUUAFFFFABRRRQAUUUUAFFFFABRRRQAUUUUAFFFFABRRRQAUUUUAFFFFABRRRQAUUUUAFFFFABRRRQAUUUUAFFFFABRRRQAUUUUAFFFFABRRRQAUUUUAFFFFABRRRQAUUUUAFFFFABRRRQAUUUUAFFFFABRRRQAUUUUAFFFFABRRRQAUUUUAFFFFABRRRQAUUUUAFFFFABRRRQAUUUUAFFFFABRRRQAUUUUAFFFFAHSeBbfz/FVuxGREjufyx/M1gXTF7uZj1LsT+ddh8Not2r3k2PuQbfzYf4Vx90pS7mU9RIwP51x05c2KqLso/qztqw5cJTfdy/REVFFFdhxBRRRQAUUUUAFFFFABRRRQAUUUUAFFFFABRRRQAUUUUAFFFFABRRRQAUUUUAFFFFABRRRQAUUUUAFFFFABRRRQAUUUUAFFFFABRRRQAUUUUAFFFFABRRRQAUUUUAFFFFABRRRQAUUUUAFFFFABRRRQAUUUUAFFFFABRRRQAUUUUAFFFFABRRRQAUUUUAFFFFABRRRQAUUUUAFFFFABRRRQAUUUUAFFFFABRRRQAUUUUAFFFFABRRRQAUUUUAFFFFABRRRQAUUUUAFFFFABRRRQAUUUUAFFFFABRRRQAUUUUAFFFFABRRRQAUUUUAFFFFABRRRQAUUUUAFFFFABRRRQAUUUUAFFFFABRRRQAUUUUAFFFFABRRRQAUUUUAFFFFABRRRQAUUUUAFFFFABRRRQAUUUUAFFFFABRRRQAUUUUAFFFFABRRRQAUUUUAFFFFABRRRQAUUUUAFFFFABRRRQAUUUUAFFFFABRRRQAUUUUAFFFFABRRRQAUUUUAFFFFABRRRQAUUUUAFFFFABRRRQAUUUUAFFFFABRRRQAUUUUAFFFFABRRRQAUUUUAFFFFABRRRQAUUUUAFFFFABRRRQAUUUUAFFFFABRRRQAUUUUAFFFFABRRRQAUUUUAFFFFABRRRQAUUUUAFFFFAHffDNQX1Nu4EQ/8AQ/8ACuN1aPytZvo8Y2XEi4+jGu1+GZXy9TGPmzHk+3zf/XrlfFMXk+KNRTGMzFv++uf615VCX+31Y+S/JHrYiP8Awn0Zeb/NmRRRRXqnkhRRRQAUUUUAFFFFABRRRQAUUUUAFFFFABRRRQAUUUUAFFFFABRRRQAUUUUAFFFFABRRRQAUUUUAFFFFABRRRQAUUUUAFFFFABRRRQAUUUUAFFFFABRRRQAUUUUAFFFFABRRRQAUUUUAFFFFABRRRQAUUUUAFFFFABRRRQAUUUUAFFFFABRRRQAUUUUAFFFFABRRRQAUUUUAFFFFABRRRQAUUUUAFFFFABRRRQAUUUUAFFFFABRRRQAUUUUAFFFFABRRRQAUUUUAFFFFABRRRQAUUUUAFFFFABRRRQAUUUUAFFFFABRRRQAUUUUAFFFFABRRRQAUUUUAFFFFABRRRQAUUUUAFFFFABRRRQAUUUUAFFFFABRRRQAUUUUAFFFFABRRRQAUUUUAFFFFABRRRQAUUUUAFFFFABRRRQAUUUUAFFFFABRRRQAUUUUAFFFFABRRRQAUUUUAFFFFABRRRQAUUUUAFFFFABRRRQAUUUUAFFFFABRRRQAUUUUAFFFFABRRRQAUUUUAFFFFABRRRQAUUUUAFFFFABRRRQAUUUUAFFFFABRRRQAUUUUAFFFFABRRRQAUUUUAFFFFABRRRQAUUUUAFFFFABRRRQAUUUUAFFFFABRRRQAUUUUAFFFFABRRRQAUUUUAFFFdd4K8GS+I7n7Tc7o9NibDsODIf7q/1NZ1KkacXKWxpSpSqyUILU2PhtZXUVpfXb27rbTFBHKRwxXdnH5isHx/b+T4neTH+uiR/wAvl/8AZa9vEdvZ2awpGqQRqEVAOAB0Aryj4mWwL2N2i4Hzxn9CB/OvBw1fnx/Ptzafh/wD6DFYfky/2e/K7/j/AME8/ooor6I+bCiilVGc4VSx9hmgBKKsLY3T9IJPxGP51KNKvD/yyx9WFOzFzLuUqKv/ANj3f91P++qQ6ReD+BT9GFHKxc0e5Roq02m3i9YG/Ag1C8E0f34nX6qRRZjumR0UUUhhRRRQAUUUUAFFFFABRRRQAUUUUAFFFFABRRRQAUUUUAFFFFABRRRQAUUUUAFFFFABRRRQAUUUUAFFFFABRRRQAUUUUAFFFFABRRRQAUUUUAFFFFABRRRQAUUUUAFFFFABRRRQAUUUUAFFFFABRRRQAUUUUAFFFFABRRRQAUUUUAFFFFABRRRQAUUUUAFFFFABRRRQAUUUUAFFFFABRRRQAUUUUAFFFFABRRRQAUUUUAFFFFABRRRQAUUUUAFFFFABRRRQAUUUUAFFFFABRRRQAUUUUAFFFFABRRRQAUUUUAFFFFABRRRQAUUUUAFFFFABRRRQAUUUUAFFFFABRRRQAUUUUAFFFFABRRRQAUUUUAFFFFABRRRQAUUUUAFFFFABRRRQAUUUUAFFFFABRRRQAUUUUAFFFFABRRRQAUUUUAFFFFABRRRQAUUUUAFFFFABRRRQAUUUUAFFFFABRRRQAUUUUAFFFFABRRRQAUUUUAFFFFABRRRQAUUUUAFFFFABRRRQAUUUUAFFFFABRRRQAUUUUAFFFFABRRRQAUUUUAFFFFABRRRQAUUUUAFFFFABRRRQAUUUUAFFFFABRRRQAUUUUAFFFFABRRRQAUUUUAFFFdJ4R8JXPia9/iisYj++mx/46vqf5fzipUjTi5SehdOnKpJRirtkng3whN4lvfMmDR6dEf3so43H+6vv/L8q9mnn07w5o+9/LtbK2TAUDp6ADuT+tKx07w7o2TstbG1Tt0A/qSfxJNeK+KvE954s1ECNHS0iJ8mAf+hN7/y/n4yVTH1O0F/X3ntt08vpd5v+vuOg0vxddeIfHUbSFo7Vo5I4IM8KMZyfc7a1/HFkbzwxOVGXgZZQPpwf0JriPDmny2etWd1K4XbKPlHPB4Ofzr1eaJZoZIm+66lT9DXPmMFhcTTnFWSt+DOjLJvF4WpTk7tt/ijw6HTLqfBEexfV+K0ItDQczSlvZRitmWNoZnicYZGKn6imV9TGMWrnyUpyvbYrR6faRfdhUn1bn+dWAAowAAPaloq7GbbYUUUUCCiiigAooooAiktYJv8AWQox9cc1Sl0W3fmNmjP5itKik0mUpNbHOzaRcxZKASD/AGev5VRZWRirKVI7EYrsKjmginXbLGrD3qXDsWqr6nJUVsXOidWt3/4A3+NZUsUkL7JEKt6EVm00aqSewyiiikUFFFFABRRRQAUUUUAFFFFABRRRQAUUUUAFFFFABRRRQAUUUUAFFFFABRRRQAUUUUAFFFFABRRRQAUUUUAFFFFABRRRQAUUUUAFFFFABRRRQAUUUUAFFFFABRRRQAUUUUAFFFFABRRRQAUUUUAFFFFABRRRQAUUUUAFFFFABRRRQAUUUUAFFFFABRRRQAUUUUAFFFFABRRRQAUUUUAFFFFABRRRQAUUUUAFFFFABRRRQAUUUUAFFFFABRRRQAUUUUAFFFFABRRRQAUUUUAFFFFABRRRQAUUUUAFFFFABRRRQAUUUUAFFFFABRRRQAUUUUAFFFFABRRRQAUUUUAFFFFABRRRQAUUUUAFFFFABRRRQAUUUUAFFFFABRRRQAUUUUAFFFFABRRRQAUUUUAFFFFABRRRQAUUUUAFFFFABRRRQAUUUUAFFFFABRRRQAUUUUAFFFFABRRRQAUUUUAFFFFABRRRQAUUUUAFFFFABRRRQAUUUUAFFFFABRRRQAUUUUAFFFFABRRRQAUUUUAFFFFABRRRQAUUUUAFFFFABRRRQAUUUUAFFFFABRRRQAUUUUAFFFFABRRRQAUUUUAFFFFABRRW14a8NXniXURb242QpgzTkcRj+p9BUznGEXKT0KhCU5KMVdsl8KeF7nxNqPlJujtI+Z58fdHoPc17jbWthoGkiKFUt7S3XJP8yfUn9aSwsLDw/pS29uqwWsK5ZmPX1Zj3NcB4l8RPrE/lQlks4z8q9N5/vH+grx/3mYVbLSC/r7z2m6eXUrvWb/r7jN8T6tc+JrzbKzQ6dE37q3U8t/tN7+3b86z4oY4E2xIFHtT6K96lShSiowWh85WrTrSc5vUUEggjgivSLaYXFtFMOkiBvzFebV2/hu48/R0Un5omKH+Y/nXi59S5qUanZ/n/AMMe7w7V5a0qb6r8v+HMHxLa+RqhkA+WZd349D/j+NY1dr4ls/tOmGVRl4Du/Dv/AI/hXFV2ZTX9tho33Wn9fI4s4w/scVK20tfv3/EKKKK9I8oKKKKACiiigAooooAKKKKACiiigAqOWGOdNkqBl96kooGYd3o7x5e3Jdf7p6j/ABrKIIOCMEdq7Gql5p8N2MkbZOzj+vrWbh2NY1O5zNFT3NpLaSbZF4PRh0NQVmbJ3CiiigAooooAKKKKACiiigAooooAKKKKACiiigAooooAKKKKACiiigAooooAKKKKACiiigAooooAKKKKACiiigAooooAKKKKACiiigAooooAKKKKACiiigAooooAKKKKACiiigAooooAKKKKACiiigAooooAKKKKACiiigAooooAKKKKACiiigAooooAKKKKACiiigAooooAKKKKACiiigAooooAKKKKACiiigAooooAKKKKACiiigAooooAKKKKACiiigAooooAKKKKACiiigAooooAKKKKACiiigAooooAKKKKACiiigAooooAKKKKACiiigAooooAKKKKACiiigAooooAKKKKACiiigAooooAKKKKACiiigAooooAKKKKACiiigAooooAKKKKACiiigAooooAKKKKACiiigAooooAKKKKACiiigAooooAKKKKACiiigAooooAKKKKACiiigAooooAKKKKACiiigAooooAKKKKACiiigAooooAKKKKACiiigAooooAKKKKACiiigAooooAKKKKACiiigAooooAKKKKACiiigAooooAKKKKACiiigAooooAKKK1/D/h298RX629qu1M/vJSPlQetKUlFXew4xcmorcPDvh678SamtpbDag+aWUj5Y19fc+g717tpOlWPh7SltLYCOCMFndzyx7sxpui6LYeHdMFraKEjUbpJG6ue7Mf84rjPFHiU6lIbOzcizU/Mw480/4V40nUx9XkhpFf1/wx7aVPLqXPPWb/AK/4cj8TeJX1aU21sStkh/GQjufb0H+RzlFFe7RowowUILQ+drVp1puc3qFFFFamIV0PhO52Xc1sTxIu4fUf/WP6Vz1WLC5NnfQ3A6IwJ+nf9K5cbR9vQlT7r8eh14Gv7DEQqdn+HU9FZQ6lWGVIwQe4rzvULRrG+ltz0U/KfUdq9EBDAEHIPINc/wCKbDzbdLxB80Xyv7qf8D/OvmcmxXsa/s5bS0+fT/I+rzzCe2w/tI7x1+XX/M5KiiivsD4kKKKKACiiigAooooAKKKKACiiigAooooAKKKKAGSxJNGUkUMp7GsG+0x7bMkeXi/VfrXQ0daTimXGTicdRWxqGlYzNbL7sg/pWPWLVjojJNaBRRRSGFFFFABRRRQAUUUUAFFFFABRRRQAUUUUAFFFFABRRRQAUUUUAFFFFABRRRQAUUUUAFFFFABRRRQAUUUUAFFFFABRRRQAUUUUAFFFFABRRRQAUUUUAFFFFABRRRQAUUUUAFFFFABRRRQAUUUUAFFFFABRRRQAUUUUAFFFFABRRRQAUUUUAFFFFABRRRQAUUUUAFFFFABRRRQAUUUUAFFFFABRRRQAUUUUAFFFFABRRRQAUUUUAFFFFABRRRQAUUUUAFFFFABRRRQAUUUUAFFFFABRRRQAUUUUAFFFFABRRRQAUUUUAFFFFABRRRQAUUUUAFFFFABRRRQAUUUUAFFFFABRRRQAUUUUAFFFFABRRRQAUUUUAFFFFABRRRQAUUUUAFFFFABRRRQAUUUUAFFFFABRRRQAUUUUAFFFFABRRRQAUUUUAFFFFABRRRQAUUUUAFFFFABRRRQAUUUUAFFFFABRRRQAUUUUAFFFFABRRRQAUUUUAFFFFABRRRQAUUUUAFFFFABRRRQAUUUUAFFFFABRRRQAUUUUAFFFFABRRRQAUUUUAFFFFABRRRQAUUAZOB1ro9A8OT393FH5W+Zz8qHoo9Wo0Su9g62W7IvD3hm61u8jiVDtbnnjj1PoK9v0bR7XQ9PW1t1AAGXfGCx/wpNG0a30Wz8qL5pG5klI5Y/4e1cn4q8Tm4Z9PsJP3A4llU/f9h7fz+nXxqlSeOqeypaRX9X/AMke1Tp08BS9tW1m+n6L9WR+KfE/28tY2Tf6KD88g/5aH29v51ylFFe3QoQowUIHgV68683Ob1CiiitjAKKKKACiiigDufD159q0pFY5eH92foOn6VpyRrLG0bjcjAqwPcVxnhu9+zakImOI5xt/4F2/w/Gu1r4nNMO8PiXbZ6r+vU+9ynErEYVX3Wj/AK9DzvULJ7C9kt26A5U+q9jVWu08Rab9ss/PjXM0Izx/Evcf1ri6+oy7FrE0VJ7rR/15nyWZYN4Wu4r4XqvT/gBRRRXceeFFFFABRRRQAUUUUAFFFFABRRRQAUUUUAFFFFABWXqOmCUGaAYk6lR/F/8AXrUopNXKTad0ccQQcEYIorf1LTRcAzQjEo6j+9/9esAggkEYI6isWrHRGSkgooopFBRRRQAUUUUAFFFFABRRRQAUUUUAFFFFABRRRQAUUUUAFFFFABRRRQAUUUUAFFFFABRRRQAUUUUAFFFFABRRRQAUUUUAFFFFABRRRQAUUUUAFFFFABRRRQAUUUUAFFFFABRRRQAUUUUAFFFFABRRRQAUUUUAFFFFABRRRQAUUUUAFFFFABRRRQAUUUUAFFFFABRRRQAUUUUAFFFFABRRRQAUUUUAFFFFABRRRQAUUUUAFFFFABRRRQAUUUUAFFFFABRRRQAUUUUAFFFFABRRRQAUUUUAFFFFABRRRQAUUUUAFFFFABRRRQAUUUUAFFFFABRRRQAUUUUAFFFFABRRRQAUUUUAFFFFABRRRQAUUUUAFFFFABRRRQAUUUUAFFFFABRRRQAUUUUAFFFFABRRRQAUUUUAFFFFABRRRQAUUUUAFFFFABRRRQAUUUUAFFFFABRRRQAUUUUAFFFFABRRRQAUUUUAFFFFABRRRQAUUUUAFFFFABRRRQAUUUUAFFFFABRRRQAUUUUAFFFFABRRRQAUUUUAFFFFABRRRQAUUUUAFFFFABSgFiAASTwAKACxAAJJ4AFdLouiyPPFGkfmXUhwqj+H/PrTS6sTdtFuGhaDNPcxxpH5t0/3V7J7/wD169j0LQ4NFswi4edxmWXH3j6D2pnh/QIdEteoe5kH7yT+g9qw/Ffigxl9OsH+b7s0qnp/sj39TXjV608bU9hR+H+tT2aFGGBp+3r/ABdv0RF4r8UCQPp1hJ8vSaVT1/2R7epri6KK9nD4eFCHJA8PE4meInzz/wCGCiiitznCiiigAooooAKKKKAFBKkEHBHIIr0HS70X+nxz/wAWNrj0Ydf8+9ee1t+G9Q+y3v2dziKfgezdv8Pyryc3wvt6HNHeOvy6nsZLjPYYjkl8MtPn0OzriNf0z7DeebGuIJTlcfwnuK7eq97Zx31o9vKOGHB7qexr5vL8Y8LW5vsvf+vI+ozLBLF0XH7S2/rzPOaKmuraSzuXglGHQ4+vvUNfcxkpJSjsz4GUXFuMlqgooopkhRRRQAUUUUAFFFFABRRRQAUUUUAFFFFABRRRQAVl6np3nAzwj94PvKP4v/r1qUUmrlJtO6OOora1TTs5uIRz1dR396xaxasdEZKSuFFFFIoKKKKACiiigAooooAKKKKACiiigAooooAKKKKACiiigAooooAKKKKACiiigAooooAKKKKACiiigAooooAKKKKACiiigAooooAKKKKACiiigAooooAKKKKACiiigAooooAKKKKACiiigAooooAKKKKACiiigAooooAKKKKACiiigAooooAKKKKACiiigAooooAKKKKACiiigAooooAKKKKACiiigAooooAKKKKACiiigAooooAKKKKACiiigAooooAKKKKACiiigAooooAKKKKACiiigAooooAKKKKACiiigAooooAKKKKACiiigAooooAKKKKACiiigAooooAKKKKACiiigAooooAKKKKACiiigAooooAKKKKACiiigAooooAKKKKACiiigAooooAKKKKACiiigAooooAKKKKACiiigAooooAKKKKACiiigAooooAKKKKACiiigAooooAKKKKACiiigAooooAKKKKACiiigAooooAKKKKACiiigAooooAKKKKACiiigAooooAKKKKACiiigAooooAKKKKACgAkgAZJ6Cit/RtJkeSNjGXncgRxgZPP9aaVxN2JdG0eQyxgRGS6kOEQc4r17w74ei0a2DuA944/eP8A3f8AZHt/OmeGvDiaPB50217yQfMeoQeg/rVPxT4nFir2Fk2bkjEkg/5Zj0Hv/KvHxFeeLn9XobdX/XQ9jDYeGDp/WcR8XRdv+CReK/E/2cPp9hJ++PEsq/wew9/5fXpwVBOTk9aK9fDYaGHhyxPFxWKniZ88vkuwUUUV0HMFFFFABRRRQAUUUUAFFFFABQDg5HWiigZ3ui6iNRsFZj++T5ZB7+v41o15/pOoNp18svJjPyyKO4rvkdZEV0YMrDII7ivis0wX1atePwy2/wAj7rKMd9ao2k/ejv8A5mVrukjULfzYh/pEY+X/AGh6VxBBBIIwR2r06ua8Q6Lv3X1svzdZUHf3H9a7cnzHkfsKr06Pt5HDnWWe0X1iktVuu/mctRRRX1B8kFFFFABRRRQAUUUUAFFFFABRRRQAUUUUAFFFFABRRRQAVg6pp/ksZ4h+7J+YD+E/4VvUjKGUqwBBGCDSauVGXKzj6KuahYm0lyuTE33T6e1U6xasdKd1dBRRRSGFFFFABRRRQAUUUUAFFFFABRRRQAUUUUAFFFFABRRRQAUUUUAFFFFABRRRQAUUUUAFFFFABRRRQAUUUUAFFFFABRRRQAUUUUAFFFFABRRRQAUUUUAFFFFABRRRQAUUUUAFFFFABRRRQAUUUUAFFFFABRRRQAUUUUAFFFFABRRRQAUUUUAFFFFABRRRQAUUUUAFFFFABRRRQAUUUUAFFFFABRRRQAUUUUAFFFFABRRRQAUUUUAFFFFABRRRQAUUUUAFFFFABRRRQAUUUUAFFFFABRRRQAUUUUAFFFFABRRRQAUUUUAFFFFABRRRQAUUUUAFFFFABRRRQAUUUUAFFFFABRRRQAUUUUAFFFFABRRRQAUUUUAFFFFABRRRQAUUUUAFFFFABRRRQAUUUUAFFFFABRRRQAUUUUAFFFFABRRRQAUUUUAFFFFABRRRQAUUUUAFFFFABRRRQAUUUUAFFFFABRRRQAUUUUAFFFFABRRRQAUUUUAFFFFABRRRQAUUUUAFFFFABRRRQAUUUUAFFFFABRRRQAUUVf0vT2vZxlSYwcYA5Y+goSE3YsaPpjTyJKyFsnEaAZLGvZPDPhpNKiW6uVDXrj8Ix6D39T/kx+FvDK6XEt3dopu2Hyr/AM8h6fWpPE3iVNKia1tmDXrj8Ix6n39B/k+TicTLET+r4fbq/wCuh6+Fw0MND6zid+i7f8Ej8U+JRpqGzs3Bu2HzMOfKH+NedMzOxZiWYnJJOSTSu7SOzuxZ2OSxOSTTa9XC4WGHhyx36s8jF4ueJnzS26IKKKK6TkCiiigAooooAKKKKACiiigAooooAKKKKACul8NattIsJ24P+qY+v92uapQSpBBII5BFc2Lw0MTSdOX/AAzOrB4qeFqqrD5+aPTaKytD1Uaja7JCPtEYw4/vD1rVr4WtRnRqOnPdH6DQrwr01Ug9Gch4g0X7M5u7Zf3LH51H8B/wrAr01lV1KsAVIwQehriNb0dtOm8yIE2zn5T/AHT6GvpcpzL2iVCq/e6Pv/wT5bOcr9k3Xor3Xuu3/A/IyaKKK94+dCiiigAooooAKKKKACiiigAooooAKKKKACiiigAooooAjnhS4haOQZU/pXMXNu9rOY37dD6iurqrf2a3kG3pIvKmplG5pCVmcxRSsrIxVgQwOCDSVidAUUUUAFFFFABRRRQAUUUUAFFFFABRRRQAUUUUAFFFFABRRRQAUUUUAFFFFABRRRQAUUUUAFFFFABRRRQAUUUUAFFFFABRRRQAUUUUAFFFFABRRRQAUUUUAFFFFABRRRQAUUUUAFFFFABRRRQAUUUUAFFFFABRRRQAUUUUAFFFFABRRRQAUUUUAFFFFABRRRQAUUUUAFFFFABRRRQAUUUUAFFFFABRRRQAUUUUAFFFFABRRRQAUUUUAFFFFABRRRQAUUUUAFFFFABRRRQAUUUUAFFFFABRRRQAUUUUAFFFFABRRRQAUUUUAFFFFABRRRQAUUUUAFFFFABRRRQAUUUUAFFFFABRRRQAUUUUAFFFFABRRRQAUUUUAFFFFABRRRQAUUUUAFFFFABRRRQAUUUUAFFFFABRRRQAUUUUAFFFFABRRRQAUUUUAFFFFABRRRQAUUUUAFFFFABRRRQAUUUUAFFFFABRRRQAUUUUAFFFFABRRRQAUUUUAFFFFABRRRQAUUUUAFFFFABRRRQAUUUUAFFFKqs7hFBLE4AHegCa0tXu7hYkHXqfQV7R4Q8Jx6VBFd3Sfv8AGY4z/wAs/c/7X8qqeBvBi6XbpfX8YN03zIjD7nuff+X16b3iLxDFo1sUQh7xx+7T+7/tH2/nXk4rEyrS+r0Ou7/rp3PWwmFhRj9ZxGltl/XXsM8S+I00eDyYdr3kg+UdQg9T/SvNJZZJ5XllcvI5yzMckmlnnluZ3mmdnkc5Zm6k1HXp4TCRw8LLfqzysbjJ4md3olsgooorrOIKKKKACiiigAooooAKKKKACiiigAooooAKKKKACiiigCe0upbK6SeI4ZT07Eehrv7K8ivrVLiI8N1HdT3BrzmtPRdUOm3WHJMEnDj0968nNcB9Zp88F7y/Fdv8j2cozH6tU5Jv3H+D7/5nd1HPDHcQvDKoZHGCDT1YOoZSCpGQR3pa+OTcXdbn2zSkrPVM4DVdMk0y62HLRNzG/qP8aoV6Lf2MWoWjQSjryrd1PrXAXVtLaXLwTLh0OD7+9fZZXj/rMOWfxL8fM+HzbLnhKnND4Ht5eX+RDRRRXqnkBRRRQAUUUUAFFFFABRRRQAUUUUAFFFFABRRRQAUUUUAZWr2PmKbiMfOo+cDuPWsOuxrndTsvs03mIP3Tnj2PpWc49TenLoyhRRRWZqFFFFABRRRQAUUUUAFFFFABRRRQAUUUUAFFFFABRRRQAUUUUAFFFFABRRRQAUUUUAFFFFABRRRQAUUUUAFFFFABRRRQAUUUUAFFFFABRRRQAUUUUAFFFFABRRRQAUUUUAFFFFABRRRQAUUUUAFFFFABRRRQAUUUUAFFFFABRRRQAUUUUAFFFFABRRRQAUUUUAFFFFABRRRQAUUUUAFFFFABRRRQAUUUUAFFFFABRRRQAUUUUAFFFFABRRRQAUUUUAFFFFABRRRQAUUUUAFFFFABRRRQAUUUUAFFFFABRRRQAUUUUAFFFFABRRRQAUUUUAFFFFABRRRQAUUUUAFFFFABRRRQAUUUUAFFFFABRRRQAUUUUAFFFFABRRRQAUUUUAFFFFABRRRQAUUUUAFFFFABRRRQAUUUUAFFFFABRRRQAUUUUAFFFFABRRRQAUUUUAFFFFABRRRQAUUUUAFFFFABRRRQAUUUUAFFFFABRRRQAUUUUAFFFFABRRRQAUUUUAFFFFABRRRQAUUUUAFeq/D/AMEG28vWdUjxKRut4GH3R/eb39B2/lV8A+BRMI9Z1aL93963t3H3vR2Hp6Dv1rvtd1yDRbMu2HncYiiz94+p9q8nF4qVSXsKOrf9f8OevhMLGnH6xX0S2/r8hniDX4dEtuz3Mg/dx/1PtXl9zczXlzJcTuXlkOWY068vJ7+6e5uZC8rnJJ/kPaoK9HB4OOHj/ee7PLx2NliZ9orZBRRRXacAUUUUAFFFFABRRRQAUUUUAFFFFABRRRQAUUUUAFFFFABRRRQAUUUUAdP4Z1Xn7BM3vET/AOg109eZKzI4ZSQynII7Gu+0jUV1KyWTgSr8sg9/X8a+VzrA+zl7eC0e/r/wT6/Isf7SP1eo9Vt6f8D8i/WP4g0r7dbedEv+kRDjH8Q9K2KK8ehXnQqKpDdHt4ihDEU3SnszzGitzxHpn2S5+0xLiGU8gfwt/wDXrDr7vD1416SqQ2Z+e4nDzw9V0p7oKKKK3OcKKKKACiiigAooooAKKKKACiiigAooooAKKKKACo5oUnhaJxlWFSUUDOTuIHtp2ifqOh9R61FXSalZfaoNyj96nK+/tXN9DWMlZnTCXMgoooqSgooooAKKKKACiiigAooooAKKKKACiiigAooooAKKKKACiiigAooooAKKKKACiiigAooooAKKKKACiiigAooooAKKKKACiiigAooooAKKKKACiiigAooooAKKKKACiiigAooooAKKKKACiiigAooooAKKKKACiiigAooooAKKKKACiiigAooooAKKKKACiiigAooooAKKKKACiiigAooooAKKKKACiiigAooooAKKKKACiiigAooooAKKKKACiiigAooooAKKKKACiiigAooooAKKKKACiiigAooooAKKKKACiiigAooooAKKKKACiiigAooooAKKKKACiiigAooooAKKKKACiiigAooooAKKKKACiiigAooooAKKKKACiiigAooooAKKKKACiiigAooooAKKKKACiiigAooooAKKKKACiiigAooooAKKKKACiiigAooooAKKKKACiiigAooooAKKKKACiiigAooooAKKKKACiiigAooooAKKKKACiiigAooooAK9F8A+BjePHq+qw/6KPmggcf6w9mI/u+g7/TrB4D8Df2syarqaEWKnMUR/5bEdz/s/zr1DVtVt9GsTPLgnpHGDgsfQV5eMxcnL2FHVs9bB4SKj7evpFf1cbrOs2+i2fmy/NI3EcQPLH/D3ry2+vp9RvHubl90jn8APQe1O1LUbjVLxrm5fLHgAdFHoPaqld2CwUcPG7+JnnY/HSxMrLSK2/wAwoooruPOCiiigAooooAKKKKACiiigAooooAKKKKACiiigAooooAKKKKACiiigAooooAK0NH1E6dfK5J8p/lkHt6/hWfRWdWlGrBwnszWjVlSmqkN0emghgCCCDyCKWsLwzqH2i0NrI2ZIR8ue6/8A1un5Vu18FiaEqFV05dD9EwuIjiKUasepDd2sd5ayW8g+VxjPoexrzy5t5LS5kglGHQ4P+Nek1zvijTvMhW9jX54+JMd17H8K9PJsZ7Kr7KW0vz/4J5OeYL21L20V70fy/wCBv95ydFFFfXHxgUUUUAFFFFABRRRQAUUUUAFFFFABRRRQAUUUUAFFFFABWHq9l5b/AGiMfKx+Yeh9a3Ka6LJGyOMqwwRSauioy5Xc5Cip7u2a0uGjbkdVPqKgrA6k7hRRRQAUUUUAFFFFABRRRQAUUUUAFFFFABRRRQAUUUUAFFFFABRRRQAUUUUAFFFFABRRRQAUUUUAFFFFABRRRQAUUUUAFFFFABRRRQAUUUUAFFbWieGNQ1tg0SeVbZ5nkHH4epr0LSPB+l6UFcxfaZx/y0mGcH2HQfz965q2Kp0tN2elhMrr4n3krR7v9Dzaw8ParqYDWtlIyH+NvlX8z1roLX4c30gzc3sEPsilz/SvSKK8+ePqP4dD3qORYaC99uT+78v8ziI/h3Zon766uXbHWPaoz9CDTJPh/YkHy7y4U/7W0/0Fd1TWRW6is/rdbudH9k4S2kPzPPn8AKPu3jN+AFVpPBiwn95NMB67R/OvRHiK8jkVH161axlXuZSyrDfy/meef8Ipa/8APeb9P8KjfwmhH7u7YH/aTP8AWu8n0+KXlPkb26flWXPbSW7YdeOzDoa2jiZvqYTy2gt4fmcTP4YvosmIxzD0Bwf1rKntp7Z9k8Txt/tDGa9GpkkUcyFJUV1PUMMito4mS+I4quVU38Dseb0V1d/4Yiky9m3lt/cY5U/T0rmbi2mtZTFPGyOOxrqhUjPY8ivhatB++tO5FRRRWhzhRRRQAUUUUAFFFFABRRRQAUUUUAFFFFABRRRQAUUUUAFFFFABRRRQAUUUUAFFFFABRRRQAUUUUAFFFFABRRRQAUUUUAFFFFABRRRQAUUUUAFFFFABRRRQAUUUUAFFFFABRRRQAUUUUAFFFFABRRRQAUUUUAFFFFABRRRQAUUUUAFFFFABRRRQAUUUUAFFFFABRRRQAUUUUAFFFFABRRRQAUUUUAFFFFABRRRQAUUUUAFFFFABRRRQAUUUUAFFFFABRRRQAUUUUAFFFFABRRRQAUUUUAFFFFABRRRQAUUUUAFFFFABRRRQAUUUUAFFFFABRRRQAUUUUAFFFFABRRRQAUUUUAFFFFABRRRQAUUUUAFdx4F8EtrUy6jqMbLpyH5FPBnYdv8Ad9T+HriHwR4Kk1+db69Vk02NvoZiOw9vU/h9PW9U1Ox8PaUbifEcEYCRxRjlj2VRXmYzGNP2NL4n/X3nqYLBpr21bSK/r7h+o6jaaLYebLhEUbY41GCfQAV5bqmqXOrXjXNw3PRUHRB6CjVNWutYuzc3WFPRI1PEY9B/j3qlXXgcEqEeaXxP8DizDHvES5Y/CvxCiiivQPMCiiigAooooAKKKKACiiigAooooAKKKKACiiigAooooAKKKKACiiigAooooAKKKKACiiigCzp941jexXC5wp+Yeo7ivQ0dZY1kQ5VgCCO4rzOuw8L33nWbWrn54eV91P8Agf6V4GeYXmgq8d1o/Q+j4fxfJUeHls9V6/8ABX5G9TXRZI2jcBlYEEHuKdRXyydtUfWtX0Z53qNm1hfS27Zwpyp9V7VVrr/FFh51ot2g+eHhvdT/AIH+ZrkK+7y/FfWaCm99n6n59mWE+q4hwW269P60Ciiiu04AooooAKKKKACiiigAooooAKKKKACiiigAooooAKKKKAKmoWYu7cgD94vKn+lcyQQSCMEV2NYmsWexvtMY+Vvvj0PrWc49TanLozJooorM2CiiigAooooAKKKKACiiigAooooAKKKKACiiigAooooAKKKKACiiigAooooAKKKKACiiigAooooAKKKKACiiigAooooAKKKVVZ3CqpZmOAAMkmgAALMAASTwAO9d54a8DghLzV068pbH+bf4fn6VoeE/CKaaiX1+ga8PKIeRF/8AZfyrrq8vE4xv3Kf3n1GW5OklVxC16L/P/IREWNFRFCqowFAwAKWiivNPogooooGFFFFABUUkWeV6+lS0UCauU6RlV1KsAQeoNWZI9wyOv86r1aZjKNjKu9PMeZIcle69xVCukrOvbHdmWEc9WUd/pW0KnRnNOl1iZlV7uygvoTFOgYdj3H0NWKK2Ta1RzyipK0locLqmjzaa+778BPyuB+h9DWdXpMkaSxtHIoZGGCD0NcdrOitYN50OWtifxQ+hruo1+b3ZbngY3AOl79P4fyMeiiiuk8sKKKKACiiigAooooAKKKKACiiigAooooAKKKKACiiigAooooAKKKKACiiigAooooAKKKKACiiigAooooAKKKKACiiigAooooAKKKKACiiigAooooAKKKKACiiigAooooAKKKKACiiigAooooAKKKKACiiigAooooAKKKKACiiigAooooAKKKKACiiigAooooAKKKKACiiigAooooAKKKKACiiigAooooAKKKKACiiigAooooAKKKKACiiigAooooAKKKKACiiigAooooAKKKKACiiigAooooAKKKKACiiigAooooAKKKKACiiigAooooAKKKKACiiigAooooAKKKKACiiigAooooAK63wV4Nl8R3f2i5Dx6bEfnccGQ/3V/qe1ReDvCFx4lvBJIGj0+Jv3sv8Ae/2V9/5flXs08+neHNH3v5drZWyYCgdPQAdyf1rzcbjOT93T+J/h/wAE9PA4Ln/e1fhX4/8AAC8vNO8OaOZpilvaW6hVRR+SqO5ryC91q88U6qdQuvkt4iVt4AflT39z6n/CqfiTxHd+LdXX70dsp2wQ54Uf3j7+tW4YlghWJB8qjFa4DBey/eT+L8jDMcf7X93D4fzH0UUV6p44UUUUAFFFFABRRRQAUUUUAFFFFABRRRQAUUUUAFFFFABRRRQAUUUUAFFFFABRRRQAUUUUAFFFFABV3Sbw2OoxTE4TO1/909f8fwqlRUVKcakHCWzNKVSVOanHdanp1FZmgXn2vSo8nLxfu2/Dp+mK06/Pq1J0qkqct0fo9CrGtTjUjs1ca6LLG0bjKsCCD3Fed31q1ley27fwNgH1HY/lXo1cz4rs8rFeKOn7t/6H+f6V6uSYn2df2b2l+Z5GfYX2uH9qt4/l1OXooor68+LCiiigAooooAKKKKACiiigAooooAKKKKACiiigAooooAKa6LJGyOMqwwRTqKBnK3ds1pcNG3I6qfUVBXS6jZi7tzgfvF5U/wBK5ojBwetYyVmdEJcyCiiipLCiiigAooooAKKKKACiiigAooooAKKKKACiiigAooooAKKKKACiiigAooooAKKKKACiiigAooooAKKKKACiiigAr0nwb4WFlGmpXyf6SwzFGw/1Y9T/ALX8qyfBHhv7ZKNUu0zBG37lD/Gw7/Qfz+lekV5mNxP/AC7j8z6bJst2xFVei/X/AC+8KKKK8w+lCiiigAooooAKKKKACiiigAqGWPPzD8amooE1dFOinyptbI6GmVZg1Yzb+z6zRj/eA/nWbXSVj39p5L+Yg/dt+hrenPoznqw+0inTXRZI2R1DKwwQe4p1FamG5xGs6S2nT70BNu5+U+h9DWXXo1xbx3UDwyruRxgiuE1Gxk0+7aF+R1Rv7wrvoVedWe587j8H7GXPD4X+BUoooroPNCiiigAooooAKKKKACiiigAooooAKKKKACiiigAooooAKKKKACiiigAooooAKKKKACiiigAooooAKKKKACiiigAooooAKKKKACiiigAooooAKKKKACiiigAooooAKKKKACiiigAooooAKKKKACiiigAooooAKKKKACiiigAooooAKKKKACiiigAooooAKKKKACiiigAooooAKKKKACiiigAooooAKKKKACiiigAooooAKKKKACiiigAooooAKKKKACiirmmaVe6vdrbWMDSyHrjoo9SewpSkoq72HGLk7JalOtbTfDOs6soe0sJWjPSRsIp+hOM/hXpXh7wDp+lKs18EvLvrlh+7T6A9fqf0rrsYGBXjYjN1F2oq/mz2sPk7kr1nbyR4xP8AD/xDBEXFqkuOqxyqT+RrnJoJbaZ4Z43jlQ4ZHGCD7ivoqua8X+GIde055IowL+FSYnA5f/YPse3ofxqMPm0nNRqpW7l4nKIqDlRbuujPFqK2LXwprt5GJIdLuCh5BcbM/TdinTeEfEFuu59KuCP9gB/5Zr2Pb0r25l9543sKtr8rt6MxaKfLFJDIY5Y2jcdVcYI/CmVqZBRRRQAUUUUAFFFFABRRRQAUUUUAFFFFABRRRQAUUUUAFFFFABRRRQAUUUUAFdH4R8J3Hie/Iy0VlER502P/AB1fc/p/OLwt4XuvE2oiKMMlrGQZ58cKPQe57V7hBBp3hzR9ieXa2VsmSxPT1JPcn9a8/G4z2XuQ+J/gejgcF7V+0qfCvxFA07w7o2BstrG1T8AP6kn8STXini7xbc+Jr3+KKxiP7mHP/jzep/l/OTxl4vn8S3pjiLR6dE37qI8Fj/eb3/l+dc/Z2xurlY/4erH0FLBYP2f7yp8T/D/gjx2N9p+7p6RX4/8AANTRrTZEbhx8z8L7CtWkVQqhVGABgClr2ErI8OTu7hRRRTJCiiigAooooAKKKKACiiigAooooAKKKKACiiigAooooAKKKKACiiigAooooAKKKKACiiigAooooAKKKKAN3wtd+TqDW7H5Zl4/3h/9bNdjXmtvM1vcRzJ96Ngw/CvSI5FliSRDlXUMD7GvlM9oclZVV9r81/wD7Dh/Ec9GVJ/Zf4P/AII6q99bLeWU1u38a4B9D2P51YorxIycJKUd0e9OCnFxlszzJlZHKsMMpwR6GkrX8R2n2bVXcDCTDePr3/Xn8ayK/QKFVVqUai6o/OMRRdCrKk+jCiiitjAKKKKACiiigAooooAKKKKACiiigAooooAKKKKACiiigArD1ez8t/tCD5WPzD0PrW5TZI1ljZHGVYYIpNXRUZcruchRU11bNa3DRN25B9RUNYHUtQooooAKKKKACiiigAooooAKKKKACiiigAooooAKKKKACiiigAooooAKKKKACiiigAooooAKKKKACiiigArW8PaLJrmqJbjKwr80zj+Ff8T0rLRGkdURSzMcADqTXsHhrRF0TSUhIBuJPnmYd29PoOlc2Kr+yhpuz0srwX1qt73wrf8AyNaGGO3gSGFAkcahVUdABT6KK8I+4SSVkFFFFAwooooAKKKnt7O6vG221tNOfSKMt/KhK+wm0ldkFFbMfhPXpfu6ZOP94Bf5miXwpr0QJbS5zj+6A38qv2VT+V/cY/WqF7c6+9GNRU1xaXNo+25t5YW9JEKn9ahqGrGyaaugooooGIyhlINVSCCQat1FMmRuH400yJq+pBTXRZEKMMqRg06iqMjAuIGt5ih6dj6ioq2723+0Q8D515X/AArErphLmRyVIcrCqGracuo2ZTgSrzG3ofT6Gr9FaRbi7oxnCNSLjLZnmzo0bsjgqynBB7Gm10vibTcf6dEvtKB+h/pXNV6dOanG6PlMRQlQqODCiiirMAooooAKKKKACiiigAooooAKKKKACiiigAooooAKKKKACiiigAooooAKKKKACiiigAooooAKKKKACiiigAooooAKKKKACiiigAooooAKKKKACiiigAooooAKKKKACiiigAooooAKKKKACiiigAooooAKKKKACiiigAooooAKKKKACiiigAooooAKKKKACiiigAooooAKKKKACiiigAooooAKKKKACiiigAooooAKKKKACiiigAooooAK6DQ/Cs/iGyllsbqATwvtkhlyOD0YEZ68/lTdF8H6vriCWCERW56TTHap+nc/gK7XQ/Amo6Here2+sxrKBho/IJV17g/MK4cVjKdOLjGaUvv+878Jg6lSSlKDcfu+4zNN+F908obU7yKOIdUgyzH8SAB+teg6ZpVlo9oLaxgWKMdSOrH1J7mrgzgZxnvilr56vi6tfSb0Po8Pg6NDWC17hRRRXMdQUUUUAFFFFAFW906y1KLyr21inTsJFBx9D2rhdc+GkbK02iylW6/Z5WyD9G7fj+deiUV0UcVVov3H/kc1fC0q6tNfPqfPF3Z3Fhcvb3ULwzJ95HGDUFe/6poun6zB5V/bJKB91jwy/QjkVw2pfC5sl9LvgR2juB0/4EP8K9yhmtKatU91/geDiMpqwd6fvL8TzmiuhuvA/iG1Jzp7Sr/eiYPn8Ac/pWc+havGcPpd6p97dv8ACu+NelL4ZJ/M8+VCrH4otfIz6KmuLO5tCoubeaEt93zEK5+mahrRNPVGbTWjCiiimIKKKKACiiigAooooAKKKKACiiigAooooAK2vDXhq78S6iLe3+SFMGaYjiNf6k9hUfh7w/d+I9TS0tVIUcyykZWNfU/0HevdtK0rT/Dmki2tgsUEQLySOQCxxyzGuDGYxUVyx+J/gehgsE6z5pfCvxHWFjYeHdHEEO2G1t0LO7d8dWY9zXj3jXxnL4jufs1tuj02Jsop4Mp/vN/QVN448aya9cNY2LlNMjbqODMR3Pt6D8fpxlRgsG4/vavxP+vvNMdjVJeypfCvx/4AV0Wk2vkW29h88nJ9h2rI061+1XQBHyL8zf4V01etBdTxasugUUUVoYhRRRQAUUUUAFFFFABRRRQAUUUUAFFFFABRRRQAUUUUAFFFFABRRRQAUUUUAFFFFABRRRQAUUUUAFFFFABRRRQAV2/hu58/SVQn5oWKfh1H8/0riK3/AApc+XfS25PEqZH1H/1ia8vOKPtMK31jr/XyPWyWv7LFxT2lp/l+J19FFFfFn3Rh+KLXztNWcD5oWz+B4P8ASuNr0m5hW5tpYW6SKVP415w6NG7Iwwykgj3r6vIq/NRlSf2X+DPj+IaHJXjVX2l+K/4FhtFFFe6fPhRRRQAUUUUAFFFFABRRRQAUUUUAFFFFABRRRQAUUUUAFFFFAFLUrP7Vb5UfvE5X39q5uuxrC1ez8qT7Qg+Rz83sazmuptTl0MuiiiszYKKKKACiiigAooooAKKKKACiiigAooooAKKKKACiiigAooooAKKKKACiiigAooooAKKKKACiip7O0lvryG1hGZJXCr+NJuyuxpOTsjrPAWifabttUnTMUB2xAjq/r+H8z7V6RVXTrGLTNPgs4R8kS4zjqe5/E81arwMRVdWbkfe4DCrC0FDr19QooorE7Qoop8UUk0qxRIzyOdqqoySfQUCbsMrf0PwhqethZUQQWx/5bSjAI/2R3/l711vhnwHFahLzV1WWfqtv1VP971Pt0+tdwAAMAYAr0aGBb96p9x89js7UG4YfV9+nyOa0vwNo2nKrSw/a5h1efkfgvT8810ccaRIEjRUQdFUYAp1FelCnGCtFWPnK1erWd6kmwoooqzEZJFHNGUlRXQ9VYZBrm9U8CaPqAZoIzZzHo0P3fxXp+WK6eionThNWkrm1HEVaLvTk0eMa34T1PQ8ySx+dbD/lvFyB9R1H8vesKvoMgMpVgCCMEHvXC+JfAUc6veaOojl6tbdFb/d9D7dPpXm18C4+9T+4+kwOdqbUMRo+/T59jzagjIwadJG8UjRyIyOpwysMEH0NNrzj6DcqMu1iKSp5lyN3pUFWjGSswrJ1G38uTzVHyv19jWtTJolmiaNuhH5VUZcrM5x5lY56inOjRuUYYIODTa6jkGyRpLG0bqGRhgg9xXAajZNYXrwNkqOUPqvavQax/EOn/a7HzkGZYeR7r3H9a3oVOWVnszz8xw3tafMt0cZRRRXoHzQUUUUAFFFFABRRRQAUUUUAFFFFABRRRQAUUUUAFFFFABRRRQAUUUUAFFFFABRRRQAUUUUAFFFFABRRRQAUUUUAFFFFABRRRQAUUUUAFFFFABRRRQAUUUUAFFFFABRRRQAUUUUAFFFFABRRRQAUUUUAFFFFABRRRQAUUUUAFFFFABRRRQAUUUUAFFFFABRRRQAUUUUAFFFFABRRRQAUUUUAFFFFABRRRQAUUUUAFFFFABRRRQAV2vgXwkurS/2lfx5so2xHG3SVh/Qfr+dcvpOmy6vqlvYw/fmcAnH3R3P4DJr3qys4dPsobS3XbFCoVRXl5ni3ShyQer/I9XK8Iq0/aTWi/MmVQqhVAAAwAO1LRRXzZ9MFFFFAwooooAKKKKACiiigAooooAKKKKACo554rWB555FjiQZZ3OABUlc34q8Lv4itwI7+aF05WInMTH3A7+9aUowlNKbsjKrKcYNwV32PN/GXiFfEGsB4ARawLsiz1bnlsds/yArnatajp11pV69peRGKZOx6EeoPcVVr7CjCEKajDY+NrTnOo5VNwooorQyCiiigAooooAKKKKACiiigAooooAK0tD0O98QaklnZpknl5D92NfU0zRtHu9d1KOxsk3SPyWP3UXuxPYV7v4d8PWfhrTBa23LH5ppm4Mjep9B6DtXFjMWqEbL4md2Cwbryu/hQ/RNFsfDekrbW4VUQbpZm4LnHLMf84ry/x343OtSNp2nOy6eh+dxx55H/ALL6Dv19Km8eeOW1N5NJ0yTFkp2yzKf9cfQf7P8AP6VwFYYPCO/tqu7N8bjFb2NH4UFFFXtLtftF0GYfJHyfr2r1Urnkt2VzX021+zWoyPnf5m/wq5RRW6Vjlbu7hRRRQIKKKKACiiigAooooAKKKKACiiigAooooAKKKKACiiigAooooAKKKKACiiigAooooAKKKKACiiigAooooAKKKKACrWnXH2XUbebOArjP06H9Kq0VM4KcXF7MuE3CSmt1qenUVU0yf7TplvKTklACfccH9RVuvzucHCTi90fpdOanBTWz1CuF8Q2/2fWJcDCyYkH49f1zXdVzXi23zFb3AHQlCfryP5GvUyat7PFKP82n6nk55R9phHLrF3/Q5aiiivsj4cKKKKACiiigAooooAKKKKACiiigAooooAKKKKACiiigAooooAKZLGs0TRuMqwwafRQM5O5t2tp2ibt0PqKiro9Ts/tMG5B+9Tke49K5ysZKzOmEuZBRRRUlBRRRQAUUUUAFFFFABRRRQAUUUUAFFFFABRRRQAUUUUAFFFFABRRRQAUUUUAFFFFABXe/D3SP9bq0q+sUOf8Ax4/0/OuItbaW8u4raEZklcIo9zXtlhZRadYQWcI/dxIFHv6n8TzXDjqvLDkW7PcyPC+0re1ltH8yzRRRXjn14UUUAEnAGSaAJIYZbmdIYY2klc7VVRkk16z4U8JxaHALi5CyX7jluojHov8AU1D4M8KjSLcX14n+nSrwp/5ZKe31Pf8AKutr18JheRc89z5LNs0dVujSfu9X3/4H5hRRRXeeCFFFFABRRRQAUUUUAFFFFAHL+K/CMOtxNc2wWPUFHDdBIB2Pv6GvJpoZbed4ZkaOVCVZWGCDX0DXI+M/Co1a3N9ZoBfRj5lA/wBco7fX0/L0rz8XheZc8Nz3spzR0mqNZ+70fb/gfkeUkZGDVRhtYj0q2QQcEYIqGdejfhXlI+qmrq5DRRRVGRmanBgiZR14as6uhkjEsbI3RhisB0MbsjdQcGuinK6sc1WNncbRRRWhicJrNh9g1B0Ufun+ZPp6fhWfXa+IbH7XpxkUfvIfnHuO4/z6VxVelRnzxPl8dQ9jWaWz1QUUUVqcYUUUUAFFFFABRRRQAUUUUAFFFFABRRRQAUUUUAFFFFABRRRQAUUUUAFFFFABRRRQAUUUUAFFFFABRRRQAUUUUAFFFFABRRRQAUUUUAFFFFABRRRQAUUUUAFFFFABRRRQAUUUUAFFFFABRRRQAUUUUAFFFFABRRRQAUUUUAFFFFABRRRQAUUUUAFFFFABRRRQAUUUUAFFFFABRRRQAUUUUAFFFFABRRRQAUUUUAFFFX9Gu4LLU4prjT0vlBGIWYjJzx06/Qg1Mm0m0rlRSbSbsejfDvw61jZtqtyhWe5XESkcrH1z+P8AID1ruaq6ddyX1kk8lnNaMw/1U2Aw/I/zwatV8hiKsqtVynufZYalClSUIbBRRRWB0BRRRQAUUUUAFFFFABRRRQAUUUUAFFFFABRRRQBz3i7w5H4g0pgigXsILQP6nup9j/PFeJspRirAhgcEEcg19G1458QdKGneJHmjXEV2vnD2bo368/jXt5TiHd0ZeqPCzjDKyrR9GcpRRRXungBRRRQAUUUUAFFFFABRRRQAVc0vS7vWNQjsrKIyTSH8FHck9gKbp2nXWq38VlZxGSeU4VR/M+gr3Xwp4WtvDGneUhEl3JgzzY+8fQewrjxeLjQj/eZ2YPCSxEv7q3JPDPhqz8NaaIIAHncAzzkcuf6AdhXA+PvHP2wyaRpM3+jDK3E6H/Wf7Kn+76nv9Os/j7xz5nnaLpUny8pczr39UX29T+FeZ1zYPCSlL29bdnXjcXGMfYUdlv8A5BRRRXqnkBXT2Ft9ltVQj5z8zfWsjSbXz7nzGHyR8/U9q6GtILqY1ZdAooorQxCiiigAooooAKKKKACiiigAooooAKKKKACiiigAooooAKKKKACiiigAooooAKKKKACiiigAooooAKKKKACiiigAooooAKKKKAOx8Kz+ZprxE8xycfQ8/wA81u1yPhObZfTQk8SR5/EH/wCua66viM2p+zxcvPX7/wDgn3uT1faYOHlp93/ACs7XYPtGj3Axyg3j8Of5ZrRproJI2RhlWBBrio1HTqRmujud9emqtKVN9U0eZ0U+WMwzPG33kYqfwplfoaaauj80aadmFFFFMQUUUUAFFFFABRRRQAUUUUAFFFFABRRRQAUUUUAFFFFABRRRQAVgatZ+TN5yD92559jW/Uc0KTwtE4yrDFKSuioy5WclRUtxA9vO0T9VPX1qKsDqCiiigAooooAKKKKACiiigAooooAKKKKACiiigAooooAKKKKACiiigAooooAKKKACSABknoKAO1+Hul+dezalIvyQDZHn++Rz+Q/nXo1ZugaaNJ0S2tCMSBd0nu55P+H4VpV4GJq+0qOXQ+9y7DfV8PGD33fq/wCrBRRRWB3BXd+AfDQuJBrF2mYkP+jqR95h/F+Hb3+lc14c0WTXdXjtRkQj55nH8Kj+p6V7XDDHbwRwwoEijUKqjoAOgrvwWH53zy2R4OdY/wBlD2EHq9/Jf8EfRRRXrnyQUUUUAFFFFABRRRQAUUUUAFFFFABRRRQB5v498NeS7axZp+7c/wCkIo+6x/i/Hv7/AFrgXXcpFfQcsUc8LwyoHjdSrKehB6ivF/E2hvoOrvb8mB/nhc919PqOn/668jG4fkftI7M+syXH+1h7Co9Vt5r/AIBzVFPlXa59+aZXGeu1YKy9Th2uswHDcH61qVFcRCaB07kcfWqi7O5E48ysYFFBBBwetFdRxgRkYPSuB1Wz+w6jLCB8hO5P90/5x+Fd9WD4ns/Ns0ulHzRHDf7p/wDr1vh58s7dzz8yoe0o8y3jr/mclRRRXoHzYUUUUAFFFFABRRRQAUUUUAFFFFABRRRQAUUUUAFFFFABRRRQAUUUUAFFFFABRRRQAUUUUAFFFFABRRRQAUUUUAFFFFABRRRQAUUUUAFFFFABRRRQAUUUUAFFFFABRRRQAUUUUAFFFFABRRRQAUUUUAFFFFABRRRQAUUUUAFFFFABRRRQAUUUUAFFFFABRRRQAUUUUAFFFFABRRRQAUUUUAFFFFABRRRQAUUUUAAGTgV7D4N8Iw6NaJeXcYfUZBk7hnyQf4R7+przzwZZJf8AiywikGUVzKQf9kFh+oFe4V4mbYiUbUo9dWe5lGGjK9aXTRBRRRXhH0AUUUUAFFFFABRRRQAUUUUAFFFFABRRRQAUUUUAFFFFABXD/E+zEuh210AN0E+3P+yw5/ULXcVzXj5QfBd8SOVMZH/fxa6cHJxxEGu/56HLjYqWHmn2/LU8Wooor68+NCiiigAooooAKKKKACp7OzuNQu4rS0iaWeVtqIvUmktbWe9uo7a2iaWaRtqIoySa9v8ABvhCHw1ZeZMEk1GUfvZB/CP7q+3v3/KuXFYqNCN+vRHXhMJLESt06sl8I+ErbwzZZO2W+lH76bH/AI6voP5/y5nx/wCOTD5mj6TN+85W5nQ/d/2FPr6nt069JvHvjkWSS6PpUv8ApR+WedD/AKr1UH+96nt9enktcWEwsqsvb1vkd2MxcaUfYUPn/X5hRRRXrnjBQBk4HWitHSLbzrnzWHyR8/j2ppXYm7K5r2Nt9ltVj/iPLfWrNFFbnK3fUKKKKBBRRRQAUUUUAFFFFABRRRQAUUUUAFFFFABRRRQAUUUUAFFFFABRRRQAUUUUAFFFFABRRRQAUUUUAFFFFABRRRQAUUUUAFFFFAGhoc3k6zbN2Ztn5jH9a76vNIZDFNHIOqMGH4GvSgQQCOhr5fP6dqkJ91b7v+HPreHKl6U6fZ3+/wD4YWiiivnz6M4PXofI1m4A6OQ4/Ec/rms2ui8Ww7bq3mx99Cv5H/69c7X3mX1PaYWEvL8tD89zKl7LF1I+f56hRRRXYcIUUUUAFFFFABRRRQAUUUUAFFFFABRRRQAUUUUAFFFFABRRRQAUUUUAZ+q2f2iDzEH7xB+Y9K56uxrntVs/s8/mIP3bn8j6VnOPU2py6Mz6KKKzNgooooAKKKKACiiigAooooAKKKKACiiigAooooAKKKKACiiigAooooAK3/B2m/2j4hh3rmK3/fP+HQfnisCvTfh/p32bRnvHXD3T8f7i8D9c/pXPiqns6Tfc9HK8P7fExT2Wr+X/AATrqKKK8E+6CjqcCiur8CaJ/aesfapkzb2mH5HDP/CP6/gPWrpwdSSiupjiK8aFKVSWyO58IaENE0ZBIuLufEkx7j0X8P55roKKK+hhBQiorofn1arKtUdSe7CiiiqMwooooAKK5/WfGOlaOWiMhuLgcGKHnB9z0H8/auLv/iLq1wSLSOG1Tthd7fmeP0rnqYqlT0b1PQw+V4murxjZd3oeqUV4jL4n1yYktqt0M/3JCv8ALFJF4m1uE5XVbs/78hb+dc/9oQ7M7/8AV+tb41+J7fRXlNj8Q9YtiBciG7TvuXY34Ecfoa7LR/G2k6qyxM5tbg8COY4BPs3Q/pW9PF0qmidvU4cRlWJoK7jdd1r/AME6Siiiuk84KKKKACsPxVoa67o7xIo+0xZeA/7Xp+PT8q3KKmcVOLi+ppSqypTVSG6Pne4jZchlIZTggjBFV67z4g6F9i1IahCmILs/Pjosnf8APr9c1wfQ14M4OnJwfQ+7o1416caseoUUUVBoYuoReVckgfK/I/rVWtnUYvMttw6oc/hWNXTB3RyVI2kFMmiWeF4nGVdSp+hp9FWZtXVmecXEDW1xJC/3kYqajre8UWnl3kdyo+WUYb/eH/1sflWDXqU5c0Uz5HEUvZVZQ7BRRRVmIUUUUAFFFFABRRRQAUUUUAFFFFABRRRQAUUUUAFFFFABRRRQAUUUUAFFFFABRRRQAUUUUAFFFFABRRRQAUUUUAFFFFABRRRQAUUUUAFFFFABRRRQAUUUUAFFFFABRRRQAUUUUAFFFFABRRRQAUUUUAFFFFABRRRQAUUUUAFFFFABRRRQAUUUUAFFFFABRRRQAUUUUAFFFFABRRRQAUUUUAFFFFABRRRQB1Pw9lEfjC2U/wDLRJFH/fJP9K9lrwPw/eCw8QWFyThUnXcf9knB/QmvfK+dziFqsZd0fSZNO9GUezCiiivJPYCiiigAooooAKKKKACiiigAooqa2tLi8l8u3haR/RR0+vpQJtJXZDXQjw3NJoCXKIftWS/l45KHGB9eM/jWno/hZLZlnvisko5WMcqv19a6Wg8rE4+0kqXQ8mIwcGiu+1fw3b6iTNCRDcHq2Plb6j+tcbfaXeae5FxCyr2ccqfxoOyhiqdZaOz7FOiiig6grl/iFL5fg+5XGfMeNfp8wP8ASuorK8R6WdY8P3lkv+sdMx/7wOR+oxW2Hko1oylsmjDExc6Mox3aZ4NRSujRuyOpVlOCCOQaSvsj4oKKKKACiiigAp8MMlxMkMMbSSuwVUUZLE9gKSON5pUiiRnkchVVRkknoAK9o8DeCk0G3W+vkVtSkH1EIPYe/qfw+vNicTGhG736I6cLhZYidlt1ZN4K8GReHLf7Vc7ZNSlXDMOREP7q/wBTVDx544/slX0vTJAb5h+9lB/1IPYf7X8qm8deNk0WF9O0+QNqTj5mHIgB7n/a9B+Ppnxp3aR2d2LOxyzMckn1NcGFw0q8vb1vl/XY9HF4mOHh7Ch83/XUQksxZiSScknvSUUV7B4oUUUUAABJAAyTXU2VsLW1SP8Ai6t9ayNHtvNufOYfLH0+tb9aQXUxqy6BRRRWhiFFFFABRRRQAUUUUAFFFFABRRRQAUUUUAFFFFABRRRQAUUUUAFFFFABRRRQAUUUUAFFFFABRRRQAUUUUAFFFFABRRRQAUUUUAFFFFABXommyedplq/cxLn64rzuu58OSeZosI7oWX9c/wBa8LPoXoRl2f5o+g4dnbESh3X5M1aKKK+UPsDB8Vxb9NjkA5jkH5Ef/qrj677XIvO0a5X0Xd+Rz/SuBr67IqnNhnHsz4ziCny4pS7pf5BRRRXtHhBRRRQAUUUUAFFFFABRRRQAUUUUAFFFFABRRRQAUUUUAFFFFABRRRQAVFcQJcQNE/Rh19PepaKBnIzRNBK0bjDKcUyt/V7PzovPQfOg59xWBWElZnTGXMgooopFBRRRQAUUUUAFFFFABRRRQAUUUUAFFFFABRRRQAUUUUAFFFFAEttBJdXUVvEMySuEUe5OK9wtLZLOzhto/uRIEH0AxXmXgOw+1+IBOwylshf/AIEeB/Mn8K9TrycwqXkodj6vIKHLSlVfXT5IKKKK88+gFALMFUEknAA717b4b0hdF0SC0wPNxvlI7uev5dPwrzrwHpH9o68LmRcwWgEhyOC/8I/r+Fet16mApWTqM+Wz7FXksPHpq/0CiiivSPnQooqC8u4LC0kurmQRwxjLMaG7asaTbshbq6gsrZ7i5lWKFBlnY8CvMPEfjm61NnttPL21p0LDh5Pqew9qzvE3ia48QXfeOzjP7qLP/jx9/wCVYNePicY5+7DY+ty3KI0kqlZXl26L/ghRRRXCe6FFFFABRRRQB1Ph3xreaQyW92WubLptJy8Y/wBk/wBD+lep2N9balaJdWkqywv0YfyPoa8DrX0DxDd6BeebCd8DkebCTw4/ofeu3DYxw92eqPEzHKIV06lFWl+D/wCCe20VV07UbbVbGO7tJA8Tj8VPcH0Iq1XsJpq6PkJRcW4yVmgooopiM/W9Lj1nSJ7KTALrlGP8LDofzrwW7gktrqSGVSkiMVZT2I4Ir6Kryn4laN9k1OPUolxFdcPjs4/xH8jXBjqV0qi6HvZJiuWboS2eq9f+G/I4WiiivLPpRGAZSp5BGDXPyxmKVkPVTiuhrJ1SLbMsgHDDB+orWk9bGNZXVyjRRRW5zGdrlr9r0qVQMun7xfqP/rZrha9L6159qNr9j1CaDsrfL9DyP0rswst4niZtS1jUXoVaKKK6zxgooooAKKKKACiiigAooooAKKKKACiiigAooooAKKKKACiiigAooooAKKKKACiiigAooooAKKKKACiiigAooooAKKKKACiiigAooooAKKKKACiiigAooooAKKKKACiiigAooooAKKKKACiiigAooooAKKKKACiiigAooooAKKKKACiiigAooooAKKKKACiiigAooooAKKKKACiiigAooooAKKKKACiiigAr33QL/wDtPQLG8zlpIhuP+0OG/UGvAq9T+GGoedpN1YMfmt5N6/7rf/XB/OvLzalzUVPs/wAz1snq8tZwfVfl/TO7ooor5s+mCiiigAoop0cbyyLHGpZ2OAoGSaBCKpZgqgkk4AHerF7ZS2EqxTDEhQMV/u57V1+g+HVsdtzdgNc9VXqI/wD69ZPiq1lk16JY0LtNGu0DuckUHHDFxnW5I7dzngCSABknoBWtZ+GtSu8MYhCh/ilOP0611Wi6DBpkaySASXRHL9l9h/jWxQctfMmnakvmc7ZeELOHDXUjzt/d+6v+P61vQwQ20YjgiSNB/CowKkooPOqVqlT43cKKKKDIKRlDKVYAg9QaWigDJu/DemXWT5Hksf4ojt/Tp+lZE/gs5zb3gx6SJ/Uf4V1tFB0wxdaG0jgpfCeqR/dWKT/cf/HFYmtr/wAI3bxz6uVtIpH2I7sCC2M44z2Br1ivIv2g1J8H6Y2DtF+AT7+W/wDga3w1JVasYPqbPM60Y3smeYeM7LRNSZtV0rU7P7QRmaDzQPM/2h/te3f69eEoor6uhSdKHJe9jx69VVZ89rXCiiitjEKVVZ3CIpZmOAAMkmkAJIAGSe1eveA/Ay6bHHq2qRZvWGYYWH+pHqf9r+X16YYjERoQ5pHRhsNOvPlj8yfwJ4IGioupaigbUHX5EPIgB/8AZvft0qfxv41j8PQmysyr6lIuRnkQg/xH39B+J95vGvjGLw5afZ7Zkk1KUfIh5EY/vN/Qd68RuLia6uJLi4kaSaRizuxyWNebhsPPEz9tW2/r8D08TiIYWHsKO/V/11GyyvNK8srs8jkszMckk9SabRRXsniBRRRQAUoBYgAZJ4ApK0tHtvNuDMw+WPp9aaV3YTdlc2LO3FrapH/F1Y+9T0UVucrdwooooEFFFFABRRRQAUUUUAFFFFABRRRQAUUUUAFFFFABRRRQAUUUUAFFFFABRRRQAUUUUAFFFFABRRRQAUUUUAFFFFABRRRQAUUUUAFFFFABXXeE5M2E0f8Adlz+YH+FcjXS+EXxJdR+oVv5/wCNeZnEebBy8rfmetkk+XGx87/kdTRRRXxR90Rzx+dbyxf30K/mK816GvTq84vo/Jv7iPssjAfnX0fD89akPR/mfMcRw0pz9V+RBRRRX0p8sFFFFABRRRQAUUUUAFFFFABRRRQAUUUUAFFFFABRRRQAUUUUAFFFFABRRRQAVzmp2f2W43KP3T8j29q6Oobq3W6t2ibv0PoamSui4S5WcpRTpI2ikaNxhlOCKbWJ0hRRRQAUUUUAFFFFABRRRQAUUUUAFFFFABRRRQAUUUUAFFFOjRpZFjQZZiFA9SaAPTfh/Y/ZtCe6YfPcyEg/7K8D9d3511lV7C0Wx0+3tV6QxqmfXA61Yr52rPnm5H6HhKPsaEafZf8ADhRRWt4a0z+19ftbVlzFu3y/7g5P59PxqIxcmorqa1KkacHOWy1PTvBmlf2V4dh3rie4/fSevPQfgMfjmugo6DAor6OEFCKiuh+eVqsq1SVSW7CiiiqMhGYKpZiAoGST0FeR+MPEza3e/Z7diLCFvkH/AD0P94/0rofiB4i8iL+x7V/3kgzcMD0Xsv49/b615vXlY3EXfs4/M+oyXL+VfWKi1e3+YUUUV5x9GFFFFABRRRQAUUUUAFFFFAG94X8Ry6BqALEtZykCaP8A9mHuP1r2OGaO4gSaFw8cihlZehB718/V3fgDxGYJxo90/wC6kObdj/C3936H+f1rvwWI5X7OWzPAznL/AGkfb017y381/wAA9Jooor1z5MKyPE+kjWvD91aBQZdu+L/fHI/Pp+Na9FKUVJNMunN05qcd0fN5BBIIwR2oro/G2lf2X4kn2LiGc+amBwM9R+f8xXOV4E4OEnF9D7ujVVWmqkdmFVb+PzLRj3X5hVqkIDAg9DxUp2dzRq6sc5RTpEMcrIf4Tim11nEFct4rtts0NyBww2N9RyP6/lXU1na5bfadJmAHzIPMH4f/AFs1pRlyzTOTG0vaUJL5/ccLRRRXpnyoUUUUAFFFFABRRRQAUUUUAFFFFABRRRQAUUUUAFFFFABRRRQAUUUUAFFFFABRRRQAUUUUAFFFFABRRRQAUUUUAFFFFABRRRQAUUUUAFFFFABRRRQAUUUUAFFFFABRRRQAUUUUAFFFFABRRRQAUUUUAFFFFABRRRQAUUUUAFFFFABRRRQAUUUUAFFFFABRRRQAUUUUAFFFFABRRRQAUUUUAFFFFABRRRQAV03gPUv7O8U26s2I7kGBvqfu/wDjwH51zNOjkeKRZI2KuhDKR2IrOrTVSDg+ppRqOlUU10PoyiqWk366ppFrfLj99GGIHY9x+ByKu18ZKLi2n0PtoyUkmuoUUVJBDJczpDEu53YKo96Q27asn0/TrjU7kQwLnuzHoo9TXeaXotrpafu13zEfNKw5P09BUulabFpdmsKAFzzI+PvGrtB4OLxkqr5Y/D+YVE1vE9ylwyAyxqVVvQHr/KpaKDiTa2CiiigQUUUUAFFFFABRRRQAUUUUAFeX/Hq2af4exyAHEF/FIcdgVdf/AGYV6hXKfEzTv7U+HGuW4XcyWxnA94yH4/75rfCy5K8H5omavFnyHRRRX2JxBRRXqPgHwKFEOtarH83D21uw6ejt/QfjWNevGjDmkb4fDzrz5Yk/gHwMbPy9X1aEfaCN1vA4/wBX/tMP73oO316b/jDxhb+GrPy49suoSr+6i/u/7Te38/zqXxd4rt/DFhuwst7KMQw5/wDHm/2R+vT6eF319c6ley3l5K0s8pyzH/PA9q8uhRni5+2q7f1+B6uIrwwdP2NH4v6/EbdXU97dSXNzK0s0jbndjkk1DRRXtJW0R4bd9WFFFFABRRRQAqqWYKoyScAV1Nnbi1tkiHUDLH1NZGjW3mTmdh8sfT61vVrBdTCrLoFFFFWZBRRRQAUUUUAFFFFABRRRQAUUUUAFFFFABRRRQAUUUUAFFFFABRRRQAUUUUAFFFFABRRRQAUUUUAFFFFABRRRQAUUUUAFFFFABRRRQAUUUUAFbvhR9uqSL/eiP8xWFWr4cfbrcI/vBh+hP9K48wjzYWovJnbl0uXF035r8TuaKKK+DP0MK4LXo/L1q5HqQ35gGu9ri/FCbNXB/vxKf5j+le1kUrYlruv8jw+IIXwqfZr9TFooor64+LCiiigAooooAKKKKACiiigAooooAKKKKACiiigAooooAKKKKACiiigAooooAKKKKAMrWLPen2lB8yj5h6j1rDrsSARgjIrmdQtDaXBA/wBW3Kn+lZzXU3py6FSiiiszUKKKKACiiigAooooAKKKKACiiigAooooAKKKKACt3wfZfbfE1qCMpETM3/Aen64rCrvvhxZ8Xt8R6Qqf1P8A7LWGJnyUmzuy2j7XFQj53+7U72iiivAPvQr0j4a6Z5drdam6/NKfKjP+yOT+Zx+VecKrOwVQSxOAB3Ne66PYLpej2tkMfuowGI7t1J/Mmu7AU+apzdjxM9xHs6CpreX5L+kXqKKK9g+PCs3XdWj0TSJr2TBZRtjQ/wATnoP89ga0q8n8ea3/AGlrH2OF821pleOjP/Efw6fgfWufE1vZU79Tvy7CfWq6i9lq/wCvM5e4uJbq5kuJ3LyyMWdj3JqOiivB3Pu0klZBRRRQMKKKKACiiigAooooAKKKKAClVmRgykhgcgg8g0lFAHs/hTXRrujpI5H2qH5Jh79m/H/Gt2vF/CmtnRNajldiLaX93MP9k9/wPP517OCCAQcg9CK9zCVvaw13R8PmuD+rV/d+GWq/yFooorqPMOH+JGl/atJW8RcyWx3f8BPB/ofwryevoPVLdLqyeKRdyOCjD1BGDXgd7avY309rJ96FyhPrg9a8vHU7SU11Ppskr81OVJ9PyZBRRRXAe6ZGpR7LneOjjP41SrX1OPdbh+6H9D/kVkV0wd4nJUVpBSEBlIIyDwRS0VZmedXcBtruaA/wOV/Coa2/E9v5WpLMBxKgP4jj/CsSvUhLmimfI4in7OrKHZhRRRVmIUUUUAFFFFABRRRQAUUUUAFFFFABRRRQAUUUUAFFFFABRRRQAUUUUAFFFFABRRRQAUUUUAFFFFABRRRQAUUUUAFFFFABRRRQAUUUUAFFFFABRRRQAUUUUAFFFFABRRRQAUUUUAFFFFABRRRQAUUUUAFFFFABRRRQAUUUUAFFFFABRRRQAUUUUAFFFFABRRRQAUUUUAFFFFABRRRQAUUUUAFFFFABRRRQB6j8MdU87T7nTHb5oG8yMf7LdfyP/oVd7XhvhHVP7J8S2k7NtidvKl9Nrcc/Q4P4V7lXzGaUfZ1+ZbS1/wAz6nKq3tKHK946f5BWn4dXfr1oMZ+Yn8gTWZWx4XXOvwH0DH/x015x24h2pSfkz0Giiig+YCiiigAooooAKKKKACiiigAooooAKKKKACorm3jurWa3lGY5UKOPUEYNS0UAfD97avY31xaS/wCsglaJvqpwf5VBXY/FPTv7M+JWtRAYWWb7Qp9fMAc/qTWn4C8DG+aLWNUjxag7oIGH+t9GI/u+3f6dfr5YmEKKqy6o56VCdWpyRJvAHgbzjHrGrQ/uuGtoHH3v9ph6eg79enXtvFPii08M6eZZSJLqQEQQZ5Y+p9AO5qTxL4ktPDOmm5n+eV8rDCDy7f0A7mvCNW1W71rUpb69k3yyHoOijsAOwFebSpTxlT2tT4f6/pnrVqsMFT9lS+L+tf8AIZqOo3Wq30t7eymWeQ5LHt7D0HtVWiivaSSVkeG227sKKKKYgooooAKVVLsFUZJOAKStTRrbzJjOw+VOF+tNK7FJ2VzXtbcW1skQ7Dk+pqaiitzleoUUUUCCiiigAooooAKKKKACiiigAooooAKKKKACiiigAooooAKKKKACiiigAooooAKKKKACiiigAooooAKKKKACiiigAooooAKKKKACiiigAooooAKv6K2zWbU/7ePz4qhVnT22alat6Sqf1FZV481KS7p/kbYeXLWhLs1+Z6LRRRX54fpQVyfi1MXVs/qhH5H/AOvXWVzXi5cx2j+hYfy/wr08olbGQ+f5M8vOo3wU/K35o5aiiivtT4MKKKKACiiigAooooAKKKKACiiigAooooAKKKKACiiigAooooAKKKKACiiigAooooAKr3lqt3btGeG6qfQ1YooGnY491ZHKMMMDgikrZ1mzyPtKD2f/ABrGrBqzOmMrq4UUUUigooooAKKKKACiiigAooooAKKKKACiiigAr17wfZ/Y/DFoCMNKDK3vuOR+mK8lt4WubmKBPvyOEX6k4r3SGJYIY4kGERQqj2AxXnZhO0VE+h4fpXqTqdlb7/8Ahh9FFFeUfVHQeC9P/tDxPbBhmODM7f8AAen64r2SuE+Glh5djd37DmVxEhPovJ/U/pXd17eChy0r9z4rOq/tMU4raOn+YUUUV1nkmN4o1f8AsXQp7lSBM37uH/ePf8Bk/hXipJJJJyT1JrrviDq323WhZRtmG0G047uev5cD865CvExlXnqWWyPtcnwvscOpPeWv+QUUUVyHrBRRVrT9OutUvEtbOIySt2HQD1J7ChJt2RMpKK5pOyKtbumeENZ1VRJFa+VEekk52A/TufwFegeH/BVjo6pNcBbq8HO9h8qH/ZH9Tz9K6evSo4C6vUfyPncXn1ny4dX83+iPOoPhjKQDcaoinuI4S36kj+VOl+GBwTDqoJ7B4MfqG/pXodFdX1Oj2/M8v+2MZe/P+C/yPHtR8D63p6lxAt1GP4rc7j/3z1/SudIKsVYEEHBB7V9B1h674V07XULSp5V1j5Z4x834+ormq5erXps9HC5878uIWndf5Hi9FaWtaFe6Fd+Rdp8p5jlX7rj2P9Kza82UXF2Z9JCpGpFSg7phRRRSLCvWvAmsnUtE+zStme0xGfUp/Cf5j8K8lrb8Kav/AGPr8EztiCQ+VN6bT3/A4P4V0YWr7Oom9medmeF+sYdpbrVf15ntNFFFe8fCjJl3wuvtXj/j+w+z6xFeKuEuU5/3l4P6Yr2OuG8daf8AadBmZRl7ZxIPp0P6HP4Vz4qHPSflqd+WVvZYmL6PT7/+CeUUUUV4h9oRzJ5sDp6giufrpKwbpPLupF7ZyK2pPoYVlsyGiiitjnMPxRb+ZpyTAcxPyfY8fzxXIV6FqEH2nT54cZLIcfXt+tee13YaV42Pn81p8tVS7r8gooorpPLCiiigAooooAKKKKACiiigAooooAKKKKACiiigAooooAKKKKACiiigAooooAKKKKACiiigAooooAKKKKACiiigAooooAKKKKACiiigAooooAKKKKACiiigAooooAKKKKACiiigAooooAKKKKACiiigAooooAKKKKACiiigAooooAKKKKACiiigAooooAKKKKACiiigAooooAKKKKACiiigAooooAKKKKAPZfhf8I7DxFoia7rzzNBOzC3to22blBwWY9eoOAMdM969in8IafImIWlhbsd24fjnn9ao/C6VJvhnoTRnIFuV/FWYH9Qa66vksZWnUqyUns3Y9ChOVJXg7Hm+qaLd6U+ZVDxE4WReh+voaueEgTrYI7RsTXczQxzwtFKgeNxhlPeud0zRn0vxI2zLW7wsUY9uRwfeuQ9VY32tGUJ72+86Wiiig8kKKKKACiiigAooooAKKKKACiiigAooooAKKKxdb1lbNDbwNm4YckfwD/GmlcunTlUlyxOA8eeDbHXPH9vqlyyvBDaokkA/5aSBmI3e2COO/FQa/r1l4a0prm4IyBthhXgyN2A9B79qsa5rVvoelzajeFyinGByXY9B9TXgeva7d+IdTe9u268Rxg/LGvYD/PNethMPPE2537sTtrVaeChyQ1k/6/4YZrWtXmvai97eybnbhVH3UXsoHpWfRRX0EYqKstjwZScnd7hRRRTEFFFFABRRRQAqKzuqKMsxwBXV20C21ukS9hyfU1kaLbb5WuGHypwv1rcrWC6mFSWtgoooqzIKKKKACiiigAooooAKKKKACiiigAooooAKKKKACiiigAooooAKKKKACiiigAooooAKKKKACiiigAooooAKKKKACiiigAooooAKKKKACiiigAooooAKfE2yZG9GBplFJq6sNOzuenUU1G3Rq3qAadX5w9D9PTuFYHixc6fC/pLj8wf8K36xfFC50jPpIp/nXblzti6b8zhzOPNg6i8ji6KKK+7Pz0KKKKACiiigAooooAKKKKACiiigAooooAKKKKACiiigAooooAKKKKACiiigAooooAKKKKAEZQylWGQRgg1zF9am0uCn8J5U+orqKq39oLu3Kj768qfepkrouErM5iilIIJBGCOopKxOkKKKKACiiigAooooAKKKKACiiigAooooA3vB1p9r8T2gIysRMp9sDj9cV67Xnvw3td11fXZH3EWMH6nJ/kK9CrxcdK9W3Y+yyOlyYXm/mbf6foFFFaOg2X9o69ZWpGVeUbh/sjk/oDXJFOTSR605qEXJ7I9g8O2P9m+H7K1Iw6xBnH+0eT+prToor6SMVFJLofnVSbqTc3u9Qqlq2oJpelXN6+MRISAe7dAPxOKu1wXxK1PZb2umI3Mh86T6DhR+efyrOvU9nTcjfBYf6xXjT6Pf06nncsrzzPLIxaR2LMx7k8k0yiivnj9AStoFFFKqs7qiKWZjgAdSaALOnadc6rfRWdqm6WQ49lHcn2FeyaBoFroFiIYRvlbmWYjlz/Qegqn4R8OJoWnB5VBvZgDK390dlH0/nXRV7OEw3s1zS3/I+OzXMniJeypv3F+P/A7BRRRXaeMFFFFABRRRQBT1PTLXV7F7S7j3xt0PdT2IPY145r+g3Ogagbeb5425ilA4cf4+or2+s3XNGt9c02S0nGG6xyY5RuxrlxOGVWN1uepluYyws+WXwPfy8zw2irF9ZT6dey2lymyaJtrD+o9qr14bTTsz7aMlJXWwUUUUDPZfB2q/2r4dgZ2zNB+5kyecjofxGP1rfryv4ean9k1t7J2xHdrgf768j9Mj8q9Ur3sLU9pST6o+EzTDewxMorZ6r5hWVqVuk3mwyDKSoVYeoIwa1ap3y/cb8K6Dz721R4BdW72l3Nbyffico31BxUVdJ44svsviN5VGEuEEg+vQ/wAs/jXN18/UhyTcex97h6vtaUandBWVqiYmR/7wx+VatUtTTdbBv7rUQdpFVFeJkUUUV0nIFefajB9m1G4ixgK5x9Oo/SvQa4/xRB5eprKOkqA/iOP8K6cNK0rHmZrC9JS7MxKKKK7j54KKKKACiiigAooooAKKKKACiiigAooooAKKKKACiiigAooooAKKKKACiiigAooooAKKKKACiiigAooooAKKKKACiiigAooooAKKKKACiiigAooooAKKKKACiiigAooooAKKKKACiiigAooooAKKKKACiiigAooooAKKKKACiiigAooooAKKKKACiiigAooooAKKKKACiiigAooooAKKKKACiiigAooooA+iPgDry3fhu90SR/3tlN5sYP8Azzf0+jBs/wC8K9fr5A+Hvik+EfGNnqTsfsrHyboDvE3U++OG/Cvr2ORJY1kjYOjgMrKcgg9CK+YzOh7OtzLaX9M6qUrxsOooorzjUKKKKACiiigAopMj1o3D1pXQC0Um4Um8UXQ7DqKTcPWlyDRdCCiiimAUUVl6xq6afF5cZDXDD5R/d9zTSuXCEpy5YjNa1gWCeTCQbhh/3wPU1yttbz6hdiNMvI5yzHt6k0Qw3GoXexMySuckn+ZrtNN06LTrcImDIfvv3Y/4VekUelJwwkLLWTOB+LOiw23wo1ARLueGSGVmxyx8wLn8mNfMdfXHxRj834Z66ucYgDfkyn+lfI9e/lEr0WvP9EeFiG5T5mFFFFeqYBRRRQAUUUUAFORGkdUUZZjgCm1raLa7pGuGHC8L9aaV2KTsrmtbwrb26RL/AAjr6mpaKK3OUKKKKBBRRRQAUUUUAFFFFABRRRQAUUUUAFFFFABRRRQAUUUUAFFFFABRRRQAUUUUAFFFFABRRRQAUUUUAFFFFABRRRQAUUUUAFFFFABRRRQAUUUUAFFFFABRRRQB6RaHdZQN6xqf0qaq2nEtploT1MKH/wAdFWa/OqqtOS8z9NpO9OL8kFZXiNc6JMfQqf8Ax4Vq1na8N2iXIxngH9RW2DdsTTfmvzMccr4aov7r/I4Kiiivvz84CiiigAooooAKKKKACiiigAooooAKKKKACiiigAooooAKKKKACiiigAooooAKKKKACiiigAooooAxNYs9j/aUHytw/sfWsmuvkRZY2RxlWGCK5a7tmtbhom6DkH1FZTVtTopyurENFFFQaBRRRQAUUUUAFFFFABRRRQAUUUUAepeAbXyPDgmI5nlZ8+w+X+hrqaz9Ctvsmg2MGMFYVLfUjJ/U1oV87WlzVJPzP0LB0/Z4eEOyQV2nw3svO1q4uyMrbw4HszHA/QNXF16p8ObPyPD8lyR81xMSD6qvA/XdW2DhzVl5HJnFX2eEl56f18jsKKKK9w+ICvEvE+pf2p4iu7gHMYfy4/8AdXgfn1/GvWPEmof2Z4fvLoNtcRlYz/tNwP1Oa8QrzMwqbQ+Z9Lw/Q+Os/Rfm/wBAooorzD6YK7n4faB9ouDq9wmYoTtgBHV+7fh/P6VyGm2E2p6jBZQD95M20H0Hcn6DmvcrGzh0+xhtIFxFEoVf8frXdgqPPLney/M8TOsZ7Gl7KO8vy/4JYooor2D48KKKKACiiigAooooAKKKKAON8e+H/t9h/aVun+k2y/OAOXj/APrdfpmvLa+gyAQQRkHqDXjPi3RP7E1uSONcW0v7yH2B6j8D/SvKx9Gz9ovmfUZFjeZPDz6bf5GFRRRXnH0ZLa3Elpdw3MRxJE4dT7g5r3izukvbKC6i+5NGrr9CM14FXqvw71H7VoL2jHL2smB/utyP13flXfl9S03DueBn1Dmoxqr7P5P/AIJ19V7xcwZ9DmrFMmXdC49q9c+TPN/iHZ+ZptreKOYZCjfRh/iB+dedV7J4itPt3h69gAy3lFlHuvzD+VeN15OOhapfufV5LV5sPyfyv/ghUVynmW0i/wCzxUtFca0PXauc3RTpU8uV0/ukim11nEFYHiuHdZwTDqj7fwI/+tW/WfrcPnaPcDHKrvH4c1pSdppnNi4c9CUfI4SiiivTPkwooooAKKKKACiiigAooooAKKKKACiiigAooooAKKKKACiiigAooooAKKKKACiiigAooooAKKKKACiiigAooooAKKKKACiiigAooooAKKKKACiiigAooooAKKKKACiiigAooooAKKKKACiiigAooooAKKKKACiiigAooooAKKKKACiiigAooooAKKKKACiiigAooooAKKKKACiiigAooooAKKKKACiiigAr6F+CPjxdQ05fC+oS/wCl2q5s2Y/6yIfwfVe3t9K+eqmtLu4sLuG7tJnhuIXDxyIcFWHQiufFYeOIpuD+RUJcrufcNFeU+BPjRpmtQRWPiCSOw1IAL57nbDMfXPRD7Hj0PavUBMsiK6OpRvusDkH8a+Tr0p0Jcs0dkWpaolJApC/oKZRXM5suwu40maKKm7GFFKAT2pdnqaaTYrjaKfsFLtHpVcjC5HRUmB6CgqDRyMLjVbsafUZGDVLU9Vj062zw0zfcT+p9qqDbdhxg5u0RNW1aPTYtq4adh8q+nufauPRLjULzaMyTSt1NBNxqF3k7pZpD+ddjpWlR6dDk4adh87/0HtW2kUel7mEh3k/6+4dpemR6bBtHzSt99/X2HtV+iiszzJSc3zS3OJ+Ls4t/hfrRJ5ZY0HPUmVBXydX0X+0Bqy23hSw0tWxJeXXmEeqRjn/x5l/KvnSvpcphy0L92cdZ+8FFFFemZBRRRQAUUUUAOjRpZFRRlmOBXVwQrbwJEvRRj61k6La7na5YcL8q/Xua2q1gtLmFSV3YKKKKsyCiiigAooooAKKKKACiiigAooooAKKKKACiiigAooooAKKKKACiiigAooooAKKKKACiiigAooooAKKKKACiiigAooooAKKKKACiiigAooooAKKKKACiiigAooooA9C0ok6TaZ/55L/KrlUdGJOj2uf7gq9X57iFatNeb/M/SsM70IPyX5BVHWBu0e6A/wCeZNXqqaoN2lXY/wCmLH9KMO7VoPzX5hiVejNeT/I88ooor9CPzUKKKKACiiigAooooAKKKKACiiigAooooAKKKKACiiigAooooAKKKKACiiigAooooAKKKKACiiigAqlqVn9qt8qP3qcr7+1XaKTVxp2dzjqK0tXs/Jl89B8jnn2NZtYtWZ1J3VwooopDCiiigAooooAKKKKACp7OA3V9b246yyKn5nFQVueD7f7R4psgRwjGQ/gCR+uKipLlg5djWhT9pVjDu0j18AAAAYA7UUUV84fowV7loFp9h0CxtiMMkKlh/tEZP6k14xpdr9u1a0tcZEsyofoTz+le816WXR+KR81xDV0hT9X/AF+IUUUV6h8ycF8S7/bbWenqfvsZnHsOB/M/lXnFdD42vvtvim6wcpBiFfbb1/8AHia56vAxU+eq2feZZR9jhYR6vX7wooqW1tpLy7htoRmSVwij3JxWCVzubSV2egfDjR9sU2rSpy+Yoc+n8R/Pj8DXf1W0+yi07T4LOEfJCgQe/qfx61Zr6GhT9nBRPz/G4l4ivKp93oFFFFanKFFFFABRVG61nTLJilzf20TjqrSgH8utRQeItGuGCxanalj0BkAJ/Op543tc1VGq1zKLt6GnRSAhgCCCDyCKWqMgooooAK5zxro39raE7Rrm5tsyx46kfxD8R+oFdHRUTgpxcX1NaFaVGoqkd0fPdFbXivSf7H8QXECLiGQ+bF/unt+ByPwrFr56cXGTi+h+hUqkasFUjswrq/h/qH2TxGIGbCXSGP8A4EOR/Ij8a5SprO5ezvYLqP78MiyL9Qc06U+Sal2IxNH21GVPuj36imQypcQRzRnKSKHU+oIyKfX0Z+dtW0ZkOuCykZ7GvENStTY6ndWp/wCWUrIPcA8V7ncDbcOPfNeT+OrX7P4keQDAnjWT/wBlP/oNcOPjeCl2PayOpy1pQ7r8jmqKKK8o+pMXUE23j/7WDVWtDVVxJG/qCP8AP51n11Qd4o45q0mFNkQSRPG3RgQfxp1FUQ1c81ZSjsrdVODSVd1eLydWuU/2y358/wBapV60XdXPjqkeSTj2CiiimQFFFFABRRRQAUUUUAFFFFABRRRQAUUUUAFFFFABRRRQAUUUUAFFFFABRRRQAUUUUAFFFFABRRRQAUUUUAFFFFABRRRQAUUUUAFFFFABRRRQAUUUUAFFFFABRRRQAUUUUAFFFFABRRRQAUUUUAFFFFABRRRQAUUUUAFFFFABRRRQAUUUUAFFFFABRRRQAUUUUAFFFFABRRRQAUUUUAFFFFABRRRQAUUUUAFXtL1e80jUbS9tZmD2syzRqWO3cD6e/T8ao1p6J4e1bxHei00iwmupjjOwfKnuzHhR7k1M+XlfNsNX6H2Bomr22vaJZ6rZtmC6iEi88r6qfcHIPuKvgE9K5D4aeENS8HeGjp2pX8dyzyGVY41O2HPVQx6jjPQck12lfE1aUY1GoO66HcpO2owJ604ADtS0UlFIdwooopiCiiigAooooAhu5GhtJZUTeyKWC+uK4N3uL+7yd0k0hwAP5V6F1rK0/SIdPkkkHzSFjtP91ewFNSUdTsw1eNKMm1r0HaRpKadDufDXDD5m9PYVp0DkUUr31Oac5TlzS3CiiuG+KfjRfCHhWT7O+NSvQYbUA8rx80n/AAEH8yKulTlUmoR3Zm3ZXZ4f8YPEo8Q+O7iOF91pp4+yxYPBIPzn/vrIz6AVwNHU0V9jSpqnBQXQ4m7u4UUUVoIKKKKACnRxtLIsajLMcCm1r6La5LXLDp8qf1NNK7Jk7K5rQQrBAkS9FGPrUlFFbnMFFFFAgooooAKKKKACiiigAooooAKKKKACiiigAooooAKKKKACiiigAooooAKKKKACiiigAooooAKKKKACiiigAooooAKKKKACiiigAooooAKKKKACiiigAooooAKKKKAO+0M7tFtT/s4/U1oVnaD/AMgS2/3T/M1o1+f4r+PP1f5n6Rg9cPT/AMK/IKr343addL6wuP0NWKhvBusp19Y2H6VlSdpxfma1VenJeTPN6KKK/RT8yCiiigAooooAKKKKACiiigAooooAKKKKACiiigAooooAKKKKACiiigAooooAKKKKACiiigAooooAKKKKAGTRLPC0TjKsMVys8D28zRP1U/nXW1narZ+fD5qD94g/MVE1dGlOVnY5+iiisjoCiiigAooooAKKKKACuw+Hdvv1q4nIyI4MfQkj+gNcfXofw3g22d9cY+/IqZ+gJ/8AZq5sXK1FnpZTDnxkPLX8DuKKKK8I+5Om8B2v2nxVAxGVgR5T+WB+pFevV518MrbM+oXRH3VSMH6kk/yFei17WBjajfufF53U58W12SX6/qFRXVwlraTXEn3IkZ2+gGalrnPHN59k8K3IBw05WFfxOT+gNdNSXJBy7HnYel7WrGn3aR5DNK888k0hy8jFmPqScmmUUV84foiVtEFdl8OtM+1azJfOuY7VPlz/AH24H6Z/SuNr2LwTp39n+GbcsuJLj9+/49P0ArqwdPnqp9tTy84xHscK0t5af5/gdFRRRXuHxIUUVR1fVbbRtOkvLk/KvCqOrt2ApNpK7KhCU5KMVdsbq+s2eiWZubyTaOiIOWc+gFeXa34z1PV3ZI5Da2p4EUTYJH+03U/y9qy9Y1i71u/a6unyTwiD7qL6CqFeNiMXKo7R0R9jl+U08PFTqK8/wXp/mFFFFcZ7BqaT4h1PRpAbS5byweYXOUP4f4V6h4c8WWevx+XxBeKPmhY9fdT3H8q8bqSGaW2nSaGRo5UO5WU4INdNDEzpPujzcbllLFRva0u/+fc+gKK5vwl4nTXrMxzbVvoR+8UcBx/eH9a6SvahOM480dj4utRnRm6c1ZoKKKKsyOM+Iul/adHjv0XMlq2GI/uNx+hx+teXV79eWsd7ZTWsozHMhRvoRivBrq3ktLua2lGJInKMPcHFeRj6dpqa6n1uQ4jnouk/s/k/+CRUUUVwHvHsfgi9+2+FrXJy8GYW/Dp+hFdDXnfwyvcSX9iT1CzKPpwf5rXole/hp89KLPgsyo+yxU4+d/v1KF6MTA+orz34jWuYbG7A+6zRsfryP5GvRb4fcP1Fcl41tvtHhi4bGWhZZB+eD+hNPER5qUkTl9T2eKg/O336HlFFFFeEfblLU1zbBv7rVkVu3q77OQegz+VYVdFJ6HNWXvBRRRWhicf4oi2aor9pIwfxGR/hWJXT+LIvktpfQsp/Q/0NcxXpUXemj5bHx5cRJBRRRWpyBRRRQAUUUUAFFFFABRRRQAUUUUAFFFFABRRRQAUUUUAFFFFABRRRQAUUUUAFFFFABRRRQAUUUUAFFFFABRRRQAUUUUAFFFFABRRRQAUUUUAFFFFABRRRQAUUUUAFFFFABRRRQAUUUUAFFFFABRRRQAUUUUAFFFFABRRRQAUUUUAFFFFABRRRQAUUUUAFFFFABRRRQAUUUUAFFFWbLTb7UpfKsbK4upP7sETOfyApNpasCtRXa6b8JvGup4KaLJboer3TrFj8Cd36V2Gm/s9arLtOp63aWw6lbeNpT9Odv9a554yhD4pr8/yLUJPoeNUV9L6Z8B/Cdnta9kvr9h1EkvlofwQA/rXZ6X4M8NaLtOn6HYwuvSTyQz/99HJ/WuOpm9FfCmy1Rl1Pk/SfCPiLXCv9m6Le3Ct0kWIhP++zhR+dd5o/wE8S3pVtTurPToz1Xd50g/Bfl/8AHq+kaK4amb1pfAkvxLVGPU8y0P4G+FdMKyX32nVJh1E77I8+yrj8iTXotlYWem2q21jaw2sC/dihjCKPwFWKK8+rXqVX78rmqilsFFFFZDCiiigAooooAKKKKACiiigApj9afTX7VMthoVfu0tNToadTjsDIrm5hs7Wa6uZFighQySSMcBVAySfwr5D8eeLZvGXim41Jty2y/urWM/wRAnH4nkn3NeqfHXxv5MK+E7CX95IBJfMp+6vVY/x4Y+2PWvBa+iyrC8kfbS3e3octad3ZBRRRXrmIUUUUAFFFFAD4o2mlWNBlmOBXVwxLBCkS9FGKydFtvvXLD/ZT+prZrWC0uYVJXdgoooqzIKKKKACiiigAooooAKKKKACiiigAooooAKKKKACiiigAooooAKKKKACiiigAooooAKKKKACiiigAooooAKKKKACiiigAooooAKKKKACiiigAooooAKKKKACiiigAooooA7zQCDolsR6Ef+PGtKsvw9/yArb/AIF/6Ea1K+Axn+8VP8T/ADP0fBa4an/hX5BUVz/x6zf7jfyqWmyf6p/901hF2kjomrxaPM6KKK/Rj8wCiiigAooooAKKKKACiiigAooooAKKKKACiiigAooooAKKKKACiiigAooooAKKKKACiiigAooooAKKKKACiiigDndUs/s0+9B+7fkex9KoV1lzbrcwNE3fofQ1y0sbQytG4wynBrGSszopyurDKKKKk0CiiigAooooAK9V8BweV4YjfH+uld/12/8AsteVV7N4ah8jw1p6esKv/wB9fN/WuDMJWppeZ7mQQviJS7L9UatFFFeQfXnq3w6tvJ8NtMRzNOzA+wAH8wa66sfwrb/ZfC2nR46wiT/vr5v61sV9DQjy04ryPz7G1PaYmcvNhXn3xNu/ksLIHqWlYfoP/Zq9BryLx9dfaPFMseciCNIx+W4/q1Y46XLRa7nZktLnxafZN/p+pzFFFFeIfalvTLJtR1S1s16zSBCfQZ5P5V7uiLGiogCqowAOwry74c2P2jXpLthlbaIkH0ZuB+m6vU69fL4Wg5dz5HPq3NXVNfZX4v8A4FgooorvPCEJCgkkADkk1474u8QNruqkRMfscBKwj+96t+P8sV2fj/WzYaWLCFsT3YIYg8rH3/Pp+deV15ePr3fs18z6jI8FZfWJr0/zCiiivNPowooooAKKKKALWnX8+mX8N5bNtlibI9CO4Psa9t0nU4NX0yG9gPyyDle6t3B+leEV2HgDXPsGqHT5m/0e7OFz0WTt+fT8q7cFX5J8r2Z42c4L29L2sV70fxR6pRRRXsnxoV5P8QtP+yeIvtKrhLqMPntuHB/kD+NesVyHxEsPtPh9LpRl7WQEn/Zbg/rt/KuXGQ56T8tT08or+yxUez0+/wD4J5VRRRXhn3B0Pgm8+x+KrTJws2Ym98jj9cV7HXgFtO1rdw3CffidXX6g5r32ORZYkkQ5VwGB9Qa9XL5Xi4nynEFK1WFTurfd/wAOQ3ozCD6GsXUrb7Xpd3bYyZYWQfUjit25Gbd/zrMr0Wrqx4EZOMlJdDweireqW/2XVry3xgRzOo+gJxVSvnWrOx+gRkpRUl1Guu9GX1BFc7XSVz867LiRfRjWtLqZVlsyOiiitjnMfxNHv0gtj/Vurf0/rXGV32rx+bpF0vpGW/Ln+lcDXdhn7lj5/No2rJ90FFFFdJ5YUUUUAFFFFABRRRQAUUUUAFFFFABRRRQAUUUUAFFFFABRRRQAUUUUAFFFFABRRRQAUUUUAFFFFABRRRQAUUUUAFFFFABRRRQAUUUUAFFFFABRRRQAUUUUAFFFFABRRRQAUUUUAFFFFABRRRQAUUUUAFFFFABRRRQAUUUUAFFFFABRRRQAUUVsad4U8QauAdP0W/uEP8aW7Ff++sYpSkoq7dgtcx6K9F074I+NL4jzrW1sVPe5uAf0Tca63Tv2d2+VtT8QAf3o7a3z+TMf/Za5Z47Dw3n92v5FqnJ9Dw2ivp/Tvgd4MstpuIby+I/5+LggE/RNtdXp3gzwzpO37DoWnxMvR/IVn/76OT+tck83pL4U2WqL6nyLp+havqpA07S727z/AM8IGcfoK6vTvg7421DaTpItYz/HczImPquS36V9WAAAADAFFck84qP4Ypfj/kWqK6s+f9O/Z51KTB1LXbSD1W2iaX9W211mnfATwta4a8udQvW7hpAi/koz+teqUVyzzDEz+1b0LVOK6HMad8O/B+l4+y+HrHI6NNH5zD8Xya6SKKOCNY4Y0jjXgKigAfgKfRXLKcp/E7lJJbBRRRUDCiiigAooooAKKKKACiiigAooooAKKKKACiiigAooooAKpalqEenwpJKrsrNt+XGelXainijmQLLGjrnoygik7W1Kg0pLm2MuLxHp5+8ZU+qf4VV13xXDp+h3V1p0T314iYht0Qgu54Gc44HU+wrTk0vTvLLPaxgewx/Kvnnxd4t8Y6Rr10x0p9Msd5EMUkO9dvQHzOQxPU4OM104WlGtPki1feze/wCptOWHSu1JfccVqmkeJLu/uL7UNM1B7i4kMksht2O5icnkDFY8tvNAcTQyRn/bUj+ddvD8V9cTiW1sZB/uMD/6FWhF8XZcYuNGjcHg7JyP5qa+jVTEx09mn6M5fZYV7VGvVHmlFen/APCxvDt1/wAf3h3dnr+7jk/njtR/wkHw7vP9dpHkZ/6dgv8A6Aaf1movipv5ah9VpP4aq+eh5hRXp/2f4Y3n3JvIY9fmmXH/AH1xR/wh/gW75t/EGwnov2uP+RGaPrsV8UZL5B9Rm/hlF/M8wp8MTTTLGg+ZjgV6Z/wquwuf+PPX8j/rksn8mFLa/C26spWkXUIJWxhdyFcevrTjjsO3Zyt95MsBiUrqN/mjnYYlhhSNfuqMCn10kngfV0zt+zyf7sn+IFVZPCetx9bEsPVXU/1rrji6D2mvvOKWDxEd4P7jFoq/Jomqxff066x6iIkfpVSS3mh/1sMif7ykVtGcZbO5hKnOPxJojoooqiAooooAKKKKACiiigAooooAKKKKACiiigAooooAKKKKACiiigAooooAKKKKACiiigAooooAKKKKACiiigAooooAKKKKACiiigAooooAKKKKACiiigAooooAKKKKAO68Pf8AICtv+Bf+hGtSsvw9/wAgK2/4F/6Ea1K+Axn+81P8T/M/RsD/ALrT/wAK/IKbJ/qn/wB006iudOzOpq6PMaKKK/Rz8vCiiigAooooAKKKKACiiigAooooAKKKKACiiigAooooAKKKKACiiigAooooAKKKKACiiigAooooAKKKKACiiigArL1iz8yP7Qg+ZR83uK1KCARgjIpNXRUXZ3OOoq3qFobS4IA/dtyv+FVKwasdKd1cKKKKBhRRRQAV7taw/Z7SGH/nnGqfkMV4lp0Xn6naQ/8APSZF/NgK9yrzMxfwo+m4ehpUl6fqFKAWYKBkk4ApKv6JB9p12whxkPcID9Nwz+lebFXaR9FOXJFyfQ9wtoRb2sUA6RoEH4DFS0UV9KfnDd3dhXhOs3P2zWr25zkSTuw+meP0r2zU7n7HpV3c5wYoXcfUAmvBa8zMZfDE+k4ep6zn6IKKKK8w+mPVPhzZeR4fkuiPmuZSQfVV4H67q7CqGiWf9n6JZWuMNHCoYf7WMn9c1fr6GjDkpqJ+e4yr7avOp3f/AAwUjMqKWYgKoySegFLXM+OtU/s7w7JEjYluj5K/T+I/lx+NVUmoRcn0IoUXWqxpx6s808Qaq2s63cXhJ8sttiB7IOn+P41mUUV87KTk22foVOEacFCOyCiiikWFFFFABRRRQAUqsyMGUkMDkEdQaSigD2/w5qw1rQ7e7JHm42SgdnHX8+v41q15j8OdVNvqc2myN+7uF3oPR1/xGfyFenV7+Gq+0pp9T4LMcN9XxEoLbdej/qwVV1OzXUNMurRsfvomQZ7Ejg/nVqitmrqzOKMnFqS3R8+MpRirDDA4IPakrZ8V2X2HxPfxAYVpPMX6N839cVjV85OPLJxfQ/RqVRVKcZrqrhXtnhS6+2eF9PlzkiIRn6r8v9K8Tr1L4b3Pm6DPbk8wznA9AQD/ADzXZgJWq27o8jPqfNhlLszsJBuiceoNZNbFZBGCR6V7B8eeS+NIPI8UXRA4kCuPxUZ/UGsCuy+IkG3VbSfH+sh2/wDfJP8A8VXG14WIjy1ZI+3wE+fDQfl+WgViX67byT3wf0rbrJ1RcXKn1WppfEb1l7pRoooroOUZKnmwvGf4lK/nXm5GDg9a9Lrzu9j8q+uI/wC7Iw/WuvCvdHjZvHSEvUgooorsPECiiigAooooAKKKKACiiigAooooAKKKKACiiigAooooAKKKKACiiigAooooAKKKKACiiigAooooAKKKKACiiigAooooAKKKKACiiigAooooAKKKKACiiigAooooAKKKKACiiigAooooAKKKKACiiigAooooAKKKkggmuZ0gt4nllc4SONSzMfQAdaAI6K9N8OfA/wATawEm1Hy9Jtm/57fNKR7IOn/AiK9T0P4JeEtJCvdwzanOP4rl8Jn2RcD8DmuGtmNCnpe78jSNKTPmW1tLm+nEFpby3Ex6RxIXY/gK7HSvhH401Xaw0hrWM/x3biLH1U/N+lfU9jp1jpkAgsLO3tIR/wAs4IlRfyAqzXnVM4m/gjb1NFRXVngul/s8XTbW1bXoY/WO0hL5/wCBNj+VdlpnwP8ABthtNxBd37DvcTkDP0TbXpFFcU8fiJ7y+7Q0VOK6GRpvhXw/o5DadothbOOjxwKH/wC+sZ/WteiiuSUnJ3buXawUUUUgCiiigAooooAKKKKACiiigAooooAKKKKACiiigAoqCS7ij4B3H0FVJL2V/u4Ue1clXG0ael7vyNI0pSNFmVRlmAHqTSCRGGQ6kexrHZmY5Ykn3NJXG817R/E1+r+Zt5z0orEBI6HFSLPKvSRvxOaqOaR+1EToPozXorOW+lH3grfhUy36H7ykfTmumGPoS629SHSmi3RUS3ET9JB+PFS11RnGSvF3M2mtwoooqhBUE8wjIGCTUxIUEkgAckntWQt9FfO8kTZCnbjvXHjqsqVLmia0oOTv0JZJWkPzHjsKZRRXzkpSk+aTuzpStsUJtD0i4bdPpdjK3q9ujH9RVT/hD/DH/QuaR/4Axf8AxNbVFWq9WOik/vYuVdjF/wCEP8Mf9C5pH/gDF/8AE0+Pwp4diz5egaWmeu2zjGf0rXopvE1n9t/ew5Y9jM/4RvQv+gLp3/gKn+FH/CN6F/0BdO/8BU/wrTope3q/zP7w5V2MVvCHhliSfDukEnqfsUf/AMTUi+GdGjULFp8UQHAEWU/kRWtRVLFV1tN/ew5Y9jIbw1pxHyfaYz6i5kP6MSKqTeFnOTb6vdxnsJEjdR/46D+tdFRWsMwxUdpt+uv53Ku+jf3nFXPh/wATW4zaXem3YHaWJ4mP0wSKwrzUPE2l5N74bkdB1eB9y/XKg4/GvUqK9CjntWP8WEZL7n+Fl+BLdX7M2vx/M8WPjPTZSRdaOcjgghW/mBSf214SuP8AWaZ5f/bBR/6Ca9dvtH03Uxi+sLe495IwSPoeormb74YeHrvJgS4tG/6ZSZH5NmvZw+f4CWlSMoejuv8AP8DCbxX92XqjiNvgm46N5bH3lH8+KP7B8K3H+q1XYT0H2hR+hFaV98I7tMmw1OGUdlnQofzGf6Vzl74A8S2OSdOaZB/FAwfP4Dn9K9qhjcFW/hYp/N/52OWdWa+OhH5L/I0f+EIsZ/8Aj11bOenCv/IiopPh/cjPlX8Tf7yFf8a5S5s7qzk2XVtNA/8AdlQqf1oju7mHHlXEqY/uuRXpqjiLXhWuvRGLxGFfxUbejZ0EngXVk+69tJ/uuf6iqknhHW4/+XLcPVZFP9aqx69q0X3dRuf+BSFv51aj8Xa3H/y+bh6NGp/pTtjVs4v7xc2AlupL7ipJoWrRfe065/4DGT/KqklrcQ/62CVP95CK6GPx1qyfeS2k/wB5CP5GrcfxAuB/rbCJv91yv+NHtcWt4J+j/wAw9lgpbVGvVf5HHUV23/Cb2E//AB9aTn15V/5gUf274UuP9bpXlk9T5Cj/ANBNH1qsvipP5NMPqlB/DWXzTRxNFdtu8E3HUeW3/bUf/Wo/sTwlcf6vU/L/AO26j/0IUfX4r4oSXyD+zpP4ZxfzOJortv8AhC9Nn/49tXz/AN8v/Iio5Ph/OM+VqEbf70ZX+poWY4brK3yYPLMVuo3+aONorp5PAmqp9yS2k+jkH9RVWTwfrcfS0Dj1WRf8a1jjMPLaa+8xlgsTHeD+4wqK0pPD+rxfe064P+6hb+VVJLK6i/1ltMn+9GRW0akJbNMxlSqR+KLXyIKKKKszCiiigAooooAKKKKACiiigAooooAKKKKACiiigAooooAKKKKACiiigAooooAKKKKACiuo0b4feJNa2tFYNbwn/ltdfu1+uD8xH0Br0TRfg7pdrtk1e6lvX7xR/u4/ocfMfrkVw18xw9HeV32WptChOWyON8Pf8gK2/wCBf+hGuu0Lw7cay5fd5Vspw0hHU+g9asX2gwP4rXStPgjt7cBfljXARcAk/wCepNeg29vFa28cEKBI412qBXxtWSq1pVOjbf3s+wni3h8LTpw+LlX5GbZeGdKsgNtqsr/35vnP5Hj9K0TaWxTYbeIp/d2DFTUUrI8iVWc3eTbPOfGHwu0/ULSW70OBLS+QbvJTiOX2x/CfTHH868RkjeKRo5FKOhKsrDBBHUGvrSvDfi5oC6dr8WqQJthv1JcAcCVep/EEH65r6HKcdOUvY1Hft/kediaKS54nndFFFfQHCFFFFABRRRQAUUUUAFFFFABRRRQAUUUUAFFFFABRRRQAUUUUAFFFFABRRRQAUUUUAFFFFABRRRQAUUUUAFFFFAFe9tRd27Rnhuqn0NcuysjlWGGBwRXYVjazZ/8ALyg9n/xqJrqa05W0MeiiisjcKKKKANbwxF53ibT19Jg35c/0r2WvJ/A0e/xVbt/cR2/8dI/rXrFePmD/AHiXkfXZBG2HlLu/0QV0PgiHzvFtlkZCbnP4KcfriuersPhxDv8AEUsh6R2zEfUso/xrnw6vVivM9HHz5MLUfkz1SiiivoD4A5/xtcfZ/Cd6QcNIFjH4sM/pmvG69Q+JU+zRLaAHBkuMn3AU/wBSK8vrxsfK9W3ZH2ORQ5cLzd2/8gq/olp9u1yytiMrJMob/dzz+maoV1Xw+tftHihJSMi3ieT8T8v/ALNXNRjzVFHzPSxdT2VCc+yZ61RRRX0R+eBXlHxC1H7X4gFqpzHaIF/4EeT/AEH4V6nPMlvbyTyHEcaF2PoAMmvBbu5e8vJ7qT780jO31JzXn5hUtBQ7nv5BQ5q0qr+yvxf/AACGiiivJPrAoorW0Lw9e6/cmO2ULGn+smb7qf4n2pxi5O0dyKlSFOLnN2SMmivXdP8AAei2UY86FruXHLyscfgo4/nVu58H6DdIVbTo4yejRZQj8q7Vl9Rq90eNLP8ADqVkm13/AKZ4vRXX+I/AtzpUb3Vi7XNqvLKR86D1OOo9/wBK5CuSpTlTdpI9XD4iliIc9N3QUUUVBuWLG7ksL+C7i+/DIHHvg9K94t547q2iuIjujlQOp9QRkV8/1634B1D7Z4aSFjmS1cxn1x1H88fhXoZfUtJw7nz+f0OanGsumnyf9fidTRRRXrHyh5n8S7Ty9Ts7sDiWIxn6qc/+zfpXD16r8RbTzvDqTgcwTKSfY5H8yK8qrw8ZHlrPzPt8nq+0wkfK6Cu7+GVztv7+1z9+JZMf7px/7NXCV0vgO48jxZbLniVHQ/8AfJP8wKjDS5asWbZlDnwlReV/u1PX6yphiZx/tGtWs26GLh698+COE+I0O6wsp8fclZP++hn/ANlrzyvU/HcPm+GZHx/qpUf9dv8AWvLK8fGq1W/c+uyafNhUuzf+f6hWbqq/6pvqK0qo6oM26n0b+lc8PiR6VT4WZNFFFdJxhXCa4nl6zcj1YN+YBru643xMm3V8/wB+NT/Mf0rowz988zNY3op9mY1FFFd588FFFFABRRRQAUUUUAFFFFABRRRQAUUUUAFFFFABRRRQAUUUUAFFFFABRRRQAUUUUAFFFFABRRRQAUUUUAFFFFABRRRQAUUUUAFFFFABRRRQAUUUUAFFFFABRRRQAUUUUAFFFFABRRRQAUUUUAFFFFABRRXuPwp+E0VxBB4i8RwbkbD2llIvDDs7juO4H4n0rDEYiFCHPMqMXJ2RyfgX4R6v4sWO+vS2naU2CJXX95KP9hfT/aPHpmvoPwz4M0HwlbeVpNikchGHuH+aV/q3X8Bge1b4AAAAwBRXzWJxtWu9XZdjqjTUQooorjLCiiigAooooAKKKKACiiigAooooAKKKKACiiigAooooAKKKOlABRnHWq0t7GnCfOfbpVGWeSU/M3HoOlcNfH0qekdWaxoyluXpb2NOE+c+3SqUtxJL95uPQdKioryK2Lq1dG7LsdMacYhRRjNOCHvXKWNoqQKBS0XFcjwfSjB9KkopXFcjwfQ0YPoakoouFyPB9KcrSJ90sPoadRTUmtUFx63NwP4s/UVILyXuE/KoKK2WLrraTJcIvoV9WFzeWpWOUjHJQcBvaubtrmSznDpkEcMp7+1dZWTqum+aDcQr84+8o/i9/rXoYLHc37mvqn3OqhOKXI9jRtriO6hEkZ4PUdwfSpa5WyvHs5ty8ofvL6108MyTxLJG2VNcuNwbw8rr4Xt/kRVpOD8h9FFFcJiFFFFABRRRQAUUUUAFFFFABRRRQAUUUUAFFFFADZI0lQpIiup6qwyDWLeeDfDt9nztItgT3iXyz/47ityitaVerRd6cnH0bRMoRl8SucJd/CnQ5sm2nu7ZuwDh1H4EZ/WsK7+EV4ufseqwS+gmjKfqN1esUV6tHiHMaW1S/rZ/8Ewlg6Mvsnhd38OPE1rkrZJOo7wyqf0JB/SsS60DWLLP2nS7yIDqzQtj88Yr6Por1KXGGKj/ABIRfpdf5mEsupv4Wz5fIwcHrRX0xc6fZXgIurS3nB4/exhv5ise48EeGrrPmaRbrn/nlmP/ANBIr0qXGNB/xKTXo0/8jCWWz+zI+f6K9ruPhb4dm/1Zu4P+ucoP/oQNZc/whtG/499Xmj/66Qh/5EV30+KcunvJr1T/AEuZPAVlsrnlFSR3E8OPKmkTH91iK9Cm+EV8p/c6rbv/AL8bL/LNU5PhRr6H5Z7Bx7SsP5rXXHPctmv4q+d1+aM/qteP2TlI9c1WL7mo3OPQykj9atx+LNbj6XpYejIp/pW/B8JvE06FgLNMHHzTf4Cp0+DviRz80+nJ/vTN/RTWv1rL5q94suMsVHZtfNmJH441dPvC3k/3oz/Qircfj+6H+ssYW/3WI/xrooPgpeso+0azbxnuI4Wf+ZFXYfgnCCfP113GOAlsFx+bGuadbLHvb5Jm8cRjltJ/gct/wnNpP/x86Tn/AIGH/mBR/wAJD4WuP9dpOwnqfs6fzBzXbp8GNEH39R1Bv90oP/ZTU0fwb8OI6s11qTgdVaVMH8kzWHt8vXw8y9Lm31nFv4rP1SOC83wTcfej8on2kX+XFH9keELj/V6j5Wf+m4X/ANCFekR/CbwsjZaG5kGOjTn+mKmX4WeElOTp8jexuJP6Gs3jaEfhnP8AD/MftJP4qcPuseY/8IdpE/8Ax7avn0+ZH/limSfD+TrFqKMP9qLH9TXqn/Cr/CH/AEC2/wDAmX/4qnx/DXwrF/q9PkT/AHbqUf8As1L+02vhqS+cY/5j5aD+KkvlJ/5HjsngPVF5Sa1f/gTA/wAqqyeDtbTpaq/+7Kv9TXu8fgnRIvuR3g9vt0xH/odWV8MaYikLHKPczMx/Umn/AGzVW2vqv8mL6thJbpr0f+aPnSTw7rEX3tOnP+6u7+VVJLC8h/1tpOn+9GR/SvpM+F7E9JJx9GH+FRv4Vtz9y4lH+8Af8K0jncvtRQngcM9pteqPmgggkEYIor6Nm8HrIMG4jkHo8X/16zZ/h/DJybTT39zGAf5VtHO4PeP4kPLab+GqvmmjwSivaZvhpbN10qI/7kpX+orMuPhnbD/lyvE/65tu/wAa2jnGHe6f9fMl5XU+zOL+Z5TRXfXfgKwt5PLe9nt5D0Wbbn8sCqr/AA/YjMOpKwPTdFj9Qa3WZYZ/at8mZvK8T0jf5o4uiuqk8BakufLuLVx7swP8qqSeDNaT7tvHJ/uyr/XFaxxuHltNGUsDiY7wZgUVqSeG9Zi+9p8x/wB0bv5Vb0/wX4g1JVaDT2VScZmkWPH4MQf0rR4iildzVvVGToVVvF/cYFFelaf8GdWn+a+1K0tkI48oNK34j5R+tdbp3wh8O2uGu3ur1sch5Ni/gFwf1rjqZrhYbO/oVHDVH0seEqpZgqglicADqa6XSvh/4m1cqYtMkgiJ/wBbc/ugPfB5I+gNfQGm6FpWkLjT9OtrY4wWjjAY/U9T+NaFedVzuT0pRt6m8cIvtM8o0j4LxKFfWdTZz3itFwAf95uo/AV32j+E9C0HB07TYYpB/wAtWG+T/vpsn8K2aK8utjK9b45afgdEKUIbIKKKK5jQzLSyC67qF8w+ZgkS+wCgn+n5Vp0YooLnNyd35fgFFFFBAVxnxR00ah4HupAuZLR1nX8Dg/8AjrH8q7OqWsWY1DRL+zIz59vJH+akVth6ns6sZ9miZx5otHytRRRX3R4wUUUUAFFFFABRRRQAUUUUAFFFFABRRRQAUUUUAFFFFABRRRQAUUUUAFFFFABRRRQAUUUUAFFFFABRRRQAUUUUAFIyh1KsMqRgilooGcte2ptLloz93qp9RVeum1C0F3bkAfvF5X/CuZIIOCMEVjJWZ0QlzIKKKKks674dx7tfnfsts35ll/8Ar16bXnnw3jzd6hJ/dRF/Mn/CvQ68TGu9Zn2uSxtg4vu3+YV3/wAMYszalNj7qxqD9Sx/pXAV6Z8M4saVezY+9OFz9FB/rSwSvWRWcS5cHLzt+Z3FFFFe4fEHnPxOnzc6db5+6juR9SB/Q1wNdb8RZvM8TKn/ADyt1X9Sf61yVeDinetI+8yuHJhILy/PUK9C+GNt/wAhC6I/uRqfzJ/pXntesfDu38nwx5mP9dO759hhf6GrwUb1l5GGdVOXCNd2l+v6HWUUUV7Z8Uc544vfsXha5AOHnIhX8ev6A149XoHxNvMyWFiD0DTMPrwP5NXn9eJjp81W3Y+0ySlyYVS/mbf6foFFFFch65o6JpE+t6pHZwcZ5d8cIo6mvadO0620qxjtLSMJEg/Fj3J9TWF4I0QaVoqzyri6ugJHz1Vf4V/Ln8a6evawdBU4cz3Z8Xm+OeIq+zi/dj+L7/5BRRRXYeQFeXeOfC66bN/adlHttZWxIijiNj3Hsf0P4V6jUN3aw3tpLazruilUqw9jWNeiqsOV7nZgcZLC1VNbdV5HgNFXtX0yXSNVnsZeTG3yt/eU8g/lVGvAaadmfewmpxUo7MK7T4b33k6zcWbHC3EWR/vLz/ItXF1paBef2fr9jc5wqTKGP+yeD+hNaUJ8lRSOfG0fbYecO6/4Y9yooor6E/PjK8S232zw1qEOMnyWYD3X5h+orxCvoJ0WSNkYZVgQR6ivAbiFre5lhb70blD9QcV5eYx1jI+o4eqXhOHo/wCvuI60dBn+zeINPmzgLcJn6EgH9KzqcjtG6upwykEH3rzouzTPoKkeeDj3PoKs+8GJ/qBV2KQTQpIv3XUMPoaqXw/eKfavpUfm7Vjn/E8Pn+GdQTGcRF/++ef6V47Xt+oRefpt1FjO+F1x9QRXiFeZj17yZ9LkUv3c4+f9fkFVdRGbNj6EH9atVBeDNpKPbNcMd0e5L4WYVFFFdRxBXK+K0xdW7+qEfkf/AK9dVXOeLEzFav6Fh+eP8K2w7/eI4sxV8NL5fmcvRRRXonzAUUUUAFFFFABRRRQAUUUUAFFFFABRRRQAUUUUAFFFFABRRRQAUUUUAFFFFABRRRQAUUUUAFFFFABRRRQAUUUUAFFFFABRRRQAUUUUAFFFFABRRRQAUUUUAFFFFABRRRQAUUUUAFFFFABRRRQAUUUUAeh/CHwWnivxQbi9i36bp4EsqkcSOfuIfbgk+wx3r6k6V598GNHTS/hzZzbR51+73Mh+p2qP++VH5mvQa+VzCu6tdrotDrpxtEKKKK4TQKKKKACiiigAooooAKKKKACiiigAooooAKKKKACiiigAoqvLeRx8L87e3SqMtxJL944HoK4q+OpUtFqzWNKUi7LeRx8L87e3SqUtxJMfmPHoOlRUV5FfF1a2jdl2OmNOMQopQpNPCgVyXKuMAJpwQd6dRSuK4UUUUhBRRRQAUUUUAFFFFABRRRQAUUUUAFFFFAGJqum43XMK8dXUdveqen37WcuDkxN95fT3FdPWBqmneQxnhH7o/eA/hP8AhXt4LFRrQ+r1/l/X5HXSqKS5Jm6jrIgdCCpGQRTq5zTdQNq/lyHMLH/vn3rogQwBBBB5BFedi8LLDzs9ujMalNwdhaKKK5TIKKKKACiiigAooooAKKKKACiiigAooooAKKKKACiiigAooooAKKKKACiiigAooooA0bddsC+/NS01BhFHoBTq+tpR5YRj2RxN3dwooorQQUUUUAFFFFABRRRQAUUUUAFFFFABRRRQAUUUUAIyq6lWUMp6gjIrPfw/oskhkfSLBpD1c26Z/PFaNFNSa2YFJdH01F2pY26j0WMCmPommv1tV/AkfyNaFFF2Wqk1s2ZD+G9Pbosi/R/8agfwran7lxMPrg/0reoo5maLE1V9o5s+FnQ5ivcH3TH9aT+xdXi/1WocenmMK6WinzMr63V66/I5r7P4ji+5Nv8A+BKf50fa/EUX37ff/wAAB/lXS0Uc3kH1m+8F9xzf9u6rH/rdP/8AIbLQviog4ksiPo//ANaukpGVWGGAI9xRddg9tSe9P8TDTxTaH78My/QA/wBanTxHpzdZHT/eQ/0q89jaSfftYW+sYqB9F05+tog/3cj+VHuhzYd7pov0UUVJzBRRRQAUUUUAfKurW/2TWb62xjyriSPH0YiqdeleJPC+h3HiXUmOp+VcSXDu8fmodrMcnjqOtZZ8BRyDdb6oCO2Ygf1Br6+nmNDlXM2vkzk/s3ES1gk/mjia6rQtFsPEGktHk299bnBkXkODyCR+Y4x0p8ngG/H+ru7Zv97cv9DVrQvD2s6Lq0c5WJ4W+SUJJ/CfrjpwaWIxdKdN+yqWktUa4bBVadVKrTvF6M57VfDuoaSS00W+HtLHyv4+n41k17aQCCCMg1zmreDrC/zJb/6JMe6D5T9V/wAK5sPm6fu1l80dOJyZr3qDv5P/ADPNaK3r7whq1nllhFwg/ihOT+XWsOSN4nKSIyOOqsMEV69OtTqK8Hc8arRqUnacWhtFFFaGQUUUUAFFFFABRRRQAUUUUAFFFFABRRRQAUUUUAFFFFABRRRQAUUUUAFFFFABRRRQAUUUUAFYWsWflyfaEHyufm9jW7TJY1miaNxlWGDSkroqMuV3ORoqW5t2tp2ibt0PqKirA6j0L4bR4ttQkx950XP0B/xrua474cpjRbp8Dm4I/JV/xrsa8HFu9aR93lStg4L+t2FesfDuPZ4YLf8APSd2/QD+leT17H4Hj8vwhZZ6tvY/99t/StcAr1fkcmfSthUu7X6nQ0UUV7J8eeNeNJfO8W35zwrKo/BQKwK0fEEvneItSfqDcyY+gYgVnV85Vd5t+Z+iYaPLQhHsl+QV7Z4Ug+z+FtOTGMwh/wDvr5v614nXvtlD9msLeDGPLiVPyAFd2XL3pM8XiGdqcId3f7v+HJ6KKK9U+VPHvHN19q8V3IBysIWIfgMn9Sa5yrWpXP2zVLu5znzZnf8AMk1Vr5ypLmm5dz9Ew1P2dGMOyQVs+FtK/tjxBb27rmFD5sv+6O34nA/GsavTPhtp3ladcag6/NO/lof9lev6n9K0w1P2lVI58yxH1fDSmt9l8zuKKKK98+DCiiigAooooA4T4kaT5tnBqsa/NCfLlI/uk8H8Dx/wKvNq971GyTUdOuLOT7s0ZTPpnofwNeDyxPBM8Ui7XRirA9iODXj4+nyz5l1Pr8ixHtKLpPeP5MZRRRXCe4e76Pd/btGsronLSwqzfXHP65q7XL+ALr7R4WijzzBK8f67v/Zq6ivoqUuaCkfneKp+yrzh2bCvE/FVv9m8U6jHjGZi/wD31839a9sryb4hweV4oL/89oUf+a/+y1y5hG9NPzPVyCdsQ491/kcpRRRXjn157l4fm8/w7p0nc26A/UKAamvh9w/WsvwRL5vhGxz1UOp/Bz/TFa18P3an3r6Ok7wi/I/O8VHkrzj2b/Mo14XPH5VxJH/ccr+Rr3SvFtbj8rXtQT0uJMfTca4swWkWevkMvfnH0KFRzjdBIPVT/KpKRhlSPUV5qPpGc5RRRXWcIVheKlzpsTeko/ka3ayPEi7tHc/3XU/rj+taUnaaObGK9CfocXRRRXpnygUUUUAFFFFABRRRQAUUUUAFFFFABRRRQAUUUUAFFFFABRRRQAUUUUAFFFFABRRRQAUUUUAFFFFABRRRQAUUUUAFFFFABRRRQAUUUUAFFFFABRRRQAUUUUAFFFFABRRRQAUUUUAFFFFABRRRQAUUUUAfYfw+IPw88P4Of9Bi/wDQRXSV538FNYTU/h1bW+7M1hK9u4zzjO5fwwwH4V6JXxuJi41pJ92dsXeKCiiisSgooooAKKKKACiiigAooooAKKKKACiigkAZJwKACiqst7GnCfOf0qnLcSS/ebj0HSuGtj6VPRas1jRk9y9LeRx8L87e3SqMtxJL944HoKiorya+Mq1dG7LsdEacYhRSgE08KBXJcu4wKTTwoFLRSuK4UUUUhBRRRQAUUUUAFFFFABRRRQAUUUUAFFFFABRRRQAUUUUAFIQGBBAIPBBpaKAOb1LTzaP5iAmFjx/sn0qXS9R8kiCY/uz91j/D/wDWrddFkRkdQysMEGuav7FrOXjJib7rf0Ne9hcRDF0/YVt+n9dzspzVWPJPc6eisXStS+7bTH2Rj/KtqvIxGHnQnySOacHB2YUUUVgQFFFFABRRRQAUUUUAFFFFABRRRQAUUUUAFFFFABRRRQAUUUUAFFFFABRRRQBqjoKWmocop9QKdX2EXdJnCwooopgFFFFABRRRQAUUUUAFFFFABRRRQAUUUUAFFFFABRRRQAUUUUAFFFFABRRRQAUUUUAFFFFABRRRQAUUZBz7UUAFFFFABRRRQB84fEQAePtWwMfvF/8AQFrmQxU5UkH1FdJ8QZFk8eauy9BKF/EKAf5VzVfc4b+BD0X5Hj1PjfqWo9Sv4f8AV3tyn+7Kw/rXXeEX1jUbg3NxfTmzjOMMc+Y3pz2FcTHsMi+YWCZG4qMnHfFdUfGn2S1S10uwSKKNdqmVtx+uBjn8a58bSlOHJSgm3100O7A1YQnz1ZtJdNdT0Gqd3qthY8XN3DG390t835da8xvPEOq32RNeyBT/AAxnYP06/jWZ1rhpZM/+XkvuPRq54tqUfv8A6/U9Pl8Y6LHnFy0h/wBiNv6gVl3/AIw0S7TZLp0tyO3mIox9DkkVwlFdcMqoQd9fv/yOKpm+ImrWX3f5l3UJ9PnfdZWUlt7GbePyIz+tUqKK9CMVFWR5kpOTu/8AIKKKKokKKKKACiiigAooooAKKKKACiiigAooooAKKKKACiiigAooooAKKKKACiiigAooooAKKKKAKGqWf2mDeg/eJyPcelc7XY1z2q2f2efzUH7uQ/kfSs5rqbU5dD0H4fpt8NscY3TsfrwB/Suqrm/AqhfC0BH8TuT/AN9Y/pXSV83iHerL1P0XL1bC0/RBXtnhWPy/C2nLgcwhuPfn+teJ17poSeX4e01MYItY8j32iurLl77fkeXxA/3MF5/oaFFFR3EnlW0smcbELZ+gr1j5VK7seC3cnnXk8uc75Gbrnqahoor5l6n6SlZWLFhF9o1C2h/56Sqn5kCvfK8Q8Mx+b4m01fS4RvyOf6V7fXq5cvdkz5biGX7yEfJ/1+AVT1a4+y6Pe3GcGOB2H1CnFXKwPGk3keEr4jqyqg/FgP5ZruqS5YN+R4mHhz1oQ7tfmeNUUUV84fooV7rolj/ZuiWdpjDRxAMP9o8t+pNeOeHrT7d4hsLcjKtMpYf7I5P6A17lXp5dD4p/I+Z4hq/BS+f6L9Qooor0z5oKKKKACiiigArx/wAdWH2LxROyrhLhRMPqeD+oP517BXB/Eyz3Wljegco7RMfYjI/kfzrkxsOak32PWyWt7PFJdJafqeb0UUV4h9qeifDG4zFqNsT0ZJFH1yD/ACFegV5X8OJ/L8RSxE8S27AD3BB/lmvVK9vBSvRXkfE5zDlxkn3s/wAArzf4mw7b3T5/78bp+RB/9mr0iuF+JsWdNsZv7kzJ+Yz/AOy1WMV6LIyiXLjIed/yZ5rRRRXhH3J6t8OZd/hl1/553Dr+in+tdNejMH0Ncb8MpM6bfRf3Zlb8x/8AWrs7sf6O34V7+Fd6MT4LM48uLqLzM6vIPFcfl+KL9fVw35qD/WvX68p8bps8U3DY++qN9flA/pWOPX7tPzOvI3bENeX6o52iiivJPqjnXGJGHoTTakuBi4lH+2f51HXWtjhe4Vna8u7RbkewP/jwrRqlq43aRdD/AKZk1cPiRjXV6Ul5P8jgaKKK9U+QCiiigAooooAKKKKACiiigAooooAKKKKACiiigAooooAKKKKACiiigAooooAKKKKACiiigAooooAKKKKACiiigAooooAKKKKACiiigAooooAKKKKACiiigAooooAKKKKACiiigAooooAKKKKACiiigD0L4Q+Mk8K+K/s95IE07UdsMzHpG4+4/wBMkg+zE9q+pa+GK97+EvxUjnit/DevzhJ0Ajs7uRuJB2Ryf4uwPfp16+NmeDc/30F6/wCZvSnb3We2UUUV4B0BRRRQAUUUUAFFFFABRRUEl3En8W4+i1E6kIK8nYai3sT013WMZZgB71QkvpG4QBR+ZqszFjliSfU159XM4LSmrm0aDe5ekvwOI1z7mqckskp+difamUV5dbFVavxPQ3jCMdgooorAsMZp4X1pQR2palslsKKKKQgooooAKKKKACiiigAooooAKKKKACiiigAooooAKKKKACiiigAooooAKKKKACo5oUniaOQZVqkopptO6GnY5W8s3s5tjcqeVb1Faul6j5oFvMf3g+6x/i/+vV+5to7qExyDg9D3BrmLi3ltJyj8MOQw7+4r3qVSGPpezqaSX9X/AMzsjJVo8stzraKztM1AXSeXIcTKP++h61o14tajOjNwnuckouLswooorIkKKKKACiiigAooooAKKKKACiiigAooooAKKKKACiiigAooooAKKKKANG2bdAvtxUtUrN8MUPfkVdr6fB1faUYvtoclRWkFFFFdRAUUUUAFFFFABRRRQAUUUUAFFFFABRRTZJEiQvI6og6sxwBQA6isC98beGdPz5+tWmR1ET+YR+C5Nc7e/GDw7b5FtDe3TdisYVfzY5/SuiGEr1Phg/uIdWC3Z6DRXjl58arxsix0eCL0M8pf9AF/nWBefFPxXdE7LyK2U9oIV/m2T+tdkMnxMt0l6v8AyuZPFU0fQVQXF7a2gzc3MMI65kkC/wA6+ZbvxPr19n7TrF9Ip/hM7BfyBxWWzFmLMSSepNdcMjf2p/gZPGLoj6XuPGvhm1z5muWRx/zzlD/+g5rMm+KPhKHIXUXlI/5527/1Ar56orojklBfFJ/h/kQ8XPoj3iT4v+GUztS/fHTbCOfzYVD/AMLm8O/8+Wqf9+o//i68NorRZPhvP7yfrVQ98g+LfheZsPJdwD1kgyP/AB0mt2w8ZeHNT2i11m0LMcKkj+WxP+62DXzNRWc8loP4W0UsXNbo+tQQwBBBB6EUtfKtjq2paac2N/dW3OT5MrID9cGumsfij4qsiA97HdIP4biJT+owf1riqZJVXwST/D/M1ji4vdH0JRXj1l8a7lQBfaNDIe7QTFP0IP8AOt60+MXh6YAXFvfW7dyY1ZfzBz+lcc8txUN4fdqarEU31Oqs9TH/AAkuoaa5wRskj9/kXI/l+tbNeVahrkN9rravpU7GNirRSbSp4UA8H3BFdtpfi3T76FRcyLazj7yucKfcH/GvPu03GW6PWxGDl7OFWmrppfkb9FVF1TT2GVv7Uj1Ey/41Ib60C7jdQAAZz5gqjhcJLdE9Rzzx21vLcTOEiiQu7HoFAyTWTeeLvDtjGXuNasRjnakwdv8Avlcn9K8r8efEpdctX0rR1kjs3P76dxtaUegHZfryfbv2YbA1a80krLuYVK0YK9zgtUvm1PV7y+bIa5neXB7biTj9aqUUV9mkkrI8pu4UUUUxBRRRQAUUUUAFFFFABRRRQAUUUUAFFFFABRRRQAUUUUAFFFFABRRRQAUUUUAFFFFABRRRQAUUUUAFFFFABRRRQAUUUUAFRXEC3MDRP0YdfQ1LRQM6/wAIwvb+F7OKQYZTJn/vtq26z9EBGjW2f7p/ma0K+Wr/AMWXqz9MwX+7U/8ACvyCvetNUJpdoo6CFAP++RXgtfQMKlYI1IwQoB/Ku3Lt5fI8XiF+7TXr+g+qWsP5eiX8mcbbaQ59MKau1l+I2KeGtTIP/Ls4/MEV6U3aLZ87RV6sV5o8Pooor5s/RjoPBEfmeL7Hrhd7HHsjV7JXkvw+Tf4pRsZ2Qu307f1r1qvYy9fun6nx+fSviUuyX5sK5D4jS+X4bjTvJcKPwAY/0rr64P4my4stPiz96R2xn0A/xrbFO1GRx5XHmxdNef5Hm9FFFeCfeHXfDq287xI0xHEEDMD7nA/kTXq1ef8Awxt8R6jcEdSiA/TJP8xXoFe3go2orzPic6qc+Mku1l+v6hRRVLVtRi0nS7i9l5WJchf7zdh+JrqbSV2eZGLnJRjuyjr/AIosPD6qs5aW4cZWGPrj1PoKxtP+I9hc3Aiu7WS1VjgSb96j68DH615teXk9/eS3Vy5eWVtzH/PaoK8iePqOV47H11LI8OqXLU1l3/yPoNWV0V0YMrDIIOQRS1wPw815pUbR7hySgL25J7d1/DqPxrvq9OjVVWCkj5jF4aWGqulL+kFYHjW1F14UvBj5owJV9sEZ/TNb9V763+16fc23/PaJo/zBFVUjzQce5GHqezqxn2aZ4HRRRXzh+im/4Lm8nxbYHszMh/FSK9lrwvQ5fJ1/TpOy3MZP03DNe6V62Xv3GvM+T4gjatCXdfr/AMEK5L4ix7/DKt/cuEb9CP611tc745j3+EL3rlSjcf7611YhXpS9Dy8BLlxVN+aPHaKKK+fP0A9B+GDnfqcfOCI2/wDQq765Gbd/pXnHwzbGrXqY6wA5+jD/ABr0ifmB/pXuYJ3oo+IzlWxkvO35GXXmHj9NviNTjG+3U/Xkj+len15v8RFA1m1fubcD8mb/ABoxq/dBkztil6M4+iiivGPrzBuxi7l/3qhqxfDF5J9f6VXrrjsjiluwqvfjdp10vrC4/Q1YqK5G61mBGcow/SqW5nNXi0ec0UUV6x8aFFFFABRRRQAUUUUAFFFFABRRRQAUUUUAFFFFABRRRQAUUUUAFFFFABRRRQAUUUUAFFFFABRRRQAUUUUAFFFFABRRRQAUUUUAFFFFABRRRQAUUUUAFFFFABRRRQAUUUUAFFFFABRRRQAUUUUAFFFFABRRRQB6l4I+NOqeHo47DWY31PT1wqvu/fRD2J+8PY/n2r3Lw/478NeJo0Om6rA0zf8ALvK3lyg+m08n6jIr47orzsRltKq+Ze6/66GsarR9z0V8YWHizxFpez7DrmowKvREuXC/985wa6/T/jd4vtFVbmW2vQOpmjKt+aED9K8utlNeKvTtL8DWNaL30PqCmNLGn3nUfjXgNv8AHyQ4F5oW4d2iuv6Ff61qxfHTQCP32m6mh/2Fjb+bCvMq4bMYbUPxT/I2jKk/tHsb3sK9Mt9BUD37n7ihfrzXmkXxk8Iyfemu4ucfPbn8+M1bT4s+CmGTq7J7G1l/oteZVpZo9PZyXpFm8XQXVHcPLJJ99yaZXLR/EfwhI21detgf9oMo/UVYTx34UkBK+INPGP704X+dedPCYq95U5fczZTh0aOhorEXxj4YdcjxFpOPe8jH8zVhPEmhSIHTWtOZT0K3SEH9azeHrLeD+5j549zToqmmrabIoZNQtGU9CJlIP61Mt3bOoZLiFlPQhwRWbhJbod0TUUisrqGVgwPcHNLUjCjNFFAC7jTt/qKZRSsKxIGBpaioBIpWCxLRTA/rT+tIQUUUUCCiiigAooooAKKKKACiiigAooooAKKKKACiiigAooooAKKKKACq95ZpeQ7G4Ycq3oasUVUJyhJSi7NDTad0ci6S2lxtOUkQ8EfzrodPv1vIsHAlX7w9fcUt/YreRcYEq/db+hrnVaW0uMjKSIa9793mNHtNf19x2e7Xj5nXUVWsrxLyHcOHH3l9DVmvCnCVOTjJWaONpp2YUUUVAgopskiRIXkdURRksxwBWBfeOPDmn5EmqRSOP4YMyfquR+tbUcPWru1KDl6JsmU4x+J2OhorgLn4s6PGSLayvJiO7BUB/Un9Ky5vi/KciDRkX0MlwT+gUV6lPh7Mqm1K3q0vzZg8ZQX2j1OivH5Pi3rJ/wBXY2C8/wASu3H/AH0Krt8VfEDMSIrFR6CJv/iq6Y8K5i90l8yHj6J7RRXib/FHxGxyGtV9hD/iaRfih4jDAl7Vh6GH/wCvV/6p4/8Au/f/AMAn+0KPme20V4t/wtTxD/csv+/R/wDiqkX4sa+FANtpzH1MT/8AxdS+FMw7L7x/X6Pmey0V5Avxb1cY36fZH1xvGf1qdPi9djO/SYG9NspH9DWb4YzJbQT+aKWOodz1iivL0+MHQSaJ9St1/TZVhPi9ZEfvNJnU5/hlB4/IVlLh3M4/8uvxj/mUsZQf2vzPSKK4BPi1opzvsb9fTaqH/wBmFWE+Knh5sZS9TP8AeiHH5NWMskzGO9FlLFUX9o7eiuPT4meGWzm4nT/egbn8qmT4jeFmGTqLJ7Nbyf0WsnlOPX/LmX/gLK+sUv5l951YJVgR1FaUUglQMOvcVwn/AAsTwr/0Ff8AyXl/+Jp8XxJ8LRNkar9R9nl5/wDHa68FhcdQnrRnZ/3X/kRUqUpL4l96O7orkU+J3hBwM6qVJ7Nby/8AxNTf8LF8Jf8AQZi/79v/APE17v1Wv/I/uZze0h3R1FFcg/xP8IKpI1UufRbaX+q1Tm+LnheLOxryb/cgxn/voiqWCxD+w/uF7WHdHd0V5lcfGnS1z9m0q8k9PMZU/kTWPdfGq+fP2TR7aL082VpP5Ba3jleKl9n8US8RTXU9lorwC7+LHiq5z5dxbW2f+eMAOP8AvrNYV54v8RXwIuNavWU9VWUop/AYFdMMkrv4pJGbxcOiPpW5vbWyTfdXMMC+ssgUfrWBe/EHwrY5EmsQSH0gBlz+KgivnF3eRy7szMerMck02uuGR018c2/TT/MyeMl0R7de/GXRYcizsby5Yd22xqfxyT+lc5e/GfV5ciy020twehkLSEfyH6V5pRXZDK8LD7N/UyeIqPqdRe/ETxVfbg+ryxKf4YFWPH4qM/rXPXN5dXsnmXVzNO/96WQsfzNQUV2Qo06fwRS9EZOUpbsKKKK0JCiiigAooooAKKKKACiiigAooooAKKKKACiiigDvdCBGi2uf7p/ma0ao6Ou3R7Uf9MwavV+fYp3rzfm/zP0nCK2HgvJfkFVNUO3Srs/9MWH6VbqhrTbdGujnHyY/Olh1etBea/MeJdqM35P8jgKKKK/Qj81CiiigAooooAKKKKACiiigAooooAKKKKACiiigAooooAKKKKACiiigAooooAKKKKACiiigAooooAKKKKACiiigAooooAKKKKACiiigAooooA7zR/8AkEWv+5V6qmljGlWv/XJf5Vbr5Wr/ABJerP0/Cq1CC8l+QoBZgoGSTgCvoOvn+3/4+Yv98fzr6Arvy77Xy/U8HiLen8/0CsXxawXwpqJJx+6x+orarC8ZHHhLUP8AcX/0IV31v4cvRnhYRXxEF5r8zxiiiivnT9DOw+GyhvEc5I+7asR/30teqV5j8NAf7YvDjgW+M/8AAhXp1e1gf4J8Xnbvi36IK85+J0mbjTY8/dSRsfUr/hXo1eY/ExidYs0zwLfOPqx/wp41/uWTkqvjI/P8jiaKKK8Q+2PVfhzD5fhuSTvJcMfwAUf0NdfXO+Bo/L8IWXqxdj/32f6V0VfQYdWpR9D8/wAfLmxVR+bCvPviXqJC2emo3XM0g/Rf/Zq9Brxrxpd/a/Fd4c5WIiJfbaOf1zWOOny0rdzsySiqmK5n9lX/AEMCiiivFPtC3pd8+mapbXqZzDIGIHcdx+IyK93jdZY1kRgyMAykdwa+fa9o8H3n23wtYuTlkTyj/wABOB+gFell89XD5nznEFG8YVV6G5RRRXqHy54NqsP2fV72D/nnO6fkxFVK2vFsXleK9RX1l3fmAf61i183UVptH6LQlz0oy7pfkSQSeTcRy/3HDfka+gK+e69+tH8yzgf+9Gp/SvRy5/EvQ8DiGP8ADfr+hNWN4sTzPCuorjOIt35EH+lbNZviFQ/hvUwf+fWQ/kpNehUV4NeR8/h3atB+a/M8Nooor5w/RTsPhuwXxJMD/FasB/30pr1GXmF/9015T8PGK+KAB/FC4P6H+lervzGw9jXs4B/uvmfGZ4rYv5Iya89+IykXti3YxsP1H+NehVwPxIXEmmvnqJBj6bf8a0xn8FmGUO2Lj8/yZwtFFFeKfZGJqH/H7J+H8hVarWo/8fjfQVVrqjsjin8TCmuCY2A6kGnUVRJ5pRSkEEg9RSV658WFFFFABRRRQAUUUUAFFFFABRRRQAUUUUAFFFFABRRRQAUUUUAFFFFABRRRQAUUUUAFFFFABRRRQAUUUUAFFFFABRRRQAUUUUAFFFFABRRRQAUUUUAFFFFABRRRQAUUUUAFFFFABRRRQAUUUUAFFFFABRRRQAUUUUAFFFFABRRRQAUUUUAFFFFABRRRQAUUUUAFTJeXMaBEuJlUdArkAVDRSaT3AvprmrR7dmqXq7emLhxj9asJ4q8RRklNf1Rc/wB28kH9ayKKzdCk94r7h8z7nRQ+PPFcG3Z4gvzjgb5i/wDPOauxfFDxnCAF1yQ4/vwxt/Na5CispYHCy+KnF/Jf5FKpNbNnoEHxk8XQ43zWk/8A10twP/QcVq2vx11lP+PvSbGb/rkXj/mWryqiuaeTYCe9JfLT8i1iKq+0e6WPx20uTaL/AEe7tyephkWUD89tdponj/wzr0ixWOqxeexwIZsxuT6ANjP4Zr5Xozg5FediOF8HUX7u8X63X4/5mscZUW+p9o0Vw/wm1y41zwNC13K01xayvbNI5yzAYK5PfhgPwruK+BxWHlh60qMt4ux6EJKUVJBRRRWBQUUUUAFFFFABRRRQAUUUUAFFFFABRRWBrfiqDRLsW0lrLI5QOCCAMHI/pW1DD1MRPkpK7McRiKWHh7Sq7I36K4WX4hOf9Vpyj3aXP9Kpy+PtUbiOC1Qf7rE/zr04ZDjpbxS+a/S55c+IMDHaTfyf62PRqK8tl8Za5J0ulQeixL/UVTk8Q6xL97Ubgf7rlf5V0w4axL+KUV9/+Ryz4mwy+GMn93+Z69UUt1bwZ86eKPH99wP5143JeXU3+tuZpP8Aecmq7cofpXTDhj+ar+H/AATmlxT/AC0vx/4B7Rb6jZXkjR213BO6jLCKQNge+Kh1LTxdpvjwJlHH+0PSuB+HUu3Xp4yeHtz+YZf/AK9em14+MoPLsVy03tY+gyvHSxNFVrWd2clBPLaTh04ZeCD/ACNdPa3Ud3CJEP1HcGqOqad56meEfvR94D+If41kWl3JZzh16dGX1FdtWnDMKXtIaTX9W/yPaklWjzLc6snFeb+KfiaLOeSy0RI5ZEO17l+VB9FHf69PrV34g+KfsGgpb2chFxfZUEHlEH3j9eQPxPpXjVepw9kMK0frOKjddF6btng47FSpv2cN+pe1LWdS1eXzNQvZrg9g7fKPoOg/CqNFFfdwhGnHlgrLyPIbbd2FFFFUIKKKKACiiigAooooAKKKKACiiigAooooAKKKKACiiigAooooAKKKKACiiigAooooAKKKKACiiigAooooAKKKKACiiigAooooAKKKKACiiigAooooAKKKKACiiigD0TTBt0q0H/TFP5CrVQ2g22UC+kaj9Kmr87qu9ST82fplFWpxXkgrM8QNt0O599o/8eFadY/iZtujOP7zqP6/0rbAq+JprzX5mGPdsLUf91/kcTRRRX3x+dBRRRQAUUUUAFFFFABRRRQAUUUUAFFFFABRRRQAUUUUAFFFFABRRRQAUUUUAFFFFABRRRQAUUUUAFFFFABRRRQAUUUUAFFFFABRRRQAUUUUAeg6cMaZaf8AXFP/AEEVZqtp/wDyDbT/AK4J/wCgirNfKVf4kvVn6hhf4EPRfkTWa7723QnG6RR+te/V4HYf8hG1/wCuyfzFe+V6OXbS+R89xD8VP5/oFc944/5E6/8A+2f/AKMWuhrnvHH/ACJ1/wD9s/8A0Ytdtf8AhS9GeLgv95p/4l+Z45RRRXzx+hHdfDL/AJCN/wD9cV/nXpVebfDJSb7UH7CNR+ZP+Fek17eC/go+Jzr/AHyXy/IK8s+JJB8Rwc9LRf8A0N69Tryj4i/8jMv/AF7p/NqWO/gl5Gv9r+TOSooorxT7M9r8JqE8K6cAMfus/mSa2ayvDX/Is6b/ANe6fyrVr6Ol8C9D86xLvWm/N/mFeCahP9p1K6uCc+bM7/mSa94mfy4JHyBtUnJ7cV8/V5+Yv4V6nv8AD0dakvT9QooorzD6YK9P+Gs+/RbqAn/Vz7h9Co/wNeYV6D8MJOdTjOf+WbD/AMez/SurBO1ZHlZzHmwcn2t+Z6HRRRXuHxJ4/wCPE2+Lro4PzrGef9wD+lc3XV/ENSvign+9Ah/mP6VylfPYhWqy9T7/AADvhafogr3fR236JYMDnNtGc+vyivCK900D/kXNM/69Iv8A0AV2Zd8UjyeIV+7g/NmhVLWADol+CMg20n/oJq7VfUOdNugf+eL/AMjXpy+FnzNN2mn5ngdFFFfNn6QdN4BYjxZbgHgo4P8A3ya9dblSPavIPAjBfF9oD/EsgH/fBP8ASvXz90/SvYy/+E/U+Pz5f7UvRfmzIrhPiQpKaa3YGQfnt/wru64f4j/8e+n/AO+/8hW2L/gy/rqceVf73D5/kzz+iiivEPtDG1L/AI+z/uiqlXNT/wCPr/gIqnXVD4Ucc/iYUUUVRB5tJ/rX/wB402pLgBbmUDoHI/Wo69ZbHxj3CiiimIKKKKACiiigAooooAKKKKACiiigAooooAKKKKACiiigAooooAKKKKACiiigAooooAKKKKACiiigAooooAKKKKACiiigAooooAKKKKACiiigAooooAKKKKACiiigAooooAKKKKACiiigAooooAKKKKACiiigAooooAKKKKACiiigAooooAKKKKACiiigAooooAKKKKACiiigAooooAKKKKAPdPgLOW0bWIOyXCOP+BKR/wCy167XinwCkAm1+PHLLbtn6eZ/jXtdfl/EEeXMany/JHrYZ3pIKKKK8Y3CiiigAooooAKKKKACiiigAooooAK8++IMWNStJf70JX8j/wDXr0GuK+IUeYLCX+6zr+YH+Fevkc+XHQ87/kzx8+hzYCflb80cJRRRX6AfngUUUUAFFFFAGt4Ik8vxXbKTjerr/wCOk/0r1qvGfDknk+KLBvW4VfzOP617NXxXEkLYmMu8f1Z91w5O+GlHs/0QVjatp2c3EI56uo7+9bNVL+6Wzsrm6fG2CJpDn0UE/wBK8bC1p0qqcN/zPpITcHzHAa/oUWtWe3hLhOYpD29j7GvLrm2mtLh7edCkqHDKa7rwr4nN4RYX8n+kf8s5Dxv9j7/z/nf8S+Hk1i382EBbyMfK398f3T/Sv0rDV54Op7Ctt/X4HNisPDHUvrFD4uq/rqeY0U6SN4pGjkUo6nDKwwQabXvHzuwUUUUCCiiigAooooAKKKKACiiigAooooAKKKKACiiigAooooAKKKKACiiigAooooAKKKKACiiigAooooAKKKKACiiigAooooAKKKKACiiigAooooAKKKKACiiigAooqW3XfdRJ/ecD9aUnZXKirtI9IUbVC+gxS0UV+cH6cFYPitsaZEvrKP5Gt6ua8XPiO0T1LH8sf4135XHmxcF/Wx52bS5cFUfl+py1FFFfcnwAUUUUAFFFFABRRRQAUUUUAFFFFABRRRQAUUUUAFFFFABRRRQAUUUUAFFFFABRRRQAUUUUAFFFFABRRRQAUUUUAFFFFABRRRQAUUUUAFFFFAHoOnf8g21/64p/6CKs1V03/kHW3/XGP/0EVar5Wr/El6n6fhf4EPRfkWLD/kI2v/XZP5ivfK8AtiVuoSDgh1IP417/AF6GXbS+R4HEK96n8/0Cue8cf8idf/8AbP8A9GLXQ1z3jjnwdf8A/bP/ANGLXbX/AIUvRniYL/eaf+JfmeOUUUV88foR3nwybF7qCY6xoc/Qn/GvSK81+GX/ACEb/wD64r/OvSq9vBfwUfE51/vkvl+QV5R8Rf8AkZl/690/m1er15X8SF2+JITn71qp/wDHmH9KWO/hfMvI/wDe/kzj6KKK8U+zPb/DX/Is6b/17p/KtWsnwwwbwxppH/PBR+QrWr6On8C9D86xH8afq/zK9/8A8g66/wCuT/yNeB19BSLvidAcblIr596HBrzsx3j8z6Hh56VF6fqFFFFeafSBXffDH/j51L/cj/m1cDXf/DBSZdTfsFjH57v8K6cH/Gj/AF0PNzf/AHKfy/NHotFFFe6fDHlHxF/5GZf+vdP5tXJV1vxFIPiZeelun8zXJV8/if4svU++y7/dKfoFe3+Gv+RZ03/r3T+VeIV7h4cUr4a0wEc/ZkP5qK6su+N+h5nEH8GHr+hqVXv/APkHXX/XF/5GrFV7/wD5B11/1xf+Rr1ZbM+Wh8SPA6KKK+aP0k6HwP8A8jjYf9tP/RbV7GeQa8c8D/8AI42H/bT/ANFtXsdexl/8J+v+R8hn/wDvMf8ACvzZj1w/xH/499P/AN9/5Cu4rh/iP/x76f8A77/yFb4v+DI4sr/3uHz/ACZ5/RRRXhn2hj6n/wAfQ/3RVOrmp/8AH0P90VTrqh8KOOfxMKKKKog85uf+Pqb/AHz/ADqKpbn/AI+pv98/zqKvWWx8bL4mFFFFMkKKKKACiiigAooooAKKKKACiiigAooooAKKKKACiiigAooooAKKKKACiiigAooooAKKKKACiiigAooooAKKKKACiiigAooooAKKKKACiiigAooooAKKKKACiiigAooooAKKKKACiiigAooooAKKKKACiiigAooooAKKKKACiiigAooooAKKKKACiiigAooooAKKKKACiiigAooooAKKKKAPXvgK5Gr6zHxtaCNj+DH/ABr3OvCPgM6jX9WTPzG1Uj6Bv/rivd6/NOJF/wAKM/Rfkj1cL/CQUUUV4J0BRRRQAUUUUAFFFFABRRRQAUUUUAFct49i36FE4HKTqfwII/wrqawvGMXmeGLo45Qow/76H9DXdls+TGU35r8dDhzOHPg6q8n+Gp5ZRRRX6SfmQUUUUAFFFFADbWTyNUt5R/BMjfkQa9yrwab/AFhr3S1l8+0hmznzI1b8xmvk+J4fw5ev6H2PDE9KkfT9SXtXNeN7n7L4N1OTu0Qj/wC+iF/rXSN92uK+Js3l+DpE/wCes8afrn+leJlVP2mNpR/vL8z6au+WlJ+R4srFWDKSGByCDyDXo/hbxIupxC0umAvEHBP/AC1Hr9fWvN6fFLJBKksTlJEOVZTgg1+r4vCxxEOV79GeNg8XPDVOZbdUeh+KvDY1GM3togF2g+ZR/wAtR/jXnRBUkEEEcEGvT/DfiGPWbbZIQl5GPnX+8P7w/wA8Vl+LPDPnh9SsY/3o5miUff8A9oe/r6/z87BYqVCf1ev8v67dj08dhIYiH1nD691/XXucHRRRXtngBRRRQAUUUUAFFFFABRRRQAUUUUAFFFFABRRRQAUUUUAFFFFABRRRQAUUUUAFFFFABRRRQAUUUUAFFFFABRRRQAUUUUAFFFFABRRRQAUUUUAFFFFABRRRQAVb0tN+q2i/9NVP5HNVK0/D6b9btx2BJ/IGsMTLloTl2T/I6MJHmrwj3a/M7uiiivz4/SArkvFr5vLeP+7GW/M//Wrra4nxNJv1l1/uIq/1/rXr5JHmxafZP/L9Txs+ny4Nru1/n+hj0UUV9ifEBRRRQAUUUUAFFFFABRRRQAUUUUAFFFFABRRRQAUUUUAFFFFABRRRQAUUUUAFFFFABRRRQAUUUUAFFFFABRRRQAUUUUAFFFFABRRRQAUUUUAd9phzp9v/ANcY/wD0EVcqjpTBrC3x/wA8UH5Cr1fLV/4kvVn6bgnfDwfkvyHwkLPGxOAGBJ/GvoGvnuvoMEMoYHIIyDXdl32vl+p4fES/hv1/QWsLxl/yKWof7i/+hCt2sbxYN3hXURjP7on9RXfV/hy9GeFhHavB+a/M8Uooor50/Qzt/hmxGr3i9jBn/wAeH+Nem15Z8Nnx4inXOA1q3Hqdy/8A169Tr2sD/BR8Xnati36IK8v+Ja4161fPW2A/Jm/xr1CvNviamL+wfjmJh78Ef408av3LFkrtjI+j/I4SiiivEPtT2jwc/meEtPbIOEK8ezEf0rcrmfAMvmeE7dc/6uR1/wDHif6101fQ0HelF+SPz3Gx5cTUXm/zCvBtVgNrq97ARjy53X8mNe814945tPsniq5IGFmCyr+Iwf1BrkzCN4KR63D9S1aUO6/L/hznKKKK8k+sCvS/hnCV0y+n7PME/Jc/+zV5pXsPga0Nr4UtiRhpi0p/E4H6AV2YGN6t+x42eVOXC8vdr/P9Do6KKK9o+NPI/H7BvFcwH8MaA/ln+tcvW/42k8zxdfkHgFF6+iKKwK+eru9WXqz9BwKthqa8l+QV7poPHh3TAf8An0i/9AFeF17zpalNIskPVYEBx/uiuzLvikePxC/3cF5st1X1DjTbon/ni/8AI1YqlrBA0S/JOALaT/0E16cvhZ8zTV5peZ4RRRRXzZ+kHR+BVLeL7Ij+ESE/98MP617AfumvIfAX/I223+5J/wCgmvXj90/SvYy/+E/U+Pz/AP3lf4V+bMiuH+I//Hvp/wDvv/IV3FcN8RyPI04Z53Scfgtb4v8AgyOPK/8Ae4fP8mcBRRRXhn2hj6n/AMfQ/wB0VTq5qZzd/RRVOuqHwo45/EwoooqiDzm5/wCPqb/fP86ip8x3TyN6sT+tMr1lsfGS3YUUUUxBRRRQAUUUUAFFFFABRRRQAUUUUAFFFFABRRRQAUUUUAFFFFABRRRQAUUUUAFFFFABRRRQAUUUUAFFFFABRRRQAUUUUAFFFFABRRRQAUUUUAFFFFABRRRQAUUUUAFFFFABRRRQAUUUUAFFFFABRRRQAUUUUAFFFFABRRRQAUUUUAFFFFABRRRQAUUUUAFFFFABRRRQAUUUUAFFFFABRRRQB6r8CP8AkadS/wCvL/2da98rwP4Ef8jTqX/Xl/7Ote+V+a8S/wDIwl6L8j1cJ/CCiiivAOgKKKKACiiigAooooAKKKKACiiigArO1+PzfD9+v/TBm/IZ/pWjTJYlmheJxlHUq30NaUZ+zqRn2aZnWh7SnKHdNHiVFTajbSaZqE1ncKQ8bYzjhh2I+oqr5y+9fqMJxnFSi7pn5XOnOEnGS1RJRUXnjspppnPZRVC5GT0jMFGTUBmb2FMLFjknNA1B9QJ3Ek969u0dXTRLBH++ttGG+u0V5l4V8NzazfJNLGVsYmzI5HD4/hHr7+letV8hxJiYTlGjF3a1Z9lw5hpwjKtJWT0Q1+lcB8V2x4atFx1vFP5I/wDjXfP2rzz4ssRotgvY3BP5Kf8AGvPyFXzCl6/oz38XpQkeS0UUV+snzpNa3U1lcpcW8hjlQ5VhXqWha5DrVn5i4SdOJY89D6j2NeT1a0/ULjTLxLq2fa69R2YdwfauHG4OOIhp8S2PQwGOlhp6/C9/8zp/FvhnyC+pWMf7o8zRqPu/7Q9vX0/lx1eu6VqltrNgJ4scjEkZ5Kn0NcT4q8NnTpDe2iE2jn5lH/LI/wCFcuAxkk/q9bSS2/yOvMcDFx+s0NYvf/M5iiiivYPECiiigAooooAKKKKACiiigAooooAKKKKACiiigAooooAKKKKACiiigAooooAKKKKACiiigAooooAKKKKACiiigAooooAKKKKACiiigAooooAKKKKACtvwtHu1Yt/ciJ/UD+tYldL4RjzLdSeiqv55/wAK4Mzly4Sb8vz0PRyqHPjKa87/AHanU0UUV8MffhXn+sSebrF03pIV/Lj+ld+SACT0FeayyGWZ5D1Zi3519Bw/C9Sc+yS+/wD4Y+c4jnanCHdt/d/w4yiiivqD5IKKKKACiiigAooooAKKKKACiiigAooooAKKKKACiiigAooooAKKKKACiiigAooooAKKKKACiiigAooooAKKKKACiiigAooooAKKKKACiiigDttDkEmnQEDHybfyOP6VqVkaCANLtfcN/wChNWvXy+JVq0vVn6Vlzvhab8l+QV79asHs4HHRo1Iz9K8Br3nSn8zR7J8g7reM5H+6K7MuesjyeIV7tN+v6FuszxEpfw1qYH/PtIfyUmtOqerJ5mjX0eM7reQY9cqa9KavFo+bou1SL80eD0UUV82fo51fw9fb4pUcfPC4/kf6V6zXjvgeTy/F9lno29T/AN8NXsVexgH+6+Z8fnytik+6X5sK8/8AifHmLTJfQyKePXb/AIV6BXF/EqLdoVrLjlLkD8Crf4CtsWr0ZHJlUuXGQf8AWzPL6KKK8E+7PT/hrNu0S6hzzHcbvwKj/A12tecfDK423eoWxP340kA+hIP/AKEK9Hr3cJK9FHw2bQ5MZPz1/AK4P4lacXtbTUUXmNjFIfY8j9c/nXeVV1Kwi1PTbiym+5MhXPoex/A4NaV6ftKbic+CxH1evGp0W/p1PBaKs39jPpt9NZ3KbZYmwff3HsarV88007M+/jJSSktmTWttJeXcNtEMySuEUe5OK95tbdLS0hto/uRIqL9AMV518PNDaa7bV50/dRZWHP8AE/c/gP1PtXpVevgKXLBzfU+Tz3EqpVVKO0fzCiimu6xxs7HCqCSfau88I8Q8RTef4j1GTOR9ocD6A4/pWZT5pTNPJK3V2LH8TmmV81J3k2fpFOPJBR7IK+gYY/KgjjwBsULx7CvBbOLzr63ixnfIq/ma99r0suXxP0PnOIZfw16/oFZviFgnhvUyf+fWQfmpFaVY3ix/L8K6i2cZi2/mQP616FR2g35HgYZXrQXmvzPFKKKK+cP0U6r4fAnxSmB0hfNesv8Acb6V5X8OF3eJZTn7tsx/8eUf1r1OT/VP/umvZwC/dfM+Nz13xXyRk1wfxJ/5hn/bX/2Su8rz/wCI5H2nTxnkI/8AMVrjP4L/AK6nPlK/2uHz/JnD0UUV4h9kY2pf8fZ/3RVSrWo/8fj/AEH8qq11R+FHHP4mFFFHSqIPNpOZX+pptFFeufFsKKKKACiiigAooooAKKKKACiiigAooooAKKKKACiiigAooooAKKKKACiiigAooooAKKKKACiiigAooooAKKKKACiiigAooooAKKKKACiiigAooooAKKKKACiiigAooooAKKKKACiiigAooooAKKKKACiiigAooooAKKKKACiiigAooooAKKKKACiiigAooooAKKKKACiiigAooooAKKKKACipJYJYHCTRtGxAbDDBweQajoA9V+BH/I06l/15f+zrXvleB/Aj/kadS/68v/Z1r3yvzXiX/kYS9F+R6uE/hBRRRXgHQFFFFABRRRQAUUUUAFFFFABRRRQAUUUUAZGueHLLXogJwUmUYSZPvD2PqPauMm+HGpLIRDeWjp2LllP5AH+delUV6OFzXFYaPJTlp2ep5+KyvC4mXPUjr3Wh5xF8N74/62+t1/3FZv8ACrsfw2hH+t1ORv8AdhC/1Nd1RW088x0vt2+S/wAjGGSYGP2L/N/5nJRfDzSExvmu5D7uoH6Cr9v4N0G3YMLESMO8rsw/LOP0reorlnmWLn8VR/edUMuwkNqa+4bHGkUaxxoqIowFUYAH0p1FFcW52bDH61538Wv+QPp//Xwf/Qa9Db7xrgPiwB/wj9kcc/ah/wCgNXs5C7ZjS9f0Zhi/4EjyKiiiv1g+dCiiigC/pGrXGj3q3EJyvSSMnhx6V6lZ3dprGnCaLbJDKNrKw6eqkV49WtoOuTaLeb1y9u/Eseeo9R7ivOx+C9uueHxL8T1Mux/sHyT+B/gWfEvh59HuPNhDNZyH5W/uH+6f6VgV7EDZ6xp2RtntZ1/Mf0P8q801/QptFvNvL2zn91J6+x96jAY32n7qp8S/H/gl5jgPZfvqXwP8P+AZFFFFeoeQFFFFABRRRQAUUUUAFFFFABRRRQAUUUUAFFFFABRRRQAUUUUAFFFFABRRRQAUUUUAFFFFABRRRQAUUUUAFFFFABRRRQAUUUUAFFFFABRRRQAV1/hOPbp80ndpcfgAP8TXIV3fh+LytFg9Wyx/En+lePnk+XC27tf5nuZBDmxfN2T/AMjTooor48+0Kupy+TplzJnBEbY+uMCvO67bxNN5ejsueZHVf6/0ria+syGnahKfd/kfH8Q1ObERh2X5hRRRXuHz4UUUUAFFFFABRRRQAUUUUAFFFFABRRRQAUUUUAFFFFABRRRQAUUUUAFFFFABRRRQAUUUUAFFFFABRRRQAUUUUAFFFFABRRRQAUUUUAFFFFAHY6CwOl2w9Nw/8eP+NbNc94dZjpxJPCykD8gf610NfNYtWrS9T9GyqV8HT9Ar3Hw6+/w1ph/6dox+SgV4dXtPg9/M8J6eeOIyOPZiP6Vtl799ryOHiBfuYPz/AENumTR+bBJHx86lefcU+ivXPk07anz3RU97H5N9cRdNkrL+RqCvmWrH6UndXNfwvL5PijTWzjM6r+fH9a9trwXTJfs+q2c3/POdG/Jga96r1cufuyR8txDH97CXl/X5hXM+PYfN8J3DYyYnR/8Ax4D+tdNWX4kg+0+GtRjxk+QzAe4Gf6V21lzU5LyPGwk+TEQl2a/M8Pooor50/QzpfAd19m8VwKTgTo8R/LI/UCvX68E066NjqVrdj/ljKr/kc170rBlDKQQRkEd69bL5Xg49j5PiClatGp3X5f8ADi0UUV6B4BieIPC9j4gjUzZiuUGEnQcgehHcVzln8M4o7gNeagZYgfuRx7S345OK76isZ4elOXNJanbSzDE0YezhOyIre3htLeO3gjWOKMbVRRwBUtFFbbHG227sKy/Elz9j8N6hNnBEDKD7twP1Nalch8RrzyPDyW4PzXEwBH+yOT+u2sq8uWnJ+R04Kn7XEQh5o8qooor54/QTU8ORef4l01MZH2hGI9gc/wBK9wrx7wLB53i21PaNXc/98kfzIr2GvXy9fu2/M+Sz+d68Y9l+rCud8cybPCF6OcsUX/x8V0Vcl8RZNnhlV/56XCL+jH+ldOIdqUvQ8zAR5sVTXmjyiiiivnz9AO2+GiZ1m8kx923xn6sP8K9Lm4gf/dNeefDGPNxqUmPurGv5lv8ACvQbji3f6V7eCX7lHxOdO+Ml5W/IzK86+IrZ1OzXHSEn82P+Fei15p8Qn3a/CoP3bZePfc3/ANanjX+6YsnV8UvRnJUUUV4x9eYl/wD8fsn4fyFVqnvTm8k+tQV1x2RxS+JhTJSBC5PQKafUN2dtnO3pGx/SqW5EnaLZ51RRRXrHxgUUUUAFFFFABRRRQAUUUUAFFFFABRRRQAUUUUAFFFFABRRRQAUUUUAFFFFABRRRQAUUUUAFFFFABRRRQAUUUUAFFFFABRRRQAUUUUAFFFFABRRRQAUUUUAFFFFABRRRQAUUUUAFFFFABRRRQAUUUUAFFFFABRRRQAUUUUAFFFFABRRRQAUUUUAFFFFABRRRQAUUUUAFFFFAHY2HhOx1vRoJ7C+WO9CfvYmO4bvcdV/WsHU/D+p6QT9qtmEY/wCWqfMh/EdPxrc8O6DY6tpscltqL2mqxs3CvyRng469O4rXOp+JdAUpqlouo2YGDNHyQPc4/mPxrr9nGUU2rea1+8x5mnZM5a98KahaR2JTZcPefcSHJI4B5yPf9K6Ox0HTPC1quo65Iktz1jiHIB9AP4j79B+tbt/rpg8PW1/p1m0z3G2OGIjG3IPUD0x0FY0Oix2+dc8WXQkl6rCxyq+gx3PsOPrWvsoQleOv5InnbWpyXiK/n1XUhfy2rW6SoPKBz8yjgHPesit/xRq0utXEN4LRoLQAxwMw5cA889O/bpWBXFU+J63No7HqvwI/5GjUv+vL/wBnWvfK8J+A3/Ib1f8A69k/9Cr3avzHiV/8KMvRfkevhf4SCiiivBOgKKKKACiiigAooooAKKKKACiiigAooooAKKKKACiiigAooooAKKKKAI2+8a4X4qoW8LW7AZ23iEn0Gxx/hXdHqa4/4lx7/BszYz5c0bfTnH9a9XJpcuPov+8jLFK9GXoeJ0UUV+uHzYUUUUAFFFFAG74b8Qvo1z5cpLWch+df7p/vCvRbq2tNY04xSbZYJlBVl/Qg+teO103hbxIdMlFpdMTZueGPPln1+nrXlY/BOf76l8S/H/gns5dj1D9xW+F/h/wDJ1nSJ9GvTBMMoeY5B0df8fas+vX9U0y21mwNvN0PzJIvJU9iK8r1LTrjS717W5XDryCOjDsRWuBxqxEeWXxIwzDAPDS5o/C/w8ipRRRXoHmhRRRQAUUUUAFFFFABRRRQAUUUUAFFFFABRRRQAUUUUAFFFFABRRRQAUUUUAFFFFABRRRQAUUUUAFFFFABRRRQAUUUUAFFFFABRRRQAV6RaReRZwRf3I1X8hXn9hD5+oW8XZpFB+mea9Gr5viCp8EPVn1PDlPSpU9F/X4BRRRXzZ9Ocx4um/49oAf7zkfoP61zFa/iSfztYdQeI1Cf1/rWRX3WWU/Z4SC8r/fqfn+a1faYyb87fdoFFFFdx54UUUUAFFFFABRRRQAUUUUAFFFFABRRRQAUUUUAFFFFABRRRQAUUUUAFFFFABRRRQAUUUUAFFFFABRRRQAUUUUAFFFFABRRRQAUUUUAFFFFAHUeHWH9muvcTE/ov+FdCpyoPtXL+Gtxjuhn5QU49zn/AArp4zmMV87jlavL+uh+gZJK+Dh8/wA2Or1/wFJv8JWy/wBx5F/8eJ/rXkFeqfDeXf4clTPKXLD8Cqn/ABp4B2q/IjPY3wt+zX6nYUUUV7J8ceG+IYvJ8R6kmMD7S5H0LE/1rNroPG0Xk+Lr4AcMVYfioz+ua5+vnKqtOS8z9EwsuahCXdL8g6HIr3+2lFxawzDpIivx7jNeAV7f4Zn+0eGdNkzn9wqn/gIx/Su7Ln70keJxDC9OEuzf4/8ADGrTJY1lieNvuupU/Q0+ivVPlk7Hz9LG0MzxN95GKn6imVseKrX7H4o1CLGAZjIPo3zf1rHr5uceWTj2P0elP2lOM11SYV7V4Tvv7Q8M2UpOXRPKf6rx/IA/jXitd/8ADTUtst3pjt94CaMe44b/ANl/KurAz5atu55ed0PaYbmW8dT0WiiivaPjAooooAKKKKACvL/iRfefrUFmpytvFk+zNz/ILXpzusaM7kKqjJJ7CvCtWvzqerXV6c/vpCyg9l7D8sVwY+dqaj3PcyGhz13Ue0V+L/4FylRRRXkH1523w0t9+sXdxjiODb+LMP8A4k16dXD/AAzttml3tzj/AFkwT/vkZ/8AZq7ivcwcbUUfD5xPnxkvKy/AK4X4my40+wh7tKzfkMf+zV3VebfE2bdf2EGfuRM+Pqcf+y0Yx2osMojzYyHlf8jhKKKK8M+4PSfhlHix1CXH3pEXp6A/412t2cW7e+P51yvw3i2eHJnI5kuWOfYKo/xrqL04gHu1e9hVajE+DzSXNi6j8zPryzx2+/xM65+5Ei/TjP8AWvU68k8ZPv8AFd6ecAoBn2QVnjn+7XqdOSK+Jb8n+aMKiiivIPqzBujm6l/3jUNPmOZ5D6sf50yutbHC9wqrqTbdLuz/ANMW/katVR1ltuj3Rz/Bj8+KuHxIyrO1OT8mcFRRRXqnx4UUUUAFFFFABRRRQAUUUUAFFFFABRRRQAUUUUAFFFFABRRRQAUUUUAFFFFABRRRQAUUUUAFFFFABRRRQAUUUUAFFFFABRRRQAUUUUAFFFFABRRRQAUUUUAFFFFABRRRQAUUUUAFFFFABRRRQAUUUUAFFFFABRRRQAUUUUAFFFFABRRRQAUUUUAFFFFABRRRQA+KMzTJEpAZ2CjPTJpZoJbeUxTIUcdQaYrFHDDqDkV3dxaW2p2qeamQyhlYdVz6GsatX2bV9mexlmVrMKdRQlacbW7NM4Ot3QtKFzFLcTL8hUpGD3JGCarXejtaahBbvIDFM4Cvj3x/WuwiiSCJIo1wiDAFZV61orl6npZHk8pYmTxK+Dp5v9Ov3GF4a0fTdWtpYJ7s2uopLmJg2CRgdj1wQemDW/5virw7/rUGq2a/xDJcD+f55rhdUi8jVLhOnzkj6Hn+tael+MNW0vannfaIR/yzm+bH0PUV6dGtHlXTzR8riKEqdSVN9G19x3y+II28LNq1pZsdvC2/AIYtt7e5zWNFos1439teLLkJEg3JbE4VR6Ef0HJ7+lbGmeJIdQ0C71OK1ZGtwzSRZHJC7uD/APWrzbWddvdbuPMupMIv3Il4VPoPX3rprVIpJt3/AC9TnhF3aWhf8U+IodaeG3tbcRWlvkRnGCfw6AcdK52iiuCc3N8zN0klZHrfwG/5Der/APXsn/oVe7V4b8BI86prUmfuwRrj6sf8K9yr8x4kf/CjP0X5I9bC/wAJBRRRXhHQFFFFABRRRQAUUUUAFFFFABRRRQAUUUUAFFFFABRRRQAUUUUAFFFFAEZ6muZ8fxeb4J1EDGVCN+Tqf5V0p61keKYvN8Kasv8A06yN+Sk/0rtwE+TFUpdpL80Ksr05LyZ890UUV+yHy4UUUUAFFFFABRRRQB1/hPxL9mZNOvX/AHJOIpD/AAH0Pt/L+XVa5osOtWRifCzLzFJj7p/wryau68JeJfMCabfP84+WCQ9/9k+/pXjY7CShL6xQ0a3/AM/8z3cvxsakfq1fVPb/AC/yOMu7SaxupLa4QpKhwRUFepeI9Aj1q13JhbuMfu39f9k+38q8wmhkt5nhlQpIh2sp6g124PFxxEL9Vujgx2Clhp2+y9mMooorsOEKKKKACiiigAooooAKKKKACiiigAooooAKKKKACiiigAooooAKKKKACiiigAooooAKKKKACiiigAooooAKKKKACiiigAooooA2PDMPm6wr44iQt/T+tdtXN+EoMQ3FwR95gg/Dk/zFdJXxmc1efFtdrL9f1Pucjpezwaf8zb/T9AoJwMnpRVLV5/s2k3MmcHYVH1PH9a82nB1JqC6ux6lWoqcHN7JXOEu5vtF5NN/fct+ZqGiiv0SMVFKK6H5pKTk3J9QooopkhRRRQAUUUUAFFFFABRRRQAUUUUAFFFFABRRRQAUUUUAFFFFABRRRQAUUUUAFFFFABRRRQAUUUUAFFFFABRRRQAUUUUAFFFFABRRRQAUUUUAbvhqQCS4izywVvyz/AI11MJ+THoa5Hw2QL+UHvCQP++lrrID94V4OYq1Y+44flfCpdm/8yavSPhjLmz1CHP3ZEb8wR/7LXm9d18Mpcahfw/34lb8jj/2asMG7Vkdmbx5sHP5fmj0qiiivdPhzyr4jQ+X4kSTtLbq34gkf0FchXf8AxOgxPp04H3ldCfoQR/M1wFeDilatI+7yufNg4Py/LQK9c+H9x53hWJM/6mV0/Xd/7NXkdej/AAyuc2uoWpP3HSQD6gg/+gitMDK1a3cwzuHNhG+zT/T9TvaKKK9o+LPLfiRaeVrsFyBxPCM+7KcfyIrja9R+JFn52iW92BlrebB9lYYP6ha8urwsZHlrPzPuMoq+0wkfLT+vkFXtG1F9J1e2vUz+6fLAd1PBH5ZqjRXOm07o9GcFOLjLZn0DFKk0SSxsGjdQysOhB6Gn1xXw91wXWntpcz/vrcZiyfvJ6fgf0Irta+hpVFUgpI/PsVh5YetKlLoFFFFaHOFFFBIAyTgCgDmPHWq/2d4eeFGxNdnyl/3f4j+XH415FW94u1r+29ckkjbNtD+7h9CB1b8T+mKwa8LFVfaVG1sj7nK8L9Xw6Ut3qwoop8UbTTJEgy7sFUepNcx6Ldj2LwXa/ZfClkCPmkBlP/AiSP0xW/UVtAtraQ26fciRUX6AYqWvo6ceWKj2PzqvU9rVlPu2wryT4gz+b4qdM/6mFE/Td/7NXrdeI+J7j7V4n1GTOR57ID7L8v8ASuPMJWppeZ6+QQviJS7IyaKKK8g+vPYfAsXleEbQ95C7n/voj+QrZvj8iD3qr4bh8jw1pqEYP2dGI+oz/Wp74/Mg9jX0VFWpxXkfnmLlz15y7t/mVK8a8RSeZ4j1BvSdl/I4/pXsteIahJ52pXUuc75nb8ya5MwfuxR6uQx/eTl5FaiimucIx9BXln0xzzHLE+ppKKK7DhCszxA23RJ/faP/AB4Vp1jeJm26Tj+9Io/mf6VdL40c+KdqE/RnG0UUV6h8kFFFFABRRRQAUUUUAFFFFABRRRQAUUUUAFFFFABRRRQAUUUUAFFFFABRRRQAUUUUAFFFFABRRRQAUUUUAFFFFABRRRQAUUUUAFFFFABRRRQAUUUUAFFFFABRRRQAUUUUAFFFFABRRRQAUUUUAFFFFABRRRQAUUUUAFFFFABRRRQAUUUUAFFFFABRRRQAUUUUAFdvok3naRbnPKjYfwOP5VxFdT4Xm3Wk0PdH3fmP/rVzYqN4X7H0XDFbkxvJ/Mmv1/Qf4lQi0guF+9FJx+P/AOoVsxuJYkkXoyhh+NU9Yi87SblcZITcPw5/pSaLL52kW5zyq7D+BxXG9aS8mfX0/wB3mU4/zxT+cXb8mjB8TQ7NRSTHEkY/Mcf4Vi10/ilFMFu+RuDEAdyCP/rCuYrvw7vTR8LntJU8wqJddfvR3XgH/SNN1iz/ALyrgeu4MP6Vwtdj8PLgQ6rcRuSBLGAOOCwPT8s1y1/F5Go3MPTy5XX8iRXdUX7qD9TxI/GyvRRRXOaHsXwD/wCP7XP+ucP83r2+vE/gFHmfX5M/dWBcfUyf4V7ZX5jxG/8AhSqfL/0lHrYX+EgooorxDcKKKKACiiigAooooAKKKKACiiigAooooAKKKKACiiigAooooAKKKKAIj1qC9h+0WFxBjPmRMmPqMVOetFaRbi00U1dWPmSirWpwC11a8twMCKd0x6YYiqtftcJKUVJdT5VqzsFFFFUIKKKKACiiigAoBwcjrRRQB6J4U8S/2hGtjeP/AKUo+Rz/AMtAP61N4o8OLqsJurZQLxB9PMHoff0rzdHaN1dGKupyGBwQa9L8M+Il1e38ichb2MfMOgceo/rXhYvDTw0/rFDbqv66H0OCxUMVT+rYjfo/66nmbKyMVYFWBwQRgg0legeLPDX2xW1CyT/SFGZUH/LQDuPf+def16mFxMMRDmj80eRi8LPDVOSW3R9wooorpOUKKKKACiiigAooooAKKKKACiiigAooooAKKKKACiiigAooooAKKKKACiiigAooooAKKKKACiiigAooooAKKKKACiipbaE3N1FCvWRwv5mlJqKuyoxcmkup3GhW/wBn0e3UjDMN5/Hn+WK0aRVCKFUYAGAKWvzytUdSpKb6u5+lUaapU4010SQVzviy422sFuDy7Fj9B/8Ar/Suirh/Edz9o1d1BysQCD+Z/U16OT0faYpPpHU83O63ssI11loZNFFFfZnwoUUUUAFFFFABRRRQAUUUUAFFFFABRRRQAUUUUAFFFFABRRRQAUUUUAFFFFABRRRQAUUUUAFFFFABRRRQAUUUUAFFFFABRRRQAUUUUAFFFFABRRRQBo6Fn+14RkgENnHf5Sf6V2MJxJ9a4jTGZNUttuMmQLz78f1rtUOHB968XM4++n5H1/Dk/wBzKPZ/p/wC1XWfDybyvFGz/nrA6fyb+lcnW34Qm8jxZp7+shT/AL6Uj+tcFB2qxfme9joc+GqR8me00UUV9CfnxxnxJg36FbzAcx3AB+hU/wBQK8ur2Xxrb/aPCd6AMsgWQe2GBP6ZrxqvGx8bVb90fY5FPmwvL2b/AMwrr/hzc+V4ikhPSaBgPqCD/LNchWt4ZuvsXiXT5icDzghPoG+U/wA656EuWpF+Z6GNp+0w84eTPbqKKK+hPz4ztesf7R0K9tAMtJEdo/2hyP1ArwyvoSvEfE2n/wBm+Ir23C4TzC6f7rcj+ePwrzMxhtP5H0vD9bWdF+v6P9DJooorzD6Ys2F9Ppt9DeWzbZYm3D0PqD7GvatF1m21zTku7c4J4kjJ5Ru4NeGVoaRrN5ol4LmzkwTw6HlXHoRXVhcS6Ls9meXmeXLFwvHSS2/yPdKK5bSvHmkX8ai5k+xz45WX7v4N/jitaTxFosSF21WyIH92ZWP5A5r2I1qcldM+QnhK9OXLKDv6GnXEeO/Ey2lu+k2b/wCkSjE7D+BT2+p/l9ara/8AENDG9voysWIwblxjH+6P6n8q89kkeWRpJGLuxyzMckn1NcOKxityU38z28rymXMq1dWS2X+Y2iiivLPqAre8GWX27xTZgjKRMZm9tvI/XFYNeifDOwwl7qLDqRCh/Vv/AGWt8NDnqpHDmVb2OFnLyt9+h6BRRRXvnwQyWRYYXlb7qKWP0FeAzStNNJK/3nYsfqTmvafFV19k8L6hLnBMRjGPVvl/rXideVmMvejE+p4ep2hOp3aX3f8ADhSgFiABkngCkq9osH2rXLCDGQ9wgP03DP6V56V3Y+gnJRi5Poe428It7WKEdI0CD8Biql6cz49BWhWZcnNw/wBcV9Kj82bu7srTyeTbyS/3FLfkK8L6mvZ9el8nw/qD9CLdwPqQQK8YrzcwesUfSZDH3Jy81/X4hUVwcW0p/wBg/wAqlqvfHFnIfbH61563PdlszDooorrOIKwPFb4sYE9ZM/kD/jW/XM+LX5tU/wB4n9K1oK9RHHmDthpf11Oaooor0j5cKKKKACiiigAooooAKKKKACiiigAooooAKKKKACiiigAooooAKKKKACiiigAooooAKKKKACiiigAooooAKKKKACiiigAooooAKKKKACiiigAooooAKKKKACiiigAooooAKKKKACiiigAooooAKKKKACiiigAooooAKKKKACiiigAooooAKKKKACiiigAooooAK0NI1L+zblnZC8bjDAHke9Z9FTKKkrM2w9eph6iq03Zo7wXUN3ZtJAwkQjBA6j6+lU9IQafbyQySbl3blIHt/wDWrmdPuZLa8jdJTGCwDEHjHvXR3crvabrVEE27cSAMN61rhsHCdNwlBtX3T1Xy6ntVs9nOrHFKajOKa5Wnyy72a1TfZ9tzGuPP1jUpCx8vaPlVx0WorTS5J3Jk+SJTgn1+laVtfM9wsNxbmOUggHsaZci6vbh7dP3cCcM396vSp4ShGCcby1tbb5PsfMVsVWrVJTqPV6tml4evbKLXLeBRiGPJLr0zjj681i+JovJ8S6gvrMW/765/rWhp81jbalbWYBMZkHmsvYd8movGqqfEssyfdnijkU+o2gf0qMZrTV3dp9Nl5E0dJHPUUUV5p0ntHwB/5mH/ALdv/ate01438AkAttek53M8Cn8A/wDjXslfmHELvmVT5f8ApKPWw38JBRRRXim4UUUUAFFFFABRRRQAUUUUAFFFFABRRRQAUUUUAFFFFABRRRQAUUUUARHrRQepoqyzwLxpb/ZvGOqRgYzN5n/fQDf1rBrs/ifbiHxcZAP9fbo598ZX/wBlrjK/YMsqe0wVKf8AdX5HzOIjy1ZLzCiiiu4xCiiigAooooAKKKKACpLe4ltbhJ4HKSodysOxqOik0mrMabTuj1Xw/r0WtWmThLqMfvY/6j2rA8W+GseZqdkn+1PGP/Qh/X865GyvZ9Pu0ubZ9siHj0PsfavU9G1iDWrITRfK44kjJ5U/4V4NejPA1fbUvhf9W/yPosPXp5hS9hW+Jdf1/wAzySius8V+GvsTtf2Sf6Mx/eRgf6s+o9v5VydezQrwrQU4Hh4ihOhNwmFFFFbGAUUUUAFFFFABRRRQAUUUUAFFFFABRRRQAUUUUAFFFFABRRRQAUUUUAFFFFABRRRQAUUUUAFFFFABRRRQAVteGLbztU80j5YVLfieB/X8qxa7Pwva+TppmI+aZs/gOB/WvNzat7LCy7vT7/8AgHqZPQ9ti49o6/d/wbG3RRRXxJ94R3Ey29vJM/3Y1LH8K83kdpZHkc5ZiWJ9zXX+KLrydOWBT80zc/7o5P64rjq+ryKhy0XVf2vyX/BPkOIcRz1o0l9lfi/+AFFFFe6fPBRRRQAUUUUAFFFFABRRRQAUUUUAFFFFABRRRQAUUUUAFFFFABRRRQAUUUUAFFFFABRRRQAUUUUAFFFFABRRRQAUUUUAFFFFABRRRQAUUUUAFFFFAD4ZTDPHKBkowYfgc13hBUkHqK4Cu7hkM1vFKwwZEV8fUZry8zWkX6n03Dk/eqR9P1LwOVB9at6bP9l1S0uM48qZH/JgapRHMY9qfXjJ2dz69pSjZ9T6Eoqtp0/2rTLS4znzYUfP1ANWa+kTurn5vJOLaZV1K3+16Xd22M+bC6fmCK8Fr6ErwjWLb7HrV7b4wI53UfTJx+lebmMfhkfScPVNZw9GUqVWKMGU4YHII7UlFeYfTHvlhdLe6fbXS9Jolk/MZqxXM+Ar37X4XhQnLW7tEf5j9CPyrpq+jpS54KXc/OsTS9lWlT7NhXnvxL03/j01NB/0wk/Ur/7N+lehVna7pq6vot1ZEDdInyE9nHK/qKjEU/aU3E2wGI+r4iNR7dfQ8MopWVkYqwIYHBB6g0lfPn34UUUUAFFFFABRRRQAUUUUAFe3eGdN/srw9aWzDEmzfJ/vNyfyzj8K8s8J6X/a3iK2hZcxRnzZf91e34nA/Gvaa9PL6e836HzPEGI+GgvV/p+oUUUV6Z80cZ8SLvytDgtgcGeYEj1VRn+ZFeXV2nxJvPN1q3tQcrBDk+zMef0C1xdeFjJc1Z+R9xlFL2eEj56/18grovA9v9o8WWhIysYaQ/gpx+pFc7XcfDO236re3OOI4Qn0LHP/ALKajDR5qsUbZjU5MLUl5fnoemVkud0jH1JNajttjZvQE1k19AfAmB40m8rwtdjPLlEH/fQ/pmvJq9J+Ic2zRLeEHmScH8Ap/wARXm1eRjnerbyPrMlhbDX7t/5BVTUmxaEerAVbqhqrfuY19WzXLD4kepP4WZVFFFdRxhXI+KnzqESf3Ys/mTXXVxPiN9+syD+4qr+mf610YZe+edmkrULd2ZVFFFd584FFFFABRRRQAUUUUAFFFFABRRRQAUUUUAFFFFABRRRQAUUUUAFFFFABRRRQAUUUUAFFFFABRRRQAUUUUAFFFFABRRRQAUUUUAFFFFABRRRQAUUUUAFFFFABRRRQAUUUUAFFFFABRRRQAUUUUAFFFFABRRRQAUUUUAFFFFABRRRQAUUUUAFFFFABRRRQAUUUUAFFFFABXVWojj0x4bdt2cmN8g7T6fnXK1ueGXU3c0LAEOmefUH/AOvVxqwppucb+js16HXgadSriFSpyS5rrVXTv0f9aDkvriKVI7y3xkgB16U+9a6lmFtbjapXLSegqs+qS211LBOgkVHK5HB4NWNTvJILeMw8eZ/F6V7MK8J0ZPnbS+/0PIqUZU6vK467eQkTWmmyRwD55HYB27gE/wCeK3/Gnhq+ubu3uNPtWmhitxEQhBYYJxx1PBrgiSTkkk+te9QSebbxyD+NQ35ivms3zWrRhFU0uW+x7eVZdTxEpe0buup4K6NG5R1KspwVIwQaVEaR1RFLOxwqqMkmvXvE3hm31y1eREVL5B+7lHG7/Zb1H8qoeCvDS6daLqF3F/psudoYcxr/AIn+X41wrN6ToOpb3u39dDpeTVVXVO/u9/66m18K/tXhPTdQN/aMJLt42jj3gEBQevp1r2SNxJEjgYDAGvL69LsiWsLcnqYlP6V8LnEva1fbtay3+5Ho4jCU8PTjGBPRRRXjnGFFFFABRRRQAUUUUAFFFFABRRRQAUUUUAFFFFABRRRQAUUUUAFFFFAEZ6mkpT1NJVlnl3xbt8XGl3IH3kkjJ+hBH8zXmtexfFS2MvhiGcDmG5Un6EEfzxXjtfp/DVX2mXQX8ra/G/6nz+Pjau/MKKKK984wooooAKKKKACiiigAooooAKu6XqdxpN8lzbnkcMp6OvcGqVFTKKknGS0ZUJyhJSi7NHsGnaha6xp4nhw0bja6NyVPcEVwPifw42kzG5tlJs5Dx38s+h9vQ1Q0TWZ9FvRNHlomwJY88MP8a9PhmtNY04Ou2a2mXBB/UH0NeDONTLq3NHWD/r7z6OEqeZ0eSWk1/X3dzx2itrxFoEui3WVy9pIf3b+n+yff+dYte7TqRqxU4PRnz1WlOlNwmrNBRRRVmYUUUUAFFFFABRRRQAUUUUAFFFFABRRRQAUUUUAFFFFABRRRQAUUUUAFFFFABRRRQAUUUUAFFFFAD4ommmSJBlnYKPqa9HghW3t44U+6ihR+Fcj4YtPP1EzsPkhGf+BHgf1rsq+Vz2vzVY0l0/N/8A+v4ew/LSlWf2tvRf8AB/IKKKq6ldix0+af+JVwvux4FeHCDnJQjuz36k404Octlqch4hu/tWqyBTlIv3Y/Dr+tZVKSSSSck9aSv0GhSVGnGnHoj83r1nWqyqS3bCiiitTEKKKKACiiigAooooAKKKKACiiigAooooAKKKKACiiigAooooAKKKKACiiigAooooAKKKKACiiigAooooAKKKKACiiigAooooAKKKKACiiigAooooAK7PS5Gl0u2dhj5No+gJX+lcZXVaA7PpYBxhJGVfpwf61wZjG9G/ZnuZBPlxTXdP9GbUB4Iqaq8JxIPerFeC9z7iD0PZvBtx9p8J2DE8opjP/AAFiB+gFb1cZ8NrnzNDuLcnmKckfRgP6g12de/h5c1KL8j4LH0/Z4qpHzf46hXkXj61+z+KpXAwJ40kH5bf5rXrtee/E20/5B94B/eiY/kR/7NWOOjzUW+x15JU5MWl3TX6/oee0UUV4p9qd58NL7ZeXlgx4kQSr9QcH+Y/KvSK8R8M3/wDZviOyuCcJ5gR/91uD/PP4V7dXs4CfNS5ex8dntHkxPOvtL8tAooortPFPJfHmj/2drhuo1xBd5kGOgf8AiH9fxrla9s8T6MNc0SW2UDz1/eQk/wB8dvx6fjXijKyOUdSrKcEEcg14mMo+zqXWzPtcoxft8Oov4o6f5CUUUVyHrBRRRQAUUUUAFFFaWg6TJresQ2aZCE7pGH8KDqf6fUinGLk7IipONOLnLZHoHw80j7HpL6hKuJbo/LnqEHT8zk/lXZUyKJIYkijULGihVUdAB0FPr6GlTVOCij8+xVd4itKq+oUUVn67ff2boV7dg4aOI7D/ALR4X9SKuTUU2zKEHOSit2ePeIr3+0PEN9cg5VpSFPqo4H6AVmUUV83KTk22fo1OChBQWy0CvT/hrbeXotzcEYMs+0e4UD+pNeYV7T4RtfsnhWwTHLx+Yf8AgRLfyIrswEb1b9keRntTlwyj3f8AwTVum227e/FZtXr5sIq+pzVGvaPjTz/4jz5uLC3B+6rufxIA/ka4eum8eT+d4ldM/wCpiRP/AGb/ANmrma8LEyvVkz7bLocmFgvK/wB+oVl6q3zxr6AmtSsfUmzd49FAqKfxHTVfulOiiiug5QrgdWfzNWum/wCmhH5cf0rvq83mfzZ5JP7zFvzNdWFWrZ5Gby9yMRlFFFdp4QUUUUAFFFFABRRRQAUUUUAFFFFABRRRQAUUUUAFFFFABRRRQAUUUUAFFFFABRRRQAUUUUAFFFFABRRRQAUUUUAFFFFABRRRQAUUUUAFFFFABRRRQAUUUUAFFFFABRRRQAUUUUAFFFFABRRRQAUUUUAFFFFABRRRQAUUUUAFFFFABRRRQAUUUUAFFFFABRRRQAUUUUAFX9Fl8nV7c9mbafx4qhTo3MciuvVSCKmS5otG2Hq+xrQqL7LT+5mj4gh8rV5TjhwHH5Y/mDUl5+90W3k7rjP5Yqz4mQP9luV6OpGf1H8zVaH97oEq/wBwn9DmunLnz05R7xf4G+e0lSx07bc1/wDwLX9TIr3DQ2L6BpzElibWMknudorw+vafDL7/AAzpxxj9wo/Livnc8X7qL8z0Mhf72a8v1Naiiivmj6cK9H0sg6TZkf8APFB+grzuOKSZwkUbOx6Koya9D0pJI9KtklQo6xgFT1FebmVuRHnZjblRcoooryDyQooooAKKKKACiiigAooooAKKKKACiiigAooooAKKKKACiiigAooooAjb7xpKVvvGkqizA8bWv2zwbqcfdYvN/wC+CG/pXgdfS11At1aTW7/dljZD9CMV81yI0UjRuNrqSrA9iK++4PrXo1aXZp/erfoePmcfejIbRRRX2J5YUUUUAFFFFABRRRQAUUUUAFFFFABW14e1+XRbvDZe1kP7yMdv9oe/86xaKipTjUi4TWjNKVWVKanB2aPYpYrPWNO2ttntplyCO/uPQ15hreiz6LemKTLRNzFLjhh/jV/wx4jbSZxb3DFrOQ8/9Mz6j29RXfX9ha6zp5hlw8bjcjrzg9mBrwoyqZdW5Zawf9fefQzjTzOjzR0mv6+48foq7qul3GkXrW1wOnKOBw49RVKvejJTSlF6M+cnCUJOMlZoKKKKokKKKKACiiigAooooAKKKKACiiigAooooAKKKKACiiigAooooAKKKKACiiigAooooAKKKv6PZfb9SjiIzGvzv9B/j0/Goq1I04OctkaUqcqs1Tju9DrNBs/selx7hiST94349P0xWnRRX59Wqyq1HUluz9IoUo0acacdkgrlPFV7vmjs0PCfO/1PT9P5101zOlrbSTyHCIuTXnVxO9zcSTSHLuxY17GR4bnqus9o/meJn+K9nRVGO8vyI6KKK+sPjgooooAKKKKACiiigAooooAKKKKACiiigAooooAKKKKACiiigAooooAKKKKACiiigAooooAKKKKACiiigAooooAKKKKACiiigAooooAKKKKACiiigAooooAK6Hw02Y7lC3AKkD65z/IVz1a/h2RU1F1Y8vGQv1yD/IGufFx5qMkehlc+TGU352+/Q6gHBB9Kt1TqzGcxivm5H6FB9DvPhnc7NSvrUn/WRCQD/dOP/Zq9LrxvwTdfZfFdnk4WXdGfxBx+uK9kr18BK9K3Y+Szyny4rm7pf5foFc347s/tfhW4YDLQMso/A4P6E10lQXtst5Y3Fq33Zo2jP4jFdVSPPBx7nmYer7KtGp2aPAqKdIjRSNG4w6kqwPYim184fogV7j4f1H+1NBs7snLtGA/+8OD+orw6vRPhpqWY7vTHPKnzox7dG/p+dduBqctTl7njZ5Q9ph+dbx/JnoFFFFeyfHBXmnj/AMOm3uDq9sn7mU4nA/hf+99D/P616XUc8EV1BJBOgkikUqyt0INY16Kqw5WdeCxcsLWVRbdfNHz/AEVv+KPDU+gXpKhnspD+6l9P9k+/86wK8GcHCXLLc+7o1oVoKpB3TCiiipNQooooAACTgDJNeveC/D/9i6X506YvLgBnz1Rey/1Pv9K5/wADeFDI8er36YRfmt4mH3j/AHz7en5/X0avVwWHt+8l8j5bOswU/wDZ6b06/wCQUUUV6J86FcP8Sb/ytMtbBT808hdv91f/AK5H5V3FeOeNdR/tHxNcbTmO3/cJ/wAB6/qTXJjanLSa7nrZNQ9rilJ7R1/yOeooorxD7Ukt4WuLmKBPvyOEX6k4r32GJYII4kGERQqj2AxXjvguz+2eKrMEZWImVv8AgIyP1xXsterl8bRcj5XiCrepCn2V/v8A+GKF62ZgPQVWp8zb5nPvUFxMtvbSzt92NC5+gGa9HY+eSu7I8d8QXH2nxDfy5yDMyg+wOB/Ks2ldi7s7HLMck+9JXz0nzNs/QKcOSCiugVhXjbryU++PyrdrnXbfIzepJq6W5nWeiQ2iiitznIL2TyrG4k/uxsf0rzuu516Ty9Gn9Wwo/EiuGrtwq91s8HNpXqRj2QUUUV1HkhRRRQAUUUUAFFFFABRRRQAUUUUAFFFFABRRRQAUUUUAFFFFABRRRQAUUUUAFFFFABRRRQAUUUUAFFFFABRRRQAUUUUAFFFFABRRRQAUUUUAFFFFABRRRQAUUUUAFFFFABRRRQAUUUUAFFFFABRRRQAUUUUAFFFFABRRRQAUUUUAFFFFABRRRQAUUUUAFFFFABRRRQAUUUUAdHd/6V4Tgl6mLH6HbVPSP3ltcw+o/mCKt6N/pWh3tr1YZI/EcfqKz9FfF26/3k/rWmWPlxHK+7/FHp54vaUaOIX2oL74uzM2u/8ACtxMPAuqeRIyTQNI6Mp5GEDD9Qa4W5Ty7qVPRyP1rtfh/wD6RYavZn+JVwPqGB/pV0oJ1HCSvujyZSaXNF2L3hbxs99cx6fqYXznO2OZRgMfQj1+ldH4g1mPQtKe7ZQ8hOyJP7zHp+Hf8K8WR2ikWRCVdSGUjsRXcfEK6a4tdHbGEkjaXHuQv+P6181icup/WqairRle69NfxPo8NmVX6pUcneUbWfrp+B6b8GdRu9V0LVLy8kMkjXu0HHCjYp2j0HP616VXmPwK/wCRIvf+wi//AKLjr06vh85SWPqpKyTMKUnKClJ3YUUUV5hoFFFFABRRRQAUUUUAFFFFABRRRQAUUUUAFFFFABRRRQAUUUUAFFFFAEbfepKc/Wm1SLQV8/eLrT7D4t1OHGB57OB6BvmH6GvoGvHfinZmDxLDcgfLcW4yfVlJB/TbX1PCdbkxrpv7S/Fa/lc8/Mo3pKXZnDUUUV+jHhhRRRQAUUUUAFFFFABRRRQAUUUUAFFFFABXV+FPEv2F1sL1/wDRmOI3Y/6s+n0/lXKUVjXoQrQcJm+HrzoTU4Hrms6Pb61YmGXAccxygZKn/CvK76xn067e2uU2yIfwI9R7V1vhLxNt2abfScdIZWPT/ZP9PyroPEGhRa1aY4S5QZjkx+h9q8ahWngavsavwv8Aq/8Ame5iKNPMKXtqPxLp+n+R5VRUtxby2lw8E8ZSVDhlPaoq95NNXR86007MKKKKYgooooAKKKKACiiigAooooAKKKKACiiigAooooAKKKKACiiigAooooAKKKKACu08NWP2aw89xiSf5vovb/Gua0iwOoagkRB8tfmkPt/9fpXfgAAADAHavns9xdorDx66v9D6Xh/B3k8RLpov1CiioLu6SztJLiQ/Kgzj1PYV81GLk1GO7PqpSUYuUtkc/wCKr/7lih/25P6D+v5VzFSXE73NxJNIcu7FjUdfeYPDLDUVTXz9T88x2KeKryqvbp6BRRRXUcYUUUUAFFFFABRRRQAUUUUAFFFFABRRRQAUUUUAFFFFABRRRQAUUUUAFFFFABRRRQAUUUUAFFFFABRRRQAUUUUAFFFFABRRRQAUUUUAFFFFABRRRQAUUUUAFXdIlMWrWzAZLNs/76G3+tUqcjtHIsiHDKQQfQiplHmi13NKc+Samujud5U0B6j8ahyp5U5U9D6inxHEg9+K+Wa6H6XCS0aNCyuTZ31vcr1hkWQfgc174rB1DKcqRkGvnyvbfC939t8M6fNnJEQRvqvyn+Vd+XS1lE8TiGleMKnqjXooor1D5c8Y8Y2X2HxTeqBhJW85f+Bcn9c1hV6F8TLH/jx1BR6wOf8Ax5f/AGavPa8DEw5KrR97l1b22FhLyt92gVp+HtT/ALI121vCcRq+2T/cPB/Tn8KzKKxjJxaaOupBVIOEtnofQYIIBByD0Ipa5zwTq39qeHokdsz237l89SB90/l/I10dfRU5qcVJdT88r0pUakqct0FFFFWZEN3aW99avbXUSywuMMrCvMdf8B3unu8+nK11a9dg5kT8O/4flXqlFYVsPCqve3O3B4+thJXg9O3Q+fGUqxVgQRwQe1JXu97o+naic3dlBM395kG78+tUF8H+H1YEaZFkerMf61wPL530aPehxBRt70Hf5f8AAPHba1uLydYbaGSaVuiopJr0Hw14BEDpeawFdxylsDkA/wC0e/06V21rZWtlH5drbRQJ6RoFH6VPXRRwMYO8tWefjM7q1lyUlyr8f+AAAAwBgCiiiu48QKKKKAM/W9RXSdGur0kbo0OwHux4UfmRXhjMWYsxJJOST3rv/iTquXttKjbp++lwe/RR/M/lXn9eNjqnNU5V0Pscjw3ssP7R7y/LoFFFFcR7R3/wzsszX18w+6qwqfryf5LXocjbI2b0Fc/4IsfsXha2yMPOTM349P8Ax0Ctq8bbDt/vGvfwsOSlFHwWZ1va4qcvO33aGfWL4sufsvhi+YHBdBGPfcQD+hNbVcb8RLry9LtbYHBllLH3Cj/FhVV5ctKTM8DT9piYR8/y1POaKKK8E+5I522QSN6Ka5+trUG22b++BWLW9JaHNWetgooorUxMHxVLt0+KMdXkz+AB/wARXJV0PiyXNzbxf3ULfmf/AK1c9Xo4dWpo+ZzGXNiJeQUUUVscIUUUUAFFFFABRRRQAUUUUAFFFFABRRRQAUUUUAFFFFABRRRQAUUUUAFFFFABRRRQAUUUUAFFFFABRRRQAUUUUAFFFFABRRRQAUUUUAFFFFABRRRQAUUUUAFFFFABRRRQAUUUUAFFFFABRRRQAUUUUAFFFFABRRRQAUUUUAFFFFABRRRQAUUUUAFFFFABRRRQAUUUUAFFFFAG54Ym2X0sR6OmfxB/+uaqQJ9l10xdAsjJ+HOKj0ibyNWt2zgF9p/Hj+tXNbT7Prwl6Btsn9P6VFGXs8Sn6P7mevVXtsoXeEmvlJX/ADKWqJs1CT0OD+ldL8Opdus3UWfv2+78mH+NYWtpi5jf1TH5H/69aHgWXy/FMC/89Edf/Hc/0r0JrkxbXn+Z4MXel8jE1GLyNTu4f+eczr+RIroPFM0lxougu7bsQEZwOu1KzPFEXk+JtQTGMzF/++uf61f1z5/DGjP6KVx+A/wrndOLcrrVbeWp2UpP2cknul+Z698Cv+RIvf8AsIv/AOi469OrzT4HR7PA1w2c77+Rvp8kY/pXpdfkmcv/AG+r6np0P4aCiiivMNQooooAKKKKACiiigAooooAKKKKACiiigAooooAKKKKACiiigAooooAY/Wm05+1NqkUgrz74sWXm6PZXoGTDMYyfQMP8VH516DWD40sf7Q8IajEBlki81fXKHd/TH416WU1/YY6lU819z0f5mOJhz0pLyPAqKKK/XT5oKKKKACiiigAooooAKKKKACiiigAooooAKKKKACu/wDCfiX7Wq6fev8Av1GIpGP+sHoff+dcBSqzIwZSVYHIIOCDXPicNDEQ5ZfI6sJip4apzx+a7npnibw6mr2/nQALeRj5T/fH90/0rzSSN4pGjkUq6khlIwQR2r0fwv4kXVIRa3TAXiDr/wA9AO/19aj8VeGhqMZvbNP9LQfMg/5aD/GvKwmJnhZ/V6+3R/10PXxuFhi6f1nD79V/XU86ooIwcHrRXunzwUUUUAFFFFABRRRQAUUUUAFFFFABRRRQAUUUUAFFFFABRRRQAUUUUAFFFbfhzTPtd19pkX9zCeM/xN/9brWOIrxoU3UnsjfDYeeIqqlDdm/oWnf2fYguMTS/M/t6CtSiivgq1WVao6k92folCjGjTVOGyCuQ8Taj59wLONv3cRy+O7f/AFq3tZ1IadYllI85/ljHv6/hXBkliSTknkk17mSYLml9YnstvXueBn2O5Y/VoPV7+nYSiiivpz5MKKKKACiiigAooooAKKKKACiiigAooooAKKKKACiiigAooooAKKKKACiiigAooooAKKKKACiiigAooooAKKKKACiiigAooooAKKKKACiiigAooooAKKKKACiiigAooooA7TTZPO0y2fGB5YX/AL5+X+lWqyfD0ofT2jLZZJDx6KQMfrmtavm8THlqyXmfoWX1PaYWnLy/LQtqdyg+teofDa883Rrm0Jy0E24eysP8Qa8rgbKkeldp8Or3yPEL2xPy3MJAH+0vI/TdSwkuSsvMrNaftcHLy1+7/gHqtFFFe6fDmJ4tsP7R8M3kQGXRPNT6rz+oyPxrxavoQgEYIyDXheuaedL1u7s8YWOQ7P8AdPK/oRXl5hDVT+R9Pw/X0nRfr+j/AEM+iiivNPpDpPBOsf2VryJI+23uv3UmegP8J/P9Ca9gr57r2PwdrY1nRE8xs3VviOX1Po34j9c16eArb038j5nPsJtiI+j/AEf6fcdDRRRXpnzQUUUUAFFFFABRRRQAUUUUAFRXVzFZ2stzO22KJC7H2FS1wXxF1vy4Y9Hhb5pMST47L/Cv4nn8BWVaqqcHJnTg8M8TWjTXXf0OD1O/k1PU7i9l+/M5bHoOw/AYFVKKK+fbbd2foEYqMVFbIKnsrV72+gtY/vzSKg/E4qCus+Hun/a/EP2lhlLWMv8A8CPA/mT+FVShzzUe5jiq3saMqnZHqsMSQQRwxjCRqFUegAwKp3r5lC/3RV8nAyayZG3yM3qa+jR+eN3G15n8QLrztcjtwflghGR7k5/livTK8Y167+3a7e3AOVaUhT/sjgfoBXHjpWpqPc9jJKfNXc+y/P8ApmdRRRXkH1Zn6q2I409Tn/P51l1d1N83IX+6tUq6YK0TkqO8mFFFFWZnEeIZfN1mYdkAUfl/iay6mu5fPvJpf77s35moa9WCtFI+QrT56kpd2FFFFUZBRRRQAUUUUAFFFFABRRRQAUUUUAFFFFABRRRQAUUUUAFFFFABRRRQAUUUUAFFFFABRRRQAUUUUAFFFFABRRRQAUUUUAFFFFABRRRQAUUUUAFFFFABRRRQAUUUUAFFFFABRRRQAUUUUAFFFFABRRRQAUUUUAFFFFABRRRQAUUUUAFFFFABRRRQAUUUUAFFFFABRRRQAUUUUAKrFHDDqDkV0PiOMzpZ3EaljINoAGSc4IH862/hZHZ3OsXtvdWkE7+SJY2ljVtm04OMjjO4flXr6IqKFRQqjoAMV5eLxvsqqXLt+p7+X0ufB1Kbek7fJpnhF/ouq3llbSw6ZeynHOyBm6j2FX/Dfg/xFba5Z3cmlyJEknzs7KuByDwTmvaqKmtndWpU9oopP/Izp5LSjHlcmzy7xD8PNY1jXZry3e1jjkVf9bIQchQOwPpV6T4c3V5oVlYXOoQxS25yzxxlwevAzj2r0Oiuaea4mTbTSv5HVTy2hBW1fzGfDXSf+Ef0a50nzxP5c5l8zZtzu46ZP90fnXbVzHhtsapdJ6pn9f8A69dPXw2a3eLlJ9dSK1ONOXLBaBRRRXnGQUUUUAFFFFABRRRQAUUUUAFFFFABRRRQAUUUUAFFFFABRRRQAUdKaWAppJNOw7AxzSUUVRQU10WSNo3GVYEEHuDTqKNgPm3ULRtP1K6s3zuglaMk98HFVq6/4k6f9i8XSzAYS6jWUemfun9Vz+NchX7JgsR9Yw0K38yT/wAz5erDkm49gooorqMwooooAKKKKACiiigAooooAKKKKACiiigAooooAfFLJBKksTskiHKspwQa9O8OeII9attkm1LuMfvEHcf3h7fyry6prS7msbqO5t3KSxnII/z0rjxmEjiIW6rZndgcbLDTv9l7o7Xxb4a80PqVin7wczRqPvD+8Pf1rhK9Z0LW4dasvMXCzJgSx/3T7exrlvFvhr7OX1KyT9yTmaMfwH1Ht/L+XDgcXKEvq9fRrb/L/I78wwUakfrNDVPf/P8AzOPooor2jwgooooAKKKKACiiigAooooAKKKKACiiigAooooAKKKKACiigAkgAZJ7UDJ7O0lvbpLeIZZj17Aepr0G0tY7O1jt4hhUGPqfWs/QtKGn2u+Qf6RIMt/sj0rWr47Nsf8AWKnJD4V+L7/5H22T5f8AVqftJr35fgu3+YUyWVIYmlkYKijJJ7Cn1yPiPVvtEhs4G/dIfnYfxH0+grjwWEliqqgtur7I7cdjIYSi6kt+i7szNU1B9RvWmOQg4RfQVSoor7qnTjTgoRVkj8/qVJVZuc3dsKKKKszCiiigAooooAKKKKACiiigAooooAKKKKACiiigAooooAKKKKACiiigAooooAKKKKACiiigAooooAKKKKACiiigAooooAKKKKACiiigAooooAKKKKACiiigAooooAKKKKANvw3KRcTw8YZA/wCIOP8A2Y10dcdpEnlarbtjOW2f99DH9a7GvEzGFqql3R9lkFXmwzh/K/z/AKY+Jtrj34rX0e9/s7WbO7zgRSqzf7uef0zWLVtG3KDXnXaaaPfUVOLg9mfQvUZFFZHhi+/tHw3Yzk5fywj/AO8vyn+WfxrXr6KMlKKkup+e1KbpzcHunYK84+JWm7Lm11JF4kHkyH3HK/pn8q9HrJ8S6Z/a2gXVqq5l274v94cj8+n41liKftKbidWXYj6viYze2z9GeI0UUV4B98FbHhnW30LWI7jJMD/JMo7qe/1HX/8AXWPRVRk4tSRnVpxqwcJ7M+gopEmiSWNg8bgMrA8EHoadXnXgLxMIyujXj/Kx/wBGc9j/AHP8Py9K9Fr36NVVYcyPgsZhZ4Wq6cvl5oKKKK1OUKKKKACiiigAoopCQqlmIAAySe1AFPVtTg0fTJr2c/LGOF7s3YD614hfXk2oXs13cNullYsx/p9K3vGXiP8AtvUPJt2P2K3JCf7bd2/w9vrXM14uMr+0lyrZH2eUYH6vS55r3pfgu3+YUUUVxnsBXrHw+037H4e+0sMSXbl/+Ajhf6n8a8vsLOTUL+C0i+/NIEHtk9a94t4I7W2it4hiOJAij0AGBXoZfTvJzfQ+fz/EctKNFddfkv8Ag/kNun2QN6nis2rV6+ZAg/hFVa9c+TKWrXn2DSLu6zgxxMV/3scfrivFK9M8f3nkaHHbA/NcSgEf7K8n9dteZ15OOneaj2PqskpctBz7v8v6YUUU122IzHooJrhPaMO7ffdyH/ax+XFQ0E5OT1NFdaVkcLd3cKrahN5Gn3EvdYzj644qzWP4lm8vSSmeZXC/1/pVwV5JGOInyUpS7I4yiiivVPkAooooAKKKKACiiigAooooAKKKKACiiigAooooAKKKKACiiigAooooAKKKKACiiigAooooAKKKKACiiigAooooAKKKKACiiigAooooAKKKKACiiigAooooAKKKKACiiigAooooAKKKKACiiigAooooAKKKKACiiigAooooAKKKKACiiigAooooAKKKKACiiigAooooAKKKKACiiigDrfhvdG38a2qD7s6SRN9Npb+aivca+dfDdybTxNpk4faFuo9x/wBksAf0Jr6Krws1jaqpd0fQZTK9Jx7MKKKK8s9QKKKKALOgNt1yZT/FEcfmDXVVyGjnb4iQc/MpH/jv/wBauvr5rNlbEX8kcWLXvr0CiiivMOUKKKKACiiigAooooAKKKKACiiigAoopMj1oAWik3Ck3+gp2HYdRnFRliaSiw7Dy47U0kmkop2CwUUUUxhRRRQAUUVU1DU7HSrcz311Fbxju7Yz9B1J9hVQhKclGKu2JtJXZxPxW07ztHtNQVctbylG/wB1h1/MD868lr0Xxf8AEK01XTrjS7C0MsMuA083HQg5Vevbqfyrzqv1Dh6jiKOCVPERs03b0ev53PAxsoTq80HcKKKK9w4wooooAKKKKACiiigAooooAKKKKACiiigAooooAKKKKALWnahcaXepdWzYdeoPRh3B9q9U0rVLbWbATw9D8skZ6qe4NeQ1oaPq9xo96LiE5U8SRk8OP8968/HYJYiPNH4kell+PeGlyy+F/h5mt4p8NnTJTeWik2bnlR/yzJ7fSuZr2K0u7TWNOE0WJIJVIZWH5givO/Enh59GufNiBazkPyN1Kn+6axwGNcv3NX4l+P8AwTfMcAofv6Pwv8P+AYNFFFeseMFFFFABRRRQAUUUUAFFFFABRRRQAUUUUAFFFFABXR+GtJ8xxfTr8qn90D3PrWZpGmtqV4EORCnMje3p9TXeIixoqIoVVGAB2FeDnOP9nH2FN6vfyX/BPocky72svrFRe6tvN/8AA/MdRRWXrWrLptvtQg3Dj5F9Pc181RozrTVOCu2fVV60KFN1KjskVPEGs/ZUNpbt++YfOwP3B/jXIU53aR2d2LMxySepNNr7jBYOGFp8kd+r7nwOOxs8XV55bdF2Ciiius4gooooAKKKKACiiigAooooAKKKKACiiigAooooAKKKKACiiigAooooAKKKKACiiigAooooAKKKKACiiigAooooAKKKKACiiigAooooAKKKKACiiigAooooAKKKKACiiigAooooAUEqwZSQQcgjtXdxyCWJJVGFdQwHoCM1wdddok3naVH1zGShJ9uf5EV52ZQvTUux9Bw9V5a8qfdfkaFTQN1X8ahpVbawNeKz7CLsz1L4aX++2vNPY8owlQex4P8AIfnXe14z4M1Aaf4mtXLYjmPkv9G6frivZq9fAz5qVux8lnVD2eKcltLUKKKK7DyDxrxjpX9leIp1VcQz/vo+OMHqPwOf0rAr1jx9pH9oaH9qjXM1mS/HdD97+h/CvJ68HFUvZ1GujPusrxP1jDJvdaMKKKK5z0RQSpBBII5BFepeDvF66nGmn37hb1RhHJ/1wH/s3868spVZkdXRirKcgg4INbUK8qUro48bgqeLp8kt+j7H0HRXn/hrx8hVLPWW2sBhbnHB/wB7/H8/Wu+jkSWNZI3V0YZVlOQR7GvbpVoVVeLPicVhKuGny1F8+jHUUUVqcwUUVDdXdvZW7T3UyQxL1dzgUN21Y0m3ZE1eceNvFwuN+ladJmLpPKp+9/sg+nr61V8UeOZNSV7LTd0VoeHlPDSD09h+p/SuMrysVjOZclP7z6fK8ocGq1da9F+rCiiivOPowoopQCSABknoBQB23w40vz9Sm1J1+S3XZGf9tuv5D+demMQqlj0AzWV4b0r+xtCtrQgCXG+X3c8n8un4VdvJNsYQdW/lXv4al7Omo9T4LMcT9YxEprbZei/q5Rdi7lj1JzSUU13WNGdzhVBJPoK6DgPNPH179o11LYH5baMAj/abk/ptrlKs6hdtf6jcXbZzLIz/AEBPAqtXz9WfPNyPvMLS9jRjT7IKrX77LN/VuKs1naq/Ecf1Y1MFeSNZu0WZlFFFdRxhXLeK5sz28AP3VLn8eP6V1NcLrk/n6xOQeFOwfhx/PNdGGjedzzs0ny0OXuzOooorvPnAooooAKKKKACiiigAooooAKKKKACiiigAooooAKKKKACiiigAooooAKKKKACiiigAooooAKKKKACiiigAooooAKKKKACiiigAooooAKKKKACiiigAooooAKKKKACiiigAooooAKKKKACiiigAooooAKKKKACiiigAooooAKKKKACiiigAooooAKKKKACiiigAooooAKKKKACiiigBQSCCCQR0Ir6XtLhbuyguUIKTRrIpHcEZr5nr6A8FXQvPBulyDPywiLn/AGCU/wDZa8nNY+5GX9f1oevlErTlHy/r8zeooorxD3QooooANPbZ4gtz65H5giuvyfWuLhO3WrQ+rr/OuzrwM3X72L8jmxa1T8hdx9aXeabRXkWOSw7efajefSm0UWFYdv8Aajf7U2iiwWHb/ajf7U2iiwWHbzRvNNoosOwu4+tGT60lFABRRRTAKKKKACiiigAooooAKKr3N9a2gzPOiexPP5daxbrxXCmVtYWkP95+B+XX+Va06FSp8KNadGpU+FHRVQvNYsbLIkmDOP4E+Y//AFvxrkLvWb68yJJyqH+BPlH/ANf8aoV3U8v6zf3HbTwHWb+437zxTcS5W1QQr/ePzN/gK8p8TPPJrs7zyySFsMrOxJxj/HNdvXKeLYcXFvOB95Sh/A5/rX02QRp0cTyxW6a/X9DjzvCwWE5oLZr/ACOcooor7U+NCiiigAooooAKKKKACiiigAooooAKKKKACiiigAooooAKKKKACiiigDW0DXJtFvNwy9u5Alj9R6j3r0z/AETWNN/hmtZ0/Mf0P8q8dre8NeIX0a58qUlrOQ/OvUqf7wry8fgva/vafxL8f+Cevl2P9l+6q/A/w/4BX1/Q5tFvNhy9u5Jik9R6H3rJr2G7tLTWNOMUuJIJQGVlP5EGvLtY0m40e9a3mGVPMcgHDiqwGN9suSfxL8SMxwHsH7SHwP8AAz6KKK9I8sKKKKACiiigAooooAKKKKACiiigAqSCGS4nSGJdzucAVHXWeGNN8qI30q/O4xGD2X1/GuTG4qOFouo9+nqduAwksXWVNbdfQ19OsI9Os1gTk9Xb+8fWrdFQ3VzFZ27zzNhFH5+wr4aTnWnd6yZ9/GMKNOy0il+BDqWoRabamV+WPCJ/eNcFc3Mt3cPPM252OT/hU2o6hLqN000nA6IvZRVSvscty9YWF5fE9/8AI+JzTMXi6lo/AtvPzCiiivTPJCiiigAooooAKKKKACiiigAooooAKKKKACiiigAooooAKKKKACiiigAooooAKKKKACiiigAooooAKKKKACiiigAooooAKKKKACiiigAooooAKKKKACiiigAooooAKKKKACiiigAooooAK3vDc3zzwHJyA454GOD/ADH5Vg1d0ibydUgY9GbYecDnj+ufwrHEQ56UonZgK3scTCfn+D0Oxooor5o/QyxbyEYIJDKcgivetGvxqmj2l6OssYLY7N0YfmDXz+jbWB/OvVPhrqXm2Vzpzt80TebGP9k9fyP867MDPlqcvc8nOqPtMOqi3i/wf9I7qiiivXPkhGVXRkYAqwwQe4rxDxDpLaLrU9oQfLB3RMe6Hp/h9RXuFcn480Q6lpH2yFc3FoC2B1ZP4h+HX8D61yYyj7Sndbo9bJ8X7Cvyy+GWnz6Hk9FFFeIfahRRRQAVpaXr2paO2bK6dEJyYz8yH8DWbRTjJxd0yJwjOPLNXR3tp8TZ1UC806Nz3aKQr+hz/Orp+JtnjjTp8/74rzWiulYysup58snwcnfk/FncXvxKvZVK2VlFBn+KRi5/oP51yWoapfapN5t7cyTN23HgfQdB+FVKKyqVqlT4mdNDBUKH8OKX5/eFFFFZHUFFFFABXUeBdH/tPXVuJFzb2mJGz0Lfwj8+fwrmACzBVBJJwAO9e0+F9FGiaJFAygXD/vJj/tHt+HSurB0faVLvZHlZvi/YYdxXxS0X6m1WXPJ5spbt0H0q7dy7Ito6txWdXuHxIVg+Mb/7D4buNrYefEK/j1/TNb1ec/ELUPO1KCxU/LAm9x/tN/8AWx+dYYmfJSbO3LaPtsTFdFr9xxtFFFeGfbBWLqD77tvRflrZYhVLHoBmuddi7sx6k5rWktbmNZ6WEooorc5hk0ohgklb7qKWP4CvOXcu7OxyzHJrtPENx5GkSAH5pSEH8z+gNcTXbhY+62eDm1S84w7fqFFFFdR5IUUUUAFFFFABRRRQAUUUUAFFFFABRRRQAUUUUAFFFFABRRRQAUUUUAFFFFABRRRQAUUUUAFFFFABRRRQAUUUUAFFFFABRRRQAUUUUAFFFFABRRRQAUUUUAFFFFABRRRQAUUUUAFFFFABRRRQAUUUUAFFFFABRRRQAUUUUAFFFFABRRRQAUUUUAFFFFABRRRQAUUUUAFFFFABRRRQAV7R8Lboz+E2hb/l3uXQfQgN/NjXi9en/CK5P/E1tS3H7uRV/wC+gT/6DXDmMb4dvtY78tly4hLvc9Pooor5w+lCiiigCrNIYL2CYDJQhgPXBzXS2WvWN4APM8qQ/wAMnH69K5i94eM/WsyuDHYaNa19zR4eNaOp6bRXntrqd5Z4EFw6qP4TyPyNbFv4skXAubdW/wBqM4/Q1408BUj8OpyTwNSPw6nVUVkweI9OmxukaI+jr/UZrQivLaf/AFVxE/8AuuDXLKlOPxI5ZUpx+JE1FFFQQFFFFABRRRQAUUUjMqjLEAepNAC0VVl1Kxhzvu4QR23gn8qpS+JdNj+7I8h/2EP9cVpGjUltFmkaVSWyZr0VzU3i1ekFqT7u2P0FZ0/iXUZeFdIh/sL/AI5reOCrS3VjeOCqy3VjtSQBkkADuao3Gs6fbZD3KM3onzH9K4aa6uLg5mmkk/3mJqKumGXL7TOiGXr7TOpuPFiDItrYn/akOP0H+NY9zruoXWQ05jU/wx/L/wDXrOorrhhqUNkdcMNShshSSSSTknuaSimSTRxD53A9q6IxcnaKLq1adKLnUkkl1eiH0jMFGWIA9TVGXUe0S/i1U5JXlOXYk16FHLqk9Z6L8T5PMOMcHQvHDL2kvuX39fkvmXptQVeIhuPqelYGuF57TzHYkowP4dKvVDdx+baSp3KnH1r2cLh6dCScV8z4fE57jMbWjKvP3U9lovu/zucrRRRXvHrhRRRQAUUUUAFFFFABRRRQAUUUUAFFFFABRRRQAUUUUAFFFFABRRRQAUUUUAdP4V8SHTZRZ3bZs3Pysf8AlmT3+nrXb6rpdtrNgYJu/wA0cg6qexFeQ12HhLxL9nKabev+6PEMhP3PY+38v5ePj8HK/wBYo/Et/wDM9vLsdFr6vX1i9v8AI5nUdPuNLvXtblcOvQjow7Ee1Va9Y13RIdasvLbCzpkxSf3T6H2NeW3drNZXUlvcIUlQ4IP+eldWCxkcRDX4lucmPwMsNPT4Xt/kQ0UUV3HnhRRRQAUUUUAFFFFABRRRQBd0qwOoX6Q8+WPmkPov+eK9AVVRQqgBQMADsKyPDth9j08SuMSzYY+w7D/PrWxXxmbYv29flj8MdP8AM+6ybB/V8PzS+KWr/RATgZPSuI17VTqFz5cTf6PGcL/tH1rW8S6p5EX2KFv3kg/eEdl9Px/lXJV6OS4Gy+sTWvT/ADPLz3MLv6tTenX/ACCiiivoj5kKKKKACiiigAooooAKKKKACiiigAooooAKKKKACiiigAooooAKKKKACiiigAooooAKKKKACiiigAooooAKKKKACiiigAooooAKKKKACiiigAooooAKKKKACiiigAooooAKKKKACiiigAooooAKKKKAO5tpxc20U4IO9QTjoD3H4HIqWsjw9P5lg0JJJibj2B5H67q16+axFP2dWUT9EwNf2+HhU7r8eoV0HhDVf7L1+1mdsRlvLk9NjcZP04P4Vz9KrbWBrKLcWpLodM4KcXCWz0Po+isPwlqo1fw7bTM26WMeVL/vL3/EYP41uV9BCSlFSXU+Cq05UpuEt0FHUYNFFUZnjnjDQTomrsYkxaT5eEjoPVfw/kRXPV7jr2jRa5pUtnJgP96Jz/A46H+n0NeKXdrNZXcttcIUliYqynsa8TF0PZzutmfa5TjvrNLlk/ejv5+ZDRRRXIesFFFFABRRRQAUUUUAFFFFABRRVzStMn1fUYbK3HzyHlj0UdyfYU0m3ZEykoRcpOyR03gDQft2oHUp0/0e2P7vPRpO35dfrivUicDJqrpunwaXp8NlbriOJcD1J7k+5PNF5NtXyx1PX6V72HoqlDl6nwePxbxVZz6dPQqzyebKW7dB9KjooroOEZLKkMLyyMFRFLMT2A614nqN42oajcXb8GWQtj0HYflXpHjnUvsWhm3RsS3R2f8AARy39B+NeXV5ePqXkoLofTZHQ5acqz66L0/r8gooorzz3itfyeXaN6t8orErQ1WTLpGOwyaz66KatE5arvIKKKK0MjlvFdxungtweFUufqen8v1rnauarcfatUuJc5G7av0HA/lVOvTpR5YJHyeLqe0rSkFFFFaHOFFFFABRRRQAUUUUAFFFFABRRRQAUUUUAFFFFABRRRQAUUUUAFFFFABRRRQAUUUUAFFFFABRRRQAUUUUAFFFFABRRRQAUUUUAFFFFABRRRQAUUUUAFFFFABRRRQAUUUUAFFFFABRRRQAUUUUAFFFFABRRRQAUUUUAFFFFABRRRQAUUUUAFFFFABRRRQAUUUUAFFFFABRRRQAUUUUAFdt8LblYPFxiZsefbOijPUghv5Ka4mt3wZdCz8Y6XKc8ziP/vsFP/ZqxxMeajJeRvhpctaL80fQNFFFfKH1oUUUUAU77on41zhvnjldHUMAxHHFdLfD5EPvXI3P/H1N/vn+ddWGpQq3U1c+b4nx+JwVKlUw83F3fz9U9DQS+hfqSp9xVhXVxlWBHsawqUEg5BwaqeWQfwOx4+F43xMNMRTUvTR/qvyN2isdbqdOkhP15qZdRkH3lU/pXJPLay2sz36HGeX1P4ilH5XX4f5GvHc3EX+rnlT/AHXIqwur6gnS8m/Fs/zrFXUU/ijYfQ5qQX0B6sR9RXLPA1V8UP1PUp55lVbarH56fnY2xr+pg5F0fxRT/Sl/4SHVP+fr/wAhr/hWOLqA9JV/GnCWM9JEP/AhWDwiW8PwOyFfBVPglF+jRqnxBqhGDdH8EUf0pja1qTdbuT8OP5VnhlPRh+dG4eoqfYQX2V9xuo0d0l+BafUL2T793OfYyGq7MznLMWPqTmm7h6iguo6sPzq1C2yL5qceqQtFMM0Q6yJ/30KYbuAdZB+HNaKlUe0X9xhPHYWn8dWK9Wv8yaiqrX8A6bj9BUbakP4Yz+JrWODry2iefW4iyul8VZP0u/yuXqKy21CZum1foKheeV/vSMfbNdMMsqv4mkePiONsFDSjCUn9y/z/AANZ54o/vOo9qryaig+4pb3PFZtFddPLaUfi1PnsXxnjqulFKC+9/jp+BYkvJpP4to9F4quTk5NFFd0KcIK0VY+YxOMxGKlzV5uT82FFFFWc4UUUUAcncR+VcSR/3WIqOr+rx7L9j2dQ39P6VQr14S5opn1tCfPTjLugoooqzUKKKKACiiigAooooAKKKKACiiigAooooAKKKKACiiigAooooAKKKKACiiigDu/CXiXzQmm3z/vBxDIx+8P7p9/StbxH4fj1m23xhUvIx+7c/wAQ/un2/lXlwJBBBwRXovhXxKNRjFleP/paD5XP/LUf414mNwsqE/rFD5/127nv4DFwrw+q4jXt/XfseeyxSQSvFKjJIhwysMEGmV6T4o8NrqkJu7VQLxByP+egHb6+lebsrIxVgVYHBBGCDXo4TFRxEOZb9UeZjMJPDVOV7dGJRRRXUcYUUUUAFFFFABV/R7L7fqUcRGY1+Z/oP84/GqFdj4Xs/JsGuWHzzHj/AHR/9fNcGZYn6vh5SW70R6OV4X6ziYxey1fojdqtf3qWFnJcPztHyj+8ewqzXF+I9R+13vkRtmGE447t3P8ASvlMvwjxVZRey1Z9hmWMWEoOa+J6L1/4BkzzSXE7zStudzkmo6KK+5SSVkfn7bbuwooopiCiiigAooooAKKKKACiiigAooooAKKKKACiiigAooooAKKKKACiiigAooooAKKKKACiiigAooooAKKKKACiiigAooooAKKKKACiiigAooooAKKKKACiiigAooooAKKKKACiiigAooooAKKKKACiiigDT0G48nUlQkBZQU59eo/HIx+NdXXBo7RyLIhKspBBHYiu5ilWeFJVGFdQwGc4z2ryMyp2kpo+r4er3hKi+mq/r+tx9FFFeWfSHb/DbWfsesPp0rYiux8mezjp+Yz+les185QzSW88c0TFZI2Dqw7EHINe96Fq0etaRb3qYBdfnUfwt0I/PNepgal4uD6HzOd4flmqy2ej9f8AhvyNKiiiu88IK5Dxt4X/ALWtvt9mmb2FfmUD/WqO31Hb8vSuvoqKlONSLjI3w+Inh6iqQ3R89kEHBGCKK9H8Z+DjOz6npcWZOWngUfe/2lHr6jv9a84rwa1GVKXLI+6wmLp4qnzw+a7BRRRWR1BRRRQAUUUUAFFFKqs7qiKWZjgADJJoELHG8sixxqWdiFVVGSSe1eweEfDa6DYb5gDezAGVuu0dlH9ff8Kz/BvhH+zFXUNQQfbGH7tD/wAsh/8AFH9K7IkAZPSvWweG5PfnufJ5vmXtX7Ck/dW77/8AAGSyCKMsfwHrWWzF2LN1NS3E3nPx90dKhr0TwAoorK8RaoNI0Se5BAlI2Rf7x6fl1/CplJRTky6dOVSahHdnnnjLU/7R1+VUbMNv+6T0JH3j+f8AIVz9BJJyeTRXgTm5ycn1PvKNJUqapx2QUUVDdSeVbO3fGB9alK5o3ZXMe6k825d+2cD6VDRRXUlY4m7u4VV1K5+yadPNnBVcL9TwKtVzviu52wwWwPLHe30HA/r+VaU4800jnxVX2VGUjlqKKK9Q+SCiiigAooooAKKKKACiiigAooooAKKKKACiiigAooooAKKKKACiiigAooooAKKKKACiiigAooooAKKKKACiiigAooooAKKKKACiiigAooooAKKKKACiiigAooooAKKKKACiiigAooooAKKKKACiiigAooooAKKKKACiiigAooooAKKKKACiiigAooooAKKKKACiiigAooooAKKKKACiiigAqa0uGs7yC5T78MiyL9Qc1DRQ1fQadtUfTqsGUMDkEZBpay/Ddybvwzpk7NvZrWPc3qwUA/rmtSvkJR5ZNdj7KMuaKl3CiiipGVr7/Ur/AL1cnfDF7KPfP6V1t5/qPxrk9Qz9ulyPT+QrswXxv0PluMI3wEJdpr8mVqKKK9M/NgooooAKKKKACiiigAooooAKKKKACiiigAooooAKKKKACiiigAooooAKKKKACiiigDI1yP5YZfQlT/n86xq6PVY/MsH9VwwrnK9LDSvTt2Po8snzULdgoooroO8KKKKACiiigAooooAKKKKACiiigAooooAKKKKACiiigAooooAKKKKACiiigAp0cjxSLJGxV1IKsDggjvTaKBnp3hnxEmr2/kzkLeRj5h/fH94f1qh4s8Nfa1bULKP9+ozLGo/1g9R7/wA64W3uJbS4SeCQpKhyrDtXqHh/XodatM8JcoP3kef1HtXg4mhPB1Pb0fh6r+uh9DhcRDHUvq9f4uj/AK6nlVFdr4t8M7d+pWMfy9ZolHT/AGh/X864qvXw+IhXhzxPFxOGnh6jhP8A4cKKKK3OcKKKKAJbeFrm5jhT70jBR+NejRRrDCkSDCooUD2Fcj4WtfN1B5yOIV4+p4/lmuxr5TPa/NWVJfZ/N/8AAPsOH8PyUXWe8n+C/wCCZut3/wBg05mU/vZPkT2Pr+FcHWr4gvvtmpMqnMUPyL9e5/P+VZVexlWF9hh038UtX+h4mcYv6xiGl8MdF+rCiiivTPKCiiigAooooAKKKKACiiigAooooAKKKKACiiigAooooAKKKKACiiigAooooAKKKKACiiigAooooAKKKKACiiigAooooAKKKKACiiigAooooAKKKKACiiigAooooAKKKKACiiigAooooAKKKKACiiigAooooAK6fw9cebYtCesLcfQ8j9c1zFaGiXH2fU4wfuy/uzx69P1xXPiqftKTR6GWYj2GKjJ7PR/M66iiivnD78K7j4d62bS+k06Rvkm+eMH+8Oo/Efyrh6khmkt545omKyRsGVh2I6VpSqOnNSRz4qgsRSdN9fzPopHEiBlPBp1c94f1pNR02G8j+64xIg/hYdR/ntXQKwZQQcg17yaauj4acXCTjLdC0UUUyQrjvFHgeLUy95p22G8PLR9ElP8AQ+/f9a7Gis6lONSPLJG+HxNTDz56bszwG6tLixuHt7qF4pUOCjjBqGvdtU0aw1iDyr23WQD7rdGX6HqK4XU/htOjF9MulkTtHP8AKw/EcH9K8qrgZx1hqj6rC53Qqq1X3X+H9epwdFa9z4W1y0JEmmXBx3jXePzXNVP7I1L/AKB13/35b/CuR05rdHqxr0pK8ZJ/Mp0Vs2vhTXbtgI9MnXPeUeWP/HsV0+l/DVyyyapdgL1MUHJP1Y/4VpDD1Z7I562YYaivemvlqziLHT7rUrpbazgeaVuyjoPUnsK9S8MeDbfRQt1dbZ77HB/hj/3ff3re0/TLLSrfyLK3SFO+0cn6nqat16eHwcafvS1Z81j84qYhOFP3Y/iwqjdXG8+Wh+XufWlubnOUjPHc1UrtPGCiiimIK8y8dat9t1UWUTZhtcg47uev5dPzrufEOrLo2jzXOR5p+SIernp+XX8K8cd2kdndizMcknqTXn46rZezR7+SYXmk68umiEoooryz6UKzdUl+5EP94/0rSrAuZfOuHfsTx9K0pq7uZVXaNiKiiiug5Qrg9ZuvteqzODlFOxfoP8mux1O6+x6dNMDhguF+p4Fef114WO8jxs2q6Rpr1Ciiiuw8QKKKKACiiigAooooAKKKKACiiigAooooAKKKKACiiigAooooAKKKKACiiigAooooAKKKKACiiigAooooAKKKKACiiigAooooAKKKKACiiigAooooAKKKKACiiigAooooAKKKKACiiigAooooAKKKKACiiigAooooAKKKKACiiigAooooAKKKKACiiigAooooAKKKKACiiigAooooAKKKKACiiigD3H4bXK3Hgu2QNloJJI256HcW/kwrra85+Ed0H0vUbPnMUyy/99Lj/wBkr0avl8ZHlryXn+Z9Xgpc2Hg/L8tAooormOkgu/8Aj3P1FcrqYAvPcoD/ADH9K6u65tn/AA/nXJ6oCNQDHG0xKB+BbP8AMV14P+IeBxTDmyuT7Nf5fqVKKKK9Q/LAooooAKKKKACiiigAooooAKKKKACiiigAooooAKKKKACiiigAooooAKKKKACiiigBkqebC8Z/iUiuSIwcGuwrl76Pyr2Zf9rI/HmuzCS1aPYymesofMr0UUV3HtBRRRQAUUUUAFFFFABRRRQAUUUUAFFFFABRRRQAUUUUAFFFFABRRRQAUUUUAFFFFABVmxvrjTrtLm2crIh/Aj0PtVailKKkrPYqMnF3W565o+r2+tWImiwHHEkROSh/wrjvFfhr7C7X9kn+jMf3iAf6s/4fyrB0rVLjSL1bm3PTh0J4cehr1Owv7XWdPE0WHjcbXRucHupFeBVp1Mvq+0p6wf8AVv8AI+ipVKeZUfZ1NJr+r/5o8forovE/hxtJnNxbqWs5Dx/0zPofb0Nc7XuUqsKsFOD0PArUZ0ZuE1qgoopVBZgoGSTgCtDM7Twzb+TpIkI+aVi34dB/L9at6vefYdNllBw5G1P94/5z+FWbaEW9tFCvSNAv5CuX8V3fmXUVqp4jG5vqf/rfzr4vDw+u4672bv8AJf1Y+5xM/qGX2W6SS9X/AE2c9RRRX2h8KFFFFABRRRQAUUUUAFFFFABRRRQAUUUUAFFFFABRRRQAUUUUAFFFFABRRRQAUUUUAFFFFABRRRQAUUUUAFFFFABRRRQAUUUUAFFFFABRRRQAUUUUAFFFFABRRRQAUUUUAFFFFABRRRQAUUUUAFFFFABRRRQAUUUUAFFFFAHbWNyLyyinz8zD5un3hwf1qxXPeHLrEklox4b50HuOv6fyroa+dxVL2VVrofoGWYn6xhoze60fqv6uFFFFcx3nUeCdb/s3UvsczYtrkgZPRX7H8en5elerQTtCfVT1FeA16r4Q17+19O8iZs3duAr56uvZv8f/AK9elgq3/Lt/I+cznB6/WIfP/M7lHV1DKcinVlRyvE2VP1HrV+K5SXj7rehr0T58mooooAKKKKACiiigAooqCW6jj4B3N6CgCYsFBJOAKoz3RkyqcL6+tRSzPKcseOwHSo6YgooooAKKK5fxpr39maf9jgbF1cLjIPKJ3P49B+PpUVJqnFyZtQoyr1FThuzkfGGt/wBrasY4Wza2+UTHRj3b/PYVztFFeDObnJyZ9zRpRo01TjsgoooqDUr3svlWrEHlvlFYdXdSm3ziMdEH61SrppqyOWrK8gooprusaM7nCqCSfQVZkcz4qu8vFaKeF+d/r2/r+dc5U95cteXktw3V2yB6DsPyqCvUpx5YpHyWKre2quYUUUVZgFFFFABRRRQAUUUUAFFFFABRRRQAUUUUAFFFFABRRRQAUUUUAFFFFABRRRQAUUUUAFFFFABRRRQAUUUUAFFFFABRRRQAUUUUAFFFFABRRRQAUUUUAFFFFABRRRQAUUUUAFFFFABRRRQAUUUUAFFFFABRRRQAUUUUAFFFFABRRRQAUUUUAFFFFABRRRQAUUUUAFFFFABRRRQAUUUUAFFFFABRRRQB6B8Jrox69e2v8Mttv/FWGP0Y169XhHw9uTbeNrD5tqyb4298qcD88V7vXz+ZxtXv3R9Hlcr0LdmFFFFeceiRXHNu/wBK5TWDi8tv9pH/AEK/411s3MD/AO6a5DXVxc2MmeNzpj6jP/stdWD/AIy+f5HlZ/DnyusvJP7mipRRRXqn5EFFFFABRRRQAUUUUAFFFFABRRRQAySWOLbvYLuO0Z7mn1h63ITcRRg/dXP5/wD6q1LG4+02iSfxdG+taypNQU+51VMM4UY1e/8ASLFFFFZHKFFFFABRRRQAUUUUAFFFFABRRRQAVg61Htu1fs6/qP8AIrerL1uPdbxyf3Wx+f8A+qt8PK1RHbl8+XELz0MOiiivTPpQooooAKKKKACiiigAooooAKKKKACiiigAooooAKKKKACiiigAooooAKKKKACiiigAooooAK09E1qfRb0Sx5eJuJI88MP8azKKicI1IuMldMunUlTkpwdmj2KKWz1jTg67ZraZcEEdfY+9ebeIdAl0W6+XL2sh/dyH+R9/50vh3X5NFu8Pl7SQ/vE9P9oe/wDOvSJobTWNOKNtmtplyGH6Eehrwv3mXVu8H/X3n0X7vM6Paa/r7n+B47V7R4fP1e2Ttv3H8Of6VLrejT6LemGTLRNzFJjhh/jVnwrFv1RnI4jjJ/EkD/GvUxVeKws6sXpZ2PIwmHk8XClNa3VzsWYKpZjgAZJrzi7uDdXk07dXYn6DtXba9cfZtHnIPzOPLH49f0zXB15WQUbQlVfXQ9fiKvecKK6ahRRRX0J80FFFFABRRRQAUUUUAFFFFABRRRQAUUUUAFFFFABRRRQAUUUUAFFFFABRRRQAUUUUAFFFFABRRRQAUUUUAFFFFABRRRQAUUUUAFFFFABRRRQAUUUUAFFFFABRRRQAUUUUAFFFFABRRRQAUUUUAFFFFABRRRQAUUUUAFFFFAElvO9tcRzJ95GBHv7V3EciTRJJGco4DD6GuDro/D13vge0Y/NH8yf7p6j8/wCdefmFHmhzrdHvZFivZ1nSltL8zbooorxD7EKt6ZqM+lahFeW5+dDyD0YdwaqUU02ndEyipJxlsz23TdRg1Wwiu7dso45HdT3B96t15J4Z8QyaFe/Pl7SU4lQdv9oe/wDOvWIZo7iFJoXV43G5WU5BFe3h66qx8z4zH4KWFqW+y9izHdSR8Z3D0NWUvUP3lK/rVCiug4DTFxCf4x+NL58X/PRfzrLooA0jdQj+LP0FRPfD+BD9TVKigCWS4kk6tgegqKiigAooooAKKKjnnitoHnmcJFGpZmPQCgaTbsivqmpQaTp8l3cH5UHyr3ZuwFeO6hfz6nfS3dw2ZJDn2A7AewrR8S+IJNdv8rlbWIkRJ/7Mfc1iV42KxHtJWWyPrsswP1eHPP4n+Hl/mFFFFch6oUyWQRRNIeiin1m6pN92EH3b+lVFXdiZy5VczmYsxYnJJyaSiiuo4wrF8S3nkWAgU/PMcH/dHWtquD1i9+3ajJIpzGvyJ9B/nNb0Ic079jz8xr+yo2W70/zKFFFFegfNBRRRQAUUUUAFFFFABRRRQAUUUUAFFFFABRRRQAUUUUAFFFFABRRRQAUUUUAFFFFABRRRQAUUUUAFFFFABRRRQAUUUUAFFFFABRRRQAUUUUAFFFFABRRRQAUUUUAFFFFABRRRQAUUUUAFFFFABRRRQAUUUUAFFFFABRRRQAUUUUAFFFFABRRRQAUUUUAFFFFABRRRQAUUUUAFFFFABRRRQAUUUUAFFFFAF7RblbLXdPunbakNzG7HPYMCf0r6Qr5khiaeZIl6scV9KWU/2mwt7gf8tYlfn3Ga8fNofDL1Payifxw9GT0UUV4x7Q2TmJx7GuQ8RtstrNv+npR+YauwblT9K4/xQmdHMmMmKRXH54/rXTg/48fU5cwhz4KrHyKdFAORkdDRXrH4uFFFFABRRRQAUUUUAFFFFABRRRQBzmqtu1CQegA/SptGuPLuGhJ4kHH1FVL5t19Of9sioUcxurqcMpyK9Tk5qSj5H1CoqphlTfZHXUVHBKs8CSr0YZqSvMatofMNNOzCiiikIKKKKACiiigAooooAKKKKACq2oR+ZYTL3C7vy5qzSMAylT0IwaqLs0yqcuSal2OQopzoUkZD1UkGm17B9gnfUKKKKACiiigAooooAKKKKACiiigAooooAKKKKACiiigAooooAKKKKACiiigAooooAKKKKACiiigArovDHiNtJmFtcsTZyHnv5Z9R7eornaKzrUoVoOE9jWjWnRmpweqPYNR0+11jTzBNho3G5HXkqexBrk9F0i40m9vYrheRtCMOjLzyKr+E/Ev2J1sL1/8ARmP7tz/yzPp9P5V3N2sTQEyHGOh96+Xxca2GhPDv4X/n/Vz63ByoYqpDEr4o7/d/VjgvFs/y21uD1Jcj9B/WuXrY8TTeZrDL2jRV/r/Wsevdyyn7PCQXdX+/U+ezWr7TGTfZ2+7QKKKK7zzgooooAKKKKACiiigAooooAKKKKACiiigAooooAKKKKACiiigAooooAKKKKACiiigAooooAKKKKACiiigAooooAKKKKACiiigAooooAKKKKACiiigAooooAKKKKACiiigAooooAKKKKACiiigAooooAKKKKACiiigAooooAKmtLhrS6jnTkoc49R3H5VDRSaTVmVGTi1Jbo7xHWSNZEOUYBlPqDTqw/D17ujazc8plo/cdx/X8TW5Xzdek6VRxP0LA4pYqhGot+vqFFFFYnWFdN4W8Uvo0otbkl7Fz9TGfUe3qP8nmaKuE5QlzRMa9CFeDhNaM91hmjuIUmhdXjcblZTkEU+vJPD3ie60OTy+ZrRj80RPT3X0P869P03VLPVrYT2cwdf4l6Mp9CO1ezQxEaq8z5DG5fUwsrvWPf/MuUUUV0HAFFFFABRRRQAUUVT1HU7TSrY3F5MI17Dux9AO9JtJXZUYyk+WKuyzNNHbwvNM6pGg3MzHAAry/xV4obWZfs1sWSxQ8djIfU+3oKg8Q+J7rXJPLGYbNT8sQPX3b1P8AKsGvKxOK5/dhsfUZdlfsbVavxdu3/BCiiiuE9oKKKKAGu4jjZ26KMmsCWQyyM7dWOav6nP0gU+7Vm10U42Vzmqyu7BRRQSAMk4FaGJla/ffY9PZVOJZvkX2Hc/59a4mr+sX/ANv1B5FJ8pflQe3r+NUK9KjDkifL47Ee2qtrZaIKKKK1OMKKKKACiiigAooooAKKKKACiiigAooooAKKKKACiiigAooooAKKKKACiiigAooooAKKKKACiiigAooooAKKKKACiiigAooooAKKKKACiiigAooooAKKKKACiiigAooooAKKKKACiiigAooooAKKKKACiiigAooooAKKKKACiiigAooooAKKKKACiiigAooooAKKKKACiiigAooooAKKKKACiiigAooqSCFp50iXqxxQBq6LbYDXLDr8q/1Ne2+FpzceG7Jj1VSn/fJIH6AV5RHGsUaxqMKowK9G8BzF9FmiLZMc5wPQED+ua4s1p/7On2Z2ZRU/2lrujqaKKK+bPqArkvEo/wCJBdZ7bf8A0MV1tc1rkYk0i9UgHEbHn25/pW+Gdq0H5r8yK65sPUXk/wAjBtW32kLeqD+VTVT0tt2nx+oyP1q5XtzVpNH4pWjy1JR7NhRRRUGYUUUUAFFFFABRRRQAUUUUAcncHdcyt6uT+tR0rHc7H1OaSvZWiPsYq0Uja0W4yr27Hp8y/TvWtXK2s5t7lJR0B5+neupBDAEHIPIrz8TDlnfufP5lR5KvOtn+YtFFFcx5wUUUUAFFFFABRRRQAUUUUAFFFFAHNanH5d/KOzHd+dVK1dcjxNFJ/eUj8v8A9dZVetRlzQTPqsJPnoRfkFFFFaHQFFFFABRRRQAUUUUAFFFFABRRRQAUUUUAFFFFABRRRQAUUUUAFFFFABRRRQAUUUUAFFFFABRRRQAV3Hhy5nuNIQTSs/lsUTceg44rh67TwuR/ZB4xiRs/pXj54v8AZfmj28gf+1/JnLapJ5uq3T/9NWA+gOKqU6Rt8jP/AHiTTa9WnHkgo9keRVnzzlLuwoooqzMKKKKACiiigAooooAKKKKACiiigAooooAKKKKACiiigAooooAKKKKACiiigAooooAKKKKACiiigAooooAKKKKACiiigAooooAKKKKACiiigAooooAKKKKACiiigAooooAKKKKACiiigAooooAKKKKACiiigAooooAKKKKACiiigCSCZ7edJozh0ORXa21xHdW6Tx/dcZx6HuK4atfQr/7PcfZ5GxFKeCT91v8A6/T8vSuLG0Paw5luj2Mnx31etyTfuy/B9GdPRRRXgn24UUUUAFWLO+udPuBPaTPFIO6nr7H1FV6KabTuhOKkrPY9A0n4gROqxapCY26edEMqfqvUfhmuvs9Qs9Qj32lzFMOp2Nkj6jqK8QpyO8bh0ZlYdCpwRXZTx046S1PHxGS0ajvTfK/vR7tRXjsHibWrYAR6lOQOm87/AP0LNWP+Ez8Qf8//AP5Bj/8Aia6Vj6fVM895FXvpJfj/AJHrVV7u/tLCPfd3MUK9t7AZ+g715LP4n1u4BEmpTjP9w7P/AEHFZbyPK5eR2dj1Zjkmolj19lGtLIpX/eT+47/VviBDGGi0uHzW6edKMKPoOp/HFcNe391qNwZ7ud5ZD3Y9PYDsKr0VxVa86nxM9nDYKjh1+7WvfqFFFFYnWFFFFABUc0qwxNI3bt61JWPqFz5svlqfkT9TVwjzMicuVXKru0jl2OSTk02iiuk5ArE8R6h9mtPs0Z/ezDn2Xv8An0/Ota4njtbd55ThEGTXAXt3Je3clxJ1Y8D0HYV0YenzSu9kebmOJ9lT5I7v8iCiiiu8+cCiiigAooooAKKKKACiiigAooooAKKKKACiiigAooooAKKKKACiiigAooooAKKKKACiiigAooooAKKKKACiiigAooooAKKKKACiiigAooooAKKKKACiiigAooooAKKKKACiiigAooooAKKKKACiiigAooooAKKKKACiiigAooooAKKKKACiiigAooooAKKKKACiiigAooooAKKKKACiiigAooooAKKKKACtrRbXCtcMOT8q/TuaybeFridIl6scfSurjRY41RRhVGBVwWtzKpKysOrs/h/MBcX0BPLIrgfQkH+YrjK6LwVP5PiJE/57Rsn/ALN/7LWOOhzYaa8vy1NsvnyYqD87ffoel0UUV8ifZhXP6wP+Jffjr+6k/ka6Csm6Tc0yf3sirpu0kx25oyj3RwuiNm1dfR/6Vp1i6G+HmT1AP+fzrar6LEK1Rn4xj48uIkFFFFYnGFFFFABRRRQAUUUUAFIxwpPoKWmTHEEhPZT/ACprccVdpHJUUUV7J9iFdDpNx51oEJ+aP5fw7f59q56rul3HkXign5X+U/0rGvDngceOo+1ou261Ojoooryz5kKKKKACiiigAooooAKKKKACiiigDO1mPdZB/wC4wP4dKwK6m8j82zmTuVOPrXLV6GEleFj38qnek49mFFFFdR6YUUUUAFFFFABRRRQAUUUUAFFFFABRRRQAUUUUAFFFFABRRRQAUUUUAFFFFABRRRQAUUUUAFFFFABXW+HHxoVxjGVdv/QRXJV0fh6T/iU6lHn7qFvzU/4V5mbQ5sN81+dj1cnny4r1T/K5zlFFFemeUFFFFABRRRQAUUUUAFFFFABRRRQAUUUUAFFFFABRRRQAUUUUAFFFFABRRRQAUUUUAFFFFABRRRQAUUUUAFFFFABRRRQAUUUUAFFFFABRRRQAUUUUAFFFFABRRRQAUUUUAFFFFABRRRQAUUUUAFFFFABRRRQAUUUUAFFFFABRRRQAUUUUAFFFFAHV6NqP2y38qQkzxj5if4h6/wBD/wDXrTrhreeS2uEmiOHQ5H+FdlZ3cd7bLNHxnhlPVT3FeJjsN7OXPHZn2WTZj7aHsaj95fiv+AT0UUV557oUUUUAFFFFABRRRQAUUUUAFFFFABRRRQAUUVHPMsERdvwHqae4m7EF/c+THsU/O36CsanySNLIXc5JpldMY8qOScuZhRRVa7uPLXYp+Y/pWsIOcuVHPXrwoU3UnsjmvEepG4uPskZPlRH5v9pv/rVhVt6xZ71+0oPmXh/cetYlemqaprlR8nUryrydSXUKKKKZAUUUUAFFFFABRRRQAUUUUAFFFFABRRRQAUUUUAFFFFABRRRQAUUUUAFFFFABRRRQAUUUUAFFFFABRRRQAUUUUAFFFFABRRRQAUUUUAFFFFABRRRQAUUUUAFFFFABRRRQAUUUUAFFFFABRRRQAUUUUAFFFFABRRRQAUUUUAFFFFABRRRQAUUUUAFFFFABRRRQAUUUUAFFFFABRRRQAUUUUAFFFFABRRUtvC1xcJEvVj19BQBraLa7Ua4Yctwv0rWpqIsaKijCqMAU6t0rI5ZO7uFaOgzm31+xkH/PZVP0Jwf0NZ1OR2jkV0OGUgg+hFKceeLj3HTlyTUux7XRTY3EkaupyrAEU6viD70KzLji4f61p1m3Q/0lvw/lQaU9zzXScxaiY2GGIKke4/8A1Vv1gsRD4ilA4AuHX9SK3q+nxGrUu6Px7N6fJX/roFFFFc55QUUUUAFFFFABRRRQAVFdHFpMfRG/lUtQXhxZT/8AXM/yqo/Ei6avNepy1FFFewfXhRRRQB1NlP8AabVJP4sYb61PWJotxtleAnh+V+v+f5Vt15VaHJNo+WxdH2NZx6dAooorI5gooooAKKKKACiiigAooooAK5OePyp5I/7rEV1lc7q0ey/c9mAb/P5V14SXvNHq5VO1SUe6/Io0UUV3nuhRRRQAUUUUAFFFFABRRRQAUUUUAFFFFABRRRQAUUUUAFFFFABRRRQAUUUUAFFFFABRRRQAUUUUAFbPh6T97eQnpJbt+Y//AFmsarukTCHVbdicKzbD9G4/rXNjIc9CS8vy1OrBT5MRCXn+ehSopWBVip6g4NJXScwUUUUCCiiigAooooAKKKKACiiigAooooAKKKKACiiigAooooAKKKKACiiigAooooAKKKKACiiigAooooAKKKKACiiigAooooAKKKKACiiigAooooAKKKKACiiigAooooAKKKKACiiigAooooAKKKKACiiigAooooAKKKKACiiigAooooAKKKKACrenX8lhcB1yY24kT+8P8aqUVMoqS5XsXTqSpyU4OzR3cM0dxCssTbkYZBp9chpmpvYS4OWhY/Mn9R711kM0dxEssTh0boRXg4rCyoyutj7nLcyhi4Wek1uv1Q+iiiuQ9MKKKKACiiigAooooAKKKKACiimu6xoXc4UdTQAO6xoXc4UdTWJdXLXMu48KPuj0p13dtcvgcIOgqtXRCFtWctSpzaIKKKinnWFeeWPQVrGLk7I56lSNOLnN2SEuJxCnqx6CsxmLMWY5JpXdpHLMck02vXoUVSXmfI47GyxU+0VshCAwIIyDwRXM39obS4Kj7jcofaunqtfWou7cp/GOVPvWsldHHCXKzl6KVlKsVYYIOCDSVidIUUUUAFFFFABRRRQAUUUUAFFFFABRRRQAUUUUAFFFFABRRRQAUUUUAFFFFABRRRQAUUUUAFFFFABRRRQAUUUUAFFFFABRRRQAUUUUAFFFFABRRRQAUUUUAFFFFABRRRQAUUUUAFFFFABRRRQAUUUUAFFFFABRRRQAUUUUAFFFFABRRRQAUUUUAFFFFABRRRQAUUUUAFFFFABRRRQAUUUUAFFFFABW5o1rsiNww+Z+F+lZFtA1zcJEv8R5PoK6tFVEVFGFUYAq4LqZVJaWFooorUwCiiigD1vQJhcaBYuDn9yqk+68H9RWlXO+CZ/N8Oon/PGVk/8AZv8A2auir43Ew5K0o+bPucLPnoQl5IKzrv8A4+D9BWjWfe/68f7tYHXT3PMdUDQa5dE4JE5fj3Oa6HrWJ4jG3X7of7p/8dFa1q++1ib1Qfyr6ep71GnLy/Q/KuIKfLWfk5L8SWiiiuc+eCiiigAooooAKKKKACq9+cWE3+6asVV1E40+b6f1q4fEjWhrVj6o5miiivXPrQooooAfFI0MqSL1U5rq43WWNZF+6wyK5Gt3RbjfA0JPKHI+hrlxULx5ux5eaUeamqi6fkadFFFeeeCFFFFABRRRQAUUUUAFFFFABWPrkfMMn1U/5/OtiqOrx77Bj3Qhv6f1rWhK1RHVgp8leL+X3nO0UUV6p9QFFFFABRRRQAUUUUAFFFFABRRRQAUUUUAFFFFABRRRQAUUUUAFFFFABRRRQAUUUUAFFFFABRRRQAUoJBBBwR0pKKBj5n82Z5MY3MWx6ZplFFJKysgbu7sKKKKYgooooAKKKKACiiigAooooAKKKKACiiigAooooAKKKKACiiigAooooAKKKKACiiigAooooAKKKKACiiigAooooAKKKKACiiigAooooAKKKKACiiigAooooAKKKKACiiigAooooAKKKKACiiigAooooAKKKKACiiigAooooAKKKKACiiigAooooAKt2GoTWE26P5kb76Ho3+B96qUUpRUlZ7F06kqclODs0dtZ3sF9FvhbkfeQ9V+v+NWK4SKWSGRZInKOvQg1v2XiFWwl4u0/89VHH4j/AA/KvHxGAlH3qeq7H1eBzyE0oYjR9+n/AAPyNyimxyJKgeN1dD/EpyKdXnNNOzPfjJSV4u6CiiikUFFFFABRTWdUXczBR6mqE+pgZWEZP941Si3sTKSjuXJ7iO3Tc5+gHU1j3N09y+W4UdFHaondpGLOxYnuabW8YKJzTqOQUVHJNHEPmYZ9O9Uprx5OE+Vf1rppUJ1Ntjz8Tj6OHXvO77Isz3SxZVfmf+VZzMzsWY5JpKK9OlRjSWm58vi8bUxMry0XYKKKK2OMKKKKAMXWLPB+0oODw4/rWRXXuiyIyMMqwwRXL3ls1pcNGeR1U+orKa6m9OV1YgoooqDUKKKKACiiigAooooAKKKKACiiigAooooAKKKKACiiigAooooAKKKKACiiigAooooAKKKKACiiigAooooAKKKKACiiigAooooAKKKKACiiigAooooAKKKKACiiigAooooAKKKKACiiigAooooAKKKKACiiigAooooAKKKKACiiigAooooAKKKKACiiigAooooAKKKKACiiigAooooAKKKmtYGubhIh3PJ9BQGxr6NbeXCZ2HzPwv0rUpFUIoVRgAYApa3Ssjlk7u4UUUUyQooooA7r4fzkwX1ueisjj8QQf5CuzrzvwJMU1qWIthZIDx6kEf0zXolfLZnDlxL87H1+Uz5sLFdroKo33+tX/dq9VK+++n0rzz1IfEeceKI/L1yRsn94it+mP6Vb0t9+nx+oyP1qPxeP+JtF7wD/ANCamaI+bV19Hz+Yr6ePvYSD8kfm/ElP36nlK/3/APDmnRRRXOfJBRRRQAUUUUAFFFFABVTUzjTpvoP5irdU9VP/ABLpfw/mKun8a9TbDfxoeq/M5uiiivXPrAooooAKs2Nx9mu0cn5ejfQ1WopSSkrMmcFOLi9mdhRVTTbj7RZqSfmT5TVuvIlFxbTPkqkHTm4PoFFFFSQFFFFABRRRQAUUUUAFR3Efm28kf95SBUlFNOzuOLcWmjj6Kmuo/KupU7Bjj6VDXsJ3Vz7CMlJJrqFFFFMYUUUUAFFFFABRRRQAUUUUAFFFFABRRRQAUUUUAFFFFABRRRQAUUUUAFFFFABRRRQAUUUUAFFFFABRRRQAUUUUAFFFFABRRRQAUUUUAFFFFABRRRQAUUUUAFFFFABRRRQAUUUUAFFFFABRRRQAUUUUAFFFFABRRRQAUUUUAFFFFABRRRQAUUUUAFFFFABRRRQAUUUUAFFFFABRRRQAUUUUAFFFFABRRRQAUUUUAFFFFABRRRQAUUUUAFFFFABRRRQAUUUUAFFFFABRRRQAUUUUASQzy277oZHjbplTjNdBomqXN9qUNnOUZZCxLhcMMKT247elc3Wv4Y/5GK1/4H/6A1c+JpwlTk2ujOzB4irSqxUJNJtHatpp/hkB+opp06Xsyfma0qK+esfVrF1e5lnT7jsYvxY/4VBJpmoNws0CD2yT/KtuimtAeLqvqc0/h28kOXuY2PuT/hVSXRpYZCjSpkema7Csi+/4+3/D+Vawk27GbrzMZdKH8UpP0FWI7G3j52bj6tzVmitDN1ZvdnE33F/c/wDXVv5moKsX4xqFzn/nq386r17sPhR8nU+N+oUUUVRAUUUUAFFFFABVPUbT7VbnaP3icr7+1XKKGrjTs7nHdDRWpq9n5Un2hB8jn5vY1l1g1ZnUndXCiiikMKKKKACiiigAooooAKKKKACiiigAooooAKKKKACiiigAooooAKKKKACiiigAooooAKKKKACiiigAooooAKKKKACiiigAooooAKKKKACiiigAooooAKKKKACiiigAooooAKKKKACiiigAooooAKKKKACiiigAooooAKKKKACiiigAooooAKKKKACiiigAooooAKKKKACiiigAre0a28uAzsPmk6fSsi0tzdXKRDoeSfQV1KqFUKowAMAVcF1MqstLC0UUVqYBRRRQAUUUUAa/heYQeJLJmOAzlP8AvoED9SK9Wrxmzn+zX1vcf88pFf8AI5r2avn85hapGXdfl/w59Lkc705w7P8AP/hgqnff8sz9auVUvvup9a8Y96HxHBeMYwLu1lxyyFc/Q/8A16oaG+HmT1AP+fzrV8Z/8uP/AG0/9lrE0dtt9j+8pH9f6V9PhfewS/rqfB8RwvUrL0f4JnQUUUVznwwUUUUAFFFFABRRRQAVS1b/AJB0n1H86u1Q1j/jwP8AvCtKXxo3wv8AHh6o56iiivWPqwooooAKKKKANDSLjyrryyflkGPx7V0FcgrFGDKcEHINdVbzC4t0lH8Qz+NcGLhZqR4ea0bTVRdSWiiiuQ8kKKKKACiiigAooooAKKKKAOe1iPZfFv76g/0/pVCtnXI/khk9CVNY1erQlemj6jAz58PF/L7gooorU6gooooAKKKKACiiigAooooAKKKKACiiigAooooAKKKKACiiigAooooAKKKKACiiigAooooAKKKKACiiigAooooAKKKKACiiigAooooAKKKKACiiigAooooAKKKKACiiigAooooAKKKKACiiigAooooAKKKKACiiigAooooAKKKKACiiigAooooAKKKKACiiigAooooAKKKKACiiigAooooAKKKKACiiigAooooAKKKKACiiigAooooAKKKKACiiigAooooAKKKKACiiigAooooAK1/DH/IxWv8AwP8A9AasitXw023xDaH3Yf8AjprKv/Cl6M2w/wDFj6r8z0eiiivnD6gKKKKACsvUP+Pkf7orUrL1D/j5H+6KuG4mVKKKK2JOL1H/AJCVx/10P86rVZ1H/kJXH/XQ/wA6rV7sPhR8xV+N+oUUUVRmFFFFABRRRQAUUUUAMliWaJo3GVYYNctcQNbTtE/UdD6j1rrKoarZ/aIPMQfvE6e49KiaujSnKzsc7RRRWR0BRRRQAUUUUAFFFFABRRRQAUUUUAFFFFABRRRQAUUUUAFFFFABRRRQAUUUUAFFFFABRRRQAUUUUAFFFFABRRRQAUUUUAFFFFABRRRQAUUUUAFFFFABRRRQAUUUUAFFFFABRRRQAUUUUAFFFFABRRRQAUUUUAFFFFABRRRQAUUUUAFFFFABRRRQAUUUUAFFFFABRRRQAUUVPZ25urpI+3Vj6CgG7Gxo9t5VuZmHzSdPpWlSABVCgYAGAKWt0rKxyt3dwooopkhRRRQAUUUUAFepWV7NcWFvKzkF4lY49wK8trsdI1+xttIgiubgiZAVK7GPGTjoMdMV5Wa0ZVIRcFdpnt5JXp0qslUaSa6+R0xkc9XY/U02sBvF2nqSBHcNjuFGD+tVX8ZoGISxZl7FpcH8sGvIjl+JltA9+WaYOO8/zJvGKA2FvJgZWXbnHPIP+FcvpzbNQhP+1j8+Ku6tr8uqwLC0CRxq+/gknOCOv41mQNsuI29HB/WvfwdGdPD+znvqfI5vVp4mrOVPZr9LHWUUUVxHwIUUUUAFFFFABRRRQAVn6yf9BH++P61oVm60cWS+8g/ka1o/xEdOD/jw9TBooor1T6kKKKKACiiigArY0S4+/bk/7S/1rHqW2mNvcJKP4Tz9O9Z1Yc8GjDFUfbUnA6uikVgyhgcgjINLXknygUUUUAFFFFABRRRQAUUUUAUtVj36e57qQwrnK62ZPNgkj/vKRXJV34R+60e7lM705R7MKKKK6z1QooooAKKKKACiiigAooooAKKKKACiiigAooooAKKKKACiiigAooooAKKKKACiiigAooooAKKKKACiiigAooooAKKKKACiiigAooooAKKKKACiiigAooooAKKKKACiiigAooooAKKKKACiiigAooooAKKKKACiiigAooooAKKKKACiiigAooooAKKKKACiiigAooooAKKKKACiiigAooooAKKKKACiiigAooooAKKKKACiiigAooooAKKKKACiiigAooooAKKKKACiiigAooooAK1PDn/IwWn+8f8A0E1l1qeHP+RgtP8AeP8A6Cazrfw5ejNaH8WPqj0iiiivmz6kKKKKACsvUP8Aj5H+6K1Ky9Q/4+R/uirhuJlSiiitiTi9R/5CVx/10P8AOq1WdR/5CVx/10P86rV7sPhR8xV+N+oUUUVRmFFFFABRRRQAUUUUAFFFFAHParZ/Z5/MQfu3P5H0rPrrLiBbmBon6EdfQ1y00TQytG4wynBrKaszopyurDKKKKg0CiiigAooooAKKKKACiiigAooooAKKKKACiiigAooooAKKKKACiiigAooooAKKKKACiiigAooooAKKKKACiiigAooooAKKKKACiiigAooooAKKKKACiiigAooooAKKKKACiiigAooooAKKKKACiiigAooooAKKKKACiiigAooooAKKKKACiiigAooooAKKKKACt/R7byrbzWHzSdPpWRZW5urpI/4erfSuoAAAAGAOgrSC6mVWXQWiiitDAKKKKACiiigAooooAKKKKACiiigAooooA65G3IreozTqhtDus4T/sL/ACqavGas7Hx81aTQUUUUiQooooAKKKKACszWz/okY/2/6GtOsrXD+4iH+1/StqH8RHVgVfERMSiiivUPqAooooAKKKKACiiigDoNIuPNtPLJ+aM4/DtWhXN6ZceReLk/K/ymukrzMRDln6nzeYUfZ1m1s9QooorA4QooooAKKKKACiiigArlbuPyruVOwY4+ldVXP6xHsvt399Qf6f0rqwjtNo9PKp2quPdGfRRRXoHvhRRRQAUUUUAFFFFABRRRQAUUUUAFFFFABRRRQAUUUUAFFFFABRRRQAUUUUAFFFFABRRRQAUUUUAFFFFABRRRQAUUUUAFFFFABRRRQAUUUUAFFFFABRRRQAUUUUAFFFFABRRRQAUUUUAFFFFABRRRQAUUUUAFFFFABRRRQAUUUUAFFFFABRRRQAUUUUAFFFFABRRRQAUUUUAFFFFABRRRQAUUUUAFFFFABRRRQAUUUUAFFFFABRRRQAUUUUAFFFFABRRRQAUUUUAFFFFABRRRQAVqeHP+RgtP94/+gmsutPw8wXX7Qn++R+hrOt/Dl6M1ofxY+qPSaKKK+bPqQooooAKy9R/4+F/3R/M1qVmaj/x8L/uD+Zq4biZTooorYk43VP8AkJ3H+/VSreqf8hO4/wB+qle5T+Beh8xW/iS9WFFFFWZhRRRQAUUUUAFFFFABRRRQAVmavZ+bF56D50Hze4rTo60mropOzucdRVzUrP7LcfKP3b8r7e1U6xasdKd1cKKKKQwooooAKKKKACiiigAooooAKKKKACiiigAooooAKKKKACiiigAooooAKKKKACiiigAooooAKKKKACiiigAooooAKKKKACiiigAooooAKKKKACiiigAooooAKKKKACiiigAooooAKKKKACiiigAooooAKKKKACiiigAooooAKKKKACiiigAooooAKKKs2Nt9qulj/hHLfSgTdtTX0i28m281h88nP0HatGgDAwKK3Ssjlbu7hRRRTEFFFFABRRRQAUUUUAFFFFABRRRQAUUUUAdPYHNhD/u1ZqvYDFhD/uirFeRP4mfI1v4kvVhRRRUGYUUUUAFFFFABWRrp+WAe7f0rXrF1xv3sK+ik1vh1+8R25er4iPz/ACMmiiivTPpQooooAKKKKACiiigArqLGf7TaI5OWxhvqK5etPRrjZO0JPDjI+ornxMOaF+xwZjR9pR5lutf8zdooorzT5wKKKKACiiigAooooAKyNcj+WGT0JU1r1R1aPfYMe6kN/T+ta0XaojpwU+SvF/1qc7RRRXqn1IUUUUAFFFFABRRRQAUUUUAFFFFABRRRQAUUUUAFFFFABRRRQAUUUUAFFFFABRRRQAUUUUAFFFFABRRRQAUUUUAFFFFABRRRQAUUUUAFFFFABRRRQAUUUUAFFFFABRRRQAUUUUAFFFFABRRRQAUUUUAFFFFABRRRQAUUUUAFFFFABRRRQAUUUUAFFFFABRRRQAUUUUAFFFFABRRRQAUUUUAFFFFABRRRQAUUUUAFFFFABRRRQAUUUUAFFFFABRRRQAUUUUAFFFFABRRRQAUUUUAFaOg/8h2z/wCulZ1aOg/8h2z/AOulZ1f4cvRmtH+JH1R6XRRRXzZ9SFFFFABWZqP/AB8L/uD+ZrTrM1H/AI+F/wBwfzNXDcTKdFFFbEnG6p/yE7j/AH6qV0PiPSWhWPUIgTHIAJB/db1+h/nXPV7VCanTTR83iYOFWSYUUUVqYBRRRQAUUUUAFFFFABRRRQAUUUUAQXdst1btGevVT6GuXdGjdkcYZTgiuvrI1iz3L9pQcjh/8aia6mtOVnYxaKKKyNwooooAKKKKACiiigAooooAKKKKACiiigAooooAKKKKACiiigAooooAKKKKACiiigAooooAKKKKACiiigAooooAKKKKACiiigAooooAKKKKACiiigAooooAKKKKACiiigAooooAKKKKACiiigAooooAKKKKACiiigAooooAKKKKACiiigAooooAK6HSbXyLbzGHzyc/Qdqx7C2+1XaoR8g5b6V1HStILqZVZdAooorQwCiiigAooooAKKKKACiiigAooooAKKKKACiiigDqrQYs4B/0zX+VTUyEbYIx6KB+lPrxpbs+Pm7ybCiiikSFFFFABRRRQAVha3/x9R/7n9TW7WHrY/0mM/7H9a6MN/EO/Lf94XzMuiiivSPowooooAKKKKACiiigAp0btHIrqcMpyKbRQDV1ZnWwyrNCki9GGafWTotxujeAnlfmX6d/8+9a1eTUhyScT5PEUvY1XAKKKKzMQooooAKKKKACorlPMtpU/vKQKlopp2dxxbi00cfRUk6eXcSJ/dYj9ajr2E7q59gndXQUUUUxhRRRQAUUUUAFFFFABRRRQAUUUUAFFFFABRRRQAUUUUAFFFFABRRRQAUUUUAFFFFABRRRQAUUUUAFFFFABRRRQAUUUUAFFFFABRRRQAUUUUAFFFFABRRRQAUUUUAFFFFABRRRQAUUUUAFFFFABRRRQAUUUUAFFFFABRRRQAUUUUAFFFFABRRRQAUUUUAFFFFABRRRQAUUUUAFFFFABRRRQAUUUUAFFFFABRRRQAUUUUAFFFFABRRRQAUUUUAFFFFABRRRQAUUUUAFFFFABWjoP/Ids/8ArpWdWjoJA12zz/z0FZ1f4cvRmtH+JH1R6XRRRXzZ9SFFFFABWZqP/Hwv+5/U1p1maj/x8L/uf1NXDcTKdFFFbEmpHBHdab5Eyho3UqwPpXneqadJpl89u+SvVG/vL2NekWf/AB6R/T+tUdf0karYkIB9ojy0Z9fUfjV4XEeynZ7M5cbhvbQut0ecUUrKVYqwIIOCD2pK9w+fCiiigQUUUUAFFFFABRRRQAUUUUAFIwDKVIyCMEUtFAHL31obS4Kc7Dyp9qrV09/aC7tyoxvHKn3rmSCpIIwRwRWMlZnTCV0JRRRUlhRRRQAUUUUAFFFFABRRRQAUUUUAFFFFABRRRQAUUUUAFFFFABRRRQAUUUUAFFFFABRRRQAUUUUAFFFFABRRRQAUUUUAFFFFABRRRQAUUUUAFFFFABRRRQAUUUUAFFFFABRRRQAUUUUAFFFFABRRRQAUUUUAFFFFABRRRQAUUUUAFFFWtPtvtV2qkfIvzN9KFqJu2psaVa+Rah2Hzycn2Har9FFbpWOVu7uFFFFMQUUUUAFFFFABRRRQAUUUUAFFFFABRRRQAUUU5Bl1HqRQD0OtAwAPSloorxT40KKKKACiiigAooooAKxdcHzwn1BH8q2qydcHyQt6Ej+Vb4d/vEdmXu2Ij8/yMWiiivTPpgooooAKKKKACiiigAooooAmtZzbXKSjoDz9O9dSCGAIOQeRXIV0GkXHnWvlk/NHx+HauTFQulJHk5rRvFVV03NCiiiuA8MKKKKACiiigAooooA5vVE2ahJ6Ngj8qp1ra5Fh4pR3G01k16tGXNTTPqcHPnoRfl+QUUUVqdIUUUUAFFFFABRRRQAUUUUAFFFFABRRRQAUUUUAFFFFABRRRQAUUUUAFFFFABRRRQAUUUUAFFFFABRRRQAUUUUAFFFFABRRRQAUUUUAFFFFABRRRQAUUUUAFFFFABRRRQAUUUUAFFFFABRRRQAUUUUAFFFFABRRRQAUUUUAFFFFABRRRQAUUUUAFFFFABRRRQAUUUUAFFFFABRRRQAUUUUAFFFFABRRRQAUUUUAFFFFABRRRQAUUUUAFFFFABRRRQAUUUUAFFFFABRRRQAVe0X/AJDVl/12X+dUavaL/wAhqy/67L/OoqfA/Q0pfHH1R6dRRRXzR9UFFFFABWZqP/Hwv+5/U1p1maj/AMfC/wC5/U1cNxMp0UUVsSbFn/x6R/T+tT1S064SSIxdHj6j1HrV2ueS1KRx3i3R/Lf+0YF+VjiYDsezfj/nrXKV6zLEk0TxSKGRwVZT3Febazpj6VftCcmNvmjb1X/GvXwOI5l7OW6PFzDDckvaR2Zn0UUV6B5gUUUUAFFFFABRRRQAUUUUAFFFFABWJrFntb7Sg4PDj39a26a6LJGyOMqwwRSauioy5Xc5Cip7u2a1uGibp1U+oqCsDqTuFFFFABRRRQAUUUUAFFFFABRRRQAUUUUAFFFFABRRRQAUUUUAFFFFABRRRQAUUUUAFFFFABRRRQAUUUUAFFFFABRRRQAUUUUAFFFFABRRRQAUUUUAFFFFABRRRQAUUUUAFFFFABRRRQAUUUUAFFFFABRRRQAUUUUAFFFFABRRRQAV0el2v2e1DMPnk+Y/TsKx9OtvtN2qkfIvzNXTVpBdTGrLoFFFFaGIUUUUAFFFFABRRRQAUUUUAFFFFABRRRQAUUUUAFPh5nj/AN4fzplS23/H1F/vj+dJ7Ez+FnV0UUV4x8eFFFFABRRRQAUUUUAFZutjNmh9HH8jWlVHV1zp7H0YGtaLtUR0YN2rw9TnaKKK9U+qCiiigAooooAKKKKACiiigAq1p9x9nvEYn5W+VvpVWilKKkrMmpBTi4vZnYUVWsJ/tFnG5OWA2t9RVmvHknF2Z8jODhJxfQKKKKRIUUUUAFFFFAFTUofOsXAHzL8w/D/62a5quw61yt3B9nupI+wPH07V3YSejie1lVXSVN+pDRRRXYewFFFFABRRRQAUUUUAFFFFABRRRQAUUUUAFFFFABRRRQAUUUUAFFFFABRRRQAUUUUAFFFFABRRRQAUUUUAFFFFABRRRQAUUUUAFFFFABRRRQAUUUUAFFFFABRRRQAUUUUAFFFFABRRRQAUUUUAFFFFABRRRQAUUUUAFFFFABRRRQAUUUUAFFFFABRRRQAUUUUAFFFFABRRRQAUUUUAFFFFABRRRQAUUUUAFFFFABRRRQAUUUUAFFFFABRRRQAUUUUAFFFFABRRRQAUUUUAFXtF/wCQ1Zf9dl/nVGr2i/8AIasv+uy/zqKnwP0NKXxx9UenUUUV80fVBRRRQAVmaj/r1P8As/1NadZmpf69f93+tXDcTKdFFFbElUXD2t/5qdsZHqPSumhlSeJZEOVYZFcnc/8AHw34fyq9pF75EvkSH9254J7GlUhdXRMZWdjoazda0tNVsGi4Ey/NE3ofT6GtKisYScJKS3LnBTi4y2Z5K6NFI0bqVdSQwPUGm11/i3R9w/tKBeRgTAfo1chX0NGqqsFJHzVei6M3FhRRRWpgFFFFABRRRQAUUUUAFFFFABRRRQBS1Kz+1W+VH7xOV9/aubrsawdXs/Jl89B8jnn2NZzXU2py6GZRRRWZsFFFFABRRRQAUUUUAFFFFABRRRQAUUUUAFFFFABRRRQAUUUUAFFFFABRRRQAUUUUAFFFFABRRRQAUUUUAFFFFABRRRQAUUUUAFFFFABRRRQAUUUUAFFFFABRRRQAUUUUAFFFFABRRRQAUUUUAFFFFABRRRQAUUUUAFFFXNNtftN2oI+RPmb/AAoSuJuyubGl232e0BYfO/zN/QVdoordKxyt3dwooopiCiiigAooooAKKKKACiiigAooooAKKKKACiiigAqSA4uIj6OP51HToziVD6MKT2FLWLOuooorxj44KKKKACiiigAooooAKqamN2nTD2B/UVbqC9G6xnH+wTVwdpI1oO1WL80ctRRRXrn1oUUUUAFFFFABRRRQAUUUUAFFFFAGvok2GlhJ6jcP6/0rZrmLCXyb2Js8bsH6HiunrzsVG079z57M6fLW5u4UUUVzHnBRRRQAUUUUAFZGtwZVJwOnyt/SteoriET27xH+IcfXtWlKfJNM3w1X2VVTOUopSCrEEYIOCKSvWPqwooooAKKKKACiiigAooooAKKKKACiiigAooooAKKKKACiiigAooooAKKKKACiiigAooooAKKKKACiiigAooooAKKKKACiiigAooooAKKKKACiiigAooooAKKKKACiiigAooooAKKKKACiiigAooooAKKKKACiiigAooooAKKKKACiiigAooooAKKKKACiiigAooooAKKKKACiiigAooooAKKKKACiiigAooooAKKKKACiiigAooooAKKKKACiiigAooooAKKKKACiiigAq5pP/IYsv+viP/0IVTq3pX/IYsf+viP/ANCFTP4WXT+Nep6jRRRXzJ9WFFFFABWZqX+vX/d/rWnWZqX+vX/d/rVw3EynRRRWxJn3P/Hw34fyqKpbn/j4b8P5VFWi2MnudJpV79pg8tz+9Qc+49a0K5C3ne2nWVDyp/P2rq4J0uIVlQ/Kw/KuapCzujWEr6D3RZEZHAZWGCD0IrzjXdKbSr8oATBJ80Te3p+FekVR1bTY9UsHgbAf70bf3WrbC1/ZT12Zz4zD+2hputjzGinzQyW8zwyqVkQlWB7GmV7ydz51q2jCiiigQUUUUAFFFFABRRRQAUUUUAFMmiWeFo3GVYYp9FAzkriBredon6qevrUddBqtn9og81B+8QfmK5+sZKzOmMuZBRRRUlBRRRQAUUUUAFFFFABRRRQAUUUUAFFFFABRRRQAUUUUAFFFFABRRRQAUUUUAFFFFABRRRQAUUUUAFFFFABRRRQAUUUUAFFFFABRRRQAUUUUAFFFFABRRRQAUUUUAFFFFABRRRQAUUUUAFFFFABRRRQAUUUUAFdLplt9mtBkfO/zN/hWPplr9puhuHyJ8zf0FdJWkF1MasugUUUVoYhRRRQAUUUUAFFFFABRRRQAUUUUAFFFFABRRRQAUUUUAFFFFAHXg5APrS1Hbtutom9UB/SpK8ZqzPjpKzaCiiikIKKKKACiiigAqK5GbSYf7DfyqWmTf6mT/dP8qcd0VB2kjkqKKK9k+wCiiigAooooAKKKKACiiigAooooAK6y3k863jk/vKDXJ10Ojyb7EL3RiP6/1rlxcbxTPLzWF6al2f5l+iiivPPBCiiigAooooAKKKKAOd1aDyr0sB8sg3fj3qjXQaxD5lnvHWM5/DvXP16mHnzQR9NgKvtKCvutAooorY7AooooAKKKKACiiigAooooAKKKKACiiigAooooAKKKKACiiigAooooAKKKKACiiigAooooAKKKKACiiigAooooAKKKKACiiigAooooAKKKKACiiigAooooAKKKKACiiigAooooAKKKKACiiigAooooAKKKKACiiigAooooAKKKKACiiigAooooAKKKKACiiigAooooAKKKKACiiigAooooAKKKKACiiigAooooAKKKKACiiigAooooAKKKKACiiigAooooAKKKKACrelf8hix/6+I//QhVSrelf8hix/6+I/8A0IVM/hZdP416nqNFFFfMn1YUUUUAFZmpf65P93+tadZ+pfej+hq4biZQooorYkoXP/Hw34fyqGmz3I/tOW3brgFffinVq4tWuYqSlewVo6Te/ZpvKc/unP5H1rOoqWrqzGnY7Sis3SL3z4fJkP7xBx7itKuSSs7M3Tujl/Fmj+dF/aEC/vIxiUDuvr+H8vpXF162QGBBAIPBBrzzxDpB0u+JjU/ZpeYz6eq16uBxF17OXyPHzDDWftY/Mx6KKK9I8oKKKKACiiigAooooAKKKKACiiigArndUs/s0+9B+7fkex9K6Korm3W5gaJu/Q+hqZK6LhLlZydFPljaGVo3GGU4NMrE6QooooAKKKKACiiigAooooAKKKKACiiigAooooAKKKKACiiigAooooAKKKKACiiigAooooAKKKKACiiigAooooAKKKKACiiigAooooAKKKKACiiigAooooAKKKKACiiigAooooAKKKKACiiigAooooAKKKvaXa/aLoFhlI/mP9BTSuJuyubGm232a0UEfO3zN/hVuiit0rHK3d3CiiigQUUUUAFFFFABRRRQAUUUUAFFFFABRRRQAUUUUAFFFFABRRRQB02nNv0+E/7OPy4q1Wfo77rHH91iP6/1rQryaqtNo+TxMeWtJebCiiiszEKKKKACiiigAprjMbA9wadTZDiJz6Kaa3HHdHI0UUV7J9iFFFFABRRRQAUUUUAFFFFABRRRQAVraHJiSWP1Ab8v/wBdZNXNLk8vUI/RsqayrRvTaObGQ56El5fkdJRRRXlHywUUUUAFFFFABRRRQA10EkbI3RgQa5ORDHIyN1UkGuurndWi8u+Zh0cBq68JK0nE9XKqlpuHco0UUV3nuhRRRQAUUUUAFFFFABRRRQAUUUUAFFFFABRRRQAUUUUAFFFFABRRRQAUUUUAFFFFABRRRQAUUUUAFFFFABRRRQAUUUUAFFFFABRRRQAUUUUAFFFFABRRRQAUUUUAFFFFABRRRQAUUUUAFFFFABRRRQAUUUUAFFFFABRRRQAUUUUAFFFFABRRRQAUUUUAFFFFABRRRQAUUUUAFFFFABRRRQAUUUUAFFFFABRRRQAUUUUAFFFFABRRRQAUUUUAFFFFABRRRQAUUUUAFWtNJXVLRh1EyH/x4VVqzp//ACErX/rsn8xUz+Flw+JHqdFFFfMn1YUUUUAFZ+pfej+hrQrP1L70f0NVD4hMoUUUVuScprTFNXdlOCApB/Cr9rcC5gDj73Rh6Gs/XP8AkKyfRf5VWs7k20wJ+4eGFenKlz0Y23SPEjX9liJJ7NnQUUgIYAg5B5Bpa4D1h8MzwTLKhwynNdZbXCXUCyp0PUeh9K5Cr+l3v2Wfa5/dPw3sfWs6kOZXKjKzOlqpqWnxalYvbS8Z5Vv7rdjVuiueMnF3RpKKkrPY8oubeW0uZLeZdskZwRUVdz4q0f7XbfbYF/fQj5wP4l/xFcNX0GHrKtDm6nzeJoOjPl6dAooorc5wooooAKKKKACiiigAooooAKKKKAMvWLPzI/tCD5kHze4rCrsSARg8iua1G0+yXBCj923K/wCFZzXU3py6FOiiiszUKKKKACiiigAooooAKKKKACiiigAooooAKKKKACiiigAooooAKKKKACiiigAooooAKKKKACiiigAooooAKKKKACiiigAooooAKKKKACiiigAooooAKKKKACiiigAooooAKKKKACiiigAooooAK6bTrb7NaKpHzt8zVkaVbefdh2HyR/Mfr2roq0gupjVl0CiiitDEKKKKACiiigAooooAKKKKACiiigAooooAKKKKACiiigAooooAKKKKANnQ3+WZPcEVr1gaK+29K/3kNb9eZiVaoz5vMY8uIfmFFFFYHCFFFFABRRRQAVHOcW8h9EP8qkqG7/485/8Arm38qqO6Kpq80jlaKKK9g+wCiiigAooooAKKKKACiiigAooooAKfE/lzI/8AdYGmUUPUGrqzOw60VBZv5lnC3qgzU9eM1Z2Pj5x5ZOL6BRRRSJCiiigAooooAKytbjzDFL/dbafx/wD1Vq1V1GPzLCUdwN35c1pRlyzTOjCT5K8ZeZzNFFFesfVBRRRQAUUUUAFFFFABRRRQAUUUUAFFFFABRRRQAUUUUAFFFFABRRRQAUUUUAFFFFABRRRQAUUUUAFFFFABRRRQAUUUUAFFFFABRRRQAUUUUAFFFFABRRRQAUUUUAFFFFABRRRQAUUUUAFFFFABRRRQAUUUUAFFFFABRRRQAUUUUAFFFFABRRRQAUUUUAFFFFABRRRQAUUUUAFFFFABRRRQAUUUUAFFFFABRRRQAUUUUAFFFFABRRRQAUUUUAFFFFABRRRQAUUUUAFWdP8A+Qla/wDXZP5iq1WdP/5CVr/12T+YqZ/Cy4fEj1OiiivmT6sKKKKACs/UvvR/Q1oVn6n/AMsvx/pVQ+ITKFFFFbknJ64P+JrJ7hf5VnVp69/yE2/3BWZXtUf4cfQ+bxP8aXqaul3WR9nc8jlD/StOuYVijBlOCDkGugtLgXMAf+IcMPeuTE0uV86PQwVfmXs5bonooorkO839HvfNj+zyH50Hyk9xWrXHRSNDKsiHDKcg11Vpcrd26yrxngj0Nc9WFndGsJX0J68/8S6P/Z1550K4tpjlcfwt3H+FegVXvrKLULOS2mHyuOvdT2Iq8NXdGd+nUxxWHVaFuvQ8roqe8tJbG7ktphh0OPr6GoK99NNXR82007MKKKKYgooooAKKKKACiiigAooooAKr3lqt3btGfvdVPoasUUDTsce6sjlGGGBwRSVs6zZ5/wBJQezj+tY1YNWZ0xldXCiiikUFFFFABRRRQAUUUUAFFFFABRRRQAUUUUAFFFFABRRRQAUUUUAFFFFABRRRQAUUUUAFFFFABRRRQAUUUUAFFFFABRRRQAUUUUAFFFFABRRRQAUUUUAFFFFABRRRQAUUUUAFFFFABRRV/Sbbz7rew+SPk/XtTSuxN2VzY0+2+y2iqR85+ZvrVqiit1ocrd3cKKKKBBRRRQAUUUUAFFFFABRRRQAUUUUAFFFFABRRRQAUUUUAFFFFABRRRQBb01tmoQn1JH5iulrlLZtl1E3o4P611dcGLXvJnhZtH95GXkFFFFch5QUUUUAFFFFABUN0M2c4H/PNv5VNTJhuhkX1Uj9Kcd0VB2kmclRRRXsn2AUUUUAFFFFABRRRQAUUUUAFFFFABRRRQB0GjvusQv8AcYj+v9a0KxtDf5po/UBhWzXl11aoz5fHQ5cRJf1qFFFFYnKFFFFABRRRQAU11Dxsh6MCKdRQCdtTjyCCQeooqa7TZeTL6OcfnUNeyndXPsYy5op9wooopjCiiigAooooAKKKKACiiigAooooAKKKKACiiigAooooAKKKKACiiigAooooAKKKKACiiigAooooAKKKKACiiigAooooAKKKKACiiigAooooAKKKKACiiigAooooAKKKKACiiigAooooAKKKKACiiigAooooAKKKKACiiigAooooAKKKKACiiigAooooAKKKKACiiigAooooAKKKKACiiigAooooAKKKKACiiigAooooAKKKKACiiigAooooAKKKKACiiigAqexbbf2zdcSqf1FQVNaf8fkH/XRf50pbMqPxI9Wooor5g+sCiiigArP1P/ll+P8AStCs/U/+WX4/0qofEJlCiiityTlde/5Cbf7grMrT17/kJt/uCsyvaofw4+h83if40vUKsWdybacN/AeGHtVeitJRUlZmUZOMlJHTqQyhgcgjINLWXpd1/wAu7n3Q/wBK1K8mpBwlys9+jVVWCkgq7pt6bS4+Y/un4b296pUVm1dWZqnY7QEEZByDRWRo17vT7NIfmX7h9R6Vr1ySjyuxundGD4n0f7fafaIVzcQjoOrr3H+FcDXrlcH4o0f7Fdfa4VxbzHkDojen4/416WAxH/LqXyPJzHDf8vY/M5+iiivUPICiiigAooooAKKKKACiiigAooooARlDqVYZBGCDXMXtqbS4Kc7Typ9RXUVU1C0F3bkAfvF5U/0qZK6NISszmaKCCCQRgiisToCiiigAooooAKKKKACiiigAooooAKKKKACiiigAooooAKKKKACiiigAooooAKKKKACiiigAooooAKKKKACiiigAooooAKKKKACiiigAooooAKKKKACiiigAooooAKKKKACiiigAAycDrXUWFt9ltVQ/fPLfWsfSLbzrrzGHyR8/j2roa0gupjVl0CiiitDEKKKKACiiigAooooAKKKKACiiigAooooAKKKKACiiigAooooAKKKKACiiigA6HNderbkVvUZrkK6mzbdZQn/YH8q48WtEzyM2j7sZepPRRRXCeIFFFFABRRRQAUdaKKAOQYbWI9DikqW5XbdTL6OR+tRV7Kd1c+xi7pMKKKKYwooooAKKKKACiiigAooooAKKKKAL2kybL9R2cFf6/wBK6KuTgk8q4jk/usDXWVwYuNpJng5rC1RS7r8gooorkPLCiiigAooooAKKKKAOb1Rduoy++D+lU60daXF6D6oD+prOr1qTvBH1eFlzUIPyQUUUVobhRRRQAUUUUAFFFFABRRRQAUUUUAFFFFABRRRQAUUUUAFFFFABRRRQAUUUUAFFFFABRRRQAUUUUAFFFFABRRRQAUUUUAFFFFABRRRQAUUUUAFFFFABRRRQAUUUUAFFFFABRRRQAUUUUAFFFFABRRRQAUUUUAFFFFABRRRQAUUUUAFFFFABRRRQAUUUUAFFFFABRRRQAUUUUAFFFFABRRRQAUUUUAFFFFABRRRQAUUUUAFFFFABRRRQAUUUUAFFFFABRRRQAVNaf8fkH/XRf51DU1p/x+Qf9dF/nSlsyo7o9Wooor5g+sCiiigArP1P/ll+P9K0Kz9T6xfj/Sqh8QnsUKKKK3JOV17/AJCbf7grMrV8Qf8AISH/AFzH9ayq9qh/DifN4n+NL1CiiitTAVSVYMDgg5Brfs7kXMAb+IcMPeufqe0uDbTh/wCE8MPasK9L2kdNzqwtf2U9dmdDRSKwZQynIIyDS15Z7g5HaN1dDhlOQa6qyulu7ZZBw3Rh6GuTq3p94bO5DHPltw4/rUVIcyKjKzOpqG7tYr21kt5hlJBg+3vUqsGUMpyCMg0tcybTujVpNWZ5bqFjLp17JbSjlTw394djVWvQvEekf2nZeZEv+kxDKf7Q7rXnpGDg17+GrqtC/XqfOYrDujO3R7BRRRXQcoUUUUAFFFFABRRRQAUUUUAFFFFAGHrFnsf7Sg+VuH9j61lV18kayxtG4yrDBFctdW7Wtw0Tduh9RWU1bU6KcrqxDRRRUGgUUUUAFFFFABRRRQAUUUUAFFFFABRRRQAUUUUAFFFFABRRRQAUUUUAFFFFABRRRQAUUUUAFFFFABRRRQAUUUUAFFFFABRRRQAUUUUAFFFFABRRRQAUUUUAFFFFABQASQAMk0Vo6Rbedc+aw+SPn8e1NK7E3ZXNiytha2qx/wAXVvrViiitzlbuFFFFAgooooAKKKKACiiigAooooAKKKKACiiigAooooAKKKKACiiigAooooAKKKKACuk0tt2nRe2R+prm639GbNkR6OR/KubFL3Dzs0jehfszRooorzj54KKKKACiiigAooooA5nUV26hMP8Aaz+fNVav6uu2/Y/3lB/p/SqFevTd4I+sw0uajF+SCiiirNgooooAKKKKACiiigAooooAKKKKACuospfOson77cH6jiuXrb0SXMMkRPKncPoa5sVG8L9jzs0p81Hm7GrRRRXnHzwUUUUAFFFFABRRRQBi64uJYW9VI/z+dZNbeuJmGJ/RiPzH/wBasSvTw7vTR9Nl8r4eP9dQooorc7AooooAKKKKACiiigAooooAKKKKACiiigAooooAKKKKACiiigAooooAKKKKACiiigAooooAKKKKACiiigAooooAKKKKACiiigAooooAKKKKACiiigAooooAKKKKACiiigAooooAKKKKACiiigAooooAKKKKACiiigAooooAKKKKACiiigAooooAKKKKACiiigAooooAKKKKACiiigAooooAKKKKACiiigAooooAKKKKACiiigAooooAKKKKACiiigAooooAKltiFuoSegdSfzqKnxf65P8AeFJ7DW56zRRRXzB9aFFFFABWfqfWL/gX9K0Kz9T6xf8AAv6VUPiE9ihRRRW5Jy/iD/kJD/rmP5msqtXxB/yEh/1zH8zWVXtUP4cT5zFfxpeoUUUVqc4UUUUAael3WD9nc8HlD/StWuYBKkEHBHINb9nci5hB/jHDCuDFUrPnR62Cr8y9nLdbFiiiiuM9A29Gvcj7LIfdCf5Vs1xisUYMpIYHIIrqbC7F5bB+N44ce9YVYW1RpCXQtVxHivR/s0/2+BP3Up/eAfwt6/j/ADrt6juII7q3eCZQ0bjawooVnSnzIjE0FWhyvfoeT0Vd1TTpNMv3t35A5Rv7y9jVKvoYyUldHzUouLcXuFFFFMkKKKKACiiigAooooAKKKKACqOp2f2m33KP3icj3HpV6ik1cadnc46itLVrPyZvOQfu3PPsazaxaszqTurhRRRSGFFFFABRRRQAUUUUAFFFFABRRRQAUUUUAFFFFABRRRQAUUUUAFFFFABRRRQAUUUUAFFFFABRRRQAUUUUAFFFFABRRRQAUUUUAFFFFABRRRQAUUUUAFFFFACgEkADJPQV1Fnbi1tUj/i6sfU1kaPa+bcecw+SPp7mt+tILqY1ZdAooorQxCiiigAooooAKKKKACiiigAooooAKKKKACiiigAooooAKKKKACiiigAooooAKKKKACtrQ2zFMvowP+fyrFrW0Nv3ky+oB/z+dYYhXps48wV8PL5fmbVFFFeYfMhRRRQAUUUUAFFFFAGHri4uIm9Ux+R/+vWXW1ri5SFvQkf5/KsWvUw7vTR9NgJXw8f66hRRRWx2BRRRQAUUUUAFFFFABRRRQAUUUUAFXdLm8q+QE8P8p/p+tUqVSVYMDgg5FTKPNFoirBVIOD6nX0UyGQTQpIOjKDT68hq2h8i007MKKKKQgooooAKKKKAKOrpu09j/AHSD/T+tc7XU3ieZZzL/ALBxXLV6GEfuNHv5VK9Jx7MKKKK6j0wooooAKKKKACiiigAooooAKKKKACiiigAooooAKKKKACiiigAooooAKKKKACiiigAooooAKKKKACiiigAooooAKKKKACiiigAooooAKKKKACiiigAooooAKKKKACiiigAooooAKKKKACiiigAooooAKKKKACiiigAooooAKKKKACiiigAooooAKKKKACiiigAooooAKKKKACiiigAooooAKKKKACiiigAooooAKKKKACiiigAooooAKKKKACiiigAooooAKfF/rk/3hTKfF/rk/wB4UnsNbnrNFFFfMH1oUUUUAFZ+p9Yv+Bf0rQrP1Mf6o/X+lVD4hPYoUUUVuScv4g/5CQ/65j+ZrKrW8RDGoJ7xD+ZrJr2aH8OJ85iv40vUKKKK2OcKKKKACp7W4NtOHH3ejD1FQUUmlJWZUZOL5kdOrB1DKcgjINLWTpl1tP2dzwfufX0rWryatNwlZnvUaqqw5kFWbG7azuA45U8MPUVWorNq+hsdmjq6B1IKkZBFLWHo17tP2WQ8H7h/pW5XJKPK7G6d0ZOv6SNVsCEA+0R/NGfX1H4150ylWKsCCDgg9q9brjfFuj+W/wDaMC/IxxMAOh/vfj/nrXoYHEWfs5fI8zMMNzL2sd1ucrRRRXrHihRRRQAUUUUAFFFFABRRRQAUUUUARzwpcQtE44YflXLTwvbzNE45U/nXW1natZ+fD5yD94g59xUTV1c0pys7HP0UUVkdAUUUUAFFFFABRRRQAUUUUAFFFFABRRRQAUUUUAFFFFABRRRQAUUUUAFFFFABRRRQAUUUUAFFFFABRRRQAUUUUAFFFFABRRRQAUUUUAFFFFABRRRQAUoBZgoGSTgCkrT0e182czsPlj6e5ppXYm7K5r2duLW2SIdQMsfU1PRRW5yt3CiiigQUUUUAFFFFABRRRQAUUUUAFFFFABRRRQAUUUUAFFFFABRRRQAUUUUAFFFFABRRRQAVpaKcXjj1Q/zFZtXtIONQUeoI/Ss6yvTZz4tXoT9DoqKKK8k+VCiiigAooooAKKKKAM7WV3WIP91wf51gV0upru0+YegB/Wuar0cK/cPoMrlei12YUUUV0npBRRRQAUUUUAFFFFABRRRQAUUUUAFFFFAHQaPLvsth6oxH4da0Kw9EkxPJH2Zc/l/+utyvLrx5ajPmMfT5K8vPUKKKKxOQKKKKACiiigAIBBB6GuRdSjsp6qSK66uY1BPLv5h6tn8+a7MI9Wj1spl78olaiiiu49wKKKKACiiigAooooAKKKKACiiigAooooAKKKKACiiigAooooAKKKKACiiigAooooAKKKKACiiigAooooAKKKKACiiigAooooAKKKKACiiigAooooAKKKKACiiigAooooAKKKKACiiigAooooAKKKKACiiigAooooAKKKKACiiigAooooAKKKKACiiigAooooAKKKKACiiigAooooAKKKKACiiigAooooAKKKKACiiigAooooAKKKKACiiigAooooAKKKKACnxf65P94UyigaPXKKKK+XPrQooooAKoan0j/H+lX6oan0j/AB/pVQ+IT2M+iiityTmfEX/IQj/65D+ZrIrX8Rf8hCP/AK5D+ZrIr2cP/CifOYv+NIKKKK2OcKKKKACiiigABIIIOCK37K5FzACfvrww/rWBU1rcNbThx06MPUVjXpe0j5nThq/sp67M6KikRldAynKkZBpa8s9zcUEggg4I6Gun068F5bgk/vF4cf1rl6sWd01pcLIvI6MPUVnOPMi4uzOspksSTRPFIoZHBVge4pY5FljV0OVYZBp1cuxrueZ6xpj6VftAcmM/NG3qv+NZ9ela3pa6rYNFwJk+aJj2Pp9DXm7o0UjRupV1JDA9Qa97C1/aw13R89jMP7Gemz2G0UUV1HGFFFFABRRRQAUUUUAFFFFABRRRQBzmp2f2a43KP3b8j2PpVGururdbq3aJu/Q+hrlpI2ikaNxhlOCKxkrM6KcrobRRRUmgUUUUAFFFFABRRRQAUUUUAFFFFABRRRQAUUUUAFFFFABRRRQAUUUUAFFFFABRRRQAUUUUAFFFFABRRRQAUUUUAFFFFABRRRQAUUUUAFFFFACqpZgqjJJwBXVWluLa2SIdQOT6msjRrXzJjOw+VOF+tbtawXUwqy1sFFFFWZBRRRQAUUUUAFFFFABRRRQAUUUUAFFFFABRRRQAUUUUAFFFFABRRRQAUUUUAFFFFABRRRQAVb0w41GE+5H6GqlWLE4voD/tgVM9Yszrq9KS8mdRRRRXjnyIUUUUAFFFFABRRRQBFcrvtZV9UI/SuUrsOtci67HZfQ4ruwj3R7WUy0nH0G0UUV2HsBRRRQAUUUUAFFFFABRRRQAUUUUAFFFFAFrTpPLv4T6tt/PiumrkFYqwYdQciuuVgyhh0IyK4cWtUzxM2haUZi0UUVxnkBRRRQAUUUUAFYGtJtvFb+8grfrJ1xMxwyehI/P/APVW+GdqiO7Lp8uIXmYtFFFemfSBRRRQAUUUUAFFFFABRRRQAUUUUAFFFFABRRRQAUUUUAFFFFABRRRQAUUUUAFFFFABRRRQAUUUUAFFFFABRRRQAUUUUAFFFFABRRRQAUUUUAFFFFABRRRQAUUUUAFFFFABRRRQAUUUUAFFFFABRRRQAUUUUAFFFFABRRRQAUUUUAFFFFABRRRQAUUUUAFFFFABRRRQAUUUUAFFFFABRRRQAUUUUAFFFFABRRRQAUUUUAFFFFABRRRQAUUUUAFFFFABRRRQAUUUUAeuUUUV8ufXBRRRQAVQ1PpH+P8ASr9UdSB2xntk1UPiE9jOooorck5nxF/yEI/+uQ/mayK2PEQ/06I+sYH6msevZw/8KJ87i/40gooorY5gooooAKKKKACiiigDS0y62t5Dng/dPofStauXBwcjrW/Y3X2mHk/OvDf41wYqlZ86PVwNe69nL5FmiiiuM9E1tGvfLf7NIflY/IfQ+lb1cX0NdNpl79rt8Mf3qcN7+9YVYfaRpCXQvVyXi3R8j+0oF56TAfo1dbSOiyIyOAysMEHoRSo1XSmpImvRVaDgzySitPXNKbSr8oMmB/miY+np9RWZX0MJqcVKOzPmpwcJOMt0FFFFUQFFFFABRRRQAUUUUAFFFFABWVrFnvT7Sg+Zfv8AuPWtWkIBBBGQaTV0VF2dzj6Kt6haG0uSAP3bcqf6VUrBqx0p3VwooooGFFFFABRRRQAUUUUAFFFFABRRRQAUUUUAFFFFABRRRQAUUUUAFFFFABRRRQAUUUUAFFFFABRRRQAUUUUAFFFFABRRRQAUUUUAFKql2CqMknAFJWro1tvla4YfKnC/Wmld2FJ2VzWtYBbWyRDsOT6mpqKK3OXcKKKKBBRRRQAUUUUAFFFFABRRRQAUUUUAFFFFABRRRQAUUUUAFFFFABRRRQAUUUUAFFFFABRRRQAVLanF3CfSRf51FT4TieMj+8P50pbMmavFo62iiivGPjwooooAKKKKACiiigArl71dl9MP9sn8+a6iud1ZduoOf7wB/TH9K6sI/faPUyqVqrXkUaKKK9A94KKKKACiiigAooooAKKKKACiiigAooooAK6ewfzLCFv9nH5cVzFb+jPusiv91yK5sUrwuebmkL0U+zNGiiivOPnwooooAKKKKACqOrJv09z/AHSG/p/Wr1RXKeZayp6ocVdN2kma0J8lWMuzOUooor1z60KKKKACiiigAooooAKKKKACiiigAooooAKKKKACiiigAooooAKKKKACiiigAooooAKKKKACiiigAooooAKKKKACiiigAooooAKKKKACiiigAooooAKKKKACiiigAooooAKKKKACiiigAooooAKKKKACiiigAooooAKKKKACiiigAooooAKKKKACiiigAooooAKKKKACiiigAooooAKKKKACiiigAooooAKKKKACiiigAooooAKKKKACiiigAooooAKKKKACiiigD1yimxkmJCepAp1fLn1oUUUUDCqepf6lP97+lXKp6l/qU/3v6VUdxMzKKKK3JOb8R/8AH5F/1z/qaxq2fEf/AB+Rf9c/6msavZw/8JHzuL/jyCiiitjmCiiigAooooAKKKKACpradreYSDp0I9RUNFJpNWZUZOLujpkdZEDqcqRkGnVkaZdbH8hz8rH5T6GtevJq03TlY96hVVWHMgqa1uXtbhZU7dR6j0qGis3qbHYxSpNEsiHKsMin1z+j3vky+RIf3bngnsa6CuSceV2Nou6KGr6bHqlg8DYDj5o2/utXms0MlvM8MqlZEJVgexr1muX8WaP50X9oQL+8QYlA7r6/h/L6V3YHEckvZy2Z5+YYbnj7SO6/I4uiiivYPDCiiigAooooAKKKKACiiigAooooAr3tqLu2ZP4hyp9DXLspRirDBBwRXYVjazZ/8vKD2cf1qJrqa05W0MeiiisjcKKKKACiiigAooooAKKKKACiiigAooooAKKKKACiiigAooooAKKKKACiiigAooooAKKKKACiiigAooooAKKKKACiiigAooooAciNI6ooyzHAFdVbQLbW6RL/AAjk+prI0W23SNcMOF4X61uVrBdTCpK7sFFFFWZBRRRQAUUUUAFFFFABRRRQAUUUUAFFFFABRRRQAUUUUAFFFFABRRRQAUUUUAFFFFABRRRQAUUUUAFOT76/Wm0oOGB9DQwex19FFFeKfGhRRRQAUUUUAFFFFABWHri4uIn9Vx+R/wDr1uVla4mYYn9GI/P/APVW+HdqiO3L5cuIiYlFFFemfShRRRQAUUUUAFFFFABRRRQAUUUUAFFFFABWvob/ADTJ6gEVkVoaO+2/A/vKR/X+lZV1emzlxsebDyX9aHQUUUV5R8uFFFFABRRRQAUUUUAclMnlzyJ/dYimVc1RNmoSejYb9Kp17EHeKZ9dRnz04y7oKKKKo0CiiigAooooAKKKKACiiigAooooAKKKKACiiigAooooAKKKKACiiigAooooAKKKKACiiigAooooAKKKKACiiigAooooAKKKKACiiigAooooAKKKKACiiigAooooAKKKKACiiigAooooAKKKKACiiigAooooAKKKKACiiigAooooAKKKKACiiigAooooAKKKKACiiigAooooAKKKKACiiigAooooAKKKKACiiigAooooAKKKKACiiigAooooAKKKKACiiigD1mL/AFKf7op9Mi/1Kf7op9fMPc+tWwUUUUhhVPUv9Sn+9/SrlU9S/wBSn+9/SqjuJmZRRRW5JzfiP/j8i/65/wBTWNWz4jH+lwn/AGP61jV7OH/hI+dxf8eQUUUVscwUUUUAFFFFABRRRQAUUUUAHSt6xuvtMPzH94vDe/vWDUtvO1vMJF/EeorGtS9pHzOnDV/ZTv0e50dFNjdZI1dTlWGRTq8vY9xO+qCuk0q9+1QbHP71Bz7j1rm6lt53tp1lTqp6eo9KiceZFRdmdfSEBgQQCDwQaZBMlxCsqHKsPyqSuTY3POvEGkHS77MY/wBHly0Z9PVfwrIr1HU9Pi1OxktpOM8q391uxrzO5t5bS5kgmXbIhwwr3MHiPaws90fP43DeynzR2ZFRRRXYcIUUUUAFFFFABRRRQAUUUUAFIyq6FWGVIwRS0UDOWvLVrS4aM/d6qfUVXrptRtBd25AH7xeVP9K5kjBwetYyVmdEJcyCiiipLCiiigAooooAKKKKACiiigAooooAKKKKACiiigAooooAKKKKACiiigAooooAKKKKACiiigAooooAKKKKACiiigAp0aNJIqKMsxwBTa1tFttztcMOF+Vfr3ppXYpOyua1vCtvbpEv8I6+pqWiitzlCiiigQUUUUAFFFFABRRRQAUUUUAFFFFABRRRQAUUUUAFFFFABRRRQAUUUUAFFFFABRRRQAUUUUAFFFFABRRSp99frQDOvooorxT40KKKKACiiigAooooAKoaum6wY/3WB/p/Wr9V75N9jMP9gn8uaum7TTNsPLlqxfmjl6KKK9c+sCiiigAooooAKKKKACiiigAooooAKKKKACrNg+y/hP8AtY/Piq1ORtkit/dINKSumiakeaDj3Ouoo60V4x8eFFFFABRRRQAUUUUAYmuJiaKT+8pH5f8A66yq3taTdaI/dX/Q/wCRWDXp4d3po+ly+fNh15BRRRW52hRRRQAUUUUAFFFFABRRRQAUUUUAFFFFABRRRQAUUUUAFFFFABRRRQAUUUUAFFFFABRRRQAUUUUAFFFFABRRRQAUUUUAFFFFABRRRQAUUUUAFFFFABRRRQAUUUUAFFFFABRRRQAUUUUAFFFFABRRRQAUUUUAFFFFABRRRQAUUUUAFFFFABRRRQAUUUUAFFFFABRRRQAUUUUAFFFFABRRRQAUUUUAFFFFABRRRQAUUUUAFFFFABRRRQAUUUUAFFFFABRRRQB6zF/qU/3RT6it23W0THugP6VLXzD3PrVsFFFFIYVT1H/j3X/f/oauVT1H/j3X/fH8jVR3EzMooorck53xH/x8Qf7h/nWJW34j/wCPiD/cP86xK9jDfwkfPYz+PIKKKK3OUKKKKACiiigAooooAKKKKACiiigDQ0y68t/Jc/Kx+X2NbFcvW7YXX2iHDH94vB9/euHFUre+j1MDXuvZy+RboooriPSNHSb77PN5Tn905/I10dcXXRaTffaIfJkP7xB+YrGrD7SNIS6GlXN+KtH+1W/22Bf30Q+cD+Jf8RXSUVFKo6c1JCrUo1YOEjyOitvxJo/9m3nmxL/o0xyuP4T3H+H/ANasSvoadRVIqUT5qpTlTk4S3QUUUVZmFFFFABRRRQAUUUUAFFFFABWFrFn5cn2hB8rn5vY1u0yWNZomjcZVhg0pK6KjLldzkaKlubdradon7dD6ioqwOoKKKKACiiigAooooAKKKKACiiigAooooAKKKKACiiigAooooAKKKKACiiigAooooAKKKKACiiigAooooAKKKKAHRxtLIsajLMcCurghW3gSJeijH1rJ0W2yzXDDgfKv171tVrBaXMKkruwUUUVZkFFFFABRRRQAUUUUAFFFFABRRRQAUUUUAFFFFABRRRQAUUUUAFFFFABRRRQAUUUUAFFFFABRRRQAUUUUAFPhGZ4x6sP50ypIHWO4jds7VYE4+tJ7CnfldjrKKjhniuE3xOGHt2qSvHaa0Z8e4uLswooopCCiiigAooooAKa6742U/wAQIp1FAJ21OPPBxRUt0my7mX0c/wA6ir2U7q59jF8yTCiiimMKKKKACiiigAooooAKKKKACiiigAooooA6u2bfaxN6oD+lS1U0xt2nxe2R+tW68eatJo+RrR5ako9mwoooqTMKKKKACiiigCtqCeZYTD0XP5c1zFde6h0ZT0IxXIsCrFT1BxXdhHo0e5lM/clESiiiuw9YKKKKACiiigAooooAKKKKACiiigAooooAKKKKACiiigAooooAKKKKACiiigAooooAKKKKACiiigAooooAKKKKACiiigAooooAKKKKACiiigAooooAKKKKACiiigAooooAKKKKACiiigAooooAKKKKACiiigAooooAKKKKACiiigAooooAKKKKACiiigAooooAKKKKACiiigAooooAKKKKACiiigAooooAKKKKACiiigAooooAKKKKACiiigAoorpZvBtyg3R3Cyr2wuD/ADrOpWhTtzu1zalQqVb8ivY5qiteTQZIW2ySMh/2o8f1pn9j/wDTf/xz/wCvUfWaXc0+p1/5fyPQrT/jzg/65r/Kpqitl22sS+iAfpUtfPvc+jjsgooopDCqeo/8e6/74/kauVT1H/j3X/fH8jVR3EzMooorck53xH/x8Qf7h/nWJW34kH7+A/7J/nWJXsYb+Ej57Gfx5BRRRW5yhRRRQAUUUUAFFFFABRRRQAUUUUAFS287W8yyL26j1FRUUmk1ZlJuLujpo5FljV0OVYZFOrG0268uTyXPyMePY1s15VWm6crHu0Kyqw5uoVJDM9vMsqHDKc1HRWRudfbXCXMCyp0Pb0PpUtc1pd79ln2Of3TnB9j610tcs48rNou6K1/ZRahZyW0w+Vxwe6nsRXmd5aS2N3JbTDDocfX3r1WsDxPo/wBvtPtMK5uIR0H8a9x/WuvBYj2cuWWzOHH4b2keeO6OCooor2jwQooooAKKKKACiiigAooooAKKKKAKGqWf2mDeg/eJyPcelc7XY1z+q2fkTeag/dufyNZzXU2py6GdRRRWZsFFFFABRRRQAUUUUAFFFFABRRRQAUUUUAFFFFABRRRQAUUUUAFFFFABRRRQAUUUUAFFFFABRRRQAU+KNppVjQZZjgUytjRbbJa5YdPlT+pppXZMnZXNWGJYIUiTooxUlFFbnMFFFFAgooooAKKKKACiiigAooooAKKKKACiiigAooooAKKKKACiiigAooooAKKKKACiiigAooooAKKKKACiiigAooqWC3luZNkSFj3PYUJX2Gk27IYkjxsGRireoOK6LTzePHuuSApHygj5jSWWlxW2HfEkvr2H0q/W6wsZa1EdsMrpVFevG/8AXcTFJinUVEsuova6MKnDuDl8N16P/O43FFOorP8AsyH8zOd8M0ek3+A2jFOoo/syH8zBcM0es3+BBPcRWyhpm2g8DgmqraxaL0Lt9F/xqze24urR4/4uq/WuVIwcGsqmBhB7s58RkdGjJatp/wBdie7mSe6klQEKx4B69KgoorRKysjojFRioroFFFFMYUUUUAFFFFABRRRQAUUUUAFFFFABRRRQBv6K2bJh6Of5CtGsLSbyG3WRZn27iCOCa1lvLZ+k8f4tivMrwlzt2Pm8bRmq8mouxPRSKysMqwI9jS1gcLVgooooAKKKXFawoVJ/DFnVRwOJrO1ODfy/XYQkAEk4A71yt2Ua7laM5UsSCK29Yika03Ix2qcso7iuerupYaVF+9ue5hcuqYRt1d2FFFFbnYFFFFABRRRQAUUUUAFFFFABRRRQAUUUUAFFFFABRRRQAUUUUAFFFFABRRRQAUUUUAFFFFABRRRQAUUUUAFFFFABRRRQAUUUUAFFFFABRRRQAUUUUAFFFFABRRRQAUUUUAFFFFABRRRQAUUUUAFFFFABRRRQAUUUUAFFFFABRRRQAUUUUAFFFFABRRRQAUUUUAFFFFABRRRQAUUUUAFFFFABRRRQAUUUUAFFFFABRRRQAUUUUAFFFFABRRRQAV6zF/qU/wB0V5NXrMX+pT/dFeZmW0fn+h62V7y+X6jmVXXayhh6EZqjNpFpLyEMZ9UP9Kv0V5abWx67SYiLsRV9BiloopDCiiigAqnqX/Huv+//AENXKp6l/wAe6f7/APQ1UdxMzKKKK3JOf8Sf6y3+jf0rCrd8Sf6y3+jf0rCr2MN/CR89jf48v66BRRRW5yhRRRQAUUUUAFFFFABRRRQAUUUUAFFFFABW5p919oh2sf3idfcetYdSQTNBMsi9R1HqKyrUvaRt1OjDVnSnfp1OkopkUiyxrIhypFPrymraHuppq6Cug0e986L7PIfnQfKT3Fc/T4pWhlWRDhlORUTjzKxSdmdjRUNrcpd26yr36j0NTVyNWNjg/FGj/Ybr7VCv+jzHkD+BvT8a5+vVru1ivbWS3mXKOMH2968y1Cxl069ktphyp4PZh2Ir2sFiPaR5Jbo8LH4b2cueOzK1FFFdx54UUUUAFFFFABRRRQAUUUUAFRzwJcQtE/Rh+XvUlFAzkZomgmaNx8ynFMre1ez86Lz0HzoOfcVg1hJWZ0xlzIKKKKRQUUUUAFFFFABRRRQAUUUUAFFFFABRRRQAUUUUAFFFFABRRRQAUUUUAFFFFABRRRQAUUUUAPiiaaVY1+8xwK6uGJYYUjX7qjArK0W1+9csP9lP6mtitYLS5hUld2CiiirMgooooAKKKKACiiigAooooAKKKKACiiigAooooAKKKKACiiigAooooAKKKKACiiigAooooAKKKKACiiigApQpZgFBJPQCr1rpU9xhmHlx+rDk/QVt21lBaD92vzd2PU1rCjKR10cJOpq9EZdpozvh7k7F/uDqf8K2Yoo4UCRoFUdhT6K64U4x2PUpUIUl7qCiiirNgooooAKKKKACiiigArmdUhEV8+37rfN/jXRSyeWvuelYmqLlI39CR+f/AOqsq0bwucuNhzUm+xmUUUVwniBRRRQAUUUUAFFFFABRRRQAUUUUAFFFFABRRRQAUUUUAbegj93MfcVr1laEP3Ep/wBr+latd1Je4j3MKk6MbhRRRWiSRuoxWyCiiimUIQGUqRkEYIrlr22NpctH/D1U+orqqo6pafabbcozJHyPcdxWNaHNE5cXR9pC63RzdFFFcR4gUUUUAFFFFABRRRQAUUUUAFFFFABRRRQAUUUUAFFFFABRRRQAUUUUAFFFFABRRRQAUUUUAFFFFABRRRQAUUUUAFFFFABRRRQAUUUUAFFFFABRRRQAUUUUAFFFFABRRRQAUUUUAFFFFABRRRQAUUUUAFFFFABRRRQAUUUUAFFFFABRRRQAUUUUAFFFFABRRRQAUUUUAFFFFABRRRQAUUUUAFFFFABRRRQAUUUUAFFFFABRRRQAUUUUAFFFFABXrMX+pT/dFeTV6zF/qU/3RXmZltH5/oetle8vl+o+iiivKPYCiiigAooooAKjmhSePY+cdeDjFSUUAZM2kScmC5P0cf1FZ81rfwcsrkeq8101FaKo0S4o4i5hS7x54LFehzjFZ0ukd4pPwb/Gu81CCJ7dnaNSwx82OayfKj/55r+VdVLEyivdOarhadR+8jjZbK4i+9GSPVear13XlR/881/KsPxFFGiwMqKrEtkgYz0rto4pzkotHnYnAqnBzi9jBooortPNCiiigAooooAKKKKACiiigAooooAKKKKAL2m3fkyeU5wjdCexrarl6sQXk1vwrZX+6eRXLWw/O+aO534bGezXJPY6CiqUGpQy4D/u29+n51d61wShKLtJHqQqRmrxdy7pt6bS4wx/dPw3t7104IIyORXF1u6NfeYn2aQ/Mo+Q+o9K56sOqNoS6GvWL4j0calZeZEv+kwjKY/iHdf8K2qKzpzdOSlEqpTjUi4S2Z5GRg4NFdL4r0f7NP8Ab4F/cyn94B/C3r+P865qvoaVRVIKSPma1KVKbhIKKKK0MgooooAKKKKACiiigAooooAK5vUrP7LcZUfu35X29q6SoLu2W6t2ibqeVPoamSui4S5WcrRTnRo5GRxhlOCKbWJ0hRRRQAUUUUAFFFFABRRRQAUUUUAFFFFABRRRQAUUUUAFFFFABRRRQAUUUUAFFFFABT4YmnmSJerHFMra0W1wrXLDk/Kv9TTSuyZOyuakUawxLGgwqjAp9FFbnMFFFFAgooooAKKKKACiiigAooooAKKKKACiiigAooooAKKKKACiiigAooooAKKKKACiiigAooooAKKuWumXFzhsbE/vN/Stm20u3t8MV8x/7zf4VrClKR00sLUqa7IxrbTbi5wQuxP7zf0ratdNt7bDY3v/AHm/pVyiumFKMT06WFp09d2FFFFanSFFFFABRRRQAUUUUAFFFBIA5oAKa7hFyaje4VeF5NVmYucsc00h2Fdy7ZNZ2qMBEidy2fy//XVuWaOFdzsB6Duaxric3Epc8DoB6Csa80o8vU48bWjGm4dWRUUUVwnihRRRQAUUUUAFFFFABRRRQAUUUUAFFFFABRRRQAUUUUAb+hjFk59ZD/IVp1Q0dcaep9WJq/XoU/gR7+HVqUfQKKKKs2CiiigAooooA5rVLX7NdEqMRv8AMvt6iqVdPqNt9ptGAHzr8y1zFcNWHLI8TF0vZ1NNmFFFFZHKFFFFABRRRQAUUUUAFFFFABRRRQAUUUUAFFFFABRRRQAUUUUAFFFFABRRRQAUUUUAFFFFABRRRQAUUUUAFFFFABRRRQAUUUUAFFFFABRRRQAUUUUAFFFFABRRRQAUUUUAFFFFABRRRQAUUUUAFFFFABRRRQAUUUUAFFFFABRRRQAUUUUAFFFFABRRRQAUUUUAFFFFABRRRQAUUUUAFFFFABRRRQAUUUUAFFFFABRRRQAUUUUAFFFFABXq1r/x5wf9c1/lXlNdlYeMLZYo4rq3ePaoXeh3Dj2//XXBjqU6iXKr2PRy+tCnKXO7XOqoqpaapY32Ps91G5P8OcN+R5q3XjuLi7NHtxkpK8XcKKKKRQUUUUAFFFFABRRRQBWvv+PRvqP51k1rX3/Ho31H86ya2p7EsKwvEn+rt/q39K3awvEn+rt/q39K6sN/FRyY3+BL+upz9FFFewfPBRRRQAUUUUAFFFFABRRRQAUUUUAFFFFABRRRQAVPBdzW5+Rsr/dPIqCik4qSsyoycXeLNuDU4ZcCT923v0/Or8cjRusiNgg5BFcrU8F3Nbn5G+X+6eRXJUwifwHoUse1pUR6bZ3S3dusg4bow9DViuI0fxBHBcjzcxq3D+n1rsRd2xGRcRY/3xXk1aMqcrNHrUq8KkbxY64gjurd4JlDRuMMDXmeqadJpl89vJyByjf3l7GvSvtdt/z8Rf8AfYrH8QQWOp2JC3VuLmLJjJkX8V6963wdaVKdnszmxtGNWF1ujgaKKK9s8AKKKKACiiigAooooAKKKKACiiigDJ1iz3L9pQcjh/cetYldgQGBBGQeCK5m/tDaXJUfcblT7VlNdTenLoVaKKKg1CiiigAooooAKKKKACiiigAooooAKKKKACiiigAooooAKKKKACiiigAooooAkghaedIl6scV1ccaxRrGowqjArL0W12o1yw5bhfp3rWrWCsrmFSV3YKKKKsyCiiigAooooAKKKKACiiigAooooAKKKKACiiigAooooAKKKKACiiigAooooAKKKKACiilVS7BVGSTgUDHwQSXEgjiXLH9K3rPSobfDSYkk9T0H0qXT4YreDYn3/4j3NW67KdFR1e56+HwkYLmnqwooorc7QooooAKKKKACiiigAooooAKCQBk1HJMqcdT6VWeRnPJ49KaQ7Ez3AHCc+9V2dmOWJNRTzxW0TSzSLGg6sxrl9S8VuxMdgu1f+erjk/Qf41FSrCmveInUhTWp1Es0cK5kYD0Hc1nzak7cRDaPU9a4xtUvXYs1wxJ6kgUn9pXn/Pc/kK4p4ty20POrYmrPSOiOnZmc5Ykn1JpK5n+0rz/AJ7n8hR/aV5/z3P5CsPaI4vZSOmormf7SvP+e5/IUf2lef8APc/kKOdB7JnTUVzQ1S9A/wBd/wCOj/Cj+1b3/nt/46P8KOdB7JnS0Vzn9r3n/PQf98il/ti7/vJ/3zRzoPZSOiorn/7ZuvSP/vml/tu5/uRfkf8AGjnQvZyN+isIa5NnmKP9acNdfvAv/fVPnQezkbdFY4131t//AB//AOtThrsfeBh9DRzIXs5djWorMGuW/eOUfQD/ABp41m1PXzB9Vp8yDkl2NCiqI1azPWQj6qakGpWZ6Tr+IIouhcr7FqioBe2p6XEf4sBTxPE3SVD9GFO4rM6rSxjTYfof5mrlVdOwdPgx/dq1Xow+FH0FL+HH0QUUUVRoFFFFABRRRQAVzOp2/wBnvXAHyv8AMtdNWZrUG+0EoHMZ/Q/5FY1o3icuMp89JvsYFFFFcR4gUUUUAFFFFABRRRQAUUUUAFFFFABRRRQAUUUUAFFFFABRRRQAUUUUAFFFFABRRRQAUUUUAFFFFABRRRQAUUUUAFFFFABRRRQAUUUUAFFFFABRRRQAUUUUAFFFFABRRRQAUUUUAFFFFABRRRQAUUUUAFFFFABRRRQAUUUUAFFFFABRRRQAUUUUAFFFFABRRRQAUUUUAFFFFABRRRQAUUUUAFFFFABRRRQAUUUUAFFFFABRRRQAUUUUAFFFFABWjaa7qVngRXTlB/A/zD9azqKmUIyVpK5cZyg7xdjrrTxr0F5a/Voj/Q/41uWmvabeYEd0isf4ZPlP69fwrzWiuSpgKUttDsp5jWj8Wp65RXl1pql9ZY+z3MiAfw5yv5Hit208Z3CYW7t0lH95DtP+H8q4qmX1I/Dqd1PMqUvi0O0orHtPE+l3WAZ/JY/wyjb+vT9a1kdZFDIwZT0KnINck6coaSVjuhUhNXi7jqKKKgsr3v8Ax6P+H86yK173/j0k/D+YrIransSwrC8Sf6u3+rf0rdrD8SD9zAfRiK6sN/FRyY3+BL+upz1FFFewfPBRRRQAUUUUAFFFFABRRRQAUUUUAFFFFABRRRQAUUUUAFFFFABRRRQAUUUUAFFFFABRRRQAUUUUAFFFFABRRRQAUUUUAFVr61F3bFP4xyp96s0UPUadtTj2UqxVhgg4IpK19Ys8H7Sg4PD/AF9ayKwaszqi7q4UUUUhhRRRQAUUUUAFFFFABRRRQAUUUUAFFFFABRRRQAUUUUAFFFFABUlvC1xOkS9WOPpUdbei222Nrhhy3C/SnFXZMpWVzUjRY41RRhVGBTqKK3OYKKKKBBRRRQAUUUUAFFFFABRRRQAUUUUAFFFFABRRSMyoMswUepOKBi0VVfUbSPrOp/3ef5VWfW7dfuJI34YpcyGot9DTorEfXZD/AKuFR/vHNV31a8fo4X/dUVPOilTkdHTWdEGXZV+pxXLPd3En3p5D7bjUJOetL2hSpeZ1D39onWdPwOf5VC+sWi9C7fRf8a52ilzsr2SNttdjH3IGP1OKhbXJT92FB9STWVRS5mP2cS+2sXbdGRfov+NXNEv55tatlmmJQk5HA5wcfrWJT4ZWgmjmT76MGX6g5pxm1JNlwSjJOx6iCVOQcGrMc4bhuDWdZ3cd9aR3ER+VxnHoe4qeva0kro9rRq6NCiqaTOnGcj0NTrcIevBpWCxLRSBg3Qg0tIQUUU0yIvVhQA6ioWuVHQE1C07t3wPanYdiy8ip1PPpVd52bgcCoqjnnitomlmkWNB1ZjTslqw0W5JWRquv2+nAxpiW4/uA8L9T/SsfVfFDzBobDdGnQynhj9PT+f0rmycnJ61xVsXbSH3nJVxVtIFm91C51CXzLiQt/dXoF+gqtRRXA227s4W23dhRRRSEFFFFABRRRQAUUUUAFFFFABRRRQAUUUUAFFFFABRRRQAUUUUAFFFFAHqHh7/kAWX/AFzrTrM8Pf8AIAsv+udadexT+BHrw+FBRRRVlBRRRQAUUUUAFRXMYltpUP8AEpFS1FcPtTHc0WvoJq6scWt7at0uI/xYCpFljf7rqfoa5a6QR3cyL0V2A/A1FXkc7R4TpeZ2NFcgsjp912X6HFSre3S9LiT8WJo9oL2T7nVUVzS6reL/AMts/VRUq61dDqsbfUf/AF6fOifZSOgorEXXXH3oFP0bFSrrsZ+9C4+hBp8yF7ORrUVnrrNq3XzF+q1Kup2bdJgPqCKfMhcr7FuioVu7d/uzxn/gQqUMGGQQR7UxWFooooEFFFFABRRRQAUUUUAFFFFABRRRQAUUUUAFFFFABRRRQAUUUUAFFFFABRRRQAUUUUAFFFFABRRRQAUUUUAFFFFABRRRQAUUUUAFFFFABRRRQAUUUUAFFFFABRRRQAUUUUAFFFFABRRRQAUUUUAFFFFABRRRQAUUUUAFFFFABRRRQAUUUUAFFFFABRRRQAUUUUAFFFFABRRRQAUUUUAFFFFABRRRQAUUUUAFFFFABRRRQAVNb3dzaNut55Ij32MRmoaKTSejGm07o6G08YX8OBcJHcL6kbW/McfpW7aeLdOnwJS9u3+2Mj8xXA0VzTwdGfS3oddPHVodb+p6hPcQ3Ni7wSpKvHKMCOtZlcGrshyrFT6g4p/nzf8APV/++jWCwFtpHWsz7x/E7msTxH/x7wf75/lWAZpSMGRyP9400szdST9TWlLCOE1K5lXx6qQcOXcSiiiu080KKKKACiiigAooooAKKKKACiiigAooooAKKKKACiiigAooooAKKKKACiiigAooooAKKKKACiiigAooooAKKKKACiiigAooooAa6LIjIwyrDBFcvd2zWtw0Z6dVPqK6qqepWf2q3O0fvE5X39qmSujSErM5qiiisToCiiigAooooAKKKKACiiigAooooAKKKKACiiigAooooAKKKKAJbaBrm4SJerHk+grqkRY0VFGFUYArM0W22RNcMPmfhfpWrWsFZHPUld2CiiirMwooooAKKKKACiiigAopCQoySAPU1Vl1K0i6zBj6LzRcaTexborIl1xRxFCT7scVTk1e7k6MqD/ZFS5otU5M6MkAZJwKrSX9rF96dM+gOf5VzUkskpzJIzf7xzTKlzLVLub0mtwL/q43c+/AqpJrc7f6uNEHvyazKKnmZSpxRZk1C7k+9Ow/3eP5VXZmY5Ykn1JpKKm5SSQUUUUDCiiigAooooAKKKKACiiigAooooA1dF1l9LmKuC9u5+dR1B9RXc29xDdQrNBIskbdCK8xqxaXtzYyeZbTNGx646H6jvXVQxLp+69UdNHEOGj2PS6K5O28YSDC3VsrerRnH6H/ABrRi8VabJ97zo/95P8ADNd0cRSl1O2OIpvqbdLk+prI/wCEk0rGftJ+nlt/hUcninTEGVaWT2VP8cVTrU/5kV7Wn3Rt5J6mkrm5fGFuB+5tZX/32C/yzWfP4tvZMiGKKIHocFiP6fpWcsVSXUzeJprqdpVO61Wxs8ie5RWH8IO5vyFcJc6pfXeRNdSMpGCoOFP4DiqdYSxv8qMZYz+VHVXni/grZW//AAOX/Af41zl1eXF7J5lzM0jdsngfQdBUFFck6s5/EzlnVnP4mFFFFZmYUUUUAFFFFABRRRQAUUUUAFFFFABRRRQAUUUUAFFFFABRRRQAUUUUAFFFFABRRRQB6b4abd4dsznPykfkxFa1c34Ou1fRhCxwYpGUfjz/AFrpK9ek7wR61J3ggooorQsKKKKACiiigAJwMmqUj73J7dqknlz8i9O5rL1a6FnpVxNnDBCF+p4H6mnflTkwb5Vdnns8nm3Ekn99i35mo6KK8M8YKKKKACiiigAooooAKKKKACgEg5BxRRQBKtzOn3ZpB9GNSrqV4vSdvxANVaKd2KyNBdZu16lG+q1KuuSj70KH6EisqinzMXJHsbS66h+9Aw+jZqZdatT1Ei/UVz9FHOxezidKuqWbf8tsfVSKmW8tn+7PH/30K5Sinzsn2SOwVlb7rA/Q0tccDjpUi3E6fdmkH0Y0/aC9l5nW0VzC6jdr0nb8ef51KusXa9WRvqtPnQvZM6KisJdcmH3ooz9Mipl11f4rcj6N/wDWp86F7ORr0VmrrdseqSD8B/jUq6tZt/y1K/VTT5kTyy7F2iq631q3S4j/ABOKlWWN/uyIfowp3FZj6KKKBBRRRQAUUUUAFFFFABRRRQAUUUUAFFFFABRRRQAUUUUAFFFFABRRRQAUUUUAFFFFABRRRQAUUUUAFFFFABRRRQAUUUUAFFFFABRRRQAUUUUAFFFFABRRRQAUUUUAFFFFABRRRQAUUUUAFFFFABRRRQAUUUUAFFFFABRRRQAUUUUAFFFFABRRRQAUUUUAFFFFABRRRQAUUUUAFFFFABRRRQAUUUUAFFFFABRRRQAUUUUAFFFFABRRRQAUUUUAFFFFABRRRQAUUUUAFFFFABRRRQAUUUUAFFFFABRRRQAUUUUAFFFFABRRRQAUUUUAYOr2flS+eg+Rz83sazK66aJJ4mjcZVhg1y1xA9tO0T9R39RWU1bU6KcrqxFRRRUGgUUUUAFFFFABRRRQAUUUUAFFFFABRRRQAUUUUAFTWsDXNwkQ7nk+gqGt3Rrby4TOw+Z+F+lOKuyZSsrmmiqiKijCqMAUtFFbnMFFFHSgQUVVm1G1h4MoY+i81nza4xyIYgPdz/Sk5JFqDZtVDLd28H+slVT6ZyfyrnJr+5m+/M2PReB+lV6hz7Fql3N2XW4V4ijZz6ngVRl1i6k4UrGP9kf41QoqXJstQih8kskpzJIzH/aOaZRRUlhRRRQAUUUUAFFFFABRRRQAUUUUAFFFFABRRRQAUUUUAFFFFABRRRQAUUUUAFFFFABRRRQAUUUUAFFFFABRRRQAUUUUAFFFFABRRRQAUUUUAFFFFABRRRQAUUUUAFFFFABRRRQAUUUUAFFFFABRRRQAUUUUAbvha+FtqBt3OEuAFB/2h0/qPxFdykrp0OR6GvKQSDkcGu20LXkvo1t7lgt0BgE9JPp7+3+R34SsrckjuwtVW5JHTrcqfvAipBIjdGFUaK7rHbY0KKoAkdDRub+8fzpcorF1nVfvECq8k5bheBUNHQZNNIdgrjvFOpC4uFsomykJy5Hd/T8P61c1rxIkatbWDhpDw0o6L9PU+9cjXDiq6a5InDia6a5IhRRRXAcQUUUUAFFFFABRRRQAUUUUAFFFFABRRRQAUUUUAFFFFABRRRQAUUUUAFFFFABRRRQAUUUUAFFFFADlkdPuuy/Q4qVby5XpcSfixNQUUXFYuLql4v8Ay2z9VBqRdZuh18tvqtZ9FPmYuVdjVXXJR96FD9CRUq66v8VuR9Gz/SsWinzMXs4m8ut25+9HIPwB/rUq6vZnq7L9VNc5RT52L2cTp11KzbpOv4gipFu7Zuk8R/4GK5SijnYvZI69XRvusD9DTq46nLJIv3XYfQ0/aC9l5nX0Vyi3dyvS4l/76NSDUrxek7fiAafOheyZ09Fc4NXvB1dT9VFSDW7kdUiP4H/GjnQvZyN+isQa7J/FCh+hIp410fxW5/B//rU+dC9nI2KKyxrkPeKQfTBp41q1PUSD6rRzIOSXY0aKpDVrM9ZCPqpp41KzPSdfxyKd0LlfYtUVAL21PS4i/wC+hTxPCekqH6MKdxWZJRSAg9CD9KWgQUUUUAFFFFABRRRQAUUUUAFFFFABRRRQAUUUUAFFFFABRRRQAUUUUAFFFFABRRRQAUUUUAFFFFABRRRQAUUUUAFFFFABRRRQAUUUUAFFFFABRRRQAUUUUAFFFFABRRRQAUUUUAFFFFABRRRQAUUUUAFFFFABRRRQAUUUUAFFFFABRRRQAUUUUAFFFFABRRRQAUUUUAFFFFABRRRQAUUhIHUgfWmmaJesqD6sKBj6KgN5bL1uIv8AvsUw6jaDrOv4c0roLMtUVSOrWY/5ak/RTTDrNoOnmH6LRzIfLLsaFFZZ1yDtHIfrgf1ph11f4YCfq2KXMh8kuxr0VinXX7QKPq2ajOt3HaOIfgf8aOdD9nI3qK506xdnoUH0WmHVLxv+W2Poo/wpc6H7JnS0VyzX103W4k/BsVGbiZvvSyH6saXtB+yZ1pIAyTio2nhX70qD6sK5Mknqc0lHtA9l5nUm+tV63Ef4NmszVJ7O5jDRygyr0+U8j0rJopOdylTSdwoooqDQKKKKACiiigAooooAKKKKACiiigAooooAKKKKAJrS3NzcpEOhPJ9BXVKoRQqjAAwBWLpr29nA000gEj9FHJxTp9cJ4gix/tP/AIVpFpLUxmnJ6GzVSbUrWDIMgZvROa5+a7nuP9bKzD06D8qhoc+w1S7mtNrcjcQxhR6tyaz5rqef/Wysw9M8flUNFQ22WopbBRRRSKCiiigAooooAKKKKACiiigAooooAKKKKACiiigAooooAKKKKACiiigAooooAKKKKACiiigAooooAKKKKACiiigAooooAKKKKACiiigAooooAKKKKACiiigAooooAKKKKACiiigAooooAKKKKACiiigAooooAKKKKACiiigAooooAKKKKANqx8TX1qAkuLiMf3/vfn/jmtmHxdZOB5sM0bd8AMB+Of6VxlFbwxNSOlzaOIqR0ud5/wAJNpX/AD3b/v23+FQyeLNOQ4VZ5PdVAH6muJoq3jKhbxdQ6e48YOQRbWir6NI2f0GP51jXmsX1+Cs07bD/AAL8q/p1/GqNFZTrVJ7sylWnLdhRRRWRmFFFFABRRRQAUUUUAFFFFABRRRQAUUUUAFFFFABRRRQAUUUUAFFFFABRRRQAUUUUAFFFFABRRRQAUUUUAFFFFABRRRQAUUUUAFFFFABRRRQAUUUUAFFFFABRRRQAUUUUAFFFFABRRRQAUUUUAFOEjjo7D6Gm0UASi6uB0nlH0c08X10OlxJ+JzVeindisi2NTvB0nP4gGnDVrwf8tAfqoqlRRdhyrsaA1m7H9w/8Bp41u57xxH8D/jWZRRzMXJHsao1yXvCn4E04a63e3H/ff/1qyKKfMxckextDXV725/77/wDrU4a5F3hf8xWHRRzsPZxN4a5b945fyH+NOGtWp7SD/gP/ANeufop87F7OJ0Q1i0P8TD/gNOGrWZ/5akfVTXN0Uc7D2SOmGp2ZH+vH5H/Cnf2haH/lulcvRRzsXskdT9utf+fiP/vqnfa7b/n4i/77FcpRRzsPZI6z7RB/z2j/AO+hTvOj/wCeif8AfQrkaKftA9l5nX70/vL+dOBBGRXHUUe0F7LzOxorjwSOhIpQ7g5DN+dHtA9l5nX0VyPnS/8APR/++jSi4mHSaT/vo0e0D2XmdbRXJ/aJ/wDntJ/30aX7Xc/8/Ev/AH2aPaB7J9zq6K5T7Xc/8/Ev/fZp3266/wCfiT/vqnzoXsmdTRXLfbrr/n4k/wC+qBf3Y/5bv+Jo50HsmdTRXL/2hd/893o/tC7/AOe70c6D2TOoorl/7Qu/+e70f2hd/wDPd6OdB7JnUUVzP9pXn/Pc/kKP7SvP+e5/IUc6D2TOmormf7SvP+e5/IUf2lef89z+Qo50HsmdNRXMHUrw/wDLdv0pP7Qu/wDnu9HOg9kzqKK5f+0Lv/nu9H9oXf8Az3ejnQeyZ1FFcv8A2hd/893pPt11/wA/En/fVHOg9kzqaK5b7ddf8/En/fVIb26P/LxL/wB9GjnQeyZ1VFcp9ruf+fiX/vs0G6uD1uJT/wADNLnH7JnV0VyX2if/AJ7Sf99GgzynrK5/4EaPaB7LzOtorkfNkPWR/wDvqm72/vH86PaB7LzOwpCwHUgfWuPJz1oo9oHsvM68yIOrqPxpDNEBkyoP+BCuRoo9oP2XmdYbmADJnjH/AAMU03lsBn7RF/32K5Wij2geyR1Jv7Uf8vEf5006jaD/AJbr+FcxRS52HskdKdUsh/y3H/fJ/wAKQ6tZg/60n/gJrm6KOdj9kjojrFp/ec/8Bpp1q1H8Mp/4CP8AGufoo52Hs4m8dct+0cp+oH+NNOuRdoX/ADFYdFLnY/ZxNk66O1uf++//AK1NOut2twPq3/1qyKKOdh7OJqnXJu0KD6k0w63cnokQ/A/41m0UczHyR7GgdZuz/cH/AAGmHVrw/wDLUD6KKpUUuZhyx7Fs6neH/lufwAphvro9biT8Diq9FF2PlRKbq4PWeU/VzTDJIersfqabRSHYKKKKACiiigAooooAKKKKACiiigAooooAKKKKACiiigAooooAKKKKACiiigAooooAKKKKACiiigAooooAKKKKACiiigAooooAKKKKACiiigAooooAKKKKACiiigAooooAKKKKACiiigAooooAKKKKACiiigAooooAKKKKACiiigAooooAKKKKACiiigAooooAKKKKACiiigAooooAKKKKACiiigAooooAKKKKACiiigAooooAKKKKACiiigAooooAKKKKACiiigAooooAKKKKACiiigAooooAKKKKACiiigAooooAKKKKACiiigAooooAKKKKACiiigAooooAKKKKACiiigAooooAKKKKACiiigAooooAKKKKACiiigAooooAKKKKACiiigAooooAKKKKACiiigAooooAKKKKACiiigAooooAKKKKACiiigAooooAKKKKACiiigAooooAKKKKACiiigAooooAKKKKACiiigAooooAKKKKACiiigAooooAKKKKACiiigAooooAKKKKACiiigAooooAKKKKACiiigAooooAKKKKACiiigAooooAKKKKACiiigAooooAKKKKACiiigAooooAKKKKACiiigAooooAKKKKACiiigAooooAKKKKACiiigAooooAKKKKACiiigAooooAKKKKACiiigAooooAKKKKACiiigAooooAKKKKACiiigAooooAKKKKACiiigAooooAKKKKACiiigAooooAKKKKACiiigAooooAKKKKACiiigAooooAKKKKACiiigAooooAKKKKACiiigAooooAKKKKACiiigAooooAKKKKACiiigAooooAKKKKACiiigAooooAKKKKACiiigAooooAKKKKACiiigAooooAKKKKACiiigAooooAKKKKACiiigAooooAKKKKACiiigAooooAKKKKACiiigAooooAKKKKACiiigAooooAKKKKACiiigAooooAKKKKACiiigAooooAKKKKACiiigAooooAKKKKACiiigAooooAKKKKACiiigAooooAKKKKACiiigAooooAKKKKACiiigAooooAKKKKACiiigAooooAKKKKACiiigAooooAKKKKACiiigAooooAKKKKACiiigAooooAKKKKACiiigAooooAKKKKACiiigAooooAKKKKACiiigAooooAKKKKACiiigAooooAKKKKACiiigAooooAKKKKACiiigAooooAKKKKACiiigAooooAKKKKACiiigAooooAKKKKACiiigAooooAKKKKACiiigAooooAKKKKACiiigAooooAKKKKACiiigAooooAKKKKACiiigAooooAKKKKACiiigAooooAKKKKACiiigAooooAKKKKACiiigAooooAKKKKACiiigAooooAKKKKACiiigAooooAKKKKACiiigAooooAKKKKACiiigAooooAKKKKACiiigAooooAKKKKACiiigAooooAKKKKACiiigAooooAKKKKACiiigAooooAKKKKACiiigAooooAKKKKACiiigAooooAKKKKACiiigAooooAKKKKACiiigAooooAKKKKACiiigAooooAKKKKACiiigAooooAKKKKACiiigAooooAKKKKACiiigAooooAKKKKACiiigAooooAKKKKACiiigAooooAKKKKACiiigAooooAKKKKACiiigAooooAKKKKACiiigAooooAKKKKACiiigAooooAKKKKACiiigAooooAKKKKACiiigAooooAKKKKACiiigAooooAKKKKACiiigAooooAKKKKACiiigAooooAKKKKACiiigAooooAKKKKACiiigAooooAKKKKACiiigAooooAKKKKACiiigAooooAKKKKACiiigAooooAKKKKACiiigAooooAKKKKACiiigAooooAKKKKACiiigAooooAKKKKACiiigAooooAKKKKACiiigAooooAKKKKACiiigAooooAKKKKACiiigAooooAKKKKACiiigAooooAKKKKACiiigAooooAKKKKACiiigAooooAKKKKACiiigAooooAKKKKACiiigAooooAKKKKACiiigAooooAKKKKACiiigAooooAKKKKACiiigAooooAKKKKACiiigAooooAKKKKACiiigAooooAKKKKACiiigAooooAKKKKACiiigAooooAKKKKACiiigAooooAKKKKACiiigAooooAKKKKACiiigAooooAKKKKACiiigAooooAKKKKACiiigAooooAKKKKACiiigAooooAKKKKACiiigAooooAKKKKACiiigAooooAKKKKACiiigAooooAKKKKACiiigAooooAKKKKACiiigAooooAKKKKACiiigAooooAKKKKACiiigAooooAKKKKACiiigAooooAKKKKACiiigAooooAKKKKACiiigAooooAKKKKACiiigAooooAKKKKACiiigAooooAKKKKACiiigAooooAKKKKACiiigAooooAKKKKACiiigAooooAKKKKACiiigAooooAKKKKACiiigAooooAKKKKACiiigAooooAKKKKACiiigAooooAKKKKACiiigAooooAKKKKACiiigAooooAKKKKACiiigAooooAKKKKACiiigAooooAKKKKACiiigAooooAKKKKACiiigAooooAKKKKACiiigAooooAKKKKACiiigAooooAKKKKACiiigAooooAKKKKACiiigAooooAKKKKACiiigAooooAKKKKACiiigAooooAKKKKACiiigAooooAKKKKACiiigAooooAKKKKACiiigAooooAKKKKACiiigAooooAKKKKACiiigAooooAKKKKACiiigAooooAKKKKACiiigAooooAKKKKACiiigAooooAKKKKACiiigAooooAKKKKACiiigAooooAKKKKACiiigAooooAKKKKACiiigAooooAKKKKACiiigAooooAKKKKACiiigAooooAKKKKACiiigAooooAKKKKACiiigAooooAKKKKACiiigAooooAKKKKACiiigAooooAKKKKACiiigAooooAKKKKACiiigAooooAKKKKACiiigAooooAKKKKACiiigAooooAKKKKACiiigAooooAKKKKACiiigAooooAKKKKACiiigAooooAKKKKACiiigAooooAKKKKACiiigAooooAKKKKACiiigAooooAKKKKACiiigAooooAKKKKACiiigAooooAKKKKACiiigAooooAKKKKACiiigAooooAKKKKACiiigAooooAKKKKACiiigAooooAKKKKACiiigAooooAKKKKACiiigAooooAKKKKACiiigAooooAKKKKACiiigAooooAKKKKACiiigAooooAKKKKACiiigAooooAKKKKACiiigAooooAKKKKACiiigAooooAKKKKACiiigAooooAKKKKACiiigAooooAKKKKACiiigAooooAKKKKACiiigAooooAKKKKACiiigAooooAKKKKACiiigAooooAKKKKACiiigAooooAKKKKACiiigAooooAKKKKACiiigAooooAKKKKACiiigAooooAKKKKACiiigAooooAKKKKACiiigAooooAKKKKACiiigAooooAKKKKACiiigAooooAKKKKACiiigAooooAKKKKACiiigAooooAKKKKACiiigAooooAKKKKACiiigAooooAKKKKACiiigAooooAKKKKACiiigAooooAKKKKACiiigAooooAKKKKACiiigAooooAKKKKACiiigAooooAKKKKACiiigAooooAKKKKACiiigAooooAKKKKACiiigAooooAKKKKACiiigAooooAKKKKACiiigAooooAKKKKACiiigAooooAKKKKACiiigAooooAKKKKACiiigAooooAKKKKACiiigAooooAKKKKACiiigAooooAKKKKACiiigAooooAKKKKACiiigAooooAKKKKACiiigAooooAKKKKACiiigAooooAKKKKACiiigAooooAKKKKACiiigAooooAKKKKACiiigAooooAKKKKACiiigAooooAKKKKACiiigAooooAKKKKACiiigAooooAKKKKACiiigAooooAKKKKACiiigAooooAKKKKACiiigAooooAKKKKACiiigAooooAKKKKACiiigAooooAKKKKACiiigAooooAKKKKACiiigAooooAKKKKACiiigAooooAKKKKACiiigAooooAKKKKACiiigAooooAKKKKACiiigAooooAKKKKACiiigAooooAKKKKACiiigAooooAKKKKACiiigAooooAKKKKACiiigAooooAKKKKACiiigAooooAKKKKACiiigAooooAKKKKACiiigAooooAKKKKACiiigAooooAKKKKACiiigAooooAKKKKACiiigAooooAKKKKACiiigAooooAKKKKACiiigAooooAKKKKACiiigAooooAKKKKACiiigAooooAKKKKACiiigAooooAKKKKACiiigAooooAKKKKACiiigAooooAKKKKACiiigAooooAKKKKACiiigAooooAKKKKACiiigAooooAKKKKACiiigAooooAKKKKACiiigAooooAKKKKACiiigAooooAKKKKACiiigAooooAKKKKACiiigAooooAKKKKACiiigAooooAKKKKACiiigAooooAKKKKACiiigAooooAKKKKACiiigAooooAKKKKACiiigAooooAKKKKACiiigAooooAKKKKACiiigAooooAKKKKACiiigAooooAKKKKACiiigAooooAKKKKACiiigAooooAKKKKACiiigAooooAKKKKACiiigAooooAKKKKACiiigAooooAKKKKACiiigAooooAKKKKACiiigAooooAKKKKACiiigAooooAKKKKACiiigAooooAKKKKACiiigAooooAKKKKACiiigAooooAKKKKACiiigAooooAKKKKACiiigAooooAKKKKACiiigAooooAKKKKACiiigAooooAKKKKACiiigAooooAKKKKACiiigAooooAKKKKACiiigAooooAKKKKACiiigAooooAKKKKACiiigAooooAKKKKACiiigAooooAKKKKACiiigAooooAKKKKACiiigAooooAKKKKACiiigAooooAKKKKACiiigAooooAKKKKACiiigAooooAKKKKACiiigAooooAKKKKACiiigAooooAKKKKACiiigAooooAKKKKACiiigAooooAKKKKACiiigAooooAKKKKACiiigAooooAKKKKACiiigAooooAKKKKACiiigAooooAKKKKACiiigAooooAKKKKACiiigAooooAKKKKACiiigAooooAKKKKACiiigAooooAKKKKACiiigAooooAKKKKACiiigAooooAKKKKACiiigAooooAKKKKACiiigAooooAKKKKACiiigAooooAKKKKACiiigAooooAKKKKACiiigAooooAKKKKACiiigAooooAKKKKACiiigAooooAKKKKACiiigAooooAKKKKACiiigAooooAKKKKACiiigAooooAKKKKACiiigAooooAKKKKACiiigAooooAKKKKACiiigAooooAKKKKACiiigAooooAKKKKACiiigAooooAKKKKACiiigAooooAKKKKACiiigAooooAKKKKACiiigAooooAKKKKACiiigAooooAKKKKACiiigAooooAKKKKACiiigAooooAKKKKACiiigAooooAKKKKACiiigAooooAKKKKACiiigAooooAKKKKACiiigAooooAKKKKACiiigAooooAKKKKACiiigAooooAKKKKACiiigAooooAKKKKACiiigAooooAKKKKACiiigAooooAKKKKACiiigAooooAKKKKACiiigAooooAKKKKACiiigAooooAKKKKACiiigAooooAKKKKACiiigAooooAKKKKACiiigAooooAKKKKACiiigAooooAKKKKACiiigAooooAKKKKACiiigAooooAKKKKACiiigAooooAKKKKACiiigAooooAKKKKACiiigAooooAKKKKACiiigAooooAKKKKACiiigAooooAKKKKACiiigAooooAKKKKACiiigAooooAKKKKACiiigAooooAKKKKACiiigAooooAKKKKACiiigAooooAKKKKACiiigAooooAKKKKACiiigAooooAKKKKACiiigAooooAKKKKACiiigAooooAKKKKACiiigAooooAKKKKACiiigAooooAKKKKACiiigAooooAKKKKACiiigAooooAKKKKACiiigAooooAKKKKACiiigAooooAKKKKACiiigAooooAKKKKACiiigAooooAKKKKACiiigAooooAKKKKACiiigAooooAKKKKACiiigAooooAKKKKACiiigAooooAKKKKACiiigAooooAKKKKACiiigAooooAKKKKACiiigAooooAKKKKACiiigAooooAKKKKACiiigAooooAKKKKACiiigAooooAKKKKACiiigAooooAKKKKACiiigAooooAKKKKACiiigAooooAKKKKACiiigAooooAKKKKACiiigAooooAKKKKACiiigAooooAKKKKACiiigAooooAKKKKACiiigAooooAKKKKACiiigAooooAKKKKACiiigAooooAKKKKACiiigAooooAKKKKACiiigAooooAKKKKACiiigAooooAKKKKACiiigAooooAKKKKACiiigAooooAKKKKACiiigAooooAKKKKACiiigAooooAKKKKACiiigAooooAKKKKACiiigAooooAKKKKACiiigAooooAKKKKACiiigAooooAKKKKACiiigAooooAKKKKACiiigAooooAKKKKACiiigAooooAKKKKACiiigAooooAKKKKACiiigAooooAKKKKACiiigAooooAKKKKACiiigAooooAKKKKACiiigAooooAKKKKACiiigAooooAKKKKACiiigAooooAKKKKACiiigAooooAKKKKACiiigAooooAKKKKACiiigAooooAKKKKACiiigAooooAKKKKACiiigAooooAKKKKACiiigAooooAKKKKACiiigAooooAKKKKACiiigAooooAKKKKACiiigAooooAKKKKACiiigAooooAKKKKACiiigAooooAKKKKACiiigAooooAKKKKACiiigAooooAKKKKACiiigAooooAKKKKACiiigAooooAKKKKACiiigAooooAKKKKACiiigAooooAKKKKACiiigAooooAKKKKACiiigAooooAKKKKACiiigAooooAKKKKACiiigAooooAKKKKACiiigAooooAKKKKACiiigAooooAKKKKACiiigAooooAKKKKACiiigAooooAKKKKACiiigAooooAKKKKACiiigAooooAKKKKACiiigAooooAKKKKACiiigAooooAKKKKACiiigAooooAKKKKACiiigAooooAKKKKACiiigAooooAKKKKACiiigAooooAKKKKACiiigAooooAKKKKACiiigAooooAKKKKACiiigAooooAKKKKACiiigAooooAKKKKACiiigAooooAKKKKACiiigAooooAKKKKACiiigAooooAKKKKACiiigAooooAKKKKACiiigAooooAKKKKACiiigAooooAKKKKACiiigAooooAKKKKACiiigAooooAKKKKACiiigAooooAKKKKACiiigAooooAKKKKACiiigAooooAKKKKACiiigAooooAKKKKACiiigAooooAKKKKACiiigAooooAKKKKACiiigAooooAKKKKACiiigAooooAKKKKACiiigAooooAKKKKACiiigAooooAKKKKACiiigAooooAKKKKACiiigAooooAKKKKACiiigAooooAKKKKACiiigAooooAKKKKACiiigAooooAKKKKACiiigAooooAKKKKACiiigAooooAKKKKACiiigAooooAKKKKACiiigAooooAKKKKACiiigAooooAKKKKACiiigAooooAKKKKACiiigAooooAKKKKACiiigAooooAKKKKACiiigAooooAKKKKACiiigAooooAKKKKACiiigAooooAKKKKACiiigAooooAKKKKACiiigAooooAKKKKACiiigAooooAKKKKACiiigAooooAKKKKACiiigAooooAKKKKACiiigAooooAKKKKACiiigAooooAKKKKACiiigAooooAKKKKACiiigAooooAKKKKACiiigAooooAKKKKACiiigAooooAKKKKACiiigAooooAKKKKACiiigAooooAKKKKACiiigAooooAKKKKACiiigAooooAKKKKACiiigAooooAKKKKACiiigAooooAKKKKACiiigAooooAKKKKACiiigAooooAKKKKACiiigAooooAKKKKACiiigAooooAKKKKACiiigAooooAKKKKACiiigAooooAKKKKACiiigAooooAKKKKACiiigAooooAKKKKACiiigAooooAKKKKACiiigAooooAKKKKACiiigAooooAKKKKACiiigAooooAKKKKACiiigAooooAKKKKACiiigAooooAKKKKACiiigAooooAKKKKACiiigAooooAKKKKACiiigAooooAKKKKACiiigAooooAKKKKACiiigAooooAKKKKACiiigAooooAKKKKACiiigAooooAKKKKACiiigAooooAKKKKACiiigAooooAKKKKACiiigAooooAKKKKACiiigAooooAKKKKACiiigAooooAKKKKACiiigAooooAKKKKACiiigAooooAKKKKACiiigAooooAKKKKACiiigAooooAKKKKACiiigAooooAKKKKACiiigAooooAKKKKACiiigAooooAKKKKACiiigAooooAKKKKACiiigAooooAKKKKACiiigAooooAKKKKACiiigAooooAKKKKACiiigAooooAKKKKACiiigAooooAKKKKACiiigAooooAKKKKACiiigAooooAKKKKACiiigAooooAKKKKACiiigAooooAKKKKACiiigAooooAKKKKACiiigAooooAKKKKACiiigAooooAKKKKACiiigAooooAKKKKACiiigAooooAKKKKACiiigAooooAKKKKACiiigAooooAKKKKACiiigAooooAKKKKACiiigAooooAKKKKACiiigAooooAKKKKACiiigAooooAKKKKACiiigAooooAKKKKACiiigAooooAKKKKACiiigAooooAKKKKACiiigAooooAKKKKACiiigAooooAKKKKACiiigAooooAKKKKACiiigAooooAKKKKACiiigAooooAKKKKACiiigAooooAKKKKACiiigAooooAKKKKACiiigAooooAKKKKACiiigAooooAKKKKACiiigAooooAKKKKACiiigAooooAKKKKACiiigAooooAKKKKACiiigAooooAKKKKACiiigAooooAKKKKACiiigAooooAKKKKACiiigAooooAKKKKACiiigAooooAKKKKACiiigAooooAKKKKACiiigAooooAKKKKACiiigAooooAKKKKACiiigAooooAKKKKACiiigAooooAKKKKACiiigAooooAKKKKACiiigAooooAKKKKACiiigAooooAKKKKACiiigAooooAKKKKACiiigAooooAKKKKACiiigAooooAKKKKACiiigAooooAKKKKACiiigAooooAKKKKACiiigAooooAKKKKACiiigAooooAKKKKACiiigAooooAKKKKACiiigAooooAKKKKACiiigAooooAKKKKACiiigAooooAKKKKACiiigAooooAKKKKACiiigAooooAKKKKACiiigAooooAKKKKACiiigAooooAKKKKACiiigAooooAKKKKACiiigAooooAKKKKACiiigAooooAKKKKACiiigAooooAKKKKACiiigAooooAKKKKACiiigAooooAKKKKACiiigAooooAKKKKACiiigAooooAKKKKACiiigAooooAKKKKACiiigAooooAKKKKACiiigAooooAKKKKACiiigAooooAKKKKACiiigAooooAKKKKACiiigAooooAKKKKACiiigAooooAKKKKACiiigAooooAKKKKACiiigAooooAKKKKACiiigAooooAKKKKACiiigAooooAKKKKACiiigAooooAKKKKACiiigAooooAKKKKACiiigAooooAKKKKACiiigAooooAKKKKACiiigAooooAKKKKACiiigAooooAKKKKACiiigAooooAKKKKACiiigAooooAKKKKACiiigAooooAKKKKACiiigAooooAKKKKACiiigAooooAKKKKACiiigAooooAKKKKACiiigAooooAKKKKACiiigAooooAKKKKACiiigAooooAKKKKACiiigAooooAKKKKACiiigAooooAKKKKACiiigAooooAKKKKACiiigAooooAKKKKACiiigAooooAKKKKACiiigAooooAKKKKACiiigAooooAKKKKACiiigAooooAKKKKACiiigAooooAKKKKACiiigAooooAKKKKACiiigAooooAKKKKACiiigAooooAKKKKACiiigAooooAKKKKACiiigAooooAKKKKACiiigAooooAKKKKACiiigAooooAKKKKACiiigAooooAKKKKACiiigAooooAKKKKACiiigAooooAKKKKACiiigAooooAKKKKACiiigAooooAKKKKACiiigAooooAKKKKACiiigAooooAKKKKACiiigAooooAKKKKACiiigAooooAKKKKACiiigAooooAKKKKACiiigAooooAKKKKACiiigAooooAKKKKACiiigAooooAKKKKACiiigAooooAKKKKACiiigAooooAKKKKACiiigAooooAKKKKACiiigAooooAKKKKACiiigAooooAKKKKACiiigAooooAKKKKACiiigAooooAKKKKACiiigAooooAKKKKACiiigAooooAKKKKACiiigAooooAKKKKACiiigAooooAKKKKACiiigAooooAKKKKACiiigAooooAKKKKACiiigAooooAKKKKACiiigAooooAKKKKACiiigAooooAKKKKACiiigAooooAKKKKACiiigAooooAKKKKACiiigAooooAKKKKACiiigAooooAKKKKACiiigAooooAKKKKACiiigAooooAKKKKACiiigAooooAKKKKACiiigAooooAKKKKACiiigAooooAKKKKACiiigAooooAKKKKACiiigAooooAKKKKACiiigAooooAKKKKACiiigAooooAKKKKACiiigAooooAKKKKACiiigAooooAKKKKACiiigAooooAKKKKACiiigAooooAKKKKACiiigAooooAKKKKACiiigAooooAKKKKACiiigAooooAKKKKACiiigAooooAKKKKACiiigAooooAKKKKACiiigAooooAKKKKACiiigAooooAKKKKACiiigAooooAKKKKACiiigAooooAKKKKACiiigAooooAKKKKACiiigAooooAKKKKACiiigAooooAKKKKACiiigAooooAKKKKACiiigAooooAKKKKACiiigAooooAKKKKACiiigAooooAKKKKACiiigAooooAKKKKACiiigAooooAKKKKACiiigAooooAKKKKACiiigAooooAKKKKACiiigAooooAKKKKACiiigAooooAKKKKACiiigAooooAKKKKACiiigAooooAKKKKACiiigAooooAKKKKACiiigAooooAKKKKACiiigAooooA/9kNCmVuZHN0cmVhbQ1lbmRvYmoNMTY2IDAgb2JqDTw8L0NvbnRlbnRzIDE2NyAwIFIgL01lZGlhQm94IFswIDAgOTYwIDU0MF0gL1BhcmVudCAyIDAgUiAvUmVzb3VyY2VzIDw8L0V4dEdTdGF0ZSA8PC9HUzggOCAwIFI+PiAvRm9udCA8PC9GVDEwIDEwIDAgUiAvRlQxNSAxNSAwIFIgL0ZUMzIgMzIgMCBSIC9GVDQ0IDQ0IDAgUj4+IC9YT2JqZWN0IDw8L0lNMTY4IDE2OCAwIFIgL0lNOSA5IDAgUj4+Pj4gL1R5cGUgL1BhZ2U+Pg1lbmRvYmoNMTY3IDAgb2JqDTw8L0ZpbHRlciAvRmxhdGVEZWNvZGUgL0xlbmd0aCA5NDA+Pg0Kc3RyZWFtDQp4nK1Y22rcQAx9L/gf5jlQZ0aaK5SCvV6HFvLQdqEfUJpAaFo2fejvVx57N7bkdG2nGLODdnx05owka3wsjNJ0ve1+nNXq22NxLDpL8r3h6Xvx9Ur9pHnd9XRPf1/ffInq/jefdndVfCp0qZ36U4C6pfsj3Q95mlafb87PHfNT2a3DVDrofNMg+M799YfbpJpfirAIqHdLDx+L+lBctwejFYBRh7veVUbJIwOlMUE58KUBVIfH4p1vd+794UEZgzRJHZrOEsjyZn8grsshXWl0XALZLyurhF45Y8uoHsnaj350IzQlWBp2/4/Hw4ysYmZ2VvwCRTesGZYTHOtJj7s0gxywBOV8GV3GRbuHDtd5PeDqVLfMgsExi2t2zBK153PqxCyV4RZXCYtlvgaGbG+dQpohl+dJbkikXygx9tKdyKIgi4IsCrIoyKIQZmSpbZxasHHVcvqgI/GPU/42CL8+cG5NwyypbZkl7FYICWmGSV2jQLD2wlY4KgEnAB1lniK8ABDJMwewmq/Kaa5FyPu00ImxRnoBY1cg0JMcwYdgOc+8H0sxkyPMyFm55eobrXv5E1W7TfJTue3XNUYIQm3bSFaXtRpjzqn9YlyaEATCjNq+XsEKDPZqT1mtQUAjEdDXPAaA14tYc4tvI8/kACL/OXLSfI5Etq3h1WpGpUv5DGBL95p8ngBYy1fiW857Uz5PvGzK5wmCRy14rsEc8vkiq4v5DPTuTq/K5wlCSDzaqtCsyMaTVmNMvxORp/eiavv1+TnxMpNdlsf3qrWAD9KLXIvfVzw+a7NhH2N6fq9u28cxQmx5/ldxhcLnfZywwoxpqFUcMOcssiP4ZxbYTuGxl0rzCHQaeZ0S/VrSK2pCt7PCbx8/SxHiHPPIexFbC0sSXVjglaQOcTkTajklk2RWqIEJJYJFGYEXYxjBbGztTjE8QUiaK+PEGyuKN6ireT723fHK2jJdC+Z4AzhjalgTLWhL4KuT9crXPM6r+vKb3jvegSUvzwdrIsprYssV0Os7fXR2Y6s5dAYTgCU7vakzmHjZ1BlMEHziPFNaWRNz/E1Zbej0MfqNjdk5G8cIfV1e2gectB0jeBDV0LDY/V+d+8RvEif3l3pKeTr+d/UZ19nhk9hRWaAzGvSkhrGjY7yOyhn6scPXL+Pj8/ev0cIgzn0ACt6VEW2GgNOemlwvDJhzVTKzkfYCJJ2cEoN0VYaE+FxgdztmCU3N5yRuSXvNLRmnp9ZdfwHnZE9/DQplbmRzdHJlYW0NZW5kb2JqDTE3MCAwIG9iag08PC9Db250ZW50cyAxNzEgMCBSIC9NZWRpYUJveCBbMCAwIDk2MCA1NDBdIC9QYXJlbnQgMiAwIFIgL1Jlc291cmNlcyA8PC9FeHRHU3RhdGUgPDwvR1M4IDggMCBSPj4gL0ZvbnQgPDwvRlQxMCAxMCAwIFIgL0ZUMTUgMTUgMCBSIC9GVDE3MiAxNzIgMCBSIC9GVDMyIDMyIDAgUiAvRlQ0NCA0NCAwIFI+PiAvWE9iamVjdCA8PC9JTTkgOSAwIFI+Pj4+IC9UeXBlIC9QYWdlPj4NZW5kb2JqDTE3MSAwIG9iag08PC9GaWx0ZXIgL0ZsYXRlRGVjb2RlIC9MZW5ndGggNjA1ND4+DQpzdHJlYW0NCnicrVzbimU5cn035D+c5wGf0f0CxpBZWTXYMA9jF/gDGveYodumxw/+fceKi0Kp3dmVmdUUTddZtaUtheKyIkLn/PIQb4H+/CP+V0u4/fDzwy8PQGYT4O//+fAff7j9Nz2HP3//K/3zH//07+P21/89H/vxDw9/eQj3UG//95Buf6b//pX++xs/Fm7/9qc17hcexa+ted5rwrvpL73h9X/8lz/P2/P/3GgumkheS4N/eXj6+vDHL19juKUUb19/lFfxLPy3mO4x9ltN7R5Tvn39+eGf2pdP9Z+//u0WY6aHbl+fgQxC/uHzV1rr26es9xjGW6aUbbGUcrvVWO7j9jOh8ref8Lcc76nQX/Hv+9/1CZYir2xJ/BtLrLrn9PYF7vKk4XX+ysw939OttvuoPG8unxPmrS3ovGE+fTmQ3OuB1OdPBzJCO595mgfyGE+kPl6QcrxLV3icbb1leuKV7cU07rF03qAtNV+Wmi9LzZel5stS80Us+zNf4oGU/vz2xafYz9WP53B5xwV58w5frqOU3xRiC/dqywijX4bn9MrwWe/9GJ55PSmt9YQ6WJ1zdKTKM9ORzLvI3RGZJ2/zPL59YbGSN6ovl9Yfr4J5fYLeLxOEzAYUyaBsTb+C5Le/JMUM63zxknlRx94vqjZOpOeLGqTrOb6qBjFM6MFM9/lbevCqOtPhQhH28Y/loqrpaiCvy7/1c8bcT8nMdr6jxfISaV/m8/HM0+dykfCnb456DNe48+rqc7zIo13OrKWnd8xYLvKo9cspjwvy1Mf51nJZx/Pp3MpzfK/uJAqx+Tt058X4q8aPUt6rOy9mFN1564pGPcc/tnyuqJ2yHiG8w/RBl16+o4xr9Ht9fL3ssV/C1uPT9Rxfn3HmY8ZfsYIyz12XcnkmpV+1prdq+jjXEdqn9K13XFf2vreWejnz617b53f4gDJPvU5P4x0WX8NFQ/qX645+O7Szmnw8tL8Y3i7+93GcnvTp9KTh6dM1bH/Ll8zgtOhdi1Zfso8v5en09rOf5xquWv2Ok0ohn2/N7XxrSyeZe2qP5zOvSPh9FvxCeuE9dGRO+d8+QeIjTs2Z2XumzJFp1MsTeb7IP9d3TFnzZcrvFFwe8zLlr23zt20tp/Q9NPrF8KdPl4Tj6RLt84WjzIv1/R72mGv5bV74DXt8Of73JtGI9uPlO0q4cOhLbOzjjOjk6E69HKfNil2/1Z56PVcW8pC0xvfKPP2WihsY82QyufFBkxv3Vo/XfqcV537Px5Tzkq7O53fwl0wmc075OC9TfnJKFe6QUbgXGqZ1rDoiik+xUIxMt5/5cxnjFuO8x95uLaR7j+02O7+kUbo9E39Ktx8eBgmq2sefHohicqzTh0er90lz2Fz8eb2LRsvnAgfHw/X5Uiina/Nm0xXCwxw3fRs+RozXxejnnx5srfa87cXm073q+3449r7KToDpbAkvNG9TocBMSrqP2elJADFRMlHivdGKBYFKxkLibUUROiIyYHIA9kgt9HncQzOAsk5C2n2MqMhskRByZ0GeSfcU4QYKDU6KlIlRdPxjKDLYVdCzpTKSyQ0ndh4xFkUq18rmfU57ZszKFZQxZFflTmkXISSgmRXplfaQGklWVljvqMJFIlWtZEV6xDO0wjEZaSQLAuiVZShACQkh5J+TDCJzwNYTySQmRWbCciiTj7J1Ou7cWX1qFgSKRPNAEXpSZCSoa783LiNWikA1YFS7N9kEscgU8AwtdChA/xJRbRzyRKJjTIyEwMIhHsBWEiFIQQodxCQk3XOQUaRmCaOgZlERUlpCAs0nr6JVjMZRYIjYyThqEQQFHSDjXmjtMQw6UBYgsYgMIQfaVeus2mS7Gc80UpDGCB1tq4yk0VX9UfGMgY4mM5DvlAgSQB5iyiDaYBUkj8IIbQInDALGC2w0IaW4jCSZpt8DrSvS/I3X12il/CJ6YRfLo80MjCF7wL4bSSDBtghIYpwkpcw7CKwLQEiRcXaEkBNjhDSGpE7bn43XQgfSKgO0XwZwhg1A0idIIGneSIazCkDmRadKQOsy6WS3x1LGZ1Iwyn3wOcqGSQdpj+y1Jm8vwZ4igJFliOgFAW3ynKT9KfKQKrInAyl5MBBkDjk6AkqTOWiF/LFgAPsyOqUNIAI1mw8YtKyQqk85Esy7+UsHGVipw5c1aJ2tJV/4oHWO2nxrg5YVSvTNk/HQTtqSziD/kEd08Y1M9kTntgQ8Mnxe9yOgV5G4hh/SIM800/BjHOTOAqxpnfTIqNbPTRsGBcgE57M0ZpCjTH26Ug3ypKJCpneDvG3uZVPNQR55091BLrvwrKbeg4JBCW0zAYSZPNpmJgMRobohjUI2Nsdma6PQann9Zo+joBCdN5sdhXKBPDe7BjJj32x/VOy/b/5hVNot+xnzIaPSHkrc/Mwg/g5H775oEAkI7AfNXwHpM24+bVB+jpN0v0eqQVba3DMCmAyY8xyUvjZ2hOZgR6VjQRhfThjITLujHhV/G5szHy1IxFwOH0jDPCsojIYYugcOICghr9AyGmwgb+EHCIcWi1CjkQjgelYUA1Lb2CIdkFnHFg1HK+JyV8QE0vDMiqpAJh2tR14wllTmFp2B1JC2CA6kY+crygvvyRsTGI18Lg7LuAKAhPNcdAIIR8xFOYAUuOFFSxhpi7goAAbGCj03BCSojeqDCh3njHObtyTJ5fzdhQ4viynq+goOTzclWyh0eF3sSrdJsY1o3dhEUdCrE8tScZUEPrCLlCID/UvexF7osFrt29EU8k1d/JoeX8kc2v2EC52VaL8qQaGjirVvikJxnmPV0qWSsV1TLqhbIedUxLeJRpKvJ9fbNqUtdHRlmqpDsQudXU2m6lB+smIyi7wZSClQ/rEZEchqDYYknqfQkaXNGAsdp2ib2mshB5Vr3Ey6wEG13ewLHFSLm2so6qDcfQCZm4MpcE8lbk6okHuqopDqqAr9SxaHp86sVAh283cAZsybTywVJ7j7TVQPs2iJ+laSL9GXsflfIF3OTjx0IYGUuDtxiocU4Obm6IGoh5ZYUOpkDbNggc9DJ5FwUhriVN1CDpDR96hUGmyhbpELiIZdjW4F6qNRVCIgkDa3GFlICeW0NYoCKOLZNNACETFoKCaHwITMozWQLGFU4zkQ9dca8oEM2bayAs6TStuIA5AkB6XcAkiuG/sAgH9wggKkyjPKYRgZLAmlOYxMZobMg/bPEi99jHEpn9folr/bGNlannE234HROt+lMT+XhHFDl5bRR5eoMUyXupHQdTBGU/3sjMmu4zWyuxTA+LDriHFm1yOj1a5ryrxdHY2cu8oaf3e1No7vim95wLINSxXcfCybcBOzjMOt0LISt1TLXNyaLbtxi7cMyL2CZUnLcVgi5b7Fki33P5aQuY+ypM28mKV17uc083NXaLmhu0vLH92lWo65vK6loe6YLVV1523prDt4S3k9CFha7IFCM2ePJZZce7yxBNxDkiXpHrYskffIZsm+Rz8rCKwAaTWDFUKtrOBR1koPHomtPOHR2koYHtGtzOFRXyshTgysVuLkweopTjCs5uIkRMsyzlOscuNcpo5wnygBLbpjiFOis97z08N/yS7sKbLXnw8k2U7X3BekW/lmrej4bEWXxBbHuwh5IYORYIMidIl2nqYjRZCx6kQ5sryKI/BbQLpNDDcCKTetUQEpglSrLlUeRT4yl4V0QVJUpMMWyS3Pac902CKQYc/MIsSOBLsQAbLpZBSil4bVqCLEB6TbI6WJwhVxFYxkQVT9SWfoiApHx7SQJkhSewhzsmo3cQSMVEHUPMmY4cMpDvdcFxIFSWZXA5pMNjPiXEgSJHSzT7gusjSthgGQz90AjutknbM4Ikx0ZquYRXhWsmkr1ymnAKLiIq+JUI80IvWFREG0htb5JiA8igRBRhBLgeg+SVvhP0owT0AAoiIAFRedSBDftSHyOdnnjrhJ/i5oxZEQruZC5Yv6zTwSI7MvpIuXnM3Kd2wgBcFh6DNIyxkR30rPyPoQx+tCBJBKIfn1HBP7bIlVjIQiSDFkglWSp1flZ0QA8fQUQTpcDIWHmlZMmV2RFXQSxxSr3mWJeIxopIqgjBSHkpb8ikYQQkS1plTxEc1CtYIjlIGRYjGwI9UgZDQrOPYkPH3ochpZweQ42XQUEAE0CJJnhgmB0stRAakSbouUnScOvEpEblaljNNidNZYH5o8M4ZF/1CbIlGRyeyeEmStfxKShQ9UHgUWMXijZCg8ipGkSDfu0eWKwSxW/gRTB5CNr6BeAi5Sx0KaIUlZTmMSAcZuQFQgyIsKxxsgIxhXqt0QKYgSMa2SWeRRDSmKdBnVFiImzUg2xAqrtUpCUqRsCqQoII+AP09GpkqCEBBzIMIkAwpviSmgcAQgdSogHFYthhChXIxgNUCCEVJULJhsiowJaXCSjFjJtkPInAVnQ5qM6sqp0W1JTGyjcHO5oyeATFMkOW/gEwZwcoHoxdQyNlEuQuTsAECPAURZXld2nPnmryLwo0CiTEwHEuWZLPkGEE4UgMjySNpVnmm6cUJKUkSSCRJXkGdGs2SizqSIFIVJBE3TM81SIKakiIxKov2EJFFBICkqcpPUJkYZlHUQIfp5pUNTMpLSoiGjK3LTHIqPrjAxVWQkReQZ1I2HIJp5deHhGwImJYCnbyFviKR4J1DLC2RKYWDNy0irO5ICUwdfHyNtbHtADhr7tk0GVOQiCeStWRFN4YHUuMkT2W4tyUXOQN4OBRlyj/vBAWkq86Dpb+MczBWAEbY7UxJk45y1LEViJMxN2ZDDx5Y2hWSkbjqLxD/NuOk1I31uuo9qAWf5Zh4A8hxuQagwVM6izcgYCdXtEFWJFvNmqoyEuFkzsUKJgMviGRl18wood/Q2Ns/BSO2bd0GRZKS+eSBGYtu8FEoro+fNkzHSdmeHgszkUGUOEciYZXOaKONwKXI5VkZi3nwvij9ckVn+mZHYNx+OgpEh4ucZCX2LBYPLsWmLF4yMtMUU1KYQrz3uMFK20MTNb463Fr0YGW2LcKiC9ZS3KMhILFugRO2Ma4YrljKS6hZvh9Ibj8mCbGEbZboS+hbagbB+rfCP4h7uRzhFYKSOjUagRhjD3KgGIxsZweeZd8LCCC/YOA1qjz3PjfcIslEjFCyrUqOgg1T/F8XiMudMGw1jBDFlUTUujeJVxuYEiBvh43pqa84JGYAjWLQRRVgkYU4tGWltY58o3UYeZQxVkJ3FAhlpZ7qMxJ0Mo0pcWt8IsyAbp0ZpOYyx8W5B4sbNgTTElMXfBYkbx0cZO4FKrjyAkdq3TGFwHapt2YQgnm+gPA6f4CmJIHFLW4CwxazUhhFwmpX+oBSfLWnSFgQhljRpnydK7XulWozArFY6xlX/FykbI8hVLakD0KAEK+9jBO5s5YboLwSu3Vj+yAiUf+WYQDJ3JSwPFaRuuSoQjtOWzgpQtox3cA4/V4+Cznn2LWtGeyQhF1uZtSB5y76B1LQn6ILELYcH0pHcrjxfkL0WwO0aLvdYvUCQstUUBt/QmVvdYeidHa9NcCOIR1n9QpC81TiAZBjnqoMIMrZaCZASq5dTBChbxYWRthVlNmCNsKZZbycy0oZ4feglMn1aLjRpR9GBOra1oac3S9yWz0gt2xbRCexlFwMjax5upaK0WOcmTkZ63ESOpuNqveFUGJh5Ozl0KlOM2+kykvKmAZEic6hx0xJGmj1Tk9xrmiEupAiy6WjmXmpvcSFNkL66elM6sC3rM/Kp2L/DMiJTHbcV6eJW6YeogaHTW8JuhIxEaw3CUCNZWA67MTOiWi0Gjx5ySnVzCoxkcwp8aQjfUtPDE9/CSFseCdcP0Kd54aOAxLA8G64bpGYuU2/TAFBhiTtEZzzoJsRlMqK+RdwqGux6H0RdLzrsci7im9GUV4ep7htj7B6BuHg8syEtCyKdPw0VaPfrBQWJJgzsAQdXBILoowYlRvSeA8ctvj8oHl5DGyN5BURcqYgoT8wtRAJJwRC+EYBvDI6xkCmItM41HOPmg+q+hmwgJexhHdclalyXLJpcoKjJELCDqC0hJxCMaKwVkoHLGiMu2sF3KggROq9kBVc8prIMITSMSFognAdAHGUBckctyo1MpU64O6K5hNIrvk2yETC+b5J3iiaI3VsBjeNbKmMRu2b3VnY6yHdbVmcXlJER2bgQJFyIKdqAFYLEiDZ2hZziGk1fl2/4BgoQURQluUDC3IkwkCibUrKMCzqaJyihZkQctHJu3PPRuKS8nBFxv8rdgaRsbWTwe0aEymkOgAtEra6sICoiVq65BBBboeQbjOiFJ8lJcFmpSpjRvIWRYe1n5DaRG3YKTL5nDkAGSYqES1HK5jWNYkSUW1MtvkqliZ6kY4LIPMI6+f6ViFnTOiBdzFpTP761JXqg6aEgMo+kkLjrNVdOyfsEIPmZJKJAal0Iyytwueunlc8CUX8rKa8AK08mwoYSoybFkjgzsKXWuKomDFuTbwB2HQ6OH21MvTAnGfxc5EqT/Ike4F4HADCseAB54cbcsNoBqgkMyBCuN9DnISFUCxIM7DUL3MLTEVLWAGB3AaN8rmKQWhphQIoRUj0BIEmAFlgc0BoMGrRtFWVkDgOkkgNgu7Xon60a9BKI+2epKK0prei0AVKXWsuy0tUGSHFrbc3qX2vzUiAz2VgBbQnPSmxLvFaFWwdghbp1QlbLW2do5b51ylYRXHpgRcOlKVZXXLpkpUdTNitOLm20+uVSVytxLoW2KqjrvBVK3SysmOqmY/VWNy8tyboFWtV2GakVdt2Orfjrtm4FYvcHVkR2n2GFZvcrVox236P1andPVtJ2F2Zlb3dzVhpfnlCL5+4rrb7u/tRq8O5zrU7vftlq+e67rd7v/t16Ah4DrG/gccJ6Cx5LrP3g8cZaFB6TrI3hcUs7HR7atBfi0c/aJR4hraXiUdTaLh5prTXj0djaNx6wrcXjQd3aQB74rVXk5MDaSU4grOXkJEO7Us5CrHHlTMWaW85mrAHmjMeaZE6KrJHmxMmabU6urCHnBMx6dk7SrK/nRM5af072rD3ohFA7iM4ZrcnovNIakc49rVnp/FT7mU5hreXpNNfaok6FrXXqdNnaq86orQXrrNvatIuYWyd3UXdp9Tq3t2aw839rGHuOYD1lzyOs77wyDWtNezJi7WtPWKzF7UmNtcE98bFW+cqNrJvu6ZN13D3F0qa8Z2HWtvdMzVr7ns1Z+98zPrsi4FmhXSPwzNGuGnh2adcRPAO1GwuepdqtBs9k7eaDZ7t2O8KzYbtB4RmzXrLwpFqvYXjebTc1PDe32xyev9uND8/x7VaI1wHs5ojXCux2idcT7AbKKjnYJRWvSthFFq9c2GUXr27YhRivgNidGa+S2L0ar6TY3RuvtrxA9ItTL+/9/PTw48Nfjh9gevGbRP21b+fBkVd8IzYGdvb4el75Eo7v3Kd5fmOyPD8f32lOn+vxHfEyw/Gd1PR8fvEv5Xp8X7OQjh/IdT2hHd+IzfHy9nL+Ukp9fP58/nJAOr4c+U6pkdoXlVoPIX1orgijfDlXfD4lV9Lnc+29H988r5/OnxGKz+fva9DMB5LL4yHvlM6fGkqPNZ4nmQ6NSPX5+N5ybq2d8o71u+TNRQqREYWgfL7v/BWL0i4aSN7s3G09dkKR45Bjyc/nzBct1b29Rfof33/HV31MR9L5ywMpf/7Q7HlcZu/yteFbrPb9ZUI+NnslHn7MfvUVudanb8nzg/7kTd7j/A2jnNr4rpMiKpncmi96cJ7dW2yufj5/FCw+j9MKH58OpJXP5zfiRU/egrx7/wO527H/j2rOCMJg97lejU0fPil8i94iX/oSD59Sv5ya+uGYgX748b4Pxwz+HtHLueLndnq2L+evncTncuhCesrpfObqtU4te4dGf/xc8J0yO5eLLdApjBMJj991Ltv7fkfv1yZ7v332t3gkCsqH98uXHyL8qCb2el3TRzWxt87frnlxWvXzRTvyoR2vRuaP60tLixv8il/8naL8R/1ij+Gyyn75aY43zkV+saAshj5Kk5/UKI/x0ClluzI7/vw/YiFwXQ0KZW5kc3RyZWFtDWVuZG9iag0xNzkgMCBvYmoNPDwvQml0c1BlckNvbXBvbmVudCA4IC9Db2xvclNwYWNlIC9EZXZpY2VSR0IgL0ZpbHRlciAvRENURGVjb2RlIC9IZWlnaHQgNjY3IC9MZW5ndGggNDU1MTUgL1N1YnR5cGUgL0ltYWdlIC9UeXBlIC9YT2JqZWN0IC9XaWR0aCA2Njc+Pg0Kc3RyZWFtDQr/2P/gABBKRklGAAEBAAABAAEAAP/bAEMACAYGBwYFCAcHBwkJCAoMFA0MCwsMGRITDxQdGh8eHRocHCAkLicgIiwjHBwoNyksMDE0NDQfJzk9ODI8LjM0Mv/bAEMBCQkJDAsMGA0NGDIhHCEyMjIyMjIyMjIyMjIyMjIyMjIyMjIyMjIyMjIyMjIyMjIyMjIyMjIyMjIyMjIyMjIyMv/AABEIApsCmwMBIgACEQEDEQH/xAAfAAABBQEBAQEBAQAAAAAAAAAAAQIDBAUGBwgJCgv/xAC1EAACAQMDAgQDBQUEBAAAAX0BAgMABBEFEiExQQYTUWEHInEUMoGRoQgjQrHBFVLR8CQzYnKCCQoWFxgZGiUmJygpKjQ1Njc4OTpDREVGR0hJSlNUVVZXWFlaY2RlZmdoaWpzdHV2d3h5eoOEhYaHiImKkpOUlZaXmJmaoqOkpaanqKmqsrO0tba3uLm6wsPExcbHyMnK0tPU1dbX2Nna4eLj5OXm5+jp6vHy8/T19vf4+fr/xAAfAQADAQEBAQEBAQEBAAAAAAAAAQIDBAUGBwgJCgv/xAC1EQACAQIEBAMEBwUEBAABAncAAQIDEQQFITEGEkFRB2FxEyIygQgUQpGhscEJIzNS8BVictEKFiQ04SXxFxgZGiYnKCkqNTY3ODk6Q0RFRkdISUpTVFVWV1hZWmNkZWZnaGlqc3R1dnd4eXqCg4SFhoeIiYqSk5SVlpeYmZqio6Slpqeoqaqys7S1tre4ubrCw8TFxsfIycrS09TV1tfY2dri4+Tl5ufo6ery8/T19vf4+fr/2gAMAwEAAhEDEQA/APfaWkpaYgo5oooAOaOaKKADmjmiigA5o5oooAOaOaKKADmjmiigA5o5oooAOaOaKKADmjmiigA5o5oooAOaOaKKADmjmiigA5o5oooAOaOaKKACiiigAozRRQAUUUUAFFFFABmiiigAooooAKKKSgBaQmkzSZoAUmkzVDUtYs9KjjNzId8rbIokUs8jeiqOTVIXmtX5/wBGs4rGP+9dHe5/4AhwPxb8KY7G5kUZA71gPp9/1u9fmj9oo44x+GQT+tRpYxyEhdf1JiBnImAH/oNAWOjz70Zrj9NW7m1HVrZfEV0Ps10sUW8xPwYY2IOV9WPetbbr1oM+bZ3yjqGUwufxGR+goDlZtU7NY9tr0D3SWd3FNZXUn3IrgAb8f3WBKt9Ac1rA56UCHUZpM0tIBaKKKACjmiigA5o5oooAOaOaKKADmjmiigA5o5oooAOaOaKKADmjmiigA5o5oooAOaOaKKADmjmiigA5o5oooAOaKKKACkpaSgApaSloAKKKKACiiigAooooAKKKKACiiigAooooAKKKKACiiigAooooAKKKKACiiigAooooAKKKKACiiigAooooAKSiigAopCaTNADqKTNGaAFopAaWgBaKKKACkNFIaAErK1fUpbdobOzRZL65JWIN91APvO3+yB+ZIHetGWRYo2d2CqoySegFc5ocM1w8mqyljc6gN67x/wAe8H8CAepHJ9yfQUxpFyy0lLO481pHu79l/eXU/LBfQAcKPQDA+taf2ZGJMhZ/Ynj8qfFEkS4UdTkknJP1NSgUguRCCIDAjTH+6KdtUDAUY9hUmKaRQFzC023gGta1H5S5eeOU5Gc5iUZ/8drVMBUfunKeg6j8qzNUjXT7+LV1Yr92C4HZoy2AT7qT/OtoYYAigdzPuYYLxRaahBG6v93IyCfbuDWdLLceGh5skstzpOQGZyXktvcnqyeueV9x03pYkljKOoZT1BqugaFxDIxeNuFZuo/2T60wdmWopUmjWSNlZGGQynII7EVKK5yxI0jXv7MU4tbmNp7ZT0jZSN6D2+YMB2ya6KkTYWiiloAKKKKACiiigAooooAKKKKACiiigAooooAKKKKACiiigAooooAKKKKACiiigAooooAKSlpKAClpKWgAooooAKKKKACiiigAooooAKKKKACiiigAooooAKKKKACiiigAooooAKKKKACiiigAooooAKKSloAKKKSgApDS0hoAxvEfiXTvC+nreajI4R5FijSNC7yMeyqOTwCfoKzo/iF4Wlsrm9XWYDa2xUTSbWwm44Hb14rD+Ls8NhoMOpkaoL218w2k1i21YZGXG+RugXt+JryiOOI+D7nQZNZie7RkkR2vJGtZdz7iQu35XBHORg5pjSPoPRfFOi+InmTSdQjumhCmQIGBUHOM5A64P5VrTSLDE8jH5VBJ+grhfBN3LrviTVdeWK0jtmtrezRba6Ew3RtIzZIAx/rBxW/4z1VdG8JaleFiJRAyQqBkvKw2ooHcliKQF/RNWt9c0e11S1DiC6jEsYkXDYPIyK0c1wfwxvpIPD48N6iVj1fR/wDR54s9U4Mbj1UqQM+oru6BC0tJRQAtNNLSGgDE8SN5mnpZBsNezJbcdSpOX/8AHA1XbNMF37MflHoo4FY3iC5mtte0l4rSS6VEnd44iN4GFG5QSMkZ6e9a2kXkOoafHc27FonJ2kjB64wR2PtTKtZGgKWkFBpEhmiq91eW9nCZbmeOGMdWkcKPzNZT67NcrjStPuLotwszjyoh7ktgkf7oNMdjVvLaG8t3t7iNZInGGRhkGuV8NX0Vv4n1vSftBWKGSP7LBJLuOCmX2Z5xnt2rVW618IY30y1aQceaLoqje4GwkfSsXSLNbq51C01y1a3v7m4NwqhztwoADwuMHIAGe+fagpLQ7Wop0EkLp6g4rDgvrvRJ2t9Xnaa1Y/uL3Z0H92THQ/7XQ1onUre4thLZzxzhyVRo3DDP1FK4kmcf461CTTpvCuqKSDFqaQykDosilWz7V6Cp4H0ryb4teIrSLwvL4fsTHeaxMyn7PF87whfnMhA6Hjj616Vol2L/AEOwu1k8wT28cm/+9lQc/rTBmjS0gpaRItFFFABRRRQAUUUUAFFFFABRRRQAUUUUAFFFFABRRRQAUUUUAFFFFABRRRQAUUUUAFJS0lABS0lLQAUUUUAFFFFABRRRQAUUUUAFFFFABRRRQAUUUUAFFFFABRRRQAUUUUAFFFFABRRRQAUUUUAFJS000AGaM00msseIbA6DBrPmMLKdY2RyhyRIQFOOvVhQBrZoJqE3EYZEZ1V3ztUnk/T1oM8SsqtIoZjgAnk/SgLHOfETTLvWfAOsafYQGe7nh2xxggFjuBxyQO1cBZ+EvFqWsSFdahCoq7I9VhUDA5wAp/U17F5iNnawODg47GkSVJBlHVhnGQc807jOM+G2jaloel6rFqUE0M0+pSTJ58qyOyFEAYsvBJIP5UW/hzVde8Ux654hYQ2tk5+waWj71DDI86Qjgv3AHTjmuykmhgTdLIiLnGWIA5pzzRxoGd1QE4yxwM0Bucr4n8N3U97beINCMcWt2fGGO1buLvC59PQ9j+nVWskslrE88flSlAXj3BtpI5GR1x602SeGFC8sqIo6szAD86hmv47e5t7dlkLXBYKVQlRtGTuPakBezRmoBcxGQxh1MijJUHkDtkUvnRltgdd2M7c84oFYmzQarpcxPI0ayozoQGUMCVz0yO1T5zQBi6tmHV9IuQOPOeA/R0z/ADQVm2kY0LX5NsjfZtRuSDEwwI5SpYMvs2CD74rS13/WaXk4X7enJOP4WH88VNq+mW2qWfl3IYbfmV0O10I5yD60FJ9DSyKp6jqllpNnJd39zHb28f35JGwB/wDX9q5VvEmpaDo81zqdjPeQLEZILmEAbhj5RIOqHpk8iuc1qax1LQn8TanfWV1e2pjdLSOUPFCm4bowM8sQTliM9MYFC1LVN9TsPD8Vt4iV/EFxAZBPK32NZlP7uFSVUgHpuwW/4FXUAYGMYFVrCW1ms4msnje3CgRmMgrgccYqwzhFLE8AEmmQ9x3as3WrJrzT3EJC3MX7yB+6yDoR/I+xNW0ulkwdjqCMjcOtZ+sazZ6VYy3V7cpa20YJeWU4H0HqfYUgRUXxLBN4ZOrJC8gVW3xLjKupwynPoRivJfibqFz4O0eJoLiaz1zV53ndLaYqlugGCFA78qM+xpmia3qfj/x8troltLY+HVuI7q9XtJsOQW7AttA2j0yc4Nafxu0F/ElxYR6dFNJqdkuGjK4EsTkcqTwSpHI9GpFXstDj/g7qul6HLrHiHVrlGvAggtISd0ssjZJwOp6KM+5r6L8PWX9neH7CzznyYET9BXhdl4F0bRfBhe3uLfUfE0Nzb/aVgk3iDe+DFheOmcn2PavaPD08kd1faYZxcxWbKI5d2SAwJEbH+8uPyK55quhPQ6AUtFFIkWiiigAooooAKKKKACiiigAooooAKKKKACiiigAooooAKKKKACiiigAooooAKKKKACkpaSgApaSloAKKKKACiiigAooooAKKKKACiiigAooooAKKKKACiiigAooooAKKKKACiiigAooooAKKKKAENIadSGgCNulebQeD9Xi8BaZa/btSa8g+yl7BpY/KXbKhZfu5IABP3u1el4pNo9KY7nmuu6BdTavrN0dJuLvVJnj/ALJ1FZF2WihVCnO4GPa4Zm4+YHHOcU7xP4Qu9b1fW7ySyaZ0tLdNKkD4MbhiZCnPynpzXo/ljOcc0bB6UXDmPPNS8LajZ2viey8OQtbQXdpbvbbZtokm3P52CTlWKbF3fQ5rS8J6Z9g1a+kstIm0nTJIYgLaYrl5gW3OFViANpUZ/iI9snsdo9BS7ADwKAucN4+0ZtVuNMc2d1eJGs6+Wtus8O5guPMQsp7HDKQRg8jNYuu6PrGqW2kxXnh/zI00wq4DfaPLn4AQK0iqDjP7w7iPXPNep7QeoFG0elO4XPJr2183XvD9j4h0q51Ro/D5M1quHP2jcgJILAE/eGc8Zz711Wn6Zq9uPCn2pZHa0ilW8Il3Bcx4Xcf4iCAM+vNdV9jtzdC6MEf2gJsEu0bguc4z1xntUuwelFwueYeD/DeqWGuWdzf21wl/HJcG+vNqFblWHy5kLlmGQhA2jbg5xVvRPCl1p19o+pNZkaj/AGjeLfzl/ma2fzjGG55XIhIHb0HNeibB2FGwegpNhc820DRdR0/xms8emzCKWS4+1XVxhJNpYsg3qxEwJxgbQUA6jpXpIHFGwelOA4obE9ShqenxalZNbyMyfMHV0OGRlOVI9wRWVFrE1hewabrXlrJcNstblDhLhuu0j+F8c46Hse1dERWR4k0C08SaNNp11uUNho5Yzh4nHKup7EGgaZN9nils3sLpBJCyGPBHDpjGPriuc0/SdHjnfw9faZbzGNPNhkkhVhLEDwT7g8H6A1gQeI/FXgs/ZPFuny6rpynEerWMe9gO3mIB+vH49a41fiH4Z8S+KNSTX4r6zsLqJLaAhyNqg8s5U5XJwcDj1zUo0TNnXviboPgXXns/DqpdwliLq0iysUUg/iRsYyejAccetdppvjaTXZVt7OGwldoVleOO+DHawyABtz+leE634Al034gxaFoPk6xFdxiaFXOdiHP32HTHXcOxHrXTeKPhF4jt9EivtOi0qCWxiLNFYeZ50nqdzfeIxwOKQXVrnrGn65ceI9QvbCxu7W3NjL5N0Yt0kqOOoG5Qo6Yzhq5L4lr4a0zSvsJsjq+u6gGitEkmaR1cjHmHngAnPAGTXz7Z3lxZ3EUuoSXklnOWMiw3BRpOxOeec+orbitPC9s9nqVt4k1F8yKJbSOExXUYOclXyVP51SsRdnu3wi1HQLLQ4vD1pdK2rIGluwY2Uu+fmwSMHaMD8K2/iEujz+EdQuL2C2vBZqSY3kKkNwCu5clSe1eRFPEPgXxfcJYapcvpkUEcsl7cWqztCkvTI69Rzg1Ym8O6t4/vJ7nTNV8Pxhsie6tQ8ckxPdkJJU9enrVCIPDc8HhrwJ4g8aaPbXFvJNKtlbWtw+9YQdvz7sDfgscfTFe1+BLS1tPB+nLazLO0kKzTTK27zJXG52J7kkmuT8LeCbDRvD2paDe6yuvxGIPJpjMu2N+uF5JGTjnjoDUnwY0uXSNJ1qzubVrS6TUW8y3Zt3lAxoygHvwevekB6dS0UUhC0UUlAC0UUUAFFFFABRRRQAUUUUAFFFFABRRRQAUUUUAFFFFABRRRQAUUUUAFFFFABSUtJxQAUtJS0AFFFFABRRRQAUUUUAFFFFABRRRQAUUUUAFFFFABRRRQAUUUUAFFFFABRRRQAUUUUAFFFFAB3pKWigBKMUtFACYoxRRQAYooooAKMUtFACYopaSgAoxS0UAJiiilzQA00mKdRQAzaD1FYmv+ENC8TWxg1bT4Z+4kxtkU+zjkfnW7RimBz3hrwXoPhKKRNHsFhaT/AFkrMXkf2LHnHt0rfxmnUYoA8r+L3w9ttf8ADTX2nWqR6lZZkURqB5iH7wOPz/A+tfPUWhvB4dv72e1uUubS8ih8wMAiZDZBHXPAIPtX2ncRiW3kjPAdSp/EYrxHR9Fhu/GGvaDr+nsLTU7eMu6nmGWEdSw6ZGWDd8d+aBmjpGvaa2tWqz6vLpk1xYQP/pEivG8YU/eZsgkknA6jmtyXR9A1NYr62i0PUQLtmmuAqD92VPDFe+cda8s1vwlpFtbrpkurQ/2S+6bSdZ2+YgP8UEhTPHcHtg+pFdj4S8Axan4Gs7z+25rBprZoZZLNtsVwqyNsdgwGeABnjIpoZ0j+GbSRbqJ/DGmy2bN5sD2LhGHy4xnAOeCcj1q38Km0+48Kve6dYy2cU9zIWSaczOzKdhJY9fu4/CuO1q21zw1pl8be4udR+zxPLPf2MnlmFyuFDxKcEY+YnsMGu++Gmnx6b8PNFgjbeGt1mLZ6s/zn9WNDBnXUUlFSSOzRmm0UAOzSZpKKAHZpM0lFADs0ZptFADs0ZptFADs0ZptGaAHZozTaKAHZozTaKAFzRmkooAXNFJRQA7NJmkooAXNLmm0UALS5ptFAC0tJS0AFFFFABRRRQAUUUUAFFFFABRRRQAUUUUAFFFFABRRRQAUUUUAFFFFABRRRQAUUUUAFFFJQAtFFFABRRRQAUUUUAFFFFABRRRQAUUUUAFJRSGgBaTNJmkzQA/NFUbvVtPsP+Pq8ghP915ACfw61UHifTX/1RuZP9yzlb/2WgDZozWP/AMJHZj70F+P+3Gb/AOJpU8SaS77WvFhY8AXCtCT9N4GaLAa1FRQzxTxiSGRJI26MjAg/jUmaYCEVQ1DR7TU4ik6sGKlRJGxR1HoGHb26VoUYoA45PB/9kWktppkdrPpszbpdPu4l8tv90gYB/AirF0+jXGkNpGraWbW1ICfZ2gJiwORtKDbx+FdRikKg9RmgdzkdDsLRdI1i0sdWiu57xpGV3A3plAihx1bGByRyKxvgzfXo8P3+gah81xot21rvU7lK9QAe+Du/DFd7d6VY3w/0m0glPq8Yb+dOsdOs9MgEFjaw20QOdkKBR+QoBst0UUUhBRRRTEFFFFABRRRQAUUUUDCiijNABRSUZoAWikzS5oAKKKKBBRRRQMKKKKACiiigAooooAKKKKBC0tJS0hhRRRQAUUUUAFFFFABRRRQAUUUUAFFFFABRRRQAUUUUAFFFFABRRRQAUUlFAC0UlGaAFopM0ZoAKWkzRQAtFJRQAUtJRQAtJRRQAtFJS0AFJRRQAhNITQaxtX1OeGaLT9PWOTULgFkEmdkaDGZHx2GQMDqTj1IYJE+oa1bWEqwBZJ7txlLeFdzsPX0Ue5IFUpLHVdTjP2+9+xQN1t7M/Pj/AGpTz/3yB9amsbKHSVeSSR5725YGWZh88rAdAOwHYdAPzq6IHmGZz8v/ADzB+UfX1/lQUUrKx0ywULZWak95ETJPuXPX86vCWftbHHu4qyFwAMcClxSC5WD3J/5YoPq//wBaop1meNk8iNiRxlsjOPTFXsVBeTra2c1wxAESFyT7DNFgucV4c0azl0Cxu1W40+7KYee0cqHYEglgMjkjPIreXUNUsf8Aj4gXULcf8trXiQD3Qnn/AICfwqfw1F5XhnTl/vQI5+rDcf51ee1XLNH8jHqR0P1FFhtpsdaXtvf26z20gkjboR/I+h9qsA1y9zHNpc8+qWmdoO+9tQOJOOXX0fA/HHNdJbypcQJNG25HUMp9QeaZLViWjFFLSEJijFLRQAUlLRQAlLRRQAUUUUAFFFITQAhNJmo55kggklkOERSzH2FczYePdC1Cfy1mlg/dmTdcRGNdoI5yeO4obS3NI05SV0jqs0ZrnYPG2gS3s1sdSgTytuJXcBJMjPytnBx3q7qniPSNHt4Z7+/igin5iYnO/jPGOvBFF0DpTTs1qauaM1xp+J3hQXSQjVEKMpYzBTsX2Jx1rX0vxZoWt3Jt9N1GG5l278R5Py5xnp70cyB0akdWjbzS5rC1zxTp3h94EvmcNMrMu1cjCkAkk9OorJ/4WVoBJ2yu+BnCAMfyBzSc0io0KkldI7PNLmqlhexajZQ3kG7ypkDpuGDg+oqzmqMrWFzRmsvVdbtdIezjn3tLeXC28MaDJZjk/gAASTRqWuafpAjN9P5Xm52fIzZx9AaBqLeiNTNFcsfHuhLOsfnTbGXPm+Q20e3TOfwrR03xNpOrzmCyuvMlC7ypRlIHryB61Kmnoi50KkFeUTXzS5rB1XxhoGjTmC+1OGOcdYly7j/gKgn0pIPFVlcS2KLDdJ9tkeOEywGPO1d2cNg4IHBpk+zla9jezRmopJCiMwBYgZ2jqfaq+l6nb6vptvf2rEwzoHXcMEexHYjpTJs7XL2aWminUCFpaSlpAFFFFABRRRQAUUUUAFFFFABRRRQAUUUUAFFFFABRRSUALRSUtABRRRQAlITSmmMaAHZozXm2j+M/GuvaVFqVh4d0r7JMW8tpdQKEgMRyNvHStCy8VeIo/FOlaPrWmadAuopMyPa3TSMvlqGOQVHqKYHcZorkPEHjd9G16PRrTQdQ1S6e3FyRa7MKpYrzuI7j9awNN+JHiC5uLxn8EalNbCYpCbZ0ZkwACHycZznof8aAPTs0ZrmND8ZWur6Nfald20ukx2U7wXCXxVTGVCkliDgfeFYbfEDUY9Hj1Y6KklrdXEq2pa7W3JgUgI7eYOrckAdsUAehbqXNeYeFfijfa9cWUNxo1tEt3IVEqajFlBk4/dk7ie361o+NviNbeFrw6avlrfeRHcK0/wDqyrShGXrncF3NQOx32aXNee+M/iJc+Gwq2OhXt6haHbehP9GbcwyocHqQcDGRk112h6q+saXFeSWF3YO+c292m2RMEjke/X8aBWNPNKDXM+O/EFz4Y8H3+sWkcUk9v5exZc7TukVexz0auhgfzIUc9WAJpDJqWmg0tAgpDSmmmgCtqF5Hp+n3F3LnZDG0jY64AzxXH2mvw6O11qGv2d3Z3dzh2cxF40j/AOWcSuM8gHkHHzM1b2v4nOn2bDKXF0gceqqC+PzUVeeNbi6VXGUiw5HYsc4/Lk/iKZS0INLvbLUVNzbXUVwxxnY2dgPbHUfjWmBXLa0ZbHxTpF1auivdE2ssbDAdAQ2c/wB4DJH0rqQcgUCY4CiikJpCA1na1Yf2ro93YeaYvtEbR7wM7cjrU99qFpp1ubi7nSKMHGWPU+g9T7Vj3/i3TYbTzLFjqVyf9XZ2hDTOf93+HHcnGKaGi14fvvtViYHiWGe1YwSxqcqGXj5T6HqK1iK5DQNNvrjT5dTj1aW3ub+U3TQxhZIYicDZgjJxjBII5z0rc0fUp7s3VrexJHd2kgjk2HKuCAVde+D79CCKAaJbqENcJk/LIrRuvYjGf8/Wq3hm4V9Ghti376zH2aVe4ZOP1AB/GrmPNvi2fljXaPqeT+mK5Dx1r1t4REGrwW9xNeFgkqWy5DxDlvM9ABnDdQfbIoH0O8Bp1V7Wdbm2jmUEK6hhn0IyKnpEi0UlFAC0ZpKKAFopKKAFopKKACkNLSGmIo6r/wAgm76f6l/5GvEvtDwiBrp7O/ii0t3WAJjaBsYK/PPIH5GvZvEnnf8ACNan9mjaSc20gjRBklipxivKdT8PyQxyWunWE3+j6O0crxwnDSHacDjlsf54rKqrnq5fOKTUilqEiWEt3J/ZenSRW8P2rAiKpKrY2rgHsQ3P0r0HxHaRy2ml3SQ2YW3DbWun2xRIyjnb/FjAwOK871XTtSuNNuZx4d1lLmVfmlO1wVO0BNoOcDHpxzXpviXQbfU/CLma2865t7Vmg+UllfZ2HrkCog3Y3xEoc0Hc4+znmfSpZoLNruwy5kugFjmf1aFNuAB2B5Nb/g2zil1A6lHLaXUZtzHFdQjZI6kgkOgGARj/AOtWBa2mmrZxxzeH/FDyBAGKCYAnHOBvArd+HWhwWcV7ftYTW9w9zJHH56lXEWQVBz1+tVG7ZnXnHklqM8T3E7eJUt5Us2lSFntwY3LCJmAbcc4+8ornzqIvrW7yloYICyT/ALpx0645/lWv4sBvfEJlj0y5kMEZtndoHKuMhvl4IIzXL6bpt0BeJPps+JZmcBrVmAU+hxxUVH7x14RQ9irs9U8IzPP4cspP3XkmMeT5YYDYOB9456VvZrA8I7E8P29vGkqC2HkkSIynI9M9Rgjmt/FdC2PCrfGzkL2Nbz4l2aTDctlp7Twg/wALu+wt9dq/zqTxpqkdrZRaYYZ2n1EPHE8WP3ZAyWye4HI+lHiCC5sfE+jazbRNJE7fYbtVUkhHOVf6K3X2atHxHp8+oacI7WOMz54d32FR32tg4J6fQmpd7NG1OUeeLex5k8lvb4WdNrr1zKBz9BXW+BL9VB0wrcPIYzcLPLghk3BcAj3rldR8M3ujataS/ZAYnjkzJbiaUBsDqFwR+FdZ4Omuor17A28jWoiMizNayxeWcgbMyEls5J9sGsacbSPUxk4Tpe67mT8RWdLSR/7HESfaIt16HTdIAwwuB83PvRrWsagfEHh2RtFliaOSR44jKhaUlMEcHA4Peuh1S0uNc8V2tk9vImmacy3UsrLhZpcfIi56hclj74FO8R2Ek3ibwvNHE7xxXUgdlXIUGM4JPbkCtWm2cNOtFRUZLubmn3NxeWYlubOS0c/8sndWIHrkGsLwS3lvrlmufKttTmWIdlVsPgfQu1dPK4jjLscKoJJ9AKwfBlpLFpD3lxGYp9RnkvXRhgrvOVU+4UKKGtUcia5WdKKdTR1p1aGItLSUtIAooooAKKKKACiiigAooooAKKKKACiiigAooooAKKKKAEoopCaAFopuaUGgBaguGEcLyN0UEn8BU2aztbsH1bRrzT0uXtjcwtF50YBZAwwSM+xoA8L0LS/Dtha+HP7X8OtqH9o6ZLdOILZpZnk80bMAHptP6iu08MaFJbeI4NQtvBem6Dp6bgs1xLuu3DKQAFU4XJIyCTXR6h4QmkuNNuNH1aXSptPtDZxlLdJlMR28Yf02DmmL4S1S4vbKbV/E11qEVncLcpb/AGaGJS6g7SSoBOCc9e1MdzH+I8Ot6XaXXiHSdXntpVgWBYYbGOZjk9S5Usq9SfTHFclp9rqGi22l6N4O8dJeTahcl5I4YIZQi4zLMzYJ4wBg9eleneI9M8SalPbx6PrcWl2u0i4P2VZZG56qW4HFZUHwt0OFXnS41FdVd/MOqLdFbksR6jjH+zjFAXLyaPqej+GdRQmLXtRmfzgk0McCzSHaBuC4HUA568V5YDLcaQms6tb3k+pm7vVu57aKGWOFVZY9v704RB0XFe1aBZalYaSlvq+o/wBo3Slv9I8oRllz8oIHGQOM1xUvwrjvNM1K3u9Qdprr7QISq/JCJJ/OyAe+QoPqF7UAcf4d0+0bxBo+bTWUEGooqs9pbqnnRoFw7I2eFHI79a2/imugW39oStaXd1rc5s+Tas0cUaSL8okK7V3AkHnknFbml/D7UJL43XiHVobpkuYrqFbO1W3AlQ/fOM5JwAfUV0/inRG8Q6BLpqSrC0jxtvZd2Nsiv0/4Dii4Nnl2tWs97rN/ZW/gizkeJFuGt5NbMZRSMhvKU7Rg+nGe9dl8Kvtk3hWO+utPW0F1tkjYXUk3nLtGHIckrn0zWx4m0CfVIGn0qS2s9W8swrdy24lPlNjchB7HAPsR9am07Rp9L8G2+iWV4Yp7ezFvFdeWG2sFwH2ng884ouFznPiDD/wld5Y+CreZlFw32rUJI+TDAnK/iz7cfQ1q+A9VnudJbSdRf/ib6U32W6U9Wx9yT3Drg5+tXPDPhqDw7ay4mlur64bzLq8nOZJ39SewHQAcCotd8LrqWpW+q2F5Lp2qwYX7TCoPmR5yY3U8MvpnoelIDphTqjQ8Yp+aYhaa3SlzTTzSAxNcPkXelXB+4l2FYnsGVlz+ZFaIby7lwwx5hBU++MY/SjUbKPULGW1lB2SLjI6g9iPcHkVlabdyYGlas4N8g4f7ouFHR19+mR1B/CmUhfFVt5+iPMis0tq6XCFDhxsYE7T67d1bUEyTQpJGwZGUFWHcEcGsa5v7i0k8u6jby8cTou4H/e9D+lc8l9L4a1C3+yyS3egzAoYkzI9u/Ube5U+nOKnnWxoqMmro74msLxLfNDZRWkE/lXV7MlvFtOGwWG8j6Lk57VSbxxYzLnT7W+vgoBm8mAr5I9Duxlv9kc1UsdPXXoNV1GR3WSebFjNIMNCsZBUr6DeM++Kq6I5JLc6G10LTLeVJ1tEaZRhZJCXZfoWyRV9YIkcusaqzdSByawrfxTbW0KJqqSWkwADsUJiLdyGHar58QaP9mNz/AGla+SpwX85cD9etFxalKJf7J8R/ZUIW11BXmjQ9EmBBYD/eB3Y9Qag8TY0+KTWLe9+xzpFtciMP5y5yFx/e67T2z6GsTxx438NWfh6aaW9SaZPntRAxL+cOVII+7z3PGM15fqHxF8RfEa60vSdK025s089PtbW7Fw/zDBYgfKo680r2BLW50vj+9v8AwB4GsZLO7ubfWtRIS6lWQsGbbukc5yA+SBuH9BXBfDfRbzWbu+127m1Z2iRlha3jeQ3MxByjNgjGDznrmvavH+maZ4+0LUvD1jdW82sWO2ZUDZMT9lY9twyPbIPaue+CvhjxX4aS+TV7f7Lps43JDIw3+bwMgDoMdc9cCi+o3ueq6VPDcabbyW8okiMa7WHpjoff1q9XD+ANYi8QXviDUrKAQ6cbzyIAMYkZB88nH94sPyFdxTJYUUUUEhRRRQAUUUUAFFFFABRiiigY0jPBpvlr6CpKSgLjPLX0pdoxjHFPooHdjNg9BQEA6AU6loC7GbF7ijy1HYU+kJxQF2IFA6UYFFLQIQrnrRtp1GKBDNgPUUbAOgFPoxQO7G7RnNG0U7FLikAwqCKMCn4oxQA3FOxRRQAUtJS0AFFFFABRRRQAUUUUAFFFFABRRRQAUUUUAFFFFABRRRQAhqGeTyoXcDO0E4qY9KhnjMkLoDgspAOOlNAcovjzTpPDVjqqS27XF19mH2MXKmRDK6IR6krvJ6dq2b3xLpOnXiWlzd7JyFYgRswjDHCl2AIQE8AsRmueT4d2EXhfT7BILIajam2Jvvs4DMYpEdueoyFI696m1zwrfX8+qxWtxbJZavHHFdeajGSIKCpMeODlfXGDzz0oHoa+peK9F0edodQvRA6RrJJmNyI0YlQzkAhQSCMtjpT7PxHpN/FdS296pjtBunaRWj8tcE7juA+UgEhuhweax9a8IPq8euRrdLGuo6ZDYRs6l2jKNKSx55z5g9+KW88Gi+i1aCa52x3+mQ2OUX5kaPf83v8AfHHsaNB6G3peuadrBkFjOXaPBZXjaNgDnadrAHBwcHocHBp2p6zYaNHG99MY/NYrGqozs7AFiAqgk8Anp2rO0fSNRi1m41bVJLU3MltHaqlqGCbUZ23fNzkl+nbHU5q5qWlPe6vpF4JFVLCaSVkIyX3RsgA+m7NAhsviTSINPtb5rsNb3ePs5iRpGlyMjaqgseMk8cY5xRN4l0iHT7a/+1+bbXJxA0EbSmTgngICTgA544xXOSeBZksdG8meKS50uS4ZEdnjjdZWJxlfmGBj1zgipB4Qv7LSNIstPuo0jtJJZLiBZHiWUybjw65YAFjx3zz0p6D0N0+KtFNhZ3q3yyW97xbNCjSGU4JIVVBJOAeMdqR/E2kLp0F/9sBt7hikW2NmZ2GdyhAC2RtbIxkYOaw/DngqbRtN0C3kuonbS7ieY7IyFcSK42jJ4xv/AEqVvCl9ayQXdlcW8l3BqF3dIk4YRlJyxKnHIIyOfY8c0mkGhcs/FllNpd1qdzIIbWG7e2VgCxch9i4UDJYn+EDParcnifR4tJ/tSW8WOz8zyi7owIfONhUjcGyMYIzXPz+Brq90qH7TdQLqMOqtqiiMN5JcsTsI64wSNw5B59qt23hF10eC1d4Y5RqUd/LsZ5A5VgcbnO4kgAZP5UWDQ0V8S2cuv2ukpHc77m2e5SRoGVQqsq4OQCD834fjVXw54007X4LRSTDeXMbOsLI+07ThgrlQrEd8Hir11pU0niaw1WB4wsFrPbSqwOWV2jYFcdwY+/Y1S03wq+n2+gQ/aVddLSRH+THm7lK8c8c4NAtC/beJdHvdQFhb3e+4YsE+RgkhX7wRyNrEdwCcVTtfFll/ZYv74/Zw93NbRxqGlaRo5HT5VUZJITOAOKy9M8JavB4h07UL/UYrkWk00jSbnBkV1dVUR/dTbvHQnOPepH8G3aWdl5FzCbizu7qePcXVSszOcZXkMAw5HpRZD0NyXxRo1vZ211JeARXLMkOEYs7qCSoXG7cMEbcZyMYzR/wk+k/2Tb6otyz2tw/lwmOJ2eR+cqEA3FhtbIxkbTnoawYfA7o+gOssEQ029nu5I0Dsr+YG4BYk5y2cnr7VPd+E5pdDaxxaXDf2lNfIJTJGF3u7Da6HcjDf94Z6HjmjQNDVk8QQyNpLWjRSw6jKUR2kKHGxn4G05Py9Dj+lS2PiXSdQvfsdrcmSX5gD5ThH2nDbXI2tjnOCayrPw3fCHQWvb/7Rc6bcyTu7ZO8Mkiquep2hwMnrtqtpfhO/0zxCt3byWlraNPJLcR2xcC5yDjdG2VVgSCWU846c8PQWh2hFVL6wttQg8q6hSVM5AYdD6g9j7irnakIpCOE1oeIvC6m6sIX1vSQczWrt/pMC+sbf8tAPQ8+57W/D+r6H4ktxdaRPBLgZdMASRn0ZeoP6e5rryuetcLrXww0+81SXV9GvrvRNVkB3XFm2FcnqWXvnvgip5UXGpJHTR6egZjsjXccsVHJPvTpDY2SqhWFXCny4hjcwHZR3rh7bQ/ijpyxxReItIvIYfum5gYNIB0DELn8c5965fxd4d8a+O9YsIZvD0Ok3dk3/ACElvt8RTg8ADPBGR3qrIbm3udF4t+MXhvRLKWGyf7bqJj3Rw+WQitnGJCcEfTrx2rh/C3xa0ya9utS8T29uZsqlpa2NkMj+8xYn6Dk5rR1v4I3l3DqGua14l+06mUMpYW6ojMo43HPfAHQV4t4mWyi8R3cenQGC2jYIqFicEAA8n3zSFc938Z/ErQ7nSJdF1zw7rNjaahEQkssKKwAIwyqTzg4rmdA+J02iabb6Bo93oXkj93Fd3EEkLDJ+9IOm4Z5PNeaazc+I9dtbfWtYe6ubc/6NDcy8p8ozsB6cDn867fQvAUOveJJNNs9PQTWWjwyzJPIwSS4ZVJ3EcjO/GB/dpCuadz460zwVLZ2Wi6kdTvJ75bzWtThUETfNlo0zwQcnvj8+O4h8QeNdS8Na/wCIHtohpE9jM+m28fE6cEK5AHPGSee3FYOl/CXVLq1tmk0nRbBomlSSK6V5mI3HBBBGRjpk5xXrkjTaH4WYpai8ms7Xi3t12eaVX7qg5xnHA5qgOZ+Dkul/8K+srfTrlJpIs/accFZWJJBH48HuK9BryP4X2eoaN4p1NZ/Dr6JYarGJ7aB5vM2uh+YdiMh84I4xXrlAmLRRRQSFFFFABRRRQAUUUUAFFFBoAKM00mkDA96Bj6Kbn3FFADqKaDk06gBDUNwSsLkdQpqY1Bcf6l/pSZUd0YXgeRpPDcTMST5svU5P3zXSVzXgbjw3GP8AprJ/6Ea6XNKOxVb42LS03NLmmZi4pKM0ZoAWikzSZoAdRTc0uaAHUlGaM0AFLSUtABRRRQAUUUUAFFFFABRRRQAUUUUAFFFFABRRRQAUUUUAJSYp1JigBuKNtOoxQA3FGKdRQA3FGKdRQA3FGKdiigBuKMU6igBuKMU6igBu2jFOoxQA3FGKdijFADcUYp2KKAGbaXFOooATFLRiigBCKTFOoxQA3FJin0hoAzNdt2utCvoY+XeFto9TjpXgev8AgnTb34qeH7xYc6P4gcSPCSVCOB+8TI6dj+Jr6NIzXDeKPDaTReQy3SWZnFzBcWa5lsZxzuUdSp5yPc+2GNFyX4eeHm8ITeGoLQw6fK5kADFmSTP3wWJ54rzMeG7rw58YY9Gsdc1S2tdSsxPJMkw82VlVhjJGDyvTsDXoMfiC40HwTPOL4+JNTtF3OkaiKVgWwNyDkbQeeM8U/V/Ctp8QfD2n3up28+m6mIhLDJE5Etq5AOM4GcHsf0NA7nMQeIfEulyItprcGqKbgwmy1aEQXKnphpE444Occ1ZPxG8VWcCvfeC2kQH95LbXQKkbtoKjBPUiqkPgzxL4f8Mar/ausR6pZW6veJD5ZaSVky2GZuQCQOMmuDudbttMitXdo5Wmg+1TJYl0RN/3YmKk7Tnn6gUxnp+meOn8QeNdL02XQL7TZo3lctcYwR5bZA9ecflXpY6V4x4Eg1/U/H1nfX1vd2en21i0qQXFw0rZfKhju5Bbk4PZa9oFJksWiiigkKKKKACiiigYUUUUAFIaWkNAHH/EWPVZ/DDQaWsp3yqLoxSrE4txkvtZuATgDPbJryjQvGniaXwnrt+uo6jL9nilEUz3ELrbqAChZdu4seRu6HdmvYPHukwat4N1OK4aXZFbyTKschXcyoxAbHUZ7dDXj1k9/NBbXzx6rLctZpEZY5rJVMZAbZgpyuezA0eg0eg+Er6f/hMYrJfFM2tQS6W1y4eSNxG/mIBjYBjgtwa9CkkCDJIAz19K80+Fj3Euq6+t3DseHyFj3xwCQKysSC0SgEZA+laPjDWL3WtRHg/w/MFu51/4mF2vIsoT1/4Gw6DqPxFAE/ws1aPV/CJnSZ5WF5chy7biMyswGfTay4ruM15te6c/w4vodX0mFm0Bo44NTtUTJiCrtW4XA7AAN6jn6egWl5DfW0dzbTRzQyqGSSNgysD0II6igGWSar3P+ofHoaW5uYrWB5ppFSNRksxwBXGXvie41GSSHSryw2MpC+aTvz649KiUkjajRlUloavgogeHkA7Syf8AoZrTfW9PTWY9HN1H/aEkRmWDPzbB1J9K5PwrF4jTSgkLadHEJXB81XZh8xz0OKzR4eTS/jXpt9bQzEXtnO91K25lMnPc9OMcflRH4SsRC1R6nTD4heG28R/2AmoB9REnlGNI2Kh+m3djGaksvHnh3UPEM2g22oI+owllaPacEqMsFbGCRznB7V5Is8+l+Jkt/Cc2oSapd6nKuo2N3aKVjBc/vdwXKrzkHPSs+zs7q+i8M+FLCCW31+wvbo3k5iIMILHDlv7pBB9+KtmFj2rSfH3h3WteuNEsb9ZL6AsCu0hX2/e2seGx7V0ua8D8Klbq+8E6HbWE0Oq6RdyvqWYSPKVc8sf9oHHNdD8Rp44/GlsmvXup22gf2eWtmsdw3Xe48ZUcttxjP+NAcp63nrzWZr891Do1w9lcw21ztHlyTLlQcjjB9eleK61Br2r/AGm587xDAln4fjntVkd4naUPt+cL1YjJ9elbXgnw9O+uQadqxv7/AE+/0GG9uI75nkQXBfoN3QgdutO1gsdz8Pdev9e8Pyy6m6te29y9vKAmxhtxjcvQHB7cV1tUdM0qy0e0FrYW6wQgltq5OSepJPJPuavUhMKKKKBC0tJS0gCiiigAooooAKKKKACiiigAooooAKKKKACiiigAooooASloooAKKKKACiiigAooooAKSlooAMUUlLQAUUUUAFFFFABRRRQAUlFFAC0UlFAC0UmaM0ALRSZozQAUUUUAJimke1PpMUAZ9/pNlqSBbqBXIztcfK6fRhyPwrN36/pjeUsMep2wHyyGQRTAejZ+VvqMV0OKQimBm2OrWmololbZcLw9vKNsi/VTzj36H1qrqUVjoej3c1lY20crABEjiUCSQnCAgdfmIq/e6TZ6goFxArMv3X6MvuGHI/Cq8GgWsVxHNLLdXLxNuj+0TtIEOMZAJxnB69aB3H6NpMGk2flxlnlkO+eZzueVz1JP+QBxWmKQDFOoEwooooEITSZpG4Bryu48b+K7nXdYttPufC1pa2N21so1K4aORtuOcZ6HPX2oGeq5pM15UvjfxVaalpkd9d+Fbm3ur6G1dNPuHklAdsFgM9BXaeI/E7aHe6ZZW+lzahdaiZFiiikRPuAE5LEDoaB2OizRmvO4vGHimbxPcQxeGHe2ht0Etmt7AZo5SWIcndgKVGMH0zW9oPiqfVtWv9NvNHn065s445HWWVJAVfOMFTjtRYLHS5pc15+/ju4Meq6zDHaNosJSOzNzN5BuMEiSRSQcryAOOccda5qw+L+pNe332m30gW6zFYQ98U4GAQp2nfz3wOtFgsev3MEdzbS28yB4pUKOp6FSMEflWMvg/wANJGsY0DTCEAC5tEJGPcjNUPHPjKDwjpkMs/yy3fmRxORkI4QsCR3GQo/Gsq58ezf8K+g1jTLVtRupLIvPJAybLSURgkyKSDgMScDPA+mQZ1+m6JpmjvM2m6fbWZmwZBbxCMNjOMgD3NWbWwtbN53traKFp5DLKY0CmRz1Y+p965/wJ4lvfEvh62u7/T5rWVokYyttCTkjlkAJIH1A610d5L5FnNKCAURmy3TgZoESsodSpAIPBGKhtLO3sLZLa0gjggjGEjiQKq854A471k+CtVuNb8H6XqN4yNc3ECvIyLgFu+B2reNAHPa9FDc6lplveEG1d3JRjxJIMbVPr/Ecd8VD4usrKXw3dPOFVoYmeGQcMrgfLg/XFJ4tVru2i0uC28+6uSTGScLEF6uWHTHGMc1y8uk6rpE8Vx4ivZNRsAANx+7E/Yle/pmsZytdWPRw9NSs+a1uh0vw8LN4LsWcksd5OTnnea6kKOtc94Kx/wAI3CRjBeQjAwOXNdIK0h8KOTE61Zeo3Yuc4GaURqCSFGT196cKWqMBmxc5wM0FFbGQDjkZp9FAXGBABjFLtFOooAQUtFFABRRRQIWlpKWkMKKKKACiiigAooooAKKKKACiiigAooooAKKKKACiiigAooooAKKKKACkpaSgBaKTNFAC0UlFABS0lGaAFopKWgAooooAKKKKAEoopCaADNGabn3rJudei897Wwha+u0OHSIgLGf9tzwv05PtTsBr5pM1i+VrlwN099a2aH+G3i3kf8Cfj/x2ojpEjNuPiC/39OHQD8ttJsdjfzS1hmDVrdP9G1iCf0W7hBz/AMCQj+Rqrpvii5m0+G8vtJnhglUOs9uwnj2noSBhx/3zgetMLHT5oqva3cF5Ak1vNHLE4yrowIP41PQIWiiikAUUUUAGKTFLRTAKKKKACg0UUCGN0NeJ3FpZQW17rUmkwahJc+LJYdv2eOSSaEMV2Lu9Sh7ivbG6YrlP+EHtF8L2OhxXt3CLOcXMV0m0y+aGL7jkEElmPakUmYcGnzCaO9t/B2haDZwussl1feWZVRSGJAjGEPHUtx1ra8a6Pf6npyXWm6tqFjPaJI6rYbS8+QPlGe+QO9R33ge61a0e01PxVrN1aSEebBiCNZFznadsYODjsa2Nb07Vb63ih0rWDpbBiZJUtllZlxwBu4X64NMdzwSEX2l6TLcHxjrkPiy+lVX0sRskkkudq7mf7ygfxdOwr2jwj4b1PQ4pJtV8QXmrXU8aBhPjbHjJwvfueT6VVtvhhoTLcvrLXWtXdyoWS51CUu4A5ATGNgzzx+dbXhvw83hy1ls01K7vLXdmBbpgzQr3UNjLDPr0oFc8uu7S9vrnxbNqtrE+sR3tpb2wtplX7Om1ZFWNpBgds8cnNcysMt5bXKSNqT26232iQSXtuq+VM4ffyOjMByO/HFeyXHgS3vfEl7ql5dzSQ3FxHcC0VQse5IREN3Xd6jpg+tZcPwxme1t9Nv8AxDNc6VbwmBLdLZIpGjII2NKPmZcHp6gHtTGmWPiI1nHpP2ybTL+9uktLqKA2qBlh3x4Z3yQAMd+vXFcuLaTUNG8KLd+GvD813c2Kw27ajKzb1RFIwVTAJBJ2k54OM816ne6XHc6HPpgYrHLbtb7jyQCu3PvVNdDMfhmz0qK52T2cEaQXXlBijooAfaeO3T0JHekK5yHw0s5YtW19pdF0ex+z3TWu+wBByoUlMkcryDk4OT0rW+IWrXR0seHdFHm61qymGJQf9VEeHlb0UDIz6mtbw14fk0C2uxPete3N5dPdTzGIRhnbA4UdBgCk0Hwpb6NfX+ovcTXmoX0haa5nxu25+VFA4VQOwoC5z3gyaLwZfnwVezOF3NLpc0nSeI8smf7ytu49CMV6BkEcVkeI/Ddl4l0t7K98xfmEkcsTbZIXU5V0PYir9lBJbWUMEszzyRxqrTOAGkIGCxA4BPXikBka5ePpV7aak0MklqiPHOY1yUBKkNj0G0/nWLrGuW/ivTZdM0UtOJCFluNhEcQByeSOT7CtzxfcfZPCupz5wVt3wfcgj+tZvgnTRY+CbNGGGaPzG/4FzUyV3Y7qPLGCqNapl3wOgj8MQRqchWcZ9fnNdIK5zwT/AMi3F/10k/8AQzXRinHY5a7vUbHUUUdqZkFFFFMQUUUUAFFFFABRRSHrQA6lpKWkMKKKKACiiigAooooAKKKKACiiigAooooAKKKKACiiigAooooAKSlpKACkJoNcn8QLiew8Mz6nHq19p8VkplkNkkbPIOAF+cEdTQB1e4etGfevCYD4wu9Yi1VNQ8RNbNahInVrTzCSSeVzsxg9SM16J8Pp7vVNFTWptY1G8hugRHDexxK0RVmU/6tR1I9+1MdmdkTjrQDnoa851u98aTam/h4XnhyF7+CY2+FuBJ5YwpORwGAYH8M9qjtrrx3o82l6FNf+G5rqaJlgMy3DSSrGBuZjwM4I570BY9KzQWA4JqOPfsUSY345I6ZriNW1aKD4v6Fp7zlDLptxhN+AWLKV49cRvikI72im5yAacKAClpBRQAUUUUAJTWOKU1z/irWZNNsY4LMM9/eSCC3VAGYZGWfHfaoJ+oA70xpXI7zUbjVLqWysHeC1gbZdXwxwR1jj9X5wT0X61fsLFbO1S3soVtbdeRxlj7/AF9zk1meF7rTLyyWGyaRBb8G2nXbKhyfmcHkknJz3zXTAUDemhALOInc+6RvV2JpTaQH/lmtT0vHrSsK5UawtjgmBCR0OKxfC6TQaJFZsf31kTbSox6MvoR2IIIz2NdIa5zUkk0fVm1iNv8AQpVC30YHTHCyj6A4b2+lOw0yVtJC3Mt3pUv2S8ZsyoRmOQ/7af1GD9at6fqxuLlrK7ga2vUXcYycq46bkb+IfkR3FWJFDqs0WC4GQQfvD0+lZ2tp/o9rqkMTSSWkiyDZ94xnhwPX5TnHqBSCxu0tZ+m6xYarDvs7lJdv3lzhl+oPIq+DTJFooooEFFFFABRRRQAUUUUAIRSYp1FAxuKMU6igBMUYpaKAExRilooATFJinUUANxS4paKAExTSKfTWpAcb8S7gReC7qMfenZIl/Fgf5A1u6bAbbQooT1SEL+QrmPiMfPXRLD/n51BAR7Dr/OuzI22jD/Z/pULdnc9KMV3ZjeCv+Rcj/wCukn/oZro65zwR/wAi3F/10k/9DNdHVRehzVvjYtFFFMyCiiimIKKKKACiiigAooooAWlpKWkMKKKKACiiigAooooAKKKKACiiigAooooAKKKKACiiigAoopDQAUmaQmkLe9ADia4z4qTRR/DbW0eRFkktiEVmALcjp612HWszVvDuj68YjqumWt75OfL+0RB9mcZxn6CmB4jZ2ERt7Zh4bmmYqpMg0u2OTgc5ZwT9cV6Z8J5Yz8PdOi3KJEM25MjK/vX7dqu/8K58G5P/ABTWmc9f9GWtHSvDOh6HM82laTZ2Urrsd7eFULL1wSBzQ2M5DxXruiXGveGtU0/XNKkmsL7bPi+iysEilJCct0HBqDTvE2gaj8T9S1afXdOjs9Os0sbR5LtFWVnO+R1yecEBciu6HhzQ+v8AY+n5Pf7Mn+FO/wCEf0bcHGk2IYdD9mTI/HFA7lbWvFej6LoI1m4u43tHUGExMGM5IyoTH3ie2K4228FXHivSr3XdZ8yy1y/kjuLQj7+nrGT5KD35Jb13HuK9BbTLJjbbrSAm15t/3Y/dcY+T+7xxxVsDigRzPg7xOddsntb6MW2s2TeVfWvQqw6OB/cbqDXUiqYsrX7d9sFvF9q2eWZtg37c527uuM84q2DSEOopM0CgBaKKKAGNwK5q3iW71LVNVZQ0kTGztm/uIuN5H1cnP+6K6VskcVxfhG4Ed94h0Oe4Jure/kmVG6mGXDqw9slvxp7FI1b1I08Q6MwQBszJvA5I2H5fpxn8K381yGoaulr4usLa8SYeXbPJCIomfzZGIUgYHGFB6+tag8QSSbRHpGot035RF2j8W5+gpBZjtY1p7N0s7G3N1qEwzHEPuqM43ueyj9ccU1dI1C4XN9rVxycmO1VYlz6A4LY/GqfgqYX2hLrEshkur9mkmZv4cMQIx6BcYx9fWtaDWrKbVbnTBMBeW+C8bDBIIByPUc9ulMVirJoEoy1trGpRMPuhpvMAP0YHNVJrzVtHy2pxw3tgT89xENjRA8fMnQge1dG8ixoWZgAO5rE8RSifQ5/KbemVMqp95o9w3gehK5FAIr2ksmgX6WEqf8Sy4c/ZJs8ROefKPtnO38qvLqcUOoJpqRvJK7McBeEj67iT2ycVHrrWU2iXMF5IsVoUIlmZggiX+9k9COMfhXiV7488T2PgW/1sxMs19eLZW2pEBN0Kq+GReoPB56ZOeopDPaNaNsbvTvsoU6g9yqo8eNwQcyBvVdoIwe5HfFdAn3a8E+B90iWwuGMsk813JBMz5ZVVkVlOezF1I9699XoKZItFFFABRRRQIKKKKACiiigAooooAKKKKACiiigAooooAKKKKACiiigAprU6mt0zSGjgvEp+2fEHw3aDkRGSc/lx/Ku2lH7hv92uDsJTqPxavn6pZW3lKfQkjP8AM13s/wDqH+hqI9Wd1dcvJHyMHwP/AMi3F/10k/8AQzXSiub8Ef8AIuRf9dJP/QjXSinHY5q3xsKKKKoyCiiimIKKKKACiiigAooooAWlpKWkMKKKKACiiigAooooAKKKKACiiigAooooAKKKKACiiigApD0paSgBjdDXGjWtStvGOt20GmX2owpHbFFhliVYiVbPDuvX2z0rsjVWOzhiuZ7hIkWacKJXHV9vAz9MmmNHCaJr+szeHdJtLJom1PUJ7xhLfuXEaRTNkHafmIBVQAccHnir7+J9anh0y2tLeyGpXV5PZTNIzGFGhD7mXGCQdnAPTOO1b7eHdKfT4LD7DEttbuZIUXK+WxJyVIIIPJ6Huamh0awtktUhs4UFoWa32rjyy2QxHucnJ75NAXOQsPF+vC70g6lbWH2W9vZ9Nc25feJojIu8buApMR+XqMjk1aj8UatJdjUfJtP7FbUP7OWPLC43ed5IfPT7/O3+7zmumOkWBWAGzhxBO1zENv3JWLFnHud7ZP8AtGoF8N6SNS/tH7DF9q8zzd/ON+Mb9udu7H8WM+9AXHeJNXOhaBdaikJneFRtjH8TMwUdO2SM1zA8Xa1p+i6rLf2UU97YwxyxvHDLBFLvcoFxINwwVOTyMEV211aw3lpLbXESSwSqUeNxlWU9QRWdb+G9KtbWe2jsozFPjzRKWkMmDkbmYkkDsCcChAmc/qeveJLSbTNJ2WKavdJLPLIkM00KRoQMAL8xJLLz0GD6ipW8Sa5fW+kW1jYQWupXttLPML0OEh8oxqw2jk5aQY9hXRahpFlqyxLe24l8olo2yVZSRg4ZSCMjg+tRXHh/TLqzt7SSyjENuNsITKGMYxhSpBAx6HmgLo5nUtX1sa54SSJ7eNbySZLqON/MjdljLEBsdPlbB65xWpc+J5ray1SfyEJsdQhswN2A4cw5P1Hmnj2rSk0DTJLezgayi8qydXtlUbfJK9CuMY9KiuPC2jXd8b2406CSdnWRmYHDOuArEZwWGBgkZ4FAXMNvFOrQeLGs7mK2g083K20SyxyBpcoCGSXHlkliRsODx6126nIBNYzeGtJfURftZIbgS+dnc23zP7+3O3d/tYzWwowKGDH0UUUhDTXG+LfCtzdajbeI9BdYdds8Ku5sJcxfxRP9ecHsf07PFIaAPNLjx3pt/eQ2d5FLpWtWrlvseoDy/MGCGVXPysCDwc9QK7OB0kgQkOu5AQDnOPw/nU+raJput2jWup2Nvdwn+CZAwHuPQ+4rzbUvg5dW07XfhjxPqOnSgFVieVmRV/uhgchfzosUpHVXfhWyQi40wCwv1bKToxAJPUEZwQfpXIX3izwloOoTaHrq6jHfRyebJfSQNmSQgfOrA7sYwAQMYHFUvFnhH4laj4VsdCeSy1LyphK95HOY5srkKG3YB+91HPAqvcfDj4h6r4SbStXv9IvSSHie8Z5J7Yg5ISUDv0OcigpyudsLzw8bCK9v/GUj2kqiSFZL9YgV6j7uGJ/WuS8QeHLrxknmeC9fnREf955molo3HYgAsy8+uK8SvdOuPBfi82WsWsF1JZSo01uWzHKpAbGfQg1v3Wp+DbGGTWPDV7renawCHt7UbSsTZ5G/uuM9efai4rnd/wDCtfH/AIhuLaw8SeI4JNNt2XdGJy7bR32heWx0LV1njXwppfjjwvHpmjazZW1to0gU7WDxxbVIKvg8YX+RryrT/iJfS6i15qUS2EGqwiK8vLAnzyF+XzAueOeOMd8c1lax4p03TfDt14c8MSXktteSq95e3A2NMF6IqjoueeeTRYTO0+CGjS3usXX+lO2m6XOZBsZglzKcqjFfQBSRn1FfRC14J8KPF+kiLRdKhs3s9UiZ4bkhPluo35EhPqGC9fXivelOQKYh1FFFAgooooEFFFFABRRRQAUUUUAFFFFABRRRQAUUUUAFFFFABRRSGgYUyQ/ITTiaparciz0q6uGOBFEzn8Bmk9ioK8kjhfh2Ptev+ItRPIkutqt7Zb/EV6BP/qX+hrj/AIYWZt/CiTuPnuZGmP0zgfyrsJ/9Q/0qIfCdWKletp0MPwQf+Kci/wCuj/8AoRrpa5nwP/yLcX/XST/0I10oqo7GFb42LRRRTMgooopiCiiigAooooAKKKKAFpaSlpDCiiigAooooAKKKKACiiigAooooAKKKKACiiigAooooASilooAbijFLiigBu2jFOooAbijFOoxQAmKTFOoxQA3FGKdiigBuKMU7FFADcUoFLRQAUtFFACUmKdSUAJiilooASmv900+mN04oA+R9Qth4++NFzbBm8m91ExlkIBESnBIJ4+4ua9TuPgf4R0bRb64v7nUbjA3Ryry8QyMYVRhj9R+Arynxx4Z1L4c+N47i3mcRtL9psrkdeGzg+44B+vvX03oWr6b428J297GoltbqPEsTj7rdGU/Qg0DPFX0bT/+E4MtreWUdhGh0yazvd0BEKxhDl8Y3H731q3a2mipE1xL4FmltrsHTVuLK8SYsFBBIXj5iFJ3DrXaeM/CniGOU3nhj7HPC863M2nXMa4aRcfMrH1xggkV5rY39zY6zb6FfeDrrTtUutR8+OW3nZGUFukYIwcAkZz0p6DOn1ay8Ca6NLe5vtW8P3Gn24toJJoTEWSM8AsVIJBPUHPNeseGLqa80G2nndpGYECVhgyqCQr47bhg14fr1xdnSmh0+51CcSzyWkMFzAu8PKwBDn/awSCPSvdfD2ntpXh7T7B2DPb26RMQeCQACaLCZp0UUUCCiiigQUUUUAFFFFABRRRQAUUUUAFFFFABRRRQAUUUUAFIaWkNAxpNcx4/uxaeC9SbPzPH5a+5Y4/rXSmuG+JTtPplhpyctd3kcdTPY6MLHmqpHS+G7X7F4dsLYjBit0U/XAzWhPxA/wBDS26BIEUdhRcf8e7/AENNLQmTvUuYPgf/AJFuL/rpJ/6Ea6Wua8D/APItxf8AXST/ANDNdNSjsKt8bCiiiqMgooooEFFFFABRRRQAUUUUALS0lLSGFFFFABRRRQAUUUUAFFFFABRRRQAUUUUAFFFFABRRRQAUUUlAC0UlFAC0UmaM0ALRSZooAWikpaACiiigAopKKAFpM0maM0ALmjNJRQAuaKSigB1JRRQAU00+kxQBzfi7wbpfjLSWsNSiJxkxTJw8Tf3lP9OhrgvCfw38VeC9UCWurQX2jIzyC3857d2crjJwGHYcHIr18ijFMDnrLXWtngsNXt57a5ICCaXaY5WHo68ZPocVo6m0cNm939kF09uPMRABu4/uk9DjNXJoIriJopolkjYYZHUEEfSsseF9JyM2xKDpG0rlB/wHOP0oA5TQltvEPiiO6t5ri5tNOBZnuYAhExyEQEABtoLnPOMrzXoS8Co4LWC1iEVvDHFGOiRqFA/AVKBigYtFFFIQUUUUxBRRRQAUUUUAFFFFABRRRQAUUUUAFFFFABRRRQAUhpaQ0DGGvP8AxLMb74iaFpwHywbrhvrg4/lXoBrzjSQdS+L2q3BOUs4VjX2PH/16ib6Hbg0lzSfRHoyDCj6Uy4/1D/Q1LjAqG44gf6Gqexyr4jD8D/8AIuR/9dJP/QjXS1zPgc/8U3F/vyf+hGulFKOxVb42LR2oo7UzIKKKKYgooooAKKKKACiiigBaWkpaQwooooAKKKKACiiigAooooAKKKKACiiigAoopKAFooooASiikoAQ8UmaGPBNeUt8QtTa+1PUYNL1WS0QxJaWL6fIrMgbMspfbgErnaCf4RxTA9WzRmvLLHxt4ivx4gutNgs2061kWRLzUXMItY/JRyrRhS5PJOffqa9I0+5N3p9vc7o282NX3RklTkZyPb0osMt5pRXHXGs3MXxVs9I+1AWc2kvP5HHMgkA3fkD+RrsRSEOpaSigBaSiigAzSGg1DcXEVtA80zqkcalmZjgKBySaAFmmjgheWaRY40BZmc4Cj1JrEk8Q3Fyv/En06a8B/wCW0n7mLHqGblvwBHvVaCCXVp/7S1MN9jJBsrFl6ejuO7nqAfu/WttIp5Gy58qPsqn5j9T2/CmyuUylm8VPyU0mL2zI/wCvH8qpajr3iHRYo5ry002eF5VizHO0WC3TlgRXTm0iIwQW/wB5if51BcaZZ3MDwzW0UkbjDK65BFIasVU8RQxFU1GGawkPH78Aof8Aga5X9RWukiuoZSCCMgg5yK57REljt59NkfzHs38vEhzvjPMZ/wC+SB9Qaa9lNpj/AGrSN4iRsz6d/C477M/cbuAMA/jmi4nE6UGnVUs72C+tY7mCQPHIMhh3/wAD2x61YzTJH0UgNFIBaKSigANJilooAWikooADRRRQIKKKKYBRRRQAUUUUAFFFFABRRRQAUUUUAFFFFABRRRQAUhpaQ0hkUjBUYnsK4P4cQ/aZ9Y1dhlrq7bB9gT/jXWa/ci00K/nJx5du7Z+imsf4d2v2bwdYZGGkQyH/AIESf5Goes0dlP3aEn30OtqC6/495P8AdNT1Bdf8e0n+6f5VbOWPxGD4H/5FqL/rpJ/6Ea6UVzXgf/kW4v8Afk/9CNdMKUdi63xsKO1FFMyCiiimIKKKKACiiigAooooAWlpKWkMKKKKACiiigAooooAKKKKACiiigAooooAKKKKACkzRSE0ALSUmaM0ANboa+Yr2dPs/iWRkgN0urz4mPniZR5owAVGzHUYJFfTprjJPhzp8ulXOmfb9QS1udSfUZ1SRR5jMcmM/LymccdfemBx8tpZanr+vy3XhE6l9mkiSSYXa29vtEKNmUlhkjJ7HjFeopfWNhocd5LJBa2aQq+4uPLRMDGD0x06VzusfDXTNavr65l1LV4I78qbq2trvy4ZtqhRuXHPAFaeoeDdH1VNKjvoHmg0wfuIGc+WSAACy/xY2jGfU02xnCTaDqniW6l8e2kckN/DPFLpMEnys9rGGyjenm7mOO2Vr0nQNesfEOlRX1jJlG+Vkbh42HVGHZgeCK0QAFwB26VjWfhfS7DxJc67axNFeXUflzbXISTkHcV6buOv19amwG9S03NJuFMQ+im5pc0gA1yPii5vbvULfS9PtxOIVF9dqxwHRG+WLPq5H5LXWnoawtEzPPq12cZlvHiHsI/kH6qT+NNFRLOlzwalbR6lC5kSdAyZ/gHcY9c9fpWiK5i1g1GxeZdJ+zSwXEjOyTuV+zyn7xGAcqTk445Poavt/wAJDKgjxptuehmDvLj6IQo/X86Aa1L15q2n6dtF5ewQFhlRJIFJqqPEmiuEYanagO20bpADkeoPT8aTT9FtdP8AOmmc3F3O26a5mxuY9gP7oHYCrpitJHkYLEzSAK54O4DsfzNAGLf3a6frVrqaYks50+zzyIcqvOUfPoCSPxrYmULNHKMg/dI9Qf8AA1i6n4WsZYLk2t1LpwmiKTeSwEbr7qePxGKTSNTeXw1BfX0yJBDG7SXBBVXVCRv56AgZpDSFms4F1uSLS9XWz1B08+W1BDhlJxvMZPHPcYqy17qenSxtfLbz2ryJGZYQUZGYhQSpJyCSOh4ryvUPFR8J+H7vxuYQ+t+JZitlFL0ht04Qn6KFJ9Sw96PhZ4d8Q65rbeIfFGo3jxxFZ7e0kmOHdhlXKZwFA5Ax1x6UwPchS0gpaRAUUUUxBRRRSGFFFFMQUUUUAFFFFABRRRQAUUUUAFFFFABRRRQAUUUUAFFFFABRRRQAU006mmgZx/xGuvs/hC6jBw87JCo9SW/wBrodGtRZaTaWwHEUSp+QxXF+PZftfiLw9pC8+bdCZx/sqR/9eu/iG1QPas46ybOyp7tGK76ktQXP/HvJ/un+VT1Bdf8AHtJ/un+VWzlh8Rg+B/8AkWov9+T/ANCNdKK5rwP/AMi1F/vyf+hGulFKOxdb42LRRRTMgooopiCiiigAooooAKKKKAFpaSlpDCiiigAooooAKKKKACiiigAooooAKKKKACiikoADVHVriS00i9uYseZDBJIuRkZCkj+VXjVa8tlvLOe2kJCTRtGxU84IwcfnQBw8XxFs76z0WGyud+oXNxbRTq1tIq4fG/aSAPXHNbDeL4heTKun3TWEF0LOW++XYsu4KRtzuKhiFLY4PtzV+bQLWfTNOsGaUR2EkEkRBGSYsbc8c5xzVCbwhFLcSqL+7TT5rr7XLYLs8t5NwY/Nt3gFhuI3YJz2OKY7oqXvj+3tL++tk0q+uEsbiK1nmi8vAklwEABYE5LAe2atr4wiFleSXGnXcN3a3Mdq1o2wu8km3YFIYqQd45zxznpUjeD7EzajIJbjN/ewXso3DiSFlZQOOBlBn8elOuvCtrdS6hM09wk15cw3XmKVzFJEFCFcgj+EcEHPNAaFnSNaOpT3VrNZy2d5alRLBIwbhhlWDA4IPI+qkdqyNX8R3+neLRYW1hLfxHTzcmGIorAhyCdzEDpjjua2dJ0X+zrq7u5bue8vLooJZ5toO1QQqgKAABlj06sTTptFgm1d9SLyCZrQ2hUYxsLbs9OuaAujK1DxlFaadbX1vp9xcwTWRvt+5IwsQAOMsRlsH7oqDUfE11FrehpptpJe29/ZT3PlR7QzYMRQ7mIAGGbvySKdP4DtZYrGNLydRaaeunqWjikJjAxn5lO1j3IxnAq1P4UUrpn2LUbyyl060azhliEbExtsyGDKQf8AVr2FGg9BsfiJL+fQJLSR0t9TEjBHjG4gR7sN/dIOc+4xWV4e8S31/ovhy6upwZtQ1C4t32xDDqgnKj/Z/wBUvPfHvW/Z+GbOxTSFgMm3S1YQgkHcWXaS3HJOSfqTUGn+EbLTrLSrWKW4Kabcy3UO5hlmkEgIbjp+9bGMdqNBXQad4rTUdZnsYrC4EMM0sDXOVKiSPAYMM5UHPykjmujB4rnU8LRf8JGmsy3c0k0TSGJdiDaHGCpYLuZR2BPHvgY6JelDAD0Nc5pt1DY63f6NM4SaSRry3U/8tI35bHqQ+7PsRXR1jeIPDlp4hsxDOZIZozvguYG2SwP/AHkbsf0NAXKWox3Wm35urYeZDM2XjB5Bx/XFWraW+voFkLNaxEfxqN+Pp2rwf4jp8RvDmp2l1farc32nWcivbXcKhE3DkeYq/wAXH8WQfWuc8Y+P7rW/FEmp6bPdQOEWJI0l3wsm3DDaR0JPIIINTy6mrqXVrH09dWwEGbeSCa7f/VG5lO1vXp7egrDvbPxnIVOnt4egiGS25ZXLfjXzBrXirxFrfkG/kIj09NkUcUKxLApx2UDGcCu98I+JvHWv+E5tO0WXTpoLNBC9lhUnZD3GcZB579adyLnp174q1nwvB5viHw609pjm70lzKg+qNgqPcmvLPFHxd1TxpZv4c03S0tobyYRqVcmSRN3ypjoCeM4+lbvhf4gR6PI2j+LpL/Rr63wI2UnywuMhWTnt35yKfLrtr4euIP7DtvBQWcEx6q0oEik9WYZ3A89OaAuXvH/wn17WNP0SHSruKaLTrVLb7PM20qQAGZT3BxnB5rW8HPrWj/EtNA1O6huDFosSO8SlVYIRtPPf5mGazNb8b6xdG1083Ky+H3EMN9r2n43MWxu24OEGTg8ZHNa3iiL/AIQ/x94a8RKG/sowf2ZduSSIlJ+RmPp83U/3fU09hHqtLTEYOoZSCDT6CQooooEFFFFABRRRQAUUUUAFFFFABRRRQAUUUUAFFFFABRRRQAUUUUAFFFFABRRRQAU00pNMc4U0FJHnU4/tP4xRL1Swtc/iQf8A4oV6MK4DwSgvvFHiLVm5LXXkIfZf8iu/Wogt2deL0aj2Q6oLr/j2k/3T/Kp6guv+PeT/AHTVM5Y7mD4H/wCRbi/35P8A0I10ormvA/8AyLUX+/J/6Ea6UUo7F1vjYtHaijtTMgooopiCiiigAooooAKM0UlADqWkpaQwooooAKKKKACiiigAooooAKKKKACiiigAooooASkxTqSgBMUmKdRQAmKMUtFACYoxS0UAJijFLRQAmKMUuKKAExQBS0UAFJilooAjdEkUq6hgeoNUl0fTUlWVdPtFlU5VxCoYH1BxWjimkUAeP/FTwdBPeXOr26Ylu9NmhmUD7zxgSI31+XH4CuL+FHwotPFehXOr6nPe2487y7RrZwpOB8zcg55IH4GvbfFkkkMtpJEcPHFcuvGeRCcVF8OdRstT8C6VNYRCKJYAjoE2gSD7+B0+9k596bRR4N4k+HUmj/Eyw07VNRn1CzvlaYXMjHzWVFJKsTnn5QM+hqD4Z+B7rxDcTR32kFtLv7d0S/IANu4+66ZOTyMY96+itd8J6drmpWmp3MbteWUciW5D4Ub1wdw715FZ6JDZ+IPDjeH5L7w1eTQSLcyTozxO6rk4BJBBIOQcduKLAjsdN+CPhrT9PMEkl3NOzBmuPMKbgDnbtHy447g11dxoE0OmawttOby5vd0kceot5kMbbcBQvZOBxXH2njfxFZw29zf3Giahby3n2MR20himZtxXdhjjtn6GtkfEC7No92vhfUWtVSSQSrJGwYJnceD7fjRZhqWfhzLqkGhHStcTy9Ss3KMmcgxn7hBycr1A+ldlXEaX4os9d8W2qWdtewXMVvILmO5gMZWM7Spz0PzDH4mu3pCYUUUUEhRRRTAKKKKACiiigAooooAKKKKACiiigAooooAKKKKACiiigAooooAKDRSGgYhqnqNwLXT7idjgRxs/5DNWzXIfEjUDYeDrvBw8+IVx/tH/AAzUzdlc2oQ5qiiRfDO2MXhOO4cfPcyPMx9cnH9K7QVk+G7T7D4esLbGDHAin645rWWiOwYmXNUbHVBc/wDHvJ/ump6huf8Aj3k/3TTZnHcwPA//ACLUP+/J/wChGumrmfA3/Itw/wC/J/6Ea6alHYut8bCiiiqMgooooEFFFFABRRRQAUUUUALS0lLSGFFFFABRRRQAUUUUAFFFJQAtJSZozQAtLmmZpc0ALRTc0uaAFopM0maAHUU3NGaAHUtNzQDQA6ikooAKM0UhNAC0U3NLQAtFJmjNAC0tNzS0AFIaWg0Ac14tt3a3huQH8qMSpMY13MqSRldwHfBINeE+DPG978Lbu40nWba6uLGZ1aEo3yKM8yJnrkY446V9MFc9a5nU/A+lak0heIBZCWMRVWjye4Ujg/TFDHc2NL1Wx1rTor/T7mO4tpRlZEOQfb2Pt1rx34l6N4i8NeJovFel6jeLpQk3yRxneLWRhtZhGTja38zz1FbUHwdudEvzqHhnxLdadNu3eSyBon9ioI4/Ou1ttW1S1tkXW9JYOow89mfNiPvj7wHtg00Byfh7SLjXfAMl1fHbPqT+fKNQhCk4I/u42hgB+BrhE1rSU1HVIl0+2FnHcBGfTr0KjjH3FVyuVODyDivYdYufDPiHTfsWo3kRt/MWQq0hj+ZTkZzj8qwdS8KeHfFGpCSw0a2dmUxz3/kbIwp6lRgCR/Q9B1z2LHcr/CsRtqOtNa39xdWQEPkrcTrK8ZIYkZViPTv2r0+snQfD2meG9PWx0q1S3hHJCjlj6k9z71rUhBRRRQSFFFFABRRRQAUUUUAFFFFABRRRQAUUUUAFFFFABRRRQAUUUUAFFFFABSGlpDQMYc1558Sc3l5oOlICTcXYdl9lwP8A2Y16G1cFcr/afxYgQcpp9mWPszH/AAIrOptY6sJpNy7HdxLtiUe1SCjGAKKtHNJ6i1Dcf6h/oalzUNwf9HfP900mOG5g+B+PDcX/AF0k/wDQzXS965vwTx4cjyR/rZO/+2aE8baNN4uPhmCZptQWNnk2LlIyuPlLf3uegz70R2NKq99nSZozXDW/xS0SfXRpphvI4JLhraG/kjAt5ZV4Khs+vGcUtj8T9Fvtaj08QXsUU0rw297LEBBO6Z3BWz7VRkdxmjNcRovxM0rWdZh0+K0vYYrp3SyvJYwIbop1CHP5Zrq7zU7DTQhvr62thIdqGaVU3H0GTyaBWLmaM1RutY0yx2/bNQtLfdyvnTKm76ZPNYniPX9Kl8OagYNdWHy1CvPZOJXiJ6cLnGaBnU0tcR8Lb2+u/CjLfzTTyQ3MkSyyc7kGMYb+IckZ/wAK7cUCCiiigQtLSUtIYUUUUAFFFFACUtFFABSGig0ANJriJ/i14NhEmdVkJjzuC2kx6e+zFdq/3TXgev319FZSy3Os6y0N3qVzbSW1jChSK1SRkc/d4IXpzzTGkd9pvxj8H3lhDPPfyW0zKC8LW0rlG7jcqEH8K7WTUrOGKOSa6hhWTlDK4XP0z+FeF2F/dHwzqt1pHiDW47bTZIo7SO4iTZLESqg8p67xjPQD1r2vVNA0nWIY01PT7a7SLOwTxh9ueuM9On6UMLFJvGOkJ4ij0d7uESSWxuEm81PLIDYK5z97vj0rYt9Qs7tmW2u4JmUZYRyBsD3xXiPhDw1Lc2F9f2ngjRdTs7y+nltpru4Ee2PeVVVTy2wo2/rXe/DaTS9W8PvqlnoNnpMksskEsVuAchGI+8FGe/agDtJbiKKJpDIu1QT19BmqOia1b63olnqkX7uO6hWZUcjcoIzg/SvNfEGk+C9N1ebSLfwNf6jdrAsrPZIXWPfuC5y49CelZnhrTPC9r/Ymia34G1CDUrpBA13coBFJKEyxHz5xx6d6Aseta54hsfD1gl9qEjpatKkRlVCyoW4BbHRfesK5+Jug2ujRak4vtk0JniQWcmXQNjIONo/E9xVP4m2+kweDhFqFzdR2iERxWVs+Gu36JH6kZAP4V5mr2mpf2PY3k6xfa9DguJJbrVpbeBsHZ5YVflz8mcfWhWBI9z0TxPp3iGNnsDc/JjcJ7aSEjPTG9Rnp2zWyK8v+GAt5dX1YxXbXJtVjiEkepS3ULBiT8u/gEbB0z1r1AUMGOooopCA02lNZusakdOsw0UYluJXWGCMnG+RuACew6knsAaYJC6jq9vpoiV98k8zFYYIhl5D1wB/MnAFU/tmtzfMttZWy9hLK0h/HaAP1qPTNLMUz3U07z3j/ACy3LDk+qxjoiA9h17561pSC3t4y8zqqDktI3A/E0MqyMUaxrSau9g8WnSP5AmiAd4/MG4qwzhsEfL271p2etxT3YsrmJ7S+2lxBLg71HUow4YfTn1ArCvNQ0i58T6QlldQS3O6SNxC+4BGQnBI4B3KvHWtvUdMhurfbPGZ41O4Ak70PqrDkH8aBtI1gc8inCuaXUrjQ3hjv5HubCVgkV7jmMnoJfbsH/PB5PRBt3SggkopAaWkAmKMUtLigBvNIRkYNOooArtawOctCjH3XNShQOgp2KMUwExS0UUAFFFFAgooooAKKKKACiiigAooooAKKKKACiiigAooNNNAx2aM1HvBpc0APzRTM+tOzkUALRmmk0gOTigB9IaBQTQBG54NcL4M/0/xf4m1M8j7Qtsh9kGD/AErr9WvEsNLubuQ4SKMufwFcv8MYCnhZbt/9ZeTSTt+LEfyFZy1kkdlJctGUvkdxRigUGrOMYRWHrOn6hcs72+qy28ZXHlLGpH5kZ5reNV7kZgf/AHTQ9jSlJxkmjh/CGl6lPosTJq8kEBkk/dxxL/fOeevNI3hB7X4qaXrFjYKlj9kmW7mQgZlOcFu5JyOa3fBI/wCKcj/66yf+hGuiAqY7GuIqOU2eF/8ACD+IbkaZ4XfTZYrWx1Oe4k1MsvlvE7ZUqM5LYJ+hxRF4J1+/ttE8KXGlT21vpl5cST6oXXy3iYtjYAcliCPoa91296QLiqOe543oHhzxA934U0e80eS1h8O3Mks1+0i+XOMkrsA5OeM/rWj488OXN/40ttSufD1xrumf2ebaOC3mCGKbcSWOSMAjv/gK9T2ijaPSmPmPD9Y+HGrat9puJtKLTRaJFBZKblWKXAc8bi3OFPU8VueBfAdx4d8RwyPpvlWM+iRx3oaRXDXe/LgjJzx+Feq4oAxRcVyO3t4bWBILeJIokGFRBgKPQCpqTFLQJhRRRQIWlpKWkMKKKKACiiigApKKKAEJozTJHEaF2IAAySaydB8SaZ4ktHudMnMsSPsJZCp9QcHsQQQe4oA1m6V5/b+BprrSdRivL7UbSaS5u2ijtb1442WSRmUsqnBzu79uK73zFbGGHIyOetM86JgxWRDt4bBHB96dxnlEvgvWbDw3pej2cF7dyXUEUV68+qEwWZVkZtsRGCPlIGK73xVFq+oadFpmksIPtj+Vc3mebaLB3Mo7sfuj0JzWtbXlteWcd3bzJJbyKHSVGyrL65p5miVlBkQFvugkZP0oYGHqBu/C/h20tPDmii/8nbBHb+eIwiAH5iSDnkDP1zSeBvDsnhfwlaaZPKslwC8kzL93e7FiB7AnH4Vp2uq2t5qt9p0TMbiyEZmBXAG8Erg9+BVtZomTekisnPzBgRx70AcZfab4rh8cajqWiJpQtri1giL37SfMyF/uhOeN3f1FUrzRvGWpeKfDl7qiaPJaWF00rmxaRWUFCMkP1H0r0ESxsCVcNjrtOaoQa3Yy/YVeXyJ75C8EE42SNgAkbTyCAeaAK3ihboaYJtO0eDU9QjbbAk0gj8vdwXDEHGPbrXnI+G+uW0nh+3SWDU7a1tWjni1AgW0Lbdo2oo3OeWIJz26V6hZavaahJcRwyfPbzPA6tgHcvXA9PerwePfs3rv67cjNAHG+EPDWreG9ZuYbq8a/0826R2tw8pDxqnAjaPoTyTvHJxzXcKeKi3IGClhuIyBmnbwMDNAEuaXNQCeMyGPzF8wDcUzzj1xUopCA1xmpz6ne+K5Y7FLZk0u23r5wYgyyA88HqEBA/wB412bVg6Y8Satq6Myi6a4Dsufm2eWgQ49OD+tNFR3IbY65dQReTd6aIWQHz44nY/gpbH5mp4fDNkZvPvi+oXGc+ZdHeF/3V+6PwFcxY3kuhahf293eR2FmkhKPO6ruX+HZnrx178Vkat8Qb+41OOx8LXlrdTQjfLFeuI3uf9iNSAegJycdajmbZrOmk9GelXmk2d5ZNavEI4yQVMXyMhByGUjoQaoWF/c2V+NJ1N/Mdl3Wt0ePPA6qewcd8dRz6iua074o6JLIlrqlzNo+oHiS2v4ygU/7+NpHvkVf1jW/C+sacbe68Q6SEJDrIt3HuRh0ZTu4I9apGVjqkjjlSeJ1V4iSpUjIIIyRj8aw5RdaFp017pl1Hd6bAjSfZZTkqqg5WOQHtg4BB9MivLvEvxUuo54/DXhjUo9TuLpvIa/8rBQsQoCEcM3P3sY+tUJfiHrWltd/DzStGheWKV9OtZmclgudu5l6Fjyc5xzTB7nv2m6hb6rp0F/aSrLbzoJI3XowNWxWZoOlRaJoNjpkP3LWBYgfXA5P4nmtMUiRaWkpaACiiigBKKKKAEooopiCiiigAooooAKKKKACiiigAooooAKKKKACiiigBDXnvxFu77SXtL621nWIPtEqWcVnp8cLb5DuOcyDjgY69hXoR6V5p8XGgls9EtmKu39qwl4lCu23ZJ/CeCPrxQUcBFqPirRf7Y1bULrxTBbySeYJIvsznYOAZASQp6fdGK9t0u01Kx8PlP7SfUL50Lxz3oAG4jIDbAPlB9Oa8V8TaVYReGtRmi0uSJ1t2Kv/AGVboB/wJGJH1r3O3v7ODRo7qW7gS3jjUvM0qhFGByW6DrQM4DVIfG3isXejJrOg2tzYyxPObJrhJI2+8oJzyCPz/CtzStS8Xz642n3V54ck+zbGvI7VJ/MjRuRyxxkgEisgeIdDsfihPqcOu6SNNvdLCXMovosCaN/lyN2c7Wo+H/iHQmXV9Wu9Y0+K91jUZJUikukWTygdkSlSc9BnHvQB6ZmvOPCWqLcfF3xpa/aC21bYpGXyAFTa+B7EgH610Pi3xXDoNqLS123Ot3SlbGxXl5XPAJA6KDySeODXN3Hg++8PeHtO1jS4/tfiPT5Gubkj7175pzPGT3z1X3UYpCPSwaRqzNA8Qad4j05bzTrlJozwy5+eNu6uvVWHcGtCeaOCF5ZWCogLMxOABQCV2ch8TLw2vg64jU4a4dIh+Jyf0Brb8M2Q0/w7p9tjBSBAR745rh/FmrW+u6jo4QOdJhuRJNdMhWMkdBk9utekWzK8KMpBBGQR0IqF8Z21k4UIx76loUppBS1ZwjTUFz/x7v8AQ1OahuP9Q/8AumhlR3MHwR/yLsf/AF0k/wDQjXSVzfgj/kXIv+ukn/oRrpBUw+Eut8bFoooqzIMUUUUAFFFFAgooooAKKKKAFpaSlpDCiiigAooooAKSlpKAMLxfDfXXhq7stNUm6u1Fsr9og52s5/3VLH8K53w54b1nQ9YliuJreWwn09LZXtYjF5Ji+VMgsSSVZuR/dFd6R7UhWmO5wfhuy1SO78PRXem3NvHpekS2VxI8iFXl/cAFcMSQfKY5IHaofB+h3FlqlxC2lzx6c9osbtdxxLJvDH5CUJ81cE/Mefc5Neg7aXFAXPPo/Ds994X8J6Vd6UFisrmMX1s4UphInXdwcMpbB/HkdazPF3hvWdR1vVXstLUAwW62E8McRdnQ5OXdsxgEYAUDNeqbaMU0wucLf+H9TmvPGMkEJA1CK1FufMC+aETDpkHK5GVyfWsjVtOe30HxVe2Gito2mtockJt2WNDJKA537UJHCnGc5OfQCvUcUx4kkUq6qysMEEZBFK4cxxPhuwRtae+07RpNLsTp/lOrxpH58xYFWwp+bADfMf71VrbQby2i8DSXWlG4l061a3useWzQMY1UNknkAg/dPevQgoAwOlGOaAueeN4WlZp7waWpvz4gjuYp8J5iW/mRlyGzkDaGBHfPSq6+Gbw+JZJZ7S8+2f2wbuO+hSDYYNwKqzt+8ACZTaPp05r0sCjHFFwuec2Wi3Vr4k1CS70Bru8uNXFzbaluQCG2Ozgtu3DaAw24wcj1NPl03WIdRubSPT7mSOXxBFqAuVlUoIMoWHLbsgqflx9K9DxRj2ouFzz+60S8j8fQ39np8rh7wTTzXEcRRY/K2ExyA+YpGMbDkHPQda9ATGMUYpQKBNga5jxn4duta0h30q6ey1iEbrW5RyhB7oxHVT0IPsa6jFJigD518L+KJdG8WaofiHDdoZEYR+dbtJFExIDgKARhgByOOPesK3s/DGseONQmQSWWnQ25ls20eN5ShU8SSDBIOMkjHoK+o3hjcYZAQexFUF0jTdPjuprXT7WGSVSZGjhVS+AfvEDmgdzwLTPiHZTafNFrFkdUitn2CeSy8yN85w2DyhIHQ+lV7rxL4curVli8BJOsynd5NoYSUHVlYcjHqPxqWw+Hviu017SdU0C7MFtq0SyG6RNy25ZdzLIvIx6ZGDx0NdXofwo8T/8ACUW/iDXPEYlubecgqqlxJF0wOgQHJ+XHFAyn4DsPhle31lrOlW13BqUEoK2Ukxco/ZsHqB1Bz+op3h74aa/ZeMdc8Sak0W9PtE1lIrhmklYkq2Ow68H16Vw3hzwBN4zvfFN9pcr2stjMXs1A+V2LMRHntwByOleqeAvE+o33h7ToLNTqU4mEGoQ3E+2W05wX55I74/DrSGeoWdwt1Zw3CfdkRXH0IzVgVz+h3H2K5l0SYMrwAyW5PSSEnjB9VJ2kfT1roBTJYtLSUUhC0lLRQAdqSlpKAEooopiCiiigAooooAKKKKACiiigAooooAKKKKACiiigArD1Hwd4c1e9e81HRLC6uXADSzQKzEAYHJFblFAzlz8O/B3bw1pX/gKn+Faen+HtJ0qyks7DTLS2tZW3SQxRBUc9MkdzgD8q1cUYoAzP7A0jdu/suyz6/Z0/wpU0HSI33ppdkrdcrAgP54rSxRigLlMafai+N79mh+1lBGZ9g3lR0Xd1x7VZxxT8UmKAKtvY2tnJNJb20MLzv5krRoFMjdMsR1PuaxfGH/IKgMgP2QXUX2sDvFnnPtnGfaujNUtSMK6fcNOFMIjYuGHGMc0mro0pO00Vi+nHSwzNb/YtnLEjZt/liqfg0P8A2EhORCZHNuD2i3Hbj2x0rzH4fwp4i8W30dyJG0yKMzQWzuSgO/A+XOPWvbIo1jRVRQqgYAHapjrqdOKgqLdO9yUU6kFLVHENPSoLn/UP9DU5qC4/1D/Q0PYqG5heCf8AkW4f9+T/ANDNdGK53wT/AMi1D/vyf+hmuiFKHwlVvjY4UdqSlpmYUUUUxBRRRQAUUUUAFFFFAC0uaSlpDCikozQAtFJmigAooozQAUYozRQAYoxRS0AJijFLRQAmKTFLRQAYoxRmkzQAtFGaM0AFFFJmgBaKSigBaKSigANUtWuY7TSLy4lOEjhdifoDV01ieJMNa2kchxbSXkSzn/Z3ZA+hcID7GmND/DNrLZeF9MtZ0KTR2saup6g7RkVpSD5DilX7oocZQgd6AOA+DkFvH4AhkiC+ZPcTvMe5bzCOfwC1N4k+F2ma1qy6zYXU2lauHD/abboxHdl4yffj3zXC+C4L21tEh0k3CzHz0uobTUVV/NWXAZ0dSAcenatu31XxsdMsHMt8n2x5YpWkt4XeBvmCBTlckkDqMYp2GdF421W40m/8PhYV2vOyi9LAeTJjADD+4wJDc8de1dPoWtW2uaeLm3ZCVZo5FVg211OCMjr7HuMGvI76HUblY7nWtM1TV7uOIm0t5whj8xSokO1TxnPU54rtvhwUe01Cb7XE080yyTWSRhDZNtAEZHUnA696LAd0KWmilqSR1FNooAdSUUUAJRRRTEFFFFABRRRQAUUUUAFFFFABRRRQAUUUUAFFFFABRRRQAUUUUAFFFFABQaKQ0DENcl8RL82Xg+7VD+9uMQIB3LHH8s11hNcF4tb+1vGGgaIvKJIbyceycL+uRUTdkdGGj+8TfQq+DNL/ALI8Ww2O0B49FQye7mXJ/WvSMVx9iMfFC5H93SUH/kU12PenHREVpc82xaKKKZkIaguP9Q/0NTmoLj/UP9DQ9iobmF4I/wCRah/35P8A0M10YrnfBH/Isw/78n/oZroqUPhLrfGxaWgUVRkFFFFAgooooAKKKKACiiigB1JS0lIYlJmgmsTWfEdpoV9p0F6sixX0hiW4C/u4342hz23ZwD60wNvNGa5nxN4wtfDkED7FuZpLqCB4UkAdBKSAxHPofrW7ZX9pqFv59rcRzRhmQtG2QGUkMPqCCKALOaM1x1t8SfDt14ll0aO8Q7VUR3GfkkkJI8sH1HHtz7U5/iN4eXxRDoi38LySKwMyvlEkDACMn1OT+XvQOx1+aM0wMDyDkGsddfU+MG8PiBtwsReGbdxy+zbj8M5oEbgpaaKcKQC0UlLQAlITSmmMcCgALYo3j/8AXXHB5fE13czPeXMWkwymGCK1kKG5ZeGcsvO3OVABHQ1cXwbosgBfSLJeOrRbn+u485pspR7nS5HrS1ykmiX2l4fSdSmiVf8AljcsZoD7EH5l+qnj0qxpniiGeVrTU4/7Ovk6xTONrj+8jdGH6+1K4ONtjo80tVIdRsp5fKhu4JJMZ2pICfyq1TJFooopAFFFFACGqmoWcWoWM1rMDskXBIOCPQj3BwR9KuGmkUwPHNe8da94V8XWQ1W3nn0uxiZLmW2HNwHxtkZDwCCvr69M4rtNC+JfhXxHex2On6krXMiblSRDHu/2RuAy3tXUS2dtNIHlgjdwCAzKCQD1Fctr3ww8Ka+u6bS47a4zkXFmBDID68cH8QaQ7o5nxP8ABSy1nV7jVtK1a50y6nYyOEG5N55JGCCMn3rmZfgx44WIRw+Mtyo/mIjTzABv73fBr0HR7LxT4SmkhvLufxDpQTEBCqLiLn+Ik/Px71vz+KdPitJJsy+eiki2eNllZuyhSOSTxxTA8QuvA/xW0y1neTxGPs0ETsZBeufl6sFyucnFex+A/CMPhHw+luXeW+uMTXk7sS0kpHPJ5wOg/wDr1aTT9R1Z4ZdUeKG2V1lFlCCcsOV8xz94A4OAAMgde+8OlADhRRRQIKKKKACiiikIKKKKYBRRRQAUUUUAFFFFABRRRQAUUUUAFFFFABRRRQAUUUUAFFFFABRRRQAUhNLTDQMbI21CxOMCvPfBkp8Q+LNZ8QumI1K2lsPRF5J/E4P41veOtVbSvC15JGcTSr5UeOuW44/WpvBuirofhy2tf+WhXfIfVj1/w/CsnrKx2U1yUXN7vRFGz/5Knfe2lR/+jDXYVyNkP+Lp6kfTTIf/AENq6+tTkYUUUUCENQXH+of6GpzUFx/qH+hpPYqG6MLwR/yLMP8Avyf+hmujrnPBH/Isw/78n/oZro6UPhLrfGxRS0CiqMgooooEFFFFABRRRQAUUUUALRSZozSGIelcz4oWaGSwvhqVta2kM6pdQ3QHlTRsw46ZDg42478V0pPFcz4h0W61vX9BLGL+y7Kd7u4VidzyquIgB6AsxP0FMDz7xBpWoNocusX9tIl3f+I4JtgXcY7aMlYsgdPlGfq1dr4cj06S/wDFF3pV3J9kmuSsilcRx3CpiVkPcHK591NRajpnivxBqk1tNepo+hIxXFnJuurlfUuRiMH0HNdHZ6NYadoi6TbWqR2SxGLyV6FSOQfrk5PU5NA7nhMer3Fp4zTWk13UZbaQeU87WsXnG3SPzeUC4xnqcZxTZdanfxVBqh8SakYlmWzFwbKBZY4pIw+SNu3r7dORXb6f4Dv01fTDe2NuLQfa5r5oZsKzTIY1jVcDhV2jPpTbD4cTn7Da39tB9nkmmuNQKTHHzRGNIoxjoq4AJx0zTuO56jHlIhuYkgck8ZrylfEMi/EmXxUJEPhvcNENyfug/f8AMz/d8w7M9Oa7TxTpGr61DZ6ZYXq2emSEjUJAT5zxjGEjPQbuQT1FaEfhzSYvDw0FbGH+zBH5X2cj5dvp6++eueakRrowZQQeKeK5XwjpGraAbzTbm7S60mJl/s53JMyRnOY3PQheAD1x+FdTmgQ6ikzRmgANZuuzvbaDqE8ed8VtJIuPUKSK0j0qG4hS4t5YZBlJFKsPUEYNA0eb+B9VPh9bHQNRmjaGSwjubCcrt3qwy6se7AnP0NehR6hayruSZWXrleRXFWPh+01XRI9A1B2j1TSGxBcJ8siD/lnIh7rjAI6ZXBq3YeKbyxuH0fWNMu59TgQOZLGHzEuIySBIOfl5GCD0PtSSdy5WOv8AOgkQkSIy98Nniuc12ZYNOtoBp0V/d3Uvl28M4GzdgtuYkcAAE+vYVK2tXbAzyeGb/wAhedzeUZPqE3E/1rP1fWbPWF0+00+RnvWv7dxG0bI8aq4Z2IIBACg/nVEplG5l0E2t7o9zPp667a2j3btZReW0BAyGUjJBHHBOSOtdrpM00+k2stwNszxKzj/aI5rwvS/DGs2vxU8R6dd2FzNDqsc/l35U7YwzB0kLYx22kD1xXs/h7VxqdtJFLC1vfWreVc27fwP6j1U9Qe4oBm1S0gpaCQooooEFFFFABikxS0UANpNo9KfRQMQCloooAKKKKBBRRRQAUUUUAFFFFABRRRQAUUUUAFFFFABRRRQAUUUUAFFFFABRRRQAUUUUAFFFFABRRRSGBqNqeapaneRafp893MwWOFC7H2AobsVGLk7I4rxBKuvePNK0VDvhsybu5A7EfdB/HH513yDAArgfhtp80yXviG9X/SNSk8xc9Qnb/P0r0AVnTu1zM6cS1Fqmuhydgc/FPVfbTYf/AEJq6/vXH6f/AMlS1b/sHQf+hGuwrU5AooooEIetQXH+of6Gpz1qC4/1D/Q0nsXDcwvBH/Isw/78n/oZro65zwR/yLMP+/J/6Ga6OlD4S63xscKKBR2qjIKKKKBBRRRQAUUUUAFFFFAGTrGuQ6O9rEbe4ubm6cxwQW4Xc5CljgsyqMAE8mlstctrvT5byVZbKOFmWVbxfLMZXrknjHuCQfWqXiuyl1CxjgXSo9St2f8AfRGURyKMcPGxIAYHHcexHfno9H8SDwxNa3ETXKjUY5beG5lSaeK2VlbG8/K0gIONxI9ScUFI6m78R6dbWVrercJPa3M6QLNC6sgLZ5LZxgY5NWo9T0+ax+3RX1s9pjPnpMpj46/MDjrXBaV4P1f7DcRX0CBJPES6kI5HUnyuCchflzx0HvVvWfCupXNvrC2sSqkmtW99DAjIBNEkcQYYPAO5GPPUqM9c0WHodLqHiPT7DT7a+WUXNvcXEdvG9syuCzvtBznGM9auPqVjHeR2cl5bpdyjckDSqHYey5ya4mbwrqM+kyeVbyRSXGt29+0E0ifIiMhZhs+XnaTgZo8SaDreo6hqQt9P3GS4t5bWaLyVUiPYQZGY79wO8cDGAKdg0O1l1OwhuY7WW+to7mU7Y4XlUOx9ApOTVaXX9OivL20+0q91ZwfaJoEOWVMEj8Tjp7iuf1HwldXUHiaSO3ga6vbuGW0kcjIVFiA57EFGxWlfaRcya/qc0VpGYr7TBAJgVBWRd4w3fkMvP+zSsg0NPTNasNWt1ltLqKRjGkjRLIC8asMjcAeOKkOq6cLeW5+32vkRf6yXzl2p9TnjqPzrmbHwxdWkmisltHH9n0GWxuCGUEyEQ7R7jKPz7+9UdO8IXmmeAtAsRp0El7p80U9zbIygTFd2RuPyk5YEZ4yvWgR20WpWE1mt5He2z2rfdnWVSh5x97OOtOg1Kyubb7Tb3cE1vnHmxyhkznHUcda8y8Wadep4b1G6uNPEEd/rdnNHYllJCgxIdxXIBYrk4z/Oty58PalqWkeKXWzFk+pLH9mtWdTlo1HzMRwCxAHfgAn0osPQ7ZrqBPN3TRr5Q3SZYDYPU+gos721v4Fns7iG4hb7skLh1P0I4rjbrR9S1eHxPJfaY8Ud/awwW9utwgkYIHzlhkKctx17e9anhKz1S2e+k1G3jhSWRWhJRFncbeTL5Z2E56Ec4607aCaOnpCKdQakRia3oEOrKkqTS2l7FzDdwHEkft7g9wa4bUrrxY3iW3a00+3k1TR7Z5J0EpSPUIJPlUJxwQ0ZOD0PQ16kRXOMyW3j5fMYKbvTtkWf4jHIxI/KTP4VSGmeVaJ8a9fTxLNaa5oEzQSSYW3toG86D22nl/fOD/KvVLXxbBPHDLNo+r2cEzBFlurXYATwMgEsoJ7kYrotqg5xzUF9eQ2NlNdzhvKhQu2xSxwBk4A5NICbAPOK5y8xZ+OdMmXCre201vJ/tMhV0z748z8zWGPi94dW7ihuLbVLWCUkJcz2hWM47+uPfFN8WeNPCF5pAi+1SalOXU28WnEtNv7FWH3SPXP59KLDPQwcjNKK8x8DeM9ebULbR/E9kYHuy4sZpHXzX2jJWRR3287sDOOlenDpQKwtFFFBIUUUUAFFFFABRRRQAUUUUAFFFFABRRRQAUUUUAFFFFABRRRQAUUUUAFFFFABRRRQAUUUUAFFFFABRRRQAUUUUAFFFFABSE0tNNAwzXAfEG7bUWsvDFo5+0X8yiXb/BEOWJ/Ku3u7mO1tpJ5WCxxqWZj2A71wHgmyn1vX77xdcjalwTFaIeqxg4z+OP51nLXQ7MNFRvUfT8zvrK1js7WKCJQqRqFUDsB0qzSAcUtXscjk27s5HTRn4payT20+3H/jzV2HeuP0s5+KOuev2C2/m1dh3pgFFFFBIh61Bcf6h/oanPWoLj/UP9DSexpDcwvBH/Isw/78n/oZro65zwR/yLMP+/J/6Ga6OlD4Sq3xscKO1Ao7VRkFFFFAgooooAKKKKACiiigBMUYp2KKQxuMdKMU6igBuKMcdKdRigBMUmKdRQAmKTFOooAikiVwAwBAIPIzzT8cUuKXFADcUuKWigAopaSgBDXPeJdJnvfsd/ZELf6fKZoMnCvxhkb2Ycfka6I00imBk6Rr9nqyyRxsYruE7Z7WXiSI+jD+o4NaE0KXELxSDcjqVYexGDVDUPD2m6jKJ5bfZcqMLcREpIv0Yc1T/sTWoV22viObaOguLdJT+fBoAxZvAZtzpRtXNyunPIUS7nYiRHBBQjBHfr7Vl6X8PLq3hMMq2dosZkaGS0Zi4ywdA2eoVv04rrhaeKY+BqenS+8low/k4pjeH9T1IFNY1lpLc/etrOLyEYejHJYj2yKdyrnFeEPDiar8Q7nxHJFLLHZboo71pQY55sbG8tQOEUbuecn6V6yOKgs7O2sLWO1tII4IIxtSONQqqPYCrFITYUUUUEhRRRQAUUUUAFFFFABRRRQAUUUUAFFFFABRRRQAUUUUAFFFFABRRRQAUUUUAFFFFABRRRQAUhNLTWoGGeaM1554s8aXOmeKrPT4YtRSzgAmu5bWz8/zi3CRD0z8xJ6jAxWNa/ELxLrHiHTbOy0oW1wyXKT2d7+5SQrsKsrYLZCMCR7nrxRYdmeuZozWRoF/cX1pMLya0luoJ2gm+ybvLRxg7fm5JAIyay/iDrF1ovhpbq0uPs8pvLePzMA4VpVDdf8AZzQFjrM0tNU/IKWgQuaYTTqoarqEOl6fPeTnEcKF298dqTKjFydkcd491aW8nt/Cthk3moY81v8AnnFnkn64P4ZrsdK06LTNNt7OAYihQIo9gK47wNpsmp3Vz4r1Fc3V4x8gH/lnEOAB+X+c134qYrqdOIailSj039QxS0tIao5DjtJ/5Kn4gPpY2v8A7NXZVxuj/wDJUvEXtZWg/wDQq7KmNhRRRQSIetQXH+of6Gpz1qC4/wBQ/wBDSexcNzC8Ef8AIsw/78n/AKGa6Ouc8Ef8izD/AL8n/oZro6UPhLrfGxwo7UCiqMgooooEFFFFABRRRQAUUUUAOopKWkMKKKKACjtRRQAUUUUAFFFFACUUtFABRRRQAUUUUAJRilpKAExSYp1FADcUYpTRTAQCloooAKKKKBBRRRQAUUUUAFFFFABRRRQAUUUUAFFFFABRRRQAUUmaM0DFopuaXNAWFopM0ZoAWikzRmgBaKTNFAC0UUUCCmt706kNAzxn4ksT8QbWMy2yRjS92LozBMmUg4EXJOOOeMVz2kGC7XRba70abWAZNRaJLaZ45VKyqBtZmBC49Tmvb7jQLa41mXVS8yXL2TWW5GxtQtuyPRs96xv+FdaOLeyjjn1KKazaZ47uO7ZJyZW3SFnGMkn1ouNMseCoYrTQ2ij0hNKKzv5lqt0Lgq3qz92IwTmub17yviN4kGgxRvLoOmlpL64Q4WS42lUjU99u4sfcYrrrPwpYWOhXWkQyXfk3TO80zXDGZ2f7zF+uT61paZpVlo2nQ2On20dvbQrtSNBgD/6/vQ9Qucz4J8QTSRyeHtYLR61po8uTzBj7TEOFmU9wwAz6GuxJrK1PQbDVLyxvLmDNxZSiWCVCVZT3GR/Ce46Gl1DW7PTGijuHZpJDhY40LMfwFLYcYuTskaZYAE+lea+InufGfiuLQbNz/ZdmQ9/IhwCc/dz3P+PtV3xZ4xuIIY9P0q2uBqN0SkZlhKBR03DPXrxW/wCEvD8eg6LHCwDXUn7yeTqWc9cms2+d8p2Qj7CHtHu9jZt4I7a3jhhQJHGoVVXoAO1TikC8U4CtTibu7i0UUGkI4zRv+So+Jv8Ar0s/5PXZ964zRf8AkqXif/r1s/8A0F67OmNhRRRQSIetQXH+of6GpzUFx/qH+hpPYuG6MLwR/wAizD/vyf8AoZro65zwR/yLMP8Avyf+hmujpQ+Euv8AxGOFFAoqjIKKKKBBRRRQAUUUUAFGaKSgB1LSUtIYUUUUAFFFFABRRRQAUUUUAFFFFABRRRQAUUUUAFFFFABSUCigBDRSmkpgFFNZgoyTgU3eMZ7UBYkoqKKeOeJZYXWSNhlXU5DD1B70NKibd7Bdx2jJ6n0oCxLRUTzRxgF3VQSAMnGSegp2c0BYfRUMlxDCyCWRUMjbUDHG5vQep4PHtUo6UALRRRQIKKKKACiiigAooooAKQnFLTW+6aBo4i9+IF3ZR3Ly+E9W2W+4u/mQYCr3+/nGBnpVDw/8R9U1HRobyfwrfzNLlhLayQ+Uy5OMbnDdPUV5zf6PpjweINRn03T7y/XX7lGN5eLD+4QhmC7mG5jnAxnGapz6b4f1jwrr+qWeh2Vki28c1gyXqyTR4dEcOgbIyWyCQOo9aqxVj3288TWOl2FndamtxbfalBWMQPKyHAJVhGGwRn6Vy03xV0r/AISS2tLXzptOMbi6uBaThreQYKgrszyM12tkF/sy3LYAES8n6V554WsvEmonWdY0XVdPtbC/1KeaAT2TTNIoIQODvXghBgYqbhY7fSfFela5cm3sJLhpQhkPmWssYxkDqygdxxWZd/ErwnaGWOTWIxLGSrKI3PI+i0/wNqd/q2lXr6nJFLc21/PaGWGLy1cRtjIXJx+dR61rOsJ4mXQtF02wnlNl9rklvJ2jUDeUwAqnPSgVjO8P/Ffw/qGj21xqV9Da30i5ktlV22c8dF7jBrZ8Q+MbbRPC6eIIo/tVkSjHbIEYxt/EobqcHO3jNc14dTxF4JstA0LUbTS5LOa5+yC4guHMgLB5AdpQDHBHWuh8arD9hswNBGs3n2gC0t3TMayYPzOeiqBnk/SgLGDP8VRBoq6gdLGZleW3je9hjcxc+W7IzbhuAzgA/rW14R8d23ikrH5UdtcNEsoiF1HKWB68KcjHHBA6ivKNN1Ge30TwzFcxyrDPbXKFrPT4bqVpUnbaoVwTsC+nA4rvvhzeR3upX7MdyGKKWzee1ggmZDvDnEXbcoHPIximDR6TS02lpCFpDRmjNACYoxSbqM0ALR2pM1WvdRtdPt3nuZ0ijQZLM2AKTaW5UYuTsidjjrXIW+o2CeO72O6niFw0KCBWPKqM5A9yeayrzxhqHiWZ9O8LWzkH5ZL6QbUjHqPf9fatHRvh1p2n2cq3ub25uP8AWzSDkfT0+tZOTl8J3QpRoxftXq+g/wAYtDdtplnahZL/AO1pNGicsqrnc3sK7GMYQVw/wx0+EeGU1B1L3c7yK8rnLFVdlUZ9AAK7sVcU73Zy1ZK3KugYpaKKsxCg0UUAji9D/wCSpeKP+vaz/wDQXrtDXEaCc/FbxWPS2sv/AEFq7c0hsKKKKZIhqC4/1D/Q1MahuP8AUP8AQ0nsXDcwvBH/ACLMP+/J/wChmujrnPBH/ItRD/bk/wDQzXR0ofCXW+NiilpBS1RkFFFFABRSZozQAtFJS0AFJS0lAh1LSUtIYUUUUAFFFFABRRRQAUUUUAFFFFABRRRQAUUUUAFFFFABSUtJQIQ0UppKYznfHJtP+EP1Bb+1u7m0KDzUsziUKGBLLyPu4z+FcxZa9cXM2j6TpmpyXlsNOe/vLudB5jxfdjQ8cFjnPf5feut8X65F4b8LX+rSx+aLePKxj+NyQqr+LECuUj1fSPB+hxX3ie4Q67qUCCdIU3TScHCIg6KuSB0GepyaQ0UvA+oanpGn+EICktzpeqacIwETP2WZMtuJ/uspxz0Kisz4o6xdW+rWUhfX4LW3vUkDRQw+RhFJZ4yTuLjPRuOtdN4F0O/iWK/uPtVnp8NsLbTtOlmyyRZyXlxgGQ8DH8IGOua4rx5Zy3Gva7vuhOLaBriUNkrDvXy4YxnuQWYgU0NEvxA1q/ns9Oiz4jiFtJDNKXtoFVtuHMmVbPmLkHH3c16r4avpr7RopLiK+jlX5Cb6NElfHRiEJXkY6V4tq+gz6de6/ZXN/wCdFb21xOkb3Bk8lXCJDGc8ByMnHXGK9O8PmbwP4EkbxBP+4sC+yUMWZoicoMf3vm2gewoY2ih8UtbtNHk8LyXbbY11iOdz12oitub8Nwr0KJw8SsrAgjgjvXn+k6M3je5udf8AENiyWdxbNa2OnzDDRwt9939HfA6dABVjwzq03h7V4/Bmru7uqFtLu25FzAvRCf8AnogGD6gA0iWd5RRSZpiFopM0ZoAWikzRmgQtFJRmgYtNPSjNGaAOLg+HOkywasmqQW1815ez3UTSQ58jzAOBk84x7VkT/CeGPwxb6PYzWUU7p5V9fvaZmljDBgFIb5eVA78CvS80mad2FzB8QaHe6poselWWpGxhbEdxIse52hxhlU5+Un15qa40y8stAh07w7JbWTwKkcRniMiKgGMYBHPTnNbFJSC5keGdCHh7Rls2uWuZmkeaedlC+ZI7FmbHbknj6Vma34V1LUvE0eradrsmlFbT7K3lQJIzjeWH3wQBz6ZrpLm8gs4GmuJVjjXqzHAFU7PxDpmoSmK1u0eQDO3kHHrz1pXSLUZNXsc63gzWJdU0u6vPFVzfRWV2tz5M9vEoJCsvBQKQfmPr9K6bVoNSmsCmlXUFrd7gVlmh8xQM8/KCOavBqNyjqRTJszze0+Ecemy6Pd6XrElnqNksgnuxCHaffk8Kx2qBubsevtXQeHvA9v4Z1u+vrGdfs94o3wtECyvnJIfqFPJ29MkkY6V1BmjXqw/Oq02q2UH+tuIkH+04FJyRShN7IuUZrnrnxt4ftc+ZqVvkdlbd/Kse5+KvhyDIWWaY+kcR/rU88V1NVhar+ydwabmvOn+KRuDt07Qb65J6ZG0fpmhdY8d6vn7Lplrp8Z6NOxY/l/8AWpe1XQ0WBqfasvU9DZ1AySBWJq/i/RdF+W8vo0kxkRg5Y/gK5xfBviHVADrHiW5CnrHajyx+ff8AKtLTvhx4esWDtafaZQcl7gmQk/jxRzTeyKVLDw+OV/Qyj471bXGaPw5o0sqZ2/aZztQe9SQ+BtQ1qZLjxPqb3IB3C1h+WNT/AFru4bWG3RY4o1RF4AUYAqYLS9nf4hSxajpSjb8ynY6baadbrBaQJFGowFUdKtEfLT8UjdK0StockpOTuzkvhrj/AIQq1/66zf8Aoxq6+uQ+Gn/Ik23/AF1m/wDRjV19NkhRS0UgEpKU0hoA4nQf+Sr+LP8Ar2sv/QWrtzXE6EP+Lq+Kj/07WX/oL12x60dRsKKKDTJGmobnHkPn0NSt0rB1aLX5JJPsN5YxW5XhZbdnfPfkOB+lTJ2RrTjeRH4KG3w7GD2kk/8AQzVrxF4n0vwrp6XuqzNHE8giQIhdmYgnAA9ga5nwnD4kk0hGtr3T44fMkwsts7Nnec8hxUHxRtrKbTtKfV49SNnDcNI8+nAFom2cMVIOV60oO6NK8bTepszfEnw9b+HINblknS3uJDFBF5WZZXBwQqj/ABxUt38Q/Dtn4ctNce6d7W7O23WOMtJI3OVC9cjBz6V5Aq68P+Ed8T6lBc3vh/TdRm8ktABOICQFldQB/d/T3qOy0i/0a70bxrf2c50BL64mW0Rdz2ySFtj7Pc4P4D1q2Y8qPftI1iy13S4NS0+YS2sy7kfGPYgjsQQRj2q6WA/GvL/BOma7p/wm1M26tDqN39pubKE8GPePkHsc8ge9cdpk6S6Dqkfh8eJjq/8AZMv29rhm2eaFXpnJ353Yxg4NAWPoHNec+KfEuqaP450jyNShbSZbhLW6tlRWaIuDgtj5snAx6DtXBXvg/V4oLny7nXCB4fW+x9okw13uGU688fw16l4Q8P2t5oeh61qtkr62tnHvnlX5923qw6Fh6kZ60Bojsh0FLSCloJYUlLSUCHUtJS0hhRRRQAUUUUAFFFFABRRRQAUUUUAFFFFABRRRQAUUUUAFJS0lAAaSlNJTAhngiuI/LmjSRMg7XUMMjkcH3qM2Vs10LpreJrgLtEpQFwvpnrirWKTFADSOKp3Gl2F02bizt5TvEn7yJW+YdG5HUdj2q6ap6hqFtplq9zcybI168ZJPYAdyaTdhpNvQSXS7C4BE1lbyAuHO+JWyw6NyOo9asPDHKmyRFdeDhgCMjpXPt4omhX7Rd6Vc29l/z2YglR6so5ArdhuoZ4xIjqUIBBB6g96V0aSpyS2JsCmNDG8iOyKWQ5Ukcqfb0qGXUbOH/W3MSf7zgVTl8TaLD9/U7RfrMv8AjRzISpTeyNekrmpvH3huEkHVYCR/dyf5VTk+JvhpDgXxc/7MTH+lL2ke5osNVe0TscUtcM/xU8Or0mmY+0LVWk+KVvKMafpWoXTe0JA/rS9rEr6lW7HoOaM15ufGvi27OLLwtIo9Zsj+eKb9s+JN59yys7YH1x/iaPadilgpfaaXzPS8j1pCV9RXm6aP8RLn/XazawA9kUEj/wAdqdfBXiKYZufFt7k9REu3+tHO+w3hYLeaO+MiDqw/OonvbaIZeZFHuwFcT/wrbzv+PrX9Wm9Qbipo/hdoCnMq3Ex9XmNO830D2WHW8/wOhn8T6Lb/AOs1K1X6yr/jWfP4/wDDsPXUoG/3Du/lTIPh74Zg6aYjf77M38zV+LwloMP+r0izH/bFT/SptUD/AGVd2YE/xV8Px5EbTTEf3Iz/AFqg3xSM7bbHQdQnPbCf4ZrvYdMs7cAQ2sMY/wBlAKn8lB0Rfyo5Z9xqthltD8TzvStTvPEXiaCHXLGS0hVGlt7aT7rMMcn+8RnpW/40SKHQzcRALdQurWzrwwfOBj/CtjUdHtNUgWOdCCjbo5EO10b1BHQ1Sg8NQpexXN1c3N40PMf2hwQh9cADJ96fLK1hyr05SU1pbocvDp/xBvkHmapZ2iHoFh3GrC+DPElxzd+Lbge0Ue3+td8FpdtJUl1ZDxkvspL5HBD4bCX/AI+9d1Sf1BlwKli+F3h9TmVLiY+rzN/Su5xRj2p+yh2JeNrPqcvD4B8Nw4xpUDY/vjd/OtS30DSrT/UafbR/7sSj+lauKMVSjFdDOVepLeRAsMa/dRR9BTwMU/FGKrQycm9xoFOApQKWgQYooopAFNf7tOpr9DQByfw0/wCRKtv+us3/AKMauurkPhp/yJNr/wBdJv8A0Y1deKY2GaM0UUhBSGlpKAOM0If8XS8Vf9e1l/6C9dpXF6D/AMlQ8V/9cLL/ANAau0p9RsKKKKCRpFY+ta3ZaUgjuftBd1JUQ20knHuVUgVsmq13/wAe0n+6aTNIfEjj/BniPTV0iK1L3BlaV8bbOYry5x82zA/E10HiLVv7F0G61Jbb7SYVB8ovsByQOT2HNVPBahfDcQHaST/0Nqi8bTzW/hyVYdPhvmnkSAwSuFUhzjPKsOuOopQ2LrazZizfEO+t/tBk0KMx20gSUx3gbGTjPC9q2fE3i0eHdQ0+xWwa9nviUiSOZUbdnAyD2Pr0zx3rzG30DU7a8vblvDGlPkSTBBKP3HkEI+wmHuSCBjnkiu48ai9nsNLkS6hhupprUpaJFvaWQTK3MnUIucnAHTqOlXZXM7Fiy8dNeTWYOnqkF1dm2VvOyRywDY24PKYxnvTdZ8eR6Rq2p2MOm/aWsIRcSyC4VRglRjoSGyw4PbB71xPhxbmLxrYxSQWbxqebuNISHbcfmBWEEE+mQQDndW340s71/EUxgvrXabCQywvANkcZkiwCcMCzkEZIONvTii2odTsdI8RPqGuz6XJaxp5cPnJIkhbcNxXGMDuK6PGK8x+GbStqupNPZQWbsWKxxLFyAQOWSNcgdjkg56CvTxSYmLRRRQIKSlpKBDqWkpaQwooooAKKKKACiiigAooooAKKKKACiiigAooooAKKKKACkpaSgANJSmkpgFFFFAhprlfF0c6TaTfFfMsbK6826jUZJG0gP7hSc4rqzUboGXBAI9DSaurGkJcruYWpa/pUekTTNPFLG0ZARSGMhI4UDvmuT0v4cC6so5NSv71GcbhbxylUjH93Fd3Doum29x58VjbRynkssQB/OrwXHSlyXep0RxPs1amcVD8L/D6HMkU0p/2pmq7H8O/DMf8AzDUb/edj/M11QFOxRyx7EvF1nvIwofCGgQf6vSbQY9YgavJpGnxjEdnAo9oxV/FJjmnZdjN1pvdlQafaqci3iH/ARUogjXoij8KmxRiiyIdST6jAoHYUoFOxS4pk3Y3FLj2paKAuJijFOooAbijFOooAbijFOooAbijFOooAQCloooAKKKKQBRRRQAUUUUwCikJ4pAaAHUU0tQDkZoAdTW6Up64pG+7SYI5L4af8iTa/9dJv/RjV14rkfhr/AMiTa/8AXSb/ANGtXXUxsKKKKCQpKWkNIZxmgD/i5vis/wDTGy/9Aau0rjfD/PxI8V/9crP/ANAauyoGwooopiENV7v/AI9pP90/yqwagu/+PaT/AHT/ACpMqHxIxPBf/ItQ/wDXST/0M1vbcmsHwX/yLUP/AF0k/wDQzXQ4pR2KrfGxm2lK5p+KMVRmM20mypcUmKAGBaeKXFFABRRRQIKSlpD1oAdS0lLSGFFFFABRRRQAUUUUAFFFFABRRRQAUUUUAFFFFABRRRQAUlLSUCENFBooGFFGaTNMBaTFGaXNACYoxRmjNAC4oozSZoAWijNGaAClxSZpM0gFopM0uaYBRRRQAUUZpM0ALRSZpc0AFFFFABRRSZoCwtFJmjNAC0UZpM0ALRSZozQAtITRmkPrQBmeI7xdP8Nands+wQWksm4HGMITxVDwLd/bfAuiXBuDcM9lFulY5LNtAbJ9c5B965zxVM/jnVT4O02YiygdX1i5Toqg5EIP95iOfQD6inaXfweAtbPh2/8A3Ok307S6TPj5ELtl7c+mGJK+ze1IaNP4i6nqGmeGY5dLmaG6lvbeEOu3OGcAjLAgZHGcGvOJPF3iSEJ5mo6km9tiB51y7EZCrmz5OB0rvviHNHKmg6cDma61WJxGByyRBnb+Q/OvFNZ0eBbfSNVlsDDBqt35yyXDxbpEfc+OGzjkDkAVSGex/Dm78RX93qVzrE121piNLeO6xuVxu3/8s4+xXt+Negv9w15T8Ifs2nve6bDb3URuootSTztm3ynyqhQpOBlTwfWvVn+7ikxHJfDT/kSbX/rpN/6MauuFcj8NePBVr/11m/8ARjV11AMWiikzQIWkNGaQmgDjvDpz8SPFp9Esx/5DauzrjPDf/JQ/Fp/2bP8A9FtXZ0hhRRRmmISq93/x6y/7p/lVgmq91/x7Sf7ppPYqHxIxfBX/ACLkX/XST/0M10QrnPBRz4djP/TST/0I10YpR2LrfGxaKKKZkFFFFMQUUUUAFFFFABRRRQAtLSUtIYUUUUAFFFFABRRRQAUUUUAFFFFABRRRQAUUUUAFJS0UAFJS0lABTTTqaaAGk0ZHrVDUtNlv9nl39za7eohYDd9eKzW8NXZP/If1D/vof4UXZpGMWtWdCGHrRuHrXOf8I1dA867fn/gQrG1e70nQLkW+q+MJ7WYruCSPzj14FK77Gns4fzHa3l5FZWc91IT5cMbSNjrgDJpbO7jvbSG5iJ8uVA654OCMiuN1TSmn8LXV9b61dXNu9o0sZ3grIpUkduQRU+i+H7qXR7OUa1fIHhRgisMLkDpxS5ne1i/Y0+Tm5jsdw9aNw9a53/hGrr/oOX//AH0P8KP+Ebuv+g5ff99Cnd9jP2dP+Y6LcPWgsPWud/4Ry7/6Dl9+Ypr+H54kZ5NdvVVRkkuAAPU0XfYfs6f8x0e4etU49VtpNTl09Wbz4kWRuOMHpzXKaZ9g1t5I9M8V3Fy8Yy6pIMgdM4Izj3HFU7LRJ5PGV9ANUvFZIEzIGG4j06e9JyadrGkMPTkm+bY9E3D1pQw9a5z/AIRu77a7f/iw/wAKUeHLv/oO33/fQp3fYy9nD+Y6LcPUUbh61zv/AAjl1/0HL7/vof4Un/COXQ663fH/AIEP8KLvsHs6f8x0eR61V1DUINNspLu4YiKPG7aMnkgf1rkr2TT9NvlsrzxZPFdNjEJky3PTgDiovFOh3EPh+eRtVvJAGQFWYEHLAelDb7Fwo05SScjulcMM5pQR61zMPhu8C5OuX/4MP8Km/wCEeuv+g5f/APfQ/wAKSb7EulTT+I6DcPWjcK5//hHbr/oOX/8A30v+FH/CO3X/AEHL/wD76H+FO77C9nD+Y6HI9aQsB3rnj4fueP8Aid3/AP30P8Kp2dlHqiStp/iS5uVhkMTtFIrBXHUdOoouxqlD+Y6G31KC41C6skY+bbbPMyMD5hkYq5ketef6Pod0/iLWYhq94hjaIFwwy+VyMnHbmt4+G7rP/Id1D/vsf4UJtlVKNOMrcx0W4etG4etc7/wjV1/0HdQ/77H+FH/CNXX/AEHdQ/76H+FF32I9nT/mOjyPWkyPWud/4Ry6H/Mbv/8AvqslZ9M/tYaUvi6VtQ3bPIEo3bv7vTGfbrRd9g9lD+Y6vUNUg05IXmJxNKkKhR/ExwKtZBHX8jXB+JdEuIotPLandybr6FAGYYBJ69OorcTw5cbR/wATvUM/74/wqVKV9jSVCmop8xo6Toum6FaG1022S3hLF2C8lmJ5JJ5J9zTtW0jTtcsXstStIbq3Y5Mci559R6H3HNZ//CO3XbW7/wD76H+FH/CO3X/Qbv8A/vof4VV2Z+zh/MXZtG065uLaea1jee1Ro4JDy0asNrYPbIqva+E/D9mkKx6RZloYlhR5Ig7hFGAu5snGBjk1D/wj12P+Y5ff99D/AAqpqNnFo9o13qXiS5trdcAySSADPYdOT7CnqHJD+YvaL4T0fw7d3F1psDRy3ChGLSswCgkhVBOFUEngVo6fqttqsTyWr7ljkMbZGCGHWudsbOLWbJbzTfEd1c278LLFKCM9x04PsayfCehXF3YXbJrF/AFupI/3TgZwepyOtQ5NOxqqNNwcuY1/hq2fBNqeP9bN/wCjWrrsj1rzX4e6FdXHg+0lGtX0Ss0n7tGUKp3sDjj8fxrqf+Ecuv8AoO6h/wB9L/hV3fYycIX+I6HcPWjI9a54+G7r/oO6h/30P8KT/hHboH/kOagf+BD/AApXfYPZw/mOh3D1qrc6hDa3FvBIW33DFI8DuBnn8K5+KxhuL+Swh8T3Ml5Eu6SBJ0LoOBkqBkdR1rM1rQrmLVdJUatesXmZQzMpKfKeRxSlJroXTo05Ss5Fzww274geLz6fY/8A0Wa7PI9a8x8N6DdP418UQjW9QTyja5dXXdJujJ+Y47dBXWHw3dZ/5Duo/i4/wp3ZDpwvbmOjyPWkyPWud/4Ru6/6Dmof99j/AApP+Ecuf+g3qH/fY/wouw9nT/mOiJHrUFzgwPg9jXKavFaaDbLcar4oubSFm2K0smMt6dM1ah0JryBJYtevZoJF3KySgqwPcHHNF32KVOCd+Yn8FDHh5B/01k/9CNdHWfpOmRaTYraws7ICTlzkkk5NaFNbGVWScm0LRRRTMwooooEFFFFABRRRQAUUUUALS0lLSGFFFFABRRRQAUdqKKAEpaSigBaKTNGaAClpM0ZoAWim5pc0ALRSZozQAtJRmkzQAUUUUAJijFLmjNMCtem4WznNosbXIjPlCQkKWxxnHbNch4ng1DVbDSNIntVS51GUR3skKllhhVd0oViOM/dGexPeu3NNwPSgdyrPYQS6Y9gE8uBojCFTjauMYH0FOsrVbKyhtULFYkVAW6nAxVnFFHmHM7WDFGKWloENIrivG8XiO90PXbW0gthZm0YRFCzTynb8y46DPI7121JjNA07Hl3gOfPiw29g/wBs05NMQS3T2XktHKCP3e7aNw6nHPSvQIdKih1ifUVd/MmQIVPQY7itAIB0FOAoepXO1sJilxRiloIExVHVXv49OmbS4oZb3A8pJ2KoTkdSOemav0hGaAPHvEr2uma/rF9BqV/beJZYoGitBamWGVtoAVTtIwSMHkYr06ewbVNEW2vR5ckqIZRGfutwSB7ZFaPlqTkqM+uKdih6lKTWqI1XCgdcU8LS4paCbiYpCKfikNIDkNfTxbdaXqttYRWKSyMqWkgkYEISA5bPRgM4xWH8KLS/sR4jtLvTPsECak7QJg7cHghSeqjAwfevSsUgUCmNSKFppkVrqN5exlt90U3g9BtGOKv4pcUtAOTe4mKTFOooEZurPqUdvG2mQwSy+avmLMxXMf8AFgj+LHTPFea61qFjf6ppNrpdpPa6ha6wss+mPZlTOS/MpcDHAy2c9+a9bxTdi5zgZPU0hp2KGo6bHqUUCSO6+TMsylepK9BV9RS4pcUIbk2rCYpcUtFMkaeK4Hxdqd1p+gfadX0i1u7xbzFiFVpIozzslfuu0dffp1rvjVOO/sri+lsY7mGS6hAaSFXBdAehI6ihOw0c18PtN06y0S4l0+9a9a7uXuLmbyjGpmONwVCBtXpgV0GlaVBo9tLDAzlZJWlO8gnLcmm6lr2j6K8aalqVraPIMos0oUsPYGrUV1BeWS3NtKksMi7kkQ5DD1BpPV3HdpWOb+Go/wCKJtf+us3/AKNautxXJfDT/kSrb/rrN/6MauvpkjSKz759SW7s1sordrdpCLppGIZUxxsx3z61oGs3U9e0nRjCNS1G2tDM22MTSBdx9s/zoBHNaZpEen/FfUbm3sjDDc6cHklVCEklMg3HPTOBXV3lhFd3FtNJu3W7l0weCcY5/Oi91Gx020a8vrqG3tlxullcKozwOTUel63petxSSaXf294kZ2uYJA20+hx0pPUpSad0c/4YH/Fc+LP960/9FmuxxzXH+GP+R58W/wC/bf8Aos12FAm7himke1PpMUxHAeL3ttM8Y6HrOrKTo8NtcQO5jaRY5WwVyoBPIDDOKsfCzT7zT/B+27gkt1lu5preGQYMcLNlRjt64967VkVuoz9adjFA2wApaMUUhBRRRTEFFFFABRRRQAUUUUAFFFFAC0tJS0hhRRRQAUUUUAFFFFACUhpaQ0AITTQwNDV5H45ntV8QauLvU7q1kjsENpHDO6BpMOcccdcdaUnZG1Gl7WVj1wsAM5psc8c0YkikV0bkMpyD+NcPBea9NYCKC/0xisCFkdGeVQV/iw/U884qb4cC+j8JWouGgNqsYFuqAh1AJzuPQ8+lSp62Llh+VXudj58fmNHvUuoBZQeQD0/kacZEAyWAFeYLqguTpGr3FnNcX+pW81s8VsyoJF+9htxHQDjnuaztU07RX0bWkTQpLG9tLEzDznD4yG2kEMR1U03PQtYR9T2EMDyDxS5rO0Ik6Bp+7k/Zo8n/AICKvE4zVnK1Z2GtdQLOsBmjEzAsse4biPUDrih7qCM4kmRD6MwFcr4cC6h4j13VXALx3H2GIkfdSMAnH1Zm/IVleMNN0CHWoXuNAl1HUL/cf3LAH5AOTlgOmKhy0ubRopy5TvRfWp/5eIv++xUizRvnY6t9DXitjoEcNxeS6h4QvJ4Hl3W8cboDEn90/OM/rXeeELDRLzw1NPpVk9lb34ZJAG2ycZXqCcHrjBoUrmlbDRpq9zsNw9aTeB1IryjxP4b0rRdV0dDd38dvcSyC4c3MjHYqEjHU9SKkTTfBpkhhOp6oDO4jQNNOodj0GSAKHKzsJYdOKknuep7x65qOO6hmjEkUiSIejI2QfxrnfFb6pFoq2mk2+95wYXnZhi3jxgue546Yrza5uBpOkWi6P4j1Z4fMjjVPIKxqhPJUlAM+gyaJTsFHC+1V0z25Xyfb60kk0cMZkkdUQdWY4Ari/CsJe+84a5rN3sjOYb2Fo05I5GUGSPrWR46W4uNeNgLrVZo7i23mztxF5QQHaSdxGSTzRzaXFDDc1TkueltPHGu6RwgzjLHHNP3DGfWvHLGyOtxWcN1rmppJHcPFBBcRoWWVFyTkZHA6ZzXc+DJbubTbtrq/uLwx3csKtOFyAjFf4QOuM0ozuVVwqpq97nTwzxTxiSGRZEPRlbIP41LXJeFZDa6vruk4AS3uhNGPRJV34/Bt1daKtO5zTjysWiiimQFFFFABRRRQIKKKKQBRRRQAUUUUDCiiimAUUUUCCiiigAooopDCilooASg0tBoAoX73yvbiziidGlAnMjEFY+5X1NcRoWnR6d8YvEMsVsYYZ9PhmZ9pCu5Y7jk969EIphQHPv2pjucV4wlj17TNMsdOiW5j1iZYTdom4RQfeds9jgED3NdfDaw2dnHa20SRQRoESNBhVUDAAFSRW8cCLHEioijCqowAKlI4oC5yPwz/AORJts/89p//AEa1dfUUMEcCbIkVFyTtUYHPNSigRXvGuFtJWtER7gKfLWRiqlu2SOgryfxGY7HxRq974ks123mkeTaEIZY/MAOY0OPvEn2r1/FMaFZMblDYORn1ovYadjjrS/TSPAEdvdxC61HTtNieey+++/Z8oI9yMVc8DeHn0DQc3WxtSvXNzeSKoGZG/h+ijgfT3ro1tI0meZYlEjgBnA5YDpmpdh9KLhc5Dwt/yOvi7pxPbj/yHXYYqOO2jikeRI0V3xvYKAWx0ye9S4NIQUUuKMUAJiilxRigBKSnYNJg0AJRS4NGDTEJRS4NGDQAlFLg0YNACUUuDRg0AJRS4NGDSAKWkpaBhRRRQAUUUUAFJS0UAJTTTqQ0ARtXmfiq3vH1rxItvp0tyJtLQBkx8pxIOB3PsOeK9NbvUTgZJxzmlJXRrRq+ybaOM/sOKCSy1sXn2WVNPENxEQP3ygZXOeQQT/Sr3gJT/wAIPpxIIJjJwfTccVqanoumawkY1GxguvLGU81AdpPXH5Vct4IrW2SGCNIoo1CoiDAUegFS1Zmsqt4Hmdlo13qPhrw5PBbSzpbNKZEimET4O4AqxI5z70anp13Z6P4ku7iC5ghm09IYhdXAldmXzM85PB3DAz616ZaWdtY28dtawrFCnCoo4HeoNQ0nT9U8oX9nDciJiyCVdwU4xmly3RosU27NaDtDQpoOnqeotox/46KukcEUIoVFVQAAMAAcCnd60Wxxt63OT8Lp9i1nXtOc4b7X9rT3SUDn/vpWFZPjfA8U6GzX/wDZ4Ec/+k/L8nA4+YY5rtvsNt9u+3+Sn2vy/K83HOwnOPpnmodR0jTtUZGv7KC5MQJTzUDbc9etRKN1Y6KdVKpdnESu3lnPjwNxwAtvk+33a1/hv+78CWm8bQrS5zxj5261pt4U8PEf8gTT+3S3X/CtC002ytNP+wQW0cdphl8kD5cN1H45NKMbMurVThaxzVhNH4o8Yf2lbkSaZpSPBFKOks7Y3lfUKABn1Jpni/yr3XPDlnE6PKL8SMgbJAVSeRXWWVrb2NultaQRwQR/KkcahVUZ7AVStvD2j2WonULbTbaK8lJLzLGAx3cnn3qpRM41db9hmvrqr2HlaTBbSvIrI5uJWQKCOowDk/lXnGu2PiHTPDml2N5bWJgt7mBInjlYszg4UMCMYJ6168vSq95Y2t/FHHdQLKiyLKobsynIP4GicLoqhiXTlaxjaVL4ma5iXULHT4LXB3NHOzP04wCuOtc14z0k6r4ytoRaLdf8S9m2NO0IGJB825QTxnpXoo6Cq0+n2d1Kz3FtHKzQtCxdc5Ruqn2OBRKPu2FTxHLU5kjzHwpYXE00N5FEv2e31W5MzCQEIDEFByeozxmux8C4OiXUgIKvf3LAg8HMjc1qnQNK/sw6Z9gg+wg7vI2/Lnrn86tWNla6farbWcEcECfdjjGAM8n9TSUbGlbEc6Zz/hlGufEXiLU/+WUtyttH7+UoVj/31uH4V1oqpZWkFlAtvbRLHEpJCj1JyT+JJP41cFWlY5Jy5mKKDS0hoICiiimIKKKKACiiigAooooAKKKKACiiigAooooAKKKKAClpKUUhhS0lLQAUlFLQAlGKKKADFFFFABiiiloASlWkNKKAFooopDCiiigAooooAKKKKACiiigAooooAKKKKACiiigAooooAKKKKAP/2Q0KZW5kc3RyZWFtDWVuZG9iag0xODAgMCBvYmoNPDwvQml0c1BlckNvbXBvbmVudCA4IC9Db2xvclNwYWNlIC9EZXZpY2VSR0IgL0ZpbHRlciAvRENURGVjb2RlIC9IZWlnaHQgNzA4IC9MZW5ndGggMzcyNzcgL1N1YnR5cGUgL0ltYWdlIC9UeXBlIC9YT2JqZWN0IC9XaWR0aCA2MjM+Pg0Kc3RyZWFtDQr/2P/gABBKRklGAAEBAAABAAEAAP/bAEMACAYGBwYFCAcHBwkJCAoMFA0MCwsMGRITDxQdGh8eHRocHCAkLicgIiwjHBwoNyksMDE0NDQfJzk9ODI8LjM0Mv/bAEMBCQkJDAsMGA0NGDIhHCEyMjIyMjIyMjIyMjIyMjIyMjIyMjIyMjIyMjIyMjIyMjIyMjIyMjIyMjIyMjIyMjIyMv/AABEIAsQCbwMBIgACEQEDEQH/xAAfAAABBQEBAQEBAQAAAAAAAAAAAQIDBAUGBwgJCgv/xAC1EAACAQMDAgQDBQUEBAAAAX0BAgMABBEFEiExQQYTUWEHInEUMoGRoQgjQrHBFVLR8CQzYnKCCQoWFxgZGiUmJygpKjQ1Njc4OTpDREVGR0hJSlNUVVZXWFlaY2RlZmdoaWpzdHV2d3h5eoOEhYaHiImKkpOUlZaXmJmaoqOkpaanqKmqsrO0tba3uLm6wsPExcbHyMnK0tPU1dbX2Nna4eLj5OXm5+jp6vHy8/T19vf4+fr/xAAfAQADAQEBAQEBAQEBAAAAAAAAAQIDBAUGBwgJCgv/xAC1EQACAQIEBAMEBwUEBAABAncAAQIDEQQFITEGEkFRB2FxEyIygQgUQpGhscEJIzNS8BVictEKFiQ04SXxFxgZGiYnKCkqNTY3ODk6Q0RFRkdISUpTVFVWV1hZWmNkZWZnaGlqc3R1dnd4eXqCg4SFhoeIiYqSk5SVlpeYmZqio6Slpqeoqaqys7S1tre4ubrCw8TFxsfIycrS09TV1tfY2dri4+Tl5ufo6ery8/T19vf4+fr/2gAMAwEAAhEDEQA/APf6KKKACiiigAooooAKKKKACiiigAooooAKKKKACiiigAooooAKKKKACiiigAooooAKKKKACiiigAooooAKKKKACiiigAooooAKKKKACiiigAooooAKKKKACiiigAooooAKKKKACiiigAooooAKKKKACiiigAooooAKKKKACiiigAooooAKKKKACiiigAooooAKKKKACiiigAooooAKKKKACiiigAooooAKKKKACiiigAooooAKKKKACiiigAooooAKKKKACiiigAooooAKKKKACiiigAooooAKKKKACiiigAooooAKKKKACiiigAooooAKKKKACiiigAooooAKKKKACiiigAooooAKKKKACiiigAooooAKKKKACiiigAooooAKKKKACiiigAooooAKKKKACiiigAooooAKKKKACiiigAooooAKKKKACiiigAooooAKKKKACiiigAooooAKKKKACiiigAooooAKKKKACiiigAooooAKKKKACiiigAooooAKKKKACiiigAooooAKKKKACiiigAooooAKKKKACiiigAooooAKKKKACiiigAooooAKKKKACiiigAooooAKKKKACiiigAooooAKKKKACiiigAooooAKKKKACiiigAooooAKKKKACiiigAooooAKKKKACiiigAooooAKKKKACiiigAooooAKKKKACiiigAooooAKKKKACiiigAooooAKKKKACiiigAooooAKKKKACiiigAooooAKKKZMVWGRm+6FJOTjjHrQA+iuJs71IY4dtzb20LXLSS28F7ENowAuDu+6MfN0JJJxUtpc3TXkJ/tqKR2ljPlC7jIbMjBgAOvybcD196z9obug11OxooorQwCiiigAopjyxx/fdV+pxTBd2xOBPFn/AHxQOzJqKjM8SoHMqBT3LDFOV1cZRgw9Qc0CHUUUUAFFFFABRRRQAUUUUAFFFFABRRRQAUUUUAFFFFABRRRQAUUUUAFFFFABRRRQAUUUUAFFFFABRRRQAUUUUAFFFFABRRRQAUUUUAFFFFABRRRQAUUUUAFFFFABRRRQAUUUUAFFFFABRRRQAUUUUAFFFFABRRRQAUUUUAFFFFABRRRQAUjKGUqwBBGCD3paKAKn9l6f/wA+Nt/35X/CnJp1jG6ulnbqynIYRKCD+VWaKVkPmfcKZLNFCu6WRUB6bjjNVZr4iYwwBWZfvu33V9vc1ViKzyPlt7g4du49vb6UnIpR6svNex4zGrv9FwPzPFZ91cTbWkmumhjH8MQ4H1br/KpYwUdjIqhcnBLdvamTTq0sabSYuSzY4qW3YqKSZnRysL5LeC0l8tk3+e65DNnkEnv3/GtKRAwClQzd/QfnUVxJdRzwlTE1q7YYjgr6VYTa+4bgDjAPXBqV2Kk9mVIbSK3iQCNeDndt5yasPFGzKfLVWxncnB/MVG7XyNhpbcx45Yj+lQCaYLtkChxymzkMtGw7N6l6G8kgwkp85SeGB+Yex9avxTxTgmNw2Oo7j6isF7VvtBlW4ZFcjEYUEBvUn+lIWkhuIRHIDd8knBxgdQfamptbidNPY6Oiq1vexThVJ2Skco3HPoPWrNa3uYtNbhRRRQIKKKKACiiigAooooAKKKKACiiigAooooAKKKKACiiigAooooAKKKKACiiigAooooAKKKKACiiigAooooAKKKKACiiigAooooAKKKKACiiigAooooAKKKKACiiigAooooAKKKKACiiigAooooAKKKKACiiigAooooAKKKKACqOp3LxQeTbn/SJOFx/CO59qtTzLbwPK/wB1Bn61hCS4e7MpCSNIvPONn/1qicraGlON9RYkcXKIjL5W3DYz1BqI3N/HdzxwWClAf9YzhN307n61FHJqFtIIJYEmZi3lTxthcdcP6H881JZS3SNO2oRqLzcQqxEspTsV9fesUzdxtfZlmCJLsLLdNulC58tW+Vf8aszTG3jSTKiJRhx6e9Y4sJLyKVHea3eJysckL4Zl6j+eMH0qPw01w8F/BqE5uHhuGh3soG5cAjIHsaalrYUoK177GxcC3gtSSpYOQAM5BJ9Kqapp/n2saqbhJoxlbiJsFf8AEex4qWC0NjYPAZzLGv8Aqw3VRngZ746U+9dhYzNuI2rkn2pvVakx0ejMPwtbX1wt6dWuftKwzlIxt2hgADuPr16VuQyLcTyyjH7s+UmOx7/0qh4blH/CO2kxkJMymRjnuSTir6W/k7/KIQMxcjHG49TUwVoo0qu82Cb/AJ/MdGXGBtGMGkDbsMf4gVP1Fc6+o6lFr0vkWj3VgCqSPEvKt3IzwRyOnpWhFqdtNcXlvGZGktm3OAhwMjOM9M0lUTG6UkXCwFqVkYrliSxPTng+1aGn6j5irDOcS/dDHo//ANesjzXksbeZoE+dAShfOA3XnGDTnAEoUZCEckdMdqpSsyXBSVmdPRVDTLszI0Mr7pY8c/3lPQ/0q/W6d1c5ZJp2YUUUUxBRRRQAUUUUAFFFFABRRRQAUUUUAFFFFABRRRQAUUUUAFFFFABRRRQAUUUUAFFFFABRRRQAUUUUAFFFFABRRRQAUUUUAFFFFABRRRQAUUUUAFFFFABRRRQAUUUUAFFFFABRRRQAUUUUAFFFFABRRRQAUUUUAFFFFAGPqt15jm3ifHlDe7EZG7sP6/lVC2ula+e12OWEe9mZDtbPHB6H6VVvru3h1ArJLKryzuIwqtsYkkfMcY/Miop7h4LzTrQATXDhxImdo245Y/Tj65rllPW52xprlsagnhtFCS53JwqgZLDtiodNvb273/b7J7RzkRqxGWXJ546HGOKj+xYvYLryIEEWQzKxyAR+VXpgG3RzPhXOYpB8pH4+tNXE7bEkmdyxRYBHJPpWdd3Itc3EG0eY4Ewx/F0B/lV9MJLy2XI5965O/nuI9Ju44IjNc3N26wxpyW+bg/kKVSVkVShzM6p7nzbOLgb5HVSPTnmqWu6pBY2xjdiZJjsRF5Zz6AdzWRfahrWkskq2kMrTsscdsSSQ5/2xx+nbrWvYaapv3uL4rNeFMZx8qr3Cg9Bnv1NLmctFuHIoNSexg6NbeINL0pIXs4Z4Rkxok3zAE8A5GDjPrW7Fp08eWm1G6ZG5NspUIPYHG7H41bjFxBcXCXHlC3LD7O656Y5Dehz+FPcbl2sTj2PaiMEkE6rk76EWfKiCquE/hVf0qH+zrZNyiIYkYmZQcLIT13etSy4EsQUfKG556YBpAjlmlErKhAAUAdu/P+eKbRKbEMUccCLHGEiA+WPHCY9PQVUgF7BCRdCKb94211baVjJJG4Edeg4qK40ywe3lhQSxC4Y5ZZnBLseSOeuaYFEFyQ7GWCHCeZM5Jzj5ic8en61DdmaxjdF7T5Ft9Ut5gSEkHkuCc/7uPxrq64pY0u762lWQsY50aIIw2A5x26jH5V2tb0XoznxKV0wooorY5gooooAKKKKACiiigAooooAKKKKACiiigAooooAKKKKACiiigAooooAKKKKACiiigAooooAKKKKACiiigAooooAKKKKACiiigAooooAKKKKACiiigAooooAKKKKACiiigAooqjq2rWmjWRubp8DoiDlpG7Ko7mgCDT9Ve91rVbEqgWzaMKQeW3Lk5/Go9d8Qw6L5KtG0juwLKFbiPOC2QCOPQkVz9rBfeH5Y/EV5E7fbCx1GJRkwqxyhA/2eh+tT+J7+3l+zXQmtriwaLeImvzGsxzx8gBL9Kq2oxbXx3BPMiFFKmeQSOiuQkQ+42ACSW9K7AEEAjoa8vtJHjfy5tOt9OvGYzxSvdtauVY5Cg4IIHTB/IV6eh3IpOOQDwcihoGOoooqRBXDxalqLeM/K8+Yp9oMZi/h2fT6c5re8Qa6dGiiEcQkmlzgMcAAdz+dcQNYuxrH9p5T7QTk/L8uMYxj0xW1ODabMakldI9RpGztO3rjisjQNc/tmGUvEIpYiAwByCD0I/I1sVk007M1TTV0cgQjQmORXKYKyLjrjqD+Oams7eKCDbFDKqbcg53E+nOSSKtalbmHUWkTOyVd5X/aHB/TFVV0+EXKyRNKhVhIFWQhJD6EdK5OVpnfzJxIYtbiGsf2fLbXEW9CyySx4Q+oz+NaLRmKIqI/Og/55nkge2eo9qb9milvPtBXL7NmG/wA+1MSS3WVo4jMjofmQKQv4dvypq/Ul2exRvjFHYT3treNFHHGxdXBYLgeh5H0zVTwPaXSaEl3fO7TyFpEEgwyKTwPx5P41bmgGp6hGsislvC+94+0xH3d3sDzj2rTvruCwjLzu0cf8TAGpSV+Z9C3J8vIt2Q2VyNRdpy2fIdoyuMFWBxz+H86feNDGVma6ELr0561laP8AYtVe5vrSWXypHwGUMgPHXBxmrUPhy2iumuEkYM3LMOSfxOaE5NaITUYy1djQhe4KK/mRTxMOoGKy7a0kvtXuJ3kuba1jXyoo45tqytnl8D8h9KvyWKTQOguJ0U5DmNwG/PHBqK2082FqtvbXczoowvnnePz6/jVNPqQmle24+S3IhKPczMdpG4bQw/IUFS0cRc4AG1U6FsdzTbGa4mLrJCIpkbBVnDAjsQcd6zPEOqw6EDeXdxvd18uO0Xnee5Hf8elJtJcxUYty5epenVSiPIFJVwwPYEdMVFb6eY42Q288kksjTNuQ4JY/lisHQfGrWaxnWdDnjjZzsu40LBQTkAqeeOmR6dK9HtbqC9tY7m2lWWGQbkdTkEUU1CpqmOq50dGjN0zSDbzi4mVQVHyIOx9T2rYopNy7tu4bsZxnnFdMYqKsjjlNzd2LRRRTJCiiigAooooAKKKKACiiigAooooAKKKKACiiigAooooAKKKKACiiigAooooAKKKKACiiigAooooAKKKKACiiigAooooAKKKKACiiigAooooAKKKKACiiigAooooAKKKKAKCaxYvctbiVt67hko21iv3gGxgkdwKLa/sNTkKoC0kOJNs0RRlznDAMBx15rEsrO+g1dZ/skxZZJ3lRivk/NnaYueGPGfq2cU3F2kuoziC5iW7jSBGuyvmCRmI2rgn5AGz9c07AbkesWUzWkTMyyXilokZD8y4J+g4GajW40g6nHaiKL7TF+6jbyeFIG7YrYwDjnANVtTEsOoaSlvYXMsNo5ZmjC4ClGQDkjkZH4VWFheG9Fobdwi6g959pyNuwgkDrndlsYx2zQBfk1TRb+KYTmKWKFTITNEdpUHBZcj5hnjIzVqHVLWe1nnRmC24Pmq6FGTAzypwRxzXPwabcXFtBbXdjOsdlYvbvsZQZWJTBjOf9jOTjkinx21yxuTP9oB1KaGBRPtEhRQS5IXgZG4Y/xosM6eKTzYUk2su9Q21uoz2NPqnJb3rPMUvwitjyx5IPl/rzVqMMsaq7b3AALYxk+uKQjl9at49T1ueJvmFpYu+PRz0/oa4jPy59q7qYC2h8Q6keWcmFPwUD+Z/SuFxxiuunsctTc7nRYE0zXvs4wq3Vmkij/aHX+prqK5qICdvD+qDrjyH/ABUj+YP510tc89zeGxFcW8VzHslXcOoPQg+oPasd7WexIDhpIlOVkUZ/MDp9a3aKycUzaM3E5yKeIsf3qg5zy44qecu33WGBz7VtNGjjDorfUZqsmmWcZBEAOOm4kj9ankZftEY1qq20M00kwdeSWzwB6UnkyaokbXKeXag5CMPmk+voK07uzfzJGSMSxSY3R5AIPt61BFKXL27I6kAE7lI4/wAiocOj2LU76rcZ5aRXBxhQVAUdvpQ00SPtaRVPpnmq05u5b2K3t51ESZM52gtjHygHt659qsmKO2hYxJEH6ln6fjQgfmVdKZmN/LyYpLgtFuHUbVH8wajttW02d5V/tC2aYEgxpIGIUH0q0BJcxlEIjPddu3IP+NYV34btL4FLm3QR7twjGMKfqOv/ANeok5JaGkFBt8zsXry5Etuz6dgzOCiTZyFI/nisnTvC4jn+1X1zLd37Z3SzDcVHoD2/CtCy8OwWaSGwuJbUngxxcoceq56/TBrTjUwRhDHKQOpjYnn3B5qOTmd5I09pyK0H/mVJomjhMO4HOB82MhfWr2hRGG6cLuAeMs69s5ABx64zVWSVvKYJEE93+UDnvjmtjR7V7a0LSAh5W3YbqB2H+fWtYL3royqStCzNGuQGoxj4lMhH7s2wtPM7CT/Wbc+uK6TUhfGxkGmmFbo8I02do9TxWUvhW3/sJrB55DcNJ9oa8/j8/rv/APrelazu9jGm4pNy66f8E6CiqelpqEdiqanJDJcqSC8IIDDsSD3q5Voyas7BRRRQIKKKKACiiigAooooAKKKKACiiigAooooAKKKKACiiigAooooAKKKKACiiigAooooAKKKKACiiigAooooAKKKKACiiigAooooAKKKKACimSyxwrukYKPes+XVecQx/wDAm/woA06Y80cf33VfqaxJLueX70hx6DgVF3oA2W1C3Xoxb6Cojqa/wxE/U4rNFKKBl46lIekaj6mk/tCY9kH4VUVWY4VST7CrCWc7fwY+pxQA/wC3Tf7P5UpvZGxuVDg5GR0NPXT2/ikA+gqZbGIdSzfjSEQi+k/urThfN3QfnVhbeFeka/jzUgRR0UD8KYFUXuf+WR/A077QrEExNkdDjpVmigCIXCH+Fx/wGnCZD3x9RT6KAMHWbUx6Bqu0hlkbzVx2+6T+oNcYbRRoC3m35jdGPPttz/OvRNYIGi3pJAHkP1+lca0L/wDCAq23j7Tv/DJFb05afMwqR1+R0mkWRfRdIGRsixM3qSQcfq36Vt1U0sg6TZkYx5CdP90VbrGTuzaKsgooopDCiiigAqGe1iuCGcEMBgMpINTUUAnYoJpxjyEuGVSc/cXP54qeOxgjbcV8x+u6Tk//AFvwqxRSsinJsrXdv5gEsY/fRg7f9of3T/niqLhZI/OUYX8jx/nFa9U7izYu0sBAZvvo33X9/Y+9KSHGXcykkRoY5yjRqx3K3Y+x9D9aVnluWxDG0uD1UEfr0FOsLa7t9YZSkyWrAvjcNob365z/AEreqIxutTSU+V6GXa6SBIs10d7g5WMfdU/1NalFFaJJbGMpOW5k+JLi7s9Au7qynWGaCMybmjD5AHTn+fNVdcub220hL6DUfIdYhshEKuZ5T91efU8YH1zWnqmmQ6taG2uJJliJ+YRSFNwxjBx1HtVKbwxZ3AtN9zfbrUEROLlty5759e2fSokpO9jWEoJK/wCRn6nqOqWmoLLcTXNnYLFEXeGBJEDknduJ5A6Dj1rQF1ep4vFm9wrWklo0yxiMAqQyjr1PU+lPn8O2dy6GeW7kQBA8TXDFJCvQsM8ngfWnnQbZtXGpme7+0DoPPO0L/dx/d46UWlcfNC3y7FXxJqF1ZfY0t5ZI1kZ/M8iISS4C5BVT1GcZqO71m7j8KWV5FJAbu68mLzV5RWcgFvw549auN4eszDEiy3SPC7tHMs7eYu85YZ9D6ewqwdHsDpA0swA2YXaEyfrnPXOec+tFpXYKVNJLsZWoPqWj6fHGupNcz3dzHbxzTxL+53dTgAA+wNOvor2ytba0k1Ke4N3eRxeayqjon3mGVA67SPxq2vh2x+xT2szXNykxUs087Ow2/dwc8Y9qjk8PqlmFtriZ7hJ47hZbmVpPmU9DntjI49aOVgpx/pDrfWLi7vboQWSmytZHiknaXDF1GThcdM8ZzWZD4tvriOFo9IXM9qbqIG5HKr97PHHUY6/hWyuh2iahLeRvPG0pLSRJKRG7EYLFemcU2Dw/YW624jWTFvbNaplyfkbGc+/HWi0+4KVJdP6+856e+up7a41m1W7hg+zJcgOzBdwZWxySGBXI4AAHXtXaA5AI71l3Wjq+hxaTbtst18uNt5JPlqRkfUgY/GtWnFNbk1JKSVgoooqzIKKKKACiiigAooooAKKKKACiiigAooooAKKKKACiiigAooooAKKKKACiiigAooooAKKKKACiiigAqld6glvlEw8np2H1qtfalnMVueOhcf0rMoAlkleZ98jFj/Km0gpaYxwpRSClFIB6KzsFUZY9BWpBYRxgGT52/QVU050S4O8gEjCk1r0CEChRgAAe1LRRQAUUUUAFFFFABRRRQAUUUUAZfiJS3h69A6iPP4A5qg9oR4E8nHzC2EmPf71XfENte3umNaWcakynDsz7QF/+vVh7Wc6GbQFfPNv5ee27birTsl6kNXb9BuhIU0KxU9fJU/mM1oVl6DBe2mmR2t6ih4vlVg+7cvb8ulalTLdlR2QUUUUhhRRRQAUUUUAFFFFABRRRQAUUjOqKWdgqjqScCqM2r2sY+VmlP+wOPzPFJtLcaTexforJi8QQSXAi+z3AGMtJtyq/iKmbWbRWwTJj12f5NLmj3KcJLoaFFUV1iwZ9ouAT/un/AAqZb+0ZgouYtxGcbxTuieV9ixRSAhgCCCD3FLTEFFFFABRRRQAUUUUAFFFFABRRRQAUUUUAFFFFABRRRQAUUUUAFFFFABRRRQAUUUUAFFFFABRRRQAUUUUAFFFFABRRRQAUUUUAFY2pX+9jBEflHDMO/tVrVLs28PlocSP+g9awhTAdS0lLQMcKWkFLQA4UopBUy207ciJ8fSkAyrEV3NEAA2V9G5pv2O4/55N+lH2acdYn/KgC6mpA/fjI91OanS7gfo4B9DxWQVZeqkfUUCgDdBBGQQR7UtYisyHKsR9DVhL2ZepDD3oEadFVUvo2++Cp/MVZV1cZVgR7UALRRRQAjMqKWZgqjqScAVnJ4g0qS6Ful5GZCcDrgn0z0pPEK7vD98MZ/dE4rzKtadNSV2ZVKji7I9gorzO18RaraKqR3TMgGAsgDDH4810eleMYriVYb+NYGbgSqfkz7+lEqUkONWLOpooByMjpRWRoFFFFABRRRQAUUUUAFFFFACEhQSSAB1JrPk1Evu8jYFHR2Oc/QUy9kW4l8skGFDyMfeb/AOt/P6UxYnjDbRG+Tnng1Dl2NIxW7IJIVnPmSu7sehc9D7DoKk+yAAZVWx/Os6/059Q1azmRpojbSBn5+Tjnjtn3rVklVBGhJDSNtFZJtt3Rq9ErMhcCWbyFbZtXdIqnnB4FVIbRT55e3LeXIVXaSSwwDn9aszbbK6a6MLvvVYwU6jnofxxzUtss6w3HmBROzM4UHIGRwM/hT3YXstCAWmBvEIQ46BuRUNx5UcDF8F8YVMcsewxV0SpaCCCSQPcSL/F1bHU/SszXb6K0S3Mexr1pQIUIxnPDfQYP8qmbUYtsqCcpJD47iewYR25eWUckKPl/HsP51uWGqWmpRK8EqliOUPBB7jHseKx5pZZLVrVxFFdzKy2zRMSGOOTnHBFQTwm0CGJjG0fCsOCf/r04zafkKUFJa7nWUVT0++W9t1J4lAG4f1HtVyt076nM007MKKKKYgooooAKKKKACiiigAooooAKKKKACiiigAooooAKKKKACiiigAooooAKKKKACiiigAooooAKKKKACiiigApGYKpZjgAZJpazdYuPLtxCp+aTr9KAMm5nNzcPKe54HoO1RikpRTGOpaSloAcK07bTCwDz5Hog/rTtNswqieQfMfuA9h61pUhEccEUX3I1X3AqSiigAooooAKY0MT/AHo1P4U+igCu1lA3RSv0NRNp/wDdk/MVdooAzWs5l6AN9DUeHibOGU/lWtQQCMEZoAox3jDhxuHr3q2kqSDKnPtTGtom/hwfbiojaMpzG/PvSAdqE0MGn3Es4BiWM7gehGOn415tpWlT6tcPFAAuxCzMeg9B+Jrd8YajITFp27kfPLt7/wB0f1/Ktfwrpk+nac7XC7ZJ2D7O6jHGfeuiL5IX7mMlzzt2PPiCpKsCGBwQexpK2/Fdmtprbsn3Z1EuM9CeD+oqpY6HqGoR+ZBbnyuvmOdoP09fwrZSVrmDi72N3wnrkvnJpk5LoQfJc9VwM7fpXZ15n4duoLPW4J7lgsYDDcf4SRgGvSkdZEDowZWGQynINc9ZWkdFJ3iOooorI1CiiigAooooAKKKa0iJ1P4UAY8LxtGoOMrxz3qGS6zPdyFv3Nqg2gDqxGc1Wv7Rnuv3cpjZCSvHVSc5/pUFrMBNcQXEgYSKASBjPFczk72OxQVrl+71OPS9NW5dHkjUDds5Iz3on3z2kd/CheVEEsUROM8Zx9cU1DG1otvMqyApsYMOCPesk6ynh9WtLrznhTBtPLXzGkQ9F46kdPpUylZ+89P1CML/AArX9DohcJPbq+CFcA4fsPes5768u717awmt/JjA824HzlCf4fTNZl5a3+tRLGHfTdNljKzpIg85wTn5eu3jjn1qa3tYbLTl03Q1EaKeZSciPPVie7e1EpN/1uOMEvX8EXJLqHT5BHG/2vUZhtBc5b6sR91RU8nkh7ZLjy5JJXwZAvBYKTx6dKpA2GhwMwbaGPzyMdzyH1PrVDVdRs/s8MtvcKZFmSQBDyMdTj6VDnyp833FKm5NWv6mldRw2N/ZXw3GQy+Qw9VcH9QcVbklinaVI38zaSGjPGD9D/Os66MV/ZkIBNG/zJJGfuMOh+orC1HXbecRQpdRS364iDwsQFOfmYnsKHNRu+hUaTnbudVpMhj1GIZO1wyY/DP9K6WuR8PadefbzNL5jQLtdZpON3B4A9OetddXTRbcdUcuISU9GFFFFamAUUUUAFFFFABRRRQAUUUUAFFFFABRRRQAUUUUAFFFFABRRRQAUUUUAFFFFABRRRQAUUUUAFFFFABRRRQBS1SaW3smmjuI7dUOZJHiMmF9lBHOcVyFzq15dQWV64hUzOkbqATwTjK88evPrXTa60gtkEN3LbyknBQA5GOcgiuWbSwbaGCO5ljSJ/M4Cks+c5OR61SGixLJMbsQwsoKxM7bhkZJwuf1P4VBZ3V1eJOsc8B8uQKJzGQCMZPy56j8qmS3kJuWeRleUhVdCMhQOD9c5P41FJpXnRTq95MZJyvmSAKCyjouMYxQA1b27k0n7YJbeIIrszshIcAkAgZ4Bx+tXIppp57NAhR3iaeWPGTgL938yPyqvLprzxwo97LiJtwxGmCe2RjHHarVrFLFdSTPK5bYsayKQGxg5PTAOT+lAGxoOoT3kbLdXEbXAjR2gFs0LR5H+0eR2yPStmsrTLeJbmS7e9kurqRBHulCqVQEkAAADqTzWrUsQUUUUAFFFFABRRRQAUUUUAFFFFABUF5cpZWc1zJ92JCx9/ap6rX9jBqNo1tcBjGxBO04PHNNWvqJ7aHN+GtM+3yvrV9l5XkJjU9B/tf0H0rrahtbaKztY7eEERxjaoJzxUF/YPfBQt7c26jORCwG76nGacnzMUVyo4nxhIX191/uRKv9f6122kTW8+lWzWzKYxGFwOxA5B96y4/Cdt9tNzc3U91lSGWXB3ZGOTVrStAi0qUulzNKoBCI5GFzjJ478CrlKLikuhEYyUm+5S1DwdZ3JaS1dreQnOPvJ+XaseAar4b1W1sjOrQzyL8gOVYEgHg9DXeVnarpCan5DiVoZ4H3xyKoOPqO/alGo9pbDlBbx3NGimoGWNQ7bmAALYxk+uKbLMkKbnPsAOpPoKzNCSq73kKnaGLt6IM1TlkluW2McZGQgPyge57/AMqhhMbKxQ/IGIyB1wcHFQ5FqHcutftnC2sp9yQB/Og6hsGXgb/gLA1VimRn8sEk4zwOAPrUZkDPhh8nYetLmK5V2LLakj/eLRD/AGhj9aeCCMggg9xVPeoY5AYFsZBqPCq7GJyjA87T/MdKVy0kWLy3NxbsqnEgHyNnGPWsSHw/MrMyyOhP/PSTd/KtUX/lSbLhcDtKOn4jtV6pcYyd2WpyirI5i60e9Mawvd+TFKwSR4WO7bg5wCOCcY/GprXS9H0NUaNm3Ku1HlkLsB6DPQfStq6j3xA8/Kwbjrjv+hqhbxo+oXJMiMyogjI54Oc/rUOCT2K9o2tXoVVcTxG5vFbytwWKNuB9TUs7XLRolqsaLzudzhYwPYdTVqa1W4iaOe4+Q9VjXB/M1We3aVZBpwAEeF3SksCe4A7ke9DiwTTMHULuz0+4t2uEnvbi4fZECoOB3YIO1Z+qeLU0y+NimmFpVUYPlhSSe2CMkVr6ZpEtjqN9qF9cfabmY7UkKsPLj/u4PTmkifT7vxxEGAe5tbIvEwOQSzfzA6fU1jyu2mlzpUo31V7IyBp2uaxav5sVrpcMykOEQl3B9Rnj9KoWPhvUdMuJC5tniK4LK5B474xXf3rMtuShAwcnNUYlkvJ1iiBLfxM3RR6nFKVCL0HHESt5E3hH7UltOHYiAEeWCeh749uldQlwejj8RVO3gS2gWJOg7nqT3JqWuqnHkionFVanJyLwIYZByKWqSOyHIP4VajkEgyOvcVsnc55RsPooopkhRRRQAUUUUAFFFFABRRRQAUUUUAFFFFABRRRQAUUUUAFFFFABRRRQAUUUUAFFFFABRRRQAUUVU1G4+z2TsDhm+VfqaAMO/uftN47A/Ivyr9KriminCqGLSikpRSAcKUUgpRzwOfpQAo61ZivbiL7spI9G5qEQynpE/wD3yaUxSL1jcfVTQBox6s3SSIH3U1aTUbd+rFT/ALQrD6HmlFIDo1kRx8jq30NOrnBxyOtTJczp92VvoTmgRu0VlJqM4+8Fb8MVMupj+KI/gaAL9FVVv4D1LL9RUq3MLdJF/E4oAlopAyt0YH6GloAKKKKACuV8V67cWU0dlZyGNyu+RwOcdgK6okAZJwBXmOvXkd/rVxPC26I4VWx1AGP55rWlG8tTOrKy0Ot8La1LqcMsF04a4iwQQMbl9frmuhrya0u57G4W4tpDHIvQj09DXf6Brq6raP522O4iwHGcAg9CKdSnbVbE06l9GbVFQrd2zuEW4iZj0AcEmpqxNhGYIpZjgAZJrEaSWa5e4kOIwNqpnkA8j/69X9SlZY44UA3Stg57Dv8A0H41lljHcrG+QHB3YGaiTNYLS4lpOvm3SzOwfzBsDZ5XHb260srhZlCZUPkEAdTgnP6damkaMxF06DiqAkLT+Y5AWMEDnqx/wH86zemhold3LHKrHn+9/PiopCxnYmTMWAAoGCD35/Ko/O3XCKjqdp3OD6HIGPxqOeTyBKzMOQPLBPViMBfxwKlyKUWXFZQkiwpkIhIVeMmmB8SlsgrMAV7ZIH+GKo6fu0uLFxcNcXEjs7FV+8x6hR2UdOe1S2ufJW3nVd6rxzkMPUfTpRzD5S+kRkJC9Mcbj1qe3ZoZBbsQVIyhHb2qokphPDgY7E/0qaSQYjcNnY4bHpz/APXq0RqX6gks7eVy7QrvPV1GG/Mc1PTJpY4IXmlcJGilmY9AB1NMFfoVBpVsGzumPsX/AMmrkcaRRqkahUUYAHaudvPFtgt9p62uo2zW7yMLluu1NvHPbmrF94jtf7LmutLuoLmSFkBQKzbsn7vHQnBwalSj0LcJu10bmT61Sk0u2Mss8EccFxKAHkRB82Om4d65q48VaktpbNDBA8kipI7LHIRgnJA4weMDOeueK6XSr5tRsFuHj8tyxUqAwHHpuANClGWgOEoK5RTSEjz9rkmkBOdwbKn8O1aVnAtuhjix5HVR3z357irNFNRS2Jcm9woooqiQpVYo2R1pKKALqMHUMKdVa3fD7exqzVp3MJKzCiiimIKKKKACiiigAooooAKKKKACiiigAooooAKKKKACiiigAooooAKKKKACiiigAooprqHRkJIDAjKnB/A0AOrB1qffcrCDxGMn6n/61M063Bl1SUXd4LeMm2QNcM5BUZZhuJ5ycD/d965qKaWfQ4vMkd5rg+XvdsscsQST9M/lTSGawpRWayEarGltLKWGWmDOSiJj5Vx0BzjHfg1VhubmxlXzo7h3Nu7yozb97gjBUDOAc47fpTsBu1ZtbKa6PyDCd3PSucsLiaWG+i855Z2kVEJUgBnAGBnoAT09q6ee2FtqthbWFxcecrK0kfmExxwKMEFenOOO+ee1DA04dKt4+XzI3v0/KriRpGMIiqPYYrl9Murh9bhd5pjBcSTiOVpCyTgH5VCfwFQD9ce9dVSYgooopANZEb7yqfqKhaytn6xAfTirFFAFFtLiP3Xdf1qJtMkH3ZFP1GK06KAMc2Fwv8AP0NNNtOOsT/lW1RQBhmNx1Rh+FG0+h/KtyigDEAPofyqRTIOm/wDDNa9FIDNU3PbzP1qRftZ/vfjir1FMDH1pruPQ71t3/LIjjrg9f0rzhVLEKoJJ6ACvSPE1yttoFzu+9KPLUepP/wBbNcn4RtvP11XIBWGNn59eg/nXRSfLBswqq8kjCoq7q9rFZatc28L7o0fjjp3x+HSqVbp3VzBq2gAAHI4PqK9D8K6lJqGllZ3LywNsLHqR1BP+e1eeV23geMizu5cfekC5+g/+vWVZe6aUn7xtXuftS4AJEfGe3P8A+qsx5S1yCp/e4z9a1b/5ZYnx1Vl/kf6Gsa+sxdKQc4RVIIJGCDkHj6VwTPRp26lfRiRpcjvvYzysx3djn/CnHFqXOCyPICMDJUnA59sgfnVOz1K4+2Jb3p8m4SfYxXhJ1IOCPfpkdj9au3crGCZ0Qs3DBR1PIrBW5dOh0NPm16jWT7RuVkyVIJB/hPqDVeJI3lurtiZGWYxR552KoCkL6Zbdk96lv7l7VPNhVmZ2CRKB95j938O59hUVjaC1RIUkJS3GD/00kbLMx/PP403vYFtclthMJpVZR5vRienTIA9ucURXAe3Mm4KFXLMeievXpSNc7Yp7p8hLcO0gxglVHfNYUVpfa+IZtSUw2Z+dLVOBjsW9TUSlbRastQvq9Bz+Ir6/umg0qKOO2zt+1yLuLn/ZHcVuael1BtNzK8/lvktKAN3uAAOnapre0ijiKQRqigdRxx9an2fOkQGNzBce3X+QqoRktZO5M5x2ijVpkrpHC8kvEaqS2RngdeKfUc86W0DzSbtiDJ2KWP4AcmtznRyU9hP4mlk1G2j+yw26D+z96bTK4IJdh/dOMCrr6tHe6Fct5n9kTxFY7svFgx56hT0yex96011yxNncXTGZEt22TI8LB0OM4K4z0p0+q2cVnbzuJJFuQDDGkRd5MjPC/T8qiy7mzk3pY4H7PcAadF5awzNZAxKyiUzAMSq7Sp2E7jyfSuz8KbBoESxjaqyONhJ3J8xO1sgcjPOBitI3cYsvtgSUps3bREfMx6beufaobDVbfUZZooEuFeHHmCWEpjPTr3pRiovcc6jnHYvUVnRa1a3F6baGO4kAcxGZISYg46jd/kUW2tWt5deRbx3LruZBOIT5RYdQG/yKvmRlyy7GjRRRVEhRRRQAqnDA+hq9VAdav1UTOoFFFFUZhRRRQAUUUUAFFFFABRRRQAUUUUAFFFFABRRRQAUUUUAFFFFABRRRQAUUUUAFFFFAGHrMdtDZNZRxKFuHMkijjOTkk/U1gRWEELxmFBGkbFti9CSMZ/nWhf3H2q9eQH5Qdq/QVAKoZAun2guDOLdBKW3l+c59akt7S3tmZoIVjLdSO9SilFAEfkKJ45k+VllEzYH32AwM/p+VbkGn6Tf3BvTax/aywZ2yd24dDWRT0do3DoxVh0IpAdBDpdjb3bXUVtGkzZywHTPXHpnvjrVusi31gjC3CZ/2l/wrSiuIZxmORW9u9IRLRRRQAUUUUAFFFFABRRRQAUUUUAFFFFABRRRQBx/jmT/jyi93Y/oKXwTYyKJ79uEceWg9cHk/596k8Y6fd3ktm1rA8uAynYM4JxjNdJZWyWdjDbooVY0C4Hr3/WtnK1NJGSjeo2ea62pXXL4Hr5zH+tS6npqWem6bcpuDXMZLgnvwePwNXfFenXH9uPJFBI6zqpBRCecYxx34q94htry8tbG0t7C4ZoFG59o252jgGtVL4TJx3M3VreJPDejTRKBkMGPqTyf1BrovBn/ICP8A12b+lZeqafenw9ptilnO80Q3ybFyFznjPrzWv4SdRo4t/LkSWJ28wOhXkk9M9eKzm7wLgrTNe7hM1uypjzB8yZ9f88fjWELpcSKykNgZz2x2/OukrPvtHt79t7STRMepibG768Vyzi3sddOSWkjkdVsYdWAWWc28isHjlA+4w/pTrbUpLa1upNQMZazOJJIDuVxgHIHUHnpXUWnh7T7RxJseaQchpm3Y+g6fpUl7Y28wIlgjkjfghlBrD2LXvdTo9vF+70OetkedFv50CKVzBCDkoG6sT/eI9OgqRAIoBuYd3kb3PJ/IfyrT+whV2RSeXGBgJtBCj0HtSRadGhBkdpcHOGAA/Ed6ag0HOjjL59Y1ryQbKYaa8xkY7SN8Y+4Dx04z75rTN5cRjbIoBI4OMceo7V1lY83hy0kubi6jknjuJiDkyEop9l6AVDpSWqd2aqtF6NWRUtb+PaA7bT061q2KGRvPP3VBVPf1P9PzrNh0Zo5XF5G0yn7skTcfQjrWjp9g1m7lZZBCw+WBmyFPrn1+lVDm6kT5ehfqG6eWO2d4ITNIBxGHCE+uCehxU1MaaJThpFB9M81qYo521tNQtdJ1VFsZm+1ORDFJMrTYZMFnfODz7k4pj6deyWWkSSWVxus4mglt45wjsCoAZWB6ZHTPSuk8+P1bHrsOP5UCeEn/AFqf99VPKjX2j3sUdK/tGCG0tb2IyFYN0tz5gPz54T1Jx3pdDtp7awZrtNt1NNJNKMgnJY45HtitEcjI5FFNIhyvcwtJh1DTYl0p7EyQCR8XayqF2MSckdd3PSl0RNR063t9LlsMxQZX7Usq7GTJIO3rn2rcooUbDc73utwoooqiAooooAfCu6Qeg5q5UcMexcnqetSVaRjJ3YUUUUyQooooAKKKKACiiigAooooAKKKKACiiigAooooAKKKKACiiigAooooAKKKKACqOrXP2eyYA4eT5V/rWbrusX1lDeomkTyW6RH/AEpZUCgbeuM54/pXLadq91dadp8IsZ5Ioo1iM5lBBI+8xzzTSHY1cU4da5WSe6tbq9VpnQptZEE5by1ZunQ8k4+gNTaNLeR3TWzTHcY3kAlJwOeuMevvVWGdNSiuSW7unjkjS5MqfbFUG2Yh23Akhcnp6Zq/Z3sttY6pJM8uYZNsa3TjcpKjAJ6dTRYRv44pRXHQ3bw3tso1yAhYGBlZCwUk52nJ5PvXUafcJc2iut1HckfK0ka4BP07dqTQFsUo4IIOD6ikFKKQFuLULmLjzNw9G5q5Hq6n/WxEe6nNZNOFAG/HfW8nSUA+jcVOCGGQQR7VzVPVmQ5Vip9jikI6OisNL24T/loT/vDNWE1OQfeRT9OKANSiqS6nGfvIw+nNSre27f8ALTH1GKALFFMWWNvuup+hp9ABRRRQAUUUUAFFFFABRRUaTwyuyRyxu6/eVWBI+tAElISACT0FRXF1BaRmS4mSNAM5Y4rlNW8ZZDRaanH/AD3cfyH+NVGDlsTKajudRY31vqNsLi2ffGSVzjHIqzWdolstrpUKCMIzKHcD+8QMmtGk7X0Gr21CkIDAg9DS0UhlOSMxn1X1plXyARg9KryW5HKflUOJrGfcgooPBweDRSLEJABJIAHUmo/OLD90m4f3icD/ABNQTP5sbyqpdI1LIn9/Hf8AwqC6kmeJBE5g3EFmx8309qlsdiedtsLGZ5CTwFjz+gHWlt2aVCY0kRVHRhsJP04/OqsM728u2YliBjd3FOnvEaOR2kKpGMhA2GalcLPYVWdkNzNAUjBIKs53cd6EaW5AFussUR5DSng/geakjvIpoozDFJIo5HyYH5mll1CK2G+9eOAk4VC+Wb8B1PsKWncNewnkvD99oWY9xlcflUkLXKl1cCQDBUlgGNRTu73caIqhCfncjlKe7iKZ5GbgLtX1Y0w1LKSo5Kg4YdVPBFPrNlgKBJbWPy3/ANYxx+JH48irlrcLdWyTKCA3Y9qaYW6k1FFOVGc/KPxqhDasQw4+Zhz2FPjhCcnlvWpKpIylPogoooqiAooooAKKKKACiiigAooooAKKKKACiiigAooooAKKKKACiiigAooooAKKKKACiiigDlvE8WoXzfZJAkGlgqXYPl7g9dmP4QMc1gx2tzZagXtFRrSdsyRk48tu7L7e1bOsavbXF7OgmBS1IRsZOGP8z2qiLuBrV7hX3Rpndgcgjtg96pDMWfSbhzevbwPCGTaqllczHcSSSeg6e/FTafpElvdESW6rayxspjVwdmeoY4ywOOPStVbyBrk24cmUHBXaeDjOM4xTjeW6SSo0yhoVDSD+6D0p3YzCfR5wm2LT0I+1M5PmhCYwflUfnVzTre9sI70jT1IkYSRRmcNzwMEn881pxXcEsMkqPlI878ggrgZ5B5pUu4HnWAPiZk8wRkcge/50XEZUml3MemJhEmuzdLcyqpCg88qCa19OW8nR/OtxG5clIkwSq9skcZqxpT2uo3xt1nBKAsQARuAODg9+euK6mOKOFNsaBV9AKTYGCum3bDPlY+rCnjS7r+6n/fVb1FSIwv7Muv7q/wDfVH9nXQ/5Zj/voVu0UAYJsrkf8sW/DFNNtOOsL/8AfNdBRQBzpR16ow+ooroqQqp6qD9RQBz4p1bZt4W6xJ/3zTDZW5/5ZgfQ0DMinq7ofldh9DWidPhPTcPxph05O0jD6igCBLyZf4s/UVOl+f40/I006ew6SA/UU02Uw6bT+NIRaS7ib+Lb9RUwYMMggj2rNNtMP4D+FIEkQ52uv4UAalFUFuZU6nP1qdLtD94Ff1p3ApeINSGmaVI4P76T93EPc9/w615vDLJbyCSGR45B0ZDg/nXVeOHLNY4IKYc8evFclXVSS5bnLVb5h0jvK5eR2dz1Zjk1c0iz+3atbQFWZC4L4HRRyapooeRVLBQSBuboPc12fhddLspnjjv45ryTj5cgFewGepqpysiYRuzqVwC2D3/KnVQstRjutQvrZY3V7dwGLdGyOo/Kr9cjVjrTuFFFFIYUUUUANZFcfMM1R1E/Y7Ce4UglEJAbpntWhUF5B9ps5Yf764H1pNaFRlZnPIJIBujkeULy0ZHI+mP5VBe6istuy2arPcsMJEG6sP5U1ZyjyOSQ5OQxPbsPap1uGM8EjoqyMrKeBnPB69+lczv0Opd2EUiXC7XlKDGN2ASp9DTilvcWIWZIzMAV3Y6MOPyzSK8TXLgwqsq99uCw9feq9tuuLcycRtI5fB/gH9elHkHmTSak1vGrSxkwEYlx/AMdcenrj61EYNNiSK7trWHO8fvV5JB4+91qKd3kkeztSZZz8ruF+WEHux9cdB1ps1n9ntoLDTICwiKswLAYVSDznucUmykkaKzKts0Lo2Cc7lpVxGoVAzvn76JnH51TS+tbiQxLKDKP+WSjLKfcdqssf73mKP7ofAqk77ENW3H+ad43uykdN7DP4KP61b04EyvACADmQBuuSef8+9c/qGrRWTfZraAT3TjKwxj5iPVieg9zWt4dju4mEuoyBppFwvyYCt1IB79vyojJOVgkmo3N5bdR975qmAAGBRRXTY5W29wooooEFFFFABRRRQAUUUUAFFFFABRRRQAUUUUAFFFFABRRRQAUUUUAFFFFABRRRQAUUUUAFZ2tXb2unusDhLiQFY2IztPr+FaDMFUsxwAMkmuSv7s3t20nOwcIPQU0BgWsV1pz3TeR5wEaBREDmRuecn65Jp8ALQxwusglnn8yYum3dj5jgenCitQUYGQ2BkcA46VRRnbZlv8A/RUuULys03mf6ojHUfiB05plrBd2F1LLJGJwIMsYlO6R9xPfvz+WK1qcKVwMmLfLbyLLHKlxeTKJN6bRjuF9QFUjNWZXf+27dhBOURHQuE+UFiuOfTir20EgkAkdD6U4UCM7TFmtdVtXiW48i1EmBMgUYbjaCOW9c+wruba7iukzG3PdT1FcxTlYqwZSQw6EGkwOsorEt9XlTiVRIPXoa0ob+3mwBIFb0bikIs0UUUAFFFFABRRRQAUUUUAFFFFABRRRQAUUUUAIQD1ANNMUZ6ov5U+igDkPG8CpBZyKAAHZT+IH+FcdjjPau+8ZwmTRVkAyYpQSfQHI/qK5kaaX8KfbgCWjuD/3wcA/riuqnK0Uc1RXkyhY2FxqNyILaMsx6nso9TWz/wAIbqYUMHg3Z6Bjx75xW54OtFh0c3GPnnckn2HA/rXRVE6rTsioUk1dmVoWnSadZss7b7hmzI+Sd3pyfatWiisW7u5slZWCiiikMKKKKACiiigDntZ0WWVZJbRA+75jHnBB9v8ACuNGp32lXX2W/wBLvprdW3ef5LZVv9kYxtHpmvU6KxqUeZ3TsdFOvyq0lc5Dy2uoY5445lGNyOYyuB77gOKY/myRvHAywhgR5q4OPcCusu7ZLy1kt5M7XGMjtXGXkF3aybbuKSOFc5kTkNj0I/8A11M48pVOXNoSwrGgFpa5hto/9Y4+8zfX1Pc055pLdXFtaOwzkAEAsfUkn9TVZJxNFtghkMajO2KNmb8sda1dL0qe6t2nuIntf+eUT4LH3b0+n/6qmKvoi5O3xGTfarb28KzXZNvMeBt5c+oGOtZw1q91qf7No9v5eP8AWXVymAn0Hc1v6nopuVVbiIgocoxXcufw5H1GDWLHoWuadcyzWF1FdRSNvMU7nIPfDVlNVOa3Ty3NIOny36+exvadpltpkbSEmWd+ZJX5Z29/8KsW9w9xqcMQRmwwdsDgAZ5J+oqG006+ugDJJBFnqBJ5h/Sugs7OOyi2JlmPLOerGumEO2xyzn31ZYooorYwCiiigAooooAKKKKACiiigAooooAKKKKACiiigAooooAKKKKACiiigAooooAKKKKACiiqmoXq2NsXOC54RfU0AZ+u32F+yRnk8yEdh6VhUM7SOzuSzMcknuaKoY4U+ON5WCRqWY9gM062t3up1hj6t39B611VraRWcQSNee7HqaGwMJNGvHGSqJ/vN/hSto94nRUb6N/jXR0Urhc5SS1uIv8AWQuo9ccVEK7CoZLWCb/WQo3vjmi4XOXpRW5Jo1u33GdD7HI/WqsmjTLzHIj/AF4NAGeKUVO9jdR/ehYj1XmoMFTggg+hoAmiuJoT+7kYD0zxV2LVpRxIit7jg1m04UAbcepW79SUP+0KtJIkgyjBh7HNc3TlJByCQfUUgOkorDjvbiPpISPRuatJqjfxxg+6mgRpUVVS/gfqxX/eFWFkRx8jq30NADqKKKACiiigAooooAKKK5nW4ks9fs9TuTL9kIEbMjEeWwOQTjtTiruwpOyubeqWn27S7m2Ay0kZC/Xt+tYXhyQX/hu409oGBhVo2JHDE5P5iumR1kRXRgysMgg5BFKqqudqgZOTgdTTUrKwnG7uZHhiSNtAto0dWeMbZADna3XB9+enatimqioCEUKCcnAxzTqTd3caVlYKKKpanqcGlWhnmOSeEjHV29BQlfRDbsXaKydKuNXlnkGo20ccbIHjKH7pP8J9605JUhjMkjBVHUmhqwk7j6KwbzWbln22aIif89JAWJ+g7fifwqkTqd4nOqSpg4cLGEI/Ln9aydRdEbKk927HV0Vyq2sqDm6nw3yKGlY575PPNKmnz25Y280yMTkkSHn8OlHO+wezXc6misG11ie3IW+w8R6TAYI/3h/UVughgCCCDyCKtSTIlFx3FooopkhRRRQAVTvLFbgb48JMO/r9auUUmrjTa1Rh2mnySS5dZYmQ8t6/StyiilGKiOUnLcKKKKokKKKKACiiigAooooAKKKKACiiigAooooAKKKKACiiigAooooAKKKKACiiigAoqnfagtk0EYhkmmnYrHHHgE4GTySB0FUrjxDHBYx3y2V1LaPGriVNgxk4AwWBznHaiwGrPPHbQtLK2EUc1yF5eSXtyZX4HRV/uik1bWZLu6CLFIYkTeI169cDPv1+mKzhfoU/1Unm+b5XlcZ3YzjOcdOc1SQy5S1ROpRCNHWKVyVZyqgZVVOCTz61ZE6mWFE+YSKX3Z6KMc/qKYHS6BAFgknI+Zm2j6CtisHQNXtJdHuJcskVq7CR2GAf4sj2wa1NOv49TsI7uJJI0fI2yDDDBIOR+FSxFqiiikAUUUUAFFFFABTWRHGHVWHuM06igCq+nWr/APLPafVTiq76Qv8AyzlYezDNaVFAGM+mXC/d2N9DioWtZ0+9E/4DNb9FAHOdOvH1pRXQsqt95QfqKia0t26xL+HFAGKKqQ3zyXN5B9mZXtwpUbxmTOcY9OneugOnQHpuH0NY0WialHqF5c+ZZ4mQKg+Y4Kg7c/nzQMrjXrmDzYpIGW5R40WMShlYyfd+bHHQ54q0viGc2U7+QguYpfIMZOR5hIA5HUcg1Bb+HtQSynhuPsE8krB2Zw58xs87vTjpjpSW2g3NrNbxbIyDM91KYxhFYAKqjP1/HBNPQC8/iaCPUzZmByqRu8kqnIUqN23Hc4IPtkU6x8QxzsRdwi1BtxdIxkDAx+pPYjjI9+tZ6+G5IL+C4hefZGZGZGlLAs+P0z19eKhi8NFmlN1BHErRiMJaBlGNwYkk88kDjoAKNANe218XWkXl8tu0RgdkSNzyxwNufTORxUr6nc299bwXNltink8lJlkBJfaWzt7Lwe+fasWLSJ7aXy8zzRz3nnuzkttVRkA57lgPrVgWmqHWheO0Dwp8sSnfuiU/eI7bj6/hRoBr2Ootd319avbNC1qyjJcHeGGQeOlWbu1ivbWS2nXdHIMEf1rFsLfVINUu7qbyClztyEDbhtGB1H51sLJcH/lmPx4pX7CZyOnajP4a1N9MvyWtCfkc/wAIPRh7eo7V2kciSxq8bq6MMhlOQay9W0dNZtwkwWOVOY5FOSv+IrjZBq/hm5KLI6ITww5jf8D3/WtbKptuZXcN9j0iiuAufGOozQxpEI4HA+d1Gd30z0ptt4v1OBHWUxzkj5WdcbT68daPYyD2sTtdS1K30u0a4uG9lUdXPoK57RILnXdTOsX4/cxHEEfbPt7D17n6VnWGkah4juReX0rrBnl24LD0Qdh713cMMdvAkMSBI0AVVHYUO0FZbgrzd3sPrn9Vu0JMsxPkofkUH04ya6Cua1K1V5mtZYmZM7s4+Ug8jNc1S9tDqpW5tSppt7b6pH50LZTOBx0/Cp47WSGG5YsZZpn3YU4AHQAenA5/GqKRmzIZIAuT/AMfjxWlAsiIPNkaVgPmZuAPyrGN2lzbm8rLbYsMu5/lUZGfnP8ACKVJE3ogYszZ+Y0AhkyeIhyePvf/AFqi8wTckEENx/StDMmaJX+U52oNoFT6ZcFZms2fcqjMeeoA6r/LFZ93qVjACtzdx28gXPMgDfl6VBpd7ZX+rW9xZypOwLK7p6EdPXHApKaUrIHBuLbWh1ZIAJJwB3oBBAIOQe9Y/ia9Fpod0pt7ibzoZI8wx7gmVPLeg965GHUBfR2Vjdrqr2kVrE32K2tSpkAAG5mzlkyOMYq5VEnYmFFzjzHo1ISAQCRk9B61wfiiWW5uNMu/s0kFmYmT9/hWDE9Ch74X9axfKmuJtPjiNuXkjWNQZwWjIHTO7q33T61Lq2drGkcNdXbPV6QMpJAIJHUZ6V5/rMb23ios88Ake1kcRxl/lZY/9YwBHzEblGD2BqhoMjR6/aSJdZa7mUkeYW6L/EBKT0H8QODR7XW1gWHvHmv0ueoUUUVscoUUUUAFFFFABRRRQAUUUUAFFFFABRRRQAUUUUAFFFFABRRRQAUUUUAFFFFABRSEhQSSAB1JrJvdfggylviaT1H3R+PegCLxJB5sVvJKiTW0ZYvAZfLZmIwpVvUc8e/tXNTS3tzbabbzyK0dqcuBxkgEL9ccflVm4upruXzJnLN29B9BUVWhlUGY/a5oUVpS2yMOcDC8Z+mSagFnO1qkckCtiXzJVMvMpx1yBxzjj2rSpRQMzEsruGJCgjdzC8JUvjYCcrzjnHQ+tTR2nmJNBvdVWJLdXXg4AyxH1zj8Kv0tAh+iaS84uraS+ljXzo54wip820AcjGOCBx7Cuj0KxuNP03yLmUySebI+eOAWJHQD1z9TXP287206zJ95T+ftXV2t1FdwiSJvqO4PvUsGT0UUUhBRRRQAUUUUAFFFFABRRRQAUUUUAFFFFABRRRQAUUUUAFFFFABRRRQAUUUUAFRzwx3ELRSorowwVYZBpzusaM7sFRRksTgAVyGoeNXS5aOwhjeIcCSTPzH1A9KqMXLYmUlHc5FhtYj0JFdN4R0eG8eS9uUDpE21EboW6kn6cVzs4ld2neFo1kYkfKQuTzgZruPBbs2jSKVACzMAR34B5rpqNqOhz00nLU6PpRRRXIdQUx4o5CC8aMR0LDOKfRQBQvdOilhdo0KyD5gFOAxHtVHzUTCtjYwyPet2sV/Dym/kuYryZFk5MJAZc5JyO469qzkn0RrCS2kzM1fW7DT7R5J5QcD5VU5Zj6AVyMzaxqVzG1zdfY7CSREaOJ+QGJwP9o/413sfhm2gjmWNYj53EiNH8rfz9aoQafLvAuoYTPGx2452jsefbvXNUpTnpLY6qVWEV7u4y30yK3RAqNGmMfPgux9Sa0PDmj2mmzXclpAqLJgMxJJJ5OMntz0p8NrdXEzR4WOMH5pMc+vA9ea2ookhiWNBhV6VvCmlZ22MKlR2avuV9Ut5bvSru2gKCWWFo135xkjHOKwIvDOpm2t3l1SKO+s0VLSSCHARQMFWyfnBwPyroNSv4tM06e9mDNHCu4hep9APxqhFrV1MLiFNLc31uyCS285PusMhg3Q9KqSi3qTBzUfd2KmsaLqGr22lRzyw+bDNvuJIgQB8pGVB9yKoyeEruLVbB4J/NghnSaR5GwRtPQLjn866LRtTbVrE3TWzW6l2VQXDbgDjcCO2c/lVbSdck1adwllsgUuPNM6E5Viv3RyM4NJxg9e5SnUiml0KWoeH573XWuI4oraBVd/OglKzTSMgXk44AAI79aoaV4T1Gylsbh2tVaN18+KORwJMZIcnu4JPHQ1uT61cHUp7PT9Oe8Ntt89/NWMKSMhRnqcc9qDrdxNqM1tYaa91HbuI55vNVArHBIUH72ARnpScYXuNTqqNvI2aKKK2OYKKKKACiiigAooooAKKKKACiiigAooooAKKKKACiiigArntW1q7sdRaCIRlAoPzLnr+NdDXDeLrj7JqEs2AwVEyC2Mj296cdxovL4ovO8MB/Aj+tSL4on/itoz9GIrjX1fZBG3kN5j7SVAJAUn19farTX8QsXu1RyinG0jaeuKuyHY6v/hKHxxaLn/rp/8AWqGTxJeOMRxxR++CTXJR6uTMEkgwHcKhVumfWrN5qMVlLGj85I39flX16UrBY1J7y5uj+/mdx6E8flUQrHt9dilaJWCruLbyM4Xn5e3U1Yl1aOG7eAqSFRiDgjLD+Hp6d6dgNEUtZ1rqUk9xDE9t5YmQujeYG4HsPrUVzrfkyTKkDOscixhwCVP97n1HagDXpRVe2ukut2yOZNv/AD1jK5+lWBSEOpaSloAcKkilkhcPE5Rh3BqMUtIDZt9ddcLcR7v9pOD+VaUOo2s+Asyg+jcGuVpwpWCx2XWiuTinmh/1crr7A8Vbj1e6T7xRx/tD/CiwWOhorJj1sf8ALSAj3U5qymq2j9WZf95aQi7RUKXVvJ92ZD/wKpgQRkHNABRRRQAUUUUAFFFFABRRRQAUUUUAFFFFABRRRQAUUUUAcpq9l4h1MLbukK2zyZIjbBUZwN3PPHPFbemaNaaXbiOFNzE5aRxlmP8AStCiqc21YlRSdzmfGVz/AKHBYIhaW4kGOOOD/PJFbGj6cNL0yK1yGYcuw7setTS2NrPcx3MsEbzR/cdhkr9KsUOXu2QKPvXCiiipKCiiigAooooAKrXsHnQkqoMqcr7+341ZooY07FCzmAkKnpLypx3A5H6fzq/UawRJK0ioA7dTUlJA3cr30BubGeFUhcuhULMMof8AeHpWJYeH7mzstTKm2hu7uLy41h3eXEApC8nknJJJro6KTim7lRm4qyM6C0vLK0021tWtxFAqpPvByVC4+XHfOOtZ9jod2mtw39ylhAIEdALOMqZi2OXz6Yzjnk9a6GijlQKo1fzMKTTNUs9UvLnS5rTy7wq8qXCtlHAxuXHXIA4OKRNM1Ww1C6fTp7Q213KJpBOrbo2wA23HUHHfGK3qKORD9owoooqjMKKKKACiiigAooooAKKKKACiiigAooooAKKKKACiiigArhfF4c6hIEMQbYnzSdF9/rXdVxHiswDU3FyY/LKJkP0Jqo7jRxOyV7e2EEnmSiMMY1XlFU5BJ+vQVcmcR6PEsU/mxFtzMqYG3qQffNahktrZ9paOJnx7Z7ChxZiVIZFh353KhUdT3/GrGc/tnDDakgd/mhPlnPHORxzWlqM2DHJMu+IID5Mk+zc3umMmtGSW2STdKVDRYwzDpnsPypHlslaO4d4dzD5JDjJHsaAMS0LI6x/Z1t7hTuyZ/KZgTnoRgirN8LgalK81zGEW3dlBHAU8YH+0fWtWZrVpUin8pnPKK4BP4UsptfMczLHuVAWZwMBc8ZJ96VwMTTDFHqNlj7KhaFhmJ8knA+971KbY3E88EV9NJbQoZXYbcebnIHA/GtUtYQLHMwt0Dco20DPuKkEtpblIg8Ue/lVGADnv+NAFLSZ/N8kyX8s80kPmNGxBVfXp0NawqKK3hgYmKGOMnqVUDNS0hDqWrdtpd3cgMse1T/E/FaEfh5sfvLgD/dWlcDGFLW7/AMI/Fj/j4k/IUxvD5/gufzT/AOvRcLmNThWk2hXA+7JEfzFRnR7xeiI30agCmKUVYOnXi9YG/Ag0w2twv3oJB/wE0AR0opTG69UYfVTSUgFp6sy/dYj6HFMBHrThQBYW8uV6TP8Aic1MupXQ6srfVapU4UAaK6tL/FGh+mRUq6sP4oT+DVlUopAbC6nAequPwqRb+3P8ePqDWLVDUPMW7010llUNchGRWwrAqx5HfpQB1guoG6Sr+dSCSM9HU/Q1yJ8xfEUKiWUxyWzsYy3yghlGQPxqlp08iyWFxJPI32qKZ51Zsqu05BA7Y6cU7BY73OaK4SdHGlRSCa5W+uMtBHFIVzI53AkDrgYzngAVbu45G1KziW6ukmlPmSlJ3VdqAZwucckgfnSCx2FFcnDJONdxb3dy6orG7LyFkBP3FA6Ajrx0HXrVe5lkfSJL4zXCzTylohHMyAl2CJnB5GAp/OgR2lFcTqb6jp8UkqzXcq28EYt5RNxvB+bzAT8xbjsfQYrqBeyd1WgC9RVMXrf3F/Oni6Y/8sifpRcCzTTIinDOoPuaz7y4uJmjs7cNFJLktJ3RB1I9+QB9fauS8WWsFlcWsEMATKF3cnLOc45Y8np+tXCPM7ESlyq52zahZIcPeW6n0MoH9ajk1fTYkLvfW+B6SAn8hXleB6ClxWvsF3MvbPsdXc+NrgXTfZbeI24OF8zO5h6+1dPpOorqunJdKnlliQVznBBry2vSvDVuLfQLUDq6+YfqeaVWEYrQdOUpPU1qKKKwNwooooAKKKKACiis2WWW8GIyUhz1BwW/H0pN2GlclutWtLSXyXdnmxny40LN+nT8aYdUJQMtrNz/AHsD+tUHJt2EcTbQrZkYHhR6fU00STtdBUceXsypxnnPP9KjmZqoKxfOqSKCXtCvpmQc/hVi3v4rhxH9yQjIUnr9DWIdQmY7be3UndtaRuA3rj1+vSmy2/nyO7qqk4PHGOO1LnY/ZrqdPRWPp91cQ3CwXEhljk4Rj1B64+lZ+uXt1b67IkNxIiLpM8oUNxvBGGx6iqc1a5CptysdRRXnLauFsrCW28TXc97JJCJLdiuPmI3D7vbnvWhr2pavHrl3DHauIhp021VuQAVz/rcdiPTrU+1Vrmn1eV7XO2oriNC1DVpNes45LRzG2mxbg1zkbM/63Hcn061k61fajFq+oQrdXqy/acwxrJMCYuMlQo27evPWh1Ulew1hm5ctz02iuI8PT319Y60YJbi5RkRbVjPIASQQdruMjmsdNdvfIjNzNcSC2glZpBcGP7RIZAhKMB0APAx1o9qkrgsM22r7Hp9Fc14Pup7i3vFlu0ukWXcji4aUqCPuklR0x+prpa0i+ZXMJx5JcrCiiimSFFFFABRRRQAUUUUAFFFFABXBeND/AKXOgVmZ41ChVJ5rva43xF/yGX/3Fqo7jRzl9J51sUjE2XXIURHEn+yT2/SkAuIryTbv3STKwUJlSmADlvbmtAUtWMqJIFgebMi+dISHRNxUdAcfQfrVVY2jtIyFlSRo3jCiLdvBOef7pPXmtZVCKFUAADAA7U4UgMloJY45LYo7SSiEIwGR8uM89sYJq5vUxXc7AsHYooVS2QBgcD3zVwUIqooVQFA6AUAZouWi0q3jSKXzWjERJiY7OMEkY/8A10y4gAgMVqZszQLGFMJ5A4BJP3ffNa4paAFHGOc+9XdLaBNQjNxjZ2z0B7ZqlS0hHd0VydnqtzaAKG8yMfwP2+hrZg1y1lwJN0Tf7QyPzqbCNOimRzRzLmORXH+yc0+kAUUUUAFFFFABSFVPUA/hS0UAMMMR6xIf+Aimm1tz1hj/AO+RUtFAEBsrY/8ALBPypPsNr/zxWrFFAFf7Ba/88R+ZpPsFr/zyH5mrNFAFb7Bbf88v1NVrnQNLvJFe4tFkZRhSWPH61pUUAZp0DS2uxdG0Uzg5Em45H60yXw7p7R3AhhEMlwpV5E64PX861aKAM250DS7x1e4tEkZF2qSTwPTrUy6XZJJHIsCh408tGycqvHH6CrlFAGS3hvSx5rwWywzuGxKucqWBBbr15q3/AGZZmCKFoFZItpQHsV6H8Kt0UAUpdJ0+a5S5ltInmTG1mGcY6flVoRRj+Bfyp9FACBVHQAfhS0UUAN8tPMMm0byNu7vj0rjfG8e68sSOWZWUD8R/jXaVympR/wBpeNrS3GClsgd/wOf/AImtKbtK5nU1jY55NEkOvHSpJlR8kCTbkHjI49xUus+HZ9Ht452mWVGbadqkYNbetwi28XaXeZ2rKwVifUHH8mFbutWf2/R7mADLFNyf7w5FaOo7pmapqzPOJ7F4YLOQsD9qUsoA6c4xXqcMSwQRxKMKihR9AK4XyhPoWgzf3Lnyj+LZ/pXe1NV3sVSVrhRRRWJsFFFFABRRRQAyVxHC7sCQqkkDvWJAxUiaPe+0Y+UFl/lit6kVQoAUAAdAKTVyoysYX2qyijEEYaSR8sYwMtz1J/8Ar0wiWRcyEW8KjGxTk49z2/CrmoALfCQkKBGOce5/+tUBkUuHuW285RG6k+prJo1T6jY4gxVuEwuETH3R/jVqPaY1jmUBiMZ7N/8AX9qwtZ1mWwtfMsrRrqdm2ghThSe5702ytL6WRxq2ssQwDIlsAiAehyM5z71PPrypF8j5eZs2biJo9gHzMGBjPcHPGaqa3p13c61LNDAzxnSp4AwI++x4X8a0dNs1jKssk0sUYIR5m3Mx9c/561Fr+sS6Stt5awKJmYGa4YrGmFzgkdzjAq2ly3ZEW+a0TCubDxFc6Np9nJp1oI4ZICTHMTIApHUEAduea0ta0/UZdbS7tLOG6gaze2kSSfy+GbJ5APaob3xZNbKsgtYY1S0jupo55drsGz8qcckYP6CugurmVNNe5tYlmcJvRHfYCOvXB7Ukou+pUpTTTaXU5/Q9LvNO1FZF0WG3R08uSX+0HlKoOQAGHrin6Vok9t4muL0RSQ26RtGHlnMj3LEg7j6KBwBWrZasJvDkWrXCBFNv57qvOBjJxVK31bUk06TVtRt7WKx+zmcJG7GVRjIB7EkfTFO0Vb7xOU3f7ino3h37NoMslzBc/bZ4pFngS4KiQliQeuAxGBmsweHtRhjgKWMiOsErIkEyp5UjTBkXd6AdceldVpNxq9yFnvobSKCWMOixOxdCegbIweO4rUoVOLQOtOMnc5/wtpV7o8E9peO8gQjy5PNzGw5Pyr1XBOD610FFFaRXKrIxnJzlzMKKKKZIUUUUAFFFFABRRRQAUUUUAFcb4j/5DL/7i12Vcb4i/wCQy/8AuLVR3GjLFKKSlFUMcKWkpaAFFOFNpwoAUUtIKWkAtKKSlFAh1LSUtADlJU5UkH1BxVuLUryL7s7Eejc1UFLSA1o9dnGPMiRvpkVaj12BvvxSL9MGsCnClYLHTJqlm/8Ay2C/7wIqwlxDJ9yVG+jCuTFGKLBY7CiuTSR0+67L9GIqdb66XpO/4nNFhHS0VgLqt2OrK31Wpl1ib+KJD9CRSA2aKzF1hf4oT+DVIurQHqrj8KAL9FVV1G1b/lpj6g1It3bt0mT86AJqKaJEb7rqfoadQAUUUUAFFFFABRRRQAUUUUAFFFFABVK50mwu5fOntkaXpvGVb8xzV2ihO2wNXKU2k2NzBHDPbiWOPOwOSxH4k5qW1sraxQpbRLGp6gd6sUU7sVkZ0eh6dHHJGLfdE7+YY3Ysob1APTrV2GGO3hWKJQsa9FHapKKG29wSS2CiiikMKKKKACiiigAooooAimt45wN45XoQcEVW/si0JYlZCzdWMjZ/nV6ilZDUmtjP/sa1RT5AaNj33lgfqCef51BJaKoMFxHEUkBGUHX61r1RuY5XuW2xOwCgA5AHv/T8qTiuhSk3uyzbSGSBS2Nw+VseoqhqukvqE9vPFcJHJCrptliEqMGxnKkjnjr9fWrFrDMtxJI2UiZQPLOD8397244/CrlFrrUV+V3Rzs3hdpLC108X3+iRQiF90CtIw77X/hyOPpWhPp968d3HDqAjSUKsKmAMIVAww6jOffpWlRRyIbqSe5l6bpBs9DGl3U4uohGYgfL2fJjGDyffmq9roNzHatYXeptdaf5JgWEwqrbSMDc3cgfStyijlQe0lqZel6df2BVJ9Ua5t44/LjjMKqccYLN3IAx2rUooppWJlJyd2FFFFMQUUUUAFFFFABRRRQAUUUUAFFFFABXn/jaZ4tQcJIkZdFAYsQ2f9nA5NegVwPjJJX1ceUkzMFGPKkCY47k1Udxo5X7Xf75TIjRrvVnYlsLgdOOgPU10EcmbcSuU+5uJU5Xpnj2rGXT76D96ZZZS/MiRy7Wz9T14q5NDc3EMVoqtHCyDzZHYFsf3frVjF0Scz6cCzFmV2BycnrkfoarXU1zBqE37x0j8tpEUyDtgFuh49BVp7aa1uRPZoGRgFlhzjOOAwPrUFxYyS300kUTp+7bdI+H8wkDCqD2oAi0+e7F+iySyFZmJw5IBGPdf5Yqe/F5Y26zf2jKwMiqR5a8A96isNOuLe5t5TAVX+MblLBsdc/3T6CtHUopJoIREhYrOjEDsAeTSALANIPPXUmuoipGCoGD+HOazbSS8nt45Gk1Ri3eJVKnntmttLaGKWWWKJVeT7xUYzWHa6XcrboHsIy3ctcsp6+g4FAFu2nuZdCkkacBw7q0kxIKqDjt3qql3eTC33SXPNsXxa4JODgM2f1qzBpzNoUkE9ufNVpHRM555x9ar/wBnTLIm3T5dggCHy5whLnknr+lAE8l5K2h2QN0sU9xjdM74wAeT79hx61Fa38wnuidVslHm9XUkNwOV54FWEgvBo0FmLNfO2mIu7KRGP71Oms5LO5t3trL7QkdsYsDb97jBOaANlHWRA6MGVhkEdCKfUUG8QR+aFWTaNwXoD3xUo56DP0qRC04Uqwyt92KQ/RTUq2dyelvL/wB8mgCMUoqcWF2f+XeT8qcNOvD/AMsG/MUAV6UVaGmXn/PH/wAeFOGl3n/PMf8AfQpAVRUV1M9vaSzRx+YyKW27tuce9aI0u7/uL/30Khu9Gv5rSSKHyVZ1KkucgAjB6d6AMufUmigtXWOPM6F8yybVGFzjOOp7fSkOqO13FAkUKF4kkInl2N82eAMckYqy3hnUXt7dHNpI0URiKSKShBAAbGfvDFOm8M6jLapZmaBoNiKzuuZflx0Oe+Pwp6AJLeLDPPvIEEEQd2xzkk4H5D9RVY6tKNHkvjZ4aN2V4jJjaAcdcfpV9NBnu4pmuoipkuDIAJNpG3heR7AH8agbwtfrpdxZQzR/v5HZnlZmwpORjnr6+tGgCalqK6fEhWLzZGOdgOMLkAsT6cj8TVmS8MF4YzJsijhaWVyT8ozgfyb8qjvPC9xfQM0rBLp0VGeORgmAc/dz/k1KuhTXQvFuYW8uSRUUGTBKJjBz15OTS0AhttfmexnuXWWMxy+UkRbLOTjaPqcjjtV7TtXubuwguWwhkXJTrjnHWqkPhUo0plaV8zmZCLhgV4x1z1681a03RLjT9Pits7ymcsW689s9KNALy6jKOqof0qVdRH8UZ/A1X+xXH9wf99Cl+xT/ANwfmKQFxb6E9dw+oqVbiJuki/nWf9jn/uD8xS/ZJ/7n6ikI0wQelFZy29wnIUj6Gpke6T7yFh70wLdFNRiy5KlT6GnUAZ2q61a6Qq+fvLuCURV+9j36CsS38bRSXmJ7cw223qPmbd/hWn4j0dtWsQIiBPEd0eejeorzuaGW3maKaNo5FOGVhgit6cIyXmYVJSizvU8ZaU77W89Bn7zR8foa3YZo54UlidXjcZVlOQRXkVdb4JvX824sWYlNvmID2OcHH5iidJJXQQqtuzOzooorA3CiiigAqOaaK3iMk0iog6sxwKc7rGjO7BVUZJPYVy8txHq19vaQ7QSsMbcYx3x6nr9KmUrFxjzGjN4igQgQ288wPdQBn8+ajTxNCX2vazKR1AKsR+tUPKheKSQSGOCLJeZTgPjqAfQeo60lrDG8MTwxhEcZHGCM1nzts15I22N+01azvHCRy7ZD/A42k/T1/Cr1c3NZQshJJUAZ3Z6H1z2rdsnlksoXnXbKUG4e9aRlfcylFLVEvmx+aIt6+YV3bM849celBkQSCMuu8jIXPJH0rzTUJIz4sf5oN5udwb7ZINqqcNH043HBx0GCKv8AheZlvIIk0iA3U6Sy/b3lBfYHK5wRnrgYz0rNVbuxs8PaPNf+vvO6a4hT700a/ME5YD5j0H1pyyRvu2OrbTtbBzg+hrzK6TUopr55ryzXZq0HmuYiF8zC4brwo4yPbrW74XN08OtyyXdpJbNczBmjXAaQhfmDZxtI7frTVW7tYJYdRjzXOs+1W/8Az8Rf99iniWMqGEilTwCD1ryK0snNpHdpZedb6erJcyRxwOCcD7uR84Hqc4rZlhjHw2iV7u2jWOV5PkIdmJLFVUqeCcjPtmpVZvoVLDJW97rY9DNxCHKGaPcACRuGQD0p4IYAggg9CK8ruJ5W+1vdW0PzSjzglsJlhhWJdm3JGMb8Y9ya9B8OwyW+g2kEhfMabAJIwjBRwAQCRnHvVwqcztYzq0eSN7mpRRRWhgFFFFABRRRQAUUUUAFFFFABRRRQAUUUUAFFFFABXD+LJ/s2pSSmNnCouQuOPeu4rhfF8Us9/LFEEy8agliRiqjuNGVNd+S7qImcRqHkII+Vf69DT3u0S6igALNJ3HReCRn64NQXNrJdKA0cIZk2s+45X6ev405rAefHJHLIAJN7gt7Y44/CrGTtcqnnsw+SLAyOrMew/MfnUb6ikdgl00bfOMiMHn3/ACxSR23nwRvI0kb7zL8pwQT0/IVD/ZTGxEZnfzhEYx83y89unSkBcN032ryEhLkBSzbwMZ9j16U97go8wWMuIkDEKeSTnjn2GarTWcsxVMQ4BT9+f9YMfh/nNSosrW87oi+ZM7HDkjA6D9BQA43o8m3dIizzruVNwGBjJJJ6UtxfLbJEZI23yEDYCMryASfYZFVxYymC13xwSPbqU2MSVYYAz068elIdILW6J9pkEmERmz8uA2eOM8UAbEMEs8myKNnb0UVqQeH7l8GWRIx6feNb1rBDb26JABsx1/ve5Pepqi4rmRH4ftl/1kkjn64FWk0mxTpbqf8AeJNXaKVxEK2tun3YIx9FFShQvQAfSlooAKKKKACiiigAooooAKKKKACiiigAooooAKKKKACiiigAooooAKKKKACiiigAooooAZNDHPEY5o1dD1VhkVy8/hf7ZqbIYI7WzQ53oxaSX6k9K6uiqjJx2JlFPc4fUNAe4vGtdO0toViA/wBIklOH/n/jVTRvM0bxTHb3AAbd5LYPHzdD/KvQ64vxraGK5tr+Pgt8jEf3hyp/n+Vawnze6zOcOX3kdpRVbTrtb/ToLpf+WiAkeh7j86s1g9DZahRRRQAjKrqVYAqRggjg1EbW3MHkeTH5WMbNoxU1FAXObNtDLZJa3ARUjARo2OBx0yPTiqd/czgeTpzxJICAZpVJVR7Adf5V1zRo5yyKx9xmorizhulAkTkfdYcFfoazdPTQ2VXXU5fT7e6unjjkvLiZ8HzFcKI8+uAM/QV1qII41QEkKAMk81UgsWhuFkMpYKpA4wW+tXacI8qJqS5mc3P4Ykn1aW6+2MEKOUbJ8xZCykHPTaNoAH1zUul+H5NNvrGUTI8dvYm3bggs5YMW+nWm+Ir+/wBNlgmt7pVR3RFha3yhO4Bi8mflGDx0/GoLvxHIfEtraW08C2a3H2efcRud9pOB6AYAz3Jx2qXyJmq9pKO+g+fw5fm8vpbfULZYLuYTNFNZiXBAA7n2q1Y6NdQ29zbXk1lcW0qYEKWYjXd6kA89qf4mvL3T9Gku7KWONoipbem7IJAwOeOvvUniDUZtM0lprdVM7yJDGX+6rOwUE+wzmnaKbJ5pySXcy/8AhF7g+H9TtWng+3X5BZkQpEmMBVUdcACr2paGJ9KktbCGyglmJ8yRoumVKswx/Fg9ar382q6Pp6q2oJd3F1cR28MkkAQRFjgkgdR6CtbT7e8to3W7vjdknKsYghA9OODQorawSnJe9c5y68GG9nnSV4Ft5Zw/mBSZVQIqhVJ4BJXk+ldBo1g2maXFaMINyZyYU2K3PXHqep96v0VSgk7oiVWUlyvYKKKKozCiiigAooooAKKKKACiiigAooooAKKKKACiiigArjfEf/IZf/cWuyrjfEf/ACGX/wBxaqO40ZYpRSClFUMcKWkFLQAop1NFOFACilpBS0gLtpqVzZ4WN8p/cbkf/WrZt9fgfAnjaM+o5Fc2KcKVhHaQ3MFwMxSo/wBDUtcQODkcH1FXIdSvIcBZiw9H5pWCx1dFYkOvHpND+KH+hq7Hq9m/WQp/vKaVhF6iokuYJPuTI30YVLQAUUUUAFFFFABRRRQAUUUUAFFFFABRRRQAUUUUAFFFFABRRRQAUUUUAFFFFABRWXreryaPAswtTMjZXcHwFbtn2NYuneL7q7ultzp6ySOcKInx9c5q1CTV0S5pOzOurM1+z+3aLcxAZdV3p9Rz/wDW/Gr8VxHMzrGwYodpwe9SVKdncbV1Y5TwReeZaT2bNzG29B7Hr+v866uuH0pTpfjaW1xhJC6Af7JG5f5Cu4q6i96/cim/dsFFFFZmgUUUUAFFFFABRRRQBl6hoNvqUzNcXN35T7fMt1mIjfHTI/wxmn3Oh6fc3VvcvbRrLDL5oKoBuOCPm4565+taNFLlRXPLuY1z4ct7uwNlLeXxhMjSMPOyWyc4JI6A9BVyXS4LnSjp100lxEy7WaVsue4OR396u0UcqDnl3MgeHbV7Ka1ubi8ull2ndPOWZCvKlTxgg9+tW9P08aekg+1XVwzkEvcS7zx6dhVyihRSBzk1ZsKKKKZIUUUUAFFFFABRRRQAUUUUAFFFFABRRRQAUUUUAFFFFABXG+I/+Qy/+4tdlXG+I/8AkMv/ALi1UdxoyxSikFKKoY4UtIKWgBRThTRThQAopaQUo60gHU4U2nCgQ4UopBSikA4UtIKWgY6pEkkT7sjr9GIqMUooEWkv7pek7/jzUy6tdjqyt9VqiKUUgNRdZl/iiQ/QkVMusofvQsPoc1jCnCgDdXVbZupdfqtSre2zdJl/HiufFKKAOlWRG+66n6GnVzQqRZHX7rsPoaQjoaK5q41kWTKJriTJUthVL4UdWOBwB61I+viGZIjKXdgG+SIvhT0JIHANAHQ0Vjrq8huWt9illQOxxwMkgD68GrA1Jv4o1+uaANCis221dLm3jmWFlWRdwBPOO1Ti/jPVGFAFuiqwvYj/AHh+FOF3Cf4j+VAE9FRfaYf7/wClL58R/jFAElFMEsZ6Ov504MD0INAC0UUUAedeJNZk1K+aFDi1hYhF/vEcFj/SqFjfSWTF7cH7SQVRsA7M4zgdyelWdY01rPWJ7dUdy7F4lUZyG6H8DkfhVWS4ZbiIwxBBGNsQAPJ6buepJ5rsSVrI423e7Oj8Fwzfbb2aRn+VRG2ectnJ/Ef1rsqztD07+zNKigb/AFp+aQ+rHr/hWjXNN3lc6oK0bHP3GlSzeMYL1FIhjiDO/bdyABXQUUVLdxpWCiiikMKKytR8Q6fpu4StLIysFKwxlyCe3FUo/GenlyJ7a+tUBwZJoMKPxBPHvUOpBOzZoqNRq6R0VFIjrIiujBlYZDA5BFc74m8QXGiyQrB9kG+GSTNwWG4rjCrjuc1UpKKuyYQc5cqOjori5/GkotNQnhjDrEqLAyQs6b9oL7mHAGTgdOlWb7xgLLU5ImWIWqW3nl3DK+7bkR4PBYkqfYGo9rE0+r1Ox1dFcfB4rvftlnDKtvIHKLc+TBNuiJXJ7YxnA69812FVGSlsROnKG4UUUVRAUUUUAFFFFABRRRQAUUUUAFFFFABRRRQAUUUUAFFFFABRRRQAUUUUAFcb4j/5DL/7i12Vcb4jONYc+ka1UdxoyxS+/asazMQYeaY/LeEksG6jd/H6Hn+dSwkLFdxJsDO6oBEcoNwxx74yTVjNVSCAQQQeQRTqy3WKHUBIPIlLSpGE/jTjHH06020ZEmt3yPOPmm455wPX8cYpAa4IOcEHBwfr6U4Vj3AgFlGswQ3M4JTe2Npbkt7Y9fai8aUzW5KSvFFJGI3XGJCep6/gPxoA2RThVjT7eG6uhFNN5SkcH1PpXQpoNio5V2+rn+lJsRy9OrrF0mwXpbKfqSalWxtF6W0X/fApXC5x+R604c9Oa7IW8K9IYx9FFPCqOigfQUrhc40RuRkI3/fJpdrDqp/KuyoouFzjqUV1+B6CjA9BRcLnJAH0NOCt/dP5V1mKKLhc5UI391vypwjf+43/AHya6iigRzIjk/55v/3yaXY46o35GulopAc1g+h/KlFdJSbR6CgDi9UhdnWSCK5aZomizCVAIPZs9BnnI96p/YL2zcpbmdpGjgWOSJwI1KAK28emPr19a9A2L/dH5Umxf7o/KncdzkrdZLhbq4gnETSzEI+wN8ifKOD7gn8adei4jtZx9p3+cBDGnlgbWYgZz36k11YjRRgIoA7AUFFOMqDg5HFIDnTbzg7Ybry4ggRE8kHbjvnv9KsRRyiNVdjI4HL7MZ/AdK3KKBGSIZT0jb8qkFtMf4D+JrSopWAoC0l77R+NPFm/dlq5RRYCsLT1f9KcLVB1JNT0U7ANVAnTP4mnUUjMqKWYgKBkk9hQBzPimYQXdkY3WOd1kjMndEIAJ/Cs7w9bHVtaN24P2WzwIlbt/dH5c/lVLWb9L64+1bC8k3ywqeixg4HHqTk/jXbaPp403TY4P+Wh+eQ+rHr/AIfhW792HmYL3p+RfooorA3CiiigApkwZoJFQ4cqQp9Din0UAclandI1tPaPHsQbXZCAx7jJ7561bmigihyyZHoo5rdnt4rlAsi5xyCOCPpWTd6LDCftcLNujX5xIxbcBzwc8H9PasHTaXc6FVTeug7w8DHHcQqpSFHBjXHAyMnH+FYvjSW4a+srWAXT7l37beMuQRIhDdMZADYzXT6aALZsdfMbP+fpimare3FjbCWC3ilAzvaWcRKg9yQfpVcvuWFGdqvNY4O9t4YNM1iRJja4nMQgcAGUvHGdpAON2Rnj3q94rQ3OrSLJcRzLBYzyC3C/6keV99vctjH0rr9PuYdQ0yC/Nv5ImUTFZFAKnHU/41U0fWY9bnvUFpsii2bHc585GBw2McA4/I1PItr7mntZXvbb/hjirbzoNfgkVo3iLIJpjPKIxI2NiuVwNwAwB05ANenVh2Wq3d/dMbLTojpqTGJpml2sxU4LBccgEY654p2naxfapMs9vYJ/ZrOyLO02HIBI3bcdMjHXNVC0fmTW5p7q1vM2qKKK1OYKKKKACiiigAooooAKKKKACiiigAooooAKKKKACiiigAooooAKKKKACuN8Rf8AIZf/AHFrsq43xH/yGX/3Fqo7jRkhEG7CKN3XA6/WjyY8phQoQ7lCjAzjH9acKUVQwCLv37V3dN2OfzoeFJEdSoHmDDEcEj604UtACGON/vRo2OmVBp4VcAbRgdBjpSCnCgBauW2pXdrgRzEr/dfkVTFLSA34PEY4E8B+sZ/oa0YdWsp8BZ1Uns/y/wA65ClpWEd0GDDKkEeopa4iOWSI5jkdD/snFXotZvYsAyCQejrSsFjqaKxIvEA6TQEe6H/GrsWr2Uv/AC12H0cYpWEXqKakiSDKOrD1BzTqACiiigAooooAKKKKACiiigAooooAKKKKACiiigAooooAKKKKACiiigArmfFOriFBp0fLSANOQfupnp+P8q6auW13w81xdB7KNjLdyDzpHbKxgd/5flV07c2pE720Kfh2zXU9bm1Ar/o9uwWIdsgYA/Ac12JnhWQxmWMSBdxUsMgeuPSq1jZ2+j6aIUYiOIFmdup7kmqNlZ2+o+ddtdw3bMGijuIUCsqkcqccEj6U5Pmd+gorlVuptAhlDKQQeQR3paxtCuJHmvLUQ+VaWjLBCDz90YPPfsfxrZqGrOxad1cKKKKQwooooAKQgMCCAQeCDS0UARW9vDawiGCNY4wSQq9OTk1T1ezu72BYrY2bIciSK7hMiN6dDxitGik1dWGpNO5hwaHcpp8GmT3vnWAtmhnBBEjsTwQ2eABkYp+k6AulaneXKXErxzIiIjyMxUKMc5PPt6DitmilyIp1JNNdzDstI1HTblobS9gGnNO0xjkiJkXccsgOcYznnHFGm6TqWlyJawXsB0xJGdUaImUKSTsznGMnrjNblFHIhupJ7hRRRVGYUUUUAFFFFABRRRQAUUUUAFFFFABRRRQAUUUUAFFFFABRRRQAUUUUAFcb4j/5DL/7i12Vcb4j/wCQy/8AuLVR3GjLFKKQUoqhjhS0gpaAFFOFNFOFACilpBS0gFpRSUooEOpaSloAcKWkFLSAcrFDlSVPqDircWpXkXSYsPR+ap04UAa8WuOP9bCD7qcVdi1e0k6syH/aFc6KUUrAdZHNHKMxyK30OafXIjjkcH2qzHe3MX3Zmx6E5/nRYR0tFYkesTr99Ef9KtR6xC330df1pAaNFV0vbaT7sy59DxU4IYZBBHtQAtFFFABRRRQAUUUUAFFFFABRRRQAUUUUAFFFFACEAgggEH1rG028+zXM9jdy2/mp85EERRI14xknjJzW1VW+0631BFS4VmVWDbQxAbHY46immtmJp7otAAdKKwDc6hpD7rtvtMcju7so6Z4SOMdSePpW8jB1DDv29KGrAncWiiikMKKKKACiiigAooooAKKKKACivMzrmrNBCE1acXEqGX94YkjC+Yy4GVyTha1rDUNSvdK1N7S7vbi6hZI4w7Q4VuDuyABt9fbNZKqn0OiWGktW0dtRXnCeJrqaMTPdXixxW8SMyskReSRiS/zDGBjaOOmTXWeFru6u9JY3kqzSpKy+asySbhnI5TgEAgU41FJ2RM6EoK7NuiiitDEKKKKACiiigAooooAKKKKACiiigAooooAKKKKACiiigAooooAK43xH/wAhl/8AcWuyrifFUhi1GeRV3FIgQvrxVR3GjPFKKpwXE1xGxiMDEMAJMnYRjP146U6O6eW2gcAK8rhfUYycke2AaoZcFLTQR6j86ga5KPMcblTaiqByznt+ooAtCnKpY7VBY+gGTVKK7me1t5jHHl5VSQbjwC+3ivRre1gtU2Qxqg9hyfqaTdhHJxaVfS422zgerYX+dWk8P3rfeMS/Vif6V1FFTcLnOr4cm/iuIx9FJqQeHD3uvyT/AOvW9RRcRif8I6v/AD8t/wB8UjeHT/Dc/mn/ANetyii4HPHQLgfdmiP1yKjbRb1eio30auloouFzlm0y9XrbsfoQajNrcJ96CUf8BNdbRRcdzjyCvUEfUVS1R5Y7QSwzNGVlQHbj5gWAwfzrvSAeozVG/wBHsdTVFuoSyqcgK7Jz74Iz0ouFzjL9p4Ltp3a5WyRVyYXUAHcckg8kdOlWFaUa40RlZomt94jOMKd2OK6STw5pUro72xYqFGDI2Gx03DOCfc0yXw3p7XD3UayJckHa/muQPwzjHtTuFzmHYNa3F3JdTQxmRivlHlgPlUD6kHgdc0sj3kcOltLKyStKiTooGGJBzn8u1dC/hSwltreGRpj5AG0hyvOMZ4pk3hO0lSJWlmIi+5mRuPfOevPWi6AxrjzU1O3WG5ld3fc8PGxYgOSRjjnGD602U3kpnks3mB+0LH+6kCnYo+bBPHJJrYPhWMXTXKufNJBJ8xxnHTIzjHtTR4ck+xxQSYkMfzb0kKHcc5OR9TRcDLl1K5bSFmh1C+SRC0ccZKl3mzgKePm57dMV0UOqTiNBPGjPtG7bxz3rLk8NRkQg2rgQgiPy5SMZ69D1PrVpbOaJFQQybVGBnJ/WkwNNNUiP3ldf1qdLu3fpKv48ViFGHVWH1FFIDoQQwyCCPalrn1JXlSR9DU6XU6dJW/HmgRs0VmLqEo+8qt+lTLqKn70ZH0NAF2iqwvoT13D8KeLuE/x/mKAJqKYJom6SL+dOBB6EGgBaKKq6kLo2Eps5BHOo3KSuQcc4/GhAy1UF3eW1jD5tzMkSerHr9PWvOl8SauJGkF6+W6gqMD6DHFUbq7uL2YzXMzSv6sen09K3VF9WYusuh28vizSbiKWHzLhAVIDhSufoRyKueHJI5NMPkGPyRIQgQPx3OS3JOSea82r0rw0CPDtnn+6fyyaKkFGOgqc3KWprUUUVgbhRRRQAUjMEUsxAUDJJ7UtQXkBubOaFThnUgE+vagaM2bUrm4OLRREh6SOuSffGeKi/0nCudRmO7oRjn6ACsh9J16K7llLI1mYzvWSXJAHJ249elXpdStrS3N1PIERVAHHQe2Oua51Nu7lodHIlpHU0odQlg2i6KuhOPN4BXJxyOn41o3DSLbSvCnmSBCUUHG444FcTDfXGo2xuplP2eU/6Mi/e4OPn9M12lpC1vaRRM25kQAmtKc+ZEVIchwE2i6pa6dFssrlLhLVIEktpDvaQtvYttOAgyw571trpL2dprFtLZ3UkErrIsltMWkuF4Gw7jnIAwfUGr2n6hqd3Nq9s62guLWRUixu2cqGG7uetS6Lf3d1Pf210YZTaSiMTwqVVyVBIwSeRnB5qVGJpKpO2vT/gHINoGorFHELScTrZQRx7EUqrkybgS2QAA3JHNdV4WtLuw0trW88wSQvs+YKFIAABQgAlSMdeetR6Vf6pqajU/NtotOZ3CwGMlyikjduz1yOmKfol3q2qJDqUktrHYz5ZbcRkuqc7Tvz19eKIRSaaCpKUotSt/wAHsbtFFFbHKFFFFABRRRQAUUUUAFFFFABRRRQAUUUUAFFFFABRRRQAUUUUAFcT4piE+pSxFiu6NeR2rtq43xH/AMhl/wDcWqjuNHPPZSPHKPtG1pmBcqmAQBjGM9+9TRwyCaPzGVljQgFV2jJ4xj2A/WpxSirGRi1txgeRHgHcPlHB9abHapJCouYwzFzIRnoSfb24qwKWkBSGntHaJbwz+WFfeW2ZJIbI78dK6uy8RSoipep5hAwZIxgn8KwhThSeoHbW2oWt1jyplLf3TwfyqzXAirlvqd5b4CTsVH8L/MP1pWFY7KisCDxGeBcQf8CjP9DWlBq1lPgCYKfR/lpWEXaKQEMMggj1FLSAKKKKACiiigAooooAKKKKACiiigAooooAKKKKACkKKeqg/UUtFAEZt4T1iT/vmmGztz/yyH4VPRQBWNjAf4SPoTSfYIfVx+NWqKAKn9nx/wB9qPsCf32q3RQBWFjH3ZqcLSIdifxqeigBqxqn3RinUUUAcj4v0y1it4Z7e3VLiSYISgxuyD1HrmqVpog07xVZ2k5S4jdDINy8dD1HsRXUz6S11exT3F5LJHDJ5scO1QoI6dsmov7HuWvReyX++5RGSI+SAqZ9s8/nWynZWuZOF3exzWoaX9s8X3NmpCmWPehI4U7Rj8MjFa/h29uLST+xtRj8qWMfuCejr6A960rfSWj1MahPdNPOIvKH7tVGM5zxTk0lDqEd7cTy3EsYIjEm3ame4AApOaaswUGndGjRRRWRqFFFFABRRRQAEZGDUC2NoiFFtoQpGCNg5FT0UBcz59NjWFvsqeWx5KKcBvw6A+hq5B5v2dBNjzMfNipKKVhtt7mHb+Hp7Z76RdYuzJeLh32oCGwAGGF4IAxVjRdHOjQG3W8lnhA+RHVRt6knIAJJzyTmtSikopFOpJqzMe10AWV1uttQuo7TzDL9kBXZuPUZxnbk5xmiw0H+zrhfs+oXYs0ZmS0yuxc54zjOOeBmtiijlQOpJhRRRVEBRRRQAUUUUAFFFFABRRRQAUUUUAFFFFABRRRQAUUUUAFFFFABXG+I/wDkMv8A7i12Vcb4j/5DL/7i1UdxoyxSikFLVDHClq5Z6ReXiB44wsZ6O5wD9KtHw5fDoYT/AMCP+FK6AyhThV9tD1BP+WIb/dcVA9heRD57WUD125/lRcCAUtIQVOGBB9DxSigBaWkpRQIlimlhOYpXT/dOK0IdbvI8Bykg/wBoYP6VmUtIDoItfibiWF091ORV6LUbSb7k6Z9G4P61yYpe1FgsdqCCMg5FFcdHNLCcxyOn+6cVdi1e7Tgurj/aH+FKwWOkorHj10f8tYCPdTVuPVbST/lpsP8AtDFIRdopiSxyDKOrfQ5p9ABRRRQAUUUUAFFFFABRRRQAUUUUAFFFFABRRRQAUUUUAFFFFABRRRQAUUUUAFFFFABRRRQAUUUUAFFFFABRRRQAUUUUAFFFFABRRRQAUUUUAFFFFABRRRQAUUUUAFFFFABRRRQAUUUUAFFFFABRRRQAVxviP/kMv/uLXZVxviP/AJDL/wC4tVHcaMsVraHpovrkySjMEXUf3j2FVNO06bUZtkY2xj78hHC//Xrp9QhtdO8P3AMTmGGMuVSQozEc/eHOSabYGoAAAAMAUVyDxpBrVxa/adaEKQxMogkkl2MxbOTzjgD9as6tqF7HLc2NveRwIkUcQlaF5JS7huRt74XPSpsI6aiudsdauGZIp3tvIMMrfaELhkMZUHcrgd2/SqN94lvbWKFUutOdvLTdIJCBKWcfMvB4Cgk+mfaiwHXPGkgw6Kw9xmqkmk2Muc2yA+q/L/Ks658QPFa2UsVuJTcTiNjbt5ygZ5AIx82PamweIbmTWTphsoWlWTDeXcZKp13kbcY5xjOc8UWYFiTw7bN/q5ZE+uCKqSeHrhcmOWNx75BqxdeJIrLVHsp7SdQqBxJlfmySOBnpx/8AWqS28RW1xpjX/kXKxiQRhTESXJfaNvrk+lGozJfSb6PrAW/3SDVd4ZYzh4nX6qRXQf8ACQWS7vNju4ioy2+1k4HqcCr63UDwwzCVfLnx5ZJxvyMjH4UXA44EU6ur3WFwIjm3kE2fLPB345OPWoxp2nzoHSJGVhkMjcH6YouFzmacK6BtDtD90yL9GqFtBX+C4YfVc0XC5jilFaTaHMPuzRn6giozpF2vRUb6NQBSHHI4PtViO8uY/uzPj0Jz/OlbT7tesDH6YNMNvOn3oZB/wE0AXI9XuF+8Ef8ADFWU1lD9+Fh/unNY+COoI+opQR60Ab6anav1cr/vCp0uIZPuyofoa5qloA6iiubV3Q/K7D6GplvLhekzfjzSEb1FY66jcDqVP1WpBqcneND9CRQBqUVnjVB3iP4NTxqUR6o4/KgC7RVUX8B7sPwp4vID/wAtPzBoAnoqIXMJ/wCWi04TRHpIv50APopodD0Zfzp2Qe9ABRRSEZBGSPpQBS1LV7PSlU3MhDN91FGWPvim6NqB1OwE7GMtvZSEz2PGQehxiue8UaHIPN1NJ3lAxvR+qjtj2Fc1b3dzaMWtp5IieuxsZ+vrQB6tRWD4b1xtUiaC4x9pjGSQMb19frW9QAUVTv8AUobAwrIGaSdwkaL1JJ/kKuUAFFFFABQSACScAdTRUc8KXELxPnawwcHFAFR9Uj3FYVEhBxksFB+nrTRd3f3mihC+m45/OoZ9DEyH/SpN46Hao+meM1QEGsPbyxJbBSPl3SOBn1I9f0oA3bS9ivFJQOpHOHGDj1+lWaxNOjls7tTcIyb08tV4wvTGMGtojIIyRn0oA4VdXvoE1BUuQk32wgGBA4LngA7uikjgjuD7VbN5fTX2pS+dBlLB13Qsy7SrMB16NkHP4VPD4YkeGSzdvJtPtLyFg2ZHG0bDn/eyfrUr6TdG41V47VU8618lGMgzM/PznHTORQBhyT3hSWBWmSJ4kifLMwjO8AkLuYk9uPWun0LULi9e5SeWKVYxGY3jjKZDAnkE5rJs/Dt5FO4ki2xSk7mjmAZdrB1IIUdSMe3XitbQbCaz+0vLAYFkKCOJpA7BVXHJHqc0AbNFFFABRRRQAUUUUAFFFFABRRRQAUUUUAFFFFABRRRQAUUUUAFFFFABWJe6G1/qzTyvsg2qML95v8K26KLgRwQRW0KxQoERegFVdW046rZNa/apIEf75jCncPTkGr1FAGHFo2p291PcxawrSz7d5ltQQdowOhFPk0L7Tezz3E7rvljlQwMUYFYyvX6knitmincDn7fTb2yvZZoLdHSGGRIBJcFmld3DFmO3jp71mNo+oQ2T2lzbzXBW2NvBJbFCiBsbjtYg5OOfbpXZ0UXA5WWyutQk0sXcVy0gkklkQAxRKAG2g7ScHJUDknGfeqthpV6NaaOaz3W0DRsFDJtQnJyp2Ke4zjB4wc12lFFwPOb+aZdVea5uNzyOsAUyJujUFvvfdGc/hz1q9ZySW+gWsF1NH5Ed7GqyIV243FzhgxyePbB9etdxjPWontoJFCvDGyg7gGUEA+v1p3Hc4geZEt7fma7EFxC/lA3HmMoRCVEo54b5iOeOh61v28LXFza2sb7FsLRfmxnbKy7VOO+FBP8AwIVfm0XS50ZZdPtWDDB/dAH86mt7OO38/BZjPIZHLHnkAY+gAA/ClcR57c/6ULZiLZpTE7fICnJLjd8vQ5bJA9K12Aj8FRbIixd90GxJJQB2wBgjjgZ4rdHhvTVYGKJ4QIxGFicqMAk9B1OSeTTzodsLK1tg8m21XEO5sgN2Zl6MR1GadxnNeHmtY7y0a5h2uSY0bbK+2UcfPI+BuPIwBjOR6VJJq19b3erTzXMFmp+VFmUsQVXIAGepVgc+tb9toiW4tn+0ym4hd3aUYHm72LMrDpjJz7Y4qGXRbiea5jkuUFndT+bOiqd7qFVQmc8A7Tn24ouBl6br0r6JdJLfw+ZawxbbmJGlIJXJLjknB4J+vSorzxNqEWoKkUsBijZ/MHljkKmT/HnHPoPx6Vq/2PfR6Xc6ZDJbCCTMUUzKd6QkHIIHUjOBz06++XdeH72e7W4ubI3E6KyrLFOmB027VYAADB4Oc55Jo0A1ZtZukijkg+zTOsKSTwEMjAMRh1POR14wTTdJ1+4vroQyW0boWfM0JfbGBnAbco54xx37VFrNrql7C0KwMYQsSxxLtw7gh2LHI2gbQoxnvweKr6JoU9hq8sV3ErQm3kAdV+STewJB44x0wevajSwGlH4gjnbfDAJbZ7xbSKUP984O5gMdBjHvg1LcaxpyxxvHGbvzJWiAgQN8ygluvpg1zL2u2y08XUn2bSWvpmZI0ZCvMmMsOg6AAAdetXLnUrHOnPHbRrZRi5SGJmVEmUAIMbsDB3Hr2zRYDWGpaczqsun3cTMcDfZuOfqBVpY9OknmhCqHiYK4JI5IyPrwaw9CjaDVIzcTQ3SGIrbNFOJFtBnmPnk5GMN14xWVetbGe9eNCFlumZDcYKuAgAKiXOQHznaM4wBRYDrYI9Mu3dIJNzJncAxyMEjv7gj8Kf8AYbMsqib5nJCjeOcdcfSue0JkstL1C/t7aBQHeG2ZBzM3mMAc/wB0kqB9DTNTjbTb+0jha9BsrGaRnUAR5CjLc9cknOOckUrAdL/ZkRJAlbI69KP7LX/nqfyqppujfY9l69/etM6K06u4YOQvfjP5VzMOoyW0Ud3EHZZbhZDDA8jLFtjdij55BOQSAMYFFgOx/sv/AKbf+O0f2Yf+ev8A47WFcapdLpNun2/yJryVg9zcxNEsY27vkB7dADzRBr+pyRNqJgg8hYYgbZpSrEsf9YvB4OcDOPumiwG9/Zp/56/+O0o07/pr/wCO1kaxrOoabrUcCG3aB4WcKykHqByc/XpRZ69qEui3eoS29uQkpjhCuRk7wuDx0z3/AEosBsDTx/z0P5U4WCd3Y1lx67dvdG2SHT55Agf91e8YJI7r146VInia3MVqzW1xvngWfaihtoOQATkc8GlYRpiyhHZj+NSLbxL0QVm2niC1uDCk0VxazS5ASaJgMgEkbsbegJ69qeviDTGhkl+1RhI5hCTuH3iQBj2Oc5osBp0VHFPFOu6GVJF9UYEfpUlAEdxHHLbSxy/6t1KtzjgjmvN73SJrLT7e8bJSYsMEYK8/Ln6jmvSyAQQQCD2NRzQJOAsg3JzlD91vqO9AHnOl3FxpOox3TWszBQVKbSMgj6V0Z8S6jdLtsdHm3n+J8kD9B/OunAAAA6CloA5vSdEvW1Aalq0u+ZfuR5ztP8h9BXSUUUAFFFFABRRRQAUUUUAMkijlKl0DbTkZ7Gn0UUAYeo3N5aavabLmTyZpVUq8SiJVPUbuu4npUl/Lc3GswabDctbIYGneRAC7YIAUZBx6mrEmjWkt4LmTzmIcSeWZWKbx0bbnGakvtMttQMbSh1kjzskico6564IoAzpjezapDpS38kYjtvOknVFDyHdgDpgD14rahR44USSQyOoAZyACx9cCqMuh2UsUCYlRoAVjkSVg4B6jdnJz71dghS2gSGMEIg2rkknH1NAElFFFABRRRQAUUUUAFFFFABRRRQAUUUUAFFFFABRRRQAUUUUAFFFFABRRRQAUUUUAFFFFABRRRQAUUUUAFFFFABRRRQAUUUUAFFFFABRRRQAUUUUAFNeNJBh0Vh6MM06igCr/AGZp/mLJ9htt6ncreUuQfUHFS3FtDdQvFMgdHG1h0yPSpaKAMtdBs47tJoF8pRKJXjH3WIBC4HRQCc4HenXmiW9/dNPPLOcqqGMMNu0MGIxjoSoz9K0qKLgIwJUhTg44OM4rCOgXLzxzvqCmTz2mmIgGHygQKAScDaCO/Wt6igDB/sS+RbJIb+JRaCVEd4i52NgKCMjJAGM02bRpd2nW0UEbRwJEkl0ZMEojBtuzvkqPpk10FFO4HE6loN99vnuba0d3kkGXUIq7N2TgBwc4znPX2p8Om3Fnps/7i6dXuYm8ra24fvAzYXewx79eua7Oii4XOHZPJll1K4s2858+ZCbFtkagHaUbb94HknjOT0wKNSjaTSrGyk3+RHZxiQEEKCRjJYgKPqX/AAruKa6LIhR1DKeoYZBouO5x3hp4bfbLqCW8Be1EsGyFURkUEM2ccuBnPs3ArIlheLTJJfLVjEqSgpGiujyBnEfP3uSgxgnGQOtekPGkiFHRWQjBVhkEVXXTbJJlmW0gWRWZwwQAhj1P1PrTuFyp4eUf2UknllDKd+Ska78gYP7vjH61q1Db2sFpGY7eNY0LF9q9Mk5P61NUiCiiigAooooAKKKKACiiigAooooAKKKKACiiigAooooAKKKKACiiigAooooAKKKKACiiigAooooAKKKKACiiigAooooAKKKKACiiigAooooAKKKKACiiigAooooAKKKKACiiigAooooAKKKKACiiigAooooAKKKKACiiigAooooAKKKKACiiigAooooAKKKKACiiigAooooAKKKKACiiigAooooAKKKKACiiigAooooAKKKKACiiigAooooAKKKKACiiigAooooAKKKKACiiigAooooAKKKKACiiigAooooAKKKKACiiigAooooAKKKKACiiigAooooAKKKKACiiigAooooAKKKKACiiigAooooAKKKKACiiigAooooAKKKKACiiigAooooAKKKKACiiigAooooAKKKKACiiigAooooAKKKKACiiigAooooAKKKKACiiigAooooAKKKKACiiigAooooAKKKKACiiigAooooAKKKKACiiigAooooAKKKKACiiigAooooAKKKKACiiigAooooAKKKKACiiigAooooAKKKKACiiigAooooAKKKKACiiigAooooAKKKKACiiigAooooAKKKKACiiigAooooAKKKKACiiigAooooAKKKKACiiigAooooAKKKKACiiigAooooAKKKKACiiigAooooAKKKKACiiigAooooAKKKKACiiigAooooAKKKKACiiigAooooAKKKKACiiigAooooAKKKKACiiigAooooAKKKKACiiigAooooAKKKKACiiigAooooAKKKKACiiigAooooAKKKKACiiigAooooAKKKKACiiigAooooAKKKKACiiigAooooAKKKKACiiigAooooAKKKKACiiigAooooAKKKKACiiigAooooAKKKKACiiigAooooAKKKKACiiigAooooAKKKKACiiigAooooAKKKKACiiigAooooAKKKKACiiigAooooAKKKKACiiigAooooAKKKKACiiigAooooAKKKKACiiigAooooAKKKKACiiigAooooAKKKKACiiigAooooAKKKKACiiigAooooAKKKKACiiigAooooAKKKKACiiigAooooAKKKKACiiigD/2Q0KZW5kc3RyZWFtDWVuZG9iag0xODEgMCBvYmoNPDwvQml0c1BlckNvbXBvbmVudCA4IC9Db2xvclNwYWNlIC9EZXZpY2VSR0IgL0ZpbHRlciAvRENURGVjb2RlIC9IZWlnaHQgMjk4IC9MZW5ndGggMTY1NzkgL1N1YnR5cGUgL0ltYWdlIC9UeXBlIC9YT2JqZWN0IC9XaWR0aCAzNTA+Pg0Kc3RyZWFtDQr/2P/gABBKRklGAAEBAAABAAEAAP/bAEMACAYGBwYFCAcHBwkJCAoMFA0MCwsMGRITDxQdGh8eHRocHCAkLicgIiwjHBwoNyksMDE0NDQfJzk9ODI8LjM0Mv/bAEMBCQkJDAsMGA0NGDIhHCEyMjIyMjIyMjIyMjIyMjIyMjIyMjIyMjIyMjIyMjIyMjIyMjIyMjIyMjIyMjIyMjIyMv/AABEIASoBXgMBIgACEQEDEQH/xAAfAAABBQEBAQEBAQAAAAAAAAAAAQIDBAUGBwgJCgv/xAC1EAACAQMDAgQDBQUEBAAAAX0BAgMABBEFEiExQQYTUWEHInEUMoGRoQgjQrHBFVLR8CQzYnKCCQoWFxgZGiUmJygpKjQ1Njc4OTpDREVGR0hJSlNUVVZXWFlaY2RlZmdoaWpzdHV2d3h5eoOEhYaHiImKkpOUlZaXmJmaoqOkpaanqKmqsrO0tba3uLm6wsPExcbHyMnK0tPU1dbX2Nna4eLj5OXm5+jp6vHy8/T19vf4+fr/xAAfAQADAQEBAQEBAQEBAAAAAAAAAQIDBAUGBwgJCgv/xAC1EQACAQIEBAMEBwUEBAABAncAAQIDEQQFITEGEkFRB2FxEyIygQgUQpGhscEJIzNS8BVictEKFiQ04SXxFxgZGiYnKCkqNTY3ODk6Q0RFRkdISUpTVFVWV1hZWmNkZWZnaGlqc3R1dnd4eXqCg4SFhoeIiYqSk5SVlpeYmZqio6Slpqeoqaqys7S1tre4ubrCw8TFxsfIycrS09TV1tfY2dri4+Tl5ufo6ery8/T19vf4+fr/2gAMAwEAAhEDEQA/APfqK5lPHWhNcTwteojQsqkk8NnptPerUXizR7hj5V2CioXaTaQoAOOvSgDcorIm8R6dFY3V5HcJPHarul8khiO9aFrcrdW8c6AhJFDLkYODQBPRRRQAUUUUAFFFFABRSHgVh6z4u0bQkP228QSD/lmh3MfwoA3aY8qIpZmAA6kmvINX+MFzK7R6TZqidBJLyfyrnFi8Z+LpCwF5LGx9SiCgD2fUfGWgaZn7RqcAYfwqdx/SuVvvjDpEJItLW4nI7nCg1z2nfB/UZiG1G8igB6qnzmupsPhLoFuAbhp7hv8AabA/SgDlrz4yanKSLOwgiHYuxY1lSfELxjfHEUrLntDDXsFn4P0CxAEGl24x3Zdx/WtaOztoVxFBEg/2VAoA8Ca98eX5yG1Ns/3VIoXQvHV1yYNROf70mP619A7cCmmRAeXUfU0AeCL4K8aS9be4B/2pv/r0h8DeNEyRbz/hN/8AXr3vzos/6xP++hVa61rTbL/j5vreI+jSAUAeFHwz44tzkW9+Md1lz/Wk+0eONPHLamgH94E17lb69pN4+y31C2kb0WQZrRChhzgii4HgsHxH8WWBCzS7wO00Vb2n/GaZMLqGmh/9qJ8foa9Tn0uxuRtntIZAf7yA1z2o/Dnw1fhibEQuf4oTtoAj0v4meHNSwrXJtpD/AAzDH69K6q3vba7jElvPHKh7o2a8p1P4OEKzaZqBJ7JOv9RXJzaL4t8JSmREuYlX+OEllNAH0RkGlrxfRPi5e2pWLV7cToODInDD8O9em6L4q0nXoQ9ldIzd42OGH4UAbdFIDmloADXK+JzqcD2zWupyQR3NwkBRUU7Q2ckE966quU8WXTifTY/ssxhju0lecDKoFznNAHJTahqkE8kc93dy27BFVftO1seZsLZC+vatTUvEGr6fqUkUV0gtIbyCAq0W9yrLk81RutN1W5SfUba0aSxUoERgVlkQSeYWUfXsa3j4U/tDVjqr3c0SvcRXCwY4+VcYYetAFaw8RpH4l1l2S9mTdCqRrEx25HJx2ruY23AH1rnNHiceLNfdkYIzRbSRwfl7V0qrigB1FFFABRRRQAVkeIf+PKL/AK6f0Na9Y/iL/jyi/wCun9DUVPhZpS+NHhdo7RtLt8yW2k3tAY1K7WBAL8jgc4FdNZ700PWYzJI0C2J2oWLAYlYcD14rqo/Abwx26xalJ8kbxPvUMArNn5R2PFath4QsrC8L25YWzw+VNA3zLIc5DHPerMzjpLeS40TxPPZztbW5CgxmDbuwg9ea7vw7ZXdtbJLcahJcrJCm1GQAJx2xVnVNKS/0m6sUIjFwmwsBVy0i+z20UOc+WgXPrgYoAsUVynijx1Z+E761hv7a4NvMDuuEQlY/rW5pesWOsWy3NhdRXETDIaNs/nQBfoooJwM0AFY2v+JNN8PWvnX1wEJ+6g5ZvoK5vxl8RrTRFks7ArcX3Q91j+vvXnukeG9c8eX5vryZxBuw00n8lFAFzXPiXrGtzG10lHt4mOAEGXb8adonww1jWXW61WQ2sbHJ3nMjV6h4e8HaT4ehUW0CtL3mkGWP+FaeoanZaXCZry5jhjHd2xQBg6N4A0LR8MloJpR/y0m+b9K6hESJAEUKB2AxXAXnxUsmnMGj2Fzfy5wCqkCojrPjzWIylvplvYI//LSRuVH0pNpDsdlq/iPSdDQNqF5HET0Xqx+grnn+JuklsW1pf3A7FIDg0zRPBcFnMb3VZTqOoPy0kvIX2Arp0gijACRooHooFQ6hSgzmP+E9vrr5NP8ADV/I56GUBBTfM8cajkl7LTkPb77CusxS4qfaMpQOR/4RXWLrm/8AEt2+eqw/IKD8PtNf/XXmoS+u6c112Ky9c1200KyM1w26Q8RxLyzn0ApczK5UcH4t8M6PoemBraW8N9MwSCMTEksfb0rY0T4daZHp8Mmqxvc3jKDIXckA+lTaDod5qOp/8JBri/6Qf+Pe2PSFf8a7IdKfM7E8qOTuvh34fuEPlW7W0v8AC8TkEGsmPWdY8A30dtq0r3+kScRz4y6exr0Oobm0gu0CXEKSqDnDjIzUqTQOByA8ea3qLbtG8OTyQdpZjtBpf+E38QWGW1XwzOIh1eBt2BXZKiooVQFUdABRt7dqv2jF7MzdE8Y6PrwC21yEn7wyfK4/A1vMquu1gGB7GuP13wZpur5mjX7LejlJ4flIPvisbT/GOpeFpH03xLbzzLH/AKu7iQsGX3qlK5Li0b2ufDzQ9a3uLcW1wf8AlpFxz7ivLNb8Ca94Xn+12zPNAhyJoM5X6ivZtJ8WaNrKj7Hexs/9xjtb8jWuwDgggEHtVknjnhn4q3Vmy22tKZ4ugmUfMv19a9b07VbPVbVbmznSaJujKa47xX8NtP1kPcWIW0uyM/KPkY+4rzCG41/wHq2074SDyh5jkFAH0ZmmP5aoWfAUcknpXMeE/G1h4ltwqsIbwD54WP8AL1rC+JPiK6ka38J6MS2p6gdrsv8AyyjPUmgD0OCWG4hWWB0kiYZVlOQRUm0elZvh/SI9C0Gz02M7lt4ghPqe5rToATaB2paKKACiiigAooooAKx/EX/HlF/10/oa2Kx/EX/HlF/10/oaip8LNKPxo1topQMUtFWZhijAoooArXlnbX8D293BHNE4wyOuQa851L4Z3ej3b6l4L1F7CfO5rViTE/tXp9NYUAeZaV8T5tPvF0vxjYvpl390T4/dv757VU8cfElSraboc4cuMPcIc49lpPix4isXg/sRIYZ5zzI7KD5f0PrXHaF8OfEdvZwa/p0UEu1vMSyuB98UAdJ4L+HMupMup60rLCTuWJusnufavX4YILO2WKJEiiQcBRgAVwGjfFbTNrWevQS6Tfwr80UqkK2P7prmvEPjfVvF93/ZmgxSpav8p2j5nHqT2FAHSeKviZDYSNYaMoursnbvHKqfb1NZGl+B9W8STjUvFF3LhuVhJ5x/St3wf4Et9DjW7vVWa/POSMhPp7+9dpWcp9jSMO5Q03R9P0mEQ2VpHEo6lRyfqav4paKzbuaJWEpaKKQwoopM0ALXHWsUeq/EW+lljWSPT4ERNwyFcnJP1rd1vWLfRNMlvLhvujCKOrN2ArN8G6dPa6XJe3qkXt/IZ5Qeoz0H5UdLkvsdLiloHSigoKKKKACiiigApkkUcqlZEVgezDNZGq+JrLSbhreYO0wj8wKo61AviyBrGG4+yzqZgSikDnHvQIg1fwHo2pEyxw/ZLnqJYPlOfpWOupeJPBMqrf7tU0np5w+/GPeuibxRbCxF2IJmjLhBgDn1I9hR/wAJHp9xBPvRyiL8yuv3uSMD8QapNkuKZtaTrFlrVil3ZTLLG3XB5B9DUWuaDYa/Yta3sAdT91v4lPqDXlj3jeH9ZbVPD8cy2rfNc2hHGPUV6tpWtWur6VHqFvIDCy7iT/D6g1sncyaseDeLfDmpeArxL2KVzAG/cTpxz6H3ro/hFf2t/rd9qWrzmTW7n/VtJ/c9FqxKjfFPxwyNu/4R3SiRweJpKwPGHhK78I6il5ZM/wBkLZilXrGfQ0xH0ApyKWuM8B+MYvEemrDK4F/CoEqn+L/aFdmKACiiigAooooAKKKKACsfxF/x5Rf9dP6GtjNY/iL/AI8ov+un9DUVPhZpR+NGxRRRVmYUUUUAB4Fcv428UReHNEeUMPtUvyQr3z6/hXTSOscbOxAVRkk9q8A8Q31z458bLbWuWhD+VEB2UHlqALXgPwvL4n1h9V1Lc9tG+5i3/LVvT6V6X4o8Xaf4Usgh2vclcRQL/X0FVtY1Cy+H/hKOK3UGQLshT++/cmvO/DXhe/8AGepPqurPILVm3Mx6yew9BSbsBQGkax8TNWNxdLthBwZcYWMeg9a3rXQfEfw0lkn0mEavpb8yoR+9T6V6laWNtp9qltawrFCgwFUVRXxDp73v2IO3m+Z5WNvG7/IrJzuaqNjP8N+O9F8SgRwz+ReD79tN8rg/j1rpxXnfirQvCet3QZ5fseo7iq3NudrA+px15rtdFs3sNJtrWS5kuniQKZpDkv71LKRoUUUUigooozQAjEKpJ6AZNY8fiTTZJZFExVE4MrDC59M+tT6xfpawGI5zIpGV7dv615jrZuXvIdJspkZr5ipaLuCeQ3c4xTSuS3Y6LTkfxp4ibVJxnSbF9ttGekjj+Ku8HSvOLbUJdEu4ba23fZ7Y+UIsHB6Akjv613unSzz2UclwmyRskrjHGeP0pyVhRd3cuDpRRRUlhRRRQAGmk041ynii71K31LTxZSMqEtvUJkNwf6UCDXfDtxqd+biIQPwAN5IIx7+lOPhy4jsbS3SVT5M5lwxJAUgjArGXUdbj0UrC7+bHc+V5jEfMOvf6irXhvU9RuYNShuZHMqSMFMrAHHHI9quwmaQ8OvNpC6fctGVEzSBgOVXOQBRZ+HZrKG4QyxzGVDGq7doUFic/rVbw7d38txMbyaQ8FQHYAlB91gO+fWsvRr+5m1/feNcNH5pVN0nAz04zikJG3pXh24067l3tFLDKCrs3UryduPqTXB+LYbjQtQ/4Rzwvd3DXGpgmW1XkRqepHpXqGt6mdH0S7vxC8xhjLBEGSxrkvh74eud0/ijWVJ1TUCWUN/yyjPQe1CdgkjpfAVtpmn+GILKwGGh+WdWGH8zvu963tQ0+21SxltLmMPDKpDAiuN1rStctNcXUvDvkh502XCyn5SR0bHrTtG8Yala6ymj+JrVLeeX/AFM8Z+R/atVJMycbHl+p2Oo+AvFQeAsuxy0Lno6ele4+GPENv4j0iK8hYBsYkTurdxVTxl4Zh8SaM8JUfaYwWhf0PpXj/hDXrnwl4kMFzlYHfyp0Pb3qhH0NRUcMiywpIjBlYZBHcVJQAVFOXCMYwCwHAJxk1LUVyjvA6xvscqQGxnB9aAPKoPFuqv4k1q0gjhlk8wq6GckQqqcke2au6J4h11vCUM0EMUtslm0jXjSksHAPr1OaZDocltfavplnZsZ7l1QXTx/dQqN7bvU07SPtcOg23hWHT7pCRNDNK8RCxqd21s9+1AEg8Ramttq8V/NLOBYo8Rt4PuMyEkkjpVyw1Vrzw9p8Bt7sFIY3M8yEBzt5wT1NXl8MjR9E1UxTzXEtxaBMOSxyqkcVII3j8I6UkilXWOMFSOQdlRU+FmlL40dZRRRVmYUUUhOBQBxPxN146R4baCF9txdny1I6gdzWD8JNAEVrNrcy/vJCY4cjoO5rnfiHfS6/45TToDuSErAgH949a9E1+8Hg7wPHFagecqrbwgd2Pf8AnQBxnxTurW48RabFJOHt4h++RDkrzzx9K9L0wW66dbizULbeWDGMY4xXP+FvCNrp9il1fwpc6hON8sko3EE84Ga6tVCgKoAA6AdqymzWERT09642HRdQTVnuDbRhml80OHJUevf3Ndi7BELHoBnmuch8YW02qR2C2s2922hiRisy7GJe+D7yTUI54IolG8ux3AcbgcdK7uEFYkDDkAA1zX/CbWQuDEYJBiQx7iRjggZ/WuoUhgCOhptgh1FFFIYUlLQaAMLWtNubljKjRyRgZMcnygYHUEd88/hXmlncST3mo6sZTE1sgtraQ8/MTyc+uM8+9d54/wBYbSfDMwibE9yfJTHXnr+lS+E9BgsfCdtZ3ESyGVfMl3DOWNNOxElcytBvbjV3W2vIoSsyn5tp3kr/ABZ9+K7paztP0e106WSSFPmfA3EcgelaQpt3HFWFoooqSgooooAKo3V1YrdQRTyR+dklASMjjn6VcYkAkDJ7CuXuNOvZ9UF09rJ82Q+x0AC9gM/qaBMuz3+h6YYkkeGMSlnXjIJ7mrdr/Z2oQySW6xyRs53MBwzf1rjtc8OXmoX9xcxwyCCJtoXgkgAYKj65rp9F057G0sIHR18qIs5DYBc9QR3psRZv59MtcNeeUCq4GVyQD6VEsujxqZkERWRwCyrn5gOKZr9pPdNarDD5i7jvIx8oxxWa+l3raTYLHEVmjZzIvmYGMN+fUUh2sb9nqNpqIb7NJ5igc/KcVcAA4HArk/Dumalp0N4VjCSN5exJD8p456d661ckZI5oYwxXL+O9I/tHw9LPEMXVp++iYdQRzXU011DqVIBB4IPejYTVyr4a1NNX8PWV0JVd3iXzMHo2OQa87+K3hbyiuuWseAx23AUd+zV1s2ijRpX1LRF8l1+aa2H3Jl78djW232XxFoTKwDQXUWCD2z/hW8ZXRg1Y4z4V+Jf7Q01tKuJM3FsP3eTyyf8A1q9IzXzjaSXPgnxqN+c2021v9pD/APWr6JtrhLq2jnjOUkUMD7GqETVXvb620+zkuruVYoI13M7HAAqDVtXstFsJL2/uEhgjGSzGvLI4dX+LOpCa4Etj4WhfKR9GuMUAem6Dr+n+I9OF/pshkgZioYrjkVq1T07TrXTLKK0s4VhgiXaqKOBVygAxWP4hGLKP/rp/Q1sVla8ivZxhmwPM/oaip8LNaP8AERq0UUVZkFVdRuFtLCe4c4WKNnP4CrVcn8Rr37F4KvmDYaQCMfiaAPNfh3ZnXfHMmoTAsIS05/3ieP512PxABuvEHhzTifkkuN7D6Yqn8HLDytLvr8jmaQID7D/9daF1Edf+JKPz9m0iPkjvIe1J6Ia3Ox6dKdSClrnOgZKCYmCgEkcZ6VyVn4dvrLVI5gltPGh4ZnKlck5OMdsnHNdeelcrJql0JrlyJyi3KwKI2VRk4A4I6c0CZSfwFvnubhbsCR5d8eYxgcg84+ldrGCEAJyQK5vUtQ1a01W3CrGbcgu6KSSAB346ZxW/Z3DXNlBOyhGkQMVBzjIzTBFiiiikMKDRQelAHmnjwHU/GOh6QDldwdh9T/gK9IRAiKq9FGBXnMoFz8Zow3IhgyPwWvSKGStxAMVG9zBExEkqKRycsBU1cbq+jXU3iOa6T7kqxhCvJXaysTyMfw/rSKZ1q3MLQGYSr5QGd+eKfuyMg5FczPZy3WhQWzvctdToNwDFQAfvZAwPwrR0RWEdySZvLM5EfnE52gAd+3WmTc1s0pqOSRIkLyOqKOpY4FcdrnxF0+xf7LpoN/eE7Qsf3QfrQO51V9fW9hbPPdTJFEo5ZzgVxy6wJxG3mFossdyqxwN/GDkfWm6R4b1PXbtNV8UvuAO6Gy/gX0yK61tN0ydubS2cx/L9wHbjtTFucpqeo3b380KzPEm9dj7WIYAgnqcCup0m/NzBDHMSbjyVkc7cA57ipwtjL8x8l8jZng8elTjy4yo+Vc8KKGxpHIeML+/hvo4rKdkHlHeobGc9xVK3e9HhNQtzP5kU+2Ultxb/AHT6c12d1bafdQma5jt5IwOXkAI496fHbWjInlxRFF+7tAwKLiMDwdNLLbytLcu+75hHJ94D1P8AL8K6rNQQ2dtbszQwRxs/3iqgZqakUhaSlooAaw4we9YngqUFNTtAcrbXjqo9Aea3DyK89sr7UPBHiGdNSiWTTtRuCy3CfwsemauDM5rQp/F/Q9sltrEScH91KR69jV3wb440/S/Ary6rchTZkoFzlmHYAVr/ABK1bSrXwfcxX8yh51/0dF5Z36jArxv4d6ba6x4xtl1iMvCcmKEn5Sw6ZFbGR3um6LqvxM1VNY15JLXQ4mza2Wceb6Fq9atraK1gSCGNY4kG1UUYAFOijWONVVQqgYAAwBUlACYpaKKACsjxCSLKLB/5af0Na9Y/iL/jyi/66f0NRU+FmlH40bFFFFWZga82+Md15Xh60tgf9bPnH0H/ANevSDXkXxokJk0qHPZ2/lQB1Hw+RdO+H9vO/AKvMxqXwfbMmlyX0g/fX8rTsfYnj9KgkzYfCuJF4ZrVEH/AsD+tdBYQi2sIIVGAkaqPyrOb6FwWpZFLQKKyNgNYl5FZfamV4HdlkW4O1wAWHTqR6VtGsHVNLu59Riu4FhkRCpMT8bsZ7/jQBVk1TSrp0tXhd3vY2lKlsNgHHXPStvS7lLyySWOJ4o/uorjBwOM/SseXQ7q5YTCO2t5PKaLavI2lgcZHtn862rCO5ijZbkwjGAixA4UY6c0yUXKKKKRQUhparX17b6faSXV1II4YxlmNAHCFPJ+MoJ/5aWxI/wC+a9DHSvItQ8T/AG3xlp2u2emXZgiBiDBP9cOen512kOoeJtX5gsYtMhb/AJaXB3v+CimyUdNLPFAu6WRIx6swFY114v0CzkKS6lCG9FO7+VMi8K2kh8zU5JdQnPVpm+UfRRwKtf8ACNaKRj+y7T/v0KQ9Tn7z4jaapMWlW9xf3J4URxnGfrVFdP8AHuqZu21CGwEhytv12j8q7m206zslxbWsMQ/2EAq1RoFjzn/hX2tak+da8QSSR90jyf8A61dTovhHSNBQfZLYGXvLJ8zH/Ct7FGKASMrXrmS00ieSGNnlCnbgkYPuRXLN58OnTwwMyzKEzNuclpHPPB9q1/HOs3WiaItxZgGYyquCM8d+Ky/DfiK/1KC9luo2klgIVVCKF5GQSaaEzH0DS7q31NZLgvF5YZym0sVOcD5fqc10Xi/7SpsGjkIZGJ3KzBiceg7Vc0DUrq6leG4iEpBObjgd+mPSuhMaNgsoJHQkUMEtDzErfS6BLADPuSVdkeWIPBPOR0rovA6zRWrpcGVWdVZUYEgDoSD05NddtH90flQFVeAAB7UAkx1FFFIoKKSigArhPilrml2HhmW0uX33kuDbxLy24d/YV1HiC71Cy0S5n0u1+03ip+7izjJrhNL8Ey2+nah4i8TSfa9Xlgdgr8rCCOg96a3E9iP4eeEJdfjt/E/iWc3ku3FrA3KxqOMketcpfx/8I78QW2fKsF2GH+6T/ga9b+Gyn/hCLInvnH515r8VbU2/jHzQOJYlb8eldBznvETiSFHHRgCKfWX4buPtXhzT5s53QL/KtSgAooooAKyPEX/HlF/10/oa16yPEIJso8f89P6GoqfCzSj8aNeiiirMwrxv4y/NrGlDt5Tf+hCvYz0rxn4wyq+v6ZEpy6QnI+rcUAdnr8bj4bxlQSYYYpMD0UgmtywuY7ywguImDJIgYEfSprK2SbQba3nQMjW6q6nuNtcT4C8yDU9csUlc2dtPthjc/d61nNFwep3QooorI2CiiigAooooAKKSuJ8Q+NZ01WPRdAiS5v2OGZuVSmlcTZ2NxcQ2kDTTyLHGoyWY4Arz2Sa4+IOtpFErpoNq2Xc8ec3pVpPCGta3KsniXVN0QOfssHC/jXaWVjb2FoltaxLFEnAVRT2E9R8FrDbwxwwxKkaDCqBwKmAxQKXNSUFFFNNADqKSlFABRRRQBWvrC31GEQ3MYkjDBsH1FZ8PhjTIJnkjhK7/ALyhiAT649a2aKAMyx0O00+QyRb2fGAXbOB7VpAUtFABRRRQAVFNKY4JJAM7VJxnFS1HLGJI3RuQwINAHG2XjSe81K0tlgiCzOFJ3c9+f5VsXOvvbak0DWc5hjgaV2288HAxz9agXwnEJbWZbgrPbcI4Qfd9P/r1euNGNxHLuupFllwHcKOUH8PsKBI042EkauAcMM81m+JEaXw5qKJncYG/lWoihUAHQDFVdTx/Zd3u6eU2fypoHsZPw1uo7nwTZogAaLKMPfNcV8Y4Quq6fLjlomB/A1t/B6Utot9H/Cs+R+IrK+M7j7XpidwjH9RW6Oc7rwFL5vgvTTnpHj9a6WuW+Hq7PBWnZ7oT+prqaYBRRRQAVk6+SLOPC7v3n97HY1rVnawu62Qcff7/AENRU+FmlH40aNFFFWZkFzcJbQvNKwWNFLMT2FeG2vmeOviUJsMbVZN30jWul+KPiwqv9g2D5lk/15U9B/drf+HXhZfD+iiWdf8ATLkBnyOVHYUAdmAAgAGABgV51rOkaz4c8Rz63otubu1uebi2HXPqK9GxRtFJq4XOK0PxraatemwntprK8xkRzjG76V1GayPEvg+y8Q7JWZ7e7j/1dxFwwrkdY0PxN4btY9Sj1u4v4beRTJDjkp3+tZuBopnojHAJPQVjL4o0trlIEnLFiF3BTgEnAFT6TrNlrunC4s5lcMvzLnlT6EVyz+E7yHUoZ4JGkjhkV2yAC5B4xz0FRY0udLL4k02G4MDTfOG2nA4B+taqsHUMpBBGQR3rir7w/eNqf2mG3LW3m7jEGALdPfpkfrXZRApbpvAQhRkDoKLCTOU8feJ/7C0nyLdwLy5BVPVR3NUvhz4YNhZnV7xSby6GV3dVX/E1y6IfG3xJcOxazt26f7C9vxNexKoRQqjAAwB7U3ohbsXFUdYvTp+lXFypAaNcjIzV+q93bpd2ktvIPkkUqcehqSzIs9SvDd29vKkzSPF5hBVQuOOc9epqvFrl/Dqs0F3AhRdiKEbuW65x2BHFbC6fGl0LgO4cQ+SvPQe1MbS7d2gbL4ifzMBuGb1PrQBo5yK5yfWrj7bPbRibzRIUiQRqckLuPfpWzaWz2xnLzPJ5khcBj90eg9qqTaDayXbXaNJFcM5cyI2DnGP5UCZkNrWqfb5I3j8lFtozggEtIxI4H14/Cuns/OFpGLiRXmA+dlGBnvVA6JaSFTKJGdVUB95B4JIOfxNXLW3jtIvLi3bck5ZiTk/WmwRaopM0Z96QxaKbn3pc0ALRRSUAU9T1W00i1FzeyeXEWC7sZwTViGaO4iWWF1eNhkMpyDTL2yt9QtXtrmJZIXGGVh1rjH8N634cZ5fD18r2nLG0uT8o+hoEd1R1rzvT/iFq975qxeHzcGFtrtBJkZqe4+Il3ZbPtfh27j3HAGep9qvkZPtIne0Vw4+IbDBl0DUUH+5mmp8UdLLbXsb5TkjHlgnPfvS5GCqRO6rnfG+rR6T4Xu3LYklUxoM8kmsz/hZ+hbQTHdqSOA0XX9a50WOr/EfXI55oZLbSIW+UMMZH9Saai+oSmraHT/Ciwez8LGd1wbmQuM9x0rjfi9ded4lggz/qoB+pr2mztYbGzitoUCRRKFUDsBXz/wCJZm8RfEOWOP5g9wsK49AcVsYntnhC2Nr4S0yIjBECn8+a3KitYVt7SKFRhUQKPwFS0AFFFFABWbrTbbWPkD5+/wBDWlWR4hz9iix/z0/oaip8LNKXxo1q5Lxz4vi8N6WVjIa+mBESenua0vE3iK18OaW93cOC+MRx55Zq8p8OaHf+P/EMuramW+xo+Wz0Poq+1WZmh8PPCc2rXp8RauC6li0Sv/G394+1ewKuBUVtBHbwJFEgSNBhVA4AqegAooooAKZIgdSrKCpGCDT6KAON1DwDZyXDXmlXM2m3ROS0B+Un3WoksfGlidq3Nhfxjp5ilGrt6TAqeVFczOQW+8UpxLoMDe6XFNvdR8Qf2fcltDWMCJvmNwOOK7HFRzRLLE6NyrAg/SjlQczPI/hDAjf2ncN/rcqufY5NepCvItOuJPh540ubS8V/7Ouj8smONueD+Fes29zDdQrNBKkkbjKspyDWc1qaQZIa47Wte1C11lrS3YCMMoICZbBGSQTxXY9aq3FjBcSK8i5Kg4qCmc3qOsX9vpdpcxEpHIhZpJcE4xkdOOlVZ9e1WPQIroGNnlnCAquWIJwcDtXUSaVay28VvIpeGJNqox49KjttFs7eAxKGkUsDl2zjHTH5U7gc03ifUFspHV4d6qCMrkr87Lg/980mieIdRvL25gd0eZYWk8sgDDZGB+WTXXJp1rHuMcCIWHJA56k/zJrj9S1LT9EvLtLe0fz4UA8xTtMjN1ye5oETaVruo3OpNDJNE6rGXfjAXgf4jiqOn+MdRudStYNiGJpfLywKlwSBnH41YbUtJtTbXcdtIJJIjKyqxwdvQnsa1/DUtnqun215DamHyQVVW684J/WmBQk1/UHnuQrrCEl2oCVOQDyB6nAqDX/E99bTeTamSNiyn50B2g7f8a6V9EtJJA+JFIbf8rnr6/rTLrw7YXeS6SKzDDMrkFvrSuM5nU/E9/FJaRQ3CRebaLK25c8kfTryK6nw7fzalpMdxOf3u4hxtxgg9Kb/AMI1pZQBrYMwRYw5Ylgo6DNW4/sWk2vlmaOKJST87jucnrQxF3PFIWCjLEADqa5XU/iFoVhmOKc3c/ZIBuyfrXMz3nifxtYzvaqtlp67gEDfNIR2pqDYpTUTrtZ8caJowKyXKzSj/lnCdxrh7rxBrfja8On2hXTbLGXLthmX+v4U57PwpH4beSNo7XUYsFhOCX3jnBHpVS/uNY8WWUElroKAIApnThiPat40rGEqrex10N1p/hiyi0XSkF1fEZ2qc8/3mPYVdsrK1tHN/rF7DLekcs7jbGPRRXERaHPAi7vC100mMNILnBb64qVNNvcjZ4RViOhubgkD8zWqRjY6i/8AFiXLtZ6FCby4PBmA/dx+5Nc5oFtHceJYxFL50GniSa6uMfK8jdQPamXa3hhEOr6pZ6VZd7WyILMPTitHTrSfUrH+zNEsnsdJb/XXUw2vKO+B70WFaxneJoUh0LRNUiRQyXGV46qTkV6/Z4NrEyqFDIDgDHavMdWt/wDhIPEWmeHdPUmz09g1w46LjoK9SjURxqo6KMCs5bm0NjI8W6yuh+G7y8JAcIVj92PAryX4XaU2qeKX1GVSyWwL5PdzWj8Xdb+038GkQvlIRvkAPVj0Fdx8PdCGi+GIA64nn/eyevPQflSKOsHSloHFFABRRRQAVkeIVZrKIKWH7z+E47Gtes3WiFtY8kD5+59jUVPhZpS+NHjUaal8TfFJd90djEefSNP8TXtWmaZbaVYRWdpGEhjXAA7+9UvDegWvh7SIrK2UZAzI/dm7mtrtVmYDiiiigAooooAKKKKACiiigAo6jFBOKa0iIpZmCgdSTigDK13w7p/iCyNtfRBwPuuPvKfY1wI8E+JvDc7SeH9TEsGc+TL/AJxXT698SPDWg5jlvluLgceTb/O2fwrmD4s8b+KiU8PaILC1bpc3nB+oFJq40XNP8dyWF8dO8UQLYXAGVlP3GFM1P4q6NBMbbSo59VuugS2XIz9aqp8IpdXc3XijW7m+uiMAIcKn0rLPw78R+Erhp/Dsyyx/7OAxHuDUOCLU2XAPiJ4qOSYtBsm7YzJiu28NaHJoOkLZy3014+4s0spySTXnw8deL9NbZf6SWI6loWGfyp//AAtXU/8AoDD8mqeUfOj1btWBqvhxdSvDO02xcqcAY5AI6/jXCH4keJL75bHS1GTjIRmwaQWfjjXz/pl29rC3UZ28fQU1TbHzJmp4l/sOx02O3u9SDXMEIjSOEZJIOeayNL8b6np7/YrfS0H2iQvD5xK5B7fpW7o3gTTtOcT3Wby4zndJ0B+lbGq6JZavaeRcxDj7jrwyH2NaqlpqS7mLL4k8Zm5ht10i2ikmBKZfOcde9Vxqnjm71NtO82zt51jEhG3+EnFVbnUNV8NX2npqINzZ2837u6xyEIwQ3+e1b2q3cVv4m0bWoJVe0uAbaSRTkc8rT9nEwlUmmYDWXjHUNTu9OfW1E8CK5UEqGB9Kx7vw/d2WsWMGsJc3JucqAs/3m9ia7nV2OleN9O1EnEF2htZD2B6im/ESzkbR4NRgz5tjMJQR6d6agkR7SRgaTPF4aK2dzoUUV5uJWedwAy54+b1qy9l4lgS7n0m6s0iuX8w28UgJUnqQT610mpxReJvCAkiVZHkiEseRn5hzj+lVNE0bw/remx3KWSxyY2yorFSjDqKonmucnFYQxF5dV8N313O3LytMDzVWXVNAtG2RwaxZN/dSeuk1vRdL0PWdOmkgY6dMxilDOxCsehPNT6zpmn6BqNrqsVjE+nyL5NwAu7aD0encdzl/7VhZUaHUde2ucJwDuPoPWlM9vLci2nPiC4mYZERbYSK2XEWnk6NeSbdPuW83Tr1f+WTHkDNT3k0N0IdP8Q7rS+i/49tRi+63oc/0plbmTY39hYah9mtvDixXg6NfzAH9a3dWvfEUGkS3ct7Z2y4Cxx267mJPAGajni1PyRHqmmQa3ar9y5gI34rO0rT9O1zxdZ2um2lxBb2v766WUnhgeFwfekJK7PSvDujQaRpkSJGPPkUPNIeS7kckmrOs6lFpGk3N9MQFiQtz3PYVexgcV5H8WvEJkeLQ7d8gESTbT1PYVl1NjnPCmnT+MfGhubkFow5nmPbrwK+gEQIoVRgAYArjPht4eOjeHUmmTbc3X7x89QOwrtaACiiigAooooAKx/EX/HlF/wBdP6GtisfxF/x5Rf8AXT+hqKnws0o/GjkfB/xJtb2KOw1gi2vFG3e/Cv8A4GvQ45UlQPGwZT0IOQa5PxL8P9L8QBpdn2e7xxNGMZ+o715+yeLfh3cblZrnT8+7IR/SrMz2+iuZ8KeM7DxPb/uj5d0o+eFjyPp6iumoAKKKKACiiigBM+ppN6/3h+dcJ8S5FawghDmGXeGE3m7Aqg8j3rzK3uphP9lMrMVuATIJCxfLKAOvTmgD2vxRqGs2ekmXQbKO9ui4UIzYAHrXDf8ACG+KvEcif8JR4iNvG/P2K0O3j0pHnuk0LT/Ju5LTdpk85WB9oLgjHWtH7bqD674fkbTXlnWycoXmHznaOc0Ab+g/D/w3oAD2mnxtP3mmG9ifqa6dUCjA4HoKrWEs81pE9zCIZyuXjDbtp+tW6ACmlc06igBhiVhyoP1qP7JB/wA8Y/8AvkVPRQBxep6JeaReTahpMXnW8p3z2g4Of7y/4U6y1S1vVxHJtkH3o3+VlPuDXZVlapoNhqyYurdSw+7Ivysv0Iqk7DTsZwxzRWPohkjl1Czad5VtbkxoXOWC4BGTWvWqNVqiK5tobu3eG4jWSNhgqw4NedeIPDepaNZzjTHefTXO5oOpiI6EV6VigqCKHEJQTOTstRtvGnhM2TzLHqcSjAY4IdejCtvQL9dc0V7O+XF1EphuYm6g9M/jXA+NtGSx8R2t5E7W8F0wDOnGxvWnX8XinwpqUGoTRm5jQbftCDIkT0bFZ3OSVNo6PwtdP4e1e48M37bU3mS0kbgMD2FTazDdeFtWbW9PjaWxmP8ApluvY/3hTbi/0PxzpiRx3S29+g3R7jteNv8ACptG8Qy2cq6L4iUR3IG2OZvuTD6+tMytqZvijS7nx3Yw3Wg60iKsfNs3Rj7+hrEtPGOo+GLQaF4z0uV7crsW5j+ZStdRq3gb/SjqPh+6azuc7tin5GrOn12TyDpXjLSyEPAuUXK/X2oGZ1vqenLZNawTx6toUhyIw3762PsDzWhavPbWpisp4Na0w8fZZziWMenNY158O7a6gN3o91b3Nv8AeU+ZsdfxH9a5IT6zYXxsoVTUjnaI5FDsD7MOaL2LSO51C/07T7Zhpi6lYak5AjtATgk+3pXf+BPD0miaQ012d1/dt5s7Hrk9q8u8Dazo+jay0niiK4tNSB2xfaIzsUexNe52moWd9As1rcRTRkZDRsCKmTuaJFLxDrcGg6NPfTEfIvyLnlm7AV4z4O0i48YeLXvrwFoEfzpmPQnPC1N491y48UeKF0qyy0MMnlRqvRm7mvWfCfh+Hw9ocNogHmY3SN/eY9ako3EUKoCjAA4FOo6UUAFFFFABRRRQAVj+Iv8Ajyi/66f0NbFY/iL/AI8ov+un9DUVPhZpR+NGxUM9vFPE0cqK6MMFWGQamrK8RatHomh3V/IR+7Q7R6t2FWZnk0VtDpnxfittHysQlAdFPAyPmH0r26vJvhXpMl9f3niO7G53YrGT6nkmvWR0oAKKKKACiiigDj/HOi3Ov6elnBBuCnzGkGNwI6AfWuUsfh1qYuts0ix7GE3n9fmxkIB3AIHNet4pMUAcZbeDYLzTLCPVIQHtrd7fy1ORyeufwq/Ppkw8UaTLDEfsttbyRs2enAAH6V0mPajFACKuOadRRQAUU12CIWboBk1lxeJNKlso7w3kUcEmdrSttzg4PWgDWorHj8UaPLbzXCXsZhhYK79gT05ok8TaYlnFeCcPbSSeUJUGVDZxz6c0AbFIajjnjmLBHBK9QD0p5YdKAOCtwLPxjrNoePO2XCe+Rg/yrZrlviJren+H9a07VhdRm4TMM1urZdkPfHtWANa8WeMRs0e3Gl6e/wDy8y/fYeorSL0NYM7i51vTbS9hs57yJLmZtqRluSa0QMiuR0HwBpmkXC3lyXvr/qZ5zuwfUDtXXCrRZz3jTSxqXhq4UDMkI81PqP8A61bfgXUk13wfatNiR418mUNzkj/61SSKJEZGGQwwRXK/Dub+yfFOsaC5IUt5sQPce34VnNW1MpqzNzW/htompsZbeI2Vx1DwcDP0rk9V8AeKYrbyIb1NQt15VJTyPpnpXsGKMVFzOyZ4ppt7458OjyZdMnuoAMBXG7H0Iq/NrvjDV4jDH4aXa3B8yPI/WvXMcdKAPaquLlR4xp3wy168leS9uEsYZTl44T/QcV6J4c8G6T4cTNtAHnP3ppBljXRkUUirGdqmh6ZrNuYdQsobhD2kXOK8Z8c+HrbwRKj+G9Xu7O4nzm1V8qF9a9h8Q61baBpUt9cHhB8q55ZuwFeOaHpl98QvFUl9fFvsqtmRuwHZRQBn+Dr+fwndpq3iDRLuSCZcw3aJuC56tXtmg+LtD8QRhtO1CGVj/wAsy2GH4GtRbGBbVLYQoYUXaEIyMVxut/CrQtUla6tFk0286ia1bbz9KAO7yPWlryyC3+IfhW5igWWHW9PLhd0nEij3NemxyN5alwAxHIpATUUzzF7kAmnAigBaKKKACsnxAM2cf/XT+hrWrG8RqGsYgRn95/Q1FT4Wa0f4iNmvOfi6t0/h2DyUYwibMuB0HbNejVFcQRXELRyxq8bDBVhkGrMjh/AvifQP7EtNOguEgmjQBo5DtJbua7tHV0DKwYHuDXi3xI0LQNHliFhHJHqEzZEUbfKB64ruPhtp2pad4eK6i7bpH3xoxyVXFAHZ0UUUAFFFFABRRRQAUUUUAFFFFAGT4mmjt/D15LI8ihYzjy2wxPYD6mvFNLsLu70y2hufM8u4MUcj48wIpY8Dd0bPpXvd1bpdQNHIisD0DDPPauX0/wAK3MEOn21zcRta2R8xVRcGSTJwSfQZoA4me91Cbw5qAuRcmBZ0hhkESiM7JQMgDnNYsshhsZyNrBUZzE6kGVmlYZwOhAGfwr0+TwtcnQodMFymFuzcs5X/AGiyjH1xWbYeAr2C/F9LfWzzeS0ZDQFgCzFiRz74oAufDWGJNGuZFZZXM5QzDOZAOhPvXU6javeWNxbxyvC8iFVkQ4Kk9xWV4S0GTw9p81o8kbq0zOnlqQAp6CuhoA4DSfhZoenpLJfK+o3koIa4uTuIz6VlWE8vhLUzoepti0Zv9DuD0K9lJr1SsrXdAstfsXtL2Lcp+64+8p9Qaadhp2MzcCMg5B70+uP0SS90PxLN4av7jz0WPzLaRupHpXXjpW0Xc2i7oK4vXn/sPxxo+tLxHI3kyn9P5Gu1rm/G9gb3w3OyDMkBEq/h1pTV0EldHo6MGUEdCM06sPwjqY1fwxY3YOWaIK/+8OD/ACrcrEwCiiigAqOaRYonkdgqKMknsKkrzj4qeJGsNNTSbZyLi6+/jqE/+vQByHiTVr3x94qi0ywybWN9sfpju5r1/wAPaFbeH9JisrZQNoy7d2bua5v4b+FF0XR1vbhB9suhuJPVV7Cu6AwKYhRSE4FLVa+WZ7SVbYqJipCFugNAzjfEmtyX0F5b26yRpaX1vF5ytjcSw3AVa1rXhL4d1VIHkt760UBkzh15GCPY1S1uwk0zRbHSbe0uLmSW7ikkuFUEFt4LFqn8aaDHcxG8gjla7mVbYpH0dSwJz9ADQBxk+u6g2nT211dzbPNaUTuC0kAU4HIPr/Ou68F6tqurwTzaiyDYVQRBMbeM5z3yCK4eDRbi4v1hfTr1NNkEokVY/mK78ge3IrtPh5aXdnY30V2socT4VpU2lgAMUgOzHSloFFABWP4i/wCPKL/rp/Q1sVj+Iv8Ajyi/66f0NRU+FmlH40bFI3C0tIwyMVZmeMTvbzfGJzrLhYo3/dB/u8D5a9ljKFQVIIPTFcr4s8EWXiePzT+5vUGEmX+Rrj/DfiHVvCevR+H9eJa3c7YpW7emD6UAeu0UgOQCKWgAooooAKKKKACiiigAooooAKTApaKAE2ijHFLRQAgGKWiigApCR61Q1rWbTQdLl1G+crbxD5iBk15rN4r8XeNZDD4X09tOsGODfXQ5I9QKALPxQu7PSNQ0nWlnjFzBLtkjDDcyH2qLQPF+oeIdWUW2kSR6Vg5uZeCT2wKevwlsv7Lu59TuptS1Z4mInlY4VscYFWvBV4Lrw5BEQFktyYXHuKuLLgzpKjniWeCSJhlXUqR9aeKWtTU5/wCF9y1sNT0OUnfaTllB/uk16LXl8Eg0X4nwSAbYdSi8tj23CvUB0rnasYNWYUUUUCCvEfLPi/4sur/PbwSHg9Nqf/Xr2a9l8mynkzjbGx/SvJvhHD9o17Vb5hkhdoP1OTQB6+qhVCqMAcAVm3+tWunzmKaTawhab8B1/GtPtXGeJtJlvtahaKAnNuylwmf4hxntxTEb/wDbVubWG5WQtFL0ZRnHGecdKgsfEenalcNBbTmWRV3EBT04/wAa5i40fUrfT45LOORi1wxWBzgICGGTj6g1L4a0S9sNZxcqI2a0w0kQ4Dcd8deKAOhHiC0aYRKkpdiAPlHc4Hf2qO98T6fY3yWlwxDlsAgcA1Vh8P7fEE8olnVBGpVxj7xJz2rmNd8KX+o6tPccyeXLn7uMpgdPXvSGej2s8N3F5kWSuccjFWVUDoKyfDlsYNEtgyFGIJYEYOcmtigAooooAKx/EX/HlF/10/oa2Kx/EX/HlF/10/oaip8LNKPxo2KKKKszENeVfF5YxNo5QAXJkYAjrjj+teq15Jrh/wCEk+LVpYD5obLG78PmP9KAPVbIMLGAP9/y1z9cVPSKMKBS0AFFFFABRRRQAUUUUAFFFFADScVxWs+JL6y8UW+mRahZor5d1eM5VccDOeST/Ku0k4Feb+JI5bnxdDcWdrPd2tvg3flx52uoIXGevU5AoAfZ+J9QvtejWbVhHaARyIkFsf3m4kYJOcDjrXO6r8QNdj8QXC6fcMLQXhjj3xgg4GNuOvUVp6G82kXsJF1MWdY4mQ6e/KqTxk9OvWsbxLotxL4juWhsp5TNeSeVEkZx/quGz06mgDU8K+M9b1DxWLS7lUpcTHKbPuhQRgDt0ya9aQkqM1474Ts57PxhYyTWtyhBn3homwpbgdsfjXsSHKA4xQAy4tobuFobiJZY26qwyDSxwxxIEjRUUcAKMAVJRQAwrivM7KI6J4+1TTTxDdj7TCPfvXp9cB8Q4TY3uk66g4t5vLlI/uNTjuNOxsilpqMHVWHQjIp1bo3RyXjmJorK01SIfPYzrJkdcZr0uyuUu7KC4Q5WVA4/EVyWr2Yv9JurVhnzIyB9e1S/Di/N54TgikP721YwOD2x0/SsprW5lNanX0UUVBBT1UZ0u7/64t/KvM/g1gf2sO+9f616nPGJoJIz/EpFeUfCpvsvibWbBuCMnH0YigD1yk2g0tFACbFPUUbFHQUtFACFRSBV9KdRQAgAHQUtFFABRRRQAVieJ3MdhEVGf3v9DW3WP4i/48ov+un9DUVPhZrR/iI2KKKKsyGtwpPoK8t+HUQv/Gmv6nJyyuUX2yx/wr1NhuQj1GK8t+HEg0/xZr+ly/LKZN6g9wCf8RQB6nRQOlFABRRRQAUUUUAFFFFABRRRQAEZpojRc7VAzycCnUUAN2KeoFGxc5wM06igBvlrnOB+VOAxRRQAUUUUAFY3inSxrHhy+ssfM8ZKezDkVs00gEEGgDgfCl+dQ8PWzt/rI18t8+q8Vt1zWkRf2R4r1jR8YjZ/tMQ9m64rpBW8XdG8XoBGRWF4Mk/szxjrOlNwk5FzEP51vVzWqt/ZnjPRdVHCOxtpD7N0pT2FPY9JFLSKc0tYmIV5Fpo/sT4zXELfJHdbse+4ZH6ivXa8n+J1s+m+JNI16PIAcI5Hsf8ACgD1ZadUFrMtxbRTIQVdQw/EVPQAUUUUAFFFFABRRRQAUUUUAFY/iL/jyi/66f0NbFY/iI4sovl3fvPXHY1FT4WaUvjRsUUYpcVZmNNeY+N9FvtF12HxZpKFinFxGvcev0xXp9MkjWVCjgFSMEHvQBh+GvFeneIrJZLeZVmx88LHDKfpW7vFcHrXw1tZ7o3uj3T6dddfk+6T9Kz1sviLppCxXVveIvTcRk0Aem7hRkV5wNZ+Ikfytotu/uD/APXpf7W+IcgwukWyZ7lv/r0AejZB70uRXnAT4kXJ5extx+dPXwt4yvBm88SmIHqsK0AegvNGn33VfqcVTm1rTLcZmv7ZMesgrkE+GyzHOoa3qFye4L4FX7f4beG4QN9o0x9ZHJoAuz+OfDdvnfqsJ/3cn+VVR8R/DTNgXrY/vGJsfyrTt/CmhWuPK0u2HuYwauf2Pp20r9it9p7eWKAF0/VbHVLcT2VzHPGe6HOPrVvOa891zT38GapHrmlIV0+Rwt7br90A/wAQFd7bTJcQJNGco6hlPqDQBNRRRQAUUUUAFFFFABRRRQBwXjGH+zvFGj6uvCzMbaU/XpWsDmneOrA3/ha62DMsA8+P6rzVHSbxb/Sra6H/AC0jDH61pBmkGXawvF9q1x4emeMZkgImT6qc1umo541mgkiYZV1KkfWrlsXLY2dEvBqGjWd2pyJYlb9Oa0a434dXRXRJ9NkP7yxuHiwf7uciuyrAwCuT+IOjnVvCN0iLulh/fJ+HX9K6ymSossTxsMqwINAHKfDnVRqXhC13NmSD9034V11eW+C2Ph3xxqugSnbHMTJAD3/yK9SHSgAooooAKKKKACiiigApaSloASsfxF/x5Rf9dP6Gtg1z/i3d/ZsO0sP3w+79DUVPhZrQV6iR0NFFFWZBRRRQAhApNop1JQAgAFLiiigBMCloooAKKKKACiiigClq1nHf6VdWsihlljZcH6Vh/D65e48I2ySNl4GeE/8AATiunf7p+lcf8P8AjT9UA4A1GXA/EUAdlRRRQAUUUUAFFFFABRRRQBFPEs0TxuMq6lSPrXn3hcNaRX2lufmsrlowP9k8ivRW6V59B8vj3XAOAViJA9cVUNyo7m5QaWkPWtjVmNoZ/s/4gXcHSO/txKvpuXg13w6V5/eHHjTQCOCTICR6Yr0AdKwluYsWiiikI84+I9o+l6jpfia2X5raUJNjuvb+or0Czuo7yzhuIyCkqBgfrWF47VW8G6mGUEeSTyKh+HrM/gzTyzFjsI5Oe9AHVUUUUAFFFFABRRRQAUtJS0AIax/EQBsosgH953GexrYNZPiD/jzj/wCun9DUVPhZpS+NH//ZDQplbmRzdHJlYW0NZW5kb2JqDTE3NyAwIG9iag08PC9Db250ZW50cyAxNzggMCBSIC9NZWRpYUJveCBbMCAwIDk2MCA1NDBdIC9QYXJlbnQgMiAwIFIgL1Jlc291cmNlcyA8PC9FeHRHU3RhdGUgPDwvR1M4IDggMCBSPj4gL0ZvbnQgPDwvRlQxMCAxMCAwIFIgL0ZUMTUgMTUgMCBSIC9GVDE3MiAxNzIgMCBSIC9GVDMyIDMyIDAgUiAvRlQzOSAzOSAwIFIgL0ZUNDQgNDQgMCBSPj4gL1hPYmplY3QgPDwvSU0xNzkgMTc5IDAgUiAvSU0xODAgMTgwIDAgUiAvSU0xODEgMTgxIDAgUiAvSU05IDkgMCBSPj4+PiAvVHlwZSAvUGFnZT4+DWVuZG9iag0xNzggMCBvYmoNPDwvRmlsdGVyIC9GbGF0ZURlY29kZSAvTGVuZ3RoIDU1MDM+Pg0Kc3RyZWFtDQp4nK2c245cu3GG7wPMO/S1AfcmiywWCQQBZiSNkQC+SCwgDyDEDoxRAjkXfv3UXweu7tWzbW15QxA06xsuHot1Ipe+PdVL0T+/xT/cy+XL16dvTyBrOPjLfz39528u/6Pl8Ocvf9Jf//S7P8zLn/7vXOyPv3n696dyLXz56xNdfq9//03//tmKlct//G6/983esma5rSsT2tYfZKD5n/719+vy8X8vWpdW5M3qy9+eXj4//fT6uZYLUb18/qM3ZbXYT5WutcqFaVwrtcvnr0//PF4/8L98/vOl1qaFLp8/giwl//Tps/b1+6vkay3ze6r0YdkstXHh2q/z8lWp//SGn1q9Utcf8fvbn6OEzaL1bM/43+kix5jp+zt4O5/6Oq93apZ2JV3aK4tXXJ75IyrmUaLi8jz4RJqcSe/PJzJ4nIis81vro5zIfF3nml/nuT8fX881z3Pr/PxQczn3p4/6d0exxofvHEVMvG+Mbxfq81qHTzQNuqpgtbKuJg7lOmfsgSqxC+ohUtzGdfRL43btKlZMgpr88e14rNdhj+3KeGRdx5vfThOz/Sh4yHrvHrzWkEeUJxWpxnRdTaJ1MaIFm0SdToqSZkRLV/JOtH5bZuiENL57S5TUIBSEnTTt7RzvEu/P20MP357+28cyfYqi10pqkOj1Jrv9/dbI1nSDeR8fic4n5Yzy8Bnu0mMFlqBMx7reAr7ylLuX6nWtdldxxTLcgpYjPY1KF+nJtaVt6q2DdHc3utB8T29wV8WhItZGu5bafYePT7bHaB5yzy/vSLB2f6UEL5PZjhr7tfeUXq3CdbgqOLlAHjjNhwhUPnT0V/tZ5UK1rMrJuEwd81zQXWoM6mUO2AR/unx5qtRVlOPxTR911+juydK16ZKOtiuz524N6bvxoGKH3bDLDhXMpe9mXWNpMX3Xm7InfTs64o9vT9nNKJyDiLpifNbSl5vRxl56tGq3ir5hSco7C7bGtaOirhJIy9aLJo0bY6ZCjGXxifWHY2brqmrLjqmtWh8dU0s6H1Y65pbavEo75pZUXOY65taeZ8xtPsTc7rIxH7uumK5sKyc3upKTu3uaS5EjyaWKYcb83oz654znz84pWp7zflL5+ZMp9rbVOM/X15tpJqxEzDJ+buuY5VbKlfsxy63wzbR+eWpzmhTmNLfVQv6j/JLYAFGfPcc050NM8y4b87LrinnLtnKasy85z7uvuSw5llw2H2dM8zHqXzzLuq9UxZxE112HGz/s+6pSXXiuary+fPqRqto7vXqtH36kKv71ejUee8XSX+7kT66zX6gI5P6rPxOAbjsYl6KmRDV7XbrtKpwLgY9hj2QyuGy3+jPkqPv+yvJr2f7b9eGZsj2IoT93hgPx9rTLM3Q93vf6SK1eL/q+t2ePJobWHX+EFHpvs/QeTdSWo/XWvpxG/8tlUf3l3rX36nl3NaGuRstpx7fR6z3p9PzpnpBMulmVruY6jRp+rscm7moumxrI3ORdt1S/UQqsTuA8dAIPDI12cfW/LQrJ6ux5hE7Ih9AJu2zs4V1X7PFoKlVC9iRVwu5pFM+BRG0xxtAIx4h/8Sr0oQ4MZPJWyj/MdV6F0U+a+LGM+jCnlXp9PfbwfbRz6xhVlX1d5feMQlc/cuq/KoEFvpPt5vV6v5u/ry5i+G6/Tl291ivXeqrrpf58Xer8tfpeaKfemW4uXTx13oTC+ZMXn206wqkyf6By0i32UPmq61Q5v348kc7lB5qzMLWqjlEt/OsOpBY+V/3OMD7QiazOPzJrqjUrvBudta47+G+O5Ja81HMHuMq5Sw/dHq/nmme72TZXhILF9qi69+q6m+NO8MzUkSPEjtVMjy41a+fVW1bTDN9PnZCmRoNIhbWbN5gKXU03j2rkrhrEaeZd2N5Ta1Dcs9IYYzYnOmNvVqZkmSpGEEZFmdGCjNKDBKhWRAPtloRKEu9hv4p5gWT9cjJLDdKCtOmERpZpawapMXYzvEo6cRI4pyB1BmHxt/ZLvLw7o7QgVcTIpE283lm9XroKApKuwdugJLDqINyDNGEjjWaSKUFiIVZUMzaYAWoS7y9CzZkkalktl9OmRkOmuRd4ORDvi6oCe6erC7qSwNk0QkHM/VRLXzbptgocqQKQUrxM56wniiA6UqDbdcAiKplrJSEK0oKoA2Dmp42DiBM2MVHvGUZAwfQeG0hCQbqQGQxPnTgZQWqQYlKiu2BmxbVQEC8jqijR+IyUhBHrIAgFaQjb+tIZmJtwEB+E2NOI3xaT8qXiZXM3kdZpZj6o1k2GkzKCWIilZPa6ib81o2+6MeE0qPmPiQEYDmKI2IU6RNbtw7IJB2lBaAwjOZ1sW8uIi9pUT7KhjO4Rc1CcLCfRnR4d1N/EeoNIEB+EijOEGNkb30AgkFmQIkEKoime9m+QRUG8HtJWFSxzlBMkCWDTPqophyQcxEC1JuvQTU19k+XEFZuSgikdqodW32Q6mV6muFirLyWFNmlGxsoyneDgaagYPb4lHISQnNHIIycZZASpQQpHAkTmJhLE3pJlPasCA7Y2mUE4iKi/V0UnY8gDaUEYL6myorpBdVLzpQ5Rhu2f9UwkyzToAVFp6GMTCUJBCNpDVPLqeCDZnQJpkmH2+URmtmVqSZBTXQ/Ehz6vC4uj/9YH0CXIZLykAVXjB1KDCBrX+UfG/0R8jUGQKppIpNQzKdkWVJdKZy31HpS1S2AqYhucyMyWBnS2brky+wO5e0mVuPADOdomy+yUMR7IbhwCB8XG44FkmWnure7Y3h9IgiHm1ZU9oxOKCIRy5Ku7K1aOtdpkCwHkVslaWwhoBknRqVYGZpYfSNZDVjNpC+uB5FsNPYQ3sXfWQbIMQ/HAc5l9EwoSYDAqVjvY25m0vWWrZwdlD2smyJcWvCX162T37yCpL2qkFMbkB5LaqmGjLxjstYkEybfgM5KlqvomAbIp0cnVXXvtg86EXVlVy2Y0yTdgKYyMVLc4nVC38EoHaA5cIJVA81HpnvVwIA44iSDfXuCurE0CcIC1upEVVtzz/k56GAy0qRZZw3/ehINQ2p0ulgUZdZsmJPFAwqDBjIIgDcibcJA0jNUGvvY4QSgIBdGpp6qi74oeAO67kQCidhFgum9shIKk4cb2V89DfY65SQuSZXrpFkB2V75GyElJ4y4oot0cWUSsN0o4/RGNZozMsMFsFtxJeh84oaLazVtMEiDdEVFHgCqr2ZibSBCvRk2AjXNsH0xJ97dWNI4chxUJYYMTMh2M9MzmwtyoRxc7AYSC+NyIiqaXCT1hhIJkmYHdUueV0wkcLA7Ym1I9yCiyrONBkGcD6emgdghXhWlumzQnMRWqNFGGSrr4RsjJSL+b0JaSGaK9zBaDSEyObvVh0WLOKFQSO3Hpgs7FOJXI2j5/vBU6CZECcoyEnXIQcuKTAb1cxIiULLPsObwl1cqNQOCZ1U3Iia+DEuFuhA9ig2rpSqrmRkAEMmdGZ7V6PeHaquYWCDJB3jLIY8JbnE6z1jyNaKQ5si1sYBwjumbDEKo3xR5wYODCMYicLWxgjDP2OPSrz0TNlapQSzqhY2XYggATpEoSOGhYu9h4Kne2UliNjEjYRF2dsdD66v6gjArgnLk/BNUoiahZSYMiVTkePusIKJbYDlkj9yI8WxDaIYZlHnSfsXsn031l7OCMq/qVHVROBVOXa4ZeUwFOU106OZzqzpZB1dKUVGZq/oyEDkJifJl2o7njADGl2SUVNIlp2tRtsPjT9PMMbx2T7Vo9d7SaFDStpMRsVTMusA5U0qNfZnTadvnZLVePvVos1QDrxqHZ1PRCmRS/F2DmWtyGju2WiNtd2Y4xI45d0/Ig4XEst/GT0w+Ah4YjtJX+RTGDznEqbW4TAhucCGyfUqr7LZtYDLpwDL2CcCPzf0pLF7IjGlbpPxy9BnffNEELYsEjvLisGEGteX6S/mJNf1GyqZpe5kxnsKZvOrOpsh1auivTbkn4ztsLRpgLf7vM3TjyAIibZjYOCa4WTqSX2Yg9Iig5qo5BIIyoWTN76EFZiwXWGrAcUYRQtTCn7rAC53wCOd7rYqGaSun2VBHxaRRGO4AhZK40dmvbw+zDY8AjdhtdLE7slKKFLAGiy75SHIsRZP92BIq8xeimN0OmEbbS3u7YCMtiZgqVUP0cg3FdLN0bJuQGZKsW03gI6WklkO6pARmpEUyKWf26rTUs98J05e0rIEDguhM2bO4IyNZPMjxvEkp3+p0zZFvWzq10y6RhHtOkI5TrcIAzyUMIGHAfqKS6HMXTR9y3kp2ePipl62FLMaGBravR487mhoc+x+UGJVxS5XOQsvNkC4NAAo7ScjTxlBzVI23nKcTZjszeMhKaTgmMCUh1rzc2rqUrW5o/+OYgnPnL6QlNWjtt7AWKy99ynxKJXJ8t5MdtJqA2V5ABCVDCYQ3ZHAOQ3pNw8bfaSLI8idx2WrlFErmFX3CfjPbrNd+eOrSuOEeO9asSlSOeMUGoXr1V3Ye2OoPuTunRb6vsXA3y33aGilNRGmYWvxqBYQIw791AFrGdDrKiiMmGgbKC2IGe6vjmRSrNBNWBrQ2ABCm2iY2YszIiRO6lelBAyKCOJJWNrEJBcPsAREwOjJibwREogqzmbzH3JF6xnw1g/hqiFsJJ5Caw/UZWEGlecY3GlZBXXP2lFkcM3YKgIDSc+GFn8RwiCB+EgjAF8R7rnqCsZ0U9fqPN1rOFczf3CluXEW8EEBo3XqOR6r4mkzfFfoxujttBwvukFYTLCh+WN2lOar41l4QvzJtUJ+LTAz/KfWq370bghRmZQcZo4ZtzEp5OyN9StdTTxZckzQODWVuQXjlCBdnE36KZZWSOCDlkE/clJQR1Rqy1zKcMkqFLSI9ax9oiAuqbBFgBpnubi1uCkcRHDs8moq9YCfN1HEgA1OdRXdtEgmQ15ptbcDiSFA/9PI3Uq9+Ps5DSmzLCQUYQNge5+ymNgx7Ai1TvX4tsowFc0wLx/sGfbRmAr03IiQUcHWE2ZazPm1QnvlRKcC7nSYSxiQOf0dpszi1dMRJg3CDRm25zYqmRvkEPIEE6JjSTMg44QBITbMv91E0CeBE2f8sTRuOBrCAkkYmiDSIRRS1It9TUtJuXSUaQrMbs0U6MOeEgM4jMfpNfuyWxFZE6wKHCztM5oSDe+oCb67m9dgYSAN6epwjnJpE09O2rpFWKVOM8E84yPe4PLmkPJNuyAwxLffIDWUlWZFDbGWQtA2R6avVEXAlU3KcIr74/kpwbu+FoeeH2QLItpA48v9weSJaZ5tazJSDOhDdZR7r7HvS7l1p4/ndkHY3XyL7PEwkbBwKBsxz+PJO6y5QZZwHrTCjbsojLfP6DSJC9oDgNENewJ8LZVp95xCGbsBPZAmZlcFSyNokIZo+drGYcufADybdqz6MbfiBZxk5ucCa0nxP02EYTbug+WnLSgmQZnKYdJ1ROmpMEuAN+HHQ5ISdbX7S8WynzTGZqGRgyP2bjTfLgbYU+W3aZWCJJ7qQ5odSlfr02DwLvyQgCw4ibXLLaJj1IalPC9YV96GgkzhxDKrtlskHKobfbCDJD2QtODOx8kzdpQbIM28WyzM4ZIQf5TBZb5kGqk2mkxzDJQ5hR0l0zIkHSOA2ocjuhXZtMJ5QmrYkf/eY4yW978Ez3Vgmy1XYYvDbgAD3sqXhA6kGNg2okTTAS534MnSXsKN1SxP5coTZZFyXUr5/hOeGw/mI9OZ7Yfl9Kkgh6aYwNyIkEgEqwU/W5QXPC6fDg7pafzo9N4ryeA9iNBBzph/e1LE/pxF+adrrhdwX6JhwkHTKcTfudg/TrEJIaSUBtxtWFTboXCQ8NeSny+w8R+oCMICuIh6HL7tgmiTsUdfuvFkLOuBIJEHczYiKG5VH9/sZKgqwWyEpPmUbeDFmbiJPDK7cIF4mBuskKIkFwUuMXVXiTuKgi+VaBk4Hwv2zSahB3RXskFvTtkaC2ABKkzrx+k1GM3UiznIEBxOR+r2dsMOJaT3S4WSx03AUC8Us8eUUMMR8iRATNzBlfLqRlcHmpZD0jSA7AMxo9rqr4kLylEYEGR96B4/TXJmssH+XKCZ3LJ2JJj4Vp1SfdMxogEneB/CAXMlD9Yii3FApmT92UCIhx0dZv7AxJubbzTWSAZkYn4sKWMXOk3ZBI6juKqH6XhkpuKruWkuloCxDYr8mwZDwA42BZrfAGizlr2PIl1UioAOHURZbCUstVU/XYGiB9NtP3t/sS+C5KUlEOfGGAnJts37+7WvSTA1fTLTJ1qdnNZhSV4SSzuiZPi9/9qo1/DufAjoKRE+S0TiaxakQifoevzysSiWnOkUqFTRvb34ap9/RjGnjOFOX22y1NaGnMtMyrSaQ600mpVCMdmq6N3TuylGn6nd0SumrDaHu0dguk2fmKE6TYLTl7eJnYQ5bAzTLL7rsMy1iAiGWaPQ1MQewqy4zrGwDwjDyb3ILgBM0zzjNJ+IslllhJ+p0z3+rbW6VN1k0C/CjDkTb3esJ53k2NSLVvUOMihmTbJsdw7j00x6DmjKx+1lstrKmhgjATkALLMaYjuOzzhnYTR4gdVTQ7bI91sMsH3RwGJ5Y9Xh5rOWkW843t/egKY5Lti4PtYnaPAo/ozS6P4OikpcSNfbqSUtmNVA14dgiKxAV0Y01559nioCcj2WIfOuB4aG8ki6t1r7WM15clM0qqGOzZ1eL0Kne+JQ+afV4RHoWF9Lp9tv7w7Auu0/Z0GXCmaZ54ah1PZaxI3C0Lae3UrqbqassP9jgBLtTY4Z+k8Uc8ZweEkg4CtI0dInIaaT+mLZGXNmVLfiRcR5rt2jxZNSKBNOIQ1o9eQ6+zn3pGVscSv36Um4kyu0SBFFxPC4Ictp+vhpER8jRiazu1V+PcdqWBg0lB7rFQmkU/gmUzhk7s2F3JiPwf+YkmUqpjZ44jnVtWpkvtDBaaJrOlzWZimNvyZrlaxPsgoySx03vyuNgJXEMjK7/Y4eFNuS61/HOA/U3PTT46vjC90iX/7m8qbphfcdcK37/iPppfwWEoU1WUdsW9lHa6Lf9Q4c/emX+3wvnh+Xwffn04EZmfzmVeznfmm5zvzL+8nL9YYF4/3HmBQ3TuPNeHzr+8ni/qx7dJN5f5x7lMty/G7srQ+a318uMzr471O0vp3x1AhUcTpb6cSXn58UbVUiAZedvoeF3nRVEF9Y9LVNOtm+NaH8bDVxhnaXn2/3ThthvnD0OY5lkOH5eyz3Nb8nKW1ZdPp283HieB6Xk9tH4WiS7nqXtsi+++CrHvv49vqi7U8X9W+Hfglg/WCbSItk+7oJDfglf/Fhx//h9AbJrSDQplbmRzdHJlYW0NZW5kb2JqDTE4MiAwIG9iag08PC9Db250ZW50cyAxODMgMCBSIC9NZWRpYUJveCBbMCAwIDk2MCA1NDBdIC9QYXJlbnQgMiAwIFIgL1Jlc291cmNlcyA8PC9FeHRHU3RhdGUgPDwvR1M4IDggMCBSPj4gL0ZvbnQgPDwvRlQxMCAxMCAwIFIgL0ZUMTUgMTUgMCBSPj4gL1hPYmplY3QgPDwvSU05IDkgMCBSPj4+PiAvVHlwZSAvUGFnZT4+DWVuZG9iag0xODMgMCBvYmoNPDwvRmlsdGVyIC9GbGF0ZURlY29kZSAvTGVuZ3RoIDM0NT4+DQpzdHJlYW0NCnicjVLBSgMxEL0L+Yc5F5xmkkw2CyK01hYLPagBP0BsoVhl68Hfdya7bdelaAkhsy+TeW/ebGMIrKxrPThYeN2ZxihSxxbYv5mXEXxInq79Rq7Hi+cEm69h2npkHo1Fy/BtHKxkL2VvS5qFp8XxXVNeFVr2NbJTbgmqqPTjh1UNs0+QWlKopZXHjZlmM55nsuAcQV63VKVKicghUQXsIpLzkHfmJs7v+DZvgchLEuSZIhNBru6zaL28JCPZdEnJtq3iko/AFDDBTtA2etfIE7ogod734y6juFiUHR3/RyJ3PbtLBPbGKIQuATFWDkLEECCyIqdRymC6fRhAH+uUiYaK6zPSfKwwyWEd+lAXcXaS+Lf9ZwraY0HpaG/keyW+LWVvjXRL7Cv5MQZkgXlIFudTr06EdHKiIH/T9/pR+gEP24D0Z1NWCBmjuGnVWQ4o0z14qusH+bm07w0KZW5kc3RyZWFtDWVuZG9iag0xMjEgMCBvYmoNPDwvQmFzZUZvbnQgL0NTS1NVSytXaW5nZGluZ3MtUmVndWxhciAvRGVzY2VuZGFudEZvbnRzIFsxMjMgMCBSXSAvRW5jb2RpbmcgL0lkZW50aXR5LUggL1N1YnR5cGUgL1R5cGUwIC9Ub1VuaWNvZGUgMTIyIDAgUiAvVHlwZSAvRm9udD4+DWVuZG9iag0xMjIgMCBvYmoNPDwvRmlsdGVyIC9GbGF0ZURlY29kZSAvTGVuZ3RoIDIyND4+DQpzdHJlYW0NCnicXZDBasMwDIbveQod20Nx2sNOITCyDnJYV5rtARxbyQyLbBTnkLev7IYOJrBB/v9P/JZq2reWXAR1ZW86jDA4soyzX9gg9Dg6Ko4nsM7Ercu3mXQolMDdOkecWho8VJW6iTZHXmH3an2Pe1CfbJEdjbD7bjrpuyWEX5yQIpR1DRYHGfOhw0VPCCpTh9aK7OJ6EOTP8bUGhFPuj48oxlucgzbImkYsqlKqhupdqi6Q7D99o/rB/GhO7uYluctzmd3be+Lkc/AMZRZmyZM3kIOkCI7wuaTgAwiVzh3vQG+yDQplbmRzdHJlYW0NZW5kb2JqDTE4NCAwIG9iag08PC9PcmRlcmluZyAoSWRlbnRpdHkpIC9SZWdpc3RyeSAoQWRvYmUpIC9TdXBwbGVtZW50IDA+Pg1lbmRvYmoNMTIzIDAgb2JqDTw8L0Jhc2VGb250IC9DU0tTVUsrV2luZ2RpbmdzLVJlZ3VsYXIgL0NJRFN5c3RlbUluZm8gMTg0IDAgUiAvQ0lEVG9HSURNYXAgL0lkZW50aXR5IC9EVyA1MDAgL0ZvbnREZXNjcmlwdG9yIDEyNCAwIFIgL1N1YnR5cGUgL0NJREZvbnRUeXBlMiAvVHlwZSAvRm9udCAvVyBbMTk4IFs5NzldXT4+DWVuZG9iag0xMjQgMCBvYmoNPDwvQXNjZW50IDg5OCAvQXZnV2lkdGggODg5IC9DYXBIZWlnaHQgMCAvRGVzY2VudCAtMjEwIC9GbGFncyAzMiAvRm9udEJCb3ggWzAgLTIxMCAxMzU4IDg5OF0gL0ZvbnRGYW1pbHkgKFdpbmdkaW5ncykgL0ZvbnRGaWxlMiAxMjUgMCBSIC9Gb250TmFtZSAvQ1NLU1VLK1dpbmdkaW5ncy1SZWd1bGFyIC9Gb250U3RyZXRjaCAvTm9ybWFsIC9Gb250V2VpZ2h0IDQwMCAvSXRhbGljQW5nbGUgMCAvTWF4V2lkdGggMTQ0MyAvTWlzc2luZ1dpZHRoIDUwMCAvU3RlbVYgNTYgL1R5cGUgL0ZvbnREZXNjcmlwdG9yIC9YSGVpZ2h0IDA+Pg1lbmRvYmoNMTI1IDAgb2JqDTw8L0ZpbHRlciAvRmxhdGVEZWNvZGUgL0xlbmd0aCAyODEzIC9MZW5ndGgxIDUxODQ+Pg0Kc3RyZWFtDQp4nO1YfXAV1RU/997dvfteAnn5JOWp7GNJRJIQQkTCh+GR5IV8jDUhQd5DLS9fmEiQiAwFQQwFGngJ9lmiHa1IUFFAgvsIamCYStFgZmzHMoNfxWJr42gtceoUxNoJ6bl7k5RQtZ1O//CP7slvf+eec/bce+69u/s2QADAAc3AwNW0qq7p1tevXyoMAKxyRdXaJnabNgUbXyKMxpU1VYm3JDoBYsMA5FT9itVri/NC21FPxvht9fV1VXHxzocw9gxiEjZrz+86Nxv1JxA33dW4btlfDj1QDxDvx/Yny5ruWvHahTkWgNKBWFqzZrVxKHP/foDoSgB1NoixqfQn8asuDCyNmXtRd+sgjr2dOy8LPnNuIA3gcpnzA56FzWg7XhzIPOtyGUBUG8Dgm84PRjzDx4e25UMSDZmwA8YCBRdqs/DS88pS9BEFcE7w0BCiVz0XShyTod3ZgDgBJTwV2h3HoZMdgB79IHTyidDpiBnCUomoFkQbdOo90Ol8BTrVn0mIWGUl4jT62rH9CJToHZhzC+oe6bch9AVoRyhd0Kn58fo6Cb5dQqmVEPHaK3DbMPQ/YlwR2t7APl5CvxsRhbYb0bYJORHatWJoH+5L/dsQehE4Zu12tCcOjWOKHIvDi7lw3Bzz6UeRsT7+Q8TD2M5GvkfWqm/F629GXgZdzjTYpuDcCQz3hfNZchVyRmE9xqy/ai7+x6A4B2y/rNnu52rslvh3cYqI67syhriGfKdRj/na3DZI9VW2lm+O/c+gV18FgCxd7t+sb4NTw/2pyTW313103ndG9LeHMNTWZoyGHpIY8f99NEbsG6BHQKyxrc9HvgLsLNSwRKjRF0Ctd2bOzBuzp2dNy5yakZ425YbJ16emTDIneowJ1117jXv895LHJSUmxMfFumLGjomOcjp0rqkKowTSfWZh0LBSg5aSahYVZYi2WYWGqisMQctAU+HoGMsI2mHG6EgvRi67KtIrI70jkcRlzIW5GemGzzSsXxeYRjdZUu5HfUeBGTCsflu/xdaVVLsxBhseD15h+JLrCwyLBA2fVbimPuQLFmC+SJQz38yvc2akQ8QZhWoUalah2RQhhbnEVmihb3aEgj4GR2WVmAU+q9gsEEOwWIqvqtYqK/f7CtweTyAj3SL5NWa1BWaeFZNmh0C+3Y2l5Vvc7sZoEOVAqxFJPxFq63ZBdTAtutasrbrDb7GqgOgjNs1aYBZYC+7vS85I7ybPVvotR343gUr/USgZbI4UNxcUBERvcfn+Fjt8HIaPu7/PzUK+5AZDNEOhFsPqKPdf6fWIcyCASTPSSxf6PThq09dmiDIW+u0KMClJzsRBCpsoUxZcZ/qEJXi3YTnMPLM+dHcQF2t8yIKF6zyHx5d4jw7+Hkp8RqjSb3qseW4zUFVwTSQBQgvXdRV7jeLRnoz0iCtWznRkbMyQEj3mSqVuxGdrdrjQcNTDU03EiMxi3CKWUWPgSPymRVNyxKkuB0I1ORiGR4DgjDbg/AVDrtliIdQUl2mELgJuBLP//GhL1ZBFS3FdBKGK7TKy5dA/rFtpadaUKWKn8HxcWhxZrt2ekZG+xio1m1yGVYpTBmV+vCgwOxOn3OMRq9za7YVqbFjN5X7ZNqDafRi8mWkBiwaF58SwJ3GR8DQPe0YuD5q4nY/YL9hES08d+YtxJcX76mdbJOlb3HXSj7ePz4goakqozJ9aFWp1pwZDbQFcmkK8FUOhQtMoDAVDVd2DzdWm4TJDkdLSUJMvOFxS9+CJVrflbQvUE5xUK1vOhhWf72duGpAadbNABnijobAQhxIXq3uLjG560+Gi6UibbSIHJT0vab+kfZKek/S0pD2SdksqllQkaYGkPEleSbmS5kqaJUmTpEhikoj3VuT3EWcRv0W8jXgV8RLiRcQLiE7EQcQ+xHOI3YgnEbsQbYjNiBrEUjvnCzJ1p6QDkp6VtFfSM5KelFQgab6kmyXlSOKSVElUEni9yO8h3kL0Il5HnEL0IF5GHEF0IQ4hOhA/RaxD1BZNT3AkOGaGu8kabzEP7+HhnTy8g4dX8nAjDy/j4ToevoOHl/BwgIf9fJI+UTf06/Rr9PF6sp6kJ+hxuksfq0frTl3XNV3RqY7vQCueldLSijxSap2ogdJqw/qiwuwmzvIllmrmESuuFEor85KtnDSLbrOfZt1kMELIQ1vd4kF2FAgZ3LrDPcSBACSl/euRPKpVWrbuOEwgM4HjObuLT3iNC2sFWsO2NSysYduaTA6XwfTSqtbgtfA1if95kG/1jor0NYhyy/wRHfIC+XdI7qJRTqwn6PYE8pJcTbl2cXM8yRvdxxQg+yAK7+dofEGMQQhXxvyM+cKFv4iFa6x4dwy5kjfO8biPkX1DLheaY3Eq4bt2nP5GTxZKDfHTTXQJaj+Hajw/jqhFPAbt0E67ZAxkIyzUSuBj/I08HVbZ9mzYgOcC+BIn7se2ZS5Uo78ao3uQc9FXg0zsHO2kzeYHYAvm/px20ZP0pO2dh3lLRIQU2qX2ol3k2wyH4Bw5gTHrYSf6jsJpcRVmxi8HuEQmo7SSj0g/LUMrEf1jnuUY3Y7j/QW8B38lCSSXhMhxjInD37PErkL01owxPSin7SxCbiGNZCVZRbZjzj7K6AzMupJuox3UoidZQMlVe7U4bSZvFN9I+NXEIBYrFNm+DxXYczXcO5JVym8IJeWkktSTR0kHjqGH9KNcoBl0Hs66kEdYUIlWPlGXq0+h9GqL+C5dw9wqfnyNBwNS4Easyod9lOOYa+FuuN+W9SgbcC5/BLuhA/bAfojAMfil6BPOwjm4hLMTgyLqmklmkcUoAZRVZCPZgvPReoXsIE+QLnIMx/cGeYtOwKqlNGL1cpSb6eP0CH2D/op+QPvop/RzBszBlrJqdh/byw6wN9mbSpHSoexR3lfeV4lq2TMVpyVod2qtKG3cwZfzLfxhvou/5JwK47CudKyrBBZjVeuwkg2wDUL2qkVQjsCLKL3wqagDZXCoEiGzSAEpJItQAmQJ/gJYQe4ja0cqeoY8S/aRI1jLWyjvkrPkD+TP5DNbLlGNJtG0kfrKaAVdTJfTR+lj9An6PO7ILnqcvkvPYY199CLWGMXiWCK7jvlYIUolu52tZZtZJzvJzrJ+XLdo5WYlV1mk3Im1n1L6lE9wJanK1BR1hjobpV69R92otqpP4o7uV/u1aHtW4rR4bY7Wou3WurT3tAGeyJP4RJSpPItX8Ea+hh/gffxj/aBjvqPBscqZDgdgGrx81d37Iu7uV+mdWiaMJ2dxN9zLYjDKEPcejeaNjgbaJUbHK8hkXKnfwSXmgFLlFCxmt0OjWs2i+HnYR+5TNpHnWSEchL18DTnOgqyf7VVTtDlyPunj7ABfx4P8YxzpBbZTredTyXy1leyj8/COXkXK4QtyEX6APa+mU+AUbIdtZA2+cNr1g2QM3ms9dAJpVZ9ih5UO5lM3khtwBd1qL9sKMyARomEyTMS9rkICQhyp/5fviDTA6v9SAJ9fzQCsGZ/iDF/0pjeGnyHKGfI0gDII6iA7Sj4CyLzc7+qHeZ/hOWtadqwnNsUT62lmMNBM4TKovV/lNCu94v9ZnQB8CubSYfFhrmndtMXrAD0Bv+0pY7JFEkSgjrd9AzDyDGikwevUgVCmcV1Tj5Jt2F//uFkwb2CgP3ZW1rQWdWraA67XWqYmC4onHuJJRHTSPjJu4EGVfTVAN13+k3gQDDx4auDBwcGRUSyAHv4OwAnwwj8A4AmuaA0KZW5kc3RyZWFtDWVuZG9iag0zMiAwIG9iag08PC9CYXNlRm9udCAvWU1WRVZUK01pY3Jvc29mdFlhSGVpIC9EZXNjZW5kYW50Rm9udHMgWzM0IDAgUl0gL0VuY29kaW5nIC9JZGVudGl0eS1IIC9TdWJ0eXBlIC9UeXBlMCAvVG9Vbmljb2RlIDMzIDAgUiAvVHlwZSAvRm9udD4+DWVuZG9iag0zMyAwIG9iag08PC9GaWx0ZXIgL0ZsYXRlRGVjb2RlIC9MZW5ndGggMzM1ND4+DQpzdHJlYW0NCnicfZrbil25EYbv/RT7cnIxeC2dSgJjkNaSwBc5ECcP0O7enjTE7abdc+G3j/b/KTNkAjbMwMeSVAepSlXa/fb4cH54eny9vP3by9f7j9fXy+fHp4eX67evv77cXy+frr88Pr3Z3eXh8f51kf5//+Xu+c3bOfnj92+v1y8fnj5/vbx79/bv89u315fvl5/qw9dP1z9d3v715eH68vj0y+Wnfx4fJ3/89fn539cv16fXy/b+/eXh+nku8+e757/cfble3mrWzx8e5ufH1+8/zym/j/jH9+frxYl3VLn/+nD99nx3f325e/rl+ubdNv+9v7wb89/7N9enhz9837eNeZ8+3//r7kXj/Ry/bW57L2pQFO0bVKEdapCDDmitckIRGlASeSTsBu1QhhxUIA9VKEBo5pdmB5SgEzKoQxkaUBE5LPJY5NDao7ULUIfQM6CnQ8+Ang49A3o69Azo6dAzoKdDz4CeDj0Dejr0DOjp0DOgp0fPgJ4eXwd87dE6oLVH64DWHs8HPO/xfMTzHhsiNnhsiNjgsSFig0friNaBfY/se0B6RHrASwkvBSQkJAQkJCQEJCQkBLyU8FLAEwlPBDyR8EREekJ6xBMJT0R0SegS8UTCExFPJDwR8YThiYjWhtYRrQ2tI1obWke0NrSOaG1oHdlNYzcjWhtaJ3Qx6eK220i37VrF7QE6oAid0CFy8ryTtW4v0syZyO2smTXPJVnkk1fUbwEyKEMZKlCDJN1bEe06Z2G7eSl0RobNoPUtQw0q0AlVqENNtHtoQKyys6ZbxJpkjaC4Dd2vb8zzyFPcTkKCcyIiJyhuJ62Rpyhq34PnW04Q0jMjPdLzAWFRRoLHBjwfFA+T5N2geAi9LkJCNQgJlTUDqzQsCqzSyMwrA/9/Rg4BCw7tbIhYfqBzxPIDLSPSOp6OWNAjhOyOJhHfDvyQWHOwZsKewS7oJIWx7ZAkjH1RgfC7TlL479lJkjC4R4Kxil/EKh5dTH4f5MRgrEk2C1Yh7DMkkM2CyS+DjBXyDrFmll8G0RAUG2EY87JO9Vi7nllz7VdhlRPphVU61hZs6OhSblrH2xUl6qKlWRmiiCeqExn21SQ6GNluno87WT60KCILhpYgvNsyhH3tFJGHQhsQEo4qKqx5HBDzDuZV/HIiveHBc4eQfqLLwZqnQWh9Im9gX7/5JbqNkV1au51I6Qbh3V4gNOsNYh+6POgcFvUBMXJsECOH9HTrLA3W5LzEDV1KgyI0IHSpO5ShDLFKlbyoHBz9FiHN83uCMmSQ5nm/5lWoQg1CF+Wv6LnrozLWpA4hLyLPIS+ukcjjLEWHPM519Iwkm0VlpegLI/0JYbuXd31DlyB/+sNBO4QnArocB4SEE58FdDmRF9DlRM+A7SerRNbs6BJZs6OL7t7oBzZEJAx0iaxJXooRD461pjwYuNOiclYM3GlRWWoSWqcI4V3lrGklNiT5JXCWojGPuipaEM0C4IcZORrrE5lRGWv6BtnG+gfSsvYkktti0ciUkFZkXTrRsmhk6niFDJKWj+oGYTn5JJGfY/UQq5BdbMfTVftlDj2rdsiIm9jkFUtoRnaxzC40RpIhI7nGuGMiucZOJBzaZxuc/8NB2HfIm5m8EA9JyFSUkRyVqeLiIU/k7CHJywV5p1Ypa9fPBGH7KX+WFZlnhZB+apXiOJ1nh9CTjFXoJCL5pBhrDtlQlieGVqllkWxv1M9p2yGDpFnDn0kV0PRqhE6oQKzCeUnqm2IrGQpQhTIkTyTVPLE1VnFIbyckD7axviFvIEGdRDy4wZM6iUkBCtCAdK6PfY3UiTzozBJZ4qDiSoF5dDWJvHBQcSVVOfGIjCS+T6qQRESffX2ThHMgQfXzJPk6qQqJfVsUILyk2iJ2xypJ9nX6u0Rsdur1ZAnCWtUdk9gj4rYbWqvSmIQnDAkZyvJZL6yZ0YzqL6nSmIR9GellzUN6RV6WfavmShmtiZVUJGFsnKwSIFYpWnNQP6eSIOSRUVaVlcgTg/snkSdWfZQqq9CLpap9GBnP1w7hwTog/EKFMgoS2g5x5hsSKvKah9gVqpdxIJ1sMw60JtsMaotEfhkdecooaVunVRllUv9xRk5H1DiiPSnXpM2vFbuIzi+djFyaKEvMiERLZYm0L7+rykk7uTQpZ6R9+a9LgtvxiuqaSejcK4R1qmuSI9ck1TWT0FN1zSQkKA8lF1hzBAgbRoSI9oF0dtZU1yRHb2kb3zjHtqFZ3qAGVQjNOLm2I48uxnbk1fUNi8g1trMKHjSH1qeDmHc2iJFdWcn0+jDzj2w3VRbJ052bckby5ERT/5/8kq6OZ1KGJMGfWBRZhQrdlE9mpmIV07yw9LQdwgblhRR5LzLlhUnoqbyQIpnOTGtGektTXki3MuVGWWci8opgmTUz9mVWKWsk8yq7otifuZB5iv1JjFQHkuLydUGzvkZmCF8XJJBZrSCB7GKK/ZSogKxqZOL9zRTRKaVFkpeWDS1AnJCmXUl0Q9YkYVUhRmQaGct01yfjpcCOBDGPaDTqfDsKtL5VCF1UB6RVr5jqgGRuzesQe6teJRmZzk7tg/H+ZkS4cUvbiXT6fzuRQIdlxLRlLOrMI7eZOpdJyBuyKK+zq6ogZb+oQ9I66711kuZlVf0zg0vPTKwU4xuxUp3ObtYr3syaHgpQgCIUIZ3IRp+WdS/PHMrI4KD1TbYf+/omXx9+kVY5eMHMemOYJItyZCSdUtZbQTroHbIq7XTcJPwoI2fd2HPcmiVpJ1k9E4snr8pZVXc6ydY5841XtKzuPK0KIRNFnb4sq36euVf7nKvm9Y51qoonsSe6p2y902V12TMXFqiIqGezzqM5ap6s3tnc8sqpVRzvkFl1qTne93K/SZ+ldYf0zZMJsu6DeVSRoPrSAlVxVkVpkfNfdHYscv7LppERXW4FsChCBjVINkTeg4uqRkvcB0UdqiXOeNGbms2tFek8WqK7K46R1GZFudtWtBe9W1uiEyuqIc14+yteq6wYLuo7zchKxQ9I0V50Oi1zHos6zRl8G5REvG8U3Q6T0EUvuVbiItlXqM2KOkYrnM6iHnEGLfLUI1pZ9iVJKPRURV3hJObpJcvqskin1Sq/OxS9s1rlRi16g7J6at+LKkOrdLZFN4A1clTJ0rOFNVISWkQX9YWTEqRdaWvHdDtY484uug+skZWKXqSsEZlFL1KTsFZV48zZ65v24aC6LVXfjoYE3Qd2LNtVC9rpHHRAyNPtYL3yTRWerXq26K6w9dJZVOFNwhO6Oaw3zot6RtNL56RDPutUhkX3yCTW1M0xaY2UB/u5RrLm8jyx2U98rbtiEp44kEdMlxN5HT2J4r5O5IlF65Tr5pi05iluB3Vc6VplrP3rkj6WB1XV5VWzFtVxk4gAxfsk9FTlltfvOGVUaH1rIjrkqn4yb9hXFe9543avG6vwAlAV73m/vbX8KCNXVXHzRmJ9RXt2/MpRFe2TKnSK6IGr6rbsyMFVr+TZbx46RNy1VfGdfTNIIwNZvupOyYmbsCr6csbyqn4uZ95Tqu6DnGuDtEqmiquqxnIhFqveWnKhi7kF6I14eamKzFx446q6VSZhu3q2XDhzNQeoQFF0rnmyvfCiXnUb5RV9VXE6iXmq4vKKxaqondQhL6Leq6rpJq1v8ktbWhckLD31JjQJPRXRk5BXkUduqxV53PtV1d8kdKnI64syhAcr0teZULTn9VJQdWtOwnbFcD7J8lVd2rwR+abuaxL7pzjNJ9V0VfTN25Ld7FBlXmeVtohVltbqsPK59FQ3lAe3Q1U1NgkPDoPWSOk56NUbUTS46xtRNPB8UzeUx2GQvDvoK5p6o0nyRNMbzaQG3SSUFe1NvxlPQoLebsvG63fTL8Fl40Wq6Q4tGx5sirGyfmdvukPL+iW4edakv2uKv7J+1WyKv7JqmaaIKxt1TtMdWna6xKaequzc9U0V3qT1bUDoog6r7MvaJK0jr/RN8VciEdd0+82LmFUUjZPwp3qjEnm/aYrGSTpZTXFUEjdq031XEq9HTXdaSeSQpliZdzWr6E4riTq46SVkEpopVkqi/muKgJLW3lbmETlNd1pZvUrTvVUsLYoQ8vTyOdMLeuplomTei5r6n0lI1y02iTOhCJg3PiNVRc4b/3/ekf0fE3JTCVkKrVc7pWTlR+imQCmVhripoCyVx/WmK6V0bZeLjZ8AZZxLgx+ptLEu88C260cxl9P60eimsqM8iU4Fs2tKbTGqxXAnP6MkbbM7+SnBtHl+V7sTDxUkPvCDBD8te9NWJn4q8asV8nra9M3RwOknDz8GLYYeyoLpGcainmej27lAb8/wk0i6m9LCpAPqIhUy8yK82Rd5+shRz1Hx5BLj+TLteiou/Hw2O9p1PPTNjAOhbU5DadYrvH/fvNufzny5e7789nc597++vFyfXvVHQPpbnNtf4Tw+XX/7O6Hnr8+XOev2338A7DWr9A0KZW5kc3RyZWFtDWVuZG9iag0zNCAwIG9iag08PC9CYXNlRm9udCAvWU1WRVZUK01pY3Jvc29mdFlhSGVpIC9DSURTeXN0ZW1JbmZvIDE4NCAwIFIgL0NJRFRvR0lETWFwIC9JZGVudGl0eSAvRFcgNjk3IC9Gb250RGVzY3JpcHRvciAzNSAwIFIgL1N1YnR5cGUgL0NJREZvbnRUeXBlMiAvVHlwZSAvRm9udCAvVyBbMyBbMjk1XSAxMSBbODg5XSAxNiBbNDU1IDc0MSAyNDAgNDMyXSAyMSBbNDI3IDU4NiA1ODYgNTg2IDU4NiA1ODYgNTg2IDU4NiA1ODYgNTg2IDU4NiAyNDBdIDM1IDM2IDc0MSAzOSBbNzAzIDYyNyA2NjggNzYxIDU0OSA1MzEgNzQzIDc3MyAyOTMgMzk1XSA1MCBbNTEzIDk3NyA4MTIgODE0IDYxMV0gNTYgWzY1MiA1NzcgNTczXSA2MCBbNjc2XSA2NSBbMzMzXSA2NyBbMzMzXSA3MSBbNTUyIDYzOCA1MDEgNjM5IDU2N10gNzggWzYxNSAyNjZdIDgxIFs1NDQgMjY2IDkzNyA2MTYgNjM1IDYzOCA2MzkgMzgxIDQ2MiAzNzIgNjE2XSA5MyBbNzg5XSA5NSBbNTI5XSAxMDAgWzc0MV0gNTI1IFsxMDgwXSA1MzIgNTMzIDEwMDAgNTQwIFs4MTNdIDU5NCBbMTAwMF0gNjI2IFs4ODFdIDY0NSBbNzQxXSA4NjcgWzEwMDBdIDg3MSAyODU3MyAxMDAwXT4+DWVuZG9iag0zNSAwIG9iag08PC9Bc2NlbnQgMTAzNiAvQXZnV2lkdGggNDgxIC9DYXBIZWlnaHQgNzU2IC9EZXNjZW50IC0yNTUgL0ZsYWdzIDMyIC9Gb250QkJveCBbLTE1OCAtMjU1IDEyNjkgMTAzNl0gL0ZvbnRGYW1pbHkgKE1pY3Jvc29mdCBZYUhlaSkgL0ZvbnRGaWxlMiAzNiAwIFIgL0ZvbnROYW1lIC9ZTVZFVlQrTWljcm9zb2Z0WWFIZWkgL0ZvbnRTdHJldGNoIC9Ob3JtYWwgL0ZvbnRXZWlnaHQgNDAwIC9JdGFsaWNBbmdsZSAwIC9NYXhXaWR0aCAxMzEyIC9NaXNzaW5nV2lkdGggNjk3IC9TdGVtViA1NiAvVHlwZSAvRm9udERlc2NyaXB0b3IgL1hIZWlnaHQgNTQwPj4NZW5kb2JqDTM2IDAgb2JqDTw8L0ZpbHRlciAvRmxhdGVEZWNvZGUgL0xlbmd0aCAyNjkxODggL0xlbmd0aDEgNTg1NjU2Pj4NCnN0cmVhbQ0KeJzEvQ2QZclV33nrcw5FUTzKL4rH0/PbolwqiqIoiqJclIvadrnd7m339o6boT1MDMMwiFG73bTb5XbTasbtUbsZD8MwDBNCMR4IrWLMKlitJCRZO/YqWNlgzIfAYIMRtuzALCzeBdZ8eM1HyGAze09V/nT+9/R9PRocXndEdt6befLkyZOZ5yvzvqrGqqr6tOp2NVF1Dq+9+fDU35/6p9XYLzxVVeP//i997c3Dt375ZxzWEJ+o0+KVv/x1X7vxxptvqsZ++bAa+7hd+kvXb96+/u9eqaqxXjX2s49fuvTmr/2sR7/hO2vYj9VpuX59vH/fw99fP7+jTjt/4co3XjzzR178ymri+29WU5sHFw//wl9af+l/W6/G/vmtqpqZ/rob1xfP2eWfr8Z+6WZVTfxu5bRN/7lHrt361z/6NZ+5/zuLb7DK/33gd/Y/4Pkv/t433fiDj/yn35lZtbNHoxg7alH5//aW//QrNc7bf/CRT7x1ZrWUf/Lf9b/jJTfGxj6v+vzqK6rparzqVF9UPVK3+zuf/o9qXoxPvb36X49Af7TmxKN1ul19/+TfqX64Tm/x54lb1cem3lAt1+/vuW9YfeX071a3xj+j+p/G31d9Z50+e+Jd1ZdP/Wb1H8d+vVqbuFG9o87fMvH1r/4fNfxX1eljjqdO316nz6rT++t0o05/uU5vqtPjDu9tp35zbNnxeD7xr6u/aQfV353629VnT01VH516uHp8uld9dPJinQ7q99+q3zerj44/XH104guq3lS3Ln9D9dH7frr66PTfqNPfrB6f/L+O86k/Ude9s7o9+WL1BVP/ocb5F6t5W67eMPX5VX/yYzVNv1u9sR7Hv5q48Oov1/mX1TT8zsSLNR8eqR6cvFJ99dSg+sDkRPXmqWH15slnqzeP/0i1e/T869UHxj+3+lvjf+zVrcmvOnp+/31vrWF/o/rA1EINX7dzuIm56gMTr1R/Zfz3q4267jsnv6Sam/7y6nMm5+r+96vPmPjN6o/V/b55/POq76/zP1v3/wuTP1n9xZo3p71s4leqb5t4ubpz3/dW7524VD00ea161PnkvD4qq2md+NPVjaOy7epanb51/BuqZ6Y+rfrg5Hj1yBF/P1p96US3+taJ76++om7/yH2/UH2rzVTf6nnN628/4nNLuu9ONeO8P+K7pJrvgzq9dfzhVz9Rp1+r5+YN8D2nej6HR7nzXtIR7+s5mvxozbOaz23pvi+q84ljvmuqeW11enT8c1/9J3X6h5P/ui6H7zn5mlqoto94r6nm/dHcel6P9WiuI184yn3sPvcjcl+TU993lL9h6nNrGpw/z47IvyXeff362mjN/2iNr17bk7/+6k/X+Rsmf6ta9LE5fzWfOv/qP/tkmfO3HmvObbZ63Jzeeg/4Oiz54yV/1veFr81G/oHq6z/5Xu+Z8d+r122dT3zjce7r+Gj+ah5+qrnvt6M173Ne85t952s/5+PL9ZzUcmFit7o4/verP+1r2ffi+HurlbEfr75h/HL1FWPfW/13479TrYz/n9WfctkxfrH6ufG//uoP+/z5ep/67Fc/Pv2Lr3584tqrH79von7+9Dqff/Xj41/96ruRKZN/tJ67v1398aM5qft2njvfXKa4PJl6a9VDnkz+1epPHq3nnfrZ1+w3VV/svPBxTH9HddFlyfQ/rL5j+luqy/V++BUvn7pQfc3EP62+cmqs+ubxr65emvx4teBlk/+03pfPVGNTf6T6Wq+f+Be1/Kxhpj67Hu9XVx+a/I56/F/16qtT03X+turTJn6heuBoHf+1Gmeves/kWPVIDX9x8s9Ub3Sc9dp78+R7Kqvpe/m+serJeow/e9RX3cZzL6v7/MDUTtWd/M2a3pVXP+751PPVm++rXv2Dyd+vVc/n1Di9j/tqvn+ibvdQvT5+vZ6/L6zOTn5d9cenvubV35/8869+/X0/Vv1QLeO+d+q/r3Ymb1f7te6oJv/nV3+1Htf/MDldnazLe5Nn674/XMso7/+3qpmJl4/7mPrM6n/xPePy8kg+z9b1s/U4an4eycp6T933uTW/ff7rOZl+Q81fn6OvrGHr9ejz4rx1eW/fXMvwb69hvryW6S77f6van/7Co/n87KnxOi/zOz1f/RHHdd87Xv1/Jj9Q74tvqsu+qczvz1fzR/Nb5p25PdrbPreO8+uqrzua2yfr8h+pPmh/uvqoPV/Dr1RfMP2Lddl0nf58ddU+XuefV+0fyQyrbk2+XMv8B+tx/ETdf73fp5+rJid+qXpw6rPqcX6Wz2+dXq7noh6rz/MR7z0vuqaW6Yu+T6ana1pqPTG1X5f/2+rl6f9QfeC+rRru86vF6S+ry/5incarr7mvV+eXqoMj2XJf9flHfTse1zuuoz731X98xPdfrT7rPl9XLlO+qsg+f/+cer6/vvoA+zTn7FvXOZMP1LbDu2qdU+udyb9b/aJV019XWytvmayqrxmfqd5i1dRn8D7xZ6ozR+mp6t1HdsG/rN4yfad60Z9nbldfOf7p1bdPfE31XXW7t47/YC3P6zT9kerLJv9krfcc/4dqO+Et1RdO/Fb1BZ/2Y9UXT/x29SVTS9Xn1fjP3DdevbPOf3j8H1ef+Wk/Us9LVc/J91YP+B6c+qIjHfeU67c6vVSn77Jq/BusGput4f5ene6vn8/U+Z8s6Y11ulSX/fU6f6xOf9aqifp57A/q9EV1+tI6/eO6vB5vdb5ONQ1jf7xOv1o//7l6rN9Z8pfqsr9Sp0sl/dXJ91bnXc7Uz53pbztaX196ZC+99w8+MtGvdmp9/S0TX1xdqPMvnzisZddh9cTku+v0oTod1PK/tp/crph6uXrjp/14vZa/uV5/V6u5yW+rvn7qjfV8/4/V37hvrvp7dXqopuGvTb2zemTy8fHxqZ8Z+9Gpn65+6Sj9QPVtdf/fUeP88cnvqc7VMH/V0/QvT0xO//LY5Rrmt6f+39rueLx649TPVL9R0/f7Nd3f6vnRc12uafpi9Y01vppPY18w9UrlvDl9zNP/GmmsV+f1/I99RZ1/qM6/vk7TdfqmOj1ap5W6/FydvqjM80ZJuyX/7pKfqNOXTr23Xnc/Wcu0947/tcmfHPuwPx+n8U7b+zEcdf5+3J70eutzyvA5/Zeuf63k7afeO/YjPo7j3JOXkV5v+WunY37pPHgZafTYPvX3yS+Z/NnqbVO71TsnPrO2v+t0378d26zx/z3yOn2bp6nZ2k762Vpv/2T1/hr+BzzXVNvdh9PfXJ2bfrFOF6tvn66q367TX554x9jcxBPV79Xr8621rJmv82+pZVS9l6ofrZ/rdT3xwVqW+vuH6/IaZnz8WOaM/8s6/xt17jLol+r8VJ3/dp3XXuNYLX/G/9s6VfXzLx+Xj/3GMfxR2y88xuN59e46vViX13ti/Ivr/B11erl+dtwux+o9M/ZiaVPLtPHPr9P76jbfV2Rb3cf4yZJ/cXn+4TrVcnmspqF6sM4v1umb6/St9VhqeTr+J+ryf1G//8f6uaZnou577PfK+5fVeb0Xx363fv4Hx8/jNV/Gv/0YZvyx4+fqfcflY+85budwE599TPO4j+cTdfqxGu49hQf/qC6frPu3Gu6VuvwTx+VH46lp9zmodVo14bLjJ92Pq8vr9uO1/Bj/ltLv9x3jHr9cynzO/midv3Isg8bruRr/mWMdM/7uWt/+bm2vfEmNa7fO/3fHOfXdtX1xqvpbbr+4Lj6yW76q2AJvqL6xhnmsTl/pfmxt977/KH/1KF+sy4/8K7cvatz/6si2yv7McTrypdxvc9+p+AHb2PNufx75pLvVIzWd/7BOvra+8Zj+I3m6X6ftOi3LsyfXm0t12qrTsE47pXylwM2XOsp75b1f1tnW8XxUt+u0WHC4/t2s01ydBnVaKHWdgnepwC1IPigwjvd6nR4pctzTap3W6lTPUXW2wG0U+lYLbefK80bBv1rSZoHrFdz7hQdrhS9bpc1ioWFQxjxTct67hdZOyWcLzscLTF9gF0rqlTRI+ICfk+dOyeGF8mamwPZLWT+lWcnnS+oLvr70O5Q+LdEJPO3npX2/wMwLraydntDdlTrgFfec4IKmXuF/r9C3XvpgvSyU/KzQDt6dMsfMKTbAsKQDO163Dv8Tdapl4dG68D7eX2DZE3Oln5OlzVLpb6u8nyzttktf7APGc6FO76qT77mPFNgXS38dwdcrfFou+a3EuwPhz7DAMYebpc7xXSnvA6EXWrZK3dkyz2sW+8vfZ8pYFwt9rKvtwtP10n61wK2X8q4113AtP6sfKPlzpd9zFnYYvB7K+3Lppy4bc3wnCq69Oj1a6L9YcJws9M4XHLq2Fy32LbJnruBeL7ArpXzRYj13hb9Lwjfn0b9JeL38feX5xYLvQhmDP79Q2u+V8de66khOzchc+pp4T+nX5+177HiNPF3oeLr0d720eanA3Sn4zxTebZYxvFASa+l2Ga+XPWvH6+mpkm6XcV0viXkelLrZ0u6pwu/DOj1ZYMF7WMa0XfLDkuZLX99XaC52xxENL6b0rKQNi3W6UeZsaCEnoI/1OSh09Eu+IGWdkq8XPOyzBWvum3XpU/tgjpekfEnq0A0rBfe0NeWw8++Exd5SnMgg2m9KmdOxX+DQLSaw6AzGwFrqJryraTzTJV+VfKGMf9ZCdzr8bpnHB+x4356XsYPXafG1cEPaeMKWuFroRib6+rhY3rsW+njFQt5dl3ntWex/7IJuee4U3D0LGc8+ny+432OflCWf1BXoE3QIelv1EPMzU2C9z58ofby71DEW5CN6xeneK3i87qcKnl+wY5/z43X6J4Vn+6XNE3X6m6XtjYL3SkmXCp6bBY/v92ul/8uFx/OFzp0yTuTovvCLuWPMM4V//jxpTXsB3mOzsH5YN0MLe2pdxu5jfXuh0dudL89Ox4GFvtwq5e8q9GPT6P5jj7KesWN0L6mdg97TPeLphDX3HfqwZyGn+2UMPelH+0AnoGtUBrGHmPsli7W8Ju0XS91a4Vm27WZK2anS11zJvc2lAjdb6MSOwyZAhim/VAdCm84rZcvyrvINnlI+THBDqc/2I8/IzfVU1xcc9Mee30712u+ewDL+wT0SdiPzhC3LPAysKc/ROYsC6+W7FnJjMeHPch08+tyzJj3MU9+aNorOj65t7UvxwQPenfazFrbwrLSdkbbsNey3+fKMLdgt84DdCb03U9/zwj9dkw5f+2hju4UWj9PW/v2RnPb9fqfgctvppQLvtD9TaHumJN8DWwX/C2Uenil4XDbeKO93Sr+XCz2eu4x8qtDr+wdf1+s9bvl2i3V11kIfrRS8Lp/W03zoPCAnsBl1Xaj/onaFrtcs7wapve5thVm2sGHYG/B9Ttqi1xTvML3jh+U6b2+pnfqeuq7xVVV3oDO1/3nBq+PtSdI2rFPkgNubq9If/WzJs+sZfB3shSzrsBtdH/la9Pi5rwvsDHw0cDL2NemXNGchE+bLe1f61BgBYxq1TlhXOueez9jd6yPLOGihHTR1pExxa7/DFjz9hJ+kujbTwbwwl4sjYAapn6Hgw9Zn7esaZ61qjILY0Yr0yRpivXXLs8sMlx/YzM7XHYFRPYmds1T69bl/rJStlOS4fA257eSywm1rK2Xwi/2htEGv6je3k/BnT6b5Qk8sWKxptYfxa7QvcqeHPYGNsyvPP2THdu3H7FiG7pd+PL9iYefiK7J21FdhDTE3VnB6ny6Dn7fYo9go5OjgNSmjvqZzbKP0pX66xkkcL7riu0vZlTLfVy1iIMjaGZlv1dPdUjddcuCmC8ykhU2GTGI/DK3JC2JkxJdmpK9sh81Z0/5gXbN+kSdK+7CMm/XatfCfsLMeL+97Ugb/4LPKAfDmPcw60rJuasucUI+8VP3FM/Zwth2JBao+YP/ul/KHylz6umJ/Isvx/XbSvCpfT0kdewd6NI6AjsmyBnso23zUYyOpbMR+UDuC9u8p5U7DiUI7OmPXwmZbKn37M7458mC28GdX+kT3sW6QNcij90t79NpOqSMOCE+znmKfsM7hQ7b7v8+OzluOxue0vCI0zlj4xuj4vC9esdCbrGti9k7DpjXXTt8i9kk7ZMs5C38LupnvNRkPNuhywUViD8LDfWnn9VsWZwqb1uSN40IneNmeNX001TnsPfwP1ddzFntQx5xtR2+nvrzaVrulr01r7sO+hR8wFPidUoesafO5sw/DMzEBtR9Ur2YfKueLLe1WUrvlBLMpz7p2mftTBc8pi/gF/F8u42VtOvzDBWapwM1ZyBfsSH8+L7xg7bDX8KPQ18S61LZTu4i+iWOw7v4bC73EmJBJameonctcaAxQ54v3XWv65zoPyINlCxuG57aU57YtqSzRMvD3Ehy6IPejz/BOz9b60o59+7ZS7nr90GLtL1jE0IkXFRvkk3NDXIeEzaWJ/pjHPGbWKfoRHuA7wzv1tXSvsz6Jh6lvqv37+HytftiO/Ws/Q3i25PdKt0vSZ9LNlH+q6ZY8e2z3WknsUeUFesnX9ZXC40cKLPpiyULOulxds5DV+2XeLsl8qY7HXsZvww4m1gi/5yzOS5kf4qjq2+BbcAbLGRKyGp23JbhoNyvzfL2MD9tfZR52zm0Lm3cguNcEnvOTnVK+XPqZk3LH7/7Ki2We3yRjPG1xvudjvFHqaEfaL3R8j5Qh99k/yLCORey3YyFTVH8zn/pOjA77nLlRm0tlXr+lTv0hyhcSPHae+mj5XJt1p/t8QfCpbaw6mTiN9kl7lcPQkP115Cl7XvVz7q8r5Tr+JWvygLEAj68BnbSbS7g7Fr6N+ib4tJlftGd/czdgtqSOvGtbL0PPsa/wceHbHRkPawpb7X0WfgL7wtffyxbngxcKbt9D7CcSd1+20vu24Mxl6OEftLh34vmOhQ45FD45DeyTA5lL3683rKmz0U161gc85y6O97TFWQI6Wu0AbHxsb90rvTIG1ik+nK6HBQs7Nu8t59UlC71J3P+0jNnn+XKBvVLwbFn4nrq2iOu57nDZ5/7ER0r6YEovSDn3kND3P3d8J/To+d/J+EiTkmYl6R5DJmT97vnbLfy05VLvcSL00VoZ2w2Z7/MFzmXvUxbn5LcKPs+fLOlOSe6zXS/PN8qYn7Q4e32ylF2xsDOvlrRb6H26tL8l6VDgFgo9tyz2/F55Zt44c7xd+nqhjOu6hT3l43U9hr4+LH1fKe2eKOnJUs6dglulnDsEt0obf3df+ZXSF34atgVnAE+UcRwK3/z5XMEDzsuF3ielP/ocFpirFvYK8PDpyYKP94tl/i8KLhJlJy38COoWU993UtuTJceWyLgPW8pyWmqB5Vx5VJsrCcbbbia6DyXRZkvKiMG99Ckk3Wv9lud+Svhu3DHAv+M8Gt3Ts5Bzeq8H2dlN5QtSNpBypYPz7myvIHP1HsmG1C1a0y9UO2Jd2uNf9S1sMGQz91iyz5HLFtMzdoi/I9uIhTufXKbvW8Q2iXtOW5zvwTPsELUlsD/1XMhhfT2oDcg9PeKX6PI1C3sEuQMf9N6C2kv4tchm4q3c8diRd9bBtoUd4T4FsbVsiwEDL8zibA2eLQkMdr+eN4CPes5esWXUn9OzgkXpX/19+MoZALocfmEHYEfCE13vlG+3wExanAPjmywL/lkL/6criTWFPUdMck7qdqQc+uDDvDX1rT9zj23Omvp4IM/gg7++fn0dc7+JpHuVNdWVOvwrp9HX5IUyxy7vPf5zVmDYN2ct7kwR43cZyHkx+hbf9MDCH/O6KwWW80b8PO4xnywwDnvK4u7BrsU6ow98Ye6MwDe12dXOJs2ld01Z3v5hEvO7LM8kYtjYmVfKuLFddgsvzpf2zr9XSv3PW1NXYZOcKTy8WOZgq+BG/xJrQK9RrnrwakvZdQvbARtgvdQ5vpfLeF4QHPNlbq9KfwvlnXm8bGEPnirPDoc9wrkV7bflWXXutsWa8uQ2uNvce6VP4D1/2pq6/YnSx6XCu6vl+VLB6Xthsbyj97fk3fG/VOhXe+VSypfkGb55/nih43Gp27CIf6vO/PcW8XVsi0sF9pqMnbF1pczXlq+ld1usldeym0jZ7tL3ldeBJ6fzI8o3Ss6e/iFr3ml+vWnUHh+VOvdIxMNeKy20lLHXue+N3n+nhR18JqXzkp+X8gOZz1znz2cl7aWctF/K9ko7YsCqzy4XOp8U3vi6ut/Cz75XyvM2P6KsY01e3WsOOgkmP2MPMh5izQsWd5zWpWxPnnNynNgAndK+I/UaM5qRPvJaoHxJytBpaj9jA3cs4gfECbG9sYVpw5mQzgd2puImvrme+uXZ04lUB049+1IYLzsQvivOfirLcTpdb8sCo+f9tCe+BQ3EufI9HWKmnG/qGRj9c/6lPO+ld9JKS5nGfk6lca1ZxF0o2ypwWwl2cQT+bkvZQxY2LzHhFWnvc+C6y9eFFX5xTqxnK5qgAT7he2U/jDM97Md850XPyjYFHhu7J/mgJY0q1xijwmFXa3n2/fLZ6cCadLb5h9sJblD4u22j6csx99eT+v+Z7V+rLbzrW9wxZj51HnVuetacX50j1gbnt9iwKp+AH7akXIdvmOeL/ajntHpWgvwcWMgNlYOe3mRNf933y6zF/cV5i+/VTlvE6jj/Yq85Hpd3fL+BzMEnR78MCj9mLWIw6HmHx051elzud0q+YuHragwYPxn/7pzFXuYsiTj0roXcgzfc4V0uYyM24Pr8hvBGzx/hneos1YOePmERm8dWG1jIvYVSjy2NP6FxNcfv9u7HCzw2Bnb2jkXc9XLp62zpC/9BbWjsaGwoxv6kRSz0lkWs1XG7H4NvRTsv4x7dUmm3W3CcsWas71k79h0clrPcw0K/xgWXCwz2083yDNwN6Qt73ulYL/N7vZTho6Azxi3WBnEAbEx0qNqdL1j4wj1px17jjues4PBnYi/oWf0uuSvt9U6wxtjYm/Sn8Z8st/XMWOvnBM9A+lQbQ2Mxek6az25U5utZqtLYsdiTfcGn/IZWfe9JmdIzJ/AaTx2kvjOvNJnQ3hV8femL73J0Hcxbky9dKbcRbZFFapPrfMxLm748K+75Fhy7CbYjfSHbMo0q03oW9/HnE2zuF15SNpvqc3v6XmjBOWxpq3x5rfSAHcsM9hZ70+kjfoYuZe5YB/hcxE51z6l9iE/C3rtSypGP+DHAzEsb2uMr677rW8iAXQsbd7/A6Lkx+6ptXyvNbb7R603dFlxtifuuDrtpEe9+0I592F0LfYws2En0cpdQ96smh8Mngq59i9im7lFi29g2yFL19XQ+dZ877Lo8P2hhD6C7VyTp/eC+PA8Eh8oLbF/oGwpe7LZsq/etaS/npHadWbttmf2AVcGt9XMCN8o+HYUr05zP/rGB2uhvs7XVz7jX2NvaYmMprv498Ok6U35nXzTzS2UEcSdkErZz30K267fgmRe5X9r1BXZV+kSWKn3zCQe80LtLem6k/gEymv3AOlqwWKfYwB27W7/PSZnqY6WfhCzUdaR2wmx6z/qb9qovs3xk7F1pr/EkaEHW6TuJ8axImcJ0W2DPp/nSNpx19gQnOk/5QTvoPi1jzPaQzgE6xGkh/rad5rhT4DiD8fctwdUt78wnMSq1ETij4xyN90HCsWdN/3VOYNGP0DBrcX/obMH7Dplftfu4F40MZ+ycw6LXZwsdnp+z5rqbtrDB1fbQM+m5Qsd0gTsp9fh8tJ+2ZoyUb6zymdhQ4NrSTkvZ4j3gde1qmh9RrvU5dj7f0l73zayUaV0b/jabgvlauQfMvewRxaP2VVsf+Vn3GHE34p2qQ9mb7MWc9BvAQYLL37LkuJrGXtTXQH9k3c/csm+2W+pUpg8sbI5cjs2+LTiz3u8n3Lkv9W+HCY7YC/P0iOBUWcZc+L7aKO96fwa4JQv9cc5CJ3FXSPXKdpnLpwus13kc4KFCh9tFbqd6rAk7f7K093YnLGK5vv92hY+PWtiOuxays2fN7zrZp6wPyh4qzwel//sLTQ67V+hl3XD3Blm5VWh4j8Vv4Vwvad8ituHPH7LjOIrX3bJP7XyQGNvlMpbLFvrpv0Tq/mfWfypJdbza939YP+j1pra47H/p9M8tzqR9/n1vfdia5/DsHT1jbuM9+2Ml1XP2pjYX65V9tGbNc9c1a9qblPHck7I7Bc/zdhzr466mp7eVcpLv85sW93a5c+py4Rlp67AbpfxaaXNocT/1itRdlna3pT3pVunnlIX8ecLi3mnH4h6ol3+o4Hu+vN+xkPHz1vzOhbHckvc71vwO5gmB03aekCc3hRdXCxz3LcB9xeIuwzVJDvdU6edpmYOnpd2jFt/wXC+wel/kwJprTpPaGsjMfXnWtNBShh7VuJeuT9VVlBHf7wl8J7XHHyGfacHteLAJsTvw6eYFJo+va0152k3PMwIzL/i4yzdjcXeyZ/Hd+LzU4/erjTgnOTgWBYYyT5MJbkbw6HNOxM3Urue9axF/wd7vSf2sNW1v3nsWNjJws1Lflb7wdan38p3URpParD0LPzOfb2tcEXtX/Xq15bAB9Q4j9m3+dk/tKOQA7SYFLsfxRuk5zgqUv8Czf3qpflGeWbPIdnQk8bsZSdg/xCQ6qZ52zM+MNW1J1nTb/piRtuie/cJzYp9nSh/71vzuZd/Ctz1V5utUSdi5viY2LX6/UM9j3e5bLzCPlDbnLb4F9HYP23F8md/icNj7S/sNi/P4rcKnkxbfyjPvOv9tqW1+0a1t8V7mP/sSbbbQ67Wf8ppjjS6nvlcLrP6OAT74rN3tQ7HWuIeKzcv39j7OswK/Inj1+6KV1G7B4rtNvqPW2GxP8LNWvGxP2rSljuDQ2MlQ8CFPFL5nsR62rOlX5ngxfUH/ijV/GwK9pLFYYhiaOB/nfctCvtFOz/7BgY/j9b6W9f4P96DU3+9Jfdt6bFtLuv5zncql1+t3LFlTlvVSP6P897yf2uiat7inju7Id3JYz9gTqr+VJ/jilD1gzb3JeS9jIeaq9yTb9rPGHfWcBtl/xmLfEQfJOlz9FvYy+0RjrqyBDXlWPaP+FTpH50FjIvlcCr35qJRD26r0Q7tHBY+eyRETWhU8+l1sV2DRQWovat86t+itHJ/pS74m42ONOB93rXnng7QoOWdZnr/PQscQc3f6PmIRf2e/u3/xQQu56Dhcfx1YxBvcpyG2eyBzxznlvc6KRu2fnNTmRF9vCo6Oxfmo7je1pRR22+6mA59V7VPa6lpDXiKbX+vskjSTnrFfRiXWeFvdqPKcdH9ct9jznu9axC2QA7rG2xJ7Qf0RjXvqPs+JcrXJ0RPsG7WJ6S+v64HgwyacFxy631VuzkudjjfTlsfLXKg88rq1NFaVkadSfzl+k8teaoG5F7y/PzIC7lNJNy1+/9L3wttL+XOSNlLy+p0yLo1B6+9veWq7l6zlrye9lozI9Zzt7Fj4odCLHcw3CX7XzPWX22jYW2csvp/aLu/Iuz2Lb/G3Lb473JB3f9635v3uocUd/cVSt2cRl4b+BcHpvOKep/bbEVq2S+64ZwW304+u2Lbwqw4sbC90CDJsz0KmbgruvuBAT64U/uwKHHh2pY5vHuEN9yh2LH5nmliet+Wsa6vg1D2+UspOWNzRmLc4K96R8k2L3yLbtvgd6W1rnhOulDbQT4yeb5u5h7pl8U3emoUu2ynjxL/Te62LArtd5uVA4E9YfA+0YHFPcNPiG1Lg8P82rHlHFD97U3ikOm/L4vdP8AOYB9bausXezt9Z+F65X8a5aOH7sFbQA6zRTWveT2Id71vcJWcO2J/7ArtjYatAP2fA7JO10h+8mC3wjOeM3a1HWS+3LWQ2OuZhGQs6gHt6ZhH32hd+L6fkNJ1LZd7+rLzj355vad+TeoXpS74jPMztM6628gvyrL//hH15IZVpzIk23QKnsZqePKt/iC70svtT+XJ6z2mxpeyMhT+GL4tPozRmuoZShn09Spdgj2BrahwNn6nNdh1l2w4sfC5/RkYpb9TOV7yj+qF9W9+9VD8Y0WbU2PN8TguMntXk+BrlPKtPl2Py+kxcwveYr+9zFuew+BHg9D123uIc6HYp9zMF7rtxX2O/wBDvmLXmXQ7Hid7ZkzFtCv269jSeh+3fs2Ysp2ehJ3nvWXzfzhjWLf5Ghj+jH3VvbwtvdlJas/jtPsq4e7ohZcRalqz5tw2WpH5TnvWclvHu2N124E5qo7nC5HYbFvu1rW5pBEx+XrHm3z9al3LWKXU8z0n73TLnesdyt+Wd2Oyuha3CvLC2di3kEHsNu2FgzTtqnDVkX5Ax672NLPtW5flUyR8rz9ge3o/f4cIP8nJkWdeaMZluS3nbeddCKkP+tcWXwTFX+qbM4bdkTuYED7FI15NmsbeJ/a9Z8wwAuzafDSwmGJ45e8lnPJ2Wcs5o+lL//3d6rRgC66OtjvJRZ2mq17Q/jRPwrPFC1WPYAG06bmlE2Z6UaWxzaUQ/OVakMFqHLtE7CqNo6SccOS1ZU86rvM/vzIHGUtHn2b6g3bzULwhcnhtt35G2itPHjazYtvBVVDaSq/2H/F+1pn2F74hNhv/at9if6AL8JnK+jXM5uWVhlyGXViXXcxP8h6HUKfy60NxWp+vE5cakhU/EnHMHpCf5vWyme8UXsk3GXrsXzKjUZkOesvhtcGJefsfE7zTcsljvs9LvvkVcGBnMnVe3ty+UxJ0zYlnErJHDj1nYWPTziIXNZBbygvUyY+EzbZc2JyzORTkbbct59rQrz5oc98lURizmZEvaHZG87sDit2dGpX15Pi3P+k0++hy5ia5TmYq9q+Xd1FbXj8YZ9RxAy7LtrHDk2LTQ2ZW2Of7ZkWeNsXRa8p7UU9ZJeNpwtOHrj6jTZ9bWfOpf7Y+2d+LAo+Liz/5XTC+X/B2fAqzv+adT8rKbduzvPFfeb7ckYA7t+F4V5TdGwHu6M6L8SXm+luqesrjPdVv6vDOijT8/IbR4+8tl/oiB+tyhp30ONy3ufPia4EwbnejlGqvQ+InKOl9HxIpcPnnM91Sp9z7OWfxd24PShljdgYUfR0z/ksBdspBfxF7xCVS/Ytvvlb683RkLGbdiTbm4UGD6Fr+d4+M6LTjRjw/fI91/j9S2R9p+w2JUaoPFpyXGjA2m8SbsjJyAW0nlK6+RFlNqK8tJbQ5sDGJ4xFTXLHy8VSkn/ocNxhpdEtzYg8TR1W4cWPhvxD2pRzc4zj2Ls3CHvWzh3/oecv18aE2dQE68o2chE4k7oMunCxyxUqfhfMmvWdgGj1p8746+g1aNlfEtMHvFLGK2wGGzIe+3LeyZOalbtbt/2w0Zz3OnpQyduyLlJEu4OtKG97mEp81v4vkxa+rwxfQO/9FnJu/3SnPWnLtcToL+tvuHs4LDLPQovIam3Ecbvm7qs43euRZYbX/V4rfmfE/kmKDGdtmjSy0p78FPNbFO5lK52uDAqf+4IHmOiWiMppfet+W97Vx2IeVt6Yy0zbaTpszLPYuzQU2uO3IcETuX991Ut1NwnW5JxGmJaWtyn8Pl1sMWf4tX7535Puec4kJ5f8Di7uTpMh/4L+5XnrW4X+kJPbaSYNExxO3OlHJ8Cqf5oMA9aMffzXDW8kB5xxZ7tIzhfKHpSnlmftV/71l8f46+49s/1tiuhR/gfMJ/u1fcR88UNdam9nuOr2c49lhbzC7H7uYt9ldnRL9t/RBPz/gYv/ojqy04cywy95N9pfUE00n18wkvPnObP5XH00nP6LO870jAq//vc4otOl347/tpseAinquxHeQQdgV6BR/c+8FmQE7MWJzb+lp5wuK3itCnDrdb8D1bcGLDcvbymND/kEUcnbXO+af3d2hxV51zzysCt2RhU50seFcL3nMydz2Ls56VhE95e2BNn5uxvqnAoNf4JoD5mLXYX7Tn3tq2xd1uYka5X0+XrPl7n5ctfruEtTBtzXscGivJ+5t28wlH15q/4YR/syTPPYHBrsJO5h4BsQp0+b32fFv8WceeU45joZMGFt9nsY7nLc5lHrbQqfMjcsaJ36Bn5g6zYxH3I/e+2nTTaWve2ydmjQxUO23Dmudd2O56ZnzK7tbPm8L/fnpW/0VtAtUF2IvY+9hieseSmNeixTcDFyzuivh8bVnzG4T7y/vhMY0T77Jq3HXNM1aNfazU/Yod78X3HL+P1fjHDqLPsZ+z4zX/CYsY7fmS/P3l0h/nOfjxDvd83d/PHfd39O562/2VEwX/CxaxNu/jZBnPKwW30+96eMXit9wuW/w+I2en1PdKuz0LvXVY5r0e08T1Qgd+KTTrs/P4XGm/ZRHLJna4UcZBDHrDwu5Bjjrv2dPcT9kuc/pdMue6rhateX7huCct5Dq6n/dsZ7J+9KxZz0CWBa7f0jafM8xJnhP2Mz4ssGpba8wT2aB3JpAvQ3nW9441bdpMz0DwaJ9zLfDA9QX3rLTVmGSWbTpWteMHqc++4EM3AaM6PbehvJNgdH6Ud8hApUH1XKYn66E22Z7b4Cv2Utko30P5m/3nthgtY4DH6Gwdm/rjqicXEgy+rdpban91Erye08DftnOYoZRrvAb84GG8g4SnK/WqI1X36/zDF91XyutBgkNfzgpc5i/j03NEHX+OmWv8ft6aY59rqVeamC8dl+JXXmoZunhB2uU5Zh57Us6apR9sPF1r4M9rW3nTFXjG2nYvbJD6hB7ecxuVrbOpjnjwbMLRE/jZ9M64lC9t61fjNrru9KydZ/g2n+p0vBqP1H2g88sa1HXbJqfHLWQs9On6VZmo51Oz0id+DIl2WVaBQ89Ic2wK2an7Yl5wdSTX+RmXsVOnOfYc/klfnnXd5H2m8kX3qPIf3abzCw9Y19CtOHupXGntWtgiec3zTRq2s9r3us54z7FI6P6gxd9OhybOmjsW99CIx2E3/bgd/x6+9/m+Au8212opf6mUu/36U6Xu7QXXrdKPnzXtFjoOLe7Znbb4HRfm6dA+uZbHVI/sWtwhO2lxd2zd4txnS8bAd7nLFnYkPjBxqhOFBu6WkYiP7VvcJ9O7xfio8ELtBHy+LL9UzvUtvtEaFLw/WNKLFn8/0+3g2i6fdJwes70geKyMfd/CBlc9PVnSQPrEt/UxEquYLfzTe7GsRfyJeYu73TMW93OoR8ZfsPiOinsQV8r4OGMkHohd8FTpb93CX0POECO+Y6Fz3T+YLmPj/Ap7h/j5jMXfUzosMOMl7QofiI9kWdWx+C3kJQtZxzP7DD2i8bKF0v/D1tyXQ2ve30Xu67yw3odSBs82pA9kn++rk9IP8gOYZyx8IPWXVy38tV6ZI98LnKPMSh/g1DXv63K/zNkViz0BbmyKhy1scfx0fNMT1rSR1YZFH3ak3OPDLo92ZL7VniOGx9rsWdNeGljTduLZCjx5SmPusz5V8P2uxfdYH0nPHxlR/txrtHlbgmlLD5b8g4KDuDlziy+ssoy4C/6s57XcGf/EcX5U5jGAn5Pk+Fxu13J94pV6/P/ejtfFXOHRAxZxol6BJ7b+UFkH6xa/v8Xco+fQ+dgAObF2ZyVHP1Kv/mnGP2/N/aR6X/007Bjk0RULO4A4K3ECX+/nLfQx9+q4e0zcRO196Hp7gSfugUz2MeyVZ9ehLvOfKPDev+uCi7IG3lbm3+m8VnBdK+XXyjw6rS4TXi5w/8aOf4voiiT2u9N3vbRbsvg7U5ct/t7nlfJ83eJvV922+J7qBSl32q8KzBWLcx9ocVm8X97RSyfL+K6W9ILF37fqF1xe9lTJXyjw7y9w3Ms5FByHJT0lMFctfk8emoHX5/tLuxvSxvfDs0Lb1fJ+xeL31w5LPfmG0KE0XSvvfRnP5fIO3msCfzvhvi04d8vzeZmnp6Qf8C8ID8EFr30M3G1kPNB3XXC9ZPHb+v0Ef6vgXk2008cti78T9qTMyy1rxvLXZD5fKLCO54E0v89JmyvSn/L6rMU6ynOg6+wp6adrzfVy1eL3tIC5knCB/zlr/l1T5Z3nsxZ/N8z77ln8fYQDi7tl7L/rknRdQ9+t1M/1Mjded7E8H1r87dvbFr8nCI38ppfD3ymwGzIvitfX0EsFlj6xH3injnOj6zL3Nyzsm2dKom/Gw1g93xScTwv99MX4nyk8vijlzuObghMePGnxm2vrMm8+9hXhwXPW/D26Gxb7BHxPCj+5S3et9HNL0rY8P1dgoW9LeHvL4u9S37T4/TbGyx49kP5uFxji3QeFhhsWv3v3TKGVvq5I/ePC85sWa+ZOyeHhLenvhvATGctzz2K/sGeesvgtwkOLffSExdq/LOXs2actdB2yuGshg56Qfi9ZyHFw6x59RspXpB/w+Dj3ZNw3LHTa9ULLJcFLX8jTJ61dDiGjtiz+NuQNofdp4flFi98bZA9cseb+R/bcLOMA5o7Fb/PR56GFXuNdy5DfN0vbE2lsTstu6pt02WJ9edsFi99TvGmhNy8X3l+1+J3AmxYy8Vape8Ka+sRlkNoBzCWya1PqaMsaAZ/iPJS+4RHrDZ5o2U3pk3l71uLvyzjceRk/tsq6hS2iaxhe3bCQbf3CB/Qd926IgVy0WH/XCyyyQBM8WLe4B3zOQr7ftPhtCcZ2puBaFnpzP57eZcdxnXfYcayH2MQ75Dnfmdb6lwUmt9Ny8ufS8wup7KfknfQ2C9vsWQt7+UV5fr68v03y50t6Tp59Xnzt4RN4jt+kcUie8Qf6AqMxWMqHFv67xqU1LkO5y/E1i9gAMHpHlrhH15rfIuIzu2+xbs34/mBErn1oXB4+zAl8T9oRo9C7Ht2El3iO4tb4NrRvyRi3BEZjDxpjzriIpzAH6xa+XuY78QFiAhqn1f7ARVu+dyI2tS7zhn+dY8V5TeBfcn8e3uo5S77LDV3EtKGRudfzGY13K/8ZH7GYFemXey06L+vCQ/hJjm/Md8Ar8p5h4cGSlBPv0bWnNBPz0nnJZyA9a85935r7cN3iDhMw+O3Qsi7wnZKfS7QwLo25+/sjqW9dd0offS2lcuJduxYxxoG0X5R2en7B+p23uL+pfULziryvSTlli/IOjzvCk1wGXJ5b+lK5oUn5kuVeL8EiX9ZSm/XU/l6yVmXZbsq1zvtA1uf2felX6QeubaxLNno8uW7Q0qfiJ64KvWdkrrctzj02LOIrjNPPMtAT3At+wu6+E+Lzf8MiPnjeYs3pt6HEwsGv8rRb2p20sGeG1rzD10uJe3EqG8kXUq7ztSD9goOzFn1nL7V9Z6J3RvWujNKm993npI++he4HhjimrsUleUe+n5X6zTRuaF22kC3wXWOY0MAYl6XOy/cs9mvXQlZl/ug3N5QRy+ReLPaKrzk/x1iTMj1LWLX4LgYaiD/PWtgx+i039NIXck11sT+fszgD0BiuzyHxf2K9HYtYMOczQ4vfhe5YnJGCh/Myzmq6FvdtHrDm3Wf0EfM/U559DPsWv23APWLWfdci7jtpzbMMYujeblv4siD9TlucZ3WFzo416bMCe96aew3bgnasZ87JTN4Z34bFt0Jz0ga4jjX/nu+s0OftNgU3fcP/GcHdKTzxslMWZ4bzFt8GUTZZxkb/WW+xdvT8Dd7r+mE9Yb/Ad2SM8ni64FqxkH/5DEGTlvWkT+hZkHJ4qO3hITBKN2OdtuZ67An+gcConYHcQp6xLuYs1pf6NNhac/KcdS149B6TzsvDZTzTqT/ljfII+4/6acHtfFqzWG/Ikr7Fb5cx1uky59z/Vv1q1vy7PLSHd6xL7varfaLfPKmu37aQj9zb1/N1fCPmjHbeZlzmeNua/g0w0NiT/riXsG3xt2qZl21ptyww4xZ3lneE30MLPb1tsQadjkmLNTq0uO+KfeJ1GzIHer7IOV3fwr7C1/O2v2fH8Qb1c8CFXaq/S9Gz5nep2BfYx0tSx3j4VvXAmt+qsa560g78ty3uFxPDxj532twvfaCMg3E/KX05nmuSGDN68LLFbwqie1xnXhLePWjNez603bOIDXHuu2tNe5lvRzdKX9sW97qHFr9ltWvx2w/+fLI8s2c4G8cuAe+yzBN9c4/AaT1XaNuxuDv+aJqjG4UWbzNb+uRb6570gcwlbsI64o72mjV9QHwpbDLiCryjz7x8Rsq76Zk9gH+D7Gadqr/Pe7YJ1a9HPqFbzJr3IbrSn/o6eieBRPkn7Djm5zy8aKHX5gpdj1vEaEmPWjN2+5E6/ZAdr7fHBOZRgfl4yZdT/cXS36MW55aD8vxDUubj/vlCt9LyvlLmePiWZ6/MzaXS9qHUhvR4wetw24nei9I38CcK7Hfb8Xk6/R0mnHMWvzX9QaHN0/fZcSzY9VrHmt8fbSY8ly3sQIf9AQsdCAztvY+d8uxlG6UMGMaDj0F8if7ebXHGPLA4W+RMdFvmetOa304Be1rmR2P0wLJm3ic4VkrZD1mc418ReMbWs4i9X5S5AOeiPJ+wuJP3MYuYPzy4Iv3uSTtPuxZnAWvSx6qUAau+BLQy1qGFLKatx4Q9VnxWxrhgsU7Z2xdK2UDa6vh03PDk/jQGxqx8dD2yU8q+y+I8zOGfSHPF3ADPOvFn/EXgnPZnSvmlMj7G5vLkuYS3n957KYfvL0vf89L3RmoPv4ZS9s6Ss6cuWXz/PBD+6loeSN97Ur5lsaf2C771VH9N5nveQs552TmBOyNte4KDvfkuq8bOWfO3KXh+T+HdS9aMS2Af/ZqFvc+aRId7X+zdfWvex2Fve3ql4ODsbbXgYk9ftliLLlffL/zw850nZCzLFud2pOuFPo95qty8keA03bRYv/oOXfDvQmo3TO/o0VH9XC7zw/6/NALGz2mflnHq3kBPXB7RnjXIHSnfK8/b3TFoZIH6KE5/jhdiC8xImb47r2cl8Q0adtmM4AYGW4E4w2yhhxy7gziI3lPHH3d83F3GbzFrxmVy/HKQ8PUFBzbcfILttsAyNj2jmJe2apu2nVth8+dvLPTsbc0ijjiw+O1W3wenrPlbhEvSn8td5ICnp+X5vKQzqXy1pdz7PS1t3IY7V8rOSD8uy05Y/G0Np891867Fb9N5/lSBx4beSv1tlPxli++pTxX83KHnjEFjqM6D29aMe6lf1RPYFeHb+jH82AULH4ccm3nVmr9znRNzupjKR8X5c9w9v7+elHEO0ruehfLM+SZxFm13UJ4PpJxznhMWfj3nRLRbEljiEz2L3yRclL7xkZmHRWvSnePw+X0x5Tnpfu1LeV/atbXtS92q3c1Xf96VPtQnAi9t7rfmOQ5xFo19LQg+3nvSD+c9+K0a+5uxJn3EIVUmKd1zMkerMk/EQXWNq2wCB/taZSR+PLzA3oePXWvyiRi2nmHp3XfWZD5P1ng25yI9i+9YdP7wq9XWzfOMbannXDp3yFzGyFmRnoXj/2IL0RafAL6/JOPfTPDwqO2+BfiR8fBkV8bP/OH7M9ZVC3+c+IDygbnqFrzYUcpzxsxayjKKOC5n0ToHs9b8Now2p6w5XxoLyXt0RfrXNrpPaH/K4tuogeBkz4EXncz5EutX+1Q6tM1KCx4989y2u3lE3EzjxyrD4COx1wVr8j4n/X6BMqdhL/GKMSLDfO+et7BRqEcXQpPGGlWHIlO2LOJYes5ITJi2Z6X/U9bck4zD6/fTvBLzXUxlep6+ZXEeyJ3+XsG5L3TRlvNL3ncsbK6u4BnK80p67iec3GfqW3MNU37aQucBr3F89KOe3Q6EL3p2oP1pYq53U/mS3U2f6lUdx6LMD3HK1dfoQ+v7FmcJ2xbyne958H3d33P9c8FinXMPwH20xy3W/jtLfr7Ar5Rnn/8zZTwHFnrA609Y/BYLZybAE2Pct4jzo3fRY+zpx6z5vVVfntVfmLf4ezQ6XzrfukaXUw6Pcuq3lCGXVlvqNE69nPrNOPQ8YiDP5PANfJupDfQNpHwo7ysyRh3LICVgkc96Tk++mnAh69WeadtTaoNyF4a+OgI3kLbKA7X7oWVX5he528Yz4LGfOZPcsObea+t/NeWMG3sKub9nsQ5YW+h71ZFq361JX8NUl/3iPNfA5vnJtj7rTeNFw9S/+qi0Q4YspnLGrPzoCU7qVbaBA16Qhi3v6J4sw5kPnQvoZj7OWjNeojp31eIcUG0KcLJfe9KOu6h5rw0SLDxl/aH7gduw+N1Z+LQhuKGPO7LoYV27m9b8ey9rwoddmRPg6BM9q/yl/2XBo/sH+jeljD1L/FV1MzzB1oUvekcyyzjGonMPrtwvvNwotO4I/T72vULLXinzfFv6XbeQv/jGqo+hBz9K6aV/5Y/O05qUrUq56oFFi7+fADzrcc1CVrAfGR96Wn0x7F3WZ/an1QbuJ1q5X7vW0qYtqTxRuzTD6BwuteDJZW0wmrKdr7JQadB7XuQqU97Ugifj0z7b/KI2nqgs2kjwPA/Ts9p5mQdt7fupzb34fq+yeyX1qzPP2+6lolczneofqS9F/AJfljXoewH9eUr64wzF7YF9ixgz8zxTytYt/OIZizuCjoc7KdDLObynCyX1Le65cbcI+rjHo7Fup/l+C5nsOK5bnI14OrSQtdi1nnNfhni44zxhEa9Tv4V7EnrnBZtX72Y5rgMLHYaegD6T+SCuj9+I/BiUcvbTgsXflHrC4u5avj9GmpfEecO6zFE31XFOsWBxV+5e+D35HRXX6c8Vml602EvwyfnOPWU/g7xpx+dctyy+P+1bfCN6Xp6fKfQ8V57XpRzf9qfK+0cLDf78rB2vz5fKs69hX3cnS7tnLezPZ1O6XegGz/mSf9ji75KsW3wjznkTOuVp6RN7VsezKc+3Lb5Hfcbi2/iz1vyG9HzJ/Vz+ain3tk+W/p6z+JvBTsP1Ms7nLL6nvmHxLfUzpd2SPD+bcD1nTdm4XWCfsPjbFU9ZfOO2XXLO0fYtvsWEXmBvlLIVi9+qvCbwnDceWtxXOCxt9i1+b+C6wHULju1S57wh/ujjnhf6Lll840oZ5/S9UvZkGd91i+93bxb8TwiN6O8di+8JL1ncc7hq8fsN2C2XyzPnjy9YfDt+SXBQ1rO423Bo8U0i9wceK2VrhcZNGc/N43ysqvP/2+J3u30cB5K8j/dbM65zpdDpObFQPTuat6ZuQd4SD/M1smtxpx3Yc9KGM6NVixgkukHtJOxVteuRmZwpetl5u1tfqs+kZwjZ5uhbyDvi5ejMBakbZZtkW28+tVf/ED6BjzPYocAuSH32m7oW+kLjFfQxL3lX+lqWeaAP5hyaNyxigei1XurPc86X9Qwa+lft7phw7ld9XX+fsYiJ65myjhda0W3MSU9gOtbUjxkfdgvrBpq0P4XpSN/QAt8YVxvN2Am0YQ5mrKnzsb8YA7q5I+30HId7BtgwwDtu7LmO5NgY8B947ml7HfuKc04TeOjWu5NqY2h8aTbBdFqSnqnoOaDuv6HdfVdzVvgCLxyWu/Im/GeN6FwqX2es+fuS8yn1BYYxajxzkNrNST/zFvfa2f/Qr7zKfdK2K+/MB+V8o7Flcf9UaWCe4eOc3T0ujdNybpFp2W4ZG+0UfiAwOl8Zn46RdUIbxcGaYA2slfnaahkD9ut8aq90Kb2sdR3TQJLKGrc79PypI3Csa9VhKttUd3VSvdK0YM09ovIA2YGsyfOq592619TP60k/vdSG8bA2VaeqvMntkOX0p/XskQXBq23RY+q/EY9W/MQ0htaUP5lGsyZvtK/ML9oyB/S/UPrrtuDVOqdl0pr6CpyqI1UXqG4BP/uNPUL5UNpiS6is1jNjla/sI3KnEb95pgV+Rtr1E27VGR2pW7VYL23yHD2C/wi/Z1I79p2u77zm56TfnIaCp5v6nk05chNeIxtUp6veV5y0n5O2alPovtV3EjEJ9m/PmrJRbaaFVMY4kR26R6EZXYIc1T2tOr4r/SBnVfeqrNI6tYWhSfvKMQHtG5nAHPalfq4Fp46bval2FeOmz3wnA/6DxwSfwipv5lvqZhNOtZt6CU71JzTNJty6nzSWs5jmTH0qlZMDKc9pmPrT9m3wGhftjYAftOBDXg9a2mR83dSfril8vLkRfWf/IOPjmXMG9Vu61lwD2UfNbSelv1sWa83HfckiRucxhh2LcxDH4XL1Rkm71tQz66Ve4yXe32apc1yXLXywWYt4Hr6a43vS4i6B6kR8a+TaloWsgB87FvrC6duTseo5p57tqB8D3ZyHQHuOMyOr1W5RH5L9n3WP6thOelZYtRfV1jR5zvb9qNRm3zO/8Mb7P5Q6YhbYlj43+xbnk55fs/CbtizsGM7y4Tey1GMo77e4w8A63rE4i9DzpVmByTaqzgHvZuGX96RPnTf8Tn3XOzrQcUZg9F6dymVfG++yONtjTPix+jsxSr/aA3oHRM+/XysN0zO204lCj943y/zjng2yKJ/PazyGuUaGL7XgxU4g1tIXXCp3OVvQZ/rVdUmZ8k3Xuvp0beMbWDOuomfKyNp8V4r9xNjA3Zf6fsKld7fYQ4yrzbcapLZzI+D0Ttcg9aX2GPbMnCTkkN7TguYMp20zPZwF5TWn/Pcxc56e14Ougbb1m8epddAHXbpm0E2L8g6+VRnr0Jo8I3HehD2CzGW8XWvSOBBcyqu892iP7GFM0K136tSuGFqTVpUDyDJkzpL0A7zOie4dXQvAgKdtTvU+kPoLS4KLNn272z/VWAj7PesntbFYH4pb5Y7GefupDp2IDFV9MCtwHXnWtqrr0W8LqR/mRNenjlPXt+IlXqz+S44ZgEvtf2BUt6vsAX421ak+VPkMPUNrroEcg1KZpPjgrZ5ZaJxEeYU/oPYzOhZaWU/QtSD4sf/mpT/WovonrGHwZ9ra9oTuR51blQNtfFA/JLdv4xVreM6aa3nOmrzqtbTVZ/ZXhlmQ8r41ZZnukzaatZ8sg/z9pLwPUj8da9Kjc09MIMt5XZOZx0qr3jdQGL0PtCg4eoJ3mPrRvvoJDj9rUXBon3n961xlvmofGl/JfWb5lWEy3QupP22f+da254FDB2Y8r5WQ9dmeUh+1TSZrGXL5XmNVedA2vrmEk++UOjZ6TG3lbTzLa3jUWHLSMeX5zHTBw7kWPAsteJSODbt7DQ9S/+wL9Y11venZyig5M7S7adO6YQuM7hVowceYFZg96XdW8C7a3XSozOA7DMrWpU5l1rzA9EfgXk7t9ExA6V+Ud8Wnd5t0f/idFPS3jgO/T+9KZ7ryWBYtfsNO+Yp+GrS0wxbAPlcadJ1q/HLO4vseXffoUfV31P5Q3UtMO8dqVZcvCU6NRaleZ8+rrdMWP4UejasAT9wIvZRlk+ruPGadU+WP9oVNPGN3f1uYbYMcE/BEHER1PbB6lonMZ76xs4knLVnYR/ATfFct5L7KFeK3egagZ36MNesZjU2dFBiNbREnyOVZToKnb03/BXvN9/Upi/Wia8Zh8zeh8Lyb+tm02A9aNxDci4IH/a++h6fxgm9f6pnfdQv7OcsbjZP3rPkdFO35xl35Qv/Kc969/bvt7tg19n83jY17LNCY5bKXbVnY2rpWGCvfeSJfdK9BKzEH2g+sOXZse+ZF/XZg4P+84PFnbD3ds8gaf3/EQo543Y7g1VjrjtA8kP50r6m8V3tLYwx6XqO8VRuNOPOuhc738m2hf1HaKy1qT9H3UNqRsKvV/+tJUh03tFgLGsdQPmwJL9R2gR70qq4pLdfYOX47dOaYEnxET3GGsCe87JS5Rb/sWdzDRZbxrn3MWNi4GgfT1BFY5BznlqsF9541z43pn34XrfmbJMBNyzP8XpD+OM+gP43T4btzJq18Q173UvJ6v/O6aaH/uhbfTHp8+4414zPIWfX7H7fm2YPyk3GTeund00rLO3RkW/Gg8Al7Xu2VTSlDz89a/B5vThrj1LvwLlsnLWyLfRlT2zigAV24m8Zj6f0Ra55t8qy69YI8q+7OZ69nLfbDqtCscRy+uyKmyV7Tc3n6p436qMgXtd/Yq8hu1QGsDfogDqPn7SqXs97Xvb5gTXkCnZyPraR6ZJquG8r17l4n9aNyW+t072hM7VaCz/YLdGnsQ2VxvnujMngoMKq7ugKvPslpmUP4o372QmqzKc8r1uSD5sx9toOHCVZtmF5qrzoJXca+bosvD1Jf1K2nPjWeoLIIPqmva6We+fdyt6m2Jblt6vvkrMxV9sfb/DvOvdlzGsNmDPpdMe+MBZ3ImJZacPXk3W0a1nebr53tZm2v9dlO13JN98I7SG2YNx2f2gR5jY2iu60vXXe9BLdpTZ+wDaaNJ6PqMl827G4biX0M3IbAA6t3H/KaeNSOvxXI6xz4zNMsz/L4VPfmOVRcasdhn+dzBD3fUZmzILDYjdjQ3mZd+qA98nBX+MAeBcdQcHu+b7Fm23idfeOuwKs+widC7/r7Thm7ns0MpJ3O80LC1bP4fRudJ7U79W6j2vQk5Snf+rHG5hN8T9ro3Ti12dUH6rfUw/N9gdM1or7fkjXPgJAzu6XNbkknrBkfui113s+2zOt+SW5HYuf5O/a5+w6rAs83x8DoN6x8w+J3Q85bfCfsPLxiYbc4rW4nPlz6wJ/HbvX8WeGV6lzWyMDidwz/QYHZLO/+nc9PlOR645bF36RzvP5d01pJT5XyFwv9T1n8vc5DSdcKjnPWvJ/ksD9SYLzseqHxqsXvYp4r/PqRUn9a2t4q8Culrmfhbx1a/G0yHxv3UjYKvmsWfxOROb5d8N4sNBBvuV3Ge7ukmyV/1OLvoHB3cLvQsW133wvJPnM+v1Zd1tZWU78FdpjKMn6V/Woz5di1tlP8Kre0zSDhUd3TFmMfpd+zb5/TKN3f1seofnK9zsWytdM5io62vkYl5N5Q+sLuGdWf8juPNcfjRo2XPu81z3nO2+hRXdZG60LCN2qtKO62utyubS5VH4wac77f4HLHZcEnLH7PxdMVi99Q5s6bywa+PfXncwJzaPH3qrXdijV/87YnsJcl9+Tyw/Xj46WcmJQ/IzsvWdMnVd92KOXbFrbFnDV/A0V/7wMdgU3O+luXnPr1lNZS3aqUDy2+s1lM7ZyGXYtvr52XT9rdf3+ZOvhHHfrF329b/D1s/9b4Tqlz3C9ImyvSxtMpi9/CPixj97YXLH632/OHCt71UvZCgbla4DXdKjDkz1v8Ldxbkp6w4333lNB4p+R8r+1ttyx0EYn41PMlv2nxN7rvyFgpvylwN0ufK+X5eeHZdsHPWG5Im6cF953CC/T5ExZ/3/yOxd9hRhcqzidlnnQ8+JNrFt9w0+8N6f+cjIG2jId5fzLNyfMW37XfLPQ+bU2anpD688Kzp1L+tMXfZIUG+KJrbxQtV2V+3N5wW8v3IXLgisC0pSuSTqQ25PB4v6UOmXfGmveAfN+67aj+z6yF/7MgZRpHyuePPSlXO7zNZ2tL4CUOmWN/0/Kuz33JZwRXX/BNWtOnGbeIMyIzZ6We907CSdyUhA0FDdh704nH09I+xzVJXelP46Id6UvrlEf3ipv20rtJGXFdbD7OpvAVNf4LjayNTksdcX49PxhIWT5/UPrnUzveoYeEvz5d5rFv8W0s9azdaWv6wzNSpzzh3GFe+plL5dBL/ULCh51KjGFc2jN21gvvehZGGrc4M9HvuoHjXc9XmE/mBThsptyuI8/kMwILDvrg3EvPzhek/47Asg/nrEnjUipjHZn0z9kBZxVmsQZnEhz7gvc5ace6m0lt5625Zh3/ZKnjPASbWOWLyhh4l/2OvO80rkR/Q2uer08KLOWnyvOalBHP7Vjs+67kXcGtZ/WsMT0jUVi9M8J5nuoAjSOBbzHBDFvgcppL/Z6QNvOpL03ESUbVI1uITWd6SD9hx387/MN2/Hdn9C4X64VnPQNYtKZM+sMmcCMj5lry3h8CL/FfcPfsbjk6N6JMZTD7Etj5e9QjYxXm9YxhpuVd1zJjIJ+RfGBNOnRsKsP0Xrb6S/Tp/Wwn/tC+m5517efYpCb6YZ8rnzRl/O5juK3vft++RezS7eLHLH77n++M3H57tORrpd1FO/apPI7nMUR+d9Dh9wrfdgv9xMLcVz1R+LJW+jlnYTtyVnZ/gb9Qnk9YnKktlv5OWzOGtGdhZ25Y+KrgXC94lgv93N/jvPZxizjn2UL3GYu/pcJvQuKj9qU9fj+/F0Ocd9Oaf79Qz2aQHwvW/Bvaq9b8fRtwI8uQN6wh1Y2aqxzI5yrwBlk/THXo1DYbO8OqTte0muqZB91rg9RGz3E1hj9qfMApHmIYmU7ORvPZQ35mPam8Vt8i05zfhwm2m2Dz+Zy2g3591zgV55s8a7yKcr0boLo394XdRuwv12F3tcXFNOZIG+Iu2l7jZV1po3Ff7X/FmuPVcfWkTM8TGMem8L0vzw530iLO5O9bQrPaVZwP9qRc16X6eNCLbFsWPPqufBoVK85xZOUf62RTxj5MbXKsOMeZlX+bFr+xpfznWzbikcoT7Lsct0cuQzNrd99Clm1a7B/Gor+v72WuB85YnGv5/LhMfMiadyTweygDN3Rr/J9z/W2B0/vcuq7yXvfnU6Wc8xPPNyx8CuSq3ttg/2GX5LNJ+sn3VvpC26h5zPOtMWbd333BNyg8PSP1zDW2vt4bXRQY9EDXmn+nQX18/NSulM0l2FmLmDE2S9Y1ao8vCg5sJNVHq1KPbzKf8KCv1F5Xe0jPJPNcbVj4Ljet+ffi0R9ZZuqe9sQ+yPeRWVu6J2mrZ+8dKeeuocpj1aEPWlMuMT7VtfPWlHXYtMyJyvBu6r9nzfnuJ5wah9F1zBwA20+4VKcuWuwJzlWhTeF7CRdjpZ/TwgtsNZWDumb8+azgRReqjhnY3etV/V+VxZTRRunWOKHG0XQtcqduXeZE/WhwnbbmtyR8s6/3GpRX2U8fCFy+m5F9BnjN2tPYQMZz2mIdmzX3uq4Htev6gpfxPGJNu0fHsiS0KX3IV30fWFM+ob+XBE7jGvNCt+LvShuVH9Q/KHTq2vF0zpprWfWFzr3O37zgUH9O1zv7UON4zA17fyB9q+wF5rS013UMbuU7fGBuNF5BOpXo08TY5yxkKAk/ZDbBO659mYusa5GFrN2DUoauh07asL8Vj8YqWTPr1uRD23h0rcEb4M+3zDF7Uu1z+ifuuWRN+jasaSPxXQ22C/aO/g7LtoxbdQv2nNp1aqeqX0K5fptEv0OBJemc9IV/PYuz2mwTqx7spzLtS+d4sQVGfTbljf5uyzC1gwfD1FZlfx4L8kr5R0wB2tYt5DJlisvnbzeVadqWtCvlL9nx3+R+nx2vFXhoAu+0uC3+QYs4xXoZv5f5WsJf9njKGYszOOjeLjTulPwdFn/3advCnz9T+P4PCi7HsWXxd3I8d9lyrpRvWfz9D2DwX5kn1vmcjI+4L/EkXXvMNfd4s83rvFB/SXXCUnpfsObvY6mdntf+vsyfrs++xd+5PLSwKYcW98bBS5z9tMX6wkZVHb1rTVsB/2q/tF2w+DviPYu/i8a6I5a9X9p5XO+Rgm/aImbHvu9IO/iP/ay6XmOuGo+A5guCT/ejxnXQxTq2HC+lPMdtib3OSz327LjMr0mfZs2/MaLxGV1TOZ6C7YSu61qciyADhhZ3V1Rf8P6MwOnZjvqgqqOhY8Wa6xr5tyPlm3a3nbZjsXZ9PtiD2Asqn9WfV9qvp/cF6cuf/9lxPjYqVrJg8btcPM8kfNADbwfSp+pTdPdCwn1N2n7Emnv31+r0G4JDx6JnIqPOQ9db6O4L/qzbkR3qh3StaeOtWHz7pnEM9vyKNXl0v/CEPtETyr8Va/IUO9oTNgNjQY8pPnSo8l3pUL+PNYY8gHdzCV9O2BPsc/pSfzTb3Fq2IM8kaNHzRso+JGX0hz5Rv0B9JHxN6jnf1bGi1/uCd9GafFH9pLEreInMyjIROmirtEMLss/rHxFYz08LTuBVlvUtzoRV/+n3NqyfvpSpLFP5BM/oS8c8L3Ad6V9jNSvyPiOwwwSrMV3g8rezGlPJcWPuBrIONRbtacPiu5JbFn/PxeFvlj6eFV6tWtOe0XgX+lRjnSdLO6/7Hou/6Y6Nd5BS3+JvrzkOl7vrQifPejdG46y9glu/A8Z2WLL4Gwsqt7CLsIn1NwLVl8JOWrP4vY91ecd+7MvzToHbs7CpN6x5lua0b8sz+aY11x+08bfNctxNbQXq1JdgrJ5esThP9Pf90u9F6WNd5hvfELuaZ2zj9VTWL2Nes7DT8dvOyph3LWLMexZ/Y2WlPBOPZw2pXGHeWdeMB/4pXM/i7/btS5/LZS44q1wodKiMYu6gifMWznzxgxj3msXf+GYMm6Xf3ZI6wiv4y5npgcV6WLb4LdNt4ZHylD46pQw+sV9YS+hP9DA82bOQD5vStlfgHyy8UnsH/wLYR6wpC/Ys/LDTFvsD+tRX30z8Qn5gK7Cu4BF8W0p8oL0nzrg2BceetEFm76S+hqUt65r9yJyzT/QeuPPzlIWftmF3/47KijXXCvNx2iKGBv/Ze3sWewjfF145fQcWa8H7wx7ZL+X4T/CCOaQf+IqdhB2PnN+ziMfCU3jt5bsWfuyu3S0TkUGsFejXtY88hBbmj72wV/izZmEjAHPaIl5ObGJXxja0plxClm0VWhjPksU3Yp7vWMgd1vM5a+4h/P4Ni1gIdyqYf2y3DWuupYVSz5mPz9kJC/2zZrEOiBngl9K2Z03ZgN7JuiTvszOFTniMTYVsRLcQx1iwsDc2rbm/0J+sKd3Der5z0uK3tndlvuH7hoXOXreIi+C7MQ72AHEZYLG98A/VX8SWUNmFDseuxe7TfaB7ETm/IM/LLc/cY2HPoo/UjtTfDYLnxJ8VF6lvIc+5m0cdOIirbVjYDOiO7QIH304L3XPyrPEB/G8dX1/g1RdGL7MesTXApfoCXsB7ZPaeNc9isOUWLHQ/uuVM6Yf4xrr0j0+Djc8aWLaQ38hZ7GrWFDzYlHEis/oCS1KbHj6sS9tVa84f9694Zw0vW9zL8nzL4m9XkhZLzlpnrTDWdYFV3+WE8IS2+EVW6pcE1ud0X3i/VvgN7i2L72a3Le6znZC5QxfBI9Yk9gRzsCv9DOQdWli32EPsLfrDrsZGoYw4M2fprBFkGjoAv2je4tsQ1h37VfU1sURizchk+kXXnLDYWxoDpE9kI3LtjMXv9SO/WAus4ZkyTyekf+yeZekfuay2JPNLvep5+Ic+gTbk6b6FLcE5yqLFmuta3PlbLX3hp9E//Nd9tW6xltC7q8IH1jy6BvsLv83bnLW4Zwifke37Fvcg0C+cJzGWkyUh9+A7a4b1CA7sIfiGvieu4Xj5zSCVYfgWm9I3+5H5gj7ldT/hwoY5IzzFdkUmwbNVaY8Ns2uh1zoFT7a31DblbEHvFalPqnYhNhd7AfsU/Uyd6pbTFvuOtYVtdL/FOkfXsC6ITzEO7G9i4zk5LOfaO1KG7J61+JsUxBN6Fn+LQWMH3uZRiztES+mZ2MqCtINP+BbounlrxiqRO9jpxAznLews/CJsmY60HwosOkbXkY6b/aSx930LW447FewFxo/9wlgoB5a1TT15vqtJWx0rZdxr3rPmGYHGMYD1svMJTnEjExZH9IktQ9yJeVtJuMGR4y2KC1mtNtRA6pg37/NkmmvoXxZY1ko/JZ1TeEUsWdcNOPTOXz899wQ+z5v2NUztDkrZjrXTNRCeUq68GUh/mTbFl8/g+1Km85XphBfeJ7IbfPg/7N1hwrsk/antB6/UBmOtYO/lMSjNzD39OPxj0hY/Gjy696DT6Xqg4DgruBib11+w0AmL0i/zojKrL/jRV5Q/IPMCz3RdoPs835cyxko8QOcY/Y0PvSR965plPOhsfG/8c+XpBXlmfEOLWBx4sEXRR/B4KeFDBp4TXLomHI/6jPyeicoAnolx05/u0bzWhxY+ga59TcTt4emG1MG7Xks73be5jnGxjkftR+p2WnDrulZeZVmDfteEvs1leq5GXEvPb7oCj03AHllsqcsJuvSMric4etYch9LYS+04x8/42/pk/tDlyqe5VKZntST1cwfSrm9NmaqyeF5y7XeQUl/wYy9Mt+BZsiY9+NgKo/QtpT71jJP+NF6oZ5fzLf0PBFb9Nc4IZwUHcQMdI3PYSzi1D41RUDaUPlftbtqVbmxTvZ+q86ZnnpTrGeea4O9axI3gD/X027W7x9S35n1whZu3sO27LXALLe0yDn1fG1Gvtq2OR2ll7MPUlnKlWddy5nnmJ+8uy89a6I9BGe+FQvejJW2lced50hi7j8fl2SWZL+6rTlvEgjhXXyj5uIUOwI7S77E5+zqwuOt/YLHPHZ//FsbDBedti/ufPqZNwbst88xv7Fyw+L4Uma53L9HRszKe1cRTeMg7evRBC38cX4QcGzrfm8Wf3C00sa8OLfaZ3lPXtGJhl3Tt7nM/zmA3LOIk6CtifiT8as5s8d2etrB1B6luTfDspPZ6fkc9Majd1JZ3hSe+syHlet5F7JBzGD33Wy3j2ZT+NJ6p8QTu1CnPiAPsWZxpqO+n5f5+0iK2Agw2IWfd8JhxYJfuFdgNqVP7BxsQO3VdYPRseC/RgW1EnGZN2sKzpdKGmAs8gW49A/cxELOCV+pXYGcuSftsl4KbOIqeEQwlpw/0DWeRL1ucXSwJ7DDhUB4t2d3j3inve4KDfaNrA76pP53XjvrBarOrn8D5I/Cr0maQ+KI48I2wKSlfk/acy8BT5DXjAe4RgVE7O8c09mRsixZn2LupT3wK5AD+E/OFv4F8YW8xf4xX1xv+EDw/KW1OSt9r1vQTFqWPoTXXB2sbvck46HdZ2qrPprzL87wrY6P9SWueWzH3On4v25c52JT6A8G9KThPWjM2wd0j2nH2uiP0s772BBbd2LGQifS1+zoS48T3hya9j6XneGpL6jkk8019X8a0JjjAy/OqlKH7hlKu35ZSfy8c6hcjM5Eh4EUWbEo75CJ+uZ51aexiIPCZjr7gyOPR/hTPUoLftObfrfUybDTSrKROyX0uZ6xpc4OPfUMMRX3489b0f5kn7DPOJ0b5nRq7Vn8Smwl7kdzTCXl+Up5Jr1i7fdQTGH3HHu9IX9pGfV723kILbnxzeM47NrfvyQesea5+v939+0A7ModrFr+RgR2+YXHPj/OUXmkPfuZ2TdrMWMQruK9gFrF0r0fG4DPOyvuMxbrReAtrYkZgsAc2LGQtOmJO3qknXuHPu1JPbNjrD4TPaptrHBIYvWfAWr5p4RvsyPg2LOzwUxZ7hH3ZFVi1K05Z3O8+sLDX1BfHh9sv8+hje9ya94Md5mx5PiG0Of/OWay1C6UPYFlr8JT9jg2LD0Mf6rNQB99vypigy9fPpNCiNgz3LfgeR2077Dv048qINJDnpVQ3bHmG5qG0X0rvGotuS0PJ7wX3WinHA5ETGo/RcwTkta5N5I/GxzKt/YRD40aszZ7gVXlFPzlORLwgxyNz7K1rzTFpLJfzMtrBS+S2xiw0rqtlg4RfYZDL6AD2y7LgQFazd3WMXelXYxcaT1H6M13IbtVRyjct1/NM6jVOgxzQ9af9oVepX5L+kHf0reOakbEQB2Zdq0zsp36VloWEQ/Fr2yVr0r0ksFnf4Z+o/usmmE8lhqbysy+4Mz6dQ01qo3fkmbsoagsobJbfOYaucZ5sy+AvIReRjcvWlG/9lFO/JO8aG9AYwb6FbgJO7U5sQew0L+OcCNg8x6TVFhhsSu5Uq81J/w6HbYGO1D2Nzw1O7l7ouPGT6BudtiJ1+FdDKcf32rfmWgdeebwsz+vSr9quq9LWE74YtK1Y2Gj4XOqHLwv+7P+stJRp2pPnnsXdOHxqfCHoVn+A2CU6sS9lehapcgJ9Do+QQ/vW1FWKj0TcS89CvR36Zs8iBkE/2B56funP50vbJYsYL7pry8Jm1L6yP0dS+Z/rVAfruybdb91Ujr7Rc+QlwaN6Wt/bdNAoeHKPmyy04BhYk95+wtNmK7TB5vnMNOSkPlAb3wYtz6Nw9kf0ca8+/3Pavp42eh8JWd+T56yv/o0d2+ne1m30d9vxd9jE2JGVvt7xq5Cr4HVYl60rFj4JOnfXwpbk2wJknJdxv9Jxum9wv4Us9++NuSu6ayG/sV2Qm/ht0HDDYt9D43mLcxzsDW9z2UJ2EG9yPh1axB/5fQLud/ct7gNgd2gcifM35g3aehZ+57z01bE4v7stZcBzJvWIxd1LzqDmJe9KX8rjWenT25+y5h6YEzzYS7pG1mXu4ckNC3vkrMzhrIXNgky9bGHjQAs2Jj6u3vnDTgbmnIW9syW0EnM9UeaHc5JsE7HmvO4hKX+w8IJ3zmP2rfmtFDHdTcFFfmDxt+G07qTFWQ5paHHneVfqd1vSttRtJ7izLWW7wodd6UP7OpNgH0nticmstpR7fkF4s53qcv5aSXGw3ynbs6Yvgw2r63ko9ey3Nt2l78RAPPd15OtsTupIg5ZnbLWe9Jn98l5L35k2pVtt+lmB5Vl9fHBgH7X1o354bq8w1Om7xk77Uqf+ssoV9UHUd/Rk1tTNxLtIyAbwIM+1b9VZ4ME2U7p7FjoB2YXdpz4I+sAszrHgp9o00Iad3ZOcdYg9r7QxZ8uCU/UPfoPa2Oqn4Ucwr/BVfUmvV/t+KDDMO30tWPO3GdXnn7Xm3Sz6WJHnfJcqP0M7fnwv9cUYuwIPDmhQuwb9ond8NL5NefZ9O4KH8wD0lsIzZvxe9J6eC9DPgpQRRwTPTKmjrdoT89b0z2ekH3DpeIiDzNlov173Xo73a+ybMvS/3hHP+JelveLM9oDuQcUNrxZL35MJf0/ws8YWLeKxvHesyTvmDd5Zmr+uxW/jzFiTRuZixu6Oa2gZdKpe0TWJLIa35Gpb637AJ/R8xZq/wcnYFuWZMSxZ8+9DMB7WQ6Z9VuoWBYa5QlbTpi/t6LstNsfY6EdjaLTXfQtP8hpT3i4JLHJ6XvAzl8RqldfMIQk8updYk7OCW+1FpXcoeDXWCM3M/5z0DexMSqybmVLPtyYmCd5oG0u4O6kN69tSAlb34YzU69xBU8/iDlreFx1pp7JqJvU7SONmDeDrzCT8C4IDetvGA/15/PmsNPOTfpTXnRY8lsqUBvV7Myx8pI3KHMoYH2uVtY3fhozUOIeeXaj9l+WtJi3X/YV8dxz4OB3pk/1MW90Heq6wKfQrz4l1qWzo2t37CXzU9QV2U9770qfiZVxq2w0TbuD0jELtBeiHdp5pO7QmP/IYVlP/+dxjXnCBmz3EHOrcIidVH2Ebzcj4tE/lc0/wzliT/8orcKougo6F1LcmtVM7kiu9bWdg8JGxK86O9Km+E3JZ9QvlulYYs57jqm2qOtr9Qe5xDVI7Tx+047jVSyW/Up7b0rMFxvMXSp7Tu0eU3yu9nN5fGgH3PjuOaz3TUtdWNl/yd0h7+st9fir42mgdld73KcK9VoIXT49Izu/b96iHX1r2rOB8JsE9M6KNtlUcnty3/6g1/xYxz/ru6Y48P53qnrG7/6bxobw/k+BzutVCw+0WnPdKHpu7Ln3faIG5lvJRifpnEv57tc24n0pl1xIPdexO95sEdhTtiuOyxd+lpvy64Ms86wtuPRdF/rseczm0ZqE71P7EbiVurH5+mz7mTFLjxMg47tXvWMQjPFa9Zc0YkT/vWsQY16z5/dbZ8u50+Z2eU6XPKyW/WvCfKLid9ofsON7mddyd8jrfC+dKImbIWYAnj4seWHyzelBgDsoYL5ZxH5ZE3B9be72UP17oPVfg6fua4OxZfD+xU+r2Cl3DgmerzA93e/dLOln4eam0Yy72St1ByU9Z/N2OfuE/52SLpfzAmmdPq8KzgTXv/29bxL4ftoj7PmBxf5I4EXHlTYt7m5wv9y3OC7jzvS79DyzuLC9KvZ4N5/NpteO25XlF+um3JD1zVN9qRcpXUptNeV4VWH3Wvjmn574W59TwZ5j6zzap5gqX2yxa3DHT/aXxuKVUz57r29131jUttiTuRcDfJWt+W7Ij89p2Vs3awMblLiIy45aFnTtT+Nfm61IGH31NcF7nOC5bxCAXBFZjxNh02G9ONzryZQvZqjE47GPiFp4mLeSpCe6eRTwJf1HP01alnd4JvixwGgsgzoLPgozctvhubNcirjAtc0bclz1xwsJvhgecJ+CfwOcDC7/R+z5p4UssWPz+E/6N11215jfj+H/cK0BvaIwKvt4s7eAd8/6YxX36BYu7nhqfOWlxFskYuJ+qMaBB6pc8P/PeTe3Qq+oz8DxtzZgqfNZYUeZdx5rresHib9ayRthTO9b0mTQG0hU83JHQmBT7apDgNK41J31qzG0ulbEflF/YDWsyDo214JN1rMlj9bfYq/CrY811ovFb3T/gIaY6Z/H3kmelzUxLn92EZyaNjf2rcaQ8zxoHZz6gQ8ev53HAw19wshcYs55rO/yS4GcMMxZ/u1bXLfzvprJZaY9NCB8WrMkT9rbGLZX39E1d9p/9GZuqbe1qHETHo/JI1wrn/hsW63xgTf19YHfrL737dzq9K0yGXSnj4Hk9wdC/3pUepvqMbzHh3mgp66d+79V+SZ41aVluo3VLqX4z9Z3xbbTUbaa2g9Qux3ZG9dEGs2HxrZ3nZ+R5IO2BH1qTpl6ac/iLXGfsG5I7zK6FTQdePbdWu2rTmr9/Afy8hV27KHXY8azXFYHHfmLPtMUXNT7bl+fFBEvZvOC+JO/sL+Kg2ORtZ8M5Lox8uyC4+ZZLbdaFFhzkO5L2LH6nl7RpTTtz08Le1PLTFncvctvTFvYDdWrvblh8l71r4QPttLyfkHLsfL0DzL3TLQtf1efX95jb6+cs7oyctPiWVm3vg9Keu0BnC4+h/cBiT2yXOvzyCyVtWPxuM3cGNi38Ue4Sb5Z59DYuW1nr+JibhaZNi7tw2Junrfkd4lLps1No7lv8poHHx95ux/HKUcljWD9h4U9iz50vvNuT8e2X/LzFGlffbqfQ47ED9Ch2A/cN9PzDyzjb1bMBzidYz2tCF3YTeyGnNj03Sg+ujCjX+Ph8C17eWYPsWXS/j2vdmrHm/4+9MwGMosgaf1V3T0/PfR/J5JjJRSCEhExOjNByGQIiIrIZzoABEZFLhBVFUEQgoIICAiIbXURUFiaAGFERlVU8wNtlPfFCVGBZ14Mj6fxf9ZGZgeCq37ff7v/7KsNvuru6u45X7716Vd0JWvyhndfqFb92rq3xuONIExJ9gDZuaLav+cYiNZ++wrl/J0QjvkynEJuraH2hzf80X631k3b+bLmcHUu4hdi7IPF+lGx7x+Ud72/jf7dBe78gKMTeN/ALiXqhlRX/e1fx7dHGQHvc9f64++LHgvj+iH+2kRF3nzYOaL46Pm6K1yv7Wdt43Ts7zf4zaWen/zPaq0N8P2nzgvhrvO2UHYw7F/9+aXz9tbEnPq1zO/WOl4VdiP39w/hr3O1cG38ufl21vZhVs5f25Hu2Tp6t/2eX9XP3a+c0/dDmc9pabnz+yXF5nv1cMN5nnN2ms58fxvtOTQ+1tZf49zbi2xg/x+p2Vv20e9xn3R9vx9q8yCkkzoG0c1p+GilxW81naddqcypNbsG4vOOJX68heVQJsXUopxCbi8TXM37uGX8sqtcWCTEbPyLE5gqCELPneNsg58laMBlPB8aVqbVNm1Npaz/afEvrn2T1fu06bTyMzyc57jqnkBijWePuLY27R+u7TkLs/2vIEWJ/81iL7QvjrtXaPV2IrfmRMqvVNHINiYW0NcNb49qiyWSgEBuv4sc/LT4/2ybjn+Vq9dbW3rW5uleIva+vrUcuUvu/OC6P8ULifForQ4uNyLXaunm8LyD+ukqIxbzWuH1tTUazq05CbHw424a1sVxbc9Xm8BlqnSqFxPFcG1e09RfNxrS5qPY+TLxv12ywtxCLmdxx+2nquUHq8QAh8d2NXLVPtbUZTS+9qgy0tmjzJa19VWr7tGcsZ69vavIuV2VWrd7bTYitlRQLsd81twqx38nS2q21WeubYULieo+2dqCtN2j6qsXfhBlqu0l9tXdttLm2M26rxUA9VRmVx53vFJef5o80PTYKsTkm6c/Jqkw0e9fW6p1CbO1vlJqXFs9r5cevtXQWYutMWoyvjX2avfYUYmtc3dT0EUKizxWF8/vjvkLMhxEdmS4k+g/N12lzIqt6jdYvJJ9atR9IvYaqeWlzmG5qerxftQqxeQFpjzaPWhTXL8SOb46Th7a+nyzE/t8Xrd1aXTT/2Vc9p81FtTUmt1rmqLj7432dtmY2VIjNMbR3rkgdGCHmU81C7G+Sxc/xCU8LyjOAyeehXN16hcR3gLXxOHhWuuZXzo7945/darap9Zc97pqUs67X3uGNf66j9YO2r7VN87/xflfTHw1r3H1GVU7tPRfznkVQlYU2f9Ce7xQKiesx8fF3pZD43Elrk9bn2hypvbUhvxB7Jqn1FblmWNw9TiH2tzQyhET902xLeyYRP6cg/oLYGdErslZA5sGHhJieD1Hlq617jhJivou8B6CtZWi/J6vNe7V5vzaXjv99yeS49Pi1CW1dVZP7eCH2f9r8HAPj9qvaOV8pxJ7nV8al9RZiY9rZfazFwvHvjZ8dK2vjK6l3vI/S5BH/+wUayXH7Z58vjEvLOuva3u3kcfY12rn2ytXS7HH3xOv32b+HrOmotp6UE3ccHxN0FhLXMO1CbD1ZW38aJMTe3dDW4bR3ATS5xj/jIMdTlXsxqae2LjNYzaO72n9FQuzvImrjc7IQ+ztXghB7FkjqNE+IxT3Jat2JDU0QYmvEpLzpQmwc1uo8QYjFY0YhNj+PtzdN1jcJSPd3oAC4ELgeuAP4i4A44jcKFFjyTs9AtW8RMBeYLyBmMWynQdtJORJsO8J9b8L+J3DPV4L8HpsuBNsHIX2XcszBfehV4ANB/r+YdanKMUf8+V1wTOq6BLZEThsgz3Q4txb271D5HPKOQtn7gTCch/sYkDdeq9IAwHk8VoFrUEAnVWAsxR+ojFJgSP2h7eh19ZqXgOsg/Uc4D3XHF8DxcjiGfsILlTrgEwD4YQbkjjcCOwFyfrVyHs1SwD6VH1U6qgxT6aByXEF+92+dIleZjSrvqqjtwAOUPpD5TgHXKKDnYEv6CeqEpqiy/iiODXEMiYP06y0q24AtgjLWvqm0X74e+haDHmCib2NVOVaAHEAWGPwVBjkyAdh2VXRGbjuRH+mDr1R9sSs6gUFXMZTBZCOkGw+APjDfQ9+D3JiQAs4j55V+Ri/AdoiiB/hLZV/uj1fVdi9X+5CwWEWTW5OC3EeCogcyX6nsUrlL5UeVEypbFPAtqn4QFiownyjI95E6OtU+WB0nTwDvjiGX+ZG6XRvHljg+hWtfV/oClyh6QGQt2wWJ9UF+TKqq810VuRPdwYtVnSQ6QfRwDnCDqnc+Rf6YyOJG4G04t1/tj0ywLSKTP0NeDQp4v5of2CMG/4iJXpxW6o2nKLLFxP54pc6kPkym2sffK/ZL2ok/UfvLqdQVz1V0SKsP+ouir7gMtl8qW3yDul+r6h25jviZ5arO/xXqS8r8qyq7VSpRVeZPq330nNq381V7ILa+QJD9jOwz5qqyO6naDbHFkFp34kvI+H4UWK/K6m3F9jU7JrpA7mPAZ8i2v1DVPXJfiSqja9U+BZmy1yv1JshjBfGzHVQ6qpB9YuNdVcLqNh8Am5D/dlxftW1gj4yk2I5so1BGKxy3Nices9DH6GXYbgJAT1jQEVZQtgzUlQW5sjBusFAGC+WzkD8Dus+AHjPb1H2wd5b08QtKebIfBnkw0G6G1APy5khbp3AI3cOBTsH2aWAL7C+GLaEO6A3cAowCLgDGAguAt4GJwAigCigBZgFD1eMCoEy9v0TNixwPApKAbDVtMBAGBijn8bXq8WA1LUnNs0Cpp5xmBtxADXA9kA/0Va/JU7fTgCXAB4APaFK5UT3fVc2XHPdUj6ep9SV5zVfzn6umj1ePq1RZDFWPQV5oGzAEqFbrTtr2nJqWpJa3SpXjHWqdjwOPAqeBtcB6tey1aht7AAHADnRQ8yhQZRlQ+6JarQvUXx5LoY54i3r98bjtC5xsV9y3il/X/U3ZtpJ7ID7HOtCH7QDE6SwcMzOAWnXM/BC2PYBXABaAGIn5Aq5zwPZSAOIa5k8ABsBnsLDPpinXML2UGIB9DPYPwnacah8dVNuAvDDEMzgC1MF5mMPjJxR/w1wM22sAiPsx5IP7AO9DeoXqQzsrfrNt7P4xzs61ceXd2Fgi+/yXFP+Pr4Fp9UuKD5D9w0b1mv+BeODfGQvIcUDF+cf/9sZ+Mk7K4zgp61Xhf2Ts/neO27K8JvzMWH2+cfqXxkh/b38sTxjH/y02wSlzm4G/EJCdvGax/FcySNWzVmApcB+wFfhaSdPdCaQo8xEdtFsH7dXBNRxZu9TmOaS/tXWSzYoM257TauvIZM4V/z42GeMruUY0DHgHmAXcBTiALcBMYAowFqjD76JyYBbLIRswCyvzKTLukjGU9OkONcYCW8PzFf1jRim2QuIV5npFb2Rb/1G1ycWqPsLYy2ixzmxVlnAfyyv34iQ4r+Yjy4XEYFXqvZocb1D1/i5Vl5Yr18nl36joqBwLkvnlbjV9g6qrHdTrv1fTyT6Jmd5Uj4nNgZxxQMmTxBWyLc5XypPjpymqHSxXt8QuIF2OVaH+ctw2V71viRCz08Wq7p1Q752vxCRyrLdYvZbwttAWnzEk1tyoHi9Qr5ui5mVVy4Z8cIF6jrRdq9MstR4gLyZfbcMSVUaknyaobf5KvXedeu4utSzCPULbnFaOlavVfmLi8npUvWeJci3TV23fEjVd9RnyMZHpWkVect0Wq7LRxo756r1ae0maFHctkdmAuPJI2geqHmn1Vushn9Pm5HfF6YyqR3I+2nVEHzep57ep+cxRuUM5lnVCi5uXqNd8ovbD/Ljy7lK3c5QyMbH3H5XzbJbiz9pkSvLYrcieyYjLe5pSlo6USfzX02p+TWo/6BQbJLGF3B9EB64ARKBUvQZ8hzxHgf5lPlXPL4J9q1oOacvxODnPUvXiI1VWZF9bSyHXvqvqXZKqc2TcWK3qAmk/GWPVWF7O82khprNLhJhOajq1QJXPkFjfyvHEXWp+2r2kLi/EyX6tWidy/is1Xetfbf8GZcxp0+O5Stmy/S1X0zQdWqim3RMn+yWqrIkP+lI9JnUi+j5R1TeStkrVDTLvJL5qhKDMNZMUn8ZUK/GHHBdo8UFIGZvk8eBfBfGLg/8P81chwdbb/NFadUv80fUa+rvRUmCK/jq0RH8/GqR/CP1evxxt1S8g4zSzAzfgR9F+nIquZFYzPfBmtAuNh5TxeDNThvcwOWQf3YM6oYloPnoRbUb1+AL0F3QJuglVoaUoCRWhwWd9UtAg5Ic7uqMc1ANNhmMnyoVPIXLDdxZ8nKgcjgrhKiPqjNag61EHSA2gYlSGusGduUAQdUQhSO2ACiCfAKpA/eCoE0qVr+0i55gDe3ejDPmTL39fB0xGt8lnOgEi5BGGMjrDHYWQ0hlNl+uQD1fkwNEd6GrYBqEmKXKpHeR8syAtG12AMtGF8n5nOdWP8iCPDHQjbHPlWmRBza+F7yFoEbodZJEj17UI8kuFTwrkVwYldZBrlg17pE6kVrmQcyf5qDOUUAYl9YSrClFXuLcM6lsEre0C5yJwJhsly/mSa/NV+eXKde0k74fgLiVtMboVzYa2z4Gyi1EJpFwA95XLrUqDtHTIKwvyT4X69YBWhCG/TlAzUlIhhEK1qBL2bZBqRnr4mCGHYfBdisZAjdLgfC20kXy8kD8HsjW0/gBHQfJpPYlM0EsXIAeUbEPOVgn69kYovQJSOWRXPpBqh6uJPHpCbS6Fsz3h8xH020XyhwMdWa5+PsMSWi5eNnxYZMjgSwb0r+5XdXHfXj0vEnt0v7Dygm4V5WWlJcXhoq6FBV3yO+d16pjbISc7KzMjFExPS00JJCf5fV6P2+V02G1Wi9lkNAh6XsexDEadsT/q71XTZ2I0qVdt1JzZO9MejJoHnrikIIqcgVCmIxguiOSrV0V1eVHk6h91D6ppRGJ5JMrnnX3JwCibbf8uBDdfEgj2iXLZ8C+zekxdNHdwTSjT/l6g7XwE7okm96oJhQJRJhv+9YNT8K96TLAuah8E6aGAktIvigbVEJpaPyuHRFQeisD34JpomnYYibRXySch3t5zVjUH4np7ozmpV+8ocjci82dR5CGXnShHUVQZzc2DithhT84NFUSx+7sodkWx5xKocmIR5LZD5e3IoE/dxMw+dVeDROtqYzI9oUg0FKwP1g+ucYRhV650/+i+y2oaTcZemb3GGSEByQmo0WiCFBNJgCymNmJzdyzvMOY+3RphvLaA+Jykun0IE6PiklrYyewNcoMzrtiZptY9S+NPIbhN23Mpe0olonyvqF6pRPDqqDgmipYEGzvvqV/aZEdja/PMdZl1Y0bURNkxcEEjYrP7TBgSTek/aBgkQVFA7YQg6e7e8hfpvGCfCcF6OCbX1sJ3Zm/S6QnpdRPG1RI1wbWZveGcoVfNwtCeQNQJ2z5RR17UApdZZn8RYOv7+K8OksP6+oXBaANUN+5siHyDEvih6vV9MqE0yKzPxJ6kSwrauk3Wxn51cueIS8YEo/PGTlR0b8xSTf9D9fao+ccQ9A70D9wp36iKsq52IqnyxDGkmX0mBuuXjJObulRuGuhrsM/E3gRyI2g/ugLuHlbTZ0Jmn1iB0HDYYbPPvjcUiiblkRvr6/uQKo6pg9orVYYTsfoTmwjkYahPr6g4RN6gIXIfQInimN4RNUm9YBi5jZyp7R2JhJR+h0uj+uyFui6ZwXqSoz476s6zh/bCuT35nfsPrunTOyC3Psr0qrnwmD9wDPb7D2pLxn64pr7gWECRUf/LM/tfpmjBBO2rdohiwExbz8Ol6vVyrvv9gf2w3zezb219fd/MYN/62voxTa3zxmYG7Zn1jWZz/dQ+tUHZ8jGk71oSiPZdGonaayfgbtDJRN/6Du4fdV02nHRP3+CEMYqz6JEZKg+EHBHtmkHnO63aGWg86D2xs3r7UaibGTxSINiXuJcm8AqBqL2cmCnU5IoasIMrZZ2Vv8A+LofMA8RS2Eh2n6svVwUE2qgqDPF7l6mpkEkoRGxoSZOIxsJBdN5lNcpxEI0NbENiQR70XS05s0c747mCnJmnnWm7vTYT+srf//J/otPx+lzvyHQGKwpk+cvuti66Zwi08WR5VChXu9vVq4YNMOoeE2DJnjEP3Fdl1Jcn30hkAl6y3p4ZfCMzas+L6nrV7AlURoJ2B7g3DNdU5RGrAS/6RubLmPhO5LZHcWUUe0k6Al8qu3TWVw4n25Qn2Ke+VtWu+GapA0DdhPbbBtfYM6F5AeV6hzOTtPA12aWpnjq7L7GlQEi5ojoStRJ/HLUelb+gvoFeNUHwPmCtl8k7wT7BCaSzo8Ha3rIbiATik5taD9X2Jm4PqkwuCahqDd+KaBN17Zdr+DzQ8FuWRiaAdkfFTtCCYAkUK1vLkBpVSuUB1YpIWf1IUxLPt0lRu+Zc6fYfknAUl698rrzN8IfURPvmafkoxxfnBeIPq8463U87Dd5hTmA2GSUY3LMxEy+6rFHEiy4fVgPjVs8n7QgFFw2p2cZgpldtz0hjFpyveTKIkCinMiSVJJKDIDlA/THkuI0R5OsDT4oIzZPPcnKCfHxlE0ZymqClYXRlE6Ok2ZWCcuSCRJjsXtnEKWdE7WoO0gQlbZ6cJv80ItIw0agTBdEgmhkLE2jEJGkbpOzCCBkw2m7GFhxohLsGy8lNeF6jQQwoV8yDK0SlhouuiBV9xbCa7WYEt8nfUFBP8gNynAeSHAQWAmUMJ/FSNJj8cqDeTvxvNJJHfNSX+SCoyz455PWlvPMufN14kzdw401Jb74F+zNnwde1U+Fr0hT4umayN3DN5LnTk2dc7/akXDURvsZfDV/jJrgD4yYsmJacdJ13dq+k0A3ARaW4L65ELMrDfdRtb3XbS932VLcXqVtR3fZQt93V7YXq9gJ1203dVsCWgW0YF29j8/Y04UrRgdfcw+QtB+5ZyeStAi7qgq/C4+Xrx+Nx8nYcrpO3dfhKeXslHitvx+Ix8nYMrpW3o9XtKHU7Ut2OULfDca24ic2rX8zkLV7A5N0yl8mbA8yF/UULcN5C4DbYnw8Eyjz+Uo+nxOMs9tjCHnORx9DVwxd62AIP6uLJ6WDN7WDrlGftnGfLyLRmZdrS0q3BdJvN7jAbjCYzrxfMLKczI8yYAzjV4tcnWzx2n8XJuS0FAdy5slNlbmVOZVZlRmWwMq0yUOmv9FQ6K22Vhkq+kq1ElYPCQ3DU2R/1H9Iz6sKwvbxnNJzXv4kNDo4W5fWPGgYNr2nE+M4IpEaZRaD6Q6LcItD2IRA3DRte04STyOkFgScRxijav3bBHZG8vNRoHfGs81Ij0SKysyw1AmNg0WXRQGbPvLN/rjvruDE3p0+0U58x0c59anvHn8Dn3Ep+UHt5QBAT7QFtOTu50UAaNWhwz/5RAYZ0YdDwaHImHOyDg1I4MGf2RIivg5ky4s0wx1K/43+4wTCzgp/Wr+TvL7V9iWv9Pv46ZhtzHN1K7mdmtX7FriT5KPfEfvRs/BG/rfU6ZU9Q4ZTDBvSovF2oXvh7+XsVmojO//MDfH79z1vAPnWfbF9I2F/Tdt02dfuguv0jzIHb/4Gas5vRoLiUVvg8wzjxoXauXg0fhD6Fz0o0Ao2CTx18HoZcGtBNaAV8x36+Vb6ZEjQPthPUGqyWvyej6ehOkBBqq9dSVWrgHtGd7E408zz1/Vf+9EX9QRJXwOx+NLTqaqjldVCrOVDHhVC/5VDf+6CFD0Frt6Id6Em0G2S+D2RxGNp6AvrzNGrFHDb8t+Xzf/6HX9Zq4gtbr+FrWy9oSxz8y4Hh4hyYZGAp8DzwvQLbGdgASGDToKE60D4d7PNgHXrY138M9v4ijPFwn0GKYRwG7IthGgBAunkzQpYMYB1CVnAS1qcRsmUBQ4GdKj8iZIfrHJDu2IGQs1AFyoJIWX7lQ2ZyOzyv4HEn4oXrvesR8hUBUB//pDgOIpQ0SeUdhJI7AeBPAt2BPQilQFtSTiKUCufT4P60Awild1M5qhCsPxfyKiWFQqFQKP+RlP4MMN6HTp6fjAf/d5Jp/Dfz/X8fWZsoFMr/NNnbEpH/RNeAOG7/jXxPofw6OtyNUC7MWztWI9TpC4Q6WxHKP51Il39CYTJCXQvbJ+xGqNiLUOlrCuWlChUz/zkXlJ6fSnOM7jAP7xFESDQrXAT16ZlyLr2nx+g7LEbVqkT6jUeo+jBC/U/GuGSGwsCj5zLoM4XB6xSGDI5xxQmF38G9kQ0Kw04mMuJBhVFrFWpfi3Flp3Op25XI+L0ITShG6OoPEZo0FKFrv1GYsi+RadDH1z0aY2YNQr///lxu7NY+cyYhNBeYbz6XBTvaZxHUZ0m3GHdmJXK39Zdxz1vnsqIJoVVDFFZnnMtaRmHdqF/O/e8prH8HoQcGx/hjLUIPVSXy8D6FRw/+PJs7JbIlN0b09whtm6SwI01h54AYTXB+F+jo03B+99Gf57khv4zn9yjsXa3wEtjLyzB+vHro17F/hcLrcP8b4EfehP5+G2LUd7lE3hsU4+DtMd5fpvDhKwgdAvl+Kv42Pkfn8uXNCH0FvunrZQpHQa+PZyRyopvCd7ci9D34vp/mIXTqyPk5k5VIM/gRCfqr9R0ZjI4oMFmJcEGEdQdi6IsVhLsVDD+2j9nfPpZtCNsmI+zYmYhrSyIe8bfjd/56ArxCCrQ59WCM9NsRDj2vkLka4ZxJMTp4FXK3KeTZfz2d1yPcpV6hcGeM8D6FMlGh4hDClQ8q9OieyEVHFfp0Rrhql8KA4vMzMFfhskExLi9H+IpVMYZuQvh3b51LZO9vYwSUN8r7yxlTqTC2t0Kd/1zGT05kwpAYE19UmFQfY3JfhalCItMf/Hmuh/Jn7f5l3PCKwo2fKdwM8p63N5FbjiM8v+f5uX3PuSxeFmNJTSJ3oBjLTv86lm9O5B5IW/E+wit3JnKvEGP1jl/GfWDH66vb5w/QpgfcCD/4vMIG6KuHliXy8McKj2YgvBl0Ycu2GI0SwjveOD9PZCnsmorwUw2JPPMowrsh3z3DYjz/xfn580aFl5wxXg62zys7Y+xPQfh16O+31iH8LmwPgi59uCjGRycR/gRs6tNR5/J5z0QOgx4d2RHjmxUxjjHt87fnz893/4QfwZecgj6S7AkwePC5sCcQwx9EjGFbItZ1iLG9hRhnEDFuawzPBMR4Z8fw5/x2AjWISTMiJrhOIePRGNlr26dDA2I61Z5L54mI6TKifQpzEila3z4ld/9yyr7/r9PtxUQu3BDjIqNCrxPncrFVoXrquVzyxX8vl0EfD3nrXIa+j5hIF4URU2PUVilcOfVcrtoV4+qqGNdMPpdrQT7ToF+nv4eYmcb2mVWHmBvgutnrz+WmsYncnHZ+5gXPz62vIGZB3xgLT5yfpWkx7qxLZPkWhXuqFVZ+p7D6M8Tcdyti1g9BzB9UGkC/HtgX449LFR5SeXhyjEfMMR798Of5U5PC1gaFxlt/O9sPnZ+dPGKamhWeuvPfx+5RCs99k8if0W8E2vPSzYiBOct5ee3RczkAtvpGp/Z5c53C20jhXej/9zb/ev46IpEPlp7LR4cRc2jIz/NZ1rl8sSPG4QO/nq+/+WUcnRfjb6t/Pf/4ffv8NF3h9KDfTvOWGNL7CbD4wH8dHVLg/e0j7FUwRX891tdiODu1j3vgz+Pd8uvxpyA26X2F5IMKKfNipI1QCO757cB0ms0SzwXmeG3kDv15Ok5XyOuJ2PyMRAoFxBbd9OsoVimbHaOiLsYFUxHbHfryos9+Pb3rErl4JmKr17bPgI8Re+mt7TN4CGKv2KNQszPGiJvbZ/SIf86Y9edSd7x9JkxXuAbKnGKOAXM2mZk5iL1ho8Kc2xF7y0TELoDtor3/nCU3n5+7ss7l7kKFlUcQu9Z4Luu8CutBfx9ojrFhdiIPD0nksRmI3dpFoXFFIjsWKTwRjPEk1P1pCbF7uim8APsvGRVeBdkcKFV4iz+Xd5e1z0Hm1/HhezE+Xq9wCGz1053t80W1wuFaxH4t/nK+BdkcBxn9fed/je/eUPjR/tv56ZDCqckKZ7h/TkuKQuvdCXAM3z66wvbRz/jvwTjk12NG58da2T6OVYm4dyTi9SPO/4pCshdxKcMQl7YRcSGkkNkXcdmDEZd78lw6DUokby3i8q2IKxAUCt9IJDwvRgnkWTYCcRWzEXdBQ4zuExEnQt69vOfS5wDiqioVqr87P5f8HnGD3L+ey/YqXN6QyBWr2qfmlXMZwfzXGL0BcWN6JnJlbozxzl/H1fUKk0B+k1/5eaZvOz8zQC4zGxL5/VqF2d8g7qYDicxN/vXcsjOR22YmsnBRjPq7Fe7ohri7NiRyT6XCqjjWvKJw/3e/jIaNifzx9+eycbfCI5MUNm9G3JZd/zM0rv1tbC+K8XgXxO3crNAE+rwr9/w8tezneWZeIs/uQ9zzVYj7cw7iXtrSPq980z77b47xRunP8/akn+c96LuDyefy129ifPA84j46oHBo0Ll87j+Xw+Iv48htP8+3KYkc9ydy4rbfxj9mUygUCoVCoVAoFAqFQqFQKBQKhUKhUCgUCoVCoVAoFAqFQqFQKBQKhUKhUCgUCoVCoVAoFAqFQqFQKBQKhUKhUCgUCoVCoVAoFAqFQqFQKBQKhUKhUCgUCoXyG9hFoVAo/3f5MY1CoVAo/6mcavivc4ajUCiUfz2tJykUCoVCofwfRsfso1AoFMr/Rrjp/zfgh1AoFAqFQqFQKBQKhUKhUCj/u9FPplAoFAqFQvnPxTiAQqFQKBQKhUKhUCj/KZjTKP8/YrubQqFQKBQKhUKhUP6zcdRQKBQKhUKhUCgUCoVCoVAoFA0XolAoFAqFQqFQKBQKhUKhUCgUCoVCoVAoFAqF8t+Jpy+FQqFQKBQKhUKhUCgUCoVCoVAoFAqFQqFQKBQKhUKhUCgUyr8X30zK/wUCtyJd2tT/eULLKBQKhUKhUCgUCoVCoVAo/yoyD1AoFAqFQqFQKBQKhUKhUCgUCoVCofzryX6HQqFQKBQKhUKhUCgUCoVC+c+hYz2FQqFQKBQKhUKhUCgUCoVC+d9A57splH8fBd9RKBQKhUKhUCgUCoVCoVAoFAqFQqFQKBQKhUKh/OspFCkUCoVCoVAoFAqFQqFQKBQKhUKhUCj/Qhi0HSHukO4wYpEedWpEXBPutiOCnFgPO6Ixgtkqnc7AVaGCY86KgmOoIA/5e+QVdg07Qo7skCO0nctvvo453uLUHT6d3MBtRDr0u9Yj/Kt8FjIhHwqgDiiMZogXBfx+c8bSLrlLU/ilzqTkLinO5GRnSheuxLxUROld10ZshrURlI4dbLot3ZbHZuetjST7k7OTAjzrWRth9agHKblHuEeew4kqKvwFBaNHjczLw/6C5GNOX0UB/Nj324+Rj6OiYH9hV1dxabjI63HzmRk5ZW5vuKi0pDgnM4PPxpkYn+fc717d/NCTrz3SsGft1DF1114z5srruI+bUx9mP5def/WxDbsObHzg2TXkzLWjx0/lbt996EDTE1+88+QtS5ffdssd95w+9TXvOzNq9+evP73z8788fvMdd8+/tf4ehDC6jLWwQ3gLsqIpYpnZZEKCxWgxMjzWc5xgBdEzjN0gCDreqLdgPeZY1sTrdAzLIsFgQLVWbDXxqEfByP3hgv2OcEEY/jmgzY6wI4yVIyXRCUlwpgKkAd92EALWufQs28GVXaZjw2w2O0Q6+Pq8jZvmHZDeK8bJgQdScDL3YDeppQanSZ/VYLbbskn4YunJSaTWzeh27ifuFuhHUUw3IsQ8w4p6VqdjWYuZZbGO1+2OGHm7gAWBRwXhgmmOcJ4DhcN+KBxXQIIjnGw/VlRQBNUIOTIdoZIQ1DjE/SRdcq90KW68F29nysjOGtwoXUpK7CR9ga9Ep0AgyaIRMwyLkI5jGQStJjnuLyL9ms1muvCVj91506mWbxkP3LWOSWa+ZhrhLq9ogDswg3dH4CaiG6CzpPSSEPN1y3bmEib5Xiin9ROplZ0D/cGiJNHELiH3LIHSiIxxwTEQ5jG4CdSEndOS9ATzFW85+Z3eCrYyvPUwF+E7ICNyoo6iR7fYZnObFovQnWsiQhLrWNOmp6peVpCcXHYUCjrsKDMDuexkLxQcju1Qy6PSt6ePSi37cAUult6SnmOO4LX4oebD0u+lMbge39JyL3Mdsxha+A4Iv5kvgHLzRI9xCRJ1OoyQ2aTj1kTAOvXIj8AyCvKIlED64QKQe2HXkIPn9SWlWWVhB9Otywcjb8T+/tW6/C7TfXsyVvY89SaR+Cyw/j7QojRUIaZ4PJYlIkJBN8/7LMhnNLJrIka9z70m4vOrzZJtD9oGvQpWlgy9C5KSTQdKApviwKb0VsYT8oRKiktLy0pL2SvWL6rde8WA5259C6P7dz8/v5hlmov6bdq2cwE3a85dY4fvvnTIp3seOz3/9hkTB2y55PanGm+a9xzU7C6QdRLULIRmiWFBMIfs9lDKYp3Ou1hMMofMIZBmaE3EDwYirIkgOzIgA+NKZ9ZE0pPs0BH2ptYTosFut7qsayIu0iugmv6C8lgrwIOUy3uy2MhhOPlYhdz9DlltXLJfsIcyS8JBR3EoA1pInIZd5/GC64Du7HDXH/Y1PCUNv+VGfL30+R+XrX71xRPSK5tekN4+/eFCzN54/20450Hsbp38ZM3rD0lv/I5zvrzqzVY0GDTJAXKvBw00wx5YF4MY3RLRbOV5l0WwWRAnWKBV2GCx8IjnSe9CjcKyeUHdQP5h+RjkL3eAI+zJlA2sFJWBqfEM++CRI7tb8p/Dt8+VvPinCcd5SzN+UFqBJ635K1N6qhkznz0lPQBS3tL6JZcG9fCj34ldnE602GRKtut0niWiHelAilYviM/j5e28l/f6HCzUik1ygEY4+HiNILJUrF9RfEWEinbIkipp87F6F+gGW1bEcWnS29L719z/xwdfev2Zu6+vYN5peTN4x484CX/8ufTNRfvGb1+x4iEL69ws9eN/AANAM0EjhoNGeFEG1DaAkGlxamqWzrdYdOiCQhBMUEh2Iy9oA+l7G9ziBnVw663JayLWJK26ihaQWvsLyJFc36K22kINGTYMHe2UuxiB3YaKfDhujGBP33Dby98zusl/f/mE9O1fjkr/wGNw8KFRLYP+uHBew71Lbtug69tdelB6813p9F8/lz7E0/DlYNef5zfjNe8/vaJh2w6Q+xTo/4tB7kZUKIL9IrPBwIocqbeJA6cPYjbwHOl3tYrlyfuJPyX+DzOIzXQiFzg17uLvpa9Dr2Vj91ctiD2oWyENbcmTvsUO5ml8z58Q+LexrV9xl4LMlHF4kNjJwVpzF/PWxV34LjxyL8nIKEkBm8/LXhPJy/Mb/elgUknGrsTu4/rXXxDzZ/LoAoMsbOUxtiwnh1g6WAYZT/XyNxlWE8ZVV9z+2Iabx82c9vINs1+Zet34m9fffGT5ssPz9jx6R/3WxkULo+Urrrl6zT1TJi/H0ds/K6zYNmHyzglX7Zwyfnu3rp8tuO3NGTPeWlq/8ZGF87Y+xgycsHLVVVfffRfRjTrQjb7QTh/KhFbmORfr0tKy/YvNos9nRr41kYBhTUQfADcRQAHG5gG98CTZwH/Y9O2oMWms7EOJkYEjLYPKOx18B2gWKilG4SJZKzI6xLfqyXkr3viSYcb//YVWhP2ffIU5KSr95Y/TpjXcMXvjQwvnbHirGlfhLgzzPDa/9wXOllZKD0mXS0UlXMq6Jx6e9fAHu6EVs1qP4Nnc1XLk1EF081sRcm4VzR5bFGyQNUQjrD1+eJHHqfgwxxG3P2tASemA6orS6uqy8urqirJ+7LelVf1KSqqrmxtLq/uXFPfvDyU248u4n9idcvQXFgMcQgZlYLfxl/Kf8Kyd5XlGG09l2yFRl+aAlKGVDOzcT8069gyBTb+35T4yyuIsNJ87wD0EOYtiNoxYGIZzg8AcwhhzqEDfQ8/o9VhXyNfyU/kG/g1eB1HESJLvyP0VBdPCypAPUQ0xS1wif7gDzUOZXS192UeZK6Qum3F/PZ71p5ZmogE+GMUXg0XpkQ3KyzTr5/A8GSUdnKizscsjNpsuYM4zM0vM2MyzOid2gnX12D9yGhQoi5NEVvthUDsGeh3KZENsJg672JwOmTwEPYs/Wt9y48qPmIHvrfzGZNGZrEfwJqkGvGo1c1v6JX1zWm4i1rYPrHot1MEGtUlH1WKOeU5qqm6OweMJOZLmQpzgdzj8yyMORxLG9uUQW6Ok5RBrJ1oa2bQ5pfAxOYSAsEnuV7089HCZ4PGJ4oVYhzJE7cMvvfb98rnrn5E+PST9sHP5Q9KH+07c/5h0L2954YF5eztyzlfX7ftJN0oK3DHng5ZrW75Yfgs2kvGf2M1RsBsPGib6waOafPY5os6Dlkc8do/HJZiMyyMm4pY8yIRNrMlkcQmW5RGBY1zLI4wroeagGZpjLW/zF6T3svlQUHWknpxMeTdcVMYdfUySpO3SdLwHRz5evvElqUXahQt/PPyoOAw/jEfgmXhfjzdHSA9LH0jfSE9OgD4G+eoeB/kKMGqS+GuO1eoyglyxQRamMU6YcfEXCE8pHqSl7OzDu3AtflvKl5Z99inugPtLm6VveYs0HgpbLQ3UDT8zFPfEGfDJAhmRXjVAqSbUT8zmjXOxKAiI44iKY4uZh7J53sgwOhAIi6EO+JwOxXJ0IUfExK1AQBwCq/GocIbmZ9m0lkeZTi3vMTfwlm2SvbHlJ6SUzB6Gkg2oUkxj+Ll6kRSr1+tNRrk4Ri8IGHqD1TvloeKc8pTCsFIQBAjsYaWYfWyabnjL6WjLcMhd1gIdGVmTUI2Y4vN57DBFmevxBIgu+H3LI34/E9MEGyhBezqQMLC2ib9IDaYSdCCkjqtlxHXohh+RPgRnOQ6/iK88s2WX1NoiNeEuGDfeJEWZpIm34UfwlfgqfGDQweuljdKX0kfS073xHxsV+egmyD3TTQwa0FzoD4GbK+qMrAAWz+uE5XWFZFrVZu7E1kltsTbmh4mtO4hsyIQ2rJuwr/nEvn2sfR/xMrylZTTzgFIOXibPF3wwL5kLfQ1TNIbkKDspMluAHPCyfbzl1D9kifpbDzNT5fiui+jV6dBc0Wi0WnTgTQUTywrLI6wqN6iEQ3F1xJ9DRnZGDZccjjAz9fj+0d27j/p+H1MkfSXtT3khH69lP1A14xTkr0NB0abT6aHVGLSPi2kfVjpAVjVoG3uq+fV9zNW85fQGVbP0AtwfQJeLvkBjEvLqBTArIdXuhPmprVG0J3FNuO+OCMxqzLAjGiMO1u70CE5iYT3294izMjDy/cqk076/wr5XnnkUl4HbhBkUuE+vh2ge9vrCpXJwepFNl+yW8BSJcabwxmexDb9c7NAXe/CbmOGYudumdj5zNXdn7pxJB5r1vOXM+7N73xXmMk79Q+3vJ6HWLlQkJqG5VuxweAwwC+KEuQYnC91ucFpJ+/eTGsJMTq0ZRMqkUrHahEltckqgv5881vxDyM0LL55hfiw1csYXucfDRcUPnXkWSq4d4uvZwHVUogs+A+yDjMvgd/g5TmeSeY6IDLblEYOL9UB3cueZ98mKHoSJnxo2QAhRh1fh4bgXrpcmSVukndL0t3D6VydxQPr278ek95nv8Sz8tDRQ2iAtlPribXgS9PyfcB+chTvjvtImpPhBbpkcPTph1E7Wz7Hb3WY8V2TM4LjNZoZlTVAlRUMTLLLI2aatITJXQx20EQSUFzedwR7p6X+8/OQTu6X1TK+WZ3jLd59+IX0psMktqx5ai/PUsnVhuQ9S0CViB5cdvBAMs5Y5SUlpHv1cUbDxHg8P44cHpmZukA8rqMbX7gAHDgIGXUc4rHRQTmamWjd5muVTB7qcTF34qNR6ybwIVPPgZxhJm8SR1S1zjy5+bN1KvOWWkS0zeMv7e6XdtbpA3Q3snS0fNdx6wyLQmHkwvpVDz2WiOtHvdKbO0emyzZmZvjmi2ZCczDqdjuURJ/FqSU5nEAL+5WQqidgguI+gywbVt3Ht+Tdl6wifPdlxeb3hIFQ3pwOJirPC8oCXwXvcXp88cIcycjrMu/j4Nbhv39mbvl6BS49+NWnpe3duv+n1L3ZKB6VTI34ox5ndBx25aMKgy2e8NO+5z8rfHzNr4qiZ4699f9Fr74dzoEXQCdxUOc4BzwIdMpcVyZKMQSBxGzg9lnWq0wZlHFAGgYLYGgw3VbroZakX10c3/PRDuuHbIE8n9OnvZD/aFbSJLLyYoEc5FlwVm6Uv1jMz9FhPtAnCpR5gWFqotL9CWScJq9at+13LSx+3vPUxfsBj1AkB/IjiD8/0qby0TxX3JJT0vtTAXCfXvkCEiI3j+H4iDKNQe/7yCGZ0l8MYKgu8bRgjawzhAnUQA9NlrpOuwmuOHZMa9NcuObUJ8rxAasDvynnmE1+LMYzTRCA85MazmIGM1WVLJUvSY0qOJWFHZkkIvyuNP34cr5Ua6vmaJUTHR7YeZt/jJiE3RHH14tA0u24Bz4f88y2i223xpJvSsT0rfQjM2tPt6XvS30jn0u0We6p9pP1a+zP2/XbewdkZoxAwBlZGjF7ofbQyYnOnuwvcrIF1u52Mc2WEsWtLEiSgJiub6uQeDh3hkSPJd9w05BgxEFdpOOiAGmeS+L7Enp1th+k05ol6ESspefmhg3jZ87rrDj2wG0/BVYde2oCrFl01dcS8jZzuKmlES/ljf94COhfugm23S3ucdcMurduxaCK0dytYSRM/DlQ/FSKNdNN8ny/docMLRAa5re6VEatXlywkr4wIdhYxHsWWoeo9YvNn1bFkkx5yKNNn4us6sHFTJA++bu9e7tbTb/wgHfvy4DTdlvnrohvuXPbUunX8uJYuf4UwTzoiPb4T593+5Il3tr5+4A/Qt+OgJzZDT3hING0yeezzdaLH49OZjCsjEIcwgoXUygMChmiVcYFcvZpcz5q9QgVBlA4lHiUTOS0ezVDkV8Y+Nnf7CZiuX4CF1ZOuv2vT2y89ctfcogG4+Adsx5eUPj/06+efPTgKpAV14qao0uompqVa0AKM033zwfUhE0jLZNeBrHRe1mLBICyY0SgeJDYoH1PcndyRTAkZGnwgNba4rTKlJdyUvdwNrW+dxP7PPhvP7X1h67x1O/607M4dTW/hPAk7cf8o80hz/oLtX7/85F/evl+tVTFIyglRXLWYq9ejBS5XIAnPF828fmUkCa+M8HY+iU/ibDYv6KPdwK2MGLxnT3/z4gYKZe3US4TjISJzkLmv0wO+jaz3ccXNp3VND+267+6/n5D+gTt88Nfv9+Klc69/zIt/anxu1tarcCG2Srha+vpMt1UbtiyF3oT5LHcFSM4B1u8nUnOZhQWiwczZOFIjIzJ4sKxePRJXZuQgzU6E41D1K+jgrnjh5NxNoFBzv8HXMzfhgS+saLkDFKnsDelCYsP3yjHb5eDTbCiyw7bALJqbWk+KNitzidnMj0UisjuYS+SlooDVzgxAggkOLTazB6bAZvAfV0Z6sDCpKADrBJv0E7+XB9JJ9tuPkRkj2SbOvl1QtXsvLi7pB7Psvr69uoPFF/ctKe7T5/QIbvCZLUht/3Bovxn8bBIMmkaTyWoWuAU6gTVD+GLjkU4TgNNXAQFMURHxtPKyTyiEM5XWg7vlhks/SB04aD1+rlkyM56Wb/lxZ77DZ1qOknJIYdOhHBZduINdAE2Flu+w2qCR8lTOAg2VW4tI6ARHUBWPEioQ/6i1ksycwo4te/lxp+5Ta89/BRpGZra50HsBwwIjhk/I41ggOlN1KyOp9oDH4geT9NtdNqfHqDWmh/JcoEebbpFY8ViFXelYRe0dcT3sIR7E6yPdzH+1d+q8SWv3/mPqPdDamZ9PeTR04w/4WubGHfe9Ut9Sz9yFL9izsmUJN3jry7MnfCZ1V6U8VLYEVcvciVpm+0VaptTBww194dQtG6HoOcd37maux1fsuadlMTf4iTe//gSpVtcIZWmR4XwSGc4nkSExLtaz8qwlm1hkqEWD8YtI43AR5k9BJPiWdFI6uO+5P26KRjc99CyTCgZ/ofS69A/ptLQbl2Pdsx/+5eVXDn5GarBVYrkmqMEv8N02JvBzvrut1T/ju9/5u/S3r96dofru5bvWtVzFX/rsX6W/nJaOSo07ceeF4Lu3v3rgASIbqNmUtpoFLdZUNuYpbWd7ykD7ntJHFplA8flQBuNQPGVJmC2NecoOxFPOkKQ3z2D3kUPgKvfiRxat2/bYktWNWGKZJ96B+T2DXbg6ukqqnP/kkQO73npznaIlLOLGgXeoFK0IOYz8AlGPoNuMspFAEqO3MCsjFrtg03vi4tfyopiLVBaM4xTGx6KuQ6evAFkNOdAri12W+e6Wlje4wZ9+byMWNA1GsxEgkSAaL5bZ7YH5HJdhDAY980Uj0tv1QT3r4PQw2bag4MoIVMCSBhVI89qhVna70+IktWlveFOCUfBSZ8ejZOUSOlCORkvPjkbBZ3WYtuKxL+vWNE0+tfOOG266f9TMK+5+8tZTL26e97drVomXV1Qvv+qexq7PDBrcq2d1tz4rrl299SJoRZfWI8zzurUQHQ0VO0OcaLF4TbYFnChwPM+RWMdthyBHb+X1PHSx3mjU2+SIRx1ryCqIGuuoC0Xak0KotbpelCnHOWFHmbxwIQ/PzPPitdJfdu9+AbukY9VDe3Y1ZeJ+zNwHsbG71PRgy4ZrR2VD3daAPYrcYGWEsclDjBH61W4TbKxZZybKhj1Is4HYeKwNx1Bu2GEPgdo7wpz4Z27KYWnW85iZt/7PW/bh95hVLQulrc8sY+aQ3kwCf1gOZQVQfzHHjxm3y26z2wxGxmU0uiCEDiCUajYFbLzLZrLZjB4fCZ32a5NTJYaWH1zDtFmePNvVeFpddCTrj3Jc7dK2fLm087UPrRzHuo+/KO147SOIsjnb8cePGHkDYz9IhhlWKCrv1L35R25w82vZYllXtmvzq1k9O3djS6DGlpafuDDU2IUuFXNtJtd8bDKZwfdbzDCHMNtMJsFl43VyoMALZhsrgPtKaVunKFe28jNniKVIA8jRMYdca23ZoqwMxid5NsCFJePS1n7FFSULel4hDfwrDvl1vBN3gWrqpfX2zd51L3ODmp8bnt6NvYjI8xB+T+dg80GvysUAesbt9hqeEY1GI+tgd0ccDgvE3hb97ohFW4l2hNUd3OZYMXn00IE8ZcokjyR8xEGU6RyGBxfNfPgacSV/n37jwml33NG350CGzd+wbcbFT2/YNmr0hKFQOmKShQ3yU2TXE0iMf4acvF9Z5xY2/DQCLkm+FzE6C9dXv5jPldfNy8QU9htoQD+GMfD6bzhO10/keUbPbI/oObIwEOdrC46ptkkqy2a6MgH94usb1x8A+FwpDX9GIM8CuL7MD2oJJWIAfwOzsn4IGXTf8Ly+n8idv4DwWfkzP6xfdP3DQFz+LFrVelR3DH0jj1yZqLsY4rci51YzxCbm7LStoj8UiEZCXuXRg4GNxkLFuLFMHsbJKJ4dFwadb587PiBc0r+6tKyq5a3+pcWwV1rd8l6/kvAl1WUlVVeX9r+kuLhfdVjZ9isu7T+gpLhfFfTMpfiwPso9DjadLTqQFZpsNTkEZLKyes5lLrC/956vaH8RgtloxX75nQev1+cBIYEKlEG3wWScd83eOmPGn24a0EUsP/UZn1baswv3+MKl3fMvXLJ4zFVVW/tcUwsSqUEf8U9xHcE6UlEHNFEsMaK0NLc7yfZMZmbHpGdEndHtTjEHnbsjwWAKnGJyUpjdkZQUwZyzO2I2ewXBuzsioIK4h4ttvtkRc9NxT9IcYfkpGrEd2UEHXU5NXCyjjXDY6StVRmF24fZvGj89uhGjhui3j3/6t4d/+G7Jn6ctXT5pF+60dO+0JcsmPcFw0gdfN209DfOYzKM7t5zBj2DnuptmrMF26W8Ms+bGGfcTSzsDEdKPOtB0dJVYaoWoj2MsJkEPfsWOkHmfxcIadMw+mETrdB63w2A07I4oT4WcPM9ajWazEeJi2W2TxTX5sW/8esMxEqUWkFk2+DfyogqxH1BE6AyZMEseAYe4H1uiWx7aKp3CQ++XLEyvRx56FLul+xsYFl8mbcWX3YvL7sWXSNvvlV5GLFPWmq47zr8JfZOFOqEF4sVZfsGZbWB9DqeY5rM5kcfuYQysx+f0rYF6MqyYIyCWF+RH1n6HP5s12LNYzDAdzZ4Abw4s7tixsyW02KxapH2vfS/Z2e8L+4pkTbe/SJoBfk45kOfl8jFZ63TIHQfT3RLi9XwOeYAtKwl7QPVyOjjk4VWZmft8DtJ9XNX1Rx+9/9TfH/ts1/XvXzl/17EnP5SeGzdj3IzrJ94gfP3piFdvMDP+q/98x+qvkl94Vij5c0RoeXf8y7fd94aup+uGK0bdVPyjlO28YdBKhHVlUoO+ijcjAwqJdgQOQGfX6ZDBbjDoVzJE7OVhAuqxF+QOUSYOky9+nXQfHrdZuh+PkRrw7UwnpiteIl3T8kHL59I1oBNNUgPzkpyr8wnEszpeWMkWHNtbpGST2ZZP3WZ8pfSHR+GrAa9gcpk0fLc0p+Xtlv0I4xLpc2YiOgm2lCY6WGZbpIDtwTJ7YBrFYsQQA4Xp1Mg85R0eZuIjS288Kb/Dw+BbWr9i5nMTZW8UBCvnoxFkd5qjEaeLNdi2eqBZRar/gdpoLgVk7orbZ5iSAdVlZdUDSkoGyHATq4uL+/cvLq5uvrG6pLRfv9KSahL2Vbbeod+n+0j2rSY0QbQzRhPLmowMp+d5i14wNWFxZ0R+yqN/CosogrjWPY+7k6s4xMIp0RspQD3QaDQF3YX+AJHk60g4QYYQ0jiydJW47KC+nQZhv6z2nhDZNvFLT824Sb/05Iz3dAdP5+o+2nyG28Q++ChkU9w6RX+Anw81myoaed5oMhotJk5owuPFNJE8crIxWxnGXMgsYxjE2JkgU8tEGZ2NZZpa9zyREqxiGD2nb8Ldt0c4BE3pvg28EiooUlbVZKcEyjwN9Fl57CBPMgvklZEy+VmB8mCqmLXvZEubX2HfOTnexs9o2djQfHsDkuuH9a/xGFnRQRG8hp6xMozdyplIBXuKZrPd1sN8qfkPZtZm3mp+3fyJmfMwo81TzHNJSoGZnJwCp5VzhmTWLHbKrzKLJneVmTPqjE34AtEQkXXarNc/1XoCCUiPuz8eEVgrsjbhHmJHWfxT0FwQv65A3tmKnkV/Q61IT85cCklb4ZAnPTJtuhYvlxN3Ja/dyseyEAiJYpAfa5MecpQhnT5LXiov1q9uLh6BX8GlM6VXpEE7m7/h8QZpwDzpu4MPHsfCmYn8CBixzdK3+iO6n2C+48VlIrgZrDPiHjZ8qQ0bbdjG2t0uFwOugbFbGAYOwb0KJghpmnCdWCAKgt83RZgr/E1gWwXM2IR0oUBgXawg5hVWCWJmLnwlh+DLbKsSXEQsbuQiYnF77Q5vE64Q0yMOg023VcdYWJ3YqWuVTkzOgC+bp0rn0FmQhdxjQhZ8wRMQoZvA1dub8IViOJKOiNBYshktC/MPsjg/kQVqIgdkl0Nil6IqJJpsVSDWvLw2wToriGidFcrKAQg0TGTtV7+UpNFtUiaDQkWR7KLIqKi8ukjWQEdOK+w6ciQRPK8Pg9ARzumAcAhzOj3KrtJPbwnWNszYLD0qFRZ1Z2biW5t7cwfwTDxiulQnva/7ad3GL84kc5ukYdJ7VVW4nrlZKv/i6HpctIPMkTNa0/Xv8Y9AxJ6Kdoo2lyuV500pnJ4VUlNMhiY8bkdSUjpimvCVj5NuSQVbq9suIrcNjGdnxO12uFyOJnzRtkhyahOuJOYEGzE1AhNrgfO4ahlM7FBkBjHzwCgbGL1dtcUMzRYrG8EW462PvEABbiEvL+H5TBgko0aI8iyOPBxU32Es0YZNhoWJVWZOdk4HzseVOV0YUvGMQRvTdUtOX5Wuy/GnpYwa9vafJcnsxYWrsNmf7Dx1p+6V06XMmdWsV3p+tbRHGiGteqe6iuF7T/Qyzi+wEY+V9q0mtl0kfa7/kH8IBfF0MSsAgwQWGMygtNRUvdfp9HqT3T67C9yRCepgsBg4KzF6n88FEx9bZ/DzNhabOTY5OQMFg35yzsSJej3HBIJ2FCRKaozYkrGVT+b8HEhlZ0Tn9+kFIiCxPOIWAhy6DTF70feIiSIoF2bKjOlSYbQg28MU4VnhdTCQVkHvYJEfLAaxqeZUotdpKBWySI/Y0nA5myZm5Valicmp8OX0wBfobJrLZDYpvWY3B62F1gYrO8haa2Ws1rlmHDXvMTNbzdhMXPi0MHgNZY7apsCyivvICmmB4jtHw3UV6kRW/lYvalu0V1VbVn6YO1VUwDyJBILKA1/5U6DM1EETRkJsAX3M6WCeUXZWmOQJ6UMe7PWBGTBWbIDZ1d4zDWOkTCZpUssPzMVX77ya3d7smMR9cPrrMdydLUdvv3OsZJSC+JKZy/HCFSdXY+dqbJR+XC0dX/3jOqlC7LMaCx+SUTCn9Ub9x/I444BRd/02o8l3kRGPRk4k4DqkQxx8Y2TDVz5hxTon6zC6m/DYx60eT5LJ3IRHi3kiiMRqgwjR7LO5zWa3zcchhudtDHYh2RqILej8LENGocrtEYEjw5A8DoFYiKNwqGOjJhEykyOCqThGQseCY+qnbWRSRieX06WHINHp8jFsDnPrJjxqE7PoZNWRDWs33L5Rl7Fv0YO7NsGIdWopYYVunnSzNLAab8Srm0/jTXipKGVIm8ArJEv/0B/mbwBJONDLjxv0epMOrHziE5yd4yw2G0PUt6PIIpNOZ3E8C6HjpexodgrLsmJeURUrBjrCFzhj1ubANoetqfXEThCWl7UQr/F4xGJxGPRyoh4SYRf3BP2ca8CXGrYaGBKuBQ3sIMM8wyGyqTWcMLAG8Bnb84uqDOApwL2OnCavPINOycMX2fUXjBpJVHLkaPCnoE3y1Bf0iLiNMLgMokTgPF16pOP10HmyD2U37Nz5YRruzYjdO7fskN6SDrZs7NyNmYoL2ZfPdNLf3qXlm8NjB+NifFgqklZXDcXDIK4AqWyC8ayWfwzZYJ7gQ882unhwkNv1Ts5IRiyTyYNNevgkucEJXCmaRJvNZrDo9Ra3hdhZZcRpcmOT+zET/sSEmdGmKaa5ptdNnInIzOTwNTB4KrhLZgpxnkGmEIKYqaAuUUZvVZxngDhPH/JBZo9HuB5KfFUU50KnTScrAGBe00EqYW1NQJGJssYMR3YY1+3H5CFdVqDMEvkxqCcThxwdGUdoE8tsZo0bWtZubnlwA+9uWcuMP72MGdXyIPcT3iENaJ46qcXPHJnENEscbiZSqZI+Aan8CUaSTNQRV0FrbP5Uf3JyalaGPeMiAx6OQigdPFI6rgGvBDa0g2V5nEIGGa/d6wUZjtuOc+25TXiYaOwQ6mDMTsOuLP0uPA55WvfsMGdUeQzPwIELZUMu2bhmm5iVTFycHyWDWNMiNn+6v8DPWli/6AtU+f2WUEZaegZ8bKlE9Xo9HjGbLHbog+5iVsTeITcr25abnsuYTmTj3OzcbAQu2oLYQlZkp7Kcg2VB1qIhObeKZb2pCMa3C5+I8INQLRiIJm9V4KNGykIdqUyE5MEs3PbgSPVoqq+UB7PygmMf5x3TZksF5LhCG97kI6LZxAfKL1uHSh1hux5GNyaU0SGnA1lJcrpCDNFgVwiXgf/LUb6nM39L3ZzCDjb73dKide8J3qd3njCnCC1972kZWd6TmXxPS0d25+Q9625a25w1aePa2Su4+37AqdJfvm5ZJU2W6o0DJyUfxYtwU/Od0uC+A/EUNlVaPXbb5qk7ub51y1ZPfxAaXggR+Bv8VuiDJLRRtBitrN5odbJ6l1lnJ7pvwE5nALv9dhjixm73+QKeXdBBHlwr2kW3y+f3C263xyOYlJFtR8TGciyxCWfEzHFotICRYBcYKysglxxP2LXwnMRBCVNqEL08ZIBnJBIl0+py8rpEAZkQkV/2AAkWqP5RfRXT0/ZqmSKvQnZ2SxbzYfN7/Mnmj5kPW7LY2Sdr2S4rZpeun8Qy4mq8b/VqqXx1y54V/PcDdtYNIS94ICvY/ncQMYEWojzUFZXh42KSkTUG7Kwj6LW6sr0drUkBVzCYkZFdlEdan4dH7MgJJCX5duExKLX1xPbUQnshDBOPFwhmHbaDZYwFP5sPV+bjEagzysLjH0+zp5XaS5vwSNFY0tmRmsMVyYYx5omStAK2Y8eKMMk4DIbSTyzKyQvm5XUuKS3tXFBY6O7cMZfnuewiPuwN54RZUzg3nP8Hx1bHszDttDnSHQWO0fLR6w69hXWIHbtWOcSU7CpHBrGkIMogv+QUDAaSnmo9hAIoCVc+EQmYWIEj/XSBaIpwgWyHzWVGpIMuEDMinBt1duf3zh+Sz76T/0X+9/ksl+/OL4YUcsib8okVeYPZVSjfni/mD8rn8pn8fLcvLdudTXJwRHq4R7uZoLvQLbrZQ27sJlOTkbINOdSXAMClTSfRntLx8lxF0wE5smgLqUlMMY30PLg9h7xoLquIQ6FcHkWJqvgqYOOTLa9csbhwuKhIOSQvVagGKAclDlmPyA7JUHaX6u/reGJvD8LWCQNLFivbZRbYZWmZj9crepYtf9/GdpZ646cb8E6pmu3c/E5D8zu99YtaXnwHLxN7SwP2SRmvSMVdeuJlz7cc0hmX3rT2tvUtY2+dOn3ZqJaJM+8cv2gq9mH73dgpHb9bOnG3NB6v5Urvlvbd1nvwAXybtFb6vnLgLtwFcxvfGbZnN75zwIptgzdMHtpwW+0GsFtvq03/Dv8w8qAU9M2TyNF6QoRR2GA0enUu1mO1w0A1bpvNhohaITzqcY/HD/E+2LBoYJi0gNcrW/SVoldMslmtSUl+D0IOmx/8pR9bWT8ZnrNzq8h2pz8TXK/XS9QpAPO9ctESCTCsmBoEPwolwmxBNEcMBh0Z7XR6B/gB8YmIixy5HAgMXLbwcNuEPNzWxZqnlftFNnzozCI5mCSmX0AOjsnzLWX2VE4WeVx6mA3oeX2H0jKEfQhnwewgW97L0b2Drd81lJY0V/99/ajBs6czRly/RSpt+R5fz7y25s7TbzCd8dQN0uSWA0XMLOlWaXbd8N+VeazeaNEkmNPcXNMypOVHW85P70zAW5jpg1tqpKHdQdL21gr9FzAKJoMxPSOaOZ9PcCUnu4R0ezrYr2hKE5LSGCbD6XKlEGGn4NptYkCetTph1trj8YjTaeSNZIxKj/g4LnkKP5dn+LT0dBQIoBR7ipgyKKU2RedmU4hhGVNyq1JSEJOMkokbNUYuRbhtiBrZZiSjVXuA+N1Z0RbAa6OR8mtyFWEixwLll3wcylQfYa+Oy+b1GdlZbI4ixVIfmXvKGr2Zn9DydUvBPjwbf4jXFtoPtAyVhv3o9i+aUbO2rrfIRPGR07cyG1YMHr9uiC5vVcvr0sXP2wXXjDLBjp1+781LN66qLuTxBnwEv1Y989Eh8jwrubUPyO8BcG6e7RaLTwdC2+5iwr6nwEv6wTfWiRaXPy8joyQvv0uXooIA0VG7mFdYWISKChhoShc2vwuRhSvSOTnJm+z1gFs1sfn5HT2pHcm03hDJyshINRlsBnKUDuGozZbK+v2pYnpuVeoMtAJtQCyZba1ArAURIdv8GTCzL0RMNojVw3qacO8dEQRzOqL20AFkC9F/FVgMIu+JTIu9vkTms3nqZKbNZ4Vjr4U75ZmPGiw4FIejPLaRg1ZyH1xynIxpBcpLqxDFZjN6MtGVgwGftwz6pEwHXkjncIdDRXDgBc/Dh0JBh0PXIRuyzGab1jO77Gahd+/NY2eYvaPuHhsM8la+5Zv1Uu4WduOL/mTzkJqU5CLpw2av9I70XTLOXY8P8g9IHedLww7vGFjFDRhh/n90vQ1gU9d5N37POVdX39LV9/e3LMmSbcmSbGSj2BdwHMUh4FJKEAHbIYxSmoWPN6OMUGCUUpe64PF3GCUuocxlGcmAGmMYSYGxNEvTlLCMpVnKm/BmaUaTkNAsb15irMv/nHMl2XQbxrIkX/Nxz3me5/d7nt/zHBbGIo9/8uaKyc1o5eLJy88O7ng26H5x7cfAj7Lp/TPA98S/WozXb/WdqHwpZ8Ce5ruC0mCwIMx7bPhWrxwXLEivNWH4Net0Ua8AahmjOAMaBEsRxxLWYGBMvMlvQlZk4igoaBfsxSS7lT3P3mHZJNvOzmfXsMfZT1mOJRGieo+lu0tZQLnYQ/Ps0s3D9ytcQ0I/i+8Ovmvle9aEXgOLQGQiyH2GPeeuuV2vPP6WxvzK4Bn08zeuHnn5iw9L/pfndkNuRY8VwjM46jfcUWNG+DdMM9PKtDGzmU7wwSm7PRwORnAgH43Oxii2R9B7PG25aCqFZt0zw++0xs9g2KPPdpj0ShnIRvFHYY6GXGfRYuavRc3NyIBRpjYabW6oS9dRPFTbzOCoP+N0cQbTWkNvA35+T5DNU8A0A0dLv9aj9Sh8akbNq6EDqfHeG6utK8zBRLIJu9pZc4ROppPvxN/qLH9L10m+Navo1IUZcIUBDzDgmyx4kv0B+xGLPmLBFRao2QdYeEUBaA4Nrw0cnAPa54Ctc/bMeWbO+Tmvz7kzh5tDTCFDvj8HJHXtOqjXnde9rkNqhlXM0enmYA4rSxtTKX3al4Y2lBbUhkLaYTAayL/bXrQazeakcY1xqxEdN35qhN1G0E7kr9hNkbxC1Sn1Tme/OI5jKIAJTS9+JBeuX0YTEEyiXHSoPKNJtmS6DBDK4KGCFSWTKncZGCS5W5UGkV+ECpFfNANB3CB9JynlfZuqHxaqEsUfGdLFaaGUCT/SFkP8zCwvw/OmpgDZc0BKUtTCpsBRpJvcgHZN3kIKkR2A/diGdgyh7ZNbYP+AyMKxd94ZLF29/viogh/etGHyM3QYhktXpc8YoVe3nwCYZn20b/PQxv4sOLZj8/Dw5h3igmy/+PlmcW/fhpuQ7Vhu3rhk4z7AD8GDBw6Q3F7+zrvyc7KfliuxaswfkJzjlDTrJpAMOKKh18eA4xKFXEfz4OXUfEvL9MT8Za7vy0ND8u23tsh++vzt3c8STx2745C/xRFEsVvQc2bEqcxO5FapvAqAt/mK04LT6fW4rTwtGVjJ+hsx1R8rqt2Mm8Q3FUm+s2Y53eZtgrUo2Tr6n2x9Cv5X84J0MSnepxU3CtUqCK2MzqpWj2lTc5MhEEOHJ0VuYymNVk4eSOcOLLmlsr63eInXPdmD/hdkDx4sTR4sLejPd7Jw6RI+6F4On8D3cu6dH8hflJUYnjEzLwgGJafUq40qE0d0DRozxE5txRgAVoTD1YpTKl6l4k3kmYBYk4kA59Gi2ijhZ5PapGbkKuyhyetEUS/3yZPy+fJe+Ro5R16Qp3vkz8hfl78r/1SuxORKUOkLcpKTbh0taqv1CkL0y2oRsvcT1Ur3VKqUglraRdFC7w3ZzqZAk4neHUQXFuDHubIHHLf3bxEvcVcnxAR7/4Pg27cGZbsnv9aOXrWBxbvR2sFB8e3blwfYOrFAdlbsTq/8Pc7FEC9/TLAiBA0quYrXmExqM5TJgNzAG/B/b8U49lFqMwGXK8YsFpvB/AJYwQgMuHNzHJiQhnKK/HiR1ZkxmjxDqAarYMrcEMfvPQqwVXFeAZOKdsV8xRoF/mZyenK9TMCpzdNO0LJunkD9G/T/3VJG8LR+QcOBLVAptpI7YCjfgRh44wkxB64VSofl5tufFdBa0HGrU3apFNyAFqoRvx98gKmgc3LxPnRk8ibDMinxD/JXuJ/h/7+fiTINYFhwut0NHrlM5sMgF6j1ZjOj9fu1vrp4PEZwXgwsHmvw2GwYpvWNO8KRSIAPnAFLTwUbHAYfQ5hdEICUWqs1kquNmPh5BENwa+B4AJKHOwF0IQCYwIUA1KBAIBIhgDHMRDC8thUb5sf2xJ6JoT0xbJSXY/iKWCweJ1fUMXF8hbsYrgvX+ZV6vdxgMJoRafphSLuKX231S7DRcch5wXnZiZzEyRvtgYLT6blgBYw1ZYVqZK1WSO7B5quWy8hLOSOjBb/zeKdCOUksywV3ED9oyG6lubjp5IxsV+xaE+vuyowYK6CHLBbJ+ks/QasemakX6/ArMA2q3qBXU/SfvNFCCUC66t6n1rwCAWxQzhJ2VsPKMDmriaAZRlszCESiBMbiLSCzMeQbgMHAKQJkbQeeugTqYLSrofSR+I/ijdLf1uVgBnhf3rPzO788ffv76G+Ti4cWzV6LDt/aBru3idfFN9JtoAG9CR6/lBPeE0+gB2eLf3flnd4VHf1/+M2JzoW7f/UquHeu+JtfjqONywcKG3e0Di1dJb59vW32myAuXruY67qOaS9inOKn8jfwrjIzXox0vy6oFV6FR8fzXrOHI5kvbDjY71rB18dcvMvlIDvFAfpO2kN86OeghwkyfsLhwVJB5fPZATJ7KId7ZCzIshEVAco5wRwMscjnDwkGS+FXod+G4N+HQIh3BAohXs0XOBRBzagTsYvQSjSOXkYfINkVUqQ+c+eaoDNaCvhPZ/w3/VAt81MtoMFeCCG/H4WQl7F4sYcaL9odDgujJDNSXEWOYXgXY0lZ1loQkSH4LdcsNy0yHcbQGJtYnQULT7aSjuFBCzb44xKi0AkYVOvIPtLReppE7ukGqsSAMoiW6g6SKyR1B3wxBoHVhDndKrl0menT38Q3kt9lfi+FC8rVSUjncbCIEJJjQNLuIJuDcp1P0Oj3vnlg9ROw+8vPmnPD2dyGVMMI+su6pqFZHaj91kZweMfmvt3z0Hf+6RfLn3pqYEA8eOziUaGw5egREEELFyzqWt2/e/3i4YHlOzCajN8xYTZ+Eq+znQkxcSYFBgWnTxNKNjQEubpEAnE+vyYcrqnhTaHaIPaky8d4v5OU2HpPuoN2SIikhndjS06bo7W1NhxrHhkVzLWzVPhmRpla0MIUMWS9ySSxa2rFjCeajCZDCkeIhhC3h/AWByY7lEGq9QWPx5Hg6xJnQPNYsYYP1+AngqO4xgxwyA6vRYC0/UDS8lInM9qM9A9hrGSFO4q+uva6+XWoPTw/DM/bXrdBm6AxFkid+TzzOsPWhW0MYwvXsTq/3tHugJpuB2AcfkfK0edgjcihUugUxAPpihqNjviQqWXPTLVVr8OYsIwIKQ5MVFCdVKRuSWLkkqumCaYcjPSuJP+aYlOUS1GnIXkgaTqMlCiiPC1Z7glqIughGCLYwdpUzowHprkNYJP8yQyWpGCzsn3DYva9wQ06fufyLaJumJ24fZjtmYBouOX+vd1zu9Hzt5ZC+Lj4ufhZpBkYkdgDjJOrr7BfLS3tFtkbaNFcDbsTXFkCw+IFpFi9trBxW3xgcsHGV5/tmH1Q2Hj4yK6D2Pr9d+SYH38P28wuQaWUy2VqiDEBNvM/EZQChLyevCZGhd8ljEKrVVKpgJKRg1k4FGxV7lE+o0S9yjVKeFkJlFJdFm2DAJazOPSr3VOAUjGb1P2mHDnNg1V7hbAXTpPSio0xZTi5EXByBkEQ8aNV6RNq3y34/EKhdKz029LG5kfALfbmmxcn7eJLSxeAbvS1yVfEb3dhLOG+A+QfYL7vYxLM/x7T64z64Bnw6FjIGIpAgiIZpj4a9/sjJA8gRG14t7SdLuI4GvPH/SSXpC/G43K9Pgr0KBqVO+WEOHowpdQ7QyeCF4KXg4gJpoJCEKlRMMgbMV4jYNNTTPDf5J/jEcub+RF+jL/Cy8b4l/CXz3mWlzIrgcIgf4HHt5RJ9q5LlHOSlYBEi8/VDWoov6A3CVRuDn7zExqnyl1VlJfL2JpwNDKjmegmLQzgbBUK3wwYE74AE3nsg+Rt6Q1Gd534qnhRfE/8IpcdPQa3T+5iO0W3eOBZs+LNzz/b3ZDlzbc+BuGjIwv6hr/xLTc02MPvjIgQW9LwoVufwA8Oni3dFPPvLVjIqTRcMLj6cTAGhmBX6v/+ZmIp+9iLBxcTLOcW72As9xTVF505peY4FpAi/5hS6TAR4Dau16utGo2RSAAEk1lj1ZC7HixalUoTMVgTCfpS+k6vg/BJHWB17+ugWkd2URAbNPnq8tGvgl7LFxgdCECdjpGrqQQHY74kM39aTaWS9E0kMAigMT1BnMHUSBJS1avIRUmWRLLWTCUXK5t2G+FOuPQoXFQ6erQ0UtoH4kePdi8ZeXyTH/0CvlbKHrp9lQ2vAsMwn7r+y4kH2McvDi/CUdgo/gvekT9gyOwXN2AEjRxoSe+jXoYQTTdp3G6vzmSx6JRqtZ684RR0DodODoBS69Zr8dVaXgt1SOs2WYjpmRgLDm/eokmob8S3KhLHD3Zy03AMNpESvEmnVks2qgazThWVSq0MkdcyBuF7bS9+U/acDJplYVlWhljZChl8X/a5DMrInU2mCzK6XbHhMrJuGYQyvF3XUxWKhL+mJcnpryqo6lkmoaVktVhagUwkB05A9K8zpEf+rpIpyOAYKaMxktRT2cE46IYpgZRPr4hXSs+mW+Ei0C1uPLSiW5zMCjcLC+F7hw9zP2gtfXGtpxtkwftiSjzQNw/4YXDys9Las8+Pdczev+8A7Lu9AW8Co/il/Dr3l/h2+5mPBIsSMQ6zwWa1yjxED+TC+BoBEv2UDBM0uDweQimXjwoGj5Ru9mC0W1887jrvgnqXz5V0Ia1L8AYLLqXV6jDYbFoDg5kGbxAM3YY+g8yODASHBGIFQxXh5jAaVgueWGE6zr1HMBS3UlaGCE+Dl+X4rkx3jFWIIiUYjC3k/pHs3x/HH5pXmIo1UlmBZPXMqOo+o4zJiO8zYnBYiZZfs68Oy7dDeaFV7Hn6T0vi7DT4YmVs8oODJiC7sGnwtVZxX0MnMC7Kcn/5gXhtcq34YncXaIQHSj8R13anwAbYB5wwJj4i/lb8j3/f9PMbpUuikCsAAbwESFcvoxH/E0eVv2GcTISpAw8IDgd2A4o4k4jH2Vg0amCVHKdnmQBgXwCke8oDlp/0oiDZ/ae9BkNDjcsVIPUBnRB0KJVOBQcAI3cylN4xTqBGlI4kMB2ZgTmwM+FMRGuifCx6BmQEvhjy13i9Hk/MoNcrgnIKCHxFudwVQ0gdA9oVsSdiO2KIjZljHbGFsRUxGR8je15tDxcwsaqBsRpsl7NPFmssGpLTtRQtluPB88HXgygouGKFIPFOQRrNSDWBdohUsrPV/KGUVKiYwJRyixgPTS1KamXjVG8zZSKfGGjNNkPX0TBVbiK1W2llMd3IQFONTWaUWSvJ2SheVySb7qmkjDrsBv9mVx5jPfB/G0uBdWD2YmfEuXCuN9586Pnh6w+L9aURkBs/VHxkZP0mt6x11Ykzm55FN7Ii2Cz+q/iP3UNfmXzpp+Ge3WNh68V9x1juFaCDJzPrwQh0537/ykQTu//8jxagjat3jmx+nqz6CvH38pvcTzGP9zE1IDKKeQStUQSDnNnsZZVKNfw5eBR/W+IVPYK2xoA/XNgWvXIeh9qekxwX9ZKFT7sEDPxdwVDIWFPj5+Ryv5Jl1Qzjd7tPEM7A+yHvF/zb/Cf8F/yXMYWQ+8kS6vyxgt4PtJhDGL0Oh1TNdxBtmd1uVhvNZ0DHaNFYNc5WvC9uq4GaiP72qJ9RQ3hcfV4N1YLTX1ATT6qmq4zD9XrJIsupImKllbhCa4nlDg2pUFQuI+MVlfpgaTVJ4qP8jRyZmkjl3LTERBPwPDJS0yToz2REOLAztDgSxX9WM7Ca5DDKcSO7b13d9evX/kNMNbSBW8fOsqUhTiX6N8zOr++BI1eBYufI8PA27lvi/tJvxBfuMLe2iL8Tf/Jy29zrII3Z55ISvz0vvjGvofngwg2yxydW75AtvSK+tRhkrzAsZool+Ubux5jDezHti4GwoFTwCl2Qj/LRWRrMBSNMmGQIwBJMMIJ4DX04Bj0yZo1YHQzVpIR8Tp0u7vSYTA4SwbKCM9QXPhSG+EfCYaLSBn2WQxaIf8piMUSifj8bDUehGkaBBuMsBe8yeTDrmDNe9Hh4zkD1krai3rDVANUVB7vNMGjgzNTFCmof9rE+n9PJqVh87XhRpeIUCo6qCHsVaxSQpHbuag/IJMvSimnvGsqYnxotMT8MyqQvGTCFuYySokxSSBHOlylXbmtILpCjuUArzQU2BaZjLoD/SETNUL4xLxzc+KLCfmSgJ2wtTcJnbx0G2f7heT0H+x63wyMjBzeMF3bNffD5zk6OVeRXamA62MdODk++Dy6Bm22/+2eMr77xd8MLJg/Lzk3MlmcXX+lbvpFUYcXbGFk8TWaOAYOgNBqtGqSSWZUkhqlcMsLnZZi9K+WqoJU3awERUYzLQw5HbYgY2SmfL+J2B8l6+QT8rj7kC0EzChEYFiIwLIRZYSEUdkfcZyjWj0RcyOf1MjqVUqkJE2TWoVuoG9GxPEVlYQmdCSa3r4LKkJx4JaRBlMrzGpuLcVG+Z6Z5xwrzltgXufUUqfXQWVFTYa0qEKQBsarEuiGtDk1LEtP7JEc5mJSclOYYEPptJEvyRwX26esE18Jx8Ttf6WvtOrfkcLQezD0E3hGD0F+6dqjUVToCzM+OdC06uPIJL7wXTPzmb3NpMA8MNzz1XXBZTA2I3ECpA74IWLAfdqR+/9rEfeyanx9cRJCwnarefky6fgAQDFaVDVk1Wq3RbEPAa1Q5yWK4XF4jLzMTYgJAjS9ot3vJcrgEn98TdLkYJ+884bzgZF3I6VTpOa1CQ+RGY0WNKogXc/Z4MRhU2FQ4wt0zVjSVtS+NRf4OC1iW0auAX5VSdav6VGtVMkYlqLapLqhYHql8gjNW8BEH5/NJwq+7ViSRoJyELMKyu1LkpD2jUluUimXkbk+zFQKgDZShlNVIZJ0oAZZJMgeOMlwbJ6tKZ6avxPOwUBqCj90Sb6qM8DBkvR+Ln8Ou0jism3i/9BhoHju4ZPnBdU+6Ady4H37VoOtcGM4dtJtLh/aX+ofQRnAY2ls/+tVEJzt0/q+6GezX7BT//ZhO5WtgmkCfoMRo2OxyObO1L4ClTIxpBD1jabPVSnQzj2C8ksVGk8VuLsl4CS70pX3B+kQCsKT4pk06Yyik1c4ISXbTJ3QJoXRjYyxWGw5EfNg0ErVP1v6g9rlalq0112ZrV9TuqB2qfan2Sq2CxS/Hat+vZQ/VnqiFsLY2kdRnfVmoRtksSWoRsziFeWZCnSDRqZ5JkCw/sbzZmJNGIpyelp1DIavZKmnSiRZCVzQLOOSZZXIz4tSclHxVzlcTESBSM9Ly2cqIkro7qUo89Xpa6oPa3zrsAyWzK+c8p3tCW4uEN6k3/CQnMdEbkiGWc6MBDkFZpZRMdGUVeG8K1eClhlV8QvQtDIEsGJHCN9F16FaIl0Y2qcy7Bi5CXiG2cUseE29lBXHhAuXvS7OBd3T4kf+1f+kKL/vKjpfB8NyIOHuyA+Qu7D4rPl9AX3GXBPFZllvaZWR1HwANSIsXL39yWZj98vhPQH0d2ARTzeIX1yd2sX37dy5Cl3Mi++HiVpD+EBjBa81ig/hiF7FZ1Z0HsM3+f4ye8TBXBZtKr7Jo9MCls5hMNoOH53FM5BEGhY+elsl8wOFysRJKBRynsEGbweDwkJ6WmeNFhQYbIFWvW4sKk16IJQt6wRPED5il6aHDRRbRwbiIRMPh8FioZMPCmICA8eZ5C2AsgqXbgsgDyXGyFknG9F8Y2FTdgrFTDEIXYrpJ2tKUeZVF0OXYZZum8qVmeBcr2wB0R8DBI3B56SDy37rOBmMgB9vqZpfeEUfFl0snsgJcDhYGkGLyFtsjdu4tfTIkLzSLK94XHsP386C4WhyfuxhYwVtMWf17i/s76geDgkpHRA86zmshDlBQYw9o0fJWE6+VEYNSc1yND/NgyRP2Ce6yJ3QaDCucO5yQdYadT+AnI06ZjhYXTM5ggXH6nYKz28mGoNOpp54RW0YwCK0YVbI8q9Pr8JqcLJr0VVqcExKYF0OfT8/5uCS3ldvDyfyQE0KRAic4fPjBaMEP2ENyHKT5L0jyXz+jrapT9FdiaOU+DOoqc/jDWEUdZVaQKRfNqqErU62n5dIU8VeYM+nJxqwNG0lZkFmRhhmnW4/81ry8eOjS/rPiE1kBjFwp3YQL9sOVpd+89eUvQOvBw4/+2f7eb7ifm9cJHob52/eyb5RuiPOFDjAO/YNELzZYOnoLPAsVzeKHH05sZtcf2L6I4Hc3RoHvYG9JJpi2ggZBH801N6uyra0mNooaFDTlr/QGw2HODyIsUdAgzMCWjyUSDQoThYFelDQY8sl0LNaAV++0kEzVJ9Lp2Dkwmykyzfgu5phmfO/5oj6HQTr+z+dana18tvUMyGLHhdlh1q+MMlFSyjSSbL8mi5A+C0zYJbtRlpBrb6yQDZP1CGJomROUeJmdyaRTU9YrmQwGjeD0FjQM0clUtcrJKqGuELRKUZ8sW5WbSZra6uzl6RDwk3SZmRGwkSwDjSl6RjxfM8oY5bRGnMlUdTMYIBJlTZMhVFHYTveC5BIM/AvgpAocgirkL119YvsOHa/qXshb7UJ+YGQg17rcXLqZE8B1k/i10hXQfEhaXq9s+5u7c6mRE+x33gcp8V9/v3dy8dr+9Rf9/ud3bkunYS67G42XNCKcLYBX4LPiBI6OPF3wfexivODo4/4NbbP3bsFryIvvyj/n/hK7oygOO9/7e8Zy56ZgtxA9n8NrjCf0MhtyGMPxSELv9pY1fYsFvSMSDjuD/gAfcOhoZQhDzYAJwnq314sNbrUQEUy8CSLB7iFaPQe2e70zGHQTgkYZnA75TTSBSpS5XrKobhx1Z44V3e4IXWPMOrA/NBb1+E6hCDHOiGB3FSKqc9SMVaAdbysl9gJ+namgVEYSMl4m19jcNtiAbDFfsGCL8ZaCzWKRE0JhLvIxvcVnwX+vRfAkChZ/IpaQqgVrYmBt7ELsWuxmjI1VpG7ShpEcbELSheSMLVPpmUq7SlUvWjH5nmVT3B1vPRxCc3S4FmWJlA1WHDLVF6YNEt1vKQtDq2JDQgpJoZGEzxm0xAzlRHCIJC+dkXy2jBSVGkDwje3CQlFXurVw0ZLlHccOl1bK6yZzr10EZ8HepY9fFNeKulQbbAMr3oyAJTCXz5ZenBxiu2+fADNE8b0nupZ4I4rwkXD+6PtDQ6L4itXc87jMLcbEa4UuEAHvpcX0W91LgHPBkJTl/b38GvcMXqA0+JkQDCIEasJhd73N5nYHLHanx+4x+bS8TqeIK9S8WmYkmV+8GUz1AR/RdfMyQOaI18tkbAMbCGRrCWWJx+tJ/qdBaIxGGxqjhHOoi42NNToUZHiAY2nLWDEg88lIpUhXZDjsQThfUuVRqmh5MFh0qoIY8+pV81W9qjWq86rXVXdUcsynfSqVD6Cwnu6pGrynWoR0saHhtzVAXwPgnppnao7X3Klha4i7r4nXGo3bagFT669N1Qq1a2u31Q7WytWolqZFra5Cba3eTiMK+VdYUnpB361fq9+ml+lpsRuzoPn6Nfpn9Mf1rF6wOgp60mRC69RT6sl1UtRY1kuSB3/U8lQWVBqlQSN089F8g7EsUpHyCtL8gYp3SiYzPEVhubuan8ogbnoDFFFiEgExCDTRPVV+yNCCZfWBdkFNh+aIXfS7fwE7Jp+P1Yj/BJZHg+Jp8Kch7/O+MPyHkisURVsni+EoekLMbd6wSlxy+yCwHz78wNcOrlzv/e2GzZvBlt3ffnLge98Z+MH3vvvDge39A09u3Ss2d83tB0F4EQzD5tT1Vydms3/24tMkY64TP8W76zjthgkBfgypFDICukaBldQNTppUNtIJcxqYfHp9jQ+7/kcxk0Jl9jSOIYMdERQwS3Dg8GBAJnKdjyR5fILZhTmPwWqgIhrGQsxfXdRgrmAlq28lS2gOxApWl5PjCK5IEVyhoUKGk/5IgX51eelXvBscBaeTVZeJF19UrGE/ZWGK3cbCEyygWqNlU+s+DS4kaASqsK2qkGxqYuO0okSlxJimqs0ysZ1SjFOtmFRKnE6lLoMPSzvhphG4vbQFfDwyeWkEvTl5CaW/XAXsIyNdCw5+48+88Ldg3xA4JPYNiasn7cPDaGHpLTiGA1E+9X9+MWFlh//pmUUMzQ79AaNiktfzkB4FsEAw+f1xmUoFNBps4vZwTU3UDkiHBpPiU7QBIVluQOihmhFMpKLROgY5FLyCdirY5fIMZr19pywWt9FoJ6ICwRGvqZFkKDXYQA3FcFjjTqbq6lP4w+z1+s+ADqGhqPf6vFCNA4wxFrNYzHKFwqySyfACrjGDlBkw5kPmE+Zr5ptmmQ6ZacdNKFowm51GN946wmjRrSN/h4bRYfBgwsg7qQHHNec1r2uQhqR1NbQjLDPl0CsGu+yuDJ+0XOVkUrUrh+pGc1MJXclGjZXmgIpo4O50faYsw+URJ7dW0oCMqXl6NleGcQKNA00kI0jkJnLIPXaozvXAv/xocNtPD4v/nC1Abknsy2NAt3Io3Tnc3ednv1Ao3hPfbk6vLQxfie06sv5gP/eNUr/4yj8dvX1u7cV/E/9wtq0TmGFh8nPwKoT+3/xywshu/OnTi8IbOgdfjdX1CxvYfbcX9LPPF8R3ri4AMdKtQvKEJOMkp7bpYnzMZ6d9PrnO6zRzL2D+LMcxefm4Wq3zuixUVqCS6xEK6I0KhY4CQj2vVRuNCoLQzUWj0efQk4CuJ7aHTdTtO0P1BUiO5DK3WUZTRU4bedNB2ln1zvnOPc7XnXecMgMyO81ODBgc5LvOotqvEmiqg1WptjLnGZik3emIChHThAhTftQi+djEVE2/bINV8/sj4EcAn4T80ukqxy3b3DQkJ6OlfIMk0uTY3HCJGS6ZQX748IonCBZHyxFTYqTP28dk+yZWc66Jse3boRscg5DCsv3soqf/YuExsA+6xccmdbsky/sU3++f4VhJlGERwAtan1/pU7DKsD/CK7izpHP0zs1R4LGRgrabdztnafD+doJlGM2FwaNMiAmAPhynNWDFaW3EAZBBgWi7sDbkRiwbM6tUPCFaKsEQCQT8RpUZw/w5gqZoNvuVLEbffknTZSlqNRqro9cJSFKqz7nWyeokeZfFHiXyLmsoHGYMZCENBiUR7GBQx03LKdEglJEa15ZVhTeVtquqln2qdGi7uzeV9NJQIR6+vExjaVqJNqf+USJpuhaLtrDCPNIO/nzsz98Fn08sKr0DvHuPfrV3X88qN3TDfyg+1r94+xDcOzEC+B3DR/p3mcBfwF82iz8s9Q6hHeAEdMbFqxNz2SdPPDUXvrZvW8/K55cP7RT3i0wKfAg2kXXSiDcwgn6OMqcWph3sEzDuRUaZ1+/PziTusUHZxredAcVT96jkzpzs59hWssxMvFIzwUOjrTPcL+BFimJP2XsqcU+iQWkkbb/aaGsWJXl+VplP9QoGIXlPG5kz0NYWlpgVGZJhLqbT4eZW0s0B1cg9c6Y/TLwlaU0w8nxY5ZrhIoRKX5TP8ApavuCd4Z1Rw1R9bW60aNWSyz1FqzWsT/qS0ImSJE2RTIYFjJ/DWRmVkbfiXUFKbiYUjzOQhrxwEVKxL8+kGIHpZrYxg8wF5jKj7GZO0Cek6EzD4KUpgX3FrUp7gYbDqeqYYSodXKmhVbpNpjKPiT/KShFyJtnoXc1Xdzla2rLrr7GxMqONtldVq2eYn+EdZCCvpNaeprs4Gt5UgYiUyIdvwTa4Kid+LJZkOugt3ZgJYI438vNmm+3BTUM7z9eJ9781rDHeYYZac6s6SlmQPbr30W8NLn/Mzv7b5V+AY+q/XbX2sSd6OLRwn9MgXv+PwdL937PPXvly2PjipuETQA5bSvnNS5a27e2JZHe0rocHcDDWZMWPP5zYwm7/8Xe74QcaTnT/4+2/WLB6Y88Ghmr8bsuv4p1nojU3ncCTHkoTbaIETqNGJvUDAiaAVzsAlmIvYsXIyQb8LmOYD5NNpbSFQlGTF8dI4rA9ggsbssLqDwSsbrPNxlh5a591rXXQKtMjK0VBUQqTTmOWbbUqvGaCs5RFr9fk+B/aMBWkdo5Jl8tlom2Yp4s8I7jTdLpFurotpumxmcy0FEqi0m1UgbuVtU9X5HgtldiaSZez/7TFbirpfHev5n+tkq6Fq0QN+Lx0hf289Ba4KfJwxcRQ6SgQRka++vDwt77jZlPbH1+yd3ENXD4E3sP0yDtUOjiEtoMx2JD6/S8n0uyP/vXIYnR9wY4tPUNl1QGpg/qZOmyeOrlGDpUaldEGGcYbws52LByOen30DBorL3P7kFXnQErihTUqVUPMZjSbE4FAlLzhE2K1kUQ4HHI6MRRmQnyoL3QodCJ0LXQzJNehEFkIDFdDIXsiQKRK6iLGlizvQzY7jgiYSis0Wg2x/lRRpiXOWas1u/V2oE/ZBTsctF+zQ3ssplf5VElMmlgTUpGLVCrzVM7rVBFCs9EstZSZwYyfFY1Mspo+LvNfimyTkrIOW2plIW3TF7L3v82EpaUkZcaWzpVzYXdnKqV8WLluQ3rK/7vEWFXndLMjLa59EUTEt4fEt0FEdlb8WkMebL8gxuGqIbhFROe/HAHB3fvnLR9astL75YLZIAvfmRwbFHvA4UE0t/Sg+BetHeAR+NVBsF9cNVja+yZ4Fnrr7lybeIRd/9d7FtCq25e0d4dwEyio9Gq9Wi4zI7n15/gOWcHDDCbIZL4Jkiu1mGY8Ms74jEaJpZxyuSSS8oiQEHwup9MI/QxDehl8vjVGoDf6jO3GNcZnjK8bOQ1jBF5kNGoJkxFIpYc3ayXRvlIjwSSlUqZVmEn5qFXQFhFDGv0vw5uQtvWfDEjSu1NuX4GqeDJUfpepNj8k7qqP0rTFuimaON3QqpW2dDpTzvwbymZGeyIlteu0+lqIIKLpbGQ2UG0ZSc5Eb5disL+0ER4u9Qz/9bp9udJu4BwZefCh4T9Z50VPgsfABe+BwQHx8IA4NCAqZG9//mbzZnAY85GPX5+Yw37r58NzJRR6W34d+zw1RqAxTDWawF/9PaMFy0cdDuc50IvRfQoTjyZSwRmL2XQWnqSsePDwmDEcJhmfPkFXr2mKGevrjbEmjUyemaXC4TdNlg171CR+Xos3+iOCxoJqLZZahNLpGRwVycoFFcPIZQqkUjHE73UVVSq/kdc4m1LpTH1CSAHCgLpTfalDKVmKiADaM5DJAPXWxJ4E1Cd8CajlnSlM/TIpJy/T6eUgh+TyoD/iJzLCmmJtkk2ak1DtTrqTukg4fD4CoD7iiyQjn0ZYLYo4dIT6kpSVxWy2oZsQYO9FpZaC0ooXHAo2YGOS62hyYf00fTNpZV5fHnWTJFG3HIVJhmuqOYro5ElHVPVjGiiu6hmkUZo3ykdAln+YJ8oV/pMc3hj0G5/QyYim6c7WNK0ca0GRmoyBj5bL500IIvKtGorWnMTzLlkxvHaTm1uybfL08m/khQ+2H5jRin6yd4GoGv5i7T6N+dDSHWd3jnQsOLoFhQeO7N8+An9J/XHprYmvsd9+6enFIAxy53+UTYMC2N66a/MR8VDw7O1r4mcsZOf28ewAPCqeEYeDfjAXdCvE6+KuTiAAyne9ZL4U9t+1eA+1YjR35QVJKg+WjTJMu1SmcAeD9nAMoQjpKD1t5+32FpO+mTyfeY9GMVOlqiPXKevrU36v12CwkFe8dYaVm2m1zuRQ46xwJJIi3XuaRiEbjzcm0/XZbJxsAksxm1Xpg74gVMuCsZifaWyMhKsNGi2nMDH2E3zXPlZsaZO3EeOvLZrkLALI7fYyAsD/8SyAPAAswL/sHAnhpOvCyrVz5Opwsbldjj/U73qB3gtcXkFtKXjr67TavjrA1KXqYBDVEQ9i8hTqJE23oVBXpzaq1CoJBeoH1SfUF9Q31ay67GnUVJXh9BXa1fMrtUeij5pKfkxlvWh5n3bLTQlesS8hDXk0QbVsqtXOXg00hnI+7L/uyLR0RicdbkNPwaQp+RtS7x1txZPSYmW1FRkYRHU3OPY3S8McKqFEasEj3bBSewctVs+ITEeD5CRWs7wZ/wR8c+fDAwVX6QvoLm2D2w7AnaVN0Llf/FPfEnzXm8HH+bToEX9xXPy7hlZw718PT14DmqGhBct3L+rzynjQL245xImbwZ6uA+tW/Q5GXu4HOvGz/pdLOxaJv/8hBKe8i7pn/vLpPxc6V+78DriNWWG2TvzPDya+yT5+cOdCI3DOe633BfEDvFvdOB7twvHIjX1hC3MPeEWwuRCSOUycQZHhtRidz7Q5HKEM33oOe8WZjAz7Nwvmg33jBt5gMYSwQ+w9PTPc0tIe1vropvX7FSpV1OMJ0YERQjgctjkak01JOrIkk2mSsrHZ00Umz+ehOk/W3oWJRT5v0s6cyTUhl9kFGBfQsC6HhTPRTRcq6pt8TfB40/kmiPQAaMIAMCCFTa4PrAWDgNOygHSFaO2uQhMwmUATcugctAPBxjhAjikyKjqhTgVmjBVrPFEPoamhoiKqiGr1Np8Nmm0kgWPzk7Mi/D7kQj6fzqDVacnf7imSXC6srU3pBN023QUd69eRoVQndDd1Mh0hKJnkumlqYbpLpblhUv51Wo6WElg6aU1iKuRlOT1LWcpUUaAiMZoGdjBILcdSAltzN6SSUrWMlKzoJuiUKmmHQuo0aW8ocZzSQIjIdNQDMoa7pUhRcnzHRPfDqx/0iv+x7ki8+b0//TfEiat8EfDdBaXLdbOB6+lHJ58DcPNQ01f6Fz9m58b2puJbFl1QmA8sn2e1X9m9Gz64tu2rv74p7n1HyIN74f0DAyODuyY/FsP5zvfB7K98BMah2X3t7Yk6du/pk91s3Zeb9ueyEHILFvLQ61y5k91HIrVd/BTvzR/RfFGIdDuDJwVlrKEhkvJ6EzPOgKUnc3V83TkMmhI4+i4ls7LA0rH2ZtCMN83S8Xb5fDmUY6ezbEydUOusxF/ac6hZzur1IaAJhfL6VDIN0mkpv7QUsxdGD7RIz2uNahxYwy1mfW2a8frdLgy2/FIe6XUncDr1iTqCznWori7XIK+NNdRigt14qljL15LsVMdY0ahPpYnTTTFp0CREi8be1JrU1hRKCfXpQkpwxfED3m+pcIuMMasZFa/CFEdVnqeE4QGDA8PM00UBb3LaDlsdj0i2F9kEadrT1lKtIJUHJpKwK23CHNWiVd6T1BvJpASOMYDGV5S3lUSPaSAvK9WW0d8SK5K0GXRDUQxtCAHj/7B30pj64qgsn1FNRIZnNBsA2U1Z+OEO0buj9P4X6/vzC3bMW+rn3hioi29fdEBh3rmgOzW5akdH38vDW/aPrhCvBTsAt3AR/okdXPQ2y66+fQBcAEchE7x1baKb3Xh47xZ0/cvHD6SbWcgt6uBzK9irYoO46c15r46uOHdR/OLVtHD44jgYKW2WtZLThsU/yD/Gu4j0dCRJfTJIvFQoFNGq1QoFJIlFlERmqzWixKRqVMnxxKUZXDgqGxqojEDnczh8EWTw+QwINZIme0ETFeJ+f7QmFoqTzo/2U8V4XFtf1dY0C4mi2ayNRg1CKFF41/CpAdJ5N9CMDILbXyhnurRGvdLhpDlIdZFDPuRzyjwNHgmR6xuABjkbnA1qRi210KgpdNujBXrteS3kkZapp4g+FCQ+1EN0xUGGqtVJVyhNqqC1zAn8CtHREcr6VKG90t5ApKdpwrUk+fH6u+vY1DdVu9gzU1G4d1miolkoK4DuCqflUIp3DY6dhkyOhtCcVJWcFl6rLU3VUTVEs0AVrJRyW0Ky6UkU/A68wi7dL56AQ6VrZ8DGtojY/8rez8ShhtlgxTulz+F+cXx/aTaNkX2Di3rcXN/kFVTHzSrp5uK4KF46sajtfbBjcgLpxLnv52a/BPpwxFyyHgzC1jrx1gcTm9lFB/sXory4kuFo3vQq97flPHWQiTBxsELQ19R6I/FgTcDrC+ANUR6YsuykK06mhT0yKg+qCF9Tq3WBWpvUFeci+es6feS/JrDbx4tGY1BmD0qtiWqVyu5i3IfckOTh/O6bblaD8ZidlJjwAkfj0jpHyNUCGauCqXV7dE/03SjqjR6Pno9+GmXnh54JHQ+hNaHXQ++GPg2xTDQUijLI6iNzyGCffa39kB1dtgMyF0ewY15n1+sxe9AjoEe9UkedzCqjUsv51l4rtDLJZVNNb3TRSXWj0vxGoD5pfpt2icQXps46mCpGTVWi0hK6Ii0IN3JUcJSRZhol/4fc+B+1udkC0rgDeI1df2Dy4oFSK4gMDT/09aGlK/3c5smLqO32CPxhftbOQudD8OTEtsfZ4dsryCf4VSm8cSP6DMN8HmOhf59Yyf7ZT3YuFEfF52XPfv1POh/b2DBwtv9sP151p/g7+fsYwZP+g3qmkckx7UwnfEowKe+9Vz3Hotdrbdh3tLS2yh0yelKLbM4cm01wRGOxdCYjbzSYTEwj/Dnmkohx0LbYxYKaaZoxI9/WFq+ra6TAvYFpEIICCsjlBQ+pZXm9UttCzykhGOOjMQyRxooZPp2hT1r5ltYzIC3MK+rTwJWemYaudAJ/eS79q/RH6dtp+Y70lTT0tYAHWh5u+WbL0y3PtbzQwplbOlrgjpYrLe+3fN7CwhagZlqAB0XTLS3pKKqT1RG/EseRLIf9D9MA1KihYUbTDIqbmpgZYAbGTW34eZ5pI92YIRdpbRAEZzGZZLyMQ2+xaG22Ofcqleo5c2Y5HKZZVIdmYEx4m/LFsAEwhpQB7yzs6bR0qufXiq6mRBN8uum5JvhMHrjy4Ln8C/lf5T/Ks3m/3lgI50E2D5g8UOu1Pi3UNOVrtNqafBM7Kx4M6uO+eDK+Nb4nfifOmVCc+NC4fJZsFpnpYSx613qAxyNDhNHCmzJAO5ICUdqRdBJzC1m550ISaf+3Ez5IFmMZ7a6bNtJlWcXVVboqpjWK3wXwWsqHhE2vx1NKTGaFLJOuqnTgTKvv0YwW7XKSflNp5FTeOZ2s/H25u1+Xo3KZEXNyK/Gj0TLriBLLmR6opaZyMoCn/NQk9YuCACkcNsPPv9g2GE3AoR+89ApI+iPiU//0W/G5SANofvt7y7sfrpt879amoXvu3/3VXid3c4kYLO2OxeD6yau70Nke8VkxmIqDzzf3iZfEI/5WsATcKv0bAN86OMquAxCk67764JZXf7SqKdv38OYfbBRmL/jOn+5cu7xOPADOYBj44a8nouy3R5/qFt97XNy1vys3dIx98XYHOPKYKI52pQ+DSysvbcrnlyMrhM+t/i6tl/xOPontM8g0YNvMg9clzZHfEnC5HEHzDH06pzfPQFktq+YcNls2ncqpZvLISGqMAFOAvlF1kCPum8PQUOHx+WaSAkqeaQQrxrN8NquubcLu+1ReAVA8hQ18LJVqi9cQI41E6kOhWlKEFuKJUH2IOvL6+rQjk6aOEy9kJFJDHCyPo3FNTSaf97l4lyXIUEfvLhoVRDLYzs3nejmZH3GCxlvgOIZntSy+4DQJBDltMkcunllsSq5hnmGgLwkYbTKpZZBNn/FloIbP+DOpTHemL7M2wzEZAT/dlhnMXMhczlzLKHiU8REz9DA+0vAUj3s8DpukF7WRDgeHoLEUHEyy0nyXmRqJUMnmrFtmqNZPKgUVaikSGshRtkK0SdOale7qiJQ2cE6ClLTLnQzaLWvsb9B4UE3JtxhsUgCgO5pql4iuhPa+l5OD9EHCCWWQcHe9joAGlLHgT0MIGaFKDcQ793S0FQ7M3ef2IIfYCZWwtvT702Bzrlk8MP5k6f/VtULDN0R+cgJoevZlOwe/8ogXvo9CvlIabUyWbne+NzQE/vkbP9m+Kha/AnT+rz4wMPz4gDjUtnDe18Ea8denO+cNYPJ5BLwCPnNfe2WCZ//y2afmwQYA+8UNA2DBbTeDySbRrg5yJzGKiNNZTbOYe5n7mQfB4Z+1khFNYx5Nx33CGfDwSW3nAxh0PjxORiNCku1ZNebknU473nKjti6GcBP1M+A4tqVwJNKC8WbP6W1xcDkOiOapb6yhofFelrBtk0drsIE4l9bfA+65Z366KZGgwUYrYBqiQelMqqGpKUEy/apiU1MunQ5HZmIwQiSVWq1BsPswJgXtelOX6QxVR3Z2dN0/50H4IH5Femt8sMVHvmEs6lsAj2Z2wRbyyUbM0yaAOIoA6MO+cDKMTChMOt7ChOmEzTnyo65iA5m3aLc7t5rPm2HSDPrMa80nzDfNrFka6pyRziyXBvRXxpRXPGqy964WnOp4JbpBM5WtOD3LU+E5ZD9SikPxJ0YvtAkS8xyqjckRxoO3bSmT/jU9ZggQqkOpTSgSJQe64Y8yCpEwytRwhruRKt6E6Sb8wmrCvCeA9yNpTEVXd7C5eGxtV5tC++jZLWfFZ+FDyfj+lvvAW7smY+n0rnjHpnhdaR9Q7du3YOXA13rd3POTMfRWQ/c5Ycu5c6Lq7FnxFfx5h41NntgQr+NgLgWGxBVgmH17odD58NbSVWGt6L/2xdW2zhffegMcPAiGYHNEvPnJxBPs6oO7FsLX3r+tWwr84vdlKCy+ARrIJ2bYGvFd+Ye0B6ieZH+YDvC54J4V8c2ytmtUKk43R6Ewm9viEbvPk5W1I0wjSMkP2J3Oe3ijMU5GQNwTDsTIPvXk6/DLsXqQlXFUElDvuQc1tbV1NqWI52xszDU0ZPEmPS00NWcac7mGc/TEBmd5ZG7udDFnz9k17XPO3Ll2ao7ZbGw3kk3FM0Yc3UNFnV+nUPBcUxMvOBMFntfsqX+m/ng9kubp5YU83tYto0X3TGl6ecwdtfJWn99HXmqLYX/e7fe780iFVJKCR4XRiKuo1/g0Sc0eDatFGqEmXdAQkb2Ga0ft5OcixcZUMDg/BUhKHqZSaGqe4SCZQ8EjeKI8eA8zK/o1UCN9xfAaSWNniEaPpHiSUv/4tLLktH1tKKu/8dcE47Tzv5bSQuVpfTj0l4cdZKb1gf4RxC6XWUiThaGlove6UUkN3Wi5axyN1OVUHktLZtIQDxuCSFIUSzubDLCPRI14/07pxTKGMjrn7lKucHKjySg7uzfcAN5e6T627eVs/NyWgSux/GfbtoVTzeHspcl33hcvgrYh0CZevCnGBksvAXbzkDC3f8lKN7opngEFeFa8pVDYN27gnrafO7K9dFEcvrqjq2v/a2+cbe147U3Ag56VS/IdYLW4FOzuBzvEzf3i+lJwF+oBB6E58uFrE2l23+hQd1CMs6zdKvaIbwHMhjnaxbOX+xuMFcrT8pgu8J+CNszVM2E2ocDgVQew8xVUjHvmvZieFxDJaZ5U39duxr5z1GLRkaqQHqMDUuXx4j0ei9nJsdtLTyPkSDd15u3Ux+rVDGp2OOY24wjaRFIIQvOMLEbaSeJvtRga+Lv0+uZmqVrTgkE0nS32OosYlmehhmX1HLCznEKpIBVXTzGRUDMszcYvBKyGZDuhFgGgjNOp0QSxux0Wh4V3mdpN1EHPbG+bfd9s8q3O4r33nVfia8FlJWB4sLUdMO1A3Xsf0N/nu2/NfVvv23Pfu/d9ep/cgJR8+333tfNKNmINhyOCN1aIEFwd6eiydp0h6o50I03Q4vcaG9ut860wZRWs26wXrJetshPWmxJPJAK3RHVvTwFqCVTQX9OH8E9LLUw1UabTyfKA/gyZn15VekwTN96triLOnEzVaklWhlVLzDItFYSnQDTJakkJUSqJxnvbUK4HW0KGyuA8cyWL1WQgao7I3Ry0KSCThuiRAXqyC1sWCNtNVnGX+PeR8ydFYRB2iycG2K4B8Ric984TO1Xm1U/0i7OXFV0TLcA4uG9e3+Ci5V6ZAiwQj4l+gC9GafEYWDB5iTwHT8VeeiklzHJ4BzkFMJYUaOO5DjR78lzHudL6dyCEwkLdKsiIX8hkD4CnwLMQw/Mv3594lH388MBiUHfx4kWQv3CBVjb/H+2bv4/5KrOYWcYsh38l1NEJYCaTz+VzOGy1rerOTu2y2Q93tC7MRwOBxmRtbaPL47HNS9TXz3uIkFnVQ02YqabnAWYWaakuLmzTEqxisy1uf4SMl3y4o5ekyXrzLeRLS0/jC6AH20UXcfkPpFt6i+x82o29VNA98HAbkslWhGpqFhQK84gxCfOpcCjE1IBmQVMMRKO+2tqOjtmJeqkjvx40jxe7H3xgwYICsZq64gMh8HCIjIb6KMSaQ2BF6IkQ7E0ARIuhajaUWLAgEUKutq/lv0ZYoK34QFdXvtMnk8vnO9RKpEbABXgG23f2ZHF2Kk0SrHprIZ1O9eCoNONkcVnPjBfKZBdbUFPTw8sfWk7+oIXF9sxDvl4GsIwZAxuE/4xrzE0G9vas6YFrHgJMz0MP9TDIk29p0efn53vzSJ/fk4dqIb82Dxn8sC1/Lc/qUH4+EVzNn+8y6C16bPaniyaTxeJxVUdENONgtdUFXIIzXHBRrXeZSk5NaE2UzWhd1a4ooVzWUkE/ZSFFVSpXTuVJJVh7WXIqGV6VmPbSWq1kVZXgQh/uYqiSku6TigKV9IKR3zi0SFILCcrTlgNDVS3VMjXrDv8rjNMjTzWXjAMIwfMRIluVw5pgufiQjUqkNBItD0cr89mQhdohRv5Uai6nzbmYtt7VFEhoAmgij4Q/yDWrNn//m0A1N/fxhmQqBFnxtbkbdeaDbaOc5g4jtkaawesgaXaLn4u7Y1nwF8DmCY6Lp+tSYMez7++a0WIWQOqNo00zYXoMnChtNVq+PfuzL08C7tl9PasGHlrmlq0UY19ZAt4Fb4q7TTHRBeamDeI6+B+PL/yK+NvRfNsboN3p/PZO8SjHzuvk2Sv333fj162z/wYEZjR9MpzP7/giFv3hYFvz/qEGsD3VEFv8AQh3z91wVpxrte7av3sj2A3zEfH6RxN/zn7jJzsXImbZQ+IrL/7JQ1/7OkN7bv5T/gn31+WZ72pBlcDEIJHmGviGWXocrZJMI95fjeBhpo5RgOX0hINHybwmsPxknM5y7z3VlGzKcGQwpKCKA28dmzYYqpPcR4V0FdK3kpoxbZFqFWZJLVI6V0FT19jUjCF0w+uNnzbCxuZMQ0OmuZFleHpIBDkyQsbAPnpSxAV4DXI6BP3yBJOQjomYP+2YiHL2sDJSq3rqylQHVnU29F16vdyUtpNOipYa4EwVqGK2We9qpApJjVTlltLwjOa7x6I3oydG0I7SWrN7ycuDOp1i7lKj0dghHPjkQFtW/LbiR0fEQ7E20Ldzq6L09+z1D0b3vvLB7bpNr57dO46Woc7Js0OlzXO9sdWPjfrdlxavjEQ6WvvhsPjIv17f1Na96eWjoAdsuPrJqo/fA2/2vXNt7QT+/7vvROUfcD9kDMwegedVKgYpFDKNTsdwMhk4SxUDS0cFpqo4J2NINBoVz+GADtaArXj7IgFzLeAD0IyBgYwOiOEYGe18ucOBJAfWcICTxlROjTKkiVpSP6rcVcnMMxIuLJcOASOTkz4hSS4FYdeOa0ADNoDxAbFLHPB6rpe+39wBv/9/fswle3aVXp68NHYCsKhjzj2TvxPv6+4EP0J/hv9m0r9Je2J/gDlwADiFGpUcqRy83IOAT2fSGXmTz2g0O8jRDAFyHK3H56NnNzwqOATgwo6SCfgDqQBi8MNg4HIAe9QAgdeJhgL5Ol4TKwQCjql0x2nMUv+rkFBHhYRkyjO+xdNyIYK1SObA9TqQbptj0AEZB3AgB1UZ4jvI38GLJPiCVGm4vnLuw7pqgVZqhb7rDIjpw+HXSUewlmdnV7toDWUNm5TuqCqRbf+d1vDurlrUWtoI+0sXZeHSBbirtAHlbl1n3THQDeva6ko3xQPipdLRWB6uBvkAWLoXZPfuFV/bK44MyYW0WHhncQGwYFx8QjzTsQA0g3HsReziH+TXuW/SOfwhkJYm8evoJH6Py+GAMhNiZilpw95SfJENA2Ar3ogrxvUWq4/27PUJSr0fYv/t8fhIf2er4Pfog+3B+cHe4Nbg8SCnDgZVNr/PZ7Mwep2PIafR6QxWq96WtLXbkN62xnbc9q4N0y8bWc5wtGCzSYNXyGkP95wu6l3Ag1yqF8ode0SuDKXjfBCZ2q+uTu0X9MUkBsK9pjUmdp4J0On9UiNeQspxZSpZrmmiw3VS7rXsdMoBDONPejTNtI67yviOCm36o4n+UpOdEdggneiPZtDhSQRAksH+DcD/8v5ce+kx8dG5jy1eMvdDYHz+lvgB+DFUrf9+fOgi5Js7S29NXAHnrh4UPxMXZUEJA8tLK5Y+6g8onEfDXUAH+XniInG31v53F9idraUvxEu5FWAz/jMeA5/MLl0SD8zGdt+AY8Jb3DN4XZX0pCgPXtO2UYjMsww4AuDlI2IIem6UjI72WELUH+BP6J1ePm7XYh/EqwjkUwd5OtZDFbCzRuSFUtsNfql2WVi5vAb5ztKDczDD8coVCqTlpfIkj5lHpKjXgj3aZ7THtUhL1kkbCLrcbiIcD7qDbrvd4fX5LLS1JoMXz2xmGEc3tr0TjgsOGe9IOQTHIcdlxzUH53AwRpuNYWUyNV54NVKpEBks2D5eJGcKSiXMqii8Mi6MTF+hClLpvAxJgkGDiTQdiwIraXZr+eCNTHUeZ1qaRlDps6kMnJbNYLAh0jMaotgMacMAmEGUZjX0sUF+9NYi9sAG0Af8g+J7k4cHxMvieLrZCBaj8Y8PHnrxnVLk4K5Vx5aXdINnDh8egf9+5NXHxAvitR2gDRxdKe4V38/hi3kUBKvA7C7xoPg88qfEfnEsC5442y2+Ip5bhNePY7zi7+XvcU9Xe2dqmDpwTjAH/JGoH39YzOFQSI6QXA6IqEwwexxGi6VBpVDU1iY0mkTCbTeYSYFS0KmifCRKGyL9fMBPn5iVlHaOFWVKIv0lgznJTAnBVExF1ka2RQYjJyIXIpcjNyOKCBHaYNJcSAVuBiB1x1Y3ccfXhBb8rl4J9PZe+xo7IicgzcdPz9vv2Dm93u1zr3FvdbN6d68b8igSUNrdbrsyEJEltAlacqplEiDPFJkQRR4hcI+QJH1cD9eCPbUA6mt9tcnarbWsqZbYfa3JxOgBo1+rh1ak12t9bFmrbC4awE0tOK8FjNavTWkRfqElG86AfflxLejW9mlhUtuuhVo6751MdF9fHdNeqXYSJU7vsvVSU9b0DGQFjBOBWkIa/jlVBCJ1cHJEpTQvIVMebJHJZKQJ7pWMt9Txhf2HpezqJddPRrk3gWkz3gEZ5hkuT/bkttO03ZJbc8Eikr47gC5PpqZ/wiOLwfvXF4pHJw/2iTvEcWcOHOaevjU42TM4iA4P3rp1a+LNtwfeGnjrdqz/4vrhUeDe+cY2YdF+7DHCd2zyAS6Dd5YPk7MvBXXQgAy2EBfiguTcxVEbYs9ihwEx44NQQaauMYyTdAIwPperhs4DOi3gpz6fQlKTqvkChB7WLh3E6A/ReAwU9ETG0SI9alGoLV5TAIa9xkK1X8GyCj8ykS0DNbwdMHbBvs1+2c6akV1voKc0aPV6nYlMgWwbL5oEnaVgYqoq5MxUdJZwZE95LuuUTLmlMlmwXIqWTrkiaTIpFkuJsCZTRk6P8oOVQSQEQ5oqhWnaKrSq/9lG9qnbD2ZkTrMzKF4+97nK+NZbY06z7svP5daRifTIAtlLE3n4lUG47ZOhW2IP9urvQVV3j/3QBdCK3hP733tvcniITK3Xibfl72CbxvxZqK1TKZ1Jnb+RTYb8phqLzasyII0NAXScO89BqWaEOC6hPAv+L7aUL5h2ctz7smUZUtG0lXt100Q2K0l1pEHC5B9O8nPNZG4OHZuCOZehuabarkK4kw52AkXpyn44mQoeCdahrv0lJ8suOHYJMCuv3mFugYGOXCn12cqdb4I41IivXS0UFnW/dCuIsWc/XCxeBSe27+Z3bBb7P1apxH3i50+8uHNoSHxlpKMbLEFtLx0rdS0dWjx316pwen/b4+Dc5Wc7ib4rIn4pfw3vuhCTYwSmg+kCewVbPC3LzemAcX5m+v45ORm6V+71+4WZGGuczMdq6mZpMQppZu4Hy5gC04kJzr2MHL9jw9ux9yRTaKftaFrGdm9zXibodHM7IJXc2jFAyPvyyTyyorygNRbykXykLdzSRn1dtoHOBsxmU+l0Smr2L+jv992fvB9p0P2c4977WSKLp7Ic/Jda2c5OlMiFSZlurBgLz+og32osCoLWXhCEWWRCcQohdRqFZ80KozSr1Lf4WvC+bgFMi9CyreVyC97XLX7pREw/aD5V9HotSgvxXqoir9MpBWOMHi84nQLdvcGT5d6naehT0u3Yqn1S0saf6lXE71IDaCnTKMPUyY03MtWOcFu1P66syWiiOx/zqanjXEIBzmQITdVAQPkUikoSjc4zq9iMrXrEGVj0BRq7uB0eGjCbNW1LjOagWEpNsm+mOz6uy77U1oDZonMIMHi/bd+msO7YtLP0weQmOb9/wr9/BT0RbcPmVT39PeAfXhoYKF0agNt3XnC7z276mAN+2Dwiftb/4r5824a9q1Hd9esDpTO3IISRDSoIt8M4PCbu+vDD4ID4Yv7IyOwzRKcdpH3iT2OcFMSRJwkefoGJEzkEWHIy6VMH6LgSwCGWBfV8/RmwbLTOzZMEmZK3Ws0eDx1PuFzQ1tThD63ZaIziIEQCry6YBMEgSKJYo93pjBKsFCVzWoVYMh53KmLRqHPaQYEWMluwrr6eYWtCIQURW/P0eL+Zp4sBLcMYZUZJU2bEdMVfPG8Gx0ndTG/2mZPmT80YOJsJRTErFD5WxuIfO1VUl7UPgsEVKrwrA32yE7ILMjQfv1uOd5WskYSB11eBkfR++UV1AEW5Slzt6chNSaaJostYnU5Iqru0RpHhKVUnJzqST6miS2q0zU0ZMxmmVi3mloeaYFIewA4JoqgRSeJBNwwaodgG/hEdxFd9UvKdgpruVjFw+snSR7EumH2o9J9sXvwrpAdPTnzctfDIxsMHuZf39x8+Cv/5BAgPjo6NjpWGB8UZv1hc+ByznnvFG/mlmMAegyvE3/98VTYmYoS1GKxmr7x8dPPlUaqD/gjvhnaMqmqZFNMMUj+rZYleQMYowCNjduyDSIPbaDhGjkc4CbJ8lkDlTJyPk27MunK+ZclYc6auwUBnEzWDsF0mS+r1uQayBxrwewYhKZNhXq9GQO4EqCZGD53zFWMxFWxubITJhgZvXTyTZeKpONSheDaexdCu4iZaiJuwqqzkZzRFg16vEnSxggpGpXpBO5xPDhpPQeH/p+tN4KO6zrvhe+65986+7/s+Go2WGc1Io5EQ0kWWyVTBSFYJL4PZTBRCCAVBKS8lGBRCCSUEFEIJIQQUQim1XUNAyAQ7WHUocQkB4lJe1/FCCHWpgzF1iI2R5ug759yZkXD6VQZphCD9zXnuc57lv1B74xH2KivrY09QRk9R/sn+aEaZwPuV+58JzbxSHqGXZracMmixfFcqkVNlCa/SxjTUEHpEvyYUChLtmvLIhSoN8JNPGiYPcIMHRhZsX6TWch0LtGb3yIUbV2SrN6AD1VmQ6+uV/RguHdsHlz68Obvj2InBc8kzQ9uPDLFfg+fHWuYUOnqXLdjv9h9c9sKb7HX0jX+5eb6jY+jcIJiJ88XQgpYYWo1mLgKrudtDVzdcH2FkTDXtkl5knPgtJWddw9QzzeA5USVT6WQ6k0JTVWEgJ+qmgkMZMO9kA08woqehKxonbltPn7Km9CkyEk86GMZHkCMBXKt+UVSFw9YGN1dvatI3kQ19AF8B2WxL8fCfOi3W671Rr0S40ERxsW512OLJVH1tCn9kAvW+Dt8sHyziz1XQ52McjDSqYMhU3OFQV8YryV9P5RVxwupZGIWqRLwtzhJgVFf8UPzDOK+B0Xg07uKtRNjNSvQqcLJyUY6XN29wkcLZlW1qamjIQELrygAdzGR4eQ1fI3EzEjzow9niKg8pbMoeo7Cp+ZPVxo1lz7tJKx9DmRw/iR00CRU1X8oRJM5KwkfpMmKkZIIoeSMk7jYVQVA2usAsc3KLE74/pYwRQOAEVlCKrkhxoFIUSZJcD8F54D+5Z9rnODdyghOom1jHsszowQNdX6jGvfQF1Fy4NbNz5/Yj+9mj5BX9Tv3RZ7Ub9r7And08s3f7AvhXuNG7Xv/9b29H1+l/Z7cOcp9sXNU6dgNMB8fiTrQY9XaCFcdAfDuIg7WvvqFc/vobO3sWDcwbYHD8xVFBdlf4IckxzFTmMeZzzOeZJ8EHoqHz8zV2j4dlQ+nPZwRLt777ZyDPdDFP4Ah4Asw+NcPKmcj6RduZ/hmYh4ulBHFUwOHJfK6BaBFmGAHnI3W7vn2aFixgpjFywnfANbuSacIhOoVpw6/bwFMnWy0himmORFytSnWG6dDOkDc6KYtjWhd0uf58KpHRERszmXrmc/V0BVg3nX7KfZ7sFp/OM3X6umTdvTquK7cyxy7Ev23KwRO5kRxbl6vLado+1/U59nNdum5fN6uC3d0avX7GjCcap7a2TcUfTzyhiYSmNE1rDzW1tzeFYCVf4/EkXC6nHScvp9PKEyW3JlGbN+k0QEW1y+1QQ1fr0ZxG0sL35XDnlqispKw3Xb6yUkkMx1nqFyYn4Zou2TWkS0aNpZCcDOAr0X6K8+ZSfJbkdWnyK3rp0navWFEVvTwItIkU3Ym71KnwbikpkrR4N1tewGeLVPLS2p0Si8lyPWDQk9vPYAhE8a1ISeUmOlyQJPglZWZSTRXj2hLijSYS2xKZHOAKH5YrK6793WNdqsKX0a3OJFDCILsbgN8hL9ew/amBb55Lt4t2q35Bxh2s7p094/P1A8+1okvgPBrZMvbGhs0zcnP3btywY8f2I/Cdl4+Bu8gIg0t6567u+cEwAi3sZsQWDqBtM/2gm42yG3/0/X2HtyEPehsA0JZCC9GFoYUzV6x9Nqi/tv0gy/b27fzX72XgUGFoQxDMBPfCbnQOafl3Zh8+03tn9C6YhZ6HQj97rLu3d+5S0gG9PG6QdQjfZFzMH3/KuEDvKTt+Sojkv5yT26iRhFJr1srxh0dJlhUn9WT73Su2ikqHQ2cACcMuwxXDu4ZxA28Qjc6cwWDSW7ot7IgFvGIBxOQlaem3cBaLnmdUQA1VKg2rN+klVW9bwrTQtMsEfSYyO4Qm4vfrl0MyJlZqlJJwBUxoujQLNSs1nOYGA7qY40U7yzKElLDPi8zYSVKYZM5OLlIC/yARIy2pm4o0M/IbzmYEB0+SFA66kISxMJSVFfEvYVHhI7bz2LGH/mfZ1sLMZ1n5C6z2WfbFzrF7bPPYezn29cIFqGcvFy6ydwtGNjN2W9oN/ZfsnvAT/I7iuhb0nIzocZWxYDga1Qd8PlzTzGc0jAcsFC1uDf6owo9eLBYKOc1Wq1OhoLN3p+iMXo0AlsF/NRkRI4siJyKCCkZwhUoupBi+7prEcP6nMSCP2WNsLCYE3Fc9+Oc9SY/oWeThVNDj8UmypGSSrmOABuK7UkUH9QEyqB/Kn8BlHwVK2jw5XcAXaAusDOC/GChzKJrI3zQDFzSbBZmCusPxMpmgIkKlxK9tnEhvG2JUZXv1ZLRiacorfV416RaadIstXC1BwiZN8/G3pMGvYZL7QFF4W190IZCKWVxRRYSS4SVRKWXLKyVp9stLA0Pg51NKsx0NHx5S6/efe82slxe+b//LfWh/fSuYsfsrerQJtgy8xcbmxgpvPnwNHADhnegqmh2HafQ8ehltZ1n1rNlWlrv7BnCik5fQ/d0d7RvunAI2eK21cBt9vKAZtI6AMHgws3AHnWslmrXjULZE+B6ubAjiUAR9ottqMLh1bDTq5VJaQWtua21VtkyZklUKTKqRlLhZxg0WD3m9JmITN/+U2UzYp4tFbVaRybQrYgyjU3MypWQtoWhq0sQVCl18YXxlHGoYXP/649AM47ThsAdy8XhL1GqNmQ04nZsYKVwYajjRpldpc7G2WFttSzbr9brdQa3ZZNKqZYKGFyRKuo7T8rxWo6VqthpNfYtD0mp0gCZCYU/WkkZ9Kr4cUqkP68fr2XpRY8nVM8THKzFRc9gn3FCIdn5Z96Nkr1OkMVc9svYurQRKCo+0U5bUGsuUO6LejRP9B5Ol9Q1NJeRqcbVtCzdGIV9BhPaNNiK0b8vgrM5PyurUK7VMnip6gEZChrRUpNgB++/dbnTFDqZplIO8kv1bY2G5rfmtf9h6FY3N/+5yr9O8qDXqj+3sW7pj/qtvx4WlB28vH1Fa92zZiD7ev3/s1Xnbtyxbrvjm2ffAqczO7BjIojc+Wr3jr9COy28Bxyx05tMP5orrtz8bM95cPThz7f87uqleeP/T9Q9Zlps3U8uy297kLsQX965evYJkEzPukpcIf4vrYVwrgydFGyGGRvQauVLpcEHoAAzDOyL6+DkcSFUMD75I2aFflNihNrIUGq5yVFYmNLazdP/wlGgRHbjMEDgH0Dl0Nvx822yBigDlUFVUhCJ010OImq3Debk8hKsF6tNYZo1WVUUkVihpgjhgxtG/B3AqSv+06ow5CpSyQmACJm2kulricE7B6aobZybW42nTdmlZRitROQe0I9qrWlkfpXJCbRHJNL/UH5eK2qoSI8peBt7ZJzGgiinnAuEX053f3Wz6T2iaJbnPoqCexNUs0jRxCoFFWYpHaJoTEZJO0QgBaxbve2ZrI2r94X9Wh0Htj9EqbnHh9UQzW3WkML0+B2ZfXs0dHnxvxRtK6+XFG9CN/fvZVX3PrLsNdGgfurGkGexl/QMDf//93WOXUHtL69sg2Mf95NMdiJz9HOPWI9xrZDJiRv+Jz/zrjJrRM3YmBryizhUNyR2xmNbk8fnscg1JG1rGhBticzRMXoQYlsxLQmYttKvVcaInJepEu9lud7miUU9I4IjUfqtoxGeqFEPxnBIn/pxS6TOUl7fZ4bxWG7M6YmfoHsnh2OUBOo/Pk/Bs8nzo4U3QIyZSOQ9pYTyhkE6H05r1JdDK5BkG5x43rv3wvWxoM3QZIGMQDQMGmDSMGNh7BmCgK/D56fK4OJUoU8o/e5hFp69iuVbcFhXRZrSoIxzckpZM0VRj4pSKz3GJKVlyZaDarlZeuDB4b8VFpfXSnC3jzIEDD9+D6/cXzu6Hcy/c3oqOxpvBzp56dj+bvQvUwtc/3Xwfn8r05UZ2y2Xu6ryHH3MbRrcg66XL6NKZ1umvgXnH2OuF8KWz96n27rgGn9gu3FVMZabhXrPJYLA45GfG752SVze1kgNqw9XPopMWC9nsDfs5CAWQPAO+fJp4CTnSdGDR5q+cOvWxyuraWgehP4iVDY1TGsmz4883NU0RYzW5KaLWkJvS1hYMMn7R3+3HlZLf73LRAYQmT4V66qBL8lVuHs4bTNV2uZ2kdn9eFAUBgGTcJwfyujpd0pdk1UTtgtXBJG6USRBwDASNYm3+EPcK9y6BRfq5JCdyi7g+TiAvyBf93CB3g5NJf3KD4zjpaCf7CBElmXTRc3GSR0C5AJBKNCO9AdKP0BZKLDVq2SlJrN5NF088WxSUAUWZPRm59QMTrteBR/yuQ4FgQxGwxJPoCE56hqHcid5fcf2j81dhRi1XoofL9qv1W9cPKAWhcHcdyB0029Uzu83e1G20+mOxtcUPcne4tYMfzXpPab02ezN6sH+/sCv+/r0Nd2+ji1fR+33oujAnR6yhF/WPvdO3dNGA37ml7+x9eLgltbj2IXheS0Np3lxj/yXuKpm7i+i/ZWuEHzBOothLEURfETUhI65w64xVes4ZipMxR1WtvpYYOSbKs61qi83mIMW3ioixqrQAyqGe0LAFCilaMEQgRR4q3CdUV8FURUWTs4goekpMiSkJMhSLJRK1TMafYe9lQBk4xLvkcsa1yDXoOuHitNAV8EV8Up0XCuGUb6Ke8s2n8nqG0muUdlcuwkQYG2+TpM9tOGl48kSgN2HZZNllwfnCIgYqchaSLyxaOhzFRYWqWxqD/gkO+7P6YamJvD4BZ5XETRITno5Sni8Rp8nIIi0JRtBlstQQljCoiUTJ3xGneaMhTXXn6CBDyvYBQp4OlSKF0AYm45NE8AsHRJ8D55QHWAGcQY+zFnC/cO+r6KfNInAuRXOFfQdQ71mlcX/fbjR7//7Cw329Owf6x4Y2bF27fTM7beu+HUAOBtFq9N6O731zB2pHH01vvgmWce99uhYhbk6P/gC/ejQLh8+enHPtIFjb/fzJBW9RjMgnsuXCJsZPmJDE4BVf/LgWMEKjS63RuOw2W50LMpVJMgerw40Brhvr3DU1abePYfRmnnVR3qu7rq7KTpxl2/GB+nxVZCcdoUSUinxFxO2WVHShLgIsMEIw+BHSy0ecZoveQqRqPDZpYm6jjk12QaeR19ZqiJ3FlNMEFKWkmGl3PhAgYlSscVAJCKeeaDpydqiUzC2mnMzrcb6YyAbUb6mEmqRS3+TCL1aQ+JyzhvQk6ZHyjyQmDQIeLRH/99KQaMc1SppTNCVECHqezK0kQDJhPkN61ZdgkPTw7UB9Bk0HNy5f1DrBDXA/du0qGUfNefns+vVv7nv+bkY4cHCc6TmjNh6etQdF9+37AFdCL+wG1WZj58youM9pRed3o/uzBs9s2Hl1bAm8jTagdzbz5z/diG/7nsVGdh+/YVSPs4EbfSBbQVUWIkyKqiz8maiotUX8waCstoFIK2eaCZ35JPQYCdbXxWhxdlAobF5yr4RxffBFUR12wQwnS6VaIk2UDC3KguTE/EyQjK39frPFRk5bQeGv5qzDTPfAyTgFdCST+M7BPUf7i/lMptYbkdOxuCOvlRNfeVE1oOI0UIZbd/wbL28i0gi4Ma+VNzXJayHjEPWxnCOdzjJM9iUwBdcDUZwgbATEHqVs9yTTz4wwkPDgWUlOMFWuBBJV0qM94d+6sDTALLPb7RNr5kR5dl70UStXBhJGKC39V6zwKBqR7sBkRZFkdhLWlYhzFPcff/LgBwyB5+GOA4XnD8wAj/PsASiwKkGvRbe27VSaD24YlOs5tN2JVsQ7QJ8enReWHn24+azaeHn2dtR7+DDqKzzPzhLShY6ente/9MwzX0JHbqCXWfWCnJN9+ciDwhh6qzUHWDDIbfl03TiDo0G/ld89KnCX0TBVMBo3yHYI/4Cft2qqCXPip4x5/J7oMsvlCkU81mCI+Kq1hqmMVRA4e7U21hBpIa6wU32cniOzc/wuU9DY/FN2j5Ms0k7FWWOCSvzH7VNhU1NbRSyGn92lp0Wj3tiQprV/Q0Mj4dE3EXd2s0KOG/62k3mWI2W9ETeOlCShgxwnl9dpG+to3MQDsRAhSoukc4iEIlRhZurUkL/aUU0mD/Y84/K7kq5+1wC+VwTR1Y0vmHsuzkUxK84c+SwGNfqcy2X3OEL4Q6dr9DUmGqEWNjY3a3V2hjFqddqXKCqlhqiV4qiqqWnTdenYpK5fN6KD93RAVyJATJYklSbldN5D1dJKei9lPTsJeV2KK3INlcfm0g8UTcRpHrFJ7ac0ULybbaL9RLpMBE6U+JMlXJrVJJSoDkXtd4Fqv5cXtZlGs438ccRAos8cmpx54O7BHTNmhiLoSfRMbs2sJzrRt7gNheG/+z7wgIr2XKEbXB8EF1HmzkN54WLhfO04MKG4sOPoRz2vq40nFm1EMw8f5ivujDPh6s5cPHa0dduagT17Clcsvr/8i0LuwYM9aNAbnD57+qxjzgD4S17/ae9DEoLsFn7vqEAYO0n0B+pIrMetf4JJM43MFDD4os1mtxuNWgspKCy4oFCYlUot43Q6qLuOStvUSHQ60lVVKYIVSLv1brK28XiYQCBC97IJsxY/lWmtmZuazTDkL+mAGAwCXQjYYSgUNFCOrj1vtlgMHsY94r7qvuHmVNDtNlRW1OAid+pp3H3WZPWUaZahTDNDPp2uYZIjUh3bwLIN5LtT88drQH8WtGW6MocyxzNcV2Zh5sMM7GIXsofY4yxXk82wbCZbwyl99kGJJr8INyu48DGo6SxEiW81uRIAuVIujSFHlUBJjeaUh5QsqxRV/pySSVRRc7mJi6mo5ZEuGxTjwCzNxoryVxP3nWGiFJ64E4nzHJHFShX/BTL4opMPonwlVdVELL6pqPGRLTa0JcZkRSmQGiZEGypKjtb85HZWynPE8R7/6Ix9cPnFWbvVxvVLZxXOo1vs1vYlGzfM+CIb6l42c9+8+exfP5gnrD9we9lBpXHPvH7Uu28fWl84z7ZIv9Af+PrRw+c5buZ0JTsLcQNL18/evry9evPOORuX7Ngyevhj3Er1zNZvhm+ObYDu6+jIdTJ7jqNxWSflkd8Wg3/lBDn5HPk6OeyTg2VWXOcDO66xHFCnM7uCQY8Zh9mXhknf5PKYiQayQYHr4JxO4VMkFNAvKBRW/N1TMltAIGNqEZQpHi2n8y5cLOnOgI4X8yqNRm00qiVLNKMtyMAkFGE37IeD8AQcgXI9hJDSxXFOFLon4eSLUmeJR0edxauokE69/cGvaBr5oOgPU5KFp01Rso6ZPx/Mn28qXURFeFOawwmCGC3RXTwdYfaz2wT2BU6Ae+1WJ3r2yG25VQDcwKu4LSk4jXsOokxWBCe3fdtQ2Mj951u3rt0Z+wi9jI5x8pl9dpZ7HSxhvYVP0KfoLfRRrvv+g9+CtyUfn/+RrcVVRgBXkSFRq0tUBqKBygT0VkWJp/iXRKVX53W6/cANHS+BuYyX8PTxN8NGYzpcFwxW0a1UOFwVrKkL0mFwXZ06Hq2I4sfyZL4mQY3NrAEGXzdTTxHpaJLbQyRd48LVUJEkvvG6Cl9FWwVU6yv8Fd0VkKkAelhBbGEc3lyFmxyXk3GTesXppMfVLh2XwaAmAGNlftwADGTibPjTifOEKzzdGhUnjEUpukeqic8qhJOegeR4Io5Y6jMkQ5jyQRUxNeScBJlUM+CsDgiNrUFK5laczKEfZDn2MOTZjUarFT184XWt8erze5VOOQpzQrRwrDrHJoMChy6NPXx+EF2FQXTin37IKdFB1Ml9euqDD39S6EB+dEFglfPm4JM8Ca6z+oOzx95HB1o7QZa9MP9bY8eiEfgfBw6MzayqWpqdsx73B0r0W9nHws/wO5fFlcIh0R+XtbQomk0ajcoST6azsLnZYmmyZXVNfLqhwR1oJE4MdXW+lygrhcHNAQA2XqVQEKNtfN6OZLLNoTMYiuPCOSdFRwM5mTTTQE4mna6orqCGddFYPEZKymx+0AsYr97r94rePm+/d8B7wjvivepVQq/XJTNpiJJIQrNJQ1DJAq4kW1qaXXVZV1YaOQdcDpvNwBjI/4aOMZAeUadTKVTkxEN5zmV2saq4S6FwxXH8VPuqE9UwylaLmkiu2sI3w2aS7l153PyQB5WQgpOQ7cNPM3mW70EelkaKJapL1cIJiOKjGoXFjXhJqpBgzUnWlgqHRx52ArQphQ/VwG0qUh/pljwxoVBSXjzS38pEX4GXFArLHCtcKzBwokSVAs5Ga4eS3kLAaguzi/bW1HHNZ9HPQDf4tZjEj/kh9JeFXwWT4I9g1a2//cHLLSnQ9xE7Xas8rNHCCrPRj66uvaM2vrf3WaNRXvjSssLXa+vZ1mWF67w49o0fFUBA+JnYOX3rzX9c75k78/Ej/7i4deYT3/7WuTM/FKtBeOz80//3/z6N9g+g9/CN1znPzHLH9j6LfP/R3nEWrIeX//mZb5LZVxT9t+yg8GOcWZqZVvAt0TZ1apUuHWhNpr3BbCwWbQ5461uTVRlCV8zEBZJHACC5xu04h8/Ny0Tx72HcqCw41RyuJwh4UeFtNhrFeFUVTiu9BLhRn42Rg7bndVlflnXDLAFdZUWVNZfNZqriVdIiOqyLAhUfjcbjraoprZKEdbMQBCr8j2thMOiuT9YlKRJWSlTEckrAXXMdY5hCWONipTGWw2E2xTclMaVrysIpK6cI5AX5cteUQ1OuTHl3yodTFEY4ZSJZDeNkpVEZiHk5WaDoDKJJSlCPbkTKw84J6cxH2beTK9FyIUqnI5PrUGk49gFZgqSLTn5kNJZOTwo0qRaVrA4yFcUcJk3AbKnP5DBonFSomoomRRlaqFoCuGWPQ3AEcKxL67Te27Bba9y+eo/gFdAWHA+oFl9Dh40si964tHHZnFatFn0D/WL6nMziZegFeAHVP/fMe0DxWCfyw+DYO7zsX//t178sqFEKvccJs+YZ2aPgHqufPWvsDsp2dIA17K2eWYX30D10P+qORsPhw6m+fwGJPXvQ7DsG97M/hjf3kM7Ijz7Et9h3cVVaT5VnNov6RAJEdTqTMx73OnFMRYkgR7I5m+RI3wMh6WkWnwK1QEHN2k1Jok6ZhK1NjbjtWTQcEgOBEL1rhvMaTUYVzpA4U+dD6UAyGY16YzEvHVw0pWjR2dhC0frWBJMgTfB8HD4x/cqmQ03Hm15p4gjKtKvp3SYOpyRfrkk0WXM63M20NW5qPNT4SqOwEH863vhh43gjH2tqZJjGphhnCDO4/riHiw7YFd4VZv1hoAsDNQz7cYC2ktZdZYiTRyfuLgfdFHJD0pjDTVj5RpzIZumSurcE/VlFL8TSBI20QtnSxThhZF1qhSSPokkVKLkX8SsaaVR+laoWFLmk1PtkIm9NALbJS0CwqSW6d6ZRkFEfSUBemIqGG/Cj9zh2kOUAcqv1aKz9ktY4uG6jVmtFP5I1L0BXYy2rutCfFT6w//kX2HPTp7P809VZ/ncIoRW/+CVaAXZLv7g//urXl14fy76JLrHyeXOsRx9CBgl30Dr0MNeZX9365KBCwT//8J+Uqtj875z5D/DfY0+Caehbdq6AhlASzCD1kXm8UXZDeI70OwD8lJGBeSf1arJGGUqbqO7GF4eAPk0gL4tFFQgGGyxkUJ8ifsmnxEqtnMLitVq1Uqk+R43NavFhVTO19JJTViurK0xkTj91OB/0+10pO40qS500SolbUvgD6lwgC12i1ZNzQUqCU+TxPwXu4buNWnVY7DmG+RACEd9vbBIXrYtw1JSa39XzKUWuaqLvrSpP30sI5Ind2YQNfVPRuLxJ0qgg85PiPUW27OVhCUkbBB0xecoeCPgNdKTGUIVA85HqJNcvt9vR5e5LavPR/mGtVRi9Pr0bioXqo/DIOb/XOLvT7k6hd8bM6K3FK2ozYB57ovAamxWeq166uJBBd9EQK58xV8+eR2y2f23hDNp2cP2KM0H7yb53cGW6c+u67hawHp1Dr1Efs3EguyX8kCpL/n4YVzNRnlW9BHoJ9AJ86VSI8uAXnpbLjaGomda4rgqjsaYi7vdHaY9QwUjYToZsS2IRSUtyGn78vXFv3KGsqHBoHOQcMnmz0aghtruaUBA/qMHjwQ+DMBnsDvYHB4IngiNBoTt4L8gGg7xcJuPdrJ5leV75U/yP4yaRDqmzvyoTpIouUhMGh8VitUgFf7Q+vSsJLGQlkHjRCCPciJ/ZMKG3PYr2LJ7HI1ZSM4Fw63mQursbvY1WDaBtVrd81jy9M/oQvYDuvXQlXtgH5h15YeHKYyufCYJfrz8E/27szifgsWXoGfRO4ZfbNm876Xce20FMWa+t620HIrjMylMPfvPwK9yyoYOzKcNUgU9hF2Nnosx9UeHheN7gcRCWymL8PQPoFTX2kE4XC0UdLp8DBukTE3KF6YDJSwgqopnurhIuqIIuvcvr8iq5KH7jW0/mZexLVKZGRuwWorKozMqHQhSD2yI6JQwuPhWl3090N1ktZBie13N0QunMk5kV2VP1cwPcCCcjn07gL6Sl1cTKipCNPnMY2QnYfpaaWtNDsU2cSoJgiErekfgsGokp8qPIW78hEo4UtVvwUfDc0GFg+KD3DbR2744Bo1E7p8dsj95/A90dXQJ48KXCCCsePjyC9gq7Ck/t+IeBbf9SCGzbtvFi2H1u6y2gNc/dza7dw6YebASHZv4d6Z7Pjs+XXRBMTIT58SmWDRMv2yEzvgGtpML3hwlKa9jsj6hUFUEa7JHy/ZEl94dRMEr7HY1KJQhMMBihKSxohbQ2IuRc4sQ0zsAE00bdmI4zHzICHeCWB2XFmuUzPHFj0XOzBE9OF6l85A2yTnqDKBu8DN0hI/mzwp3CvRVLF5uNcnG50Rx7a8c4g57noi3ofH0OBFNhFi0Veh/cF0yDY1eXs2sXPOsODiy/8THsQKq/R9cvtrYP3f4R+PXD7YMkP4yMr5TtE2yMjHEzvxVNeotFa3OpVBoHywomo5ETFKTJUYA5w3K5TKCyLguHtVqvzUFmWr1iSJRZXC65Sq83KVQ2l4212VQml4lVMSZggSaTDEpEKmee0xKkpF+DA1ijgXIF8V9XKChhkpBZ/uSN5MtvI4GES87p5clCcYs6XyroiixmiQ5L+JI0GxTJAZOBL6YSbbnRyhPIi8wKZNEII+k5jAhnPv1IqP00Bjr6HgLDr0d2v/7Gp0C1/SP8/r6L/j3ZDZqBa1SwHXi4Yx+fXHb545tAuRjdu/07VNiB24zfvNvacR14PiDv6tnxz8nOC1Pxu1qFS3Un67bZ3CwUwnGPzxePKyxqkzYYCHAkvBadNFVpX8HvsRbMw8+nE3yRUYzfG1YoVCZOsFOOq16mUtXIorEYRzlssrDP54nGJPvQGKm1otFgQEIhBSiVPEgWisGgDHqq5FXS9emU49O0QL2WLK2IpZ3aQpmI2rzEObfILTJGOipFnhN9VTmOocT0inwbs4nZxcA2yQbJTxzHiGxvyQlJNrG0WE0keifzeRZOAqWU2Bpl0fCSuF8J4yTdtxO2ZPTazX5QVOQr6uQ0SV2jsajIN+lI/1dBPiJ0X9K5N+FH5/6nJ4QlDz4Genadn0XD85Y2565t3Burhq8XLrJO9oVCUq0GObB8MbqOcB+3oLaV5RYUhoSp+x4274P7tw0d3JjKvA9aM/N6Bk7sGIgF97++79xFdLB9+qvATjJOLfq97A3hB/gorohaQa7AZy0EjUGjXmOmywWLJQxcHk/QFiB+j8MisJnoJG3qi3m9mmE8QnkkR9DwFouU9De5drnGXYIJVz74+HC7r+DI9mHq6bxcLggcOScbrqy6BKAX/EJSGBGuCnyfcEJghVLtM2miX5IU/QypRrpUy7tCii4oCgEUVStKq0G+bKwdekSsopaVv35XaWRXg9eib6AH7MYj4C0UPlL4Or94OXo1PANUz+vhCg/gN8ANi2l6T+3M/UEv0kL72O0DY154Ey386ZuvJeedPfldsIp0zdX4vbwsHKe1SyN4RlRX4TKkMlVVTWoYsv53UV23xacqa/W1hM6QSKSixC+RjNJVrsq00diUzlRXp+i2L50mBaIuUJHDlY8GpoPpoN9bLm5aTufr6xIZqjabYarJ5o91Sw0rrVSUSp680ufJECfp7fZyOsr4JmwrtTejVGa8UF5R5a+i3uikFNJQzexknlB7NX6ZrnJTJeUHd+Evjle+WymoKivDxCnYn8AlsB3W1srkehkukjOiKg+hX9YtWySDsiLFQUYx44nJNzLllOOemWJEJ6FIiizgLNWFldJltmRA9qiCNngEU0I4DaliIZWWoOETp1+spxptHG/5TD3V0CDBv8sRAcOTaqs+wN44ACK/W4buo/1Hr+2zWoXFzUZz9AF6HX189mq4sBeuGYRrx7YPju3Qgt7Xd85ZcmDLvjD8n46F4BPU/Z2fr7v6/JGtm/vWxY2bF7z14K+fzHUWrgEl+ngAsQDBxQ/A8tzOTWN/YBds7aPeOTH0AX4CT+NEFWZiuL1Igi+LCrXaq9HIZF4luc2UID+kqAo4CAzktLc2Cry4k/jyKa1er8fRdNpg4FwuYmcyZK0OWrXkhDUKr9Zq1XoVXKomQnc5Cl70+/l4UkhSgmU4VhMr+sfVWHkrz9hhBJJvtOcDEV9NV83CmpU1x2t48sXxGuiLJCJtEVgTqYkwBr1eUFwlYACgVJo05AFmdQJICt3CImFA4AQatjZnjqiysioouP2MX4ISjHtBwrvSy3Z5F+JPu7yveK94x70yr9dBbAlTVFSlDCuav2pVmpiQrE6X6XDzCVhkQuxsYuby2QaXwAzSk9YsZeOR0naFtrmmolpZcacywe21FAPjMxplMbi9cH0fOLRo5eo9fZ3g31esGvzyIvD9fYVrcPvY2gNja7koW124Vmhm44Xr3EeFa2z1qJZ8DUI3F8CLfWsX7FzXuvv52c98dSyz4OYAmguOAnT79m2w/NYtkj/q0R9x9fddXNmkcNW1XTTWVOr9qcqI3pzwp22CO6wP/wwswsVhBb50g+P3hoLBKm+CJJYkB+TEh9fZqG/8GWWu1OO4qQdzh9ORjE2ooUhjVdqZhHazuTnltpG4Ee21KU+KytxVeeJ+olqQxYVNBX4jIuF0fWO4vj7cCK0Bh5UEhiUvd+g8CQ+rgZ6AwxHwQD1Ddi6tOIaSxqRRq7fbtXotGR878jq9T5/QwyTUE1yinlwCepmbcdMOmaNmWJUpaoZFLHwpvd2CI4Zlu3A9ypLbmi2KQpagBSVfOml+9pke6xGUQelliYQyIZFXvDBKOndlyaNy/qDXN35ZmvGWFgem4or3s5J2VO9OEhco7eNKoWOiQJR6uPkIXD62h0W3t1xQGy8s3fJw30HIjm0Ey1k7irFrFi3es7gb1OMv7YXbBwq3z69dMmtLN/+Tmzd3Xhrd/T7LyjvnqtfAl0fj/OJLY8ybWwae79nau+XNLagf9LOXu9f29axhFIwX/UF2Q/gxcUAjMzTK/M4xM5lZ7HdERdesWYzJFCcA0oWihuloZp6YkUrNmOGPUUckdSaS6XnySeaxJosBkh+xcNNbtUrOq85m1fiS8Hf+2Z89PlVG/7KcyXByOZdhuNluP5m1BcRQyBGYRW6hLmYWqMc1gL7L38VyXeB+F/iPLsB06btwEujqejL5pL7nyZdACnd+neM3xDqbKzfcCbZ07uk80glXd4JM5+zOJZ0w0gmETmsnyzyhfyL5BC6+O5/ofCIpMcOzRIXUj6u5RZL7wrBKn2OiIErV9/HXOrlPztogEyX/T0YZLswKU4UzhOnXNLVFfFykXz72uC9kD9Frz21vzyly9LsWhZlqXWTFBXmDJhkeCV8NQ2YqSE7tnsr6Ht/1OLvr8UOPs92PA93jicfZ4opS1aa5omEpo0odnvq4XaHRKOyPTw0LqR6ns0en6+vp72GZnkU9gz0nekZ6eC3sKRrA9RDYPdlJE4J8IJAkHPkW0ZQfT4FEalfqUOp4iksRG6gUgeJ/Zh89Yd1U3m4lqAUOFbFb9Ygu5J/+Pln3F3+kJhLqwqKu5PyqyTRDnIiLMhxSjp3YYqeaJjk9lVJsylByppDgvOliKqYEsDRl51gk+rukyFF6sgB9Wi1FWeDit81lDE9DORtHpGxc5GzR5C0cRdsH0M4Bli0cYHsH2P5CPys8uH1xz8jInovgfY7dA9rRuXurj8n1hzeuGEUwBtai7QUEVqOdcB3aDtaObSNfN88d6F+0FmbXbWndvQxcWdHfvxfqt/Tfvt2/pWBnB9n6wqWBUTN3p7BmzZr+925y4izt8tfBzW3btqGtW8fivQuWLOvlR9pblrRmGBYQnP8JnM91jInZ+xNOTg3TTSQXDwOdSmUxaklaNoo6/H8qnyqhgg7CpTJqqIACQxzRcZksZxjOSBoko471sawVsqxManyMeWpsTjC8ZAZyj+O5iRaUUKgmm5qXecepYruS+CBF3SH+1LXczPYegXvGlrOXBkeXD/L1o8u5PfhB3IZO7EHzRm9v6Ic7CpuL++fLQoQJ4JrFLJrJxD6Au77qAAgmnG43Z/ULdMaakFnIpP40qDaZUtLgoprsZl5UEc2pZE3yHJiKs4K7tH8RDXmd0+dkdbi7jMD/bXFcXkvjfCMwuwxE5BsaGAMT09X4ahI1UMXUADesmWg6RWv+3Sg4Hn0leiUKo6IrnIuKan0uykg4ouI+pzhnXVWqLD5DgKK41hKUqDQUoRvCYh8iNe9FeVW6rGmYjAywpiVgwMSApIIta16TY2Ct4BR/jOXZX9utfvT+3otK84V9g7iSK1wz/MVutD3bCvr6lmpRzwo223w4NX1bba1w9dM34W9Ov/ji6cIddBRdFpQzllrZYeAHO9Cyy+jum+3Tb147C+bUo+l37t/u6Dh/YQTsYK/tx5WnF43LLgpVuOsPSJgg8AvR5Aq4Ar5oba0Jn2SVSaUzKGhp6cskCYpm4WmZztRYx5Kpik9WBWFTkCCCxCqHjRheN7+Yd7k85oA8QDJpfd4g1+mBSi+a7bgI0BpzKvLKpf+a/jf63+t5NdThKoF18XqlqCNWFbpiCi76jWuSuIdpOJnPpOknpgF/EvvyCiXIKEGHcpaSVWmqNFM0sEMzS7NGA1VJV3JKElbh376V/EHyuSTfkZyVZFUZV+bzmacyX838MiN8K/MD/Ok3GQ53LdqcjyHzG4gj7RXmCoNj3CNXapIZhskkNUq5Rxarrk5IVVFxT61iqsXqq9XQDqvLsUVUV6Oih6j8ahxSRE3E00Q9kiiJhEpeGMU8+4jteVVRployRF9QzuOTnABKpi+loKOlS7pErzMU2bAT2joNEVLk8lIylU0kUyK0TQLPaDAUAUMREn893OWBsZ6B56Ecp8Rq7g3kJO6gt+YMKdVbtiwbe5CK1+6ob13RLdz59HmwAr4w1iP94n2FdakUmt6zc8P2s/b+nZdZtnu6esEaWI+WozF0+532+rPgGBhgR7YU9vbf3YijT4u75VtCJdULIH4wreA5URFQqFQ6Y12VbZoaV7p2pgm/x01gLtPKuMBiXPlC8KUhApS3nCUeyrgEBgFJOeBUOhmP/YwahTYQ8VkwT9Q0NlaCSKtd0Blb9C3Esiw9ZYrI052hqGtsmNLS2nS8AVCzPKvRkuOagBr/j2lgQ0tTU0sDrFCoJI08FVklKBQ+T8gj8W3SXAr/aAr/aCpVEbLbK6k+k8aZq6x0VsQr6FoxWUM/kaVik9iStzBEVuB4HDJxoCLGZSzha7QldyUPJceTgg7GkwyTjMOQPhAIieFYLkQsJUImTs9JtKyEvk3fhUtqPdAziVUlnMOELnRRFtqQriphJqsmYZUekQ+Y5KRSNX8CeC+5N1PxNkq2JsBICXefLWm4paVIK2JpAgb9I9mr2D2VEWukRraEGqUGKgBsNOAAR7kefWBZNFjoy2SOpVq3V9cK1wrqmjj73F6089b0YbnxwNxetG3vXtJXFX/t2P7qjfqZF+FbgDuzdeQO9+tFSwo3UPKtO/c7pl9+7RzYzl7fvXzu2KUYEsdYbsZi8xpwLPbCCBDPFd6fi268U505C7Ifv77u/h0G4E7r97I3hZ8wEaB7UQmVWpfJYqBCzQafz+93wIjWelbyDh62WIDWoXdQPKTdXhHW6XU6Oa8mqyetCCJ2B7maHQ6PgcTGi3kcpxbe5JJwjIwJqHiTQbRYrQZdhIlIsEM1vtD9BhVkhKu4c4aCUJTUJFc93WsMcvhGHyzf6aRLisRy9LPLl+OYybbBEn6tjDek4zGn/jKlYJQ7JeLOTluf4s6qPHI2pMtKw+TekqZmE9L0lEdBoAONk0UZ8bVVD9cVqtlrL7A3C17YPxZ8E937HVT/zZ6NQPtwT3Nr4WlkaV49u7f9/10pGNlPwPl9YAE6vA+17ENX0L8KjpM/nYNeRUO9f/4Fa1RwHg22/ydoYjjGiH4nuy28iHMy0XHoYJ8WlW53q3faY48l4zpyPCGdTCaXg+qEQW+w2azWgNlk8muaW1oS8Wp/JBRqbWsLnAW9TMX4vVMVar2aUm41FbX+usZsNt3QkNTjKnvOi5pYXd10F/SeBV8mOWQYgFi8uhrX418RdWJMH2MbgYqrSyYbGrPUKKpN39p2BqRP52OBhPQ8K/JeRibjXTp80I0v5nUO4OIMDjIK8+UN+NLzNAK2qnFKI5toBV9rBa7Wz7eyW1r3tLKtBHvtsjpzOh3Q6Xy6hA5fOo2tjE7HtDZyDeYyLitLvDyBk2tumaahXpuP4T+YxjxGv64uWkw1Eou8UIQyyCNMCMdQfT7cXN+8pxlWTfvBNHbKtK9OY7lpIDxtzbQt0+5P465OuzGNVdnAS7ZRGxu2gW7bgI0lMqFijT+Ua54Wsdki05o5sw+H1K70oTSXFnFiTJP+Pa1JqkG3epGaVauJ1uQpWyxnppgYioKpKokNV0kmZqskeyZDid9J/nvUn4FmrCp6Ey6kdrPlgCWdjpSwyuVWmsJoy5gZQiUrKommipraUkBnP5DsnEjmSyUm8UbS2TKWuyRhX2QOCTIpqkkDT5BbjZwkaW+bcMgBAbpyaQwUfZ7Knyjaq4f969bG4aHmRfVLel64dvDm62AteHvpVxaD1EjfNBEdQ//UF4tz8cLPH4BN7VE0E42iHHoXbYlnwefvIZ6/taJwfuydcAwmgX9B4a3CzbidbQbmxWg7WuCvBhvhHzq7lUpOu98tbn5j1vk9SuMXnlhy/fC6pkadIZmt3zrOrJnb8jKYiX7+y47mwfcLbyxBG9fnWray9X3o0ooFsTWsfOn7G9rbe8mmJ4prvhsC6UjszD+LBo2R4/SC0my2atRylmEI3nZYr3cKcrntJfBFRmTU+LnTq81GXMbYNJxSyeop+7eFMMO0XdqF2kPad7W8TuvTJvDLXdorWkEFtXJJN1lOEKSCwJa969tFVZ4gtleyV1iOSChN7FQkQJWUxMqCIhJQSipuiqPfydi7SZA7BpKKhwUcYEwBo+xGp1h4G2ebjwqDtSLbBKJox7eG+Uvb0FdBAs0Cf71y7LGvPb5g9stj79zsnPX3/wM2sxf27Ct8Bf2f98FTYAvbVfgOQ30uie+0Cb9bVbjH+T+in1epoMaQSFTrGIVMBhmTxxYmKzJTTKPTBaM1xOXCRLVe550MBCiSxGMic5beYU8UwpSzBLU/aTZHyZdR8JToFGOxaFTjDMfjQbPN58NhFwwmDAZdjU5SgdWBZlGXV/E81GgUZovF43Q5z0gYaBmQSUWKDB+JN59QtCm6FFAaT2xScFqoEG2unKIGEsAJ/hFrfhN4BYwDmABtoAusBMfBh0AAkzfA9BgmEbEp/UKSISutvlL2yY5pJRkzSqLIFiV+KbeCFg2l502ySJlokCb81ujBTfJaMzGQbyTSLaR2ZYvyZZJqNiCSLvAEfOEL6L+ugfD0FvQ/l26iTeHpYMstdC85tmzj8On1kcIiKD6+d+vfbOlb9hz6Q2sraDr4Nn+08PP023f5r+3bXahB3/h426yO5z4cu1w/52UAwCb2tXsz0X30n6AdfGPfvsIo+tG/vb3k3HH0C4Taa0EUTAVfYfWFr6Of4juDMPg+kL0jPIeLzVqmHnwdlwDEts9VUxN3VJGLylOlUnk8Ch8u0LlkIsGZDAabw6EJ+wKBsBwSKRaOA0KItMIKeRzXEqcVjEaTqSDMsBiRQ+sVK8SwLw1gOu1LxioqGNwnW1wuk8dTVaMjFwdr5nQGTZWqio7zFWEmLM2PIgKjwh8BwgP2J3GfkiRgbHcslwxQPVgfE8B3bZ56KBIbZ/J3qE0zY9Pb/DZogjabjyJ3TYwBiKIr/1UTOGIaMp03QZPpuO8V3xUfZHf5DvlY3DzhzJ1+RO+jSsr1j2CWJiEjS7JoJXWIUiZeOF/ah0vufZTvRcwsS+KuUoqf0FIrOfdNRFB5/kqZ/pOxuI1lSbwG8jM4fvhwcXRUC/6hLvhssI57cvRvw1Xwxhb038AB1s5NoRH0Mu5a3FkR3PkD+rTvN+ibmXrw82uFf+/pODydO1+omQtUAP7rnPNDy1/gfvfrT6y/u7Jny/rt6Kd3n328t2PZpee+393Rv+u3YHbhLTQ4owV8j/1g77mR6hMFEf3+tevc030btm7eg/OjG32C88vjjJNGksTK+ZZoCwYrrBX4+a9U1dRoqmScDj/2HFNJFaNlVS5vJNHQBK2kLScIhjgZxCoUU5lsPaHpiC6RNVRU6FyWSMRks+nC9qCTTSW8HON3MjRrOJ1Bf1AS6ayjTUq2kRQ17Xm/Xlfvq2+r76rndPUJ/MXK+k31x+sFVSLbll2ZhTr8qSu7K3soezx7JftuVm6E/vpstt4P+RoV6cUlxLcGR5U6rxM1hpyuSuGSuV6iIScjhvS4WMaF0xQPJQ83iYF8G9/Fswyf5EW+m+/nB6hS2g1e0cef4O/xkJdk9gwlQ7IyjLYkNFJuZoiAcLaqzMUhbbfBWFQpSRehtDTKUvQyocN/Qi1OvNX0QaJIL3w0pyXrcFVQ3AexUPLWIJMbS8jA8aAhRACQFkFmCJtYGCB5ieIgYVElzT1n3l54DS5bc/NnQJFtv371Inq/qWYv+i46BS9t6FsjrPoLYL/+X+3sDwofJ/7lhbHVaP1LL4GtaD359SuVmvv3HdM3Frzox+iPe5rnHgB29MnPP5/eAH7SlOVb20d3GU09WYMBnTsCfKCP/ZfCi+gHIIIeA2H0Yxd4FaT6QQpHWJD6rn6VeAUwMdxpp3GH+6oY4KurZXGDSqUwVTDhCrcdX2ZufIMFGJM/XB/AqYDcXPZK6JymxfW0hdLBU2AhbtQTYB4O1Thuv024yjZl9VlCaG8sdt1PvVjfWAftnN9NkSD1ploLF/B4pvgpQixAJLJbxFQ+Kqr0uWg03JitS9U3pPwGS06X8qVYHZ/S4+I4m2poSGWhuTaRsNtswXA4KBUc1fiZiMc9AU+AAWRiyqp4fClqoHS54Xg2+8hQPZB3mnXmLjMLzMAs04cXhQfDkAknw2L4aphTwXD5Wm0ZyuNHq3yDiqTPVhxSsArSfBOx2FWfrU9K2vZVk3kFxRV1ir4uTQ1JypJ4sLSsLVtwVJXnOJLcWXEFJfXY5BO5NUvY7wnRpMSfXJmfoRxAIggqbTDJNNdEoQ8cIRlkJLp7Ua9vDnfvOLoDKtlMS7JwGv0zerVwNZZhVSDx2++jLdyFL3374DeeBiOHHxoPL1br4Xn2qH3sFugf+2jXO2Po6c2LO3d3FLZsWN69s5t1bd9ZeHVbumduz0//oW969/xv/gSnxY92A/ncV76OlgAt+gjGps9UpvbEx1a88b3vc0Zx557p+5bP2Lm5Z4DhcWySCRDxcoxSzYQs2Ce6nU6/i4/HZTESnUwUB2YCByZuQBs8NaRgqgFzTlVXQB+B8fpdFot9mgLHpQ13PxJxeokUl3QqNFdUp01hm7+ab/TQ3u+pYYif8uZow1karXlcejVW1/j9kp1iOJ1O1eAPEPRGzVFJf9imtwNot5sbGxpAIpkERXWmOI5EfFEXx/aPhqEYzQMgcy00g27zIvOAGTJmvZlYMvabB80nzDfM98wKLTRPBOFpGoREjms4LyM7H9lk6LcUd5RS+EjMSV/NNxTLM4o4m1+ybpTW44SbSCY2knwO1eObUOeXAo7igyVhhUkBR8gGjyTC/yXeKiY5SEshZ6CUloyJdlCAakRmgJrvPof+CB5n1bnqwm30I/RC4bepehxuLW8eRHk40Fo/sDj6BPx2Yf1+dG5/YSs/s6D57i/u/XwFYI5seHW0ft2lC6n211nV9u0PXzgQ7e34s399YfXM6XMHfjwOB/t6pu/LxXaSRXvhKpscu/vm+p1QWPDeiRVvgtol75/LZocIw4B4hr4lhBgZo8VpzMG89hMr+zPc3EBGR+4rMPeUhfoxPH1S4SAbCxEHnQVCDRXvenpIYTC4VCRgVPhyrce3mglCi0WnkMt1jE6vY006k47XkFBoU3WpjquuqMZVMpWKxwlFBfFl5+Bx9jqVdzB2Ca0mQQYhdVtgJmkdUQvlUn5JFDUTpbOjeG7JMSpVXllPjHl5m+RnwlCPDHILgRg/cmR02xGwdz86iY6Ks8FmuBGsA5367eg62gbwnwmh0VcXLOCWoA1oLDsdyMEK9Bq6pt0IWkEzWMqeKeQoE2jcgCtdiJ9WK65Sfn9SLlfi6vSUWa9nCevHacYfbgKtXCyqeNFq5XGTonYQZQjcsegcPuoFwymhQ22ktYdardXqpWz+rhbotMAFtWJFPKcl7B8t8bTQKqwCxQIn8gRBQhTaVwrvCoKOfrlLOCRcwS9l5M8S+Fu78EvccQrk3Z0ynGdEJRUtqiqp168uTUqrSu1lmUVR1pwo7jUlWbomys+lb25Rnd6g5ycGmnRDxsHVheqD78jOoCH08OWTSuvNtXsetsCThYtshnts7P2dfO++h8PoIyIRox/kjagTCeTdnIVGKbNPxnhwHR4c0rhUHgeRFHLgf5SEJFvUGM2f8lj1pMIbtrEeQaVXUQqVTakMGYxGP0+wHqIg85G3yZCXyfwO3GSLdleOZTk/HRgr8n4ymPS7NFJGcjlET5u8S86q5C45Syx79FbAWInx4D0rvhOtVofBSAh6hrzBoFdKtytUqfQOvfTdhGMldfPpc5xw3HNAB3XkjFHT4/mrJokAlRWCSvb18+eTgWQRZ8lMzKUn8RXo4HkyGqNoyokPQQpwAw7tiQEkFQIkGYgMK4WLR0aHjnArcNDad3b3jG1E0RVL2ud1gtnAvRddQ2fZL7FP/u23Px4d4maw3xxbs2UL3AGd6C10ee2Cp6Iuuf35YAuwgxXz0CC6a3L83bfHhpGbnFUY/XeRiRBiKkBINBlwMe3w4HfY4XLxJqVOxlHce8QUUhMPkAiv0VTyzFkq0/DUSZ8vTBnyIm/zeCw+H8MaDCbmzPiNU1ZPjnwWDSozjlRgwZkA5w8NH+ZpBONyxyS4JJViF+EFORwWk6WIqzH5TKwW0k8hzuS3unKmQIVAxaJceaUglx8nSKxFQr9wVeC6hRPCiHBP4EqgyrKfnbRj+gxXsogxSEvKCVWTpzCS2Ga2hHRNFdWDSxZXpaKE8BtLcpv43FiZdGEU/dNxgWKoZHGgP7v/5hpboZG9PMhePlD4pWUb7o++FwwXPo+++BFyuzPg3Bsf/pCfW7jMph6OsSn8edUHe459AuVAQA/HBpaid6+eD3Usqr9+e0brrGlnjwLI3kZ2QJU6BygS5hB+woiny8tDJq3JxpItNNSqiRJn7zCUGQwOK83zflEmI/onKw1AZ/AZ2gwrDZsMhwyCGhoMVp1JbiLrHk1eXbS5YnB6o1RoK2Mhu2d/vlu5SMkqlV0S1JjglrqpMIqsb7IwSjHNl4Dgk80FpHpy8lo+RZvfyUInj0AV8ds7wG48gi4eYV8Dd54FHyHts8h8F10EGf7nDzfsPQtfY18udAyOnuC6wa2xTnL/NY9rZMuFqTiHSz43/yYqnDrBaRRcOpYwOsyMAnzxRTNvNHpcNprKFSLJ4yoNUd8XT+ZtktIPmQ7iT3aXVMTrbEDHADVlaWh89oS9TfKnSdg32a/YeRO0MXY7Y4MynaiL5XQy4Qz1B26TdclYRpaUibJ+2YBsRHZVJjshuydjZROK6pNXWtR2pMz3BmWJGMluRFIEKmdr3HjpJQUxf4OBXoRk88RwzrEtB2cJI+PMwEPBfR+YC0OFIDrA33+ohg2Flt38xT2f3kG32I6l2kF+3ugccATNg0N78HunROOyB8JpfPcFSZUKviA6ZPG4IkbJ2DAWs1gqiL2WzlDBExV7UQFAgFCvo1SzS+H11gR1BkMkgF+9KAaDQa/XTwU4yeylgaDZbbts+Im22fyxiF/C2VF+NbBCjR/fhpp4POZyhc9RER5DkVA9lci46oATFmnV7aSPVnQpVpLJX0LxigLqoUvhUsAIuQMiFj4GYyRF6CdI1X3wBGQle+UKyV7ZXrRXnv8ItbqsQT5ZBbZIMSzOeCYiu+RrUDylMi67xKdOT4wCDelH2hnbn8xtJjjUE8gUSBnTMw5U1XG5y+hlMAe8015buI9+gPoK/xGvBn8AX/v9dwaGM1kwq4WfdWD01gHuzOgtzu0c23j4IXAIp7M9M3cj9Mrf+Xu7Z75yYWV358x/+tHb5/6xPQXCY2+Mvb9mDYt7b37mO9/ZL9WN/0V99mSMnXHj+zr2EzdLGageBS42vipacdXoM0CDX6ZRqfxyvT5ktlpdhJwqBkSZR2HW2/120Q4Z/Clp77dzjP2GHR+23Y6TTZHM4Ev4WBXjA0HoK6v0tg7lzWaNSuoPVDgFVRAHMJVfIxKsWbemXzOo4QxQg5OXWFGbg6LNnYOQJ2puRDOQYfz4gaS0KRf5jim/kt/E7+IhL1ZU5SSDN3LQk7C25WXyo3Z8k2EMpSt9NT5xMOniTpf8l9J0K/NIXSq57UUrLIEGiVJIiyeWD4RBjl89OHp5EM5JgplsrLX68O7RFbuPSlZ77NzRy1yqcOcSGuZq0VX2i2Pbtm6XHWlGM9+ak5u5eHXvonmS397odFTLv4Me3r6KT+vZcYWsR0jjbGSlTgQPRKXH69GavFaGqFwvOul0WF6idnscvq2dVqDV+skjexpYzSIRz5pCcEe4Yk04oAY/nXrocHnpjexy4bvbXjwwQ8KACyODWq2UKyXFa0GQA5CQk+qKaKbzFIWoxUWcFcpZWut6S0YSelZku9kBlk+y/ewIC4mTBMuW9BaL77WE7JPe8UllavnPJTdzkChhQSRddEPRYiZZx1PVmNCjJWsR2kWyYcd+4dj7u88qjRc29z3cAcyws9C5hx0uvMMGx45ye0aXfyKLf3ruHfn0ucY+fmthb2H7UnYmehbOG6BK2P8juyb8BX4miF/ae6LSYrWyuKY3ekncn5T5yBMyLDNCGJBLRFqjBV8bbUN5i8nLS8A2D71GHEUVHklnAjqgl3E4GC/Umkx2crvioDe1mbpMC02bTLtMh0yvmK6Y3sVlF31JXoybcN1vKnt5Nos2XAlDmFAfUrPH1a+or6ihmvT1alqikq520pZpEmiYwHXs+gvFenQCHVdqhifBafQyARbxDmS4wuP3ldJk53Ejg2P9g2ey2eFacWcqBZezBxaNnS+sFZLo2Fg/7Ge/NrZh2zbuQuHNkbfQxx25i5fOgw3sYfe8o7Ps6MFeVI3CpHo5gWN4hvCPOEbd+CH+w0m93kFC1s/woPckjrOzpGsdv3cS+lzk+25GSS4ZN/RDYDYHGXrJALfbCXxO+h7bvFIv4LP5bHqWNl4v5gGOfDVtx8TqvJo0X2rSfKlJ86UWkjzo5vv4fh73fIv4QWp0w2shz1qlZkMuUgNa2I0j+ARxcJJ0v1jpTS53XWTQVSIrJyZATpNk/iYJwGYlEdimYvAWgfj/PyE84wA7M1X7fH0KHru58aTS+Py6FQ8PACNsKczbxx4p3GfVnwjL9hxO7lj/cPNNbvps7RruArpRaN/OnkGLqaP3H2ldL6OOjhGmEjxzSm5QaUjhrgFPndLRxmvuixafI2LX203k+yYwR1QZ7RbcZ3pcriiR7hM1OiOOtiq5LBAKVRKBPjEhynwORyBiNJkUvghYGAFMxB8RI4MRjonci1Dt9/7IichV/ELQQiK6OeyvyEUinpAk4h4iu5xAwOOS9HtdpNb04MdnfETU4qxtVYg6Db4Rynb2jEKv8OPLXiGTtcEuuBBCHQRuiO8CvlISaN7EA1bHJ/g2/hB/nOdV+A5IpPAdECIXgSeAL4IYtShcKIkiSV0abQ9WTeriSsIqJXRJVSoxcUOUjT9XU3X+iY5BoqKXAGvFcSgZPP2qpLlWRBJJD5eJjJgomkgaV5oesWqltVyW33Ng9MiBDm6of7i5fcPawpsrepetm/1WLWhnWzrChcPoFtpZeC9Wz6bACnbt6BHwSYFdsZrr2b5939FU9eKNYGDW0g0LVrPtKbTu6uwOoAVb0Fz0UWc7kIOTn84Ba9AO/BRmx2WyN4XncITg3g84TzudXi9rIPQ3s0pjNGpIihuCIWh3k8ZCYVEE6Z2vlEF8EAoII8VYWoSzj+jz6UhW4oO85HWm04gqbw5Xj3K5j+qWuOUEyToFF9RyRs74golgWxAGjQaD2U/bc6jHn7qti6wD1kHrDatMZwWkXXepzCpp5WfXm5Nm0dxtvmq+YRZOmAG1AlX4Q7mEuc3Mmsm5FvFCRbtiek6J+RJ9ooxzLTnPpIsTkbvZsiNV2WDBUFTzTT9ydIB6h0crjNL8uQweos9rB79zcPTkILoPhwq3/nxhe89by47W1IFrR9ihwgzY+WAB/3D0JDeTrRx7Z+lSbgfoPPQ3tUngB93JdbipRxf2oOE9aD/qJRVZEr0te0N4gs5PyJMbGsbnobJGaRsDca20+KSbPIuLh2R6nY4KO2hk+IGIBAJVEavdHpYA15FIRBfAF18gQHhvcqudPG9Wxk6eBKtVLy9ik+XykDckJVDaJnoreWoi5q30VuoYOr/VMzr85978Sv0m/S49LPJeTFAv2kM5PSm19PQJI32PpJsptYgDzCAj9DEniIgmM9H3TNq9S5jQSeBQakNfJp+WbDESkzlxtiZJJLcoqV3ajRYPKW2VleilJQoksZkr6mqT52sRLw6OMYNsx2FWLhjBCZaZi9YXxsLZ24U3ghk2NbxeLS/MELyDo8FBXjvGCE8Udnd2ogvLN86d8ezdvRffzGXemDOrY/ZQ35t9oL4QZWcWjnK1QI3uU3TXp7L1wp8zDsZHFTl+KJpr46FErTtuqw4FEj6GEwSliQgMnkrGItVkHBtIe8k158PPEr7mfIEkVNpsDQwpNERllN48jlxUAl+actGoI6xy0BPSGYCKMxkkdhKuron1k4cjOspNJ/NOSffFn6DKmNX+qlA4RL+MhTkTMJF/rscbzIlpwKRvpO+l4SHncSfLOO85WZXoH/SzfeH+8EAY6sP+MGtKO/3hsN+ZNvECHZqp9Sq/KqnCwSiqulX9qgHVoErQQ1URxacq8j9UFh0pcpR5nQWEoMUiCJJct0ClajjRHclxpHjhinDi0n69HCVl00ISPGRBsKpqgvdRNbknm1RCVn1WeZ0W7IYysGZCUxlMhnYSnOdnrmL4CHkDP+okftZVJ/c1ZzfG/MLhBztfkNtfXbrz4X7AwTkFcd8RliWEtwPgKJrLcqMLYG/hDbgKceduX+9sGXn1GDgM5Z+eR4hjhZYl6q387rEDhVv98OLFbSdObLu4rXCBhhHFXvy3bJvwFZwDVEw1mPsTFUnHog6GQ3ZHyOtweEOwQkkTsoI8tbJav7uCrMWrYyJuz2JVap1OrTZoY+/GwNdiIEZo/boYcLEx0eTMxchiEv/M/8fYu4A3daVno3vttbVl67p1v1p3ybIkS7Ik27J825ibYlzjOOBYjgEPIYRhGDCU0pShwDCUYSgFl1KPh2HAQ9OUP5NJGO7NZBJOmj8nD00TmvLkzz9NCaU0h6YJcNIkwxhpc9Zae0u2yfScY1m3LVm29/rWd//elwCgRqMyG7HMmDi3EenuQMAb8ng8aFnwsFzyfMHLubWclgCzOznOaDSTFnij0aG3WW2is1uNlbS2kMQG9pQV8NYxK23FMua11eS1VqC2woT8oPyO/IGc0cpR1CHnnZ68XMHLFMQyPyDg2ptEp5+sfApb42WbMKcC0ekVeFNRf3NvRKmoLq2bkdqrSE1040aAqXPLTLppcWZSTHynpsmbuFlRHFrwoP7/A2uZMcLNk6W3J+mrpbfpzG+TN/cIJ8D2o5N6O5gEe+LPvYgHbvLHJjY9c3hiy1se2S9+u/X112Wf3x85AeJg017QZjV25eND+30u4fm9gpDfO7F531hxObwkfCB83osRTPcJv5E/wy5G666V2Jr9gPuFA6/+aejS4AhP6xcBCuxSLKIgXbtygxYyFqUy6MMJ9TO8xWciK4aMclVVDYEwr0LBu5cclMtlnJ2Yar84hKKGPs5u53woPMFQEQalVqvELVVKpdqlFvHuXFjPo+hFrD0TPT8zHYh1fZWo6/EOlxQBJSXOZ+fFZw51zdi308PwFZyf8hSjRBn42ezIWza9dpU1LAM0gV7Zqsn7H07COF2cEDITRQ09NSE0Tcj23v+QCbwjZMDbRZXQBC6zi4u3eP7Z4qq9e+HR4qo9e9i3BV5gSlM0WxIIO/qXyBqfwazolR7+Kd7Etre12by5lpaqtByAFBOrJyToI6eVJi8p1saRPl8tFjqoIHj6bISLYNxBpOJr2XRjczOp3Q6eTjf4f4Xe7aIYrBnB0DmoTDtjWjKzCF21VXFZjc3G12OLcZqvacYbtZFqBk1IqTby3nC+sbG9DR9sp9pAM88V2tt1SgVkFOhSTwUIOR9XqKXCQAPD4YDL5avBKJjZ0wV3UhxCSadSuRYu13IRZNBGJtzd3yyokfw1uBsONhxvYBa7gdaNe6GgcsQ96qYn3afctDu3IvdaDm7I7cgdzMHR3M4cPZYDWmL1YIM7R1E5dwNjiXQGNgR2BF4KvBaQaQNATQW4QF8AOfCBmhqDzqITSXlMJgtGqLXwKl3eQlXYFaTMAKmwTKPSbhRJtHHHVTkTVzYEujIIneRQSOSUZfe9AlFU9iLKxZiUSOKuaxHDNFI0TldGZCv5PAlwYfYg9exR2SAm4jJJNWPJYBjEGnGQFIwvgY/nP7p1pHcdePOppRMr5oDPP952lNMcW71r6vw4OAV9pfWlOPzzUPORti64/N4Ac7UkKNZ98nab70M6NgjCE6veZPxPPdk/OtK9a2xw4yP3bxVpmtmc4cbgyvvDb9K7Sx+vZY0LH1/w9B8fuL8K2IWP6Wtr3proDxzqX//y6PZJiqqmtiEf5VMWM5Ri/7IeyVMLZv+g5tMKXl1T02hFlkOn1YbbPZi81svHME1gPaV+cPe8k1Mr5E7jRbD8tGl+Evd/NrQF8LuC8zLo2dlGq91O4+dNc5CsD/OapsZgg6neK5fV1S1sYdArF0jS3dQCL+Lub7XBDGtYpJ6yZwsKlo/i5nKuwPPz6hsa6hobq6rS7Lw0Oni6EJ9L7kKdF4nsB4Nxr9cfavOToxQZm32koGQdLL2ZBcp5jnm0Ow6UcbAkDtwhFB6GgJIKAS7R1tm2oW1HG4PMlTGPm89hCzsvHmqjqLZQfB7bIte6XK34d9gKShdQr3Jtdu12QcZldM1zLXGtcsk4l0gjEchTLhCkXRVK3iyOUqw65OpoTSYdKZqbIfGfdbj/Af3RCQwDy5kI6B12gEk53CoRMpdpx8TU5MMDVdFleCOsqEyuSgKPYZkr1DRpiXdXbES0pGekIWYo0hbJdxYVKq5wZSXSQWnEotw0LuYiROeHtK1CZASlFnHD79LAfvQcvQWn3zD+S9BvSm8D7wnn99IBOrufXiUwb4KhbEj463f3C4KwPdIGtnwh5F+GJ/aW1u+lnbRip/DVztJycG/nvZ3C56/LRkvr6UP7ha+AotRz757s3amvdoLeZ57Z9U9P93aPA41gBv8pTL00r+0H/1vWV/q8qalHqOqIgY8Fe6zjTYa+LzCTt4QDly9fxjHVBIp217EJ4k/h+tDrxKNadRpaNNgH15r1BJ7EALUGZEihDftWq3gFL9catAadwqwjfo7KJAJ9i9GpyqxSUDg9bXXgzLRCJvUDKNyKhGKxglFChegYWQq4XEZj7bgYQ/YsJoN4DAmJNlbK9NNVY4k7qqLHxBUsh6nIbSGei2HmNOuMxxPs1ZNT206ysaltst33D8P+o6WPj9LnSx/TdjZx74OdO9nDU9uY/uL46Ch9TXBhb/MksnEDZEZSSXlB5oLVYoEo5CTND9BktxucBkKPTpCi0MUvd7pcXq/kgPJyu8lkcDpdeBMqC1onCkucTqvVcpHsCVwrW2yFELmBSsZq8Kq84kw4p1UBFVTJSII5V+iTjchGZRA3R9JamVuWkC2WMUqZXL4BAi10w054EB6HMhWEfDSRhxioEmqqefEMuwoU8kPGKHiJAtJpFhtQ8IkWMas2it7lO6KPuImkezZuks7+9JzRimUzCgakACR6IqlESioBSESM2DJw5Vmxr61GWhwVYzCSlYSEe5J9cXLq0CSrmTokW39fAW5PgCmBYvTACsJbPxa+2CVsbsrQVXbBykbvXUbLNDm1CRZBn3Bqf1/3daG4/ZNPhTcudbd9Ak7jNRsX/hNJdDNZswCoP01g64fOOJAGxBlSaDYroRW3Co7weo9fpUUXVqfxQHQJKUgmz8vLHYudADq1NqC02bQurVjeVDFWr8drIT5/CxJo4yQHyAyrCnJ+lQhQ4PfLqj2i+97GB0lKenrRoIyvS+DUmw/d6E15mb68Tr4C9hmxxziCVovdSbCqIF4xGq/Wu1KeYMZaiaBIWD/iAzOw6qUusGwFin75MtwaJmk7sSd7erlSuOLPfSYRMc5arIChMgtmmnb2ZaFx9v2jUyuPsrmplbJjU68DD3YahQnkFk71Tr219dL7Ey8LnzvZ5nvnV65iX5nKgq1FMLQX+IRrez/sevuVtW++UtpNfyC8OdVGVuu/0Gp1ktXKgB8S7TNyGib8uN1ZW2932V3QUQfq6jxOawM+ZklhzcOadOoUrE+l6iFskmcyeOGQs8/La4OqIFDS0SCp3dRFkxlVhoT3HpUYrLWcQcGaWcoekOSqkjPmzeZqo8NgNOCFLRSsRnP0/ShNRwG4pAIbVIBScSr6iuquit6g2qE6qHpXxZBDlziwmNvA0RTHcfRdDuA0EP2aEURVKBzkVFEG60EtREpR0oM53lhI8TpjPpXC6rBTAVWiMswhu1rGKGPcFHiXAqMUkKKJhATDICV9Zs70lyEg8NDVxo3kfRtXLFs2C7jsIRAIipjX8u6dgeBQjgRTGIxHoun8XSq1sXypxP94S4ssjGXuLr/Oi+RkfGpgnOWnBmTPTz0PBGEYPCtEwPuH6EDpQ3BDcNFWVsVdGVqtMK7tX1vF0sKuQwLNdhLBeXUqQ0+e3P3c7pPkZuuBm2x3P0eza7IdyMB9gm3XTNlxo1ii/wKSFjtErjTe8H4/2fDnyIb34pysF4UVHpy2HeFNaq2W1amhR632QFgrd7sNBrL5z/BylRtLga3g9Hj9gZC3yTvg3eLd45VRXs5LG6EXj3i41Ia8NuAOdAZWIEdeZpYFOHTEG/AGVA5RzM4XrJxFkihbYTGSIQ6F96JcQGIeyxLxdcv4/18Yyjnb6aBx2QyoDzF7iN+2ggwH69Kp6LTWrqw84Z0g4EjTukAaJX9Ie5PW9sYZLOFish6t9JGp5UfYtqnlshNTL9NhwQVulO4xJ0tfgJuCk47dt8LA6PreLSN4cVetRovbBIbB/r1AtXev8MVeYfNecHjJplVDu0ikX5KvZx8nqxqiYqRnvcRbss2NmWZ0gWw0EoE2ZIi9qZSbzO1qdMmk318frCczMshvGT6PdYQWrz+yzWjztcrDtbU1bndQpSKaAq1yuJZ4Lnj4IYdCrUVZgKIgFZPNZhqxwuDTBa8j7ABKh8NBKx2pqhRINdr8wJ80mgBrAmqTKhkPBt2GOBXn4p44NENd/CKKNBsLWo1GV90XBvowYMPA0zjWONkI+xuBrREoGwEMN+p0jWG00EsipJ+YVsqikVcJIY5bIm5sOVeoQdGtBVsGf2FHFEQ9SFnxURCKNkVpKorcg6gtapNVV6SIsAXOUiityBgRFKVREWz4PIqJF0t1nmVfFx/Jt1qG6X3LjWFEUyyrTIwvE3ELSMAnKRGsX/Qt6TSRLqQy0C16qG+pKKgy0GpKHNQsD2V+JmkXcZysMtMjUXnq0tMehe5h7RMQARNZ+YyJsWbSLWJoxultgFQRaXrHT/axN8en8uNs71RednFqP9Cf2h2M0m/8xc1/Aqm4UfjJl18K33KGwYp//7PVK0bDAxHwBXinSVgA1pR+COHmX7xb+o8wCIF5EeEi+/i950ZG2MtTIXj3TaDqaG7ccvrgwvBQ26Or13+zqyO/7Bvbn3g8Ukrt6xqcWAnvMfAvRzaU/n1PLLu/C+MsPtghv8r+JaWlNvAqPHIOsZCQQfLVPMcDoOO0FDvJnmKhBmIItQtOd55VktHwzrOFKobSEvBcFckfecX8EUGHntHTB0iEYheHY8mZxDMsD010x+EzJSt96yzmt4Zb7w25Yf5Zel9py7PFiwRhFbMdf8D+D8qE9KntF8D4S7AaRcYQPHmBYdjqapWLsErYLUg6VYFAlcdTVeWwWGrVJhOn16uDQdIMyauVmmpOL5ZI9KREwnFBk1YNslCNMxpq3uRAN0ptXq0OmoNiIs3pNNm9NrtNRDxw2XHTlRn9BDbSF2rCeXO1CXfeEXRWCNm7FHiATi3vCuU9FLhDAYnaBQn3xk1Y3qbPTGVAXjeDLop4UKLfRCouEqAnFj6xRVVKlEq8PATYCAWGHAbOMVQmzmgJOZCwjj10rvvonoba5/xh5gf3s394/Oi6rZEmMPpPpS/BXXpT6R5d9SzNle7Su6bWyH7xRzsi33zqsPDlp/f/BfZ+/zsLusF2cOk+Sw+MYTj0sdLz+9HaaB60y++xP6US1FzwXd6onNOZmdPZ3lpXF4nUtmeSSjqBO9bPGONRCyaSq0Vx+JOnPbhfeIRXG2tTWu381NxksqWpnVAIplLtyc65yYukoSwepRPRRATWRcS+DKPRFg6bTXqzvk43t25uXVBnwwAGyI9yuWydc0jtslqulhMAdKW6jWjNHB8txGJUS2OnurFR3YnCRd4aztuamxkqQ82jVlGbqd3UG9RN6guqWkkQ0I01WJax5ztK7aRkRmTfdEin3zqDRAPdf3CWC+chijHn4855uBjSkINUIrssSmG3ppwYSFdY53SVQYnK3OFMvHRxJEzMXJVprKWZHYlFZpp7EFfTbpex4VLlbJcIRZgQQaKDtJwu89QirwcH+bKv46nLazEYZVBil5FgrkSGGebeUfCxSqV6e3hQpR9ZsIZR0cIrR4X3ngefXDRaub4Bpz0pfFV6U7g+bj91FMTvmw/+uSAA+vCtWzu+yyiEi8Kr7E9L9/9C2DKF283p7mEVfeT8raeKP4Hp5cXfHj2883mP/dIzN4Gdvhs/3Aj+SRh+4v6X8SR07afjpff2l4yx+BJ+y1aMROl88JT8GvtjqbcHdz3TPFdb67AZVDaD3KSqCvmc2HaelYf8NcSyquQKCOsUjqoqncZEREqhMFVZHCJ0vsNR6w2IRhZznHZeKEA8D+EU24B8bjK6KsKu5TBwgtrCaX1u32LfCt9Bn8wDLU6fWu1zWhgqQJHI2FLwaJNa2oOxExIUSOIdPwMlUDRqkjuM5KJCiVBuQ6mk03/XauOED0E90Ummp0y4IeVzyChgurJ4mOut7BMRZo08vDdRyk4Urx7Y9dVXE1NTR/fSwinhFByn3yplxev9G7IlUy+wtVNvjYy0eTz01AHaU7p+oBQNB4e6e0fAW+AE7RLW37+1H61G7MEcZDG+RfhkRXSmCO/22UOmWr0SmkJ2H+OCSn0tI3fJYxkrrGtQwwBeHOByNnpwnFQNZPX1LfJkdRg9u8DLLBoTZ0SrhHwLo57Xc4T2wk8sTBY5D55wDDLuaALKq+TiEWcyA6sc6WaoVCnxkcaCVZVgOhl6cdXBKhp3vD2ogkyVSlXFQIrTe/Qj+kk9Q+mT6NPH9Ff0MiXUU7VipBz4iLqD8bIpXu8jtmtjqtwrJC5YGbbOktZZZt6nxfB21prN7JW2pC0ptFTk7VJSEK2apeKpEpQ5saMUY8HO8FwrHQq4viXdv0rfK54Fw8JqcER4EXYJ48I2FQe/ojdbhZ8IO+AC4Xn0wmowXDxL3/vtNjABRoRJ5DKgW0E1/bgV0LsBvxtkdn+prOJ7VJH9OvXUbuHt3cKl3YKwm1YAXrhE3iC8DTJkrZfK32O/R1nQamcIP+RTvMWXUModjMUXUsrb1Q49AyxIzyTaMMRAu6cGTxecsVU3YYDz05oQGQ7WaWztEKTTnUBvNNY2cuYsqY0gG47ssJ4yih3HereeVkM9Eh1rLdmCfofTQR54nA1RouIbGuoTiXpcPjcW2tstCUoDtNClcWmcnMpCWfCSuguN1RTlRI6oM4HW0wkDVt4dzltzOVm2SprudRb4TF9mJAMzGTLmm5TtlF2SQTzYS8tmEcPrSZySLocw0tD4NCxhRV1by0nc9Ky24woW9KxWiDIs8GcSZ6S4s3XpipggKy4NmJTBoWW45u0VZ3glXkdSrJhRzMByYsRUe0mQpK8xxl8Dp3DzkPArm1DM5D7WCf/MwJ2lJvryUfrDUgDuuzckD733zLEq7uSSTfdTICe8BbNjY8w3osC/e7dwerfQD14Urr+Xy51+u0gDzb6jR/cJn++Tx4trrjIM09Ov2A6Xl66B3s/BQKmHdGD+l3yK/RtqATVEjYBrfFirpex1/YOL6tC5WF47/MQTrbVzYw0NNF09n6Ja7IOGfs+SCBOoxa0UPqoaiYvBzM6pJn2Fdoy5B4YoJxVHkpJItBIxcnoMPuaRlpaVix4ZWriw7/eWENX+yCNLFg4MLcTjQIGCdoV7RWLFRyvurHiwgtXDFbzFnh9aMbSic7i3NxAYFumTkIeg1Q0MEjo5PNOF9M1ji3oWiQjvfT1zGxrmJxLxGE1T8XhjROYlYUxrodaLpzESOqgc4BIswFF30gtVugG2x+vtYQd0ssbkcN/wyPDoMEOhu8nhU8OXhmUaOExaQZDjPOy02+cT0BF0CkDTucL8+Z2NnRdB19lCa0tLIzWL30BsWY9OqyICppmdyVk7s2N92qaU5zjK0VO0nBmdaVukktptQvGULffmkJBH7NgluPEiMsYMjmOp1oCsDo2FkYasv8LEgydrppszQrVpFhfU9AbMEADNFvMMtGv8Mxjt+ncZLxK4M5Gbv1jgKE2Bw4xCcat3gco8uGAzqxAEebrjhWzXs5kUPS6Dx2gG3BYs+sSfPXX4x68FG5vCIQWn6esycqFndq7K1p342/j950b33Lw5/sEHq0YZjJ7Aaoa3b129/o9/egvU05uFt5CGFL6iu4YUe1//XPjR//np9Vz2vcuvg4vg9RdevfT8mBARbt4A9gXCAeHO93v6soOXfMY3Bs7v6f6D/7k3Cz5x+OkXxnABY6y0vcY7zC8flL0ysnzd+lHcGWAmHZ3/A9nJTmoh1Uv1U4N0P69ob1/Y25vPtzy6AGOtL2xuXiiTLYzgNFAEPMGrKF3YbKZpV0+PqwtP12nm9s8dWPrY4FJ08WhVOEcgZ+TIn15+zqhBFw9hN3UtpObKXS75XGqhbKixheQc43xnLJaKJ5PxpVjkBqilIH2+EG+JtXbGsA41FK50AqoTOOBA50DnYGCQewztieSFQjpdXf1Yb15MAVG9XK+nF6phb29Pd4+YAlq8EBxceHzhRwshtZBb6FkI7XDhwtbWdqKk586d3/3ofFKx5vtInTBLuNDwDEljA/rnIkajQYc2l8Fg18pYkmlqL6jYDd0g0d3ZvbgbfvQoeJTX6PIb+IP8cR7ZZqDsbn2Ub2DZBv7R1m7WTj0GqMfGHpt87NRjjBU+JrUuPEbKfA5X/jEqEgnYMesL+pUoLHhgBwk7sOP4zo5DOzuuWONe4PS0C4YrDDNBa6MzQL1/90ab0QJBmhcfGlso98RJlmLjTNKdNBlnS89ArU1wt6XEAylVlFMMld5GshU5MnGrSyckENuZe7Hx/3XDoV353284qRKIG/DwU78uDUhSnVH824vzuVIX/TIER2ga7TSTInZw5YEf/SrCN4UCGr1igHcafTtXLnks96MXs/ff/N6OTz89fO3aN5/WCLeEy/Q2IOz7ZN8RsBZsohXCB8Iz4NeffEL3HR4aHjrwN7/8LcjS2/afePn8c/uFnPD3vwGRNmGT8L+OPTkwsOaKT//pylM0PTL8V+8eToI14QjU7McY5vtLgUDIvH31FvhV6VB8wSfZHs+apn64TbjErFvTt3aA7Du78Bv5++wZKV6oQ55LDrzP25NJf0M6YzPUqdLhQMbQaKvDsUPYz/l/RWb0Q+Apyvvg7llvQzQavwiWnalv4Vp+BZZRWaoJsxmAodONeJpg5Lw8kDWF3WIOT95Y72VQtNE2HW3wKl7RmGzim/qaIGzCQqkzO/JNTepMtiXgp/xAzfoJGD3nyLf4W/yeTDk4acfBSUYWIXk+faE+jmxoHKBvFYzHIxaRp4gS2wU9dSSXG/KUI5WFJFIhmTSg5D3AQuEcMmVhXA3ayI7Ia5E7EUY1GtkZGcNoj1yE1kRwCcANExCGIMTNQxDK8DAE+lipd6jSAyRyF4mcp+XWDmyNZrb2TfdlV9AmpFB2Ot9biXGlws90oDMNfV4ZJZeISwggoI5wloizJNN2qFJFrYSw04zXog9dTocYplEBLMTCwDYpMLr2gx8KRcCMA0Yofu/PFMInwja2B4dFRSP90Y/6jm5+Evxo6td5Opias7c7+/v04/dHtm55ZmTPKjpYvLpvPzjhj8DoATAlsAeKD4KR8JaeZ8AxYT1c/x9/OfhX39tDn/7Gt7s2r27as7V3/+7hYySeXSH/mP0ZsgtSHwe4x3tkGruMjmhMOrvVEKxWmIN11UhFUnUKs85QF2+UYwxRFbIQT1ENGBCyoaEu4W/t9EDcQ3heZW1unmtFsvc0r01xqVTGqjMYch1u6GzC8qjjrV4vVYN85Zoax5wQQelCapnRZAxis4MBu0A63TQeGuG/pN10gsaoaDIlTbMa5GxbYUaDU8maQlx7Kgao2JUYrYIxUqvS6vOxWCYVQXpHrCo31Voo5HFA3KjUfKGAggcr7GjHP95bcFuAx5K00DtyQJtzk5ak47kHOVbb4e5IdBzsON7xUgd68lIHrcxYch0dOUuGUfrdnQ6gdQA15nanKQfvoDnoUCrwr9MW5AeVx5UPlPCK8rqSVmIvvjL1gWWyLLXLRRxACfVvlk8vzQukUuXjuNFjFrkOeWOFOITIr0UcJ8BdSFK8bkmnWiTIfkz9oW+RJnZE/15CUNGL46FBcQwNX0jdijQyNpfDQ+TnT/v65iB6GKrFSFIzCl1e+cddkYtHBB/U/LYXagTn8Z+HukDmXwUADginQN84HBrHBWmwt/T5v5YM4+DywS2l//3H3wdXhBNwqPhc+fpRf8fjf7T+yq5dV779Jyub8uMf76KP7foAfe0qrdx1ffL13z94YDPYfWDb/m37JQ37AftTyk7FqRTVROWQib7E2+RKbcwt1xpi4ZDNRlHmsNthqFZnMzosvEmqDQlXG3jidKsM4zSfgwkUwhN9qTCbW5OwxtDJdWKPRwE7OrriDpGVBjn4NTVhRyQSI7TPXCqdIqVSdZoSZ9EpTBRhs6mQ14leuFCotjTXuj0EcKelEPBgyMgN6dfSjDa9OH08/VGaUWGazA3NrzUz2ubFzcebP2q+0yxTw0i62eNpTkeYhCzuEEPMeNyYM/P+2rwZZ4XNZmPCiBVzoqBLYPXYlxhJjCZgoqOzUwZpurW1zeej2ri2ybZTbZfakN/f1iaryskIb7CysFgGLsnAKdI2KyETVCRJwjvFjT4by+MO2MNomUEjUZbkslNSGYWlsjNgwWe5+BXc3M8sJNgUoXJTFT4akfILiyWZmtBLjE8zExEmkkN+WL3iDGFwRipD9NnpzZ++cmj+I/AECh33ImuPMaPeKGYnHvm9cGlk/1HhC6A6DGhBGDvGsMK48AK8BNYJhytX37ZNPfv64TKQB1/EXzy2V3hvJ/6+svMwc23Xllxplz8KOw6A64LnQPE/65LDXavXciC5E8TRN3ir6/k9PZMUwS67L/+C/Qti/RNilxz4e94WmjffZkioQnSi3mQztLUlk9j6iyJ2vi7b3JxrRIK1+lyaS3tqMAHFmfr5PLb25+Rp07w5xNhr5fV1ENn6hdO2/gyv6JovtmxSXUAJu7raco2NKfT5FzH3XVtbFtfxshh0N8tlaS3MplL10dqEM4F/KF6oS9SD+oDHyfu0eOCQplwjhNOaoVyT6MF1110XEiSXSWGpwlW3Dgy74CB5zHMFh2j5MYONTo1NOW63gWHIO3x5CoIoGbji8e/RFbQyYIIyDOAsDtridv9oMi+jOklreILUcUmRYnrWatqhJca/LJfTTb8t5aG6tP1aKvW2NJ2tn8FYJr1RVxb16EPZTWz0xS5OMSOSFV9LkFIRkdEKNmM5NzLT5M90ZYnvOkNnimQOjZhFKc3K9TKxJFdJi4YZ1UQpMFH8Ys+eqamJqalduxhaOCm8Qw8D4zi4Ng70wu1xwTcufNoErrxwtqrqc7B7pbDq8hvCSIyhSgH6w1IbfarUB/6ulN20iabMdvrqGM2UimOlvN3ZNy+fl229hL7GLqKv0nM3gFmvEW5OHrkmCJ/wSPpfp784QFUhTfqv8s/Z45RhOp9KdVDz6EE+ojfo587t6uIM7e3ZLFerCvrdMivf2RnOtbbWhWVuf5ABXqtRIdcQbZqJpfA0/fLzQNVYn4Yc1qRqCMx1dQvMtUZjjd2LM3K8uQurzblIWJvOolCtPSu2ImdBE+8paNvd7TS+edAO9bAdz+S1Y3Fp95qN/lqk/JrPFGqD/osY4Tfosdqs6NH5Qo2tk+ORHGUuFHg+18rlWtFj3FaWQ35rLmfIREmncqyZ3KUS+NVAAUP6JTIwmeEzNMawp5MxPkZTKUClrqfupqASpojrXBfPo38tFctA2hDm0InCHkRnIWHYYKDx0C3diW7eNcCkgTfQnMFj2Gm4YmAodHfdAFUGh4OqGq26VHWl6nqVzAWrqlg1iTmxE6OgWJ4dY6EVsnQDPhQpaBI00Epuzwb6Nfpd+iO6SryDYzTwkDHpSREjdiMW/ZntaNMkn+LY4SbRX5DK1MS5KKPrT4MWVAbaK5mfGfxylcGrGZSXsypBFpxGtKTKG8Yyna6ZdpPTIoCWOIUdTD/Eb4Lug7+jABSUlHtQguEHJE8dEnui6c2XwGkMbTVGd5ReBy++MnW49NyBceEeqBq7fXvrLlYhXBZehivpD0rhh6/CXqAH1IhQFD4NQ3svaPp1343/grfHt73wwrbxon7baDhFv3UAfCGoDpRWR5KDHSt3PbsfrN03tU9Q7SveWDW5dnJzx9V1ezdt30lwBP8T+dI/p4LIk+6mllCD1DD9bd7LN/M9c5qDzkceW9LdEHmEfkw7f05ra0/HkvZudAaGB2gMzQ/ncfPwnpg/f+GcarCS6kI7oYtiwXLKTPWAJ88+yj366GL0xrO9TheuLq84Y+WsHThR0wGGzrQ/sTSAPyVoTZPef0OwvdfcBdmwWr08Em4JhRKxNM5a6vlwe8f8eR3oklsSTocaW0KETLulZYlx0RLct+wq9GI6Is9iqF28eBGEeB6XNsGgzBqE/qV+QjLRiDZP2+nCE4Ni0/8QOZjrRj9+obBwTi4ViUawon+ykIj+bOkvl9KBpZmldCMXfeJnT/zyCehAN3//xD8/gVt26E5qBbWBOkgdp96lPqLkWnIHlVo8DJDjcqM5aFja+ASVi0Zz1BONS9mqRxfV11OL+EU7F0EjXOTCCsNJufB8itNprDKKfUTaw+pn1WfVX6iZgBrzXohPWTXew067O69WH6/6qOpO1YMqhn6JABLAKl7lzVfhmssKDNVdwY4vN1YTv2g6JUPmClYsW7YxW+kiwxMFZDdZpj2pxDTD/azos0wnMDv9WbY9WTLsnU6UWQWyUhSaLpNlllFBpsNPCdZASp/MJuT1Ner809OMfpM/+JC1MhNrNWswoRKjkkciOQH9KbNg3ytrtq/UqJievIbzXTr/3i/tf75VeCeSAtnNI8Yj+0pN3/qzmzcPvfPO6C6aEd4WrtCrwJrmuVv6FywC8UcXjM2bC34ydTNJc4HY/vYo+OL+4AmYKr4jXuHTpYH4B+tX9a712bfxz78FmH/+1srBeQu6li/607jTFqBL0k6MuAID/JKVTObxx7tXrUxt2973+GPPgM/z3blvfeOZ+18dBtQYVU2Yd/azFygjEpAklZE4vxZQPfQfng2HI404a3neGI9H2lsdeIbGKc3QFJDPz7JNcjkATfk5GnQsDwaohVQa7cUmSg1WIUuJgebngsEz8zraLGQvkumdFWeUC7gFuKtuziJu0UUwyCu6lXO6u+coYUSLtyeXwXOzd3mz0QkXNlXNs3KcdV5V00LoNFb3hiIkh+PmkzU1frfX63ZHamLJGtx4YCgkk/as04mRg2gltFrt7Shqbj5bqPP6vGJwEfLNm9u9aGF+zoK5nEqXX4Rv8rw/lKfynjxNLfAsoJWyuYvyCxbkF81lGrOckTPqTY168jHpRhMKDJqRWYyTrE4rjw3Q0oK2cUPjncYHjcxi0wrTcdNLptdMsjsm0IdnFIBycetrrbS7dUPrjtZ3Wz9qlR1vBb5GU6y1NWZq9MkobLoT7TvaD7ajgKadt/ny7aksHrVo5h0FyDCKQEBJofPmUVxX3FXIxhSnFJcUmHzzEq9XavIKhVqeFNv5Nkh9vbjjEu/MNGHJmk4GTQ95biJUXJJRm9HPUCl3k5fSM2nvZnWJtkzXvcW0aGpmWlQiTeQ+00nN9NnyN2bvQnf4UuFOJEdIGVbMkOLd+XUWRb/lv3EhxU0pgoGVzR5BdpOJ8c0r4PEFSzet6VkG+lYuG1vaDx7bX8zv72OSY8W7YyXNd35w9+7hd97Z+B0U3kwJL7KnhDVgopgH48JauKp4F3LS1bg+uS7fUxpaPdQ1ysv+4ulv9T2zpusHP+5fv6pkbGtbUzw9MgImULCTE/de8ctA3UhXzxZZTEBRdvHkJeHyq/Deizl+5f7urs2r82spUn37CNnBH1Euqo5KYv4puj5qr7daKXswEFCEWY5j9OZEIoJZu40KBs+lR3AXzjmK0itwEPTkuYixri6lx+ZND4bP8kY9V2Hxxk1QtV6vzxeIBkRShwA6pixwHGc2q6zW+gTeYs4Eyyrq64NRe9AeVEWNejworNer6hS8SiFiTGpVuNWUxtVc3lpwuynKlUQRz04Xg2Mdus816qJd0iiyC0VDCWIXNhEWBslhIk3laZEHuaWST0lnpfR8tjxcKsLCE5fpdlbMzKRIqDGN3z0TJ14nMWBjcD8C+gTNMibIyplgoFbMyoSgiCUgS+uIExTEfHAosrDoaV8kQ5uzn58HDEjR3T5r6UPhivDOlRfvdXUBzemxJR0LIt1fbYFLnhsEzpvrrgq3nhPWCMNWa//hy+yO108fKhWFXe/Em+y9g8a2zLWbpzqy5z95H/D7tmf7wXl6oKq0cvWll/e9fLk4wMzLzxP23AY9BDHkP9Cav0SZJF3bTvecRiHfRfDoGRpFiRfBEt5udbe1eXPRYNBf7/d6Vbn6+pZES02NXK7Cjo06m1LTeMWtaPmstFWtttJQ11lbV5dImI0UZTYrmhtIJGHmdVF3UBt0BxcHNwQZJRNsa8vV1mFhqKXqcPqwttZvJlDuCcoMMlSBoghsFIV0j7nQmQBQm3CjHQyVTMKYMPqrvMix6TxdUDT9EjSjd+sfnOS1mkcoPW7YQM6/XtGcwXoLT2hpHWo1Lr2i8Fmn0zZo8XF9QaRUW1y/oV6mZOpzDlGdOmpwePFkIar4seJneKwS/EzxSwWdUHQqaBo3otLKFc0bmneQxM+DZrYZ820db3i34U7DgwamAXfAN+BDmDCaVqN/3+FoaFYwMq0XZKEXl5C8vEqf98qq8F8RLdA0JeO+BhOuOEUe3JUxGzBuDUiIaR+sKdPTY8+VlGQ0SsbFVpD+aawdZ0bfZSUpHp1FCr5imYhrP5P+WwQ/k3pbW3AwnZaaV8Vfly1z0KYqkGczNwN+RQQaNZDAeZo/SUwFQenow6i7hLtYdFqg1ywL2IHrlVPJtGzHVLgpJ9u5//6afU9t8OXA6PXTsTiTe114D7SAnzaFBZvwrHBUkIeawF1g/teJVz+Kgd3MxP014nWguOklFC+Ymd+/DoaX9O7snlfyZPL0qxufzBXjZ4E+m1n387397qHued/b9mTXgv6+dX/2s005+rlJYDxWWn5oZB1FUyrhMxRj/zVlpfxgGV/tRs48hucwYr4DuRw6MPUfb/ZzWq3fUq1UUn4/HZSZoMVCUbQIxwjVPn1KTxv14LD+Df1VPezXg4B+np5epd+tp/UENdPuyqOjkNMDLfpm9JQIp0cBHuk9r8PhdLpMxHd2I73bhpSnxW1xV5u0HG7KbzqHdKlSNk3sxasLfn81pgKslptkpLk0XbDZ4Ag9SqMvDskbljamLHoYGemUiFCPRY9+SQZGyzKHK52Y47oysDaDAKdcmpmlNMWCJmGE27hx0yZxQkfsfBbjTqlZWuw9/azcHY1EhhJTiJjZIGAglhfzCsIQmNaZKhAZfzaZoWNri7ciHWD3lf0vrn7+mW0BoWv/tTDzysk+4Lq+6apw7yT9Y/AmPS9+Yvxw0SUku3o+BkNbtm7dthzQoFc4JrzQz/SX+oauXTz8xrX7TbhDuEP4N/kess4N4NlzSo7TV2uwctNgwG21Wh/Sy6urZT6n7SJYe9YODSYKPeCtIFBXF/VFXXYOcEhqXcAOZbJ0rBb/aC1yKI0hPp5MhkwWi8fj84XqAgFfzIcXykP5yFic1pPw0GroSeKDcWR+W3DPexxoYTzudMWcMewu1hdCfO1k7alaWFvr9NiAzUY5OWefE444LzmvOGHSOeo85YRaJ1BDp+WXBNnegj7JUNCa3KaECaqhSa3hMDR+NX5VTlWTOcXjciDHKRq5zDBCTZLijZWQ0F7QmfIUZYAGgh8wCu9CGlJlgnOSV8BWdFlZbWDvS0xISOVsLDQE+nlGZqMy8ir9EPHZxPKGCNqQxU8qakZSKLhyTcbvEqS9RIKRx6gARJNQkgZBwhJoFhmNRBWDEZbKLwS9JJhinntzGGcVtt1/J9AEboFduXXPrF4C+j4v9QuTwtZAGx07dHn1Wvhiqa8YQSHSUZDPbxndsgqsB8biiSvCjVgXuAy/O9R3qLTgZL53wcme9YNr17xwD4lbrvc6c2L9yN7S+8LdvrZ1+/o2D25a99yV0yfaur5AJ5VykhnsH1Nm6hyPh61VKFBXqQwyE0WpaQXmXcPopFaLAZoocfko0H62YDLpKhPFHbyvsFi3QkfjLqKPdHd0jE4NtXKgpuTX5bQGImWEux7b0bIqKIZjkoR27RLD7iSka5ARq1rTtJ94fTbO1v960DKdJGpJSdAN6GRbMNWIV48WBEr8URRmIHHCljnF5+Ey2Ysy+IfFPQegeXWq9AdvHS2lw98GG+iPjgI10An/Jdw5WvzXByt5wNLHSz8VDjWRM/Ib5H94kYf4+t9iDFDerqMtFhM0GQycsgoquSrkl3I2ilLhFOVT59DpcToqVRusAm02k4Wz6ESiufMFDcMYqg3iyTOATt5YwOEPPb0BVARiDP+kSCi0oZqprsj0NEaRlEtLT5+XGScFnxKxFlcxfOls+fQ0iUNE7OxTRH/2neJp+GR1iWYvFW/TLNxZ/PFr9Ov92dLmd46VMpGNoJNumTgAhicm/lH4vyZKe95fOQ/I6eWlt4VzTQStXPh3+TvsD5E5qEE2aCWvd9jtRpffb7TW1ACjxWKsYrAN0kDIAo1aXa03Gjkl5rziFdVcdXUV8HowZ+1T53kAggFcvm06XcBYL3j2XvRUICZI9WswMBSetkeKQl9dTXoiW88WWMpag48HChjtgRbRcKEKaUqr2kVBzIiO9APg4U4JfDVUJ4KvugLknucs9jyEWhcSVRdIQVelc7PjbEGv1xCCFQ0K1Nt5XeE1zbsaWoPRYjQ4ANAQ8NavIXcSID6kZUQvXpoOqxAJzHRysMcjrR92ZUSWtdQ0A8Vn5VGIChUPbqAsCzqBlqLKE70GYoQw12OgNgVveF5wQVXxA40HHALHVgurhG13SyPoXx7YXOx6Ezg/WfmxcAv4QPztVcIX1+lvgMP0idJ5wTjW1XX5kyOAflu4cblj5BOwiv7w+Wf3vXCaDl8c23t5jKB0PzDIb7J/g/ZGE9UOjvIhG4QWWXVbW7M86WkyZbOGnBoZKGUSUJRGJpdnNGFNyBnByJQZTxOZkmhGcdhKXm3INLuVYbfB7+/U5HDcxlNKtNdUSlhdDTRtyI5kyZ7CbR/NGEVR5vdg0UDLHo+lYgRaMZlM1TU5mnCtSF8IOdxB5I0HE8HOIPLGa4IXQexsIavRakT8e5MWd7PzWphy1Gi1NY4UI/ee0l/SX9FDPSHYc+bxPW/C3M/6FV6g9bq9Ce9iL6OEXsJZgikGsrytcEcG6AcysFi2QrZB9pHsjkwm490hgvK6bOOKCruxyNNXzhhIuT1Sg1/xENVsuR2rwrIzg4tNBH0l4oQxG8V60rRczHBxH+IsCcpFSN+mZnQ1+BvTUjoORYAGXOz0EgBAkis3ihjOFgwdAv20HLk3cM2W318//ptI6vafHv3zfNvVzzw1JwIesLX+h7s76NCbzxYvMqEP3gNFgRGEJacV3NmBraVfT9xfmFm79vtPb1/75L9d6pj38w9+8IwA+sffvG7+8Oyu0kfC9bX0YpA9uffQsYunPz9U2vkF0zPA0VvoteDXwq6Tjy0BFhEH+DfyVexfIVcAY0DXgzzvNqM/Wal0q3WxWK1aqzXUhMOOiMlqtRuqq6qC7KtIrOTIqVmJnFA7WHUOaY4IQY08JzdAmIj8EjyFxMvw4O5pQ1AmAsvGvN6qcFip05mrLWYxbK+xaINAzQUB5uZCZitoCVok3DnCCXcWz1NUvUpc2SpCDCkXh5rlWGwsnCEvr5ZXB7Rqt5o2QjVWEmqRJ0xf6LOP2Gm7PUHmpnaSkuRGDC21rMwvL3a0RmcZvTJHvNgaS+qNEueNKBtSW75OFI1EGQJaNx3/zHwyXWKsxZIhjfHpkWR4pyVDrCMSCWD6oPGoEDg6sO1Hh14X/iOcBdwvTv/1Ev4rYAq7T/pC4OXWF38CtwkB8GExJfwdv+iPvn9MduG3E0df+HD3ge8Kv+B7n/34R98DJlA/cfmq9e2XDyMB+OcdzB/eH4SfCzc+H/k2MOApGFb4L3mR/QlVT+WpxdRj1OO0ja9f2NAwP93c2/tIY9Rv5dqiFJ2Ix3uUarW8Jd3Y2DK3u3tOT2tHB9+C/MLYy2AY51vPM1quTq/FrNnn5X1LaqCdFLLNVm4+bsV+hOIxaOScOT1+76NLXTBIekkfMcsZpiUUKrT1iDqo5cHdCy2y6hjkdJzY71NnDplDurCxz0h6P5c8hg9rCr0LF8a7uxuam9sS7W24VhAqzG2ndIDqA0rtEveSFUs2LGHccAmPBETXt6S9fUmfjmm0NZJcAqEcRQKkxjQnyL40nS0olTRFXsOuLp5NjZOcQxxF4/GCMuFI0Eo6QSesabk8jfFj07iTNO128w4HxXM8kleetz0eIMVLXJf31iy2AcrG2egrtrs2+iECCak5aEanRkJiNxbN1qz4eyaLaJRYua8J5PT0c4qULSTlJdXCMe+XmKLCopq2iIQGUm1itsROGzypI26mSiPYL34dukh2r9GLOzxxslMqkKfJMz9BipmpAPWzFaCk5ILlZqNiNiIcOsGOyf5W2BfvAH0XhN+je24fvnz5ML3u8DvvHL5NLxciPy96t/T17/sgkvzHnbu+v6jtzN+77ce8btBRt+/J/KW5rUuf+APwJb2udBhfLQNd/wDmlg7R64Xzn2T5c0C++wpPv7z7449v3NhdWsBf2f1lzfb+vhvnO7p+eu07W5A3+sTYGx+a3z+7vXRd+OelcK8wdnlhLzB+79WdryB1EX4gl19n08jDfJHXGhiDhbEpMduNoxqoMUEMb7EZiGPjyxNERYXelDcYbDotxj3sPFtQ2TBeGob+QbrLo+TyNHI447i7g6ZomYlXm/ImORkjwRCn/830iBRjiaqKik4nvfUS2GF5FjYttf6QkY9GnD8xAWJouBmGJgxP0B1Tn7PW0kq4rnhYuDV8vYo7dOJAcTl0fwhOjB8VzAfGS/uEL5i+1Xp6jO7BsbB4Hn6JzkMYPHrB4/F6HY6AC4e0LrDsXA36l6vVOLehsAALOj21SqWfoJIGaiyBgKUGhiMMg2kfeVuYt9nCNVdcgHL1uUZcUAldLnv5NNnJaULnkHC4OKqiVTTErBQyfNpieL4qHAjL5Pgd4lnDsO8Yb5xWytD5lNEUBqsJ4ePBgvddO+i0L7ZvsL9rZzbYdyBDwJvseY8daO1ABe3iInWgTzUYHphAAp0rzIdmwhXETTPoXZaRlPFsLG28AOVUB3EslkV1MyNbnOQQ6XbKpQvykDRJibWEcplBhBQT+evFxZoJCF1pMxXhS8PwebCvmGVeEUJwbXFcWP1GFXds6+7iQA+c6F6zZ3v/CrjoxJR9kq7efu/QCeFK02FhTGB6VpsPAJ5hv/nHQ/u28MJa3JmKLEAcrelV9hdoTb1ULebMA3/NqwwM4zFYbEpbgAvgkloQs0wjEz90zgflMS6GS2RRJPy/QlrbQtWh1+rA8Jlwikvh1uYGKoG1Jxjiq+MNUXmQ8SgJQ54yHrb4MENeo42g1Tp4bzQWC4frfLUNqXgiiLznRCCQSNUydkIy71dxmGRei/xA2uDlgzhLqtTkCTBFDfR6kbvhJi6pKDit4v6yKk15UVC4wo4aIHWoysqS4i5MUqBTBsqCgnEPO+0obLFzduQ42HGSwxrOS3KBYekMhoOm4ybahMnKiFhUkl5EG0sTfRXMaCIr0/uzMrcVFfG9JId0unalE/lkZ8DRVWjySK2YlIzT0tOEVC3+b6TFYibSIqHcEo07kw4vDk+C7cUlzLiQg8PFZ2/vPs3qJw+tKQ7Ok3uOTTmPMZ/v2TK263Cpf9fWNWODpTVbtm7ZOwrOjH5w6KQwFTskvPcpM2812majgIOvC+tw2x1dNfbc2sMnwDM9k8/1H908sOfoyPNIU/Q/aJZfZH+FfMgk4M+zGl9VdXUU2/gYFQBrztZxdXW1WIhCKsBh+EqPxkYkxBOKwaTFkmJ9CfzcyCdj6MLGvVqtT6MCgFJj4HdM7tHpA1pfp++O74GP0ULfxQd3z/l8cZc/LsUjXC2AtbV+zNWM1IIahSGt5wpKmmGJFIQKVaxRDWg1UKo5Natm9XV/6/+tn+7zA8rv8Sf9UAX9epf4WbaABfCWPgttseh5fTivF5nAl1VagSUms+zycg9BGTACvbyxLAPZyrzGdIWojOqVbpkenCKDuRL2YFoc3AvqKjOduqBl9sy13+vT6WTlIr/oYvbTV4V/F/6tCrcgvWoXDgp/Ct+pKkbGwI0jAatqSbfe3nQLhZylJiscTHUcGpgH6RNTsUnwTzwYMukW9IT6x4M1wsmBsceFf3nuwKYjYevYlpvADho6mc0jy/N/8l1h761bKB71CV/KbyB74KAiVAP4P85qkklV9FdgHQojPDiVCZbxVjddX5+gDFarzm6nzCYKXeQcF0zg3JZG5/P5/TU1qhBbXc0oCYqYSsfpVDpVXRBLSwi7lnw14w6F3AxM12G6hQgvl0dUSgnSCN/zZrUxb1QCSgmUUBkJhSJKGK5yhkU8ETf6O9A39HicKJwx1JuSSc4KMAqZjLaadWQAuI1vLmioKq6KVldVUf5JJ3A7E87FzhXOl5yyO84HTvqKE7zrBE7eZM0n8auAcgINdJpEMG0T7pw0YyoOsbiJNAyyYg/soNW+yP6EHSbsgH4NGSBke1TipNCyFQTdqpIyt0pwJGJmncBYlUFtCMgVFhZRoJZtnG2FkGYpmxmpFsOJeCPkftq540S+4fIM0IzajPTGZIMlEAwESWw6jfdAMLSR+MFpG0Sq3Jj70MuuAV+BDuG+8C8rhkv/Ra966sljg0uZvxIeW/UlaAUtK4V3hQPCs6V/CBjhn/Q8uWfrkmGYOjHVNQnev3v7zkjpG/mnf+/M1l0Hjhz+xWtdP/6Lw8I//q8DhyYnX/rk6R62Y/3mod1bO4Tdt26V3nl67Xkg/yMkcWEkcdeQtXIiiYuDCK+ojzstNluErg++Cp7E8oK5WpE78vRZP+f3e3HKw4OWZ+VpB63CIqdyeAwhJqJQJOPOOuyrGPiIhxLx0WsUCtYEnZSTjOzjcZ0cX1dIRDojGyIwEokmQp2hDSEYCkVfir6GgWm4KKaeQcqerakJ43e7Cv53a8COmtdq7tQ8qGFqeOQRUjWemmQN0ic1FS6ktnMFi0XH6ghoF4sJo9ivkWBGpXWuxKE6KXUerfTDSjinYv/RjMnLcrvRZ2KWVhr+xVYC+f0z1Ya3nMCapT1wq9CgfLC0ddfVvR42v0Zjdr4vvDwl/EhWGg230X2K0vscHKxtP7q4AXqenbI+e0u2c2on/fsHhMHdF593ep5d8wKgwKult1/p6h8Db8M3H/12fmK9MHbjRmQ/zjBsFv5v+QH2HArrMe9HAHScNRpNgWo84q1QeABmoaRNWq3UNLD8nM6t9kMZXkmWsmDgXFZHQ6fVGnIQACun2kWGixQKlRrD0rXgxmQn3uBW9C6n1SeX+/DRTGGD/zU/7fGP+sf8k35mg/w1Oa32y+V+NXRrWFZLH6SP0y/RjJZ+gDxJSNOMmxHb0Nx41466d7rH3NCN1kSPHEe9RmMXoRxMbk1C85rmjuaBRtapeQk9gBqMedenGdHQmhmEBGixrKQZf9ZUUwURYNZqz8I/roCY49gtS1hMMTZLWmxGKQ91k3vw0DYlRFImL3v5yP1PjzLCkWJWGIR/2s7vm9e/HHYfnXIdlb1y/1PG2FPMwrfAD0tDWzbL1pYudl1iVN98ondwd5Nw+MaN4q+FX8NPp5Bdx90BN9iXqBoqBkK8WWa3Q6eKC1RzKiOyT06Kihk1ekwUIQ+63b5foRX0oejfS9Fg1VkIo0bs/V+Qe5HTF6+OEh4JPhZGl4jCFSHZeq/P59LosEZWF+wymROidVBXKwhqoLdAKYAyqQEahUahDx53feSikziE4Fx3XVADXZTYRUght02NZMDtRHG502nWm7EjV10wyvW8RTLf0wWPWayzLWQCTRqCKGeNZ4OqVHy1lpbPpLhaXBIRTIdo1VQldiY1AAtuFZ+BJCa2gHggLQ8ZZq+XHfRkTlobfgwWFNfL1xXfxsyk4AC46rMKZuGQ0H5109/Fc3Bpa9dE7/AQjByb6j/2HeCiI/a/nRTON8DR8XHhlcPCMoWud5BVgfXCby70stsH+vuHRpPC7o9vot0XEP5N/hb7M6SHMNpYCnx8LlLnttmceLc5wQqecxi1WjqZqMe1/JQsiDzpVefkLnTB5agLMr1OF1Jh7M6VvMFHO2R1DpnPJ3PUMaFMbSwWJGuKJIOiQhCGEnhBkigUwOTnLyVBMgm0SbSEjqRzzElTzhHnKClUytA6kbaPCAokCHFIBGiZSC0f42pjIj51bS1Tn+LqU7jiYClwciCX1wdCIcrH+dBm9fkCjDUgxtjo7zer1WL5h68vKBiGcr+LLb7b2mldbN1g3WF9ySrvlB58ZJV5iDuggladWIDQYQWt1yO7Llp3CoWHNYUHZtBq/lPzj80wYQa02wzMGNPSjMukZjL6+7stumjNHypCSHkf7k2Sg6z8CEa9nymRuO102bLp6V5xuLfSdIElDD8Xq+YViLHKlC9+NdsigopZSL6mCaY5ebl+EQhSsoflz0JmdMVJ3QB942pxLbw+jz2Zpb8qvseZwQvgyKCwRFgu3C3tjBvh4dSSQ13L18PBySnz5FcfXx546xqgbr069PL1HftA7PAVDJ1+9bAncPbSxK9fEb4aG2R7hp7pHxxrE4689975NZv2bV0LTo9u2vvMNjxjYxQ+I5PtJozGIyHhXeY5lmFc9fG4yaczGPzR2mpczVCEaRNutKAyLS2Wi+CbZ52c02knICGRkBp7iRrK19zU5CLpB41NAf1ud6s/mUphFlNexfv96EBLpoXL4DlC3lzIZOrDNB2hKOQsmKDJFI9z9XEsefaCth6M1ANPPai3jdgBZR+xX7IjbWOvjDnm8JhjkMFPWeSA4L42tkrLwmAEw3LimYUI+sxIRGVOkRxjEm27HFUgA8DNVBMB5EPbwgSTzclmr8pMGHIsBafWDNSUedQ8aYZ2aNZoFCpeFRLxJDpVi1XHVXdUjIrXmfIqLIQqIoRiK1tKQkyfXfKiKm1sYvLCMoPTaFrkCE5/mYKj4j1WaqAJkR+1MmnTIgGmS6Dp0pwNurZMJxRFXjFWIsibbvshJHkzXQ+SAGcxZZ6FIewLSExDQWaU04OdtLnLs3vLZDE+uWtvIEOvA/niC3Awlj3S3UUXcfgi21yMw/cE1VfCdaZfeE4wjwhjU4EsGIQBEAMdw/eEcXhHbxbG9q5akMyVlg8N0WMLst3zAAu2gBf7hhds2imcuvRW8W3hBbj78xfP08t33XimKz/+8r5TByYIt3ZcuIMkFFu/BqqFWgiO89XhhrAaOaALu3C4MpfKIBFsDPkjGEwaeYj4rqaGwb6LkWpFgS/P8XwHToy3+9xxXDhJoM39DfRhmPRF05JoN0Yb58oXKpWPNCwgsrtw7sL5fMAT8Mx35chIWKbQTnVwHbSmoyNnorUtYEML0q6BcL6Fd7jQjZrLt7TYGhtZqoav6asZqWH0sIZAhSi5fE1NM50iEJDKQjQRTaTq6xpcDfh5uBDyucZSgE65XCkasnxnbkfupdxrOUabQ1KY43M7c5CDudk+rJ7Vi3gOaqWS3elFfiwK4UVndiboSIXrT/J1ZiPelF0dHDG3SFjmuI9kRtc9fpud+4cUSJTTJLcTn80OlT+T5C7xmdQ5kiAil344WG5spMUGesPvmuuySLkTOEssmRRj3XsAzBt3mTX5JVZr8tfCQHGkeC0UBzcvn2eKp2nPUXDvKB0ufXBUqDpaun5F5O56Fv5eNDmxKAurJ6cik3Tnd78pvL93uPtZj/3wwCnht8K3D/QuWHLkAODpyDH0tX8cfb1X2kzTpduy1b35eZvWCK+fJijP9gcO+S32R+jMY5u97JyWVihMcWyz42D4TH0D10AKKslYrL4Kxb9qjiAlqVQMScdWJdGFcrmcJO2midgipvpIfcSSQSpV4nAe4o28zKI1mdQW9NEqSqVW+2JhHxkqCYeRoQ1g5lVNoT6ebIijS8gds8ZEe+u0htDFwFb0YStvLeiwSOp4uy8vQt1bKKqKjEjhDLdUj9vJjrGXWDjKApYIqM2Vx6znNCv5zImKI0b49SpVuZlwrxVAuwplyIzQFoXF9s+yFXhNsRERJ2BFrF+C+5qotHhnCRwGCpVIf1kjKVVgO4jlhTLQMFieZZLy6CQ1K479X/v5iT/0lPZDa/Oxv5oY++Odp4XPwjngOvnyJdhPHznxxRfCjaF3FOY314yXVgd2ndg2voX5ydRtEARLJw4JvcJP7twY+Z9vCi/f71gCAJgLaoD7BHhBWDJx/5Zwje5ey03A4lTv7esDN7AWcj0wIS00HzkmeLavEazhtcFgBm2phmSyLloTjeuwIdQ7rG602ufq9HWaGhl+JJc3R+tNWCXxmjReqwyVRs6UqoC0lglmMv5YrZdA2dXW+oN4Ho8/W0hyGGQlfbbgilqiIm6lA6k7lYVSiVpELpNRer2RqjeKaO5sg7kh1ACVDTg/Ywrn8T2f0ujzBymgrV9cv6L+pXpGi+421B9HD1+rf1Av10DkJNfXU5YGRhvE9iyojUn0MtrFWpoijQN92p3aMe0l7RXtdW31qPaU9q4Wah8mURb9eJxqnaYCSVceih0A2dniMgNSK4VVzm2xoktM2IxKv9j2P0OReHRSxGUskyOUC/kicRSmiBIb/JOM9YTVauwadtkzn98/IXwlO3rk/oSwXbb5BDgl9AnFldcUxovPjE3tB7uYNfcPrLy2fvNFmFi9ZJ/Ls3fgLKDpydLkvM17hJOHDh0QXr5Nd6/UbANWZhOejLvvWfPiqi2nsFz4kFzcYH+KLE2YsNP8gLdpQsZmTzpmy6ZbGjUhvccXM9nCWRPbjiWkzdicw4gkLQ3xRgxjGmnzsQyoIiqiRR+x6HG0ZDK5cCvrN3g3b6FpLuFJnEpcSjBUgkuMJMYSVxLXE3cTciVMkLqX25dPJOozsfoYYRryhQKBEOEoC3CBgMkUJuJlMYmwpzleX3C1tbdnUdyhRHGavSVblyWDw7nGOrmRMmJlES0w1E7TmInutG+w0yvqNtTRJnsdRdXZTQzXgFwzFVUPNLBeRQZ3kLLieK0pz1EzUMNngItsnDHjNZ2ux0KSmkbRtCZEEan0iIh+0SxgEawqPpPqqiJDPOkYEvP5MxFFytPFX9cc0vi7JDtNzdgnhw9BqoppeyZOx4598olwM/+Gwnx29Vjp6v0vrr2PB9yPgq3Cnts3GFqgBJYDzwrjYO1RMvd+tBhgnHt3rTs6wvwHuCjkD9//VLjKdK/VPwe/uH9EbwT5A199dUB402LLDTa1MZtA4ACIC+8dED480MR/WlwwhT1y7kE1sjpnUEjdIKGKzAXneKPRaHVEG2A00dChcVCUzN/Fdf0KLKfmUJ1Iq3SCJ/jqDpqjm1sbGQ0u/luparDyNLIqLyMfSf7g7nn5nCa/1xUUQTWtHVCWSMyHmVwTAfCTkajLgSEYLhQcjnRdbX3tRdz0qOfMnDjwYTSb620iluPZQhODsUCypwuZdrE3YE5XR2cXutQHGmoa8A8sLnhrcOejh4EYF2RF7mDu3ZxsA4EHeSl3JyejckApTg7vyBzMHM/cycjtMIPDOyaXqanJ5Bimno1G63lNOF/PpvGvcRbcbgVfDfqqR6rp6moVxXIsfYm9wt5lCaIxrvazlDTlRG6ImppGsJdK+RuXfc2azUJbe6hBSerAL9eKRAmUGGUt6XLRqMJxV4G0IeEf+sSvs81SZHz96+JZK80q4YusWY/EkANLvyy9s+XTJs+JWD345psD21T6zf3DyI/5TgZO0HsmkJm7PvS2wvzWmmOlrR9gaq3pK31t23MjB1Ynfg4cu+Dk3tHIt56cSt1k+vOKleCIMHmrV9YDXhT6x+/fxWI6oj8J7908X5o4v/38813C1KXeD8X+N538Y/YgkkwVZaNeP2sy2WDVq0jC5JQWrCYNoE+eBXKbTHkRrD4LFAoHxN4NRD5QhpfJoEIprwJUJwQH4bvwIwghmcnARIZKwmPtgFBZhRwVJWTUIi3VHBQaYloqXThvodRJNa/uUzN31UAtAVOryRInJKYq/TSoBknglkt8AE8LEeSMSreQhDRkwU3tetCsN/w/fL0LfFNXei+6Hltbb2nrLct6WZIl2bIlWbJl+b0xxtEAsT2EuBbh4WEYyhAOOJRSDqXBl7qUYSjxpB5KGYZQShmacgIDxDAkk9CUk8ulNKHc/NKUYRJmbi7N5CSEpmmagLQ5a60t2SKZ34mxrZcVe69vfet7/L//X4lgumIB4PtHLz4AfaO3ueF90qfTnxUnTku3xy4YrBdX7+X+tb14U/LWJ+EEsueklISGUQYf+3KnVOBHVpnHafuF5NIf8j9iV0ogUeP702TPKEyCaY4OrgBmWY8MPsEu3CryCnLhpqFSUGgFLZ37N5NrV1W6dqM0MjQD8rNJE9Zik0mBsV0/q98uJvIa7aAABcEKIVCqhlRQC1QqoMX6hPU5K7LSdrqVJDhD+lP6u3osX7raHPvu9rFLyK7hUzPZgTw9tYyNDchZZ6pc6ZavYxttm5euJLX4UobpQJhdTQCVgHJWQgcDfiPN0RtS94iE7zwNRQgmpQ+Kq0+cQFPPFl++f68hywmK74mSV9oUTcExeGpUOi5d3QRXoR33nXDRaNH+xtDQFUCuVJhNRr0IguR0ncu49xaDJWiJaFOpFvUGk3MfW7RIMzQ4aOF6gzCseYlcZxfgKDUtxtDr97upcO6KMzAv5M/DJ06PPBIma7EcRMAwpdGDefA4qCf3Ka/Y8hd7hJ4esesluAx0ghxcevob/a10tCo78o0FFkYaku1sfjwCXcpHTaalybkL6FItgEtFjfgoGBaGkVaxiC7QY2ARbKFo3sd8j5HHHntssGFQGBokEZ3oz3cKXRB0+buSXWIXp+3qGhrJPz5Mf9o/jO14mB7oenKg54cjkeE89mf89B29wE/eUZs3eilJqtepY1LxgbzFZNJ9Q5/z5NCp3MXctRwG2WtZpMW5bC6bqsv0Zxi9WGgeY+R1q4MgWMIQt82lNfZYXmwbDEFdf4gkeyDUr1OkhgD24yQWMafFGAyJQ+NDk0OcgIdYx686kht6dAF10QvoJl6wICXjUkmskUyJumguBUoav7LmW7rENrZ8WdkBJ56ahdBUQqhY1S5tmslfy5MJs3wL8qamdAzpyoIKE/KSJwPL7ZiPy9RjbB48W7bXdKmzLyeqsjd4mGNBZmNOZyxppCx3bh4eBKeOA1iCtWxQvNKhB21BPEtLRisqCll5Tg5H5a9Y+mfMPcsp0Dekg/N7hwUrv1dlFryv7TyR10u55m54SP2PhdPYuefC1SXDKueS5SMX9myBd5rn75yfHUeqAsCcBBAoXt6x8unUwA5Fw/JDU2uWFgIbNy7cNp978jn4l9LOV54t9C7fvOVClju96e3r+EbhAyma7YTn0aWdxWPJ4qmr3MBCwxKUSuKptRvF9WPdu6Qr0rv3mguXQoFLCm7N2NZNI4WR3NS2xbvYLOpvlDf4HuLPWkEHQqKg17cgn8mBOI4Puqo6aP/oRY2nxmyopcFsi6aFD/qosO65eLyr3WHCVEn3jMhH0jJ+IGOMQxw3hqBWEWrVt1IjbMhvaphomGo428D5G6DQIDYMNYw2XGy41sDjBiO5lAa90Q+1vN/I4IltYibvMZu0XljlhREvXOyF3sB7AfiPAfjdAOQCUAhAHKhSV0EtqjJXIR1X5XBbbA7bS7AN5IGGKfkKORIXOdpZNtWUXxHZENkewRHRFc0l9HCFfoP+Tf17eo54zxUmOG6CwAS1kw445rjouObADroVPIHaHA1rNrBiDY7oTY528vfqIwpOqWyT8yij0qdEOkHpVw4pR5UcUIrKceWk8qLympIXsJKTGdo4Nhl0khGUYCQSH41oYRGVsfZl3rNKVTq5UylzkDwVm9XelfGNpXmSFUxKw5Smo4rl2o9MhraMPCdD2+juXLEsLTe8HBTHdifVJqdi6ZQMWSx3M0tnp0CPzlIWZqltUURqW0qSrZzCVuuQPx+u/vhNLQo2hL1LupfsfYcfOHjvjoD6i5IdOf/rvwQ3egUtjEuvSq+is+ZiO242Fy4cgpt32AVN82rBGn1bapc+Kl7jPrp3R2FGvykukY719sMAWoSXFG8mC6capsO7Ii9ahc6F4fkTtZ5z6Z2Z6e6dc1pPre1fZPUv7X8F1s+NKcSbsrLvfyjP84Ml7vk502ar1Q4pT+LoaUNAS7/pIlW0UuhyBZXU5asNOrtKVRcWPKztadfXsLanQs8JHoGlTdDjcrk9Pgand+Xo93N6W87nc4dpR1v05AX9YT2S64KHPac8CiPWe8Jhjx4HHDOzF20UlmgmCZnZrNHpVCpNQCPzRlK2+kQAh3GAGkXAUVtK0R2DDkQx20kHxciMOyYdhx2qMccpYqJ3HZyjRKPqqFCArVRiSX/Fv5YlfcpUZTNUkKXIt9R4S7fN6MCmSod/iXmm1AxtqUEV5mGjOEhZFJa7jm4XXSi8vzCyH7mKS7gHID7/Fh/df1+HjqFwYQQfj97XcZ9x2st7PiiG1qxBNz8oHpGOtS+E3ciJNxXHV929XOyUDipuSQVajZE+Ud7kO4hfCjPOuv9f3KBR6UNu5FEIMbPTEbDbziugQxFRIEWb2DbUhvxuhzviRm62Dsjngc5QNIRC5qQZOgPRAArYfmI7Z/u/bXiDDYq2IRtK1Scc9ZF6VB+7GIOTMSjGhmIoHXFGohEUychcoCTGavOYbbFMJmYze9p4ksZ/Lpod2UgWZU8BuP0hPaXUsp4yE0KMCtmk2b6kh558Y+aR0pP0uEvPcAxWaNQINN4yKWRiVwVjNZBHG2roFG84Ar8qnE0+P+TH9t+7+NFQ9KpC9corT7dnip9KBzf1dc8f3rZF6lTsK0jPH4HDcFe/WBDQ28XTaGA/GiqeQm9/+bKi/t5Fhch3FKXs60WdlF0egBfQ1qEXLq3u7bTaVbpnzd1L1u7Y8ewWnTknFt64umPfvh1Xd/BjrwMFsEr/ppziHyEr9AhYQLHu6GPR6IrzsWBdLd/e0dXTM6fuPFwyHY0ajOpcHxUvnUcxpCOiplY3YMbwmxlcQ7VNk/Ehro1Knra3p6mQqbEZ6nDzINVhOm00WslDonZebbKZm+P1Pr6gg9Ixi3PmzXuEX/DIeRI6ufLGBT0LNizAerBAWCAuOLyAI5GbEy/onU+f9uZX9EJjr68X6UCv2DvUO9472Xu491rvrV6VFfeyOmltQ663ubmnq0dm2eoh6ag5H9XW/a86VFfnagQU1+p0kXc7l2ec9XY3fWdn3m53OmUyD2zBMgWXP0UJ6loofpaiWchno68R6huhjmuUB08bybPhfO1EeCqMLoXfCqNwOBiscZClTG6Iwz+M/138F3HcHD8bR3E6sWyvieficbOxJdGyveWZFk4LWkig2CKTKPtyLVqk5lRq+r9U51OqXtUiFVadf3BNtHn8OQrA8qtGVZwdk1sqnkL1WsTOvI9P8D08Rkb+GR5paaY9xI/y4/xhngf8GD/JlIRo5q10Yt5obBe15lx7VjRlh7L0DYz5AePQhiFkw0NDjz4GHqOPOfK6BIDoVXlbrAAnwavgPZIt0YLiimVlFsQyBRdTI0+VyRLL0pBZdvbNsGrJlSY6/UrCxzTbMzJdaFZG72QrpmRlJcMZslAaQS6biSVLb7Vxlmj0tyu4Mtf5MStApUrSEPI9Nr9WnkOU1T1oDapSGEJ2ig+BjG0Uqd9a2spkI7ewVgj1ppidtFh2pbUMZGKrQ8TDDiOXdEs6qjHj8/CiXypIO1FoQhpFR66s2qex7lm5rnh700a7c10ut9lslk5Jo87zZyVhF9oirZ14XfognvkM8et33TuqWEo+kTQKD5eITb79tEaT6bW7NhkMO6R10XFp4CqXXaRbDetP86p4PLVjX6Y+aoiO85rzxffRrvEodBVHpGP9InSicdwrDUc3HThQfGVqis7Ytj/4Y+UlxX8CLdjxIs9rNHoVA4KJEOp1JOGXx2O7xXh+AweNnI9LcIPcCm4Dx9M79OYz3HPcm9x73Cec2ow5um84QE7orhfzqruy2lhZo2pjqnzAyTRtsMSXTxaOxS5lgSq5uteO1xV5/ngR4fVfbPYpMocP37tykP7GmgdzlO/yf08ywSkxWdfQEIkH2gVbIFnTDnlBY6tStYVjLdpYuA23tIa83kiNz5eMeBwOl1aVtNKJzogQiTQlW1mvG8JOTRpjDa9SuS4wBYT82aoqfZwc698VbWJTlctlDzBMtRbX1NgjNruNiRdkcBqzCINLNzFNFHIzrmsohb4d+Tr692mf0cFB3QrdSR3uMQ2a0AbTq6Y3TTitI+lgGoOQx2iHOmBP2kX7KOtk8wYmcHWWBLh2ldwxV9F35nmqFS7Lp7TOyKdYZuRTSnElDULLO20GOPXU8pmy7sNaSOUmtrkMsWakXOmKKc80K58lZM5SU1mgwNTmSJXHXyqYdcuIHgVdQ748A1PCSzKudJZ0Rcrgya98Ydoay9EHRemS9GE0C7e+WfwYrU7Fiv8PWuurLjbAwuLRjZvWPoH+28DmpbtWr0G6wp9V+/C3CmPRRm77/ezcxdyfEGu/+eWBVri4592fiwP3YGrXE0/uXLJq19o1I2Nbevs3bVwytnLXt5/Y+d1lu8bW7JRO7CLWdItY0/t8LXCBidM2i/Ml+G1QBTTESqpMKpXbBs/Db58TTVVVQGUGDINlNmO73SaP5RntPnvCjrXADu0aslQ6rFJhbGSFfEyF5zF4SKBz1ltVOC0ZLkXVpRhe7WuSUXLVO9gCT5zFb53ye62LlnrdKemD+7el1xQj98b50FH0ZfHw+bGlHwRct1a+DRdigLipwur1dLcceTCovM77gBtsO63AFK90Rq12WyhuyWbzKijuc5WocdssFoNaKyKt3LUEQEH5pymITzyTN8itSUN+Ow/pYTPIb+A52od8aoY5kfL1J2aYgog9lfpFrAVAEZbpmb+j5mt/4kcnuBP3lvPzj99f/AK+cSIUMg8sd/s7pY/uvyO9wf1IuoPQVGHp1uKF89u2Xg24rm37Neykf1snyRKu8j8nOcKtc1W6Ko/fSKV2vyWq1Wq9SYeVmHZ0T9cYqRLadA30eGoVFHQgukV4Er4KkR+S/+RR2mdqOD3Z4I5qW4kS3sEkF7vP5n1BFKR/vT1vIpfk1SpYpaZAO6zR8EKpZ2vN6xPkkmznn+O5k/ybPBriIc/U5x7mqFxWxjp9VcmA4uVnTYEF7ozl+mM5naOKA0H5+s2ULkwPn0/0NII7DqIrhT34b7ofOzCcm8CXCxPo7TvrT2nMx1btKL5+uHi9i9NA6/4/2p57eqJ3P0nWrAWud7lmAmXuX+D6ad71J9KHyl/wh4m11II66BU1ZoUC+lRmDa6ao4OjDLw9Sq68j3ytpdT9oIYEdkGVjnFKB2uhi6uz22OU4VdMi3V1dUFPsKbGBSmjMxS9NTlAElOkhdBNJ0sSrg0uzoFdNCRxuQSD1cDKXk4S/tP0KZDXIGTlzWa/NWkVrXetnDUcBh7BgwzY4+HVJSELfx7wSV4kYc84i3Zon+EWrxkjYc9FEvaUDPUhrtASwc9shas86MqIgcr+D86CS1NMsEVGVaTKa1JbWpPfvhhpk8CKULTUiv99Cr5W/Jx7vXgDXr42sE5jHWsek67uk65Lmn3SC/2dsBNJu6emXNw4DO/eLd0obHuXXzhgIP7w3m2FC00WGoqbpOf7wrAZ5bB47xZdq5z0G+Wz/F+DAOgg8Tr4GcC0nGr3+HwcF4A19Bg3Vzur7YK92l6tFWyCbdBksDC2by2vbWxscrlqmykVc0tHS1/f/IHzcMXZwYWLFnWeh2vOzO/uZjT3TSRC1eH5lGvMrG0ZnN/UNH+wRatoe1ytDgRkTak230slqdJW0Zb/kefvPMjKJou0yOOpW/To0KOsE5VubW+VwYq17YODve39vbJIdl9/MNheHQCB85RV3AnsbBSJ3LQoTAzamhW/mzdorO1Q2/9E/y/68R+C7wNkBc1sGhUZFfKs+ycKxTOK58i3BwoOKJIKlNCQUAG29wOFRqMA/e2KxBDQJXWiDmt1OloxnRy6NsQ58VBbXQsVp29pqUvUyb8ShbHSQCZBT9cyp7IMJ68skTJuKaqEuuy3nLDmUlO9srteMQM1q1Q1K9ibYEFzmQ1KliFhoAyG+ykpdDMAIxtgKMmWJNhLZRlKetbO5pTW2RNW1rJSpG1fN1RmrHZbWdUqE2EvpY/a+Bzc69BLh+AGLC2Bx/bCI9JyDJ+Uvq8xwRvFL9ZIt6Ltv1whncVb96Mtnw1PGoRdS8cl934pOYVWocJbF3bvF1yTY3vD7rcXrZT2TqITK/GP5/7OeGbVxBtvTDSsH1/cP/Ev/7Nb/LMfbHteGnlXtTyrG4OguBXtlDg0js7/0eW/9mp0AwvNuk1Ld24+WjiAP9xxmFj+RukTZvl+kq92w3dFQzze2GC3uzzpxkZtg0BBHK5uDS0PaYmnoIBH4CVW7G0gN8/W1YZCxNbyZ0kY2MW/xPpjgJwPMNKWbGqivX5R59J665SQb89kxCg17ihog996UWwPCbUh2h4gNlzblGwSkk0UcKvPAwhdGEKv24/88mS2QavUKpFe0aWQR56NGWgkFowz7Zn2TpWqk/Vka7L0ybF8tCGNa5pRH3offYa4P+yC5F8z/dfX9VkXFrqIlat8qu2q51TcBvLtExUmsYaggomaDTXbaz6p4VCXqoZ+cs5kfb0xCTUgKSRR0uj1eRPek95XvW96H3hJ/uf1Ws1Os/wb2e0JJ3TSEXAntXUnA0jKnTrZTyaWVWqKL1u2UaaCpU1ZRzr2FTx+5Yh1erbmb3qoM5t9GBUpw9MYBSxL1mRUycczBIFyJVNRyrNMX0/L5CRsFtRPYoxIJemkgsaUEwfRVWnLfu79/dIm9O6nqyd05q1rthVfOVy8Jt2B/7LzB0v37X8SfuswnD90dGrTM8/BywfvOQ8q1hcW4rN/gNpfzkFJQrmXpedvo/7FunUvF0+hIY7fuHbNqvUb4XLpyKp1WzevXSsdunEjPk1sMyP9u/Ia/w1gBDZQDbWilse8xoLtRo3RRhMMG3ziDFk6Gnad0bsEF62AVAl6u8YsmCn1fZXF4jE66Csd8AkxQtaHnIw2u8Nippw8JMEnr7trxlXY5jCbHTaMgdYI2CymP68yApJPAI7SPCT0z+gf6BWWEtlDmeaoNt9DsjYEuCQnckOM7Ogwd5G7xt3iNGOM8ugux3GVI9Xlc7EE0p4pRJY7PWk5e8jOiB+0tVWMZlaw9loq5cLpulHNJCVk3fMM3lx4n/+gcBNvK0wcL+zmLtw8te/Xl+7vfvrWkb0H0JO478CBwssHin50C678ADpHpSvXkWpEuvfZ2nt09josfay8zZ8jp1AN+KWoo7SvToNCp3R6SED77dM6HcU6T0On2Y59LnZTXV0d9CjpdVaS61wtqimnT6L6mWrOgqvpJavWabUGk8LASDnUebVSiWw1iPHQ2vNmhEDSMGY4ZcDAIBj8Bkw+aEnZ7s0ZqjxUL6hjOu+198gM/6lUBQdYOfCYIU2aVZ1jLdz0jAZpSi7ilqVq0+WraKqRRYa/oh0RlMUrw7AXXSqe/dOfNOege+/R+rhitNiLDhZXYWfhgyP378FbKEzikL9EnXDVf/xTNgtFuDf+7WWT0sE90tAkyaHck/AUnWcn8cU7/EkQIpGgW9SS6MvJhZwhpmi/8owguMwX4O9SmogX9XqnPeyigy3V1TFIG7kvagWtNqqml1cNl4h6lQr6amo8tSGsC1Lm02kReqpClIGk61y+1g5AjaJGJuqrYcLB1dWDPrjCt8G33fem7z2fwkddlE+lVisEQH4BEgAajYqojYUKlLvLrBtUnFSgIcYLcE3BMUI+qrhwxukukd98lVeCLgNDoMyit+UXyMdySWUmLffPZaUZ2pRkt9OyaZdktS0yh9VXmKVndCRZFMhWRogiE5T6UHb7k1uOLt8OP3v6/zr0R6uRXhqhPuZo8bkqKTU/DI9pi1+iF1G+eByd88NLB49vWnJ068hP/nnlX/3+Qcl9sHAL+4t3pFsr66EOHjgI35eo8G3ngzrlcv45sgNScN7ZKmO1HtCgzQB0Or2eM9elkEZD+w13zzhMdSomaadMVdPjzw0UcOkZzm2jfOvnuESi2WQ2W9m4qWhzk0wohViTQ5NHQKGoMzLoR+e5fJXDUeeN1ZIk6UxeqVLR+qZWK7A6JYrQuuVFUWv35GKqmKouEiGh1ZyzeT3QAVpOMuV1ulRErIrmIhSRFvGm5Olzm98KrdaE9zkqy5H0it5x70Wvgqpz3PVib1knNC3TeZYoOmdOIrl1Uo65KoTkyo+USRXbGNaEcX6kmeQVoxko4xnTDElLwntGhGe2yCU/s4VT0i2HcKaWLDGAVIixJKtod9B01mypgQ3QCe19uR27N0/Z7NL3pVXee7+S/r9XwtA+feTXb/8+DP/uyinpGOTxZaegGR56Z8ldjfPm7t3JFC+YCze+5/Yd/H63VJA+FVubg807YCd8Um3dCdfB6aw0Il1F2pMX+opH8KH7H0ovXF84oBoZsaNkdA9M4r00H7Y+gMpL/BlgAuOimucptzcbHF591qRWW7gLjPh7xYsmI8YWPb2nJxmDTTQat+shOybIAyas12uAhi6SLo/9HOQ45VDZi5WoCUsjmDLiRPZWdJOUj+50JQk02QRmugNMMIs92WXPrlw4hpvvhZF0Pr4ShhR/ODqx+OktvUckobhH2pOibSSRWDPtZ7/BMvsWeOC0h+SXxJb9Okj+qKAKN3hq4oZI0KB0RKIcxjUN8WQyVW90UA9UE21urqWjdbVwBXFdNrj6jMmkpUeraLBatTUhZapeqdW2Bhto4cMopkLklTpcW5uurvJVnWfDcR6Pz2o2x+0mGYhBlWR4qOd4nc7IGYGWMeJ1iG15cs3D9AJZuWYOa8m1GiIn6C0Or1BvUCOj2qd+T41NWE0FUX2AU6s54OOSxMvIEyxRKo2EkmkI0kL6VvpumjPgdAWhpSV/Mv5q/M04jtNmc5x6wPjDzeZlFbPOJa2Lp1huwQ6VMjXtzEQsm1SpyIPZdmCUKOx8aUvcoY7tKwN7JdGiMlqu3ORKZxOzqyxTLbDVxuGI5eEcA5bNoNyRDsOr6NULfzu6bxdcW0hxd4v3q5wt6AcvdI7slfy3t55WCYc2byzOh3cmB3pX4Me+fF26k+y9ied3od//3ndXP5F/e/JZ6ZrJFJ6SDvij0C+FPuX61tg3wte4PQOr1mafLd4qZqUTvf0QoHXoxipiTRrp35RX+b8nmXIz3C/6AwHc6BGqwkpPVV04YjCZdBZerdY2JhJNShyrC9GdEYJLzgYj6TQNH0StzoJ1sTpHtRVS1Ph0EDf5/Rk2oWkWm3SAHHZ+LbZgrbZelaqXERRBEBJCSIdDoZSXJbckHqgGLvIqOZ5wcMQ27djGej86IWezWeRp+w6xJ29QJSywx7LC8p7lE8sDi8JCa4kWNl5vge+pILCoVBaAE5FXU9CYOpn6JIX1Y1TGBRpwio0VNrKxQm/e73/QCBONEPkan2l8rhFTUPmbjbiRWlNjiRRuYzpRgV/YOFM6lgdNZvCV5OlUqjLNLbeAZkb2ygWTtlL0wvA6TFKQwi5lSZSKofuyDpYc5zPCo4fG68mX2eYoixgrPQptuYThCfR58dCaJ6Rfwu+mGo/W1eMnC48uXQFPHEah4k20s7j1cFGDDFtHFz2OO76cRtIXKfEGwt+e8+Vbz/7FTyef/L2GpcOTp/dL0uRbk9JeuFEhLVm6rnuy+HpxSDom5qAX5dDt36H4cRXJOa/yPyO+tZpywcA/PFNdrfG/BFeRmCUMvyPqa33kQ2XneZfL7qSsbhYQhN86F8CY4wQBzlFTwkDikwDwsEPXQjya1hIAbjcIWDiqbPWdabu9jsIKqGdyiAaf3292e2rDtJSCPWFPWGk2V5+ns0XOcTNkhIABme7dGAgGlXYqX8CYO5EF20R3DbEppbHE30BcFdRCyL1phIPG7cZnjCeNrxrfNPLACHvIfXrvPeMnxgdGpd8IjUafkZiuUUctSQN0JCSz5BOa5zTopOZVzZsarKGHhYaZT8UsJyONX14+ImRgeNmHxB6etiuBxOS+gxxmyWoDCaYvkC2TMghyZ0ju07G7DNzydZdSY6ZHM5XxkNGi7CuefnZ44Fs49uWH0s1k3108MKf4DP7xwZMvvPQDeOfLy+v2b9v0/FI4emDN0Kl2/smB9ePZ/ZK92Ckd6c1BHdqFdq7/sgCfQS8mi+uk8f3c+mZpSupshnuQqkHaL/XGIZvY90q/UH5ELCNC5wpAH9wjuhobsRphbFZ6/f65Yqi2NtLSlE63zBXm/hyOgF6ggd+iettnXS5Fm3KOmtzrAiK51iJ8HPSAVnJgx4RYrI6W16KdblbSjkSiPV1ci1ogD57tNZv7KQXMi2KLprqzmjkXRVsHBh00PXHksYARIsmgEQOQUXZSDGBnJi6HWLFEpiezIoONGagHGViLM71z54oBIeD2hvxe1uLwi6LYxIZgmkCauBF/vkms8uSaKKCwiXqOpiioE+pG68bqyJlVZ9fLE+l2+2BoRWhDCIfMApURWDYjITAzokTswvWGbAjZGQLk5SXdyBiNydlYZTpbku6Vu4SsP9h2p41x/8xMtbEcs02+OXtUzXwpoQRDtQ5eYWUivQ57pRg2llX1qFJvJNMCZREYk4zZIBZl4ZXkK5aHVNagF1A29bn0uhUNFV9f9GnO77YOi253cufW56f7pfCt8zpz4eVcfE0fHNgvLkQffnnp82bxCu7Mvn7lfXjJemR0fP26tdwKvnefXbh8bFIanawfXn0xZL68/ujZK3BMSm1cvbx7x1iyfqJ9I9/ZvX73nuLR4irpcF8v1KDFGKwtnleppOePFvYuGV29Zj1jovwP5dv8i6AOdFC9F/SY2GLs6TF1JVWNSZW+cU68mpwoni6t1uNR++b19fXOmcNZTCZHVVWWZGL6bHMmk423t8doqBSDS0E9BTOf5TjIB+lAppq4uFHRGI0CEKoPdWY71Xp9LsXqvdmZKUc6t77CsYFsPIfDZxOIldmqqy0e0CP0IK2ix2g0dbGhcQuJ/uj4E7BAM7ZYfDVs0Jfmei0gD/qYNnsfbBETeeM84urm+W1VuQXznpz3j/Owdl71vNi8J+ZxunmCy5MD84R5yMj55vnmNUexnHIYchEcwU2grek8i5rqKVjDH8N6HIu1efRd2i4Gq61Vs3yTdlPBHKF3znmYoh08skl6oZbvtffe7v28l9OFept7US99Zzcl0AG9vUCLM3Fj2ydtSD/UBkEbFHBbRp4QyzAZ1EQzfLX5zWbUTLnjmx/yirPavTEmprRsRjry4WR0Nodh9ZOSAuBTsRWVdIcVLOAyLoK+EyO9KVfYGCErc5ZpOZRLp2YiuocYDFOz3yp1ts0lbcoyWXjlUWzjlXZKcjhDz1lKbFvoayy/xSPbHZnS9tkL1QHbfpsP7y18s8qL43/y7m9gLpOU/vbjL6QXmuPwG3fOr/4f0s0GEf7BEekPxPapzOc7Fg204MSXZ6VCc/Yd3NuCVhTPrj3zs5VLju1ZswW/NHXU/hff37V8ZIs0/f0OceB3/vrY8oHsIz/4q3elVdKDTCccQt2rJ4+Fd6D+3MrN3l3Fa8Wl0rP97TCOVqPpb97/zZU9z+AnV69cummE8nzqSLbxFsk2zCBM8bPEDf+HGFT09Ci7BI1GZW7wgHCDR6VU6gwG3JxMpZqBOV7tbPPR7NlPjOB3z9YL9fVR2kCJOLLWINVeDYEu+G1gpim42RyK+LnO5k6Me8NxNmLYTOO+c0YXDfsaDdSYdMDAyNp0KsbnqwJK2odUkd3c0kidejof8UeTUTGKo9EWhaBZoHlC830muKHARg3V2sBaTQ/benpFT7ILU+wF2Q/qPJ2PDsBsgO2CDm/YEqaPJ/PVDgvtxp2C+JMsJAak9VuSFgSzFksW4lR9oqWnBRlbyCHRQiy+JfVSaTafwtF9yUTymeRzSS5Jad+S26vgYBVMVh2uOlV1sepWlWK0aqxqnNzhGLWn3VWm9qRzDL9l4nl5BfJ1difIaQsLFiisiJXAGBJoBu0wS0dLuWDK2QyrWGdLrbryBHSJDLS0BYjdp2ZZSMrWzkiHy4xOjAYfVwoCl7CTMycFtXQLPSOYBgexdniXu/3ip7AGTgxIvdLr0mlpyJ+Ce2Ds7d2/gvX7UWY/HT7bX7yyX3obWZ/tm4d+9eUl6fOUeJPD3fGdKFO8giaLmb2X/xX+ycSOf5jcFDzYfeivB8Wh7m3f/5/og+PHn39+Qhrvz8EdaG//k3+6p3isuFg6RRIdAxpDN0eKugvFgwfXjTEuSlYP/SbJeLJwt+gWXC6D248Q521Nx1St6ZbGeNzaQiX2rLXU22cpMxSJEpQxA0ligFVug2izgXC4PaBTKFTElJaeEwPJSLyOEj90ijqmBYO0uJHFKZ2n87VZ+rg731Irt3axVuHy+x2BAECCQOl0dbRXfjbP65qaWf0oGNRpS+TyHVSlSKemUWWtrkmtbtLVchZjzBdLxAZjK2IbYs/EnoudjKnpHXrzzdh7MZ4cWwYcm9HGy1ay2jgsDjbvaKGMdJZKEMas2kJ51Gz5DDnhrFBWhVNkBkiCF6fw+ooSfKOk+FvmeSipHDnSlUJHshTAV0zMwnjBSqyjDwke1ZbYYDGkQAlexqLxinJt92Luj3/PKw3ACakX7ZDG4a7wD38Fl8OjiAv4i9elu9Kw9Onm4+HeIxv+ZgTnDkLDLelzs4ACqD7wD1KRDtLCt+7fRj/8+Me/hLYp+NoUCV93Sj+W/v1Fvdm9eBHi0ds/+ePOvm0HL0CStBYKnMuoX9JpFvfbLVJ+SrLvY3HuvxOb+msScSwEQ2AxmiPaQ6Fup7O721VXF2lv7+vL9s9vaMjFaa2lKqtURrIYZ7NNTS1GY6RFq21pqff77S4q0KipXjxQ/dijAa81TF9si5j0agWMVJOP4YX9udzCTCJB8uilonahmEot7KOcyjm60P0gx45cY7+vP9GPDbi/f07XHIYaqK0DxBAz0/kAqGHNjoxoyHu5hfUN7e1d9fWJTEIuYiYz1dWch6XamXP5R1VDVQy/lRHX5x+z695jpO7bAUySwIDc5uBJhm7DSQp/gytU21UnafstqULaFboNuu06vF33jMw24teR12dUxIVnOKDoSt+NwA0R2BmB6gjURSLGLpjFXdQgu1pkSe2z+UWsmp4Rw3nrEB0SS/vNcMg8ZkZmczJ9OH0xjU+l76ZRIt2TXpHGaRlTkmA6IssqdN3K0zvUj852p1ktaJk8fLDRNBNxVHanK2z9K+iwr4uOuISP22bAYYxGh/5Hm9LkP1ngSKZvTZRngEs3K5n22DMytJ2hLr/6kWbyqEG51Vf6ILfhb984oVp/ZGbjlPUb9yMg9cGXKWCy+AVS0e9T8Nr165PSRfiFpEKLiyemJCBFO9c9WS2NkeB7DRqSdsHNtZM34D/CbfDzgF/KSIul3jtP/ZU/tW/1zhHuLhTJD7NPOPeFLeRj2wtbLl2SbmyTjmbo/TfegFc++/FN6HsWvr5rl5TcLP2ZdPfnSGVetBCha0e3tuc27n8edsKGF2D9CzO9FRtwAS/4+59S+My3RUFP8Zduvd4PMXa5jNX0QR0ULTZbFTRqXYBsne5z+WoVADbOJsfVNhIZ1Ob1+ics8H9Z7lvQMxaIjBafJWHZbuEs2EKTNYu3DOK057dzr3IPOJzgaBdwA3eS+4TjuTI+pmRIK5Yt2/jbmiLpEsNSqrSs9D5FKny9s4fKMpxy2yOKNNKAEklr4B3JfLT4jHLlSulwczdMrX6CL/4XSa3GipO4CfUfOlS8cKgwhielZ09fej3Xd/D578HBQ6gfYOJ7/pMxq7lInpIkHqM6GvAl4nGugTh2rr662uNzqVzRgJqvglTW4yzGHhVtU501mVKuEG0Bip74SyXWcir/akz0JAYTzyU4nyIhkAAlIWgtOXIYRGNCQ4ykBmfzQaZoTweqTUajTc0uf6cYINlDj3/Qj/wk8gs3YGxsgBrQMNpwuOFUw8UGhQE3lCY4G1hlz+3LNXhC1eH66pegSJKdevKkK5qrp+GfYM+RqDEcZWKUNp0svWaU2XQppZ4N2mxhIQwSWUr2USbGm5Uji5WwnqXyyDLTw23FmcgoVsniUCJxkAeH0mwbz+bNbTN8iOFImmdJs6IyaQa4xiIP5stD+TZOIU/MebkRFfc8VKJTxd+JwPp1DV7n8r5wQ3LX7l3Sr+vuP6f69R1pKz4hPf2b/+SKx6Rmxejo5NTGcUXkZ2++/tq+gvDOyK41VwPmDyd302bGrftHqv2oad++4u2a2oHFwzn+hdVrJjbvoD2Oaw9qlFl+LrGE//dFYuAOV9UFmCex8/IzDgdtPX77rFLpdqnpMCkAWPMSXEPSY9eDu6ddGpesY0Mia0pPrgZqOWBJasaoJCcV6TxMgmisARpg5SwWq1WgI87qvFW0R3NWmTHNV9k/l6WCaO9cRXvnd0tyQSU9d7Za8tLI5LZlp1oioG9LlJqKbYnix6YZZdsSSBKTXYRqAiQI5dJ+OjcC4wrXvX28cOz+lpTieafBLa05Id0yuCE5bw0kM7m3kPsOnD9VbF4inZLeeEEaV42stt9deYV4mynpv5R+/sfU20DhrNqqFvQXyHUxwm+dgQ6znWJencADV007Ba/XTzEJy86YTFbwEvwuuXgCuXgCYOQCxjwJg5x+J2bqrCaXfEWSYBxcpOKldwHS+kzQSLHOJgxMwKS1VVNLp+30apuNcVakmLoW0gk2vy1pG7KN2sZsPLDRWR5KZXHRds12y6YSsM1LnZeXF7VkVamgm1qtpYenFsh6ahRqGpsZASjp3pcv9v/hepNwLVEktv/RRyUaJPlCy/0KeqEtM2vApqRHcKfb6ZYun79tcL9z/XWDYC6c2oyuFS7gD48Wz3O3jx9HfymNXZCuakZG7a9vLaBVcGCq2L0QXfliCbkoQ1JR+T7/IxKitpKM8Ixodje0miyWDqODXMEwr1WrlRfgCtpGP6MnIQaNxl0gDJecTaXcLT7WtvL7XXqc5ju6stl2oZ0K73Z09JB0btnZ5uaG1qAsDpF+cPds2ug0OeXijJMcDCRGd/ioWojDoWUCZlqgJg+H8h1Cu78dkbCIzrsMdq3o4rSgS+hCFqzt0na11kfjsk8yWdi3YJrxlRiUjPyVNi844PcHQHNAnsuk5BA9zSuaNzS/2cwbybcHzcRAmmm7whQEzc0gaOLinoaGuChEc3FP60uM3w0R91hNByhRj2fQg5Ie0TPuuei55lGc8tz1IE+p2Rv7LcwQTz0Eq0vHHp5PXl7SUPtK0aRkBWl5+uPjLJMzYhXFdFupVlJCI1XUEJmBpGXKEVmcKlhZNaRypDObNThjQxZmQzBEJ+zRtTsH8Fjxn38ETw00S9kf/HTtywbzztfm16/L3SnuRONT0jU/fNtpcBYWTevsL4xOmO06KdwOz0tWLgOHYf1m6ap0EA/ihYWzk5LjwUIRPoZqioua1y3t7dvUXL87txw9i7cVR7ulY9LGC9JtfuFyYeIgdKG1cJG0+wp0j0m3b9IqR076N+VnfCsIgm7QSyLp+fCqqFW3RvgAB9TGJkh3PQC9ToZCcvebcn5a7tPOsVKwgM32CGMrMYImcq+jo7ae3osRhzIqaufOjRm1VVw3J3D0tRgvbKSzYKFQayROWU26qRh0N4CMUALSONon+oxGvfoRPYuC+x+Jd7Mb8+YL82mUrsu7hVhMsNkaQyHyVm3n8lVVQrVljoXNyUcjJf3zR7Y/goz4kbgQmhONzgkJ8Uf4VntLq/wOmBPt1TmOIysuvzydNrb4Wsh2aPFr1XzAT+c0hYBdPM8aZRTKj3R++5B91I6BXbSP2yft1+wKK7bTiSzyy21QQRWQVXFKXgdQMhzGiyrXuGUvVNmULatplfNL2WzbKgChpcdSLuEN+tIUpDSBM0ZK7JPNxzMGnRKN4MzIr9xvL48w1c5MJ4VqTaUpzwrUHD2vw185Xiotlk2AUmgRRRdN7ty0dp8/UCSZnx02QJd0fAp+JH0xha9NSV/QKO75o+Evr8NdUicamZLuheAJK3GLS57WWXcs3aURdNJifqA4go5TokEBjkjHfyhefXvhwlx94JhOB6MD6OkbQ2hNcf/QjeI16V1etZBTwaFdxfnD0hVp+JJ0F80f1uy5Cnl8WPqi8Dn0S7egn/jS9dLHyj7+OXKwOMhxhU67BTf1gtXVVWYDPfmNCmi00oK2FS4BNqCj8bOaxG5qmxE7HYKDWrjZ7KuiDd4qOCJ2OEWl0oSxyeSsdrttVmeV2SFY/VZktEKdtcrhqLJi1RjFEY+S0IAKd1MNb6UBa2gw0H4uz3FAp6KZZDulkVD5VAkV8Xwqo5EcfUwDEjBJhpn6Q1kXQ0ZFynYk+7XlyyrhdKUMycVo12QzSMj9L1lJlsUNVEFPXs8SKxI7sirEs9fzyXvzFdP3NJg/hu4e+/Iaf+Htt7ZcfeNebuydCzuP6+HIXrhoLx34vd+8hV/36WvrzkurV125ufEm8RZ0Avs2/wNAadtrQBQk4IBowRhaeLsmxMca7ZZQOBwVyEGRnw7EGhsTAsmv82fqVE4d61fp9dDj89UINeRRURuoq65uIsee0eagz84RYbVITK7Go9d7An1RCKLJKNJGo6FECJ4MvRdCQsgfSobGQ1ypmK/DnlAsFvJgEzZq7cDOuCwcJBUiaU6ZWY/SGxlNsBqbKKmKqY6xbmkpjjvBueQcqEO0fj0HUsxmQKaSWmsFerWcN1eMYLP8e7nMg8HOmln2K5l+RS6vyxBIhm8tnTbmGZjRzJBwsJw00Z52CLOECVIZTgAtTI2TfKPJFMxCw9tc7nOYka4ckM5B6UiynYTK0n/A4zAnned56ZKEAgPwIzi/XXpf2lzfDTfB8GLpU+npkEhu6vAgyk5OFi9PFvrwy8W10pX+bgnNn0TZQr00IV3MDEAe7oe3pJelQnv3bTgAr0nv3GleeB3Ws/zrvvJt/k9Jxkm73XpRpzEoLRqD2QJdZo5ykkOlXSCLsnzaUUtCA4FCyaaDjqDLrKNwbFEDqxWKaLXXaqUwwTNidTBA40LqggMqnVEOzHU6oHJXObxe63nGKQxqobfWW6u0IORwAPL+fjuxA7tdW1IlqJrZckAF3VhVTQPG6moLIMdE55m8wJGNN4O8LNEOzY6ummbyJjmfMpUrgNQCyn3p2fJe28xSMjKzcqeEApRZfFCRAVPUcYiCM02Mx9USanUgRRhNvHEQLi2+xp2Q4vB5aRjevfdC8QDMFvas3nhsy4Sfh927J69Jl0MWDhSA4ijJfo5MFQem0GEJXh0+9aP7/4rz39u0GGs+uj0i/fpzqkbuZ5w7f0PWhHIdZkA73CuadUqlQjAY7E4nsro9Hl9YcYGc1GYSX5rjrews97H1WT4dbEkmU0KKTYSkg+mwWqNJZBGjyjT7Ihh3Rur9/jBdPrMYUep0BkW0tj6IsdoSsTvZJbbX+9mkZ71GUGtI/vpiXq2wtMqndCuDMrWQdL3jdL4lSBXmSRoQbKcLP01uBeJxOtF4Jt/YGqc/sCXJ+iAC7YOIprwguOOtajsHIlaxvqXRff7B3XNuusDudKpkOqkUAI0ywyob308CeArclcf4Z+DLZDNnyTK7/ol2jyl9KsiWOMTSsfLI5CwTKws2gTNRgp+3lYgyK4yBQVsSDxlEib5mNmxMyep2ZVU7u4O10exfjx8hmDUTxkVDzAZBdhPHObRf2tG9/rXjKy+8Mg3tnWLx8omLk+8YzHs/78yu6yt8Cuff3L167MCWHV5+qBhH1798FnZe2v2BdDyEN6PrxTifLtSnzk5t2rpt4+rXd/QthMMoWVzdvnZxb/fOUGp371LiLNxwz8DzU/dv4DW7Ng7hLySpm7ztkHRQur1Q+ozEO0zz/r9IBvM/QB1ZzE6SafTBfxLdbqeyrhbXuJ2CudaXFFz2rrk6RTACFWqFl/Fx+JRtHZlMVsgS83qxrQ4zXaRlorqxrTEpGPq6GSJP62uyWPqbaprr65Pk/jmxKZVobG6up/tfk2/uaO5QemoCNXKE1tRE4cDI6PP5nvOd9L3n+8THa7HPF6iqDdfKygb2sK0OWAQL0mOLhdWDacW3C5jERsz8f5v4eN7QMBdzxvCrYTQYhmExUJsLi7aq3HbwDECDAAI6EkHnnHu45zhuBfceh8KAHPRhrHJRlg+kD7RlNRpA/jQSS2azql7mjtpEe16XoJJcY6px1aTqouqaSjFGQkZGOOLJqUog5IcG0WQS3xm8VQly5Ugz+mnTbB12tjw7o945k/FUdiRKas8l9Lhso+mZ46c0Bi8HjakK/sX/U/VVHnMvMd1lZs0Vy6aqKFddb8JXivcQLy2CL+yDdy9dmpKOEmu7hp4trt9XfB4NSy54W+otdn9+a9eSpVOr1/i90P7anuvSxQD3LlwqHZU/8eMvj18Yv35den1c2jr/yvjL49JxOEK+XbnyBdyX+/Hu+/+EvzPx30bQ+Vtw0ZB0Snp3/q2XYfsFaqdu6ROS3/wNiVWaQQeYA3LwF6LBbhfcrkCUOMSeKN9FA78uOHKm06zTUBQ6Rak7oZtCasKBXqGXZC1n5lrxPPq6efCJ6Ud4lYrEH9RZNrS3tLQKlGdM1GYfweFOLukSBZI8PEHuE4vq6ZmfriMhB7HqlJhsiqdJMtTQEIu1ZM06nVWjyWaNrYOtG1qfaeX0oBUacGtrS48oRpOdXXN7GXOFjoSKXb1dvaHqKKB6KWfyTjDjErvOEY9odWArlgcQjNThGa0J66CVRJzACqwtoRb64nbQQh1uuu4V2E2ybNXsEHmaT/PU+94SBXruPvLIvHneUDLp94Zk1E+IetdQKVaVS1fUamIJWVMvW8ExPDvzU+rDVppjujwrni7zi7YlyrV/Cu0hr5uFfTnYyIhj1pm2yS5VvslauFk5jpIRDLMER9Qi5TGItNLM1BcZGdjX5OFqwdeMtsT15UC0dYBeRxpp/6Lh+gw8+MZR3WV4JRWXVt564X1MMmo6KXFj0R6Ned3a1cXPi8PQe2v36rVT68e8fihc2nNLuh5SHBp75ey2NwrvT+w+3t57FD1Z2JgT+3qhAe7zS7ve7hv5EG6WPru+p7BHMryP+keF9fBaElrhgf4X9t9/BW/btWkAvfw2HB6Sjkif5gofrHz5yro7UJN7AG7WJy8CJfG//0n879+RW37QAJKydaMFotHg0voNZqT1d0bMgpoe7We9JZs805Nu5Kk2nRJ0MZvPT3fOGPCZbFAIslM/FMr24Ii5OY5oV07fqfTiKMZzo7Gamgjzx9G6MAm7a2RbaimZV7vozMfaY+32VI9RfFVEWk4U/dGo0+62ywKFnb4uiLmuUFdf1+Kut7oUWtB1qgsZuC5qfGqTNdfVZfGr/PIcmqAKgSDU4mAwpTOyVhzt5GIq0i5gEss0KtisXDpJn9iYZ+MFgoo6Wfyq7j0dMure1CEdnS0WdOM61MNolLczmOt7jUpKpExvfNKoAI1wRXpDenv6zfR7acX29HPpT9IP0hxW6RrT6UadinMD4IJazuVyU3puN0XzuLOtpWCjtRWAFP0VavMlrqAkOQuHwDiYBIfBRXAN3AKaMXCK3LwLuK+GIDG2F8o1LMrqRZ+miIhKeoCSDEY5Pq3oydCuTPl+GSRnLu/Lhw4AU5kCJT0rlVcRprDwNZ0qBzczDLwsFcHMy9uCX9lDLTW1mco4Rfb4LFZRlBnz6rE0WQxMvoYvFqa4Lz6DIenm3XWvaKwTh7cVxOLpwgd7lizZt+EpL96C3i0G5M8vd0PXa3s/l94NoXc2blq9bZRfUHi/r0/acnRi4uiE9O4d1DtqeLrwwR14JLd/guyVTXs2DqDsaVh/6ihx/4ukSam/sG9467YlTCGD7pMrxP/7mToGxfH0IDBNEnsV8rOZJGNnNoN1lPpd7zPTzeEEVlYsWDZtT5Uy2GVnkmxzLBXVJP+MdLW1Us6EFeQgceqNXFStnlPaHCvOiNFsD4t0Mx3sm6FFRpcZFCafiQYE38wjX092MPtq9s0s15Ndkd1AbryX/STLUwDmhsz2zJuZ9zK8kdx4jt18kOGJq9fSCEeefFI4cDZj8PkMmSzXWRWjBOTignxdOBYKBWMpsmNiWOuNRu0nra/SooWP8ok6q3NWq/ak/lU9onOAn+gf6Dm9XntS/ao8k/CJ+oGa02G1WtupLdXROns6BztxZ5LyViMtTiSqAPBWedlfVc1KvrG8vzpZjaoTVT1VJ6sw1e5NVolVQ1WTVRerrlWphhjyh6r5KqqY6b+xrNwAKc1NL5uxc9a8pl9k+t/SppAV/ypKZ2UG4KdmOtOx2FeN3DEzbchsnM7op2QdqBnis/RXmc9MZhniWeL6gZUxTUY26RK5L321onkS8cV7cGKyuHMS7iQhzludCy+jzWiRSxoqjiL+3u0PLu0YGnp2+XJnQDq78x3pIze/prgTbZ39VPzp1V0X7+/ZsoXbdFH6sJiVjojN0ICmUMEtPhsOXy0uvgM3536w7f6/4N/Z9q356JWbcNFCYtx90sXnpRvPS6nj7BT4jfIu/1egmsThIlgIFhGHvAz9RPQuXWb4pkpltT46qNNoBLOZb2lta7O3dHV3iw2U7mLZaQgHz8PHX7Q7Xa6lmORRp3Eo8gpcSgKlFriMvFkQLj3rjyeTNEA/nVrmI9Y/7R557LHHhcdfgk+AYTCXIjH63Cm/GLXzOcWjLJAf7uP5FQvmzHmE/pSYmxlcyYrWfLgFWkly00LcekvXN/r7FiyYIw8U2Y1REvpEoy63i77eSRxuWgxQJdJhDyTJ6vDwq49D/+MQPJ58XHx89HEOP/744MhAFx3/cca7FjhHRpwLuuIK3QD4JtQqvmm1mgfMcoxkhq2iI280QINKJfC5nCDojG2+NqRVtLaRJJWcIDGmXLdkmYyRrq31gT5urnUu0pI/0IDnznX7fIx3oiEf9A2moTHtIyaEjUsGl6DJJYeXkMwj4Rv0YRK6pZf4fEvSrZwGa2TsngZ2iW4GYqKlJx0/UFMjHxA0OAMDeEAe+UngQYwEnMSH8TXMTeJT+CLGuOKsKGcFDCZnqmBMlotOs7MW8gHAVNlXyFqaabko8TBEtFyGzrKIn547MnnwUxXUrG2l+kf6q7wEcjFLjs7Kp0ibLLxZosLItrFwLSVXRCrR12VkKTukKPkwRZAGqWYEPyN9TQfoyFZUVKi9BltwjU2gz5paHsZnmytOoKDSbMnQR1gCQo6iL3b5Y/DkaP1f/N6FhuhPN235ebT9xuYxpz8UzZ4qTI4fnTg6Pv609MWVQPYQsi7dbBbW72kIrc4UVL8+NDF/aNfiJU7+9bs8Hhv58rHC09tOSR/aURxtK07wf+X82U8mi/8gnX7v0MDCv/vXf/779r43bkE7zD+aa26Gwyfgh9IhWJA4uKr4lljcsVTavz+bWwOjb0lHh9aN9I6M14fHM0vgEFTB1d0Hd92/jXN/8O0hdMsirZaufgF/CQHU9EsvSJ8O3GWzBP4HPcqP+HPATLaGF9SCX74M1HAV0AILHD3jJCfTHB1cCWqAj+Kn4XLyCkRRpqAKrpx2mWud2GOnhEWuGi222SJMVzghemqCQa4WgCpi8h63ze6qclqoB/cTD05RmrwZu+1VFkuV3c0JjCDTGpUJMg2mHGUTEehYnCavVas50R3NcawDW4YeVYhLVCxkaXyf1U7kML9kRtRbMy6VO6yz9lUqIMjmNmodiISl0EweRRgFjh2BL5wgmdziEa8rI92TNNItbs3z548dOH9fdXjp+OEJnHllYnnvniOK2vvrpiefPhXwXl9zCzZwAekVafUiOAFXqRqkYWl9N9zCuaRLUjIMif2Q6x1+sEL5Dv+3tKrJtGOCPwNREiBHlAJlFT1N/CotV5qbhKafE0+YZML3cZJANiqQlrZqq4GfVjdrqhvNEa6WpYorRXWypr6+2Qvo8OCo6BBrk01N+sb6WCQaIx9V8dpgkHhKmS8a0JDB663S65m4d1veajbrMfY3NsZr/H4Uj6t6lM8pTyoxUCaVQ8px5TXlLSU/xMhp7yo5pdJNlb0VCs3P2KhOgk2PZ8n2YwPPiYrpvVmtj5nKdhnHVcrN6DjnbA27tF7yGD9dNPlGsqk11Ep+AEAHgLavau3SjMzC8ipzbWkQh4aHJNf6j4MoDJfsk75T/JNx+MVOu1m3stdtT71bvPTZpbejBw5sXiMOb1Ls2HNk56F1hc6x86e27TBOnuZQ4Q/g36PxhcWgZP3vuyeGzkatVxdehiC0a1MndyopxT/3+6H/ep/0a+nWMFThd1cfnd60D2DgZmjFPyfXxAQS4BfTNf5QDS+QOHDJaQWiMmlnNSGFgSzvqml6ajZRavflp3U6A02QRKHeJXM+1dc7G3heEAwGhTz0pHE2OGW2BbO5oUarVSkEhYgAFmbYuHGgIcSKVp2iLe9no7OB5wInA+8FPgkohgIwQFF8MwFRKZp3/VM2JW+Z0rYq4XHYI4w2O1WGL9wp02azXJntIrn1ZwpiOaWFbD0UXG0oEm41M9AcgLzD7rDXZlozcOGhhbs3bVk5duj6nnCmc1GW/zC1WfDWS+9Ip8llvJdJvfA5ai/s5PqLt6Qbx83C1c+gd9rl5P9cWtq5e//K/VvutSveskp37wrCNWmNM/T2iXs8uXAHDxbgcrRt/7Hi89L6D4eGOI2OP/g0YLMqv1Fe5X8IPCTkaATNMCQ6OA8xdKMnFDEKJCyx12uxG/OYEbRALiSE6DoF/TQJPRsNNhn1lKoaRtONjZl0nAYciUQT+TYtpkks4ZyJJWgN0Om0hkLpYLqpCdgFxsTQTtahQQ/i8TBxoDWiv4Y40BqzwiyT9JvJYgp5K11cq0rl9SrqGasAlZ3TGhWQ8QqMKqDiYT6vdCLxkOaSS5AXcEa7y1mWQpnZbrByEUvqmPIqsrocLd7JlHqJtJyUUcRjTXNL2kqpTcr4g9LURcWiUwBLDTlgMS1mjCCrwEvL4dFDCH5wqbjlKLzRvEhqP7xFivc2w1srJSDd3DewY3TLyOg+RVY6zRng6D1+p7c9O5BELx2Dub2HLr5yuDixV2p/K7WGHE83pG7pncUp6IZHuDVSrnly18iuzfcWKc5Lr51CBuun0qcG8xtAAUIPOpS/Jp7UQ7xkK9VCQUqxymS3O91Go96j12o72qwWS6SHrHZG1UabtG1wCciCOvitMxEmkZIHc8hhtxbAB3fPQMhzjHAMl1RThkE3dbXkzZuoLkoq2Y0jWUVG1Sl0UjuYk+romOdpZmBiMZNpTgHiskkq09TktJtMxlkL6XwxP2eyF/aWaKBZ4c2hF3K9vQErJctBwDvpRTqvt7u7p/SaHllE25br6bF2gE4odHbG9Vny69twG+1laKmmnF5L/w96oKVaLHq91SIbl4VJSDU7rVZnM457AnFZTa4ORPyRZESMjEXGI5ORi5FrkVsRjQ5HIgHREs0FjIJRXTJdIc+T4wAMlSoLihlCTfrd5ZWby8tSMvFOOsvKDeWJohIp/+ygRBkqbJIZXUysMsFuL5OjyTLPqmmmRi3rc5QPhXTFKf5xKl2aw7tTIatSRs7IwZ/MhpyJpO20NkcVDkOQVzLDLVFEwq9r0JVsubaCkX8Nbq6G+5ADf6vwz9CD+tozxTPShz3bfvznq7ZP/0ra7W1HJw4XvoAvH9wCt024nEJ2pd8cf1fq/0K6tW9gizi8RbFm87HjO6cKm1cf2b3pacX3tx05uGOv9J0f9o78I/zZn/33dRs3P7X7xPf7F92EawqfSou2rFx+0Rm4nZ0uwP3JL6R7Xvevbyy58Nbqa9C6csfE2E6yEOEHjcoPicU7qL47Q3edFU1GLTamtS0mbFbYSQagTFNLTxNLT4EauPJMkNjrz0nq1QHa2A7In8mq9SYW1JmJda4kb6WAQwAxxvkYXCHqGlC9OZtSJJUZIUMJlRs6grilpYeB7BNisiVDHQd8Jg3H05NpBBhonJIJKPQ4k86khWS8IRYnH1E7lXzvoCLcNTXujk6qAC2WqMyz2bZO8iG49cIrDJsFSsquGarbrlPrZDY+oIfaQTU0qjeon1G/p+ZMWK/WqxVuCutyq6wKq9yLG0UQoUEFHFOcKnGw1IRzMheLj3GxxCqOv1gFZG+mDzczA2QqTYS63pAZg9MVz5hmJuWekrVkqJ0+VFEuSUqkZiKYCjOl/2TcjAVY0rxypt9B8eamIM0yfpthsuO10jBJIHnkRLJN8dj9m/jZwnp8oLD68K9++HoKXji0FU7tdtnt8xe7XPH3pfA96d1n16wUF48pJrde27hzf+HQpp0bx9dwStgAN4+t3XOZfOzD3XcudxbflyafXjN80OueWn6xAI82S1evuf3Xbo0Ujq98H7pGJqdW7WMc+bT7+2MSuxL7I2m3BSkhJ0C7C/vsLq+gNKi9VOz1tAGXeHiWndGGhTCtDtf6AnWsLV9vqI17rU6TgqUKOm190gihDsJ0MkYZuxsa4rROXJ9siMWCyXg4rNWq4+SDi9YKtUHRoNcH/WYzccwC9vuD1azF1j6dd3IOFkC3k5zYKhg5aBSInXECJ4BAsJ6etPX1PuBjEBo3EG0J5sVmOvXpsk18hVavnB5T/8LOW1MpfG2TvxALKB+wlLNqhoSgrWwDd+hZO0umRGckSny1JUollmRWKIyxVn5leCUfspvQrmIBcdLL81cOJy8PHQrEoXAIGYqfwtuSCy28t1e6fGB4zfxt/f0HLkyExMzizibk3APff+XlfjtcC7fW795JVcf2SO49xQ/2KJdI48kje4emNt6zK+56P5XuWs03aMXnQZqs70/JoWICIRAr+Zgf/tSkmqMmnkINGinPAzk2G0A1OUQ9JAT9OTkhOcDD78iHKHEZP4fLQAsFh1IndCZF3A/54WXE/1jJS0MlL7TkdFbQURipHtQSt6IP67OhFGxQK+uTQpIWezThjhbOo0gkeuiQIzli6+ujiaTHWE2Wtbq6obExbK6tpcekQWvORZO1tckoDmjtAbbCLZmM1p5K06fNWkcunSZ5JHUlWK9ngkodYm3eKPgEpBcEO/Ul9o7OTkB8EocxaLvWhoy4rQ1QjrMO4l144pbGWL2dltmpV6mW2aWXPZWqqKGUc5pEjHF6PlxckZ+qOCGF1ynuKl068EwVWWs5DZJ9SMmRkH8VB9/HFZOyFUK9X3UfJLf9+rlW+urHa//o2wdWrYHHD98fP6zw3x/nxu+/e3APfHaz12xuH3X5u69L/dIX0uV9i54WF21S7Nl4/sjOvYUdW/du2blFim7dMrprWPHN6eeHvvenhWsjI+iwlJNOSUcObuk+4grsX/kC2dO7kvekL9yhD18bufrG2stwdGjf88vPKsDA0ztHtgEVMD8IKgvM2vzELqKywjQJvP7tJdb3aYH5F5vD/5uxbwFs6rrvvufcq/fr6mnZkiVZlmxZsiVZkm1ZluVrYRvZGFsYYyybh+MQ4hIKhrqEEgoepYwSBzxKKaUsoWmWZUlbKCGEJSlhWZZmGQu0Y1m/lCYsy9IsJYRmaZaCdfnOOVeSbZp2Q9br6mEj/d+P389ZTUuF7fAizCadYBNImoZQtNeEntIEBqkYRYO7TjGM+CdImgBGvKBYMPKMw13mo5X4lSrcheGUfpUDxGQRcYgMCKx41t9cTDc0tAYJbmyomUmAREIX0zSBJgUXChbvLHqx6GIRXcRZHKmiooimDtTV+WvU6hqZDL+hogYLl15jwQBGajpYo1LVBGmFza0gJewyD7ny4e1vblHGzWl0KSTovWUvll0se7uMOVH2URksI0fLkIfzrfZBYfdwp+9t30e+2z4J+vN9ZW5ahzQQt/31dDRq8+psQmqh0dl1sBJqdCBK65DypHSU9yzZjWcwRRMcocdpSNPiAAUCVAu1kaInKTynQhO6iU0YVSmHf4CXbwoI0UKclhsNIDwyK33C7kdhEM1HRp3JD55Cw2XDME5FXl+JgfDxWNr1+VKMK+N5Qry8S8Rri9E7JbjoD6S3js5VxEl1XOBMEiQ5J88u8F8+67EyF1169Nb00Z8f2Q1eOF5iMHT1mc3+GV7Kz0SZ8VvTs+ebDx8cHOH6R0UfT+w/NLl3ZmT9toPbDon+4767vct6b72QSHTzb27fkDpos+7rP/cZvfkJPvgE7Hl85lToxitW24/ODx09O3r23RXjx8Z+hLs/Vv4WspYnKBbJrtD9SUIPp7eXyw1mj728kpGrqcrSshITJlZ8WlcfpTC8LUAPkr7P4Cm/D09CnQn7WyobGhmCZxwGOrpVrW5rjWNn2NzcgvtCFq41Hm+1tLa0hC1VVeMWQFlYi8MyaWG0FpJNWMpTFktxrc9XXW10mPHCBIpbi814vUeeoViWRXejbO5uE9uE7uIOErlbx9ahu7Aud9fDetBdrecsqW27/ZqAPQAVyOe5DJSBNaDH8E5FA9eYKTM6osEoPI95xYTOEj1dDzTQDiG+aIG3ITMNj8OTkHZog1qYY6zT4r/Y76pMkZ2MaeNx40kjHa2HWqNRC+ujInmpphhoigPFO4tpBVXMFUMDXunmWPSSYhQmhMUaMTDRSrGATa9UrpYDOe6eOtA1ISrOUTnkc+a5e9+BwCY884LCt01Cm0d4Is6VkeyHZikg7rgQnpJjXifTMIW8Y26OnWuC5rNsPOQfyk9Pzw5OBwro2nkEXNzwnD8TM3ual3YLXaKcVad3HWHWvLb7ktxwbuuGmQv8e3ANLwWfZS/B4BE4mH0COrJX4a6bu/iX9nevTY8n+veLpmYu0BHhPPPupCnk76++TX86M/MWAyE3pBxZT+/et2PPjtOn0cW+HXQ1/4WGrWv7hjfcdNPb9/E399FrWBQsKNmXKWSQnbctpN6FpwRy3U+qA/eJ4ABn1SmWpNNeSc/ixVS5zmwuKqIsdqm0va45RtPIgo8gT5pCxjqFbPlCygtGn6mOxBtpCR7xp6hyZMDDrEElt2DWPhSv4cGtVmuYWsiI2hexi8h0TGtXV79iAY4zFyD7buXauxYtqhW3L1ioSQEFlWJTjhStplOptDiNM+MlVJoQ5bVyZWUc57bbpQIqIO7q0AuW2O1LFtC1UXetQKpc7fW6F7M9izFkhy/TYl1thVZrTwuhn6AZpkdgKcGNliLKnDZDvJ3UEIk3kMGBxhbcta/MaOKr4zvjB+KPxC/GxSxuDe1sPNCIkphGzmpP4fwnGomIybIBMlulRiNKvxtOZ/S5kYTqDKukeoI9XE+6h+mNACoCFEaWUgIV3RMxKpXGSA8D3HhmwA2iWBtKMpw6rR5R02p1C+gFkAKYPxHcADTI4xjewc0cXVVAkiY+QDsf2pAsEsy6hnBgZf6cS+3D851DDvQwoJ3LwycEOPlqb/TOYi/ZLCB+QghtimZhQ3SNc/diMFOB4CvcpEwlxMzGvHJoUaIk+pwECj/TKOzxzkumhEv6EH3yUHbrrZtXJvmXQHoalPDvcQc3rBudmN71hBVcObIL7Jsy6wxtQ9aSyJu8/1MIUSS+NX+eOXd41VhkxYTo5a2rTk3tmBkb2bd/fC/4Z2bLre2J4Ds3QGI3CPGv7z6XGF+/bsuK7FuwhP/0lYH3+Ee3b+7ab3XsHzhzE46fg1tfeIGXvjDzQYT/+Ky1+uzJ/s03Vr18dc36yYlpCkVK3tulkvfFL1JqFCcJekbYLuEOrqqUazeU9tm4hZZ2U4dBv9iuc9mSyT5L2cKFUksHCm/pBXq9eXF5GitKGmRO99pbGomaSSk/cktBFat6HimhkjJhMFUW+RFc7DQD+U/AcpKVUxiX53SDLhGlnxf0FuVnqk6mgTJLe8WLy5eyS/FImqxTGaT7+gZcWDs5P7e4b+nS5sWLOlNud6o3vTsFsEoiPUF/hJ5ZlEqnU4voOliHRx+r6gTpDfb71/gn/Kf9l/0ixm/w7/YfQndECj+OuYttKXzNlam1qRGU/fgB9PurlCoVrJJKMTMM1CLFlEM8Tlx/KpNoIleiZnR1OtOh0bjw0vv6TJlGEbVEH4zSKiYKLAlfYjhxX+KBxHcTYnx1K0En8P7EAyIgwtcuUUQEowmRRiNKRBljS9XOqgNVj1QxsLcKU1/TVVxJWaoKN2CrzEJ/i9bQxcXGBTYDdpMYqNsSMIKTxvPGG0aCvId5iI04d1g5H44HQ2GvzgNEYBojpK95GhVffj5uNhnFMw54kkcAsvLNWRVYndvryNUrAoVi2pwqBfJKjfmwLDSbWJAloOgc+IjZi3lQjPkhHndDYd2HxGMYmjGPSotUU8DxAeE7WzYkrnPjh+ob8Avnx3b06D3Z24dE04eyD3/t7i39MykY6l0S539El1ZV720NwPf577enl8HGz0bAVRTxHZ0uMbAdabMh+BZvnelixm4dEc78c0vumjmVWdYMe2+9MpUaiaf7RDOb94/v2PbfAwl4Otud2PiF0VGmflF7dGt/V2zTvVsjXV1bZ15/d2JD95itZHPHc9fBqWl+P1S3jSS74jPd9WeeszoP7Ro8smfNceT9qlH2gnPlEBUl/GUD1BA1Qq2l1sPfcKU9vfetW7fKVGo2u00wEKhketR1vVGxVC5fZsTR4JnKsXvvLWFLWpUoM7ZQK5CarUC5zDCVRElMG6UHq0+p1SY8MMRQtRgUDWSepu5h70HPH6bWkCGK5dQoemAUveoulAeNnFo01HAOHY4i/VqFnJ0Y+USNUhlddNdyihmWLjOuZlfjWFK+ZE2bhalctWrDUmwRlqJUW80tu3ds7L5Vq4dXMCvACjwxV6tiU+wKsHrF6hW+ZUuXdko1UXAjCqLR+iVpTSMINnKNNxpRjsykkatNAyUmgX3ijKoznZZL5QKYkBwXvqVSX5nvLEhy/kyl21225p5AaWmtxQwhVULV3jXaWwuo0eAoN5oeZRT0PbWjo7X30PXNQ/VEd8MZctXdixVJlrGUlJSZRCoRthXjGb3KVwYCQ8A31DQ0PHTf0ANDIgW6enCINgy1DUEk9orwA+EHw78JM2HOYksZwm1hqOkGCnRh727p3tl9oFu0sRtMkx88tgRVZUPhbpWqOzxUJmq+j2Wp+9j7Ru4bv49R0/fhXQJzZeq+5s6zBJqwjU0Gk9CBLjAT3I2kiJT1FawhlUw2cypPqlnYGZ6TZ80hXRCmjMhIaw4uY+4i/fyMK0+/PAfDstAIz6/b55byV5I4NSBU1oVaJfoFc4APCVlzuGheVT2fmeW75HjSQvDEpNl3fW75cq5NyLlkjIMhYNjVYwyuynAO+A6ldlBiKjLNocnFw325rYPPSfewWTCW5duJGHRjbrlCgo0Ks+7o1i8Xzxy+4U28Sv+3GBwSwYXZ88b+P+/ZO/F9ly/orTDbbJERvzM2vmKsvmb9V4PZETjGO/aaj0yCsaMmFrnxkpLgdX7wswH4i6zn/P61W0P9u+gQ/wR9aXxy9+6RmQ3rd4/tWE8nRwfWDo6Bn6796u/BFP8ZX8K/0d92BTwM9mzbvHnbJH/hZ6d+2cbfvBDzh7j+KavrVP/USKh1fLgeyvl0dAt/bftE8pDVsXfghU+ZPVuzzijPP2fzvwCl58/za9OHXlj1MOjum5ocOSaKj6b7VnRTCqqE/1ByWfwgZgCn3GTmNko1I1uQwtg30MfpjPF4cay8tNTiZi3FxfJIPcR9Y7pR34vi6WEUebejyy4qhiyI+/aNp93hOjF+goTtVOMhQw1Zh8g847OXlXkCeDgxqPe1puW42KYOaiTurg5askCh6FuQwAFAS0srfkTJLSiNx+1sMFhmnwOXrs/Y7ZaYphyUa4xAwxj1hIUsgrRUoVFoVNpOFb6nyvS2dy5obdX2pLql3fiIMaOp7q2GiupqKZ62VeJp2zrR8yBCZagEUiAD8rmJBApMFLTfx/qqOE9VOCqwYyu0oF8LmE5D5+7OQ52XO0VcJ/BJm6SwTdovhYTQUIZCYTwBBknlT4/eS9sprasKh6vqpJ1acTFFYAQtVDHZKBcg9/GEbYRTZioqyIzteI4/znBVqPCtDAkLOnNno3Kw3wTpZmWejjAawnNNc6m3yKbFXCTkO4DG8HNWhucCiuVXf+blk/licm6etnEOczU+Fg7n4UpnUcVyFZVCZYWgjIWKBCw9Joeld0deKSpAignJJY6X0bEqzEDwCVO/f+a9/etF6r0zcC/HdBx8mWEmwSFdgt/1KX+D36aMg74bP9qefW961aq+ieTgtGj9zHt0iXBGmnZw2+mXbh4WWr5MEoj5m/xugBnl+Nvo8xb3Zh93uYb4mNf70oYtj6+HkaBjMze2ucu2PpRed1K0lW+L7drdt2vyJie+vvWdrTOGqfQQE801gvnXzqN/GIFMzf9G8on4+xibEvyQ0ydb29ta0akcNjfXMTUeT0WYrAnVud2+ujpfRTnpP9gYh02j0ZtbKIxAvuKM3oZOVi967FmfL4UHBcS4o8FZ257PgUYil6RVEMourVajUmnOghbOmmlndUYBK5Jl2jEuZbuqXdXaIsA+hk9lxGRQvShTh+I4UXNNTYvP5/UgP+j1VohKCaWXO1NOwAiguFRcSiUdDjY5njyZPI88zI2kWJNEaV+yESkudzqDhKjQXsaDhRozQD8e2sxZ3SkzBv82o/8QfkYLbqmdybRwak+qhQrkEVF9AqZBvk0rwJPdgeoyH5NMqF/Pzh/4Vs8mh74C1EseWFfAzm3MDyQQ2iAyGsRenwVmyk8CBWtFeDIPuQVIz1sQzzMGF5Bh9ARyVzfrU0j9RFwgUR//9TMTxqwKckqD+ZO+vUrD1KoJNSvl72L5/wnVv0M/JBE/DsTwx9l+Q+9LX334B7/95lTYYmUHkjZXxa5t419Z9jc/jUCq/4mDI9Mbv/s6qIQH+Uv8Ln6GvybtWmE4fhaw2U7+6bYOUA33QtvDZx/6x0PZ9/hPgQQsTvJf4P+F/9eVB486TW/sPaiUDq38/pl9cfF7YyNjWzcj6TTzWdI7W0ItB69x3nhDQ1sd7OnpYFwVFUUWud4+sGxZcGlfXyToqaoKqPR2S0ReF2JqghjwOYDk7i5O1tERCxRFGtlGMh8ei2XSFFVisVSLy0pVGLpJxhWJkYOQllgwfokzY1Yq5faBwEDLAE1rBl4cuDiAIfIGSgbSVR1tbRzXhWT3dEarMRI2F1NGrzdqOCRHHGd2pzgMkEJJCS6/IdMTj6djscYGJLKNorpGOgdVxGZC1Q5ME7t0qUNKUx4idGk8Y4asf5pTeFJpp6/K5apA7/JMxuWq8lTh9yvOBAK9nkc8JzzoNec98CS6uOS54WE8eQyOPLxKDnZo1vxGhYGXovniOa9skQOdF94jXIBowYCO2nydI0e5ERKGYATWDYIULiRC+LjAsTwfqCh/oGBsRS4iuoI8Fgp6pjot2Yonfb4cCbqA7hvW6QvxkWhefISeNUeW4RVg+/XS4uz/vHKZgT9//c09e+TmgxOrXnnJc/Hf8cbbw2fUNnANjAa//ffI8rFPSNTwl1l/UdOvvjf9M/730Z613V6d1dbf4XL5D//gaFvkl9kI3Dt28uy2x+i9p4AMfIV/ptwz1Obx8N53IZQOpQ1wFByvrPxBWSUYOwT8RmN3v7/ruKWUf+F3YJg/z984xP/T2y/fGOH/88r+4a3JsQ8qDFe3H4fwQmbrow/0iG3r9jy2/XFKRDlzO3FVVC2KYOIoo/mI07ZyiWYOnWxKk1Zr1WhIY0aCcgQMlyCTwIoKG8NI4tV4h7tGgk61VvwMG8qERjmTQY1OtmB9PcYGrrXZ2qKhUFMQhzC1nEhUy2GZa6U4bJmjISxegczbrcDSCmSt4Cut32mFrdggk0K1IeqKRqI0xh6lW6Ot0WZPM5toJhY6Ui9gb9XUBGprA00BMrrtjQnLbzarVVRhMnkMBr0WqYBerxGIGM9klOKJCIjgpKkK/ZII29sEer2A8gJFpMkrFnubIgyVkMnOJ8Bk4nziUuJqgkmQejYy1b0J4EgATQIFQglKYP1C5hpFSU7nLQ/w4MnXgAdAD6csSSHN8K3e5JuDnI+zh82zWQU+EPV9vvEmtjs//HfHVh0uNWzanLPhBAEiZ8ZzdQZtHgn9es6sF94V6Qw27DltuMOa4zpA2DTHbJtmwbAls6mAEKm43KYiRkSamIIlH7z5wqT51mtMUCp+DIjgy9kW1d1/N/7w9z8Y+upWq43tS1U4vVMTG8aX/PgNfzYIL03z6ekfgB1wLWT4BE/Bl/k0OAmn+x99fOTwd5/6FRiFqw799TPP/PUhXsP/PdCAJdhe//P5dM/04Yddpve2HGP6V33nHw9HmFezbSum3gmtG0i2jdDv8GeZirFVE1snKBSh+/n/QZL9Q6qBZPsrqFGU7a+jNlCbqS3UNnot5+/pYmVNd42MmNGnWm2OlDqdEHrrB5cvvzu9ZMmau3uXLlvWKGtqFZWILIzRjKlv9D1d1PDQUD1OxevB0GmK3bK+jVTTSCjRnhrrxsMTa7689T4CakGNs+NQSY+rMb3I6qcl9zbfjfclGjE75tMOR0k1rr2xeqp9zbikUdLq9W4X3b+RbIzquNaI01nvKEXSa6fq61HSjAVumBoCdZw8Mzy8tBqFIhVBEl8sZweXE0S6JWx6CblxdzSK0vDws5nu6NpFTfEmHJOrMvemWttb2+PrFrZsbDkLas9k7tu4YfP9m8+CwJnMl++f2Jbcho4+m3GgZIGoSz0eltSJR+6q4EwlqaLBhYNwEO9ZKPUlKddgZBAuTIM0VqU2fCAdSUN9GlyOAhTsRddEJ6LvRj+JihfFgS/eFIdr4qfxxUT83fgnceZSHAxvfGojPL0RrNn47sZPNtIbsZaFFZrUpY3gu/eD4fufuv+f7v/l/cya+yfu333/6fsv3y/65H6wOgngI0lwIvlREtJJvI8qxq/zIl2+y6E2pOx3Aeou9i6oEFUMpqPxjfcnxXfN3pIvky/DH+NSahn6GN0Z+9LA0gNL6aVcuSe1FOcXS1euMhpXraKUrNKhnFYyelpJQPrsFSnkmwW2yQiyL+qA/IQcpuWTBO+FScsvyaGcDDBZcqwHs3vcecJyMku3cn5mkqvrb/KhCC9PnreJbP0JJ3QH/5CV2byh+AMiyTyxXmgOfKeACZ53qeF5E905e0DgkENhIXG5HirMcqNzgWsvFFhJ0AzwXIyQ2uB7xMYQfMeCr82vcsx1vqRvljMucxtld8SHf6TqQF5RnitYlufba6K5tcdcsSH39g1CCoRLlZhdndn2vV3Dspu/Qyk+B85P43EauEEEDkExNGd/I4seGz1y4N9qWqJ+l86g7k4aTJ7J6fXV7nVfCd0aB138B8C0Zjv91vZ1QM1/DBK3RsDxwTcvW72XwTupV8/0PQd3rToyuWHLrYSAPcRfvQBi/Ct8P4jyr8L3+FdALFuCb9d9/UdgBWzaunf9k0+u3/vaG//6T1v5Ov5NQIPuKD/Ev/rNZT3d609X6B7bcOHkoszXvhgEjsNje73QmX3Lu3fs8JhpdPuqCDegHh1Zs2Wz+NVV2yc27LgF0VNGJiYmXh4nWM46/m1JQvw8paNM1P97FtOJaLUS8JxAJ3KKMuKU6FkJcuASs4zQdik0nAKlQhKJzCATIG8MBhWLmXvBJUAraABYVk8AdBiKBQaaxaLt9qTw9Wkk4qxKAItTgShXnrmlAA8oHlR8V/EbxS2FKKAAUKOwK6ACk0EosIoqKKFcjtwWgdDwrV41hyYqPDvTTnCNsEfL+bAwhjMqEEYJFI7IA5EJZwIhj4SDHpseWTUKPzh+S2vhP65PAAre6sxeZ66J7xnYvCcxs28se55/IpkEUTgOt43fpngduI7ZcXX8f0kuiX9M4ZmNJvA1TlHZUFljU7OszmLHgIc1lAGsfbqYLS76CeFaXIk+XQDuPS1mxeIcU9bKZ+hgKOS3YQSL+mKlpUlKyEHraVMNo5PJmhtiSpKN6uZgoysyQY41poJBtzsHi12JjPizGZfbrW60+QmQmLVB30DA2Iv1pqIiQmKgsqdkRbIihT6mEMAuKBtQYCQLTj+iv6q/oReraJs+FtPbaJZi8a9To6+ukVNn1JzFk1JzSlNKTRGgM0eGTjMjDGQYcS8F0tQIWVHGA1NivJ6cQ0cRuLxIMWWOzcph5BQKI+E53UhzIWqZzTBD+bqI0GYP56COhB5GdC4adg5UFPciCAW4wBPQUGhPiCXoZx4MI8xDyOKCyGc0E6jd29sGv3Ps5jv8+5Hoe1dQmhLaszgOvz3DiBR0Qqkr4a8dfkxpOLfvMKuUZtMJfnsFB6jBtJw/xly9+Y7IJvqXro6esS3ZtxL8q9m9/FkuBXQw2tPc2bVu7d4vDr9xlr/G9A8a9q+d4qffr08fP3MUBOELl7E0Gfhfo3zxbkpLVVA+sOjHlVIsFDKny2V2EPQIg9FoJdPnpbKK0tIKGa2tUWk0WkjTPgV2tqs5JaelZCjQlckUPgWRA4vdbCdxrbiKDCgZjAIOksaAnmYw6HRFONxVZXxmsU4nNvsYF+UizBlOygWiVIbSkJFzDcGPVqlEztLSYSf4jfOWEx5wIjV12p0B504ncnNOrKdOSkR+G8wBmQZgC0T/8svrTIDaScET1EcUzPG9IQeFpMRXGE1aKQS4AobOHEc3i7Tpm4ceLbigUCgPGp0DMSN8xVhWWDw5pyd7uELfCpLCNcgdEbBHjIRFW4vus5ILoBusi/C/4F+Hyil+a9mP66Nn6RXgCthTzyv5G7SXf+0w/yj/aCwK4vxpfhKIteLuw9Um/rWsbZCv5z9JRmcgRw/pOo5EWT6579arTHQ8u48/0saBNliyDezi3xhE//fq28WSK+KVlIv6FVeks9FynVKlMpltTlruMpkqWIMIoIBxzbOc01nhdjlKkIafyTgcVpsNyUDydKaIMI0kzmQMlD4HvVyeYRncF8UjCweYRxixnqYYipHbMLasTSNWSZUqlP8/k1HKObkUV7G0mZ3yF+W35fQJ+Uc4GCHzNLhMRIBP87l4Pp2eD98tFIKAgOEhZNbClFiuiR8KBGYZWbUC20H+Mye7/5JZ/Ixqek9WDG/yX+e/otTRPNxewh/nD8E3sl5618yOz3ZclZuubt4+sw2WgrUPgy9o5P1pNvqYScsfeJg/+jA//d80XDHE7kECiz5Z1+1KyWviR6gS6hSn1+lMxTRNyeWmYuTnWKkIYlbcZziTyWohCRg6jJmNiot1LCbHbTuVYQ24llKW0WhY4IQsjuxYzlyGLjTGFFvEFilosThHdavPSDFML8QstwKxrQD0Fs4vpoej2PoRbzV3Mw405qoRUSHz0uYZyhooUJh00LJlhY+IAhUu2gOGbz3LnHsCb4vznxy+ojS89MQU/xczH1YPg8fg+DFwiF9/7NZl/l1mcK3hKP1odi3fF0XWuOS2RvKu+C+oMuQ+VJyxWqsJKUoYRUijrRYFDSUMRco1azhlMBixlVGUTCWGxMurOZtdj75BFcohNGUUEplnM2VlJnfIGSKOB2O4IrH0+73V1V4klqcyGi2SxNMZJdlvinO+jExUrRGJNNW01SmREGwjHeUElDPo5JzjzknneafYSDsFXI9m5GtmkTEsKStFUC1mt/rn9NTyjfJ8QXIu/GU+PJ1T8cGfLqEbDBd6ckQ6cxUb4fPO13RmkV3EEiDIqrggqyV/e4I/C1LHgZd/4/GHxfIfPHFpaEquXrN58JHv0iXMLv6Jm7velJveGd+e3QEDTU3g8hEwyU8e4e9ujK2NxZuzT78J+/vVI+DjWIzZfOTmGR5CBknvFF7moCnrbYC+q7+kfNRiaim0ch6TVmvTQI+HUTc3iDuCakPfkiXy3p4eh1zc0EzLuI5gtUbJSDDW0NMyPQ66VjxjMDhkXTYcSagdjmVeilpcXV3XGPJz+JCK6/KYTF4DKWsQHUBPANFnMQFlkUgkPgfiyO4vQcf7qCUoyQlmvisC94mAyGF3pjDzLbzY93YfpPs4tTal6bP3QQXjFfX1ibx0j6uH7e0h+WNbMpU8S9beOjpSi1paFjc3+v3VTYurSV1w8eLmpmah+mLQ69UaRkLExZBRGiRrJJCSgCJawkokapVKTZgXosHaIPZUgUxdLdXkaAo20YomNtWkqq1VNaWYkt5wWCbT9K7u3dhLq6heQPWyvdBI95I2riPViwHaMd6Xw2YrwUXKktx+cc7vbMolWDnZiK5aOc/MRUm1vLCXN6dWWaiM5Jg95sU5KCNbKRA15QYLo3Nypz8oR+JCeY7WmthSIqmz6VFOaLWzlUi3q6GCFlW6IR3WFbmLRJ9XYyQsZGJRBfhcQZ8VayToQhXyYRD7XbyYnzSDA2rVY7QSfl+X7dfX/Pb7u37O/1ffN7r9EZNVtyJR4QzunRx9bOR9/pormzj2Mn8OJI8CJ//WvmOQ+da3XxjbLTXs6Rl45Hui2OCpJ9c+ueDAj38B1lcfqkFpS4L/p5uLD6b5i3/3yrVR/re/urGVG51+zKN7b8ujA/uA/PE9UbinqBxcngI7+F1TfGeJvSdlLc3+1SUUcHavUA/AUkc5U71m666Jw1hjSm7rJe+LfVQVisJbwf/jqjTlSk3AV14ZV3IJS5FeQle1BoJBX6imJuJT6L2lEroy1ooe8Z0FQ5zcW2zU0kAko0vJmIa3kiNbUKs5WSSyoIqLJxIxQknGJbCqxKkECoV0mXjcrqwJhSK+SH19sMzuthPeGSvBg4shd0KZhUUVFGoZGZ9PKTUQBLfY6YxWGm0lN4JsIIgrJFaymRBgV7MbWZGGJmsKOoZ1KNQpOXsWBLk+zKxoZ15k4CPo4iKDvDqgpEATtUd7o6ujF6Oi21EwEpgMTAeOB5D7GUFXJwPnAyIleqY0GsCQi1KGEqvcnNKTcmuUKrJspc0EVC2qXhUdVJ1XwRsqoJoLKFSwksLyExla8FH58XGhMFDAErqT2GNenSAwF+6B1NujpA5AgOI+DOdqido8EmIh9Z8zgHQnhpxABjt3aNY46yvrSEmRTJrrgFhCYS4PYaEV9oP1/PvAzM8ABhy5dV60J3sGMOiejr8Oxvgj/GfTj+tMjz65hz9Ed28RGY8fXXfmwhdBVVs333HzJTBj5XucfWDayh8F956fOjv1+ptT+/lLW9Ct81OnUWCf7menHqMfVX/jqzv2bjv0MD/Av+VPgJvw9X3ZJ/mYtwccRyaXbFX9B4r0v0fZqVaqAzzFubTt7foFpUVFRjvF+GpjLqNer2FgrY+i7ZGYy6FwyMQqvO0AqQXgLgzM8Iwd2hMKZGDv4ZQaTarYYnFU1VQ4I8Tkc4mWcLi1tsbpdARaHTjOYzNIM0x0a6uRaS8ttSywCJGPhQC4F2m1muJiY7Q+Xk98dyyO956bn8ks0BB+LyTOKlDtcrsEoalyB9h4ALjdIBBn9CKyhGqk9MjURzMtRswPShtxvkj4JaRGjxEaKytZiUMyggEGWAknSUumCcSABGNvCZFCE9IT2QHRRyIYJGvQmwpIVAIUIU4R5hW+ovPKVwVhzFXB51hac2FO9Q8Mb64LRKpSApdXIB8gCDxes1I4h79rjhlFgiWa12OnRQUziyEO6xsMf2hmcSsIIp+f/RTKj+OJbfDkQ/zMv4Pu7gj//Dv87/njXg7ck31r48y3vv0Q/ymQH/3ggy99kdn0pVfT40r1lvjAn39DPJ79s6GfX6OLdoPQQZDkzx3kX9/Kj3/245WDyd0/eeVBrmfi7Mdg7yGfF5zYB3bz2/fxf+Z2jcRd7uwDl1E61j+gHILBmgCI8S+/eZVsz6MI8T3xdykT6eBwoINTOT2WWqfH5LPUFsXh82RNGk+dJZrF2E6aTAmarlPhqFGm0SSLHK7SYh9hEuDq6r3eqMdVXFxUEcUMWSi7JN2XaJQL1IRrcFCgydC0SEOpgJJWqQgABgomMUlJ86lMs4iIXFNzucVqOUu4BBxWqgK9QQUrrWi2WpsrkDGrDeMoMYyjxHCMozgB79+Ww/u32XJgrRyhjbhEieaAtoYChRpDfkkgOje7mTPRkSsr/UkpIp47RxpKgGvC+an//GDGHQAkTi12xuV14YKUiI1ESpzlc6REWwW1ZfAqs+LIzOXDMPRcicmQHrRZ6/mPs2M3srFv7Pz44yPvvz+xjrn3S+fSY3J2NNk/sUM8wZ8BXTOXQRd/RtwwE1yfffjRqQ0vO0penbgCWBiqrAD/sAfs4bft4b/gKh+NllVkv3ZB3LVCOQLLKqvpn2fPwhRh4fpvyXXxN1F0GKFS1GLwCWcXdXdLurQKhUxfT9ndNeZ6mrJz7qRMIqFrzIaFuD7RxCWTCUxL2EZ1gdWYe/iMXt/WRNd2EpIhmu5VaTQGvB7jEXBYA4Ean68GJ1uqTKiyMuIuM5kM5RFDzmJFghFYQvuQi22WtTdjSSjJdCNb1dVFWRSA1iiAQqQQiVS0QEMYO5Upd58DzUgMkpjmlkoi36rPaDg718ut5jZy6Mkc11jXSOJJhxlvy8S49kxpMQtAOWsvRpd1xcV15YCRtActnCVtoS0WTXugvaWdlrPtjvZ0+0j7eLuIaufaJ9un28+3X2q/2o6MWLvm+VyRJIb38mWEXFGGYtg4Mpcyzu1JybhSJ7pQGVMyag5N7VwGz0ABuW9ldOWsJ82TS/hyvpYgKK1eeWcT/A7pzIWt4A5Lp82TFhJ0JWGQSKi5f76pM0LJnzZvYiFdmiO3YbGk3ImyJKMOvwQDLBlobPFolmH2/s9HYF20mt93k/+Y31NdDe67fWXVzOmpI9jKHf7443u/CMVfvO+ll6S68Y6+b/y5+PJVg/rye3wb5C+EYkAK3w9lH+q/8Eu4c2of//e/ONzU1dP37E9W9MW6/+pfQFxeEQB/O4WN3RS/pczNrXCWZx98s2MNEm2HPwjXprqugFgXv+NcMjoN6t/g0yN8F//piaepHI7LdvEPKR2ewQMpTmVzFdW4bJrKoho9oyV0Eyydq4avOEXJ6vEOrIZS4Ao2WHFaRVc2iInnVWkoulYiiemtjmJjpeCMa0MVFRGXw2jUOyN6LOyKTCTiq1MpFFWBKjJVFAj4amp8pDIjkcjqcT39VMbpIs7YXmQuElYArWYnW+80m53os6zBK6w1bB12nGaUMqO/iznOnmcvsVdZJs1OsidZoeJudZCKO4aYYMlW/CZhCXXOVki0kEkXkpo8XHWurv55Vm92WC2PiIeLsY3zrd/nlNvvEKDPSUO0ZVrm8d19o38G7UdneAufDWFkq9sDt3wPfZf/BCiP8vy2XRDu2PXztgklu4Ub2DtFn4a8ONM/srd/Zs9I9gb/ZCQB2uAKuOFrMw+6q8E/7wNb+b37+NWuyjUxV2X2W79APnAgLV8FLT4/reTF4CZF8Oc/RHnEN6kKYvNePV3W3W3vJCNjekI5XFxUpNfTWBpUGlUX7rtqyqOhaKiiqdRul8lUWkJzWUGVY9J1VXlFRbmK7o0Em7AYmNu51tZKn6+ysqaqvSMWS0UjVVWV9alKbOsUmVSqmO0uK7N32bHpKKXsJDAj7MqlxS3NC5qJLLQuqI+SwKxL79K6SA4hQUaN2LOwD1OKxTh/Jli9c8GLCy4ueHsBc2IBqGcntQAv4kFKwSqggl5Qr1VUVyu09QtERVSREAcWkbmeigpNMYjSxXiYuZhiBY/qRx7VhgI5v/8G5iuc709zIKW4ZLg5FPDNzj3Pa1ESIsxoHmMxf/7TMdsdQhcOz7JVhEI5uWUJvE0oP++DadxJ4TeXeQiMgNgHY687p+ivnbVreV6/cm35nZL5RyI32sT0yaVq/oOJt9S6K7sPy8Vw5gP6pbvefRbADv9t6tnnP3FFrj31ev9XjmWlufjt+vWvbGImtr2U3kLit68/KD6efa/t734qbrow9hnT3W/Yxg1kX97HH/30W5nB+AN/+d2H4t2TU78Gm2bE9EFvFfjxPuyy9/E7KipG4m5P9s9/wZAYbhSW+/xAzV95/WcEm/S2QjIu/g6loGqoWqqOaqSacahVVMpWlMocbIUSRhXxECYQDhQ1+THi6NOyxjBD+gYBmVckalEai3VqhxDFeX12e01psVqttNQohSiupsbJymQikcvpcZ7FGDQhv1/Iaetqm2rJjWiTpZQ81BCTk0GamgyU+3FnQNME1LSF9TdZ5HJLk5/RVng4V2XKg7MEj15PUWYyUYxHb4y9WoA3R6e157VMWjuiPamltcKYWL6BHbgjePPNF66CkOUgC/+EESMQDnjENpxbTRNa0oEcK9MsJe/nx2zz5ENbVjhjK3ZlGjLTM3vR5a3EbLy26Qsvp9bJ2f7+9M4v0VEwwU9BBl8K55m9YEL8HX7b7z8bHRVLs+tQxPZ3+8Aufsc+/ouu8uioqzz7EP76V6WUg9Drq+KtGD4aVsAJXg0+xmdKRFXf1kteR9G8hKoSZAEkOH2xvs6prNMX0xKrU1kVqQp6cSB/WhKp9Ql8DJIKmm6o0hrVcqvguSoqLZaqYqNcLi2qkj4PWpA5qEKpZ1WVI4DhvJHncrkcKMlE0nEqE6oTynkSWkKLQl6hDVRUTMi9gjVEOAy5woMno1U5vEEvLGIPBC8GIQFqCHmLgipVsMgbElFOTm1MOamAYII0eHYKS5AGr7b3UnSQtI6EQH7OdiOJpKJzNqjyLcaCTxNqeX9CFshsAh63nlconh2wvrOKhiebsBDMBkCighAYy+gemj+SDR2Zeevr3+GvA90xIOc/3X2Qgfv2vNq9Qapbm+qb2kufhK9nQ8L51ieiiptviitvHtu+HZy2VYKfTeGvfopf7qxaE3e7sj9+Uwr709IVUFvhloMnYJAfvHXjEPZdSPcvif8CBaEBKgxcnB7ai3UeqCxWOXUetVJtZ0Jy9KU+rVKGSaSiUFVLJHXqIosB03TgL7u6pqwsYLewrLo0oCbt5ECArnB5XSQpk6ueJ1VhiQBUjcKUkIx8w6V28g0zgvqX6PQ6/A3bM0X6UlYeKmX0eqY0JBdRHi/uo3g5pS7lpWjhzYzoizWidzMaC1/seQreEBqDs19vQdFnQ5V8/vanq/65rzQkaHduulMbLnynhLEK52fCZtrnBSbzU7Iy2sNMzbD01mNZF6O8NTjz6d3/yN8A7LHPPvvSgxAG/uWVVduUuq19A9uOiddnXfCK2HeI/8HMtSS/4RDtMjWAF/eDvfzW/fwXyzxrYqqW7LHLTH+ffBSy7gC4wXfhTNzK/06yQ/w9pLvlVDvVCaY4g7Y8UBf2JAJ11rCt3Bn1JFydWGPP0Fqn1WYzY7J3Z0qMU3QJpcTLHRInTSeNxkWumlpvRVSw58kFDQ3tdbUVFa5wuwvbc12Gagdaur09Vo6SODoe42IkDU8JqkstJFfhOqEdYCswYJsIA3bA2ms9YX3RKlbSVqtao9UIVNjaoKdK4BWoqUrhuSeXzZOitEBDp5Cnr6rShqmUSJrguDJPisNugTOXS8sFPfflknefrwVTXASlnHRSoLg4Kb0hhdICWd8dyXtg1v5r51SNSNLkm+cF/mgOn4tmBeazHK9SIDwHXfYOO0DjQQKReDamEBM22nrCofm/tpTcgiRVH8kyRzjmMKPW8R9Mv65Wv3DkSbkSZq/LFq3lr3sTN/vaJfyZbOSbf85/BqSH8BLF+jVS8Zfue7Vtq1Q3kRjct108lWXgDPzSzO59U5KOj3n+F2KGWZNkf3TwuexD54/HuvbuX/fezMvOMvCrXGqUslrX+u2l2SeuMH3d6rVQW+ky8xVY7m7TpCappyqpTqoH3DrlsLqw6Ljc2sWLuzThsEojUihoVVGRSqVpbNQ0NGgqNZXFRjdFxRdh4dPjlJ8rcuvd+q6OLtpmk+HqgBPJYrquNo7fytzBJZOe6mqPx+/tWNjU1NlY5/V6Gjo9xIPgxYr4/AQ6gaVUhgKHTlmnjOISbneiLUGeFamuqSYmp7YGQy/jRQuqhC2BarqkxCzSKhSLF1NmIXlqOoNyp/JKQyXOlqIZh2HSDG6YwWozoMxBM6QMQFHTgNHzGmoYkHy7DWjagIVuwyLahkW0bREuMAgyGkAyWkHYvm4AgAJiwIFJMA3Og0vgKpDmdu/JKj4QwuJwgepC2MAIz5ndnQM7nk/ucS6eLzZRc4oA2gJeVWGf409FyHn669xWMHktipeF1YxGAtSa2xcupPyBXNAcCgmpvzhX2RTntofoO5AqtLmY6H/rnpqK6uH7zJY/42/9CtSGnPyjn2T5vzJXA9+VX4+9CTfwSvAJJtOm4Krso0eyB7NHD+7F4n4Ybwt98R5G/uX7XgtOSXWbucGpbeLt2YXrr94S/e2+Pb85MVw51Na26+uZjp72u/7qo1vB96fffXf6/Wn+STAAzWVl4MoUjpqn+C6rdTBut2WfeovpS7ProLyynL72j7seImwuv5e8Kf5rEicJbJWbOK2+uEjpLCrW00mr0intSEGS/7cvxNHSKUl1iKwUJZPIZFb4A43kXlNTtzQXN41wJq5CopHQs7GTxkt727uIUWxb2I6vQ8GFInJ/YRUKw7mnM1VUG7lP4YCp+dlMURP6kiIcgbaKGJRaFQ6cmp7OqGqrBTmsxTlmbVVtgHbYnC5CrsIVZ1SRImqhyK9x2V2wjHZxCjbl8vr9AWHEZ6cf9PrBSf95PyT79Wptyk823nI0tlg+kXQKEilMhEaJA85PoQo1gQJ/VX6yy5wD1p8dEp8tPBEm6FC+PJqjlPw/hVafUxkI5/D07wQEzqOk0CHGcSTLHpn54NBeUlICkOfvu5uRb173ShcymRvahh56AF4/At4Cv6jnt2WPHoKeg1adLtVjMvk/zu7n6WNZFt7Inf9zxrBtGz1Z7gQ/m8a2c5pfXmpbwTls2cffglCc7lGvgaYqN/Mmf2Fo//6vbExOT3ZN2sy70q8Bdfblj/lpjB3m4P9bcgVF4rjTg735h5ye8gFfrSvmq5VFXDGHyWHQ4sHwUyBlw5mYxi7CUMy4Ay6RtNEsnhnXyICSlrVjVonTKpWps4QsAwG7jE5YLIvyjZ+RP2z8cGcyra0LRPIFQm5GGjy4+B6LWywaOzJydntpqnTW3Z/OmCnS+zmdKaJZmoikgVVhYTGVpPA1Z1QZUsj+s5TOoQvqaCWt02naNOS1QouoiavOVLntKA6FG9kX2YssHWSBvS3QBuM3UiBFBdg2d1y4kkjklfg9zcigVlZq5HY5VFJyTj4tvyRnzLScuAER+iQaOEMmgAEayitTIk5vRhcoayQwjwTEPo86EvDNDnesDKycg3SS57giyxBzcsV5oG1z55r+ZNErROIDPOKMA0u8R/dhaE77SAgYVgody/xKm8B3VTePKuLOnPJzZB6nEThcOA6O8X4TfzMYv8kcm57ZDS5NQzZ7AxyfzvZPz0zu3zMzc+jNN1cPQ/m9q19JbJOyG2JD37hffHpmN71dme2HPwBP8dnv8D9OcCACd9DK7AuJz37+8718dsXEBL2h0gP+cRp326f5e2z2oWSZI/v9dxjIpAeUayHr99Lv8DPb+DdwfBq9bZRcEP+QclHVxGJ+ytna2jraVbqIjZZHGsMqncnc3tLS4bM5Ucjr6hLgleuDwfBzBCBw/JlaMtuGIwaU4iGb2tHpw12DalK2T4Llp1pNUSLhrdUdzlqPuLmxsVvuiuNDeq45Eg4nbQ5PdWNzjR4XlQnhmiJD8EAUtJRi8H02FPRUe5vlTTXJIpeBolwCdJQG6SEGJBFrhFG4xtMZpRxPwmFMZyx/ATmtouQoKpZ3ejHmVWlG02nv3Nl5oPORzhc7xQqqk+10dNIqurMx5U7hZ5gzve7Vbqhx291QQblZN6yg3dYSPK/XhNIgd6ecoUQJB5ZXRyuVZJNQRSfbA/VJJoEBS/Cf3ps4kXg78VGCSVAEsbSoABCSs8Y58d4053Zug5PcYF/Jp7q5sCG/BdTYKIyd5Ow3/se+kgMG+DDcmJNmAXUwVIDmuR5tJF1RARm1sOuTK4rkqbEahHAANwYcAslJ7jSX0qdg25FRr5wL/aYVZnIlJE2O0lNZlMLy0/yEnKX3wwsm/in+AHwiO0hPzExd235Byp7fs3lmAowx5w/NjB2ChiMg0n9w3YadXwY3p39/bRr8x10TY/vWD4EYNM+M0Uee37Z9ixhybebdMtHW7dsmg58yqQHdFgczznfEYvRz/LWB0VUj9yzhp69fAxuG7xoaW5Xmj+zFNTRsr98Qn6AsVDO1kPCfrIZBLt7T09qrN5u1JXDZsuUUu6SvsmahxFHPLkmajMaOperBQeVSsUymYBZW9tFDNZJgCVKVoKPe2mFdfhaMPq1ltW3PgbsxzvTplt7Ozu7nwUpqEaVAkYVyFbsKo/WupIbxdg7InBpayuAVGQXDDC1qYWIdrWwrtu6qlUotnUzeZXVXOW0ExLCUi61cNTScbF013No6vIpO9DUFAs01VTab1ddsJea/ubnPlOo7S8rJi7rLy7u7U5EQXpnDbqA+CtF/atmykkFtfjhFLcUNORSBKBWKhdLEQtKKbUt4HGUOLNA1GXfZ6sQjSGDpqNSXKCtL+KRRkbHXngqkelOrUxuRUS7gcJHRMvRB4HC9pMRkfJ4A/hpRpKLMvGi6aIImjGRlwiHInf2wQmo3Z+Y0Nx6er+zlo+U5aOnaz7Pe+Tq0tgC6mQ9MCqgY0X/OY24GPsSyHyWovrPboI2NwiDW3MVobYHcMDAfPidANkRxLoj0Q5B5PHlOAKgYYQ7rfzP5+Vfp81qCwhs80FImpoUZLQ7s+d3zbwx08s+Cv+TqDgUDNOB/3/vd2zcG/52/yH/Cx63Zk8QjvPee4BFe6tosZbeGBr9xP+yjFTtHD4/dB75382QPrAtE9nCxMAzf8oOKvz7+l0l+SfMPJlYNTnZ/ufFr/Ss2btyzfn0i3bXnyrfXfeHQ/Q+dGUjSnOAstvD7Zp3Ft38BIdPXr1wHlX4vVJ882vfVB/bA9cOZxPoN5j23riWTO59dSWd6Nmwb2E5wFD+UXBU/hYSDcH1SKZRvfsCVVlcXSxSaOrtEo6/wFhdTlClQZ7foLTJVR1KLXUSC6kIy1AWGT3WKcFj+DN3c2k4bCY6iydSZoBv1i9nFhHWO7u5OW1yestKAEBk1xvz+eLWntNTijVuIasTj4VRDrcA60tAQrjOZwnVhkog2G4jYa5tZrpUjaqFq9VYLw4wUVewohkq6uLhd2dbeJqBRy9orNUVAyxSxRWRLOsYtzrgcmmagGG+ebIYnWoGm1d4aaN3ZeqD1xdaLrRKlvf1EO9S029tb2nvbD7RfbH+7XdLc6m13ONq9rc0iEWaRD9QhR1MnTYlS+B1tme7Fi0Wws6uLpqHTSQCwNaKNotsi+iOBOWATxucU4Kzz4LM5f1HQpk1ItzblRx2iswxweT642Z5MnlkrXzv/YyERxnb7MCpE+EWhPIYtcSSzCoQ7zbjsFsa09CgsEiCQZ+GPtQIiNl7a+j+oR4GOPLc6Cm38K4e7++n3eRZc5qvxGbK3zh6JxlzZU3u2f/LJ4fff37aBkf/Zlx9eMyZl18S7d4zTY+A4P1I4b9gx2revi/4HEAGnQo98cy//Gvl5efdhEd3bXc1/ZneA/5wC2/ndU3yyrGwF53JmH70gF8P0gLQHlrmdfAzE94J69AOO9OzAUo45bT+SvEuq8G7kSxZRvdDK2Qzm2oY6rZczmK0qp1Ph0tY11DKSmJersFaYSnBQpCFuQd6TynErupDIu8CK01JrbyehUNRIJXIN00bTSyoC4WoPnk483aZRleDtQa4GTw06VSq5S0tLcPVCIuKkLleivbFxYUPY46moo2rYGkcNEq0aUzHhRtaWmPCmkCFoLbGhv6BJmKN5xlKWsi2sOAtaUYhCLQQKeqFRqyOcc4aMRgcUrA5QukndVZIE1DXg8VpZRqDj6llEYquexake/BtCwRTBcCrN9KYAdhIHUhdTb2NXcQPjw6VCXhSUe7GQyzM+28LEYjxIgtVNm/Gl6nQMlcThU7KGohbjt7F/HjmiZJYWMbdpJuA1zxlnzBVZGmczWtKZ9OVz2dWFsKqAE5875BOirNyj81LdcAn7K9/LWmGGAqlIIwjMzxXI6qOQ+mLtCMzO9WpzWnFnIuzCWPGmIoHsmyQLJjfKdN0uep6C/NE0OYefS9fT701nY9P8q6DEeVhu33khe1jUln0BfMrL94LLjPf6bYpff67/eDx7eXLXxx8fwRWXL31JLH/ggUNju5TqDT1tW7fQR+Ar2ZhwFi+e+SAWmzFdA2entr3UBod27746yb/H6uT7xEoRKPrZt0L0SEMzeHIvbmXt5Y83tvT0NSeyC19i5Ux/n7ILrk60QMdJUP0jpB1m/reSX4j/ilJSfuQB+qlB2MkVtfS3xKn+DpjsTZlt1kptY21DOBUP4HCIDTQ1xeMJymoz0+KypYMyrB1yKoK0IwIGng4v7lqCoUM7qAS499kF7ALIMMspwjgqFneE5YxvabKXUJNmOM2C+vqhSq3Pj5LpEr2mDD+rjPMtktc3NHQ2VTscfluJRqOyhjH+Jh2JxFvknNKQ4+g0VFVWus9iqLPKJe3t/Wfx4Hx7OrW4szOFITzlmc5FjU21gTjemI6iSOeBOKDiQAHjfhUp9fitNjIBb13QwhHUUKRdHMshPeCWKwVeUs1yYKOXF2tNOqxvmCRGp1vOWeOd7ZVSRsI8T4gbGLKR5R+4jRzBakhQeAPoxkYo0tOQQ8oLsdJAg0QygN+1NNMi6cVlhaCEk0xKpgm5k2RcclJyQ0JL5g7+kjIlRs4oNPHnqEteT3JoZLNQMrnF4fCd5aLCVEmjdpZTdD6mGJizpRHOOZTGRgGvjKz7RWcpooQR/ZxXiWoLyfbstDBRJXZO0v0nXUo9qcfXu4VAq6KSkQiBGwrZwB0FT6JTcf7TYPIa84vpmdTMlW17rl+fPn++f1AsHxp9OD0uZUe5tnWbGcNvQVNL69rjT26u8mX3/9z6zb/hH2e47L88xTtgEEN5CKvEnltmhplJ0Wfp+2eu8kcTccDBJ+A1HkZ5KtQE/n4KjPPTU/xkpW+ooyqQ3fOKWgx7UlKmCwYjsT20qrVlcP+pdcGg3rhn5Pz27T/Mql7f/thj21/fLt7wujDV9BvCqV5HLadWwCHOWzk8XJUJ19T46sxWDdW6sD0dMzvKNVDkq6qyty9spcVd6Vi91agrx7oFqQy4C+Oyc/K6OrFMLqdUWhHG4RUPut0lJjsBHoDifodjVX+gtra+ZUE82oVVqZLrH66srMqIxQ7KAfS0g2muCYd91LLOzuULF0Sj9e3N+nRfX4/gMfoybqoc4AE+lLZnesFOjGJ7EiB9AMvrkfd5OrNcxRJ3oirGI3vIYVmN2HE9Gwo6GaNWSxJ+pDTaFm2vltbQ2naUtSSQUiZjLU1NMVLdalKevX3ptMmSkigJ8oekFitRgKol4Vsg4JM0qdq1oE9SVVqFH/FRVYSZa7n1RR8QcNo/8jEq2idnZfJcwUFmlwVktIKWESAyVp+SyfSlpVb8aFFmZ+mLpbdL6ROlH5XCG6XAUQrSpaAUq9lmIY/P1VvzGc/mgroV8iAf5ZujTNSc7B45Itb88p3aV1C+eSv6QseTTA3mQcPmTQUWRiAEkkXhYH4cOpQr1c4CAn5OzkPaBSSpJ3lLzmWFZxndc0zvYmHmxi1sAlZUuv/XUE9EmgevQjU/vf+lM/1PHsL7JWD8INjMXwMG/nVwfj+/H5x86I0PQHuwgj/A8/x/8NtsEbAGUOfHZ16a2vbZZwevXNm4Uiwfm9jfN4n0M9Y1sUPsz35nw3OvgK9NvhKiBx3de4KOy5Pv02tmjr0/+c7kzO7QK9v/7Vt3l/Z0+R860sT1hMb/4t8+DgfAz3P6eK+/ak28qja79SWDkkHx3yAMhaLJp8YnKOSOrPxtonMY00+PNK9FiPyopdRy+BXOmnDbW8oX+c2JLskiZXmL3c0wHr/Z0GVYuliD4d+ly5MY3WMB1QDuPh1n4/EYJoxrHOjAmCAL+7oV+ElKHY055JkuvQTje2oZ5cLGBVJxiKIy+ena1SjjCYUrK+uEkdo6lNC0nsnU1S1q8QYJApR3UQrFaPXPZKRKeTeS6NCpTF/vWVB7KqPC8B/PZCgG6iA5Xu4WlgEWtg+0nwXBUxluGV5K6cjcGgCKAd9A08DwwAMDDw6IBzhnZcow0DawZoDWcAGuhVvN7eQOcI9wEgU8wb3IfcSh4/goihgHuAFOqxNpya5YfhhXkSkt7u1e3b2xm+7GWrUBT330gdV9G/sO9H3Uxzj6uD7Yq1qt2qiiBQBPDundbR3YqNupO6CjdZzdlWKFyrRGdFH0tohWiPAxSsSKHCL0a7v7VLpyUXGxqFyn6uuW1Ke4ElsqxSmMqVR9i7CM0xiLxestFnt9oB4+Un+i/u36j+qZes7mTNWTiFJgQsjttc/uEgpUCRigx0eYt32b5hSUcyO6OQBQEnKy/xAqXOWu0eXL/7f6c6GbUoDzJdNLc9cXZnVV6OdhFAw6f41yJ9EfUb+5Aw/5xflCaJprtLhJVRr5yM9mkruYl87NPLeL6eqYSdLnfu/asQM5xXPnVqwQy0fXHhtYL2VHggObt8AIXOPw7kt44NDNY2AXXLODP7KDXyF69OYqEKE7Zp4Tzjf4I2AMLnU44LlsMnvI6cQLEsyrfMVYJApezWng9urgqngwkh08z2IF7IfJWJwJxToSawcn+Cv8GYdjZnoCJDdcWA9f2ozRtHUo1vwYZWJFVBSlDCmUNKB4E/nECFdkLK9SW81GvJezoCpdrZYprOZQfxPuyMSXI0cy/GxKxZr0LEahXXFKvAJpzfCp7qUthJy7fLgX300PLsCAO8Y01y1OxcV1bW2r6mQKRajMbcP4PCOnuDqF0NFWgOjpjEwGKSGGo0i4V+/zRavcJSXmyqgZzwfLMjAKo33Bxr6zBL/eJGElDMuoNWoBLF6zvAM/YMgsXz7c3Z1OpdJtbem0VtujGUY+te5UprKKzOS0osCv7plMa2tn5xB+gSwTj3NconMpyq3qTmdc1lLCRJzJlJX2agCrAZphMD48OQzZ4avDsJLVdAIF1QleXHpxKdQMV3YuLS1d2lk5rBGHGlm7wx6003Z7S2Nv44FGmpAgK6lGrjHdONk43Shi6cYgAebSZPxBsbg3uDq4MXgxyAQpoUZRqF9vmjP4jrmSVq2MkmWz+aAQ+TAyP8oVyjewA3OQ36LoNAdXYs40fKG6OH/3J69OJMwURj/Ig9H8HEgeBTeMkenzykS64pgkmDTGCyGi6U/FmfnKBdEi0SyDT0GrMEQc1irJx1Ev/7V/3X2Tn3bGwNc/zf4Sju+GU9ln3v79uQ1733330FtvZe6GcMnGF7o3y9nx6Xu/Am/Sp6ez66ehB1q381e2Z7sgu51/fzt9KrseHnqMvwJc2QReeluQ4g7/Dx8AP/vd8XjbN/5j+7Zt29+H/c5a8NNcvjbu9IzG7b7s2Ktihkmnld1wkaeWGedN9fV9vCERBe/wtvo4ffJlfuqVl17GEWYX/5HkBvJ2FqoahVJLOJPfbyqRs6xUZwoGawxqpVIqEZkh4aulSyhKZzBU23C5wk57JVJ8WG6vrKkJo3jA7SUziFwlazKpzeYcd20JURF5pqRE7bfbDToDPqijDKRUoNOpPR4v9LpQenja5XJUk1U3Zaaara4WBeVypV8pgJgokRzaMWu3EaonS50pNR5FU3MmK8Y0MaTUUr/Ijxvo+ozVSqfhCEas2Ck6IXpRRONVtBztTV4CfXM3eYV5QvxI9E4qztzmY16E5tHK55g5sRQSnFfC6nlH2IbtNqXPcVqDucMYhNOaDhOiakJcjZ5f3wAwGhJ8HVCbH+U66LHf2Pjf/RP4ciLCH7v8d/xT3jhY9tyv26LxiptHjmzbEQltThy5/2tMWfZaafZdeil4ATzs/9u/OZT9CX/o9Nd7+o789NzTybanngVl4IdfvCdGT3+2Cn6hbWlFZE9yHX11hmpZCHfwZv4UaBXk4LeSD4gc1KLI5Ruc0RSJGDxeb32FKBQyN5jpEvRF4jnD06Xl5bX1BOFGiqSDiIrOQAREQxvQSSqRSKWN/kCgAj+puJaz22tDJQ1UOVvuKEf+u7zcU2KmGgrC0fB0piIQEGjhA4THo8Rf4rerHQLoicdLLKHVLdRpIygYamDlcp1U2iBqwF95TabFc8ADPVaRyOqhlQ4aQrsj4Fjt2Oh4xHHCIcY3H3HQKI9R045Z6TuNha8gXbiCfFsN1HhwXo1ihM13tDOwkSvQLBVGfQTTNGdMFb+oIDD5ShMQAPqEUR5cP81NupNXE5QTvC/7YW4KHktkrj1BAnNdXn7oP5Aft1BDxeOP9QSLL0+BrtOX0a5zhx+ONtFVH9R/+BL4QqyNf+InF/gvBDvA9y/8bXs4EsrGwCfZ9+CZY/wTnwBKreNn+Otd3vUd9MsdLzwf4Z303WAI3PB/75uHslv5Vy8+EF3z2KuXXuhInbgIADj5hZHUAPhkambv+uy6iemR5K6jEe8+boJheBH/G6CFPtxnVvJvS66Jn0EyFUNRdDvs4Iq7QiBVDmR6YFEBmQoUSUC7HiyUgVaMrtQKViLf7sSitTAIgn6vN5xyARcWo6Bfmkik4uDVOIjH5WbW5rBBm81sLilpsv/UAEoMwKBWK01KuVzcZgImGuWio2fA37SBNraNrHkseG0BAAvAArtI1CkGGAuLszSRqk2qCXD+piY/RzcuDNfFYnV1tWV2/LiXa7zAIqequ6iDSp3OvaDNoShPYQjWVkBRVk0rUNGtrVZTSbyEwO1gYF8Mt4NvKyk5wSowK81K1h6zxoQRTEyRFqbqCBi3JmwPwyI6jCEYwmFPRXUFmdrwVpfVYrHWZBIGgy6ulkpZsThOx4V522oUUjs1ZanqMpouq6Z1G62PWE9YaStXXJqirKzVYaVVtJVQFrOUDjSgfPw2CyA7WYwRUBRmYYVo9ea8XPtyjQXfHTI9O3zvm90V1+WFPG87hc6EwB2OLGUYSzoGyBYw5QLC4JqgMyvZDzeFBNlHN6Po3BjaVDCYefR7Ekk0ohSbzLFtwtjDb2z6kMXEY9TKlYAM3G36/3y9C3hT15kuvNfeWxdLsrR1l3W3JOtuSZZkSb7J2xdsYYztOI6xjDGOQ1xCGUI4/ByGocQ/Q6mH+icu44fxcDiE0gzNUBooEIdDU8JJM5w8GZoyDJNhcjiESdNMmqaESTOZFFvb/1prS7ZM0oORL5Kwsfa3vu/9bu8L/uiB8BAVPEcUSZGixdFOnpM4kUxQMG7Dw8G3HOjPjgdWkBd/6Pn3C8DSHOR+f/kN7tNQK/D/7EykboW/FtBzx6g3cm+RAvD3GpXqxq7NMt2+zC6JRsb9g4h7K1T/qjcG7gtHuTX2s/9zTjjR3zXZIzxv/tlPpnNnuR/c/dOBtu/9+l/O1La+fAtYwYWxx+tbwdjI9LlpTsPd4r6UkHTHsHzmY7Adnq5TrZmbn/2K/HMVp+PeAtXUzzPj0x1HCMS1yv1KNC88D09QBG+DsEiribzMpp7TgWd10Oz9GpKKYtMP6P5MR4rj8ajE4PL5HIGwzVZemapJGYzoUAQqKxsFlI4/FvDU4GMxONvCqFQexnMRrLvgdpcz5aho5CCa8FkcON+2iln1MzBMdORVn9adb69lanldWgtacgIDrMQMWhwddYIGAT5TkrZ2M9VYVdVV04BmRRrAILubbez47aq5VWR21VOr/nQVtcpu8mZW2TWGzKpV7e0ZeJQSfRkAk7c6Ya2ulnTVgtramsYGm8vltvjCYY/ZbFE0hBugV28A4Yb1DU83fNqw0CBoYNX6jMIStpBnLK9ZyAZLg6WyphGecAYe+laVwcGUA6ocpaAahTZTXm5oI5qYJlJKNzXV6IyLTNwpxG7J2jwZA6uzZAyGmkCihp80icPjF+WPX5SK8v07iqpUJGwJUpFoTHQnKD2VQFuhCVapzSQq+apTJUi9nHV7PKrFQ1hzIcswMqywwbsFTVYmey3wywBJBhCtU4CVqTMBfC7ze1dLMsyxJa68Z/KbzMWnNE+cg59caAAi/LKe59NbF3uGr66uQ3SS65/5iibFOl4gaukII4kbXvGpMFqCa7iph/7G8kIT+fcF7FMgcVsGgtDx5hH4+nXEumdgSPvj51e1SPuAS7mY203txrAILPE+Avwg30gXmI/50uSfH6j+Xz8EAja4QPzwIvdpsA34zp0KRZL+2o/mmc0Tewdap/qemvqL/Xu23+TedzeDimt/JejgdtlO/vAPL1D35xlg3vfC2WjrNNk5fnLH7uN3J3rbJjPCHxmvnJrIvcK98sHMQNvf/uuHF2pb/9dvQAj8xaOd8DS35nYM/797v3eq82ffP3Ro23Pj3CevJLpeBMofkK9zGe7vQIL81kRX78e3/dFzgN73+oYjl0i2be/ezBRmj/i16EPht+G5XkdsAP/GrshW90pGRmTDOoaRGwTUcNZmczgsrauHhsxtruZmSys8LObqmt6etvJgw8quJ4zDBgjJIP6CeFwcbljZ2tUmQp3F8xQMAvBkn7eUB43oBBqRfAzR5HZbKGotAuzr2RKiZ3R0rMfbGMZf1dT0tLa1relbixJmtqcN2Wkr0QaqX8m2tsoHex/txQ0So7uZWtmxkm9EuAiig+kgOzpUjxKPRR4jpdRjj1nM5kcdXYg6CD57ra1b/ITgCTRwYsoSAiDtFnQLZI9SBAlRGEmuedTb2OCvb0CPq7O1IUW9rZ6U1vuJIJBRwaokP+1SVaVSyeSoB4IgGZ6OziedV98YXldTU8BdBUVWbOqFCuvSUEmsMDa4Lk9CvrhyUsgmo4WFgegitNdjHZVUDW/84SVa02gB49cUiqiqmq/RXnpIe4Wv4XwtllO7cS4AH4nh2KUVaPmtJK3Og+ew9DpPNUJ2FdXJcn7b0YnGUgqlWZysamMJAcZ9Quri+xOHvHFy6xvye7PAm3Jzty++xV12pUHXm5PRUISld+46PM096OkDGY478YaQfOGS/Iv+CbFseOceyevvGE4CyQ3u85MnvYntG06CxPBA7gE4gKhMp774YvQCOOI9OCvjLmjIn4DjZNz1womp3Dw3+WCyt/nFz+bPxXtOAfpj4B4d8VMdXbPn9g327eRcZldn2ux490sJzfZLSNnusy7/IUNww/WZ8VRtb9943+C+a/sAw93fd+2td7hp7gtQD16qRfFPxf2z6Evh9+E5SWD+ZnhaiE3kv7KrxY89JnkUxz13IOCqrMpm14YfbehOPPpIS3Nzj0vXgKBhTxsMfTDCrfF5vcI1jqEh+5pqi8UW6050dHR2PlkZDj8peITCWPE8GGaGsSTLemItGCFcxOPwGDwOBl5+oq4x1dWGuvrthA0eMPtTzFM/g8/bSKwBTyHFZFYS22h3rQeCMT4ElsTan6Ce7OnZPIbO3xjIsir2yazb7V2zJhGoqvINuRLmBAoxvqzD3GjMKDLdqIWuyAAdnVnBPvH44xufenLsKfhGJNM6Rted7OYDUl2SMQOCZdkRlpKyqEXu8WdYPH2rN2VYRpEEbogEk0nWTFGPwej1iArjUgwEi3HpuWxlGH1LSVZRCUxUZaXPi5/oI7ygBj6xE03oEJ0890JHYwepozo6Wuy2dlt7c0szfmoL0Yz1X4yLYdSRlflaDIYWn4xmHoFhU/geg/S8TRSDRhgY4SPUI+hnGrLrh4cp6HOIEVQ9u08BOwW6KUDhxgqMRQgkLtJz8WFvEUUuYU8ERLGeGg9O+WCJqSWX0KlykcQrhTTXCiMz+QGCMN+7R+94QqRF4BsrImHH/iFVHAtTBeWl/KRlXomJb9HwMXCRBqlo1KzgONCj0QLYfXjwbKkds+gncMTDYgSLIbIwXJYPkoXtDugW1Mv1Ffl5HNQNrYCOA8VQfgRtmXSbIHXcnyI37Im+feIBG/z8xEUORk/DSyfi/pC3/qO5NhAJ+qfsdvBx55Et2wZ273+fe9EOk7K3Tr/K1n+gA9emETNe/aU9I1tOTs9+5o7M3+A2CHdwByQy1wvHH7xx8PCBLm4kRDbv3rIllN6YU20bHNk9IPy+4fUXJ3IXuJO3Jwfajr37wYu1rRc/BgawpYOtbQNdueHOnlAqsfeN6Xj8QFvbiWG2s3n3wNDQKBUHVzh2367WiY1bN+79ABguT9WyE290Gg3cAHcDuLgBtm3H8Q6BrHdqlze4K9G1Zc/AXsSO7F8oEb2N6xt2IP4fBA0eP09RRjMiv1FLZDab3GJQqRgjI5eXlEhEANGdSBDHr4SRSBwWRJ1sZE0mjU5nvLhwf9ZoMxh0Fh0KlRpCBxrYkqxKJpNoNIycR31y0MSWZaX4CHhJhtV7YPol12YYi8REmFB+585SLhpsoAFNi4hxizdTRwAbAaQEmCPApwQgCVapwxMwiBD8mWcCeQHo4k2kvN0Xr94DVMYKw+caUYkhnEIGyxMhFRkYrjj8bpFqF81xkYAuau0RlI9UASJNXXmy5khq6xR1mnvum9zzQEK2DEVy17jfc5/lzsRbyXpQzv3lE9x3BBvmXx4EfWCFYPWVgUz/65np3N9xf/P6kY1tP/+nG++09Z/+R7CfVMDU5zUQ4lWY/xPin+eh63ARfpjbJIh60HVOJlbjCqJGQGrcFZIKiSOCivLSQHU8WhWHb45KlMtLQ9CfOxRlZQzD/BRkCQVRh8QtIYqorVWEqJTNZinH9SmH0aEJOBwBDZVOIZ64FUk9QSQpKum0u2xWVxlrMVrLnosChbvbDT1wtNrts5aVWX3u6qjQ5HBoZCopI6UikbrKVB18E2o1YprCvWpTlmL0eoaihAsaENYADQIpGpOpRwiEuDweDjyzLZ9ZY7Cx5HLCBVAcLqZnQ96nxsj8gvkFTJFBfvOL+V2BJxPtdIWVeWJcBuFv7ELQOlhewYHh9XtivG5PNFKVVP0RvVVQAe+s0AvgVwI1z52OHQpYUlglze9s466BrmnQxl0anNiybeOO6T0njVQPOX4ERGTcG0dy07r+yy+MHsldG0of7BgF3qHTJzfsnRvf2TFwYPDHQAUGJigiR0xczUztGzq4d/4y5ebOXukFvV308blt7ilvbie5o5Mc2LRn7859gH3/SvDqB2DXpt1TO/a8FTn9QRrIYfQ3cHOiW8K/wvuMAbQVTdQSLDjDlspVlFruYcw6vb7ciLozHpUTBVsnWHu+opFpvAiys2lZVWUJxaCZUx9Rj2j/wJrzdXEmjvLe6khQTAkQh9HLIF2dRPM8I2wpqPNVeAQ1NlszpU6i75eESTBbo0GjCrNZjUav0+n50oxEQkDnAOOiUKiLBPBog6XcWI4LlsEYJu0OKyh+seHJrExMByJ1kT+L/LfIbyOCCOt0Z6RG8KPgb4NzQSrI2r2ZiDFI00FjhCZwGq+rSVY4043V8bp6uhEknY3x+vp4ozMpUD9rA6TC1m1bb3vaRkspG6v2Zmw2glCjn1SS9TKLfB68EECBkrloGLvwFi7cGViHBQfzlB7Llm1ii5OjKBDCrHApLcQyAPpoISXU89M9SCKAFz5TFhgY1DHUU0EdFnhDfRX42SJ3sxPtICI+Z5USLM6EVperiyOU/8jk5DQ4Pj09fXheTI+B06A2zb3BnSYvfDDNvUF9msjcnn+zeBZUvOvVGX/rq+Dwxl07tm0G36aOTtyDfybmN0zQn/s7p+sdXM/k3Ot0OtfD7UmlQBc5xg3eBXfu5N64k5ONfHQgUnty69DW3Rv3LCnG/wQ6eh+0vxVYK3vwXA/Tgzr3TLfJ1F3TWtOqqW5qasbWNXyuugrRUl6I+Hyr2pAeH9MeYbqrI+3tkepueqUYqTONsBIpg+rm0IXIIe4cht9+NbS41WCQ6IV2N3ouWmZBwjoenae5vr4RPmWISBMhVCUHA0QlEYXAUyfV9EY96coVKyrTnmivRiruW+V0rkSWuxL+31Sr2NraVatWstLyzMqVFTzDJapiOCt6V3f3KHpsPeEeSket7lnd41O1t7VVmH1aH7b1Mm1JqbAUf6rX12qRoA4a7UlW+avjlaE4fFvhr1uB7nRnm+vC2kYtGRY2CruFlMLf7V/vp6RUhVbor6vzC7UVAhWxWAtJsbasVAqhIYN4LJk00WhvjDRubRxvFEipxkaSxJTM7qyCbCS7yfXks+Rz5POkCI3GoU9fI39JLpAiKYWavTzJXA+xlTf4JYrhYvPd9jVMNuuKWLf4s7C0dVBY5S3QXxZoswsc97g2E+NL+vdS0XARFTFaz4V/a3h3HMWOGjvuGO/MCx4cPQ/GX/hMLGyQ1+qBz8F1zq+nNc93KIs3c8upQvT+mmWDwgHiJ+L2gGNgOM5t5z4m3+Xen+Zuce9GagE59w6YmUJsBtf6N4vl25uHuY0p0PzYqs3NG58B4j8ZOvj4AAjPfcCCs4HkeDrRAv52fuDQxOZNtR2j5NmtfeMDo4IFuutInOFCE3Mf0YbR3BHuVLoZGEkve/nyeO6Lm2Rzv2wMfAy++M7jnT2Hev/7X/d866lxsqd3pH5so318foR9f9blmrk3Mz5wZALxfiM1hqvCM0QFcY+VMSbGJCkp8YiAkL6I8ZoL4zIZwmWeigqr3e5yXARPvSwxa7UyeKg2nGNddmRpVgjyoAu2WpVq7UXQMptVq5V6vRJvBsjMPK29TEZI9WBOD97Tf6onSYUepip61pvM6CUVRAW/jk7l4RnaI3+Wh2Q2HpLxcKwoTUG6FvxmYhH51pIAQjiK4VgMB/YUhl98XQBf+2VIjC9flz8kqUeo4ScYjx1NbT1EXZhrEYmpqwazjpud4SQa7thFnUE1/6tU7p8SrSTjlpfk3kNYrKP/9Y6Z2XGui7vCHWY6NzvevQcGcpu5aTYDhsjMMfg70YQKYuMP4KseJrqQHjL4A6tKp5vbpVF/V9+a3mz7ypWr+pE2wQWFlAyrf4qd1SMwFe4NBfRIrdQT9WdR/yYLH+kmasDQ+eb1zHpUJx7OqyQPvry2d7i6344KTsza5m6PRiFcZbWOdsVWrK5G3tDIrhpevz6ydu1Q7yOP9A0N9YUCZDgQ9lM+P581ajRlXq9Oq9KplISP8ZFyyudbU4sGxV8pVcJrsqZvDY6+dise8jVlrBDKVWCegRJRqQgTbElLq1fgJ1FKvD6iCAIpFUQJtLzUmwkGu7uz2epYV6SLp6xkqwHFEBEgLSuthiiQqi4tE7BP953pI4k+pg/+D/pWImNrh842MZttb+fpN2pfyaZZFJZZVLMqwPXCVtSSmHBq3ZKbiRWUGYv5AgJLHNU1fJ+lkJbmJfZ4p2TIS35hQIjnAovkfJQ1i8XbfDErxm8J4ln2fL22ZmklEEBkKBQV6TkmEUwUPaT6a1cqRZ4kjONJsGivi/9EpXaqULtFDT8RFLZEFhXyBK6D4IJEJrvW1iVTDdaOCCU098HBT46A2WMamSzToVH5H3AG7ssDhhMHP5kzkh9y60gB2ChTye60wffb6reKGfE75ALhTV9WSenz5OlLuw4FK6mn5x/p7uvhxDtH+sY30O9xP1kzf4v7hOzokoxPHa3JfYP8Vij3w+l9bQetxqmem0BFPmrabwf0v4XB3QNTR7ggt4v7AjmradAJNufi3JVE8xekG7iB8AAQg7Ho1rED3/92iGQ7t032nkD5pIv7teiuUABPgod4m5XQNKUUaTRKmR4VkzwykR2T8Xsoq9VHKZRKIFEj/1RaKsaCEJQ9b54wgGm1pRpCwy8xSYgy+KYUKJFhKQglHqhTIBIAhRiT7DawxmxY8LSAn20QhAWNgm745RnBpwIhXiAqzDgsVkkW+VTyc6XIRGryk6F8tfNewRjyRqAuT6jx/DTJJ4aYd1kQe4gC1a5kKcYvzvULB+YfyN3UjXnZTK4vyJJ9F3IamjhxCKgmVIy4c0jDGDmOO8k9oP76OiCOHl0grh/NDXGTrR3AT45M5T47tmPbrNl6dcObQIO6xkMwBtwXBgg92k0musBBlrGZza0KrUCgr0+nKbXLh0j6amAq8PgrFUxFhd1jcqB7ypDe5rkVKxCbzvkmvPw+dIEkuzIKlAQwBAFfUwIMnte7bJgBQqlnmspqBLJIpEdWIpGsbsfZJ0zlSIFWS+n1BEUwDEFRadUibXjyQra+Xl1yceH+yyUlyc5AkifMikYigVpPuwonAhVNBkQO/nK22WFY3YGmnLOtrQZ7flTLlm1npfKMYjWQU552w2qLZbWh3SMoDbAKbyZQ2smX+hCrN/kQp/dDNFlFxEkPMfEtMt7HosXYpzBwAArdWWXBSywufC1bI67JK/MUZhEKg/l80QlPrXjy5EsJLE1cbDVCEbKXIg57xCiaN6XqBPQKBZY18sSxfXudvg+vpeu3NNPkzWmu78W3U81kz5d+iquhbnLfpb3g55xTUrqzo61fxojT/YzKemHqwkluazQDru3lJhKGI9b5/eA018ffQO7ttwfrm8fGHPF9bL/gpbnPO3Kft6/vGwIHF8DKyUnulYXJaCT3+mDH8GGz/dDgqZvg3zgZN5dmQYI0TNwAhOZ97hbQgaPcJwQFUgtS4VtCJ8xHpfBIfuOcXEIi+RGKUpaWCOFn51kROtVoJba0tIRAREyCEsToCA2jBNU+SwgZbyZ5iiwMVglDgQUpz263pJQEX/ylVSI1fIkREx1ICQ6dmnv91Ck6jTIXofPLjw4epA7nDpA7yE9yp8h+QkBsWSiDcRxxoZgJO+EiAsA3azYHdDojGs+5QLmsVAVKDipgzA7AIIqawR6PUC6XMVgpxFhipAJGY4CiKp0Wvp3Lwt9GJFIJDCosVGMwaHQ6rK0izwYqPL4K+KZTmMVmHGhlYqcdE5/y2sjRbLfzNScJs3Kbcz38jCIsgLUAhcVmQWv+TovFKaYIHcp/dazKmtGh+SI+u44QQEEAxFPJEz4/U1D05g8AHshBGnkFs18qrywniouFeWtfXkdBfKcIesf4QpiSd3qLE31fEW5ZpASsUCFYTW0hzx3jDhwjPyevHgdm7oMFYvtdie7Gjslcbe4U2qrlb+DK8d745q5Dgt/84cTJy4Jd4BLXNj13jftcmBlhDtKa+c2kkDzACdPc7ZcMqcvAjLLNGej9NglXEFpUqYTX0EsEgR7xc6sMGpuTMqMmnTBoQB6tIu/Rhs6TLksJVnQjK4SUSaUKBbxGzM9sMpnKpN4yfFHMGvwh4OF5lm34K50fGao2qwisD5A2Z7eTVMB3zzkpFaVDwEgP7ddrDjh1OmfA7BUoRPB6lEoVUp7xWaGwKcIKqpRSiPClKy/eUOpZ3FG6KypZvqW0tAnBbzrkvRquaSIVxAKKBsvEw2K42h5DS6p5tIKnOtCOUD4tQteKRBcKX8dyXYHGETua+/Guz7s6qS0fHrwqU139PHc6NT9AbuNch6nfk025t0kyAt9F517kLqGqF7z9ppa9feMqeIm88ofT94Q9fbIdYB93QHD3wdlDpBjsfpt8h5vIMeAdzk8HuRSMXHLuV6J7wizeFvURlTCYMFK7vcSh0ilUOqPCZdQYfgpGiVJCDEZmS0qExkoPpm2UlcJTFhY5XK6gW4ivm8gulZY4XD8tiHgh4gss0wVfa4fDbDDja6jR4w8lYry+Aq+UWKxWMIjJpUDiyLh5JrggkrRga5Bk2LhmSkMqmG6GHGemGBKxsq8PAkXwueCnwYUgraI0jDsYdDMwhhtLDazakzEQmJZWne1GtH4MQS7f0yz3ZPBHM58aBQqxKlZgAOC3MdGfokm5PCYpom8pqmAXByi8f6ms4VcvUds1VuiaFDlJNDAgKNq2pCGKpfltS49Lnd+mBEOCnpm5uzMbZuy+GVA5v1W0b/40+WYuBcbBA7shd4F7g8u++hc3vLWg+QXaPneXvwmz85d7erh3Q08Nf1FFDk5OvjnBfSxm+jOkWACq//Ov69tuUefOguhLhJjYvCAVvSBciz2wm/ATISJKpIhG8Au2TONOJhJkPBaTyjU1NbW1BhMEM6IKv+QyWA8jixweaANhBU9ccDJOZ/lFsO6c3WdCSZe5IhrES8OlZrtBSkNTaXJXBYToHuiek8n6iIrRMXwA0mh0UqnZXGr0wfOfOJcVe/EHixvtRTBZp8VeTonKy1GIsgQE+LGqEHqsNiuNg9Y4kNaA1hog9QHap/GRGl+rr89HScU/EpN94g1islXcJ4bOJm5ptVCMBZCKAAgg40vJFJnuqvVVT1f9sopWVL0GP7xXRUuJKiDTxWt8YkugqipgEftq4joxgZr94XpoyfUEFk/RFhnWeN60BP830ypah8epFCr5INk5vLSxZGhLpBHFHIKxwhBNwb0Ur/kuLWPgPcVYQUe88AHtOhaZHY9+dIu5D88rWFi5EBStWoAkLRDhyg40SGAXXJmaG5lyCSamOCt5c/8AbdwzOEJy8qlbVKu+bL/fSa348qbg+twMvXFuO318boS/cWdbQQL4O7h781v7uDvcDWsU9AvX5kYyGe4qF2e5j2+S1nHZhs9Y8rIvkFrZsvveUUq+696uBxf3bN91YPzBroP7a9smEcrewf07ZhstJxJELUS2L7FKYbkwoShndH5XRUU0HvdGUG6fkDEQvfS/LKXFwA5dy/AFxppO6dDEmF5q9GPtYmmC0VOmykq2IWlE9U41S5iAjDIxTDSu15fBGJREJXRon1KZLC4Xi5UlJTADD7+SLWFKShoaajFuDoS9YZ4Qu5wox/fQhLmerzHaGoCtobFhfcNzDWcaftmw0CCCcU9OJRu8hBm/E8QdceQto0QczV9prWq19aegmchiQkO5Wu2JVlZGUZcm6vBgFUUXrvF4s2EXcLkcJIm863rH045nHc87zjhec7zn+NQhQZ+iT2gHT86Aqub8sjmP2ngi2q9SZT9MYlxEWVuzKD7FE/ZBK4T/pCjO8WPlWHg3lofmeYGp4vXYwpJCcWfHgzVy0XYQzL2XldidWn6dFv4zp9qpjJEnrx+4eZPdvmHDujUHHv+vVuvE7Qnwydk1Pyf3gFZgjC8Q3APSfmHyLvdFJPHB3Lu30R+BAExy2/dzF1Obtw493T+3QNu4E+eHOjj7jmlhau4dUAWeAztUmcMRA7d3cu4AveNYbhv3akctMJJWTkeqyAO5LxDG0XCfQozzE7xhF0O6q9BD/gNrtmhMOk80qgzFdAaDMeKy2Rwuv8+nqEjWoDB5jkrL0QdFsAJt7CiVDrRCp06keFa/RlxVl4nUCoqWSptCkQjmWLOzpqDHE6qAsNxEGCNG1khJjUaxgrJRpIyiEnjFW589kwCfJgCRYBKknEoQgkTd7lqiGo8yQUtTUESEH1CPILsMhfw+XnPNBxKvZP1SRZpNl17Es4SKtC39Who6t3RFzMEwMf5bMNBYGQPPnmNAO3s6u8aiQf+CyRIWxgJ/qMWva6AEghS6U5W1MGkiIRArBDYBfEwgbuDXzMPip8XPi8+IaXE+h1ji+1MVsUctFZyW7X0bDcwvouGHJtsLlAiom8xPrOMZXmXRpim/T5pfs+F3bHgywDw5CJ6FUhakoPn+ZhEZwuLHRNLJzyMUikKLtDr5IYbywnYaBm6bBPXTc59MUzQ5P80Fp+dugFcZ+mrXJnfqZtche5Ds5y4IZeAI1ykUvvnx0LXXJ7jX3QkwNsKNCW7MfUJr8rdbiE+E/LP57YODImb+7Z07wZuDu7aMpNiz9+wDPeM7hsc1qtGDOw5uuLkvndn3Ue7D29ypd+nbXBuMyhsXRKI7wlUwHJXC3C2/BUqsJR4nNhKbyV+ykRp1W8jfwMjlapXKYKgbWb9+3dCQuEkLc64m2+gTT3TYn/zGNxxkyF9R4fE4yPQlGOyNC/cvGI3JeN1PwRCxCU29X+hos8DUaeH+rN3hiPkiTyHLDg72yRAMKH2URN52dc3ax8TIu5auLg12bBIISkq29HbS8J7zrAAtfqZQ26TX1hvu7e6FobcXMFQvYWNsJKFjdKSadulsajoTaMEcB6Es/K8++Q3pEBhi6XVAum7dqNbOMHaGZGi5Rk7q5XKYJhqoCk/a5EfEHnGYzj1VF7CNdo+SwlFA24G0xw40HkB4gB7CADP1jVG7Z1UgsMpjH/2GsGVzbSgcQv9Mm03GwtVVJaUQDKioqtKqUmm4T4pXuAfXIEV6Q1YRRjUOJmwPbw3fDQvkir7n+khLHwIWUbQ+Ogjq1g8+Pfje4KeDdPfg+sFf4k8F6ANJDDKDMJsM9w0O9oWpFmEnxR8gQaegk1C02FrCLfAwthCP8AdIgcIG9EHCLPrRZVnUsyIJYUTICnuE9FbhWeEV4X0hLSxiU1iiTMCl0iVkgQ/NNrwzimncitdEF9tKBIbBhsVGPwLCfAsqX5djruJG1fC6q/gfwU+Mv1jHXI2Ff8H/JPRTCkRxD6kpx/izyFNywhjxdipWEHDHTYZl00ZFSu2FMUZcQUYL4vm1OHUhc+LPKzqrelTmSbo9hXOazA8ULWm5L7Er6CryOjJ6XbVSkI80SwBIhwEQ5lhGiHwjuM/NTJBH6NT++Zv76dsJx+TWyOC+9ObRHb3cvd4tw5vTQ7tD26fskfkT3GEwxr0L3OOgdRxkuIvgALf5Be7wqWsSpmdweF5yF/0BF6ng/E3+xt1P3ACGBHeBc9W/yX1m8HOfgVbuVcHCg7Zp4ZHcgXg8N9yaqO9ojdZvCCb6Rkd7Q/GxBJvuqa9tzRzcPLV5FP6BHybacvOv9jRLSHojzPNIA3kk9zGQTXy8/8GrY+zwrv0zG7sG4s21ZNcUimsO7reij2DuXo7Un/HEfi34rxfkcqMRVxZLNNWVGjKRIFKYvt1gtdrhydSFlXFUvXTCRH+ELfX7xRKJUwPf6oU1l0CWoKG3oGmHwIebxkLWDn+SVCrE61Pwc7wUpbADE2W3W0nSLEQzTekL2ahb5Mb9W6Uo7HV4+f5t3JGAkbWmRifUaIQ+IbqzEuaGW3GmTtlEoNEBFBDukDCf9/kcIkqmMIIUZWQZT8aokMqkfGPkvgwQsoiMlfXIxmVTsiuy67K7spKzsvsyslHWLXtORsl45uRlpLQYqj9TGMMzLHK5f0WSGNpkISEEeciO5eBxRbLQLFXBPPB3+TvRd/kdb824zYpqA3o0EpeEWCjPBaLheQtRWojGnJCcJnoIBZyEHj5DiDRGENFIuc4Bttz90Xef+m/kZQDmT4iC89cA+VczuevxZ8D3yGtR+/yH3Hc/5NZ5QQfpIEHuf6P9ZlJR+l2yLPdAQEo5ApAkNX94c4zTHfhOw7M7rvRQbf2jk5NPPDY/MPq78b8kBzK6H8+sa6O3juzkTtwaHb21Hdz40/Xz99f94gpRgjVs3hc+QmhgDhlBakZEA89sTD7C2ktLQ36H12v3h+rra4IWt8tlt0QYDUGQtIhORfVoXcMAzW4dEUGTqRF/MFiSzmAS2nXnlckqE8LrJWazMmKgSRGiPp612zvplvYmFGpYMsjjmiBIspKs3+9WqEo10tKL+EuyKV0CA0s7i/PGlg4+p6x3OFy1tRZvKOS2W6wWzEjQxjcrEmxJ1mwwG4yCKj4dTcbRnSNZk3SVlOyTAilja4dJZLutvbv9+fYz7b9sf69dpIBfLLRT7Wipgnfg61uebnm25fmWMy3icEtjSzf84kyLgGgB3dZnraTdGrGShPW+leS7IVTVxTzDd2OyO/nLJPVaEhBJJgmjhLS9xSqoSiarBNaWdqnIpcUVFjfhAslzWQ2Bfk01zKETbqVS4ba5w24YOtzaBPpPl2NhRJLQMtqIltX2aMe1U9rjWvFW7VntFe19La3Nc1Zp85xVRIGTFneFizOEQo7AJ6t4M2Nd6ivFER7TLQ6i5jPaQuevuLecV0DU85M3aBInWmDcyfd08jPosa/QHOrxwnNeCAMxfziracFiKbSanzEtUtnxFNy5GvF6COATElR+ZCcxOnpbdHnuk5ERkh7eMMG9yG37TLBxcu7sJHmXMo6d/FEu7ua4n5z+taP2Vy/8sD23hu6ZO8vf9nODjZPfnX+fa37/fXCZa0a3EomU/MPOnbkn5QrXUKl84bdVaeFHuT2hEBffvv0/Xv5WUyf72PeOjNY3r/nO+Tlyy/gn4/Mn/27y0L3v/E8TGTrOdR4nKJhnzIluCs9D1+ohAkDKllhKLOVEiVAFDfqJl+VyrZSBiGpsVq0mVIEKPS54l5dXAloo9LvwVDgLbGUoTZRkbTaTBQCTxYSHCFzOy5jDW7iAqmBCUPdylqY9fg/u+5A+v9bHCx1jGu9ShX+9n7T5u/1n/At+2uXXav0uSoLq4GELBZG/vLRUoi6RlPA/iYlIeiQjEgrpuBcxYy46UZ7aDKWdBaRfTPS3vHpWqJ1BXBDDPb5C+shPBqNmTBHBJaqjFsgj+ACP3CPZe+x7Z/wJsPdfcv+H3FLjO+mN0JvmutIddOazTbckmotbD8wzaImGv3FztPRvj7Z1ghbwF9Pf+nP309+c3rF17uaXZOuIfOLgxH2w4x4B8bQbXpvPhNXw8NXx/JHgDGsKaxsb9Q3lJlOZMxxLliC1rpJSmP7V1DVcgi7NuXD/ZafFZlNWID53d6bZh2YRYkQ9vFJqmPfh4dGY20nVlZZ2tFc3IV8nZ+satVp9g6m8vMzlXhTLghesrMxtWdTqgkmapTIQrkKTW7Xns1XtrZimqK2pnWe/a6rmG3No9bMJSKmmhrx+FyLMUwIZpcQiXrNZqbREJCrJM+mJ4AMiguF5UQiiXdlUJajx1KAfmiRqIDiWZS2itiQqSyQ9begnaLONnm4PGfGwnnHPFQ991nPfQ3qKGoA1RZxehTJ6XpO+uKiOx6ACy6jfUdpXyPuW/MDyEnu+95cf4Uv9bnFBc7H4UNhn4UW5yAo3v6FSEOXCiy3uZaJcy4eWVOgRJdbhqsh3Vaj91G2JkOFu9p6Vyad3nJYL6Vw/1dnzTz8GRGvkix/99dvu4Jvf+3l6eCbnJuOXxgbEzFhHL/eR8HSweb/QztWkn/+bB+eBAcsCw5uw8sQw95aQFHb1qGjhqXg6d2UH931u/oW1Pex/+dFf/Zfm5rGDD8DIvFWU+MOpN4X1vUwvuMbFP6tNvA12gRB3961/+BOwF8xz49BOMwvrRBeFLxNqGBVbkKocCdhQq69dwzawDca0RO6kEhK5yulh0qmUsa5So9HpmimgFlVFo3E0BNG+Cq1lGWUCBrEmAFXnCjTX94oRxD2e7ngd6sfVgbXna2vVzXgBK744VV59PtscjaKvqogor9pSZasKV1EyUAUUlKZKU7VSbVqJI2ttHQp6Ehj06upM/ORpajYro6WYFTh1Lotm/1IvZysqnK0+/C8wSfC57Cpo4IkL2aZEMsGvdqWTYbqRJq/TQCEOixvFlF0MWHGP+LqYcqKf0YS6162vtS5AUNEKAkx4FVCsOrPqtVWU1J4EtNjZGliVTK4KtDrFtIhQmGBqh4U4x01TpuMmIUOZkJ672ZYxoaFVRJ7CEGiJ8jpxNz/HFy2I0BWXeddhYah1gWJmkUUZmSUBjvzczFIillfbWFz1QvMwykXGLJ7yned0XKxfFAq++J0qTxKcx524sqFf5MVaEq/O96Kqi60dokpKo6fzBA8wpi7OeCldSP5aqIaotDpDbcntIA/kaOFkTkzuz+2iNn05RdkT0ZlghMrcmdgoZ6YHtuRO1l4iuctna11DmdPgVFvt7oH0CNiU+xKQ4F/Jutw7QhkgK5zXxi+Mw7/XxiFoj+7ZswdYb+b81+jOVtkGzfOgsTczWm8072sbgbnUN1dntvXVjnMTPfYja8BTnZ0zKIcJcp+Ktgp/TOiIBKrLQZtvB5dYvVgsYzx2jy5QxTAqlSxmT8iTtVQa+WFde1MAVYqDFQ6Uo1ywWsOGGHog3pji21vxoI4yy2QrE20sxp9S1iwOmoNmvTHuLJitM5oI6/UJfowZOmgZpUei7dAHNyTTvA9OyvHXybYW/HEFizzmy9FIyMgaed/5Z+zfs/+bpTQsIFggJVmfxbKC99u4yCalLF57RTniwUbLT0Q5dOTlcaZoOBVGX4YWS4S0BAtaa7LllnQbm9SLCAkimJI4CaKBZ4f7v4gTP0RXGita532oIleoL/Dsb4ElNY6i5wXypveVbgWf5v+OLxRj5t7iZkVhoGu5980vwqNZa1woLqZHxMXjgioMdMsavuvNgwB6mrz97pYDEt3Bka1cg5K7FWq+FE/MzYBzb02Cfm4YnJgGx7hR0Dt5FcmdTXNd9BfgEtcJLqDbgxTpyt3mb8KaP7z0rrCzSz4ATnI7uXfrM7OzJ8GR3JV36qnIuYm33po4N3+9/p0J7ijYAN4G+ybJKW4fR78KUq8SMDsycO+Jdgn/P2iffrwRgKvHaCse/Mtspr29mmVYtP7a1BRHtveKLBaUhQJyPO8j063q8Pk6OlTImJHfZcDgy6qKCp3Tg0cQqxtq7NUynaq6WqWT0V0Gv7+lZcWK+pQNK3PIDCzMZIyGRrfRZMQT/k6bKRrCvQREFAo/pJL4Q0COuxdxvR7PLo5lPfomls2sNwG7CXwaBd31T9eTqAnWWL++/vn69+o/rRc1pp5OkYqULUWWptgycwbiVSLABNhAT2Br4HpAqKBM0fpUQJ/J6AOp+qgJGuSqVXTVipYWWsUwBXtVZ8Xi9yRAIQEmSsLKoMESVby5Wizl5fe/rn07Cz1xNy/XFsASoHlxGF6zfbFFn8eTRdPOGGGghJ53yOHYolNeTF9i+fQdJ+9RnoGp8B0gFonx6p/MvRQ/hBHLD2hEC4MZePEu9lUjpvJG/HWLBdBmVQXDXWQvLN4moGfJN+5u3SxmDrFbuD7d54nmE8HI3LZXX3gB7RicOHF87rbABH7AbSDBEW4DOPrgUPFqwa63TvrZy+DFkcndm7YKH/vDqU+EzQPyLeAFroO7k0pdevMKuM0R1NGJzz+fn0cLB6AfTHAcJeN25dx3x++M35mbHXl3OlJ7YsPoxk3btsJX3rxQJrot/GtCTxxllXppSYlQrxEKVRqNiAY6aEqjL7MKRZmhiDepNKtSSRUINSoU0hJ0v5QogZdfl5UyDFPKlIr0CvIMScooktQTesz9R/fwFzm6JKQSQ3Rbi+2AAu0RqDEskblG+ZWlGF8cxIMxBBCKCACdBIGmuUD5Voo9TrHzX4Bysppt44Tc58e5q5y7vpWUge75P9C/ArNcx9Hcm9xL6V7wTTI810ufzs1yU60Z8AzZiH5/7vei92HEsRFXWRX8xeTyEqlUCH1pmcVSVma9uHD/vNWkF6CamZLVoF9PKCy3G1VaLVYqrIfQ2lpEr1YPXx6TQgFfTjUESepF1rba5axtdRB7C4WIeReNaJHE4qZAUWskVmBg52nJ+KIVeoXC8OsY8sbRVHRJpYsf7o5UVSx/gfJbLbECSzoher8+mvsP7tdHuV/nPg3Vk0YQyo2RH82/RPUepXrmz5If5tYDFdXRBizg8vzfUMPcKu6fO+uBETnZrdNgmDsxzU1Nc99AE/NI7eJd/OpdZg0iEVki08FfzyKTKC0Ck9VCa+UGqgTRNkkk5Tol8npKMMSWsWqr7tkyQJQxZaSCKitTMAr4AkIgD1/A2axJr1YuvVS1s1mSFOeFP1XZZyWAlQCJRJBncUTjiTFEJVE068y8EV165fgQp1zilfidHi0OFfKKQqTCr1o+/sDXi1x89XizE70b7+PM3F3wFpc4yrnBuwu5f+9KkDXAOP8v1NhRamz+H0EagPgA+H/I9vmPJrkxcGSSMnA05+0IgX8kS6bBRm5mOncKTe8auX8TPRD+gDARcaBlZajWEwwERGGbWYIm5YyUQADQqI4IGtEIqzCKIkplIhIzm13eciumTShlI1Uhr9fnC3jyegGlWRdhh4jCbpeJY+bLoAnrId4ngtCXo0wvFowFDUQkIqAE6JWlCAEmoaXQdC9FGWQGNN0ry6qVShlrc2RkYoKn/HFAhFQKbdThQHC8W0yJ8YZhoQ1dmBIv4iyr4Rel+bywoAmAHoMveKyYqpnHwffyavJLu8rociiZvOD3V+c4QdFq4bIGNJ3ijqTSoJ78qC3EqjTitl6Vyn5605UHtXfXc/8EUlMoQes5MrD5z9ZOffN5u+C7uU25OHe5tRXoyE6q94F9w9Yj5xzWq3tufiDYMJ8AXWDvBDjA7ZjgLvRMDmyZGJy7S0e4H//DIIGrO78R3RP+d5iZIea6NlYviEREISVMwK2EHskWWgm1R68JXYLXUQ2diNrFuBA0cKq9lWg4W+GkqFipQhHQaMz2Mh3CAOdZbwDxrEIrlyqVRCBQQni9pU6XS+FToGtWSiiwvyktLXHb7b7ych9OngoC70zWbChnyg3lBhARCEShRQ3ERlaOyYZJOVUS4pUI6/Hy/BVWA6+s0fgseA2QYYBUB58GNOCHDQJLufwSWR1Ka1LLiuUFeMmvEvAzBbhiCJY5cp6VG0dVnNjnl1DxNNUyHmDtcqY6gvqjlxtm8YAgP6a3DnOzt8CG/gj34rUPuI3BVnDyDncjM//StTHufZCaAUbuw/4LW3bu3zWz+ahZuD3XXw+EQCP49uFDuQzX/+7B4cy5d++9nem5egfsJj+Y94MU2DsJXuQGJrkve07t23pqfO4cneHOftRPR3K7uBfANniGkcrq+zBuGokYiLIauVxrrLAaK1QhrV4fspqEED6hpV+J3x8SljE0KMNshTKVqjocNZmcHrslhGKKig2TJEwF5FR5uc0fCOgjuEikhTkIxHJREzIHSVYb1UZlbqvNihc8Kj2eiBfNxyReyaoZtchIYK0oZ5YmvIyX8BJyp8JmszXiRU2BirD12K7bKDNlYySI3xBlGTJ5OCyTQ5fa9JMsYjdZquAVaDV5ucj8tY4V5keKeLiWLjrPfxJ+6Gijz1NR/opjvpLCsocynxl8ZdA173P/6AWnpsnpY2jilXuw7apEd3V0Zp5jIm0w0otzl+YnPh7jroOOI4jiuffFQzv3Hzyy64SLXoA4auzQ3Jvch2THmHwPtS93h9te2wkmyUwuATrAgYNgmtt8kPus4+jhLccOzs3SrdyJj/ox+zmPDPj6Lc1qNTAc2SA6YExuS5mDLvWrdLQAnVuhyWNDcF/I2O2VGp8CLfayjFmjRTIwrDLrkNvtcobJwwSfHHfG3L4KrxJ3xiqyFiXhAzKf0qckyqD9KLTd2vXap7XPaQWlhHZKC2OkdhFJ1HwVSdiFQChcRBJoSGg5khjOq7pgfprihhcfH5UF6Tq+elukesxHygJ1IM9cWsAWLlD+NTlcOaHOT72K3m/1ckbu8gz3M07pZcFvwHbONENemt9D7Z2hds5PkK/OcFrw+AGUls05SEdFb/oO2JHrI89yx7gvU53vg81t5Mk7k7duTd7JDbZxB6gu7izoQTfMYfR70UcYeVTAqxNidSqVW1omL7M4EQCxlpYKfXKpJT9wnn3ZjoSq+YvlZ2BiNPSKzy50WxxIvHr4FZ/TWQkvrAc92wOyrIN12yt8frfH6ahgGW3Gj95V+D0Oh8dfQSsKItXLoV8tq82abAqA0J9aqyXUETXM+f8oBEQj+cuu2sPwjy8KrVsGAQtdHCRBuKRHlYrl/WsqVli5KgxvFemMFOXlFUXX8eswIlW0ki/6qDmU+4K7M8Pdzn3ubyYlYGT+IrVrfp6iZyjN/CfU7vkfg5WnL44dOHxs7sb26X37xir7Wj8BT+coSsyd4m7Vd0F3OzhJyieBnbs7mftskjtE7n5jatO5o6B3+NDJLZMonhqhPz0CMZGZqCZWgX9m4XlhPfb6jtqEoIwyZZCAhyzDsk1NiYjdgnnghokaIonX5AfPJRIrEEdOG0GCx2cpD1EZDJrQxTSBtbME1VZDRcRYpJyo0ulWV8Utlgqfw4YnDFn4FXKypmwbsYJZQa5YYU8QyZ7kVPJ4kpZSyWSwDHclK4kgxFEl2XhlvFJWxjYhj6vMsmy6praWUdQDJ1WfzqT5cfZnO0BHJuwjfAo8iGiK+v3Ri4C9kOVV0GpYY7ai/M8zwM8oym3lSMDGX17uz1CMQM7A/8sr2aoqOSLXQnV8eVaGmMNlbKk2IxOgWXoY6GFmJXA6nxecEZA9vHTTOj4PyNdw8psdy4ZFUs8sY0SG99RgA8LTgni8JL8LWEwnusjqhg2xOKTnp6NR3w9t3cf4Gen8vt/ixCpeA8sXL4uEm0gRAnOOxeI9Yo6CAf2PRvqkTo2lNfA4CPwWJOVKusnTd/cfqU1Qw2aZpL/3nWOnZbqrxw9EokK5Zp7btCGac13v5z4CxgOA5uZTE4c27d58YHS/kX5x16GjBw1Gbn4+va2VDb5w/PCOz4D9Ug/1j6AeTEcP7JwnP7vR1SXpGdHRZNQ/CWNz6vpBNycHrWDvfn4I8bPa3ZNbDm6cu04LuTev9IOd7Dz3TmciwWiEhqkgC0iwM83Nc7vE4pMYK/yn6DPhX8KkMAIvvk7v0Dt0ARPKtUU6nSJgMghh3P4ZyMJAo0JpNhia1XgCQhrIsdFqggpFNBg2GOwuizGAd8fYIEQNVvg/s1rNZQZjGKL31ley4bDUaTKbeFfkd7kqK7Q6jUbl8argW6WiohJVvOVZMYSnfKaO0/NatgwihwqmAnrSErvZqAsGFcgrFWf3tT/JSolFD4UndpYBhBRPbLR8rz3fsVnaFMMQwvC1aAEHnCjejXnIbeVTiiXIoEK5GoUsg1/oAl9PNUK5qQNg7xHwOWd/HezoqOfuzx55i/uwPgO23+YOzx+6gzhGmmeAlXs/fXnvttFTM1tfMEC4gNBA7nVuurUDZEhmbow+mvuYO5eqBRMQMWjACJieBAe5bZP3a1+dGdvz6twFupODQDGDFYl+L/pEuALGJCfPGQKSrFQOnb0eBheNBRUT2NJSxmR3W+lSxleJ0cMFocVTrscTOkKNwVAlD3rxvI6K1Rjgm0IltIpoSm5SoBhTB/M8mAVIKYUz4A4GA7gUHfYGeTUTo8ru9arwzp/CCxSUd4k0HsYqGHwUXkIrLA5B0iwfgCrCWszJtThnsDRlcEV7XXtXW4ImDe5rKe0yoR8iVUDyD898Bh4qNCv1sUJyWFRJzjdBEMxIpb4WaOCB9fK8PEhBCKScKBSGC3U20SedUQg23pjh/i33H5EMuAU8uUpqa+7ejOCTmdw9antOBVxcP6nK3eNvc62Fz5W9rUfAd3J/Sv4F99Mv61tfBrapW13UzPzGrltT3N9TFbfB8G3uxO29t1Hf2LAARF9g5iAfjAgxohZMsWVBZ6XERzk9ycoqiUftYxiFIq6mCFO4SQKDVIiwwMjkgan+CAxtSZ7z0BOiNCakBA5Tguqqqno9QYhlAlKNI5JGT6CIpM3WJJMappqIM/GtcUpGxeMKRsF3CxQ4FukZPVNp81fiuXWZqhRe+iirz2pLq6KhMBFlohA4RsPRsMbsK/PhJ0lxb66WtWTF9NOlIFIKSpn1ZU+XITWo0jKaLiulKvxC1BUpg2YhFCr8Nn/YT0kJPzBTfo2GZ/FA0MXprGBLmUwFD134VPFhEeV1aLBkic5XtXw8cZm2xbJggwtfy4INAjcxPGRyL4zXI/LDBDzRYZFYRaRK/cfzRcxgsSgPgynzAQwnIhLoMQmM4U4vdwdEJhEZYP/46KaRLZObDpnJc/Td3K0PNx+TqA5s25m7O0R7526Rdw9e3nN87/w7h184ke47Dn4O+sGOCcRmMcEdG9wytuVPnp67S9dxL/5DP7ljcv7VBySdGWamKRX5zuT8hVZumrvXBhLgYD13iPvA5QAkwkBW7jeiW8IfEhbMSDXCqhkNJfJayhmNwSjy1lWVWw3yS2ADUbJwf7akRKUTACNaNjbVMXU/A+uIWiIFjSMFBl9OUpYQA/PL7CuVpmTUIGWkmGGotlImS1dbrW6/016Fykg2NlpbVyd2uZJJIsWkyFRKLCPgs0k5JZWKq60YjFRXW/LqrjB1rAyFiIiWt6KXs34VHYhdBJELWV+5A21NsOas2xFgaMR7RVOEXByNmpCDMZnKLASvE64jiHB0cQELxRFsK6klOynQ4OVXFQpbxov8srgyuqhCvGQhS/gXdaZSizgYrxIrCxrEBdVVHFAK00PJh+QknWjbUr3Ib/kwGkGakWfJDtxgspKbTvZNb9wDtuQ4VB0km3OXj+Zmc1te3wzRh/fQxx/37N2z7Ujroc0HrFTzjmOtEzvAsyAzCWon7x8dPnh8krs6yV2czH1BSt4EfnA0jzCuZsYnNp7NzN2gO7hX3++nPxk4NzJ8ilfl+jX0QWeIcnjBM2CedanVFg27YkW63UQSsmCFRi63KFuam9vr6tLV0aqqhuqgqAyFHkWZUCgSWWTS6gqHzsJYEN2ylVDyRdlzDDKSb8xCn6JrYBowcZBVn0532AmixuHwhzwuTJUhYxMrWLY9nUjUtdfxBBR1qLXf3t4STiJZH0PWCj2elLJYTLJ0QwNpqopGHcKQCJejhIQIjanEYeJjIlE4k2cBQZUBHVVmqqxwY5Z9TdbvDjMQusvpsMntNoWp5tLmn+ZZH1PQ9chgkkAaqMUZ1MS5bI0DeUxr9vd2YK+x18j4QT2qhYG/mpRSKkv1uIBcBwOe3Qu8Xk0Pv9iOKsdFkQqTESPCYhTaCoWvJQRdSJ0xWs6D7EIMNBT6n3mRusXxqEJZVFlsrtEli0UMeXlrzbf8l5Tpiqal8zSuyiVyR5THuQC/Cp/Ec6ZFJC7oHj1M7/64FROgwHMMgyw5DQ4C+RsvdrAdvaE9O7l95Fhv297ODZvIDbn6Q0dvv7+t/xB3KtebynW908+9D+yHP/ggPb5lbHTD4bEJI3mQPA0uTZy+9uFbu179iLvBTbl//zYwalRizaFg/ZGrU7tGeocn2qbuvCGTHzzelXuR259+APrAOI+kuOPNmzePbRqam6dd3MWr/ZwK2MnJoS+vvnph76Ub3BcnEzDymqFvRLpYRsKBe66t4AesuUmvZ8tKFAqRUtvSwqor3aVSqaiyjHA7G6GzefycVZBf3cGMfFJHGUFElWp1DC3GrGHVUauDTbJUVCRqq3U6A2FvRYI38WQyaXU4rFZ7rRPZlSwbjcVSLVqtukmp5oUgFAogEyhKSkTQtkql/JOqw4owUNBhoozgB70IEIN315aWlZXWUvamNL+ebkK8w69kUxE25Pa4eVaGgIc1AUT2QkUYU8TjiZgoQRo5zrSoSdDEy8v7fHpeWoQhyW4+64PGU6Qsknek6xfJRtHGTdEuIm+M64cXZ6CRIRVGuJbthuFk8mHvytfvfpfi93F4vRtU5ivMZMW+Qie6pD/ysHQbzPYW5zz/GFMgGtDCg57kdUDvPOwOkTcn7n8INCENtLD73BfchN0F0kByeGhgo7ufun0kN3Bk/mLePJEUaWrz3o2b+pCBCjfkBsgXhbmZ7S9eo8sATM+jgwMHP7k2Hh/pGnrh1MGO5rFTk6cn9gc5w/wXGzbAH9gF9k+C/dyuyduJjftGdw/O7abd3OzlfprbJdjwwb6juGLxr9AivwOxfj3xGLjMyltaVq7MZDqVyhKKQmpP686LVjR1Ik8qW92XXv3YYz09vb1SBYb6jngoFlsdCSbRw7aUx1PnIoi6OpfL5HOnRKsdqZRjtYheY7Hr9WWYHlBiYctMJkvrYw2PoSxOm21qaPA2NhJ+xg+jtd/vDXu8HjxrJZXjDMBqkaBaP7KvSHa8F/T29Iy7zrrI4+idq64utXp16mwGwL+ZlStjcVZv10pruhKr6LjXgndfZEzmDIBuIgJImdQCUvF4ClikAm1Q4X3ae8b7npcupbymMrbUkCkr0zoUWgXfh1KrF7QgrAVPa4E2T6u7OE1ylW9sLtIQrQvk1TgR+2Qs/It1z/BEtldRB+Iqr3O4PJnI1zn4aiU/mq8souhVxmL5XVnkIVE/H9kqauzn7+UJKhlEOwL9Kg8hEWrE08Z4uUT51RVufsEbJJbEmpYsFRUuvu5O9K0uCI/50/UdEVfuMDmT2wiugbdcGk7I1XIzp3Z+HIqACcNhuXccmOcPfvwSdwHsmQBx7pp3Ynpw19aJo3ft1AUwPAGOchuCty/2zF6a2PdupP7eae4Guf7A5OBGlyHDctwE9zEpH2yVMBJg+GCqh70GbhkO7f4yRB4GmybfGb99e3xTamDjjrEu7iKYufMSS0befXd8qnXXjv0TW7i3waHXz6VTB29jpsHfim5D9GmCeU0n8SiRJdaTnWxYbTAojWR39yOEI5YWJR0exlNR0afTavvkvb2y1cKSEikdC0WMBEG3J+OPoBKrklH2I0auftBPrEFzs7NRxmm3RP1oYDYA09Hh8zJEeC0FA8Q6YjXYhNZMCJpYC9+vBY+xksFQRJSOUFgmYg0raRmkA2voTJbJopYK07JOpqT7+h5fFY/XszWJdoRkjRk1SRrYUDRjYMuRnIJGD991NybRVAwaLKxPrWxh6SagSCFF3ha2KZVqYlvigkwtEuOFAMbjCYUieF/S6QtSMTPanWQHsj3SrVISgmG7ub9/OLtWEWoMdYfWh54NCaTdAcAEgMLcbSZlimHb8PPDZ4ZfGxYo1trWkqWhgHl47dphcyAksGbQsERGZAVWK8wY5VStkbiIkYwRPWDUaXmhXx36StfLg+3UhaxcvJomwnlr5/Pt/DseqiwR8gyvy2925SleUd14kWveUFQHXGR7LYQAIwwQAYxNiny9HuISXnhBz8ssLKedTqWKunjhxTrPUqEZDSOoFgnqF4OBgOeJXjb0DQ8MXocpzHfgMIGLO/mVTJXaucgyXxwdBHkyaYx+BDwk3wj23r5yqaeDOwteCIUm7XbyHndnaOf9z7q4LxaIj7iUYxv4YpJ0cIl3gDce565fnrzOfeGuBfaL3Oac4c1eDqim3n8/daBvY9vGqQ2TRuqdmSO7+rhtKUq2Y3LswNh8x/ChzZtHvx3a2de5YfN4pqs2FBq/Pj66ef/4tlMdnYKDSOFs/KOtqa6TQM7tgunghxcS6bM3cttBJ9gxCWa4jZOXUnuGRwe3zG2kB7ij7/Rvqk9vOt1Fzx7cP7D/QP/A+K7RXRDtaLh/F30o/AGE50l+75OUsmaLXm9l6n0rrA4GQhF1iW+FMGotMzlstavSmMSzkQfzhBwmg2Dh/jkAZKigQHW0N6OPLV09iEfvvDDMhC+CgdlQKFrf/UgJOj5aYQvVSMckksdiMMokbDZPwFUexds6bKylsVG0ImFDIKckm0homxpWtK3gS4mZTEUqVVHRpldaCSu/giwnQuEw3SOUCCWEjO6h8ZFSPArhUtejeCw4GFwdEK3mFyLjVVXQoP0OJ8TvqfNZj7Pn4sI4y0rJ1YqeZ3vIsz3A3AW6u57vWuiinus6gz4QXUC6XgSIni6R0ynq6iEE6o5aoo1pY9sohmqLxUxlJh5+mVDFA4YmNd9RVaPZEi06Y2hJpkjoRJUvSyxShqBxXzxYtlS5KCb3IfI1rTztDx9v8qGqiORhqehpCD+M/Zd2KPkGKb9FiRcqU79D8oHwgfzBWiYemFflQrtjhXoYPkj8sXn4zHylAsJHKQy7Cn07db6KRk6RLaU0d22KDk1xZ4Uycnvu1r+AJ1N+7lu3nstxjiD45z/PfZLb9+OxOaCbRCX1rm2jW4YGJr/5rFnw4iQY4F6c5I5Ocm+A+kmw4d35zyg5fwN1K7+ZIm/mgqktbeO/r+7ofAZ4uH/9dlvrE/8HiIED7NkHXuVa93Ffsrt2D317bO7v6Cbu0P/oF6SujJ+Af8Zff50LHeY+O4xn1f5U9IFggVATs6xELldJJCqVFrFHbWBLBAKtSATUahpzYgGZApWpDFlCZpdF8KagoJSSycQkSfBD6fVsVfY9MVDgoZb14mfFz4mfF78m/qX4PbFEIbaJw/BudCe6a0FcIqXEaGAcWhBD40nG8LZoNO+K+U1DnObh3C9fusIMC2griq9io7JmEl8VnimmUGswg7bTYH5+i8icc5BHcmNU6MuUlo7MXRd0HT2a+xyi2qNoZsi+8IjoDozOGqKS+PgnEjSZNysqMxrdekwPX6lSVcpklW7EUCp3iSpdrkoRRYY1mKf2cVbOkhSllYsEJE0waNWs9lzWrP8p3iIyL9x/RWPWmANGWwBTArpdLpukFD+HUfH5CUQXTJlNLJ7Sgue0AK2hsVpKQWm1RiNTZryI+gNlRNGY8ToI+nhy0UIzarHSl8pnJMo8BcqSsh1zjwd//GAmwmnwFUsklUibMG/NaA6IFoCY0pVE9BLLZoPKHUp7ds3R/XuOo1Grn3xfKM7dzXH0puOA+GQHTBhe2nV5m8og6+lXGRwfcPOfCZQMvTBnM5UJ9blzh+fvuVxj9Zu3izK5xpO/3HPnF7m6fdunX3UY35i8DsSIs6Se+5XoTeHfEgpCR1iIcrCfLZEoJHIFIxfL0LSWgLDDa1JuNJv1jB51mA2CciBXoZdw7SsGtdqpZRgaVXwNLMAKcoQVfeixXrfetd63ipSIO5StNJgzVqteYSsPlzeWU6hBGC6n1OWs3pgpR8Na5eUGLWEAesrA6A3Ii5qy3XpA6Mf1U/rj+ut6Qaleb1aYbWZSR5l5lUMzDzaMWqmaUeEEtjzbrXpOdUb1mooOq7pVSP34NdUvVUJCBUoplYohFDyjD0kKZTRBMGItw5MwaVmjN6NlVVr4DqanWrEUHwqhsOf/J+xdwJu60nPhvdbaul/21sWSLOtu3WVLsiXL8gV7Y4wRDrE9hFJEwHgYhlCGAUMph6YUXMalHOoBD6WUyVBwU4amlALjgMPJZIByODlpmgmcPDSlaRr40zRN04TQNDNlbGtz1lpbkkUyPX+MbpZtiPe3vuv7va8SFJFh0giy5PhSRd2oMsuD5G+l/gqxFklIQFLAIN+JX1MgCn4smUflaJuqXRbJmFKJMjJ0bnht8AMrIwviOyrWlDLUtoNlE+DsBJws9KElD7ez26Bxd+HVme0W8O6I+PDzeMfP4e6JCXQVpgtvwI/Fd8fF14/M5g7AlbsKR8YENLZZvP9atuMaWFW4QOzAIX6m+ET+TeyFksxCpheGBK9s8WLFIoL9MqWYiLs2hRj3vNpOlUIR0ek4DtV1kzlPdl5nZxthTpvPLML3JpwWm0zzs6i+R1KvREvwcU6azQGvE1mI6i8+tfXxWCwZCVgs5lDSLB3XJCGY1eeSyQhR6cVn1EsXwSx5ZjHQsosNBm7RIkYjw+6OlH/SomAnEUNjOknLdt68DNHPxN/n9NAHenxxKK4mxJDV1dh4pNfJ0HDoWuhWiA0Rs+yye3Ih/qYXnPd+5oWdlGEJ9TtBwrnFeZ5K1cvGnYDBf6xJq2BFGhTyggacsThxtMLlfldXq/SvHO+a6IJMl9A10jXeda3rVpecR134b7joDea6yjA3or9UX68TXOGcTqcqI9laccrRr1qj2qJCKjIVV5Ft17mppKRWJnFwz2W8Jb4+fJeNlUdXsXKDrkjIVN51LbFb2op0ypVaLCnrXPfu05IeiwRflNIA+pYUtL+c/lJwm6IS3BZERPIXuzK5bM56A/IqVkZLSNDYTKbkTYSHm/AW0PUeRDoi6CA6/Rt/exOkOsLijb/7F/FKaxC0/sPVZbPJJX3g4mzmA/EwmBbl4AtRC0wgAcXb4idH2lvln/RtcKxb+YZ4UHy/sfULeEIofD4wcQX+5sGj4j//n+/PH+hdfe7ybwzWbfmTn4JacbNCKYvY4kdcNvHjUfGtUfEldzi8wRcU94H1KhW6KD/KfgAGN4ljZ9qF7SDzuehZJe745E/PkWi1+VFEcU/+Q8bGRJlbUw6fz+WAShybXrSxxAcOTsqIcPs6QWOLcFxdJBgK2XH6+I2XhIiB49Rqi0SmjJPCLuy41B61x+4KhaRt6RAJUTKWhQr4Y7AQG7fi0QOBVyicQcEWzgUFrioXtJNRA7YV+4UoiEZvMqAIP1/dSKomicqxpaS7myrq10motjma2rnR9P1ijpYqsx8xJisDvsRL7GuSAMSZwNzWFas8DX535qD4ipjZDpaPmm3aZSuMrug9MfdhYQnxN7fAgFJ8540Vvc8K8h/OToJqkNoo/kC8UvjJ6I5jUx77y0fenJZ3FF44OntuxcTg8h0b4sLx5Fq5nUHMCvE/FG/Kv0tVTDLg1wRtKBWrq4v73f4U+V1//aIt5CSiEGsv+dws/X0PCSqbL85xWX9DE/kCId5UVyfpBtaRXzjRcOsixIqx/tia2JYYq0UKMjhQxRQxhczjr/ZLymgGfEI5VLpQ+PfM1PA10IxqakLVgRD+GZP5hjR5pzffpgZPBJ4OfCvw+4EfBGQB3t8A1IGGhoAaVbOdPgD7CeUDIb/q9+3xHaJsV0qtT6gN5Xw+ZwkfLuPJpLwLFxeJxMkyMecAC1gacbaubpxDTaVo5FhTkgSfW21/fOepYiCZLQo3GR7Dv5GLLi3otVAGLCnPL15+Sm5V9ZXLX6LJJytMczYgRSY/u+w4aAKmpeIH4t4doH2HWqscyPFGxxfi6fuzLFo5gQZnn5+YPY3GoPj8B+3R5a3Hoa/wHuiRf1f82r4fjI+ePrN7w7oJn+PchnP3Cx+L4jHCLITgqtyKnMV1JN6FMjhuiZtXSTOi/yyqRhAWz88Ezu832Z02dy1Tq2HcDoStYtLk0JBVUJNKFXRXVVHmaMEmBZPqvJR3XPXe9cpqkFfw+nHeAezuKnwZpvJut5ORjlgwbxOsQ9ZhnH2wVusaO+DsnfY99kN2Vs3gF8iuUjEcJ5f26jhBa8xxUksS+3FwEsBhcAs8AIhAjkuktPRSzUm7f4lSNVbOr6U2dMt9iT26yAHVUm7m8RRYJF0bXyhoaAoUW9FkgYeMgj+RjW1K2h3aXE7uj49tFnZNdwPPwee9ftmvTH/71L/6wRGZbfoj+OLYW6Ln1d6VB9+y889dvrH3AZjtextsANeSgyvGxD8V/30b6NiPzdH1qIpqCtnx7/uOYFSxrAZaLHZPDRlJ1Pgg4bi9ZLf75Tz+bayeUiiCHp/PTyM/jmQeBeRYFSuXaxiNFAM1OP/i8x6qrOvhPR4PMiEdicRaQ1XOo/PojC4K9SGzeIeDsZmNhCS3E59ei8UmcMacrejzSvN5Q2mOWvR0Jasnn7a2pOa4tkjDp1i3lPA3ZcbLlAFHH/x7lBX3cObQuxJ0mwBy0AvPL9/yj+/u+1icxQXe7mXpwufitPj+irNqy8S647Nn4OQZsaM7A27slZ8Ur37815cBs/Nnt8VBcWZZFzgBvzGbF9+GvRv5o+jNY4cLw2JdXx14FyqxVUcfKWhXJMwkmCbwR4IHeyCD0uHw1IZNBoMunUrpGpJJgphPyFklCFpILeip54lu01TMk5BTNsHBSzGdrjkcIfjACFg5KSTUlx/dE0x8VU7NcUpdssaX0yXxK52WkPnjJ1qtIUw50U2MgYgk41zeT3Xoahk/6MQhKIWfp5kUyAi1+T1pwKXd6avpm2nWhtKCw51LC7wpV5uuTSdtSb4hSbifuHyMq3fXQx2qr/cGg9hNL8COtUopJCKRoCLMhMmw0p5nGWWQh0FcfyiDCFcMDUCPGuw2F078O1/KO1ykm+FiymT9c811a7ZCSMTO/7RyHaNMzl6W8fpSM4TyolIMPwWXlvPvOWSpQZKslG5fMpKyDFxRS9Uo+5KpGFhZyI9jpUySl5Pm6Tm0+QW0cfbo2n23Lh/8+ZUHoK83XpgVvxA/H39Waz6x7qAYFp9fDp4HH88eBsGJ0x1Lxl5gPUNXhjftkLWAjeLR8V33Ll98d8cXE+JHLyzvAXEwXfCJIrt0yHgYPPv5q6euAy3M7jxxI90+9TLcuHHn2p0bSDavf6RR3MJRVMHomSrGwXwomHHRQ8yJq6pS6CyEztRmI7nLlFoud6m1tMGgULiwJX1TsAg69QB2dCZgQkq7yWRXIgXHIHIsu/OcBXCWNRbInWeABReN7E0OeLhh7gKHeG6AG+Im8NNr3D1OwXBC8RMyG+J0WkI+o9UqWAUtrlgh2JVjmVJyEktJTYfiqPqxbJekuvQgEwC+gWah9yukcUvXi7SQpHwTWKwQhYxFpT+T9ACnWHHmLDs8/aE4vrZ707PnxiyvnM1kJ8+yb15ob5y8Iq8/Pr3sOPwkbRcnxNEBsFR2b2RMyB3fK27evbev68guOk34V3xWf4+qZ9VR7az54H8KUVkspoiQSsnH+BBjy2YypgSuk0iV1NA5b15j2/z5jsZ0a2ujmyQoIZvdbpmvAl/HFyaC7030DNbjMjthcoRQIz4l6y8mEFrQQC5Gg9CYqK/n+rOAy57Mwoks6O8EXOeWTnzKsp3ZTlVbDFdHkciXq6OSimTLpbzNFvASZk5cHVWRi6jPD4AhAAUwAiZwmCL+N0DkEHBhz6XXpPekEedJA97pcSadiHGOOK85bzlZHtEJmjkQzwFv2ulMewGraGtsaOB05Qqn7WK+srLpwI77quqmCkIV0WNWUeG9Lx3LsmYbPbYS69vqrf91IWMoA65I7VMS6JAWcSiSaq54ecw+5iAHCUmq6ysrOrLHprkISAWKnxYoqRSOsr4mE+XY+KXWNcmu/C3xk1nw7Z60OPaIET8SN6XT4ABQf74J/rzwhXgu2wHqUPeK99XyR8yrucLTm9/5YuZry5YcGzq3Ozt+uyv54fDFVya6G888D394YFS88i8Ti1bkNrx8ZUdvzzOn74FOpF0mXnylq/UIYN8VN61c2nVLNIqfT139UdAltosvt4M+NL3uXG/rG8vh9iMHejITY9hePeIvFB/J/wL7ASfjpREmgw1QV6NxUuyMpdpgMBoV/mQmE6qPxUKRRMIS8kJsm0M4MCnxVVSCp/G3WnBiZfUQTtCLinRjo4/041R+hROhEEVhrblk9avV2SApfmJCKBT0+5I+EPQFfehqGjDpAQL10yCuHphYAjWXRawWS4RxS5ZqpO19I93Uw6as1mgYHVfNkdW9UL6m2qk8nwR8ciQJmeqkUpmsZljPyQiIKBQcAmqEkMwjqVZ5BI0x5yl7FDpOKguyrV5dQueVIeFMqVQylCSpiKOR/E9pCaGIZ6GWlSrCA6SAUel5HgOGV7B0GinAWyZhWSjAO4ANhqySSCZketyEXmdXHZu9fQzt+uDKeCZTmBQnBpYNLBXefGXi9Tvg2+CvN2x8lRDxTU8NLDu89sx+eOc5IXnsDf7yOVffa0fgt2YP7tsnf158Q7yxYvDpapfSdtyV+znY3SWeEd/TWn74R7PjYh1cHvSIHeKkAFbI7h3Z1Zvdf0zc/ew+1/rTm6Qu0H/QaakfF0+NTAsYE1TVRn21U+5jCZWmYPUolSqVP2JsbmqKplpa+GhdY2PUyfxEIs3H36cDG6dcvMtlNdeQZi6vDyXj8QBp5ob8fNRJC2XsAiFsixBrCQhRLgmGk4BrXtO8pfl8M6tDyeZkszIVCgT0fobxuOgaSttUvqa4odImLMhbTZRf3WSq45AndbPqbhWsquJSQJ2KRgS9MReJKCFLEnOWdcmBTg40yC1PyKEGv2DkwMISNOiU1ZeTKz1KwruvzSd8nT7o8+iqcj7SuMHv+bAt4ZxBmpdINJM0EpFgReyHcromyjVZ5QpSycbmTGv16pI53Zeafvcl0/m0JAqSTTzmr+ZMqqVC6lpO7amEjHp8v0Wyrl/qnOSOa+8NLMlmcN451rt75+jWwn/A7QQoPAGjhbfh/kLr3b8Fvw1++5nVM2d7lx3ceHa06+jrvdH3N09OXO5uvDwO/hznumfj8dW/mvGfy06+cmscvDAONouHx8UV4+L3xJ8Z/X/ye194fOJy8YVWMIQ+2nh6Wfz1ZfDZkVM9maldhAPFgzOSD+TfwSHJzQSZepxYtoLvCgFGZjAgE9OSrHG6XJpsYzLpq4lFIoFQfX1TIJ5OBzQtfAv1R1kmg40sAwaZJsaD/Q/na7IFNLasD6F2k9nsJ9bkFgI+j8fMNa5phBwu9c/HkA41xhpjfEhmsFgMFC0s4UdIMHQRF2POc0VgX7alpRo0ZTLVNZSfrC1v4bkad82Wmj017NWamzV3ax7VsBYQr6mJYwtS9YfWhLaEEBc6GTofQupQgPHzfmhCuCg1S2m1GRsWh/NqnuEJDSyqRSqeolg0KsEcpuEwReduj7OZELsqiVqR7l7ZSZXVmec2VcvBcHUpEpZAeJIF3S+D8B6zrVJALBNQJaQYiFM6qyXlITCRECGow5bGALIWF7CyvzSpkvgf4H52XPybwj9HUjteBWkw4HOJfQ/E985uOLL8k0GoBvbZbWojHIdhV+H+zK1lA4NjZ8Ye915s/MBg7kgHajrynLhdvB4NPGFc2qdUyt8fmDpzVwPawCJo7lnqyx6Pzr6LPdjLYo8AdsiuP+7B3lsysndgl6Qv+TPFbfkPcNyzMjWMj4kwSeARbBarxmKEGuxavLWRiMobTSa9Rl5nJl0CldUuBbh4XZ2DlLUul8dI4JxDUyqFF6FGD8nGagSv1+NyePAH4uKACwEdiofiIVktIymCKK3UWZmVJkrt2SbE87yWUwINo+SVUJeIAi66JXo3ijgcYKNabVTJsPZavb6WatzYJcIzO4lkdmZOzYZeqUrlh4qNx0pmptVl7dpiukwpmegGigRuk8htvuppKin40ZccC5gLWF/Kee6wG47NvnbMA8TCFdj1PNxVGIW2mRx6MPsayk5fGOravOncqH12VXfj/mvqy6c6Gu/shKnZ6wcOkPn5OAiK74yLr42L+8RNMBk1i9vEsQ4wKPv8tVU9mbHTYs++A13t11eWtI1vyf+cXEfK3tnJ9IBzQjoScbc5bIoA8jpsvDEwr62tzuuOK1B3d1dXQujpcSdaOjsTvN3SlNLKakNAppK5yEadm4nigFRXF+f16YyRLLa6EyZTLk6usF1IdO3pBt3dQh3h6pyHfcO8eV6huojjVeUtJlOwKsJE6NZyEz61Em78pXxKzzYWIeVfy2uVj4LgVvBeEPYzYIIB/S1gDbuFPcmiq+xdFp5UgqvKu0o4ohxXwiDTwiqVbAsTlPmENeotaqhWc8IhAWqQkIjH3U4KQ28VPPlO9x73TTdyu+39lFgfMT7eBx/4wC3fPRy9KDCtDP+VsmvqULaWSWaKQwN8KxlQachf+pbGcl+FIoITEji9bE+0VDZQzzK3SFuyJWNLie0rNQdKL7EmlcljUtiuCHK3do7sy1BausUfMsnWSpswgcdtbh34ojAOh0Ut+OIYDF++fAQbz6rCKXinED5WGIEjZPFW1Iqnl/WtWHlhreyOuIksP5HbzPiB273Rt3dOnrjcnX53A/rajdFXR199VZwaFXd0XR99HSfdoAs/XD8WtouHxd1pkGUfvCpevrF28MLS+PWVcMeu012ZO8sYGaMX/x1Hs+9i31KMZmCVUKNGWp3OaG5EapRMkuAFSBgLGHkZcTCTwEX2Gi6S8EaE7C75fH6j24I/NQVqAlZrBkew9UJYCAT8Pk/SD3CQ83v8HisXc0ttax3XiOtxHMwaq+Nk64B4GcZEjY+0y3iWk+uUWt1l0HEpr1ULaqqf1ZkXGOBmO9k17B4WP+zBFngeG6CMU7vVxNTYu+pHasiwIbU6xDKsi4u741CNcJAjGM1q+te4BLWRNmTK7mhOLYSaE6XBf7PEo1pKgyoJ46SsevX/wzN9xTFZU3PNackj0flSoDxXKlPh/xfe6VXwgEh5/Uy8q+fhBbjU87l4Go4VtoMHx2enjqMPZ6dQ7/Rz67t3DE8e2E56AO8dvnbthUz25VPwSTBwDPRrNbkBo3DCZhZfOCZemD21cyd8Q2yH7Rm7uF88vhQsQe/tGh0QJgfh/tH93d3P78JFr4NWXOdx0eRjQlKHgMkxfcwy8FBoqap60pPQxpwJrUL91NKl3t6B/n5vwO32exwA2J1CR0e2MRxOL1q4ML2gqwum29va0oonlyzpJV29XrBscnGs/idggIlSQmE/WDUJoecKWMvYcWK0FvvFaoKK0PE6nTfbqpQpUNBFFRxU9uhilPZ6l7cSDxcW0gu5RVsWQd2iRQuYpzxPQZ4TEsIaARnQU0Jjo/AUMi3Q2T12ieaqRu1Z8uTi3ifxh9OTzSjdGUS3XgjdW0DG9A8M+KGfknTVJ4mXas/f9OBgazDnOGYPAzl8RPqZqwzb3361HQ7Da/ifzLTD+nrYznhkVQuiUW4B9rEL0q2tBiIn207kkatMRGSW8H32m9aYtphwipgok3IWjbDIBFz2a4T1t2ShklezzhV3FdzxFbsPJWGGkklS8JIVG6WB5uT3KRScYJeKI/rHOwpz2VSpNVFKq0q+r+j5UiYvVGCHJ5fu5GVtG2+TqdbrRUQbEt+BjClVVvYktSFEiPb6g8UHqaeIJH35Oz9dxGbk8rf+Ti7/07OGztzlDafUxusb/sg5M5v6H+yfzk42oK1K0+xHDUiQzXQ/PHYm2cR6Z37/d56Liyt2LF/Ru37FJ+sun8jVTebW73y7u/EO6lu1b/uGHYMrR3atfxb+BHwhfvze2J1j+/9g8VJl96Dx6BGwThw/BW+IR84A9cdg2YbBsb/+fvv0QzAIJoI2cad4WGbbNrJ3aXwCjm5c9XJX+s2ZD1eu37BhG9y4cu3GDTtxLuahqt/fwTmZ5DWl/tmfC81V+iq7vm4eZBg7jnc1slA47LLodHJftK7O1zlvnttH6Kv82UwmgM3EHWibPz9g4mXE8uWMC9+7SUkwhT1qYwOhxV47JXcHamoW0KKAp0UBZ6kgNSALpyaupsbtNhicnM1JPOV381s40NnZ37ml81Dn+c67nfJ7nQ864ckoiJKVwJONoJE8bmkDndn+7KHsyez5rKw/sSaxJYFIKQA3h8BNG9hjO2+7akM2umvcGW1syyZCNlsokW1rjHZyKng+DYT0RBom00IaPkiDdMDvl6vw5+VX5TflSC7QDUVIELJEQJ5iuWlUr1BnSsTwayrJhD8ooI8eDMlCS4vLxhJAr+hrpcnSfUnK4KutscpXlZZcJqstEiyUUaymMmqcKfc7ioGbul+/VBqAx3yy4sPWrHjurRPvi4dzSfCjTwtvwlUn4MbCFGBmHTLlxGx2Qjwn1Qdo08aH70ezQAk+GBLvbXx3euS9s0LyvRP8u2dcfaffrs/1/CNYVaiF/ySenllaNwt6Dk9PHxZPyxrFixdfLuwtFwls36Z3nhOEU0s3nr246wYcO7a/N3tlm7h7bK9r/YGj2CrtjxCdKnLYXxNtsQwzj+mG6UsqlS7VwBDkN/A4/ARvxhmqqwydHR3traHW0AJ+wWWw8qX5Vut8k2l+lMy8dHXz8Ufc5XP5gkGWrrTr0o06YNDpDACFe7LNzTTFjAjh+XsWHFoAFyzoDMfroiTmJuJIE4/GcXnQnmiHBtTeruhMcRQxUES2wKQEXgvRZpefrzWZTVLfy1wiSxrI4zw4BT5LPUpBJpVMCanhFDuSAmtSYLwBrGkA5+FViOswcAiCk4TNju5JX+Xv8p/xaJwHHA+ojLzbl+OJA+dJw9dJyGnNh8znzXfNn5llh8wn6VPWLDg9OTP5ikXkK2xuG+Rs/bY1ti34CNy03bV9ZlPetYFUA+SzZpvNnOVhQ0qh6uTtwG6/1wl40sZ2d57sxPlSJwAKFcUvVuU1j1QgoQJFRIxHlVRBlSR9UJwHSYOCyqSWpCHbYrRtjO+2bqV3tD+8dVtlW8aQmsNwlbRHSou7xRx3DrhXEj6gLA8tFUA+KvpcxMtIexfSQkayQVZLdRO9Jarax3PeCmJbybuXlXke8/JoyTH2xNviRbX55e3Pzh4W34GHC19AbeECHHgODuPct7XwKjwyLYiZndiNDw3Jzs0eRpul2+yb61+e6K2b6tkwers7/WYB/Xz2/m1hpXbDOjS6f/f+3Rcv7iYPM6+D7eAw9tpj4g607YA4fQAe37Z7dGn8ebhz47qprvR1Rkl7gffk/50JMHW06mplBGYR0wf/j2BxLlywILyktzeW6+vTxOYvWhTTp+Om+SqwhjEzLTg5aQF5nI0g8M0pjuc4q9dAENoMAOAyBXBbiQaf10k3Mle92JGq95OtzQAj4G8VCL9Um4JTAS1SqWSkXNMwQTAo6MLmrDfQppHH9BkeH4mnL3WEm5oG8Mn7+ktCLBwMqhYuoPPLhcwCkGXyTC9+vgSnTc2CL79m4ZaFcHwh2LIEJJcAZgm/ZHwJ0qGFSxYu6VP08bm+y6D5pXwHM29oHpxHbNpuqs7NC8wL1DqbMtmWDJlY8xlPJplBGToFcUVyTAvf4mm51cIyLUMtuFZrIW9w+PsyLWb8BykstfW19MymkrTztIgn1OfNk3mmkR5cA8OxZPLWKozmydy0s/58/c36u/Wf1SvqBfxz6gUiw14PNP0pcDV1MwW5lBvbZ3+K1aUEkz3HzQdGkl5BE0NGplpymOtT8xktvZOp9uQO5W7mEJ8DTE7IDeSGcqwtF4tGFao2TnALsBYJBFgk4P85p5uQ8hO6NbfgD+fc+Brn3G4VYV1vFvT584qripsKpCB/jYLC00qAs+LKHZ3eFBN2Mpkpy49SIR8CXiGiPrGtpVNYJNgvpmLSxHZ1rDjkIQDbyomuNOtZXRzplgNbeTtaWqAvZoQl3HlWwp2vphi24qZH6pekcIki8rzMzSex9tc+xjptqK2qDZTK0iJJA1HuscgkTqHHghw6A9hYRJSLbyS7gVm2qXCzuRXy46J4q3uj2riud9Xn44WhXM/S9c9tRyNwtLBLugHX7oOnt0/NTJwZHTk2UbAcv9FTd+3wyyde6Gk8t4/9y62/Vbg2e18829EB0vAifH3/zu2zb6TF6NuwvU85BF5L34tbxLNibxo8B1ZcAa0vz3YPvf360tu3pj7o+3xK1jV8fFn8zDa4fcex7szZzbhSseNK5QP5DxgbzsN6mCeZZcxKZohZz2yCRwSNu7q6Aa56+ulFXJRQSYU5hjGZ3FVEV9PKrAWDzNeZThwZ532L/9ZPwEpmI7MBH7YN4Fcnn9HRs6522r1X8Jc14MJkDf7xfWBosr//a+TcP8Xi/IbKCijXDA6uWP4rv5Ln8z/GP2QFs5iUL08on+ppUD8z7+vWsHrRNwkD2RMrNqJ16zY/ScZONcKiJxYvlifWgOQasGYNu7yTkVo02Wy31CPZ+K1vZRPpdN8zz2zYsO6bX1/LrXWvxafzm2u/uTbB1iYkwOZTX+vv+xr+YD2NpBnEoWiqOkXesuXZsDnsD3eHl4XXheUcEwZGGHa7KB2lK++0VxOAc9IluAZcMt7lqrZyVaAKVVWB6hoqGctX5WpqTEAF6JE3qHS81DYaqh2uHamV+N4NOGASGNhwNUquAsMqoCKfjeHPZmurV6l0OtWq6tqsfHkivyd/KI/y+eUaDbf80HL8v7F80ZNPyln5j4siGQS4dpW9yZJpB0fH6avnBqulxcLVhlKcjElJY4mSgAKQWkoMBDQgFnmTJFCZFCO/JARdQXfRWGIwbklUYDXIy7l+tLR5VTyjc2u2ZJhGUU6flujipUY1SVDvkx9Mm9dlhi/aAyizZ5aCKV1IlAVwcA1YCXLtMdx8U5PM9FXBdFkx9FohBVJXVlQV94q6mRvi640ZIIeOcbijcABea0139bXPdoG6MbBPL25af39Qr5f3dul5x5R46w3x/Q/Hd+5epVWzS5aotbY3p96ftQwvXdYzsB4OHmtdlR5cW+jGMXnnm6+tP3N225TcdqC392i28MqGbet3bGS/JxoLR8VrPUTVkYcbwcGDO/ePbl7nMK84bbvwQ/d2b/P6XNdmv3Fzz9gbC6zioHhq+9olm/yW4Z6p998A68ApHMrPisvgMv8j5obFc0N2DkfxHdfFldu2Hxx5vjAZv/5u5k2wtG/79pX7cWS3if8fjux/gTPe0lS4iWnDldgnQohg/7UNyaQrEo26XS3ZrNOfTqX0QZz1htrnz3eGMm1tIb32x/hQuxkDWH+RqG2ZCfzIxMpkStpdBYwDrJl0cj5C++r3B/U2soyldwKTmw1VVy8I1cXjZFQ8KYRSNGATkBEZBBOijxYmSwUM5hMyb6jDeXBHBzH2TqYDR6LqPNPJE+RDuqWzsyWNakLBYF1cgh9lLuajfCRKn7gYgvUnHQqt3+djNF6ll9KLV1dDqKBEhSxs44lQZZPgzDudGY4BWgaCIGqIMEqYyUAlE2mQx/n4jynbbJxC/epIgK3jayT6e9OAGZjNln4eDOGcmbKVUWQfY/uyNlGp0yCpJhSXF4v9WdptrYxshpIae8VASHq/DBCsEDW9L+0NNEottKzEIfPLa7vKT1UCPotdflNRY3euq1bsw8okgd1AM2tV+AFdvDLRe/DBQ5gGB+vE46IaTYuHwQfT7HK4O5k9uDIN04dnrhwGGTArsoVXugdH1p49iHwbHzHiA1zT+eHyFcD2+ZB4azp3+uL2Vw6+cvD49oOHwUJk13YdjNrfGhWv7ZfJB5b2jK0Sr1y5NvsqEAbDQXFYvNgHVtXtnNjb3bXTtWPXyIFz7L0dR0cvbILbNx3YNb6TzLA94r8q3pc3MDrGxfixb/+fgslgtXLVSKGrwjGsuqYmIANqnKyuxYmlF19eL05WfYwerLuEk9UIH8Gp5VRY4wtI3LaCigu73XX4u4OkCxcEK0hHIYCfMEE+6AkiCwpSRJ05FwzW6Mpbeu04WoQjVoNBPxABQxHA6Hk99t8RfUSvI+t7VWT4GMj7vG4/2Ynp9x7ynvfKOO8W71Uv4vA/iowTPX784/0kOOjxz/f6vX6dSaPRMdIek8R61JXvZ9YwW5irzE3mLiNnBH8ox5ASjiH9CtLyPcQijnWzW3CcIJ1f/DtilSYSLxgTcCOTNLIw58nOGOSVIKkcUV5TogfS7svWbWVt+WK9RKusOX2kFil/I5CtEsTCliiPvbcWtwxLIDzKgU8ReGRCWURXtLRUrOOmyuu2pVWDyuEBMU9ZSq5gKnYDM4GKfVkAZSumP5fpp1+WfTgx/QI894LWCALwO5mOwtjMXxTi9hx4+c4N9MLoK9tPH5nu3rTz+q796NffGb2zf3Z797KBRYV7zd1r94D/JYZH21cJV068+9zFzUcmVw1tf2vzGTrHRorX5H+JfacJX2aJp/PgpNyknq8F38AGZSZCMzjxqWYi2MDC2EzWTMZY5Y/BOuwXa8HaSZ/PQxKkgJt3k5UBu1FP0hodxwVArFojd8rpntXQpbDdYql3EJNzkOJHcPpqwxG7O+CJBSPEIDQmb27APeQediMPkUnjbTlihy8Go/RRsPOOXG3E7QkGPe5IrczqdDis1RfM18yQ1uwN+OvNZp3FwlndVnjXSldcBqxDdONKrrFadTjl4NxcgsNlEsfpiL5XG65cDJKGB9kd44xuIzQhI9nfMrKKH4M27MMh+adhu4OwH1seZCt4tYvjpEp4Ds06sEHQ3ait0oUvVw6lgmCOEbQy4y9mDI3S3tSnJVhOkVJvjrpV8mWSx5JBYicB+ly6Bx64/QW0e3YvvHFqZsMpWfvMBvbYpomhY+sOzuw8tv3A3v3gnVXdz3cMwM1DfSeyG9kWuP3B+BcFdtkyuEncKd7//PrSNz63iPePrz37QPn6vew7t7tevdNx8QFD953/UzEs/2NGge2C8Gl0Qbmgb49EWmMtSZfHMy9EejmrLwZb04lmwvzZSLnNY2Dli/VJtZwsNyvsvJ0IM1dX49/76ktGB1elxdaRn/IFjUKLBlLlF5+ivpGdj1D3/A7ytfPmUZGuJwTBbBaE+fM6tswH/fPBfMFkybk7+jtgomNLx56OQx0sDqm6+R3zOzzaartd7bBaXVVVHIdUFFkVRkiwOXMIydQyKbEmlG3Yg6XTDap6bITt7SF/LOT3h2JI3ZpsSEpf1NxwVX1TDcl4iTwhevV8Aw7Y6gZ1g4fxEO/oYjw4xDfkE65OV7/rvIt1Ed1LqNUyRs7gNpw3XDXcNcg0BqE2mGMMvAG6kcGgYlRSes4wkkLMONWIURDhDUL8TjxV2bBiRUqtxOrHikjqoSrKTupcpJXkCpXnksLg4ySz1PNRYUED3YWSCP+kDSlpbkC9GCXm+rS8/Xw/W5Qdz1ZQyTwm4+wFKSgR04bkCiMxSZKYMgYjmHshKcqVZgM0Q4XwE3b04Oyxg+jns8fQhunl41DTm9+/au1mmfmn63cv/+0np+IdwCFn1x5/dv+GQ703o32g2ij+OzAjNIbT30XiJVn19N1dQu9YTj7/4dTevfJr00vkz4lHxAXnpzvuv5154Yg4e2z9H/9IPPxRewfYCF8DPlH+iPmo9x8eiv/wXjADvOCHB7a9cePZAyPbYVf4zdkMiOProBX/DVeVW3HkfYIZgA6B4/r7DU8uXlzfW1NVZXI+SVBkdU9qNE6nyr0w2eVvrKtjE/X17KJgMNobCDRFTQaDtbo63eL2eluUS3Q4xK2bYnmWBfJa4kRVTBs+MlE+2hF+GTzNzCOKnPOiKh3KKhcm06QXNK+lqWlplz8mrQBlCUWS0NIRDi5iFwrdCyUEOtMNNN1dwuLe3tYkhy0BG2giIXR1CdJsoIarqurvtzp1T2qepGWcys/4qYidnEHEyVrsOVSKyk0tCLU0oWamtZlYaDbfGGvlNYDDAfkug3Tu1vOtUMO0tjIaZEh2DXeNdF3outYlY7r4rqGuia57XQ+65HrU5SX/XjeO+22X8m63yVBNXluZajLOtVpNhKKpAxd7hwwnDdBAElEDLva2Pk7IVdoXKqKHVg8WNZHLXEmxCj46Yoq04Ctj6El2aOfflLiTrC1SvplNlUgtWxql3UApz5T0kCuHYmV0bWmAUNwXLB6jbJniqwypnzNqXMvJ2MfIlEhoJzyozXIZof8qKpxL58bgLaom0wyWRn2yQNgDV3jsZxwedt/MvFA9GzkjzoIoOJAJixnxx+ILYgRb7RmQ+Zfv/Y3498Ek2P83hX9Bnl/7mfizVb/66+i9/NDAkeVPg28cnw4eB7/Tv3LT7/6+2oiuIbNNfEbUrew9sBQOzP77yX/5d1Q/sPxXvja2rG/sfx9cZ13Zm/7ekYVdPc1b998Q//5ve3NAC47Be+0KxeqtfR07DgzsHhZvnToFkpvXY2cqDMgbD5r5b29ZMjq76vSmbTgpGBL/Q3EbRwkbc+VHSjnB4SOk1JHJlVavt9uMZjOvgkhD9gwFm4a/DNov5TUaHMZL4jXtuITR60k0ThjRIeNJ43kjDsq1oZyR5HhGokgk+CzOHINj9hA7zI6zF9h7rJxhk+wAfsFqEMuqoIr+YHkCAlgSyZRsCYfvBGmrp+bMjFqGtYITH0dfWlEUUUNUGLhCGevIGXj7DLRNb5Sjd87OvhoW38nkLnd0yH+z8D4hFjw6cm/2GLwlDohv53qu37gARsm2JSv+THEMZ1pxph+cFIx6vaE61yWLofr2VGsTzuKrCFrL7cd+g3SVyDYRJIkVynXVk6ypHqy6xAjd8xqeIDXpEqYVv9eCmlR0BbllCeNmmw2GrzX3JxJN5MubwCpBJTQ/2dub6+/JkUmENd/d0JDoaWlph81NTakEU1/fsyDVnpIoI4X2HvzBy4LkKvhxmpedzPcn8Bl9Ke/v9/erY+VCIIsLgWpyOaqr1dwSwKEl5MUSElyXLNGqiXwBwW/o9bynKiYjZAXYQXV0IA8UIEziu3H4ALLD+A7/J2OkcWBqTkeq9ITuvRhSJQ2DCjkDqX0zh0stlYNFxhy6DUwuqUR5XQxoEvU13YuhAw+JxKPYujHMEWAbKxmwESztwzQbTbX4Jd2dIk8VtN/SnDHVkkE2kcgl55d+W6pI5Cd1aeiSMDzz6qnDLS1oHc6CxbeHj6mN59Y/z/sd30//xoQ4UtcKdoxv905mvjX6YWPmg83fqh1fv76xELz86qVwi9A17BrXm48fffXVtevV2m/81tGJa+gPQRJ8VHfyv8++Iy4TJ+W9Q+bL4DQ8JkLxHXFUfNDRDpRgOagGV8W9H4nTt4TMq++8B3L/dNInjs9bCO5cORGPAiMYsf32r4PrYsc+cbU/sELwx2c/gP/U/gRpxOFM7335nzEeuj3/BGQERyLW6TdVL0wmYs1Jkx/5qhf2OHSsRt4cCdYTHJCvs5fv/QlYxSxmFhHCSZC/1GOo0kMHMVcnowFrptSL5c1NjS2U6kLt7PGxygULnlQSsXJisXJssUZB6aqp8VQr5XK2CkLG6mFImODyHk+bH0e3hZwTBKS9DZXLl3M657XNb8P29lK+Z9Gi7MKGhTS6NTVYKeKVzzMpTyqZwhl/Cvtnb1Lama/3qtUhnZnV0VGFkDfo7jaAZIPQcK0BDTSMN0w03GtgBStosHp1Oq+1gZ0f6Ow8P//qfDifVKDzOe5aCDAhonWItIgs3r9od+boAr7abM2FQoE6f8Av2X1kS2BP4FDgUYDtDPQH7gY+C7ABMnsJUAXoOT3KopYaKRrKGJAKUBulLUk9viFbOi+l41JCt1EqhzmuQEOR1PKxwyBB3j6dUyDA5asEWCoeBML3lkqV5vM4tv3/WTj4EsjSVFqzNSvmuHyttKK1//ilE5G2jp5h37jO/LtHp6e3blFrt+89+icvwuMwKMbBW8fBh6Iddk3PRpH/OPCL786unNIaT2zbPfvu8PbxDSPbIOrsBG9fOVFXhw39ADHja6KwTxwMh1cIkeTsP8F/ntcD94PwfmARP94v3tkvfn779n4xNw0h2zfIj4EDB1ad2Lv2OYLFdIkFxS3593FVU8PMx9a+mHkS1ggRi6Yma7FrVPEaRaPP7w+7OjrawslYrDESxMYYzgqCwxG2mw02MlF/gtf1kkdVdw8B3b6ooOuMT0/G40RV8GKbfeEiOiJQtylUT7C4FOkvLjbmsZMOdxAOy9Y0xQq1tmayPTLaDuleTB+YBdSoe5VKyhm/Nm9Tdvb096zp2dPD9gh6Z66zu78b7uk+1H2y+2432y3oTTmme6j7Qjd60A06GUBGaglmD87eZDyPj/QAM8QQuhD8MMxM4HpDXoV6uhmlkunuYbPaTJYcuYa8J5mMhyMRfSwY9NULPsGX0SgUe9AhdBJdRSwSeFJMDWdGMuMZJGQAHSOGcCKZiUuzv/56Vltfr9Ubjf36NXrI6IEe6fXaJ60USNw6lTfzA1qgZRJby5BNiX5E2lOkFNU0Sm8tscvPQTmKfr7YkZQgxFtpNRMrCSjEKleSi1vj2TlGp3K9XaJ0ksB6j7GkVZRLRczIL4cVV0CLCXlaSQe9ubRaicpblYYMeTdQnJOTzRm0FN0+Vlh17DmQxdkdexQMHSUCHGDZ9EeF9QCcrs5se9bXdWjX4KHtv7Ny6eJdX/+1F6B4bflBpXH3pmvA+Aev+eV1hVXwlHQ7DobECfjSbM/wMHsfOPYBrfgFue0TP9gn9vxVYfS3f2sw2bH+9/9439Kd+769Z+D4XvFOYZfIKJetsIH1r5/+mx8mX/9APPEBsgEHORtx8TPFHflLOArgal/C/cFOgQuGncHFPQsXNivUUEkkIh9MMfM6OlqXRkk5ZIhahfnzn3L2tze3L8jllERAfdVFhYk3yYjRy8CKiyxLma8HX0zQeLB2sjXsvgyeecnP4/rb4fCRBrvGa7XZluo57in+qctghaBd2urtb178xJIlfXzfZXJyliYUaPHi5e0D5McOgOVCUuhnNTLAyWQLnujrG2B6PD3JnuEelhE8+L1hgTWiHuGJgYEnhB7WmW1vaKcHTE8pMR04Y4FqTg20iBT7UMeqFUqltiGV0jJaiTMzEY9HnUufespmJZw+rQTYZ6qKVpE3n8zXRZl5C6LRBfMYtsG1pXVP6yFcKF1tvdkqx3HAlcOBx5prbW0ibKsNfMNQw3DDSMMFHHIUmgYvQT2P+5Ae+XyukNPllNhr/ZzL7YL9rruuz1zIRfW+HqPYJBGDpEdb52g156ZgTDkzmpONSjVKO2Fk0FU5ri5q75WOXXmfmDAMUlSI1NAsdTE/JV0GiRA5VRxME5FIEkKklsDc8lgiVRYXoc16en4yAYkCuawVkmn+Cj8yPiHWMj9yJWMDaSxkAiztdVV0SVHYDZ5vTGwaf3ak1ieO/qKuo7Hd9ec//N4z0cb2xujv/cbsJBppiI33taDUbPWa54e3XR4YOCBen5lG4yfQrtnRE7PD4GHu/sNlt2R64JpY8ebH4MqxyfXXdv9iw/rTu4a3w+/Aqp553RMXBpoaq8ysfr/ZuO2P5Cq59lljcNvzY/kFPf/tW2ONp9cidiA/IL5VmL1wYUzsANfh6R1jh/etPff8tr0TB8D46I6Nu3cPrh3dsflZyiQ/o/hAHsCeOMzEwbMCxzg8VdUM71H5qqoNKPITGiKexhUDD75xiTQN5ESfbFIV1BKL14KnCcGaKo5MqI6vIxy1qlgsGTYYXFYyq5oSTLF0HagjjjljrMrV1akYfUzbpn1ai7TaYELVqYLQrUpQYNIelYyoz/WrkAapyGazSmXwB6WEKR6JqNVybxWhwCTwaYuz2k41bhx5k8/Pkw1qZBd07pxfbrHbLXI/awBhw2UgTOWZMKhFYdrPteTII2FFCrPSyhLZUqN6digJAMCBoAzDWFOq2W2lTdpsS0sl7qnMO19swa9ZTVWYaPJTBD4VaTJLgApipi2N5dW0Iol3IlFaFfKStKYkV0IS+uJCWpHxB9so4TRjrAqIUBfbVyh0L//Oib8W/zHdC/7ypzOZ8eepp/0QXhd/DpTiw9/8jpwVt4nvyd4BjRP7b38uO3T06Me3Z6LsH4pR8fvpONTAmzPHamPgzjgYHh8X8Z+l3kCvsHsIBcX14gawDvQSD6x/1Kn4UD6Psc4pGYMxwW1E9bUhq8NjtGjrraA2pIo4PDYLn2xFsqZ5yExl5FF7WkmeqCxtDVoqLQBUdp1uvj1hswVcRIf7JcFuj9hiRJimjQjTWFs61Z3UJxLl97aLeVNRiUKT53UqnYrlFGkF9XzJdNjhdNCnAWequb2ZPm1t91PtpFZhRd6dXpPekr6a/iwt4+iTm2nWkx5OX0uj4fRI+lYauQky0CtwrlyMTTvbvd52Z5qNyRnqfrW82qOGjFpQD6hH1OPqe2q5GampEs5LeTND9s0YnEOX2f0qdOBjdCfkMZRcxSIjMSlpSPmY5I3UHUpVSF4WswSyYlRcDElJ3CVzOhbEncmK+gQlpsdyKkAy5qZU0YRK2TI2Ia8knY1vEWjwwgNwmwiBKF47wrYfEa/hZxAunz5VGH1ufHpa/BxeED8XxdFdaq14RrwsWwIE8ZpYR+6RGX+1MPsJed4EPGNA2csqZx72ig/HxHtjAAYCcHAMfDE2JmrHCq8HAiu7Vq1HG0hCDCzgmPgJMBNtWPujLYp3iUIbAIKVV+hVFjtyW+wupHJrXC6v2WaQOUjLEgCvSqPRkdlOQNDrdTqeMwLtkHHcCBkjbxSMA8YR/OKC8ZrxllHFIyNZSHX7ckajYk5bTfBTicuE6io2JRVxQMTxkI36uyol9jsqt1XBYwObdzFfQy1vHq7hbCzLmLFT5KEW8Yybrjo6qDwF87gCb+l6FukyDCXfMPjYLqGkedhIsY8UQ19s6bVQ4kd6KeW0SU3bc3OEdfgWRhOFdnij8OB3/zLaBeynTjUJ4K/OwtkCiz/ZjjY8XCID4nPgzQfXu3pBO3it7vA+IlD5nNj4nAiPkglKXLyr2CBPMHbGRfcpYsB3yWSyemsoyJuJ+hmfQ0egt2orPvHW+mAtjNCXaoGVy9XVsBZKu8O1rmAkSFxwKO+N8LXgVi24WQsGakdqx2sRV+uu7a9FOhw8qlBtpDZi0lQAbAx5jgU+xAomRw7/aikjeNulPCGrNUjKaOdNAHImtylhumti9cjkCWvC0pgMX8SkZkRzTYMeaECnpl8DNRKUtdxeW7Ot1MKlAr+xsjBpeWZBNhsqj2SZIbyxsZGm+TwdmabmUKhzct6Gx1W+yevSYfJaEH6F3i287LuV7tobr5MPvn/grNp8btOuwkW4pHSb/nvYVnhTLoeN/wZ3iUPi/a7c5Xt3wBh8/Rev35d3rdPuAMOFUaQFOyArjhWmwY7r8FVxDGzHV++NR1WKdvmfMxo6LSWbmH94UWaHhHVx3Yu6GoOCkKPpcCHlNJMS5xuXBMbEmTmpB283m7WAwW+qterLVIibpwBHbbWVQTyCeoSQlSBJ8bWQ9dN4WNG1pPvZZdr/ksVLHe3G0h6bZNnJBqtUktAypfQbCkju5g34wQvwg1PTd6BQuAY/IvcFG7mXhfFr4d/kNrALp08fbd+OC+tZkQWz4+CByBPb3Ysj0R35ScZB2arCTB3g/wdjAN+Y5MK45v3GRWfIwxIGFoG3RX3AxjltNieH4hFvDeWMczgcCrvXTs3X43X7I37yW2jPhyKCF9zygpteMOId98I9XjDgBVyE/NF4I96ImjHwHGA4nvNwQ9wIN8HJ9SVaMyIVIinZB+uYuqK+ahJeIK1FXPmSqvc8c5V5xMjOE3q5IYaqiTN0u2ZbY6XSeUV/uDQd27r6K7aashWFscqQakmNHpssf7/Mcun9EumYx0CHY+SdOce/F75/Gn5QcIyA2/tdHn3rJpur8b3CJ+KHhRunZa8WrhdcsL1wQ+YpXIcd0/fo85NEL2Hm+MfPrlx72e6f2PYKMH90AHjAcvEMWA7eF8+CZYyCaRcLimvyevzMwFQx1RQTFQD9F81V1cR7DL2IbDU+8ui2u6RmhZmnXWS1wo2QVq0OVVH1gxpBe1IHOJ1bh21TR8jFdILVmdPpqoxVkkkjxCmABikUMpfEWOFzBbx2r1S92OwGwRLJGQyMVRIVElblORfgXP2uNa6TLtbt2uI677qJq5tHLvmQCwzj9+xr7DBh77TDW3YwQlsTt5h7zANGPoCfQpedYXBg4oqTAQ2Dow60IaNareW09O+XFPHKi33FVT1pdkQB9FsraIBjlRe2WFJV5J8Sr2m5X1bRKUhVdgGAocjibJDQ7/Talg4dtKBbRworjsg6jv3ik2OyXb8YUYw+3CWz4BRRXVgB1OQR306Qe/bTmevrdrHx6ewm2aqZOvY22LBfvC6+C/yFRtICA358Bl3ipzgbXExOn7Q5DE79SK/5CVjLaBkWrGd4IsDJ85GM38AbDIlGkuRdytjsdhNZ2ZxyKeXyZBSQq8u5MloUgrA15PH5GpqCRIFFCPkktR4faTh5PEoaNZQ4aswjUUMJOEYJeKRU2uLpcFoCnqp1OpfLBCETAnoUYg0hFGgK0IsRaarLNmTJV307n2joNO0xHTIhnFpPmB6YYKKps+luE3I3kSdbmvY0HcIvP2tSNgm+YK6z4XwD7GzY03Co4bMG1tTU0NBkQnYu7A5DrSecDA+Eh8LD4fGwnAkL+MUIfnotfCt8L6zkUdj+4yJREAGparU2MjOyMWXi0cpckTaMKjaHiyt2c7KulSnFYAXRT9HvpioaqilplEDrY0qB8dMSTpsQqBAjIeNAyvGdCobI6hyvkPhFM8XJH8kgi2DsCJRqD4XxmLgRmMBnXeGHr008c/Vw34nXtq0dFD+J9wC44gnZrelgN3gPVIu/fgytgvHCW9JtRg/rCrfJTb54tjv3n1tWCgO/UXgGvvKbJw/vFt8aPzra0b3t2bWf7N6Y7T33QQ69UuC/ADu/+KJw5AtclaYfyRRvypuKMe6fJ+UIEveOEzOF8mXwdcJZfxHIrQY1SUxUgNNoqpGF19NXAsfh1zpeR7M0i4k+MJSkqT2vZHgLGLHcskDSfEzSsy0rwR9ukWOupQRcHO/mEzyyIJ4cZ15RXAm25zvZfhYyuA6GSVZgR9hrLHuBfSCBcgisq1wOlh34VrohUwybX5E0LI5+6Wk20TwdFU+1qZRXsPCZ5tnDiudm/5sAZyZmuicm2FdmuqUb+z3AHzkiPpjefuQI8IMXYFIcwv9D23CWcET+Z4xOUpdkmsDIlN0HHlQBMvufxEU8frgIHA4vKeZfUiUiKpPfEJxvoGi8QUbPNOBnDWAl/s2YwTeYWsaC773k9y7wQKVPer1JvQrIdM1pPk2GKymGJ9zqNJ21xsNaciWqBV0qnWxgGoQGyKF0Q7rBrw8GHfV2h1R32+3VbpVKp6smaxLkGuF6r/1iXs7EY/R1mDBG43RdEwdaCTqOmHg4HGeQ6aQbZ4duN9nb55Db5Jd+oIHn2S8Q8CNAgQQcX5VD6AFOJE2kmWAiTFlEYoZO+lLFzH3NtvJcP1auyEoJTrmHVUTelUBTjdIKE/8p/2m2vDCV5T99m3yCvy/xy6SI3gyhKE98mmxYvdWUqpy2f2m4l5Kme3RLtZQsNROwyrbXe5MvdLaB8QmxYwJ5Xtn7QqoJjtp4vXhj6hWtWf7a6Sm9RV346FdXZwp1ZI4m3cDmZ98bPXJQ9vTU0eT3v/OL146fYc+CKHgl+ke/OzMr/lx8Vbuuz3ENRFHwr/4gOHsZTMMdon3lSnH62oaPcH7I+B89pXgbV2Rz8dvPRJkkGBY8vIGPhMNy1uV2WxLxuKIuFlMpvLU4CCnkiiJzlTYYCOhVV2jJRYB7NdgVDl60ai1ylnRV1dYaFQJVVY0KC3kZE4BWo1HGPHWgri5x0nvXCzmafeHiwROBMUQyMEXCaaqG1VRMMBh0KQ3FfqnSDP1wGVwHt8Mj8BS8CJV++AH8Av9iqTSRsTo3AgHspBEf4divG3INu0ZcaMQFKHuIHrqUShckYCccVhKMQiKuZc0WO8sIbqnCt5bqPOlaE9AS6fdIyKU58HHqsRJja0mAMFUZxYszL+ybi4IpRS//+Aq0BP3ATsFK4zgZZZWUUIrhnZgIKqOIZQq/BLL3A59sFzA/7EuyC350+vD+g7Dv4XHZe+JHwDZzitbdz5P7sbXia+KucBTsQMqlYBz4V4g7Zs5sOHtg214vnCgMjcne+ot/WHVibKwwWPgI2sgNrtt75UZfx8WeZ1+ZOPIBnN6wa8fOXcRWojgnf0f+IrYVqR6RNG3rQaeg5ji5jtcY5Qr1fCPdObPje29Ruvhp/L0eOpetwvcWxkHSP6AJyrF5xeroqqcWWJxKryxUU5NQkOxAqBNCXN3JOqgbqANMHV/nqRPq7tU9qJObUF2dQmm0ENykxWgx8lDaEbHk/X611aph1Ek11CC1Wldb7YZuSVAwFBqBEzhtIDpp1FzwocwxET6CvxJGYAS7TwX5SmwOdocHm0NVpTmU4LjSgKhieJQqCnuUBEvpvEiK+Y/nc4QgvGgOn1JYG/6Qpp+kIWhNSVsZRVdBV9jJpnCFARDOeum6Rz+W3bn/cABpxSPH0ll4e/Zfdvxe+7pj6B3xNqibWQGi4tvgCrkvDB49yvrXv//G8DsNZEdqnD0I2sGZ+L6dY/fOJhEz8wWrnQmLSvCQ3Nh1szdAeuOpyWffwLld/JFK/rZ8IcVeksj82kW13kgi87qXEKpS6QyIQm0EhU5JG3gGOrOI5jkphe/X3dSxOs6QMPQb1hgOGW4a5EakM+gMKoYS9ahk0sBcRUIuo+JVHhUyI7LGc8lGmJ0ITIfoDjP9hNSZhOyBMmbxHqOqRC2uLoFjK915SwmwGCuBbQjQxlqBHTSRFLp0i8teODNz9swZdtnMWekmX/jwxtGj8JS4DzwLoXgA1+f0nlSmwUcLFO/hurx8BsBySXvjJaRAWq3RyFPIQZXXWVOF8EfA47CbyadUQJDJTCbgsJIVCE/+rgNQTQbOgcsah+BtzDmEKhu+40w5h72WfFEgf9cO+u3gvP2q/TP7IztrF4KNuWE7cNv77RAfMg2yE1fZcjGvhx43+ZZsnvO4PQlPv2eLR5bwdHogh59f9dz0fOZ55JFrPII3koMe6JGbzLjSZsiMFtUiE6VgtubXmIAUQ3UyTuaWJWT4PblMWsJSy5XKTjmQU1SyoYJ8a2vxacktxkoCKEVnStam8CckFQhJHUXqwyQqGjHF8pZi4qjOh9VreGz7l3jHwJdEnoOAhxtnz6GlE2jn7H44AlwPc+AMu3zmK7cG9r3LY5fxnxnf2Nhl9PxU4cjUyBStcn6h2E/Zrkqdhg5Ba9QYFTUapTcSQlLVauNtl8GKl6zWGl80jOh4Xa9wIBR3uJVK3qxT1xDibMFhtdkipNmAD0WojvzajHmn3W42c1VAh6qqkERs1Sok8rw2EbkbgYlIZ2RL5LMI2xnaE7oaQuTuUQgxWnxtIyGtNhRBXsatJN1JLu92y4IOB6KHyFu8Kl5yiLxMUJKC0BPnhj+h1+8hHQlyhLaQ+Ts+Ko0ltbDSQZlLfeaYYreWUb5SISLtH1RQ4D8u0G4tUQBbi0jgxGMEjv+V6vJcHw1tYh3HCuZjs5P/uFn8KcgcJtXnwIHtmzZvP7zpORd6BX5SMFfe5M6H7+7fD18HaTC+j2iF7hNPLd23a+Pe35r5jDWIf3druXgCjLJKcaQwi8t6lrGJM4o78q2lGhZ6hSqTxWKwsWwswlVp67gqu7YuYldS7QFSyNba45k0wodpzZTH0+oHthjhFtLU1IQikfqmlJOtpamN4Pf7OQ/g6ALBS75QzuPx1fskUs4IjnshJkJXgtkQ0OB6VQtDoWRTk0RDkMpK0ilsAL8X4APJANKiQGPK2UjRFzW0vYSrWhtjYWUUOLQhb5JxTW5ctT5qYjlawp7ET1LuVGfqfOpqSkZ2mztTh1In8Uv5SAowKcA53VSIg3U7E85O5yHnSfxS7nEOO0ec4072gZOCNc4z6DzzGQNHGLp9RqJjM6EkwKf/vAwdkp0kD4wMaPD/OiOTMc5Uk0x7tx6UuKoFUzhXb1AS2ZuyCb6Ey2C9ViC9R8Ic36nt197VIgJUH9Fe07Ie7QXtAy3SFh04pT8qRdHYHAK3DBqv/Kjso9DvkarlObQSLZ0r0eigBLekLRWDFAoaDUUJ6IqmfCW0loLGpaTLSmrpIs7WO4eilWQgvZWy8+1wbWOk8L/hr3vt4h+L57U8ehnesYmrxG01XrR+9uvhOPvdmdrGFnZgfNYy/sd/Fc6CX3m38B8wij6etTx2KwwsG+n7mlYh5PTx/WbuqaUjT31tZEnvrLmvD/F/9oOO3ocgPbvkIOTHxIdjDPZdjeI/KW5XRiXK2ve/BIdWpg2HQkY+4Pebo7FYlbk+kQAyk9GkVugJfRYy1ji9iKcrxTRVN+EMiM70XhQAAZZlXsoHAlEzQ7SuMjgR5/FPxzUZrjVPYtthDcUQYkEeHNcyk3lHLX2wu8mX53E0SngOedAefPfIgxiP4JnwXPBc88g4R6djj+OQg+Xw3UnHZw5Wev3IwfIOjwN22gFP/zB23u6xj9tZDcKhFP9B9ZAEvYxgw1GvE4LzEGDzhTiXw+kClEejMfKmLl8SQq0XiAxq5lI+HK6vT5D3NPl6uu6vk5HYlhEMNLZtkYNO+RY5HJBiHMn2ykl/ac5A9HNL+rgl2sCtlfggiYd7Nb0ju14MNck15bZPBQC45EKlVt9XyoNyadD8/wiEsuLgGNDSICDVCY3AA5fMTqK+42j77BjcDoIPB8Fltm7m9pdv8EYvSIKDOfHY7INB8Yq43xUF6V+wzPjIxMTI+CwzMnIATu8X94vP7i9s2LXq4MGxz3ce2SUsWUkUJdTizxRjtHaM4ZrqKcHi9vudQYc1ZlXYg+EwX6U16R1xOeGHVPh434/BalwSRMHaKSfvdNo0dqKQpcL1wdcvmbwmfQKSHEqh4hFqiOkl0WXe6/PFScs3TqgdBXXe73YHnc6YMia9tPN6vdKmraI63jV5osK5JY7I3Z74zfjd+GdxORPHLrqKeDUdvuJxZVWVMo7CTFhSjgnTrZggadsFTWS0mDQKRmxoRiNDmxQ4vkpBlGablb3biiXVmCRj9dhSqmFOT7NUGd5vKY16KcKlkrz208ZUsRoo8kl+ZdVFgv6GShUClHyR0aqAIQlEQKMpm0XLThQ+OjHzBXhOC8+0Cys7jq86HgzDteIUVIPd4g65XLy4/9rRbeJr6XawMytuk18nNZ/sp79Y8frrLA41tjP7ghYQBbv9+3eOi5+8Mp6Oi/c+XA+YC+KION3Tjc3lYzgx08PIGTO+/lLvIMrEmSzd0TIKLmdtbU2gzd5uyUbbmi3tdqSwBUIhL2fWGHXNjT8B32BSTBO+Tz568GJyPj+f6F8JTAe+Hh1g9eS8ejlBpCuyXt5LFqU9jAG/NBprInQRWqXyCCmka45DitpSKeYlWQ6h7qiOALwEzmggl5onGx6GFmH+/ITH600kslIcasIXZ14H/ms0/5ewN4Fv6kzvhc97ztFirUeyZMm2LMvWai2WLNnaLMvHlhfZyJJsHGM53kIcyjAUCKUMZRjgRymXYSi4jIdSShNK0zSToQkFh1CSApPLR/kymSRffmmazs1NaErTNM3CzGTSFKzDfd/3SLLMTL+LsXaJxc/zPtv/+f8pf9wfF3gpZFseAQ86MNfVGY3eWqfYiYOwXoyDMBIpkcvFOqkG523W3FUv6PRmvF94KS/Sm/KwtVZ4UVWdNIkBOgthTMQ7gmpoU16PmNBoCLHHK7BHIggAxppzykh9hJQh9pNsZDayJSIgImxkb2Q+ci3yZkTIUBGsamRFqkawqkVIXvKq9Q0raUXIdysyVYTndeGxc7HFXC5uhc0Rc/mUTLJ8YL1sl8ulEj+cLtG/8QzfyzaLa1i8Noilb3j8bpFzgF+bLsGuMJa3RF35wL7WChvmyUL4xLDMhkGDutAAQTqUlTzgah318bF87NjSIsjOtbSNhveNzVvs4CccB4zcBwJmbseuY+PfSnP/6YgDTx23KDyDRudLDHnzD2ee2rkVPHH3K5Y+fy99/MD26eNr6f8n7wiHQRac//63GtXABLYZF/Yd4tKHtm0IXvk0++PXuTUcF0yCVlIGDnLb8iYguZ16//phEXH43vXktYvpN9GmdA33heg9oQfGWydCy4A2ViOia3ROkVSuq6drQK2zUcpUubpkqItd6IRMEhqiHkzDTLQJEQvWMrW1DdIKtxzzY/k0gGpUKNoa66C7BBp4pdVGjVqtMNtLJhFCvIFWE93YaAqY8FY+I9MhoErshZyrgkAJJCwGa516ZMRsXY4IMAFokQECDUiJAC1QIANSNItxXhlD+kmCTkFGQPkE1wTkHV5DnodGLevHrwCBly54mB+eU6jKBbL8K3Hf4WLPA4NesaGUMC1o7SVY3ErSltZeiEozKORaxUxLzRsHA+BrqMafgzN046tAzX1+kvs9Abc/3gfmBP+Rd5I/495vyYJh7uDhJk+zPz/O/W/6EfD73O78yU+pXi9pXVjIn11YSlPn8+e4I/EgSJMEte3wz/9haexp8h/6upKtYCd4K3+WHM3fzZvI4/kNKM4J7+tEJ4R/DPMqWEHAKkHSWN/ImOvdOg2FOuIKohLMnmfQGGL2vKQVphqT5x36WpRBQTsR4WGnQ6Kg3GJx0G1EwDmpmTGbrW6vwRCAgWzyBdbtMfixMKOXMIBWGMm83npJdbWK1WYRNzs8AqWUSmUy1/M1fgXMZJxutzPgRPfUOYFAKg2QDIF6YvAIqmQwnEpXaUXWwDblApVWayU8NVG5YkKZGGoH3DcJTegAMxFi+OlisUQuwcAsSo5SI/kKBRmEjeZNoWgGeKKJCYuWSYyWq0bEmhIomYe6sAyHBWLQEGR5joX2YdDvSJFZr1hDoqwG3iuOO0vIZ/gtUPPjEz4VN/MGAsyqgPAW9z7oW1hYyi6Abi69AIwLoHHh62MfznFL5A3ufwZWgd/e/97+tg4nWHrvPfLvp5feI9mldybIN/PXKAt5Jv85+WHeSDJ58jD4Fvif+/d//OYSfeAKVb3psSAI5w+hPFvC/avoU2EbzK+DRBRmBgkiSaTI7AuVKpVQKEGRS5qISdsR3K2nZ7DWZKpuRM4tUWq1OkQtKu5GdjEIBqEhPHyhrm4gieKYzOx0ml0UZdZVV3uRhdSFGOlpKclja543w4xEOmgOhcyDUjrtRw3Siy7G5Yp6WtCL5X62zWLx2+3+gCViQWbURlhA6wu5trZKqrQJicxGp6v0+31RHzILR05bW1sJY55JqVTRRsAiLXK5mZAySNxcaiagkZJVVNLMyzq3J+P9RD/TDx8a6Mda5N0Dngj6IFmuK4U4weAzRArLOYsJlx2l3BEkqJsE80mgTAL55gGwdwDUD3gHUK35vAMoHUj4PDngIRwOwjOQjApVdElTKQ7L4w8qkYxOLVXJyrTJSn40F0ELqL8+lcPTOrocHlQUMlpJJYLZm6cLOs6lHhbfqyoEwlJfC7e0vEUShrKMThUoXxrl7Rv3U/x8PwubeOnknGI+47kgkW3D55EMTwBfh9FHYk0erB3J97/83hJlQ3ELXyjitzsLEpE81r/BWuYHhWMSqPiprgZXpEGMyGlroEbATU5Bn83/DLw2z10wDAIx+Gu/H9alX/6Q2wyrhd89+T9Gdvf+TqiaSy9duvUN7j/Jy9y/tabAQ9zTB1ujNvD5W3QCdCEdZ/zdJOJugjB3k/6vxYMHF5fmRt76zg+cg2PdP/yTTfHBqb3b/ji+a3ry5HqwHrx/8OC//3Tp5Cnyx49OuLk75HT+DNj4UQqc/ZA7tfr7H4G5D9FcAfnUgvACYcGIU5bogT41RAyTYnieuRyMRucIxNA0eA5R3F1k2f6uzCCMeNOL+g6BALfiKiiD0ViTSlMD6PA1uTq7KjDrjRkJcoEcQcBaePJiWET5k90SvPYfJkx6OqDRrA7Y8X0343Y3B4JWa7sfn8iBVmvUimwxSFiRKwWD+g4jum8gjLBgVOdQ69ZroBSUwaAPBFraW3DgraoZqMEMOV0DPal0Cj/Wn26O8qc2YTY39w13DvPkOuJON8xxHU0O3lGyA6cHzg1cG6A705n0nvTRNK1M16dn0h+kaTnVPpBu7mxq6mxOD7QLGYFCpuYxKGo1o9czyEOZnFIPqik9q9Ql9aIOQQfvKtQsuQXhkwrNXNTM+UDwhYDGYT5QAn0VMdAFhuAHfOZxnha1bAuyGAaWN6KxV5Twd/r/28HPl0Cfh/0IKY27Mxjpz4PKcNIQUC1z6xd0+kTlgLw2Pl1AuYFKxZP+/mZ3gA9UlnUcNSi0kCdAzekTvlay74fg8Zc3pGTqTeFJ7uIR7mLwtL/73UCbL+/7l/Xcr8jXuJ+2DIA13Ln9kYQDfPka/QxXNzAMbnWBQe4i/730BYhwb4Fm7i16GNSApGFibPfb9ybepftSkrUfcd3gCvfjv4/GAQHukNqOaDNHg03grYMH/+nvlzaeoMjtm3zc64hZm778248tvQPUYJ67w20Cat85wEDvQP3pvdA7lBjFacO1FtL/eJ5lGMZbYzB465tIym1VUmK8FGZxydAmrzzCwNN5/ELYWBm8jLU/xi60wWQQZSx+ogo5jc5fGaZ8TlNhVNsmr6C9AkHMh17ug04hYb0ICN/YbGnm6SmaLH6eRPHJAI22HFXetmCwgtFrayorGRWD0XZKC8pVMMeKXJO0qCwqlwLhAFiESqyRmgUCuVwkdeFiKgcDEr8O8GTF8xVXK4QZDM79ooKuQMrDFRX1iL+d7HTtcR11USZX1rXFNe867RIQ8Oa865rrlksgc3l9yL9nfVt8lJLy+RQOs4InjiQVhHflEouK51fEmyylYd4KDEBJB5Gv4SOq0tIvz/NW8gCwYsMLF0eFgmiZRREhuQvVVGHB28xbLUp3BW2Igk1VbCRi81wG7TXw0z6+/BEQC+DTY9zTC9zTx8Cn9xzkobldC5t2VxmB8xXqEJjgnubUYAJ8zj0NJpYuofv5nkPTPQt9p9duH9+0QfhX3Pl7+8fyN8joGL3r5vzxKz+89w/Utl2bspNfgk15N+gDr3GXQR93mWsFfdSGvuO7UyeWXpvYsnbdPoKQEMb7ItEpPPdVwhqkifAQLTDDiBAdRIK0sYompklZycQbzOa4w4NSoAvS1nZoMTPnQ24FuquMBlFNX+BjyZ2vrrZeAo9dqOxmUDJ0vquqDs1OjJVdnY42L1/XG0XKkFQQp6jeTsSgyMbrtZUNDWaeaqmhQdBkNFKYaEWGJKyCAlyxt0SiEXwqtkYDHUQHBu9X19RUGZB+dSvMJ3hSnj3Ko0qaQbQ8qPCC7+NtFxqMGO+P9+S6ujNRQESZ6LUodToKED/UHoKaIXB9zxLniGuEAM0jTxN3CNqk8+lIHTPj3uwmZ9CwGsDsRYV5LqqT6Poi4iEVg27MJADNOkro3Cpxd7dY5dYRUZGtWRn0BjuDmSDM8oLxTry2okx2dtpsTbwue6ctYyMJm8/G2rK2vbZ52zUb0sao2GI7Z7tjo2yliq0oBBhYpvZFXFMo5QlPFRrohWnOAzDE4mpv+Xle9Jhl38Cn+TIGDZ/h/gJzUNHmi7hFntniwZlQZbEXgI1fW5oK8SD4StxH167oqbcVKH5FNvJTen5+aX5+mnpzPp+dX/qc3Ptb31vbs3br6sT8hp0mDciefI++dC9JPZ3Pkue4O2Ard4T/XsJyS+g7v+lIdP2JMfKFpZG5OaEj/2lfH9h27PiN85Op7KGJvZNL09Ts1g3zJiAEKXBpL3fn/SXFp2DdJ9yJT3d9Qrf2TV5KnYMVIQvP5GvCF2FywBIPkVVs40A63Z8d7enpG0E7in39/R2pVavM1u6urrAxOzJSY0Rri6ycUCiUykptJ+sVM+KuCrAG+pQAbymOETQRBhsudDAd7S+BR2BtUQPWXbQyVqveXokapW24ZSANBMxtHSJK21mP1hZfpKNVZvOaKiNyr9paFrE6sD62KpslUmyKTKVc7OhAWpoG6Z4e1tjXp+wG3d2syUQYUIudksLkhQ2xPBAmSrQDJdXeHuI3FCU5hQKvJPL7iJIcSQsERJtGp+EHxXadtRaVJ17zUfOTZoGSMptrjXhn2J8jdOd013SUDKZKDKEzGnUE1dKhDNWHMqGZ0NHQkyGhmgqxdY5kyOOqqnK1uAobjy2ow9WCys8W1OEqy7aXjbrIrqkv9q3K+648iMvvXTbglaZc5CaaKrSrCtOhQKRARRQpNLoK6+o8SctnxSZt2F+QfC6uG/4aNWDZPq+vxVpYy0USYoLixiE6/dFVoFjeCkUrtwyEoLSTKCju9BY+Ay/6knc//s/WtrlThzbYbPe5n4zPhUejXi83eJxccDnzjx6jXz12LP9LXws1eHN2q1izfXRs6f7Y0mfUOqftZGCQWv31XnA9+BH30xdiB/7oB08E37n+C+5Li+XtH1//vlgajaRPnZr0eGQaIXOkNd01nJ+lLKsfIXu4GLiR35qcWpN/+R26b1Q2AZ79Q/qDVe19g/sOHtww+PDI1Lq+zlBs6/jgI8Osv723t6CGt0/4lzBm8NjhP2DVjTWVjS5DXZ3SVVPJ0AEQRPoa56VtfJRwMDATnli0212tKFywSqnSLRJF3V6GMVm0ahey7R7Wba93AJ8DOBzyjAfUeoDHuccJnBaL1wqsVmml262U1ktJBSVFVMxStroRXqi0SamUUSpFogp5mxzHiEBbGQW8P0yE+RSHJpSaes1mDaXUdGoymic1MFK0aQhC00YxNV4YJtgXc976qjq9oQ733Aw1bA1aaGPrciTprdlcs6emCNYQeeHNL2qobA2oKYyTyqVe9Csn7ysGmyX8Pw8wcpVotbxoIA/NfmpKhWhif30ij6cLRW43fvWoZKGFg3hFHsI3U1QFOiCYj/yGYT0CIVGz4PoJcGOee/UE99r80suXd8OUl915RKIBJ4DPsucCMHIfjm08sHPj2oVv/KlJeI57FQSXONDKvSbQwox2y1JsNt9NXpkNAxqcPAL6JJKedJX7hFzJPXeEW+rb8tTcD7YubaZ+i/unV0epVxFfO57d/1z0nvBPCRPhhklrGPxv1i2WSAyEuoEKBYO1zR5PbWsgUCuTy521al2DXq/TOWspwm5v8fmsjU2o8yJzOqOGehi4NQKyFmPR0XKI0lmPR4POel0XgyHcOtBG5LBKXgjmykF424eAsTARDsKfrRIeXaSU0odaWkJ6ql7scjjcdmtjY4PN3YB++socD1KDR6rbDX0Zd9JqNJo6rRbaSWIxF2BaA/xUspJCGzgmijJTCLy66GtN4r7GxRxDe5hmzyUsGa21MaS3Fcy3nm4910opaSCnbNpWurmZbtXCfFBST2BTrBcqedmiGNpNQZgRmUyCxYsu5MxmCVHqz5XNLMtnBRico+PFnl0Ez4GDx+eYxmDlW0tEBSWb5ZlVy7X3HrDHAvSN7/t68SbtSvhjpMhTiZoelb/BFrXltmi1wg+y6gTwnqCyjHBYf3sbdx0kTx5U1ID9YHfr4hkQ514Zn9+5Ze/W49vPNJLPUMxJEJNxl07mifcn3z+0/gj38uztbeungQ74wY4jwMbIBgcNsQW9mrt55MPsru1b5zcsuakD3GvvjLzSR799L2qcN+bPkn199Na5Z/duP8a9uu78hp1rC3OAj4V/TQRgLtBHDIHXWL3OpLVDO/USMbWVirGD0D41zRTaJlwHk9/aLjkGQ3aDaaIL2hqafmngpZboB7OLSauLcb0EMwMnMQhmX0yl2K462tuLJwTOpJbq6cn4oTXbBSSiNGCNXqfLFfc1NlLJ/v7U4GBPb2+8q5utq601xeLhOIZX+zGtDZPz+8Nyj93uc7A2S2HVVpVTMyVmQrrapDPxWErCAaQOBqldfUHfp2nccNOhBLYWBmcHrdPRDkoWDXu9ynB92Bum5FRYi6deMvi8RiNDZimW8HO1Qn9ZLuMPXgQGIWXl09Si9FUpfUWjcL7bPDUVni7JscGn/Hi4GkBT+AIdWmmxNlDzuh8rCnkLBNgqfu5asscVVNpFMOZnmEdbtRzKixtv/JLmbzDJwviK593A25sPWCks9JYDOgipK0Uk0KGdQnXNe9u5SyB1cEFRBd4HNbZTi4C+ePJELEoFnVtj46OOfHDDXKsDHocnx9dvnDuy9Xgj/fKJ25P7JYqNuyYBcejM5VNP5cPHDzzBjp0ESsCCrQdBM6PoSTX7j+mruGs+oAAH/Id2HNnwkclwbu71+bDN+TY7v35u37qlILWF+/DtUermvY0fCQfHmXUkF+c+5kZT4DDYG+TWc5dMJhBD3GEM90+iG8K/gRY9SqbZuFEslyuF1YxO7fB4bH3xkM9kytSRZMbldGZooTADU11kk96MVCJRZvrUao1GmWG7ujLxUGsVMlKNztvYqNTV1o5ZbLbVra09yUgwg85iL5vNZi0ex4ADHIQh3eYTgF5AKgBJkHV1dK1cPCgGlFIM1AKRmEkKS3ulqJmWpmlTo8/EA6oGhvEeb38oHOJntj3haKIrxnZhB9BV4S0BaJpVVSxKL1k2Ho/x5/YAYxoIx+PhARNtqy7xkUVezDkJF9BSrks8msnlIlIEehb+Q5EIxerWK4CFQWIVlslYhWizJYwUWrwfQb6kQIr76FpKKtWUqOZaWWNOqX5efVUNw4R/dUqtTq3204wF/Y0stUw1KkL/JldNFBfDyoZvpSO2dOiWcwIHytvc4VIl6AqUi8otOwr+NGjeMzwupZizwrNfHcEqcxF9+UFe0EQNFGTBl8EpxcP8wROdpzDEU+CCuhefF6Oc2IJVeJeb2HzzA3sUKcBXRIHCsPC8wGb9v6Uo5OuAffXShyYncHw8dnjy2JbLZ/LPbrvhDAPTySONDvLUWS61wdRI7uS+WkpbLCAOjGM7Zvdt5A7kX7nEcba87NUd3LsgtvdYIZvZdRZB57v379uwbsfCxqdM//wJ6J4YjCfH9o1unds6t/29M88Go5+AYLA7Ps+d/8TS6j+Wf+K9VLhnfnrL7LaNix9//mp4BzCBXUdAtJDnKBTc5SP3icH1W7fPblraTm3lbr+Haj4FzJI/Fs7AOtBBxAiWrGeVoVA7/M8m29tJn8/EwAN54mK9211fj/cpX6RYKhYztyEeG1bqbHZqtDXaGnOnEANmRJRTJHJSVLdBj0GKKgvLqNUWu1gqhQewBN7gjd5uj8V5s7PEmmI8u4xCy2i0eOtCo8EgZrRXiZYu60WkHOEkOvkuS20BwVqb08vqTSaPtdGgNACDT1kHZFRdXUsrz2a7mAu7PRhAsS3X5rmqfkP9ASJW1DYm1SxTmSTUwNR5rvNaJzUj2yzbI3tDRs/IgIxVa5OIp4bcwzPXmFooAtPXoAcFUtaT9ZAEvJj3nPac8wjU6k5Zi8fTIutUC4iIsqm+ydtE2agmIs5jNcrB46cL8HHJFtzAgQdJAV+OUvPSdn8JeIj2PngtJKS8oloBocBLX1NFV3iwZVIcjyLXK92OYNhXADsRPzjFoyL+z4O3MBIjgOdCKHTxK0UB+EwY3fMWwtmvgWv/e6coMkWUOEUKWrTUFurWiXz2xNITNzZwH4Pw7v1MDRgFE+7vfR8ZfTp7cse21PyGMybyCTLGRcENTkIf4cTwOkrG7n5MfYyaK8KB/MjISP4AaADf2w8iamVPnyF72KDnzu/nvu4ZWVy78PDSo9QV7pmPxm4DxwHAHDjA3TnAvXtAuJZbxFPUX4mWhC8Q1USUGCJW89op5HeQAVe7LXWWuhoBqLoCcyIdMQkmiYeJHjB7oe8x5jFUIM6lYYS5Ch4jRuC5OkKshZdrwfjiIxmGkaPWiYLogFXlUPUo5qh5iHJLbXb7cAXqaleAiQtSP+NHgiktxBo0+MnlpEOPjDysEwVnUKhStTykmOsTTE+vj9TUOJvrDW0YGckGMbRHSkZqkGU15SKRVY25NdMzD08+1D5KrGHWkMQoMwrTqDUzk6OjkzNr6OpgcFXnKt5T+ogepgc+2dPTOffYY9Wdj6xd66/W6aqJgmxQC6H01nvhC7xeii6SoIRaW5ubCU+BoUmWcxqhG1dUiIaHeVYUzbA6w2TQcx05L3EUbZs/SZBvDANimBmeHabY4dPD54YphrU6kgRtHGaYYSNNCCxIN8zbCVO2ziaTvRHVKoiWSo4ZBdHkX26zsJZG9LnanNeyx3LVct9Cey3PW76wUFkLsBQcBlWy/lKMKVuaQmnb41PLnCiFzbpSq0a1/Ghp+Iq6PCXlhUBZ56ZsjIqxuoVJrBcPaXkWld+U3qHJUoSfOvHYAjxbChdJOMMFKb8i+NdbzpKPErtijscz5j/oawGteWVd8oBSSkNjGx47BXkxv6C1rFahFNQrS3PUqaX1Bn/P7SOnvAFyJDsK1p9Yii8tvbyd+wWo+da3JWrQBwZNf/Ddu3dHYLxZ8/DCb33fSO09sffa7iq1rHtMo3ff4L66S8a5irFZUv1Q3negZ4IdnKV9+7b0HOrOz23cPrFznIyc3f/sboOv9XWgMI6m923cuPR6chusvw8dBnFpBZvVNC8oFdwLh7/o2rZr7a7fWuqnvsX9xyujo9yHW+fSG43GdePPfSmY2Lb28aUW39svNxrOnoi+c6z7DGhOHdw1dhhGL819lehN6MeN8JwNER2kjFVVk6CqqsYoERlNJp9CJmBewgqrjeCbrNTAGMIdHU0tfr/lEli/2MQ0NdnRPMpGkGDteYqiEQa/gjB4FZL2aNSFQpyixkZQPre709caDIq86KF6FsFwUNUy20pJiXamfbZ9S/vp9nPt19pFKqqdBwAqkq3tre3NRh98c7O5GVXI9Tmb0u61k7z2/FH7fbuAsAMlZbebDUjXgcdDyQBNkWj8RIpYKVakjmHIAZilb9EkITaJfWIKbRTeEt8R02LU6Dc7kmJevkiT3Nsy30K2FEuhrjDYG54Pk2HMVwg/lBa3hPG3qUlpBlLGvAVxqBBm1rzXfM1MM5QZCcLAIFxVpder8S293mQsUb/HWEluxrjZSN4yAsTStjxvLRKhFBCBxVDmgvHrcZerSFKE+09+1QMkiI8/AAl08etTKAmMlBF5IkAy3mMr6AaEPysqEvGc1t4ST7t3CtZObZU6UXkEKlcEw1keACtkUwroZStGMn+684lNVPreflEq/yYiU/n84GmZ+sD87lbueN7WGCRbwNGlw9Q6l/dEb4yqO3OXOE3+LM29y10yOkGWPAGmgTjGfc09BR6fB4TpFqiZn+c+mueOf0WmJpndIMl95yfdo7tAjN441N/zjc3cuWs35/dvWsumxrbOjR+bW4+5OpHG19/iDbgGpFVBtIDvsVqiHhB1wFJfZ62vU9Y2aDQ2IY2Z0gBSo5h9UalErH4WfZcSWj7iMH6EqII/vSrCB03dS3hg2e8mnGgA21QN0xW7sBLLDEuBsspN26TSgBVDEmSsrcnptFbVauoaNPxmRQMmTXckGxrkIrz6rualTOrqee5OFb9wJCa8Pl+j22Zn7a6k3V6tx7apr0vq9Vai0cp/Vh1iSXMk6y7dv8S6lAOwqqkjGuFvilajxFDt9uwl5xFywAdTLZhzwX+Tx0MjOBtM7bI0oMsr+MeRnmSgWLFMLdNhol588VR3rdy4LtQmxVnq8rJkYZZa6LvjYPAZHiwtiwkgutpiL3OlmLU1CAtuHRIFQPRXFGL2wxV4AUd6Cuw6jagKwMsn8uMnKDY/Tj7zX91v/a/vxs9Mbd6+k5Zwo9whCRVeutlzaDy10N19JDt2vI98kfqcmzvB9S11b99O+fNvzpqd4Bb4jo3bxX1TVzMeHRsRsIeftXCvcc85wCD1ZfzYpZ7noAUZuPuiD2ElbSKaMadlH5EiV7NVryeBrNfU1tdrNnnbDC2hcLiDdKF2zvkGWeUVMEVooH3MEHZoaY9coBiKvgzvGe/fOW806tDTery6b4amNX2xHubeq5hVL8E0aZCIwY/weluQLmR9FEQRpV+USMLLJJLiudEP+qnBOInEMVhlg8auNxui/eIOhknzqheVW1jAs1ey7Dx7mhXKKBYNMKHpsGxfHOVTSrajIx7vg9V9SzQQbgvwxtR2/84LbW3hUCjMz4qIEBMyhShjCJ2OKm0SXbMWaFahkLjPYhl0DK7qT66CXwmH220jHIyDbKAcjr5EH3/2qWvqanCOQ9dRJsJUyEWIGBMzxdgYLaViDbEGM2HDA+HmnNPmrcvUkWgfhawjbPA3pUx4E6SUSDAJUkEl9HqDQazRKCRihZifNckULDy1FcjUFaVZE098XJBon57ijXlqpXJbeX++ZP98el5Uyi4k60i9seAHfEM1UkRX84yBPEKthInB49QplKNM8edrGN7DqQvyAzyH+mx5sArTqEgBRIs9Qduwco5kLvtqCDWAthUISuQfQp1QYEfeIsAOQpXA1uTbAkX+mRDZcqJ1WlHT0xd7/cCNAzcPgyvN+dvU50s7DoPgPAgevpe2rf+tNST9IZc2/r9/ubaRix/s7j4UXEc+lx95auf20f1J6m/2/Sy//iw50i2Mg7v5w+S2/Alyfd5Gjf0M0Ii/4DK4zsVAH0dEuX/K/3tVVZoNjx9vMJE5UBM0ch9ysxYwT27aB24mj53MHiYoWC1/IbopfB6hw4iHyN9ldc3NriDQt+sNJovN1hQMh5sEQNhfcRU8SvRBs+8jKDBCENBziM6CDPwEK02lHMyo0pFxUyaUnDTAgzn3QjfT3Z3ouAyyRBQaczTazgYSCHLmh2/2G9VIjc1gkMp6UDkOg79Y8JAU9WSl/gaij26SydY0DSMOZpcrjVip6tkmglBGAYNQBOeilIGKRjtSg4NeIZukWjtasZk31jelm/hc36lMK4ZlsmHXMBbKGHWFeexZGGEYgkHv6mZvM+8FiQrv22lApzXpnvRcelt6f1qYRj0qrS15LQ1I1K+6UOdI4mtdDX+t0vDXMP/w4vsOfI33/NIuGO7TsGhWdnR2ZDpmOvZ0HO14suNqxxsdH3RIlPguunO/QyiFhRVDdeirCmlJTY2Gb7YRNb4aUkbVoLMCelVNja3USENbjg2syZ5sQKKoDQ0zls0W0lLQNSrjzVuRvqCAUmgA418F/oWSj5ZJwZWE6Xk+HR6tE+A/hB9HRMpkZjCyjB9MeMOfwrsoc1Hx6YsO5jZhRN35OvY39Ky3qKVVWsrBOB68nIBkNXDYaSjXpOcnvHxy09BWye8o20N476EoUI/eWXqsCHUQkGfdPnI7J14ztBWQJ/O3KItYpvjFzkWF5vqm7RIJnd97mvv3/BsWH/g3UJ8/PUsez/eA764eyX7/W6ccMe7g2eYw2cOZsiNbqP3DmYeeTefc6WeWbpIj+Y/on+VvkSbh84/mdj308Fj+k+TNxTNL5OCoZPv0bP4U2co9dz7adxRYD4LslYMbp2NP/oEv9jpoXDuxa3hq/Lcfju+acwfPLgVvgr4rsHbX35eK3oM+qIQ/3xJTMznA6oNVEr/TaKMsSnhLkaY8FqVXgSnLHznf6E91yVGrFKwhVsHsfYSnnSnIHU8ttjvFAhki9gfGLgbGotwFlpcIP5+09V1Fngzf2FtYElrDKjo6ekF7y6pGkVUxwAxgoTk2mU5nPV6v4yXowyxhvX+HVVvTA6tSA6yqKjmQGkiF6NYQTybS2upIJoTC9vZIb18CPZ2I9PVFEhTt8iLD9RBe0Hox5/G4DA4XPxBpaVFaoTdbgZ2yWh0wBOqwwB2iB2XUaiUSTIThSkZIC4MVS05Mb2ZAhgEEwzBZhkJM6JiK6A5BsXSWvkbDcgf6YKSmLskQNE0wlNLR6cg4Zhx7HEcdTzpESnzjquMNx32HUOpgbc4k4YAO6IDB12gwGLEXGgw1NSbeCzM1MzWba6iaUmJWLL0Lok6P8x7FS3uvpCNbnjcv+04xhSvbcyuIN2G48grWCxjRwrz6d7nGWLhA14zZnLHzfV7QqSvQ/wf4aOn3e0u/0PbtSslvXYnbv2EZ+gmK0jfIhcpv86g5XFUI8KWD2pVnyDunKGbpDnXq61QPffsUOAvTvKUTJyWa0weO3TMAP3ae/Lrt0JPuUrfPehBhRqBn1aj/uXxqw8Ej2zYKUxPrZ0fJX9h2rd/YQ/7zjX1PPLHvxoHrTzxxgPtqiUyuZbZ/KXgCOswTB3yxV4ENeto3czHNy3ffX7ftwKatNDu3fnBydiI2P7h+FG0R1HC/En0k/CFRC2uKEJEgBogMjGd+VuU225vCJoO9SUybOg1dPimCdNZmmSzMvS48lGSSyCX63auxM60GOWKEaAYPESE8tu5F8t1g/HxPLIAyvwCYINpgZT27KDYX1DIyBI0mKGDyvDA8hNxqCL4GqbuMEon7d15MZPofoqw+DWodVyZSQnFbT2iktsKoVq8xdnZ1WdHjjawxFFImoB0mEtGuzs6GjrbA6tVDAfhV0WG0GuwunqjX5eqojnbwBUlmcPAhZbY+SyqpbLalorkFm25zc9TehMuJIo8vk+tP9vQm4Ve1Wg3kWAWYfSRnZzobgK8iWzFbsaVivuJ0xbmKNyvEe+HVnQrK3lBR0WCn5MpoZzQTncFU6E9iKvQPohIlvovu3I8KpVEhEnKE+SCNcEY0q6lL0nS1vBqPXeREOR8fxokWedumwgVfUBVTvPItmJIA1HJbq1DaFLVjlsffZUPyUlX9eUEYCrvF5wVn4RmkC94SKABLP/MWBuiRkrOU6/o+KNZr5WmleTppEQ0To5KbVFrLbheke8t8RqjP3+ZuBQdhzdfja3bIZLLuNKPQHJ84e9f5/R9xn5DPcXe/812JkLvMnRDIzDbyaN7z6M6+1uvb8zssLrI+/4PfOcX6PjlAnt547pkdz+YvZ8e3j09TwtH0ttQGKsG9ylm4674wMIET4PJSOju27tNGw7vrXr61r85CDhw8mP9HQ/3gYHpC+Mzk2OG/+5O481PAklNrDr9ypsf9MUjdO7D22We23SQ37d6VnDuQPLAxOXYMMbPouV/Caut5WGtFUaVFjJDfZatZQ8zW6tOyJnj4mmxOgTYUgj+afqYfeVIqNog9aRBGlwEYWbJEO7zXjpyBSKDucG+rx1hDySt1lAB5onCIGULvG/Flr2IVgDXQpfzwbV6YM3pTI4wByVOyjDcj7G0fEKqczlFVhRTJTs2wClaV6h8Y7IdfXVXxLj4QxeN+PSslh/T6kZGh3kQmO5TIZhNDVFVb5CXs0xHkS6FQG+lv4+f17e2E95yXNFBer9/S6GjEDmRzyEV8EEA7RjQs1PkXI0XAPSrKTKlUUrdSzQcpo7oOk6tH2cZcTRUfbApRhvAwHtLD7FXf4omWSUysXF2XvFUF0Az1QqM1iWepvpr6pMOjrqpSexw0ofR3+jP+Gf8e/1H/k36REt646n/Df98vkFJ+FLf8y6zMi7mKChJPUuEPBG/lClkZOZQRzghJIQJq+YRAKNxcENLyIsHtZSrElfQQLhfKC8Mrg5k6sowp0PPD0BUQ8F8Pa0WRzBWDm4Jm90pX5Ws07JN8XEMA7xVRLVwm64EdvkTcLRRZQCk15NFXK3b6yxcbtMR/G9/KvFT0YY8j/6/czxe4pzlbayspAj/Iv3+MXFw6Rc0tUOuWTpLvvDYyK2bWx2bzL4Od995dEeXunHE3k7vzsVXD7tlLYJ175/oNg0syHOaaxuK3gTf/Z+Q09zf/2Bd+DRzbz+0G3JndO3fuPsNdviFMJ5npp3+f2ywML4e8x9bs+s7DJvcNbqHnyODc9ASOeASihbs/BGPdX8HMp4awEX7UJ+YjHvkYW2W2WmsV1Q6ToabaLaAod43CrWEwobw2KHb0Y+fshwGuj3CCYcKOaVV0sGZT37+zqPaAgBcVdV4wc77FBJ3sGxfgn8JjyrsQbvxCHMY96K8vZNoqYkwMxtDz7YZC3FsDDwgj9NxamCcqa2tTFfEWtb1PHHb3MLDGW8PK2zOEmNYODAzLFIrIZZynTrJyNox8xOSBPuX0oBWb2pzTaezr708NoV7CUANLNDANpgb4vBGpZsPU0W6vrTUO9PRkBs3mwUGFkVaAKsWl+7cu2DxJdM1K9IYkqQA6SqbAG700Baqowguo0gso+AIBXoCrzAkEskz3TDfZ3R2LRDo1mk6EGmeNMiYZ64x1qkQSqaRWQkolFXUFdi0z1m6LXMy1wBSUCfAKbYQMEG0IMtbGMG2wfDPW6VQ1KhwNa4rRsDCAwSvlfPeOX4/DcAG0xcNngHyU8/I63ZiNCwEVCjf4HYrChAe1V/AzfCeaBxcsT3OKuh+6Yha57G2BkmQtUgP5PBzAi3ZF1wvwSgtlbldAlQGsdoxQOm14ggNAQ3ED/b/zMgreXKFoX+529BELmCP18eYPry9NvPqp30/GwY6lM/TJs1tPHDoE7nz9Nswn/a3Q0zbsO+aOfkLTT8PKbm/eH2we7Fs4de0uNXZ7afveHWsPToMbh9LRhTB5fPzg7IG5e4ujY+snpumfuLn5g6Op9LYN23ZuzEY/BFvvMTBUCrO/uH1ENDE3ceD64WjsPdANb43GncanuR2Lp45wju7rb6beBRbbz265vyavzO2c3DI3uGkuPbaRkBAGmG/ehD4oICqJeswTGij6Ibnnb2oif4fNe4wIQ+fKXtBotf2XseOteaFPKAz6aORLgupqB3qdA+aRTsIMX2dSKpGG7gstoZaGhi70ji6w5gIbZ+LQ5y4ksCNNXBjAnjfOytoTA+3tAwmq2WqtQJwPaiz3bIL+pw1r+gROUwurVrMtJqegTxOuWNWMRSS8rMFo9BI2oKfMtksgxLbkzGZdIu6EVZA0DuKOri5HnBLVuN3t7bGYATqisQb6mqE9ApQR+KaIsbS118rKc2FYLyFyQj2lq0GfVp0zmTQaHSFgBKRcIKC8mB1dT/koBMOU8OvzeioYKNxtY9rgXaIN0+IQQvg5IiH6nDU5xmfykQS88Pmo+qA3OBP8IEh3Bp8MPg9vfBEUvBEERNAU9AUpqRLRLTGEyCQifUFCJCLg/7DSpAM6r1cuxejlKkqK2pNKKQ/cu68EXiWAlyXKaUynxsM1kZMWJ69TPB/l1imeke2BC+yHmN294HGqZTgQcvAyfcNAAUHHZ8DLEbLgpzyF/vKWidcbDqPdVVUBzhAu/eaxDGjvlUGacAjzEOFRDZhT1Y9TWLQYAkNiQbjK36b6b8MfokEsLodgz7SWeSY5TQ3muw/vo3feJ7bvElfNf3r3vWd8QTKc37ZjwcF+RX35THMQxrzwxLpg6spSdGGBbCX9+df57yXJ2l0btkzT63GNtxROQmccoeR5TZb6xe57lzlOGJ2WbadeIW+vndj9DAx60NngrcO7bc3v5O/c2wGeugGCr5AHxzZuW7d9Ay71xufWpkbnoNcZuH8V3YKZqRdtixNZYpR8528JAHIvVjKVlTKZSoOFS2kq+HdghmhBMYmohWkmUwfTu5Hz9dE42vjuDHWaTFYHDNYXdXpdore3H+Obu5iuLmezxRKLIXGo8UU7Y7c7kVu6RtIpF/UyEsZFK+CoH0K11NV36lwuXWd9XQsl8o4pUMNTCpNXqXR4aBVGlEKXSyZFFRXero6kL4nSRFsuGvQpA+CDwBcBUhkGH4S/CJOBMMy/vOEA7fERHhiahmA0DEOfyMLbw1n+9ii8vWr0CggTOQIt5IqIChBmZTmRaJCAObeOIgbR6urjubraWoFDQ1h8oMe36Lvue9tH/2QIjA7tHyKvD709RH5vCPQMjQ6RzBCgh4BleHR4/zDVA6+2DV8ffntY0D4MNAj3ACyrWleNrtq/it62anEVSawCJINlJRGYnNhCzCPYj5TCJGcqWAP6hoZXEcSq4SGfoFfRiw6KBKygo2ws19n5QQKA2oQr0Z54KfGThACWvKQyUZ/oTGQSRxNPJp5PiKSJ+vo3pYCQmqRkLSWVKqzVKoFCwLO8NNYrZhSbFXsUzyuuKj5QfKG4r6jwKjoVGcWT+K5QUdLYKs1hkSbj9NTM449j9uLy1fWC7BCvElCQCsBkaDxxeMmZMTjwAacvfAZPnsb/gbwLF+kXI2X76tiVwzwXY4RvjvLzOn7WG2A+9fMu7Yf++/rn0MULu+woFiNn/v/tdoZKjwX4kZ2gIdgW0IjKNLdIvOO+cv0rCFKDg8lntp9wh7868qw3QvZx8WRyhjqZmur9+8xDrX3Pbjrb7CN3cuGx5CN/evje9sPcXdIkPiYijy6An3G2hfxkkttk88OPyXNCw73t9KGy7x9OZlt/sMffeg1oJse2DWSS46OtvzfT7Dv/+fTotv5V6aVd3d1rI72J9l27dnHnQJb75UPxvvDT1C8OcJYD6w8g3SQT95/Yv+WYe81PBGFc/dWFNqMQ9TQvyF0uH9p7bPQgxboXnM5GrxeWYo8twlRXo4Y+d1FlZsyq9g4UQjvABCvv7I92d4dCUV0kooNBdGSxa2BAh+B/i1SQquf3fHlo4At+f01fX9XfgUcIHdGIQjD0c528UdXZRVXodBVUV6eqUS6uXWVzOGrQeaFhawdCrNqRJEJARodCiv72nna+x9nT4+nqmnUCwnnOec1JqSin01PiyQqz9ly9zWsjKZvNIlWpOzv8JhP+HBP8HHWHydShphQ+i8fCD9hO152rIzEmUFjHM0hQlECIA20V1SZAD8EMtBbAjENRq6vVtRIYh15FEa2XkBywoppHPWkUFiG4LnwbVofIaz1mW7JW+LCQtLQttD3VtthG72+73vZ2G/VwG6DbwDzWcaAQwcRenszwgqE+if1dp9UnN6MVTiAlFIzCpDinoN9UAAUGcNhQJn6NHazUJ5WKegUpF7YRCgXRJqSNiOfQ68l4ZjybPUc9T3qe91SgO+jmG54PPEKPXM7LDFGKigoe9ltFGaX8Tv59I/AawZNGYEQMUcZi5C4RTASQXxZcDyXLmJsCXc1gooopnne66N/IkdHzZe5eTMzLljKWQVIzZcDhxwtcxcsV8nJxuxzHC2EcVbLMZwFVkdlchVaL+NYvDON+VQC/DKXhaHjyU3QHnyQlfGJJtbIc34F9+tfPB/Rw5a8fEWCUfvPE0lr6/RP3Lp/8kFpj9h/qDlJVJ+/WnBS8cu8y3beUTE1MnP2dP3TEPlk4628nV3GmiSx5cmkt9cS+7tk1P4yy7vTh6bMuH7mHIx4eoFZxRv+J/FeptGBD51Bsdj336uLF/Nrr9FNz69ljW3zsRaB5NLdrzcOc4ho5Mb0pPpVxB099BB8aH0csFY3cz0VvQx9niAaYPfcSI8QYMUFMk5+xGp+7WyeJ+0wSBdEQaW8HpkamETl8wN1yFcwRFjwLa4aR1nX/znlX+iGUTo/VMrWoIDUYjGjMWA2fqe62oxPADpPmpulxnHQroE9g9cneXl1Qr1bHEwj4GMSzQS281ILx8xq2Ax4rix0BwpREObOqQxNUNFWPuSwVYGRkdmoNgYGNLIB21MF0nOugDFRHB9uOPDtCtEM7rc9lIkARgaVgJBISN9l7WzVae6tW22qnVIkQi4cmilyg0VDbCL9ULdZmKx59NDezqcHsIO7mptPZNfwW9dREYe9jDMipsbHJ7OpL9/eyOgU5RKxmVptWU1Jy9epJEhbT5BA5id/c1weTQF68w6hX7VkDEKJy7xrq3BqwZwoop+qnSKlpanZqfoqan7o1dWeKR2iZyFlynjxHXiMFSOj7GkkxKpMqq5pXnVNdUwkJFaNi4d298IFrqlsqsZzKrpkiVSpyak1WIGERtoH1KskhJdvJZtgZdg97lH2SFSnhHXTzKvsGe58VSVk8emEBQ7EyIQ9wkMnEEgDEaNMqejEnQWm5pKQEw+MT9cWxywP7Vrxy7HRhGXuZX3JZbbl0a5lwXlW4Vpc6U2VOX+bw01NTD65j8YpNBUL68E/5rnIAQ/QLu9sBpFGOAzy/yh3mK2xcT3sD/H5AqeFsVq3sVRUgXKJl2nosOFLu4IJfe2TligzMBUq8zqnD1MTi5LxEc2wknb/C3SL9seSm6cEU2ZgbONjJko9+PS50d2x5avIbvsEbu57ytJA7uKMJ/5Iz/fCPt887Ytz+p1vCZD/3dsxH2Rbe23lCpj61die39fDhpRTZnb/Cf3M/p2VL586TzdPCsd3UYm51enpd8Pe+k5rI7gVVq39/YZvbdxMYoOv3xAYfe+zJb/libwI1vBsPcs1L1z+iB0eYHeQ7+S07F4D6GJqJcr+E9fVfYA7pANFHDBJpYoR0sfp6sdjQ1OlTu6VqtJwoqpXamxK8T1/o6wz1XAXjBW/uAsNovHk+7ouiQyAKQ3usPzNE8cwJDUwDIvMIuC0tl+FbzPCF5mYX2imXuPoCtYlkNk1h5gSNyyyKxYNCA0WNGuxNTQVqauT/BhEirObZxg2CevEVEId5ua6w/RiAsTagbIBPNjQ02ZteKjAYt8KH6/V2u76eElj7BTg0ZwZxel9ab/Sezw2NYEoont06zKpzjKyvVaGIxaKt8MtKYGIoNpGrz4DNmasZUpnJZJ7MPJ+5nxEotYx36OjQB0OUcqh+aPPQnqHn4R2hhspoh2QEIRvSZgTN/Yi1rr8n3BVGnyPPdXU1x+MuVzN/FME/eUszaC4MPlWlvdkVazTY98I8M3mpw1uYZhb2Y/ilx2V/LWIrCys2K3fJH1y91UV4WmHsZGFM84R5sQvOVXpIVVibKaB3il2q30CavXKr7NcDp+A3xdJl5gTqMPXmsfzosaUjX05zt0D4MNJm7p7fuG7d1sNbzxvIudHR8dd3HHfEvp4/64+Rg1yyby0lG5tce3Ni2p98du9Znw86V9WGdP4geTY/Wv5NW+++vW0bOA38wLEf0fDt/6hn54b1WzbkNZSYu/1xktZsmuw+sw91hv0bpnclN23YsjZ9YqM7eBH4Nk7u2jB5b/wOee02d/o2LMyc3D+LPhX+OVGF9GtgQPqXv0WxjfVoJTRNSr1SpAEQjUTEoWDQLvZKnU63Wy7W1GnqzObGRl8zU1uvb8aiERV2u9wfCLQxbci/fL4OJaKUZeAvoVisRlgflpDfv/OiPGgyWJOh4CVo9dJcKFTtQ/cRN3cAkaZVmxtRm1WZI8zARpnNbqeWxoaN2PXVhIyRkYSSVWaVlEwpUwrtGiuwIo0ash7x7WdMlNwEpDKYFlMmI2v0OhxenRe++UKuVhe4dP/WIvyz/AH4Zy3m/P5opPAIoi4JsO7cjHOP86iTqo/OREllNBN9I0rJo6xGl3TaddGozu6kxUQ1UFDVSJ03cj5HEjy3FEkKURQS8uJTK1RMMB8/jAsuforiWp761zDv8xImP53yT/GDxampAhaAuRFYlqpbfjMsHflRv5+vDnnR5oLOZWH8ESmYdZkWc6AEDYYxL8zPQyhc61Viqm3egAlQMn0MAtYWBibWhnL5ZdGnju789q/P5/0WP/nU6aVPKJaRnFYoqK1L7wPJ3Xep7AkquXQpTJpAYx/3HGc8wZ3iYs4wuAmC+Zjw4K6v1p++effM2ncObdz1O81bdoPnuL69PdlJsPtw9+REz2FuN30LfMnJDmxPvb1333OX3wRp7tx8vG/vV+Dt9Rc3bH1uw4YTO7fvgqe9Gu+n/xWhhGclz1uGNMuPn2/1wZJq8sWYxxnz+0EaYcYGKirkvQkCnebAZLAgdnlVtVYVZsJo2TdErAKTrDRlt6d0ulRlZWr1JfAwy4yEUiMjqRCVNTYaG202TNSkkvf1yGMDQCWXq8BATDCWRfAXR4btdDgyLldmZHUmS2RNWV8WVnCrs6uz7prUqlX6mubmmhp9p+MSiL+Y6+wU1ev0uktok7FXiRqY8lyICEOLDYeTvQmYRoZezEVbWzva2jougWZoZd3wocVcwOV24Rs+N2NHbzPmLAOIpsybpp5Mgy1pgO6QUiqdZnh6hRA7nzNpNL2WXnKx93ov+e1e8O3e/+i910vRvUCaAD9KAE0C/EfiXoJcSIDaxLcT30tQbbCGAlLyR+Q9kqolv01+j/wPeFOgYSwMKWXAPQZoGLDAgG8z32NImgE/0oBaDaA1oDfRRrphUc24ybZEr6jCINW79O36VXpaqpdWEBVAQYoqkJSCPpeNgVhMlAXw130R8IrAjGiziBRhcS9+kDFVXqct10h8/+Xxx7duha8M8zfxxYr5I8LU+4vDx1JoWQYLlOkBl8lsriDkBXwUK++0FigCsYMVWq2l2QuvUcVLRBbUTHHhVniolLo1FDM3qrjwUga2QV//fQgqUvPgVI/vv9LieerzW9xliebyjn15/6ekkEuD81wN+GieVOR/Ad7imknnPXbpq1d2cu8D/35ActzgM+vW7966f9tJk/DpvJ98nf/miPHo3sGR/PntSXZ3D/df1FdLX/6MnZBtnKQOHtp9YPfiIrw4tDufBTawYS/5bt6x9+vYme2zJ3csvUoNcm99NQE4xIZPyV55p/n9a+Ap56uvtX6J+Fs19ytFl4TfxPOOQZBn5d1dXSGfz+u12YIDfpxE+RsaGhs7BtppAiVfBFjDSjrqmLqOzng8VIHFWyo74FdPkIFBY5KVhdweT4gmyVAoFUEfwET0+urq/gGnc2BAqcSTj0m2ke3tZXoA2v3y9bA9e3vO9VzrebPnTk8F2gQbkEtVSPfsxZxSqYoznXHEUaXM8ZJzUpqmq7oiVXh9WV99CbAIcAmjGIoWVTXJCDz82xZz7ZEGGKrYxVxDQwducqgVqmSBkF9KE0RdpBUvj+lz/laik+lkOykppeqMtLZGOlX0gHOgS4LmPMQAJrzogre7YSIaZlW57m6Hsh+EqX5WWZ/sh6ESb4cxyWDQa3M4Hbj8c3udTzpJZ1E6NlDYOubx0AViiGL3sbDpVSptCiQ9OK6srH8CxXH/8tT+cZ5tDTUZkakXGHhQQMFhBdk9r9LGB5owfqCMqQfPLtAroRPwwoi0oBwsLRTh6GKx0qICT09J+QH+tlihvRMA7SRToSokwMXvqQieAASQdYdXP8T9ivv3O2tPS5hnJjb98t7WLd37t8PMSMg99en6IDs7em+J+yF3WlFFXSZvG7k01zXM3eC+AteA7eaz+zhJfj04QobmHpOtWwLN27mP793Zd5/gPvLFAU1tfv0rNjqSlSq5+G16cEK9EZySK4Was/rg8RO1WonsGX3z4atapq/PMnjEUhd5a75at3ffBu4kd1NhmBzPv7PxmU/2fQyc6z56J8qeR75guC8VvS/8a/gzTxMPkX/+twjqwlYkdDq9IpPJxqAtvxgzmRoa7AaYV3/jhSgTjba0IUldZ7MzmU4jjsFHLqp7KYJlWISE6eoqesyLiH4iRDEU2tEkA2QghPxGF9Znner+cLhf7czqhY41I6OjDrfbjjWSWAeppOopkqEobWoEmZjG1pRUjgBlClRRI6mRlKQVLxFHWE1OVCnQ+gSAQi1Ek4CqonuxdIMx96NeoOwF8l5WWZXsZXp74T9GS2gZLVlFJbSoXGjN6RMmk8FIGBmjzwjfGTN+mNsfB/GGGLT2LljZy2hY48fCYYfD1k8QiSiWu0b0mW1Nrcme5P7kQvKp5PWkkE5qkqPJuSSdRH/ZKuiIb2duZ8hrGUASGSaTzcxm6Ax6aqjKmvQmwPUEUMaAN3Y/RnpjnbGjMcrbBJKZRKypKZbIJAVMC4KazsNawvumB1z1vOH5wkN52Dpnch4JrOzxwFDqUchwj0ShYBgJj6e7zwAvs4chrzKAV60s9BXLMdRTrikUxx5XlULX4/xgEM0XXOUqP4FSjx95H5oRFCMfjwwtRkHU6nMV248zOF1cbknwfUj4GdM8KVEBO10KmwxaJCvgYxh+oA9fXfRYng33s4iq6Nr8Vxj5q67grg0PuitCtRVptbQPwmkwsxZ6SkcIkOdW8gy6hRUzwSHAvLu9s4f7OfS0u9sPSNTzGw6+em3bttjBg9d+9OcL00n/2Mi+I/mXT8FE8heU4imqCmaZyVN52RsvffLvh35vJxfnNoFnwE/WfjMLxkBV1MLd5Z7KN09zX3K3bDHQTF597cqmeFwi497+ik6OM/sBkMjF6icM7NSsVCZRHDS1jm77CGy6fPD69YOXuWMfndkhET+0Zpq7c11dPfoQt+3E8VT8zFP7tl47Fu85QAiJ8fsq0Q3hd6HfrkJYUWKSeIT8R9YVjTZF7C2zs4HpplCozWW3DroVbYEAOZzNUuKI1drvdg0qxsbWrMkkUJiSIUfXqzO5hx/OIF9/IWbqhY7cJQXjRBfak0CODP+MaTCLepUXXC6D+CU8qh+E+eqq0dWrsX/nWDVJelep+6mpzFSX1/soPDDSKKNlYVnfkEwhD9DKK5OpVBK1vYkkkyQVVDLp0fNk1HrcQ9PpRMine/EswJKDfxFNUtpb20tiJ8Yng5eaoTZTAqRWrh3lnTmSa4H/1NkPZsFszN3FsipNsp0FLBtbtarB3dBfYQDyrGHWQBqUBOJtpBQUQcATzRgzonfrc9J4bZyUt0HvjymRtIKassL/sDae+HHPMGCGwZtjgBhjxkhpJgFmEpsTexLUDPTdD2LUB1hXST48logFArHE2LCA8ShzQDkKqvD6t4kaxUojFkcyN5oblUx78fEVZg05LJckQ9ChrGfWQxMe1jPvgf+bD7r3xRyDaNwZYllzZlnkgQgU3I1f0Jwq+RcvdI/prYuiSKpAiSmPd+0IgnVjcn6c3KJkcwrzgJTFXuTjU8XVvEBh06IQsXkaA965eUaQgtgDBu3w+9QlqrxIIUKXonCRL6RANlJeEJY484obFjzfnai8z1gM0cs+j9nw7GZMJFmFnBu+Q0eLcLSmsc9jtAAWToTFpK0QtUFDlS4oeO/WK9uGhr76+pNNR8TM8emt//ZvB9aOnNwC6Lu/+pdssnv9+L9+r8b2xrk/m5ygrhz8//4JtDpt3Okv/uxKz33iNdAMfnf3tzdxffmz4CUS9PQsvTI/z+2an6d3pkAjoMe+Wqpay93hPjf6gUIgzL8z8YNz5DdffnlDJiWTcb/8nO6ZYLb8QiaDx4HROb2eYYSKEzXG6XR7SN+768KuvRf2TMiSafv/GPT7t6bFTDg6e/Mttamrk96WN5Dn8uuW9u3YuevwfiDcdnq/f2SD4PwfTU/ByG67/w3RbeHzhJQwE07wTValcDBSxqGggLpe21ApdcpQcJep1ZWVwFKHT4M6dBpYhJRQQjWg5YvGxlrU0Z67CIDbabHUoG1rOYs0XaVkbU0NbYN5X8f5nLryJRCD+aIaTdHRrqialKllMGeVMdCKEbZMnWvUNACiARaUDQ1UnVZXhxQqWHOuvk5pq7eRNgZN2TIKSsEo64CUsinq6hQ2iqCdFlyfOp1Snu29g63NYdC2kj5KP0m/QX9ACyQUjbgjaUKK/zZigvD6iyqQjy+XVWXcemH4VcCIFsuzknaYH4sS8kXYDK/bWWxo4AtspOWcjwE+t4wUfc/XYi1bcgbYQtFiHTTTwiZqIX0UamkBeZ1MciZ6E2cgm+/e4taCTQdlwiVu3PaXz7zzmOPWtTM3ruz/veGRkzCcSMAcOC7krnC7BILUqVN3F0+Rx1ur0oON3Qt//nN5xUFoas/EuAXuE4r+zvwgtylvTE1mU4NzSJvEct8uOgZtQc/v5YOfsRVtbbF6d2OzqRpZQXV9vclEtKBxNKuGP2mrtblFUVsn0FI6RYyJdVXAM7+dIMGj0K74FZ3JC+HaOh1K9XRg5gLRzCB41kWvl2qnHBW49xYm1OrOUEuLHd3TsI4wEfFF2Eg2QqOxUkAbakE/zgq8GwrTGrQS+iKjTcKwhU5f+IOsNyEbkeeIeqbeVE/Jqfp6+Je99aJcm6yuq61FfIuoJ6fT1Wq9zc0OZ6PFieWgDTm3M8Aoa2EWV8sEap3O2gDFCNpjMYUWASq7X8xJZDIpgwSLO1FnmtWYkozDTpGkwG4XCLBeuDbnFVwVkLza3RsCWoCUMQQ4rSodoRgAVdypKdFa8FYQRlZWZmL8EYdf5PKvGOasmPAEls0twpNXYOqKCN87Rr21Atp/Je0ovo4UDsuV+tJl8tIWjPq3Byt/3RLRNgC/6/nO0r6nY1FKYVCruSsvv62oun3lkrhKnR//7W+ynAb4byho7jL3rOWPz95+3Pbe5RNXXl74g8zoAsfl74JLYKeY5l7muqmn9147dvwA9adgG3ii+Qe/v7SFO8K9IkuvM7wCaijnrads3A6nKZt0hxdOAoVCchBYwNMx7hj3KSXYf2qQG11ainZnU45R6tLoV+/Ovgct2MT9XPSJ8EeEkXAQLNFP6v4W7WWysmhra1tbV8zvq6iII7WNzs4w4pV7dNHhcomboD1fbIIu6esyX4YmTIApVi2us1pr7SqdTlldXQvTCzGJrJiE9bmEdohpWuygQqaXwBwhI+zgUVau1FZWKpUy2UB/V1cIy+CF+7v4iWZ/v7YCFv211bUoj0Gr/WH4aHW11qpSVTYkevH40+vjARAwsVdQXm+Tx+XyYJC+0iF38ATW9XJdXR2h7ewk4kzcFKfMVJwXKFMk4/FYRSzqb4228qvNbVEENbqaoBD2iEywOnMygVDyCUbpgp/vYhIueTQqdyXoSkkl+ltpiUoM7tWyckdSG8beJqNCIUmDrEJSwa8F+CTXJOQdCfBKOiUZCSXhGV3KCCFW6pvx1u1yLQPtl5nHsCGWyzGWrJ1njAzoS1OUQJEFiTd5XL6jYoD5rNDL+pwv4wPLCQHz2WcFg8fSGXhzM4LWcAonMjR/Xi9ITaFEgGrQklQhF+ClMiorG6pE6spgJWpaQbMX8e4QhO4gKrkDYgqgdfXcgWQYEKkBwXnqo1dAatvf/xjoY4Pc1y/8lPskHAamm4tvXeNkgPyTj54d5xbvvfXmu2Ixd/mu5VuLJ//C9vR7J14/ueVwcmSee4tLAxYMkjT3HHeXsuc3cRuSDqAAKWAkLx05zm1a4I5zP7/+R9GJv/q7j08OBv/i/c/JJnD86J78Xe6jj4GR+7jK0M06nEe+AbRS1e5L4GY399S7tHD7kR4umB9PTfT1TKZRLa+/H4A+8te8h4AjizF/3Idc4EXsAo1dUXS8q7DHxLuEiV6HyyOsroDp5uwLcloMbEj08aLJ4+pN0FaELWp0YOju7AXoVNWYkqLRJKd0ugc8oQPN9vth1O7v70U2H3sxJ2sCWljawsP2Yo70Ai3tRYgEr9fzf/h6E/gmzjtvfJ6Z0WGdo/uydVvWZUmWZFnyOfhCGGMbY4zlgG2oS1NCCBBKKWXBSyh1KSVelvLSxAWXzWZpSoEa47CEEjZls9lsSti8fPKn/PknvHnTbDZNKZvNpglYw/95npFkm2TXtq7RYfD87uP7RaIPn5fLDUpnqZMnPXW5JBJxaQOC+mqor/dWI1GvZfWZQBNDNgVKq6tLoTSrCZPBoFZbEV6ZNqM+ljydJKEww99aVUWIvIQXI6xCZexCIz3hVdFwdO6ax6p8XTXvpQ3JWcsdy9MWzdZfk4WZuQIoZUFQU2FD6g4eicHMoXyngw8PZjt4D9nmeeAUPI3RwwhBuW18xzw7PV8w0XHyFik8giZUQeLQIe71oQ8HtGpZV1qvdl7jPr7J1R8CISg3jUBySibkrnLX7XtPHZrwnH/1yI19O7Y1th3iPueSMEXdLaGhYI4KfgQY7u5YtptUZ50st2fPo8PHvcaJgcufgyPk0ewd8tTMXY+1o80fP7QfmMWK0c/AtVqu722S3rKvjevI+qPpdEeom8D4zg9EHwp/Rvhg5riQ6AD/yDLtdbGGinZPWVmiI532JXB4ofBHnEGSorSCSEVFogYdKqqpLHJKRMXNAkQN2RpssqIc00c0gIFzbKsvWaTGAQWb0mq7KhOJJJqhY1N2KD4N5zLW9rK2dnjyJzORCiQc8kwkAuNdHe0PBYMhbGglJU0lPJu7qIltaGisiVXWVKIDtoydUbY1tHW2wegi2MaQ9rZgU01NU7DNLlAQHWk+rO2AgYnem+7oMDaW8dNvZYjYwuMxKhTG82ABlEdEysbqEX6EXJ1WtAoa0dYJTN1SySRBUnyDgbQRYUwccJp4mRBiit2crK7adDW/S8Fv3QZgchWbu5iUylVE82MjBt4Cz0YX8+hvo/n66Vzjqk7dyfNMRgu0Krwh5YMT1E1IFtpzfOsB1VtKYRKlRvDjaoN+jsTC4IJyqBKlWgOfgVXyBnVufIFebCCByuGhhLl4l4qCa+S+BDfzIa0At7iQd8JdHJSo1SuTRqNzZGzNszFu8xigyQ9uG4MDtdnbH1+ANvUz7rJ9/WsXtngvjY7vP7nk+ZauA++Bq2APQ//m/jloRvvF3Kvca0KBcOW4RcX90+/Hsi/9i5cdOelkLo0eH/+QXJMVx9evae4akhnHGgfALb25N2oPHlwIemXSPcADhpPc29z79K5nG7mNpCQ78zEok957tb73UW9HB5Js5wOR6GOMf7qY6Cb6yH9jPXaLRWvS6z1ajTCR1PSSkYiXTiaElKh6Yd2imq5olCA83XFke+PV1TU1ovYWJOj6loYGlm2Xrujt9fYsW+Y10lplkUx1HjwyJZLivfWhs20lDBTWldNWq1fUaPTgXkNbk9fb393ejrnC2Kbudj4wpk0mgVEvEgkNAuElUANFtReK5wqiF1ROZ2533+0mcQ01BlOyJwRPI9pmRgCUKzpXDK6glCtsK8Ir/rTiwQqBlFrBMvp0t2DFCkE3tSy6jOlZdh5EpzNNjY09HV245VBdA2+mMkQ1qMYzlN40vtWZ8S0rlTHp6moiDjRUPPd8HINQmNPxJNZYFOl7CQ/jIaUe9A6bojjt8QSNEbs9arWWWEiSqCgBBPzP20soJVWC3q0pTpeUGA1GrMR1DYj6oxb6i4UtRVqtRNO2aFGPCgbyaokU6TL0QRKgpCQSjVrDh0qJDoa0qcNqfPWEepf6afW7amFHwtCiVrcYEh0CokehIHpg1NQTdJ0H8alMMBgtYLqmpjNRFDJFifDswmF+2iNfZlm1yTA7BZIPcXKhzUN7wfxCRYE4DMc+A7m0E68Y84lnPi+YC+GKE1lUwJ1F4saf8WX1zkG9J1MFBc+DavN7UMmHfFM+b+X/Samc9+LRWiMVuGgiKMtdUTG1odQg0PNXOR4C/Vx7UEYLPP9NWEXm9D+XZWwF24BmoY9bbgSnVWLusBFslxY9JxCTP1VnV4gYclKd7XRWX//R7qk7Sx7b4zEzK+udzur9B3csZbk/wuyDWzf5CXRvkzP2Hz5//GnPhStHrh769vaWtkOfckEwBB6FT3HnBa29B44PPf/E9yfPfV47Vrv/mG/Mfw0oOO719gOdR/etPrDmzZ9MXFrzuzP7FnUcHRn3qm9seGHbks2TTyXJk2Z/W1fcf/jHQFukGOXA67Xcuo9owXdhXt2fFbb3d6U7+oRnhvt3bjmAcMEe6ET3hOegY6hHHUViKbGCHJuqjtSGypAFKCsvD4WczUlkAfzJaDQWq23Wyos9Pjod0C6TL9dLFYoGprGxqIESCp2lAIidxfaOZRfwRv/Ks91qFkNfIl5GxI+8GAycbfcFoDIMTzrTHehlHWDVuS4PjRerBllJXZfT3k1X9jK9GDesrr2ISixfnmlrbq7EPApsYnlv9zKi194b6aWkvUgdjXZvundZ7zKjs4voYDpIOdXRkTYbrUbsWduac7l220jbWBslo9ra0q1pnKSXh3iUvMvlgCiPlLPlI+Vj5QJZOfrQYosnXV6uKwN0mbssXkYxRBlTRmqpsoDPF+BNQvvixVadswHN17yYcakbItFk9DwGtatO1hG1UDdrsX1hvOnaWppo9BC4EbMwwxCdrYOtu1qfbqVbmU7fLt/TPsrHKJNAzia7kmSrryFJEMkGX6vAihyzFc2LWYvEYkGCqISfWlkpUGDGU/hrpUOCjQJSkG9b5kNGnswykNf0L1WN+HQn95a5TGh5Dnqs0agENWsh5gwE5Hr7gXxvv6DIaNORz/xTeKsRl1H/yPOP8F2SgorOu1OY2f5v4s9YjsTeUOCtfwiDz1GZqHJh/RXO8eI5/UXwsdiJw9wIGMhZFEvy03dD5dxhcKS0dMLlIkeyneEweAoc4ta/17tXpt82sDV7vrnpF5z36i2ZcIpbax87/jdPey5fOnj9wA8f7+o5+BGYBOPcO3UzJSAIdghJ7jXuInX+wIGjbPokeXP3ob37dtMLvvO90U3fsX/ja6O7d3DNoxz9Mdncp9gJbu7+q59ztVZPW5e5+fAxIJbIR4EQXK7lht6hqB/+TRu34SqIH83KEr0d7dVdpLiR+/huxPPxhfbbt3s/wbgbD+SiPVBzRYSNcBFleBMyAQ5PWVQlSjHSXbFCoVSKIibM1mPSaLTakogkLvOX2xGyX6ksLqGCbiEKSEXYbw+ds1oNAQeJ3XapiKKSiUhEj922IRGBMo+YA+PROHaqiFgHF7gU0HEpFGKZRCLDsOWuMtQQRQGrP2gtKQmbVBqTBr22LGMxSaIMqQw2BHcFKRMVlQRNpqAkSrsJkYhiNd40RQncAvRaJmNXum3usJuSUm5fmAijg4mMwa6P6Lv0Q3par0cRKU9mdQxHpe/CoPQBIUUM5+gwOogOoYrqqk3R8Fz2nAKo+BxiS8P8itdX1ACIAt19ocgVK/CTRHEuFf2fMih+JDLxlQkSCWZJ/RBDST7iVNBbx2deGeeYN96GLuMz7hX790797CCfET3+/aZFh85Tw6CHO8npQTd3iqrnToKemVfQ/ZmNMFHqFXLvcCcE2S+0z79AfmR1d7R7E0d+AIqhrOVyIYre8oM27srMdbIL0ZSQryNitXtTbEdXOtmH4kfvg+WiD/CmQDERJ2pIA+tJFQskEkqWUrsinqi7WF1jMWgJm4UyiMXwPGptMplCEcoV5V0ut1vtq6ms9JkQ6piawIDFQzAcDaCcPKhmfEwsSFF1oZfAWpj6+x7cnYQvv4STFxF0D2JCxBNMQgkTCCiZAsU4Mih11aw387IMKGU2WYMMpkAyVleSRo/CMspGy+wuT7pGViMrJlTFSBwZTFUeTnWmBlMCF12VwlLscuek2AXtqstV4rDZHDhYNGp1WvQ2SQaGIkTI4w150StbMpFQuOrlKjJQ9S9VZBVjs4E/2cAW2yHbc7YrNnrEdsZ2zUbZmCqbLhTS2apoYFKxnvK0Kgj/v1IqEAAU2uSBH2zPECACWNAFRsAYuAyugdugqAv6/43gDLgLBACJ7Xywh3zzO4m25ZKb5trzL4srkQ/qCiSAg3kK2dlSVm4AEgMd8RwnPELLl5tdOeq/2W30PBA+P0+PSY51ULINeWZXAOY2EhL/YyOBilBXdp8B5X9e+4Dg/vUO97QXOkEwPLOFrOY6qM+5PjJy73Nu/ZWPZMLPuOPuZ3/2yjrPzQtHLlzataWj8xDHcV4wAaxC7i63V/Di2MGXJp49PHrmxG/+Kt14Cbx+LwQ+HBvjjGPkCbOnh3XWHpr4T1m+4/AM9z5F7frrNm4oq+hJdzcmh3nslT+LbmDLasDb5dXgNVYRcJTb9Iak1FysV5NGJN1Ko9Vqs4nc1fG4W83ItWg+t6jYnDTQUWRVYVpUzpQjYQ8RHjA0XRYq86ljyLpOF4ncFFXr40XeDUXejepGdYi4rFoghUpECaICXIBF6QeUU6ICP7LasHBqrcCKoBT0Km+asEasrLXLSlutlDFmRLw+KP1Q6dLGYjPiqoTvFhswm6VW7HD5XLiGFfCZEwzpw0toal06QZjFPp/YTCQEUVYK84YyD8wuciR9tNTjCWEwFSWFQyOJzgtDIxk/H48kmQnLXpb9SfZARodlCAH/adkx2WnZmzKRDHUeZLjzMIt3h4Q5Gs4NnudDlEDB/uYGDHNZBYZMmY+1ysvsLMMZXxdAaUPeCM8TX/VsZWuOHaZ4RPmY6uFW11fY5dKclKZp+3jWOO4FH2bfJv0TZCR7DXx0/0CWw/Wqd7gR+8ivTvyAN85bdja3HXqffi1rJD/8oh1sBkNC7iL3HOmaub5jB30CJMcAy10e414b4z5ANSp7/aHvAYdUOt8u7+EGuEet6d6udPNKGKubuT+K7gp/kvP4iLeyFrzEapDDj7srqyW+sjKyNpEQacV4DhD7/7DWHSi9AFYhjLqpispqJyJXmBRJyjGrcDnIQAkvgTJqJfRgzbTBajDFXTwNcVhUQWkpqt50CXwdsfrAl2uJMpgg25xpXEvyEWWYMdvnE2iwzDp5ma1NYDax2trqZDWPx67EUCAKhQzFCKmpjFhCOHgESMSJGg5QGjpgh6ISKC2tKEdojlPwd5SH8bvKyyt5uKBwJskoCRCONkTJpISAZlmSpJ1oZMhZUaGHoYbJYCD0jJ5UUHq9yaThMYTCpk7TEybKNBfht9Czz4vfqlV5ohEiwGenueppYaFpzk2BC36OJCI8xlROEvGOxB+jMTwEFH0oHAjHvkIYQbT0q8v5iOJApBYIRQTFtwbw1CoOZEVUkPr0SLb2SPYDMTgsEXOTH9u3Te884z/5xtErz23bmu44zH1IX8rWklfu+j8CR6qruW03b3LPeTrAofe4fdT6mUMzk2AL8JI09+hbZN3M5N5RSmKvb7aaRzaDqFix8wr4OMnt/YQkdxxmuQh3nmsXPtPM7b5X2wr0YCU3xr0fbAZxMJU175vhWpvbmnuroYzGuf8QvQ9tp5lwEtV8Tkn6WXMpazA0mIpgPKrSNTY2aBLBpL9UpdE0u1Ck6vL5/H5nM6o5sdJ4KBQON6cbRJgO+yyVruP7+SYC8doNsZIUlYqK5FJpPYxZV7/otFrbYXZYgaNWNuqEj+0+PzZ4jTqdhsWNJBX806ExHWVRkUilksulPOENgTtfBIhBSSR8QEaYgJzyyU0muY+ys3X2QgJZj0o0aMk/lzxCo2rJce4QLrury0XJaFdZKQK7Rj2xVDJaAdM5GZ2sSFaQ8WAoHkIvDmZaGcKy0UIqS5lWS2k8XmpppQV1rMWbrmOlprSiDpipOpGBMbACFqWK4QzVQw6TW0iKJHcJ/iR4IKBIQdqzCNFfdwr4Bq9QwDpK0wJWZ8M9XmgvBwtc2Ml86paPHGYLr7k5twJ/wWyMm+94FSYOeJqeXOdYFcvHEHltmNP2RcY3Z5ExiA0q1n5VASdfo51tjvFxRKEDXBiDoXMEOkKRRzMvhBZ9uVaLtAUNxOTHE65+tv1wmZ/8l7969x9Ai9fLnfsD95/c3/sTIAYEP+57ZNjTR916Jtv3TPb8tQtiIXf0dfuTb778be/lveN7Jzt/sWjZobv0QYSprc6eWv/zf7hnBO3gUTF3mbtMy0EP6Imu7D3wxeWtg61rn/zlxR3N6UdP7v+7Z/cGueDMZ8PDlFZr7g8FrQd7wFo5LtQOJbn3uFv0nuMs18sJue2C4at//ez9U2zPUDLdjfbuix+Eoeb8Clr2GmIB0UIsIrrIMlZSVZ4KdLW12SJu1BB2+zs8HqIB3W1w+gOBSCVqTlWGa0VFOU75SZZtRnzyC3k++dVnqY5WJeou25wEkXoJDEC1NEJdkej1smpKRMVapKiwUrQQxu3d4UgkijsUMbQJi3j4iC4Yt3Z1dbR3wMfTGRjb61sVuKjZ3OoPIKlWZGg/kC5Fq/ZARvkxspo3jW+L7fiWlTDatN/v9no8Xn7lFAbVZGV5uDKMNcwJI+K66YzT2bSoYRF6QSxTnUqR9qIGTztDtrd6KhsaKj2t7QKVwFiqB7Req2/WH9I/p5/SC9GDuJ6SYCQ3ldKYJvVAAX2ZidTrVaoSpEW6jIp1eNMqVmFLK1TATql4SnnUv4OK9TJUKxKVUc4I7ha45OfQBc6qBb8Cu2p2EhQFLTxoRb73MScg54Nxnu9yU96dFFjpv9SXw2yXmK31zlztUcVyoNmxfL8D34Tn0LamZknlcyQfKm3MMb8/h2YoHq6OFPQGsXsI5iaeInI3IN4YjydI/84MeGps5r3t5NCYXqto7jXq/VezjR+Wl+u5tbeg2nzETdrX/ebcZr6/sXiiuXP/HVrNJVZ/HfymDyzkzoP0zHsgzZ2f2Q1aQZeYO3CXNgEZ2F88mNn7y8eykW5u447hnivW4je6X3iP+td4RTfXpS3ujRZHDraCFfObHD9t5HrBzKGRx//MHQbrZvbVt2/wttcSFIyM/gB15yWikegnVpO7WFvVYFVjctBj723va6ttiQhZOhmNNlbWhMPxTEug/jxaTvXjMVJ506JFbW2eztWPPNJZnZv/XjnZ2Ig2JSZNtZXoSCVYORW3O50wnF59zoPUrg/F9RliKXRQ3TRDo4IKSTKZ7p5qhK7NFnniJqqTYb7Ww8f4nfD3wd/Aj5NVrAbEama1ffWZ1ZdXC6TUahSwK9Xp1asHVw1ihVjUhhRLlQGLVIvIEope5F4UX0SVLjrPR1+LMAMcYuJeBDzkokVNCzF+DozrGwkiwrKIGOtchmXr/bhSqcz4/cUkTUvNHi9VXF+M9x0yRB/QU324QKlQpfv6Ij3tHT1IyaGb6u3pXDW46olV1CqmswW0MKta6nt66ltW0dLupUsr4hhorbKyooZnx2INmWS44ljF6QpqkGe6ul1BKagKJ/K8dsKJoji73SA18LqvZhgpak5I8XZfPsRCeIiDBfaOuXVMVc53fUUFcx5M9nyc4HnJ8MCq+UNLq+aFbnei/BDGHTymlMK6h4dAk9iP5VbHC84L6d8cx5UfacplwzgX1mNiODT0+RCMKdRDUsSPcyA1zE98V+b3znUOA5rs9pTNU9ZEIWPOtyKEQyfOtHZEQ6u+1r9mjYKhGwcYdfH0yZsbtzFDm7nXgtUI8Vrk8/fCqCx+eA/XTu5c3LSnfWCQXD1zfcPzE+A7oLa95X79xD2Z+B53yf4XJ6894jnzxpFXJp76Zm3j4fe5IHR2a8TcYe4T+kfvce97o8s7hIJs//bhbfuLraeGTt0jfyEUc0tO3hqrT2+9/BOwniLF6nF37dn/feDJTPfA7voDkdsX5YrtX8+e0nu6mp3xsRHgUIhGPwS3ark9DwiSfuwvGrnN2Vq261FvV5r3fwtE12B2Y4S5SCKH5yZkJVFv3FNXVWUN2JC2am2lEqrGISkxEISWSltKPZ5ABD5xNuIvYX+NSUh5vNNHztWLZQJSg3YUtWkm/RJMgRYSLaD/bHONw/ISznjiCBW10tqsrafLSxiGwchulQsXUCGlcrEfjzqtZr1sqLmlZQHL0uWV8XgkZDKFlCGgo0LlQmF5eUTLSs1prdZiIPhxcAIFngaD3xrxY1Wuq8oNmdRBnamrq0nV8FMgSkZpg59iMxqtacIGXHSp7SXQAE1KKfTnpaUuh4sHXFTL5PVNTQuVaVualFHpNM2DcqdYb0ZMO1IMScgZ+ZickssZJQ1SjENO03IHkxJYiAhQUhELmjr5VcZChOev0YYRGels0p1D/Q3HCigOOeylwVlWq8Io1JzGPr9uEcOvKqz9Yd7Sh7oCsRwTCt8PSOYHT3gg4HwjP5+Wfcm9Jf6bLT4qNq+89LBn453ZnBU/kpq+9Co3Bg6NgYtcc9ulIxuOj40dfNX+0SGavR/k1G9cEgvvclfsW89P5zzao7ur2f0vcFaY6bSKuekZwRuPrjywZku2fduG9OhOUHYGrBsl38jGR680Tp5Z+8pYdorcw31yixVs/WLvQfJtrbk3ag0e7ALtMskcT7ZhTyN3YeZUonWdN11LT595r/Hty+Bo4saZZpiXYK6Vd0XvCH9G6IgA7sp1Eb3k22cbKmOY2sQNE5tGimpsrFH43W5nIB1Iw8jKq0harU6nw6GQSLQKDNOrVy/v6WlfHAotXlzV2dHW3AG/DUkz0gmTyVaMRqYM0KJXiWUYawUIgNoAgEFNaau1CkVfEIWZQdT0SyJUlnNQDZMopR+aZGs6kLh3Eh0gwcoyaoIBFophepb3oMPLiR542JmxdR7rfLPz3U76T53AthwQy8eWTyw/sxyKcOfyzuUeyoFe7CQcoAoFfx4v36pjUKZFtDFtpLSQbr2YcTNuW0AfQJKvzhTrLUEgCwInFbSbHelokFedKFSdaDQSiuAiw2KmffF5xGW6lOleCu9MZ2B6Z6FMORJUk6kb6SYq8TYuWEARCh2hQ59enZERylbQykAtl4aYoXbQ0A6Gujd2j3RTbxLgDAGUhI0gGapVH2rvriOIuu72kL5V5KUL8FKIJe9lDyA9aPnBU1NdjWheGUooLChvUUY8RINOnnloXuuO79zxYEcFxLQct/UqzCCc/FLhNzeJy3Op5pUX+7kcFv5sn3/TPAXOJYGb8oXhws7ibHM+WXB7hfmzPLEjv+n0R9UsWQyf68H3MXdyqxkF7mL8osK+BL/jq+KLIPO2dnNUxJQjQcUY5BDRukNpHkjtYa8oin65QU/liF9IN+cHbx8Btzg3Wb1yqKNxKH3/lJjsD9EHPSSTvQvUgNn4MXd7igs6o+DjkexNjr15iY9od0yd3+w9Mn1kav+60daO/RzXA6pBu5i7xb1FHu66sm5lf233xL7+Efq7r49evz76+uiZvW71yEh2+3kwyu25Mjr92o6rV7gP9jSn934Korlwdh2IQiNwDVxIchMf0CPjjVx9log3r/dWN5JvDWxfuaEXbBjq37j+UR5V/z70hqcJM0ZgQ5WUFmIxWTIVckecFuQJDRa05lvW0tCgLxNJlU0lIqWmxEQgnX0x6NEUyWuTKoRMGicWYvjTRyZbcT44TTXFqmooHRqS1JtgvIjb7hX61jjl02CI4ZWshKrwL1q0xFOGMO1hNujnx1egF2uBXqylpWlBE+71MQmEOwF1TV6FdnfRK4ADSPldCRSsWrxpB58AatIOh8VWUmLjh33ylZfkixmTqUZWXVON1EKeMRTVVEQi/qDbE/SgcLE6s4A5jRouyqpwVWfV01VvVr1bJZSVME/UAGVNZ83TNcdq3q0RyKkFVSU1wWBNSdUCQUyg12tj2vO4OKmKoQphTFwvqEcHnBm/b1Fb60KKPE2CtoUkubCNEtA+4PN1CkCXYIjvpSOs7ofgQvM9wzwq0kM4LPPm2eZyu8zmgXwCmd+i/3IKGMMF7ZyjxEGoAWWA0VlvmV8ARh4y723nNRlzWWCBIxX7S1ch+fty0YQABWbVQu6XG3MZAvSpZ7qWUD/n2sDzXD++XJ0RH2FrPdzQpfclQu7g69ZNU6c3ei4fHD8xvvBQa+cY9yEZBAe5DfnLTAeoB9uE3OYZ+uaOLW170tRfgLXgteipw6PcW/jn9dFR+uV1K+q5q3rzmpDffeiboEkm2QmiYGeSe4a7R+35GcspshKQGAUh+HN/XbK7O90TFd7oOLizZwR1a6wPikQfQ03Bk8N4E/gXrFnHMAaFM1De4ky3o1Hi9pbyAL1kybKFszPFy/mZYk1uppgSedMwD1wqKwISRH4kUCD/eNazjFmGAFiWUt5OlAp2gt7J5SJ+sljNqBFchUyjMSz3CKgqmYkxIV4xydKGpMGwIjdpPMkml7yEmbWXgCRryrS3W0UWhtHpDHKDCa38mUxeu9VtxVVFNJOMG5IL2YWkqjCVDHPBpXnAMWrZsrZ0uq0wn1/LKjKXw2AifC18O3w3TGM2JKtUnQ6Hr/gA7dP6SCnhi/hYX5eP1lG5GX40prKc6Ix0knoKb/kq4Ds6O70BjVotxyPJqemMhOCH96H/baivF9G881qeebMJoBF+tE14ukmAZp07iUGeEYaUdlUPVZNKepB+gt5F08fo0zTZlA4Q1TRdTQTSTUK32Ol0s1JV2s0P9CuoqioxoqZEnj0iZsUj4svia2LBGfFdMSnOt0ELTdBZ3UMooNDHGZIFrzaXzyw/oz84MLsfBRUVqSIea5ld0f/ShEsgPwKXK/TPV9E7yVydhgcYgxrLp45RvvfEj6N+1RhA2JAvehZm1ZD7Q+kfulDIBRaG0xCkjIqZM+Dy304O5HyfHlGguSk9ZmklT1JnFDNXqRr5zBFaGPo0e6q6Y2LP1h9ePPp/2mq5d89+3ndSpn5mzd7sJLf+4usy1Dr9yPrNc796zDP5yuFr+x/fvAitxVQDGRhAz71Nd5s909zbA0C2bu++6uToNurFS3sujGZ3jPb9dOfIT9aO/a/fDNU3HgP93GMwt2vvZw5QBPe62dnR5g0degxUSaWjd8BbtdzwLYp8aqKRa525l+xf723sIY1t7JbX9jwD7m4YjScObyDEhJH7L9GY8ByhwrEv0miMTkiuYhVan76soXJBrLSsDARQSPoiDkkXqIN4FDsYDcFYNbDQBpVwyi5Z2oP4Lc5Kl/UpEEeykjCCR6dKmJISC9JKM4ISXHkWhFpdCLpQ300j1ZXrgVkptQur29pWVi9Aa8Awyg6o1dUYnpitUSqlaWlavGSJGOtfQM1zBgZgTClVpAMBqG14A7ZdrlqhwveWLV2BAJLwFk3UHiXlVC5ERaATod6ufrKfpyeHUWhdCwwWLXWVVSgyrZ7O2O1OshVvGkQzWoZYAWBMKh8jJ8jb5F2SJlrHWidab7febRUoqSXaFSGyrrW1jgyt0C4RlRlwi66UKMPUHAAoS22lpJYqRWwxpazFCq9gEFxqQHs+bFPGTFu0FnLY8qmFtFhKdhleNjwwUKTSYDOEDZ2GQcMThqcNxwynDW8a3jX8ySALz3so2mgABjwLPrgpFsNIwES+8vkQ9i8fyfIOs1ALnbdlRsRicxNOFTFLiRbj1xtzQw2znYfYHFY0vmwa5RldsUZmY9Hfog0HPlN9aIqU10foOwU8oIzQ5SnLUQ0KEqVqlWou6Cdip0lU0SLNf+tMdQ4K8xXqNS5VzJFb2aXujNDO8Q2sWL5qevv0jP9T0N5FxsL+I6mF4MboTCt3059si3O/ffG1gRnoVretK1773E828W51we7K6rEHhGB4ppW6EOq4GPvBxYucdnqauzY9/YD2z+w/RScj4BA3DMbHHDFQBL5HjvawrY/syt5in5+Z4U7U16/4dr2XjNLGnpCT2bkWxGTSOe71G9tZLkqOvn+f6QVu7gcU5eaugQi6QHP+wgO5qFtYAaUoBc4tKCIAlCgANYngyStAZtrjSVgsFbkaaf/ZRAVTgZQpEgkgZdIEY75QKJm0SeSUWOx2q6SMFNVhJIQAeUlhUCIUSoKUSof3c2xEwmZLEFSNU4Ue21h1QlkJtFRlpSWWTFZ44EdFyiIVFTAqtTjQDi5qqJWUmCxyt1tKwF8gARKl9JiUlEqlDrXaxCgJJbABUkkB4HQooRpF0MamklHCQ0qUzyqVJofFhD6oJKO02Cxhy7sWWmEJKgMvB2CCFwg4hAKBQ+PgV3oIDaMhI5oRzWUNdVcDGjSdGlKDpX5zfj8nx4k0y9gyf0ESTTuGeViJeZ2vQtEyOndfLPdpWMjVeYCk3C0PChPLt9DgLYNdET6eh7xFG2VV2KGQotwWOiqbzJ+bVCWqPKW5V1H5V8FjoG/rt7eubh392ref3DS6rO+7B7YdFp74YGRSoj6xdeTenpNPfY8Ubxl+7Mmu0U17d35/7/D6Hfu3n9zzLfpH9b/+x399M8r95ydXfps+OvFvv23hBkXuLy6+TbMrFRsE++7rszN/HGs+fu7378S5/8tlb3zSfumVd17r+OI/3iJkhOSBQLRZuBzmPyUw4+kh+okhYph4lFhPbCS+TfwF1cxa1IuCZe76RV1d3d0ZMhiNVlRkyPpUqqZm2yAKxiTKAXBsAAwMFK08D1ZMPqI2IeE0geWTlp4mRCy7hMiAvsk+thc+PbW87EnmyfOg9+yW9WtIhFJW1IlRGihqK3rbVrCcLdr02GpWZ05vWA3DwHNr/SFbXSV85dnEDmYH/Iiz333860L0TukxERD1bfku9Z0SGcqhDI9YliynNq1NiIq2KfVv6kmZXr/L7fwO+tzvwM+Vs9sWLSYWM4tJI9Wy+DzGkldrCS2jhQcUWnSgKMMoFDAE7O46D6KTGSSqUTac6egxlLADg4N9mUdWrlzey5QAZcaWacjA0LDb0lOS6eWvhS3s6q8Lvo5wZZgMpRTZRKSMEokEw48+/iguhzz2+LqNxEZ4dzITrUAfbc1EozWpRCK1lYD/OfsOSrrDyobiVRQRBnIKx5VFSn06XF9eb61Hn7sq47c2CDoFpPJx2+PhxzsfH3xcoIR3Bh9/8/F3Hxc0wCMPHsdsgUNo+ZpJ2VNdqaGUQGnttA5aKangcSJl5a+cyhZbS7iFkrcooerDP8EClkedfvI7rFSX/o6T9dk9UGzP44JTGcuY0mVlzgVuJzqgyhBuoHS7FyDwavhetBuKkDUlkvCChgWdC55YQC/gaTpnUdDy/of3JzyBC34aPTkfimJzvgTKXEEuzRA1M1cHVqGROIQrGJgNOvN1VN6pFXweX4nhi6sIAu23zG8DBXDP3D8pd5PjjYlhK4EdGlL5VX+MzkkD/xgLICDO8CZcTMX7Eriyyg+eQCOCiHjz1E1zbvh/DCIlzENYVzrmI0ch9wYzQnTHXgoDyTn1Vj6NRKWZuW+rmn0bz2DBM8zEKl0CeAEuHXSClS6+AJt78iBl35G9sUO4krsJXrjVOyRWrOt+tHdvwv/CwS96wcSZUwwDRsEp+6lTYJTbFpnZlx5/a8f+z53xz05w4/RV7hNw4K2eAbGid82azVui/rFJ7qN19fGNCXByXXVoq3um+dYtburmTdJ761b2xk34O9b0rmnf6M0eGhpm13WQX5+Z6O8X7hn94vp1mu1iNpPqgQMJ7/HDYAKsEQtr691bZWLuyJY1id3da4e33ALu42Px2rXHwTOjX9y6RbPdanI9eG/j+kRo+wlSb751zf75G8VvXHNev3/n+vXroPGtt8j312zsGNrsOdm4cWX7dgIQ5gdNoivCvyUSQMtKKQrEJIlETCtRXwCbEYAnK5HLKyt1jI4nDT0LoIPCHKAwRbRqzRZL2XkwzEpBqLQ0GaqAeY0Vl2RCJUZ+w6/kwd3pkpKwQVcRewnTkMZQL72iIkjZg7hlX1ZqYc0WPDioSxCJ3BKqjDDDbzujVNKFuiSqhYq76CHM5zl3pQDnNHyVj69eEEhfovNribjsyKdKeRjZ1J0YngfJCS8MyWKYfQGXBnMAKZp5k3juXAVDKNBhyDKd1jDbyXbkOtkIQ7OZvM7RYGYcYVsCA5Bz269cAJ9ke/7MHQMfgX0st4ijhsiDzxgZpqvPrA5yM9nEe2987PWT7WDfTA/1R+AeAzQ3M8bdegW41986OnbquZc2Hzv8v7Z/dy05NvC63X514PZnYP+K5d3pSx+jDWUZ94XoLeHfEB7CT0RACyuD59Il8Xhc2nKvCTWLzeicbsyd01IdyvDxOV3DSgCQmymrFp/aAXRqow6XK1iGBphYPWu1Ws22gCOMT4bSDKSUWehCJ9NBuFA7yeHwB4N+DA0cNBTDs1p1NhpBMKyIiUBpAErKoPPAM8rvl8A8A+XhaoowF5cVoxdpM4QhSNFlKOIvQydbnMvkJZkGGqATTuI6dG4fPoczPD8GzyPn4Mi+cN5zQ0SFUDqP0s2D2eWLWbFoCp16HpU7Fpt38ucUf2OFk59jI3blTzY2OTp4JawnP0f8NhPgI05/BaTfOnDuc7IuK/nbS5RpfGbN+HOTziTpAz+e2UKaqaMIPX9mr5p2zIxy3OjMh0A79LvfjG5eN1O7dSv5waKW+p7Ln830fwA63nq/iICaWsvdF10Whgkn8dqUWkSrTahNaCYosHYKsWRLEDEFjoHRxOSkVYT0lZVYgZly6vVuGo2psRonPJnIY5m1rNOpYBiFVnEe1J/LFBsx+TsaAJAQhFagVmvR+dCK8SoPqvBgTxoRjAguC6i7AoAnUfKQtbly35xMSIUYT96AngDAv2keFR3zifGZTzRn63F7mf+bzov7XPnL8+TxoHvmOdGemX2RSuqxa7v36MV71q3nDhzmDsGfZ+ilzz1/6NAvjt0f/0B4wKjYQL1wf5LuwJd61KvScr8X7Rf+BaEl3EQDxo1tB+OsylwsktNyfxBm5KJKxlzsQjQ+bijIIR/aGa1PplKIxG66sohtbaMYlBeoCAPMC1Sqyno3TdrtHTSpJYhFLU0ol5CxpErlD6qVcq1UzpuqIrYJyq20FqFeTkWjofoQ3upqacTA3ovS8OZcprS0JlGDwYWTKX4iNJlMtPN/9NTZTD2D0SA1UmVaWt+yKCEQJKBcSIVBXRApoJ8IovBIS8BTOJkxW3HSby7mpzO0Zq3Z6Xe7/ajC7NdhnGVrpkHXqSMJHSB0ER2rG9GN6S7rrulEZ3R3daQOI7KuwjqEz2iKZwWflyEHkgWFC8wmvbirg4OKAiGrca6y5SQAU3+jk8+vXqFUmIddieUHoSMV0Jzm1AvmscjLu1S0CCDxcOWkw4USV0bEQxrnVqRVCbRMDd+SQNSPCQoBAcCLlm3cTN7eXFVF0qmqUe7B7wQbwJ0rO2ltW6Tv5n7u9j6xhGv2JMFQfPnC2uBQ/HUQCXL3jrSsF2T3f/ytb30Mv34lkdGfjIzc/5ZM3tUol3ErwA9TUaH/vvG92l7xo3TPF9VCOvvhzez1T5ONZ8DTFUGvf0+on/YoOvYl9TPx0pp3s5+DGPdTPfhnwO4A9YSY8DwAoltCG6HBHDalRBBPS6dAy4tiUkNapDY9ao0YEGEbYQcDZ0s9DLSdg5NlVjOqDVnEPhSm+8DAdIAuj1VRUpyhymQBS6lBgAhu8HJimdNZo1EpGSYRjWCCN1YV8PlkEolcrESI1lBkomG+uGMwlNrtZR6Lx2ISWk14MiBRiaVJi9f7dRm6PKKihVFrQqtNWKNCAQMzVTQ6oMo4XS4ZMhUymTJFaQgNz2CxiwBo16mTeALRQeWqpHggM7+AX1i4T82tmsAnU/moly+8zJEitAmS2+BDcsRPMucZe3MihIzKPNkRlFUh0oN8UKlyUGqNiKRK8aaduhTlmLlxe0c91b+vrY0k29oOcf/G/d6+dwN1huo/lL16iHwV2fX4yTP7Jy5wFw5OvdDa/Ao3wL3605+Cau5VdBHa9t+/qNGsbGRU3BJwkE0/U0xf237/1pYt1KHsRu4MN8Nd7gN+4Gxt46Y+j1uB7DUg4066wK+Bcz9w4vn5L0TvQw+uhbKAOmqNRBr8X9ZY5pRLRaZK2llmDfr9VtNCURMjl0bsF8AaxF72osUS8rqM8VIUd+kXMgsR+XQr0QwFpBlkWGlTZSQaLUrUshSDgbBVTXqKxJ5d1mq1tmEj1lCTQuLFklFkVSJEFHplSSYSCSrVvD1Dg1FkKlFES4maJN7sDDEhb6WuEsdtpboG3L1iMq0E/AeQUmqhmXWZzCa+WWA3Ezo7NDcwATTjMUi5Ki2t0TWYzQ26GqnAL/Cj3xok/KjDgG0ZoivSAplWSwdVKmXQFgwHEYpEUzNqjkNr1twssJbg2TD4oKRE0MgbTMRq3SAAYQFyVU8ITgsEyEltnrVXeA4rll80T2EaoIepv/hUCQWQaMUj3wyLJXmRnQfXx0eTc0QzL5lozLgglmhZnKf34mdIVLlMKxz+CoOnzwstcCTK0E5pLubQoqu5o/YOaq7g8rmLub19NzV0+JFHaMng1w9yD7jfUQS4Kgbc18ji/oPjOx4DnVxQRNqy//UTcCCd5H76Vxu40foo+NlCrv4Gd+uv/xq4uVvoQo5s2bZud8+vZHL65f37759QqbqrNVouA34QryPvHLxxaAzo2/7h2UO/+6tDnPPDdAeQgx9zy7g/d8SBCPwb9wtg4SZNULDdo8D9Wvfo8f59BMaZ+kL0jvBHUL7jRJKoBeugPQob4+JAOFZa7LKKZUwMOqk1ky6UQwxN2eO1CcR5eVZWo6jEcanWxcR85R4zP0yvldkptV5fzyBbyEBRV7FqNcPQdqUVhqhWq6m4DIrIOSghZZWKXOSJJwMjxnKTyYgl11QaR0J6Lhqp0OnifMai49+kywl6TbDYV1pajLtMpUJaLJHQPF5taY2pUicgJGyxI82z0riczjKCqOYJDXjrR0UIcJeHIuGDJd4E5gPYueDLfFEapy/zEJlzIW0qDxqJDOKdZL6gjFgxUEENJ97IJqIgK78Al5MynMXMja4YlBOr8s1VFMXyc+2zC0d4bim39DlNGi8OrBSq17Z1PyDOBFsPk1tJPbcGHOVeSTU09xxpPGp3AuM4eI+zwmNrSOJ+B6cHxAOCvwjLvzh+RVjdo+gFb3HFt5LJ18GjXA9JHwJX3hp3msGj4KT5uQPgJNdzmKs9lJ05TN4CO8Hn3B40Z2Dn/iC6KjwLZcaPPGQOV/w66xQbvF6Tx1VSYimFglNRGQ0G68MWk2lBZTPJwOA17keeUlfRgCiIG0AftKdhzF/cfzbUzDQvKIJWsoXwwLCuNDeBkJleZHM46qpI7DxlskWloXqBNt7IwICt/0Vdy4IF7bUKmJ8OTLJaPBpkIxyog2KzWRIKHMLVptCpd2dampvrGyrZRQsXLmgscbkspaUer8Fg8nh0/kb4XWkKVPKLGNEAEWACpIJK1AYCtQnKRKjRBzOEGsSnMwwjpLGwnctAqTOZ0FMWwoSX+y3I41pC4ZxBDIcJAoWR0B0X5O4yQc6TPGOOrSKpmguHM2v+ZmHDeb6WWHgupgZfGrqKTFsBLDVvAPGCZiGbQmXi3LBqsgCZkZ9RzaViqi/BkX5JRkkKyygpmgcyRlWpDQkNmB1IzQtprrTDr8+/QPqneoeE6jWtHdwd+vkgu08YfPxnb4Ly9gh367V/5U6bW0HXa0c37F198HsrZz4lbY2rt2/s+ibZdH8jRyKOFf5CjW64fnHbyezkyKtnapOvCgNfXHiLru6WrQSXudXc/xOvnQEbgJM7cfMfM32NW//x6q54/+bf/Ba013Pv/XoKNJB9W3Z07NzRvD/bDraDe9yocejVt9dfA/E+7u7F2tArKDtxP5CLrglfhqfcB/39CuIRYpCMvJQfEp1eIZEQgxkape8KDc7ifUG0ATHVGAqHa9C4TGrR8hXQ56LFiRaiCyXzS1vgN6HT653ITKrsKxS+xpTdnmr0KVYIweplqC+5bPHi9vaBPgLXakAFzNkbJjNGGLo1TGXCFaACtx+MAG9r3mUlFcYKY1gYZkJhnsp+RVPTsqVnukBX1xm0V8H47f7bflpO+f0hp91usZTxbUfmweUpvSndB7MnhHn/CP9w4BE89qZndHocYZKrcsZZxahg6KBSsXGWH9uuIVL2FJlKxVtyGGjkosXLFqP4oCWzfJm971ofaR+4PECeIcETJLCTQAl/4qBhGSCWAamlb0BHxpcti5O6gT6LSMaGgDJkC5EyKiQWAiDk+cUUGckDGQjLAB/DEuHAps2zKSxGlinQUeSG3FblB9cKcBOx8Lw+PZp0C6CfuX2XzbHw5hyDaH62DSNNwdfPjSOSc3C87+AJmlSho5LCRzAfKPzBVVjcRpnTHMwRhcVUufLUQ4sWmtkn5iOkAb4xjxr4VbgcCnWtrMBwFBmngq/17ZNod7av4WRU9zgoBol+7u+5Z9cAz1pGIWnvYtTm29zk+/Q40ABlP0KaWMftzD1jvcvd+oQ7ML23vb4syBm4m2zfug3rjj5/HgT/qyHNHcFFMnz5T3p8puMGWd8vWfs8aeam153cd/J7v9y5pu+U1Xym/8xHwn3czx9/Zt/Rp57c+2jvc9biieFTd8H7H9+Me1vS7pITkT1jk9V339ZoB4fv730FJC/DqONzGHWIhT8n5DB/1xEm4vzfExQYnqRp4QXwNVQvOQeUGhMC20eFMHlRkUWhNlKoLnaWlatVWESNOiQq1swx9Wk1qVS/qSalUDtklNqoNioIOXyTVCHlK5cKFAkoaIKyU1DSKIogDHjdQdiQA8+bOy0yZ2Mzldtl25QTBwOmkkM8V3xdiq+VGAq1J01+KgpePicFgfgLsQj19Yn7kYkJ+tr9yOxF8OMtE/Edw18Mb9sGxKDrAGgHN7kpjL3F/bvojvAc9CkJoo3oJH2svEPPMAqjZPHiDpnZgVTf44hEKipSVWlrY03CaLaSnqDLX6qQydLQx2rFzTVtiSq8CTk4TTV6zQThR5bICx3rI2dL2bpmtJGSorw2kZiH7UgtWbK0raoK0RywetbG2Eo9HlfC6/fXmhm9XmE0EnhQ3Yy2Hl/MmM0KW6I4weO9NVe1tlVhmI/c2G31VKapprYGP8vW19cGK/jspQJ5ZZi8uDAcuCrjhgLsYB0k4WAcpEKA/19ybzjtcC2WSGTiDkEHz8naymDKVGlrrUsgcNW20rJiikRZRgCeUpJUFtuKSRlTbC9GoOdjxRPFZ4pvF4uJYrZ4BD68VizQUsVa9E9Qw+QlNZVRqxUy9FBByFCZVIEMjGIu5FUyjzYewzM9eWrSJG9b8FgfMhwFsgF+BraQk+Qqnak543yzTdv8xAJAiySFFS5++RElJ3iGT8VjfMYKMOHRwszBLJTCLAjul9YgXfMhQElKyDPXoOEf6KHVeM+kQPThoGCiU6in4mQH5jlqjUNNvXJ5x8HqBeTp89rbF4G5Mcl9+Lc/5y7Ym8Hy4/9UYXe4Z+qpM1ziR9/85FJVzc79mztYu5O7+U5XfVs6suab3Mvm169xB8GGcbCD23PldVLM9XBCwYZfKLj1xdS/gm5wMPq3PzmQ3cP98ncjXY0/+6d/OhftOf0PwALerU4GyecPcO+8IJNu+1Ytd+8B4bF2dRr0Cu0+b/ronXvDGj1YduDevQPcywazf7i6HtwBHjKUfQ3pj/pBg+im8KUcuk0FKPtVmRSZDVkQbTt+k4g8uDsZiSCYuSlfOd52HJ6kvIgnbcomopxGpANFNp+MIvT6WPjXKDrFtMJO8AgrIYxKPfR5elaG+5pSRVomU6i8Cr626CGcTm9pIIw3HK0Ze1GY8DJe1kuhGzu8Q6spb9gbFuAdQ7QE+a4KKFXAQqlE5YJydMiUoYZIQJINMFM+JqAiAnBGcFlwV0Dxhd15Lm1TISxED+ZCMhWaLGacLgMY+EVzuckdLGvReUuCUPagIfsftwHtKlRWz+/74eU/Ndj7/olEHWXYuJ0snrjfsZNO7i32MNXriq3xu/ePcJ/WNCSEZPZTUna/g5RkP6N6sy2bvkde3UargBfs9vd2H3jqqaynlTs62rP9vNl9ce0lGNz9pjIeNXL7wRZw5Ae7RgmSCD5YILoOPUUJUUH8H1ahVqoJvzJc4a3wKFx+lJgGvPAcfp0tCsBoO1bhtIWQz5CxYXgewky5r8KKUDLPZtxuOw/cp0zb7Va1GrdVathaGNCbPE6lNWxtsA5an7AKnra+bH3T+ifrA6tAabVZT8OH6IFQRlnZEnvayjKatJUkCJNJhLdkTESBwopf29yMY4BCtBLgt8xyvAWYNJFnJE3dwdN/0XzQzW+Bob+3wOFwl3mqCOTqdQQQGvQGQam7KsFDquZWWrDDqXSIFNVbrcV+biXXy3m5TxuTV8B6kr3/vmBDNsn17jAWnwD7wHGQ1mu/iJDe46T2OOnN3jie/fh49gb4O719pu+6WHxo4hlAAOvYEe4F7sZKtloIBPSBevozRJiILgdv3rxxg4Bnw8v9FzwbP4OZnxdozhYVqSj41z4nlyttNoA0SVniQMrmNKN5nK+xjFrpVKudSsrv0WphaljKA+rrPR6nx0m47V4dgrFlNRmLhTAwBruBklEGg47REhhIJ5ohCGmJaVD3hI7cpXta97LuTR19Gt78SUfpWH84rUNnJKIDSp1NBx27rkiE4El1mSIGOn+lGmqWGtl3tVogFcAI9VcZaf5k8UUltPOQI4sJzD1xs/g5c89cDMWD4cIwaY75HfNFQx3K9aZI0SwOeUKD2yXUV5y2/cItWq2eu3Rpu0x76vArMrVs5p3nszPDCCPEOEH6s29PZD+cyL5N/ZwbuM3dlA11FF88DDz336Gd5G4g5j5Hl4O3b7/zDkai/TfRB1BHzESIiMEEcPBXtgBKIoLFQRRBnaWoqjgycNFw1IWIh6agNTLJsceVazQqs0qpLC2VySQoGtBVBqPeykpvNEiDarPZEArpDAZc21GyQBD0eoMCivR7QhaMTqDPOBw5DEs5BdN+DaORmwkzeqooE6+QEFURMoIeeTNiciMxQowRFEECKRQlUumysZYRCxm2AKVl0PInC/wIi4GH8DaAmqmMTqdS8kAMSphdyDMPVCCsAipWzqRVOCV42GdvivErI4UlFmgUc4XCh84on1zn+L95Armcp0enE33zbjXJc/Oo8msr6BaeZXgq42UxLQ8pp55L5ajBjjTXnMydaxQNJgyophOaIX8IJgD5FKBnfvrv5N7mSHbVG0eyrlAzeflvZk5LSNk42TyOFk3GsxfHs59SOzg1+L3oCLjLGUnwZ5JZ9Y1vrMre3c9tq+1r+z44wf3kg8auF0EN3Y16Ivun4RfXwW07dgyMfkgICP8Dneh9KBcOhPqCK9f7WWNlZU1RkVJV19gYq2ltaUnUNKXTNUEKqu/Xzir9ZSHEEhomVGDNtINtaPC4okiCYpj3bXAqmawOYlYMScwRVtI1RmNbjq0XDd/VPNEKWlmNMU20Qi/ZyraylTYEcU5UlFc6K/mmhteLxm4ot9spwkpZ92IG6moyQcB8FC15JKCRXgodK+KdebnpzaZ3mwQw6R4hAAND9bozdaRUmmgi6uqIpoRUoPF7bM6wk2xwPuHc5TztfNn5J+cDp0jp7HQOwkMw+XXWVFfbNDYMlm1mjcBo1BDhWTeKk0Cs+LPDOwh59OEy4MPGoJAbBDBhRt65RnMbwbFoKkcIg/tqs6vA+Ss+YJtvLKqw0y0AjJY6PJXgq6RJbyDRBCmesOFn9CiWOs8ozNzdLUdk2jPbdqoV4uz+naRsQl8s7ulgrG7u/ez5OzN3SfcEdNWkJ3tzIvv+RPYWOJ/s+3Tk8FX/21vXnzq449Ke4de30OXcjYvc+8KuAePOvddnju4QjjxzyGkenbgtoz8WnLoBvw6cgV8zZ4IJruuNYeCk7YeHdo6vvbl7884z7ZhhjRK9hvcQw/DM/ZzVOcQ+c1jX5BBXl/jKZbomdXWyshYtQ9TZDC7ULi8nAFh3jmboeAWLemwLCCHoI6gHd6HlMmuRI9FBi76gvI4yyatNdFFJSUuYUavRAuI0K1dIdUyhQof2ARimqYyqW7CgDiZ6DTVNkSaclTjDelwoMWdsepsVlFsBpYQ+v9NKSWmrkS0xW8z4dUV4p6+arckICdoIwpY3LSRhOWO5baGkeqOFICxGPe1LRogEUCUS8Ug0qozYIqSaiDARNkIZqUiglF+VCATKfHJ5mQ+a3PrpjA95It9XcaTzsFZoBLTAVTawKg/Vlut7/HYQUY7NOVbgPufXDZBA4hQVD89gbDY+eUFU5/mp5twND3cV46OOaKHjoSmw0OJuBx6j0KAxCsRNrhPo5qNnIrP2ZeHsI11Gw1GDgT5437146ZF9RxJeEH2HC5IbyX7gnrlDS7gdiBbz5s53JMz5I49mn8/uJ5kjZPAIKc5+fiR7/Uj2Lv14eThcvn/v1hkrZfi7ka7En8Gm7Ik1F0dHP/Pu5z77mGzvZTZ+Qt+dnJya2n/w4I4d0ANKoAe8CS2dHto5tPeqmHZYTCkYdqMpS6XPV67Xg0DA43GrNJpyVIOuWrAEZcEd9R3KIiGeqAE6sLyne2kP/F4ol0oXisULF7YswtW6tsY2S8pV1QHa2kBHFd3nRibPDXrZHleJzeaKxWpqDAZXV5fLEijx+bwpU9gVdje4O93QzHkcNqXX5iWlXqqN7WjraOsiepbbSgw1tuVAubxz+a7llJpaXlJTU7Kckrenu+q6eJCRpibEV2lvoBRUQ0NdrDJcye/KVYRh5Koq0hOoTscuhkK6tPv/JUCc6CHIxd2PdJPPdoMw0d1NhCl5y4JP64ClLlBXU/cvdfRjdd+t+0XdS3V/qLtfJ6xjQ9G0uw4srvth3bPwMF2nQRvxGpVKikHrpfflICwHpJyVMWk5lNpBaCURzVUSdY03bS6YTGQu87tu6tRDu+HzvC2fpeTyWvhWM3P1KhT5VAoBbeYz2RQoQP+Ec1R5OZXAr2ByEVgsV4PjPw8551wshvNnVd7G/hEz6SFLm8DuuuCs+W4dcGswShAm0qrKrdGo5xDJJNCz1FcZYX5rVAh+LyDHBWQq+793gdfZem7rjzZzDaEkuF/DubMyYPx1sfvIz93J8+N9O4b/cmDT0I5toy8rxdzlnq0S9fY1U2Kh48wXHjPpGSfd8Cd7axz93BS83nV8T/9GSvXj3/3yHw5k//GfW5t/B97iurg/NzYCBmbS1p+Bktbmb38tml713b/8zspv/+U3vtOzbxv3a+4pboxuXcncevav//A3UcHGW/DrwN69e/ZwH6wdHtrSTwiJCPcforehpogIJcyREf5rDBw7qy0JI+CsSSomQYZZqnbp0cK3wWlDi9+TlqgCPasM8UBwWkw2LhcpLQYpJQyUlVWWoMYOW8IG8MiwnELQbqyCXKKkwhQppShKEBLgCRuinB9SliqlSjkRleOD4gr+YFlZIOAj3D70qDZjMFgs7hJl1BYdjD4dPRZ9EBVeiwKl2CZ+Qvy0+Jj4ZfGbYpFU6QYGqItGioiK3W5xlKCtoRDK9Bzo14fCoYYQTCpCrDecDrFGZzrEMDD/M+lKrCXo13gyTjVK/Z6w7rI+bRWE8Z18zic6DW/ILiuw8iP7sfyqCQoc+GxvzswEtuSoGs2vc+Xn88OzcxRzwLLyd3AIOjuJFc2vhPEX9BOexXwrDOHOk0W+dgPmzlKg8rBWcOPI/b4jY/T5IzPbjlDpg2Rf9sRBznMQYbYeBDfvj4i8R+6Jjwg+vN9Hnxib2UaNgmXZo8PD9OucLBSi33tuzzb4tee557ir3MGPPspu5u5RG66i7Ukx94XosvCX0MM7cnHlf7Aqh2Mh5a31VlgpgUBkh7ZrgQysIliiAgzCpKQRUeuCfqKOsILVkxYZg6LKIo/Lj/x/NWGG2YphIbMQLYK01jZfwHMS/aykSdEaYylgV2FGDFmTobrIUicUabVtAFnmWpHHVeYsq/HVemudRV6T1+fNeH/nFRBOxml3ss4u54TzmlMkpbxOrzNJwHi2qblZX1xsTLLBJE+HaA+CYFAvVlbAiLWC1arVhNtNiAl+Los5LQaM2C4mCTEjHhFT6AaKs1hMyWRK9P5ERiKxYfxKSglvjsneldFPy96UkREZkMEQu5VYCND0hX3h3YW0lFqoZ61mvUOPPr0Ypk4CaiQQTu+iwMvUmxRJscX+NIUMLoVB2TYHYjkLmht82ISNH5bE8OyKyKbNq2Z7IzFc8kESuCo3cIsh8WNzqLVX8YY2Z20LeDZRlSH1Bt8XTM6GrrhfeGcunk2eo1CFNpvQspMqt4ZPeVxVuEIR41NdTSmUy1LDl/sdlYK5BNpgJzcTr79JTkxQ3pkb1Jiio01xr54kx2fGyegXR/rB9CGyT5yd2AYOjmoVksYOtdp/m6u9y3XT6pGNo7tH7m/etm3z3o309zlndoS7Vt8IYB5FjoCj43t2cheF0/eryfbsFMIqHqUPmPfudO92xfoHkr3F5v7q599KGLM9h893XRwHXe3PTPZe5GcisgX8YjtRBsxskUSiMNjtML1FfWiJlmG0HocDz3QNslK3Fn4bbDaSpM+D4bMKhc+AGIONrEWlMrpd5x+cmLQsgjeXp2FigxCDedAHBxq61pu0FosKtc+MGTTqJdainSG75q6GllEajZ0oseOhCIohcsyCBCFRlthKwiWdJVCkSsTQYjcicmwxQuRogCGCKCwGg9BI8ouwBbCkPFTEHFAxfsEIDRTyNetcPh3A1OuYdz3FzwXmGl5JfnOOQYC/OTF4GFMd4IFcPn7kkSc1BuhuyU/pT7gd906ckqnHj+7L1maDIMHt/8aTz2/bbaectOL+JzOvgPpXxj7kTripvz8888nnZNcwM0re4N7mwBu9k8/e//+o5aNP9tDrDnOffgZa+7hx7oN2mBIWc/8uek94jkiBv2TdSiWZTNKJRMzpLLGUiMVCq5CmK2F2UVlRUVleXlkZDsRQ9qr1uu32GqvVotFq9SaTxeOxWNC43jlWH/KUeS7hRqklR3FWPZ0xmZRyOVT4BVMZlIfyEVoSnu5EwioxGKRaaBesNituesRsUacL719GMmGXnCFymyw2IH3aBeSEzeWyEXJaGygjfHYfqfD5iLLLZaSSKqORWMCkg0eOFEKDJBRqNbh5oSG0mOrngQaENUCD2lmaQgkk1/HMl0HmJRLIIc2i5CJ4xxxfmSoHyzg7l42ezacQ4VmOUmw+YNiVi7tUOUjSwh5a7qNwQmsQ4M4DgALgRqN+An4KlAd35se25yN34G8YeAk/2MAt+ANY0xzMfpf7cO1TQPweSd99QCTiA8k3uS+C1aQAlM18RI1kFeQnM5eoxqNU68wF8m6WoXbOfL9nzz+Tq/bdvlzfl36G3LX7W1xP70Bfb/cavfWgNw00z+5sbb4Ohve9se/Kvtu34dUb+37z9DD0Y8Xcf2H0RC+eQF5CLCNTrErd3q5tsxqNerteqxV2M91YxZcmKirCqWQyxsTQDlg83hzEuYGMWRpkmOBSqlNIK1DI1Apa29DUst3t8bRAMRiY9obNxcXCWtSCq0PDo6ys1e6tq/PaW2lZhxh5PAyDv/qsULg8BxewitV0sGxjY4fP1xGqqamvSCSS4SQShBSRBLFzmVQKPo1qnZIMy+rTdXUetwc97SY8oGoq43bri/mOXTGaZzab9WG8e6XNtKvV2ra2eCzmaDFarXrG0eLghwQlYnFa0bK0u7vDH/T5/3/C3gW8qetMF95r762LZV227rKsuyXrYlmSJdmW79vGGOMY4xACiBhjXEoJZYhDKKUMJR7qcV3XpT7UQ11KiUsZSjIMYcAYhmQofyZl0jRNmEwmDyfDSTgMkzKZhNKUP5OCtPjXWntLFqTz/Piiu+Jofeu7rfd73yDu2enSUY5aCBRMdGEotDDKGChiiyZki428N/07E3CagAmXtaaepTQRAHct7V3KKpilSymVtJPqFObz2dsUcFHgKQr0UkA8ccVBLF44JCAwO4sGPS9cWkiRkQOzzx+mxQtIReebgeQxbb4Hn+cvryOjUkL1YOWIFDdybrdynb+UIMaNG7qk8BA6f/O9XmFuKiHI8qUK94BQYpCoJ847oWsPY2TKyCgwpRVIz+eH9gVeKvw6TNWLT1d05hqxvmijpZPgaqC5sTvpghfAhnVvHQWxxhp47cXX4H+EUyA696uO9fCNeBKoMx/Sk1/9TsC7tmlTx6ae+vWPPTPx1W+YPKDjKLgEdsJR+h1o5f/28N2fjq1un6yXfBMjCneP77FZNm6CO3bAv/zDD77S2fPsz2d3tPPbfvLvYHhT9mU411EDkuB9WrFv/z/8XTTg++qjq5ZvemzBxi1/kfk188z2p3sGAAfa4A0wlr0D//U3r7En28cnOnejCGolXvlFqhKZfCfVQ5t5FU2HyxwOn81iiZbYcI0ZsHHBoF+baqxCP36fz+V2l4alMlnRYqVavVjb3tGxuLREr28y4T1hAn2njVWd/EukPRRGNUrREg6P6s91d3eV1iTqCf10UauRWRyN9nbhl3SBlbyRX7xY04Xq9o7mZJJqBmqmuTnega24nerA4MH2dmldVbxK8PjqnEwA5iylKQqVRM2zaTfncgunFI6yMp/Npq1QhBWyIBfUEiAC2lQlOk2rs5VWM62tRqPJ1KSLNAno3PpI95IlbZ2daKvyp9MUR46gSkzWzk6OcukinZ0RnYuSyGooVNcwcR/+u/yUT5Ce8XN+l58pZvx+mVQmRAYZnsCUYucvFU+sH3b9uTZmqiIv96edl2pN5OBk/39hIH9wndd/QvlkoqDTic+ttIWZYipRJ1bsiQe7nRh1G89zVwgj9OL8MVYOxqzUJEhU54NEHkWW2yK5kFLzBQL2RK5PVSsgzdgZmoafHWpcvir2xn2qPEmbQHXmLeb5WHS4vZ5nDmaefmzsg/+9/J/e/E/Q3xjP7oAfbZ28VQ9OQTn4fD/NZjPg4r3P4RtTU1c+NjUC+x+ha9Nc347JJas6ulOm8M7A4I+/PtDZcRy4JpYs6Fm/vHziZ9u/umPf0tVTid6OZwF8ej282sZKgWIcqOGn4/CzcSaW2QASu74b2fC/9v6/G/f3bTuA88sUqsEvS30ovzRRpVSIen2W5lgMZxk8i8OGRxMw4+MaFa2zSQkzqEtVLJOFuZACH3jyxXlXj3y71+vQOgiYxWMIKoPClImZVWrRV4gqRq8rChWJ2ipk5sQqZJL4gEZEJVIiz/lDdOXzo3vzHlYc1csR6ScEfCuZGcFCJgTmjxUfBeS0m0x+YhgUIGo6WqL6iJsvXlTKpmTT2Z10zczdoRnaw9LZAclWlBNuggFQD1+nmc1w7yvwogFOxjtAuwWOSH2T8MrdkV27JLv2HsgsB3fg0Hp6BARm7slB31VwDIbh7ea2d8BkxoUxqg7kga5Jn6A0VEWeDasN/IbnHHa7JSyVKiwWRXkk4o2dAxt5rqTU5SrxmKqqDOGQVhvQC1jmEq7EUIJqDgx8Lq4vltfhK0k+2ZLATZJG0Bg+BzbPBTxeb6AiQLRGi5ONgUBjsphtZxhNRUWDmsyA8Jpy9P6RSIXHK7DXeQlc1ONxVJVUcBUCNNnEGfSa4mKNnlFxDSqhIVKXaEjVNFPN+JY73SKnhjmgaYg20JhOLorWjuUYroGiGjjGztrxezsoO3pvQ/oDB9A4QCkj6EC1YTHxl0Ad8nHs/XO8PrUYvZKlh9hh9iR7kb2Ngfr3L552Bzvx5ZzN2SnSzFVUiHJOiZy8+APhmYwoi1G8YHwkR6ejLYi+uf50nLAZ5PhZtQIl3PwhG/5Fig0SjQuJvsXbwsvxy3KTgKQxTQxOVqD2xEpkXp/IBO5Ddkgk3NxSPYEwYBQD7mq/Cj7LviBLZY+Bz6bunpo6Sj/eVHMgXMGehfFnzoIgWLQKnoR74eHs694Q+C2o/AO8/9hiKKXb/u3WP27Kbqv+ezAIDzGr4CEwePcUvg4+w7/ZP743NvZe9nh3946165rb+LFffzf95YNf2zW3qKs3vOvRx5/86lTrou1Hu2mLcJI7/B4+Ww/B/0IWu5JyU0HqF7OldnvQ+xL4EuXDMuSn3W5Wim+ZKA340pzPFFSpkMmhq3yQovwePy4NS9C+Z+UaDyoySO9j2DPpmfFIOcZDFjfQiS9n0eJ67AJq2Y7dRmmpQW4QHEQw6POhQucpOZCTyXcyDFbAtSvykeXyMGGWTPAFmH+anHhh74/Ft4ycLPEwiIRQ2ZJzUoJzJ5OEzNGjgf3joHnUYFD2LtdZvZ/DEXg3mr6QfTPcSXPnT2V3Sy4euTd2RBJ8A/7+19m53Xt2n3NZz42+fYf2/PJZePXjxuWXgeIj2gU+v+dhu+69QBFuZzy18whlRglzK9iCNgGtUBgT1dVmFafCPUylUn4BrEO+mCcJhRXt57o6m+MCUV5pRL+bUN0/yJt8RrY10uTzNUVaWYl5gVavN0skOcbnszxlBkrGnJcLwCggrbYlbLG01BP2O3caJTb4KKopqokCjSRq0xiNKrOZQn+OkqIkUqJcFU/bpDap62I9oOq5elc9ZsMaqp+sn6k/WV/EoysX6y/Xs5p6Zz2tZOqVePYb/xcTVDWOAIlEmExtn03fd4GoC6Xa0ae3PpATC5DZp7cKs4PaHCl/HkUuYCGE8F14OoXdPXrMSsr9eS7HaLSOu4XRr3jF8SWRaasTUvQ6tC1NZh3emkaRHISgv/XljA8ZBDGKL/Abi+zGeaPIbN7yaClU03u9z+7486klayevBRpvfWf3j9jJae+OjQMb1Ep5Wx/HOS4duOGJ74U7Q+1g++geuJ65PJ0dmGZ/+Na/AiNYMr0PNsAf/efvlx17Ff7yt83L74DV90HwCtz/+7+H3t2bB4/ZPKcGz30MvvfMKni9sfO1m2+CC/S+e72s7d5ryIYc8LfIhv4KedoWahFYzxsxo0x9SWlpTX2swttSsSjibWlswwnpArRFB047nawUN8tNsQ4cHhaRI/MnTldXRzC6jNcvMi1g/CrVYn99Y2OwqtldzkTQ08/y/uqamtKWeUX1M+mSErIl63l7etGiBQvMGkoVU/EqlAyq5GY2lUjUV1W1uFqEaewICne+sNfnFeq4oE/OulAyzcrZRp5fKGC+/ZirDQ9y+wlRhpLhG/F/rh5ZOsp163GMqBcyynkQbL6vPQ+rznOIkoFv7hIGl2nrCn3E/HAgHrjKjfTn5KNJRzvnJnLDpblUkRRRCS33pyyEnNcg+5C4a+YzQIPg6AUTY4QDHdF+JPRUYGTL4HqlWtrPqznXa0evrIbJ3hBYv3XzvRBIsvA6cOwHLniNBe1wlpZfeG/X1OG+295GEFHCd5hO5vWpbP+URAPfhZ9egrptG7ZNB0x7h165CV6DO+DB1eWA/fxdcGJ2AEjHwDY4MTb19hjfdvLqtvMvwFH4Yc0KsAOcYPbfW8a67r1K6qEPZJ9Ln6PsyJ03II/0F7yq3GK1GhPljbV1dY2ul5AvclMSsG7WaGRsuLd9Crkx3DKwoWRh3WlfjIthKploQ5DneOzAWsI4CZlLtgSjTBNJMxRJn83NNiqVC5qwf2oC/af5xsYmXHKoUOLX1ORo4Xl/GVYx4+fStbVlekeZgKA2MeF4NROrdLspH+dz+Rgl4/NFY7HKYDkmT2ngbWkUZKhKUMxU+v2VDCPDyDhkRo5k0mLFlmRBHhSTp2gsTguqgywWvUwvdMnULmVM2ascULJK5VrZUzJaRkJLITRfcFLzPNPEG+W5TvKTgea6fClTUNFUFJYlt8iwC5nyS4jFiUA2m4tMOSpZbGp/2tKE8JQzJLFYr32oTBeKjZsHbbu3bN5uUMs7lnGc9crxW2PZm+FGektICQeZjw9muw9mrtLjG4ZX7N25bcPI9KYdJheoOQE/nuheNtUr0WTfnMxe3b5xy3GX7cQm5IeOQ/pGc8ct+sD79MZ7Mbb93suMbnJq9uiWnuGdG7aNZjYx67dv6elHNXcz+LBj54HuI5SEKkd57vvSl5CXiqAstxHluE+etdpsETfnJjysIS/nbS0Ca5HhVYFBlAr7wRMY0HrKgyE/g8jMJPhpxlauFVOh81QzWs5mVG03NXAN6IVrkJeoRi+soVLogRQquGvreR9TqcawDFVtTZPREw/JIkplO2E+T0R4HO2a6xtqUz5vQ8rrTTUwLqqZa3Y1MypUfbtMTDxeU2NLRkKRUJRK8tGkMGLPRJmozIUjGS5N/BoXUDGufBerGXexRKNSptVK5VIZtiZGsKaHBAHmB6aEMxChlhE5hIUqOMdKLH4RTPYnhUZUOCol+C0CnxBupXJZjvQLSU5hPANuf246ABuTL5fyFNDeMCdnisq/uwsMjnIGtmcVZ3J8BjfcbfratexdT4ymL53PXJDs3rpzy76t3wF/e/AudRDoJMpDmdih9TtGB0e3gkt7tq6Y6KX/n+e/Dad2bNk24bDu237+Q9A7O/Tuts4V6189z5zqHz/W96Mfw17s7pqzBnogOyMZXb5vpP/wC90HxldN4YknB/y/smZkRT7hRJhMgqZ4nbY+qTVaJH4maHc6S6hyDKHeSIXu354LhSKxhmoLBouVoOg3yKPEJBkMumWMN1qFAddzJW7KaGwWoRKrz6BUqTRZSjrksWSitr5W6JBEKK+3vrIuWCdgpj1FwaF6EEOJUDKWRA4mWR8M1icZp0Sj0qsIJQbKwJxObBV2ykkmlEpK7Liutcv8Er9gHYyAn/5AQE3PW0cinw8Vci2R1Ogh9HSuWY4rFmGqUxTurBOmhD/JyU0TjZUCUkABSFMApS4EzODVJ7mQVjgcwSjqAg1PVJwg63CA7R8ejsQZT9962vXh8GElt3fbSPbtQ9nfNByrb36/vbOGPZXlVwzSr6wH72ffpiPCT3YB7czeAoDWsUZgA+PhRxbtXb/l3ubP2K7Viu2XYBy8Cf/mbHvbdboe/KylMQ6mtmx4BmZhBg5hRhvAfpcuxReES/P3svekP6e8yBn0UeuoL1NPUn9GPU138erarj6utqEqEA31PaFYQ9Q615SVUZSjobouXt6ET1Caux5fufLRl5DDeYKKgP5TUT6EKTPDT34JldF9s4a1MpkcD8n337892z9AAPj9ZxmG2zj41FfN+JmWLdZN6PKMK2pr6G0nQAOXpd8QfqJZ5ujpecaGDcoGVp3hHY/2tfYRJulG3scT7tk6n8m6yYo73cXpwU3hUMiXClQJtLTVVV/+sy1/Jjy0cQtaw0hk5eMrBeb5lSA1l3788c6O7g5y1tbV1U0GXtD/GR75LCv7ytNrnkYvPZt2y9fIBiQD+G1iaWoT4Kt6qwaqhqtYrgos3QIo9L0GoDhe7NtUtaV7jUSypntL1SafTNcqDK1EhKEV3C1Ucq2u1t7WgVaWauVbh1snWy+2Xm5F1Vqrw2ZTNjerlRjghrsAFk6HLVyHtU/eFItxkq9/cU4lPw/3tEjMUzhSKuIZCzO1RLTwbKhAxnYeaDa/B8yCdGJ+rDlONLu0wiyUwB1yS2QVExtD8QIVL5HrR9gh4gQ99p4yqX+eQURbVrhBtGVCOx09NyHOp5BaX+vWu3MS7CJ0EhOOlJOBljLMjivFdGL6MmMCX1ajH8t74xPBEPjGD+5fWtEn5Qa6B2b3nNL+INI2ZbN5mD3gyqcV0frOobZxS8k/ToEN8ADYDzdNwYCBGZGq1XeW71Ryk8s2KxQs/EsZ3/Gaiz/K18j+T+a/gXkfvLEQGSH+B60YGck+8yloK1/es+vde12v0bQ0vlzRDzrgXrAVfvufkvH3wBB9rMwdyXwMXM982WO9/Vn5o49cuTIGr43BPnBEcuzV43eky7t121bv/KevjQ3He1ZvXvlz+O6Vr2XOQrA1Ayfg9gyqTvDc/lXpT6li5H+d1A2eUxeriyycVqs3So3Fds4uJI8W5In1NquUBfJzYP2c3llU5DZa8R6ygtW8jnfa7E6rHX2ZaLVSVkwVC50AlrIoKSWlNZmMwh0aU9S01IQqEJNWgFpqkfMtSRcV3edAlANruac4mrtN5j17aUATzpqoAFQQg3I+JtflLEwcuMzJgaeEtiKyMTICRVRl5+VBovkjFsEATGaWnC3icqAGCEXADN1xnO7Kzh3Pnj8nlcOLlwc64A3w8gk4+N7gxO7jzO/pk9neyXvT7MbsxY0dr02NNe5kLJOZ5CbJx9c2bz96inQO7q+UXZd+D32upSgj/xfeVFystEqlCqVaDaw6vd5oVpidnBOzQjrQZzh4xuiwKVj04X55zugGoMwsOqj0ad6tVOMjOlXa4XTbnHhQzWIx43rfmFZalBaK1dBO+i0afag0LWNlpIRn9TodWYXG02kr1qGOx/PTJbmEWeQAmh8KRx+oyAEofIL5D7Dg80toc0f2voIOup5kLV/4II+Dz07Q4ew79L67r+8wGC6eTCVHeuA18Mok/GjoxsjLo0XSkey5/ZnV07R1Q9fIRKx9pHOMnp3OHNgo2bH+xq53h1Fmis+Adkq/icyIowyUhwpQ13mF2Wxwl1itNoce5ZYD6H5UOaNnSPH5BipY5OVcOTZcH+VGJbTNV6YhDVSbXGlgAxwXcpThT7cM5xMBt9VoFYpmK2Y5MxvxATxOInzlRmd5udPIlMil0hKDoYTjSnCJWxIoK9MKBCXqTqzo+KI4/RmNRyviAgmOeIihFdNDgfkBu6+CDxj5wdznK0zUR3MfslDBMqIr0gKRzBcYzMJnjAeraoSmCFM/3dnxenvHKx1tzLHpaRians7uUr9+rK/9UzC++fPZkYmdL0i/kbkFYxDeOdcc2X/jOjjGeD7fKwv8sYdOrV91/IVhfgd9ZDLz9oCkfnZq++E5VGc6UOy+Kv1rykgyuSpQy9ssJotJ7aXlckqhRuarlLIsZbPbne4QF0Jr0I8lWQkzbx9Vjnb1utNclItiMuyIQqn04hrT6eTKmSp8PDEXjFBUwh3GixAGab6Kr4pEq8JR9OXxB0NytZTjaD2rpYwhrdGoDTHScnyOhSpCv9/jNdnt+ODvjM3mlnrchGfQYjKxHiVGnioxhQdOKNil0rXSp6SMSwqkRFZBQJ0KTUeBIVcceZw/8CpANOXQpfNeRSBCECvDRGFmr3sIy5B7LVpGGrDk9JYiHWSKqdUBVPfN7xaykoI8kE9A4rd/DU4BBmzvqoHjf4R/gPvDHeAZAOC3Hj/YCp4E61ZmTFJu/HA8tK35DpgYB1eHh3fsHcmMTk6N7t8lVWXegot+/51VPaduw3sv8qt++kfwK8ZtyfrhcvAi/d69/hWrNuwJJXe1DdNHpzJHN0k62l+9ugzIX558YevFcRwP7pfIPpR+GxVLAZR3hfhiu9Gu9TtdLo8XtxNmtcYwF76AlrsCLfU6tB3lYP0ZhaIiqLdgRVStJ1JSEvOKFFareT0fiVBBLoiWLmiqCIeNPhwJGs+k/a7SUvs5wOMuFaWjiACBjyiiN6ZLdT6frpTRaExOE610mWIm3sRwJpep1zRgmjTNmE6aLpuumW6bFBR6ZBjddRHdgVIek0ug7nCRjpbTqVHI5YyGQe/6d2lNfr5OOx9Mnt6aK+FyvBdE/1lsCwidqYKYgilR6+IYxyZolUcLo8oDBZzb7cGQNuwMy/D8/ReCDHNuEsA5i8mwYpnVFYY3s8fuMAczHDtxMKNAMSezt78d5dEzO+DrQswxZlftH938hsdyfvwKoJhNND2V2T6Qvbyx/cTW0eQwo57K1C+TSsX4I6HCyGt+LH2S0lN+qppqoHjw679Hlc66s36KslisVhOGrdskzc0yPELBq/WhkFalLS4u0qs0miTertFwZWW0Sk90cf02fTSqt/nZBpQgbzjN1HF1GMCmSqWYIpmM8XgYpq0Gr3kNXvMGvqqqoaGmxp6sDFSiNS+yG0k+HAr43AINj4/IRGg7fT6rBfDaZk1jI1UsUeGJeswfGWOIUL3ADdzA8+lUHQdcKB2IA6oOBADKGOMgwMoG7EP2i3ZGmBzrtQ/YJ+0z9pP2y/Zr9tv2Yt4+jB69bGcJm5S2MtaJ8W600k5pQIzBOCwMhFepiigZuo1n/jCh1f0iEC0CRdjRF4nQKJG3N8/Qi2f8crgoMkshPmXebxDEZFxk/Mk1mQR2KAyJE1EjOQA6Ycx+6CirgI47KhxZYZZtgRVCULwXgSG5wykGuI0cvqolU7d4AsMzb3ll85aHftfo6dfZtkM374OvdCThj+F/w9twIJkE3wPFN5+kP4BKeLKmGQSYcN9VhRR+/nLmAquAt0YH2iHYvwd+fmBiYt8wI/3ylXeepf96fBz+9S+Pta3u/Mqr577V1fHVo9dAA6Osh5OzbfXTQPk23Lh6WdvlzPn+5ac2j7RtpV+bzIytkOyZPrjt5ZHMkfuvHAF2ividdbJryO/oUbbkB92zBpMJuHAnqLhUrwcWS0lJqZ0l44NArdYpFDqdRCYDPs6H9Wa9Xg9BAvMKSSmQSEApE/ScJ8PWq3mNn7fb/X50XYPsVO7CkcNVYjIoxfX3+mja55M5HGSWmktTDqBkDEqHQ2lgKHmJ0JUswWJBFou+WCaXCSctGM4bkw/IL8olGM3bi65Oymfkl+XX5LflRTkhERbDzGklI8fMeSgV41ghFROnRYXzlRxKYr6RkMd8F8xDWERGdsF6cnAiAT0h6l2JylY5pyTgkGJVEmFulBxxPpCwPWQYtBWYDoDm7LAklb0JLsMYnbpbv13u+HTX1sZPwUQffO+j/ond54rZZfdOSOamprJHp7KpKXq8Y+PtvXuWb6O3TmburJLEbm3afuQi8kCu+4BEEg1lRxVwkIqixeOkOo1OpQnYDEajuURRIqZhfacdckBYOVRk1qb/lJ/x4Yd84InT3kquEudyYZQNr+OVZrNX5WCjCqmLc2FmCn/Y7a4qCeFnh9ByW/iojnOUlfkDXp/P7QqgL4Yq1lBktfVpOXob9H6uSkbJVFYyVmuJAMmxUdaYFS0UR1mtFMcYWeNLRHPeiCJJcdpgUGF/oIoKisIY/hBiZYS3GGNsomwLu5RleBbEyHE3ptnMDf4lcv2i+dWtK0TN5o5CcrRMCfFXYc6RqsspGKaEuJMSwTLzebnYMgKFy4zKG/OD+78QLi0seYwey95gr2av0xPZbYezO/aj2AMP9bffBVMjzMnJXfv2HMyEdu/fPjGavU4CEf0dRrp/f+budJajb19d33lqeLR+E8NOZlb107Ovfrjqnavg5e4rb6z+nB4RYxFW15TI7kr/gpKJ1RDOLJ7iDUpKzaldakalVst8pCQqpjHNLYN5pSk7sgqbh/NgYGOZAs9WzZGhEJloGKvPavxA7UfZyEskG7Fi80LrpWGMjE3mN0oiooGUVTidMXM+I3HwEb/P53ThVojLpbPqlXqdWoky2TIPjmS5vN7DeBiJTiEhWikocSkiNVcDb0l/VwlYJVChkljDKBUW9M1QukhQJOsKBimqSDiy+D4FnqV+QdEPUmVuzXcRhT1MjsLzO36+46xN5OwhR81RkZO2zNsFtgr0emIY/WtQEbGmgDEzn5wgM5uf/SBNwofyT1+tSS+jgZkgasT0RMH2HMh8eICZzXzIWDPlCm72cCC2nYdg+gjTvOfWncnr2QOjt+B78U5ggNZXt40fGJeW3ruxYwczmd0GZ5YvGx3xpnbxQ/TsZObETm4AwiubgRdsH4Dvw2uxxrtS02t7tl7ahxY7AP8ouyJ9lnJReBZyI28vs5aUGO2opHJIy5RRfyAQChvDGo6TKxR6KeHgSHJJvOgJ7FPmQokqo5mxY9STMlTjcKTCVXitq7Dv52tqKDKRUaWKBtwBARgXIM07m9NKmZkSgD1AHR9M+61+VCjrAHJPnJP7HXefYw0Mx0cTnRx6H660U6NRlblxXlI3mzZJ9BKSslaGhXCQSLqBvjKZrNQDt0TRonpW9X0VE1X9QnUfX7yo+p2K6VUBlULucMixK5FTYpW4Zj6XwN4+1y0jvsP6GwyU4H7zdAG2HruKHBYmFxIK89P5mp3AT3GlMn80mi/io4I8B4oKAphUII4iXiN3RFXue8hKhHqTlTfvPwp5+GpjCuhoB80mYQC6WBPsvHS188jcoTPZf1Go949jW7kOdm/68ODMxJER8NtRlE9M3aey5+BsdwrYwPvMNL3iQNIED0/DWPeKY9092Tt0zyPf2dA/PhpI7WwfoCemsuwg+/GBU9vfGRMx1h9KvyHms/Uon73NByV1dbJanLQ6zJQ/5CjCuSilbzKr/CFfkqSvniqbq8ToxdPAPqoWDFL6+7fncIrbzDULSOokyn41KLn1MTW8p6YJJbJVDdh+Goj98EIK6wsFyvwGP+kAuwxOM/YFdcgX2CyUlbO6rIzGarVgeReXhiljCNuACmWZuEWjUhVriygJ+kMpGSdzydDjBIaJs87Gs+mm5mYqLqS5jWmNwWmgVZcNgDMAlyVmoSkLZ3FZhiwnLdcsUh0TMFiK4vEiiyEgAYKGEt/QAGoZipglH0i3gKUoSwY4WUZ3xgAPesEwmAQXwWVwDRQNgZPgNiouMY4nXttJLlFaDMiYkBi1xLG0ikKVQUFDXvRQVErsHeGfOEld8sIWhU1fgc0d29u8zxKHiT8RINDCIHGOuiQ6nz+Lg5tkTxRAo/EhquSBpNfPPDQHgIOe/8HcBuM/xWg3y77wXXjjv0B7OADHIYQfwz3lMbASMP93y/N0I7SAm9O0NfshvSM7Np19NU4rL+3pa0dV9jL2VDa27V9+f/f2kanxsRnJP4yNfnx8g6u7t+V7o6t6OuNP/ez2Pf7O2Ntvj90Zg8NguL57YOem4eatDDeZaUxJVv/qL/4S/MWRI9uOnyCWjDFFf0PZUCoiTL0d5APyqFzfEXWGQ16be1FHh7R9wQK9NOTVlrsbwna7syGRTNakikql+IAfUOVgYNZp4zketw9bkKkOnK5padKT0/saJ2DatNqulHh6n+YNfFtDsjJJJbjEUGI4MZmQBJkEXnp7WWdCiHf6zkTC7Cy3B3CpNBtLdIbtgnR0OBwK8eh2IHQOTxlFK31u3HKpP5WuSwk8fqggUzKBSk9dnacywJopvVarMqvwBFFp2oxt1CzyBi+iMPWHiuGLbJRNYJ1f0N7OtDWhPSfFsy00aaJhj5XIIYgwpAjVUm+gMjyPKc2dUeRU8zDuuEKozyoECxIRZvOmVwAeEQt3nD/NtzTrcsdugoxs9AEqHXd5dUJqxjO/elPBKb/HTzM50itCeIWV8PQPd3aI3QlHtPR6+j36EEuDW9BoeL455FEbFCt4q8U1NrTlDUfW4/3hX8Pr9CyEP3mehV3wDa9COTraHBrquAmGN8Mrs2Mju49LzvXN9G/ZIin5+/9968i+zCn45sbena96dNe3HzuA6rU37u01WOnNe/dm/8bq7O3uSNHxoWXD43z9cM9W+trezJGNklUnD249eko9sH310HZhRu0PsndQlo65yiupBPgqr/MoGKVKpTOgBNof1AU5iQEHXeDB/OTrzpQqmCquCvvOGBVGt/2xiM5pImoE/lLAJMzm6mAEm14ErD7NJ0TCcRfK49pOpSlcZM2mDZQwGaJIx6qq5KxezKQrUX0Udi11AAePMrCTjosOWoO1HYs1KL3GMBEXFWLZEOVySHwKnwBe9iG/V5YuLTWb8aA87U1EIgqNVP4iCra8RulU0sWMUqlQyPH7G9ItChBV/EJxX8G8qPidgu5VAEWhiha2tt/gUXJSTa0hsMVCCmmRxO/p3LSINi+DXFFR8WBnVzjhwtYmysIl4oVd9IJsXRhr8pmlQvwtyNN8f6JIYxTgQnYXPfIZ/Igz0PvpgPc2fJ/enJ0Crx7Mmg4yo1kT/VEmIJXfOEGy+A3wbSFvfxL0TIElGnVXlzW1z2yEx6bgqcz43r30hzD1/uaO/XtH+W2MbjLD81JdPnMXToe+TWmpEsKDFqWqaeqMTWvTlmDqs7Nuh9PpLgtZSHe9RFlZWRyhUf0tJUhnrrg4gluGQKHg1KSjhBVo8OBTP18Ul8ni8RjHGTDGzVhhBIRGyF0CokZjFJS4JbUxbEQxsHqumi8rqw6ZCatGuQ0rIPCn0roguR2hKC25oqa8ZcKwURw7OlcCFXiJBFtJTKueX5xWsiG+Ktl5MgQ0oWioJcSEeKevM6pr0a3VPaV7SyfR6JzoBqPRRXUfoAsKKDUsSDEhq47ysqyX0llDUqfcKaCjnSTclgicUpgBnTYaBay0QFCNyYUc1bGYXOgY1PPuNG4P3Mazv1hntFc+LJ8kLYJr8iJBbZRQwQVjnS3ypcLIZYVol2JAFhhm8CTmQ7KGQgWBnoup3B7gLs1lk0JaSYaW5psHuNdEGk3E53Gki0BaBhxR8dDOA6bjOXi12NTG7ERuQdpDRsZ2RY3CMuYBg/WREXLGLQbfTrAsAK+DKjfcI+GyEhf9tbt3N59kI/szcP9qqfzS6/3t18GuCXZjBjJ0O1SX05a7M0LzMwqs4zcnJm7Cvok3s96dO8HHG9t3HxYNtr7/ZTjHdsEPmVX57qcL/l52R/o0ZaU8yE0lqXow83dWwlRlU5Xo9VZtVCnzsUq7VqOxs56oz0iqDDIWARJubJKeFJfCraVaoxmr3aw7E6qtliXtJMSGPICpdzgawznxQRTY6uureZO1s7q6NBooyxcaKF30++Pa0jhhG8+zWtVjeVuR1l6oITBWyePwOFyShAuncqvStakWXDwOU2CIAi9KwKTktoT+IAESOKaWUZLKRCqVqJRQZVJNS+nSUvpUKbhYehlzzMRK+dLe0uHSydKZUnzXtVLFUOlJdPV2KVtK5HaDic5Ss9Go0eL3whxYAkIb2dDWeUbcCnz6/3QhbXSB2liiYNJHrEUqEuCLDjB3UhLPNcsfTO+EeJ1IEauaV4v5AhnWnzIvsZLFptVB96np7FWJPHuOUdA/zu4/BS53xmH87/4SUrFG8Olw9vXDbOd05uY0MjS4vb/9FhibYNdnbjKWu1sn946PjIN/e+J/TUzsXzEBZwZX8N8G++CPzjW3HwLNbCa7dfXqbPPG9qPrR1Pb6Y8nMxv6JUp4Bbyz78i2Y9OUWJtcQxkd9o8tWCsd/CNycDW1tXUNpJ217nQwGAW4BqGpCrCeKr9/+1R5uYR4PqJ6voYvXlyqsFtxcxqrSw7MadwoU3IvOi+Ql5/uiEfK8NO9C7gFWK2mjWpGjrVucRuvJlR4tNHd4a2TLlQqlzTw+EU8yvtK+IWLu7p8HR2LFvJ846JgIOBbtMjXXBurxeZZg8qh2lPpGDJNHrdBaS+tNLOeiIfYJGZebUBVscBGNBxjI7hf4mwENbFII/5h9b42agFK/RYsqPT5KrGLC6creB/gfDEf7xvyDfsmfSd9t31yjAUd8F3zsWrGZy8t1auVSpleJkCsvq9/Tk+v1T8lqFk+PX9AkyPUKmyV5VruFULeJ1JoVcxbYMEZtVagR30g+cvXxQSWh/smeMRZbKcJtUhd7jiPHOiUVZd9EdlZRudgefoyYTYJPWT+E12VwtxPFtl/fnBsuZpj2/uVJtv5i9fflqzbAl8NJ4Flw0rp9/fTQ9/41oGRDa9kzjGdGQOrOzQdCW1tvgF2j8JrBw6NHRmm92w70TW6UWLOvNGV/Wxr/6ZDNtfYyAsf0h749399YW97+6bDzwJfF5M8caNvbngCRuDLbRt27Qokd/M76Nf3ZcY2SQ5Mn9z6zohj1YUN/ftIbL8nu4ys1k2QerUET/w8r5cq1F6pWuc1Rsr9/mCFrsJpw9yM9lgyxRiwDRspC+6JgydOW1u4FnwU2IxyvXVUkHKBtWcYjmE4cJ6otfbxKoqqsjc36li5sq6aI84zaDUyrVVVCyoa8ZMacZLY6vGi7HA2rUkkE+dIw1WZtFosqeLaVK3Ae29qkKeaW1obW9AXCIcJM2oovTYJNMmlSVoZTYGlqe+nnku9lfogJfEkU+FwKulhY86Iphzto3LMil5erjca9TE98cTIqJE5x3DPzhbvjMkanIRg35S222xOqhcMoEL5ImABYDVO4KSiRFo4PzhMqA3yVBmpB4zz6UJCVQEVqsuT+ObgUA+lihgClRCyTnIulAOIYlSAGXOsFqLbE9F8+0ZW0NAXSCFFYDEGRZWDB7ylRKSUrs57Tfbm8Ja+UVoJOSLugH5o+b1z0x3dbfVAd/7QomXgdl82Qdve3rsTB+blYBocg6tyP9n1JDRLn+jdu3fZGHyXfL8zcpT9w+Yn28OgH7wS/+mPfnLvsdjo+amxzs0MNZlZ37UbhMdACH2Dt4VQLSX1x27ps8iqSpH/JBoQ4AJfEirnnBWRkKXcEOCarE57RSlApUKi2oI1Q5q87gCekLA3WvFgfGlExqCkE0/Ny1q5VlwT85i98nSCb1bgqXtlQlZqb5IsMBgWVjefJ7hkrJ2jKUWZWmkJ34hKlNRcuioVC4dRwtp6CpkbEbwzVdgqzhG1nICNb22laohs0mza73Q5CeGQl7SLS0sdnR7X2kaArLl40gYoF+fiXb0uVsWQQV2TqaSzMWyrcblqbOFGCSePxdQUBuU1nME00pwEu2OGkuCRDYZR41wZj/VxOIfkFjRjI0VhurlZLtDJFKWjcpwjMnJx3lLUfnhgdkL0m3k8X4Ugfb2Gu1SReOBQEguSoDtzxB0iRRyIfhGj8okorCeSCkXzJw9CrazNa3yCXFPxAUYPHK5RCH+oXwMeyhiNonEyPHwlXgMM7OU3tl9SGN7pW5+5Ra+HgYk+0AtvAsskMMCPQW/mMrzNKi5P97W9BzZvYl6Gs6D73uDo0ZGDuyU/y7yenYOXO1NADq4zb/7x4vvSrl41coOZc5DuY3adG75wYfjcMLyyevn06J7OzfTgROaznk1QcnhkbujSCIrVDvjvslnkIS1UCJh4rcfvdwVVbLE0WFJikTMabWsR2CSK8rnAIGWnFGDwbLGm2OzzevU4LhcDu8VgCFukcjmexOU5Ht20+D2eoMPisJSY5MI8thzUIBuTSimHSUtRgnAC5RU01L1EmsYXpEpU5CwySDRCDOkgdmDBYvSf1DAKhUrDqliSV0ZVS1W0SrSMef40MUjmlBOFB/MHjyIVJQG1i2SmWrGhHBcY0j4h6n4PgpRFRrRa97zTMeZB6gyew9JiXCYrkVE+lMmBJH11cDrb+Pa1cBeY+vhwczNj2zNCl8/c2zbzOS29tf+wDrwB9m2Cq+HIVJYNsVWDp24cSraDctDVuKxrdGosc5B+N+uAFwaPDgILaIPXRwfeuT0F5C/DKzPdBMv4iewV6Y8oM55qBS28Ta1jZGY1Wg2rzmTAy8cAmbnCWQFMFfhs+UxUyRXh7sa6U8CExdfORoGztLSqwkFEwNE/rMxNl0ZL/XjNNFEnsm+mmInaeYXFLoBqyaRKCZbSwAeD6k6LnuGIwmXqdFpuZrEOYDxmIEIBKUzHguENxQyFoS5Nc3hhKyqCQm/CQrGMvAIva4VCrpEp5bhwRF4oKoxRzrdUK3JCfHk2nnyNpxXna/H9VsL1JI7I42ZGTqyRrKoo54se0OJMKodcIpP2OR7HP02zYs7NtBiE4VgxG/I3M9uyy+gTmY8Y00HGkPmYPpFdxmz7fNcdlHjc2z/N2Ky0FXR1w3PZz2ayrvIkfXNnDcs8f3j48PDx48P44lD2Cgoty0H/yfXHdhzYN/N5Y0+X9/IqooCqgP8hewfFCT0+JwLtvC5QFmMYaygc1rtsDodLUYYlME/H5BIlHiYAlA6tr15R7vOpcW9KpQcxxqXRxF0ms5kwzxbx6KZeH9bmxRYxPjVQVhaKxbShULlPIFfyYXhZebmthPQZ0DOUlIZCe65YbCwo0nKWQl8OgwO/wEY50Dob01hPIGpj9IwNL6gN4wdLyL42mbF316SjJmAyRQ2g1zBgoA0EoBZdIzpxcQlzSiJC0jCv4JNHYZPF1CbyKGxBkzE/LPeJoFT2RfZYMviM927h4oqLKhwECZxcEp2wwrSwwgzdTRuyQ/TkDH0su4q2HsxsOginmdfpN1NZLnMRwsbG91gb6wBbwPAKOAznDmb3e5L0lk0plll8c+K99yZuZnk6mX1DcpjtPVijzh7IUvBkRyNQ0rPvwsy2mQtT70zDzzbyywbe6QM9gkLUb2WH0I4OUfVYxYJaTqWpNbSc1zcvWNC4sCLUyvPahYsWhXwVdRYc6RUlXJ+C6V4hYxKtKrAWVf6NKD9toKToOqAeR7/91GNg7VwP19Pz6CPeVgWqxsSJJMqGHrVjmrkzWm1N7xolfj+V3Q8akiVSn0q11rcc04SUl/tcHk8vtjGe8t2/zZf47PaSBlVFyYIFzc0NC0tVvcsrKpNJY6UH24OL8uADZJcL1duVRkGyQgQgqJjKypSjNFUqEMitTT2VejbFUCkuhRxEKl7j4x7p7fWJD/Y+1ftsL0P1cr3owV5Nz/K+x8vLlwtK45pyZ/lz5SjxLl+4CCfGxemFC1vLe1MMz/D4b2hF1SC27VZsiq0KKfo0BfneJ1bJQ1EG9DIDDM1gE3wjIcCESYYr9Jhy4mXzWrwJken8C7dykmY5P5Rj0EnkUfvCpCa205QQZMSpOkFsvI4Ya5yAG3JJcJSoipqJvxKOw+vEE00tGdyvqcZ8nNiGSYtAgPOXiQKzAqWHGz8LpRUCwB8zHZLsOPGg+8KJiVSCoxke6DfgTOQY3cxOsqBvElyfhCfoRlZnOmTxTmYMkzsPWhvBa/tgJw+uSrOvSjqGunqVchoun4TLakaZw4rs63tt4DWwrQtuhkO7sp3lDvDmzdERMAanFFAOekxKeAx8CtbDwyjROQGWSX6/uqdn9bFjMBWfndwwAS1gGvaCkzWR+t7Bd8HBnoFsUtkYLn/11Z3ry+FHw4OjI5P7R15fNhALb2ljls9u6urYsu1Ef/8J3LMth3+UfSj9CZ74RFa9mPBROfnSpgULGhYmI91LbMmINlZTW9tiSznR3vHKl+GM+VFqKVg529NdVCrFtFNRAEA4RsRvW4LAGYwGXwwymIEY35FC6/diik6hZPscWHmqZQnKhvt4Y4sLaFxOV9T1oosdcg27Jl2MqwE/otIsBsVDi8HiR1vK5HryHj0gmHItlnq12sfL8FMU/FNeMOyd9NJeHEljKJJ6Xb6Uvzboa7G5vCgNUjELmpoW1mm9obpgrDauVdm8izyPLlvG9CxdSjFYDBAlyQw+eWpHO8BsXtjS2lpbU4MKyJYz6ZqaZDxJcKdxLh6OCqE7HCqySSl8FoViNdW15CWQQu6lC/3nleituuJhqotdZF+EtxDWqKpBW1ez0LkwuhBt3YV1HsZu9wjbLWpvsS+1P2Vn7Q/mXfk2bcW86p+4nVIFcNMcJBVHdvEISpvLqnOjzeJwff5OgNtz1jzpIk7R1mAgyJo1T2MuKsyu+0mUXF9DdtMn8ypt4vvXRfNvTQ659Anufzjkyg+xJrQ1tTgFERRYjVh8lUxaC/JSZLdhFKIo18Z46fMsPcGCjfDH2k1em7lILe/gFSbXjq3LtuuzC7Ld9O4ROD5C3xlbsmTswoWvfU0K78C2wHqoGwnPjMZrvja05HKoHiyjwV3alP2I8W7a0jzSxn79DyAB3/h0JLsLHl/ftukFr2Fs76UrYA39Szp89y677d4wbcj8u1LN/AgeH4bLTdbm1TWrj6jYLByAL/7r978TTg0PvfUrvv5zOsUk95yMH93TfI6glODvZTeIJgVPraLW4Ik1eiXva7Kaq6pog6wyyHocj6zo6Hj00VquMoFSukSQpSs85lpZK44Mpx97TLUEF5dLwMq5pUXpL63Fmqx9p7X9g334kvZ7UTG55rTLFU3gS9tibjGe6+/srG3HO4Cz0dqlrHnVqq84zC1Go9WC79TwZqzSSveli1iqGMunNvB16RYDoAxAZTCwjY88+ujix5Yu0WqXLFmM/rbO5Z1or3HMYt5g71y8uKU1YatuslpbzGZHS4tR2BqaFpS+tLTUVdcRBAtRgD2VjsZJRTv4xDlQPZuOEBZClHxWOPu/TO4JETJCXAv7yx5bvry1uK0V30ykncXRYrqYi0UB54w5aaqMK3OVMcri6KCzv6ytrazfORgtlkk01UDPVK8Tmt61vDXd6xvw0T7fUgkgwkxDEkGhhpWIJCPk0ubslAjgBJIeCaEpP3abG1NLrSkkqaIKjj0KmXLJM0QKGcJLIR4RaxPaPFOhQAsj4rHMZK/l2Gbmda7j8Ry8Rsis4jnBYtxYTIhMhsI2q8tx1kTzgktC6vUnVGFloEZvNskwKqc6R1CFtxp+Fr40mVmfVObyeRlaVg7maTHIlIiextPAOn1eHxu9uIyea2sfot8bWrCQZhcvHIEfvZ7tmpLvAdr6brgfhLF+59j160D6+rlzJ+6Ad+iU14A21U5Y/Xr11nLJALjjHOpbuquhcfC7gbbjG5/5+s41j7UbsjOfbt/+KfoH1hQp2K/u2nXvP5WqZSmlEl4AFbEgvJ6hy+UnD257nH5xGLiG8bTwMP6+MQy/8QwtVa9ql0rA1+Eff9EvuTUyCvvh3/3uY372hQ9OB+r/GZhADVBF3v0XQIGqzBBQw9f1jB/YssuBDdXjCvifspvSxyg3ysp1vELicDAuVE/rTFhzQmbBmf7gnKxYo/EXYz2mOYZxUZQXn+qc5YsdEgm6KeRkFErBUd6EghWtZlwuKy7+Gk6ldUZBDpuhi4sxmCeG03yNRqct8hYJAnAaHVBqcCzSeXVepUVmUpJDx9J0i3KpkqaUnHJYOamcUUqGlCeVF5W3lSxWeDrtC3QqRXNWiuaM3b0oM0LO7wqP7aKX4gWGK7a383YYF3Omuk9yauuiEzeTGlwnIRYjqC/hvB5bDStaDbpHAXrjL1iSPwMLsrcPS948DMP0rawO7AZ3XNYshDMw+s9bX41I2Xvb2fE/BzY6bL14FP5Tkvn5CsaTeX8FHN0H0wp97wpWLgUDMHumRzoOV2Ekgen+Itk1aQOlEk6Kka9R0T4nrfQ5VW4lGyLsVxoVUKF8d80ZTRiEscbPGr5IYwDFjEFZISUzuqqwgbHIZFUWv1qtw35To4nieV6+mLdodAY3qy7zq0nt7PdHVCURos1a5jtHaE0xwopWMiJXGfJqmPQWPc4GBW4AzmLibaaoidyJkgbSRS4L2dkoJfyWKjQlzhJayZW4SmiqhC8ZLpksuVwiMTAlCuQnG+bSGoVTQSuo6NNiUvx0gTOqEEUW/s+lQsdTwDVhznuTfIuFnJSRwwgcqjGAMx7Nj7iKvLj5tfTh8Itdh7DAYiQmSmu4rYvuY15mlZkJhpvKjjAT965mVm/ds27dzAi94eWPPvrzb9JSmIQXpePZEXrXvXPwiLRqEo5lDd2wZ/KEjtFlWa2eOdpG788ehzO74bKS0hWNy3vYNriD7gCb4ZSACMBR8jRlpaqpJlRaLKS6wW95n2vxouTieNyR9IZCnnDskUc6IsZAebknHIlojE1as8Uib01hjps6yg4GTjl4PHVypilZWlqswXjvNpUWwwI4lm1rqmM7rB0O2uPpWSjDbV65nCZZJG9taqqra3gkFossigiq4hFSgYe8Xk84HAiUo1xvLh1fjP4WQoOTpEpR1oaK8QCysEAykGxo17K0lbXozZaXQBNK9swCaNdsbuAbiMHojcQT1LSQWypOaLhScimvlC6UEuynZ5FrkcCBpkepogtT6HKYWAcZnr5GtdDlWqiq0UuKeFxt8UXtxNYEQXOjEguatxQtLaJjRcNFF4uY20WgSFRkqxCkoQtgd6k8GjRnU7nDh3xwEuhOci5inpIpz1WayLUFcOOWRDcRgRePfkygVgI3d6IwN0zkXErBL/QI0Sv6gvGRNLCmNicaKH2QrRQHJ30h8hi90kfIdmoOjDz6+MwkPfnO5cvf/BaLos6eQGMzfejtA1MVFfSOb135JXAFrPDSv70Hf2VoBJqr31j3aG9sgNmwP3tpP305e4muv/c5nJSMZz+SSr/8w1lGkrUrVcy+Nvpo9iA8MQbXGMztPW1tB2Vytg7QYGPN6mWj//3P316wquerh58fCWxY97MdZ745yGdvZj4bGKB3wy3sDrAcHr+jUPz6Oz/FPGpW+AnyZy9S5VQPvYfv0LRH2+m17d9vf679rfYP2u+3S99Cv2iu3dXe285oaoHGwzDA5/Xaasxmm81ttFjtFrveqeLU3epueY28mCuW6DCMXc/p9X63kzSIJV1LlnT62xYubFlE9GlQNghQkkNVVVGVlVQRVSSJVtRgx6ivbQrUStAX28K63b2omGvw41eY+ZbORTrdokXtTdGGKqqBa3A1MGVMA8HxJTvrG4RB4epUol6TcKKlRQ8mePRIVUJ4hKoH9VX1VbVUEG2SYNC/ZEH7AmLnFrVGLaBcjRoNQFG13cN4AU3pKA/FmMiEVu1s2i1xSggsVuqMtPhbyOkaX+G3FymK8IuXp62KIQCKAdA4nU56yIkuQa8fLPUDpwJ9P6t4TvGW4gOFBP+iFVhNZEgBNAr0CqdfofA7AVvbRbUDdbvKa/dWetF/GLdOa3l1+ikf8PlaapfWrq1lagUyoPyE1rz+DUHRCEwG82JeBcwEVA7MSvCr+dRRDMUkPqO3rRCfNX9N2FnCnEZ+kitHdonlRQhYJjcIrBVaHQUchLo6grEpnDPNUamK+0+gCKb6CcdxrAoXVcBdXVOLNpP4K6eyI/7CJydeILLm460pEwnU/QSlWKMnLxKIDWnm5uqjh0FNtqe8/AZQuD2/A1xZ2QGPl7ZmL3nc9C+zJp+PfheOfP1rG+HL947dmcJUpD/8qVy6f2rqvSumK7fhhifXXAWScPBIZQS8CL2rX9qxcRPYOP6N74ztHh/7wXM/+auxseGx0d174ZKlvSOfMjQYh9vH4KdGc0eXyQRT4JTbfcDqAp7RD0Bw7IfPu37wvTF4B+s+wf9CEebnKIvgqR7wHd7j83UppbaO9vY6pUba1dXdzWvKysvdVKnD4bLYDJ1tPefAk7OtXGsohiMMT7nQJnO7WTkwafChIBfmwqjSOlNZWdtKYe7Nszxnqa3txeXUwGneEg1htKoyXVsbr6xEYaS7qxtHjy4U2arPptHbd3V1tF9A93QgQ8Qtguj92zwX7Yh2NNs0HCqmOK453kyyA5PcoNAb8MYqSmvVSr1eiSm5G2fTMgtlwfvBmC5hKQX6ssd7etwul72cttltRAa+rNcOcAOBnMi9SswgQeRq8vypOf9eNy8NWzDIn8p3hetyrbdXCXJLOG7Otf6xKxeO8wjzDO64YXGngnnDPGe7VsBBYhB2lHj//8GydMiyEnnLkiS03lozJfkCoRGQzaN6KP3V25OAuk/tG6XZ8bHJt9/krr8Jd23sffOzuPdAOAzOQ2sf/fI0kL6/G74JL08AbsJgUnCjSovnDjxyB7zvvQZW8GF48eaH8P1YI9jwBv0rMAe7kIXpDPFBjoMd4AWrdb/BAhy7QTmqdI5OeSbHxuCNMOyYfrcf3jwI4a4de45Ik9Mj792U7mqEvSc6Gy+AKTh8s7kGKMEsskUvssWM9AyyxRS1CPwj71QopT5bc3tjR7SykpcqFUyi0BRb8VFSWxUmzDoVCFRgsHYt1QAGTzX6OrAEbAdYgxIgF6Y5cru5RLWcrWaIkfbzGo6rq21jF1gWNPL8YmKac7ylKpBIVAv8fMgYctZV94B11c1blxlbV52GqOZ1tLW2tkcDAb69uR1nv6409qpY/Y4ICWAJRYmSUVDNzZSCsUejlYKYCMdFsXJItLGhwY3+Uo7BNmqjRStFTyjD3a619qfs37dLouTKs/b7dolovAX66uJkfSIqapfmiACFpDnHP6Ory1Gz/Wkj1+a6ZIIRkyECIYNJ4LawMO1yK1UncrThy0JDNifmHbNwqvU/W3FtoRX7EgZZochTjU/McBg/Jo0p//TOBNDBWz9/TsFOHZn4zb/rbr4Htz+15J37KedMNAZ+CuNPML88KP8JOM03w6mffBWGIyna45JC5ZX9h2obGN3lg7PZTRuG6uk/IpPbPAL/WW/o5jkDbASzVsd+5OubdgPrjZHZCde+vSMwM3b5ZHb5pY7212kJbIA329pAmO7dFQeN4Fro4MQo3O0Bfddmyyk5ytD/S3ZL+hyx2cXUCuoJai31Jeor9HN8iWkB2LZgZAEqVAGlANF4S/zZOFO/EnwJF6eW0s4UzlIXoCuXI6BhNVi9GgRXg4o0WJh+PE0zf5kGz6QBHUd7wBavCWDr1/gWLly0KPiAP17duqyf5OtrV04uBvWL67i6r6wL43uKWmpATbptw0AAUzi1BEGQDOjlXXXfWa61jmpubOzGhaF2bU1bkJNYNCuAklmx4km8J/pxGbh27fKuZcuW9ywnB969PT2xZAQzKanSyWQsHgzGOC4Wj53D6LaB1DnMvJTbOA0PbByU4G/4Eno8t38wYyZLhb6M36sk3Rfiu7pCzY+sBEzDSkCtBErJyvrFC+fbwbPphQubCf9lM+a/xAc7AjF8G5+m6bZ0ug03yOLpBeneDSc30JqQM0Rr0s40XcwMKDZQobTwW2qP40oBVS0kHJB9hv4StM3EaDBPYDhfHeRIkwu6WgUUiOLRIX7O2jUkEFi5N/IE3BUPh5E8kkmb1zoooG/NKUsJXbc8HiAXPdYISmprMGtT6jeJNURu6mEuDBJMzCKxGfrj8d+F/1GoOgb4SqxqzRqyM8Wi4ouZy/zOBGXahwQEyUYt9xvd1YLYICikgwL4tAd3xPC5Di6nX5sduXhx0xYFu2H9yOEjpuMn4cXuZScve7yT5R6wCW5bRW8fpg2Hm/sVut62Tvgx3eb5CAy0e8e2Zbu2DzdGwN474O7YyxtGFLrdqwfhsv0n6M0v0MPD2UsEk0J+6F/ienkE3lLrupvVatgGXrBY9+lMwDv+Luganjzi2rdnGOVVneyBTOAkHe6V9t6UXAvDmene+u6B9asGl/WEb4KBrC0Tf5+mpV3d3Eap8uXpKchlA8cvgsgFMjHvRnnST4iidQq082aNRm+xV9pBsjIVCAZTLovVypow8/uXTgNBd/VUsjxGyo6KZNylMIIKfUqGe2YaI/BJjEV4zEOvr4/jLnYcPMGb+FSsIhIsDwTKrBbe7um0WFTF2mIMGNWkNdpkTSpeg76YSKQSpzzK9HNaMKAd0g5rGcKPw5V6OlGJrmK0EW2EKitzEq4WqgyUMVjF6KyppLPMZMczIZh4gWGkS6kXKXpAVPbA/AnanMZyoUZ5xZo1DyHscmeWQtJE9KgELs9P3sWdFTKoRtq3n+R0VeP5nP0BMSp8nojshS7Q7tPp3TmZP4lPKpP4UHEr2qVbawLC2Qc9Cb4nOUZL6aMWkw3e3PeCUvfK5uM6izp7X5O9FmsHH+vh14Ee/Afd53Fk34SV8KmDO/es+NlX7lNgZgrO7DzQ2blrRFJ78ehPf5mdhdfhC/Jlg4ZXgAkcy/wn/HVjJ9DRc/diUsOyHrlE9uGmgy98bxX9/L7Mz89L/2Hq7VDy4gmKKKbKZB9K/4rSk2n7AF9i93hKvdagxupCtZdOE1UUF0fpYCVXiY/4wt7ycjkpSFXhEF0asBAJ7qjRWCUO0z/Bq3hMAhI0eOz20nlhmBQWhnE5hVaqExd8Lpe0NGgQR3qioZDBZDLo5OdA/FRakEdXpXUc/qIsBlVxMX6lgirG9LEKBSulpERWl15LPSXOgD1INpcQ09uc34rmK7QH/F1OzCXP45qfhq0TUOiFC05QLmLfVCJ2SMV1xb02k14kt5LKKIC+hZQ1h03bQIfoFR5X9mr2DXjqcP3JFbt23QDD+0x0YIYeyk7IXWA1SO6An8I3puCGmnq6PJy9CvedHJ4YObhEqu7tkivYa5G3XxjaRJ/fl9l/SkKDKzCwb98e+BF8dRTEgQluvd5VD8rpTfTg2yfXv4aZf733g+LpVICKUNVoCxqkaoNXajYEq7zVTper2qxGC/sPhCghJJAhnA4K0zanquxYrvusJ1wVNRMGt8G5oKdap6uN4pWOEtqE6rCGEPNWWg1+j89ldzqtSgWnwKWRIq3mqqNR2icQ9JSmv4+qHu4X3FvcBxxbTPnQDud8nI8irDJ4h1vRDrcSD4C2uLUqkTBQwVBIRuTY8VbvpQdo9I9dKhJnxfNnO+J01MNbPgeqLeAVFNvnWiE0Fay6KCqS3+wpMmyaX/ocd2CeBY7LhRK/1q1/cIsLplCrE/gSyEbfxqw+DFbBY5/vOaEwzIzvojNHP6Ot9ADa1nOQgscOp04u//ETN8GeH3xz53vbxo9kp0YO9jaPD0vKwG64Z1/mFQjpng3cBKO+xysMvT1yJXstfPnY3iX0i5OZn5xifrMafjSz4S5zYfpqLPbuMTyhR/z8j6gSqhJ5+lrwLV6pj1VxQX3MJrWwJjzUojEp0NamwsFar89XawP/QODXT1AUpQEbzxo4QxVXzVVjS0h6wvg4xE/5a20sx6KYcMaQZJg60eevPs2jKvicSPMdj0cYNuz3hkIiRM3EFVPIJmIKXtGrGFJIOUaBn2sucXQqFFKVFBhY9CdRFOB4A6flhAZTshqZq5JhQ9pq8uOMRKrwI760JuKM0Eou0hsZiMxEWCrCRyYjlyOshYn4PF6v01bqLCVnlA4nTlCRLTnxrMqDlM5PPyyeqc21TN+Ii1mQVjAoAsQWaoqCeRWRSiEhWgwZ2Et9klcqzKUvKdKrSeQgrigsYAg1wfvX1hCWejct8/rKHwgSPiFI6POwVsmG3ddPTFZGs6991t7V1ZMcG4ErJKuz6r/9KYiBb30pe5juogPIlI4jU3plZtfwCgmQ4BDxw++yA/dmoO7A/r2j++lf9MIr8NZgd7fXpbBM1nS9CbjpafjKbZ31R9nnlaZlPaxUfg3FCOn79AtTmaMvSVdOA/r8pYHXLuIoIXiSH5FJ+kqUt3JMGWMqq3Q4nZUmrU4nB5iDQ00psJMGfaeVRFmk/1TIhif+Zt2hgElC8HNupZqplEqjAWw6AeRD1HxluRutmsNRYjKWGIWtrlRIpYoQ8t1ePJ/XOJtGuT4ZxrSln1I8q6DfUgAFnvZUeAHwooICc+0oSghhE1rvkkoqwAVoHRMIaLF2JybsobTAxmi1Gg0lJB1LNSCqeU7zoobRzM+QFGqjotXPdwSxGuYD8OfoQ/7kAXEirWgSxI/MKwaT4SWMcxZhc7SgYImhc+BPOBAxalxlPoVDh2CDBmbqOzPgJh3yQjZ7A614PVrxd7JX4IlDOecxCc/vnZk4PiRZCQ9NZc4zHdn/gv8cTwEvuEs3u/qmeu4ux86DlUvfzzuPg38r/cWxtzfAceQzLPe1smsoN3QSDuYW8PSZQKXT6YjjFay02mwOlBSesXAWS1ESuwMgZVnQxDWRE7iGhjqNxqPXezxalZFMF5mqFaZKYDKBSqa1Dq92HSrm3C08WtaWaLSlMl4RCIV8DVQTUEubmmJsS12dLBaLEryNxeCknDgFsKaTWsqGQgRhdStmYpTJRMUYic/nFszhOR/Q+N7y0RpfcfFlGaBkoJSRyWo5ghjAHD2qIoIUcElikmEJcxttDeKowvHODyRggOAHCFMzafmKjLWCBTyd+P/4ehuwJs81XfR73/fLf0i+hJCEEMgPIQRCSEhCyA+ED0SMFIFStAQRqXW5Geu01nG73F0uy2Z7OQyLoYyH8TiO2zo9HcflONZBtE7b1Xr1cvd4Oo716uVxd5xe1tPds3ZPV5fLcXe7LCZfz/u+XxKg7ewFISGE1MX3PM97P3/3TUrBu1bUIMQrmdclKlB05UoR2BiWNKSXdiZztV1RypJ8UkZbIvUWE9lr6QKljg5XRvDVp8WGJZpMaiwS0q7/PpgUDQW/iMsfNEHwNMpkToDpE8AjfAL2CFMnhJ8khM/Dnf8zLvwD4MBteMXozI4JFcLFqf7j/X/few9M7gMZMCPsznxyZHyAf/4wkhwD6lkwKpwgt1lhcDZ7Ao4KY1fj/F+CJ7I9Sn37MFRKP+++fPJvu+BfzWX+9gpqAaeEUyjw7juR+stXSV+XoEpSj3VQHrk2sMAb9UWso0Ff5GL5qMMebkhgkJhwqd4C2wgB50Wp2WSylNiJ9BRpdVCJXsBzPMEmrUwLZSUYOt9MOeQ2X4jieFEbpkxffn8ztsSES84RiHKhNapQrMqxym28yCfcbo/TIybxLpfTWecL12KIidGJpaTEWlzsYBx0O4NjRDoNTTrMhZlgkAkjid/na1PSjqEP8EyaqciN6jYtpK1Ws0kk+TKBGO9Pa81AZTaz2jpbnb8O1SUIbVKklW9u4fGHREGle4uQXC6JacQFzovpqKoXGyNJ1pf0isTzJkcgGaTdCTpZsgRZ6aPcFm+0wPuiX1InyFO1rjymTEuANv8ZowXckEiosQR09MsPLFHxIp9EG5bEjapzS5bgR1DwCvqCdriBzd6HZ69sONF/EZzInoHwYHYHqwbNoHa7cG1xUtgZiUDozl4CdvAWvIoBclTYJxyezQPkGeHM3InZiePw7N5tB6b2olAtcE1/c3LL2I3pxYHpcODG7ckH54QvX++MXgPbsnI519cllSvvFJDy3Dnpx2c/Gb16xTj0/OujVJ9HjHN/jS1zLdML/uFCclVjoyxFotwqNVJKCA6SYKuTMWbwzHmPh2ybP8OrQRHQ66NRR30gUEdKtcGggsyOK6kS4Mib3Ur80WV0UKlo2yoZsNmAbBX7ZE4NcJgv7+X5trbe1at7V6U625I8n+jt6l7XhT80nZ2radirNWHUQ8quZWmZhOENTKCeN1Wk6uvdDqLgijC6dltIQVWd7mTcbqYTqROJJlGY96ME8CdaE72J7xJsYqcGaEiYKy7iUhqNklFwCsgo7iugGinozoHBlFIo1MVIjUQRDo5RB9Twvhr8Tg12qsfVJ+gkisSvblVDNVXMzGn55ncFyG6bd5N/eXhcOjop7ZQOR8DrwaVIuZR458/M78dJPyfOJJK1co4coaF8XzlEY+VvuXsEUC2Lljq6RSLWWJcFzB+sXzoK0k9NPx5DxY3gIDwsvNHcFh481n2s0g1sx6Ay+xBuFzyDo8MatTI5xOntV+ZuCP8DsGphzNMMRjUsEn4G6sBr8C4Oq2uETcKRQlj9mfD/bpufeW0MvQh6jux1uoEe9Dh//gIYFl6fEuanhIHtoz3HrRVTI/Ofg3c2rhGmFuLdh4C+eVvmNqtpH5ZL1b8uhNhf/hfpO/uErfiYJpvD32lxxn4en9JrmCeYXmY9+B98pbo8tKrcUaWRy6tUCoWuKhToX7U+2dq6PuLjugwN63yoiii3uGWAjB1KOSlL7JwFg9ghesHgfCDQTRpb9U9xT5EA21/j9TZ3kl5EG1OCPaOyktOZ6LC8w6GT9vdF1E+Im5luVN/Grtfpnu4jht6H8/9Sfn1nW0drczIZ89YQlFZT43aXRhpjjZTGo9xWahNRXllptaueqQcm1F1Pqp5c2m/o7n/qqY7Q+r4+toN0lEkRoLhXp+vF/0YTCvSSlzWkuwJMN9cN73cDezfoDYDPAr8LwNLujgC5sUxUG7PFoCa2NsSE8G8xIfJbpWm1SoXsLGBl+KL5GfAqKRv15cpGL5pItCVFgjxv51I7mCy079It/US34uSncED80bJBQnGz4oelJQoQY8TK81Psv10WmHM7c1HygEgYRVfEZToZmBcuotO3olZlQeajMMpOM1NCR0+wQy5SN5J048cyVaqTTaqcog/sBXvT/3HHxNbd4L0nd205uG0MDM4J43BMzunv7NimMezZMSZXskJ47tfCIVcEDN4SBkbA9eztR+AUvI6j924hKpw6hqP3z3+Go/dhdgehNsoMgjnhtezp/Udmp/ZK/ugPfjr6/Nh2fvfU8E+fy97tuvbxsU9g5wYl3DK4K3saeoX3Tkba54D0IOi5vnhViiO6XM5+gSP6i39Aax//IAldF85dg48OXRm9Nks2PsSI/h8ZJ1Wh4amicjdU/L23ka7xBKRaCdBKJBL72tWkH3ARtLWazZyNyqnbuzrtSiWIc3HC3BCL6Zs0lFVEg49rBVAUFVmrqvS02WZt560BYLda7SDA9jQRe28iM2bNvK++vjkYbPbVi4UPn88TiydTMCVuTDByoGI1ck7KwVCQpjMd3au76fpo6+oK51onHZptW2sgA4V8a9q42/CF4RsDYgxABQ0GOwB2HvbBcxBpIdCuBr9bCy6vBdq1rWuJIhsMrV5rx//HQjAuVXk8LhLQS9MnPOc8sNUDPM2BJoCamlT4L6Cmim8NvCndKwU+aYsUaqU2KUbVUiVfpFQpyb/WnWZUnIpX9alGVbOq+ypZAH8zrrqsuqGSnMPfw1ZVrwqqlvhvCGkt7SsU/GMzgS3L0+tc44H2Hvxiz2FpZmLJZ3J597KVtRWCyTlvFMG0X1fYbKbctzk2U4qz/cGgOEpBzyJ8kAQaqjCEpt5CyvklEqPph9ooP+oaIvVtzkGqchO2KDkDPj98ov8/T4GfZDaw80J5pQP83cdjLykN+4d2CBMzwqQRPIBH8YGwXXAJZya/fyBIA8IEqeuQW3YR7BUmyc3Pblu3brR79dvjBx/rdZm9X0i7ezRjW4SrICo0y7n2YVbNLjsQ/k/pu/RAyH51Vbh0dfxq9v5VcjaYv1PQHI5scRBP6ARv804lCiuNJSXVGrSq3GZzNYU7/YFAZ7U+oZazjiSQsKXkaLC0VJLBB1cH10FS91W+JrLtGFzVVt1MxMV5RdBlQZ1abaqNWH4bzvJ5/D7E4i1pv7+GsWCEYrFUlenNqLicDu4Y2YJYDjbw8nJjiSjhXULwr9FYg6pqaKWmyXcJhLFZarU2F0Aul7YYOwzOApy8ztnipM3qREsjWcXAzkXov5g4zxDRFYy81UwTp22xtcCippZGhmlsaWKrqqttVf4qWNXZ1sYy+KiDGiSVsvnlO0Va3suCnaLG6FKrbLOoLUlAty4/BxT9AWNTrkhE1veD1NK9K7fr8kR3plhuGIhgIXFzfwXFSSxPcEL3lJYXjWKFSvMPl+2w8TZR+L0U10sqi38MgztKamAhpn8IHmLgPTAHd2enwcNZ4WgYeIB+WPhyce6BcNXZBXY8Eq7NTn3faM/1YaN9iZ0RjoJtOKfcJhzNnqQGzP70/anbt6fez76fnO177cTMu1NCD2SFb94K9ywAaTI7vsxcT3fB1+Yypz5g45kMPFDAMHkMLqPVhiac3M3x5gqLzV9hcRpU+iKbNu5vqfV6W5zmEiuBIQpGh21UH5GSQpOMKSJkiWDkvDbBJYi1xj2kTHHRp49HnU2QEov5tDIF24JQa/QtKh6G7RW/ozi1U1tbJUMyJKmKSMSx3kY6g9YSjRrFGgRG1PFEwqhFRcVFkEgf8nIbMbiKtFWOM8ti2nbQyoERRZiAXB5gIqyBFiXi+De1VUBLCEygEVXpdTqDMb/nazQaylQG1SUqX2JuNQCt4QXDywbUaug1fGb4nYG9bAAGxv9ifiJCXNyNicQm3y9ZbqJVSyYXgIPLNApC3mWI+0fMb0WBKrfruRxp5FPAJQJYlIPake9B7R8HFHmyCCRHi0ez8aPn4EvCmUgyvOFQ6kiFg+BqRmDglsXJzI/HSTaRjcMPFk9TY4O/yu7v70cXATe+3en+Gjid24aBVfhiUrg/mRn8kcAIdwl3JTtyloaxgfCYYoN6wprIdDN9zAAzCHfzepci6cNhwcV4k6lYPJ5qwMg4zSuZp9Za0YYeHaIFTJVCQ2CBVrt+nYEs4JR0cp3k+dVNbWRsrJmpwD/1eMylLJ1VQKh09aqGgS4zmUVQMqqSZjZVWjq0iljgKqLZmmprbo3F4sQKFemmWCzcEAgHxMKDy824ObfdjYzI4SYmEk87WcecA5+2Ds4B1dDh0Kq8Ct9hxUnFRQX69xicyAd8W31Q6mMQy8oxmO8AA2ArYIsAbaMYzCkAaou0RbYiaEZckbiJY+VWd3YOtrYmxUXkkpLSUq6seF3xJaLvvnZdd9/6PjLLoEk/tf51LTDIXfKbckR5xjZwJSmMZSDDcdwN7j7HvrDu5XWvrkPMuhvr7q5DKtt6YFv/6vo31qPe9ZvXv4AfsnfX31+P3YRrXbde/Co1hrRhWxhqmDD2nXD/oHGQ/NfK06lVq/zGl43vGVGrsdf4mfF3RpY3zhrhTnwK4zi9i5TjlmQbl6nNU28h+GIz6fH+QFFq2bZcHqabaWlXR4nxY/iJTbnZzNwb515WKPCKvrTSiYgXLUfwYjQPhpZC+vKaSmEuX5RypLPPIupoLGxdkLR1SY3KURJpcv/bmSo5FyTiZAIJ85Jzu4e6xktMwlVht+Fv3xQGpmFUODHJjkwKx2H3x2NH5YbZ0d0Cv37QmP0T8CEtAbqF3cLJ6YHj/Rd77oMDe4WvpmZmDhxkTxAJacFAKn+oh0hLZ+bJY1gcOX64ORSyNcwptf8Vg/RbR5OIzWSSR7OLn0PItveot4OXPpQrfNnrYn0Qft1/9eTFdfDvpjNnbkivLnyw9dZ89vbCwgJwzuf4vUkWe4GxUq41glbaYcXfV/nJiH+tSiIBcuI0cpB+UyazJhobG8qIw1mJ3t+CgTMYSshqCMDIXUfkj9QIWak46Qivbm01tRChPhNlRRmd12oJO9ab5mZzJBI0U5ohNUH4tVagNpvVwFor6cjxng7xyna+2uNpr6trL/Cx8RfS1dXORJQOBxEY0oRz0ATv9acSvNWe0jbaGl9ofLnxlUbJK42vNkIt/Q6pUCNvtaUSjYnGeAMTJ7+FvY1p5fkWn0jexqWt1hNmoDUDIlpqabCQ19jSZJ7hPeYjhuUYoG14tQFqEeNraCBO7nRWkLPJlv7MCcadQOu0OaHG2d7SItdqNLJZOcAnkl50ViXhi5azBgp6yAK5TvUNC+ZY8AQLWlkAMfgh4zS7QivKOptC+ZoLhfTLS9+blnojm1Z4VYHojZJvLS0cUAXnH+B3fzSqC4klnZg/L2iRR/BEjD3HJCgieTp1KupY0IIPIXvLpb35qmQu8600/ehRJHJRgEIvDV4Bx6qz/wj2+p/dPda1Eex8evAInwa/zG4Owfa5zMLcEfAFPInz2G1Ch3COtOknXvoSjP8ZKVJkFpZui81TB6cP7mX/6OyBVT/dsHO4Y++hnv7tB84+frer6yUp19MtlUOSsu7+A/jmocyfL4DGhT3zwDOPgifeGb0xxxQxRmz/d6SvUt6RHJMWs5puXj/JrKeMBdv4YqDxA6dEo0z62zAYanMmGi30ZCnrRibUu9GA2uke9NM9Q8XoKTWHNpDlpzXxcAU5q2z9nQpyr2zlWskcTzKHkZLNznWrJHSj2qe0rXm6TNomlW7OMWsNz/NtXpHcwosPKY5AJZuNKQMcKisrJ1yGoTfTOO8tR0RFMzifNsfwU+fTSqWUclGquJRUKjd3kkGOi+menvZOiqcupp98cvXa/rWk9q5Kb+juT7amn1ivWk++L0oPIVVZGGwMvx2GYfIuz2OsxIfBz+JgYxy44uE4VJk3mmGHeat5wYyumG+a4UInMHR2dL7eieydgU4I/f2b+1/tf6OftfUDe3+gn+9HvarNKqhV2VTvqZCKpLWwCIXj5s5Af6tK1dof6DTHw3ItRW2k07QctbU1N2tLdDrtJkj3GcL4x6biVu3L2le06GXte9rvtOgN7e+0sE8LtGIuvKyKH/pRxLZEBYtfvlmkSaRSiQUBUJr2FsaS8ndidkHZeFb2J0VFoh+eS0vHUX7N1BRc4kNYWVKip1Iht6AHEs03iOIh+F84VhXNh/NORXQOJfhWVVkSove574n2oew1IQ4mJjPmSTAupMCl8YfjmUXWMpl5OLkPXM0dRXuE12e2TA/M7Mbo7z+AEFJmHoq3xVN7Xzq0/SVJ3+JiVv/oEfoS388+fChMPnoE9j7E/5MW7xjP7unohNPjO6anp6Yyg9nT0WRf/gzadvr1XzxPYOHf/JcHez7ZzT44dWX4ykLWMDMzc3/6wczW6enpreMEJVq+K6enEekJDDLDzLNEdxT+Mx/wev2hyjJGDVdXlkVtT27f3lscDoVkDQD4ZU+tX6+UqTdDeWr1s3xb27NRI2e8BIYWTCYHW/UrsInxM6U4WzF8d3/BYCh/btslsHG+92nlr8CTTDGjwz6mA4MLHNM1LCNuK3+Ge4boVmxOpog0+6rizZuif/AEZUlQ+Xs5+SrJs+n0C5uIm24CQxf5Z1OrOvk24qo8zsZ57EakqeD1MT6gRT6yymMuS1X7RC6QmleqQTXv8aaIJJq9Gp9O1dVhQpwXwqeJIgzUbNgV3h0+EGaLMDLTwHA4oWYaGlwQQWL+irRDLkd26bCU/IY6zWzkNto3Iivq2kiDQOfqd6nW+3r8r3mKWY9fY0k/RfZynuKNLvyFM6Seemqddh0oQ2PrLpENic3P/OTJQcUgeTtPenu5wo4CCDLD3DB8tQv0doHWsd4x+N7YR2PwhTHAjIH7Y2CMhIZylTZF+xkqhIa7OseeUeTuZEW0F0L1IhNACxOk9Ew2mnh94tlNm4pMRmMRp9MV/aFVXaSmA76lxURdYWUHLqTLH4DR/DjRkv+SJ17cRVaD6F5Q/reWtJ68hABlyVEJAA3mPTtXD8iv7YrTBi+GcstBOagpzuD+0KcLc0nBYKFyEBIlgOn98sETXUGyQZenhVg2zJ7XYSTLQEsuT8/UwpFKwgEtOSwh0kYH8fQfCwXFjsZKZ2NjTi3VQXbMc91ofOoaQiESDOA7Tb9DDzNfjoMZoRb8cVXdzmQzqHkiusfnx8+4wIEF4BI+vTW7XW6c2L8tW/2Hk30vsbAC7vWYsymhSzg70/nahr949muwb2oe3cwcuGH7R1fzaYfwGH9TJ8h3b02mRrdLO4RM89XsxQ8//OfunRMRVHdwZ1MiOTC88elkc3TnwaxyYmfXdYJV+7gt4Zantg++JTX09cnl8i8iN07/6Qb45lTmb95HL/cd2nVneziSPJG9s307WnzrnYraj88K2zbEFw9i1OoRfi/7VHqentqVjA/j1iS4zevC4epGaV1TtM7SpPNEYz4jaWtjkDmvlpI2ybyukjCFnS/DzkfYMD1MLY4LVTguVDX6CYnCyPmGFq6FKp43M3HsRHEwxMQYhix9KJWGWENVmU4ttZFd9Tc9zQYD7yNIcPQ8b2ugg1daMgwe1Bu0Wi0IIr2W7qNiIEh4CZ3ltMRhdtCNu+aWFpeLrm1o07WuWNxTHccfUVd9lDxnTzfWq41mF4d2onE0i1g7OoHd0sk54azzhBMS6sLz2K3pfXUtved7bM7UC2bwnvkjMxzH9y7wXv1H9RA5za76epfZiSS6Vn2vHjJ6Ts/r+/Sz+hN6aQA/HNdf1rPn9Pf1UG+z6crKlpiFiTWTvZDCmjTtQHrpEvwuMVv7kWleWvko6KoVprWCoYIKY4GWMJoXD84rrBPM6V/GSZib7eUkOQ+odlfpi2nOViJFrGT5emrBb4rz2LTEYRIZXD8VHmw7reQOjZ3j5MKtiYPC2BF4o+d1YHn0KRqdy16dg9eyV2E08zoc/+kTc09vAZseH6wD31T3Tg25t0D28a2DL23tn0yCV4RTVrUhNWZ+cOsugKD52w2y5OsfCu9+ujfz8dxheFrYg7ZdP919ZO4gPDw0wR8erD841jUz07OfnG1JWhOOMVqM6USc2cl0gS/PF0uRhRR2dTbKbf5GLVtbLG0Lx5CSoEaVPJUkx5J3DagnXD8dTCUY5RW0FuHAfk9+01Cr8nawOL+ymaDJ1I3aQ1GkIcBSz+d0TQgVglal8lhzMxhMEVeEAVYROZ4qq1PRIrq3EGwPBNrfBmF8ggRIZhYI8bmlVKO4lFrpSYUSJD1SpZkIF7FH8A8iuR/wEfIDfEI5rKZSnisVGddafJ1MJ9eJ/1uduf8W00mOQn16jZzpkiEGcciOUCXNj2J8dVobtUX9UaTu40E0xHMMK36VGt6zAsbKWSGHrIZi8ubuNKnXQQZnobyBULHNGu4bZAH8zbjhsuGGQXIOf0/p2Yg6Sk61rVCuIPG/0C8shP9cIY/sUjAikZtXVLG4LnJm554VjdwPqOjAb01BAjU3iU1F/6Z7IrVISKQWocwAIiVfXt5ryWYbRXaAFY1yh1MHcNznxKWISidtClbqpE0hSURHQJ2uch/QC+dYl4CT+IPZvoNsD9Rnr8Ers8L+yXf3cBZldERjdd4WhHvZa5MnAxF4bmZG2EF0j+G5Y2xPf7ZvehqoJyfZV4H0wAFhcXHH+AR7DMqnM4d6st3H9xx81+p+7dBNYIHToL1PuPyxP3Tycvbj+8glfDUk/ZNXgaZzHEgp687vMVrbiFFUmEkRriomDa18rUSlQkW67u612tYok3KbWnPaPk9Gi4q02s6nQgbDwKqWtnhkNQnCxAk2E2mfhWK7w9FHZN+fTLnruLpfgUHGyzxFoAxIX+hxeUqNflG6YhBjMePTgZ7iTnbtwKq1T3ufRAhtrLCa0HpSO+T4gc7OAAligUCoI9WYItaiSrd56+oa+fqoKH6iS7d4Yk8PDvY8ZeYTCZO5pgHjIdIlrAFatoarMVVToSDCNeUyV1ocVrtDnGTLiY9VPNnXN7B+vdVcYRXfXtvob2xtRGpUQat++EWNMXNFhTnWyBpAyPAuSGK30ubEhRKieGW3RCLrIuKVSQwbVTqdQsGEunKKQBdFQSDAFOarsZHlA64uz9K2DBkV5q7pdC2d/siPzFKD5a5El15h4a6RSbg8eqI1umChBCHSDtD9O9My3R+RdpLOZFMktEwEaImg8HsaQMvYCHIqQN9jGQD6YiqkIROFNGSUDLkpr2QFZe6qH5EJosJAkmWSeGgCfb3niytAYw4L1z75VLiljwL5lWsjmeaP9wgfgg3Hjyj1YB6448cOk6r1hrm+nd37Z/bOW+ADqBF6wPxh8JbQCbns/cPZB+h49sTWtz55fHtrfKJvJDu1e6zuQLvk/OSBe2dH7fU72ycObqjb2rHl5IPFR8AINkxAtVrZ0WmundWos19OnEseGtm6dSpzCcWFaw/6J76e/vLL6a+nhdNgg2T02vjMw4XDkfljoD98dTf/DiNhXN+tkt2U/iFloKcVCPC7C5E6V4WF8CTzehBr0KokwO221tZaCTuBnVTXTI4mH/4rAEcLQgqvweAtKvJ6owE5+ZmNV5SqTEBr4vRePSDSGH4ijUHvjMigF1FHNY29kEGglAZfQpHmcigcCrZSRrlYSpGMhOyaulRARnxDm64L+EM5gY5SqkK0UFOfitLspSgdiTYmyGmBfy+R+z0lPisaL6YrlOVFmiJyOvwkbdG4WPA6C1QsKAt4A78JIDYAnoiCf4mCsqg3+rMoUinLlBuV9M6r/JnyF8q/VEpZDf6FQFSp0SijAVbCxIzAeNkAaOzvMyAS76HW4DdANTIwXvJf4tIeQpHElzpTDE8K5oS6Z9eSeOfmXaHCWTBCqwAi0UChcF3IB374SOTuCNLj48Vc3kFGU0JklYFyxOQ3lChn1BKvQO5J2iIP5aZRg8FAgylXHytk/qJClomVLOs45kmXV9acXWguK4ePsl9Mw1OZfeiA8OfCz9Qcegh3m4Vjwn40ndkNz05n78DFrBRNP+pjXdCZvZMdgNbsF+x1/LzzcZA8bpvbcyoF78/u+88qOZ9S107qNH+1bzar7zy1Z24ffO3MmTPAcPo0o8DWmsDI++kc8q5eslr4s/laFyl4LdgidWRYb+RNbLoS4K2itTJFmV5vdDqNRjX5rrSoyVdkA2VFRWXARrqDClNlpclEDXjTBV4hqgqFcJTkFEWKIlYrIzYYukBNkOpf+Rup/tVCuZ1aYAPGGsQCcc6pQcTuQvNpeyXJmYvTZWU2UiC28VpjymYrt7vK3wYhHIyrxbepJm+Df15bTd7mT9Iqtoz1sigR+FkAvo0t9HEAdQQGAjARAIaAKwA3RsHb0X+J/iaKojyG3IYoeA7bLYzyJkuqIzoQhd5oIgq1UXBTCQxKlxKqlIDYckL5HLbn3yilA/abdmiwg6323XZIyMYhawc3XeA5189cb7vQP7r+xfUbF6Jcik6tPpVwAZcLMC4ACUDsrf2oltXWgu9qQS1f6U5RVdOKIi5lqwU4nVEh4id2V22ty058RcaYzTWXaCFg3HzOfNl8w8z2mkGA1LttZliEzITdOIzxmAH7C6l3f8YghlfrqcdsWvKYTT9MwjdR4TlSvs7xdJCMnD4gajZ55g7sNYXmfKF+lnMnbz5lyLsUfrjcg4j7rJg3od7DiXyiov+QLys9aKW3iGBLUhgeWfKgqrwHHc7cQU7BNSkZmhQqkCvzKTr8KAXaJc2Tj29OCtdlJx6NgrfYusc3xZtQR/j2s0fAp4KL7SLs+48vksfpXWO7wnBb9mgYP9ghs2avRCK1O0B4x4fbH9+amJi4Oz7OsAz3XSvd8LYzVdh3GsBGvswkQyZDuQygOqWtzG6rcXEug0Gvr7GrKy/h3LVS6SXFJi8Y4lVuB6fBiF5bKimnk9kBjvB8vul3g7oyUX33TX9NTUipVvvI7/jA0AW+ziirVItre2oy9YQTWf27VCBXTzGJgbAb4RBpMMgcHFfJaLAHaTRmWaVMZFRze/04UnsDDKrz1XgQb6W+SfompSzLyLWV/kqoQpUMPpea30yXM7zJQ40nbzoF6QUMoz8NUlqL3Gj1Mk5AkcnPu2IpMKe0QKFEYctH3AAl68pB2reI6nK1oigFHLocqT2F3Ka8bgIlOQchGZPbNc73zQGUOMg0agFGjKK+bBgng49mTtbG4VFguF0PkrAzEj52KLsIr2ajaODRO+i168I+9rBwlXtt5/T00cen9xyantzrA18eAubpoaHuLhAFc1Fh++fdA+3Dk8KXhwTznPSikFn84PHxUyeGzp4AnSNzJ3Ycp13xf5V9QucvypjGfOcB/Jqv8XqrEskYb1SVtdRXGy2qFkVZOGitqKiXhZ2VldFqno9EohaDjqh3nX+CK+oi94pUOyFiOy8L1IQxdliosqxdBcl4qKJKpniCRag3SqsVsdRqggEc6dZUb+rV1BspVpuypfypl1OvpD5L/S4lK0KpsJNummB7CVV7qumofMDTJZeXUWhqlvu9RMkjPp9OJN+mNUcrNiMHqQp6wKvyN+SQqQMMCcZWj7wukaiTe6ySdnVErJNGQMuFNM9LVE4y48c5nTKZFtkQKSYiSTuZBeFtaX97a3tvO2qPRfX6qEbDRAOUXDmqXmdSqVWUdsXAqZk14iR2L/MyCV3iAnKeom/FRH+Ozmd57T4kSrZ/XyeORLBlekn52bi8ms2L4igHjkRiXXCJSjL3WOxpF8gr8D8hlmeFE000lttYLkx1/GDbBC0J0pDARl9XQhfs82xdZBAE5JtqRK0rhRaPZCNHDgL3V18dATuOAIvwazCw+JVHz73zPOd5PkoA0QZw5sri4v7sF2c2HK6sA08LewZ2utEx+GE2krvdItvv8M1MfPdu9hFOEwkJJLlNCt9MZs8ONc/vNET2JfeCi9OPpvGn0LELdQEzOGJ/5T9N//OF7kzHr8HWL7DrqAkPV0T4n7IvsX1bmUrA8SXFxSqtzW6Xak1ms8UqtUpVODV8C2wlc0S8qqioyuIsL7eyQHsJPDvPW8qJtTiZctCMEzOtEx9uTqddZedsdlqu0Jp0uuJLoP1CWiOjspQtvCvNMnacPzM6RmELQACh1gaKGBtn4219tlGbhEM2M3lXE2PGL1fi9wAcMplUCvKkilEQErrNqhfE2cpcNBLJGfIDD/4cZU9uNiGUqwtE85XlfDMoFMzx8ojLRSsUBMWqVn5PmTAgMIhIaBiWLjpwARMjcUfA6OuSA5m5RXisI5Jt+L1w6AvAyO/d7uvY2yGcgPvAffDhmFAnMHb071Egc+NY9tPrQ11ADw9k64b3jmzYsqMucjQyjKPA7EkwMCGcvthB9oIOfodkB6R/x1gYD1PHBMETbzP1VPYRZ88+jaakxGTSe6XSapeLldP5cn0p0Fss3gaugVB9BMrK9IEAkVogypE+fXW13ofCXrqgwddpcQqNampMPrqbU8KYcG6hTQcaSvCHvayuzml34QvYSjXVZFRTLbGArxvZV05cTHOcWqNRk4tpTTMaRmP9zAW0GAKRfN7lu1EP8L+yDNWL2qfaVH29FZbx1jJxlj1gBfetoNXaa4VW2hAU6zm5JdIXqU6aviDILLb38pJoeU4bejgtu6AkFRZTBbryQPvjUd3SnKtIyU/ZbPAPli0n52ZbTcEmHUNYCACpyus4kZ3A3qiThHSVxaKg+/twfg5sFY593r+gVh8eegkKD4Xx+iR4A5izPwdxFjvfwXfk5pOg7tvjx46N7To1OTHN6oBbuD2bVX7KDieVcByahePCV83NoBbsh+bD3z4U7rDN29Szkh3Pf/uJrHPrsbmdJ8nM35TwWLZb+jf4kYExY890Mt+9TZeqKkB6odwklZLN4vMSrRaSe7ODc5D6o91epqDXt7hcYi4uNkvKWVcZ3fzirRKJClmtlF2i5WJapyvSaotITUOVLi212x0OKRVGaZ5Pm6hUqD39gglgDzTJPtMCLf4kYjnalHotoapD2vKKnBx7RYVMJhX5uPyyVlmvDMmWq+ZQfs4Xd+Vo3vKVD0qDUri2SzQo+d0WKokTxRCSDjgE81eMDHAuXZy85g0oXCE4gJEBP3uK3Sssnj6Or8TRQ0Jz9gYMPN5z7NjWXc8vTJxhGzJ3d7EPCn/4Y5JRQS3I0Z5v78o6t429s4tu5B3Ef/39+K+voblTA/4rlSkUNmcpoy912ioqipyMX1/p1mprTWUGnZMc15UY5P0KDOM8y0chXfp8nb8WkRGCyjqc9odqyVWw8F6PB2OekpJAoJhxlJXh0xvjSIu+WE/PblNxsQJoRVkMLeG/cbttVPTCRjbpcCC02WQYj0tUEnoNVSqZQqxLqdKVlQpS8lLU+XLXxecDgMldF0CKVAisUDMK/fAKrMB1uSHeUJQ8zJPM+CnHB71Sea6zfIeAFJhEByssYCx1Br530VxAJF8m/tfELhWRll3JDDsh3NlJvGn6xOI+EARKoRY8OAy+EdSdgLmz54MvD997VCvcJX72/JmJ1yV/dvjbu8I3OV96nPwKnJohTDEz3zGdl97ff+NU9ji8Jhy+EWGPfHuLXOlzu94hk1XkSh+gflaMjZ1o9FYB6duMA//RHSB9wV5hXulqF0ptpfiSEWerrDSKzqa3S0r1+lKJna02itHVRJzNZCpSaVWX6GBIJU4WcHKoRi4X9rNyiskqyuidGYnkYQw++CuAiqkwmysYlPO6MqQll1Vrd+Quq8Pxv3Q3GkBFLxoR8VFB3c9fgPI/7m3ilBH1t+87nGFFNBT7OPi20ucmhc93L0U/OAIDxPOo993edWRi4iX2lYxzn2T48Lc3MuQyHZJsx04HO4AVnBS+RIPbZid3zWLfG6d6ZavptDOpXdw8r3HbZW0KsIXBEQp/JWulW8igwAWD1VztQKTPxxhwmlOjoTK5ah4/LmWY0lKpXUp3BTUafF7R2OaupN0+UEX+hMVpzg2Am0MWsVxsNVlMopJsq6XXAhlLwMJb+izjllnLZcsNy12LYqflnOW+BVkoo2zuj55be89PcuW6Djmdp2CeMIO4gyi4gQ8jutlOYSXQi13jpggiu3n5npkx/zdGO1nN8Wy9cCfyzZbdnPX5DVP11iNDQ8K1I3BH144TIAo/ztaLNyErCzz6eOIAkgsHghp1/waL0gLY1z4AGhD9Ni7rn/5GuHo7uwVOwkx2Dtv7Xvx3vittwFZP0EWIiYEqvsjrrPNIne6Ax2e0NLYpwQgTZqzgGRyPfGCUqWcCYGQ+WKchyM9gMBJQSKYDcSYbdIdZncUbJS5S39SUoK1c3sjrgoGmKAZbWhTAqYFHp7NXkPpTy0JaKpez4ghCuLGx3udzlXnMHnqRaurI1bGk5eaaGrMcufROp9Zlc/ldqAi5DFrSsSXa5rRPGqCNUXRfD/TLLopo7/krkx9vDS3tJYj0XLk1dZFjNEgT2BDd/43SmQH/vZxASmEAiI4ALb9kkdwlgzIjWoYm6FgqIaUoNkFyYSmbBYQfh7/p2cdZt/dN11tf6+8XHh6BqeHOExqJOXv565FDes2Rgd3ZKztY/vHlo3Mzrw1G5uHnU68fOrQTlgqTEU7T32dRckBz7OY3wE66mrPCrU9vg9RcZvYbuCPJvYR64PRcNhgRDgofBoygHRg7hHnhSieA1K/+m+wLaRv2KtLXbAXP8UatGZjNBrVMppG4OY0GWsvLbQEJ6bBr8d8TZ33n9cmEgaql2nDsstX/CjteGCeGW5g6fNkVdeGAQqlsjUIRfdrqUANCbYQBa5TX8Q0ytVojQQ0ut8vp9nic5Kpxaa3H5sEZogcpFUpOgdFk0/m0IhnH+eH5NFOcJBljMCApThTTZxJMi7hzoCHHIMdoKAESV27gkNFqNpKzz5w2m61GjyLBSIINBl6Ugwr7g356pLYGe4MwuBQiLf9EedKW6BJFtbaceogoI7IsTcj1WvIdkoJL53LKgldTevGgP0qpsJYzPJOeYz6JNJpoEcNIM4m8MAHNJNCP2hQyVuEwQcPAIFqYE84mdyxc3f7pmbNA3hXJ3jxx5uAnUD5/ytOxq3k8/mhoJ7asnsk669HUbuGTw3Bky9AJdDG7G06TmzSRsUYWZned2n/0+XPbU13ABaPZwebdw+0bthqTh8N9QBAm6vWaXNg4cfU22PFtvWxkWvi1cO/2NsJNC48LD3HcGMfZ4hfSCxgbBZhWWgmZ4Iuwx0e71wUC/iJdd5zMHieYYjC6UBkNBnMSzsMLYVIvIQMe/nVJHM5H8W93YktSMUU4wHR8d3+hQyXTWSkfRkerP1yZkMotlt6UjG7S8vJEa6K1qyXcSCkpSOOuUSGXsqkUz+Mw0nw+zXetE7vZTJe9CxahroZAFzGBYEBfFdBim4zjZDTa0NCSexXOkqAGNchrvKLqn5eSgNbUOKwWS0kJ3U7h0g1aHim0JTh8lajWKNaIPckf5RcvBB6qHZdX2V2WnBaOh1Be7SkvWSNqOJEN2JzyTMHI7sUKx4a44k26erqQ+L0YknIISzSgfCwy/ehm95KwLloav8j1uen501QprrjCi/EHfbs01kOwvr/vSDN7RdjZcbBTo5a3D3N648Ubp26jZ7YLV3vsQL17FAofy2F1Y8d4f/MQ7DiSmToi3DlYbzyyMyBsA1dY9nEGKoTxAKfu7xNYWWRa+ODXN7kpgRkZGTljdR7deeYyrBX+4c/PHtnm3H58CsjRoeFtXXu2hIXLFy9mDmBbPHQdTFx6PGhB7VMMjWO/kz2S/hyfWjzTia3v9ttMO76A7WCQV7YZjZxVr1Sp1G/ho0uJA5hSabaSKXk3cBtQjl9gI6/o9nik+ABCrcRWG5lGQvHU5kbdjY3dyN0mia/mVr8NNjIdTBPYcqHF6VzDrSGzhfpUC/7owLGyw2Lp6Oj1+wnb8QU+3hJNRMV9Jr1abWCUIIqUyoTf39DgEzl12trbU2s8ZR7GI67VmRnWYEIGiv0S6RcY8J7hI8NnBmTg9SUpxgAaGAwYG5CLS4DxxOXEjQTSJmwJqEaJjtWru7u6KlzxuHiUkvUrp1PMv8uQi1dxKVdB9jKGz1kpVwierQvpFzjALVVNxOiXy7pXEMaKq6c5LCkyAjKhAgc+9wFpTBd4LXPF4aXOgF9XoP/LkRQQaElS8vxkO0WdxEUIUUEox1oQpduqOn0hSW/MlYWLQ3muWFm+wbz8qK1eCaMq834gQlRggmTeDn4FHglTqW5PHJy89brlJjgVdgk77p79HIWF09CS/fUnA9NK/Y4tzwvyQPRe10ucZWRgMmA+3LVBmIPh0a6jqG/n/OV917PSAzOvhbteh3+YGW2OtneCCjARFY5cHem8B4aFzPvTmWmB+zXsHOV2guvDwsEAPrg3mOUaAKevAAZ4vk3KeqaFm5/fEJJbzn288x4wpITFTzzhy2T+aJxqi/0Fjq5mDLrItkec4cGf8ppQadjsdLkai8wxmamEIC8OmzdXareQ4Vk3zRlbwZb5ZLL5barIFwPPzEfDETon14jhWz7Seomte72NCTcnkZuKK6zWEM4+n70YVRUXt/tptC3i5dFYTCuFfn91NRQnKpKtrdpwYySSaA7zxXp9uCEsNh601QAnyCpU3VDdoFXYLRa30yVWBF2E/MXprLCSbyswjCSxs6LCXK+V2+SQrIybtWY67l6iVdUr6sUKtTs3l+F20zB7jjBxKET1Ru8K6lSRlvtHGApzjHb5ASDCrJGr8S3Tb/AvYb7Yb2OhHH/qUqwVl/2ihG8gWgCAoRUIMG9kxQ5S7CXwD6wgNAZ5TE9jqoxCQECo7iA8nrzXvoczzsLgzvZxFtW/Pnqy6yLoX7yFOMtXYKK9Tjh0565wwN0OFm5l3p8KWqcHB4XMIPgaHcmMDU2ObTjWBepmRqInguD3wni9Rp1KCU5Zclo4/P5bWTJC0Ry/KdjnZBuahT0f9zUvglHhlPB1uAs4weFFXgOMx24ANYg+jhvh/dkPwsID4U4Q1IKeOuHze7UYSRM7/FfZ19K/ZyxMkFnNPMH0M4PMCJTzKhmyOHRrtGslwIRNazM20wF8eQfA08xTTBJsXmjuLC7G5vkTpgubZ9cmblObGgwxw8wQftUQfhWGcjjkajEiGJlfbenGUXV+HVrbxoHnSCrBqJka/GM/04sf91LVvAb8fTWx2erqJ9Wr013NT5kVdU9zT1/CcVzpX6cdZjdsGHV4id1W8XVJ0Ixz6GaMVpuf7N3w9Lru7qcGep8eMJsHnu5lLXV1q5pWiey/lQ4iEJHkNenhTZuaLOmhoZCFJ2XO6HyaRe9SGnp1rh/XeCGtVMrWErXYN9Ml8rXFa3RryNSRM80xgGOBVocdwMGwa3W6tSzjkPiaeI0u1eSv9dXSFF9LCWa82Ko1mlZfrw8SgcqAj/f1+cZ9s74Tvsu+G767PtVO3zn88L6P9S1JlixPMpftFuVmgsTxIrF+Glph5DlTLzRmc6xqYnk8b/sYxkZzZk8GpimbxteiFrFY1qFVcZIH0QpPbjA6VFi2FqOzfpkyceOyWFxNIEUupcVuElqBSKoJXz1RVYgAOgAdEUmQcsp2FnQ2M4H2Z/aHGi3JxRNzwQjctqETtM9m+kfrPk/t4ayjAxO15rkJXrh1CPaPbJ17OL3101lOI+/qNHDuq8L163AkK6zphrA7W3agY3ugfzsr3/7Snn27svvHJpv3dMKWhX3nNjXHAu1ADoKewYGDY/2Zr8OvCRc9OHnuNsvVd197HyTf/bZONjq9+NWHQrdw7aXhzn1280TzGfhAEn1207OZWP3tSxbPyfmumdP985/2HBoc2k04Z3AqfgMjZAdVW29jVoP/gzdr9EaVxqiymF0NdXVNTeWxUGNjzCIhqdNFFE+2I5bglPPlfs5Pc+h6O8PU/oqm3gpshgowxKvlcosaZz6tq6SIVDreLHfHEok11U4Ca5zYHQyxhqYmf8xVV1fvrPf77eVlfLyMpkHmuKkl2ULZuwxJO3OJMMPa7cVtRGMu/ma6gmvXrpasJmCkNq2WxEkOZUv6k61JRBp8EKMrygynIv9SiaQ9GWcbPY0kroewIyeIbqMofcKhUMzppL3IBF+aRhDK5XZFQNGnGFWwCoXf0+rp9SCPKCYSWrLWArm2ftnONrH05YIioaVWQG6Z+58K1Ba59Cwnqo5jOtnhCeWpYkLiRBzZ6okVVBpz5Kb4cMD/eRLVqRkXppJ1y24lVOoUEP03B9WF09P9OGr7EAFHQVDOAccf7ZprCIFfPt3/0tDYT8H/JXSDaWE3vX2aqZsbGLQItX/03Hqd0AkHqvfvf3F2w/r9v3I3f/TS9C/QWdJdyN/Qc2AXeLf+lZeP7urae6x9SviQfl6ZOsTefvU/9IO5L/8Fh/O22UnhCWFGePyg/8qvhFuPkwNAD+KgAZQ/XgDNUyCCP0k/wYCztq+l55fZ5A3ebMaZTkQvVWpQzOfVSPVe1hMLRzw1OPO/GOVq3JXRAI7xI0wDPrxHmHJRiR0bIscwiXIDq5Yjj6R1lZ3IMI7wyoYSbIwl4UjEhn//AjYUG0sGjOb5koioFRWhM8nhsK/GH0QxZ0wU7HY7S1wlrmJnvJjWAri4RSSLs1A+GLNZ1ca0cW2wFBFbbSQbKy1MC9eCnyAG3ciH0+pkMm6Ut4edIBEnGNyUMsTJIhxi4gC+0v5q+xvtCFuwCjnj7e1xJ/LaaMrnwykfAc8NDVofKEE+vkiX8slW21aT0TRDutxqtTEB0AdGAQKAfcMGbHT9ZYXdekX2yyXDFSnhN3lfFFW/CyRJy/apmeiKgXz8Rqb8oCgFz6ZgtCAPT82Y7kQT+xWr7NEoxSMmUTkklGtZ5jaml8mIlxQMt9olmjbIDWiyBKUQIUOGjrA5CtGcMLZ8vGekeRgKWSU8nt1Cb5nFnul/95ydB86rU9E4jEQyPBqZRsNZHoyAMxGPYBZOTAtzgqs2DM6CDdkOsA/WZm/lb9LnUmNb4/tmds/sPrSvG17dOxrvegC2JIcHNj7+yeTk+O+fHuD/FAQFL/ivwo0/T/J/8B04ewi/eIahOyTfyj6Rrmbsub1nnumAI+8xDCAzBOXYKisYFjyzoOAUpJY0yqtRa2siEejoiEZr/ISEO+AM6PWlBBJb8Ek+et4ol9MWqKJu1Soch6vrEJluMIMKFLAY6+qMlgCqALJwJ8+HmptdIfrSMC+RhD0uqot0IW0126EdP7qYVkIFpQlqwvg4EOCl0SjP8Bxv51EpauHp3lRjY0tdHd3TNKg0qXC4uaOjmWnmmu3N+DWxZvyaN9NtbbH6oCNI3ud0usbhh4CDhMToLrwPJVoIGCm4KwWvSF+VQkbKS/uk6LMWwLeAV1pebXmj5aOWz1okfEtfC/S3tLbAl2Pgbgz4Y62xl2PvxT6KSd6IAT4GYmTDi+4jqKC0JeZwxFqkUGK5XAXIGqe9ioiFzladqDpXdaNKwVeNV13GD1htla0Kqqs4DQAarcam8WuQEWn4Sk/KoMER/nxarzdQ7jy9OWUwWCoqvrNgaAHgCxZAauSbX9wlrl6G/PmxTJouksRy19JgJ04uxYm0F8Utz6UBT+IUS7/mze1x5p/JiSkUWvw0+Qz5LVz2Wm6wsyBiGuXEp0h7g+ShQZEnL+jPZar5PWrut9iPMGBpolsAspVZZk70Oucu+ZlPim9ys2v5eTZ823cETjsy/7vsXGbAg5wfjO6SGvd0DwmnZoSFGeGscB91Z83Svqwb9RzNds9ke46yHeCWUJu5Sr6SG4qSr8K3cPbYvn3HBP4Dtn1Q3Qc8govMsYFP2dTufft2C9OPyDePhneA7h27yRcS7QPC77HX/JL2UPxMK7MK7uArKqpqLJG4raaqAll8kBDHROIyW9AX9FZXIkIlcN5uLqHFEkU42iyWRgKMDkdwPZlY2nxBpi/ykVGlzTgLCCjsrBah1cGityi7DD4UeG0gwNg5OyxCdnuQsHdRQed6W72/HlEmajPy1ovT+kwtVwstiMxFLnjrU9W1ZLyRS1dXN5GFFYiPCgtqipDwrkgjB3JIKivd+P0Ibk8k4uSdi9OyFlmLJMFJ7BLISPDryUhSI1+U5trsbZBpw88wbeIz2iK+pDRVVKSSE2KaCF+WtsrLmrxNiSbENgEVmzAk4O7EgcQ3CToVzQcx/HmiHWxsf679b9t/086G8eHB4M8nmF8w6Gf4y98ybzP/yDzG8Ym4VZgBlEYggh/jN21n5HKmPdHklRoIJoJQG2oNvRB6OfRKSKIOEY6bMhWnsqsgo8L/RsJw04j/TmaD0eg3gDcMvzPAPspsQ2gk/fnJ5bzS4Ag+XZbkMHMznS96CUn3klqJN/dLuV8VU+J8WpBnIMi9rbmwREN/Y6l9gh35XjSvyCvuSgdFsfjc2gwZlslhKHIj3+dbJIXtmUaRCYfufC0tBwBdaOUx1bj8I6SjDtQnGZ19fHlW+AKNC2x7Zzz57v7pOh/40yPwVrYWjT8aY4fn4N7sJAb4C3Ah2519K9sPz2Yvwq7sNNw9B88+vszyrEkYrK2Fx6bbEhHn5NlIJHjs2O7pvYtb0b7Rvfufnzgwf2nvxO79e0czB9gzh/H1bBYeyy5L/YyOKWFKMeRxMFXMvQUZW2kzvI2z3TIGgW0Lck4uV74FniWA6DxwVpDNsPMmWYmajlqYQBnSFRVVs0aOnh68Toe/1RL9nSgVqiR3TgdNQ6uKS5lS4hKOtJKxVfgroNaJc9cKJ8M4K5DEYjASKG4URZ2beXO6VdJLzJ2X9EkQYWm+LPI05/ancm3gHN/L5pFNhfmnfO1ErC4vXVbaj4yKG31k451OPEXE8CeVLW1B1UCxIZnHuSfhS3FX5l3ZgcyLde3oT48uTh2VcsK7oH1xCrTj+4/Bx0J9/sb+b0d2zs394V8ubt+5S2J4/Dlb8fhzoBynnzha1Qrfya7jfEmGUR+dVseO7nQWm0xiXwl5q5DNZtdzREpjvpgIiP7kTc6u0Vi0lnI6OGmtrFSZtQqFmtB0qsFGRkWKYzyHOKtKZeUQ65OZzbUuqn+r4WVkjhHQKUaXhKQ8RelivUqtxx+VcjlOrBIX0iVaOVNDc3cycB7nrelWppeBcqa2lpGjUrEd2eti1chVSgWKjWlrX/nOclhebv+uFPhLQWtpbyksFQW7QqLm3JKu9ibvD7leV7oeHa7OH2BRjpb9xboorUSRiWr/sgEn//dmFb/H+7Fs2bIwjeiUnD3yeOLII9gb69jf190LNZu7jyUHYerR8DbU5Q8dibc/g1Z96wS17P7HE+INfpZxPb9L4nx2ff+2XcH/9Ivh7m2zMDjSndqwIzC7eO1LsP0ug5gK4f+R3Zb6GC1BbaCa11fV1lbWI72lPhDQGix2qb2SsJSFKT2NjJPJ5G/hb6kvIb2GEOlppZ7qaiUdXNOCMKpQqSJ2wiw8z1dUE+juYaqpRpvHUx8wG620D6hPWyxWsj9ZW1tVVe9wFDGinrCcKcaH0iW6zWVlOI6xogAbIO9C2tnk2XriY/Wy3MS0Ou1nW9leFt3Psd7lvGoZyF9CHXm9c7HYXejmFMYL84LmNAOlugeip+XkKP0hf0EkBThEkQOUwxng+0VuECoxUELpKmm+j6ND7WBPVGhmT2Xf5aHnaCZzNPMp/FJ4+HBbUmkc3jIqvMvePxoB/cC4U/hGuG0wnxTG3HHw0rEp9hWgmZ0VHmTaUX3mQ0n40OL799jhDcZhSUAIfrp47pMbB+984LF/Md7es+PyAtiBr6tG+GeMKvz4utow1Erzxa6aGqfP5/drbeVlJlNZOSolV28B4wIyK/MT8dq+TeIk4wTPXAxVu91SqZJcexW53PjPDkIqVQho2cZScrENet7GGQwcp1eptNqaGpfL7vOLqZqfdud8vmp9KVdWht0+eSFtt9NrHCfX2GwoMYjXuIwpKWHKkJt1i5xEbuLFNo6YSGnaZkPaalu1v/qVarYYVRMhvmpZjuuwKB1gwX3C+NPLQlYcTCwkeQRr/hsWsExGL1eEFsm0CGkzMQsL99slPyaIMyQi0KhI4JPjvS/QEOSpe0S2HmIJVaIWEpXUM5pYGVXf+r4hJMGuqOBhL2ZvtEPNsazhWObG61PCPXj2O+bkHlYp2L9krx6L4oTNMCZ8LVzTaF6jrMyTh/ewv1ycnl58/DWazOzlXU7WPTubYTz2scheHo0JH944/s5bM9fnjYY7h5JdBz44AjwEYdqxj9+R/jU+J6vo9Egc/BWvV/iBsazMYLM5HD6W1QVkBnKtq/CZuVU8M8kqKS0iMBz1bR3Qed1uuhOx8XwNLX0N84pATaBJVmo20+OUqwI6VFTUHAuHgz4fVdkitMlN5EwtKzMabYwex3K9Xlvj8bi9GCTy8+mgT1zkDBMlBRyCWgjPIBkEUCFvMIY/USnrEOfqHLQrYbOVygMY4AXw2RvQMjlFJWx0auRXMoxZQseRSxkz7d2VkinX0qaIyFSoTUUiEnlOQ0EtHtDnJPclUJIPHrltTW9hsC6U6wfTYmzBcAoFBFrSFY/rnCxcPsZQamQaTELiYDt5nN+4iIoycUsxRlxsy5kVnUJYfrDTGBMq4b5vSXSmGbiRqzh/B/FdFBw0GwUjey37gb0CVhzLZI6BG8fCYBAYd+HI8onBfFwYxpFl39HJxxWgBzD7hS+FIxVhEP56HP983l4BOj7ef1c45mL/7MD0oUOH9md4EnjgzZvC4rnrN6buvuuuuHugvWvH5ZNgMnPjEZjbLmwQ7g7Aa78Gu8aEPcKjAXj6PujaJlwSbndjCzQK/x+2wJ/jaFSJ7Y+wt37ElxtKS/XlqNZkNEqV5Tab1l9d3VBV29ycTLqkegLgKpcOnV+Jhw42Rg3YjINWlIu+DYYYotO8ZcHnC3Ii18RqbjW574iHG98DwwxPdyPEjvPGN9s6GppQlVRJk6I2XgsqJS6VKlVFkqIqMDTPu5LEcpqZpEh2SRsTzeWo2u9vqGqwGcUpdyPO/HVpk6nc1rHay7uqqmy+Wi9pHWBY0dbeXsSQY6201GAo5zhvVAx6ONI1yRmM3RnbMuZYbLXBcnKclcfzYU2X5vlGGtN2sufY+ywSqVwL/V5vnknFXJDB1ceWn2vL9cBoN63QdlvSBFs2Up/nYglSIQXaQsjZJ51boEKiSyYqLmGsoF/5t0/EXNxzL7dWHBFFdSAy9iCDxTKRuoy23pDYTLgMtgQFNbtfMMfBldns6CyYmw0AJ5Du/UJYVConhVPt9aB7357HQ3uGB8e243Ti3pF9PV1TVz82Xzq799jcsc898ftnm/cN9UyF2b8G+ulp4V6mAwUzH+Cj9uadEzc/3//pdT13+9xAYPbdUyAp7Bt8fsdbAE5NCWfujm4ZBW7phsit+zu+fkdYEC53pEAtOJz9dXLmeGqc7uf/d9ld6Toci6pxsKKMZlBz3u83hsmWfWNy1ao1zYRTYh3GxaMLAS4QCJJqVg1hab0Yq1PXqWNOqgZaub63kuPWrFm7NqbRk76azCohBg2ZGnzWGv0x0LiuJlYpg1BWGatZ1yirbuNwgjyIIbHRqOVxFOX5pwd63OTNTNV8BcNUKxTVfFvbmsZYbNWqZDK+Zi0xtDXMWprZr+FN5ak1pNO1Zs1TZvtTOLOeT2t0InGERmNW6mUGq0RSARVFVKs8iqNjZTWv0qeqq/ieKprOx5t4TxOl9A56Bp68RGaeA3WE8S/Kh9OMEnDKceWsEmmVgMExpWdnD1QpezwDPt+Ap0cpMfD2cftlO9LabXaoRvYK5hLoIMqJFSSVQlpUUWE2mOnG23cG4Bf5YnctMQp9j25CpBvLtxjEpprYZvAGc1MPukLbYInM2Lvi2BdbywUqv2Awp9LrXzb8gBMAItqAf6qjIuQiiM9NSuRLUSKTHxWGxhYekmLD1jnyS5M6jANEJmOEE+ziQp72IwEeuwzxiCWXyct0Wg+pp6Sarl0Cj44Jp0jWdvAMGIV3jM5sWPhAaL8ZHvMMw8sHhNQBtAM4DRphF/paiOiNYPJA9sYBMHTAA8KHdpz4Sq3eK9ytTwLzjh2P3wWXCHMZuW36ABzft/NgP3ROTNycEL6OsEZ7+7Deogb1n58ckckzQjIJZvY8PzGx5/nMOXg9G4R7F69M39m//fA5o+Hyznjz8NEjoO6bc8B1lmEx+vxX7Ce/xDmiC6cO7eDf8SZNU4XDWtkE2mobPKEEjvJVdo0UlbRpMcwwMmU4vltzleJKbLeV2GtKGR92DJzlvoufrsNZBOEXagOb30x66qwoZBf3aJKlwMhW6fUdIRLHQ2Qxmq9SKwGgcn1xOlDciM22dSFtMEOzmCBKYVUo1NjQ2ur3Y/BT6iit9OEPWNdQ2yCuymk5GwdVXCOsrYWNHFvR1pwgjpcAWpSocIgIFKc91rKyvopRfMbSJhkdWs2taPot3D/lO7p50qxc9khtKLfLvowmvjDdH6LVnBWRWZxxuCc2fn8rLmwW6K9y3MakHCCpFFfeflAKXb7jJslrN7tF8WawtBkX0kXQwzlweQ58ebdvh9LwfOcu4cyccFP45vrQUU8dRp3NXUMdmdtXxo64asFLM80de4X7G3Yk4X4oP3bKFdjOHzpQiU6T7bZs8x02OajeAa2PH7JKYAedIOXau2v61PHag+B58GHFzMFxYcFiAeaHt1zZ6dHOwW3G+qnkBjSbSfWQ2TH9d1WyG9IWbEOkn5AA7/MWjjMkymJNbJmt2lVfE6kBNaEQOUpt+a7qvMMRaCMt2AAOwg1MObYqO6PCNqE6gQNKU8yApEhGaqVkmXKEV3q91Q12iEw2NwUFJN2AhEGuhQ6nKxkO/0NMicZGQBIjnjHh2Gwy1YdCdQ6cTnmdnNlbV1feEAiUl9tpib080SjK/BHehkCCT4wmdibGE7IilGiK5YBqE9cEi1CTDACTeORrAQ7nwOF0WnHOZS21iqlRaULNcnqNWk83t9Tp8iZQykr0ZlFmiS/LV5cCEl4yLpmVXJbckMgKWDY/45gbcMyd/EuzjqEVmnDfG3LMv2QZ0wjwRy2ibE0uFyJDtLnpXGqP2Eo3/TaPGaJ+CoM35aLv0uQjCpHjH4WgbElSFiOCYpCn3W6ic7cQUUFBYpPFEESqsIFKQHv7vbhggVOdRzi9Uni497iSmzswo9bIs7f74TesIXMQHX5848q+X/zxixtn9/3xnx+a2fXzmb+YePvI4ceK0+AlqfyIcEhSk70G35nOXBI2PBCuSbtG9GfeAu3wMmBnF5tnJQf5T//7f3sYFq4KjwVB+NeO//vut1f6vgHFQJGddD8/kKzdycgY9Xelsm+kf4Ht0pmf+WLWgN/wpZyJM5jMaxyhyrBztaO8rr4+IVvT1sba3gJbGMt3989bKmtdRPYrQAyUieFIhnGBGkWjEQISGplWMDqfDDcTBJtwrlYR5geDARss6dgWQUugMQElrMftDtHCf5IpL1+L7XRgni4PvcCX8CxnTra2ro7GYqUmcz1b63LVBXK7KAFbaSmGHvHz6dI1beJCBbOGW2Nfc27N/TUSFVqzZvWq1aI9ruKYVcCIVuEgbRKtNIbtFpRbrWSmLMyTaTKcpjfUv001xOrJ6FhdncctFnvclH3b42E1ak5PjJdMHJSuAg3YeEkupg9IiAWTipBfQmyYqtQtjc6I5rpSz5Z8IQe8P0jtcokDG1thdIUV598ntlxchpgyiamE1zpEGrV0hozEVUoxGAoWpsiIVecHyZYR8BTWjPU0yi6ZMfq+GevJEkFhuozJT5dR4jQyTVZFv0oiVVKyIR+u/zAsxOFIcr9GLRWEHYeU3OzOablaLth52A4/nt15ZM8BMPo4AG+5H4BtfK1w4s414ZCLBzM3hVMomrn6YGYgciguDE9vaZ9rz4x+CYyQ/UKQVGVvw9cmM7eEIeG+cEPa9f8X9i1ATaV7nt/jnARCyJs8IJBAQhJISA4JCTGEcHgaAYGLNFe88miacbhcR23HdR3HEsplLcpilbIsx+px1HG6+vZ4e5RR22a6e5Ttspwe120ty+pynF7b7bF6eu71quv0dW0kx/2+cxLAntldIZyc5AQifN//+fv/fj26M1/BFnR24WM4Aic54R3h7AF5Ey90X+2KQwZuEY4KD6paoQFeTdkP7HQJdx6UQ8Npn/DwfhACg7+hK8G1iB3eV6z8ruy/itXfInEWhYOf/7WXFmvPy7lCmrQVATv8vYulmtJSBzW0JcS1D16s0FX4aIH4ArGtSmpa9UZ5UUkFNhpxRUmRXJYd9HhEd67ns0uAQ+NAauxw2IqKrNkcWezVH/WpOWjCloBIVa0wS40pUelA4WXFC0jEbcKgnDZmB/q8XA33CYdzLNBrqbH8wvLHFoZShSBRXLPAC3/h/WPvr7zYSxlGAt46L8rxFnhRAYC/ApD24BCidTOqy2hReAHwKiwcq7OpPTBPZvNILYDSIduM7ZTtgY1R2+psnbYrNibHlu67OjBtudI9ZjBodNnZGhpOBKi0qE4j4dgCOjio26ob153UMeIwzOudUnpCpZoypO0rZ+lFil2REEQiA8lQUImNouXTDNZXxI+t7K9KbVURxbvESE0+V1SkHT8KIFhxuCyty5TumWI6ELWX1R1bLDqWPCa7892+00rD3PDuhY1QhadSWTOph/iIz3N0VQT/4kUXe2uxCH/zaeoY88+CmU8sMvhMav1zpmmDajfSTAoDvbL4G/Xxt7ZOvgKzi9fPnAEgG5QLvyVrrS0z6UenqikrJWhC2R/qdEZTgZJWqHLT438bLtglxYwL8UpNZX2OSGuWIE8lRMJJaRb7Zx9W5GsKWcMnxCBDUA0HL0QaNY31ShIsNIAq8jUklQxgH1kDLvK024rFZanOzq4LwYpV9twsr1EaKeRz3A0RLs46HC2mMho9GHnvqkSiobGO5+M18hqYQ2IWieXvQq5GImxVQkWysaaxxmqxKUTVDW2fPkMaRb4Y05zmOX2aXJKHMWq5VU6vGuzLtw4yVxjEMXCr9Yr1pvVrK8NYGSugorGHFOcUVxQ3FTKbIqBAGoVdwSlwF8nETiluKR4oWIXDGanmKp3VlZXVTmzyqstIuFFWZrIXF/v9oaoqt4u6CGVp0uUyUeqaVR/1GQC11BLlSKZNJeHM07DEUEYAVAxkKdmTNDT8dv/r7DMZQqelh7zedB1N0huVkL2hNLoxY5PTiMYVMJoV8o7pCdZAQBr4/7+y1IhNMAmm+G8xi3AFQ0k5Wa469Dg1f1TWfjQ1L/I67X/RLRsl9/mFB4hPzTOzu04d3nd4oeXw5o189w48tXd04GBPan7fQPfhdmTeMnBw9+ji+9uPNOwbgGuvTl7lcXDxC57c2c8IQj78duHY+rNnxy4LsUfHrM5L+xqOzXadPx47/UFyjjl+8N2uM5PQ13F6y8Z3yKK0o7+WP8RvAgxKefPH+DpGf4nhFD6GEZ4HcBuAGWW3/iC50d9AXrFdfvVFHL85Sy20UXgpvyj7M2Agga9TVEevgr/6UKUCnpIscZBHl94LG0AZkME3L2BRFb3/QtBdDMQLoBSfwPUgAEy0R2oOQFymY62S9DGfHTT7fBFbXl6BZLCthfk2c5mIGVBjv98UpCxSvNkXTIZCJp/Xi0xkpcIAx5kZEyxOa56ri23Fg8VYiYvdTmmAsM7d6T7pfuJ+5WbV7nPuK+QOk4vdtrw52HChz0aTuQQdJ9OobC6opHwGVJGs2I1UdNidgnYvVATFI++3upIqc52p04S2mmCXCZ4yzZtumR6YGGDSmLaZJkyz5AFZLjaZZAi5RE6WTgTRMjGgyD/Wv53WgUkssUpav1JMIt2kjv1S2JGhzAksERd4Q2mdLm1aJS/NupMG8f52ick8s9BFBJoEaPlRBhdOZ29aCdiYrgjglVx9/DFUchwV3Z+5odRd2zm52LP45YtTx7sGjvQOEAuGP1jskW4Pju0/cPzoomLLxi+nLgsv2S3In7r98uBTWesG5c4zyAqnEecT7i+MMQOnp4eEay/g/ufIf3xu0+VjcMNwz7PRp3TuwSr8q/whye5ziV0uA3FJrRGN8xpHmbnM4c4yrzbUNzbaqNjL0AV355qsy8QaZ5OM601yMYbD5xlGttRF7Egq6dO5oJYY5dUgTFac3p0dh7mrZbZQ6Cc2jVZrLSw0SO1gW3szrGmGZc0/b0YiT1e5qSA5mz2fjV6thrOr51ejXBJaJNVkLSGl2x0qK1+dncuQn6nBmK4Qjy+JRUNsLkhirAmHQn5/TBxr8Jdnl9lFYXdvn1iistnr7J32k/YndlZtD5CTrfZxcirTYjsNIuyrc3OSOZJW85MklOh+BkXCnydJuTJpUFvJD7XOvXp60Wo1G810ueb0pdWejR1tkuZ7XQes6xjvONRxsoNRd9g6AuLJlY6bHa86spS4QwbAWnFgDoh64WTjOP32pLEDOOXEcdGAu57E6nESjozXH6o/WY/V9bb6ALnL6Otpv0xEY3K4XqWfkyhfSHxCfr5KpdVotJKK/bgGAg2vmdFgTgO7NEMapMkAFDLj6JmFLq75dPNjOdiW1DHAisG5qFgASSNUMrqq21eggtPzdhIgM50dUmgZFQ3o70/vlvQcCJ2sS49iRyVQi9ic/W0oAw2WcO5k54RW6EU6JAu/cm6TjsOL9LAONvTjeTstXBq3C+vT49zowAuX+XSRC248KPgOCsbPZ6Pnx6YGGMW+bZxvZ5xNPHoKJ488Ej47vvv6jNmgauo15PufCgvC/qwjp4QZTwRuOTI2A+8IPunG/sO2oZKugZeL0Si+F+OPxK2p9obgcFO0weqbim9rQHemXn7RsU04sW+441SR9fDwLERwu3Bt78H1rR2tu4e+gQCWwNPCA9qhFf6n/IHsr0Az+M980l/hcufmNEKyFpr0Whk2h0q4clOJuwSVOG46oIPax2hh2FToLkSFRUytOWYyu83IbNFYoLupwlFksRQ5cE7Fx/B3IAc+B3V1ae8uiQiFREJfevCKp9L0jSSmJQUA9HfvchfL5CFN5rdYLR1FkeXMlx/hHJa/SPSlWgfz9J3pUeFR98XJoY3CbU8c2pva0WXhvicG732cOoru+K2pKXRYgVL5CLX3jG4e6oKzG3ZNd61HYPFLRoHupnTGEvww9e638DSxY/duH4fnBvbt2CLcnpo+wCd3bVovbBltSU6dP9Cx+UDP8IGBno0bNic3v7t+YMOB4Z4DY10HbiW6e5oOpnjAgCLhH+RHZP8FvAV+H/wCbMV/xduLE4HqVaEsY3GNo+PNNYieMP39g4M14SzGCLo2UqaJmppGsQfFJ7aW0aZAebnN+nsOGjAqnZUVW9yMTPFzDROmXQIE1sB+ktk7ecz09r7NFIyY9fQlBgMYpfSeG8/zDJp79eJCBZfsombLYgskfx6GU+Fj4ffDOJxFjN/WBritATaI7c28guRgIdxaCAuXTi1wqwVaRJNHTgEJXbc5cY7IhFjg9CbN1Z7qZPX6aqa6Gr5VDXHBm1D2JtS8SX4oX+QLJNGb0NhVrnIaCi3lqmylQa1r6AJvvuV6C75FL1EWOpLMW4a3Jt/CzrcoNDfbXZ5Eb0EvQ86++4i8bRQG4C2xqA+qmEpWQkYV9qlZG/s1+4Rl1OxWOqnAUt5HlsuqyM7OolcU9P1p9q+yP8l+mc14s9uyf5b9j9m/yWaz6VXZEi28KgmyoRpl+5RbRkcpXwQf6vOO1oy2jeKCUfiL0V+N/rfRfxxlRnnyjkb5opKkc7RqtGkUg1HNKMpBo3/wC7da/Qv6OktfnbpTfVJ9Ts2oyZ1xNc7DavqT1GLpRJVUu3QjOsnSd47AEd7uSIIRzci2EZyDR0bqnH2JZlF1jI6OquugEtd1tHe3Swa3u7tOPZrNAtkqU/8qyeYP9m/tR+p+W3+gf7z/UP/JfpkF9/NuX7KfjpP205nQfvq7VPU3WAqxqeT3jbYCk4nS/fDOvkHTVhOymQImemfcdNIkO2f62vSEZL4mOG+CEyZokqx32t7SPWqiJtkrWtu3pUn64ArbnZ7ZyEw+b88gaDIIw/QTEjXligfo+VLDfOXFElpK8hfefqmUs2yn0/VwCXkvXbKdfoqm3+sltv9RKBgS04Bg2vz/dlnkJVOuoYJkmW5kgCYj2uVSowRrNDlLl2GKIg2sg3ylyi2hPFEIRjxzvE4Fm0fsVp5OH6km10WqQ8Q4IUzHn8RIrJo6DB2tmNOiTqSaYWkohovDZSivuAhqICO0w4uCFT4Ubk3Ci2cnv/xyEj6YvH9/8iy8OCncEr3AcWHkwd2sRxqE7nyJ0Axi4AmdKisWO5I4otR9EO02W2U6pfAMIaUw50qoNKkHqQXYAx8I9n2QE24h8r0hV61UHtk2se1AFM6dikN+xxHyb4cwHz8lJKMHyBPTSiUXhQ1oYNeZqU8fP5tbfCacut7agZiNDRrkKtoND6Cx46OL3wsHE0mdwV7OXjySavngA8CCTa+wfEFUWfWJtc1VSMubTHKRTFNRgAt0UU2UMmnasLKahjbVijCVIvv5pSUKzaHzMEDlVj90KpTKKjedKfFwNpEWwOOE2Ge314TENELN+3yURNbu4Ty3PNgj2iidMen0ecinvdyejujpkc8nF4Y1muoMsH1edUuFgAqqMQ34L5Fozq6itE3xD/tChQD4JdIRAHjQBSbADDgFZHkYiFbREUwCK7YwDE5XQRk7wzEYMPPMLQbnY2aZ2ZP2gRQ0q8ZqxVYxy2ZysIJ3B5IKvqQ0qdB9kib9pDvfYDBWm+VZ1dVy0dxVK4L2kkCJ9EaqGRBiSgN0awdUpaVUK5k39R0qhZ0U0s+XoonSmdL5UrytFJZK23f76wXRTPGe7qalkqi069I8eq/txcy0YUa87G2xhk+boKtWUeSv923va+wY4qYKpcVXaJwVCmopmVSaB5Tuqwytyo/GCZ3pYW/KAbqCWtkh1pIcaR0JhzYE6UgLtsO51FfIKXy5fU8VB099d9X5CB6IVO3fLtxFVakbcH4mpZlJtcBH03emZbGUBj196bpzB4+cvo5u3IFXvpm+t3tDe0fVQ7gxKFx6N97V0L333vQ3qaaBAdnVhcTM+7BF+JjtePkt89WN08dpD+mo8Bv5Zlk1yVlyQAWohPK/zpHKkCqVhfJ5mjgOi+Q3OfbKisoKn0ziPhnic33YZPf57CbMhBQiBSgv91eKFJkl6gplxWW4CvQBjzjJ7RFLNmoXWY0uV5GuiJZs8vssxCIbSYap8yt1OqUfA4VcjjGrYNNSqmRh1SlIAqygm0ABsunDJECnZUcKX70JMJDqgiv/pEt1vHQZZkXtW+Lbk4g0g0tsURnGTIk4SvNY5PoViRJXyHz8e/wTxSQgFtHgJHSjNYajsi+PLvQelfELveyZhVnmmbB7Az+gUSlaWjWGko93fvEKZPHdd3yxq3yVTLg8zARffiGrfnFpeEQ2v8DhfVPCgeFN3Yft+XsHPv0KTgoLe97b18BvmRi6BxenxGjrN/JhEm3ppboFfIPP0eYwWk+OneRvbopU9ORbrcZPxI6eg4qfe+zI6SxHegCyZbnU8PBIjGucNrLDS2GOp7TYgHKB2lBciuV1cgjknPyWnPzGnXI9+ATGyd9PT0xMUXFST172odKa1Ku1Ui1C0vgYUm9TT6hlSkyNm5V1kjdAN3w+sJKLPH16Rp1vyw/kj+cfyn+VL9Pn82W+ZL6YdeVDDufLlUx2OuCx9Z1jr7CvWEw7Hk9YEu4EyHukQ5oz7KzUsNu+5E4z7pVCycQWiNS7i2Y6HCLvjbjliWfPeFXyHJQoMjPTaNRtiiQkYickzd+rF8WNxKCdMp9WG0zEi4W0JGwXXVpES1nd6K1o+qAgHH3+fHKKEY4K17DseFNM+D4WfR6M4v3Hjwuxd96Ba5wuNHWY+qbDqdMuT3fr2Cj7IFWVenHnG+FFa+ybL2bhN+jGixm564edZDVfFV7K47K/ACpgBZVgB19n96rz8kwWL1fqYBR+oNIiQ6HCrSowGaDBdNMEaYAjxjrIpIIq9HcKaFZAhdyE5HJkwhaargAxXUnviH5R8rRfylkkZjv6PzelIUuhdHHF4CCZiFEC6YoZIQkIaMWFjjanZUwlHQXai4Trj8h23RUuKwxXHyzMsv6ZmYWNM4g/gnjh6faz5+/c3X7/7isgPCuPwqzHX95a//AhLavIXt79gt+gHMU70DWBa4eTL6jWaOrxwAdH3zm98+ypGyei8eMXT8xsOXb6HbL2I8I/yb+UfQRKKMsOaIcPeY1MJs/WlmS7tXmmkmp3dZL2t5Nw/YXVpXVltHpdTjK1oYt5cggp4d1FXFBYaKLtlmKQgMOXVq3yccFgZA4Of+jT+ET50J/xyvrV5Xm4mG12t2nayAOXfPWtrR3VaQnfPt7GNztqWtvaSlYnk9GS5sbGknqeLywp9/iqSxPRaLUU0AaiEEShBUdrCgtENtkCkU02r6+ALwskC3hVXrKgwKHGuVq9Pld6CdDDHKyP6oOgnAt+IvY+g2LNYpCDas7GjXOHOCYfc7zHl+RoDMxRR8lhhkYABnOSHvlcpTrJMEBhKpEDUCI12TvBE4BmaD1UQ74nTzw9S338BadfrF2nhyzSwa1ElZ7xmRnyiUwAbAotg4PMS4wU0m5c6iL+qJ0YzRT0QsvoOfH5zM5bao7TJwMZHQ+aWIul6+XpZYMUYZqMkt1Np9AURJ5W55AtP0iS6XDIIC9+bRJ/I57xN8x0xFrwWOqLp9tbFOYukvXukbV3C19xMahrSGSlDjDPTsBfC8YTqTGzb71wmUtAX0eRTrDDF4oTCrRvcdPey1dj0VvMF1s+P7Nnnr3QM9aya9Q5LUTuy5hkjxIxm+BZ4d7k6dNN/PSeTYupnsXp1CJi9rXPHm7ld00Hu6Y3H5zeghMbr51PcGd6B95/b8cN8hfhX2nlt2W/Ag7QLCnagE/4oZ43kmxbc12lPcR6Gut09kSdsthhZ7vR+pY3UHtbp519v22uDZnaYFvLyZZzLVdasKYFcp4Kkwd6yk6Wwc6ywTJkskM7e4iFZiVU5nvfaClj8/PZshYm/sYc/B2f83d10FwH6+bjxNgH+oltqMtQLKxashZSZaM/o5achtNkcDVp0bk0BbpoQtLlC0YuyzOEijNOExUX28NV1ZFSGhaxP7Ky9AKtQV7iSDfUZPIlFn05XQRpcsbLT6+NnZ3FfmHjg+GL8PanRpWCGzOoXMI3qdvCdx/cgvHUO0EuVb5n8tmzmVu3hjYhZmDL+dZNCs1QomPLbnScuTyzODzD3Bu7fm/416n3JnqbJnm8+sTFsSP7zizcXh/fcGbvtLHk4y5BuDF99NPLk86S0RIf/HwaTgm7poXRElcvb/ekDswzHV3KLuR0+fBlYfbqjW93fXp67Cza2bF5U89mGlWZia8+KjsJlMADWkEH2scbgBuCYqipikUbK6KxKiyr7cimg1YKk8FGwQ0qYgQGzmuoVvfAhy7EMGsBVW6VmQtorcRqpcoSA7xB5lIpmNVOZ1djxerWsrJgJOCtpblDCb/aypcTn6mAujyq9phHoYzUeCArMRwkTeBE10/sRrHbatHmKYrduZpkPN4ai3i9ZVGLVq90cvV1jc3NdZLrbyaXa/MCSdCsabY3Yw4123JzXVJKkEu/YS4VOc61FmlMer1Gmuca0kOg5/Sn9LP6W/oH+qd6uRHrW8vEAm1rlNaRKVdZFGpwNE+hXKtMm7+1mrV2KiZO4sO11Dx5/Unx6CgTj2KhZm24Iuj3V6TBQ/4uP8rBfv/aqD63WcbInYihdhMBRqwgtLarkQ0F0Dg6hF4hmR7RyAOJkQcikQfi5HKx/ODqo6Sj43JM1Wd4eZd8SD4jl3Hk7oR8nsRC7Kz8qRzJV86jvR55SKXeFdx63uW6wArMBViZgUhXLX+zDCufdsXW0q6QbZTyGPpDpQgmJCpVSAP5EnWfJGMnWdSMPQ0t9bPBAG2DkfTb5dZppS4greBqQ0sfJBERz0VfD//9vbkkUE73Zl4xjgvPuYZHzN2ZxeR1GBemph+Rj+lHMD49vbhtelG3e//jxzPz8z3rZYqNQx+3DGRpBhKtm7fJ5haTeA4HUi7haCIOY2g3tqeeR19uRzJ4XbhEFZFga+pRK0nqd6TeH4HfQxcXh1en4TZhZlrY6/FtaCn3pybvMAglOxTdiKuK4e/vUd73/FdQ/q3sz4GFZDF2XlXqcOTY7Tk5cr3en50r0ndCkwljuTzEMGU+n7+y0m+x+P3FVO+iuIgKH13iOQ1XULaE2olR1E6pg56Wkoiart3SUnW5W+MursyvFOlH5IwE1dH1lZWx6qy6LKRksshCE+cgY7yhLxuwiLw7FucVkeg8X6vOU1O0mrpPr3+VBwN5sC5vax7KkybrVvCtZpIY+gjF7IrYhxXc4T/C/9BR8VCUztlFMzpAaRil5I/FTHaJxUxsC1PgbB77I/IxujSkyVbwGqsCLObxcbh7sYV5V6iiOtiPd34q053fvWNxpBu7ZrArFYfvwyNVnpQgzM8I36XumltQFixJdcA/7J2fOvUwf1pY/IZp2qQb/Ya58fjxtPD5hu6GD2BU2AGPCF/dj3efJUEK8YVFwv+Wj8rOkQg4CFZR3Bg4ww+tro9i5K7W5LqKKgsssUA9WcS+yuZEIOSylHkC2drPLdBkgRb2JEvTCExBU4MsNld6KlGlw+4gvx0YcP2JC17SXtOiX2qhNrcesQ4XsWcOlqlGNFCuXlHXT7u//pU+UGRWlRKFpcg5HUPT7RoUXZ+EG6WJocyxBHuSSmIutlqE7DFir6VahEFFql3FRnJ067Ckm6qXDgg9mzoRjOBLBqVifc9Xpy4qjQ8PTgerGKVq8f3RXS2od+b05BGzWbi9sL+rPOG/cez09U8XhZ7FYHd3z8jstu6j11vLv9ly99h8U/DuNvw1bILTwb07Xn7z7E57h6JrKJ/zHYBKvOHa2djDJuG+8OvWYBVJwY2nzE0wASd4YUS4rVGetVuFd4X1VXAEfzv2Xo//eg/as+uDlsjtIZEV6F/k38ncaTWmKrIC9/E5arXeSDyXzFtBqaQ/1Jf7qisph/RFl94lo+oxH9lssUgIYE6sF8goe3t8mb29luwXmlYiml2iXKzOAz6OE2m/fX1XOIjUHKzjOrmb3NccQ11bJzfIneOecDI1cXGusiQXCJVHIiGpZm2LdEbQocjNCBqMPIm8imAQIVF2ZIWfsPQhmmYiXlOQRMhpA4WaQnshyX9pd+AjY0mysNBsdkrVdjUXwfKb5q/NT8yYyhgFzFiFzWVheVjyiBJ99bicAcR5EP8C5RScv+wz3l4i0hR7emJzL1OZWlE2lhqBg/0ryshvZ5D5aToV8tLH4pCUBPsIZdp8tPAkDopQG5/hJzeGRa3H4hVaj3atdonzmtwM9HJ4wPhdMHFfZngFNl1S6s5uOpC6dwZ2f2Y0GHrarfbyBbIirqH51D3kkm6pBuRMPURWpBcY4XZTC1SgE1j5cq/wvaw7qZRNjQhdH+waueHKn933GSyB1/CUcFUgUaZwFcZPoGF6AEAB8oXfiTZbD2wgDGIgARqoOCPoAN3QwV8uyteroznZIW14lTqaby9syGJMjJtBDMvSBKi92+zuru5Gxm7YbRCpJltb1rpbqltQS+e5ziudaKgT2jvhXOLzBDIl3AmUqLtZBzvrBuvQ6sZLjfBPGn/ZiKoboacRWhpho/jX5wqxKeqOomjNTA10hN3h6jAyhmHYbrMH7MgUcodQyHnKOeucd+KPKv6uApkrYEU5a+isK6yRJLBqCus6DWy22kitinqlVZEwkisNC7ktZ+U/uisC38lZ+igZn7TRycTa1ZIUc9pPS/gHiRZHelguzl2S4FvM6EVjRAy8nPzFIzg9+v4jcbf8RMN2bJ5sakXK4wcWFnEHPLsfnt2XKtm3l7m3+JkTnVYoDc+Ed5RFt44cUGUpUh288Pye8GzfPkqqKxLrfgd9wh14Xvwq3lIl9Pj3CgVzZ//+l0dVmuh6u8DD01UR9tO5ucWnfv/2PSfmJoTF1l7l7sQWaJ+HLuE9M7wK/fugP3X7448/htzcnIjd+WdidTqJ1YmnV0oX+h2v4xDGOtZZWuou56qi2Z2aTjoIlN1RZLcr5Pl17N/CQVAP2snGb4e959sSVhpSu1ubyudg/yV7FaxaE2mkWOJ4RzRbR8PsnPo2d1WcjWk03VGa/UfhBj7Exw7Uv1N/pv56PVNvthYn++p/Xv9H9fhv6v+h/l/qcb2GRK3Jerir/kU9wjIjfG6ERhq8zhstyY0YQhveitFWPI6RCicw6sAn8BcYr8WwFkMf/gqjaQxRAJPrDuFz+Ap+gl9h2TiGA3gvRmcxrMBwM4YF+E8xUmAYxUmM/iOEChb2sT9n/4jFFhZGWehho2ySxYj3UsNmdSbPoi8Q+lv0P9BvEVaSDYtychDMzUYWhFRGY0fHSXGr4M5O3RUN1Gj8BW257VDT3m61UloAZKGicE/PO4vs1D5n96mLyFsoaoxI9NevGiFoJFa1UVEgTyQKpPj+SgKCBAnxE2ta0piKNeQ1a+rZWhIJ1dKH1H3j4BA4CTACvJZkGCIcimxo4PQnY2k1XguORv1cMOiXIv6ixsQawHqCvM2XDNLNH/Qk0xG8p9Mz7sHAo/Hwni7PkGfGI+PI3QnPvOeWh531PPUgz7Iir3cZQm3OwI9ohP16bREslziW2nvLYKZoWmIs/ep+Em+nz+nH2297vf3b+0WpePpvu2jR3357O/0YpCp1g8Tg088VYyyPJUoSKt0bkvoMaRWKVSJN8hJnpzRTSEy9KFyqo2BTncm4ZN1JlI6LV2I6iIlfEbsXaygjN4l/ipFb9rryAR4l8drz6P17SAVvCInyz4LGfFVrQ77OOdrd9cwvTJ46q9Rcey/CDfOpJmSYSFzK0myPbBQW34/Fj+IWuEOFLi4ehoywKN3Q1PCOoW0b2R80LUfNOuHxr2dSxz4LNuyctxu/6zqGup6hM6nE0LYN/M7truBE0zb21g+HT+SrsjpalcPwqlAlPGvwP4dn8G6hBOoeKBdvwJ3whTD98nDvtu0De0gEoiO24FvZX5DoowkkQTvogv/EK1RRVXNBNM7Lsj4RkXwWOHCxOY9lRV0ZjJMFIgOcl86pAFNGf+gC6GoVp2PjnYk1Ivlbk67ZC+JNsoYS+jqns5v/WES9buDz+Abg9ydXY5pe1iGsRtCKkdiaI4sSIc5ZUlJYWCal0IVUMMgXTBYqlDkqjSZHUroAGhJ7adYk0uXCNXVrKMwhB69J5kstcpAkuyfpM5lWpy8x1ZkQEFWjOtvFXLqTzZOwSYAlj7INPG/yJXk+Eo3FIlK8UqhZkzR1snIuRjcLiGli9hi24hjXkd41JHga5zAgGQ/PdXFD3Awn48jdCW6eu8Wxs9xTDnGv6Viv3DdpKZzl1PbfTMr0r8A7pVPeZViTyNAsrmRxB4gRjWlVWs+MnESDaehfuj4YXNFby4TYqDQd4egjenFC8N+Jc0Qw4Mr179DR9Y8pEb2ohOTQhtClW3sOuzy4KEuhFE6PHlQYLnY9RFmyVCLGo72phcNw/oQn35pMlhTx36YWBcHnTKQ+Rcw7/AmFaktL1yNmNsKfVjL3hP0p3yP6D/8LiXiOcZuHFm+NCe8oZL2tOh1E+9DIvi2py8LoiV3tJ1zmE+s/hkb8eWskhnb9cORdQ1ZWV5OyB94SosJTnluEp/fAoPCFH+6ii554vnzha/ld2S9BEdW2EDkPVyMfr1GxRW6VzsAW4WK3N6BTfgw3Afmrpxflck2YIgIv5LVoWkRMarOloCBqgoVVFBOOQaNY095woaG+pphe5+UrYiLjXCgPN3hDbKUuW0OC+OGLzQrFmgBd/QH4s/N8ZV4GuloZCFhKm1taZDYFIJfas4nFpsiTC2U+CYGSQ9ZddrYtz11WVipth7JX8x/mB5NlsQrJCYAYWfUxvalIUwVAUXpzALKgAS+6ibI+Gw/V/CC/lT/Jn+Of8LJOcnKInHzNs2Q3qjGvrmaVMkpaJ24GWZcM5WBZWQzwMrbAlmcpkIgOCsSi0FYLVFtsloBl3HLIctIis2ALBZVYaOBoobvE0tCYhkCKR3OBePyIPNPYaLPVpQN9cZZh3MYAG29DnMijuExW9G9r6K/Vh0JL8f7y7njN6XiXSMgl7N+yzfdmtspSOT29WzKOQuLTD4gdriWS5wzkQ6RLCNOgMF2ddWjThXMRqqF3/Ht+ApeKu4p93U94oAx9hbr3T506PAb576BHuHtMeE8n/DrGf28UUgcRt7PlepZmc1e7sHgp1nACMSrYI8wuTi77Bji8a9PkgV3oD2MNcGbm8t3huT0zqe9nUgb0SIgJnzVFF+BBpumH9w+XGJRNXcpueFsICs8Twcdwdi9SCmdH6HzkU+EIMm/Y8u7QGYq4LRL+leyPPyOZhBvUEG/wUzAARsAr/k+ddpWyhY//tNzTPrQ+8pay5mehyE/W6pHD5raaTW63G7kNNw3QhEjWjbSHtLBTO6hFPWs9a6NrkWUtXPtTzU/tP0UyhUnhVpDIa4ZCZeGaxrg57omjeLum3d6OAjU+d011DTLWwBrPKc+sB23zQLsH2jzQHPFEUCSUrzQatD/F7Z5QyNOOf0p+2XIxQZD/KEHQrlq1IhsISQkCWSGZXGFF5pDBGoZ0y628pVnXdDtPxq78OwOt1lkq5Qdp+jIxS1gu+mgNjkwJvvj/RbukX9lakb97X0igW8KDaeErJDyNJ6ECfgaNL75C04fhmcOoO3X2sNB7OLWjHB6ZgpPCnkufZRHL2S1s9kBXomGko3UDVDQ1TDY0wPKXAgffTfh2dDuH4IPFjcd27h5rte8gf+cdAyMDTLPLJdzbv/ge3pB6LFzj/FAD7yOXuQFWHSf/9s+Qf4tdR4/uESavt7RmbYAj8IONPcnuTfz2yejIhgkojDbEd/O+PSlZ4vZUzLB/qnvTWO8YyAZ24TfiNLYcFGe0pamFBWtBiv9P9XG3K6vYkl8SCftdoab21WvqfO1rdDW5eYpCdx405sE8400S7NOJkL/x/r0XmbzQ6+v0DfpQwAdVUZ1Z59Ehnfac9or2phaTJRbQQo0Wmkh2icJgBlATAtDnIegOVYeQMQRDkfkInIlADwctHORYVjS6SkMSueLFTL7RpwURlo0Arc8ok+XTZSR7fRlpqavOtHpfP2TWkog8688soFVSA1ibYa/IoFYzKAhZhkNYYkxLLwR3pFocjXZLpkUbYTN0XLRJLraKoVjtYqX+zQPGPpMCM/jL3na4TxiAjxY88DthDO5p7d480r4efts+nFz0IevVozsb7sMd6+EkBikg3YSs779f3HDw4N49M3LD9tHhLUMvt28a2rJlE+pfPDg8LB/b0j0hjExMwOMTm9d3jY41xMdGF/Zx+8+emmofxWBmcaTrzg3Y9Dkagcfh6PSpze8dETZPjA2N7urtHZrYuA8oQVT4X/Kjsv8A1KJGoZ3iYaR5KpJndoJ16PSHMllQgRvrc2EvST95uA7UARv8Gbl0DXyDBKEtcN3FZoPRqKPYVTMIkmQzFArPwd4PqxOlAaygvEA5WT+pIdnphbIu6CPHi2sbkqoCCn7V19mbzdU5ZWuz1FbrG7jN6ccq2pX+fV4doGw/dcGTwXPBK0EmEKwLHhJPvg4+CcqDtNvTWQiLix05VnuwUONoU7fBnDZnZ3LNGuLSGi3N51pgS4uljucNhRpLnQVa+AqOuDxreRJYNBakxmqLPzcde/o1fuTFfmclPW/q+5mTSoTjHOevnOg3zpdOxDidziYnbnL2OFGPc9J5xIk1Toic1Z1hOBi+Gf46jEFYE34axjk4HHbX1rrpNwr2DdZurR2vxWpyOFf7qpZR19pqr9Q+IXfZnPnapyQ3rCWGtTYIYt7OrC4AOtNAE6ABp8AsYHIx8DtrAcOoc4xWu8EoIcuMMEKC2XHDIcNJA1YbbIYAufvKwOoNYrPHADlssDDydVgCs1nTbGjjDAMYnuliZhiGY+YZlGZHSzvyJQRnxo1TUJl2hSeXNo1UnpOQ+5lJADoSM7g9jS9dzhilTs/2NIuyluaM2uWeuVjbT5v/gMiCCcVSX6bDI5X70mK/JhIgB5c66EsfUgVQH0qTuYbSG5d8e7EmmIGtQIpDC4v6OXkaTLerJCfidlCEE3xtAiwcdlSHwo5ND4XHeEh48e2e1Hd78PcT6JGHv40+nZgQ3t2z5+VmjxWZB3ZvvoPMqe/Q4iaXP+qPXR+Lcbi7N+ob9gg7emOeIdfL+dHRO5s3M+cWJicXFlqnDsonUiWLD4Q90SjciL5Ft19My8t/aEe9Vc65U3vhu4eFh6mJp3iLTnjw0Kx6fl04UAU/zf/13aLFy/mP71hfCN/t+nZiYgEwwCj8k/yWTFQBA40kKrby+sEAjBnzi/QxYxEuCYXD1SUKKlmek5PbxMdZJ00NSwFDEj6WzfL+rcidoSXLSQvX87kaTYnebDWwquZ6bJeErH3VtbVrUCWgZzV8dYW8kvUEPHyjq2l1edYfZEFfVjyLZIJZMCc3C+qYrFBNoLISoXBNjkJRo9Fqc2tKffZ43CFBHdWSpIMPx211Vp6vkyJdNW/jaXTL0DuDPMVX8wHxkZP8K16ei/mCRnNTU6PUZ73ZBNVNg01XmrAWNMEAbjKtNuTmrpbCYHUuBLkkxcwl+zeXCUd9oSVuexFdHYKU3p4SuDL5OEQxJSEaAodoCBxiGaYmWpPOEaOd0fEoBlFNlI92RYeiM1EZR+5OROejt6LsbPRpFEVX9kb/L7HvSpT062ev4aWXIHwr4SRpryQ+PSg2YdKpYGZqLJgRJRQp8peGxiR6fKn/RXYMRaQA2gU1yKVJsf8vPb5bGiZza9Il9bzXCEPhLnTjwMEG/svDU34/PNBeta2rYQi+KxyHvcIZ8bZr8eCRnh57+ZGWFqvnubnruuzbH86jb+Em4Z3MDb+diJFUcVfViSnhFPTA6aqxoX2tLZu2xSeFRfFzYXIvM3R0TyS62MD4dw37/alp4VKkFxqRDp86stANZSSqJp80As4X/ln+a9mfA+NyDR30orf4nLKCeJmjwFgY9zeTXXA+uVpGD8ZuOnLxodNpaWgvpP5HUVT8EzeO9HDYS92Xj6yhoQtqdQsiV/PKpLHIx8QwXh9bFyJXX6qq8te3JVbRF5byMR9fFkz6eBWdGctlnVVFMWdVIBgja8+krrPVoQpcJ9HLaZJ15X53ICBW9Yx9ZKMOBeC2AJTI6VzBn6xbF5T0egPrTq47t+7JOmZ83ZV1iF8HwTrNuq51xKusa169mpVmvcBq4jNWd/UWh8O9kn23hQfDKBC+En4SxlfCkLoikhKG7dG2KL2gos/WNti2tW28jQm01bWh8babbV+34Ta+pCwJ2jRtXW3kB7RZO+KW+trauPROOmup78K1fFFZkq+FtT6DGuTyuYjssNysLIPUbQqsWx1uq5UBYgU0IAtW4Kw60NQKWqVvQfGq4xSvqhEB1zOA5cAEmAd4FtBm1PIeWtoKS+2idLcoPXewnCz2r6B++tHcQebh7T/aa/0ru0yhpZGD9EymN42PFHUmliYLQpRU5/XpAok5WdyIq1YQJL9WfikuthOX89oMgSMD1QpLkwavzRvQHLNYVGMlHsmRFyomfgffwUenUrvfhx3XDDpje6vV6hO+FzYLj4X3J06dmuiB0Yk5SGL9SWEnPDA3AaM9E5cuTUAfs4mqzqd2C8Li92IDYmZuTlDOzclCi9YNqQ+OHdn4lT3/s71fwSzZpnu7hPeqLqWeRq/tEg7AnbuuRZHmUhCu33XvXknqMNoifH8pNfv0KVWzHX+F0Ri4BVjg+xQAkWkPUNIviDU0uKj6sI+BgMGB0H8PggwlR5SrlABMaGzXX14f+2Hyj+Z+ueXvwf8Boiv2ug0KZW5kc3RyZWFtDWVuZG9iag0xMCAwIG9iag08PC9CYXNlRm9udCAvWFdKQVBXK0RlbmdYaWFuLUxpZ2h0IC9EZXNjZW5kYW50Rm9udHMgWzEyIDAgUl0gL0VuY29kaW5nIC9JZGVudGl0eS1IIC9TdWJ0eXBlIC9UeXBlMCAvVG9Vbmljb2RlIDExIDAgUiAvVHlwZSAvRm9udD4+DWVuZG9iag0xMSAwIG9iag08PC9GaWx0ZXIgL0ZsYXRlRGVjb2RlIC9MZW5ndGggMjcxPj4NCnN0cmVhbQ0KeJxd0c1qhDAQB/C7TzHH7WGJH7vuLoiwa1nw0A9q+wAxGW2gJiHGg2/f6MgWGkjgx+Qv44RV9XOtlQf27oxo0EOntHQ4mskJhBZ7paMkBamE37SeYuA2YiHczKPHodadgaJgH6E2ejfD7ipNi0/A3pxEp3QPu6+qCW4ma39wQO0hLkuQ2IXPvHD7ygcEtqb2tQxl5ed9iPzd+JwtQro6oVaEkThaLtBx3WNUxGGVUNzDKiPU8l892WJtJ765i4r8fsvC9ThO43JRRco2HUgJ6UhKSTkpI51IB9KZdCRdSDnpSjqRbqQzqSJd1ta3HpefCJOGx4TE5FwYzvoc61SWeSiNjxezxkJILfsXGEyMfw0KZW5kc3RyZWFtDWVuZG9iag0xMiAwIG9iag08PC9CYXNlRm9udCAvWFdKQVBXK0RlbmdYaWFuLUxpZ2h0IC9DSURTeXN0ZW1JbmZvIDE4NCAwIFIgL0NJRFRvR0lETWFwIC9JZGVudGl0eSAvRFcgMTAwMCAvRm9udERlc2NyaXB0b3IgMTMgMCBSIC9TdWJ0eXBlIC9DSURGb250VHlwZTIgL1R5cGUgL0ZvbnQgL1cgWzI4NTk1IFsyNzNdIDI4NjExIDI4NjIwIDUxNV0+Pg1lbmRvYmoNMTMgMCBvYmoNPDwvQXNjZW50IDkzNyAvQXZnV2lkdGggNDQ3IC9DYXBIZWlnaHQgNjg3IC9EZXNjZW50IC0yNTMgL0ZsYWdzIDMyIC9Gb250QkJveCBbLTE0NCAtMjUzIDExNTAgOTM3XSAvRm9udEZhbWlseSAoRGVuZ1hpYW4pIC9Gb250RmlsZTIgMTQgMCBSIC9Gb250TmFtZSAvWFdKQVBXK0RlbmdYaWFuLUxpZ2h0IC9Gb250U3RyZXRjaCAvTm9ybWFsIC9Gb250V2VpZ2h0IDMwMCAvSXRhbGljQW5nbGUgMCAvTWF4V2lkdGggMTE5MyAvTWlzc2luZ1dpZHRoIDEwMDAgL1N0ZW1WIDU0IC9UeXBlIC9Gb250RGVzY3JpcHRvciAvWEhlaWdodCA0OTY+Pg1lbmRvYmoNMTQgMCBvYmoNPDwvRmlsdGVyIC9GbGF0ZURlY29kZSAvTGVuZ3RoIDQxMjUxIC9MZW5ndGgxIDI0NTQzMj4+DQpzdHJlYW0NCniczL1/jJZZlt/3FtCzX49n2+NxR+0OYjHChCBCyoSwLCKkrEqlXC5jjAkuI1KurS2XayulZWtxmWXZcgkjTDCLSgSXRDAhBBFMCCYYkRYhnXYnuI067c6YtNvtcWvUGncms+NWWpvxZjyajGZn85z3/X44532HWc9K/iMl3Xqe93nuz3PvPffcc77nPq2+Vqv1e1p/pbW69cVf+ot/4Zc+92d+9vVW38f/qNVa9fToz/3KL/3yx79/YxPju034Q78w/+d/rvWv/74vtPo+/Xdbff/g/5w9+pd+5db/9OtfbbX6/mDz+9+fnf0LP/fyhZO/t4nbpG/94ebn9B/4W3fvN/fXmvDTP/8LJ2d+6icvXm6tfvwHW63PXZ/5pZ8/+tEf/9bLrb5nh1utl0/++V/+S3+o/+m/9pdbff+0ia8rrahb388c/Dt/4o/9kZ/9ff/ev2itVSv+3v1br34a1//j7/2+f/6Df/Jb/+/v2fkTp5qfr7RWtVO04v/nFn+wqWnYcvP+n/+enX7+/G/h5+PJwuNVO1vbW/9B6yealF9s9bf+WtPqAy+fbK1p9UVJqyaacLz1W6setJ6+NNQaXPPnWv/d5263jrz0N1s3+/5+62nz/r9pwtrVJ1p//KWl1sd932rtWv2Lrf+yuf6Pq1/57U+a+HOr/kXrSHOdasKvrPnV1k8317/VhF9bM9ja11x/tQnHIn6kfWmpb03kE9fVt1t/WT/VevTSZOs/WnOlKX+ytfTS49bTNX+y9XT1bzS/X29+v9F62vePW9tW/e3Wl9aMN88/bT393Head99vrv9Fa2nNreb6VzvXNVtbf2PNz7b+xEvHW3/7pX+z9dM/caVpz99rHVxzvTW25rPWWNOOX1/9U7/9zeb60035m1dfbtr+B1p/as3PtE6u+TutB6uftiaa68Safa2JVX+09VPt+7/aetB3q7XSd+sH/2T132zfP2jKfxDP1/zddvwHEW/V32/S724trJprvdq8+xur/2Hr1Zf+duvfXv1XWptX/4PWa2t+svXHm3J/vu+ftf635vqnm/Kbnl71M034+2qtfq25fq8JP9Xc/7fN9T9Rq++3O2HVT5fwa53Q91udEPFX/dlOaP2NnvgR9xc7oR33z/r9r+XvHwq/mOWu/r3N7/+ruf71JvyHTfjvm+f/dfPsZBPeb+4fN9frzfWfNuGfNaG/iTPYPPvPm/srTRhtwjvN79c67/r+YXO/0Fw/bq7R9p9o7v9wE77ehD/ahF1N+EfN89PN9f/uPF/1lzq0WBV5/aDJ/79q7n+hCX+gCUc65a76FdNjsbn/0831u8311eb6oAl/vgm/3oSZJqx2faMNf9Ht+E7z+091nreC7ns7dW7XO9rxx9wOt6/vU7fhy502tGl13G3435tnG5rrv9WEV5ow1oT/rFNW3zc7+ff9P83vP9eE3U142LTnTzbXNZ1x0DfbXMdLaGjf9xvN9fc3Ydp91lxXDTUh2rrShH+neX67uf6ZTttX/Xzz+6+5Tu824Z83z95uwrHm/peb64zHXNDkKzH/O2HVN9T6XFOfVpPvS/9z57rqJ5s4n2/um3a03mjCo6a+/3HzbNhtb971bWye/y9NeNqE3/C4+KwJDR1bHzbXA831WRPeasLJTj7td3eacK3Jr9WJ3/p+c40+a+L0fan5faYJn2tC9MVp13Gh+1pD3/km/PVO3FVfa67/2P0QY2S8U+fVzfPW/eb+SROa+vQtd8LqoP+/0dx/oxNWN3VbNdBpT6RtvdlcX3d/jns8RDjcHVoTbkOMsajXvSZ88ccLv/2df7Wh72ATNjdhk2m72WFHE7Z07lsP3Q8X/yXhetJ59XtNiP6Y74TVT/x7shP43Y4X4UIn9PbX7/Z9b+iN///HsHrCbZjohB9q3+/i+Y9V3mc990ebIAc//+3vZ/jd5v8Tkc+XO6HN32poObzq3696DsTYmPW7zzk071bt6YRWw5datzuhr+nXvpHm/kYTmnnZmmpC8I9vNeGIx2K0qZnrrU9/lyHqEnzhC025TzxnD3XKeenl5trM7zXjnbLXPOhcX/rJzvOXftl1anhiX8MDX5r0e19XNfFXNXxldcP7Vh3urDut9ztrSKspq/XY4UqnLu1yow5bm+u5Dq/pe898o+EFfZHv/9qEpU6b+4JG9zr8vq9ZD1t/twmxFjVrbSv4UczFp+ZRp1zXU513rWbtbTVrU2tdE5oyWs260PqoCTPun6B38PBmrWjF2vWrzfV/aMIHTWjkkta+JuzytZEvWsG7/0gTYg4G7wr+8qUS5t2nEZq1utWsXa2f7KxH7bL+004dgs+3vt3p377I+6758tYOfdr8O9ad4U592+vIPdMxyv5Opw2r/mbTDyELxNq5Xm0ZItoe/RRrU7ucD03zJn3IAbGmtGJ+nPHYa+K2vulxtdQZs+36RlmRbm2Hvq1b6qxlDW9tXWpCrAFNmbGOxZhu1yvSNeOp74TjDrqMkIua9KvUyb9dp1c6ZbbjNjy5tb4T+i6bR29xvkcd9pUwU0LT3lWf74ylvv2m03c6tIs82vT+jtfRkF+2uO47mxDj65rjTTqPKHeDx9bxzpyJdWLVTv/e5LUk8ohxuMayQIyp11z/mFPNvO271+mb9vsIu80Lxt3Xn++My/Z8/HxPeMV5fMF0btbj9loWc2Sd+2mzx8/6HzMc7YzzNj84qG4e92m5ny73pkt7LMYY+GqH5u2xPuE5EbLUcmcstEI+XOt3Fzq/2+PggsfU3c763E7f0PA5b1vp0Ly1rQlXPV8iv5CdglfEHB1weVddpwMeA5MuJ/KZ81ged/4Rhhx2/w5hl8tu+rkVtA/+vKMnRDs2Oux2vbY6PjQOntDvvCLOduc16rzJa5ffr3f8eLfZgbJ3OmwvYavf7XHY5/Sbfd1R6rfbz3i+vrR1na8R97jv9zqffe7vLaWszf69+QVhtNzvLGFb6VPou9XxIt/Pl3T9PXl+qbRxu9NHnA2lLpv8Pvo2xtG0y91QrjEOg5fGOrPKfRjjN3hF8IRDrmPw41jfg28FT4rx2Mi+bV75TdPkDbc1xluMu2Zux7rYjj/rEOMwxuWUf085HPTvGPcxtg87RJuavV17zYj6X3CcQ27D+85vn9sb9Qr+e9Rx9rt9bzn/A27jsOt2xjTqd/9OlbIi3Un3xYTbNO7rFpe55HIi7b0OHdv1H3R/Rts3upw50/Sw67HX8ZadJvK97jzuOO1t91/U46LbPuX6n3YdIk7wnhvOM/ovxsRxl0NYMP2+6nQf/5hhyenOd+oR/KtvrtPeNn/d43b8bsNO/fB8iDVgwH2z23QfdZsO6/ma1i7zkvsoaHHVdIp9ywem3TP3SazhjfzTlrfiffDKD71+vuVn93y96/gR3naat51/0OArpt/77ocP/OwjP3/Xv193n8w7j3dc16iX14F2vDm//7rziHw/cf/H+/fKWGC/dcf1e8dlPnU7Pvb9e077oev3ju+/4jbG9VPL4RuU68T7jvux6/Qt0/Adp6nhXT9/veRNWci2ESf21cF7gn/cd9yPTJvXXeYTp6ds8t3qdt5UZ4zfc7q4v+EQYyL4zRU/P+nnK6bTu05zx+FD/95b4t5xvwdtgqdd9v115/vU9bjnuiw4zhvuS/KOMXKp1OV2yf+2066U+p1xPhF/2GVfc7xbvk6VfK4UWkb4xu8Qok9jbAX/G1Lyvfh90OWx/g86boRjfkacKO+Ekj/vcpxDfsb8P+h0h5R7s1HlWj3luFuUfP2g++Gm6X3ScQ4rZdmoW4z7EYeoy5jvI+1ZXwdcr71u4wmlXDPmPAfchr2u36TrO+uyppzvkPs47nc7HfWZ9PMoY6fzjbVis8s/5Xacct/uM12j3bFmr3PcoGusJbFOHXeaqPOMaYP8Zhn9Oa0H/H6/yxt2G0ZMp1nnc8LlTjjtSaUseEgpGx3zM2g34d8rbvu4ck077nqfdp6MiTH30wnTgjJGlfwbmh31s/OF5qdK/OmSdw3ICHOlvSOu24DrdsL3jO1xpzlS6HPQ92PKMRgh1psrLgf5dMl5rFPKUVVWHnL/HHD565zuQOnnOaWcNmwacH/Q9T3l+z3+vc15ky7mDzLeLqc9We63+J74yMg8Q37o97MDJc1Wv9/ovHa4bZHurPt6wL83Og3y4aTrfcF5wFvOKOdH0OWy4z51nh867HNeMR4WHIJ/Bu+LdSH2dB+V9NFHN90vEeea+/Rdx4s1MNbbQcd9x/SP+9C7BA+PcRd89qrLjjxOlBB1nir1Oeby41mMqZgjjL0quwRtjvrKnmRjCdFGeOaBHxHGHQ73hPGesOBrjGv2+dEHY75Gf1037d9w3U+aRpf0fH629b+vW3/CGnbX9Hzg+yjroWl1Ril7BP1Ou12sxQ8dzjtcdT+dV8qPyw5xf9a0RXY77XrGfiL4Ssgxz5zHFpf9xGPggtvxuul+2n153mOAtTlC7FvuudzjjnNOuQeP31dcH+LcNA2v+vmiy4iylkp45DLOdvJp2yfumM6n3T7W+OuOt6vEOWdarzjssH4AGYG9/+USJ8JhpQwR12NuywWXccF5n3XfUd94FuM8dGtvuZzTbuew63Tez077N2HW1xXncbaj42n3zxnndUu5F7np68XyLOgV4/au3990f71uOsRYvK+UmWogz2slb37fd33vK8fjDb9D97LoPv+act8+WgJ7/8FyRRcRIcZo8Ky95XfE2ark0/DkQ36OPDHma8z/fr8/5Pjblbz5oOP1l7QRxv0s4iID7PD1tPt2j8t5aBpPul/qmDjlK/xu0fSf6eQR+rrn/X9eOaeWlPMmnh13Xsf8LvK45OfT/n3EdY3+Z99/3+k+8PtoW+iK5xy38r0Z5ZoZAblySMl/R5zPYT+fLHQeNk13uE708yG3mzU40m4z7ei3edOWtf7bpmXM/ytu57ySX085LnoC5BV0BhMlHDU9Dir1DLyb9DN0CAf8e8jlzPr3Ubd70XHn3a/xbp+v004TPPW26zTovKItyMFBI/iSbZVt2qAj21P687DfIWvs8vO96tYV8n5CqR8YKmlnlDo15LMqd4z5HfL1Xoc9flZ1k5SF/Bpl3Pez6y53r+lN/KDRNaUuaKHkw34m6nin5Lnf8Zlnx3x/TKlHGyvtHfRz2h1XZPm5EpcxvcP9BM2irueU+7ZtSt5ywXSrev+QM0711CGukyUOe8Fo2xm3O/p2p6+xDoQeNNbL4NFHnWaD6/4F1yHyHC9tjvwuum4zyj3XecdlTkd+J5TzZs73w8r5CG867DIHHO+4uvnCJuddZaegHWN/oKSlnGjjSeez6PqwH5hz3iO+r3s0dHbsAan/kMuCn2OPOeT6Tij1maQ9rtzDIBfCq4aVa0WUwZwddB7wQdq73/keKnVE13u4PCf+0VLmodIm9sOsQcSDf9EvJ5Xj62ApY0A5TiOMljaNlLwZiyOlDrQh8t+h7jGNfmGf6/Gi55TLGjxQ3hHviNtI/gMlLvEmfOU5PCvu77vd8LpZvws6hWzaX9oW9Yw1eLfph44+4oe8ck65F2bvsNtpNyjH4EHnDR+dch12uD7Bd2KvF3N+m+s25byO+XrE+a93/bAtXFbujSP/kAU/cHnslRmD7L3Q1b/r+kSaWPODR77ifC8p7TrM4z1KG8dOpeyyLe3TbXqGDLjsskOmQGbBtvrAIfh28Kmwl8Vebt51CH3lScfZ4jq/rdQLRL63/TvqHjLOV/z7RunnKHfFdFjx8+CF6HHvO8T9dcd5w/nsctxnPQEZN+j3Nad55vv7PXF7f0d45Do/cJqvmc6P/P6x6/DMdXjbdI9n7/fQ8a2SLmjAmrTNARl30P3I+hTXGLeHXH7VtVQdzR73EbqVMXXL2cyZ0Z53yFqDzvuIumXvAaWMsst12eW0zNdIj43vuMvZWZ6z/vMceXyLUp6INq/vyQ9ZnnV5S8lji+m1xWmR3YiDrWOb7y8p9wzY9XYo7Xzkc6DkP+E48BrSxe85x2OtieebSjz44RalTbbShLb3+7pT3Xufne4n4kXdLpS+inTsT7CFwWu3KfXA2KeRydHloYuKcNT5Dit1ufF7bek7dImXlPrFDS6fMbtRKZ/OlbbY1vl83Mbz4Bno8oaUtuc9Jd9zSv30NnWvI4OuKzwu2oQ8HWP4Ncd7zWWG3IU8gG5vr9Ime6DUPd697Dpsct8F38HWyDob98Gn550ePcWs7yeVMhbr8oLrekTduinW2QGXF3ULvhlrSvAN7CfjyrGOrXnafcKYOOS8ooz1StkBmTvkQ/Tf2GSRlZEbDijXZmSHIdML2R5ZD/3mEedzQCkzDyj33PtLGuhXZQvGCuOBeG+WuOACZky7sF2dUOo/0c3F75Cbzyr3eHHdopTLwHpg2zjndNg5Lple6NT7S16sr7MuB7s+/YqucE7J19k7rPM9Nl7oN+62XHAbTrhM9s9Rl+DxMd5ifE25LsgIURfk1XN+h/3T+NDnelawAfucFzJnhGWnD3ll2vHZSyCXHDZte8Oir1O+zvyIeIdfkMec60SfTfj+eLk/q8QiTPn5pfJuc7lH5p5Q6qTnC01O/Ii6EWZNj7hnvx+/Txdasf8ZL+nAK5wt7+bLu/ESf6rQjPfUlTHEGGWNYH5GnkPKfduY0kbAuFjwlf3YvOOecxgrbY1wUjlOo4wzyv0m9MDWdl45TmdKnbApMSaxObCPmVDuA0+4rlG3g84ffQp2spPOZ7TER8eCHZV1GHvbsOnF3N2h1POgN5pT7rnYu2H3gIchj+xXzq0I610WvB85bcA054rctMe/Iw7r8U7nMej2bleu26xN6CDY18Qz7EMz7kN0O3udB1ijI+rGHsE3B9x3O5VrE3umccffYJoFTZG5sJFho6M+067fgutgrGJ7fZpyncD5IQ/NK+U0dCz7lXJXxD9ruqCPOajUz0W+sQ+44XZiU2ccnHadkIeRByJO8NBYU2Jv8qz0F/s1xtwFJR6r3+1ETkDGi/avdJ61Ma3RrhPKNZ59OfNzQqlTxK79xPcR745SnrlguqB/qbbQA67/aeeLLiHioXMfKPEPK+2w6IzG3Reki35aq5STsT9uUupTopxXlfob9i4E5v4+tx0a7Ffua7HpzSnXAXjcev9GR7dfqZev+An6HN406rjIiCeUOoojbhtlIXeD/Yvr5hL3iHLdRdZGXx0BmzN6V2TXDb5ech/EOnpfObcjXFXK8PAmeDRYhkNKeQWeO6tujDHhfHk/Wq4nSxz01zeU/JH8WJ8GXYfz5d2C05HHgVIWejDeY8+I59gJa98S9vX8Hit5HXGZyJDblXyXfGdKOdeVYxd8KBjgfvdB8A5sRv1u4yb3AfulMbd7q9/Hfv+Oy99heoINCb6x4j5/4D676LjzfkZ/I9NG/ZmnO0y/SMM6EPuKGN/blDwVnQ12/nGnZaywf4l3y44b9XqitPceVNqKkEvpxwNOM9aJ18aH4xeBPfGY6RBxwNTH7/slYMOONlzxs3vl/Zz7KZ6d8nW01IEw4WuvHb43TP1L3o/35HPgBfnuK++YawdK/vBG8Eu9gb0Qv9FJ/6j4tA2ePKy0bwwoMVADSuwPz4fVjbsZ6clnoKfsiRJ3Qt31wPbHOo+ugvnXr9wnxvzYq+f2uL5IFzqs2AfHGLlk347QS9oHqV3f6HN0cV9yveK6tdQNeS3oHDrMnY6DzSP2U6+5fOSyqNesunnHjxPGSoh9dIy98CsAoxrzJeZ04DQe+D50o2+4rR+5jb/ha+BEP3AIfnq7Q4v27y87/id6jndt53XX4b4SF/uohCWXR9wr/r1kWj/07wnncc1lB+YQrMNNl4mcP6PES95WYlcfuYx7fv6u44A/CR3m9fLsXff72873bXXP/XeVOM73ff+Gw+t+/kyJ873r/N5wHuddT/CtsZ//pttNnd43Ld91ve/52VP31+uuy5BybWC8hBwZfBVMEPY4bJrYePa4fejikNuQXZCx0eOgzwPrtbOkxb7AdUvJM373O3383l7iggtDl4o+bbvfr/ezHeXdeqXudGNp2x7nhx5ysNwj7yDHgskAx8ZaiYy738/nlfrS/p577NXY8F/kzwJv/VFhZ8/v4XKP3u24EgcA1gEcAfou9DfoqNAJRsC+hu8LOnAwZkNKOQ971YhSzlsseQ+ZBmuV2Jaged0ngs8bd/rpklfUZZPSpoUMWXnwbnVjb0dM35N+N1/igfk9pNRbRt3AEGLLx54WIdb01xwHuR/9Iu3Z4PdT5b437OkJG5U64rESD936FqUNG73ra8r5g5wHBpA9BfL/lNNcVcpZYHNCllnnK3J69NN6x4k+Oa/UPwSv+dR0i/vgOcEbz/g3cmnw5QN+D1+Nvg2+9LYSbxay3Tm3J3g1+tvg0SEDgZPqfYbcdcbXJbfvhtsPFjDKjTnwvuOAQbytnAfgFOM9GKHgh5f13KfyuT852HJweeDVjrvMZae56byw08d12HQ8qRx77J/j/aByLwEOYElph0B3e9J5X/V7dNoVdzPtuqKPu6GUy9E/H/X9ogOy5lwJ7JUXlRgF5MGxnjTghSdLWvSUvB8uzycdnzKQK/f7frY8m+6p1/6S15GeeEETsDnwLHDO6DXYT1PPEaU8id6vYg/i/fZS/j51t3HuR/wG0x99ij8U/XNaaU9gb7jX5U8rsRgV07zsNs0r9QLzSj4JNmBa3XgDAuvSvJJnV/8m9F7g+Op6OKDUmdV8J5S6sx0l3x0uJ65ny/Nt5f1Mud+h1Dlg00C/tq/Uc59ynw4eDBwa+27GKhi0quM/qVwbF/1sulxny3W253mEYyUO6ejTqh9lDka5b7ruzJsIC+V+3wvKxT41WUKV0a8r93EHy3OwlYxTyqIMdBXUHX0KeKJx15d2H1bawsBIUdbDco+Oxvvk5zgUbGMxflkv2acNqZsG7P0q5nW30k6328/R554ptEevgk4U2iOfXlXyengIayr8JMbcsuv1feWeIdJd68Rr+5uH/uC2nuvI8Xl/jp0LuoTsftf1DtrFngI95V2l71JvCP6Fzv+YErNFH8NbFvyc3+hvwbtiC1p2vuCY3lTqQpaVctYZ0+OS74dcPmtsrH+xjrxn2h9U4rdOKm1dse7G+h78bYPLwDYAZggdC34qYB/3qhsvgXw853pgz6LNh9wXYPoY49g8wbSxlmALQx+Kj8hp12nQ/YgtJ+rwge8r9hr7M2Vhr9lvmg+Waw2jL3hGQLdI2+q7U6V81mJ8dpER8NEiTcUYnuqpQ9B5uCcMlitzZHtPPfaoux34oRwpvy/0tDPmzUj5fbDEPVHyGFX6CIBtY45c6PRdW/f2Iv8reA48poa7vq5/wTvWPPYtm5Q+75FX7Ltvm7bInDGvXncIeRb7C3bYGP8xT5Bv4H8nlPom5g5+j9RnULm/gy9i8xpRrh8V08j6vM3Px8o7sCi0c6D8HijpXlaum8hx0YaYu8iHwRdm3N6gSfCAmHunlOc2wFPmTJOlco16BS+Fpx33uyPu32gb2DnGBX5QsyVQhyiP9XLJ+eETNai0sWPzpazTfoYPDLbb0y4L/C82yJO+zin9Fu8o8Tb4IxxU+vegHwWnwF4aW9aUEnuB7QI/iSV166NZq7FHMM+n3b5ZpY16xn1yVs/PeWnT5YLSPnjO5R9X6trhKfjVsOZgdwNftOh8qMNx5Z4TjMaKEjuAvx1jCGxzfykTuzz7jGoTAmMJj7Uf03N/MtYe/IkWTbcFx11wvSL/K65X0It9ypJy/4Uv6oTjnVOOL+SjGeX4vam0Ix1V7h1j785e8ZTzwW47b/oeU/osIc9cMa14d9Z1hLeccb2jjTE3Y2whm1xS8krGLjgRzjhjzINHAFuCfiD0Hxucz1NfX3Vfxf0Dt6W/PNusxOJudvtv+92yEm8DLjzqi/6bMRY0eKSc3+AykC0Plyv2XdLeVvovgwFmLtZ4+NCCHV8sz5Ch2IeyFg363ahynZk27bDR4j/BOAGHHvV9u5QNH6n4I/Bs2Kim3K+Mwyn98DqHPTxCjKUrStw18SlzpNCENNHOC8q9Bv5cw35W11/WgVo+sgNYNWizpJQdesOEuuUL9ACsP+jw0GOiJxlWt2w+XOKyro3oh+WY4RfE/3HeM4ZHyu/e+NR3t9InKJ6fKvlVX+n+njz3qLvOpMeWC0YUeQB9X/T1LaVeKsY2vkP4Me9032BjDj4UY/G++wD/RfA4a5W6BtYIdCrgWUMeuuj31D/KvKLEN+/tCezZ+N3rHzzzgmfjrif3wT/eczjra5SPPHFcueazj7+mbnsW79gPzyrxJgSwHgeVfi91H31NieM6qcQpxbvH5XnsqYIvxNoXPBIeizxxvlx5zrtT5f2JEm/K91MveDdT8qrtYX3n/mR5hr4pyhtR+k0ulbyGy33Q66rT8uxkSYOsAI4XvB+y4CmXh3wPzgFeOK/kqXU+HFHiuCPEGAQ7xfrLGJpRjl/kI3SHyy4L/BLyM3o1dEYhxw/5Odi3g0o7E+MYnQbYcNb9OXXzdWyvdZ6PKLFchKjT93xFVjqoHz7D9KFy7/2R76Ms/AMPuK1gplirnxaagilGBh5W6kOgOfoB9DLoBvGvqP6M6OLCFr3lBeHVFzwLvrOthE1KXeCrSlkD2wPXbb6P9xt73vPuRWHGV84k436+/N5b7vv1w7ysBvgKvBnfMPTDB8rzQ64bcYfVrbM+WOJDc2xgYCrQecOnOMsDOxn6hTqvop9Glfaf6K9Yhzg/ZZvbiZ6UMtF3DylxTujOsckhK1AGdrZIj+4FvTtzAHkbWRkbBfp2ZCj0ZshrFSM3U8oD08F95dVjP+J30Dz4zYryfM/fKZCOvTb7enQ79Nux0g/gpklXbajoJ6MfT5X+j99nlDwQfjRd4iyU9PCH4ZK++klWH0vCVKkHMjQ6iIHSVvZOZ8r1oq+UsVAC2CLuZ9w2eOABddcPvdtYz7P6G8wjoXd8RJ6xf8G2dsx5hu978LvAQ5x3vCXXP/r9qvJclmhnjKt7/h2y1EcOkV/MjWXnM+I2rVWepRHlICdECJlso3Jfiw5vWWmXjTK3KtdM1kT27ktKXdiy0sbHXh975KxyP8mesD7HZz9wOnUcxbhFzov6MC+hK+dnLLgsdBb8jnfsmZZ9P67cOx11+2Jcor/dXkK/un2IwOazH2A8Vv0qfnOjSp9+1jrW4QMl7pTSDsUcHS1lgSEAn3pMeQYQAdvCvBITjm2t2tjw+8NWMaX09QFzgDwA/nheyYPR8eGT95qSp8RaNKbcN2xSnssZ142Ov0Vpy8E/DTwK/nnsAQ+VK/RRqRv8frxzxnWcZ/n8vOvfTfh83rfzUN7/qw7tc3ub0PpNdTBkX+8J773gWWDAPi33sT8PPV7M6ZABH5f7kJ2e+fq+w1fL9Zvl/r2ed1x7QzznTMSvlGfPSlkflPdgwRhrzIdh9xc+zOitt6n7bIyqk4c3Mz7gdTEGsatF+TG/Y74HD7mu1Mk/cTsjr9C5YFO8pcRYsC8K/vQ1P7/s+4vqPqspZPKzpnfwEXSe51yHigNBd3tcifm4aJpEvDk/j3yDxwW/R9Z6Xd18qobj5co+hj0NdKiyBLIBeMzeUO0QYLXjflKpS8V+Oq/udW5aud7hh8X9gfJuuqdMnrOOsk4ig9Q4NT/46HjPfe++Gl35CeUZU4Rjvs4o9ajIQsNK3694jw/PIeW5XPjagWupe1zwL+hLsR+H3M86EHneUWKg4gr2Mnhj2F9j/LyntN+NKn2K0TfFM2RifE52lWvEe6TUVZ53fjF3Y93C/zTKf6rEux1TYib6XcfjSqz+oHI9YNww18ERTjgf9DyUt911AUO2Xd1n67Hn2VXu67NdbnuNA1ZzV0/ojcN6s/cFcSNga1pvui0q9/HYPvDz3ubfr5lGYOfY921Tyg6sl5v8bIvjbiy/2VduUp5NwT5wXQlHSvljbhv7NdZb9qbQnWdHlGeN7yj3XGvojVfjbusph3UCrBbjJtqwz8/ZD2B3YJ9V7WOjJfTazWr88Z486p5l9kcE4oz3pIcHHSnxxsv9nH64juwxwQ6P9gTspuBB4AE13Fb32VXkVdOCyYn2I5dVrMWPE078iPsfFaf3+fYXPI+1KXgcayN2ypgj7G/YY2JzGlP3XjXSBe9ExwcegOcE7KJgOUJ/e0F5lgl7vap3Yl9BCF4avPi672PPFFh/7HQRQoa65ryfKtdKbDfsT6qPScXxDpsOw34HPrR+iwD91WD5zfjptT0QDx1UxSDBf8eU/pW96dBxU86Oklfw8ht+FvnEuOLsDfZBW3rqyt4Qm/1GpS7jtK+bXO6ZQhPsEWCg8SfstX8MlRB0Z33cqW6sFfx/l/uENQnePVTyY33a8oLn6I7AvpxWng3CWSCUDb4YWxvyBmOE+Y2vdZQzrdSJ4ScWdEa3TH8eUcpdEfe8UjeFXvOR0hb3hhLfiY6M8wjj92PHPeXfi0o7y6ISd4QOAzqgmxlU+qVsVfqTXTBN0NujNzpS8rjmcsZc5pLLmvI9MknktUc5v24WOg0pz9A4p8SKMt7QI80q9WjIlLNuP3oAeNJ51xcf86DZJrc1ZO47ynPGryl5LmsweE8C8gLlcu70kfKu3oPTIezuuT/Y85uzovrVrYc+qPTVZcwgmyIHswYNKv0Vdilx/tgHkD12KOcT+h3GHXazPXru//zcjs+zGIvXlTjmA0psdD1LjGecT8QZD7Q59lvsx66U9OAYY1252HOF3xJmfN1annGO69SPCHPO71RPiHHHusSzuF9WrlngiM65zrEenFbaDrEBgxvc4jbjD3Xe9buqxDou9jwH63C31IP5xH4HfHw9VyLGOrY0sJKnlGfMxv095TxxO1Z/o/PtoLY/YCN7rtrh7/5c9HeDfLZXfA+oLfPFvrjZu6we9XnHyFRHTZNren5OWHy/sV2/+8qzaT5yPb/put7v1Cd0MO10D5S2M3CzYFDBBuMfDFbrk6bewbM/VZ5berJDozgDuP2NI3w5vuNvLT1Rnmn7kel+05jK687rLY8VMC2LpmHcf6bUM4DtifrfUOJ04FFBmw/cZ6f87USwN5eUZ1hMegwwXlaUvh03fX9KOT8uO93N0s8rJSwr5aZl5Tkz2GxH3JYpX08pz3wGWxu/mb+vK/FF4KEOuc5gcyKPnR5D0ScxJ7C14OPGHhGsEfq9UdM+xtPm8m6rks9sVPqRr1eeIQQud6u6Mfz4CbEHjDK/oTwTFBvhViWfxuaA7171HUNnHO9eU/Jc7FXouNAj7FTao9izgn8c8T22PfwIyCPixHh8xb9fU/I6fA3wj8JXjDPQ4OXwZMKQcv+5QYltZq+OXyLxkYvYJ/crfS93+Hm/8jyvtcoztqrdtPdsts09aSmbfXMdP+S9XulPvFapvxhQ+r1sdJuQf7G94o8R9EOe3qe0wULHPaWsjUoMEW1Hv8A+m7LiGXjwEccfVo556ActDyvnwqByHOI/il6AOYKPDGMaGYKxOKI8X29L6ZtdpmXtU/z16Kf1Sj/XjcozL2q7oA9yKHltK/ltKvG2F9oMFpqBMdrm+0Ml/x3Of5PbfERpw0W/Ah3QHaErW1fywOcRWqPT2FfiINsMlLbS3m1K3RFjYp26fXa3K88NgR7YMzY53y3lGXsvyoPXgKOiHPZVO5TzIZ5/qaf/t6p73G4seRxWjov+0g/kB2aFZ8zxquMhDvamQ8pz9Oh7cArMU/Kn/znLbqcSi7lWySfY9+ws/cf82qDuPqx8gzbDYyr+ZtBpeUe8LeX3ay6/6iF3Km1Y0HGLuutf+4k5tbOUu0cph0fA/sf8oN7I54y3naUc5jRjAVqim9ui9LlFF0GcOi93ljK2l2ebe9IzLqu9s+pGB0s6xkadg73xyWd7Sdev1E8y718rz+DpzF14Dt8gfFGgzpXnMI4Zl+Cxtip5cI3L7zqmJsuz+A2OkjR13WK/Rt3pH9ZI7uGtnBnAXqzSfVeJDx0pI+J/obQH/XivzZW8GSvcryt15Epf1rZAT9YE+o3f1C/mzpeUPo8blP6WNYQcd0Z5Ll7Iz9iPjir9uNC3hazMPmbBZZ5Q2jNizBxXYpexZ4NBHlCehQamFbnxYHm2vrMn6KM/Qo4eVOrYl/w8fGZuuEywc+AXsCdx1hN4lQOOX3ULh4oNeMZ7qd/s0KG9NyH/eObzl9rfDf6e/fU2WZ4OWfxj0+1jpa/Bh+rsLxaVushrjhPtueN6s7eKvQDna3+i9KG7o/TjnHGfgUOcdz+cUmL00b8fU+IGIv450wQbFfgMbGkLSlw3NEXXsqDUf48o90X4pQwr/Sbr+fGHld9Xoy/Al29Q2lLXKnUT23vCIb+f9DX0z+tch7h6f9P+Hm7sjb9r+/6XfI5S9EXsa7+lzreBoz7XO325hnNl2DNvdz2XlfqtEx4H0XfoWKPsI+5T7LPgN/CnmHC5K0o/VvZpUQbjG/108NbzpR/wK8I3b9B9H/E5iyH0bMgvYIXwKcAuvqzcBzNHv6r0iwODHGW/7/LRvd9TYrHmlGc6BS33K/U/1U90wXG3+XeMd+y0M0pMIBjh6huFP0D1ldmh9D/8lvK8ta2dfmzhT7unxF9S4nn6lXalh6Ydc6Jf6Z+Ffn2bEqPEXEIXuFfpo8Uay3lhnFWLvhd/62dKvfOgkt+COY76xDjdrpyTy0q7ynklX6BOX1N+kyze33S+W5S6CGzInA90Rakni3rdd7/edf2Puq43/Qz8Z9RpQGnXgNcOKfF80Z4Ym99VjnHO/hpXngV0R2nfX1T6ncT9LeeBDa5iTMEyMk+PqhsrT9yjplvU9ZrbfKj090nT5kIp46JyLVpSYkcny3Va6U86oVzvyhkPfU+Vfi9B2xgrP/C3vsM/MtaRb3dCW9f1iX8/y+ft9eI75XfMx08d4t03fP1U+S3Mek8YKRin90v4zPHf79CxvdZiIzuqxDwyjxeVOsLLSr8a9G7gKw4ov292R93fAW76d/VN5ffomrHVh250sqNzi3W0vZbOdMZBfKt5TTOXVm10331ouq64/h8qsZJfc74fKX2zF5XYmei3yCewU3PK75kvK+3K7M3o5wjoZdb7OZg43iPP8Bv/JtaBGq/a1YZLPuj30WcRZ3cpnzyQY4kLBuKLzgf5BT1g8Hh0z1NKf9hx04I9LTpLfDyDFlfcX1uVNpVR5Tea9ykxostKXSF6x2Wn/YrynHP0evH+becx428twy9jPY41J+bSdzp1aMtlMR4fKrGkwStCV4wsE+1732njfeiAbzrN1/0uxsinjnNJecbAA+cTdbrrd0Od+ra///aZ6bqi9I+76jkcaR930rZljViP3nTet1z+QKEbdrYVpf/ETQfo9rbrGmnvuC7PnO8zpY8sthrksBWnOed32EVirjzyM7Bprlu7zo9NP/x9qBPnEWFXuWP6XHQ5h91P1x0n0ryr52fetbGbF0zPiB96+/vKcz2vu15xPe84tOmOnz1z+vtOw9mXMy4Hv923TLfT7us3/Dza+ZHrNlTodt5lvO53z5Q+MbdLXqQHK3bQ8e+YDkedB1hQ6MzYu+h3N5XfUkbGY32ink/cvuDfYBIjj37HuaT0pXroOsfvB87/oulx2fV93e+v+5uLQZMYY4vOP/jmDeU5kg+V53QEncaU9o3zbsd5pUwCjv5Rad8Nl0G7zppG8e6x871lOnxW8ouywdoH/T/0PVhabBl3lWcexv28y7nnfC+5nIsu4w0l37im/F7OFeVY4gzViI+PNFj9ZSUmhXHBOdiX3O777ru7ptXrpX/p0yd+fq/0w7SfXXSej5Xf/HmsnL8PlN+AHHHap66L7X7t8c9YfKSU9b6mnHOM2xW35brz5pyZR8pv1N53311VngMZaYK/f9/xg95hS8Tf8ivK75K+4zaddXlLrmu861f6oy4Velzx9U11f5Mc7GSkD74eY+Z7TkffPVN+T/Si6feekucQ77LbDf+/rvxO0Jt+D+1vKnnTdeU33cEqvOM6MP/uuJwvK7Eb4MKn/ewt5/WW8szOoNET1+OJ4zFujirnVLyfcX5BnzPO557fR/u+qeQxiz19fk35/QnKhF/ccl63lHJg3L/t/K87n/fL/XXn+1j5rffId1l5Xus3ndcbSh/XN1035iXz9KZSRohx+F3nd085r+BFl5Xr92Wnv6A8O+iY87ut5A3nnQe0jzH4yPVg/rImPFHizW8rz1uOvgYPcdftvK6c2zEmPlOueexRbpiWQZvjzueK83ngPPCrh+c8cH6Uc1F5Dv+HpuNbjnNLuUbe9PMzSn54Wt3frKXvom7XlDqIW/69ohxbV0ynp67Tw0JfeC7ji7MVLyjXpMjnaqEv+ETOKrjvOG8pz/gFz83cO63kWbcd6JtrpsUZ1/OS+xZ7PG074jIpGz55yXWGL4A/BMO/olwz8Pl6olz3mEPwhWvKcy2/7zbcUOIC7rhP4jd7LPbcF5Rn2DxU9/mVUf+jyvGIH0W82+I09Cvzg/yYr8u+XnbfooeCZo+UOIWId1x5pjg6zBGX/aaSP9/Sc1muLfeFvPwN7+3WdO7b+97Pd2Tq9nekv2196jcyfm/oiz0X/jbfK+++73f8/mYp52Nfv17yr+GrPb8/7DzrCz32Z+reV3/y4np1hc/+5e9iP/v8GdgS9jJgc9HvrFfuadAzTjg+elR8PjmXAN9M9GZjyvOBuIJxBKvJXrU3jJV7bL34BrPnjTIHlfhgbARnlHtf5jC6Gc4U5Iy3QaWe8mBPOeDqjih1LNic8d9gnz1t2mBPHVFiAsGNjJV80dvgq3fYV85S2lvyjnBc+X3lYdfljK/Mm0XHxc/4QEk7qO667lf3t1NpN75So647Pk34ZhO/nnWMrwf4y31KXO3+8htd9aD74ooSJzSq1IMdLGmjrHOl/Aj9hS5gkGgz46ueMRbtjbExpcQDDZS4nC+5q5SBPxE40/1Kf4Ah5Tmf+HRAv32lHPqXMQsu8oQSmx46Fs6k4B36TebWGeeNz0GUd0yJbQW7O6qcY+BhGb/R1zudH/jlvUrffc6LYN6iL4IW+H+ih7zo8o4pzyMZVuLS55XnDexT6vTgEf1KnwBwI/gFHFB+Zwr/r9vK+TmiPMN4RYk9xvcVfO+Q64vvGzqkvaX+g06/ojwTEGwb9qPJ8u6w7+MaayN6R9o97St1OascW+CETylxwRUXG+8eKL+Fs175HbRDbs+XlTaYwy5jsuSFjvywEj99qKRBt8YcwX6wq6SjrQ/VfW4jZZ5V6rt3qfv7NoPKsUf9yB8+BD/Abw06R93RX1RfC+winP2x2+84b++w8mxksCiVv6MTpW741oP7ZR2DnxEuuJ1xH/ILciTngMV6+a7Sfnja9UN2C3nkmFKm5gw4fLfPmMbXlfxiTnmudFyvlmuEGJfIg2PqPl885LmP3c5jynPYP1SO/xnlmXrwDfQv3zZ9qF/U+Zy6z4fD5o6ccKHku6j0K2OdeKicd0PKc4iwk+xQ+k7Qf/h7TinHxh73UeS5WckPkTvAMh1Vfhd0UWlDZh3oL4EzAuuzudJHM0r/4n4/e6Acz9ilDyrPCmQdZ4xDz1k/i3f4P5xT+r/PK/XI88pz8zjb8JhyfTuiPFeB8/+wM3BWMPdbnfaucoyBQ5hW2lnGXBfsLNj6sKlTf9ZK1iryxO5b1+AJJU9ZUZ5VjEx2TGmDxF4/W/oamZNzbBeUePq5UsYO5VmQ2IHhx1U+mVf6ccwqbeDwyhGnxed3UenbOuE8rij5Nf2LD+cJJS4TGW6f0tfrQnkeYxIsMPLupONh88PuDc3nnQZZN+od6yJr55JSJgEjPKPuM3IYs0fL+70u86ISI8h5i9gZB9V9Rg/YvP3KcyiifgPKsycPum/w7WGuoAPf5TqDLyBfsPsRpkudkPnAzzMOsFWz7uxR2tzId1y5Jz2iPGMS37ExdX+LiTbMKXkd/GpB6TeF/9aAUmZbKHWddllB48+5f2PvM6qUJxmv+F6NmFbIk1uVZ/LAW7CPIYvPOM+NyrMTFpS+V4dLPOSEjUoftZ1K2XZc6Zu5VSnDbndeyLPQBfs62Glsg+A1ODOMNZj8wDRG+fgEwudG3Ke7lfL2NqXcC+5uRSkDgPdHVgrab3YeSy4HPGpcWdOw6bPfjGfYODf73VF1+zuD/cCXfcG0pP39hU6sLeCX695uoNAVbCR+WkPK/fS0Eh8JhpDftQzatbu8I+6CEo+Jz0J9f0CJ28SHYWPJF9zwsPPGL/ii8qzpQaUfxm7lWS9gAEkb4bjziHjry3Mw9rTvgNLHnrqGnX6xU37bX+YDJQYt2ljXh6DH2fIbjBjyGLgo4+uev5sq7+Fvw+7nC647PpdRF+ySJ93PPu/7+VoceYN5jPqFLhP/rk+U52Gin0HPzFoVYz9kwA+VtrnHTht5v+tr/H7k33GFn4C1uqLUlTxTfneQdTb2GG86PXbkd5XnE72rPOcJmW/JdEOnOO28RpR4zKNKnNeicg0D0xlrzhPl90TY9zx1Pm8pv8tjP7Ln5Xyk3BN8qMQKsn/Cv+mUEuOFfIgOPGg9pDyXFj4U6W84j7eU/q2TThvtCf33iq/vKM8VAW+HHBrXPaZ16ADHlfgl8KjseZmv875HR8B6ibzEWoVsCWZ0sdOePnCN867/jHK9Qe47YtqBCwaPFPd7y/W4ur/5xHzfWJ7B/1gb0CEcVZ55xb4PvRg+movlvuqE0MkhK6F3YV8xrG79TtUJTfSEw74G32H8MLbRLbCvmP3h0Bd1jvHyQQfv2aZp0OGe8uxu7CkxJi75HrvJ407cNtboXftKXvHzOw6BMVzu3Pdt8LNhpa3qsd/vUNpsow4LHXq16xj6/BjrwXsDLzystEsSvu8+vVuenVP6H0J/7LSnSzz0d49NK55FPGx/D9wPD5Rnbz/o0C+wy8/PrnqrpI0wn2nb9Q66PeyENlYHu+VB319/QcCWEX1rnEsf+4cp5199JpHr3lB+1wtM0orLwdY0o8Tv4ffOPvxbvp5S2nvOu7/i2bPOfR86IPDvF5R8Jq7vKW1Y4DjQQyw7j21KXQN41gvu/3i+W6mvwS4NvmBJ+X2Eey5nWYl/jDSH/QzbeNQzxswxP59X4kQ5k/aM0saHDgXs3XHTL3jZLtcbvox+KvqmX3n+P3YH1k/G8ICff8+2jYdu/xXlNw3QzUVZfBsB/VDkf1t5LvDdpOvz8xOx2112H99T2lLx+46xEmvUUWMZ0dVE/g+U5+CDmT6jtJdD/0tKOyH84qtljmATvaLn/L4t92D/vOX6Ydu/7z5ccXowBcc7WNB2fS4rffaDtt9WrpVRhw8d55me2+vadMZOjI92xP9EaffGZkS7gy9hU14q9dvh/PeYfvdKX59Q4oCZm/gnYDN+T3kuDPivO8p5TIh0nzZ1RwY76/w/6dCx3ZZF42OjPLD0P1CHv32m7vNpImx3PGNA2rj/Ay6Pde+B0m/7mPMP+qMvu9np4+fffYp2Bo85rTwjHRvs95Q2DHBS2IQpF0wEuCds/W96rYl0IbtZL9nHvgNs91nTFB3aQqdtz59PuawbyvPfWCfA96OjXFHifcAzxlx7pMTA3PWz/UqeTVnx/LHyO7Lzvr6unA/o9+E1cd3jeNjRH7ofzjgdWJfLSvk14gVu6COnPVDKuuQ42PtvlisB2RnfmOMl/xjPnzivC27bnFKHil42fo8q/VLwPzhe4uxR6v/A5aJjx76EjHZUqU8FV46vGXtu3qGn41w9nqOTxc8NeZjxXeOjoyVgj2LPtUcps40qzy5HBsQmB94fn3P20PF7utyzd42yp5R2nbkSN54fU/pdI2fGc3Rv+N1vV577O6XUH1Sb0bhSd4d9bI/yrNYYJ/3KfU2/0s+76phjLMe8ZS90WHk+7qDy+1espeeMIYCvsV+ArkNeC4J/P3H9Y5zF+Isx95njgomJcM9loJM8X+7xa+C8qosl3VyJA5bpfAnsA6ONV50Guza4GOw2p5XfDCD/qPM3lGvFpRLwf5rrvH8u4z72ulR14oeUfgGnlbo8gvUpfUuO+5rS3jqpxEgNKfW4S85ni/JssqDTZtN9pARs19iqL6v7mxi826H0ARpzXuyfGOfoWg+pexyhCxoqaQ6VMrHvEedQuSd/9F5xz3cCQqZEp7xX6cMUNMIeOqLuMwKxo6Pjit+cVVH9WKcdNhUa7FTuRaMs9INBbzD/6C7RI8cYQ4cA7xj0lb0y+kx4BXask0o8/IiS9x5Wnte+X8lLoR06z+pHii416oAPRaTfoNzPD5T0+CxNKs+0Zy3AvjVR0kUd0FewPrDfAOtBOs5SgSczDsG9RL+ilz+oPDcVXcOEcnyA12DsYx9lPE477YK6z6wiv6DxKdcPHnmolF15/kTP+2HlOIm6BD8D94ttCT3dfuV3CfYrfSGxM8CnKBda1vMXNyi/TQuOAX016dDLY6MZL33FfjLul5TfCYmxNqO0uY0rfTfm3ZaTzmdWOYZZp+iDaCu4CM55i35aVsocnMWAbQRMF+vPsNLmwfjCJjpR3h1RfjOKtsI7zyq/DYTdI9JeUJ7vGnX/vnIdB8MBj6JM9LPIvvhlzpiGLeW3BNAdzan7e4DYdGbVjW2qeBJs/Mg7R5U2yXMuF1sF+C7sCWB/sEVhV5hRfhd4Tt2+3chL2D5mSlps7tj3ppW+l5uUmCLGy6DS7xSZ4rzST558x5RjBVkQmS7GSKx/N5V2ROYLWAzyQ6bDDrVQnqHHPlTKRY+3oNz/o0/DNxy5C5wA9k/4CGclMo/Q2U2V8geVvoETSptz0A1/OPoMXsQ4OF3oEWP0urq/IYGO+rBSnx/9eEXJuw4rvyF8Vql3BkcIjuKgEk+zWfmtPmT0U0pdPHsu1rIF5Vn92HIrD6cfwRDAC/nm65QSS8g8jrSLSlsv45G5d0x5BiB2jeumJfN+SSnTw7/qGN2rHDOMB/YdoyXtQeX3WrHLjpZ8bisxPBEXOwljbqCUUfGTrAPMQWg7p9T/1EAZt5T2rp3K70KDG6znmFCn/eX3fMmLNWlOuV5hq6VM1jb2SWAal0r+7D8ID3yWwG6l3/Z25R4x0oHhDHqFX8QW5Zmrsf9+aDqzz4+0l0rZ1a7OWA+6b1P6q+9S+oti296mPL91m2m1qMSaYdeLvLAFxP7788r1Ejs4MtV4CRNKXontCzwQ+Lx55flDYFWXyrsD5R5cDXGxsRxUYvL4zRwCDzmvnEfwQ2Qg8tmrH+aTc+rmnxNKrNRG07bWZUQpizFmRkt+R9Vd/wjoYJFdsMPDI3mG/Et7ka8Y13EF3wePP1DKQj6jHPKlDdTtYHk/VtLXM0EYI9NKHgAvit/4JMCXp5V7lUXl/hO7LPge1rVjyjGDHWdC+Z01ZDHkM/Cd2ConSrlxP6X8LhLY6wElH2U9h/YzvjJe4ceMcfQRrHmHewLY7ONK+wJrG2tzXNEdgCFlz4DdkHfo12k36xV6OvZUjE/2Ipy3w1xkbCCLRAi55bQSazXidEeVOhj21OB5kG3IAzmQdRvszl7lHGS9GnL+5M2c2VbKoq4zSowZ+xfKgPboj44qZfg6n7AVQjvkGnBHdW2q+rhxJZZuWDlGoSUy8aS6v0fF+GVcgkEAG8D+hfVzvxIjcl357UD6F541UNrYi3Fn30T7I49dSj0hawL7VOZfHRvoy1izoVnEY24g+1S9J7yZPqPui0r84awSw4+cd1Qp1zHH0f3RD4wfMEFVh7er5Ac98SmJuBeUfCOeryjlRXBZo6YbezzGH/uNypORx2g7+oYZJe9nT844OazkPVeVYwyeA8+jTPYBYHQHSx7kW/FmtAHZcUehF/yP+Ujf1735jxOwBeELRHr2p5NKLByYSsYLug36b1Ldc7ny6IpFA6fInK31id/z5TfxK0bnUCmbPVndr6GHgceNvSC/aDcYrMXyjDjEh6cxn6A1fIr5W9MQ2CshI1D3ur7XuqFLOKAcXwfKe3CuFWNcxwN2VPA88M79Sr3EsJIfVgwNvJM1Epz+VuUZUYNKvwDGa/BPsJ2HXE6/08Fr0P+zrtS5BpYELDdzBtw5bYavX1diipFNyGOXcu4cKunYPzHuhsuV9XS36QGOcbty3C4o9+PI2ZTDHjjKmVXOEXwuBsuzynPYDx0peY8qcX/IVsju2JSQE+CLhMlyz/6BsRXlB0+N/S52SXRVsc95U4lrinI3+jdnZET6O6UPwP4MKXUy80p8z37l+YR7lDoAbPT4+1TdLJjt4KOvq/scG2RVzotFxwAWCNsVmEz2Qcwpxh97+WtKuQZ7JGc17VK33wzza065dqNLmu8J7JPQEdxU6uvQUzOfkU2iHs+UfnMPlDoF+MAh5Xw4rfQxYx6C/4oy31VipdHvUGdskOB9sB1sUJ5/Bv4UW+Ql5beJ4Af7lOdcLirP6cROV/t9u/LbB/1KGXWXy/2i8jzrV9T9baXgOTHeC16o71qnP9vnZVU71pfdrvXKM/evKvHdb3d+t+1wnOEDBix0G6FviDEetu/Yv15TnonwjvI8pCfOI/LE1n2yU4++6KPACwQuIfAAYcPDDz/klYMuB9969IWzjnvB9Y2ywbi+7T594HqCqbvjd2C27hhrFDiNK8oxes15x/U7Tsc6d8Z5gh+K8QRu7YkSHxR1nlSef3Jf6W++ojx7AnwUZ4fE/XcdPwL4JrAG4LWuKs9UuKFcuzjTYd730Wc3S7oRdZ89wvkj+OZwjgo+TvH8mPsDvEK8q/iBi8rzpTjjhPMR7yjPBn2z0D/y+LLfzfj9687vsOONKc8/AJNwVznubrvvLivPojjqPB+7TuAq1inPQYLW2IajXoNKHBpYNeY7mMcbbvcBpU/fV5TnoJAuwhUlpijSblNihO7rOV7w+fkd8TvmBGdC4UtyUTlmrinPLqK9l10X8Ct3lWf+PVBiLy+5HO5vKvGED/T8rKLAEgY28/n5deDvwIjN6TlmEZ+WwNy0zyaIfGeV54Qwl6KO2CTYj4Fn55xi+CD+Akf87oaS/wafeMVlx1g9pTxXdNg0Wus4QfetSkwe69yC8vtcp5T+wkED9nOsMdhe2avuUuKCdyh1pej9l1zukGkXeXC2c79SrtmutOdsd15j7r/dSnkTvAl719PK/T52Z2Qm9lc7lHL8oFLHhJ6V9RS5EV1mv/M6pVxDWE+3KO1EyIHku0dpn9mq/OYwehN0iOhiZ5Q4M+gL7oT42PqHS5lDyvOpqRM6bmi2tYQdps8G12Wd0nZ/QykvR9rLym/0soZjK0GvxxpMO/Y6b2RG/GY4ix/5dYfy7HzWeOTrw8rzu9lr7Hc8bJVguseV+7Yhde/v2TsMK/1ZtijPyF4p9WIcgstYUI5D6Ai9Gft7lecmshc86Hw55329cgwNljTQYFF5/jj2Gb5NgY0P/Fekfbm8O6T8PtRO5R5/a8mz7lHw0YGX8OwV5dnxfFNjUHkmPn3PWfwjSp6E7Mhc2et00O2q8vsOu50H4xu6B83PmFYRL+S4c8pvL7CHYT8NbQ847paegAyI/QY+sl25d9qinA/9Lv+A8kx5MBt17GxQ7qEYS+xfOP+dcNp5wtPQN4FF46x05hdYoMN+PqLu7zwwV/DzYk7tVdqwOAs+wmvKbwRQ3oDzwo5zUYmzm1PuVXcr5yf0oE/3O090MluU/PxlpW73S0qM0i7XkXGFPhscw251n3fc6+MG9ubVQmfmYdDgpuOuc722q3s8YFfHxkcfcA5C1H1eeX7+BuX3MRaV+xDCPuVY57se88oxHTxqRqmXhebbXfZW5Txmr7LTdaS+65TjFf4BzoixO6i0aU6Weg84D3CqFeOCH++oct7WtXJYyQPglfhVbvbzDcpvC+xS4rp2KPlE9P/netJuLXHZw9Ffgy6v7u+OlfrxTYL+Ui79gh494oCTpD7wtWHlt1YY0/TxFqV+5XPKb6Gcd1zmEjgX8BvxbE65ZkbeXyx1Qg5hr1v5buS/Srm+HVF+82Gr0l4Kfbeo+xsi/Uq95VbldyDH1P3NllHff950+Vx5hj6MdRv5qWJlr5XnQ6XOgyUN9kbWKeocZax3fU8ofV3n1M2T6lzEhwmdCfOc9qJTgFcsqPubM+gf6ndjdijPWWftiStzEFkG/R+ywHalTZPxsaM8Y30mPXqPgZ5nyDzoGAcLfUdLPMYNes9+JTaMeMhi6GrIGz4LHbFDgCdlfg2WgAyBPXSk0A1exvoO3xtWymr03fUSl3oi+7JnqbjIbUq9E9gO1mrKQv/I+o+dk76IZ8GLgk+eVK7Bryi/gwWf2azkmeuV8/+c0va1x+/WKH3JJ/18rfIsJeR6eAT7KtaWvcpxTpv5VsyQ++NOqVcEcCJBl9eU6+ZgKQesEemQM6EV/QZWGF3oF5V2NGSDaAcYw3VKO8GAkkexX6g+5EdKXnU/UmWi6o8ZfXlRubajC2ScsFYgw21W9zfah5SyCH5qrD0R9wvKvSdjfL37BL3slkKDdcpvmjF31yq/BQIfOe084fdfdF0mlN/gWaNcf4edB7rWg8pvfr7qsl9x3fa6D8BOw8sOq1vPvVUpu4M122I6sK6tL+1hTm0rARxw5BX6DPYL1CnGYYy3S0p5IvRLnAlzR4lDqD4n8Tz0zNjH2F9gd6W+8LqgyZjSzyXyDh0Ydjz4X9AefQj48gmnv+u80Ycj/7P3AV+MTmS9Es+JnXmnEucW1wUl9idk8+Olzejwp5R+V9gZKuaUM6rAKC64fOqOfYE9zCF17wl614y4shfA1l4DmJIhddvQGCtgX4fLc3g72OCKAUP/vk+5T0KnAVYNnT/jLvK8qcTpsxeKZ9g04QPwI3ylZ037427LTeXZVtWWgu0HOy94yqVOeW2sHHrth9ajgz29qBxb+Nhie8NHFzs0dp2KR3ustEmOlOdH3NcxP7BPRfo3Sh+CowcfNV7Kwb6OfyM+mWCXKwYEHFbQ7Fud7+K2dYnowjYrsSb0M+mxURLAtGP3ivttJT37B+w74BDg3duU3yUaz+vz7yTQR3HPeRFR9yE9P7fjuf8Guk98hQbK+1ElJhy/zagL55JH/NPqxtxfVmJiwIFhj75e7qeU36biuwMzfr/o32d95Zw/9N5zyrPlsYOfdBun/W7GbTurtEmCiWDtBecCjp/xDcYEWeGc+3hWaS/fr/RXw4fwonLsEu+CEkPAXCXelBL/FHlxViu4t6BXxdGCe0XPi68hGBPyo14nlNimG8rvkvHtlv1+v+y+XlaedYXvwFElHhibNv4qc+o+4+2U0n8WPn5WiYVi7s0p8ZlgqJn3x9WN4QJXekj5XfQoEx0kmKBIG/zwquu+pDxj6KLjnFLiMuCL4KAWSj2PKnH/80ocLHMu2v5A+e0YcKOnlN85WSi0hE7gFgj0HTrsk+rGH55Q4pGPKec2YwFcLmNnyW2NtCPK8+3Q0aInR1cPHSpu7YDrcVH5DR9oDoYMGzdYHnAL0GO2lAmeAhwq8xDag8M6ofyWE76Zx5TYNOLPKjGAYB3BuTHm4btgQsCfwqPqmcXx/pISswsGL+pxwfmdMC3OqdveTjngybHZTCmxDODBot+Wlf474CNXlOOYdQf7yYJyDjPnLyl5xkW/A3N/sSceeAXwDbyjvJkSrir1+PBo7OvQPO6RIxnrdeyQHv4ARpg5xrpdsVonlDhN+osywZdxRiHYRGgFr51R4ok5NwZsJPqUhZLXUSWOFX5P3x9RfvfwQrkyzsCHI3uCF11wufixsJe37fH5GkD96ty9WurF3Gb+gC1jLWUtBJMG34K3YfuPthws5V1Sju1Kf56dLvfwO+b5cSWWcaaUPaluTPio0sfxgXLs03/Q8KxyrYqwrFzDmKfMqymlzAvvPel24ReA/DpWAvWs95XP1LikRd4HfwoGnzwYT/T1lLrnEXp01rhaBuOWtbHieMDPQgPGZeVZ1OOSUlZCFj6mlKnGC31Yk28o5zKyBfs/MMCs5+AsZ5R8rfJ1+Dfzc85lRD5DSr6GzIrv+Ixy/a5Y0bHybFo5ZpE1Ga+sp0fK89kSGJtzSnmUPOEH4NFnlD5uU6Us5k/Q7azvYyygm2KfwTo96jpFvnzTabD0RcVpIwtNKv0IY86BG2dvskk5L6n3Wd9Hf9cz7IZK+chE8LH96l6/kamRl1ZKHzHujzl/+NAJpW5oXrmHCJo8Up5tBBZ30XleVPphMXaqz9uIaQCPRh4EH01dwWZwRgL9ftT9wVmxlA3virqyF6QfkSHoP/b+VV8yX/Jgz874Yw9I+fAo9hPIUpyXQDsZC+gvWHcIjFvKYFzPK89TYJ0As8yVMTvvMpkbjBfGCW0iP3QBh8tz5t7xki/7Bebk4ZLHZMkb/sRzdAb8hkbVTyPKQYZg3BBvUbnGoIureZxQzmF8npC15pQ6MnDV2GWgP3yMc1AGlWebLil9yaELshBzen/pU2Q72htpzisx9MgW+GNgNycN85U994gSY4N/N/6NrPPVzwPbODLZoNKvcVqp/0TmYK5xT38dVvKxE0qZkn08v/FfQX+D7I9uHl0zto5LpZzREoc5hM5yQXlODusSc4qzA1gDRv2MM0omlftE6HfFZdCfzN8l5f6Dc0TRo4NJZ78ZbcQ+O6TkI0tKm8M25doMBvx1pR9LnAVzU8m/K557SYmfjnI3lv7ER5E1kvUK+x6+UpVf7S2/I98Yn+h51pV8wTQhsyHn1PKDf95WyoTx/JjbBoZ7b3nHWoUOibVvsKeM7UqszgWl3gs7FeMLXgF2in69p+S38exWyRvfB3wm4E3YRyL/i0q96w3lXnxRaZOOeODLdjkedj54Lfsg/AvYZ8y7LuyVog7fUkf/Pa7UV681HeJ6tqTDDoOdBdthhMBFvlqeYfvD1oi8F+8fKO0D2ElpB/OdcYe+HBsPti3ktF2lP5ZK+XNKe2fdT42X+FHmu8r1ZqjkHfdfUerQx5VrH3YpbGw7lP6U6Mfh4RUDV8tnTGELYY4EzdiXcqb7DuVZ18hiyD3LSjkAHRP2qeNKn1OwfNBnWt30RvZCvqKfwQ+hD2avynyJuIvKMxf6XXbwBPgPmBxsx7uVeiD2o9gOh5XYDNbTXc5vi2kS+b/Wkw4cC7Yu3jEGZ5Vza1ip77igbt3415R4yVMlPtg/8H1j5brZdEZXhu032nfaV2QL8LE3leNhROmrUc9dIA5jP/LEFovvz06lbwdnKdUxCA2uue/iOXITONoppTy5Rek3DLay+lbEuLuutDF+qlxj43pG+Q32qBMY8O+WdOiZL7te6BNP+pu/0Z+BCQLzsUnp0wFeEgwAdnvs1eDAdijtHtuV/Jf44PRPKGW9oPFRJT4n6giPYp1lLGBXxPbymtK2wFxm3g+5rLhfpeQZFctwy/ki83DG256eQJoRpX8V69hl5T4IOQR7c7T/y64n+AN4Si/OE9wDvGGt0mYPPirWvVeVupibzgesDfI58iXyBXbSUaVtsd4jg+LfOFvSY4ccK+n2lDTwwIpx3qX8PtZIyQteC296WelbB3/dqrTV13oyZ3eX52BTwbxDp1H3JfzpqBIjyZpSyyQcUNp5oP3+UhbYHbAQ/UpMOiHW5HnlN7XoC9Yf7KbwPsZUrz26N7BHQ1cL30Ie3lbyB68Cv4HnHerJE/0Jaw3PwQDs0ovrUuNNKHGnEX/5Bel2KX0BflReW8t9xUrxDJmA34x36FnHMmOLuNV2v0s5RtlL1rSUybfCgvdhQ+C82ZB50DlM9JTLOj2i5IFVt4nNsD4bV2JU2UdjR/ySunVhdb+IXg4dK3MDerEfBnsReV9XyufMI/Zu2JIYFxPKuYGtBr0pe2p0hMj7zKmIw/qL/DRb3sOzmV/IG+yf0ccgS6ELor7oRta5/WCy4V/0S9VDMg9oX5VPa6g2sZijYBewJ6NPimcbfF0qaWbKFZ0a+81B5XyLd+eV/gpHlH6eyLWHHQf9MHvOKOuU02xR+gCCE4p4sRaEjIg+GH0ImAPWC3SmyMfY6DkLBFwIulz0zYyDql+tNnDWSOZE9O2iEmvDfMA/q46vo6WeJ5z+kVJ/tKLUWTPuwG5EHc8qz/ZlXIANYH+O3pu8sActlXLYE0VeYMfReaNHYrxOludzJV7kD1+bVc4t9uakZT/AuJlR7uHwHal2Ing8chQ22WWlfpB1lzF1QznObijPuV1Sylqzpjk6XsYHtD6mPMuXdQ+9LTqVyOeiUo+Kvop9UazxyIXsSyecV6Tb7jqHzuGpafG03IN9jL3EpfIuwoLLWFLqweL5nZI2fnNWzogSvwr+Mmga4y1k5U+UOHH6NJ5fd95nlN+w26c8t23FYZPSzsI8B/+BjvE9da8l6NQin9CvvOM6vWOafEPpo3qn4/cY3zBo+0D2+37S3zXgPDXL/32vuD8uW/a/rPxGSeyd3/RZ90/c1ignZOUHDmeVvocx1mL+hp/tq0rb5C2fbR9pAxuI32yM5xtKPfzpTr3aZ6LfUeLIvux631Lide4o7Vk7lP6cEbCbxvMTSj/ZD9TZB3yoPA8dn+J4/rbSDoZf9gPlNwGwhR9XnoscebCfGVK33Ig9drdS/wBmizUTO8fBcg92YaO67dDIhOi0R5XyA/4m4JHhbcNK2whlDPfkhw6AfTiyITyQ+sG3GY/YEdFNrS2/0e/V82EOKfViVe/N/WC5J+DHig6W8w7ATB8ucdlzwD+RfxiH7AfYl8V1r1KnCK1GStljSpwsPHm3UheHTmhQiYkif/Tro+rec4F1Ym5DE36PqPtb1dg8qg4TrAa0Zo1Bl4FOlLLQl0AD+qLaUmg/ciL6fewutKleKQe7IvSHNqwhyDmsvezH2GuxlxwqtAHHyj55v1Ivwr6Td+hQ2P+Bu0WXGPmDs0bHTtjrMxyC33zc3AcPAzdwtvOsjTP9nhIT+dhX643bmNbgqR86TvC14CuxHt3zu+B9X3O6fY7DWjTi99f8jDMXIlwu9xE4ozTiv+nrG6YzuhfmHuOatZt1PHQM2CjQv1R8LXa+ujdB5sFeWgM2MsJCh65d6Vn3wJ3NKMfcrNIuUO9rXdi/HVPi8OBFze++WK8eKc+zjzaBxeOciDfd5zfdV++bfkHzGG9vG7sbZX6kzndbbnkMPFKeExF5vKvEWMRaHGvJFeV3k+JZjBO+3cJ32/Yrvz3EWQq3XR428oi7qDyLIeSKJ37+lvN9V3nWyDP/vuJyb/j6rgPf0dnndrCuxfXLjn9a+X2kd0y3Jb8nziW/e7M8u+Hfj1y3yPMN5bfuQp5hbf6y2x/xLvv3O+5fzpSIdt4xPbFtPHWbv1z6MehzXc/llHY5X3f6J873Dd8/8vUNx6OO9Tf7/DnXb7vzfeJy3zIN77sNb5a+u+y2RtpPnO8dp4m6x3iLuf++4z11nLfKfdThqvJsmjt+FzLYF0y/byv5A2Piiq+R19uFfvCoN53vE6d72+Gx8nsuMefCFrVQnr1lWj92/d72lfcPTVf05Hf9jvNXHpd6XPC7Y45HAD+91mmQI8DPgRsOngqfh/ejw2ENgN/hf7tNea5/yFTsK4gfcUIfGzwoeBF+LWNKv0Rsfti9pnwf7Uanhv818jp7IXQw+ADgC7VLqROJ9uIvOlLyGy7XEdcTvQWyJus5eye+kzhU6jLsdiBLcOYD/vAxbrHtcqYFft5VF4ZNF/039ooRdZ91wf4S+9x6h41Kv0/ojO4bfWrsEbAh4G9Xf29Q6sCPKH3U0HsPOd6U0icOv629/l3HxlYlNoq4R5TnUPQr/WWwDWDr4BlnpkGTbUr/Y/TgGxwPu8lu5Vkb6NQpu19pb+F7HRF3utB5cykb+q5VnnsAnbEBc07FJuWYHle3r+VWpR4bn+6tyvMZDpQyibeg1IlFPvjsVRvG9pLfhlIeZ4aM+/m6UlY9EwFbCfMJ30bmEXILPsjseZhHyPPYz5in0AV9I/7DyET4mhcZ8bl8WnFZA8rv6DKW0Z9tLeXOKM8DoG5Rxv5yz5jcbjrgF7deqXOI9OgyoqzgkZyvslnph39cqTPd4bZG/eaVfvxLPXXZoNQtoZuNOmHL3648oyNoiK6O97HnP+Ur2ET2aswx0mP7YT8CLSLP4K9vqlsHBl2GlGef4+PM2SfwH+bVK8qxM6Q8zwU8/04/Z4yCL0GHGeVvUvJi9lv4RXMlf3Tce5W8CB0smAW+p71LyQcfKX0eyZdxuNfXV9yn2K72q/u7zPBX7Ij9rnPktV7JP9faF+w31dnPTPk7puyb0Gmie0PPjZ4+xh9r0LxS78gcQb+/2+Ngt8unb7aVumxXnmcDT8aOjL/sBqXOIsp/zekj73XKdWlAyXPZ89ff4Oio60YlfgWewPiKOp8t7zYqbeHsYfDHBLcylPRt12utUkcATgU/7Gq3oi6Dym9Tgz3erpyXY8qxXLFTUS5jbJ+Sv+4qdGHewVeQF3gW5ePHF/mfKXUDyzak/Gb4tNu3SXl2wFqlXMX9FaUNl/VptPyGXtvK75eV565sVp6Js1bd57rscl3WK7HW2J6Zk4To99gLzLiN7zgsK79/cklpy7tW7kNuflbSRLzQIz5wH111iLyCZ7Hvx48Iewtn6L2u9HmJMRcyW+z7PlN+Q+6y8nsQJ5TnOoYsfdp149sxUQbnC1xyfux9OVcy+MZJ1yt+MxeCHotKDCn7iHGlzgndZ9D3VE8AJ4kPEjrB4M/DSh8tsAHYDefLu3klnhMsCLZP7NRguNHFE/BlgVeD6cMGhD4O2w+Y3riCKZlR2jHiHTy86sawLWPj3Kf8lsf+kmZIiWl/V+kXUnVw2IPAylUb65xS54GNZVG5lqP7RZ4As46fDfSP+BXfj5/aOSXOkHj4rOBbhA6I/sI+xTowoRxz6Grgt+iDo1xk9ONKLBI6nYonn/d77L8LSn9zcITTJX98wmaUutARpf8f9eGcIbCedQ04oMR+spZB8yjvorptXNinGTcnlPpsbJ7g66vu/aHSp5pvHQYNKo4JejOfmBPUE9/CoPmy0q8GvRN9Dr8YddzQIWC7HFH6SIINXyh0PKL8XvK8kidwxY9ssrRzxfkHf6h7V3R9zEXkBPz4Trgd1OeqUv/NGVgjzhv85mklv8BWsew0l53/FeW322g7uHnm8A3fLyt1kNCW+XlN6QOG7zL6YsYyun7aAx9F94++MgJzFbkB7F/kdcv5goFkbmAfveC63HRd8KXDd5D1I+qzU4l3xJ8WPAl440ElhgIfaPAa7CmWlb44kZ45Uv2jzigxg4z1i8qzvvExoB4rzgPfn0n3I/axI0qfo4NKH2kwDviNV/wUfurQFF6D3wW+NXznmv0TWGj0E9jT63v2bPhn9mIA9zjOohIP1/t+upTTr1xD+pV4Bnge+1HwQNhqkBOjvTEu7yjn1Zj7ijMJsUdvLX11qLw7q/QLHFP6X4F3pq+xv5MW/He8X6eUZekLbGgzynOUwOii10cWrZg0bJr7Cj1WlHgs8MqvKnVQryrHOTqfL6nbhsT+H7mYdfCC0vZ3xbR8YLoum+7Yjk/6GfIIY531j7XktNLHjvWQtRb/EmRA9jDIBPQPfH+mpFt2mW8pMV34bF9X8ogjynMhWP+uKmW+KneRN2XNOM5ciT+v1GtMl/iLPXnNKPf98LXpEnjP2jTf8x79yYz7866SDxEf3ElNR12rTPm60pccHoydCvwR6+N0uUZYKFf6BYwWdifstthEkd8iMDcIu5RjhDGIbRUcOfbaeB77FOQk3qFbwSc03r+lbp/EPSUPxhHyH9gDrugQwJgiPzLHJnoC+MO6v0UfwRiPdgUf+6pSV4TujL3lSHmGbni/UgcwotRNPXI+2C2HlDx5R0mLPI9+B0w67UBXvlepzwZ/wXP0N+zDN6v7W89Rjw2lH7AvVP34B0rcd6XvPiUOn3aAhcX/Y3vpQ9rImoHeBT8B9hPswTnLkn079/Wb6SNKH41hpf0i7u8r/UrQ40f/8r0NdBRBH2SiKANbIPNoQGljv6K08072hCp7Tyn3b2NK3Sq4CtakiuHmHbThNzgVMKLx7IlSRwQf2as8p3Ss5DGsHKtRt/VKXPVYKRvd1t7y7KASz71fKVe9pcT39pf+Zy4MKu0P4HPROzCOI27oEK4rsUHQkH1r3b/H+gLm7KLSXx5ehvyPjAF2lvUXXyJ8RtgT4X8J/pIzV0IuYy04qzyP5pjyezjgldm/0RfY+sFSRn3mHWewvAfLwvkO4OCOuY/Yo7HujDrddGkrvJEzfdFFozPAp25KiVcBZ7Oo9EFFPh4vVzDi+KThH4qdb7zkMVry5Tn+/ugFwAaDp8Fng/qjT0F2ozzkY2x9YIJOKPFMrGEDzgN5O95f8HPsV+DAwM1gK/hY6cfJ+72ua9Ax9lQhQ8UaDm8Z6WAo2t9hCP76bceJut1Tfr8w6hDj56pyjIU+epWfx9oe+4m3Ot9neL73ivoz9kM3Bz5gyv37oVKORi54o8nj5U5e7fjHfI1ybnfa09dSyobY4U+4jVHeR0q7NTjAZ6b1UyX+9H3nSZsnyu/If4/Thbz7SDnGLyl9x68p8Q1bXGbUIcYOmJFr6tYZMjeGlPt7MHwzyjOgJl0P8GmHnf+Mkn+w98VfgvV3wW3dq9RD8g2SCPDlSdNx3nVDP42edkKJh2X/y94m5h7fRDjhus25Hy6aJozZaBvfWZlS8pRI2+9+qvINsgB1wBcc+zq2MfSSe5T61GPK85O4Ry+DThTZ8IpSPwQ+EJsMawHX4fKec7cJu0uo/p2D5TnrNjYmbNfsy7AnoOdD/mB9wyaNvFrlZrAW+LFMur3MX3zl4oq9r67Z80oc5eVCC/S1Y+Vd+DLW83fAt19W4szph3VK/4RZpY4Cndhpt31F+d3ZGK/wwmGl3py0jDN0dGBdR5Rro209baz0HqWNJ+j9TdfvlfIM/9mm/D7K3e1vWEX/IHtuU85F+C/2duzLNRAPWeiwaXJc3XZMZKLqY8b3X7a7zsipP1B+x8D2sb7dxn+/pjzjGp8s5vKcEh9AeW5zm253lfufqqvv9xV7O2cKb1Weo7jezxZdBrZK2oxPJvZW7IDgUSv+oL/kA4Z3XN1nf+Abwfdx1ivPtO0vbY16sFcH/8G17j0GnB+yH3sZfPTYB2BjQ9c8rsRQgJeGHuyL0HFA72ElrpbnVa+FTgUcw7zSLjurtIdH2hklT9he8mP/sktprwU/8htKm37QZ0HpP4w9L9ayVSXeqHIPdkjd30sgbHN569Rt66QtfO+CNg4p98DMTwJyPPhXzrxgjwsWKfLFP4k9+0ml/INd9WtKnhbv4UGjpSxwIuDTB5Q4dmyb4FrAiLM3Wuv2wbfpk4gDj8YWXPnpiBI/fUDpgwwum/ishezp95R07PV3OE/2kvQpMnDF9rDnelnd3zRhjA8ov/UBNivyR64G//Bm59rms8vKc0jZm44Z7xvyKbIN+5NYh287r+CHs+o+LxLd2a1OfcNHph0fHXXgNxeU/OKsn+GDgJ9r0Oeu37PO47PC3OPsQ/QK0Ik9TNA35CRkTfYdjG1wOOwxwDxi99qrxK6gc8ImCW6QvRg2DvQT8HHwQeiwKlYKXTZyAPEPmO4VgxlxwC0M9eQxpJzPyC/jSn0x7xgjLwrrlLofnoGbaELfoU54LttNKe0m7KOCxiF7x1wNu8pl93n8xt8v+qb6+8Q1xk/IfcgTIfvEmJx3emxclxxi/LCfXDEND/j3nBJjdF6p40UnGwEdALoUaIRNC9kz3oHfmFbavSI/5vg15TmL2EkumTY3lfv5OeW+kTWBdi2U/CPfK0rZi73YY+U5ftiWx5QyMmssOvUBpYx4SnkOylmlXgG74CGlfe+OkteecNzzSpsFPOCUaX/S8cAkoHOfd/wryv19jJn7yj38aXXr0LEFRFnnlP64MW4/UWIcLjputPuBuu2n2PWwhU6W/Dm3Gj0F2OcLSlseNmnG2ERpM3Yj7PUrJW/0ifPKMRhlXFaeycIeIeoffKTfdQ1aXFLaHxcd/4rzWPBv9hSM/cvKfRrj9bTSv5C08R78Jnp/bHectQuP57wDbBXsG+eUtskp5XdJScs8BJuDLQRbzg3lOssZ4qeV/on4nJwv/Rjx33CcM8rz0Sq+AszCTeVZZei48SvHTnra95w/NlPav+i8oeUF5V7+rN8tqtsWuuzn7LFPmXb3HPeC0zJe4CPgDrC9M77gO5S1ovQtAqvyptvKGMAGST5Rj+BJMTZuK/nZgPIchSXTCb9aMAqRFt3LtPIbwdf97rpSh3JBiUG45j647ryw2c+r+0zEa75Wu98Np5tzu/Hpven2YyeL+BeVmKPbSn3FmPsp0sT4OqzkQ+gjIx4yA20CCxH1eGCaBf3BkV53na+ZXjfLdV6pR6L99As4iavKMX2s0Dvib3f9dirxlOeVurpp5TcWwI5wxgByDHv3GeX5geCW5pQ8AhpecbsmC21mlT7WxIs6DihlP+SyM64neAF0F8hnzCX0rntcL2h8UHm2KPXlrFswEoyLyrtXlLwW3T28D/kBmycYCXjMgN9fLnXBJo3eGF0e+xBwmqeUvAF6YCtlrVhQnuENj2Oec94s4x1bbdAP/egd1w17BXg0eMM5pU5lt+sFL9lnmu9TfkMAPNQJx426BY+4pZwHl5X26RUlfmJEeQZ4xXswRjgf/YrpdEXJ71kH2aPN+P2EywRHclL5vV/GNvL5dSVmCD3TLl9XnN8V5dkdx03bZadjzWF/StuQJ7EhjCj1uydLHsiXp5zmiXINuORni0psYz0f+JK6sVPoyMAWwAvPKc+9H3Sb8fO/psQzsGbwHhvShUIz1jRsG3H/UHn+JLx2XLm2LJZ2Rj8cdr2jjBgrB5X6ecY/8yfK44xV5jD+9MP+fVRps6oyJPjIi0rf/utKjAXzH+wM8yji3lTuI3Yoxx98hfl4Wyl73vF75DrawbgG2zSptOWddf9dL2WArYNHnPE92EP8mZeU+52zSpkF3MJSeQdmGDlpRblOg00cVn5bgrnCPEdnio7hXMlrXLlXB69yzvGYP2Dp4CGR93aXD5Yy7lmbYxxgl417sILM87gOKWWdZZd9Winj4S8T9ebM7pOlLOzoU8rzC5ELF5Xze7n0K9hq5METpnHQE90A8imY81Ou25wSDz2mPBcb3N2EkmddVK7X7HUfKv0n4W/oRo4o599+5bn7YO2QTXYpZeKHjndRuY9CFmXvOKU8W2JQqQuJe3Q+LytxpOgdwY79f+19fXhV1Znv2vucnLwJAQMEIkY8Jx4TxYgppBAQKTGECIFiCAGTEJkQwocZKSJFZCgVax00FtEy4/hBLaUM4yDSE1BEq16Zlut4fax1fKy2jtOPezutd6rT23HajqPkvu8+65e1chqdPjO9z3P/eH/JOnvv9b3e9bHXet93rb3FCwvekvDZsKbHmgR7PzBvwbsevB7IaKBr1EhONgP5eDU5HeF7bNhD5HROxI/o5TeQk4WD97ye3FlSSHctOR4RZMv3kftuDfTsEDfGEfAfO8h9i0bcof8HmS50iST8fnKyCvD7/XYGmcaWnPign428ov1B3txJbs6CNga9K/B8kH/IoKWNnyZ3pgTmvzjvB3YS7iQ5nXLwm6GXjDSavXvwBKB3D93Gbltn4HNC7xn0RD/d4/mBrgHW9OCXd3m0w1gLXq3QBrqga8nNXZEnyL6ggwDdgaPkzpqCDL6J3DlZ6GuQ5WNfGnSXUA8brX/o9aJvgccHOWA9ORkB9GLRLnD2IHi3Ule15PgICA/5bL3NP/Tf0I6hV4D9CujfiBt73yCbnUmOvwedGPBAUL4emy50lqDjhTS2kWvTkhfMf60cblBeMs3Gh+9tQk8Fembgh/XQ0HNNoKsizxgLML6ifro9OiNdyC4gJ8R4AL4/6AGdIOjIQ2dD+u8LtswnyOkZYU0l+RXZAvS+cB4NZFZYr0Lfcjs53RnsS++1dfYmOR3YzeTeDy1enNBlPUVunQT93kPkdPewx1TCHSCn+wddNn9fCOQHkDGLn2PkzoS506Ox+H2ehp7Ng76CfgM5OcYtpIW13Wxy/aLZxo98dpGTeeP7TrPJyZkxZu8lxyfEOxJpZOz9fV6acIMOEcot5qCXF7wnWjw/e8iNG1KuXdY/9hmgX+H9MZ/ctxzFn8zl7rHl2E9On1rCYB7SQE6vfo9167bx4Cww8AUXWXvok84hd+YKyohyQ48J4zz0nXx+vd//fb15yAYQV64uAuQDaH8zyenzQdcScqI2L71mz25aTl78PaIozxbPfYpnP5vcOQDgL3aS+3Zpq+cXfQ/yzDle2pjTYG8vxuJpXvgazx/oi3xN8eof8xi0U8kfkTvL+zZysmWfj41xGnr+yE8TuTEW8l3sxYBcGO6QB9fa/JWT28OG+Dda9wfI6eBAHw9rjFpy+tOQbW0jd34a5oQHyM0JscdU/J60dheSk+uCXwF9nQrPjzxjrzd0gqbY/K+3fiTN+ZaGOO8Pa/DJ5HgaGNs6vLhqPTe4t5Br84ijm5x+YK7OjsSP72v57miDvu5PIzk+OcZD6P3c4dEd8ye8s6DLXE9DzxbBnp355HS35pCTN0NvZAs5vZNq6x97iieRk8k1e/6mWXoiXegRoL9BL3aKRwesFdEf0NchF/R1wiHzB11nkZNjwnSRa9v15M51xxluGI9RHqzBsFcGazTsQ5N3wn5y5w1laOjcAfMxzBHwXt3k0VyeZdxOkpNvrCcn28eZG1J+8DpryLUB0UHEfAfjEvhtkjfoxGB/HfTJ5B3ea+n2sC2zvJ+gZ3TM5gHjCMa79eR0fGrI8S7B38R7vYXc2c9t1u9D5M5zhp6pr7cGvTOZb1V45QItJE/o03i3o11VkNM3lXtZDxaRO98G74pd5HSasF5E3zxq63kKOZ4bZOUvWhpaPYQoHHgHkCuAP42zoMGXgFwBPCisw8BHuc3eyxkM2PsKd+hlY12BPR25evUYm2Ea/wBGygVeUicN5SvBDrKTLeTGwg7vfhu5fT/Yn7uV3HslN4xv2mx4rNPhF3WD/U7YH7HIc4dug79fGeGhE7PNs8e8HusC7CuAHoWvv41xA2Mq9J+mef4aPf9NnpE0IdPBuJ0bBgb7KOSKNYavpyZmw0eEhT9/nxJ4Dohb8ov5FZ7xHhLzCy9exIdxs9a7wg/aBtaOmDtBZgQe4WwvDNJF3jCnn+3dQ24otELf2uTd7yH3HWfo9IOXJP6wfw48KokL4zp0MrGOB79tvRe+i5z8cIvNb3dOmuCt3mZp8Lr3DN72QXJ78SG73UFuDzDWUeDXgg8tBuMEZD+Q+4KfDXkaeN1+eOQJPAvIdXaQ+44X6Ame4MvkZFLLyZ33Al1K1DeM3/aayX3ra6Znh3f3bO8ZbQLtWdwXe/a+f2lr4Hc9QE4+15ETH/g982noWWjzvfDol1iPQV8QMtDJnn8pL+Y20OOcTW6PWSO57xRB50HyXUzuDATQAjRAP4RuH96TWA9hnxh4HejD2PsDnVCMW+CdgEeG8Q/vCp8XudwLC74j5sTgPWLd5K9fsdYAX6vTSwvnCOCMDGk7G8np2awnNw6DJmu9MHg34N0KftVmcrqNeBdgbgqeW4+lEfivWDtAnrOe3LsA/IQN5M6e9XVD/XluvecG/hTGCZR9q3XfQ47vh30mWHuDJwR9J+j/gdcAuqMcmIO+6JUTMlisP7HebvTqD7xO8HTBZ4V+D+S/mFtLHmq8eMTgPD7w2ZusneQT81HobEp8wm84bMu7m9zerc3kvjEtfm7x6mMTue8Kgu8o48wU+t29p2izkDHVe+6zyLV7ofEBcvwL7IsT/3d492+Se49ZuwA6v+CPYo8i6AldIsjtNpGTp6INo41C3xjzEejg+t8w2Uhu/oL9BPPJ7XOWe5ln/payc1KM75At+vPXWeT2wqG9bvPqHmtZ8Qe5rM8/epVcf5Ywh8jNJ6Vd/Jgc32wxOTkc3s8y5z9GQ/k0WMeADrPI8WWwLoUONPZMziInW9tq3d4kN1bK9aeWLphzID3oMIgs+qRHT+zbqCXHA4Peare1z3h59NpE9AyevegUY31Ya9PDmvQBm5dCcnNz2e8heraTbXkm2/zJ/F7eCfhmCPb+iLu0E5yrKOsXeX/eR+78KLzroLMz0/rHGhXvENAKcyvMuyWP0MXE+xbjxivk9LbQx6Gv1ERO9l1m45I693leGEOw5hY36F89TO68MpQX4w/2/co9dPGhVwh5H/gx2BsCGTt0RbHehw7wIo/uk8jt49pLrs1jHyXyOsaaSR9j8P4vI7f3DW5++DkfEb75I+7/I5POeR4u/gs/JrzoywtvQfob5tqQk2B+sZlcf8YY7K8xNpPTV8c+Z/A+sbbGfAlueE9hPjGfHM+nkdz6Dv0N7QI8E6wfwNudRG6uJP4qbL4mklvjzyK3HoZe/WQvTcwnwceDTgDWk+CHTyPXZybZ50nkzi2EfvMkcjr8mBejLSZp6HmdVfYK+TneqfBX7flJkpvvttnnLeTmbciL9MNee99Abq9Us7XDOJskt38I7UHo658Xu4gcfwj9HPudcOYR9orgHIAacvtUwGdGHUs4nMmKfufLZqu8vCS9csz06FHtuSOvpZ5bj+e2JYfm2E+G9gr/4FdiLY13BGT2mG9gPop1oL/+wZwcMn7xB501jFv15Pa7QR4C+UebzXOLlw7mmB1enDCHc57x/sOcvdYLL++MO2z8kJOAv9bs3UPmhzxDbgp+CPq/r4eAfovzVSfYdBrtVdKGDrm8o2Q+CL2qzeR0zHE2V6/nBp0bhMd8scXzA12TzZ6R+H0eL3jMNeT2y8r7E+MueOlou1ifgveIcR4G/OUpNi+wB/8D+/bavPgmW4M8IQzuZ+fYid8qL5zvBv75JEtn8DhnkTsPRsy95PjpDeT20EHOMsc+I/1Z5PZB+nnDmIn7leTGUJwDij01m8jxlzDXbKShbRo8ddAY+hCQNWLNg30H4NGBj4E16GZy/Bjo1O4gN1+GrABrRMiOusnNd2u9uCCzlHgwH8D6Dn20m9w7CnN78BXuI3eWHfpRCzndLKxdoZuCPc/YHz2Hhp5vhDzstfnHHoNaGx5zsQbrBzoB95Abe6HHI3b7LA2hqww5P/QKu8npVq8lp5uDPQTQJYB+KuT6cr+HHB8VZwJBR0zmfRly53+A772PHH8VZ3JA5w88BOjig4cB/RChB872BE8cOts3k5troN3d7NXbRnLrS+gwrLV+cAYIxr5byZ2rttz6udf6b6ChZ3V0k1sb3kxu/bSR3Fkl+8m1527vujin7nvI8YjQVuaTazPg32BtD72tHi9srsH6v9OLq5WcfAHtH2n4YSHTbvDsuj3/ncOk15GTDuLweT9tw6SFdTTqAP14bU588716Hq68uQbv1vnDuGFei+cm7x7tAXzFxTS07YM/BPNx8Xr8pUDWh9Ifpa3sseegPEZu34q0A8iFsOcF/BlJB7I3uS+19k/Z8mFsBK0lDWkjb9n7XeT2AEC/D/qRkqenyem3Sp2LPhh0nHFeHvREMM+WcRZyw5nkxorXLO3k3f+KtQO/DrJOnN2Ouv4lDX5zLhoPINN5hZxuy1pye2/A69pCbn8D+n13lr6D39tD28PeVuicgL7Yn1Bv7beR0xMTupSR03O4h9y5jNCdgiwIawvoz/o8ReiRzyQnN2okp7tYTG486yZ3trzEL+84Gacn0dAz91rJnfv2Cjme4G7rV9oJ9gBVk+tn4LGg3WNc2UzuHInl5HQpesnNOxosDSaSazuttlw7yL1r0U97yfGLMNeDbhH4FtATh84D7KHTCJ4n5NfgK68kxzNdT04fXswRj3YYW24hp5uKPr2cnO4vaIA4JE7s3cK7DO8R7LHE/ACyKZRT3LB/9h5yvBaUBVf0e9xD7gF5kdidJsfL3OzRGHq4vn4d9vVg7gQdHJx7BZ1RzPHx3t/gPUPHYKNnNpCTlyFe6MH54y34P5vI7SfAfAJtZHaO6ci5fpRZ/xH20hZlHXKhvRdTRu7cfeHFjfGMrA8hx5E1i+gIQF9A+iG+s3Ehue+oJG3YC724p5D7Hk3SXvEdA0lT+tw06wbdrxrrdiE5HVjo0CA88og1QTW57+YgTYyfE2x84DeWeultsPezyH2HBN9YyF2fgPcGHhbixxoBejTV5M7Shw5qp5cvf96PNak/D1+ZYzAGiZ8G+t35haQFOdhict9KBe/RP68SY7qvb4O1qy+/knJAtg9ZNNZE07x0oKeEPrmYHP/Sl2U2kdPLm2PTgR/oJ4E3C52YKeT0DqGHh/DNXvj5nv0sL51OcrqF4LtDxwzye6zfoWdQ7/mF7AT6XdAPXuSl3WjtIR+FDgLy2+DREfsYkGfwGlBG6BmCxwi+NPjVmH8t98Jh7onyYz4GPhvWYih7Lq0xnkCmCNpCngs+JfSwIQPDmgbrMV+HA20IdSB20kbx3ZVqGjofxvobdAdPArqhD5HT8Z5s08OZRd3k9Ct8nTzwUtHXVuaEBY8Guvug/XYvLeiKST5lTCgl944QO4wR4KnXWn/op34ZIdvCekGej3p0xRwfemFY88u9z1t/iBwfu4zcOAB9TfRBvJ/Bj4Y8p8KmjTxAr2wRDeUNtZH7hk8vubZWb+NBHNAznZnjDrdecrxkXzcGz9DLxNoJvMjl1g/4dqAx+Et431aT4+mifWM8m0lurY8+W09uDzjcNpHjcfvvUMx1wZvFWAgeGOR74Lf7e0XQvhrIjUOYA3d68f4+poUcLxNX9NVcf7M/IjzmKHhPzMm5+vHjvnGYuBZ79w3DhIM7+jTk2H6YbhqaD/CcmmhoGX2eHPI524tnEw3ND8JBpxT16ZcR6xTpi2PsM2RTE+212oYrITc/EgMZBuYx4P9tJPfOhyxJwoO3jLkW2SvGEQmz3KZZYf2LG3ikmDNhzgY/eL8hDX/egvkR5GFox2ly3xKS5y1e2Wfb+1E0dF6I7ysV27wXemH8bxBJ+5f+NYGcjulk6w6ZP/qw5FP6F/gt6C/QTYReBfonxgLwkmvIfY8P4wHGYciqMcdGe5hE7kyg2eTWbtCnhi51vaUP5jDgBWOegPc42iTWoHgfgjcMmQr0DrCm7iQ3P1hMThcb7Q3j8SJy8kKMhxXk9sNBdx1zONC/wdIRes8YbyDXg+444q0ht+djNjk5FMZy7FGYQu7MNX/f0hQaKhfo8OKHXB1zCV9/Evpm+CYi1iiQlSJvTV65SmnoGVhJcvMWvBMuJPdu8scM8NcxJiGPGL8mkZPTYa6H+sC8F+0UuhpYF+AboXADfxvpgPboZ+gLQjdfpotxBPQGzSd6tAV/B3Ul9reQmz9O9uLGWAn5KPY/dpJbp0DfopGcvjnkYNhvA/qAL7z+I8yW7DnBgyak6Nu/uB80iZznYYycp5l7H52xCfN+zrM10TnFw9j/vuZjw8//r8X9sUb0dd4bxrzN5teU5fv92pr37PUtey/XN+1V9JDf9Z7fHRqffAs5KMt+tzBIWhqX2muh/Z7hB9afsfFJ2j/LPkd+uP5E32qwvuJsyNbRz7LPkf7OW/b6w2x9Re5v27y8b6/v2vv3LQ04raDEXsNsOXEdrPe3s/mK7LkvBNJG5dvVon8lfUHkPyJTfZayfEnh/crej5etnVyF1/SYff6+vZd4RcdL9KIy5L4tJ3srD3r+X7ZxCv/olDUve89yf9j6ERrcSe675k/ZeE5Zu2PkvmV9yl5/6sUjfN6H7D33pYjHhXI9be0krdcpuxf2VXt92NJd0nrFxnfS3t9n6f6y9fsrm4f91u5NWxaJe59N/5RHwxfJfav8FUufE9Y85t2/bNMUPvdRm9+HbdgTNpzcf8vSYZ/Nx5uW3s/b8v7K5ne/fUa7OWzDwO1Va16yeXzRur1u/R60z0KXD2zeHrBhjtp8vGWff2HdjpE7ZwNrMKwXIMuFfux8a4+xHPMH8DPkfisNPfMAvF+skbu9uGRsxroN+iz4TgX0sOUdAL415lNzbB0jvtnk3tPSnm6zNDpA7vzVvbY+ITM+TU5+KWHkvXOKhp4ld9LS5aDNzz3Wv8gIDllzmNx5Q8utneTtCLlvKuIswPu8sPKe2m7v8e6We2mLIrtoJXf+2SGbt0O2riCLOuXZTyF33tjL1k7arrxvH7O0WERun8FGcrICqZ9b7PN+cuf13EtONrzLpivxHCW3L+kIOT3NU9bvVnK6oAdoqA7wzeT2MLeQ01Of7z1Dxgw+ttjtI/eNtvnkzjXDHjjIyeeTO+uhk9yZHuCPY/8j5niN5GR5kLtB9gb/vm429mZAD3sTOX7+Bi9N6AjsJyej3khuvyd4791eOJ+PCtPlxY2zMzaQ22fyEA2VeWOvmNTXAzYPWyyt7iE3x0KblzYzh1wbRVpYq4A3CBkn5ufQ75ps6Yd5FuTa0ucgx9lq/Ry0zxXWzqcVeLfg3YGfhL0V2KfljzX15OQXz5LbC72eHE8Cck5fD0DKdoTcOXPYh7mR3JgHXRbo/2GvjjzLe0L60JvkzvTEHBf8OIlX1orQJcA8WfItMq5am4+Ml5cx5Ob50J2bRI63hzVEl41jjw37Erk9AthjB92mmeT2mE4mpxsGXpc8l5Jbh/SS4/XIPcbjOzx6YE0JfWDs34S+j6QDPXzwa3pteTZb97223mZZWtaQ6xvYy9ZKrs1j3TvbumNfzkpy3/WcZuOtIae3DB4a5EpbaOj51S3k9oi9a9OHDnWVDYt9DthLCV6ez7vH+6fRpgk38I+bbN1gXzDeZeDZoc7F7lVy/a2B3NoFPHHoy0KOifEK71SfX+HL5RYNc59r5xvYYQ8E1qKzvCvKWOWlibUjeCG+HMtPazINbdMyLkBeLfcyXvVY2hwjt0e9g9w3rqZ4BnwIyPAm2nrFM3hQMz1334yy9JxITlfX541BfljyEeFLbHol5PjdJeTWuBNtfeK+lpxcAQb9avIwBrJNPON+Azm+HPjO5eT6i7TPleS+ow6+NL5lhnlcOTm+DPgT4AfOttcqz2/a8wN76EKW2rhGkeO5o41XWLqKHfZBXUhOt8eXRUI2A1njTHLfvYDsD3LR9fYe8gHoMID3M5PcHLeb3DntkOVBdujrS4JPAL4c9tpL+eLkeOL+mQF4F/h83FpycgzYo81OJrePGnPaas+g7PU59r5uNPiVqL9JNi7sddhNQ9uZb7Z/jBt0VnLtWv6DMDCbhrHr/g+em8i9gxpy7KH3gXEHdr9vfvx4YCAf9e07c9ybhnn+QxnMlSpy7FG+WcOEgVsufXwDucMpcvLpOcP4mz2MXWYYO8wX9g2Tf7meHCaPi3L81X9E+mIPPTm53+3lC/xi6Gm1eXZiMDcWN5lnQs9L2oTMjaDTs4OG6hoeIPctmTYvzL3kzhmDrtl95M6hFn8yl+0kNz+GbgDKsdyzxzsFfHu8/7HuAc9a+uHD5NbU2GeKtfRGz07832nrRNwxhj9LTv8Lc28YrMchR4VuD/ZSbfXC3UNDv4khdltoqO4/dPawdofOWjc5vWHIZ7HHC7rVfljUD/ZqQP+q10u716tbWedhnXYfuX2YMJtp6FruDi+uXhq6DwGmw0sTdJM4oH+4i5ze2lpyZ3riW5g93hVn2t5q6bWJ3DksOAuk1+YLZ4xu9eK71doh7c3kzn+V8kv/g16j9BPh6/2KHB/Jv/+xvcqa5bfkdNBft3WOM2PBNxGzl5y+FvQj/DaFeaDYHfXqGbrymCdLvdd6YeeT228P2esk7x77X/eR0/H2Tcd/0Rz4A8SB8T/3eav3PMcz0HPB/BkyFPFXPYzx3z/V5HQTGrxn+BHavUxuHG0kt6dJxiWsYdHHZnv3fjmgh9NEbuzCmhXzbaxxl3/EM9YlmHec9OwbPH8N3nOr9wy5HmRfk8jt6QQtkfdmL3x9TtyYs4kRee4e7xmy6vn2HnJ6nKWDvVjd9lnuwXtIk9PfAM8RdeLv2cIYiLksZHdYe0N/BWtdzDexPoc9xkuso7o9g2fIvP197jg/AbpB4KXKM/hq4HlBvurvrUS83eT4XiiPXPfb8CvJ7YvBnm7ohz1F7l3vz4ehr+DrkkHfDXN91DP0WbAmhg42xg/so8N6HHpoLV68MFU5z3NyrtANguwVecIYjPMkpM5ljoZ9gr5uIfRVYFft0UTq/xC5OTzyiDkM5q7l5Po95k3SPnZ7dYry+3LQGnK61PvJ8eegJ4c+hTbuz8v8M8Gga+TraGH+CZ6zpJ2koecbYE7XS+4sLuhWbyWnPwf+CHTItpNrB/eQ4x9hvpsk9409yJpRb5DJt5L7Nuo2GlxLBJDvt5I7vxL6fJh/iN/T5M70h241wjWRG+ew9wFzYLGTNnqKhuphQO9hOTn5hbSfo7aebvbK7a8/HyanNwna9ZLbTyT3MpaBD72Zhn7PscGW4xS5vilxSrt7weYN/CLJG85LxPoTac0mtycN82TYg9ew3nOXuKrJtRG0Jehf4J3eRu4bRAfIjUHgjT1l/ZXQUH1/nDsivE2ca405MHhUT5PTu8C6A/x5PG+1+ZpJ7nwP0Fv8QnYAuQb0CjZa2u4j960yzFNnkdvjh369wdYR9HH99QbkXi9Yt15ysost5NoU9lpgT9q91m2HpQHGhwleWk+R09ncasOXWzofs3UPeetacn2nkRwPaJPNP+avWz0aSV08S+5bNpAvrLf1fie5NZjkbw+5c9k3keNZzid3PuRkWz6RO71u44T8WOoYZ2th3bODXNsGnSXMzdb+MGX7lvDlj5J7B/aQa0fiX9qAyGffsmaOpTV4+bdaf9XW/VlyfRv7YDfYOpG83mfj77TlxjwI7+7F5Ob84PVssfkGT3KUzYO0/6QNBz08nMPwErm2JPV42sZ3hNzZLlK3tTYfTbasp8nxWIQW3yKnY49+d4Lcd0Z6yfG7wH/eQI6Xij0uB8iNkfJ8h6XDdnJrLcznocPTTE4e0UDu/FiMcWvJyQvLybXHzeT2eqEP15I7vxLyCcy/ofeN/gSdV3zrBWM00zuYSO5sNezD2eHlpdPWTa11x9jSQ7+7n3AtDe3zue6YF9bkPA/nL9e9Nsde8j2FnNwL73PMJ4Re4KPiPQ59J7lOsDQCT7ic3Bk1OF8EfJBO7x5mt7UrtUbiBd++woZ/mJwev9R5ktz3wbAWxZwVPIUt9vkwufMwsX8S9d7ihYP+mYxH+8jt0YVeIHQfITeE3t1D1h/kObNt/p62ebvHpg89H+kv0u/k3XnIlg08BvCYXyLXftrIna0q5T1o44NMGG1I/G8jd94e5ggSTto+vsMm8YmuyWabj42eP/B31pJrx2Iy5OSrkKVDRw7rJswnHrJ1BX0QzPtXkpPZYK0uNF1Mbg4CfVGhbRm5b+pBJwHvVawTt9PQOTn4HC3k5LK/j8Fezw5b973k9t4NZzaS21cPc3PO8xF79XX/cL7bRnJnZ2Ed0kWujXaT4wVinQe+Er63hLMqcQ41xpdD5GTv4DWCL3zYo43P84fhMT3B5c/j8SyP85Hgd1KC22fih2TiOAOHTYzLFsi79t5svYouWoCzfKDzI/3hBXJnZG8j983RV8h9d2YluW8gddo4xf9ucjrOWONARgt5Nuqd8x3j8SAmeRL9O5QZ5RYzwZoia3KfwR/AuLjHGmMNnkWPT/oS0yTG19hzWRMy3WM8X4hxmUOmW4zrJVbMhssacjsNE2x4DA65fCHTOMbxhFyukMeOGI97IccXctsIeTwOON/Bd9ie6zHgfh5+nq/5bHjuFfsR100/RXOG4P+w23l85XYQ/iO78bw9vJrNLBsf96NwAbv/G18/x2YFG35XhguzaQfXUqSLGM7LxiNX8zibv2K3r/Mz11kguqlv8z3XUfidrH3wc05L8s7v/fAv2HyX7WS99Hz2W8cht71gVvYacr2GokspepXyrr+Rr79kOykPlyUxku/bsuUJ/yVL65jk5xo2S7K0Cwb4OoPNGXv/GVtWoSmPq7F/yOo3in3wYTac+ItJOb/H5ieWLpeyPY9X4To2U7M0yON+HHuD0/1bfu60dVWWpUeUlx/w/QWubeW2k6jdHcmWVdxxlbYlfUj60u+0udy2Zt3DEs+P7WvhdWzmchqSf55fhTexOZuN+OfxNfw+G+4X4VXZ+gnvsWG4zYTcXsMb2FzB4XluGAqNd9vycDtN3M5p3M0mlu330lYTna7fx8ptv0d+je1L9hrrI5N/IpxiTNho3g6Pmp3x18yCeNIsjRtzad5ec1VwwhwM683VbKbG5pgFeTXmvwfPm0Ps/hZfD4fvGmL/a9ncxeY6Np1sprDZzuYmNuvYXCtG/EtYiQMmtsmk83eb3jwy58Y7zOPx35pdeT185XYcO2kez2szW/N6zePBy+ZEeJ8ZG681344dNt9OHDYn8o6YE4lSs5XDneaGtDW+icO8b1bGS83ovGpznMsyPn+SqYzfYs6Kt5hR8T3mU1yOv+E8F/A1yekfibUM/CL4wOyOvWc64tvNg7HdXJbtZk280KwNp3HY7aYnPt8cCA6KGfg5uz8o94m95kG2fzC+g/1yOAkTHjRfi5WZc8IuUyFusf2mgPNeHltpRvF9fuyEaeB0C7gsz/C1kNN/mukyg2m8O54MQqb/nrxW8+fhe6Y6MmdMa8FuczWX6Zpwu1mbv4fLuMdczv4fEsP+IxOrMnvidpwL7xh4PzHFtEf5kDArzRpJV8qPeuY072DTEt/M9Zw04zk/z8buNUtjU8wj+UXmePi2mcO0n8f5+6bUs9jFWriRlZrbpc7CA+ZKNnVMtzXxTi7ni6Yhqtt9ZibbX835mcnhG/LeNlcnlpur+VrH9VwjdTyc4boMpd45reO+CV4e+AfO2wN8fZbNv3O7KOI6f5zr/MZck1cTBHzt4Hrv901U79w+4hWcT67j4UziBF+l3guHGq7vN7iu2/n6MJufxuu5vKjzHMN0eZ6vrZG7Z6TeuW0ckKu0G+675wuNQEM2o5iOXxTa8/UmqfPIdJsSNhODDWZX2GLmcr3+e7jNTI0fMh9E7ts5bLcphXvA7Yzdp0t9/A5tPZpKf4qvMyeYnq+yeZrN/5D+JHSFyaHtVOlT6Fe2b/UPZ6Sv+SaiPRs/H1yffhoS9zUIa/vo5V7dtDPtVkv95C83q4fUj/RLNlwvT0r9xKI+OvC9qH++Zg4MqYehddUqfQP9FH11OCN91zdRH2YTjVWLmZ48XjHtjufN53ybaMw6nthnzok3my/69OQx63jeZBOPxqzeqOxb8+6Iwp+O2r3QtckUieG+8ifRePUz8428fRzfL83x/HL2u8ksjG/kePYwLYmf3zU78/fys8TP4aLxa635bOw182B4gvNfZgqZTjKOrclrMWNjD/P9erZnE5PxKjTxvBK+dpr7I7rI1Y5/PPYURuWcZFbL2BWvNrfHbzUPJkI2k9jPm2ZZ7DEOu4HrNs3P95oleU9n2x1oEn+e76XN8ZjLZT4u9S11L+N3/JgZhfE7XmI+PYQe5ebqiB7SbiwtEhPNI3m/NjdE8ZuB6/N6B67ndnt9onTgR/GWM7/J+/XAj/j5N1H7eZ7LUmEeFaWc+H5zQ+wWc32sm9tOp5nL5fts8LZ5RNpI7AOTiveyvySPaxvZXWjwS3MRX/8ydtRcL8+x9ea8+O6oHVwf+xn3p4PmK4liLsfbPCa9PfAum/8l7oOGw4i75EHSlTTD0+aixJ3m2sTNZlliD1+XmwWJZvPpvF+ZGeHr5io217JZxmYBm4vZfNoacV9i/fxe/vh9/p3sPFLmTgHPEYJH7D6W8VkT9GbnpUEBP5/F/r+bnZOFl7Adz6FCnvMHMkeWPQnsJyyUOSfT4Rke3wZiXdH6g2cV/I44ar7C76CvxLiNimE67mez15qegsmmNn4muu+MHTSL43PMJKE1HeY6TpoSNm35X+L2kL2X9+BKe2+iun7XVOQXm1Z+9xyLv2SWh/caKkhGPCt8e0XmPtg/L/eyjoLeQKTXIXMLyvLSoKvC1wD8n4bsGiWQ/Tay3qoNw4iPB91nyKuwbt5neUT77LPkAbLVLnK66LvIfVP7Jbvm2G4NWbOFafgYufNTsU7fR4PytWATDX7HNbiIsnwI4UvIHtVqY4L7edx/NOwxU8Ouge+LiR0J7o+VBUvCw9z+0jwf4Wv4QvbqP/P4VMvmVjZLuQ8w3cJqmy7HH5O5v6ztt2XLG4jOgKx5IWPjfAUbXNlkvRCtDWVNJfVzX5ZucaZjIHk+beuA7fOEP9Rr13dHs2uwqPzCJ3if3FpanoXfCj6exC/8l5ttfUM+gzOwwBeaT04mALr6cjbstcWe2l3kvguYISc3h64zeIw4gxn6w/he6kPkZNOSZ9lD9jy5dUETue9v3kpOrlVPTt4OGZ7keTM5PeLdNv+Q4WOPRSs5fv9EcrqzL5LTjcWeXfAesYdF2uLTnn2HpZ+0zUnk1ufYVwq5t/g/TE7+Bt42dFil3PdaN+wJh84+dJegF4mzkiSvW62//V69QVdiGjl+MfYp7yUns4NOg8Qr7QLyP6lTaVsi70iS031Hv/Z1tLBHCeeh9ZA7rxP8VOifN5PTYRF/0FmFDEnqC/IPpAdZK+Qe4M01kdOFgYzf1+1EHiCX9uX3TeT2akOvAHuKW8mdzSI8deyflDYp+j8ZcrJZ6EwgbuiiS3zYNyEGe7Ok3fSSkwVKne2z+dxB7kwu0EPawfXkzpm+mA2v2c1oNtOtGU3uO5pyP8PSx9dHnmPDwkDfeBy585TyIvt4VKYLTL1Jm/PMJ0ynSZoVZp2ZYKay3SfNp81FfJc0Debc6G88m0lmobnCzGH7ZtNkenhGmebnK0wVm5mmzLyNv2B08Ez4htkT3BtcFVwRVJrfBA8GM4L/Gb4ZLA9uDUvNntirwZeC74bPBCvMbcGSIBkrDleGy4OOgIJngi+YbwejgvJgsvlNWGhM3YILKyt2/eltX7z1C7fsvPnzOz63/U+23bT1xi2f3XzDpus3fmbDdX/ce+36dWvX9KzuXtX1Ryuv6VzR0d529fJlrUuXNF+1+NOLFjYtmH9l40XJ4sKCS4L+EYVz03PXFE6+xPQXjuDbEZMvCTKJuZn8yDJzVVUqU7ekrXxhS9u8hrLy8vaydHmmLhOvmCdmVU/faji0cxQcisNyFAuXphcu6WhLzevrihzZpnXIU9Z9xqCbvcuEc1vbMo1V/OQ9Xxk9Dz7Oz3FeAOd0KmOa+/p6+k2sgu3ryvqD6CZv7p3tXJL2dKa7Kl2eblvDfvvJFJW3ds3luyLcBakrOcbUyWLTzWb11emTgb3raMukuta2z2ffJqzIRP9LT5pp6Zuy912Z1OpUKpOoSHc3t/WVZ4KudJl9bmljigWryvrK0+Wp9vaTA6fOFd/pco4rNPX96eD2Jf11we1LO9qeLDYmdXtr27EwCOd21bf3X8BubU+muM4j21BsxVIeUvJgFgZcM8dCivyXPVlnzM7INR5ZRM+ruRSRHcEuMKtPhlm74mxClVFCdSZkl3jWpQ6+42xHWbudkV0EpgPTvq4wr47qCuqKwpEhU1usjrHNUwHPAQNzvCgYGZT1c6iWyPpksLO/oK4s62Mn+6jL5vD2ZS7pZR1tx4sMB4t+OaF6weRL5vWHi6vSrj0uaWOyz+sPFld1RW0yVjEvxa0xU7e0TXx2lXGLbJh8ibSIVFt6TVm6vb+kpO/6eRxDun9VorKrqi/bMKQ5pIsv48YUq1iwOt3YJT64cfP/ArZavTzVlenuquLbVHFjX6PU3Srxbcb3h7GK/iBeEXzKfIrLnijKFKbX1GdGpOsHXeaYOVmXhLjkp+szwfgs5eal56XOvrZvdbqb20ldc9u6srXtqzjuTF16VSaeri/r5yGJW/XZARdiXr9ZXMWlWcgt5aqq5hXclaTkqb6+hlR/Xbxy1epV8txQzpTos07phoZ2L8S8VF+mbtXqLvYxrz3yzP2FLeelV6V6mKRcXKbV0jTfdnRImNaOtr6innRPmglaV9e3iotdllrdXtbXvjoiMIfnrJnJl+S5McQOIaH0zIrVa/nnZMp0d6W7sxbSh3Lt1uVarGVfvl26SZKLrkF07WtKz+thH2JW9WRi3LjKUz3t2fZhmqPe/ZGeAs9Tius0iryveBaeAvvED/zfl1k39HH94GOjmC6m2qXZtpKJV0pbayvP9JZlrmuvGvSyKrOzO9WXKk5flpafKPCVYroyeXyzc/UqGUIS0vbYooktUm3d3Ho5wsauPrQ4DhavHEwp85mqIVHywBe0ctJhhRQns7M51dWe6upiW+4q5WWpTB5fU2tXSeOSwbE5W55mHqH5sqpvKYc17ZxoWSafx+m1q9aky3lMZbv29iz1JY9xzp1Z2pYxZX196b5MwFmsaGTPHH1lJlG5QC78f31VetUarkRJL7VqTRS2kbMbUUdiK5uXLm9nL2FFREsmHI9G3fKzuo9bY+Ya7m15FaP7xvSlZva1PWWu4WExXrl6eRcP3qniVGMqqupV3JKFCAvkqZ0jynosqBCPHD76r8xsqOq/Jr/C2UT/G6uynimKlXPW0pZphpf86J9vNlVlwtIZ7CiFD1r4HRCPKkqIl1exgMlbx62qTEKnMmFrm62eKPwCCVqGCssGY5to6JSXVznyOyKb32yiiei/KPovqMhQBVd0Js55yDrnS3FcI+B7znQ2TCzKbrYAfM9JpaxLVJAu+xCvWBOVKfvSSsloya/zVWkxZScHnmvmt2ZXWkx7uyRPUUISIoq6LxuxkCshjsORwqaU/R8h/wuiIvjWhdF/fpRnccsWKW8o4S31nhx4zmQpV24hbUZKucv2Stvv1pRl1rdX9WRDJewInuIRlUfu1UuiOcEK7g3p8nwex7j43KtSmaVV/M6IyrYrS9Wm7OggrTJoTJtGbkP2hud8GZOeH8iP4a6Vnp8J+XHwLn0sNAGlZ8ilID2jPwzyebSXwah4ZBEP9H2ru3qyr1OmsplRdrlMYBJRRRdEdXujDE2tbXll8faoyVRmtlbZVpz9vbFq0H2r9Ml8UJLErW/QMS+Kbmu2bVTa3xuraNhQffT7JUa2NjMFkZuMRpX08UnFshXUlK2upjAbc1N2nGDbytV9fTK09V8zSnpoUeVoth/DWZvJmZxpc8m0+RxnpVmSpsgmeuTuli/ZyVZbxQh2KGa/p7JNewQ7FnNuTpVlffH/kwMD5sYq+M4SgfNdWJFt59bZhs62zq1V7XzXKKaLvTSKsT1phO2lRTmjvo0+W6cFQx3Tg5HJiz49GKM89QdFPFONl+VxipWpYibXZRE9Kzmr/Nx3WX+QX2k95ImHsOKyvr4RGP9l+H+Sp4kmmgKa9r5ci8wOrg+u65HDu1Cu7cjI2tbyyMGrWNruUDg3M2KuzF/k3VQgDeBSrt8dp+2YE00nPMJEVtIVfduzhfb5GBI2ViEs6LY26tI2bI5ta9sOthVKnZY3SSbga15luZgyIV2UmrTxjVV2srpDavcLUXRfqEqlruV51tyAZ1v8orxWXlUp8U2V0SDXxxOea1etisahaLFxNs+lWmSGy/P0dHEquNxcnl2ypO1qgN8B8Yq2y8tmtvPs/+TA2+e2Z4eqkF/ybFr7Uqni0ezUlxrDy4HMbRF5rVs6suO3eKLS+pIS3MadM+svnMvvn7Zo8Ctr5ClqX19jOtXY19W36uTAzm5pBH39RUU8u+2KSMRxnRx46s6yTOOX2jPFXeuDy2S2M0+mIy0LM2OXrGiLXsnrV2X755x0ORdy9KCf5o9w5nZxxaXxAtMTJ7OMTbuoQ8QTfJ/PdnJNsN2V8RpeCyfjc+P1ppav9fEZZjpfA1MTN+yHG1fsn01N7F2zjE17fLb1PzM+49j05NVXLGD/69iE8YUc+wIO0cQh5bqAQ/47h3yfQ77P9++YIPZPfP8LtpPrP3Fs0+KXyjo9/kl7rbHXar5KKnHOaYzjinH4MxzuQw73Id//G8f1G77/LdvJ9Tds97YZiP2c739e96v2xov3JuddPJBsmDSQnDvpkWT9RQPJKy7amayrXJmcU7k3+anKgeTsCweSl1+4MzmrYmfysoqB5MyKl5IzLhhI1qYHktPLB5LTyh9JfvL8gWTN+S8lp6bWJaekBpKfSA4kq88bSF563srk5IkDyUvOfSRZde5A8uJJVyUvrLwheX75umT5hIFkquicCZ1Jvjlv8tnjOyeWDiTPHT+QLJs14dUVZ182/sEV58hdqdyNm3DZ+G90jL14zLLRFxcvG9Ne3D7y4qJleRfHlxW1x9vPumHUshEXFy7LvzixLJhnlo1qL2xPtJv2gotpWezicBm1h+2xurq84MngbtNatfBk/gA3GWpekQluz1QslV9eIGQSt2fMso4Vbf1BcFf7bbt3m4n1CzN3L207FjN8y3PGcO6Stv547K52U2WqqqqM/auy9/gNvD9jf02VfbA+sqFwE9g4cDGDlwD3sA4+m40tchtMtupsbseJNeasxEhTJibeYsqMGfgpzJnYwG/YPsn3P2avC8wiM4//GiPejtw38X09m8vNfLaZyz7q+PcKs5hdW9h9jlkY+VjE7X8WuzVG/j7FfhaaGey6wFxllrJLA8dQz6GWGYVCoVAoFP8J5F1jAv6dYsaZbdHvEMQeNiVm+0Bm4Bf8Tvd+z1REYaeYog+ODbz3B8vMKrPO3i3huUJ7dLfOdHl2WXTxTCCLpWZhvEfy/gfLg0KhUCgUCoVCoVAoFAqFQqFQKBQKhUKhUCgUCoVCoVAoFAqFQqFQKBQKhUKhUCgUCoVCoVAoFAqFQqFQKBQKhUKhUCgUCoVCoVAoFAqFQqFQKBQKhUKhUCgUCoVCoVAoFAqFQqFQKBQKhUKhUCgUCoVCoVAoFAqFQqFQKBQKhUKhUCgUCoVCoVAoFAqFQqFQKBQKhUKhUCgUCoVCoVAoFAqFQqFQKBQKhUKhUCgUCoVCoVAoFAqFQqFQKBQKhUKhUCgUCoVCoVAoFAqFQqFQKBQKhUKhUCgUCoVCoVAoFAqFQqFQKBQKhUKhUCgUCoVCoVAoFAqFQqFQKBQKhUKhUCgUCoVCoVAoFAqFQqFQKBQKhUKhUCgUCoVCoVAoFAqFQqFQKBQKhUKhUCgUCoVCoVAoFAqFQqFQKBQKhUKhUCgUCoVCoVAoFAqFQqFQKBQKhUKhUCgUCoVCoVAoFAqFQqFQKBQKhUKhUCgUCoVCoVAoFAqFQqFQKBQKhUKhUCgUCoVCofh/gT427xkT3G1MeCObM8bEThoT/xyb7xmT94YxiYfUqFGjRo0aNWrUqFGjRo0aNf+fmdCsHdgXezmv0Yww482Up82YeL1J8HK+/lhRwVlXFMavNNeZgtg/m5gZF93H4oGZUzWnKqh+p/qdT0wJisP0+eHo4jE1U8fEBu9TsZff+v73f/DaT9/6u66Hjj/xtb/MBK3hpjMPndkdXB+sCa4Lrj3zZ2f+IlgU1J55/syJM8+eec6YwNw1kIntyptiCs3sJw3F6+vOCuP8V8DpxxLxuEmcjL17jEzwzSgjJm44I1PnjJlZPXpmdVBdPWbmzOrqYs5T6bTy0XnTKmpGl4+7K1h/5r8FV10VfLJ5efzZ713zj++/tpxTuo5T+isu80Qz+4mJJWVl+aNMycl4/eP5I0ea0YW21KO51MaUeYnNqRojKb1TXcPX4m9LStOn106fPu2TlenzE/kXTp9eM3X8uJJEIp//y8ddV3vi/sfu2Lfrpr8e2XXWDx4+/t1Zf3rfjm9MCV9sntf3iy/ue2nHn9639+bi+59+5uHufQdv3/jypjahQifXxzc4b1Vm7bGLJlVwtupGnp0cM+nssyeNScZHJozYFI4877zz8/Nj548dczJ+5ePXjR0bO7/M5vv8qLYKh9QW57dqNCj1TvWYUiaVEGt0DVdhSSJ9fuWFtePH10yVolSm09P47ndKlT9u/PjYN956/tTrpX9U8td7D3zt6v7Prlyx9utLHrzr9odGrhz76pFvfufBm//skaDm1PcefWzkl+84+JWOnQ3XNN1y9V33335LwcGjp49+/omy+NjHDLe6KVwDz0V1PdI09VPAhXpsZBgWFEnpiuIFI0YkRo4ME6YoHpWPiorCxFOxd00oFSF1XlM1dbBA1e+IxTtTuSyj06PLpwU1o2vGBUF5bNTKD28Jd15z7MwvP/zH8Jxg5JmvB9csir3xwaUtsT0ffEuovZ2pfZzzMdF0PFFqJpSUWAKPHDlhwrj8/HElJbFxZcVRHsrKYuPOtjQex1n5GBqDzJwraSa5FBaypseWjyuPCWljx//hxYPPX9CVuvsLXz105M8X3nJle3X4tQ8fq/yT/U/9fbD5J/96z1fH3rLx+ZNffbJ6dvj68g9/eM2PhYI3cc5PcDsZb9Km9Xje6NIR3+Sua8xoaR4TE4lwxIiScFQqyvqoUSUh2ayH3DxKzDnRfcnwzePD05LrscXlU8eX5ldKn7ZtQPp3bYkrReKm4IXdf3n+imkvHXl8av+mk6/+4KlXvr/h0bu+fPDhe1vuWho2h7/etq30iTP9Z55Zfe3PX/jhmTPB6v1Pv/fK49946qovM/XXcSv4G6Z+gZn0GPfxfMN5lOEnxrVMJj/KIzGpOY+WnkxMMzpdPGZs+bTy2N+cqez+l599mB9bEX/zw9SHjwdjwr8KNrYbrpprLXUmmAvMJ8zmJ02Ku/fIwoLxpWOjFnbOyILSc84pLRgZr6j6Joa8JyrGFxbGitMXRURLp2PFEy3RiqM+delw9T26JhoKvS41ukZGoWylT/vk9NpplXLxOlFEu3FMx9TYwdup02Mn/v6Fv/3Rn2/e8LlX+5/4u51//Pm7vnD/nt33PnBnUFl+5MG/ePTQ1/cdCqZ/6/XXvnXHcyXxiU/u+MqpU1+99bHx8QlPhxfc3rf7ti/df2bn3V85uPvAkYPcPoQCh5kCpVH7OLsocZ6Uc4yUs66wqKiIW3dsXPlZUVHLy7mVDzZtKWrBxw0f73y7+LQd+qVV89A/NmELy/f5fpkO/++f9B07f0XNq8ePJSY/89nMa28898obn3l0zz2Hvn7Plx8N7z5z15nPf/6mCc8Gc4OmP7rh/e+98a9nvvZnz/zkW48d/843uTH/Xy1IK8INCmVuZHN0cmVhbQ1lbmRvYmoNMTUgMCBvYmoNPDwvQmFzZUZvbnQgL1lXU1dCRytNaWNyb3NvZnRZYUhlaS1Cb2xkIC9EZXNjZW5kYW50Rm9udHMgWzE3IDAgUl0gL0VuY29kaW5nIC9JZGVudGl0eS1IIC9TdWJ0eXBlIC9UeXBlMCAvVG9Vbmljb2RlIDE2IDAgUiAvVHlwZSAvRm9udD4+DWVuZG9iag0xNiAwIG9iag08PC9GaWx0ZXIgL0ZsYXRlRGVjb2RlIC9MZW5ndGggMTgzOD4+DQpzdHJlYW0NCnicfZjJih3LEYb3eoqzvF5cuqpyigTRkFOBFh6w7AdodR/JDe6BVmuht3fW/xXX1za4QYKPyowpIyMiz0371D89P75fbv7y9nL/+fp++fr4/PB2/f7y4+3+evly/fb4/GHdLg+P9+8n6f/7p7vXDzdz8+ef39+vT5+ev75cPn68+ev89v397efll/Lw8uX6h8vNn98erm+Pz98uv/y9fZ78+cfr6z+vT9fn98tye3t5uH6dYv549/qnu6fr5Ua7fv30MD8/vv/8dW7594q//Xy9Xjbxiin3Lw/X769399e3u+dv1w8fl/l3e/m4z7/bD9fnh//6vi4L+758vf/H3ZvWu7l+WbblVlShIFpXqELnyg55aEAB2qEocshcE7RCBm1QhhxUIA9hizttGZCJNmR6ZG7s8+ybRoiyyC1QgTaoQXjk8cjhg8cHj4aIBo8tEVvmdlGEOpREgbhE4hLwNuFtwM4kO7f1sGxb1gatkGxxMekUF31zKYjWAhVIdvrl+ObHkqEIFShBFTKoQxka0BChwa9I2U5CCufu1y5y5zf2OTRsq8gb5CC+OWTaSdhiaHdFlBUl7xdR8RDfKvoUeT+aMssHVjYsC2hvyAxYtutUfOTbTsyifNjJeZ9k2e4aJMt2csKnDCEzSfseHISUoJzwtkBIydK3jxU6fAjLqSEPUcCjEkQNy+qRPWElz3wNEPGsCUJKraKELbVBxKw5kSGlZVEmQ9ouquzrC8TKjvYWIdm57ti5a+XGnfa7iYhSUNaFraxQggxiZZH2oMwKbo2Qvjl3fstQgaTdeZ1fcOwz9jl567JiFvwmauzzHmpQgLDTo68j0yNlKBIhsG8gM7BvX6AEnSuxk8wKutOT8DYousdVOyhuELZEB3VV5rMC/29FDlG++pVoJtnlyYGQdepxYFeWtrjr1EPZoAHJ5rSxr8jmxOmFUiAiVrrojHRlJfc0kFeJOxXaKiIjAnllkZVdlKkgoWtf3pDZO8Q5D9mZqfKBvMqJE9qlIZsqQVRtC5U6G1WHpn0Dku+1SmZUBwh1P6lBDdLKtkhf9NLQvCIRg2LdR4AShD4iP7hhUXVhUoXk0TBlSzTJHBkpJqtHQYopjwcxiyZb9gXt2UFIydq3r0gpknnWmsjZnrUmcn67KUNi5VshLtSMvbGP89sHVtdDe1xPfW0RrScFUSPyOtt4tChRgdDXKoR/rUHKs6h6EjeXIMnc6ABxIMWQOdhnxGXIso0IJtWTuPUKsXLobI+EnuTor2nrIjpH0klHV5DiVsggyXR9gbTP03tTEAX6VopelFip2xgDlTWpL8dg8i8laQjkYErSHnbFJZm8jUxESf0gxniS4hKTfE9F+hI1I6kfTEKmbvGkDulU0kpcSoWQWaQ9bXhUV4hvFQ3eQYpnosektokSK5uimzJSurTbgrddGowJLA3ZacTMNHXODC6QYlY25YtpUow1SrtxYs3rxMzJh0bnMNXu2HqA5G0baFB3j30dkCzrzH8W5VHfT5KdY0GKenYcWadpinXakqJritIsiuP/V2RT/JLj1E0RS8eoJTq0pcApmPI/Baquda0MTL6m7joJuxTbSTpLG6JIFbSRRaacsx0aeL5XETU/K+4pMeHlRf6cGZGXLqK2Zd2blCsrNeumTH/LmsZSOaVo/pqZp7PMivTMoAxJew0RahD7dItSTQMaIm57jpJZc4KcqK6QpDQqa0761ipSVINTo7dnTWOpM7dlzcGTlEnZtG8UNKjqplGJhO5bGu0keTS6gxrUIfZ1VqrqpnHGWtXTjgfTQaqek4huSyJeGVnV085XRlb1tONhcJCywBbmk9zZt6NdWWDrQIqywNZT+y7tGzErmrHMYUvRq81cUFyK5ijzTjKLZnLz+FdUBc2wrKgKmjFbFM1DlukqJThRy1AQMSsV5YQVulhRFlhlXi/KgknIVBZMQorO3WrdoAAVKEI695IU3UolKKqzk/AhsXJA6r3Wzkio984bigad5rx3WFZkZ2cqLqqX1gv7NFtbZ/ormq1tMK+UJo/2TFzagNinDjfvJCt7hPChS8reTpK+vRMX9bt5e7Fz3yCk7FG0nt8yRJT2LqJqVL2688oUXjXdzntnUIWkver9kyMZUhXdHLGz6sbNWxgh7UucbTUvirKlZpExhdcsy2bCiNSN8nFUIvlXTHlWqzQUfK+aIvPox8otGC8z6duMyW09XlG/q8j5Pwvy1jeNZrPqzk1u1ZHMcfS4+s5rvIw8pOeVUGMiYG4+J0Rqwy7QopcWRFWtb9GQ75Kec5GHiktjiOSq6xr5Y9Z44vahfU2PkfnKPQ4vLRoe5rtWzWFResz3YqM5HBR48NvxC8FBRnHRgzEkPZrsmNMnNXlkVSVjdmqOZN6C34Xo+Knn6e718tvvSPc/3t6uz+/60Uq/HR2/Gj0+X3/7Xev15fUydx3//gU5zBhODQplbmRzdHJlYW0NZW5kb2JqDTE3IDAgb2JqDTw8L0Jhc2VGb250IC9ZV1NXQkcrTWljcm9zb2Z0WWFIZWktQm9sZCAvQ0lEU3lzdGVtSW5mbyAxODQgMCBSIC9DSURUb0dJRE1hcCAvSWRlbnRpdHkgL0RXIDY5NyAvRm9udERlc2NyaXB0b3IgMTggMCBSIC9TdWJ0eXBlIC9DSURGb250VHlwZTIgL1R5cGUgL0ZvbnQgL1cgWzMgWzI5N10gMTEgWzkzMV0gMTcgWzc2MV0gMTkgWzQzNiAyODUgNDcyIDYxNiA2MTYgNjE2IDYxNiA2MTYgNjE2XSAzMCBbNjE2XSAzOSBbNzUxXSA0MiBbNzkxXSA0NyBbMzM1IDQ3MF0gNTAgWzU0NiAxMDI4XSA1MyBbODE4XSA3MSBbNTc3XSA3NSBbNTgyIDQwNSA2NjRdIDg0IFs2NDddIDg4IFs0MjNdIDkwIFs0MTRdIDUyOCAyNjQ4NCAxMDAwXT4+DWVuZG9iag0xOCAwIG9iag08PC9Bc2NlbnQgMTA1OCAvQXZnV2lkdGggNTA3IC9DYXBIZWlnaHQgNzU2IC9EZXNjZW50IC0yNjEgL0ZsYWdzIDMyIC9Gb250QkJveCBbLTExMyAtMjYxIDEzMzUgMTA1OF0gL0ZvbnRGYW1pbHkgKE1pY3Jvc29mdCBZYUhlaSkgL0ZvbnRGaWxlMiAxOSAwIFIgL0ZvbnROYW1lIC9ZV1NXQkcrTWljcm9zb2Z0WWFIZWktQm9sZCAvRm9udFN0cmV0Y2ggL05vcm1hbCAvRm9udFdlaWdodCA3MDAgL0l0YWxpY0FuZ2xlIDAgL01heFdpZHRoIDEzODkgL01pc3NpbmdXaWR0aCA2OTcgL1N0ZW1WIDYwIC9UeXBlIC9Gb250RGVzY3JpcHRvciAvWEhlaWdodCA1NDA+Pg1lbmRvYmoNMTkgMCBvYmoNPDwvRmlsdGVyIC9GbGF0ZURlY29kZSAvTGVuZ3RoIDE0MzMzNSAvTGVuZ3RoMSAzOTg5NDQ+Pg0Kc3RyZWFtDQp4nMy9DZRkyVXf+aoqq/qS5OYmSW4qSSdJUiqKolQu1ZaLclEuhmJoD824NWrNtpv2uLfpGTVNuynazWgYDaO2ECBAhhFISMwZC1keY47RQXzIjAw6gHV0vEjAYpZPAbLBLIblY1fGWHwcYC31vlsVP+L/br2sHmHvnu1zol+8+Lhx48aN+xXxsoqZoig+rnhNMVd0bj36xbe++m/9/m4x8+ujoph735c9/MStJ1/68d9etvjTMk0O/v7LH/7Tp9/xaDHz279azPxi7/qXPfbEG889/h1FMTMoZn7hv1y//sUPd++9faNs+4tlWipfrw4/9NCHyvxby7T9JQdfee2vPjf+a8XcD/9BMft3b1279SVftvbMD60VMx/oFUVz4eWPPzb52x+93itm/sNvleP/SeG4Lbz00gd/7qWf9kX//d4fT/6KFf7v+/947/v9+Rt//rVfe2fwkd9tvtNeWbb9uDLNHDYo/7dXfuR3i+Ljx3cGH/17zXem8r/499ife8lXNEq8P6O4v1goZotO8eLiUlE0vqe5UNJidv7NxXOHTX+8KGYfKdP/WnxX4z8VP1ymbzvMv6j4kflPKVbK92889Yrii07dX3zh7CuLfzk3Lt5epk+c++3iJQsvKO7MfkHxorlXF28pn1fnfuLO/1a2f6BM/6pMX1qmt5XpU8v0vWW6WaYrZbrgydt734UXzHySw/Hn3E8VZ+2zi6cXGkVr/oniufmXFw8u/O3iucabyvTK4rmFTynfv7V4bvb7ix+Y+1+KF85/U1l+pXjOdsu6nyzTU8WD8/em59Nl3c8W1+ZnisWF7eKfzb+7+Hh7a/GJ828pbH6jnP9WsVrO43fmfujOR8rn/SUO/37u6ZIO7yjuafyT4nPnzxdvaiwWL5t/WfGyxtuLl83dU2x6fn61eNPs5eLx2Rt3/l7jfYf5bz7174o3zb+4TPeW9WU/bzd3tXjT3B8Wj8+dK15U1n1N423F/MLPFp/Q+L6i2Xjmzkcbo2JUjvvlsz9S/Fr5vFiO/4HGzxSfXdJm3csaK8Xr5z5cPHzqjcUb576+eGnjPxf3OJ2c1l42c6fkoM8vbh+WfUXxD8r0el/TmQ8Wf33ufy6emftQ8RLvY+vFgb2k+DK7WcL7qeK007Yu2cydO07vQ1pLmv3+O39e0vury+e/L9OPl+sxB62PpRfMnDp8lvTWdEjvcl3mL5Y0LWlbl06tls/FI1prmr185wMljc+Vzx8p07Pzg5LG0Dokp0X5XHN6a3J6H65n+fS5+njxeTh3X+8pT+fDhc8/fM7NH5S4OX3efven86zzw9Rnyc/zq3feUz7n5j+/+GSfm9NXn/O/cue9Zf5dh2VHPP6y+LRPLh489ZES35LvnffS80p6Pux7wfmx8vzJkkfSu++TQ171539Oz/L9cP1KGj6P53eU6/zVvsecz33ND+me9prze3zOvq5ck1IWzL2keNHsvyo+b/bbi7/p+292sXh09mKxNrtb4na6eOHczeIzXFbM/oviZ+a++M4vLDTu/Efn9fl/cudXTv3jO7/S+Kzy+eI7H1z42Tv/9tTDd3559v13biFDGi8v161RfIavh4/r9HaauQxx+TH/+0Ub+dF4T3HvIf9+S1le8mvjV4t1p4PPYeEjxXmXHaf6xRsWvr14yPfC4dyeLB6c+/Pi/vnPKb5k9v3Fs/N/q3iBl82/pHhz49/e+e35zyvOef3cneKMtynfX1a2+67Gb5T1/6Jc88slDf71nf+z8UnF5x/y8YeKj59/afEtjY3ipf7e+P7i0xzmwq0y//47v7vwU8U3nPqM4lo5x/ccjuV9yqeXzT9QvHn+wyVOX1Di+5t3PujP+d8oXnbq6+58aP7vlqrmbNorp0qe/swS3rPlHD+1+Oqy7sWN95by9KN3Ptj4xTtfYA8W7zz1q8Vr53+2lHlLxcMLn17qjT+787/P/1DxeY1Lxc7C3yzX78NFv5Spn34I71ox03jpnT/1Mcr31/p+cfnotGx8ejnOpxcPHe5/l43lfjr1quJdCz9QfLOvycIri0Vfo/mHy7YlL/q6OG1dvtt/KAb2Z2XbXyzXwNfqdDFe+ObD9WyVNH7uL9b3bcWnOyx77M4flTL0ZSWNnvPkfRY+t4Th65vWnbV1PA7XtoR56oUlrX1t58s228U/su8tnvu4Ty3zry4WT/3zct9dKNPDxcMft1w+bxefeCgv9oq/0/iT4s1zry3ndKbo+l4/tVtYY1xcKNu+yZPrh/kXFp+w8M/K5+cmmeXPpFvmfrPUjS6Tvrfch6VemP+2sm65XN+XF2869e4y/1TxyQt/ULb98TJ9SnH+1LeWzw+WvFyOVa712Mcu1+9lvn9nb5Tp8p23Od1PfXXxCae++BCvseNwuA/LcRtfWsqCHyzexB6NT/ZsqUve0niwtDG+s9QxpU4sdd5vWDH/x6V18qpGUVyZfbR4lRWNz+V97lXF5x2m1xZvn72/uNb4tuLaqXcVT3m++TPFF5V2wz8teeDt5fNrZ/+w3N9lWvjR4nMav1d8l8Nv/HTxoblvKj6/HPcNcw8XX1Q+Xz73b4pXzv9YCevtpb3g6ZXFnNsmJV++ef6Pi0/9+HG53l9a8sbNO7/UeH25r/5hyWf/qZRjt4qNxlcVi82/UWw1hqUueKL45BLPv3Hqy0vZVBTvm/2pot18WfGuMv+ihe8u+aHcy6X8esheWurILyxebxeKN5z60+JLrZi9XLb5yTK9vkwPWjHTczhl+qwyfVqZ7i/LXlg+18tUjjF3X/n+bJn/haM04/2++6hd8all+vGy7JvK50tLmv2j9HymLCvHmTmX0pXGHxaf6fKqzHcW/k3Jp99QfJbrNafR/NuKq6faxQ+WfPoSp335fqlxdXa21Ls/PP9zxW8epvc6vjNvKnX/vyzpe75s84oyPbjwO3ONhd+ZubHQK3554ZNKW+Nq8Wkl3N8r83ca7yi+yZ+H+bJc08K14isdrzK9aP5dxV8vnz73Fz/P9D/+t00zLyifv14+z5TPD5TP/6lM82V6Rfn+kfI5Y8Wd/7vMe7vZMvXL9z8rn/9dSq9L5ctl6s6/w3nvzu/Nv2P2VY2fnnm354/SbKfu/agddf5+1J/0sdbHFNvH9P92/d2S959/x8z7fR5HT09eRvpYy++ejuil63AoL1KaPrfn/974a40PFN86v1O8ba5d2shlOvV/zWyU8H+QZ5le72n+E0od9YHiB8r895Xt3+tPTXO94tbCNxRnF54u07XiWxaK4o/K9PfnP3fmPx7x7Oy7fW+WT+fB7ynzpVyYK+XSfLd8f8WRzJn5ozI1y/wHj/rMfLhM7ynfy30385vls5Ng+Hspl2d+uUw/U6afTO2bqc0fHT2Lr3BZUaY/KMt+/0gGzbyyrCv39OyXl/m/WqZLZd7K5Pv7/yif/6Bs7/u+fC8+fFTnT8dl9pPK5xuPYBzKxM85koOH8qscZ/5i2abEofiBI9xmP7NMPrbLxJ9OeJdznvm1Mv+1KV/u6dkHj2DPfspR3unh5Yf4/vRRO6fJ7CsS3j9Vpm9J7f5hSuX8GiWN5t5Slv90Hu8Q/4+6d13WfV1Z/pZSV/56aWu8uPQtrrrN4Tq9LHvuUEcH/yGlQ9/F/ST3VZLdvfYX9vOTR/a8yz23Yxt/p3j40K4t/cOFryzh/1LpC5Y2Tamfrx/6re87sg9K//XJss0DZfoC92XnvrB46vD5TGkfXSkWZp8rzG3TUmf+D+U83lemNx7RbdbX7IfLVMr72eup7KvKVNJ59vuO5OXshaO1nC110+zVMn12mV6YaPJXZv/dnUFpj5a8VKyWaVymvTLtlmmnTKOU3yrTpEzbZVor00qZfN0XyrRZpsXUZlCmjQTndmr7VJlulGmY+i2mcoe9VKYz6TlKMrkjY4/Tez+9Ow5X0nMltQPu9QRrmODsJ5zOJP28ksrBYUVg9lPaS7j5uPenuo3UTlNX8v1EC2CNU36YYFA+lDmNpHxJyieS+qnPJNV3UpuB9B+nuYwF7qLAGqY0EDgDwWUS+k6kbFHKtf9SqhsKPqwPZeA9SO/MZVnWeSBtlLYRX53rUqLDWmq3KLD3BJal9R1b5kfmspHqlhIe0PqtZXoyraXXPZ36eFv4v5vKFlIfS2O2Ur6V2kD3kTxPl+kNdrQvXmd5b7CXdM2hm6eDMjUF/6VU30vzX0591lO5lzXKdF+C2ZE2pKXU/kzCtyVjDmXscRpnkNotypw2BA94YGJ5L3hft4WfSfN93I72KzT1tqvpuZzyjte9diRnPP+rdrSP22m8Kwn2Ocs8Cr2XLe/FvqR2eF8Smi+m1Lbq3oAGyKF2KvuehI/yvK/heTuScZsJ/3Gi7xNpfnsp/zVp/eFth+V66knLe8nbvCa166X1H6an19+U98csy7mVtI63U2INvN1sej4h/fx5PfU7SPiPLcs2ZLY/3Q86m+jvbR9Jz6VUfyPAOUhzPBB8vrFMj9oRH5B/VMoeT/htWJaJ+5Z5UvdSX9anl2jNHkDuIaPWLOsblTUdy3sNeQJ/0A55BUzktY/ZTHTvpTVXHlpK82gn2JOUnwis5dR3S9r0LPPxsqwFfdgvyCCV84vSnr0I7/ZSGgq9vO+2ZbmKfNmxrMdfncrOWt4r2s/5vbQpSt85w9lMc9pOdaP07vbc+dQGOnjdPanvcqq7kvDvpLRvVR3AvuPZlXVZsSz3fQ5vtiMZtyxtGB89PwlP1Z87Mte3pnV+c6LhuZQcj6aM20nz3Uv4vTs9vzOlHy3T2+xoH99v1T3Usbx/KHsk4X8jraXPp7TpDvfutTJdSmMtJnzXUnv0nto3qgc7QlelL7ptQejr+sRli8pGxlA7orT3D/ez4+b60HXQbnrel9qupuQ0el2iw9iyDmpZtvlUj4L/MKRuGgv80Vnsx3aC206wZwUm+5wx22ne6JuutJukeS2k8dChKp/QkeyngVV1eZ3NpXItyppRor3KjaHUq82H3KItugx+XgzwR9JX7Tngr1l1biNpR34iZfquNjAw+pb1purZibSBLko3He90aKt8PbLj/BHf1f5WHNqhHTYM7TQNQ19Ss2Z9zgoM/ItuWit0kq5hJ7VBV2BnwZus74FVdYCXY1N3BVeH6TLrD9J4bov9mB3JCZftrm9dt78mJWTqrTS22wlXrSpbbiUc/YnPeEvSaurj5TdT2Y1EH5dXr7UsK+9LOLBWZ2RdHY8H0nz3LfOv8gg6nDWL+1r5C79P17EjY0eeg/ZDgTeSNouB/uwtYPelfMmqPNSx43xFQlcpTj2BF3lQn9gy8BvzcDyVLyYnjK8JmaZ+2RnL8tmEfhuW7ZhVy/KDPdq17D/BN9h5F+2Iv4gNeDt4knGdBrNWlQnIeLP6fRllkMoylbu9hJPWTWraTeuvPluUMYPQFtsGWpCmySfVzbENOlxl+tCyPoxjR/ybU8qVd+BlrWeuavdgc8Jb+IWMofqJubkNgH23K2uKHulZ1ucty3YsqSP5zdR/L6VIR2iBfkJnxXgIcx1LvecvWrYLiCE4zt9s2c99UsbaTX0cpttr2HPKA+xT9aGh2bvTOPhQp1PfNcv2Balt2bZlX+HLfMiyTwUN2jK/zYSXy/pblu2cVnoeWNZVi5ZtJZ/nGcs2G0+NhbBubWkT5YvyM7TrSLlZPY8qr9bZsZ0Ae03gXxHa4T/QhnW4aNl3VJtt1bIuagjdKSMmNLQq32nMQHkSGUishr2DbQvdnSe2A+yJjBlTS+jGXlObcZrMj7qQtk0p79X0QVfQLsbBos0VaYKeaFq2v1SH0m4xze9Reff1vMeyrEcWtBMeG6mP2vSsp8uK6wGvsfSP8v6tggt6gzgvcTZkWM+q/NkPsKJcJ7k8+SXLccpnLMcasDlOW5bTXavy1qtlnfB1Rwke/N6WPuonrAfaq76GJuo7Y38PLPtDaym/ZFnPwSt7qZ+lOeE3kFf7Cnpgh20JnUcJr356DizHfXXvLUhizuo/zEp7bMIojwYJh8WEP/4xuOq5ArbOtmW9txySxirIKxy1jZZCOXXo2hXJT6Qu6oPJlHZ1ibqmrDX0WhX6qe6H7uzj7dCGfrr3WOeh0ENtKR03yiy16xanpLHko53v8nHHqrJ9WNNP/Y66MYChtAOez2fTsqyOPiNtN1P9puX9Qz/lZ7WvqN+U/nWJfYptPa1e7Ta1KUnO9/hxntw34x4F+8PTlszd8+x/9g+xCmyIjh2ny6imLJb3rEqXuvbTEnxQ5zMwjq8rcemb8pyW8HPrEnVPhPLH0/PmlD6k2wKDsdSvY8166d3pjg/udsyq5bNSzls205qwftizvjbEabFz4ZFor/l4a5btFnwPZC22EPuZMngNvQX+OicTnPWsCftAZcF1yzpHZQY+r8+RmImPzd7nLNHbLCZabViWc8T6LcHeSe9u97pveinRGTvmjOU4CXq4azmmzlrtpzavS/PDNt5IdV3L+gWfG3+vK/k9y2dZyAr2Wie9E0dnvTSWSF7lJbpV5a/acoPQJvqE0bZHp29bdd8h77Eh1i3bT5x/AEvPeQdSF/1vtbfZ5+rHRf0xtKyTsR+oh9+VDnXvJHBX/zbSZSW0ifbzcihnr6q8rtNBy6EP+xEe6lqOIXp61LLd5jyxYdkmJIbHfQ7nTefJA4G1b/l8gDNvZI/SJL6rTY3cHwmcJyyfcbXSvHZSnyuWfU/OhXwObge7THBd5PvkAcF9x6rxh06CwVn5msDbs+y7Ol6NVI89s5Hqde3gK8582HPYaybw8Qlow5zRNQ+mNuyJlTQf7HBL797mRuq7lubHOPAl8ZD7U959e9c1t1Oe819P6LYDq97j8f7uh/xqot0PWuafpmWfvm/Zx9czd2KEen8HmUzM5iHLvjpyVu+zAO+8jAvd0JkjyzpTz81IrhvcZ7uc6q+m8mupTNMNy3cUOOcGn2vS5yCMeZBwoiz6RZctn49fkz6e9lL9Fct2l/P0quXzf53LI+l5PZVdFZjEa65alQavTWsJb/Qtn+tfTu3py/y4J3BFxoXm1wQH6ML9AdeLFwXGVcFZ6Ue/RxKNlCaUX0r9fC/CN9cTjF4a84ple+lCGvtKWkeHxf67IvAfTHAupPzV9LwgdPSxh0KjiNvl1OcRgQlcpcvltKbQrJvGAx58tyFr8kiipd6ReGJKivEUdD1xiJGUkbDNo5wm5qoxCvSO6tlxqIt2tI6FrESG4vMiC/UsBD2FfQAM7EyNBdFezzXBU2ONw9TXZcuqtFMdjo8S57IYxgOunn0Tv0AeavyTWFxP4HOOp3c71HahH/Om/4Jl+019aWwz7GbmgF2tsbSxlKOP1KahLXGbTctxfaUnsSjefc0aVpX/49BHz9q6lvUFNgsys2XH7XvKmScyjPlxfgv/a/mg5n1T1gCd3pS20IQzXewwz+9Y1rcjgQ0vouuItXGnAHri8+h9jAWhjZ55DCzrgQWpg57qD4Bz16r8oXsIW29F+vla32PVeBt5/C7WiP2HDFiRPH6jj+vyzXmE81xwblm+o7timbcuW74HfDrV71v2lbjX5TCvpPnhp3HOgZw7nfDYsSxruGeFzwE98HHPWPYVI+/WpabQPybWlVi97i2VA3X+RDu898M7vp3eSzmf6OF6D1/G252zbK+57ea66T2W9dm51P9cmv8k5beEttxxwiY6L2WeHgrvF8M7Sfu109Pxv53GekLqO2k87b8i+FK3kei5U9OeOcX+ERf4+4KU6d09fz+YMtcnhX7NQBOn4Vmh6TnLNjnvLkPcZtlL7/tTaGfhXWHG9XDaEetnb/u6vdey33HNsh21YdleupqeFyzbh9ctyzK/9/ZgmsODIV0NT1In0YG0k2BeTHWXUrpo2V7SpPB4v5RoRhvGReYQ93L4z1hVBqIH/dmQ/FjKSNqHMuQwuiPGOnqpHXfE2M+cF+AHqr/MXubZlgS+Guv29cUOuZ3Kfc3iGcNmem6FhO339rQe3NEjRqhpNcG5L9EcGMQHuOuJTEO/ON7IpatCj1FaL7Ux9fxTdQVnNjE2G89zPtZkd6lnz+DbamyMWIfax81U3pSEHQjO6NNYT8Jm7UiZ+rro8gXL9krHsh5qSn89J4WvFBa2DryJ7QRuXYEPTXTelMG7erdHY77YbAMZfyjwWonWrEdHYNDGZG7Mg/vMtAV+16pr25W+PRljIm2gn+PGWYXGeKAnNji2v47btMyPvENbPTNXfuUMt21VXsZ2Q870rWpTK59tS/9Ir6aMtZPmsy3rumb5/ozrnZtp/qzXklV5UNdbzwKIRw4lP5IyeD/GmzVuS3vuX6HT6TuogRVjsOrTISsd3p60gcfxQ0dWlSvRzlJZdLeEHax3UVdkHGw1lRvYpnWxafVZdBzGIMV36KlznnbGRfyTc441Sact2+GKk8bXR6Fex4s+tsb9Oc9RG7sb+kbadkMd8W7lpablO046Hnoa3orx93iG4Lzn+wLdQ4x4yfJe37GsW7lrBQ7EcC+m+r7l74j0PIZ7KZy5sH9WU7s9y/eQ2A87Cf6e4IP/6P3wSzX2sG05PttJ77uWeXVD8tCC+LXfHZ5N/Yh7Ea+Bp6GxnlfVpZ+3I1uaOCh7Ax70tbmV8sTGsEGJZw7S892W4+Cst+fvSbisJ1jMY8fyN0o3El2In96w/N0Fcs1tTOKFl9L4tyzbrPdZjp8Q/yOW57BvWo4hc3ZyS+ZxKfXTOOqV1OZiejovPJRgEVvGd6NtL9X3UtkVy/c1HknvTosHLccS9E6TynWVUaqzbwld0H+653Uvse/gcY0d6HuUJ9SpXBtY1ked0Gcs7SMvRhmnOMSyu6XoO8DrKme7J8BVmb1aU0cMS+evNj8yizqNL2A/RBwHoZ/OBVlLUt2gslDlOXEv5CbzsNA+rmc/jK9w1J/RvrxPQhk8p7YZtg7t1LYg1hT5oe5slvd4F1hlm+oIdNIwtLWa8Zgz8W7VM5Fn+lalgT/dZ75hVd+FNVxLMDcs27TAZx+ZZRsdHcF8HLdGatOwfK+Cc0B/XrHjZ30dy+cxy5ZtaOwVdBv6gNjbmuU7SD3Bhb74EUPJNySvcVbadQVGR2CRj34WPpLSnbl3wprca9kfANe2Zb3lcnUvjLVu2d/QfTQRXJG5y7Lmy4Kbj8X5OjQAB3/OCoye5d9MIJZFnKKV8tgum5b9H3+/z/LdsU3LfpXez9F9oLY1NgIySO9mRD6Ep3UfDaSt7iNNuqZWU96s6Rfj5GM7vk/HYVzFEx+SPRZxIgbAO3JgRcZQuag2rparLNGYVJTjHavaZUPLco/117nzDRm2H317AY7qhGGAga04lL49q/rw7G1tg4ygbD3AZRz1DVWnKr11jy5b1YZXugN7ZFW9xp0I9Z8GVv1eE1+WMzWlk67PupSxz/XcDFlAfGU9JdZB9Tt6Rnmb/Up/jTkMQjunO+e2nDdx5qQ2Tl/GnNS0xWdhn9f5oIyL7ab3E9Ylz57AFoIumiiPPLFrVVk5lnwv1HGfmXboAuIG0b7zeu7D4Sf5PJFPxPmgDzoIXRx9RGCvWNVW6Fl1n6ivpXYc+BF7ZU+pbEMmsn9ZyzqbEpvooh3xxlDmpjBj7AH4HWm/b9W9pTJK+9H23lDOfloMY2naqSlDXhCzjvXsx2gnKa01Dt+V9mqTOCzibOwN1h1dQkwOeTCR/m0ZQ8tJ1DH/ujpkhs6NsZRniUcqf62EvMpE+hNz5LwTfoh3QLCN2d9tqdMzUOyhRRmD/bcj7dH/Gr8FLjzOPIl5KE9qfERlO/RU3cy+RbaB49CqZxbYv8DTmKXSbCzjDK0aQ6KdxvAcJnsFvtI7Bt5/LfVpCkxkAboJep2xvN/8vOS6wFMd6T7AVupz0fJv4XTSnJEBLl+5l0ncA5tox3K8iXgBceUdq9rP/k7cZ8Eyz+t9aMbcENiXEu561rQm687ZA+N+px2/r7efnv0E4ztq2miKd9041yTWs275uwXWQGUJefwc+F/r9AxEZZHu8X4N3CgDYl3Uub3QL8LvT2lDfZxbHL9d04+ytpR1a/oMThi/G2DGNuQ15hHrIq6ef6/l+Jgn5923WvWu5yCsPz6vyvquPNVH0HNJ9AP+0pJl370uIVOJ43M/DflBLP1GGosYImfYl9K73nv0d+4zbsgcD0LSWCbxRKWBtqtLxB21PeNNLN+nPEg0uy7jvc6Of+vi8+WMfNre5H4p+esyjuJxy/J900uWY7PX7Tgt6mDTRsuijIix151UFnEh7UuZ1jsMPY9GNu5Ztv3R6fAWOov8mUQ/Yp11driFNrp3KePOYdNy/L8t5dTxji4aWn2chDbkx5JHP+uebYXxdT4aE1H4eiefdsyVeJ3ip/cDNX4S59C3Kg7IdZ1DM7SfyPuGtNfY4ZId96M1NhDjd+pHNq1q/6ltjmyNti5yeLmmPWPEs1C1TeqStouxlxi3VDtkIOXqVwPPceV+HbJv06rniuC9mWhM7GkS2pHYIxs1MDk71VgsMUbsd+yAmDZk/Biz1TQI7TesypfaDlrpnLAhPTlfnxbcsW+8zTmr6kBsTs9ftBx39z7rAhO6cXbIvd1BgrGdcNlNcFwuYc9tpHGd313+7Vv1G+ONRPv1BG8/zW/bpvPW80nKC2qPe15jegOr7i/1QfW82KS9xguwszSWhE+ttj9yhxg9MgI7QNcXHwR/hNgI+G3Y8f3ZtPzbpN6W+yOcayOjdyz70huW/VFg4n+At969YF7dtNb4wSuWeQc/BL0En7B/1izLxbblvdWUsdFdjht8geyFPm2BtSO0wIdoCi7ggI5U+mFjqQyHzsBifNaY8yDmxN07zkC434U/BmzWdMWq/AJ8q0nKe3X16DFsg7r6hZA471CdrffgFgJM1XmD0KcTYDOmxodV9quPG/dd1Cn90Jf1Un2i5wAx9kHqWHW/ax32e+yzGfpqDD3iRT10m4Q6zWusKLZRWa84Rz9NY3B1ckvnGee7Jfk6/a3nh3qHLuKoeyfSKSbwUFk4lvHZQ/htrMeOwI+xXvYDa+L5J+1IBnq/FVmLN1v+PXHKnknJ836fYz/VnU1lrscetBw3OZvooXd32evILOSLCU7dkEyempCFxDC6lu/H4S+p/92w6nkfZehTjbNcsXwfVu9Sqnzi/o7Gk9UHiDFotdloG/dK3b4fWeab6INon2jbKu/Fc5IDyzxDDJC4LX10j2u8sm4Pxj2qsmranFSOYxti76s8ID7Ulzbg1wpw9JxCz+J0TqpHgEs/PV/T725UZqLPo7zUc02tW5FxuK/cDjDVl7tRQ6t+SLHe96/zMn5QrAevTihjPOcH31Mu686mdmclbYQ0sBxT37F8RkN+WgwpzoO7crFc6QU/1Png2hY5VQcHG4i1x9Z60PK3CWcs20X3WPb/1yzHeB2ffcv8uWM5xkrasvy7bnuWf98L2bxp+TeIiely7sHaYSPuWP5uZNnyNzDrqe++jLdl+W4idizylXg0vKY+Om3Yr9yfw89jXQeWbUtibdivu5bvM0Pz1TTXdct7Ztnyt56sLzpG9xXjYEsTz4MW+I8XLfPCRoK5ncYBNnfZJwIP2PBy3/L5ALy2b1le8N0K/RUO82X8eGaLT2pCN8ZmPVct+wxdKWM98CH1zAd6IL9YM2i5nNakZfn3AxbD+GuWz1/xV03gMSelD3Jxy/K5FmcK66EN9NQ49X6ChayAlqwpcnDdqr9DMrbsC0NT4gaMjz5nbtuWfw9W5Y/jdt2yHCC+dd7yHsHPxC6BF5gn46uc5VxsTcpYL72vgPzckz5Rb4DrWXn3J/uHePakpg+8EvUB9ZyV6R1pT7OW7zlhc67KPAfpHXmBbwyvs0fY510ZE7nCXQNkxEDgrlpVV69aju10En6zVr2voPNSnxN8o85XW57EHPB78c3YB+pHgKPac3o/Dnqpbc7cNBa5IXm1u+rsxAgn0k3H0n6RphozUR0adWldIiaGn6N2l8Ia2nE8NEYxDGNqO/aK04a7910ZB9/Z6XVa+nMueckyr2Ebrlq2tTgH8Hfu63GOpjJd7Tbu+9XZG8+HbppUniKHV6wa4yKvcUSN307ukgYn1K3UlKG3R5InnbMcF4x1nnal7+iEcUnIOGCOpQ5dHPtEPxbZVzceOmQS6rWv+hjeFltM269Jn02p8z3AnuLeFu93mzvxNWJI0Z/1uvWEn8qlurNhjUfzxKaDZyeWY1cTyz74gjw9zcpTE+3xTRp/iYSOZB4q7zThl8IbyEP4nfsNnAnx/Yj6ZCqXNBarvNOx4/w0tqrNo/ES3ef/f0tDO/779aQdaRNlvvrDUd/o905DeXob4s/EoXhCI9piT+rvRWH74AOpbx1l/0DgtAIs2o4CfOLL4zD+0LIs0G8gT4KHnlDdCJ05m8SH37bjOgraMB/iXdxxhL7YfXq3qx3yGutqWfV7XI2N4Vt5wv71PHKWM7W6Ml8TZCZ+Izb1YmhPnng87TYt28V9gYEdVHfWRxpYVb+thHFiim10H2Oraxx2YsfjMyrbORPkWZfq6tgzdeXT2tW114SNAE81LcdoLlj+tozYF7pCY/zwlNq4zqf3WparrbRWxMewfc8IHOznbav655wRDax694p+Xrf1PNIZyzGXukQ7YlHal9jIfaHPXs27p31JdWNp+Yrkz0i9ylGnCedI7Fl0B+XElaE5PMf7YoAJDfHbV6ScvQafENNRGcaZcLRNaQ/PUKcxQc5MR5bPKGMidhh9LPrpmNTjF6lexmZvWNYBZlVdAf+NrYprTPFuB+/wv8YiwMf30OMpPSp50i2r/rablvvzdij3dN3y39N7TQ1M2lyX/C151qWbkuruih1MKX++6dp/Q1h1/a+EsaaN4eXwFrIInnS7lBiXl7nsgZ+dZ1asGj/uSp32gb+wGd13vN/yN2+9lL/fcvwRu7oj7+0Ez8svpPJ2yhPP8zLibfAzd/DBczf1uSDtibdiN2DzXrR8Bu9yyOUD3zlzt2cp1V2seXp6YEr+ok2/QzntfuXzTdiSqgejbzsI9QM7LhNJ+n3SSniqXh1ZVe9O07nIjzof8/kkYhDYaLMyXrRLxlYvV4nPuX5DbqOToc+WVe/enbf8XaLvnXst/84p9zywifkGETuBcdcs8zE2HzElL99P7a5YtqfOpLorlm0rzg7U/+JeCjFvh829B+7YEGug77Zl/0/vNe9a9puHkn++qVNT1n8e/ZhH63m03bdqnJN1Zb7RLuOJjqMfdwnZP115dqXv2Kq/J0XdmmU/YBjG1TSyKr6aB96oZlzgMm5f3vuhvd6PVLiXUvK1n1jmWWJ6MabTC89pdvZiyMeEXFgReBo7VjtG41RxzFZN2cSyrIv9NqyKb0zwv9a3JeE31o3Zrsmzx532bvcSn9uVtuo7eeIMCl/Oy9at+vdK8f/4bRX1M0njmrJ705jn0jw4o4bf9OyRcw7ON8GVcxKv37RsfyP/l2X85QST/upzexvs6p7l+O6WZX7csXze6PLwoZRUr9F+3/JdQd3PTTt+LoRfyvu+5Hcs2zjYPiS1pdWuV5tXzw5a4X0QnsjsqFvVh2iF9q1QNgj1dTGm5ZoxaUccj3np2Upf2iN7h6GvyjLOsnXeMd+3qr7SJ/TVck1apvJKfR3yrD15bNgYo8J+ZT7oe/a8yk5iApxfj2QuepY+saxrgee2NXoInUt7x+WWZR8LXaexG+5B9S3/BiFnK/y+xIHls0aNB+nZG3t837L8RM7AN8iiWct6lT0KLRuW7X3VM+xbvonQ+Dn6Um0hjTWbZTsQ2mB7Y4uAo3+HwjdC+HIaK/HnglX5Ve+PEnNX22Fsd7cvNLHfWVNSXTutJy6h342orRNj/7NpTo2Ut5QnJqm8qjaN2izsK/wnx+kBOx7r7UxJ7OEdy3c4lizLasZijd0+hXc1luO+kvp5yD/kDeN528t2sk+zc0LZxl360mbLqvIQPedz0G+R9tKcHPddy7Fz7HfXqect/07XQOATN2c/Xjqqmyv5d9bXsfRzZ95j+Zt3v+/0hrROP29Hf5c46d2ZK2msZyzHGbFTHf61VIbOx8/zOT5ajvcWO9Ld/u570OE109ivFljXLcf7vj49r1v+u3TYH+csyyfiO9zlRM7A1xuWv90tx5i736r2z7rleybI21XLMWb9HoZ7XP6O/bFrWTdojHjbss+vdpe/PyXriIyBBnoegtxT25R17Ulb7gdpOfD1nZijxsA1zsu4yAtiEWqDxHjcYoCjfrzaKcTgiM3FPvA/bSJuGj8Yy7vaGbG/6mc9J4zzBQedi54hjwLctsDROrXhYyxi0arrOLEqTvRBlqkvydmUnltjIyAj1Y+J8VJsDeaq56a6Tow3CWP3Q3/6TMK4Y4EDLRelTuPE6hPpGIyzZNU56PgtO7420FR1i8aPKdO5KL/3w1hKj20Zb1pMhzGgGe/x/Lgb3sFTeRL6Kb3r1kF9iBUZv18zvvIO4+h9AeWDkVX3zSjkF0N7+ug5kI4baaA8E2FHWtAHnb0sZeoLw19az7h6RqJP8MBmgEbI85HAQzZj62icBrkwtuoeVH5QXlT5G3lmYHnPLFvmMWJDK6EN40caEqNRnuf+MOse+SXSBj0wkvZx7eAHXaux9BvK2IpDlD8xPsJc9Xy4J3DwjZV/mlalN23xF1g//C71z7RO5TPzJm4NztAufv87qilflj6qq4YhH+X2KLzDD7q+0Fp5X9eMdsxP8YM3WEN0vp4ravwNWrg83LUsz7Bz2Bsun/XbONq53fNWq/5O1hWr6qdVy/fZuU/gdumTdmSTfatl+3cllT+Wnm5nvjP1uZ2ej6ax3E/FPjtIz7U0F2QnPstD6d3tzt+y7FsPpQ12AOcAesbL/RBN3EdYtur3TNibJnDUr5q143FgcF0I6zqy6u+Xd6z6jSH1+I7EBuDvZy3/7aqnUlo+osPchy3/HrXGT4gLch8kymh8RrURWmmNOX+AXpxFsLfMsn2PHWvSnjNlzvq4v9CS+Xr5A6nsmmUfHDwcxg3Ld5U5k1Y/1/G5bXnv7gge4NC06l25puV4yQ3Lfn7fsm/USevLXKEfsY6rssZ63k6spmGZH9syPnGvbctnKS2hNfse/xybir7EpLCNWpa/tYferO8NKQNH9onOnTFUjmxZvlf1QCq7KOMji4hXIe/w6/bTWDcs71FkDT4V8Lj3i7+ELmY/sB4mSeP9+KvIQrW9O1LWl7FYFz0P6Vn1bErbmOW9I3bizCXLv5fk8u0b7Ugmeno25J+VvPvQftfgdVa9h/C6lB6TugNJXx/ePT1h+e7DG1LeYwbsTeTYuuU4B2uEbkSHluWzP2j5Hs9Tgvuzqf2tI/zmSl9/5scs/8ahw3nEcvwOfiLmtZPHONwP2EkaM26H1K95wg/x7KwdYHQEflv6rMv60ndB3jcCXuM0r33Lsos5+tw8buFxD417aoxc7Uj2HvvwwPKeW7GqngYHZD53MkZpnbmf8UTKv1ParFj1TsfttMa+dvDUeyz/bVPajdOzJf37kr8s+QP7C16o/D4R98BuS1uXlzet+jdUiYeBi8PeTDCxKfdTf/o+Zvm344mj3xb8r6b0Fqvezblm1b/beWDVv095kNofCIzH7Phem1j+jaTY90Z4ZzylL2lDaHatZsyh0M7nu5jeb1v195auS/5AcLts+bepdqRtnLOXN6T/1TTGVauus9LR68YBhs6xHcaBb4bpCc5XA9461k3pT91A2tyS/HJo+1hYa50b8HcD7XSfPCrvl6U/+5U1PUhtGfsxGYdxr8k4Csvzj0v7RsAH3va137bqnS3l92tWvctFmfIG71eFLsCbxj9XrMpLtDlrmY+UB0dpPjquy9S2VfmI9Vqx/PcboA0+H7D1Dhx8A07O2xesyps3pD7uDeZ9YNW/B3G9pq+Puy4087KBVXmR9lcFrxthvDq4yreeVgXOE2GMzdSna/m88LrA1LVkPvuWeY/5YtOuCE7wJbhtCl43wjg3Q53yic5Z9zry/qbg00k46j4g9YU20PymzOdyGEflNbg0pU7hXLHq3nc6P2LV+UAr9vg1q/7N6TUZ38e9YPlvIXvZOWl/zfLfOmYMhRVl3pZV99QjAp/9cd2qc1V5Bx5atir4XrDj9I57MtKCOT6S0j2CL3MZWnUPcAZ71ap7l3UBR6U99Nyt6QfMa1aVaRNZe6UPfDapobHuQfhS5Sa43bTj9L4aylQvM5dn7OgcD1o/kOCDt+8v7Mgb8lS7xNtftBwbVt4hrtu1/HfBlTZx34Kzw3O9tCK47sm88V/Y/1fSWni7lpRBq0ekr/snHtt5NKTbNWUk/JTH79KP+m8M7zHvibgIcG9Z9omeOCHdukt9TPguGmPU78PjmcjI8t0njRdqHHcocPWsxEJb4BOP40l8mHgscp54qOY1Prwm48NXGgcfhbEVhpevW3We8ayMWImeAeDzaDyZecb7OJ64s+u8uWr5LrW2AU5T6IEPxTx0vIHMnXgP8btRTXs9UwF/4BIH8bFbls90OQPoCAzHHR+0FWjRkTxnHpwd0B9a6llCR+Dgb+t5l5c1rMp/JD27BuZQ4ODbEhegPXHgNRljTZ7bVuXreKaKTx3PG/VMdyxj6v3QkVXxHEk7XeteGFP7DS3/DgfrEGlATBf8iB2tWfV8hT05supdr0sBxyWpU3owlq5PnD94wSOMtSJtlJbEMDg7iucizJe9sxHq4MNFgafnFUvSH5roORE01bgMfK1rpu/wEjHNuvOYgcBasvw9BrTQszQ9y9PzO5XRrBdyjBgYcsPrN6Wf0k7v/yPj2f/ENuNZVzwLABfO+1uCc5RX+q2Gj3W/0P+05Xgt9/aI73H3Fhzvk/Xz/Jn0ZP10r9xnVXlBfLQuVsfZH/F47oufS/jtW1V+MRd4Wu9+IUuJM7eljZ7rEEcHb2LVK1Y9P/B1JN7LniZ+uGqZF4gHwo8m/cCT9uxLztCalvfKmuXvN4gFNq26pzn38fxZy/p3w/LeVfgjgcU5SNvyWYnGHKMscDrsWdYVC2lNWpb3EzTkLqTqUO5EqkxlDM4jVNYgGxzmpuX4L3e+m5b3vkkZPB/z4MwZTceqcdKmVc/61oQmMc7fFri0UZtBeV3HZ28vWD5LYx16ls/wOFNTO6hl+TyQeatuYI8zhre5R2CsWJZrrIOe/bIXwQPcmFczjXPaqvuZNrrXmjIG8+kI7DXLfGZ23I5At+o5ITYR+69v1XnoeVTL8r5FhqzKHPW8iTWEXshthYscVpvNLP9mDHOnL7F/L9sWuoI/tIw2PnEuYEcbgTKtY87QQ2FtSXtg9OWpZ4Bm1W8cFgSO9kNOj6S/zo+9CG/1pW/kWWBsWpY1OlddUx0He2Ms40SYegdY56yJ+i0ZQ23iqGvrkq6Rfp+D/t4IcJBzKosjTLU31Z8bSj1yUuFGOug3dmr/x3abNh2H2DbOWc+kKOc8Ru8AdWrg6Hqpvd2x/F2t2tKapuGP7PCzxydkrQeWvw3C5hha1VbDDl2yKm7Uex3+GLYCvgrl2A+sL74HvsDjaV7eh3jwljx9LhcSbtyTftCqvjWxeniDmJC3PW/ZJmnJGl22LEfPCx3px17aT+X7VvX90R/I0cWEQ9fyb2Oiq1upjHPiVsrvWPWbDfDDF/e+6APGRK+xjtuWvylZsXxHXtfmfML9Xsv6G3tW7xugq1as+i05ssdtUe5uqH+FTbVtWacNJG2Gd1LLqt956bfi6JiY9H4eeoc8ekplyk56oteWBXYcY9qYnn7CjnS98+ADlv0p5InT/KH09HRJyi6mp8f1/Hz5TCqj3X3S/r2W/w7Cg2ntaMc4Fy37OV7+TCpnrX5W6h5KibNfYHlaE5jeV88az6Unc2pa/tvv/n5VcD6f4Fy0/G2G578m4XZB+pyTNEpP572nZTzfm+8O7a7I3DeEfjzhI+fLZy3zGDAuSL4r+YngDa0YE7tb1/c1iY4PpTV6SOrOJbo/lPDfDnSkDTEo3velHbR3fA6sejfvXKLnRRn7oQC7k+jH+7LAvJrqde6Oi8uit6c+vqaLlvkWf3MljKVwiGc/JPPS+pHlOynMDTjwjT+bqd73iPPinuDEGOgSfGNvj6y6ENb8sqwNifODK2nudfv2YhrDy18tdRuWeU7XCv13LiRf11l576c+i7I24O/zuxX6D6a80x8+fl0Yg/2qOPl82bsbUn5d1kj5At3L/LbCGIyjOHakP7JmLPVblvcrcQ3di3vSbih9hzV0KGk1gw5BN7JfX5v6PmNV3Ykf9xNW1T83Ld9fGqZ+TiOPB521fPa6bPlc8FsTbM6FwPeKJHjW+f17LJ/tPZPGvG5ZTnEmdsvyedjY8nm5nreRnFevWZbnnpDLV6R90/J52PUEU/tsBrjoQR3nusD2/BnL5/yMx/k0iTO9S4m+0IX6XauebWpatXz39rYd7ZHXWI63xJjZSPLENbAL8A/xu7HtVO83rPrbTPjKbYHJPsef5l4tvmGM9RFDAYeu5MEXm2/D8n6I9gzyTefakSf2e6wj37Hq3X8StlMr9FEajEI7zau9BD31/M7nxPcIK1b1jdxG2Lfqt21jGcP5xPly1/I9pC3LPovGWTcTvD3LsVsvuyfVd1LdprQ/nfDYkkRsmhi247xt1d9m2024bMv7anpuSTt/ulxel/ntWvVvEOm6YG9ctRx/xZYFF2KG+NUdy/fFSxrNPJJozbcpxC5iTGUUymOb+K5pXNNWeV/7mLy35dkPMMGzG8YHBmnBqnsM3luwKs7LluODLUlDeRLfWJR69qy+a3+NHRFPo11byoDRCPCaAV5Mcbyh5bgnc0FmxLmNwjijUE6cdtGquAxr4CA36Kdt2ed8e8t8F8P89A6+jtGUdhqj4L0b2lqCsyjvpEi/rlXnBu5dgaNnG9ATPJCjxD81NS1/e0Bb9lpHxgLHplX3AfyvvI0MYF8TY2KPR56hjPnDd8hU2mNLM3eFAR80rSrLaRvXfCDtdc8SHx0KDM6guvKuvKw8+rjgyDyIAzD/towHvwFb95vuxyWhgcanOzKG6jX9ViG+s9ZL0oe4BzFu4mb4JNBV+VHja7qu5Dl30m8iTGANE11pQ/wSPQIs6Im8aEvdOLxDD/yybavyjNKhbVVeYgw9i9N9205zgg4Rn1aANZG+wGTNaYPcG9e0w06jXunBOOyznrSv4zfas9Zdy/eG9LwJGuq+ifKNNV+wHKNmHNbTy5alD2fuI2nTDf00Vsc8FwIcnT/4ccYDf41ljZS/1M7jnf2kdnHMm1VxtRpYOgY2sUk566lyQ+fCmmEf6RrRLp7b1fFyU8ZasCqdlbZ1iT5Llu0SnXuExx5Xn8Hhb1u+J7UgaU3SU2k+D1nV/vK4gtvIpy3z4W3LsfSzCe7ZBMdt5Y2UlEfusewTbVn1u5rZ1G7PqjLLx8euxT7dteqdGT0TY71ov2pVm1/1Cndk9F3r1QbRc2Voo78hsGTHfw9vHGDpPahFGTvGhBcDbPV71OdRfTWRtpMaWMxvEmBFm3s4pY3ih+5lf8S+0FXPpsZpbXUui1adu/qHdbgx/lKA7bDwsaCF+iZ6F0eTjr0h8GMb+GlRyqPv0hd4+HSjACOO35fytTBm9DviO+PV8agm1l95Rn+HBZtT+UnxHsp4OsdoF4zDe0zxPGXF6mkyDLC27DguOjZ9FsNzT+rjXkbfrtTAhl+oY866pxUP6MKdm7q56Dn8quDF3om4RbphR8Iv3P9invQfyPyhMW30nIvxOddXnqbdIJQrnhpHAUds1bFVaT62errEtWnVlAFL74MAizkthnG5Z6d81heaLQa45NuSj+tL2VpYS91jdfulTp7U7VvorXcxqHO6cidQ1xgaqa+n5xUDO76OG5Z5gjxxX+WpFYGtvgQ+uMLENhpalXeVX1Qn1+33bg1MzSv/YUNrOb4teGI/qi94v8BjTtgNi1LetuMysCswo8xSmbEhtCdWqndABpbviirOiouOA+/i28KT2J0qJyMsxZs28C326VCeK4LDWOARmyE+qDC5J4KPENdX+Y88NFEffiWtgd8Z4M7CgeXflfNxsGOB5W34tsDbLFu+1wa9dgUnbFD8xV3LdzWJe6MX1iz/FgJ+NnhtW9WWdpuXs0LG4R1fDt+nY/kcHD8f2xsbHhoTS8f3Yy2gg/qGfPvAfRr29pLAov/Acvy/ZdXfNmTt2QOOC78FoDpJ92ivppwxuvLeDTBI2j/qPk3OH35HwXniCTs6n4GP7k3z9vLTaX38zMvPt95t+ZvEjQTrVkq+dtxDuJnmTd1aeh5Y5renU/u3W/5m3p/70s/X3HlnL/V7zPJ+pc9j0rcjfc+n59MJzk56Us+3py3LvwNwy/L98bZV8dqQNjFRtxr67KTnU5a/v9N+3u5xy3d4vWwsNN63fLb4qOVzwXaAoTTwRLzD9/R6Krskz8uWzyC3Aqwdy78tcE7WjfPNG4k+j6U1uSw4XhRcF8Oc/Yxfz1gPUt+e5e/5Llr+Bngt4TixfBbJmeWl1PZ+y9+UTiyfqdKes9RLCf5lKUNP76TyW5a/O9yRcWgzsvz7LJyn6reKjHPT8rnzMOXhC+jBN5eXU34zwd6y/B0y+P+WHf12w4rlv1/qtNm3fMftXZZtArN8z+hBy7o7+iPIJ2wr4p3DNL8dq9o+nnatKgOxt1atqr+xYbCJVZ/q2KqnsQfVDol2pfZVmGqDY0er3ac2XbSH1H/QpLYzZVH/a+pMgdW1Ko46v0GAqz5436oym7JeGH8sbTrST30l7LhFad8PT9UhEb/oj0ZaqO6hbrkG/jCMNQ79+zZdb6nvoPPvngBfk9pMdfPG9or2VaRXXb5ujvSN8bRFq86RmAJz1xhpXPvIu75nuGOwZvV8jg20ZvU0qVvfaTaFzldxijxcN1akd3yv472TEn6zzkX7DsPzpHHr5hvbcdZxUt/IB/hWxNlWBUZsq3RFhqkcnMh7fOKDDKwq/z6WeT+fPaRtTpKnGhep2zcq54ahTu8HDaRdHQ4tOz4vaDGt37S5RNmv3xurbw7+rK/6jHXwNd4YdYaubz+0GdTk4/r0wzjoh3jeEvftwDJvTltz/V5C5WCML7elDWXQqGtV3KIN0A/5iAv3Q8aW4w+63+v4BJ9tyar8p231ew7dR4MAX2VIlJHkJ6HNoAYmd17rYkmRd8BxJYw3DmNHfzHytNodUS5O2xdRZmo//D3uhSm9wVllD9/BDK36G5sKvydPxalpVV6N+Ea50rPjci/S+KS5ap47IdCQ9dGzArURRjJ226prg97XOH8/9NW9E2URMQrdf6oLgA0d62LeUeZqzF7tW93zOs++jKVxK8V3aNX9HnlH7fqRHbfdoy6MNGFuCn9sx3kgypGRtI1rP5Z+ul5q96OLLMCNKe6tutis7h3WcFzTVtdR5xDlUN34HenDvYWIcyfAizKf8aed92l7eC/KobhvibdPW49IPx2LOyD09z3GfWLibuct2wOXrHpWwH0cb/OAzJ+zUfiKteaM3eWdx5227cif5uy7Z1kWDi3fl3vI8jcD3KHoW/7envsDW5bv0RC3xC5sWlWPeyKWTDvuU1DPviP+uiZ4gh97rhue5Ls1ddy10LsyHavea2xIH/QzbScyxrAmT3/ui/B9mt4fYZ3MMh+dsSwfvf+DaY7oS9oSl/A9t2g5pv2A5W/eNi3H2olBAwde9ZjN03b8bxtuWfUeS9fy31lGPlKu7ZDBSmdgQ+97hF4dy3/TiHsp3C2jnnsC94cy1od4ufd1PnnCcjyf7zxnQ1K4+KjcyV6Wd6fDeqI1v6dBzAzablj+u3x808EdnIblMwv4VG1P5JrqD41ptENb5JjeNR1Jud5xUjtc7z9h16p+WbW810c1Cb4hdky53nslPgd/w68xz90q8ObOk8rVeE7IHTPV2Wb1eiTK2qjLFR/ktZZjd+j8dc5Ko47AR9+pHNC5qI2tuiieg9cltTHaAl/PX5CLS5b3nt4vifcRor0S1zzq1Yijzl15ROmuthDrh/yAH+H3aA8p39bRR9dkFMZthbKutOP8ALqyRvTRdWoHOJx/IbeV95RXtR/woAWycVQzpn7rg/zqWdYpY0nR1lY7T+9ZjGRctQOnrXkzwNVzPsXtJH5RXuvW9K2z83Ru2h7d0ghldfsRWVSHB2WcUau/oLRo15TpO320P/A13qj4dcPYKt/UHlSeAdb4hHbqU6Jj4G2zKi0ZL47NGF07vh58VzIb5lmnI2Jf6Bj3r/Iqc+kFuMgo9VfRb8hYvetTxw9qn8S1i2sDvy/YcXqNpF7xj+dElPfDk3VXnad6p85XwAYf2fG7hNifWsZ3JNjW6jPGvY79MBTYqndHUrdox9dF23VCXaSdrg20rZMHEVbEl6fu44HMGztQ/fmonzTpb0zV8XLEM8JQXKKsRA+z1+vkAP0Wa8YAb/VtPL8e4EVZE3kTWmB3K/8qzl1pR91E4GuMQ5/wW52/rXyu8irq4aGMrbhN2xd613k9zAV8kA1qR4BzpBV7hzpwinJOY0/cr+qF9cPnnqZbSfG8mHkNZY3XrWpz1fGyyhdkbIy11e2jBclr3LwX+rXtuK5QOTgM/Ylf8e1BHQ7opAiXtcR30PM+/Z0fhdWVvnVjqZ3csSq/xH2gdZEOrJHGDTUu6e/cRdE18TYrQsd4/qrjab+GHedl7gwj72J8bxp/xXOJKPNbNfWa1BdnfWLMirXXb7A6Vr1HhyxkHYZSF7/XirGZllXP9rm7hu8O71LWt+yL6DcW+k0ZfIv/MQrt4l1h5JzaYmqvIpewWfR3ix+zajx0MSTsGbUlVY+orld7mu9I1L+ER7H9+eZYY5LoArX7WE/8F/QXfvdA2hEDUHgd6av3ccYyFnTUc+N1yasO1Tiu6jzuHoOPl20IDsQWwGvZqjEih70qbSMstUX0bKMlYzgO+0I7PQfU80mS931c5hLXh1hpR/rDq+qnTKyKF3Nib7I2ygsd6RfXaxzqVNcr/j4ecVfWgPIFyz6xnqEQJ1NbZiLtLlmV14g/a8y9b1X+reNvTXyfF+0IlY3MMfanbtGqZ+OOx5a8j0JdtJvBfRzGQ5YrnZGJnPOvWlXXsdZKu7GMQ3xHeURlgeoZ5KyuEd9XQgP2tM4FeQuvRP1ADB97sJPWVmNRQzt+t0TPVFRPjQQuc4lxPearbXnuWNY/2A7aT+2SaFuOw3tb2vVqnuoz92rgRFtCae/9/G7wRlqXZct/s81x97g890ZZe+ivOvOqZT1d901ovLcxlGfMx/cYC96RvIU6tbn0/Z7wHvtZ6LMncJSOCh8bQ/mF+dFf+2nbXRmPdWiH9veHMSPPc/a/K3RSmMrjvZp89I9iG97Vj5lIWR0/Rp1Zt894V/3UCc/YNs6Bfcdvnui9hG5Ne/RLPzyRf/RdD33124WI3wWZh5bvhHFpo7Jp2rooXXohocN0Lajblb7I5AhT35ct6684jibkFOOrbRtl+Mpd4Gmf+Jupukach2nfKAsif8c+yA9sK2jKOvjT73/72SQ2ju/ZseXvE5Fdak/q96DINeI3erar+5q5x3tiakfU2S26BzrSby/Uqd5S3VsnT3W8ujgZ/aMPqvJNYxKTUK/2jcpD9c8GNeUqKwcCQ/FQP1n9H+rUx9RzqghH56TzUvrghzHevsDScVQ+79txOtC/b9ln8DLXsf4tzzmrxphV1wwCLI2lqdweWdWOHIV2UYfoWBqboB/8gf3flbGjTe7pisCMa6C6Hv9oUcaE5oMAe80yb6nPwxp0BUbULTFGFfGN96Yj3Yehb7TVaae2X4wl67qdpAt3pO2qVfluVNM+pihT6vYJunHNqnoSe5pYCslSHfcauCeo/AF81kHvi6iMQi572TXLstTfz6X+y5bv6Hj8atfy70Y7fdwGxafCtr5gee/sp74Pytrzu2/7lnmPvdGy/P0ber1v+fc8sKEGaR7O3z9m2ce+bEffCj2bEjhuWP47f/7csvx3Zi/a0fdpS3b8b0SSvJ3ro7OWfYZeqvtRy9843Uh4+JNvc/cTnX84ld+X3oE9tvz3Vjct/4a1ju+4PpLK3Q5yfjkf2myEd6ch3zLeSHhrPb89zp4ihoa/R6wy2np6flS3f/p23JfrhjZNgd2ugdO0zIt1Y7UEFs8Ip3eXcsaJcKbNqx361skMtQd0LGy+VijXvm07jktsE/GIdmrEpy4f4WssT9e3XdM2zivC7IfyOv7RPuo7s4fr5jdtbK3r2nEc2gL7pDWjv+Ldt3p6nZROovO0NnU8pTYxPONP9+V/3vJviyJHVGYtWFXWIXOiTHN5cVPekVsX07NX04ek/R6yLA8fknTJ8jmPyze+S/cy7oQupnJ0iFnWS8T0+D4Zuas2bs+yXdy2HFMk7r0kfZZDPfFK3jlXoA6bcMfy33p1+j8mcz+wLGsPrEqjA6v+bVAtu2X5e9ietInwDizL9YO0zucTDhcD7H3LfzcXfgDvm1b9/va6tPFyvuON6+xtBpa/DabP5US7S5Z5B/h8G3xL2lJ+zY7/LWr9pln7X0pjXw30GgQcb0lfLbuZaHfdqt99n7P8t1Dh38tW/Rvdjwh+B/Lu8Lj/e5DWjroDGXc30ABYSqcD6QeOB6GcdjdD2Q3Lv4GubTx/xY7zIjxAu5tW5dnrqeySrBF4Ol9tpjlfq0nXpf2lUPeI9It19MO24Ztwx4nfpdtKNOZM09+dp7kj3bP8W3n4HC2r/iZdtBlaoQxZu1DTjmSS70s+tptWXtfOasra0rY5pa+el5q0je2aAkP9h2k4NyXfsXrcGbd/Qt+m0J4+/RoYE6vHQ+Gx9uhBZPQ02im+wCeeHOHXjc/dAy0b1rQ7ab2bAd40Wo2kTcQhlk3jS63vhbL+CX2glfrwsY3OW+cxCW360rZuXer4vWnZF6RuIO/EMvXMom5ucX70X6oZX/cTferOeDwRg+3LWOCIfdmS+l5o25e2EY76sNj9Og/aDcO72ojcS9D7Dop/jC1pTK4u9jQtabwFvRfvPcW4l44TY53DAHPaGdMwjBXxjvHTuphcjPdo2zpcIn00vyT9T0qd0K4uxqR4Rtx5f6sdfeP1Bjv6mxv45HoWSzxF41PTYotrH+O6K9/ofYfn2w8eX62BF+9NcK4AjmuJFmuW/5avpmXLsRXuTg2kftWqf8+ZdYlnNNEH87pNSZQPpQw6aDvq1yz/vTC1R9rSbj302xDa0HdB+gIT+bE5Zey6RJ3GI/Bp1qQd97coj3tL96a357dR3f/wGFw3zcPvTLlvsm/H94DDPZPe77cj29XXqSF56LZiWcbxO3jElR3/3VR3JqWVhEvT8t+88P5nLf8tll6iPbG1+yz7hO0wxoNW/d1g9t25BOe85d9sIwZ/JtV10nhdy7+HSH/wgiY7Vt1f8cxnw6pncdPSx7K3Va8MLMecl0KiDJ+7L3n4SeMlw9C+Fd4VB/Yad8So1/MC9p2ef/iTM1/wiTF2+G7JqjJ7ZNU7/Iqn5/VbOGwT7a94IGf1zGho+bez9ax0w6qxCmD5WnMnBtic0XCOhfxpST+dt54FcXbakTSwHHdEHnEmQD+vb0g75s5cVyzb4Owd/CXsccbivIpxWvKOHucOpMZ+sXHGApt10vMt7u3pXQxoyrez8MLEsj8HLwGLedKWOQM3yj/OxohdjQIsxVfXk3ktCHyNd06suq+Gls+tOwE+MNW2g9dUl2KjMhfojAwET2hF33i3g7Ny7FruEcbfmNDfbsKnaVo1fklsDhoS44W39HeF1i3vKeQyc8QuX5HxnW7oIz0H61nWKeAxlnEc7lZYN85clTfQeSoroafuP71Lsmj5u2vugKqPxD3tuvs0A8v6uM5mJJ66MKWuLg2n5FlThUs5a75n+Xt97TcI7wvyVHm4kGAs1KS2VefTCvX9Kf20XRy7Hd5J6D7WOvbT9k15H04Zn3gUPADPdKXdjlVtfGRv9ElGoR28ovIitu2Hd011PozKGE3YiXpGonehIuxODQw9c1bdgizQNiN5jzam6u9ReKpc1j0+CHB27DjOPauns8JG17EXlqyevlq2Ke/A0fsigzBW3ZpMK1d9qnDQP3qPQuevNFG6qU+G7tY+6AYSvN+2Kh8ojqpP6ugT8VNbKtZvhfc6vOvGIHYFHtPu+WjfOr6Oc6jbQ3dbPy2D54j3DGvqPEV+nXZ/Sct1302bJ6kpbZrSV/Hqh3GUv4idUR/XYpq8act73Xqr7TMMdXXzn9Yu8us0OjDnaevOXt6tWeO7jb1S00fHaNXUNSSveG0JrtPmg92t9fhRXrZhx/9uuY6tPkCs13tKeq+Rd/yEKNf0jqPCVJ0SfRdseuBrXDjGTSkbBHgjy36DrqfuDdUZEd8IM46t/hdysi7mG2mh5/ojgd+TNvjtS5bjQPp3bpgbdtuO5e+Uoh22Y9lW3pT616b0qFV9QIe7bdm3cR6+bUf295aUP53y2Ds7ls/T70kw1lIfbF+ve9KO9tKa5TuFnPf73L/Hsn28a9W/p7Eo88F+xlcm7u20ecDy374lRtGw7CMiY/Ysx8q5a6V3FLuWv6dE93POqzbx0Kq0x06cSF/WZF3ekfkblmU/9j9+04rluxysDzEG5Sdsqz3Lv307EVzwX/ZS2y2ZYz+Ns2Y5ZnfDcpwRfw75wnp7/pLlv/eNTU/cATsBGmAfs5dVjwwsn9eyt+B9H+u0Zf+wzm6IeX2P94a0nZZ3ppSzn5FbJ8XVVP7R5yS7oM4WxM9dq2lHetyqZzt1OOCbjgXmRMrURl2RNusCi3b4zMsp4SfjHzQs+21RJvLkjobK+g3Jv//oOaM6UGnZtqrMRmbqnX/9zoy9rXwTfWPt7+8PWebd11lVTzt+75S+A+mrOAymvMdvuKP9hzygz0qARRxC42d96TeyKo3U1oQGW1alB3yp8bdIqxiPUBsAPLqSR9dD+4bA1G+w1O5ETmkMTv0SYrsjy3cWkIXoDvDjt364X1BnL9TZHOgJretKHn5Qm0PtWeSa6nbdizoG6wIcXU/9nkHtFcUrype+jDUSmOg11jXSIo57SebtT+5pj6Vft2ZcvqeZWJW+Kkd0Dm3LPKfzi2kY+i9b1tdKC97HktpWlXORthpPdFyQ/ypDog3XEvh1spy95PvsXGrHHTVk3UGi4cVUv2bVswzXd3rXg72o8RTm7Drg7ZbvUCLr3XbSs9Ge5fuLyMm1muRjYithE3Qs/24hulH3gfIl+kDjO6o7aRP1rMZ49Bl1H330e/CoG6mfhPxE+ul+Ubr2a55af7f0tGW/rZ1oBt3g91XLOhXbRG2wnuXfg+TMGlsaX3RFytDZnInDn1tpvl4H7+k+UR3Gfhjb8b+piu2/ksqXLcsv/bacfkPLtgHnv+wx1dN7git3ltXf0fN+9Yealv0Q6LRl2Q/y99OyJmPLfgP3BNln6ER8mw3LZ7fkh0JD7NI1KUNm4NPia4PDgmUfDLm5lfqrjcL8se29/pJVZeqa4HnaMm9sWD4XGViOH3F+vS70Qoaxnj429t12GudM6tMSOHzv0xHc1wRf1rwv47O+8N6G5d+VVB9zUeCozFZ5xfpxXqTxvTXLvM489i3LG2imOoXzpcWw1nsChz4jGZs5wQ+c7cNL3BnfFlxJ2Cus946sD3fhvYz9oL4MdzPQExPJg+e6ZTnPnFalnvE3LH8vhB1Ce+Sinq8hv7C1VlL/dSmHlzYt8xv2Jj6k6ueu9O8lmPj9rAXyb93yb+syd+QV9cxfz+Pusepvn8BzO7IO3F1Ys2y7Amcl0WfZsoxhL4ytyltdy74R/hS0AG/2J+vKd1UqU4h3IbtYZ/VF2GOblnkYOcjaIS8twd1JcDctyzvWF3tA9xKySu+WUYZdwXk0/KO+AfpTfxuJvTKw/JvS+P1+L4eYzbZVZRTxGuaKT8B5oPro8DZnfkuW7ZEVWTtiS8wdPeTPM1b9m9Zrlv/mvcqqvQT7tFW/F2FuxEbxb+Br1ruX4K5YvltKH/XvwVNjdb0AB/sN/w6exi5HXi1blpucjZ4RnFkb9Uc5n4Yfkf3oQ70vgP4GHnqpI3CZp8ZmsCeQe+xj7gYADxjQm+8ovf+O1MHD7JN9y/t4y3IcDZupH8Ymzsj3qMTU/J1z/o7MlXuJvC9a3sf3p/a7lvlsP9GdvUicdC2119infvuk+lh1E/KJeCTthpb3PDIYmYXfgD2ybpmvgOn02bbsl6jvgG5ppTz7rSVjYqs2rXpXE12/adW/Vwt+3BXCn2Jdd4Qu8DL4bluWwWrD7cm8gAv/IZOBAb7gyX5QO4TxuQtB3Is7BcBjL3AvQ/fGUipH1+j5CbY7Y2IjIGdVFiPL0I/QGD2AvFV8mLP68huW/941fpTGgtgnLXlHR2IboR+xh7ct7ydiN+pnoPeRZ9w9UT+X2I/q723L/pDGWLAz4PuR5d/10TMq4kx6Tx4bAZkPTugsvZfMvoFXGBt9i52Lnp5Ytum6gjvyVOURsNjLyym/IuPBB6rvVaexJmOZD7y9b5mHkGd6F5N4YTzn0HML9g92DLF9vZeHPOXuC2uvcVDWDz7ROJ7GgQahz7LlOITGLqOfTsxB40gal1gOY7WtioPWTULfUYCjuOIjswaKG/hjV2i8dDnA1bYxfq1+oeKj7ZGZ0admjeBRvReIXTORNhqTaUk/HZe9vJzqseHYPyOBrbHBuNbQQ2NGGrvD1sP2071HP41pDqXvehqf+99RdkwS3pS1rEpL6Kn3zkdWXZ8Y92QM5Bq2UoRLPETjXshOfO9tO36GpXSMY2Jvqt9F3XIYS9eBtaIPtob6BfhnyB+NUw6sSltkDe270oYY3ZrA1LkQL9A9Dt4+h1nLv3/nNDwjY+m5FXBmA+6ev8+yrajrzJ19/PSm9Ef+oGs7Mm7fqr9jxVjnwri6jrOWdaGu58iy/mFPKV3xkfVe66zMlf7oFvA7J+/sSWAQO1EakgcefkYdrrzDqx3L3z70pU1H+jQtxzDPC56DkHZk7uxZYtzQlHvNXcv2+mqAwxoTd0GnIcfUX8fWJzE3YhyDUN6yHHOftepZstoa8PGW4AxfLYV+ulf1/gy+aUyDmjL0NO/ARs+zBrrmbct/h4u6oeRXQ3lP3qFF3NfwvfLVOIwd66eNS4xBZVJf8F0OfdmzgwCPPipXWfeoZ4ehb5wX+ic+Vc6qLYFOVlrA40oHcFIcVFarTab2gsZdIg21bVtgANPkvRHGj3rDZD51tpLyFXUaQ9Kxo12geI5CHfWtmvbAVrugb9U1467MwI7TTu0+1V0taaN6j/kwz7p5RNzr6oYn9I2yTOmpuOj66ryUxspH0ErP8xl3JfQ9mxI+OfPetfw93q5VZXU3PImJ4Vvg5163fPaErCSG5uXE09GxyEE9F2A/c3eLc6OVlCcW43343vCB1B7dSCwOv4YYFXJzNeF62vL9F/QI/vKC5TtR6AdoPJA8sXXeacf8Ii+cxFP4NT3p62lL2qwH+CSNi+pZEW21Hr9zFMqwnTZCOe1vSl5hrgYY45r+2n5aG/WF+TYotlmckscW1XfibXXzmcg40+rqcI/5urNqxa8jcwWP1RP6TKNdO/TFbpvY8XWsS8hNvTNGPJE2e5KHdgqb/jqP3Snj4SMrLXjXexgKj30+DuPpnTp888cDvYgxw//E69SXVloNLcdkFqWOMzjakefMaqWmHe91Y9BXyxTnlVCvY08CPGK/6DdwUj8xzrcZ8PJ0JcBVHNfs+JpPQp2uR+Rd6NOXcmJvpGl8zlyGYSyv25X+8OmW1CvsafDXrcqXnIMr/YnNbQcaqB8XZY3SYdPyuQJtgLVi+XeQfY77NXSBr/SdPeLzrpM3W9J227JPuyb1jM16qF/DWYaef64EGJxxMw/2PjHsZcvnMsvyXJY+5KG51mm8i/O8JYGpukPnvhTK4EGesW3styLvym8r0oZzoTh2HexxKBvVjF2XRjLm9vPsA6/oeKrPOOuOsWASts9eKCd2vyFPtcd3LNsrE6uez3Fuih+LD6z+bENSJ5TRVv3dWclr+WNW/U7U05st25AaE48JexQcWlKuz9inWVPelCdt9Ax50/KeGFr1zJZ4nsYMJ1a9y6d6ZE3aEXfpWN5r2MmqZ4iPr1m+C79s1XsxylPqP3HmgC0KXSnTM8FleeJzsJ8Zkzg3MiSeiWmMc1X6rEte5chQylalP/yPHrph+YxR+VZjkhtWxZFynZPeeeOu4Lb0AS5ncOyZfVkvtX+QxxoTZBzsd72PBc2UJ5CV+A5qQ/VlPD03Uz/mhuV4HuuOLIhxaLXhdB74MxqX/v86xbOWv2yqu5/KHoWfoQtxP+rullSPEVPE/uS+JTRsC1z193nHR493tCbSDr9a2yOTyes7a9oPY8E7xBR0zy5Ku22r4qFjKj0jT+k5Bf16oQ1jTE6AM7F8tqjnSPQDTtTVcZxReNd59qQPazgKZewn1k1xU7ptB/jQSnGPNp/6ldSDF3u6I/0GMifaagyG2I6PF+/8woNKc41VMS5xNe4z6P2xnlXnrnPR/UadxveQjwMZj70CnYAxCnCJN1l4cq4xzS4yqScG1K7J810PeXwUzv53rGrfY2frPRx0POWxz6LArKvXBC85LutSvjyl/eIJ8Nat+i0CvvLAqn4FcPAj0O3L0hdanJY8NNqw6j0JEnpsN8DQNgPJb0g7yvBl6uBrGt2lHrgb8r4Y6teeB4zJlHJg7UoZvhm4b8oYPFXmsW/ZY8ivxZBHn0xCvfb1sZAPUTYhO3Sv0XfP8r0RfPShPImvagzB369bNW6O3YRvgq7Bb+RJwkZGZqouI5agbWL/qD/g7yirVmvKpqWT2tXVPd+yk+InfxlcVK6f1HYQ3k8af1gDq1cDo67f+HnAV92sax51/dCOz0vHIN8PMCIvTWrGgf//teVzh8tl+ho7+kYMWa3xVvQFdxiblvUs596ex7fQs3p/4qNwnrWQxmqlMuIxluBcsuyz7Vj13AZ5sWfZXx6kugOZZz+N84Dl+6DEB5qp7Y5luxAZ4bpg1rIOxtbhXOaM1GHLIJvwzbEJGbNt2bbinB9/FFvgNZbPnIg74q9yn6IZ2rAWLSmHxziLGso4py37PR1pwzhDobfeVdU4CDKvnWhoVrXDNTZzyarf5A4sy1JoNWs57sB9RuqIG8IH2Kvb6X3L8m+DrVqOPeyFJ3dOeOeskPiiP++1/D0I5SsCx8v5Nm05le1LHWX3CE57AmsvpH3JO4+eqYFJ/wdSuefvS+97Ur5n+T7SttTvpTXfEvisC/n7LP99yIgj46ODdkPdbsDlgQCX5wM16b60tg9Im12r+gJjyzJhmq8b7XtN0f7Gt4q+vkkdZdjMWk9e24FjNzzH0t6kHXtU59cLfXpT+isMxopx0kF4Rwbw7d/Ijs9J6YWtzPj90GYi9cxB7S31s+p08TCMoTpaYwBR99WtL33G8t4MMM2qPDKugdOZQg/4Br0JHqMAj/JhGGNYM67SNcYW8AU7Uq/0aob2cS56/q73LXQN9a5HxKcj9ehK9Bq+kvZDHitf9SWvtrHOHxu5ZZlP0EUaAx/Ju0k5CRsB3m7JE72HzzCoaaP0Q6fq/GbDuBrjwCZinm1p15UxVA6pfab6X/tF/CgHL+Y6kP7gDs2iX6A49QSu0hAaDyTP/VPt3w/98eEUlo6rbceW7SF8MeUL2ql9tSD0Yhz2Df3hkSirmK/Kz4HkNdakdpPK2V7oM7Tqvo2yWvmd9npHnjbwAjEd7GXWcdbyXlQd4Lg2BD5zBid4YVbK+1bFj3UbWdYPGjvV+BznB+xp5S36Q3+NJ2KzgyN7XnkoynDlQ2DwDp5K14HAZh3Qrz3Lv7GFHwJ9kevYzODftOxnI++YJ+XoXc6NiTcxN+wG/AnlccblmyHmMbYcf1SZDP3gyQ3Le0H9Dug4kTHBSWP4k9AHP4N+HanTOUDzdSlnHVcsnzXBWxqD0fgMNAMXZAZ8jX6J+mIsfWijZ9x61wV812W9tV0/tMPvgL6cC9LW37eF5uCqfBttSu486R0q9UvVXojl7EV4Fphqf8S+EV7vhPpxKJ/U5CdT+vYDfMq7of1I8mOBGeEqvhHnkcAeBHhx/ifBBs8Ip45GExl3IvOKz7o5161LpPU02kZYJ81j2pp2paxuXNrF8Z/v2N0wRt2c49jT8O3WlKmOoW7X8u9DIjeQbw7D79LdlnQzPR8P6Qk7+u1Jz9+y/DfyqH9M8o+GvnXvCquu7aOh3xOSvzUlr8ljLK3Qj/LY9nZ41pXfrml3vQbujdBf063UTnF6TNresvz3AW8KzJsh3agpu2nVvwl4t3TrY2h7t3E9NvSjNv1vjNalx6eU3wzvV06AcRDeH5vS7iQY4HEtvF8RmLdOGD/icEuet6z6tx8pY01jG+YPPz1WA0/73Qr1/rwoY2i9rt0VqdP8k5Z5tG6+XjeQNmof6bmQ6zi1Q7BR1F4ZWdXOdVnFnay2wPS2W1b1C1qpHXbC2VS2YPlvHODrYD/sWL675mNuCDw/89q2fHdzYNXfpbhuOR6LnthN+ct2FPd0eOsJNrHKoeUzTuIAfHdw2rK9iz9GbNzzVy3H4jVuvZbGxGdct+rfubkgYy4m3Lifd9nyOfWSvOPfET/Eh8GuvWzZt9mVtJrgev6c5XtmGj+BNtytAvbylLRv+TzjouXf3bso8CcyB873mP9SyGPXkB+FFM+tns9dTfCP/gJwRqGP2qV69hST9luWtk5LzoqjTbEi8BS23q9dkbE1zjgK5aOasji/Fav+FgE2nj61vc6vb/Xznpb0LrH2XZd11nt105LXIy/wR/F37rcsu/D5NB7ne0Pvw5B3GrEfXTZeT+2JtTi+symvZ03sdeijeqxl+e8+cwbE3uxbvnPK3VpimZw1EdegjPux4MB5WEvG6Fr+nd+RwIf+zAUZOkhwvJ3rjn3LcU9kFTTjTAqeIRZGTGFi+RtX7th2EkyNjSGLx4IzNIEWD1i+F8L4JOQj8TjwIE50ILRlrUZpfjuCz36qoy244Qsxl5aM05Tx9X1aO43bNi3LfnSnxnaJKy4ILIXZtuN/NzniwTv3rIlZKx3YuxrfGlnWsZQj97lzhLzuypN23EPl3vqG1A2temd4KHXA0LvAtCH2TjxwVdoNrKqDli3H5pYDTFJXnqQlycc68IQe6vf1pzy7Ad5A+mtdX9rU0YE4Eu1XLd8Npz0yA7pp3C/CG0hfdIJ+275gVX0R5w1cZCJ3FuhL2VDqkMM6b8qZA3Itns9pjBM+VjnSknHrUkfyszI2dRrrijEA1ZVDO/5toupRfR+HfnX5QXiip4mNKUy916nP2F/tBIWn7SKusX9MkQ51Sc8UIs6keN912rjxzqeuh55JULZox3HtCyz2ADKE/UIspiX9kKPwVceq3/EzjsojZDP9kZuRN4itI58nlvUY9ZS1QsKHGkr/jowZYUJ7ynQsbduwHAfW872YmKveP9AznutWPcvrhb7YWNR1QvuYzod6Yl/w1eAu/aelDcv+oe6/jVC3kep41rUbSZvod4yk3aQG1iSUU7dm9fFF6j2/KWP602Uhd37PWOZpviXqWY4RQj9vw11dL3cfb93yb5Oetexref5+q+5fhwEPeXts8bblbzHPWv5NAuK491j283Ys38G9N7VVf556bFvs0XtT3fWQYuzE00N29HdsOLvaT3Pftuw/n7H8+4/k1W9Ab3F2c8OO67NhaIvM4LxtGODhj6huZa8zT/Rj047/bozamFFWILe6kkdHWigjZqPw4/5tSjvmxZw6IUGjpmU+VNnSqYGlMm4obbAfVP6sW/azhvIcSB9w6Eh9Jzxj3F3noPNSGkUdhA7QtWW+Kp+wl+KY7ZqyOhyVNspbClNx1Tz6gidzQX/oOluA0ZTx9HyI+USaQQtdH/wQxaNX079j1X2Cn0e57ke1SYfyruMDZyAw8HeQo8qjumeYM/4ta6PnL8oP+AqMqbJBeYk1504Ldgn2DroDG0TjRrrnoKHOK9IOXqk7m9P+uldUr/YlfSz6deuEOmI5/TDGSbqcNbjbGP0peR37pLnU1U1rH8tHUr44pY2/n7aqzaHt7kZndC/3m3yt3m75HDzue+dJdMVly7Fc9ju6W/ee46cyF1yxKbCp8fvAGT4+sOrepg88v2WZl7FdlR6Oc7yPSB+1+27InG+keR2kvtct76GrVv3tnfX0zt7jqbY3chEdRlwAXUwMccfyfsbfgFc9/0igseN2zrINvmtVfvd2q5a/1XW8iAmrH0XcpyflavfDGy3LcYK4Hj3LdhexS+KN7Dn1QYkV6NjwObE3jWl623sSDhuW5dmq5X2wb/nbK23n/a9Y1kX+vpbeWTuNcyLj1N7GXoLvlgSWn900LJ9v7VrmpX3Lv62ncjXePSPWsmXV3zGGDtBi1aq/7+PpfMLH8Zi1LK/53hRcW5bP87eknDtCwMNu1DgJsTEf91xK8LT+ngX8ca5m3mpXEPNjb7LGPrdNy3ue/UsMkLMe3UsrVh93x9dAF7GnOTfEv8aHwPa9YZk/iVGz389ZvpfGWR/7RW0jdDBr5fLumuU9xzjwm9NqI+WJHRGTVfnv8O9LNNmx/B0PuPucty3zGDzEu7c5b9kO0vu2+FBbdvyOJvvQ01NpPi4LLyUaXE3PSwmvG5ZjRhrniHYycnlo+Tc9SPAMPobaIxpX1tQI7ZT3mlaN6T/fxLmQlmnMsQ4P6LYV2nIWTH7Hsr3oa7Fa097TpmVdpX5IV9ZSfQ7auH46Hdqgv4DFXVmv37B8lqPxXXx30mvL9G7LZ27n0vO+NJ/zlv/Wx4Flv5v2O0KfoeXvgfnmbC2lXcvfwIAz9jF754zd/XvaFat+M7tTUw+cVcvn1TyRJetWjWtD70XJa9I7Beh04sLI4P/a1Jf8zsfQb7OmjP7Dmrqe5In9wA+UcXdA9wC6fyi0bgvuQzv+nTJ7ghhVXQze29xKMP7AjmzXf27Ztnfdu5fwuWSZf4hf7Vr+O7cblu231yTYq2ld91P/ey3vd5/TNcsxKnDmbBR5rD4s/Ty/ftR2/v1WNP6kfJZ95ktcGx8tn8+Wz/my/kVl+hQr5vyskjhSYUd7rJS1sy+wI7n7vjKVMDwm1fiG8vmess9v2OEdiMYvlM83lc9nyudb0vOryvTLR+0aTrfvLJ9fZoc2UuN3yufry+evl8+vK9PPlfkXWv6G7NdK2F9ejl2OM1P2nfm0Izxmyv4zrypTCXumnNfMZx2lxluPUvHrR32Lr0htHIf/cpRmvPwVKfn4322H8mS2xG/mO8p8SZPijWW+hDHz/7BzJoBRFFnjr6ru6Z7Mfc8kk2MmMznIBCYkkISAZAiHkSvhUDOcASMCKgRkWQU1UUEQkUMB8QJUPJZFGQ4xeAAe66crCIsu66orWUT0U4Gsy/phyHT+r7p7SBCvdd399tt/Jfl19Vld9eq9V6+qGuB5dEB9Ho5Jmvre2+B4P6S0D3oJuEnlYwW8UQG9rYC7ABmdrm9SoOWTmaKSKNdGld0KmMr+WpVXFHC5Alqk1nWDqjNPq/VKMKsTF3VidCceVJ+jeaxT2lLONwbvyFHbG8YDeIJab5ABOgkp6Aj+WH3PALWdvwTmq+UfqsiPvhv3VmSId4LOgbw1kDcBvdHQPGIqUH5iUut1j/pu+l7QOdwToN8P3QEpUvVzuUpi/nShyhiVkyojVZ5T+aXKbSqqTNGbKveo76fyfkRFfRfZoCC31x2KztJ3ymUb1AFe1IEs0wSVneg89wvvwGsgvUV93w1wTP3OdEXvqU8gXti/Qzkvy30wpDeoOkn17CK17aj/aFP1D9oGX6fqS1dFt2W/Qe2W3r8N8p2ugL9S7Im2IS5R9fxxVd8GKW2KqZ95H1ir2sif1Dan73pJrQdty+6w/4VWtifarpj2s62qrtyhtiNR9EyuD+3TNyl2TOsuy6pJtbE1SjvJvuBNVT60ne/qkJVsx3cp9UGgY7I9XtsJ6gfA52CQD/5E1fffd9LZVkX2ss4dUPROvucmtY3bVPlSW4E6E6K+6ya1zajcw0q58XClXrSOHPhMbpGCrIPU3rwq1Nf5gTSV7irUF3dV86O8APRS2oym5HHFXyX8RLuk0PmYW6uUn6YyVHehnhy0PwHb4EAeBHwql6YC7U3+G6D3bVNsk0CbcmCPZLN67TcqUB4C+kBuU335Qh7aB9gBvASs5BEeB+looAvgBiYAg4CQem4KsFG9VqGezwLoc4OBnp3Ol6jpcCCg7vsBG3BRp2eT1etfAWGgF1DEo/bT6n4aUKucQwZAUPOm1xxqWWg+XrWM09XyxAAtcANwD3CZeu9uoAWYrN5P318DdFe5TS0ffedQtT691HeWq2l3RV5orVquXmrdaf4N6vM2tUwz1TJRRgKfAGuAF4A7gFvUPBaqedO66FSZZKl5UjJU+XVVy03lUskrfgTkhhep8ol1Sjfwsh3y1I9PA7/9VyVtp7a+AjCDPoB9kItBZ0ZBOgQoUH0E6CqBGJo8Afvgf0l/4CngLwDEMvh1SO+D9C3gBDz/azhuB9YDIhyD/+JWw/7zkNKxc2Jegdpqjvi+7K+7/x1QG6RxDI21JgFXqz7gj6p//NHwp0AnT6EXgauBdYAfeAqYAdQCl1HISDQQmM99iQYC87ESW90J9QEbJUMVm8Y3KeXCdYpfIbRPpf3OfOUeuV+9SfWhmxWfKPsE8DmExqNUDrRfe04pH/mj4hOpfyVT1fs/UfLARaqfW6SUQ863Qc1jW8d7ZT87Xb32R1VOT6rPQYq9aj91l+pLb1Dzo8+/re4DJFktK5SP/FLxjXKsQ8t5rfqe+Wq+N6nXaN82Re3vb1DL8Av12VvUdyxU37tffQ6ukU9UOSTup6xR84d8SKIfTMQLt6jva1DfRe+bpcZstyl50lgn8Xwib5KYv02UmbZTg/qMGgvL707I5Aa1HHdpO2KH36ltQevyvprO7CTDRPvnqM/cpV67TU1/qdwjy/QmbUdMo5ZHzuumTs9NVcvxpSqfO9T8u6rX71Df+RtVj+5U63Bnp+sNqtwS7XCX+k5ajhr1+BeqnmxWn4up5UnEuDQPGCPIccp89fgGdf+/VZ1a1FF/OY9blHaR9Ze2+SfKezkYJ+GAes/baj63qPUqV/P4pXoeysXTvp7GKk1q3s+pOnRU0UVyUjmPadqqxK4Yxl2Yxv/wDgzjR/wA3LdRvT4DeAb2l6n1+JMqj2mqfoA8yEvqNTiPadwxUr32vqp3aeo1h1rej9T6Q8yNEzKmerJBle21atkpNBZN+CQ1rpVjvYVKnfH+jrrLsr9FldU69dxt6r2JfP+k3n+HtsP2V6rPUZmM03bYKk2/6qRbqj4lYjyZO9V8ErJ+A/ivTm0yU73WpO3wR/MVu5Dtv1IFxrPk/U5jBIgv8YNKKsdndLxb8k+EjhHC/x/zitqeN3WCtuFCbceYanoCcRG6WbwbXQ08DFwkroPj1Wi7uFD20TROpmMI6iPpGOOsVp4jIrTfK1Kuyf5hgnrPBGV8LscU9LnnO87LZaLzS5PUMsA1BDEE/T+XMZ2fpmOGqFaZa6H9KNV3Oh7p8SPqTO2IxguJOSCqm0FVH+hcI80/sWaV+BaUzsnQOOMiNY/EHHNiPiux/k5jKdof/ELbEZvQ9/VSr3VX94vUlF7r2ek+uj9AvU7HDIPU57qq76bjxhyV3p3eUaSWi9alS6d7KtRr9J4GdT/RnyXem0gHqHlUaDvmFCpUeqncpN5f1ClNQP3ZFG3HeKeLSuLZok77PVV503qVq/eVd8qzVydZpalpRad6lHTKo7ta14TvpM9Tf0b9zi1qWYq+8UyoUxlz1OsXqe8Jd5JpQj6d9zu32UWdjimJuTa6P1JNE3MDFaqMy9V0sLpP3zldvSeslivc6Z2JNFGuhCw7k7jeRduhCwn5Up1IxESJ+Cislj3xfpr27lTORF6dyVHLnaVCy3+Ten+i/jlqvr3V83SeltporpoHjcXoXKkRsKrQfWpvheo+HT/DmAPROUxB2zGnm/jemuahrj21fw4phvQMcEp9D9cJei+MY+S52Ty4J67Kir5HDzjVa1RW6lpR+9fqu9F3oFOf1at1FdS2LlLrQJmnpXPHBcr/rYVyUTpKRivV3z/gB9HKyIixY6KjRw4bOmTwJZUXD+pf0S9S3veiPr3LepWWFPfsUVTYvSDcrWt+KK9Lbk52VjCQ6fdlpKelelOSPW6X02G3WS1mk9Gg1yVpRUHDcwSjfOyJefrXDJweS+5fGzMEBgQsvphheMuwcAzZvP6A1VcUjnZV74ppQjFkHxJzVNdsRZHSaEwIffOW4TEuy/KlHx4e5vUNjPFZ8BcYPKkuljuyxh+wHPaeux6FZ2Ip/Wv8fm+MZMHfJXAJ/gZP8tXFLNVw3u9VzlwSQ9U1lKb2o6VwEpX6o7AdWRNLTxxGo99WyF0Ite/9RjGH4yWWrYbk/gNiyLEVGY7GkJPe1lKKYqhPLDcEBbHAnpwbCsew48sYtsewcxgU+fxX0MeaS79FBgPrpgcG1k0DidbVdsi0RZGo37fEt2RkjbUIduVCD4m9PqJmq17XP9D/Sh2cQPIJtFWnhzN6egKyqN+KDX2xvEMMA8u2EqQ1gvhstLgDKdNjkTtrYScwAOQGV+wdV5ra9y7tfAnBY4k9u7KnFCIm9I+JSiF802KRSTF0p29r/t4lS5ssaHJtyFAXqJs0ribGTYIbtiIua+DU0bHUIdVj4BS8Cqid6qPNPUDe0MbzDZzqWwLH9N5a2AYG0EY/73zd1CtrqZrg2sAAuJbUv2aRf683ZoN0YMwaihnhNuO8Y15uyUDPNB89XLJkkS+2AYrb6aqfbkEJPFD0JQMD8DbIbOD0Ctok4XPNJmvjJXVy40TunOSLNU6erujepKUJ/fcvscQMX/mhdaB94En5QVWUdbXTaZGnT6LVHDjdt+TOK+WqLpWrBvrqGzh9AIU+CNqPLoWnx9QMnBoY2PFCqDjscFnffNbvjyWH6INLlgykRZxUB6VXigwXOspPbcIbwlCe/rHIaDlBo+U2gDdGJg2IqqfUG8bQx+iV2gHRqF9pd7g1JmYt0nQL+JbQHMWsmCNk8b8K1/Z2zR8ysmbgAK9c+xjpX3PRCY/3BOwPqT53GnvgniXhE15FRkNGBYaMULRgamJTO1oxYHKu5eFW9X451/0e737YHxQYVLtkyaCAb9CS2iWTmtobJwd8lsCSrQbDkvqBtT7Z8jGcf+5Ob2zQ0mjMUjsVl0EjU30bNHJIzD5iLG2eQb6pkxRnUR7wl3r91mjinurvuqzaGWg86D21syWWL6BsBvBIXt8g6l6awCt4Y5ZSaqZQkktrwA6ukHVW3oB9jILMvdRSuGjWwGmjVAGBNqoKQ/3eCPUsZOL3Uxu6symCJsNBrHFEjXLsQ5O921AkHIK2q6VX9iauOC+lVxoTV849XhuAtvIMGfUDOt1Zn5dYAzZfr7Asf9nd1sX2joY6nimNaUvV5rb3r+G8RN0jXo7u6ULgvvrE3CH5QSoT8JJLLAHfwUDMEopp+tfs9faJ+ixWcG8Y7qkMUasBL3ow8AamvhM5LDHcJ4Zd9DwCXyq7dM5dChfPKY9v4JJaVbs6V0vtAOqmfnvd4B5LAKrnVe632gK0hvtkl6Z66qxB1Ja8fuWOwdGYifrjmOkLeQPl9fav8YH3AWsdIe/4Bvqm0saO+WoHyG4g6u18uqm9uXYAdXtQZHqLV1Vr2CqiPV/XfryGN4KG37I0OhW0OxbJgxr4esJrZWsZXaNKqdSrWhF91yW0KudfPyfFxD0XSnfI6POOOuUrXys9Z/ija2KDQol8lOOLQ97Oh5XfuHxJ4jJ4h5u882gvQXDF1gBePGJrBC8eNaYG+q2KXRaEfItH12wjmPSvrYhuDcL1ml0+hCLyWULP0pP0wEcP0BAMOW4jWvl+764IhIfyVV4+IR9f0YSRfE6bOIfRFU1EOWdRXpQtvyiCCFzhlSuRxN08nNMq5xrlc/LPVkQrFtFpItpIUsRAjMS7FdNT2+DMcxihJIy2G7ARe7fCUyPl0024cWtSxKvc0Qh3RJQSLr6049WXjqnZbkDwmLyFF1XQH5BjI0iyGiwE3jGWxksxX8ob3iUW6n9j0RD1UR93BUGNONLscqe+83vYzL/R5Z1/Y/LvDsH+3F/C5tp62FwzEzZXz3B5r57RMDtlzi8cztSrpsNmyjTYXDnV4b1y6sJZKcnXueb1T/bfAPSrwJfjkYhDIXyZml4KKQ/paDUdpaYj1LRaTUfiwfL9VWo6XE2HqelQSOl9Q9T0EjWtVNOLlbR9Lx68zWjp1c+FB+H+8pMD1XSAmlaoaT8lhSf6bzPDE4NwBJeBbEO4XE37qulFkNIn+qhpbzXtpaalalqCe8r3F6tpDzUtUtNCXCCn3dU0rKbd1LSrmubjgsgpEvrkUxI6Dtx/nxC6b7Uu9NBKTWgVcDdwz0o+tHK1EFp7LwldvJoPrQM23ItX3Isb78W+e7HlXrxmNReC5F5I6lfj1Qu50J13CKE7FmpDNzfwoZuAhoVC6LaFOOQtcXqKnc6eTlsPp7nIaSh0JnV3CgVOLuxE3ZzZOabcHHNeyJQfMmcGTMGAOT3D5Mswmy1WQ5JObxBErYHjNQaEiaHcvNxMvDjN6BFTjE6L22jjHcb8Pnl9cvtk9wn2yezj65Pex9vH08fZx9bH3Cepj9CH64P6VBeNxjHbEDRkdEXMjiEdVRErCg1p4nwjY4WhIbGk6rE1WzFeFoWzMbIYrHR0jF8MhjkaQrwxY2uacDK9vNC7C2GMYkNqF94VDYXSYnW0E2hMi8YK6c6KtCh014UjYt5ARejbfq7rtL81N3tgLG/gpFj+wNoBnW/CSoLgbvilP9+a1w//xDyxcqjoN09vTaI1rh5ZMSSmhdBEWz02lhKAg9fhoBgODIGKreDdINrnuWVRGBcKV8AIDwnGjm3nH36kcqb9k/O3Eke3cD+SNih3kpNwbEDJ5Jftn3Br6FPK3T/8kxih8vSgDZ1Ah+XTz6qXHwK2oA/Qrd+dA/4lHvHj3nXeUxPA1AbjfHm/K+xV4N7y/sXYDsb9Rzg6IR+noTj6G7ahv6GPoBz70RnQkp3oNSxiHpu/JePHOr2jEdfA1vStBTgEvwjcRDp6Dy1Fq9FCtAJdj47Blf9Bu9GHqKVTPgF5m0OGo42wswquKznQnya0Vb1tC9qBXoc0hpbD3d3R52gXzoTcD3yf9P5JP3VoGpqBroMa3QRvXwQ1XInWoAfQBpDPJrmku6AWr0B590M9/gCS/TM6DiVuATm3onaQbRI2QUt4cBrOxDng1rpDe/UGNzvwX16X/4gfYWW7XujefrUwqb33uZMjfzx46HewU+U4eIEgMAHYhxDnAR4Hu54CfIaQZlkHwtwfRuQ7MftbWAe0KmhLgU8Vkmb/POimnI++ANiMkOHW7+H0+RirVQ4xGAwGg/Gfgwn6RNNSBoPBYPys7PtpmEu/hdMMxo/DcjdC1skI2YYjZJ+NkGPKhTjXfj+uOQi5l307nuMIJR/rwJuvkNr485EhqLQp+KRvJ9DtR3JSIfjC+WQHEcrp+/eTu6GDvMq/j9DxH6brBoVwOkLdCzso3IRQj+wOeu78xyl58IfpVX8+vWd8N30zfzrlLoQidQoVpefT/1aEBpZ9N4Oe/HYubvl2LgFdHqI9n2EVP47hQ38eqld9PyNP/zQunYDQ5eMQim74aYw1KIwbgND4ly9kwof/XGrHfDuT53w7VzQrXAm+Y8rhDqbefT7TBn0/0yGvqzcpXHNMAVQazRx5IfUvdzCbIHTdsg7m7P1pzK379+WXb53PvJoObjx2ITcXKNwCz97m6GCh5e9j0aAO7mi8kKU9vp9lz/1jrBjewcoIQnePvJB7Vv00VoO+3Wv6eVm76ufh/uHfz4NjfjwPHVdYf3MHj5Cfh0ff+/nZuAChx3b+63n83fN58vEL2RQ5n82Lz+fpih9mK/QP2+adz/YWhWcMfx87r0GoKfL97JK+nxcndLB743ezd3AHr/AI/ab1Qt5oOp831yD0Vh+EDoKfetv0DT68kN/7fn7+sE/hj7EOPpjxz+PDM9/On5f+a/lox4V83KTw6TiFz9ZcyIll303LvP9d/mr5br7apPA1xAStn/042rJ/GvG9P572w98JJk+fjwb9dIS+CGt9CrobFYzHFKy+87HNULDf34Fz9vfj+vTb8Xzx7aS8/tNJs3w/GWXfTma3fx1Z676d3PSfRhf0zyeU8tPouvuHCb91IYXk++mR+e0UN//89DrWwUXT/34iN/57U3H338/A9A4qLT+NwYP/foaAPIduUhj2W4WqvA6qd/9jjDisMOrQP8bo0wqXPXIhUWDs/X8f41f966it/fu5olsHV1Z/P1dV/vOYdux8rjUhPBPadXY+wr94TuH6xg7mp/wwN7Z9N7eAHi/YdCGLCxBeOvSHWXb7j2flye9m1RqFe2dfyP11Cg/Vn8+Gdf96HpmM8Mba7+aJBxV+tQPhzVN+HFt2drD9H2RHi8Kz7/5zeA59Py+MO5/djT+Nl3d+P7/p8/Pz2r7v5vXXfzq/ffm72feVwsFjCoeuuZC3oY/4/QKED79zIe9uUnhvM8IfxH4cH36G8J/5Czl66Mfzsed8Pn3hn8/nv/1pnBzcwV/e+X7+hs7nfz74eTgL8o1/9d20f4gIvv1CuNfOR7P3H0Ns6UB36/kY13Rg2Xs+Numfi9P2n4MrpQP3jf8ckmf8dLyxDtLnfT+Zjh8mcPgfI9t3IV2qfx5CtefTzXA+BbN/GoVTGAwGg8FgMBgMBoPBYDAYDAaDwWAwGAwGg8FgMBgMBoPBYDAYDAaDwWAwGAwGg8FgMBgMBoPBYDAYDAaDwWAwGAwGg8FgMBgMBoPBYDAYDAaDwWAwGAwGg8H4CcQYDAaDwWAwGIx/T3pUMBgMBoPBYDAYDAaDwWAwGIz/q/TcxmAwGAwGg8FgMBgMBoPBYPzvU3yawWAwGAwGg8FgMH4ape/971D2+n8WF8UY/wz6lf7fZOBlDAaDwWAwvsnFdYz/i1ySy2AwGAwGg8FgMBgMBoPBYDAYjH8HBh9lMBgMBoPBYDB+mKE3MxgMBoPBYDAYDAbjP5nhfRk/RFUzg8FgMBgMBoPBYDAYDMa/HyMWMxgMBoPBYDAYDAaDwWAwGAwGg8FgMBgMBoPBYDAYDAaDwWD87zPqM8b/j1y6jsFgMBgMBoPBYDAYDAaD8X+dGguDwWAwGAwGg8FgMBgMBoPBYDAYjJ9K9HYGg8FgMBgMBoPBYDAYDAaDwWAwGAwGg8FgMBgMBoPBYDAYDMb/j4ytZzAYDAaDwWAwGAwGg8FgMBgMBoPBYDAYDAaDwWAwGAwGg8FgMBgMBoPBYDAYDMZ/Img7Qnyz5jjikIjytiK+CZftiCIbFmEnootirlKjSeIrUfiErVf4BAqHkKc8VNC9yOq3Zvmt/u1817bryMm4TXO8NWUD/zjSoIntn4k2IRPpkR25UQDlo1mRfG/ogajXm82Zkh6ImkzZnMvjz34g6k92C5ztgSgnuh0WR3CpR1hqcbqa2lsiFpfDkL7UZfFwKDe3m2Gp8n6bu9cJa69w6f7wCfgt3Y/KaXHkjRUuh6w21MsThuLZexQXFbqcDiGQmV3iKCrs2SOQmYUDGF9wPjuQOfHtHZv3vLP18f/6YN3D9z/G/6XNepY7IbUc3rZ5z+HYY6+/v37DpRc/yjfs/vjgsy8cfWfXH5r/+PDXXwqms7V7P9q3a/dHv9/1bvO0WQhh1I5matz8Yqh5r4iX03IarYA1OkHQ7I4KIBiNTiQvcpzRQMt6oqiwqDAcBoFaUZFV/vWEwwXdsd8asPp7+uGEX+OWJhySxuGNh/AjxCpNwI+8jTdK4+BN9+Mj5L/JK9BqjkgSwSejBCENDkO+iFYfQwbkv+NbSRU+coyWrK79Y/wR7gMls0WSkrhYNMklbAGZItqWJZ2EUje7qnrGjNHDZ64cUjv5kmETJ8PT7W9J7VyzYIS3JT9LOAFxGJFd7S2IQBP0gleW74dXYj/mmuNm6Qg5KRjPfCmaEGjX8PaP+Y1CDkpCVpQVcWgN90W1yZzlPmhxzR0mk113R0KxylXFsluQ32elG2wpKrRaApnDcS72EJf0oXQy/iG++OM/v/85OYHvxk+2fSbNl6KcJf4pySV5UMsXEeKuFMLwtrSIEYsCEoUkfCchep0i8degpIVUxqC8giBagyXcldLzfQ5ejm2vC+Gvf8e/0mOUDjur10JeV4NdzIKSe1FRJCVZy9k4dH+U89iM90dtIsbOO/T6NGTmwq8W0awLw2oFqAb2klvR37NHcXFJcTFVPdEKEuZBwoIoCLiZrDzbGn1w45rrj72+8834p9g0fNWjD12DjdJfr7vh9afm1D816XcbsO+2EwfnPL/xuvp5UJp1IMeZUJpMVBPpikhykk6XdF9UpyMOH7kv6ku2mh3m+6IO0WpNyky7Q6MJJrnvMBpTMlOSwkVyAWUByPpBy2l5rTxhK3JieQ0E7yoqLKb2EOhZ5OtUaIvG6QLl4P2ZOeseOHDb/c8+tqQBl5568J4Nf/wA26R9j7wsvSj99dTdeMScOVfPmPP1odemYP2oN3dIB4drbG+s+NOZKtADP0jzMGiQAfSgLJIm8kkmjPmTUYzNSONBAiHYYNKcEAS7URuWC1xUVEiFWm7r1Us2EbAP2nBFTrAOkG0xKgEZC4Q7+/770nvxoX/A19dKM/Gagu2CsS33c2knHnyihXjeasslpWPaEbWBp0CGs6AMHlQV6aLTaa3a+6JWq94N1/Qc4tzcfVF3st50f1QvGJDBcYcgpCCzLrxfbeBEC4P0fjNxwnjF3yAwWjAgqyI7f6Zoh8JxSmMjf+ZTD++84wFp57z1ZVyP+O9cowZ9hEXpZenUn3Kxe/Ki6/5i4y6XvpKeE8+885n0B1BedFn7J/wj0M7JKAt1R6MjofwTpuwTgpUTTPCLHCd8vqKUExFk5QKBLl3cOnfaSSi0LnwyqhM7aaAVytwLe8Ipsm1ZQYTQ9L0sJywnZNdYkp1NlROMnlq9KDdvIDOY5UioQKZg77R/2YOr5t7ScOyuZccb7/rlykekt06flt7C/W+cWtd46+QrGwqmVQ+7Zlr1yKvww4sOde+9c+acF6+e9uLsa54rLvzd0t+cOXPkmltvvebKRYvIxZfeMLemZt480AcDuKu/QluIyIwqI1lm7u6o2awRsE1jEwwPRQWOaLWIg1PgNpNEvd6qMQjh/YVQm/1FRbQy4B4B1f/LbVHQ3e/n4Bf77Vx2TkAQOc1fpbVz4vtnS/eTEryAxKxikuDciq+QHgIduZQkF40eUB7/SOkDBU4ujQV1iThR0iraA2pXQe9nTDImIZ63IWo7VBfD5zwVOGjZUXHWokLUswcKbCdurpdUKN3z5o7PsUH6FFxm3CjdJw3j29vM2HPqE8xRPdwGmzbZm1p24gbCccQGeo7DJxTHhNuknYLxayodjALtH3MZst1kRWyCltOujHJ2PafRoAadzmRU3Bo1E9moIQMoT2YOVUcr6GGG9LF05hd1l804iQeTWmm/1JSLS/rhadzDtBy0549A3hrwlmbMQ21thOMbMEKi3JNYTtB8qVipxfGRtusgl/6C8SxWnxZvg6e9aHAk22lAWostmV8ZTeashpVRK+cStXxysrdBa0EozWLT682NlvAJaD6rLEco9P7w/l7nTKqceil4lbVHCbQcdCXQgi4nfS92uYuKZVu/yKhNt0m3Sl9LN5kCSUbpMG7Gw/PMYoYfV+G3uc23/mZ14dl3+MzsX7/yatsqaOKaOVMaxnOPf/1X2hONbP9Y6AWWpYeYBNo4ybwymmTnnCBP3mawGZAgJH9LG8u9EZK7I4QdtqJCW88eJJBJRuJf4fF4KF4tjZV+LW2XavHY93a//O6hPS8fIV/ia/Ab0iDpMWmNdBF+Bk8/Kv0Z2z/9EidLzbQk/cAPpfHXIifKQHdFrMvNOMmSlJFhdVntyIWtEP7sjQzwpFW6ImZLhiVsmWiZadE4OIvFaxedeu+9Ub3L7Mxwhp2cg3NGksyVTjtnvxf6QWe6VZtu1Qi3iaLf6bnNBPKm+uEuSjj9EPitc8ES7KfsD00YD7ZEzam0oPt4O/gEHyhOzwANBXpasrJoN4AFp+IMej495GwUH5T287Pee+hFPB8XvPHaFnztlksrr2jkzXk9pHC87uEXtt+P+/bo8tL10hH3or5Dl06tonUeAXWeBnW2gvRn7UIaqGJ/g7lSw5lxBiYGhHEm58Zro2F3uXuLmzO7q9wT3ethV2Ph3G7OoeXujWpdJse9UZNFEKy32WzJbrxQD375gt7XQ2s2K4RgO2E8rTTtjW3+whKnEJCbEqzVSSsmiPy0eK4VZz279N6/SWek93HpF5/jJOntN0Y1WjDEPGNOXIrzsA4n4SHSR1/3O7O4HvS+ENz0CKEBOaAfy9A5tQaN0WhYHTWaEbGR1VEInKFvNiVpRA0yhF91gzJ16nJppOcphwKBW3U6lb4MutueNABzcyMqej/e1ia9uGvXV69PqdBck9J041/a1nOT/rLsxaNOWYrxr/m9IMUUlIPG7kICSLFAb6oUtEiLdRynXR3lUo1Bc3B11OxKNrvTnemro9B/uz05HFqo13fR+BfYwF90KAXtv8rVRJaYIq+sc14EGp3qAulJxeYu6unHco+gKgS/V3pY2tm8YPOWp17R/OKT353Fzj/vm6LBFdJLC6+ce8eCa2csmSftk7ZHsKNu18ZxL+K8VuzGw9YvkNJn3LvriZVPbFoMEr0H/NDTsm4URbw4ycCbeaiARWdOcmInWogN2oVJGNuTFJ9UKLulclWYsney0BJRX+EsovrLPy3teWncPOlF3J+/4XNcT6Zhw/KZ8Tv4kbE3pVKkvJEbzV8JfU8gYkNEdGrNOgvBxGhBOmGhCAr1KkSK4wvLy2Wfmt05f2in0b1Hz7hFzr767V7pXNfMJ++Jf8GPPPgR9dgh8Njpmodh7BOJ+OxWYl0dJS6dTjQJelEUVkdFM0JGwSjoteaFfGIUkGgMZRSQcOZZoLBWWT+y5LgHxislXPolq6QNO3fifm1tS4vLjLl4NtH95a/jpK1/kbpt9YGW8P34SnEheDo6ouse0REicJwIXQ+BcdVOQjQakRdo9C7I0bu1SE4QlAH+oLac3x4AxIXzpM/+6/O50vHXhBzJj49QQAfn85Xcnn8g9wDkHrBze/7rzRvu++3r8zrljbFO+oKsxTrIOzOSxBHoIKG1aMbbIWOeOq1SiN9h2Bfer2RF1j7yxXVYFz9K0qHmuLL9Y7KTnyz7+IyIyWBzCchi5pKcHJfspOpD5QstK49XEiMeMD57p30sDb1m+vBh064eMvSaa4YOnT6dnzzp4oGTJg8YNLntd5MHDZhM90AOv4B2/oOQJUdqg5/F2OXSaFKMdOiaYjTqU6DtLfrVUQufFghgo12rzUkD7YDoRY5haFlUn5Wyn1ZLCWjk4R+UQR41ZKsRuByiCYJT7FRIMlg6M3zc9EFTJ73wyPZ9H0tTG67ufRst77Dp0/FvJlx979DLZ0YG1yzFPeoObb/u5asunTTgD7TsV/QfeAVIt0/7teLrApbbUI/qtvIw2B+1M8rzSKvVw27EGEXaiLZaW6/lMzgtdEjbPamVNH1Gb6mEwIze44pWoxUohvaig0gTQdWoEQ55hMLU+cLAgnY2nQbkYD5ybAw0CUu/njNG825r7mFx6Zk5ApbelRZIzVKN9C61zrL2qPhb4T4o2bqIp5xUkYlkC+H3EBh0WggxcYSItMAjIsnRPTxGvIUndFPAV/ONfDMv6DmeljiYU0nTZ9IzK3mkp/fbo1oe/PYANBq9g44h4TS8jN7pD1bSNGLSOyp9qADVonoEeaLwxFmh0PhZheeqM2u8EvHD7vhZEPbLgZHyW0aO4wHkWDyVm3Km/johO35YOhrPlI7DK0qlr8VXYVRqQpsiZo0JxsXYAoGgaEzSJTXh6sj4aJUOt+vwWN3Vuvk6LgSbO3WcVxfSjdU9oPu17nnd57qzOq0uEupWqYtkd6nUhcVysUrkSIaIt4gYIiBxorhe5PWNIkaiRSwQN4h7RY2TE0VCngdbBOvEg7dGOTp7U2pVKjAL/mZPHB+mNZw9azatmE3pO3vJIy1eI6Ksc/XTGPAAPOgtabP0qfRC3CcubVvLl3za2oazD57dJKTiFOm4NBvqmiqdEr8QuoD9vRSxarUaSwR6eYtoNGo0DuSgZbEhBx4W6RHVTdRjUqWfqW/QL9fv0WvM+gw90Ues3kq93r3FjMvNVWaCzBZzrbne3Gg+aBbMtI2svkCl2Wy2ZdiIHsbkbuRuwsMjWVEzBFNVaDlaj7aA60HlcNCA9qAD6AhqR1oUycqthAaFup5rwSI4Gj+LjhzGz5o4q4hKhgoAPERRyEZNkaqrIBY5S3gsEhqZI4hKkd1fL+bHe1WMrX0dm/DNn7VLq6VDkiQ1RpaSeSfboPJSyxMPfPZCi7ThOM7Fg9t03G5pj/S3cZvxQ8ROe/Gydru4WbgXNNGDVm11u5rw0G1RYoEkkhGtcje4SaMbm0k7IXo3cROd3WzFRs5qtdsxvSctGrbPtDfYl9t5n73AXmvnkN1iB7uwG2BQ24RHRszRA7pTunYdV6vDMR3Wqfark+vfIYBO2myVo175lBwuiX5OEER/dg7t5u1guKKfzmiIm1vfMfHv+ZI+flWq9nQ7+NrBTO3ZzFJcYNKkxo+3Pqmp4bccbWv+aCee96TuLH6M23f0bAQLoBe57VVis7AQvOVvI119+hXQ1HqDQfA5VjiIw2G3JydpXW4h2QqBjM9d4I64OeS2uImRc9PC54Qq5dSfpaQp6XIa0TvclVq31o2sVhBfFRi4kdRZV1k3WndY37Ees562ila18jSNJIOB11sbrYRYeaowpAGKFrG7VNUolA1+FrS/PIvjCYNxyHY/G4LkXsocHTjp8cpWmeSBX5tdQ7gc1VBEwpXY7GQcDmKEfY8+gMnad94hkTOVpEfzxo0tT90pLPz6AyF49r/Anp6YAW5vwBXStdJJbMNLa/EhfPsM6UZpLdWSdOmv4nHhLrBdK7otooOIRa/XaKxGMzUiIzLjYTuiRmOSSA+TYMQ2PNI9mpSUYZ1pJWZrhrXKyjVY91gPWI9YeWTF1gMc5qgtIs7CkUZuBdfCcRyVTUZmJacYxqww2MPsooSPUAwC6kqtQqksFhEWRMQRagiYm4ILpbfwZZk4nXSbMzj+rtQaP1jWSCI4l3vmbF/x/lIYC7/z4Gxchl+TqqU1YAHj8Fd0luNG8BKNwlMQf9EZ4j0Rj9mYYYRRsManKdDAqMaoMWpg1O/Q00YtjlYlYWJOCieVJ3H66iRckISTkmwTHTMdyx0cclgcBTSpBVXa4Njr0Jg5h9VtctNHg1FiMiNchSbKzqAdhroImXymAlPMdNDUbBJaTNhEhQB9hJwaLZUmJLvEIujGrEUdtgJaEaY+c+J4xVNS7ZBHGAk16ClvnVRKfmsXAj3dFFxAPoOura90EHiXfEa+lPril88OxS9LfYWnpHVn1y2J30gWrOCnSl9I1TgGypgpfSIuEJ5A+agpYklLT08xB6CzCARSdMkpyU142LMQGFsMNqOtCfcBJ4qMWG+0GI18ln9myp4UglIsKb6U2pT6lBUpG1JElHIwhZhSXGZHhoN4OYcD+mfaEdqi5E3+LE94vo6fw3OneUx7yojB4qi08D7oSTnCy70frXcnh0kdhDydWDpBFgOcL1IHNfQGuAA9h0bxGsU2O3jPEpdbzM4hiuO0gkOhJ8CfcH6OmOD9Wlvp35bVX+7PtMd328M7lr76zvZbnop/sqyWzB8VH4enTFv06oM3v4j9qbhHkBsddmdM3yBd/tfZz1lDI/B+XL91/ZPzduzbd0N8t/TY7dW4gTyGtYvuenLFrZvwbqmi7X+kxasW9NGDXPPb+4nvCLtg5PRQxKhHBmziDAatTdRCIAGG5OJ4iGmGRcJROwRBZr22t/YBLWfktQ5tUDtAW6edo12lFXnYvKrlzEhbqyXpRItS6DNJUfcBhFvUWALMCakuR05NDtm5gFtR4ghZZ0CPqBRl2XWSX1HnkCI7J4uKqiPCyOf6xNeSqfFSTuw/GtvGjHmJGxXvRubGl3B9z9QMw3Mxj6dj7YLGGxc8MgaGs2ukNmmJdJr6kkqwty/B3gSwtsMRfRLSgVLBKNVkpt1FWrTaVGsiJlOGPqwv13OcWY8NRj228HqDw0DtyBN1izbwpaIVO0FLKp0hR2/Hrx2co6n91YjZdMloR52D8A6HIyif2xvJNTsqHXgiBO9mRDtj2i+3I0GPIKL3QXS1AWnSIQTSaJToRIMrvxGdUEMrUrwS7Y2hc6LOl8oqcdET7ui+aLyikXtnjOyaHI0gckF6Iis7h1uBg9J0yTZmGT7GbcTZbdKnE9rSD21agt/muuJcSRv/gCuZe4PwVEzSSjfPvhmPi2+T1kqNmx7qo8/HwdO869X4byVHePvjcnTzNfjkrSgTvRMxchyfIYomi0VnT9I14csj1ihKsiQRS1KSxqzBWZxfQ2Xnjpp5bOYz+Il8A7+cP8W386KPo+tsoyKGKAL/5ff5C8AgVK3xy1EOyM/vRh5QU4/HkWZ32GlWrqh3Poj9fQcXdLzqeMdxzMHXOTAV+LPp/sqYAxOHarXjz1MrUD85zkHnJkboFTU6t1KDtsrT2FkwzsjK8uWA+PoSGOgi3EkPEXYV+cTjPbJ/I82VXpSGbhr6wvWDXrsk6HKSS3FD6xnSWjoZ6xb3XUIkyRS/Yckr5L6qWzcKothS2Yz7XLI5KOKZ+AZsumr5zS/XV0hn4p9J1wwCh5zdzokfCL9ChagYlaG+qAI/90wgECoMh5rwxTAQySpcX4jNhdjGocImXPZstBxV+GVz7ROxRC9K5/tA6AsxMNygldcsDdFUrVevj9iclSXQgZTCieKSnmVl9IShjJ7YFPUYxqKr0XzE0eRN9Dk6izR65EVDED3xPhLmIJzBYz39C/G9+SH8fP5O8JiiWZuhJV4tvhP8w6+1XAgcxRDtnVpeG0lOr6wqwSRcUl5CzCX4VEl7CSmJ6E2VhkbodsOGcgPJMNCEMxvaDURviGRmVYIjQry2xGAogZGJJmzp2rU6XBsm9eHG8IpwLMyHZZcSrKRpxAjuOew2Q9dv5SxmWv9A1GGx2RoseywHLEfAc1sKLNWWWku9JWZpsYh0l1joeAxUAIwn0fBK92a1yXNTYTAjOhKQhwHQucF2PMQ7syClj4Rks0skVH+scoCsLMgkzqjDPOq+ep77taqpU/6Vu0Z5wgvOOExEiS1L/JjeAOcwJHTV8hFyuO1pbiQ4tkPxqWRt2wvcAPBVg9qeIw/G60jTgw9Kp6XRg+7qKz1vSN09YDqJ52lulqZCV7FKuoavlkbjzQrxCTvGbR6HHx+z49Zbd4yRxoyTzuyQHhxTNu6mMnz97bbJ3MtTpkyJfzlOOjmBjjl7tPvFt4SeEJGv2673IA/tJS1RLQQPEFsgB2+zORwWZQxJvZzq7BY4Vjk0Ttnj6ekgEmIRkkHguJFaMk2fhTZziLK6joikRqkfWM9v4Y8ofqCcrwKncAAONbw8bpYdmjJynpA4VOdqZZkrg5Jzvw6BV3rbnlZ/D25ovFK4Pl7PpbcdfVR6Q/oqNX/zpsfbdnB34aU4VTomzQEGv/GGiNfcb3scL4V+oRtE5YeFkByHbd1qg0IOhlpn2LDZdsB2xMaZOJvOSk9ao2ZdlQ6cuQ6HOJ0BIVC/IXCrTSeAiLKoWyc5HFK1tXMH+KwROsAkjaChD2RGzUKGUCUsF9YLW4QjwimhXUgKC+VCg7BHOAAnBKGzGEKyrwfvf87Rg1yQOr9Lla3Er4hDlKcVMGy7aYrNZ++8S/qTWHzWnc73G4wrz9Ro6tt+H+Yqqg7xOrpGv+9sSzviHdJzEA2lQpTdDB49CWrgQvm44ZnkvLxcby7tl7JRLjRaXjSYnp6anZ2ZWu6d6J3p5bxee361G9PxScTd6ObpBLVL57JYYSBXDiFnhjVsXW/laBAetnI2ayQZRh+014QwPAuGcT7ko7lnIh/kHowaMwwTDTMNDQbebKC76w2nDOCLDD5DgYHLgihFp+ung/up7AehKLLDvgPZ8aBIaTTDHIZRMrfFfMpMzLBfbubMEZun0uwIO8ohjDY7zI6kqkycKUf+mZZMXyZn5TLlZgpU0vQZj7cyEyUpDc/xvEDjZFKNakE75EmUXKU10/xKGDN+fGEhxC3n5ndmqQNH6jeg9+7cgXcMqemNsj53HM+Sh1DgQuSlvMRQg6q33N+AM7AHS9xIk03nIYJZGpe7uMQtiDx07cEsqvRB6Nt7cDm5GTi3YCgnnJlrwEO/elc6Ku2t4GN4MNYehJj6PSn/tg2br/7i5kdxAL9XVyEFpMekJyRnYT3eh4sfm6/ZPnHgmInr26SCD0++JrV9NoFUf7bveNuHv/3ogUePrDv21OMlT87td/rU8Pqny55+6vdIjQCahfXQGtdtT0J6I21JPUThI3ZE9XpRDmdECGdGRpzRKnGiOFPklAmZiMi3iFhUDYSmEY/VWSk2yDMUHBU4nUnjq+EdsseWvfT484ZidKThEm0dIzDETYdhpmMNObCuMn78w7fjz/Zdil/CK4X1f3yzbYz03nNTsZWsjD8jrZ4Rw4i8C21K52eahe3yDGn9DrvgNsjzJ6lRkwkjrVaDMQyJC1C1PAe2AmlqlbA2EgzmgAJYDE7nAQ3WyOqksWhqNfWaRg38rdC0aDiNbLuz6EyvHLqNL6SuK7FOLsdogki/vIARgU3TyY/hl3HqwEullssnZZe14UaixfnEEf9Ceid+Rtg++jcvttq4T5ffufEwXrOWzIkvlU6ffZ0vRXJtPhcfgbhWD0HmSzuFnHBGftf8Jly5I5pmMKTCTkQXNRjcXbVarFQjK41OAy3veqDrka7clq57urZ35SxdMepa0DXSldNzXTWanKwc2opZKAce10ezIvbUyqwsu9tOQ2VX1HnAfcrd7uZq3bjWvdd90N3s5t2qw5dTcPhuZQiZGDqFEnqvTLqAgEJU+xOCkYUjt+554rGQRCdZbINuFYZMgo7ApWKbzR6AThOvwoaLo9KZfhcXBD/V1OEyq/WKx6R1ltzFU8tucgrS49ukmRwpuuKeSYNuveGBMvIkP1V4KtLyXmsNt/raKV/eihe/J/0+3vrCPX1XrNMV4Pubv8BzpBd3StOkJ6Uvpk5etgjPx1vxSy3HQc4uGJUeF1aDj0xHqyJJRr0+RSOKKalUUCkoFQZB1uiBFJxC9aJRHnpyKaqToWmkGLxMSpLTmeHCW1y4wNXiIi6XB6EMKz5gxT5rtbXW2miNWfdam61itRVbrRD1WiCYLaUeQpEZ3aFug0az4HdUy6DHRfICH0cNI1s2jGJkoyewOvK02fgd2INd6/DK4MH/eWyqtGbCsiF4/Ny2YziFePD1b107rVraOXdo+yJhtXSLdCIelNam7P6EWKUt0sQx04fhP5LhpF66CtzJ+H3Lb5XKpQE7RuM6cp1qT8eF+1AGCqEXI3pw1nnZ2bm5WbZzc53Dn4nabF5vihIApIERabzwm+XKyDiQhbOoyHxZBVkkS/UNWWrnSdNIntVRmeX3+TwwKHNluKpcXIOrHYRH56x8rgJXvavRtcKlWeHCLnXK2wW6B64YJGXrBaKhvejskBzuKYOoonBCKzvmOwsVEYLwNH6HaKEStBf3pHoIg3bRpuGyc8BIO2vnk9j21f2PtyPM89LuwUtbtHzl8NKRuK4VV+a/hS+7vXqQ9GGbC9sqJ0gnK6tTK09yY49in/RFy75r4oektprZR/Hkug8q+s5Zi214Q0Rae0w6WhY5u1dcNrL5UOs13Ib66TcexYOpjQelv4DH+pX8PcxXEV23bjn5WaGQL13uRNOhEx0KypcecadWpqdbbGYbzuUcNhD2tqgulcYcZVG9Dut1ynQ6b67TzdG9ozum46t1WKdDrrEOzNM/h4MOYuc4TjsEn6PAEXFwchwXcdFALmdiNjZnn8omFi47GyVloSyaczDKNfA4wsd40syDJATqyoniOuVFkcaEM4c+8xtjMuoEJo6nPgK8wCw6Fx9S4/PODsPaS10TUjpFqzIvGxCFHHWOpcTulxWe+oTODUQeIcmhvjh7cAE+2fahhtzrFVbceXvlZF9wxZCBFyULBmlxtjQvcv3yu7vxcUnCKYPGSC0Dh6T0Oam5um7xyF0L29GZuCO2Q0Pwk3N1Gf3ux9Xx56Xnp2y4AWeAKb1KCi47/nbrfO76a6+a14JX0HbySH+GdtoCvrgr5p4x5xksRkMT7r8j2sWaAzHkQBiG2XK02nzBmOV0OemJkmimKy/DiM05GTkNOctz1udo6C5Z7lrvIlTdw64G13LXKdB40cwZc1yuHCMXSgnRhs9HIYiAfFGNpiq/IZ9sycf5ET10Svn1+c35Lfm8lcv3yzNmAyNp0YbU5anrU7nUVOgFUHpGCm5I2ZJCqlNqU0iKajZymuqrTFGCHDrbRxfqZp+LPOUxk9wuburJVVdO10qU+UC5uZQJHeqZVG8eUJoDl7jc4MOLS8Bx0yFSCTSkU0aADXaLQfwI1g4bL1XXePJa8eEFT7XE4zpfxv/gi4qkFjykF87rTa6N1xRymW33paVzldLKr5dJ9wtbBv3lw9ZLuXXLbl/3Ll519tN3+9a2vjd24rFtzS0tzduOjb/8kHTHtC82Q5ybDj3lMeEJaJ1UlIu6YW6nkIW12qwsKswgysIDIrYoClqCxBwM2lA6jLnSM2mAuMNoqfRl0skKfTSU362Lw2JxGbpQ3+Q0OivzuxgMXfI5H0K5llxfLqfPlb2WOacyNxfjMJqJlkOAwyPkk62iEW1AAgLTaEEwtoCzHvp6F/LgAduhKakPe9birnS5bDYrnVGxRQ/Y2m1kom2mrQHGI6dsGlun8YHcHuDAlLaQewa6kiEPa0PK1HVi8CpPTspTHkq3Yf1mf4v9hIgYHJ0AsWVx0GbD1mJoNCTmFPe0alx26FnwEqzrH21H/S72lEkaFzbwPXpg24qrHn1I2lI9+0vMzw3Ef1V70mCQVrz6yFSSOWHB6colwhMVJ95rHcs9AobyBd6GV8VXSzlrpCbp1fUf/eH3dXNXSmBQ95BRZ9dVbNs2R5Ie/2DyRn5Mn93StgnNuAcC0aVAyx0HuwJfBVLMRn+OmALBoNtC1d1i8bl9ypqQ3W7QW71WYs1O2+LGZI/7gPuIm4u4q93ErfYo8pJJmgniE8Ny/RE9qdJjvR5y9Fv8RM/5/TqvbAVZebI1PKs3Vaak6JCO5p8V5WbyuIBfwZOD1NWJGQjv6QhdoTnVQHF7IFtdTBk/q5PXoz6NNhAdx8o9ujwnRZfdbL3Gn/uQMpTozM/NfXLnNZHNrhHkZQgXXXEha4mlaz/sG9x3HZnQ+tUxjIZXS6eHDEsv24cXk4cfvw6XFUit+LnWxXj60L3SyaXTNRN/cdfwNSvyJIlUDP/9ntZu3GOL5q54DY9ss8B4QKq5NW6RJH7vb+P7avBRnElXKlKkE+DVqN0UozJ8SSRJq00GF5xSkkI1Nxml4EHPRh1O2hhOeQodBkpOZ7JZg82cRp4XSMuv1GiSk4tAAE34UmipAjC/bt1CNrfejVPcmHMbiAGbNAaLyUTXAHdEc4tLi+mArHs0q9REc/aWYn3p2NKrS39d+mbp+6Wfl4oWU6mpNG1mCJOG0PLQ+hAH7jCDC6kNTdNnzI7KUFpJE3hJQxSjiNEK7ZKR4acZe6IZGRlp+EgajqXtTSORtOq02rTGND6NPu/1V6apDViUaJeOAd/4ieMTS4Uh1d3RuR+554L+TJlJHJ+YEKKdHL1CWz8xxlNXk9ydGpZamiDKKwWCbHDBLHrCQYeBNhtdgXS5iRDwwSAfVAJvaquslaRhl3pyz5CnRx8zODIrRo06PqRy/fBlNdA1veVLf+qkEb8uXZx2VTdnILlueuDq26TrekrbccQkPFH92R9aZ3I7fjkz9jKe0VYWXDJvqS179vW3L5sWrTg+fB3fnHrZ9Y0u9/rmM9LN0pkodpZ1k1bv454ng6Rt+CqqE3TO4JjwKPjRfFSAXoskZWYmJ3udVruV6oQdhvkjIklgkF3S3d4uXipwfzTV5+Ozsng+IHYLd8HmLu1diAt1sXTxdanuwmdwXeSW81bKjtUEQ4guXS1dQ5aQWV6gGBxJjup0GHEGxGVo8R7tAe0RLVdNVyG0qs1padg3fpYbuq1CZbhVWlSqttkEORikn+Ik5tDlRkg0iEf5MEdDRCuEe4llLDmaznEqS1t091xf5rfSxXCCazHpX4UjD0j3Eh3Wkog0Yi2+6rIaCP12SGek3cPG9r68JTLAk7uOTMNdavFU3HWn8GhFO/pT29t4ON7bigdIL7RKl0u7br1/1JVvSTFcffi6abW3xf/A1V93xc5XcW7cQJ6RbsOz45dhF/WEHqld/ADkroewLwjSPwG2oayO+T3Zfqrp+qhZwHpOyHIEs+hxYdScjfXmIDYHM4LhYFWwIbg8eCrYHtQaULA+2BjksrjsYHbQY9BqHVijcXgcdJ7dHHXN9GDksXgg8M7gPKpZeeTuyVHpMacb0qlX9INhITprQxoMBwxHDFyBIWbYa+B8hoih2lBr4A3y2qK/0nDOoAo7TfElXKM6Su4VPrc4lLCpju8Zv9lbQWs4BF4dH4LF+DXQaAGrG1oYr8WeAZOl04OGpxa34VWaHovpnOmnnuD1064bU9o2nTRLxa2tB4VH+375cesN3IJZ1645jB/EN0vS2QkvvGK9fY3oGTOEr32n7ZHF3PFPpdl4GUR3PulvchTuRgFsjGQkz/Q0eEi5Z71ni4c7QGUFYvd4bD6fmG7smBUZujOq12OXC1MdTo2GXeV0CGOB0YqL2CzIDA+ZzTZnki2JihMiddtY269tz9t4vcMWtPWwzbEtsK2yCQ7bANtGGOClpYVE7BUfEIle9IrEiERsIaKoIRqafyB6gJwipIFuagmuhk092UBiRFNNGuUdnqhmRuT2mN3pY5AJ8sp3WBF+x8oJbZrZ575ikg1GCfSUT4Bmy72VMr1tDdDROe2iRNmAOreXOCN+lAyN75CO957/YFntsUbMZ+dxN8frSXprKTZEqqWWkeNc3b4k879qk67RXC+d2D9jDb4Mv9x3wfWS9BWXPfyNF6G3evH2hvvfwzcjiKE84IM+gKggCTmhF0qD0VEXGJHYbbZMfXp6ptlszgTZZmYGc4NN+OJt0Ywcupiij1q8qWYvzuRSwS31fzZqdsO+xw37kSnRmRk4I6M8oyqDQxnVGfUZjRkrMvZmCNUZuDx1ZiopT61KPZXKVaXSaPpUanuqBqVWp9anNqauSN2bKpR78HLPKU+7h6v27PWQjFSPJzWDI+Hc9bkHcjlzbkZuOJcz5KqmJIeJuWBLufotuj26AzrOrFuvI0adjmgsgk8oEDgkQI8mCFpCMC17WnQPOUBINbRpIzTlXtJMWohIG7kZQgF5lKWuSCuzi/JiNe14IFFCwlnjZ8+SG53OVFLjQsqHL6FOC9xWeaCsfIanDrqyOsXxGnVZAysL/k7a9uIHrUuIJ9gN53W/iHi+fhBrh1RJF1/iymsS1p6t5mMyQ/kd0klo7hUU/k/HLp9UPO7u5kEtv2uNctfdeu2Gd3HN04fjJw+f3cuhOJo6lTj20lZ2SafET6GV7SgDBVAOCqEwLoh46/NwfRCnpiKnU15y0HMOh1YrGOVZ9oHbosFwE+4LrZuDbZwPWr7vtmheAJJnoildEOnShCORW6ImojjFmeAUNeFgeXAPeEa+KngAhgC+mb4GHxf2lfuqfAd8fJXvlK/dx83Ma8gjVXkTITmQdySvPU+oguQU7PAFeXhF3oY8Up1Xm0eOEBz05RGS5wvySEdn/CcKywVe3yJgaFQTJyQn25GdDs1c0XyL/B3OAYSV8QEMJZQx86zZhaqvVD9WK1LXq5Q2VP/UpSdl7BxKWG7ROdsdD44zq+gbK1FFTiWuPNehqY2qrkARwyp8KC6B3mlJ3/jL+OjS1uBGrB06QSou8+S9TF4lr8b7fBPMPzm3ec2a5rlna5rFZYNajrWO4dZOngDDsgXxFVOl+qmkemrb4ql0vVMeiW2FWD4H9US90ADs2unv0aMw6C5swjURe9RpsZjcbjtKBQtOTU2x90rZLU/854NTzUP5cjcXycsrTauoKE0rpd2cJVqQ1otOJPVK65VmQ3Y6/RHxRsvLq+zYLs/V2i12n73e3mhfYResnF2OVDMyK+25dMHFh3zynKkpqA/SOdO8aO8yQsrKkmq1METU65VPpbagPTTc98kfesZQMwT9MJQLK3E+hPRFvcJFiRGwPCKWJ67lNYKicMcHVdZOnV4vumJwrotLrAUoi9JggvSfmBY5i2WP6gwQzuWm4zNoMtrTFVkDuNgeEESbSE/B0BpOFZdkY2hWObikrcvZSLAZW/bNHYeF3J540TDP49duuP6peQ2xzJnSrtPPNfOZI5Oe0gjGl1K8wZF52a/tXTjhCmnpI5LvTOmAlj4Vg97VlON6acXxv+CrCtcuOyk5pAfWT5eO3bJp64KLHx7NxbAv3vIlLtPrpUOa7Kzaxf2qpOa2+JSlx6Vn8AqpXnO67OArrXbumetn4cl4LxJhPPG1eBr60R7Q8n1Rf3QJGoHG419EPJdf7k0zD8b6wXQKy8jbhlqHDk92D3fT9u0WPTIcDx+eNmrkyDJU07XAn5OT0UUP7lpvtVZWGgvMXUBVugwaFBo4MKmgrAAsfWe0f1m/vj37wm7EHRV61pbVlxFzz4yexMKV9SzrmcZ503bjAaBVRnlpyYgrtkUDEDP12xkdM6ZrKNQVdiO+aHWoNkTMgVAoYOZKq7zYK2uT1+L1eTkr51XneGn6LHSrXk0pV0pfmReln9HSL2i5cq6B28Md4I5wgo8r4Kq5Wq6ei3F7OZHuEk5dnh7feelTddjn+t2EmqhT6OOt6kyasgpNlUbx5PK/ehuf+GgtMbsZnqV+WW9ThinyrcoXbVSxoLcOuEWbm04eiy6nRRNQlCyIlcmAYEki9Vth6/aX+AXOX1zi1/SE5zV+GLcUQ6xMF2F7nFM8cCvcRpySHSKX3oD7L7/34OzdeXdv/WVFsvTJSZvn4d/0ceCHsc9o/Zu0M7MbvuEDs22P9EpmX1z4mLS1YgDOHI5fr5cG9hmGuySbpBg3Tvq90YHvlnjzhD67padmLK3vUdtWfTrUu6X8YluP94Rf9bvo6cUSarpO+ujB3E3b8S+CV82R1orjrp5x6dMFjdgfCH6yaPL06Y+meG+IXja310Q8bVC/Qy/fXCEtKBrW2Digz15r3eyp0vibp+rvyBf4vN27WjXcY7fcfGMrfh3csUde83oYWdD689a8hkX60EUvCONwFZ6JG/ByfAAfwaewSCBmwBPlc1uwQP+Jz0S8Hnb3YIH+U58sDmNNp7UyR/SAiEVZteTFMu4bS2XbrY5KUVlTOTfxr8RsE9UVgcT6WJYLy18oYuWLs2xw4rrDOIhT8N5NY6RqqTke/9u4FeSaI42CeP+T8W3xvdLunbPxE2R4fL1UN+duvJs8/Gd5Zam9N3jpx8BLZ6E3nrX4/aZUeRF/yPZoMm+gRdchA754B4zLHLbn5SVZG0Qpuij0xK6ARwyIdIY4HOUDfACFTQ2m5SaOfncYMW0w8chkMflMtaZ6U6P8GaIWmaBbNFE3PASEkQa9IbWfFYhbgTaAr71wYV0WxuxzX5TNmq2MytVPE9XZ/USiqD+VT0nis4zE3D5SR3nOxKeL9KPfueR0fDMZLd28YE3Z9aTxGJ7QAxNSOn3wmlulG8mY+OPkqzNfcEs2nuYKWnq3YPTbdRPGjFyLa/DiodIy6asFU6trNv62HbW0I2Hwwb1NUPxcuc9bBB2GEfnxRRGbNyUlTbAgq8UKwYvV6nLJq5AZUZfLoW1QvmgPi1Uib1EVIo0TRUOH2J8FsfN2R5qDzkvqov7XTIdNx0GCqpjk1OmR00hXvamSNwVNPUwDTBtNO0yCmZgqTASbTHzGxLSGtOVpXG0ark/bm9aSxskzIBCWptGp/wxwaWkC/XSU0B4wjKoQFAhUgtBv15Qv63lEoNm98ocd5fx6nqefdMzkG+RvPIRGHtPvOsafr7RF6uog/a6DftEAR0WJz+/Pv9GamIFJxDO0W5QXgHGWhiS+d8uWP3grRiUaJNJlcc2Go3jy3SOldVJb/AVs+0CqG7AAX8O9jMtapdbupWdPXjn9xkX4pTk4V9r8Ll6Mp825U1gkFUuH7x6HK0n61DmSSVpQswJXxOk/y1iyc1RNsT4Fm4aTVUcXxL/8Msny+DPwXjqj3Cw8hbLRiy+gAIjCD0PDoRCb+P1pGZaM5GyUDeq88//x9S6AUV11/vg959x7J/O8M5N5ZZ43ycxk8pwhb9JAriml05aSiBS5CCSyLFLKQoqIFVmSZSkiImBFRGQBkSLF2kQKFCkLKSKLyBa2i1hrBeyyLCpbIos1TTIn/3POvTMJ7v7+DfNkQpN7vuf7/Hw+RyWle0AI0GsV4gKkuHarN0IgxDZ7yB6SQ0qI92nXnawcfVQkst1DdknKMxoFFy/wdFeEVIelW7gs3BBQSmgXOtnMmT25KbBGG23iC1qZXZMbtNRoEzDWvs/Nu7TuiL47KOKgtmEMmVrfIFAoiYvWcE4KNkCQ+v78wmpUL2QqwY8/P+ODmRfWgTm7VwD5PXAqUw7RIyMfnYGf2TI58/bv3sqcnL8WfmFvhkP5pkHAffuz++Z+MOeXP92B8Sg3o2+Uw6tXnZi/FxzGX7+7YvM5sIhm+UH8n4Zr4jdIbmjmHKSeC5A94lViISkYIYUXHV0IErnrDV6mVZc9qDg9aS5oD8IoCpLf/LhZSgeDMpuHRTgZPHZM9RUEPGwgWFWdZnTSKPlMgafA426LdEdghI1KyCLRIu9mZCBCcsKI0025KGbVRHHW0Gg0iPQbJ5FPkhzRYbEINgkiiX6nhCTkFIQIByjLgu6PrRTcyXGjTtDrvOyE7c4+J+xxAif9EchCO3PtD5IsOnRPxZrzSToIL6+ppi1DzZXpiJJyHXHWmMsi6X6g1k9bvzF6c2rP6XIJnEC3hJcTSqLods8qfGfJenQYhC+eHuX6hw/t24Xvr3l1KuUaCSmSiOXdxO/jdzPnbuNr+NRF0CR+A7+Nzy4GU8Fkzzq8C/dvBs3Ahgfx9fXABFKZzfgPzfjBRzSQcH0n8dnb71+gWJDdeNSwmGTyce4PStRP6mpJDqQC7YHOQE9gW2Bf4EogT0uV9gX6AoKbpUuKtSiWDgTs0ZDP54kUamtWCFqJC9kbAalIXwTShZEjyIoiEUs0HrfYLXQDOFTbDTvg7Ha7bFfsZMvY9S1j17tSdk+Ui2qfFGm6Ra4MzdRv6tGD9uUZkEfWowe55v+vZhTDuz8E/y/XazC6XUjqQ7eHS+RLxtpPJAESDFrixIDeu+FtAQARwd9+FQ/+lye+Ye1jjcW4wuK9DPwXX/y4By9aDA77cTUeEJb/8Nt9Lw3d3rHXI6zYbnJOmoCu71u54/bFr77/60MvzCHx/MDQDhKRE6NGww5xHhckDvjffxwisfLJI6rEkQdS6dqAG5lttAv0KVVUzAXEZs0SjEBohkYlEkqGWkKIPlB3fyN0LyQuD4FuCSyXAMleBiQgmfeaYcoMrpiBZAQSCklmo9EshXjk83rZxnDRZonkjXiT3q3evV6ynF6UR/+HktqGAM1l+xDqQUBLaHMoNerWtYEhy1y1spXc+e3/qjfGtcqVWHZ+sd5VqNGGg0hkDT6BXOB8gdamefOGDRX41rBl0M5vGf5kvlDhyTtNTPiCrwys71hozvv4jrBzaDE0wkMUAdm3cOXgtswPz1+2dR3Mm7UVWLcP0i6qh3ibS+L3yXUsJBVoFfd7xVxZrpjt6fLyAm8BNUgvV0DMSFZJEVqWiMa4mD2mxNpjvIQSsUSM59x2txTkgoyNIFs4ziHkGt/TlTq1Ix+cGVd3Qlp60sJzX/5AvphfUlQkSAwZ1U3COwnrQpi5+Kdpj1vDE/UJV4hXF2Xi3nvIE57hiv6aZ0DHgGOIspqsV88RM3T/kv1AOevU1TcwFiLt0NXk/Dtg/p0VA4DNIMg9RY3ARrDOYsTfA58TSMzl4aP7Mk9fAP8+80lc9Ls1+OlpS0DPV/AZdBefyrOA2UPHT++7uX8fcC3cgm8v7dkM//vVqyAPVO3annmBeJKvf3HDhn3gPP4xvrG25whohxvPnUJzT/f3v388s6u+dWRPaxqsJquTh39vuCM+xaw8zlVyVxRncTQaKeVKiFWWlMgek1N2UrNzq0m5TYay7M+vkMqAHZWV2Sw2ug4Wkk1S5JJFIXHUYhH9IvUKbqoQJPmB5I/4k37k5vwgqIN0ohpIx0yciD9eWBjJz49omM9I/mg+bMlvy7+Rj9rJkrJqf2y0k50tJP8a55TrvuRmDewdLX1hoxzGa9agOprZOxihHFH5Czpsza6BeHPN5uT3XtiEh77hwLamLZtB2Phf/BX8bkH5lMi3M50Zpefu+weOgtbWs/jw4m07wdfL4nj1S6AaVmdexL+ZuWsyqABpdHZkMrY3Nv8j/C24iOvhqTV48Py7pzNbyhaNnGyfC1ppFLbgPxmuiG+SXRHjSsmVr+GawPLX3ZVxUgq3Kn7VGZ+YbGhrgG0NWxv2NpxpuEHSrQaQjxrotfMQY29oCKdIVJ5QUzWBfBlq5TDxUdOPq6l6pR7W008RX56u58Jd4X3hm+GBsMCF7eH2cCd5o5+8NNhROOwoLSql/7/HVVtRJN4RXx5H3fHe+I04kuLd8a3kyb34aFy0JIs6ivYW9RbxUlGkKFnUTZ6eKRLdqIgO+uJF8aIyFAgUlBXQ1m6+6uktA8RIzFyZvUwuQxFUxoKGO11mjaEY/YyTjjJE0WAw0SoddhJHpsM/kc6PQjovqiaZo65ocWH+vOfHYgcN3VlyqV6g6x3Z8nHEKbo1GbSLRZ7n9VJem3FkMzH3X3059NhSp3Ot6h7erWgy4KsfAd9tX3Rh/Ypu8BZeDDbiF9jtteFbeKDhkdbJgKRk8/H+7C1Tv2Pfh5t2g+CGtfj9ZZs3ia9M+fo//u3nt2zYOPvdd99+9+33r27jn5r2xK4VQMFH3s2sezez9n3B039r/81rmc4nm0YOz5gOZpM8YCP+s2GVuJcr4H6klJFtAtxJCg/WEcLIjLxep5WigA30zmqwGiTe6XZSnxdTC7a6geTudZ9x33PzZs4tuxV3p5s42ZtuaENuk8kiWegn7apwWQJJCVA67DaSgumloKRXLBJdnudzS5Fl+NaMXXSaUmmhnS2TJjajf9WNR5WTS+0BvswicBH48J2hMuADFzKLyX0PqEDD4KMMJK/+MNI3H97HHrgTYmyCBzJzifcqwh8bVovfIi6IdqsbwT8c5aPAHGX5RyId1X/kqIYesae5KLDAaLTY6mFkzxAjeyomiz9Nrpi92Fp8AjxxVK2uraul1aFHrU8lS1pKlpcg3RvWJRsTjeQzr6sVCWbRZn+6rCwSkWnTLF+NRIIFkr/ND4uQ358IBJ1B2nOuU13OOsWen26v66yDvQnQnehNnEncS/DLnb0Ua9Lt3MrQ7/ecYl3C6UzUIZOV038FDQtLIxu33NptPWO9bOUpd7HNutfaa71hvWc1WJA1z2QSac5gUi+bQKepywRzFFx9tUxstcZRcak71aErND/IDtdzvrNmDCIx7v15Wo88VzxmHS9LKcp1biJJ1Io1kgBggKP6GN1h+YYSgafT9vzCGMPO6+3xGOIFFKsrFBcD5xr8m+/a6w/PXfLx2/wMbFn9wqdBtLn04sbXrrXgF/Hw3Ednfv4U/hW/E5jwR8M7wBqSLNOttcue2Y3jLnAarxe/9fG+7btss8/yK4STD17dASydk7pO4fubn3NYrbbbTaBi0zAEs86ff3ApjIcSJI75rhNfLI8iw3XxdU4icbCSm0D75OC7r8fCpWESyo6qPr/fQ+e0xWpkImib2DERkr8fmAi4ifaJ7RP7JvZPvDJRlNDEiZXVxHk/ekRN1b0JHuVUrp6snt0cTNfXJyMSudTQjSJJ2vKOq93+rf69fhSpBmeqwd7qURJBFIsj3VO9rXpfdX/1leqBarGarl5lKl3NnHmoMB1JgUjqTAq2pTpS3am9qRup0ZTYngL9qSupgRTqS4EUa0GQjyYjLaTwipyJwI7I3shoBPmrU5FIqtrPG0p6S4G9FFwpvVk6UKpBAUhMZlCAMIUCmJIUqGOgvJ4eO6IlADQju10kFRr50cMqaCNOCFk5dNlwwwBlQ5+h34DaDZ2GmwZk0L23QSvBvDW5rF9j7iTn5boR2nhlHgOPrmCMoOeZNEB2TsYYGblv1SUDxvltd25kVs+sTizMWh1jqlD3TV+ODVpAjaNYmAGmNrWAM4Ot4JXKFKh4egrY8TSYBWyrruIPnYnj81cOK3gAHX/h/V2yb2dwAV4CdozdUO3QkPj6jHT67t0nHp+xclkXnj782ld2hFYezFuLVwgrhg+v2+QAr87PW6bAK9vwzm2waSRNCqIwQ/W8wvlJ8TUZfP0M10jypnrisKbqRuJwUyMpdbjzqdISlJBby3DdQFEK1SkIQAS62B/UnQ8kxscnjj4/P1xemixlRlr7SPMjdH0mqLKckhW5U+6SBbtMX1yRb8qCQu4GZIRkuVkyWo3AzBsDgXBxs9mqVRVmM7ByZrtZpjIHZurdPME05RgYtHAQbV7fDGc2b28+0HyumW+m1lJVVpUWBWDlBZdwS0C2ZqFZ8FdKSQAjZGVbkkhK0idbk3uTpH5J6oVjEoT9ZF9NITmO18vAkTf8kFKIe/x9/n6/0O4Hfi75EB6IGgDDbjEkEANHjs8HsvMflqo7qKuaN2YtOQII+RdpUybbutfyR2JLblF4mObBuvE0a88n+bsH0UQd2WBhUQ4EWwi1/nxdYb2hsR/fB0EwZ3IV5vA38N9jU1kr+AJIfn3pF9ZPmQ/WnwZVEz/x3//12sifDzwNwiYHerrItOI8vrFwubPqty/P6vQaMie+k/nJ9GXg0o7MLfh8vjD67vHNLYbtq1Ibv/rEkm3F0575XMeMucuuA+fsGbhNXb0WT+6cixtXbH9cWLXTWTt/G56zb8maZffvz9ZY/H80bCaWVkNyxUdeLypOFtNQZlNrNCZsD8eHtPq8NKkFF5M1QAv0ytIyzYz8enUUV41CWxlYXgbKaBbRWdZVBrvKACcAG0qWCUJZEsVJJa71ymjXFNoMBqk+Ut9W31HPS1w9TUNRANFE9I3iknS9RmibQeIkY4eXIJciF6ddirsg7dItw+WKx+IaGSIO0sdUsDwMwlThJj8cvhwDHbHlse4Y4mJgIAZi+iwoluv1NM7LEYDKdTGYMROp0emnOTAtK+fGjw/1vkTWw+TXo2JHDSOO29A4irnGiWgQWChjpQRE9Q0kLaToQc8vv4p+8W8ImHho8YqBmRvxdTmx/tNNk80Swhlj/aENK9Y1pTK//PvWNc/u/Bjtxj3znj3+zfRjYEqGaqb8BOcNwu2kipuJXx3ecWuFmkA7t+dVfRpKYD1uxd141XfmTH+kNSkF7j8DI5Rahn+H/yTk/fwwPAg4hrr9L7L6L7N6gkQxsOHHVSSVaT2iVkygSX6F2lnXU7etDtXVSZJEBU86pG5JMEte2mjo8HZ7t3oFC/JCUzBEy21lulockqoiVXurzlRdrrpXJVYpNme6vaqzCg5UgUhFWwWUyF1HBZIqIhUt5Mnyiu6K0QrDQAXYGwJcCJhRVUUoVFGFeLe7nKZJRSovu+RaeYrMm2XZ7P6u+4fuP7p5C+92uaNudMsNGK4xHC1JuyUrsEMrLSutrINotVuvWJEbQeKy1DdUCHmny+HShDgo/Y329hUbyU0dxCc5iOEcczg4nkoQ0E9c5sFlRoREnXwX38Nrqj3E7HgNy6YXmtRBZK1Ha9qy7IZqlVFL+z9NSQtP87K5kj72ozbFWi0580HFkJoPyXjqG4jp1Dc4iQnV1NfRBhcxM6CJOTC4h/CkK76jsWlKvh3csdz7ymeewxPxT4oqK1FRSWy/cOwnAJgguO8WEvO/MjIRXwNlY7c/bdyeN2kF+Bisy3wmc/yLantpnOS9SPifoWk8AhPgepC388TJHcPf/5evL0qIj+O72AdcGR648DU2iQKMcUaKN+6XSmteXlFpPB61yJJUZLVaLE4OiWIUAK6kpINbTicVLawly1s56ic4rouDVJuAi1K4B4lkUY18GAXTSNFHq8etpJDkzahIEELOEEUO2FSfxzPFOdN51XnLyTt1hSQn8052b7rT2eWE0KlznmhvV1NNSY4rPXS/TrGgz7PObVIbyWpDjNyEVpe8GkNKcTEvBxyumizmU+sUaAN+ukAwD3jmL8M3P/tsURloFNYO4Wu4Z92sv2lxHdgcrfvFkVfxzpWrla5f/wxU/F7cO/fO20Mr0akXv3hqP9h0ux8fxb/Fn9uxHjxZG8U3HnSDRcD59BNLdq/chPZknjhPrvW+0ccMl8RKkhXEuJ8oDklyOGRJBm4kOwvMMQ+plJ8+TvsowSBDZT6qJoMtwd4g2kruzgQvB/nOIFCC7UEYDDqTnuWMvnDGc9lzw2PQ+Awdnr2eXvIW5TQYzchDm+5Pv6FedoIBvV0eKWJXml1aXT/CqetHZJuKtLOSw65l8Zxay0uba3u8NlhcXORwFDPvOEYXptdVmAxJLL26al1R1Yt/dxX/Wpy0adOcFaJp8D2DiIvSM+pjQ6PPf6mEx39Ez6aqbp3oBHnIhp/FH+Lfb5r3KXwWD4p38GAmNf2ZE387+ACkaJTbOfq44bzYQPENwKu4TZJkN+YXFOQ5uDx7HrSjPLsxj6KO4qpkBHbO2G7sNHYZrxgFKpggG3uM24w3jQNGgxsZjRzvpRbqJgX0o6Q+jtDyuM3d4V7uvuy+QYpkgwO5FZLouJXieNrtNiCrhZV+1WmLhemCTVdKVDqBO8Nf5nk6l2vLUa5JccbbHQr5LHFEVMVsumJW+7grDM3C/5/6HZacfkeOdZBt7NIXjMTHJILGk1vnj09sdGZrTF8FbwNgVFagt8spZuWo6Bx8RxwYqpjWD9784fbBH5wEb93913//YKh6x9B77z6D74sD+P4H53D3masHPvgF/uyVd37x29OTdx67yuYQCca8+ScuxL1yDJrykIFc66ePqQaDIDBRE69qVQKRtNUaEB4Rviy8KfAzhYUUNEk2tD9QmBb8Pt+oC0CGJZOQy+lxoRAX0nqykvkyBxj45x6JbzxjBl/Rsf7Za+TQr9E8iuhnJalXqxKohkcNdeasvNXqV00fO594VJrd5bOtn/vSm7EJcB5vtwVhGRRbL9yFQZAAG/Bq/G7mP3y4ZOUq8M0wnoS6wbdjK3ZWpDEOBHCast7x4MgWtCJzAJ9fu/gmuMIx5uKfiGV+gjORGPwfY3PKx4mTkwojhTAfFRZ63QHa4j+uFgQi8ZI4/b0jqq1kOYW7uH3ptpLuEsiVpEoU2njYV0KiWgnzhXSSUxIo4Q0sOzfT7NxkMGlXvNtwxnDZgOgge6+h13DPQOK4gaeGDTmehL+gehkCyHrk0M6Qqj1Q6IHb4ICOZmRAB994WxvXXZtX/vxDGBif7nOp/i9thjnotRRoomyiPjSbKWtkMTafqQcP8J3ORefFPwxVgXNABga4Ezk9f3/80tPPuBI7NnbN4PHaVObi7BfAf9TifwIrRGTMLMAbtq0DcfABqseD0W98i0SqRvyb/XG07qBrGwxnluDdy9YANxgG/FfYpIH2slU9+2kAHa8X2Dw2Cua0qLVSHXDX1RmLG1gxbSVbsrraSIWFK5GWB5vLiVEJYeME4wnwCZIxpRiO0VROgUlBNWC6PAFMYKyGCfYJ8oRtE/ieCVcm3JyAJtDvLkqUpzsqQDYL4rkKe0VnRVdFf8WVCvFKxc0KWEE/1kKWVzJFTB0Uf8oeOJPd1G7qM/E9pm2mfSY0ocJkqpiABIly0qyKB9xk5NVESUmxkM80xWzuIupNYsCOYsVCsYbWR5cFANuEDuGGcE8YFdjg+p4+qCYZjjao7ng+K2iTcyWaxlSuD0RLcXbHcpnyh/s8Nfr3jOXIXg2GRBefTjrsSDMFxjLTavASjWFBK3BHXaFbYB1UZL85o/NZdTHOAzPkgsxfhpauuiDez8wojMEeHP3C6EFH8bxnL15D72eikNwQPHry1v4T4Es7nnvONBvUo6lPPZ15LZPAB5bNIEnQFuT7Q3t65CRe/aV1Zrjh84s+d+Q86lyNL61Z8/6pDw6+e51k1jb8a+Kx6rgCrphYx8WjjoQkJeiVM6mkxJZ4d36+xOoMSTLLBoMxaI1GzXEBxYsRucDT3lD9AkJGzqghkYygndSubWbQawZmtqVI2dxl7jFvMwsOrXQmXt0cLOCoghYpjxicgwoF3mBOzaCJBVI2k8Cwp9Vjlcr/mjHpask6vYykp8TDZZH61K25UaEbIk+ugGVZDbnWIJ8klZTqUkhWBaLoGuHuWbBp68f3wdRZ0/F2fB+P4t76LU/OXbcKnMRH0YNDmQvgKpCOfRbv3H78S08cBa1i3RXcd47COrZP27z5cz/rX/3ED1/88urZAKNpjfgO8LU3YgO+/8rbmV++hfEa/OYKjZf5R8NdsZDzcuXcg1NcQhe2oJTteFwMRsvKisvLfQWyXOhjkwyzPe3zBfNsNtFud+STnN7h0KqPIyqVKnxaqaZtglAytJxNUwUpRF+0hTpCe0O9oTNsvDoaMptRiGouhgqLi8eAO09QvJTI3KBI3CDlBFwWgcjWTLSLnWKX2CMKPeI2cUBEYs4N5pBMWUbR87l4orP8tIdk+fiXTPGIukQIKJsoi+KjyAEvKRwdALBxoBORGFTCqsh8YNhmw2d7P/Zc/OAHZ/DI3Lkg/59/9jjIm7T+B4lMa2YxMCrezEU0A77+q7UvvPD9P0+ddu8l/F2xMNOMjTf2B99/5Z1rP9i47JX3wWzweiP++QioAF8Eefg0Xvzrj0Fe5hSehF+fMefneOBXG9f9ChTBp0gg9RMv+YH4TZJxnlOcDqfT65Ikq9eIkBkAb8xLC3qLKsWAH8ViQiTCRvylamFhMrI80h3ZGumNnIlcjhg01EBnhOciVyLQhiJBv388E+OYajYLYwIV0xWfBrqjdZyh09BlQD2GbYYBAzKMXfYxltAYyzI5BthlAeihzUCdkJtc7rH2TUMcNVDtjkK3HphIyOcFt2HpfnzvL6A6uAO/iv+E/4h3KgvAU//Tv/29b//8ateIC783bc8DtAz2zc98OHKEf3QQfx9n9j4Tv7Py7be6u7Y/t/NngNv44bE3P5ycqcbHZ64Cs6AFiZ65eGRK4iatvBuZzsVzxMMUEnN/hPv9j6trWVZUXV1VUUWb8xa1viyVKiqqiDU90nSCTUwTj3goGfUR4KO+KKbyghA2WPMRkB6JPAKt8iOAfsmRiiSJKoirAC7EwohEEqEKh90elk1mc1gOM2iCn+yZJ0gq6leszrTfL8kRuU3eK/fKQovcLV+Wb8i8rMSr0+1ypwxlctE1hrFu13o0YPMxFvfnkWzSq0/edChstrxlsFfdZREX5KjRurDsvoa1Rmo0toLLy9YE0TYacP+1mkpDcV3nkFIGEql6EG5sArVNiSNKJwjWzhrC94euCyfKMomRKpuTn3z64u5M/W60a9cgScxWFD2JPXgV3o39jVPBUhA//NKys/B3YOmyydGFSxd0JtYvWrhdmbISb1+5Em2C9+P+l5ZYhg52rlsPVl29tm+6c+a5ssPb0y+8JM9cumnhfeKxXh0tNcwShpk2cfcRspr6sJLnRTpXaSPxlTcB3uQyzTQtNB0wHTWdM90yPTAZfSY2WSIBloZxmQRyOnwR/dAEjJoUW4TBUClGdRSIbeQJ7AGkdtYgeppRj0vuSS3lzTE9HIWviofx1eHX+Bn09ivxnY+rtmwR+odvUk5g9ajB8I5YzlSE/Ny/km3lAaWIwhn9LmJcR1RHAbWxIvUMHcEDW68D0A5Ji6PN0eG44RAl5Hf4HZzFkkchjU7VxFsAb3FZZlpWWtZbBA9jksnRtCX3G1rsFsoz67IIPmL7ds5Oq5noQzq4WngzPqyGa+DGKNRZYZ6a8fBqTYxgHPMsX2ObiTmpKa9GcCKXptqw7+byq/j5cNXtBQeHuq6hQ5kufAduwxvFcvxguKp7RxV6ab9lFz/r4sihlWABWIPXk6vViv9iGBHf4mzsavUfl6T8fHeBm2F5IEIk8vg0nuo+O+iz99uh3Z4saCnoLUBXCm4WwAJ9REIflRJyMQpsHGcxmbYaQQfJIY0p4z4jog+KEZlJSWnhRYt4gjU8rL+xgFrLVcstywMLv94CWO0YLk73WegpBP+HeB5tZep7kfzVxOQYAELfqLTg5oChhBdKNM3BEjDOZoSzoBaI13ePHMhsWAI2gXVAxLfwOXT20ohF5PHASBDdojfhTXwVXz91wtZ09wHo34IfjHJFNz9+Gx0embVqFTyCT1G1Lvyx4ZT4MrliYe5fFBfHeb0FgCSVVFtKEoCZJ/kl+PRxFaGCvFABi9gu1jZ0qi6X8YchwIdcIXg19CAEQ3qpy/CWAXIFb4YADFklS5ulw7LVwpuRxWJ05tGqfbriVqWAEfzGCGqNM40LjShKHqCR9ZHj6U4jgEZy4eZpXd+HZAfJm+Vs3Jwsz1HotFxpjHbqyEHGmKdikstjlw9c+O6xRBHovJa5CV9pSIBEIon2Dt98ZhH/FL41chVV0Bv+GPE/+Mb5laAcfA5Y/uEric//HX7wvW8O73thDZqLE8Te5FGBxNjPMr3zEHf4x5YAI7yYQ3mkyn3iiGqAdHOWq5IF2HosAxbYaQFSXkdebx6SruQxODL0I0uewZBnQcjl8TipNQVVsskhbeu0eJDW36HSFYIbeRAbzbkpNEwex3kQ/xdArGM8RIw6e9q+1KlM5fp5MFmiWRYRxmtDj/xC8e5QNf/ayIrMB4azQ3vz+Q0J6af4F7gjWAWK9//DkjLT8JJH8D+Ln80sgrvwzNOn8b4Ha/H072zl1+/0Bh79GlhGI2UzuTaLSJVm45ycjwtyvz/m9bp5P9mMTx1RfQXsQXLSrOOzatLf4u/13/OP+oUkldDwK5WpdIuvzdfhQ2c09p/ki/iS7J3lPtHsU1zetOIDN30DPtgmgV5plCqVRViru1c6I4kW5PdJks+P8qxWBnTMVyXrXiu00u5ypxWFkTWPP0FVdMTLeSBPt9vxkvS0oMrTWjQ1OYXVhxrCjOk5X5tslpfnxApjYzPKLP9LYDB44C6sMyxa/Qv8ir1xT8/hoWnilcFrFFrHfzBynSba0PSV77xRvWWj6TS/ZQQvGtqdKVqFZo5y169zTFOOZnQvE1vzMZTdH5V4yGiM9PrO+CAlFbO7lG+bj+d8Mnmi+HhKnnV4NB6BhxTIDpU2Y2QXsiKXSySRwqypPpuJVUkqvTSylfyd1UpiCFsh4Nf8GweAGwEQcEbIT8KLAeb2fGoy0BJoC6CAEitNywHQGegK9AQ0/g65igH9KgYYKmFF+bysa2NQnyyzLttkcOgzvZyYRpaAoB3QpW9ekmRq1AKdawCy7ALgE64Qv9cOr6aBEwaXTOtZObxt5YYZnXDZR3D2SDvqw/HNd+B75/Hv0b6RzrlzDadm4/23NyxuTi9bNW36mi6ggKVDN/E5oengqzvo9V6NM4YNxIKdJJpQ3NzPjwWDflH2My6kN8Ie3C467HhUleQWGUoan3GbDCRvixfSw2aophff6d1GXmkNx3vuUTdvIdWoG8let9srIxPndLIE5Ok31DzJBGLIpFvjeHTHMYbusNPwZVPbsoJAlMNB0XOajkJuruXLqnBqMKp57M84C80fh95gMFsNqAG0+Esu82qD5bv43tmw/PeL21tLhy34gbBn+AqfGnGhfZmFeATuxotFdYh/7UfCvlVWR3M1/97H+/l3b+GezJQe0Dkyos0o/2JoEnu5IpIpDytmI/ndzMhkypfyqdE5yNopJFt2OAqlCLGqwhjTkHCqJEMxWwwGQZKEiAAlJJzOavlyKofIlSBhCSFAEerkGYgGo/T7XGow6OuNASjFIjFo5mIggsZLXtG5Y8wv+ST6Yb/aSRbAfdl3wwfpTmn3dfq6fEKPDzBOfnFJ2qdD/h8ikM2f1/F8VlxNnytnm7Hzc7at14c5wGI2FrFUmJUsmuEyaANTws3GpCWLllZMB98BT3zjb84d/Kc/vDHyq2MPpnSBnmugcUIz+g3+XeZ3aDq+OdKFttEb/gvcVSQv2DbvG8uUo0uf2/DK+YPtLwARLPR0qPfxYTw4snROJ9yHT9I8smcUGNaRtfCSOFXInaCWbI742RYPUfAL7ciGWihpxcKFQBGKkOpbIomAWWJa6W7VyjDNdklmpyZsk8TIQ1AxxUSxYjwi5uim3xBTBYkD3dROKeWI2mpP7lQPUrRTuifURKyybZGa/wUYzyoXjDdcEs0N/4f1av6VPO2BnywPgtqn0T8ewnsGglXbn1+/6JHhWnxLmJLZjAeAHSwUvrV9Q9XdoQ9PnDFv2mUKz56KDg9t4t8ZGXwB9YxyeBDk0StmwTcMq8juj1M1DiAqDtrrIxlxRYWljOSELK2cdkRNlZ0ALUfUkiR7oNyUluNqMVfEWF0tynI1wptTgVR56qnUZ1KCuSRQUl6CvsYBMwdmcgu5o9w5jq8lT1ZyBzi+nAcB/ms8NPPA5uKjfC1/jr/K3+JFnl/JH2UvBEeqhM46S1K85N1aQOy9IFKwl6SwZwqEECrQLb0gbJAM1DMRXyHdkGC71Cn1SUhiviLXhOrIkZ91ZCWTnhqjQT5UNGpiEVkNXtYDRI7xcP06Rw5TyRL5YupIoBNswQfBHNx0Z+WKU1Ds+zb+j9eC8twVWytxK3n7INg0fKsTzc4cxHAOPoD2buzflOkkyf6eJbOIG29GS4cmv/UzE9y2Jm9hI39hU//Gc6sytxeA8P79ZI02kcx1lfgpVtEVc3cUY4HLFXA65UKK4qftDa4QSFSBCHg0ALqHpmdebyBEXwaIpT9FZ0cBQOPY1sDeQG9A6A2cCVymaqyikSNRgLgsvT58mlTyz2n1IYyMd81M355WhrAQmiw6XpDkubQ4fJqsQAugFSFqp8omYNwKZMukcXrjzHtokqdj+py+nExvVsx0XCGgkU0LszI3GqmorrB+k3gX3x5O8yfoLRMGHuIZvo1nGqzvj5x85bdfw79rXAKWKngj+KZILuKcwUNz5ortwx7+7NeXj9TXbD15f/fRf+teuGstSIx0kSu9gviPLWQ30CtdA36vFP7RD8r9j/if8v/Q/6ZfmOkH6/0H/Ef9iPe7/Ov9yMyg3w1U3tUPotAvFUeKk8WoeW9xbzGUircW7y1GZM3k4lSxUszbiotJagdojgedKOijXF+TWhiTYsCJ4rETLFA4445SqZS8UcaUBuyqrSyVMlZZK6VK8mZVJX3zJbW66qngL4LwM8Hngl8OoiCFnWwPHghCPrg+CO1Bsl/iIBJviy/PwZ4NbfEO8gLFlarqdJx+AxfvicMOTZWAihNQMQKBChScKbtMn3JlPWXQfK8KyFXbqvZVIa7KXiVXdVX1V12pEh0oGC+rqiqLB6kqsNZkoFRBzYimEHsz0eYYNaOoiaoGrtdbDcag1l1AEa2vMIVuXtpKoIbTBxDIBvqsT9SbCVnBbVZUMvWQebrodhb7ogkAOnQpOf1V9klWa9uX1EVist2KFfQoovF9CqTvbmSD2pavo43O4qwKAvuqcReuMATx0NCAYKe3psxH9FQK6HOK07t/Z/M9OWsqD/GdQXosBT4A5uKFYPcgNI0aZg8enpoW1wwd4vlVF1bhP818ttAws9OUCkfxYTDrInnv4pw5FE+/Cv8Pyco+TSyRctr8ZN9PAr0/puO1R5WpaklJU10y2WCWA4HKf6oElso1lbC88pHKpyp/WMn7KzdVwkrPU2QveIDZUzCBmwjsE+0TQyGX5CI25AoX2YsKaEelmfJySA7cQfWWHU1AmgR8KDrpTdBKcpAosWyjM5yORidUV09g46OG8JughfxVw+iAEmloKE+yk0UiRmgzlpZayzlrl7XH2m/lHajcSgdNCTVSnayGN6rvVY9WI1c14KrlaqUaWaTySDmUytvKYbniC1DFrQHFXV1eXS7mcxw7lQpYqUNqYoWgTZWagE1uAlwTcKEmvX3RxGjzwXSTlA/ytY/9bzsay2qenz/mgHKCno0MAjNvXg6lSVOcDoa8aCwf489nEZzaP9GYhQvUNLL3GaWe/CMMITNxokNvpo9zYG7qt2hpXlLoqBdo/5A4MDfFWYmIFww1JHOKltCGoiEaa2BqUYXR2CqDHd8d9vFbnv3R/rcz+2JlP8Obh8H6zZ/EMz6JX6xtv933VHPrJ6AdvNN4pGIy/tWvl/eAaWBSAh/HiyKfXRKbyFfgZzNniB0tHNwzvV0UD2xZVlEAP9lQtxS//PLIJz75qX+c+Pi9krpGpRaDqdPfhf/yxNLqjspYWd3ppsZtPtfMuZmpn3pc0wn+s+GSeIzYYYz76TGb2Wi3k4p2Fiml7PaYm4GZrFYN33FU1XQj6ew7zPkH/NDi93NFyz2A89g9KQ+KII8eUzwstXWlPUZ3kHkPezoYdNO8ig6ZsiS8Nkrm1vIpNj3PEvLCRVmhvHFMPEcuuRob7I2Nf8dNz8eaJY4cMwI8DOIvnAmrKmRQFSjmTcObVh3GD55sb6oHyZO4DcahjKeBoyAMTuKp0DX0mvDvy1Z6Fi/EHw3dGBHgL9KPHe8hKVj78EugH+SBxXgnHsQKHqS839ESwy3xR5wCn1VmmCcBy6RJ8DMNzzXALzeA7Q3A1QC4BgAbGmonVoI7laCuErxcCSorK1oqQEMFECviFVMrZlUsqrhdIdqEimMVP6tAEqoABVwFSWeTFZpS6CPNUnOyGVr50uYTYCbZhonS0SRIKkWJdFKx2tNzkkuS0Jh8IvnVJHLkJUlFngSFqDRJt6ENJkuTpbFaqCgtyNNCO1iF6qfd4DFixs5PO4HT49hm6jNBi8liCkuepAda6ZIOHPd46sp1rkFQfczxogPyjqgDWh91gBmOBQ7IOWQHtCE69T3qCaURk6isI8kLg11164ecCCmNvb+PlnzHEUB2hCb21wGuLlXXXtdV118nWOpYFzcQT9dp0+vOCV0TeiZQgYwJ9Nd1qClFTqRTlJWXSsUKCmL0qkxT5fC9PJCnFMbSeRTbladYXenfUo0WJdwehj1hEA4XLHd1u2Cbq4M8IBe9Xi7F6U+7XFyBvSBVQNunwkAByHVQmQVqvU1dl5HWn2NHOpRrzsOXZG1iBupktUA5x8x0np4VOXWgHvNJzxNTZQ5Fl3LRSXneRhYQ6XeUz3s4rOnvP68Bxqg3SnYwGB/bBYzFEEMwCyGfDOuo1RscrppC2gljcKdC2eEwlBQ7GkSvgBocVA2GqsdQ1FgDvx+YwDtGS83MPwTjFcWTYlbTO/ijk+vBxic7w/79S+uffnFO5gg+vEH6zGuimDlee373bmBauQaYToo/wp1L8VdwTdfT7vUbeHfJ1Qu1I2tQa9XIna7EglNTyz5anwb1MFPYmvl+w8zzb4OyRvgq7Wtkbj0aAtvxK+XU//jxsOGA+D1uAtfE/eePaVPtk8dVn0+oTrhOgCo6ebInEk5n3OOJv8nKZw+xY8njEao4K5B4q9ksVAvELo+qxokT6dGHx9QGO1kC1sWMhcIhWsrZ1KJwuIKbSL6S1ckqNnVITniTYdplYm/FxMvJMgV/w0iyNwlbkm3Jy8kbST6pVCTJtiopSyc1FM8KNofifMmHNaMZ1GTMI+miK8mshE917hk7Qs6OIOsAac6pmEK0Ra+GtNQXhzzWN9TnF9cx8gmops8h8vDX4Ns+G765dLstumLXih5wdNH+ZXgwVQUh3oOv165cde0aMJ0+naq6Pv8InJk5TMLE6YMmZ97iJ8/NR/+GO3EaH3Xl8av2HVg/eyaJKB/ipffL4lPa01NA2OWBZ4ETDGERf5hZYTL1Ac+HYN3A7aGLW94GnXgZfl+kCo8ki95B4oXGAqxWpGg0lZpAdmx6woSJDQ0TT4AZx9WGhqCjtk5Txq2t9RWVojJQQarMGcfUigqOA9pOJtV1EHF0J3OcL0hT5k++ofpX0iw3qCMrg3o8CZ7QD3lh5P4IDDqKaHkUUCWbzVGjJa9KVXuVYEZVVWIizuS+2pRK1WJqE4EoOiJ5W/P25qFkXm8ezMvrdtxwQNmRYurqvCayzpzX64XxtCPXN9FIIGOykDq2JMfH19QptHUdA3GzQKQNiPW/0x/o95J0dNwyuzVNPETSUWFMtpo1B+l2NfAajw8hqvrJt9cuXXXyJLAdvDQH2GOViHPYDV+9gY/4qv5l6+RPGw3WzOtznp++4OAVkp7OR5P7dp3cv6tzKugCu0Ub3tMNqvwR+AOyAcXM0NfAdPBJueeFkUM4uPdAAd/TZ3/00BD87s96H3+6OnNg8uwLa/i5m146cWDDyCkQX3doz/qNHM9VjE4wXBdf5CxMo2kS6Hk9UpIoobPcmBpMTEgqZl86mSxPSOXAWq74SeFUnipXyjvLe8qFMuQne7LyqGowGgX6LXb1uUmgdtKUSQcmHZ10bpIwiS6xncIdJgE7nFRQOQnVWmtpA2C1WuexLkwAPrEysT6xPXErIfCJKYmZ5MmDhFDuBzz9U+uH5/wgYkwaIaQ6DW1GRO86jL3GM8ZRo0gfbmRnXz1G3tJm7bAutyLJ2m3dah218vnIqoTkdMJvtFqN/gTvjEaLtR9U1uTgtkb3RgU3imoSYdF0tKnJ2eh2UD3mqYpbtSh2N6mZ25w3qMxDp7PPiZw0T9UBGcyCknp/M9uBzzJCaa3D1NsYN7RmDCao00e04VCWazRGCh3HYHOAmvo6evpBMT1LyF2TbWToVU2xo1gXA4sR7+KiBCPDyq/g/1ht8S9atvTj/v9GJ3j5wKVLr8FDmdlo2uB0lM7MhQfWZx7ZPaXnb6r/Gdx6/z14cWBAfHHk8LqNphfWiHNQUebdxJ07d/DAnXevPDgxMHDiwWKgDOxpXLh40x1gPwUWZuYylM2vDB+JL3MzuM8A/3FLMCiGwyLF+BvVsD0c/tQzz/CkUjyiTq2jKYqlrqkp3djY0NDW3j6HXlhJldoj7dCCnml/pr25+Ena9khzTwLlmJpOT2HHtB1XbbYpzXIe+f6jeXlTmqdQ/+JWpynK5MnN7HjT5v7mK80kP23W/Umz3mRqDrDzw6aRn8XnchXXtBW3adVGRWU8XlmaqkTFHk8xPaLZ4a3Jibg5x2acGnuDinXobzTWOMZEm7lxrPvsbFQ7UT4LTmwc03SDBpEspcbZEHPBoEYPBqK33kGlWGo83hqNBkxW2EmPfiFxoaY6n+J4KJxRW2RIC10ReGo8VFld5O/nnUivzbNXrVo6d3J8EA/WLpizffvI5s1TmkVegTt5+ADyF2Z09i2bs+NtrFjss58cOHCioinleaEzXFW753Tn+i1z2i8eTrnwVLAlDy+udc3h4Q4IXsTYZaqfis+dWtm+eGP7HBD1eeBKwIP3cRSPZN5xuZbtuQ6q4MFdr722a1nXsjUr5g/gd9599dIKvA3fuQDmNidGyA+yv2tV+8a7oAxW3bqJ9/NwwYrNpziB840mDbdJPl3OJSlLiPsE+E+lfDkHUpTqC5bngxQPOnnQWNioeAop2OpeCElcSAl1hchah3I9esrf2urY6+ilpfByR7djq4On/AtSnTo4DXjKkQ+VqRIEEiThH7ZBXoL07+1QhimI9kEAoWiTbKSGblIUGzXfEnWv0qtASYkoWxX6VHBxCvl7hZfscHIZL/GeklovBYa1KqXqXi+Ay5k+BpLIA7R4ldKqtFfxh9PbvPu8kPOSqtibajgBGsi/LKWSqZbU8lR3Soiwp5RC2ZsSpVSEPSE/fqqihn7WppLqoBhVOEx+g9lsov8zq1qR8ip8QDKDGMP4KTYK8gsF4kl/cYSdt9FKSrhIoDdwI4BuBIASaGdTr75Af0AM6FIG7BSzmqzGjNM7Ue/e6eMtfbaVU/MoZ5Jj2rd5a7yNWaEmHcbJDm9go8YVDLzL/F4WxqtTc5PamIdshazylu69NJvOnZvm1gm5tFnryUpU0ls+eSNeQruJhtszWndvwQvg2x+3wyt49te+3TR36Ef482Auvg6KSAw8R0q4IvJ8Dl51dXjjeLnKd0kO9NjcWZmfz5oHHgOOVYtnrVy3+p13Vq9eNnNuz/wt78DOd14j/72T2ffOHrR0Id69EO9biA9sntHZOYPYbBDfMHwovsL0Kydxn+AeA9//scVKuSMW1WIx2U3BCdAYNtJOn0utrwpLQWDjg8GJrRPpIXytJH9qfEN9jD5vekw7oU+aFJmUnITykTKJvHFc9YcLWMxpe0P1OJ0tstxCmz1b1Ap5a3hvuDeM5HAqDOWwEoZURaEvjKTWSCuMtN5rhb2to62wVSGZldwKyJ+WpuVN3U1bm3qb7jWJyaaWJtjVtK0JtiigRWlTlivdxLR7lTPKPSVPUlrIk8vKDUUwc4pd6VJ6lG2KYOFkuwxdKNzapMiy0tQaFmqitTXMowusW+hWBWF5LahleLpa4ES15cU0siqvq4lonJqng5hnPB51uS5Hb0RhexREKeyISc7mRDE7dLXMcbEzqZdHLGzmuLnzcgWa7qt1RdtyetqBM6unmU3qGjVkmNBQ6BUFRpT833m46P0/ZFJ5ejKFbncxnbUrrGrHhztv4f4lgLuDp+E7+H7tiiUXLgD++PEFcyBUwCGcBwaJKynKXAeX1mAnEO8uwPcza+CKzJa/vn1m/57OJe9Pnj51+iwQ9vvhIWKYfbidJOd7/MFZ7by44OKiRRcXDA9dbJ363mJwbj7YPXdkLs6bS7L0Cvxrw3bxh0zFpo77ueLySAg4eITEsmDQX2lPJmudLnZ2Gj2H5wlSBhWR5zJXRIppqxpOJGQn+ao0lVSyEbFPH6FLPuBAPl+tOMFms+TVirW0+DapomgpiUZLSgDtC5pVrsReAm2oxELPR/ixShW+uRwq0pc73CmnoNSRHY8x5J525tk4iSVH7vB1CqHkGHafPIwjwIKH6LB0nAC0KSWJilE6rLTjj/BCkE5Phy9kzg531k8F+8Ds9KK+s+nZsAtswIsz7zVNAbNAWfvCVeumLgU7QByk65vx+2uWfTiUmeNZt3I+SLyfeW+WWPI2Hjk/PX0x0/zSlpXRrrlLZ01Zu+oQmHluw/YV9QvmLki3Llu5A4SnKHika8X8Q86RFcuWbjzXTLkoMv6T4X1S6Xq4b5xiR9XR0PTUUdXhsOYgDJT812YFVgb71aAMDmTV+aNWJkVDgpJVsktGD8eI/oWqiFCEzin3Mgwbrx0nQrtqNzmxM3vMzvPVmr56Tvl+PHqYdc1QIcwqu+lnqOUXTkEeGwQp0YSaRn77KvzmllmZG9cOZn7Q/hJ897GMgX/lPRDGv7qM72YW3t6/AnBwYuYv+OyiXeBJOIf9xv9FfuM6zs8dOsV5deYSxey63Q4p355v9dNjgtuIIzSRWtDOsZ8ceRHHSYKkBW+JOM6Q2uYADuY+HHYHPaT8pmPAIZKKLY8xgCllhA7a9wq9OqnA0CK0CZomniA8jOkbf9Ke3kWsycF5dQ0vRxZqNSaDxNErlF9gyDwi9mdK82zoUxn0W1g9Y0dmYOBIpn/6dtjzXKYcHfv+vwI7Huh9C9/Fhpfn9l+HFbgB/3zhbhJ0trB9ecNwRfwOm2EXc699wsz52RTPDx5jrQhKwZHJnrKrXCGwo0BhoLDYVmwPU3dJNprdbHYajV7Oe4Lqx4tcyO4LURdL9pyP81nDCIVzh2tNO6o6nTaGcrZxVvAkSZKpVbEzvHMrr0/7KXkmJ4c5durgxBxjUb82znzNSPR2NqeN6vLpixLgofe16GpUBBVOJ9yRqbX4wEKw4RTuw+uI1zq5YA6Kdo2sfJ+kh7bD+PYHYNYgsO/Dd2/Bn4Nb4G4m+gCPlNXuuz70/mn8YM9LK0+ABKp/6bUPzm6Ai9fsv3l8Lcf0CTLszBd6BRtB8JjF6TR57dpvaSeXwqhSCVFoZoqXiqUwlrbZTAV5ecagUYPaG8GjNKiaQCEymVJFtSnGJS9rDDfS7qZJLQlLcZKKyfEToOKoGmQX+yklogpchIl+E+tUOGgOyxwnh1FxtVRLsqxavWlYq9cXtXp9URsrKi5iEAUesfqWGDFCLcVtxTeKUXsxKGbY1US6mNOpYLmyghWK2lgsJ+ub7Qs6uJpxUPOsp8zSMsYOjKxhko0QCWN8OsoEB17aTYoVavITwK0TYHKFZKH8R78XeBrBJsfPgP/CipU73pk7+8Lmr37tieafgrk9XwjtrwN/Aq8CT2Y9uoZfBavwpvrN+Nwsp3zgib/HM4VHX+3349cys/H6gWurnn9j3ZoFX3i5Z00GfDLz0d/9GazDf/KeBk0M7PnCHHwfO1sPPidsXuf4EdjN8cRn/LdhLVlfHxfm4lwZN6JYeQ7ZESTGjeTSmDaP9uflmUIha36+z8z5tBMUBG55aXfp1lKUKiU+j+T0EirlSjmTLCfo9xSqT8mfkb8moynyTHmhjEixKx+VH8i8g2y4KJSLI3TJAol0JGKWmGibxDnYAJNi8pISsiJJMps00oCJ/IVPvWwG9FBwSDk1nWZESTUDZmTm9C5wFgA2prOWxTI9BCnO5iuOmmpt6+Um6bkVtCP9AJi/WsLxaFr5D34fXbMjV7/zlQtrV++5PW3xuy9955tTJ70F5n7vq85LtfAFNB0/wBdBPb0Jj/7wLbpIRfj0l55/70tdxw4uWfHSDzZ++Y9AxdyXR0A3/mj4ttj/sbJ5s3Cc4rgh14hHDRfFfybevIb7neK1WZVIIm21eg1Oj5/jyA9XUxwI1GgdEyruCEMo4PTIRRE5Qt/MV2mm2Cf3y1dkwYnkyiQ9xpoKAQdkb3cSQImpb/Qm+W72ZDTJJ0XOADTBBmRAJsnAe70u7X/wGy+Ieg94z3mvem95Be8J/ZxvUmR5GVSZjQe9uYkgRZOOPyw3J/2UY8/rTA4tO9HE2LJ6WzUaYIelf7QER4V1MfqCKg+6xxowdYXgwgtrVDB95uMP2pdu+vNX5wPbfiDjO0O38R3w+OxPnUZLgCUT5RfhQ/API4O78E9/EEzsXLt5ZIf4o42Hmr+3fOnqs8rPvrH9LHYNDoK7X/rb4Yu1rz24f2vw0qZdcNPavNUvEP9Xj39juERq4jBXwVUDpIQsBoNNKI2EI77qUlc5F+1nTHYhHwZctLXx5DHV5bXTgyxaKIXM104h8b4kteMUlyT5mlFNhasrq+2V1RSyQMy9sqMS0pPqHKgy51enE5dJ/Gilz4WMsomdiZuvpsqJFw0gEw0rpmhclmnTnaKwGJ9jubyVcToMlM8Be2Qga1wCre/BasqJWjKfi0UaKmCMXZPdPr6kXo5qyTvjmSXZUumNE4YeYSGJz8qd6FJpznzBkTsikA482E4SploS8GQmj7eAdWDNYrwUd+GhzK0FabjuyMhO+MLVvjUnPlwLyqrFkRSKx8NgVjgOz+I/DH349jvX1949yb+MF3w0aPGt3Tx0eMdHnYcXzL022DP77Oz1pwEHtl+CeQumRmeszgxSkbDrc7surZ9NlZvYaWU/4lwMTUj7542gXnFwhkCEc9QajYb6mkhFyMF4SBQr+ORRFaFoLjUkC2m1RuujNOUmRX+9vR5aUT3JBCek6EcmcCnw2HGVslzLKt7MnYdgVMsCNVU19iqyMZuPqVUJe0mClotGtWRCWciRH2OHTfjUkqp6JC+nh27SNCtmj8kxpKEPFbMrlI65PR6fLIdoQy6kRsjCwm66rJp+T5fM032dXeTs6TE5Tlp5tn3Atpy2oOM4VDWNY49jbfRxOYq24troPZnMQeNJpq9DadnezNcWWd+lTElJI/XEmGUghrBd3Lm4ejr0gCUA+sECMDK1cekCPDJy7Rx4MlgB38bXh6P4OhwpgtNGrqGyzMLd+EO8LjUHTEe1oBlM30Jqut1rN78ND53Ff4SdFWXL1u4Di6L48No1a+MVmQOLFxt2JaauwE9euQKOzxy6cps/d/zcidmbN5zcfvSDk6fxtZfWrWHnZI0aiC18n9hCglRoHyiRwpISOeEJhyPu8ooKV1Vpqd3FwRSlPFsQ9LOjCIu5GJj+hlpscPEc5zrBaIpccUFEprNOWbbY7FQOl56bzfn32i/b4V57r/2MHaXsih3aE5wbWJDbXQD9QX2KH1aTftDiX+6nZz6eoWpG25is0ZXxwka6d8yCu9jgMUe2ZRLFOfGRRp/9vD74YoqW4yn+LNWo0cgyOWB5DNSzQ8ohAgak0wwp7xaWoCukWA6fOPGP1/HPXFW7vvP1TH9mCjBOD2WOooWTtoOSwXMHbjfN+f12/D3ef/bghzuOCk+B2fgQHhyB39olbdhvWYf2rMRLbwBEEg2M5+Ne/Oh+0IoHL63acR4YYHL+RwO7AfcRzShHkeGWOI+dFlTHDSjmSMQaik4IFoZCjKcmqVyoJ7QttC/Eu1GIs1In51M1kSJEH/o5khxwhnzBS09CfpzkIuxsQbtX9lLYdJ+33yty5ClxvN4aupK1XA1ofkOtrS0tr6ws1U5BI/ksskuVAEYqk5UtlUiqpE+2Vu6tFNzEEXtOMHh7mx202zvtfXbUYycF08N0idwmG3OemrZUFok+rgx31NTkjnrQB8WIDYppV83lcJPksGGs45ELciV1hdSBws1o/Sfn+x2z9pRXztn62ZEg7hE+HC5Dp4evNOFFwpOAJP5497fxRx9Hi3727G6YqZ4z/9WN6LNNf/cNuer6hrYSMBduy+xzbYS2HTuG05MHZ88ePPTN77v2LLPsnPPUM8c3aCf8aJl+QD/hp5lrBd9TnPukPgmWtXCKrKSUdoU3KyyxpmQKpTFQxlSfBKuDzXitks6ctgI3slo9uTM1afjSaCkoH3lcdlcgynEB7UjUMxyQGEeMpHJkdVN0kSnwl/hDik45RkoKjh4d1MxCHTDListH3iHlbqd8U0ZFSKblWrMiq1K4N3wmjOxhSvXgwoD8KULh1kmTks0ViUQzzX6MasJTG6pvbKylxMsCNUHqCp7kWvZGpbG9sauxp3FboyGCGvW6gj4qRlJYNAp5EIa0H7gNXoY3IJIhPfKJCiXQM6CuwLxOCB46/an8rxu5uiFkGazlY31d/WlWr1T7YC4eZxNb/dPaxIN5B5qyOmp0BI69UMPYNdTpImRZdTuHDtR/2CEQLy7Q0ytLEkt+XRUD9vJPgC34/llX0efVyfAu3q20g+JLuJg46R1gydgNHgAfAduRI1/+F3zcF3/x4LdFbALcwvl4pL0dPo02LO3yPfHloQqM+Y0rLLPv4KuXVq/deBRtWIw/WIxXL4aLwVq8bpQbad27r2DbNtNutLAT4/emAeUOq0b+x7BNfEbXHC6jOZQeHJ0sOB4129MJutpH1ESMrqBblRJtieWJ7gRvoQe/wgRKxJmxVKgRelIyBW0iO5TiyXhL/F6cd8ZZryduj/fEb8YH4oIfxQU3jbNRlaokQNrZSAptwnJBsAjMkATACQMCLECCjLRDLGnG1SETLyTnVKrTb6her9kqUfD7k4pVlYV4guckiRSrkl6sjge/H2M6qREdb/3/5mZkzadmfIKWs5lxTNFx/oZZSnmWL1koMvhl9ny+/AZSoNJjmvMZmYuB4AXift4V5w+dBsI/WdGsf8BPOIv6n2lpdQpouBsMrJuzeDoUWoffQ69mLoxyJOVqFJ/J7FKaR258Z2Pzmo15yUfB1FuZo/jI9rmvgpfBXgB37cpMx5ZOOPP4xo20F1c72mF4W3SQUu6Lr+dxnFnTduI5ime/xT3gBB+nIxCY4obZTGVc7ByMQPK65w2qHmVg8Hh6mNQoD2Ayd7qFwCtySZpX8kNMrat8Xsc4AUA6JtFGtw3j0Gi1KJpJixcyjahqcNGX+dUgiG8Nb8C36E/aPPqs4Yr4Chfi3nq9AHmYao1V1U88NyOPYHgTzOJUTqAEBocrLQghUo0xhZp81WN2cVFuJbeeO8Bg+gZNmyag/VZG9luBIPud2IyIk2w2s8vkYIOk6SRBkMygm56HK5tT5nZS5G4z95n7zVfMee1mYP7rBEFP9srnjcsQxoUcTednTGZlPKeRESC64E48qw8PVU0GPV/DBbA15gVVIZkHw69NncQ/k7kFd3+873lwFQ/jP/VtBOfBHGB5cWtw3Sr84O1leBBX4EGaWzWSuHFFVEn9Ts+LeENx/v83VH20oVrgU8zhtM/H5buoRL7LxXnYyU3keSDA2R2aEEtB2uFAnFkiFiPRC+zWswCFkUNEmgQwo6Adijb+Bg/b+U6+j0f8GFz14XpTS6DG3WV7s9pOGf+VT3VpYYxKlDQQO8mUiXcyYdQ0ch5fGXln5Tv9b9+/KFZcvXvpzgn4eXgd5OFBUtsPZl6Cy1D1lpt4YB+oPoU/OjiAGU7RYdgl/pDUeCVKoU7S9NCjMyo14UV6tI6gJzg2Ziq2fBLiuPJAgishdSHT+AmQQqGkpNjsdpVT1Hm5EoyRO6s7XU7ZOPQkNi4E7CgUChTTwPq6WswYkxTc5eTLPLShSYqTMrcT8ryTqi061fJiS4TtI8TRk+NdfFZBgKdd0QQiSa7FTA0zpHZbzrBzRXnZkmIHinZZ+iwifUK5yvOeH09IYOccTtRtMovQ8bGhxDjyHvNwOvdpXFB7voauBvDkM3RdA10WyjUlySrjNdfnM3VFARrqG4hFcyAWL0Fber71QSDZWpkvhjKz0dtVYh++Puh0/KART8PnFl387Tt75753HZQN7fni9iemkc2+Fn8Ajs6YDD9zB58Xwy2f+mf0DyBv6Iuv/tICP/3YrA3eJP41WCa5bt+H/gW4/bpR2LBjZWYb3h88uUpXbL0g/pjU6eWklviLYnJLLnLhXa5g1YnRgTe8+VFHVSzGjq9zqTR2QS2Etce2xQSLVuMZY4l0zF5ZVl5GP+ZVGXzbzpXby2EMlSMIg2FZDtJIUqnGysWtMoA05tD6/owsaIU+ko1UKShpumHirchkMouiTeP63RCBIraLnWKPyNOjU6h2OnsMyGlRO1V+TKvpoWZN7sjC+fPGNQ5y0+nGcQw1O2JsHlLr07ORBcoLRiUNhWPs/JI6rS1QWCcUCuDSpQ8O8/B3IReYOh32D/HCS7gJpvZ8tBqf/vwxfMIT/c2kF2CmD2S+s30THkB7Mj8FYRTKOPCZfhCHy+BrT1ROO/vRmo/w+ev4tSkY9/esDwhbVps2vf/hs8+s//DDt9hpyH9kbFeJa+QmgVU/4VK0JU1SBldBfsrj9QaCGocnCKYcUwOBuso66jt8aiXVb6tU7OF0ZYFdsgOSMOQ7HLSZQ2s2B4AUzACZjCRxZ0p+YdqRKm2MNzWxIw8DaktTWxOUmiJNySZk5ZrIzmlqjk4sjEQmaurf9yKjEZiKDNADVToj0IkirFdeUpaORJoclbzZxroORsapzVfbjMDI/CdTpCP+06iTO40s8yb+08gBCj0GANlsoiadKdkiNnjDBlK2dnacV5/tpm3AZlDYyx4bbxuLHhoHZNxUinG+dTWvbIo6hiZw5MygI3casKaR+1DngG3lcnbwGTWIHN0L0fPTcwdqlzj4GDtgm3wkDB86T9tdWCKipSAdKoM/H5Lx4gWnePjbZ8Bciyf1zOP/H19vA9DUee+Pn+c5JwlJICfvgSQkAUISSCAhvAUIEDBieFGiZUqoCrXUWXWKzFlnrTLrvNa5Sr1e6zpXWeda51y1Fq1rvert9bZd16nzejtv3+R6Xde1/VXmdV6r5PH3PM85Cbj9/n8p5KUhtTnf5/v++XwutU279p3tPRDegEzL+T9DCfgzcmvaIwV5/swlA/rn1qPVNehR8JT819LvOWOrP0JdE39CrwytAGYI4ad3Dhzcs8i4uH/Npt7V8z5qeZE9BXtuWbXf/+6XP35/+jyQV2xFm07CU+DCtety7Iml6I/Yjl5ldDiY08075tNIphe7YiXndjsLLU5BMNRmt1t4Vi53YM8sr6xUhoCW6F1OO5qoD54ATccS4UBFYYUAMikpKuR1vTrYpxvSXdCN6cZ1EqZ+qP5CPS56CiPYM4wUHimU8Lr6wsJ6HZuV57cA3rLSgn2CBQcAS7bRqJRJThDmW5lMmYWdcvR4ggBEYBaTxpuKkEh65QbTswyyGp2av6cW4zTlXtrfyfZPGWxQxhwinjOFMcddUIkvoit10ullM5VPXQkh2peEwwU/lmlHRj4CFeFa1IJuoqtobjAOohMvbhuKcu+tWH4wg7UanaDD6YSjX7/v+wCnkeP4W43GJ9QfwE+ODyVHhsBupIb2yycGihWrN1T19bUMrFA3rz1++U5Si15fOgc0wIXw9do5gfl9Y+u78J/L6HXQMnG8a90Q3LRuHfXN13EN+3MmxnQwceiMBOQmU45sBsdFpdIjQm97hJKSS5QymSOztNHCW4CWds+L2LCVaBHXR4KJlVZwmAoLszyl02Qz+6xHrGes2MUMWKHGWmfn7fjX7Go7/rWQgzTc63HBwTs2OuA9ByCu+jRRq1USpm3SquNIL37AMeTgNKwjS6fLFLrqvM6OjYIwdl/XSZVUC1WFKw6dzlldwBTgC0/mVcexn5hJdyPryeDVudEJiW447HSedp53sowz7uxz4tSUahr4/IKmQSb2Es7KuDvY7iEbo2RNgPec90AX62EgKZxUOJfCPpxhojlNkUiU/H3sCY/TYeV8ZMPKT3esJAayeeKI4CI7oubJa1QJtbrUp23DBQb+63nFv17A5/OSv15OYqPvsA/GfQO+Id+w7wgluZPFfcCXzhG8wjqI4FRS9YpY5ZRryqdWOKmok5KFEom7RbwQxQFMopBSvRf6fgI07e+fEzjqVt3XKdMJQx4BZ63RiVrKUGacilGb8kXXUQomgasGnCPmOZxuaaraHswP9sUemn6uyF9mQJc+Q+Mwim6DTO/yY+B1FAFn0GawHo2APhQC75BbfAgm1q1DHJhAHIwkz8CnnbaJU+g1NNK6TPIwwR8L3+j6tu1di3/0Xz0bHtr0LOBAx81P0e7b6OrVQxuOLz+x9OXV760+OzKC3nkPfbL0xPLjT8jXbBlu2iP5eDU6s5rMk1zoT9irVVImiF9FgnptJMcT02r5rMNZkPBbDGUNZ3EMztjjWQP47ljWeJZMyWbxyiw2OyOHIXO/jog3oWQAfhmpc6K4eJOQuxW4jhNKHpkaWxUOczJBopISk3D2NOnpPU5G0s2NHGFblnCpTYF0uFmYXmgTLipZQCr/+9ycMiUTxm1AO88X0PPSO+gUYeFHnyQ/0//5+sD2X/9Vh+pwsNAmv2JngM8BhyaQEU1MvMdWoF3oH59ctPRhoAc5+GP8XOAdICz8LzF2xsf8IaIsdhYVZsjlDPQUnQBdxxL4DBW6T1B5UL4Q8IVXCq8X4hOH07oCn8NH/j+zaGuKdWBHrdViL/KNiCZR6GBWagGjjWjjOOSzU7l06W69FjK8PRMn/nbxkyLaxqcJZCdOBagFNljZ5E6JeCA06RORHrGVTzbyQ6mETThfIskxRWqxeZSLi87YNHlabbnQiSTxF7IUga0pJJiVQk2eg1MbgU+iALq5XUfXrFj6XvKVkmenaW1Fum3rq/Y+jz69Wnb34252K7oEtkvh3Wv5YA96UzID9L1yeKBny7rNc3At9B30aPG//ay7Aj11Gq6FH3yA7qDH687Ofw4UB8BB8qkP3pPJrNInsd+2MMdfxUUIXQ02J3o5wNO6RLAZaRbDgUKW01vIv+YpHwkMsHpWkalSKQQCNU6fvVq1WbVLVN7ME5U38cdN9xJ4AmUgewp2qGKyyXSuA19Le/ZhyhTDEd4YwuzAZf8NIZV3wZTEeNIzib0Wv9BnB1P7K4QMR5CwkdwCLvTB3dfheJ7i0ddRwFm659l1CZsqqW+GZ5JSzpF0SZ+8vZldk7z7D79o2rMto7D7Yzh2DcBkNv5EVuBctg9XGRrGiD+d25FcszIH5JB6LydHoVPqf6CHSj0hHdXrFdl0Hmt1xUwmhZGaVwl+oNVmKJYpQAXFC7N6RYUiSu8KDGUZjMKhgJmQV5CD2nYswfEaRiMwXXAZhKfrMMPyhHQA16Vku4nLFtlQKXJdlpmRIRMWAewZoDGjM+NwxvmMexmSoYzhjDMZYxnccAbImNqxSCs0aWsmrVPgSF8lDIHTZbmg0OVdUC7IxIr8AXnC9B0QtuJCE3BXrZC8e2dYMnAnDseAB15Al+9UARXY+sGpI5KzY6j/3Fji7O2zt+FY0nHXvEaK0OIzX54YPYn6TlymmQJhxpmHa7ggEwKmiLLM7S70lavV2mo6/XEyhWDmqwmnL58sPMkTPrXPZ6yuNhJh9KxEtbq6tCqL9SoYgnyaEQkkiPok3CESm1GZ8pW0qX2ekWYN4I8PMvhU08+Rx4bOnhBWZzhgZzl7Dk3scDaZm9bvbcP/Vq/PdVpkuRahb80x1WxGLvnQZ+AaoTdjZQbszLiSAeMZfRlHMtgM0vOg68E0mJIFhymUiamIytwfLKmjTUGlQrQmn7oHSHzG5MePMz8xOwQGNVU6N1YHK4X9TVLmSeisoqqQMCwaXZLhu/O5/XeNkglgRGdfPzryHshcW4tWoPE7a0dttu0da1EYfb55/PL+7YMIsXORft3w/nNw7YEDCHawT275ZMvnSd/nb64ZXNs80jMMaj9AlzIz4O6lCji0+PMRkNG/eO/SzadO9aw52qdaPTJnOSNipcbwmZEyZsYFApE8pcPigKpOiqxulPfKV8p3yCV2Ns9WIJdbLQ6iMp54NVGgMxJLNiZ01h9YfmyBZy2XLJCz6C1OC6ukSpkqmzOGE/FCaLFIWEpthl0OW8CqHGYTTiTNQstXx/MyUMjIcP13n2Q0dkLk9phKH5MJbNVGUT+ZzH5JL1BBMBMMr1XxKoHuUeCl2sHv4w/zUj/VY9jIn+bP81f4e3wGTzAWPIVNpc+Wl5Z0whHTprIpYf47ubok0mYygkGQU6epIeUc0f4lpL1kwaxKELtPxVqa4+expkl0L7h4A91A73tqPwdLToLMa8nL3DtoAOczI+DAnb3rxpcMoJudsz3FwCF95UV09PbBnWfubGdvTKi4y1SXIjqRHLvHSGp3PffURBl8ceaM17cDBb56GVSZ+TDzAJNgFsCyk0wUn4VpTBRU4Ux52rS2jqY5c2AM5yt6PdnEPIbPRyweOwEiRxM9CwS+B4apr6+ubqysnGcjB8nK2HChFkjwVtBp7bVCfKukgDaV1TqvJCcnq4gw//gL2cLCbEKE5chmtWwWznNqI7mJK1nYarKuZ93DJb/QyRRyIqmO9jMjmbgAz8rq4rh5MDiPdHFmJ5Txx+OwDv94I84ui/84fjfOOuNdcbgrvj9+Kc5ycWe8Ij4aP4sfSMfi+O17Gns29rD7eoCjBzA9jp4LPWM9HLkT6MHpRQ9NFAzZsXhPMNgTZzscHeT/qo3pALXHE7Cxsa2uBke/Y4m6urYMBfEoOQk/weC2aTSNbYTNRB1j2tRtUMu2iR2ENurBcW3QFvD7Hd4C2ovC/yMFBWaHg+IULAm3W+AEZeOOVPlywSGNi7sGk7SrFF+X7iPg8r/mbyrRdGtBhF0NLhBBV8T5CBtYqaDQu0Dctcv2L6B2qykXuCUEWpP0VvJ91O1TNGHJumQhyeBdrAhewPZaQO1VqzOJqg0mwj6a+sJPk71mgvI0pbChQoOiQIvvNkCi8QCqdAUyLVk3l3Rz0gciiVyzxdWgVCYXTG/7sq7e0fDpkV3//O9tHZePnOPVr8TfjL+5fu7nTj94KJr7w4d2dDj2LFs27K373rzBUniUu1w7vz6mgz0+sK5Vvo9TThgJ/OHPXdH5K/4MCr1FS1frDIPL7v4vvDS9aWA/rgoC3wK/Tp5fs/TsxE6DAe0nOEIwH3mABDwbfPaHXyEt+slPl768/IkDL39vcGFixu5QM044Fp+a0xPauxcnvEtsYP9NHP7RudK3qALMvULZZ9JXGQmTQ1UlXo48oNGYJbbcXEl+QQFTqHQAJ1VfYbscmx1nHazDwVjMZhUDWdYgyZBKDRIl0878mPklw6lJ2g85XADcZFgTVfaw4QhnMKhIZpWZOG8AgkQCaxA9Ib3NscYMAq43nWMJYr5UfllMVekyAzE0zeReA5WSILNKwp9MeOSF0TlVkagCUyWYv3z5HXTr4AHYM7pO1b74R8vRCXQEeI4u7unPvvsy0M7dhm4NSiMja9GXA89LX/0IXdoPgl/e3dvm6UX/srAUdHFDdz86VP8ddlcDcqKli8By8CZ+i+ODoAXMETieiGbtT/HnV8yUMX+JZJdkaUpkmRqFXOENBAgAJLvQUMQwOLS0H0sw8nxH/hviqn/HawmHw8qYebPgnMz4o3IkOq3ASrt9VkB804B1yDpsHbOOW2Ua1ko6ujOPJxgp0LFSAtfjpVJZZmYWp+DdHI43oiD5RhoZ2D5KtHWEv8CP8VIHH8cPCH9Tuq1HAwI9daGpc8S0vvKUfGFqw7fcL0imCKtAZGHbJBOUPKpNBATEUoDG/RK2BUZZuUSLjxzrgmvBm5kytOfhk8vRBOC6BsAKDnC48Nqe/N2vwJbmPrTq+FL0aM98sGYZepR95yuoRV+/12B82Rrqhv/n2f8ZWfzlnWHZKFpYOjoBPOhyci1Cu5/uf2EEnEPD6Nb2NW+CFrj1+S8zQOCCdhxd1TIZOBMwyL6UHmN02NadjIfs7uFQ0gr+NaIpC7TMaI36A4CZoZ4BdewMGqIdsSgN9JmmWGBGNDojwNaYIzXEp2YmKplykFVeHg6XltBBTKYtVlJiduTlRWxmUcNWiy+mjfVhD1qDr5YX+GlrZNReEHPj/JAEMN5ld/ld+IUu/EKLC78wokroGUZ3RHdGx9pYBtc+dZEnEmpG6Vvmg15fne+uj93vG/Wd9V3zcUq3173MzRIqsDr3h+67bone7XRDQkIFod3it6y0HLZwvMVOIGbKIxbgsIAdDCCTJehzWxjG4vZx0t4IIA0dOB4BkWyVZFgyIoGMRE2E69UsgXDX4XxeKX1DDuTyx6XAKe2S9ktXS/dLJV3Sa/jckTIDpx5HpABK0wy1/imMQBR0tkpkF1pF+UNX9RKFmFVTWIVEngVhRi0+ENy7oCRQ7g/670PtCpwzguMmOSkdKuSl2pFkG7EwjzYhiVHSVnM1acYYyM6oiTh1/ErqMwjfGPUZhfRVIXDeY/8JaoTnKkCXxQ53o8Jj7eC/by9nAfh+Q0Hypcbk11KYnLmw+mR8y4PwgQnIogmI3vxqTv8ny7njC/dWHdyJlqALIGM5Wj4HfLW545P+pdyVkLP20BpbuPtQZO7o6Pza+IQa7k32t1Uc7Fs3C9xedGPRorfmXzi64uymqoY/P3YTwNf7Zv/mwJ7NJ3cSL51NLfcXOMrPYuYwD4PTkazotGmV+UxBvABaaUPw1YJgTIjcOKMsKEi4+hJkBlCX+MYDD8yf31ep1gBNba3OF2oJBPgye5m/jC0r63M5PB6jUW8vBsXFrmyJC6dCroAr4mIz2WwXqXHyE7lEND5CiMzqQ5ViQqTMzp5VWslXAi07q/IEWaPiZ+L7VTPJjkVWQq/T1c9m4kDDzo6TZxYmVs4C/Cz7LDgwa2gW7K0CO6r2VR2uYon+W28Vq6wiOPWBqpEqSFYqHVWshp9tn+2fzTpmg+HZI7OPzGZnVc2eXTWLZVb27euDTJ+6z9HH2rFzq2fqyf9nTkKuYNmNCqCQZioIFOcKA47QCot8NoQ+TBDtMgX9C1IIYkGiNC1mIW5PDE4hK6L5SsoeBWskiTThVksZLH3VgjSvP81UhFyF7uAF/ZNMJb1pkWndVAwxdpMkSRHEMUjrRSqSsFULCYihQHiURxXAXGyeQc1SAyZb6BpQWWAgDUZhZJKy5rxg1bvslxycgJIdefaxhsInkxO6/Hmxc9/b6S91u0wrllb1zX5sydiKtVv2rJjeOq3620seeqdr61OoHO6c3dqel2R++MrCDZ8taVjYdRSOfwBeT/bDvaMbNnX94knUg94HGStAxje7JH+du3Dh3MbyhmXTr51/dtOeteO/fnDHqqjv6k/MPz609d2XO2R7ozUP1Loff2L7poPd4Cv03Uj7RbB9Aj2IUNPnEyveHVnQ+B44gFq2bAE7j05EZwXvMUsmQDNa2MNgfy1Ff8W5/0/xPYrhZFqZmcxsphseGHXl28h8uxa70EhRLpOrznXkXsjltGyumFDkimtBZFn2Afyqmkw+ExiZzLFMWEAEmUAlkevNqlTzarsaGolmqUPN5rNt6hOg4nhidlt8Zgs25iB+VbRlWivfam/Fr2pVtzpa8as0rfhVEU0iqJnDz/PPg0p23rysMr1e9O6Ey7UqwidKDSWmbJGLrimbwkaLi81NHPsGaMLlDIf/qlpTjBOpmTiO+FIcW3yJri74YdYXWfC3ZGdCqYr1Z63Ogl+03W2DH7aBrjYQbetq629jR3E6T068FScK8TagbLG0QG9LXcsXLayyBXS1gNEW0EJeUEiQxxqLBr6h+VDzhYYl99s1bJemX7Naw0aFG7peUaA3xeIaoDRYDLDdACoMXYZ+w2oD5zRUGHYZ9htGDRIqtzedvGOTpcnbxH7YBPRNXU39TSzXhN1HE8iEUJ3V1qIxNEHYZNC0tGXJ5E4HPn9kO09NyweOcQAVoQo4E1Grs2MZGfgUq+sdBF9bL36I8nryIWoTtecJafpK+UY5K4/oTDG5wAgkxAmanfiFAlaT4qDEf0IixmPQi8PMIE5maHmxgCJTBYSqwGiXogjwpiagTGoQQXCqU+hG0gEpzWk55YnUXQJvnYJrxWlRuYacXE1BYbpfQm9xQV2dYrmrFDgiqk0SQxpPLXyJvNpFUPg9CXmICxTIukDGJ3ubiwOfgCicm7wKbUgLvkqegs2oWKX9Er0DQldB1VVQi956z4kyYXPyFD56WmjDL517Zwnbj96FDnQTZE5MgExyi26yHLp5Z22FY68zMEv6U7Sl4T2j6c4v35y7vQvG5+xplXU3sysPDOE/BxZmPJ81c8+c5JGu7XP3SG70L0u+tHAhemch/gNwxQpCenQSjekZnLai/yP7XPoSNghpREFUr0OhqjxXQOiCi4mPg6zc4RPpEjsiFIis4PUxl6sKCkKMRxPhDGFrgg/bwzg1C5MKlgtz4Sq+StjjrcIVaiARdDor8jMVis4KcJgAnTMp0JmpUFcMVAxVDFeMVYxX4Oy5Ij8vL7eOrxOkiY0mE6/RmTWsnQekkwIDvEBxeoaXUJLTVaZyf0pOfnJHk6BZ/hajJ6xdpTsvvSmWb7FIxaWoSG9KV+20OsKDqMv7f7BI0PY79gUF+ewUHgk9LnAg1Ft7q5floo/Yf1mx4UXI/lIOrCzQVH7nYsum5z5KvqnI2/zNW0c+bg+bbE7Q86K0e7j1gx3DI30DHx9rNScfgLXZXd9nD67TXnox+Y/ot0vmAxW4DV8Ebeh4y7bBjhe6xtFvrv32q0H0OPrDv9b+qauiZTkaWQTUe9evWbjv98AH1V/akk/uXED5RP4XZyQ/ZTqYB8CeY5by8rLcMnI1/EwZmBFRJkocDpvfP2369GkCwb9n1HXJBTlXv2vUddbFKemVzsp1xnDqWwhdrvx8LxmlZFPFR3/+xvwd+RIHm58/vaOhoZ6pqT9B0S/VLAtq1DU1ADBk68+c6Jz9wEySKkDl7IgqO8bMVM+Mz2S97Ey6MKg2xGbPnD1TqrPlCguE/lhuTlUuS4mJ2nFYMGqkAH8pZ/DTQSE7XeyHTBetcTpN/tX62HRdRG2M6XTKLNqJUyb4LKBks7KUSjXV/lLKydsZEw66nndBOaaUxKm805iSowt6U/jJRcrWFLZQJLAScVJUMEsUUfNOuhtcmgmgNIGubOo7iQ28VJIxaZI0KRZkQ6nDcZINCwO2OSItNDXhSA17RGMj+UVVtdSgN0nSvDYmbLWVokhRW/DXx9AusBx9mmEFZ8Dehmd+BjabgVWaBZ9JPq7KPbL9/X+biPdn2SsM25fUDH8Pje35xemGxV++HcpG3zp0QMqhlxehiZednoce8Thd3J7P1qyO7XwdFAGrWg+w2/g3w/z92eE7Ru1VGEIfoy/uMX98/mfvvpz8/WnVe8/M96GL74Pg6sUD6x7+wRhY9LExp7u1tqwYDa74ju5IdwYor7ohMZ5cvbRt/3OkLnfQ3Z9f4jqviqkFXa/UVlEkfXkN2dWYk1DWAuXmWtBfCyzlb5T/tvzDcq6/HNSW15YXMZy3wtvl3e89673kveaVcV69N4qf2IWfwA95XM5ZoddbUICz58KIujBWWJiXk0eSDXfCZrXmaPx+He8GaugmTHhuoknrJqged0lJEZ8DLJRhmS6R5+R4ioo8xPizEkxRpCheNFDE2QWZdWyE5PZYpj5WpNcJ66JqbIh8kAkSS3QnMuRyKMmErMiQLcwIh0Xk+Tgjn8KPjVPfSUeW3vWZZM6ituNN3dOk9VK9Qp9N7MsIBrpAVIFIDRBFNpy8ST8m5rJpNyZhnYV6E3VmZKZYiKNZMZfD409RdsM/92J0yWaQn/we73h2ATpyy9OXn1eo37Cpatu6W/+0fV9V28RFJ3gPnAU7Huuw3P1ggDVOfA716CvJUyD/24cb+gfbNsUm0IX/+uNXa9FmdHLdUz+91hxCL30Ipj33w9bOJSDfFawve+qHoBok9ycbriKEbWMJjk+EIyREMQ2XIsZGgUCGJZsO0MhGIs3N6vpmgf5DUVmZmV9eXltXVEuqjaxEWVFGtSwkAYw0xAiAu1BIZuN5R1ZWXyYQxG/iVKeEpHf6QiL+KRWZtP1SXKWATEYKTKR/gy8qtg6pNFBSEiAvqE04igJFcKwIHCkaL4KHSwBTAopKikrq6r3eepb116+s31i/o/58vYRkTX31LFMPVPWMB3jomxkKY4wTeASKLCV+5HF6nFaXzkoYRXMTOZwJ2E0mHa/Djpfsmvh1rIvVRWzOmE60OZ3gLXH6rHPoXHV1LoECalfd/rrRukt11+pu1knr6GttsboUcXVf3UDdUB0L62gPwLsqja8VbIomRqkKfjJgLkhnb/5JyxqcYpVpWmsqYjqppJZq9k76xZTvS+FNydYZtjZdoUlC3R3EVRUBQtxnliJUrTw91SAeUMaSAa7A+rYWKNQKYOVhjjF5RW3ZsnPs0p9KG006E+/IiJyJbNvw16c2b3OF7jHo0D3mFlCDdWgLmDWywWe9NYYOgS726af3vrxhL/ewE+iBCnFtn8XPv/Sjj3eja3/4cV9O4bZ38lvQo78C2x/prJyO7vSvZW+wT6N3P0PDyV/O6z8HOpzoDJol1S95+uUtG6jGznXZcumvKGfxd0flcqVBKajEElkI1mDgGV7AKvKglXCFZGFXQ/euCdsvRazNilgSUrpVQOaQcCWdTbLET4xToAH5/CeZ9KdAp9MxR6hfU0A/ms1oCvFHdwc+X+UBruBCuB59fvdQ4P3VPe9J5t99XfLk+o5Fi8/evbUEOdHnO/uBFVywEcFU7O7z77GyMekqpoD57auGAqaAdja1jEZc4bYkVNwOBvgZwHOdXC/HalmGYzh5rt1uoSSVq+2b7dAuTvftov3STUoNGUmTZSz8lSXNlCkzBep1ZUSpiSmVcrlMWGIm9Mr75Ifl1wk/3Ub5ecJP56AKwKw8DZbN9qfJUcQVgDSSUphWT5U7FSakqbCrkxhE2zLoUwyDlZV5+exg0gHHki1GH9cMa7uTc+HTyUGiEtu642H0fafj3MDTE0/DBeMg4wvT0v0qH7ptu4Vuj6MbN/p2d2hkBzerdz1H9iUIVv8qzrOd2Iv9IaJiTMCk5bVAzWrV5jR0mHCrZUqlnEqlyBAYGDKIZI1CUVlTKQjClkQijaVMo7rR0TjQONY43ijNYxsaSZalT9SXlQW4BmcD1Dc0cHq9HmaTUvfV0mCM3np8wq3VJdzqjPSWLtkyeuCG+kBpgIwAFAnOcMlwzcAqaeO/tEwYABT5hFv8+7S4VOM3YAxqA3RDQylnJlRZrccT0OJrLmwmiZYnUVToKA2Uwr7SgdIRypYuKVXbLUBdCEothYWWUtZefbgG1Ij5XI1oFuQ2osdmUZOXR+lxlKzbbQc2u01YdCvg7aDRvtF+xc467HH7kH3YfsR+xj5ul8XtwC6sLdwvICWI+qQ6SKH7zUBTLpiKuJEmPvBSNVUx2qY5se9bmp1M4qjTpPyyBrp9ZqI01uIWprCcNrkHIUmRJVVLTTKcu+Wl5BRkhG9Wdhxlg+Pf/eKdO4si6NPPr6N/aZ4Pss8feOrqutHj8ycOgpMoBk7gCu6z2xvGADx4cFQBD21CV/WBWaEq12XrzTHuR5/cQB9fHWw/2P/ogZ+vHdi1YN1P391yZtfeM3c+GQc2dLWZjHvRBPp396Ge4uTNJ5/sPyT1VYFvVgNbCXiI9DHNKEk7OrliRuZ6taa8pJxkMuqEi3cCJQ5cJtbptNmKBWhthsWSI2dyAJMzngPzadI0is2FgBg6sTmZMjOV2dlKuZLSh9RWEB6RttGEjKpDt0dmJTjGRlqLdjnYIQcOeUB+hJBPjsihXL2ygqj5Km3yCoapkNs4fQlB7EGRaw5Cgv08XMJm4uBrY0u0er2asm+f1wO9aFd60a7oLTYr/VQdbhq6KH1pWhpjQYi2JFLcISmeWuFyC93s+7gn0sK5uskra5i8suTCEpIskEcwEWL7TyMIqWvwywH+hcA5kPnCC3sUT29CHxiDiyMNZ62PPnaOKwbDlW2+gPxcrPwPR5KfoMvc0MT24+DocUkCxNAJfA0vOV/sLkx+vHkLvoaLwLoqoNfngG/eveCo+93yxUa0axQ4pPoJNXItklQg7IWE78mc+yV8jcuYNvDeSaYR+5t6phG0v5aor68RP8hIfqKuqalm2rRoS2Vl9b4o2Bi9F4WBaDwKmaga37CZdPaSg51MNKqUY0Mwyxmz2uwwD5i5PDbHTFyTIpGNLSAnh1pAx2iivLWtlQqm2XAq3jppCEpsCBXyfvlZOV2bj0yz2GJyNdcGsn5gA5zNaesiAFFwjwFUehc2UmFClok4SmIModXFlsKzenmbjWFsbXK9pLqkmrjRGqaamuk+7GxIkI3X9NUM1LBTHU+kPNsSqynmPX5Pp6fXw9npHfa0554HeiLOohgBKDo8EU/c0+eRZrIej6vERfyRKQFhZwlwlMRL+koGSo6UnCmRDpWAkvS8PVX+iXzIU9f2RV42/CQZrpNUPeRNcdb8reGlXJAw4lsosFqnVWqn4Azvs0PqYST3eZhCqUyW78KhTUsWRqpwDqU36v6/vFb4MoBnzhAf8yj6jT7QFGwpwj7msux5V+bdZUvRKSm61bf6iUVytu2bhRsuvDsx1IJufXwTnQ6tBcUf/Gjj5e/+YmT+xAdktzDtcoqSf310L9t/SOKuTfmc4Re64PLlp9CZI3N65vwO5KB32gzo5zfQ3bdXtIwseeQnP1/Wsz++dvjo5l88ueUgxa2Z0V9lu6Q/x96pAcfTVyPq6uq6Oi9Tri53lLMONlhOSryaBB8EWUGghJ1BwAcbg73BlUGOD/rp3dPB81SOIUMVjBT7Y2oiyjAUHAmydjZ44t74sWDQqyrxUtGfpnqKkA5FSAmhSFRk4LAcZF0ZglRm2WnXeRcUWmW9Lk7lIqUk4wIG1uUyFigUyjyKEMljlCCKHWhexFUWy4uobLG8PKPZSNmpss2yKqaKOFgXPgJ8E1AONwE+ZA/BrHioLzQQuhDixkOg1wwYc8AM1VRtRYf/M00hM8OYQ00cz5eAQrZEHNiXiC6vRKRWKrGL20mGBME94z9/JxM0RfpKxK5Syt2FQgm5KsWllI6B3qlcSun2hjgkTElGhFJY10EB4ir2ggm1s44OYAyEM9Dt1BRU5knhJLEzTlcpzzexXtrvMIrGO5XFx3UZXbzYP8sHvpnkDkgtVYt/jj7NDu4amN6hRMMZqKJ0GuDOdD3/sio/8d0L+muX4W2uG91MnqF72hHJA2AOevkOejnHFHoREKFxzxPtJnbJiHTGO99ErvHmrn/8Zih589FBPbt2G4RzwfwG4KoAw3f2snsmlixfDg+gURIr89H/4Mz4Hxkb4ShhOsBPI5n5pR5PRYWz2hEsx+V/dDQR66jpOEEYR6bXRMP1YdLV0GGjyrBaBWc5YGZFV3lM8JSEnFd0l0RheUcjUDcCkvWdwTkfl8U2NvqKi3243DuWKC52OV2UwF1mY4hkcGQ2NiF/DWDIP46a8RqWqRmpOVJzpmasRuKvBzvqQaQeOHBBeoGUpPH6kfoj9WfqJX3yATkcwZH3DIm9A/JhHH/PyMfkUiX1xaUWO/bFnc7rTlhTL3cyjFNeXyPRleMIXL6vHGaRs9dXztrY8rY2jU5DYoc6YTivA4xOrQvo2HEiTiL4W50YiHXCOskq0aRSsTgVif3YGy4UeSrJj0HNlGg8uRg3mNqd/hs/OcVc08gZYZdaoBOnpOHEwGSy++M0FSlJ+UK6HllQKeBk7iO2FJbrfJeB9PXX38yGB/oWfqnP7+hovqh+5InLsvD3Tr/9l0gxOv71DfR2ceT/vLZt8Q+vw+kvLEjeWZ28BIMoCM4BFTiHgjA7+Rm6kTwnaRIM8jfuA4vtyeS6DZxi9W7pXPA4TmwUWtAPVZ/8+ukWw9altesfb12xLhBdvi3+CZq58LEnJnKHxzZvHhseQydBlGEkFEnzifQZJoepJf6RaSE0bvhnNiuRy70l/pJToINJMBqRuKvpWILnZU240Go+mlBgJ9eM03gFyGrJIktlOHi35IdCVc7KKrq5V45DH2GfHq2spJaH47lpesN0/NLRRF6tuZYE8hkJm7kpgh1QU0Spj21U7FCcV7BUB4lvsbc0tuxo4ZxqvsHeADObFC3OBrO5wdmiaJLqr/gB41f7Hf6In8tm/aI784uge7++nvyNshNWq12/kuhTXNHDuL5Pf0TPDuGEj8bcQXFJ0js5NaZpXQiHYO/fZXX3d2xFk0mn+alxQu9CMbvXCKTh6Xpa6EeAqdTTUmxTMilhc8BOSyrYVKGovUqRVp+gEIh/iZq/BG3oBedHXX3vcK+j7eCd292nbhw6NLdPAbvnHl+6SO9q3trXZ+xZf0q6MBmAx1EzOIWD6EH4yIFksL8fnjuQ/AidWrEQLITd8IPk00fBbbAIPX+PQZ9ps0f6jcbkR59IFdyapyG3CAyYs4Feawaztp87NxF4i9UePUr3qP+C7YRgLu1MPYgez83l+WBFkMY8RRal4lPbT5CM0FNXV1tcU0van4pEqKTEV1PjIw5o5tGEVE5fSPizcHLvrnfUEwuYnXA6dij2KeAO9T415KWdUmiX+qWN0l7pSulp6XnpPWnGPSng9Z16aNf79Y36XnxFT+vP6+/pM+7pgUJdLNU7HHppsVohzSaTohN/zxoY0RHawPx8HAMZM1CyZnM2lNDdLQgpUKA9Yk7Ys4GfSKYKwo9D2Ueyx7Klfdkge3LBfQq2mba4aH2QNh3BBa1alUrMpmRlgt2kdfNETIHYRsgTdTYLNOWVBamlXCCGPQNpb9HwVuByC84H24mEAIrmo/0ghN4RqTa+Aj23b09MEJA6ejH5/jto9+7WGpXq+fjhH+tte4N7Kt57R/pztP8ec+Eecwlf/A44egkwF8j73O4Ao9x2knrdvmMxPb+8KfmfKx/PXj0cB9+cDhwdoIcREdFk7zrOzGPmg40RXQc/0z7TP/P8TE7FzpzZWkuDWDu+7NXl5a1zQaw1RuIXn6gLBErD3Qmf3Z5bEs6lcqZhdTjcUFJKUn5vYmXJxhIIe0tAoGQEp8UsU6IuceDsmDOwJSVWk0aTyEqo5iutDVYaGjMapM3Tmslb+xNz2Gn2BhBvAA3TGqZ5OlsrI66iWGXEnIt/qDSxysodrYBM+QOtrIptFUHS5HbUkhdrNZBsS8cYSEzU6ZwqgZ9QBWYQN+f0OLF5H0u4zgt9WGJSHtGkPGJc8qRUgP+OXEsUVaKT6HKxDyrOkTWpKCO2OEXV795UdJrsfqby9Ulq/FSjgpgP7c6THwVSGeGiTIE5q3AUkqbyoVQ6fx/5Mq4686qqU7htsfUHZHS7iiViW7IX0IXXN4DgxNrLIXjpN02bwOYtX1/CdvVwRRuouPje89Nqz09vf+TfNmuL22rqXW85+ra89RbgDh58ngX+fDv6B2Ct876IPgcnc+3AV5APfp+MPQHUDwdQd82jIGNFJXpWoms7MNbQP3bsByNfDvW/NG1ggzPRXbl0oF2hQvzqDRp20xbOUwX6i4FNqQPzsZUOoqex1b5njlR1PjC2JNI21tYc7FqK+qt+lJg58f3FC9fjeGbEfuoCttE8Zhozg2lnOkHjK6XFgiRN6b3xiKK0tLO8Uq+nXTLsu6JaGsP4qGpGbMYJ0DSaUMaawgRspE8wTeqmSFO8iVOy+F5TwNfQ+AaYg9+ogbxRQ0OACeAa0hc4BebhJ3NEhpg2whDToWjvaCd4TEVC1lFkUBum5U8jRyM/4crno9j/xEhx6VN3kJtozNeRn9/hi0Ultmqh0iykleZramusRtpp6yTgYj5htVjy8pw4n2L7bMDGEA0VP65QNDWTqgnpjQlvSFhcIP8iVD6pr0BJZ8XcOjQl9U6FuXRIowOikFdkbDT8zZe4ck2oRlxuMJXTW4hpqTxJmmpoTAIrJXvXtmwDn6HNYDmdOu4CuyYCaMKob2hGCwFT1QIC4fjd7nMgY8uWSIsCRhrOrBjQe2rnNi9drp6/7Rx7kbo88Vv6ysHVscvvn7t87vKl7Vyxw7F9ACwHyxuGd6/ejG4SIiNsMtf0xoOL9cbk1bEMBVw7LO0DPU4ncBg9YPmEGf/mufex5ZjRf8k+w5lQihcrCrMjagEjyxrYSCQ3LxbGCc8MXNzVkaUeY6K/DHSV7S+DZdOm+f2ekhLOB5Q+cvlM+TEfnTRnGWKMDxihz1ddTsjbW15LZOTkZMtN2bjoPJYw4gTeRPIjk0lI4I8m3DiIRl9L8C6gZfNxyhTGybqFUGhR/WNmJHwkfCbMijdhEQpMbiPP4b8gH9oR2he6F+L4kD/UGNqIH14JSYW6kI2HzoTgEfKDr7hSgX90Vmys2FdxuOJ6hTRQEa/oq2CPVJypGK9gR+RArubdV9z33OxG93U3DLgjbhhxD7hH3GNujnHH3UfcZ9zjbolyXz44nX8+/0o+G8kHTD4ws+FQhdydzzD5bnlFKCzTWq15J6gKBIyozTFI0BlZAWvEChnriPUCXYGWaFhrsYdIh3k8aq2aJorntUArOt2piEridLVTu3IC/euqhQv+hsReYIFdNSiUBaEFC6iELaFQ9KaausIi4N8nd5NYVdrbFWsE8pspuqXJsoAG5sIpcVlACuITgvM3QsCkMwlChulawFgolXG4YnCeBXBkZBfkdj+D/lfr2FV1wnjuLLzJRe6eYSNC6YkOBN/zfJ6pXd+V/EgSSN4E76DQPZCTbUMbkWNvg6SMBmx0xf38Cm/y65HF3MDOFvDdcuDyggdhcOIkXLwcXVu+/M5H661XwZLgvNkv5oDXPv103QffZ6U9OzNyTz9H8ALoz7Ib0leZYlqVfgP81zHGAiwRqi+p8HqDpCvCmYPEBckTdZECT6yujooPOjwxXJW2twogS5aXU1lLJSevqFBWAyoAMw37v2J90wMPzGmePYeWBJ3Tp0dnE5OfPTvaHKVXusgUMJ2g7NG2QJ6f8QMN6/OfAA3HE/m+yDdqvkFfVF9DxF7Ji+Ltfe0D7eyFdtBOzN5rdMY26sFKPejV78BJPktE7AP6AT3H6EGzekfgSgAygeHASIANkNfPLPLFdviu+CAVbVb7HL6Ab8DH4WOKq+B2fXPAV+Ny1fgCzfp2mYTDqaLDHDBHzEPmYTP2EeRB3DxulmSyuBhXZlFEn1IpI6QNM4jqvey8DMrophLh1x2SDcvGZSJMLD8mE7BcU2C7IcF2J/fcBJFWobG8atArYuEnF9Q05Zr/35KEJhR04F+TPh/eSY9v/t2C/xf9A04YyMihqtpEUoTKgspyInmkITKcJAHF7l6oalPFi9i1xnZvEpw8GUfMfeLMBSBvLkZ70BfoFvqprxYoLjw9sPgU+BSpd11bexNYP/roFngfccmJCxeAeieQvTqQfHPw7lunbjz33MGMF55Ad/WuLdHFPcb3T8H2a796ssG8ZbFr62NN69Y6GlbsrL28hq21tv0O2Ceubjm56cLEnjUsXHNyC/jf4rvhxPonuEbaOkToXc9If1HyrxtWKQefkcwFD5pzgL4EfAvbupZyxb7KVDF1zHSmA2w7yRho2DaAmZGKxAy+xY9Lzist11skpAg2sC0t7aUVFb6qKgYUFXkZzuVyswUF1W43i/Nhtr21nWSMrUy7QPHbSrRmWk2t0y1SmbCuZIzJZHnqvOnh6QIdZWMnWc0HmZFIOEens2g01fZCOSMHatYur81V1Qr8oSpVbjizXQk4JchUKptXhzeHd4VZLqwPQxX19QqrI8aEgROGgwLjcBC/O58IBCxebMgq1ufLnRSybsGVzXlypIlVWvqoJA03ZBm2jFtYC91lmkreT0fxKQo6QYGR5LGTWqCiEQbTHb2UMHtoyrpTeshMtSfob0/iTdM3qZEI6UQDMtCnzWQhrdBMQrYEI6XDfZkpJWctEyy3sEqXpwWTpCUmyhkA1rwXdZ5f9dybC2YdfwhweeUwvLrs2DO/b+l/95lRlOzqB9bjA6Gy6rziBeaGpRsXvDlnwSuoDWcfP1u1QWJbUoD+233nbbDeVgwyK+zgGxPZ49d2nRhs2A9fevuJ4dqf/mrbww+CWWCPc/vT6FbyHjp9YmnfwW2nfrtj/dJnL18Buu5ERWOL7MIrQw+/3r/k9z9at+GJ19asL/1vMBv9M3xq4dLa7WtuVy1Ht45vrn2R9AXV2AMTRs4Y08n0M4/CGRHt4nnzuh95JPjoo3WBqqrSb9SF60gyaU08EH4oJ6cRV+xNJr7J3gQzWXqj4kxNRNbRmNgRBkx4PAwzGRMhSo2YuALWJC52mOiGnsYQM6nDprCpgglWkC61MtH+4IOzShKJ7tJuYjOlTDephwYaQSMdryq1scbZfYsGFg0tYiOL4vgOu4iC7fFbLlo0e6AX9PYORADlC83GL45EyP5e5+ze2RtnS7LY2bOnT5s2nfyHLAl+2vVpMIctnVY6LRgrKijI85J4goMMxWK7CRYbG6vbvYM04YkOMpvFBNVUAJnLJr12mg8E6dnS6GPBBeoFOMOKURaevNZZtllkzPKNhLXRAohU+xWCcbCpeRKY/PJ9ck5Otv7kcj8PHPwwDx084Hkbe5gDfgJVssmUWhuXWrSi0rnC5tUYI6WgA6tdFNA1Bf1UuhSbMHbX+MAMUnMWh8mi+kV6Z3RVeboyFM9AzVTpMnzP/DuvALAhb67GD1Id87R/J+co5E2tzzDi+g19u7TvnzxbKaGCFAkE/hKBkWQxOXXE7kdFiietSiwgcS1oSilESbT4N/KkoID8klRmklVVp3+HnNu8jr2VidGGpaNj6OKL/dGT0x5ejV6IPjGw/zGg9ZSAv872Hh96Pbb48NDPP5i9aMbapz9E550tv9+37blo1X5cdWYv3zVWXPH2CPoPSdDT/5gJTSiScx8xWcHFWd952/Px3kUVBc7S+rr1w+jMhZ5a9AdJ7rLvDrQ9vxxsRWuXr1s9MLj2ve3zpzWBALhq/vEPbya/Qr/8p+VzTnznpTfXfvuRNdNn7GxYsdXYUN/48MPvdXYqzuzdsmXpzCc16NUxIAV9uejRssrXf7ahs+nbr/3m68ba+DcSXXOT52bNWoJrAtU9t+wWPplRZg4zj3mQ6QU3IyqH3WCw23Uz1TMLu/K7cPn4WiI/X2empFDhSFGiHWcmbsIyDJUloMQ71+72u6HSDZT8XJDJMnMBz7nnFnUXEZP3MkUUuqysqKuAFS0VrUBZXVcNM1uqW8uUQal3xozpXi+PUyK/v0asRbRsfYQAJcyiglVvPedg6+ubwmFZhjqjRi6vgcJaoQYn27IoEW8NE4rj7ulVRMG+qkpV060iEmfKRG/37NxcfuGD/IPk8eyEhVfWWGrqatj+GqDsruuG+u6ubtjIA8jzQElgh7Cmm+e7a1jGRPbMOnX7dId1OFTqHLqALqLj+nQDlPSKY3Q4CpHm/TFLXkzHRAlNflaiiWz+nGfAECPg471+AR+f7aTnisw9g8E0Qe5gWqmDIocXLEjpdaR69sJGGa5/04KgNX5tjYAj9k9ifEiEoivf+M0E3XExNAmHiDylrRGeTxXJ9PyKbGf4IJlSrBTCcdCkBe3pV1UKYiy77zAZSBNmSskMDHRQKiKAAFnYleA0S1JZYAiAIMgEjqTRGIq9s/ceg8vWJWDPVbANrQFLd8a+NJuheVF0/bbXa2Pv7978vmv+wqc3Xd2wU7orWQvjySNs7e358OmWPTuPb2gLWc3F3bAPfRLun3Pnq927oWq3gUpTDD6X2b24Yys4Muf4ihXH5yy/CjJ9HdGLCO2f6+ja3ry8v6di/fPzazed2rZwtP9g/1lu7vqB5o5QV/dqT74jfAHsf2H16sVr8Z/UhtKY9JeMGdfKB47ZTCaDNd1Km4PLBI1SKdfp+Cyhn5aFnzMmOnlwGPtbmoXwat7BsxqRMjefUuVG5NmWGG+VU/EistJGxOw3CrtscUHCKI79cUrM3OlOi5kHJ3dghQ3EVX+3dpMCFAorbhBwk+lvIcMWQa2pqoqN2itBsN0N76A/PIuugQpw9sUqVI3+BZ1GJcvng38BfjS2Fp2SaJKLv/mnP0tWLd7d8Pa30Q1Ui97+j4F35//o7o2XX169/RxoAr9GJ66PE0ZQ9CfZCenPGRdz9BW7UpB477Xvs0O7nTOY+OzebKhks7MNuXqDXtBwN582XDdAxhAwRAwDhmHDiEFKHuCXGdJrgDOFfXULm5XFEETFAxFtAv6W+4K7y7H9HFjNbeYg5fjMNFhjw9wI4UqFHOPvXTBlhNYrSkDQ1uN9rUWKeSPibaL0tbaSsstWaemeufgRYtOGUAU59oTT+fXCaTNK1brk1nokD7748R89ElTPNnaChuZ8+NHdLVDCviS3WeatQ/euj25QmMojYG1L8l/Rz2JnhsFSsABMAxnvtv18Jbq9fjP6Ovn7rY+Vq7Hv3XBPJrsq/QmjpyzRTqpZo+UNwMEaIgXumCHHkGPJzLPQwYLdKbDDuj3FhR78pZbpBSp/b4JjmDwc5e12OyQ/Gu2d9l77dbvUwdojxpxYnp1h7Hms2mi0CTssF4gkJSFvXWncaNxhPGyUMka1sc/IMkbs0oyCFoAhoeLUenWFOqruUl9SX1PLbqqBWtxZVKfoc/rUA2oI1cL2LB15pz5u/4IpqNfeKTPzdMJc7r1vq/Y+pn8OGzJHmf6nzrjpNyGzdbPvwTiwHTiwG/0vuutwAqt1Z/LIxFFWj24TZPbkN7y1dezG8WHJTBBHR9CtifwDhxTHV2TsYbfetUlPfT1r227JcbQ6uRpsBx0H0VvPg9J3ycwwn+4DLcMHUcYoieYGWB3xP+I+5oYErLzZvcvNfdsNGDfpGsXdI26JknUXFvp8RarMiMYdy8wssBbQrX1jjqCyVWTQ8BqQz1LJ36MJJaXN0RIxKS2jUCsuKMYUnJmVKgRBRqXRYnzQyHqNdcZlxjeMd40SJb77uPEHxl8aPzR+YZR5tY9roVLr1dZpl2nf0H6o/UKLM7t2/OyPtb/ED+5qZau1wKsEy5RvKO8q2Xbl48pfKj9UfqGUREnR1aUcVZ5Vcso6absUKqW/lUKDUauUSpVaI8eYK6xRa5eVyGnvskqtAuuUjQpoO6ysHVoZiaDO2CkwfKVU46RDKX6vFElPKroJFHZ0cCSyZojA6RR2LTVkFAMfmSssWJDipBI6TeR86qb0mMqDhVKZtLDQ4ZYWaiihD8iUfH7HyF2aaGZPTTSja0vWjz2GfiU7MXGKKBM/efoDUBy07kQ70Ueo4sJ8aEyOT+TmbZIum+wifRrveh+sJ+2jjSy3aSkr4S7vfxv888JE/CkGW4INfY2t4mFsETyOA4VMES5Lq6C5Scn4sd8qYfxgGpNgykWdBiJTXFJRUmHNslnp4kOVuqzqBGgYTXjVxV5yoVUJU6HI26JliUBVDWFk95BtK/yE3oOfOJogFOON+PkMRsbyLNCyOpa8ENuO1q6FRkar1jq0bB6r0hKAKM6zysDdMoB/OssqyrrK2P1l4Bp+XAz0xc7iiuKuYq6ruL94dfH+Yi5aDIrJ1V2PvYSyqL0Ikh8PFv2g6MdFbxTdLZIp8YO7Rezqos1Fu4pYix68oQdKvVdfp2/Xc/oIrlP0ZLunSw+u6cFm/S49tDDgQQYQrlFIflxiWHITZTYzuxiJmgGwV3daB3kdcOjABR0YEtYgIlU4YvpVjarTqvMqjlcBpVoFGNWAakjFZpYVF+kZnUqlY/RFxWUyrtEGLtjGbOM21iY0ILJjNhwqtCyXRT4XbJUccHCEP3sAR4UznHQIFz6iVWK7yiYBdbIZha1SwMYNEng/MVBqnl5RUTt1O8Vk0y2qqSBrQehu0p+lde/cNKsyUUJFAcfP0qVqYdJpClZVV1JYiWlScMZV6GRnuJOHpI7kVgdbfLtZcnkig709kfGR5ETy3RV//Ce1U7o37AfJ7dyBiSWqTegauh2aBYzcEpAP9GtuoDfZZ3rg2uTWnrPw1tyrc+fiaqHj1iNLZX0bZIWlL+xfvvz48a2D/YM9A31LLi5ei+26GP1FtgnXAHm4PvVhm64g+BLwRCSTYXgbTuhtNkeZg+wa4ByboBPPVFyowKmNH9fWjccTvISsUqS0h+qJCbP4GZYt9XhK6SKExRMOkV+3JrxeIPcCpVftzdkBCGcqgCoW/8yQZ5wgutz5RnllHXlpb+JB/zL/F37W4gHLPOANz4eeLzzsJQ8gMu77PawlDJThZeEPw1+EuWj4UhiS/tH+8Nkwt18OlJVA6feE5ZWV8rDHL9HsKANwZdnGMihyCGSxZaS7i7OyMr1L4yKMS3kJYnuQMA1DlWqj5p4GOjRxTZ9mQMORG6gRB6saISPD8W0KxEOQUBENiigRC534VelSOUQnpeUhERhynwZfyoomd3DLJ4WKqnESLrIAUakqQuAjKoqBciLQTVK+NGEn8ZcE1AC4vIK2DhCcgX60Ply7fAWAeU7oR3+WKMHD6DcgdxPbjW5OWNGlCQX3TO1a8NuNy9vZsxNW9prwDbvITj90oYvoL+x6lWppfO32s70zlpxra36rtensqV0TFd3dkqsNHTOTv3ps/hr0++3o5CbJhqT+Eoiik9gOYjh+mqXtjJHmz795xaKno58cG8l7pycoJ7Dd0mnpteyjWtIy3tKIH2607LCctkjHLOCMBfhzQG/OvpzDOSyfA7KYHGBlLTmWHLUUMgSqRJJCpZCk7FKzuTQ1cYipCYGoMWpgh/jR0LFsa0wtzSb/ZU3CLr0nhY3STukVKRuXAqkgWc1MaiyIueNkC0OYrlCngK8KSRIpX4+UK0yhIqQw9fnrQcfmoVd7JWd2oa/Rb22Bt3btnXgiewdXPDHMDkz8kP32xDD6Ys3iY6AXLGYVd4oPH1eze/dk7hz+CN2RXPwcZXxeK2wh/K/sovRVOqPzgo5XiE5I9GiCkxIwFE6MOVCAKwevy3uCygxCF1+4o3BfIWtgDYWkSf9YYqNnhweu9ADo9zSSzV2e7vGu9Bz2XPFc99zzZHgimZoYERKBgrDIDtdh12mXVNjbPO+64pJkuiJFvpgrotbFGg2dhl4DyxvInX2Gw4YrBimPc1SPN+ZxGQwuD6uwW4AdUJL+3NwddmAX+1j3gVsM+KrYVdhXZ+F6KRun9gqdXEFRqPqE+rziigI6FHFFn4IlP6CC5pqumEI8cFPyd2ESRkWdyZNTmbmomjgZKvSmNyynkGDSjIKeK5JJCDoS9FRNEZeqTIvNwOfR2Pefxdll0evID+MlBSCcV8hl3l3rKeHsa99H71qDh3YNThxk505+o7vsqqfWvrD7Hqi7s2xVoLvrTvuMu2ef+Af91m2KgXx4YSfas5NqfZN+aAKfjWKmkZnGxMBARJHlclXV8nwVAXx2vJYoCYUaaqMNpK1oTvByIPd4ZMXFhH7JwOazrMThADh3oOPa5hl0SpOdbSYrtLGjibImMrKqSAzUDtVCJhqIwnh0OHohOh7lRqJH8B0WX6Q4oXCP28/Yx+xs3D5sH7EfsXP0SlVa7TF7c2dzbzPLNIPhZkCGQpAxR8xE6WvEfMQszWRro/Zmc1mZudkerZVK1GqbKABAVpyyCDlFn5q1sWql0uuV0fAgw+GBnMHzMkDnR2R0NJIaHRWIDIMWOkLyTqoMl/tTLP5TJp9k0zFFi0AdbRrvRItkcUIkduFTXUjRElK6Yoap3Qyyn6RWwTTcXWMSWJRJN2PKoU8hoQqgrkBTzuJiRS97edY/Pv58vPsnQxv2VU67x3AZ7sVPo9e0+b96oGY60n5V1/tgZfKzJx5e3zUR6upv98Ota9Ats6851HdcdfbQoZdfPsT+8FN09ZOHGgef61m/qX/pN/9VNh/97o1ludyaDZll30KOOy9+76mXk8uaE0c+mTg61P882Apehwe/PjKwjdu5QbH6NmqXPHOPQVrA/IDULo57ftlHOJobGS/jZ8qZGXDLSUaCP38Of/7VryUYA8hioYGwgcxLWLh2DrZzQMlZuGXc49wPiApNgSvGRfCV6OdWc9DJdXGj3FmO2wfBRlw5dkLQCXfAw/A05OxwJb7LQrLcKIdAyUBcDRpZSNQjcIEOZ6grZpBorktMq/ZXN1Z3VrN89cZqqGFD1XQpJRJqpI3/5ogr4eGxO+rEnmgf8USEZMHhYjNdLmuYt9qtV6w4JSZCErWjCZsj4CR//ezEPgbYmR0MHCGVxwgDlSzDBIhiYcVoQk+dSws2OI2CCKP1Emk0nCd6S0jA9yY6Q70heD0EyO4A2Rm4EJLwZLQA1GFHOBDuCw+EJZFwPAzpPOrbhuwYEaeEvQ6w0bHPcd3BOsgHRXQModpBbuIOzh8AfKA3cDhwOsDxgeuBewFWubJ0Y+mOUpYvPVx6uvR8KceUgvFSECkFvQqwTwHUCsB7QSjsCJQqvF5FacARDslU0ZXCkl9EjbOUin1qQA4U5FmVWliU2ai6ooIOFSCaCFAldovorS1PUGpOJbwk411VPnX8Km4JCIHNOyXLTXFfTU5faS2/Kr1JoBHIhFZNHdeumtq+F07qAup+hT2EQTFNJvMvqYmTuasqyfA1Db02VAESTN3pYEoakBoNUUiV0Iym8m/2jA15LIQc2rJhe9W6uwW+idKqdbi237NLkr8U/fMT2c6d6zsQBxdu27qCZVAmuImU4K8o8+4o25WcD/dPIJk5CeGhZBc763aUa92wdrDhudrBz67NezC2cF3+tRvFcH7S+dB3MmF3j2Ku/vndYd8uUAFefqv/Rv/drsFzgxcvkh9EZS4f/Um2QfoMU83UUR8+g2mHHRFjBR/wBxoDLM8EgIsNBEobQUkpNrkZxxJ5kqLiInovBouj2cRfFiT4KOiMrozui7L2aCO+ww5FzxAHzURHsLvGRk8hRYTaMhptj0TaqSxDLXH4EXeCrwUrazfWwsbalbWwlizwRGqP1J6pvVDLMbXY1mtrp4XD04jJ5Cb8xY3F0F7sL4bxYjBcPFJ8pHismOvDPyCtAu2GnJg/AjojQGjD90buRSRZQ5HxCGQiQEeGX6+6imJ0CFaIT8PhMAiEI+ELYZYJkyMzFB4OSwxscSQcjhSz+lJFDQntAdLjGFCAcQVQBKsU7MZSsBGfg+ulLFOqLo2TG0cp5EvJ5j/EdbCZrg1ptXoXhYIHHQUxp1OttAIrjhRAZs+1D+GPgvS5Vto32vfZJUo7qUEv2AGDQxg0sHYSanIZO5h7DOciagLc6ojkEAgcvKK/rr+nZwnrdkDfp+fGRVicCINbsGpVWnGLSYE1vKRzTnixykWeULGKpAfDVO4XRZmFyET3cWgKsjB1rFZN5vrCWZsCE18lkhdPGalNZjj4vBRoBJotIfZI0yrbZNuakmuZxOlVJQ5EleUiM0+5hFQBU8TyyBniZg0OoosD39oBb/QePq4tXhHpQTf0hx5Y8czQluMoNrprT3/3Pz2GvnxuaOgmCN4ZhCGEALxbDILoHPlm/x2wCE34yH3u3sShL1c8/m8wn9399e7F39Is3p8xHzDoaXQr0rJi/66tW0/s7mvbuv9LtuvLF/GfPeirqq0oeys6CiDq3sWITCyfUW2yPOZdUcs+mzGDNibByKlQtpxKp2crs5UGG68DPAFOOHQR3YBuSDeiO6LLyGZ1qVRfp9MYbAaBw9uo4m1+G8R1q4GxASdrc6gdWeosAVTXgY8MtxJuJJif81PJJwSC+nEmQ+hnsUIbK+hfEBQGJeUpjeFV5elGfK/IpFYztd4XpigMkMoYNrX1XCmQDZNrAQfhBE59M5LtYDp4d+4QWpUEO9EK9BlavnrTioXgP0FZMg5WgR/8UvI9whCJJpAE/U/Pi2AWOJi8OoH2g/k31q0YXgKawJ8mLkKloPQmIFSJsvMrJxkd/vg0jI4qXGg0Cl7N42JJajThxHDWawkLazJlMGk4NUm9qd6OSqVaqQCkFQntrIJ21jWWmCInx8bY1IxIW0b5OmaTph/oE+dbZEYhRh1xvrUgjb33i/vBk2j81Ny4PJSG59Hdy8lPTENV3oD4ObrckkMvHhgFXcka4AJfrFuOttxEn3yOFi9ZAv4dFCS7WSnIBy/89IfSX63fdQLdRFnof9ZtBgYwMvEt9heoD729eQAUg69AJjiFml9Yjy3PTPdjXsLWhou5iE2v95ZoM3mD3QBVrIE3mUp4tdrP85lZWSVsiTC/LAEzI3UJr9dtKbAXgILCjTk7ciCf489pzOnMWZlDHsoyc4gXysnhivx+dxnpM+wrw767TCmoRxxPZHAcztZTOwCziTiSG7jpqMitdjvcrCCORhJhcvsaTr/ceTa77Q0KTpGSWkiQvooYlHxMKrUTJSbS6r9CkneC9F5Fp/DpTLg3rYmUSn3LJ9FA2aK02QKNuAxDX1WT2mLxiyhuga9WV6VL71UbBBlsgUGbqAQRkzdAQJetxD0WyJp3zP/Pa4C7eLFh6/DJjlloYvo3fOy1+Pk/RCaGuW1z0QfvAvPCOei//+Mv6PCsuWD2H28MgHsfgflAARaj59CtG6ENOw8+NG9iPfz9S5tH2av/l65vAWziOtOdc85oJFuyNJIlS7Zl62lZtiTLluX3awzGCD+weYQyvOxSmlKgYKhDKGGxS12WUgoupSwlaXBZmqaExg5xCCW54FI2yyYseLM05abZ4M1lU5qwwc3SLMHWcM85M7JNthtbmrEky2T0n/91vv/7pGXSW0AALwFmMv6G9NW3v7/34PP/+fnQoe6ffAS+Dj4kNbMbr4F3uJ/jmjkPZ71vvj7lUmJ4HdhsxjQ+DXuQlKxs6gZSxWRfABnw9e3IRgaUna1QUBgZA50LtFhuGoGRKlobeaPTiGyUao6UtEYZmmGJGdU5BYiyP7TgMM62kV2VC9PEFAlGG07Z2XvEpVind/KmLz/+0fo/F0iqokttpXKHDOWmJetERWWsyRopy4NGV24p7QulnYBvAFxnSq/943e3gH+LbwJp4AfLlkpLx6X3/1vqWLEY7AZ8fB+40HbwnHRZtV76GyCc3hGPXQTzpd4nVP/03nvS5KG//7okSR8c3rr7j6Ay/nX4Y+nCR33rfglyAPzGL/ZJnYe7t/eDgW2Moj3wIfd3jJWpYGpB6CUy4z4fewobqQhstnIy9WM2TA0dEEKW6Z1Rg1FnJFtNRrEyGMyvqSn0OZ3+7OxCeyEdnlGWDn43DYtdmJ1l7TrkLi+n2hkOkePC5aCcsOsRzdv+csTgDB4v4vLUVBwKyV8sZkpA47BYXOzNJz/6mXwyDOP3u71uWRfBDRbjGuKaF3jpJ+3t9HZ5Ua+33zvuRd5HYWPTcw+ya5PDuUzpIsf+8um8eSYEbOZWpDKvTFYcISEyzVhWM1dVKkvYN2YCV+S5OwsP6JSVFxGkYvbLsT/dAez169/67s6qOdJkyzqvOrJUOh9/Fq1b9fozb69Y+vZPf3GjZf7vjjzVdPGONLp67WfwavBbxdKJ2eC/sDclJGJbcMx+MFzTfMvvn3wePhwevKjyS/dqvedxOXlEuveDil2nup//+RP7utf+8B/uDz0ff1PaumMt8EM3nHRP7Dz74TipNwul/1Lf4VZOocoDoO4Vmw0naTM0k/ViWpoBp114MWllrPcZuqHhR1T/K9fvCzhpN+sJXNzdJPsEhObFwLQxm5hB5gKjEhhQSCM0XltEhALd9AODH+ic/kK/4EdkGr3XP+If9Y/5OTKcTgbTu/wD/iG/2ukEPGV+Rwwu0QacSI8YP7Y0BqWwKeTfaUghRusSSYIBU1M3EciUw4D/OiWh7jewNmTI8rAeecvOwYI2Fij6nFN7C1tm0oCTzU8mkOhLdShjm6uUuqvjC4QbX1jxgQQTi0yqSLfxySYoN6WETMgVyeycC78shqLxXo6P96KC+Hexi/xGi18KSX+Uxh9KNbUt4ORkfIvqrLQPdE9qQLe0D92X9sV3kDNYtAedmFyx5/7l8sNb94FMyQHennxu265V59mW/fsl3f79++msyX+pP+J+htd3JhPEC6oCfFvIi5D6pg1XOIUOXOogfWGh11/aXgaYMmBGZWWpwbQ0Y2oqnS2aL+SIBeaQN9QQQt5QFB9OhIZDl0IcGzKHFoe6Q334AU5L2ahNOOQ5CW8UH4JpMBQy6vTnFb8xB4dAg4L4MRjM1G8QKo0KQ/RCFFcNUZmQyhKLRh1Be5DCqRPuw4bdh0EH+CkXYvNhw8lBfgWYMXPe6RWjOea3UQeTJ7Zx4MmE/CTiOMqJ2mbrkeV1hmwjtlEbctqA7azM1WuT+5Tkw1c6ygpbHq28yxOdyBnZ4zSkYzoAyPPhU1wHYQXnQ4W+wjJBlOI3imf4DaoPQIIBVcSdWSpYrXQ0E0dqNXYoR5ve+fCzkZFvP7Ejv/2zlrVu+AG7buJwu4qTNFv/7YI9Y93ibkkz8Mn23p0b+1huZ/dn3VuhC2iBEfuKVdJx6cEfY3M+8JZOnkbll4ZH2TPS5Lg0Ofn8+m/qj3cnb4BXdjZIO6QPBSfQgzXS29LwKrAaJ4s4TthwnCAZaia2oXowdzgcFmoF4h5qcWk5Cwfc6rKy2pJIJFRbW1kSjVakFuYH8uXsKx/UvoKTr5Af19DisGhIQSm056mmyZBWH8HJEErNdTgdsqaS14mXP3I6sW+pMFfUJ+M3qcR224BNSKtIUwpCvpiUlNpTibNanIDxlc7KwkpUWClUDuDqma20Yp+lRzabWYb4z8VVwyb3XfdDN2pz33TDdjdwuzPIdCYcMo+Yx8zjZrYTH6BZyYTNSsu6OMHENMW9Q0IKgRnTeiHhIJTIoej6zpjqlnE9CTrxBMA4YS2kmc2py0rLrAyhqi+jcrLTo27/m5Uk4MVkv5FRvxd/Ys0TE+vbP5IG4p2r54PqP334zdi2Y9J/gn/0BUB+aRm4eb/62dZ/+0S6fPlv/nbY75daN7m50fdPvPkvT185e1r6VDq3ZBk2o98dejZ598G++HGpb9v807836t5cDLLvrFhWum7XZCfQADNgZdaLZ77yxEi+f/IIKvs/594Bp/eM//bE37175Se/O7hhDXicYRkfZWB9iUmhe5EN4OFLNXWyUFBNTWkVX4VjfWSWYRYwIjIfWU8GEmaHCN8wmaeExHl0hsZDLC+7FHd+LBSyphtNeWSfHFqRScZwmXBamCamplrD1gPWQesF6zWrirECHqVbScuwWPS7Mi2bLAfobsc1i+pvLEBnec8CMy0BS5UFWfK4PKDNmx3EmYzT4YQm5HKeBbXCMjHHm0y6gskC74xx5IwjZ8mc18slI43P5Zgdnl03u2M22zkbDM0GN9MfpkMhvT29Mx0x6Xz6UDrSMi7e5XR1uVj8v5jucqXPRlFtaZTAfi1iZWVbKSilVYPCOY5KlaqBHF/BLrRUq8HX5WURvxG9BOkE0evUgmlyT/pwdm5M2wNuAugEoB10AgiUcg4oRgyUco4yF4fJqDgzVVbMzHvkkEdCW4LMOEAHQhPQDlMF5YNauZJykMstSeNUiyVh4NjtbZnxS4lwqIiwKoR3Lh+xeNWMqQ464VlahlNfoKKCZSRkyoMf2BHKW+r4FagALLRmwQ+lew9uS/fg53b2W9KpVVvB+33Sm9IF6Ur814XlYOHHv7n02HxpJSyOFoGCZvSXCR/41s7F8cnHgAZH18MPwU+FAqlAGpPuS7ekgmgl2AEM8WMowv3YXrdcOt/dDWbF4od7l391/GuPbWncvsHoD+as6Hw91lS6Qvp0XnWHFD00ui+2a8sTf5QOgW9+vG3XuoYjo3I35D9wBvVzpohZCDcKnvACoF2QuQDqFlRUlEUJNhxGIq2FhO4EGFBGhiNrqsc1R/CKbVkdWXezUJYQKIhlCe5cfGfNijFZzqz+LKRFWVk6yriiw46vWsgWO3SbdD06RGSwIUMJHzt1rB7pdK3u5laZsbZq3rxmQwzY0JwYac3rxFn19XPKSskqK5UxF6mx0hqhQaiprZEnljJtNhzFyLgRnQps1GfFgkG3g6/je/hB/iZ/l+fqUgGfmoaLMFRLVxW8gBcWTLIAS0FhAWDwXX8BKqjVazTGJIMRaFGSkZBpV4uZc5rnLJ+D5ggFRbE5ZE9yDgHHHZoDorXAXOutjdauqe2u7avl+msBJDrDhYSyg0+ClKrjZfzaJGU6gFJ32HCakMTPqU1Kqp2DPB3NoKN5U3NPM2pW8gE6cuXGCUEzhIYcwLfnAIZq2o7m4BWZk+NR5xcht8dNrky6yLC5yOBxeOBND+j0dHmGPGOecY/Ko9Aw01IvMf6skK8l4CfllFdtC0GdrKTDftNsHRWkq75SpuGy0Z49VZGbHoHKsPFXA4EIJXme4pGZ7jROwUNl/raZwy9bCIifwqxWyQirBJc3DQoWWWloKlrIC2z6JaVlHtKfIdh6ZeJPnVMmt+XZHE7t9HpzOdYP/HfI1Ovq4aNHv/3jO6v3lG6c9aWVd779UlNL/KfSJbDuDuCkB93f7Di09sPJ+4e7QKMXaPQFGy7Hg9zVndInG6Ry+Hj8KKiBmX5f/ITkk95bslD1x/Pnr/zkmxu7z6zf+GeQsXtH6crZS1qlvwDu6W/vXPOtH17BT//4m62Lln/t8zc3NOB402k/unedD3I33jxTveHMjR9oDBuftXR+aR9RpqBzsD/FuQjp3beBvcNtdbMbZpNtoahYX1cDNtWAmpqGJkLPARsb2+XCsAsXhgPeIS/LeHkv1CKvt0HNqwHlEqo7I0YMhallRPrktEg2cEuFEtFu12ZnZ2Tkk5jRbCFEl/lBK281m8zAnL+8cn0lfKESwHyghfl8ZX5lfkVZqILOw+a53C4S9GpEH+Pm3dDtDgkG0FEGhDIwEAJdodEQNJSFQmUGhFpibQ3A0OBoONBwrIHV4pCpRw2ULiehxD13GGc7KkR+VDEIJ0nZ4jUVUNEoouJVnaouVa9K5cR3/apxFauarny/UPESLtMp4kCKVQ+vLJ7CsyQ2gEggwE+VyyhbZRwkHJhZ7CRWxJZiKj0xNVVSWJQje28E5WqnhM7wzzDHVE9JgjOCGCBF6Sqc865USkfyKEe9elQqPw/ctY3SwZEj0hphGVixS1oCk3WstPBoQfT+/I3mYP/i0dv3z53bv5HtlfJZDcyXRuJdsJ/conekq3dIJ/wOiNwBZunOC/3BroMbgEm6t3NHV+zwxYLyG0camybb0fzr5/feugdsd8jIxp0tfV3g/XiktBCkbdwINqwDLV1dXW8cxv+9wQAm+LBNfZ0L4DzkyK8ZiMM2dqxQZ8A1zRlRx7MMUdBpE8yiTsNS9Nxippsi6NQORilWaGjnteYY0bSETshArZoIKrbheGDQODRtmgOaY5pBzU3NXc1DTVJYQ3QtezQXNNfwQ2rNo3K1xA0pQnvyyGaAqFUa/8dXEHiBHyybPKlOi2+ELfFheP3+0i+j9yfd7Fl8RT6RmqRxSS99QlRoHwL1B9wgU8BEweMCb1Bjfx4EAOVlZbk9NvwPDZ4Rbbwt1Ub51yNMEagRssRNkZ4IvBa5GYHaCDASArL+CEpHkShPoGZVOGM7Fh4MXwgjNoyfDuMiLszwBQxJAzNFoaC9YIRsJ5GTTkqwOVagNqKCKcNf+IqoUvFplLbTGZFpO1NM9pjFwkd0GXqeYIoWCyliQdiGMgmuCGbJaCKndxpNJBgInMjt8WTmZfgcmZkZinSoPI4F2zM7M/szhzJHMsczOTKGCDP/h+JtcYIqXRGLJj6faq1QrdAEYj1xQoehpk4TyzJBbGBUoA7Yk8s9WDRFgC4rWpJEqERppie2XIkfV1F/r35OKrsOihYulio/Oyj9w4+y8/esfk76ivT7PnAF7Jy8gfzABoa29g0dPPpDMHvy9Xld/3HpwYYr586++Cb6qvTCbx/f9ewVcFwqGPiVZeCg5vjZ378ANL+5Ct66D1qk4RVLBpZ1992fO3LkxQumQwPnnh0gepbSH3EleIywETBOpgTXZvXg/whBxglKvV5fRX5hYdRf01YFrlXdrIJ8lbMKMvhuqApnulXuiioULaGpcLb4sAQUlgglvSX9JSxTwuPTdnw6UMKloBI6GJrNZOEQnSIastuyoY5sBGXSJD1JzBRS+FgmAVs3CU5R4MAYN85BhuM5J0fq/S6unxvgRrikFMRBGdgIsY25RGQSeFDIC3w738v38yqyKd+FT0b4UR7/XWItr+YXxHheT+Tj5r0sWoRa8liWP1ZbWxAsIO8VZAqosFww6LdwmSWsj/HJ3UkfaBcyxGykYlTAeBMHUap6SIkWkY22Kwhi0a/iCfy6GhdEdAeLdJepGGv7NPi6XIGzrZSHpOVK8xFRtCkREcULT1ndFjnLT0zHTo1PKD1redNyhuo4oQpgiSUBTs153CUlLp5M2OGj0ZyWJhuZiiBtvjiMTaetcW5PuhPvg/wVw0ffVx/PyDjR+4HUL33Q3SuhI76qz19+/fnXd4+q/Qev3gD5LYulF6UH0n9JP6h8HFTdeqHv9D349TNfj7/w/ckHO/fc37/rEHfsYvuVvceld9ftY8dGpNsfblg1dGNAuhgsUFX09o/2DawZl/50sbNk48kFz/5iya6+xo1HL2/5LH7le69c+HVtfpwr9YNunB/YcX5A9DudjA9/XFHsVR1sNnIyQWB0Mkyy3RhmQl0hSKh7tBnJVq0WW1LsVdGgBXakpUNv+Uwetj2taMgHOpQf5HODxPIMoiHXkQtTUG6aPtVA8gZCoEga4pDHWaTclPZgSwuI3nwvhy0DFDNFfJGzCBmLijhoQA4EcxGxXoQ4hgN+ZOeI07fgN9Yi1yb7McI5IcP0kV2JFRTAT/RJ7NgH8C4fkbdPEi+4rrluupCLvCjTH3ORlkUi5CfIwqZSy4A8NI3v5Q3PKfswztCTftRk5KcSE9e0j1Usb5diV2VKVeeySrvCONXsJDeIrcSXK9OYp9J7fE5bWNysT4cm2yf/80+Pj16XVsFZUhr4CKd5n0nJcH68eeA3uIKtfKxtYujsyeGhk2tfPPl6/zng7j64a8P+Xb3gn6Ur0jv799jtH74I1n0C1nwCBGnkE+mZT6QHt9T8dzaqKnfuufLsDunFbYdG+/ulgcoCaa+0A5vDMjK9TNR4id6krDYZAvuEDLO7zw21Ol2GX+sDfLevz3fIh1gfSKWqMLgIo1ohqWnOGFWL8UOfj7UgEyszhNvFNiocf5dVhMERK7hzYgyLrYWMNQ2HimIs3aTwMG5sD0aR1BhhzwEPyyNPDu/MwSnnadFpl+tAO6h7VcwyqvVUybpVKBRJ3MflC84E4EMN0AhpuTFGI2igVuPJSncEDfkEB4L0KD8/PY1h0mW5E42TRRkMtvpCRmBYrzyEhl3OzKTjVR0lKM9wEBdkFgkucChjJGM0Q0XoI8YyUIbSPsiQiSBkniiFQ/MLI1ikoUmQmtPSv/TVMw0pMew205gUfAUVe1hJMkbj1G6x3CtIfM20olTFivAnsUEqBKPxezBSPgtkr/CBEckMhqUWGH0gSB8cvnx26JkVYyfPnTkv7etdt66/b8OXwFmQDBaC5C075//LN6TPsBP6TIpJn6n9XScvPbdbunhi/9XjR6X+crfUIL1R6ARRMitil+Lqg9wPSQ+dRjof9gkRsF6wkpoSL3ImFzA2YEVqdVE4rCcIX7I5liMoDj8F+X255DGPSEBx0ICjAzY0n9MHh3wjPugLMQE+gMNaIJA9I9phj0MB+3Ksq3lZzEy3kXfJFg3pAH/rBEJLXZhOWk5D6SPpY+lqE0qfinGzXhaRhkpIG0VGw2uwq9JkI72KN5moHKpe1KRn+vwqxmDCyddfI68h/KomOUTVEF16BlxIzDcOMbAzEaP+mmGYEkT1zLQRkKmhmT9Pl7XFlIluizJplPHPCmybEi6spCLQivtQOuIJ+mmKhlHikpGwF1otxSUqxTpuDQydPT6A3A8ZVWnHs9KEzbdt1brJN+F78V7Y++Dwxf0Xnz3O6aSt77wzPPHmcOfqvUd39HE/3HjoypG+z4Pqxs8vdn07a3cfu4W9IR26vXjvttGDfe3x6DpUenty0j/fLg1JS8p9YJ1sH4QB/1eKTynDK66BaQavnmF9Zh/U1ZNLqrXFCJ/Ly7mF9ChYtYYYKwCvcEm4JdwTWLNwSDghIArMysmnwCyyEUGPZpsM1MoidPYCMGL/EzU11AuFTbFYQ6imqipUaDTiD2xMMOHiw2SKWvQGgzYdsWzGXCIh9Cp+dM4cwTPDCfHYCbV5OjxIhzyp9RYdLlIaXhF1Oq3WQlkGtbJfqsEhjTZFeTTtn+qxf0pK56irmfuqyHiyQo5oiPDb6UXGqUUZ0WhDdHFU3sgxkmGzKB91RpEDRmVnU4MtMjMDPJXxWsZbGX/IYBdnAOJpqIZnBoAZdAJx83TWHFiZEI9Xhp2n/MuUa2Fs/BvhabJValoJkNe0hK88kkYa8EQiGv+XmLwOyOhG4o1IGyVBz8Gpc+REWwlwXwxlHOfBaVJC8RdYSLrkNZa4ZH9FXVQ5mHD5QX5JGJrjK3p+AFMiRTeuP3d7+eS/frh493VsRM8/c2r4xX39Z/tf7z2nhqtXW1xPrY99CKBfn2edHJJGFncDDqwFUJIm39/Vd72/t1v1u9bHSjdsuPPjA9aa8r0fXT6+PcvxfhhYwfPYeE91Sc/27RzdeSQ+6ndLH55f9wAej/dWb4XCdYn/aMnqi+DIM5O7UKw6GIc4JLZg6yWM0x/RLD6FKtM6sAXXwYzXCQEdzXBjQp6YRzoMeXnBYE5tR3VP9YVqRNTQ7lajFJ7ibCmLB08pvgST2Rqrri6qLM/n83P5XFdRpIj4rSSxvLw0opjAsGjmyRBx5WlRrSPPzhXXR0BmpCrSHEFafLc88nTkDxFVmwVAZWThmIV0GZEDnx+zIIPaoYZapBac/lgkw6JWWzIirIfx1PP4X52DnTKB2tgVk52Fz60UQ2LFqVupqOWANhlwyVyyXt+RCqAhtS61LRUdSwUdqZtSb6aiVMHuiI2lgtRUI84ZtSgaNRrp9hPPGEEtfjeY8LL43bxZ0SzYbANa29M22MwDLf5mEdBl2XiEeFsWq2rOAWyOOcebg5SDMSdBScLk8DnQAXMSftYizhgi/yvFgMJzs3lqGJNm8SuVXSjZnxKeDwrc3ZKgclRm2mbQs9O8cLMsfR5I/HZxgkyAtHWMUzXFKpk7hFIzlU85Y2WYV0WVQFW055ijuOm0R5AtZQl9CMUzv3/+3OnD78BCVT426nfBqvG3T3z0JnA/Nzly8t0Hpy8ef73vbfVxKe8KqGhaKP3pFener6V/a1wIPO9JbdAHdLDy8zXb9+1fsX/XVu7Y1r1X+g5Lz4IzUtPVq9UX97++7/TJ5188+Prwe3v2jO46LjF//lb3/gHAxe9A70Pm6vbu4/duE8bRzuogjvvn8RKIyB78c/UY9wvGis3FI8/MMbPh3wuGWYKQQxDhEBe1RuRUms9Oagsu/BgZEs2gzEUZQMAB/poL1LkOuCCfCVyZrswsZSRUy+QA0nAOFgZJZ1InGqKOaDiKTKgiKgs8keUUrsYPlFWTB+xinbbm+zVQ662J1kC2prvmRM1wzfWaWzWcvoYGEIJXrwFMzUAN5GFNTSlTiv+CrxTbEPbJVnzOWPHyOiOaGQ+f7SElS7KYKk+dksQVP8OzBtpoqhQaRJ0mUAGWV3xcMVGB2IpoBbxUAdZUdFf0VaBA2fqyp8rQcnp4uuyFso/LJsrUVWXLy/6AT1m2zFwG2TJQRv5Vx43mWMD3lA8u963Hh6d9L/hUVb7lvo9JQm32RX3okg+wPjnHJkJ8XIB5ioHLmfUMzGQCTDNDTj9muEsMTr368IPZzdlwTTYIsE+xUB5reJp9gVVlsgG2mUVRFmg1mZqAplnDVpT5mGxWo2GzGV9ZhbrQVlDwQiFgC72FiwvXFF4vvFV4r1CtpdE3xe6JMYXYlAqz8Pok7ahsMZxcl9yWvCmZTU522ECP7YIMDmi3DdmgTUHkPbIEZ/B5K6pRU3D8GWqfZAr1Ec1ORSNq5sTpNFpg1coZT8yAoSjLeLOyjmWovi1MeVVL/gqs3vJorHo0b5qeikpEKROcLznBWPxTqAfZMBK/CiYlFq5+EJE+PHHi3MHjGweeGX52P+qV7rHXN/1Gumh3Xl/XGW+Ar0/f4l17tp/v61vLoiWnlpwaGDhFDqhyS9+b/bukE1t33zjcO1HKaiY/3bg9rWtN8qpsqFsjSSuAptwX1xV4lUj0H+px7ic4EoVpP78G51FNUC+YCkKkTg6F8rRzmRgfg9oYWYjhSIweXSF6FKzYZ8dihjw11zRHbgB1cayRKpy9TFIgioTVZsa4OdwcrddQZqDaiZFSGo5q+PIavEhOi3wR6UHmiC4+3WAF+FtPuKkgYxWs7dZO64B13MrxyGp1mO1mkvR8SdSWZZaRRUJWBvd9vERgmZBijNVFAGyLPIxAmRuqLTIYuRDhdFT8gGfKgYVI/7bxKBfxJLiWRcp5u50vj5SpmCRtnpbqh8yup00nQWfLitXWVjGVeF1XKrNVldQJkcdmzwhIguATDVXgQhXAISilvgqhqnqkCrTlARrCmTw+z5mHjLK8Hy4I8xSAap4cgKoEG0n0/9cYlEj25a1j2f5XPWKYCXA95YdIDHnJAGsarDoSReDUTtpmeQK7PDBNKaHo2Ca2GxReS/y+U9GHQh+oumQxme3iiR1TlDaXwM3kErxdbukU50BiQZBXyoHqww8eP7f/OfTupVmPRRcthdKzv/dmStvf7119Eaq2S6m2cvBH6cWO3z5rdFbWnzsIP5HKCaXlJHvkxPDBo2OHO4f7+h7nVuzccbVzD/eT44vf3Ltn4vFt65/QQF0jqEbzF4nx5+K8dLZXAE64A6WNVW2ePC3t3tJrZ7/xN/MXHj6K9u2ULvf2wpaN+2/s3yPtarDH9REniFw98fb2s28SrI0d52aEVSSLCTHzQOlwZmYNkewg7HlzY2RNxGL1c3BILiTtJ5tYUmRPT2dsGo581BzHWiAEaQyg8gsMY0sjg7NnxOLiUFF2SOZSy89OTjakmNkUltSExaIxpa6orQi2Fw2Ru/6iAXzCpvFMtjO7P3som9UVpWWnpGSnFbHuOkM9LhzrlcKxXikc65XCsV7e94rhSOb1Ggy+NrdMvMp2uXvdQ27U7u50Q7esJUNTixkSHdNME4RXcgaiZppGaVoqgWyxKkx+M1glE+gbKhaHcowemQGYcIpNkUJa1WQn6ovaB6kyuyRhknzEZxKLmeUFy/osWS3LatPOqLVr7nV379KwO++dgNh5Sl2gH5jBM9Ia8GDCVPu9n8N3gPny5SffkH7vtPWvPSiFujZf2Q5ygb0C/O2hvYX5YBbYZureCI5IayVJei6j6xlbfAn8lgfeeG781q3x58YluGa8t3dceucnLxa9uEx3cvKJ7z77HEFpmqW4+gb3M5yjCEyMaWHawQ8Fny83N5zn9bqDgQAbTsOeJDub45wsi+toQ9gRhhYUDocyXlOQ1HNxOm6z6YRyFEJ0Cql1Lj00t9PDrKbz1Ku48cvJlGoDzlCIZDZyOqsZppoABVLEmgrmWitoFXTmGJW73YEL1rrmtuaOZjTYfKEZGprD9Kee5gPNN5vvNj9sTtI1C/mhGNPMN8Obs0DdrJ5ZN2fdncXOErAvZ2bxs2AbA1qbZzHMrOZWli8pMhCq9RQm5AwVUhEilcy13h9i9aH6esMcxxyYi+bMoSPk806Lel6xRl6xRl4ZCeIpB+80gLdYoTFJbIGG6UCPDNgLBGTm8xlj/QFFoHsGeljuhM7ontMqU97xp3GZcJJyapORp55IFn+JTiGAp5DAVBlSXUzsTzY6fKMTP9NkOcoE8+Xx1zc/uW/nf//KlPa3tXW1yVzXM6WNv/271Iym5qb5j69s+frZDYs6F123DQEdsAPd+fN3HoyDSWCXbkmd7CrpXvwcbJy+sSXDl3+wQ3peqpD23nSqD3eZ6n7xmLjk4O6tWw/9/rF2oXLrmpZFP959aON3vtZ1MHts7P33bwzfuDH8wIzuTfKrVqPsvdJze5Xp5/e4XzFu7KEII28DVL1UWnaWQvXzPR5DCERQKORz++RxCR+2HK1IZirqipAeTW0ZVgipojc3mtuQiwgrTzQXDecCOkQRKKBDFMLSHH+MSB0NRm5G2IekVgxEXou8FWGraLX4cYSNCMFILEJQMxFKHZcbieSWoga3YRYYnAWgY9bgLGiYRYzu2KwLs1R6NGuW0FDRQDbndWJVlcWSllZhTTeknyVI8xI+WnIeVOM14KAdOQeuzUxidraJIVWh3YCrSiNKslPi3xSdLsldQCkXPTFyPGMwxwr4cAHhqWsS14efCsPm8FthGBaC4ViY7AUZoknhcFLUwDI1yyuAucKLc22ceHsrFuOTQxXDFZcqblXcq0jimYquCmiEFRo345ZJe1U98AAZesJh+iYDSHiGCYY6ZXKHxOnEvFMCxzw1NhqQW7lkdo0Ok0zNgq4sjoQT3CcysVwxZVGditQdU1pytF8yNRNa3vGIRidxwpQuRW6iUFQjB8pmdFIovLHMpZJbd2VT5aPKCvAHpvhiYv4NyO0G5XpcOU0e+P0/LOu4cku6/BeH/cy+7ZcFadHEwqMv935l1brD8Wx1vnT/p78+NHJlTeeLOz8/dXTrnuN7gWm7VLv1+UtoKbCh9skh6fbk86q/nNLN3XznCvulr259X5L4Qv/aMyNdX8/Oenvp4WTduaJXXnx35ZPvDOz/3pO9Xc8+s6L3xN72M9LI+FJpydKld6Re0Ev2Oh+WqT/kmpl8pkBREfz+yzpKetL0qpiUlBWMZEVIYlghduSBljwQyKvKg8l5GXkwz3jTCHKMgDUCLWN0GguNgpHVGW2DqQDBVKBnU1PTvTba5T0jutKd9jKiIDGMCzUVS4J+vphSpwIGlUNVp2pTsQYVSEEqoiChIvauIvQOKlVpWUlluJIgmtaIoXBdOrhLcIkEkNiejoT0AXLeiQ9D6eymMlBXtqkM3i17WAaZMr5MKENC2QA578SHoTLWEK4Lw/SycLgsHVmuZQFDliNrMOtuFqtjskA2yqK5xRmcW/gtFr88oJ1zzQI6LV2WXsuoZcyisuDSaUodXOnwrkrApqarpWnlyqksQIFOT2NNFPvqWElgiKsoZoVAEWfSIBYWWQm5M52hJA1hWYaLs85QqUzE+RIWYF/rwm4alHgs5Liw/JORkcuw//K5c+u/quHAOM33ZrE7pFkk74POByek+yrNpUvxbZcuwT2XpOpLl34G7KXgzn1wYnJSWnFfeiwre3/fi7f6Wf3Ep/23Xrz1r/NUJ8+fj58eGRnBS9T/cK76De7njIP5laDVp6TwJhNvVfNUBzZNZLVAa0gCKRDf6VFSEptJC/X5OKG3sSxjDuNioYc/wLNkp1rgO+luNUdnyfWIZxxEBSJZtMvDj8qGj/eRDZ+XKciE0m1EptndTIogQ+Lykp3BRJfVRGNZAkACp1QUHgWTdKGm+BBsl+zf+fvapqv9ID8YAWtBEB6Jr4VN8TNw7P7JlWAx0IMWSRp77jQwgctNPd8C+6Ru6VNpGN9OSR+RvKYSx5K1XCtOUGQOPT8z9HK23Wqnupc63sVTcd4cl9+bThn0ikVHetgFel39LogNvS79QjoMpx9Lh650V7rGYB203rUiHWMF2VZGz+uhC3F6ckGTRY7TmE0mVsOSi2YROzTXNJBskhRqOjVdGtW4BlBczeYEgcyMUeFEMU74z74oxVVYlGNOhPuSkqlrVoroVkUelCM5mYVXr+2++1t3wVXTTqlT+lBqc+zt3XWc4w4+2A2el5ayq6VOMDDxLDmHF8GA1Bno+X46OrpHt/1MfBQWSnMHV7S8ByPoRYm5f1/i7t+/T67fwEO1egX3S4XTjMx5DL+cadVZybWyiaZCHRjVAZ3OjGs5gwZYkUaTbE4mTxqwhZm9ZjhsvmS+Z0YU+26RdUUFI/YqjHnUPIYfh2ajARjIb3hEFdiEetAFdA3dRCqECO64CwyBETAKuCEwpoCQ9UYKPqbNk0foW1ZunpmNUXjZZuUaWhN2hZcwPpCJuARj4AC8jO3qsnRj4hC5KuwGep3oObxC7j/nHgfV0qXPn9m9h4VgqfR8/BBYKx0Ba8mU//aHeeoxXE2Z6D5eNs5ZAsw/DaekqPPIv/XVFHMMaAVCfNlE2P0dWW4D4WexuckDGaLF5iAMmDdtwGA7QJgwHfgBvcejltUuDB6Q2Ng95lFZkIeCPLwxj9mqt5KXeEWTnucd+jY9rNP36Af1F/QsoXzo0o/qx/Qqmf1BEfkNT6kRymRSCiRPQeRN85YxGTb+n8m2BmWZSkiwygBr0pvFJznY1SUmjIALZ6FlhLLs3pe/X3pxQHJK56Rt0hh8HrhBP6lgJt4Ae+BpqSu+hGDfkBcEm5akm+IHVL+Y+E2eTxroB/7Lz6jyP/ts8gr+L77u6tWr8dpiccP+dYwar9//Ul/i6hSmRdkGXSBtOCPD7iC0eaQDaWbUOHEyq+WGpMlKW5XERCtfFpN1WdRL8TEXtTx8kuXKcrFJBsaAX8UayC+tEMnMv9PcZe4195s5wQzqdG062EYw0AZ81qHr0R3TqXQ6UmkYWAcLFeVuniWhkmGBzaxjWZ0ZMZscwEGnBR28w+lA+Ivg7k32mIOhnI5kz3OQKrGydUwbbYmwtA0yRTK1MtEBCSTGfaaoihKNjBltvxkURiRBIqwY2KxxlHIVEwFIj1E5lsh68JXqvfe3gnOsfeIW8p88Gb9y8iSMnpS2njzJPj/5+dikysvVvbdr4jra8BAHl/hiwJAjLH/QuEE1f2If2006CGdxrVhNZzCIYvv5l3gLAZnki2F+E44mqIO/xj/kkdyKwrFFi3jCM8rzJm1yMvaSJg2Z6rSJrMlripqQmR6GTZdMt0z3TGq6W5wu7xYLKcRRmAQTNEOT1iDzjiLtMXwFIcM4yNBCp7Zfi7QKkJse7c6YVp5NkP0DM+UdFM9LPYOcDZABAjn2yPZdmnAK8B5Y6itCc6UrE7ekK+BBIfJN3CJXjdy4lwq+8uTnS3f0cqeGpKjUH98BuggOZMPDJPVxHIvlLK4clL4UzqH6WeGwORSR54Bx8UKIsW+GHoZYosZ8l5zocDljTvJ4cnMpH8VCYZ5YUvoasSRXJOZwlJcXu1jSnYbr2dfYt9g/sCwr+CMxVnDlxNhithTo2GJzMTSUFpcWZ5nWmEG3edh83XzLzJoV2jPqdv24aiUGPmAeMY+bVdCsHuIAx/lxwg/qGGBgAI9w2uUP0ol06PfjzJM4ZovoSAIXZBV5oiFPVC/ZJJkaTb6kM9hgKF63mDDtkk+AxjVKhFAhq85QUaXAlM0WT02wKROS9BNBLqOcE+ByzqVw8JallsrsL8pnVVw6TflKu3c4R1gGFv/sR8AcjEDWqopu/AfpleyCQ78obAzxqiRWOjGrqeMH0ke4dv3oXytBjnSL1LHkhjb0Pzd5ZC/3swJpXNqOc4pzse/2THz73I9XuYd26tJC5e+Cn1x4cl9fbc2E2P8Mt+ySVCqdjJ8AS0Dnqc+efzBEPvs70l/UZi405aXefolsgBNpQAP54GNiWIedyjHdXR0y6MK6OjplcUHH6Q3Jdcmbkonq44Xkh8lqQ3JbckcyEQO8mcyZdMm6ZJ6EVhaHVpbleI58HkkiWVswB/FKw5UerXJrgkg/8iCJvM4rGoADtIED4BgYBDfBXfAQJIVBHX6oB1wA1/BDajDle+QG7CPxs0Jpacjkdqlf6B6QH+5wfunWJI/GH73hi1F+//KePVzhe5L3vXj1bZxJeB/Wqd/HVb2cRTgYDygVkpg0YEIpKk4laz5l4p/smdhx43MHPidDe5WnxTQPPRBSqlm4+NVDwvgUtqM2+wU7dNg77IP45JpdZXC2OTucqMMJBp3XyP5aJxnr1RIuYxhOG0y7loY60gD+m/1poDANpJFF0YoT2TAEPBwlOumFUIADcAiq7M40CNOcdpZJ5jSaMLeJ6+EOcKyTA/I2QCc3zqnIaT83yo1xuPLnbBSYTVSL+Wuktw06KXeInDYHIjRNxhnedAlNhROM0+0ihWd0yyqFUpSKJT6ydUORvGXFxkf6i4QFJvGZJL68b8PuyVvIDuwoMnkV7r16v1E1Nont9NFbOjvU9+7u3e/2TbS/y57ZOnl06yn8JSv1/hnnNd9KVKRwjmDBZkg4jZ2Eyj83z5CHP5/iPBI+taIybeai02bDBUWxcOlZUHJaRCrizfQiQhFZxQK/JKK8hHjEEhyvQcgQxG/lDcrgWzfRizYiDaUTyo+R4zCZzdGQnewU7ImyUgwpjhSIzUZ5CTkOp2fH9Clkr+HbYoa+KkzYQZE2nBmG2nAz/ump8ERYFSb+0hsGHSFA9RarQs2h9SGUGQqEqshheei10FshNkQUOcgAsjeEoqG+0KEQ2uTt8UJY5+3wbvKiNnyADm8YH5BX8OD47+W9Ti8q9HZ6+/FD8oBQZqwuaVNSTxLqSAJJQm5+LElw5MTI4JEzCY3hx8jLKrX6WJu+Q79Jj/TkNaSkcOoRowfhkDdJr0/yhsIqs6E4XFxX3FbMageKAZEOhkZUTFGbNm+s2Ga0mtKsZ2V0Vxou39PSzGaT3E514ExGln0leq9T/rpDUd5I8AxNyy+t3BLAVkj6lVvoN93Np0eFTo8E1KmdlKnTqXRkardGPp2hP7DlUdZSV2I0j4zgWVXT9KWJaAwUhi/KUtS3ZVdhLfBdkFxwdXZmPA5bjSnx7+B86zZ8N3/yujEVZU/+XbqdLZ1Y7nSzLumTyf1oy6M36c9w29rVR/cOf3gmEj1VEDZsWcPlX88sjpyKRs6EQxPjLS1o8eOfPi49t5bs3kek/1Bf516g6BW5bgwyhWDeS+b0swRNaTZnZPIZmYR62SAaMjoyoA5lZGSFqAuoHRZ5xlV4FpSdFvO89EAAvmVCpehwgWOuQRd0uA64HroQfpULtuWBY3nAkQeYvMI8qDXkhnPbci/ksv25A7mQsL9AM+V+EfSZjpgrD689F/IxkAJ1eewMsacJI5wQQQeX5aCs4oTMZ45gF63WDtJfCWfVZeGaNaszqysLmVCW7G9rBZco+zbCd0pUZm9yXCEdZ+/ihjiVTH9KuWxnVFn0gwzMrB7kDZQZHJubZf8lo5+UKtZUMROfF5AF5L7oxFQsmd3MkamOU13ynnLCBiLvw9WT76B8YEb5k+/AtR/eX8WeBGng5GJpv/ScdHgdrviHK6Ng6VJ0cbL2izdcc93rHNm1a6RzUneeL2j6aHHLmxcXt+9YUwm5FeDOss+Wxc8tJbmtTvpY3c8N4joOez7w2OuM5uE4LvM02K/bRHKhYBvXwUEDvli4XOO4YBZxXDjOaykrUtBkiSUne23pHiHdGfMIvCXmyAW92G+mA96Tm56e60F5Wdh3WlAojyQGyWJmWlqW2UxbsU1nRCPD042zJiFHXB56KvT90NMhNpMBWvzN0jkftJhZQ8d92C4GEN8nOPEfDTEpKUwIOQLe5d713qe87Bpvt7fPi1gv0FOPlEyQul6QDb1T06FE8PdaFsiim7jUOnqz2N6s/qzxLJQ1NeU1BU5QnERA1rhfOYOjYoaYuGwHpJNGyhTS5Jix7UE7u6RMKZU3z0plER6XvMdK0zgof/Yzaf2DYB9c0LR82bIT80FyNvbD0gNQKb2k0V35zY3d3+uT/nvFfFD5mPRDlkOrpE+kN/CT+Ia+mgkCv/je1rUSWFrwza8/kM49KIn8441Lp38m3fj3o2v+DH44eYr76HP388OqWxPvUK6av1DEZQ3VRbsi+A01wFhVkoQrXcADJyik3QhVO040BwACNYwJaJGpoqyCoF1yxQ7S9ZQbnu1lLFNWWNZfNlA2UjZexqWgsjIHGwg4XA5ZkTvsqfNALeGKYnNACoVrGVBTjkwgom0BKS2+plhDHpNHhADzZH739KCNqK1iz19IHsgSU4sPFA0WXSu6WcQWFnUVwaIihmjUIEMNU0PYLytFbxMIB+uCbcFNQbYneCB4LPgwyLYFB4OwhwFtTAf2GQKOmwMMaAoWM0xxsIlV1Q3iVaeklbRi9mATdmmSklR1lh4LfGgBjIW3OC1Ia7HoWVz5GhFpJAtCpqgdVIEwbSNvUrHtqhHVqGqMnACV0oFITG9TdrwtCvprahNhc0BGuih5Dt0+2PxIY0L+bfytBBZ5cHyKtXVqEkX+dToji3NYAr9UlU6L/FoIVZJKTSWmZWZfIuInbyLQFpFyyEnspwF1WmmJ0ZWWQ1i2S8vgFnDshR8/+Ge0NDML1FpdqCDes3njZqBq6MUVc3kMLV30S+lNm319RfzCWyvatklx6R78gcMd3wgY9Gup5+af8t1H9/9oM1twoK9IGv2B9JMW6W551S/+n2r24YbFlxsb0mq+cnl3adFXngED8We64h/seMKGti1lW8y+N6w/jx9ChdFquEbqPL6kYUOtO1iRO7H9a1xhLmj4ydciixZxKYmJhDHuaRyzKhiBaQT/96UAcxYsxXVlIBCZ3dBYb7OGG+oa2hoGGy40XGvg5APqagB8PSCiv/31A/WsloJVOqx3rQ+trB411Fut9Q0ow++PlEaIh0oTKw11jrq2OmREdaTpUVdXmuedmlNpeEX0en1koKRFKBNrBEqZishhoHq0eqxaRXghyQ9EyZXTVlcjV0UF6xy0A8TYcUlrVxharKKedfG4BNK5WBdbao5GDaUgRyE28NKRc9KNpqPnRHSklEvRqdVJZL/QIDJqJ8V0qs1pGeYM8phZNBmNWiabz3ZmIx3CR51WJ7Mo12k7tJu0SKttM/eYoVlItcXazZ0KcYc3l1bRL2c6KYFHgHJzrUywtxsTZXAi0iXyKxl9MFVNKWQepCm+mb5WIW5JcLrQCGmqmMEAYwvLC0SBu2+Rq2i6Jxyg5GuKLBNOo9SWYkXXDOWm0mLZ8ii5h3G6lWwEplSCnQRpqSqI7H+/RXoIkj8yJ4NDIFrw2b8MlgLO7kKqxfdj8Z8tWFfV+v6Ovq2NDfeXd3hVfcvOv2uyr1jRGb9xcOknK/o3oHeb9j1kVq0Cmy9hNwn/3fqi4At+4ogDNzD5166+LR2PAu+Zgfalz6+LLXm3piyeDL/1275dqHfis57vpqP9W5OXorcnuwD24w3S89KJcvj6qORbij1tIbVmHJPHuCeVPKwarBIMWZmZ1T7GBnhks1XnVVNdYbM5VB4MBcmWkVksCaWkAQObxqfyhUZjUZTiWfCL0vl0g5NxniX6fjom10vlVjSUZZwXDRrsPzWCxRvTaDiOJQ/WiFpcF8BMXCosx8XCayEVqROeopWCalMRgD3UBaNwUV1RR9EBfKoqErKcMSa3PxdSCpoKvDBCRUwuvvJMUUjlqhjMu5kHhbz2vM48lKcVsMWyWrPWq23QslpGy2udWoTdK104jbh2anPddMF2V6dryIVcJIlX7AfbmC08vQdL5rMIedR0J6VDkfaV4bcJ2zRVFCvk1zM3uWSMLzbFNyi9FCfbE6em6IGZnH5kxDohu/LXyHf9IPnJJ/VpoBrsq92+/dat8jUDp+fOfsg0bfBV9m24haKsaeITpJEgkCbXQl7aBvZIi9leqZZs3YBPH9xhl7+n0xxZyzc8SDNOfPJe+eIjp5a2xNMQ+vcrp068CnLg7XgnODs60X1q7Lnbt58bO3WbxO6HbXSemKDN/aDzdYanZH08XtUposHoMNYZB41sFiXpE5JwumM0+tVEQKX5FTEpya6mgwgZ2OvEXhUzMlxeq8tKyeptLgef7SDxNlskoQ0aVDgTU/EqSO/w+lCl6lN5fSqJ642iwdXhOuZCWkM2aCffndld2USMRGXQA57Udr2ktiMlXq++X6+yuLL1+mwXSs4xmEEOaUHDXHmjxCF37IhbI8dXUswxc7Ka2KNTTJEjNwMVSvxCSorPCjI3frLSCk2e5hiKTLd3pnBQ1Jfg5x/ZZd+8SpkfnrKMxDzoNCdtgpRzmnMlF9C0HSSYTIndqJTdFnadNwtppdsP3pRuI7ctG5wHR0D7Humo1DXxNqqM3/mS2BgDJ0D2uT9JEvuX+B1UeX8DN7jhcUm4dAmMLFwh+c+//um757FvWPWvBYHdG07dvvhi/0NGOv6QSTCbEi7zReDnQjIzd3Tu2FxkRnPJNQgVxebSyYEUPjZ3bltbO4G2tbfPmTdvzlkw/xWxVVjELKIk4zVMNY00s4QGsYJl5OuoTU42Gk2BYIZNFzGYgEkwRWKZJmAIYpcTJD+kBIGRtZEE3xS0RSK2oIlN05RT8PMs4UtiiaaOMtNdY+4yKgPjwJ/ZJuUBNc7bHSy4wF5j77KIbCeQU9ZAZ/yu0Zl81Knp1fSTQ5cGMgSAzKCOeWCekpjNU2yDHAU7diDzPB6DHfB2e9TlchjyClEak4YzM0caKfNSRN+QY8QxKhOBUkyHO+aQd9DkpMpKQUYRWSaQ7uUmSBzo/sPmqZ30mUh/ivYPrFSCkTz/+QhnXcJqaBWgyIZPt6iIHKdLBmt4FCYRErgSUiYznpkJQSbKOKqZ8Llc1wb25IQJxQhk+C/rLRZp76K8c/7u1cdWrm3aeH4HCBZFYfo3F4BIXhD8l3SxvuZ85/y2PbG2jEJ4NR5By6R2wkXyzT9It83u/4h+I366peGTr31L+gD8csP1bdcPxjKzlhftqtwXe2p9e+fI+0sXPn98SFxwfvbsXduXlH9jpdm9E79qw40rf/NtDdz2bPKOljWrnnnhZZnT7C6dEi5jZjGLYZpg6SwABQWNjZvmAmYu0KG5c+e3tMwniUdQNLQAHzS0dLRsaulpGWy50MLlohYyL9IimG2xlpYmW1FyUlKwoWlR01kqtIzNBkQQywaBupTueznF0tJF7e0dxaC4eJGq3lKfU4+0bL25HuqZemyzBEN5hmApM+oySG8Yu8U6/HAdX1dX6cmSBzydHoA8vMdTXsmYgUFVaSaoZTKUfC0X5qDcXFdtjh8XKfVnRINfHwgGyNMLRG2wqxIIlaDNT743+Q/4j/kH/df8N/0c7weEZBEKfjAYBM7gQHAoOBJk+aAQhJX+YNBfidI2LQLMIn4RZBb1LxpdhPSLiE2nefyxRYToqt3V7xpwjbhGXeoc5CJe2sG4CIrZ4bClycDDNOwVDaLdfs0GNtl6bHBc4dzD64Ry7s0Un6W4IpncduU0UckX0CKP9CsSFUt5h1JolCut2AT8mLwvbZGEZ/ze1HsUK2hjGQQxXQlvIYtiC4Hap1mxPWM7V8wcZ2jyqAupgBlK4lqibFyXzND6AfIKwMmdb/otEk+qL0tvB92SlFO0rXa+BlVPXoJjT0qf/z+Q2dgoCdId6b70B2lB+UJoAfOkhdIkPD15BUU///KWF7tw0ueFs+L9q5fOl7ybv6uVnpBuBQKSlFuYt/OQu/3ybmDPD4Ffq5Z/aVH0ya91rGQXjvZKF798YFuwq/97IFOyg4+lfz+6pe8gqFwoHYWR3tFlkejznzXPmzjMN85f2v2lFhRfsia6vfvQhsf37PqgdQ7ht0qTbqqHuJeZdmYxeEngGaapqRVXnAEupQg1tDZQ7JzTS3M14Wtiau7ChdWNzb7lPpjnq/DN8/2T7//6VD5Cb1Xqe8MHfb7q6tZKAAYrgaGyrhJqoaEyjE96Kg9UDlZeqLxWqTFUOiofViIdU0lI/Tor2crKkhKDgGO0gL2mIMQaY4RaspGJUV7ARcQitdmxRYsai6OGKChCjdHGaMBEOAhBI35B28NxobHNEAjn1uVewKuFJdO7uaOke9eZ24VPxnNVuYHcgB11tB5rHWy90MoyrXxrf+tA60jraCvHtBa2CviE1VLQK84JYq0GNzAwbpCL3JQhwhVzu212mzwGnHHNftcOO+1d9l67PMdvssbsZHth84w9/lUrZUMvToBLKHPaNCBeqasf4ZeU56Yppp6i8+hPAVysE3bBBCbFWpzgHCxWWAZnOuyEGSf0jzxG+YtasE/x+rmkEiEGiyvr4i9EALJ7zZ4H3rR0EJcuzhfOrl61eH/zSviplAGGu6Tbyc4W55JL9y6Ng2GpADzZES3IlV7rrD3nrX3xSEPfpaOXdoi/+cZ3gp3ntgCb0w2dCyb/cWyMe7lBuDWvfv/WVQ2H+27viT/42o90Kw5qGm/HzfBOfAwxe26vC9bN+cq83aH4pp9/9J/LGrY/8d+X4KmDws9/1L736v0G4beHH7yFvHJ1XaEe515gSrCFtDALwEpBW1FZmaI1pACdiiq+apkUeXZVW6iFOlxQNmaUNhKoZUAMsxwo5ADHc3WFABUWtmU0NTeXaubGYpp6QWBz8ILwGCB+Izp1zTIQNL0isqymTXOeGmM2ftTOZANBmCUKdmC3W9KSQGGSkAST+KS6NJCW1traCqpaQVJreivUthra8Jdndo2h1FEaLkWWzlLAlA6UDpUiu1xCB8Jy6cyTWtrpzM31pIaiKMOTIStT5vd4Bj2w3QM8TFiWubcqLDWyW5MRz8TCKGXYSoK6KS5fSZCfKxXc50wyP4qsf3SEtkN+/RdFz2QsKbYvwmlNsgCZJ59Iej+SN6T+1bwBJPhsEipOgFYxqfjcx74JMqBuWfT9ockVp96pXQy33B9zRqRtDY1Di5esfby7v3HpOzuB15sPPuhuB2a/D2ZLexs7h1v2bByonNgAqoVlt9ctvAjHerG/XLUN7L//CRy619QyWbqzexjGXmQPSG8PH1q7YePqDRs2bNwCNKDJ5m9o79+4ZuHJg53rPgJMe9PZ/jcWN71fvezk4r61CydiA891nX1u6QefdD137g48tPTkGytOwckdvTsYDucRf1Ff5n7F5DABOgUeY1rgoV8zAv7IXLiSEYTawRZgaHG04Ejfwrf0tvS3DLSoLKilpbagilLdOnHiQT7hXPwJFxTUxizHcGmcBvTONCFtlMi68mkj+IQ1orQ0XFhnkZykQDRkhqno2qbMnkzuQOZg5oVMRFTZwpkd9LGbmXczNVqUmVmbHquVtwHb5gLDXGBCs+fSsafgLPKwVVwzr3seZOcNz7s07/o89gQ9QTSHdXrkHDZLmxoT5gE4b15e3t38h/mQyRfyoRbl50eDhNCnQWgTm2cvn71+Nlo/+6nZT89+YfbHs1Xa2c349LXZb81WDc8G3bNJdq6FcssTka4nrAuC9uBoEPIl7SWwv2SoZKRkvIQdKwEl5K+mY685O1hSEpyN3EKsKzYUG4mNxsZjHB398rq8sRjDOBxun0zLQmj4C3MR0XTtzUXYxRtkSv5Mh4wmTzKlx3JzvXq9lxSMuaImJwkkJbXpQVh/TD+oR1APUhhc+8Exol7p1I/oEf46i2NHkp7TperZdHc6uWBmEfW4L2DH5SYDLajdPeaG7rOyvKB7Wu3MqiQjdJZ2i0y1JifcU9rh1EOHA1ONe3lXhk7p0jbBFB8gAWV0KNjrhNjgjKb99HmCajgwc5KQUtbOCATT2YiHLsdHvTtdh7h+JMMLlNxFjgQui2dqrIpUjm/gVMQDq6R33XZJcuY+Kcxf1+vzjAa89yuqOnc+U116vh/Y/QXgyhOTNy9tXfHukgG0rb0kNHmK7Xzy91fTsiTjfdhL2wvb4guBTrrH/aopNjJ3dvSr4pdXlld68upqlm3t/PsfH1w19FFT7Nd7pL9bd6iv++i7k/+eVF+B7O9NfPD0LzPRtrUr4Hu90qXeXuSbKGQ0lBtwDGf1Qez9q5h6Zg4zj2llFoLTZ2zRSiToBbIrpxUXZOF6Dq+EVpaKtDa2nAXFp8WGefQg9yZ1olo9u9owG7+KSPBUvCJmFJQSSMe48DteVa1tbW5d3rq+lf24dQL78cbmRvha48eNMLOxCh9Qo2B3xdhGoG1Y3gAzGwINVfjktYa3Gj5uUAcamvEBdTccajjRQKQwX6t+qxoGqpurYXc1aG1sqK5uaMQpiEXPmsAlXNya9K8R1V9wSQu0Wq0+oF+uf1r/gv41PcfqzfqovkG/WH9IP6y/pL+uTyI/Qj2XB8x5IC83V+t5yvOW5w8eVuvJ9DR7cNHhWezp81z33POoCJGJEXpcOR4UZILkyqSL87PfYsBipo85wQwz15lbzD1GvUaeNXjVao/1MwAylK2B6ppP80opzOnFK1fKe5IrN2+mzIDT+ImEFmtAyeaLy60zRhECgWk1YfKmBIJMOv1/pfakiiOJeQHleaB2yQatchGDTtwrKlTUaEtcnBPcSELS+4GQnCr78sBL/S2AS8+CUel2+X1QKU0SpRHpfnyk6frOvv5F0neQ7T70fXWT1/m7LNALZjt9m+sm3cBvzp/Xwp6fuMyWT99w1LLF74Kb4WK00utai/PnRuFXu16eW392W2Ryx+oR6X3gfrN7WVP5avZGpK4kw17zjZWtK1vnfHXFp2vurJGG1qyRHqwOk91tp/Rn9SlsxeYpVv5KbMMHX1pQRSQkveKCBakl9QKuoHrr++shLiB1qL6+oqKsrKSusKgIFJQESkibg4Ce/f6AzppE8AeklRZw5p4HAk5T5uE0pYmZhyvEJLGpCceltrlttNdK5saFYbGxtg4HjaZhcXYdyCJZ7eNiuh44nGEC4GlzXnBeI4ce5wEnmsvXZXdkwzZ8dyH7bjbblt2TfSx7MJvtIlK/oA10gB6ACNQJap1zs+sAqMue61R5cRIc2BRAlAiHCfQHRgNIH6AgUE9uLDB/vtHAgBzEMKneVHnMYIIoPeCQesh7wjusADl0tuwYoffs9SLolVlEAjOUWIl7nS4maV+NVpPldINrCsRN+7DlCoG/MmfIJMj+EqWiMu0VVtyv7FONxVMpjmyX2NRSaZrtS52Bw5J9r2dmXoRK6dRhsaX40U0AtPPG0tojfcDu9IEH0omdL4IWog743qYfLdsMvtNwUTKBT6Zvk+Mg2e4F52+X1LzZtDDyw6/uaVn9wQeX13wK+PGPPtq3f19jbPyx7/ukP6taNjQMAHdL0/X+bQ/Oti/mdLE9vV+VXtktnd4tuftV91rnXZ+zaMOutRn9O5a23JhYdfnDyevXJ7/89e6ri5vjP4V7R68cwrVgqfT/1Fe4n+FspxoYX2cqsBmVMRVg3itiWVkxGWOZMyympzsp7wyZIpxHYNJOoJe5FJzFKFztqyYMgHaxJI+MloSzEI+ysvLygr5sPjuTz0zLYagKapqo0aXij99X6BN8KAX5GB/DFhfJyiBFVF6qrRgUUzBvcVdxb/FY8XixyoiKjTxPkL9UZtssJic7WNLO66GMXaidKj5sTrDmyR9xx7TWTqLwmqnkknjNjKlUub+vdC0SKTTpn9GslpN3L3PJFJSaikCovQSTrWhAINdUNjyTLHUdGD109PDpM7B/EvBAv/vI+dPP94NzODpuBJEu6TNpqzR+W9pWOh/seCd+xI2yNRCYOA1qjDfdB6PbKuO3H2yLz1/dCG1n47PYP+/c/tz2/exBMCS1795+/OTejXd2bf1gx8kT5y5u3baj5XB8srS2tvTe/ciJFd3gkHT8xNFl8z8gvkcj/bf6A+6XjJUppDG0hdT9KEngw3lteRAZ8kAKmxfyEBlGwrZpCIAUFAi0NMZiDWSfuUqsiwFnrDDWG0NMzBlrj3XG2FisxV9TYyCaHw4/vOC/5ocD5IewHyeRfn9Li2CyxBa0UGDhYnLetpjs2mtFg6/Dhws0n4dA689ozTEP7/LQzSGnq3Y+ycYyxfL2CnCzAuCProopdZbCFFRammxzFNoKZR9ot01zYwhO0cx0lYDxEtBRAjaVgPYSYChxlNSVoBI+WhiFlMFI78uPtUU7olCItisPmW1ZMULgAbXR6ExKDWymPLu87ak2ONEG/tD2cRtsIyi2NvI7B/H/yPI2wLcBWOfqcPW4DriOuVS8C/TUAkPtw1p4l9zVkunFztre2v7agVq2rhYwtXwtNNjAQxsQbKCH6nU9ZMBdHIQpyxzD408GYZM2sBdY+JAFnSxoc9XaGJZlbLWuNm6BhiDheryI9wKDF2i93pEF4wvgsQVggdJ4W6AAUslRcBjNMcMCoFvAZDgzYEpGRnKyZjAC+iMgIjh8sQgFeqfwsYhBTYH8Mn9IWOwpAkJRZ9FAESoq0rVrumhLfEgzohnVqDdpejSDGtSuATJ3LSKzNaTVRzUUEnE+sFmmtMBuOSwzXW8uptiUaZaNqYyB5A4EtUKziI6VFL48PRdBMQsEQr6FzIdtnvHMzCVLuyXKiBlx9MW0mCVYOGW8dyX1C/JkypaZ7Igkw6ZzaP87+0ZOgti4bIYzp9tx2AkolIjA84i+xzQrBzL/f7q+BbCp67z/nnOvrmW9rl6WZEnWw3rZkm3JL/kh25IfGMU22HXM4zqA3cQljFBsXEoZMOwSj1JCwaWMUUjBTVlKUxoc4gALDLyUpVnKwM1YxhIa/E9ZlqUseBnLCFiX/znnSrLTbsbylWzJgM53vvM9ft/vB24KG8EeoQ1MAAZcFUrAC8Iq8OnDkoTh/p0PPugcXjdW3Xdnxdrckn1Dd+CTL1THDwiHavxH/dXM4nuMefAfb2lzfxNZnriKqTxSNwYsP7kcE3Pgy254MdFw/friLRuff2x9YgFcfeP57Sf/BkTgbMmbV8Jg7/R4yeWrX7gZVUL13d30ikFFH0rCe4UHvRheJfxTxovI65cQxu1OainVDf88pumTgz4Iyjygz7PRM+KhPclRDnKKh5HJlFWAIxrQpwE+3N3BdDBub5OXUaCjDfp8wTyVUslm+s1cpj0zmIl8fGbERTLTiAc7FwMfiRnt8Qh2CBE8QRuJBAsLg+hHr/KFyzpw2uniqWWOZaFlsWW9ywaWsbFlk8umltEUeTS6bGyZRE4vw/8otG/wNSY3WePLAt68ivLyPJE+tr0cQOQHouU95bAcl/Sp8qly5JXK1eUOvb5azJA5fVAP1aQDaKL1eqqsREtRJdi9aPggFaVgO3UX9/yAnKCJX8OMw0u68T/Qz6uXOJZ0LKF7lwwsGV4ytmRyiWQYfYFL1NLYPhqE6BgNQ3QHDWmcWVhp2gg51s4G2Vsso6RZNcua7Bqj3GoyGTFo0MxzuIiupU2FXf54XU3M4IzX1MRb2triIqbQtIQqXyZpiLYBiIsOwbZ20rZgc+k2QtPgjLdlNjR04ScbeEdDR0Nvw0DDeMNkA4vvDjfQDSl2abFK2TOf+TEgzgckS+ylGlHwsjK5tVBQtcH8D4TZLzUtk+J+TOtizivSE16QufnPnjR9bSpNxhnBfP5RsRhFXrlSlCrEOEWMrUBbDv0d5Lj1oXiKyGmKuxFP1aCvGfP2oxOHW3j0hghD676suONiIUhKQ7undxVU76gqvVEQ3h9u2PbLv3nppanx8ePCoStPrrrR2evwP7vxfbh5culaMDwBPl+7tqcWwu1LfvKi3r1pYf070jBQX8UfdOLPgq9fz7vwBrQJmQd/nff2VOGfXgclH4I+4fkPhauzN9fBmhfbE9+Cm6Zf3HX8MjLuyrhwDbwodAvqzrbvgkHwU7rti4FVfYrBAbYT9P6P8N+Sz4XbAoPOBYYyo9P6XfYVkusupBbBZ+vlVDMKkZqoZlKObEH3W6kWZKlaLFXLtaJUAaWfrfJCjxezkMZMPAzSd2l4lwY0RaMzhaYXxRep44uw5ev49sZTjZcarzUyVCPWbFE3NGLnn81LsrKy0EmbBThWm0XrOb0db41KvShp/4/oOK6kzJNmqCGMohMmSzzbjPdLGZ+N5S2ysyNuwo1Oi3SlvURvj8Vnm6i3N0qNURlYDtoYjRoxXE7Jx6K15TlcDjp5sQhgFG29EluxM+oEnNPuRDsCc4/guk5Rbn8c3I0De7w9DuM4S4rHskwoFAFjcYCtHY41gAbsDX6Ix8Uq7ZXBSroy5nTHByqBozJUCTFqal/0WJQZiAJHNBQdjdIcTnGw4OBd2yMbgx/122hbDG10lOU4bCH0w1xgz92XeyyXpnIHcqE83lAZteXm2qKVDXGW83vz8rikPPYpr0Qh6mP3ege8o94xbwZ+OOad8k57JSray8nFOQXlNQ70EhUzOoSHMDGxhSHOiVq3qcmpDavmTymQFGdQhISvHNxA8OIYHD7/uNzwZbjevPIR4QNIocRXpprPyVi3Jwk/SM9kbyj9UrNiZUpGFTAiPadYOEoymfvcHhHCV/5/nJ9GRuLxEliUJwyMeG96UNzs9Ug+QGnp5cYuIfjk5Gdm8w/4xcK3hF81g2rwdeGlv2n5m/OJ9+imRBc8maBoCuhp6ex9+FJiKR0XSvYnBGEFfKWi5ojAHb0Cn3t69vaOxO26jt3MfVAEpJs+E96A3/5o56GaBXrhVs/XFHD4SXbpq0bHO7E/N5qmvC2X8Z+REXLZ/vbOokAhiNcvyCtIHH1J+GzdgHds9ZPvrN5MduEXRB+rSuSvop0XqIVo48WphQQyGo/XM4FCLt+eH8ynRWTxwlg+79jnRE7aCfpRaPjISRMzVtNOrJHijGW74k5ny4IW9YIW3MeV8YooMNFRdV0U12lsfI6tupaS2cw2tAvLbH22jbYRG4MvB5BdJqmyyNXlJddYgTY7PmoDPdQQBWGQaqf2Uaeoaxj8ALJoCluyjbJRYX1lZVgfxpu8nrerb6nhXfUjNVTHCorjaizcoo4hE3SoAfpUq7OjmJZ2XzY8lX0p+1o2ph2Q/Es2yKZMahNUkjavoyROrhYbucY4dXbcZNJrazF8lwa1Ivu/EhwpBIVYANuyAEwsuLwANi3oW3BvAb2AYEVKCJMXllAljF4mdIqPLZhaAC11YKLuch1squuru1dH1yWfXJd8MuHRasBPrpuqg/CWHmA/1aMf0u/TS+wAj1rhyatLeNAK1yeuARzZx/TGeOGCOj0A+roFhZJGSSPOOeuRA2zEcrv19vpgPa3EKExHfayeMc2nQ4qZUDBd7y4uo0u5UntpsPRY6alSiYu2lGLnl8d/ZAXWdguI4s8ei1i1l1hi5pw4ZQHoU0FbFIT5Ab8pmZKMjH7JkOSS5BrG6WKhD7pDMi2BkmS1WZKsNs8fACA7f27v4nM0lat+iZprAwajpUk9yJE6h+ZNFuQwLYCIBE4+J43lrUr+kp4N4g9S3aMvM4MkD/WelWmUcBK1RIbVvjRegKtzGSWYNwS5AV/FnAcR5wvDyIVkIBeCzvcKLBQlziB4SGLdTdsSajgD0C2hpnOFO4nTR05dOfbcjsvCu4kx+O/fewno3zpdVSUULP+h8FuDbX3bgiohfKIDrb/6v9ZXgb96XfjxyTHhU+FBWRdgmC1YJmOncFm4R/vAC7um9uyZ2iU8OcXz9KKlJ49/YO/ff/noeElIK5xZtibn4Cp5fuiGXn1j5Z9mKseyGzcnmHOT21dsWXd6+8GbL28UcSb/lvER8g1uqgafyTGvUaPJ5iBkQkXRnBxLQ1GB3Z+f5GiT0/meTMZFud3UOdB+mnfjGteEXBUvQfaz4DW+pCQUKjgP6tHBHno0MxHiGpQNhLteaW9UN1ZUngPNuBBT7inHFTMZ7yHYdQWtwxacRelAa0zBZ3kalbRFluXMtuBvZyOzw2LT7lAmZgxBJ3Z2pJrEynIuXl0tW6DIlGXiio2O52R2GYzKhmQY2saMy4AsyUCD0WxzIhlEoKAnLV5QmsQlpdEdyXoJCgNTHGDpNmQgGf5hVTHy5FJRYUwjhoDkXqi4AhuCVkcKaFm0M+sPtFZpLEItQT9G1gQzMPVMmoFGZ4QS/EJnuc6pt4HFoETKXLYxcC8TOgwM8YtHzwzWXTg0PtPZ9dmLu3rrhBtLlwr6Oy2rGto+EE68tFvNCDvebtj4/P7ulsPnHkzAq4cnN5UIN/cIh/6soLJrMdgIFz85/flHwuVPhZeF2b0th1avf+HF4V3rBo5eAdLETuHE8IoVzLuQGdy1RVj6jtqwdpc39GHfpwrF7TfAG33CRFxghDsnr38GCppROqEX/gudKj9FrroLNsdaa+pa6KpzRYBmiwxFUC4pyiryFNFKpgic14Ctmvc1sEmzUTOiua1hduoAo3ProB59adJN6O7pJIzugO44untbJ1ET5XWHzhCndDEdtMK2tsU6/2KJJJ6lrKhQhf0Ou73YaBJTBEyCCDEdosM4Y2RMtNGYlaURCU0pPGwwmYXOrCyUu5zJqlTIq2Ry3Dux8ZGOr2Qy1QoZ0GfKgJ0Ik7tpmaxal6moqsZPsfPtVbeqIFeFcqYqLDeM7mlgFTAyVVXmXGsOMWWr1ZxrFmG2uZyP8gEv7ctTqfKwOWbyKlVRuKy8PEx2QPmCxsZYLI7zRh8fjR2LnYpdijGhGPqXUuW5CroYqy8EaZRk0oACwCHBPDYdMTmfFSIiPBpxDhTTBRB6RJTBhdQYlIyj3SSIuKO4t3igeLx4sniqmO0oBsXzBDsIFXpKcqGHTOyJIxKpQeq5VCdZTJhXO0xHYCJsb0OS5S7dWJlHhi2GYekR1RRv+hwpWTCoqUqNBA0SomD8G0gah6ly8NbBUxMSnwfd/nh7ZJBt4/PQToMxSYVdYZQYPcYMTL+IPHEFoZzIpXExkwESgzEcLwNrwBYJ+OhXhRbhVC7gFcIXir//8cRmmUzo3N8y9MN1e1tevCyM72ntCVefzwA6DVDRUrBy89EdL7ywZdKUeIGDXzf/5ytvTD/e5C7y7e5d9BdPPjp2V/gvW55wRPInwjFd9omfAVNRTTQeX7P3l3mf5b9leUaY+BezofNEZd705o8yudtX8P556z0gWfknyxss4NivX89d/tTJ5Wt+rJupu9wyk/O960ef/erVeIHw968A+7OLowsraXXgG+u+hT207FFhxifsa5QB91nAP8e4mAvlQRifaTY7TQxNmsdyLNpBeRVKEVKkwBzr6rhCIcM6NI2v8WygOg8b9mk+j0xYOCkXsvJyHuUnQZSkQIjDu3Znj7PfKcF3+sWAL0gKgxIFCvt8fhT2ZVnizjTtOib+78+5mwO5nPacfTnXcm6hB6yGygnlwACdo9GSTaLRcBSHN6uSx5bsoNAxQpWWiNaNx1EdpbSNDKSelevipaUV5SH8MxU/Vg6w8o6jnNbQpOGutjri6BvlFc6coLegoiKIN6qLp/JY2hesiFbAUxWXKq5V0MMVoxXjFXRFFqmIyAkmOiaz5cX1ep/J6/OKox1R3y0f7PCBDl+vD/rErZKqI5CkfgPhhEqJB4iySHM2LaKZ02Ik85mk5nYcnn8dFB+m2zam5PxjmiGyR5TKI1Kr2N6z5uxdAkFWcrKNFRXZy3XJgTdRfYmMu4KaEy2LZ4Sp8beG1cLy03Ujh3auWPH6GSB9UdL99PZ/uDJ257ogvN7UDKXAn+hgmRphEHz4UCq8ILzlB81gTwYAnwoDTDTjm7s2C203VKq9q625H237Rxl3exqcXCVcAQUf7Nvy9Prbhzb/zdaR9ROgZGbWPSMcnvlBbikwmWqWPUW0VbXoPLiJ7NRLZr6roDZWHzBHzLCLHWHhBHubvcfSW3PA1pyHOdAiJSzJrdLzUkbJSPVSuFEKGOlt6T0praakIA/6cnyB0rLzoANZcynGKzvjoo2okI1UhitFG5kMT4UhHh9Hy4xhSGfNjjh6pFBig9PxWIEypIgpxhQSE402g4zFg81mvh1j33G4EJS1E+oEVknJQB6Gv89MyKR5eYS91MIH86J5MJrXkzeUdzfvUZ6E9Ac4Oo+YNjpiNDEyDOCljMTCM3mi8mo0mvHvcZkpyiv+Hix7EiOlg1EKs2FJnWhb04HC4kJxpIjKC9MWe3GwGI4VA+y+YTHJEdzxYoI0UevjxUx2Np1jQTaNonC93pJL2y0WGr9cw2+1gMuW65bbFrrL0meBFvxGoL0ybgFYH0xshn+p0CXWyUoJzUnKyNOTR6SvNFdXJtPYaShHqjw238uTWGn+1iAvKE2Jtw6uWik6erE4PS/m0SWNPKOiwvglwtP5VBHYyo0MXQCOCwsb758ePa5ghJaji4dOHVzfcvQCkB49fG7zCJgGJnBPUIBzD/domRbhXqrK/MXVAtANdiug8Dz97+85hJ2fatW7BkL+6QHAyDkU17z9pHDjTuY/RN+fnf30vU8f3qdXzB7ftAliAlRgKqg5sb4E81iZHjnJdCdWFKujGqg4SMR8Pdwp7hFHOxpDjRB/GWukuVwrBjkhG7FY8uUuV7gq3ogtVcsPxAEminbEkfuLxxcuWIhB00a+ZwHoXzC0YN8CmlsAlNQCNaEPxQuY7YijRzpSstLwlG5GB+U6TkkpgZ7WKMUQZ5/mmAZyGqDEoykzZzSaYF00GsSV4yzeHg1Go1H6UhRw0UdRFGVHbYakkdpQUGMzYVbJmIPnTOAUoRancVocMsVMHSaJnDaZahsKwuEG/MsCPFoqFAxRdipI0apUGYwR/fkwqYaxKEunSkpYkcQ3bIsuYPIHSkBJMvssSc4ckHaNAdlzSW5Vvg9z0aP3yuPJD1TlV+G9qeLH8yfzp/JpPN8E85PjBvmi3M+XBX7IpEHSeNOlJk2SIFKTpIgU2UnmfLVow9p0pDLHMJC24jlDJ/lqktE3zdKKohYywsISYisNDuv/9yAlTFqtzizcbc3SlzpLwsBZ4WTTrErYriXsleGDNT86lfhUuOLIPbDz8B4UlPQdbNnxg+9saXnxrQfje9qfXty5b/vX92+y2WDJs/8xe3wPqO5/IhEFw98WNtfApnGhd3z84X3QCTaxMDEA7LHKL74HGui1avX/nDWYOl+sdn+w+12Z+vYHYJyEIOzQ/sa/nbaaayrfnZx9+8S2JYxk8muJp0Gz8DpoTsDcutPL16Po3iz8O8oLX6Ui1FfAF7HH/1wPemr6a4ZElQ0or4mpzfEgB7iYXBuPKtuVPUpaiRWplWSSs7a9tqf2Vu3d2ke1bGYt0FK1o7VjtXQe8lzaaHFJSaWpKEjKLShICQYLbB3t7W02ZX3DeVIVrsfUZ5p4fX00WouNFKV20fZof3QoymiUUaClo5g74bHXeLPZ5JcReuCCchLmFBT4/SZsgplYHE1F+5sXksy0ubmprQndO8u3QYqqrGTFib1QZaxyoHK4kqEqkd+uxP8iHTLSykpt1KY04P8JZzBoatDeerVGq0V5xaKzvL/Nvk8LtMlWpTbZqiR8U2a5Pq7N5VzA5bK3cI+hbfnYY/Y8m8dut+H/hpG/Zr9lhw57h70XT9P02qftM3aGzNQ4vcmZmj9y1Hg8gFh6FbH0SlLHKNGIoo7zYuzgl8KQdKTxpdAk9V3KNNeyCMyD0op6kHgUkMBSiJ1DLCnj02RAzBvIZNBhHKHrviwHj+fvwzgc1xLZx6T6DPbbyV2hxV4+jNw8ZD/fvNnynf2bPoIvyD8/1TUo3LtjeBPcloD3Mgca40fPCS+D804/8IeLwf8khp/9+UMQbGp76/qh93I9Xy3TBm0Pfg7y1FC48EHdN/7q+dXxi4cBu/+lx9c+MTUFnqjJE66eFOB2hfCY0L+8Z9DiBjJVdevS74NXlap7faDpdsfy8Nc33L7yZqb26bWDwsefjdTWSRKTi58EY7nb1qjzPvjG/8i5DwEDhtcIn34G2L8cEM5RLOE8n2JfQUGzh8qnCrGWEvTHynpKgSO7IxuK3KWT2QwWiZwqp0/pr+khaTnI6dKSkiInRTVYLZbGBn3rgmTY26pudbSik6CVeHp7vLX1sYWP4Z8p+aaFgFnoXli2kNYvTBZIySSaJtuKC7YmuFC9UFUo93oLcRkOC3gNYQGvdnTZ573kvet95M3gSCH/kZeR095IDfb6KB2OhCLDEXomAiLizuPikUh5RRVXgUy/qkIMinGWS1Wpq6CBrjJmi0SMnBHkoJhGlp+VkZubj/9SlMHmtudCLjeILo9yGS7XTu725B7LPZV7KVeqoHNDRUXR5Ax1EfoLiqo8ei3n92vFrmRRrnchYxv2j2OsLlD4k7sJX2NZ6qy4v5Fwb2NCZBvroW02D36djW+1bbX93Pa+jXEna8qXbddtbIdt3AahDYc6f7h/SH0xHcfPD3LmHQfp02JuoySBf3i3pI+QuZ47qSIG/igXEDcSBqeja4+oW7+BbKKML/USSEmRTVOXen10Wqmw3AlImRHS6UNFPFPIccFIJFObm38O/kk4AeLCOXIbmO0T7hcUlVV+vhlQwUpQWrf8XeAWbqZuszOFzTWN01ePDpzWssJL401Ln/1lU9+bnx8UNgM3eF4GhbeEE+wrL23svjF1Ff25vof+5/qaF/vAFvBu0/Oj2/YmFk8l9uNP2kH/6f4uoVO4JzP1jlq9H676L83NjVDWIrz5sNMbP7E+FKOIOi+HTo5XqGIqDHSv2nPwfNiC07wpj/hfZA1ZdEERDivUPNZ0dxTQKrqgwOjX+wk8S1tMFaM7r/JlHA7HYz0yCsueQHjJBI6ZgNrUaxow0dcwLxHpbe+jMKHfLYox6SlKb6JdTucpF4i5Oly9Ltql5BR2BZTHFB0K6MBUo4zYvkZ/J8sypQQlswAZpNTCgPcZMMFcZmAfA5jk1EwHAyBDBYlCRLKhlLQsAsIgaSLmxhS5gzHL0YaeDVidOo3dSxlWT3Kcem6KMQtDRo1z1EUZThZXLlLU7BVOnUssI2MYRmm4CI4TNRQ1mB4ZeeuHPwO7E01P9MCrs8+b4OfZofcvv/6BOffSF50rDZmzHz0REBLC+9YwlICu2bOSrcKC+19lto7dPn36l1t+cOjE3ts14eltvxPeOsY8P6itfroKrPiTJWv3bvgpGBl7DM+o2IT/JGvoSjIX8actFuM5kT7UaMwuzCZLGgjhN0/OWx02yoGW1ebAyyrHAaYO7dn0irooF1lRr7iii2VUJACeCxwJ/DrwfuD3AcktPYBRfbu+R09H9fv0x5D/vKt/pGeHsCN16EGvflwPb2EMgxozo6mT2RRpwiqJWLUOpUoBvP4Buh93alBaVkjqIlZnvFBJoYVP9lwUBC2ltcaTloCiT2QHnqQd6HipnQG3GDDOTDKwg+llILYErHvHJFnM/8AGAgHiY8SJ14C45Unaj/sS88xg3jygtip1LJcG/y9rSI5HiwPRBIYTTuE159nB7m1v7z0CNiS+tmUHPC/MzHYLM09/HS26F3x19ruSvUIJyOW/P9tNvyjemK2H7pw+/f6uY4d/9r07XU0PH3R1wXcctnV7+06CkUPxRNce4fAeijDo/y7jAHuKKktmOwshH8saLwOcFn0Gtbe0tJbSAhvdqCVCodU44zjNRxeQSCzSQC44nI/FevnsRjDReLnxeiP9TPXWamiJPhc9EqUt0UC0NfpE9Bn08P1ohjwCjkR+HoHyiCXSGnkuciTy+wgrZyJlEXgvAhqro5H8/Ei0ulFispbkBfJAXpmPKdOXQRUBv8k0OXGqDKihrwzjj5V8hg/Ik5z9ZLQi25MXp31AAX1qn8/qdCBjRZ9aWuMQUyC1XQPaNQBlUkFNu6ZHwzzSAE1Mlx1H+b0mjlOrmE2jMVqUFJVbZ+E84JEH4NaFwxPzdHgkKoIsmnD74hYP/k/rebvlEQMoRs04GORoGMaCWQkXxir4IKYcDFlj1lEr3WsFVi7rWBaUZ8WU2nhW81Az4JqBwtwMMpurmqGyOZfDY3w0Qaviab7aszzHGbNNuPjdEsvhi4vl8ky9vj2zJ7M/k87M7DECYwz9X2fQFZutRh83EuXdDaXikGkyOdKm2x0aTFy+kvTcA7ifkYw/xdQpxchGUPJVyfZYJemnpWa/N2jmzsPUsRkgv5a001IdPZEFUpSFSyHp0XfQ0bgSVOAZPo0aR5duHFZmEA2UDF9FkjAdk/Fr3LhAQIAw5IcAQ2E0WNBCg266cldWmNEvApevv9w0AAoK9sSXyRe/99a0d1UXvN1cr6lkgGk6Dt11aw7f/vF52Fuz4oFwiHy0QrsvxwE3JgaEQWHrhua+c0DZWrPtHbUwChoD4fsc8/07dx7+Xp0d30N/ULD42jcfyrr7XcIIO5XvejjTRV99+AHtnk6smU4M3LjPUZSUxIofs1XISenTrOEBqhg89YpMgZKO03yWBee5Ab64vaCnABZgTuCCAsrb7unx7PPQDk/IAynPmGfSg8JDj8chczlI2VZjItsqJxcHVQt4mdqeBezIek5lXcu6lSXJwuse1AC7ZkhzSnNNw3CaWxoopzSjmjHNuIYx0DL0XubkaFxZMgmQ6KWkjbswFuPTLVzM4t8uOSY5JbkluSvJUEiKiEqLIwhGgyAYpPx5HEcKYCo6L4+CVpCdnanMxJao5NUcLksolZi3EvOZy/lrmMASzCRlIDSGpAzEvMmgFPaxKh2rkXlS0jFelerWpU0olZiv3IC1T+ZjQjCTzWApphgVmfaJ0bDEjOh5FpLmezUS0nisEg3plqK+Drqva6MK9s1Mix+wjx6b7YVjmMdbMH9w8vkdXW/AAy8fvH3wYD5QKZgVd+7MclmHV2uEvwD1zMKpxK6pxN6370hMs5BWJT4UDq0W9n7UXYCSiJDwgfDhRtACYFKV5GNSHRV9ajP49URdiBDOYOUbf3NeY2NxRTFhcauuqCj35RGeCZ+vvLSc2A1xr2d5g9qgzsEIo4UTvNJGnO0EL891ESmODl5Ku0rVliiwIPd6Pvpr5FwfRln8AHva30clZbYumwjDkOhR+AwtkUAEPhcBbuxrJyKXI9DtKnM1uegR1wEXdCVPTXI1Wcg15pRr4moUXkFYGrVFXK6ILVoq0RZmYDrTEBtjGcJbY87Oi7NsoZejghR8JB7bRPlZTg5spzUPWQTm0bxUeA1zGR8rPFV4q/BuoURBF1ZVmU1zukATPAZk4Id6dOosxqxzmJeyR9+vp0mFXyQlnknSFaM0Qp88q+fm9onrIvZSSk5pMkAfWFmaRvKmwQZirXKwcv74hciAM7+En7Zd8rNkiB+ukNClWU49PsO1InQeJKkIw+L0PUBRfdJCcXjP/qGNMs/3PnkeyNd3A3jqH4SNEEwJfQOgprNNuLG9UzjXvRYsfEI4BL5DCy++0bZ0dktRSbiLXt4VqVWzBeGZKfGD/dn246smrwwIt+9cabsjbBvffPDfwHlhqfBg88a/B0fulP7rnR9t/eIgUEkyiDGrZIqdWzJkyJxjTJyY854rd1DW6xW+QDHgX6GTx0S5RQVK+GxMzXntXojTT64QGGhcwV6IFcTLgDZWBrCwLswhEpI1+Ls16LtYilVdg76LdSRrcCYaxmV7WkP7wui4PIt5k0y0TooLnbm83AXwKNgzrt+7GDnjAkqXy+d2m4+bIbIFNcw2i6ztzdngcva9bJidgn9nZ7s5N3qCxX0O6wFTOUBDgHix2H7+iSoQqIpUtVZtrXquSnKk6udV56voKgxkmqgC8goQqIhUQKwjCStiDld8ogJsrLhcASO+J3zP+Lb6GLcP6H0TPtjl2+i77Lvuu+2TyHVgq+6hDrp1Xbo+Ha0nfezLuus6SRP6zgS6c1t3T8dO6sBzFuC2NFlgn2WjZYJU6SW4QB+LylXxDsukBUKL2hZzeOKYUQxO2qZtsKrCp7PYbBadr6KK5YJq0tOlqWJ8Z6p4unimmJUXJwurpEFgww0Ch4OTB+VROW2g5TGbKy6Xc0YIKbVaSUg3KDUwkvnACbUarSl+GznewoEAd577NUffExF8Z+158Q4OhUJi3yCV4VamugGaeQ0yMbeeg/ahJ1eSTImQYohKk0TFanCDKMuTDoFJWr0yGUHgrUmYQeeRFVNiOfdLV7FMi/Ya7oglq6/OLHcFyCLlpgoW+DwpUZVyOim5J9IIVKSR7Bnnli/t3O3c9SOU9X6EfLTmrkCtfaGlSnP9gcME6xL3oRQwwmyH8DHLfOMnQoe+4MiH6+nZAvr63E3yU1OWt3hqJzCAN/66sVv4Adcb/n6pcPG9urY3tiVydz14mdkxe/rZZ3302t3sFti0XvhgPdpPjkcg4zbKqVToDKgkSmnL4YcxxbgR4JWFWXTnIiIZ5rAQ5x7qBJ14tXBm5cAhqLbT0emwBfPwGbwvjzbSxXliA7QxRAj3xusZjPrqrR+oH66fqp+un6mXyun6+iVL4iI9diUKeWsrCQEtF0P3IzF0f4LvULd34OpKLn+pFURaQVNrVytsar3cCplWfWtZ68bWkdbrrfdaMxStZPrE5Y1TrcAPW1urI/nV5wjsTLORG+GOc/c4huH03GWOVhA4qNUR58gGVWfFKQ54IMe5XAZsem4ecgygmVhRcZyJmTzoi9wQZ5h8DkUnrJIFRkZOegl/x7+Fsjf5r1RARbmXlC3pWtK35PKS60vY40smlsAnasH52vdrH9bS8trW2udqj9QyTbXgicgzka0R+ueR85H3Iw8jjJwkFbRcHwFMpCkCy9CXjeisux25F2GPtAN3Oyhrb2rvap9ov9wu2Zr/XD4sywcb80fyD+TTFtdWzLYZwNOpKrcLPCc/IofymMcfd8svy+GS2kh7vktOUXJXfnukdok0h5DpZ5Uyxe7isuKu4nvFEiPZrI7kZuXQZqUw5aYJFtvQWS6Ke2Zny2SOzFAmzMy054Ao6abT4zmTOVM5dIfIvUukKKy58ZxUKhokk9dpklUMiJvjYsYbMrBSFGMWP8mkd4qsZg5BW7oyiafrmSeAIm7teaQK4msJhja9S9NVtDlgHj5mK7FKohjkh4pX4lZJhk/iw6hZtBslBqMKulwOOomIl4i7NzV64kvh6dI7lrwgw4U2e2kWwd+JL6AX7z+4pbtydrZ5J9qwwk3w9eISZunBJ60VP9h0VbgChf/52fi/CN/dGfu688GZB/TypS9ftrqfqlrsFp7H0PbUTbJ6y7A3vmfNO8IV4bd/Oy7cFX452LW8WvLorY/jJV+tmG4Ge3qFo9zi1tPNjk1nl4ECuEl4Z8NXrzz1vbqB7Q9OMudmu745bKA3bmEr3SG4ZlC4MritJPTxzgUAFMFtX6z/5js7RlZvacM1lXdRZhBif0EpkrnBv7yCY3qUOHN6HERX8jj1hHaUg/ZrLmkeaSQciuWhnOOiXA93jGM47hEHTWgbFdAaTsNlyTIzJZKMrAxMcqniuSwQyoplYZ0rJit5NmQRyCcyt6xk1YSmqCkK4k6dTKbCr8vm4THZNRkckl1CF3pcNiODmMAMzofOpcseplQE9WU1jKpUdJ6i+geSL2lizM2Z0jWgpR1+IUw//EiYhgEf/PjhR4x57sb+ouitL2Kbt7Bv7BXWvSE0vZEYvkxByi38HkUiP6Oi1ALw8JWiQvJvyxMrPPmYH7HQ2RRtpFQhVUw1rGIUtEoViWDB20h5eW1paUyrbVSHGs+DRQSYKHadQiGHMy8/3+d2OB24zq3me6IgqmYgkEMlOiuV5x5NkyI5pQRqWq2sFYGvi2IhPlOCJQGiBtpgkHBY5Kk9uyd7X/apbAmVDRR0dobeZIqhINkUCJh9GCqGT18rkBOunbMoVrFazT4zdpxf4z2+AxLASEYk0JIRyGjNOJLBHMgA+3zgmg8dwj67L+pr9/X4JI98wE6YvXt8/b59vmO+Uz6pL+bJj/swFFuS4fNlSGgw5LzkvCYidzBP+F2C3MHi3GeQEdTWUhWYl6iKqiDvRBWet8mJV1VRItZMg3M2zDM3RN2lmF6ir7thrqefjKWJCaQ09wh6lhz389WBkoECnlpTXxbrB1XBNGNkFakVYLYXTWlaKS3ZzxVfWCJidZO1ehE1FggQJTVPedqwskSkGI1rZBk+RoJnZzBuAIXYGBaWVAVzzQdfgrDOmaFtc4B1wgmwHOhBmXAFDGZk/ORP15fbnNr6bzahKPnj5Sv+6t/pcaHt8v5f8m8t7/nLJsBaXLDtG2W/+v6/dnW/c+S1e8EQzPhGUPgN9P8OmDy/B+qJCWHmSpEv3jt0HchKivSdlc86HVcbQB6OJYQrEvWRtXt+CuTgZffeHcLniRnh1IENg4e2nnlza3c77P0IfJ8VnkabU4Ui7hn2x5SOslN1YFUsMx8lggGs+4iNJYsvCQYLcYTtKBsuGy0bL2NzaFwAO6s3xcvKqpWFOEcKUIXImbh4LmQPBUMoFgyF9GajNStLL4spTXGZTM/iK8sSVFQmuqvX2xRWG1Za0PC9gYHAqDj0PhygOTIpl2WxxwPWgNWr4LLt2dBCZ2d7q73YZWn43OsO4HD0VAN4q/puNaxOdvkJQFeHbK5ap+M4tH84TillFEoFfpWN1wCiwXBNeUsJQ8oOZa9yQDmunFayw0qgTLI9l6bRuqlYE1PeBlfOOaIkznuObSSAe6Dkhn+UHARLYb1JuVZUOhdRuiApukduYgW2HKv5JIlK3SCtXSXidtH35x0/YTYXnBFaUIbPohsei8wFDxIMkHb3Cp/3fC0cQ+nV2wc3Ri5tEy4I73znew1L3/8N0P/n784I7wpje9a0dVnYH1+4v2fPyMj9c+cuJM4t/v6u2Qz4VwNPH9hzX5isKxCe+TaoPNpQt2W4609AQji07+c3fvu3M1tKFuH6rEH414wPUWaG1QWqqDrkFTfH1E0xjT7e1NDgjFFRoKejZK6wJB5N+pxoNFITwQZSQ0VA4xms9aChCQeekTKgLMnA48Z+lPT4JUq6xlhjdOrKnbhPnslbzebyooIC/zmweIKvU1fXkTFId8k5QgKvxBSp+PDq10g0mmw98oIaOlutJ3Q0TXyg4IkCyBSMFEBsJ+3V+6qPVdM9bkC5gZzTgw782asf0NMF1W693l1dwFA9eP65v3yonKbKkfUQ9F8mOtDKObkOSyS0os3AQkYKacyJCTEYBXYkS00uX0px1FgSTLVgxDJmWiqFaDX2rFw5nytqpaj4nSJWmK9R8L+MDZA2X0As32eloUvifVFEFJBAhyQpNMpWRNrJMI5yjFjzDJ2RKBgyslj7OxfcA1rkg9XgM0ElzAhx4VNBAcKfLD2x5XVW8fqqguaPTgorhL1MjYr93neEKVvu4UU91cgqQN2ab1q/eAhqXj66B3Tfr94zsnuE1RxAH7M70EfLWNtb6/YklrfY3jvXBvroCaHu4kX2wGZZPchMdG9kKp6CE3feHR28uea04K+rAR24e4d80HX2GJWPrGrJa3oNZzCYzoPl6LzIxMPYcks80xFjWQfnsDugGSUnBbTBYXDU5Op0NbEakrmEF/gX4G4Kx5f6S2J4PKAgVlyEtWcXTPAcqYU3x6y8wtrjB3b/Mf8p/10/0+sHPQWAKugtgPICvN5lZnucCwIu2B+E+MtQkFZ3BEeD00F6NDgWHA/S/oKg1Ros8DMxV11dKBaLwVgy8Ikl/VBM7Cfr4zGPB883QR2dn++SMqRc1ozOfB/ocI27Jl1TLibJUfa/eR5cP9ekjYdEOdiAVg7O6SwS1TvNvHbPvLgImYoZ/VS0qPmOJ9Xu0aR5ZLCmiWvOHTnLPUQ0T+QuVcGMdHTMSsFloQbZinmNimOeeWheuET47Kl+R96d54X94L855UKhCLyDLOqjxAnYAGCiiOkURsG04Ah/48pv9Y6Dy1flJS6yxw7e3rixV2u33/7mhtnFcGvfV59/4Ve/vW2zbbw9OnrwwWzb2pt3DiumT7avb8qEa3dLq1wDlJTSCrdQJvsz5H8wHi5KNVKPUe3UUjor1ujG4JclS+yPA9jz+LXHbz1Oc4/3PN6P7jDTj4PHH/dyHfaO9o6eDkY+3jHZAamOgY7hjtEO/IDV0h153jyxDsR12jv3ddJyR+do53gn3emlcoA6x2jMsiD3kkNbsnFy6OPxZGLM2+Ht9Uooi9oSs3RYei0SudfitdTXcvVD9VBD19ajEGyCb1e3tJ8DNRN8VlV5FU66eN4fORYBv40AaI+AYCQauRtBSbEnL66MgNYIMEdAJMyFg+Fo+FSYeSoMpsIgXBvUgKAyqoTHlKeUMIoOrJjeFtcoNcqCgnAJoEpQnEfAbu4iEeymMNriJeqSkvLH1JjAqRIFkFQt6KjtrZ2spamWsRbY2zLcMt0y08JguHNHeW/5ZLmEaupo6m0aaELBbFNyQryJJI/IqmtbypuayltqmQaqrV6GPPgiqg3UiUM3VBEVQn+Hlg+697khlhYadU+60W/BozpnOW0cfaeoGbv9hVQziMRifHARGFoE7Gh/wthCEFs4tnB84eRCZlHRwoVFi2inbsgOODtQYEVCOGofs4/babvdyTmHnOitbXDiN9LJ70MmhkWsTzVcamC4BntDsIFWjjcACs+zoqeJDjw33pB04E0o4xUd+CUiYkjmbMXR2nGiFislPp1IG/6hH99ABrvSJSGS1mpSdKx4pBRHqkk8Khn5nOMdJsfAytRzSDOrR+Qvq0oSnGmqSDArUjn0YG6yFB1DsneLf9OqlelWbjKOTetrbUhSuhL2SxSCDP4fRwSGdRNiwmQ5WOz0imGqW4ccA54CMujSRD3kSDGmDhZ0aIS7wA2gAIfQ7abgFu4Ja9Atj3137+QnwBZSty6cSeyYKSz0NqMnSHofW/a1NQ4gG/nYZN7/3HcTn37juWPn4Yfvfy+xA25/MHv0wImRseo3B08cPATYQ12zI8PDrGcEfdxcu/bAgReuHh1e5jq0lFMnhpYvh2uU8r7NvsGmxSu+st3xMVB5S0LCSPvXVguvddRHhf+ckCgGt4wPb79+oPfi7k3Cm115iQMNJfeR18h9VE6YW3RJFFU5mUetBz+/QLmSmg+RWAnf777rhrAfc4OIKlkMR+hCjrmvuW+5WWTJsUAoTpSz3O5yZVE5AfjVV9SGakXVKi5gDwQDtBxloqT7m2POi/t8ZrPdBEwxhS1uMoWcBs4wZECGiSGxjTETHwsBKjQcGg1NhRhtzAawvgM0kQHVnDxxQNWFwquQLWRTlVRW1zH9RYAqUhc5img7XUSp1apMiVJFUOcyPoeyqq3QLlKrohCMpH0o07Ja5Sp8tJ1R4ZafPA9/W2WK5+VlyOXJA0tOBur0cZUcd7JdvBYOqS6prqluqRgHSm9FcdZx1bRqRiWdJ89aSrS0kuM7OAJOsQbPnWVk5G2lMWnqgRRd+9w85QaxO4x7b1/i307NMYiz084/jpp1KSZNY4pBU5JqtWGeISwvlxIURTfmIpBCa+K2cF/YL9xPvAe9QArWb9oy/pWni04c6n6gh+uFFX+54eT2RB/uGgkt5OvOc2z89fvNkvsXLz586+JFcPHCBfZnI9NdXUuXTo+MJOCWa0f8K2ZAU0nzjYE148PVcHXiMGx7uBZSAjUNpcINkIdvZBb6EeHVxkqLRiqPuv+KHtlAxxley+mVSoUIjVPFFQo2jQ8RmVRZ0uegGMBBPaNnHHKNxuF2ECFoSx4GN7UR9gugMJnc0tzcWzjAxcJuMTdjIt4Xd6bwFUssuqVyIu0J3WLUigIrDoWtAWlE2ip9RrpVel76a2lGl7RPulFK35YCrGN3Fh1M41IApSlIP1roDUl2fuLFkmIg/0sMMi/MDYhtKxHCDLw+yoMWCsWhqSCEPNboWSbJk65xQv3wwDvC8ZY1oANKGfXDGeHcJ8vXCJ+s6MtrBmXgDvOS8NZfCHeFe9aiqc37E+PsqeVd94RPBrYBqkaY3XTw29se/hf8f/zSgReBbI8wm9g29jMtPXJAdRjWoZwX5zK4Kl5ElVJVGNQe5riYQhvndBoNOig6zvIajdxrwwjaBTEjX6HIyKislJShLNgQBIAuKSkyEL2yM3zA6DdbzPhp3bzPEjBGjK1GOmA8YnzfSMuNFmPA+IzxvFGidBsPGI8brxtvGyV9xgnjZXSXCVgiFvicBVy3APRMi8JltzgDTuh09tk32kfsNGPX25vstMp+LqWFZQc2tMWxaUgoGpPsSiQKuUJk71Wg2NLMX5M/woVivLDyXvmAnB6Wj8pn5LQ8rY2VmjdOV1iJ5CxZNMIDl9RWnuPEF8foSitT43RpMAfeqwGS1UoIaZdPhN6WJyUV/i9WAxdWNjJ40OJ7vBlrhLFfA83qDuHopxJa8E8MVl7616IQWAcUiRfoWGI5PJFg4Cww08zsLHwx0U03JYTBP3s/cW+R8Pd1C8CO58EPzm2vHt48+Jvn2gYablcOe7/7rcPbXnwwPYL+nDxJLv+2cOzb/qZ6YaL/MMVSucK/Zdxkn6C8KZ1IFBjlvmo0VZnEyV8TxnhnZ+fYcbsbxTROi6Wqyl5DVQAlU5HlxdM19WjjUmomSGbSM/lwIFheVCIpwY/MvE8pwSrJjygad6GxCnSyCopXsdFkibcHH+HkAiing6Aj2BvEiQWDlTpuSWhOAji1xCGJSWgqKJEEKTrTjkOhdnu/fch+1y4xEnHmWCbazna/QoolJuuRh2jPvJUJRZ1bejgTZKYny1LhSzJUIYV57INFtskUDnXeamP/jRdaW5XmcENrTgTQKpKU7uJwejKNwNPmImLQTTgnk0VXTDEpwdM0BiMmdsuFiwo9iV9CNnEhY2PidcjOrvXnM63CjjX7YPYWYVT4tbAzcc1WB/YCs/DwN92LhHZ6OZAJn+ObwOKvjCB8nmj4yee7liemPLCwsR627b5+fXdiYkH0+ne/vuvet1eNBwe3aBc0+57spY/vTnw+QT4S23Mq254uwTONeaSi+yqVi9a+HnTHLKFa0G89ZoWctd3abx2y7rNKFLTVGjXXRsWJktqYyRmvra0sqsTRYwVf1lEC0Oa3m4KmqKnHdMsk4dCddhMm8d9nwhMtUsUoOvFNES4CNBE/Z8PMLOfEuUibzezxJScOUWjgIU3lLL7VAAyeWJkfWDwPPbDMc9wDPWTUHEXffo/fszXJhOxW2+L47A8V0bBIw3F2aS5FZWRQUrXUIaVVtFRqt7vFBiuj0NEofL5lB46keobbF7cni+sY8Y8H043zhOdTWPxSQhYpxqUrV6L8MQXeT8lPi5FncAMBYaXrYvOhMQReRWZQUrR/yZEUjSupZ+8iAiykQI9JAcU+arruRYj/KHBz3fbGUtDfteStvgFb39TQ0PrdvZ0Aufh7s9eFe/fAir42ycYHdyT62ZvAIHOf3jbRtNg6cLDqb0eEd4Vz7yV2hGMoTB1jf7b5aMA1MrBl2wvq2E/+rmnxpl6hINEGyxJX4AS4/p3HhYYDwswLO4XLa7o/9xYIL2wDJf3C1uaRdRUgSFGZ6KT4fxnvIZupEvEzVAva2kuoPmodPPpqQUGeuJ4laD0bu1dg/9FNrUCxXSnPdbd3Q2jvDnZHu3u6h7olXLcdXfZ1H+uWyOnumMsf78YT3t3d2meWq5f39PbgpXuCtzE5+hx3Dq3MyenN8Fg8Wz3PeWi5J+Bp9TxDHpz3/BrZSaaH3icBEAvXQTtyHUPYdTySQJUk5gvGJTG9JU5JgEYiaf2KmlMjI2xV47pYNr8w2trTCkOtsVaobg21Qqp1phWqyEjAq55gnDRbZchJtbZS5VVUFf5HKfgSqmUxtxiTZBN6wUK+3t54qfFuI8019jcea6SVVCOYbJxqnGmkqcbexuHG0UYGPbnRX0z7sYL8Gb7I/7Wnn16KHOppPtuC6/6ZfLYxlk03Vzej33iGd1Xn1jpq8S/P5SnCfUTH/B3+Xv+wf8w/7mftT596GsaeBlQ1kDsI+ACfcP6nqx2O6qf9lETP9QIl1TvWO9U73ctoekn/150X78XSRdBEd6rOgcLTfKdCnFTuFEt2nTgutjrjnZ16PV48LaVH3tTEV1Rc0z7SQi0+Rnu1A1o4rJ1BD8UjdE6ZI4kpJNoccy1QsUozJzVpTI3EpA7VJKx/Xgdz7ifJwHflfNKRZF8URcOaKhH7GEzG2JWl6dLgYM9g+mwvFSUOykmETPCLPpfGRQBomiThV2pGjKB/S8tL0wMCLhxAYy56VxaKnstdGO4oQTc9CqcN4XKQIpRACSRkWQ8pDLlYehY8f8EbWru840dPZf/wW7Ynnuwe0OlMRVcH7mVbwTOrT3zL+Z5ctXUWGIRP8MzXrNCXqPz9V69XgKHBQWH1mjUgD13/6Zk14PBg3A/f1OU2vrV49Yfq1+kTksd/IFztK36s+AMFKL751FciXmHJxm9nbwdbhF/83ZZOQIE7oFWn3XHgHaBw1FRfOJNoeOMdWzRy4sTNmzeF42AFs/TlbuHOxYuJty9cuKASDgr/QRfE6LXb1h7dtm7t4Ln3hOWvtt6VxA8PoZgqLPxnxhT7C7TvlZQGxQI5wByzarX7DMcMpww0Z2g39BhoOW2ImW1xg0HUtjjN6yzkotKcAw2neZkS4xp4vl0H2nX9uiHdNR2j1oV00KEDDnSNId+sArdUd1WwXzWk2kcSrbsq1qEChEtEZBK5K2McMkA4IpQ6lUym0tFUzNphhVaCLeaccSuN0wKGoQ5nvpQJaS4T6CVUpkgjwXIiAR9urO0jtQ7WQSoddAobmetNFaxxNN+DyRBEqAuO79N6W5gtK6k0EwiksGhiO1Ykdk2KU6asZ94IbZhudhlBWW4FDe6vfoM1ffGxeEMOPCnlLfmnVeGmRc99uv76+uuze3GAt2kTtE7ik9orPEQn9U/RimSh0/o3r3G5QI1FRWbO5Jo5E3rnMdmFhTcY8NArkNO0QyKhWJaiAIfCLQeWYG9D+5hz9DggCr4cjphj2DHmGHewVtphIeUrM2UBtcgV6Ijqmg50YtIAuVKO/YCSkoMlKKpSKq+ZQY+53wx7zQNmaCag0uy4WWR2KQ3Oi6ZTAfWX5ehLxeSIoEXxEamtqiT4BLGy4kHnnxawGRSB7FFa9F2KRvEzOSnB8o/X3h58m74H/LSyAwgbO4WBnu8J2zvXgqfOC09aw8KnHx2MXwHvsj+9vfHing+PfjE1+23h3ZMjYCl4V/ALJw/uAQ74VeHYxmEUQX14rmMtfB4wiTL0xnsfaTKm2Z+jd9eMctEioI3ZAwUFOT5L1A6i9mN2OGAHuPKGy26TdhQSkdDBnCOGEGodvs5M2O05WHZhKYo3ikiZO0Tn57s9HndSIhgdXqzeYNBiZK6Bp7CGfYeh1zBumDRMG2YMGSbaQH6dPo6uwzhPxdfXsq1xgxLTS5xRquO0mTXj1zt5qVQiFuegjKKHiPAzPcqOs5PsNFa1Z0nRxBFnydIYsYJcCUFNBkpTOnIb5ojZ/gAOnCrJofQHRb5VQRFaKYE+kJSEm+NcQpmpziBmOWSVwkBLnrh9y+5H1J4noZ5WgVwgFe6PfCQcNoemBs/MfjaoMAgHth0oQWu1CuwQdgnCyTfZnx//4DCAB4RZMCJsQ3ti59hrwZHnVafp6sSJ5w/P7LxSsw7uAMzsJ3VwTJh6/SUUAaN94X7UQybCJchk7dR7r7DidKiKtRm0Wj1ajLM8pGmJFXc7FsU8fJAFHNtO3i0miOco2rXXtLe0jIZmtVarlqWNMiM2eANlRFmwkseyGiFDzMC4xMUx2eKGJKYfL05MiVdJQkmlGMuhxH+HlbfLwC0ZcBAJugHZqGxcNiWblkk7ZEAmdlXToI3S5ErMq44SMHWqlVqa6uGnNkj6/Xf+0dv+/Ok19/tegHkoyLNCmBDg4gdCAWMVruwca74HmWr2F+/tfXHs5oMuNpS4KtxPyIQZ+ObpF6Z3vtmyCnagjeAtIxNH/4aiu1dQVoirg2GQ/ddUGJl2uMjvLziHXYJeTTpHba/xXqW1rBTbopen/CBqBZzVbj1lvWVl5LQVl++tWELTby0rs/rpoCN4npTFgyCKjN/EEehGu4ExGIqC2ihaBprM7mrs3rhWe6roVhE0FYHeZKSvR3FhEcQie1BOM4wjX2EXPZqbz8jIzWXFjZDppuh2xy0HdDg6HL2OAceMQzLjAI7k+KYj2Y4Ut4I4qJuW+kpJjK0Ug/i59RBjiVQtLlWQE+UTWeKykE9LBfJOSHuTAAjCKZqsvxHoFYYcYy9Wsuf43q6d+yVtQH37Nj7+hRnhdMG9rhO/KX0AFNevAzVoEi7gm8Cq9A8GdufBcXCRfeXgG2viE2d2C2iHoB0zi0L2CWGpMN2x+a/BY4ABm9FtrXAwMQI2J9ZNrD+9+XL1OrgeqGc/x3neIzrjE/aHyLfh3L7grI9hPOWB/ADmQTLxVSg14yAXsUegmo7gTmEk4qpN89Pg3rLTCWsruAp7BZRXxFSauArl/nQFpZSeB4vRkaHE8idKpdqOThxI4RdimtvFE7xcjamemk7zmGkGey0o40rbS6E8X1ZaKsun1f2eIc8+zzUPQ3mAivYU4dcWIg8ce40vLLSqrRipYOeNWVnt6h71NTV9TX1LfVdNO9Qh9aiaHlOPq9FxhskAsKpEOj8XB2dShzae9Ep2IPCeQgdQZbJNEBBjzXkamT1E4q00NaZKYK5uGqLA0E1QByzKzSrE/I114q6yKGfkzMBnFZNe5XAS7pLxyYpKYfTtc599AKQPTgsnhTG4+9M9er1q+EW/IyzcFpqED8vKynrBzndBm/fT2VyDSbixc7QAXgbv1pzZsXvpy1s2M7Wjw7OgU/h0Sphaf/KDN3ec27Vj8GhR0eyaq6CBZvLcg3tRzLe5Rtg1O35x/Y1db4bXw1Ggmv2wQDJ84q3KtTfGyb7+D8I9KaGCVBnVABwT9VXl5RXn0Kmu5kN6vaG01G12OExaNz6uWtBxpfYgx6mKYoGHxad5VnYetKCVLke7MRel7nYWDLH7WIinDfCZw3B0uSfKslFPOVMdqCYBRRXKTRrniV21TfBW65zgXwcuzuFJUocJmkz9VYCrsmN2iypgoqtwgRa51qqASpyxSp51VHsAOAIdAQyQGQ9MBtjhAAhQSS2RkhSfsFjCWzk3dzC/+ySyUaQS9LRSIFG/JNAU/IO0v0XL7MotR6G9xJkFSa8oWdypwBINRMpPg0eiDICU8L5kA6D3+Jb7o5syur2K15d+KLwEhf+m//t7Vz4Axo424bzwSEgIr5StAbn/8tKzp/75u+3bb9CbehI3Tz6VmBwSnlD7hY9H9vvhG2Cqkv3F5RdOfLpHGH+hi3n3beF3/++O8Mmv/qRgy9FFPz7ZsX1XdP2RK4P3n/jTQ4DZIUwu0s5u3H32Qtmhw/cPvFvZB5cCdcJfg2NIB7KBT9mfoHPSQ9WDFa+YdefAsgnebC4pxWtSQpUi3+zn23H7VF3iKJkqYeQlJYUYwBQN0fIQUIaqq6kaFFHW1NTVB5FhPH6G54Igmw7iQDQYLMyv99ajM/A0X1mBvTPKXCtHK6GqspLzAqvXS7FotQKYG85vp/3AThf6zxFx32N4WBRZ1RS6JrEDhYToutCzzwHsok8HDgdFuRwuqKBdKjtlx4dtAZ8hhbBdCjqkQCptz+3PHcqlGXkujUeRH1G02MmcTOHoSBdzZUlwZZoNs7Qn3SksRW6BKDykavSlBC9HwtVgcmw4PWWXjpdI63ElyUDTBodzTdqJNc4wMRo6B7Rag6E0rBM50byQdqZPczwjZWQlPnbuJEevQQYEY/CGFKglf/dn0RMj3UfOCquUobBe47LsetK/Z9O2H63NSdiET3Zt+mTtDqiA+y/PSJnhxHve19eNlr0ETneso81/+qbEA7YLO362YGT3wGbhvvBLof13rkxQGrYJL7/zE8jC78BNE6/vfeP1RDU6U1a5Ly7Xrjj53WcuN6yGF1GgNVHTUv6GBryFvEceUUH9EYoKMPdCKVgdk3MquyqoopW0G0UD8df4Er8XYwa6RG2Y+ARvsIWCBKiER6rxMrfyMMhEGcgwMm1G0B11Q9xa7HfT7lhWdnzUPeYed9MdXsDZQL8Nfe23Ddlo+aUMwGUABe322kIZGSGb1y0JKALYXv1UgEx55uT4O7JBdvY+P+D8dn/QT/uTNuRPtvMIn4EOhWx+TSYn4zg7F+TQv1zF4Xq2ksf/FRRXqFQKhQx/x8mjvIkMrA8pLimuKW4pmJBiXDGpoB2KDkWvglYkC4eKNAK85I+Gi0UsN/4ZZkb9ErFqsnk+SIYyyDToyvkaM7iHQKWSIoKXdJZLkorMczyoWUnFmHR4kYoDB0a3rTixZjeE0CEUKUzweViWOy3MQnfiJjgnzCTGhBkwnpimpxNjsHe2Wup95+po+GUw2cf+6PRk5drJt4Xu/9CsHlaXfKzlHs7Mzg6sWUvvnxVMwjho3vni0YtvVq6FB9HxcrOLwtMUwu8zbrL7SG3ARwVw9wDoX6O8KAX1kpRFG7eabXa8XjYKJVOYbYDwHtlQ0qrVmvziPKUunwzQlatw8xbdkancLuxBtHwRFVKHHCFaQYdCVJmGwiUF5KSkFKfqUUHKDRRmncpNUW6Vzixh+v3AT1o9frXf4aftxBRiKpMl7nd6SwoKmAwyYt6IonQcTbYzPUw/c4xh7QyIokdfkn5JY9BwrEjQsnP6QPOE11PhQnL10pF9GqomiiaD0gqyahmkFVvurHCl6bX089dPIsIMxHXPcMJzD/KElyWqRHce3H7wwTpAlV3OY0bROo4Ku0zTe0bDL4Ezq5iCxCgceHBl96YVe9cPS24Iq8vAVeafxm7cGBN6b9y48uAT+CAhXbce7tn/0on9lysHcOY7+97ivJvsqonXqzuvjCdmrpDV/NeMEbSaWZQFRf9VWKkQrInJOANaMYPB3GgmgEOMUl16mjc2kEf+KlyklPFhf01dHfB6PedBWxLgLdcZ46EQKCovLCrET3LzJUWNeMjaiFHhDiMYNqa27LB/0j/ln/YzZMHcKHHgijAYhlZSRR1FvUW0iW60Gv3eoiKv32htZDWZeeiAOJ3ndIoaQk5kWnLe4eAAyzBKnZIMcOp0nEaDNvkidExpgIcIx+O0WpP0C0RIXobybU2sujozE+DNr+Ptmf2ZcH77KBPbw2Ca3ycQmDsAkt/UiPMfpCWY2uXJ2sdKEm3MUxiZH3mkKkiihTg1appUJNGdDKI1UFFSLsFWkgXYeSlEGJcgy0uTolClc/aCHrC7Zt88veXw25KST1ZdsDp2Ll2TMMA9QkfiMDRvmtxbAreBLXngzP1337333nsPEubExJ7VvbtXb2EeXL8u+XqiIPGC8FJXJ8pBbtPvffGGcE8h3T0sg33r4c7EzSfhqsOH102/UT0A1Shf3FYAjm+8sG3bhY0X6Jcnjld3Tr748ORJMmHFoNPiLFWcxJZ0Ujzch7LEU49fevza43T74z2Pw8cfDy7hltmXtS/rX8bIqWUgl162rNQVJAzYDr6tbbG9JdgSbaG5FnyHzqJb8IxSCyb/XtyCi111fNDSTlQsmToLUFpyLNDiAR6NB4Y8HR7oyddj+V6s89jhG/VJ5LTPV5AvzcxcbFQbybxvwwRfXVhWJcrUcGXBsmhZexnTXjZUdqvsbhmDH18qu1bGdJT1lkEyUdlbNlMGy8pcZLLWgNIglu2USzgJkFMSkEVLasPhWvzrQnwwDMJYToAKd4R7wzSmRsR3hsOj4ZlwBn4YQ3dQohwO57owChLFxgs66zrRnVf5hrrF+C8ocJTE+wsBV9hT2F94rJCRxwoBVdhbCBVBF+BcYHGhq67OVbiY0QfFCqbTTVhpYyHk7lCw0x8bikEuZo/BWIzGwM1TwUtB5Nt6gwPBYXxnKjgTpDk6aBOZRG0ggrYxlx/Mhyo6O/88aEfbOPvRzNmc7JxstV6vFllGtNoD+uP6Cb3I56lQ2+IYNTysp6FeVFYrDaZBu6kppcrUkLio9YfHCOYDOQdJLSrpRecpVg6mSHDT6BgymD6YdM5JHi5TmjULZXrYMxNAsVi/0vwBb6442U4a9LjTJhJlzdfaEWcU5sdiGA6KXoay+qzS1JAwcJJ0wTVPvECT2oV0CXD7i4SL68M3I63PvPEDrXV9XefVj+35L60fje0Em207WelPDghf7T7v+O/krDsQQM3nu3YNTo2pc7tXrRYuP/xs55r1m9ZsZM/aVvYkvr1A+PTttt/8bvbj7+xivrVZ1X361veKijc99XLzk3AG+fGNhq7O+FefnaJHvyb8erNwc7PQtxmuBauFw4Iwa/6LI0qwcxu7nn4drj79YkPLG8dFZpnfZ3zIniJ6tMVUDDpeQ+ufTVdgU6ikKtDRG+ArK2vq5P+fr3cBbOrKzoXP2vvogSTr6GVJliVLlvWy/JCQbPltCyOMzMsO8RCLAHYZxpcQDxjXcQlhwMNluJRQ8GQol8kwgaFMhqZM8BBCKEmDm3JT/kwa3Pw0pQkX3JRJaYYCzc9QBqTD3XsfyXam81+MpSNZNkZ77b1e3/o+A/AGk6HLgAWDgQpsRyKNJr7CVOGpWFMxVLG/4liFwsEmgFQkiOMqwIvKK2iqb5BqzRSf/NiFScZeVCoFbaXEiupSHeWwrRyQs5wKvfaU80L5PsrCQM79csqsHwq2BJEQ3BbcF8R6XF4UDBaV40Zfc+NZ6Ig7Uy3mk2YkmOn8DwkMzBSJZo7TOqnZ1Gwx0WDTkspTKASZYMEI2WftUwOnBi2epaYnR0VKPatwFnpxFvCzPLOqZuG8WbMszjAgQcp0PDhMf5EwDUtDYaZvKLN77dT8QynwCpYWC9IIoZYQ0nNk64XCdB/lW0Jeb8iC/RskbS5XM4k+mrO0dM0MemZKNvt0lPeW0va73dv8l/zX/biTqYuP+cf9E355px/82XR2mr52qpCxUdoJEhRSkqPP9iiyGLKN2bxlRiab66DRB9MVxix7CPNZPTkEWlk272FYh5D007IEJRQurfBTPTppol4umypD+j3GrDQs+YqMyVphTEc0aDNbYsel0atHcWLnx3HxU6XqL+HvkuViwy+Oidv5gHgznRBvQv8W5JtzbUHHsl1nV4HJbk/Hj33cf2p39/DDjwbFu6gVPAYfLIT/2CXey/zD32Z2RJbBNvil3PvuvSXb3S7xge+lNfWgepDIfAgJ8VW04OM2aNvU27jo/fuG5vrkh7u6JrdmNoF2586Hr4qrnl/9FNkZ3zrzL/WDR4w/p7vBSvKbz+U/I3uBacHCwbg7JG+Rn5fj63KYlAMn75QPyEfk5MCWy3W6wkKNzMTKlWqdJWkwaFQqpUZJ41VjiuUNJJOYJ8xzzkNW3D6PcTQhGbU8crwmnUnybCvTYdKy8jKisRUwMon2N1LBolq6T2JcLYtoYnFLeTIWKw+XS13jcGkxVbBpJyGwz32nFUZaR1snWidb+R6KlqQSMzhEE3VQ68Lh8Gj4SJgPs1/UXJCkbHEkPaYqxPEyjZBErUVhtztc1IpkjRvat7UjXburPdyOuXZd+5H2sXZei9urGhobJMhXrwc8no5GcDV2NvY2DjSONY43yhtpaETF5afGEjdOdX1JLk0rp1NTaVOzaczq/gsp1wwKUAk1F80xM2fVNBmSgsY7JXpzscsrV7g8Hqn3aozSWXT9NLSKxkXF2VGPmhIKoJD6s1pE7dZL9QD2v3vxogfGIQq/qSpKfyEWiLcXlNR2r+1DXyKV/ylxEXQSu7QCSqfBBqK2dkVVd7Xsf1eI56qW/1P5dfyRwdz9/cz3cH96P1ovjmLh2j3xN/mqlweF54fODixfcx9Zf/6DbZ3om/fO3Hv48N6Z/q49fHxCfOFPlwytSE+K3zr6rGtJJjGZTtMsysZwOD/jEkxH8Snuaa4HrTnPVWQHySiovCxL2FpW5u3Kf/LJVW1PPNGuFYRlRuOys5AipqTPyzOqhgqALwA1o2Mo0bmS4wWACgp6jBuM141YMDqNIeM+42GjLB8bqUyLkcTQbxqNXkWJV2pKlVZV2fke+wb7PvthO8/ZQYd5OzU3V+qk7ZLtug2rbYW2Bhs5dQUbaGW2nh6Sz1PWP9bw7V5FqSWaUs7uju6ebny9G7rpSdod1+eTG7U2yXWPdaOJ7rvdqLs7ViPQ01MXcoVGQ7wGh0IIYjUxNrsyt2bx0/RHLU51IGB1Z67GVROuwepti/ctRi2Lry++sxgvjttdycVU+G0xpRpzLQZUs3hxDcLKYoGGSM6SUAnO50p0Ja4SbMMljFjBnSxprW+op7G+JtXSMG+eatHSpSpVO51EMaW4Bl2Dq4H89xpUDSpl50KFUvE2k8JtIu9oIcksm5qcSqBihZeU15V8TtCQV2YxRcqpTmi2vZCbXZriPZw5ojnN2yDxnqzKYtRm5JYbJZ1BOv0ymEsdsnTlPTkA/MqZx31tth3dw6CMM78S1dMqZx2Tc2K7MLufJC6UYoSN2QFNeUl+CYmE/GSjRWduNAOOmnMbbUYC4mVSGSV6L42MMCX9YRkKZVJBt0dfitWii3Df+IfjE56mzmeebAF85a/+3fHMgQm0Cw6QvXdBXCBeXmUp61vajd7B2B0Wz4Hy6tXbr746joMjPp14uVE8ODqKGi93YViUSY+SP1h/+m94/M8XV4kKca/4TH9q30++M5yEvztV4P1QvDNX/vKgftvwu5uGFoEGoR98t7MFHt26eOv+/VsXT4n/+Wfntoi/eupCBuBa5ruaSHgAkhcyf/XLz+hMn5tVut7gwlwVyV2IN0Dz46rm+vp4sKI0HCiVgDqBgN/r9fg9NNBwpWTVoK62WPJruXxdvisfc/kD+UfyJ/In82VWbMwndvVWSq9WG2e5KP1efH5K7jK72lxY7oqRu2WuYddO132XQsu7PK4qV8LF864Lrsuuey7ehFwARpfRlSeE84DL0+WF847kTeSR7SuQDHfRmZQ/TqILPy2VlgsC3KGj6eReL8S9FUmBipoJcXLw+wW/EK8V4vvih+Mkk0rEaU1dkxLm7qNYpXzcMJc+ESIJFTgKSVBW2MIyKyo7JBcKDxdeL7xTSFxfYVxrSBYWhmeXlTnDVPSiLV6cciA0u9bUQImL8I4GOD37wuzLs3HV7GOz6SXPqBYsdnfyyGxADbMbZitOJkBIOBPE6yWyaXhC8qT5ycSsAl1BraKWMW3JGPkj2XE8z3FV9Bd0MxXFDoofva4AlyKs6FT0KgYUY4q7CkVcMaJAilwrIMfsJ2GCcjGQhMNmoO3cxmBOKIflk0KirxfxJIWjjYO1ZVMRFtvSG7PQ/WyDNvc1Wg2e9l+SSA2tEFBwiJ6FSMVMSoCBg5lfkrZcvuTYyN6R4RqyS2v0xTV0O9GuAtB2YhZEsged/dsNUFQ2G3V96y+PTvh84gfX/0X8sLz+12MrEhXhgvljhw5NylH6clHrxQHx7oOLF3nYlxQXPym+g4+nxU4q9Atj8mpx7O8z7u6ln0/+pLlg3cH67zzfODxQ2r7smdmVpWv+/e5N8XN75NMBsCrQW5mePGyanBAvrf2T7z/8H7g2/eHafhS/yrzWbxW35N8mu4ZihhsZH/uNX5T6iSs5k1KqFVq5gi5beYo2iVCpvFQetjkjEIp0RHoiuCkCmDyKWKxWC2cBtcxithnN1KgKUpxRR8w+buTzsNFYVKmrLNOVeVmEROn+3UVtY/OBmw8CY+Q1G63J+fO1lPuSpBmumEE7a5Y2pmVE1HMnEsDMK5ZHzCsRq2mMz+lpBBq7TDRiqtLVMadnzr45h+ecnKNQ48Y5jXOKmprr65rJBzE7nnk1RBF7cWtqA9qG9iGMaIERIY4rGi1COgnFrCVPFcU4LlaEbULYdhaeJFsjVNFS0VGBKyroEHgP7aDQrni2nmnF4WyVOkwLWWGBDZfrU066h1uEDuG6gDsFEKTh/xwpOuUWCa2cjuUlBCpxOWVTOTfLTLMDBytXSo8ox1bOKqVoipk89RP6KQnrKVLeaeEZkkv3rJRsPiT9s9LMgsdrkfnAnzVUap4562Vs1BJ6TsoUSJJMcXb0XsawdcBSBK+UKNhRN9wMP3rHllHal17sFT9BezYNDu5UyP6fw+JFOPEQvhB3ngTcGhMfvPLwF/+aqP6rE/zOrX2frNqfuf1xfdW1iLjmneHExdXyCm3kavLIb9c/1KCzmWf06CEaz8Qv3BQ/Kyidcwq4GwcO3BC/PL57xz/Dgsx3ScB28e4TNfzLoBPv7nn3k74Tt+Bi5bGLlR/HVkyMrv6EYeIp8+rh3HQUzQpQ4xnG11MfZwrUQhO5luo9/hQdT0TbaNGHhDuxuLkwGY7FY50xfDcGXKw3NhDDkjJGXOUJkHjeV2HxWbKUc1ZfHa7mqilH1qyUJ1AV6ArgQJbpLcAGYUhswwV0AeRAgcC8JEko4qdTHgbDaI/Xp4rtQr2zPlSPQ/Ut9Uio76jvqT9cf77+Uv31eoW6t36gfrIeCz7Qn+SAcrWO0QM0zCFmuGZfaZLqcMeTR5JjSRmXHEiifDYyFTdodMl6H5e025Ocr142p7V1Pv0di1JhZ9zZSccPhdZQ6/lWrKYk0b2tuAi3VgpMZqmyco7BaDLS3e9J5ZtMc5x60BMf6NR0aFCeBtTYqQFNHvVoSODnEF/WdjqlmMXPonugNFXGN/DP8i/w5E+wGeqan2l+vhnPjjbjX855NAetnQPDc6BqDjBJvcIiSVJPozclJc4ljOawQhQrvVqiK3P+IEezw4Z0aCV3pT6LGdDPJGf/2v7KCtiVsVn1GYMgMwh6pkRup6ZApOJV2UyqLTayxTaIW5FfXC3zU8o5GSXK0tPMJEo8gzQ8MCUPLbfEovoSWY6Nmh3/esbGg+7xNzbtVKH6uCimdyuHb4sn5LBcPNHcsO3NAisFBC8Q/2huY//tI0fOIWIxI7AdborW3Kd4i3c9msTBzIeoCv/H+5le+cgKNH7O/alS3A+rrGlycBrOfnXvue8abtx7/PckCxq79fNZ3+kH9O7QkNg/JA6v2yT7PHMPWjdRHXi3+O/EB/yUq+cWct3cCu4PuG9xz8CJN7qWLV0mhdhLOzvn6nSNjXPnzWUprFZv1EimoU5xK0DAK1Ys7FtILOtUilJzEs+/5pmz0EzswcpZJVa7AnIUp8grU4tSi77Z1PRN2kvQpTikQySKQKjJ7o1Vxdh5X1VVUVFGjUhICREg+YWaj4Rm9/TMps+1p8zKPlVHH7j6wn0o3jfWN96HVbqONdDBgdDkbOppwhNNIFQ4K5DQ4+xBpj7VGq6poqenoolbo+ozKR3zT857PA8xeUmbrjg5r3SlemXhSrTS7xdcxKpdLked3WGnv3VBqsTpgG2Okw4UdkjMUTy9Q45spuD4PUzGxB4Zm/EMNjcqbk7/1NKpWMZ0SA9hFvpPESHqZx7d2YQjR5w43WHIHt/THaqoRIQNOZuL0VZ0lvY1VjNtmgwa7aEYFzYqS+w3OyaPJLooiSy7JlJNwdF6nfTQEqmmc4aYjj1AtnQKfP/NtWtrG3m+Kn5z9Kx8xwfieFXlwCGT6UurGZZC/cvQFrkKVfHu/lWZBYuW9dZ73OJLMfTKZbT8ndhylbWxKngKvf/5h+cCJlP30gXiw1OnVixfCsu6xfQp+gf9M/SKR24d5eVbhnm5uAdWa3RppeYUGC7cvrV5p2HL4OQ46BLiJy8v3dm4KFFVX/tSwmAWxUe1/Km0axwt2cuj4CC2pofENL97rRINoZuZsMzcv3RF5uyg+NEgRRyK/6n4XP4Tzsa5uCgE4qZ8Ka/GBs4IJSReCYTDAUaoSBx9OFIaPEuSYCGV1W7U4dJSb4Rk24tOpYppi/OtVHFxRJ1HGVwXn0rRPtniuDF1Pe9OHnLlgYtE/PG88Tw+jzmCPF0yrzKvsqAnAj1fF3WJ+6mqi0vItkSuF8p0uLCwoMgxN8UqQyQ0KirSWwus9OebU6hgGyeNfJOtRUUTJgpwQRYxWkBT2GiOKShLQjwDw0sT1dyk9jQqYqadZcUaZ5TdJUQERlokMQGSMCFLyqkvnkLaFHt9Hj9gqcllLnbhC+DC6LsqhX7gZ+KvTOGfzv22FYs/EcQ19YdgsV78BGZnXtw18tXQDsXmKl/mZ+KTL4skl3wwcP9LEH8CevgP+U/E90Re/PSzQx7c/5rmY/g00yZeaDzwK9QCPNSfu3Bw4t2Hrr1bZbivT3wIzeeQFbTpsQMULVPE1vmHnJGr4KLcrbgxWmmxcJWgxZWV4dmzTY4KE1msduKJiwXWhHRzxbR04Xb7AvShjwuQbE+XokSdIR9x/z6fwOkEibtKp+NsJ02PqT4FJVA9aeJ1nClu6qRUqi5yN8KYVOV2bFKqVRRC9+SZlErFyzmqmPJmCl3KgtadUsuHZlEcm2KK5EbcpvsorMhQN+OZr/GxTlE/RXII7fBsL0+Sft5Lk36c7TmaMSVPNUlOiqOKy2xqlcqsSuuH78PHyFZVmflIdIkfji15dVPjqxfh8uur4ZoKzErUlXlZqYEusH50X0wPiu/298G65iKTWCt+cmDL3eVHZqvMu3cjjW686yzZVPvhPijTt17lP3j9yxun7y+Ji7e++vLulSvive29YJpo24v2vnf66NG7DNX0r4qb8j8nWUiAa4TnflFbyZhHa3W1tQ3h2W/DN6Rm9Fs6czIcLisrZfusoYyugz7l9TYgOQmy5aDj5UpNHl04DZdHR9k1mkJnIeW4IW5KpVO5VNhGhcnGT+eZkkoVRU6aUoLSqQwpO5SHlTI1ViodTiTJALp9SYwNsVg1/VfaU/vowKLT2eHsce5zHnaedCrynDFnzNTTAD0NGxq2NVxvuNMgo4Un1DDLB7MCoAsY4jLO6OOwYAA7Nhh0OpOphP42hakXTOAxVZkSph0m2omTd7G7GxLvblxLUgyJyGfMxGdbclN04gyVYCEnv033d2RTM209upNnkjcRxyEZSdnUXpYshe3kbAd7hqpN7TQ4mToQCZIck4jCc1QpUjeNxP7ErL5mVXyxCzwn1t0a2ouXde3hNeK7619a+uDVTehqeffqM1rX4vw1E+KD0a18W9ydlot9O4f6Bp9NnYP3V8KPoAT88j+feOXQ+DvppeEFF9ccXPZ5YgS/HFlybTBt7xxM6GU7dir70cFHQVlzjeXhFyfWyuoOjmyCSN9iVAeq9KFhM1NYeqT4Uv5jmsVC+1sIY2cgi4FsSYWEMDwOgyoMo2EIh/XKiopgRKlSgrJcCII6GHRK2nVYrYI8lyqsGlPhuKqT4b15FSt9lFYkVao8jaaYK44XdxZjEy4uyqNj1IspbtoJaqdT75WNc0BHYsM0NKdqXCe9WMN5oQh7bYVvQxcxYZvUQbLZ8vONzIT1+Wzo3Z6XZ32bwSzzKMlOUXGSBNV5+pCiRdGhwArFJRJ5/y7sgZ0UUvwr8SlPreiMIHhjNDfHnssHJfgCPVAkvFs0ytqyrHxCY+2pCDg6A65OLUBfhFgdUVp7aek5iY+DRLz5NWZQIGI9L+1+MDQqC4pfnUs//Y2l/3A+DY1wtqoyfT/z/qklx7Z+QY4T+IszolHmztyubv1vO74AbvL2IfmPz44fvTDxcA16W7z/y4Eu8e1FTxh0u3fjovPkKAn+PfwnKMUOaIZ/vH9/z8iffvtT8d77UPI6cXwR8Y5iUv4nZOULOSdZ/e/8wu1i1K9h99vQnsWwaNUmcm54K8lp7sWUDXwZbfL4yZnh1/ld/lH/Eb/MwfQN3tJbkn6/t9LLhvqc0giUvIjlNlZ5eRndvdoU4jDkyTFWWZhgMp1QN6no6RBy4vN0QvUOlaaiKZY017xIZ0z2yOG6/I4cyePloWSvfEyOhHLIO6KCuGpUhZzycpWqXO7khdINldsq91XeqXxcKeuUmDHGKscrJyplAibXklyiNqWnrIh6vWDU5NEyItlaKVmI4iMpMq5DwNuES7T6MCaMC8gldAq9Ah3czlKdRqaoLJi11Ep9/RnNfMrYQkvgg78HIjVjYGq6yMaActMWw1o4Et5tCu5GOzYww36qaXwgc0Ht+kM3h/agYXg38wGKiXatGV2D227Rg2ozF+HMo+14U2Yvr4q5Mk9mVr+xq3fw4jkYPwARGIYS+Z/s/2J0/INM0Ymbx0zrhw2Bzwt/cfNEpm/y00/Fs6/0y8wnd66DqtfgoZhR/LmCRgQR8f9TXCO5zmyuhlsAr74xp62NpP/z30q16draks0tZ+Ebb6aamxuSDe/CQmI+OuJMtJyOYtm1WkWlgpaLy1MtlR2VCMVzG36UG+cmODkdiZeSc5mGnAGVZWpTvonmEd5UIL+quibijIQiLRFcHamOJNx2myuvOMnZIB/bbNZEYi61rarU4Upw0WXvrURxcp8PHfkgJDoSSFOZn0jkV2KXkATagQwl9yUPJ2X5OElx1sWeZLK2nv4IM2UnFmqdtaFanM8RF+qqJV6vVmJb8CRrnUVFLjfrH84yOJJul9/qYimaLeW5JIF0x1wTrkkXT+fLOl0j5CILlcwOX+QagbSHkYXVrZLKWzNm8mk7m6I8ZkQsUakExWY9cyQMubHR6LSXmskNX5vNbiSiW7deX4JY2sLovaiOvMSVwqY0snYmUeDmwlGvy6/IEsVTa4vI3x/aUlKzecWe2/8z7/iryf5VR/PEf0FJ8Y7Pu3rr4Iova94GFXwoViGz2NlorSl6+P0Dm77cPKLor3KlB8Qn//rmYP8KYn6HYAn88Nfou7HKf/lOK/mOuPgo07e8v/aNt25d+4OOSP1NaFx0HILiJ7eu3RIfLF3M//2FE69MnHvoPtIvf/cWhJc/Ab8lJvlzqmbgYqrxb5AIlWKtGrkOlPfG/EWLKDDvrdQi3aJFTYl5Em4/QclHzclEomVKzr05bkmdLDhfcKkAU0n3gQISoxYUtLjpqH973JFi3Dx0vnOb+aT5vPmSWU671aNs3DPrSej9aa0hmWcm5+Kbqbw8QVBTAFdeyqKzmIpI2qHH0SJWr5JHF7RLLXBZhJy1euyM0GrSD1KznS0CIArJRRvIsYM6hMPCSXLixK2OpBB1kmBlQ3RbVLYhej2KOqKHoyej56N8lM6bkk0Ycm5zInp2tpAL/rzzkhMJ0QVO54KowDeVLFkSamppQiebzjddasJNtPra1HiJVuQgFivxxf1jfsT5we8v4epd9fH6zvreepmasWZqC4uS9fVhN+cmvyoFaMXJ1gUXPSVdtfFahMpq8baS6yXIVdJZMlAyUjLKCOwmS+6WzMpR2JFIKzuWIOXjbCxaAiBJtyGGD55GQg2uLJO0Nehkc65eNaN0Fc0ZeBbdNDi9Q6aC+q8bP7PvfDaYPKVnpc/SXNUUS6JHWVaC4piRctwpiqtzcELa+PNnYYdsD7hk6Qf7fiMitEQ9f0j8QOdbt9ZfSvLss+lX7i5aDvLXxeFa+DhzH6o7Osf7h2eXgXXwVfGhaNABSr+zc+f64fWjiiPl1vRrmVMvxY4N9q04Bad2gwetlf9i4GxmclR87vlvKNYMKUs754hWePb0D8jGOIhcoxeXLdi9ekdJ8WsZcXT04ugojh+60NZ54r3f3toxbHqn9kJ6uBstuJs+8yqnJHnbrxgrnoyxWuQYTdpR+I34vHlN0vj+PN28efOTyfr59NCm85pZxI4ONzfXz6+XSFVJ0G22CTYn7XobcNRG+9G6FEmUYgIJ3q/HyJNlMcZkV1o2t5UFY4FKRyV9mZBCn2HowmDCgHGxjzboXvEpHb/WPdKhZ3Uv6F7UYV28fHaS10EoCoVReDv6y+ivo4+ifGF0YfTp6LPRH0X/IiqPMl528gLiIZ8uw0+Xvc2Uuh6VyQrLFpJnflT2F2WyRBnwZTvKkLphLix0gNqx0PGi40cOXsM7uhzIqIuWzXU45pZFdTK3MJ/stPmh+S3zsTCfXuybf3g+cQPza+ro/9mfEmrIC2qoijemXfdQzb6awzWyfK5GV+OqwWFc41Ew/ElrfOH0SI4bXO5Od697wD3mHnfLR9zgttq1ceJWtHFrYTKu7dQil3ZcO6Gd1PJabYe9x37Jji/Zr9vv2LHLDvYseNHOZafwJMTs1FTPVBUiyzgnnfs9G6fh2Kuk+mxuB7Fbul1Y63wGPHuKXCB3kXMW04heFhPnPAed78uXzWBEr66WWDvIp5/4EVmx2QLF+aWoWuJIp5Va4jh8Pr9iqowhkzKcnVsUbrEXji7c9a8Gd29zl/jVXfFhGrZc6RO/wGOZ01sOwX7xK9Cm0yAXH5L0Vyt+JaroNT/U7Hl04+27HZ8OjZ+CE38Es+F/QSnLfD55te2LL9JHe9a78fIhebdbvAzl4sd8bOfwxMT8VeJvNm8WV2zevDmz6uW1Stm3lj+E2DHkIYn1R6/Kmff4FWOCk7MdUs81Q298FuL5mubq+op6ushCqtTvdxaQNIWc1zo6clkXn5VyOxyFSlbESpxKUdanxW+lLJaacHkNRdXGF6UaYjXXXXdc6IgLBlwgROBO5HEExSOdEXQkAr0RIGamdkVqaiIurKmQs1NVqIC8cEW8AnEVRyomKiYr7lbI9BWFZx9PxPPUuiRllXQVYj8uZMlMSZKpaxstycJCXYGO7upZKRPxYgUaveFtWEY8np4mTPkkzs2jMuR0iFGluqQB1KHp0VzX3NE81sgusQuSaYWoOUVDX89rp+BK1Dgk9B2dDdVPBylMXGPjzNJ/bpZsBtNXdGrONDo90ZHPyXgvJsfrdCpsoa1gCW+aPZ71jFNoSqiYiRWfWLe/e+cWeVr8reiDt2G8N/23mff/7NPBJ58lptG244tTq0ZeOrr7f67M/OXmP12xCgr2iH8vs2Ya/eWobFcmuWsXrNi1i5rOquZPXs0EPhGHPpbliWnT2YdQteBp5CW2cWlV6cpvJpYdW/6NDcO7tnYlb9xARzK9rXFYCkgUpU9a+a96DCRvnssJjCdb4hKcB/Vn1GqForqViiWdSYUrK1uDsxgJhKWC+lB9SjCBgE0utTZpMtksLnKq1p9K1bbQFVKlzD6fpaSoVFNKvuXNlI7XUPDZwng49WJ2roMSiCGTxWOpsqyxDFlkaleh6wXXZy5ezbtMLo9rjYvvkiZ+4yF/MKnWLNQgTdDiqtU0NmpqXZagnLveCkhohTutj1sRbVy5WuOtvJVxY1K7as2RSbUaSdYj0PTIkHJyJ+k0GQUfZGumoawyVg6iubFnWvGBov4lKM/G6bFhZhW5IktPdpzMmptZldgjJL4RRkRJT5NodQlm5fYSdzWJXr3EAPJNslh1CfXbXjpMllVfyc3k0/C1iteKNwBdznx5mazVRbi1fPlAQw0yB8eeVsI3tF2Z+0uWuJE586Xs9eXH/LFtfWL6MQdXRBV6KPqWrVoYkc+98frDzu1bZSdef/31dG+0/I+HT4NL/P5cKJ9c1DYkpoe2XA1Uif/4ZhfxbqOwGbj0zsyp5etphjRMAtOdJB6VMWWF43E1yUHUOD8fc5hn76uGwjkMKqOBDZVywHBqZF0BpCJ6j/Gw8aRRruaMcWOnccA4Yhw1yi3YyL7ZE0garVaVVnUWniCeWKO5pAVKxCj5lWxIqs1SKGhZkWNqU2dTjSjDhOQqXVIrnOxKsu1kPjDJ+SlOA30xY0/cKg6sF79cJzvxffG++GN75fGz72eC+MGDu+AWr8mfWnHuyzX3H34ydqJo78uqE3wXaA78djP533/9fSgikcjVN4uK7Cq3XVJ7IG+Ljr0rdAgpxGMHJu9KQUGxNPJEo3FXAdZgd4G7QGtkb9abKY4DYO9X8e99v3Lvluz3vFud8Xzp3aLcP2FGXim7q4WZb9XK3/dWbfw6/fY0R8SMypA19H97/1huRfErsOOr4bXi/RWyg3tEUTzi9j1+8r3pdxKu4a7Miccc6hJPkHf1wuSaK4/4s78ofmW7aozvZu+qrD59ZAuMQLd4nCIm14n/RqK8b3D5kjIq8V8NEIiXtdg77KjG7zfX26qFamf1hmrcUt3BOMz3Vcu4anL2VBdF9HKlkqejz7NSSp/XWx8JR2gW60yFaJWvMzwSngzzHLnoZZd3w/I8HC4LSTjYnrLrZWhfGXBl4bLOsskynoSB7iD5/jdSbitxhh1vpqxW/fTIG82GyNq7y8JKPmqwR89CC23wkLCHDarZwYrtJoOBzSJqUx2G6wbUaeg1jFF1z9AMHciybFs6V7qPZpvW2Xjod+SRZ8Q2UumW8STRQ4jNFep12ZWq8huMVMyxOF8ODJOULxVwyTlkkZkxPZAoQzYVSvN5KRgJrb4gbtZ5vEV/eKqr9dgDdCQpcy9KiBM/lIkDWwYSvC36M/GXw29mvkC2zBerVr340nfA8/0t4q5K/Pxl8bL43mt7FCs/+ACUoPrtiGLt+P1Hmzcd2jWxp3NV/eXEXtl7jx58/JdrZIpj4pZjx+5mHrp8b1WsHXqBYrTl4m8VE/K3s5pNCfiDN/ITTQniKM6kDE36eF2cxh4rU3aXq6amUVtHu7kbmrCziaaA25r2NR0mOeD1JqVALq83YQ0bNg/V7au7VIeFulBdS922usPkwfU6hRY31TXVzcG+8nJPZbjI7S4JlXg8wUCQLmmACzJXFQgUzCksLJhTQDvLhpRZmANqqvvkmtM5h3fiOWellsOcvEbceJYy/VeGQlHKl7Eg3piSv6CAKkVC0aW4obinkCkUVfAC9yINphNVUFWlKsQLMVqIYQjvwPvxaXwBy45h6MWAMC3oS8oMIRYdU+65HLjna8jSafLRKXYDyQCiOdpKCSMk6RFlpUVnALWlGRkpO/z/0c2WK3KIUaoAUsNgoMUIG4wzdLTxZeBKo1C96MkrA11/DH8mHsnRW0B/eq34oCIUKHWX/9O1+vY/OtqW/PnGLS9//HbcKLahcXX9+Q9mKmjL/zyxZ8f3Xug7uKvtypWPrnx09fIu/I9z41ueGh4Qv7V/60ufvLN7+MK1u2DrE9+69Hla/FS8D+3in1zJbL+S2XqVaT/+hmE7XVPRyr+8w8XJmjZzceLm1anm5ppGXWN0Lq2nNVNijEo6blZZGU7Q0xZRMJo+EdSfhQayU7XBvAoGFTBgqgFf91ZK5TNJTExLyZfN5lmljATIgKlae138j1Nyd2Hi6QSqSiQSaxJDCd6ToJdDiR2J/YnTiQsJ5f7EsQQ6kgDEGPl72PgL3xscCCI6zRoOHgny9A4Jvh4f6vFt8N3xYdpepJfXfTK1zgdxH1CxWrfTvc992P3YLSvGbpqEJYI+t9sXTPDVjmpqxjXkLEzGTamGhn01J2vO59I9nIdrsn1Fdm91sPu39PnJGpnX4T3LuKELnbYQzYq32cBmc7jogD0xXXTdAS5HDuww5phwTDruOmaNOMCRZUcObYxIhY9cZJ2FKn+NHLwnx8gpsWz1sKxuKmXLtTb1M5nicn6Jtq7Ksni27DHJQu7fb72xrOo70HHcnPS7xKwskbeSQ1CieiDP8zuqZ6PdmTWI+Cn2efbhkPggVl/V+NXLYHZ74SmvX9wOH4oxRGuA7HMYlLgtc+Y3sHFZTPQ8FB+Qj6pIN2z718z7OCJ/Y9W6E+uOkI+xJJpbNfvo9nfA1dja/OR88UzfOnEP+3tuxfju+K6+//5I7IM/vvnDtSM93xsn3q+WWPJF+TdJ5G1hvYsSbi764LRghDxGlNlB8p7REqBlKSREQR+Nl0aS0bjbS26sRUlBbRSCzhEn9DoHnIiE0COF0Fs4UIiMdsuIBXotAxbkbWiZK8wFA670+dhuiKY6qNWFfC0+hKjRtRCj4wVyg9S+uNOb9MXNFCgW9vX6SOjiqygNltLv86c6iCUjIbgheD54Kfg4KFMH4yW+ZDBuL06Gg0COUwEHKTR6djyQCrlaXKiF5o6Cq8OF8lxxty/pihcUJeNULFrnQlrssjuzL7a32FGL/Y5EV4ry7PTFdvZiOzDyby22Wwvpi0tTgtVp7bD2WPkeK2ygFOTkd7DSd2PACpxVZx21YjW2miz01TGSpTiZEDrfY4INJjDRV5vYq01AxU5HTVhtytN36IGKrpA9ruToZHpzvDBFOeaQwMEdkjGgCZraDnBIjbnqKI0fClPV1TXepjkUehpi4FNZOZ4T13mTNXMolFCf4kxWuyvoU5A8/FgN0rFtWDZb2o52aVvGyW5JcjUDNSM1WI9qpJn2ZhLkdfDg4qle+gBPpdPlI2yYfaaaNEMzk70mtXf10ZnYt9zQe25wkmpBSoqR7Mu/+2DV//XR4Ix/kpIxTv1otocZpnT6JpSFWZMghsbjxmlS3RKp4JJf4iWP6Kcse0+hR1MT9aaS3PwmjWXYxxrszsTkuzIx7L6aOXcvc+4q6OCsmMRr4LS4KL0IKTMP8GnEZ9Lp+w9QizctKkbTPT4cunpRa1rU3HblK/Ihe6Lr3Xe7xDU3qLTQjQNbtmzp3Lp1a5pDW4beeWdI7J7cNMB3HRT7YT/9pHFpvfifigvyFk5PItMCzkH5MqDpDXLDNuYsYpsciYdxMT1UyQONRlnExMorUqGiDUVIKAoV9RRtK9pXdLjofNGloutFs4QiJ3myg3z1JHlKocFFtmLpO87bAIVsLbYO2wYb32PbZztsu2TjBfJ4Gx3QscXtzqTN6CiQ5eUVUNsLpJx5VDMDh/JO5p3Pu5P3OE9GFaDIM3lcHpTiPKXK5DabVfTF1lSerQhzG8xgZnGqWWd2mbGTlf7f0juSZsy4GOZRmXWSHVNr5/9rfmydZk6Y2bRZNUWvkKNPHOyZEb9y1inKBSktls8QsquZ4rGXzQgz6hW70z+fHcSJx9yjRWTjzfZ6Mja569y5R4vGxuAELBVfz33KWyY3PPVw1dq1sqMrnxFXpLfjrUePZr46mrn9Ks1hbeI/K76U/zHnITnFPFgZL2irA1kd1M2pmZPgakk6W1vbODeRCDc1Mo4BU35+QQHDicxOWQpm6UGjNxTQUacCQ4FBaGlScGrAanWlUAmCrLK0NOz1Nml0eZpZxcWMmtKW4otDxR3FqLf4CImdmoqbiiOcEAG1PMJIlMJcBOax+a+7JNEpgzlkGcvLhTB0hLeF94UPh++EH4flYbZG4QGWrfB6HMYejmEYSlNOQdAJvcQJOwTiKVo4/LvFjAEOOiWVOepxIySsrM1RXdMl2DgYzVIoTc9E9EgEGDQ3rNVPDyTRfHplNEudXiYxI3+9zCFl3Ia6KJ3SlnQMFLnyBQslGSw8O9VXrCCum2nG6hQ8e5p545geathUtjRJoeBwF79WTLrIvr4nmsR7B0d2LVp2fFXyclX3klWxxDvHQW47tRMW2cgmfg+QCzRfnHrni+3i+EgtrFoRf1R19PiiRrEW3du6ddnyD8RT8nkPRtMedCtjwpv6L4/t3r3qwO6+gVe2btm5+SZ0119+d1QMnBXvHTp1+qPjx8eOHG3ee3YElon1B47vGnlwOX27e/VrsJueBVbxfyu+kK8kNkVVDhyUKRmF4u0FBU5Hj2ODY5uDFxwhR4ujg17ccTx2YEe8JJB0xPWWpMOxZEl9/cLYwrCuCIqKvIXzyuah+nmAiU2qZfNKStor2iX5mHZiEuqUMJ+40fnz42GSBs17KyVUENcdrGCdt1Kvjx0xxlRZDD6LwYsx4GOeWFUM6xgi3eQrZ2h1hGIxrOYwOZ7UmHUQuUJyrSmk36xJmTWMjNWA5SrqqFQpk47Tka/rdfTrYylK5NFDvDxPZ7epmhRx9UKQOv+TQX4gCDoaxzp9sM932HeSRK6PfTIax573XfLxLt+AD5HQVUeChwHfhI93quG6+o76sRr3qM+rL6mxSx1Wx9UDaj6u7lQjTj2hnlRjtaABIayJa5BO49KMaPB5OejotC4EfWqNXK+Xa9S+oJxr6qC6IkD3BgpTFmjMyajDpIU9iv2ljYwxDo/kOKIGsyzGtCgyLas8uFEawM4GpuzvYE5QebpdN3N+yErRV6xSPNV+mEEUJOkHsCluhqtaqZ+ad2WuVioKSqBvmoV7iyWrL85xh5d4p+bx8qWhV7OFbBxOXx3NN9EtU0NbeL7sfpJRXZvtWJe+iwLiOMTFcfQyzNKqxLfxJ2J/ngBDN8SlN9I7PgVZZURcj/eL927f3v2XbYuvgumKB9SXfvjjSpuYyDz36ZU/KJ6f3DKIz6NfnXv/efnK9AO0aEi8MTR044mFFy92LE6fRSOZ7ZWDa8o88PzFiyMXTofxM12NMAsKT4//9Hs//sGbuH+LovLZpX/z3PKh17vwy9+VprAfe0mG30RiWtrPriGHY4HOV1npDRWVlHgcHm8g4KUkYV5vkFp28lSKCjK2UyqfKmcVMlTFNbqkpMuI8zG5r4pEasgL3kqVhsPmIJjZaIKCHITFxaxCbFS7ki5XyM5CRT22FwINFpPxUGogOBJE4QhQFrTeCJbo0HojY5HxyEREocXBCFitEAnyMp3BoJXUFAXKJuo0hAz7DIcNsnzOoDOgEmywWPg4VSylyZZTdlJ2R/ZYxlN68kuy6zJexhwlZ7PqPsqpt7IWwjRXHVXtnkJgRWjZkiKupohB9VOy4FMl5bIszW72htbncJSGVDiKkBYV5wC4Rpbr0KzdghSgwHKFn4ZcAPpYdlJnOLazUuxC77QO6eyzv9krvmOw/k1qlU6beZhEt/lE+sKpyW8u/HT4ewCTrz/7h6dx96MjyCj+5geP8r74iv/qA1m+qEHld9M3REE8PZiYtWer4aewAd0A692f/DfxB3/9fqf4T2lx7hZoef1Pv/uXd/FK+If0of/VYXLdLaJE/sQeHIqH8h9yVpKtR7k64rvauIXwp2SZhTZnW6iNrHK8jbz55KCK6+LIwGTm9MQI4vFWOmIYSpBXtCboe69PZdWwHLi11ZJbNHvKYAg2NjXFsslvPq6Jq43JmhpLECxZa6mrqmphiAA1aJP19bbKigqbUyJMcVJmCIfD76UP/STGWxCflfL7Swtt7e02abgH2qFdFgxGpfUPZ8mO8ntp3nMkiOyMoaysUmIoEyhlWcn8+br5JEZ0sxgxriZ+vbhYZs0ZkY0YEVCSe8mAZC4ZjMnGZRMyLJMcuGRMeil+Yh3QrMrQdC1XuohYQzOAwIzFKMqY0qdTavYjotIXpqFc09rx2Wvr10xMQZkx2QBAjWRkkvjJ1PgAFBuMFoSj+cVGs1Hhw14DvQWJUxPYuEB/bLRSXITOtA6ZdNrXloqXDeYte/uUGpUob5Ovz8jbFtUnIXEBwuVfgqctkWhOJ9CJ4cYHnf0PHq3/fPWKT5sHUbyt6log+WjN1XsITV6WBVYcgPujMj2xyPDd9GRm/NBXPs1LW7R87w4Ioxti80C8ecvIbVifFF97dWBXeSS9DvqhMy5+KJ69i7c/ED9f8gVEXhG/Eu/HHoJHPGFybR20e/gvRo8dpL6+XHykuCJ/O8uT7qZVafjbuC47e56HS0r8bsaOPu9UqtxPHeisFFceLkcazGQWVYb8pFAGJpmnTJouc4FOZnBRrhBNijreSypskOmZ6zWlOvUjeiSQWBMLOqcOGWRqHf3CByl1OajLC8sbyheW/7pcVh4nplVOk/NRquMFak+hp8yD1R5o8IAn7vAm13iGPMfIM4YyQ4PhacOLhh8Z/sLwa4OykD2BDfQH7DccM1w24BY9qPWF+gY9Xqh/Wv+i/kf6v9DL1Poy/bN6vEYPl/XgVIfULWqMBLWT3veoN6i3qbGgBuK7R9Wo3GPQq9V6g6dcZudstg1Sju6yYzsepxr0PCfMcs4KzcICY22fQ9yzvIyDLg4SXBe3g9tPXARNPlz+ZC9He5AStHljZMogSfAZ2jgDUcPUXQaJd2W+eiXDQUtXZdlB36kR+hk3ueZc1txn0rrTToZXGsWaSYCtL/YyFBn9UjlusRdAq8eBnQ+6oEg2JN5LHxNj8nsD74jXzEWD23c+sosP4AzekemHY+IKuX5uTXh554eZWzAuxk+sXSuKmf59h4o3D6i2w5n07TOIF+ubvxgeptPp5eJ1YmUpklVWcLVcM5eA/LiuKuovjZIPtzdcgyvsFYzZCixWC6uNu6zOQnchrY33p2rdnVYYsI5Y71qx0w0d7sPuk24cdsfdnW484B5x33Vjq9vqNglUAyaPo+z6d+1gb2hsbJ2TaGmuayEfxjlzWnWC0KpQKjtae1o3tGJXa1hqpSIBt8o0rZiN/rVStt87JmgxdZg20LmGOEOlHzGNmeT05q4Jm7Ko0jJJE4J6u43ScRPNFaiztKx0Wm8jTRzqmG7sxq9zirDvN0xNv2b10UpYKlFTLDGnleTIQSS8H6XelHrxNSWgL8m+Rm9k3+Nnt4r+jBV3ffJc6lb38GcPS79cu/72t9f+G+7NKNGDTLn8aCaIbj5cBh/cW79q9areNUfe5fd+dr5vcGzdU/92rK8tvWDZF6vqxfgCBFsu/+zPthw/29d38djID85f3nK5H1vTN/uhETatG0ws2d2/SdwFm3YPD+0eJFfpvccOrTlxaOn43q4TR0hE2oiaFBfxt0gWEYo7t2L4NoYVGBZiqMckZQcrBkwyuDjXKek0roxI82IrpdixUbHnwRD+lniFzepdJ/nISXJGFRALqmKKofO5Q/HljfUyXnDmtbpDxvqiAuBt8woVz8+D7nlr56F5sLkVUq3PtKJkK7S2DbTBXCf3nBP6nPCUEyxOvxM5izYUwXMh6AvBUyEIBaGN8jW1AV/Pn4PfcPVwn2tpyW5Jxs4lcXTRTFG6ojfRLGuRoY5+MKYKupD6qDQ0ryeegdFxSfy6sRpgeX+Urhjl6C1hfXATY2f2FhMnJKWKkB2bR0MPrAbQ2ezgSn+6Zah3GW8QH/bvqOTfPYM/go/Fyk+XjK6rNFelb4pfgGa4e0inebQXlPIDh8Sdizph+dAwiokfMqHyKvg3XrVqla1ryaP7eEe5PXMiFtmya6R7LNaJ2zxLxMtXH924itakTa2eT+rHQA47xRPd63uvie+NHuzaOxBctRTJP/oIrb5IVtQq/rvic/kvSCwxm2vgjsfXVMf05UIJZzVUqotKZllrv9MAzzbA8gaoa2hvQA2RlgiUlQS+XfKdErSiBBaWQGlJXQkq8WxRw7NqWK6GdjXUkgM3f8gK37LCMivMt4JV6YtFPPlKZb4nwgsxuibC19akbuaq/O7irGQT5Hqq5E0WJ6LPoViyoFqTgtHrYCqpLK+hbz9IkBYmOqgvkRYNpo5QhW5kqcZsvZsURblKvJLc+UAux0WoUlUrN/x2aWJw/cQEKN9/f90acu7th11wxhMBV2sQTjxaC/9Z5bp4XJwEHXov8HHm/r2lI+fg4DEIpzcv5de+Ih4EndWKPgENk3u4l1lrs+0dWS471D285NVhkdZ2Dor/oRiR/4SzE/8c4fbHrZbZs4P5JX6NwaA0lfgdTrudd5p0FHndeCaVn19p42wM4c3x8qBSKWfBplKp5XQO3dtZdHfzmZTWWexw+BhxzSWp25HDhkg5XpYoMteSzXGU65lUYJ0UpYeyeuhk0+qKGdrMMtVay8KCpH66PnuGgcJMXA9ZCPNB+U3x4umXigK96147dePe6sYrH7429tI7nxw6kO4S74IL3geefv52LfD87lc+FB+c2nvwCF+RrhIPKvnRtUq0Y9fYoZ3JkZe3bj279cD2/Y/G5PvBLt64KtbCxYet48oT6Nwre7YPckrO/tiouCn/Bqci/3cDZ+ZsXDl5J2vBFidRYDhQE6uKejzRSEUsWlERjeFiVYBy/55J0ZYQG32NF9s8SQcFc40WjhWOF8omCqGwUCbISTAjlwewykJinLYzKbMl3ybYKPwmlcoTOiwgWHosSLCAJm4BzqKzdFpGLUcsYxa59KCXXMryTgoQFzoFxAl0eoFkX4JF4IRAKNASwELASS72BQ4HZPk4oDFw2XGIDu66pF3OBuNnttynhqM2TrdJp71ObrIhwjpaM4bGmSBRlnhBWtHirCvKYQVpvk6bTTmNL3Z0MTlys1GG/F6SkPljE/LeDL974MPdu3em07JOcS0cfDQOB8W1fFxcm+mmV3jg2EDy1LDYKF4G5QAo5z5lh1ur1ojiihUPjz9Ys+KrdfJvPHqwddOp1/YMYs/rr2fGXyc3iUXl4uQmMMF74uhw8Bl48qqY7gXd5USXeO3TdTdpp5Ss8pfyN2esrzvumR2ujtVGKys8nopQrCPWE8NCFApwWFrqMF9sDjCdemNK5wDa/ENxR6djxDHq4NnMszuYZAZQUFiUdAiFoHMVAkfsIFwYLxwolBkZtC+e53AlCwv1BkNAMBeYpbpqQQHXEwC0IbCNLB/uCdCL64E7AVlA3aICQbVBdV2FdVil4mgUSafG6aSNRnGJlnZGuElJapBqQHDZGVc2LEl8ZSRH4Mpm3hj0tGcjG5acmorMah1Hpe7HNDOA1CWR1jkbdGR75cRj4Zlrri/G/3Wh2RJ7JVEVF3S0L3iwYt0fQ8f6fgj+Ejoy8/5w64d7d34n8y3+SHoX3tR1ZM2Cv/7vYj1d5xGojD9V8GhEWt+j67pFcdlq2bdf2LBq88HYn/6s8TGXvrJux6nje9ehsHgxc7O7Uvznb4MbjouvrJu9Hhxd4uTVdTfEBzd7gZ+kebb9cT7T/sztaBfn42qQO272ehxFLR4IF8WLUJZczsbE+0haqk16ijxFFdqqCgkWU1WaKEV8qae0qhR3le4o3V96oZQvZSNwbm+ylPeb/EN+TO92+C/47/llfpb6hpJMHDjfW5ocoUj8sjDcoCAct4e8cYwASE/yX62L2UZAXZ4kRoMKC7WzaE4UUmFB1aE6qTrP9KHkGmICVUqtTUuzB1VKKHAWIAM2FpyVmE3NTjN5qDfTh9WpxzYotJVRLrNf2j6zIbXtadsLthdtb9t+afu1TdFlW2NDvM1kS9i6bDds92xykw2o3FF8IfnvxG3gNEKhscGIPjOC2vi08W3jL42PjDJ1lTFh7DJi3lhlHDLuMO43XjbeMCrukRfp4ZEeqvQJPRrS79Dv11/W84x/2Em2A0dSOWSjUqs2zG2ogmwVy4mrOB39vzhSsm0U/zGARzD508mNMlb7CU7Wma1ZRsi5FclBgSS/LhXvWZ2SFS3ZYAGDSE/nOtPH2CDbA4NlLNkfpOiSwUiI8URGc4YvFQ9YlC5ZPFXAlNH6/dTpxmDQ9HiTMWZVb87K5dPWH43EPkdJqwmWNaE3M4tev5bc80L6kazx0Qd8bPpTpj224PaqHQ/PPdwe/3I9//GrvQte2y42E/s3bb/97S75rI6UZ8ejU58cGjjViUcGxMkBcf3g4KR4a+/WTz9t7RbP7en/dPXq8i8HiOtbIt5b8w2So2uI95+U/5SzMLwqQzyjt+LzXf/uBRC8QOcuEb0Jec97eTW5hMPeO14U8nYwkZLD5OlLXoXXa3E6D/tP+h/7seB3+kkG7/dXRiqz8NaYMxaK4TIco7R0DTGppys0O5tDzeTZZvpsXTNL8cmpOhsHas9CE7m2QBBzFvpqXcrEGbGAwcBh8iRt7dbHNSkdz9EWPS1TShM2drtDcGxzkGdsDroFV6aedoPbbVM3lDU0NDzd8GzDiw1vN/y6QUkvP2t41MDzDaaGqoZEw1CD7F4D0EdDDTsa9jfIyuoa6t6u+3Ud31D3dN2zdZ/V8XVxlyfpqRuqQ/fqwFQHdYyQmPzuXJ2uDpUFGgIvBF4M/Cggawg8G/gsgCltTSIwFOAvBMAUuBFAjLjGT7+BEtfcDTB80484/CwHQxwc44AnCQjN6Y8Rd0NPgmCFRF7cVGBPvsiTQMXED/H4Hr0a4m/wWG3TNdQFON5m47lAXYNcGT4WuRdBfMQUSUQuRC5HbkTkGsaE4LaXJHURQBGrlXUsdJzqiAoVqlRKQcEpyFuqVNC3tDilCSkhpKRcfhuUJ5WyTsbkN6ackC6pwLOUnU4PC0i4yCy13nRroFYq00r7a2Nun2VnedgDCnuZrpvN6BTMmEfI3pT9zvC15JfYJMOg1CmV6BR+r5Iw1fq2KPz6EmBFNomfQy6X5YYXclsUDaBysR7eF7XwFfDIkLkNk6ILxR+OimcfHIn3PhBvtBa97mnEhjR/qPeU+IHJM756dWYFOjb9yeNlJ5adeOWVE/QOLxB3xS9HHr6G70EbGLTiR+LFdCMvz8iHRmyod1jTa0caGpgQf2Mj0cVt+f8gvqY4i8Sazy3GzrjFGW4Jo57w+TBSh0FN25nIgWNhia9fRttWppgnhrtip2M3Ypj1rMIxQDGqluYLJmN0zMYcizXOXbSwPTmrBdQtLUmBAx3O5ygoS5fyLKxaOLTwwkL+xsJ7CxGV9jyjtiQvJ4HOQb5R4EommdlqLEmUJL9AUpdEI8nRJEInDSDkgxYvTBry8w3JhXyje24jLfEuTqlrgat11Y7XTtTyk7VQG8WVgD2VVZWnKy9U3qiUmchlF3lALu+y+UxUaZfbwb7NAU5HyIE0DlBjh2OurTjIBmuIo6q4nkOV1Z9JCVryH9DSbEPgtJCgxDcCqAVBZ+SM5CsaoyTXI5Rep1izklLyTadTanZuLIiXpJT8smhfdDiK5VF6gc3s7kD01eiZ6CfR+1FllFXNSWwki4Ip6olWRfGNKESpuBmF0EeirVEU1bUHnw+iZcG+4HAQ07udwQPBV4NfBO8HFfKgObiMPCFR91cWFCWrgnAheDmISNp2Kgig9kGXD0w+j6/K1+Xb4dvvO+ZT8L4bFDnEAgTyz/T6Jn13fVitAZ1G92wJ7C8BStf5hq80Se/jQfJjj5QAigZ9mhKeL9H4glG5RZjbMhcJc51zQ4zKkMT1cy1u+iaaU0ydSC53WqDF0mG5bsGdFrAwMjW2FbPxfW4HU7qojRvpPmZAFgpXye7j2sFc2XDGKN40GC0n6v677pT8M+QFPXT7U45mBsGZGTqu7KFemfyjuUqkdLzkyl21ZT302FiZPSMo9a0xW8PK9vkUfkkpHqYizRIKZMupTRtp+phtpv++yNP32nO/JYkyd+/e3k3Do4+5nucrcSW+mv7zA999f8/OH/8BcHBV9OQ+vzr47JwFV0YP3WyYP/9nm0QlDUP7oXb+N6yPtjxYs+zhelzz+sUHn3/+YPWTHVdHxF2w9cd/dgLvfXRuz8jxo7t34aH168VN9G/m3UTp8p69r19+ZVXfo+dICrJZ/GigbBVULBWvvrPimoS/+E+mVBXinuB6uF/FN3HQ3bN8ZWBWg1xGjtgevKJB7cNei75rUVt97RMLvC1tGi/esgKeXQHJFd0r0IqKinieLlnzRNWWJ+DZJ2D5E9D+BASeqH0CPRHuCPeEkTMMm73wjBe6veDtek4PfXp4Sg/6oghUhLuKirrCFfxcOAu/iZv+sA3WtME32qCtDWrIbctcmEv8glQp+Z0CytfqJytZlhjN1k8oujZbQSHfY7BIJKzTqQOtjeilgmU+r5Dn06Walhnz4CpKtFKdLVIW+2C6uMIom+SKHIG9PkuuMQXdJQYTq+E7IWiLweTn648dTyTF1ccH3wP7BwaDbtNRsinFA+JL4lLNuzsnxRXhyt2H9nwOn3oeTVwka9wfjys1bc3onTV7dZ6u5gV9SysHhy7y5/buRruGR14PdGUirc3yjY2LXhZ7u7Z8VNt47Ktd3bG2HV1H3cEb/e/pQDX60rpdW9yuj3v74Mh68T4Minsfc+Jlg+nIgMEgaq4WafZuka+CTrsN7CTEXu9e39e77rWi5gMHIxHGU/8bxQn5Pk7FeZjW9Kfx7Uq5o8QitMxpCFW01TeUqLWCHm9uh1T7M+0o2Q7tXHlb6ZY2eLYNlrdBexvUkmXzPo9hLQa8oGNBzwJk0+Y/r4W1WtDqB/Tg0kOh+jk19KnhKTWo3YMN8M0G6GqAeQ0Qa4CGGrmf8y7Qu2tq3PoFXk7u9NMKmnNmBW26hjZd0GRFzWwRbdokpC9P1TmpVUznj/qcAkh2fXMfWbUBsrOjElmXtPIKsvImhTxLvpVbedqEQIf4h4/ET5KjZ+DqCfHUleEHm6+Ir49NTqY/nHz07vH03r3xNiWy957d1KULJMPJJcvNXeuOy9em78t7MtfE25lOcfuSrbAZdaa3wAGkEt+n1QaozTwQ10Fr5lgzcvFyiIkfkKV8z2A6ulplz1z9xKyRD+1X8b3QTxbSpLPClrHdu2kfl8TdVGtAQdawmmvI1p0/jm/1eQtsFk0kVFWBy4rMNqy2zy8u4epiqOyFMlhXBqkySJZBWaAjQHN+bFTrXlDDOjWk1JAkK6XZoNmmQU4NzG2av3k+PDMfkvO756P5JLgBvjme4J7joI+D+dxTHOIUAwrQRrwBDVIokCbAO73/ZRXJWuSWLxqdKk1H/2tFVJ9duDq9hf01ZKvVXrZUJMKKGUuqc6xqZgtdL6YzwQavgdGpsRk/ViU1SHOmxiyojY75oUUj/Gv9D9dlPhxZ/u7EvVdeWbPqyjnd3nDk3qJet2zN5+Yi2C5Wtq5o7bxx4yDE9q+6tmrLmeFhsXdoSPxkaKgQrcgcu4F1n0PgK1gtvvLVmc5O3J3eq32/sTHdj/s+f+0r/qvImnW3Tr8frhJv8XzmGCwQr4wf2HxqLPMK7UXQT4rIsD2epXiJZEyVWX7XX8TXNdZUR/PUyBUs9hZ6FAEOy+qbgjXxkEf2rOwFGVoug3YZ1MpAJgj0FN7sgWc8sNwD7R6o9YAnOBAEqmOOBgvhm4XQVQjzCiFWCP5CMBdCoVVdIwSt1qCAozV0faIz1mdqi804ZMtmLAj9ZIvB9lVuU5ktBj17sw2sU1CMMJP0k45LcqqSr9CWglEGtNAqM1uohKdB6gNJt7IjA/3KzJJ1W7YsuLL180ZPACeQRtnf996RD2yuB8s3V1bJj5tMmZ39Sw8+AIP47tkzbfH05s17Bnfu3X7IOjF2+uVro+8cf2fTNfzUR+/DMhg7t3eknvjXZTr56u7MgswHD9b17d9uqKw6viwQ8Fknl6POdZkv5MpdA5say8V3xAWxAOyQnTuw88PdR8VXRkYnNp3gsrxXk8RPmjkfVw66uD5PqYU8TuvSoiDWaj1mj0RK5oElcW/KZbNZ3O6iYKm/3FnaQ2JFLJC7beSCV+PS8tJyu9kuTSzZoTNelhJUKl4NGrXabNTr9xUBOszgp1hCo+I8rkhX5CrCTlYOonN39P603pQssjCgq9qYtFiUZo5OB5MoVNaBACEKN0SS7PbIVAlDmR0jp8lWZHrcu0warFwlTea+z2T4pMFa/RSpepYOJGSY+sI035yxuEaCjUqYQklQ2lgsK0ZZCQvatvBwXjn2G2oS0KgBt0wpa3o4pjINrD37xd8+J360tB6sNeI/8FpwKUN/B1e6V4sbxn8kBjq74QcAeHjzzY/vL5X9v5+uHRTv//j7izZdOw18ZrO45+MtcB79Q0w8dVtc/L2th96FJ8S3J/fs+CH8kvq+c2DaTBEDPtbL/SmnJnE91dsq5vygjKs8Xnoo9prBzIpDaiFpNttsBQZjkdPvLraPGyeMqNPZ60ScG9T2bF2V8bV6yGuNTrfd7nYaefWGgm0FhwuwUPC4AAlcAckUCgrU+TpWUrMkdTq1Vk0ShFMpLk+CLynJfu/QQgcdEgxrEbWjsHZUy+uxllf8n7auB6aJLI3P92Y6rdC/0w4UaaE9sJSCbZm2OG2IO2CvtFiUgAu0qyzHKcHieR5BjoWGJeayMcbsXi4bY4xRz3MvZmNOj+wZYoy3MeRiNp5HvIshF7Pnmbs9YsiFeMS42D5vZjr8u71JhsIjlKTfm/f9vu/93u9XcGGV9I/Fq5KCy9TfKCSxzKdlnrmqf41nvhlcS+1z37q0lNJi3QDdBb73piwnqxTLe72FXLgm/gMFr2O11BcXoyU3TeU9Wql1qkEdYCNjuTvo2rfL1FKOJx/kpjKr44NvmFf951+coUZ7e/FqW/fzvgjOdTZRP0DR67kreQ2i8DJ+9u+XA2B8dGDoMV7Krszff97x14eR17dboOhqgb/5T/U3dPv6GcMgwRN/FypMBlRjhXK31R+smwxCJgipIMSD4A5CMBSSImETFz5HCCp1Oyd1kNZldCisS+iQWwe6BlkQndUa41krDFshbYWEFXgrWMvLC0E0xo84TzpRtxNapU4auJxQKn4GRaGG8qKi8oYQZTHMwiuB9fCTPGR4SPEQF8tOaZtdkns7pGzlbd1wXV8p116lZFa3GZbIrF15xSzIkyPZ3VY2NJYcyUjZ50hCoSYFm9Kk0ktQKW0ItQfphw5rSurxUv45fo1H9bO34rfogSdDOcZzbqRDi9MHYCJroengx7gXrhfu/CCcwWPy/SeBc20/MYG/hmqYw3589+ecWCHcIRdWB4zo+GktRWVwW9upoMBRF+dwx9zc3NIcISJDm6zV/BlhIWwER+xaRxh7if1wRNgull3+UqG0v1Rc6UrNRkJPNgaKKNASIHleFKUIwtzYqNdq9bK0otaodfolcmhxinCKFb/TwdllpRp96kP7J3ZE2MVBOy+rdRfLckkkvzcatUmyH2LVGb0cvRkliagx6o/2R8X/GJWOsO+RTHaboKmttSVpaAWGTLbOAi+Up24mf59El5M3k4hIGpP+JFlMJpv3l7Hsfun92JRkKeBnBbafVRWTLFNTVyvJq8cFc4pNNkV5u1OroWtL6W3vqGjVLLT+NiXZva8R7RXSvWlDllP5dr3klJ1P17rGm5iphQd4ywCvMA65wgGsQqKVf+vzN5QqOknsOi4VoQ4ojH21TPIWR1VOGalKk8hcpQpVsY1kwciuakcVG5AsI6RB6TXmqffHSWNnNK6hdwsvHqMYnAYEH71Z7qDu5SMM6qeLLPg5HvdYFm4PIgrlP2rK4aeXkslL4qXaNzOTvzAzgwZncHJmZifoKZrqW1rKafT6U1NaLb4IvJtGV6/mXvY96L9wb8V4o0WDDlYHwXH98ZIWZucX5tEUfjYlXuCYkv1P/6w+Tf9KVpMJiDPstfBLZ6Wmpqi6xuvZUVlcbc+G4EchOBiCvSGIhKA2BCHdj3Uf6pDaQx3zZD3oPQ+0eYD3gIeoJCDLwTAHaQ4SHPAcWDngGrN2GLbDQTtE7G12VGsHu0/wdfjQSS8MeqHHCy4vlHrBWy1Ud1T3V5MnrHDYCu9aIWaFXeL6weqIRl81y1b7GgkdXYn+X5ES2AKe/qdg/S7OLVQqYdMGH8Os0Gdki2uppaCm150KQ05UkAVmZTt0+dS3+GqRvrghDrQIMm8D/QtEZoWmG1PnHBWXhPN4JHL/VNqxHRPLoMGz6DB+SN6GMXwWRqVblYA0/jXGC7mVRYTIA6snlg730fTnfTSam8ATKyNCfX2GvAXu3ChM42n4GKiD6ODbwnnhf4lVx2eEmWgg3ieOwDvCXJrbpt7pTXTu+X5zu7espFZr6/9hc6dea+N62GR7vdu2wzlsm7ShtA0SNuBtYLNPmOCoCdImSJiAN4FJ69eCv+SnJfBuCcRKYJeYp9n97PssMrLAd4cOjXfD0W7o7Ybunv4eMPYAqLIqGFZBSgVxERUzJxjwMwLTwZBGBpo6w+Od0Nl1ogscXVDZBSfbYbAdetrB1Q7tzVWo0q5le5iu5uYupofV2tXqSims6q1h9clF5EYMA5u6EevVZyCwUYhuBFiJuNKLkMtSBUsriJrZQNIy41w2uDeZFDPaHbJ8VGCtDb3Wig7J5CsxMUjqjoq0mppePyoscRZE7K20rwOuGmdJqeyOLJGu/nIJ4zvoxVD2IXwFtpHX+BpK55I5P4wZ9efzz1EFaGBUTPsVco45+6mmSJohYK33PsDjcBhfvNtyscjhqEgPDEYeNXJBLonkyXRsweEBoro++71n9QMzbY3wbS5HUpjBTzs75mEE3ajvXQy6n6zMxbjgs2nxetbbm3bVv9otzE3P4ZkvGBoNDu3mIt6Z8/uyffS+JXGYj0WiTfkb/MXMp52SMvRbnfoc/TsxC3nEOfdHYaqhbnsZazTbtbWaYl9NnVN91PyBGfWagTeD2ZZ1wbAL0i5IuIB3gdUlIlQ0aYCMAVIGiBsgbAC3AQxGhxEKde97xdBWDOFicEvV76gGjmigWwOtGtCoHWqoK7PVGLVqtdZYY1NRZdJMobbMFFN406zY8ugHtiwJpvBah2K9tAWWdJo27TmEnOZCVSWxs7Y6EJMFXp3a+wD8ePENplCug7yV247OP8wvDWSGxlcvgMXLYVTkureUDV6BW+nl0VN9546NqP7zBK+s5gaXF5e/WQbt9Fg8BlSOa4u9udv95c/+8FToRqfFgScxVcu1h1zf/S+k3WvJ1fylnP0VZQAiTiQBhCvOUCjAqyxMc4DfZnknPBmGTBhSYYiHxU/WIB0W2OPgy+wf8DAk4ic2lqxKakTglgwIgY4AqgyAkGUgzWQYlGDAzQATcXGt4xwc5SDO9XKIS/QnwOOtyXgnvCjlhbi4OMvmmsjhg59YYMACXRaQhHqRRVdabmADkYRPp/MlIgHWoK4rl+JT950neUsg1pfitc7RIfkZrlN+VGwHlJBueoDlZsTmDqKiEmMB2bSpYNxkqmIVlG2qMinUSOn85A7xjSTRIZCSsZiYnVJibgFqwlZhHBlj3C1vCTyBl8mZfPDNwLHFR4vHjy9IeoUQw3cW5SN2C+D++hh16Sykz+Y8j6B7fBx7xsbM2TNnheDob14Cr1rO6XHjmGrxc/Gax18ez78YncdfQeP8KCo5DoI3/w9kK9wwJv41dfr0fwHeOCKPDQplbmRzdHJlYW0NZW5kb2JqDTQ0IDAgb2JqDTw8L0Jhc2VGb250IC9WTUJDUVYrQXJpYWxNVCAvRGVzY2VuZGFudEZvbnRzIFs0NiAwIFJdIC9FbmNvZGluZyAvSWRlbnRpdHktSCAvU3VidHlwZSAvVHlwZTAgL1RvVW5pY29kZSA0NSAwIFIgL1R5cGUgL0ZvbnQ+Pg1lbmRvYmoNNDUgMCBvYmoNPDwvRmlsdGVyIC9GbGF0ZURlY29kZSAvTGVuZ3RoIDI2Nz4+DQpzdHJlYW0NCnicXdHNaoQwEADgu08xx+1hibp/FkTYbil46A+1+wCajDZQkxDjwbfvmFm20EACHzOTDBNxqZ9rowOID29lgwF6bZTHyc5eInQ4aJNkOSgtw03xlGPrEkHFzTIFHGvTWyhL8UmxKfgFNmdlO3wA8e4Vem0G2FwvDbmZnfvBEU2AtKpAYU/XvLburR0RRKza1orCOixbKvnL+FocQh6dcSvSKpxcK9G3ZsCkTGlVUL7QqhI06l88S7ms6+V362P6jtLTNE+rqD0rYx1YOevI2rFOrD2rYB1Yj6wj68w6sZ5YRVSx3pLHF6jZW1dr2zRbuM9Ezt7TOOIHxDmsE9AG73/krAOqWvcvEJqHxA0KZW5kc3RyZWFtDWVuZG9iag00NiAwIG9iag08PC9CYXNlRm9udCAvVk1CQ1FWK0FyaWFsTVQgL0NJRFN5c3RlbUluZm8gMTg0IDAgUiAvQ0lEVG9HSURNYXAgL0lkZW50aXR5IC9EVyA3NTAgL0ZvbnREZXNjcmlwdG9yIDQ3IDAgUiAvU3VidHlwZSAvQ0lERm9udFR5cGUyIC9UeXBlIC9Gb250IC9XIFszIDQgMjc3IDUgWzM1NCA1NTYgNTU2IDg4OSA2NjYgMTkwIDMzM10gMTM1IFszNTBdXT4+DWVuZG9iag00NyAwIG9iag08PC9Bc2NlbnQgMTAzOSAvQXZnV2lkdGggNDQxIC9DYXBIZWlnaHQgNzE2IC9EZXNjZW50IC0zMjQgL0ZsYWdzIDMyIC9Gb250QkJveCBbLTY2NCAtMzI0IDIwMDAgMTAzOV0gL0ZvbnRGYW1pbHkgKEFyaWFsKSAvRm9udEZpbGUyIDQ4IDAgUiAvRm9udE5hbWUgL1ZNQkNRVitBcmlhbE1UIC9Gb250U3RyZXRjaCAvTm9ybWFsIC9Gb250V2VpZ2h0IDQwMCAvSXRhbGljQW5nbGUgMCAvTWF4V2lkdGggMjAwMCAvTWlzc2luZ1dpZHRoIDc1MCAvU3RlbVYgNTYgL1R5cGUgL0ZvbnREZXNjcmlwdG9yIC9YSGVpZ2h0IDUxOD4+DWVuZG9iag00OCAwIG9iag08PC9GaWx0ZXIgL0ZsYXRlRGVjb2RlIC9MZW5ndGggMTUzODcgL0xlbmd0aDEgNDc1NDQ+Pg0Kc3RyZWFtDQp4nO19B3yUVdb3uU+bSZ/0npkwJJQB0oBQIhlCEkqktwRBQglSBQzYSxAhGBErLKICdgXLJCAGdF9YG6su6u6Ku6uuouLaFnVddW3k+f7nPs+EMKC4+77f9/1+35cM/+fccm4/99xz73NnIEFEYdRAKrmWXVC37K6Wjz4hmvhnosi8JbMuXpa8L+ZLcHwLeBYvnTOL/rQR7nkXEw1PmL9kxcU9vnn+GJFIgd81f37drLiitOvB+xrQFd65X7+0AnnRHUD/8xZfMq8q67U2okfWI/+e85adt2TAfUk+ohHdiSICcy5c4Xlk/zsbiGqdRMb5xHVzOB5d7WhYPDOm5GtnOoLxd/f73XoyfVf7YeT3jx0/z0XO8bIVQqYgfjqGtI2hYS76/rHvL3WRHd7+F/ssh8Q+qzxOJfQiOUghF/lpLZGeHJlHOimGnUQZ2I6A8ic6V6unRGCkI5Mu0qdQtWikacoOupyhZpJfe5guAO8O+IeC7uO04J8MvAOUAFOANDtsNDALmMh+8O7ltMhjGecjaT1Nc7ppqT7FPI7yNukHaR6wFe67tffpQWMgLYH/XqTbrxEVMw/SbDJ20GaE34H4OQjbCloN/11wT0e6fNsd5rieUpkCBsJ7IJ/r7PZ2U39D/bV68120pQZ5jgLWooxxoJVAFXjiQcuARnGQ1omD5t2IB6XVKL+Rw4Fym45APmsQX4p0XeFfDXca6mGAxgDZQHflYRqoJNBToHlo/1Sr3cBBms9tbm8T6m/X6VRYdazqCJT5a8CrDDQ/AA3rULdQrA7BSLWIGkAXAenAeOUQLdHOJoH+uk3/gFQGJJP76W3gLG0ujYFfoJ4T9d20hf3AaIl687h2B21Xv6IBiLvU2IR2zEV/FwDfUJ7yd+pt5NBVkK9y5L8K2Io8P5LyMJcmofw+oEXaB1KG1gLrUdbnwX7ivoF/FcZ1Asr6kWcM0k8EhmNcGoDFXB+Un8d9zuMuprQNBO9R8ExnIDxZAm1nmeQ0nB555dhyePcJSneD53r06xFQDUjkOgQh5cwG4p5HPqmAAWQCfYAPgLuBRcAgoArojrIJ5apSXiEzLJtSPiAb+kH0IeomZdZqw1Y5ntacucvOi8vJNh6mRTayOU+eLyyzqEtzMG+eUywzQSrle5GU+8+4nSxT7RRzT/uUhnMd5ByEbAUpzzvUmefDJmUyrZP0YVrNMsv1C1LuF5Y12SeYEzYt6dDWfDlHQFUiry3rq4M02BftdD7dizxrjdnQKdtphLaCRqg30WztCypXe1AfPR9haA94A8qnNMF5gIowlmPhvy2EbmY4DouF+gG0cyf68zDdiT5drh1WumiHha7vND/WSbyg71SulO5TaCjEASuOKaNj3L8b/p9AeV3fCZ250/xEP2yaaM/NPCccn4p8wBOkCG8BGoCeTp/Y7FwkWh2TyWUQfQUs1fw0SPdTsXYA45MIPY+5gPDJ+ru0X70eY33Y/ItooAYFeTgSaZayCToNZSmv02oG5w+6rIMcnSRzobIUpEF5DaWs822ZcoMamH8v2zhq4xvga8hRFWQyldcG1s9yfYCOBtba8rqwXT5foPtArwvKZ4icLgyRz8hQuQylcm2Bfg/OU5R1bbD9rB9Zx7GOZD3HeibIH0o7pG9SdkCOWQ8fomn2vO5iYxTq+J4996GHMd5TTdOoNB8wdpsPqnHmg0Yh3H8GdPMB9MXF7Wtqtdlmr6c9gmupFU4RwXVUL6Iltj67V+qbL+lWuY5OkfULMx6jq/QfMO7QgbK+2+05iP5EvRdptejzLbQe7UhVGzEfEQ5M5z6RY0GUwusCr4nqRvQzr0XX02r1TdgLnLaIYuV6UUpTUfcXZBjWVKYcpk+lu41PqVCbDF17gObyWHE7uD489s6VFOVMhJ44TAXaQ+BJpHDwbZd94KcHpFxw2kWwgdAXjjnkgMyOAQ/nd5dM46c4uz/ulX0h08MWYRnmvkCeRiJNkPbEp7RNn0xTMYfucjTQXcZkzLlEehB53Id0o7guSJcm1+uNdA7m1zropnXQOSTlf5r5g7oT7bkYeh1QG9BHOylFb0AfLpJtL9csHdvI80fdQbksI8ZG6GG2JzZSk+ajCmMRXY+w63XoSZR7HcKuwfz1Ye5ei/RuW28Tyr4W4Zy2lG0ZthF4vjj8FG80SDuAZB3YTkH56sd0lzqK1kGOhzo3oh/WUG/6RX/mwxYVMDDNl1UXXQFarBTRH1BCBNy8hu7VVtECbQoVqgWYu7HUW/s95up3dLsaQzO1F+l2rZXWs1+Lp+5qAO3fDduSw1+hcRyu/AH+zTRNK0H6dXS+NpPq1WbI3msUrs3DWCOdvgFy0hXpv0S+NsT7NE2dgrm1Fu7vsA6CT5ax2xzJ0EZQb5muA2Rdgwips1KFVo3CmKK+7D6pvqhrez2DdTxN/WQ7OV+kYx7tdljtZL4F5Fi0bbxyPe0Etitv0DB1NF0iHjT3oZMrQzCio1/rJy4H+mj96AlgFdy9QP8LeMzyw3brR28Ca5D3AdBdvC9gKGXUnynCtgKbgZeCcR3B5ZwuvCP0dHPfSf7HsdYA4itzHyOUH/3cH+X1184y9zEgi6MYxlWU4LiQEtRuCM9CuhC/no759Dh1Vcn815nq9HPAX0GHfvR3bGNwPECTfgHe6kA9TO214T+u238KjG8skC/79zNKtGSI4sXr5p9Ap4jXKVZdCRkE4O8Df3ywP4PjhPBbZHjI+CllZhv3eWh4qD90XM/kV3bRzI4IykG7PNxMQxhaKfiBUL/zBRrCMJ5D3HOn+rUHzoBp1FPdwnWCDHY71W+MpW4MpSvqmsZpMOeAdv8r0BEA88r0UTScwXOXoezGfg1oj+9HFYwT/Ur9uV/VLVZ8cHyC4xI6PqhfgfYyDQXtBjoIdCLoqCDtOGdD521oWFCXnI4nZG4U/FSe/y8Bc+dF4CDw/P/usgRBVgEXYLwFO6QUduRh2Cfn0Gqi49AlP+YB90MPTQL9E8Kwerf1AKLgjkXYeaB3Ev3wNdwXIPywBVPR0mm7bVemImyPndZp5zfRSv/Db4m+/wp4zEr/ww5gIdz/ALCe//BX0N+Abgb/J0h3DejTVvzxmfBfCDwF/6fwLwaq4b4RNBG0FxAPxCH9JgbbI6fsQ//H6en3H7+UwmaZg3q6+cwL9PLQPcQvpsHxPAMN3WsEx/9MtMOZQQi1+gF7pvdg9wU67n1+bo8TpBjPto7QJpvHYVNGsh3Ntizbz9J+tKncv0k7FuUSJQQp285sv7LtzPYr6F3yzECX9ZnM+3xZL3vd6KhbxVe0FXAB6TZdBJ7vlG7my9A9MZDvr7E3upcBP2SMplgwX8HaFYO1bj/07tegh+DPBP06uKYFdespOvYMa9r/tP/fXSP/gzW10MbMEPxUeBADbIxkhK7F/y7OtHb/x2v5T6zRHdfp/64/uM4HETaEChkOv7mPEWqXnmIHnMF/Jjv33/WH2h3/tj/ELgn6Q3FKfKjsBe2ZNEprR8i8+3fBewvt8RO2f7AOofO4fb7ZfvRRRUdAD3S319C7gX9CZ2QCWKPMm+G/0vkjFTofoUL41wFYF81SYC7HgfYX1/P5tnkc/qvhd2mHJG+1jblnkudQuWX7XNqH6DOpB2/k+lMeMBiIA5qBJcGx5j0kyj6iYNXlfa42zfxaexkIsQHPSPvRcuAR+GPgj4EuTjBiobf99ACfx4OGg4ZDv48/ccZnHjculTyj5NnyChoBPX++dpjPvsxn5ZleG8U4IuV7lNVYQ93Bczr4E/lsyOHh8xKz1T6fqzW+xDo4FethGK8dKHeKfCe0SONz3C/pVjWCyu0z5ITgWTKfT/F6ZfQhlzzH6HiO/D5s4+lUDpRq1nuqyXz+on4g39U08rm7Ooaest9vBcJ30Nawg7TVOZcqnVfJ902b1DtoNcLucGygOwyffL8yObiu8pp4mrM/PstMaz/TtNscahPI+k2ns/k8pmO5wXTOSqylX8pzKOsc8wy2Ddb4JmCu9b7C/Ob0553m7+xzz/n2Gn9h+5ofek4/ncarV2LfFzyTvR/0dTpXWwvYfRxal2BZ6JfjP2ULBW0TuKfKsz7rfQ+fQcV3eA9XKfv5YzleI3nM9CjM4Rgef3OvZr2fK9MuBr9CqdrngHX2KN/P8dkwMFX5C/i3Yo6ej7kCGdRuke/wrrEBXvN+mW6x9d7MmAiUol7zkG4HvzsKgtacgHlUm0xNEvJczbxbSTD3gl6gvCTfMcbY7wJTtfU0SZ5pnngnmKJ1l+fW3bVJAMYfuAT+rrLtNpV95Ue6GBop28hnc32IEOdUB9tnpDav4wmqdPghrxFUqe+irupS2C8HoOsyMHajMK4xtFp9j7K0ATRHjaW5DFFpviw+BYWlzlA+QfhfQG+Cn9/9/onODb5Xs86n6QeJF2ErAPa7XEYdQ9khsu33hDW2O9NyI2wg7ZEI5rGD7u8A8JnvAT8ot6LsMpqrtKKM7agLylFdmH8hQJrZNrrb5QzXpmKOnYxhoUBapnmhQDjTnFDY4WmhQDjTslAgvOw09fgpvp+qx0+F54YC4bn/A/X4qXy9oUC492fqVxUKhFf9G/X4qX7uGgqEd/2ZeowJBcLHhNYD+gn72LbnsTd9GPTP9nr/MejZoJC+tmf5HBuYZ/v/bPP9CsD+17wNwF7ZLLMBnWfyHrgR9O8A9tXm+BNoewE0wzojD5Zj3gL0BKZYZXHatietsiXsMtt2WemPPwL62xB/EvA3qzxZNuvefaBeYIvdvnV2uQGr7m23nOBvy7DaKNMFTsBUgQlI7wadeAJtj1swnwF9FOBz0YN2vdidZfcHt/kJzuuEXqDvtS3QGbVEWKsTHDssql1GZ0ud+8pJa9UyqQ/fpwelvjOh+0qo0IiCHXInlbHdwDpcr5P81+lzsTYR7BPYCtJeOEK69hyl6h/QTO18Klf3wC4eDn2LMuR7GeTNepttDvVaGg3Id5XynRC/O7mYGsN3S/vFBZ4E7UPU9zbajz3bOr2aBNIbjj7w34h1/S66WL+MLnUuof3GF/zOlOZhvXIbM2mgfjWNCO5tjSUUpkfCLrCpczPNcfRC+A7yaH+jjLBG2HWv0jj0WXGw7PZ39w5KQPj91vmKlD/gRx9wtqwz6gs7TMPeOiF4b0CfgT6ZK+szRr5zeog07NFJ/xxr90jq7giD7ZVH68JSaLvxDdphwE71yffy8+y+z+f3T47zqEBvpNzg3t04in6eROFByu/jgucBsN3u0uZLezFOvteyzwPaaTAPft/WQOv5rkSoXRO0o9ptCvuMoP3MIdgeUF4/29tv0w72hnWmcAD2aSL5+D2ePBMJpXad5Hu8A5Al25517KdRDhX0fppnrKWJ+mj0SzxNdDxDcY7hlML2mcMh7bolvEbr38EWnUi5GJthAPYU5kLrvZhZY89xPnP7EzAdk/FcO4zPKjDmZgTCJ9tpEW+utPYZkoffnzXZ7mE25lo8nPb4X23+Rzqc1bxjQe5DPB3tVPsu1dpT6Il39yw/lWekv/AMjecw36k6zTv+UHoL6PygH3beO5ijNyOtBzCCdnQo1az3/VdaVNqGTO+z6T0sa2zrhdLQ+ys/dZ/lZ+xYa54F6cn3XoL0XJvmtt/LOQPteE/mBDVN2x/9S8/u7DO3tCA9zf0D60zuBDVO2T91pHJMSLXtWLbfR8n3/Hw352fQfofrasjAyZjC4PsEp4OBlYThWHwybDv/J2HcgHSA0x0K858M1HmVBfN2G5/auJuhCuylAe2mUJj/lDj9/bpy406UCzh7W3C8YEHa/z8D9AE5sJI64yQ1eC38WcDKYDg+t3FdEKbJCPZ7sB+D/YK2/Q3tnt9e52D5dr7/3XH8747L/1S7f67uHWHf0QtSvrtnnLbeGB+Jf1qQd2l2ULwNA/36JLATeNHGLQzMlTS+q6TWQZ7q5H3F9jSnyMH12JsybL99/8YwYNk5Uqx5wHd/LFDN6frHUWfJn6Ob1U/y3o5le32AdkTZd2zn2bqva9g4usu+J+tm3YJ1l+d5vvYbmneyzWdOtPbT5t1YJ3Xwx+orqFJ5ybxHvxQ64Qvzt/pVsAUAlHWNjRdsbLdsP/Mx+x6kIe8D76CHOgJ72ywG81jrpHmfbW+zHXuBhbYPrfAT9QrqXvVbtOMHSpX3S/1yfz1OW4A9/QJKVT9FPOwFft+kzqKhvGao/WFb8Z2bi+37snz28DaohSj0yzj1wQ7zm+/X8L0aQN7J4XF6HmsA8z8v0wf3993l+dIi6PE3yS3v/iBO3ulBHnzXie0iFTsKfSzkYjx4x5u/VzeDjrDxLXA+6juFFijXUG91HvbDr8LeSUT4cmAp3CmgMUANcAdwIRXI8B8gJ9+DH1A1+H8HqmNvryPsOxvrLXC83G/vobmwieciP4vvsExjwaC54mlZ1ly1DPmBT8FOSYVFoSbabgPxa5Buv7V/53MF5pdxQZ6wEzyOK6gyfB5VqqtB82BHDDX3iY+pRJtGsRjTKKAfxvple//A+6ZXAPSWuRX+F5XQewHB9+Q21R+hBfpZ1Fs/DvvgLcjBESrRv6Hb9VLqbozDOvYwXdDx5hLfJ5Z3iQ+bLwfPvoMwqikx7DkajjEkvr8RpMpOgG87TZbrkbxLL7Dbop1WnvL+tDXXpJ3rKKfVmMeVwAj73vc86/0YbFDMPc26p9pdu48ykZNi7aHa0Fsmz4eJ0A3tZ69M+U4by5ZtC7KN+bDyB97Xoi5p5j5lHGXZac+x9qUmn1ffCvCZ5R0d3j9tYvzffr+lhLyH+qn3RWe6m3Gmuxqn+P/NdyqhdzfOdJfjjP6Qdy5nel8GWWUbuRLryn5jh3kY/ieAm6Bf72VoZJryfNSy165VIzC3V2APOpK62meifE6aBf2Vpa2XZ/prrfwoHrqpzDqbN3+0v+cgz1P5bI7tUjVFfg8izf5eA+c/yj6/ld+baD+n7UuTWdeyTpVrBt/txj4N+mYu6xblBSpSfrR0kDgsQayL5LlkGepYJql0Kz1tnVJGYUoR2nKLBTXGfEHqpGhLZ6mE/FpZn2H9tfRVpppm6S/lNUsHKW+DJ4ivgE/4XQ3vp+WemvdmD8m16XtLT0pdyOeQcMvvo1j7pxieg/w9mDPZS7ZtuTOEPhmkZ7IL7TQ77TSn8tvvbrCWxMs1+SD14Lu97fsuoiJ5N/pvcr8yAvFsg5yw84Pn7XKcMEbWu30Rui/g9zk8tsE9vXVu1vZaBzrTglynuR8/hF0WjnX3bFkGdJx831NvfmXXk/cnqZDT69r3fsG9XHCvQTRY20r3qufBFsrnO0lyvX+qw/72Xoa8Q/IC3SfvMoMi7BD4RljrhlxDngNeBX4PfAa8bp1THf8Lf3eI+6V9P7SN7w+07dXfQn89T2HOsynV2GfZK2oDXcDn4gz+XgFDfncqiB18r0behRps3yPkfX25TaFzaaTU8/Xy/cZ0NQ72wTjISSWdBX8B3GdpV8BW7ybfU03RLpHfiZmspqIfTny/qpDDtCvBlyfv907ULqPJ+nO0UP8jzdG/pfvDRtH9oHeoCg3Wh1rfn9AuoErep8GuaFTCsV+rpzFYH6Jh+6zhusj6gJ/j5LxdjjXtWtqsPYO4D0GXAk6sY3nwf0GbxSe0Wa3HOIFHfUrem96s/R20APFLbPomwpZAP7jA91e6SZtPTqMGOmcpObXFQDS5DeypoGemI48BSFMgy/kQa+IzdKOsw+nAdVpq18mG+MT8CnXaALoHeCNYl1DIenQE1yM074740K5PSHkM7ouO4H7RvqQ+KH8T8GvgNdRpCNCoDzu5vzqC69qOr0+ut+zDILgvQ8F9G0S03c+nAfd7R8h2Lz4xDu1AH/CYyLGwZUB9FGWzm9vNPF9YdWQZkDIyjZTg+EMmz5b1/pus72YthxbKuqEcvRK6AGOPvmCeCe15WvK0QaZjPsTJMeS6cT8/Rj1kHQ5K2RrF5XI896fxFcUYe8DzBspIAs8c8sqyOe+1Vv1k2gXQYcjLmIR4N9aqDxDGSLLiZP3tdrXXncef64489Sir7rAlN2OOnm10R15Z4L8cdiXLyGTgeao0HpNjFad6aTP0QZeO39cCku0w/m7YSKAnUGT7mXaR8/iXguf7L8W3Uid0xB1nAuuDEBSGhmlJ5sMd/aw/gDHKAtD7pNtxpnxYR7F+OhOwjj0Q1F+hZbAuY8AGiG7Xax2xnaZ26H/Z93wXWjtGdzKMCNg0h2mN/j6tUXKh13ORby71ArKAOUA+kA5k2uhhx+XafifQPXITVUZH8hpg7ov+g6Rse2NGmdjHmLefyQYOtfWCNmAoH+zEZ8Tr5kzQj0HX/NRdl5/yh96lCb0Tc6Z6nWKTht5r2m0e0ck8om0yP9KOmh85psMmfIMKHdGg8TQw4gn5LqoX+uRHOBYB9UxD6/lL7/3/0nbzPUFpUxyy9ly8j5fvDB627Y96moZ9Ke/3r4Q/0/EoxRmJlGKMoa36f1Gj4yEKM95ov8Oy1rmeohzxlBIWjXX2ZfsdB/b5+j2wv5bKs9J4+V1itr+70H41D7K5D3plBWypGqwrt1O43B/yfvAt2DA38ndETT6rKWfbid/Rs91qf7eZv8O8wCihHRFTzKedo8y4iEgqhJyVn7RnfZ0U8aC8y19phVGaMh77sAepR4ewETbtYdNg+PmSnnLf0vxO6UPXy3uXt2GvsF/u49kWiYENHc/Qupn/YnCf/xy0BurKUD/AGHZwn3G/GHJH/4x38M9w5/6Mc+QJzD1GcJ4sokoGZCjLsi+ZyvOosaDfgT5uvS81h4e4yXpvx1SeZXUFptq4OQR51vshsy9QELTveW/f8btH/N0he8/fM/j9IK0cNuJZQCit6ODm/gG/2g16MJ8SxKXUB3lcyGcc+ieQv98B+6gSsl4p3Q/Dfvgt6IuQ7xV0r4yroPu0gXSfo47ug0zfDpm9HTq0RL+fmmS6LXS7EYY0T9JN+g7z7/ptmFuc12ZqNKaC7yPEZ9plQV/qw2HrLIF7ES3QPMgzhcbpV9AAA3s+IxX1LaA98g7KOeYlYot5l+Imt3jD3K1lUJnxEF0Nu7JRuwd29EOgS4DzaIT6OSjC9al2HNzYEzYaj8A/Ff4lVjzslUrpvpg2wH+1eNq8R1tiPqvej/0R4pXnySXL8NJMbbVMw+Vdbdxvl7ucytCXjdJ/nvmttgzt+SfauFvO/b3KZuriVGgxQ3+VKp2H6WqJVy0akYh09ZThPPEdutGh80CcS7cEz0RC7w6ecjZRhnS30KDgusF3Cvg7kvpB84C2yLwn/B4i5wbok8nQPWtA7f2cgXBjFGycSoo3DAtaFfaUX1KpcQ7aGXrGEqLveW+G9i4RD9M00HNAxwT3dcg7X9cxzxdh38TIhhwymm04Lds2bIh53HE26CrQGhrl7AHqplGOXdCNR06l8gyMKBO6MY7fxXd4J2j5+9Em5TL5/cY4yI9hYJWBDiWHAXuoP5WHf0pzHHfKd3hx4Ik17qIE/Xb058XQyZcCwb3h61St/wCZuZ+6qyNgOz8g51GJtTc2jwb3jtpcKlH/CR1n5WcE89XioffLqVG9kcYxNBV9z7gC+zhAuRN5LYScP02rHc2Q2eV83kJrDMK6MAu68WVZF/4+6Uj1LNovf2uiFXtBxja5Jxwpf5diHubliyjH5tFz29/l3qtuoATDS3dgzBohC9/zGZF9z67RmI92X0pZ+mB5hhmvT8NaUwQ5fgJ0LqjtRx2ywM9nA3xvM9H+jitTtmMT7XeXA6AnEuT3a/n7DJfIuwia3PcWUKn+Hmx/HqcttN5p0Gz53qI7FaubYINnwg7hM6f36Vzw1PC6yPcKwi6jZG27+bmjL9bEP0JH1Jvf2XcO5G90KF/C/Tx02RfmNwbap22wf59jNnhnYwzfp1v4NyOASRIYc4ZWB1l8U9rpazSD1qgPoQ90ylJfwhjexu8K7HOrekq13xk3yr1gEcb0I/Mb7QBwmM/BzCTtMEBtH/GZCtvzfI4F/ZolfkB+E5Dvs7TO8NA6lD8fss15TuZ9juwLvr/6C89S1UTMt8QTduEp9tKZ1sSQs0esNc2Yu1A/5hDrHlAb3zHg+8tFgMvC8WuIflwL8HeQ6sBTAPqEtea1nae+Te86V1AUA7qykXWovIdcT+fLfexB+RswvYJ3D9QiqSP2GYfR//z9FvtduqNA3tUx5Pm2be90uGdgvR+fhjRzMQZldAv2oo3azdAx2fLsa5o8n/zAen/C70Zg5w1RZ8HmfMK6Ewm76lV5v9F6H/UIlO007Ura6T9nzYr6C5YvW3r+ksWLFi6Yf968utkzqqdOmTxp7Jih/tIhZ5UMHjRwQHG/vkWFBfl5fXr38vXs0b1bbk5Xb5dsjzsrMyM9LTUlOSkxIT4u1hUTHRUZER7mdBi6piqCelV4K2s9gdzagJbrHTGiN/u9sxAwq0NAbcCDoMqTeQKeWsnmOZnTD855IZx+i9PfzilcnhIq6d3LU+H1BA6Vez2tYtr4arivL/fWeALHpHu0dN8o3VFwZ2cjgaciZX65JyBqPRWBygvnN1XUliO75ojwYd5hdeG9e1FzeAScEXAFkr3LmkXyECEdSnLFoGaFnFGoVCDNW14RSPWWcw0Cak7FrLmBceOrK8rTs7NrevcKiGFzvLMD5C0LxPgkCw2TxQSMYQGHLMazgFtD13maex1oWt/qotm1vsi53rmzplcH1Fk1XEasD+WWB5IvPZpywovM44ZVN3aMTVebKlIWeNjb1NToCWwfX90xNpufNTXIA2mVnMrapkoUvR6dWDXRg9KUNTXVAbEGRXq4Jdwqq3113goOqV3oCYR5y7zzmxbWYmjSmgI04ZLslrQ0/17zCKVVeJomVXuzA6Xp3ppZ5RnNCdQ04ZJdqX5P6skxvXs1u2Ktjm2OjrEdkVEdHXXtcdIl2dlVNaG9ZwXXyDsSAhHwzPGgJtVetGkAP+oGUNOcAWDDX41AqsBcjMiCQNiw2ibXIA7n9AE9x+X1NH1NkADvsb+fHDLLDjFyXF8TO1lO2kUN8UF3wOcL9OzJIuIYhjFFHYdIf7/evS5sVbzeZS4PCLqPxqFvZ9UMykP3Z2fzAF/X6qfZ8AQaxldbfg/NTm8hf56vJqDUcsyBYEziZI5pCMa0J6/1QpJ3y2+mJgacue3/YlxJ8RXzBwVE0s9E11nxVRO9VeOnVXsqmmrtvq2adJLPih/QHme7AvHDqtV0xXYp6aqMhVBOb2dmT3VkQMvBP0MK9dxWhxNSKUOEpzLgqh1hPWvCs7N/YaJW8wtOJcmJZHY1A4N8J/sHn+Q/qXqRTSoqrOUqVZOmNTWFnxQHUbMKHGkTSDxNqs72DAvQZMzMHPxrNQ8MYNSkB/zosmHMAPmzgmzvSYzptrsGfyydvXtVQtE1NVV6PZVNtU2zWs2G2V6Py9u0V3laebppWUVtUHBazX3XpQcq19egr+aLQb17eTmmqWluM6k5KMaf3iyko3jYdTWBsb4ab2C2z5vtra5DW5oHUWT2pNphcClU1uwV68Y3+8W6idOq92LJ86ybVN2iCGVYbVlNc1fEVe/1EPllqMKhHMgeD3uoSqBrWhSn5E/f6ydqkLGaDJD+Oa2CZJgzGCZoTqtihbmsgnJlQX5SEKNZMf4gt4YwpxXWYHF3t7mdiHFxzD5s/LG+caT11wzPpGp/eLF/kH+wf4hSqqBHOKgFIfvAO1jQriGiVKQ3I88JMrhVNDQP9qfvlTlNsDkbwMlhDe1hqDmzdcgI5VkNn3yiBZOnVe8aQshfPsFRxn+saVGJjnNIKiaW86m+6kilqWoiJJAjwwekh3eI9nDCgPAGZnovzubWBaZ4L8lGoDfggbYGUzMNz6hpavLg40WvzJlSbT05SvTKQE41gYbZQd70DMjECW8kkkq52pXBOqS9tMuCpV2A0tjRFCwuMOe0paH2AXEOP+U/Wf3m/uS1yscqbRXaNL1pGuQxO5DJBdv1gDc6o0bmgJpsljURcnGaA5tgHs8lDys5qEnvqGZljE9SIWnTKG/FXHAwsOj2w2Ble+bWMJeXJw0L/k8yiQ5MvJDIzJtcg4M+Yfus6dsUOO9k7/x2byUDNkpOH0tNoC1yymYHFqYHFtf42llmcZubMLcH8QQfJBMPZ9Ri2RkeaJgzC1XEejNyjhcBoxDgqZ5t9SAv1E1sOc2ZhWTcy3ZJgfN9J2UJnSCgopARNyfQMM5TW+OphQ4R49HZ6Z6ADuqZB/PJO4v1xjirPeOg/EFmNU1EWuJhSw84oM/mzarzsnINsLxbvc911FA7mlgdoPSmJi9kCFXMqQQzss8NGLkjmeDfMp93Vh1bdvPYsKuzTA5UV/YO55Ze4c2uAYuSI/sSHYeJNpsfc5rYbpxR60NPxDbFNXkGNmHCz4Cu0nLnTKmFXvO4PJUeOdSz0uFDJ4xkXw0yshjDcpgR6eW/3MASX/MMR86JEPlvqc9idspcpRERGBdkcch/cCz3BZTkAYjkxosJ0+S6gIHiztNzRqJ7/ZCqdE6NWTTJXjas9CM5aXpwwKxkCKkJLgCQ9+YcsW5cR004PRBXNeGcdHRs7+ZJa4ZGqL34o3ShTHKrPrUnlYD2bDEy3a1q9125Ke5Xn1J70BFAUXu0+DLde9VuambLYLe/VfXuikssjBnaW/VABefJpwfPpcBjwH5Ao5lqFsJdeF4FNACPAfuBVwHszfHkWA+wFNgGHOEYNVPNaPG4XUO7qalIm4omxKjJ9DlgAirqmYxSk2ksMBO4AdgGGJKPQ5YCVwH7gS9kjF9Nbrm5CHVPbrlOkl0LFxdK7yzLO32G9O6aWmPR0eMtWj7SYhtksRX0tYL7lFm0Wy+LxuUUNjANjyo8MDRJTUIjk1DxZXgK5VmKEYLctF1NpACgqIYd4lfjdnXNLdy2X9VIqIoqaC65zQOqaImKLRwarpjK5xRHbuUz5ZgVoxzbFR1buG3oKOU9egzYD6jKe/i8q7xLVylHuM/xLAW2AfuBV4DPAUM5gs87+LytvE0xyl8pDygFZgLbgP3A54BD+SueLuUtNvLkk92lgKK8hadLeRPNehPPGOUNuN5Q3kDV/thSPLBwr3T48myHO8d2JKfbjrikwlblDy3f9YBE5WKkIVFPql1oCBWpXVpyCiB+KS0lC9ytyvu7PD739qH5ymsUABTU5DWU/Bp5gHFALbAMMOB6Ha7XqQG4EdgOBABIGZ4uwKO8CPwOeJ3yAT8wDnAqr7agmFbllZbcMvfQJOVl5SAlo8cPKb+V9HfK85K+pDwn6QugWaAvKs+3ZLlpaATiCWlcfNIJmod4XfnNrq5xbnNorLIffefGMw8oBcYCM4EbAEPZr3RpmeuOQyZP0otOAmcLfSzp/XS3k/wL3f7cYRBADz9yB50FFx7bPNtyFX/uptvg5Ufuhpvh4kfuNevh4kfupavg4kfu4gvh4kfu3IVw8SN32ky4+JE7dhJceLQqW5/o2s1dPHaR8AyNUS5CL12EXroIvXQRacpF/KHvNK7b7S09e6LHtvh9PXq6G2DbPCUaJoiGu0VDnWi4UjSsEg0louFc0eATDRmiIUs0+EXDk2IAuqJB+Hef5B3oTxENL4qGR0RDvWjIFQ05oqGraPCIYn+rkt0yskiSCkl2DeVJB3rWEGifGCUbPZoNmc+GTtiP5yuAKX1+MHm6WMypWUy77OpZavn7DCpciunzDBI+g2F4ht4BNAzQMxCjZ5DJM8ggBs9SYCZwAPgcMAED3F1Q8RvkMwbPPKAUmAlcBXwOGLI6nwMKLbWr+JisGFc6z674WEBTnsGnCz7ZSrY/05Xh8rlGqDdkiJgsMTbLzFKKKSkJ+6y4WGdsq4ja86+ob/8VRWFDw5QNyg2supUbbXpDy3dQ3WJzS+6T7qGJ4leUpUHyxEDKFTmgA6he+vtRhpNpX8pQdoIWtmRMQbKYltxe7n0imlPtcX+XcdT9cUarAudHGU+6/+Rp1USL+zBCdu5xv5ZxrfuFvFYnQp7KbRUg+zySdW/GAPcjL0rWVYjY0uK+kske9xUZw92LMmREnRVxbj18/hj3hNxp7hHIrzxjtttfjzz3uEszznWXWFz9OM0edz6q4LOcPVHZHhmyUG8WQna7+02eXNwq5vt7OTY5qh1jHf0dhY5ejmyH25HpSHckOOOcLme0M9IZ7nQ6DafmVJzkTGg1j/h9/MPPCYb8/We+ySVIk26Xwk95LRXzWjgVGkWBeLVKqZpYJqoCB+ZQ1WxP4JuJ3lYRjo2f7i0TWFmpalJZYICvqtVhTggU+6oCjnHnVDcLsaEGoQFlHbYuk6pbhclBa9L5iGUvCRG75vp0pt3XXF9TQylJF5amlMYNiR1YWX6aR6399J34SznJnVkW2FQ1sbql344dmWU1gULpNk24qwK38FHMXvGl+KKifK/4B5Oa6r3qEPFlxQQOV4eU19RUtYopko884h/gg+j8Q/I5sUozH3mcWRbfFosvB+nB15UJ+MLCKEfy5YSFST5NMF9zfdeK8uauXSVPsofqJU99sqcjz4s54MnJkTxJDfSi5HkxqYF5AkMkS0YGWLIyJItIowzJkiHSJMuUEyx5Nsu17SzXypJUcYInw+KJOhLkiToCHt8v/asr8/nErsE1c6bzMVatt6IOqA1cd+H8FLbIPc1zauzzrdza2XPmM4VNWuOtKw/M8ZZ7mgdPP030dI4e7C1vpukVk6qbp/vrylsG+wdXeGeV1+waPq5v8UllXdteVt9xp8lsHGfWl8saXnya6GKOHs5lFXNZxVzWcP9wWRZJUR9X3eykspph0y26S4kIh9jWwo4vS3ItGyJleHB2ypXp+2C6PEgRvppApLcsEAVwVO+hvYdyFKYWR0XzWaUdlXLl4Oz0feJBO8qF4FhvGflWrKxfSSkVC8qtf/X4Q9CKldzh1tNX/1N/iKsI+GeV168gqgr0nFgVKMXmt9nhQGgtNykwKBgWEVHRah6wAvsgcBAHqmo7I4eVcFhYmM146vivtOkwngUNypO7hD9LrKD6GjWQVTVJgUaYZB8K7YNhxWtFfQ0aWC98oj6Yh11tn48sP3Gbg1ix0nbZfbHCplZKJKkPdkn7H3eWr73HVshsZXf6plcPjVb7q3k0FLZzPmhv0N6ghaCFap4/LtetKsXuMGexOyK83O0wyt3BXGt8pO+jVCBNf4BStVy+u2ryO/uPmLYtMD/ieKbKJ9CarTaIHqRHxAJ6hPbT0+ILpHqM9tJuYquqnO6gy+lWasRKOQ0h19IEfHSE3ypSzd2UR3dhrbyLDoF3Kl1J+yhJpJgf01W0Rv0jUq2hKOqCxoyjpXS9ONtcSdPpHW01FdPZdD4tEw1mtbnBvNm8l+6jvepvzeMUQWk0B59D5mf6n8230AHTaSPdRu+Im8MeJz9KaQDnnXQBbVFnaMI8z/weNcimi1AHjUbTIXFA8SH3OvpQpIjL1WHI5R4zYD4LrgyaQfNpC+0T/cRwJVufbo42D1ESyrgYud5GLbQHn1b6Nb0hIvUvzHvNLyiVetFItGc3vSwOqG3HV7WV8hce0Es9aCBiltJ/0UF6VXjFb5SleqReqPv1S83XKIEKaDJq+wBS/k38S7kSn6vU57VKs4yi0S83cW/Tc/SuSBN5YqyYovRQlipb1QvIiRIL8JlLC9Dfm5H72xDGPUqk8op6j7ZT+8HIbDtiRmNEcul2upN+I6LQUo+oF1eL18X7yjBlpnK78p56q/aQ9gfHLLT6XFpC19NO+peIEwPEeHGOmC8uF43iJnGbOCReFR8pQ5VJyiLlc3W+ulz9tVaGz0StXlutr9WvMz5qq257tu33bf8yC821NB7ysAq130hb0bK99Ar9BZ936D2hiwgRjY9HZIvJ4jJ8rhTXi7vFg+IhsRulvCreEx9jYfta/KBg2VYMJR22FFtUXuUCGK23Kncor+DzqvJ35Ts1We2CzW4/tUStUZeiVo3qjfg8rr6rpWmvaCb6uVDfpG/TH9R36k/rXxiRjqthMPzux3uO9zz+dhu1rWvb1NbSttt8lxIxhliDsIcrQe1n4bMQ470JEvcY/VFEou/SRE8xRJyNnpkpForl4mL05DVii7hP1v1R8RR66U/ic9Q5SsmQde6j9FPKlLH4nKvUKcth292s7FZeV75XHWqEGqMmqj3V4eoMtU5doV6iblID6u/Uv6rvqd+oP+JjauGaW+ui5Wo+bbg2U1upbdU+1D7Up+sv6R8Y4cYSY63RavwDJtIQxzjHeMcMxw2OPY7XnLWQzmfocXqi4/d5xBF1lVqhPk4blCItFbuilyHPM2muOlqBpCoPinXKFWK30lW/2BisDBZj6AstF339vLJN+UYZrI4WVWIiLeT/uYD/jARtB0iJ9gwd055C215GzhcbkeJK5XMjklqE9d2f59R8zae+RG+o7wiHdhe9qYWLZHFMeUAdByn4tTZEr6Zs9Q56VF0urqDHlQqi8B+c6yHHY8QO6IVJolB8q5rYEI+BFBWr79NqWqT8mY5hHq+jX4m52nm0gYrE5fQh3Y9Z0UM/3+hpJIoXlAVakxIvdpOiPcTv8EVXoeoJdI2YoW4xPlf+QivpFS2c3lYfRu1fUR5VR2tf6BPEfMyAK2gtLTdX0SV6tfYHcR6pYgrlaEeg3S5XC7Vs0KugVaZDp+3B7N4HPTBUHY2QFEjO2ZCLydAQW/DZDD2hQYIWYI5PhRZ7mXYbk5RWOk+PFtA6RNpLbRNomnk/3WaeR+ebN1Nv6ING83Lk+CB9QDfQg2JN22W0DLvTv2Bun61XKq/olWZvpUn5izJR2XTy+KK3c0QKfYLPo/AM0Z+kJu1PNJFKzfXmYUh3d2jY22g2rN+jaOVnKGGEeoCK2sYozWalugztfYfGmw+YbhFO883FNJaeovscOs1y+DDGAfEHtPcyqlMmmCvUurYF6Icb0Av8/6ishP65Vluurda+o/WY85ugb7Zj3uzAzOG5H/xbfDJEPvANkfo25OlpIucdGP0jMCFKgJc78f8TInt2ohOd6EQnOtGJTnSiE53oRCc60YlOdKITnehEJzrRiU50ohOd6EQnOtGJTnSiE53oRCc60YlOdKITnehEJzrRiU50ohOd6EQnOtGJTnSiE53oRCc60YlOdKITnejE/zHwD9OTjg+p5KCy3Yo4ajhaldv88aRrR1UKd2hHBaU6Df2ooj6lFFCYuE30oRSf65uS4yVjXF+VjD5eQqVwu37EoyA/OzY7NgcPQRr96FEP/OjX6QfyaAf4P2UPEIkb9H0oLow2Bdb4qpsN+av3CumtymP+CGeJER42SCsxBgmRd/T4USo9/rfS9OYMGZuLWIWM8IiX1LBB+gCthAaATy1RFI8Q4qXw8IhV2XdtTvH5UKsZJaNdx1xHkcVR12dUWjradfxvVROrd+kaCeEqcZXU1BTkpz9B5PAbToUopbQ07VBhXn5BTbwaWxSrqv2KEj8sfqfvPa+IxWqYqGh78sd/td166BDacK66S7lItiGCbuE27CUyv93VJaev3mp+6++S26NvhBHu0EkTpOtGxGdhTqeqKuRwloTHhDWEKWGt5gF/YlRM37C3haqVKMIfFdtXpEYufyCFq+7jHnUd980okR3LlT1egoeIjRs4kFGQL3y+dH+k0BzhpBuKk6wGuJ5NHigbgLqrRfJ5Y+Gh3n8tOJSv7hLJX3zR9rH15JFIND/UavQ/Ujq5xYXcCn9j98wBmUqYFpapTI15Iv6JjIPxBzO+zTSEkkhhmppAYboRS2FOh4vCIhyu9PBIhyslKsbhSo6OM2KTo+PVhOToJCUxOTpVSUyJSlMS08Mz1IT08Ew1ISUqy4hNiXIbsenh4enpORSWQBQWlZKSkxydkJwcnajkJKgquRw5sUar2OMfEB0dFRUeHkbpKSnJyRSemJAQ6xoS7TAMVRlCKbdGJd8alRPtjx04NnpbtBK9Mjv81vSwW5Evuvbx2IH8y+Gtyl27PA/NZ0Gd4Tt21HW0nX7FvWk97f61nq7j6OjYgXl4Nup9fFe4nm3sk8IkJuQPAzBjxvL0x5PS4jNUpVXN80csRu3D4twxEQ6D/eGLHY6wFLQwTGBkikqL4gbm+YqKCgtjgw4MVHK8t19RfHa/7PgilVGU6FWzE7NVb3y2Gp8dn33e1IcOjmr7XORN3TRVDJ76q6mPvFQlktp+N3XTlLbnp64Ug6ranksVOzaKRRvFI20TGRvbNm5smyJ2tE1RSsUintMjzd5avDGUelIBDVAK5UjnXJ4ltPxe/fvnVWZPzh6XN6P/QnVO3qXqRdn1eZf1b8xuyNvQ31XQar79RMTALI+na99e/Mu2vTzevgudA3omRRZ7knrmZ0dQYmQx5jslFmfn578YWZwQGVmcH5ldrCUXGq3KvXvG6UI/JjL2KfdSuvLIrmT3H32top8/PCExqSE5OUGnnq2iuEWEFyJ0d48/iqiMfWIAWDe39KvP5TkSHjcwP9ef25Cr5rYqE/wxPZOSk91uj2fAgMLCHj2Q+hZ/EkE0fL6CgoiI8PB88lMDvQrF06pE+sP0PvVLXVe5FNc+sYEMMcAfU6qP1a/Sb9A1PXXgwevkbJsx+thXy4+xwnCd+Bzv6IGoQHC+OkalXx1nsSnlh+v4UflvxtHYuOSBjdF9fI3RVzxrCUfKsEv8o7KLI+O75nhzuuSoRlxudExUjGIUZ/cbK4q649Ervs9Yyo/Eo3/OgLEi21M8oG+3wrFUVNg71odoX3xCXkwBWAoiI4jr4LMfFhX8C5o9fT1XrRL8M58zxAyoA8+AAn9EhPAR9SiEDD6xuEeUbhginOUxbLGISkzPyEh2w/f44uTkxAQfXC2LMQoppRDIPF9hXlFeKT/hzWMxTTtUxFKq9+ujdCtOSk5Kjs3tlpvbr29x/2KoFg5w5OZ2i01KzlISEwxHomoYiQlJyfH9+/frm9tNtDU+dFn444n9zl64dMWUGevO2bXwzukXpuxz1VWv6zVp4cDPfr1wwSXnXbZwwbWzbvrj7tipT6/vclN5bYRyVuLQ/B2LD1w0Lm7KlJjRs3dmLFwed/y7LvE5C2+e/OT3YXuM7q51M6ZfnnM8KeqO+tkX5fHidZH5orENuiyCkqHPulGRGCDlPPzG1BvTlPnOtPR0/lnxmJTUhJSU1JT0xJjUtAJf3FPKNqxmdRSpbPNHqGmpqaqAusnpzuFuhPdRtrXkRGQ8pWwhH1bJAmXLri4P9zPYnwh/DLIMY02zsu/UaVLNQEhc30hJOXb8WLtegbtddTdKtWKJyARR1CPL56YiT4Fb9M6FK68rXFFKjJuStUS3iA2HK94JV8/M7m5RmI1Hr2593JTvxSNaRLpFko6HKyLOTQkOPCj466oi6FgF0Wju7m4VdS05cWEgaGlKSp+ciFQRqVq6qRSj7zpaiH+8ePTtX1SYhPH0dskVXXhAiwp5PFVRJMRPxF20dVPT40+sXdMsBg6rmVZWDqhdbv7xXfHB1l8hohERgziwomaaNu3Ot57bv++F58VzK26/vn7Flg3139cbYd/9S2zY+iZHHBTPrrh9/QqOYO1Vbb6td8PIuqkX9RfSYvD/9tLEC5IuSL60z6V5a5Puz/srOTdl3pOkXJu3ur+yOuOabGV3kqhNnpWtJCX6kxaSuiPrjSSlPqM+U1mZdkG6spIuS1KaklenKw8lPpqkrM5q8ihN4aszlJc8z3dTDiU9na7sS3s+QVnQf1+SsiC5rkipyxNTiqb3VyqLprmV0Ull6Up+2kC3kpve1aNQ795ZvfuEh1N6UlJmoicpyePZF947ITy8d24Pl+jbI2uQGpG+NtN7bm38svjt8WpevD9eiX8r84YUkdKqTPNnpA7JusCTKTIHDOhx7vYoEbW94FyPQzgWFi/fbMvUDNZOR786NgMEbthER4+VHmOVEw1ZckSXNEYzcZVIh1ybTvkjm6b7swRq3CcpPT0xNSUl09UnMbGvyxMeruZm+rPC1L6tasFuGDyuXKkdXCwhPnzSDkF6YRfZj7yi2KAPMpNjQCK6QTP0L2b9YAmJLvoXJxsOVhJCagSvlJhkIQxbctRDNX+49N1rFj326JyyV+7ctL/tU+Honfpk/oS6hkuWtGWtrJg5fOQsr1eMbttz87wNV49/5JE5czZfftu6NydesKHsmmdaV/3+1rbm6hXdD1y+9pwbKtU1FfNLq2aeW96lqufxfuK2qRtH1hyo419bnwbjp5u010qk/CSSrgr9M4XUVR5xo1DEQoMtL+5rTFxhWVjpj8N680u7Ku3QwBNm1bo+0piK+/rrts+Q9+Vt45VayKeLxlgap1uMIFecw+lytYqiXbQt2gnqj3Vsiz6XVJfqUVX14dg718vijn/D6gImSGkJj1r6LopxcIeXojSRq8Sypi0yHPgkuoR4Z+PLo6c9teqSbmd5Mb3bxj8lvhXRn71x/IdXa5o2PfnrNnebh1u7RLyqzFdfgi7Mt2xTVUz0R4cZv/NQPsy+lZFTg23NO4Zmtqj+MEqBrg+Z+0s2zl+wceOC+RuVlxfceusCuIn+Fwjk2wYNCmVuZHN0cmVhbQ1lbmRvYmoNMzkgMCBvYmoNPDwvQmFzZUZvbnQgL0pZVktBRStEZW5nWGlhbiAvRGVzY2VuZGFudEZvbnRzIFs0MSAwIFJdIC9FbmNvZGluZyAvSWRlbnRpdHktSCAvU3VidHlwZSAvVHlwZTAgL1RvVW5pY29kZSA0MCAwIFIgL1R5cGUgL0ZvbnQ+Pg1lbmRvYmoNNDAgMCBvYmoNPDwvRmlsdGVyIC9GbGF0ZURlY29kZSAvTGVuZ3RoIDQwMj4+DQpzdHJlYW0NCnicXdLfaqQwFAbwe58il+1FMYkxSUEE/wXmYnfLTvsAjmZmhZ0oGedi3n7POSktrKDw4/OLwZy8O/SHsOwsf4vrdPQ7Oy9hjv623uPk2clflpAJyeZl2j9Fz+k6blkO5ePjtvvrIZxXVlX5b8hue3ywp2ZeT/6Z5b/i7OMSLuzpozuCj/dt++uvPuyM1zWb/RmW+TFuP8erZzm1Xg4zxMv+eIHK9xvvj80zSRZpK9M6+9s2Tj6O4eKzisNVs8rBVWc+zP/l0qba6Tz9GWNWiUEYeF05YeusklKUoLIQmmSTLMlYibK2QFneoV55T5KaJA2q0dRrNfV694oaXINyAnuaC+wVpcFMa4NZoZVAGSVJWpFgMVCbso4yJZsBZIrGoRrjUK3lKKdakOWqI7mO5PB7pUmZpay0Dnu24dgrm6ZHtbA0aqBeO1Cvs7hP21vcp3Ytfp1z2ZI6RSpEUpkkk3RSkWSSFMhwgZnk8OvwoD5PBI8M5op9zcN0jxFGgYaPZgBPfwn+az63dWPQwvsfUXm95A0KZW5kc3RyZWFtDWVuZG9iag00MSAwIG9iag08PC9CYXNlRm9udCAvSllWS0FFK0RlbmdYaWFuIC9DSURTeXN0ZW1JbmZvIDE4NCAwIFIgL0NJRFRvR0lETWFwIC9JZGVudGl0eSAvRFcgMTAwMCAvRm9udERlc2NyaXB0b3IgNDIgMCBSIC9TdWJ0eXBlIC9DSURGb250VHlwZTIgL1R5cGUgL0ZvbnQgL1cgWzI4NjA2IFs2NjZdIDI4NjEyIDI4NjE1IDUyNiAyODY5NCBbNjk5XV0+Pg1lbmRvYmoNNDIgMCBvYmoNPDwvQXNjZW50IDk1MyAvQXZnV2lkdGggNDQ3IC9DYXBIZWlnaHQgNjg3IC9EZXNjZW50IC0yNTMgL0ZsYWdzIDMyIC9Gb250QkJveCBbLTE0MSAtMjUzIDExNTEgOTUzXSAvRm9udEZhbWlseSAoRGVuZ1hpYW4pIC9Gb250RmlsZTIgNDMgMCBSIC9Gb250TmFtZSAvSllWS0FFK0RlbmdYaWFuIC9Gb250U3RyZXRjaCAvTm9ybWFsIC9Gb250V2VpZ2h0IDQwMCAvSXRhbGljQW5nbGUgMCAvTWF4V2lkdGggMTE5NiAvTWlzc2luZ1dpZHRoIDEwMDAgL1N0ZW1WIDU2IC9UeXBlIC9Gb250RGVzY3JpcHRvciAvWEhlaWdodCA0OTc+Pg1lbmRvYmoNNDMgMCBvYmoNPDwvRmlsdGVyIC9GbGF0ZURlY29kZSAvTGVuZ3RoIDQ4MTU2IC9MZW5ndGgxIDI1MjgxMj4+DQpzdHJlYW0NCniczL1/bF7pld/3UpLt77ruZDqZQJmo6qygqlpFqygMq2UVhVFLsATDKoSqCixDqIrCMAzLhuGyDMMQjMAoqqqoAisoKlhFUAVFUFVFEZSxKgyUwUSAOjHG06k7nTpTw3Ems96N6xoxXNfZGN6F6+097/v96Bxyx5tdIH+UwMN733ufn+f5dX58z3NbXa1W62daf6W1tfXyL/7nf+YXr9z/8/9Bq+vjf9BqbX119k/9pV9c+n3/2n/YxPhRE372z8396T/12X/y7futru/8lVbX//pPpmf/wl/6R/cPvtpqdf3e5vcfnZ7+M3/qpWvLLzVxm/Stf7P5Ofm7/8cHv9zc32zCL/zZP7c89Q//wF/9cWvr08lWa/fPTf3in539+h/7/kutrg/GWq2Xlv/0X/wLP/sLPf/Gh62uX/q/Wi1db0Xduv6dE3/x8bM/8Sd/1x/5560dasXfe3/798ab1i///d/1T3/yyf/7az/zC5/7m83PV1tb2ila8f+zKz/Z0zTsWvP+ez/zC37+4m/hz8aThadbJlvdrf7W55qUL7cOtv56q7Xl/EvLrW2trihpy+kmLLb+8ZZfa735mZ7WL2z7y62/89n/vfUnPvv7W/9N1yetN7cstW434bWtF1p//DN/q/Wdru+0/tDW+dZ/11z/xtY/9BvfbOL/ma0/2xpvrjNNOLvtb7bzeNSE89tGW8ea63wTZiN+pP3M3+p6JfKJ69a/1zqvn2/KXWz94W3PWl/+zH/SWvjMP2p9edvJJnyh+f1+8/tbrS9v2dL6A1u+3vrd2263vrz111tf/twfa335s3+gCVdbC9v+bnP9L1qz277RpPmPW9e2/WLrj37mf2g9+cwfbf3c5/7nVs+2b7f+yLa/0+T/3da/17Tjl7Ye/I1vNtfepvxXt643bf/51n+0bbg1t+2brS9u/UetieY6se1Ptya2zLX2te//duuLXV9t/fWur/7k17Z+p33/xc/9XOuL8XzbL7fjfzHibfmlJv10a2nL7da/3ry7sfWftX7PZ77T+re2frG1e+s/b/2erT9p/eGm3KmuX2t9qbk2tOzaptaW3U34e0341aYv/lpzfVWtrWvN9bhaXf9PJ2zpLuFAJ7x418Tf8u9n2BA/4p7qhPZz3h/I378pnCp5/3oT/mlTn5Um9DXhfvN8tXn2nzbh/eb+enO91Vzj/qMm/P4mTpT5l5r7v9qEpm1dT5rfv7vzruvd5v4/a64fN9fPNtdfbsKeJny5CU3+XU2du95r3v355vqPm/BLzf1fcHk9ze8fNPn/t839bHMfdRturv+wuc67zk26Lf9uc/1nzfWV5vrFJkw04R80YaoJW13faMOc8/1m8/tQ53lrobn+vNN90e0YcTvcvri22/D33YaGPl2n3Ya/2zxrymg1dWtF/Y804Vzz7E821683z9biGmOtefZzTVhv2vOHmme/0tz/wQ4ttkx22tUOX2qe/d9N+HaOh7hGG9t0OduE39c8/68dvylvy4nmd9OurpNNeNyE/6159rea8Oea+z/eXEc8Nv5J8/trMf87Ycv/otZn/6vm/qG6PrPYvrbzbv2oCWea8KATtv7bTbpBv2vo1fVyc73XhKb9re81799q3n3YhJvNu32uwx7HibH1WmdMxLvWpSb+203cph5bmnRdS5350NWMt1YzplpvNvfRxj2u48LGaw1dTV5df7kJ/2XzvplXXb/qfmnq3nWqU+etnzRxHzX3z5vwrAlrnbA14jft7PpKJ2xt4mw52mlPpG1FHaOMUec17DC2MbSivO1NiDHW6tCw9fJvL/zGD//lhq4YB3tN+x/7PkKP+6W5bzV902rmdOvKvyDcSjpvbfplazOmYwxH2Prcv890Ar/b8SJc7oTN/fU7fb85bI7//8ew9bTbcLoTflP7fgfPf1vlfXfTfbNOtuTg57/x4wy/0/w/F/l8pRO6Xt0UWg7b/Xu750CMjWm/+6zDdq9VTWj1N+E7aq8FXQud8dm63YRmj2jFnIr59/0mXGzCRx6zF5zmdxJarlfsuW97fhxrnjdjaVuz/raaNWnr1ztlb/s/O78/86/6+hddp2Zd6mrWpM+c6fzmuuV8E855LYs47zTPY194qhfrZjvc7NQl1uZWrO37O+2Ktaa9h15twhea0OwX7fV0pglN3l3N/tZ6w3k363jrf2rCLzT3/R36dM05vyedva1d17iON6Fpcyvat0vt9bQ9T6Odk+6foSY0a26r2Xdbr3f2iFaz98U62X4WNDrk699oQrNPt/5gh26tZo9t7fGVcLLT3+0Q8f+VJnyuyXfRZTXrc2vRa3zwPMfdDw+8Lu/33vV/mE7Nut36amcvbd1owlOXHX3a7Olb/vumHxr+YktT3paof2+n7dFP7X17uTNu2nk97Kzh0aetb6i9f7Xu+ve3O2OwPV7Pub5P3Z4dpl3D77Seu05rnWvXS536dO3ws0j3Umcva33g8X2vc93SlLVFLiPqpNK/sR/u7YSuda/R+zpzpT2PZ90HhKkSgp/5vNs91Glnm7b93meD3j/s8CJBty37/C74wCver/Z7bFx0udGu2M9mO3Mm9oktf7hDl66mrK6d3gMPNu9+6GdTvq53xnHrW831WofnaD+P0PRRez865b7+fIdOMQZexCG82onb+q7Tfd3z52XTJfrpFY+fXb/N8EeaEGtMjP0T2rjGfafcT5b7oFvDh7SCRqc8L645LDqf6GPzLO0+ib6P+RfjvJnXrVGP23u+vuN3Sx2atxreuNXQrRVj4ZDH5p5On7bj97i8Ed9fcR3XO/3UbttlP+/tjKv2+yi36adWt5/3+D5C0/+tw2rPwfa87vN907eto3531GNz0GX0u80nTY/TzmeP43WX6wHH3+d6d7ttPb4ecL673d6IF+Npu/OL4DnRrnuEI44fcV5yXkOu56u+3+W8SbPPde12uv3OJ+ow4XSX/Gyv8zxSQo/TDDi8XNoVNNrhMve4fMra7d89vh9wWTtLvjucT7/TEV7x9bDjDjveET+vbTpY+mLO9et2H53wlRCySYyJGKuxpsT6eK/zrr0eBa930eXEeIjxFTLAe372yDSdc59FXlO+nzU9oy8WfR/PrjocNZ2vuq6RdsZ1/4k66+ey3487j6jD244b8zzGS8yDGNtPTN8oJ+blQ6ePeh5XrtN3leOb+i27P77gtuzz72O+DpqGcR3zsz2+Z61mXs25T2Muxzif9rug03bfL7qfZl2/Le7bKO+66cD8Pen2xfg84/recdmrzm+w1HHe9Ikxf959+Inz/obD98r9JyXE7+8673NuQ6zxzXjuOtzp//aeedz1PlBCr3J8HnF9jvjZuOvdU8Kgn/V7v4Fex11/+mqhU257TsR4ecP0PuH477je8e6m38ezRoZsj5Xgf97rxGnLP9f8/C3TJvJu+KX2OI9nT0yDm6Z78JiNfNhew6O8Ry7jvsMzJX/00O2Iej93P465DdNOF/0T63vsDe+7vKelbR+638+7bssu54nrct35rzv+W8r94pnLjbR3HP+B41kOjT2yvX8tOc0F1/+x0z53+dHer7u8p35/1/fP/fsD0/Jt1++J84q97AeO/9BtpZwL7tuHrsdNtyFCt5+/6+vHpe3RP1fdf5fdd9He076/4Dq95/Y+8fM3XOftpss5P3vu+j12HW6aZjecxy3/vmt6rDjum4WuxI9w22keljK/5GdrrvMltzmuvc7nhp8ddZ0tR7Tr+sDPf/hbhG/6esp9et60OqUXcnh7rsQ11pLDDqdMz6jXhOt00vcxVuEVYp7OOW/21hO+xrt+53fa8U8r1/MhlzvquJF3rEPLbmP02bhyPxrzddVpx9yeU04/Umg063zj3YD7Z8x1iDxmHP+Mr6dcdtQt5uMRx4/yj7v9R90vp/x8xG097rSx1ve4HXEfe909/47y1l3vU5vac8J1HHc5S257vD/ksFLqeKo8jzr1ub5nfYX+5132iNvF9bTpc9x9V8fBiOk26nxHSx7cR50PuB/i9zml3DFa4i752aTjHyt9MlLikv+4ny342ZjDbLmOljCgHENnXF/SnFDqBPb5Cl8wWuJN+Hes/Qcdd8zx5vw+9uuXlfv5YIk35j6Pa39pyznfRx27Xca4y+h3/sPu56PK+RT1uO36M/bgJStvBs99WBvnZ7/TDLkecT3k+15fj5T6xbMZ53/Iv+H/Jxwij0WlbEPbDzmvSI8cf9rv+pznaadjbMWYiTUwxuYn7tNYp+HToN0N0+ixywwZNXQTsZffdFmH3eZR0yzSxdoRa2rI6Hf9LOoPn3DTcWI/+Yrrdd71gqfodR8vut+Dtl9zW5aU82DU9K58S9DmFSWfHrSsMiW/g3Z7lbwZtIL3YZxEGPc16BPjGFn+uGl/rPQhfOmS+wEe4ZGSV4i+uaPkByLfefNZzX7eNeB4QcfYz5BLoy/OmE5BzwtKPn/NdBpxutvO+5brEu/REV9y+bed9l6n3HafX3e44jjj1pdE+V91frfc9zFmvus+e+S63VPy8pd87XEfX/D12y7jnnK8RB2nfaW+i74/5b5ZdZm3fL/s9rJeL7mv4PHQ6wwqxw3tWjINz5Yyo43DrttsSfORaRm/rUt/UWfqz/oPfZbL7wslnPW7aZe/oBdztgu57Izbyf4Q/TLvcVDDsOOtmFbr1hNec92Cd7jpMi6XcLHcr5iGPFtw+ZdNpxFfz/0WYXlTnBlfj/+UuPTd7k7b2zor9A8xrmK93+5nfX7GXhhx2Hsn/HuP0xxwfcmH36x9406H3M5+MOT7CJN+9prTo38ZVupFIux1/EHnedh9eszXGaW8ecX9F2PxumnLfFtz/Cvuwxgvz91vMVY+Vuo+F5W8MLqmy84n4pz3u/MlXuT1yPmjp2Lvj3U29oKrzv+waXdUOccrv3jSaaPNPUo5/WDpp6Pa2Gc13tESDpfnxOtxnfpMO/Rffe6v+H3c6T8wTY+7fUOOiwx+2mV0K9dmZN8Tjk+YcDr4z74SD73IiANyfo/7n3x7/TziD7sO05vafEwb9/XzzvOoUtcx7jgX/W7Y76AJuh70I8f8jDzjfrK0YdA0Ol7iDTodfAxlDDvdhUKbiBf7xF7HZX+bUOoiacNRpxlQ6vMmtLENk6W97K9TpvVCadu8No6jgy7ndsnvtNPBt5xx2fEbnVHsHawt9Dt0YpxQ716nYXz2ug8PKfmpWaVuqKe05aKv+x33kJJnoO8Yx8gNzJUIV93mVdMV3hg9TKzn6KuZC1G33eU3vAu/z7r9yEz0zVHX/5RybBx1+ciJw6bRgNt7UClbodtFtot0zB3S7HYbdvh6pORxsOQRaWZ8P+Q+orw1pU422vW6Ut/Lc/j/Xrd7zNde03nSZQwo5bNDJcz5Ob/h18mX3wPK8YPMSl1GSjjhvub3ftfhmGkc5R1W7kc1LXJP3DOvhjbFGVXq9uAxkGWg+xlfGWPUA5191Hun0sYQ6eXyhxxnp3L8jCnXNvj9XeV+Uqm73+d2ocve7WufUj6Puhx3Hoy9M24TenP4uLjuVcr31P+mn48p+YRh0zfioN9HZrjnOmGPO+4yg29ZU475nUobyJT7Hv3CMZfFOo3e+3Xnw3p82m1m79zvd/Aj0CDKirEScwT5kf6ddzjheqBXR85D737Kbdvr/g/9C/qZoMm5UvdDStvECdfnhJ+d6ISuC7YnRn1iX411LdblGaXsFvqzZ75GeOj2P3T5wWvEOh3y4qDrHvWbVepgDzvf++6z+877icu+pZQr7/k32CT21ntu35rTITN9pJRp9rs+D/zs674/7+dLTrfkPOBjkTOCzjf8m+tFpU2xhtd9veO8ryn14ddc/2tu00X3L2nnlPw2Nojo953KMYkNa59yPs34GvI5c77feQwp9XJrSn6IvZF+n1TuIxGXsRL57FLa0QadhvEb7Y0xFPODvfN1pf1xn1LWjjG9ahqw5x1Qyuy7Xb8ZP8e2F8/gxQeUfD08V6/L3K+0dSArsMegF8Ueif1vl5/N+TnrPXqdHqUuL/I8ZfpFPYJHQl8AL7in0D/iLJie1LnyFttdP3SaQSP4MXS3u0v8w0pZo9flUXaUu6i0xR5W8mknCx32KNez+I1tk76P9XDZ8Xp9PVVoE23HXomt96jSVnzSz6gj/UcdGScxhg7690lfuwsNLyp1N8h3Q+VZt+l/yfnsUtpft7u8ePaa6xPxY+ztcHnRhqpHXHS8V50H+x99QVtf9nPGdq/vY0176vwnCl3YO/tc7mKpy4CSH4S/nXVb0WmhVz/kdJH3Fqd909d13580/eCzoVeEB+7nJdcZXfY+JZ8f7b7qfC4pbexn3cY6RqJNM0rd2YTru7eEE75ie6SPTyr3Z8ZJ1GPScQ4oxyj2xn7T/ZASL8B1yVfqFPWMdTPWbuPZ2nVB/4t9AXkLuQy9wVHXkbl6xvQBz/GKcv9ZUPJ1B/yM+QKP1+t8kTNO+cr6+oqSp0D+hsdcUspn6Ozj3bLr2O2+POf2o68KnQB8LTb/GaWccs7PIt55388q9WHDvlZd1aKSB4z4V5xXleEHnQ827iWlbI3eDDvQhPtj1nWb9PV0eY6Msui6wXOtl36dcNqzvs4p592M0rZ7SqmjgbbzzptxfFbJ606axkuu85zSpo99A13wEZdzTqmLwzaxbjqfKs+wO0PLaccbK303UcoZcxx44innt6rkESMN8mnU/5LTYcc6U+gKXz2uHDcjzmNKaTeaLfRC3zyo1ActlrzAMDGuRpS2EnSX7IXwsZFmyNcTpv+8UpcR9xddx0uuHzwy8uya0raEfDLsNIOm9Xwpk/nHM+ygK0pb2bDT0cdzSjl1TmknG1XKOcjAEZD5gg7HlfY+1ud+9x34k0GXj64GfchMaRt7X5/T9Cv3Sdp5QmlbvqjEn1z2u8NKvnBaqY855ffMhRWlTXpMqcOgDHjUWIPZz8HWRftiv0FmYM1g7aJu2JUnlRimaEvsDReU9r+qt0V+QXaL58vOA31dr+t80TSHltgA+p3vMaVth/fMj0gbMsFHrnPwl2COrhWaY2tHPhwsz9GxRX4xHr7huhMPnQy6oCGXga4p7uG/4n3sKXeU+tFbvt+r3DdoT8QFY3GopN/p9+jYh5R4PdowrZTT0f3wbK9/wxMNO38wVPQVvE20E93bMT/jekK537I/IqugE8QGjh5wt1LXiI4k0rGXTDrtqFJveEyJL3vNbZ5zPOz/QyU+vDa6zgN+v8d5sa6ANwOTOaTUIbBngxkbLmUjz8dYvFHoNaS0dbFOgDuc8jPGPHId+qPhku9ECTeUctmJcu1V2rfjWYxP9JpDSpwJWHL2nqt6oSd4sX+wDrMvTJR340pdLXvBDV/nSlx4G/Rr7I3MLXhU7sEjoMuN5yvlfeT1TDmfow2TSl6EvauOsb2u104lxg1cyowSHxw22CdKuSre3XF9Apd02XHD7hLr4BXnF+vhzdIOxulqocmQ88Nm2uc8kFUW3SfMHWzr6JYmlfpO1uXYl/aUcrChnvG7WD+XTKObSpvmAb3AzbexYtW/CCzcA7dh3RjvS5vCtXL/ZvmNzuMD5xf3Hyp57OM/JRz5lxCGy3Xz/eZnm9P9tMAeujmAsWRs71Xygafcv4yDvpIunp1U7p3YnFhT4QUqbeAT0CmA+T6hxOWwX6HHQIboL8/gQVhfwO7g3wHGhbDXmMXo35gX1zv0aPsa4ksT8yPmGli9K5vKwa4FPhoecb/S3oGOZJdSvsRefkXJr8LvgymJ3zGewVmhk71imsw5/gOX9bHbEe0JHuCp78GUGqvZHq8xn8BlkgbsZcQNvQBYSnCHES/WiXXTCmwnvi1R3jPX5yvOJ64f+P5SofObfgce55bb9cT1e6jEgjxU8jqnnBfP192Wh35233mje61x7/r+iRI/GjjZmUKf+67T/RJuO/6tQptnvr/r6x0lRvOh6QLd3nUd4/5tp4nrRw4fKrGmj90m8LhRNjw0upUY1+jC4bVifgSvB34c/WasjeeUcn48h59ifrHfoX884DgRFz4NjDX+BvAnEYac5iUlz4H+dKfjy+/BK8W7mC8xd7aVtOhLX/UzbGXV9jio1GXFFd1w1PMLSn8O9jj8RsBabHdY9fWUrycdR/6NrhVZGfocUmI24LleVdqm9ih56ddL2QddT3zYwHpg56/4dnSm3Md7xgFrLrqfavuKOpxR8uKHlHo4+Av0q4yjYadBn4Vtpdoq4fOwVfY4r11KHgf9D5iKky6nW6mHPq7Us2Ize1WJQ5kzzVZMS/Rt55U6T9ZZ6A/uEL4HPCL+KvTbDrdphxLvRvsY/3VfIt1xJT9Jn6ADww6A/h4bBwEfD/Tbryn1veh0sBvWdPiK9CnHOWNru/N5zfXgPsq67rT4F8TaFGMHLP1KuUf39HzT82tKjG6sVWDOH/sa9QDTxzr6lt/FOrjoPN5y2lO+P+krmMBr7rsLruMDpwUbjH690vuMkq+FP0a/AbbxS84Tfcs538cYWlbieJeV8gl6niWlTA5vj82y2kUp83SpA/ow7mP/xq5LvrNuI3rDeaU/E7qxSB975ZDrib4n2r/mdgSvDoYdmx1yzKLzBDcypZRxzyl9FdDH3PA7MH1Tpg04tVXXddX1u+Ry8K+irUG/daU/wFW/Q3cT92eVflShq7jud3eVcgRYrQklfhj5cFSp60IvO+00s64DeHR0UOjRwLvcVcqkU0q5DTzljNLmMe+y0PlAQ/wdTpgu8GDRlkeOj84RzNmE6YM+CKwIeHT0XNgNsZNh84+5H+MS+8ERpQ73kJIPAIO9R7lfs9aBOWDfOVjqM+VnccWuiX5/T7lH10Ne2CMjT9bb3X6O/h88C/pGsBdxBbeG7Re8HjphbB0LSlwffDc4d/A85MfcjbGOvgy9C7qTysOAw0LvDZ4ejEfd77BNok8Af39QyXOxh6AjQD/do/QlOFPKHCzPsetgmyKvqhNCJoo23y7PwK/NKmVpbLMPlTqsHSXfaV+X/W5WuWejCzyq1C3AR/SXOGAru5W2TGSyWAdY8yMemNKxUm/wQ+yXK6Xfqz86Nn70wNbvtOW4y+67aG/w8M087gIzEOum8b3t80leU+pwQ78ZPHjsG+BVQ5a65PZedz1mlGvJlBLncrnczyvtPfxe3PSe9QS9X8yNx0ofHtaBuH5iGiH7oFOtdhz6d1y/WY4PGYj9HOxMjKlY514ybc5rI3YTzAPrSv+nPEPnXf0yY+4HXWdLmPmUcOynPPu055+WDt30iM+XQc8aY4JzE9DZYydAfzlUnqP3rM+QNfpKmr4SZ3OeNdCvrHURD94f3nVQuaeR18CnlEFdx0t5pEWPge6btDEGppRrKbpzdM7gK5EXeko6eHdsk+x1YPmirNOlXGTRI46LnAHPEs+/V8oBR3pY6ZvP+EHvE3W77/LR8aPzJU/W2F1KDCv5IndHvBjT7BfwNfhNVNslGHR06kOux7ASCwNvHm1AthpW2jrgT2voK/fgOMC5veZ0yEQVm7xXifHHJkEfHFHuZdEusC6RBhtsrJvw5NHO4L+DHwGTjy/PDdMD2+S83z3ys9nyO9JdV/KGU0ocETiFaZc9reQxR5036/Ip1+mmEtd/xWnid+hlHjgN9kp8A6LMRaUvf8QHj3ZFySfDe2G/j/bHGnjV7cBPesrtjDpNuj3nlTzlotJed1GpD+9T+uy84TQHlRhD5IGTSn/kPqWNH9wmeFjO6nhDiW+JgN/msvPEr7Xal+ZN68tK/vyQn11wfY46LfgR7L4XnB4cIfYu1trxUn6f82bdwaaMP3Bcr7s/KAs9MHs/cvkltyPoe1jpx3OrtCFo9Fi5tx1xXPbaGadhj8U+AJ+9WvKfKXFY3/EZX1TKzCuOH+2Bt7yo5BGwRw/6fkbpf7nq9PEMO328w44cY6DqWi64D7D/TijHedT1rPsCv6vL5R1+gNjx4/eXlPxYj/ME71n5jD1KmxOYp7dcl3NuG3bIKdf7udLeAj7jvtJvFpzRbafhOXzdaHmGf/VBpdyCrAW2eUwbzxyqedbA84XybHrT+8j3kZJfxJYL/vKIUr/+rlJGHlJiutGBgQU7qfTLuKmN+jSw7WDDeIYd5a4Sm92r9F0DHx9tWVfKasvuf+zGsSesljJZ1+F30LkhQ2EHwheMfWZcqQ8+UO5ZYzfrtAi95X60/F4s7/vKfcW5YqfmN/v5iU1hSMlfcg+/AM8QAf0POjiwj1NKWRb7MhiDAdPhrNIHZa70O3468BfQFd1t7Nu7lXhU8MBgW7DtrLiMoDP2ozVt3O+RjfrdDvSRN1yfq36O/Qy9QLVxx+8Yi2B2et0Xk67HfrcD3H6Mxx0O9QygHSXA60W60MO+7HQhX21X6q5j35BD1I81NNYRsHiXyrMJ/2a+sr9V/9IVpU6M/Yk4F5V6JuxiyGBxxX7PFQxW/I7180lJO6GUT66bntjj8KdlzzpV6rysXFuQ6RdLvpyTcUG5B0ybnmdL30Qc+NMJv6O91P2Sn4EzmFCeyYDu64jSLznm0zPfzyr3SfiZ80rd1rSSP5ovbYYPxIcA3Bk6DnRqAyVEm46WMOznzwt9wOyCiaTfwE2Ou7wZl33TccCrvVXSBB82pPSPwyaNTrFe2SOwR/92bPPVhj6ijTLvj0r/sI4ObAprvtY9heeRLubbHW2cBzE2z2rjnNzjZ+juzivtzPD90IG1Ed0I6+yAco2Al/200LfpNza65dL+A+V+9ybacc4Ecap+oOoPkItYyw6V+Me1UZdwxHGpw+Hy/vCnhM3P4dvgs8G/4vfUrcRHD5bf4FXhJbC/oTcEE1/PquDdkVIetiR0mZxTQ1p0N+CE8CmI3/PaqF/E96v6MWMPh8cCR8XZMGOlzJMlbsWNgUWschpYVvAa6OgqVrBi4Qjwn2BHKkZic0DH0Vvu4d33lXhzmwLPLpdnrIXwiviVHylxo04r5V1Nz9q9+TeY6Pr+Yfk99Sn3J8uz6fJuclO+yFjUeVrJ+9YzbGKcoFfBfoXdYsJtmir3K+X+pNKedVLJD9dw3PHBWW9+P/opv/FF4J72sVfwHP5/3s8Zs+FXd91XnmEboX+xrSErrOrF+aNtOTlkQzCBO5U2fvwzIm7sIdhH0JNFevwx4XEGlX4YUR4+kYzr1RIWNgUw5puf8457dMLXlGdO8fyaUvar4dOebQ5j/4L3YDLxXQB3hG2NAM+E3zDPD5X73nJ/uNzj29NX4vQrfVSOKG25Q+X5hPsBXUHfpnjIbJyNUrG0nH1DO1nL8P86r/SjYq2C/402oafuVu63PUo8LOf6VF8zzsBEThpQnlGK/hHsAzpPzvEZVp6Vyr4JJix08KzT2OTQIR02fbaV/oHukSbOrwme5Me+/qj8/nF5/smm3z+yn+x7DoFB+ony/M2PfP/RpvCe89j8/KcFlxnnfbbPdol6fFzCOw63yn2E576+X0Lwffddh09c3/f9+x0lXu+9cv9QG8/FJtxzqM/e/5R4v1LuwYJd1kZsWH23XvoMuwFrLHJyjAXGxpQ2Yp9jXsZaij0uxseAcv1EBx3j44LbF3P760q9wbLyXMYYb4HJWCvPnip9Ok6W9PH8jO+x+V/2NeSKK84n0mK7i/0x5LKvOcTzQecd7+4qdbKRZ+jdwGQjE64p/bgfuA7nTKtpPwOHi5x4z/XCtnVDeQ4sYXrTlXv2ZgJzueoNuLL/Xt4Uv4aqr9r8/tCnxP+08jaH0z/l+aFN9wTWLOqCbR1+dkKJH622uXHlGARXj/zPORcxVvGjo33o7EaU51jF+Ot3P2EXijVzUGkTi/4CK9zvfsPfIXjO+46zpMQGgveKdnxeG7GQp5XydfzGzwFdL2s1+olYl7tdxutKXedBpe4UvBn44leUa/tLSvv6mFIu4KwI9GuvOg/a/7rjoi8Jncqu8vu3CrH273D9Nr/r8fVAuR7Y9Lt30/Mv6Dfr9SLsNf3PK3V0+Eb3ltD/U34jg/aW64ESD3mopsVHh9/gR5ClGd8LynP1kBsrZhE9Yb2CU5koz9ifDyrlDcLe8hxszqhpwLkuzIuKD486xHxA/8d5JT2mJVgcdHG0lTlX/crRmUIHbLa1P7iHxrG+4heFXrXmX/vo+KekZyz3/pQwXq5HP+U9Ot5Dm/IEF1LLe1ZoSNxupc2dvhhT4nqC9+JMkjm376zyXNsp5TqGPItshR1xaVM8/GyrXIkPQpSF/v9MKRsfEOymUfasUl6peLSpco3nF0vA9xh7Ec9Xlba0uC5vSjtTyplx+8HIXFHaMa5p47kcsS+GLvkDB9oYIWSk2KNjbUSnRTislAXqc9YyfoPTinUXXh3efbcSQ/bTArx/fYYOvuorPg0PMlKuhCGlXDlU3s+ajrw/uCndZl8bAudUorc4orRjYqMAfzZcAjQEP4D/MH51vKsYA3TR8e6M0s7AGIy5wlmg+OoOKM+H31eeQ3twfOAHI23sAa8q7avRhthn0MexTmGfjWvsDcGnM1dZi4NXByu+rtz30Ue94TLQb4YNAZs22LpzpsNu5Xmz51y/WFNDVsD2Au4m8kcuvaTEVu5V8s5fV+KdvqvEsaEbjOcXlTbgmCufV37fYM2/5xw3xhAyJ/x8zPGQHZaUNp0rpW9fU9qaqq5rVrnv7FHabZHbsQnVc2PRtXPe3zHHD/r0Kb/VsarEwcG7XlbiQzfr1VgDjzoe+/Wwcs1H54xcw/iogfVhlz6df61h+Kc8HyjlVnvCXtcT3UDdg6ofRsVQbbZv1t/I/ehoCVEe537NKs/cmfJ11dev6bf+/gu2SniSqHPs1Vfdf1FOrL8xxk75yto+tikg+6NPqnph5lm1pTKe512HebeTa4TFck8YUH5DA3wJ9zE+Dpb3Me7Ao+DPfajk86rrGvMn5nvsR5yhekFpX4o97JLS5net9Ml9pcwXfRHyLuMZnSDyEvvhlO/BaKwqsU9xH1gJ8O63O7Tf2uyBW/o6NAwc6ZbtPjf4svsZ34gf+1tBYddp1o2tn1XnXGHssc9Md9aPwCfecH3D5oMd74Hpdt918Lsu5ib2PM7SvaG0BcIDHVWeRzLaadeW4Pm/qcQRz3XidW2xvudbTvN1f4Plqem+5vYFjQ/7XfTnY9flkeka9R3utL1dn6DDW0o8Wbx7TekXcFxpUw1633O7pzvfpGyXg5/htBIfe02JPUJfc1XJJ10zbcCPYbPE32BG+f0BbM7ol8EeXVTqA88qsU2czRRtf8N1iN873MYHzht9MnwSWJhxlxu0CP2Xx9ULHT68yWFtPB8J2QR7Gvsr/n2HlLLvXuU+y34ZacE3dCv9tPuVfrLgmvZ5HKO7HVPKFqyB6CKRtVjD6hm81Jn3M6bBQeVZSpHPpBIDCZ6R9Zo9HxxF1JP1DCxNTYtPXbfbe9y/oSMyzqhSd4A9rtryOCcRTBRrFzSOuLuU/Bn+fshyR5U+EEGH6reO7FblTHiqKoOBu2WPo160v+6tYM9eU9oLwfUg3/a7bGyAx5Vn2L2i9GnbW8riPH54g4PKs6XR47Bngj/lnIdx5VnU4FvBtmBD5/51p31ZKXOeVJ7FAd62ygTI/9G2WaV/Yr9S/oLPPqCN9jJ4XXxlGJOvF3qzV/Uoz7Psc1x4Z/oFPBg2bs4V48ysA0p/vBGlPyMYmqHSF7tcV84lQfdA3ekbbB0nlLYK+C5k6n3KM+EoE0wQdAH7f1wpw1AeeCR0bcR9xe3aoZQ78KmN37H3vepnnFfHGDikPKMVeY5xxRlxjFXa0a/0g+QZ+W32P35diRcA10DdsPkEDcBK4zOD7o64ryvnJ3YhZCjasFd5JtpOJY8JpgF/TGiE7zFYjSHX52WljWm70hcbDBl4CdIw7w8o+SnmM7hC7AzwFaxXtAeeHZ+aihdB1gNHflK5TlUfW+bGkPLbewOmCX2GjMkYZb8Dl8EacFCp70FH16P0a8NOx763o9SzRzn39iv3InxCwCyig8VmTXz0Tswv5hB1HVTK8/3K7+VR/oByLhxWntuI3o++qljF7lJ+tTOSD9gY4u5wPjuUeyvnHFaZnPWWNBFvutCV9a7qLJjjR5R+7vDs8CK8H9zUTviSHaUPDivlKPqYebu/PEe3cKT8ZvzGmN5Z2k/eB5VntNY6nS60O6FcP/eUvNif9yn18ugWTrqM/SX/fUoMJOmibVuU35ccVK6J0IUzJaEfAQzrAeX4xF52WfktpWqPib6Dr59U4pYWlP7+lx33deV3N4JHjjWB/WW2xEf/81L53a081yHq/QP7zUVdV5V8ABj1aHfod9AvBh+/ruTpF5XfF1hzP64o+fhzzves8wx/oO936h/ySLvsacsB4FW+rdT3xdk9P+p8k7UdP+odfPsHptdz1yvah20a3cJT1y2uMV9CzxlrZPD/+IEzrsJ+fN/tfKzE2IKbOO58Z5V4iUnluRropGeVOM8ZJY53RembPFn6HRkJnA5xF5WYfc7eRJ6bU46pWx4XyNbgJ8D0xTi5pORH0Gmjx2EfrAHdCjaDoNd+pdwx0Cmz/f3j6KuQf3+otq28beOfcT/Hs1/VizM74zu72xZNZ3QR6Iw4YxN5Dntv0BVMLXrCGaWe/4TSBhDha0rdM7qFaSVWJGgTsnaMiQPKMYxN+qQSj4/+j7kZeoyHSh+aeHZByauC8VlVnpmPj8i3lN8wnXZ/RTu/6d+PXeZj5fnPzLd4/77ynKagy1UlPmrO1/1u7wdKu+yK8vxZ7CA7nc+yEtfCWhRzpLu06yPTK97Ferju+uEfHXXaobS9gG1CB3Nf6eey4LTw+nNKnizqe9P0n1bax4MO95S+3AecV5QJboixjOx5zflHvDFfwSQdNv3AL/Uq/dHBIEfoKWmijqHXiTHF+P1A6dN+3m0953o8cpxFlz3rdlxw+y8oZXnOYHqz1A+5iHMLwHAfV64H0PlN5dmdYLRXlN+ceE+p12CdRld2QXnGHesd+vGjym/iTrjca0os9y6lHzL2nsjvgRLP0uPrilK/wlzFP4UzRvF5RvYGWw3vwvkI1LW57/pKqe85t++HPsvtOw6hF/8VP4v7b5Tn39Bv/l7tN8v9N/Ti264vvmVb332s/LZttDH2nu97DSTt13z//U77299ICzpOm5b4NfJ9qdtKf77zSvsevg/oBqeVZ7dEuKLUDzTjZytnal3qtKmLvWSpo9dsf69+txKP+d1mbd7b+a59m46xbi+YvtG+r7p/4v2H6qyL4ITYZ/A9x+77hhIzfER5ZnH188GPCuwmenx8G04rfY2qbZDzItBDDSrta30l3mCJiz0c/Ru2afCnvUrsMniVvSWfQdd/v9Jn6BOljz17TfTfM19jPsT8DXw/OiX0kQtK/f6U8nsxyK3gePFdjOesKb3K+Rl7wSPX9zvKPS7qsluJ3Ym1/mLnGxkv/GjvOTx3H0cf/dDte8NhyX39ofIs5qhX6H5vum74U8Za9jW3/5bPXnis9O2dL7SIPe1X/C5oecXff4698kdKP7c5x/mhn33FvyPtN1yPO6bPupJvXnU54PVizT6u9O2JNJNu+5u+sjfgMw028YLSFzrafMJ0f+Jy3jIdp93295X2jLt64dfcXoeeub/R559S6prPK7/pe125Bjx2W95VfgPvhst55vBDx3/u59dc16AJdhd8v9/o0PvFmZlLym8BPlCe+x3jJNYksAKcTffIeZx1f7+l9Gn6mtuL78aa2xB0euh8PnJf3FF+33jRZT51uihn1PGfmB5LShvRA5e75nRvK7+3va60+6wqz80/72ecK/jY6S46ryvum7uu64ryO5PfUvpLX1OeLx/1PuK2rHeet+WaLynPXo+2/sBpr7v9j52GPpgrfX5PaUu6q7Q7XC51e6j8zstZ159zo5ec/1uFHm+6rotu87hy3D3ws/iNbe2G6xBtvqT8vuYN1/mG8hvf2ATfVp6peNdhVTkH7jrOD5RnMUYfP1eei3jX+b7r8vHZiX6+r5yHV1zvu35/378/VNrVnjgefljvKL+vfV/5jfV1P7vl/O4o16UHvv+S0t71rul8W3k25H3T+IGvz1zWhULbiPMr7t9Hpuct5RkLN5XfKI9nsS99r9Qn5gb62lgH33PfvKv8hlCUzx4U97EvLCnPqyTePffhE+f9rNxfdD2o43ecF2nvuz8uKs9seKqN36+/bbpyJid8btR1QckjP3Mb7jrPq0rM0iPlGsp5o48KLZ85v/vOg36NNfW58uy6RyWAR37qukPr28rzBS74/fmSLp5jO15z2z5ym9jTae+K8luZrBHspddd73eUuOWLzvuJ0192fm86/h2lj+Adt+uq8kyKuI+14GOni7rDpz0udbtgutx3XneV57D9QHk+xrLLu6r8pi7r713ld5XRmbBeX3P9o13nCo0j/pzbyL65rhwnb/n9Y+d3T3mexKSfsV7cVo6xyOebphf70S2X8abym9ORz4yvj0vc+07LOkK9WGsZj+8pz3qFLlHHm0qfhFuu85rLZc96qrTf1zWUs6R5t65cD4Ie33B57HPkx/5/03R56PLWlXvz+0rfhzNKnB/fBmDNYY1E3/emkje44rpFug+V59/edX3A90c8cEOcS7jm/gw6xZxi/DKuJ5TfP4t6wqNeUZ7nt678FtubrvfV8uy5kl/hHMGPlGcBoyvCb2HBZYINuKXko+C7HivX/wnlN6+Jf9K/DyvPG36k/M7agvLsYs7fiDLBTkAfcCn0F3gv+FYwMTFG8bVnXsEzQLfg+77v7xD/yPLnjzr2/XjW9r151c9/Yrv/r5fwo076tvyKHm+bf8de9T3Hi3ff8PVbJe07Sn3fj0qaCN/uYE/az7/ld1/t3Ic+sD138QUKfF6sQb+qlMt5/61PCT/o5P8i3Xcdn/ffdF8EjcfKFf+SGGPgMNBHoA+J/orxhC4+dA/zSlxEXPHhjSuyIWcJXVD6NSD3RcCHF4zFuFLfM6qN56WcLOlijxhSnnUd6WLsxrjjPBHGMWet49c75Hf4iDxW2kPxEcGflLNDwd+NKmVscMOcFTOm1I+hE0V+Bpc2pY1nOqKzJD3pxkr+2Ap4d1LpJ4J+fF3pC4vOaMo0qXXF7skZAWB/J5Xflhl3GdeVekf8qIdK3uhu8cWmz8Bmon/BFks/HSv1BycyXJ7RBnTGB5U+uegngm6XlN9EGFR+o2dUibM6pjxLMtr5UIl3xe55TnmGLrYidGtgeKrP74jS1o7tEQzLSaXvKHoY2oju761C72tKn09whdi94vktJTYSXDl673NK20ev8pwLxil1ZFzWc7jAXp0qz8AfMgcZxyNK3/x4frP0BzqJCeU5pOeVY6zH+XJmz/GS31XlvAraYJNFJwSOE93yoPLbRFEPbBG8AzuE3Q5sLPU76rhvKPGCo0p5mDGPDgL9En4RB5U4UfSTp5S+A4MlHfaE+nuk1Bd7JvpBdDVgiT6v9G8n/Tm351x5Nln6kTBX+pv15kl5h/76VCmvnhuCvWJfKeucUqc9o9wHTpXyGdP1HT4A2EPmlDp7/POY56zlB/1srOQVtL2lPPP2XHl3TDnPeHZWaQOjj1hTsacwR9mPWCewY9KmJ273deUZbvE79lIww2+4HlHuV9wW1t9p58Hai10M+RG7DH5Y/aYxeg/48gmlnWLEadBf3HRZnEcRa0bYreEJwVFfVJ6nAR/6gevPXJlRngeEzYUzEZkn48rznGj3mDaut1eVvqV1jat4UOo1pLTtRJn4qLPm31WexxbpmbMDyu8HRbjhPIMeB0zDQ24ne3rEu+a6gOXEdkmI/EO3P6o83zD4hLo+RbzdLgMfBM6/GVHOC8qFpvuVfsD4o15QntdWfRpOaqPfVa828ifwQ2BtwUaBI4o417XxHJQ3lOfWUQa69Xqe3LTS7wT8Ud+mtOzFYM/hNfAfoq8mlOs/9mT6m3bgi3Ze6aPEswnld7fZP8D1czYB+e433cHXRRz0ajVAt3quB/zMmBLHSYg5/YqSb6u8YJS9U+k7xXkdtG1UyU9if92r3G9ZX8G5nttU1yGl/EW5zA3WR+yFYLOgD22bUu45g8oxyT4zXJ6Dw5hU4o9YL0e1EVN70Pc73deUD3YPfg4+EP4AffZEuZ5TYlrZz/e73ezX4CHB6V3079NK3Bayxj7fP1DiXQeVWKdh91O/y2BMgu+Ycr9E27CZXVSewQJ2E+w8tm3sZytuF/XAPggWEXwefC4YTGSxE6XcMeXZyE+VPN4+JQ4cXCDYM3gZ7NLwdWD/qv8qtmTiwCefdvtj3UC3D78zrMTIgGWA/t1K2eRkaTf4hB5tlB14FuEDJdYZ3hJ+fcLl3FZ+t5izULDbw3ewD8E/U49lpV1+vLwjv1ouuDnmBjwiPmJ3Sn+eLOWyroK9jDjYdfFfmHR+/AangBzCuGItHS40IkCPSA9uY7zUL3DIV5wfeOoDyvWJOkLvg6WvwGcQb6fr8tj0B8dAu3uUvgGHSj7Dm67okw8ofdO6yxU8KtjCGeX3XoZMlyZ9V2AIdrndc6Xd4Lrjfl05btCfIieC8Qh6I4ejT8T/BiwTYx6d3SmlP2jkO6KNuqxoK2ciYO+POsV4DBkw5lPof99z3kHP75g2d1yHa0pb3X0/W3D60DOFnirWnLddLnZXbEesTcGrXnK+YOveUZ6rGM8XXZ9YK4N/euTyv6LEVHxF6es0o8RcBp2fKfXRYAQ4jwXZAx0kNq1lJa4MmxH4Nvw4z7j+8JJR3yml7PlUadN9oI3fPEF/i7032nXIdTymxGOuKjEaMbYPOu/7Sp35KV+j/fNKzORj1/eecl6A88Ifdt7XmOeTptWc6xchxiL6A9aZGCu3lHodMI3jSl+wCaXtE7l81n015G8BvKK0baLfAwMHTi7aH/M2/KAvK88O6VdisvHPjfzYz/AnAeuPz1HlW8CMsLYNKM82jmevue0zSh966B/3B0wz1oI+pd6s3+84iyr6CDw0+zY6uW6XCX8NXntGiXeE/6ty4rTL3G89cIzDZs52Ba0+dBujDy96DNzyNcbkVSXeA/tM2CLirKZmrnYddD8+V2JP3tGLb/21v7vIWnCnxFlzm7Cx4md31ZjgWx4LEedjY1OZ27c66doY46DHG84TrO+HSp3Xkstl7UHf/oYSQ4x9DRsp8tM9l4+tAnvRbbf/geOEXhobEDKZ6dfVU+h5w7gtbARPHR9Z8LYSy7HodNGOTzq/23p+/NzXnO6W23jO9QNfGmXEGnrZdME2iE1iUXl23LDSrv0957um/K7VFeW5Ue916tT2pUWOvKU8v+q+y36i1GW86fyw+UWbVpwHNEOnc8J+rUFP9OCRFl/pc0qf+Dnn9dRj446fIeONK7/zteb6fd/tBmOxrNQxLbo+V/x+0fReVdqDV5UY8rgfLXRCDwPWkrX5iuNEHuB5jjifoOc3XfeTynMTwNij0wDjxLknZ5T+sBE+cPzzLifaC86DbyLc9v298jza+1aHvl3Gk7WfR53Zy7Fzrip1QRHnnZIXazv37zq/ax4PN5WY0BHP8XXl+Jl1PS67rDO+P1vqfL581xdsHXX92PeR5rppjF36VuddOy02wYgLtuOZEu+y6jGx6vaMaOPZ1bcchpXnKrEusQ+vK78lfMv5oItm/Xrf16lSbtQVXVXkMeH+buJ2IetfUOK+mB/XbHtDHg1fDJ+52vVZJU/4hvv3cCePdpymj7sm/O0kZLhB0xus9XHns+L1C935e0pZGz5r2n0W7bvj9n5fqb/Eboy/xagSZ3XT+dxxH93slNPepx4r8VVveWxN+3fQFgwSdnPeRWA/GPXYwO6ADfZ0ict69Lw8wy5/z78vu4w7zhP7Ms/w4QAbxhpEfvEc32js8lGPAeVZQjyvae6U9/jBx/iI9eNHLmtVG8/E9fh4wf9eKHlfKbRiHGJb9/xq25hZa76qXPPQVVRf5rhiXzpcfn9aXPglfqNHAIOPH8lIyeewUgY8UfKLtTTGYfA2Y0p/XfwJXtNGexK4efy1kTdHlHoU5G3yqLqbEeVaG+/RoWPzC3riq4teC8w++jT8WdHfH1P6vfYp9/hh5fct+11e1GGn8jy0w0qdIvbOKtMeUvpz4ltwSun3Sb4DbtdpJZ4afRJ63BnleojONX5fc5wrLo+xBi5mvsRFvnWfBI/UxlfGOhFrKbj5GO+/7jLfcF4xpmM+LjgOZV5RzuszyrMrFpRjOvql2/1212WBZzzruNhewAifdZm3HC+ecXbMeeV+Qfiur5z3dVM5986aZgteT81vt3lk9tlLSp7knvJMsbkSbJfsmlWeYVP7fNl1Zmwz3haVvsbwjE3ZXfa/eHHWRNDtiNKGMaz0TT2ilDc4jyLuR5TnF+HDNaQctzMljyGlrq2uCweVY3lIqUsmf3R8PUr/VXx+ozz0P4eVeiDWjS3K87b2aOPZ9PjiE6g/vq34q6LXgS6E7c5rquQ3W/I9ohxb80q9zoJSrsN2jI7njPIMsQi7ldgU9K3d7lNsKH1Kn19kVHRWrLP4Ug9o4zkB8e6A631E6eMxqDwzYk55flOMwZhPYA3wu8bfn/pVf7ATym82jCvPvaXe4A7AOgwWGg9r4xg7qxxb2JyQc2MerSjPNcBPhH2EMybAKRx3ucSLuTqmxLwgi1CnIdOBcYItBvsQOkHovqwc791Ke/tRpb0zwl2l/xP4jflCu6nSZxNKnfm8EoMwqNQBMIZ6Sns434SxHPVErqp9M6xcD86U9h8q7YGHAZ+APpzzPI4rbXDMmW7lub0j2vj9HHT56IShN/O70r3q6bFxXFR+W5X9/Ljy7PajJT3jATlp1M9/rDw7BowD/dFbfmOjIKwUGm1xnGnl+nG/9NERpe/ugtJnP+jwVIkxOaScJ9jE8bOir8B/YCc4rVxfR5Q6tj6l7ZX+YlyBozrgcvD9Ag8Bb9ZT4mKjIJ/TyrPRukt59G89/wi6VL8t+pp9J+6vu/7nSn5gVMAigDfgGTzcmjbaY5Dl4R/pA3SVyO1gdiaUYxEdaJ1fQ+5z5NDqo3ZC+W2oXuXZxUNKe81SqS88M/00VtL1KG051TaHXf+o8izM3aX/hpR7BmfXoZMdU653/dp4/h99dl25h4Hdwy7dX/ocXAx8BXIx5zHAs2NrGFeeO1KxdxUnCc88Ve7ZC9jPsE1wPeVyR5R8Kmf1dpe+rWMt8rqsHIus18gP2KkZj+SF3XBYadPuUeIiZ0yT3co1irWXOL1OB//COjat9GmmDGym6HzR2bHe4oeLzMK74VLeQPmNTRo+L+Lip4nddVqpO0eG6FfasirG8LDyXFCw4iHjf0N5/lq/8wULwfoIhuc954l8gq8WtrElpS4u5iN6Ps4JGlKum/uVtjHrvV/Y/9C/n1WuA0eVPtZ1r8O2FuPrvnLuwGvNmW4rSl9W+F/GD/TChxN5jzUEeQ+cbLTzotLejc3t7KeEeefNOSJXlLZX20/a5SDDMYbo9xWlbRaZ4KjbuFSeLTlPfNrgw7HHjynPImDtu6lcq8ljSjmm4/d4eUa+k8o1cEW5r4DdHVbiQFg7mIPYKFmvWLOPK8/7oE3sk2DrwA6gp4sA/8pex1p4uKTHzsK+yN4M3mlCyXvBv55Rni3CmB9UnnMIVoaxByaV8tEl8H5MiXllLT+pPM8QbAJrMdg7aMh4jr4/t4mO8F0LLpOxcrz05RHlPoItH+wydmrWXXBTYEFYG8FhzZT8Ii72B+zQrOXolSgTHUaUCT4T/Qo6HPitI8pvtDInJ5z3jFLOGlKu9WBBB0p+0B/5FJvESHnH2gnGmrVzRslnkz/7BrhN9D6rSh4HXFYd10Hr+UID6rZQysUeMq789hVrxZRSXkCHcMrp2GMOKbFYyKWMH3CxQ0p55WQpLwJna6NfQ/ZBrgcPBE0qbwnGsO75YIvAEyMrBd1WlHsic/tC+Y1sgI4BrG/Ff4JZZ29mX0WOrj4HzJOx8h782vCmOLQH3m+81JF2c94Ne0kdS8dLXnPK73FBm8j3avnNWUSsDcgj8R6dHXwFOgP4dPBz6AuY2+CfwB0NK+XoumfWPov47EHTSlw+8UeVeFraU/kL1g5w6OBjRkq8AaWPTKVllIc9Hh4QvgyMNn1AHMKKw7DzAFsOv8qewVoxq43jqV85b8ZKGTPKNRFZGXkB/VG859tm0CnmLvOHccSc59zNaAu6Gnh45NbYm88qMZdRpx6lbw5zEhpj70F3MqaUY+HpJpRr/ILTRl2WlHwXa9tpJX/OXgePf8I0hgdDRxLloutjziLDbK4v8n3VHYBJqbqWGBNXfL9LeQY96xr7Z/Tj69qoCwTXOaTkT+BpDyp557CtxP41r9Szs2ex1sU9ejdkzj7lfsV6TPnokVh3j5W8bihl1t3Ks6TQKU0o97GKW8V3iDlS2x/9vFOJO2DtZf6in1wp92eU8kfcgxtEtgMjCv+NfAOeuEeJbUXugjZgbuhvcKa7lOvByZJ/r3IfQ4ZBZme9j/g3bQMF7xp1uuvAWoGOJmgVtoOHzof9eVTpA4HM2Ot2MW9Y9w86vx1K3QjXqufinNSIG+PpuvNWoTF+gGCakCkYh6zxyHjBk80p1wr8CaJel5TfYIq6YWdGrz6kPCvxgOsQe/cryn3igjbitbEXomdF54LsNum6T5Z0+AM8c9lxf7/QnzHY43quuQ3YL7BxHSw0eks5Hlh/o7yzyvG01/05ZDphE0dOOljC45I/a/BceX9Jed4nY+PEpjzQYb2m1Dv0mrY7f4sQdZs3Ta532tZl/FfgHLpYk0IOe26aHlDibJCvz/r9Q9vg4qyXOD8hxn3sM2/7es/9vOS0z0zPD/3s3U7oClqc8+/nerEmt7Fa322uUYfvu86XnD+Y1sgLXM5ZpU/G28rvXcT9ouvwJf++53TMoafK8zDWOnVt49Swy08psSzgF7/nehx12eslcMZnlLXgtuGnE3niK77uKxgz/OnPuz5gCYzLatvWnyixNfUsm/tK3AE4GDBr+KxfVZ5PUHAu7Wd1vbiuxCOcc3+BV42AjSNo94lpcK/kd7WkveR6gbNYUJ5lA24AbNtN5/uBr2B67irPGMAn6bzLAdtzq5R7WXl2DvieJeU5D1fLu9eV5x1Qd/x/Iu4xJQbkivIcgMMlblxjP54p/fGstAcs203l2RDRf6yhd/0OG/ZF1wkc4ZyfMVd2uP1XlFgzyrjqfDnLCt4+xsPXtPG8kHWnB/Mb43NReWYo2K5J29wPGEcTfQ3u8JnSBs3473ca8CDTSh3GGeWZiNdMny8oz39AloCvwebKnoTO5Gp5F3TC7/aiaRHr47wSNxIYwZ0lXTyLdZbzutGHzCj55WNKmRoeHGwvOqdxP2Od5Yz1GFfweIyLUaXvHGcjxz02MeyTu5XfjMHGAf8Ib8kZ57FOzSnPiY/n2Kv2KO0OYDMi7QElD41+Gjl9otTrqPJc7gX3N7LWhNIHCj+ObqVM0a+0z+PDjo7moFL23K60xWELwg6z3+XvUPKx8RxdIDxKr+vB+djRB/guwIccUPLEYIainOlC3yUl9oU1bUEbbZE3lfzCMaWuFtsIsiW4VXQeYGeQv/qU+BvOGYT/HFXK1fD26OFi/MY8wo6PTQS934HSduw3Q0pbZL/SRsv8gsdE9zSg/J7hF9xf8D/IrvjVIp8cUcoJ665/vEM/j94NOR/9ILoLxjm+brQHPSFj6vOOC28R/YQsVvEelHmr0Cjas6K0za4ovxWG7IrsAC9O/5KGK/sq/He/cpwcVMrlt7UR59tXrsim0Z9vKvUiUQf2oGpnu6y092ArYJ4dUuqqsJGCk0FuZ52hDsgyR5U+fuj/8Fms+UVZr5Vy8asDU9an5LODTutK3TfPu5U2JmjMOlb90wZLQA7p2UQT2gb2pOL7WJcpHxqdLPGuK3Uyq6X92IqPKnl+7l9SrinoZOMaa9VnS/4vFdqhG3tJ6cvxqNSj6pgObfqNDXRFKUfV90F7/GIHlT68jBHax1m/6LxZgyLsUmIr67g5rNT1Me+7ld9GwfclyrykjTrugVIeNsKD2ujzxlrb7etdbcQCnFSuBYzfqI+UvrDMe9rD3hV1ijkU60yMqTtuJ2sMfrxDyjP/a2B8cY/fKd+/6FHqEKjLhHJf53sh2Evr+jS0KVBnfCLhI8aV84P9gz5mf0fWH1Ge29+n9GWCltg5af++ks/Bkh5+IK63XYdXCm2rzTfaGGsw/AT4H/r4bKn7mPMfUOIVqk6HdQnsGDoQcBI7lVid/cr1CD9ceCDka74ZE/exZ8TcfFVpd39V6UNdcQ3shYzR+8oxOV7qge5ul/KMCPQwY24b8ySevaHcZyaV3754ze3b5euFTe3Dj5Y18oByfmETB0t3SPmtiz1uB7zkuHL+YaffZprdcR9dLn0AH8P8OFR+Y//pUWJRGJ/MFfS6YI5fcR2nlHwHvC4+b5F2sbSD+b/fdNrv56+5bwMHe025ZrEuwzPhI9df+gzd+rBpxJg/UmjGOrOn9N8O57NL+Z0jdPzLym/FDCrXiEOmBTzsHuV3mvqV33WhPNrBt854jgzBmtSt/OYV6zzr34A2YlCrf/NoSXPC9Wbc7SllQgPmODQYLPGoBzSq85/x0q/8Ng26/4hzv6RnrWC/ZQ1jzLM/sg8cLWnQv0wov+VG3eEL2CvmlHsXayZ4T+4rTY+aNsh1jC3W8Hi2XfktGWSMysvEs1Vt/BbUbuU6yjiKNWyL077s/NmrDjjOxdIW5gtjiDWcZwPK8+Kr/LNF6bv6qlLPTn++bLouK7+B9Up5j66SfT/WOPZB2s283uX4pCcwXqKsHcrvFKHD3K/8jtpOt6Fb+U2yy8qzKZCZXlbiafCFjXczpY2hc4IXQif8hmn8SPkds+tKHEysizGOJpXfZwva4gs2rTy/Pu6x1Y64HsgR1W4P7nhV6buPfSjixl7yedcVniLqs+48LynnCesZc7hXiZUL+jHHh5Q+wCtKGwiyDftq1X2A/Y/nnFFCOeiiv6Ac37HX33TeC27LnNJvGSwpuB0wKeyH8CDwVrSFNSjKjrExr7RXsN/vUto+wQ5GupccH74D3OGrym8/V34uxhF22u7S/gg7nf9++5g/Ua430WcxzsF9c57TAeW46i90DTrMuo5XlTqlx0o7GbY27J6Ljod88m2lH9ZDnwlR9U3w3osOEyXfRaWu54zSFwTby1tK7GtfeTdhmnBWEj4+627zHuUZePQn45K6rihx0qHnRRZBxsb+O+5+meroHNu+zOErc0XJF7HXY5cDq4btHBwBGH72j5ESj/Lh/6L+C0oMOHsPupvjemGXb9so4OH7lH7SMV9i/cXOyTkO0S8xbpaV38OJMjnnNeLwLRkwaqO+Bi+OzBfvY9zMK8/SJQ348MhrTqmjoF2kv6P0Z55Q4iy5XlT6NlGX5TIOOL8L3fKKUgeOPQZ7b9zvd96ctXBWiQGYVGIfwC2Bb8U3DCwAvM5Vt2FeG893AzuI7XjJdV1Q2q4vKcfhuBIDgp3ieAnogK+5fXNKTAI+Lax5k8px86brtVLqPOP3F5RrM3giaDmpxPWCu+PcsXml/yx2yItKrDfrBH5el93+VSUOaEZp18enFj3IlNJHHNqA20F3uKrEzNXzE/Fti7LXlBgZbGdjyvNAiDOvtN8uKH3WZ5TnSd5RnvPJWQTM0wmnga592oijnNTGsyOhNdi1ReW5IqyVzMfRki/0ZNyxhp91X0beyDaTpf7UcVkv7Cgv+Hhs27PKuYUvIuOI/RFcDHOY3/iEVYwa6ye8Cf3Hb+qBfS/ubyvXkSnXBTsN43qp5HdJec7dpPLcxF6/42zfy8ozBOaU2E7m5KISHxVlrfn3qq83lP6jYIXpb7CqS0qfzRjH+NieV/rjM17IB7wAvyMe+FD6HPvcCecN3VlLwHpxfjBrP3ZwziVYVK7hQQPWygjYMaM+68ozH8CiMp/AtIKJ4GyfG0of+TvKfXzGv8EbM89OmsaUeUbJGy4r5XrqwnrCue74+LDPLyn3Q3B2jNNB5dyI/MKGzflZy8pzXseV3+4Caxa/u5VnKMCTx/h6y+1mbZkvtGWOgmMcU/Kg2DLPuuw5t+W40i4J30A7F8o79mZoDO9OebNu35hefAPmhQw2r5wD1J22s2+NK22g80rsMfQLmsR4ZG5wRtaM8gwJ5jW+S+vK+XLFeVPGbGnTKaWvxLJ/wx/MKPd6/P7gGeJd2MjgRfCnXir9zFoJrS4qbddg7tiTGD+XlTaia0qef0nJa15wex8obQvIKXUdxefgrBL/SpvB7ZPfnJLvrjwWa0yv6XZVaZ/Cvxr8M22mz+pecUB5Rjz0ZIzeV/oFRNzDfv8lbTxLcka5joD5YszC43LmGPhPbHeRbqX0IXbCqVI2NtEZpbwcdV1VynKnnA/7yrJpNKk8fx6cLO1jX6Y+0a9XXPbp8u608huq88rzQzmDgXk5r+St4LnhD9kPmefs76wT0DPKeEV5phv8YcwFxhdnqIARR5bApk6/DCllJnhVeD50x4PKMw2mSj7EhU/ao/RXps8Wlf4N+BfWM2mxr1bfj0WlLhBZHzqis6C/V5Vjk7OZlpTyEX3CWYAz2rh+dCt5qCnl981Yw5CfoCfjg8BedUH5zTPsFvAO80o/H3iZQeUZcWtKXgo6rTo9en3GDvwTmMNIAyZotuTBfJp3G9kPVpT7DXslcZFv4S8Z58jayMLgkq6UNq0oZRjoSX/MK2WN4yU/bPnw5MyBGeX5+ayh4HQHlPisCSUmCV+PWedbfefZp9BxbN4flpVjHV5x1XlHHNa0PuVYY988q9z/kWsJyAKsZ2DRp5VnheCfgh4QfAvr2ynlmWeUf1YpG88r9yJ+31Ti82n/sHI/nyh1XjZtqQ+BdZQxEu/xCaTec0qZ42xJx7qNvMWadURpo6Peo5vK3Kv0C5gvZc0r5aLojyGlzwU6ePZQziyfVvq0HFGeD8aYRa5EZ1d9lNEjMJeY03FdUuLPD5Zy0C/iH82aekiJg6n4g5vKcw2uK/2A0Yfh/4z+grUXfA30BGPFegpOAxth1atxDgV+fCeVshd4EOYlOmHwIewLM67LUeXaAw6Ffg9e47bStwCdymn3cfX/qeerVD9X/DCQy2kDfQQfcVjpV8Y+wD7PHn1RG/HU0DDKu6Hk6dCdXVXqESPtnMu6Wepx3O/WnZbzrfG/euD6s7+iq0PHyHqM7jTOZHip1DnSvuI4fY5zu9SbtjAXSBeY4S8o8V3oirCDsp+A9R0paaNub5S61oCeC90hOon9Sr0JuKKrJd15pf4D3BAYoqjXAeU3W4lzqNxHW58p93z0ZmC58PFkfq4X2sDvIldVzNlYyR9+kbMnzpQ0zNfl8p53F5T73FWljjbisKfG/T0lHgysCVirs6Ve1IF1hnEGvcbL/XTpC+rPWjJmusLDVNvCsN+Nl3xmlP46p01/+KFh5dzBlhrP8J9FZ804Q2cXawrnMYArjXLhtRhzyI3Xlfb7SPe28iyO86Wfae8BpW8V/D3yE7YiZOLTritYIc6kRUcWcyXm+F7lmXnRvs8r9XKVr4GXwA8IXGXkB9YJfp19HLrOFhrCU7GexW/8KKTkN5FZwMPABzJH4vlHSv1S0BueEb1xPI8x+iXlesfYXFPqlGY7tOkCOxo0eEm/GWN1oZTPvs5ejO25ht5yj638qOsV69oNpb8d2Frsi+dLWrAZ2E7AG2FT7tXGMx36lfbnePemr4Ejwa4Otu+E0r8M3DYyKfOVMka18Twf8Ab7lHJW5AtOKOJgUwsb0nYl/4F/+F4lXuuS7xmTY0r+CAxGvxIPypyKebT5mxhTyv1xSHkuVLS5+gBWHgHMHdgg2s7YP6rUpZ8r8dhPwAB1Oy0YAXRgyGLYC+AtXlPqVPDRBh+AT+OA0o43pbR9g7sYLeXCG9HH2ACrP+6Ecn8Eo4ytFp7jqFKHNqOcr9NO+5oSO1N1eVHXu0o+FL0bfq3UkT29+seBR64YLMYSstSYNvJR8J7xbLtyP2M8Hix5sa/j285eM6rEroBTpf3gD8dKXrVPIsQc2qv8hsINJU6V8XfIzz+vtFFCM+YfuB7m0G4/o16TfsbcYGxyNsqwcs+I+J9V4g/iOuWysFH0Kc8xAOsHdivSXFeOAXRDMf9iDV1V6jTZL44o5VdkTfAm6ICRO8G9ziv3FeYxdhfwifjyIq/CE6MfRf7rV/pWcm4R+yHjGN8ZfDmQM8CbjCtlGbDX6B/R29exzbhFLkTmRR4EN8VegZzOvo7OJeoeezz2nmo/RG8Ejwt+FD5bSrwRWKvjJR3rFrLfuDaOi8rnQvtDynnEfCfOhHIuHzPN0bXY7v4Ca8b8RAY4VJ6zFl7xFRkPnDT+AOjkoDdrFHLtuPKcHvZm8HNRJv4gVR5mHyAvzjyYLc+gBe2F78OuUunBXMSeWPcXeHhk/VmlHIO+NvYU7H/wScgx9Gekearktd5QnrkxpeR94VEvK/k/2kz7qCe88A3l2QWMNTARs8pzcNGnY9NAd0FfMafxfWePuWvan1Dycuix4I1PKrFP6P3qmS+s8+hK0EtiS0WOAmOBfAtmGCwN+Brk1nj/qvL8NNqM/we8Lms2eiFsaJxhVucQcd4rdWb9wj4IvQiRzwWljz0yKPqnwXLPfD5sOt0v79BHR/tuOt81P+f7KjuVvD96BfBnYOLBE4Yd4AOlnTRocV1pQ2E8RHtuKfEpsW5jK4Q/Zw4tK3l9bJv3XSa6Q3jZSHdPaSs+4/Z83XHDDvZxw8Pv6Zy72/aB3OczeH/V19tKGy6+zNbbtL99jK078uUM/Z843Qm/x04eNMUXrvrzhqzBObTHO+/aOLTbyvOGv+V36NCDdl/p0KkL7OQ95/1QeW489hlkF/SOnM3/1Hk+VO5BfPfnueOsKe2Na8pvt3/Vv7v9DNsPgXWKs4yxba0q174R5Xe7kfGgA2sT/PWx8g7bB3tajIPPK30cR0p81iXObZhwXOzO7DMDThs0OF3Sx3gCw4QMC8/Fmsgz9N48Y+8Fq4WdK65fUO5l8GrUA10v9gxw+9jdWNtPlufoTtHjc47N/vIc+0DloYbKM9ZMfHKq/Qk9Hbqh7nKPvQz+Brz6ZuwXvPZeJc8OT0Ed0Xuj+0Y+QP7qLXHr+MBXEd4MLOFESVfXemx5p8pv+J+KE2O9jfZiS5tQ+lpiJx7TxrELr3FSqY/kN/x0rf/2Ul/mQbwHi0E+xIGHYnzD23MPf4KNg/0F/fUhpWyADuFUSbdfeXYG9bS/dBf784fNfdDwfSWu5hN1sJA/VK5vsdbedl1jrYj17KbvY20J7MfdTn7tvfVd5xF6iBum9RPn/dD9e6eESBf6z3v+/a7jxVq95vj1/T336XalHAlerU95jty0EiPOM/aga9pom4F3AOfXo+R94N9i/Y89Fvsp9jvwOgslPbgd9ADwl2B5Kr8FvuFMKWtK+X06zltgP2ja1RU0eFRoOK/Ei11139wzPeij6w6P3PZ4/wPlWQqhj7zvuM+V50pMKXFMa05HXvdd7hvKbwQ8Un7LaUCpf7vq+PEu9r/FUtdRvTj/5EUdIp8YC19ymqhfjK/3SvuoS6QJnPZDP4u0R3297ro9cntuKc/eOKfEs912GZxRcUf57Ze3/P6W3z1QfsfguvN9WOJHwBfhjZJuXYkBfeQ4kS7mxwnHfe7y3nJb7iq/dQVGOPL7WBu/kXfPdXxQngdNrvn5PeW3rrCLjjj/Psd9y3lH/CvO47QS77nud99wvT9xnBtuyy3/ftfxHim/xfdA+X24G65H3McYWC10e2p6vKs8A+aOn/Etasq67fe3XLf7yvM5bim/AxX5XFSe+xHfRFpx+edLHW+7nNuOe8X53HX+kXa00If23nK9oo8mlPgG6gFGKui9y32MvhfM8YLLYa9GHok51PJ1v9I/eEC5XsTeGWM51q3Q6YRdLdak0MUEj4k8D29dfa6rLhlfkgixt+x0/gec7ynlGQm7XR/2f85nQCc1qNTjoqvYpfTh4iwmeLSqq0V3u08bZbIIwW9fc33gC4aV507gqwQvAL2w0VFH9kb0AH3a6LOJbfiw0vcF3Q3xsBMjT+Eft12p00BHg08tunqu6FTJs0+pd8f36+WSF+8HlH5F1c8N+xn13qM8RwzftXiGbQBfG3yJ4jd4jOFSbuTZXWhA/bEd9Cv1i31K21ak3620K0ReD5W+iNhV4AEHtfGcPnybkFEjjJY43crz5hi7yBE7lfbAI8pvL2Pvh+/iHf3OPX2Hvgk5A8wA+YwqfdGg95jyzJPIizN5oy/RJ/Kb+9edJ/0RafEPhz9kHBEH38rhkp4xAF6DecO5MfA2nG3TU+jAvISvimuMc2Qc6hdx7pe+xxaFTAZOA7/aEaWdDL1xrzaevcGYYF0A6xL9GPYs9JPUpUcbv129T3nmXIw5ZDmwq9gbDit5ajCoO5XnCQ2UK32JHTB+v6b0MRxUylHYKnudHp1LpMFvDf3rjNM9cb2rrmjG13UlVmlzoF6nXU7FqBxR6gahPfWDDvF7VTmmDinlXPxTKz6GvQpbJFgAzhlBH4j+9nQpG7n2UuknzpiAh0fGqriZ15RjZIf7FjpGmehe9intTGV9bX+DMmSZb3fGQOiLXux76KfAZC+YjpxfwZ4DvahHPMeHnblZMVqcFzFU3u1wWyKf3aYFfpJBo5i3L+vFGV0v3mOTAlsEfQ+Ue/bdfc4nrstuS+SPTjby4/yGUdcHvSG2tj7X77Ry72W9j7oz36rde2+hA+NkWOlXjJ/nPuWZMUGTKcdnXWf+Lzg+58ogl7POsXYwpzhX6IDSPx76VDpyBhA61aDBRV+Zx+x1h5VnNPBuf0mP7Qbd6ZLyu8IHTJO4bi/9y55+QCmzU1bQ5gtuD2c2HFCul5TP/oa94wvayPNEX1/2NdZm+NbgsYMvDp71bQf0gsFLxRoUPHbwssgZyJfv+D6unziP+H3Jz4Injr0txlHoEsCAR/kxloN/xCb+SMkTn1Z+8/Rdvw++GFtl1GvG72753aDrFLxM8PRfUX7z+rTrzrmXT0y/iyXP9/z8ovJsy6uuf+hEP1J+25y8Qia64HaCfb2u9NuMefNAqYMBCz1bfmMnwqcCP0f2gFMlPXhedAmR/ktK/030FOzj6Nt5H89i/uHTPqjEMES5MSfOK/1g8eM7q8TNY69gnwI/hJ0Hv5Jql2HPYg9FF3tceZ48vhDVRwNfBOiEDX1O6TOzpLQDTJYrdiXsQui/NuNqp7RRnzOm9AFiDwCjga4b/Q78G/zGCSXvBK8DjgmeHB0feDqw69hqwMWBseI8U/BGYC7gwdDtsR9gWwL/jD5+SLnXs99jp50pdKp2bngb+Lxupb8N4wZdIjTDZ21aibeGrtiMRrXxu2GzSj8F+APsGkNK/TjfMGO+LCn9oxgHq85zzXSK+cnYo9xBJeYLXmVAqfvAjwL/0h6lLzG2SLA3jBdkQzAu6PpjnjxWnp0KbwnuC5waup+z2ugXe1WJr0Snjf1yudSbPkBWinbyTXawClNKXxBsylE+PA6yBLhhbJ1gkOA/8XM5q7R9oMvG54zf4HSxvzOfkB8YmyeVfkOsKcwn9uKZQu8ppW1jWsmTgQMAb8r6s6TkxcGCsQ6xJsV8iL3zlhIHX23MU04bexVn/q4q+emR0s7hUgb6X84HAXOFvhesOn7f2GvA7a8q13toEPldKHHAVE0o8YmUg96J+X9YaZ84pJRn4jm2M/jWeSXfCq8U7w46LrZr+HHioR+BL8IXAF0I69lBpU4L3gm91WHXrVvJI8R+yvlFYDEZg8ib2FjwzUWXwZyFVz2m1LOA6x1Qyh6HSjm7lWeddSvPT0W/grxxRHlGFjqRSeU5Fuh0qg5hpxKPdtFlckZKt1JWJ//g6ZYLjeC3I27wl2eUvPoeJW4XfPV+nwWOnjLGMbitB9p4rsSEEgeM/WtCaT9jHqPriHaAiVlQYoSRXcCnwdNHuxibyImRHt3ve243dgn4V7DWQRv25LiP8fJEafPBhov9hyu2UZ6x1iArV19h/BSRi8GYQBtkIcZetTEyBuBL0LcxF4fcZw830WBaiQM5qpQt6tkC5PG2EmOCb82ocm8H+zmt3AuQgag/mJaDpQ7YK9EXky94OvRn1AP9GOcsMlbgO/uUcie4DvQm+BWhh+D5RdMH30HWlKArvBf8FW2BbwaLgnw4ro26EXAAc0r+kP2FOYeNF51etdHH77vlPeNqQKnrBpMFrz2h1DWCN41nN5R4Pvhe9JcjpQzWrdo2MFKRrvKsUf+XlXwcfi7Qhz2StuNTP6nkIastHLto8EX3NvU5vrjxmzEKHoDy4B+QG8APoWMAB8d8BCNeccBgI/AZAXfNOsNchCeBf3zVdbhSaAA/zv7HeOwu9IVX/lh5Lh8YN3AQ55W8OPsj95EGGRxs8TElX8n7Iec1r9RL1u9xgtOcKWW9Wugb9X/L+SHvoAcJHdOKNn6XItrIeeroYxizzBN0WqwFdWzvcvsPK/W0IYuig0dHOKrUCUa8l7XRpzD6/wPH326axNjCjwpej/GDjzTyBJgBvnvAGSBgRKkD822k9F+0E374rHKfq/iSJSUvf1UpM6E3OFXSg8tjjE8pZV7mJzhjbFvzSvkELAJrbOQ5bbqRX/U5ivoiDyEfVFwqmBNsWeCz4XVZ9zgvA7l6uNAaWRk+GOwEeot+5XrOOr9Q7uHLkbeXSn3Ati4o/RRGlHIict0x5Vq3rJS9oSl1RY+wee5WHTy63VHTA9wS+vkTJUy7Xu8rxxHvsJFHHoELAJuHDBJxvtfwWd0+6y3wFOD1go/l/ApwDt9VRw/3tQ6duva7LZHn806ayKtdF84QAHMZaYN/CD/K4E9CF/dR6ados23l7e+kPHV9gkaPHe9X1eFDA3PzK+rwFFdcZ+zhcyX/B8pvhnzFtIlnIdfGHAw85j3lOTHY0ON3rBNHlfPlphJXPKy0iYOhj/wOl+dHnPdz5bdc0JvOKL//BJaH+TlbQsXvwyd+1XWKvkFPE/XZrY2Y+wjBl+wq+eF7uUeJyY74T5TftEX3DwY51u9Lzv+i0vcILPUtlx95xxg5r/TJPa/klWOc3vXz6+5f+PEhp2ffPK2cm5yFHPSMebVN6bOOD9ia6brs3+DWFsv9lNOAIV10f60r5S/2RWQx9hf4SGRV+Hr0VuA70a1EP+O7gL0TPwLWzuMlX9qAPM8ZR9XXi3UVey7P2XPGS/9U2wFtv6XkyTiXiz1qws/Qz62X99jvoG3k9Yn7Hzv9jMsGqw+ugL2F/WRFeZbGVEmLLmXK6ekz+AywVvBia34WaXcr+Ul83JADT9lmhjwE//SO2xv2hytKvPDRDv27wNjGuhj5YkOJvK857zmlLRS+qVspB7FOX1biVJDX4x49Yb+Sj4AnWlXqkvHz+6pSNvmOUqYxL9PV8CVdn1fKAvhnwY8iF/WXeg8qZYU15fmx6PP7lLha9K74l8EvLmsjtmDC+YMJ6FfaylirtittU/Dm2J2wp72tlDX2K/WuzGl4nJGSH3xur+NFW8DZrCp9l7Ez73A6rueVWBnkYPTc2N6r3Ikupvq/YR/D9w6MBm0NHdTnXc6cNuJrsMexBkFr+CT6ET4V3vdo+Y1cAgaC9ZW1J/L4RIn7mXJ7wVXhI4Vv4KLSv3C4hENKvVkNJ5R2Q/pkXOmvQTuqDg9ZpMd9DW6c84j7St3hycFh9StlFXh8aEL8KPtNpQ0z6n9VaRc/XJ6DsUIHsL/kN6yN3wPZrsQKgZ2ZUeq/mGfstfQt7WF+MeZ6lDiUGGtVHqPuYIXgzbGj0Z/gnPBnRh6cLbQdVcr825VyG3gmvuEAFmKXNn77I/oqxnHwRHc7z9rf1Ave6olSRgi+rVkfumKMva30h450IQ8FD/ChEluBvA+mGJ79bud5+7xe9PmxR2HvxE4a+on3lWvnWdMq1g7sFuDfseUsKGVZ/O0YF8x5zh9bU+JXscNU/B3YOvSk6B9ZEyruLOgK9gRdLrpexu0Jpd4X+ld5twZ4ioqrqPoxnvdrI66FNbZiaMDAvabUVVV8XNXxsB6gcwZHAlaEdX973re/+wZOC70L/E60v8p0s8q9/rrrfF15ZsKo8pw15Ih4j98PZ8BEnCvOK54tKWUDzsECG39QaafmDBFsMAtK31nOvGP9RH5cUPqmRTuDZ0C3Oao8Sw97z0GlDRx9AXLJNdf9e05PXTm7Y0CJw59S6nxXlLpW7Obooq4pv2Ez4TKR5S8obTmc34XMGvHOl7LwO7hoOnBmGj54F5RnnmFDvKxce5YLTe8p9XZcV5Q2J/SPrA9XHeeW8ryNqD96dezfJ51uzbSKdw9K351T2mBvuT2cPzdQ4lDPFZfDt4mWS7uu+P6S80MHw/nbQ8pxM+t46F34ltJZ5ToQ6bH5DziffiVWYl5pQz6p/FbsJSVvj89HDZHmiFK/iU0eWzDywajLnC/1jrzxDz6t/NZo1WesKr9hXHn/SdNrRXmeyITSVwae7k3nfVZ5Bi+yDTou+No15fnD6GnPmxaRZrrQ4a7Sz2PF7y8q5xTj7bHyzOpZ5ZyKtjxQ6uaQcTmTdd33V5XzG99FwqVSLv43K6Y5upcR5fmC+Irg53hSiYU5qzyzl3KX3R7Wk9v+/URpr8afAN+EaEPMpVjH0NmtuC8vKP0uFpU27anSlytK3BZ7fNSVtWdc+Q1SzhaP56fc5neVss5F9xdzccE0GVXiuheU2NIlpe/emvL7ihcchzbF81W3Ffrcdx0euNyzSh/Uq0q/f77HOlHqf9p5w0NEu8GlPVGe07pNiYtaU8q+6JPOK885jXbfVWJu0F3Cb4CXmC3lnncdF5S43V6lb8kd5Zl4N1wvwoxSXxr5wAfBG4E9WVLuS+xztx3/qvJM45irc27nBeUZ1+wT60r73pzT855vAqFbvahcz4Jeu7TRp65fKQs+dvnoENE7YSdj7UXvh/wOXizK6il9Nq/cv665HlUnwxqyqDxnc0jJk0Rf4m+yXTmfVpRnnmMbmlLK/4tK/+3bSt7zuPKMR/KPNiGvxLhjn0WPBq7xsPM/o8QSIpfOOj3n3PKtLnTy2LTA1+FDj437uPI7xrNKv7qj2qjDRKc+6frcVJ5pcl15TipzkOuC8tsx8T7Gwh0/Yw+8ruRBLro/2LPh3cD7Mb7XlON8RmmHXVWuwbN64XP6Au/7/7X3LnBVXXe++Nr7bM5ZwOH9ElEPJ0cgBAniEY6ICAIiIhIkSIEgIqLikxglxloHrTFGjDXWJDVpYhzHptbrWLTWmjSTJpOkaW7qzc0/7eRmMpn0Mb1t+kgzvblpmsjh/tY+6+va0HTmzr3zmfufe9eC79l7r72ev/X+/X5r7Sau2gb4fm18/DdqdsjnM1zpzKEvFmmRayIb+KbVNq6+lVnBx5+xLdKG+RrqfpekJc4FBU/yiHQreOSnuTrjrpers74HpD/Rt4l6fJSr8/WPyzSckc84e0Gkw7me2izTB5pjLIJsE7QQbQJjjZMWWIsdl/nfwdUZuJjDYmwclHnb5nh/WKYJe9pEuOgj+7g6Bx+yMbTxbbJsULdwxtE+rtoP+I4nZHwinv1c6Xf1c6Wbin4P+UcfCf0mYXfKEfYZGecAV3pdqMdon5g3oh084qB1OVdtcZCrb2Rvc7zfzxUfdsiR136uzgzfwVX/BzkCdGbBy+2U4WA9gPFByHDKuJr3Yb8K+GsnuZo7Y43Qx9W33sHH65N+wFvdypVuXS1XOpHCH+QKgzL92GPXL9+3c3X2OPgz4GUJP9V8/LrsMFfrecg8GriSV0E2j/4fckuMwZBDooxE2nGWdCdXfTXkso1cfeME7RNjmHh/Wb4X8Z3i6sxKIbOD/hrWyZhTQeeyn6szlqHzdpmr8RdyJawDECfqn8h3jrT3c7XHE+jh6uwBEX6Qq7N3e7g6g02UY4Crcy+gbwadnBGu9oSWc1X/wPMHXww8RPAlermaw2GvKcZv8GeEu6e5kt+Arwj+Z4iPPzsJ613oHEF2i30+4OVAH9qpt4m1GWSxjQ53zv1KznUVzuAA3wdtCzIHyErxDRTkH2s4yJTBu4EMCPpJSDNk1ZBl13HVVkATfJcE8rJervQw+7g62+ISV3o/4DeBx9jPFT8W+Yd+FMZLyKGhfyTeg/d4lKt1BvQC0L9AFlPHlYwFvGvo90JfQIQDGUOdw494j3k6+K9OPVacg4o9sMgH+NUtDr9YA7XINBZydU5bA1c68nVc7XVp4OPrM9KLOiHyHuSqb4B+PMoFegSPcDUHEXbgvVU77M9wtXYCD6ydqzNmcPZKEVd7E+q4OhMQaxzUech9ex15Ac8dblHvoS+IPV7QD4G89iBXchDos+KckyBXbVGkCfqPmKuj7SOunVzprdc57CB/gf4E4oK+VwlXfPU+rnjfkN2g3wdftVa6h2xOvHtd2p2R1w18/PmKQlcAMoRCR16h0yf6RfR3kPWgnUHXV9DiGa74cdiDg34aZTAg3Z+XfrAuwd4D6PNBP1nQZBtX9WuHtA9xxf9BndjMFX/8GRnvoLyHTEqk+XmuZImoF+h7nW2xzEFT6DJhzgw9g5DMQx1XuhTgQzv14VG3IOPdJ8M9wpWsE331I1zpnE7c+4g+uNIR11MO/yKOfEdYws0lrvYNoN/BGVui/8AeTuEOa9ZHuToncki+q5X20D2DjHyAK72vfOkGaRH3x+RzN1f6XI/KZ7T/HK5kTDu52reIcXiIq3ZZzpVuoEAmV7II2MGdoB10FNCvQNcWdij3VEeZo05C96qOq33e+7jSR0RfsIsr3SfIudDfg/cO2RrGAvSV4vksV+ciYd8rdLKxR+QMV20COsuQL2KPB+YNuIf+BOoqeMWVXH2vE/vSISvBeAVdVVOWgyhHjMuo2+hXcriS62FfKdLg3HeJdjDAldwHdRC0RRvDfmzM+au50nkEf0/EgbFgkCuZI8bFEq701aCng/XJI5ImkBOBjme42kuLvhzj/Vqu5PDYgwBatcswsO9W+N3GlRwa85dmhxvMS6oddoVc7cEO8vH6PJBjYWyulvmDzkfRBDcifXkyL5CFOOVuJVy1K8zPIOdp4ErHv5grvY+dXOlzQaaXyZW+BsYP8ezj6mzEHEknp26SU97fx9Xc0aknKMocZ68497WAXgXy6vSLcqh2hAW67OTqjAnM+yB3Bh2hU9vsyBf2NkMeiT4G/SrmHmj32CODfgdjtlhLYB0n0iLGAFG/sFYX5SrWUaIvPs3VWZ4izaIdoH+pdNAZPJ8srvpQUVaCf3eMq3YB3ZcGrmT0kJdAf0PQKSztfFzpYuyTNHnDQX/oFGLvvVhfi7aG/RbC71GudGyuyHiwvxX0Qv+D/WF7uZrTn+JK/wTliL5RxCN4UlO5kunWcTXPDXG1j2onV99Dxl6jPK70mdF2RPyZXPUvOAdG0I1zpTvCpXuhDwPd/UL57jRX3zgXecYennKu9AQGufq+8XFJP5H/wzIOyKAgtzvI1bdLMQY5v800wJVMQ9B8t8zXNemuxeEOcs4NXM27IBcGTxvrcqeuQbVMA76jupOrb3TBz2GHX9RX8H3AMxmU9wcdYQOHueK573eEgyvS2CnjP+qIF/POIUc44OEgTSe54vmCd4bw4QY62718fL52O8J18s56uJKV4R14iJAjHHbEg3s8o9zBa9oqywfrZbRn8HmFn2OOfIAPh7NfMQ9BXAOOuDAXxNoF9HGed3pIpgl77SHj2+EIv5cred8uhz2+yeKUxQCi7gv9LcjB+h3usR4S9+WOsIZkmTnpC3ks2gF0IyDr3TfhHnp18At6gQeFb6w46wTKGnIe9EmQOznr236HP+jhgR/Y6whXXNc6ruALYu2CtUElV3xTpFe4eZ4rvijglMUJnHDkG20a4e50ADKP/Y6whBvwViAX3clVP7PL4e6QI8wNjjChbwSeIuS7wv49rviOI1zxTY9OiGezzJdI9xWuZF9lXH0L76DDv1M/AGW/Qbor56rvQd5BK8QJHuhRruQtuyYA+yGgB7yNK1k8ZMY7uPo2ldP+oAw7xmEPGZVTtraTq/YEWtc56ANZH3gy8If5Lua60Clyhg1ZLebgIl2QvYg2gD0V0JfFfrM+rs4q2CndQY9zN1f75LEPBLKmWq7OkgMvJDQhTOiPgLeD/W1rudpDiHXYZnnfz9V39rDOhFwfuorgTfXz8bxIyEDA98NevF6uznXAmOPc3wK+JuTJzjUK8gJ5LL6hg/kg3jfI8Mu4qp+tjjCgo4E0ovyQfuhxYV0naFXIFZ8FvC3oD0J+jLNNxbOYH0L3HfMp7BPB+hxhY/8eZBV1XPFzoeOIsb+BK1k3zu7B/Bd8Kiegd4h0lDiuGOcuy3wc4ur8VugeiLj3cSUXgmxb2Im2Bn6IuA/y8bxwADzrbscz6gnqaL1MB/jIvQ7/B7ma1z3vKCP53tYpRV3DGh7z5d1c1aHNjnunXBb7UXEuI3QhgfIJdvCPssD7RgcET0nw3kQdPiXTCr24qQ6g3oj3Yl6K8Ry8bsgZvVyNR+1cndPwtHwWYVXIuB6S/oQd5KrQPXDqUvu5kn8LtyFpd8TxjL34Il1iTSLm0ZCX5Ukg7s2yLC/JZzE+Qv9fpEfo4b7C1ZldQa6+GyfCwfm10Gs9wpUusnA/IO/z5bNYO5yVdgGueBDQNz8n7Z/hSu8+wJV+YLGkcTFX++3b5H0iV+cxQq71jEwn2hvqTkCWXZ6ki0+Ge1SWh9j3D/0E7K0Drwz9cIArPmseV+0MumrQGznCVf+A8jzN1ZwMMrYBrvaSi/T3c7WnQZT5Wq72Cgr3WGOjPZ+X6TrF1XrE60gjeP5TuZJj5Mlyf46r8QjyiAqudPuhb4Lz7QD0YZg/gg+wgSv5OHTusfcFfIadXLVPZ7/d8yn20MfscfiFHkHdhLCgf4E1JnRi2hw0w96tkMMObp1X6FLiGWEWTPBXMCFsJ9C/YG0BPVeM3ZBNi3yAx4g6hjPVN3OlSw86NXC1foduJnglW7nScRX9MvjEG7jilWFND2BsRbogB0KbqedqXgRZF+S06N/AIxJuIedt4mrMHpRuIFeC/BHjJOR0ZY54eia8wzP0pQRtIJ+GHiT0SqZypSMg+p7jXH3fCW6d+32KuZIzYp4F2R3yUc/VOWeDMg4nXxnrffBjET7GHaDP4XYDVzw6yFK7ZBnVcnWWlpNvjjMfnHJlyBvRhlB/dnIlh8AcF7JRp0zeOR+dKAcHHxnj6gBXe9VrHWnqdJQR5ojiijM2MedA/YasFuPz2glhYn8EZLfgOx/h48+qhnwLOlC1XMmbwC9o4Ip/i7nABkc8mEOe4UpWgv1H4AdDptjElW62c2zFPiWM2cIOcx3U91aHG6ceQr30j71teFfI1XkKuBdXMS6BFwD9HKzFMW+F3uaABHgPeB503A846LXb4X7zBP94h/U61nxYe4DH1upwe5yrtTT4HU4ewAau5KPgsUDfCzwNXFFHnPt9sE4BHwN6HwGu9O2RRmc9q+ZKVwFnW6DfQh3B3A7fzxngan+xs+6Cdwx9EcSDcRUy9BBX7QV6vo1c6WmgbUNGDDpudvjDWCLiwdkOqFOQMwHCH3SXUDfE8xNcyd8f4mpdJN5jbTTA1RppF1dyOMiQD3DVL7RxdV7iNq5kjuCPoZwhI8TeLPQjoCNkA/1c7R2H/gt4W82OsDG3HuCK3wydngb+x3xU9OeibYP3cUqmT9BLnEFwniudJ+w5Eu+xBgMPHvwu8GWhe9vLld63iAM6W9DfW8vV2f+Y+0Huj7aGPcO9XOkSgfeKvbLYR3Fc2h/hap17gKvzo7pl2o9wVW+d+ygQLsoV35g/zJV+lUgj5sLI+wY+/luBGJfFnP0Jrs6uE2sL6J1irBJxXJG0b3fkBWFjH1g5V+29n6s9hcjnWa5kiNjLi/FjPx9/NmWvdI+5kogX8gDodGH+hXIul/GiPoC/gz0Yx7iaZ2NOAr6TGEuw56Ceq/NJoZMOmp+SadjhoD32/MAeunF9XOnpO9uAU4eyi6u27OQPYVwCfxnn/GBtXesIc5e8B32hm1gn83DUER7qSK/D3Q55BR/b6Q5+0U6xJwn34NNgjrNP0gz6KdAbwN6I/Vy1L8qbIdxA5vaa/LbaVa50JLFvDXNvpxygj6tzScHrauBqXBN1+whXc3qsQ5+SYZzhat4MPfU6mRdRbi9x1SZF+gVPAPs/wMsBvz+Vq37hGFf9+y6Z5te52nfzCh+/zjwq3ZRwxQMVdfc5rvZIIo+inb/IVZ+NMeY0V98h3MHVXL5S0q5P2mOfG/ScoBeLs3Wgw9zNx38P7QhXvDNBl2QZZr8Mp0Km7ZwME3NbzC2hJ9/F1Z5r9OnYy4XxdYcsO4yZIh6snxu42qcGPQfsidnL1ZpY2L8s0yTyIPo1nMXSytX5sdCH2ydpgvUz5jciP/myTBtlGOgTMf7XyfRinY82kyztsW9rkKs5GOZk7VzNAVu4OsNpK1eyO/Q96FNwXyvdY76BNWoFV+f6HOGqfuMczrWOeHZxxTNGmTvHOegI9zvCx/wHuqaYw0PXBfqLmGuAj4h5bhFXetz7HfTB3pxePl7vx8njxrpItEWsN3u5Oiei3nEFT1T4OS3pBL4o9DhxDh7KEv15nePeWY+d+nUPcfWNK6xNsFcaujvQzUh15BH8boQL2SNkpeBnYz0FHRHI5jEGiDAuymsxV+Mu5mooS9AadbvfAfTheIY+kkiLcyze6nDvDM/5DPmL8zwD6CtDP9ovw8P6qtXhH3MxPKNdN/HxaZ74DD1pzCeDMm39EyDSI/oMzBOmOvyi7UJGIcoKelUYd530Ag93Yhwl0o1It5BVZEzIfxFX7QpzYSf94Q5zSciBQLPNMt2YD4InA90ttEfnXol+rs6oAi8R4zbGDJwbUMuVria+JZDF1XkC0MvN4Oq7HaB3I1f8XshlwFeo5+rcUMhowI8X96lcratx5gfyXMvV+CTsD8tw8D2oaq72SpRxdUYo9K4SudKlAR9lLVf8iHIZziFHPMVcndl9SKYhk6t+AzwHnGM6lavzIs5wtV++hSu+u0gHdJiQJvDw0KeAF4S5MfYeYjzNmRAv9N5Ql8HH7ebj+ZrQAemVbou54q0jz5AfQe6A9lvP1XiH9IKfBV43+Od7uZJ3TOVqTxr06jA2Q04g0pjPVR0S4UPXQdCs0JFW1Mt6rs5Xhs4X1qToQ5FOZ/1scJQ19Dm7HO+qJd3Q12Y5aIJ5BXgE0CsMcnV+EuiNb6bhDBB8r0zUI8gWnTzoMgeN2rnSPQ1IP0WSlggX55JhnxXOugGPFuc4QcaDtQn0KH0y/DJHGWE9PJUr3WjoE4K/Cf3hYq50nrF3C1fwDDFWgjeT5yj/HEl3Qd94B43AQ0vl6pwu7NEUYYpxO1HSLour84rAOxZhiPlEiCs5G74bg3YAuRL2gNQ7yhA6sZif4jpVxlPGx3+nBnxSpAHXXq50XkVeDjvKM5+r833As2qcAOiEF3HFI2p0lCf2OKD9Fsv3qY78QkekZELYBVzJhybGi70SjY4w67j69hqAOifeJ8srxggxz37GEWZIllmmI8+AyZWMA/0N9MKhr9vscA8dasgtm7iSIwYd/qdKWmDuVMfVtwwHuNJ7dso+p3K1ZwL9bp6DnuLdWq7OTingip+Feo/+A3LnIq7Gs0EZNs6ohsxM0PJRR75gj3Eca1qsJ3FGPeTQ0OVGeUCOC31xzAnQz6KOtnD1XT2M49BzAB8ddEA5QgbVx9VexFo+/huHnQ5/0DPGfAD9HM63g74c+i/wVKHL7OSRhrjaN4R+D2tJ9PkYM7DnCvMP8OiDXH1PDvUN5Y26g34HeaiW5d8q76FTj7aP+RT2FWGMquVKnxeyDIxvRXy8rjb0HJx77ZAOjHNNjnAhB0Sfi3gg90fZQ4e42EFDjIHOeoH6hfIFTZBezAvRZlDW0JfCuh7jOMY+jG0YHzC3dMpMUU7g61c44nKWBXjkGIMx1mF+gvldLVd7ixAW1uiQaQa5mhP0cTXeQb8LevPoB5FulBfChmwWMj+sMUKOMJF3rGMhpyznSncN9Vq8C3Alm0IZFTvyBHkfxkmM88hLF1ey5rVczTGca3Sc4420Y825javxQoyj4F055Tg4+0Dk9ZoDP+YRvlRYPocn3L/GI2cQh+X1HXn/jsTPJ9jDHeyuyiuer8nrR9Luownu8e4jh/tr8r24/m6C27d55NvkeF87wa8zDCd+Lv3h/pr053z/Q3n/tnz3M3n9+QR3oMFP/0Q8v5ZhvSnpCf9vOt7jma4GzfOMzIi9uBpu6e5D5c7ghCzJd31fuhHuEyP39jdA3o2k13brlt9F/Fnk2d5L8VbEvR0u0v6+pPHPI+5tv5aM52OJn0p/70n3H8ty/4DsmaT5ezJf4uzprfJs2KuROO36KmiK7y4LXp3gC70or0Ku8QpX3/Q+J++FLAM6Ua/w62dd23kXz2Itc8rhT6znnpFxPCKvAs/JuIS7s5Luz3BVXy/L6zH5/tcyrEsy3POyPIV/oav1skz3iAznaUfYL0p/26S7sCPtl+X9Ja50jZG34zKcS9LfOzL8AzLMV6X98zKdI9JOhPOUw91Rrr7996hM03HH9bh0/zZX3xB/hqtveL8k78FDf1rGc97h/2WZ5vMy38LNT+U7lDHK47gjHvhHWCKuE460nuPqu0BOnJf5FPfgH4s8iL5OjOvY8wNdZ8jEMVeBXAuyfsg7wG85yRUvE2d1QG+0lytdW+ccDvwQrK+6Jb0g1xNlJMa9N7iaY2Bf9jE+fp8/+OuiDgr5A87GG+SK9/9DrnSYL8v8N0saX5T5vSwxKOkr/J3m6izQp2RZogwgW3pKhv00V9+UF+kU7UvwTkV7eZGrs2FelfcNsgxRHw5Lt6IcxDhzyFHGfRJvSDdvcKUT3yntHpXXSzKsq/J9t4x/kCuZDPZxiPBHuDob6Zx8f0DmX0C0f9EPV8qyFTSCXupFmX9BI1GXT8q4dnF1TtQGR5mALw2etpPnDf0u1JnjjvKr50rXTtQ7yAXAb9/N1XeVIAuHHAfrDMi8oCMBmWQ/V99JxPyojquzR5z8ZsilnfJe6B/0cVWnIKfY5QgP76FvhzV6twPQm+jj488Bgk58q6QLeKKQcaG+QV8S+xs2cDW/B08K/DPRViHD3MrH81ugY4f1DXRwMc/CvLx5Ao5wdU5ELVfnC/odcSANrQ4UOfKE+SD0nz4NohygJwq5Efjlu7naGwXa4EzJZq70fLAPBvoX4FNgDQjerLhHf35RhgG5B8ofMg8xbmdyNafHWQSQvYg4RXs7Jd2IOUYBV99BKXE8Y84a5OqMrv1c9TMir5DtgqcB3sOgpDv4TiKPgneBdSJ462jTDVzpKmLthLWOl6t9++XSfSpX6w3wvru5+sYOZJpTpbtirmT89fIa4OPl2dAnEWUC3SnI9LCfw6l/Cv7uUT5+nbNP0k/QcUj6y+JKFi38PCTL8zJXdbDeUY7gn4NnDB4RZDfQ2YWeHuQXIr3QH2+Uecb3eqGnibUZeGgijKtcfcennqs1K/gs0AFr52pfLuR72O/aJq9clgP0cZOlXZ68JssyzZD3hfLql/n1ciXP7OSKl4azmjCGg2dkcfXtJPADsab2cdVnYF0ekv5F2KlcnV1fwpV+8AaueN4i7ENc6bTh231YY/ZxxYMVadvFFQ8W/AjswQlxxUfA+LNVph3yXqzlA1yta8GLgH4tdDerZVmgfoO3BH4BeHvFjrixrod/8Ju9XM2v0KbBC8/iqu6if0/k6psExTJt4AUhHThTvUzSWfRN5TJvZVx9Vw28b4FkWT4+mR4vV2t98ICccowKiYD0E3C8g34e+LfC7wFHefU50gveF/SkwZsGTwfndvocdAA/CmXp5PtA3xbPbZJeOKcFPCCBGPlehF0o48HeFPBfBb1NrvaVhyRtnHxSyKydY1XIEZdTVriTK3kOxlOnnj9kQE49bfB0MU6AZ4f+V8RxVNJnK1c8RLQ5nAEg6qxoe5BvgZ+Cdr6Xq74dfFPnHj/ECxkJ8gpdS+yvGpS02s+VvK9JugHv05k/tBPwOSGDPsXVHglgcMLzP4Wyf4FbJxK52u/rtC/+Z/yB1zkxzU4McNUn/a+mbyLQjp53xO13vHfKOcCbrZDPlyaEhbRVy/JzyskQzlaHe8ggQ464g1zVPyfAm8QeKWG3z+Gv0PFe9IGXuTr7D/1NgSMcjEnYNybqIfa+YY+kc69AE1fjr2gT0Pdu50q+O8jVOSuirl/k6lwfjPfgwWN/IMZnyC2gg4g1CNqPnysdzTcc5QBd00E+fl3Ry1UbxPgAucTTXOlaOPdfQvcKeohtEwB9F+j2tjni2cHVuZK7uVr3oE8AvxT0dJ4Lh3WUUwca9MccE+snUTewB2AHV2s/Z7rFeI69Q1g79Tnc7nK86+VqnrmWq/MSoAd/gCu5NnQNoccEnoboP/dztebe7HDrPHe9gSsd7SNcnc0PvbPDDj9HuPqmAXS+UA7Y/w+9MdiL+2Nc7Xc/Ku2PRPiGgOA/OZ+v2ws+g+BNgjcl1umnJUS5vsLVfv1XpD3Wls4xHuMWZPbYD4n9gKiHYryErBTzDchzINus52rNhHvRTp7gas88ZOmQ6VRzpcsoyqGEq7Ui1vjtE4D9RPjGgvMd9E8hu0QYtVzt50Db7pR2kKFjLBBuhrjSowYvAXDuW2vi6gwu6PhgPd/J1fzYmQ+nnM6ZdhHXKQdNW7iSpTt1ZZ37vBodYeHaMuGdwAZ5LXe8Bx2bJ7iFLLhVlnWXTFfTBDdOuXytI1ycX+Dk5dQ64oMc0hkn5IL1Dj8ijIAjbJH2oxPixNoW8zNnfNBlqp2AzVydN+iMHzpRkNehT4Obaocb7LtpcYTljBPuGhzhYd2J9XOtI1zUa4SZxdXczBkm6CfeiT4Ve3agZ4o5G2ixlqv2hT0og/JeuHmEq7P0e7nifTh1uC5xpT8o4gW/Autl+NvKx+tOZnHFR8E4e4SrMeYSV/q6GJuwDkSesV5H2JD5Y4/VDq7OAsY44dxPEeJKJiiu6PvRD4mxGvvHRDrAx2x3xNfJ1XeAsfYTfQ/037APCeudDdJ9JlfrNGf9gm499pvUc9WXgq5YJ5ziau4P/TnI37GOwdp6LVdn/WHNIuzA3xFpwTwLOmJYY0FOUO6wB48MOjzgeWD8AE+WS//QYRNXMT5CRyrE1VlvGEdQvuCBZHLVB4v5gFMPLChlgBVcfX8LtPPLsi6TYVzi6lupmNegP27kSpf+OFdrxkpJazFWPcXH733t5Opb09BzF33Qi5IG4Mti7ij8iDZ4kitd5AH5Hud9lcg8PsfVGT/YTw8aoc5f5KptQP71MxmeaMsHZTxXZFx50r3IJ/TujsgybZdpPsbVebe7JB2gr4r2CR459pVBTyTIFX8XeyaPSr8PccU/PiPvcW4F9lVh7fS8TCPk8gNc6X8/zdU319Y66D/E1XiKPX8buOIF7+DqLD7nvFe4yZf2u+X9Ca7O9RX1Zr/jPfjsaIM7udKrQj3A/LdJphf1MJ+rMyGgi408CrqLtnucK13dRyVd0Z8IWjbLMKHrOsCVHpy4v8jV95ixDxBtEnvKqrnaT3dUph3pqJZ5ep6rfbnYDweeAs6kRxke5uN5SphLQXcIY6jIr5hvQu4qZFYvccVXQ98PGRD89XLVP5+VYZ6RNBDy2PP8j/ux3Vx9z+qgdPcKV3PwHVzNmbD39YeSbtCpyeFq74XI2zkZVoirs9xEeqdydfZWC1d7zXxc7UncyVXfZsnyFWmO4WotaXGl33SQK5mWKM8PZRpe4mre0S394XxAYXeJq/2QkJUgj5eku9e4kjtBjwpry25ZPhjjdspwnubqvCP0BdBZxZqsj6u9ns599NDDQZ2HPfaVDHG1thvhag4BXcJurvjl73MlS6jnSpcO3yQTdSSLq2/S4LwzQScvjRUBrtoF9rfu4+qb0se5qg+Yz4DHhX5SpA26T+B5gQ+CeQr4o+BpQP8MPMg6hxvoWVdzpXvl5FVWcLU2hwweZ5Sg7U5E36fYDXC1NwBrHZzFUMGVzLP+UyDqK/jdTh4S2oNI1zNc8UBEPpy0Bs3AdwQPHGcrQZ/rBFe8fud6EPUV6YV8B+8wrynk6vxVcY9vROziSo8dvPxkrs7aQt8j9G6ETgbW+6K9Ye0s+rl9XOmoPsMV37NNuumSbkTfvVtescaETgX2GuJsdeiPbuDq+2Ei/2GuxrYNXLU1jDMTcZIr2fBWh30vV/LiTq72Soj741yd3YD1Oa6gNdYVmKdjD4aoez6u1sSoc1jbYI45yNXcHbLirVzJSJq5OhMQPCXUV6dMrVb6FbjI1Xl5R7jim5x1pAfn9IBvh/16CE/gHFe8LcjmwbNB3UKaMM47966Br421/qB0J8IQdQzfuBQ8d1EHcfbcKQfdQQtR7mLMFGNvsUyLkOOK+hrgSj+e+mc3hRtFfUYUXd1UHm4qGzeNiRbWFATX0ci3UKFTY+vBifQLHbnXueL1v8PVXjSRppck3V6R9BV0gp6UKP+DXNWf01z1Uagr4J+Czz9VliONOy7y6xJjkuBVOfdJZkogj/4/AbxH/4f6wCTwLMbShyLf9HX9BWF25GpSP+aiduKi8cwk/+b7EdjPNPYYRBuTxmRTPFMZmURTs17iCQLRyqR6blAaDKKfsYT8Ek0NauemoJ/QMSTauL5LZSP6CxpzjV/Qu9SILqC4uk7L8Kiszf9ImEGgMjRo7m7eTlhIoLyaVHZmkfyWrXhXEfEvrvY4eTkSl7meri8Q/pbuqf80/5ruKW6D5jOuQpnuuwivRMY/4wLhJnreGMmHSeVoriMI3ccfEeTcw/ge4ScE8hf1K3q/OJIf8xcRWrtEeqi+mVWE7eTuH+k6k/CP8v42ArUJc4Gk53Kynxqxt99XRa4u8Z7qvPl9ArVxMyuiB2mHPZlA/UkU1UsXpYd9L0ITOz9TI/Sw0yLsk1TdmlhP7HpH7cHcFnmPq6hzUbIt/bN1TdrbcU6op+YmQg3F8Rm6fk1CxOON1BeT5rrmrYRbCP+J8HXpZwvhiHRHdHBRezepXE3qC8wp9Hw50rbtvmhxpN27XpNtXrZ7F8VvLeaqT5P5wtW1hzPPZbOYMbOO/a35C3aP9RILWiHWZDE2M2qUbTS+y06YbWwdYZargVVGtbHvG8+xY/T+7+l63OVmbnK/ivBlwgBhOaGQMCixgbCO0C/cC78iDMC1j93gOc7WR2WwSdZd7EnrQ/bZqD10dbMnXf+ZPRm1gd0RdR970viYPWU+ydKszew517fYc+5f07sfsCfdCWyztYGexfUx8jeV3WJNZ6lRn2Fftf4rS/MsY37rURZrrSQcYRWUj2+bn7BYuvoo/m+4WsZ+bSaypZbJOqwvsROux1mfdZyttqawPvM2NpPu+6x17CvGfxQYe9f1PDsp7t3fZifI/oT1ELklf8KPeZmddFWxHPMQu9nqZ4+4nmKeqIfZZNc9LMH1HeZ2nWU1FG+c8XfsEl0TKP6/tuawm40X2X1Enw/NN9nhqOPsC+bHrMjGJ6wu+hhbYWWxZnMvW+HZQ3mkPJD7LwmQ+wcFXCXsiCX7OfOxsY/dM1mLnY69rMuzhq0W8Yr8y3J+i+K62y7jO1g3XeMpPd90PWT7+QtPGrtCZdro+gmrpfR9R5SzbdfCmCuO3SXKzPweayLUmz7K+247n7V22Z5kM8i+29XEasl/TdS7rNI9QHXmXVZH5VwaNYllfhrc32XRotypzK84Yfx+7BfG79l9dH2JrgbVi7So16nME9mWiYhqMxjVgXpK31edsMud6odVSfVTlPGnwP111mGX+5TxoPL+AZX1Vrr+B1H21grKL8p8Aiiuq3StF+XuhCh3qh9fEVdRb6jtpgkaXafh99g0qn/rBe2JnhtFmdvYwtLNfpZm3M32mfWsTJSreS+l6wn2W/v9LlZJ7914b9zBMun9LOtz7MvjaPsi0dZBU9GerK+zp4imf0d4nvC3oj0JugITaDvFblOyXdltawKNAU8ztWUHbNoTnOmgcnTGMUXUbfhFG71eNi4CtStRPp47Im3yOo5HQOVyhfCXri/a7fMXrr9mf26Msa/Y5bTO0UYV6kXbQDtFW/00iLbrhN2GCXZfNUB9DfVXritE034WL/orkT/K5yRrGbUTBz2tTeRmEXPZfdZ9kT4r6gSVh6iXot4Luq6nvBOiPmJ3if6K4vha1IvsimcBYSe5fYDVWvspnEeY351Dz++xOzzfpmcRvvAr6LWPbbc87HHzJ+xxq5zFgFZRR1mS6zFq6/eQPcH1NbpOYVHUR/451ZfHbbqIq+z/XFNZrJ3PFuo7qO+yOtgh66vscfcswkry/z5b6nqb3H+R+rAe9ueu06yR0v24KGfQxHqDTbPrHJVn1CGiC5W3KHvRf1vfZ3Hov61U1jSOHn7qiwU9VipauPOpv6X1oB2+e2x11KGxPqq3fe6EsResleF33GzsBXoetevPG2yNVcPOWhk00XuCDbj2sk2uQbbS+iybbz3IththdkbUEdc1St8+9jXrJma4hui9oMHH7Ca6nnKdZxutQ2yt625ys5s9TP3OBpo0Tol6jT3qLqL+IMweM8JjvyK8Jd5fB4Uh3os0iHhFnOYHLN89zDa5H2Zt7sfpOsyWuu9jiyk/leZPWaP5OttE5dVGWErPBYTFhHpC5P1PWcP/rDsaz/+K+hea5xg0x2R/oKtYS/yeMIfbekr2XhhyYwj+Nc3HXM+S+7+jZ3JjPED3N0Wu9hyS1sAGraXMJUS/S1HLDea6zV4TiuuI+V/Yg2IMovo2YiPEThLuldgcncGKrbA9znRR/ai0VhFtQzRGvUhjXojKN8S6PX9L5R+iehqy7cQcYapwY5f1e6zQM5PdSmPPt6yrlO+HmDt6DqO0M5rf2etJcZ0l1w93cXX26SK5FvkyjTnQP9sr332e8iTWHWsINK8VPAbjKpdn+JvT7HxDX2CBhFjPdXB7zW/LE8TcneZr18/8oHmbvR77IuFBwt3yXqx1vsvH7zuIlRgQNORK/1bEt1r6F2ul+ymu2yLpFf4NkTexhsjmEX6vjzFjv9nNzpuHWdC8Z+xHAq5iY4X5A2MGjQ9Dro1syPwDXaPZPROfrWYWIuwj3EptLi+ynsBa0yXWMFJ/TOyBEmsPey3aLWlN6z9DrF/FfPp4ZB11/TsWYh0o9cstsWdJrGvFerIysvay3oq8t/c+Cbf7ZX4FD+kDrs79EOtHwVeE7reYk2PfE2RI4ImBJ7fWcQ955k6udC/AlxM8KZy5AV4R+OzQTRL+H+GK394g6xf2qfRw9c0C7PUV+Re82FOSHsIPl2nA+Ygi/Y1cyTSKJLxcndEDPhnOE4O8DLydPJnmWq72/4r7J7jSS8F+6i6uZDnQcT7D1X4P8AMPcHU+klPnGzIt7DXP40qntogr3s07kl6irQjeNfTOod8E/WUByD8gVxZ8t8OO9xkybKyvwEMQaXiOK14Zwurk6rs1OLsQ+7myZHpQxptl2JBpQCennyv9w0yZv6OyzKAvhvzs4EpXr4yrs4b2yjgRLvIOfm2/pCV4euCDi3ucRVXHld5XGVf7PqDrXcQVD66Mq/PqWrjSzYaMVuThXVneAkIW8hRX38KE/B167JBDg7cF/VNBD9FecRafgKhPgn8JmatwD1kmeF4hSbdbZdpEHad1/djH/Hq9t+9XROK271NlObi4kicLpDsg0nIjwZBuJklM51aE90x/PnYjK2FB1sDms0xmsBxWTk8309N0Fs9a2SzxN/Yh/TaydpbLZrM8er+MddHfi+Qq8hdgGexd9Wfcb/5Hdsi4y7jRmG+Ust8b9xtB40fm20abccA02P2up40NxgnzhNHF7jUWGQXmH8xlZqkxj31gnDTuYl83Yo00I5/93qRFVdXivNycA/fsv3vf5/fuGfqz3Z/b9dmdd+24c3D7tju23j6wZfOmjRvW969bu6Zvde+qnpXdK7pu6+xo/0zb8tZblzXf0rS0cUnD4vpFdTf6EmOiZxgXYmNqAjVrYgpnsAsxsXQbWzjDGHHXjHhsy5FbCrJHqpa1+5e0tC+szfL7O7IC/pGqEStnocCqvuHVeNFBQZAv8ktBLLk1sGRZZ3v2wuEe+yXZtI57iryfc/2dvBsxa1rbR+oK6MnxvMh+vv5YP+H1YrwOZI+w5uHhvgvMlUP2VVkXDPsmquZQB+WkIzDSWxDwB9rXkNsLnHn9rT01dOfFnZG9iELMvpLIegmrPxO4Ysi7zvaR7J61HfXkmpk5I/b/rVdYSeCuyH3PSPbq7OwRd06gt7l92D9i9ASy5HNLO1HMWJU17A/4szs6row9N0W4DvgpLJNVXwgY9y67UGXce2tn+5OJNEzf29p+0TTMmp7qjgvT6V37k9lU5ratKWyFpXjIFg9siUElc9HktvusJ6sY22O/tWwL+3k15cK247Az2OorZsQuMRJRrh1RFTPpjRV5UwXXFtnxiN0e2842RAeifVVMVBWviq7ymnEmUVtYXSSbpwzGog32Da8RZ2RdIF8ttvUVY8+F6KqsiIs95KIqksJ7l6uol3e2f8PLyJv9SxFVC1M4Y+EFs6kgoOrjsnYi+8ILRlNBj10nXTkLs6k2jlTd2i5c9mRRjawtnCFqRHZ7YE1WoONCaurw7QsphMCFVe7cnoLhSMUQ1SGQOJcqkytn8epAXY9wQZWb/heT1eq27J6R3p4Cus1OrBuuE2W3Srhm6RdMV84Fw8oxqMFT3t3ekZjAmuqR2ED19TeVrDLyxi3eeALVI0Z6hHILAwuzJ60fXh3opXpS1dy+LmttxyoKe6QqsGrEClRnXbBYNdXqSQZlYuEF1lRAuVlCNeWWgubbqCmJnGcPD9dmX6iycletXiWea/1EiWH5KlBb2+HwsTB7eKRq1eoecrGww3ZM7YUsFwZWZfcRSSm7RKtbA3Tb2Sn8tHa2D3v7An0BImhV1fAqynZW9uqOrOGO1TaByT8ljRXOiFJ9iOxCTNEyc1avpZ8r2ay3J9AbsRBtaKLduokWa8mV0y7QIKKzr4Z9HW4ILOwjFwKr+kZcVLn82X0dkfrBmu3W/ScdGQ5H2VSmduDDieV4MuQTPdD/8Mi68Y/91x/rBHqIajdH6sqIlSvqWrt/ZEPWyKaOgutOVo3s6c0ezk4MzA2IH9vzIoGekSi62bN6lehC3KLukUUDWWS391LtpQDreoZR48iblXs9ppEtBeOCpI7PaKWozRyRnZE9zdk9Hdk9PWRLTcWflT0SRdfstatE5RKdY3MkP83UQ9Nl1fCt5Jd1UKRZIx7qp9euWhPwU59Kdh0dEeqLNFqUOnZr+wjLGh4ODI8YlMScOnJMweeOuHMXiwv9314QWLWGClHEl71qje23jpJrU0eElrUw4O8gJ2aOTUsiHPVGveJn9TDVxpEV1NqicpKGk4ezy4bbn2IrqFu0cle39VDnnZ2YXZdtF/UqqsmCCIvFUwcFFHEYnSMckn/7P3dkc8GFFZ4cZWP/DxREHHM7VEpZS/tIM5x47H+62VowYmbMoZci80YLjQGWXVCCeFE5i4m8VVSrsoTv7BGztV0Wj+1/sfCahQKLeCMbu+sUg5cf6Y2NpDcSqdv+99r/0TkjPIcKesSiNERee0R2VCWge0p0xI/LTm4kA3RPUWXLN3ZGeuSDlbPGzlNk0MoWvSUN56sCAllXxp5tplGzJyDQ0SGi53ZEwocd9HAkYEEut3j5aaSQMUX+Y8X/YjsLTusY+99jp1m8i2QpajzhJfWeHHuWRSjnl0bUGZHLA7JVyna3Jmukv6OgL+LLLXvwbOpRqedevcyeE9xGrSHg91A/RtmnVpU9cmsBjRl23g5EqNoQ6R1ErTTqAqyO6pC8YelshAXqDfHDqGkF6kdMerx+F7ho0sQyMEdcogNzLpiGh3p70Rklxnmpox9e3dMXGU6JymxO1jwxgXHbBR1tl+2domtqbY/KsjrsKpM7sqNA1uLI750F19/vEG3SA0py8W74+ssoO7gdkbqRK3/vLOCf6muY/89FxmVpjkTb70RvlMv/6ahckQJqiBRXgxkJuSHST5Bt7urhYdG1XVgRL1qoNzeJ7JMpaWWUyDKZSqLN5ygpzSJqbtvYj9TcPCI5kWLLiaUXieT2uUjVjqWXiZSa57Iiruj/ybExdmcBXEeIQOmOyYnUc/la+o7Uzh0FHXRXJ9BDTuoEZEuKla3UO6HXl8FHyjR6/MvA9cDEQB+4HqJ4umB4aaZqZUVRjLnZiUSuuTY9cymp9Dw894LhyZUOooQDM2fu8HAs+n/R/T9J00RmTwFZx/BEi5HdVB5U1nGf/oZPtI2zrWUpx12/CkvZHGJqRmJrxPxFjE3RogLcTOW7+0XZ59jTCQdhbCvRFJ22kwTtPegSBgrgF3Rbazdp6XeCbWv7brIVlHpRjCQjBl2jcv0CWYJ0dmyijg8UyMnqblG6n7eD+3xBdvZ6mmfVGDTbooFyvRiqsoVrnmt3csM04Vm/apXdD9mLjUk0l2oRM1yapwcSs2lpNi+yZAnI1QCNAVZO+7yssg6a/V8Ze3dKR6SrMmmQJ7QOZ2cnJtGr4exkWg6M7LfJK98FbDsaxd250pXIwX5qnBF3Zg2NP+1255dVR1PU4eG6QHbdcM/wqitje3pFJRi+4PXS7LbHJhGFdWXsqUNZI3X3dYwk9vQbc8VsZ6GYjrQsGUlZdlu7PST3r4q0z8qAnzKZdN1N8594TfViQbIVzfoszpYTOixxPJGb7j1kJ65usquxqi82+36xIMuqZh8RTPYL3FkGC9ICdjmhw/VbFnS9x5YTOqxKq4L5mc+ab1VcnOfLWxBPzyGCaZVbc9gkejOXrrPoWmbNodDfWHADPRvWEsJiCq+BwhXXxRTuJxTuxxTux3T/G2a4fkX3vyY7cf0VxVViBdk8Cmm2FbzY56tf4KdnwyqybmZ9ZGtRTlwUkot8h8nXKPkapfs/UEi/p/uPyE5cf09277Ix1y/o/hdVYx3LZoz5mgsW+m4p2ONrKhjzLS34D77Ggm7fkoLZvoab9vgW3zTmq6frovwxX11+m29hfpGvNn+Kr+bGO3zVN475Fty4x1d1Y4WvMm/MNz93zFeRM+abl5PrK59+1Td3+piv7IYx35zAmC/kP+Yr9Y/5SrKv+mZnj/mC08Z8s6bt8RVPu8U30zfmK/Id8908dcxXOGXMN31uVmZX4IZu3w1ZV33+yWO+7Mwxn29akW9a+phvasaYbwpds8oye2+bNDe997bJ4i5D3KVlzks/1pmSk7w8KSdxeXJHYkdcrnd5VK613NthdSSsi18emxuz3JPrXm6UsuXxHTFV6R3uDtYRncuXu3LN5bzD7HBVVUUZTxr3s9aCJVc8Y1TvePNtI8a9Izm3il9aZYy47x1hyztva79gGF/o2H/4MJtavWTk/lvbL7oY3dLE06xZ1n7Bcn2hgxWwgoICJv8K5D1+Dcdf5Bm2Ebd086l31+/lLbt+IZ/bnc8FxnZxv/36+23bI3HT/yT3GpbijmNZAlYLy2Js7GdA2DX2IdlPoft/oOazje1gm+nvdraG/sT9Trbafuphy9kA287WGHlsI92tor8heruZdZGLTewOtovcDZLLTeRyle22QzyT+w7Wy9bTcwPdrSFXHfR+PVvKPmP7Xc+2UkjaaKONNtpoo80/aaJWMIN+i1ka22n/jjOusyyVfXZsZOzXNKY7fsM5tt9i5r12ceyDf7XE7L8+dq+nsfw2++5e9mc08t9Pd3fQXKHbthti90h3G9hKq0+k/V8tDdpoo4022mijjTbaaKONNtpoo4022mijjTbaaKONNtpoo4022mijjTbaaKONNtpoo4022mijjTbaaKONNtpoo4022mijjTbaaKONNtpoo4022mijjTbaaKONNtpoo4022mijjTbaaKONNtpoo4022mijjTbaaKONNtpoo4022mijjTbaaKONNtpoo4022mijjTbaaKPNv8AYTRoaGhoaGhoaGhoaGhoaGv+3wmzV+PcMV6+GhoaGhoaGhoaGhoaGhoaGhobG/02IukdD45+Hp+rfCD/R0NDQ0NDQ0Ph/B9FzNTQ0NDQ0NDQ0NDQ0NDT+5Yht0tDQ0Pg/D+9FDQ0NDQ0NDQ0NDQ0NDQ0NDQ0NDQ0NDQ0Njf9dxPdpaGj8KSSm/v8HSU0aGhoaGhoaGhoaGhoaGhoaGhoa/5pIvltDQ0NDQ0NDQ0NDQ0NDQ0NDQ0NDQ0NDQ0NDQ0ND4/8UUk5paGhoaGhoaGhoaGhoaGhoaGhoaGhoaGhoaGhoaGhoCKSd0NDQ0NDQ0NDQ0NDQ0NDQ0NDQ0AAy3Boa/76ROVdDQ0NDQ0NDQ0NDQ0NDQ0NDQ0NDQ0NDQ0NDQ0NDY3KjhoaGhobGv39ktWhoaGhoaPz7wZS2/3cx9f/T0NDQ0ND4t0F2ooaGhoaGhoaGhoaGhoaGhoaGhoaGhoaGhoaGhoaGhoaGhoaGhoaGhoaGhoaGhoaGhoaGhoaGhoaGhoaGhoaGhoaGhoaGhoaGhoaGhsb/Bjb8CfyAMf8Wxm5oJvyNxv8qAjdqaGhoaGhoaGhoaGhoaPybwWK+8Muel9x1LI0F2a2sgxVUpZjZ7RnLs8sXLcrOm3LzlIyM+Ox4VlSUXFYUDCYFk+iSZP/NLE5hKRnpnlSPm/6SUjMCpSVJbk+u4b/BU5Ie9CeV5mWkp3vcGUn+WaG03IA/2cjNY0aSOy01lB6cFSoNlZakZ5h57rzcvNwQXLtC6RmeXJ+x6P6H08yMwkk58+Lui1vVW+4aCT9R29kz3+g04x/LsFJuNM3sprb2xtEfJYZZXYuZaZSZB1ICbYuaUybVN+S/svX03ukFpplwgtzm5K947L5VQ+ajxiYzp47H8JikmpWHP3Ev3rFrocUvHisy/HFDXuP4klVpZmLStK3hfd6huNGycH4oYKw1Hhl9xBuz3DLivXl5+wozwr+2EkzX9MBm81jd2mQzKTFgvt594EurTzJmssbwm56L7hBRczFL/VaNmVNSEm+Cen9EsvTrJEsS1m7PDR7mSXJnpGcL4hAhhCt3njtwA5FIuMsrzUmaTXRKI0I1Gl3XviRIVFhRb8Yc8t75QKVVZjSM7E61Juc1hH/1c6uwwGgvm5cYH1vca7lj+KzftlZtWnfWffCJyrmnDct7It1MDpiHDJ95uCnG7Y5J6Roa+mR+y8Bgo2X91ZWQ+f5ooZFn5GxOTODt4RdfCge7EjMzUxurthempkwq8P/cdHkSzxjneze3FeQ85yqv2pdmcitlClGha4x7dka9wtLZQpZXlZSQzOaWlib7ZkyeUV1dG5tcS/QIOqrTLEGYDMpcqNSVlJuXnuEvpfqS509KT0v0sBS/m6oT2YmME+0ETciB2+MyPe4och6pSqEUv2nkfuDfcTo01zRj17VY51u6e5o/yTZmmv6y8E/qe9qbjbx4L9UdM9FH9DC+2roi2kq22hvDFycV7F4yOaUlr9GcFA4UjX4Y/Flh9tC5M8ZWc3PNQIzLFXMgxhztmp4z+l/eNBLMx82YoRjzy4/2TDJjY5J9Lb37zJiW1tEPwr+qaE7trow2zIxpr5jdo+vCR4tZFKsMP+N52l3LbmazWClbzw6zoaqmKbnFBRmu2TO9we75odCaoW3b7tnStGjR8vLqKlePa4/rfZc1MHNopjk087czzZ6Ze2aae4IngyNB1y1rjFzXzOCaLdXVW9YEZ7pyPYVLCkUFyygripgVK1ZsvWNFUtAmb1A2VlzsShhlpQRu8JTmlcwm6lHjdKelpWbkBgKRpomal3cDtcqAGUUNOs1vpPlLjGBunmidwdKQXSZBf+TZny6ad0CWDZVOpLmLXsAopSDs7iB4veJ6koIRD0lUihmWx3jd+HBBQfumeNN7V5NZeusOr3fTqh7jhX5fwKppDZWXfvniPvObNaNvZFpto3PM7wlc+/XPitvb2hqq314dHL0yGJy3ydjZuaNh16YFRvPC7vYlg91pZtTkgsy8fGN+U3t707W2up7O0YpdJxqW3rZycYP34RQzaYo5ZV5nc92U7femmOETb1y0jC95Bxf/Q+MWr3dXxU8bB73hH7n5Z9xmQd7+Iu/FwtlRi1Ybi8PzVzWbLx4y7jx40JjV3LmwvSc0tN3tHvK2LF7Z2N1sxg95gzExse6YnLKgd8hL/9e+m1RsXhX9S3LL1lQX5/E5g+GPyWHcaMv0+c31XT3UC/eGn/OccLdTv9HMWlk7+3LVsuqs7PoWw9WSV962bOby2OSlU29pze7L/iDb1Vp+qfyDctfM8qpy0ypPLTfLl721zJy9rHZZ67K7l32wLIotM8zs5cbYcuP95cary99Zbu5Zbiy/MvZsVVp0XD1LNrLLly1PTl6+rDw7ylxyi2m3R1l/VhTY9Wcl/dDNiuSysiTUnZWiUlEXNp36qjRZ1HZJUm3IdWXn2LXBrhu5edPtGlaSZNewdKphND7kevyy7xN1zmPluD3TcyyqX1S3cgi9RtVjX5hkTirMSMy0Eir7emo+ufSFi8VlxkdG9/4Dd3SfPDw02rb9oVCnMfnRQE2n19tf55pUdbs3pr96NH9NqpVZnG0erNl9+WdGjfFcS1bYH/5Z+KXRq2nGt1x3XbvXdZeV+V1jZ2Us5zxh+tSAKIEnz839pOfKmmO1+wfWPjA0FArsNbLiVi81Ehat95rxfY3h39ZsTDBnxrg5Tyr2/va5M7FVXfWP/3nnImv+yZP/eOQIM9iG8Oue4+5MNp1NrfL6ErypPIu7XAFvwDFkBmdR/3a9I3M0BLul5NHA6PYwF3VfG8yrLaNXa3s3Upl6H5lkJvsss2f+7sG60Sd/bj7Q0DB6/rUdo8cXvGKsM79vd0LGweqhNMvtTinYEj7gJYvRtPDPb1hhHDeTRz8ONxQzqlt7w095DtAIX2SP7ytZqCpzSWd7xfLO5MLMwhtv7KTkds6sr6+omNY57fpIZQ/zSH5ktKe2LEd2UXriL0229CSRGdkT5yVJR7MN9Cw0yJX45dWuD8khqgd2b5Fjj/aG+MlzvXNy8+jI1mDxNvPZXc2FOzJDx6rNvZvLF64c3WXWzP+hN7ShKn/SfGu0bKCkfL35rLHPmLW9NI6mBx8f8R7yeqs3ufreK3homkmjrn/RJ7evfHrv2nuMB44O7Gw+Zbzcv4aaoLeoK61ge2kR3YYP9ufkZbY0J3nim40mGu+rzAPeyt75G2bO6du4c2tZQ0/DhpDX2PxwY6Jl8ZSSfWc6R77Ydd6Y+9yVpksvC7puCP/Y8yiN9bPYEXaMfYmtr5qVn1NQUL1m56ad27dX9+393Oeqp8XEVB+8/+77u7qqb3mwtO1Y6Re+UD05La168fwH5peVFVcXT5hYiVu7t55g53gWdak0JNsaNTKaPOWJEVB2s6Uhg7pX05Xsn0Xtyx3IzpueJ2YYJekhf4ksmhJRA1NlAVIRBe1iDNiDgB+Fev0qZimhEn9uxCuCiFxn2XdR9JNEDXjDjzbs6+qrGlyaMlIdcsd5ednUvqZ38vrL2n82b204/EhLZWD7D8zV7xtFAf5Xj4effSX88os9l4OmN9hq9Id/NK99XqcxzftQemqGaUxd2OhdUNUwb3Gdt60y/HMjp765tiX8prGva/ZtJeHdbvfhGCs83FCU12psD7+xaH5DuZEffr+sLq8pxjK84fsLzUSjKPyaUfTStpfPPDzvwL1v/i59Ul5+RsUbLyXs9Zoxo+fMhPCD4TfCH+W3tMbOqPirL56bbz21I9684r3T295WlGqmpWbld3pDRU97d3i/VL/Qe4muZ+J2eHt6CtuCfWb8jrgzZHPJe1f8U089ZWRcucKiWVP4Pc+JqHMslvlYgOWxAmp1S+12V16VNWd2+/KWW2LMaQ03+v3Tpk3PKcwuLCgonZEyvVT0wMFxM2yaFM0Sf7Ps8rZnh+IvNwWd6izZqdJAm5LkTzIIKX76oX8XZo5yWm0XNY3tGekhqimG3eYiLa9ppPVoipXhT6zbP+2y11sy4Hp7w/y4uIbOa7511cYb4XzjjTuMn4SnGT85UNxSv3nDyXOnv08T2q9kZEw3zTt67jnUv2P0x6vP7V+/3fjNxsfv27ph6IwRCrkTvMl5I29PNt+Zt8n0baz0eis2j/5407w4487w+0aisSv8ayN1dBB3n6TVpv+Ip1tWvPuSYW4un2z5YzJ6XvbGLjNjzbhkM7/99MMrz6U1XPxd4w+Zmx0Mn/f4qd2F2BJ2C1vHNrIBtqQq0LN5zZrE9Zs2Jbb39ycuLS9PDLhvchtGon9yTExibWNjc2IzercJLcoJorZhV/UQzTED9pT7Ou3lzMYTcIx7gtK5eWIeOj2HxrdcmlURyck3jXkZSW5RKkZgvB01pzzqD90pYkpFMNvDV4PNjSVG82TrjQXVRc3f2nI4zcrISU7McVvGO+W11WWv8DQjpby6ujz8rml9+yvZeedOj4Sv5dQZTVENzdXhkVBrAi11WkLGyop6ugtPNXZ88vaheNOMb17oyp/TKd7el2BeO2+arpZr510trn1m/K4Es+2+roacKfuN5ppYb4w331/tdXvJesdGM2GX123uPFxQ91zPL4/WF/SbCS5XQn2J8WJNvQi2tiJcP9/k4STjt394ua7MbKpbLKxrmkafLawMBWPTSszTP/xh+PsvvCB6yn3htz073cUsh9aYW9kO0RbqagbvmHVjchaLjU1Oruns66uZ17i5sbQ0oybjj7tEtAZ7FLree2X8E8OPy56jpMo2Q09Rbo/tIKfU9i5XYDliHeGxW0ZGxHuk5Yj1Vm7J7FBKlJj+2qMTLS/vjTuVkRYwzX2dHW0rRndb5SXfiQ9tnDs5bqY5eldr7/pVRubQ4TjPlLzSz/1lRao5LT/8ZEc3n7doSqaxOjrqfLqZnme63caG9m2ZptfkMaU35s6Z3eheVBsazlvcXLSeFsMJ4UULR3+TZ2189fXbvveW8bvOhv400+uNH+z07vOGrV5fIKa+PcnFQ8abZDHaP2LEtHO3GeOOqznxRIlr20bjMa+ZOMSN2JVLywtTzWh3fGJV4wKvmbS66Q9Zafnx6R4rOvHRwpS33G7Tiimavi4jzyhMCQdOzg+fOP3tTU8/wZiLtYSvep53l9DaJYl6L5ovZE+Nr3fPcNWzGYVLZy+tr5+amZMzY0bF1Ipx84XrcwU5X7DplnO958orpdYQmQKV5IopEJVBWhrWevLKqKCmG/bKOJTERLMyIn5M9sT+7p2XrUlD1F+VF3SuLg6dDO8d/Wltb2ejOdWMPeFNzjRTxFx/9DfmuiW3tTWNvmvQSnBdIJwV/rEZe1+sGT4X7s1rN44YB0dfqu9audDaeelE57lzvV3xKSav2D1QEDgaft9MtCdWfS29qW4eG59ye6f9PPq+uLjCRXurK35snBx9sGnDhiazL7z648b8A8bvXMINUe5S+EXPSeqb6lgjaxG8lMS4ZVZT3JJ6a35a9JRoy5obN1fV71n2f4RaIcq1c3i2J4io4ckZ08WUyWYE0DgvyCkIxVzjqz6j4SEyobJ/LxlVxpujTzVt2tJo1nkfzzTTprvMqq51q3tGXyzZYvj3rYm3XNFR3qSEG24o2rWrwrCM/atrwvEvR1WF3okq6S0pnlxmjv74QH5d59nHWg+5Yloe2dW223/JeMR4jWZQb9VvSTV5dGp+12s0fQr/4dITBx9O45ZpJWfW1PrD+04XLDC6jZ9ee2D9FH/MoqZoj3e+WRbufGyRq2TVvi/c/iVXcNXGTWt2EdX6iGqnog6zLOZnDSxYlbG4OsaVPdWYXlFQMWdOnNsILKyqSjaSFeWC12fWNF+ye4Ub7IoVmU9fZ62YguMUCqWneEwjkBQsxbLTY9m9QU5SwB1Zmwbc171HhcIfhjavLzcfKt/UUxP+b1PyBHflfPjq3HYz7aO1L7655qfXWnZsrli/sWzg3G7v6CPVdW6+xHBvrOvtbBj4+qKuvkrjocp1vVFZcVQnvEOx5v6Tn+yct2XLPFdPeEf4TGiSce7vF18Lv9JirHQVhYupXnnDRbMr979afsZYZvx38Wy8asbanuMYZ93hy54j7laWQKvDfFbIiolG/exudmtV3vqlodSbk9bEuWoqCm68cWnRTTctnXrzzUvra2qWrmxfs2bpzjuGhsqWll2nG37GjXiyEtq9a5Q9X7D7QHugilSnlAkDmBjoMHoZZDO+/42Mnuk5ogv2XB850+2R0+4SxLBqjF9COt5QN9Fkxp/3mqa3wHIlHIpvbN10f9s9z4vxpa3caJ3XLe5a68JnGucaB8M7jIOmP8FlzS97xV22PzQprtAa7S5vaqw099X+4Rkj8/AJL9XIvBSemew1bi9uvaX0XF3Fppam3Vt2z7WqHksxM7IzUrOMn5Y0L5n7s1DJ7XMXnW1vn93+d2fNcNe6NDMmjge6r31YtrLVeqWtdah36FpZV6lxsaZDDKltdeGmliq6M4qvXjUKX3rJONHceK24L8tntjRlRrmbXZdplUnvNz5l7G6kRaQ7bkpCTnaKbblxw7wnNj50uNBsKvFwN/fOKgiaCUPxZs/moqHdJ7f5sy5T2TfSGuNc1HtyPpnPFlN/vIy1sYqqKYuq5udNj2bLWlvn02Ry/pLm5vkp2dnBmxpq5gft6WQweUJJR4ZQ0VrkAGh68kpdn1a2Yg6ZTI3GZYjGIutCXhK1GsHPkQUsio367UwzMvkstc6fTLUmzbnhiw/e+2GZKKMWWrmXt9l3obBVUWimL3zrwI7z50drF3aZS1rNeJqhhAvooT2/pKG+2NxRvGBBcbjACIVfFthinGuLcbujU6vCHz27+A2T1VaY9y2oFRORugWjd5U1EGFdiaOt5rlr68MXw79qNtYbMa6PPnltUt6+dF/4VG1zS7URfKDkeHyW9VakHAR9wyNG82iekRd+M7zb8If3TmE0pxwMf+DZ565gmWwOm8eqaE75MOupqpg54/P3VZXOq7yhvLU7u/TZUvNk6QhdXKtKjapS49lKo6qyp/Jk5Uil1VNuzLivtLK8u7u8svS+Ge7JaxgrmlUEplyEm7J1wgApe3ka8SLrOar8NolLXYFxs3zR86N90Uor1aDpo400MSzQOJrrcUeJKX4wnfo4MYkxI2NFKAlM0xTbqRpAxHIgSG9sZp8pmH1O12bMF3NMf1HRxlOG/73m1euf2L811T/anlPZFbjio6V2c49R197mNUuLzvK81vxJCXlmuNN4IgJXs+F/sDM6o6QxEL7WkMibCzq7fAfNBXXlzxX0r178gNt7arJppRbFGGlneya543lMtNdf/NarZqv/9uGcQ2ZNXePpipFH8/fFeE9lmWZaobuiMj6ax8fXP/RGbPLewYVvv9Z8c1EgcMRX9Os/nGtvNf9bU4vX27p4dNrtgZzaW+OiYst/HH6v1Xz91Knwx48/bi3atXPvltjoeMpkyh0+fraP6j1/u8AX/tCy3O79xhvNg5kW50m514ofGNi1eXKS6cpc3fKrOL7QosEs/o2itPD7FjdjUr5ixrXuJqfupICY1XaHX/NccgdZKo1aFdQyA1UJZSUlGTPzp0/PWFBfH5sRO3G9oYrcI2c4NqvMkD2lKMVcOUcKRuZDAdW3uktmG7CnNZ/50KE8My/Y2EujU4y5e1tep7EjfNyoPHs0wzIDJQ19Y2xOVO3o/tDAQMh1sLGrp/7LVmPdr1IKuxZeih/9/Lag2Vi5fjA4eilo9TSmxsRE8du/eO3btfv21ZqX9q3JL/qFcew7RsWWJDdNFNd97u+LP3nVDIuhyZ4NXfvl/QVBb29tUsFD0VG32pZemi0O0jh+0N3IktmNbAa1pFoxd5x6k99vpeXnW6XFxVZ1RYXlYSw+PmAF/ojXNH4NFmEtK1ZyilrzUuvwR8RNszPEshdOyIHz3sh05bZ//5YzD7SaR7cFF6z7eM5gUfDdWZ913bu2WrCNrmXHDcfd4fr7TXXd1x7ZWFaxztW7uWLhymsPbC0p2+zaMBjFd/Sv6d632vtnXvq/1knr463hJ7tmF3VsLq/pMVo3BsNvGPnGs7vi4nZ5jTL7QvWiK/yM57S7kKWzKayMVbKsqthZWQmTylMTEkrLS1Wu7Xy601w2u91F415eiuThpEeEYAajd8mGEA3Z9cN02bPjPFNMiyMjs5nqjTm8PrHowR/Oqak0Ex5pa2pr2tryaterO9efc2WFP1q5ckq14TZ44NFs05pcGNPx342gkd+aFf7ia++Hz5Q0GJtrNp7du2Ob6+fLWkf546cWVD8cfr0yL1Tvaojb5zWNV7qfONR+9ZMvGxvN/oSY0XPUMx82txRyzr2B4tEHw5fDP2lsqn3p1fCH36wt3uUubHn6l43vU3/aFH7FcybqXZqxZLGF1DZWstVscdUNrava2zMae3oy5i6aMmXBgoyU+PiM6bN9s+vqMoIz8vI6MzrHT1UcK8BxtQNU8ziINksSLQgLyRGTVUjMM9weV9Ahm3D5UwzJzbQrFY1pdqUqFZXKzPcm3NfpDex7dWCeGX+lqq+v6mDTj5pfPNF20njmbF5b5bo1C9akX6lau7bK/G1ze+st4VCGsb5mTZw5qbeup6XlWs/C7i7jUJ5xNmu0qKvJrMk5wC0vNdXRNSY/6DW3ml92PdpZfe2j3Ztaizf98M5528x3ab5nfNzz4CO9Z0cfNdqoNv1S8CyH4n5J852i8Hci8gSjLXzWaBt9zOutGQg/Ubmmqqyipa/a2NBohR80NlL96xlL8Dzqnk9rkO3sBDvNllfdeI/nL3af9HT19HjyCgs9LR0dnuOf/ezgoCfJnGTOneu5//Nf+vzu3Ws9a8cvvZW019lAr6/ugkHBerSFtuIPXMT0lNLr7F2P4FFSOdGw486z53Yh0xWR+9hllzTbgNxXsSGT0nOEaMCiwIWX5JTrYr90l1wgyRK2l5EZ9lJeMTEj18gKyPXOimXnDYNbR7Ks9Eku0zDCi1f01IWj5q8K7p9sGlk33rCgc0l1Yc7s2Z8pcUf92V13rpm9+OCjbXE/bu6Odh1t6qFx7VYj7gwt3ScnzW24raNx7t8bDxpbjOgbYj959/y3D99UPb/9m8kHc82orCkxCd7FX128sq/WMC83dC+/9bIR+5UM8ujhPcs+01Pfs72tpb3Z/F3j2u7mNus1b4Lv+0OZURlpiTdnzr75TirYP4T/8dKL5bHRPCGh5cDIlXzrYlPOD0zj2qUdRb7uD4wo497R6roNXY2fXbZ6cp15qOKTnxhvd63LdGXGxZVULvDu8oaHOmnBs3hZdO/ib//Vd33xBjOnpLu5Jy19yfLKPeZnqSZ96N0Vt7N75yRXXHxs7LQpy3ZSJfuQKpm5v+2Wla2rmMG+z+6yDlplNOO8qSo52jDcphljxTDLio6K4iZXNcS4fkeVISmQJHjAwSR/mvnO+nCbcXa9cdacHm41zq03zoVb11PIXx4bcX0jqpjFsIonGbeqaeJM46sZzaJdLrdlMfcV13sXOTO+bS1im8QAyyoLZlVSHFTt7MhoLpX4m5nFGRRRVEmOiOvLRn/4GaN5wAg2b7SO/c22//rxLzdSTAMU04tRddT/VnxjSmr85G9bNYyxVKv6m564OJYUsyDGjiLJ9VuynuyIrrIgWcT1m6LfvJD4goiplKZTpSWzac4k6mtpcJZgKlHd9PjTBm7++tfOH/ri5+/8UtyehHf+8jt/U7XnkfDvFpkvNHdu/9mxh/7T1s8fPrQz8cRfv/D1zhOPHXz/9FZGKVs+9qjru5SyG1n/xZzcG64QFeLSpiTkpqXlJkyxYqOYsImNzcryud0uX05iwhVr0Tc3JSa6fJNkon2UaBeRT9y7LAOJLihLAqV+A1lw4m/sskl1B7JdoWT/LDsjgZLgrD/OEtWRdNd3/+E/h7fevDdgZD742Le/1rOi+2jroQM7H477s5S3Rr7z+gP3PPQ1Y/Zf/42xOT78j8cfuHt4cP7Ojrvv37039qvfev7C3gtTrZRvMJMVEu3/wS7lOFZ/gRuUoUtxphnttXNmRce64+JMN/Nads6412u6n3K9x0xBf1HYwYJZkZxQkf9GPP9mFuqXQXUtzTD8rpzdo/vNgYPfCb8Qtoxr1Ki/bizrc33/Wtl6173Xfiw4WF8wK6JizF/SnYdq8g1V8R6qYLGcBlAj2qJ1FdXbq7NmGUVXi65SHFcphpIgLWYjsD57/+hnj4zuut+s+EvbsP8BbsKiGg0KZW5kc3RyZWFtDWVuZG9iag0xNzIgMCBvYmoNPDwvQmFzZUZvbnQgL1pYUkNPVStEZW5nWGlhbi1Cb2xkIC9EZXNjZW5kYW50Rm9udHMgWzE3NCAwIFJdIC9FbmNvZGluZyAvSWRlbnRpdHktSCAvU3VidHlwZSAvVHlwZTAgL1RvVW5pY29kZSAxNzMgMCBSIC9UeXBlIC9Gb250Pj4NZW5kb2JqDTE3MyAwIG9iag08PC9GaWx0ZXIgL0ZsYXRlRGVjb2RlIC9MZW5ndGggNTk1Pj4NCnN0cmVhbQ0KeJxdlMuK2zAUhvd5Ci2niyG6S4YQsC0JsuiFZvoAGVuZGhrHOJlF3r46v4Yp1ODAx39u/pWjbX8Ih3m6s+2P9Toc852dp3lc8+36vg6Zvea3ad4IycZpuH8QfofLadlsS/Lxcbvny2E+X9lut/1ZtNt9fbCndry+5i9s+30d8zrNb+zpV38sfHxflj/5kuc74/s9G/O5lPl6Wr6dLpltkfV8GIs83R/PJeVfxMtjyUyCRR1luI75tpyGvJ7mt7zZ8fLs2S6VZ7/J8/ifbnlNez0Pv09rCZcqlnDFudxvdiJwUUjHUgPUV+pAsgPJFqQqqUq6AWkPcrWKq1W8A3lLFC20ZEmT3IZCRtieSCjSjFTQikikuAEZBzJURSpD/Yw21E+akIhsiKCIKjaiiveKqPH0fbLRqNJqVGkNIjuDyLaD1nXQOiWJ+jJSoSChRQktNBzkE1E0migZRZQ4zWI5xyxJKJCg7kpo8tNK3YGQZyXylLSeSFlHpFtDVAYlMoa8tgVBSYASTa2sJZesswbUBFBDfmoZ6WydioFIBdKcDtC0ojxXDCUynvo566mftjh353DuuqnUVmoF+eI6IUAGeZ1BXggtUQwNUeIU6TmnSOM9eeYbR56ZNtBkvgs0mekTtBChxUD9fArUr9hKLjUcLlkd6dybYj2Rc+RL4x35Uvxo8cdHP5uEqdSDpAKJGil9pQRq6MTKAnSgToAUTeY4vkFy0VdSlT60iMiWY9E+NopWrtwL7HOfh/d1LauMywM7TNs7zfnzflmuCytZ9P4FhnoZuQ0KZW5kc3RyZWFtDWVuZG9iag0xNzQgMCBvYmoNPDwvQmFzZUZvbnQgL1pYUkNPVStEZW5nWGlhbi1Cb2xkIC9DSURTeXN0ZW1JbmZvIDE4NCAwIFIgL0NJRFRvR0lETWFwIC9JZGVudGl0eSAvRFcgMTAwMCAvRm9udERlc2NyaXB0b3IgMTc1IDAgUiAvU3VidHlwZSAvQ0lERm9udFR5cGUyIC9UeXBlIC9Gb250IC9XIFsyODU3NSBbNjk0XSAyODU5MyBbNjk0XSAyODY3NCAyODY3NSA0MjkgMjg2ODYgWzI3NF1dPj4NZW5kb2JqDTE3NSAwIG9iag08PC9Bc2NlbnQgOTgxIC9BdmdXaWR0aCA0NTYgL0NhcEhlaWdodCA2ODcgL0Rlc2NlbnQgLTIzNSAvRmxhZ3MgMzIgL0ZvbnRCQm94IFstMTczIC0yMzUgMTE5NiA5ODFdIC9Gb250RmFtaWx5IChEZW5nWGlhbikgL0ZvbnRGaWxlMiAxNzYgMCBSIC9Gb250TmFtZSAvWlhSQ09VK0RlbmdYaWFuLUJvbGQgL0ZvbnRTdHJldGNoIC9Ob3JtYWwgL0ZvbnRXZWlnaHQgNzAwIC9JdGFsaWNBbmdsZSAwIC9NYXhXaWR0aCAxMjMwIC9NaXNzaW5nV2lkdGggMTAwMCAvU3RlbVYgNjAgL1R5cGUgL0ZvbnREZXNjcmlwdG9yIC9YSGVpZ2h0IDUwMD4+DWVuZG9iag0xNzYgMCBvYmoNPDwvRmlsdGVyIC9GbGF0ZURlY29kZSAvTGVuZ3RoIDU0ODc1IC9MZW5ndGgxIDI2MTQzMj4+DQpzdHJlYW0NCniczL1/cJ5Zdtf5SlZrvtEKxfGq0Lq0RghFuFxGZVzCCCFUCkIrhNAqwlGMyzHG0TiKSkE4xmgVlzDGuIzXGOMYg6fXdJreprfpaoaumaart+mdTNVkdnZ2dtKEYUjNzg6pWQhsKjA1UCFkp2BqZp8jfT99zqvpBPLfqurqeZ/nuT/Pvffcc8/5nvu0Olqt1ne1/kLrUOvwj/+ZH/nxv/Gn/9hfa3X8wvlWq+vvb/3wT/z4T/yW7xlpYnyjCb/9T1398A/3/asHv7PV8a/+z1bHP9zY2PqzP/FD80//YqvV8V+1Ot77mY2NH/nhvjdubDZx/0kTvre5vfJbf/jLbza/X2jC7/3RP3Vj/c//39u3W4f+wfe1Wn/oG+s//qNbX/4j/7avyeuftlp9Nz783/3Z3/7D/2juvVbHP+9ttfSzrahbx+87+7tvr3z+T373H/j3rUG14u9np+d/NK7//H/97l/71k9967d915MPfaWJ29/q3EvRiv/du98abRr25eb9yHc98fP3/64vxJPr/0Pn722dbs22PtSkPNw61frvW61Df6vvRqur1REldTWhc7wJf7r1dw79hdbLXf9L63d0XWv9ZPc/aK0+925rvfN7Wi92vtb6603oP3Sj9Uee+6utf93x9dbxQxOtn2yuP3ro+7/9lSb+8qHf1zrbXNeasNv1Quv3NNe/2bXTWm+uH27CDzW/z0X8SPvcX+3oiXzieuhh68Mf+tutv/ncn2x9T9fPtz7e9Y3Wued+url+bxOea338ub/e+sHn/nnr450rrY8f+l2to12/2Fx/ufXxD/1I6+PdI03obf1g19/z9T82aX6o9ae7Nlvf+9xLrZee+x2tvg+92/qtXb/a5P1iq6frzdb3Nu34R4emv/3vmut0U4f/69DZpu3f37rYNdb6o13/uPWRQ59u8vnHTfi+1g92/kzrd+/9fq31kc6B1l/sHPj2+a7xvd8f+dBvbX2k6+824bN78T8S8Tp/rUl/vfXHO/9F62Tz7k7Xd7e+q/u3tPq7Opvyv6fVfeh/bh1ryr3c+ftbP91cF5vyP9/1Z1rLTR/0HHqndefQn2v92KEPta6axj/a0Ke1V68I37dfp716DTR1Hmj9ib2ym9DE/1d75RFK/KbO39irJ3Vt3qvV2dOET6rV8a3mOt6E0yXE/XQTupr33zx0qPWHO/96a1KtQ51N6Or42daP0VeH/nXTP5dav2uvrxraRj9FP0RfRT8994daR+inrj/Q+v3x7rl/0fxu+qvrbJOu6afol+4/2Prj0UfdH279pe7+pi++3YylV5v6/sC3/9+u/631A4eeb/3RQ3+r9YebsXmt639v8v+h1v/YdbF5f/Lb3+r62eb6/d/+5qG/17wPWnxfq6/rH7b+WtdPN20dasby3231P9ek6foT3/6P3b+z9Ze7H7Z+LOq714Z/0tSDdnypGVvN8w99+Nv/puvDrR/sbn5H2GvHR1r/ZbSD9r3fhmas7rXh7dbJ7onWD+y1YbKJ95dazz70hdbHdbz5/fOt7+1+o4n72Sb8+9ZlBW1+qfU79/rop1tXun6sGTMnmjb87daR6K/uc804+XhrpesLzbMIzXjrutk6/NwvNtdPug8/uTfe9sbqoWut3xZjq6n/D+yNs282715t2vm3Wh/p/mrz+9+0/uvuvuY61cT/mdYPdP9M83u2dTrKavr4rZj/ej8c6u78La0facLVQ1dbP9KEq02c7u6/2Lr3XV9urXYebv2V5tnfaOKNNGPjDzbzeqNJd70J/6wJ73zXf9O0udVxvnn/fJPunf2x1HG0CS80YaiJ83ITLja/u5vwsAkDzf3NJv6z/fHY+aR5tumxt968+0wTPrr/rOPXun+p9fTQZ1tPm+svxVVtdY/Qcb8JzfOON5rwC034ySZsdN9t/bfP/UTr/2l+zzdlfbWJG+8/1YRPPvdTe88fdl1v/f3m+g0/b8Khpn6dM03crz/3k63/o7l+onm+0Pz+13u86yf3w357a2hd2m9Xx4tNaO3XvzXwnxe+/c0PCN/6dZ7/p8J/aMpfasJvb0KsKtG2Y00YbsKYr01ovdmE15rw+D8RXirj5PNNuN38vrofDn3K95f3A/d78SI82A8H++s3+/5gOBj//4/h0CW34dJ++I72/Sae/2eV97UDv9eaIAc/3xtTDr/Z/D8U+by3Hzr6D4SWw4DvBzwHYmxs+F23Q/Ouc2o/tJr71heaMOsxG/fNnG99ugknmtCsP62fa8JyExo+0XqrCWeb8Mu/yRB1+cX9enS+3lyPN6FZ81rNWOp6ZT/fQ8371pXm/u39+65/un99bthzYLdJ06R9bmT//rmu/WvnYhNWmvQNb+m8tc+HWg0P6/ifmuvnHO5qf641delYba7Ba07ul9851/z++SY0/LDV9FvHnzBNZvZp0XGtuQZPjd/Xnd+Z5vcfaa4f9vuGX3Y0de244XLiWZTT9EUr+N4x064pq9WU1Vpx/0QZR/fr0wq+cE97/K71sSY0Y7HV9Elr3NeGl7f+YBN+TxMaft3q3U+zV0avr6slBM3+iyY81+S73VwXmhD5b/v+V/fLj35v/V3z35P79On4UhMuewzE83GPpXd8fW+/rzr/XNNPDX/rbOJ1/LsmTOy/72jidfSapl8yzT/qsqK/v2IaveS2Bo0euZ1XXL933I6jjnfT1xP+PWVa3tgva48Hbu/TomPBcUnbtLMz5sF7rn+k+8Z+Pnt1OmZaxpp5Zf/dXv2jj2Kt3XJfLbn8BT9f3S+/8/D+/V49Pro/jloNLTpOmN4NrTvu7D/vjDgnPU/j3aP99WGv/vecJugT6zV5/p0mXaT5sSb8Ya/LV/bz7Diyv752xNj/Y034Uc/l0SZNrDtf2X/finXp1ZAfPN6jn76vCTGWf8ppYi4c9Zo6tj/eO/78/rjs2N0fBx1/df/doVjzG17Q8ZebvEdMlxGH0Q8Ix/dpssdTuky7oBs8LvhE05ZWn9p5Z/TXjsf3uMfF2v44aU2772KdjPkVcs6c7xu+EPM7eEFrzNd43tS7FTwm5nLwsvMeI3ec9pj7t8fpt/0s6nDKv9dclzWPiaOu512PoxjbwTODxzXyeytksAHn2ed2dfv3sf0xu/du1DQZcZw+06rL+Rz2syN+dsLpun3tKXHr/cnym3DE9eoybTtdJumgf7fr1+268o58eEb9VPLpdBzKHjGtekqbI85GKb+vPO/0PXVQCTwnf+pVadFb6nDEv7tdhyMH0nHt9LvaBtpLnQ6X/iT/GBuXCu1POl700XG3/Svu4xinzRqwt9bu+FnwjBg3jLcIwa9/Sfu8P9r7pvNfdvqYT/P+vezfUU6M31k/W3OI+gYfizEf43zGvyO/L2t/fqy4PhH3ousPz2Vu3nI743mM9ZiDDQ/Zm1fTpu2Yab/r50f8fMFpor+HnO+qcuxHPoN+1+96TPv3hN8zf0Zc90tOf9lxll1WhNOm/az7fcn16nIdvQ/aKzPSX/Gzc67DnO8fuR4bjjuunFPRpkm3MeTyZk+1JwNE2SEzhSwV684nHD59IHzZ/RCyw4X9PDo699eHoHXHtOvarxyv8ID+0tZj5fe4293teAPOY2y/3h1drvcJv4v8nrgeC6WfYixc9/sTbnvw0OfdbzEWgm8+cD8/8LNH+/H2yrnhOPHstun9yLS653Qhs73jPn3edWF8Pfa989wLD3296z594PcT7pfLpkE8u+b3T5xut5T7zPmccZ/fcXvX/e6h63vf+dxzXq/4+T2394bj3DwQ/qX25Qzm547jPW9aPHF9oty3nHeki/n+mvO+6TjXnfa+498s76PfvuTfNxz/arnf8rN1hx3XXc7jDV+hzx2n31auv9ec35ifbzjNR02rF/3+ma+9TrPh9j7v/J8qx8G66/e2y4XekeaKy33ovOn7+677Q4f4/ZLp9XbJgzpTRsyHl50+6DHtfINnMh6jjjF+vnwgxN4kZNTg3+/5d6SPMRNjLfjrhMOi8wj5NPgCvHzSZd/27ygvxt0lp4n8TjiPeBZySfCtYcdHxjrh/II3jbv+M76eVPLJWI+W/fu2aXfHeU45zPh63WlnHDfyOu28oj+X3NZJvxvzlTyi7qu+Xyn1Yh2KPhj173nXfddljjrevPOfUq4pc76P96xJD9x/C/496noiY0Ij0l1w/a/6fdBl0M/pp0GXSX3giRGn3/U+aTqNOo8Fp1t0mHK7p/3+VClryP0ox5n082HXPdrZ4zrG/TXHmXPaQZe/43KD5odLXifKlfqxnrImTjv+uPMYd51PH6jTmdIO+P64+3zOeQ+7DsdczumSbsL06nMdj/pdxNt2vqxJC6bvqOMdd1xk2yHnFWXv+nfMg16XM+a2sb6dcB/1u20nXIdHrusZ15u9BHPotHINPeZy7riMIbf5hK/9rv+Y05w03aJt86VdtImxRFtm/fuky7jm3ycdN9oXc3/RbVt2W84oZbvLfhb1iznxhq+f8rPYU992+yJN8MQnrvOLzjP2wF923Ed+F2VsmCbPXE6sscHng+8hD5x0HeN38MxYf4L/vmsaxPy86esTtzfyj3k4bFpF/Bjvm2ofl8OmF/2BrM8eveo7ev18yP3MWIp2TLv9x11fZKYjvu9X8hn4T4yDFT9fVO5nGVezrnvQ+LHvH7qM4EVvug/m9vPp6NmnA7qmvf6GXjfdFzOm66LpPOK8mSvTThfhJfdH8CXWcdZ01um7pnmMq5gzN/w+1pR7buM3XJ9POl+eRx2+qJRxrKPbuyKHXHU/IFtE/zE27piOyFGLjs84jxBrZYzVyfJs19ctl8XzDefHfj+eve0+i99TJe5l5d5kxWXE8yGlPuCK+y7sJm84/2mn2S1l3HQ/XCntXPH9B4VJ53XOIfq/GVMdlw7kf8b0uuv7DaW8FuFoeT5lenzT18hju5RzrYQLB+6HSvy4zrqPb5sOjJtNv7/k35vKsfLgwH3045JyvF1S7idXfT3l37GXZf8dvDzmZMzjfuVemjUxeCd7mXGlXoD5ely594RvnlKuFfCEHiW/Pq6UI2aVPHu45Mu6NqDUu7DXGnb/I3dddHuH3U7GduhokVevO2y6f4L28M8X3K/x7k3T7aHfI8tfcfprpvVl99Mjx49nMVZChn3J98G3kAXRBT10/KemLfzzoVI2ZJ900rQacjz2xP1KfR5rYr9SPhryu7iy5+z3M/gte9XDvj9ansHXkQ+Crq9qf12KtjxT7vvRkXMfbVlxOQPOI9rZ6+uAUq6tMkafr8Oud9QheM0ppfwVz46UfBeUOoBaF2yHg46HDHeh0OO88zztPNEzDyrXuV7leOxzHkeVOsAhv6vyFPIk9Tjr39gD+vx80WljjO+6bNbI20r9FnoW5hHtpx2koU7Mp3Vf5x1vtNAZmXBVKf+cdd7EG3bdbipl7wm184M5/462XHRe43424joNl/6K9iwXWqnk1e2yz5d6RroNJe857IAMc8550N+jSv3SkPMY9LVXKZecUO7ZI5/LyvWVeRr0CxloRcknV5V64d7yvMu/zzt9t1JepM6DyvmKPLTqtqA3pn/hzTKN5Xt02Zed/5xyfPa4jB6X06fUwaKHjfpccZvrHEEne9N16XU56Fa7S5/AJ3g+oOQVrAGjTrul1P92+9lZP4d2jAPWiGhLS8l70E0Olr5Erzak5I39/t1yPPY+x0pe6Lf7HedoeQc9DivHbx1HEWJ9uOp6Vh017WWu9ivl3wjo8dj/DSv5Wc1nQ7nmItcOHoiP/Yb8SUtfHlGuB5XnDinHSKVlb6HjRefPWsxYP+y2wy/j/pTzvaQcq8F7Yv0KeTDkmZOlDREnxvoNl8M+Dr09fdHr54NKvTA8NtIvO16MVexBZ5XrwazrsuS2LCrtBvBT7IYnXF8p5SzG122/n3db0SNFfk+UtoWQHbZKn10o5WFT6XQ9oecRvT9f9uyZITPEuMKeFetY8JL7bi96enSk9/0Mne05P/u3yv2J3Lboh3WXF/W/q9xrnPc9ut5TJe97xkGEjBNjY9XlYxNBp4s+GTnpiFLvHHm+6Dpu+n3w3KemJ/Xf8PWBr9tOjy6VvQv7s9v+3eU8n/jZru973K4e1wG9JLI9NIh6oiuJfj2u5NcE+AJyL+FjyjHFO/avcX9DaQu74PfYUieVdhL4C7aw1v7vb/+K9sdz3MOf4eMT/j2m5OtdSh5LWWdLntj4WEtYF1j34eGtkg9X6tZX8mkp7W3x+2SJe8LXgVJnyu13mfX5Qf5P/SaV68wFJS/CZss8wx6LzhC5raeUSzld5R3yoZTrIOsY85S0p5SyRsRDfqRO1B2eBV+DnxxW8jL682zpI/rjYqE3+XDtK/lGHOzXA6UvRpS8qa4BrOHBz44px0lcLyvXKvr8aKFDPGcvjX0V2eCw2scvewr44JmSJ+viqtplnqOOE/NvWDmPeF/XySgn+Ab4EcbIUfcRut6g64rLQecPD677lFhLZ1z2jHJPiX0SOeI15xv85FWlbp29GvudeH5DabOMfGZdB2QzdLGP/C7iBY+OMX1OaY8eVupEgxeMlefIkqOmyZja8Qvsy9nrsbc/6uuU82FPNea2Uwa8j37i/oJShlkwPaMNwVPRN6CfQ8+35byRGYZdfpR9wnHQ6y873j2lfjjibbjsMaVMxz6mX6n3rrYBZAwwEONK+RXaDTkP5NIBv2PMxLuLStv2Wd9HXqu+zrjeF3x/RqkbXnf8iBvr7Jrptuy81tym6HfsSkvKve10KXPZbUQXjO0c289Fp5tS4swu+108n1Dqg+LZisugLsulXbNKGwT6T+wOZ8r9qlLXQ/7HHQ+Zb9J5LyntaKNKnS42snHX6YKv2H3H3b/YLo4XmqyU9kyafuDPzihtaeibl02LK0r95Irrhk3wVLlfV8qV51xX7HcjSnvZpstYcbr5cn/e+c66negdl8sVGzR2ugvOk7FE/644nwtKex/jCxvnrOmDTWLK/bWp1KGfcb2wAy66fZTF2CHujNNi96Q+cWU+jzn+OeW4ZW6fd93Q4V1yGnBYxJ1z2VEnZFvsgJGeMUj7I/S4TthlVlzfOdfxhHIeRN7HnJ491qr7c6a0E1wQbY7nW0odyznHwV686XiRz7rSFgUvP1toH/Gx2Y47/rjzjXRgjM66zcMuC5zJidKuKPN558GYY76P+f6q879sem8p52DQ7r7rtqG0z6CHG3Od1ny9otTvYWPDLg0fGS9pTijHIrL2hFIHGOMg+Eusqe8q95PogK8p1w3W+NNKHd2w7xkf2GR/3jSMOg6W+o66P5DJepVrz5D7kTivKGWSF9Suf0AmOem4H3MAS4h+YVFpa0T3g2wR9V06kBc6bGQUbG9grHpNO3CbJ0qZp5SyE/Z21uqx0pZBtY8rZJITSlwc62DVQRx2PvQd+nnW4HHHO66UOSOP864j85f30HmkpOtTyh+UZezv+zIPfO74gbSDSvkFvTWYDewCM6UPYnzO+R04A/QI8IPLSn06PBzdaMyDeYd4/rxyfE4qMRvg5KZLW9DhoVcFS3FKyeOfOJ8Z38OnT5W8F11/frPWzjk8r+TtpJ9XzsGo65KSD7OuY39HTmB+wVtvKnEJEd5V6i1Is6S0Ka/7XZ1rY0rdKGtVlH/B7Y25+ILpwNxYddkR72Pu06jb69qXu2857yg/9AlVHxb1D/711HWHj6L3jHrdVepymIfIlheU+JUjSlvitFLveVmpLwOndUcpm1wxLaLO95X4lD63Jcr6BSVGLeTgHdPhqd7HsXbIz2uI+NsOb5R78npXiYN7XakrOfXrhGMljBy4x95/8BkBGw7yOhgV+n2svBtRztuRcn/qQFzConJ8zyrnD3s87GhBU3BQi0o5hXlY5+QZx11y/8NjT7rvwMlAm1mlLHNcqT+adbp4B+4Gv4RpJQZqTslHxpTr/xHlvon1EgwQMkVg8Z85xHiP8RT6IjB3Me4X/Dve75qm077C59BbHHf8XtOn6j6Ch2N7xCYdcsJV1w15IMZfyBXbblvMA+zOM64HdtqYN49N7/BlDB3hC0p/uheV2M/gXzEHPqfEc77uOCEzvFbSPnX+Tx3APb7pdLed3wtK3OLLziN4zNvOJ66Bd73vdkS86g8TPGLS9bnj9++Wuj7079PKMfCkPMcX4akS+/OSEjcL7jTeP3J/vujfz1w39NAv+nrH1ydqx+A+KO9fL++pzwMl/vNFX6MuH3X7X/bvJ76Ciw5syoLb+7Lb87LvWRuQK9B9LSv1U+jAwAhVXEHw4eCVx5V2InQYp9Vux0aOwA6FTiris85Xm9aI42InRSc3WeId1P2hAwb3Thx0Zujqqh8Gdhl4JHpDdGToKaquFV3nqlIGxr6IDhB94SklTkNq1/+Omv7YR3vLe+xbvSVggz2h1I+gjxwsaXtNd+xfwyU/9ETouLDHo0PDd4B+m1Ta4bD9omfqLu3CNoecgF084l4uNGQcIWfjU3Kk5NlT8upVe58xdiLtygEajCptvNBY5feE76+UNBE23U/kX32Fukt5jFfqUMuutmB0e/3lHeMX+neX/KAj910lr94ShzrRz4P6zjqoxF0+0E7qPaXUpdcxe7CM3nIf9Am+E7JVrE/BY+65D15xCDq+5N8xjmKdCb615LTxfNf1jDUm1qbgR68qeXyUt6PEmD9xurjH1yz41mtK/5/gl4t+Zl/CvTgD/h3r3Auux67v2eNU3oQsc7q8G1FipeJ9+BeAUY05ghx93qHK4uNKXQdrLPLsaSUWGP8a9CVVx8W+iHzRi9WALh39NXrdBeeHXMV+54pS54ZcFrS6rMTITbnuN5SyQ8gTj9zv0R72ZRMl7ZbjjZjWj12fyGPT/b6rtNXuur03XNe7LguM3S2lbHzf5UXcB4VWs05zWalbwbYdeTzz+9N+N2HaoMOcV+q9VpzmjlJnSTz0tugCLzhd8O9R1x1ZZEZpW19x36+btvNKueuSr+ikbij1S7Om5QNfo+/ecPkxF9gXDZm+ISdgf8GGfUG590ff0aO0pcwrdQvgntC7TynXHPQ8YEcqDph9PXIr8i/Yp0HT9KjS1sO+hP18xQ5hL0JX0GM6dpf2dbmcSeeFvvusEvOPzn/Q5bAXB9N+XqnnAI+NvH/CdWasTCt9lyddFnrVk0rsFWWjJycuOuA7SpsZevuTSjkHX4bxkhc+H/ALeAZ7G/Te+C+gEziqxDQynmZc3qL7Eb1A9T9gT3XG9aX+yGno0I8pcY9gn9m3sAdc9vWKEncPvpw4lD1R6ortjPu4SmlDxtYb/XZZqV+I8X7OdUb/PaHk61HXDbX7+6GfA38H7tX2pPAj3Msfvx9jP/bOf4m5+1jv2732/N2xrce7kL/fdrhoOn1B6XvwUDl+0ZXC87EfYbdkHJws79Bbjir9UNBjxjiIuj9w+i2lb0mkjb0aOt/xkg49PnTvUdr0GM8xlmNNvaGUfdBhnnf/4PsWdRzw72pHxuYNHuto+Q0+CxwHNm7sZeeUfJ+ALXOuPENfVvVnSx/wm/fgnqfdj8NKXPNjJb4TnTZy4RnleOIdetzK76oPU33fq+R9x0t/cz+ulMuPKeVx9jdgXyJU3Tw6EnSF6AfRdaLHQEeLLQWZb0Q5r+dLW9C1HlbuHY46f/g2awq4uiXX97QS+4f9G0wm6ag7div8i9BvfVapx2aNYe8Hthf5jb3kE+V+l+uQ0q+K/SD9AE8Ycdpnzjvm8EWnuejAeo5sgL73muu4UuiJzXZaOe/Qtw2XelOHGuCvtKueDQEvHTBd4WfYQXhX01W8I/0JRpNxecftQf573vW+a5oglz9Tyk53TY+Yi5f8Lp7jW4IuZ0vp77Jc6IquivXspukSPHJJKavfcHr4QciTLyh9es/4/mXXG78AbPrryvU6aPZYqct96vwvK33ZsDnP+z0+QktOi97yulLWQx8eZdk3/f216Jxpc1eJ37vuOsfvmC9XlPsWsJCRR8iaE46PHvOh6TTvuj9xXv2m74bbuev6BH23XT46UNYIzoJZVtrhbznfh0pfROwe2DPvuV34chxT2nSjfDCG1AV6nFDKyjdN7ytKv/VVtduTHykx4ceVPsybpvk9pR2BPUXk8THlvglddLTxgdI/Z8x1v+308PZrSuzEptI/CF73ptKHLOjz2HUcdn+BJcTWgF31pOm+47reUuIe8NNd8fWO8pyF+0r8DPIadiTwKfg1sb8aUWI58UtEJhpQ+sYGn3lDyS9Yf8EQIUOtOR17LNZ0/PK2lLgtsLpRl0+qfQ3HlsZ4Gvb1vlIGRw5GjsfW94ZSL7/gcm4p7ZLYs6sNj/0v+c4q5etp05B9NPiLWeUcifYhV7JugtGOPll3H72jHLPjSn9o1ta6TiMfP6/cW5xR8mPWutOlnIj3VOn3jVx/o7TzohI/gL/8hhJfhq1zwnEeKe1vyOXsccD2sNbWs1noY/Sm4NnHXB6yHPIJAZs9OED0ZDtKvPxCKe+oUiaEhuiQ8UM+uI84oZTL0On0mh7HlGN3rvQn+lP2UvJ1rOQ1UK5bSnzpitrlD+oHhnJBiQnAZwN72GGlHEnfRz4x9867L4LX4cPIWAD3j4x6VrkvZP0K3rrqONjDoo/XlLayEd9Xu+KqEq+DHZbykCkZE9SdtiHTH1X7uUMn1X5u0GHXE5zssu+xZcUYDb67XZ5FG3eUOKhBtfsSXleeM3ZJuTYTZ1t5BgUYT+KCtbqoxCwRL56ji8LvIOb7BSWvnVP66q47bJjOS36Hbg1M1pLjX1GeO7TktNf9O67IzFtKbFnEwT8YrCR7ZDCFt5QY0Bkl5gJcW7T7iOkSz4P3vWu6x/tdtw9fDPZQ6NHAWoCtXCq/l91ncyUe2LwLSjkefEe1gbB3DN0zOEZ0JVzRVfA++Fusc7NKmQncXYx7zruZNV2wAdW9Gv6ayIj4O8JH4M/ME+Rz5g68jD1a1Y2hz/qych+GPqKe+RYBzHHU9zUl/7niMmO+3FD65EZZr5uO2BUIK45P+u4Sp9pgwJ5XvH2X0raBLo39ILglAjgh3kHTVaWc0FPiYzc5fCBgN6p547eDbwW/615wwPQC0z5UArrTIweefxBmor4744CdAF0dMhz2VPZU3SU+Oq9TpQz2fuxn654bvAr7N85gYK/Os7p/B8NHOtaCIffXaHk/XH6zTvL8dKkPY5y9M3kPlXzZp7O3x2ay4P6O9+eU84O6jyjPnsEeg/7nZIm/oJyL6BVoN+OLdUYlDzD1Mc7ABcOzLh24flCYOXDfe+D+8q+TLspa+YBnEa6rnf/V+5kP+L3wAc9mlHiyg2GmXCOAoUGfiH6Y8YXNAZvSReX+4WK5v6g8L+Wy8zmnlKsJ0HhT7XL1/IFrfX4woNNjLeE5+rDoM+SwuI91ATwGelHG/UhJhx2o70B7Y72+pzzzrdt16FL6H8a6EevioBIzF2N9Q3neDvaXo47D/Lyi3P+x56yh9t/B+9/oXdAPe9l8eX6jvD9oM8RvYa785vobpaEPbvw6v8GSQXd4BHIf9EKu7i/PsD/hO8+z4P/wF/JlniObwxP7yzOeVz9i9h5RF/RTXcp1mLqe93verZQ0cY/vFfb24fK7X+14EOzp2N1mlDgD0vSoHV/QqTzTUSV+tdXX8s8r+V5PiY9Os9r0wRWwvjPv8XOLfvyi9s9n+0Vfv1ruf7E8/9yB+wj/Uomz/oTvv1ruv6o8x5HwpuN98gPefcLPayDPf6v9sz0/63ghF8W+CExBzOnAD4ReIfgCGKo3/Sx+P1I7bop3bzofMFqvqB2zta3vPGf+YXlfn4FliHDTdAtedUuJg9spvx+V35z1F/0YY+eMUm876f4P3oKdAuw5fgXYQlkDkElinGJ/BOMS95yfeM10jT1FzIt5tyUwEBtK/ehTp3mq9OmJPLecPp4vu/8vmG5gAYL+6AqxkUZ69kyfNq3wNWGP8bISn7joeOMuc9NxfWb13vPQgV51OWu+PlT7OY+cz3PO/XK1hBWl/hZd3LzzYh08r/QZY+3iXMK6Hp9V6tgWy29sgGBGsA+cL/mBNyAtWM5FpS57seS34jpcUfrHgF1nPWcfeDBMKH3MFpR+VWBZuF8u5RAuujzGIGcMoGNk77RR2nRO6es2U+h613SIvkJvBr+OeLGex7xCf96nXJM44yv6Gj9O9l/sJ4IO4BDB+5x1vSIv5Ihp5d59SokNuavU/9xUYs7Zp4wqbf74S3CWU/XBANs3pZzfZ5TY9jml/gwdCzbZiv06KPdWTBdrDvs7Qs+BMKD0WT7yAXEpg736wG8Qor4xx64pMSTsY2v+yE7YgVnr2SP2lSu2T9ZM5Dnkh2ofhV7szdEn9rqf+5Rnd2DHPq3cc+KbgO2T+kwq8S+kr/gYQm8pA3+hM8pzhcBpsn5jV4oxdF5p00eGZZwhQyFvgalHN4tNsOoa2M+hi+T5UPnd43gbapfD0NVWG33V4VYdH79PH7ivATluXrkP/6B8evWdY7CGqM87B9Ljb11D0B1MD3tFbAH4c6JvCxoGX5tV+n+yJ4FXxdi5UuItKfkl9mAwO6QHT1T3M8gbz5TnnaD/21TiWa4obWCRnvNBgv/c8e+YZzE2dpRncdxS4r1vKW1Mu84fHB+6z1hTt5RnQke5sQbeVmLV4duRJzIae4TI+5rjcu5t7S/GHX4WXUq9OD4PXUrb6Yhy/UKfg46EuXra/dupdv4wUt5H6FHOj6pHQaeHnYv46N7ws+Hc4GMlLT6t6CB61K6TQE9RMSPD7gfiD5Z3V8tvfFDgW/Cwik8YKs8IgyX9gPujpiM/8GXky5w+WZ6dKPnBD+CDrE3wFCltL9QDeZOADvCs77dNC87kYv8dsveky7yj5NuskbGmwyNZZ5Ab513+uuOz9oHzmXAZbymxheigTrlu8fyGaXTL/cT+L/gNWPkvKHV/6O/hn9ilL7n8GPPI132ua8RdLnQYUJ5P+THlGXGRdleJ10LPsKw8izXeXVfum/vcV+j9waNix6v6sHFfmQ9R508rbVXnXC9s18tK3DMyxuUPCNjesFPhH4JcxTo5obR/jf4GYV7tfpZcq40V+XlBiUvAt5iAbvGw0k6GPIbPZ41/vATeY1+uGFVkKLAq6BCx90VeN5TyZ9B5RHkOyVtK3fjgfyIgl4I1WnBej3wfdLiptGPNHQhnlbwfLAVhQYntqvzwvhK3AO6GcwHAvlSME2tojOPzjstehv0OgTiP3T7O+mAPG30Za3nM8+A128q9csS9WtKyt6vPwc6+qsR3bDr9feV+7orrCUb9hp+R57zS1nbD+YT+IPazMYaNTz90098qinrHt4N+0bjCbcdnnQ49Rpwn/Np+vTrDHvR17c+J867vE7fDMkIHuJAHSh917Fvsy40R2vNDXXc9sVM+dJzdQn9sv5zPHHz2c/vfP9rby08pfW4nXcd/pn1+eNHXaMvHfB80flt55lPEjznyzLQDu3XLY2LbbYz0LyjPfmWNAuc7pZSnsG1bluy6ZszujnKMcs72Y9Nmx78fmQ63yzPOHIv7LaXcc873vLvnd5xZsaP0XZ53faMs8Kp3XAd8J68r+X+Mm1fcF6MuBxz+gpL/gPP6BSXvQpcHZpv9Fest63pcYw7Bg/AJkxJnWXGorPWHlTjNbiVucLDcS7nP/VWnAZPO2oQdiX0W/As8OPst5K2KD8Y2ivzI+WEzSpwsbWcPBmYCWQV9MXs/4iITHbTPsq/mnAZwmqdKnuNKnCV7D/bHh5VnyCELYYMkX2iOPrdL6VM3qdzDDSjPNmPtP67UNYPx5GyGamM+plyT8NWknRVThP2CumB/g57gdIdLnsgYYFN7lfIouB/GJ/vw/pJ/tYcw3liXwTl16zt9BJFtqzyNzyZnNVDGkQN1o/8Z1+wFKB97JuWx52C9ZpxWfcOA6YfchZ8CfdupnGvoMZhjJ5V6jwnlGEA/gg6BvVB/yRe5nGfsJRjLtJO5VHFkzAHqeazEGVS77qLigqE544Q5Ab0pFzwx+qb+co+8iM2fwFiATp1Kv2N0FnX8UsZkoTt8EV0G9/QdOjJsO5RH/5w4kDf1p0+RkeGzlAVt+pX+vdShW4lNO6wcD4y3I6VMxgUYC67o+KAZ+jL6ln7qLjSGpuxb6TPwIux3TynnDv2JLDClPH++Sznm4XtVlzqgnK/ocKAR47OuWQexf4w/7FTwbfgJe0/yIj94J3pWbH3sR9ln1PpxzzrIs2Pl3UR5Dq2gZ8UxwgvgaayVzJuqA2Ysow8ZU7tPPHOu6kOx+zGHKl8YKmXDV5irrHmVB9NXYGWOlHeTJR9wNfNKnktZ1a4O/0V3DkaIsYauBB4Mv2H+MNapD/MTWlc/oCo7cAYS/Aj8CL5i1Lm/pCNfxhLtgMaR7oySb1Z7a5W3Jsoz1mT6gDKOljzgLYzDKv/Ak+CRdd1hrKHP5axF5AOwF9XONK3E74ScvqQ8s2fa+U8p5Z54f97P0Y1gG0dfje5sXsnP+pXrFXtgj5m9byX3Kn0NOI8g2rHmfsK2uqP09Y29zTWln0bsG+65r7CLYZNjbxZ1CntwnLcScvPXLP/H818zjTYdZ8nlh3079lhxdvLXfY29x5su52NKf56wN/+S0wV9Y48Wsu3z7pOoC3vADV/hKewz4/0dpV5tRYnRRJeMHfC88jtbE0qsKfpf8Mdxz3mT+JrM+T7ymVSeVYkfBxhe4o4oz7XEFzCeP3UdtlzOgtIeCY4r+oj9YFzBwgdN4CsV3w0vRQa/q8Rho+u46G/3hm3/59xnn/H9lvvtl90fu6btu82eL9rENzYvKfUX2BPZ86Fju+g6oAdB9wEODxsd2JzY11abBmd5DptOA0odw7BSDzms9FFYVc63HaWN8Zjrh7w37/ogG2JnxD6K/BH1fkPtvsHX3V+fcD9z1ln0Z6/7d0d5/ujrbucFtdt1F5TnG4Fvett5cT4W/AudqpTfq2Dtw0f7vukdNOlTntszp8Qax/OYp+ABB1yfYeVZ9PhP3Ff6dcwr9Yf4waJ3D7pcU/qOsWc75jyOKuW6y0o9MGsi9pqIc0vpxxJjbFmJAz7qeh1RYsVm/OyU8jtK6KDh668o/Z5CF/GW8iwesO3wZM4EmnN/3FTydXQj2Chvu30xJ1j70CNwNtc55ZjEhnXV8R4pfXLQn6L7jva+6XYNKc/NgnesKec0fcm3azzH3+eBw6Yr/K9L6ZMFZpS1AT5z2LRlPrCnZI8W/XvFvzkXsO5Zzyn3xtgXRjKfjleU/tVP3L4vaX8tCZ4U+v7AO31K+7oO7F9f8LMIn/WVb9fGN44+U8I7fvepA+HgszsuCzzWJ0v6z/j5mr99Hn12wbTEZ4q1Ke6DX6LnwuYXPDjGUsy7m0qfgZvK72sFXef33x0CJ3Nnv34d+EOc8zfUGxp2oPuJOv58k+br1oFG2s8pMfpBs3eVctwbrkfQH10zZ2tMKWWjiuPoV9plwVgjU7PvHizX5XKPjZB4YM2Rm9lXIEsjt6GbGlHuEyIeMiA+2pzpzW/4ObqrowfS9iptDpzbBbaHORD8fMk0Cn4S8gV2xUtKG+yU0k//shInMqQ8s/Gs8hwJ+PaQ8myYGBcfdR0/636AL3T6PXrKW/5O2zXlN3pjjAX/iXUjxt0XXTfwDREn5sWbSl+86O8YFzH+dv0u6vrYeUVo5MGOU0pf3eeVeDR0+591GaP77zvwI/y60hYy5Tx+xe0InWyM65A5YlzG2oi+P/KK8YCfTLQ5xvMD13FC+W0N1vJXlHrdiCulL+srSowdOMEN035b+T2QF9X+neU3lOcmcSZdXIM3vaz8xiBrxqtOh581ddxQfuNjwPGQ92657Zyj9yW1f38YWeq68oyHR75/4vvIA/kU/Bny17USYizddr67jvNE6Tf5SPk9H77bGGsNZ35cc1zKj7G2qvRrxV5yzXTgHFHm05PSji0lr7znNJvug6jba8pvKm/7WnEQt5TfaLzn/rjicreV33mJuq45bvT7p5SYROxMl5XfmHignE9hW3nFv9mffEVpN3m59DP9xDlOnMfFN6Y5Y5Q6M6bu+/626/KS0raIreyx420rvxUEbS8ozy58oBynkde66QTGhL3cuvO5ofz+H/22UfrpZeU3QG8pv3e9rfwuDXutM27T88pv1Gw6HXLyqHIcbTve9VI2/pJbzoc5e9NteNlxX1V+ux0e8ILLw8616/7fdrkPlN8IhbffMi2Yh/QNe52HfndfeXYteJw3ld8DB5NLO9n37JomwYt+3vRi3GHbflm5vuw4r1eU33TnnK9Y65Bbr7u+D9T+nXf4J7+3yz0yBz6K18tz2si5msy/W8pvDzFGGbePSzkXld8jv6UcT8H715Tf7twq+TEXqNMjJTaYuRTz8onS73O30HZd+a0kzjTdVuoFIp/zSr60ozxf4oHbc91lv+32c44G5W8p5yr2UtLAfznnYkfJt6HBmmmAHHhd+Z2l66Wcm8q5vWu6QFPGQtB6sNARjNk5pwuZI3jBW8pvWPF92U2l7+1N14s1n/EK7pp1ATn1ihLrdlfpa3tDOf7h6fAZ1gn4IPsc3lX+j03+s8qxAc560+8vuc4byjUBHN668mwT+BvrEeN74wDdkM2pD/1Hfa4q18Edv39B+X3ULeUYg3ddLeVA85gnzwpNXy3tYy2HD9/1M+IGbZ+WfptT+zeqqe8t5bgfV9rP4V3wxF2170nAUjAn4TO0Zb30W1zZU4N33Chp15VjhXEDjRj3cX1U6r3lNrOG3HAfR1s+VWhDnbZKndg7XS3vqQ9rDu/AUtEn8Tzk7uABR5Vj/67zB2caY+pOyRe/bnjPuhK7Al3AdOIrQJ2j3CNuH2ML+u+6jJA1AtvxDf+OvW4jZ3Z07V/3nv+aw6/4Grq5wCbEXjXWF/bKIVOHHPkftC+Df8bxvu40X3S8ePY133+x3Ee8z7s+X/Fz6vcl54e+MJ5/2c8/4Thf8/3nXK+vKHXA7znt5/37a8p9/pd9/ZyffdVlR74xdmJPFfM3xnnsMTgnkr0WeoTYa5zQB59xMq72c+6mlefwoQOeUJ7vEr+D71ZMXI03pvbzDkkbdVpU6mfjettXZLXYq15zGyKfebfzptJ3uJ4XxvnZ+NjE+zm3BXwOGBAwYdCE64TfBb3A0gw7j+lSf+xN+BQTB78fcMJjSmzAnBIXCAZ2Qum3fdfvwFXGmouPBrpu1olRpY4RDODx0rcnStkPlNgN8Evsyeln6jehPLtvSHlO60zJD1+vU+4r/HjvKPVwI/5990AbGUvooi8osQ/RR9tK/y7sdGOlrejj6K/gUYtK2x524nklxgg/8eNKnPKsEttxRjnmsUeOKXV1p5R6TdoFDSKP4J/o6ZDR5/3+ofPgfIyIf0+p30fnC0aE+Rv5xF74UakXfuroa6ENWFF0OzyP+02lfh7a4KcxXsq6qzwXZ7fkg46VtlJu8HkwvKeUvvDowrHFUu9Ix/iIMl9Tu98QuqgYq/iAVVvtDaWedkz5DbARx435Dk+YcBtmXcYD5RjGpsX8OKI8a5c1qdqkhtTuh3ZdeebTjOtxVXmWKfGPKfXCp5Rj/kSJP+PyTpZyZ5TYG+7j93KpMzwan8KKRZ4p5RGmfIWGW+U+4t5WYpgXSpkzStxtfTel1GvXeNhPzijPR0AndERpxyGvEZdNv24633gn5VglPvrH2VIP+NiW8qwReDY6evwuOB8u6hnj777LZz7F3uYt91k8Q1d11c/BZgbvjjEa603wr5gfsUbtOM1V5blNYAawPS2V9/jTzPv3vPsRnDZy7IzyDMnIA/9cMIwbSp4ZAT1g7NsGlN/MGlf6ikb92Y9PK7/LcU2p776rxCRgG9xUnnUGjc/6ynce8VEaUK5366UN2OQeKcfJpNKvdECpBx5zPaOdMV7Rew44T3juhOt/Scmj5tznnI29pMSP06aHShkEubRLuWcE/wkGBl7HO9bcoMVt5Vo4ZFqC88cfGh6MzBH17lf7WSy95Rl2gMgfHFrEuaW0d0Y8zsEcOxCqnW1A+f1rbE3YLWraujafVo4B7OhBhw3lGWWcx0G+k0qsJO0FKwC2lXnarxxLYCOx1XGe4ckSB/xU5AG2nnUd/Ne0Eg/GvCBtd+k/7HnIUJwlN+zrthInM6z0dQFny7oY7V4r7eEsnK3SpqjvbaVNBhzNmPJMwiiDNRL7Pn5dYGpZSyl7Wsm/oCVyzS0lBmii5EudwSqeKGUwdsF2RTvWlbYoxkv1xcBu2usr4xp5Bz4CdqliMMD9VPxchJtKbBd4UPBGvS7jqRKTFs86lZhXMHdTStnoqHLeM1bAw2073ZYS63dXybOOl+fBp5aV9vllJX4Q3CDtAnMX9YO/g3tiv8UYCRmS85x6lN+7PVryxvcKrC2+UsxNMJnYJxkzp5WyOT5rcY01EF8f3oM5RNbGD2nE9Yo5E+N0RumbLaWdkzkJbwJP+HkltmxGaY+sfAkeD5+AduSFXPuC0lYJPvuS0y4reQg+BrQJjB/7oXgXcyDWTM7fjLQPlbhAeGO3UvbCto8v37gSfx79vFPS0072RdfVfpbUUSUGn3mAXNxXaBN1O6+0Ad9UznvwtPPK9ZC5A26OuQtOaF55Lns8tz3z/f3agnI9Au/bXwK2cvAV2BnBSrLmYG9mTwD2fqnQL+LGmGrmdEeTT0e3Ur84YZpx1kSs8+BfFkq8CIyTU25ntBGdITLIReUekHUFHBJ1xfYz6N/su8HXsAdB3oi2vO72h679HfdbyIPvub4x19CXzSmxV1H/C04beYROaNX9EeP0NccLGZR1ftNlYHOJMX/ZcWJ+Bu962c/DfvxQ6Tv9SPk9sHj2hsuLvkemvqG0ub/sdsLTsTeeMQ1vm97oAav+4o5SB3DZdHzDtHvLfQEu87rpEP3xtlIX+ND9eMV1Y5yid+WcrAfuF7Bjq+7fF5wGPdNdp9tyfpFvrN/rShngeeWZxs8770dKmzg26yin07SEf4MNYE7CgyJur9KeG2MZveui0lf4lOn/SKkvnnIdhjw3GNsfdR8zD7uU+94oL8aq3D5+M197lecUs16AF8MvIAJ8n3UUHyvWt+PKs8yC3uC64QngKfvVjh/mbMABtevCBpT6pq7Srh6lTzTrK3LylHK9GFCeeYge8rhS93lMyR/77Y8YY+xjxgm/ouQ5F5T8JsYCdoknSj1lyCGv7eOM9/Agx5Tfior3z7ufbIfYwyQ9VNqsHzremhLn9Uy514843/KYQFf7xj6+6X0bPnbH0BdfUn7/J9K+oLQXRx8vK20L2EawTR9xXbZch03fMzceuJ+xFz9y+2Oc/rJpFs8/o7THPDCt7+/TMrBZ79v8gx5TSptr1AN7xYbTcj7ummkwvd/+GN8d4L0nlbZy5jI2NjAfwWNeVZ5Jy7PgE8y/MeUZQdjYQud+x+3h7ItrpYzX9uuyZ4OIcXNVeTYuduUoN8YQZ9++VNp8U3le7jeU+/4x5xHj5VeU3x1YdfnzyrMPt5TfI4nwotKfGBwrWMioM9+KjzK/6nIiz3NKPClY17tKO+FF1wEarCjPqSIta2z8Zm4fVtopqe95pa93jNHj/h22zpAVHyn3gEf9DvlnTIlNib4Daz7lesXzN5X2JfocHA16tw2l/zhjLtrzxPl9TXme8pbrRhrs0NPuT8bUlvLcfPzIIzywL0C1cW7q/T3GHu+5XgJjmvUW/Nxq6bu4frPUcbTU9XXl+c8R72NKHwbscfCLh36H3fsl5wHNyRd916xyPK2VsiPNjVIWfY4fQz3XGh+S86bps9Kf2Ho5B548aM8nGnqxFwZDF3LKkt7HDnf0KHF3TX90sA/4uuuILTrSex3riDH/lea67P5ADz7q/mZ8RZ2M++8AZ7zrNqz7/Q21Y40elLb/nPuT/T8+EYseD9jN4QUbSnzPLff5jvsJvOG3lGN41O/fUZ47QIgx9arphI0t4sQ4hl9cL/GRn99Tzo+KA6g27avK72hsl3jY78EBcM7e1ZIP+6CrpYzRA+ki3C/lUjZxwPnFPP2q359V+9yOK3Z5MAn1N/iXafcXsjN7o68oz9l5z21BRwUuF1klZDVkHvbBA8r9JH6ByFTTSn+sqq+p/nUDSsxv9SMGy4tvWcgK+CESf0zpv1jPHJlT+j4OOE/2uvhcDSn33OiGsLvht3HR77FXnFSeUYdPNHtb9Aro6PuV+hru0Yv1K79BeFx5Jg7792NK/Q++X9i2sI1QLrovKb9Niq27Rznf0b8iI6PDXVT6bcB/YlwFfwADAe4w8rjhuPeUZ9ZsOc6K2vcip/bb1xFtDFkg9oIfVe4PY87EuI7x+ch5M3/AsJxWzgmwfutKm9i2EssR5XaXuOAZox2cnwj+EzzaHbfxeeW5I73KeXa3pIn0n1eu+ZvlOTiaedP0m0ps1K8qz/kCBwI2hnNiwPyQPs4hYR5i+2GcBf3WlPpT9HSL/j2u9G2T8rsoR5U2Wvwo0YWD1z+stDdX3D76xUG1zy32hfhSo3+R2v2/8dvFV7fqX5jDPWr3yaU+6Jz6Sl5dSl/veu4EzwZKWQMlP3RUg8o9Fn486CSpE/pCbF+XSj3AYjD/ONMG2wGYzqpLQ+8e784foHHUJcb6RaUfTlyRqdhz0o/8pp3YEvCPhI/WcySiXowR2lH146tKnVrkt+D6Vz0Z/tjwnEG1+yuDLYDfzCvHD/p/fMbQXR5zmbNKXoWNjn1v0HLNdVhUrrEDSp6K7hw5BwwIumnOS8E2y957Q/mtQnRi1VYB7waPg48JPtk3lbZ96ne21AkdPrIU8xb/GmyqV5RjL95N+f68Uncf9MDPC9sQ/Qt2ZFWpq434wW+QNZdNl7qXGSjlgl1jbqOfnVTaiXqU/mlbav82FbrqFaXOnbExoFwzLxf6w4ewHWD/Yr2LeqMrpd7RdvSWG87vcCmL8nacDvtirDcLyjUYvTTtPVXaUucZfpnYFsAeQLtdJdaB8XhOaTuG1ugc0BUxfqETY5TzScFzRHr2jvTZmFKPXM/tQK4Cn0Lf0ZYYJzG2riptMoxd5CT2RVdLPswBxiv9Rf1XlHYn7MvT7kP4CHLLpPI8rQvK712A+0G/Bs8/VuJgLz+ttCfFuAbzBh3Q14PZGyhtnS30n1Xyu2NKezb+7fTfEaVO/r7yHJNzSlsyuvqV0hdgr8A+YG9cVrs/7PmSJ2OZfow5LaW+inFwutRr1XVA93ha7XajAaU+dFuJhzmpXKci7ZwS2wbWChxZjAHWQeQOfORZC9BlVpxPtfFSv3klJgFZZ1CJzap1m3U5rLmLvkd3Sv1Ix7Or5Rky+qBSvwuNGHNHlDgH+NeKctyMKTGVzF3s6OiCSYevLHN7Tim7rytxYsNOBw9eUTu2AGwYexT2OmOlPOo7qhwTrE8DSjkR/gjW6ljJj3ecfYFvMbjB0AfgcxHy+7vK8zihTawJU0oMS4xJfOywm0TdYj/Beh5rJWcWBF1Yq6ZNM/aF4Cr7/Zy9TNQxxhpYq2gvZ5cOOv0VpV0BvAQYqxOuD3ZQ+MSkacR55ewTsd2yj0SeuK7ERkHf00r7AGe3r7teyOjojTjDcdztX3J70QldVdrLryrXyAkl5hmsyIByjR1Snr065Lqsub3ofQeV51HQTjBxE8oz37HnPHR59DO6YNaOK0oedMzv4C+sk/jPwhOZn9AOGW1eqTsGnxXxwc8x9meV+FZwi/CxaeX6NaPEkZ8u8dirH1FixEeV54tCV3jqtPKbN/Qz/vqTym+0Uxb1Yx8w7HqfdrvA4iL3gHM4rcRiwdeQcf0t9fd5NDwFPUTlecMuBx0kvAf8L/sM5Nwzyr0V/THnfHdd5qbSJgUNlpS8fFKJw2aNZj2Ma8gK4CaRk6kr9Ucmo23Y+vFVr/Zx9jBgXh8o1zT4BLZe1mZ4OtgYxh/rVu2vU0qsOfyWNXpUiVkC0zlW7ieUdrsZ5TeZWU8Zc2Dd6lhZUbud8VTJ96TSxgGGh30o+iLOkGDcTJX+AicOlmZEiTcfLOWPKfdzJ0teM0ofB3gNWGTyel35/UDWZ/aXcUWer9hB/ARYGxaV5w4jc1Z+PKzUwXH2Bpg9+Dl0g86MK+bi0VI+6cFUosOs+r5a54qVQu5hTSEOmHvuWX8mlbwCrAlrybjafSTAEVKPZeW4g5/G71tK3CBzDj6LzAi2l/yRg5D3RwrdGN9g4ohf5/3xEoe1qcooEYe9YZW7qv8GMhk8kL5Cd0D+047H+lz9RKBpBHAI0LvSHmwm42fG16lSHvSHV9AW5IPjpaw6dqgP7cc3ZaLUBx7PWsm6hqxD3seVuuvI56xSDzWh3AthG2BdRF7Gh4P2sx5RHnZn5v9iqW/dy18u/XbFeSw6zqTav3fGPhk5K/LqVmJnkXun3JfEh1/HWAGnOqr2ecBv6l33DRUvEe2T64ieCV03YxOcH/NzVCnPgm8FF3my1D/m15rrSd3Zg7F/RvfF2U/wWnyUkE2Ym6y/zC/4TuQXOnewlvAz1jNwW+DmZ5T7fPZz7CfwaZt0mr6S12nlugp9wMHze0nJT6aUOkTWFPS+6COZQ33Kc68q3vuYUsZifWEvjw4FnCx8olcpI0BjdEi7pa3MyZBTwv5w0e2LeoXccUfpl4GOJPIH74JcfER5XiO66yivRzmm0buig0WvTF2g0+kSF72zlN/iGFTqzZFr2b9xlgtrMfhD9idRd2w2QStk4TnTcdtpz7qMe8o9W8UaScmb75s25LGm9BuCV8M/aedFJRYaGQl+GLwC/NXLSl3bY6XszfhF/sQec0TtfABdbNTrRaUv5AUlpnmp9EG0a13Jy+gjdJFdSlva60q8NrLxqNJWcVV5tiS6TfJAF40dGIwZuDXyADPaXX6zX40+ibF8e59OHfOu+9f2caXv25ReMW2Q1aaU51KB5Qvahk3906b5fecV4z/G/gPT75HjPvX9J91fYWN/oSl3wPlGnq8px3LgBz6nfWzPl5S+6y8qz856S4njWXCcaMcz03XR8WN/eVf5rcGo6z2lveCe8gyHLdcraIZP1ZLyvIO7buObzndQabeEtrFvn1H6Q31U6WN/R4mt2nGdsRveLnk8UJ5P8rr7Jvyln5R8bynPHrmvPHMjyo85xBlAY27jjvLMhXtKX/e4Hi3l3VL63YMPuqY8c+Wkcr8W/d+nPLdoTt957hB1uqn2M5HAQNzZp/n7fpNvFJqAmYvnh13vfiVW45ryPIwbSnwQ5xTxjrKuHUjXZZreK3Gxm95UYgyr333Uf1SJqdv1u9Xym/FxU3n2B/i9HeXZKiOFFjf9O+K87PBEiZkH29zjfrzpe9q2Xcrj/IooZ7j0300lDpkx/dhxo+8qnms7297Rtz9XO/Axu678VuMl5bf7Ipzez2PP3vwN5RmbU6UccGjRr8Grzjoe8kq1l6CvR2de5fwB07W79PNj9yt2jLgGj+x0+7Fpc56vlHtr8JDoigjYp6ofDrI4PB/bMWt2tR/eVuI8B5RrNHY17Mf1nis8H91+txJHg6yADEGaLqXN46zSDjeoPO95TLnGYG9gbwsGGpv5Gfc38hbyN3WgLSr5DZd31RbedaBd6FFqeeSF7xJ1juui0v4i0xs/G8Kk04LxgbZH3J/gi6ZKGyaV62bkEWMU2Y58WRfpW/w00IszJq8qZVH6g3bjr4jNhTbWcwuh4aDfnXHdKrZxsARkwR61Y8LJn35AdkDn2KW0/4GPivfnlPJElI8u/LDyW1ajJWAvjLLBRPYoz5utNkt0kCrPqCOYD3TGyE6MR8bFruuPDwG4jjqG4npdibugj6H3NeV3UfqV4wzZLMqZOHDfp/z+BnZd/AG6lPrebiVuGJxInSu0NdIEf3/oPE74etHx8TMAh3RKOdZpL7+RK6FVZ8njsHKcYodnT4DNsVOJ/wDrg+0CnsO4Yl7VPusueUbc88rvQqCb7TzQj7Wv2LedUo415g70rXOR9/Bj9iyMF+LAh3rL+wjB58EBrih5DPnVvRn1o+2HnSboA/9lfDEWoQ905zf2Kal9/iGrI8vTr8OmJWUcLflFuFjesVbSl6w1y6X+zFXKi7izpTz2D/i3UH/GOWtpV/mNX6H8m73yVKEj+R4p+ZBHhJuFRtC9U7kedZfAPITW2Nx7S34xluYd55pyjJIm7vFd7f6A0FXK6jvwrGLTwJyAI+spcRhHI2ofg9X/tNaHfOElneW+X+10r7Q44+cTJU2P2scFaakf9Kt8ArxbvAueNFrSd5c4hLOFJlxZh1ZKXtABWjD26Ef6rFs5BtF11PHAPXUGO3yuPIe3MG5rffvKM/Bk6Fbg52DrIv1uqSeyGXWEvsgX2JrgLxV/eLvEv/Lr9E08W1a7DFj5fPU1Yw4Tn7EG3ZBDK//vUcpAzPuo347Sd5kxTTzWPO6jnFPlHbpgfuNLy3isY7au1dAH+kHXlfIcma3OSeYINOMseGTFio/rK+8YQ+j2WMvIt7fkr1IOfX1w3T6IkWbsDah9DB+cG51qH0P0C3n1HCiH+9lSp4Pz4Zja+R66trpmMz6RU6POm6Vc5i34XNbTg3JjlecP4mY/iG5VrmUN2S1xeU/dKn9ijlXeP6ScH7eVPBRZcqjkd6o8Z2yjS2NfyVioPADaQo8qB8U9ulPW1r7yGxwTe1h8YJHJekoc8h0ttOlSyr1HSjlrSn43XGjaW+J1Kc/jOKvcL8OT6tpD2YxB6DbotD1qx46Ba6ttRb5gntM/7G9m1M470OMzLulz+rjKkNBjpvQNvLPurZE5GKPQOuKAlUR2nlFifIKHPlWeTUOZt5S2vvulD+v+NfYU4I+wQ2BHxPYFXStuYkGJYVpXfneCMVn5/6zbt+p8b7veN0ofjrk8xlW/2r+FOOe6B08F73JTicPZUWJgwQuuu5+oV5SxpZQX4aHwQPaJM0573NcoHxzJuNJHBAz0CdcbmzBYMmROcKSc08A8wxbbr9zHgANFT8F7+Cb7cvhat9Jm3VPi4ls0pvb9LLomZO/wC7xX6gKvva20P9Zx2a3UrZxT+mGBpYanvOS0KyVMKLHq8e6S8/6i8hu8t+1fzXeXdpV+BveUZxWBI7rktmPLDhqBo4w6vaM8uwlMxJRybzOvPN8knt9SnsvCFR0M/XJeiU/HpvlKoeGU2s8exCZ31jaCsAOETYBzDLDXT6gdP1Dt6djuI685JSau2gXBtqC3AB82r8QEcu7MoNIOHu9/QWmLwp9jxX27oPR/WvH9ovsYPCJ1WVf6FV8u6bHxRrxrSnt+vN9wvckXOyRtuaTERhw3rbCp41N1UfmdKdpK3046b3x4l/x7wu/XlL7gF5W+AEsuG2wfePs+5xcyx4ifgfOaVTtOCIzXostg/GKLm1CeKR5tAvu8ovS1hs/jR72gxH+uO89FJbZyXImhwl6OPTniXS/tm3V+M0qcKH5Xm2r3Y8Buij2c+X/adQOPO6fEKdCn7KFnHVaUmDTwn/Xdot9Rpw3fg9sE8zSnXAvjuqP8Bgnr5JwSzwx2BT955ti88htma0rsAu9mSj3BqI0osacrfs5Yj7oybqdMu1tKP1XWMvpqsfRjpD+IgZh32+FvtJHrWeV31/j29ElfZ0t/4bM55boxji65v2fdrgUlzmTqA+JBL+YQfb3iuMzFaeU3vhmD80qed065tjPWp5V4ylmn5xnjdVppKw36byntpudKPNqPnXXBv8FhR7pJ9zeyBbiNLdMcWxL+kmddZqS/6HqsFppeUJ69id/brnKOwQP4fiJtZd5fU9puppRrLFgo1lV464zL5x4M55zy7J9rTruqXDuuKL8px7nmM877vPLcg/NKP9ZJvz/r9LRn3DSM8rf9fl3JDy/52QXlmRacsXHR9FkpZS4o/XviGeviOeUahg8p6z5Y8UrXHdN/We3nKTCnjin5MjxqTolTg1dvKr9z86oSI4C/K/NjU/mdwtqHyAu3lXikkBluOS19z1oKP5lTnmnN2rSh9GGfV86LWT9jXoJ9pO1XlN8ExC48o8TRz5V87jntLSUO/qxynV1Rnlc0reRfF5S8YNX3C6UszornbCVog08DbVrx+wXXBzv+ovI7hmvK8XxOed4W8/2K89zy7yWXyxzdVPL5yCfksavK8ywulPquKdeZ+k3QZecJ9vms350q7+aUfAK5JfK/6bZu+flTJY4onoHfZE6uKX0K6Fts0DOmFVhy1iDGxA3lOecXlH6Iu8rvDS4dyGdROZ/WlPOKPdG845KW9YL2wDdPK3EizC941rxShmcOkQ98iXt4+nHnP1PaP6s8L4D6sw7hLzLu64bpw9hbVMoirNsLbgftYh1hTDEu4/0t03ex0GNVuf5c8ZV78O6MO9ZvxhbrK/WDr1A31iv8G1kjjillL2TLBcelnYzlM0o5el3pCwKdWMtrfyHDggNec31Zuy4o5bB1pT/EvNLHa035rYK5AwGZAzmSucFZ0vgFryrHBL4mB9ORJ+1mTs6XPmGPQLpzSvwm8s1CyZM9CrjDJffb1IHy0LksKmXpo6Uc+Djzhn0GYVk5h+lnvpULXgCfJfyfmIs8v1bqC/Z1rpQ1rOTV0AL5ANwsc449E3sGcPUzLmu51B3Z/VSh55oSe7as9OdhbaJezDVoT50XfE+51A85Fvl29UA9L5Y8l5U8ebZcK78hfZ0H/J4vZTP3F5Ty9OyBePymPpXPzLguS0pZjXKWSlow1bNKfHodk4xVygMbOu/4G4We0yVf6E5+yAuLSsz6QVrV/uGevqvyf13rl5X7Unj0qVImctZsyZc4dT+GHmyu5LnkK3kdL3EZy+gYkH3OlPwjoKMcdBzOQcCfWEpeiqxKu+IKFuOw241tq0fpf4Tev1u5nwQPDxYLjPC4Escb7b+p9C+ZVupCh5XYMfai+NWDfwebj/4IO8KEUseArhTfIPwfGHP4sIwqdWScAQlemfLB9UcZ103DCdOtX+kTsanUzaMjwUYH1uaY88aXFT0KfgnxDl0Eumr0sMOmFXq4HdMPvsS7IaXfGPf4N3AGGHTEp+yW8wzao8+KvkfGAU8f75443xXl+QGnld/S6Vf6p51U6jCDDmC1on1fVeqQBpQ6ZPzizqjtbLn3xzZ+BPgHVt1s5AVvBf+G/BXxHyt9BoIWXa73gFL/f0zt5w7gn7GkxOVNKTHvQ0r8ZvwG13tU6UeMnhd6gE+eVGIb8GuJdrzp9FNKX5xrSl5ZdeqbyvPc2UeD58ePkr0gvn08Y27gq3RKaQPDXwmaIOtWH5ghpT/VttIv4IbzO6N2n+qIe1mJHwXTFf13tbQNvTC2BcYgc/qYUie4oTyPiPNQGCN9avc9Pqo8Cxl5e05ps2Cvje4He1vUs1MpI9H/0Ib99dESd8LtWlP6Q7GPny71ht+9qTxP5pzSTg+GkzFLPzEvwMMyP+AP2P/7lZgEdM6sIYfdhg0lPjPyW1eegQ690fUzhsCfdSl9sDqVY2tG6dMq5fis4xyejh8K/BY6Typ9KJCROJfpBeU5Yfh1sM8OOSz4QMzL15TjEp00Ohv6ecxnuoKHZN04qrSfbil9ObBVYV/F3g+2oNrDsWGDg91Qfv8Un8/I87baeRpYgaNK3AY2YGzk8AD8BKEN61CU/5basXXY1fF/vas8lwbZFtwkmErwI0NK3tirPG9nU3lWBrZt8EVRlzeVZzVX+wz21AjXS/xl1w9beo/Sf3FeKZegfwMvjA87cwQfXvzEwbdiYxxQ2hHpI2yQtB17Y9+BvKT2cQzdj/kZ+eFDiR83vAl/5MMl3yPOg/WDeOCHaU+fEjcBrqTicMgP2yjzFRwKaxd48mrLp79pC/qUfuWcwM4M/oP2gfNCF9itxKriFwbGgLPJeHe45M2YZnwdLvkMHgjx/KwSa4HsWrEaEWextJk6M96Ym+A8upX2bWzo4DjoU2TSCJtq5wWxlnUq1zfszOtKmzVrODgS7OfMralCY8YQcveQ2uc/WBhkYWz10APM24pyjcJ3nTUCWoE7i3gh67EfRGcZ62f4i4X8ic0o0iB/M76wgSALzyh1U/h5otPDVxRbNWvbgNLvkfUEOeqo0s+RsQRenX7Gtxv6oWO5rvRDRr+AfAyPR+6Aj5ws9YIPIq+wl6ANc0p5HdmvnuNzvJQHfTj3ifNHkdeGD+R/8MwC7NqsWUPlnn3+tHKNPan0MWasDCn3VZyVMlRoBy4f+yJ0Yl8Ff2bfRT/hy48sOa/EE9H+GAuPlRh+cCFH/Q5sODL2SaVPLP2B/AtfgT7Hnfcd5ZkFrPl1vKFTRGYKerE/ZX8/qtQRxrMVpfy1UOJiK0VXQD8QkJWYq8g0l5S6S+weUyVfzsV6phwfT5TnNjCfOX8hwqbaMRbs4dAPoneIetwrcaaU/u9LTsPZBOhWsR+jn8bXHD089vETbtuLym9wIHuh4+lXuw8vtmLs4LNq/94kOpLahiXlvnHcZWCfZb+PvpMzvCMtugiwteiLzirPoIhn2EGhzary/BLOt+GcBvaz0YaPKnEE4HPQLSCDsa+JtNeVsgdzm3PDwWmAfwC/Fm26rzyXFuwJcuuQ2xnPX3fbun1/U8lf1tS+VvQ7zm2ni7Yecf3vOv4Dpc0q1g30ANG+LuX3m6NPrihtRuvKPTX5xLrSp/RfQ/4YVfpRzpnesf580uVc3/8dZ5/H+fRxbvreNzF+Vfv+/3G94XxvK78Lc8t0+7ry/O015xfvvuIrmIu7Sh/Rq6brXaVP4xtK/cfAftq9M9zvO07MsS+ahlsOl1yXVceNdj32eHis9HeFF+w4//OOg88u32N4Xon5u+Z4ryp9SrEt75gW8fxd3w/62arym9c3lfa668rvbcX4QPeM3uC60t4Cv0UWZ38+qNQNMf6PKtdwxh06HOYgMgD6DbCjyJ7dpTzkZHS4pI+4zDXWtT6lnDClPD8PXRLzHV/TM0pd0ZxyX8KZOcTneV0T4v1AeT5e8pj0c9YS6so+mDNYR5T6LGwNq8q9S9WdouM9UuJjh2XNQ/9Gv3HGAmsJewmwVtDisHLvBH9GjgAvtqqU19ifoRM+7XzBMLK/YW/Kfh3MIWsjstyAcp3kHfaqM6UMMFV1vY/81pT4OXCw0JPzTLAzYotBNoVW+ICyBsKrepRyLnoueDcYD9q+oJTDKQuc7ZTpy7hibDAeol3wUHTh6Nuxh8wq5SnkD+S+Pp/THvP57eb3zP71fezdp7QvbwQPDf4cuI67DtiHP+tr8IngV/jpx3ofvkmx93/e98hhwat+zvFjreWsh7gGrvU1lxe8KHjqUyUvOuf3j53/Y9MYTDJ7xBXT45zvwSyAeY3+3fLzuMYadt20CN6+qfxGA7YTbLzBj3eUGLlZtX8TRspvi5xTfv9k3enB54FNAeOEDX5ViXvbKn246ee7ju91t4M92X3T7KryW0+7fvbQ9Ii4LyvPwg/ajivXpmOO/5L7IOK+7vwiTCnX/FXlN4Vvlzo8df6X/PuZ451QfrvlgfsuxsbbyrMRnrgf77hszqGIfF5Qfs/sFad/7LLvufzbJV/e4cf5xPe3Sh3vuR2PlWNk2nSKMl4t7bvn8JLzvKccg5EnZ09Q33slvKD85vKuy440p5XfInhJ+Q3mTV8fOe6rpbxX3JarpmM8/7Sf3XJe9MUTh7vO74bze6T8/hcYoBm3Bf0q8g7nytxx3IfK76PcUn4r7POFvtAo0rzlcp4pv7v11OnogzvKszg2lHzmU67LI+d5w/nHsyvO43nHvan8lthOoR3POF+FbwOR5vPum3vK78U8cDtf8PWO095VjrOoy0jJlzLuKsfgmhIH/lgpN8cz/EKiDdi/WE+XlOdYsr4Ej4s5XH0DCdFnyBaDym/14TMXz9B3oadl3WO9kVLOQJ8YeaPLjbzOKW3IESdk/KNKP7pOpX8QOrC+ck+aPqX/HfovKfVR2Evh19ife5V2R3yJVtTug4kcQVmdSt0q/nDn1e7Ti90GOaS7xKVsdEroXNE11XpDR3Rq0LC2s/psoZftVeqtOF+JfkMv2l3yQ19HnL7yDhsEtjTOmoBmkfe4UvfOuEL3iN2Cet9Q6g2hMzgD2oS+5Ugpv+rhqBc61Zr2jlKfjlyEXN5TnuOzhg6Zep9S+rDUsdapHMv4CqvkyfsPGjM1j4MB20qn8jy6yAfcOXONfNDRdCnHy3KpAzrazgNloz/nN+eLRP7o6qrvIPaNTiW/wLYMvbEDQQd4B3pcbAHo+7F/oGuO9JyzzRjocpybSl9O5sZppX2FulHPk0oeBW2xc0EDbFfxe+1Au06XdNgfaRvtG1KON+Tj+0o9KfOesY89h7lc7cfwNfYn2A3gqVX+7FHqd3uU9oyqm0fnH++v+vej0h5sg/DBx0q7AWOGfTRzEp9u3mOT6FHaEo+XPiBOtDnW1UmlH2+1KWFfhI8yLuj/vvKu2iPIG91R5ZPbB/obnWi1J8EPsFP1ljI4q7r66cK/4B+MlR6fFxd7mV/YL7sDnsueadZ5gB+E79Me9t7wN+pBmbSfNQMeTdu6lWslZfcq+Rq8uc5/8Co8x84Ir+spaXtLwM4VYUY5L0jbqTwPg/UkaM63BEdK++D7KnnSb9i+yafKC9SB8hgrVVZgbcYnsb+USx8zfuETrJ20lXWQMqAJ6yFjmT5Cj0KeYDk4P5J0KvlKeSYGbT447qEt6+2xA3n0lLR1rWLtZezoAJ3IhzFHu6FRb0mnUlbwR/BhMbdjTxGyZvCY4NXBx0NujfX9qp8Fj419V8zNZ/69pvzuduy9Y58TvCj2hbGn5fu5ISezD1tyWegcX1baKdCBvOHnUY8J5xF5hj40ZPDnSx1vu/7vui2xH5r070GXHfuMBdc9ynrRYdd1wQ8SnH3sO++7fp9wvSO/2A++6frFfJj3/Zuu25ryu+5nlN+iB3vzVHk29KjjYqscUp7Di/8l31K5rNTdod+8qtQToUN8U4mXH3Le2F6qDgubE/584HnQe2HLQZeAfxT6feo6rrTDRtojSjsYein8Hs8p9W7wcvSMPAcvSt7g4MGvLfiKjYf3fN/4QqE172aUmC50vugcp5X2KOoNBmrecdlzLRXaoS8Fw7eg9DHGTondBhwn9uJpJY4DvTL9g61rRmlDu6TEZOG3gBwyoZQf0IezhlM2utlptdux2Rdia11R6sOZh9jNjqv9e2joytGn4isC7m9K7X4B1IPxBe4i0uOjw9kCs0pfGvTP2AUHlf64YAzwLcN/DBvTmNJmcMn54yPK+2nlecHUC7s3dj70sNhse5X+W8zbab/j+xtHHe+i0hcD+eyu0ncA/TPnwU6ZHpHvFafvV+ol15S4weNKmYwxjn6TMbKkPKs52r7r/q4+ANiuT7uewWuDz4HPXVH69EW8Kruddf3mld9fiv5jvqKnr7IaNn6w+NQVbDN2+lmXR/+NOt+N8m5OibdfVs5p5gcYEPBv00pfQ/gQtv9FJY+Zc/8GDa4r+SvnnW8ocSzo295y3+BnAu5kVokLwhcFGRIfU2xiq74um7bgYfALmlD6f4LHmFF+j31HOQcGlX5/dX3Dz2VAiaFC39Bd0oLBAwPYp/zWLXtF8GDIdEET5CD2hOA6qtyPvAquCTsU76eVstqcUo4H+4OP7LpSNjxs2jC++0p+g86zyujgGavOiX0LeyTmMXVE34IcxXuuyLPsG8HDDZb44PuhC/u+qh9hDwnet+qNkPXA6iFrg78cKvWEvsh8XUo+zPofeX1VieG6r1wDHyj5+ZwS44zvS8XbY8tjXGG3hYfgWxf9E+Mbu2ulxSnlGs++LeoBxuctpYz8wM9uKm2RYMzp98gP7ABlwt/7lPNOJdDGqD/rGzYyaIGN8rJyPe1T+v9RxljJgz7Fro1NlTjYp2Mc3VLKDEEjbIzYOMGaYTfE/n3S7WU/ulHiI18gb8D3K2+dKuWhB2a/jW8R2NQRpR0T3g7eFawIPgNgw8E8QR+wnezVsd8OlLJZLyL9gvvovNrPAEO/jbyBjZT8kEUpv195Lkakh5+yZiLHTpT7w2rHoBIHXdsR056zww6XuJVm2HyrXxM6UvTXd0p/RhsWlbrNqi9BnltV6jzgnyeUvh7syQeVexN4yrGS7+FCN/auh8tv5jW6Vur0WCnLQCN0VLEuwdsrTwaT11PKQfZHlmUOXCxp0EeS18mSJ7hmdOW0H/0e7cKWEnRGDmaNJn/0Z4OlD5i/n3LcoDMYY8bjthKDzNo0VMpG7zxd6oLcyTlTjDfOi7ru/ObVjutHPmRdDB4H5uMN5dl5rDnoFS4o5x76BspFjwaWkLnYV/JA/8XcQk/OfA1af9Lp4LXomwb0nbqySeUa/TG1Yxaj7UvKuQ0frv4gyJuTSr/QaPOOEnMypsT3gEkBR8Mz9hqcGwOmB4wM+EjoPKl2Wfd0ic++r5aPH9KEUk8Pdpd1oGJt4bHsGyPdMaUPNzjaaeW+iDkzpfRthDb00aQSX4RMO6/0e2RfDt8G00Ra9r9Lat+/g3uF54G7Avd84kCcs8o9M7goMJMTym8pgi2q/QWuCh0t9Ua+4TpZ+r36QsW8AfsX5d1Wyo21HHgAfOhN5b4PWyRlhI7rM0obMvlE3J9Tq6MpsyPkl3+mfZ4ZfbSr9CEKmSbW7NBFh/4rdFmbxv9t+/1H9+NEXnt6KnSUnK/xnvbH/Zfdps+5TjtKTPuz/TL3vgcR+YX8F+P5luv8OdMn5vAXlN9AWXMesV/lzJD3TJPIP/jpO6bHtukbNHvF95F3zJ0nyrM9sF2gM9pW+i0jW4Scf851uqzkGVHnkLWfuo5LyvO0gyctKs9cRxYeUPqPgts6pdzbsq6+ptThIcPhW8P4nfN12/2PTiP6ib3QSeXcBXszr8QZYp884rHQ5Taim1l12++6fLA8m45/znTud98umR5xPe92RHnYmqKPsPOvKHmPlGc+I/Mcd327lPo5+M+o+wVfCWgdv2MehI6W84BmXG7EqfbgIaVtDjw/shIy5VBJgz8Qe0gp5UZsAaRFF8WehH59qDzvhL7ZUMr9UVf0UeigGJvUY13pA0u70WHfUPJ6zk1EZ3lS+a3nCffjktKXKuKtKc96+5zzgL/Es1gPg2+il4R/s2YuOQ/m55JSVxP1RJcMDjPqgW520XWCDmBvNpV6Z3gesrT1sPGNmff19dg3gz8tK/fbo0qfwNPma/b73PueFbIQ+w30dIyNqicYVMpNw25r3UMg6+wqMZB31e6fQp3Gy7O3lbL7e2r3jTSOvPUfSj2R1ZBZB9Tud4Kuddpxzin953nP/h25GXkS+1q/8hsrA8r1GXkSvnai5MkcQceD7anao+Ldg1IXzmw44n6KuYteGPs6eIhVpc8mWCEp9cDsLbCvYYuKvJE/2fN3K3Ud+Eex7o4WWmNrxcaFPhb5l/0Evm/Y0M4oZVTk3qNK3PlwSQ+vP1bKrn1ZbePIw6QFA4Lv4meVPtInlTy1p+SJLALPYrwgQ1EW4xzdL/q64RJv0tezShs5/d+jlLOqbXdE7f7I1B9MAFgK+CD7SfoD3BPj454SkxNt3lXuhehH5gv9R17o4xgr0AhdY9VTXlK7zfO40j+SdIwn9EzQgb0m++fDSr092JLJ0i/TSj3GgNKHjX5kfOOfgK247h96lPsc2sR8QC9AmyvmPPKKNcOy2R7PDPnpRfdzpHu2X25HzKuXTE/OiY35HTLD234e/cN+KngK9oaTjnfMciE+HOArryl9gaJPObsNvC/jLtaP60rbzQ3l2WdB16tK/+wTha7U5ZjjPlKevQkdkQewcZ1S8r7TSixK9Ylg3DCe6XPGR+XbjJXTSj3U0QOBvSN7fNYi5Khj5Z65yZ4JGxe8HSwVtvwTJW/4U59yHwmPqHqbGgcdnH93NGV2gBdCb4mtEnz/qlJuibDhvr2k9ANacFm7SptGpI2xte0+va7E1d50PreU2N1byrEBPp4zLaOPwdxH+ivOF3+jq36PLwR2XbDx7KMfK22n8fy+87zi62ElliHCtMu5pDyfEWwBfl9RJrITNucd57fh+oLJXS60iXgPXR4+hZvumx3ldwWh01W3Y135zdZVtxW/AzD82OiuKc/OgY74Z7EnmFR+cyzyeqJc2ydKuzdKH0R65ij4j3tKXX7QJ2SpXbWf9XzLz9jjP1P7Nzj7TcvHzpd9DrabXYdN1web1rDv8Xu46ef00VklDwm6DSqxK/h8nin58c1D9BGcLRR5d/s67jyu6IPPZR9VyjpDpqPPc98L207Dmh/0wc880mEvwMaHPyT0xuY667SPXS7nibNvWVR+8zDafl3t543eV+r76R/O+nzF5UPzNeW3yteU34wfcxzwEbPuyx3XZVupX5pyufg38E3Ki0qs0abzesnP7ip9aGdNs+eVaxDpsaffcZ/e8vtrSv6z43c7yvEU7T3ndFumyYLa9XExL54qzwBnL7aq9OG557YyRzeUGAZ8BB4qz8d90XncdN3mlHZq8CrYMsA1PXGca8rz4jfdvsjrhhKjs+m4910v7D/bpum06zrp/N5QnlmAzuKB89t0W08q/bHO+ve0yz/tNuNfcUXpZ3rYdHxJ6aeBrw8ywC3ldysYu1Eu+N5rThPvbit5+7GSJsoIO+Bj5Xd7ryttGDPK8Tyu9KWBt8H30DutKXVoD5V8Z8O0Z/xul/jgHA47zRO/j/y73cZ7Sh9k5iV0HvHvHaUdYs5lnSt9se7+GXFfwMupF/TEt2bV7bulXBc4a+OK8ns20dZB9w3jFnviceUaAu5k3fR45vZTZ+zvcY11AUzaPeV6E/XDDzPGBPYM1iR4Ob584NciDf7RZ5X+PSeUvDL4BXLmEdcB/+kNpc8F+BfG8JDzin6P+bLosk+5nIPjBfzVO0p/wKjzhPK7v4zRs8pzosGxo4vfcRn/H3tvAl9lce6Pz7zve84Zsu8r4eRwsgCHECAkIUAghBAhhBAgQAIISdgCiGwiIIZFpGAQEVFERFS0FjcMSBWp2lpr1arttdbbWrtqF22tbb11qZCT/8w582UmudhP7/b739tOkm/ebd5Znnlm5pnneWbepTK+DUzp+OG7M0mWGzTBuLZTpgt9X7OsS+ht8mW4jTKOXEnvekmjnbJ+sA4J8aBdQX90gzweYGpvb7wHmXAzU7KIyBP8nqB7gu8ixhvoYOAz0yjjw56CsGWIOqxkap2foBP83MS9o0zt0TBbpn2cqX3rwVeC3vczJTdhztrAlH8A1hxiv+sipvan3ijzCF5HHwC/pB0yf4JOWF9fzpQfzg1M7bueydT3sKHrb5fpCxrPlfWM/hy+PphPQZbdLO+Lo48p2x76nHaZ3ipJe33N6m6mdOfbmNrXtIyp/cDR9mcwpV8EL2E9HNZ1tsr3Bf/CZoP9QzbLfGFesEqmfQNTe5aDLiKf+5naGxWyTa52DXsb+qO1TO0BDBsf5Fq8v1OmCb9E7PWPPhpzHYzx6O/qmPI1mc0UX2M+U8/U98/AI3WS1lVM7U+ty+OjZb51vTBk/S1M+TtCnhFxFEo6i/aAdZF1ktbr5RG2K9hBG2R+2jVaQR6DjIFxoE3Gl6vla5uso1ameB92kXr5vE7en8F67k+UxdQeTjVMffdgFVN7UcCWA7065Mxq+fwBpvyvMX8qZ2pMQJ8DuqKfLGNqH+4AU+O+4FlHvlsg03mAqW+472NKP/GADAPdejlTfN7O1D4r4l34Ggt6nmA998tYIPO+mSkfUthZRd7cTOnbMG+HbX00U/u2w74/jikfnlSm5g1RTO2pi/UOCTKd3UzZ+6E3FGEbmOIXH1N+PbABi/qBzgQ+iFVM7c0H2/FBpnQNsBdD7wEe87KevuWwZcG/QYQvZT31JLlaGOgu4fsD3Q/CwmYOe0yRpBN8aMCXsHNXMbVOsZQp/+9ULd1Spr5Zh/xkMaW3h805nSlbDPRH0Cc1anFib1/oeqDbXctU3yviO6DRF3ps0Ah6XvhnQQecqtUbbE/i/Dmm9NbiKPo7wVf4vk46U/rjAi2dYRotwVOoKwHsnw4bPdItYEoOg41cPId9EL4HsNvA9ws2cUEDzKETmPKJhmwDPoIuFD4cjCndF3S8sBkhz/BhTGBKPoIPY4EWTuSznSkdkm5zhP5O3L+BKd9x2O/gr4y1u7CDZDGlXwZN9P1ndP8n8DXS03X8SUz5MUBni3VykOvTZT3DBgEbBfyq45iaR+q2iwaNfqCh7q8s7XKhsqP+E7S6hu0E9hf4N2UyJQugLUBXWstU2wwwNWcEP+6Xz0/I4zCm1oaKeE5qNIKeVV/zKPhihpYmdMVoE/ABuIcpf334FaK88ImaJM93yfdXM9W3rGdqndgkpvzNYE/XfUD19Z/IK2RykY5Y1wS7+ANMtUMR7n6m/COhjwbPol8ZpqUDfTXWUaBdo45Xy+MK1nPNOb5Fg/6mlimfNei/FjPVFkUYtAnxzhGm7Ec6vfWjgJBjYpjqe1HHKPNepvxPxT3ID6uZ+j6KyPch+UzEAR0bZJlD8l0hAwoehW1V32sdPr/tTNkIRVmWMuXzBBsa5giHmbI9g090mwPur2Vq3ziMy6lM+YLDvgU7Jeyx8JvX1/7CJgsbkcOUfwT6QUsrG9YzpjK11zTKDh993Y7mMGX/Qt0hz6Ap7MjQ+d0g36tiau3hOK08mP9GsJ62PJyD3hZT9uh07RnCivfrZDjolyyN3rC/wd8e8gfosYKp/gh29Ham1jAnMWW7y2TKp9XSjrCRpjP1PRjYs7cwtf4BviyrmOqv4NtYx3r6nIr3sZ4Uay/gVwQfQ/HeUhkWulrkB3Uu0tnIFK/Adom0YFfS8yPuY20b/GbBg6Nl+B0y3cVM7aWAusM56hbrOMBLkEXBF4VM+Sw4kn5Y+2xp4cCbqP8ZrOc+tlhzMkwLj/zUy+u5TPlOpDL1nRaLqfEM8cD/AT4iOAqaT2JqvInT0kc7zmLqG8sY/3DMYmrNjMg/bMqI32I96xFjCHw8EA/oDF5A34L1NLB5w98ZPrupGn1QT/o67Fat3jD+YBxgTPlQoS7EeCvGv0NM6UCXMjW/F/kT8msbU3sujZNp1DK1fgE0EH0NvmcJPwToFhOY8u2DrR5tAz4SVaznd0gEOpn6xjPWxKyQ9Dqi0RB6DfTFh5laB3VY5nEBU+NSp0xrLVNzNPjseWWeRT1B/yXi3s3Uep0i+RxrN6IkfcDz4BH0f+lM2f8bWc99ZjA2oE9DO8GYou/1APkFay/QJuFLUKyFFc+g74CsU3QJLGBqT7YNMg+izBuZ+vZVPVP+fiJMq8wvbHRrmdIr4Ft14r127f2PtDgXS0xiaq3lKqbWH8Ee2Kxhs3Zep51DFwedPvTnW7R0FrOe3+bCGkiUY3+vtPA+vkG6ttezudq9SUytg4fNeDVT39vb3Os96CRhr5rL1N5Qi+XztUzJ5XVMfT93BVO6ty3yPmyCK5j6ZlVzL/pB/7FWowf0h0u1ekS8NUx921rkD/0O7BPQGyOORknTDTL8aq0e5mrhsFYMa3r1b4E1M8UroNlmpvTjzUzZb3qXT8RRztS3HOu1+lnNlH59rfau8N+CXQY+AfOZ2icc/hPQPQtehs4dtMa3V2FDhM4d/rmzZRjobkX61Ux9h7SBqb4Lek/4ZKxlqj9exZR/N/gFejK0NfAC6hHvoG0iDZR3ElPf34JNT8SFORPsPfA3atBofg9Te8GBnij3ei0d2Lxh+0C8aN9oX/Bngp+AOBYy5duBPgNtHD4OIi7dVwB+FXVMrfNAOuAB8d5bTLU98DH6eeyljDqCP7G+p2O6jGsFU/sv9267sA2CX+q1uoP/LvTdGH+R7nqm/HnRFtFO67T3YbtYr4WZK+O6gak1gGhrsNdY8nqpLDNsBLp91MuUHQ+2WaQj3oUMmM9U/yXoBP7GXAF2UcQD3wX4jYEXK5la+/23jtVaWIEyptaNV18iTI12XqedY/8N+G1U90qnkilbSe/7wFKmvhVepd2vZ+obCuDdykvE2ztOXOvfr9XLj/OaXuldik6wbV0qzBfFfakyopzl2nX5F4TrnVbVJdICVvQK+0W0+HvSGcf+PT0EoKOA7zX0S/Drgc1G9AXQVUAvtVvS+ThT/nFY9wSfMJHmetazfxMQ7QF6UhFXA1Nz0kwN0PXCrgE9K47wVxbhhL6ojvXc19rP1DrlLJlXL1M6dPHeJ0zJoPlMfRsCa7cQX36vuPVz+MXqemYv66ljhJ4Ruirci+gVRpRNyFv7JK12M2WX3c+UTg16eNQt/NmFrUq0eXxDfL4ML2iIMRV7JN/DlA5f8AP6N/DeC0x9MxZ+btALC4ixGGsm4Ie9lqnvLeQztY54NFP+9tVM+XKCnyqZ2o8CPknwHRX5FXsRnWHK5lYm4xFxwi/xBFP+opiPoI4amdJZQI8o+AH6iyymdH+iHAfks+NM6Xuh76uS52gXWDtdzpT+CPwLWy/Sgn8zeDiGKb1UK1O+ZbD7ifnZavkc68egy8a6XYv19EO3ZNpLJS3FHEj0sbCrQv9dIMuA/tLL1J6CIn0x14KflyXThI8h7AAOU/oCEcYtaRcj6wa6aOQP9Q6dgaAZ9EURTI3hCTJv0BcUMuUzVabRXfdPxjX0sQmyXKLc6G/c8l4pU+vfsb8RbH/wK4HvoFdeD2Nqv6Aypr77i3VO6dp7iAt+0lgLjfkpyqzbAfW+D/1aAevZH0IvCT0odB/Qg+vrzxEeNi3UOdbNo52WMrUmEO0HPFrO1PidpD2rlkf0lbredDFTez3Vy/qDXSRdpo186etS4L+NtWuwyRUwtZcO+p8aptbJoP+BjQD2I5QZ8/50pvapEPmD/gp6A6yFiNPCoS4wNujrYiuZ2l8mwNQ+k1iXjDZaq9UX1ulgLg87QCnruf8/7IaiXiZpdYT12jVM+RVlMbVHPvo8EW+ZzDPGbfgT6vZk2CxhL0ZbAB2QBnTPDUz5M/iZ+rYR7Lp4t4opv98CpvbU0vc5w1rXcazntxeGMeXbUazFiTXiBfK9UqbsqPC/8Mn4EB42TPDRQC0PSUzZ42FjRt8AeyfWKIpzrJfDfcSNOTHakI8pOR9yA+Qp8BDKAD1TsXYN+73I016m/MJGMyUzob5AS/EMvr7Qm8E2ifVIDlO2LoxzujyTxZSN28tUnwMdLPR7sJNjLBVHMX+Ejwj8RzDvxFoFfIMH9+GnvPoLUMqUHz6+MdB7fgvMZmout7rXOzjXj7oeAPPKGdo5dEbw24YuAH6BOEI/UyfTF+WGXgT+Og1MtS3oS6Cjgy6klSndVIKMt56p7yyVyzhatbgxTu+ScYiywn9UxAv/nVoN8LWpY2qtK+ZjW5iaAwoaQKeCb9jXa3E2MrUXEtqMOEJO1MfHgl5H+MmBTiJd+J9Dn1PDlG6shqn5/AKm9moTeYdvBXRJIo/5TLX/Mqb2hRvIlA8m0sf4Np8p2R9zBgB9GXwnBI0CTK33Rn81jilZEXYm5AFhRNwzNJqjXxJhoatpk3Urxolzsn4DTH3/fLRWPnwDq5b19F0sYmqswh4XDUzpc2q1uhXvQbeEvI1m6tsaM2TZ5jIlL6F/q9Zov56pbyLUMaWzhh8n0qthSic4mql+AWuFoPOAP12bLA90dlXyuIGptXxzmfKLxbtoU1tkPUHvJdr0EaZkPegTDzPlj97GlN8jdFOVsm7B9/B5LWdKt7NX1gf0PVhbXSnzVirjG8fUN8pQRszbwM/Y36qQqXaMvQsqmbIzwTd5KVP7vMKfBTxTJdPCWOVnSi8KPQ3svDtlPmFLxli7QssLfB4bZNplsryNMu0V8gg/VPAn9qjBuv1hTH2XC3TU5YBqpnwqRzPV3tB/5zM1RoDfMf5XMrU+RrdJzGBqfl+mpV3LVLtCXUEfhPX+0GlAV10q44adpo4pX9uacPmpoPVhWU5hW3uXhe2L4DH0x+K5mymdLnwWa5iSyzAOH5Dp75JlL2Pq20wDZTroW9H3jZNh4dsq3n2IqT0X4HezmCn9I+yV6NvgTynakK4zEe+cY2r/yAdYT7lqA1P7kAnZAmvrRfpiTGllaoysle9jnjmQKRsj5GbYNaA7EnmATQU8hHYn7sNfyMdUWxwm6xFrbDcyJXcdY2o9MvoS+FWLd1cxNa+AT5iuU4M9Gj7f2McI8zT4pmNdcRlTOisfU/0Z/MXRR4ryYt4iwt0jw/pkfBZTY1oDU3qzubJ8oAH056LeRPuNYWqPExE/dE4+pva8FfUEezD89EUZsdYJdtBWmV/YXMQ9+FxDl44xA99uRHupYWp/7nqmxq3FTH0TCnwJ+9BGpmxb6KNgN4DNAvZbvIO9UMdpaczVwqPfHMfUXAXj61J5vUA+n6E9h47Cp8W3mqnvfLYytYdWJVN7nEAv3sBU2xNtcbSkGdbjwKe+jikZC/5h9zCl54PsiLkFxlzYerH/CeKALFjOVN8JH/GNssy6HhxyJvSX4v0kmS72O8IaDswP4fcAeynmo6JN6PsewFcc+sNjTOkpcU+ETWXKd3m0BPxCUSb4L2NMwfwM82XM9fK1Z/BhhT4E+0ZiPqXrxnOZWueu+4bqOsN8LX7ocpAHzOexRxd06NiHoYApf2mkJ+oUvhSID3rMKFlnui8d9pmAbwz8IvGOQIx2jvf08LovpcWUvocxtb8ifJMjmNJ9ZvZKA/0LfGOgA0b4CO0d+EChz4ljql/Vfb3gn6T70GGeCn9rrEHIYj2/fwTfH/h5wQ8xXbtOYMp3CnnyMeVjhDmyxZRvSg1TeyjDP83NlB+fpaXlaPHDX2guU/u4wL9X92mDz55bKwPuY28T8R58v1De+VocFlO+cmuZ4hXdZ0v31XFr6Yk+TfDmXqZ0jkwDfLvggwOfP+idoKNGHaxiyp8QPlvwRUSdwmcLdY+6hD4V6x/BY5YWB/hN9/FE+tCjwr8HvA8fcqw7WcXUHmXIl8WUDh71AJ/WVC190ARlwZ5u8EFDOPA5/KV1PyjQM1WDxRQPoZ9xWM89ZzK1uHVfPLcWVk9fXFcx1e7d2jtIC9doA8BSpvgFcSP/4INU7V3YKaJ6pYE6xH3wP/xXkSfwI9ZTurX08By6S+yzpLdDvf3HaOno/YMeF9oIyoVztFO3Fj98rXUaIC3wLp5hDdPiXnGg/CJcOevJfzpdIjS6JGnpIm+IA/UHGwzSR1oIGyfjgv8wYz3zA3sP6NKm5UVvrxG96hVtKV8rI8LDzxt5RN5TtXT1uoAOA3Wcqb2P8idp1+gLUWa9PaB9uVnPNqLTBvQS/cC2S+RJD4t4QAe9PtFmkKbO2yu0cDoNG7X39DED9NXru3e8et9ssZ58iPeieoUtYD3bpN4HIV+452XKZ1e8L3ghQQsjzldr4VO189734rRrjPXo33U6C8B/H31N0iXi1dsd/NcxFqFe4E+syxjwVYjTwiMu+A8UM6Wvhy4A625gb4TfLfjdy5T9DvXs1+LG/k1ZTOlABP0gK7mZ0gvBDgO5FHIGaA57kF9Lp5D1lN8wJmKuq6+xw9q6KKZ0RhZTYwreE+FHa/WFuoIsh3yDB0FjvR9iTNnsdD8JN1P+wQHWc5zN1OoG9Ytyom1AxoXvM9Z5gJ7gqSwtXp1nsC4ukyn7nu7Xj/aBuPT1JFiDA/uil6l93wZqaaHOdRnLq+UHdRClpW9p72CNBuQwyA2QLYqY6n8wZ9d5AOVHW4Zspo/hiK9UxoW6QD2gXmCDhayWrj3HeI8yJmhHSwsL/xl9DAKtoRPC2ADbM/oB2NkxvoPHMe6gvYv3YX+C3Qzz91qm7AM/7QXhg/Nzef5z7Vzo9J7T8DoL+8/g+IrE6xKv9MIb2vlP5fGX2j1x/jYLfyP8Fe34thbmLYnX5fFtef62xPMsvK8n4kvX4hXHl+WxN96Sx3c1vK3dE3Gek9edWj6/p+Xl11rZ39TOf61Bf/6Cdv238JmEOP+tFve7Gh1/yML7lr6vhRN5/lCevyvz+lMZRlx/JOMS12LvE+F/9CdZ3y/IsG/KentRPntfluNd7dkL8tn35PnbMo43Jb1Qzu9JOvF5HxV8fZqF96DeKOtN6PaEDvm4xD3yep8MK+ZhwjfoAFPfaBZ6PWFXOymvQRexHyL2Sdonwwi+FvqmR5j6Tvdpee+4DLdf0uG4zLeo6xPy2C7DvCbfOSTxgHxvv8xjp1aGg/K4X54LXfAxeeyU9Dkt835Enh9h6jvaKNsRmc5Ref0iU98fPyHzfFLGC1sj4j0uy/qEvH8PU9/AO8DUN9lBy+OyXpDnB5j6bvpDWhzb5PG0vLdD4iGmvpm3V8b3okavh5j6tjfiOq6l/4B876S8d1yGF8+wh5aOA5Km2CNklawf6O+wx4DQJ4p+EfpV0YdWMbUHGsZPwZtiHgIbCnTKXhk3/E3EO/APwr4Kut8XbLCiXxbj02Km7KXbZPgzTOnNYRNczdTYgH1rWmUdi7Yu5pLrmbKxi/dE22qT6T0iaQHdhaC3GNP2Sbo0MLWWC/v8BWQ9PCvTO8HU3tGHJS3OyDDwi90syyHqWvQfa2W4p+X5QFkvJ5ny8RN8MFfm9zBT37SHDVak/7IMB7/6Anm9Wx5PyrTPyHRqZL6wXz38zlslvQ5Lum6QtFjPlM/8XJl/0dbzZbjTMuxaWZazMi9ok+J6laTNfhkX7I61TO25KeoVtuMV8h3YasS94/LdnUzxGeyU4n2sd4E+XhzLmVoX0sDUnjTQ/cLeWc6Ur8VapvaahA0CNsdaLZ4qpmyYk+R9ERY20FZ5/hBTdusdTPnb1zO1l8oked/NlO1jElM6bMSpr68ADsr4YeOuYsp+DR1IK1PrRuAvUMaUzWGYjGcjU3sMCRRqYSq1fOrXo7Vz+Lkjz9uY+tYY5i7iHH1GnfZcR9QX3P9bOMF6ymwF8nwpU3KduI/1d7uZWudRJ2kEHxsd45iSb/G9OlEuwfOij4DuP06WHT5f4l3oqeEvBT9JyMOC30RfLfodyK+wFUDejmNKli9kas10pSwL+gTssVrG1NwV/oKCDvApLmVqnW+ZlkfRd2JfEOxXAjsD7O6Yo2C/BRHnZqb252mQwP5r8CmDHRo2RVEG0caxdwR8nOqY2jsE/kMYf2C/qpe0XCrD1sh8Yjw6ztS+4aLc7ZJeSbL+2pjajxrrvoW8AH8P+FfAv242U34ErUztjQGfqiqm5pOwUcFfBvYs2GpEnZ1jahzEmAWbEfQI+2S8+N4p+A/tG36yC2RcWCcFXS1oDtsEeAm+8tBvY5019A/QsUK/MlrGVS7D1Mkj6K2fR2n3EB/m/5VM8XSSFm+RRh/Y1rDnDHwss5hak4a57VqmbEiwfeUz5R/BmJovT2LKRgB7GPYQYFpYtDusu4afju6PD1sW9BK6/QJ1V8lUe4iR9VTDlP6iQMsP9CjwO4UNyacBNivYDrDnhe47XsuUvhN2Pcxz4fur2+FQL6hr6L4iZDmgb8I7EVr50f4Rp5ep9Q0+7T19fo05POybiE+828aUjkdve9CN6HYP2AChVw8wpX9EPcEWhzUGSB/2HVzDlgP+h54T/aGul0N7gH0RNkjQAmGgx9ftr7Azwt8WtE7X8iTK386Un1KZFg9op++dg3pGG8OzdKa+mYV6x7dAZmhpQ3cEnV2Dllamdh9h2i7xfAZTvvLQDwNRGkZr8cBfcj5TvCLotpr1tA+nMmVrAi2hqxPH9doz8GKxls7fAuYbWaxnf4W+KZUpnaduE0xgqg33RnqvcL2R9AXv6UC/od/T7ZLevyOO3kAZj2pxMfbF+czSzg+wnr4KAPZIutSzhi+4X3mJOC4VDvsliWPzJZ6VyuMDf2dcgmZiDgLduOgn9XUvvdeV6D4NmAeLOLAPAHhIhBMyA9YX5TO1t46oa/gSQg7Bui60T8hFWP+BvIq2co4pnSV8nrC3IPpEyAvIN/hG5OEE6zlvwNwDcxPMYUazfz+/qGVKdkEYzCug/8QcoIqpeQT8szCngK8N5k1lvZ7BXwhzqzINYm4oZPWlTM1zARF2BVN7C+v+VquY8uNqYGpdOuau5Uz5eom8w19LXxeu76sO38EVTK1bh9+7LpdiXXw+U9+gFXUg5gftTPmPY+4t9DIHmZpnYg1+lcRa1tN/vkpLb4sML+bR25ja21voDqHfFHN66H3fkM8EnpbfpRJ8K+Ybz8q0RF4Ef55h6psVR5nSFYk2gjEDdpAIWVdxMixsECLPuq0Y613xPmQ9xtSeirAxQecUJ/MHvxSRPuRMjIWYl2DPIN03H/cH9oIIN1u7hp2uUnuu7+Xp74Xecevn2PM3vVf+hjElv2EuMExDZa/rcu0cfl8YTyFn6GOYyPMGpnw80Heif4H9BXYj2D3imNpz0Kud43302fBlxfwHYyP8WXVbo74fkEgPewWma2EwD85kqj/EWCuua1hP2Rd9Ld6DzI81cVnafbwjwhdq765gShYEXfT6geyfpb2POT3GA+xPq8uLeKaf6/IL5G+flqa+HhXyzTCm5IdUptZzIawu40Ae1mmjy6OgJWRDvUzIA2gB+6xor/Dz1dtQlJYGyieOm3vFq8sO0Dsc1J71jkOX5/X1aHp8fu0a+3wiXpQzU4sDtPZrz/V4QJ8E7Tnqw896ylk+LYwYWzZqdYz1whtZTz71anHpvCh4FH6H7aynzRfrXNHmYPvX7aTIE/yhUG6M9eBdyJiCZ3do+cR8H2H0+Rvkb9QN+mjsJajblTFHjtAA3x2MCTo/4x2MCbC9o93Dvw22V4GjTPlJor/C/AttBvZbvANbcaNW35JXqHhX9PEzmNrrD/w+l6m2K/RFqyTdMB7oc1vopLC2H7oz9HNrtfJAR8WY8rMX5RHyygEZButW0Abgr9TG1PrwWqbmjI0yfvFcyDFClhByUD5Te6O5mfJnE3TEeCb0SEKndU7SEDps8R5kaLzbxpQeAfZ1PMd+gl6m1vujPuHPEsXU+qONTOkT9L66Tpa5XdYD8i/oup+pMQ5yQLF8LtpqJ1PflIV8Dn+MhzR6ZWrxzGaqDWGNNOahdfJd8BTWUcyW5cBcfa4M067RWvcpEXwBWT+BqfVrIh3olzC2Q/59jqnvUUUw9f0s6JAbZB0vlfHsYqof2MyU76nI105Jy7NMrcWuYYqXJknaifdOy2vBp/p+sPA3amNKv426hq5QjKPfY2ofA8i9o2U6kJ/he9fOlD+OiGucTNtiyoc+Rr4v7KvCpr1R5rGTqX4OOjkRfi1TbXMSU+tn90s6ijY8Q9L3GOvpHwI+XCHz0ixpBx3+MKbWbWAdEHSxD8l8oG1jzw7xfIuMC/pmfAcBMi5ojO9CEaa+idSmPffJ/OMcYyP6Y1EnB5nSEwueeFY+EzI95PNJMt3FTM0T9zG1/tAn6SXiEHxyVNb/AabW5+u2B8jgx5jaewVrZO5hai4nwrYy1QZrZRjwAvbA0n370V9Xy/xXaXUA28Qk+b54JtrGRqbmw/CP+ilTfAoZI4qp7yqsktczmJrzYz4hwgeZWnuEvdjaZVoCNzD1XRj0JRi3YUvAd3dgx0D+i78ADlN7FgGpXxA2U3tHv5/OlO0E8wkB9DnQbWDdW6AXoI+DTQM2KnwHADb7aqb027peWvQpK5ian2BcRl8uwqDtjGNqnACfQacBvsLavhotf7ky7733XYJ8BhleHEUbaWDqGwZe7dkwptb8QZ4RYdE/RWjh25haXy94Qsyj/8LUGmXRP+2TgA0X/bmwx09ian80EUa0RdEeBC+JNrKB9dz3SfSBWLMJjGZqjVAbU2vGf8vU93Fae6H2EljBlF5n8xeEATb3Oq5iyq5bxlQ/qgN2LB2CltjzA2vNYCtJYOpbO2jToBXOsUYYezjoeYStGWvSYF8Sz47JtGZrwN4E0NXUMaWnwZplkY9xTNmy17Oe+9yNZkpGFM9LtTxjrg69GOzRZVp55jI1BxjI1LdcRVsQPJUu83KMqe8xtkl6i7yIcWyvPMKfBn2NKD/nawp7t3jG+zMq+ErYhs9paYlxcb7Mnzh2ynRPSBpB79opy4X1keUyT+lM+YZijIJ+Afp3AS5Tu3k8Lp6Gi4d18zbl5vXi/hIjThm7qGOweXuweTltPvbYD7Lw2PhzpnRumBPns546T8xpoKtF+14scZMEkcA17z+p4Lt3eXrrOHge7SZGLE5jm9eNzWVli8dvvR2GzevD4uMjfZ3jT/ycj7MWrweL59cqluB9nfU0R134+7KU04xy2cEWab3J8UGYnuK+vZvTQ/ri0JMcb4fzQ38Yzg/l4xj9iMfFr+kn4Xfp+xy8zdPfcXzG8a68v4TjCo5fcnwYvk9u5kfeD1Fep5T3u5TzLOX5t3idWZw/KC8v5fxgi3Jw3qRPhMtAed3QM2EeEuWkk+T7z4fzJuKgN4T5n3KZie4Kv+uaFC67KI8l/a1EuS0BpkFcCxpyvrRKw+nbnKes0eFzka5VLp/jndfCeRa0sHjdUt7/0lxZdk4Hi/OUi/OtLeSXz8O0E+/RX4fDCp60BY3/GuYBUcf6UfCyxWllcRpZvP3bnFetg+Fr0NlaLNPnfYtVHy4DwoSeCXqKfPI2aXO+t3h+LE4ji5/bnF7262Het8UYA38SnrbdwojnCauIN6YrydP2drLb+RpJd9aSMQ4h2e5byTYrnhyyTpD5HDn2ZuJ33USepx+Sa/jzn/HjVnta9x94+FkcN3NczjGRI59jDkcLx1KO2RwzRHjxrogDsPeRJM99ZLFrIUlw3iSPOZ+RZa5nSKeTw89d5DHXrfz6HfKYNYt02oNJtvMuP75PHvMsIY+5/RxRPI1HSWfoeJ6/M4+UOitIhusecsjVn0R6zpFo5y/dQecYoc5pUszLcYddzst7gvTn6T9qz+j+wJpGvE4BqXW+T/bbz/O8fp+jgsyxvkmG8/M5zglyu5VKDlup3T9xijg9+Lknhex3HuZ4MRR+v3jH+oS/v54MsX5FCvizDieWUHc08TgWR3x30H6SjODpxlmjyGl+TODpP8PpMsiKJnv48XV7Ndnivo7TNIsMCMEmOX3eIpfxMo207iWXebbwMp4iJTz8XgEefmsI08heR/Yx1k+7P3MXkHGhfNxLKj3LyWyRrii/rOev8bTWccx01pEaZ213l8iPfZaMsa8lN3niyFftEWSGM52M5fk7Ieo5dG8GIbaHzOT3vmXHk1kcU3md1DhfJx32W2R0qG4fJTnWp2S5fQOp5O+XeVaQ5Z5bOJ4k7byeB4g6vhQ8+bxD5PXO6/ykDqu++yOrnlzNj69xXOB8kcTr/Iyo697g+folPxbwer9dh3M3iRT84XyF14eo40vAfT+pDdU7r3MdvL7f4nW9jB8f4fi5c5iHQZ33gqALP+aG6l0Hr3fOG7eLo+Ab3k7/HKKRpKEdTYo4/1Vw2u/n9Jwi6lzAepYMt24jEfRVcpVVTPyiXjlfzXPSyfbQ81tJX+u27gv8+XrxnH6b89GvSH9RHz1om8f5XqNpqD1dSzo5PX/L8QrHedGeOF1PXkRP2saE2pRsV7Jt3X4piLamI0R7Dj0fvD71NETcI/FuKDznb61upoh2JerH88de9fP9MHi9PMNx0hkSap8/C7XPu8jhUD09rLVRhVzRNtBOL7bVS0C0XR2huuQI9VU/IGdFf2V/wGn6QxIX6q94+TyLSYqzmMzR6cn7rJOu24kl+izRl4X49Vf8vuBLwfeCrk9wWnC4K8gq0V+5vkRudpfx+F4nJ1keD/seGcjzftL1JvG6T/Lrj8nlbLCMX7wr6PUsWeSsJDfbA3lffC+JAK14PLH2KU7Lf+H3BXwc7bxe3iUH+Tu3hOgijrL/s9fx+EQ5f8Tvi77rAbLNucDzczfHz/m7laTIGc2PfyRxbg85aH+TlLkPkJvRh4doMoTkhXiO97m8zKH6FnUv+m+XlzD03045qetBjxlkQogevL8CLdyLyE3uJNIaij+nO9/1TvcAzrcD3FHdNzrHgne5k7pv5Nd/DfFPNy/zV8idzkzep3ybzLcPkyb7GJnOx7WBzku8Lddy3uA84gR4XK/y4zRC7ZP8uWjDFSTgfJfcar/E43iGv/dbPt48Qva6XuJ0qCHR7jyyz72Jj4U8Dqu2+2ccT4jnF8HjEM9FHkS6Ik0+1gz0DCabPBPJLE8dP44lUz0TyHj3A7ytp5FJvE/dZKfzviCN9wUZpIhjPD8v58cpHGP5+di/Nxwfz7lca3G5nZaEZW56TVgGvug39FV+73p+fJzD5uH3heUEejVHWVhGoaP4syEclJ9P4M/dTj457dpPXrKfIFvFGOPEkJN83LmWj0EdrqG8rjn4eLKPY6tEY5+xZIgrQFbw8/l8bClwXieF/Jz0uYM8wY+RHLXsSl7//B7HNzi2cfQT16Ku3StIoedOTis+9jiv8bH1EHH12Rfyka+WmMmRwTFAngt5PJIjh4XnRWuEbCHDiPlIPzm3+EDOI3aEw1HxLpeDyGBrZ8hHnZeZTOcYKzGchedyYk7PZTByJVO2foGJzBUKdxXHdhbWw4lzId8fku+J88s5kiXmCRrKehnJlG/5Opn/lrD8fHFPvW6OqXKuEbKP8OqxrC/xcTmFDLet7k8ErO/SPtY5Su0l5Br7EY5WiV7XnMZTOK4LyQCPkilh+RP7MdtcBqXSd5qKuYPQgwodJGw7vOxUzL2E7z2fi1GRHyHLCh2m0N2J+S+fkzkzZDzPyTzzeY0jZGSvXEck6L9RyqJCpn+bKb9SMecUc0HsvSnmYG9Ieoi0oXPCnplizgX9N+yGmIuLulog+R96HKzZ3MaUHeIgU3bZGJlWnHwm9EKwWyfJuhJz6M0aXUT678s4oZtMZWp/PPiqQH8Euw18rfOZ8kkW8e2W5RqtlQn6zRVM6RjhP7iDKdu3mPtWM7Wf1gYZvkHWUxlT+4SKMKslXauZ0kHAHwFz2v1M2WLhS4A6+FCWW983Wrf7wf87XdYddHSzmbK/+DW6wDaYwNR+q6Le9O8UQS9dwNQ6B1GupTIv0GHDboT9nHRfDNg3NzK11w3st9CDYS/3Mqb0pD6mdJbwod7N1L6E7UzpBXWfp0qmdIXYswz6MthssQYWNoMI1vO7Q9DTg+/g0we/Z/CDOBd2EtEHiXZ3TB7hwwCbK+y3w5j6nhJ02H6tHo4xxW+CnwXvr5Jh1jLlWyLqSvCQ6Md430LGs3CfKuITfWm0lu9oWacL5Xm6pFM/CZGvZNZz/5ZYjr7yvK8MR0J0csJ6H/7r40ggpSSVlJFAdxexSQRJITEkifTnZ/nytw9HgOTw3+EcKfxZPf99lYcI/0ZzvH/x9x1rFZcWt9Cfkb/Q4XQATaJbaDY9Yt1PPqcz6FfJHvsobabt1gO0kuyjI6ltvW1VWTF0HJ8p30gbyAvkA3KBRpPv0RsJqZicn5e7+0u7rt953Y7t27a2X7vlms2bNl694ar169auWX3lqitWrljetmzpksWLWluaFy64fP68uU2Nc2bPapg5vX5a3dTaKTWTJ11WPcAbF9FnMD0VGTHBP2FJRMFgcioikp9GFgymne4JnZ7Qzc5pgezOiumNvikzGidWZfp8TZl+X2dFp5M7UaBlccciPGjiUfC3+Ls8iikz/VOmz23MntjRHHrI7zT0uAo/H3nxmTzrtCY0NHZWB/iVdn1Z6Pri5aRejyfjsT+7k9R3dCw+Rexcfr8i8xQNnbgm7G3iJWnyd7YG/D5/4xIe9hQjUb6G5gn8LApnNPsyHmP22TjSyrFojv8slWdzGzuzm5c2TeKhiZXbGfqbeZYU+zeFz5s7sxdlZ3e6c/2t9Y0dvk7a7M+U1zMaOcVoS2aHz+/Lbmo62/1cXxHa7+NxWaTylJ/umX6qgu6ZObfxqThCsvc0NJ62qDWhubLpVA5/1vhUNq/z0F1L3BU3xUW2uCBTKK+Z0xYLhc98qoLLEaGnTuhG6HoRL0XoHsM9ShadtcL34sIJ5YUSqiAWf+KEn1QgtMPvsfC97aF7oR9OB077ighXBavoUxFlRVuc2uLWaX7nHOXiGiWPR9FomnmKvzUjdPss3X6qT0VmOMR2HqIinMM9s1TSs+Y2Ph5F+Guh/zyhSvFTMHjiKasu4Ff8OL2Rk33iKVoXaA7xpJ07MZtzY2fFzEYRsjmTc2RVwWDBEdmN/iWZ/qZTSUkdaybyGPynWtx5zYGOMGMIdvDHjeLMZOdOXuSvbhYhOHPzv8n81qLZ2c2drc0BfpodV91RLequRYQmKacsO/cUdXLpWDKWl90d1RnhX1LZGemvvPhkHBkXfuIWTzz+yk6aEqbcRP/E7LTlHYv8rZxPKuobl2UubWrhcXdW+Fs6HX9l5imHVHKuTqO8EBNPkboAL80UzinTAvXzeFMSJc/u6KjKPlXh5LUsahHXVT5OiQ75yF9V1aS9MTG7o7OiZVEzDzGxKRSYtxd+c6K/JXsxJykvLqfVTD8/nTtXvNMwt7EjarF/sZ8TtKKio4UXOzN7UVNmR9OiEIH5+zxrpGCwS/UhsguxRMvMXbSU/zubTVqb/a3hG6IN9b63rPeNpTyUfs9fI5ILHWno2FHjn7iYhxBoWdxpc+byZS9uCvMHqQ+17i8MRLVA2bxOQ5F3xI3GFZVX/IL/dXQu63nZdvGyWqCZU21ImFc6nTzBa42+zhWZnVc0BS4Gaenc3prdkR3nH+UX/0IvXybQ3OniJ9sXtYguxC14j9+o4TeyG1s59/IIq5s7wHH8NSfvYkqdVwZ6RMk7PtrAk7ZyRXE6t9dnNzdlNzfzu7yp+DKzO138mL20RTCX6Bzrw+Wp5z00P7R0zOTvkiaeaGanh/fTS1uW+H28T+X3mprC1Bd5dHjuyMzGTpLZ0eHv6KQ8i7nVPDCPPq/TnTdZHPjfmoC/ZQmvRJFedsuS0LvVPLsh6ojYMif6fU08iJUboiUnHO+NWsW/RR2cGzsv563NlRvfkdCRXdbReI5czrtFJ2/R7GbeeWfHZVdnh6q6hXOyIMJkcdXEIwoH7JMrAvL3Q395nasCpy735Ko7ob/VgXBgFoqV52xGY2c9gnhCf/xkbaDTSh3JH4rC0xl8DHBCFSWI58qdzMlbwbkqU7yd3Wk1NMrqCb0/WbyaiQoLv8bvhLpOMXj5kN/IcH7DibpDf1Ghvz65nSyXV3Snw/MQfuwRxVFMwM95psPv2KHshgvAz3lS2fJJqCDN8sLJXRIqU3jQyha9JR/OW/wCmWe7v1HPR81mv0BTk0iehRISb4Si7ghHLMjlFg8vRQqZUvgvUvxNDhVBvx0R+vOE8iyehYvk6kl4Sb2nur9BwpTzyR/BM6KUu2WrlO1uSWZnW1Ngcfgtt+zBs3mPynvuRdNDMsE83hr8Pg/vx3jxeavK7pwZ4GNGqGy7w1StCfcOgitptZ9Ucx6SJ1zK6yT+SVT8I7xp+Sd1Wvzy4pn/tMVnp/6R4tDHP/KURT28txedUVx0FO/oOxY1Lw4Pp5zKZGTmGCHAuEMV3SdUt1eLrqmh0ZXpNIVYJq9zY0Bycfj/1YGLzzeKNukBJZl41nHxoSsU3cYwb+TJ/1cH2CXf6mB/X2JM1mZnn9Az0Rvlsb+dlB2uoJpwddVY4Zhrwv0Ev5u3qKNDdG2nLo8RLTQqL57fT+BZK+OZLJO55LS5lmelXiTNQndCl7y5eUR2wtWWG8kfxPGwz4VZO5I/jOO5eS4zHIr/PdXdTa4OIHSYCDzfEblhPpeP5dth7twYaOJn1QLNPEi1gGxJkbKVRvXq9WX04Trt0/Oh/2JkYqD3X4xRXJ2iUVxSdTJdPMW87DhOrlEheubxrPLrjlGnqCdPBnCJAFbuqI6OSPT/ovt/iouJJCQCkqaO3jc623l98LqOvvQT1vtudOi2rOXoi0dxUzaHiAmdkROE/CLGpj6CAYbw+m1/QfY5IXFCI0zolmiK+t00QXsPuoTVAbwLui0NNWn5bq+7DY3t/K6g1AtiJOmk/OjK8wlkCtKFUhM8vjoghdV2UbvXhaK7LpCdvZzLWRMol7b4QLlcDFXZIjTLC3VyHVzgWd7SEuqHQpONNC5LzRASLpfT/XHZdAwZE56y+OVsgI8BTm7jmMyyJi79n+1+v29TuKuy+CDP0dCRnR0Xzx91ZCfw6UDnrhB55TN/6B4fxd15MpQowS7eOMPhrAl8/GkMdX6Z1VxE7eio9mdXdzR3tJzt3t4qmKDjVFQUl26bQyTicZ3tPrc3s7P6xqbOuOY2OkpIOxOFODJjSmfi9HmNoSG5rSXcPsf5fbyQ8RfD1H/BY84X4zOcPmSxw8gsjiah4nPc/NzD74mjm99rcRaQAuJ1mvmxlB8XOgtOj/EOGJ/Ar0dyWM5cZzYp5E+a+HEMPzbyYz0/znFmn97kbRzv49fvcVhkEv9PHUqKHMJj52xp/5EU2R+SWRxNzlRnMhnM36uVxyn8OJAfa5zJp6u9G8fH8WvqVDuVJJ7fnciPIlQVPw7nxwlOJc/XZeNz+TUlL4r/zhKORTylxTxFcVzEUzzPU/ycp/g5P/8Dofbv+fkH/J44/p408XyUkeUcljPy9JQB3rNO6ekpOfxQEj4Un54yhh9GPM4Pe845RTyFYaer+/NbQ09Xb+KHwtPVY7zj0x2H09Dmado8nSCPv4vH38XP/8rT/JSff8bvieOn/N775CX7vYruWYub9o7b7u0Y1+29YWy3d8/YZd7d5d3eL5U/7N01ptt7/ZiHvTvHzPZeN7rbu2NUt3d7qdu7rczv3VpW4W0ve9h7bVm3d0vZOu81I7u9m0cWejeVdHs3jqjwXj3ioHfDiG7vVSMe9q4vXuBdV9ztXVtc4V1T1O1dPbzbe+Ww17yrhm33XjG027uycJl3RWG3d3nhdm9bYbl32ZBu79Ihy7xLhhR6Fxd0excN7va2Dj7obRk0wNscWOddGHjYuyDQ7b18ULd3/sBu77yBB71zB3R7mwYc9Dbmd3vn5HZ7Z+d0e2f17/Y2+Lu9M/3rvDN8r3mn+7q99b7t3mnZI7x12Q97p2Z3eyv+rda7zjvF2+2t6dftndzvNe+kfhXey/oN8FZnPeydmNXtrcpa553Qd7a3sm+3d3zf7d6KvmXecWPLvWPH9POWj6nxlo0c4R1Zus5bMsLvLR6R6x08KM0bGDTbOyjvNe/AARXeAfkLvPl5Sd687Mz0+bmZ0d4cb0b6fP+C/rP62/zEl97tzU7p9nr7TfP2S+v2ZtHUlPl9+Y3MYekp89JKUrzzMsRZqjhLTh+bcmJuYmHCrPjCuFkJTXFN0YGoWa6AMyuqyWmKXRAzKzIQMcsTcM+iBWRWTFNEk5szV58Am2UHrFmsyWqyKypc9Cl6M2kITDnr6eZNmdXP66R7OnNniv984tbp3tNJZs2d13iK0puadu3bR7Iqp3TePLPxtE34KZflrQnTG0859k1NJEACgQCRvwF5jv9U+8UdGZIGwj80IN+j4Ze1H9r7xiXC0Yv3/33I0D1y8RCKbn3o/np1N0DXXxW4+ESGlLeuClx8P424PiCpriMkTYD3IWmEdL8HBAd2f8zvp/Dz3/Hu7ffkQ/Iy/32PfJX/fki+w8//lfyZX5/t/ph8lywi3yN3kgfIE/zJm+RjsoX8jjxN23io35CryQvkQfIrcge5mdxPPyabyTF+/Rz5PvkJf/oh+Zyfv0z+hZwkT5Jv8bMfkp/zmD+nLvILHv8fyP3kUXI2lMZhcg/5CnmMp/IS+QH5MfkZj/VD8glP7QfkHR7yYXKGPE2+zdN9jocXKd9BTpDHybM8B6/wfP2KbCT7yFHyZR7yq+SbdFIoN/vJbTzv9/E8PRnK1Y+J+TE/5sf8mB/z83/ox7WAuPj/YSSZbAr97/FjnxL3uzu7P+BjOv7/npBgbujdYSTqwunuv/y3ZebPfPz9gI+5hDzER+Xj5CAfY6/n43Dvn0+5pPArLgmEn3yTyw+dfMw+S27pFU5IAj/lksWP5PUTfKx+lEscu/mcJJmP4ubH/Jgf82N+zI/5MT//XD/1BgYGBgYGBgYGBgYGBgYGBgYGBgYGBgYGBgYGBgYGBgYGBgYGBgYGBgYGBgYGBgYGBgYGBgYGBgYGBgYGBgYGBgYGBgYGBgYGBgYGBgYGBgYGBgYGBgYGBgYGBgYGBgYGBgYGBgYGBgYGBv9J7Pn7Qd3/P+LYfw3W/f852PP/d8PZ+j+EvxgYGPxPw11hYGBgYGBgYPC34RlkYGAAsB8bGBj8dyIiweC/isitBgYG/+yIusnAwMDAwMDAwMCAkOjFYcQsMDAwMDAwMDAwMPh/j9g9BgYGQPw1BgYGBn8bCYMN/jci8VWDfxakJBkYGBgYGBj8IyA1aPC/HenDDQwMgIxqA4N/DmR+vyeyfmBgYGBgYGBg8I+Hfv/6t+H9hYGBgcF/D/pXGBgYGBgYGBj8E+AjA4N/POT8zMDgvx+5Vxn8oyHv+D8u8r9jYGBgYGBgYGBgYGBgYGBgYGBgYGBgYGBgYGBgYGBgYGBgYGBgYGBgYGBgYGBgYGDwj4+BVxsYGPxfxKDDBv/TCJwxMDAwMPiPooAYGFwaQ242MDAwMDAwMDAwMPhnwdBJBgYGBj0x7E8GQFGngYGBgYGBgYGBgYGBwT8rihcYGBgY/O9EyUcGBgYGBgYGBgYGBgYGBgYGBgYGBgYGBgYGBgYGBgYGBgYGBgYG/5cwMsnAwMDAwMDAwOD/BcpuMjAwMDAwMDD4z2H0dQYGBgYGBgb/21E+wOAfGeMcAwMDAwMDAwMDAwMDAwMDAwMDAwMDg78Tpw0MDAwMDAwMDAz+4xh/jYGBgYGBgYGBgYGBgYGBgYGBgYGBgYGBgYGBgYHBPz3O/QfwwX8OldmXwHUG/7D4yX8PJqQZ/JdxPcdnBgYGBgYGBgYGBgYGBgb/aViUdI+0LTqYeEgsiTnjRBEWRQoLi+KLhg7LdXtSUktK8/JTUt2evPwSy1oRn7B8WUJ8228yMn/9XkbGqYTVKxMSVq7el/HOzzLSf/4uIZRssEo8m20XiSTslB1BCnk8icUpqb6S0uS8fF//DUe+4bQ9cePeU+eP/dkqeS3StqNfi7OJRQ4Euz2rXQ+SRJJO0isiEiL7pDnJNKaPI3JTxPMTX8Sjor74hFR/SWK8z+1BrLQ0hXosd1XXvznR70Q7wfK7r9991Ln5sWu3da3Z3U3zbv+r8/H5O4K/Wn8l9TnL7Kjnoi0r9oXY4Lqdvwv++AAdRnjqZcGvel53jyXJJJfn20rnifJ85ySmpqR43B7icov/1KJ5+Xm58Sk8B6XxJfmpKan8aZm15w+ve+2+6TF0jWVPmt/H1fVe8OO/dL2XPXWo05/G/jKW0vgf+m1Xaqb1wq+s2+qj+sfGJAe9J4avjnTTItoaXBN8vmhUztALHxxqbz9qF1Xt9DmxMbkBQmzyQPA5z0DXeTKCjCFVgi6kYkB5fPGAkfEDwrUEuvCM+UkizyevrNyS4hE8cynJSR536De3pNTtscSpa0R+SmlKaUlpQqLLcuXll/IipNKUVF69efm0vqKNUmvJueC+rV+OuGsjfSgx9hd5rtQUh1pOGj152S2+qKFp0YsvD/5gwquDqtMzIwv8wYl7aOSMkzfGZu6fc+FP1yw8OXlVLAu+uKTaooOsByNdya/GWFG33du8Jd0Vb8dm+ccm+684HUvjD+3oevcHz4ys6LNuu9eiGSl1tIZ+HtM1P/mqx3fGZt60ynnm4ONX3LcrKVLUzg3Bjz3t7kjiJYNJ1OM2zaa88IJDXaF8O64Qe/JSEZqaIgps0ZxcXrgEKiooVHV5+cTTftoTOzY3+N2uJ5ue6TvVZoeGW4QO+5o/YnD/9N8GU2gzPdx2zfHPutKfHei4h3nTgw8FNxQfos8cuCY6Y21JSsCV07iK0tQhlmNVrUoaGBMzKLi/6534vnfesjr4fVdlW2pqarRnQNcPgtflLaPRxEV2Bt/hPH2K+MhQMpKM5TU4rCIlP5PlTsiuyC3NHp6bYKfb2dmjBuWOErWZUFZYJKs0/Dv8YuNJLEGFprpt33DO9X6fqL+cRJ+blpTK1jC81G3n5Ybq1JNHPSSXE6RUnB+6vdK6OpvS5J8XsIxcy/LSDwd23lHR9f6ertTSBqvmt11fW+Fcu3Dm+SNLrrhykbN326GVTyw8/9n6WO8P2te+7LyyLvhi8NWNdPfnX1/34YE1L9PJZ6Os79GYm67PcGXYid7cua8GvxNzNi543U+WT62hc13W0U13WlHnYpykbwVf6t9yc5+k62cdPXT+2RPUfnpfMGhd2H/L4jsPEc5swY84fz9KMkjCEzZNiXPTOPC1aOwoFnHF84p0iZ6Is29+fI5r14V77tyz+SH7zYNHgw8G73PPrgm+YjUm9j/tW+bhzfw8TXgujiYHl//owluPDSlJaDhmezjBrrKvPMbrJS74qud77im8j8olZaSezCa+ipiG6dlTK6Msd0p29qCoQTwXoeoYHh/645nhpM0vSQzxlx3mMvHLe6DQA1EFnMeozGYRz2SoDXrcybkiHH8mOxO3J9yB0JREj5XvRMx/ds4VP7nu64NoIKv+3Tx7YEa8w7x9rZzd149YsXbd3NyuvbMPzT5Bl9JP3ZeNCv4hruDUiEIn7vVBrH/K+Z+6IsdkLtxEB932yiBXbt/MwCgr+kfRlivmW489cuI5+qXvB/86KfAoPTU3eVB8lLOzImJwRuLgqNS5VVbsD4PBDHbXmsdfGtKP5pw/ejh7kGv76nzXNOvzmjsy3Pne5LZiFt/cf9QQGmHNqI8fnBo7/or151etufWWddb+ruAft9DMLtFDebv7eE64PiV9ST4pIgMrktJSv5NKU/t8alPb46ED8vxZQ3lzLRKduKDo5UVFl6PpumXD5aTxp6SK3sqyQ+3WTqC80drDeZt2hakmut4c97Gn8sa81vXKgsaR/edl0cz9z1sl1ojY/kd+aW1ZOf/Ee59cbw1a2dr18d19kytLu57/RoE9aGjq7cEV42+mh25cOaUlvjzGu2VsoB+9l351dHx6emZEdfBs8EzJ3RuWBn/imt31UPB06RL6qLXOiY4YUZcwNCFxVHBlsG34nI8JcUhj8F89k9zDSQGZRa4gW0l+Rfyq9QsnFNcWDx260B6Umzt74WywTTyasuCcPI9P9kOhzlh0WaWyyxUUCPVc/jzO6qW+lFIaHz4tKg4PMKFOPLkoRQyfeX5/vOjKHU++w+kRagpaKNFGbH+Jfi853u3svzMQ3L8lg1qZA/pnVYz103MF01Kibv3Fpvsj49Pivhv86Q+rJq31X7vokZG33VpmLR97U9fjj+Qe3Tb6cSvxa6M8li+R3l65d/LggQOO/evvCmK6+v3bDJrlNPhqjyTMZTT26TI3zUqhVvXEs2/F85Hu6ZFu2i+JuvonWUVRCUkez7CB06cWZpbUpURt/ONX9iX4ClOTsvolvRI38s7naOLT8dRK+nwSDdCkZxJoybj9aZ4Ul53kS6odTuOeinDs4PtJY1YuqJ34Szv47Q1LEyz3FNfaCYfTPYmWK8nvLf+8YUvBcCt7e6V1rOr2NMbvJvrSLutqKOWcWdQd5dnrHsFbeC1v4wUVScPzJ3m9UXU5OVFjp06NSho1qjiqWFZYvIbhos5GiMq52G5DFRdq63IYFXXhi3eLCispFuIR/833ufPzShO50FQkeuLUZHeos0pIpPG+eHoPl7JypmfGTN5Od9zzSoDaBSnxBXZg9fY4yx3rXnh58DNX8bTBwYHRP7GqXw2M3La0ZvaQKVWHunb+vG66/VpFbWs+/drs3ZzCkSXle60458Js+rrtiR3QN3bQ3H5x9aU0jv6mISEtLc6ddZkde/W1waN/eHTMhKiWaZHB1/d5XGOG/3Kd7/OS/tHRlI4sOuxsXLiUJW6a/KcxczyU7aVTaEnwSPCPNJ7TrT34uOcG3jsWkiaykJRVZFw+d0bViDlT5syYkeDj5Q8EEmLT07OzpyZMBfUu8nv4IPm+1O8OMXUxhLVwh5iaLIXB5PCAJTrPFN4duESjKCpJHKE4OtS/6mNdKJ486rg8Obn0ldaj9dsf6W/5g7Uzr1t+BT1DE98MeHIyKD205Kp7RwZXWCP6PTP3kdkbl1acf/8m6ix7Ofj44vf+Zeqrg+yYFyvdlj/Zie1v5dasOxDoumtP19RhK62YD7o6+x9bPofu+Jb1Ga2gI5uDJ4Jv28lHafS5eLrXjvtapD2/PdOV400uG2BHno2lexNeC35elr5i+aQDx3fvO7jx6vUHKZ28PNkda9tx/WNrfvaoFf1UfPD7789vraSpnKmj7M3BHx45c+KNvXwk6gz+i6fN9RMSQ/LIqJCEkFsRN2Lg2GgnJz197OjCwsqRYyshG8TLAYn3nqk5oeElRCROG4pBhXNa+CiGSi428K4jJZWT2u0pKS0W45KvhPL6CBOw0/rEeis7Iydy1IXPA643uZwa+1asdaHBinkrxqKxNzfZ7atTYy0ad+3VXTUr9nDeiz04w/rhrgsdtnUhaDl0I516RfA7wesX9rW2pub5WFJC39zxXd8+uNJJ21IbfL51z/oNdHbwntVb1m+khfO+xNu6tf/qeVvqd8VbNOG6mRum7omzg8eeO//yo984+859oo/9pLu/+wKXBxJJKue/IkGNAUOHDClKjo4uspKS0rKL0nRqhJor57TQTCBEA1nW+LxU0egUJcTTJEEZwWz5vnif1bZvGp3QdG8stWIOtwbfXnwo2rGfpPu7Et+KdNnRB26wXz68l1nsTT6M0fM3O46z7vxNztBYakcfrAy+OPHmGMuKWbeIjr9mTnAt3X/+6Oo7nB1L7oq2nail958/ed+KmH7jM6t/7hzjLeqT7lhPhOs7vEyZZLwoU35aXHpKSlph/5L+WVksjYgyqRY0PDQ+9sx7CvJuh8rVPzRESDk/1FBCI4Tf53GEVCH6rRz6xtvRth275Cn7R8evjbHs6Le4GE/P3+gwZ2tX5Wsz1qyf9h6L+HWu48+wHfbh+J3XVwQ/91DXT2859ucdwclrafOf1zzq7D6xOsG2EnfffP7Wu74UmzOqX7nrwfODnR8EY5OfT6Ezp1RckeEamJFYvGQ0TXgm0fuT4L8do9bb59+bWHWO12cg+J5nnDuVywZDySTeD/Mxs7akJDYqY2iG2x07fsqUvNg8rQuWBBD8XSqkLY+Yz5TycmvjJ7+y7NDwybthanmEtMv7WD7uFft4lwuyFYXJJsgVoBkvP3zj+olT5i2O2Fy/riTqE96f5BbERKRGuM/cOXLq4w8tuOHWqU92k8vo6doJfeIbK2/KcVLeSqDBvTT+rWjeAO5Y+0nLg3GW83Rw7/Vr3tnf+D5N5yPNtxKpc/7l8ojU9IT0cUOWFKYz5um6Pfi7/S2Hz1S9+thM57rg78+6oycU0wg6+/zhK+uio8fv2/wV+9D2rTE2jdu1+UL789SxD11YwWffu4Lf8ezmM9DFZAVZQ64mW8g2cj2ZWpEzZ8OOddmrd1yR3bZxyXCrempr9caN2e1FRTt2ZPcdcO2A4cNnZs+8KHaEW0WYlj2mEqEeOVG0/9JU0ePm5ftDsld8sRjpOA2Linj/gDkGH9bCkpk/uYj30XxMFpf8qPpk8b4j9AK5YjQU1SWlYJpqcZHGDkk4oS6dz0RSS0rt5KLiRC7llexatJU+MqpvSyD3m4sWXslSnqlf+06CRZtTfX0/t2NfHer28w7cO+SuWdNmLM2Lff6BGWtv3H8bjWxN/fULbbtc5Z4oi1on1161adXn9Rvp4F9OyPsweOLPwaSEDXT/n6ruqc9ZWhM8c+V6+knz+0vu/fKUtqO7lt8X/LTuyPG6M9aUhl81Tfv81+/9ZeTkWvpS8ozR/Ub1zympOfD6H8qzOmjLQ4OXRrijLTtmytoMT4qTmBY9x0o5eDSnz6h+R2I/2FURsWza0NaasVlxFqNc0nk2nq5ft3R2w9zrV99Vs3iue0lCbkKflmU00Q6cCf75znuutE7um7fowI6Pbhs18/b5F/585djqpfYLR44E37xseAWhfHb4C0+76zd8TptVERUVkWz3tQMBX2yEr8dcUM4AeTXllF5UehCKMRTzotLhpVzw87l3Lv6aRWKpq7Mr4curWk7ZuxY9G/xrcDm9cHbZ0qeCjjOtOviX2IbXMkvj42mQPGUteTHeGVsyofMJK+abcQ5N5BO915c58fxu17qjBSNiW7Ym0+SECdYSoaM5Hvyu57B7Fmng3OmtiM7PTk+f1bhp0/Llk2dN7ikKDB2WSwRb0FAr5UN3WNgVjBISbzm/+USH5fEJhhJapvBgxsWq/vxGgkuI/x5xywpPp7iYNaK0RLT7EG+6k8NNvaQYjZ6flYT42JeX7/iDrwYri+bTP9EVSYmfBrfnbqGP/zkhhbnOBn8/diG988zTxbsn5+bn2/Xj124dGmyIT01NvG/kN547lmFFD4n25PtHTiumLyyvDg7xBzKcjODsyIYvD93rcqj14LGDxfRC3NejbMdK/DEXUD//hMb+sI9jWwnVQwKDreYVS34X/MWJtcWraUep9xdfr5m1jZLEGJd92/J545acs5K/Huk4/H+yFZeennDlphVfvyEt0eVKdayMAUODHS+NXkUn05Fph04MmBV8x1l5VZZzbNSglKR4140rd4yzEur8uTlRlRur8nMH9g1UXDNuYH4gdfAtPPmmSuImxXxe+waXeGfy/mMvuZ3cRe4lcyoGtk2qStp09Ngdm26qvmVNSXX1pkV3r1mzyRc5INLt3jT72LFNW2644brrpm7qKc71EOnKCvWeJCQh86ZdkijnKiWlI4pHFI+QGjFeO0nJKZ6LFQxxLpULzLwiRS2lyt7c35/zRbyY3JWU8o4iNAMKSc7hyU5KSALn4fPFrIj38CMSw0JiKGYwUp4d7qxCs/KwwoO3j2Lrtf275n/ZU1Z42135YyhNfnOw2/HHuV3Upv6K63aMD75luW8rdsTsxV1a6R3licnYUjI8r//yvsMz09PTnqOjghvHr//+sjuWdR09PIEuqG8X85tl/fL6N9rV43/cZ9Tlk6b2qau8I54+s29H/YpX57UdDnQ9MORQeWGggNZOWF+xbsqaB8vP5NuD0pzIW080Hm05P4W208FX3r3rU/rV0IRnQFF6VsbQ737X60lK7heVljIyf+KDO/k4mkQrSpM9sZYT50taErRG2HafyF+w+Po+zw4qinJZlLKjlje4PHiydvTW+9Y/ak9MolbyTeN3ztweZdtd760bMDhp5jpmuUdbFk3cOfmmIdbq1TetmW3F8zRp0tOcXxafP3zkgQr/vd218QUxbid3zdeu3/lw8KXXXhP6ti3BX/GZ00gyhRwk5RV9V8xYYA2cMHD06AX9493uBeuWzq3bvOOGugMHxi4Yi5EnJPYrZrmolxTiOpf0Q+JLsVA+cpm/JNyAQ+JYsS/MM8lSzFEVHpZki5VEy+MKj1Gp4UmEdq7fLwqPTjJJHJEFPmrRk5uW0YE0vutlK+Z7sTTu8TznQvqScTmWm/Frq6vgbIFNA9k0MPYUl/amTvq9Z87u0is9wUe4eBwXfMaK4ZKyFfz6/vqHrJjXB3tcOdmUEnnqpZ9ePNtW9eCDlTt58BjrUyuK/+8mdsyb0fShaTdb0+LowN2tQzr2DK3NOxJPmcvOrpwZPTblni2jZ6d5UlNTE0ZZsccKg8+uyA+kz98cS53Z1N/1efnW2/Isd7Ct6qqbBtENjXZbLA1U3uZjySkpcZcHCuVp7ILCgRdPB9LYc7G0f8nuLZX982a27RyZVzB92TVjC2isqOnc4A88r7nnkRGkjhRVpA7Ky6tIFerKoRWxjFVMGDOmpmZqxRf2C0JFl5df6uLjvui1i8MTX4/opLmQFmqTPlWlvPrDantK7LBkG9aDYCRLsPOst+nJK05OpfEr27ruj5s3MuPmAutfJn7nyY/zEjPo3LVX7Fq1cnFLWXCvM3ni76PGba8ZR4Ots1fs7dpGE6Jo9Ok19Hczr1n5xv6B9MiBVbctPz815g9zrFklk2/fVtXax2Wdi0v69XOxkQGPJ/jR64PiO9Z1/W6zf1CfhetiqDPY7aZ/tKLOxl54hiZZX6d1t+6PpeOq929aVOaKPBtpB5O6TgRXDhQar78E/+oh7nQ+e0siE0hpRfqIxDTmc9Kob0xpqS953DjfwKystLRhvmH/jm6aLEZLHSEgCY3iRT19Hr04V46/yNDxIZpenACEHxdLQt5AY7Yfecg6ef6pM6lW5OChGYefXtB1wL7hwshDG7fcQhtp3G8G2jQ/16LrN94pJnVvU7sPvVBwaM/2Y/YbFzZed3278+GX/rDnlh9c/lUatzshweVKdrmy779/WtenH1rRX+Nd83P3bclwpaR40+Z0fR5/7zVdv/7KhqiUKXl29NkY62Mr7tk4wilRw3uM0+5RJIqMJAvJMrJKcNPE8cuvWNpiuRcEhg9P9A8alJjZv/+ExAm9VC7Dw79iTMkN9eOCIpwaib2UL2Gld3KvY7iPoCWhYYVPfEIDSl7pxf7AI2UFMVAMp1I17uJTpNIU+tvZ+xqbH7/yXJ4zwFu95tH5u2jrDS8IzUy/vv3tk2Nu2X3ZhT9Y9bOu2V/R1Wk90bTpS1O6auyYH8db7VPS+7qWrq59t+TVq0fvG15E7ai3Am4nJ9ntcMEwIX7Euikbgg+uTSt+rHbjYfvE7S8+e/B3HXc/PLHfblpQz2WNPpb9wkNvlGXRdPrt2vj0tGj3qKrEryce5biVo7xp63ir7HxS5IiSHdP7B19hzIkeOnhdR/s6nzstLTU6MyYxbsCqwTFxDqPv7Uodem/dgQe7dlD65JYPCGGkOvih53X3UD57ns1nE2vJRtJOruPyAOfUyoox126+ev2ylQmzUn07fQkJGfMHbt06NmNsL72lUHmHKyWk+eYV4YH4FpoVhJiwVI64HjEl411rSDLlUzMxV5AV4s6VFaJXSUgxVjTc9ohZCI9JdBgpFFUvKiw3PIaH/wvh0OWRYqJr78EXhi3wzpvyXPCZwQtpzX1Xf6+tsLT6jh317fkpLw+gA/v2Tbo/fni9r3UZvXv9yuVPfIUO7hjyUfCh2Vlee/GimuDv5jfV5xf0vbFwOJ/3/3Kgy8rtT+0xlWu23lr99s6OWX3HlCwcdmVM10fzD5avfqP1Ib/l5GfZZ3b+6PZ9hy+cu/H2B27bT2MK2+aVX/j9adszou/lE2utu6+7tr68YOqQZza1TKm4a8zo49fT6CeiqXXrwYrowsTIaWMcartoE5cYo4OPBbvuu2xG861dez3Di3auKu6mnGOsPoFBqw+33uzjklJa7NXbRtgeO3bZrOsf7HJFW+8+lz6OdT19/+3TRtxMaWNiSnIf97D2Jx7b9yItW7/pyztP2n86sq/9oUZXn/idI/tnXSdssCv4rPsgn3VXkcKK5MGcESoqEnJYgNl2Qr+4qKiRCSN766nDh5B9FT2M4xOCd05uuH8S1ShEc171F6ce2hTEI20e4W6pzVoSXDH3to3X0lu4IH7Kqfnl1yw3Pbk0yuWJi4qNTUvMzkt88zCdtOGqh8qCp63k25vvrep6y5k+9a9p1Z3jap2uO9fctMW6nCbYkWejnF/2a9iV77nlvqRo5mGOY9v5KZ/xPjmaBj90R52Lsro+35432F63sq9VQP/oRJyNCo1r74X6o2GkhvgrYvMSPJkey4qsKBsxYmLkxN7czssdH+ZpOQkOyRFCUBGSREjl7ornZIBlR+jsqW6C1kVVemTDzK3bZmygMW8UROR4reqM6zNitl1WfeuZFFfwDSt4IqV6W9Fke9nBLSecp4P3FB5eM8d6YdK1h4accCaVB9Nmnayosq6lO63YZ+Kt59asTXMF8vrOfCHapk/F0OC3xy26vmVj19nomK8krl2ZalXTbw+d/oqvq9N5m09IY20r5lzc+cCBAUNir7qyH7X4aOULPu/5yD2GXEHuJo+TWRUDNk0/fMst01NzvN7pD98Te09+/vRlY5aPGTly+lXbt+/ePX3igvELmpszpmdcUqcQf4lpQcj67A+rCMJGiosKXil7SY4KTe2KQ7op2YUUlfy7kxGlSqslo3GHBX5xwu+4elRVT5mP11RqWIgsgalQ1JVLVWuRVH2keA53XHbrV2jaovK2RQkDrom5nPpmrdtdEfy5E/nDKCv40aj9t5TSmLao+eV9q68uX0g9X8kvu7Vt+c6k2AWj9i5u2Rnhfinn3mumvMmnBN8ricpPZdQ3/arj/uDrzPPZmqbNtcHfRKbRl5dc8ddvTZq2fsPUSXb02/mO5e9r9b287Y7BfW/NyaB3OxMrfuGamTViWfxQ15Xz1j1ib26zo98c4snPtC4PNB6edLZ+d7n1Uqz9k0Hjrhtbt9GyI7fYMU/F2cfnL9sz+rgV/2QM3cLc1vzyGXPL1/7Ujn062jV0uLjtGj6MJpyNtj0xcaxusa9PXk5mvRN1NoGO7++KeTLWyRvz/7VxJfBNVen+fudu2XOzd0tLmqalO2260i2leylQ2lJKd7oXCqVA6cJaFqFQUGBEFpUdERlEFKygiLI46jC8kUGt76HO4LiNDwee4yBtDu/em27i0F/IbUhyk3Pu+b7/dqCVX0ACqTyvJAdqlvswRoOnqvo2pbqogftZxvK2bOeWdt9AWeFaklECnQrOsPQb5gOK4nkeTLCZKwLp+rUbe1ih1hTgz9kS+i4RTuhft3mHyeXehLfgzo9cGr8uH7RwNFY4XJK1QP9ESEjZ/ZjVDVKlVG7w1dn0uj34H0cOtTeRQ33z5vXhT5D6Kx6e/0jhu2WHoU5LqcH0IXxD3/1Ay39NmpMhFUshfAyMN/Ro6GHFS837ScbZg7dlakFChoKldacJCJbowe+x5/n+OJOYRywkFvP9cVhp0/v6Jrc0NSUv6SF7IiOTF82fn5y7YtmKNWuSMzo7k0tbW0OTQx8DL7/FxMO4mF8FQssaEdTElidwX5faJrhFglkkiG/RorWp40dHlOhNwi8uBOQynEQh02CEx4RNl+bB0xuSP69wAztPbkB0n2JiQVgSLHfO/C9aQ6ItgbTPBEAepvJaiw1YBG2dodMzvzmanMJTyZ14TngXshXs9HhLTVKKwKgccO98LZKK8goDZWv3nNq8pjoFRT6cPaCgkKo3/0j9YjlJym8BJb1CkleuXCHzv78hxd9nzuRrX3iaDZe/rZDA51rvBDnDMW6k3qRtHfCXysFqrdXUeUvrdD8lZfEEK2DhEKvzUOMv8WBFwj04oF0z+XJ+O+vj8xKE5Zs8PWRUEqV65TlatSD/Wp6zf2Eh+YekbUqSUjWXD7XXVil9p2u1+agG74Ym+G98ATKcHz5cAa8WzkTlufj9h3MO8vwGVI/mMm/SiYQ7YSM8HXKtp5ubt4+Hh8x7RHIfdhBoAUWKcyMQVMYwMr4uvX241Vnh/lc6NcDNGPLEjGMqUv13qQQGf5ZKKdngz6hr1uJVOftP5ZM/RLyoluiAO5o+xHR2J1ZLyfnoVVxKDuD5oLms47tTKP6Y/TsTRWQTM4hAh9aSnTpt2sSJci3rnsd3qQh5xCirHim+Ipcebc1CMWPGjDTrSBxheF0JcSU/cNkdGpcMN+KciYTLJtAyuz/5PC7Z3dC0C46Tiq98SF8jwIEdLavWRGy1KIJDvPNaAe1tW/gc7oEEuNuRgwvxl6pPFCT+FM9P7IRnYD6u29faug/MnS9s2/XMRrh0sgufOpGBLsNVWn5eTqctqPGkgszqlEpazlemGjebSh3c2MHI31IyeN7ygqY3oQNrfE411cOP+MSDqqz18CareEvOHD3a3te/vGzXX3BCHM8t4nmOepv+iIglEogUnnFlCUhWFWYICwxMjE+NSFUqE5My4jIcDu90lOgtxsW0/6FX2R/3iVwUgh0ZLlcxYlzD5TtqXAqrTmewRAuK0sg9lNcdInN3dGoRqVu3EZ9D+fNL16fgUAiDPzZn4Ux8D2lu85UVM45KeAlScHDmyrImVI4v7p+vQcwlWM0P6urzsA6vhHX0RzqEdBUv4m9OlmrIffp3DYCPRs1e2gd1+P/uFjZ+BszDwbrsepgl/NM+pK0/CIbjeN3u3RCxeze+4brnO70Jf8aeYzREPFFPLCdSHOb0/PypUxellRQWLgpByN19EUSFhy9KqC4ra1zU+GsMNK7DjxRuKw+MYg1CxRqxmPzFGjWCiCghuDDSizWiI2USR9TGv1KU/vh7l3srSgN2V7Bh9N6V3RPBQAw5mqZjNVqWQUlpXOFib5Bf9md8tUjmn5w+wVsvX1DA1bzmDrjq46ZtBwNyujvyApLTVj8ZDdFTV6ymcqtT45/aZU9tamnrrsXJRT37Ju+3Rz29aqo9NmXXpmlQUNHZN/h6eNQaSCmoppD2op2hgjigZmVTL+MS7uD+XaHFnnSAp7Lg47NqMilKhXBzWP0zyadXX/VJgb+Dmue7cFx7Xgu68xqlE4P+gh6czyHd2wbQv21AtfwDOkFvO69F3HnuoRWF+vzyh2vwLtxN6nCTGgzu6nIcir1v3OS7ZjD+I18B/IjZhOQVIk9MGz7WKfkfPY+fXEEY/4CoqGjxIf5JHCnQLSEmI5pg7HD4TRcTHUMKJElLIv4FfqQAViNj/ZjglQZKZlQZdRqtkVUHuQGEwt9/V4+DWYCE5ZP4370sjqSJ9tT9J+e+7mtdu3BSfWh2uMzAkkBu7ZMASoh/cdE2qKBJ3wUVQUa0g/F73ksnZRQMwwAppadODPUeqsdvBZegXDLQzYez+si0LJXaXfmS81P8SGbUK1sWlOMLlxsaZ0wMM04pmh6cugu8es/uhxC1bHs+ljwi8D/xUILPXXLLh04pRAuKwi2exXYwOUQ0fz0nEalEBhHtcDMnpIWnubkxsamTU6dMYZAyRulwBDKBv8aqY3fDntcYqB+//IV4hpDfiHX1YzG9oRnvHvM3G38z8Ldbz7VBOlLdCmeDPACq+7YIZvnGjfgZ8PUphZReHnCvKszNSb+M151OzwT85rLdKoQuQC/ugF7UgAvgFC1XpS7a58mE+WoyNoCy52kn3rJeC3dTDCaegcb+uc37+9gpFNgjVoINtJsLUeIGH/w1eOA8/Ffw2csffL1XOCIo4h38DpvOJBOZPLuZThQJGQ2ZV2FGflZeRoZX9tSpXhK9PivLyzZ5crhX+HjE8pgQJfY9IS5ktAtcfsRjtYsavEjGhw0/4QFyLNo2LET5B7h6jEWvGxkuF2Xf/l+CUr48LDfgtRRJjImTcZ7mI2l7NfDljDcnIxSnMHhHQW3kcxzIyJoyPKDO2BH0DkPSNImLoyomruU+4cndEQSV+BBUQtX2t54+suOXfVHkQM7z+is/2NVhVqXdK3RaFtLvybM/hD+kGLS6YDqyqhO0h3OG6k45MiwLWhTs7/59/6fBxi0T44YOpa0qNkdS9UK9dX6LV0PPkc53r/Z8zY9lgahceRKlRCVRQzQQMx3+6iqdLrGupiaxsrY2ka2oSJxtI20TJiTmhRUKPSdzcnS0IdHwnyn0+CDRSDpBZC4MO6bjRVuGmw07LtUywoDES5QRoAgV6yfaYuPQ8xglEg8h2sJfndGWaL4psWeqNg/dUU9gSZS/uEMNSDHAOQORekCFtryf0QjHB/DJ9qWLO+CYm+Gf87t3TwNPBTPnyZ07I+P2w/I/wtUHtRI3hdqkt3pajuFdUg6OFT+1Yh6OQqRBiT7ZNBeH82/3iXAj3dXIHCtnNEtnOfHB+dHhsdkbNsIT3ZtmZL8LFUj9BgdRsUjD31lDWZJCjTP1EuWEaYdVMoVGIqVNHhEhwL2hQbQ02Qc4TJWWYkvpj6WlQgLEjH9h+xkTESz2+tXCfEwgiICAYh8JSRabOLm8uCF3QW5GRnFqfHzx3KLp04vDHI5lxct+FSP4D/7VaGejLa5uZbdHu3IUwxReYPwilR+WFoUupXNJ2gYhRWMdTtEI1gNYh3vaMOm3+8U+Vr41w+9mEKMK4kKJFp8dQ16F0N3Z25+Zsvty6u5Dsagm7akn0795zbF1W8prkDK950nH0P/EHXnesHkG9Jf3cojbU4Srq7dyCM7C3cHp2RXrjyaWLOk1OuJtvhMg8MclapnKoHVTaQ0exTFTZj+xsXjK9gM9c2ZrbqkylrQ2fScFjjvHfcOd0wLw7esb/ob/qT3HgfoMR3/HcX0pO+et0gDXuWJDTdKDBzgYNOdUgHSKojaGRPSKPQa1QipjKcYowwP8OwV27HxtxzRne/7G9hrAG96f4vce39GK+Y62nSkjOoWMc2qBvN1AGjiuIC8hoSBg0pzqaraAHUO1Y9MTOawfWFyW73DOy3dsIVhdRUfIc7sSC0LSgLW6tiSMPKYblw8RUYuoTPqzI1EFl984fi25lhKb9GIALv4DYrojnZ+9tMG5IL4RJX2I42wnlpbBEEtTMh/lPnxFk3OmHf4Fz+RF9M2pyFqRMtkzrEUZHBVUnatwj/dpWBM/p+rLrecSaTJLoqJ0SnZo4rMXvN+JIxMUPiZojH6muqU2PspnsYyu1musCjVnS5mCv6NkyLNyMTRygJ9omNUBFHThJx41TmuH1Zo3lChzKwClNlYt00uadhVt7OCv1mySkkNZZWCER9ya1P70FMvb0FJq1umUSEWbdXLVmZ9PZOoDTSjaBtxZBVlZJbXTqMOdk+gBSbza2ik531etfO/4jikkTEQYMZ9oJboEh6+4gV4glzcYWloaurq6JkxoyJoUG9tQmZOjbFD+Zl2N1TZx7saTJfEid4WWbDyoDnCVKpfkI0bzCXL8lIjTNzyp7NgjLgY8KvvHjMwnI7QY0i5gnkh+yTGZGlJxk6ehQ0N8Z9Yg9d409H4ayu0yYvzuxmTckLTuzt3AUqSAXaeC6EmwpEMBoQW9uzLKIwrqk1bNsJumKdiSee5uLxrKguPyS/IyY+d1zFkKup0Xg2k2QtgYIXV7wkN1MPn1cJhkHnpIUqd8drR3rmRV/hLYddiK3y1vUpgyDJbm30VAZnIfX3MfVi2eUlIkRMNK+rLmz5yKoMQYpMVX0ScGpD6rgrQVSeHX6v0qOUmSReemhdR665S9bXueyvb/AuYW6Dw9FBKLRY7g5Avf5Rv8TIrBDPwzyODsrFXL5gBJEAzPHf/G3mdCCCMxiSgjqogmok1ARhEhspr68gqOC0Hl5SGtVmtI4qxZmhDNf8i3Cga+iw253HbNcH7CIs5eFLjiF4KWJ1rsIzaMiRGk4FGMIGayxPgh6yf6uZQryCzmmbVi5JU/9LMxJgbE6BBPrMm9zyfAQcfTYtJQRgHOUQ9w8LNB+w/YXJe8LPGwH+4P3jctdWYjPH/qZiRCg28cj+UvZy+Vx5zkq9WJR+PIJFvsc7tAt99TKsXrHuY05acnHdiSnh2wiwyCC4NHXu+phkvQ501/Rr55rq1lW4IdsmOQyQCg25aGF2QsSZwooTa2p8GJcCpIYsDp26Y3FEZV63nYnjsroTgUApBPrNLLvLzYy2jwNMZ5Rr3SfODYAj+jwV1Zjv/1sbdfwkT/GHPS6aDFZc1S/0MRmeA35BA0CBxhix7w7Z5fHUDuOnb9yu9ZEPzV8Edy9hSP85cQ3UICubo829bNL7zWVoVe0sU3tEpF5W+w63C+YtQKFNGrGOYWdU5+4K3jtx+Ikiv/VMO4FmQXShzFGhi70eTy12LGa0+uNjVMdvnCahr2FWmR3Rn4QZDhm5kr5s6FUFJ+09tDdqWhoiTtBIpg46w+tHx1F2ycvdAtuknpdJ59G97/79XutNxLp0cSVaADr/hWsiggzsPXHJflF2Q5x1AUWtkwaUryno+erq/6QXEK3wrvgQKIZhSnM+Y4eerWRp6oz8m3XSE77yDVRQVV3LjQrNTrPaWN0ylF9voNjd6hakmoRHVhC6m+xGOGN44WrHh2v69ewiop5L42cm888H+oXjYsfkKr9kJSKi2hmFNg6z5bm7P4XuY0fVwZUl1SUYuapXCH58kbHgFbR39EBPCcIkfAzv4+ZtlEtdocFhNjzvJAyRkoOFgLmb5mrWvv2YgUM77wubySMS1OyCHpx8KHmtEWxnNci5hhELuZ0M8ENyxaY9WKjcsC/LwzDfjIF3u6+frB3eYGn9Xe5nu9pmf7dXzod/MWPkXd2dGy4OHHVB0egLCqdb5SrS3F7XSEp0zWL/+0fNsDBv8A1/tpX3wJ6WpPO7MvNnalypU15U3H0c3j8/UADt1lDSK5q7rBLPQ3fDEMwKN8PiAS/HV+EzJhLj72ecrE5VAMA/gSOERM/Dl7konka4yXiIpTHOYZOZ6lboFV06YFps6eXVMTqFUqA+PNDnNpKRvIPmYVjDUJsdbwI0UKJIsQvnCAblTwH47q0JZYl30UGRvzOIgih+EuOU70tIwFnO0u7CwMMPLRZB+zWfH1rrDSFNBPj9vcWjiloFeJ+1a++OrWkygXUmSvXPWLLSk/tW3g62VyqZzjjD5eWvXzlUoIrulb1olvKJ4tPi5nKCWPmJ03SOWAnKYUR+e0KfB7S7trQYsinDfQZ87e3BvHw/HVvtm1k21kAFK/xZHALUKRW9ad6jmFHxoU1RW0wbvspEYpl0pYGeUrx99QygsqEv8VKep24U1rVuTlpDbP2wG9K3sUCHwo5VuqIQ72CNU9EH/Ld+d0ooKYy9eMDmItsZlIdXjHVSUmWlatWlVZaZmXn29pblcqLRPXrbMYly51WBy/0aR/NQkCB3ZtRNII9VlQbFxZcJPdFcUxGIR2axo2XNBo2HN0uF0D7toRIVo8ogDEX+58yecfp4VaL7yfUDtcFYp/5nAHEBo138P9gRUugZjYde/EySapaKnVzbe5XUWSqv2Tvze1x3mqENCzL00mIVbnBVkLVx06/V9gabGbA6U8kflEQeMkniuiWyqSLyeTvI1xm5Lces65gfNPm9c1kXfhsnNn7QxWunmq0S1p0+1v8qaGOSPBnUSnNks1KSroCc9/HX/u8AkvzCiahh75yCLM6pk4AFEqBXpAyueV3M1ZpUZSCm1K+om6A/kpepNJz05CWvzOn38fUtSsMFRF4qyZbSUpE+ZYuJXToV8eH+WlU2VNblEhfD6upTOPU/5Uc82MPIPO4l7ogMFpvm1JSvgAcT5RZ0obUiEa34RQ582NDiCZapRbqQvqTavrFRhPNf4Le4uJETWOFmIxMdVhLZQZF8Ai44xZs4y2KY6QKEdCgnFefb3RrGX8MhiAKmPVOIl4bOZHfxlNmbh0OftvslLjbbNRuc410VYxjjcc7UtAGistQjwjLaBwoYb5iY6+7zByc0mAsaKxxk8x+V5BdVfrvAKk+cJCgrcXDCDujh/l64Oaazo6apqPT126YfJxUsEvsts+GBcs/DZudfayuRV9/QMDzpu6STO2gG52A0TC5mzuzn3cen3DK8ETvH0nL3Sk7t1SWdxYX1K5QL/0/d6BJvIr/bta9Of1FZ60Xu9hqBm4sbbRkw7y0tbeRtxFDeB3wCDebW/ubYMU/Am+mxC8BXLBcM0dIGXP4jLndW1UBcegiIU1HECQV7cJjPYDWzK7J6GpoLnsBuRXm8/0XF0krMwCfJ99lplKWIlAYhGxlOc5K4gKR4g93qCzdU2MV5tM8YsrK+OXtbXFd7e3x5O+vvEzmpu7uuKnxIRPDW9tNcebx8rk42rMr9DZCD7TCaMqAjSjGF+ZwA++4MBT4kIUR17UT/lBF3OQdpe6bx9Jy6vRyK4xy4iqI24IE7OVPLITMJ+g/QhTx69zUeW2Dd9KeqKLMtaroftAR2fXp6AHTSobe/jFBBx2rb9t7ZqeZ7qK4mDN1leeXv326dyI8PA901q3LtphP7A25ngEScd6GYqku2fsyrdHRODjrFIj+y7psIwika44KnISVpTslFIkaI5GNkjUain+ytGPJjuvuW7oT+d1gPR9Cc63fHMm6wy528opil5WRcq/+LgzHLUBHN76l77Vv//yjIykOmubW0/b3t1f5uHmpmDNq5VId4Z/a1PAJAvS54UFB2HNlCNyigLt9PCQSYhI3aQDj5AQMwz9uGDBv5uaHjQ1CYmuB/g+c5fxJdSEgQghTA6pW3CwxuLlpRFcojFPz+URjejUenIknyLkHvxH0m8GVxIAbv9Va/wihCED3NC6ref7dmxAeHtyNu28P7u+fjbyLGk3UzMyHsnx/fJ6ylRVa6Hd3Uz6iiGmhale/vKlle89vKUHKpc6BW7vGd2q2wbz1gSEKNYTIoP7gH2fcSeCiRKev60hnhBSHut76EXLFtbG+HEcTcdMcNfrZ8fMHi9RufYTu/ay2ly5Sv0IXbML9rvv8AZEw7B1KQT/eW4A4u7E0W8+nOPlK3kMOT5jxRoNHPjbYnTC06OiudH950Ksz+Y6z/BD/CVoE0URNuELHa7mbmtBV1oy2Wh9vqimphylp9c0pvyVby0et2YsMQEM+UkNMvokpz2fQIOwuYv7R0UVAuWAjaV83RAACeAcDB2qfpGlhfTV+XjWpkP0tnmIuaUlNW8mMoEaIHe+/Gj17Ruv55ShVmfPvPT6HNRZVu2Z+aReqAWmK3q5sS3NvW6Wc3cOzqIkFGrvp15ubvZgBeBkNU0bnHGxruGFgxC97QUL62VWy+JMkdk+Rk/nA3wrOeff8ETbE6l5U9pB9aGbxEDpvN2inPHO9/CPSfsyKim2a5Ybq0daqzR18Ius3m3f9X69h0DQhv+FnqV/IVjX/5UgFV0AmxWR/HJFgqKKlgyoPCEY0XolHupEj9Da8ktOGQ7DX8IEAqAGf4oOQSIhETwE0uUh8JA+mp8uDTrkge8VqbogEV8fKNkePQty+DPWP/oevUo2809mhdfQw69xabfoVXwGpuMzZDN+DfKcH+JzkMszmKeIEKqQ/5TCjiz+Uxpcr7EimtKJPcQa7S+6EX7AH8KGnwDuw5tq5k+nmB8kHz7FSk7ib6HyB/IjFKBW46aDL+9tq+s9+OrGqhNazZDq558JIC4TM6kPqLn8KAQ5tFIABiEZJSMoSkrTEiQZq5oweiQGdgThk7+qLQbSeh6XwrHz8AI4cRGc7IeTuKif/+yXif+lPiDfEL+v4XWKYPlPTbg2IwP/l4CMeNguiKiXKXbwF4olob/f+cMbb/CvXUWGoHt0BCHlv3mwQ0PwWEEtU6gpmkYKhVqq6yf/QaTYrwsAC8Kvh9++xl3nrl8T9RA7PxJRgpw7coTutc2/Fzrpb4tb7oXY6Yg9vXdOtB7N2rvpzonm47mPnSvCoVdpKJbjfxiZhmAoVqNRSbSu010bOd11bXx8eDh3jRPOqGdYfoFZo+306BG6FxS1hz8dXhcSubut5R61seFo/t6NX51oPZyzZ9NX/w/qBhqcDQplbmRzdHJlYW0NZW5kb2JqDTIgMCBvYmoNPDwvQ291bnQgMjcgL0tpZHMgWzYgMCBSIDI0IDAgUiAyNiAwIFIgMjggMCBSIDQ5IDAgUiA1MyAwIFIgNTUgMCBSIDYxIDAgUiA2OSAwIFIgNzUgMCBSIDgwIDAgUiA4MiAwIFIgODYgMCBSIDkzIDAgUiAxMDUgMCBSIDExMCAwIFIgMTEzIDAgUiAxMjYgMCBSIDEzMyAwIFIgMTQxIDAgUiAxNDYgMCBSIDE2MCAwIFIgMTY0IDAgUiAxNjYgMCBSIDE3MCAwIFIgMTc3IDAgUiAxODIgMCBSXSAvVHlwZSAvUGFnZXM+Pg1lbmRvYmoNMSAwIG9iag08PC9OYW1lcyA8PC9EZXN0cyA0IDAgUj4+IC9PdXRsaW5lcyA1IDAgUiAvUGFnZXMgMiAwIFIgL1R5cGUgL0NhdGFsb2c+Pg1lbmRvYmoNNCAwIG9iag08PC9OYW1lcyBbXT4+DWVuZG9iag01IDAgb2JqDTw8Pj4NZW5kb2JqDXhyZWYNCjAgMTg1DQowMDAwMDAwMDAwIDY1NTM1IGYNCjAwMDI0NTE2MTggMDAwMDAgbg0KMDAwMjQ1MTM2NyAwMDAwMCBuDQowMDAwMDAwMDE2IDAwMDAwIG4NCjAwMDI0NTE3MDUgMDAwMDAgbg0KMDAwMjQ1MTczNCAwMDAwMCBuDQowMDAwMTY5NDA5IDAwMDAwIG4NCjAwMDAxNjk2MjEgMDAwMDAgbg0KMDAwMDAwMDI3OCAwMDAwMCBuDQowMDAwMDAwMzQ5IDAwMDAwIG4NCjAwMDIxNDA2MTAgMDAwMDAgbg0KMDAwMjE0MDc1NyAwMDAwMCBuDQowMDAyMTQxMTAyIDAwMDAwIG4NCjAwMDIxNDEzMDEgMDAwMDAgbg0KMDAwMjE0MTYyMiAwMDAwMCBuDQowMDAyMTgyOTY1IDAwMDAwIG4NCjAwMDIxODMxMTcgMDAwMDAgbg0KMDAwMjE4NTAzMCAwMDAwMCBuDQowMDAyMTg1NDAzIDAwMDAwIG4NCjAwMDIxODU3MzcgMDAwMDAgbg0KMDAwMDA4MTIyNyAwMDAwMCBuDQowMDAwMDc3MTM1IDAwMDAwIG4NCjAwMDAxMjU3MTAgMDAwMDAgbg0KMDAwMDA4NzQyMSAwMDAwMCBuDQowMDAwMTcwMTg2IDAwMDAwIG4NCjAwMDAxNzAzNzQgMDAwMDAgbg0KMDAwMDE3MDk3NSAwMDAwMCBuDQowMDAwMTcxMTYzIDAwMDAwIG4NCjAwMDAyMTA4NjIgMDAwMDAgbg0KMDAwMDIxMTExNSAwMDAwMCBuDQowMDAwMTc2Mjk3IDAwMDAwIG4NCjAwMDAxNzE3NjkgMDAwMDAgbg0KMDAwMTg2NjgzMyAwMDAwMCBuDQowMDAxODY2OTgwIDAwMDAwIG4NCjAwMDE4NzA0MDkgMDAwMDAgbg0KMDAwMTg3MTAwMCAwMDAwMCBuDQowMDAxODcxMzI5IDAwMDAwIG4NCjAwMDAxOTU2NjEgMDAwMDAgbg0KMDAwMDE5MTQ2NyAwMDAwMCBuDQowMDAyMzQ1NjQ5IDAwMDAwIG4NCjAwMDIzNDU3OTAgMDAwMDAgbg0KMDAwMjM0NjI2NiAwMDAwMCBuDQowMDAyMzQ2NDcxIDAwMDAwIG4NCjAwMDIzNDY3ODYgMDAwMDAgbg0KMDAwMjMyOTE2NSAwMDAwMCBuDQowMDAyMzI5MzA1IDAwMDAwIG4NCjAwMDIzMjk2NDYgMDAwMDAgbg0KMDAwMjMyOTg1OSAwMDAwMCBuDQowMDAyMzMwMTcxIDAwMDAwIG4NCjAwMDAyNDI2MzkgMDAwMDAgbg0KMDAwMDI0Mjg1MyAwMDAwMCBuDQowMDAwMjI3Njc3IDAwMDAwIG4NCjAwMDAyMjMwOTcgMDAwMDAgbg0KMDAwMDI1MDA2OCAwMDAwMCBuDQowMDAwMjUwMjU2IDAwMDAwIG4NCjAwMDA0NTU4NDEgMDAwMDAgbg0KMDAwMDQ1NjA5NCAwMDAwMCBuDQowMDAwMjU1MTkyIDAwMDAwIG4NCjAwMDAyNTA4NjQgMDAwMDAgbg0KMDAwMDI4Mjc1NiAwMDAwMCBuDQowMDAwMzM4NTk0IDAwMDAwIG4NCjAwMDA1MTYxODAgMDAwMDAgbg0KMDAwMDUxNjQyMCAwMDAwMCBuDQowMDAwNDYxNTYyIDAwMDAwIG4NCjAwMDA0NTc2MzEgMDAwMDAgbg0KMDAwMDQ4NDY2NCAwMDAwMCBuDQowMDAwNDgwMTgyIDAwMDAwIG4NCjAwMDA1MDQwOTkgMDAwMDAgbg0KMDAwMDQ5OTEzOSAwMDAwMCBuDQowMDAwNjExOTcyIDAwMDAwIG4NCjAwMDA2MTIyMTIgMDAwMDAgbg0KMDAwMDUyMjIwMyAwMDAwMCBuDQowMDAwNTE3ODQ0IDAwMDAwIG4NCjAwMDA1NDExNzcgMDAwMDAgbg0KMDAwMDU5ODU0NSAwMDAwMCBuDQowMDAwNjQ0NTA5IDAwMDAwIG4NCjAwMDA2NDQ3MzYgMDAwMDAgbg0KMDAwMDYxODA2NCAwMDAwMCBuDQowMDAwNjEzNDQwIDAwMDAwIG4NCjAwMDA2MzcwNDAgMDAwMDAgbg0KMDAwMDY0NjA2MyAwMDAwMCBuDQowMDAwNjQ2MjUxIDAwMDAwIG4NCjAwMDA2ODIxMTYgMDAwMDAgbg0KMDAwMDY4MjMzMCAwMDAwMCBuDQowMDAwNjUxODcyIDAwMDAwIG4NCjAwMDA2NDY4NjIgMDAwMDAgbg0KMDAwMDgxODAyMSAwMDAwMCBuDQowMDAwODE4Mjg3IDAwMDAwIG4NCjAwMDA2ODc5OTAgMDAwMDAgbg0KMDAwMDY4NDAyMiAwMDAwMCBuDQowMDAwNzAxNTc1IDAwMDAwIG4NCjAwMDA3NDQ5OTIgMDAwMDAgbg0KMDAwMDgxMzIwNyAwMDAwMCBuDQowMDAwOTIyNzY1IDAwMDAwIG4NCjAwMDA5MjMwNDggMDAwMDAgbg0KMDAwMDg0OTYxOSAwMDAwMCBuDQowMDAwODQ1NDY4IDAwMDAwIG4NCjAwMDA4Njc1NjEgMDAwMDAgbg0KMDAwMDg3NjYzMiAwMDAwMCBuDQowMDAwODg1NDQ0IDAwMDAwIG4NCjAwMDA4ODM3NTAgMDAwMDAgbg0KMDAwMDg5ODY1MSAwMDAwMCBuDQowMDAwODk3MDUxIDAwMDAwIG4NCjAwMDA5MTAzMzEgMDAwMDAgbg0KMDAwMDkwODYzNyAwMDAwMCBuDQowMDAxMDExNzA4IDAwMDAwIG4NCjAwMDEwMTE5MjggMDAwMDAgbg0KMDAwMDkzNjAxOCAwMDAwMCBuDQowMDAwOTMyOTYzIDAwMDAwIG4NCjAwMDA5NDI0OTYgMDAwMDAgbg0KMDAwMTA5NDIwMyAwMDAwMCBuDQowMDAxMDk0NDM2IDAwMDAwIG4NCjAwMDEwMTIzNjcgMDAwMDAgbg0KMDAwMTE1MTk2NyAwMDAwMCBuDQowMDAxMTUyMjQzIDAwMDAwIG4NCjAwMDExMDA4NDcgMDAwMDAgbg0KMDAwMTA5NzgwMCAwMDAwMCBuDQowMDAxMTExODUxIDAwMDAwIG4NCjAwMDExMDY0MzggMDAwMDAgbg0KMDAwMTEzNDI2NyAwMDAwMCBuDQowMDAxMTI5NzY4IDAwMDAwIG4NCjAwMDE4NjI5MDAgMDAwMDAgbg0KMDAwMTg2MzA1MyAwMDAwMCBuDQowMDAxODYzNDI2IDAwMDAwIG4NCjAwMDE4NjM2MTEgMDAwMDAgbg0KMDAwMTg2MzkzMCAwMDAwMCBuDQowMDAxMjY2Njk2IDAwMDAwIG4NCjAwMDEyNjY5NTkgMDAwMDAgbg0KMDAwMTE1NzMxOSAwMDAwMCBuDQowMDAxMTUzNTE1IDAwMDAwIG4NCjAwMDExNzc5OTkgMDAwMDAgbg0KMDAwMTIyODk1MSAwMDAwMCBuDQowMDAxMjUxNDA0IDAwMDAwIG4NCjAwMDEzMTkxMzkgMDAwMDAgbg0KMDAwMTMxOTQxNSAwMDAwMCBuDQowMDAxMjc5MjYwIDAwMDAwIG4NCjAwMDEyNzU2NzQgMDAwMDAgbg0KMDAwMTI5MjAyMSAwMDAwMCBuDQowMDAxMjg4MjM2IDAwMDAwIG4NCjAwMDEzMDY0ODMgMDAwMDAgbg0KMDAwMTMwMjY5OSAwMDAwMCBuDQowMDAxMzg4MDQyIDAwMDAwIG4NCjAwMDEzODgyNzUgMDAwMDAgbg0KMDAwMTMyNDU3NyAwMDAwMCBuDQowMDAxMzIwOTE3IDAwMDAwIG4NCjAwMDEzMzY5NzEgMDAwMDAgbg0KMDAwMTUwNjkyOCAwMDAwMCBuDQowMDAxNTA3MjM0IDAwMDAwIG4NCjAwMDE0MDU0MDggMDAwMDAgbg0KMDAwMTQwMjM2MCAwMDAwMCBuDQowMDAxNDE1OTc2IDAwMDAwIG4NCjAwMDE0MTIwODUgMDAwMDAgbg0KMDAwMTQzMzUwNyAwMDAwMCBuDQowMDAxNDI5MzA2IDAwMDAwIG4NCjAwMDE0NTE1MTEgMDAwMDAgbg0KMDAwMTQ0NzI0NCAwMDAwMCBuDQowMDAxNDcyNzc1IDAwMDAwIG4NCjAwMDE0Njg0NTIgMDAwMDAgbg0KMDAwMTQ5NTExMSAwMDAwMCBuDQowMDAxNDkxMTU4IDAwMDAwIG4NCjAwMDE1MTg3OTcgMDAwMDAgbg0KMDAwMTUxOTAxNSAwMDAwMCBuDQowMDAxNTEyMzE5IDAwMDAwIG4NCjAwMDE1MDkyNjcgMDAwMDAgbg0KMDAwMTU2MTQ5MiAwMDAwMCBuDQowMDAxNTYxNjgyIDAwMDAwIG4NCjAwMDE3NDg5MjggMDAwMDAgbg0KMDAwMTc0OTE1OSAwMDAwMCBuDQowMDAxNjEwMTE2IDAwMDAwIG4NCjAwMDE1NjIyOTYgMDAwMDAgbg0KMDAwMTc1MDE3NCAwMDAwMCBuDQowMDAxNzUwNDA1IDAwMDAwIG4NCjAwMDIzOTUwMzQgMDAwMDAgbg0KMDAwMjM5NTE4MyAwMDAwMCBuDQowMDAyMzk1ODUzIDAwMDAwIG4NCjAwMDIzOTYwNzcgMDAwMDAgbg0KMDAwMjM5NjM5OSAwMDAwMCBuDQowMDAxODU2NDIyIDAwMDAwIG4NCjAwMDE4NTY3MTEgMDAwMDAgbg0KMDAwMTc1NjUzNSAwMDAwMCBuDQowMDAxODAyMjIyIDAwMDAwIG4NCjAwMDE4Mzk2NzEgMDAwMDAgbg0KMDAwMTg2MjI5MCAwMDAwMCBuDQowMDAxODYyNDgwIDAwMDAwIG4NCjAwMDE4NjMzNTIgMDAwMDAgbg0KdHJhaWxlcjw8L1NpemUgMTg1IC9Sb290IDEgMCBSIC9JbmZvIDMgMCBSIC9JRCBbPDRhZDZiMWYyNzAxNzQxMDI5Y2M2YmQwOWFjOGMxZTY5PjxiMjhjODZkNTE4OGQ0MWFlYWZjNjdkNzYzZjRlM2Y4ZD5dPj4Nc3RhcnR4cmVmDTI0NTE3NTQNJSVFT0YN\"}]","followupAt":"2026-05-08T00:00:00","deleted":false,"createdAt":"2026-05-08T15:28:12","updatedAt":"2026-05-12T18:02:33","deletedAt":null},{"id":"eb3734c9-7e79-42d8-9df8-dab4663834e9","tenantId":"tenant-1","code":"20260430-0001","projectId":"697346b3-3781-427e-a016-59a40a9f4ecd","ownerId":"0a0b633a-f276-4366-94bc-a421717fd795","creatorId":"0a0b633a-f276-4366-94bc-a421717fd795","content":"已把日期控件的图标统一挪到右侧了，改的是全局覆盖样式，作用范围只限 el-date-","method":"微信","contactId":"edc96fef-d2ed-4ddb-94d1-cabd642f2ebd","attachment":"{\"name\":\"选择项目@1x.png\",\"data\":\"data:image/png;base64,iVBORw0KGgoAAAANSUhEUgAABJIAAAnkCAYAAABWQUsDAAAAAXNSR0IArs4c6QAAAARzQklUCAgICHwIZIgAACAASURBVHic7N1vrB3nfR/4Z+ZeUpRcJxTJSA1QeaVUgoxGSuEUiUgJsMgqSYH0RdB1NrCBpGhdbNIWWESWvYukCMrLfbEputafokDTomiySAzY8MZY+MUm2N3apAJYorPYdXblLkxIWWkroI5ZkmaSWpQu7z2zLy7nau7cmXOemTNzZs45nw9Mi3/uOec5c+bMn+/8nt8kgbW1vZ39aNgIHw274a+maXgwScP9IQvHQwj3hCTcFbKwmSQhDSEkIYQkJHu/AQAAYHVk+/8XshBClmVhEpKwE7LwXgjhnZCEm9kkfGcyCW+FjfB/hd3wB0ePJv/n0ONmGHKBFXf7dnYuScLfStPw1yZZeDBNwvEQwrGQhNSHDwAAQBt3wqdJCOHdSRZupkl4azIJ/0eWhf/pyJHk4tDjoz+yhBWRZdk9790Ov7SZhr+ZJOGvhBBOJkk4mviEAQAAWKAsCyHLwnYI4XqWhf9nZxL+57uOhH+VJMk7Q4+N+YkZltStW9lHjxwN/zAJ4UyShL8YknDUhwkAAMAY3alg2s6y8CdZCK/e3g7/4u67kz8Yelw0J3tYEu+8k/34kSPhV9I0PJkk4VSShI2hxwQAAABtZVnYzbJwbTIJr9y+Hf7JPfckfzj0mJhNkDRSWZYdm0zCPw4h/BdJEv6zJAlHhh4TAAAA9CXLwu0sC/9fCOF/TNPw3yZJ8u7QY+IwQdKIZFl23+5u+GdJEn4yScMJN0kDAABgHWUhZNkk3Miy8L9tbIRfTpLk6tBjYo+gYmB//ufZfXffHf5FkoSfSJLw/ZpjAwAAwPvuNO/+0ywL//bWrfAPP/hBodKQxBYDyLLs2O5ueCkk4WfTJJwUHgEAAMBsWRbCJAvXQxZ+d2MjPGv62+KJMBbo1nb2yaMb4VeTJPxQkoR06PEAAADAssqyMMmy8P9u74Zfv/to8ptDj2ddCJJ6duNG9v3fdzz8VhrC30iScM/Q4wEAAIBVk2XhnUkI/8uf3Qx/98SJ5E+HHs8qEyT15Pbt7CfSNPzzJAmPJonlDAAAAH3LspBlWbgymYT/6siR5N8OPZ5VJODo2O3d7FeTEJ7bSMOpoccCAAAA62p3Eq5lIbxwZCP59aHHskoESR3Z2cl+I0nCL6Rp+MDQYwEAAAD2TCbhe1kWfmdzM/kHQ49lFQiS5rSzk/1OmoafTZJwbOixAAAAANWyLLw7mYTf3dxMfmHosSwzQVJL29vZ5zY3w88mSbhr6LEAAAAAcbIsvLezE3736NHk54ceyzISJDW0s5P9RpKGv5OqQAIAAIClNcnCu9kk/A+mvDUjSIq0u5v9o5CEX0mT8MGhxwIAAAB0Y5KFPw9Z+CcbG8l/N/RYloEgaYbbt7OfStPw22ka7h96LAAAAEA/JpPwnckk/O0jR5L/deixjJkgqUaWZacmk/CVJAk/klhKAAAAsPKyLIQsC/93moZnkiS5NvR4xigdegBjtLOTfW4yCX+SpkIkAAAAWBdJEkKahh+ZTMKf7Oxknxt6PGMkJil4byf7mc0k/FaahnuHHgsAAAAwrMkkfHcnC3/3rs3ky0OPZSwESSGEN9/Mjj3wQLiYpuG0CiQAAAAgl2UhTCbh8sZGOJskyXtDj2doaz+1bXs7++UPfSjc2NgQIgEAAAAHJUkIGxvh9GQSvru9nf3y0OMZ2tpGJ1mW3b0zCV/bTMNHhh4LAAAAsBx2JuEbm2l4KkmSW0OPZQhrWZG0vZN9cpKFa0IkAAAAoInNNHxkkoVr2zvZJ4ceyxDWriJpZyf7apqGc6axAQAAAG3d6Z10cXMz+etDj2WR1iZOeTfL/vKRLFxOk3Bq6LEAAAAAq2GShWu3k3D6WJL88dBjWYS1mNq2u5v906NZuCJEAgAAALqUJuHU0Sxc2d3N/unQY1mEla9I2tnJvr6xEX586HEAAAAAq213N/zh5mbyxNDj6NPKViS98072wO5udlWIBAAAACzCxkb48d3d7Oo772QPDD2WvqxkkLS9nf3isWPhjTQNPzD0WAAAAID1kabhB44dC29sb2e/OPRY+rByU9t2drPf3kjDz6/iewMAAACWRrY7CZ/b3Ej+9tAD6dJKhS23b2d/uLkZfmzocQAAAACEEMLOTvjfjxxJVqbtzkoESVmW/YXJJPy7NA0fGnosAAAAAEWTSfj3aRp+OEmS/zT0WOa19D2Sbt3KPjTJwttCJAAAAGCM0jR8aJKFt2/dypY+u1jqIOnWreyjd90VrqRJOD70WAAAAADqpEk4ftdd4cqtW9lHhx7LPJY2SNrZyT559Gj4apKEY0OPBQAAAGCWJAnHjh4NX93ZyT459FjaWsog6fbt7Nc2NsK/TtOwMfRYAAAAAGKladjY2Aj/+vbt7NeGHksbS9dse/t29sKRzfDsMo4dAAAA4I7s9k546eiR5LmhB9LEUoUxOzvZv0zT8EvJUo0aAAAA4LAsC2EyCf9qczP5+0OPJdbSRDI7u9m/2UjD0s4hBAAAAKiyOwm/ubmR/L2hxxFjKYIkIRIAAACwypYlTBp9s+2dnexfCpEAAACAVbaRhk/u7GT/cuhxzDLqIGn7dvZCmoZfGnocAAAAAH1L0/BL27ezF4YexzSjDZJu385+7chmeFZjbQAAAGAdJEkIRzbDs7dvZ7829FjqjDKm2dnJPrmxEf71mIMuAAAAgJ5MdnfDf7m5mfzm0AMpG12QdOtW9tGjR8NX0zRsDD0WAAAAgCFMJmF3ezv89bvvTv5g6LEUjSpIunUr+9Bdd4UrSRKODT0WAAAAgCFlWXj3vffCo3ffnfz7oceSG02QlGXZX5hk4e00CceHHgsAAADAGEyycDNNwgNJkvynoccSxtSDaDIJ/06IBAAAAPC+NAnHJ5Pw74YeR24UQdLt29kfpmn40NDjAAAAABibNA0fun07+8OhxxHGECTt7Ga/vbkZfmzocQAAAACM1eZm+LGd3ey3hx7HoEHS9nb2ixtp+PkhxwAAAACwDDbS8PPb29kvDjmGwZptv/NO9sCxY+GNJAlHhxoDAAAAwDLJsrD97rvh4XvuSd4e4vUHC5J2d7OraRp+YKjXBwAAAFhGk0n4jxsbyX1DvPYgU9t2drKvC5EAAAAAmkvT8AM7O9nXh3jthVck7e5m/zRNw3+96NcFAACAVXb16tXw2muv7f9+1dx3333hvvv2inAef/zxoYczCpNJ+O83NpL/ZpGvudAg6d0s+8tHs3AlScLGIl8XAAAAVtVrr70WvvnNbw49jIV77LHH1j5QyrKwu52ER48lyR8v6jUXGiTtTrL/mCbh1CJfEwAAAFbR1atXw1e+8pWhhzG4dQ+UJlm4tpEmC2sftLmoF9rZyb4qRAIAABivra2tcOHChQN/d/bs2fD000+Hra2toYbV2KVLl8KlS5f2//zyyy/v/33u7Nmz+79/+umn9/+u+PdjVlWFlE/9uv/++/f/vEryaXshhAPvPf/9uoZJaRJO7exkX93cTP76Il5vIRVJ2zvZJzfT8G+Swe4RR1Fxo/ryyy8vzUazvDMIIXS2Mys/75iXAwAA9KEqRCo6f/78qMOkfGzT3kOss2fPhvPnz+//fmyqQqR1q8qpWgbPPPPMyoVnsbIshJ1J+HtHN5Pf7Pu1eo92siy7e5KFa2kS7un7tZju0qVL4cKFC4dCkypj20nUXRm5ePHi3M997ty5Q1cmunheAABYJuXj4ipZli1sPDG2trbCyy+/HHWO01YeJJ0/f340odLnP//5/d/fd9994fHHH1/bAOUrX/nKgcbin/jEJwYdz5AmWXgnTcKpJElu9fk6aZ9PHkIIO5PwNSHS8La2tqJ2DLkLFy6MKkjq4qpC2aVLlxotEwAAWGXLdFy8tbUVkiSJvlA+j3xmxLlz50ZxjlSc3hUqqnDysZ47dy4kSbJSv7a2tg59BuUqrHXuGZUm4Z6dSfha76/T55Nvb2e/vJmGj/T5Gsx27ty5VkHMhQsXwrlz53oZUxN9bKybBmsAAMDwigHSEC5cuLAfaAylOJ3rscceO/BveYBU1RZkFVy4cOFQ0cN99913YDlcvXr1QIXSutlMw0e2t7Nf7vM1eguSsiy7a2Mj/Hpfz0+cra2tyv4/Fy9eDBcvXgxZlu3/On/+/P484FyeZg9l1jztsTwnAADQn6EDpLKhAqViNVK5J1LVud+qKhc9rPPUviobG+HX33wzO9bX8/cWJO3uhktpGu7u6/mZbVpfoarG2nmZYFWYNFTiXhx/F/ORq6qzxjLPGQAAupCHLsVfY5mW1UbbGRaLkAcaiwpw6ipt1vFiebnqqhgklaf/rZs0DXc/8EDorfFvL0HSezvZz6RpON3HczOfmCbSVWHSEBulciVUeUxNXLp0KSRJcmgDX1WFBQAAy6ouUMhvvLNMYVLdMfw88gvqXV5MHqr36v3337/Q1xuj4rpueRyUpuH0ezvZz/Ty3H086WYSfivp/X5wzFLegTQJTLa2tg5tXBe5YSyXZc4T9uT9kMouXry4VDtSAACY5eWXX57678tStVJ3DB/r7Nmz4fz584daeuR/rvu7eQKmRVR9FSuSihU4y/K59qm4PNa5R1IuSfaymT6eu/MgaWcn+1yahnu7fl6aKW/Azp4923ij1qYqqYuwKb9akmsz9mmK0/sAAGCVrEKPnLbTtPLZBnk4lF8cn3XcX6xSygOmtucLy1b1texWYX3vU5qGe3d2ss91/rxdPlmWZaeSJHy8y+dkOE0qkvJ52PktJue5etDllLZ8bPl7ESIBAMB4temHlIdHVbeGb6sYKjU9HxEmMSZJEj6eZdmpLp+z0yBpMglfSdOw0eVz0o2nn3661eNiw6Tyxr5tg+7yY86fP99J6HPx4sX90lYAAGCcmlSYFAOkPm1tbTW+GD1riiEsSpqGjckkfKXT5+zqiW7fzn4qScKPdPV8zKevDVfVhr1uY990DOUS1vPnz3e6U3BVAAAAxi3mwm+TACmvUjp37tz+7IninezyX+U7gJXlFUqxgZIb+ozL7//+74cbN24MPYzBJEn4kdu3s5/q6vk2u3qiNA2/rcH26nn66acPbFCbhENNq6DKVU2CHwAAWC95YFPXKiPmYvPW1lZ4+eWXZ1Y3Ff89/30eEtXNjMh7KU3r46SVxvi8/fbb4T/8h/8Qfuqnfio88MADQw9n4ZJkL7MJIfzFLp6vk4qk3d3sH6VpcK+9EWtboRTzuC5un1k1pQ0AAFg/eZhUNitEyvu2XrhwoXUT5rwyqVipVPdaVecsQqTx2t3dDV/96lfD9773vaGHMog0Dffv7mb/qJPn6uJJQhJ+pZPnoTNteyKVxW6A8zskhMKGP7aiqO8pbQAAwHIph0nTzi+KAVKXZgVK5d5JQqTxe++998If/dEfDT2M4XSU3cw9tW1nJ/uNNAkf7GIwdOfs2bMHNqR5st5kw9YkzCmWeDZlShsAABxWPi4u3ol4HZw9ezZkWVb773nQ07f8XKrqgncXszNYrD/+4z8OTz311NDDGESahA/u7GS/sbmZ/IN5nmfuIClJw9+Z9znoXr5BKybnFy5ciN7ITZvz26Xyht+UNgAA1l1dQJIfn6t8Wdz5SlH+ei58L7d33303/Nmf/Vn4vu/7vqGHMog7Gc5cQdJcU9u2t7PPpUk4Ns9z0J/y9LZLly5F39mgbqPc1ZS5/HWKQZcpbQAAcLhiv+m/r7ohQqTchQsXFlIFRb+2t7eHHsJg0iQc297OPjfPc8xVkbS5GX52nsfTr6q7FVy4cCFcuHDhQD+j3KVLlw78fP5vbRvVTXPp0qUDG/+20+IAAGDVNLnb2DqaN0Sa9zynTdsQxuUDH/jA0EMY1J0s5+dbP77tA3d2st9JknBX28ezGHlgVN5I5hvfaRvh8+fP728ku2ZKGwAA0Mb58+ejw6T8PGPaReviRe6Yc5/z588LkZbYyZMnw9133z30MAaVJOGunZ3sdzY3k19o8/jWU9vSVDXSMsjvdtAkqMkfc/bs2fDyyy93PqbyRtyGGAAAiLW1tTXz/Ob8+fMhy7KwtbU1c+ZDfv6T/5p2bqIdx/J79NFHhx7CKMyT6bQKknZ2st9I9EZaKvmtKes2uHlz7vLGs+tqpPJ8ZhtiAACgqbowqRggtTHtQrxzl+X3l/7SXwqPPfbY0MMYhSQJx3Z2st9o89hWQVKShFblTwwr70OUZdn+r4sXL+7/N+buD/NuOMslqDbEAABAG+UwqcugJ78Q38dzM4wPfehD4Sd/8ieHHsaotM12GvdIur2b/WqahvXuTLVCpgVH5WqkeaeflTe8TRtsV02zq3q8DTwAAGNQdXexs2fPhqefftoxa0e2trb2Z1fM+rlw55yi2Cj76aefrn382bNnQ5ZlS9FY++zZs2vfhH2ap556KvzwD//w0MMYnTQNH7i9m/3qkY3k15s8rnGQlITwXNPHsJzKG6Knn356rucrB0HzNvKuevzYN/AAAKyHulvUF49hhUndmHYOMO1zCIVG22fPnq3t3Tqmc4z77rsvXL16NYQQwtWrV8N999039JAGVaxIy5dLuLOcioRI9e5kPI2CpEZT227fzn5iIw2nGo+MpVR19QQAAJht1k1r5r2FPdNtbW2FJEmil/OlS5fCuXPnDt1desy+853v7P/eXbAPLg/ibaTh1O3b2U80eUyjIClNwz9vPCqWUtXVEUESAADEMc1oWG2DunlnTfTt8ccf3/99sQInZnrfqpnWt2rdK7Waapr1RE9tu3Ej+/4kCe6TtybKG94uEu7z58/P9Tx52WkuLz8FAAAoOn/+fKswaZkCmatXr4bXXnttP1y6ePFi7VS+VVPut/vaa6+Fb37zm/t/LgZuzJYk4dEbN7LvP3Ei+dOYn48Okr7vePitJAnJXKNjKczbFLtOFxtk0+0AAIBZ8vOXJqHK2bNnD9ypbYzuu+++A32SvvnNb4b7779/vwKneN62aoFSfu5X1cuqGCI99thjCx/bskuSkHzf8fBbIYT/PObno4OkNIS/MdfIWApVCXZsk+28YmjanQ8AAAAWoWmYtCyzHZ555pnw+c9/fv/Pr732WnjmmWf2/5y/73Vo5p5XZRWpRmqnSeYT1SPp1nb2ySQJ98w1KkYtby5XNaUtZgO0tbUVzp07tx8m5b8HAAAYytbWVlRAdPHixaW6EF4Mjq5evRo+//nPHwpUVt1rr70WvvKVrxzoFaUaqb0kCffc2s4+GfOzURVJRzfCr849KgaztbV1qEKoGPJcuHChMvRpMqWtKuXPb6MJAAAwlFmVScsWIoU7U9wee+yxA1O6ir8PK1iZkwdG3/nOd8LVq1cPBEjhToi0au950e5kP7856+dmBklZlh3LsvBDnY2MhcorhJrOj20yP1jlEQAANDNPcLGMjx1aXZi0jCFSLg9N6sKkcrC0yp555hl3autAkoQfyrLsWJIk7077uZlT23Z3w0tJEjcFjuWXB0hNmszVbXhjeysBAMCqmTWdatqx8jI+dhmUp7ktc4iUe/zxx8MnPvGJtZ3S9dhjj4VPfOITQqSOJElId3fDS7N+bvbUtiT8bFeDYrzOnj1b2f2+yePLlUnr0NwNAACq5MfCL7/88qHj5Fl9SJfxscuiqu3HKnj88cfD448/vt8nqWrq1yrIA6PHH39ceNSXvQzo70//kSn+/M+z+z7wgfCdZOpPsQwuXbp0YGdQ3HB2tRHNX2MVN8wAAACw6rIshO99L9z/wQ8mtUnk1IhoZyf73Y2N8LFeRgcAAADAqOzuhi9tbia1s9OmBkm7u9nNNA3f38vIAAAAABiVyST86cZGcrzu32ubaGdZdl+SCJEAAAAA1kWShO/Psqy2CVVtkLS7G/6Z3kgAAAAA6yNJ9jKh2n+v+4fd3examoaTvY0MAAAAgNGZTML1jY3kVNW/VQZJWZYdy0J4J5nRQwkAAACA1ZKFkCUh3JMkybvlf6uc2jaZhH8sRAIAAABYP0kIyWQS/nHNvx22u5u9nqbh4d5HBgAAAMDoTCbhjY2N5JHy31cGSZNJtp0k4chCRgYAAADAqGRZuJ2mydHy3x+a2vbOO9mPC5EAAAAA1leShCPvvJP9ePnvDwVJR46EX1nYqAAAAAAYpaqM6NDUtt3d7E/SNNy/sFEBAAAAMDqTSfjOxkbyF4t/dyhImkyynSQJGwsdGQAAAACjkmVhN02TzeLfHZjadutW9lEhEgAAAABJEjZu3co+Wvy7A0HSkaPhHy58VAAAAACMUjkrOhAkJSGcWfiIAAAAABilclZ0oEfSZJK9lyTh6MJHBQAAAMDoZFnYTtPkrvzP6fv/kN0ThEgAAAAA5JJwNMuye/I/7gdJ790Ov3ToFm4AAAAArK3kTmaU/3k/SNpMw98cbFQAAAAAjFIxM9oPkpIk/JXBRgQAAADAKBUzo+Jd204OMxwAAAAARmw/M9pvizSZZFmiSRIAAAAABVkWQprupUZpCCHcvp2dEyIBAAAAUJYke9lRyIOkJAl/a+hBAQAAADBOeXaUhhBCmoa/NvSAAAAAABinPDtKQwhhkoUHhx4QAAAAAOOUZ0d7FUlJOD70gAAAAAAYpzw7Su/8+diwwwEAAABgxI6F/SAp2Q+UAAAAAOCgO9lR+r3t7EeToQcDAAAAwGglIYTt7exH0yMb4aNDDwYAAACAkdsIH03DbvirQ48DAAAAgJHbDX81TdO927cBAAAAQJ00DQ+mSRruH3ogAAAAAIxbkob705CF40MPBAAAAICRy8LxNIRwz9DjAAAAAGD07klDEu4aehQAAAAAjFwS7kpDFjaHHgcAAAAAI5eFzTRJQjr0OAAAAAAYtyQJaRpCSIYeCAAAAACjlwiSAAAAAIiRpGIkAAAAAGZKQkjlSAAAAADMkoSg0TYAAAAAcQRJAAAAAEQRJAEAAAAQRZAEAAAAQBRBEgAAAABRBEkAAAAARBEkAQAAABBFkAQAAABAFEESAAAAAFEESQAAAABEESQBAAAAEEWQBAAAAEAUQRIAAAAAUQRJAAAAAEQRJAEAAAAQRZAEAAAAQBRBEgAAAABRBEkAAAAARBEkAQAAABBFkAQAAABAFEESAAAAAFEESQAAAABEESQBAAAAEEWQBAAAAEAUQRIAAAAAUQRJAAAAAEQRJAEAAAAQRZAEAAAAQBRBEgAAAABRBEkAAAAARBEkAQAAABBFkAQAAABAFEESAAAAAFEESQAAAABEESQBAAAAEEWQBAAAAEAUQRIAAAAAUQRJAAAAAEQRJAEAAAAQRZAEAAAAQBRBEgAAAABRBEkAAAAARBEkAQAAABBFkAQAAABAFEESAAAAAFEESQAAAABEESQBAAAAEEWQBAAAAEAUQRIAAAAAUQRJAAAAAEQRJAEAAAAQRZAEAAAAQBRBEgAAAABRBEkAAAAARBEkjdBnX3hp6CEAMBKvvHq599f4wQcePPCrz/3QK69eDh/7uY8f+LWI9wgAQDcESSPz2RdeCs+/KEgCYG+f8LGf+/hcwU4eDuXPM4aLFa+8evnQLwAAlsPm0APgfUIkAHLFfUL+388892zj58jlgc2nP9XsOcbgBx94sNfn//Snnm28bNvo+32UPXnmdPjSF78w8+c+9nMfX8h4Ynz6U8+GJ8+cHnoYAMAUgqSRECIBkKvaJ7QNk2CWMVWEnTl9WZAEACMnSBoBIRIARU+eOR2ef/Hw3z//4kvh1cuXo6pMQiF8KhJENTdv0CIYAQBWiSBpYJqMAlD25JnT4dtvv1W5j8ibVc8Kk6p6IS3jtLYxeOXVy3Nd8FnU1DkAgEUQJA2oLkRyoA9ACCF86YtfqKxajQmTXr18eP+SVzTNEvtzi+pnU3yf5X4+T5453Wi/+fyLLw12AafpsqoaZ5PnOHNaJRQA0D1B0kCmhUiuWgKQy/cJTcKkz75QH5bEhigxP/fpT0U91dyK4cmnP/XsgWWx10A8LmCpWy6L2u/GTknMlZtzL/IY4dtvv9X7a+TrMACwXNKhB7COhEgANPGZ556trLqpOxFf5b57VfvJ2DCiarmMtQq4amoiAMAYqEhaMCESAG185rlnw6uXLx/ah5SnL40pgKgaS9WUuVcvX6782br9YrkqKX+tafvRqrApdt+7V+10+Odig6mupv9p2g0AjEGSZVk29CDWwbTybSESALGKFyS+9MUvHAoXytOhQkQAUQ6nYgOLWT2SqsbSxLTpVVXPXbc/7esiTtUYupoSVjXmvqab9fk+pqk6NnJMBADjpyJpAYRIAHTlS1/8QvjYz328MsSpq0aa1ZunHCScOX169Pumqqqk/M/52Me6/20bsMU+7skzpxv3YwIAiCVI6tlYD2IBWF51DbaXqQfQvOqakBf/XNcryv4XAKA9QVKPhEgALEpdsLLK+5qYMKnM/hcAYD6CpJ7UXRkODmIB6Ek5WBm6GqmqcuqVVy8f2j/O6rU0TV0T8ir2v/Fi74QHAKwfQVIPpoVIVY1RAaArn3luLyx55dXLg+9v6l7/+Rfjf3aWmABpnudflHlCv2kVWG3FLlcAYP0IkjomRAJgDFZ5f1OsaooNPF559fL+4/LQZizVSU+ema+5eR9BEgBAHUFSh4RIAMwrDzxiFQOIab35mnj+xfr9WZVF7OPahEd18ud5/sWXwpNnToczp98f+1jCJQCAsRIkdUSIBEAXnn/xpZWZrjWvPDxqGhzl4VBMGFYO7vKKpaEDpapQcJHjWtS6ZQodACwfQVIHhEgA0I8moVq5afdnnns2fPaF96uPYg0dIo1BVaP0ru2FeJp6A8CySYcewLKrC5GePHM6fPvtt4RIANBC3ix81n70yTOnw5e++IXaCzd58/Fvv/1WVEProe90BwAwdiqS5jAtRFrElTwAKJsWvFRV95R/PuZn+lSczpaHP8WqlXws5eqj4uOLyhVKebVRcUpbcV+uGgkAYDpBUktCXu/2gwAAIABJREFUJAD6MG0f8oMPPDj1sXsVPPWPr9p3lV/vYz/38UNhzKKmOVX1QypPWZsVlMX2FSpWOxXDJQAAphMktfTq5eortkIkAMaqat81Bnt3iav/91VrMA0AsMz0SGrJVUsAlp3gBACAplQktfTpTz17aHpAXlKvKgmAMRrqIkjej+jVy5cb3YWtKL/72jRVFVevXr4c9Vi9kQAA4giSWsoPOIVJACyDqgDnzOn+KpLqeh7NUu6JlKvqSxg7jpgxCJIOWkToqLobAJaTIGkOwiQAlsWiT9rLTa9nycMj0+32DB2yNP38AID1oUfSnD7z3LPh0586fBXzlVcvhx984MHBDwQBINRM++qzCqdJIJTfWU2IBAAwfoKkDtSFSaHmNsoAsEiffeHwFLN5QptXXp3dd6huv7hOYVFeodymuqfu7rAAAEMzta0jddPcwp0w6Utf/IIDQABGY97+SM+/+FJ4/sWXwpNnToczp09PrW7K+x7lXnm1ebDy7bffmvkzeXBTlFc7LUpVb6g2+38XoQCAsRIkdUiYBMDYfPaFlyr3S/OEK8WQI29mXX6+J8+c3u8VWNz3rXpA0mdvoUUeQ8QEd/OqCv4AgPETJHVsVpi06CujAKyvuhCpbtpZW3UBx6pePOk7DKuaNriqyxIAWD6CpB7kDUOrrrLlB/TCJAD6VBcihR72QfNOk1sG+ZS10CJI6mL5rMMyBgCWgyCpJ3lJvzAJgEWq6tFTlE83m0ddQNW1poFN1c+/evly4+cpV//84AMPNnp88Tk+/almd6OrCwBVJAEAYyFI6pEwCYBFmlaFFFqEGrmP/dzH9ytiqu4m1pdpgVisvR5O8X14njxzOjx55guH/i52HHlj8WnLufxvs6qN9sZ0sM9UsS9V0+cDAJiHIKlnwiQAujAryChOvaoS26PvzOnDoUkeXNRZ9f3Ypz/17NQwKiY8KqqrCqsLAovBULlB9Weee7aTKjMAgFjp0ANYB8U715Q9/+JLlU01ASD32Rdeqrwg8cqrl/f3IeWqlaIvffEL0WFP04qlrht3L4N8WX/pi18I3377rU7uyvrKq5drq73yz64cIjmGAACGIEhakPyAs+pA04EgAHVmTVcr7kPK+5lp+546eXVN7M+uQ++efJl8+lN71T/5r67eex4QVVV9FT+LuurmuscCAPTB1LYFyvsuVB3wmeYGQNmsEClX3IfsBQ8vte6HlD/PZ557dj+gKlfKnDl9eiEh0l54E//zVdP75lkORX3tn6d9xuXpiN9++63KY4i8D1Ts9MXYcfVtkf22AIDuCJIGkPdMEiYBUGfW3buq9iGvXr4czpyun07dVB/7oyaVM20CoOdf7OZ5+jbr7npPnjldufy/9MUv1K4bXR5HLOrOfADA8hEkDUSYBMA0dSFSHhKV++WEQlPs51986cCUqHKQ0jZYmRUCjTGwGZvPvrAX+E1bltN6K4bCMULfYRIAQBVB0oCmhUkOAAHWV920omK4MO2uoKEUMlRV6XStagpZXYPwdZK/32nVR0Wx09OESQDAUARJA5tWog7A+qnbJ1Q1wH7yzOnavjmLVleNNPS4htRk/5439G5S1fWZ5/Z+vq4JdxAmAQA9ECSNwLSrigAwq0plDBclqgKQT3/q2fDKq9UVU0WrGnY8eeZ0VDXYPE2yp1WmzdPMuqs+W9NUNUcHAMZPkDQSwiQAQs3+IHaqU/lOa4uqBpqnN1JVpdWqyKuM6vpddXVHuaowaVafpZjnXIRFTLsEALolSBoRYRIAobQ/aBq01IVOsaFSm/CpLnR48szp2n87c7r6rmTzGlvD78889+x+qJePrasAqagYJs0bIgEATJNkWZYNPQgO+uwLmm0DEA6EDyyvPJxbxGfZ5hiiKjxc1Ho35GsDAO0IkgAAAACIkg49AAAAAACWgyAJAAAAgCiCJAAAAACiCJIAAAAAiCJIAgAAACCKIAkAAACAKIIkAAAAAKIIkgAAAACIIkgCAAAAIIogCQAAAIAogiQAAAAAogiSAAAAAIgiSAIAAAAgiiAJAAAAgCiCJAAAAACiCJIAAAAAiCJIAgAAACCKIAkAAACAKIIkAAAAAKIIkgAAAACIIkgCAAAAIIogCQAAAIAogiQAAAAAogiSAAAAAIgiSAIAAAAgiiAJAAAAgCiCJAAAAACiCJIAAAAAiCJIAgAAACCKIAkAAACAKIIkAAAAAKIIkgAAAACIIkgCAAAAIIogCQAAAIAogiQAAAAAogiSAAAAAIgiSAIAAAAgiiAJAAAAgCiCJAAAAACiCJIAAAAAiCJIAgAAACCKIAkAAACAKIIkAAAAAKIIkgAAAACIIkgCAAAAIIogCQAAAIAogiQAAAAAogiSAAAAAIgiSAIAAAAgiiAJAAAAgCiCJAAAAACiCJIAAAAAiCJIAgAAACDK5vbtoYcAAAAAwDJQkQQAAABAFEESAAAAAFEESQAAAABEESQBAAAAEEWQBAAAAEAUQRIAAAAAUQRJAAAAAEQRJAEAAAAQRZAEAAAAQBRBEgAAAABRBEkAAAAARBEkAQAAABBFkAQAAABAFEESAAAAAFEESQAAAABEESQBAAAAEEWQBAAAAEAUQRIAAAAAUQRJAAAAAEQRJAEAAAAQRZAEAAAAQBRBEgAAAABRBEkAAAAARBEkAQAAABBFkAQAAABAFEESAAAAAFEESQAAAABEESQBAAAAEEWQBAAAAEAUQRIAAAAAUQRJAAAAAEQRJAEAAAAQRZAEAAAAQBRBEgAAAABRBEkAAAAARBEkAQAAABBFkAQAAABAFEESAAAAAFEESQAAAABEESQBAAAAEEWQBAAAAEAUQRIAAAAAUTaHHsC6u3b9Zjh18vjcz/O1r38jhBDCyRPHw4cfeaiDkTVz7frNEEKofC9f+/o39v/9Z376XGevOfR77kr+PkII4aknPjLoWIquXb8Zvvb1b4RTJ48v/TJelGvXb4Yrb7y5/70e6vOc9n2c5VuvvxmuvP5WePSRB8OpE/d2sn1qI3bb+K3X3wwhhNbr57defzNcv3EznDxxvNH7zR8XQgiPPvzQYMsJulwX5/0+LaN8exnm2GaGOZZZvq8NIYRHH3lwocs+396fOnl8KbdjizgOHNO2voux5McpYYTHz/Mcu8zS97qSj/3aje+OaplCnwRJAyqesM270SkeCM3ra1//RuMN7bUb3w1XXn8rhDthyCJ2tDHvuavl0uf76fKz69K1G9/d++/1vZPsRcgPyLu2qEDk1Mnj4Wtfv3Mwcf1mZ0FxrOIJyamTx8Opk82DrPx7fOX1t8KHf7rZdmmedbm4nPLwOWbbWBxvm6D6+o2b+59Vk/ebv24IITz1xHBhW9eW7URyGRRP/voKl/N14eSJ7871GZa/T33vnxa1vhVP8vLPovze2mwz8+O43LKdQOZjv3b95mDbsXks6vgpf51HH17Iy03VxVgWedyZH9fNOg7L9/ttj11m6eM9F0O5A4H0gBfhYJEESQO5dv3mgQO2UHMA0mbDF/OYug1cviG/dv1muH7jZvRBb/FAakwbz2K1zzwWfZWwK8Wd3JiqnaoUvxNdO/XEvb08b5VHH3nw/YPzG/Od1DW1dwB2fP87/K3X32y03haDvEcfebDRaxdDrDaqAugrr7819YBsnvHm9g/KGzy+uI1t+7rzmnd515l1IaB84tyXZd3mVsnDyrGr+j4VLxJ1bZ4TxrrlmV8ACXeW+7SfrXrOvsL/aWMoj3nWeLsaXxfbz1hdXWQgTheVPV1VJ+br9JXw1tT9y37YO7JtZXE804LoA49Z8LEfDEWQNJBTJ48fOOG88vpblcFN04O4vQOh2ScXdRvzp574yIEw6cu/dzHqxCI31EkV1fJpVuFOqNYkTMp3lmEJr7IO6cOPPHSwqmfBy+7Rhx/a3wbMCmLG6sB7eOPN2pPNeSsB2lbAFU/8YExOnWgfmo+xsiYPS/usvsuntYYWJ975Mjt1sr6Ku0noO+sYrq9qjXnWmxhtA8m+3m9Rm6mNxSrDeXU9Xa6Lyp6uKu2+9fqb0cu3eE7U9CJYl9peLMmnhwbhJ2tEkDSgDz/yUDh14t4DB0pNT/b78NQTHzmwIc3HVLdhLO5M+z4YaSpflsVAJbrK6o03R3dlpKlyMNhk/Vr0e++6p1AXn1+xv1dbX/69i60e17af2KGQekoQUzbPgWPx8yv2icoPrIqK0++qDryK76GuSqDrALvJ++06ZG26nuXLOeZ9FyscYn6+yQHwois3Vtmip8FWvX6uuJ6cOnFvCI/Mfnxx2xH7fYw5Xph3fSgu03kCoyrFbdCipn/HilluxRAs9jFlq3DCXDxWaLLf7WpbNe901DpdVdjNs49rsl0Y+iJcLiYgLIfQq/A9gDYESQM7dfJ4+JmfPld7sv/hRx6K2pjmJ6tdnYznrxkTJhV3prOuuk07qe6jOfH74z1Y4TDrdYpXUZZ9ikU5TIq50jNv89G2unytK2909lRL58OPPHSg90/MZ95FMJN/fsVlP+szrfv3AweVFWFYF1dL215RHkPYkU9jnKW4b+h6O9b1lfTYitpVUmzQ33Zf00VlRF2VXex6FlOZM6/iydv+31WEUYvaZ8Vug2Yd2xSrdfKbHMyrSQXQPN+72HU2NpCsfByNxFb01im2GZjnIk35mCJqPbkzNT+0qKLvQ/7+uwygYZUIkkaizcl+32LCpL6aI3et3Dtm1lWaRfQAWaTi+jWtJ1eueFKRT3GcR5d361ukkyeOV15pLlZ55He1a6J40tXXlewmU9zG2jC2riqpq2qkNv2R+pjKW7UOdBHmFp9jbBUTvC//nGK2zX0Z4/e/bOiTyqKm24FZ3+ErYZx9JrsSG0gui9iLvHX66nEXWhzvHhpb4fhvniltbbYpTz3xkf3jzTGcC411WwhjIUgakfxkP1RsvJoENrN+tsmGsRgmlQ8EyjuKWQ30pv1MmHGic+36zal9ScrvueqkOfYqTXHnHnMVpdjQel7zHFjMqg4oBwthyrqwakFaW9N6XuTLsmlVRnk6RJ9X7/Mg5tFHHowe45j6nOXLpvx9bnvSWzeF7Mrrb1Wu87MqCeoeN01VqFp+D8X1a55KTb2cxi//fPNt/7x9zea5fX2o+f43rcCb54Yfy2jsJ5t9XLBwjNC/Wd+jqu17/r1qW5VUPK6f5wYWbaa65ubdHsZsf6p+ZpW2SbAogqSRqTthaFaiPH0j2vSgJ//58uPKO4q65y2evLU9IZrW76bqPVfdpavcd6VcNlucYpD/fOyy6mqqyzzPM+tWsG1PWOathmj6+Hmrnxatael4l1f+Y4LHUyePh+s3pl/9LK53s362z6qAyoO7OyXl+3d0KRw8F8vgDzymxwPCsZ1ANdlmTPtZB9HDKfc1m9WXsKzLqZblqURNKydip0kta5VqbtrJ9pd/7+L+MVHUSW3Pd23rYwpqsYJqEWZdsItZT7teDn2b1efxyutvHfoc8u/VvFVJYY7jk6YXY8vm6fMYIpZb3TZq2bdJMARB0pKYtQPou6fNrAqpsV+RyxUrrIp3pQulnV8f/ZrGoOqEpbzzbDOvvay4o17FKTVtD9LqGtq21UevniH7/zStyKs7IIw5CZ+2/OvCouJ3o+srpG3F9kKpOukoWvZecMuu2NcstOxt0kaxAmHVph/1pbgdqDs2Kn4nu77zbpOQcZXMrNCZ8e+zLratmqZVSV1UI80bIuXKfR7H0C8JOEyQtCRmbUC7brbdxCKmwjz68EOHDgKq7vyUm3aQVdX7qfzYJsswb5jeRL7DLoY6odATps/Psfj+q16ji4qZeebYd7U+xVzZnUfxIC3WgWqaNWgi2kV/rb5MWy+rTvzKU3mbfD+7uPsfq2+eu2yGlheRmoQc0xpBT9sf77/WCtwJNcyoRirvP5elj+QymHWzl1n/vmyqejQ26c9YvODVVJtjv+J+roum+8VjrCbbw7relvNMtwOqCZJoJW80uKhbFnc9/ap89bf4PH0HccUT0uKdqYp/7uq2rXXqGkXGNBDNf2batLjybYWbjq0LfTWyzB3o2RNZPdD1lf82pdjFYGdspdxT+xG9cfBOitOCuL63SWM9CG16x6cmd3aqcuWNN9f67oh9KJ88zdoPzNNQvU3IEfPdqt0vzLmu9L1NL6vaHsVUI4XCNuLDjzzUyUWD8rT7dbO3zzz8ecy6iFq+ALBMqo6FivvvmKl6+UXYmHWmeFzfRFVbiC6Oo8vtGGLDpFnHtn3eWRLWjSBpgWLmcBdP7GY1mK4Te3A4T0PP/edYsgOa8g6v6t/z/gZdLJ9p6k5G8ytIi5raUDTrgOtAE8VHZn/+yzqtLfZAqjy9bepzlr7LTV5jmc26al809YT5xvtXVvv+bpaVS/6bHoQu6qp4m+UyT6+TZb7aP1ZN+yW1baheboi7DIZe38rTAPNjtOs3bh4YX/lEtXyTknbVHs3vMMlqabP+t9lPNp223WdbiKowKW9J0WScbbd181YUCqxYdYKkEWtztTjmhDZXbkjdtMFj7NXB4vPGPKbriqBik8aqCqQ87Cj3NMhPsPIDty5OXmOujuVXpPuuSqoa2/4Y5pjbfuDKz5JO32ozBaOPhrR1V2GXRd2Vv2U7gT1wd8olW6f77J/Xx7Zp6LBgDBbRL6mrO42uk+J2YNo2vO4CSr7/v37j5qFqkuIJeXn/O+/J7NCVg11M76vaj8xTjbeMyqFxVY/L0OJub22bu1fdubmPiv5ymBTuvPfY49Ty+nft+s3oQHfeYxVBEqtOkLRgTeZwnzpxb7h+cnEH1bNOhMtXANoc8C/yJGFaX5K8j0Px/eT9DMo7jv07R9wJlrpodDltB1ic1z5Ew9Uw5WQ55up3+cCizqy7sMyr+NlPO5Betju5dGUd33Nb+ffx0UceXKrlVjw57SOU7ONuUE37jq2q8hS3uhOfvBomNAg5v/X6wWkosfvlPASZZlrl9bz7/6Gn4lYtq/LfxZzc5ut5mws2bW9+MaQuLhw4Ia9ejlVTvbq8qFW33ygfX/d9s4a8F2nxdfPtUZvwqtheAmhPkLRAsRvkWT9PO/kJz7STn3yOeH4Fo66PUhtN5uoXq5LalsI3UW5COM97LD7PLIs6wJ32OlV3cqlr1rhoXVe/DH1C0ZVFhzn599FBJ4tSnuJWG+63qDg7sL1veNOAqNvZ97CdGUOA++jDD4WTJ767/1nkYyoew03bRhSPL668/tb+r1m9zebpOTjP46ZZlX3Jsqir6lrUMeI0eYjU9zqRVyYVj6VjjtPqjruvvP7WzJkGsX0b3VGOdSVIYl/VhnDa9Lq6q4PFg6ryz+SNAvu6epH3LDh14t47d455c/8OMlU7i2+9/ub+FdZiwFQeW/F522rSY6V4EhGzs5tX8W5xsZ/LrGURs6zmeU99TtlZ1cCgWFE2hqBsWZTvzJgfyDatkBjDyTDLI98O1W3/mwb3obTdbHrRYNpdomLuiNT3nTT7VnWThGJ117QbVBT3KeU7x05T/IzbbrOHrhys2k4Ww4C2lWZt+4N1pXj8OITiMWIorFdd9NGKacGQH1/n69a8N2+Ypnhhveq7VCf//hwI5e9sx668/tbMHnTTvjfFKnf7dtaVIGlJdLXDmnZAUXunlZbNWBe5YT1014gn7o2u6No/CKyoTMnNe5etaXd6qVPsk9H3FLd8TPMGKHUNRqvMU3FXPJBdxJ32GF7XB+xt+3YUmxQ3vT07NNVXqN3mYs7JE/UXGoonaXU/s+i7ri3CrPddrD4qLvP8bm7Xbnx3ajXHgX3qkvVnm6Z4Ya0LQy2bRQWjxeV1oErxkXAoTOpimzErEBp6xkQXx6r58fWsMAmoJ0haIl3ssKaFJV1Z9BXHsffVKN/xqYniFLeuT1rrrpJOUzyZrwu32u7g86qvvk6c8pOYtsuw7V0Um4h57131lorpdzJNzFXumDtV5qb1NCsr3gK5zqyr3G2vnBZ7mI1hWgHrq7gOR1eS3ll/l2GdHXsz5QMVYQ/HN+7drzSLvEC1DJ9VE100314nxaqasgMXHBdQvT5NHo7WKV7snTWdMzdP+Fw89v7wIw8d2uc/9cRH9o8lisezxf5xwHSCpCXU5grOEHdJ6uvAb9qJdFUT7diT01khQZudSrF6oc0V4OIUty5PWotXSZtciSkuyy7vKlcOHLo+cC5OP/jy711sVUrfZ9l2aHHL3S7M8zyxofQyT2Wpc+AAVNNOBjDPyXhM6DF2fU0rir3QUL5ANK3vYq7cF8k243AlUZMLSgcazfd40l/3OvNU/8ReZCmHIVXf+wON+W98d9AAZNprf+3r7y/HNtWQTcVcwM3vBreKxymwCIKkJdR0A3zt+s3W09Oa6uNKU35gMa2/QlWAFBpWRFx5/a2py6lp+FB+7bal1+UrTqGDk9bYO6sVVS37rqbcFUO8ee7EUaXc5NxUpMWKvVPlrAPFrpre56Z9n2Mqnoq3Ix76SnCMPoL9riv0hu55sqyaXlxqu55ev3Ezah8/rTFwl4Y6+Svui8vVXVW9+8phUv7fdQ2S6o4/ivvqmO3pGG7W0beYMKR4wXGs69S8/dzmeb1pyySvCqzaP46xChLGRpBEb7qcsz6tEmSMPXLKIdK8tw0vXjWZN0xqs0MPNSd5XR1g5SXReenztes3w5d/7+Lc89arQqQuTva7ep4mQWeu3Pg5Vt1dA/vsDVD33awKaqatz8WKslzXDWSbKt9Vq+8+Zm30HczMCt/pR/m7vKiGv/m2ed6fiX69kQaLxW32U0985ECV9IGpO6XtU7HJdnnf2+d7HVPgW272XnTqxL3725NZ29Npz9OXRe9vmlyYnTWtbJ2UZwLMUjxGUZkEzQiSllDTqp9F3lWiTaVLrm6aVPHv8t8/+vBDUSfgs0KmNnO2Z6kKkbq4SlQsX54nTGrTVyOU1qPiCXRX0+3y5o3Fk6SqJojl5VvXP6pcrrzuzRTL38182YwxAFkWxWrBRfVL6mo6Kauj73UvZn3r8y6aYcaFqXm37TEViKFmWv2sxx6qpDxxbzj1xL2V/zbtcWVN3u+YAt9pIVS5/9y0bd1YQ8YuNW2LUK7uGpO2x51tFNeNxjM41mC9gi4JkpbQEP2OYrStdMldeePN8LWv36zcaeYhQZuDxWmPuXbj/RPqLqam9BUihUIoVpxOExruKOf5jIoHtn02eCzfGrkYdNRV1RTDpENTCmumPa6T4ueer0f5suyy11VfqkKwsQRg5X5JfU1xK96ZslW/tR6uVncVvuf67kM2dvl3clowUt4G7n8felr3Yu7OVLzhRZf7vEX1wIlVvPBUJd/XhMLn0qZZcEzws6w9loqfadX4D1wwi9zGT9sGxaxD0y42Fvedi5zqNG8QNKbtaJdV8DGv1dUdAZfx+wWLJkhaQm2bPvepfHA7zwa4qoJqDAeRs5SXQR8Heoem03TcT6hO1YFAmwO+WPlyK763YoVRsaIml0+HK1rWg+2uFdfL/GC4eBeTr339G62myy1CeQrDqRP37t/JcCwB2IGAt+PvQtV6HavvE/E+gouxVE4sUjlwqFuHilM2Qun7EGoqOLuS7wOqtqd9XcUf292Tivu8UKqQHssYq9T1gJlH26CiWAFeJbYqaZ7q9yZmBV99yaf5OYbZE3vBojg9ct6KfWA2QdKI1e1Am4YGxauFfag6uG37PGFJG9xVXSXOd2JNrkjO+tlHH37oUMVObD+hee4gVxUS9n0b9Py5ipUYoXDVN1+n8z+Xl12fU9muvPFmuPJGL0/dufKVzeJnVAwlq6YHLkL++Z48UX1L8uJJah5cjK0qKQ94w5wnG8XphtNeK/agemwn4hxU3rbl6vaB5UrLfF3ru1dXeZrwtHW8q31A8fXGckxQnCof851q0r8x/2yLVU1d6TroansDl9gqm1kXqcoVtn0aahua7+fafp/m3Ze3qaSr0uVF5hjTmmc3sai+W7DsBEkjld/adgwnSdO0rcIpVx31dbe3Rj8feVW13K+nfCJQXgZNxjHrZ/NbrpfDpBBxNbrtVeNpZcl9T+upW7+q7uBVPJkKPd8Gd1kaMlYtv6Jyj59FhEnFZVcMuesO/KquPOcnGmOqSqrb7sWcEM+6/XCb6ZlDTclgtroAadrnXN5HFsOGvnt17b3Wm/sXI8pVsH1cxR9rr5Km25qYny9/V8ewPetDTKBQ7kM1axvf57Zt6G3oPPvisaxDXVxkDg3fT9vgdGx9pWAZCJJGqHjyV7UDHUOz7aoD4SZXT/KD3T7H1/SKSmxDyvIUoGkhUp/yu3Tk73PaneHaXhWKeVwf03qq1q9ZFUaHeiv1OO2vy6kCfZVSV1UKTvv8+gqTqu5oVDZtvS2Ov/jzY6tKmkfVcomdNvPhRx6q/Fzrvrdf+/o39p+z7R0Ax+ra9Zv7AcSYpoMUP9+q0HBWUFgVCJd/tnwzhi5D/bxPUtV2Yt7eiHWGmlLUlSYB9zpMp6lbT4pVmHX7h/I2flEVLouspFlF5c+86TJse27Qdru37NscGIIgaWTqmgkXLeqg49CVoUKFx6wqnDoH7hZV8z6WaQNerISpCzpmnagV+580PakrNuCOXW6xB/uzqlmKY8iXQRdBRNU0wdgrTHm4lq+f+bS/rgO+rqYKtJ0iMEvTSsFiZVn+GbZ5j3klZf4dj5lWW/e9KQdh5fEXq5LarHNjqirLt4vlZr1t1Z20vR8EfGPlem8c2m701PS8qfKFn/LFl1nfs3LwVPe5Heqf10PAWm7SX+7d1eX6tIzTMsuhSMz+vLx+XHn9rXDl9dXrjVP+buYXn2ZdXCj3SuoruCxb1OusqphzmVkWvQ2Y1b8LOEyQNDLFDW/dCdYimm1X7QSKdwkrVqE0OeEsHoiWddkbILY3QTEQa3sHojy8GOqAd1ZVQZtqpNhqluJzzju1ImaaYIz86nnxfa/LlcV5KgWWTZ1+AAAgAElEQVSL3+m2YcO0A8e8iqt4EpFXxVQ+1xvTD+Tn7dHVVQ+ILnRZATbt+37yxOEgf1W+D4f2VyOpVKu7eUTMfjM2RMqVt8N9TPusmlYdOj75GnpKURMxFTV1qgL/4j5rVQKlclhWt+0tfy+KFyLy73ObY5nQ8Lh50X19Vk0XN55ZdI8009qgHUHSCDQtc++72XZVRUgohAv5dKG2Jz91UzG6FnPgcO3G+ydW84RBY75q2nSO+rTG4dMUp0g1OUmtCz/mrfqpmupW9e+roiqgbXIAlweS5QCuyclMsbImFPq4tKlsKga8da9d7tEVRvi5LqrXS10QW9T19M9rN77b6fvrcprzWCrO8sq5Jtu0eUL14hS3Rd6NMV+X6prmN32u3Oi+z3emTxYrL8tiPuO6kPDDjzw01za4cswdb4OaPl/d93rW9N387/LvziKqhKouolX9zJguRIxJV3cvXnSPtDFvc2DMBEkDK6fgTe7y0YdplSjlkvZVuFK26prMUa8LdJqsj+U+HSGiqWb5YLzL9aruwLz8M011dQI974lzflJTVQnU9q51VRUHsQdZjz78UHjqiflC1aZXgw/06GoQJk1br7s8SShP6eha3TpQ9z0q91abZzrqmHq7lJvtj0W+DY39LnYRCBenkHfZeLtuH3FwKuvN/eAjtNi+tgkLFnUXzWlN8WN7mlWFEOX1Y9o2uO0tzfuYQh0rb9YeWlxcyJdNmyqhppVt5c9mGY9xi33iFv26XVSUhwEqwkxjhPYESSPSV4jUZKdSnk5S3IBXXc2+8vpbnTYezpWrg8ol+spQ48SeWM178pIr9mwKhXVkWh+c4mOjr9gX1umYda+PA/Mh1YVwocNqrmKvqVD63k/r0zKP8olazPbwUG+YyEbDXVYRVn0OxW1pX6/Z9M5fxZ/5mZ8+12uT9UWrCo3Hom0VUmgZCHfZeHva1K3i2MrLvby9yM0aS5vPbqjqs+J03VnLt2nlbd1FkOs3bnbWo29R8unmbR8bUyVUVtUzrdHPz6jE7qpHYtfqLiz1qcnxY3n9L//brKrarpnGCPMRJA3sw4881Pk8+LzhbS52Z1WcTlK3E606Ic9PRLr04Z8++NrXbny3tkpg7D0UhhJzZaiPqqBymBTuBATlE6Jy2XrdgVk+xvxzblvFU3VgvoxXn+quincRIJWfr9xrKpcHhF1Nm6m6Sj/tLoRl5e1S1frWRL5exFYQxfRH6Wpdm1YV0fR7W75j35d/72Kj5da2r1ydLk+ClulEO1SsQ/NcWCpWJU3rQzbNrLC6PLZpQd6BgCkcPFkv98TJjbEa5NGHHwonT3y3UTA3bXsd8/mWt215q4Im39M+LvYtMqyYVSU0bZsYIvYlTadjzROM5Zq2nBir8rKfdRzSppfYoizj8SAMTZA0AvOc8FSpm7vf5MRsWtPr4gHjtNdrq3Ku/Il7K0uzY/v3rKNiz5tpujp5qXrt4kFG1ecau+5PCyubnsgW19+2605X39k2vRaK1Qax0ynmUXeC2OVBVzlgbPN+iidcdSfPJ0/EnVA1XS+Kn0lZ1wFf5evPcdJdDJNC6e6cs/Rxk4F5p+Dk6+iyXWAorkNdbF/yz3Wu/lcV1QOz1uUmxwfXrt8Mjz78/p/L1YWx5l1e5bvP1WkbypWfo+n2IF+ms/andbre/lzr6W6jda+Va1sl3eQxYwwwm8iriefVZnp3zLIr3vBhmkXsN0PhBgVd9HaDdSRIGoGuN5TF+ejFv5v1OsWNaMyYZvXb6VJ+gHng7zo4iTl14t4QHnn/NVbRrCtrTz3xkXDljTd72Wnnd+mrO7CJeb26n5n3QGNZDxry78Ki7xRYPkHsevnl6+E8QWY+prqx9fWZFwPYfNplvs73sX1v2rx5ljx0GMPB9DxTsPLphMt4Mti0l1KM2O9S/prF8C0/wQotg4jy8i/2bsmft+quckPfBbVr+fFYF9/VfH8a49SJe8P1k/1Vfizq8ylelKr7TueVYgce12D7mz/vIte7UzPutlv7uIjPdZHfnabrd/GYu/bfe3oPVdu5cOd71eacZdkuVkAfkve2s2zoQQAAtFGs7OuqqhIAgHoqkgCApZb3gVm2SiQAgGWkIgkAAACAKOnQAwAAAABgOQiSAAAAAIgiSAIAAAAgiiAJAAAAgCiCJAAAAACiCJIAAAAAiCJIAgAAACCKIAkAAACAKIIkAAAAAKIIkgAAAACIIkgCAAAAIIogCQAAAIAogiQAAAAAogiSAAAAAIgiSAIAAAAgiiAJAAAAgCiCJAAAAACiCJIAAAAAiCJIAgAAACCKIAkAAACAKIIkAAAAAKIIkgAAAACIIkgCAAAAIIogCQAAAIAogiQAAAAAogiSAAAAAIgiSAIAAAAgiiAJAAAAgCiCJAAAAACiCJIAAAAAiCJIAgAAACCKIAkAAACAKIIkAAAAAKIIkgAAAACIIkgCAAAAIIogCQAAAIAogiQAAAAAogiSAAAAAIiyOfQA1kmS3Pl15/eh8N9w5+8BAACAg7L9/wshK/w3y/+bDTm69SJI6kmShJAmhfBISgQAAACtJPv/V39+nQdKWRbCRLjUG0FSR/KwKE1CSFLVRQAAALBIxSKOjTsFTNnk/VBJsNQNQdIckhBCmu4FR6nkCAAAAEYjCXfO1+/8eZLdCZYm+7PkaEGQ1EJ6JzhKtSoHAACApZAme6VKGxt7YdIk2/svzQiSGthI71QgqT4CAACApZXeqVTK0r0waVegFE2QNENyp/JoQ/URAAAArJQk2atQ2tjYC5Mmu6a9zSJImmJjQ4AEAAAA62DjThHJ7iSE3d2hRzNegqQKG+leiAQAAACsl/1AadeUtyqCpIJ8CpseSAAAALDeNjb2coLdiabcRYKkO7cEzFcQAAAAgHCnh9LmRgiTJIQd091CECTthUebprEBAAAANdI0hCN3prute3XSWtfgbG4IkQAAAIDZEjlCCOsaJCVJCEc2TWUDAAAAmknTvUxhXfsrr12Usu4fOAAAADCfdS5QWau3vKEEDQAAAOjI5sZe1rBO1iZI2twIYWNt3i0AAACwCBtrdhOvtYhWNjfWs9wMAAAA6N863RF+5eOVzTWdswgAAAAsTpruZRCrbqUjls3NEFJNtQEAAIAFSJPVD5NWNkgSIgEAAACLtuph0koGSZsbQiQAAABgGGmyuj2TVi5I0lgbAAAAGNqqNuBeqchlQ4gEAAAAjESa7mUVq2RlYpc0DWFjZd4NAAAAsAo20tUqelmJt5Ks8NxDAAAAYLltbuxlF6tgJYIkIRIAAAAwZquSXSx9kLRKqR4AAACwmlZlNtVSB0npis0zBAAAAFbXKuQYSz38Vet8DgAAAKy2zY0Qlnli1dIGScu+4AEAAID1tMyFMUsZJK1CKRgAAACwnpY511jKYW8s5agBAAAA9ixrtrF0w95I3aUNAAAAWG5Jspxh0tINeZnnEQIAAADkljHjWKogaRkXMAAAAECdZcs6liZISpZ4/iAAAABAlWVr4bM00Uy6ZAkdAAAAQIxluoPb0gxVNRIAAACwipYp81iKoS7TAgUAAABoalmyj6UY5jKVeAEAAAA0tSzZx+iHmS5Z0ykAAACAppJkOcKk0Q8xFSIBAAAAa2AZMpBRB0nJEpV2AQAAAMwjTfeykDEbdUwjRAIAAADWydizkFEPLxn16AAAAAC6NfYsZLTDS5LlmBsIAAAA0JU0GfdNx0YdJAEAAACsmzFnIptDD6COaqR+ZFl251d4/78hC3f+F0KW7f0XAACAtZeEvVQjufOH5M7vkyQJSf7nMaceSypNQpgMPYgaow2Sxj4ncBlkWRYmWRaySRYm2fshEgAAAMQ4UHDw/v8dkIdJaRJCkiYhFS7NLUlDCLtDj6LaKIOkJBn/7e7GajLJ9n5lkzD5/9m77/go6vyP4+/dRGlSQpAiiBBQVARUrNh/p3e207MXFMUuYj9717P33jt6KmI5G81ewYLSpAQIvaXRi9nd3x/JhNmZ2d2ZrbPJ6/mQR8xkd2ayOzvZee/n+/mGCY0AAAAAAJllFC2EtSn8CAYDCgaCtV8ZcuRZoC4b8WMtiC+DJI4xb2rDo3BdgOTDowwAAAAA0KiEwxGFFZJCUjAQqAuUgoRKHgQDUsiHl/i+DJKogEssEokoZAqQAAAAAADwo3AkonAoIoXC9YFSQZDhb4n49eEhSMoz4XBEobrwiH5HAAAAAIB8UjuiJqRQXZVSAVVKMfk1GyFIyhNGgBQK+bVvOwAAAAAA7kQiEYVCEYVCYRUUBAmUHPg1G/FdkOTXBypXCJAAAAAAAA1ZKBQmUIrBjw23CZJ8qjadDSvEEDYAAAAAQCMQCtW2cSkIBlRQEKSHEkGSOxwmm9JYZmADAAAAADQmkUhENaFIbaBUEFRBQTDXu5RTfsxI/Bck+fFRyhKGsQEAAAAAUDfTW01I4UikUQ9382NG4rsgqbEKhcKqCYUZxgYAAAAAQB1juFsh1Um+4bsgyY9pWyYZvZBqqEICAAAAAMAmEonor5qQIpFIo+ud5Mdf1XdBUmMSDkdUEwopHKYKCQAAAACAeGrqegkXFhQ02qFufuC/urBGciyEQmHV1BAiAQAAAADgVjgcUU1NqPH0FvZhRuK7iiQfPkZpVxMKKxQK+W4KPwAAAAAA/C4ciSgSCikiqbCB903yY0biuyCpoaupCasmFMr1bgAAAAAAkLciEammJiRFpMLChh0m+Q2PdhbV1IQIkQAAAAAASJOaUKg2UELWECRlSW2I1EjGcAIAAAAAkCU1dT2IkR0ESVlAiAQAAAAAQOYQJmUPQVKG1YTChEgAAAAAAGQY19/ZQZCUQSSiAAAAAABkDyOCMo8gKUNCobBCNNYGAAAAACCrQqGQQoRJGUOQlAHhcEQ1obAikVzvCQAAAAAAjUskUjtCKBzmojwTCJLSLBIxQiQOWAAAAAAAcoFr88whSEqz2tSTEjoAAAAAAHIpHKb5diYQJKVRbV8kDlIAAAAAAPyA6/T0I0hKE6MvEgAAAAAA8A/6JaUXQVKahMKMvQQAAAAAwG8ikYhCtKBJG4KkNKBUDgAAAAAA/+K6PX0IklIUiUQ4GAEAAAAA8LkQs7ilBUFSikKhsMIciAAAAAAA+FqYQpC0IEhKQTgcUYiGXQAAAAAA5IVQmMbbqSJISgENtgEAAAAAyB+RiGi8nSKCpCSFw5TEAQAAAACQb0IhqpJSQZCUJBJMAAAAAADyE9f0ySNISgLVSAAAAAAA5C+qkpJHkJQEkksAAAAAAPIb1/bJIUjyKBKJkFoCAAAAAJDnwuEIE2glgSDJoxAHGgAAAAAAeS8SiShEoYhnBEkehSl9AwAAAACgQeAa37vCXO9APgmH839YW0XlCklSeeWK+v+XpOK2rev/v13b1lHfAwAAAADQEBnX+cFgINe7kjcCGzb6a5zW5pvleg9iq6kJqSYPZ2urqFyh6aXz6v/fre16dpUk9ar7CgAAAABAQ1NYEFRhYUGudyOmjX/leg+iUZHkQb5VIxkBkpfwyGxGXfgkwiSbyqrq+v9vW9SGfUFW5PNznc/7ngmVVdUpPw48pqnz22No7E9FVZUkaduS7jneI2fm/SwuKsrqYzdz9hwVFxVJaXrOcn0M5Hr7AIBa+Xatn2sESS6FwxGF/VW8Fdf00nlRQVAqZtSta7ueXfM6UJo5e45KZ5dJkvbsv4vrN2yVVdWqqKqqf0NfWVWtcb9OkOre9O3Zf5cM7nVixr5I0mEHH5TTfUHmmI9fSepZ0s03F5luLoQ4TqMZj0eyz+O4XyfUP+5+OA/lq5mz59Q/jtbnIldhifm14pfXuJX5cassqs7a8WecB0tVpp4l3dISxuby3OTn8zoANDbhCMPbvCBIcimfGnD9MH6S6yokoxeSm9sbwVQ+h0leVFZVR71ZVoI39ebbWTXWTxlnzp6TsXUnurCL93xkSiafZz9dbBiPrfX1ESvQMB8HjfW1YJaO18W2Jd3rL4AzeaybL7IzoW1RG99eOFdUVdW/7rIVlrQtaqO2RW2iXmN+fHyydfw1dH46rwMAaq/5g0H/Dm/zE4Ikl/KlGileiFRc10Q7XjPtisoVKq9cEbOaaUbdULkBe/RJ6377iXFxbH1zXDq7rL6c3sr6qaaVlwqohsT8Jjndivs7PxcG80VgNmSyKsQaPGTjYsN8/FdUVW2qPohz0ejmgrIxvg6s0nHhbQ0c0jFUzkljDgm2Lele/7fA+OelkjVZ1uc11XVlQraOPyvzYxHr73G+sL5nIEQCgNzLl2t+PyBIciESyY/Z2mKFSMVtW6tXz66uZmIzwqZePbvGHB5XUblCP4yf1CDDJPNwEYPxhtk8tC3dEgVRbn029suk7hcv6Erm9yUsSB/r0Ie2RW1SrmhJdMHi9DpIxHidODHvf75f/KXKGgykcvForgqZOXsOw9syINnHOF1Bdqp/GzJZ5ZIPx5/58fNTxY/1HJuN8zoAILFwOKJIJKJAgOFtiRAkuZAPyWSsptqp9DXqVXdfp0CpIYdJBiM8chOKOFWjWIf95KtkLoiMN+w9S7q5ur354jpeIGHmNazKVLiV6WFF1vVno0LBfIEYbz3GhYuXIYaNPWQ0miir7nUSizVATKSyqtpVkJzKxXS6Kiu9/m65ZK688VqVlG+S/dDAeFzMTbC9rsOthtCYOlfndQCAO+FIRAUESQkRJLkQ8Xk1UqzKoXQ1xzbW4RQmTS+d12B7Jnn9dNX6Rs5c9p/M/d3y8xtrtxes5gvgTHyqnalhZ+mqJHOSTFVQOhnHUtuiNvUXh+Zw1G3Iag5OUvnUvaF82m4OUBrK75QtmX5NlM4uSxhwWV/vboI5t+F4uiQTSqTjXGY0wfYi043izeefXHPquwgA8J9IOCIFc70X/keQ5ILfK5IyGSIZYoVJM0rnxe25BHdSeTOd6RCmuKhIlUX2T08NTGGeXk4XdKleiFqHxiWSzos787aT/dS9oRwX5hDNbbWe0vD8p1rtgNS4aShuVPOkq+KrIT7fqf6tyOWwWqcqvGyf1wEA7vi8hsQ3CJJc8HOOND0LIZIhVpg0vXSeL4e4xXsjbf2UkjdhscUatme8iU111iVrxUpj5lRxkWpfj1w06o617WQ19uPCbfVXLA01WGgozFPaZ7pCx41Mv968HIvWpv9u1uOn80WsKqRUh4nm8rwOAA1dxM8X/z5CkJRAJBLx7cEUa0hbJoea9erZVRWVK6L6MRnf+6kqKVGZvrUEv7HOqgZ/iFWFlI4AwTq9dDZZPzH32gulIYUf5ufCKRw0Lgy5IIwtEwFLoucl06yvUT88/6l+OJCI2x5Z8f6Ox/tZrL/nbobuJeoz5uW9QqwqpHw/rwNAQ2dc/9NwOz6CpAR8miHFtF0W+hX16tlVP4yfFLXMr1VJqbC+oUx0kZHsjGnpqtpIx7oydfHg9rFx06OkIYV+sT6tTkdVQmVVte1iI5fVSF5/H/Pj0tBmenP6fYznqnR2mQ47+KAc7FVifuo30xA4zcioFBr4N5TzYjrloql7rKAsHedgpxDJD+EjADQ0kYhEjhQfQVICfu6PlO1qJENxXU8kp1ni/MT6ptqvvXjS+UY31XXxhjQ7jJDEKUAyf1ptBE3JfIJt/vQ90xUGTlL9xLwh9f+wVr1Yf59keydlWzLNlBsrp95yZk5hQyoNr83hc6Jt5xPz6yHeOcU686eTWMvT9d4gVoCUzvO69bzI32wAyIzaEUkkSfEQJCXi0yDJKcTJRjWSwRok+W14W6K+Pm7ewFnfqCaqioj3xhabJPNGPR2PYyaei2QrNJyODesny+Z+SeN+neD6k2fjIsWQTHVTrJ465mVO1W/G6yrV/h35Eqwkw+mx8NvQpsYq0Tmisqra9fkr3uvOWi2Ybn7os5QO1uGw8V4nTgGc+fmMdf60hnepPG5Ox4+fzusAAPf82trGTwiSEvDrIVTuECS1y2KI065ta83I2tZyw+sFnVPPE6/hhZchLcYby1Q/lUx2SF4ykn3zm+q03+mY2jqd9uy/S/3vFOtCYtuS7qqoqooa8mRcyMZ6vq2/Z7KPt5sQNNbP3fTvsDZrb8gXRNZqJIPx+LkJzXJ57GY6yEtm2GJlVXVKw+ySPV+O+3VCfbiR7DqcqlaSeYytr9F8r9pLxBqiWDlVI2V7KOae/Xep/3sa67xuHb5onNfjfbiVrvM6AMA9v2YAfkKQlEA+pZHZrAZy2la5jyqSGjrzxYhxQcEby/xiXGTEG4Zh/Mz6XCtGcGm9QM3FMVFcVFQ//CnZ/h3m3yOf+yNZK0+MC8JYIZwfq5H8uE/mgNUr6+vNfLzGYwQZxmswmccl1nNfOrvM02sl1/3Pci1eaOa2gilTjHNurH009sP6NzxWdZJTHy3+1gNA5uVTBpArBEmJcAy55veeSQ2BU3PmhnARYf60OVO/S6YqK9J1QRvLtiXdtW1J96gLCvMQTadjItWLDaf7Og0BifU79CzpptLZZWl5LhtSpUW8Kq94x6fXGe/iyedgzi+8nktizcrYtqiN42s6nsbabDneayfRMNxsnkP8fF4HAHhABpAQQVICfj2GrKFNLiqB8qHhdipizYBmfdPq9napcipvT9TryXiT6ueLDfOn65l6w5+ppqSVVdVZaz5s7L/5oiNTMwM58TJMZNuS7ikFFnv230UVVVV532PMejwb31srzRIdn6lOF96Q9SzplvBYS6WCyZBsdUusoWzmdVhf006v4Yb6IYJb5t/bze9sPl/5+bXjdF5300MPAJBZfs0A/IQgKSEOo8bKzYVHthpqe/0U2nrRUTq7TMVFRb5+Q43EjIDGqf+Wm2AxFdbXQ0VVleshJl6lswIn12INdXHb8yXWz9MpmX5u2eD2eHZzGzeBb7y+X4ZUKxutlXyJKlPkMoxKp1ghda4kOjbNoVFxUZFt6J/fAxjjvG58UGR97RMkA0AukAEkQpCUQL4Mj8xFZZAfqqLSIdGUwZkWr8G2NRDyUoVkFm8YkpcG38gtp6oEZWHIg1PVnduhOI2d0+vO2oDbD4+hH4OkbHBz3k/lsTGGKSlBzzK3FYeNMVgwB0Vegzy/z/poNI53OsYYygYAuZMvGUAuESTlqYY+rCwbzBflPUu6uR7+ZB4m4fY+ybzpt86mZlRpxBpKJ4cLHt6I5r9Y4ZGyeFEZ60I6UZhk7HfbojauKuLMv2u88DPfea2WSGfFUGMLIdxoW9Sm/vE1jlczr8OqrNyeg61hktN+Zup8nu0ZztLJqXovnX3aMsEP53UAAFJBkJSn2rVtrRmWZRVZnDUt30OseG/g3DAPk8hkXx/zPnoZRscb0fznlwsN83FnPiaN/08UJtXfv8Rb9cfM2XMaZAiazDCpdA6hdRqSaAyvSsQcbjeWSsZ0DmuLJd5r3Xq7z8Z+Wb8fmZyYwE8BTKJZHJ2qilPt05YJ5uqjXJ/XAQBIFUFSA1KexSCp3CFIaufjoW3WN2750LB025LucT8lLi4qcmwiG28K4YZc5ZHvEl1kWMWrTHPDbUhjHIM9S7rZKjOM4y9WmOS18sZ8bBqPQ0M6Xr0MaYs15Nb6GMVaFm95MnI1C1Y2mANSa9CWKMRIVqLwyAgVjNefeT/Mw9+MStXG0gPPS68x64cxTqx/YxPd3utj7NfzOgAAqSJISiAQ8OcYyeK2rW3D27JZJTSjdJ7jPvmFuaoh1ps3vwZIhngNh2NNDez0aaa5aqShVnm4kYkeMKkMB3FzjCa6b6ZZm9ZaGf1fnCqTkg0ezBd/De14TRSsJQrOrEObxv06of4+1sbM1ttah8p6lS+zYCWjuKiovsrUfNxaQ4pkf2/z8WzdhpX1PG58NRpyy3Ic1b/+LFWy5n3N55ApUVN6M6egz+uMfeaZUZ0kqsTLh/M6ACCxQCDXe+B/BEkJBfKma3tF5YqsDG+b7hAibdeza0a36VWiN3GxKnO8XmwZQw0SSdcwEC8BkvnnRr+Iyqpqjft1QoO6OHfD+L1zze0QFr8wLuKMY8zpMTQvN88OmGzwEGs7+c78OxlDk6wXnUb4Y319++F4Me+Dn4YMGa+pRLdJhjmAcHsMewmNzOt2M6TJCAuts7w57YN5u6Uqc10BJ589v9aQb+bsOVG/RzLPUbrl23kdAOAGSVIiBEkJ+DlG6tWzq34YPylq2fTSeRqwR5+MbtepGsnP0jm8IxecSuONT5zdVlSZm7hmI0zyMiQpn5u8JsNNNYI5dEjn8+QloLHOFhiLOag0V0Ike2FqrMM43hvC8DbrY2m8BmMdC358Tfh1aFs6+kc5/Y2w9kZye651UwGTjuFoRl8r4++Def+dHg8/hUNemM8vMv0N27P/Lq76VxUXFamyKHHvKfP2kpGr87rXiisAgDvESIkRJCXi4yQp1vC26aXz1CtDFUKxqpEytb1kGZ/Ymj/ldfOJodNFcDJvLJO9sLHeL1H1kdN23PR8yFSYZK4OSGbdmbxAzVSjXC9v4s0hiSzDVuJVlGWbtdoh0UW08XPzxWoqryHzRVe+D2+zBkaJeuJYFRcV5TwAt1b8pDpMzsoPvdusM7d57e9lMFfQyHTsZ6qPUaIh0MbfAzczJlr32S+ss9kZf7/c7Geime6s1arJ/t2yntcTPd/pfIzNxxsAIE1IkhIiSEogEPBxkhSjKsmoGEp3uDO9dJ5jNZLfQiSlME2ycR/zhbSXyh+D+ULLS4CRKOxK5xAtp2ECya7HerHs5U1yNi6Sk3kO3bD2JnHD2A+/XayZmS+i3R6/5sc3nTNd5TpESVWsoXrxQkQ/X9T7QSZm5DI/T07DEN0yKmhihQiZHLZpPc+57euUD68xpzDJ2vw/l/LhvA4AcC9Ak6SECJIS8PshVNy2tbbr2dUW8KQ7TIoVIvmtN1K6xGsinIj1IiTbb3Cd3shaG68agZXX382J00VIskFSrrB6yT8AACAASURBVC8GssHvFxrJDukxS3WohfUT/nwf3ua1KiXWhb01SDZuZwz3iXfbVKX78U/ncLRMSub4d9uLyC/MVayZqtxMByNAtB7XftjnfD4/AQDs/J4B+AFBUgL5kEb26tm1vtG2WbrCpFghUnHb1r6sRkoXaxNhubiosFbmeL0IMU/3bIj3yXvbojZR23Q7RCRWg+RYzEPWvMw4lEiqUx0j/VJtumt9TpMNBxvK7G1eqyPNj7/TBXK8kMntbb3KRMBrPm9l+yLcKZi0hpdKEFDke7iZr4zXkzlMcvM3DAAAT/IgA8g1gqQE8iFIkqQBe/TRD+MnOYZJM0rnJdXHyOi3ZF2n9ecNNUxyavKpONN2W4elJfMpaSpTTHvdjvG79SzpFnebifqhuAmPrFNZG9wOoeICIXuMkDHRcRFLMsPinFh7zbgxc/acvL+gTNRo26kxdKwJBfw80UA298dpwgKnmTSt+xQvQKuoqlJFVVVKQWm6wtFUe1aZX7P50JTb6TVi9PzL59c+AMA/gnmSAeQSQVIC+XQMxQqTZAmU2tU16XZSUblC5XXVTbECJOt65dM+Selg7ctgnjHG4DQNc7rf0BoXQl4vWozqEKf7GcMEEu2n0/Tj5l4cbn5PpwumeJUrxqfNxv0aw5A3v/A6I6BZuqqR5BCCJKoAMSpcSlWWdxeU1hndDNbHzxo+GL+z+fkyzkfW26a7QbafOQVHiXitjjQPfXYKpfKF07nd72INnSVMAgCkSz5lALlCkJRAIBBQIBBQJOLfhttmA/boE3MomoxAyfS9ESi5CY0kqVmzJlq3boNtnWpEYVJlVbU+G/ulepZ0s12opPNTZjlUOllDrET3NQdgRnWItRlrIsYMeMb/p+NNunVWJHPlinnIi/E4EyRlVzqO4XT0LXEKMd3c1qio8vtxY359GxVguRrulU3paiZurMcIjazrjsW6TacPA4zlsY4hv1V4JStf+iMZrD3crD2Txv06Ia+DPQBA7hnX/4iPIMmFfAqSZAp0YoVJZm4DJNU11u7Vs6tjUNXYwiTr/ysDjbWdLm5Sueiyhkpu9zUT4Zi1Wap5X6yzXKWjITgyL5Up02MxHwuJ+iQ5VQ+maz/SyWkYrMF8kdyQgyQzr4353fRqc9pGrEbn1vOsOcwrnV0WcyizIR/Cl3jS/ZrNJOtzZTyf5iHoMlUmAQCQDDIkdwiSXAgGpHCud8KjXnFCH6+MptpG9VKsoKqhh0nFRUWqLHIeKpHuYWzWC02vTayN+xx28EH16zKvr3R2medAKR1iDQN02m9zZVI6QoFMNPbORlVCvlQ+mI+3dK7T6f9j8WOY5GaYlVNlhd8v6lORqA9UvPslej0Yx4mbobdOIZLRyNlc3WY9RyW7/36TT8GlUxWr9bk2fu7330VpPK83lGMRAPyE/kjuECS5EAgGpFCu9yI55lDHS6BkDo2c+ik1ljApXvWA9XbGG13jojCZT9qdtpNq2GPunaI4VVWZvHCN9fvF62exZ/9doi70nPpTedl+vgQyVumcwj0b0n0cee154rcwKdbr2hoOW4fsNGTJzgxobcDuJTSyss6waa683LP/LvU9pYxzl/n4Sdd5M9fnJGuI5lfWKlanHm7G95VV1XkRwubbeR0AGpNAkCDJDYIkF/I9lTRCnV49u9Y30zaYh7YVt22tdnWhUaxm3E7rzZcwKVaDTjPzdOOK8UbffAHoVGFTOrus/mLHqS+RmVO1kNN20sHYB6PnkfVCO95+JsP8WMZq1p3od3PqT8WwhfznpUdOMse/U5jkh9nczMFHvBkMG6pY1ZZumcOeZJ/LWPtgPadYZ+w095kz3yZZTkN8symdjfEzKdFQ6FjLk3183TSlT/dwbwCAv+T7tX+2ECS5EAgEFAwGFA7nT5+kWIrjzNiWDL+GSeagJFHDXrdVR07hx7Yl3euDGadAyBrWWKsriouKHPsgxQpZrG/+k620idfzKdULikSPp9cKq3SFSZmq8sh0AJDO/c5FWOF0LGSjEsN63ORqRqdtS7qroqoqbpBlrUZK10W9uRl1NlirfBJJ5thO5fmL1XfO6Vzipi+el2oqv4k12YGfOIVB5iFt+Szfz+sA0FAFgzTadosgyaVgIKCw8j9IyoR4YVK7NAdXbpmHQFgvbJzeiMa6+PFaOeM0fMy6Puv38aoUnH6veJ+yeh0CZK5OStcFbKwKpGSnlFeMMCnejEpWqWw7HmO6+UxK537n4oLDKSw1y2QlxLYl3aPC1kQNuzPB/BqPxTpkK13cBOTpZG2UH08uZtWzPs6J9sEpTDLfN9VAI11hgtfXtbVZuF+rkYzXjrG/ft5Xr9IZFmf6bxAANCZUI7lHkORSMBiUQvnWcjt7vMwUlw2xLt6cAgXzrC/xZvdxwzx8TJZgKdZFQzoubFMNadL55tx8MZnO4Xnmi7qGdEHRWGUq3LMymifLx8N3zOcgL/toPl8ZiouKpJJN1TLmYCcbrxun13plVXX98lTOr+nYt54l3er76Lht4F5cVKSKqqr6wCYdj2M6j3+vQZL5ePN7VZXx98TrY240/wcAwItgMJjrXcgbgQ0b/TWv/eab5XoPYtu4sUZhfz1cvmOeJW67upnjkF5O1T5+Y75wzOW6k+3F4nV/Mr0NpCaTx2M2cIw1HJl4Ljk+AABIXTAQ0Oab+7fOZuNfud6DaARJHtTUhFRDVVJCRgPvXAxpAwAAAADAi8KCoAoLC3K9GzH5LUjyb+TmQwxvc4cACQAAAACQLxjW5g2PlgfBYO3sbQAAAAAAIP9xne8dQZJHJJUAAAAAADQMXON7xyPmUUEwoADTAgIAAAAAkNcCgYAKqEbyjCDJo0CAsjcAAAAAAPJdkEKRpBAkJaGA0jcAAAAAAPIa1/bJ4VFLQjAYUEEBDx0AAAAAAPmooCDIaKMkkYYkieQSAAAAAID8xDV98njkkkRVEgAAAAAA+YdqpNSQhKSgIBgUfbkAAAAAAMgPtTO1EYWkgkcvBcEgByAAAAAAAPmiIMhM7KkiBUlRQUFQQcqSAAAAAADwtWCAFjXpwCOYogAHIgAAAAAAvldQEFSAQpCUkYCkQUFBkDAJAAAAAACf4ro9fXgU06S28TbJJgAAAAAAfkKD7fTikUyTYDCgQtJNAAAAAAB8pbAgSIPtNCL5SCNK5QAAAAAA8A+u09OPRzPNapNOHlYAAAAAAHIpGAwycigDeETTLBCoHeJGvyQAAAAAAHKDa/PMIUjKAKNfEscrAAAAAADZFQjQFymTCJIypHYcZkGudwMAAAAAgEaloKCAvkgZxCObQYUFQRUWEiYBAAAAAJANhYUF9EXKMB7dDCssoLkXAAAAAACZxvV3dvAIZwGJKAAAAAAAmcOIoOwh3cgSwiQAAAAAANKPECm7SDayqDZM4uAGAAAAACAdCgsKCJGyrDDXO9DYFBYGpYAUCoUUieR6bwAAAAAAyD+BQO3sbIz8yT6CpBwoLAgqICkUCitMmgQAAAAAgGvBQEAFBUEVECLlBEFSjhQUBBUIBFQTCikcJkwCAAAAACCRYDCgwoICBYOBXO9Ko0WQlEPBYECbBQoUCoVVEwrnencAAAAAAPCtwroqpECAECmXCJJyLBAIqLCwoK46KawIQ90AAAAAAKgXCATqQyTkHkGSTxipaigcVojqJAAAAAAAanshBYMMZfMRgiQfCQYDCgYLFAwEaMQNAAAAAGi0aKjtXwRJPlRQUJu2hkJhhcIRhrsBAAAAABqFQCCggmCAXkg+RpDkU0bvpGA4wnA3AAAAAECDxzC2/ECQ5HPGcLeCYJBACQAAAADQ4BAg5ReCpDxhDZTCDHkDAAAAAOSpQCCgYDBAgJSHCJLyjBEoRSIRhcIRhetCJQAAAAAA/K72mjaogmCAHkh5iiApTwUCARUWBKSCoMKmQImZ3gAAAAAAfhKsqz4KUn3UIBAkNQBGlZKkulAponCESiUAAAAAQG4EgwEFA8G661XCo4aEIKmB2fQiDSoSqa1QioQjCkekSIS+SgAAAACA9AoEaoepBQNSIBhQMMCwtYaMIKkBCwQCKggEpOCmZUaYFDGCpbplqv1PqlsGAAAAAEBAkgKBuq91oVF9eLQpRELjQZDUyPAiBwAAAAAAyQq6uA0AAAAAAABAkAQAAAAAAAB3CJIAAAAAAADgCkESAAAAAAAAXCFIAgAAAAAAgCsESQAAAAAAAHCFIAkAAAAAAACuECQBAAAAAADAFYIkAAAAAAAAuEKQBAAAAAAAAFcIkgAAAAAAAOAKQRIAAAAAAABcIUgCAAAAAACAKwRJAAAAAAAAcIUgCQAAAAAAAK4QJAEAAAAAAMAVgiQAAAAAAAC4QpAEAAAAAAAAVwiSAAAAAAAA4ApBEgAAAAAAAFwhSAIAAAAAAIArBEkAAAAAAABwhSAJAAAAAAAArhAkAQAAAAAAwBWCJAAAAAAAALhCkAQAAAAAAABXCJIAAAAAAADgCkESAAAAAAAAXCFIAgAAAAAAgCsESQAAAAAAAHCFIAkAAAAAAACuECQBAAAAAADAFYIkAAAAAAAAuEKQBAAAAAAAAFcIkgAAAAAAAOAKQRIAAAAAAABcIUgCAAAAAACAKwRJAAAAAAAAcIUgCQAAAAAAAK4QJAEAAAAAAMAVgiQAAAAAAAC4QpAEAAAAAAAAVwiSAAAAAAAA4ApBEgAAAAAAAFwhSAIAAAAAAIArBEkAAAAAAABwhSAJAAAAAAAArhAkAQAAAAAAwBWCJAAAAAAAALhCkAQAAAAAAABXCJIAAAAAAADgCkESAAAAAAAAXCFIAgAAAAAAgCsESQAAAAAAAHCFIAkAAAAAAACuECQBAAAAAADAFYIkAAAAAAAAuEKQBAAAAAAAAFcIkgAAAAAAAOAKQRIAAAAAAABcIUgCAAAAAACAKwRJAAAAAAAAcIUgCQAAAAAAAK4QJAEAAAAAAMAVgiQAAAAAAAC4QpAEAAAAAAAAVwiSAAAAAAAA4ApBEgAAAAAAAFwhSAIAAAAAAIArBEkAAAAAAABwhSAJAAAAAAAArhAkAQAAAAAAwBWCJAAAAAAAALhCkAQAAAAAAABXCJIAAAAAAADgCkESAAAAAAAAXCFIAgAAAAAAgCsESQAAAAAAAHCFIAkAAAAAAACuECQBAAAAAADAFYIkAAAAAAAAuEKQBAAAAAAAAFcIkgAAAAAAAOAKQRIAAAAAAABcIUgCAAAAAACAKwRJAAAAAAAAcIUgCQAAAAAAAK4QJAEAAAAAAMAVgiQAAAAAAAC4QpDkU79NmKAvvvxKo8eM1WcjR2n8zz9nfR+mTZ+ud0e8p+tuuEl/P+xIDT773LSs9x+H/1Odtu5W/+/vhx+Z1HrmL1gQtZ5OW3fTl199nfL+vfjyK7b1ZtOrrw+zbX/Z8uWu7z+nrMx2/3dHvJfRfU6X6264KWq/d997n6zvw2cjR9kevylTpmZkW9btPPzoYwnv89XX36hHrx01/N0RSW1zTllZ3J8f/I/DovbptjvuTGo7AAB/OfOsc21/d6669vpc75Zr+b7/ANCQFOZ6B5B7FRWVWrBwocrK5qqsrEyls2dr7ty5qqmpUU1NSKFQ7dcZpaWaU1am7t2yG6zA/+bMKdOA/Q+MWnbvXXdq0OkDc7ZPsYwZ+7muu/Em7bD99uq94w7qtd12OuZfR+d6t1wZOXpMfaB7yeVXqryiQheef56ndfz9sCMkSbvvtpv22mMPHX/csdpqq04Z2V80XHPKyjTivQ9yvRuOOnXqqIGnnOz69j/8+FNG9ycZHTt0UElJ91zvRpSfxo3Xd9//kOvdcLTLzv30t/87yNVtV65apcmTp2R8n7zq0aNEHdq3z+g2LrrwfI0aMyZq2chRo3T/PXdldLvp4of9z9XxEwgEHP5JAQWkQEDbbNNV7YqLs75f8Sxdtkzr1q1XMBhQMBhUMBBUMBhUx44dcr1rANKAICkHVq5cqVatWmV9u5OnTFFVVbWqq6tVXl6u5RUVmjt3rtasXqOaUEg1NTUK1X2N5aOPP9ElQy+yLV+9eo0ee+JJXTL0Im2xRQtP+xVQIKnfJ1MCgdzuTyYej4z/TmlafTYe+z8mTtLChYu0cOEijf38C7Vu3ToqSMrl8x9v2199/Y2tKvD2/9ylpcuW6dabbnS1/q+/+VarV6+RJH351df68quvtf/++xIkwbOysrl68OFHcr0bjnbdZWfXQdKGDRt03InuQ6dsOf20gbrvbn9VA/40bpxvn/PBZwxyHSRNmzbNl8/5A/fd4ykATcbuu++mvn36aOKkSfXLyssr9MfEierXt29Gt50Oftj/XBw/gUBAhQUFKigsVGFhgQoKar8WFhSqoO7rDddfq6OOPCKr+5XI0qXLVFVVpULLfhMkAQ0DQVIOrFy1KidB0rsj3tfKlStVEwopVFNTHx558dmoUbYgae3atRo0+Cz98suv+uTTz/TSC8+q13bbpXnvgfT4/Y8/or7fqfeOOdsXL3bfrb/23WeArSLg2edeUEVFpR5/5KGE6/j408+ivm+/5ZbauV+/tO8rACAz3h7+ri674t9pXeehRxyV9H2bN2+uWdPdD//O9/0HANQiSGpEtt66S1K9XoraFKn3Tjuqb58+2mXn6IvOtWvXavA552nC77UX53PKynT4P/+lhx64T0f/M7neRw3V8y+8pBUrVya83R8TJ9qWPf3Mc2rRwl2lV3V1tW3ZJ5+N1JyyuQnv27pVK517zlmutpOvfho3Pur73frvmvZt3Hzr7Xr+xZfqv+/Ro0TfffVFSuts0aKFhr/1ps69YIg+/uTTqJ+9O+I9FRYU6OEH7495/zVr1ui996OHIh17zL9S2ievFi1arLK5iY9DL/r17eP6tWFYvXqNRrz/vv730cdasmSplpcv16pVq9WpUye1a1esPXbbTWcMOk3b9uyZtv1csmSJ3nzrbX319TdasnSpyssrJEnt2hWrY8eOOuiA/XXKySepY4f0fVI7bfp0vfraMP06YYLKyyu0ePFitWy5hbZst6U6deqoo448Uscd+y/Pjx/867vvf9B/335Hf/45rbbyuLxcRUVFateuWNt07aoTjz9O//RZ1QKA3PltwgT98utvqq5eoXXr12njho1q3bq1WrVqqU6dOmnXnXfW1lt3yfVuAvAhgqRGpEvnzp6CpCsuu0w7bL+dOnfuHPM2L778in6bMCFq2dq1a3XBkKH6+edf9J/bb01pnxuS5158UQsWLEzqvs8893xK2/5s5Ch9NnJUwtt16dK5QQdJn3/xpdasWRO1rHTWbD3w0KbhGqWlpbb7vTrsDbXfcsuY6/XakyUVzz/zlK686hq9+dbbUcvfeme4WrVqqdtuudnxfu9/8KHWrl0bteyZ555PeGy5uY0kLZ4fv4m3JA1787+uGop7MXbkp+rtoarsnvvu1zPPvaANGzbYfrZ48WItXrxYkyZN1osvv6L999tX9997t7puvXXS+7dixQpdf9MtthDPMH/+As2fv0A///yL7nvgIZ14wnG647Zb1aply6S3OaesTP+++lrH3j+rVq3WqlWrNXvOHH3/w4+65fY7dPFFF+qKyy5NenvIvR9+/ElXX3udZs2eY/tZVVWVqqqqNHNmqcZ+/oW2vOkW3XLTDTru2GNysq8Acu+773/Qhx99pHXr1quwoECFhZuGya1es1rr1q1TRUWF/vxzmjp0aK9/HHIIw+ABRCFIakS6dO6sJk2aqFXTJmrapKlattxCHTt20JbtttSPP43ThN9/j7r9wX9L3G/g4ouGqF1xO91+511as3p11M9efPkVzZs/X88/85SaNGmS9t/Hi4ceedR1k9AlS5balh17wkmut3X/PXerR48ST/uH7Bg5arRt2SeffqZPLEO+rF4f9kbcn3vpyZIOD95/r1q1amULeJ574SUVF7fTJUOH2O7zwkuvZG3/YlnuYfbBdJs9e47OH3KRJnsI07/59jv93yGH6r6770yqeuv7H37UkKGXeJp18Z3hI/Td9z/omSef0O679fe8zWFvvOlpFqP169fr/gcf1tjPv9Dzzzytzp23cnW/gw48wFV4GM+YsZ9r0OCzo5a99vKLOuTgv6W03lRdeslQXXtVeofeZNItt92u5154ycUtay0vL9fQSy/XqDFj9fAD97muSLvskot12SUXp7Cn0iOPPa57738watlv439Up065vUB9/pmndOQRh+d0H5C/8un4Wbt2rZ5/6WVNnjylvu9SIhUVFXrn3Xe15x67a++99nK9rb59dkpxbwH4GUFSDnSJU+GTSb1776i777zD8WdT/5yW9HpPOflEDRiwl84570JNmRp9kTZm7Oc64ZSBevO1V2M24Y4okvS23Zo+Y6Z+/Glc0vf3ct9Vq1c5Lo9EMv975kyafrVMPkaVlZV6/8P/ZWz9Zsn+Hl7ud8tNNygUCkUNoZOku++9T9226aqjTENLPxs5StNnzEhqn9JpyVJ7SJsqN4/ZunXrdPqZZ2n2HHu1RiJr1qzRRZdcpvbt22vffQa4vt+8+fM1aPDZtiowNxYtWqzTzxisL8aM8vQJ8OdffJn0VNgTfv9DAwedqVGffpTT4D8bfw8S74QP9sGlhx99zFOIZPbRx5+oIBjU008+nvb9iqVB/x3MoYceuE/bdO2alW29PXy43hk+Iq3rzPf9zyfPvfCi/pg4SYUuAiSrX36doGbNmmvnfv5vzA4g8wiSIElKdaKqbbp21f/ef1dXXXu9Rrz3ftTPfv75Fx1zwol6a9jrKi5ua9+2iym/brvjTlfDa049/QzbssXzy7I6L1ysmbd223VXV0Nkli5dZrvg3a3/rtpss81cbX/9+vX1PasMPXv20Jbt2iW8b7zhW3Hlwaxt9z34kG1YW6Yk+3t4vd/tt96sFStXRL0p3n23/jrwwAOibueXmZaWLUt/RZKbx+zGm2+NGSIdsP9+2mabrmq5RUvNnTdPP/70kyoqKm23u+Ciofpq7Bi1a+dueuWzz7vAMURq2rSpDthvP3XtWnsumDtvnkaPGWu73YqVK3XehUP08Yfv237mZOmyZbrk8isdf9Z+yy21xx67a5uuXbVy1SqVlZXp2+++t91u+owZuunW21OaLeyzkaO0aPFinT34zKTu72XWyqOOPV5HHnaYTht4ipo3b57U9px3wl8zicby8y+/6r4HnJvs9yjprn79+qnzVp20fHm5pv45LWqmK8MH//tI++67T0oVla8Pe1PtO7TXPw45OOFtUznHL1u+XANPP0NDLjg/aqZNSLvs3E/b9+qVlW05DZlNVb7vf74Y+/kX+m3C7yooKLD9bOutu2irTlupdeuWWrlytRYvXqyVq+x9PX/86SdttVWnpN8v1tTUJBViAfAfXsk5NnNmqTZs2KCaUI1qakIK1X21zqa2dOkyvf/h/6JmWwvVhFQT2vTVuP+QC87PySfKzZo10xOPPqweJd1tb24nT56ikaNGaeCpp2R9v/zimaeecHW7115/Q9dcf0PUsheff9b1H+05ZWUasN+BUcsuu3hoo+6HMXHSJL362rCoZR07Ovc1Ki0t1YcffRy17PTTBibskZQrjz70oKqqqjVm7Oc68ID99dLzz6pZs2b1P397+LuaMvXPqPucOej0mA13r7zqmqiG2Ef980idcfppadnXpZaKpD59dtKtN92Y0jq7ddsm7s+//OprWz8pSdppp956+P77tNNOvaOWr1y1Sv+56x7bcMaKikpde8ONeuHZpxPu08OPPqbJk6fYlv/9kIN1z5132IbxLFiwUFddc52++uabqOW//jZBjz3+pC65+CIlct31N6qy0iEAO+9cXXn5ZbaK0F9/m6Ar/n21ZsycGbX89WFv6MjDD9P+++2bcJtmbw9/V48/+ZRmzZotSTryiMPVoX17T+vw4rORo/Tzz7/o559/0SOPP6FzzjpT55w1OCczoubKxZdeblvWrFkzXX/t1TrnrMG2n3340ce6/sabbcfJDTfdor8ddKA6dnR/Hlu1erVefe11Pfv8Cyovr1CPku6ugqRUvPTyK5o8ZaqGXHyp7r3/QV1y8UU69WT3w86Bxqy8vEKvv/GmbXmb1q114gnHOw5D+/Gncfr6m29ty7/88iuddOIJnra/ceNGLVm6VFVV1erXt4/HvQfgRwRJSLvLL71E7du317+vvrZ+2ZWXX5bTEOnIIw5XT5czME34/Xd98eVXUcuuvPwy19vqkMZZl5C6DRs2aMjF9kbC/778UsdjcuSo0bYg6YzTBnpq6Jxtzz39pJ546hn9+4ro47SiolK33BY9nLVt27a64bprYw41bdEiurJjq06dNGBv9z0R4lm6bFnU9z1LStK27lj+c9fdtmUH7L+fXn7huajAzdCqZUvdd/ed2mH7Xrr+xujG5Z98+pn+mDhR/frGLuuvrKzUk08/a1t+3jlnxWyE3qVLZ/33jdccm6g//tRTGnT6QLVp0ybmNn/59Td95tD/6+EH79fJMd7s9991F3304Xs6bdCZ+vmXX6N+dsddd2vMZ5/E3J7VpVdcaRsq8sSTT+uO225xvQ6vnnnuhfr/r6qq0v0PPqzevXtnPMzwi5deeVVz582LWta6VSsNe+2VmDNRHv3PI9V3p5103EmnaPHixfXLN2zYoAceekQP3HeP6+0fduRR9aGhJM2aPUfvDB+hE084LqnfJ5F169bp1dc3hbtz583TlVddowP3358GwIALw0eM0F9//RVVDdShfXtddunFMf++7L3XnurUsaM+/OijqGGpK1eu0rTp011XkdXU1OiPiRMVCARVWGivhgKQnwiSIGWgJcTAU05WQUGBLr/yKp1/3jm2C9yobbvoiZFq34wjjzjcdSPEF19+xRYkxdv/dMtEj5CM96VwWP2sObM9l5CbL24kacP6Da7XESuQ+Obb76IueFQ3+JvePQAAIABJREFUFDNWsJmOxyobPZLMmjZt6niMfv3NN1qxYkXUsisvvzRmiJRJTg2nMx26fvC/j2z935o3b67nnnnKMUQyG3zGII0bN94WKt597/16643XY97v8Seftg2h3Kn3jjFDJLMH779XP/40TnPKNjWxXr16jZ565lldf+01Me9397332ZadfOIJMUMkQ6uWLfXCc8+o3667Ry2fPHmKPvn0Mx1x+GEJ91mSzhk82BYkvfDSy7rowvM9VbnI5flvwu9/aPzPP0ct696tW/pCJJ/38dmwYYPj7Ic3XHdtzBDJ0L17Nz328IM64eRTo5a/8d+3NPSiC9Vtm/gVfoYLzztX/77muqhlDzz8cMIgKdlz3NvD31V1dXXUsn8eeQQhUp187z2V7/vvdwsXLtJXX39jG9J21uAz4n5Iobqq3wF776Xvf/gxavmE3/9wHSQVFhaqXbt2jsPGAeQvgqQGyKkHwerVazTsjTcVCocUCoUUCoUVNv3/ggULbPe55rraZr6hcEjhULju/8O68/bb1LZtUcL9OPnEE9Rtm2201557pPw7HXTAAdqixRZRy1auXGlrNHzsMf9S927d6r8PBvOj10VD9NzzL+q5519MaR3Ly8t13InuenfEmkHqkIP/pv+9P0JDLr5ECxYslCQ98tADKe1Xvjj2mH+p13bb6Zrrb9Cvv03Q9r166awz7X3EsmHZ0mW2ZR07ZjZIevud4bZlp5x0olq1bOnq/kOHXGgLkr7+5lstWbIkZkAyfIS9iet555zteFsnF55/nq6+Lrph9jvDR8QMkhYsWOgYtg658HxX22u/5ZY6/bSBtqF877w7wnWQ1KfPTjrs0H/os5GjopY/8vgTuufO/7hahxdPPWOv+Dr3nLPSvh2/Gvv5Fyovr4ha1rp1a51w/LGu7r/vPgPUt08fW8+kEe+977r6duCpp+ixJ57SvPnz65fNn79Ab/z3rYzMYPnMs/YeiV5eVw3d5VderebN44fj6TLf4f1iqvJ9//3OOmxaknr26KGuLhuc9+vbVz//8qtCoXD9snXr1mnBwoWuJxDqvNVWBElAA0OQlGNti9sqVFOjcDiicDiscCSscDisRQsXae26dfW3a9GihTp16qRI/W1qb19RWaFZpbPjbkOSQqEazZozp77HUnSvpdr/t5o0eXJ03yajH1PNX1G3+/zLLxWuCekQh0+D3YRIbpqrHrD/fjpg//2ils1fsMAWJB1/7DE6yNJo2KtMNnx2Y+d+fW1v5luYGsl+8+13euyJJ/XS88869gMpatPGdv8dd8zwsCyf53W779Zf3375uf5z1z0qLm4b97hMx/OfrWbbbvTuvaM+/vB9vfHft9SjpCTt63fLOqxNdX2qMmXlqlX66mv7m+dBpw90vY6dduqt/rvuol9/mxC1fOToMTpz0Om22/80brztjXLLllvohOPdD/c5/bRTdfudd2r16k1VTUuXLdOE3//QLjv3s93+089G2pbtsfvu2tblUF5JOnvwGbYgafSYsVq7dq3rJtbXXHWlLUh69bVhuuKySz01ZU3092DWrNn6+JNPo5a1btVKJ51wvOttJN4Jf5/QRo4eY1t20gnHqWnTpq7XcfbgM3XpFdHN2UeOHuNpGPfV/75CQy19mh57/Mm4QVIy57gPP/rYNoxv1112Tlh91Zj8MXFirnchJfm+/37307jxtmUHHrCf422dbL755tph++01eUr0zMzz5y9wHSRtvvnm6tChvSoqKlzcGkA+IEjKseK29lnMJGn5suWSKUhq1aqldtjeXkI6a9ZsV0FSOpkrkL/+5ltdMGSoampCGjrkQl15ub0XTcL1+WG6Z5Ncl1j369s3Zg+WTz8bqbPPu0CS9K/jTtTwt960zYTXpk2brA7Fk5yHtvlJ2dy5WrRosQ4/7FApwawtf06bZlv2+8SJWrHSPnuJ1c79+qp58+ZZH9rmpLKyUi+98lrUssWLl+i773+Iez/rzGq//PqrHnjI/axvA/bey3GYodPQtqRnCXTh88+/sC3r3q2bttt2W0/rOfQff7cFSaNGOQdJn40aZVv290MO8bQ9STrowAP10cfRPYpGjR7tGCQ5bfNIl5VEhl7bbaett+6i+fOjP6n/+ptvddih/3C9jmOOPkrvf/i/qOUvv/KarrnKeTY5J4n+Htxxp73n1cBT0zxrm8+H2Ywabe+H5bZ6zHDIwf9nWzZ58hQtXLhInTtv5Wodxx17jB5+9DHNmr1pRsR58+dr5OgxOvTvzsd9Muc4pz5n5517juf1AI3RokWLtWjRIttMaX37eGt43aNHiS1Imjd/vvbea0/X6+jYsaOqKqs8bReAfxEk5cCKFSsUDke02WaF2mKLLRxvEwqHo753mqqzlv1NWTAYTMt+xmJ8oPjd9z/o/CFD65c/+tjjmjR5sp549BFPPVi8TPecDbmuSIrl408+1bkXDKn//s9p03T0scdp+Ftv2maByjp/PmT1Xn1tmJ55zj40wi1z4/h4vhw7Stv36uWLiqTKyio9+LD7ACiWX379Tb/8+puHe1zmHCQ5VCRlcra73//4w7bswAP297yefQYMsK87xqfnv/9uX77PgL09b3PA3nvZgqQ/Jtqnbo+1fJ997PucyD5776235kcPBfxj0iTXQZIkXXHZpbYg6bVhb3gKkuL9PRg3frxGjbFX45xz1pmu1+9uJ/x7QptZWqpVq1ZHLWvSpIn22H33mPdxUlRUpB22394WnP8xcaLrIEl1E1FYJzN44cWXYgZJXs9xzz7/Qv2QZMPWW3fR0f880tN6gMbKOjOnJPXsUZKwT6DVVg7vMzes36A1a9aoRQt37/k3KyxUcbtiT9tFbOtWSKvLpdUV0prK2u/XrZA2rKn9V7NB+muDFKkbdBIokAqbSJs1kTZvITVtITVtLTVvLbVoK21RLG3RTmrWOte/GfIFQVIOrFi5UjU1NWrWrFnMIClsC5Kcn6qwy0/3mjRtqkMO/lvt0Lj6fxGFI2EtW7bMcXrPU085ZdPtTcPpmrdoodVr1ui6G+3NY0ePGavDjzpar738ouumnXBn330GqPeOO0RN5T5r9hwde8LJ+uC94RmdajsZ5517tv6RRDUG7G67407XQdgP334V1SfML5Y69EgyH7OTJ0/RmM8/1/jxv6hs7lyVzZ2rNm3aaKtOHdWjRw/tvdeeOvywQ10f5zNmlNqW9XGY3jgRp0rQ6upqVVRU2qoBp8+YYbttvBneYumzk30/nS4G5i9YoHWmylXVhQo77rC9523269dXb1l6Ss2YYd9mPD179tAB++8X9feksrJSw98d4Wl4Xyy33n6nbdklQ4fkPkjPIqfnpPeOOyS1rt69d7QFSTNL7a+beI7519G65bY7tLy8vH7Z9z/8qD+nTdMO23s/Ds1WrFihhx+xNxW/5cYbUlpvQ3TGoNPUrrhdTra9+WabpbyOfN9/P3PqCdW169ae11NYWKi2RW20ctWqqOUrVq50HSRJ0pbtcvM8NwSV86SqhVL1Qql6kbRymfRX3VuASN1nuvG+KiRtXCv9tVZaE6MwbLNmUusOUutOUlHn2n9t3bXSQiNEkORTIUvPolgVSU5l4tbyVUlq2qSJ/n7w3xzX8eqwYY7LTzs1fsPMN19/RUMvvkxTp/0ZtXzmzFIdesRRevP1V7XrLjvHXUc2vf/Bh1El+LFM+P132zI3Q3v+ccjBSV2outWmTRuNeOctHX/yqZo8eUr98rK5c3XciSfrg3eHq52PPunp0T3zU7sjf1h7JLVu1UrNmjXTjJkz9Z+77tGYsZ/b7lNdXa3q6mpN/XOaPvr4E912x50675yzdMVllybsBzPNIdTpmUSPqKZNmzoO+5pZWqri4k29tpYtX26bIU+SSrp7D/V6lHS3LVu0aLHtk9/p0+2/YzIXCIqxn15DBdX13rF+MPHcCy+mHCR98L+PbFVm7bfcUpcMvSil9eYbp0CxJMneZz172O83Y6b35/yMQafZ/ka+9PKruv9e+5A0Lx557AnbkOK99tzD8zC+xuDMQae7nkHLbPbsOZpTVqY/p03TrFmzNWDvvdIS+nqV7/vvZ/NNDfENyfYnLHIIklauWOlYrRTL5ptvntS2G6ONa6Xls2v/lc+RKubFv33Ew9dYgdPGdVJ5mbS8bNPy4q7Slt2lLUtq/22expHkyG8EST5VU1MT9b2XIMmLtWvX6rvvnHumLFq8OO4fh627dNHb/x2mG268We9ZhjOsWLFCx590il549mn930EHprSPqZg8eYpKSrqrefPmeu+DDzXWoW+KG26GCHXq1DGjQZLqZuYZ8fZ/dfzJp2rSpMn1y2fNmq3jTzpF77/7toqKEs+ol3YOh6Ffhwg2Fm3bFnlqnJsuscJD69C29h3a66uvv9HZ512gtWvXulr3hg0b9PiTT+un8T9r2CsvOTabNyxZssS2rEOSs8R17NDBFiSVzZ0b1bR93jz7m/XWrVt7aoBsaNOmjZo0aaINGzZELZ83f35Ulcc8hwuETkleIDhdWJSWzvK8nkMO/pu26do1qjny5ClT9dO48SnN4PnoY0/Yll1/3TWePglvCKxNpyWpU5LHdYcO9vs5XXQmcvppA21B0vAR7+n6a69O+u/RqtWr9err9g+5/nPbrUmtD3Z/TJyoQ484KmrZ5KlT8yaIyff9zxanauCiNsm9Lps3t59vV69Z43hbJCkiLZkuLZkhLSutrUBKWGqUxNdAgq/m21fOrw2xpn8jtdlK6rBt7b9Ovfzf2gKZRZDkQ3/99Zdt2eabO5feRsKpBUlff/ut/tq40fFnl1x2ha64/FIN2Ct2VUnTpk314AP3qU/fPrr5ltuifrZu3ToNHHSmnnj0YR137DEp7adXpaWzdO8DD+rjTz7VlD9+S28j1ix4/Mmnoy4i+/TZSf+omxWvVatWevetN3XsCSdFDXObPmOGTjj5VL379n/Vpk2brO7v+g3rbcs2i3HM5sItN92gW25yNxxi5KjRGnzOeVHLxo78VL17Z3jmuzRr27Zt9puux2Ft4r1kyRKdctqgpNb188+/6LiTTtHHH7ynJk2a2H5eVeVcsx1rcoNE2hXbK/1Wr14d93tJKVUItmtXrIULF0UtW7Eiujpj9Sr7NtsmeeHu9Duq7jzutZfG4DMH6dbb/yPVDV8ccsH56rNT76T2y/Dh++/qpZdf0bPPv6jq6mr17dMnvTO15QlrfyTVvdaT4fScVztU1SXSfsstdey/jtZ7H3wo1TVev2TokJQ+1Gi5xRb65ouxevypp/Ta67UzCp526ikZOw83xg8++vXtq1132Vm/TdhUhe214Xou+Wn//Xz8rF1n/6CmZUvnthqJNG9u/1uwMcY1BLxZWy0tnCItmiotts754qXUKE1fI6bvI6bvKxfWhlt/fiVttb201Y5S595S8+xedsAnCJJyoOvW8YcebNxoD5KaxfhU222PJCcbNmzQ6DFjY/587dq1uvW2/+ikE47T2WcNjruuMwedrh22314DB52pNZZPJ4Zeerl22GGHpPp2eDV33jxdfNkVenfEexnfViY98eRTUeXDp558Un2QpLowafhbb+qY40+K6ssyZeqfOunU0zX87TfVqmVLx3UbvWg6deqkk088IS37u3btOtuyJpQvp80Zg07TIQ5DUysqKnTehfkxtMdaPWO9IG7RooV267+runTurOLitpo1e45mz57jOIue6o7jG2++1XH4zJo1zhVOyVavNHMIoldahtxYz3uStPlmyb8GnMIb6zbWrLVvs0lTe7CW7PZU91h6DZJOOelEDX93hM4afKZOPfmkpPbHqlXLlrrskot13jln69XXh2m3/v3Tsl5rjynVDQX3K6fjzClMdcPpeV21cpXjbRMZfOYZWrhosYYOuUAH/80+I1wyunTprHvvulNXXHapnnr6GV0ydKiLeyW2bp39gw+vx3guWVsfKO6ELPGdNvDUqCBGksZ+8YXOOP20pPcvkXzf/3w7ftat22Bb5tQCw43NCu0fEDp9+A33Vi6VFkyq/Ve1sDa0CQScv2aiMqme5ftAjO8Dptsvnl77b/Z4qUsfaes+UqvkCmSRpwiSfGjjRvtJP+bwiBSCpFGjx2ilizeNb771tiZPnao7brtVW8S5ENtzj9017NWXdcppg7R+/aY/tLfcdENWQiRJuu6Gm2L+bIfte2nNmjVat269rddG/1138TRue8OGDbY3Ly1jNE538v0PP2rkqNHaY/fdtOeeeyQ1DXpRUZHeffu/+ue/jlXZ3Ln1yydOmqRzz79Qb78ZPSzg9WFv6pHHH9eiRYulukqB9AVJ9gv35o1syEkmddtmG8fm9YsXL3a9jrnz5mn4u5kJWBNVPjn1DjL07dNHN15/rfbbdx/Hny9dtkzXXneDRo62z9Y17M3/6pSTT7L1YnMKWFLhFORb+0Q4hVebpdDE1emcbw+vnLaZXHgV60Jo5cqVniurWrVqpbGjPktqPxJp3ry5Ljz/PBe3dKeqqtq2rIXD8A2/WOsQfCXbLNjpGFu9xl7x5MZu/XfVByPeSeq+iXRo31633WKf3CNZTuejFi3yp2p51Sr7+7aWLVtqypSpOvjQw1Ne/7XX36hrr78xqfvee9edGnT6wLi3yff9z7fjZ9WqVSosjA7qCmNM4JNIgUMAtfEvKpKSsbpCmjtBmjdBWmEZiR+J2L9GjDBHmyqGAgm+uq5AksfvA9H7V7lQqlxQ+/tss0vtvy3807IVGUSQ5EMbNthPyk2bOr/Jt1YkFTp8WuBkxcqVGu3Q3DaW3377XRdedIkefvC+mEMgVNcI883XX9WgwWdp9eo1uv2Wm3XuOWe53o4XTuO+47n+2mvq/3/73n2jmniec/ZZ+tdR/3S9rmFvvBkVJDVt2lR/+7+DXN//+x9+1AsvvawXXnpZqpvt6Nsv3T8fhnbtivX6Ky/p8KOOjqrw+Obb73TL7Xfotps3BWtbb92lPkRS3QX6O8NH6MQTUu8nsMYhSGodp38Nsm/u3Hmuen0lI1GQZG20bTjxhOP06EMPxr1vh/bt9fKLz2vYG2/qqmuvt/380cef0KsvvRC1LJVKICd/1dg/cbW+EXeqBApHwrZlboVqEn9q71SJEnb4tD8VBYXJVQrkC6ehXE7DN/zCKTSqSfI5d+qxGGuG2IbEOkRUkpo3828QYOU0vLFjhw6qKK/Iyf54le/7n2/HT/PmzWzDz0LhZP82OZwzgg37b0S6/bVeKvu19l9982wXIyOtNwnEWG69TdxZ3FLhsEMrlkoTR0oLp0rd+kvd+0ubeW8TiTzS8N8x5KF16+2fODZr5vxKjFj+GASD7sZpf/Dh/6LKUXttt52mTJ0adZur/32l7rrnvvrvZ8+ZrcHnnKdHH3pAJd3tswoZ9t5rT3343giNGz9eg89IrgdKLH9MnKhRo8dq5KjRMYe8GLbv1UvXXP1vx/4RRxx+mN586+36799+Z7inIOm5F1+K+v6Yo4/yNGzG+ljHGobmRs+ePfT8M0/r5IGnR+/j8y9q77320qF/P0SSdOAB+6tvnz6aOGlS/W2efva5tARJTpUxN992e9wKtmRdcdml2nefAUnd95zzL9Qnn3qvlHDzKenNN16f1kqJhsTaH0l1webd/7nD9TpOG3iqZpaW6rkXol97o8eMVXV1dVRfsBZbOB9369evT6r59fr19ipR62vW6Vjf6PChgFtOQ66szcWdPgXfmOQwA2uFlWGLFtGVlk4NbtNp0OCz07au008bqPvuvjPubaxVXpK0RQrn40yzPh+S9JfDcHg3nI6xLRxeO6+9/oauud5dj7lk7LrH3mlbl5uKEqcealt4qCjOtVWro1+ryQ5tzJV83/98O36aNXMIkkI1MW8fj3UiIMUYJjd58hQtWrxYhYWFKigoUGFhoQoLC1RQUPt15379ktp+vls0VZo1vnYYW7ol2w4pKdYkyvJ9+TypfK60dKZUsofUOb9ajMIDgiQfsvZAiHVRJElhS5AUCAQTrn/c+J81fvzP9d/vvffekiKaEp1t6MAD9teiRYv04suv1C9bvmy5zj7nfD304H3aZefo4SRmO+6wfdqGs82aNVuvvj5Mn44caWs+66Ske3f9+8rLdczRsS92jj7qyKgg6auvv9H8BQu0dZcuCdc/cvQYzbRMkXzySd6GiE2eMiXq+759+ni6v9UB+++nm264TnfcualfTP9dd9G+A6IDl8svvTiqkfS06dP11dff6MAD9k9p++ZKJ4N5Vrl0Kq/Ij08tscm++wzQ4vllKa/n3LPPtgVJkvTjT+N02KH/qP8+VoC5du3apIIkp6EYzS0hjlOQ7NTk1PU2V9u3ad2GU6jgdgY8K6fG3ZJUXJxcI+d84TRMZct27XKyL244vR9I+jl3aBDfqmXDryRd4RAebpnE8PJcWWmpiGnTunXO9iUZ+b7/+Xb8NGvW1Haes84I6tYGh8baqQzhbizWVkuzfpJmjZPWrcrMTGexKpQyVrGUaEMBaf7k2kCpx55Sj72kFjTkbnAIknzI2veidZw3dtahEwUF8c9OixYv1jvD341a9s8jDtNHn3zqePtTTzlZs+fM0ZixX9QvW7VmtabPmBk3SPJqTlmZpk79U7//MVFt2rTWRRdeUP+zmaWlev5F+8Wjkysuu1RXXXl5wtvtv99+6tKlsxYsWFi/7O577tNTTzyW8L633hZdRdG3Tx/tsfvurvZPdZ9mWYOXvn1TC5IkacgF5+uLL7/S9z/8qP677qK33hhm+3T50H/8XT16lGjWrNn1y55+9rmUg6SFCxe6uBX8Zrf+u3p+E7i8vDypaeHToUuXztqp946abEm9J/z+e1SQFGuWxvKKiqRmuFrmMDTPOjta69b283R5CkM1KioqbcuKLLMxtm5jvwBLdptOww+TCd3yjVNFUscO/u0W6nTRnWy47vScW6veGiLrc96sWTPHSiy/WmUJAFvVnXu6ddtGI955y/E+y5Yv14UXXRy17Lhjj0lbM3xDSUnsanVDvu9/vh0/Th9yuOmP6mStQ18+L/1FG6PF06QZP9TOyJaV5tmmr5EY37v5GrPpt7E6h++dmnevXSVNGitVLpK2G1A70xsaDoIkn9m4caOtdLSVwwWKIRyOzoyDccYqr127Vi+/8qr+Mq1/zz1211ZbxZ8m9cbrr1NlZZXG/VxbxdRnp508N2levXqNpk2frhkzZ2rp0qVRP5s4aZIG7Hdg/fc79+sXFSTttecerrezW/9dXd/2sksu1r+vvrb++/c//J/OPeds7bJz7JLbRx57XHPnzYta5nWK9Z/Gjbct69e3r6d1xPLEow/ryquv1bNPPRnzjc0Zp52mm2+7vf77b779TlOm/qneO+6Q9HZnzJyZ9H2ROy8+/6znRu8j3ntfQy9NHNZmys4772wLkpwaJm+37ba243L58nJtt+22nre5eMlS27IePUqivu/erZvtNuvXr9fq1Ws8X2Q4VfipbhirWYnDNsvLyz1ty7BkyRLbsp6W37EhWuAQgm/Z3r/VBd2785ynyvqcd+rYMWf7kozly6Ofb6MfYYsWLTRg770c7/PjT+Nsy/bYbbeYt8+kfN//fDt+ttpqq6gPDyVpxcrYE2DE4zRrZKtW/h0KnEuRiDTju9p/qys2hSwBU+lQQLWhTayvxu1y8TUQ66sstzd9H5VbBaJ+pIVTa2eo225fqde+pscBeY0gyWecPiWI1z/HOo1qMOg8tO2vv/7S8y++bPuU+7hjjpFcTP52x+236ozBZ2vBgoW68fprY95u5apVmj6tNjCq/VeqadNnOL5hjWVmafSwsTZt2qj3jjtoytQ/65ftvvtuOvigg3T3ffe7Xq/VwFNO1iOPPR5VlXT5lVfpq89HO95++owZuvf+6MbAffrs5Dgtezxff/tt1PdNmzZNOAzQqSmqk44dO+qN116Je5uTTjxed95zb1Rp81PPPKsnH0u+EbP5uVHdcJhkLtitVq1ercmTp7i4pTvWx7FPn510603Rs7uMGz9e9z3wUNSyB+67xxYUDBl6Scwm0m6fr1Tv53jzmKtIubVi3TbTs55kdWjf3rasotJevbPttj1tQdLM0lLtM8BbP5bl5eWqdFh/j5LoUKdp06a2Kkdjm/HCaSdT//zTtswaXEnSdtvZX2Oz58zxtC3DtOnT7et3eA33KOkRs2rAq19+/U1333tf1LLrrr5Ku+3WPy3rd1NZ9Oe06N+7devWnmbgzLbttu1pW2b9m+nW9OkzHNZvf87//veDbSFmsoa/O0JvvTM8atlzTz+p4jiTeHjhpqJkmuU577r11mnZdrZMs/SHdLP/TueFLl06p3W/3Mr//c+v42frzvaWDYtjfFiRiNPf2tYOVZLdu3fTVp23UiAQqP2nuq8BKdAIEoQ11dK0r6Xp38auEIq4+JqRCiaD1+8t3PRgCli+X1kh/fKhtKZS2v4Ahro1BARJObBmzZqYjZmdZpBxOkkbIrahbc4VSW++9bbtU5S//d9B9f0vEp3XWzRvrrvuuF3ffv+9epSUaNWqVZpZWqqZM2epdFZtWPTnn9O0aPHilC8016xZo8WLF6tTp071ywbsvbeWLy/XCccfp1NPPkklJd01f8GClIIk1c3kNmToJfXfT58xQ7fe8R9buCBJFwy52Lbshv9n777jpKjvP46/90BAOlIPOECqCBopUg4VNRpjxN6jMbZoTLVFYxJjNNVuTDS2WMgvCWrUFBM1amIF7GI3NvBAUARROtzd/v7Ym2N25ju735md3Z29fT0fj2OYudmZ787M7u189vP9fF0jwdl64okns+ZtMq7i/MPbvXt3HXjALN1x512ty+6+56+66IIfR6qH8trr/qLnxx17rM45+8yC2/rc8y9o1oEHF7wdh/c49uzRw/eNpqmry0477qhx47KrBQYNl27YVycTAAAgAElEQVTaT9T25V/ftDBw7ShNMuyzvB8CTQMKmNo0aqT/hjtKUHLBgpd8ywYPHmTMMho9apQvkPTKK6+GDiQteMm/zzGjR/uW9ejRQ3379NFyT0bKSy+/HLru2ouG52naZ9euwVkDYZm+3R47druSZhl4bwq3GzOmZPuOwnhdewscWjKe8zH+cz6gf//Yuvs9/cwzvmWTJ03M+ntfTKtWrdIyT1b0KENwLqk++GCprzC+Tdf4Z599zrds2NChsbbNRqW3vxKvH1PA7f2GhtDbWbduvdasWav2npE8Td1tu3TpEmoAmrZkZYP0+qPSImdg57AZPzkyhYIylkJlMCnifMCv8+3G+5i0pDcez9SKGru71Dt/aVokGIGkMvj0s88C32C9BfF69eplHBHB4c1IMq07d+5834flrt26av/98o9E5TZ69KjWb8CPO+Ekvf3OO9q8uVFNTY1qbGxSk2E0hyhqa2u1cuUnWR8sv/Otb+qin/w4lu27HXzgAfrHvf/Uffc/0Lrs+htu0i719drr83u2LvvBj37s+8b+K8ceo5m77Rpqf0uXLtU772Z/szZ9WulTs79yzDFZgSRJ+uvf/66TTjg+9Laee+5537KpU+xrRqHtu/7Gm3xDPh91xOGRvlE2dfsaaLgJNQVoH/7vI6H39/gTTxi2PdW47tSdd9Z/PPt48OGH9ZVjvxxyn3N9y6ZPM+9z8uRJWe9fkvTvBx8OHUiaN3++b9nUqW37dbx27VrfDZUpyytJamtrVVc3WA0Ni7OWP/Twf7L+ZuXzzjvv+m6IJWnChPhqHybRG4YsrDEJP+duptFqx22ff0ikxwzvYzNm7hFLm8IMpFDp7a/E68cUHF/0foNWffppqELnDYv9wacePbpTI8ll2VvSqw9Ly6IlifrYjriWjpigVGy52r/wRWnDGmn856UByX4JIYf8Q3whdo2NjVq3zj/s7po1a9XYmD2Mb58+udO9bQJJdXX+cO+hBx+cM6Min6FD4vsmqH+/frr80ot179/u0dtvvKrnn57ny/7IdxwKceVll/i+bT351NP05Nx5kqQbb7pZt9w2O+v3I0YM10UXnB96X+6i5Y5pZbhZmzxpoq+r1l133xNpW4889phv2aSJ9rWq0Pb98777dfmVV2X9PGq4bmyYamUMHTrEt2zmbruqW7fsLkrLli1rfV3beuDfD/mW7bvPF4zrfvGL/uUPPvRwqALYH3+8Qk897a+jtu8++xjXN7Xl7nv+ar0/SXr0scd9gb7evbfR1Cn29ekq0Zv/89d2i2u00WJyF5Z3hH3//pcn+ChJe+6xe86u9G2BqQvn2LHR6wOWmqn948flDsQseOmlwLprhQo7eEFbbH/Sr58ePbpr7Hb+NrpHb7ZhGmRjyBD/395qteQ1acH9MQWRImQPpfJMZZhGyYqKc7rsHenF+6XF0ZJqkQBkJJXJZ599ps6dswM5H6/wF8zsvU08gaR+/frqg6WZOkUjRwzXlJ0nR2x5xjDDjVuQ8eO219ChQzV61CiNGL6trvz11VlZOf3794995I0wevTood/8+kodftSWrIGNGzfqK8efqFO/drKuuvo3Wet36tRJ1197TaQRjR548EHftsKM+BbFzD331sEHHaBDDzlYdYO3BBWPOPzQrJpPL7y4QO8tXGgsGpyLt6veuO3HJnoEE2zxu+tuCJ1+bqrfk8/Y7cbomWeezVr2z/vu1zFfPjrUdp54cq6xVsY+X9jbuP5ee+6pe/7296xll15+pXWdpLvuvsdXXL9jx47aY/eZxvVHjxqlbYcN03sLs7/hvuZ31+mC839otc/fXHONb9n48eM0aJB5UIQv7L2Xb9l7Cxfqr3//hw46YH+rfV5xlX+0yqDAVVvyuuFaLvb7cRz23Wcf3XDj77OW/fXv/9DZZ55hrKXltXbtWl1/442G7ZoDpG2Jtyt2p06dNLGCsrBe89QjHFJXp549cxcamXP7nTl/X4iuYf9+VHr7K/T6mTplst56Oztw/sC/H9TuM3ezyihasWKF3nr7bbVrl32PMXRIsutDlUrDK9JLD0ifxBXvNKUc2cy7pmlJKc98vmnasH7Q9uOaLl+UCSalm6W68cGHBMlEIKlM1q1fp82bN7cOvd3c3KxPVn6StU7nrbfOOxpCY1N2jaQO7c1DeU+eNFF/v/df6tSpo44NefNmMsQTSOrVq5e2HTZMw7cdpmHDhmr7sWM1bNhQY1DihptuLnj/cdtlRr1u+N01OuW0b7YuW79+vS+IJEm/ueqKSCOcrVu3ztftpdi1QFasWKn/vfWWLr70cl186eWaPGmirr7qCm07bJgOOfggX/Hwv9x1j753lv2IXA//57++egdtPYuhLbnuBv/NZDHsv99+mv2HP2Yt++8jj+qZZ5/TzpaFlT/55BOde54/GDNhp89lBUjdTjj+q75A0lNPP60HH3o4b5H8z1av1sWXXe5bfvSRR+TM5jzxhK/q/AsuzFp26+w/6LhjjzGOuOX27rvvGd8fTzz+q4GP6dGjh444/FBfV9WLL7lMe39+z7yBwn/dd7+xbs3xXz0u5+Pagkcfz+4u07Vrl4rISJo2dYrGbredr5vQT376M/3h1vx/X39zzbW+gTd69eqlgw48MO6mJs4jjz6aNV8JQQC3Rx7LHqzDm73t9dHy5brjL3flXKcQuUYVNqn49lfo9TNzt131l7vv0ebNW3o9fLZ6tf794MOatd++eR//yKP+DOK+ffqEzuhqixa/Jr38YCaIFNR1LHRXsnwbCJp3TVMB897l7qm3qHdQse9Yi3+nM8fupQelVI00OH9PVyQIXdvKaNWqLUNWf/LJKjU1ZweFBg40fwPt5q1L1H4rc2xw4oQJkqSjjzoyljf+yZMm6sILztefZt+qF559Ws8/PU933fFnXXrxL/XN076uPXafGTqzpdz2n7WfrrjskpzrnPu9szQrZG0px2OezB1J2mdvcyZFXFZ+kn2z8Oxzz2v9+g1SyzeB3qBP2C4xt87+g2/ZQQceEKmtbckeu8/UWWec3vqTKxBQiLVr1xVlu3HbZUa9RhhGUzrltG9q6dL8X+G9+trrOuTwo4zZSKd/118E37Hz5EnGjJ2vf/PbejVPgeLjTzzZV4emY8eOOuP07wQ+RpJOPvEEX+2nDRs26Mtf+apx9DfHR8uX68hjjvUtHzF8Wx195BE59/m9M/2F7RcuWqSTTz0t5+NeXLBA3/quP3C8/6z9IgXLK8nGjRv10MPZXY3rp4cb0a+czjv3e75lDz38H/3sF7/K+bg7/3KXfv0bf9bbN087tc1nkr788iu+13Q5ho+Pav5TT/veQ/Jll3//Bz/SunXZfydOOuF4LW1YGOnnkIOyg409utsHYiq9/ZV8/XTv3l37z9rPt/yf//qXnnv+hZyPffChh31ZtqKEgdRSE+nlB6WVLWNs5KthZFrHOE1veYyTKWQ1H2KqCFO55m0znEzzpumKJdJLD0lL/T3OkWAEksros89Wq7klePThR/6il7W1A/JuY9Pm7JpKHTt1NK7XpUsXHf/Vr2iH8fHkDQ6pq9MhBx2kiRMnhE4NTrLtxowJDLT169tXJ0YoRu34x73/9C37wt65syIK5R1BSp7h070fqhYuWpT3Q4Vj0fvv+27ERo4cYZ1h0pbtsftMnX3m6a0/xQgk3f/vB3XQYYf7ll/5a38WXRJcerH/BnfZsmXa64v76fobb9L69f66ca++9rp+9OOfaK999jXWppg6ZYq+sJc/UOT2ox9839cNdd26ddrvwIN13g/PzwooffzxCt1y22xNrd/VWIvptFNPUb++ffM+V9OojwsXLdJue+6lK676dVZ3uXfffU+XXHaFdv/8F4yv1/N/lL9L3ODBg/Sdb33Dt/yRRx/TLjP30B//9Gd98smWjNcXFyzQ2ed8X/vOOtB33Dt16qTvf+/svPusdI889rjvuX9+j3iK95bC3nt93jjYwzW/u04HHHyo/vmv+7JuwB97/AmdcNLX9J0zzvI9pq5ucKSBFirNfQ/827fs83tWzjm/7/77fcsOmDUrcP0//nmOrxB/p06ddPp3goPv+Xy8IrveW/cQgZiKb3+FXz+zvrSv+vT2l8u45bbZuuW22VklJzZt2qRXX3tNN996m/Ez4eBBgzRwYGlGWkyqFYulV/8rrWiwqwnUWrMoZZ5vXd8137puwHzW+iX+SXmm3uW5fudd7vx83CC98t/MsUVloGtbGTU3N+vTTz9VuuVN261///6t3d5y8T6uU0dzIEmSxiW8IGA5bdy4UZdefqWu+d11get8tHy5dp25p37585/qS/t+MdT2V69Zo3/+676sZePHj9OAAfmDhYVYuGiRb1nv3lsCZfvuu4/O/UH2jepdd9+jSRMn5N321YZvtb/y5XCjU1WyDz/6qGz7vnX2H3TeD83F3u/8y13q1aunLvxx9u979uwROPJXKUyfNlXf+dY3dPVvr81avnLlSv3kop/pJxf9TDt97nPaeutO+vTTT321KLwGDqzVNVdflXe/o0aO1BWXXaJvfCs7k2jjxo26dfYfdOvsP6hnz57q36+f3vyff0Qex2677qJzv+e/CTfZ70v76htfP1XXXnd91vIVK1bq0suv1KWXX6nBgwepsbFJy5YtC9zOt75xmvYxZFSZnHfuOXr+hRf1xJPZI7698+57Ovvc83T2uedpzOjRWvbhh77RQd1+fcVlGm7IHmtr7jcUmw4z6lkS/O63V2uf/fb3ZUk88+xzeqZluPTx47bXW2+/o40bNxq3sfXWW+u2m2+KVPOv0vzrvuxARt8+fbTT5z5XtvaEda/nM8TOO08OvJl3gsVep516SkGDlyxfnl3LM0xGT6W3v9Kvn06dOumsM0/XRT/7ReuX2I4FC17Sq6++pk6dOmnAgP76aPlytatpp/bt2/nqInXr1k177rl7iVufLGtXZYJIHzgfGcLWBpJ/3l2TKC1Phk+O+SRJG/6fa9rawy21Jevpg/9JHbaWJu8vdcldPg0JQCCpzDZu3KhPP/vMt9ymgN3mzZuzusdJ0lZbMQxnWH/88xxd+eurtWTJB3nX/Wj5cp10yte1/6z9dPEvfqZevXpZ7eNf993v+yD/JcPIO0HS6Wh/LV5++ZWs+VGjRmbN9+3TR/XTp2nuvC1Df//17//QL352Uc7tNixerD/Nud23/PDDDonUzkrw/R/+SCml1Lt3bz3x5FxfNoPpm75imHPHnYFBJMcNN/5ezU3N+umFF7Qu23GHHXT3nf5zVkrnnXuOPv54hfHaUcvNg42BA2t11x1zAgtQex184AF68803jV161NLN2Pte6jZixHDd8DvzY4Oc/8Pz9Nbbb+vBhx42/t6UfeT2xS/srR+ed26ofd543bXa74CDjV0AJeUMlEnSWWecrgP2D84QaEvu/3f2wAc77rBDxX3D3qtXL936+5t00KGH+Ubdc7ySpwvnb399pcZul/y6UIV65513fdf/F0P8DS4308hlQcX0586br6+eeJJv+bChQ/XN004tqB0fLc/+AqVPnz5Wj6v09lf69eMYOmSITv3aSfrd9eb6iJsbN2vp0mVq176d8fcdO3bQvl/cRx1zfGnd1qXT0uuPSYsWBNT8aV0x3HzQwGy5BmzLV4KonPIlaZke4LR70UtS5x6ZYFIq8AFIArq2lUmXzp01ZEid0mlp86bs7mkD+vfPWczV4R1NSC1v8tWi0VMfKqw5d9ypaTN209nnfN8YROrfr59++fOfqq7OX8j3H/f+U7vtuZf+9o97rfZ1+x3+UUcOPeTgwPVTnnfOZR/6uz7ms3rNGt/N0nZjxvjWc9847rvPF3TdNf4RnLxM3xSecvKJ1oG1SrR+/XrdOvsPuvzKq4zDs48cOdL4uCAbNmwI3YY33nxT3/+Bv9tUz549fV0yb7r5Fn1p/wP1v7eS1eH88ksv1rnfOytyBsRXjztWjz78kIYNHRrqcd8/53u68bpr1aNHj1CPO/aYL+vf/7o39OMkafYtvw8dDJKkC87/oW75ffhC6D179tQD/7pXRx5xWKjH9erVSzffeL3OPvP00PusRLfcNtsXOAx7zJJi+7Hb6b8P/jt0tuHIkSP0wL/+ETq7tlJdbRgN8cjDK+ecX/O7633LTDVv7vzLXTr0iKO0Zs3arOUdO3bUzTddH3qUTi9vkXabrr5qA+2v9OvHbcrOO+v8H5xn/dwdQ+rqdMzRR6l3lRfYfuOJTCApsCZQ2lMDyDQvw3yexwbVHcpVn0jKrmsUdhq1/lLOqWW21WuPSa9nj4eBBCIjqQwG9O+vDh06aM2atVr1afaH2VSqxhi48Fq+fLmefto/0k7PHtWTB/jigpd8y9q3z31Jr1+/Xn/80xxde/0NOYv87j9rP136q1+oR48eOuyQQ/SjCy7Q7Xf8JWudjz9eoa9/41u69LLL9bWTT9IRhx0aGAD87re/pYbFi1uzEGbUT9eQuuCssz59+2Rlqv33kUd16+w/aPSoUTmfn6Nh8WL9/pZbs+qiSDIW0N33i/to8eIl+upXjvUVCTb57bW/02Oe0Y56995GZ51pP9pbJdqlvt43MpZj3PZjNWGncCnuTz/zrG+ZN4Xcbf369Tr5lK/7MtumTZ2i226+Sd27d9cFF16UNerXCy8u0Mw999bkSRM1YaedNGzYUI0YPjyw22z79u3UpXMXde7SWV27dlWXzp3VuXNnrVixUqtWrdInq1b5utM60um0Fi5cqKXLPtSpp5ysbl27Bj6X07/zbR191JG69LIr9Mc/zwlcz+3QQw7Wt795msaMHm21vsms/b6kKVN21o033azb77hTyz/+OHDd/Wftp5NPPL7g4eC/9Y3TtM8X9tYNN/5ef7n7nsAAYpcuXXTYoQfr1JNPzju6Wy5du3bRVZdfpsMPPVS/v/kWY10Px4D+/XX0UUfqpBOOz+ry2patXbtWV1z1a9/yQw8+qCzticOgQQN19523666779Ft//dHPWN4b3GMHjVKx33lGB375aOrJqvgjTff9L13jxi+rVUX7iR49bXXfTUWd91lhvq6smk2btyoC3/6c91y22zjNi67+JcFZ549OXeeb5lNFl+lt7/Srx+T4cO31QXn/1BPPDlXT86d6wuwuQ0dUqcJE3YyfhFZbZa8kQkkBaXVhMoQypVqlGvecpoKmPcuz1fXKe2aepdHaVeY5/vGk1L3vtLgtp80W7EIJJVBhw4dtGnTJn1oyDIZUjdYHTpsySp6+ZVXlErVaKut2qu5Oa2mpkatWLFSDYsXq6mxKeux7du3q7jUfFsvvfyybvz9LaobPFg1NTVavGSx/vq3f/jWGzp0iPHxTzw5V3ff81f97R/3+kYAyXr8kCE6/4fnab8vbRkO1bkxO3D//fW975/ny15659339P0f/Eg//fkvdeThh+mrxx3rC/jM3G1XPf7fh3Xp5Vfq2uuuzzsKU93gwXrnnXezluXrzmRjt139xVn79e1rnTVx3/0P6Oe/vNi3/Lxzz1H3bt0Kbl+S7brLDOPyvn366NdX+IeJf/Sxx3XbH/5P2/Tqpd69t8nqdrp4yWL9/R/+4uu5gsgXXPSzrGKYaql/8n+33dL6Le2FF/xYzc1p3XTzLVnrPfvc83r2uectnmXhunfrZpXZ0r9fP112ya/0rW+epvsf+Lfmz39an63OBE+7du2q/v37a9DAWk2csJMmTpgY24hSzvX+w/PO1aOPPa5XX3tNr7/xplatWqVx47bXmNGjteuMGQXV4fAaNXKkLr34l/rJj3+kx5+cq9dee02vvPqa2rdvr7HbjdH4ceO06y4zYq1TM6N+umbUT9eyDz/U3Lnz9L+33tKrr72uXr16aex2Y7TD+PHaZUZ9bPurFNfdcKM+/ji74O4xRx8VKeMsaQ495GAdesjBeueddzX/6af1v7fe0ttvv6NBgwZp9KiRmjRxYuiAd1vwi1/5R2M95eSTy9KWKC697Arfsq+ddGLr/+9/4N86/ycXBnaX/d5ZZ+iwQ/N3O7/6N9eoOd2s0aNGqWfP7C8lX1ywQL+++re+x9h88Vnp7a/06ydIhw4dtOceu2vPPXbXwkWL1NCwWMuXf6zVq1er/4B+6t+vv4YNHdKmM83DWPep9OZcaXXLnw+bGkCmmkGSIbIU13yIaTriVOmWIFLI/UXp+vfZiswx36Y209UNyUMgqQwaGxu1dNkyX7G7rl27+IovNzY2atmyD9XY2KjGpiY1tUxNxo8bZ1WguxINHjRIf7nr7pzrbLPNNsYsn++eeVZgJomjZ8+eOuv07+rkk04IXGeP3Wfqsf88pEsvv1LX3eDvdrJ27VrdfOttuvnW2/TH2bdqzz2yixF26tRJ5//wPB10wP6+WkVeU6fsrEcefSznOmENGDCgoJuI555/QSd+zV+f4HM77qhjjj6qwNYl34ABAzRrvy9pxYoVateunfr166cRw7fVySeeYBz5pbZ2gG/EmXxGDh9uXP7Qw//RH/7vj1nLtt56a93wu2t9qf4/vfACjR8/Thf+9Oe+jLRSmDp1Sqj1hw0dqq+f8jV9/ZSvFa1NQWbutqtx5Kti6dKli774hb31xS/sXbJ9DujfX4dUcLZNnDZu3Khrr7vBt/zbhhHvKtmIEcM1YoT5vaTavPra6746ZQP699dxXzmmbG0KY8FLL+mBB7O7qE/ZeWftvdeWEV//709/DgzCXH3l5Tr8sEOt9jXvqadCf+7IlyVd6e2v9OvH1rChQ0N3F682/5svLX7dleGj7KkM8znjPVEzkvLNh8xYCpraZCgFZSzlnIZ8Pg2vS9vMlyZUXkmyqkCNpDLYuGmTmjzBoJqaGm07zN+dIWgoeq8Rw4drt113ia2NSbPNNtto+La5RxL6wbnfMy7/2oknGperZcSOc84+U0/PeyJnEMnRuXNnXXD+D/XYfx/S7jN3M66z886TfUEktx12GJ838+DkE+OvN3TZxb8s6PGTJk7wFeLt2bOnbrguXBHicrrp+t9pacPC1p87/vxHi0dtceN11+ruO2/XnXP+pGuuvkpnnv7dwOGDR48aFeoc7rH7TI0fP874u/79+vkyJi664PzALlBHHn6Y5j/xqE45OfjaL5adJ08u+T4BGx07dtTPf3ph1rIjjzhMQ4eYM1lR+cZtP1YnnXB81rLvfPubZWtPWIMGDtL4cdtnLfvRD7JrFF78i5/7PlP06NFDd90xxzoIIykruGPj1FNOzvtZptLbX+nXD+Kx+HXpzXm5a/9Y1zAKGHGttTZR0LxhWsyffPs2TXOJsk3n5835mYASkodAUhl06dxZA/r3V6pmS/h12NChxnoF+YratW/fXlOmTNY+JfyGu1wmT54Y+Luf//RCHfPlo42/Gz9+nA456MCsZd27ddMZ3/2Onp73hM747ndy1nMxGTVypP78f7M1+5bf+4Z/vfySX4XalknXrl3097v/ookTdipoOz26d9chBx2oJx75jz6/5x4Ft+v6a3+rY4/5cuv8zTden7PWU7WbYhlUOfKIw3TVFZcF/n6HHcbr7jtvbw0sT540Mes8mHTv3l0XXvBjPf/0PP3mqit0+ne+rQP3n6VJEycUtR7O1CkEkpBcRx1xuG687trW+XPOOqus7UHx/eyin+jM078rtRQMPuGrx5W7Sdb69Omte/5yZ2s31C9+YW/tPHlS1jqDBg3UOWef2Tr/pX2/qCce+Y/qp08Lta+9Pr+n1XodO3bUMUcfpfPOMX9515barwq/flC4zRukt5+RNjj136PWBsqTgdOaEeT5fa5By2yTfUIrQjZUyjP1Ljc9zjkmG9ZmzsHm8GPUoMjo2lYmnTt31uBBg/R+Q4MG9O8fmNXQtWtXTZ2ysxobG/XJqlVqamxSc7pZ6XRaPXr0UO2AAbF0ZxtYW6vtx26npqZmNTU3qaameDHGHXfcQV26dG6dHzFihNXjjj36aNUN3hK0aNeuRjvusIOmTpmSt37Kueecrbv/+jftvPNkHf+VY2Pr6rH3Xp/X3nt9XvOfelo33PR7bT92rEaFHL0ryMiRI/TPv/9VK1as1AcffKDVa8zDO5ukUikNqauzHh49jEt/9Qtt06unBg0cFHqkoGpz8kknBGYZ1dSkMtfv1ClWgcztx26nv911pw4/6su65Fe/sG5DbW2tVX0Jt/Xr1+vTzz7T6tWr9emnnwUW2DYptDg1UGyz9vuS5vzxD3rq6WfabF1BZPveWWeoR/fu6tsv3EhVSdC1axfdOedP+vbpZ+o7Ad0wTzv1FD308H904vFfzarxGMaQujodsP8sbdiwQb232Ub9+vVV+/aZz5cdOnRQXd1gjRw+XDvsML6q2q8Kv35QmHeekxa+HK3GT6ERHW+mT77snZRnWb6SRaF3HKVhOabukeXSnuXebK73XpYGjJTGVl9px0RLbdyUznktlVqHtlniJ1Bzc3NRgzbY4qPly0MPdwokzZo1a2MrPA0AAAC/zz6WHv+z9PH7uWtdJ05LceyUYT7dkuljmm9d3TMfqah2zNN0Wuo3VNrtKKl7H1WtTZvL3YJsRDDKjCBS6RBEQltAEAkAAKC43lsgLX/fHzQyBZGiJOkU7Sft2Ufas++Aebnms9qbr+5TQN2oOKeS9NEi6d0FFicOJUMUAwAAAAAASZ9+JC10ghYhagB5521qAIUZOS3vNBVx3vOTyjO1eYx3eRw/7y2QVn0U5kyimKiRBAAAAACApIUvSSuXtsxEHcbMUAMo7DTS/hRxPgenp5n3oTZNibMb4MqlmZpVO4UbpBFFQkYSAAAAAKDqrflEWvSKa0GhI7UVOGpZqIylmDKSgrKNwmQfRclqsvlZ9ErmHKH8CCQBAAAAAKpew+vSx0uyawwVo+aPad52GpjJlA6eT6dd+/TOpwub99ZJsqmnJG1JV7J9zul05ty8/3r852OtK34AACAASURBVB3hEUgCAAAAAFS3tLT4jeJm1MTxU1ANI5nnI2czKfzUm1Vlk23lzt5qeCPmPnOIhBpJAAAAAICqtuR/mYwkmxpAKc80MVKekdls51ueSMozX65p2jV12uNM339dWvyWNHh0mY4xJDKSAAAAAADVbslbMWT85KgbVJIfedpimDdlFLkzfrIylzzLyzE11Yla8j/r04oiIZAEAAAAAKhaG9dlghM2dY7CjLhWSB0k39Rbt8l23vOjCFM3m8d49xX3z+K3MucM5UMgCQAAAABQtZa9K61c1jJTgowa9zRXTaCsqbbMZ8k3HzNvc7OWpzy/88ynwrY94BitXCYtfTdK6xEXAkkAAAAAgKq1bGFxRmgzTZsjPK7ZZr2YMpai/jTH0ZagecN02cJyXzXVjUASAAAAAKBqfbSo9DV/gjKWcmUoeee9GUrlyFjK97RNK3szlPJmLBmmHy4qtOUoBKO2AQAAAACq0vLFmaBEuiVOYTMttqg1jNKudk74vLT99Mzy1+ZJzz/sb3/Jn086/3zW8U4HT5ctypy7voNL8ATgQ0YSAAAAAKAqfbw4M7XKqAlYp+AaQPnmQ0xTkkZOkCbvI3XunvmZvI80akJhWVF5p6mI856fMKPmLV8slAkZSQAAAACAqvTxkvxZOd4RyLzLWqdpT8aPZ96YQmQzH3LavoP/ObTvYD/ynDcDKFJqVJj5ENwP/fiD6NtBYchIAgAAAABUpdbR2mzkGEEt56hlcWT8RJkGtT/H1LSdrKwgw3yYjKNCf9yZSSuXBjxPFB0ZSQAAAACAqrP2s0wwwjpBJiCzJh0w31oDyDV1Mn2cFfPVAoqSIZQ2PKG0e7nl431T7/OS5/mkPO1NZdZtrXmU8rTNtihVwHTFssw57NLd/3xRXASSAAAAAABV59Pl0uZNngyedMj5kPKVQQpaz/s7U/Hv1nnTg1OFtTtXW7LmA7Ky3A/Ian/KP816XI7p5k2Zc0ggqfQIJAEAAAAAqs7qlZ4MH0cRa/zk404OSilv8lBWU7wZQ1nbTZuXp2qkGQdI4+sz84/dLb02P2LjDZGtrGymoHnD1DYz6bOV0sAREduLyKiRBAAAAACoOqs/yUyNNYyijkLmnY9YA8hm1LKcj/EKeOyOu24JIknSdjtL29RGbL/hWATVU8pVLyrlmXqXu9dfvSrUKUdMyEgCAAAAAFSdNZ9mpt5aQO6smqyaP/nmU54Mp8C+Z575kNN0vqnpybqeY2vtopTUo0/2av3qpJp24TODsg9Y7vm0ez7kYHDe3a4hkFQWBJIAAAAAAFVn/er8dYO8CTPe5aYHGGsAueZz7iDHdHy9tP00qWMn6Z2XpZefzHTPy9lQz3582VdBqxpqF2W13/bAWB84O97drltd2PYQDYEkAAAAAEDVWbcmYBSxPPNp13xQjZ9807CZSFt1kCbssaWw9I67SJ+tyASTfOubuEd8M2USZa+aXW8ptWV+0AipdttMJtAbzxa1XJSVdWvK3IAqRSAJAAAAAFB1Nq4vPKPGm+FjrLfkmQZl+uTK+OnZ1z862TYDcmQwedmu510ttWV+x12kGftn5hs3Zdo0777gOFauuFYkhh1s3BDnDmCLQBIAAAAAoOps3ODKEHKEnbeQqwbQwG2lyXtnMn2WvCM99YD04SJzYlKubcu1nmndoOVB2zStWzdmy//bd5Am7J4JJIWpaWQzzdkwz/zG9ZZPCrFi1DYAAAAAQNVpanSNBuaqDaSAeZnmC9Cj95Ygklq6jY36XPZuciYQpTy/884HrB81e2nrLiG3G3IEtqA6TkEjvyklNTYGPVkUExlJAAAAAICqs3mTvwaQO0Mpq6aQI0JGUpBVK7YEkRwDhgVnFJkWZmUDpXNnHvlGpQsY4S3trqcUuPPs/Xq3GzT1rp+2mLrrWGU9XlLj5uC2oXjISAIAAAAAVJ+UIShkyFAKylgqu5Bt89ZtChy5LWQ9pVwZSd5pUGZS3gyllH8+18hzKC4CSQAAAACAqtOupX9OiIQaYx0gm8eY5rv3ztRFclu6MHsd7+Oz9p32rJOnCJI3Iylw/aAMIfOqW9oRw1RB07R5vh19rMqCQBIAAAAAoOq036rlP6XIqDHMf7ZSevqhLcGkJe9Ib70YsB1T9o2hZlBOqYAfw3opw3rr1+Ze1/SYYv+028rQJhQd8TsAAAAAQNXp0Elavy5kSpLF1J05k68G0JJ3pf/eLdW0kz79WGpqcjUwVyqUZzsyPMy7zJiBFLTdtP/Xi96UhozO/H/zJunluf71bEeGiyTlH6auw9bF3CGCEEgCAAAAAFSdjp0lrXQFKIowTTlTZ6eG+U9XZNfwTqX8m/tkhbT2M6lL9y3tX/FhyJpNubKavMtS/l8veFJa+aFUO0xavUp6/Vnz4/MdloJ49teJQFJZEEgCAAAAAFSdTl1bAhzp7GncGUq+jKGA+XTKMN/Sps0bpOcekcZNlTp1kt56WVr4embdVCp7atKa1GQR2WnNXjJEgt5/S3r/7ezl6RBTp53O41vb7WzOMO8OarnnJWnrrubni+IikAQAAAAAqDpdupkzb4qaUZOPN8PHNf/S3MxP1q8D6jAFbTqdyp4Grh+iblSYaVC9qNZmGJ5/1nFPZZ+Pzt2Cny+Kh0ASAAAAAKDqdOmRXePHHbCwTC4qLkNNoHzzaZsR1lyRmJXLs9f5sEFqbArOSCra1Gmjk6lkOd+1R+SjiwIQSAIAAAAAVJ1uvfwZMRaJPaXNWMqRoWSaT+VquFwZPS3rvfik1KOXtGN9Zv7VZ6UVy4qXkZTvQPvOR56Mpe698jxfFAWBJAAAAABA1eneyy7zJkoNoDDTrOBI2PkQjNlVzdLT/5Gef1zauEHauN7/mLAJRsXmbj+BpPIgkAQAAAAAqDq9+kpbdcwMZR93DaCgqelxWYEYw3yWiEGkXNatCf5dVnNdkSLvvFzzre1PZQfqvPOFTrfqKPXsG//xQH4EkgAAAAAAVadLd6n3AGnp+/HV+Mk3785ASnuya3JNFSLjx7RO2vKxNhtOu+az2hkw7x4NL60QTzrPtHd/qWv3Qp8UoiCQBAAAUIDm5rSamtNqTqfV3JyW0unSFmNNgMw30ynV1KRUk0qpXU3m/wCQdL1rWwJJMdX4CVvDKExNJu980PLQGypgPpXOPTUF3qy6+llM+9TmerIoJgJJAAAAETQ3p9XY1KzGpuZyN6XsMt8wp9XUlFaTpEZJ7drVqH27GgJKABKtb0swIqk1gGym7sel1dJVz2PTpuyMIbkzhbw7DjufZ5oOMXVnMOWb9h3of54oDQJJAAAAITU2NauxsVnN6VLcUlSedMsxam5Oq337TEAJAJKo3+DM1Kn5kzLVACpSRk0xpqm09OYCqcc20o7TM8/lpfnS/xZ42u8cANd8Sobi3yVmm/glSf0HlahR8CGQBAAAEMLmxmZtbmwqdzMqQnM6rU2bm5ROS1u1J5gEIHn6D5YGDHHVSXIz1PaxnarM06f+I739WmZ2xbKsp2RV2yipnKbVDsmcO5QHf9EBAAAsZTKRCCKFtbmxiS6AABKrdmjLfwz1jXyjlpnm84zc5l0e1whx+aYrPmwJIqW2/LRmXqU866c87UwFT8v547Sh9ZyhLAgkAQAAWGhuTmtzY3OSv6hNtM2Nma5uAJA0tcNa6gult9QZCpqXaT7P1F0rKEqGUzqOado839rOoHn3NN+6AfPeYxXHcxo0rCiXAizRtQ0AAMBCY1Oz0tREiiydzhQn71DTrtxNAYAsg7fNjAD28TJXzaEiCVMDyP0Ydykk7/JSas22CpgPyupKp/zz3uW2074DMucM5UMgCQAAII/m5rSamumaVajGpmZGcgOQOJ06S0NGSsuXtiwo43cGNmWQUoblVvJFooLmQ07TrqlTvDvXNGyx8iEjM+cM5UPXNgAAgDyamtMiGSkeTXRvA5BAQ0clqwZQmPpE1o9RxPkCplHqRaU8U+/yoaMjnmTEhkASAABAHtT2iU8zmV0AEmjoKGnYGHcBpMxy2zpIcdcACpoG1lMKGIHN+yWIu86Tcb7IP959ePdtmso1v+0YadhI69OKIiGQBACoWAvf/6D1pxz7RvVoJh0pNsTkACRSStp2O39GTjEyaoIeV9BU5vlUwHwqYP0wuyqH4dslpCFVjhpJAICKNXvOva3///E5p5Rl3zNnTNLMGZNKum+UHkW248OxBJBU224n9X1G+mhJywJDjR5TbZ98NYBMj49Se6igqcMzn3bNp13z6Ry/T6Vcm09nB6uK+ft+A1sCSSg7AkkAgJJ79MnntKhhqcWaGbvVT9SwIQOL2qYwHn3yuVjXy6eYgaqw58LGcUfNinV7AACUQvee0qhx0kfupOM8NX+CMpa8mUhxjloWaep9Ps5snoylJP1+1PjMOUL5EUgCAJRFmK5hu9VPjH3/TpAnSpDGJkC08P0PYgkk2QTQFr7/Qehg0NC62tZt000PAICMUeOlN1+Wli+Lvg3b2j/kZ9rrM0AaPa7crYCDQBISy7mxcW6OhtbVSpY3VZXE+zzlucGrpP2wj+RpS88lTt4gT5hgkjc4lIRubY/NfT50MGjmjElVfx0kXcPiLXcxdYMHlLUtAFAttuknjd6xsEAS4jdmx8y5QTIQSCqT2XPuzfrQX2iNjXzbW/j+B1m1RNTS9aAYNxGPPvlc1o3WsCEDQ3Vz8D4Xkzhqkrj3E+VYeI9p2G0sfP+DvDd/cTxP7/koxn5Kcc5KsQ/T66QY+8nFe76i1v0pxXkvxMwZk1qDw0GiBEdsPTb3+db/F9KtK9/xi3p83ecu33GKU9A1YfN+afMaLYb33lvY+v9ttx1W8v3bmvvUC5r71Iuqn7qT6qdOsHvM0y+0BpOOPGTfsgWTnDY0LFmqhiXLWpfVDR6gIw/ZtyxtAoBiGrOj9O7r0tKGvCWGmC/B/MA6acwOQoIQSCqT446alfWh+9Enn4ucJfDok89FCko9Nvf5ogWSorC9iZfrJjnKjXCY/RRrGzY3+e71oga6bG/Eox5P2+dRyD7CPg9FuHkPsw8VeF5stluIUpz3uOQ7du5gT5y8AY+w3eZsM5mGDRkY+T3dzebc7FY/0fc83NeBTeAOxeMEkTL/f1F1g2pLFhRyZzX5frdkqWc+e91cj3V+P/epF6wDYwBQKXr1lrafkAkk5SkxxHwJ5refIPXqIyQIgaQy2q1+YtbNzOw594bOPjDdeNreEDpDZsd9Ixz1cd7HOu1y3/x41wkbgIvjRr3QbQQ9V/fzXNSw1HdthAlalOJ42u7D+1zCBnu8ATvnWA2tq23NJHG3wykcHDYLLuzzUMTXbC7FuDaL8TqqZKbszTDPO2p3uDDbj7IP03PwBuKq4fwmlRNEkqT6qTuVNLPIndUUJ7raAWjrtp8gvf+u9NYr5W5JdRs1LnMukCwEkspo2JCBmjljUtZNgxMwsFVorY64s5Ki3AibCtIGBU2c4+Ve3+Y5hM04KdY2TN3+gkajivI83Y91K8bxtH0ecgV33Bl4srheTde3+zHO/rzPw2mfzevBG0TKl53jPV5hX7O27Yii2Oe9kplev1EysUoRSHJLQv0lFGbuUy+0/r9u8ABf9s7td98X+Fh3AGju0y9IT5vXq58yITCwUz9lgm5fHLyPIO7t1Q0aoLpBtcbfAUBb1aGTNH6StGShtG5NuVtTnTp3lcZPzpwLJAuBpDKbOWNS1g12mBvgfDfZNuKsZxE1m8JbnyRf5o3TRcO58c51zIKCP94AXi7eIIhj2JCBoY9fmNpRYZ5n0D4U8XjmC46Y6m3l4rT5oktuyGpnmIBNvuvb+Z3zGJssmyjdQr37iSOzz92OKNeVSnTeK5WpK2qxgkiFjAQX9nWF5HN3aVNLQMbLNlso53pTgn9lU8fICQxddvUtrcuofQQA0vDtpB2nSPP/s2VZOp0Zkt6p5ePM8/v4f7/jlMw5QPIQSEoAbxc32xtgb1Ai6jfXcXVvixJIMgULbNri1B4xjUjlCKpj5NxgRx2+28m+UchAnOlGPx9v1lq+osBxHc9cz6uQjAmnNpjD9tqzven3BggXNSzN+zoKuw8ZAsD59pOL+5w511aUAGWxz3ulCur+G+X9Ml8gKWq3NMXQ5S4upqC5aR3k5w0ihSmyHSebQFXD4mVZ9ZLqBg8I1R2ODCUAbdnnpkrLP5DeeSMz7wQ9nNhHylPUh9/H8/sR22WOPZKJQFICmLq45etmEiUo4d2nc7MQR5cWU7DF5qbUe0MS5sbLfcNts6983a9suLOICrnpDvM83ddG2OyXqMdTlkGesAHMqLVowhQJtg28ec9fIYWIo95YewOVYYs+Byn2eY9TsYJXpmzEQt4DwmQj5VrHJO5RPAvhvMfkUmgtr2rgy0QydGlznP2dEwK3c/vd9xU8aluurnNBGhYvC9UdrpwjygFAsXXtLn1umvTxR9KnK8vdmurQYxtpp2mZY49kIpCUEGG6uMVRQ8MbhInz5tF5Lja8N0+FCHoOcQWQCt1G1MCIQgT+3Me9mMPTOwodBSookyeoYLQNd5tyXdveazTsuR1aV1twJo+7GLKTgRJlW6U478UQxwiKJkFFxwvpKmaTjZTr9yZBXW8L6R6H8suXicQoZwBQebYdI02sl/4b/8cWGEyszxxzJBeBpARxuv24CxJ7u7iFrRuTS1xZSd6sipkzJhXl5jCsYUMGFjyiVhzbUIGBEYXIvioku8PbpqAgTymyVQopaOztrhV0bbtfW4UGxKJmuLiHZi8kaFCK814MpeoiVejxLUaXtnyjP5YrmOQdQdLh/qLDZp1q1rBkS5cwUxBp7lMvau5TL5Ysi6d+6k45f9+wZFlWN7Z865uQjQSgGkyolz79RHruyewh6tNiPs75iTMyxxrJRiApYbzdTNw3waZ6PYXcZMSVlRQ1G6LQrkWFZpSUkrutcbTT5lyFPZ7eayvo8YVkdcTZnaxQTsApqkKCIN66SHEGC4p13ostKDjh/r0td1ZkHJmE3mPkLlBu2ncuQVlI7tpt7oLxTmZqqQJKQ+tqjftyfzkQdEyT8AVCEjijpAUFkRx1gwdkjehm4g7wNCxZmlXHyLhvQ6ZTvuwnd4HtctVxAoBKkEpJk3eR1n4mvfmya7l3PeYjz4/ZMXOMvXWTkDwEkhLGWy/J3cXN3Q1GMXxTbZu5kU8h9TJMQ7m3dVFu1G2OzcL3P4j1eBbjfNgE/0wj7IUVtn5WWN46MmHOadx1kSrhvNsICmBEFdeIZ95rNt/7XdBzWPj+B1rUsDRvlzvvqICiq1vFydRD8gdkvN3dGhYvy1qWT751vVlB7gBRmH2EaZMXtZIAtHXdeko77yatXy+9/3a5W9O2DBmZObbdepa7JbBBICmBvPWSTMPPx/UNdaFZSYVkSBWaEVJI96dSiyOY4R2lznvs4jyexQgmFDKiVZJ46/qEzShyPzaOkbmScN7jyGYsZ3ZaLkGj6LkzRR2m6yAoA0k53sed5d7spEUNSwMDZM5+vMsczuPd4gq2wc8fRHrB9/swo6IBAJKj/2Bp6kxp0wZp2eJyt6ZtGFCXOab9B5W7JbBFICmhTCMpOeLsCuPNSgpbH6VcgYGkdMdpK4p1PN3ZbraB0GLUzSm0mLz79eENvIS5GY+rvllcCj3v7iCJ0zWtkJptSTVzxqTWY+OtWRdU5ypXAMm2eL83O2nh+x/ooktuaO0G55UvYE39ovLwZh65axBFqUcUpG5Q9us3V2aQN4hFFhEAhDNkpDRtszT3IenDJdldsdLpzLxT+8eZ5/fm3/erlabtkTmmqBwEkhLK28XNLe5vkd1Bq6CR4kzirNcUhimzJck3oV5xBGniDLbEWcA93yhccYx+VyoXXXJDzt9HCSIVqy5SFHGcd/e5djIavQME5BIlsJGrSHW+c5aP6ZwGZXyZBhlwMwWRolz/pq5us+fcGxhMQrI0LF6m2+++r3U+0+1tQuv/wwZwGhYva62TVDeoNufjjzxk3+A2Lc5uU9C6AIBgI8ZmgiJzH5KWuz6aO0GTlGee3/t/37dWmr5X5liishBISjBTIKkYNw7ebdpmb5RjyHHTTWS5b8jzSXIWQCmPp5OxEuYajnq9F/sGO2wQyRt0KHeXojjOe1Awp5ARICuJuxuZ6dgdd9Ss1sBWoQFUbzDJFDw3XZPuYJY7qyqXfKPJiaLa1rxBpFi2uWRpa3ZT/dTwmUTegt+SVDcof9HvXCjODaCajdw+Exh56r/S0oZyt6ay1NZJU/cgiFSpCCQlmOnDfCGjq+UStui2u0uHShTMmT3nXuNIR4jGdMMYx/F0Xzve7plOQKUSsilMAVb3/y+65AbrLB5vXaRyiuu8BwUlbDPuvN11K0muLm1uznGN4/k5gaBFDUsD9+fdj7dmUqUd50pmG0QqpE5Sw5JlWY/PF1QyBZFkUcQ7HwJJAKrdiLHSVltJTz0ivf9OuVtTGYaMkKbuTne2SkYgKaFyfStcjG/8Cym6XewbY1OtkbAZIeVUjJu3QrrHBR3POLqcBXUD8l7Ps+fcaxWEKWc2l+n6chc+lidDJEhS6iLFfd699dUcUZ5fvi6Rco3q5j2G7u5sPz7nlMDtxhm8tK0NV4yAf7HeT/Jtt5IDf6UWJhOpkIwlbxe1XCOmBQWRAADxGDJS6tBJevZx6Y2Xsoe0T4t59/yYHaWdd80ULUflIpCUUKZuJ+6Cq2FqGdnw3hTmC1bl6/oQF1NArZKCSElTruPp3Py7s8qCruE4akgVKwDlbq9NMMl9vMsZRCrWeT/uqFmt27btOuXw1vkqxjlzv4fFFYAPm1228P0PYq1pVoxryCZA5X7tVkqds6Son7pTWYM4QUGkQmojXXb1LTG0DADalgGDpZn7Sl26Sc8/uWW5p0RQVc9PnCFN3kXq1lOocASSEsgURJo5Y5IWNSzNugkPW28mH9uspFLV1DF1ZUvCSFdRFDIynqPQG+0kHE/vaIRO0eBii/um1/R69B5HUzHrcij2eU/6a9J57cXRLTjfKG1y1SVysqOCRm6LguBNZXCygpxATab7mTmQFHbUNnd3trrBA1Q3aEsGkjcbqWHxMs19+oWc3ecK6VoHAPDr1lPafT+pRy/p+bnSpyvL3aJk6LGNNLFemlDvL76NykQgKWFyjaTkLt6qIozcY5uVVOybY1M3l0oa7StpitmVLSzvNWZzgx3l5j/ODJAg3qCYt53lDiIl6byb2AagCh2JzX2eCslKMo265xxjJbyoPkqvfupOVrWD3Os4I7Lletzcp7YEhuoGDQhc11hUe/AA1U+Z0Nqdzts1DgAQj1Qqk3nTq6+0YL70zuvlblF5Dd9O2mm6tO3ocrcEcSKQlDD5sn2OO2pWVpAl7npJ3qyksO0rVNBoUknOeAgrSpDDey5suxDFfTxNw5mH5Q3AeBWjroxJoTVfvI9xZ5qZtm3bHdR7fZgel+/8tZXXURzBGXfwMmpWkvd4OsXWc+3TMbSuNufr1Z3Z5oxsGCSObp8ojbAFqN2Bn7pBtaFHY/OqG1SblQXlBLbIQAKA0tl2tNSnX2aI+5efkdauzixPpzPBJqd2kDPvaCu/79JV2mGKtOPOdGVriwgkJYhNkMb5JrxY9ZJMI1WVKssiaDSpJGRPFCpfgC4fb3DB5pgU43i6M1yKVfhXnq6AUYKl7uNluvn2Zr0V8zpzghdRhQ0kteXXUVSFZCU577H5BGV72QT9nLY5BcVLLez1aRsMr+ZrLqyGJVsCPLfffV/Owtk26gYPUN3gAWpYvCxwW9RIAoDi69ZTmrF3Zqj7V56V3np1S9DFib14u3q1hd+PGieNn5zJRkLbRCApIXJ1afMqdr2koJv4YmYjeZ9/krrgFEMhtVpsjnuxggmFBsRkeRM6tK62oOBLvsfmyiaqZASRzArJSgoanc7JHoq7Vl2xOcW/FzUs1XFHzbIaMc/LNrBWScel3I48ZF/dfvd9rRlDcQSTnPpMubYx96kXIm8fAGBv+HbS4GFS3Qjp9RekpQ3lblFx1NZJYydI4yZkRrFD20UgKQFM33jnCxZ4uwfF2cXNpuh2sYNIbW1UtrCj4nmFHSWvVMGEQosXBz3WnUUU9sbf9rXkLYAeVq7uhoVcw4salmY9hzDbIYgUrJCsJCdg5JzjSjymixqWGguvIzm8waS5T7+gIwdHyxhy5AoiNSxeRlc3ACihDp2kCdOl4WOk1xdIbyyQVnxY7lbFo09/acznpLGfyxTWRttHICkBnGKtDpsgTTG7uAUFPcIGM2x5b+LbWhDJYTsqnlfYIGMxgwmFBsS8QdOgmi+F7Me2+2XU8+HI190wzmNugyBSbt6spDDvl5VWW0qGQGeuAJLN8wtTy0nUc4qsfsoECmADQBvXYxtp2h6Z7l9vvZLp7vaR68902tVtLOnz/QZmnsfo8dI2/WyPANoCAkll5q6PoZAFcYvZxc17k+3u+hBn0V7T82+rvOfFJjjiDbyELbI8c8ak2IMJ7m5nYW/IwwRNvdegzX4K6X45e869rUO252M6zuVUivNebnEEJtzXVNxdguUaKU9lCIi7g67KETjydhu27YLm/hvQlrsdl1vd4AGqn7qTFKFgd5R9USMJAMqndz+p957SuEmZkd3efV1673/ZQRspmfPbjsl01xsxVurWQ6hCBJLKyNSlK+wNqbeL2+w598aSiRBlmPYoij0KXNK4R91zAnRBN5zeAJ7N9VGK42kKYObbl2ko+nxt816D+fYTNrjjdD9zH+OLLrkhZ6A06HmU+7ptq6+jKF0Ocyk0oy6I97ooR5AlV52jSq3nVK1yBZDcRbnjQNc2ACi/bj2knaZJO02V3ntLWvSW1PCO9FG8H4MK1rdWGjpSGjJS2naUIcKEqkIgqYy8N3+71U8MvQ1vFzfFeHMUNEx7MW9Scw2pnU8SbujzMXVJdIIXasm6pajYqQAAIABJREFUcArheo99lOujWMfTCcC4gzyPPvmcr8uLEwjwPhfbc3XcUbOynoOzH/djTcfKdvum18+jTz6nRQ1LW5/H0LranFkeSbzm2vrrKAwnyONk0biv3XzB3HzblWckQ0c5unV5C4I7mUeq0JpO1a5h8TLdfvd9WTWO4g76NCxeRjc6AEiSlLTt6MzPhnXS4oXSkpafchXnrq2TBg3L/AweJnXqXJ52IHkIJJWJKYOgkFG83DfTcdVLMrUn7iLb1cg5ht7gRS42WWalLqK7W/1EDa2rzWq7zVD3YQMVxx01y3eznut4hd2+6XzYPA/3jXo5UTzZzJsl5D5XUbpNytN1zXTcyznapBO8ottZ2+AEkHIFj4rd9Q0AUD6dOksjt8/8SJlA0kcfZLKUli+VVn4kbdiQSQpKp6WUKzvImXdqGdn+vkOnTHe7vgMytY/6DcwEkgATAkllEEeXNi9v9lBc9T+82RptKVOhnJzjaMqmcQsz+lfc3YDycddWsR0OPErmh7Mf09D23vWi3kQ7wad8+yh0P8VQ6vNeKraF2U2PM2UJLWpYmlUXyP3elqvbZND23EzXRJQAX773A+8+3XhvbnvqBg8wBpLqBg9Q/ZTCg0iFbOf2u8lkAoBSqq3LDuqs+UxatSLz89kqafWnmWXr12Z+Nm2SNm2U0s2ZaFG7GmmrjlKHjtLWnaWtu0hdu2e61XXvKfXsnfnp2r2czxKVJLVxUzpd7ka4ddiq3C0ASmvh+x/4ggGVWsvE+1yKMVx6W9kHzJxAirfmT1AhdHc3Pm/3LuUJ/JnqankDMu4unLbbzfW4OEQNynoV0gXSVlsaPXDdhs2RH+sOCLm7q5Vaw+JlaliSeW+rG1QbuS1zn3qh9f9RM6M6d+IDHwAUW7o5M03VlLslKNSm6B9DioKMJKDMbEdNqgSleC5tZR/wF5QPEpRt4w2EmGoE5TqP3m6N+Qq6U3cIUZUzeORWN3hALG2hWx0AVAYCSCgWAkkAgLKwCcbkqnkVNgMpaPtqCSKZ9rVb/cRIXRmLWXC7HMW8AQAAAAdd2wAAZeOMkqeWjCInYGOT+eNkNMVRt8q9b8CkkK5t8KNrGwAA9pLWtY1AEgAAQB7rNzYqnayPTBUrlUpp644kxQMAYCtpgSR6TQIAAORR4x47GQWp4VACAFDRCCQBAADkUUP0IzY1NXz8BACgkvGXHAAAII92NSkRSipcquVYAgCAykUgCQAAII+ampTateNjU6HatashuwsAgArHJyIAAAAL7dvVKEWtpMhSqZTaE4wDAKDi8dccAADAQk1NSlu1r6GLW0RbtScbCQCAtoBAEgAAgKX27WrUvn27cjej4mzVvh3ZSAAAtBHty90AAACASrJV+xqlUlJjY7Oa0+lyNyfRalIptW9fQxAJAIA2hEASAABASO3b1agmlVJjU7OamppFOMmvfbtMAInubAAAtC0EkgAAACKoqUmpQ007NberUVNzWs3ptJqb01I6XXWBpZQkpVKqqUmpJpVSu5oUASQAANooAkkAAAAFqCFoAgAAqggd1gEAAAAAAGCFQBIAAAAAAACsEEgCAAAAAACAFQJJAAAAAAAAsEIgCQAAAAAAAFYIJAEAAAAAAMAKgSQAAAAAAABYIZAEAAAAAAAAKwSSAAAAAAAAYIVAEgAAAAAAAKwQSAIAAAAAAIAVAkkAAAAAAACwQiAJAAAAAAAAVggkAQAAAAAAwAqBJAAAAAAAAFghkAQAAAAAAAArBJIAAAAAAABghUASAAAAAAAArBBIAgAAAAAAgBUCSQAAAAAAALBCIAkAAAAAAABWCCQBAAAAAADACoEkAAAAAAAAWCGQBAAAAAAAACsEkgAAAAAAAGCFQBIAAAAAAACsEEgCAAAAAACAFQJJAAAAAAAAsEIgCQAAAAAAAFYIJAEAAAAAAMAKgSQAAAAAAABYIZAEAAAAAAAAKwSSAAAAAAAAYIVAEgAAAAAAAKwQSAIAAAAAAIAVAkkAAAAAAACwQiAJAAAAAAAAVggkAQAAAAAAwAqBJAAAAAAAAFghkAQAAAAAAAArBJIAAAAAAABghUASAAAAAAAArBBIAgAAAAAAgBUCSQAAAAAAALBCIAkAAAAAAABWCCQBAAAAAADACoEkAAAAAAAAWCGQBAAAAAAAACsEkgAAAAAAAGCFQBIAAAAAAACsEEgCAAAAAACAFQJJAAAAAAAAsEIgCQAAAAAAAFYIJAEAAAAAAMAKgSQAAAAAAABYIZAEAAAAAAAAKwSSAAAAAAAAYIVAEgAAAAAAAKwQSAIAAAAAAIAVAkkAAAAAAACwQiAJAAAAAAAAVggkAQAAAAAAwAqBJAAAAAAAAFghkAQAAAAAAAArBJIAAAAAAABghUASAAAAAAAArBBIAgAAAAAAgBUCSQAAAAAAALBCIAkAAAAAAABWCCQBAAAAAADACoEkAAAAAAAAWCGQBAAAAAAAACsEkgAAAAAAAGCFQBIAAAAAAACsEEgCAAAAAACAFQJJAAAAAAAAsEIgCQAAAAAAAFYIJAEAAAAAAMAKgSQAAAAAAABYIZAEAAAAAAAAKwSSAAAAAAAAYIVAEgAAAAAAAKwQSAIAAAAAAIAVAkkAAAAAAACwQiAJAAAAAAAAVggkAQAAAAAAwAqBJAAAAAAAAFghkAQAAAAAAAArBJIAAAAAAABghUASAAAAAAAArBBIAgAAAAAAgBUCSQAAAAAAALBCIAkAAAAAAABWCCQBAAAAAADACoEkAAAAAAAAWCGQBAAAAAAAACsEkgAAAAAAAGClfbkbADtz5833LaufPq2gbYR9fLnFcQySKs7nVozzXO5jX83Xf7mPfVA7itWGJJ6nJLYJAFA45/197rz5mjc/8/+zzji9Yt7nK739ACoXgaQKMXfefF1+5VVZy5Y2LAz1+EOPOCpr2V13zKmoPzSXX3lV1g1d/fRpqp8+p6RtmDtvfusf67nz5qt++jTddUfhbYjruRXrPBd6/RWqmq//ch97lfj4efdz1hmn6+wzT7dqn826QY/P9Vy8r8+o+wEAJIv3/V2SzjqjbM0JrdLbD6ByEUgCAjh/mJ2beFNmiBNYqoSABErLFHxJagDisiuu0rz58zV92pbrOIntNHEfZ+e1GrbtzuPrp0/T9GnTWgK5vKYR3mVXXGWxVnmEeV2Y/t6VWxJfk85ngCQK+z6WxOdRinN+1hmna+687L/Vl195Vcm/qIyq0tsPoHIRSELB4vrgXI4bV3eGkXtZGLn+YF92xVUVc0OO6ua9IaqE6/ayK67yZWuFDSa537+2BIb5AI7wTNmDSRH2htwbBE+CJAbik3zOJfvuTaYvPpKgFOfcCbi5//5V0peEld5+AJWLQBIKFteHqHJ8QCzmB6dDjziqNUhFf3UkmTuQqoR+829y9pmnt3YzdYuameSolOcPADB/qVCoQj8fhumCXuntB1CdCCSVmW02j/dGL8xjgx4fJiU7ad8CxsX7LU7YxzrdYLycIJJaj3P0+i1tGdd/MniPg7uLW1y8H5Tjqi921x1zCspM8j7urDNKe66L0Z2kkEL97uPh/kZ7+rRpRXkduPfpHAvnvVVFeO0FdVku5j5RXvmua7qyAgAQHoGkMivkG4hCv70I8/i2+sF6+rRwgSTnxjfXh86gAEWhWRJtEdd/+ZkCcvPmz89aHjUQV6rj5uwnbDDJ9NwvvzL/N8M268jyG91idI0JWwg917fh7oD45VdeFVtAPN8+3QGfuPbpDvCXap8oH+eaDapvuGWdzDLOOQAA9ggkoarVT5+my69U1reTW5b7P4Da3JzVT5+ms8443XiTlKRgklNgOaowadN07assNkGifMGPUp/vqMGkapcruGLiBNEKGSEv6OY+1z4L6SIcpf5LlOumfvq0gruDJHWEyUoLskTpKhTlnJ99ZuHHxdTWJHQrSsJ1BwBILgJJKFgSPvBEleuDv/MtZRRnn3l6YDDKuSmKo1tPIUy1ZcII81iGok2u5BaKDS9XMMnbfaUYNSmiKCSYW6iwQSQ30zG13WcUThfhsH9vCikinJT3aoRTyGubwHPbUcovsMIGx21UevsBtH0EksoszIgaUR8btA2+aSquzE2WuX6Lc3NTyA2K7Ydl001UUoJ/XP/lleShyqMyBZNMAY8kBJHK6bIrgm8cvBmaQcfKeQ+zfS3lCui4axTlCnKHfd8M2qf3OQbtc+68+QWPvulk+JUiOFFbN6zisofilOvvou05jyOYdNkV0QKtUVT7OQ9SytpXc+dFr7cZpNLbD6DtI5BUZrYfiE0fjsJ8mHa+zXVLanej2rphVuvNnTffet1yBk6CsiTiuEGpdFz/5RN0wxVUbNq7rvvG36Scx9Y9mpupqLcpgJbrevB+WxvntWMKcBZa8Dtf24LOvbNv7+PPPvP0wMdkMpPyvxaDAle5iq4HBeFt3zeDAqW5brpNWVpRs6+83fiKfWPoPN9Cux9WsqAgUlDA0+niHdc5d1+z8+ZPs3ptFIJzDgAoFwJJQAmYgknl/sA3fVruQICb6YN2mJvdag7YJFVQEMl0TboL0rrXTfJ5dUZzMz0f03PP9Vo0dXMt5nMv9nENCiLlCs7mCoi7R8EKs89874G5uirme+/MFSjN9di77piTI5hkHxQIGkmw2IEF7/5URd20ggKHubLmzj7zdOMXDYpwvrzXje1roxBRXhsAAMSBQBJQIu6bonIHkRTy5sKUTVDu9leiQutSOWy3EXQDE/T4tnZOg4JiXoVmAMXJNrgbVa6b7XzcmV5u+W64g/Zpc70F7TNK12Db992zzjjdF1gIGxRwBnIoZBthBI3+19Ze07kEBQ7zHW8niOrtBhn2fJmum2IGD4MyKwEAKAUCSahquWp2mG44g9a3vaFxinDHcSOR2Ub+bIt8XZBQOkHffIdlWzw4qEunc+Pk7nZTLTcgznN333iX62Y7KTUpwpz7KEGWMF0ow+wzl0KCKkEjb4YJCjjv84VmNtlKeoC02AoJViqm82XaRjGDh9Ve5y2fTHe/crciukpvP4qvuUlqatzy09zk+mmW0s2ZqSSlJaUkqUaqSUmpGqmmXeanXTupXfuWn60y84ANAkkVIiho4HD6+ecKaHg/VCa1W0rQh98w3atsP2CFvZGzXT9XcdW4jrspIFWJXZBsVNP1XyruYvCqssyFUhYxTZpCs1aCbriDFHqDrzyZdUF1b2y3kWufpoyiMOLIbLJV7dlIJmEDaabzFWWfpchKCspGqvZz7paUQH1Uld5+xK9xU+anabPU2PKTdgWK3NKtkSPP8mapScr8s9m1XssGUjVS+60yP1t1aPnpWPSnhgpFIKlC5LrxcddiOPSIo4yBg0q6ccpVBNWtfvo063oupeQdbpoPdoWrpuu/VNwFgJXnQ2vQaFY2knbcTTdg+Uav8z7XefPnhxrxLuj6i2M0wjDiGqVv+rTCMjeiZMqEyRaZN99/XMNmZYYNXgVtw9TuuANJdHEqXnZOlC6NpchKIhsJaPvSzdLmjVLjxpbpJkPAyPOftOeXae+6LYGjdNq8XrpZ2rRR2rhhS4Bpq45Sh45Sx05Sh05STU3sTxUVikBShfMW9HS6zoQZkjkq58NR3IICL959JbG7lvd8lLvrTFtXzuu/0gXVVLFlm3afpHNR6HN2byfce19yswKjBnVss3VMQZ0owmSLxBWgi6NrWlCGSlx/E4KKilfT35y4ar6FzbYLUuyspDiy/AAk1+YNmcDR5g2ZrKNWKVcftfSWRZKUTnnmW9ZLeQNMKc/Us73W1VJbtrt5U6Y9a1dnMpU6bp0JKnXaOuYnjopDIKnC5StEWuzRQuIOJMXR3jBtynUTFbauR9BNqjMsb5JuqNuKcl7/UbSFboZJEXQDbZLEayGIu53Ode19nk4QPWymXVxBnTDZOsXMugrzXh9ln3F0dSpVVpJbtWUjFTuzL+y5Cso+jOucF1pzrFpUen3ISm8/wmlukjatbwkibfBkDJkyjTwBIGOmkmuhd3s51wvablratCnzs3qV1KlzJpi0dedMfSVUH057GxA0XHFSb6aTJOgbvCjf+NVPn6alDQuN50IJPR+2mRWmG1CbbjKl6FJWadd/0tqD8gkK7DhB6aDX5pYAU2be9jqP84a7kMyNqNlBNkoRVAirWBkqZCPFz9RtM0oAttBi7UGojWQv6hc3zvmfO2++5s2fX7YvgCq9/bDT1ChtXp8JIjVucv3CW9/IGwhKtcR7LDORWjOMgrbnXc/ZrqcrnDsDasP6zM+6NZmgUucumYwlVA8CSW1Epd1MJ11QpoPNN4p33TEn8AO+U8OnnB/63M+hkKwyu2yQ0nyA4fqHrXJ8cx+mvoq3xpqNJLyvyPD+WIpiseXYZ1jFqptDZkqwcmdyBHX/LMY5R3zM77/FGWmxGCq9/dWkuVHatE7auD5TPNthlWnU8p90jswhY/Ft03ZM+zXUUDLt34kqbdokbdwkrVubCSZ17iq1J8JQFTjNFcT7TZQ32yPoZrpYww2XUimL0ubKtLG9YXN+H9TVTWX41tid5RA0LHySVfP1Xwxnn2kfeDB9OK3EAF3Siq6bujtF7Up1+ZX5Ry5E+bizkuqnT4slS2Bpw0LflxblDiaWQ1xdNhUQAIq6HXfwsFjnPAkB5LakVMXSi6XS218N0s2Z7KNNa1tGXctRm0jeTCNDTaR8tY5823XmgzKW3PtN+QNbzu/SnoyplKTGRumzVZkspc5dM0ElCnO3bQSSKog/KOH/UGK6mXZuAnPdYLjXt/1jE7Q97wfbSvugk+8bP9tAUL5gUqluavN1k6kUSbv+o+CDXHzOPjP4pixsRk9SmWpkmGqCOebOy4wmF+b9lmsyWJzHxnm/j7ubiRMQjmtEPvhF/duZyQ67qqjnvJI+W1WKOGqjlVOlt78t27xB2rg205UtdMaQ+z/ejCFncdrfdS1wO+795shscqbu9dIt+0+lzOtv3Jj52bBe6tI1U0MJbROBpARxfxAs5MNB0M206UOHN8iQ+bBb2DfalZx6bfthPEwwqX76NN+NbSn7rOc6H+6bVO+H5UL65kfRVq5/97ZRXHG8hop1A17INWwTcAjqPhsUpC7H9Rh3JmnUukxxd3OK+u1+MbPF4gwo8N4Vjzj/npgQRMotaldhk0K2EfXL1EpvP7ZobsoEkDatzfzfmDnkzfDxZgy1TFszhpwMIk9NJNP2Uja1kwJqIvm259m/MSGq5T/r10ubNma6vnXtSkHutohTmjDOjYEzjdoFKai4pwwfPuJMgTXdlBVrJLZiBGLCBMFsg0n106e1BjeUsD/K7nZ4gy9hg12XXeHPegr7PCv9+kdlCRppMQ75rv2gm3Xb94f8GY/F7eJmKkrsFVc3oULF2fWpWvGe2LYRPASKw52FJNMoaZ7/BPRMy1vDKFeGU9qwX+N287Uvlb3cGw/zFfJOS41Nme5umzZJ3bplRnlD20EgKUG8H3YL/eY2eNSQLd9Wm/YR901IrqFwkxJQUUANHu+HK+8xta1L4gSTivGc3UOE29zYBRVj9QZfwl4H3mstbNHXtnr9e7ddjBvrQjLcgkYZtHmcTbuS9BqvBGGO19lnnm7s6laKwHvU4EwhN6xJudk1ZXsVsztlnNvmNRmPoIzAuNTWDYttW4VkxACIbuOazE9zU8sCU0ZQyzSoJlIrb00kZQeW8o3S5v190HZzjdIW+LCgrm6u9Tasz9SE6tpN6tbd2whUKgJJCeL9kFxoOr7pG2tTlwfvDXchWRn5ggnmrkT59xNnkMHEVNfJdKNkOqZz581Xbd2wvMWH46yJ5M6ksLm5sukqY7o5sr0OTJloYT+4toXrP59i3QifdUZRNosiqp8+LZai90H1MGyvYTLwgiUlcIXSKeXAHgDapuYmacPqTBDJ4cv0sRidLZVvvbRruzlqJ5nkXC/tz4Bq3b6pZ17av03Tfjdvlj5ZmSnK3a07I7u1BZzChCjWB1b3N9ZOVoxpHXPmRvxZGd5vVm33E3eQwc30zeLZZ54e+C1wUJeSuG/InOfsTHN1ycolzLeR3iws2/NTaDZStVz/SL6or+FyBR1Mo/SoigNESelOV8kqLZhi6mZJd8bqEvRlY9DffUc561e6VXr7sUXTJmnDmszIbFYZQ3kygXwZQy2zQRlDQbWTAjORHHlGj/PuP6s2knd0t1Tuza9eLTU1Sd17SB06eBuGSkIgKSFMH9ziSj93Rg7J9ccojuFCbbJSomR/FPMGzVQjxSYI4u1SUj99WqTzlWv0JXeWgff4hDkvYdb1ZjfYnJ846mK1hevfixuZyhSlILL39ZoEpusvarFqE5tgQyluaEp908RNWvWJu1h7EhU767ucgp5L0EALSXvuld7+atK4MZOJtHljcM0hR9jaRHkzjcLUTsqRCeVbz7yb7NpIrppIxv26M5tarF0nNTVLPXpInToFNAKJRyCpCtiMHBJUnDhMVobNB5Eo2R/FDDKYahzYbvuuO+a01jHIF3xyZxc5xynMDV3QTZt32Prp06YVVLfBlN2Q6/wEBeKS9EGmVNe/VzG/1S9mcNVUR8v2PNvU6UL8bApfB4kzc8m0nbiypWxH1wuqyReF6XGmoEK+rIGw+0z6e2rSlCMLzRmRNQ6m981ijvBnUunv23FlrZfrdVbp7UdLUe3VUuOmlrhJyFHQvBGa0JlGAdsreJQ20+JU9uNy1UZymGosbdwgrUpngklbU4S7IhFISohCuwYVyhRACPvBwvYPYdispGJldphGGQt73J0C2k7bCw0Y5WI6Rs68c6ORuQkpbD+mrKRDjzjK+ME2riKwbeH6dzM9Nq4it6XIfjEXIfev4w8kFbVZKFBcXYBsgzr/z969xUpynYe9/2rvPVdyKEqyAVLiiMObfQADhi6AtGdkSCFlSWQgx4AJ0PMkOHCQp8Tg7eQlQBD40RBFIjBOHOUAQZSHjAhQwIFlkZYly6SlmZEBmU5eDiTehtwkh7YTHd5m9uxb13moXt2rvlqraq26dFV1/39Az97TXb1q1aV7d339rW/5tBW8immjzjpj9k2bF3Ahr7UuLUN2St2s0pgvYtr7YqD4uux7n69CFhbQlr1tke13RQ725veV1hySkuXUA67aSbomkqNZd02m0PWq2eEKgSKVgZSmntpJRkl7Ozsib7+d3X/8uOvJGDICSZhxZWV0UWw5NiupabDH1X/fjCuxF/r2B/y6s1+Frkfr6htL14xn5y9clK99/Ync/nEd8zHPCNTk/NfGVmMEi+cbElrnPHEFPHyZMzpI0dZ7VuhskFIzeBW6jeLJgqqTYTj2LI26uqxJ2AVfnbBYvueP9W9aqLGf53X/3ro+A7b15VjMRApj7/+q27uWDWeb7OcDJFWZQL7IS9Usbr5MpRlfRCfJ3101e5yo9itrIqnaSIVulLS3tyfyzjvZY2Qmjcta3x1AOzVm2uDOMAj7di72G0zX0BnXH9Om33z7uPq36CyYKk89eU6eevKcXN66VDkjXNtcafuPPf7E7Hi4AnF1g0jLcP5rvvo0gHHhYjaEyb7VFXoh6DsHYy8km2aJ1rlwjRni3MZ7ue9vD0GF8Yh9Ta3qFwBj3+46/e/qs2UdY+//KtvfEbk2zURKTdZROs/w0XWE7Gyi1DHLWWotZ9qbtauWy2UD6fV6lg/un+Sfn2unpCbSrL/WfTqzytfe7q7I2++IXLsWcQDQOzKSBqrrP+L3P3BWTm9WF4gOLYYd+w2m65vx0G+M2xoSYX+D2UYmTUydErMNpzc3p/siP8xu0UMZXJ568lwhy+qxx5/IFRm3tXmBNabz3/c8W9/HEuHqfECvE1hpqy5XbMCjabaOa0hw1fpc69QZjlXrjOGrk9R0SN3QvmzowliDCr6M0phj7go8DT0bqytjOOZAnw72skyk2XC2ikyjWUZQxSxtvppIdntJyXKVmUZGRf/sdTlrIqni2d6aSK7Z3qbbozObdndF3nlXZG2N2dzGgkDSAPRRH8Z8wMouIDZnNXbqXNyEXlSY9ZXPVJb/0Of6YFf1ASf0os7e1jaCIDo4poNFUtL3odaW8X0415oMsxv7+a+5LnpX9WJkjJpkBjVVJ9gR+x7ZxgW3q82qx12vq9D3Xdc2Vq2zScDMN/R5VY0hqOALWMYcc5dlz0ATx+trDMfbVuczRJev76Z1ucbW/1U0OZjOzubInnHWJkrcWUDe2kQVy6W+Wdw86y20J+7lUruWUaFxR00kx6xwIuE1luzMJtPe9nYWSPrgjSIbRCkGj0PUsz7SU10z6DzyUPZ7nVoDvj+Cpo2YmZzsD32+GjxtsQtVt8UEVJblD7GrXpLWZEahZTj/QyzL+dBEtg8eVP9fXb5zzRS2r9o/rtm9jLLAZZP11q0tV7XOMr6aH1Xr9AXMqjKhfPt1zPXfYow5qFD3mPvO61XNQBvTFx91/la3Xd+xSeB57P1fVTvvZwW2cwEST6SmapY0X22isswm8zMpy0SKmJ0tcaw/Ucu0WROpqsbS1asi6+siH/qge59iOKiR1DNX9kwfH1btD4uh9YvE8wftscefkPsfODu71Z3mvo1i2FWeevJca22ai6UxffAOUbY9Z05XDw8rM/bzX3N9IFvGc6IOc66YWxf75PyFi3LzyVPO+4fId6F6/wNnvUFWc2Hse28NuaCIXa+ZubHJxbZrOXO8ytbp28YqJgiumVpvrnWa/bqqxp5N6Xuvtev7aWUX0asQOBzrUEYjdph9WxOt2JrUjBt7/1fRzvvZLbQmUqHmUUkNI9E1kSpqGYUuV1k7ybGdqX3z1ESSkppIUnxKVI2ld98Vefe9kgOBQSAjqWdNZyRrY50hXOnhZR/AQtZx5vSmnN7cLLThu3Cvu2+qvp2HX9U3VeZCsO63YWM+/0ON6UKsqT4DNmXnqrnfdY72+R5QlvFnF+A2faz/M9DEAAAgAElEQVTav6GB3ZD1hqwzJpDc1jpj3mseffhBZ00304cu1rlsxrbdTz15zhlMjn09dTUr6tCMfWKImGFhZdmGbYr5mz/2/q+avWsiO1em/6maBU1nBIXWPBJrOZXJ42o3JHNJHBlJ3tpJks8QsoeouWoi2e20XWPpvfdEDm0wk9uQEUjqUdNhPV19i+AahuD71iq2to9dj8bQH/R9fyxDP9AONftgTKrqWWmmCHfMMLexn/8ui8iiGxIT9O37G82Q1HxXMCk71v1eMJr+VAVsq5w5vRl18Vu13pB1xl5s+wI7oeuskwHpCyyErnOVgkhjHtZmMxNF+IQc87Fue6w+vsxpS8xnCJPh6NL09V33M+fY+79qJgdZEGlWXFtl2czuC6lNlOaXc7Zj/+KriaQ7ErCcsyaTrmXkyBiyn1+IW7lqLKWOKFhkjaW9fZF3388Kb6+vuxZE3xja1qO+hvWEfANi3xd7gWIzF+Vl09ibdZnlXPsl9MMNU6I2Yz6s+IaUuAKB+rmhx2DZzn/Xh7wxfSivw3zL78siXMTFmC/w7BviEnOOLsqjDz9Y+1wx52ed9+i66z1zelMub12Kfp5ML/LrrPORhx6s/Xfo8tal2utclSDS2Ie12cxros77T5vD3YfOdczHHkDzTfTiC8IMLfNs7P1fZrtXRPavTbNrVJ0iO5smSeZZOLPHPVk/Yi2Xu8++28poShLVbkB7hf6pdl21jArdtdtL5j8Tqy+u9hLdnupXoR3HvtjeFnnvfcf+wyCQkdSj7IPtPOsjdhYaUyuj6Qw/vnVVfYjW69WzlIX2y/7QFzu1tC3mgnJZ1f1mKSQDSZ8PviwQE1yoOn/Gfv7bmpy3Y+YqbmvUqQ1VJ8DjC+CZfa/PU3vGPh0wdP0eIySjxsfUjoopfNpGoMPUqyor3m2UBZJj12ksep1lGVFtr3NMli2b0mQbhr6emnxhNlZj/rzkOq6uzxBldTrbeI3X/VJi7P1fNWZIW2plGbnqAYkvI0nVJpr9ojOIXBk/IZlGNdYraT5i5MwM0v0yGURJvp00tD2d2aTaS5Ni/1LJaiUdPixynCFug0MgqUexH3Rcsov25v1wCfkQaf8ha/IHzQSRQsZ/3//A2cI3pWUXB2P5YBTLvvA7vbkZdIHken7diypzAeprww4oieN8WobzX1Z8xh8fX6FjV7DCvJZjz18JnL2mbAiXfV/T86hKaAaPCSiZfWF+Xrh4cRakl5bf10zQzwSyjC7XaY5LH+vUGXT2Opf170WZrmdI7ZP9evJlTXLMM8tyzCVguHNoEN7sJ/scsd+Tu8rEHXv/l0k6Edm9mv20Z2nTNZFmHLOvJSW1iXTtpEQ3GDibW8zscN5aRtZ/omsieWojVdVEqmovEZHJROT9KyJHj4isMZZqUAgkDYD5oFOl7Nv/Jpr80WjrG8vYKZdjvrFfVmdOb8r9D+QvNn3LaaHBm5CstKpgkF3g1NWXMZ//ZVlwY/42P5QJGJlhiiEX4/pcrZvFEzN7TUgdoi7VHT4mPXyo7+O8XfQ6VzV44LNs2UguHPO8MR9zXzaP3f+yun0xmZwm2BLzRUPVeTb2/q+a3avZzfBl7pRlDKWO2kTO5dP8c1w1tF3LeWsyeWoipbomUmFj8s8PrYlUaM+qiVSnPTvwdOVqFki64YSrw+gLcb0R6eKD0JADLb6L8ZjppsfywaiuqvPBt6/KnmeCA5e3LkXNjlRWh6SNFOwhnv++zJshv640U7/M3OoUUDY1ekyWmk/s8Ss7b1z3l+33qnMUWFX6NcFrZPmN+ZhX/Z2RktpBsTWwYvdLyPJj7/8qmeyL7G47aiL5ah4VigIVHy7UPLLbtZd3tVejJlNMTSRnLaOImkhtt6c3//2rWQFuDAeBpJGpW6hUM/UAhhJocV2QNynwvQpBpCpl+8AVlLGL9tbdd76L9bYCQEM8/3XB4lWrrRIrpnZaVVDKfo8Ifc3b56i5dZ2twPmAIdPvYav+t3MVjP2Y258FfO/9ugbe5a1Lnb4Xx3zuHHv/V8Xutsj+TjGjJlUZQbMsoelsbLnHQ5ZzzNw2ezzNr3d2l7pPL2ev31XPKdWP6zpKMu+n7r+vvbSkvdRqT/c7tL2dHZErVwQDwtC2EbKHAtUprjzUixrzLc39D5wtDRaYC0i97W0PBVnkjDV6XaHrfuShB+X0Zr39YIaKdVFY1i4cHNKXOm3LgM5/V00euLnOWVvM69i8F9z/wNno/b7IKZOH+p4LGLxvrZ6xH3O7zlrZ402+KNDDt0V9PmvyuXPs/V92B/sie9vF2kS6NlKhNpFZXNUmCq11NFs8mS8mjppMer2m3V9cEvn5c9n6/+GSyCQV+fApkQ9/LHvur93t6E7JULfZctb6vDWWSoamtVVj6cq2yHXHRQ4dcu83LFays6tHafbrMCcGAAAAAKAH194V2X53/n/nLGlS8rj9i6MmUuhyzvU6AlD/+1WRF54T+cdp8Ch3k/nvv3a3yK/fUzFLm9X81osiJ+9UD1bVWFLtlMTLcu25hgS62vnQjSI33lCx4iW1u9d3D/IY2gYAAAAAWHmTA5G9a65iPxZVw6iqNpGuieRsL7B2kl0TSUTkxb8WufjfRP7XNIiUyjR4JPkg0iQV+R8/EPmv/1bkrZdLsqWsGkbf+mORrZeK9ZqCayKp9uw6Sbo9b4kp1c6VbZF9aiUNAoEkAAAAAMDK27smsr8bUHPIUcNotpyq/RNaEyl11BFyzgA3feCF50R+9mwWJDowt4m6pdbP6e9/9g1PTSTzMxX50dPZ8s99t0GNJau92JpI9oN2Ozs7IleveQ8fFohAEgAAAABg5e2ZIIUrI0hURpBnljbnLGRVmUY6w8nVOZWR9PPn8hlHaaqykaQ4vM38/qf/SW2Uyhr60dPZcpdeEHn1Rf/mJdY2FjK17FnadP8d+zWX2eVrJxG5uu0/flgcAkkAAAAAgJW2dy0rsl06S5rjZuiMJW+mkae9XIaT1S/7cfP7z/6qmHG078pImhQzkg7SrP7RGy9Zs7NZbf/1d+fLT1KRZ7873z7RGURW1pV3u1VG0uw5rpueNc7R1tVtkW2yknpHIAkAAAAAsNL2d8JqE+maSAUqg0bdXV47KaAmk0wLbJdlHDkzk9Tt4vfyGT9bL4n89z8WeW6ajZQm2e2VF0X+/R+I/NXTajtKMogSVRvJ3rY2aiwxvK1/G313AAAAAACAvqST6bC2NJ8NJI7Z0nSdn5DZ15Kq5Rz1g5zrnfr7V6yA0SQfLDqYZu7YP13LTaYZPz96RuTH05pIqWQ/xc4Sms7Q9sNnRP7yGZF/cq/IPfdZfbT6X5ilLbF2gG9/lNRYSsx+mT4hnf7cvpZtzxppMb0hkAQAAAAAWFn7OyIHe65IiCNtJs0yY0wQZXa3yrgxgaCkpL3EsZxZfNZOkn/aP75SXQPJzN6W+pZLRV57IWv0N+6bDyt79ulpkCvJB5FSETl1l8jd94mcusPa/sS5WbPtSKz+O5ebtpMkAbs9mbe3uyeyvSNy3TFBTwgkAQAAAABW1t5ufnYwV0DJOYOa9UAhk6nwpGImUupYzpXRZJtIVusoN1TNyjjKZSLpm8pMMuv6jXuznyfvyoJJr7wwDSJNs4DsLKRcHx0ZXLm+lwSKcvvOleFV0d41Akm9IpAEAAAAAFhZB7vz33UmkD0WqzQTyfxfPz5rWIoPOAJWs/Wb/6sAVKKzjBwZR6mvZpJazgR4TDdO3ZWt45UX5/28+z6Re+6dLpeoQFsy759RyCzS+8fe7ETdYbXn2T2z9q7tCHrEqEIAAAAAwEra3xXZs4IS9ixjhZnGHLO56dnKZu2obCPn7GyO9Juq5SapmrFNzd5m6iQdpFn2kW+5A6v/dj9P3SXy+fuygNOtd4ncfa9VusjKRBLJ9y/VdZ7SwqL6oUI7ue111I2y27m2K7KzK+gJgSQAAAAAwEo62Mv/v2qWNj37mmtWNddyepY2PTtc4YneBaozjbyzuOmMJL0dU3ffl2Va3XZXfvsrZ2lztJd7iqsdmbdTmKVNivvA3i0EkvrD0DYAAAAAwEranwYjymZJy81KVrZc4CxuZbOzFdpR/09TR40kK3B0MJnPvlZWKymXMWUNLTPruftekbu/7MiqsmdT05L8dhdqI+maSJ6so9niql96N+3suZ+H7hFIAgAAAACsJJORVJglzVGbKPdLRa0jUdk3obOzeWsnyXy5soyjNKBWUi7Lx5NB9IV7re131DDydldtd265GjWWdL9m/0mz2dvQDwJJAAAAAICVMzkQ2d/LZ+akqRUYcc0mVpKxlLtLFecuW66Q4eRb77TStjPLyDWkLc1nJlmll5wZT4X4lacm0iwjafqENJECV3u+GkvzqJo7Q8rVr3SakbR/ILKxXlw/ukWNJAAAAADAyjnYz4ISupaRq25QruZRUl3zqFBPSHRaTf65ITWZkmlGkndWNvHUSjLBnkQkXbN+5rtRWL+vJpKomkiezQpuL6rGkvW8NBXZ23esHJ0jIwkAAAAAsHIm+54aRtZ/gmoi6ZpHJe25aicVMoTszCVr/SaItD+dkc0XNJpYGUgHaX4dqdXOrL/2+DPrZ2hNpDRRGVgN25OS9lK1/N6+yLEjrsbQJQJJAAAAAICVMzkIr3XkW07HTGY1j8z/dQDK056vJlOql0+Kw9dcNZNMrSQzPCxNrGBSUuyvWN2xtz26JlLiWK5BjSVnPSfL3kHxPnSPQBIAAAAAYOWYoW0SUJtI1zoKWs6VwVRSE+kfXhb5nz8U+eVTIr9+t6oZNDXLOKrISJrYAaNkXmR7YvqhAl62l14S+Yvvidx+h8gXv+SpiRRQy0jXlfLVRMrNzuaa7c21n6f/3SeQ1AsCSQAAAACAlZNOrAyYiowgPftaaOZS1Sxt9nr//hWRyy+LvPGSyJsvi9z3L4qFrBM768iTkaSzmFL9016/qIBQKvIn/zH774svi9x+p8idd+T3RyLFdeT+6xua5kgqKrSTFNvJZTCpxw8IJPWCYtsAAAAAgJUzOZjW7TEzmtkzm9n3pf7lcvV/Zk+Ob09E5PkfZJlGB6nIGy/mHzPtTGS6zHS52U87Synw5urbSy/l1/XM9/J91VlFuW0U1Wf7Oa6b1Y6zPb3PHI/vmxQrLBQZSQAAAACAlWNnH9mjraQkEymq5lFgJpKRm3VNPW+WyWPN0paqWkmprodkDW3L/RRrFjhdy0g9fzZDmngykVqqsaTbM/0prUGVZEXHsXgEkgAAAAAAK2cyHRaVq+vjqmE0e9BT8yi/SKGGUlJRG8n8OplmF01kHiDRgZd0mpFkgk0HE0dGUNXNKryd64aV7TOxh8GZxxw1m/T+0Dsjlfo1lsR+nmt90ywsLB6BJAAAAADAynEGQVyzhck84OHNNDL/14/72rVrCJnaR66MJPvn9D/2cq4MpNDMJFcNI0nmmUh2VlChNpLul51h5aiJFFRjyRGoKqwsJpCFzhBIAgAAAACsnHSSz8aZFYl2BChmGUSOIWniWt6ZYlPMfrKXM/WOzFC1QrvpPCPpwFWbSN1E5gEp/dPUGLLbNZlTdv2kibVc6go82Z10tad3uhrWlmvPrEfvM+vxXCZXMi2YjoUjkAQAAAAAWEm+mkg6EhJbO0nXRPJGVqzMHDsbSWck2RlEE2vIl/5pP6kwW5uqgWRn+MxqGU0zknIZQ3aGkaMmUq7Gkm6vavNVzaNZppbaRbPsKGsoXG4HYaGYtQ0AAAAAsHrsWkFWNozO1Mnd1MxjejkjNyuZmp3Nujv3pJtum2YkTWdle+3FfLtpKnLrXdMsoWSeOWT/rJqlzfy8/Y5iBpGkIj9Xs7bdcVt+l7mynuysrlTy2+ud7U3vB70f07DHdWALi0EgCQAAAACwcnJBCCvTKLGycVRCzvzxpJgBpNue1f0x7ajaQYl6biEjSWdJTZ9066/Ms4bStWlAzPy0+6ZuqfXz9jvyj9nblK7l285tl33TWUtWO/Z+ym1nkvsxb6dsn5Y8TiCpHwxtAwAAAACsnGRNRBwzt4md9WLXTvLVRrIzjcpqJ6X57JpckWpr1rY0nf/MtWnPqja9a2L1z56NLeSW64/VrTSdztqW5msqFYTWREoc+9G3X0QNXat4fI1AUi/ISAIAAAAArJy1tXwmTVnGkCt7yVmfR2XPFDKadCaSlaHzmS/NC21PUpG/fqa4vkREfu8PrAyjNSs7qeJmnvPlL4nc+6X8dpvbd3+Qz3L6rd9U/ba3R/WrkIlUkkGkM5oStXzV4+b+9XX3sUW3CCQBAAAAAFZOsuapeeSoYeSsieRb3ixbVjtJSUXk5J1ZAOlgenvlZyKXXihm/qSpyO/9K1UnKcn/dGUnmWW//EWrPev2ne/nayrddZu7llEuq8rql92eromk91Nq7Qu7lpLzcf271dg6EY1esNsBAAAAACtnbd1T88gWWjvJzjRyZc9I/rnO1SQit9w5z0hKE5FnnynWIEoSkdvvErn73mLtI6nISvryl9ztmWwk+7G7bnfUMqpbG8nRTmkmkt2e+B/fICOpF9RIAgAAAACsnLX1kppGVk2fwuOhNZEc7UmqagaphT/7ZZGXfjbPvHnlhSwr6dY7i/2/594sc+j7f64yd1TNJBGRO+7IMpHuuKPYZxGRP/v+PGPJ3L7yhWL/ctvsya6aLV5VE8ncafZzoh4X63HX80Vkg9SYXhBIAgAAAACsnPWyq2FdEMgKBNlFpU12zez/KgA1e7puT81eZv5z613ZrGyvvDAPBP3wGZF//q8L3RARkd+8N7v9xZ+LvPyyyAsv5du/444sC+nO2/PFvQ3Tznf+0hoOl4h85Z5831Kxio1b7SSe9mabpLYzlXxWlnM/uh73PP8QEY1esNsBAAAAACtnzRoWFZOJpGse+ZZztWtnIhVmOZv+53P3irz0Qvb7REReflHkB0+L3HNfMaPJ+M0vz9t76aXs5513qA12ZAJJKvL4/12sT/RbOhvJkYmUeNoL2c5Uiss5H1f7Ua/vEEPbekEgCQAAAACwcjYOTQtuT4qZQ1WZRjO64FHqflhnJOX+aw8BS0VO/Up2e+XF+XP/8s+z5e65dxp/cdQeMhlCd96Zb8/uo+7un/5A5GevWHWUpkEkV79ymUh6+0T1y5NxVaALTbk41ptOZ907TESjF4woBAAAAACsnLX1bHibcwYxfdOzi1mzk+VmK5vSs43Z9YVcs5OJ5DN+fu9f5WdQm0g2fO37zxSzo/S6UrUu8WzTY/85CyTZ6/jKPSK/dY+/X759pLOdUtU/Uf3Q/S99PFWPT38/skGx7b4QvwMAAGhgMknlYJLKJE1lMsk+5ZYVH11G2TfXiaytJbKWJLK+lv0OAEN36LDI/m5FJpKrlk9V7SRRy+kZz+ynezJ+fv9fi/znP86nL33/e1mbX/xyfj3mP74aRnZ3X3hZ5Ds/EPn5K/OZ3kREfvV2kd/+QkW/KmoiObfTMRTP9RwvTybTkUMVz0Nnkp1dV832/hzmZAAAACMwmaSyfzCR/YNJ310ZnERE1tfXZGN9jYASgEHbfl/k3V9U1Eay/6+K/hQet39xvP1VXXznmk+y2kjf/968CLb984tfzopp36FrIXna+/krIn/2A5GfvVxs61duF/ln94j86m3V/ZvxFO8u1ESytsdZEynmcev/N31A5IPXlfd3Wezu9d2DPAJJAAAAkfYPJrK/P5HJsD5GDc5aksjGRhZQAoAh2tsV+cVb8//rQJDvbb5qOWdAxVWMuixTZ7rYKy+K/Mn/lS03kXmgxQ4GfemL2f133l6sn1QIHlmZUpMkCx79n79f7JerxpJ3P7g4nq/3hzcQF/D4qV8WOboi8QMCSRUIJAEAgCHb25/I3v5B390YlUMb63Jog2ASgGH6xVsiuzvZ74UAkA74hGYi6YBMRR98mTwi8we+973sprOJQn/OAlHTAJJMayKZ4Wx1+1UWeCoEhloKLB07LHLql/z9XjZDCyRRIwkAACBQlolEECnW3v6BJImQmQRgkA4dEdndzX5PdCTDVTspKc7iVlUTyVFSKWwWNKsfX/py1v6f/0UxQOT7aTeaWtvwq56hbDpw46qxpPuV2069n1xZWa7fXUpqKh07XPFcdIqMJAAAgACTSSo7eweSDuuj02gkSSJHDq1TMwnA4Fy7KvL2P2a/x9ZEmi1n/xJQM8j1fFdxa1d7IiLPfC+7/+m/iMtM+pXbRP7ZF7Kfof2acfXLqmlktxeUadSgZtItHxI5cbSi80tkaBlJBJIAAAAC7O4dUFi7oY31NTl8iLmaAQzLZCLyi78X2d8LH7oWVBNJC6g5VKe9734/++8Lr+RrIUkictftWdDorttLCmkvsiZSC0PfjmyI3PphkVVKch1aIImhbQAAABUmk1QOJgSRmto/mDCTG4DBWVsTOXw0K7xtuDKRZv9N3culVTWRHOk6ZbWHQtv7p7+Z/XrnyyL/78vzh1IRefj31Xa4AkXWY+l0eF9VTSRnsfBU7Z82Hlf9TEXkuiOrFUQaInY/AABAhYNJ6p25B3EOJuxIAMNz5Kgq32PqAiVWjSBXDLykJpJ9sx+zH0jUraq9XDesOxKrzdS6udrT/bK3JZF8v8TTL92e/Xx7+cLjSeTjar8lSRZIQr8IJAEAAFSYEPxozYTMLgADdOSYyOFj8/+ndnbM9PdUZRLp7CRRSUf2Teznp9Pf0/l6Up2N42kvt4huT7JZ2VLrp6s93S/7wVTy/SpkCamhf6nqj2638Hha8rh4HrfuuO6IyPUEknrH0DYAwGhdeu3N2e+nPvaRha970etEfyakI7WGmByAoTp6TGRne/ofnXmjaiMVZmlzPa1kaFphljYzw1nD9kxG0qxvnvZmy6qhbpX9StztODmKhVc+rn9Xj69Sge0hI5AEABitb577zuz3f/dv/mUv6/78Zz8ln//spxa6biweM7W1h30JYKiOHBPZOKRqJdkLpKp2UsmsZfaTdSaTT2hNpFktI9XexMpESq1snpCaTWXFvWf3+Ypx65pKZn2q/aY1k44eJhtpKAgkAQAW7tkf/1Re3bocvPznznxyUNk/z/74p60uV6XLQFXssQjx1bNfabU9AAAWYX1D5Nh1Int74o+sVGToWDGQ/Cxo05+JCsQUmk8c7cg8EKPbsZf7P26fZyGlIvLb9zRrz7n5yfzxOhlH+vmzTC/f41Z/bjgqwsSfw0AgCQDQC3tYWpXPnflk6+s3QZ46QZqQANGl195sJZAUEkC79Nqb0cGgW0/ePGs75lgAALDMjh4XuXplmpXkyiRKi8PPxBN4sWsizZ4r+QwcHWhxtqN/8cyuliYiv3WPyP/zQ5FfvV3kV2+ryDDS7eh6Sp7+iXp+LqPI9bi1Yd7Hy9pPRI5sMKxtSAgkYbDMhY25OLr15M0iPdRB6ZreTlEXeGNaD+sYnmXaljbpIE9MMEkHh4YwrO25838bHQz6/Gc/tfLnwdBtvf7W7PeTt9zUa18AYFVsHMqykvZ3w2oiGbNZ3VKVieRazhJcE6mqltH099/+QnbzdbKQIeVpxx7O5trONC1mDOUe1+366iDpxj377QPHsmAShoFD0ZNvnvtO7kN/0xobVe1deu3NXC0RmQ496OIi4tkf/zR3oXXqYx+JGuagt8WljZok9nrq7Au9T2PbuPTam5UXf21spz4eXaxnEcdsEetwvU66WE8Zfbzq1v1ZxHFv4vOf/dQsOOxTJzgS6rnzfzv7vcmwrqr9V3f/2seuaj+1yXdOhLxfhrxGu/DKK5dmv99226mFrz/U+Z88L+d/8ndy5jMflzOf+UTYc/7m+Vkw6Xd/577egkmmD1tvXJatN96a3Xfylpvkd3/nvl76BABdOnZc5NpVkd2dYkZNVE2kitpDddvzCa2x5Mto0ot5i3vHZCLFPO6oqSSpyLHD2bA2DAeBpJ589exXch+6n/3xT2tnCTz745/WCko9d/5vOwsk1RF6ES/WRXKdC+GY9XTVRshFvr1c3UBX6IV43f0Zuh1N1hG7HVLj4j1mHdLwuIS028QijntbqvadHexpkw54xA6bC81kOvWxj9R+T7eFHJvPnflkYTvs8yAkcIfumCBS9vvfycmP3rywoJCd1VR47I3L6v/5Zcueax4//5PngwNjADAWG4dEjl+fBZIKGTWemkjmP76aSFUZP8E1llRf26yxVFYTKZd5VJaJVJWpFPi4vU8/cFzkMJGLQeFw9OhzZz6Zu5j55rnvRGcfuC48Qy8IL732ZuvTV9e9CHZth+mXffGjl4kNwLVxod60Dd+22tv56tblwrkRE7RYxP4MXYfelthgjw7YmX1168mbZ5kkdj9M4eDYLLjY7ZCar9kyXZybXbyOxsyVvRmz3XWHw8W0X2cdrm3QgbhVOL5DZYJIIiJnPvPxhWYW2VlNbWKoHYBld+w6kZ1tkatX3Y+XZRB5M3+SlmosGR3UWKpqLygTqcWaSSeOitx4TDAwBJJ6dOpjH5HPf/ZTuYsGEzAI1bRWR9tZSXUuhF0FaX1BE7O/7OVDtiE246SrNlzD/nyzUdXZTvu5ti72Z+h2iBXcsTPwJOB8dZ3f9nPM+vR2mP6FvB50EKkqO0fvr9jXbGg/6uj6uI+Z6/VbJxNrEYEk2xDqL6GZ8z95fvb7yVtuKmTvfOvbT3ufaweAzv/N8yJ/417uzKc/4Q3snPn0J+Rbr/vX4WO3d/KjN8nJj97sfAwAltXamsjxEyI7OyKTA0emjqhZx0JrGVXUWCq051rO0naNJWd7joyo6Ewjz37wPi4iG+siNx4XWfPVVEJvCCT17POf/VTuAjvmArjqIjtEm/Us6mZT6PokVZk3ZoiGufAu22e+4I8O4JXRQRDj1Mc+Er3/YmpHxWynbx1Sc39WBUdc9bbKmD7/4R99I9fPmIBN1fltHjPPCcmyqTMsVHJ2qxsAACAASURBVK+njcw+ux91zitZ0HEfK9dQ1K6CSE1mgot9XWH47CFtMg3IaKHZQqXLfdr/UEgdIxMY+tp/+C+z+6h9BAAiR4+JXHe9yLvvWBk0qRSjJVYto7LaQ7maSJ7aQ872QmoslbRXq8aS2s5cppE9VM71uO/5Vr9DaibdeEzkxJGSDqM3BJIGQA9xC70A1kGJut9ctzW8rU4gyRUsCOmLqT3impHK8NUxMhfYdafvNtk3EhmIc13oV9FZa1VFgdvan2Xb1SRjwtQGM0LPvdCLfh0gfHXrcuXrKHYd4ggAV62njH3MzLlVJ0DZ9XEfK9/w3zrvl1WBpLrD0qSFIXdtcQXNXcugmg4ixRTZblNIoGrr9bdy9ZJO3nJT1HA4MpQALLPrbhDZ2xPZng5xS1R2THTtoSTfTmVNJE+mjzRsTzztJaq90ppIZY+HPL8kk+nEUZEPHtcbi6EgkDQAriFuVcNM6gQl9DrNxUIbQ1pcwZaQi1J9QRJz4WVfcIesq2r4VQg7i6jJRXfMdtrnRmz2S939KYFBntgAZt1aNDFFgkMDb/r4NSlEXPfCWgcqY4s++3R93NvUVfDKlY3Y5D0gJhupbBmXtmfxbMK8x5RpWstrFRQykRxD2oxH/+Cfe9v51refbjxrW9nQOZ+t19+KGg7X54xyANC19XWR606I7O6KHOxHzoZm10RSAZ2omkh29CWgHVd7uX7Ftqe2x5tRFPK4vYl6O6fPO7wu8qHjIofWXTsbQ0AgaSBihri1UUNDB2HavHg02xJCXzw14duGtgJITduoGxiRiMCfvd+7nJ7eaDoLlC+Tx1cwOoTdp7JzW5+jscf21pM3N87ksYshmwyUOm0t4rh3oY0ZFF18RcebDBULyUYqe9zFN/S2yfA49K8qE4lZzgBgfI4eEzlxg8jbv6hReyhRtYdUbaDQGktitVdop6wmksr48dZEUu05V67vq/O45PvleujD14lcz5C2QSOQNCBm2I9dkFgPcYutG1OmrawknVXx+c9+qpOLw1inPvaRxjNqtdGGNAyMSET2VZPsDt0nX5BnEdkqTQoa6+FavnPbfm01DYjVzXCxp2ZvEjRYxHHvwqKGSDXdv10Maaua/bGvYJKeQdKwv+gIWWaVbb0xHxLmCiKd/8nfyfmf/N3CsnjOfObjpY9vvfFWbhhb1fIuZCMBWAXX3yCyvy/y3rv+2kOFTB5HRtIiaix5M5EU3S9Xe3VqGxUe15lKjkwk40PXZTcMG4GkgdHDTOyLYFe9niYXGW1lJdXNhmg6tKhpRski2X1to58hxyp2f+pzy/f8JlkdbQ4na8oEnOpqEgTRdZHaDBZ0ddy75gtO2I+HsrMi28gk1PvILlDuWncZXxaSXbvNLhhvMlMXFVC69eTNznXZXw749ukQvkAYAjNLmi+IZJy85abcjG4udoBn643LuTpGznU7Mp2qsp/sAtt91XECgLE4cYPIwUFWL6l2xs8AaiyVtZdTI6PI+7yATKUbjmXZSBg+AkkDo+sl2UPc7GEw0sI31aGZG1Wa1MtwTeW+7OpcqIfsm0uvvdnq/uzieIQE/1wz7MWKrZ8VS9eRiTmmbddFGsNxD+ELYNTV1oxn+pyter/zbcOl196UV7cuVw6507MCCkPdRierh1QMyOjhbluvv5W7r0rVsjoryA4Qxawjpk8atZIALLv1jSyYNJmIXNt21EZSgZzUETBpXGPJekrdGku+9pz9LKt5VPV4RM2k645kQSTqIo0DgaQB0vWSXNPPt/UNddOspCYZUk0zQpoMf1q0NoIZepY6ve/a3J9dBBOazGg1JLquT2xGkf3cNmbmGsJxbyObsc/stDK+WfTsTFHDdR74MpCk5H3c3K+zk17duuwNkJn16PsM83xbW8E2FBWDSM8XHo+ZFQ0AMByHj4ic+EAWTNrdnd+fWL/kMpFs9qxprqFuITWW7MdbqLGk2yvMopZEPu7of+njInLssMgvXSdy7JBjn2GQCCQNlGsmJaPNoTA6Kym2PkpfgYGhDMdZFl3tTzvbLTQQ2kXdnKbF5O3Xhw68xFyMt1XfrC1Nj7sdJDFD05rUbBuqz3/2U7N9o2vW+epclQWQQov36+ykS6+9KX/4R9+YDYPTqgLW1C/qh848smsQ1alH5HPyo/nXb1lmkA5ikUUEAHGOHhVJPyDyztv5YJIRWhOpkInkm32tyxpLqj2dwVTrcWt9VTWVjmxkQaTrKK49KgSSBkoPcbO1/S2yHbTyzRTn0ma9phiuzJYhX4RqbQRp2gy2tFnAvWoWrjZmv1uUP/yjb5Q+XieI1FVdpDraOO72sTYZjXqCgDJ1AhtlRaqrjlkV1zH1ZXy5JhmwuYJIdc5/11C3b577jjeYhGHZev0t+da3n579Pxv29onZ77EBnK3X35rVSTr50ZtLn/+7v3Ofv0+v5/vkWxYA4HfsePbznbdF9vbCaw+5inHbGT7iCygFthddYymx2kmKMSr9eEGDWdqOHhL55etFThz1PA+DRSBpwFyBpC4uHHSbodkbfUw57rqI7PuCvMqQswAWuT9NxkrMOVz3fO/6Ajs2iKSDDn0PKWrjuPuCOU1mgBwTexiZa9999exXZoGtpgFUHUxyBc9d56QdzLKzqspUzSYnFNUOpoNIrbT5xuVZdtOZz8RnEumC3yIiJz9aXfS7DMW5AawyE0x69x2RnZ2w2kM5ITWRrBpDvoyl1tpz1C5y1mDSmUY1aiodOyTySwSRRotA0oC5Psw3mV2tTGzRbXtIhywomPPNc99xznSEelwXjG3sT/vc0cMzTUBlDNkUrgCr/fsf/tE3grN4dF2kPrV13H1BidCMOz1cd0zKhrTZzH5tY/tMIOjVrcve9en16JpJY9vPYxYaRGpSJ2nrjbdyz68KKrmCSBJQxLsKgSQAq+7YcZFkbRpMuuapZWT9J7omUuJZThf3rtNeyOxraf45uRpHNWsmXXeE4WxjRyBpoMq+Fe7iG/8mRbe7vjB21RqJzQjpUxcXb02Gx/n2ZxtDznzDgPT5/M1z3wkKwvSZzeU6v+zCx6IyRHyGUhep7eOu66sZdbavakikWLO66X1oD2f7d//mX3rbbTN4GVobrouAf1fvJ1Xtjjnwt2gxmUhNMpb0ELWyGdN8QSQAQDuOHhVZmwaTrlyZBnhcC1bVRHJkEM1qGbmaa6HGUis1kSJqJt1wVOTD11NYe+wIJA2Ua9iJXXA1ppZRCH1RWBWsqhr60BZXQG1MQaSh6Wt/mot/O6vMdw63UUOqqwCU3d+QYJK9v/sMInV13L969iuztkOHThm6zlcXx8x+D2srAB+bXXbptTdbrWnWxTkUEqCyX7tjqXM2FGc+8/Fegzi+IFKT2khf+w//pYWeAcByOXxY5IMfFFnfEHnvXU+NIkdNpMJyOnMoKS43E9KeuNub1URSQ9FiaybFPP6h60Q+fJ3IofXAnYrBIpA0QK4g0uc/+yl5dety7iI8tt5MldCspEXV1HENZRvCTFd1NJkZz2h6oT2E/alnIzRFg7vW9kWv6/Wo96OrmHUfuj7uQ39NmtdeG8OCq2ZpE6sukcmO8s3cVgfBm3EwWUEmUJMNP3MHkmJnbbOHs5285SY5+dF5BpLORtp6/S05/zfPlw6fazK0DgBQtL6RBZM21kXefU9kfz+7P1cfSBwZRK5aRuopTp6aSMHtOWZ3i6mZVPn4NGvq8IbIB6dBJCwHAkkDUzaTkl28VTqYuSc0K6nri2PXMJcxzfY1NF0OZYulz7GQC+w6F/9tZoD46KCY7mffQaQhHXeX0ABU05nY7OPUJCvJNeue2ccy8KL6WLwzn/l4UO0gexkzI1vZ887/ZB4YOvnRm7zLOotq33KTnPn0J2bD6fTQOABAe07cILJxSOT990WuXnUPTausZaQeN/+pWxPJ36i6P6JmUsjjJ45mQaTrqYe0VAgkDUxVts9Xz34lF2Rpu16SzkqK7V9TvtmkhpzxEKtOkEMfi9AhRG3vT9d05rF0AEbroq6MS9OaL/o5dqaZq+3Q4aD6/HA9r+r4LcvrqI3gjB28rJuVpPenKbZetk7j1pM3l75e7cw2M7OhTxvDPrEYsQWo7cDPyY/eHD0bm3byozfnsqBMYIsMJABYnGPHRA4dym7vvy9ycJDdX5ZhlFbURKqssaQWcwWe7OeLvZyj/crH1Sxwds2kjXWRDx4XufE4Q9mWEYGkAQkJ0phvwruql+SaqWpRWRa+2aSGkD3RVFWArooOLoTsky72p53h0lXhX1FDAesES+395br41llvXZ5nJnhRV2wgaZlfR3U1yUoy77FVfNleIUE/0zdTUHzRYs/P0GD4Kp9zsbbemAd4vvXtp0sLZ4c4ectNcvKWm2Tr9be8bVEjCQC6t7EhcuONIkeOTLOTtvM1iVyBIFdNJGeNJT1bWkV7haFvLnUeV78nqciJY1kAiSyk5UUgaSDKhrRpXddL8l3Ed5mNpLd/SENwutCkVkvIfu8qmNA0ICaBF6G3nry5UfCl6rll2URjRhDJrUlWkm92OpM91Hatuq6Z4t+vbl2Wr579StCMeVpoYG1M+6Vvv/s798m3vv30LGOojWCSqc9U1sb5nzxfu30AQLhjx7Jg0tErIu9fEdnZye4PrYnkrbGkMoeCayLZs6zVeVxUJpLZzkMiN0yDSGu+YBSWAoGkAXB9410VLNDDg9oc4hZSdLvrINKyzcoWOyueFjtL3qKCCU2LF/uea2cRxV74h76WdAH0WGXDDZucw69uXc5tQ0w7BJH8mmQlmYCROcZj3Kevbl12Fl7HcOhg0vm/eV5+95Z6GUNGWRBp6/W3GOoGAAu0tiZy4kQWVLpyReTKVZG9vbCaSElIbSQ965v9uPX8wixrkg8IBT9uZU4dngaQbjgmcphhbCuBQNIAmGKtRkiQpsshbr6gR2wwI5S+iF+2IJIROiueFhtk7DKY0DQgpoOmvpovTdYTOvyy7vEwqoYbtrnPQxBEKqezkmLeL8dWW0ocgc6yAFLI9sXUchLqOdV25tOfoAA2ACy5jQ2RD3xA5PjxLJh09arI7p5naNr0P6mvdpHirbEUk2kU8fjRQ1kx7RPHRI4QWVgpHO6e2fUxJLIgbpdD3PRFtj30oc2iva7tX1b6uIQER3TgJbbI8uc/+6nWgwn2sLPYC/KYoKk+B0PW02T45TfPfWc2ZXsV137u0yKOe9/aCEzY51TbQ4LFmilPegiI20FXKQkc6WHDoUPQ7L8ByzzsuG8nb7lJznzm4yI1CnbXWRc1kgCgP4cOidz4AZHrrxfZ3s7qJ21vZ4+5aiKJyigyQmoseTORqh73ZDJddzSrf3TiaFZUG6uHQFKPXEO6Yi9I9RC3b577TiuZCHWmaa+j61nghsaedc8E6HwXnDqAF3J+LGJ/ugKYVetyTUVf1Td9DlatJza4Y4af2fv4D//oG6WBUt929H3eLuvrqM6QwzJNM+p89HnRR5ClrM7RWOs5raqyAJJdlLsNDG0DgP5trIucuD67bV/LgknbOyK7u9U1kVzFr32ZTbPAlLXc7PeATKWjGyLHj4ocP0IRbRBI6pW++PvcmU9Gt6GHuEmLF0e+adq7vEgtm1K7yhAu6Ku4hiSa4IVMsy5MIVy97+ucH13tTxOAsYM8z/74p4UhLyYQoLcl9Fh99exXcttg1mM/17WvQtt3vX6e/fFP5dWty7PtuPXkzaVZHkM855b9dRTDBHlMFo197lYFc6vaFTWTodHHsC5dENxkHslIazqtuq3X35JvffvpXI2jtoM+W6+/xTA6ABiYY0ez22Qicm1nftvZjayJ5PyPut8KQCWemkjHDokcPZwFj44dFllfa3FjMWoEknriyiBoMouXfTHdVr0kV3/aLrK9isw+1MGLMiFZZosuovu5M5+UW0/enOt7yFT3sYGKr579SuFivWx/xbbvOh4h22FfqPeJ4sluOkvIPlZ1hk2KGrrm2u99zjZpglcMO1sOJoBUFjzqeugbAKA/a2six49lN5EskLSzm2Up7exNi3RPVE2k1BE48tU+ctRMWkuyotlHprej0yAS4EIgqQdtDGnTdPZQW/U/dLbGMmUq9MnsR1c2jS1m9q+2hwFVsWurhE4HXifzw6zHNbW9Xq7uRbQJPlWto+l6urDo474ooYXZXc9zZQm9unU5VxfIfm8rGzbpa8/mOifqBPiq3g/0Om28Ny+fk7fc5AwknbzlJjnz6eZBpCbtfOvbZDIBwCIdOZzdjP0Dkf19kb397Of+QXabTET2J1lQaTKx4kRJdltby7KK1tayIXUb61nx78PrIoc2qHeEcMnObqrrc/Xq8KG+ewAs1qXX3iwEA8Zay0RvSxfTpS/LOuBmAim65o+vELo9jE8P75KKwJ+rrpYOyNhDOEPbLXteG+oGZbUmQyBDLdPsgVev7dV+rh0QsoerLdrW62/J1hvZe9vJj95cuy/nf/L87Pe6mVHHj/KBDwCAULv1P4Z0gowkoGehsyaNwSK2ZVnWgWJBeR9fto0OhLhqBJUdRz2ssaqgO3WHUFefwSPbyVtuaqUvDKsDAGC1EUgCAPQiJBhTVvMqNgPJ175Mg0iudX3uzCdrDWXssuB2H8W8AQAAAIOhbQCA3phZ8mSaUWQCNiGZPyajqY26Vfa6AZcmQ9tQxNA2AADCDW1oG4EkAACACts7+5IO6yPTaCVJIseOkBQPAECooQWS1vruAAAAwNCtJXpOZdS1xq4EAGDUCCQBAABUWCP60Zq1NT5+AgAwZvwlBwAAqLC+lgihpOaS6b4EAADjRSAJAACgwtpaIuvrfGxqan19jewuAABGjk9EAAAAATbW1yShVlJtSZLIBsE4AABGj7/mAAAAAdbWEjm0scYQt5oObZCNBADAMiCQBAAAEGhjfU02Ntb77sboHNpYJxsJAIAlsdF3BwAAAMbk0MaaJInI/v5EJmnad3cGbS1JZGNjjSASAABLhEASAABApI31NVlLEtk/mMjBwUQIJxVtrGcBJIazAQCwXAgkAQAA1LC2lsjhtXWZrK/JwSSVSZrKZJKKpOnKBZYSEZEkkbW1RNaSRNbXEgJIAAAsKQJJAAAADawRNAEAACuEAesAAAAAAAAIQiAJAAAAAAAAQQgkAQAAAAAAIAiBJAAAAAAAAAQhkAQAAAAAAIAgBJIAAAAAAAAQhEASAAAAAAAAghBIAgAAAAAAQBACSQAAAAAAAAhCIAkAAAAAAABBCCQBAAAAAAAgCIEkAAAAAAAABCGQBAAAAAAAgCAEkgAAAAAAABCEQBIAAAAAAACCEEgCAAAAAABAEAJJAAAAAAAACEIgCQAAAAAAAEEIJAEAAAAAACAIgSQAAAAAAAAEIZAEAAAAAACAIASSAAAAAAAAEIRAEgAAAAAAAIIQSAIAAAAAAEAQAkkAAAAAAAAIQiAJAAAAAAAAQQgkAQAAAAAAIAiBJAAAAAAAAAQhkAQAAAAAAIAgBJIAAAAAAAAQhEASAAAAAAAAghBIAgAAAAAAQBACSQAAAAAAAAhCIAkAAAAAAABBCCQBAAAAAAAgCIEkAAAAAAAABCGQBAAAAAAAgCAEkgAAAAAAABCEQBIAAAAAAACCEEgCAAAAAABAEAJJAAAAAAAACEIgCQAAAAAAAEEIJAEAAAAAACAIgSQAAAAAAAAEIZAEAAAAAACAIASSAAAAAAAAEIRAEgAAAAAAAIIQSAIAAAAAAEAQAkkAAAAAAAAIQiAJAAAAAAAAQQgkAQAAAAAAIAiBJAAAAAAAAAQhkAQAAAAAAIAgBJIAAAAAAAAQhEASAAAAAAAAghBIAgAAAAAAQBACSQAAAAAAAAhCIAkAAAAAAABBCCQBAAAAAAAgCIEkAAAAAAAABCGQBAAAAAAAgCAEkgAAAAAAABCEQBIAAAAAAACCEEgCAAAAAABAEAJJAAAAAAAACEIgCQAAAAAAAEEIJAEAAAAAACAIgSQAAAAAAAAEIZAEAAAAAACAIASSAAAAAAAAEIRAEgAAAAAAAIIQSAIAAAAAAEAQAkkAAAAAAAAIQiAJAAAAAAAAQQgkAQAAAAAAIAiBJAAAAAAAAAQhkAQAAAAAAIAgBJIAAAAAAAAQhEASAAAAAAAAghBIAgAAAAAAQBACSQAAAAAAAAhCIAkAAAAAAABBCCQBAAAAAAAgCIEkAAAAAAAABCGQBAAAAAAAgCAEkgAAAAAAABCEQBIAAAAAAACCEEgCAAAAAABAEAJJAAAAAAAACEIgCQAAAAAAAEEIJAEAAAAAACAIgSQAAAAAAAAEIZAEAAAAAACAIASSAAAAAAAAEIRAEgAAAAAAAIIQSAIAAAAAAEAQAkkAAAAAAAAIstF3BxDm/IWLhfvOnN5s1Ebs8/vWxj4Yqja3rYvj3Pe+X+Xzv+997+tHV30Y4nEaYp8AAM2Z9/fzFy7KhYvZ74889OBo3ufH3n8A40UgaSTOX7gojz3+RO6+y1uXop5//wNnc/c99eS5Uf2heezxJ3IXdGdOb8qZ0+cW2ofzFy7O/lifv3BRzpzelKeebN6Htratq+Pc9PxrapXP/773vSx4/+n1PPLQg/Loww8G9S9kWd/zy7ZFvz7rrgcAMCz6/V1E5JGHeutOtLH3H8B4EUgCPMwfZnMR78oMMYGlMQQksFiu4MtQAxBf+/oTcuHiRTm9OT+Ph9hPF3s/m9dqbN/N88+c3pTTm5vTQC6vacT72tefCFiqHzGvC9ffu74N8TVpPgMMUez72BC3YxHH/JGHHpTzF/J/qx97/ImFf1FZ19j7D2C8CCShsbY+OPdx4WpnGNn3xSj7g/21rz8xmgtyrDZ9QTSG8/ZrX3+ikK0VG0yy37/mgWE+gCOeK3twKGIvyHUQfAiGGIgf8jEXCR/e5PriYwgWccxNwM3++zemLwnH3n8A40UgCY219SGqjw+IXX5wuv+Bs7MgFePVMWR2IFUG+s2/y6MPPzgbZmqrm5lkjGX7AQDuLxWaavr5MGYI+tj7D2A1EUjqWWg2j77Qi3mu7/kxKdlD+xawLfpbnNjnmmEwmgkiyWw/16/fssw4/4dB7wd7iFtb9AfltuqLPfXkuUaZSfp5jzy02GPdxXCSJoX67f1hf6N9enOzk9eBvU6zL8x7q3Tw2vMNWe5ynehX1XnNUFYAAOIRSOpZk28gmn57EfP8Zf1gfXozLpBkLnzLPnT6AhRNsySWEed//1wBuQsXL+burxuIW9R+M+uJDSa5tv2xx6u/GQ5ZRgK/0e1iaExsIfSyb8PtgPhjjz/RWkC8ap12wKetddoB/kWtE/0x56yvvuF8mew+jjkAAOEIJGGlnTm9KY89LrlvJ+f3Fz+AhlycnTm9KY889KDzImlIwSRTYLmumLRphvaNS0iQqCr4sejjXTeYtOrKgisuJojWZIY838V92TqbDBGuU/+lznlz5vRm4+EgQ51hcmxBljpDheoc80cfbr5fXH0dwrCiIZx3AIDhIpCExobwgaeusg/+5lvKOh59+EFvMMpcFLUxrKcJV22ZGDHPZSra4Rpuodh4ZcEkPXyli5oUdTQJ5jYVG0SyufZp6DrrMEOEY//eNCkiPJT3asRp8tom8Lw8FvkFVmxwPMTY+w9g+RFI6lnMjBp1n+trg2+aupVdZLnrt5iLmyYXKKEfll0XUUMJ/nH+92vIU5XX5QomuQIeQwgi9elrX/dfOOgMTd++Mu9hoa+lsoCOXaOoLMgd+77pW6feRt86z1+42Hj2TZPht4jgxM0nT40ue6hNZX8XQ495G8Gkr329XqC1jlU/5j6LrH11/kL9eps+Y+8/gOVHIKlnoR+IXR+OYj5Mm29zbUMdbnTzyVNBy52/cDF42T4DJ74siTYuUMaO878/vgsuX7Fpvax94e/S5761Z3NzFfV2BdDKzgf9bW2b544rwNm04HdV33zH3qxbP//Rhx/0PifLTKp+LfoCV2VF131B+ND3TV+gtOyi25WlVTf7Sg/j6/rC0Gxv0+GHY+YLIvkCnmaId1vH3D5nL1zcDHptNMExBwD0hUASsACuYFLfH/hOb5YHAmyuD9oxF7urHLAZKl8QyXVO2gVp7WWHfFzNbG6u7XFte9lr0TXMtctt73q/+oJIZcHZsoC4PQtWzDqr3gPLhipWvXeWBUrLnvvUk+dKgknhQQHfTIJdBxb0+mSFhmn5AodlWXOPPvyg84sGqXG89HkT+tpoos5rAwCANhBIAhbEvijqO4gkkRcXrmyCvvs/Rk3rUhmhbfguYHzPX7Zj6guKaU0zgNoUGtytq+xiu4qd6WWruuD2rTPkfPOts87Q4ND33UceerAQWIgNCpiJHJq0EcM3+9+yvabL+AKHVfvbBFH1MMjY4+U6b7oMHvoyKwEAWAQCSVhpZTU7XBecvuVDL2hMEe42LiSyNqqzLaqGIGFxfN98xwotHuwb0mkunOxhN6tyAWK23b7w7utieyg1KWKOfZ0gS8wQyph1lmkSVPHNvBkTFDDv800zm0INPUDatSbBSmnpeLna6DJ4uOp13qpkw/367kV9Y+8/ujc5EDnYn98mB9ZtIpJOsp8iIqmIJCIiayJriUiyJrK2nt3W10XWN6a3Q9n/gRAEkkbCFzQwzDj/soCG/lA51GEpvg+/McOrQj9gxV7IhS5fVly1rf3uCkiNcQhSiFU6/xfFLgYvK5a5sMgipkPTNGvFd8Ht0/QCXyoy63x1b0LbKFunK6MoRhuZTaFWPRvJJTaQ5jpedda5iKwkXzbSqh9z21AC9XWNvf9o3/5udjvYE9mf3lIrUGRLZ5Ejdf9E5EAk+2fPWm7aQLImsnEoux06PL0d6XzTMFIEkkai7MLHrsVw/wNnnYGDMV04lRVBtZ05vRlcz2WR9HTTfLBrbpXO/0WxCwBLxYdW32xWIYa2310XYFWz1+ltvXDxYtSMd77zr43Z/L5PQgAAIABJREFUCGO0NUvf6c1mmRt1MmViskUuXCzu19iszNjgla8NV7/bDiQxxKm77Jw6QxoXkZVENhKw/NKJyN6OyP7O9OeuI2CkfknVg6ledho4SlP3culEZHdHZOfaPMB06IjI4SMiR46KHD4qsrbW+qZipAgkjZwu6GmGzsRMyVyX+XDUNl/gRa9riMO19PHoe+jMsuvz/B87X02VUKFp90M6Fk232W4n7r1vuFmBdYM6odk6rqBOHTHZIm0F6NoYmubLUGnrb4KvqPgq/c1pq+ZbbLadT9dZSW1k+QEYrr1rWeBo71qWdTSTWGPU0vldIiJpov4/XS7RAaZE/VTtzRZL5u3u7Wb9ufJelql05FgWVDp6rOUNx+gQSBq5qkKkXc8W0nYgqY3+xvSp7CIqtq6H7yLVTMs7pAvqZdHn+V/HMgwzHArfBbTLEM8FH7uf5rzW22mC6LGZdm0FdWKydbrMuop5r6+zzjaGOi0qK8m2atlIXWf2xR4rX/ZhW8e8ac2xVTH2+pBj7z/iTA5EdrenQaRrKmPIlWmkAkDOTCXrTt1e6XK+dlOR3d3s9t7bIkePZ8GkY8ez+kpYPRz2JeCbrnioF9ND4vsGr843fmdOb8rlrUvOYyEDPR6hmRWuC9CQYTKLGFI2tvN/aP1Bf3yBHROU9r025wGm7P+h53mbF9xNMjfqZgeFWERQIVZXGSpkI7XPNWyzTgC2abF2H2ojhav7xY05/ucvXJQLFy/29gXQ2PuPMAf7InvbWRBpf9d6QNc30oGgZBrvCcxEmmUY+drTy5l21VA4OwPq2nZ2u/p+FlQ6fl2WsYTVQSBpSYztYnrofJkOId8oPvXkOe8HfFPDp88PffY2NMkqC8sGWcwHGM5/hOrjm/uY+iq6xlqIIbyviOP9cRHFYvtYZ6yu6uaQmeLXdyaHb/hnF8cc7XG//3Yz02IXxt7/VTLZF9m9KrKznRXPNoIyjaa/pCWZQ87i2652XOt11FByrd9ElXZ3RXZ2Ra5eyYJJx68X2SDCsBI4zCOiv4nS2R6+i+muphtepEUWpS3LtAm9YDOP+4a6SQ/fGttZDr5p4Ydslc//Ljz6cHjgwfXhdIwBuqEVXXcNd6o7lOqxx6tnLkR/7KykM6c3W8kSuLx1qfClRd/BxD60NWRTPAGguu3YwcOujvkQAsjLZFHF0rsy9v6vgnSSZR/tXpnOulZSm0h0ppGjJlJVraNCu+b/vowle71JMbBlHktVxlQiIvv7Iu++nWUpHb8+CypRmHu5EUgakWJQovihxHUxbS4Cyy4w7OVD/9j42tMfbMf2QafqG7/QQFBVMGlRF7VVw2TGYmjnfx18kGvPow/7L8piM3qGylUjw1UTzDh/IZtNLub9lnPSr819Y97v2x5mYgLCbc3Ih6K6fzuz7LAnOj3mY/psNRZt1Ebr09j7v8z2ronsXMmGskVnDNm/6Iwhc3daHLrmbcdeb0lmk/lpL5dO158k7uV3drLbtW2R667PaihhORFIGhD7g2CTDwe+i2nXhw4dZMg+7Db7RnvMqdehH8ZjgklnTm8WLmwXOWa97HjYF6n6w3KTsfl1LMv5b7eNbrXxGurqArzJORwScPANn/UFqfs4H9vOJK1bl6ntYU51v93vMluszYAC713taPPviQtBpHJ1hwq7NGmj7pepY+8/5iYHWQBp90r2uzNzSGf46Iyh6c9ZxpDJIFI1kVztJSG1kzw1kQrtqfU7E6Kmv2xvi+zuZEPfrr+egtzLiEM6MObCwPysOwTJV9xTHB8+2kyBdV2UdTUTWxeBmJggWGgw6czpzVlwQwb2R9nuhw6+xAa7vvb1YtZT7HaO/fzHuPhmWmxD1bnvu1gPfX+oznjsdoibqyix1tYwoabaHPq0qnhPXG4ED4Fu2FlI4polTf3iGZlWWcOoLMMpdazX2W5V/5L8/ToeVijknYrsH2TD3XZ3RU6cyGZ5w/IgkDQg+sNu029u/bOGzL+tdq2j7YuQsqlwhxJQEU8NHv3hSu/T0LokJpjUxTbbU4SHXNj5irHq4EvseaDPtdiir8t6/uu2u7iwbpLh5ptlMOR5If0a0mt8DGL216MPP+gc6raIwHvd4EyTC9ahXOy6sr26HE7ZZtu8Jtvhywhsy80nT7XWVpOMGAD17byf3SYH0ztcGUHTn76aSDO6JpLkA0tVs7Tpx33tls3S5n2ab6ibtdy17awm1PUnRE7coDuBsSKQNCD6Q3LTdHzXN9auIQ/6grtJVkZVMME9lKh6PW0GGVxcdZ1cF0qufXr+wkW5+eSpyuLDbdZEsjMpQi6uQobKuC6OQs8DVyZa7AfXZTj/q3R1IfzIQ500iw6dOb3ZStF7Xz2M0HOYDDy/oQSusDiLnNgDwHKaHIhcey8LIhmFTJ+A2dmSquVSq92S2kkupculxQyoWfuukXlpsU3Xevf2RP6/X2RFuU/cwMxuy4BDOBBdfWC1v7E2WTGuZdyZG+1nZehvVkPX03aQweb6ZvHRhx/0fgvsG1LS9gWZ2Wbzs2xIVpmYbyN1Flbo8WmajbQq5z+Gr+5ruK+gg2uWHlnhANFQhtON2diCKa5hlgxnXC2+Lxt9f/eNPutX2sbef8wd7Ipcez+bmS0oY6giE6iQMTT9ry9jyFc7yZuJZFTMHqfXn6uNpGd3S8qbf+89kYMDkRs+IHL4sO4YxoRA0kC4Pri1lX5uZg4p+2PUxnShIVkpdbI/urxAc9VICQmC6CElZ05v1jpeZbMv2VkGev/EHJeYZXV2Q8jxaaMu1jKc/xoXMuNUpyCyfr0Ogev8q1us2iUk2LCIC5pFXzRxkbZ62i7WPkRdZ333ybctvokWhrbtY+//KtnfyTKR9nb8NYeM2NpElZlGMbWTSjKhCsu5V5OvjWTVRHKu185smrpyVeRgIvKBD4gcPerpBAaPQNIKCJk5xFecOCYrI+SDSJ3sjy6DDK4aB6FtP/XkuVkdg6rgk51dZPZTzAWd76JNT1t/enOzUd0GV3ZD2fHxBeKG9EFmUee/1uW3+l0GV111tEKPc0idLrQvpPC1T5uZS6522sqWCp1dz1eTrw7X81xBhaqsgdh1Dv09dWj6yEIzM7K2wfW+2eUMfy5jf99uK2u9r9fZ2PuPaVHt90T2d6dxk8hZ0HSEJjrTyNNe41naXHcn+eeV1UYyXDWWdq6JvJ1mwaRjFOEeJQJJA9F0aFBTrgBC7AeL0D+EsVlJXWV2uGYZi93vpoC26XvTgFEZ1z4y/zcXGtlFSLP1uLKS7n/grPODbVtFYJfh/Le5nttWkdtFZL+4i5AXlykGkjrtFhpqawhQaFDHp63gVUwbddYZs2/avIALea11aRmyU+pmlcZ8EdPeFwPF12Xf+3wVsrCAtuxti2y/K3KwN7+vtOaQlCynHnDVTtI1kRzNumsyha5XzQ5XCBSpDKQ09dROMkra29kRefvt7P7jx11PxpARSMKMKyuji2LLsVlJTYM9rv77ZlyJvdC3P+DXnf0qdD1aV99YumY8O3/honzt60/k9o/rmI95RqAm5782thojWDzfkNA654kr4OHLnNFBirbes0Jng5SawavQbRRPFlSdDMOxZ2nU1WVNwi746oTF8j1/rH/TQo39PK/799b1GbCtL8diJlIYe/9X3d61bDjbZD8fIKnKBPJFXqpmcfNlKs34IjpJ/u6q2eNEtV9ZE0nVRip0o6S9vT2Rd97JHiMzaVzW+u4A2qkx0wZ3hkHYt3Ox32C6hs64/pg2/ebbx9W/RWfBVHnqyXPy1JPn5PLWpcoZ4drmStt/7PEnZsfDFYirG0RahvNf89WnAYwLF7MhTPatrtALQd85GHsh2TRLtM6Fa8wQ5zbey31/ewgqjEfsa2pVvwAY+3bX6X9Xny3rGHv/V9n+jsi1aSZSarKO0nmGj64jZGcTpY5ZzlJrOdPerF21XC4bSK/Xs3xw/yT//Fw7JTWRZv217tOZVb72dndF3n5H5Nq1iAOA3pGRNFBd/xG//4GzcnqzukB0aDHs2G8wXd+Mh35j3NaQCPsbzDYyaWLqlJhtOL25Od0X+WF2ix7K4PLUk+cKWVaPPf5Ersi4rc0LrDGd/77n2fo+lghX5wN6ncBKW3W5YgMeTbN1XEOCq9bnWqfOcKxaZwxfnaSmQ+qG9mVDF8YaVPBllMYcc1fgaejZWF0ZwzEH+nSwl2UizYazVWQazTKCKmZp89VEsttLSparzDQyKvpnr8tZE0kVz/bWRHLN9jbdHp3ZtLsr8s67ImtrzOY2FgSSBqCP+jDmA1Z2AbE5q7FT5+Im9KLCrK98prL8hz7XB7uqDzihF3X2trYRBNHBMR0skpK+D7W2jO/DudZkmN3Yz3/NddG7qhcjY9QkM6ipOsGO2PfINi64XW1WPe56XYW+77q2sWqdTQJmvqHPq2oMQQVfwDLmmLssewaaOF5fYzjetjqfIbp8fTetyzW2/q+iycF0djZH9oyzNlHizgLy1iaqWC71zeLmWW+hPXEvl9q1jAqNO2oiOWaFEwmvsWRnNpn2trezQNIHbxTZIEoxeByinvWRnuqaQeeRh7Lf69Qa8P0RNG3EzORkf+jz1eBpi12oui0moLIsf4hd9ZK0JjMKLcP5H2JZzocmsn3woPr/6vKda6awfdX+cc3uZZQFLpust25tuap1lvHV/Khapy9gVpUJ5duvY67/FmPMQYW6x9x3Xq9qBtqYvvio87e67fqOTQLPY+//qtp5PyuwnQuQeCI1VbOk+WoTlWU2mZ9JWSZSxOxsiWP9iVqmzZpIVTWWrl4VWV8X+dAH3fsUw0GNpJ65smf6+LBqf1gMrV8knj9ojz3+hNz/wNnZre40920Uw67y1JPnWmvTXCyN6YN3iLLtOXO6enhYmbGf/5rrA9kynhN1mHPF3LrYJ+cvXJSbT55y3j9EvgvV+x846w2ymgtj33tryAVF7HrNzI1NLrZdy5njVbZO3zZWMUFwzdR6c63T7NdVNfZsSt97rV3fTyu7iF6FwOFYhzIascPs25poxdakZtzY+7+Kdt7PbqE1kQo1j0pqGImuiVRRyyh0ucraSY7tTO2bpyaSlNREkuJTomosvfuuyLvvlRwIDAIZST1rOiNZG+sM4UoPL/sAFrKOM6c35fTmZqEN34V73X1T9e08/Kq+qTIXgnW/DRvz+R9qTBdiTfUZsCk7V839rnO0z/eAsow/uwC36WPV/g0N7IasN2SdMYHkttYZ817z6MMPOmu6mT50sc5lM7btfurJc85gcuzrqatZUYdm7BNDxAwLK8s2bFPM3/yx93/V7F0T2bky/U/VLGg6Iyi05pFYy6lMHle7IZlL4shI8tZOknyGkD1EzVUTyW6n7RpL770ncmiDmdyGjEBSj5oO6+nqWwTXMATft1axtX3sejSG/qDv+2MZ+oF2qNkHY1JVz0ozRbhjhrmN/fx3WUQW3ZCYoG/f32iGpOa7gknZse73gtH0pypgW+XM6c2oi9+q9YasM/Zi2xfYCV1nnQxIX2AhdJ2rFEQa87A2m5kowifkmI9122P18WVOW2I+Q5gMR5emr++6nznH3v9VMznIgkiz4toqy2Z2X0htojS/nLMd+xdfTSTdkYDlnDWZdC0jR8aQ/fxC3MpVYyl1RMEiayzt7Yu8+35WeHt93bUg+sbQth71Nawn5BsQ+77YCxSbuSgvm8berMss59ovoR9umBK1GfNhxTekxBUI1M8NPQbLdv67PuSN6UN5HeZbfl8W4SIuxnyBZ98Ql5hzdFEeffjB2ueKOT/rvEfXXe+Z05tyeetS9PNkepFfZ52PPPRg7b9Dl7cu1V7nqgSRxj6szWZeE3Xef9oc7j50rmM+9gCab6IXXxBmaJlnY+//Mtu9IrJ/bZpdo+oU2dk0STLPwpk97sn6EWu53H323VZGU5KodgPaK/RPteuqZVTort1eMv+ZWH1xtZfo9lS/Cu049sX2tsh77zv2HwaBjKQeZR9s51kfsbPQmFoZTWf48a2r6kO0Xq+epSy0X/aHvtippW0xF5TLqu43SyEZSPp88GWBmOBC1fkz9vPf1uS8HTNXcVujTm2oOgEeXwDP7Ht9ntoz9umAoev3GCEZNT6mdlRM4dM2Ah2mXlVZ8W6jLJAcu05j0essy4hqe51jsmzZlCbbMPT11OQLs7Ea8+cl13F1fYYoq9PZxmu87pcSY+//qjFD2lIry8hVD0h8GUmqNtHsF51B5Mr4Cck0qrFeSfMRI2dmkO6XySBK8u2koe3pzCbVXpoU+5dKVivp8GGR4wxxGxwCST2K/aDjkl20N++HS8iHSPsPWZM/aCaIFDL++/4Hzha+KS27OBjLB6NY9oXf6c3NoAsk1/PrXlSZC1BfG3ZASRzn0zKc/7LiM/74+Aodu4IV5rUce/5K4Ow1ZUO47PuankdVQjN4TEDJ7Avz88LFi7MgvbT8vmaCfiaQZXS5TnNc+linzqCz17msfy/KdD1Dap/s15Mva5JjnlmWYy4Bw51Dg/BmP9nniP2e3FUm7tj7v0zSicju1eynPUubrok045h9LSmpTaRrJyW6wcDZ3GJmh/PWMrL+E10TyVMbqaomUlV7iYhMJiLvXxE5ekRkjbFUg0IgaQDMB50qZd/+N9Hkj0Zb31jGTrkc8439sjpzelPufyB/selbTgsN3oRkpVUFg+wCp66+jPn8L8uCG/O3+aFMwMgMUwy5GNfnat0snpjZa0LqEHWp7vAx6eFDfR/n7aLXuarBA59ly0Zy4ZjnjfmY+7J57P6X1e2LyeQ0wZaYLxqqzrOx93/V7F7NboYvc6csYyh11CZyLp/mn+Oqoe1azluTyVMTKdU1kQobk39+aE2kQntWTaQ67dmBpytXs0DSDSdcHUZfiOuNSBcfhIYcaPFdjMdMNz2WD0Z1VZ0Pvn1V9jwTHLi8dSlqdqSyOiRtpGAP8fz3Zd4M+XWlmfpl5langLKp0WOy1Hxij1/ZeeO6v2y/V52jwKrSrwleI8tvzMe86u+MlNQOiq2BFbtfQpYfe/9XyWRfZHfbURPJV/OoUBSo+HCh5pHdrr28q70aNZliaiI5axlF1ERquz29+e9fzQpwYzgIJI1M3UKlmqkHMJRAi+uCvEmB71UIIlUp2weuoIxdtLfuvvNdrLcVABri+a8LFq9abZVYMbXTqoJS9ntE6GvePkfNretsBc4HDJl+D1v1v52rYOzH3P4s4Hvv1zXwLm9d6vS9OOZz59j7vyp2t0X2d4oZNanKCJplCU1nY8s9HrKcY+a22eNpfr2zu9R9ejl7/a56Tql+XNdRknk/df997aUl7aVWe7rfoe3t7IhcuSIYEIa2jZA9FKhOceWhXtSYb2nuf+BsabDAXEDqbW97KMgiZ6zR6wpd9yMPPSinN+vtBzNUrIvCsnbh4JC+1GlbBnT+u2rywM11ztpiXsfmveD+B85G7/dFTpk81PdcwOB9a/WM/ZjbddbKHm/yRYEevi3q81mTz51j7/+yO9gX2dsu1ibStZEKtYnM4qo2UWito9niyXwxcdRk0us17f7iksjPn8vW/w+XRCapyIdPiXz4Y9lzf+1uR3dKhrrNlrPW562xVDI0ra0aS1e2Ra47LnLokHu/YbGSnV09SrNfhzkxAAAAAAA9uPauyPa78/87Z0mTksftXxw1kUKXc67XEYD636+KvPCcyD9Og0e5m8x//7W7RX79nopZ2qzmt14UOXmnerCqxpJqpyRelmvPNSTQ1c6HbhS58YaKFS+p3b2+e5DH0DYAAAAAwMqbHIjsXXMV+7GoGkZVtYl0TSRne4G1k+yaSCIiL/61yMX/JvK/pkGkVKbBI8kHkSapyP/4gch//bcib71cki1l1TD61h+LbL1UrNcUXBNJtWfXSdLteUtMqXaubIvsUytpEAgkAQAAAABW3t41kf3dgJpDjhpGs+VU7Z/Qmkipo46Qcwa46QMvPCfys2ezINGBuU3ULbV+Tn//s294aiKZn6nIj57Oln/uuw1qLFntxdZEsh+029nZEbl6zXv4sEAEkgAAAAAAK2/PBClcGUGiMoI8s7Q5ZyGryjTSGU6uzqmMpJ8/l884SlOVjSTF4W3m9z/9T2qjVNbQj57Olrv0gsirL/o3L7G2sZCpZc/Spvvv2K+5zC5fO4nI1W3/8cPiEEgCAAAAAKy0vWtZke3SWdIcN0NnLHkzjTzt5TKcrH7Zj5vff/ZXxYyjfVdG0qSYkXSQZvWP3njJmp3NavuvvztffpKKPPvd+faJziCysq68260ykmbPcd30rHGOtq5ui2yTldQ7AkkAAAAAgJW2vxNWm0jXRCpQGTTq7vLaSQE1mWRaYLss48iZmaRuF7+Xz/jZeknkv/+xyHPTbKQ0yW6vvCjy7/9A5K+eVttRkkGUqNpI9ra1UWOJ4W392+i7AwAAAAAA9CWdTIe1pflsIHHMlqbr/ITMvpZULeeoH+Rc79Tfv2IFjCb5YNHBNHPH/ulabjLN+PnRMyI/ntZESiX7KXaW0HSGth8+I/KXz4j8k3tF7rnP6qPV/8IsbYm1A3z7o6TGUmL2y/QJ6fTn9rVse9ZIi+kNgSQAAAAAwMra3xE52HNFQhxpM2mWGWOCKLO7VcaNCQQlJe0ljuXM4rN2kvzT/vGV6hpIZva21LdcKvLaC1mjv3HffFjZs09Pg1xJPoiUisipu0Tuvk/k1B3W9ifOzZptR2L137nctJ0kCdjtyby93T2R7R2R644JekIgCQAAAACwsvZ287ODuQJKzhnUrAcKmUyFJxUzkVLHcq6MJttEslpHuaFqVsZRLhNJ31RmklnXb9yb/Tx5VxZMeuWFaRBpmgVkZyHl+ujI4Mr1vSRQlNt3rgyvivauEUjqFYEkAAAAAMDKOtid/64zgeyxWKWZSOb/+vFZw1J8wBGwmq3f/F8FoBKdZeTIOEp9NZPUcibAY7px6q5sHa+8OO/n3feJ3HPvdLlEBdqSef+MQmaR3j/2ZifqDqs9z+6ZtXdtR9AjRhUCAAAAAFbS/q7InhWUsGcZK8w05pjNTc9WNmtHZRs5Z2dzpN9ULTdJ1YxtavY2UyfpIM2yj3zLHVj9t/t56i6Rz9+XBZxuvUvk7nut0kVWJpJIvn+prvOUFhbVDxXayW2vo26U3c61XZGdXUFPCCQBAAAAAFbSwV7+/1WztOnZ11yzqrmW07O06dnhCk/0LlCdaeSdxU1nJOntmLr7vizT6ra78ttfOUubo73cU1ztyLydwixtUtwH9m4hkNQfhrYBAAAAAFbS/jQYUTZLWm5WsrLlAmdxK5udrdCO+n+aOmokWYGjg8l89rWyWkm5jClraJlZz933itz9ZUdWlT2bmpbkt7tQG0nXRPJkHc0WV/3Su2lnz/08dI9AEgAAAABgJZmMpMIsaY7aRLlfKmodicq+CZ2dzVs7SebLlWUcpQG1knJZPp4Moi/ca22/o4aRt7tqu3PL1aixpPs1+0+azd6GfhBIAgAAAACsnMmByP5ePjMnTa3AiGs2sZKMpdxdqjh32XKFDCffeqeVtp1ZRq4hbWk+M8kqveTMeCrErzw1kWYZSdMnpIkUuNrz1ViaR9XcGVKufqXTjKT9A5GN9eL60S1qJAEAAAAAVs7BfhaU0LWMXHWDcjWPkuqaR4V6QqLTavLPDanJlEwzkryzsomnVpIJ9iQi6Zr1M9+Nwvp9NZFE1UTybFZwe1E1lqznpanI3r5j5egcGUkAAAAAgJUz2ffUMLL+E1QTSdc8KmnPVTupkCFkZy5Z6zdBpP3pjGy+oNHEykA6SPPrSK12Zv21x59ZP0NrIqWJysBq2J6UtJeq5ff2RY4dcTWGLhFIAgAAAACsnMlBeK0j33I6ZjKreWT+rwNQnvZ8NZlSvXxSHL7mqplkaiWZ4WFpYgWTkmJ/xeqOve3RNZESx3INaiw56zlZ9g6K96F7BJIAAAAAACvHDG2TgNpEutZR0HKuDKaSmkj/8LLI//yhyC+fEvn1u1XNoKlZxlFFRtLEDhgl8yLbE9MPFfCyvfSSyF98T+T2O0S++CVPTaSAWka6rpSvJlJudjbXbG+u/Tz97z6BpF4QSAIAAAAArJx0YmXAVGQE6dnXQjOXqmZps9f796+IXH5Z5I2XRN58WeS+f1EsZJ3YWUeejCSdxZTqn/b6RQWEUpE/+Y/Zf198WeT2O0XuvCO/PxIpriP3X9/QNEdSUaGdpNhOLoNJPX5AIKkXFNsGAAAAAKycycG0bo+Z0cye2cy+L/Uvl6v/M3tyfHsiIs//IMs0OkhF3ngx/5hpZyLTZabLzX7aWUqBN1ffXnopv65nvpfvq84qym2jqD7bz3HdrHac7el95nh836RYYaHISAIAAAAArBw7+8gebSUlmUhRNY8CM5GM3Kxr6nmzTB5rlrZU1UpKdT0ka2hb7qdYs8DpWkbq+bMZ0sSTidRSjSXdnulPaQ2qJCs6jsUjkAQAAAAAWDmT6bCoXF0fVw2j2YOemkf5RQo1lJKK2kjm18k0u2gi8wCJDryk04wkE2w6mDgygqpuVuHtXDesbJ+JPQzOPOao2aT3h94ZqdSvsST281zrm2ZhYfEIJAEAAAAAVo4zCOKaLUzmAQ9vppH5v37c165dQ8jUPnJlJNk/p/+xl3NlIIVmJrlqGEkyz0Sys4IKtZF0v+wMK0dNpKAaS45AVWFlMYEsdIZAEgAAAABg5aSTfDbOrEi0I0AxyyByDEkT1/LOFJti9pO9nKl3ZIaqFdpN5xlJB67aROomMg9I6Z+mxpDdrsmcsusnTazlUlfgye6kqz2909Wwtlx7Zj16n1mP5zK5kmnBdCwcgSQAAAAAwEry1UTSkZDY2km6JpI3smJl5tjZSDojyc4gmlhDvvRP+0mF2dpUDSQ7w2dWy2iakZTLGLIzjBw1kXI1lnR7VZs3ayxkAAAgAElEQVSvah7NMrXULpplR1lD4XI7CAvFrG0AAAAAgNVj1wqysmF0pk7upmYe08sZuVnJ1Oxs1t25J9102zQjaTor22sv5ttNU5Fb75pmCSXzzCH7Z9Usbebn7XcUM4gkFfm5mrXtjtvyu8yV9WRndaWS317vbG96P+j9mIY9rgNbWAwCSQAAAACAlZMLQliZRomVjaMScuaPJ8UMIN32rO6PaUfVDkrUcwsZSTpLavqkW39lnjWUrk0DYuan3Td1S62ft9+Rf8zepnQt33Zuu+ybzlqy2rH3U247k9yPeTtl+7TkcQJJ/WBoGwAAAABg5SRrIuKYuU3srBe7dpKvNpKdaVRWOynNZ9fkilRbs7al/z979xZrSXUmeP6Lfc7JPCeTBGxXSSRwIEnAbqmllm0kk3lowRjbXFq4LNmSzZPlkkf1VFXCmK6XkUojP1rGoFKpp8bVUmmYhwFLttQqymCMy42rSBJLNu55adlcMuEAmdU148FcMvPcdsxD7LXPii/Wilhx2xGx9/8n7TyXiL1ixWWf3PHtb30r3v+aatOeVW3yq7HVP3s2tpBHqj9Wt+J4MmtbnK6plBFaEylyHEffcRE1dK1g+YhAUifISAIAAAAALJzRKJ1Jk5cx5MpectbnUdkzmYwmnYlkZejcetd+oe1xLPJPT2e3F4nI1/7cyjAaWdlJBQ/znLvvErnnrvR+m8ePfprOcvr8Z1W/7f1R/cpkIuVkEOmMpkitX7Tc/H5pyX1u0S4CSQAAAACAhRONPDWPHDWMnDWRfOubdfNqJymxiKzflASQ9iaPM78ROftyNvMnjkW+9qeqTlKU/urKTjLr3v05qz3r8eSz6ZpKN9/grmWUyqqy+mW3p2si6eMUW8fCrqXkXK6/txpbIqLRCQ47AAAAAGDhjJY8NY9sobWT7EwjV/aMpJ/r3Ewkcu1N+xlJcSTy3NPZGkRRJHL8ZpFP35OtfSQFWUl33+Vuz2Qj2ctuPu6oZVS1NpKjndxMJLs98S9fJiOpE9RIAgAAAAAsnNFSTk0jq6ZPZnloTSRHexKrmkFq5dvuFnn1N/uZN2deTrKSrr8p2/8770kyh579scrcUTWTRERuvDHJRLrxxmyfRUT+4dn9jCXzuO8z2f6l9tmTXTVdvagmkvmlOc6RWi7WctfzRWSZ1JhOEEgCAAAAACycpby7YV0QyAoE2UWlTXbN9GcVgJo+XbenZi8zP1x/czIr25mX9wNBP3ta5I//LNMNERH57D3J4yc/FnntNZGXX023f+ONSRbSTcfTxb0N086T/2gNh4tE7rsz3bdYrGLjVjuRp73pLqn9jCWdleU8jq7lnuevENHoBIcdAAAAALBwRtawqDKZSLrmkW89V7t2JlJmlrPJD7ffI/Lqy8n3YxF57RWRnz4lcue92Ywm47N377f36qvJ15tuVDvsyASSWOSR/5ytT/R5nY3kyESKPO2F7Gcs2fWcy9Vx1NtbYWhbJwgkAQAAAAAWzvLKpOD2OJs5VJRpNKULHsXuxTojKfWjPQQsFjn20eRx5pX95/7jj5P17rxnEn9x1B4yGUI33ZRuz+6j7u7f/1TkN2esOkqTIJKrX6lMJL1/ovrlybjK0IWmXBzbjSez7h0gotEJRhQCAAAAABbOaCkZ3uacQUw/9Oxi1uxkqdnKJvRsY3Z9IdfsZCLpjJ+v/Wl6BrWxJMPXnn06mx2ltxWrbYlnnx7+2ySQZG/jvjtFPn+nv1++Y6SznWLVP1H90P3PXR6r5ZPvDy5TbLsrxO8AAABqGI9j2RvHMo5jGY+Td7l5xUfnUfLJdSSjUSSjKJKlUfI9APTdygGR3e2CTCRXLZ+i2kmi1tMzntlP92T8fP3PRP72r9PpS88+k7T5ubvT2zE/+GoY2d19+TWRJ38q8tsz+zO9iYh87LjIFz5T0K+CmkjO/XQMxXM9x8uTyXRwpeB5aE20te2q2d6dA1wMAABgAMbjWHb3xrK7N+66K70TicjS0kiWl0YElAD02sX3Rd79XUFtJPtnVfQns9z+xvHnr+jmO9V8lNRGevaZ/SLY9tfP3Z0U075R10LytPfbMyL/8FOR37yWbeujx0X+6E6Rj91Q3L8pT/HuTE0ka3+cNZHKLLd+vuoKkQ8dzu/vvNje6boHaQSSAAAAStrdG8vu7ljG/Xob1TujKJLl5SSgBAB9tLMt8rvz+z/rQJDvz3zRes6AiqsYdV6mzmS1M6+I/M1/StYby36gxQ4G3fW55Pc3Hc/WT8oEj6xMqXGUBI/+49ez/XLVWPIeBxfH8/Xx8AbiApYf+0OR1QWJHxBIKkAgCQAA9NnO7lh2dve67sagrCwvycoywSQA/fS78yLbW8n3mQCQDviEZiLpgExBH3yZPCL7C555JnnobKLQr9NA1CSAJJOaSGY4W9V+5QWeMoGhhgJLawdEjv2Bv9/zpm+BJGokAQAABEoykQgilbWzuydRJGQmAeillYMi29vJ95GOZLhqJ0XZWdyKaiI5SiqFzYJm9eOuu5P2f/yTbIDI99VuNLb24WOeoWw6cOOqsaT7ldpPfZxcWVmu711yaiqtHSh4LlpFRhIAAECA8TiWrZ09ifv11mkwoiiSgytL1EwC0DuXLoi886/J92VrIk3Xs78JqBnker6ruLWrPRGRp59Jfv/UT8plJn30BpE/+kzyNbRfU65+WTWN7PaCMo1q1Ey69sMiR1YLOj9H+paRRCAJAAAgwPbOHoW1a1peGsmBFeZqBtAv47HI7/5FZHcnfOhaUE0kLaDmUJX2fvRs8uPLZ9K1kCQSufl4EjS6+XhOIe1Z1kRqYOjbwWWR6z8iskhJrn0LJDG0DQAAoMB4HMvemCBSXbt7Y2ZyA9A7o5HIgdWk8LbhykSa/hi714uLaiI50nXyag+FtvcfPpt8e9NrIv/9tf1FsYg8+HW1H65AkbUsngzvK6qJ5CwWHqvj08Ry1c9YRA4fXKwgUh9x+AEAAArsjWPvzD0oZ2/MgQTQPwdXVfkeUxcosmoEuWLgOTWR7Ie9zF4QqUdRe6luWL+IrDZj6+FqT/fL3pdI0v0ST790e/bz7fUzy6OSy9Vxi6IkkIRuEUgCAAAoMCb40ZgxmV0AeujgmsiBtf2fYzs7ZvJ9rDKJdHaSqKQj+yH28+PJ9/H+dmKdjeNpL7WKbk+SWdli66urPd0ve2Es6X5lsoTU0L9Y9Ue3m1ke5ywXz3LrF4cPilxGIKlzDG0DAAzW2Tfenn5/7LqrZ77tWW8T3RmTjtQYYnIA+mp1TWTr4uQHnXmjaiNlZmlzPS1naFpmljYzw1nN9kxG0rRvnvam66qhboX9itztODmKhRcu19+r5YtUYLvPCCQBAAbrscefnH7/l3/xJ51s+47bbpE7brtlptvG7DFTW3M4lgD66uCayPKKqpVkrxCr2kk5s5bZT9aZTD6hNZGmtYxUe2MrEym2snlCajblFfee/s5XjFvXVDLbU+3XrZm0eoBspL4gkAQAmLnnnv+lvL55Lnj92zc+2avsn+ee/2Wj6xVpM1BV9lyE+Or99zXaHgAAs7C0LLJ2WGRnR/yRlYIMHSsGkp4FbfI1UoGYTPORox3ZD8Toduz1/s3x/SykWES+cGe99py7H+0vr5JxpJ8/zfTyLbf6c/mqCBN/9gOBJABAJ+xhaUVu3/hk49s3QZ4qQZqQANHZN95uJJAUEkA7+8bbpYNB168fnbZd5lwAADDPVg+JXPhgkpXkyiSKs8PPxBN4sWsiTZ8r6QwcHWhxtqO/8cyuFkcin79T5L/8TORjx0U+dkNBhpFuR9dT8vRP1PNTGUWu5daOeZfntR+JHFxmWFufEEhCb5kbG3NzdP36UZEO6qC0Te+nqBu8IW2HbfTPPO1Lk3SQp0wwSQeH+jCs7eenflU6GHTHbbcs/HXQd5tvnp9+v37tVZ32BQAWxfJKkpW0ux1WE8mYzuoWq0wk13qW4JpIRbWMJt9/4TPJw9fJTIaUpx17OJtrP+M4mzGUWq7b9dVB0o17jtsVa0kwCf3AqejIY48/mXrTX7fGRlF7Z994O1VLRCZDD9q4iXju+V+mbrSOXXd1qWEOel9cmqhJYm+nyrHQx7RsG2ffeLvw5q+J/dTno43tzOKczWIbrtdJG9vJo89X1bo/szjvddxx2y3T4LBPleBIqJ+f+tX0+zrDuoqOX9Xja5+7ouPUJN81EfL3MuQ12oYzZ85Ov7/hhmMz336oUy++JKde/LVs3Ppx2bj1E2HP+cVL02DSV754b2fBJNOHzbfOyeZb56e/W7/2KvnKF+/tpE8A0Ka1QyKXLohsb2UzakrVRCqoPVS1PZ/QGku+jCa9mre4d5lMpDLLHTWVJBZZO5AMa0N/EEjqyFfvvy/1pvu5539ZOUvgued/WSko9fNTv2otkFRF6E28WDfJVW6Ey2ynrTZCbvLt9aoGukJvxKsez9D9qLONsvshFW7ey2xDap6XkHbrmMV5b0rRsbODPU3SAY+yw+ZCM5mOXXd15b/ptpBzc/vGJzP7YV8HIYE7tMcEkZLvfy3r1xydWVDIzmrKLHvrnPo5vW7ec83yUy++FBwYA4ChWF4ROXRZEkjKZNR4aiKZH3w1kYoyfoJrLKm+NlljKa8mUirzKC8TqShTKXC5fUyvOCRygMhFr3A6OnT7xidTNzOPPf5k6ewD141n6A3h2Tfebnz66qo3wa79MP2yb370OmUDcE3cqNdtw7ev9n6+vnkuc22UCVrM4niGbkPvS9lgjw7YmWN1/frRaSaJ3Q9TOLhsFlzZ/ZCKr9k8bVybbbyOhsyVvVlmv6sOhyvTfpVtuPZBB+IW4fz2lQkiiYhs3PrxmWYW2VlNTWKoHYB5t3ZYZOuiyIUL7uV5GUTezJ+ooRpLRgs1loraC8pEarBm0pFVkSvXBD1DIKlDx667Wu647ZbUTYMJGISqW6uj6aykKjfCroK0vqCJOV72+iH7UDbjpK02XMP+fLNRVdlP+7m2No5n6H6IFdyxM/Ak4Hp1Xd/2c8z29H6Y/oW8HnQQqSg7Rx+vsq/Z0H5U0fZ5HzLX67dKJtYsAkm2PtRfQj2nXnxp+v36tVdlsnee+OFT3ufaAaBTv3hJ5Bfu9TY+9QlvYGfjU5+QJ970b8PHbm/9mqtk/ZqjzmUAMK9GI5FDR0S2tkTGe45MHVGzjoXWMiqosZRpz7WepekaS872HBlRpTONPMfBu1xElpdErjwkMvLVVEJnCCR17I7bbkndYJe5AS66yQ7RZD2LqtkUuj5JUeaNGaJhbrzzjpkv+KMDeHl0EMQ4dt3VpY9fmdpRZfbTtw2peDyLgiOuelt5TJ+/9e3vpfpZJmBTdH2bZeY5IVk2VYaF6u00kdln96PKdSUzOu9D5RqK2lYQqc5McGVfV+g/e0ibTAIyWmi2UO56n/IvCqljZAJD3/mrv5v+jtpHACCyuiZy+DKRd39vZdDEko2WWLWM8moPpWoieWoPOdsLqbGU016lGktqP1OZRvZQOddy3/OtfofUTLpyTeTIwZwOozMEknpAD3ELvQHWQYmqn1w3NbytSiDJFSwI6YupPeKakcrw1TEyN9hVp+822TdSMhDnutEvorPWiooCN3U88/arTsaEqQ1mhF57oTf9OkD4+ua5wtdR2W2IIwBctJ089jkz11aVAGXb532ofMN/q/y9LAokVR2WJg0MuWuKK2juWgfFdBCpTJHtJoUEqjbfPJ+ql7R+7VWlhsORoQRgnh2+XGRnR+TiZIhbpLJjStceitLtFNZE8mT6SM32xNNepNrLrYmUtzzk+TmZTEdWRT50SO8s+oJAUg+4hrgVDTOpEpTQ2zQ3C00MaXEFW0JuSvUNSZkbL/uGO2RbRcOvQthZRHVuusvsp31tlM1+qXo8JTDIUzaAWbUWTZkiwaGBN33+6hQirnpjrQOVZYs++7R93pvUVvDKlY1Y529AmWykvHVcmp7Fsw7zNyZP3VpeiyCTieQY0mY89Od/7G3niR8+VXvWtryhcz6bb54vNRyuyxnlAKBtS0sih4+IbG+L7O2WnA3NromkAjqlaiLZ0ZeAdlztpfpVtj21P96MopDl9i7q/Zw878CSyIcPiawsuQ42+oBAUk+UGeLWRA0NHYRp8ubR7EsIffNUh28fmgog1W2jamBESgT+7OPe5vT0Rt1ZoHyZPL6C0SHsPuVd2/oaLXtur18/WjuTxy6GbDJQqrQ1i/PehiZmUHTxFR2vM1QsJBspb7mLb+htneFx6F5RJhKznAHA8KyuiRy5XOSd31WoPRSp2kOqNlBojSWx2su0k1cTSWX8eGsiqfacG9e/q7Jc0v1yLfrIYZHLGNLWawSSesQM+7ELEushbmXrxuRpKitJZ1XccdstrdwclnXsuqtrz6jVRBtSMzAiJbKv6mR36D75gjyzyFapU9BYD9fyXdv2a6tuQKxqhos9NXudoMEsznsbZjVEqu7xbWNIW9Hsj10Fk/QMkob9QUfIOots8639IWGuINKpF38tp1789cyyeDZu/Xju8s23zqeGsRWt70I2EoBFcNnlIru7Iu+96689lMnkcWQkzaLGkjcTSdH9crVXpbZRZrnOVHJkIhkfPpw80G8EknpGDzOxb4Jd9Xrq3GQ0lZVUNRui7tCiuhkls2T3tYl+hpyrssdTX1u+59fJ6mhyOFldJuBUVZ0giK6L1GSwoK3z3jZfcMJeHsrOimwik1AfI7tAuWvbeXxZSHbtNrtgvMlMnVVA6fr1o85t2R8O+I5pHz5A6AMzS5oviGSsX3tVakY3FzvAs/nWuVQdI+e2HZlORdlPdoHtruo4AcBQHLlcZG8vqZdUOeOnBzWW8tpLqZBR5H1eQKbS5WtJNhL6j0BSz+h6SfYQN3sYjDTwSXVo5kaROvUyXFO5z7sqN+ohx+bsG283ejzbOB8hwT/XDHtlla2fVZauI1PmnDZdF2kI5z2EL4BRVVMznulrtujvnW8fzr7xtry+ea5wyJ2eFVAY6jY4ST2kbEBGD3fbfPN86ndFitbVWUF2gKjMNsr0SaNWEoB5t7ScBJPGY5FLFx21kVQgJ3YETGrXWLKeUrXGkq89Zz/zah4VLS9RM+nwwSSIRF2kYSCQ1EO6XpJr+vmmPqGum5VUJ0OqbkZIneFPs9ZEMEPPUqePXZPHs41gQp0ZrfpE1/Upm1FkP7eJmbn6cN6byGbsMjstj28WPTtT1HBdB74MJMn5O25+r7OTXt885w2Qme3o3xnm+bamgm3IygaRXsosLzMrGgCgPw4cFDlyRRJM2t7e/31kfZPKRLLZs6a5hrqF1FiylzdQY0m3l5lFLSq53NH/3OUisnZA5A8Oi6ytOI4ZeolAUk+5ZlIymhwKo7OSytZH6Sow0JfhOPOireNpZ7uFBkLbqJtTt5i8/frQgZcyN+NN1TdrSt3zbgdJzNC0OjXb+uqO226ZHhtds85X5yovgBRavF9nJ51942351re/Nx0GpxUFrKlf1A2deWTXIKpSj8hn/Zr06zcvM0gHscgiAoByVldF4itEfv9OOphkhNZEymQi+WZfa7PGkmpPZzBVWm5tr6im0sHlJIh0mOLag0Igqaf0EDdb058i20Er30xxLk3WayrDldnS55tQrYkgTZPBliYLuBfNwtXE7Hez8q1vfy93eZUgUlt1kapo4rzb59pkNOoJAvJUCWzkFakuOmdFXOfUl/HlmmTA5goiVbn+XUPdHnv8SW8wCf2y+eZ5eeKHT01/Toa9fWL6fdkAzuab56d1ktavOZr7/K988V5/n95M98m3LgDAb+1Q8vX374js7ITXHnIV47YzfMQXUApsr3SNpchqJ8rGqPTyjBqztK2uiPzhZSJHVj3PQ28RSOoxVyCpjRsH3WZo9kYXU467biK7viEv0ucsgFkeT5OxUuYarnq9t32DXTaIpIMOXQ8pauK8+4I5dWaAHBJ7GJnr2H31/vumga26AVQdTHIFz13XpB3MsrOq8hTNJicU1Q6mg0iNtPnWuWl208at5TOJdMFvEZH1a4qLfuehODeARWaCSe/+XmRrK6z2UEpITSSrxpAvY6mx9hy1i5w1mHSmUYWaSmsrIn9AEGmwCCT1mOvNfJ3Z1fKULbptD+mQGQVzHnv8SedMR6jGdcPYxPG0rx09PNMEVIaQTeEKsNrff+vb3wvO4tF1kbrU1Hn3BSVCM+70cN0hyRvSZjPHtYn9M4Gg1zfPebent6NrJg3tOA9ZaBCpTp2kzbfOp55fFFRyBZEkoIh3EQJJABbd2iGRaDQJJl3y1DKyfihdEynyrKeLe1dpL2T2tTj9nFSNo4o1kw4fZDjb0BFI6qm8T4Xb+MS/TtHttm+MXbVGymaEdKmNm7c6w+N8x7OJIWe+YUD6en7s8SeDgjBdZnO5ri+78LGoDBGfvtRFavq86/pqRpX9KxoSKdasbvoY2sPZ/vIv/sTbbpPBy9DacG0E/Nv6e1LU7pADf7NWJhOpTsaSHqKWN2OaL4gEAGjG6qrIaBJM+uCDSYDHtWJRTSRHBtG0lpGruQZqLDVSE6lEzaTLV0U+chmFtYeOQFJPuYad2AVXy9QyCqFvCouCVUVDH5riCqgNKYjUN10dT3Pzb2eV+a7hJmpItRWAsvsbEkyyj3eXQaS2zvtX779v2nbo0ClD1/lq45zZf8OaCsCXzS47+8bbjdY0a+MaCglQ2a/dodQ564uNWz/eaRDHF0SqUxvpO3/1dw30DADmy4EDIh/6kMjSssh773pqFDlqImXW05lDUXa9qZD2xN3etCaSGopWtmZSmeUfPizykcMiK0uBBxW9RSCph1xBpDtuu0Ve3zyXugkvW2+mSGhW0qxq6riGsvVhpqsq6syMZ9S90e7D8dSzEZqiwW1r+qbX9XrUx9FVzLoLbZ/3vr8mzWuviWHBRbO0iVWXyGRH+WZuq4LgzTCYrCATqEmGn7kDSWVnbbOHs61fe5WsX7OfgaSzkTbfPC+nfvFS7vC5OkPrAABZS8tJMGl5SeTd90R2d5Pfp+oDiSODyFXLSD3FyVMTKbg9x+xuZWomFS6fZE0dWBb50CSIhPlAIKln8mZSsou3Sgsz94RmJbV9c+wa5jKk2b76ps2hbGXpayzkBrvKzX+TGSA+Oiim+9l1EKlP590lNABVdyY2+zzVyUpyzbpnjrH0vKg+Zm/j1o8H1Q6y1zEzsuU979SL+4Gh9Wuu8q7rLKp97VWy8alPTIfT6aFxAIDmHLlcZHlF5P33RS5ccA9NK6xlpJabH6rWRPI3qn5fomZSyPIjq0kQ6TLqIc0VAkk9U5Tt89X770sFWZqul6Szksr2ry7fbFJ9zngoq0qQQ5+L0CFETR9P13TmZekAjNZGXRmXujVf9HPsTDNX26HDQfX14Xpe0fmbl9dRE8EZO3hZNStJH09TbD1vm8b160dzX692ZpuZ2dCniWGfmI2yBajtwM/6NUdLz8amrV9zNJUFZQJbZCABwOysrYmsrCSP998X2dtLfp+XYRQX1EQqrLGkVnMFnuzni72eo/3C5WoWOLtm0vKSyIcOiVx5iKFs84hAUo+EBGnMJ+Ft1UtyzVQ1qywL32xSfcieqKsoQFdEBxdCjkkbx9POcGmr8K+ooYBVgqX28XLdfOustzavMxO8qKpsIGmeX0dV1clKMn9ji/iyvUKCfqZvpqD4rJW9PkOD4Yt8zZW1+dZ+gOeJHz6VWzg7xPq1V8n6tVfJ5pvnvW1RIwkA2re8LHLllSIHD06yky6maxK5AkGumkjOGkt6trSC9jJD31yqLFffR7HIkbUkgEQW0vwikNQTeUPatLbrJflu4tvMRtL736chOG2oU6sl5Li3FUyoGxCTwJvQ69eP1gq+FD03L5toyAgiudXJSvLNTmeyh5quVdc2U/z79c1z8tX77wuaMU8LDawN6bh07StfvFee+OFT04yhJoJJpj5TXhunXnypcvsAgHBra0kwafUDkfc/ENnaSn4fWhPJW2NJZQ4F10SyZ1mrslxUJpLZzxWRyydBpJEvGIW5QCCpB1yfeBcFC/TwoCaHuIUU3W47iDRvs7KVnRVPKztL3qyCCXWLF/uea2cRlb3xD30t6QLoZeUNN6xzDb++eS61D2XaIYjkVycryQSMzDke4jF9ffOcs/A6+kMHk0794iX5yrXVMoaMvCDS5pvnGeoGADM0GokcOZIElT74QOSDCyI7O2E1kaKQ2kh61jd7ufX8zCxrkg4IBS+3MqcOTAJIl6+JHGAY20IgkNQDplirERKkaXOImy/oUTaYEUrfxM9bEMkInRVPKxtkbDOYUDcgpoOmvpovdbYTOvyy6vkwioYbNnnMQxBEyqezksr8vRxabSlxBDrzAkgh+1emlpNQz6myjU99ggLYADDnlpdFrrhC5NChJJh04YLI9o5naNrkh9hXu0jx1lgqk2lUYvnqSlJM+8iayEEiCwuF090xuz6GlCyI2+YQN32TbQ99aLJor2v/55U+LyHBER14KVtk+Y7bbmk8mGAPOyt7Q14maKqvwZDt1Bl++djjT06nbC/iOs5dmsV571oTgQn7mmp6SLBYM+VJBwFxO+gqOYEjPWw4dAia/X/APA877tr6tVfJxq0fF6lQsLvKtqiRBADdWVkRufIKkcsuE7l4MamfdPFissxVE0lURpERUmPJm4lUtNyTyXR4Nal/dGQ1KaqNxUMgqUOuIV1lb0j1ELfHHn+ykUyEKtO0V9H2LHB9Y8+6ZwJ0vhtOHcALuT5mcTxdAcyibbmmoi/qm74Gi7ZTNrhjhp/Zx/hb3/5ebqDUtx9dX7fz+jqqMuQwT92MOh99XXQRZMmrczTUek6LKi+AZBflbgJD2wCge8tLIkcuSx4XLyXBpItbItvbxTWRXMWvfZlN08CUtd70+4BMpdVlkUOrIocOUkQbBJI6pW/+bt/4ZKy1tUMAACAASURBVOk29BA3afDmyDdNe5s3qXlTahfpww19EdeQRBO8kEnWhSmEq499leujreNpAjB2kOe553+ZGfJiAgF6X0LP1Vfvvy+1D2Y79nNdxyq0fdfr57nnfymvb56b7sf160dzszz6eM3N++uoDBPkMVk09rVbFMwtalfUTIZGF8O6dEFwk3kkA63ptOg23zwvT/zwqVSNo6aDPptvnmcYHQD0zNpq8hiPRS5t7T+2tkvWRHL+oH5vBaAiT02ktRWR1QNJ8GjtgMjSqMGdxaARSOqIK4Ogzixe9s10U/WSXP1pusj2IjLHUAcv8oRkmc26iO7tG5+U69ePpvoeMtV92UDFV++/L3Oznne8yrbvOh8h+2HfqHeJ4sluOkvIPldVhk2KGrrmOu5dzjZpglcMO5sPJoCUFzxqe+gbAKA7o5HIobXkIZIEkra2kyylrZ1Jke6xqokUOwJHvtpHjppJoygpmn1w8lidBJEAFwJJHWhiSJums4eaqv+hszXmKVOhS+Y4urJpbGVm/2p6GFARu7ZK6HTgVTI/zHZcU9vr9areRJvgU9E26m6nDbM+77MSWpjd9TxXltDrm+dSdYHsv215wyZ97dlc10SVAF/R3wO9TRt/m+fP+rVXOQNJ69deJRufqh9EqtPOEz8kkwkAZunggeRh7O6J7O6K7OwmX3f3ksd4LLI7ToJK47EVJ4qSx2iUZBWNRsmQuuWlpPj3gSWRlWXqHSFctLUd6/pcnTqw0nUPgNk6+8bbmWDAUGuZ6H1pY7r0edkG3EwgRdf88RVCt4fx6eFdUhD4c9XV0gEZewhnaLt5z2tC1aCsVmcIZKh5mj3wwqWdys+1A0L2cLVZ23zzvGy+lfxtW7/maOW+nHrxpen3VTOjDq3yhg8AgFDb1d+GtIKMJKBjobMmDcEs9mVetoFsQXkfX7aNDoS4agTlnUc9rLGooDt1h1BVl8Ej2/q1VzXSF4bVAQCw2AgkAQA6ERKMyat5VTYDyde+TIJIrm3dvvHJSkMZ2yy43UUxbwAAAMBgaBsAoDNmljyZZBSZgE1I5o/JaGqibpW9bcClztA2ZDG0DQCAcH0b2kYgCQAAoMDFrV2J+/WWabCiKJK1gyTFAwAQqm+BpFHXHQAAAOi7UaTnVEZVIw4lAACDRiAJAACgwIjoR2NGI95+AgAwZPxPDgAAUGBpFAmhpPqiybEEAADDRSAJAACgwGgUydISb5vqWloakd0FAMDA8Y4IAAAgwPLSSCJqJVUWRZEsE4wDAGDw+N8cAAAgwGgUycryiCFuFa0sk40EAMA8IJAEAAAQaHlpJMvLS113Y3BWlpfIRgIAYE4sd90BAACAIVlZHkkUiezujmUcx113p9dGUSTLyyOCSAAAzBECSQAAACUtL41kFEWyuzeWvb2xEE7KWl5KAkgMZwMAYL4QSAIAAKhgNIrkwGhJxksj2RvHMo5jGY9jkTheuMBSJCISRTIaRTKKIlkaRQSQAACYUwSSAAAAahgRNAEAAAuEAesAAAAAAAAIQiAJAAAAAAAAQQgkAQAAAAAAIAiBJAAAAAAAAAQhkAQAAAAAAIAgBJIAAAAAAAAQhEASAAAAAAAAghBIAgAAAAAAQBACSQAAAAAAAAhCIAkAAAAAAABBCCQBAAAAAAAgCIEkAAAAAAAABCGQBAAAAAAAgCAEkgAAAAAAABCEQBIAAAAAAACCEEgCAAAAAABAEAJJAAAAAAAACEIgCQAAAAAAAEEIJAEAAAAAACAIgSQAAAAAAAAEIZAEAAAAAACAIASSAAAAAAAAEIRAEgAAAAAAAIIQSAIAAAAAAEAQAkkAAAAAAAAIQiAJAAAAAAAAQQgkAQAAAAAAIAiBJAAAAAAAAAQhkAQAAAAAAIAgBJIAAAAAAAAQhEASAAAAAAAAghBIAgAAAAAAQBACSQAAAAAAAAhCIAkAAAAAAABBCCQBAAAAAAAgCIEkAAAAAAAABCGQBAAAAAAAgCAEkgAAAAAAABCEQBIAAAAAAACCEEgCAAAAAABAEAJJAAAAAAAACEIgCQAAAAAAAEEIJAEAAAAAACAIgSQAAAAAAAAEIZAEAAAAAACAIASSAAAAAAAAEIRAEgAAAAAAAIIQSAIAAAAAAEAQAkkAAAAAAAAIQiAJAAAAAAAAQQgkAQAAAAAAIAiBJAAAAAAAAAQhkAQAAAAAAIAgBJIAAAAAAAAQhEASAAAAAAAAghBIAgAAAAAAQBACSQAAAAAAAAhCIAkAAAAAAABBCCQBAAAAAAAgCIEkAAAAAAAABCGQBAAAAAAAgCAEkgAAAAAAABCEQBIAAAAAAACCEEgCAAAAAABAEAJJAAAAAAAACEIgCQAAAAAAAEEIJAEAAAAAACAIgSQAAAAAAAAEIZAEAAAAAACAIASSAAAAAAAAEIRAEgAAAAAAAIIQSAIAAAAAAEAQAkkAAAAAAAAIQiAJAAAAAAAAQQgkAQAAAAAAIAiBJAAAAAAAAAQhkAQAAAAAAIAgBJIAAAAAAAAQhEASAAAAAAAAghBIAgAAAAAAQBACSQAAAAAAAAhCIAkAAAAAAABBCCQBAAAAAAAgCIEkAAAAAAAABCGQBAAAAAAAgCAEkgAAAAAAABCEQBIAAAAAAACCEEgCAAAAAABAEAJJAAAAAAAACEIgCQAAAAAAAEEIJAEAAAAAACAIgSQAAAAAAAAEIZAEAAAAAACAIASSAAAAAAAAEIRAEgAAAAAAAIIQSAIAAAAAAEAQAkkAAAAAAAAIstx1BxDm1AunM7/bOHmiVhtln9+1Jo5BXzW5b22c566P/SJf/10fe18/2upDH89TH/sEAKjP/H0/9cJpeeF08v03v/HAYP7OD73/AIaLQNJAnHrhtDz8yKOp353bPFvq+V/68v2p3/3g+48P6j+ahx95NHVDt3HyhGycfHymfTj1wunpf9anXjgtGydPyA++X78PTe1bW+e57vVX1yJf/10fe5nx8dPb+eY3HpCHHnwgqH8h6/qen7cv+vVZdTsAgH7Rf99FRL75jc66U9rQ+w9guAgkAR7mP2ZzE+/KDDGBpSEEJDBbruBLXwMQ3/nuo/LC6dNy8sT+ddzHfrrYx9m8Vsv23Tx/4+QJOXnixCSQy2sa5X3nu48GrNWNMq8L1/93Xevja9K8B+ijsn/H+rgfszjn3/zGA3LqhfT/1Q8/8ujMP6isauj9BzBcBJJQW1NvnLu4cbUzjOzflZH3H/Z3vvvoYG7Isdj0DdEQrtvvfPfRTLZW2WCS/fdrPzDMG3CU58oe7IuyN+Q6CN4HfQzE9/mci4QPb3J98NEHszjnJuBm//83pA8Jh95/AMNFIAm1NfUmqos3iG2+cfrSl++fBqkYr44+swOp0tNP/l0eevCB6TBTW9XMJGMo+w8AcH+oUFfd94dlhqAPvf8AFhOBpI6FZvPoG70yz/U9v0xKdt8+BWyK/hSn7HPNMBjNBJFkepyr12+ZZ1z//aCPgz3ErSn6jXJT9cV+8P3Ha2Um6ed98xuzPddtDCepU6jfPh72J9onT5xo5XVgb9McC/O3VVp47fmGLLe5TXSr6LpmKCsAAOURSOpYnU8g6n56Ueb58/rG+uSJcoEkc+Ob96bTF6ComyUxj7j+u+cKyL1w+nTq91UDcbM6bmY7ZYNJrn1/+JHiT4ZD1pHAT3TbGBpTthB63qfhdkD84UcebSwgXrRNO+DT1DbtAP+stonumGvWV99wf53kd5xzAADCEUjCQts4eUIefkRSn07u/z77BjTk5mzj5An55jcecN4k9SmYZAosV1UmbZqhfcMSEiQqCn7M+nxXDSYturzgiosJotWZIc93c5+3zTpDhKvUf6ly3WycPFF7OEhfZ5gcWpClylChKuf8oQfrHxdXX/swrKgP1x0AoL8IJKG2PrzhqSrvjb/5lLKKhx58wBuMMjdFTQzrqcNVW6aMMs9lKtr+6m+h2PLygkl6+EobNSmqqBPMratsEMnmOqah26zCDBEu+/9NnSLCfflbjXLqvLYJPM+PWX6AVTY4HmLo/Qcw/wgkdazMjBpVn+trg0+a2pXcZLnrt5ibmzo3KKFvll03UX0J/nH9d6vPU5VX5QomuQIefQgidek73/XfOOgMTd+xMn/DQl9LeQEdu0ZRXpC77N9N3zb1Pvq2eeqF07Vn3zQZfrMIThxdPza47KEm5f2/GHrOmwgmfee71QKtVSz6OfeZZe2rUy9Ur7fpM/T+A5h/BJI6FvqG2PXmqMybafNprq2vw42Orh8LWu/UC6eD1+0ycOLLkmjiBmXouP6747vh8hWb1uvaN/4uXR5bezY3V1FvVwAt73rQn9Y2ee24Apx1C34X9c137s229fMfevAB73OSzKTi16IvcJVXdN0XhA/9u+kLlObddLuytKpmX+lhfG3fGJr9rTv8cMh8QSRfwNMM8W7qnNvX7AunTwS9NurgnAMAukIgCZgBVzCp6zd8J0/kBwJsrjfaZW52Fzlg01e+IJLrmrQL0trr9vm8mtncXPvj2ve816JrmGub+972cfUFkfKCs3kBcXsWrDLbLPobmDdUsehvZ16gNO+5P/j+4znBpPCggG8mwbYDC3p7skDDtHyBw7ysuYcefMD5QYNUOF/6ugl9bdRR5bUBAEATCCQBM2LfFHUdRJKSNxeubIKu+z9EdetSGaFt+G5gfM+ft3PqC4ppdTOAmhQa3K0q72a7iJ3pZSu64fZtM+R6822zytDg0L+73/zGA5nAQtmggJnIoU4bZfhm/5u313QeX+Cw6HibIKoeBln2fLmumzaDh77MSgAAZoFAEhZaXs0O1w2nb/3QGxpThLuJG4mkjeJsi6IhSJgd3yffZYUWD/YN6TQ3Tvawm0W5ATH7bt94d3Wz3ZeaFGXOfZUgS5khlGW2madOUMU382aZoID5O183sylU3wOkbasTrJSGzperjTaDh4te561IMtyv615UN/T+o33jPZG93f3HeM96jEXicfJVRCQWkUhEZCQyikSikchoKXksLYksLU8eK8nPQAgCSQPhCxoYZpx/XkBDv6ns67AU35vfMsOrQt9glb2RC10/r7hqU8fdFZAa4hCkEIt0/c+KXQxeFixzYZZFTPumbtaK74bbp+4NvhRk1vnq3oS2kbdNV0ZRGU1kNoVa9Gwkl7KBNNf5qrLNWWQl+bKRFv2c2/oSqK9q6P1H83a3k8fejsju5BFbgSJbPI0cqd+PRfZEkn92rPUmDUQjkeWV5LFyYPI42PquYaAIJA1E3o2PXYvhS1++3xk4GNKNU14RVNvGyRPB9VxmSU83zRu7+hbp+p8VuwCwFLxp9c1mFaJvx911A1Y0e53e1xdOny41453v+mtiNsIympql7+SJepkbVTJlymSLvHA6e1zLZmWWDV752nD1u+lAEkOc2svOqTKkcRZZSWQjAfMvHovsbInsbk2+bjsCRuqbWC2M9bqTwFEcu9eLxyLbWyJbl/YDTCsHRQ4cFDm4KnJgVWQ0anxXMVAEkgZOF/Q0Q2fKTMlclXlz1DRf4EVvq4/DtfT56HrozLzr8vofOl9NlVChafd9Ohd199lup9zfvv5mBVYN6oRm67iCOlWUyRZpKkDXxNA0X4ZKU/8n+IqKL9L/OU3VfCubbefTdlZSE1l+APpr51ISONq5lGQdTUXWGLV4/1ciInGkfp6sF+kAU6S+qvamq0X77e5sJ/354L0kU+ngWhJUWl1reMcxOASSBq6oEGnbs4U0HUhqor9l+pR3E1W2rofvJtVMy9unG+p50eX1X8U8DDPsC98NtEsfrwUfu5/mutb7aYLoZTPtmgrqlMnWaTPrqszf+irbbGKo06yykmyLlo3UdmZf2XPlyz5s6pzXrTm2KIZeH3Lo/Uc54z2R7YuTINIllTHkyjRSASBnppL1S91e7nq+dmOR7e3k8d47IquHkmDS2qGkvhIWD6d9DvimK+7rzXSf+D7Bq/KJ38bJE3Ju86zzXEhPz0doZoXrBjRkmMwshpQN7frvW3/QHV9gxwSlfa/N/QBT8nPodd7kDXedzI2q2UEhZhFUKKutDBWykZrnGrZZJQBbt1i7D7WRwlX94Mac/1MvnJYXTp/u7AOgofcfYfZ2RXYuJkGk3W1rga5vpANB0STeE5iJNM0w8rWn1zPtqqFwdgbUpYvJ48L7SVDp0OEkYwmLg0DSnBjazXTf+TIdQj5R/MH3H/e+wTc1fLp802fvQ52ssrBskNm8geH6R6guPrkvU19F11gL0Ye/K+L4+ziLYrFdbLOsturmkJni13Umh2/4ZxvnHM1x//1tZ6bFNgy9/4tkvCuyfUFk62JSPNsIyjSafBPnZA45i2+72nFt11FDybV9E1Xa3hbZ2ha58EESTDp0mcgyEYaFwGkeEP1JlM728N1MtzXd8CzNsihtXqZN6A2bWe4b6iYdfGpsZzn4poXvs0W+/tvw0IPhgQfXm9MhBuj6VnTdNdyp6lCqhx8pnrkQ3bGzkjZOnmgkS+Dc5tnMhxZdBxO70NSQTfEEgKq2YwcP2zrnfQggz5NZFUtvy9D7vwjicZJ9tP3BZNa1nNpEojONHDWRimodZdo1P/syluztRtnAllkWq4ypSER2d0XefSfJUjp0WRJUojD3fCOQNCDZoET2TYnrZtrcBObdYNjrh/5n42tPv7Ed2hudok/8QgNBRcGkWd3UFg2TGYq+Xf9V8EauOQ896L8pK5vR01euGhmummDGqReS2eTK/L3lmvRr8tiYv/dNDzMxAeGmZuRDVtX/O5PssEdbPedDem81FE3URuvS0Ps/z3YuiWx9kAxlK50xZH+jM4bMr+Ps0DVvO/Z2czKbzFd7vXiy/Shyr7+1lTwuXRQ5fFlSQwnziUBSj9hvBOu8OfDdTLvedOggQ/Jmt94n2kNOvQ59M14mmLRx8kTmxnaWY9bzzod9k6rfLNcZm1/FvFz/dttoVxOvobZuwOtcwyEBB9/wWV+QuovrselM0qp1mZoe5lT10/02s8WaDCjwt6sZTf5/4kIQKV/VocIuddqo+mHq0PuPfeO9JIC0/UHyvTNzSGf46IyhyddpxpDJIFI1kVztRSG1kzw1kTLtqe07E6Im31y8KLK9lQx9u+wyCnLPI05pz5gbA/O16hAkX3FPcbz5aDIF1nVT1tZMbG0EYsoEwUKDSRsnT0yDG9Kz/5TtfujgS9lg13e+m816KrufQ7/+MSy+mRabUHTt+27WQ/8+FGc8tjvEzVWUWGtqmFBdTQ59WlT8TZxvBA+BdthZSOKaJU194xmZVljDKC/DKXZs19luUf+i9O91PCxTyDsW2d1Lhrttb4scOZLM8ob5QSCpR/Sb3bqf3PpnDdn/tNq1jaZvQvKmwu1LQEU8NXj0myt9TEPrkphgUhv7bE8RHnJj5yvGqoMvZa8Dfa2VLfo6r9e/bruNG+s6GW6+WQZDnhfSrz69xoegzPF66MEHnEPdZhF4rxqcqXPD2pebXVe2V5vDKZtsm9dkM3wZgU05un6ssbbqZMQAqG7r/eQx3pv8wpURNPnqq4k0pWsiSTqwVDRLm17uazdvljbv03xD3az1Ll1MakJddkTkyOW6ExgqAkk9ot8k103Hd31i7RryoG+462RlFAUT3EOJirfTZJDBxVXXyXWj5Dqmp144LUfXjxUWH26yJpKdSRFycxUyVMZ1cxR6Hbgy0cq+cZ2H679IWzfC3/xGK82iRRsnTzRS9N5XDyP0GiYDz68vgSvMziwn9gAwn8Z7IpfeS4JIRibTJ2B2tqhovdhqN6d2kkvuenE2A2ravmtkXpxt07XdnR2R/+93SVHuI5czs9s84BT2RFtvWO1PrE1WjGsdd+ZG81kZ+pPV0O00HWSwuT5ZfOjBB7yfAvuGlDR9Q2b22XzNG5KVp8ynkToLK/T81M1GWpTrH/1X9TXcVdDBNUuPLHCAqC/D6YZsaMEU1zBLhjMuFt+Hjb7/940u61faht5/7NvbFrn0fjIzW1DGUEEmUCZjaPKjL2PIVzvJm4lkFMwep7efqo2kZ3eL8pt/7z2RvT2Ry68QOXBAdwxDQiCpJ1xv3JpKPzczh+T9Z9TEdKEhWSlVsj/avEFz1UgJCYLoISUbJ09UOl95sy/ZWQb6+JQ5L2XW1dkNIeenibpY83D9a9zIDFOVgsj69doHruuvarFql5BgwyxuaGZ908RN2uJpulh7H7Wd9d0l3774Jlro274Pvf+LZHcryUTa2fLXHDLK1iYqzDQqUzspJxMqs557M+naSFZNJOd27cymiQ8uiOyNRa64QmR11dMJ9B6BpAUQMnOIrzhxmayMkDciVbI/2gwyuGochLb9g+8/Pq1jUBR8srOLzHEqc0Pnu2nT09afPHGiVt0GV3ZD3vnxBeL69EZmVte/1uan+m0GV111tELPc0idLjQvpPC1T5OZS652msqWCp1dz1eTrwrX81xBhaKsgbLb7Pvf1L7pIgvNzMjaBNffzTZn+HMZ+t/tprLWu3qdDb3/mBTVfk9kd3sSNyk5C5qO0JTONPK0V3uWNtevo/Tz8mojGa4aS1uXRN6Jk2DSGkW4B4lAUk/UHRpUlyuAUPaNReh/hGWzktrK7HDNMlb2uJsC2qbvdQNGeVzHyPxsbjSSm5B623FlJX3py/c739g2VQR2Hq5/m+u5TRW5nUX2i7sIeXadbCCp1W6hpqaGAIUGdXyaCl6VaaPKNsscmyZv4EJea22ah+yUqlmlZT6Iae6DgezrsutjvghZWEBTdi6KXHxXZG9n/3e5NYckZz21wFU7SddEcjTrrskUul01O1wmUKQykOLYUzvJyGlva0vknXeS3x865Hoy+oxAEqZcWRltFFsum5VUN9jj6r9vxpWyN/r2G/yqs1+Fbkdr6xNL14xnp144Ld/57qOp4+M650OeEajO9a8NrcYIZs83JLTKdeIKePgyZ3SQoqm/WaGzQUrF4FXoPoonC6pKhuHQszSqarMmYRt8dcLK8j1/qP+nhRr6dV71/1vXe8CmPhwrM5HC0Pu/6HYuJcPZxrvpAElRJpAv8lI0i5svU2nKF9GJ0r8umj1OVPuFNZFUbaRMN3La29kR+f3vk2VkJg3LqOsOoJkaM01wZxiEfTpX9hNM19AZ13+mdT/59nH1b9ZZMEV+8P3H5Qfff1zObZ4tnBGuaa60/YcfeXR6PlyBuKpBpHm4/jVffRrAeOF0MoTJflQVeiPouwbL3kjWzRKtcuNaZohzE3/Lff/3EFQYjrKvqUX9AGDo+12l/229t6xi6P1fZLtbIpcmmUixyTqK9zN8dB0hO5sodsxyFlvrmfam7ar1UtlAerue9YP7J+nnp9rJqYk07a/1O51Z5Wtve1vknd+LXLpU4gSgc2Qk9VTb/4l/6cv3y8kTxQWiQ4thl/0E0/XJeOgnxk0NibA/wWwik6ZMnRKzDydPnJgci/Qwu1kPZXD5wfcfz2RZPfzIo6ki47Ymb7CGdP37nmfr+lwiXJU36FUCK03V5Sob8KibreMaEly0Pdc2dYZj0TbL8NVJqjukrm8fNrRhqEEFX0ZpmXPuCjz1PRurLUM450CX9naSTKTpcLaCTKNpRlDBLG2+mkh2e1HOeoWZRkZB/+xtOWsiqeLZ3ppIrtneJvujM5u2t0V+/67IaMRsbkNBIKkHuqgPY95gJTcQJ6Y1dqrc3ITeVJjt5c9Uln7T53pjV/QGJ/Smzt7XJoIgOjimg0WS0/e+1pbxvTnX6gyzG/r1r7luehf1ZmSI6mQG1VUl2FH2b2QTN9yuNouWu15XoX93XftYtM06ATPf0OdFNYSggi9gWeacu8x7Bpo4Xl9DON+2Ku8h2nx9163LNbT+L6Lx3mR2Nkf2jLM2UeTOAvLWJipYL/bN4ubZbqY9ca8X27WMMo07aiI5ZoUTCa+xZGc2mfYuXkwCSR+6UmSZKEXvcYo61kV6qmsGnW9+I/m+Sq0B33+Cpo0yMznZb/p8NXiaYheqbooJqMzLf8SueklanRmF5uH6DzEv10MdyTF4QP28uHzXmilsX3R8XLN7GXmByzrbrVpbrmibeXw1P4q26QuYFWVC+Y7rkOu/lTHkoELVc+67rhc1A21IH3xU+b+66fqOdQLPQ+//otp6PymwnQqQeCI1RbOk+WoT5WU2ma9RXiZSidnZIsf2I7VOkzWRimosXbggsrQk8uEPuY8p+oMaSR1zZc908WbVfrMYWr9IPP+hPfzIo/KlL98/fVSd5r6JYthFfvD9xxtr09wsDemNd4i8/dk4WTw8LM/Qr3/N9YZsHq+JKsy1Yh5tHJNTL5yWo+vHnL/vI9+N6pe+fL83yGpujH1/W0NuKMpu18zcWOdm27WeOV952/TtYxETBNdMrTfXNs1xXVRDz6b0/a216/tpeTfRixA4HOpQRqPsMPumJlqx1akZN/T+L6Kt95NHaE2kTM2jnBpGomsiFdQyCl2vsHaSYz9j++GpiSQ5NZEk+5RSNZbefVfk3fdyTgR6gYykjtWdkayJbYZwpYfnvQEL2cbGyRNy8sSJTBu+G/eqx6bo03n4FX1SZW4Eq34aNuTrP9SQbsTq6jJgk3etmt+7rtEu/wbkZfzZBbhNH4uOb2hgN2S7IdssE0huaptl/tY89OADzppupg9tbHPeDG2/f/D9x53B5LKvp7ZmRe2boU8MUWZYWF62YZPK/J8/9P4vmp1LIlsfTH4omgVNZwSF1jwSaz2VyeNqNyRzSRwZSd7aSZLOELKHqLlqItntNF1j6b33RFaWmcmtzwgkdajusJ62PkVwDUPwfWpVtraPXY/G0G/0ff9Zhr6h7Wv2wZAU1bPSTBHuMsPchn79u8wii65PTNC36080Q1LzXcGk5Fx3e8No+lMUsC2ycfJEqZvfou2GbLPszbYvsBO6zSoZkL7AQug2FymINORhbTYzUYRPFnyMCQAAIABJREFUyDkf6r6X1cWHOU0p8x7CZDi61H19V33POfT+L5rxXhJEmhbXVlk209+F1CaK0+s527G/8dVE0h0JWM9Zk0nXMnJkDNnPz8StXDWWYkcUrGSNpZ1dkXffTwpvLy25VkTXGNrWoa6G9YR8AmL/ruwNis3clOdNY2+2ZdZzHZfQNzdMiVqPebPiG1LiCgTq54aeg3m7/l1v8ob0prwK8ym/L4twFjdjvsCzb4hLmWt0Vh568IHK14q5Pqv8ja663Y2TJ+Tc5tnSz5PJTX6VbX7zGw9U/n/o3ObZyttclCDS0Ie12cxrosrfnyaHu/ed65wPPYDmm+jFF4TpW+bZ0Ps/z7Y/ENm9NMmuUXWK7GyaKNrPwpku92T9iLVe6nf2r62MpihS7Qa0l+mfatdVyyjTXbu9aP9rZPXF1V6k21P9yrTjOBYXL4q8977j+KEXyEjqUPLGdj/ro+wsNKZWRt0ZfnzbKnoTrberZykL7Zf9pq/s1NK2MjeU86rqJ0shGUj6evBlgZjgQtH1M/Tr31bnuh0yV3Fbo0ptqCoBHl8Azxx7fZ3aM/bpgKHr+zJCMmp8TO2oMoVPmwh0mHpVecW7jbxActltGrPeZl5GVNPbHJJ5y6Y02Yahr6c6H5gN1ZDfL7nOq+s9RF6dziZe41U/lBh6/xeNGdIWW1lGrnpA4stIUrWJpt/oDCJXxk9IplGF7Uqcjhg5M4N0v0wGUZRuJw5tT2c2qfbiKNu/WJJaSQcOiBxiiFvvEEjqUNk3Oi7JTXv9friEvIm0/yOr8x+aCSKFjP/+0pfvz3xSmndzMJQ3RmXZN34nT5wIukFyPb/qTZW5AfW1YQeUxHE9zcP1Lws+44+Pr9CxK1hhXstlr18JnL0mbwiX/bu611GR0AweE1Ayx8J8feH06WmQXhr+u2aCfiaQZbS5TXNeutimzqCztzmv/1/kaXuG1C7Zrydf1iTnPDEv51wChjuHBuHNcbKvEftvcluZuEPv/zyJxyLbF5Kv9ixtuibSlGP2tSinNpGunRTpBgNncyszO5y3lpH1Q+maSJ7aSEU1kYrai0RkPBZ5/wOR1YMiI8ZS9QqBpB4wb3SK5H36X0ed/zSa+sSy7JTLZT6xn1cbJ0/Il76cvtn0raeFBm9CstKKgkF2gVNXX4Z8/edlwQ350/xQJmBkhimG3Izra7VqFk+Z2WtC6hC1qerwMengTX0X1+2st7mowQOfectGcuGcpw35nPuyeez+59XtK5PJaYItZT5oKLrOht7/RbN9IXkYvsydvIyh2FGbyLl+nH6Oq4a2az1vTSZPTaRY10TK7Ez6+aE1kTLtWTWRqrRnB54+uJAEki4/4uowukJcb0DaeCPU50CL72a8zHTTQ3ljVFXR9eA7VnnPM8GBc5tnS82OlFeHpIkU7D5e/77Mmz6/rjRTv8w8qhRQNjV6TJaaT9nzl3fduH6fd9yLrlFgUenXBK+R+Tfkc170/4zk1A4qWwOr7HEJWX/o/V8k412R7YuOmki+mkeZokDZxZmaR3a79vqu9irUZCpTE8lZy6hETaSm29O7//6FpAA3+oNA0sBULVSqmXoAfQm0uG7I6xT4XoQgUpG8Y+AKythFe6seO9/NelMBoD5e/7pg8aLVVimrTO20oqCU/Tci9DVvX6Pm0Xa2AtcD+kz/DVv0/zsXwdDPuf1ewPe3X9fAO7d5ttW/xWXedw69/4ti+6LI7lY2oyZWGUHTLKHJbGyp5SHrOWZumy6P09ud/kr9Tq9nb99VzynWy3UdJdnvp+6/r704p73Yak/3O7S9rS2RDz4Q9AhD2wbIHgpUpbhyX29qzKc0X/ry/bnBAnMDqfe96aEgs5yxRm8rdNvf/MYDcvJEteNghoq1UVjWLhwc0pcqbUuPrn9XTR64ua5ZW5nXsflb8KUv31/6uM9yyuS+/s0FDP5uLZ6hn3O7zlre8jofFOjh26Len9V53zn0/s+7vV2RnYvZ2kS6NlKmNpFZXdUmCq11NF092l9NHDWZ9HZNu787K/Lbnyfb/x9nRcaxyEeOiXzkuuS5//bTju7kDHWbrmdtz1tjKWdoWlM1lj64KHL4kMjKivu4YbairW09SrNbB7gwAAAAAAAduPSuyMV39392zpImOcvtbxw1kULXc27XEYD6f18XefnnIv86CR6lHrL//b/9tMi/u7Ngljar+c1XRNZvUguLaiypdnLiZan2XEMCXe18+EqRKy8v2PCc2t7pugdpDG0DAAAAACy88Z7IziVXsR+LqmFUVJtI10RythdYO8muiSQi8so/iZz+P0X+n0kQKZZJ8EjSQaRxLPLffiryf/wvIudfy8mWsmoYPfHXIpuvZus1BddEUu3ZdZJ0e94SU6qdDy6K7FIrqRcIJAEAAAAAFt7OJZHd7YCaQ44aRtP1VO2f0JpIsaOOkHMGuMmCl38u8pvnkiDRnnmM1SO2vk6+/4fveWoima+xyD8/laz/8x/VqLFktVe2JpK90G5na0vkwiXv6cMMEUgCAAAAACy8HROkcGUEicoI8szS5pyFrCjTSGc4uTqnMpJ++/N0xlEcq2wkyQ5vM9///f+udkplDf3zU8l6Z18Wef0V/+5F1j5mMrXsWdp0/x3HNZXZ5WsnErlw0X/+MDsEkgAAAAAAC23nUlJkO3eWNMfD0BlL3kwjT3upDCerX/Zy8/1v/ms242jXlZE0zmYk7cVJ/aO3XrVmZ7Pa/qcf7a8/jkWe+9H+/onOILKyrrz7rTKSps9xPfSscY62LlwUuUhWUucIJAEAAAAAFtruVlhtIl0TKUNl0Khf59dOCqjJJJMC23kZR87MJPU4/Uw642fzVZH/669Ffj7JRoqj5HHmFZH/9c9F/utTaj9yMogiVRvJ3rcmaiwxvK17y113AAAAAACArsTjybC2OJ0NJI7Z0nSdn5DZ16Ki9Rz1g5zbnfiXM1bAaJwOFu1NMnfsr671xpOMn39+WuT5SU2kWJKvYmcJTWZo+9nTIv/4tMj/dI/InfdafbT6n5mlLbIOgO945NRYisxxmTwhnny9eCnZnxFpMZ0hkAQAAAAAWFi7WyJ7O65IiCNtJk4yY0wQZfprlXFjAkFRTnuRYz2z+rSdKP20fz1TXAPJzN4W+9aLRd54OWn039+7P6zsuacmQa4oHUSKReTYzSKfvlfk2I3W/kfO3ZruR2T137nepJ0oCjjs0X572zsiF7dEDq8JOkIgCQAAAACwsHa207ODuQJKzhnUrAWZTKbMk7KZSLFjPVdGk20sSa2j1FA1K+MolYmkHyozyWzr39+TfF2/OQkmnXl5EkSaZAHZWUipPjoyuFJ9zwkUpY6dK8OroL1LBJI6RSAJAAAAALCw9rb3v9eZQPZYrNxMJPOzXj5tWLILHAGr6fbNzyoAFeksI0fGUeyrmaTWMwEe041jNyfbOPPKfj8/fa/InfdM1otUoC3a75+RySzSx8fe7Uj9wmrPc3im7V3aEnSIUYUAAAAAgIW0uy2yYwUl7FnGMjONOWZz07OVTdtR2UbO2dkc6TdF641jNWObmr3N1Enai5PsI996e1b/7X4eu1nkjnuTgNP1N4t8+h6rdJGViSSS7l+s6zzFmVX1okw7qf111I2y27m0LbK1LegIgSQAAAAAwELa20n/XDRLm559zTWrmms9PUubnh0u80TvCsWZRt5Z3HRGkt6PiU/fm2Ra3XBzev8LZ2lztJd6iqsd2W8nM0ubZI+BfVgIJHWHoW0AAAAAgIW0OwlG5M2SlpqVLG+9wFnc8mZny7Sjfo5jR40kK3C0N96ffS2vVlIqY8oaWma28+l7RD59tyOryp5NTYvS+52pjaRrInmyjqarq37pw7S1434e2kcgCQAAAACwkExGUmaWNEdtotQ3BbWORGXfhM7O5q2dJPvr5WUcxQG1klJZPp4Mos/cY+2/o4aRt7tqv1PrVaixpPs1/SFOZm9DNwgkAQAAAAAWznhPZHcnnZkTx1ZgxDWbWE7GUupXqjh33nqZDCffdieVtp1ZRq4hbXE6M8kqveTMeMrErzw1kaYZSZMnxJFkuNrz1Vjaj6q5M6Rc/YonGUm7eyLLS9nto13USAIAAAAALJy93SQooWsZueoGpWoeRcU1jzL1hESn1aSfG1KTKZpkJHlnZRNPrSQT7IlE4pH1Nd2NzPZ9NZFE1UTy7FZwe6VqLFnPi2ORnV3HxtE6MpIAAAAAAAtnvOupYWT9EFQTSdc8ymnPVTspkyFkZy5Z2zdBpN3JjGy+oNHYykDai9PbiK12pv21x59ZX0NrIsWRysCq2Z7ktBer9Xd2RdYOuhpDmwgkAQAAAAAWzngvvNaRbz0dM5nWPDI/6wCUpz1fTaZYrx9lh6+5aiaZWklmeFgcWcGkKNtfsbpj73vpmkiRY70aNZac9ZwsO3vZ36F9BJIAAAAAAAvHDG2TgNpEutZR0HquDKacmkj/4zWR//tnIn94TOTffVrVDJqYZhwVZCSN7YBRtF9ke2z6oQJetldfFfnJMyLHbxT53F2emkgBtYx0XSlfTaTU7Gyu2d5cx3ny4y6BpE4QSAIAAAAALJx4bGXAFGQE6dnXQjOXimZps7f7L2dEzr0m8tarIm+/JnLv/5wtZB3ZWUeejCSdxRTrr/b2RQWEYpG/+d+SH195TeT4TSI33Zg+HpFkt5H60Tc0zZFUlGknyraTymBSy/cIJHWCYtsAAAAAgIUz3pvU7TEzmtkzm9m/i/3rper/TJ9cvj0RkZd+mmQa7cUib72SXmbaGctkncl60692llLgw9W3V19Nb+vpZ9J91VlFqX0U1Wf7Oa6H1Y6zPX3MHMt3TYoVZoqMJAAAAADAwrGzj+zRVpKTiVSq5lFgJpKRmnVNPW+ayWPN0harWkmxrodkDW1LfRVrFjhdy0g9fzpDmngykRqqsaTbM/3JrUEVJUXHMXsEkgAAAAAAC2c8GRaVquvjqmE0XeipeZReJVNDKSqojWS+HU+yi8ayHyDRgZd4kpFkgk17Y0dGUNHDKryd6oaV7TO2h8GZZY6aTfp46IMRS/UaS2I/z7W9SRYWZo9AEgAAAABg4TiDIK7ZwmQ/4OHNNDI/6+W+du0aQqb2kSsjyf46+cFez5WBFJqZ5KphJNF+JpKdFZSpjaT7ZWdYOWoiBdVYcgSqMhsrE8hCawgkAQAAAAAWTjxOZ+NMi0Q7AhTTDCLHkDRxre9MsclmP9nrmXpHZqhapt14PyNpz1WbSD1E9gNS+qupMWS3azKn7PpJY2u92BV4sjvpak8fdDWsLdWe2Y4+ZtbyVCZXNCmYjpkjkAQAAAAAWEi+mkg6ElK2dpKuieSNrFiZOXY2ks5IsjOIxtaQL/3VflJmtjZVA8nO8JnWMppkJKUyhuwMI0dNpFSNJd1e0e6rmkfTTC11iKbZUdZQuNQBwkwxaxsAAAAAYPHYtYKsbBidqZN6qJnH9HpGalYyNTub9evUk666YZKRNJmV7Y1X0u3Gscj1N0+yhKL9zCH7a9Esbebr8RuzGUQSi/xWzdp24w3pQ+bKerKzumJJ7693tjd9HPRxjMOW68AWZoNAEgAAAABg4aSCEFamUWRl46iEnP3lUTYDSLc9rftj2lG1gyL13ExGks6Smjzp+o/uZw3Fo0lAzHy1+6YesfX1+I3pZfY+xaN026n9sh86a8lqxz5Oqf2MUl/228k7pjnLCSR1g6FtAAAAAICFE41ExDFzm9hZL3btJF9tJDvTKK92UpzOrkkVqbZmbYvj/a+pNu1Z1Sa/Glv9s2djC3mk+mN1K44ns7bF6ZpKGaE1kSLHcfQdF1FD1wqWjwgkdYKMJAAAAADAwhmN0pk0eRlDruwlZ30elT2TyWjSmUhWhs6td+0X2h7HIv/0dHZ7kYh87c+tDKORlZ1U8DDPufsukXvuSu+3efzop+ksp89/VvXb3h/Vr0wmUk4Gkc5oitT6RcvN75eW3OcW7SKQBAAAAABYONHIU/PIUcPIWRPJt75ZN692khKLyPpNSQBpb/I48xuRsy9nM3/iWORrf6rqJEXpr67sJLPu3Z+z2rMeTz6brql08w3uWkaprCqrX3Z7uiaSPk6xdSzsWkrO5fp7q7ElIhqd4LADAAAAABbOaMlT88gWWjvJzjRyZc9I+rnOzUQi1960n5EURyLPPZ2tQRRFIsdvFvn0PdnaR1KQlXT3Xe72TDaSvezm445aRlVrIznayc1EstsT//JlMpI6QY0kAAAAAMDCGS3l1DSyavpklofWRHK0J7GqGaRWvu1ukVd/s595c+blJCvp+puy/b/zniRz6Nkfq8wdVTNJROTGG5NMpBtvzPZZROQfnt3PWDKP+z6T7V9qnz3ZVdPVi2oimV+a4xyp5WItdz1fRJZJjekEgSQAAAAAwMJZyrsb1gWBrECQXVTaZNdMf1YBqOnTdXtq9jLzw/U3J7OynXl5PxD0s6dF/vjPMt0QEZHP3pM8fvJjkddeE3n51XT7N96YZCHddDxd3Nsw7Tz5j9ZwuEjkvjvTfYvFKjZutRN52pvuktrPWNJZWc7j6Fruef4KEY1OcNgBAAAAAAtnZA2LKpOJpGse+dZztWtnImVmOZv8cPs9Iq++nHw/FpHXXhH56VMid96bzWgyPnv3fnuvvpp8velGtcOOTCCJRR75z9n6RJ/X2UiOTKTI017IfsaSXc+5XB1Hvb0VhrZ1gkASAAAAAGDhLK9MCm6Ps5lDRZlGU7rgUexerDOSUj/aQ8BikWMfTR5nXtl/7j/+OFnvznsm8RdH7SGTIXTTTen27D7q7v79T0V+c8aqozQJIrn6lcpE0vsnql+ejKsMXWjKxbHdeDLr3gEiGp1gRCEAAAAAYOGMlpLhbc4ZxPRDzy5mzU6Wmq1sQs82ZtcXcs1OJpLO+Pnan6ZnUBtLMnzt2aez2VF6W7Halnj26eG/TQJJ9jbuu1Pk83f6++U7RjrbKVb9E9UP3f/c5bFaPvn+4DLFtrtC/A4AAKCG8TiWvXEs4ziW8Th5l5tXfHQeJZ9cRzIaRTKKIlkaJd8DQN+tHBDZ3S7IRHLV8imqnSRqPT3jmf10T8bP1/9M5G//Op2+9OwzSZufuzu9HfODr4aR3d2XXxN58qcivz2zP9ObiMjHjot84TMF/SqoieTcT8dQPNdzvDyZTAdXCp6H1kRb266a7d05wMUAAAAGYDyOZXdvLLt746670juRiCwtjWR5aURACUCvXXxf5N3fFdRGsn9WRX8yy+1vHH/+im6+U81HSW2kZ5/ZL4Jtf/3c3Ukx7Rt1LSRPe789I/IPPxX5zWvZtj56XOSP7hT52A3F/ZvyFO/O1ESy9sdZE6nMcuvnq64Q+dDh/P7Oi+2drnuQRiAJAACgpN29sezujmXcr7dRvTOKIlleTgJKANBHO9sivzu//7MOBPn+zBet5wyouIpR52XqTFY784rI3/ynZL2x7Ada7GDQXZ9Lfn/T8Wz9pEzwyMqUGkdJ8Og/fj3bL1eNJe9xcHE8Xx8PbyAuYPmxPxRZXZD4AYGkAgSSAABAn+3sjmVnd6/rbgzKyvKSrCwTTALQT787L7K9lXyfCQDpgE9oJpIOyBT0wZfJI7K/4JlnkofOJgr9Og1ETQJIMqmJZIazVe1XXuApExhqKLC0dkDk2B/4+z1v+hZIokYSAABAoCQTiSBSWTu7exJFQmYSgF5aOSiyvZ18H+lIhqt2UpSdxa2oJpKjpFLYLGhWP+66O2n/xz/JBoh8X+1GY2sfPuYZyqYDN64aS7pfqf3Ux8mVleX63iWnptLagYLnolVkJAEAAAQYj2PZ2tmTuF9vnQYjiiI5uLJEzSQAvXPpgsg7/5p8X7Ym0nQ9+5uAmkGu57uKW7vaExF5+pnk90/9pFxm0kdvEPmjzyRfQ/s15eqXVdPIbi8o06hGzaRrPyxyZLWg83OkbxlJBJIAAAACbO/sUVi7puWlkRxYYa5mAP0yHov87l9EdnfCh64F1UTSAmoOVWnvR88mP758Jl0LSSKRm48nQaObj+cU0p5lTaQGhr4dXBa5/iMii5Tk2rdAEkPbAAAACozHseyNCSLVtbs3ZiY3AL0zGokcWE0KbxuuTKTpj7F7vbioJpIjXSev9lBoe//hs8m3N70m8t9f218Ui8iDX1f74QoUWcviyfC+oppIzmLhsTo+TSxX/YxF5PDBxQoi9RGHHwAAoMDeOPbO3INy9sYcSAD9c3BVle8xdYEiq0aQKwaeUxPJftjL7AWRehS1l+qG9YvIajO2Hq72dL/sfYkk3S/x9Eu3Zz/fXj+zPCq5XB23KEoCSegWgSQAAIACY4IfjRmT2QWghw6uiRxY2/85trNjJt/HKpNIZyeJSjqyH2I/P558H+9vJ9bZOJ72Uqvo9iSZlS22vrra0/2yF8aS7lcmS0gN/YtVf3S7meVxznLxLLd+cfigyGUEkjrH0DYAwGCdfePt6ffHrrt65tue9TbRnTHpSI0hJgegr1bXRLYuTn7QmTeqNlJmljbX03KGpmVmaTMznNVsz2QkTfvmaW+6rhrqVtivyN2Ok6NYeOFy/b1avkgFtvuMQBIAYLAee/zJ6fd/+Rd/0sm277jtFrnjtltmum3MHjO1NYdjCaCvDq6JLK+oWkn2CrGqnZQza5n9ZJ3J5BNaE2lay0i1N7YykWIrmyekZlNece/p73zFuHVNJbM91X7dmkmrB8hG6gsCSQCAmXvu+V/K65vngte/feOTvcr+ee75Xza6XpE2A1Vlz0WIr95/X6PtAQAwC0vLImuHRXZ2xB9ZKcjQsWIg6VnQJl8jFYjJNB852pH9QIxux17v3xzfz0KKReQLd9Zrz7n70f7yKhlH+vnTTC/fcqs/l6+KMPFnPxBIAgB0wh6WVuT2jU82vn0T5KkSpAkJEJ194+1GAkkhAbSzb7xdOhh0/frRadtlzgUAAPNs9ZDIhQ8mWUmuTKI4O/xMPIEXuybS9LmSzsDRgRZnO/obz+xqcSTy+TtF/svPRD52XORjNxRkGOl2dD0lT/9EPT+VUeRabu2Yd3le+5HIwWWGtfUJgST0lrmxMTdH168fFemgDkrb9H6KusEb0nbYRv/M0740SQd5ygSTdHCoD8Pafn7qV6WDQXfcdsvCXwd9t/nm+en369de1WlfAGBRLK8kWUm722E1kYzprG6xykRyrWcJrolUVMto8v0XPpM8fJ3MZEh52rGHs7n2M46zGUOp5bpdXx0k3bjnuF2xlgST0A+cio489viTqTf9dWtsFLV39o23U7VEZDL0oI2biOee/2XqRuvYdVeXGuag98WliZok9naqHAt9TMu2cfaNtwtv/prYT30+2tjOLM7ZLLbhep20sZ08+nxVrfszi/Nexx233TINDvtUCY6E+vmpX02/rzOsq+j4VT2+9rkrOk5N8l0TIX8vQ16jbThz5uz0+xtuODbz7Yc69eJLcurFX8vGrR+XjVs/EfacX7w0DSZ95Yv3dhZMMn3YfOucbL51fvq79Wuvkq988d5O+gQAbVo7JHLpgsj2VjajplRNpILaQ1Xb8wmtseTLaNKreYt7l8lEKrPcUVNJYpG1A8mwNvQHgaSOfPX++1Jvup97/peVswSee/6XlYJSPz/1q9YCSVWE3sSLdZNc5Ua4zHbaaiPkJt9er2qgK/RGvOrxDN2POtsoux9S4ea9zDak5nkJabeOWZz3phQdOzvY0yQd8Cg7bC40k+nYdVdX/ptuCzk3t298MrMf9nUQErhDe0wQKfn+17J+zdGZBYXsrKbMsrfOqZ/T6+Y91yw/9eJLwYExABiK5RWRQ5clgaRMRo2nJpL5wVcTqSjjJ7jGkuprkzWW8moipTKP8jKRijKVApfbx/SKQyIHiFz0CqejQ7dvfDJ1M/PY40+Wzj5w3XiG3hCefePtxqevrnoT7NoP0y/75kevUzYA18SNet02fPtq7+frm+cy10aZoMUsjmfoNvS+lA326ICdOVbXrx+dZpLY/TCFg8tmwZXdD6n4ms3TxrXZxutoyFzZm2X2u+pwuDLtV9mGax90IG4Rzm9fmSCSiMjGrR+faWaRndXUJIbaAZh3a4dFti6KXLjgXp6XQeTN/IkaqrFktFBjqai9oEykBmsmHVkVuXJN0DMEkjp07Lqr5Y7bbkndNJiAQai6tTqazkqqciPsKkjrC5qY42WvH7IPZTNO2mrDNezPNxtVlf20n2tr43iG7odYwR07A08CrlfX9W0/x2xP74fpX8jrQQeRirJz9PEq+5oN7UcVbZ/3IXO9fqtkYs0ikGTrQ/0l1HPqxZem369fe1Ume+eJHz7lfa4dADr1i5dEfuFeb+NTn/AGdjY+9Ql54k3/Nnzs9tavuUrWrznqXAYA82o0Ejl0RGRrS2S858jUETXrWGgto4IaS5n2XOtZmq6x5GzPkRFVOtPIcxy8y0VkeUnkykMiI19NJXSGQFLH7rjtltQNdpkb4KKb7BBN1rOomk2h65MUZd6YIRrmxjvvmPmCPzqAl0cHQYxj111d+viVqR1VZj9925CKx7MoOOKqt5XH9Plb3/5eqp9lAjZF17dZZp4TkmVTZVio3k4TmX12P6pcVzKj8z5UrqGobQWR6swEV/Z1hf6zh7TJJCCjhWYL5a73Kf+ikDpGJjD0nb/6u+nvqH0EACKrayKHLxN59/dWBk0s2WiJVcsor/ZQqiaSp/aQs72QGks57VWqsaT2M5VpZA+Vcy33Pd/qd0jNpCvXRI4czOkwOkMgqQf0ELfQG2AdlKj6yXVTw9uqBJJcwYKQvpjaI64ZqQxfHSNzg111+m6TfSMlA3GuG/0iOmutqChwU8czb7/qZEyY2mBG6LUXetOvA4Svb54rfB2V3YY4AsBF28ljnzNzbVUJULZ93ofKN/y3yt/LokBS1WFp0sCQu6a4guaudVBMB5EM1NjrAAAgAElEQVTKFNluUkigavPN86l6SevXXlVqOBwZSgDm2eHLRXZ2RC5OhrhFKjumdO2hKN1OYU0kT6aP1GxPPO1Fqr3cmkh5y0Oen5PJdGRV5EOH9M6iLwgk9YBriFvRMJMqQQm9TXOz0MSQFlewJeSmVN+QlLnxsm+4Q7ZVNPwqhJ1FVOemu8x+2tdG2eyXqsdTAoM8ZQOYVWvRlCkSHBp40+evTiHiqjfWOlBZtuizT9vnvUltBa9c2Yh1/gaUyUbKW8el6Vk86zB/Y/LUreW1CDKZSI4hbcZDf/7H3nae+OFTtWdtyxs657P55vlSw+G6nFEOANq2tCRy+IjI9rbI3m7J2dDsmkgqoFOqJpIdfQlox9Veql9l21P7480oCllu76Lez8nzDiyJfPiQyMqS62CjDwgk9USZIW5N1NDQQZgmbx7NvoTQN091+PahqQBS3TaqBkakRODPPu5tTk9v1J0FypfJ4ysYHcLuU961ra/Rsuf2+vWjtTN57GLIJgOlSluzOO9taGIGRRdf0fE6Q8VCspHylrv4ht7WGR6H7hVlIjHLGQAMz+qayJHLRd75XYXaQ5GqPaRqA4XWWBKrvUw7eTWRVMaPtyaSas+5cf27Kssl3S/Xoo8cFrmMIW29RiCpR8ywH7sgsR7iVrZuTJ6mspJ0VsUdt93Sys1hWceuu7r2jFpNtCE1AyNSIvuqTnaH7pMvyDOLbJU6BY31cC3ftW2/tuoGxKpmuNhTs9cJGszivLdhVkOk6h7fNoa0Fc3+2FUwSc8gadgfdISss8g239ofEuYKIp168ddy6sVfzyyLZ+PWj+cu33zrfGoYW9H6LmQjAVgEl10usrsr8t67/tpDmUweR0bSLGoseTORFN0vV3tVahtllutMJUcmkvHhw8kD/UYgqWf0MBP7JthVr6fOTUZTWUlVsyHqDi2qm1EyS3Zfm+hnyLkqezz1teV7fp2sjiaHk9VlAk5V1QmC6LpITQYL2jrvbfMFJ+zloeysyCYyCfUxsguUu7adx5eFZNduswvGm8zUWQWUrl8/6tyW/eGA75j24QOEPjCzpPmCSMb6tVelZnRzsQM8m2+dS9Uxcm7bkelUlP1kF9juqo4TAAzFkctF9vaSekmVM356UGMpr72UChlF3ucFZCpdvpZkI6H/CCT1jK6XZA9xs4fBSAOfVIdmbhSpUy/DNZX7vKtyox5ybM6+8Xajx7ON8xES/HPNsFdW2fpZZek6MmXOadN1kYZw3kP4AhhVNTXjmb5mi/7e+fbh7Btvy+ub5wqH3OlZAYWhboOT1EPKBmT0cLfNN8+nflekaF2dFWQHiMpso0yfNGolAZh3S8tJMGk8Frl00VEbSQVyYkfApHaNJespVWss+dpz9jOv5lHR8hI1kw4fTIJI1EUaBgJJPaTrJbmmn2/qE+q6WUl1MqTqZoTUGf40a00EM/QsdfrYNXk82wgm1JnRqk90XZ+yGUX2c5uYmasP572JbMYus9Py+GbRszNFDdd14MtAkpy/4+b3Ojvp9c1z3gCZ2Y7+nWGeb2sq2IasbBDppczyMrOiAQD648BBkSNXJMGk7e3930fWN6lMJJs9a5prqFtIjSV7eQM1lnR7mVnUopLLHf3PXS4iawdE/uCwyNqK45ihlwgk9ZRrJiWjyaEwOiupbH2UrgIDfRmOMy/aOp52tltoILSNujl1i8nbrw8deClzM95UfbOm1D3vdpDEDE2rU7Otr+647ZbpsdE163x1rvICSKHF+3V20tk33pZvfft702FwWlHAmvpF3dCZR3YNoir1iHzWr0m/fvMyg3QQiywiAChndVUkvkLk9++kg0lGaE2kTCaSb/a1NmssqfZ0BlOl5db2imoqHVxOgkiHKa49KASSekoPcbM1/SmyHbTyzRTn0mS9pjJcmS19vgnVmgjSNBlsabKAe9EsXE3Mfjcr3/r293KXVwkitVUXqYomzrt9rk1Go54gIE+VwEZekeqic1bEdU59GV+uSQZsriBSlevfNdTtscef9AaT0C+bb56XJ3741PTnZNjbJ6bflw3gbL55flonaf2ao7nP/8oX7/X36c10n3zrAgD81g4lX3//jsjOTnjtIVcxbjvDR3wBpcD2StdYiqx2omyMSi/PqDFL2+qKyB9eJnJk1fM89BaBpB5zBZLauHHQbYZmb3Qx5bjrJrLrG/Iifc4CmOXxNBkrZa7hqtd72zfYZYNIOujQ9ZCiJs67L5hTZwbIIbGHkbmO3Vfvv28a2KobQNXBJFfw3HVN2sEsO6sqT9FsckJR7WA6iNRIm2/9/+zdW4wk133n+X9kZVVX9Y2kZAPdYpe6xYu1wAADiQTE7uKAXFKWRC7oMSACVD8RHnjhpxmDt/XLAsZCjwIpEoaxO6tZwFjuwzYJkMBiaFGWJXsom91NATK9+7KQeOtmNdnt8YyWIru7um4Z+xB5sk6cOCfinLhkRGR+P0B1XTIyIjIyqjrjl//zP5cn1U1r94RXEpkNv0VEVm8tbvqdh+bcAOaZCpM+/Y3I5qZf76EUn55IWo8hV8VSbeuz9C6y9mAyK41K9FRaWRT5LUKk3iJI6jDbi/kqs6vlCW26rQ/pkCmFOS+eec060xHKsV0w1nE89XPHHJ6pApU+VFPYAlb96+9+7wfeVTxmX6Q21fW8u0IJ34o7c7hun+QNadOp41rH41NB0MX1y87tmdsxeyb17Tj3mW+IVKVP0vpHV1L3LwqVbCGSeDTxLkKQBGDerewXiQbjMOmGo5eR9k1wT6TIsZzZ3LvM+nxmX4vT90n1OCrZM+nAPoaz9R1BUkflvSvcxDv+VZpuN31hbOs1EloR0qYmLt6qDI9zHc86hpy5hgGZ5/OLZ17zCmHarOaynV9642MxKkRcutIXqe7n3eyvppR5fEVDIkWb1c08hvpwtj/9kz9yrrfO8NK3N1wTgX9Tf0+K1tvn4G/aQiqRqlQsmUPU8mZMc4VIAIB6LC+LDMZh0rVr44DHtmBRTyRLBdGkl5FtdTX0WKqlJ1JAz6TDyyKfP0hj7b4jSOoo27ATveFqSC8jH+ZFYVFYVTT0oS62QK1PIVLXtHU81cW/XlXmOofr6CHVVACl769PmKQf7zZDpKae98dPPzJZt+/QKcXs89XEc6b/DasrgA+tLrvw4ce19jRr4hzyCaj0392+9DnrirV7vtJqiOMKkar0Rnr2z/6ihj0DgNmytCRyyy0iC0ORzz519Ciy9ETKLGdWDkXZ5SZ81if29U16IhlD0UJ7JoXc/rkDIp8/ILK44HlQ0VkESR1kC5Huv/duubh+OXURHtpvpohvVdK0eurYhrJ1YaarMqrMjKdUvdDuwvE0ZyNUTYObVvdFr+330TyOtmbWbWj6ee/676T63atjWHDRLG2i9SVS1VGumdvKILzpB1UVpIKaZPiZPUgKnbVNH862euyIrN66V4FkViOtX7oiZ3/+du7wuSpD6wAAWQvDJEwaLoh8+pnIzk7y81R/ILFUENl6GRl3sXL0RPJen2V2t5CeSYW3j6umloYit4xDJMwGgqSOyZtJSW/eKg3M3ONbldT0xbFtmEufZvvqmiaHsoUyzzGfC+wyF/91VoC4mKGYuZ9th0hdet5tfAOoqjOx6c9Tlaok26x76hhLx5vqY/rW7vmKV+8gfRk1I1ve/c6+tRcMrd56xLmstan2sSOy9rWvTobTmUPjAAD1OXRYZLgocvWqyPXr9qFphb2MjNvVN2V7IrlXavw8oGeSz+2HlpMQ6SD9kGYKQVLHFFX7PH76kVTIUne/JLMqKXT/qnLNJtXliodQZUIO87nwHUJU9/G0TWceygxgTE30lbGp2vPFvI9eaWZbt+9wUPP8sN2v6Pmbld+jOsIZPbwsW5VkHk/VbD1vm8rx1aO5v696ZZua2dCljmGfmI7QBtR68LN669Hg2dhMq7ceTVVBqWCLCiQAmJ6VFZHFxeTj6lWR3d3k53kVRnFBT6TCHkvGYrbgSb+/6MtZ1l94uzELnN4zabggcst+kZv3M5RtFhEkdYhPSKPeCW+qX5JtpqppVVm4ZpPqQvVEVUUBXREzXPA5Jk0cT73CpanGv2IMBSwTlurHy3bxbVa9NXmeqfCirNAgaZZ/j8qqUpWk/sYWcVV7+YR+at9UQ/FpCz0/fcPweT7nQq1/tBfwvPTq67mNs32sHjsiq8eOyPqlK8510SMJAJo3HIrcfLPIvn3j6qSNdE8iWxBk64lk7bFkzpZWsL7M0DebMrcbX0exyKGVJECiCml2ESR1RN6QNlPT/ZJcF/FNViOZj79LQ3CaUKVXi89xbypMqBqIiedF6PHVo5XCl6L75lUT9Rkhkl2VqiTX7HSqeqjuXnVNU82/L65flsdPP+I1Y57JN1jr03Fp23e+/bC89Orrk4qhOsIk1Z8pbx1n33q79PoBAP5WVpIwafmayNVrIpubyc99eyI5eywZlUPePZH0WdbK3C5GJZJ6nIsih8ch0sAVRmEmECR1gO0d76KwwBweVOcQN5+m202HSLM2K1vorHim0FnyphUmVG1e7LqvXkUUeuHv+7tkNkAPlTfcsMo5fHH9cuoxhKyHEMmtSlWSCozUc9zHY3px/bK18Tq6wwyTzv78bfnOsXIVQ0peiLR+6QpD3QBgigYDkUOHklDp2jWRa9dFtrf9eiJFPr2RzFnf9Nu1+2dmWZN0IOR9u1Y5tTQOkA6viCwxjG0uECR1gGrWqviENE0OcXOFHqFhhi/zIn7WQiTFd1Y8U2jI2GSYUDUQM0NTV8+XKtvxHX5Z9vlQioYb1nnMfRAi5TOrkkL+Xvatt5RYgs68AMnn8YX0chL6OZW29rWv0gAbAGbccChy000i+/cnYdL16yJb246haeNvYlfvIoOzx1JIpVHA7cuLSTPtQysi+0gW5gpPd8v0/hgS2BC3ySFu5kW2PvShzqa9tsc/q8znxSccMYOX0CbL9997d+1hgj7sLPSCPCQ0Nc9Bn+1UGX754pnXJlO2F7Ed5zZN43lvWx3BhH5O1T0kWLSZ8qSFQFwPXSUnODKHDfsOQdP/D5jlYcdtWz12RNbu+YpIiYbdZbZFjyQAaM/iosjNN4kcPCiysZH0T9rYSG6z9UQSo6JI8emx5KxEKrrdUcl0YDnpf3RoOWmqjflDkNQi25Cu0AtSc4jbi2deq6USocw07WU0PQtc1+iz7qmAznXBaQZ4PufHNI6nLcAs2pZtKvqifTPPwaLthIY7aviZfoy/+70f5AalrsfR9nk7q79HZYYc5qlaUedinhdthCx5fY762s9pXuUFSHpT7jowtA0A2jdcEDl0MPnYuJGESRubIltbxT2RbM2vXZVNk2BKW27ytUel0vJQZP+yyP59NNEGQVKrzIu/+9buCl6HOcRNarw4ck3T3uRFat6U2kW6cEFfxDYkUYUXMq66UI1wzWNf5vxo6niqAEYPed548xeZIS8qCDAfi+9z9fjpR1KPQW1Hv6/tWPmu3/b788abv5CL65cnj+P46tHcKo8unnOz/nsUQoU8qopGP3eLwtyi9Yoxk6HSxrAusyG4qjySnvZ0mnfrl67IS6++nupxVHfos37pCsPoAKBjVpaTj9FI5Mbm3sfmVmBPJOs3xs+1ACpy9ERaWRRZXkrCo5UlkYVBjQ8WvUaQ1BJbBUGVWbz0i+m6+iXZ9qfuJtvzSB1DM7zI41NlNu0muvet3SXHV4+m9t1nqvvQoOLx049kLtbzjlfo+m3Ph8/j0C/U20TzZDuzSkh/rsoMmxRj6JrtuLc526QKrxh2NhtUgJQXHjU99A0A0J7BQGT/SvIhkgRJm1tJldLm9rhJ98joiRRbgiNX7yNLz6RBlDTN3jf+WB6HSIANQVIL6hjSZjKrh+rq/2FWa8xSpUKb1HG0VdPoQmb/qnsYUBG9t4rvdOBlKj/UdmxT25vLlb2IVuFT0TaqbqcJ037ep8W3MbvtfrYqoYvrl1N9gfS/bXnDJl3r09nOiTIBX9HfA3ObOv42z57VY0esQdLqsSOy9rXqIVKV9bz0KpVMADBN+5aSD2VnV2RnR2R7J/m8s5t8jEYiO6MkVBqNtJwoSj4Gg6SqaDBIhtQNF5Lm30sLIotD+h3BX7S5FZv9uVq1tNj2HgDTdeHDjzNhQF97mZiPpYnp0mdlG7BTQYrZ88fVCF0fxmcO75KC4M/WV8sMZPQhnL7rzbtfHcqGsqYqQyB9zdLsgddvbJe+rx4I6cPVpm390hVZ/yj527Z669HS+3L2rbcnX5etjNq/zAs+AAB8bZV/GdIIKpKAlvnOmtQH03gss7INZBvKu7iqbcwgxNYjKO95NIc1FjV0p+8QymozPNKtHjtSy74wrA4AgPlGkAQAaIVPGJPX8yq0Asm1fhmHSLZt3bd2V6mhjE023G6jmTcAAACgMLQNANAaNUuejCuKVGDjU/mjKprq6FulbxuwqTK0DVkMbQMAwF/XhrYRJAEAABTY2NyRuFsvmXoriiJZ2UdRPAAAvroWJA3a3gEAAICuG0TmnMooa8ChBACg1wiSAAAACgxIP2ozGPDyEwCAPuN/cgAAgAILg0iIkqqLxscSAAD0F0ESAABAgcEgkoUFXjZVtbAwoLoLAICe4xURAACAh+HCQCJ6JZUWRZEMCeMAAOg9/jcHAADwMBhEsjgcMMStpMUh1UgAAMwCgiQAAABPw4WBDIcLbe9G7ywOF6hGAgBgRgzb3gEAAIA+WRwOJIpEdnZGMorjtnen0wZRJMPhgBAJAIAZQpAEAAAQaLgwkEEUyc7uSHZ3R0KclDVcSAIkhrMBADBbCJIAAABKGAwiWRosyGhhILujWEZxLKNRLBLHcxcsRSIiUSSDQSSDKJKFQUSABADAjCJIAgAAqGBAaAIAAOYIA9YBAAAAAADghSAJAAAAAAAAXgiSAAAAAAAA4IUgCQAAAAAAAF4IkgAAAAAAAOCFIAkAAAAAAABeCJIAAAAAAADghSAJAAAAAAAAXgiSAAAAAAAA4IUgCQAAAAAAAF4IkgAAAAAAAOCFIAkAAAAAAABeCJIAAAAAAADghSAJAAAAAAAAXgiSAAAAAAAA4IUgCQAAAAAAAF4IkgAAAAAAAOCFIAkAAAAAAABeCJIAAAAAAADghSAJAAAAAAAAXgiSAAAAAAAA4IUgCQAAAAAAAF4IkgAAAAAAAOCFIAkAAAAAAABeCJIAAAAAAADghSAJAAAAAAAAXgiSAAAAAAAA4IUgCQAAAAAAAF4IkgAAAAAAAOCFIAkAAAAAAABeCJIAAAAAAADghSAJAAAAAAAAXgiSAAAAAAAA4IUgCQAAAAAAAF4IkgAAAAAAAOCFIAkAAAAAAABeCJIAAAAAAADghSAJAAAAAAAAXgiSAAAAAAAA4IUgCQAAAAAAAF4IkgAAAAAAAOCFIAkAAAAAAABeCJIAAAAAAADghSAJAAAAAAAAXgiSAAAAAAAA4IUgCQAAAAAAAF4IkgAAAAAAAOCFIAkAAAAAAABeCJIAAAAAAADghSAJAAAAAAAAXgiSAAAAAAAA4IUgCQAAAAAAAF4IkgAAAAAAAOCFIAkAAAAAAABeCJIAAAAAAADghSAJAAAAAAAAXgiSAAAAAAAA4IUgCQAAAAAAAF4IkgAAAAAAAOCFIAkAAAAAAABeCJIAAAAAAADghSAJAAAAAAAAXgiSAAAAAAAA4IUgCQAAAAAAAF4IkgAAAAAAAOCFIAkAAAAAAABeCJIAAAAAAADghSAJAAAAAAAAXgiSAAAAAAAA4IUgCQAAAAAAAF4IkgAAAAAAAOCFIAkAAAAAAABeCJIAAAAAAADghSAJAAAAAAAAXgiSAAAAAAAA4IUgCQAAAAAAAF4IkgAAAAAAAOCFIAkAAAAAAABeCJIAAAAAAADghSAJAAAAAAAAXgiSAAAAAAAA4IUgCQAAAAAAAF4IkgAAAAAAAOCFIAkAAAAAAABeCJIAAAAAAADghSAJAAAAAAAAXgiSAAAAAAAA4IUgCQAAAAAAAF4IkgAAAAAAAOCFIAkAAAAAAABeCJIAAAAAAADghSAJAAAAAAAAXgiSAAAAAAAA4IUgCQAAAAAAAF4IkgAAAAAAAOCFIAkAAAAAAABeCJIAAAAAAADgZdj2DsDP2XPnMz9bO3Wy0jpC79+2Oo5BV9X52Jp4nts+9vN8/rd97F370dQ+dPF56uI+AQCqU3/fz547L+fOJ18//eQTvfk73/f9B9BfBEk9cfbceXnu+RdSP7u8fiHo/o8+djr1s1dePtOr/2iee/6F1AXd2qmTsnbqzFT34ey585P/rM+eOy9rp07KKy9X34e6HltTz3PV86+qeT7/2z72MuXjZ27n6SefkGeeesJr/3yWdd0/77GYv59ltwMA6Bbz77uIyNNPtrY7wfq+/wD6iyAJcFD/MauLeFtliAqW+hBIYLps4UtXA4hnv/+CnDt/Xk6d3DuPu7ifNvpxVr+rofuu7r926qScOnlyHOTyO41wz37/BY+l2hHye2H7/65tXfydVK8Buij071gXH8c0nvOnn3xCzp5L/1/93PMvTP2NyrL6vv8A+osgCZXV9cK5jQtXvcJI/1mIvP+wn/3+C725IMd8My+I+nDePvv9FzLVWqFhkv73ay8Y5gU4wtmqB7si9ILcDMG7oItBfJefcxH/4U22Nz66YBrPuQrc9P//+vQmYd/3H0B/ESShsrpeRLXxArHJF06PPnZ6ElIxXh1dpgep0tF3/m2eeeqJyTBTXdnKJKUvjx8AYH9Toaqqrw9DhqD3ff8BzCeCpJb5VvOYF3oh93XdP6Qku2vvAtbFfBcn9L5qGIxJhUgyOc7l+7fMMs7/bjCPgz7ErS7mC+W6+ou98vKZSpVJ5v2efnK6z3UTw0mqNOrXj4f+jvapkycb+T3Qt6mOhfrbKg387rmGLDe5TbSr6LxmKCsAAOEIklpW5R2Iqu9ehNx/Vl9YnzoZFiSpC9+8F52ugKJqlcQs4vxvny2QO3f+fOrnZYO4aR03tZ3QMMn22J97vvidYZ9lxPMd3SaGxoQ2Qs97N1wPxJ97/oXaAvGibeqBT13b1AP+aW0T7VHnrKu/4d4yyc94zgEA8EeQhLm2duqkPPe8pN6d3Pt59gWoz8XZ2qmT8vSTT1gvkroUJqkGy2WFlE0ztK9ffEKiovBj2s932TBp3uWFKzYqRKsyQ57r4j5vm1WGCJfp/1LmvFk7dbLycJCuzjDZt5ClzFChMs/5M09VPy62fe3CsKIunHcAgO4iSEJlXXjBU1beC3/1LmUZzzz1hDOMUhdFdQzrqcLWWyZEyH2Zira7utsoNlxemGQOX2miJ0UZVcLcqkJDJJ3tmPpusww1RDj0/5sqTYS78rcaYar8bhM8z45pvoEVGo776Pv+A5h9BEktC5lRo+x9XevgnaZmJRdZ9v4t6uKmygWK74tl20VUV8I/zv92dXmq8rJsYZIt8OhCiNSmZ7/vvnAwKzRdx0r9DfP9XcoLdPQeRXkhd+jfTdc2zcfo2ubZc+crz76pKvymEU4cXT3Ru+qhOuX9v+j7nNcRJj37/XJBaxnz/py7TLP31dlz5fttuvR9/wHMPoKklvm+ILa9OAp5Ma3ezdV1dbjR0dUTXsudPXfee9k2gxNXlUQdFyh9x/nfHtcFl6vZtLmsfuFv0+ax1WdzszX1tgVoeeeD+W5tneeOLeCs2vC7aN9cz73atnn/Z556wnmfpDKp+HfRFVzlNV13hfC+fzddQWneRbetSqts9ZU5jK/pC0P1eKsOP+wzV4jkCjzVEO+6nnP9nD13/qTX70YVPOcAgLYQJAFTYAuT2n7Bd+pkfhCgs73QDrnYnefApqtcIZLtnNQb0urLdvl5VbO52R6P7bHn/S7ahrk2+dibPq6uECkvnM0LxPVZsEK2WfQ3MG+oYtHfzrygNO++r7x8JidM8g8FXDMJNh0smNuTORqm5QoO86rmnnnqCesbDVLi+TLPG9/fjSrK/G4AAFAHgiRgSvSLorZDJAm8uLBVE7S9/31UtS+V4rsO1wWM6/6z9py6QjFT1QqgOvmGu2XlXWwX0Su9dEUX3K5t+pxvrm2WGRrs+3f36SefyAQLoaGAmsihyjpCuGb/m7Xf6Tyu4LDoeKsQ1RwGGfp82c6bJsNDV2UlAADTQJCEuZbXs8N2wela3veCRjXhruNCIllHcbVF0RAkTI/rne9Qvs2DXUM61YWTPuxmXi5A1GPXL7zbutjuSk+KkOe+TMgSMoQyZJt5qoQqrpk3Q0IB9Xe+amWTr64HpE2rElZKTc+XbR1Nhofz3uetSDLcr+29KK/v+4/mjXZFdnf2Pka72sdIJB4ln0VEYhGJREQGIoNIJBqIDBaSj4UFkYXh+GMx+R7wQZDUE67QQFHj/PMCDfNFZVeHpbhe/IYMr/J9gRV6Iee7fF5z1bqOuy2Q6uMQJB/zdP5Pi94MXuascmGaTUy7pmrViuuC26XqBb4UVNa5+t74riNvm7aKohB1VDb5mvdqJJvQIM32fJXZ5jSqklzVSPP+nOu6EtSX1ff9R/12tpKP3W2RnfFHrAVFuniSHBk/H4nsiiT/bGvLjVcQDUSGi8nH4tL4Y1/jDw09RZDUE3kXPnovhkcfO20NDvp04ZTXBFW3duqkdz+XaTKnm+aFXXXzdP5Pi94AWApetLpms/LRteNuuwArmr3OfKznzp8PmvHOdf7VMRthiLpm6Tt1slrlRplKmZBqkXPns8c1tCozNLxyrcO233UHSQxxaq46p8yQxmlUJVGNBMy+eCSyvSmyszn+vGUJjIwvYuPG2Fx2HBzFsX25eCSytSmyeWMvYFrcJ7K0T2TfssjSsshgUPtDRU8RJPWc2dBTDZ0JmZK5LPXiqG6u4MXcVheHa5nPR9tDZ2Zdm+d/37l6qvjyLbvv0nNR9THr6wn728xvycQAACAASURBVNfdqsCyoY5vtY4t1CkjpFqkroCujqFprgqVuv5PcDUVn6f/c+rq+RZabefSdFVSHVV+ALpr+0YSHG3fSKqOJiJtjFq89yMRkTgyvh8vF5kBU2R8NtY3WSzaW+/2VrI/1z5LKpX2rSSh0vJKzQ8cvUOQ1HNFjUibni2k7iCpjv0N2ae8i6jQvh6ui1Q1LW+XLqhnRZvnfxmzMMywK1wX0DZdPBdc9P1U57X5OFWIHlppV1eoE1Kt02TVVcjf+jLbrGOo07SqknTzVo3UdGVf6HPlqj6s6zmv2nNsXvS9P2Tf9x9hRrsiWxvjEOmGUTFkqzQyAiBrpZL2Q3N9ucu51huLbG0lH599IrK8PwmTVvYn/ZUwf3jaZ4BruuKuXkx3iesdvDLv+K2dOimX1y9Ynwvp6PPhW1lhuwD1GSYzjSFlfTv/u7Y/aI8r2FGhtOt3cy9gSr73Pc/rvOCuUrlRtjrIxzRChVBNVahQjVQ/27DNMgFs1WbtLvRG8lf2jRv1/J89d17OnT/f2htAfd9/+NndEdneSEKknS3tBrO/kRkEReO8x7MSaVJh5FqfuZxarzEUTq+AurGRfFy/moRK+w8kFUuYHwRJM6JvF9Nd56p08HlH8ZWXzzhf4KsePm2+6NMfQ5WqMr9qkOm8gOH8h6823rkP6a9i9ljz0YW/K2L5+ziNZrFtbDNUU31zqExxa7uSwzX8s4nnHPWx//1tZqbFJvR9/+fJaEdk67rI5kbSPFvxqjQafxHnVA5Zm2/b1mPbrqWHkm37KlXa2hLZ3BK5fi0Jk/YfFBmSMMwFnuYeMd+JMqs9XBfTTU03PE3TbEqbV2nje8GmbncNdZMW3jXWqxxc08J32Tyf/0145in/4MH24rSPAV3Xmq7bhjuVHUr13PPFMxeiPXpV0tqpk7VUCVxev5B506LtMLENdQ3ZFEcAVHY9enjY1HPehQB5lkyrWXpT+r7/8yAeJdVHW9fGs67l9CYSs9LI0hOpqNdRZr3qe1fFkr7dKBtsqdtio2IqEpGdHZFPP0mqlPYfTEIlGnPPNoKkHsmGEtkXJbaLaXURmHeBoS/v+5+Na33mC9u+vdApesfPNwgqCpOmdVFbNEymL7p2/pfBC7n6PPOU+6IstKKnq2w9Mmw9wZSz55LZ5EL+3nJOutV5bNTf+7qHmahAuK4Z+ZBV9v/OpDrshUaf8z69tuqLOnqjtanv+z/Ltm+IbF5LhrIFVwzpX5gVQ+rHcXbomnM9+nZzKpvUZ325eLz9KLIvv7mZfNzYEDlwMOmhhNlEkNQh+gvBKi8OXBfTthcdZsiQvNit9o52n0uvfV+Mh4RJa6dOZi5spzlmPe/50C9SzRfLVcbmlzEr57++bjSrjt+hpi7Aq5zDPoGDa/isK6Ru43ysu5K0bF+muoc5lX13v8lqsToDBf521aPO/09sCJHylR0qbFNlHWXfTO37/mPPaDcJkLauJV9bK4fMCh+zYmj8eVIxpCqIjJ5ItvVFPr2THD2RMusztm8tiBp/sbEhsrWZDH07eJCG3LOIp7Rj1IWB+lx2CJKruadYXnzUWQJruyhraia2JoKYkBDMN0xaO3VyEm5Ix/5T1vfDDF9Cw65nv5+tegp9nH0//9EvrpkW61B07rsu1n3/PhRXPDY7xM3WlNhU1zChquoc+jSv+Js42wgPgWboVUhimyXN+MIxMq2wh1FehVNs2a51vUX7F6V/buZhmUbescjObjLcbWtL5NChZJY3zA6CpA4xX+xWfefWPWvI3rvVtm3UfRGSNxVuVwIVcfTgMV9cmcfUty+JCpOaeMz6FOE+F3auZqxm+BJ6HpjnWmjT11k9/811N3FhXaXCzTXLoM/9fParS7/jfRByvJ556gnrULdpBO9lw5kqF6xdudi1VXs1OZyyznXzO1kPV0VgXY6unqhtXVUqYgCUt3k1+Rjtjn9gqwgaf3b1RJoweyJJOlgqmqXNvN213rxZ2px3cw1105a7sZH0hDp4SOTQYXMn0FcESR1ivkiuWo5ve8faNuTBvOCuUpVRFCbYhxIVb6fOkMHG1tfJdqFkO6Znz52Xo6snCpsP19kTSa+k8Lm48hkqY7s48j0PbJVooS9cZ+H8L9LUhfDTTzayWjRo7dTJWpreu/ph+J7DVOC5dSW4wvRMc2IPALNptCty47MkRFIylT4es7NFRcvF2npzeifZ5C4XZyugJuu3jcyLs+u0bXd7W+T/+3XSlPvQYWZ2mwU8hR3R1AtW/R1rVRVjW8ZeuVF/VYb5zqrvduoOGXS2dxafeeoJ57vAriEldV+QqcesPucNycoT8m6kWYXl+/xUrUaal/Mf3Vf2d7it0ME2S4/McUDUleF0fda3MMU2zJLhjPPF9Waj6/99pc3+lbq+7z/27G6J3LiazMzmVTFUUAmUqRgaf+uqGHL1TnJWIikFs8eZ20/1RjJnd4vyV//ZZyK7uyKHbxJZWjJ3DH1CkNQRthdudZWfq5lD8v4zqmO6UJ+qlDLVH01eoNl6pPiEIOaQkrVTJ0s9X3mzL+lVBubxCXleQpY1qxt8np86+mLNwvlv4kKmn8o0RDZ/X7vAdv6VbVZt4xM2TOOCZtoXTVykzZ+6m7V3UdNV321yPRbXRAtde+x93/95srOZVCJtb7p7DimhvYkKK41CeiflVEJllrNvJt0bSeuJZN2uXtk0du26yO5I5KabRJaXHTuBziNImgM+M4e4mhOHVGX4vBApU/3RZMhg63Hgu+5XXj4z6WNQFD7p1UXqOIVc0Lku2sxp60+dPFmpb4OtuiHv+XEFcV16ITOt89/U5Lv6TYartj5avs+zT58u1M+n8bVLnZVLtvXUVS3lO7ueqydfGbb72UKFoqqB0G12/W9q17RRhaZmZK2D7e9mkzP82fT973ZdVett/Z71ff8xbqr9mcjO1jg3CZwFzUxogiuNHOurPEub7cdR+n55vZEUW4+lzRsin8RJmLRCE+5eIkjqiKpDg6qyBQihLyx8/yMMrUpqqrLDNstY6HFXDbTVvlcNjPLYjpH6Xl1oJBch1bZjq0p69LHT1he2dTWBnYXzX2e7b11NbqdR/WJvQp5dJhskNbpbqKiuIUC+oY5LXeFVyDrKbDPk2NR5Aefzu9akWahOKVtVGvJGTH1vDGR/L9s+5vNQhQXUZXtDZONTkd3tvZ/l9hySnOWMG2y9k8yeSJbV2nsy+W7XmB0uExQZFUhx7OidpOSsb3NT5JNPkp/v32+7M7qMIAkTtqqMJpoth1YlVQ17bPvvmnEl9EJff4FfdvYr3+2YmnrH0jbj2dlz5+XZ77+QOj6257zPMwJVOf9NfesxgulzDQktc57YAg9X5YwZUtT1N8t3NkgpGV75PkZxVEGVqTDse5VGWU32JGyCq09YKNf9+/p/mq++n+dl/7+1vQas682xkIkU+r7/8277RjKcbbSTDkiKKoFcyUvRLG6uSqUJV6ITpX9cNHucGOsv7Ilk9EbK7EbO+ra3RX7zm+Q2KpP6ZdD2DqCeHjN1sFcY+L07F/oOpm3ojO0/06rvfLvY9m/aVTBFXnn5jLzy8hm5vH6hcEa4utnK9p97/oXJ82EL4sqGSLNw/ptc/WkA5dz5ZAiT/lGW74Wg6xwMvZCsWiVa5sI1ZIhzHX/LXf/3ECr0R+jv1Ly+AdD3x11m/5t6bVlG3/d/nu1sitwYVyLFquoo3qvwMfsI6dVEsWWWs1hbTq1vsl5juVQ1kLldx/Le+yfp+6fWk9MTabK/2s/MyirX+ra2RD75jciNGwFPAFpHRVJHNf2f+KOPnZZTJ4sbRPs2ww59B9P2zrjvO8Z1DYnQ38Gso5ImpE+JegynTp4cH4v0MLtpD2WweeXlM5kqq+eefyHVZFxX5wVWn85/1/10bT+X8FfmBXqZYKWuvlyhgUfVah3bkOCi7dm2aVY4Fm0zhKtPUtUhdV17s6EJfQ0VXBWlIc+5LXjqejVWU/rwnANt2t1OKpEmw9kKKo0mFUEFs7S5eiLp64tyliusNFIK9k/flrUnktE829kTyTbb2/jxmJVNW1siv/lUZDBgNre+IEjqgDb6w6gXWMkFxMlJj50yFze+FxVqe/kzlaVf9Nle2BW9wPG9qNMfax0hiBmOmWGR5Ox7V3vLuF6cm6oMs+v7+W+yXfTO68VIH1WpDKqqTNgR+jeyjgtu2zqLbrf9Xvn+3bU9xqJtVgnMXEOf51UfQgVXYBnynNvMegWaWH6/+vB868q8hmjy97tqX66+7f88Gu2OZ2ezVM9YexNF9iogZ2+iguVi1yxuju1m1if25WK9l1Fm5ZaeSJZZ4UT8eyzplU1qfRsbSZB0y80iQ1KKzuMpalkb5am2GXSefjL5ukyvAdd/gmodITM56S/6XD146qI3qq6LClRm5T9iW78kU5UZhWbh/PcxK+dDFckxeML4fn65zjXV2L7o+Nhm91Lygssq2y3bW65om3lcPT+KtukKzIoqoVzHtc/930L0OVQo+5y7zut5rUDr0xsfZf6vrru/Y5Xgue/7P682ryYNtlMBiSOpKZolzdWbKK+ySX2O8iqRAmZniyzbj4xl6uyJVNRj6fp1kYUFkc/dYj+m6A56JLXMVj3TxotV/cWib/8icfyH9tzzL8ijj52efJSd5r6OZthFXnn5TG3rVBdLfXrh7SPv8aydKh4elqfv57/J9oJsFs+JMtS5oj6aOCZnz52Xo6snrD/vIteF6qOPnXaGrOrC2PW31eeCInS7aubGKhfbtuXU85W3TddjLKJCcJPq9Wbbpjqu86rv1ZSuv7V6fz9T3kX0PASHfR3KqIQOs69rohVdlZ5xfd//ebR5Nfnw7YmU6XmU08NIzJ5IBb2MfJcr7J1keZyx/uHoiSQ5PZEke5egHkuffiry6Wc5TwQ6gYqkllWdkayObfqwlYfnvQDz2cbaqZNy6uTJzDpcF+5lj03Ru/NwK3qnSl0Iln03rM/nv68+XYhV1WZgk3euqp/bztE2/wbkVfzpDbjVPhYdX99g12e7PtsMCZLr2mbI35pnnnrC2tNN7UMT25w1fXvcr7x8xhomh/4+NTUratf0fWKIkGFhedWGdQr5P7/v+z9vtm+IbF4bf1M0C5pZEeTb80i05YxKHtt6fSqXxFKR5OydJOkKIX2Imq0nkr6eunssffaZyOKQmdy6jCCpRVWH9TT1LoJtGILrXavQ3j56PxrFfKHv+s/S9wVtV6sP+qSon5VJNeEOGebW9/PfZhpVdF2iQt+239H0Kc23hUnJc93uBaPan6LAtsjaqZNBF79F2/XZZujFtivY8d1mmQpIV7Dgu815CpH6PKxNpyaKcPF5zvv62EO18WZOXUJeQ6gKR5uqv99lX3P2ff/nzWg3CZEmzbWNKpvJz3x6E8Xp5azr0b9w9UQyd8RjOWtPJrOXkaViSL9/Jrey9ViKLSlYYI+l7R2RT68mjbcXFmwLom0MbWtRW8N6fN4B0X8WeoGiUxfledPYq22p5WzHxffFDVOiVqNerLiGlNiCQPO+vs/BrJ3/thd5fXpRXoZ6l99VRTiNizFX8Owa4hJyjk7LM089UfpcUednmb/RZbe7duqkXF6/EHw/GV/kl9nm008+Ufr/ocvrF0pvc15CpL4Pa9Op34kyf3/qHO7edbbnvO8BmmuiF1cI07XKs77v/yzbuiayc2NcXWP0KdKraaJorwpncruj6ke05VI/03+sVTRFkbFej/Vl9s9Yr62XUWZ39fVFe58jbV9s64vM9Rn7lVmP5VhsbIh8dtVy/NAJVCS1KHlhu1f1EToLjeqVUXWGH9e2il5Em9s1Zynz3S/9RV/o1NK6kAvKWVX2nSWfCiTzfHBVgahwoej86fv5r6ty3vaZrbmtUqY3VJmAxxXgqWNvnqf6jH1mYGj7OoRPRY2L6h0V0vi0jqBD9avKa96t5AXJodtUpr3NvIqourfZJ7NWTamqDX1/n6q8YdZXfX69ZHteba8h8vp01vE7XvZNib7v/7xRQ9pircrI1g9IXBVJRm+iyRdmBZGt4sen0qjEdiVOJ0bWyiBzv1QFUZReT+y7PrOyyVhfHGX3L5akV9LSksh+hrh1DkFSi0Jf6NgkF+3V98PG50Wk/h9Zlf/QVIjkM/770cdOZ94pzbs46MsLo1D6hd+pkye9LpBs9y97UaUuQF3r0AMlsZxPs3D+y5zP+OPianRsCyvU73Lo+Sues9fkDeHSf1b1PCriW8GjAiV1LNTnc+fPT0J6qfnvmgr9VJClNLlN9by0sU2zgk7f5qz+f5Gn6RlS26T/PrmqJnnOE7PynIvHcGffEF4dJ/0c0f8mN1WJ2/f9nyXxSGTrevJZn6XN7Ik0YZl9LcrpTWT2TorMFXrO5hYyO5yzl5H2TXBPJEdvpKKeSEXri0RkNBK5ek1keZ/IgLFUnUKQ1AHqhU6RvHf/q6jyn0Zd71iGTrkc8o79rFo7dVIefSx9selazuQb3vhUpRWFQXqDU9u+9Pn8z6uC6/O7+b5UYKSGKfpcjJvnatkqnpDZa3z6EDWp7PAxaeFFfRvn7bS3Oa/hgcusVSPZ8Jyn9fk5d1Xz6Puf17cvpJJThS0hbzQUnWd93/95s3U9+VBclTt5FUOxpTeRdfk4fR9bD23bcs6eTI6eSLHZEynzYNL39+2JlFmf1hOpzPr04Ona9SRIOnzItsNoC7lejzTxQqjLQYvrYjxkuum+vDAqq+h8cB2rvPupcODy+oWg2ZHy+pDUUYLdxfPfVXnT5d8rk+pfpj7KNFBWPXpUlZpL6POXd97Yfp533IvOUWBemb8T/I7Mvj4/50X/z0hO76DQHlihx8Vn+b7v/zwZ7YhsbVh6Irl6HmWaAmVvzvQ80terL29bX4meTCE9kay9jAJ6ItW9PvPhX72eNOBGdxAk9UzZRqUm1Q+gK0GL7YK8SoPveQiRiuQdA1soozftLXvsXBfrdQVAXTz/zYbF89ZbJVRI77SiUEr/G+H7O6+fo+qj6WoFzgd0mfk3bN7/75wHfX/O9dcCrr/9Zg+8y+sXGv1bHPK6s+/7Py+2NkR2NrMVNbFRETSpEhrPxpa63Wc5y8xtk9vj9HYnPzJ+Zi6nb9/Wzyk2bzf7KMnefpr771pfnLO+WFufud++69vcFLl2TdAhDG3rIX0oUJnmyl29qFHv0jz62OncsEBdQJqPve6hINOcscbclu+2n37yCTl1stxxUEPFmmgsqzcO9tmXMuuWDp3/tp48sLOds7qQ32P1t+DRx04HH/dpTpnc1b+5gMLfrfnT9+dc77OWd3uVNwrM4dtivD6r8rqz7/s/63Z3RLY3sr2JzN5Imd5EanGjN5Fvr6PJ4tHeYmLpyWRuV6331xdEfvWzZPv/+YLIKBb5/AmRz38xue+/eMCyOzlD3SbLadtz9ljKGZpWV4+laxsiB/aLLC7ajxumK9rcMkdptmuJEwMAAAAA0IIbn4psfLr3vXWWNMm5Xf/C0hPJdznrdi0B1H+9KPLOz0T+eRwepT5k7+t/8YDIv3ywYJY2bfXr74qs3mHcWNRjyVhPTl6WWp9tSKBtPZ+7WeTmwwUbnlFb223vQRpD2wAAAAAAc2+0K7J9w9bsR2P0MCrqTWT2RLKuz7N3kt4TSUTk3b8TOf9/iPyXcYgUyzg8knSINIpF/u+fivzv/6PIlfdzqqW0HkYv/bnI+nvZfk3ePZGM9el9ksz1OVtMGeu5tiGyQ6+kTiBIAgAAAADMve0bIjtbHj2HLD2MJssZvX98eyLFlj5C1hngxje88zORX76RhES76mNkfMTa5/HXf/kDR08k9TkW+fvXk+V/9sMKPZa09YX2RNJv1NezuSly/Ybz6cMUESQBAAAAAObetgopbBVBYlQEOWZps85CVlRpZFY42XbOqEj61c/SFUdxbFQjSXZ4m/r6P/6vxoMyqob+/vVkuQvviFx81/3wIu0xZiq19FnazP23HNdUZZdrPZHI9Q3384fpIUgCAAAAAMy17RtJk+3cWdIsH4pZseSsNHKsL1XhpO2Xfrv6+pf/KVtxtGOrSBplK5J246T/0UfvabOzaev+ux/uLT+KRd744d7jE7OCSKu6cj5uoyJpch/bhzlrnGVd1zdENqhKah1BEgAAAABgru1s+vUmMnsiZRgVNMaP83snefRkknGD7byKI2tlkvFx/sfpip/190T+zz8X+dm4GimOko8P3hX5n/5Y5D+9bjyOnAqiyOiNpD+2OnosMbytfcO2dwAAAAAAgLbEo/GwtjhdDSSW2dLMPj8+s69FRctZ+gdZtzv2Tx9ogdEoHRbtjit39M+25Ubjip+//5HIm+OeSLEkn0WvEhrP0Pa3PxL5mx+J/LcPiTz4sLaP2v5nZmmLtAPgOh45PZYidVzGd4jHnzduJI9nQFlMawiSAAAAAABza2dTZHfbloRYymbipDJGhSiTHxsVNyoIinLWF1mWU4tP1hOl7/bPHxT3QFKzt8Wu5WKRD99JVvqvHt4bVvbG6+OQK0qHSLGInLhT5IGHRU7crj3+yPqwJo8j0vbfutx4PVHkcdijvfVtbYtsbIocWBG0hCAJAAAAADC3trfSs4PZAiXrDGraDZlKpsydspVIsWU5W0WTbiRJr6PUUDWt4ihViWR+GJVJalv/6qHk8+qdSZj0wTvjEGlcBaRXIaX20VLBldr3nKAodexsFV4F67tBkNQqgiQAAAAAwNza3dr72qwE0sdi5VYiqe/N2ycrluwNlsBqsn31vRFARWaVkaXiKHb1TDKWUwGP2o0Tdybb+ODdvf184GGRBx8aLxcZQVu0t39KprLIPD76w46MH2jrcxyeyfpubApaxKhCAAAAAMBc2tkS2dZCCX2WscxMY5bZ3MzZyibrMaqNrLOzWcpvipYbxcaMbcbsbapP0m6cVB+5ltvV9l/fzxN3itz/cBI4Hb9T5IGHtNZFWiWSSHr/YrPPU5xZ1Lwps57U47X0jdLXc2NLZHNL0BKCJAAAAADAXNrdTn9fNEubOfuabVY123LmLG3m7HCZOzoXKK40cs7iZlYkmY9j7IGHk0qrL92ZfvyFs7RZ1pe6i209sreezCxtkj0G+mEhSGoPQ9sAAAAAAHNpZxxG5M2SlpqVLG85z1nc8mZny6zH+D6OLT2StOBod7Q3+1per6RUxZQ2tExt54GHRB74lqWqSp9NzRSlH3emN5LZE8lRdTRZ3Ngv8zBtbtvvh+YRJAEAAAAA5pKqSMrMkmbpTZT6oqDXkRjVN76zszl7J8necnkVR7FHr6RUlY+jgujrD2mP39LDyLm7xuNOLVeix5K5X5Nv4mT2NrSDIAkAAAAAMHdGuyI72+nKnDjWghHbbGI5FUupHxnNufOWy1Q4ubY77rRtrTKyDWmL05VJWusla8VTJr9y9ESaVCSN7xBHkmFbn6vH0l6qZq+Qsu1XPK5I2tkVGS5kt49m0SMJAAAAADB3dneSUMLsZWTrG5TqeRQV9zzK9BMSs6wmfV+fnkzRuCLJOSubOHolqbAnEokH2uf0bmS27+qJJEZPJMfD8l5fUI8l7X5xLLK9Y9k4GkdFEgAAAABg7ox2HD2MtG+8eiKZPY9y1mfrnZSpENIrl7TtqxBpZzwjmys0GmkVSLtxehuxtp7J/urjz7TPvj2R4siowKq4PslZX2wsv70jsrLPtjI0iSAJAAAAADB3Rrv+vY5cy5mZyaTnkfreDKAc63P1ZIrN5aPs8DVbzyTVK0kND4sjLUyKsvsr2u7ojz24J1JkWa5CjyVrPyfN9m72Z2geQRIAAAAAYO6ooW3i0ZvI7HXktZytgimnJ9J/fl/k//lbkd8+IfIvHzB6Bo1NKo4KKpJGemAU7TXZHqn9MAIv3Xvvifz1j0Vuu13kG9909ETy6GVk9pVy9URKzc5mm+3NdpzH3+4QJLWCIAkAAAAAMHfikVYBU1ARZM6+5lu5VDRLm77df/pA5PL7Ih+9J/Lx+yIP//fZRtaRXnXkqEgyq5hi87O+fTECoVjk3/8vybfvvi9y2x0id9yePh6RZLeR+tY1NM1SVJRZT5RdT6qCybh9lyCpFTTbBgAAAADMndHuuG+PmtFMn9lM/1nsXi7V/2dy5/D1iYi8/dOk0mg3Fvno3fRtaj0jGS8zXm7yWa9S8vyw7dt776W39aMfp/fVrCpKPUYx9lm/j+1DW491feYxs9y+o0qsMFVUJAEAAAAA5o5efaSPtpKcSqSgnkeelUhKatY1436TSh5tlrbY6JUUm/2QtKFtqc+izQJn9jIy7j+ZIU0clUg19Vgy16f2J7cHVZQ0Hcf0ESQBAAAAAObOaDwsKtXXx9bDaHKjo+dRepFMD6WooDeS+nI0ri4ayV5AYgYv8bgiSYVNuyNLRVDRh9Z4O7UbWrXPSB8Gp26z9Gwyj4d5MGIp32NJ9PvZtjeuwsL0ESQBAAAAAOaONQSxzRYme4GHs9JIfW/e7lqv3kNI9T6yVSTpn8ff6MvZKpB8K5NsPYwk2qtE0quCMr2RzP3SK6wsPZG8eixZgqrMxkKCLDSGIAkAAAAAMHfiUboaZ9Ik2hJQTCqILEPSxLa8tcQmW/2kL6f6Hamhapn1xnsVSbu23kTGh8heIGV+Vj2G9PWqyim9f9JIWy62BU/6TtrWZx50Y1hban1qO+Yx025PVXJF44bpmDqCJAAAAADAXHL1RDKTkNDeSWZPJGeyolXm6NVIZkWSXkE00oZ8mZ/1O2VmazN6IOkVPpNeRuOKpFTFkF5hZOmJlOqxZK6v6OEbPY8mlVrGIZpUR2lD4VIHCFPFrG0AAAAAgPmj9wrSqmHMSp3UhzHzmLmckpqVzJidTftx6k5HvjSuSBrPyvbhu+n1xrHI8TvHVULRXuWQ/rloljb1+bbbsxVEEov8ypi17fYvpQ+ZrepJr+qKJf146PPFEQAAIABJREFUnbO9mcfBPI6x3+1msIXpIEgCAAAAAMydVAihVRpFWjWOUZCzd3uUrQAy1z3p+6PWY/QOioz7ZiqSzCqp8Z2O/85e1VA8GAdi6rO+b8ZHrH2+7fb0bfpjigfpdacel/5hVi1p69GPU+pxRqlPe+vJO6Y5txMktYOhbQAAAACAuRMNRMQyc5voVS967yRXbyS90iivd1Kcrq5JNanWZm2L473PqXXqs6qNfzTS9k+fjc3nI7U/2m7F8XjWtjjdUynDtydSZDmOruMixtC1gtsHBEmtoCIJAAAAADB3BoN0JU1exZCtesnan8eonslUNJmVSFqFzj3f3Gu0PYpF/u5H2e1FIvIHf6xVGA206qSCD3Wfb31T5KFvph+3+vjhT9NVTr/3u8Z+64/H2K9MJVJOBZFZ0RQZyxfdrn6+sGB/btEsgiQAAAAAwNyJBo6eR5YeRtaeSK7l1bJ5vZMMsYis3pEESLvjjw9+KXLhnWzlTxyL/MG/NfokRenPtuoktey3vqGtT/t47Sfpnkp3fsneyyhVVaXtl74+syeSeZxi7VjovZSst5tfaytbINFoBYcdAAAAADB3BguOnkc6395JeqWRrXpG0ve1biYSOXbHXkVSHIm88aNsD6IoErntTpEHHsr2PpKCqqRvfdO+PlWNpN92522WXkZleyNZ1pNbiaSvT9y3D6lIagU9kgAAAAAAc2ewkNPTSOvpk7ndtyeSZX0SGz2DjIXv/ZbIe7/cq7z54J2kKun4Hdn9f/ChpHLoJ39lVO4YPZNERG6/PalEuv327D6LiPzlT/YqltTHI1/P7l/qMTuqqyaLF/VEUj9Uxzkybhftdtv9RWRIaUwrCJIAAAAAAHNnIe9q2GwIpAVBelNpVV0z+d4IoCZ3N9dnzF6mvjl+ZzIr2wfv7AVBf/sjkX/z7zK7ISIiv/tQ8vHXfyXy/vsi77yXXv/ttydVSHfclm7uraj1vPY32nC4SOSRB9P7FovWbFxbT+RY3+QhGY8zlnRVlvU42m533H+RRKMVHHYAAAAAwNwZaMOiQiqRzJ5HruVs69UrkTKznI2/ue8hkffeSb4eicj774r89HWRBx/OVjQpv/utvfW9917y+Y7bjQdsqQSSWOT5/y3bn+j3zGokSyVS5Fifz+OMJbuc9XbjOJrbW2RoWysIkgAAAAAAc2e4OG64PcpWDhVVGk2YDY9i+81mRVLqW30IWCxy4neSjw/e3bvv3/xVstyDD43zF0vvIVUhdMcd6fXp+2ju7n/8qcgvP9D6KI1DJNt+pSqRzMcnxn45Kq4yzEZTNpbtxuNZ95ZINFrBiEIAAAAAwNwZLCTD26wziJkf5uxi2uxkqdnKxszZxvT+QrbZyUTSFT9/8G/TM6iNJBm+9pMfZaujzG3FxrbE8Zie+w9JkKRv45EHRX7vQfd+uY6RWe0UG/snxn6Y+597e2zcPv5635Bm220hvwMAAKhgNIpldxTLKI5lNEpe5eY1H51FyTvXkQwGkQyiSBYGydcA0HWLSyI7WwWVSLZePkW9k8RYzpzxTL+7o+LnD/+dyH/483T50k9+nKzzG99Kb0d94+phpO/uO++LvPZTkV99sDfTm4jIl28T+f2vF+xXQU8k6+O0DMWz3cfJUcm0b7HgfmhMtLll69neniVOBgAA0AOjUSw7uyPZ2R21vSudE4nIwsJAhgsDAiUAnbZxVeTTXxf0RtK/N5r+ZG7Xv7D8+Su6+E6tPkp6I/3kx3tNsPXP3/hW0kz7drMXkmN9v/pA5C9/KvLL97Pr+p3bRP71gyJf/lLx/k04mndneiJpj8faEynkdu37IzeJ3HIgf39nxdZ223uQRpAEAAAQaGd3JDs7Ixl162VU5wyiSIbDJFACgC7a3hL59ZW9780gyPVnvmg5a6Bia0adV6kzXuyDd0X+/f+cLDeSvaBFD4O++Y3k53fclu2flAmPtEqpUZSER//DH2b3y9ZjyXkcbCz3N4+HM4jzuP3Eb4ssz0l+QJBUgCAJAAB02fbOSLZ3dtvejV5ZHC7I4pAwCUA3/fqKyNZm8nUmADIDH99KJDOQKdgHVyWPyN4NP/5x8mFWE/l+ngRR4wBJxj2R1HC2svuVFzxlgqGagqWVJZETv+Xe71nTtSCJHkkAAACekkokQqRQ2zu7EkVCZRKATlrcJ7K1lXwdmUmGrXdSlJ3FragnkqWlkt8saNp+fPNbyfr/6q+zAZHrs77SWHsMX3YMZTODG1uPJXO/Uo/TPE62qizb1zY5PZVWlgrui0ZRkQQAAOBhNIplc3tX4m69dOqNKIpk3+ICPZMAdM6N6yKf/HPydWhPpMly+hcePYNs97c1t7atT0TkRz9Ofv76X4dVJv3Ol0T+9deTz777NWHbL62nkb4+r0qjCj2Tjn1O5NBywc7PkK5VJBEkAQAAeNja3qWxdkXDhYEsLTJXM4BuGY1Efv1PIjvb/kPXvHoimTx6DpVZ3w9/knz7zgfpXkgSidx5WxIa3XlbTiPtafZEqmHo276hyPHPi8xTkWvXgiSGtgEAABQYjWLZHREiVbWzO2ImNwCdMxiILC0njbcVWyXS5NvYvlxc1BPJUq6T13vId33/3e8mX97xvsj/+/7eTbGIPPWHxuOwBUXabfF4eF9RTyRrs/DYOD513G7sZywiB/bNV4jURRx+AACAAruj2DlzD8LsjjiQALpn37LRvkf1BYq0HkG2DDynJ5L+od+m3xAZH0XrS+2G9oNIW2esfdjWZ+6X/lgiSe+XOPbLXJ9+f335zO1R4O3GcYuiJEhCuwiSAAAACowIP2ozorILQAftWxFZWtn7PtarY8Zfx0YlkVmdJEbRkf4h+v3j8dfx3nZisxrHsb7UIub6JJmVLdY+29Zn7pd+Yyzp/cpUCRlD/2Jjf8z1Zm6Pc24Xx+3aDw7sEzlIkNQ6hrYBAHrrwocfT74+8cUvTH3b094m2jOiHKk2ZHIAump5RWRzY/yNWXlj9EbKzNJmu1vO0LTMLG1qhrOK61MVSZN9c6xvsqwx1K1wvyL7eqwszcILbze/Nm6fpwbbXUaQBADorRfPvDb5+k//5I9a2fb9994t999791S3jeljprb6cCwBdNW+FZHhotErSV8gNnon5cxapt/ZrGRy8e2JNOllZKxvpFUixVo1j0/Pprzm3pOfuZpxmz2V1PaM9VftmbS8RDVSVxAkAQCm7o03fyEX1y97L3/f2l2dqv55481f1LpckSaDqtDnwsfjpx+pdX0AAEzDwlBk5YDI9ra4k5WCCh0tA0nPgjb+HBlBTGb1kWU9shfEmOvRl/tvbturQopF5PcfrLY+68OP9m4vU3Fk3n9S6eW6Xdufw8siTPzZDQRJAIBW6MPSity3dlft21chT5mQxicguvDhx7UEST4B2oUPPw4Og46vHp2sO+S5AABgli3vF7l+bVyVZKskirPDz8QRvOg9kSb3lXQFjhm0WNdjfuGYXS2ORH7vQZH/629FvnybyJe/VFBhZK7H7Kfk2D8x7p+qKLLdrj0w5+15649E9g0Z1tYlBEnoLHVhoy6Ojq8eFWmhD0rTzMcpxgVen7bDNrpnlh5LncyQJyRMMsOhLgxr+9nZfwgOg+6/9+65Pw+6bv3SlcnXq8eOtLovADAvhotJVdLOll9PJGUyq1tsVCLZltN490Qq6mU0/vr3v558uHYyUyHlWI8+nM32OOM4WzGUut1cr6sPkrlyx3G7aSUJk9ANPBUtefHMa6kX/VV7bBSt78KHH6d6ich46EETFxFvvPmL1IXWiS9+IWiYg/lYbOroSaJvp8yxMI9p6DoufPhx4cVfHY/TfD6a2M40nrNpbMP2e9LEdvKYz1fZvj/TeN6ruP/euyfhsEuZcMTXz87+w+TrKsO6io5f2eOrP3dFx6lOrnPC5++lz+9oEz744MLk6y996cTUt+/r7Ftvy9m3/lHW7vmKrN3zVb/7/PztSZj0nW8/3FqYpPZh/aPLsv7RlcnPVo8dke98++FW9gkAmrSyX+TGdZGtzWxFTVBPpILeQ2XX5+LbY8lV0WQu5mzuHVKJFHK7paeSxCIrS8mwNnQHQVJLHj/9SOpF9xtv/qJ0lcAbb/6iVCj1s7P/0FiQVIbvRbxoF8llLoRDttPUOnwu8vXlygZdvhfiZY+n7+Ooso3QxyElLt5DtiEVnxef9VYxjee9LkXHTg976mQGHqHD5nwrmU588Qul/6brfJ6b+9buyjwO/TzwCe7QHBUiJV//o6zeenRqoZBe1ZS57aPLxvfpZfPuq24/+9bb3sEYAPTFcFFk/8EkSMpU1Dh6IqlvXD2Riip+vHssGftaZ4+lvJ5IqcqjvEqkokolz9v1Y3rTfpElkotO4elo0X1rd6UuZl4881pw9YHtwtP3gvDChx/XPn112Ytg2+NQ+6Vf/JjLhAZwdVyoV12H67Hqj/Pi+uXMuRESWkzjePpuw3wsoWGPGdipY3V89eikkkTfD9U4OLQKLvRxSMnf2TxNnJtN/B71ma16M+Rxlx0OF7L+MtuwPQYziJuH57erVIgkIrJ2z1emWlmkVzXViaF2AGbdygGRzQ2R69ftt+dVEDkrf6KaeiwpDfRYKlqfVyVSjT2TDi2L3Lwi6BiCpBad+OIX5P57705dNKjAwFfVXh11VyWVuRC2NaR1hSbqeOnL+zyG0IqTptZhG/bnmo2qzOPU76tr4nj6Pg7Rwh29Ak88zlfb+a3fR23PfBxq/3x+H8wQqag6xzxeob+zvvtRRtPPe5/Zfn/LVGJNI0jSdaH/Eqo5+9bbk69Xjx3JVO+89OrrzvvqAdDZn78t8nP7cmtf+6oz2Fn72lflpUvubbjo61u99Yis3nrUehsAzKrBQGT/IZHNTZHRrqVSR4xZx3x7GRX0WMqsz7acpu4eS9b1WSqigiuNHMfBebuIDBdEbt4vMnD1VEJrCJJadv+9d6cusEMugIsusn3U2c+ibDWF2Z+kqPJGDdFQF955x8wV/pgBXh4zBFFOfPELwccvpHdUyON0bUNKHs+icMTWbyuP2ufvfu8Hqf0MCWyKzm91m7qPT5VNmWGh5nbqqOzT96PMeSVTet77yjYUtakQqcpMcKG/V+g+fUibjAMZk2+1UO5yX3Pf5NPHSAVDz/7ZX0x+Ru8jABBZXhE5cFDk099oFTSxZNMSrZdRXu+hVE8kR+8h6/p8eizlrK9UjyXjcaYqjfShcrbbXffX9tunZ9LNKyKH9uXsMFpDkNQB5hA33wtgM5Qo+851XcPbygRJtrDAZ19U7xHbjFSKq4+RusAuO323qr6RwCDOdqFfxKxaK2oKXNfxzHtcVSomVG8wxffc873oNwPCi+uXC3+PQrchlgC4aDt59OdMnVtlAsqmn/e+cg3/LfP3sihIKjssTWoYclcXW2huWwbFzBAppMl2nXyCqvVLV1L9klaPHQkaDkeFEoBZduCwyPa2yMZ4iFtkVMcE9x6K0usp7InkqPSRiusTx/oiY325PZHybve5f04l06FlkVv2mw8WXUGQ1AG2IW5Fw0zKhBLmNtXFQh1DWmxhi89FqXlBEnLhpV9w+2yraPiVD72KqMpFd8jj1M+N0OqXssdTPEOe0ACzbC+akCbBvsGb+fxVaURc9sLaDCpDmz67NP2816mp8MpWjVjlb0BINVLeMjZ1z+JZhfobk6dqL695kKlEsgxpU57543/jXM9Lr75eeda2vKFzLuuXrgQNh2tzRjkAaNrCgsiBQyJbWyK7O4Gzoek9kYxAJ6gnkp6+eKzHtr7UfoWuz3g8zooin9v1h2g+zvH9lhZEPrdfZHHBdrDRBQRJHREyxK2OHhpmCFPnxaN6LD7Mi6cqXI+hrgCp6jrKBiMSEPzpx73J6emVqrNAuSp5XA2jfej7lHdum+do6HN7fPVo5UoevRmyqkAps65pPO9NqGMGRRtX0/EqQ8V8qpHybrdxDb2tMjwO7SuqRGKWMwDon+UVkUOHRT75dYneQ5HRe8joDeTbY0m09WXWk9cTyaj4cfZEMtZn3bj5szK3S3q/bDd9/oDIQYa0dRpBUoeoYT96Q2JziFto35g8dVUlmVUV9997dyMXh6FOfPELlWfUqmMdUjEYkYDqqyrVHeY+uUKeaVSrVGlobA7Xcp3b+u9W1UCsbIWLPjV7ldBgGs97E6Y1RKrq8W1iSFvR7I9thUnmDJKK/kaHzzLzbP2jvSFhthDp7Fv/KGff+sepVfGs3fOV3NvXP7qSGsZWtLwN1UgA5sHBwyI7OyKfferuPZSp5LFUJE2jx5KzEslg7pdtfWV6G2VuNyuVLJVIyucOJB/oNoKkjjGHmegXwbZ+PVUuMuqqSipbDVF1aFHVipJp0ve1jv30ea5Cj6d5brnuX6Wqo87hZFWpwKmsKiGI2RepzrCgqee9aa5wQr/dl14VWUcloXmM9Abltm3ncVUh6b3b9IbxqjJ1WoHS8dWj1m3pbw64jmkX3kDoAjVLmitEUlaPHUnN6GajBzzrH11O9TGybttS6VRU/aQ32G6rjxMA9MWhwyK7u0m/pNIVPx3osZS3vpQSFUXO+3lUKh1eSaqR0H0ESR1j9kvSh7jpw2CkhneqfSs3ilTpl2Gbyn3WlblQ9zk2Fz78uNbj2cTz4RP+2WbYCxXaPyuU2Ucm5Dmtuy9SH553H64Ao6y6Zjwzz9miv3eux3Dhw4/l4vrlwiF35qyAwlC33kn6IWUDGXO42/qlK6mfFSla1qwK0gOikG2E7JOJXkkAZt3CMAmTRiORGxuW3khGkBNbApPKPZa0u5TtseRan3U/83oeFd0e0DPpwL4kRKIvUj8QJHWQ2S/JNv18Xe9QV61KqlIhVbUipMrwp2mrI8wwZ6kzj12dx7OJMKHKjFZdYvb1Ca0o0u9bx8xcXXje66hmbLM6LY9rFj29UlSxnQeuCiTJ+Tuufm5WJ11cv+wMyNR2zJ8p6v66usI2ZGVDpLczt4fMigYA6I6lfSKHbkrCpK2tvZ9H2hepSiSdPmuabaibT48l/fYaeiyZ68vMohYF3m7Z/9zbRWRlSeS3DoisLFqOGTqJIKmjbDMpKXUOhTGrkkL7o7QVDHRlOM6saOp46tVuvkFoE31zqjaT138/zOAl5GK8rv5mdan6vOshiRqaVqVnW1fdf+/dk2Nj9qxz9bnKC5B8m/eb1UkXPvxYvvu9H0yGwZmKAmv6F7XDrDzSexCV6Ufksnpr+vc3rzLIDLGoIgKAMMvLIvFNIr/5JB0mKb49kTKVSK7Z15rssWSsz6xgKnW7tr2inkr7hkmIdIDm2r1CkNRR5hA3Xd3vIuuhlWumOJs6+zWFsFW2dPki1FRHSFNn2FJnA/eiWbjqmP1uWr77vR/k3l4mRGqqL1IZdTzv+nOtKhrNCQLylAk28ppUFz1nRWzPqaviyzbJgM4WIpU5/21D3V4885ozTEK3rF+6Ii+9+vrk+2TY21cnX4cGOOuXrkz6JK3eejT3/t/59sPufbqU3ifXsgAAt5X9yefffCKyve3fe8jWjFuv8BFXoOS5vuAeS5G2niibUZm3Z1SYpW15UeS3D4ocWnbcD51FkNRhtiCpiQsHc52+1RttTDluu4hs+4K8SJerAKZ5PFXFSsg5XPZ8b/oCOzREMkOHtocU1fG8u8KcKjNA9ok+jMx27B4//cgk2KoaoJphki08t52TepilV1XlKZpNTmiq7c0MkWpZ50eXJ9VNa/eEVxKZDb9FRFZvLW76nYfm3ADmmQqTPv2NyOamX++hFJ+eSFqPIVfFUm3rs/QusvZgMiuNSvRUWlkU+S1CpN4iSOow24v5KrOr5Qltuq0P6ZAphTkvnnnNOtMRyrFdMNZxPPVzxxyeqQKVPlRT2AJW/evvfu8H3lU8Zl+kNtX1vLtCCd+KO3O4bp/kDWnTqeNax+NTQdDF9cvO7ZnbMXsm9e0495lviFSlT9L6R1dS9y8KlWwhkng08S5CkARg3q3sF4kG4zDphqOXkfZNcE+kyLGc2dy7zPp8Zl+L0/dJ9Tgq2TPpwD6Gs/UdQVJH5b0r3MQ7/lWabjd9YWzrNRJaEdKmJi7eqgyPcx3POoacuYYBmefzi2de8wph2qzmsp1feuNjMSpEXLrSF6nu593sr6aUeXxFQyJFm9XNPIb6cLY//ZM/cq63zvDStzdcE4F/U39Pitbb5+Bv2kIqkapULJlD1PJmTHOFSACAeiwviwzGYdK1a+OAx7ZgUU8kSwXRpJeRbXU19FiqpSdSQM+kw8sinz9IY+2+I0jqKNuwE73hakgvIx/mRWFRWFU09KEutkCtTyFS17R1PNXFv15V5jqH6+gh1VQApe+vT5ikH+82Q6SmnvfHTz8yWbfv0CnF7PPVxHOm/w2rK4APrS678OHHtfY0a+Ic8gmo9N/dvvQ564q1e77SaojjCpGq9EZ69s/+ooY9A4DZsrQkcsstIgtDkc8+dfQosvREyixnVg5F2eUmfNYn9vVNeiIZQ9FCeyaF3P65AyKfPyCyuOB5UNFZBEkdZAuR7r/3brm4fjl1ER7ab6aIb1XStHrq2IaydWGmqzKqzIynVL3Q7sLxNGcjVE2Dm1b3Ra/t99E8jrZm1m1o+nnv+u+k+t2rY1hw0SxtovUlUtVRrpnbyiC86QdVFaSCmmT4mT1ICp21TR/OtnrsiKzeuleBZFYjrV+6Imd//nbu8LkqQ+sAAFkLwyRMGi6IfPqZyM5O8vNUfyCxVBDZehkZd7Fy9ETyXp9ldreQnkmFt4+rppaGIreMQyTMBoKkjsmbSUlv3ioNzNzjW5XU9MWxbZhLn2b76pomh7KFMs8xnwvsMhf/dVaAuJihmLmfbYdIXXrebXwDqKozsenPU5WqJNuse+oYS8eb6mP61u75ilfvIH0ZNSNb3v3OvrUXDK3eesS5rLWp9rEjsva1r06G05lD4wAA9Tl0WGS4KHL1qsj16/ahaYW9jIzb1TdleyK5V2r8PKBnks/th5aTEOkg/ZBmCkFSxxRV+zx++pFUyFJ3vySzKil0/6pyzSbV5YqHUGVCDvO58B1CVPfxtE1nHsoMYExN9JWxqdrzxbyPXmlmW7fvcFDz/LDdr+j5m5XfozrCGT28LFuVZB5P1Ww9b5vK8dWjub+vemWbmtnQpY5hn5iO0AbUevCzeuvR4NnYTKu3Hk1VQalgiwokAJielRWRxcXk4+pVkd3d5Od5FUZxQU+kwh5LxmK24Em/v+jLWdZfeLsxC5zeM2m4IHLLfpGb9zOUbRYRJHWIT0ij3glvql+SbaaqaVVZuGaT6kL1RFVFAV0RM1zwOSZNHE+9wqWpxr9iDAUsE5bqx8t28W1WvTV5nqnwoqzQIGmWf4/KqlKVpP7GFnFVe/mEfmrfVEPxaQs9P33D8Hk+50Ktf7QX8Lz06uu5jbN9rB47IqvHjsj6pSvOddEjCQCaNxyK3HyzyL594+qkjXRPIlsQZOuJZO2xZM6WVrC+zNA3mzK3G19HscihlSRAogppdhEkdUTekDZT0/2SXBfxTVYjmY+/S0NwmlClV4vPcW8qTKgaiInnRejx1aOVwpei++ZVE/UZIZJdlaok1+x0qnqo7l51TVPNvy+uX5bHTz/iNWOeyTdY69Nxadt3vv2wvPTq65OKoTrCJNWfKW8dZ996u/T6AQD+VlaSMGn5msjVayKbm8nPfXsiOXssGZVD3j2R9FnWytwuRiWSepyLIofHIdLAFUZhJhAkdYDtHe+isMAcHlTnEDefpttNh0izNitb6Kx4ptBZ8qYVJlRtXuy6r15FFHrh7/u7ZDZAD5U33LDKOXxx/XLqMYSshxDJrUpVkgqM1HPcx2N6cf2ytfE6usMMk87+/G35zrFyFUNKXoi0fukKQ90AYIoGA5FDh5JQ6do1kWvXRba3/XoiRT69kcxZ3/TbtftnZlmTdCDkfbtWObU0DpAOr4gsMYxtLhAkdYBq1qr4hDRNDnFzhR6hYYYv8yJ+1kIkxXdWPFNoyNhkmFA1EDNDU1fPlyrb8R1+Wfb5UIqGG9Z5zH0QIuUzq5JC/l72rbeUWILOvADJ5/GF9HIS+jmVtva1r9IAGwBm3HAoctNNIvv3J2HS9esiW9uOoWnjb2JX7yKDs8dSSKVRwO3Li0kz7UMrIvtIFuYKT3fL9P4YEtgQt8khbuZFtj70oc6mvbbHP6vM58UnHDGDl9Amy/ffe3ftYYI+7Cz0gjwkNDXPQZ/tVBl++eKZ1yZTthexHec2TeN5b1sdwYR+TtU9JFi0mfKkhUBcD10lJzgyhw37DkHT/w+Y5WHHbVs9dkTW7vmKSImG3WW2RY8kAGjP4qLIzTeJHDwosrGR9E/a2Ehus/VEEqOiSPHpseSsRCq63VHJdGA56X90aDlpqo35Q5DUItuQrtALUnOI24tnXqulEqHMNO1lND0LXNfos+6pgM51wWkGeD7nxzSOpy3ALNqWbSr6on0zz8Gi7YSGO2r4mX6Mv/u9H+QGpa7H0fZ5O6u/R2WGHOapWlHnYp4XbYQseX2O+trPaV7lBUh6U+46MLQNANo3XBA5dDD52LiRhEkbmyJbW8U9kWzNr12VTZNgSltu8rVHpdLyUGT/ssj+fTTRBkFSq8yLv/vW7gpehznETWq8OHJN097kRWrelNpFunBBX8Q2JFGFFzKuulCNcM1jX+b8aOp4qgBGD3neePMXmSEvKggwH4vvc/X46UdSj0FtR7+v7Vj5rt/2+/PGm7+Qi+uXJ4/j+OrR3CqPLp5zs/57FEKFPKqKRj93i8LcovWKMZOh0sawLrMhuKo8kp72dJp365euyEuvvp7qcVR36LN+6QrD6ACgY1aWk4/RSOTG5t7H5lZgTyTrN8bPtQAqcvREWlkUWV5KwqOVJZGFQY0PFr1GkNQSWwVBlVm89Ivpuvol2fan7ibb80gdQzMD5NsnAAAgAElEQVS8yONTZTbtJrr3rd0lx1ePpvbdZ6r70KDi8dOPZC7W845X6Pptz4fP49Av1NtE82Q7s0pIf67KDJsUY+ia7bi3OdukCq8YdjYbVICUFx41PfQNANCewUBk/0ryIZIESZtbSZXS5va4SffI6IkUW4IjV+8jS8+kQZQ0zd43/lgeh0iADUFSC+oY0mYyq4fq6v9hVmvMUqVCm9RxtFXT6EJm/6p7GFARvbeK73TgZSo/1HZsU9uby5W9iFbhU9E2qm6nCdN+3qfFtzG77X62KqGL65dTfYH0v215wyZd69PZzokyAV/R3wNzmzr+Ns+e1WNHrEHS6rEjsva16iFSlfW89CqVTAAwTfuWkg9lZ1dkZ0dkeyf5vLObfIxGIjujJFQajbScKEo+BoOkqmgwSIbUDReS5t9LCyKLQ/odwV+0uRWb/blatbTY9h4A03Xhw48zYUBfe5mYj6WJ6dJnZRuwU0GK2fPH1QhdH8ZnDu+SguDP1lfLDGT0IZy+6827Xx3KhrKmKkMgfc3S7IHXb2yXvq8eCOnD1aZt/dIVWf8o+du2euvR0vty9q23J1+XrYzav8wLPgAAfG2VfxnSCCqSgJb5zprUB9N4LLOyDWQbyru4qm3MIMTWIyjveTSHNRY1dKfvEMpqMzzSrR47Usu+MKwOAID5RpAEAGiFTxiT1/MqtALJtX4Zh0i2bd23dlepoYxNNtxuo5k3AAAAoDC0DQDQGjVLnowrilRg41P5oyqa6uhbpW8bsKkytA1ZDG0DAMBf14a2ESQBAAAU2NjckbhbL5l6K4oiWdlHUTwAAL66FiQN2t4BAACArhtE5pzKKGvAoQQAoNcIkgAAAAoMSD9qMxjw8hMAgD7jf3IAAIACC4NIiJKqi8bHEgAA9BdBEgAAQIHBIJKFBV42VbWwMKC6CwCAnuMVEQAAgIfhwkAieiWVFkWRDAnjAADoPf43BwAA8DAYRLI4HDDEraTFIdVIAADMAoIkAAAAT8OFgQyHC23vRu8sDheoRgIAYEYM294BAACAPlkcDiSKRHZ2RjKK47Z3p9MGUSTD4YAQCQCAGUKQBAAAEGi4MJBBFMnO7kh2d0dCnJQ1XEgCJIazAQAwWwiSAAAAShgMIlkaLMhoYSC7o1hGcSyjUSwSx3MXLEUiIlEkg0EkgyiShUFEgAQAwIwiSAIAAKhgQGgCAADmCAPWAQAAAAAA4IUgCQAAAAAAAF4IkgAAAAAAAOCFIAkAAAAAAABeCJIAAAAAAADghSAJAAAAAAAAXgiSAAAAAAAA4IUgCQAAAAAAAF4IkgAAAAAAAOCFIAkAAAAAAABeCJIAAAAAAADghSAJAAAAAAAAXgiSAAAAAAAA4IUgCQAAAAAAAF4IkgAAAAAAAOCFIAkAAAAAAABeCJIAAAAAAADghSAJAAAAAAAAXgiSAAAAAAAA4IUgCQAAAAAAAF4IkgAAAAAAAOCFIAkAAAAAAABeCJIAAAAAAADghSAJAAAAAAAAXgiSAAAAAAAA4IUgCQAAAAAAAF4IkgAAAAAAAOCFIAkAAAAAAABeCJIAAAAAAADghSAJAAAAAAAAXgiSAAAAAAAA4IUgCQAAAAAAAF4IkgAAAAAAAOCFIAkAAAAAAABeCJIAAAAAAADghSAJAAAAAAAAXgiSAAAAAAAA4IUgCQAAAAAAAF4IkgAAAAAAAOCFIAkAAAAAAABeCJIAAAAAAADghSAJAAAAAAAAXgiSAAAAAAAA4IUgCQAAAAAAAF4IkgAAAAAAAOCFIAkAAAAAAABeCJIAAAAAAADghSAJAAAAAAAAXgiSAAAAAAAA4IUgCQAAAAAAAF4IkgAAAAAAAOCFIAkAAAAAAABeCJIAAAAAAADghSAJAAAAAAAAXgiSAAAAAAAA4IUgCQAAAAAAAF4IkgAAAAAAAOCFIAkAAAAAAABeCJIAAAAAAADghSAJAAAAAAAAXgiSAAAAAAAA4IUgCQAAAAAAAF4IkgAAAAAAAOCFIAkAAAAAAABeCJIAAAAAAADghSAJAAAAAAAAXgiSAAAAAAAA4IUgCQAAAAAAAF4IkgAAAAAAAOCFIAkAAAAAAABeCJIAAAAAAP9/e3cbY+lZ33f8d505M7Oz2MYYcAGXEkIx6oPqJmlJS1VQgqsNLjaqQqW0aqQGJGIiIVpeoKI0oNJWIEUCR0RxSVtTlcghLaHCpWCnIBdHuBE0EKMWQqhDsDEJYPyAnd2dmXPuqy9m113W693/ztN9ZvfzeeEXs3PO+cmLNOLr67oHoERIAgAAAKBESAIAAACgREgCAAAAoERIAgAAAKBESAIAAACgREgCAAAAoERIAgAAAKBESAIAAACgREgCAAAAoERIAgAAAKBESAIAAACgREgCAAAAoERIAgAAAKBESAIAAACgREgCAAAAoERIAgAAAKBESAIAAACgREgCAAAAoERIAgAAAKBESAIAAACgREgCAAAAoERIAgAAAKBESAIAAACgREgCAAAAoERIAgAAAKBESAIAAACgREgCAAAAoERIAgAAAKBESAIAAACgREgCAAAAoERIAgAAAKBESAIAAACgREgCAAAAoERIAgAAAKBESAIAAACgREgCAAAAoERIAgAAAKBESAIAAACgREgCAAAAoERIAgAAAKBESAIAAACgREgCAAAAoERIAgAAAKBESAIAAACgREgCAAAAoERIAgAAAKBESAIAAACgREgCAAAAoERIAgAAAKBESAIAAACgREgCAAAAoERIAgAAAKBESAIAAACgREgCAAAAoERIAgAAAKBESAIAAACgREgCAAAAoERIAgAAAKBESAIAAACgREgCAAAAoERIAgAAAKBESAIAAACgREgCAAAAoERIAgAAAKBESAIAAACgREgCAAAAoERIAgAAAKBESAIAAACgREgCAAAAoERIAgAAAKBESAIAAACgREgCAAAAoERIAgAAAKBESAIAAACgREgCAAAAoERIAgAAAKBESAIAAACgREgCAAAAoERIAgAAAKBESAIAAACgREgCAAAAoERIAgAAAKBESAIAAACgREgCAAAAoERIAgAAAKBESAIAAACgREgCAAAAoERIAgAAAKBESAIAAACgREgCAAAAoERIAgAAAKBESAIAAACgREgCAAAAoERIAgAAAKBESAIAAACgREgCAAAAoERIAgAAAKBESAIAAACgREgCAAAAoERIAgAAAKBESAIAAACgREgCAAAAoERIAgAAAKBESAIAAACgREgCAAAAoERIAgAAAKBESAIAAACgREgCAAAAoERIAgAAAKBESAIAAACgREgCAAAAoERIAgAAAKBESAIAAACgREgCAAAAoERIAgAAAKBESAIAAACgREgCAAAAoERIAgAAAKBESAIAAACgREgCAAAAoERIAgAAAKBESAIAAACgREgCAAAAoERIAgAAAKBESAIAAACgREgCAAAAoERIAgAAAKBESAIAAACgREgCAAAAoERIAgAAAKBESAIAAACgREgCAAAAoERIAgAAAKBESAIAAACgREgCAAAAoERIAgAAAKBESAIAAACgREgCAAAAoERIAgAAAKBESAIAAACgREgCAAAAoERIAgAAAKBESAIAAACgREgCAAAAoERIAgAAAKBESAIAAACgREgCAAAAoERIAgAAAKBESAIAAACgREgCAAAAoERIAgAAAKBESAIAAACgREgCAAAAoERIAgAAAKBESAIAAACgREgCAAAAoERIAgAAAKBESAIAAACgREgCAAAAoERIAgAAAKBESAIAAACgREgCAAAAoERIAgAAAKBESAIAAACgREgCAAAAoERIAgAAAKBESAIAAACgREgCAAAAoERIAgAAAKBESAIAAACgREgCAAAAoERIAgAAAKBESAIAAACgREgCAAAAoERIAgAAAKBESAIAAACgREgCAAAAoERIAgAAAKBESAIAAACgREgCAAAAoERIAgAAAKBESAIAAACgREgCAAAAoERIAgAAAKBESAIAAACgREgCAAAAoERIAgAAAKBESAIAAACgREgCAAAAoERIAgAAAKBESAIAAACgREgCAAAAoERIAgAAAKBESAIAAACgREgCAAAAoERIAgAAAKBESAIAAACgREgCAAAAoERIAgAAAKBESAIAAACgREgCAAAAoERIAgAAAKBESAIAAACgREgCAAAAoERIAgAAAKBESAIAAACgREgCAAAAoERIAgAAAKBESAIAAACgREgCAAAAoERIAgAAAKBESAIAAACgREgCAAAAoERIAgAAAKBESAIAAACgREgCAAAAoERIAgAAAKBESAIAAACgREgCAAAAoERIAgAAAKBESAIAAACgREgCAAAAoERIAgAAAKBESAIAAACgREgCAAAAoERIAgAAAKBESAIAAACgREgCAAAAoERIAgAAAKBESAIAAACgREgCAAAAoERIAgAAAKBESAIAAACgREgCAAAAoERIAgAAAKBESAIAAACgREgCAAAAoERIAgAAAKBESAIAAACgREgCAAAAoERIAgAAAKBESAIAAACgREgCAAAAoERIAgAAAKBESAIAAACgREgCAAAAoERIAgAAAKBESAIAAACgREgCAAAAoERIAgAAAKBESAIAAACgREgCAAAAoERIAgAAAKBESAIAAACgREgCAAAAoERIAgAAAKBESAIAAACgREgCAAAAoERIAgAAAKBESAIAAACgREgCAAAAoERIAgAAAKBESAIAAACgREgCAAAAoERIAgAAAKBESAIAAACgREgCAAAAoERIAgAAAKBESAIAAACgREgCAAAAoERIAgAAAKBESAIAAACgREgCAAAAoERIAgAAAKBESAIAAACgREgCAAAAoERIAgAAAKBESAIAAACgREgCAAAAoERIAgAAAKBESAIAAACgREgCAAAAoERIAgAAAKBESAIAAACgREgCAAAAoERIAgAAAKBESAIAAACgREgCAAAAoERIAgAAAKBESAIAAACgREgCAAAAoERIAgAAAKBESAIAAACgREgCAAAAoERIAgAAAKBESAIAAACgREgCAAAAoERIAgAAAKBESAIAAACgREgCAAAAoERIAgAAAKBESAIAAACgREgCAAAAoERIAgAAAKBESAIAAACgREgCAAAAoERIAgAAAKBESAIAAACgREgCAAAAoERIAgAAAKBESAIAAACgREgCAAAAoERIAgAAAKBESAIAAACgREgCAAAAoERIAgAAAKBESAIAAACgREgCAAAAoERIAgAAAKBESAIAAACgREgCAAAAoERIAgAAAKBESAIAAACgREgCAAAAoERIAgAAAKBESAIAAACgREgCAAAAoERIAgAAAKBESAIAAACgREgCAAAAoERIAgAAAKBESAIAAACgREgCAAAAoERIAgAAAKBESAIAAACgREgCAAAAoERIAgAAAKBESAIAAACgREgCAAAAoERIAgAAAKBESAIAAACgREgCAAAAoERIAgAAAKBESAIAAACgREgCAAAAoERIAgAAAKBESAIAAACgREgCAAAAoERIAgAAAKBESAIAAACgREgCAAAAoERIAgAAAKBESAIAAACgREgCAAAAoERIAgAAAKBESAIAAACgREgCAAAAoERIAgAAAKBESAIAAACgREgCAAAAoERIAgAAAKBESAIAAACgREgCAAAAoERIAgAAAKBESAIAAACgREgCAAAAoERIAgAAAKBESAIAAACgREgCAAAAoERIAgAAAKBESAIAAACgREgCAAAAoERIAgAAAKBESAIAAACgREgCAAAAoERIAgAAAKBESAIAAACgREgCAAAAoERIAgAAAKBESAIAAACgREgCAAAAoERIAgAAAKBESAIAAACgREgCAAAAoERIAgAAAKBESAIAAACgREgCAAAAoERIAgAAAKBESAIAAACgREgCAAAAoERIAgAAAKBESAIAAACgREgCAAAAoERIAgAAAKBESAIAAACgREgCAAAAoERIAgAAAKBESAIAAACgREgCAAAAoERIAgAAAKBESAIAAACgREgCAAAAoERIAgAAAKBESAIAAACgREgCAAAAoERIAgAAAKBESAIAAACgREgCAAAAoERIAgAAAKBESAIAAACgREgCAAAAoERIAgAAAKBESAIAAACgREgCAAAAoERIAgAAAKBESAIAAACgREgCAAAAoERIAgAAAKBESAIAAACgREgCAAAAoERIAgAAAKBESAIAAACgREgCAAAAoERIAgAAAKBESAIAAACgREgCAAAAoERIAgAAAKBESAIAAACgREgCAAAAoERIAgAAAKBESAIAAACgREgCAAAAoERIAgAAAKBESAIAAACgREgCAAAAoERIAgAAAKBESAIAAACgREgCAAAAoERIAgAAAKBESAIAAACgREgCAAAAoERIAgAAAKBESAIAAACgREgCAAAAoERIAgAAAKBESAIAAACgREgCAAAAoERIAgAAAKBESAIAAACgREgCAAAAoERIAgAAAKBESAIAAACgREgCAAAAoERIAgAAAKBESAIAAACgREgCAAAAoERIAgAAAKBESAIAAACgREgCAAAAoERIAgAAAKBESAIAAACgREgCAAAAoERIAgAAAKBESAIAAACgREgCAAAAoERIAgAAAKBESAIAAACgREgCAAAAoERIAgAAAKBESAIAAACgREgCAAAAoERIAgAAAKBESAIAAACgREgCAAAAoERIAgAAAKBESAIAAACgREgCAAAAoERIAgAAAKBESAIAAACgREgCAAAAoERIAgAAAKBESAIAAACgREgCAAAAoERIAgAAAKBESAIAAACgREgCAAAAoERIAgAAAKBESAIAAACgREgCAAAAoERIAgAAAKBESAIAAACgREgCAAAAoERIAgAAAKBESAIAAACgREgCAAAAoERIAgAAAKBESAIAAACgREgCAAAAoERIAgAAAKBESAIAAACgREgCAAAAoERIAgAAAKBESAIAAACgREgCAAAAoERIAgAAAKBESAIAAACgREgCAAAAoERIAgAAAKBESAIAAACgREgCAAAAoERIAgAAAKBESAIAAACgREgCAAAAoERIAgAAAKBESAIAAACgREgCAAAAoERIAgAAAKBESAIAAACgREgCAAAAoERIAgAAAKBESAIAAACgREgCAAAAoERIAgAAAKBESAIAAACgREgCAAAAoERIAgAAAKBESAIAAACgREgCAAAAoERIAgAAAKBESAIAAACgREgCAAAAoERIAgAAAKBESAIAAACgREgCAAAAoGSSlj72CAAAAAAWXEufdBkJAAAAgHPoPZm0ZBh7CAAAAACLrSXDJMl87CEAAAAALLz5JMls7BUAAAAALLzZJMn62CsAAAAAWHjrk7QcG3sFAAAAAAuu5dgkQx4fewcAAAAAC27I45O0PDL2DgAAAAAWXMsjk7R8Z+wdAAAAACy4lu9MWs83x94BAAAAwGJrPd+c9J6vjz0EAAAAgMXWe74+mSdfGXsIAAAAAIttnnxlMun54thDAAAAAFhsk54vtiRZ3+jzJJOxByXJyvLYCwAAAAAWw8bm2AueMKyutKVJkrSWo2OvAQAAAGAxnWxHkyQZhjw89iAAAAAAFtPJdnTyRNIDYw8CAAAAYDGdbEdbISn5g7EHAQAAALCYTrajk1fbfm/sQQAAAAAsppPtaJIkk0k+PfYgAAAAABbTyXbUTn5hfaNvJpmOuirJyvLYCwAAAAAWw8bm2AuSJLPVlbackyeSslWUHhp1EgAAAAAL59RmNDnl618bZw4AAAAAC+yJZnRqSPrCOFsAAAAAWGBPNKMnQtKs587R5gAAAACwkE5tRk88bLv3fnhjM4+ddkpp33nYNgAAAMCWBXjY9rCynEtba0fzfQ/bbu1oa3lw1GkAAAAALIzW8uDJiJQnnT7q+coYowAAAABYQKe1ou8LSb3lt/d9EAAAAAAL6fRW9H0habaRD+/7IgAAAAAW0umtqJ3+Desb/XtJLt3XVafwsG0AAACALSM/bPux1ZV22alfeNJvaGvxnCQAAACAi92ZGtGTQlLvuXPfFgEAAACwkM7UiJ4UkjY28h/3bREAAAAAC+lMjehJz0jK1nOSHkzyzH1ZdRrPSAIAAADYMuIzkr67utKedfoXn3QiKVt16fP7MgkAAACAhfNUbeiMISnJR/Z2DgAAAAAL7Ixt6IxX23rvhzY282iSlT2fdRpX2wAAAAC2jHS1bWNlOU9vrR0//Q/OfLWttePp+f19mQYAAADA4uj5/TNFpJzlalsyyX/dy00AAAAALKCzNKEzXm3L1vW2Kzc2880kS3s27AxcbQMAAADYMsLVtvnKcp7XWvv2mf7wKU8knXjBV/d0GgAAAACL5KtPFZFy1qttSdJz214sAgAAAGABnaMFPeXVtiR57LF+5cpqHkgy3fVhT8HVNgAAAIAt+3y1bbaxnqsuvXSbJ5IuvbR9u/d8aU+mAQAAALAwes+XzhaRcs6rbVtHlm7d1VUAAAAALJxKAzrr1bZs/fa2Qxub+W6Sw7u27CxcbQMAAADYso9X246uLOeZrbXjZ/umc59Iau14a/nMrk4DAAAAYGG0ls+cKyKlEpKSZHOe9+3KKgAAAAAWTrX9nPNq20nrG/3rSf7cjlYVuNoGAAAAsGWfrrbdt7rSXlD5xtKJpCRJy3/aySIAAAAAFtB5NJ/yiaSHHupPf9ol+eMka9seVuBEEgAAAMCWfTiRdOxPH89zr7iiPVr55vKJpCuuaI+m5c4dTQMAAABgcbTcWY1IOa+rbUlaz79M0rc1DAAAAIBF0k+0nrLzCkkrK+13ktxz3rMAAAAAWDT3nGg9ZecVkpJkSG4639cAAAAAsFi203jKD9s+1fpG/8MkL9zOa8/Fw7YBAAAAtuzhw7a/trrSfvB8X3TeJ5KSJD3v39brAAAAABjfNtvOtk4kJcn6Zn8gPc/b7uufihNJAAAAAFv25ERSyzdXl9tV23np9k4kbfl3O3gtAAAAAOPYdtPZ9omkJFlf73+clufs5D1O50QSAAAAwJZdP5HU8yerq+252335Tk4kJcm/3eHrAQAAANg/O2o5OzqRlK1nJX0jPdu6V3cmTiQBAAAAbNnVE0ktD6wutz+7k7fY6YmkTJL37fQ9AAAAANhbu9FwdnwiKUnWN/pXk/z53XgvJ5IAAAAAtuziiaT/u7rSXrzTN9nxiaQkaZP86914HwAAAAB23261m105kZStU0mfS/LXdvo+TiQBAAAAbNmlE0n/a3Wl/fXdeKNdOZGUJJOWNyeZ79b7AQAAALBj8xPNZlfsWkhaXm53T1pu2633AwAAAGBnJi23LS+3u3fr/XbtaluS9N6ftbGZrya5fLvv4WobAAAAwJYdXm17ZGU5L26tPbhbe3btRFKStNYeTM8v7+Z7AgAAALANPb+8mxEpu30i6aT1jf6/k/yl7bzWiSQAAACALTs4kfR/VlfaX97VMbt9IumkoeVNSWZ78d4AAAAAnNXsRJvZdXsSktaW251JfmMv3hsAAACAs/qNE21m1+3J1bYk+drX+qHnPi9/0Fqefz6vc7UNAAAAYMv5Xm3rPfevruTFrbX1vdizJyeSkuSFL2zHW/LWJH2vPgMAAACAJ/SWvHWvIlL2MiQlyepq+1BafnMvPwMAAACAJC2/ubraPrS3H7HHeu9rG5v5cpIXVL7f1TYAAACALedxte3rK8v5C621Y3u5Z09PJCVJa+3YrOfNSeZ7/VkAAAAAF6H5rOfNex2Rsh8hKUmetto+2pMP7MdnAQAAAFxMevKBp622j+7HZ+351bZTrW/030tyzdm+x9U2AAAAgC2Fq233rK60v7ovY/brRNJJfTk/2Voe3c/PBAAAALgQtZZH+3J+cj8/c19D0qHW7s0kv7CfnwkAAABwQZrkFw61du9+fuS+Xm07aX2j35rkH5zpz1xtAwAAANhylqttv7660v7hvo4ZKyQlycZG/3xPfuj0rwtJAAAAAFvOFJJa8oWVlfbDY+zZ16ttp5rN8prW8u2xPh8AAADgoGkt357N8pqxPn+0kHT4cLt/NuSNSTbG2gAAAABwgGzMhrzx8OF2/1gDRgtJSXJ4tX0kLe8ecwMAAADAgdDy7sOr7SPjTlgAx9b7r09afiqekQQAAADwhJPPSBp6PrS22s74i8v200KEpGw9fPuunvxtIQkAAABgy8Zm0pLfXllpLx97S8a+2naq5eVcl+TLY+8AAAAAWCBfPtFMFsLChKTW2uPDPD/Re46PvQUAAABgbL3n+DDPT7TWHh97y0kLE5KSZG2t3be+niPDkPnYWwAAAADGMgyZr6/nyNpau2/sLadaqJCUrZh0V+95Q5Jh7C0AAAAAIxh6zxvW1tpdYw853cKFpCSZTtsts1nekaSPvQUAAABgH/XZLO+YTtstYw85k4X5rW1nsrHZ3zNdyj9tC70SAAAAYOd6T2bzvHdlub1l7C1PZeETzWzW/83SUn527B0AAAAAe2k+z/un03bj2DvOZuFDUpLM5v3fL03yurF3AAAAAOyF+ZBbpkvt9WPvOJcDEZIiJgEAAAAXqIMSkbKoD9s+k+lSe/18nvd3j98GAAAALgC9n7jOdkAiUg5SSMrWb3O7cTbPe/02NwAAAOCA67N53rvoz0Q63YG52naqzc3+z6fT/IuDFsIAFtW9996bO+64I5/+9Kdz99135xvf+MbYkwAY2SWXXJLLL788L3vZy/KKV7wiR44cyYte9KKxZwFcKIbZLO9YXm7/auwh5+tAhqRs/Ta317WWX51MsjT2FoCD7JOf/GTe85735BOf+MTYUwBYYK961avylre8Jddee+3YUwAOtGHIvPe8YTptt4y9ZTsObEhKkmPH+stXV3NHazk09haAg+i2227L29/+9txzzz1jTwHgALjmmmvyzne+MzfccMPYUwAOpN5zfIGC6GUAAAbfSURBVH09R9bW2l1jb9muA301bG2t3bW+npcMPY+MvQXgoHn44Ydz8803i0gAlN1zzz25+eab8/DDD489BeDAGXoeWV/PSw5yRMpBD0nZikn3TVqePwy5b+wtAAfJrbfemttvv33sGQAcMLfffntuvfXWsWcAHCjDkPsmLc9fW2sHvl0c+JCUJK21x5eW2gtms3xu7C0AB8XHP/7xsScAcED5GQJQN5vlc0tL7QWttcfH3rIbLoiQdNLycnvpfMgHk/SxtwAsskceecSVNgC2zc8QgJI+H/LB5eX20rGH7KYD/bDtp7Kx0d8wneZ9rWVl7C0Ai6q1C/JHAAD7pHf/7RbgqfSejdksb1pZab869pbddsH+v4ijR/vzV1fzu5NJnj32FoBFM5vN8oxnPCOPP35BnK4FYJ9dcskleeyxx8aeAbCQhiHfWV/Pjxw+3O4fe8teuKCutp3q8OF2/9JSu3I+z2fH3gKwaKbTaa699tqxZwBwQPkZAnBm83k+u7TUrrxQI1Iu5JB00nTafnQY8ou9Zz72FoBFcuTIkbEnAHBA+RkC8P16z3wY8ovTafvRsbfstQs+JCXJ0lJ760bLS4aeB8feArAorr/++lx//fVjzwDggPHzA+D7DT0PbrS8ZGmpvXXsLfvhoghJSXKotXuXJu3Z83nu9FxAgOSqq67KjTfemKuvvnrsKQAcEFdffXVuvPHGXHXVVWNPARhd78l8njuXJu3Zh1q7d+w9++WiCUknTaftx2dDXj/0HB17C8DYrrvuutx000254YYbxp4CwIK74YYbctNNN+W6664bewrA6Iaeo7Mhr59O24+PvWW/XbC/te1ceu9rsyGfmU7yQ2NvARjbAw88kI997GO544478qlPfSrf+973xp4EwAK47LLL8spXvjJHjhzJq1/9aieRAJLMhnxhOsnfaq0dG3vLGC7akHTSxkZ/89JS3jWZZG3sLQCLYDabZTqdjj0DgJE99NBDueyyy/xMADhhGHJsPs/bVlbaL429ZUwXfUjK1umk1fk8/2Myyd9o/o0AAAAAJ/SeDEN+5/7782MvfGE7Pvaesckmp1if9ddMWz4wmeQZY28BAAAAxjUMeXjW8zOr0/bRsbcsCiHpDGaz/mut5acmkyyNvQUAAADYX8OQee/50HTa/tHYWxaNkPQUeu/PGoZ8qrX8FdfdAAAA4MLXe9J7vjiZ5JWttQfH3rOIJmMPWFSttQeXlto183mODEO+NfYeAAAAYO8MQ741n+fI0lK7RkR6akLSOSwvt99aWmrPGYb8/NDz2Nh7AAAAgN0z9Dw2DPn5paX2nOXl9ltj71l0Lm2dp9ms39wm+ceTlkNjbwEAAAC2Z+g53of8h+m0vXHsLQeJkLRNGxv916bTvLa1rI69BQAAAKjpPeuzWT68suJB2tshJO3QbNY/OJnktc0JJQAAAFhYvef4MOTD02n76bG3HGRC0i6ZzfrNreWnJ5M8bewtAAAAwJZhyJ/2ng+6wrY7hKRdtjnvb2vJW5YmedbYWwAAAOBiNR/yYE/es7zU3jX2lguJkLRHNjf7tZNJ3tdaXtKaf88AAACw13pP7z1fGYa8aXm5fXLsPRcigWOPPfRQf/pll+cDk+RIazk89h4AAAC40PSeo0Nyx/ceyc9ccUV7dOw9FzIhaR8d2+ivW1nK21rLD7aWydh7AAAA4KDqPUPv+cONed61ttJuGXvPxUJIGkHv/dB8npvS8tpJyzObvwUAAAA4p96Toee76fnw0lL+SWvt+NibLjYSxsgee6xfubaWX2kt17aWp4tKAAAA8P/1nvSeR3vPJ48dy89demn79tibLmayxQLpvV85n+eXWsvfaZNc0fz9AAAAcBHqSe9DHuo9/31pKW9uTTxaFELFguq9HxqGvD3J328tL2gty2NvAgAAgL3SezZ7z9eT/OfJJO90bW0xCUkHxNGj/aXLy/lnk0le1lqe1VqWxt4EAAAA29V75r3nwWHI3Zubeffhw+2zY2/i3ISkA+rYsf7y5ZX8XEv+Zmt5TlpW/GUCAACwiPrWPzZ6z5/05H9ubuRX1tbaXWPv4vxpDxeI3vvh9c387HSSv9ta/mKSZ7aWFQ/vBgAAYD+deDj2RpLv9p4vzYb8t9XlvL+1dnTsbeyczHCB29zsP9Za/t5kkh8Zen5g0nJ5kkNpmfjLBwAAYDtOnDAakhwfeh6ZtPzRMOR3e89/WV5ud469j72jJVzENjb6D2cpL88810wm+YE2yZ9Jz+VJDqdlNT3T1jI58b+TFr9GDgAA4ILTn/hH+taFlwxpmaVnPcnRtDzSh3xrGPJHWco9meeulZX2+bF3M47/Byx/kKUyz6EnAAAAAElFTkSuQmCC\"}","followupAt":"2026-04-30T00:00:00","deleted":false,"createdAt":"2026-04-30T17:37:29","updatedAt":"2026-05-12T18:02:33","deletedAt":null}]}